[0.008s][info][gc,init] CardTable entry size: 512
[0.008s][debug][gc,heap] Minimum heap 8388608  Initial heap 33554432  Maximum heap 536870912
[0.008s][info ][gc     ] Using Serial
[0.008s][debug][gc,heap,coops] Protected page at the reserved heap base: 0x0000120000000000 / 2097152 bytes
[0.008s][debug][gc,heap,coops] Heap address: 0x0000120000200000, size: 512 MB, Compressed Oops mode: Non-zero disjoint base: 0x0000120000000000, Oop shift amount: 3
[0.008s][info ][gc,init      ] Version: 21.0.5+11-LTS (release)
[0.008s][info ][gc,init      ] CPUs: 20 total, 2 available
[0.008s][info ][gc,init      ] Memory: 2048M
[0.008s][info ][gc,init      ] Large Page Support: Disabled
[0.008s][info ][gc,init      ] NUMA Support: Disabled
[0.008s][info ][gc,init      ] Compressed Oops: Enabled (Non-zero disjoint base)
[0.008s][info ][gc,init      ] Heap Min Capacity: 8M
[0.008s][info ][gc,init      ] Heap Initial Capacity: 32M
[0.008s][info ][gc,init      ] Heap Max Capacity: 512M
[0.008s][info ][gc,init      ] Pre-touch: Disabled
[0.020s][info ][gc,metaspace ] CDS archive(s) mapped at: [0x00007fe64f000000-0x00007fe64fc97000-0x00007fe64fc97000), size 13201408, SharedBaseAddress: 0x00007fe64f000000, ArchiveRelocationMode: 1.
[0.020s][info ][gc,metaspace ] Compressed class space mapped at: 0x00007fe650000000-0x00007fe690000000, reserved size: 1073741824
[0.020s][info ][gc,metaspace ] Narrow klass base: 0x00007fe64f000000, Narrow klass shift: 0, Narrow klass range: 0x100000000
[0.127s][info ][gc,start     ] GC(0) Pause Full (System.gc())
[0.127s][debug][gc,heap      ] GC(0) Heap before GC invocations=0 (full 0):
[0.127s][debug][gc,heap      ] GC(0)  def new generation   total 9792K, used 3147K [0x0000120000200000, 0x0000120000ca0000, 0x000012000aca0000)
[0.127s][debug][gc,heap      ] GC(0)   eden space 8704K,  36% used [0x0000120000200000, 0x0000120000512d00, 0x0000120000a80000)
[0.127s][debug][gc,heap      ] GC(0)   from space 1088K,   0% used [0x0000120000a80000, 0x0000120000a80000, 0x0000120000b90000)
[0.127s][debug][gc,heap      ] GC(0)   to   space 1088K,   0% used [0x0000120000b90000, 0x0000120000b90000, 0x0000120000ca0000)
[0.127s][debug][gc,heap      ] GC(0)  tenured generation   total 21888K, used 1073K [0x000012000aca0000, 0x000012000c200000, 0x0000120020200000)
[0.127s][debug][gc,heap      ] GC(0)    the space 21888K,   4% used [0x000012000aca0000, 0x000012000adac668, 0x000012000adac800, 0x000012000c200000)
[0.127s][debug][gc,heap      ] GC(0)  Metaspace       used 342K, committed 512K, reserved 1114112K
[0.127s][debug][gc,heap      ] GC(0)   class space    used 56K, committed 128K, reserved 1048576K
[0.127s][debug][gc,tlab      ] GC(0) TLAB totals: thrds: 6  refills: 18 max: 13 slow allocs: 1 max 1 waste: 28.2% gc: 904752B max: 178256B slow: 2656B max: 2656B
[0.127s][info ][gc,phases,start] GC(0) Phase 1: Mark live objects
[0.132s][debug][gc,phases,start] GC(0) Reference Processing
[0.132s][debug][gc,ref         ] GC(0) ReferenceProcessor::execute queues: 1, RefProcThreadModel::Single, marks_oops_alive: false
[0.132s][debug][gc,ref         ] GC(0) Skipped KeepAliveFinalRefsPhase of Reference Processing: no references
[0.132s][debug][gc,ref         ] GC(0) ReferenceProcessor::execute queues: 1, RefProcThreadModel::Single, marks_oops_alive: false
[0.132s][debug][gc,phases,ref  ] GC(0) Reference Processing: 0.1ms
[0.132s][debug][gc,phases,ref  ] GC(0)   Notify Soft/WeakReferences: 0.1ms
[0.132s][debug][gc,phases,ref  ] GC(0)     SoftRef: 0.0ms
[0.132s][debug][gc,phases,ref  ] GC(0)     WeakRef: 0.0ms
[0.132s][debug][gc,phases,ref  ] GC(0)     FinalRef: 0.0ms
[0.132s][debug][gc,phases,ref  ] GC(0)     Total: 0.0ms
[0.132s][debug][gc,phases,ref  ] GC(0)   Notify and keep alive finalizable: 0.0ms
[0.132s][debug][gc,phases,ref  ] GC(0)     FinalRef: skipped
[0.132s][debug][gc,phases,ref  ] GC(0)   Notify PhantomReferences: 0.0ms
[0.132s][debug][gc,phases,ref  ] GC(0)     PhantomRef: 0.0ms
[0.132s][debug][gc,phases,ref  ] GC(0)   SoftReference Discovered: 0, Dropped: 0, Processed: 0
[0.132s][debug][gc,phases,ref  ] GC(0)   WeakReference Discovered: 74, Dropped: 7, Processed: 67
[0.132s][debug][gc,phases,ref  ] GC(0)   FinalReference Discovered: 0, Dropped: 0, Processed: 0
[0.132s][debug][gc,phases,ref  ] GC(0)   PhantomReference Discovered: 22, Dropped: 4, Processed: 18
[0.132s][debug][gc,phases      ] GC(0) Reference Processing 0.351ms
[0.132s][debug][gc,phases,start] GC(0) Weak Processing
[0.132s][debug][gc,phases      ] GC(0) Weak Processing 0.038ms
[0.132s][debug][gc,phases,start] GC(0) Class Unloading
[0.132s][debug][gc,phases,start] GC(0) ClassLoaderData
[0.132s][debug][gc,phases      ] GC(0) ClassLoaderData 0.010ms
[0.132s][debug][gc,phases,start] GC(0) Trigger cleanups
[0.132s][debug][gc,phases      ] GC(0) Trigger cleanups 0.009ms
[0.132s][debug][gc,phases,start] GC(0) Purge Unlinked NMethods
[0.132s][debug][gc,phases      ] GC(0) Purge Unlinked NMethods 0.011ms
[0.132s][debug][gc,phases,start] GC(0) Unregister NMethods
[0.132s][debug][gc,phases      ] GC(0) Unregister NMethods 0.008ms
[0.132s][debug][gc,phases,start] GC(0) Free Code Blobs
[0.132s][debug][gc,phases      ] GC(0) Free Code Blobs 0.008ms
[0.132s][debug][gc,phases      ] GC(0) Class Unloading 0.128ms
[0.132s][debug][gc,phases,start] GC(0) Report Object Count
[0.132s][debug][gc,phases      ] GC(0) Report Object Count 0.009ms
[0.132s][info ][gc,phases      ] GC(0) Phase 1: Mark live objects 5.436ms
[0.132s][info ][gc,phases,start] GC(0) Phase 2: Compute new object addresses
[0.134s][info ][gc,phases      ] GC(0) Phase 2: Compute new object addresses 2.119ms
[0.134s][info ][gc,phases,start] GC(0) Phase 3: Adjust pointers
[0.137s][info ][gc,phases      ] GC(0) Phase 3: Adjust pointers 2.362ms
[0.137s][info ][gc,phases,start] GC(0) Phase 4: Move objects
[0.138s][info ][gc,phases      ] GC(0) Phase 4: Move objects 1.399ms
[0.138s][debug][gc,ergo,heap   ] GC(0) New generation size 10880K->11008K [eden=8832K,survivor=1088K]
[0.138s][info ][gc,heap        ] GC(0) DefNew: 3147K(9792K)->0K(9920K) Eden: 3147K(8704K)->0K(8832K) From: 0K(1088K)->0K(1088K)
[0.138s][info ][gc,heap        ] GC(0) Tenured: 1073K(21888K)->2065K(21888K)
[0.138s][info ][gc,metaspace   ] GC(0) Metaspace: 342K(512K)->342K(512K) NonClass: 285K(384K)->285K(384K) Class: 56K(128K)->56K(128K)
[0.138s][debug][gc,heap        ] GC(0) Heap after GC invocations=1 (full 1):
[0.138s][debug][gc,heap        ] GC(0)  def new generation   total 9920K, used 0K [0x0000120000200000, 0x0000120000cc0000, 0x000012000aca0000)
[0.138s][debug][gc,heap        ] GC(0)   eden space 8832K,   0% used [0x0000120000200000, 0x0000120000200000, 0x0000120000aa0000)
[0.138s][debug][gc,heap        ] GC(0)   from space 1088K,   0% used [0x0000120000aa0000, 0x0000120000aa0000, 0x0000120000bb0000)
[0.138s][debug][gc,heap        ] GC(0)   to   space 1088K,   0% used [0x0000120000bb0000, 0x0000120000bb0000, 0x0000120000cc0000)
[0.138s][debug][gc,heap        ] GC(0)  tenured generation   total 21888K, used 2065K [0x000012000aca0000, 0x000012000c200000, 0x0000120020200000)
[0.138s][debug][gc,heap        ] GC(0)    the space 21888K,   9% used [0x000012000aca0000, 0x000012000aea4620, 0x000012000aea4800, 0x000012000c200000)
[0.138s][debug][gc,heap        ] GC(0)  Metaspace       used 342K, committed 512K, reserved 1114112K
[0.138s][debug][gc,heap        ] GC(0)   class space    used 56K, committed 128K, reserved 1048576K
[0.138s][info ][gc             ] GC(0) Pause Full (System.gc()) 4M->2M(31M) 11.798ms
[0.138s][info ][gc,cpu         ] GC(0) User=0.01s Sys=0.00s Real=0.01s
[0.139s][info ][safepoint      ] Safepoint "GenCollectFull", Time since last: 101220291 ns, Reaching safepoint: 75419 ns, Cleanup: 15873 ns, At safepoint: 11844577 ns, Total: 11935869 ns
[0.139s][info ][gc,start       ] GC(1) Pause Full (System.gc())
[0.139s][debug][gc,heap        ] GC(1) Heap before GC invocations=1 (full 1):
[0.139s][debug][gc,heap        ] GC(1)  def new generation   total 9920K, used 529K [0x0000120000200000, 0x0000120000cc0000, 0x000012000aca0000)
[0.139s][debug][gc,heap        ] GC(1)   eden space 8832K,   6% used [0x0000120000200000, 0x00001200002847f0, 0x0000120000aa0000)
[0.139s][debug][gc,heap        ] GC(1)   from space 1088K,   0% used [0x0000120000aa0000, 0x0000120000aa0000, 0x0000120000bb0000)
[0.139s][debug][gc,heap        ] GC(1)   to   space 1088K,   0% used [0x0000120000bb0000, 0x0000120000bb0000, 0x0000120000cc0000)
[0.139s][debug][gc,heap        ] GC(1)  tenured generation   total 21888K, used 2065K [0x000012000aca0000, 0x000012000c200000, 0x0000120020200000)
[0.139s][debug][gc,heap        ] GC(1)    the space 21888K,   9% used [0x000012000aca0000, 0x000012000aea4620, 0x000012000aea4800, 0x000012000c200000)
[0.139s][debug][gc,heap        ] GC(1)  Metaspace       used 342K, committed 512K, reserved 1114112K
[0.139s][debug][gc,heap        ] GC(1)   class space    used 56K, committed 128K, reserved 1048576K
[0.140s][debug][gc,tlab        ] GC(1) TLAB totals: thrds: 3  refills: 3 max: 1 slow allocs: 0 max 0 waste: 96.4% gc: 523096B max: 180872B slow: 0B max: 0B
[0.140s][info ][gc,phases,start] GC(1) Phase 1: Mark live objects
[0.144s][debug][gc,phases,start] GC(1) Reference Processing
[0.144s][debug][gc,ref         ] GC(1) ReferenceProcessor::execute queues: 1, RefProcThreadModel::Single, marks_oops_alive: false
[0.144s][debug][gc,ref         ] GC(1) Skipped KeepAliveFinalRefsPhase of Reference Processing: no references
[0.144s][debug][gc,ref         ] GC(1) ReferenceProcessor::execute queues: 1, RefProcThreadModel::Single, marks_oops_alive: false
[0.144s][debug][gc,phases,ref  ] GC(1) Reference Processing: 0.1ms
[0.144s][debug][gc,phases,ref  ] GC(1)   Notify Soft/WeakReferences: 0.0ms
[0.144s][debug][gc,phases,ref  ] GC(1)     SoftRef: 0.0ms
[0.144s][debug][gc,phases,ref  ] GC(1)     WeakRef: 0.0ms
[0.144s][debug][gc,phases,ref  ] GC(1)     FinalRef: 0.0ms
[0.144s][debug][gc,phases,ref  ] GC(1)     Total: 0.0ms
[0.144s][debug][gc,phases,ref  ] GC(1)   Notify and keep alive finalizable: 0.0ms
[0.144s][debug][gc,phases,ref  ] GC(1)     FinalRef: skipped
[0.144s][debug][gc,phases,ref  ] GC(1)   Notify PhantomReferences: 0.0ms
[0.144s][debug][gc,phases,ref  ] GC(1)     PhantomRef: 0.0ms
[0.144s][debug][gc,phases,ref  ] GC(1)   SoftReference Discovered: 0, Dropped: 0, Processed: 0
[0.144s][debug][gc,phases,ref  ] GC(1)   WeakReference Discovered: 7, Dropped: 7, Processed: 0
[0.144s][debug][gc,phases,ref  ] GC(1)   FinalReference Discovered: 0, Dropped: 0, Processed: 0
[0.144s][debug][gc,phases,ref  ] GC(1)   PhantomReference Discovered: 4, Dropped: 4, Processed: 0
[0.144s][debug][gc,phases      ] GC(1) Reference Processing 0.213ms
[0.144s][debug][gc,phases,start] GC(1) Weak Processing
[0.144s][debug][gc,phases      ] GC(1) Weak Processing 0.028ms
[0.144s][debug][gc,phases,start] GC(1) Class Unloading
[0.144s][debug][gc,phases,start] GC(1) ClassLoaderData
[0.144s][debug][gc,phases      ] GC(1) ClassLoaderData 0.010ms
[0.144s][debug][gc,phases,start] GC(1) Trigger cleanups
[0.144s][debug][gc,phases      ] GC(1) Trigger cleanups 0.008ms
[0.144s][debug][gc,phases,start] GC(1) Purge Unlinked NMethods
[0.144s][debug][gc,phases      ] GC(1) Purge Unlinked NMethods 0.010ms
[0.144s][debug][gc,phases,start] GC(1) Unregister NMethods
[0.144s][debug][gc,phases      ] GC(1) Unregister NMethods 0.008ms
[0.144s][debug][gc,phases,start] GC(1) Free Code Blobs
[0.144s][debug][gc,phases      ] GC(1) Free Code Blobs 0.008ms
[0.144s][debug][gc,phases      ] GC(1) Class Unloading 0.115ms
[0.144s][debug][gc,phases,start] GC(1) Report Object Count
[0.144s][debug][gc,phases      ] GC(1) Report Object Count 0.008ms
[0.144s][info ][gc,phases      ] GC(1) Phase 1: Mark live objects 4.690ms
[0.144s][info ][gc,phases,start] GC(1) Phase 2: Compute new object addresses
[0.146s][info ][gc,phases      ] GC(1) Phase 2: Compute new object addresses 1.482ms
[0.146s][info ][gc,phases,start] GC(1) Phase 3: Adjust pointers
[0.148s][info ][gc,phases      ] GC(1) Phase 3: Adjust pointers 2.063ms
[0.148s][info ][gc,phases,start] GC(1) Phase 4: Move objects
[0.148s][info ][gc,phases      ] GC(1) Phase 4: Move objects 0.015ms
[0.148s][info ][gc,heap        ] GC(1) DefNew: 529K(9920K)->0K(9920K) Eden: 529K(8832K)->0K(8832K) From: 0K(1088K)->0K(1088K)
[0.148s][info ][gc,heap        ] GC(1) Tenured: 2065K(21888K)->2066K(21888K)
[0.148s][info ][gc,metaspace   ] GC(1) Metaspace: 342K(512K)->342K(512K) NonClass: 285K(384K)->285K(384K) Class: 56K(128K)->56K(128K)
[0.148s][debug][gc,heap        ] GC(1) Heap after GC invocations=2 (full 2):
[0.148s][debug][gc,heap        ] GC(1)  def new generation   total 9920K, used 0K [0x0000120000200000, 0x0000120000cc0000, 0x000012000aca0000)
[0.148s][debug][gc,heap        ] GC(1)   eden space 8832K,   0% used [0x0000120000200000, 0x0000120000200000, 0x0000120000aa0000)
[0.148s][debug][gc,heap        ] GC(1)   from space 1088K,   0% used [0x0000120000aa0000, 0x0000120000aa0000, 0x0000120000bb0000)
[0.148s][debug][gc,heap        ] GC(1)   to   space 1088K,   0% used [0x0000120000bb0000, 0x0000120000bb0000, 0x0000120000cc0000)
[0.148s][debug][gc,heap        ] GC(1)  tenured generation   total 21888K, used 2066K [0x000012000aca0000, 0x000012000c200000, 0x0000120020200000)
[0.148s][debug][gc,heap        ] GC(1)    the space 21888K,   9% used [0x000012000aca0000, 0x000012000aea48b8, 0x000012000aea4a00, 0x000012000c200000)
[0.148s][debug][gc,heap        ] GC(1)  Metaspace       used 342K, committed 512K, reserved 1114112K
[0.148s][debug][gc,heap        ] GC(1)   class space    used 56K, committed 128K, reserved 1048576K
[0.148s][info ][gc             ] GC(1) Pause Full (System.gc()) 2M->2M(31M) 8.702ms
[0.148s][info ][gc,cpu         ] GC(1) User=0.01s Sys=0.00s Real=0.01s
[0.148s][info ][safepoint      ] Safepoint "GenCollectFull", Time since last: 724920 ns, Reaching safepoint: 80197 ns, Cleanup: 4692 ns, At safepoint: 8753455 ns, Total: 8838344 ns
[0.218s][info ][gc,start       ] GC(2) Pause Young (Allocation Failure)
[0.219s][debug][gc,heap        ] GC(2) Heap before GC invocations=2 (full 2):
[0.219s][debug][gc,heap        ] GC(2)  def new generation   total 9920K, used 8832K [0x0000120000200000, 0x0000120000cc0000, 0x000012000aca0000)
[0.219s][debug][gc,heap        ] GC(2)   eden space 8832K, 100% used [0x0000120000200000, 0x0000120000aa0000, 0x0000120000aa0000)
[0.219s][debug][gc,heap        ] GC(2)   from space 1088K,   0% used [0x0000120000aa0000, 0x0000120000aa0000, 0x0000120000bb0000)
[0.219s][debug][gc,heap        ] GC(2)   to   space 1088K,   0% used [0x0000120000bb0000, 0x0000120000bb0000, 0x0000120000cc0000)
[0.219s][debug][gc,heap        ] GC(2)  tenured generation   total 21888K, used 2066K [0x000012000aca0000, 0x000012000c200000, 0x0000120020200000)
[0.219s][debug][gc,heap        ] GC(2)    the space 21888K,   9% used [0x000012000aca0000, 0x000012000aea48b8, 0x000012000aea4a00, 0x000012000c200000)
[0.219s][debug][gc,heap        ] GC(2)  Metaspace       used 369K, committed 512K, reserved 1114112K
[0.219s][debug][gc,heap        ] GC(2)   class space    used 63K, committed 128K, reserved 1048576K
[0.219s][debug][gc,tlab        ] GC(2) TLAB totals: thrds: 2  refills: 50 max: 35 slow allocs: 0 max 0 waste:  1.1% gc: 94016B max: 94016B slow: 2768B max: 1832B
[0.219s][debug][gc,ref         ] GC(2) ReferenceProcessor::execute queues: 1, RefProcThreadModel::Single, marks_oops_alive: false
[0.219s][debug][gc,ref         ] GC(2) Skipped KeepAliveFinalRefsPhase of Reference Processing: no references
[0.219s][debug][gc,ref         ] GC(2) ReferenceProcessor::execute queues: 1, RefProcThreadModel::Single, marks_oops_alive: false
[0.219s][debug][gc,phases,ref  ] GC(2) Reference Processing: 0.2ms
[0.219s][debug][gc,phases,ref  ] GC(2)   Notify Soft/WeakReferences: 0.1ms
[0.219s][debug][gc,phases,ref  ] GC(2)     SoftRef: 0.0ms
[0.219s][debug][gc,phases,ref  ] GC(2)     WeakRef: 0.0ms
[0.219s][debug][gc,phases,ref  ] GC(2)     FinalRef: 0.0ms
[0.219s][debug][gc,phases,ref  ] GC(2)     Total: 0.0ms
[0.219s][debug][gc,phases,ref  ] GC(2)   Notify and keep alive finalizable: 0.0ms
[0.220s][debug][gc,phases,ref  ] GC(2)     FinalRef: skipped
[0.220s][debug][gc,phases,ref  ] GC(2)   Notify PhantomReferences: 0.0ms
[0.220s][debug][gc,phases,ref  ] GC(2)     PhantomRef: 0.0ms
[0.220s][debug][gc,phases,ref  ] GC(2)   SoftReference Discovered: 0, Dropped: 0, Processed: 0
[0.220s][debug][gc,phases,ref  ] GC(2)   WeakReference Discovered: 31, Dropped: 21, Processed: 10
[0.220s][debug][gc,phases,ref  ] GC(2)   FinalReference Discovered: 0, Dropped: 0, Processed: 0
[0.220s][debug][gc,phases,ref  ] GC(2)   PhantomReference Discovered: 1, Dropped: 0, Processed: 1
[0.220s][debug][gc,age         ] GC(2) Desired survivor size 557056 bytes, new threshold 15 (max threshold 15)
[0.220s][info ][gc,heap        ] GC(2) DefNew: 8832K(9920K)->27K(9920K) Eden: 8832K(8832K)->0K(8832K) From: 0K(1088K)->27K(1088K)
[0.220s][info ][gc,heap        ] GC(2) Tenured: 2066K(21888K)->2066K(21888K)
[0.220s][info ][gc,metaspace   ] GC(2) Metaspace: 369K(512K)->369K(512K) NonClass: 306K(384K)->306K(384K) Class: 63K(128K)->63K(128K)
[0.220s][debug][gc,heap        ] GC(2) Heap after GC invocations=3 (full 2):
[0.220s][debug][gc,heap        ] GC(2)  def new generation   total 9920K, used 27K [0x0000120000200000, 0x0000120000cc0000, 0x000012000aca0000)
[0.220s][debug][gc,heap        ] GC(2)   eden space 8832K,   0% used [0x0000120000200000, 0x0000120000200000, 0x0000120000aa0000)
[0.220s][debug][gc,heap        ] GC(2)   from space 1088K,   2% used [0x0000120000bb0000, 0x0000120000bb6d80, 0x0000120000cc0000)
[0.220s][debug][gc,heap        ] GC(2)   to   space 1088K,   0% used [0x0000120000aa0000, 0x0000120000aa0000, 0x0000120000bb0000)
[0.220s][debug][gc,heap        ] GC(2)  tenured generation   total 21888K, used 2066K [0x000012000aca0000, 0x000012000c200000, 0x0000120020200000)
[0.220s][debug][gc,heap        ] GC(2)    the space 21888K,   9% used [0x000012000aca0000, 0x000012000aea48b8, 0x000012000aea4a00, 0x000012000c200000)
[0.220s][debug][gc,heap        ] GC(2)  Metaspace       used 369K, committed 512K, reserved 1114112K
[0.220s][debug][gc,heap        ] GC(2)   class space    used 63K, committed 128K, reserved 1048576K
[0.220s][info ][gc             ] GC(2) Pause Young (Allocation Failure) 10M->2M(31M) 1.288ms
[0.220s][info ][gc,cpu         ] GC(2) User=0.00s Sys=0.00s Real=0.00s
[0.220s][info ][safepoint      ] Safepoint "GenCollectForAllocation", Time since last: 70301680 ns, Reaching safepoint: 77919 ns, Cleanup: 3380 ns, At safepoint: 1331857 ns, Total: 1413156 ns
[0.267s][info ][gc,start       ] GC(3) Pause Young (Allocation Failure)
[0.267s][debug][gc,heap        ] GC(3) Heap before GC invocations=3 (full 2):
[0.267s][debug][gc,heap        ] GC(3)  def new generation   total 9920K, used 8859K [0x0000120000200000, 0x0000120000cc0000, 0x000012000aca0000)
[0.267s][debug][gc,heap        ] GC(3)   eden space 8832K, 100% used [0x0000120000200000, 0x0000120000aa0000, 0x0000120000aa0000)
[0.267s][debug][gc,heap        ] GC(3)   from space 1088K,   2% used [0x0000120000bb0000, 0x0000120000bb6d80, 0x0000120000cc0000)
[0.267s][debug][gc,heap        ] GC(3)   to   space 1088K,   0% used [0x0000120000aa0000, 0x0000120000aa0000, 0x0000120000bb0000)
[0.267s][debug][gc,heap        ] GC(3)  tenured generation   total 21888K, used 2066K [0x000012000aca0000, 0x000012000c200000, 0x0000120020200000)
[0.267s][debug][gc,heap        ] GC(3)    the space 21888K,   9% used [0x000012000aca0000, 0x000012000aea48b8, 0x000012000aea4a00, 0x000012000c200000)
[0.267s][debug][gc,heap        ] GC(3)  Metaspace       used 369K, committed 512K, reserved 1114112K
[0.267s][debug][gc,heap        ] GC(3)   class space    used 63K, committed 128K, reserved 1048576K
[0.267s][debug][gc,tlab        ] GC(3) TLAB totals: thrds: 3  refills: 69 max: 39 slow allocs: 0 max 0 waste:  2.5% gc: 228248B max: 180872B slow: 1808B max: 1048B
[0.268s][debug][gc,ref         ] GC(3) ReferenceProcessor::execute queues: 1, RefProcThreadModel::Single, marks_oops_alive: false
[0.268s][debug][gc,ref         ] GC(3) Skipped KeepAliveFinalRefsPhase of Reference Processing: no references
[0.268s][debug][gc,ref         ] GC(3) Skipped PhantomRefsPhase of Reference Processing: no references
[0.268s][debug][gc,phases,ref  ] GC(3) Reference Processing: 0.1ms
[0.268s][debug][gc,phases,ref  ] GC(3)   Notify Soft/WeakReferences: 0.1ms
[0.268s][debug][gc,phases,ref  ] GC(3)     SoftRef: 0.0ms
[0.268s][debug][gc,phases,ref  ] GC(3)     WeakRef: 0.0ms
[0.268s][debug][gc,phases,ref  ] GC(3)     FinalRef: 0.0ms
[0.268s][debug][gc,phases,ref  ] GC(3)     Total: 0.0ms
[0.268s][debug][gc,phases,ref  ] GC(3)   Notify and keep alive finalizable: 0.0ms
[0.268s][debug][gc,phases,ref  ] GC(3)     FinalRef: skipped
[0.268s][debug][gc,phases,ref  ] GC(3)   Notify PhantomReferences: 0.0ms
[0.268s][debug][gc,phases,ref  ] GC(3)     PhantomRef: skipped
[0.268s][debug][gc,phases,ref  ] GC(3)   SoftReference Discovered: 0, Dropped: 0, Processed: 0
[0.268s][debug][gc,phases,ref  ] GC(3)   WeakReference Discovered: 21, Dropped: 21, Processed: 0
[0.268s][debug][gc,phases,ref  ] GC(3)   FinalReference Discovered: 0, Dropped: 0, Processed: 0
[0.268s][debug][gc,phases,ref  ] GC(3)   PhantomReference Discovered: 0, Dropped: 0, Processed: 0
[0.268s][debug][gc,age         ] GC(3) Desired survivor size 557056 bytes, new threshold 15 (max threshold 15)
[0.268s][info ][gc,heap        ] GC(3) DefNew: 8859K(9920K)->27K(9920K) Eden: 8832K(8832K)->0K(8832K) From: 27K(1088K)->27K(1088K)
[0.268s][info ][gc,heap        ] GC(3) Tenured: 2066K(21888K)->2066K(21888K)
[0.268s][info ][gc,metaspace   ] GC(3) Metaspace: 369K(512K)->369K(512K) NonClass: 306K(384K)->306K(384K) Class: 63K(128K)->63K(128K)
[0.268s][debug][gc,heap        ] GC(3) Heap after GC invocations=4 (full 2):
[0.268s][debug][gc,heap        ] GC(3)  def new generation   total 9920K, used 27K [0x0000120000200000, 0x0000120000cc0000, 0x000012000aca0000)
[0.268s][debug][gc,heap        ] GC(3)   eden space 8832K,   0% used [0x0000120000200000, 0x0000120000200000, 0x0000120000aa0000)
[0.268s][debug][gc,heap        ] GC(3)   from space 1088K,   2% used [0x0000120000aa0000, 0x0000120000aa6cd0, 0x0000120000bb0000)
[0.268s][debug][gc,heap        ] GC(3)   to   space 1088K,   0% used [0x0000120000bb0000, 0x0000120000bb0000, 0x0000120000cc0000)
[0.268s][debug][gc,heap        ] GC(3)  tenured generation   total 21888K, used 2066K [0x000012000aca0000, 0x000012000c200000, 0x0000120020200000)
[0.268s][debug][gc,heap        ] GC(3)    the space 21888K,   9% used [0x000012000aca0000, 0x000012000aea48b8, 0x000012000aea4a00, 0x000012000c200000)
[0.268s][debug][gc,heap        ] GC(3)  Metaspace       used 369K, committed 512K, reserved 1114112K
[0.268s][debug][gc,heap        ] GC(3)   class space    used 63K, committed 128K, reserved 1048576K
[0.268s][info ][gc             ] GC(3) Pause Young (Allocation Failure) 10M->2M(31M) 1.040ms
[0.268s][info ][gc,cpu         ] GC(3) User=0.00s Sys=0.00s Real=0.00s
[0.268s][info ][safepoint      ] Safepoint "GenCollectForAllocation", Time since last: 47095958 ns, Reaching safepoint: 3673 ns, Cleanup: 3621 ns, At safepoint: 1084466 ns, Total: 1091760 ns
[0.316s][info ][gc,start       ] GC(4) Pause Young (Allocation Failure)
[0.316s][debug][gc,heap        ] GC(4) Heap before GC invocations=4 (full 2):
[0.316s][debug][gc,heap        ] GC(4)  def new generation   total 9920K, used 8859K [0x0000120000200000, 0x0000120000cc0000, 0x000012000aca0000)
[0.316s][debug][gc,heap        ] GC(4)   eden space 8832K, 100% used [0x0000120000200000, 0x0000120000aa0000, 0x0000120000aa0000)
[0.316s][debug][gc,heap        ] GC(4)   from space 1088K,   2% used [0x0000120000aa0000, 0x0000120000aa6cd0, 0x0000120000bb0000)
[0.316s][debug][gc,heap        ] GC(4)   to   space 1088K,   0% used [0x0000120000bb0000, 0x0000120000bb0000, 0x0000120000cc0000)
[0.316s][debug][gc,heap        ] GC(4)  tenured generation   total 21888K, used 2066K [0x000012000aca0000, 0x000012000c200000, 0x0000120020200000)
[0.316s][debug][gc,heap        ] GC(4)    the space 21888K,   9% used [0x000012000aca0000, 0x000012000aea48b8, 0x000012000aea4a00, 0x000012000c200000)
[0.316s][debug][gc,heap        ] GC(4)  Metaspace       used 369K, committed 512K, reserved 1114112K
[0.316s][debug][gc,heap        ] GC(4)   class space    used 63K, committed 128K, reserved 1048576K
[0.316s][debug][gc,tlab        ] GC(4) TLAB totals: thrds: 2  refills: 78 max: 43 slow allocs: 0 max 0 waste:  0.3% gc: 26536B max: 26536B slow: 1672B max: 984B
[0.317s][debug][gc,ref         ] GC(4) ReferenceProcessor::execute queues: 1, RefProcThreadModel::Single, marks_oops_alive: false
[0.317s][debug][gc,ref         ] GC(4) Skipped KeepAliveFinalRefsPhase of Reference Processing: no references
[0.317s][debug][gc,ref         ] GC(4) Skipped PhantomRefsPhase of Reference Processing: no references
[0.317s][debug][gc,phases,ref  ] GC(4) Reference Processing: 0.1ms
[0.317s][debug][gc,phases,ref  ] GC(4)   Notify Soft/WeakReferences: 0.1ms
[0.317s][debug][gc,phases,ref  ] GC(4)     SoftRef: 0.0ms
[0.317s][debug][gc,phases,ref  ] GC(4)     WeakRef: 0.0ms
[0.317s][debug][gc,phases,ref  ] GC(4)     FinalRef: 0.0ms
[0.317s][debug][gc,phases,ref  ] GC(4)     Total: 0.0ms
[0.317s][debug][gc,phases,ref  ] GC(4)   Notify and keep alive finalizable: 0.0ms
[0.317s][debug][gc,phases,ref  ] GC(4)     FinalRef: skipped
[0.317s][debug][gc,phases,ref  ] GC(4)   Notify PhantomReferences: 0.0ms
[0.317s][debug][gc,phases,ref  ] GC(4)     PhantomRef: skipped
[0.317s][debug][gc,phases,ref  ] GC(4)   SoftReference Discovered: 0, Dropped: 0, Processed: 0
[0.317s][debug][gc,phases,ref  ] GC(4)   WeakReference Discovered: 21, Dropped: 21, Processed: 0
[0.317s][debug][gc,phases,ref  ] GC(4)   FinalReference Discovered: 0, Dropped: 0, Processed: 0
[0.317s][debug][gc,phases,ref  ] GC(4)   PhantomReference Discovered: 0, Dropped: 0, Processed: 0
[0.317s][debug][gc,age         ] GC(4) Desired survivor size 557056 bytes, new threshold 15 (max threshold 15)
[0.317s][info ][gc,heap        ] GC(4) DefNew: 8859K(9920K)->27K(9920K) Eden: 8832K(8832K)->0K(8832K) From: 27K(1088K)->27K(1088K)
[0.317s][info ][gc,heap        ] GC(4) Tenured: 2066K(21888K)->2066K(21888K)
[0.317s][info ][gc,metaspace   ] GC(4) Metaspace: 369K(512K)->369K(512K) NonClass: 306K(384K)->306K(384K) Class: 63K(128K)->63K(128K)
[0.317s][debug][gc,heap        ] GC(4) Heap after GC invocations=5 (full 2):
[0.317s][debug][gc,heap        ] GC(4)  def new generation   total 9920K, used 27K [0x0000120000200000, 0x0000120000cc0000, 0x000012000aca0000)
[0.317s][debug][gc,heap        ] GC(4)   eden space 8832K,   0% used [0x0000120000200000, 0x0000120000200000, 0x0000120000aa0000)
[0.317s][debug][gc,heap        ] GC(4)   from space 1088K,   2% used [0x0000120000bb0000, 0x0000120000bb6d58, 0x0000120000cc0000)
[0.317s][debug][gc,heap        ] GC(4)   to   space 1088K,   0% used [0x0000120000aa0000, 0x0000120000aa0000, 0x0000120000bb0000)
[0.317s][debug][gc,heap        ] GC(4)  tenured generation   total 21888K, used 2066K [0x000012000aca0000, 0x000012000c200000, 0x0000120020200000)
[0.317s][debug][gc,heap        ] GC(4)    the space 21888K,   9% used [0x000012000aca0000, 0x000012000aea48b8, 0x000012000aea4a00, 0x000012000c200000)
[0.317s][debug][gc,heap        ] GC(4)  Metaspace       used 369K, committed 512K, reserved 1114112K
[0.317s][debug][gc,heap        ] GC(4)   class space    used 63K, committed 128K, reserved 1048576K
[0.317s][info ][gc             ] GC(4) Pause Young (Allocation Failure) 10M->2M(31M) 1.129ms
[0.317s][info ][gc,cpu         ] GC(4) User=0.00s Sys=0.00s Real=0.00s
[0.317s][info ][safepoint      ] Safepoint "GenCollectForAllocation", Time since last: 47910941 ns, Reaching safepoint: 3270 ns, Cleanup: 3574 ns, At safepoint: 1174433 ns, Total: 1181277 ns
[0.366s][info ][gc,start       ] GC(5) Pause Young (Allocation Failure)
[0.366s][debug][gc,heap        ] GC(5) Heap before GC invocations=5 (full 2):
[0.366s][debug][gc,heap        ] GC(5)  def new generation   total 9920K, used 8859K [0x0000120000200000, 0x0000120000cc0000, 0x000012000aca0000)
[0.366s][debug][gc,heap        ] GC(5)   eden space 8832K, 100% used [0x0000120000200000, 0x0000120000aa0000, 0x0000120000aa0000)
[0.366s][debug][gc,heap        ] GC(5)   from space 1088K,   2% used [0x0000120000bb0000, 0x0000120000bb6d58, 0x0000120000cc0000)
[0.366s][debug][gc,heap        ] GC(5)   to   space 1088K,   0% used [0x0000120000aa0000, 0x0000120000aa0000, 0x0000120000bb0000)
[0.366s][debug][gc,heap        ] GC(5)  tenured generation   total 21888K, used 2066K [0x000012000aca0000, 0x000012000c200000, 0x0000120020200000)
[0.366s][debug][gc,heap        ] GC(5)    the space 21888K,   9% used [0x000012000aca0000, 0x000012000aea48b8, 0x000012000aea4a00, 0x000012000c200000)
[0.366s][debug][gc,heap        ] GC(5)  Metaspace       used 369K, committed 512K, reserved 1114112K
[0.366s][debug][gc,heap        ] GC(5)   class space    used 63K, committed 128K, reserved 1048576K
[0.366s][debug][gc,tlab        ] GC(5) TLAB totals: thrds: 2  refills: 84 max: 45 slow allocs: 0 max 0 waste:  0.1% gc: 7728B max: 7728B slow: 2080B max: 1184B
[0.367s][debug][gc,ref         ] GC(5) ReferenceProcessor::execute queues: 1, RefProcThreadModel::Single, marks_oops_alive: false
[0.367s][debug][gc,ref         ] GC(5) Skipped KeepAliveFinalRefsPhase of Reference Processing: no references
[0.367s][debug][gc,ref         ] GC(5) Skipped PhantomRefsPhase of Reference Processing: no references
[0.367s][debug][gc,phases,ref  ] GC(5) Reference Processing: 0.0ms
[0.367s][debug][gc,phases,ref  ] GC(5)   Notify Soft/WeakReferences: 0.0ms
[0.367s][debug][gc,phases,ref  ] GC(5)     SoftRef: 0.0ms
[0.367s][debug][gc,phases,ref  ] GC(5)     WeakRef: 0.0ms
[0.367s][debug][gc,phases,ref  ] GC(5)     FinalRef: 0.0ms
[0.367s][debug][gc,phases,ref  ] GC(5)     Total: 0.0ms
[0.367s][debug][gc,phases,ref  ] GC(5)   Notify and keep alive finalizable: 0.0ms
[0.367s][debug][gc,phases,ref  ] GC(5)     FinalRef: skipped
[0.367s][debug][gc,phases,ref  ] GC(5)   Notify PhantomReferences: 0.0ms
[0.367s][debug][gc,phases,ref  ] GC(5)     PhantomRef: skipped
[0.367s][debug][gc,phases,ref  ] GC(5)   SoftReference Discovered: 0, Dropped: 0, Processed: 0
[0.367s][debug][gc,phases,ref  ] GC(5)   WeakReference Discovered: 21, Dropped: 21, Processed: 0
[0.367s][debug][gc,phases,ref  ] GC(5)   FinalReference Discovered: 0, Dropped: 0, Processed: 0
[0.367s][debug][gc,phases,ref  ] GC(5)   PhantomReference Discovered: 0, Dropped: 0, Processed: 0
[0.367s][debug][gc,age         ] GC(5) Desired survivor size 557056 bytes, new threshold 15 (max threshold 15)
[0.367s][info ][gc,heap        ] GC(5) DefNew: 8859K(9920K)->27K(9920K) Eden: 8832K(8832K)->0K(8832K) From: 27K(1088K)->27K(1088K)
[0.367s][info ][gc,heap        ] GC(5) Tenured: 2066K(21888K)->2066K(21888K)
[0.367s][info ][gc,metaspace   ] GC(5) Metaspace: 369K(512K)->369K(512K) NonClass: 306K(384K)->306K(384K) Class: 63K(128K)->63K(128K)
[0.367s][debug][gc,heap        ] GC(5) Heap after GC invocations=6 (full 2):
[0.367s][debug][gc,heap        ] GC(5)  def new generation   total 9920K, used 27K [0x0000120000200000, 0x0000120000cc0000, 0x000012000aca0000)
[0.367s][debug][gc,heap        ] GC(5)   eden space 8832K,   0% used [0x0000120000200000, 0x0000120000200000, 0x0000120000aa0000)
[0.367s][debug][gc,heap        ] GC(5)   from space 1088K,   2% used [0x0000120000aa0000, 0x0000120000aa6cf8, 0x0000120000bb0000)
[0.367s][debug][gc,heap        ] GC(5)   to   space 1088K,   0% used [0x0000120000bb0000, 0x0000120000bb0000, 0x0000120000cc0000)
[0.367s][debug][gc,heap        ] GC(5)  tenured generation   total 21888K, used 2066K [0x000012000aca0000, 0x000012000c200000, 0x0000120020200000)
[0.367s][debug][gc,heap        ] GC(5)    the space 21888K,   9% used [0x000012000aca0000, 0x000012000aea48b8, 0x000012000aea4a00, 0x000012000c200000)
[0.367s][debug][gc,heap        ] GC(5)  Metaspace       used 369K, committed 512K, reserved 1114112K
[0.367s][debug][gc,heap        ] GC(5)   class space    used 63K, committed 128K, reserved 1048576K
[0.367s][info ][gc             ] GC(5) Pause Young (Allocation Failure) 10M->2M(31M) 0.362ms
[0.367s][info ][gc,cpu         ] GC(5) User=0.00s Sys=0.00s Real=0.00s
[0.367s][info ][safepoint      ] Safepoint "GenCollectForAllocation", Time since last: 49072926 ns, Reaching safepoint: 77136 ns, Cleanup: 3382 ns, At safepoint: 381846 ns, Total: 462364 ns
[0.426s][info ][gc,start       ] GC(6) Pause Young (Allocation Failure)
[0.426s][debug][gc,heap        ] GC(6) Heap before GC invocations=6 (full 2):
[0.426s][debug][gc,heap        ] GC(6)  def new generation   total 9920K, used 8859K [0x0000120000200000, 0x0000120000cc0000, 0x000012000aca0000)
[0.426s][debug][gc,heap        ] GC(6)   eden space 8832K, 100% used [0x0000120000200000, 0x0000120000aa0000, 0x0000120000aa0000)
[0.426s][debug][gc,heap        ] GC(6)   from space 1088K,   2% used [0x0000120000aa0000, 0x0000120000aa6cf8, 0x0000120000bb0000)
[0.426s][debug][gc,heap        ] GC(6)   to   space 1088K,   0% used [0x0000120000bb0000, 0x0000120000bb0000, 0x0000120000cc0000)
[0.426s][debug][gc,heap        ] GC(6)  tenured generation   total 21888K, used 2066K [0x000012000aca0000, 0x000012000c200000, 0x0000120020200000)
[0.426s][debug][gc,heap        ] GC(6)    the space 21888K,   9% used [0x000012000aca0000, 0x000012000aea48b8, 0x000012000aea4a00, 0x000012000c200000)
[0.426s][debug][gc,heap        ] GC(6)  Metaspace       used 369K, committed 512K, reserved 1114112K
[0.426s][debug][gc,heap        ] GC(6)   class space    used 63K, committed 128K, reserved 1048576K
[0.426s][debug][gc,tlab        ] GC(6) TLAB totals: thrds: 2  refills: 90 max: 57 slow allocs: 0 max 0 waste:  0.5% gc: 38408B max: 38408B slow: 2320B max: 1408B
[0.426s][debug][gc,ref         ] GC(6) ReferenceProcessor::execute queues: 1, RefProcThreadModel::Single, marks_oops_alive: false
[0.426s][debug][gc,ref         ] GC(6) Skipped KeepAliveFinalRefsPhase of Reference Processing: no references
[0.426s][debug][gc,ref         ] GC(6) Skipped PhantomRefsPhase of Reference Processing: no references
[0.426s][debug][gc,phases,ref  ] GC(6) Reference Processing: 0.1ms
[0.426s][debug][gc,phases,ref  ] GC(6)   Notify Soft/WeakReferences: 0.1ms
[0.426s][debug][gc,phases,ref  ] GC(6)     SoftRef: 0.0ms
[0.426s][debug][gc,phases,ref  ] GC(6)     WeakRef: 0.0ms
[0.426s][debug][gc,phases,ref  ] GC(6)     FinalRef: 0.0ms
[0.426s][debug][gc,phases,ref  ] GC(6)     Total: 0.0ms
[0.426s][debug][gc,phases,ref  ] GC(6)   Notify and keep alive finalizable: 0.0ms
[0.426s][debug][gc,phases,ref  ] GC(6)     FinalRef: skipped
[0.426s][debug][gc,phases,ref  ] GC(6)   Notify PhantomReferences: 0.0ms
[0.426s][debug][gc,phases,ref  ] GC(6)     PhantomRef: skipped
[0.426s][debug][gc,phases,ref  ] GC(6)   SoftReference Discovered: 0, Dropped: 0, Processed: 0
[0.426s][debug][gc,phases,ref  ] GC(6)   WeakReference Discovered: 21, Dropped: 21, Processed: 0
[0.426s][debug][gc,phases,ref  ] GC(6)   FinalReference Discovered: 0, Dropped: 0, Processed: 0
[0.426s][debug][gc,phases,ref  ] GC(6)   PhantomReference Discovered: 0, Dropped: 0, Processed: 0
[0.426s][debug][gc,age         ] GC(6) Desired survivor size 557056 bytes, new threshold 15 (max threshold 15)
[0.426s][info ][gc,heap        ] GC(6) DefNew: 8859K(9920K)->27K(9920K) Eden: 8832K(8832K)->0K(8832K) From: 27K(1088K)->27K(1088K)
[0.426s][info ][gc,heap        ] GC(6) Tenured: 2066K(21888K)->2066K(21888K)
[0.426s][info ][gc,metaspace   ] GC(6) Metaspace: 369K(512K)->369K(512K) NonClass: 306K(384K)->306K(384K) Class: 63K(128K)->63K(128K)
[0.426s][debug][gc,heap        ] GC(6) Heap after GC invocations=7 (full 2):
[0.426s][debug][gc,heap        ] GC(6)  def new generation   total 9920K, used 27K [0x0000120000200000, 0x0000120000cc0000, 0x000012000aca0000)
[0.426s][debug][gc,heap        ] GC(6)   eden space 8832K,   0% used [0x0000120000200000, 0x0000120000200000, 0x0000120000aa0000)
[0.426s][debug][gc,heap        ] GC(6)   from space 1088K,   2% used [0x0000120000bb0000, 0x0000120000bb6d38, 0x0000120000cc0000)
[0.426s][debug][gc,heap        ] GC(6)   to   space 1088K,   0% used [0x0000120000aa0000, 0x0000120000aa0000, 0x0000120000bb0000)
[0.426s][debug][gc,heap        ] GC(6)  tenured generation   total 21888K, used 2066K [0x000012000aca0000, 0x000012000c200000, 0x0000120020200000)
[0.426s][debug][gc,heap        ] GC(6)    the space 21888K,   9% used [0x000012000aca0000, 0x000012000aea48b8, 0x000012000aea4a00, 0x000012000c200000)
[0.426s][debug][gc,heap        ] GC(6)  Metaspace       used 369K, committed 512K, reserved 1114112K
[0.426s][debug][gc,heap        ] GC(6)   class space    used 63K, committed 128K, reserved 1048576K
[0.426s][info ][gc             ] GC(6) Pause Young (Allocation Failure) 10M->2M(31M) 0.784ms
[0.426s][info ][gc,cpu         ] GC(6) User=0.00s Sys=0.00s Real=0.00s
[0.426s][info ][safepoint      ] Safepoint "GenCollectForAllocation", Time since last: 58940185 ns, Reaching safepoint: 75866 ns, Cleanup: 3378 ns, At safepoint: 803337 ns, Total: 882581 ns
[0.485s][info ][gc,start       ] GC(7) Pause Young (Allocation Failure)
[0.485s][debug][gc,heap        ] GC(7) Heap before GC invocations=7 (full 2):
[0.485s][debug][gc,heap        ] GC(7)  def new generation   total 9920K, used 8859K [0x0000120000200000, 0x0000120000cc0000, 0x000012000aca0000)
[0.485s][debug][gc,heap        ] GC(7)   eden space 8832K, 100% used [0x0000120000200000, 0x0000120000aa0000, 0x0000120000aa0000)
[0.485s][debug][gc,heap        ] GC(7)   from space 1088K,   2% used [0x0000120000bb0000, 0x0000120000bb6d38, 0x0000120000cc0000)
[0.485s][debug][gc,heap        ] GC(7)   to   space 1088K,   0% used [0x0000120000aa0000, 0x0000120000aa0000, 0x0000120000bb0000)
[0.485s][debug][gc,heap        ] GC(7)  tenured generation   total 21888K, used 2066K [0x000012000aca0000, 0x000012000c200000, 0x0000120020200000)
[0.485s][debug][gc,heap        ] GC(7)    the space 21888K,   9% used [0x000012000aca0000, 0x000012000aea48b8, 0x000012000aea4a00, 0x000012000c200000)
[0.485s][debug][gc,heap        ] GC(7)  Metaspace       used 369K, committed 512K, reserved 1114112K
[0.485s][debug][gc,heap        ] GC(7)   class space    used 63K, committed 128K, reserved 1048576K
[0.485s][debug][gc,tlab        ] GC(7) TLAB totals: thrds: 2  refills: 94 max: 60 slow allocs: 0 max 0 waste:  0.4% gc: 29512B max: 29512B slow: 2624B max: 1808B
[0.486s][debug][gc,ref         ] GC(7) ReferenceProcessor::execute queues: 1, RefProcThreadModel::Single, marks_oops_alive: false
[0.486s][debug][gc,ref         ] GC(7) Skipped KeepAliveFinalRefsPhase of Reference Processing: no references
[0.486s][debug][gc,ref         ] GC(7) Skipped PhantomRefsPhase of Reference Processing: no references
[0.486s][debug][gc,phases,ref  ] GC(7) Reference Processing: 0.1ms
[0.486s][debug][gc,phases,ref  ] GC(7)   Notify Soft/WeakReferences: 0.1ms
[0.486s][debug][gc,phases,ref  ] GC(7)     SoftRef: 0.0ms
[0.486s][debug][gc,phases,ref  ] GC(7)     WeakRef: 0.0ms
[0.486s][debug][gc,phases,ref  ] GC(7)     FinalRef: 0.0ms
[0.486s][debug][gc,phases,ref  ] GC(7)     Total: 0.0ms
[0.486s][debug][gc,phases,ref  ] GC(7)   Notify and keep alive finalizable: 0.0ms
[0.486s][debug][gc,phases,ref  ] GC(7)     FinalRef: skipped
[0.486s][debug][gc,phases,ref  ] GC(7)   Notify PhantomReferences: 0.0ms
[0.486s][debug][gc,phases,ref  ] GC(7)     PhantomRef: skipped
[0.486s][debug][gc,phases,ref  ] GC(7)   SoftReference Discovered: 0, Dropped: 0, Processed: 0
[0.486s][debug][gc,phases,ref  ] GC(7)   WeakReference Discovered: 21, Dropped: 21, Processed: 0
[0.486s][debug][gc,phases,ref  ] GC(7)   FinalReference Discovered: 0, Dropped: 0, Processed: 0
[0.486s][debug][gc,phases,ref  ] GC(7)   PhantomReference Discovered: 0, Dropped: 0, Processed: 0
[0.486s][debug][gc,age         ] GC(7) Desired survivor size 557056 bytes, new threshold 15 (max threshold 15)
[0.486s][info ][gc,heap        ] GC(7) DefNew: 8859K(9920K)->27K(9920K) Eden: 8832K(8832K)->0K(8832K) From: 27K(1088K)->27K(1088K)
[0.486s][info ][gc,heap        ] GC(7) Tenured: 2066K(21888K)->2066K(21888K)
[0.486s][info ][gc,metaspace   ] GC(7) Metaspace: 369K(512K)->369K(512K) NonClass: 306K(384K)->306K(384K) Class: 63K(128K)->63K(128K)
[0.486s][debug][gc,heap        ] GC(7) Heap after GC invocations=8 (full 2):
[0.486s][debug][gc,heap        ] GC(7)  def new generation   total 9920K, used 27K [0x0000120000200000, 0x0000120000cc0000, 0x000012000aca0000)
[0.486s][debug][gc,heap        ] GC(7)   eden space 8832K,   0% used [0x0000120000200000, 0x0000120000200000, 0x0000120000aa0000)
[0.486s][debug][gc,heap        ] GC(7)   from space 1088K,   2% used [0x0000120000aa0000, 0x0000120000aa6ce0, 0x0000120000bb0000)
[0.486s][debug][gc,heap        ] GC(7)   to   space 1088K,   0% used [0x0000120000bb0000, 0x0000120000bb0000, 0x0000120000cc0000)
[0.486s][debug][gc,heap        ] GC(7)  tenured generation   total 21888K, used 2066K [0x000012000aca0000, 0x000012000c200000, 0x0000120020200000)
[0.486s][debug][gc,heap        ] GC(7)    the space 21888K,   9% used [0x000012000aca0000, 0x000012000aea48b8, 0x000012000aea4a00, 0x000012000c200000)
[0.486s][debug][gc,heap        ] GC(7)  Metaspace       used 369K, committed 512K, reserved 1114112K
[0.486s][debug][gc,heap        ] GC(7)   class space    used 63K, committed 128K, reserved 1048576K
[0.486s][info ][gc             ] GC(7) Pause Young (Allocation Failure) 10M->2M(31M) 0.978ms
[0.486s][info ][gc,cpu         ] GC(7) User=0.00s Sys=0.00s Real=0.00s
[0.486s][info ][safepoint      ] Safepoint "GenCollectForAllocation", Time since last: 58745145 ns, Reaching safepoint: 3488 ns, Cleanup: 3643 ns, At safepoint: 1022411 ns, Total: 1029542 ns
[0.535s][info ][gc,start       ] GC(8) Pause Young (Allocation Failure)
[0.535s][debug][gc,heap        ] GC(8) Heap before GC invocations=8 (full 2):
[0.535s][debug][gc,heap        ] GC(8)  def new generation   total 9920K, used 8859K [0x0000120000200000, 0x0000120000cc0000, 0x000012000aca0000)
[0.535s][debug][gc,heap        ] GC(8)   eden space 8832K, 100% used [0x0000120000200000, 0x0000120000aa0000, 0x0000120000aa0000)
[0.535s][debug][gc,heap        ] GC(8)   from space 1088K,   2% used [0x0000120000aa0000, 0x0000120000aa6ce0, 0x0000120000bb0000)
[0.535s][debug][gc,heap        ] GC(8)   to   space 1088K,   0% used [0x0000120000bb0000, 0x0000120000bb0000, 0x0000120000cc0000)
[0.535s][debug][gc,heap        ] GC(8)  tenured generation   total 21888K, used 2066K [0x000012000aca0000, 0x000012000c200000, 0x0000120020200000)
[0.535s][debug][gc,heap        ] GC(8)    the space 21888K,   9% used [0x000012000aca0000, 0x000012000aea48b8, 0x000012000aea4a00, 0x000012000c200000)
[0.535s][debug][gc,heap        ] GC(8)  Metaspace       used 369K, committed 512K, reserved 1114112K
[0.535s][debug][gc,heap        ] GC(8)   class space    used 63K, committed 128K, reserved 1048576K
[0.535s][debug][gc,tlab        ] GC(8) TLAB totals: thrds: 2  refills: 95 max: 49 slow allocs: 0 max 0 waste:  0.7% gc: 65184B max: 65184B slow: 2464B max: 1384B
[0.535s][debug][gc,ref         ] GC(8) ReferenceProcessor::execute queues: 1, RefProcThreadModel::Single, marks_oops_alive: false
[0.535s][debug][gc,ref         ] GC(8) Skipped KeepAliveFinalRefsPhase of Reference Processing: no references
[0.535s][debug][gc,ref         ] GC(8) Skipped PhantomRefsPhase of Reference Processing: no references
[0.535s][debug][gc,phases,ref  ] GC(8) Reference Processing: 0.1ms
[0.535s][debug][gc,phases,ref  ] GC(8)   Notify Soft/WeakReferences: 0.1ms
[0.536s][debug][gc,phases,ref  ] GC(8)     SoftRef: 0.0ms
[0.536s][debug][gc,phases,ref  ] GC(8)     WeakRef: 0.0ms
[0.536s][debug][gc,phases,ref  ] GC(8)     FinalRef: 0.0ms
[0.536s][debug][gc,phases,ref  ] GC(8)     Total: 0.0ms
[0.536s][debug][gc,phases,ref  ] GC(8)   Notify and keep alive finalizable: 0.0ms
[0.536s][debug][gc,phases,ref  ] GC(8)     FinalRef: skipped
[0.536s][debug][gc,phases,ref  ] GC(8)   Notify PhantomReferences: 0.0ms
[0.536s][debug][gc,phases,ref  ] GC(8)     PhantomRef: skipped
[0.536s][debug][gc,phases,ref  ] GC(8)   SoftReference Discovered: 0, Dropped: 0, Processed: 0
[0.536s][debug][gc,phases,ref  ] GC(8)   WeakReference Discovered: 21, Dropped: 21, Processed: 0
[0.536s][debug][gc,phases,ref  ] GC(8)   FinalReference Discovered: 0, Dropped: 0, Processed: 0
[0.536s][debug][gc,phases,ref  ] GC(8)   PhantomReference Discovered: 0, Dropped: 0, Processed: 0
[0.536s][debug][gc,age         ] GC(8) Desired survivor size 557056 bytes, new threshold 15 (max threshold 15)
[0.536s][info ][gc,heap        ] GC(8) DefNew: 8859K(9920K)->27K(9920K) Eden: 8832K(8832K)->0K(8832K) From: 27K(1088K)->27K(1088K)
[0.536s][info ][gc,heap        ] GC(8) Tenured: 2066K(21888K)->2066K(21888K)
[0.536s][info ][gc,metaspace   ] GC(8) Metaspace: 369K(512K)->369K(512K) NonClass: 306K(384K)->306K(384K) Class: 63K(128K)->63K(128K)
[0.536s][debug][gc,heap        ] GC(8) Heap after GC invocations=9 (full 2):
[0.536s][debug][gc,heap        ] GC(8)  def new generation   total 9920K, used 27K [0x0000120000200000, 0x0000120000cc0000, 0x000012000aca0000)
[0.536s][debug][gc,heap        ] GC(8)   eden space 8832K,   0% used [0x0000120000200000, 0x0000120000200000, 0x0000120000aa0000)
[0.536s][debug][gc,heap        ] GC(8)   from space 1088K,   2% used [0x0000120000bb0000, 0x0000120000bb6ce0, 0x0000120000cc0000)
[0.536s][debug][gc,heap        ] GC(8)   to   space 1088K,   0% used [0x0000120000aa0000, 0x0000120000aa0000, 0x0000120000bb0000)
[0.536s][debug][gc,heap        ] GC(8)  tenured generation   total 21888K, used 2066K [0x000012000aca0000, 0x000012000c200000, 0x0000120020200000)
[0.536s][debug][gc,heap        ] GC(8)    the space 21888K,   9% used [0x000012000aca0000, 0x000012000aea48b8, 0x000012000aea4a00, 0x000012000c200000)
[0.536s][debug][gc,heap        ] GC(8)  Metaspace       used 369K, committed 512K, reserved 1114112K
[0.536s][debug][gc,heap        ] GC(8)   class space    used 63K, committed 128K, reserved 1048576K
[0.536s][info ][gc             ] GC(8) Pause Young (Allocation Failure) 10M->2M(31M) 0.992ms
[0.536s][info ][gc,cpu         ] GC(8) User=0.00s Sys=0.00s Real=0.00s
[0.536s][info ][safepoint      ] Safepoint "GenCollectForAllocation", Time since last: 48589766 ns, Reaching safepoint: 3275 ns, Cleanup: 3918 ns, At safepoint: 1035951 ns, Total: 1043144 ns
[0.584s][info ][gc,start       ] GC(9) Pause Young (Allocation Failure)
[0.584s][debug][gc,heap        ] GC(9) Heap before GC invocations=9 (full 2):
[0.584s][debug][gc,heap        ] GC(9)  def new generation   total 9920K, used 8859K [0x0000120000200000, 0x0000120000cc0000, 0x000012000aca0000)
[0.584s][debug][gc,heap        ] GC(9)   eden space 8832K, 100% used [0x0000120000200000, 0x0000120000aa0000, 0x0000120000aa0000)
[0.584s][debug][gc,heap        ] GC(9)   from space 1088K,   2% used [0x0000120000bb0000, 0x0000120000bb6ce0, 0x0000120000cc0000)
[0.584s][debug][gc,heap        ] GC(9)   to   space 1088K,   0% used [0x0000120000aa0000, 0x0000120000aa0000, 0x0000120000bb0000)
[0.584s][debug][gc,heap        ] GC(9)  tenured generation   total 21888K, used 2066K [0x000012000aca0000, 0x000012000c200000, 0x0000120020200000)
[0.584s][debug][gc,heap        ] GC(9)    the space 21888K,   9% used [0x000012000aca0000, 0x000012000aea48b8, 0x000012000aea4a00, 0x000012000c200000)
[0.584s][debug][gc,heap        ] GC(9)  Metaspace       used 369K, committed 512K, reserved 1114112K
[0.584s][debug][gc,heap        ] GC(9)   class space    used 63K, committed 128K, reserved 1048576K
[0.584s][debug][gc,tlab        ] GC(9) TLAB totals: thrds: 2  refills: 97 max: 49 slow allocs: 0 max 0 waste:  0.7% gc: 63792B max: 63792B slow: 2656B max: 1384B
[0.584s][debug][gc,ref         ] GC(9) ReferenceProcessor::execute queues: 1, RefProcThreadModel::Single, marks_oops_alive: false
[0.584s][debug][gc,ref         ] GC(9) Skipped KeepAliveFinalRefsPhase of Reference Processing: no references
[0.584s][debug][gc,ref         ] GC(9) Skipped PhantomRefsPhase of Reference Processing: no references
[0.585s][debug][gc,phases,ref  ] GC(9) Reference Processing: 0.1ms
[0.585s][debug][gc,phases,ref  ] GC(9)   Notify Soft/WeakReferences: 0.1ms
[0.585s][debug][gc,phases,ref  ] GC(9)     SoftRef: 0.0ms
[0.585s][debug][gc,phases,ref  ] GC(9)     WeakRef: 0.0ms
[0.585s][debug][gc,phases,ref  ] GC(9)     FinalRef: 0.0ms
[0.585s][debug][gc,phases,ref  ] GC(9)     Total: 0.0ms
[0.585s][debug][gc,phases,ref  ] GC(9)   Notify and keep alive finalizable: 0.0ms
[0.585s][debug][gc,phases,ref  ] GC(9)     FinalRef: skipped
[0.585s][debug][gc,phases,ref  ] GC(9)   Notify PhantomReferences: 0.0ms
[0.585s][debug][gc,phases,ref  ] GC(9)     PhantomRef: skipped
[0.585s][debug][gc,phases,ref  ] GC(9)   SoftReference Discovered: 0, Dropped: 0, Processed: 0
[0.585s][debug][gc,phases,ref  ] GC(9)   WeakReference Discovered: 21, Dropped: 21, Processed: 0
[0.585s][debug][gc,phases,ref  ] GC(9)   FinalReference Discovered: 0, Dropped: 0, Processed: 0
[0.585s][debug][gc,phases,ref  ] GC(9)   PhantomReference Discovered: 0, Dropped: 0, Processed: 0
[0.585s][debug][gc,age         ] GC(9) Desired survivor size 557056 bytes, new threshold 15 (max threshold 15)
[0.585s][info ][gc,heap        ] GC(9) DefNew: 8859K(9920K)->27K(9920K) Eden: 8832K(8832K)->0K(8832K) From: 27K(1088K)->27K(1088K)
[0.585s][info ][gc,heap        ] GC(9) Tenured: 2066K(21888K)->2066K(21888K)
[0.585s][info ][gc,metaspace   ] GC(9) Metaspace: 369K(512K)->369K(512K) NonClass: 306K(384K)->306K(384K) Class: 63K(128K)->63K(128K)
[0.585s][debug][gc,heap        ] GC(9) Heap after GC invocations=10 (full 2):
[0.585s][debug][gc,heap        ] GC(9)  def new generation   total 9920K, used 27K [0x0000120000200000, 0x0000120000cc0000, 0x000012000aca0000)
[0.585s][debug][gc,heap        ] GC(9)   eden space 8832K,   0% used [0x0000120000200000, 0x0000120000200000, 0x0000120000aa0000)
[0.585s][debug][gc,heap        ] GC(9)   from space 1088K,   2% used [0x0000120000aa0000, 0x0000120000aa6ce0, 0x0000120000bb0000)
[0.585s][debug][gc,heap        ] GC(9)   to   space 1088K,   0% used [0x0000120000bb0000, 0x0000120000bb0000, 0x0000120000cc0000)
[0.585s][debug][gc,heap        ] GC(9)  tenured generation   total 21888K, used 2066K [0x000012000aca0000, 0x000012000c200000, 0x0000120020200000)
[0.585s][debug][gc,heap        ] GC(9)    the space 21888K,   9% used [0x000012000aca0000, 0x000012000aea48b8, 0x000012000aea4a00, 0x000012000c200000)
[0.585s][debug][gc,heap        ] GC(9)  Metaspace       used 369K, committed 512K, reserved 1114112K
[0.585s][debug][gc,heap        ] GC(9)   class space    used 63K, committed 128K, reserved 1048576K
[0.585s][info ][gc             ] GC(9) Pause Young (Allocation Failure) 10M->2M(31M) 0.924ms
[0.585s][info ][gc,cpu         ] GC(9) User=0.00s Sys=0.00s Real=0.00s
[0.585s][info ][safepoint      ] Safepoint "GenCollectForAllocation", Time since last: 48045428 ns, Reaching safepoint: 3236 ns, Cleanup: 3553 ns, At safepoint: 969514 ns, Total: 976303 ns
[0.633s][info ][gc,start       ] GC(10) Pause Young (Allocation Failure)
[0.633s][debug][gc,heap        ] GC(10) Heap before GC invocations=10 (full 2):
[0.633s][debug][gc,heap        ] GC(10)  def new generation   total 9920K, used 8859K [0x0000120000200000, 0x0000120000cc0000, 0x000012000aca0000)
[0.633s][debug][gc,heap        ] GC(10)   eden space 8832K, 100% used [0x0000120000200000, 0x0000120000aa0000, 0x0000120000aa0000)
[0.633s][debug][gc,heap        ] GC(10)   from space 1088K,   2% used [0x0000120000aa0000, 0x0000120000aa6ce0, 0x0000120000bb0000)
[0.633s][debug][gc,heap        ] GC(10)   to   space 1088K,   0% used [0x0000120000bb0000, 0x0000120000bb0000, 0x0000120000cc0000)
[0.633s][debug][gc,heap        ] GC(10)  tenured generation   total 21888K, used 2066K [0x000012000aca0000, 0x000012000c200000, 0x0000120020200000)
[0.633s][debug][gc,heap        ] GC(10)    the space 21888K,   9% used [0x000012000aca0000, 0x000012000aea48b8, 0x000012000aea4a00, 0x000012000c200000)
[0.633s][debug][gc,heap        ] GC(10)  Metaspace       used 369K, committed 512K, reserved 1114112K
[0.633s][debug][gc,heap        ] GC(10)   class space    used 63K, committed 128K, reserved 1048576K
[0.633s][debug][gc,tlab        ] GC(10) TLAB totals: thrds: 2  refills: 99 max: 50 slow allocs: 0 max 0 waste:  0.9% gc: 80888B max: 80888B slow: 2552B max: 1376B
[0.634s][debug][gc,ref         ] GC(10) ReferenceProcessor::execute queues: 1, RefProcThreadModel::Single, marks_oops_alive: false
[0.634s][debug][gc,ref         ] GC(10) Skipped KeepAliveFinalRefsPhase of Reference Processing: no references
[0.634s][debug][gc,ref         ] GC(10) Skipped PhantomRefsPhase of Reference Processing: no references
[0.634s][debug][gc,phases,ref  ] GC(10) Reference Processing: 0.1ms
[0.634s][debug][gc,phases,ref  ] GC(10)   Notify Soft/WeakReferences: 0.1ms
[0.634s][debug][gc,phases,ref  ] GC(10)     SoftRef: 0.0ms
[0.634s][debug][gc,phases,ref  ] GC(10)     WeakRef: 0.0ms
[0.634s][debug][gc,phases,ref  ] GC(10)     FinalRef: 0.0ms
[0.634s][debug][gc,phases,ref  ] GC(10)     Total: 0.0ms
[0.634s][debug][gc,phases,ref  ] GC(10)   Notify and keep alive finalizable: 0.0ms
[0.634s][debug][gc,phases,ref  ] GC(10)     FinalRef: skipped
[0.634s][debug][gc,phases,ref  ] GC(10)   Notify PhantomReferences: 0.0ms
[0.634s][debug][gc,phases,ref  ] GC(10)     PhantomRef: skipped
[0.634s][debug][gc,phases,ref  ] GC(10)   SoftReference Discovered: 0, Dropped: 0, Processed: 0
[0.634s][debug][gc,phases,ref  ] GC(10)   WeakReference Discovered: 21, Dropped: 21, Processed: 0
[0.634s][debug][gc,phases,ref  ] GC(10)   FinalReference Discovered: 0, Dropped: 0, Processed: 0
[0.634s][debug][gc,phases,ref  ] GC(10)   PhantomReference Discovered: 0, Dropped: 0, Processed: 0
[0.634s][debug][gc,age         ] GC(10) Desired survivor size 557056 bytes, new threshold 15 (max threshold 15)
[0.634s][info ][gc,heap        ] GC(10) DefNew: 8859K(9920K)->27K(9920K) Eden: 8832K(8832K)->0K(8832K) From: 27K(1088K)->27K(1088K)
[0.634s][info ][gc,heap        ] GC(10) Tenured: 2066K(21888K)->2066K(21888K)
[0.634s][info ][gc,metaspace   ] GC(10) Metaspace: 369K(512K)->369K(512K) NonClass: 306K(384K)->306K(384K) Class: 63K(128K)->63K(128K)
[0.634s][debug][gc,heap        ] GC(10) Heap after GC invocations=11 (full 2):
[0.634s][debug][gc,heap        ] GC(10)  def new generation   total 9920K, used 27K [0x0000120000200000, 0x0000120000cc0000, 0x000012000aca0000)
[0.634s][debug][gc,heap        ] GC(10)   eden space 8832K,   0% used [0x0000120000200000, 0x0000120000200000, 0x0000120000aa0000)
[0.634s][debug][gc,heap        ] GC(10)   from space 1088K,   2% used [0x0000120000bb0000, 0x0000120000bb6ce0, 0x0000120000cc0000)
[0.634s][debug][gc,heap        ] GC(10)   to   space 1088K,   0% used [0x0000120000aa0000, 0x0000120000aa0000, 0x0000120000bb0000)
[0.634s][debug][gc,heap        ] GC(10)  tenured generation   total 21888K, used 2066K [0x000012000aca0000, 0x000012000c200000, 0x0000120020200000)
[0.634s][debug][gc,heap        ] GC(10)    the space 21888K,   9% used [0x000012000aca0000, 0x000012000aea48b8, 0x000012000aea4a00, 0x000012000c200000)
[0.634s][debug][gc,heap        ] GC(10)  Metaspace       used 369K, committed 512K, reserved 1114112K
[0.634s][debug][gc,heap        ] GC(10)   class space    used 63K, committed 128K, reserved 1048576K
[0.634s][info ][gc             ] GC(10) Pause Young (Allocation Failure) 10M->2M(31M) 0.863ms
[0.634s][info ][gc,cpu         ] GC(10) User=0.00s Sys=0.00s Real=0.00s
[0.634s][info ][safepoint      ] Safepoint "GenCollectForAllocation", Time since last: 48357607 ns, Reaching safepoint: 3190 ns, Cleanup: 3512 ns, At safepoint: 907572 ns, Total: 914274 ns
[0.682s][info ][gc,start       ] GC(11) Pause Young (Allocation Failure)
[0.682s][debug][gc,heap        ] GC(11) Heap before GC invocations=11 (full 2):
[0.682s][debug][gc,heap        ] GC(11)  def new generation   total 9920K, used 8859K [0x0000120000200000, 0x0000120000cc0000, 0x000012000aca0000)
[0.682s][debug][gc,heap        ] GC(11)   eden space 8832K, 100% used [0x0000120000200000, 0x0000120000aa0000, 0x0000120000aa0000)
[0.682s][debug][gc,heap        ] GC(11)   from space 1088K,   2% used [0x0000120000bb0000, 0x0000120000bb6ce0, 0x0000120000cc0000)
[0.682s][debug][gc,heap        ] GC(11)   to   space 1088K,   0% used [0x0000120000aa0000, 0x0000120000aa0000, 0x0000120000bb0000)
[0.682s][debug][gc,heap        ] GC(11)  tenured generation   total 21888K, used 2066K [0x000012000aca0000, 0x000012000c200000, 0x0000120020200000)
[0.682s][debug][gc,heap        ] GC(11)    the space 21888K,   9% used [0x000012000aca0000, 0x000012000aea48b8, 0x000012000aea4a00, 0x000012000c200000)
[0.682s][debug][gc,heap        ] GC(11)  Metaspace       used 369K, committed 512K, reserved 1114112K
[0.682s][debug][gc,heap        ] GC(11)   class space    used 63K, committed 128K, reserved 1048576K
[0.682s][debug][gc,tlab        ] GC(11) TLAB totals: thrds: 2  refills: 100 max: 52 slow allocs: 0 max 0 waste:  0.6% gc: 51560B max: 51560B slow: 2888B max: 1880B
[0.682s][debug][gc,ref         ] GC(11) ReferenceProcessor::execute queues: 1, RefProcThreadModel::Single, marks_oops_alive: false
[0.682s][debug][gc,ref         ] GC(11) Skipped KeepAliveFinalRefsPhase of Reference Processing: no references
[0.682s][debug][gc,ref         ] GC(11) Skipped PhantomRefsPhase of Reference Processing: no references
[0.682s][debug][gc,phases,ref  ] GC(11) Reference Processing: 0.1ms
[0.682s][debug][gc,phases,ref  ] GC(11)   Notify Soft/WeakReferences: 0.1ms
[0.682s][debug][gc,phases,ref  ] GC(11)     SoftRef: 0.0ms
[0.682s][debug][gc,phases,ref  ] GC(11)     WeakRef: 0.0ms
[0.682s][debug][gc,phases,ref  ] GC(11)     FinalRef: 0.0ms
[0.682s][debug][gc,phases,ref  ] GC(11)     Total: 0.0ms
[0.682s][debug][gc,phases,ref  ] GC(11)   Notify and keep alive finalizable: 0.0ms
[0.682s][debug][gc,phases,ref  ] GC(11)     FinalRef: skipped
[0.682s][debug][gc,phases,ref  ] GC(11)   Notify PhantomReferences: 0.0ms
[0.682s][debug][gc,phases,ref  ] GC(11)     PhantomRef: skipped
[0.682s][debug][gc,phases,ref  ] GC(11)   SoftReference Discovered: 0, Dropped: 0, Processed: 0
[0.682s][debug][gc,phases,ref  ] GC(11)   WeakReference Discovered: 21, Dropped: 21, Processed: 0
[0.682s][debug][gc,phases,ref  ] GC(11)   FinalReference Discovered: 0, Dropped: 0, Processed: 0
[0.682s][debug][gc,phases,ref  ] GC(11)   PhantomReference Discovered: 0, Dropped: 0, Processed: 0
[0.682s][debug][gc,age         ] GC(11) Desired survivor size 557056 bytes, new threshold 15 (max threshold 15)
[0.682s][info ][gc,heap        ] GC(11) DefNew: 8859K(9920K)->27K(9920K) Eden: 8832K(8832K)->0K(8832K) From: 27K(1088K)->27K(1088K)
[0.682s][info ][gc,heap        ] GC(11) Tenured: 2066K(21888K)->2066K(21888K)
[0.682s][info ][gc,metaspace   ] GC(11) Metaspace: 369K(512K)->369K(512K) NonClass: 306K(384K)->306K(384K) Class: 63K(128K)->63K(128K)
[0.682s][debug][gc,heap        ] GC(11) Heap after GC invocations=12 (full 2):
[0.682s][debug][gc,heap        ] GC(11)  def new generation   total 9920K, used 27K [0x0000120000200000, 0x0000120000cc0000, 0x000012000aca0000)
[0.682s][debug][gc,heap        ] GC(11)   eden space 8832K,   0% used [0x0000120000200000, 0x0000120000200000, 0x0000120000aa0000)
[0.682s][debug][gc,heap        ] GC(11)   from space 1088K,   2% used [0x0000120000aa0000, 0x0000120000aa6d20, 0x0000120000bb0000)
[0.682s][debug][gc,heap        ] GC(11)   to   space 1088K,   0% used [0x0000120000bb0000, 0x0000120000bb0000, 0x0000120000cc0000)
[0.682s][debug][gc,heap        ] GC(11)  tenured generation   total 21888K, used 2066K [0x000012000aca0000, 0x000012000c200000, 0x0000120020200000)
[0.682s][debug][gc,heap        ] GC(11)    the space 21888K,   9% used [0x000012000aca0000, 0x000012000aea48b8, 0x000012000aea4a00, 0x000012000c200000)
[0.682s][debug][gc,heap        ] GC(11)  Metaspace       used 369K, committed 512K, reserved 1114112K
[0.682s][debug][gc,heap        ] GC(11)   class space    used 63K, committed 128K, reserved 1048576K
[0.682s][info ][gc             ] GC(11) Pause Young (Allocation Failure) 10M->2M(31M) 0.816ms
[0.682s][info ][gc,cpu         ] GC(11) User=0.00s Sys=0.00s Real=0.01s
[0.682s][info ][safepoint      ] Safepoint "GenCollectForAllocation", Time since last: 47406662 ns, Reaching safepoint: 3115 ns, Cleanup: 3541 ns, At safepoint: 837107 ns, Total: 843763 ns
[0.742s][info ][gc,start       ] GC(12) Pause Young (Allocation Failure)
[0.742s][debug][gc,heap        ] GC(12) Heap before GC invocations=12 (full 2):
[0.742s][debug][gc,heap        ] GC(12)  def new generation   total 9920K, used 8859K [0x0000120000200000, 0x0000120000cc0000, 0x000012000aca0000)
[0.742s][debug][gc,heap        ] GC(12)   eden space 8832K, 100% used [0x0000120000200000, 0x0000120000aa0000, 0x0000120000aa0000)
[0.742s][debug][gc,heap        ] GC(12)   from space 1088K,   2% used [0x0000120000aa0000, 0x0000120000aa6d20, 0x0000120000bb0000)
[0.742s][debug][gc,heap        ] GC(12)   to   space 1088K,   0% used [0x0000120000bb0000, 0x0000120000bb0000, 0x0000120000cc0000)
[0.742s][debug][gc,heap        ] GC(12)  tenured generation   total 21888K, used 2066K [0x000012000aca0000, 0x000012000c200000, 0x0000120020200000)
[0.742s][debug][gc,heap        ] GC(12)    the space 21888K,   9% used [0x000012000aca0000, 0x000012000aea48b8, 0x000012000aea4a00, 0x000012000c200000)
[0.742s][debug][gc,heap        ] GC(12)  Metaspace       used 369K, committed 512K, reserved 1114112K
[0.742s][debug][gc,heap        ] GC(12)   class space    used 63K, committed 128K, reserved 1048576K
[0.742s][debug][gc,tlab        ] GC(12) TLAB totals: thrds: 2  refills: 101 max: 64 slow allocs: 0 max 0 waste:  0.1% gc: 8816B max: 8816B slow: 2512B max: 1680B
[0.742s][debug][gc,ref         ] GC(12) ReferenceProcessor::execute queues: 1, RefProcThreadModel::Single, marks_oops_alive: false
[0.742s][debug][gc,ref         ] GC(12) Skipped KeepAliveFinalRefsPhase of Reference Processing: no references
[0.742s][debug][gc,ref         ] GC(12) Skipped PhantomRefsPhase of Reference Processing: no references
[0.742s][debug][gc,phases,ref  ] GC(12) Reference Processing: 0.1ms
[0.742s][debug][gc,phases,ref  ] GC(12)   Notify Soft/WeakReferences: 0.1ms
[0.742s][debug][gc,phases,ref  ] GC(12)     SoftRef: 0.0ms
[0.742s][debug][gc,phases,ref  ] GC(12)     WeakRef: 0.0ms
[0.742s][debug][gc,phases,ref  ] GC(12)     FinalRef: 0.0ms
[0.742s][debug][gc,phases,ref  ] GC(12)     Total: 0.0ms
[0.742s][debug][gc,phases,ref  ] GC(12)   Notify and keep alive finalizable: 0.0ms
[0.742s][debug][gc,phases,ref  ] GC(12)     FinalRef: skipped
[0.742s][debug][gc,phases,ref  ] GC(12)   Notify PhantomReferences: 0.0ms
[0.742s][debug][gc,phases,ref  ] GC(12)     PhantomRef: skipped
[0.742s][debug][gc,phases,ref  ] GC(12)   SoftReference Discovered: 0, Dropped: 0, Processed: 0
[0.742s][debug][gc,phases,ref  ] GC(12)   WeakReference Discovered: 21, Dropped: 21, Processed: 0
[0.742s][debug][gc,phases,ref  ] GC(12)   FinalReference Discovered: 0, Dropped: 0, Processed: 0
[0.742s][debug][gc,phases,ref  ] GC(12)   PhantomReference Discovered: 0, Dropped: 0, Processed: 0
[0.742s][debug][gc,age         ] GC(12) Desired survivor size 557056 bytes, new threshold 15 (max threshold 15)
[0.742s][info ][gc,heap        ] GC(12) DefNew: 8859K(9920K)->27K(9920K) Eden: 8832K(8832K)->0K(8832K) From: 27K(1088K)->27K(1088K)
[0.742s][info ][gc,heap        ] GC(12) Tenured: 2066K(21888K)->2066K(21888K)
[0.742s][info ][gc,metaspace   ] GC(12) Metaspace: 369K(512K)->369K(512K) NonClass: 306K(384K)->306K(384K) Class: 63K(128K)->63K(128K)
[0.743s][debug][gc,heap        ] GC(12) Heap after GC invocations=13 (full 2):
[0.743s][debug][gc,heap        ] GC(12)  def new generation   total 9920K, used 27K [0x0000120000200000, 0x0000120000cc0000, 0x000012000aca0000)
[0.743s][debug][gc,heap        ] GC(12)   eden space 8832K,   0% used [0x0000120000200000, 0x0000120000200000, 0x0000120000aa0000)
[0.743s][debug][gc,heap        ] GC(12)   from space 1088K,   2% used [0x0000120000bb0000, 0x0000120000bb6d20, 0x0000120000cc0000)
[0.743s][debug][gc,heap        ] GC(12)   to   space 1088K,   0% used [0x0000120000aa0000, 0x0000120000aa0000, 0x0000120000bb0000)
[0.743s][debug][gc,heap        ] GC(12)  tenured generation   total 21888K, used 2066K [0x000012000aca0000, 0x000012000c200000, 0x0000120020200000)
[0.743s][debug][gc,heap        ] GC(12)    the space 21888K,   9% used [0x000012000aca0000, 0x000012000aea48b8, 0x000012000aea4a00, 0x000012000c200000)
[0.743s][debug][gc,heap        ] GC(12)  Metaspace       used 369K, committed 512K, reserved 1114112K
[0.743s][debug][gc,heap        ] GC(12)   class space    used 63K, committed 128K, reserved 1048576K
[0.743s][info ][gc             ] GC(12) Pause Young (Allocation Failure) 10M->2M(31M) 0.484ms
[0.743s][info ][gc,cpu         ] GC(12) User=0.00s Sys=0.00s Real=0.01s
[0.743s][info ][safepoint      ] Safepoint "GenCollectForAllocation", Time since last: 59572414 ns, Reaching safepoint: 76855 ns, Cleanup: 3282 ns, At safepoint: 503712 ns, Total: 583849 ns
[0.802s][info ][gc,start       ] GC(13) Pause Young (Allocation Failure)
[0.802s][debug][gc,heap        ] GC(13) Heap before GC invocations=13 (full 2):
[0.802s][debug][gc,heap        ] GC(13)  def new generation   total 9920K, used 8859K [0x0000120000200000, 0x0000120000cc0000, 0x000012000aca0000)
[0.802s][debug][gc,heap        ] GC(13)   eden space 8832K, 100% used [0x0000120000200000, 0x0000120000aa0000, 0x0000120000aa0000)
[0.802s][debug][gc,heap        ] GC(13)   from space 1088K,   2% used [0x0000120000bb0000, 0x0000120000bb6d20, 0x0000120000cc0000)
[0.802s][debug][gc,heap        ] GC(13)   to   space 1088K,   0% used [0x0000120000aa0000, 0x0000120000aa0000, 0x0000120000bb0000)
[0.802s][debug][gc,heap        ] GC(13)  tenured generation   total 21888K, used 2066K [0x000012000aca0000, 0x000012000c200000, 0x0000120020200000)
[0.802s][debug][gc,heap        ] GC(13)    the space 21888K,   9% used [0x000012000aca0000, 0x000012000aea48b8, 0x000012000aea4a00, 0x000012000c200000)
[0.802s][debug][gc,heap        ] GC(13)  Metaspace       used 369K, committed 512K, reserved 1114112K
[0.802s][debug][gc,heap        ] GC(13)   class space    used 63K, committed 128K, reserved 1048576K
[0.802s][debug][gc,tlab        ] GC(13) TLAB totals: thrds: 2  refills: 99 max: 59 slow allocs: 0 max 0 waste:  0.4% gc: 31664B max: 31664B slow: 4024B max: 2784B
[0.802s][debug][gc,ref         ] GC(13) ReferenceProcessor::execute queues: 1, RefProcThreadModel::Single, marks_oops_alive: false
[0.802s][debug][gc,ref         ] GC(13) Skipped KeepAliveFinalRefsPhase of Reference Processing: no references
[0.802s][debug][gc,ref         ] GC(13) Skipped PhantomRefsPhase of Reference Processing: no references
[0.802s][debug][gc,phases,ref  ] GC(13) Reference Processing: 0.1ms
[0.802s][debug][gc,phases,ref  ] GC(13)   Notify Soft/WeakReferences: 0.1ms
[0.802s][debug][gc,phases,ref  ] GC(13)     SoftRef: 0.0ms
[0.802s][debug][gc,phases,ref  ] GC(13)     WeakRef: 0.0ms
[0.802s][debug][gc,phases,ref  ] GC(13)     FinalRef: 0.0ms
[0.802s][debug][gc,phases,ref  ] GC(13)     Total: 0.0ms
[0.802s][debug][gc,phases,ref  ] GC(13)   Notify and keep alive finalizable: 0.0ms
[0.802s][debug][gc,phases,ref  ] GC(13)     FinalRef: skipped
[0.802s][debug][gc,phases,ref  ] GC(13)   Notify PhantomReferences: 0.0ms
[0.802s][debug][gc,phases,ref  ] GC(13)     PhantomRef: skipped
[0.802s][debug][gc,phases,ref  ] GC(13)   SoftReference Discovered: 0, Dropped: 0, Processed: 0
[0.802s][debug][gc,phases,ref  ] GC(13)   WeakReference Discovered: 21, Dropped: 21, Processed: 0
[0.802s][debug][gc,phases,ref  ] GC(13)   FinalReference Discovered: 0, Dropped: 0, Processed: 0
[0.802s][debug][gc,phases,ref  ] GC(13)   PhantomReference Discovered: 0, Dropped: 0, Processed: 0
[0.802s][debug][gc,age         ] GC(13) Desired survivor size 557056 bytes, new threshold 15 (max threshold 15)
[0.802s][info ][gc,heap        ] GC(13) DefNew: 8859K(9920K)->27K(9920K) Eden: 8832K(8832K)->0K(8832K) From: 27K(1088K)->27K(1088K)
[0.802s][info ][gc,heap        ] GC(13) Tenured: 2066K(21888K)->2066K(21888K)
[0.802s][info ][gc,metaspace   ] GC(13) Metaspace: 369K(512K)->369K(512K) NonClass: 306K(384K)->306K(384K) Class: 63K(128K)->63K(128K)
[0.802s][debug][gc,heap        ] GC(13) Heap after GC invocations=14 (full 2):
[0.802s][debug][gc,heap        ] GC(13)  def new generation   total 9920K, used 27K [0x0000120000200000, 0x0000120000cc0000, 0x000012000aca0000)
[0.802s][debug][gc,heap        ] GC(13)   eden space 8832K,   0% used [0x0000120000200000, 0x0000120000200000, 0x0000120000aa0000)
[0.802s][debug][gc,heap        ] GC(13)   from space 1088K,   2% used [0x0000120000aa0000, 0x0000120000aa6d10, 0x0000120000bb0000)
[0.802s][debug][gc,heap        ] GC(13)   to   space 1088K,   0% used [0x0000120000bb0000, 0x0000120000bb0000, 0x0000120000cc0000)
[0.802s][debug][gc,heap        ] GC(13)  tenured generation   total 21888K, used 2066K [0x000012000aca0000, 0x000012000c200000, 0x0000120020200000)
[0.802s][debug][gc,heap        ] GC(13)    the space 21888K,   9% used [0x000012000aca0000, 0x000012000aea48b8, 0x000012000aea4a00, 0x000012000c200000)
[0.802s][debug][gc,heap        ] GC(13)  Metaspace       used 369K, committed 512K, reserved 1114112K
[0.802s][debug][gc,heap        ] GC(13)   class space    used 63K, committed 128K, reserved 1048576K
[0.802s][info ][gc             ] GC(13) Pause Young (Allocation Failure) 10M->2M(31M) 0.616ms
[0.802s][info ][gc,cpu         ] GC(13) User=0.01s Sys=0.00s Real=0.01s
[0.803s][info ][safepoint      ] Safepoint "GenCollectForAllocation", Time since last: 59313827 ns, Reaching safepoint: 3830 ns, Cleanup: 3882 ns, At safepoint: 640602 ns, Total: 648314 ns
[0.863s][info ][gc,start       ] GC(14) Pause Young (Allocation Failure)
[0.863s][debug][gc,heap        ] GC(14) Heap before GC invocations=14 (full 2):
[0.863s][debug][gc,heap        ] GC(14)  def new generation   total 9920K, used 8859K [0x0000120000200000, 0x0000120000cc0000, 0x000012000aca0000)
[0.863s][debug][gc,heap        ] GC(14)   eden space 8832K, 100% used [0x0000120000200000, 0x0000120000aa0000, 0x0000120000aa0000)
[0.863s][debug][gc,heap        ] GC(14)   from space 1088K,   2% used [0x0000120000aa0000, 0x0000120000aa6d10, 0x0000120000bb0000)
[0.863s][debug][gc,heap        ] GC(14)   to   space 1088K,   0% used [0x0000120000bb0000, 0x0000120000bb0000, 0x0000120000cc0000)
[0.863s][debug][gc,heap        ] GC(14)  tenured generation   total 21888K, used 2066K [0x000012000aca0000, 0x000012000c200000, 0x0000120020200000)
[0.863s][debug][gc,heap        ] GC(14)    the space 21888K,   9% used [0x000012000aca0000, 0x000012000aea48b8, 0x000012000aea4a00, 0x000012000c200000)
[0.863s][debug][gc,heap        ] GC(14)  Metaspace       used 369K, committed 512K, reserved 1114112K
[0.863s][debug][gc,heap        ] GC(14)   class space    used 63K, committed 128K, reserved 1048576K
[0.863s][debug][gc,tlab        ] GC(14) TLAB totals: thrds: 2  refills: 99 max: 55 slow allocs: 0 max 0 waste:  0.3% gc: 23344B max: 23344B slow: 2192B max: 1432B
[0.863s][debug][gc,ref         ] GC(14) ReferenceProcessor::execute queues: 1, RefProcThreadModel::Single, marks_oops_alive: false
[0.863s][debug][gc,ref         ] GC(14) Skipped KeepAliveFinalRefsPhase of Reference Processing: no references
[0.863s][debug][gc,ref         ] GC(14) Skipped PhantomRefsPhase of Reference Processing: no references
[0.863s][debug][gc,phases,ref  ] GC(14) Reference Processing: 0.1ms
[0.863s][debug][gc,phases,ref  ] GC(14)   Notify Soft/WeakReferences: 0.1ms
[0.863s][debug][gc,phases,ref  ] GC(14)     SoftRef: 0.0ms
[0.863s][debug][gc,phases,ref  ] GC(14)     WeakRef: 0.0ms
[0.863s][debug][gc,phases,ref  ] GC(14)     FinalRef: 0.0ms
[0.863s][debug][gc,phases,ref  ] GC(14)     Total: 0.0ms
[0.863s][debug][gc,phases,ref  ] GC(14)   Notify and keep alive finalizable: 0.0ms
[0.863s][debug][gc,phases,ref  ] GC(14)     FinalRef: skipped
[0.863s][debug][gc,phases,ref  ] GC(14)   Notify PhantomReferences: 0.0ms
[0.863s][debug][gc,phases,ref  ] GC(14)     PhantomRef: skipped
[0.863s][debug][gc,phases,ref  ] GC(14)   SoftReference Discovered: 0, Dropped: 0, Processed: 0
[0.863s][debug][gc,phases,ref  ] GC(14)   WeakReference Discovered: 21, Dropped: 21, Processed: 0
[0.863s][debug][gc,phases,ref  ] GC(14)   FinalReference Discovered: 0, Dropped: 0, Processed: 0
[0.863s][debug][gc,phases,ref  ] GC(14)   PhantomReference Discovered: 0, Dropped: 0, Processed: 0
[0.864s][debug][gc,age         ] GC(14) Desired survivor size 557056 bytes, new threshold 15 (max threshold 15)
[0.864s][info ][gc,heap        ] GC(14) DefNew: 8859K(9920K)->27K(9920K) Eden: 8832K(8832K)->0K(8832K) From: 27K(1088K)->27K(1088K)
[0.864s][info ][gc,heap        ] GC(14) Tenured: 2066K(21888K)->2066K(21888K)
[0.864s][info ][gc,metaspace   ] GC(14) Metaspace: 369K(512K)->369K(512K) NonClass: 306K(384K)->306K(384K) Class: 63K(128K)->63K(128K)
[0.864s][debug][gc,heap        ] GC(14) Heap after GC invocations=15 (full 2):
[0.864s][debug][gc,heap        ] GC(14)  def new generation   total 9920K, used 27K [0x0000120000200000, 0x0000120000cc0000, 0x000012000aca0000)
[0.864s][debug][gc,heap        ] GC(14)   eden space 8832K,   0% used [0x0000120000200000, 0x0000120000200000, 0x0000120000aa0000)
[0.864s][debug][gc,heap        ] GC(14)   from space 1088K,   2% used [0x0000120000bb0000, 0x0000120000bb6d50, 0x0000120000cc0000)
[0.864s][debug][gc,heap        ] GC(14)   to   space 1088K,   0% used [0x0000120000aa0000, 0x0000120000aa0000, 0x0000120000bb0000)
[0.864s][debug][gc,heap        ] GC(14)  tenured generation   total 21888K, used 2066K [0x000012000aca0000, 0x000012000c200000, 0x0000120020200000)
[0.864s][debug][gc,heap        ] GC(14)    the space 21888K,   9% used [0x000012000aca0000, 0x000012000aea48b8, 0x000012000aea4a00, 0x000012000c200000)
[0.864s][debug][gc,heap        ] GC(14)  Metaspace       used 369K, committed 512K, reserved 1114112K
[0.864s][debug][gc,heap        ] GC(14)   class space    used 63K, committed 128K, reserved 1048576K
[0.864s][info ][gc             ] GC(14) Pause Young (Allocation Failure) 10M->2M(31M) 0.852ms
[0.864s][info ][gc,cpu         ] GC(14) User=0.00s Sys=0.00s Real=0.00s
[0.864s][info ][safepoint      ] Safepoint "GenCollectForAllocation", Time since last: 60305275 ns, Reaching safepoint: 3699 ns, Cleanup: 3618 ns, At safepoint: 896138 ns, Total: 903455 ns
[0.911s][info ][gc,start       ] GC(15) Pause Young (Allocation Failure)
[0.911s][debug][gc,heap        ] GC(15) Heap before GC invocations=15 (full 2):
[0.911s][debug][gc,heap        ] GC(15)  def new generation   total 9920K, used 8859K [0x0000120000200000, 0x0000120000cc0000, 0x000012000aca0000)
[0.911s][debug][gc,heap        ] GC(15)   eden space 8832K, 100% used [0x0000120000200000, 0x0000120000aa0000, 0x0000120000aa0000)
[0.911s][debug][gc,heap        ] GC(15)   from space 1088K,   2% used [0x0000120000bb0000, 0x0000120000bb6d50, 0x0000120000cc0000)
[0.911s][debug][gc,heap        ] GC(15)   to   space 1088K,   0% used [0x0000120000aa0000, 0x0000120000aa0000, 0x0000120000bb0000)
[0.911s][debug][gc,heap        ] GC(15)  tenured generation   total 21888K, used 2066K [0x000012000aca0000, 0x000012000c200000, 0x0000120020200000)
[0.911s][debug][gc,heap        ] GC(15)    the space 21888K,   9% used [0x000012000aca0000, 0x000012000aea48b8, 0x000012000aea4a00, 0x000012000c200000)
[0.911s][debug][gc,heap        ] GC(15)  Metaspace       used 369K, committed 512K, reserved 1114112K
[0.911s][debug][gc,heap        ] GC(15)   class space    used 63K, committed 128K, reserved 1048576K
[0.912s][debug][gc,tlab        ] GC(15) TLAB totals: thrds: 2  refills: 104 max: 61 slow allocs: 0 max 0 waste:  0.3% gc: 20352B max: 20352B slow: 2712B max: 1624B
[0.912s][debug][gc,ref         ] GC(15) ReferenceProcessor::execute queues: 1, RefProcThreadModel::Single, marks_oops_alive: false
[0.912s][debug][gc,ref         ] GC(15) Skipped KeepAliveFinalRefsPhase of Reference Processing: no references
[0.912s][debug][gc,ref         ] GC(15) Skipped PhantomRefsPhase of Reference Processing: no references
[0.912s][debug][gc,phases,ref  ] GC(15) Reference Processing: 0.1ms
[0.912s][debug][gc,phases,ref  ] GC(15)   Notify Soft/WeakReferences: 0.1ms
[0.912s][debug][gc,phases,ref  ] GC(15)     SoftRef: 0.0ms
[0.912s][debug][gc,phases,ref  ] GC(15)     WeakRef: 0.0ms
[0.912s][debug][gc,phases,ref  ] GC(15)     FinalRef: 0.0ms
[0.912s][debug][gc,phases,ref  ] GC(15)     Total: 0.0ms
[0.912s][debug][gc,phases,ref  ] GC(15)   Notify and keep alive finalizable: 0.0ms
[0.912s][debug][gc,phases,ref  ] GC(15)     FinalRef: skipped
[0.912s][debug][gc,phases,ref  ] GC(15)   Notify PhantomReferences: 0.0ms
[0.912s][debug][gc,phases,ref  ] GC(15)     PhantomRef: skipped
[0.912s][debug][gc,phases,ref  ] GC(15)   SoftReference Discovered: 0, Dropped: 0, Processed: 0
[0.912s][debug][gc,phases,ref  ] GC(15)   WeakReference Discovered: 21, Dropped: 21, Processed: 0
[0.912s][debug][gc,phases,ref  ] GC(15)   FinalReference Discovered: 0, Dropped: 0, Processed: 0
[0.912s][debug][gc,phases,ref  ] GC(15)   PhantomReference Discovered: 0, Dropped: 0, Processed: 0
[0.912s][debug][gc,age         ] GC(15) Desired survivor size 557056 bytes, new threshold 15 (max threshold 15)
[0.912s][info ][gc,heap        ] GC(15) DefNew: 8859K(9920K)->27K(9920K) Eden: 8832K(8832K)->0K(8832K) From: 27K(1088K)->27K(1088K)
[0.912s][info ][gc,heap        ] GC(15) Tenured: 2066K(21888K)->2066K(21888K)
[0.912s][info ][gc,metaspace   ] GC(15) Metaspace: 369K(512K)->369K(512K) NonClass: 306K(384K)->306K(384K) Class: 63K(128K)->63K(128K)
[0.912s][debug][gc,heap        ] GC(15) Heap after GC invocations=16 (full 2):
[0.912s][debug][gc,heap        ] GC(15)  def new generation   total 9920K, used 27K [0x0000120000200000, 0x0000120000cc0000, 0x000012000aca0000)
[0.912s][debug][gc,heap        ] GC(15)   eden space 8832K,   0% used [0x0000120000200000, 0x0000120000200000, 0x0000120000aa0000)
[0.912s][debug][gc,heap        ] GC(15)   from space 1088K,   2% used [0x0000120000aa0000, 0x0000120000aa6d00, 0x0000120000bb0000)
[0.912s][debug][gc,heap        ] GC(15)   to   space 1088K,   0% used [0x0000120000bb0000, 0x0000120000bb0000, 0x0000120000cc0000)
[0.912s][debug][gc,heap        ] GC(15)  tenured generation   total 21888K, used 2066K [0x000012000aca0000, 0x000012000c200000, 0x0000120020200000)
[0.912s][debug][gc,heap        ] GC(15)    the space 21888K,   9% used [0x000012000aca0000, 0x000012000aea48b8, 0x000012000aea4a00, 0x000012000c200000)
[0.912s][debug][gc,heap        ] GC(15)  Metaspace       used 369K, committed 512K, reserved 1114112K
[0.912s][debug][gc,heap        ] GC(15)   class space    used 63K, committed 128K, reserved 1048576K
[0.912s][info ][gc             ] GC(15) Pause Young (Allocation Failure) 10M->2M(31M) 0.871ms
[0.912s][info ][gc,cpu         ] GC(15) User=0.00s Sys=0.00s Real=0.00s
[0.912s][info ][safepoint      ] Safepoint "GenCollectForAllocation", Time since last: 47647603 ns, Reaching safepoint: 3712 ns, Cleanup: 3518 ns, At safepoint: 916318 ns, Total: 923548 ns
[0.960s][info ][gc,start       ] GC(16) Pause Young (Allocation Failure)
[0.960s][debug][gc,heap        ] GC(16) Heap before GC invocations=16 (full 2):
[0.960s][debug][gc,heap        ] GC(16)  def new generation   total 9920K, used 8859K [0x0000120000200000, 0x0000120000cc0000, 0x000012000aca0000)
[0.960s][debug][gc,heap        ] GC(16)   eden space 8832K, 100% used [0x0000120000200000, 0x0000120000aa0000, 0x0000120000aa0000)
[0.960s][debug][gc,heap        ] GC(16)   from space 1088K,   2% used [0x0000120000aa0000, 0x0000120000aa6d00, 0x0000120000bb0000)
[0.960s][debug][gc,heap        ] GC(16)   to   space 1088K,   0% used [0x0000120000bb0000, 0x0000120000bb0000, 0x0000120000cc0000)
[0.960s][debug][gc,heap        ] GC(16)  tenured generation   total 21888K, used 2066K [0x000012000aca0000, 0x000012000c200000, 0x0000120020200000)
[0.960s][debug][gc,heap        ] GC(16)    the space 21888K,   9% used [0x000012000aca0000, 0x000012000aea48b8, 0x000012000aea4a00, 0x000012000c200000)
[0.960s][debug][gc,heap        ] GC(16)  Metaspace       used 369K, committed 512K, reserved 1114112K
[0.960s][debug][gc,heap        ] GC(16)   class space    used 63K, committed 128K, reserved 1048576K
[0.960s][debug][gc,tlab        ] GC(16) TLAB totals: thrds: 2  refills: 102 max: 57 slow allocs: 0 max 0 waste:  0.1% gc: 3176B max: 3176B slow: 2328B max: 1296B
[0.960s][debug][gc,ref         ] GC(16) ReferenceProcessor::execute queues: 1, RefProcThreadModel::Single, marks_oops_alive: false
[0.961s][debug][gc,ref         ] GC(16) Skipped KeepAliveFinalRefsPhase of Reference Processing: no references
[0.961s][debug][gc,ref         ] GC(16) Skipped PhantomRefsPhase of Reference Processing: no references
[0.961s][debug][gc,phases,ref  ] GC(16) Reference Processing: 0.1ms
[0.961s][debug][gc,phases,ref  ] GC(16)   Notify Soft/WeakReferences: 0.1ms
[0.961s][debug][gc,phases,ref  ] GC(16)     SoftRef: 0.0ms
[0.961s][debug][gc,phases,ref  ] GC(16)     WeakRef: 0.0ms
[0.961s][debug][gc,phases,ref  ] GC(16)     FinalRef: 0.0ms
[0.961s][debug][gc,phases,ref  ] GC(16)     Total: 0.0ms
[0.961s][debug][gc,phases,ref  ] GC(16)   Notify and keep alive finalizable: 0.0ms
[0.961s][debug][gc,phases,ref  ] GC(16)     FinalRef: skipped
[0.961s][debug][gc,phases,ref  ] GC(16)   Notify PhantomReferences: 0.0ms
[0.961s][debug][gc,phases,ref  ] GC(16)     PhantomRef: skipped
[0.961s][debug][gc,phases,ref  ] GC(16)   SoftReference Discovered: 0, Dropped: 0, Processed: 0
[0.961s][debug][gc,phases,ref  ] GC(16)   WeakReference Discovered: 21, Dropped: 21, Processed: 0
[0.961s][debug][gc,phases,ref  ] GC(16)   FinalReference Discovered: 0, Dropped: 0, Processed: 0
[0.961s][debug][gc,phases,ref  ] GC(16)   PhantomReference Discovered: 0, Dropped: 0, Processed: 0
[0.961s][debug][gc,age         ] GC(16) Desired survivor size 557056 bytes, new threshold 15 (max threshold 15)
[0.961s][info ][gc,heap        ] GC(16) DefNew: 8859K(9920K)->27K(9920K) Eden: 8832K(8832K)->0K(8832K) From: 27K(1088K)->27K(1088K)
[0.961s][info ][gc,heap        ] GC(16) Tenured: 2066K(21888K)->2066K(21888K)
[0.961s][info ][gc,metaspace   ] GC(16) Metaspace: 369K(512K)->369K(512K) NonClass: 306K(384K)->306K(384K) Class: 63K(128K)->63K(128K)
[0.961s][debug][gc,heap        ] GC(16) Heap after GC invocations=17 (full 2):
[0.961s][debug][gc,heap        ] GC(16)  def new generation   total 9920K, used 27K [0x0000120000200000, 0x0000120000cc0000, 0x000012000aca0000)
[0.961s][debug][gc,heap        ] GC(16)   eden space 8832K,   0% used [0x0000120000200000, 0x0000120000200000, 0x0000120000aa0000)
[0.961s][debug][gc,heap        ] GC(16)   from space 1088K,   2% used [0x0000120000bb0000, 0x0000120000bb6d98, 0x0000120000cc0000)
[0.961s][debug][gc,heap        ] GC(16)   to   space 1088K,   0% used [0x0000120000aa0000, 0x0000120000aa0000, 0x0000120000bb0000)
[0.961s][debug][gc,heap        ] GC(16)  tenured generation   total 21888K, used 2066K [0x000012000aca0000, 0x000012000c200000, 0x0000120020200000)
[0.961s][debug][gc,heap        ] GC(16)    the space 21888K,   9% used [0x000012000aca0000, 0x000012000aea48b8, 0x000012000aea4a00, 0x000012000c200000)
[0.961s][debug][gc,heap        ] GC(16)  Metaspace       used 369K, committed 512K, reserved 1114112K
[0.961s][debug][gc,heap        ] GC(16)   class space    used 63K, committed 128K, reserved 1048576K
[0.961s][info ][gc             ] GC(16) Pause Young (Allocation Failure) 10M->2M(31M) 0.945ms
[0.961s][info ][gc,cpu         ] GC(16) User=0.00s Sys=0.00s Real=0.00s
[0.961s][info ][safepoint      ] Safepoint "GenCollectForAllocation", Time since last: 47587976 ns, Reaching safepoint: 3578 ns, Cleanup: 3768 ns, At safepoint: 990273 ns, Total: 997619 ns
[1.008s][info ][gc,start       ] GC(17) Pause Young (Allocation Failure)
[1.008s][debug][gc,heap        ] GC(17) Heap before GC invocations=17 (full 2):
[1.008s][debug][gc,heap        ] GC(17)  def new generation   total 9920K, used 8859K [0x0000120000200000, 0x0000120000cc0000, 0x000012000aca0000)
[1.008s][debug][gc,heap        ] GC(17)   eden space 8832K, 100% used [0x0000120000200000, 0x0000120000aa0000, 0x0000120000aa0000)
[1.008s][debug][gc,heap        ] GC(17)   from space 1088K,   2% used [0x0000120000bb0000, 0x0000120000bb6d98, 0x0000120000cc0000)
[1.008s][debug][gc,heap        ] GC(17)   to   space 1088K,   0% used [0x0000120000aa0000, 0x0000120000aa0000, 0x0000120000bb0000)
[1.008s][debug][gc,heap        ] GC(17)  tenured generation   total 21888K, used 2066K [0x000012000aca0000, 0x000012000c200000, 0x0000120020200000)
[1.008s][debug][gc,heap        ] GC(17)    the space 21888K,   9% used [0x000012000aca0000, 0x000012000aea48b8, 0x000012000aea4a00, 0x000012000c200000)
[1.008s][debug][gc,heap        ] GC(17)  Metaspace       used 369K, committed 512K, reserved 1114112K
[1.008s][debug][gc,heap        ] GC(17)   class space    used 63K, committed 128K, reserved 1048576K
[1.008s][debug][gc,tlab        ] GC(17) TLAB totals: thrds: 2  refills: 101 max: 55 slow allocs: 0 max 0 waste:  0.6% gc: 54800B max: 54800B slow: 2464B max: 1728B
[1.009s][debug][gc,ref         ] GC(17) Skipped SoftWeakFinalRefsPhase of Reference Processing: no references
[1.009s][debug][gc,ref         ] GC(17) Skipped KeepAliveFinalRefsPhase of Reference Processing: no references
[1.009s][debug][gc,ref         ] GC(17) Skipped PhantomRefsPhase of Reference Processing: no references
[1.009s][debug][gc,phases,ref  ] GC(17) Reference Processing: 0.0ms
[1.009s][debug][gc,phases,ref  ] GC(17)   Notify Soft/WeakReferences: 0.0ms
[1.009s][debug][gc,phases,ref  ] GC(17)     SoftRef: skipped
[1.009s][debug][gc,phases,ref  ] GC(17)     WeakRef: skipped
[1.009s][debug][gc,phases,ref  ] GC(17)     FinalRef: skipped
[1.009s][debug][gc,phases,ref  ] GC(17)     Total: skipped
[1.009s][debug][gc,phases,ref  ] GC(17)   Notify and keep alive finalizable: 0.0ms
[1.009s][debug][gc,phases,ref  ] GC(17)     FinalRef: skipped
[1.009s][debug][gc,phases,ref  ] GC(17)   Notify PhantomReferences: 0.0ms
[1.009s][debug][gc,phases,ref  ] GC(17)     PhantomRef: skipped
[1.009s][debug][gc,phases,ref  ] GC(17)   SoftReference Discovered: 0, Dropped: 0, Processed: 0
[1.009s][debug][gc,phases,ref  ] GC(17)   WeakReference Discovered: 0, Dropped: 0, Processed: 0
[1.009s][debug][gc,phases,ref  ] GC(17)   FinalReference Discovered: 0, Dropped: 0, Processed: 0
[1.009s][debug][gc,phases,ref  ] GC(17)   PhantomReference Discovered: 0, Dropped: 0, Processed: 0
[1.009s][debug][gc,age         ] GC(17) Desired survivor size 557056 bytes, new threshold 15 (max threshold 15)
[1.009s][info ][gc,heap        ] GC(17) DefNew: 8859K(9920K)->0K(9920K) Eden: 8832K(8832K)->0K(8832K) From: 27K(1088K)->0K(1088K)
[1.009s][info ][gc,heap        ] GC(17) Tenured: 2066K(21888K)->2093K(21888K)
[1.009s][info ][gc,metaspace   ] GC(17) Metaspace: 369K(512K)->369K(512K) NonClass: 306K(384K)->306K(384K) Class: 63K(128K)->63K(128K)
[1.009s][debug][gc,heap        ] GC(17) Heap after GC invocations=18 (full 2):
[1.009s][debug][gc,heap        ] GC(17)  def new generation   total 9920K, used 0K [0x0000120000200000, 0x0000120000cc0000, 0x000012000aca0000)
[1.009s][debug][gc,heap        ] GC(17)   eden space 8832K,   0% used [0x0000120000200000, 0x0000120000200000, 0x0000120000aa0000)
[1.009s][debug][gc,heap        ] GC(17)   from space 1088K,   0% used [0x0000120000aa0000, 0x0000120000aa0150, 0x0000120000bb0000)
[1.009s][debug][gc,heap        ] GC(17)   to   space 1088K,   0% used [0x0000120000bb0000, 0x0000120000bb0000, 0x0000120000cc0000)
[1.009s][debug][gc,heap        ] GC(17)  tenured generation   total 21888K, used 2093K [0x000012000aca0000, 0x000012000c200000, 0x0000120020200000)
[1.009s][debug][gc,heap        ] GC(17)    the space 21888K,   9% used [0x000012000aca0000, 0x000012000aeab480, 0x000012000aeab600, 0x000012000c200000)
[1.009s][debug][gc,heap        ] GC(17)  Metaspace       used 369K, committed 512K, reserved 1114112K
[1.009s][debug][gc,heap        ] GC(17)   class space    used 63K, committed 128K, reserved 1048576K
[1.009s][info ][gc             ] GC(17) Pause Young (Allocation Failure) 10M->2M(31M) 0.778ms
[1.009s][info ][gc,cpu         ] GC(17) User=0.01s Sys=0.00s Real=0.00s
[1.009s][info ][safepoint      ] Safepoint "GenCollectForAllocation", Time since last: 47450802 ns, Reaching safepoint: 3406 ns, Cleanup: 3648 ns, At safepoint: 823327 ns, Total: 830381 ns
[1.058s][info ][gc,start       ] GC(18) Pause Young (Allocation Failure)
[1.058s][debug][gc,heap        ] GC(18) Heap before GC invocations=18 (full 2):
[1.058s][debug][gc,heap        ] GC(18)  def new generation   total 9920K, used 8832K [0x0000120000200000, 0x0000120000cc0000, 0x000012000aca0000)
[1.058s][debug][gc,heap        ] GC(18)   eden space 8832K, 100% used [0x0000120000200000, 0x0000120000aa0000, 0x0000120000aa0000)
[1.058s][debug][gc,heap        ] GC(18)   from space 1088K,   0% used [0x0000120000aa0000, 0x0000120000aa0150, 0x0000120000bb0000)
[1.058s][debug][gc,heap        ] GC(18)   to   space 1088K,   0% used [0x0000120000bb0000, 0x0000120000bb0000, 0x0000120000cc0000)
[1.058s][debug][gc,heap        ] GC(18)  tenured generation   total 21888K, used 2093K [0x000012000aca0000, 0x000012000c200000, 0x0000120020200000)
[1.058s][debug][gc,heap        ] GC(18)    the space 21888K,   9% used [0x000012000aca0000, 0x000012000aeab480, 0x000012000aeab600, 0x000012000c200000)
[1.058s][debug][gc,heap        ] GC(18)  Metaspace       used 369K, committed 512K, reserved 1114112K
[1.058s][debug][gc,heap        ] GC(18)   class space    used 63K, committed 128K, reserved 1048576K
[1.058s][debug][gc,tlab        ] GC(18) TLAB totals: thrds: 2  refills: 101 max: 53 slow allocs: 0 max 0 waste:  0.0% gc: 1848B max: 1848B slow: 2512B max: 1472B
[1.058s][debug][gc,ref         ] GC(18) Skipped SoftWeakFinalRefsPhase of Reference Processing: no references
[1.058s][debug][gc,ref         ] GC(18) Skipped KeepAliveFinalRefsPhase of Reference Processing: no references
[1.058s][debug][gc,ref         ] GC(18) Skipped PhantomRefsPhase of Reference Processing: no references
[1.058s][debug][gc,phases,ref  ] GC(18) Reference Processing: 0.0ms
[1.058s][debug][gc,phases,ref  ] GC(18)   Notify Soft/WeakReferences: 0.0ms
[1.058s][debug][gc,phases,ref  ] GC(18)     SoftRef: skipped
[1.058s][debug][gc,phases,ref  ] GC(18)     WeakRef: skipped
[1.058s][debug][gc,phases,ref  ] GC(18)     FinalRef: skipped
[1.058s][debug][gc,phases,ref  ] GC(18)     Total: skipped
[1.058s][debug][gc,phases,ref  ] GC(18)   Notify and keep alive finalizable: 0.0ms
[1.058s][debug][gc,phases,ref  ] GC(18)     FinalRef: skipped
[1.058s][debug][gc,phases,ref  ] GC(18)   Notify PhantomReferences: 0.0ms
[1.058s][debug][gc,phases,ref  ] GC(18)     PhantomRef: skipped
[1.058s][debug][gc,phases,ref  ] GC(18)   SoftReference Discovered: 0, Dropped: 0, Processed: 0
[1.058s][debug][gc,phases,ref  ] GC(18)   WeakReference Discovered: 0, Dropped: 0, Processed: 0
[1.058s][debug][gc,phases,ref  ] GC(18)   FinalReference Discovered: 0, Dropped: 0, Processed: 0
[1.058s][debug][gc,phases,ref  ] GC(18)   PhantomReference Discovered: 0, Dropped: 0, Processed: 0
[1.058s][debug][gc,age         ] GC(18) Desired survivor size 557056 bytes, new threshold 15 (max threshold 15)
[1.058s][info ][gc,heap        ] GC(18) DefNew: 8832K(9920K)->0K(9920K) Eden: 8832K(8832K)->0K(8832K) From: 0K(1088K)->0K(1088K)
[1.058s][info ][gc,heap        ] GC(18) Tenured: 2093K(21888K)->2093K(21888K)
[1.058s][info ][gc,metaspace   ] GC(18) Metaspace: 369K(512K)->369K(512K) NonClass: 306K(384K)->306K(384K) Class: 63K(128K)->63K(128K)
[1.058s][debug][gc,heap        ] GC(18) Heap after GC invocations=19 (full 2):
[1.058s][debug][gc,heap        ] GC(18)  def new generation   total 9920K, used 0K [0x0000120000200000, 0x0000120000cc0000, 0x000012000aca0000)
[1.058s][debug][gc,heap        ] GC(18)   eden space 8832K,   0% used [0x0000120000200000, 0x0000120000200000, 0x0000120000aa0000)
[1.058s][debug][gc,heap        ] GC(18)   from space 1088K,   0% used [0x0000120000bb0000, 0x0000120000bb00e8, 0x0000120000cc0000)
[1.058s][debug][gc,heap        ] GC(18)   to   space 1088K,   0% used [0x0000120000aa0000, 0x0000120000aa0000, 0x0000120000bb0000)
[1.058s][debug][gc,heap        ] GC(18)  tenured generation   total 21888K, used 2093K [0x000012000aca0000, 0x000012000c200000, 0x0000120020200000)
[1.058s][debug][gc,heap        ] GC(18)    the space 21888K,   9% used [0x000012000aca0000, 0x000012000aeab4a0, 0x000012000aeab600, 0x000012000c200000)
[1.058s][debug][gc,heap        ] GC(18)  Metaspace       used 369K, committed 512K, reserved 1114112K
[1.058s][debug][gc,heap        ] GC(18)   class space    used 63K, committed 128K, reserved 1048576K
[1.058s][info ][gc             ] GC(18) Pause Young (Allocation Failure) 10M->2M(31M) 0.478ms
[1.058s][info ][gc,cpu         ] GC(18) User=0.00s Sys=0.00s Real=0.00s
[1.058s][info ][safepoint      ] Safepoint "GenCollectForAllocation", Time since last: 48741121 ns, Reaching safepoint: 77319 ns, Cleanup: 3520 ns, At safepoint: 496465 ns, Total: 577304 ns
[1.116s][info ][gc,start       ] GC(19) Pause Young (Allocation Failure)
[1.116s][debug][gc,heap        ] GC(19) Heap before GC invocations=19 (full 2):
[1.116s][debug][gc,heap        ] GC(19)  def new generation   total 9920K, used 8832K [0x0000120000200000, 0x0000120000cc0000, 0x000012000aca0000)
[1.116s][debug][gc,heap        ] GC(19)   eden space 8832K, 100% used [0x0000120000200000, 0x0000120000aa0000, 0x0000120000aa0000)
[1.116s][debug][gc,heap        ] GC(19)   from space 1088K,   0% used [0x0000120000bb0000, 0x0000120000bb00e8, 0x0000120000cc0000)
[1.116s][debug][gc,heap        ] GC(19)   to   space 1088K,   0% used [0x0000120000aa0000, 0x0000120000aa0000, 0x0000120000bb0000)
[1.116s][debug][gc,heap        ] GC(19)  tenured generation   total 21888K, used 2093K [0x000012000aca0000, 0x000012000c200000, 0x0000120020200000)
[1.116s][debug][gc,heap        ] GC(19)    the space 21888K,   9% used [0x000012000aca0000, 0x000012000aeab4a0, 0x000012000aeab600, 0x000012000c200000)
[1.116s][debug][gc,heap        ] GC(19)  Metaspace       used 369K, committed 512K, reserved 1114112K
[1.116s][debug][gc,heap        ] GC(19)   class space    used 63K, committed 128K, reserved 1048576K
[1.116s][debug][gc,tlab        ] GC(19) TLAB totals: thrds: 2  refills: 102 max: 64 slow allocs: 0 max 0 waste:  0.1% gc: 3656B max: 3656B slow: 2816B max: 1776B
[1.116s][debug][gc,ref         ] GC(19) Skipped SoftWeakFinalRefsPhase of Reference Processing: no references
[1.116s][debug][gc,ref         ] GC(19) Skipped KeepAliveFinalRefsPhase of Reference Processing: no references
[1.116s][debug][gc,ref         ] GC(19) Skipped PhantomRefsPhase of Reference Processing: no references
[1.116s][debug][gc,phases,ref  ] GC(19) Reference Processing: 0.0ms
[1.116s][debug][gc,phases,ref  ] GC(19)   Notify Soft/WeakReferences: 0.0ms
[1.116s][debug][gc,phases,ref  ] GC(19)     SoftRef: skipped
[1.116s][debug][gc,phases,ref  ] GC(19)     WeakRef: skipped
[1.116s][debug][gc,phases,ref  ] GC(19)     FinalRef: skipped
[1.116s][debug][gc,phases,ref  ] GC(19)     Total: skipped
[1.116s][debug][gc,phases,ref  ] GC(19)   Notify and keep alive finalizable: 0.0ms
[1.116s][debug][gc,phases,ref  ] GC(19)     FinalRef: skipped
[1.116s][debug][gc,phases,ref  ] GC(19)   Notify PhantomReferences: 0.0ms
[1.116s][debug][gc,phases,ref  ] GC(19)     PhantomRef: skipped
[1.116s][debug][gc,phases,ref  ] GC(19)   SoftReference Discovered: 0, Dropped: 0, Processed: 0
[1.116s][debug][gc,phases,ref  ] GC(19)   WeakReference Discovered: 0, Dropped: 0, Processed: 0
[1.116s][debug][gc,phases,ref  ] GC(19)   FinalReference Discovered: 0, Dropped: 0, Processed: 0
[1.117s][debug][gc,phases,ref  ] GC(19)   PhantomReference Discovered: 0, Dropped: 0, Processed: 0
[1.117s][debug][gc,age         ] GC(19) Desired survivor size 557056 bytes, new threshold 15 (max threshold 15)
[1.117s][info ][gc,heap        ] GC(19) DefNew: 8832K(9920K)->0K(9920K) Eden: 8832K(8832K)->0K(8832K) From: 0K(1088K)->0K(1088K)
[1.117s][info ][gc,heap        ] GC(19) Tenured: 2093K(21888K)->2093K(21888K)
[1.117s][info ][gc,metaspace   ] GC(19) Metaspace: 369K(512K)->369K(512K) NonClass: 306K(384K)->306K(384K) Class: 63K(128K)->63K(128K)
[1.117s][debug][gc,heap        ] GC(19) Heap after GC invocations=20 (full 2):
[1.117s][debug][gc,heap        ] GC(19)  def new generation   total 9920K, used 0K [0x0000120000200000, 0x0000120000cc0000, 0x000012000aca0000)
[1.117s][debug][gc,heap        ] GC(19)   eden space 8832K,   0% used [0x0000120000200000, 0x0000120000200000, 0x0000120000aa0000)
[1.117s][debug][gc,heap        ] GC(19)   from space 1088K,   0% used [0x0000120000aa0000, 0x0000120000aa0170, 0x0000120000bb0000)
[1.117s][debug][gc,heap        ] GC(19)   to   space 1088K,   0% used [0x0000120000bb0000, 0x0000120000bb0000, 0x0000120000cc0000)
[1.117s][debug][gc,heap        ] GC(19)  tenured generation   total 21888K, used 2093K [0x000012000aca0000, 0x000012000c200000, 0x0000120020200000)
[1.117s][debug][gc,heap        ] GC(19)    the space 21888K,   9% used [0x000012000aca0000, 0x000012000aeab4a0, 0x000012000aeab600, 0x000012000c200000)
[1.117s][debug][gc,heap        ] GC(19)  Metaspace       used 369K, committed 512K, reserved 1114112K
[1.117s][debug][gc,heap        ] GC(19)   class space    used 63K, committed 128K, reserved 1048576K
[1.117s][info ][gc             ] GC(19) Pause Young (Allocation Failure) 10M->2M(31M) 0.552ms
[1.117s][info ][gc,cpu         ] GC(19) User=0.00s Sys=0.00s Real=0.00s
[1.117s][info ][safepoint      ] Safepoint "GenCollectForAllocation", Time since last: 57645517 ns, Reaching safepoint: 3631 ns, Cleanup: 3761 ns, At safepoint: 597143 ns, Total: 604535 ns
[1.165s][info ][gc,start       ] GC(20) Pause Young (Allocation Failure)
[1.165s][debug][gc,heap        ] GC(20) Heap before GC invocations=20 (full 2):
[1.165s][debug][gc,heap        ] GC(20)  def new generation   total 9920K, used 8832K [0x0000120000200000, 0x0000120000cc0000, 0x000012000aca0000)
[1.165s][debug][gc,heap        ] GC(20)   eden space 8832K, 100% used [0x0000120000200000, 0x0000120000aa0000, 0x0000120000aa0000)
[1.165s][debug][gc,heap        ] GC(20)   from space 1088K,   0% used [0x0000120000aa0000, 0x0000120000aa0170, 0x0000120000bb0000)
[1.165s][debug][gc,heap        ] GC(20)   to   space 1088K,   0% used [0x0000120000bb0000, 0x0000120000bb0000, 0x0000120000cc0000)
[1.165s][debug][gc,heap        ] GC(20)  tenured generation   total 21888K, used 2093K [0x000012000aca0000, 0x000012000c200000, 0x0000120020200000)
[1.165s][debug][gc,heap        ] GC(20)    the space 21888K,   9% used [0x000012000aca0000, 0x000012000aeab4a0, 0x000012000aeab600, 0x000012000c200000)
[1.165s][debug][gc,heap        ] GC(20)  Metaspace       used 369K, committed 512K, reserved 1114112K
[1.165s][debug][gc,heap        ] GC(20)   class space    used 63K, committed 128K, reserved 1048576K
[1.165s][debug][gc,tlab        ] GC(20) TLAB totals: thrds: 2  refills: 101 max: 53 slow allocs: 0 max 0 waste:  0.1% gc: 8248B max: 8248B slow: 2928B max: 1720B
[1.165s][debug][gc,ref         ] GC(20) Skipped SoftWeakFinalRefsPhase of Reference Processing: no references
[1.165s][debug][gc,ref         ] GC(20) Skipped KeepAliveFinalRefsPhase of Reference Processing: no references
[1.165s][debug][gc,ref         ] GC(20) Skipped PhantomRefsPhase of Reference Processing: no references
[1.165s][debug][gc,phases,ref  ] GC(20) Reference Processing: 0.0ms
[1.165s][debug][gc,phases,ref  ] GC(20)   Notify Soft/WeakReferences: 0.0ms
[1.165s][debug][gc,phases,ref  ] GC(20)     SoftRef: skipped
[1.165s][debug][gc,phases,ref  ] GC(20)     WeakRef: skipped
[1.165s][debug][gc,phases,ref  ] GC(20)     FinalRef: skipped
[1.165s][debug][gc,phases,ref  ] GC(20)     Total: skipped
[1.165s][debug][gc,phases,ref  ] GC(20)   Notify and keep alive finalizable: 0.0ms
[1.165s][debug][gc,phases,ref  ] GC(20)     FinalRef: skipped
[1.165s][debug][gc,phases,ref  ] GC(20)   Notify PhantomReferences: 0.0ms
[1.165s][debug][gc,phases,ref  ] GC(20)     PhantomRef: skipped
[1.165s][debug][gc,phases,ref  ] GC(20)   SoftReference Discovered: 0, Dropped: 0, Processed: 0
[1.165s][debug][gc,phases,ref  ] GC(20)   WeakReference Discovered: 0, Dropped: 0, Processed: 0
[1.165s][debug][gc,phases,ref  ] GC(20)   FinalReference Discovered: 0, Dropped: 0, Processed: 0
[1.165s][debug][gc,phases,ref  ] GC(20)   PhantomReference Discovered: 0, Dropped: 0, Processed: 0
[1.165s][debug][gc,age         ] GC(20) Desired survivor size 557056 bytes, new threshold 15 (max threshold 15)
[1.165s][info ][gc,heap        ] GC(20) DefNew: 8832K(9920K)->0K(9920K) Eden: 8832K(8832K)->0K(8832K) From: 0K(1088K)->0K(1088K)
[1.165s][info ][gc,heap        ] GC(20) Tenured: 2093K(21888K)->2093K(21888K)
[1.165s][info ][gc,metaspace   ] GC(20) Metaspace: 369K(512K)->369K(512K) NonClass: 306K(384K)->306K(384K) Class: 63K(128K)->63K(128K)
[1.165s][debug][gc,heap        ] GC(20) Heap after GC invocations=21 (full 2):
[1.165s][debug][gc,heap        ] GC(20)  def new generation   total 9920K, used 0K [0x0000120000200000, 0x0000120000cc0000, 0x000012000aca0000)
[1.165s][debug][gc,heap        ] GC(20)   eden space 8832K,   0% used [0x0000120000200000, 0x0000120000200000, 0x0000120000aa0000)
[1.165s][debug][gc,heap        ] GC(20)   from space 1088K,   0% used [0x0000120000bb0000, 0x0000120000bb00d0, 0x0000120000cc0000)
[1.165s][debug][gc,heap        ] GC(20)   to   space 1088K,   0% used [0x0000120000aa0000, 0x0000120000aa0000, 0x0000120000bb0000)
[1.165s][debug][gc,heap        ] GC(20)  tenured generation   total 21888K, used 2093K [0x000012000aca0000, 0x000012000c200000, 0x0000120020200000)
[1.165s][debug][gc,heap        ] GC(20)    the space 21888K,   9% used [0x000012000aca0000, 0x000012000aeab4a0, 0x000012000aeab600, 0x000012000c200000)
[1.165s][debug][gc,heap        ] GC(20)  Metaspace       used 369K, committed 512K, reserved 1114112K
[1.165s][debug][gc,heap        ] GC(20)   class space    used 63K, committed 128K, reserved 1048576K
[1.165s][info ][gc             ] GC(20) Pause Young (Allocation Failure) 10M->2M(31M) 0.616ms
[1.165s][info ][gc,cpu         ] GC(20) User=0.00s Sys=0.00s Real=0.00s
[1.165s][info ][safepoint      ] Safepoint "GenCollectForAllocation", Time since last: 47812602 ns, Reaching safepoint: 76560 ns, Cleanup: 3330 ns, At safepoint: 665425 ns, Total: 745315 ns
[1.213s][info ][gc,start       ] GC(21) Pause Young (Allocation Failure)
[1.213s][debug][gc,heap        ] GC(21) Heap before GC invocations=21 (full 2):
[1.213s][debug][gc,heap        ] GC(21)  def new generation   total 9920K, used 8832K [0x0000120000200000, 0x0000120000cc0000, 0x000012000aca0000)
[1.213s][debug][gc,heap        ] GC(21)   eden space 8832K, 100% used [0x0000120000200000, 0x0000120000aa0000, 0x0000120000aa0000)
[1.213s][debug][gc,heap        ] GC(21)   from space 1088K,   0% used [0x0000120000bb0000, 0x0000120000bb00d0, 0x0000120000cc0000)
[1.213s][debug][gc,heap        ] GC(21)   to   space 1088K,   0% used [0x0000120000aa0000, 0x0000120000aa0000, 0x0000120000bb0000)
[1.213s][debug][gc,heap        ] GC(21)  tenured generation   total 21888K, used 2093K [0x000012000aca0000, 0x000012000c200000, 0x0000120020200000)
[1.213s][debug][gc,heap        ] GC(21)    the space 21888K,   9% used [0x000012000aca0000, 0x000012000aeab4a0, 0x000012000aeab600, 0x000012000c200000)
[1.213s][debug][gc,heap        ] GC(21)  Metaspace       used 369K, committed 512K, reserved 1114112K
[1.213s][debug][gc,heap        ] GC(21)   class space    used 63K, committed 128K, reserved 1048576K
[1.213s][debug][gc,tlab        ] GC(21) TLAB totals: thrds: 2  refills: 101 max: 53 slow allocs: 0 max 0 waste:  0.8% gc: 66720B max: 66720B slow: 2320B max: 1264B
[1.213s][debug][gc,ref         ] GC(21) Skipped SoftWeakFinalRefsPhase of Reference Processing: no references
[1.213s][debug][gc,ref         ] GC(21) Skipped KeepAliveFinalRefsPhase of Reference Processing: no references
[1.213s][debug][gc,ref         ] GC(21) Skipped PhantomRefsPhase of Reference Processing: no references
[1.213s][debug][gc,phases,ref  ] GC(21) Reference Processing: 0.0ms
[1.213s][debug][gc,phases,ref  ] GC(21)   Notify Soft/WeakReferences: 0.0ms
[1.213s][debug][gc,phases,ref  ] GC(21)     SoftRef: skipped
[1.213s][debug][gc,phases,ref  ] GC(21)     WeakRef: skipped
[1.213s][debug][gc,phases,ref  ] GC(21)     FinalRef: skipped
[1.213s][debug][gc,phases,ref  ] GC(21)     Total: skipped
[1.213s][debug][gc,phases,ref  ] GC(21)   Notify and keep alive finalizable: 0.0ms
[1.213s][debug][gc,phases,ref  ] GC(21)     FinalRef: skipped
[1.213s][debug][gc,phases,ref  ] GC(21)   Notify PhantomReferences: 0.0ms
[1.213s][debug][gc,phases,ref  ] GC(21)     PhantomRef: skipped
[1.213s][debug][gc,phases,ref  ] GC(21)   SoftReference Discovered: 0, Dropped: 0, Processed: 0
[1.213s][debug][gc,phases,ref  ] GC(21)   WeakReference Discovered: 0, Dropped: 0, Processed: 0
[1.213s][debug][gc,phases,ref  ] GC(21)   FinalReference Discovered: 0, Dropped: 0, Processed: 0
[1.213s][debug][gc,phases,ref  ] GC(21)   PhantomReference Discovered: 0, Dropped: 0, Processed: 0
[1.213s][debug][gc,age         ] GC(21) Desired survivor size 557056 bytes, new threshold 15 (max threshold 15)
[1.213s][info ][gc,heap        ] GC(21) DefNew: 8832K(9920K)->0K(9920K) Eden: 8832K(8832K)->0K(8832K) From: 0K(1088K)->0K(1088K)
[1.213s][info ][gc,heap        ] GC(21) Tenured: 2093K(21888K)->2093K(21888K)
[1.213s][info ][gc,metaspace   ] GC(21) Metaspace: 369K(512K)->369K(512K) NonClass: 306K(384K)->306K(384K) Class: 63K(128K)->63K(128K)
[1.213s][debug][gc,heap        ] GC(21) Heap after GC invocations=22 (full 2):
[1.213s][debug][gc,heap        ] GC(21)  def new generation   total 9920K, used 0K [0x0000120000200000, 0x0000120000cc0000, 0x000012000aca0000)
[1.213s][debug][gc,heap        ] GC(21)   eden space 8832K,   0% used [0x0000120000200000, 0x0000120000200000, 0x0000120000aa0000)
[1.213s][debug][gc,heap        ] GC(21)   from space 1088K,   0% used [0x0000120000aa0000, 0x0000120000aa00e8, 0x0000120000bb0000)
[1.213s][debug][gc,heap        ] GC(21)   to   space 1088K,   0% used [0x0000120000bb0000, 0x0000120000bb0000, 0x0000120000cc0000)
[1.213s][debug][gc,heap        ] GC(21)  tenured generation   total 21888K, used 2093K [0x000012000aca0000, 0x000012000c200000, 0x0000120020200000)
[1.213s][debug][gc,heap        ] GC(21)    the space 21888K,   9% used [0x000012000aca0000, 0x000012000aeab4a0, 0x000012000aeab600, 0x000012000c200000)
[1.213s][debug][gc,heap        ] GC(21)  Metaspace       used 369K, committed 512K, reserved 1114112K
[1.213s][debug][gc,heap        ] GC(21)   class space    used 63K, committed 128K, reserved 1048576K
[1.213s][info ][gc             ] GC(21) Pause Young (Allocation Failure) 10M->2M(31M) 0.673ms
[1.213s][info ][gc,cpu         ] GC(21) User=0.00s Sys=0.00s Real=0.00s
[1.213s][info ][safepoint      ] Safepoint "GenCollectForAllocation", Time since last: 47396693 ns, Reaching safepoint: 3388 ns, Cleanup: 3533 ns, At safepoint: 716692 ns, Total: 723613 ns
[1.261s][info ][gc,start       ] GC(22) Pause Young (Allocation Failure)
[1.261s][debug][gc,heap        ] GC(22) Heap before GC invocations=22 (full 2):
[1.261s][debug][gc,heap        ] GC(22)  def new generation   total 9920K, used 8832K [0x0000120000200000, 0x0000120000cc0000, 0x000012000aca0000)
[1.261s][debug][gc,heap        ] GC(22)   eden space 8832K, 100% used [0x0000120000200000, 0x0000120000aa0000, 0x0000120000aa0000)
[1.261s][debug][gc,heap        ] GC(22)   from space 1088K,   0% used [0x0000120000aa0000, 0x0000120000aa00e8, 0x0000120000bb0000)
[1.261s][debug][gc,heap        ] GC(22)   to   space 1088K,   0% used [0x0000120000bb0000, 0x0000120000bb0000, 0x0000120000cc0000)
[1.261s][debug][gc,heap        ] GC(22)  tenured generation   total 21888K, used 2093K [0x000012000aca0000, 0x000012000c200000, 0x0000120020200000)
[1.261s][debug][gc,heap        ] GC(22)    the space 21888K,   9% used [0x000012000aca0000, 0x000012000aeab4a0, 0x000012000aeab600, 0x000012000c200000)
[1.261s][debug][gc,heap        ] GC(22)  Metaspace       used 369K, committed 512K, reserved 1114112K
[1.261s][debug][gc,heap        ] GC(22)   class space    used 63K, committed 128K, reserved 1048576K
[1.261s][debug][gc,tlab        ] GC(22) TLAB totals: thrds: 2  refills: 101 max: 52 slow allocs: 0 max 0 waste:  0.1% gc: 8376B max: 8376B slow: 2008B max: 1224B
[1.261s][debug][gc,ref         ] GC(22) Skipped SoftWeakFinalRefsPhase of Reference Processing: no references
[1.261s][debug][gc,ref         ] GC(22) Skipped KeepAliveFinalRefsPhase of Reference Processing: no references
[1.261s][debug][gc,ref         ] GC(22) Skipped PhantomRefsPhase of Reference Processing: no references
[1.261s][debug][gc,phases,ref  ] GC(22) Reference Processing: 0.0ms
[1.261s][debug][gc,phases,ref  ] GC(22)   Notify Soft/WeakReferences: 0.0ms
[1.261s][debug][gc,phases,ref  ] GC(22)     SoftRef: skipped
[1.261s][debug][gc,phases,ref  ] GC(22)     WeakRef: skipped
[1.261s][debug][gc,phases,ref  ] GC(22)     FinalRef: skipped
[1.261s][debug][gc,phases,ref  ] GC(22)     Total: skipped
[1.261s][debug][gc,phases,ref  ] GC(22)   Notify and keep alive finalizable: 0.0ms
[1.261s][debug][gc,phases,ref  ] GC(22)     FinalRef: skipped
[1.261s][debug][gc,phases,ref  ] GC(22)   Notify PhantomReferences: 0.0ms
[1.261s][debug][gc,phases,ref  ] GC(22)     PhantomRef: skipped
[1.261s][debug][gc,phases,ref  ] GC(22)   SoftReference Discovered: 0, Dropped: 0, Processed: 0
[1.261s][debug][gc,phases,ref  ] GC(22)   WeakReference Discovered: 0, Dropped: 0, Processed: 0
[1.261s][debug][gc,phases,ref  ] GC(22)   FinalReference Discovered: 0, Dropped: 0, Processed: 0
[1.261s][debug][gc,phases,ref  ] GC(22)   PhantomReference Discovered: 0, Dropped: 0, Processed: 0
[1.261s][debug][gc,age         ] GC(22) Desired survivor size 557056 bytes, new threshold 15 (max threshold 15)
[1.261s][info ][gc,heap        ] GC(22) DefNew: 8832K(9920K)->0K(9920K) Eden: 8832K(8832K)->0K(8832K) From: 0K(1088K)->0K(1088K)
[1.261s][info ][gc,heap        ] GC(22) Tenured: 2093K(21888K)->2093K(21888K)
[1.261s][info ][gc,metaspace   ] GC(22) Metaspace: 369K(512K)->369K(512K) NonClass: 306K(384K)->306K(384K) Class: 63K(128K)->63K(128K)
[1.261s][debug][gc,heap        ] GC(22) Heap after GC invocations=23 (full 2):
[1.261s][debug][gc,heap        ] GC(22)  def new generation   total 9920K, used 0K [0x0000120000200000, 0x0000120000cc0000, 0x000012000aca0000)
[1.261s][debug][gc,heap        ] GC(22)   eden space 8832K,   0% used [0x0000120000200000, 0x0000120000200000, 0x0000120000aa0000)
[1.261s][debug][gc,heap        ] GC(22)   from space 1088K,   0% used [0x0000120000bb0000, 0x0000120000bb0128, 0x0000120000cc0000)
[1.261s][debug][gc,heap        ] GC(22)   to   space 1088K,   0% used [0x0000120000aa0000, 0x0000120000aa0000, 0x0000120000bb0000)
[1.261s][debug][gc,heap        ] GC(22)  tenured generation   total 21888K, used 2093K [0x000012000aca0000, 0x000012000c200000, 0x0000120020200000)
[1.261s][debug][gc,heap        ] GC(22)    the space 21888K,   9% used [0x000012000aca0000, 0x000012000aeab4a0, 0x000012000aeab600, 0x000012000c200000)
[1.261s][debug][gc,heap        ] GC(22)  Metaspace       used 369K, committed 512K, reserved 1114112K
[1.261s][debug][gc,heap        ] GC(22)   class space    used 63K, committed 128K, reserved 1048576K
[1.261s][info ][gc             ] GC(22) Pause Young (Allocation Failure) 10M->2M(31M) 0.551ms
[1.261s][info ][gc,cpu         ] GC(22) User=0.00s Sys=0.00s Real=0.00s
[1.261s][info ][safepoint      ] Safepoint "GenCollectForAllocation", Time since last: 47451125 ns, Reaching safepoint: 3493 ns, Cleanup: 3742 ns, At safepoint: 595898 ns, Total: 603133 ns
[1.309s][info ][gc,start       ] GC(23) Pause Young (Allocation Failure)
[1.309s][debug][gc,heap        ] GC(23) Heap before GC invocations=23 (full 2):
[1.309s][debug][gc,heap        ] GC(23)  def new generation   total 9920K, used 8832K [0x0000120000200000, 0x0000120000cc0000, 0x000012000aca0000)
[1.309s][debug][gc,heap        ] GC(23)   eden space 8832K, 100% used [0x0000120000200000, 0x0000120000aa0000, 0x0000120000aa0000)
[1.309s][debug][gc,heap        ] GC(23)   from space 1088K,   0% used [0x0000120000bb0000, 0x0000120000bb0128, 0x0000120000cc0000)
[1.310s][debug][gc,heap        ] GC(23)   to   space 1088K,   0% used [0x0000120000aa0000, 0x0000120000aa0000, 0x0000120000bb0000)
[1.310s][debug][gc,heap        ] GC(23)  tenured generation   total 21888K, used 2093K [0x000012000aca0000, 0x000012000c200000, 0x0000120020200000)
[1.310s][debug][gc,heap        ] GC(23)    the space 21888K,   9% used [0x000012000aca0000, 0x000012000aeab4a0, 0x000012000aeab600, 0x000012000c200000)
[1.310s][debug][gc,heap        ] GC(23)  Metaspace       used 369K, committed 512K, reserved 1114112K
[1.310s][debug][gc,heap        ] GC(23)   class space    used 63K, committed 128K, reserved 1048576K
[1.310s][debug][gc,tlab        ] GC(23) TLAB totals: thrds: 2  refills: 101 max: 51 slow allocs: 0 max 0 waste:  0.6% gc: 53752B max: 53752B slow: 2480B max: 1392B
[1.310s][debug][gc,ref         ] GC(23) Skipped SoftWeakFinalRefsPhase of Reference Processing: no references
[1.310s][debug][gc,ref         ] GC(23) Skipped KeepAliveFinalRefsPhase of Reference Processing: no references
[1.310s][debug][gc,ref         ] GC(23) Skipped PhantomRefsPhase of Reference Processing: no references
[1.310s][debug][gc,phases,ref  ] GC(23) Reference Processing: 0.0ms
[1.310s][debug][gc,phases,ref  ] GC(23)   Notify Soft/WeakReferences: 0.0ms
[1.310s][debug][gc,phases,ref  ] GC(23)     SoftRef: skipped
[1.310s][debug][gc,phases,ref  ] GC(23)     WeakRef: skipped
[1.310s][debug][gc,phases,ref  ] GC(23)     FinalRef: skipped
[1.310s][debug][gc,phases,ref  ] GC(23)     Total: skipped
[1.310s][debug][gc,phases,ref  ] GC(23)   Notify and keep alive finalizable: 0.0ms
[1.310s][debug][gc,phases,ref  ] GC(23)     FinalRef: skipped
[1.310s][debug][gc,phases,ref  ] GC(23)   Notify PhantomReferences: 0.0ms
[1.310s][debug][gc,phases,ref  ] GC(23)     PhantomRef: skipped
[1.310s][debug][gc,phases,ref  ] GC(23)   SoftReference Discovered: 0, Dropped: 0, Processed: 0
[1.310s][debug][gc,phases,ref  ] GC(23)   WeakReference Discovered: 0, Dropped: 0, Processed: 0
[1.310s][debug][gc,phases,ref  ] GC(23)   FinalReference Discovered: 0, Dropped: 0, Processed: 0
[1.310s][debug][gc,phases,ref  ] GC(23)   PhantomReference Discovered: 0, Dropped: 0, Processed: 0
[1.310s][debug][gc,age         ] GC(23) Desired survivor size 557056 bytes, new threshold 15 (max threshold 15)
[1.310s][info ][gc,heap        ] GC(23) DefNew: 8832K(9920K)->0K(9920K) Eden: 8832K(8832K)->0K(8832K) From: 0K(1088K)->0K(1088K)
[1.310s][info ][gc,heap        ] GC(23) Tenured: 2093K(21888K)->2093K(21888K)
[1.310s][info ][gc,metaspace   ] GC(23) Metaspace: 369K(512K)->369K(512K) NonClass: 306K(384K)->306K(384K) Class: 63K(128K)->63K(128K)
[1.310s][debug][gc,heap        ] GC(23) Heap after GC invocations=24 (full 2):
[1.310s][debug][gc,heap        ] GC(23)  def new generation   total 9920K, used 0K [0x0000120000200000, 0x0000120000cc0000, 0x000012000aca0000)
[1.310s][debug][gc,heap        ] GC(23)   eden space 8832K,   0% used [0x0000120000200000, 0x0000120000200000, 0x0000120000aa0000)
[1.310s][debug][gc,heap        ] GC(23)   from space 1088K,   0% used [0x0000120000aa0000, 0x0000120000aa0180, 0x0000120000bb0000)
[1.310s][debug][gc,heap        ] GC(23)   to   space 1088K,   0% used [0x0000120000bb0000, 0x0000120000bb0000, 0x0000120000cc0000)
[1.310s][debug][gc,heap        ] GC(23)  tenured generation   total 21888K, used 2093K [0x000012000aca0000, 0x000012000c200000, 0x0000120020200000)
[1.310s][debug][gc,heap        ] GC(23)    the space 21888K,   9% used [0x000012000aca0000, 0x000012000aeab4a0, 0x000012000aeab600, 0x000012000c200000)
[1.310s][debug][gc,heap        ] GC(23)  Metaspace       used 369K, committed 512K, reserved 1114112K
[1.310s][debug][gc,heap        ] GC(23)   class space    used 63K, committed 128K, reserved 1048576K
[1.310s][info ][gc             ] GC(23) Pause Young (Allocation Failure) 10M->2M(31M) 0.643ms
[1.310s][info ][gc,cpu         ] GC(23) User=0.00s Sys=0.00s Real=0.00s
[1.310s][info ][safepoint      ] Safepoint "GenCollectForAllocation", Time since last: 47954964 ns, Reaching safepoint: 3720 ns, Cleanup: 3764 ns, At safepoint: 686399 ns, Total: 693883 ns
[1.357s][info ][gc,start       ] GC(24) Pause Young (Allocation Failure)
[1.357s][debug][gc,heap        ] GC(24) Heap before GC invocations=24 (full 2):
[1.357s][debug][gc,heap        ] GC(24)  def new generation   total 9920K, used 8832K [0x0000120000200000, 0x0000120000cc0000, 0x000012000aca0000)
[1.357s][debug][gc,heap        ] GC(24)   eden space 8832K, 100% used [0x0000120000200000, 0x0000120000aa0000, 0x0000120000aa0000)
[1.357s][debug][gc,heap        ] GC(24)   from space 1088K,   0% used [0x0000120000aa0000, 0x0000120000aa0180, 0x0000120000bb0000)
[1.357s][debug][gc,heap        ] GC(24)   to   space 1088K,   0% used [0x0000120000bb0000, 0x0000120000bb0000, 0x0000120000cc0000)
[1.357s][debug][gc,heap        ] GC(24)  tenured generation   total 21888K, used 2093K [0x000012000aca0000, 0x000012000c200000, 0x0000120020200000)
[1.357s][debug][gc,heap        ] GC(24)    the space 21888K,   9% used [0x000012000aca0000, 0x000012000aeab4a0, 0x000012000aeab600, 0x000012000c200000)
[1.357s][debug][gc,heap        ] GC(24)  Metaspace       used 369K, committed 512K, reserved 1114112K
[1.357s][debug][gc,heap        ] GC(24)   class space    used 63K, committed 128K, reserved 1048576K
[1.357s][debug][gc,tlab        ] GC(24) TLAB totals: thrds: 2  refills: 101 max: 51 slow allocs: 0 max 0 waste:  0.2% gc: 15816B max: 15816B slow: 2040B max: 1216B
[1.357s][debug][gc,ref         ] GC(24) Skipped SoftWeakFinalRefsPhase of Reference Processing: no references
[1.357s][debug][gc,ref         ] GC(24) Skipped KeepAliveFinalRefsPhase of Reference Processing: no references
[1.358s][debug][gc,ref         ] GC(24) Skipped PhantomRefsPhase of Reference Processing: no references
[1.358s][debug][gc,phases,ref  ] GC(24) Reference Processing: 0.0ms
[1.358s][debug][gc,phases,ref  ] GC(24)   Notify Soft/WeakReferences: 0.0ms
[1.358s][debug][gc,phases,ref  ] GC(24)     SoftRef: skipped
[1.358s][debug][gc,phases,ref  ] GC(24)     WeakRef: skipped
[1.358s][debug][gc,phases,ref  ] GC(24)     FinalRef: skipped
[1.358s][debug][gc,phases,ref  ] GC(24)     Total: skipped
[1.358s][debug][gc,phases,ref  ] GC(24)   Notify and keep alive finalizable: 0.0ms
[1.358s][debug][gc,phases,ref  ] GC(24)     FinalRef: skipped
[1.358s][debug][gc,phases,ref  ] GC(24)   Notify PhantomReferences: 0.0ms
[1.358s][debug][gc,phases,ref  ] GC(24)     PhantomRef: skipped
[1.358s][debug][gc,phases,ref  ] GC(24)   SoftReference Discovered: 0, Dropped: 0, Processed: 0
[1.358s][debug][gc,phases,ref  ] GC(24)   WeakReference Discovered: 0, Dropped: 0, Processed: 0
[1.358s][debug][gc,phases,ref  ] GC(24)   FinalReference Discovered: 0, Dropped: 0, Processed: 0
[1.358s][debug][gc,phases,ref  ] GC(24)   PhantomReference Discovered: 0, Dropped: 0, Processed: 0
[1.358s][debug][gc,age         ] GC(24) Desired survivor size 557056 bytes, new threshold 15 (max threshold 15)
[1.358s][info ][gc,heap        ] GC(24) DefNew: 8832K(9920K)->0K(9920K) Eden: 8832K(8832K)->0K(8832K) From: 0K(1088K)->0K(1088K)
[1.358s][info ][gc,heap        ] GC(24) Tenured: 2093K(21888K)->2093K(21888K)
[1.358s][info ][gc,metaspace   ] GC(24) Metaspace: 369K(512K)->369K(512K) NonClass: 306K(384K)->306K(384K) Class: 63K(128K)->63K(128K)
[1.358s][debug][gc,heap        ] GC(24) Heap after GC invocations=25 (full 2):
[1.358s][debug][gc,heap        ] GC(24)  def new generation   total 9920K, used 0K [0x0000120000200000, 0x0000120000cc0000, 0x000012000aca0000)
[1.358s][debug][gc,heap        ] GC(24)   eden space 8832K,   0% used [0x0000120000200000, 0x0000120000200000, 0x0000120000aa0000)
[1.358s][debug][gc,heap        ] GC(24)   from space 1088K,   0% used [0x0000120000bb0000, 0x0000120000bb0130, 0x0000120000cc0000)
[1.358s][debug][gc,heap        ] GC(24)   to   space 1088K,   0% used [0x0000120000aa0000, 0x0000120000aa0000, 0x0000120000bb0000)
[1.358s][debug][gc,heap        ] GC(24)  tenured generation   total 21888K, used 2093K [0x000012000aca0000, 0x000012000c200000, 0x0000120020200000)
[1.358s][debug][gc,heap        ] GC(24)    the space 21888K,   9% used [0x000012000aca0000, 0x000012000aeab4a0, 0x000012000aeab600, 0x000012000c200000)
[1.358s][debug][gc,heap        ] GC(24)  Metaspace       used 369K, committed 512K, reserved 1114112K
[1.358s][debug][gc,heap        ] GC(24)   class space    used 63K, committed 128K, reserved 1048576K
[1.358s][info ][gc             ] GC(24) Pause Young (Allocation Failure) 10M->2M(31M) 0.679ms
[1.358s][info ][gc,cpu         ] GC(24) User=0.00s Sys=0.00s Real=0.00s
[1.358s][info ][safepoint      ] Safepoint "GenCollectForAllocation", Time since last: 47025197 ns, Reaching safepoint: 3788 ns, Cleanup: 3621 ns, At safepoint: 723615 ns, Total: 731024 ns
[1.406s][info ][gc,start       ] GC(25) Pause Young (Allocation Failure)
[1.406s][debug][gc,heap        ] GC(25) Heap before GC invocations=25 (full 2):
[1.406s][debug][gc,heap        ] GC(25)  def new generation   total 9920K, used 8832K [0x0000120000200000, 0x0000120000cc0000, 0x000012000aca0000)
[1.406s][debug][gc,heap        ] GC(25)   eden space 8832K, 100% used [0x0000120000200000, 0x0000120000aa0000, 0x0000120000aa0000)
[1.406s][debug][gc,heap        ] GC(25)   from space 1088K,   0% used [0x0000120000bb0000, 0x0000120000bb0130, 0x0000120000cc0000)
[1.406s][debug][gc,heap        ] GC(25)   to   space 1088K,   0% used [0x0000120000aa0000, 0x0000120000aa0000, 0x0000120000bb0000)
[1.406s][debug][gc,heap        ] GC(25)  tenured generation   total 21888K, used 2093K [0x000012000aca0000, 0x000012000c200000, 0x0000120020200000)
[1.406s][debug][gc,heap        ] GC(25)    the space 21888K,   9% used [0x000012000aca0000, 0x000012000aeab4a0, 0x000012000aeab600, 0x000012000c200000)
[1.406s][debug][gc,heap        ] GC(25)  Metaspace       used 369K, committed 512K, reserved 1114112K
[1.406s][debug][gc,heap        ] GC(25)   class space    used 63K, committed 128K, reserved 1048576K
[1.406s][debug][gc,tlab        ] GC(25) TLAB totals: thrds: 2  refills: 101 max: 51 slow allocs: 0 max 0 waste:  0.1% gc: 6328B max: 6328B slow: 2864B max: 1512B
[1.406s][debug][gc,ref         ] GC(25) Skipped SoftWeakFinalRefsPhase of Reference Processing: no references
[1.406s][debug][gc,ref         ] GC(25) Skipped KeepAliveFinalRefsPhase of Reference Processing: no references
[1.406s][debug][gc,ref         ] GC(25) Skipped PhantomRefsPhase of Reference Processing: no references
[1.406s][debug][gc,phases,ref  ] GC(25) Reference Processing: 0.0ms
[1.406s][debug][gc,phases,ref  ] GC(25)   Notify Soft/WeakReferences: 0.0ms
[1.406s][debug][gc,phases,ref  ] GC(25)     SoftRef: skipped
[1.406s][debug][gc,phases,ref  ] GC(25)     WeakRef: skipped
[1.406s][debug][gc,phases,ref  ] GC(25)     FinalRef: skipped
[1.406s][debug][gc,phases,ref  ] GC(25)     Total: skipped
[1.406s][debug][gc,phases,ref  ] GC(25)   Notify and keep alive finalizable: 0.0ms
[1.406s][debug][gc,phases,ref  ] GC(25)     FinalRef: skipped
[1.406s][debug][gc,phases,ref  ] GC(25)   Notify PhantomReferences: 0.0ms
[1.406s][debug][gc,phases,ref  ] GC(25)     PhantomRef: skipped
[1.406s][debug][gc,phases,ref  ] GC(25)   SoftReference Discovered: 0, Dropped: 0, Processed: 0
[1.406s][debug][gc,phases,ref  ] GC(25)   WeakReference Discovered: 0, Dropped: 0, Processed: 0
[1.406s][debug][gc,phases,ref  ] GC(25)   FinalReference Discovered: 0, Dropped: 0, Processed: 0
[1.406s][debug][gc,phases,ref  ] GC(25)   PhantomReference Discovered: 0, Dropped: 0, Processed: 0
[1.406s][debug][gc,age         ] GC(25) Desired survivor size 557056 bytes, new threshold 15 (max threshold 15)
[1.406s][info ][gc,heap        ] GC(25) DefNew: 8832K(9920K)->0K(9920K) Eden: 8832K(8832K)->0K(8832K) From: 0K(1088K)->0K(1088K)
[1.406s][info ][gc,heap        ] GC(25) Tenured: 2093K(21888K)->2093K(21888K)
[1.406s][info ][gc,metaspace   ] GC(25) Metaspace: 369K(512K)->369K(512K) NonClass: 306K(384K)->306K(384K) Class: 63K(128K)->63K(128K)
[1.406s][debug][gc,heap        ] GC(25) Heap after GC invocations=26 (full 2):
[1.406s][debug][gc,heap        ] GC(25)  def new generation   total 9920K, used 0K [0x0000120000200000, 0x0000120000cc0000, 0x000012000aca0000)
[1.406s][debug][gc,heap        ] GC(25)   eden space 8832K,   0% used [0x0000120000200000, 0x0000120000200000, 0x0000120000aa0000)
[1.406s][debug][gc,heap        ] GC(25)   from space 1088K,   0% used [0x0000120000aa0000, 0x0000120000aa0120, 0x0000120000bb0000)
[1.406s][debug][gc,heap        ] GC(25)   to   space 1088K,   0% used [0x0000120000bb0000, 0x0000120000bb0000, 0x0000120000cc0000)
[1.406s][debug][gc,heap        ] GC(25)  tenured generation   total 21888K, used 2093K [0x000012000aca0000, 0x000012000c200000, 0x0000120020200000)
[1.406s][debug][gc,heap        ] GC(25)    the space 21888K,   9% used [0x000012000aca0000, 0x000012000aeab4a0, 0x000012000aeab600, 0x000012000c200000)
[1.406s][debug][gc,heap        ] GC(25)  Metaspace       used 369K, committed 512K, reserved 1114112K
[1.406s][debug][gc,heap        ] GC(25)   class space    used 63K, committed 128K, reserved 1048576K
[1.406s][info ][gc             ] GC(25) Pause Young (Allocation Failure) 10M->2M(31M) 0.603ms
[1.406s][info ][gc,cpu         ] GC(25) User=0.00s Sys=0.00s Real=0.00s
[1.406s][info ][safepoint      ] Safepoint "GenCollectForAllocation", Time since last: 47602900 ns, Reaching safepoint: 76563 ns, Cleanup: 3413 ns, At safepoint: 646112 ns, Total: 726088 ns
[1.455s][info ][gc,start       ] GC(26) Pause Young (Allocation Failure)
[1.455s][debug][gc,heap        ] GC(26) Heap before GC invocations=26 (full 2):
[1.455s][debug][gc,heap        ] GC(26)  def new generation   total 9920K, used 8832K [0x0000120000200000, 0x0000120000cc0000, 0x000012000aca0000)
[1.455s][debug][gc,heap        ] GC(26)   eden space 8832K, 100% used [0x0000120000200000, 0x0000120000aa0000, 0x0000120000aa0000)
[1.455s][debug][gc,heap        ] GC(26)   from space 1088K,   0% used [0x0000120000aa0000, 0x0000120000aa0120, 0x0000120000bb0000)
[1.456s][debug][gc,heap        ] GC(26)   to   space 1088K,   0% used [0x0000120000bb0000, 0x0000120000bb0000, 0x0000120000cc0000)
[1.456s][debug][gc,heap        ] GC(26)  tenured generation   total 21888K, used 2093K [0x000012000aca0000, 0x000012000c200000, 0x0000120020200000)
[1.456s][debug][gc,heap        ] GC(26)    the space 21888K,   9% used [0x000012000aca0000, 0x000012000aeab4a0, 0x000012000aeab600, 0x000012000c200000)
[1.456s][debug][gc,heap        ] GC(26)  Metaspace       used 369K, committed 512K, reserved 1114112K
[1.456s][debug][gc,heap        ] GC(26)   class space    used 63K, committed 128K, reserved 1048576K
[1.456s][debug][gc,tlab        ] GC(26) TLAB totals: thrds: 2  refills: 101 max: 52 slow allocs: 0 max 0 waste:  0.4% gc: 37912B max: 37912B slow: 2768B max: 1400B
[1.456s][debug][gc,ref         ] GC(26) Skipped SoftWeakFinalRefsPhase of Reference Processing: no references
[1.456s][debug][gc,ref         ] GC(26) Skipped KeepAliveFinalRefsPhase of Reference Processing: no references
[1.456s][debug][gc,ref         ] GC(26) Skipped PhantomRefsPhase of Reference Processing: no references
[1.456s][debug][gc,phases,ref  ] GC(26) Reference Processing: 0.0ms
[1.456s][debug][gc,phases,ref  ] GC(26)   Notify Soft/WeakReferences: 0.0ms
[1.456s][debug][gc,phases,ref  ] GC(26)     SoftRef: skipped
[1.456s][debug][gc,phases,ref  ] GC(26)     WeakRef: skipped
[1.456s][debug][gc,phases,ref  ] GC(26)     FinalRef: skipped
[1.456s][debug][gc,phases,ref  ] GC(26)     Total: skipped
[1.456s][debug][gc,phases,ref  ] GC(26)   Notify and keep alive finalizable: 0.0ms
[1.456s][debug][gc,phases,ref  ] GC(26)     FinalRef: skipped
[1.456s][debug][gc,phases,ref  ] GC(26)   Notify PhantomReferences: 0.0ms
[1.456s][debug][gc,phases,ref  ] GC(26)     PhantomRef: skipped
[1.456s][debug][gc,phases,ref  ] GC(26)   SoftReference Discovered: 0, Dropped: 0, Processed: 0
[1.456s][debug][gc,phases,ref  ] GC(26)   WeakReference Discovered: 0, Dropped: 0, Processed: 0
[1.456s][debug][gc,phases,ref  ] GC(26)   FinalReference Discovered: 0, Dropped: 0, Processed: 0
[1.456s][debug][gc,phases,ref  ] GC(26)   PhantomReference Discovered: 0, Dropped: 0, Processed: 0
[1.456s][debug][gc,age         ] GC(26) Desired survivor size 557056 bytes, new threshold 15 (max threshold 15)
[1.456s][info ][gc,heap        ] GC(26) DefNew: 8832K(9920K)->0K(9920K) Eden: 8832K(8832K)->0K(8832K) From: 0K(1088K)->0K(1088K)
[1.456s][info ][gc,heap        ] GC(26) Tenured: 2093K(21888K)->2093K(21888K)
[1.456s][info ][gc,metaspace   ] GC(26) Metaspace: 369K(512K)->369K(512K) NonClass: 306K(384K)->306K(384K) Class: 63K(128K)->63K(128K)
[1.456s][debug][gc,heap        ] GC(26) Heap after GC invocations=27 (full 2):
[1.456s][debug][gc,heap        ] GC(26)  def new generation   total 9920K, used 0K [0x0000120000200000, 0x0000120000cc0000, 0x000012000aca0000)
[1.456s][debug][gc,heap        ] GC(26)   eden space 8832K,   0% used [0x0000120000200000, 0x0000120000200000, 0x0000120000aa0000)
[1.456s][debug][gc,heap        ] GC(26)   from space 1088K,   0% used [0x0000120000bb0000, 0x0000120000bb0128, 0x0000120000cc0000)
[1.456s][debug][gc,heap        ] GC(26)   to   space 1088K,   0% used [0x0000120000aa0000, 0x0000120000aa0000, 0x0000120000bb0000)
[1.456s][debug][gc,heap        ] GC(26)  tenured generation   total 21888K, used 2093K [0x000012000aca0000, 0x000012000c200000, 0x0000120020200000)
[1.456s][debug][gc,heap        ] GC(26)    the space 21888K,   9% used [0x000012000aca0000, 0x000012000aeab4a0, 0x000012000aeab600, 0x000012000c200000)
[1.456s][debug][gc,heap        ] GC(26)  Metaspace       used 369K, committed 512K, reserved 1114112K
[1.456s][debug][gc,heap        ] GC(26)   class space    used 63K, committed 128K, reserved 1048576K
[1.456s][info ][gc             ] GC(26) Pause Young (Allocation Failure) 10M->2M(31M) 0.554ms
[1.456s][info ][gc,cpu         ] GC(26) User=0.00s Sys=0.00s Real=0.00s
[1.456s][info ][safepoint      ] Safepoint "GenCollectForAllocation", Time since last: 49144144 ns, Reaching safepoint: 76627 ns, Cleanup: 3504 ns, At safepoint: 596519 ns, Total: 676650 ns
[1.505s][info ][gc,start       ] GC(27) Pause Young (Allocation Failure)
[1.505s][debug][gc,heap        ] GC(27) Heap before GC invocations=27 (full 2):
[1.505s][debug][gc,heap        ] GC(27)  def new generation   total 9920K, used 8832K [0x0000120000200000, 0x0000120000cc0000, 0x000012000aca0000)
[1.505s][debug][gc,heap        ] GC(27)   eden space 8832K, 100% used [0x0000120000200000, 0x0000120000aa0000, 0x0000120000aa0000)
[1.505s][debug][gc,heap        ] GC(27)   from space 1088K,   0% used [0x0000120000bb0000, 0x0000120000bb0128, 0x0000120000cc0000)
[1.505s][debug][gc,heap        ] GC(27)   to   space 1088K,   0% used [0x0000120000aa0000, 0x0000120000aa0000, 0x0000120000bb0000)
[1.505s][debug][gc,heap        ] GC(27)  tenured generation   total 21888K, used 2093K [0x000012000aca0000, 0x000012000c200000, 0x0000120020200000)
[1.505s][debug][gc,heap        ] GC(27)    the space 21888K,   9% used [0x000012000aca0000, 0x000012000aeab4a0, 0x000012000aeab600, 0x000012000c200000)
[1.505s][debug][gc,heap        ] GC(27)  Metaspace       used 369K, committed 512K, reserved 1114112K
[1.505s][debug][gc,heap        ] GC(27)   class space    used 63K, committed 128K, reserved 1048576K
[1.505s][debug][gc,tlab        ] GC(27) TLAB totals: thrds: 2  refills: 101 max: 51 slow allocs: 0 max 0 waste:  0.1% gc: 2272B max: 2272B slow: 2960B max: 1600B
[1.505s][debug][gc,ref         ] GC(27) Skipped SoftWeakFinalRefsPhase of Reference Processing: no references
[1.505s][debug][gc,ref         ] GC(27) Skipped KeepAliveFinalRefsPhase of Reference Processing: no references
[1.505s][debug][gc,ref         ] GC(27) Skipped PhantomRefsPhase of Reference Processing: no references
[1.505s][debug][gc,phases,ref  ] GC(27) Reference Processing: 0.0ms
[1.505s][debug][gc,phases,ref  ] GC(27)   Notify Soft/WeakReferences: 0.0ms
[1.505s][debug][gc,phases,ref  ] GC(27)     SoftRef: skipped
[1.505s][debug][gc,phases,ref  ] GC(27)     WeakRef: skipped
[1.505s][debug][gc,phases,ref  ] GC(27)     FinalRef: skipped
[1.505s][debug][gc,phases,ref  ] GC(27)     Total: skipped
[1.505s][debug][gc,phases,ref  ] GC(27)   Notify and keep alive finalizable: 0.0ms
[1.505s][debug][gc,phases,ref  ] GC(27)     FinalRef: skipped
[1.505s][debug][gc,phases,ref  ] GC(27)   Notify PhantomReferences: 0.0ms
[1.505s][debug][gc,phases,ref  ] GC(27)     PhantomRef: skipped
[1.505s][debug][gc,phases,ref  ] GC(27)   SoftReference Discovered: 0, Dropped: 0, Processed: 0
[1.505s][debug][gc,phases,ref  ] GC(27)   WeakReference Discovered: 0, Dropped: 0, Processed: 0
[1.505s][debug][gc,phases,ref  ] GC(27)   FinalReference Discovered: 0, Dropped: 0, Processed: 0
[1.505s][debug][gc,phases,ref  ] GC(27)   PhantomReference Discovered: 0, Dropped: 0, Processed: 0
[1.505s][debug][gc,age         ] GC(27) Desired survivor size 557056 bytes, new threshold 15 (max threshold 15)
[1.505s][info ][gc,heap        ] GC(27) DefNew: 8832K(9920K)->0K(9920K) Eden: 8832K(8832K)->0K(8832K) From: 0K(1088K)->0K(1088K)
[1.505s][info ][gc,heap        ] GC(27) Tenured: 2093K(21888K)->2093K(21888K)
[1.505s][info ][gc,metaspace   ] GC(27) Metaspace: 369K(512K)->369K(512K) NonClass: 306K(384K)->306K(384K) Class: 63K(128K)->63K(128K)
[1.505s][debug][gc,heap        ] GC(27) Heap after GC invocations=28 (full 2):
[1.505s][debug][gc,heap        ] GC(27)  def new generation   total 9920K, used 0K [0x0000120000200000, 0x0000120000cc0000, 0x000012000aca0000)
[1.505s][debug][gc,heap        ] GC(27)   eden space 8832K,   0% used [0x0000120000200000, 0x0000120000200000, 0x0000120000aa0000)
[1.505s][debug][gc,heap        ] GC(27)   from space 1088K,   0% used [0x0000120000aa0000, 0x0000120000aa0120, 0x0000120000bb0000)
[1.505s][debug][gc,heap        ] GC(27)   to   space 1088K,   0% used [0x0000120000bb0000, 0x0000120000bb0000, 0x0000120000cc0000)
[1.505s][debug][gc,heap        ] GC(27)  tenured generation   total 21888K, used 2093K [0x000012000aca0000, 0x000012000c200000, 0x0000120020200000)
[1.505s][debug][gc,heap        ] GC(27)    the space 21888K,   9% used [0x000012000aca0000, 0x000012000aeab4a0, 0x000012000aeab600, 0x000012000c200000)
[1.505s][debug][gc,heap        ] GC(27)  Metaspace       used 369K, committed 512K, reserved 1114112K
[1.505s][debug][gc,heap        ] GC(27)   class space    used 63K, committed 128K, reserved 1048576K
[1.505s][info ][gc             ] GC(27) Pause Young (Allocation Failure) 10M->2M(31M) 0.570ms
[1.505s][info ][gc,cpu         ] GC(27) User=0.00s Sys=0.00s Real=0.00s
[1.505s][info ][safepoint      ] Safepoint "GenCollectForAllocation", Time since last: 48526901 ns, Reaching safepoint: 77162 ns, Cleanup: 3363 ns, At safepoint: 620019 ns, Total: 700544 ns
[1.554s][info ][gc,start       ] GC(28) Pause Young (Allocation Failure)
[1.554s][debug][gc,heap        ] GC(28) Heap before GC invocations=28 (full 2):
[1.554s][debug][gc,heap        ] GC(28)  def new generation   total 9920K, used 8832K [0x0000120000200000, 0x0000120000cc0000, 0x000012000aca0000)
[1.554s][debug][gc,heap        ] GC(28)   eden space 8832K, 100% used [0x0000120000200000, 0x0000120000aa0000, 0x0000120000aa0000)
[1.554s][debug][gc,heap        ] GC(28)   from space 1088K,   0% used [0x0000120000aa0000, 0x0000120000aa0120, 0x0000120000bb0000)
[1.554s][debug][gc,heap        ] GC(28)   to   space 1088K,   0% used [0x0000120000bb0000, 0x0000120000bb0000, 0x0000120000cc0000)
[1.554s][debug][gc,heap        ] GC(28)  tenured generation   total 21888K, used 2093K [0x000012000aca0000, 0x000012000c200000, 0x0000120020200000)
[1.554s][debug][gc,heap        ] GC(28)    the space 21888K,   9% used [0x000012000aca0000, 0x000012000aeab4a0, 0x000012000aeab600, 0x000012000c200000)
[1.554s][debug][gc,heap        ] GC(28)  Metaspace       used 369K, committed 512K, reserved 1114112K
[1.554s][debug][gc,heap        ] GC(28)   class space    used 63K, committed 128K, reserved 1048576K
[1.554s][debug][gc,tlab        ] GC(28) TLAB totals: thrds: 2  refills: 101 max: 51 slow allocs: 0 max 0 waste:  0.0% gc: 0B max: 0B slow: 2320B max: 1200B
[1.554s][debug][gc,ref         ] GC(28) Skipped SoftWeakFinalRefsPhase of Reference Processing: no references
[1.554s][debug][gc,ref         ] GC(28) Skipped KeepAliveFinalRefsPhase of Reference Processing: no references
[1.554s][debug][gc,ref         ] GC(28) Skipped PhantomRefsPhase of Reference Processing: no references
[1.554s][debug][gc,phases,ref  ] GC(28) Reference Processing: 0.0ms
[1.554s][debug][gc,phases,ref  ] GC(28)   Notify Soft/WeakReferences: 0.0ms
[1.554s][debug][gc,phases,ref  ] GC(28)     SoftRef: skipped
[1.554s][debug][gc,phases,ref  ] GC(28)     WeakRef: skipped
[1.554s][debug][gc,phases,ref  ] GC(28)     FinalRef: skipped
[1.554s][debug][gc,phases,ref  ] GC(28)     Total: skipped
[1.554s][debug][gc,phases,ref  ] GC(28)   Notify and keep alive finalizable: 0.0ms
[1.554s][debug][gc,phases,ref  ] GC(28)     FinalRef: skipped
[1.554s][debug][gc,phases,ref  ] GC(28)   Notify PhantomReferences: 0.0ms
[1.554s][debug][gc,phases,ref  ] GC(28)     PhantomRef: skipped
[1.554s][debug][gc,phases,ref  ] GC(28)   SoftReference Discovered: 0, Dropped: 0, Processed: 0
[1.554s][debug][gc,phases,ref  ] GC(28)   WeakReference Discovered: 0, Dropped: 0, Processed: 0
[1.554s][debug][gc,phases,ref  ] GC(28)   FinalReference Discovered: 0, Dropped: 0, Processed: 0
[1.554s][debug][gc,phases,ref  ] GC(28)   PhantomReference Discovered: 0, Dropped: 0, Processed: 0
[1.554s][debug][gc,age         ] GC(28) Desired survivor size 557056 bytes, new threshold 15 (max threshold 15)
[1.554s][info ][gc,heap        ] GC(28) DefNew: 8832K(9920K)->0K(9920K) Eden: 8832K(8832K)->0K(8832K) From: 0K(1088K)->0K(1088K)
[1.554s][info ][gc,heap        ] GC(28) Tenured: 2093K(21888K)->2093K(21888K)
[1.554s][info ][gc,metaspace   ] GC(28) Metaspace: 369K(512K)->369K(512K) NonClass: 306K(384K)->306K(384K) Class: 63K(128K)->63K(128K)
[1.554s][debug][gc,heap        ] GC(28) Heap after GC invocations=29 (full 2):
[1.554s][debug][gc,heap        ] GC(28)  def new generation   total 9920K, used 0K [0x0000120000200000, 0x0000120000cc0000, 0x000012000aca0000)
[1.554s][debug][gc,heap        ] GC(28)   eden space 8832K,   0% used [0x0000120000200000, 0x0000120000200000, 0x0000120000aa0000)
[1.554s][debug][gc,heap        ] GC(28)   from space 1088K,   0% used [0x0000120000bb0000, 0x0000120000bb0100, 0x0000120000cc0000)
[1.554s][debug][gc,heap        ] GC(28)   to   space 1088K,   0% used [0x0000120000aa0000, 0x0000120000aa0000, 0x0000120000bb0000)
[1.554s][debug][gc,heap        ] GC(28)  tenured generation   total 21888K, used 2093K [0x000012000aca0000, 0x000012000c200000, 0x0000120020200000)
[1.554s][debug][gc,heap        ] GC(28)    the space 21888K,   9% used [0x000012000aca0000, 0x000012000aeab4a0, 0x000012000aeab600, 0x000012000c200000)
[1.554s][debug][gc,heap        ] GC(28)  Metaspace       used 369K, committed 512K, reserved 1114112K
[1.554s][debug][gc,heap        ] GC(28)   class space    used 63K, committed 128K, reserved 1048576K
[1.554s][info ][gc             ] GC(28) Pause Young (Allocation Failure) 10M->2M(31M) 0.508ms
[1.554s][info ][gc,cpu         ] GC(28) User=0.00s Sys=0.00s Real=0.00s
[1.554s][info ][safepoint      ] Safepoint "GenCollectForAllocation", Time since last: 48636738 ns, Reaching safepoint: 3234 ns, Cleanup: 3633 ns, At safepoint: 526168 ns, Total: 533035 ns
[1.603s][info ][gc,start       ] GC(29) Pause Young (Allocation Failure)
[1.603s][debug][gc,heap        ] GC(29) Heap before GC invocations=29 (full 2):
[1.603s][debug][gc,heap        ] GC(29)  def new generation   total 9920K, used 8832K [0x0000120000200000, 0x0000120000cc0000, 0x000012000aca0000)
[1.603s][debug][gc,heap        ] GC(29)   eden space 8832K, 100% used [0x0000120000200000, 0x0000120000aa0000, 0x0000120000aa0000)
[1.603s][debug][gc,heap        ] GC(29)   from space 1088K,   0% used [0x0000120000bb0000, 0x0000120000bb0100, 0x0000120000cc0000)
[1.603s][debug][gc,heap        ] GC(29)   to   space 1088K,   0% used [0x0000120000aa0000, 0x0000120000aa0000, 0x0000120000bb0000)
[1.603s][debug][gc,heap        ] GC(29)  tenured generation   total 21888K, used 2093K [0x000012000aca0000, 0x000012000c200000, 0x0000120020200000)
[1.603s][debug][gc,heap        ] GC(29)    the space 21888K,   9% used [0x000012000aca0000, 0x000012000aeab4a0, 0x000012000aeab600, 0x000012000c200000)
[1.603s][debug][gc,heap        ] GC(29)  Metaspace       used 369K, committed 512K, reserved 1114112K
[1.603s][debug][gc,heap        ] GC(29)   class space    used 63K, committed 128K, reserved 1048576K
[1.603s][debug][gc,tlab        ] GC(29) TLAB totals: thrds: 2  refills: 100 max: 50 slow allocs: 0 max 0 waste:  0.0% gc: 0B max: 0B slow: 2240B max: 1296B
[1.603s][debug][gc,ref         ] GC(29) Skipped SoftWeakFinalRefsPhase of Reference Processing: no references
[1.603s][debug][gc,ref         ] GC(29) Skipped KeepAliveFinalRefsPhase of Reference Processing: no references
[1.603s][debug][gc,ref         ] GC(29) Skipped PhantomRefsPhase of Reference Processing: no references
[1.603s][debug][gc,phases,ref  ] GC(29) Reference Processing: 0.0ms
[1.603s][debug][gc,phases,ref  ] GC(29)   Notify Soft/WeakReferences: 0.0ms
[1.603s][debug][gc,phases,ref  ] GC(29)     SoftRef: skipped
[1.603s][debug][gc,phases,ref  ] GC(29)     WeakRef: skipped
[1.604s][debug][gc,phases,ref  ] GC(29)     FinalRef: skipped
[1.604s][debug][gc,phases,ref  ] GC(29)     Total: skipped
[1.604s][debug][gc,phases,ref  ] GC(29)   Notify and keep alive finalizable: 0.0ms
[1.604s][debug][gc,phases,ref  ] GC(29)     FinalRef: skipped
[1.604s][debug][gc,phases,ref  ] GC(29)   Notify PhantomReferences: 0.0ms
[1.604s][debug][gc,phases,ref  ] GC(29)     PhantomRef: skipped
[1.604s][debug][gc,phases,ref  ] GC(29)   SoftReference Discovered: 0, Dropped: 0, Processed: 0
[1.604s][debug][gc,phases,ref  ] GC(29)   WeakReference Discovered: 0, Dropped: 0, Processed: 0
[1.604s][debug][gc,phases,ref  ] GC(29)   FinalReference Discovered: 0, Dropped: 0, Processed: 0
[1.604s][debug][gc,phases,ref  ] GC(29)   PhantomReference Discovered: 0, Dropped: 0, Processed: 0
[1.604s][debug][gc,age         ] GC(29) Desired survivor size 557056 bytes, new threshold 15 (max threshold 15)
[1.604s][info ][gc,heap        ] GC(29) DefNew: 8832K(9920K)->0K(9920K) Eden: 8832K(8832K)->0K(8832K) From: 0K(1088K)->0K(1088K)
[1.604s][info ][gc,heap        ] GC(29) Tenured: 2093K(21888K)->2093K(21888K)
[1.604s][info ][gc,metaspace   ] GC(29) Metaspace: 369K(512K)->369K(512K) NonClass: 306K(384K)->306K(384K) Class: 63K(128K)->63K(128K)
[1.604s][debug][gc,heap        ] GC(29) Heap after GC invocations=30 (full 2):
[1.604s][debug][gc,heap        ] GC(29)  def new generation   total 9920K, used 0K [0x0000120000200000, 0x0000120000cc0000, 0x000012000aca0000)
[1.604s][debug][gc,heap        ] GC(29)   eden space 8832K,   0% used [0x0000120000200000, 0x0000120000200000, 0x0000120000aa0000)
[1.604s][debug][gc,heap        ] GC(29)   from space 1088K,   0% used [0x0000120000aa0000, 0x0000120000aa0100, 0x0000120000bb0000)
[1.604s][debug][gc,heap        ] GC(29)   to   space 1088K,   0% used [0x0000120000bb0000, 0x0000120000bb0000, 0x0000120000cc0000)
[1.604s][debug][gc,heap        ] GC(29)  tenured generation   total 21888K, used 2093K [0x000012000aca0000, 0x000012000c200000, 0x0000120020200000)
[1.604s][debug][gc,heap        ] GC(29)    the space 21888K,   9% used [0x000012000aca0000, 0x000012000aeab4a0, 0x000012000aeab600, 0x000012000c200000)
[1.604s][debug][gc,heap        ] GC(29)  Metaspace       used 369K, committed 512K, reserved 1114112K
[1.604s][debug][gc,heap        ] GC(29)   class space    used 63K, committed 128K, reserved 1048576K
[1.604s][info ][gc             ] GC(29) Pause Young (Allocation Failure) 10M->2M(31M) 0.545ms
[1.604s][info ][gc,cpu         ] GC(29) User=0.00s Sys=0.00s Real=0.00s
[1.604s][info ][safepoint      ] Safepoint "GenCollectForAllocation", Time since last: 48801524 ns, Reaching safepoint: 3045 ns, Cleanup: 3592 ns, At safepoint: 581392 ns, Total: 588029 ns
[1.653s][info ][gc,start       ] GC(30) Pause Young (Allocation Failure)
[1.653s][debug][gc,heap        ] GC(30) Heap before GC invocations=30 (full 2):
[1.653s][debug][gc,heap        ] GC(30)  def new generation   total 9920K, used 8832K [0x0000120000200000, 0x0000120000cc0000, 0x000012000aca0000)
[1.653s][debug][gc,heap        ] GC(30)   eden space 8832K, 100% used [0x0000120000200000, 0x0000120000aa0000, 0x0000120000aa0000)
[1.653s][debug][gc,heap        ] GC(30)   from space 1088K,   0% used [0x0000120000aa0000, 0x0000120000aa0100, 0x0000120000bb0000)
[1.653s][debug][gc,heap        ] GC(30)   to   space 1088K,   0% used [0x0000120000bb0000, 0x0000120000bb0000, 0x0000120000cc0000)
[1.653s][debug][gc,heap        ] GC(30)  tenured generation   total 21888K, used 2093K [0x000012000aca0000, 0x000012000c200000, 0x0000120020200000)
[1.653s][debug][gc,heap        ] GC(30)    the space 21888K,   9% used [0x000012000aca0000, 0x000012000aeab4a0, 0x000012000aeab600, 0x000012000c200000)
[1.653s][debug][gc,heap        ] GC(30)  Metaspace       used 369K, committed 512K, reserved 1114112K
[1.653s][debug][gc,heap        ] GC(30)   class space    used 63K, committed 128K, reserved 1048576K
[1.653s][debug][gc,tlab        ] GC(30) TLAB totals: thrds: 2  refills: 100 max: 50 slow allocs: 0 max 0 waste:  0.6% gc: 51776B max: 51776B slow: 2232B max: 1272B
[1.653s][debug][gc,ref         ] GC(30) Skipped SoftWeakFinalRefsPhase of Reference Processing: no references
[1.653s][debug][gc,ref         ] GC(30) Skipped KeepAliveFinalRefsPhase of Reference Processing: no references
[1.653s][debug][gc,ref         ] GC(30) Skipped PhantomRefsPhase of Reference Processing: no references
[1.653s][debug][gc,phases,ref  ] GC(30) Reference Processing: 0.0ms
[1.653s][debug][gc,phases,ref  ] GC(30)   Notify Soft/WeakReferences: 0.0ms
[1.653s][debug][gc,phases,ref  ] GC(30)     SoftRef: skipped
[1.653s][debug][gc,phases,ref  ] GC(30)     WeakRef: skipped
[1.653s][debug][gc,phases,ref  ] GC(30)     FinalRef: skipped
[1.653s][debug][gc,phases,ref  ] GC(30)     Total: skipped
[1.653s][debug][gc,phases,ref  ] GC(30)   Notify and keep alive finalizable: 0.0ms
[1.653s][debug][gc,phases,ref  ] GC(30)     FinalRef: skipped
[1.653s][debug][gc,phases,ref  ] GC(30)   Notify PhantomReferences: 0.0ms
[1.653s][debug][gc,phases,ref  ] GC(30)     PhantomRef: skipped
[1.653s][debug][gc,phases,ref  ] GC(30)   SoftReference Discovered: 0, Dropped: 0, Processed: 0
[1.653s][debug][gc,phases,ref  ] GC(30)   WeakReference Discovered: 0, Dropped: 0, Processed: 0
[1.653s][debug][gc,phases,ref  ] GC(30)   FinalReference Discovered: 0, Dropped: 0, Processed: 0
[1.653s][debug][gc,phases,ref  ] GC(30)   PhantomReference Discovered: 0, Dropped: 0, Processed: 0
[1.653s][debug][gc,age         ] GC(30) Desired survivor size 557056 bytes, new threshold 15 (max threshold 15)
[1.653s][info ][gc,heap        ] GC(30) DefNew: 8832K(9920K)->0K(9920K) Eden: 8832K(8832K)->0K(8832K) From: 0K(1088K)->0K(1088K)
[1.653s][info ][gc,heap        ] GC(30) Tenured: 2093K(21888K)->2093K(21888K)
[1.653s][info ][gc,metaspace   ] GC(30) Metaspace: 369K(512K)->369K(512K) NonClass: 306K(384K)->306K(384K) Class: 63K(128K)->63K(128K)
[1.653s][debug][gc,heap        ] GC(30) Heap after GC invocations=31 (full 2):
[1.653s][debug][gc,heap        ] GC(30)  def new generation   total 9920K, used 0K [0x0000120000200000, 0x0000120000cc0000, 0x000012000aca0000)
[1.653s][debug][gc,heap        ] GC(30)   eden space 8832K,   0% used [0x0000120000200000, 0x0000120000200000, 0x0000120000aa0000)
[1.653s][debug][gc,heap        ] GC(30)   from space 1088K,   0% used [0x0000120000bb0000, 0x0000120000bb0110, 0x0000120000cc0000)
[1.653s][debug][gc,heap        ] GC(30)   to   space 1088K,   0% used [0x0000120000aa0000, 0x0000120000aa0000, 0x0000120000bb0000)
[1.653s][debug][gc,heap        ] GC(30)  tenured generation   total 21888K, used 2093K [0x000012000aca0000, 0x000012000c200000, 0x0000120020200000)
[1.653s][debug][gc,heap        ] GC(30)    the space 21888K,   9% used [0x000012000aca0000, 0x000012000aeab4a0, 0x000012000aeab600, 0x000012000c200000)
[1.653s][debug][gc,heap        ] GC(30)  Metaspace       used 369K, committed 512K, reserved 1114112K
[1.653s][debug][gc,heap        ] GC(30)   class space    used 63K, committed 128K, reserved 1048576K
[1.653s][info ][gc             ] GC(30) Pause Young (Allocation Failure) 10M->2M(31M) 0.548ms
[1.653s][info ][gc,cpu         ] GC(30) User=0.00s Sys=0.00s Real=0.00s
[1.653s][info ][safepoint      ] Safepoint "GenCollectForAllocation", Time since last: 48797024 ns, Reaching safepoint: 3492 ns, Cleanup: 3625 ns, At safepoint: 592907 ns, Total: 600024 ns
[1.701s][info ][gc,start       ] GC(31) Pause Young (Allocation Failure)
[1.701s][debug][gc,heap        ] GC(31) Heap before GC invocations=31 (full 2):
[1.701s][debug][gc,heap        ] GC(31)  def new generation   total 9920K, used 8832K [0x0000120000200000, 0x0000120000cc0000, 0x000012000aca0000)
[1.701s][debug][gc,heap        ] GC(31)   eden space 8832K, 100% used [0x0000120000200000, 0x0000120000aa0000, 0x0000120000aa0000)
[1.701s][debug][gc,heap        ] GC(31)   from space 1088K,   0% used [0x0000120000bb0000, 0x0000120000bb0110, 0x0000120000cc0000)
[1.701s][debug][gc,heap        ] GC(31)   to   space 1088K,   0% used [0x0000120000aa0000, 0x0000120000aa0000, 0x0000120000bb0000)
[1.701s][debug][gc,heap        ] GC(31)  tenured generation   total 21888K, used 2093K [0x000012000aca0000, 0x000012000c200000, 0x0000120020200000)
[1.701s][debug][gc,heap        ] GC(31)    the space 21888K,   9% used [0x000012000aca0000, 0x000012000aeab4a0, 0x000012000aeab600, 0x000012000c200000)
[1.701s][debug][gc,heap        ] GC(31)  Metaspace       used 369K, committed 512K, reserved 1114112K
[1.701s][debug][gc,heap        ] GC(31)   class space    used 63K, committed 128K, reserved 1048576K
[1.701s][debug][gc,tlab        ] GC(31) TLAB totals: thrds: 2  refills: 101 max: 52 slow allocs: 0 max 0 waste:  0.2% gc: 12824B max: 12824B slow: 2304B max: 1264B
[1.701s][debug][gc,ref         ] GC(31) Skipped SoftWeakFinalRefsPhase of Reference Processing: no references
[1.702s][debug][gc,ref         ] GC(31) Skipped KeepAliveFinalRefsPhase of Reference Processing: no references
[1.702s][debug][gc,ref         ] GC(31) Skipped PhantomRefsPhase of Reference Processing: no references
[1.702s][debug][gc,phases,ref  ] GC(31) Reference Processing: 0.0ms
[1.702s][debug][gc,phases,ref  ] GC(31)   Notify Soft/WeakReferences: 0.0ms
[1.702s][debug][gc,phases,ref  ] GC(31)     SoftRef: skipped
[1.702s][debug][gc,phases,ref  ] GC(31)     WeakRef: skipped
[1.702s][debug][gc,phases,ref  ] GC(31)     FinalRef: skipped
[1.702s][debug][gc,phases,ref  ] GC(31)     Total: skipped
[1.702s][debug][gc,phases,ref  ] GC(31)   Notify and keep alive finalizable: 0.0ms
[1.702s][debug][gc,phases,ref  ] GC(31)     FinalRef: skipped
[1.702s][debug][gc,phases,ref  ] GC(31)   Notify PhantomReferences: 0.0ms
[1.702s][debug][gc,phases,ref  ] GC(31)     PhantomRef: skipped
[1.702s][debug][gc,phases,ref  ] GC(31)   SoftReference Discovered: 0, Dropped: 0, Processed: 0
[1.702s][debug][gc,phases,ref  ] GC(31)   WeakReference Discovered: 0, Dropped: 0, Processed: 0
[1.702s][debug][gc,phases,ref  ] GC(31)   FinalReference Discovered: 0, Dropped: 0, Processed: 0
[1.702s][debug][gc,phases,ref  ] GC(31)   PhantomReference Discovered: 0, Dropped: 0, Processed: 0
[1.702s][debug][gc,age         ] GC(31) Desired survivor size 557056 bytes, new threshold 15 (max threshold 15)
[1.702s][info ][gc,heap        ] GC(31) DefNew: 8832K(9920K)->0K(9920K) Eden: 8832K(8832K)->0K(8832K) From: 0K(1088K)->0K(1088K)
[1.702s][info ][gc,heap        ] GC(31) Tenured: 2093K(21888K)->2093K(21888K)
[1.702s][info ][gc,metaspace   ] GC(31) Metaspace: 369K(512K)->369K(512K) NonClass: 306K(384K)->306K(384K) Class: 63K(128K)->63K(128K)
[1.702s][debug][gc,heap        ] GC(31) Heap after GC invocations=32 (full 2):
[1.702s][debug][gc,heap        ] GC(31)  def new generation   total 9920K, used 0K [0x0000120000200000, 0x0000120000cc0000, 0x000012000aca0000)
[1.702s][debug][gc,heap        ] GC(31)   eden space 8832K,   0% used [0x0000120000200000, 0x0000120000200000, 0x0000120000aa0000)
[1.702s][debug][gc,heap        ] GC(31)   from space 1088K,   0% used [0x0000120000aa0000, 0x0000120000aa00e8, 0x0000120000bb0000)
[1.702s][debug][gc,heap        ] GC(31)   to   space 1088K,   0% used [0x0000120000bb0000, 0x0000120000bb0000, 0x0000120000cc0000)
[1.702s][debug][gc,heap        ] GC(31)  tenured generation   total 21888K, used 2093K [0x000012000aca0000, 0x000012000c200000, 0x0000120020200000)
[1.702s][debug][gc,heap        ] GC(31)    the space 21888K,   9% used [0x000012000aca0000, 0x000012000aeab4a0, 0x000012000aeab600, 0x000012000c200000)
[1.702s][debug][gc,heap        ] GC(31)  Metaspace       used 369K, committed 512K, reserved 1114112K
[1.702s][debug][gc,heap        ] GC(31)   class space    used 63K, committed 128K, reserved 1048576K
[1.702s][info ][gc             ] GC(31) Pause Young (Allocation Failure) 10M->2M(31M) 0.550ms
[1.702s][info ][gc,cpu         ] GC(31) User=0.00s Sys=0.00s Real=0.00s
[1.702s][info ][safepoint      ] Safepoint "GenCollectForAllocation", Time since last: 48068531 ns, Reaching safepoint: 3187 ns, Cleanup: 3542 ns, At safepoint: 593312 ns, Total: 600041 ns
[1.750s][info ][gc,start       ] GC(32) Pause Young (Allocation Failure)
[1.750s][debug][gc,heap        ] GC(32) Heap before GC invocations=32 (full 2):
[1.750s][debug][gc,heap        ] GC(32)  def new generation   total 9920K, used 8832K [0x0000120000200000, 0x0000120000cc0000, 0x000012000aca0000)
[1.750s][debug][gc,heap        ] GC(32)   eden space 8832K, 100% used [0x0000120000200000, 0x0000120000aa0000, 0x0000120000aa0000)
[1.750s][debug][gc,heap        ] GC(32)   from space 1088K,   0% used [0x0000120000aa0000, 0x0000120000aa00e8, 0x0000120000bb0000)
[1.750s][debug][gc,heap        ] GC(32)   to   space 1088K,   0% used [0x0000120000bb0000, 0x0000120000bb0000, 0x0000120000cc0000)
[1.750s][debug][gc,heap        ] GC(32)  tenured generation   total 21888K, used 2093K [0x000012000aca0000, 0x000012000c200000, 0x0000120020200000)
[1.750s][debug][gc,heap        ] GC(32)    the space 21888K,   9% used [0x000012000aca0000, 0x000012000aeab4a0, 0x000012000aeab600, 0x000012000c200000)
[1.750s][debug][gc,heap        ] GC(32)  Metaspace       used 369K, committed 512K, reserved 1114112K
[1.750s][debug][gc,heap        ] GC(32)   class space    used 63K, committed 128K, reserved 1048576K
[1.750s][debug][gc,tlab        ] GC(32) TLAB totals: thrds: 2  refills: 101 max: 51 slow allocs: 0 max 0 waste:  0.2% gc: 15088B max: 15088B slow: 2960B max: 1632B
[1.751s][debug][gc,ref         ] GC(32) Skipped SoftWeakFinalRefsPhase of Reference Processing: no references
[1.751s][debug][gc,ref         ] GC(32) Skipped KeepAliveFinalRefsPhase of Reference Processing: no references
[1.751s][debug][gc,ref         ] GC(32) Skipped PhantomRefsPhase of Reference Processing: no references
[1.751s][debug][gc,phases,ref  ] GC(32) Reference Processing: 0.0ms
[1.751s][debug][gc,phases,ref  ] GC(32)   Notify Soft/WeakReferences: 0.0ms
[1.751s][debug][gc,phases,ref  ] GC(32)     SoftRef: skipped
[1.751s][debug][gc,phases,ref  ] GC(32)     WeakRef: skipped
[1.751s][debug][gc,phases,ref  ] GC(32)     FinalRef: skipped
[1.751s][debug][gc,phases,ref  ] GC(32)     Total: skipped
[1.751s][debug][gc,phases,ref  ] GC(32)   Notify and keep alive finalizable: 0.0ms
[1.751s][debug][gc,phases,ref  ] GC(32)     FinalRef: skipped
[1.751s][debug][gc,phases,ref  ] GC(32)   Notify PhantomReferences: 0.0ms
[1.751s][debug][gc,phases,ref  ] GC(32)     PhantomRef: skipped
[1.751s][debug][gc,phases,ref  ] GC(32)   SoftReference Discovered: 0, Dropped: 0, Processed: 0
[1.751s][debug][gc,phases,ref  ] GC(32)   WeakReference Discovered: 0, Dropped: 0, Processed: 0
[1.751s][debug][gc,phases,ref  ] GC(32)   FinalReference Discovered: 0, Dropped: 0, Processed: 0
[1.751s][debug][gc,phases,ref  ] GC(32)   PhantomReference Discovered: 0, Dropped: 0, Processed: 0
[1.751s][debug][gc,age         ] GC(32) Desired survivor size 557056 bytes, new threshold 15 (max threshold 15)
[1.751s][info ][gc,heap        ] GC(32) DefNew: 8832K(9920K)->0K(9920K) Eden: 8832K(8832K)->0K(8832K) From: 0K(1088K)->0K(1088K)
[1.751s][info ][gc,heap        ] GC(32) Tenured: 2093K(21888K)->2093K(21888K)
[1.751s][info ][gc,metaspace   ] GC(32) Metaspace: 369K(512K)->369K(512K) NonClass: 306K(384K)->306K(384K) Class: 63K(128K)->63K(128K)
[1.751s][debug][gc,heap        ] GC(32) Heap after GC invocations=33 (full 2):
[1.751s][debug][gc,heap        ] GC(32)  def new generation   total 9920K, used 0K [0x0000120000200000, 0x0000120000cc0000, 0x000012000aca0000)
[1.751s][debug][gc,heap        ] GC(32)   eden space 8832K,   0% used [0x0000120000200000, 0x0000120000200000, 0x0000120000aa0000)
[1.751s][debug][gc,heap        ] GC(32)   from space 1088K,   0% used [0x0000120000bb0000, 0x0000120000bb00d0, 0x0000120000cc0000)
[1.751s][debug][gc,heap        ] GC(32)   to   space 1088K,   0% used [0x0000120000aa0000, 0x0000120000aa0000, 0x0000120000bb0000)
[1.751s][debug][gc,heap        ] GC(32)  tenured generation   total 21888K, used 2093K [0x000012000aca0000, 0x000012000c200000, 0x0000120020200000)
[1.751s][debug][gc,heap        ] GC(32)    the space 21888K,   9% used [0x000012000aca0000, 0x000012000aeab4a0, 0x000012000aeab600, 0x000012000c200000)
[1.751s][debug][gc,heap        ] GC(32)  Metaspace       used 369K, committed 512K, reserved 1114112K
[1.751s][debug][gc,heap        ] GC(32)   class space    used 63K, committed 128K, reserved 1048576K
[1.751s][info ][gc             ] GC(32) Pause Young (Allocation Failure) 10M->2M(31M) 0.687ms
[1.751s][info ][gc,cpu         ] GC(32) User=0.00s Sys=0.00s Real=0.01s
[1.751s][info ][safepoint      ] Safepoint "GenCollectForAllocation", Time since last: 48287028 ns, Reaching safepoint: 3208 ns, Cleanup: 4003 ns, At safepoint: 731856 ns, Total: 739067 ns
[1.799s][info ][gc,start       ] GC(33) Pause Young (Allocation Failure)
[1.799s][debug][gc,heap        ] GC(33) Heap before GC invocations=33 (full 2):
[1.799s][debug][gc,heap        ] GC(33)  def new generation   total 9920K, used 8832K [0x0000120000200000, 0x0000120000cc0000, 0x000012000aca0000)
[1.799s][debug][gc,heap        ] GC(33)   eden space 8832K, 100% used [0x0000120000200000, 0x0000120000aa0000, 0x0000120000aa0000)
[1.799s][debug][gc,heap        ] GC(33)   from space 1088K,   0% used [0x0000120000bb0000, 0x0000120000bb00d0, 0x0000120000cc0000)
[1.799s][debug][gc,heap        ] GC(33)   to   space 1088K,   0% used [0x0000120000aa0000, 0x0000120000aa0000, 0x0000120000bb0000)
[1.799s][debug][gc,heap        ] GC(33)  tenured generation   total 21888K, used 2093K [0x000012000aca0000, 0x000012000c200000, 0x0000120020200000)
[1.799s][debug][gc,heap        ] GC(33)    the space 21888K,   9% used [0x000012000aca0000, 0x000012000aeab4a0, 0x000012000aeab600, 0x000012000c200000)
[1.799s][debug][gc,heap        ] GC(33)  Metaspace       used 369K, committed 512K, reserved 1114112K
[1.799s][debug][gc,heap        ] GC(33)   class space    used 63K, committed 128K, reserved 1048576K
[1.799s][debug][gc,tlab        ] GC(33) TLAB totals: thrds: 2  refills: 101 max: 51 slow allocs: 0 max 0 waste:  0.2% gc: 14144B max: 14144B slow: 2208B max: 1408B
[1.799s][debug][gc,ref         ] GC(33) Skipped SoftWeakFinalRefsPhase of Reference Processing: no references
[1.799s][debug][gc,ref         ] GC(33) Skipped KeepAliveFinalRefsPhase of Reference Processing: no references
[1.799s][debug][gc,ref         ] GC(33) Skipped PhantomRefsPhase of Reference Processing: no references
[1.799s][debug][gc,phases,ref  ] GC(33) Reference Processing: 0.0ms
[1.799s][debug][gc,phases,ref  ] GC(33)   Notify Soft/WeakReferences: 0.0ms
[1.799s][debug][gc,phases,ref  ] GC(33)     SoftRef: skipped
[1.799s][debug][gc,phases,ref  ] GC(33)     WeakRef: skipped
[1.799s][debug][gc,phases,ref  ] GC(33)     FinalRef: skipped
[1.799s][debug][gc,phases,ref  ] GC(33)     Total: skipped
[1.799s][debug][gc,phases,ref  ] GC(33)   Notify and keep alive finalizable: 0.0ms
[1.799s][debug][gc,phases,ref  ] GC(33)     FinalRef: skipped
[1.799s][debug][gc,phases,ref  ] GC(33)   Notify PhantomReferences: 0.0ms
[1.799s][debug][gc,phases,ref  ] GC(33)     PhantomRef: skipped
[1.799s][debug][gc,phases,ref  ] GC(33)   SoftReference Discovered: 0, Dropped: 0, Processed: 0
[1.799s][debug][gc,phases,ref  ] GC(33)   WeakReference Discovered: 0, Dropped: 0, Processed: 0
[1.799s][debug][gc,phases,ref  ] GC(33)   FinalReference Discovered: 0, Dropped: 0, Processed: 0
[1.799s][debug][gc,phases,ref  ] GC(33)   PhantomReference Discovered: 0, Dropped: 0, Processed: 0
[1.799s][debug][gc,age         ] GC(33) Desired survivor size 557056 bytes, new threshold 15 (max threshold 15)
[1.799s][info ][gc,heap        ] GC(33) DefNew: 8832K(9920K)->0K(9920K) Eden: 8832K(8832K)->0K(8832K) From: 0K(1088K)->0K(1088K)
[1.799s][info ][gc,heap        ] GC(33) Tenured: 2093K(21888K)->2093K(21888K)
[1.799s][info ][gc,metaspace   ] GC(33) Metaspace: 369K(512K)->369K(512K) NonClass: 306K(384K)->306K(384K) Class: 63K(128K)->63K(128K)
[1.799s][debug][gc,heap        ] GC(33) Heap after GC invocations=34 (full 2):
[1.799s][debug][gc,heap        ] GC(33)  def new generation   total 9920K, used 0K [0x0000120000200000, 0x0000120000cc0000, 0x000012000aca0000)
[1.799s][debug][gc,heap        ] GC(33)   eden space 8832K,   0% used [0x0000120000200000, 0x0000120000200000, 0x0000120000aa0000)
[1.799s][debug][gc,heap        ] GC(33)   from space 1088K,   0% used [0x0000120000aa0000, 0x0000120000aa0130, 0x0000120000bb0000)
[1.799s][debug][gc,heap        ] GC(33)   to   space 1088K,   0% used [0x0000120000bb0000, 0x0000120000bb0000, 0x0000120000cc0000)
[1.799s][debug][gc,heap        ] GC(33)  tenured generation   total 21888K, used 2093K [0x000012000aca0000, 0x000012000c200000, 0x0000120020200000)
[1.799s][debug][gc,heap        ] GC(33)    the space 21888K,   9% used [0x000012000aca0000, 0x000012000aeab4a0, 0x000012000aeab600, 0x000012000c200000)
[1.799s][debug][gc,heap        ] GC(33)  Metaspace       used 369K, committed 512K, reserved 1114112K
[1.799s][debug][gc,heap        ] GC(33)   class space    used 63K, committed 128K, reserved 1048576K
[1.799s][info ][gc             ] GC(33) Pause Young (Allocation Failure) 10M->2M(31M) 0.551ms
[1.799s][info ][gc,cpu         ] GC(33) User=0.00s Sys=0.00s Real=0.00s
[1.799s][info ][safepoint      ] Safepoint "GenCollectForAllocation", Time since last: 47961655 ns, Reaching safepoint: 3813 ns, Cleanup: 3650 ns, At safepoint: 593025 ns, Total: 600488 ns
[1.849s][info ][gc,start       ] GC(34) Pause Young (Allocation Failure)
[1.849s][debug][gc,heap        ] GC(34) Heap before GC invocations=34 (full 2):
[1.849s][debug][gc,heap        ] GC(34)  def new generation   total 9920K, used 8832K [0x0000120000200000, 0x0000120000cc0000, 0x000012000aca0000)
[1.849s][debug][gc,heap        ] GC(34)   eden space 8832K, 100% used [0x0000120000200000, 0x0000120000aa0000, 0x0000120000aa0000)
[1.849s][debug][gc,heap        ] GC(34)   from space 1088K,   0% used [0x0000120000aa0000, 0x0000120000aa0130, 0x0000120000bb0000)
[1.849s][debug][gc,heap        ] GC(34)   to   space 1088K,   0% used [0x0000120000bb0000, 0x0000120000bb0000, 0x0000120000cc0000)
[1.849s][debug][gc,heap        ] GC(34)  tenured generation   total 21888K, used 2093K [0x000012000aca0000, 0x000012000c200000, 0x0000120020200000)
[1.849s][debug][gc,heap        ] GC(34)    the space 21888K,   9% used [0x000012000aca0000, 0x000012000aeab4a0, 0x000012000aeab600, 0x000012000c200000)
[1.849s][debug][gc,heap        ] GC(34)  Metaspace       used 369K, committed 512K, reserved 1114112K
[1.849s][debug][gc,heap        ] GC(34)   class space    used 63K, committed 128K, reserved 1048576K
[1.849s][debug][gc,tlab        ] GC(34) TLAB totals: thrds: 2  refills: 101 max: 51 slow allocs: 0 max 0 waste:  0.2% gc: 19272B max: 19272B slow: 2272B max: 1296B
[1.849s][debug][gc,ref         ] GC(34) Skipped SoftWeakFinalRefsPhase of Reference Processing: no references
[1.849s][debug][gc,ref         ] GC(34) Skipped KeepAliveFinalRefsPhase of Reference Processing: no references
[1.849s][debug][gc,ref         ] GC(34) Skipped PhantomRefsPhase of Reference Processing: no references
[1.849s][debug][gc,phases,ref  ] GC(34) Reference Processing: 0.0ms
[1.849s][debug][gc,phases,ref  ] GC(34)   Notify Soft/WeakReferences: 0.0ms
[1.849s][debug][gc,phases,ref  ] GC(34)     SoftRef: skipped
[1.849s][debug][gc,phases,ref  ] GC(34)     WeakRef: skipped
[1.849s][debug][gc,phases,ref  ] GC(34)     FinalRef: skipped
[1.849s][debug][gc,phases,ref  ] GC(34)     Total: skipped
[1.849s][debug][gc,phases,ref  ] GC(34)   Notify and keep alive finalizable: 0.0ms
[1.849s][debug][gc,phases,ref  ] GC(34)     FinalRef: skipped
[1.849s][debug][gc,phases,ref  ] GC(34)   Notify PhantomReferences: 0.0ms
[1.849s][debug][gc,phases,ref  ] GC(34)     PhantomRef: skipped
[1.849s][debug][gc,phases,ref  ] GC(34)   SoftReference Discovered: 0, Dropped: 0, Processed: 0
[1.849s][debug][gc,phases,ref  ] GC(34)   WeakReference Discovered: 0, Dropped: 0, Processed: 0
[1.849s][debug][gc,phases,ref  ] GC(34)   FinalReference Discovered: 0, Dropped: 0, Processed: 0
[1.849s][debug][gc,phases,ref  ] GC(34)   PhantomReference Discovered: 0, Dropped: 0, Processed: 0
[1.849s][debug][gc,age         ] GC(34) Desired survivor size 557056 bytes, new threshold 15 (max threshold 15)
[1.849s][info ][gc,heap        ] GC(34) DefNew: 8832K(9920K)->0K(9920K) Eden: 8832K(8832K)->0K(8832K) From: 0K(1088K)->0K(1088K)
[1.849s][info ][gc,heap        ] GC(34) Tenured: 2093K(21888K)->2093K(21888K)
[1.849s][info ][gc,metaspace   ] GC(34) Metaspace: 369K(512K)->369K(512K) NonClass: 306K(384K)->306K(384K) Class: 63K(128K)->63K(128K)
[1.849s][debug][gc,heap        ] GC(34) Heap after GC invocations=35 (full 2):
[1.849s][debug][gc,heap        ] GC(34)  def new generation   total 9920K, used 0K [0x0000120000200000, 0x0000120000cc0000, 0x000012000aca0000)
[1.849s][debug][gc,heap        ] GC(34)   eden space 8832K,   0% used [0x0000120000200000, 0x0000120000200000, 0x0000120000aa0000)
[1.849s][debug][gc,heap        ] GC(34)   from space 1088K,   0% used [0x0000120000bb0000, 0x0000120000bb00e8, 0x0000120000cc0000)
[1.849s][debug][gc,heap        ] GC(34)   to   space 1088K,   0% used [0x0000120000aa0000, 0x0000120000aa0000, 0x0000120000bb0000)
[1.849s][debug][gc,heap        ] GC(34)  tenured generation   total 21888K, used 2093K [0x000012000aca0000, 0x000012000c200000, 0x0000120020200000)
[1.849s][debug][gc,heap        ] GC(34)    the space 21888K,   9% used [0x000012000aca0000, 0x000012000aeab4a0, 0x000012000aeab600, 0x000012000c200000)
[1.849s][debug][gc,heap        ] GC(34)  Metaspace       used 369K, committed 512K, reserved 1114112K
[1.849s][debug][gc,heap        ] GC(34)   class space    used 63K, committed 128K, reserved 1048576K
[1.849s][info ][gc             ] GC(34) Pause Young (Allocation Failure) 10M->2M(31M) 0.550ms
[1.849s][info ][gc,cpu         ] GC(34) User=0.00s Sys=0.00s Real=0.00s
[1.849s][info ][safepoint      ] Safepoint "GenCollectForAllocation", Time since last: 49344860 ns, Reaching safepoint: 3703 ns, Cleanup: 3744 ns, At safepoint: 595654 ns, Total: 603101 ns
[1.898s][info ][gc,start       ] GC(35) Pause Young (Allocation Failure)
[1.898s][debug][gc,heap        ] GC(35) Heap before GC invocations=35 (full 2):
[1.898s][debug][gc,heap        ] GC(35)  def new generation   total 9920K, used 8832K [0x0000120000200000, 0x0000120000cc0000, 0x000012000aca0000)
[1.898s][debug][gc,heap        ] GC(35)   eden space 8832K, 100% used [0x0000120000200000, 0x0000120000aa0000, 0x0000120000aa0000)
[1.898s][debug][gc,heap        ] GC(35)   from space 1088K,   0% used [0x0000120000bb0000, 0x0000120000bb00e8, 0x0000120000cc0000)
[1.898s][debug][gc,heap        ] GC(35)   to   space 1088K,   0% used [0x0000120000aa0000, 0x0000120000aa0000, 0x0000120000bb0000)
[1.898s][debug][gc,heap        ] GC(35)  tenured generation   total 21888K, used 2093K [0x000012000aca0000, 0x000012000c200000, 0x0000120020200000)
[1.898s][debug][gc,heap        ] GC(35)    the space 21888K,   9% used [0x000012000aca0000, 0x000012000aeab4a0, 0x000012000aeab600, 0x000012000c200000)
[1.898s][debug][gc,heap        ] GC(35)  Metaspace       used 369K, committed 512K, reserved 1114112K
[1.898s][debug][gc,heap        ] GC(35)   class space    used 63K, committed 128K, reserved 1048576K
[1.898s][debug][gc,tlab        ] GC(35) TLAB totals: thrds: 2  refills: 101 max: 51 slow allocs: 0 max 0 waste:  0.3% gc: 20224B max: 20224B slow: 2768B max: 1624B
[1.898s][debug][gc,ref         ] GC(35) Skipped SoftWeakFinalRefsPhase of Reference Processing: no references
[1.898s][debug][gc,ref         ] GC(35) Skipped KeepAliveFinalRefsPhase of Reference Processing: no references
[1.898s][debug][gc,ref         ] GC(35) Skipped PhantomRefsPhase of Reference Processing: no references
[1.898s][debug][gc,phases,ref  ] GC(35) Reference Processing: 0.0ms
[1.898s][debug][gc,phases,ref  ] GC(35)   Notify Soft/WeakReferences: 0.0ms
[1.898s][debug][gc,phases,ref  ] GC(35)     SoftRef: skipped
[1.898s][debug][gc,phases,ref  ] GC(35)     WeakRef: skipped
[1.898s][debug][gc,phases,ref  ] GC(35)     FinalRef: skipped
[1.898s][debug][gc,phases,ref  ] GC(35)     Total: skipped
[1.898s][debug][gc,phases,ref  ] GC(35)   Notify and keep alive finalizable: 0.0ms
[1.898s][debug][gc,phases,ref  ] GC(35)     FinalRef: skipped
[1.898s][debug][gc,phases,ref  ] GC(35)   Notify PhantomReferences: 0.0ms
[1.898s][debug][gc,phases,ref  ] GC(35)     PhantomRef: skipped
[1.898s][debug][gc,phases,ref  ] GC(35)   SoftReference Discovered: 0, Dropped: 0, Processed: 0
[1.898s][debug][gc,phases,ref  ] GC(35)   WeakReference Discovered: 0, Dropped: 0, Processed: 0
[1.898s][debug][gc,phases,ref  ] GC(35)   FinalReference Discovered: 0, Dropped: 0, Processed: 0
[1.898s][debug][gc,phases,ref  ] GC(35)   PhantomReference Discovered: 0, Dropped: 0, Processed: 0
[1.898s][debug][gc,age         ] GC(35) Desired survivor size 557056 bytes, new threshold 15 (max threshold 15)
[1.898s][info ][gc,heap        ] GC(35) DefNew: 8832K(9920K)->0K(9920K) Eden: 8832K(8832K)->0K(8832K) From: 0K(1088K)->0K(1088K)
[1.898s][info ][gc,heap        ] GC(35) Tenured: 2093K(21888K)->2093K(21888K)
[1.898s][info ][gc,metaspace   ] GC(35) Metaspace: 369K(512K)->369K(512K) NonClass: 306K(384K)->306K(384K) Class: 63K(128K)->63K(128K)
[1.898s][debug][gc,heap        ] GC(35) Heap after GC invocations=36 (full 2):
[1.898s][debug][gc,heap        ] GC(35)  def new generation   total 9920K, used 0K [0x0000120000200000, 0x0000120000cc0000, 0x000012000aca0000)
[1.898s][debug][gc,heap        ] GC(35)   eden space 8832K,   0% used [0x0000120000200000, 0x0000120000200000, 0x0000120000aa0000)
[1.898s][debug][gc,heap        ] GC(35)   from space 1088K,   0% used [0x0000120000aa0000, 0x0000120000aa0180, 0x0000120000bb0000)
[1.898s][debug][gc,heap        ] GC(35)   to   space 1088K,   0% used [0x0000120000bb0000, 0x0000120000bb0000, 0x0000120000cc0000)
[1.898s][debug][gc,heap        ] GC(35)  tenured generation   total 21888K, used 2093K [0x000012000aca0000, 0x000012000c200000, 0x0000120020200000)
[1.898s][debug][gc,heap        ] GC(35)    the space 21888K,   9% used [0x000012000aca0000, 0x000012000aeab4a0, 0x000012000aeab600, 0x000012000c200000)
[1.898s][debug][gc,heap        ] GC(35)  Metaspace       used 369K, committed 512K, reserved 1114112K
[1.898s][debug][gc,heap        ] GC(35)   class space    used 63K, committed 128K, reserved 1048576K
[1.898s][info ][gc             ] GC(35) Pause Young (Allocation Failure) 10M->2M(31M) 0.486ms
[1.898s][info ][gc,cpu         ] GC(35) User=0.00s Sys=0.00s Real=0.00s
[1.898s][info ][safepoint      ] Safepoint "GenCollectForAllocation", Time since last: 48498952 ns, Reaching safepoint: 3208 ns, Cleanup: 3523 ns, At safepoint: 506448 ns, Total: 513179 ns
[1.960s][info ][gc,start       ] GC(36) Pause Young (Allocation Failure)
[1.960s][debug][gc,heap        ] GC(36) Heap before GC invocations=36 (full 2):
[1.960s][debug][gc,heap        ] GC(36)  def new generation   total 9920K, used 8832K [0x0000120000200000, 0x0000120000cc0000, 0x000012000aca0000)
[1.960s][debug][gc,heap        ] GC(36)   eden space 8832K, 100% used [0x0000120000200000, 0x0000120000aa0000, 0x0000120000aa0000)
[1.960s][debug][gc,heap        ] GC(36)   from space 1088K,   0% used [0x0000120000aa0000, 0x0000120000aa0180, 0x0000120000bb0000)
[1.960s][debug][gc,heap        ] GC(36)   to   space 1088K,   0% used [0x0000120000bb0000, 0x0000120000bb0000, 0x0000120000cc0000)
[1.960s][debug][gc,heap        ] GC(36)  tenured generation   total 21888K, used 2093K [0x000012000aca0000, 0x000012000c200000, 0x0000120020200000)
[1.960s][debug][gc,heap        ] GC(36)    the space 21888K,   9% used [0x000012000aca0000, 0x000012000aeab4a0, 0x000012000aeab600, 0x000012000c200000)
[1.960s][debug][gc,heap        ] GC(36)  Metaspace       used 369K, committed 512K, reserved 1114112K
[1.960s][debug][gc,heap        ] GC(36)   class space    used 63K, committed 128K, reserved 1048576K
[1.960s][debug][gc,tlab        ] GC(36) TLAB totals: thrds: 2  refills: 101 max: 63 slow allocs: 0 max 0 waste:  0.2% gc: 15000B max: 15000B slow: 2152B max: 1128B
[1.960s][debug][gc,ref         ] GC(36) Skipped SoftWeakFinalRefsPhase of Reference Processing: no references
[1.960s][debug][gc,ref         ] GC(36) Skipped KeepAliveFinalRefsPhase of Reference Processing: no references
[1.960s][debug][gc,ref         ] GC(36) Skipped PhantomRefsPhase of Reference Processing: no references
[1.960s][debug][gc,phases,ref  ] GC(36) Reference Processing: 0.0ms
[1.960s][debug][gc,phases,ref  ] GC(36)   Notify Soft/WeakReferences: 0.0ms
[1.960s][debug][gc,phases,ref  ] GC(36)     SoftRef: skipped
[1.960s][debug][gc,phases,ref  ] GC(36)     WeakRef: skipped
[1.960s][debug][gc,phases,ref  ] GC(36)     FinalRef: skipped
[1.960s][debug][gc,phases,ref  ] GC(36)     Total: skipped
[1.960s][debug][gc,phases,ref  ] GC(36)   Notify and keep alive finalizable: 0.0ms
[1.960s][debug][gc,phases,ref  ] GC(36)     FinalRef: skipped
[1.960s][debug][gc,phases,ref  ] GC(36)   Notify PhantomReferences: 0.0ms
[1.960s][debug][gc,phases,ref  ] GC(36)     PhantomRef: skipped
[1.960s][debug][gc,phases,ref  ] GC(36)   SoftReference Discovered: 0, Dropped: 0, Processed: 0
[1.960s][debug][gc,phases,ref  ] GC(36)   WeakReference Discovered: 0, Dropped: 0, Processed: 0
[1.960s][debug][gc,phases,ref  ] GC(36)   FinalReference Discovered: 0, Dropped: 0, Processed: 0
[1.960s][debug][gc,phases,ref  ] GC(36)   PhantomReference Discovered: 0, Dropped: 0, Processed: 0
[1.960s][debug][gc,age         ] GC(36) Desired survivor size 557056 bytes, new threshold 15 (max threshold 15)
[1.960s][info ][gc,heap        ] GC(36) DefNew: 8832K(9920K)->0K(9920K) Eden: 8832K(8832K)->0K(8832K) From: 0K(1088K)->0K(1088K)
[1.960s][info ][gc,heap        ] GC(36) Tenured: 2093K(21888K)->2093K(21888K)
[1.960s][info ][gc,metaspace   ] GC(36) Metaspace: 369K(512K)->369K(512K) NonClass: 306K(384K)->306K(384K) Class: 63K(128K)->63K(128K)
[1.960s][debug][gc,heap        ] GC(36) Heap after GC invocations=37 (full 2):
[1.960s][debug][gc,heap        ] GC(36)  def new generation   total 9920K, used 0K [0x0000120000200000, 0x0000120000cc0000, 0x000012000aca0000)
[1.960s][debug][gc,heap        ] GC(36)   eden space 8832K,   0% used [0x0000120000200000, 0x0000120000200000, 0x0000120000aa0000)
[1.960s][debug][gc,heap        ] GC(36)   from space 1088K,   0% used [0x0000120000bb0000, 0x0000120000bb00d0, 0x0000120000cc0000)
[1.960s][debug][gc,heap        ] GC(36)   to   space 1088K,   0% used [0x0000120000aa0000, 0x0000120000aa0000, 0x0000120000bb0000)
[1.960s][debug][gc,heap        ] GC(36)  tenured generation   total 21888K, used 2093K [0x000012000aca0000, 0x000012000c200000, 0x0000120020200000)
[1.960s][debug][gc,heap        ] GC(36)    the space 21888K,   9% used [0x000012000aca0000, 0x000012000aeab4a0, 0x000012000aeab600, 0x000012000c200000)
[1.960s][debug][gc,heap        ] GC(36)  Metaspace       used 369K, committed 512K, reserved 1114112K
[1.960s][debug][gc,heap        ] GC(36)   class space    used 63K, committed 128K, reserved 1048576K
[1.960s][info ][gc             ] GC(36) Pause Young (Allocation Failure) 10M->2M(31M) 0.613ms
[1.960s][info ][gc,cpu         ] GC(36) User=0.01s Sys=0.00s Real=0.00s
[1.960s][info ][safepoint      ] Safepoint "GenCollectForAllocation", Time since last: 61007146 ns, Reaching safepoint: 76094 ns, Cleanup: 3300 ns, At safepoint: 654689 ns, Total: 734083 ns
[2.009s][info ][gc,start       ] GC(37) Pause Young (Allocation Failure)
[2.009s][debug][gc,heap        ] GC(37) Heap before GC invocations=37 (full 2):
[2.009s][debug][gc,heap        ] GC(37)  def new generation   total 9920K, used 8832K [0x0000120000200000, 0x0000120000cc0000, 0x000012000aca0000)
[2.009s][debug][gc,heap        ] GC(37)   eden space 8832K, 100% used [0x0000120000200000, 0x0000120000aa0000, 0x0000120000aa0000)
[2.009s][debug][gc,heap        ] GC(37)   from space 1088K,   0% used [0x0000120000bb0000, 0x0000120000bb00d0, 0x0000120000cc0000)
[2.009s][debug][gc,heap        ] GC(37)   to   space 1088K,   0% used [0x0000120000aa0000, 0x0000120000aa0000, 0x0000120000bb0000)
[2.009s][debug][gc,heap        ] GC(37)  tenured generation   total 21888K, used 2093K [0x000012000aca0000, 0x000012000c200000, 0x0000120020200000)
[2.009s][debug][gc,heap        ] GC(37)    the space 21888K,   9% used [0x000012000aca0000, 0x000012000aeab4a0, 0x000012000aeab600, 0x000012000c200000)
[2.009s][debug][gc,heap        ] GC(37)  Metaspace       used 369K, committed 512K, reserved 1114112K
[2.009s][debug][gc,heap        ] GC(37)   class space    used 63K, committed 128K, reserved 1048576K
[2.009s][debug][gc,tlab        ] GC(37) TLAB totals: thrds: 2  refills: 102 max: 56 slow allocs: 0 max 0 waste:  0.3% gc: 23384B max: 23384B slow: 2536B max: 1384B
[2.009s][debug][gc,ref         ] GC(37) Skipped SoftWeakFinalRefsPhase of Reference Processing: no references
[2.009s][debug][gc,ref         ] GC(37) Skipped KeepAliveFinalRefsPhase of Reference Processing: no references
[2.009s][debug][gc,ref         ] GC(37) Skipped PhantomRefsPhase of Reference Processing: no references
[2.009s][debug][gc,phases,ref  ] GC(37) Reference Processing: 0.0ms
[2.009s][debug][gc,phases,ref  ] GC(37)   Notify Soft/WeakReferences: 0.0ms
[2.009s][debug][gc,phases,ref  ] GC(37)     SoftRef: skipped
[2.009s][debug][gc,phases,ref  ] GC(37)     WeakRef: skipped
[2.009s][debug][gc,phases,ref  ] GC(37)     FinalRef: skipped
[2.009s][debug][gc,phases,ref  ] GC(37)     Total: skipped
[2.009s][debug][gc,phases,ref  ] GC(37)   Notify and keep alive finalizable: 0.0ms
[2.009s][debug][gc,phases,ref  ] GC(37)     FinalRef: skipped
[2.009s][debug][gc,phases,ref  ] GC(37)   Notify PhantomReferences: 0.0ms
[2.009s][debug][gc,phases,ref  ] GC(37)     PhantomRef: skipped
[2.009s][debug][gc,phases,ref  ] GC(37)   SoftReference Discovered: 0, Dropped: 0, Processed: 0
[2.009s][debug][gc,phases,ref  ] GC(37)   WeakReference Discovered: 0, Dropped: 0, Processed: 0
[2.009s][debug][gc,phases,ref  ] GC(37)   FinalReference Discovered: 0, Dropped: 0, Processed: 0
[2.009s][debug][gc,phases,ref  ] GC(37)   PhantomReference Discovered: 0, Dropped: 0, Processed: 0
[2.009s][debug][gc,age         ] GC(37) Desired survivor size 557056 bytes, new threshold 15 (max threshold 15)
[2.009s][info ][gc,heap        ] GC(37) DefNew: 8832K(9920K)->0K(9920K) Eden: 8832K(8832K)->0K(8832K) From: 0K(1088K)->0K(1088K)
[2.009s][info ][gc,heap        ] GC(37) Tenured: 2093K(21888K)->2093K(21888K)
[2.009s][info ][gc,metaspace   ] GC(37) Metaspace: 369K(512K)->369K(512K) NonClass: 306K(384K)->306K(384K) Class: 63K(128K)->63K(128K)
[2.009s][debug][gc,heap        ] GC(37) Heap after GC invocations=38 (full 2):
[2.009s][debug][gc,heap        ] GC(37)  def new generation   total 9920K, used 0K [0x0000120000200000, 0x0000120000cc0000, 0x000012000aca0000)
[2.009s][debug][gc,heap        ] GC(37)   eden space 8832K,   0% used [0x0000120000200000, 0x0000120000200000, 0x0000120000aa0000)
[2.009s][debug][gc,heap        ] GC(37)   from space 1088K,   0% used [0x0000120000aa0000, 0x0000120000aa01a8, 0x0000120000bb0000)
[2.009s][debug][gc,heap        ] GC(37)   to   space 1088K,   0% used [0x0000120000bb0000, 0x0000120000bb0000, 0x0000120000cc0000)
[2.009s][debug][gc,heap        ] GC(37)  tenured generation   total 21888K, used 2093K [0x000012000aca0000, 0x000012000c200000, 0x0000120020200000)
[2.009s][debug][gc,heap        ] GC(37)    the space 21888K,   9% used [0x000012000aca0000, 0x000012000aeab4a0, 0x000012000aeab600, 0x000012000c200000)
[2.009s][debug][gc,heap        ] GC(37)  Metaspace       used 369K, committed 512K, reserved 1114112K
[2.009s][debug][gc,heap        ] GC(37)   class space    used 63K, committed 128K, reserved 1048576K
[2.010s][info ][gc             ] GC(37) Pause Young (Allocation Failure) 10M->2M(31M) 0.553ms
[2.010s][info ][gc,cpu         ] GC(37) User=0.00s Sys=0.00s Real=0.00s
[2.010s][info ][safepoint      ] Safepoint "GenCollectForAllocation", Time since last: 48794521 ns, Reaching safepoint: 3151 ns, Cleanup: 3494 ns, At safepoint: 597554 ns, Total: 604199 ns
[2.058s][info ][gc,start       ] GC(38) Pause Young (Allocation Failure)
[2.058s][debug][gc,heap        ] GC(38) Heap before GC invocations=38 (full 2):
[2.058s][debug][gc,heap        ] GC(38)  def new generation   total 9920K, used 8832K [0x0000120000200000, 0x0000120000cc0000, 0x000012000aca0000)
[2.058s][debug][gc,heap        ] GC(38)   eden space 8832K, 100% used [0x0000120000200000, 0x0000120000aa0000, 0x0000120000aa0000)
[2.058s][debug][gc,heap        ] GC(38)   from space 1088K,   0% used [0x0000120000aa0000, 0x0000120000aa01a8, 0x0000120000bb0000)
[2.058s][debug][gc,heap        ] GC(38)   to   space 1088K,   0% used [0x0000120000bb0000, 0x0000120000bb0000, 0x0000120000cc0000)
[2.058s][debug][gc,heap        ] GC(38)  tenured generation   total 21888K, used 2093K [0x000012000aca0000, 0x000012000c200000, 0x0000120020200000)
[2.058s][debug][gc,heap        ] GC(38)    the space 21888K,   9% used [0x000012000aca0000, 0x000012000aeab4a0, 0x000012000aeab600, 0x000012000c200000)
[2.058s][debug][gc,heap        ] GC(38)  Metaspace       used 369K, committed 512K, reserved 1114112K
[2.058s][debug][gc,heap        ] GC(38)   class space    used 63K, committed 128K, reserved 1048576K
[2.058s][debug][gc,tlab        ] GC(38) TLAB totals: thrds: 2  refills: 101 max: 53 slow allocs: 0 max 0 waste:  0.2% gc: 12496B max: 12496B slow: 2552B max: 1376B
[2.058s][debug][gc,ref         ] GC(38) Skipped SoftWeakFinalRefsPhase of Reference Processing: no references
[2.058s][debug][gc,ref         ] GC(38) Skipped KeepAliveFinalRefsPhase of Reference Processing: no references
[2.058s][debug][gc,ref         ] GC(38) Skipped PhantomRefsPhase of Reference Processing: no references
[2.058s][debug][gc,phases,ref  ] GC(38) Reference Processing: 0.0ms
[2.058s][debug][gc,phases,ref  ] GC(38)   Notify Soft/WeakReferences: 0.0ms
[2.058s][debug][gc,phases,ref  ] GC(38)     SoftRef: skipped
[2.058s][debug][gc,phases,ref  ] GC(38)     WeakRef: skipped
[2.058s][debug][gc,phases,ref  ] GC(38)     FinalRef: skipped
[2.058s][debug][gc,phases,ref  ] GC(38)     Total: skipped
[2.058s][debug][gc,phases,ref  ] GC(38)   Notify and keep alive finalizable: 0.0ms
[2.058s][debug][gc,phases,ref  ] GC(38)     FinalRef: skipped
[2.058s][debug][gc,phases,ref  ] GC(38)   Notify PhantomReferences: 0.0ms
[2.058s][debug][gc,phases,ref  ] GC(38)     PhantomRef: skipped
[2.058s][debug][gc,phases,ref  ] GC(38)   SoftReference Discovered: 0, Dropped: 0, Processed: 0
[2.058s][debug][gc,phases,ref  ] GC(38)   WeakReference Discovered: 0, Dropped: 0, Processed: 0
[2.058s][debug][gc,phases,ref  ] GC(38)   FinalReference Discovered: 0, Dropped: 0, Processed: 0
[2.058s][debug][gc,phases,ref  ] GC(38)   PhantomReference Discovered: 0, Dropped: 0, Processed: 0
[2.058s][debug][gc,age         ] GC(38) Desired survivor size 557056 bytes, new threshold 15 (max threshold 15)
[2.058s][info ][gc,heap        ] GC(38) DefNew: 8832K(9920K)->0K(9920K) Eden: 8832K(8832K)->0K(8832K) From: 0K(1088K)->0K(1088K)
[2.058s][info ][gc,heap        ] GC(38) Tenured: 2093K(21888K)->2093K(21888K)
[2.058s][info ][gc,metaspace   ] GC(38) Metaspace: 369K(512K)->369K(512K) NonClass: 306K(384K)->306K(384K) Class: 63K(128K)->63K(128K)
[2.058s][debug][gc,heap        ] GC(38) Heap after GC invocations=39 (full 2):
[2.058s][debug][gc,heap        ] GC(38)  def new generation   total 9920K, used 0K [0x0000120000200000, 0x0000120000cc0000, 0x000012000aca0000)
[2.058s][debug][gc,heap        ] GC(38)   eden space 8832K,   0% used [0x0000120000200000, 0x0000120000200000, 0x0000120000aa0000)
[2.058s][debug][gc,heap        ] GC(38)   from space 1088K,   0% used [0x0000120000bb0000, 0x0000120000bb0168, 0x0000120000cc0000)
[2.058s][debug][gc,heap        ] GC(38)   to   space 1088K,   0% used [0x0000120000aa0000, 0x0000120000aa0000, 0x0000120000bb0000)
[2.058s][debug][gc,heap        ] GC(38)  tenured generation   total 21888K, used 2093K [0x000012000aca0000, 0x000012000c200000, 0x0000120020200000)
[2.058s][debug][gc,heap        ] GC(38)    the space 21888K,   9% used [0x000012000aca0000, 0x000012000aeab4a0, 0x000012000aeab600, 0x000012000c200000)
[2.058s][debug][gc,heap        ] GC(38)  Metaspace       used 369K, committed 512K, reserved 1114112K
[2.058s][debug][gc,heap        ] GC(38)   class space    used 63K, committed 128K, reserved 1048576K
[2.058s][info ][gc             ] GC(38) Pause Young (Allocation Failure) 10M->2M(31M) 0.501ms
[2.058s][info ][gc,cpu         ] GC(38) User=0.00s Sys=0.00s Real=0.00s
[2.058s][info ][safepoint      ] Safepoint "GenCollectForAllocation", Time since last: 48362027 ns, Reaching safepoint: 3231 ns, Cleanup: 3640 ns, At safepoint: 519879 ns, Total: 526750 ns
[2.120s][info ][gc,start       ] GC(39) Pause Young (Allocation Failure)
[2.120s][debug][gc,heap        ] GC(39) Heap before GC invocations=39 (full 2):
[2.120s][debug][gc,heap        ] GC(39)  def new generation   total 9920K, used 8832K [0x0000120000200000, 0x0000120000cc0000, 0x000012000aca0000)
[2.120s][debug][gc,heap        ] GC(39)   eden space 8832K, 100% used [0x0000120000200000, 0x0000120000aa0000, 0x0000120000aa0000)
[2.120s][debug][gc,heap        ] GC(39)   from space 1088K,   0% used [0x0000120000bb0000, 0x0000120000bb0168, 0x0000120000cc0000)
[2.120s][debug][gc,heap        ] GC(39)   to   space 1088K,   0% used [0x0000120000aa0000, 0x0000120000aa0000, 0x0000120000bb0000)
[2.120s][debug][gc,heap        ] GC(39)  tenured generation   total 21888K, used 2093K [0x000012000aca0000, 0x000012000c200000, 0x0000120020200000)
[2.120s][debug][gc,heap        ] GC(39)    the space 21888K,   9% used [0x000012000aca0000, 0x000012000aeab4a0, 0x000012000aeab600, 0x000012000c200000)
[2.120s][debug][gc,heap        ] GC(39)  Metaspace       used 369K, committed 512K, reserved 1114112K
[2.120s][debug][gc,heap        ] GC(39)   class space    used 63K, committed 128K, reserved 1048576K
[2.120s][debug][gc,tlab        ] GC(39) TLAB totals: thrds: 2  refills: 102 max: 67 slow allocs: 0 max 0 waste:  0.1% gc: 4560B max: 4560B slow: 2696B max: 1776B
[2.120s][debug][gc,ref         ] GC(39) Skipped SoftWeakFinalRefsPhase of Reference Processing: no references
[2.120s][debug][gc,ref         ] GC(39) Skipped KeepAliveFinalRefsPhase of Reference Processing: no references
[2.120s][debug][gc,ref         ] GC(39) Skipped PhantomRefsPhase of Reference Processing: no references
[2.120s][debug][gc,phases,ref  ] GC(39) Reference Processing: 0.0ms
[2.120s][debug][gc,phases,ref  ] GC(39)   Notify Soft/WeakReferences: 0.0ms
[2.121s][debug][gc,phases,ref  ] GC(39)     SoftRef: skipped
[2.121s][debug][gc,phases,ref  ] GC(39)     WeakRef: skipped
[2.121s][debug][gc,phases,ref  ] GC(39)     FinalRef: skipped
[2.121s][debug][gc,phases,ref  ] GC(39)     Total: skipped
[2.121s][debug][gc,phases,ref  ] GC(39)   Notify and keep alive finalizable: 0.0ms
[2.121s][debug][gc,phases,ref  ] GC(39)     FinalRef: skipped
[2.121s][debug][gc,phases,ref  ] GC(39)   Notify PhantomReferences: 0.0ms
[2.121s][debug][gc,phases,ref  ] GC(39)     PhantomRef: skipped
[2.121s][debug][gc,phases,ref  ] GC(39)   SoftReference Discovered: 0, Dropped: 0, Processed: 0
[2.121s][debug][gc,phases,ref  ] GC(39)   WeakReference Discovered: 0, Dropped: 0, Processed: 0
[2.121s][debug][gc,phases,ref  ] GC(39)   FinalReference Discovered: 0, Dropped: 0, Processed: 0
[2.121s][debug][gc,phases,ref  ] GC(39)   PhantomReference Discovered: 0, Dropped: 0, Processed: 0
[2.121s][debug][gc,age         ] GC(39) Desired survivor size 557056 bytes, new threshold 15 (max threshold 15)
[2.121s][info ][gc,heap        ] GC(39) DefNew: 8832K(9920K)->0K(9920K) Eden: 8832K(8832K)->0K(8832K) From: 0K(1088K)->0K(1088K)
[2.121s][info ][gc,heap        ] GC(39) Tenured: 2093K(21888K)->2093K(21888K)
[2.121s][info ][gc,metaspace   ] GC(39) Metaspace: 369K(512K)->369K(512K) NonClass: 306K(384K)->306K(384K) Class: 63K(128K)->63K(128K)
[2.121s][debug][gc,heap        ] GC(39) Heap after GC invocations=40 (full 2):
[2.121s][debug][gc,heap        ] GC(39)  def new generation   total 9920K, used 0K [0x0000120000200000, 0x0000120000cc0000, 0x000012000aca0000)
[2.121s][debug][gc,heap        ] GC(39)   eden space 8832K,   0% used [0x0000120000200000, 0x0000120000200000, 0x0000120000aa0000)
[2.121s][debug][gc,heap        ] GC(39)   from space 1088K,   0% used [0x0000120000aa0000, 0x0000120000aa0110, 0x0000120000bb0000)
[2.121s][debug][gc,heap        ] GC(39)   to   space 1088K,   0% used [0x0000120000bb0000, 0x0000120000bb0000, 0x0000120000cc0000)
[2.121s][debug][gc,heap        ] GC(39)  tenured generation   total 21888K, used 2093K [0x000012000aca0000, 0x000012000c200000, 0x0000120020200000)
[2.121s][debug][gc,heap        ] GC(39)    the space 21888K,   9% used [0x000012000aca0000, 0x000012000aeab4a0, 0x000012000aeab600, 0x000012000c200000)
[2.121s][debug][gc,heap        ] GC(39)  Metaspace       used 369K, committed 512K, reserved 1114112K
[2.121s][debug][gc,heap        ] GC(39)   class space    used 63K, committed 128K, reserved 1048576K
[2.121s][info ][gc             ] GC(39) Pause Young (Allocation Failure) 10M->2M(31M) 0.661ms
[2.121s][info ][gc,cpu         ] GC(39) User=0.00s Sys=0.00s Real=0.00s
[2.121s][info ][safepoint      ] Safepoint "GenCollectForAllocation", Time since last: 61666757 ns, Reaching safepoint: 3281 ns, Cleanup: 3677 ns, At safepoint: 704419 ns, Total: 711377 ns
[2.170s][info ][gc,start       ] GC(40) Pause Young (Allocation Failure)
[2.170s][debug][gc,heap        ] GC(40) Heap before GC invocations=40 (full 2):
[2.170s][debug][gc,heap        ] GC(40)  def new generation   total 9920K, used 8832K [0x0000120000200000, 0x0000120000cc0000, 0x000012000aca0000)
[2.170s][debug][gc,heap        ] GC(40)   eden space 8832K, 100% used [0x0000120000200000, 0x0000120000aa0000, 0x0000120000aa0000)
[2.170s][debug][gc,heap        ] GC(40)   from space 1088K,   0% used [0x0000120000aa0000, 0x0000120000aa0110, 0x0000120000bb0000)
[2.170s][debug][gc,heap        ] GC(40)   to   space 1088K,   0% used [0x0000120000bb0000, 0x0000120000bb0000, 0x0000120000cc0000)
[2.170s][debug][gc,heap        ] GC(40)  tenured generation   total 21888K, used 2093K [0x000012000aca0000, 0x000012000c200000, 0x0000120020200000)
[2.170s][debug][gc,heap        ] GC(40)    the space 21888K,   9% used [0x000012000aca0000, 0x000012000aeab4a0, 0x000012000aeab600, 0x000012000c200000)
[2.170s][debug][gc,heap        ] GC(40)  Metaspace       used 369K, committed 512K, reserved 1114112K
[2.170s][debug][gc,heap        ] GC(40)   class space    used 63K, committed 128K, reserved 1048576K
[2.170s][debug][gc,tlab        ] GC(40) TLAB totals: thrds: 2  refills: 101 max: 54 slow allocs: 0 max 0 waste:  0.1% gc: 9744B max: 9744B slow: 3040B max: 1616B
[2.170s][debug][gc,ref         ] GC(40) Skipped SoftWeakFinalRefsPhase of Reference Processing: no references
[2.170s][debug][gc,ref         ] GC(40) Skipped KeepAliveFinalRefsPhase of Reference Processing: no references
[2.170s][debug][gc,ref         ] GC(40) Skipped PhantomRefsPhase of Reference Processing: no references
[2.170s][debug][gc,phases,ref  ] GC(40) Reference Processing: 0.0ms
[2.170s][debug][gc,phases,ref  ] GC(40)   Notify Soft/WeakReferences: 0.0ms
[2.170s][debug][gc,phases,ref  ] GC(40)     SoftRef: skipped
[2.170s][debug][gc,phases,ref  ] GC(40)     WeakRef: skipped
[2.170s][debug][gc,phases,ref  ] GC(40)     FinalRef: skipped
[2.170s][debug][gc,phases,ref  ] GC(40)     Total: skipped
[2.170s][debug][gc,phases,ref  ] GC(40)   Notify and keep alive finalizable: 0.0ms
[2.170s][debug][gc,phases,ref  ] GC(40)     FinalRef: skipped
[2.170s][debug][gc,phases,ref  ] GC(40)   Notify PhantomReferences: 0.0ms
[2.170s][debug][gc,phases,ref  ] GC(40)     PhantomRef: skipped
[2.170s][debug][gc,phases,ref  ] GC(40)   SoftReference Discovered: 0, Dropped: 0, Processed: 0
[2.170s][debug][gc,phases,ref  ] GC(40)   WeakReference Discovered: 0, Dropped: 0, Processed: 0
[2.170s][debug][gc,phases,ref  ] GC(40)   FinalReference Discovered: 0, Dropped: 0, Processed: 0
[2.170s][debug][gc,phases,ref  ] GC(40)   PhantomReference Discovered: 0, Dropped: 0, Processed: 0
[2.170s][debug][gc,age         ] GC(40) Desired survivor size 557056 bytes, new threshold 15 (max threshold 15)
[2.170s][info ][gc,heap        ] GC(40) DefNew: 8832K(9920K)->0K(9920K) Eden: 8832K(8832K)->0K(8832K) From: 0K(1088K)->0K(1088K)
[2.170s][info ][gc,heap        ] GC(40) Tenured: 2093K(21888K)->2093K(21888K)
[2.170s][info ][gc,metaspace   ] GC(40) Metaspace: 369K(512K)->369K(512K) NonClass: 306K(384K)->306K(384K) Class: 63K(128K)->63K(128K)
[2.170s][debug][gc,heap        ] GC(40) Heap after GC invocations=41 (full 2):
[2.170s][debug][gc,heap        ] GC(40)  def new generation   total 9920K, used 0K [0x0000120000200000, 0x0000120000cc0000, 0x000012000aca0000)
[2.170s][debug][gc,heap        ] GC(40)   eden space 8832K,   0% used [0x0000120000200000, 0x0000120000200000, 0x0000120000aa0000)
[2.170s][debug][gc,heap        ] GC(40)   from space 1088K,   0% used [0x0000120000bb0000, 0x0000120000bb00e8, 0x0000120000cc0000)
[2.170s][debug][gc,heap        ] GC(40)   to   space 1088K,   0% used [0x0000120000aa0000, 0x0000120000aa0000, 0x0000120000bb0000)
[2.170s][debug][gc,heap        ] GC(40)  tenured generation   total 21888K, used 2093K [0x000012000aca0000, 0x000012000c200000, 0x0000120020200000)
[2.170s][debug][gc,heap        ] GC(40)    the space 21888K,   9% used [0x000012000aca0000, 0x000012000aeab4a0, 0x000012000aeab600, 0x000012000c200000)
[2.170s][debug][gc,heap        ] GC(40)  Metaspace       used 369K, committed 512K, reserved 1114112K
[2.170s][debug][gc,heap        ] GC(40)   class space    used 63K, committed 128K, reserved 1048576K
[2.170s][info ][gc             ] GC(40) Pause Young (Allocation Failure) 10M->2M(31M) 0.562ms
[2.170s][info ][gc,cpu         ] GC(40) User=0.00s Sys=0.00s Real=0.00s
[2.170s][info ][safepoint      ] Safepoint "GenCollectForAllocation", Time since last: 48785878 ns, Reaching safepoint: 77294 ns, Cleanup: 3717 ns, At safepoint: 633226 ns, Total: 714237 ns
[2.231s][info ][gc,start       ] GC(41) Pause Young (Allocation Failure)
[2.231s][debug][gc,heap        ] GC(41) Heap before GC invocations=41 (full 2):
[2.231s][debug][gc,heap        ] GC(41)  def new generation   total 9920K, used 8832K [0x0000120000200000, 0x0000120000cc0000, 0x000012000aca0000)
[2.231s][debug][gc,heap        ] GC(41)   eden space 8832K, 100% used [0x0000120000200000, 0x0000120000aa0000, 0x0000120000aa0000)
[2.231s][debug][gc,heap        ] GC(41)   from space 1088K,   0% used [0x0000120000bb0000, 0x0000120000bb00e8, 0x0000120000cc0000)
[2.231s][debug][gc,heap        ] GC(41)   to   space 1088K,   0% used [0x0000120000aa0000, 0x0000120000aa0000, 0x0000120000bb0000)
[2.231s][debug][gc,heap        ] GC(41)  tenured generation   total 21888K, used 2093K [0x000012000aca0000, 0x000012000c200000, 0x0000120020200000)
[2.231s][debug][gc,heap        ] GC(41)    the space 21888K,   9% used [0x000012000aca0000, 0x000012000aeab4a0, 0x000012000aeab600, 0x000012000c200000)
[2.231s][debug][gc,heap        ] GC(41)  Metaspace       used 369K, committed 512K, reserved 1114112K
[2.231s][debug][gc,heap        ] GC(41)   class space    used 63K, committed 128K, reserved 1048576K
[2.231s][debug][gc,tlab        ] GC(41) TLAB totals: thrds: 2  refills: 102 max: 67 slow allocs: 0 max 0 waste:  0.5% gc: 44648B max: 44648B slow: 2688B max: 1784B
[2.232s][debug][gc,ref         ] GC(41) Skipped SoftWeakFinalRefsPhase of Reference Processing: no references
[2.232s][debug][gc,ref         ] GC(41) Skipped KeepAliveFinalRefsPhase of Reference Processing: no references
[2.232s][debug][gc,ref         ] GC(41) Skipped PhantomRefsPhase of Reference Processing: no references
[2.232s][debug][gc,phases,ref  ] GC(41) Reference Processing: 0.0ms
[2.232s][debug][gc,phases,ref  ] GC(41)   Notify Soft/WeakReferences: 0.0ms
[2.232s][debug][gc,phases,ref  ] GC(41)     SoftRef: skipped
[2.232s][debug][gc,phases,ref  ] GC(41)     WeakRef: skipped
[2.232s][debug][gc,phases,ref  ] GC(41)     FinalRef: skipped
[2.232s][debug][gc,phases,ref  ] GC(41)     Total: skipped
[2.232s][debug][gc,phases,ref  ] GC(41)   Notify and keep alive finalizable: 0.0ms
[2.232s][debug][gc,phases,ref  ] GC(41)     FinalRef: skipped
[2.232s][debug][gc,phases,ref  ] GC(41)   Notify PhantomReferences: 0.0ms
[2.232s][debug][gc,phases,ref  ] GC(41)     PhantomRef: skipped
[2.232s][debug][gc,phases,ref  ] GC(41)   SoftReference Discovered: 0, Dropped: 0, Processed: 0
[2.232s][debug][gc,phases,ref  ] GC(41)   WeakReference Discovered: 0, Dropped: 0, Processed: 0
[2.232s][debug][gc,phases,ref  ] GC(41)   FinalReference Discovered: 0, Dropped: 0, Processed: 0
[2.232s][debug][gc,phases,ref  ] GC(41)   PhantomReference Discovered: 0, Dropped: 0, Processed: 0
[2.232s][debug][gc,age         ] GC(41) Desired survivor size 557056 bytes, new threshold 15 (max threshold 15)
[2.232s][info ][gc,heap        ] GC(41) DefNew: 8832K(9920K)->0K(9920K) Eden: 8832K(8832K)->0K(8832K) From: 0K(1088K)->0K(1088K)
[2.232s][info ][gc,heap        ] GC(41) Tenured: 2093K(21888K)->2093K(21888K)
[2.232s][info ][gc,metaspace   ] GC(41) Metaspace: 369K(512K)->369K(512K) NonClass: 306K(384K)->306K(384K) Class: 63K(128K)->63K(128K)
[2.232s][debug][gc,heap        ] GC(41) Heap after GC invocations=42 (full 2):
[2.232s][debug][gc,heap        ] GC(41)  def new generation   total 9920K, used 0K [0x0000120000200000, 0x0000120000cc0000, 0x000012000aca0000)
[2.232s][debug][gc,heap        ] GC(41)   eden space 8832K,   0% used [0x0000120000200000, 0x0000120000200000, 0x0000120000aa0000)
[2.232s][debug][gc,heap        ] GC(41)   from space 1088K,   0% used [0x0000120000aa0000, 0x0000120000aa0150, 0x0000120000bb0000)
[2.232s][debug][gc,heap        ] GC(41)   to   space 1088K,   0% used [0x0000120000bb0000, 0x0000120000bb0000, 0x0000120000cc0000)
[2.232s][debug][gc,heap        ] GC(41)  tenured generation   total 21888K, used 2093K [0x000012000aca0000, 0x000012000c200000, 0x0000120020200000)
[2.232s][debug][gc,heap        ] GC(41)    the space 21888K,   9% used [0x000012000aca0000, 0x000012000aeab4a0, 0x000012000aeab600, 0x000012000c200000)
[2.232s][debug][gc,heap        ] GC(41)  Metaspace       used 369K, committed 512K, reserved 1114112K
[2.232s][debug][gc,heap        ] GC(41)   class space    used 63K, committed 128K, reserved 1048576K
[2.232s][info ][gc             ] GC(41) Pause Young (Allocation Failure) 10M->2M(31M) 0.674ms
[2.232s][info ][gc,cpu         ] GC(41) User=0.01s Sys=0.00s Real=0.00s
[2.232s][info ][safepoint      ] Safepoint "GenCollectForAllocation", Time since last: 60852624 ns, Reaching safepoint: 3762 ns, Cleanup: 3652 ns, At safepoint: 718996 ns, Total: 726410 ns
[2.281s][info ][gc,start       ] GC(42) Pause Young (Allocation Failure)
[2.281s][debug][gc,heap        ] GC(42) Heap before GC invocations=42 (full 2):
[2.281s][debug][gc,heap        ] GC(42)  def new generation   total 9920K, used 8832K [0x0000120000200000, 0x0000120000cc0000, 0x000012000aca0000)
[2.281s][debug][gc,heap        ] GC(42)   eden space 8832K, 100% used [0x0000120000200000, 0x0000120000aa0000, 0x0000120000aa0000)
[2.281s][debug][gc,heap        ] GC(42)   from space 1088K,   0% used [0x0000120000aa0000, 0x0000120000aa0150, 0x0000120000bb0000)
[2.281s][debug][gc,heap        ] GC(42)   to   space 1088K,   0% used [0x0000120000bb0000, 0x0000120000bb0000, 0x0000120000cc0000)
[2.281s][debug][gc,heap        ] GC(42)  tenured generation   total 21888K, used 2093K [0x000012000aca0000, 0x000012000c200000, 0x0000120020200000)
[2.281s][debug][gc,heap        ] GC(42)    the space 21888K,   9% used [0x000012000aca0000, 0x000012000aeab4a0, 0x000012000aeab600, 0x000012000c200000)
[2.281s][debug][gc,heap        ] GC(42)  Metaspace       used 369K, committed 512K, reserved 1114112K
[2.281s][debug][gc,heap        ] GC(42)   class space    used 63K, committed 128K, reserved 1048576K
[2.281s][debug][gc,tlab        ] GC(42) TLAB totals: thrds: 2  refills: 101 max: 54 slow allocs: 0 max 0 waste:  0.0% gc: 0B max: 0B slow: 2912B max: 1728B
[2.281s][debug][gc,ref         ] GC(42) Skipped SoftWeakFinalRefsPhase of Reference Processing: no references
[2.281s][debug][gc,ref         ] GC(42) Skipped KeepAliveFinalRefsPhase of Reference Processing: no references
[2.281s][debug][gc,ref         ] GC(42) Skipped PhantomRefsPhase of Reference Processing: no references
[2.281s][debug][gc,phases,ref  ] GC(42) Reference Processing: 0.0ms
[2.281s][debug][gc,phases,ref  ] GC(42)   Notify Soft/WeakReferences: 0.0ms
[2.281s][debug][gc,phases,ref  ] GC(42)     SoftRef: skipped
[2.281s][debug][gc,phases,ref  ] GC(42)     WeakRef: skipped
[2.281s][debug][gc,phases,ref  ] GC(42)     FinalRef: skipped
[2.281s][debug][gc,phases,ref  ] GC(42)     Total: skipped
[2.281s][debug][gc,phases,ref  ] GC(42)   Notify and keep alive finalizable: 0.0ms
[2.281s][debug][gc,phases,ref  ] GC(42)     FinalRef: skipped
[2.281s][debug][gc,phases,ref  ] GC(42)   Notify PhantomReferences: 0.0ms
[2.281s][debug][gc,phases,ref  ] GC(42)     PhantomRef: skipped
[2.281s][debug][gc,phases,ref  ] GC(42)   SoftReference Discovered: 0, Dropped: 0, Processed: 0
[2.281s][debug][gc,phases,ref  ] GC(42)   WeakReference Discovered: 0, Dropped: 0, Processed: 0
[2.281s][debug][gc,phases,ref  ] GC(42)   FinalReference Discovered: 0, Dropped: 0, Processed: 0
[2.281s][debug][gc,phases,ref  ] GC(42)   PhantomReference Discovered: 0, Dropped: 0, Processed: 0
[2.281s][debug][gc,age         ] GC(42) Desired survivor size 557056 bytes, new threshold 15 (max threshold 15)
[2.281s][info ][gc,heap        ] GC(42) DefNew: 8832K(9920K)->0K(9920K) Eden: 8832K(8832K)->0K(8832K) From: 0K(1088K)->0K(1088K)
[2.281s][info ][gc,heap        ] GC(42) Tenured: 2093K(21888K)->2093K(21888K)
[2.281s][info ][gc,metaspace   ] GC(42) Metaspace: 369K(512K)->369K(512K) NonClass: 306K(384K)->306K(384K) Class: 63K(128K)->63K(128K)
[2.281s][debug][gc,heap        ] GC(42) Heap after GC invocations=43 (full 2):
[2.281s][debug][gc,heap        ] GC(42)  def new generation   total 9920K, used 0K [0x0000120000200000, 0x0000120000cc0000, 0x000012000aca0000)
[2.281s][debug][gc,heap        ] GC(42)   eden space 8832K,   0% used [0x0000120000200000, 0x0000120000200000, 0x0000120000aa0000)
[2.281s][debug][gc,heap        ] GC(42)   from space 1088K,   0% used [0x0000120000bb0000, 0x0000120000bb01b0, 0x0000120000cc0000)
[2.281s][debug][gc,heap        ] GC(42)   to   space 1088K,   0% used [0x0000120000aa0000, 0x0000120000aa0000, 0x0000120000bb0000)
[2.281s][debug][gc,heap        ] GC(42)  tenured generation   total 21888K, used 2093K [0x000012000aca0000, 0x000012000c200000, 0x0000120020200000)
[2.281s][debug][gc,heap        ] GC(42)    the space 21888K,   9% used [0x000012000aca0000, 0x000012000aeab4a0, 0x000012000aeab600, 0x000012000c200000)
[2.281s][debug][gc,heap        ] GC(42)  Metaspace       used 369K, committed 512K, reserved 1114112K
[2.281s][debug][gc,heap        ] GC(42)   class space    used 63K, committed 128K, reserved 1048576K
[2.281s][info ][gc             ] GC(42) Pause Young (Allocation Failure) 10M->2M(31M) 0.583ms
[2.281s][info ][gc,cpu         ] GC(42) User=0.00s Sys=0.00s Real=0.00s
[2.281s][info ][safepoint      ] Safepoint "GenCollectForAllocation", Time since last: 48699621 ns, Reaching safepoint: 3085 ns, Cleanup: 3619 ns, At safepoint: 618847 ns, Total: 625551 ns
[2.329s][info ][gc,start       ] GC(43) Pause Young (Allocation Failure)
[2.329s][debug][gc,heap        ] GC(43) Heap before GC invocations=43 (full 2):
[2.329s][debug][gc,heap        ] GC(43)  def new generation   total 9920K, used 8832K [0x0000120000200000, 0x0000120000cc0000, 0x000012000aca0000)
[2.330s][debug][gc,heap        ] GC(43)   eden space 8832K, 100% used [0x0000120000200000, 0x0000120000aa0000, 0x0000120000aa0000)
[2.330s][debug][gc,heap        ] GC(43)   from space 1088K,   0% used [0x0000120000bb0000, 0x0000120000bb01b0, 0x0000120000cc0000)
[2.330s][debug][gc,heap        ] GC(43)   to   space 1088K,   0% used [0x0000120000aa0000, 0x0000120000aa0000, 0x0000120000bb0000)
[2.330s][debug][gc,heap        ] GC(43)  tenured generation   total 21888K, used 2093K [0x000012000aca0000, 0x000012000c200000, 0x0000120020200000)
[2.330s][debug][gc,heap        ] GC(43)    the space 21888K,   9% used [0x000012000aca0000, 0x000012000aeab4a0, 0x000012000aeab600, 0x000012000c200000)
[2.330s][debug][gc,heap        ] GC(43)  Metaspace       used 369K, committed 512K, reserved 1114112K
[2.330s][debug][gc,heap        ] GC(43)   class space    used 63K, committed 128K, reserved 1048576K
[2.330s][debug][gc,tlab        ] GC(43) TLAB totals: thrds: 2  refills: 101 max: 53 slow allocs: 0 max 0 waste:  0.6% gc: 56184B max: 56184B slow: 2440B max: 1432B
[2.330s][debug][gc,ref         ] GC(43) Skipped SoftWeakFinalRefsPhase of Reference Processing: no references
[2.330s][debug][gc,ref         ] GC(43) Skipped KeepAliveFinalRefsPhase of Reference Processing: no references
[2.330s][debug][gc,ref         ] GC(43) Skipped PhantomRefsPhase of Reference Processing: no references
[2.330s][debug][gc,phases,ref  ] GC(43) Reference Processing: 0.0ms
[2.330s][debug][gc,phases,ref  ] GC(43)   Notify Soft/WeakReferences: 0.0ms
[2.330s][debug][gc,phases,ref  ] GC(43)     SoftRef: skipped
[2.330s][debug][gc,phases,ref  ] GC(43)     WeakRef: skipped
[2.330s][debug][gc,phases,ref  ] GC(43)     FinalRef: skipped
[2.330s][debug][gc,phases,ref  ] GC(43)     Total: skipped
[2.330s][debug][gc,phases,ref  ] GC(43)   Notify and keep alive finalizable: 0.0ms
[2.330s][debug][gc,phases,ref  ] GC(43)     FinalRef: skipped
[2.330s][debug][gc,phases,ref  ] GC(43)   Notify PhantomReferences: 0.0ms
[2.330s][debug][gc,phases,ref  ] GC(43)     PhantomRef: skipped
[2.330s][debug][gc,phases,ref  ] GC(43)   SoftReference Discovered: 0, Dropped: 0, Processed: 0
[2.330s][debug][gc,phases,ref  ] GC(43)   WeakReference Discovered: 0, Dropped: 0, Processed: 0
[2.330s][debug][gc,phases,ref  ] GC(43)   FinalReference Discovered: 0, Dropped: 0, Processed: 0
[2.330s][debug][gc,phases,ref  ] GC(43)   PhantomReference Discovered: 0, Dropped: 0, Processed: 0
[2.330s][debug][gc,age         ] GC(43) Desired survivor size 557056 bytes, new threshold 15 (max threshold 15)
[2.330s][info ][gc,heap        ] GC(43) DefNew: 8832K(9920K)->0K(9920K) Eden: 8832K(8832K)->0K(8832K) From: 0K(1088K)->0K(1088K)
[2.330s][info ][gc,heap        ] GC(43) Tenured: 2093K(21888K)->2093K(21888K)
[2.330s][info ][gc,metaspace   ] GC(43) Metaspace: 369K(512K)->369K(512K) NonClass: 306K(384K)->306K(384K) Class: 63K(128K)->63K(128K)
[2.330s][debug][gc,heap        ] GC(43) Heap after GC invocations=44 (full 2):
[2.330s][debug][gc,heap        ] GC(43)  def new generation   total 9920K, used 0K [0x0000120000200000, 0x0000120000cc0000, 0x000012000aca0000)
[2.330s][debug][gc,heap        ] GC(43)   eden space 8832K,   0% used [0x0000120000200000, 0x0000120000200000, 0x0000120000aa0000)
[2.330s][debug][gc,heap        ] GC(43)   from space 1088K,   0% used [0x0000120000aa0000, 0x0000120000aa0188, 0x0000120000bb0000)
[2.330s][debug][gc,heap        ] GC(43)   to   space 1088K,   0% used [0x0000120000bb0000, 0x0000120000bb0000, 0x0000120000cc0000)
[2.330s][debug][gc,heap        ] GC(43)  tenured generation   total 21888K, used 2093K [0x000012000aca0000, 0x000012000c200000, 0x0000120020200000)
[2.330s][debug][gc,heap        ] GC(43)    the space 21888K,   9% used [0x000012000aca0000, 0x000012000aeab4a0, 0x000012000aeab600, 0x000012000c200000)
[2.330s][debug][gc,heap        ] GC(43)  Metaspace       used 369K, committed 512K, reserved 1114112K
[2.330s][debug][gc,heap        ] GC(43)   class space    used 63K, committed 128K, reserved 1048576K
[2.330s][info ][gc             ] GC(43) Pause Young (Allocation Failure) 10M->2M(31M) 0.587ms
[2.330s][info ][gc,cpu         ] GC(43) User=0.00s Sys=0.00s Real=0.00s
[2.330s][info ][safepoint      ] Safepoint "GenCollectForAllocation", Time since last: 48212195 ns, Reaching safepoint: 3614 ns, Cleanup: 3645 ns, At safepoint: 631168 ns, Total: 638427 ns
[2.379s][info ][gc,start       ] GC(44) Pause Young (Allocation Failure)
[2.379s][debug][gc,heap        ] GC(44) Heap before GC invocations=44 (full 2):
[2.379s][debug][gc,heap        ] GC(44)  def new generation   total 9920K, used 8832K [0x0000120000200000, 0x0000120000cc0000, 0x000012000aca0000)
[2.379s][debug][gc,heap        ] GC(44)   eden space 8832K, 100% used [0x0000120000200000, 0x0000120000aa0000, 0x0000120000aa0000)
[2.379s][debug][gc,heap        ] GC(44)   from space 1088K,   0% used [0x0000120000aa0000, 0x0000120000aa0188, 0x0000120000bb0000)
[2.379s][debug][gc,heap        ] GC(44)   to   space 1088K,   0% used [0x0000120000bb0000, 0x0000120000bb0000, 0x0000120000cc0000)
[2.379s][debug][gc,heap        ] GC(44)  tenured generation   total 21888K, used 2093K [0x000012000aca0000, 0x000012000c200000, 0x0000120020200000)
[2.379s][debug][gc,heap        ] GC(44)    the space 21888K,   9% used [0x000012000aca0000, 0x000012000aeab4a0, 0x000012000aeab600, 0x000012000c200000)
[2.379s][debug][gc,heap        ] GC(44)  Metaspace       used 369K, committed 512K, reserved 1114112K
[2.379s][debug][gc,heap        ] GC(44)   class space    used 63K, committed 128K, reserved 1048576K
[2.379s][debug][gc,tlab        ] GC(44) TLAB totals: thrds: 2  refills: 101 max: 52 slow allocs: 0 max 0 waste:  0.1% gc: 3432B max: 3432B slow: 2696B max: 1424B
[2.379s][debug][gc,ref         ] GC(44) Skipped SoftWeakFinalRefsPhase of Reference Processing: no references
[2.379s][debug][gc,ref         ] GC(44) Skipped KeepAliveFinalRefsPhase of Reference Processing: no references
[2.379s][debug][gc,ref         ] GC(44) Skipped PhantomRefsPhase of Reference Processing: no references
[2.379s][debug][gc,phases,ref  ] GC(44) Reference Processing: 0.0ms
[2.379s][debug][gc,phases,ref  ] GC(44)   Notify Soft/WeakReferences: 0.0ms
[2.379s][debug][gc,phases,ref  ] GC(44)     SoftRef: skipped
[2.379s][debug][gc,phases,ref  ] GC(44)     WeakRef: skipped
[2.379s][debug][gc,phases,ref  ] GC(44)     FinalRef: skipped
[2.379s][debug][gc,phases,ref  ] GC(44)     Total: skipped
[2.379s][debug][gc,phases,ref  ] GC(44)   Notify and keep alive finalizable: 0.0ms
[2.379s][debug][gc,phases,ref  ] GC(44)     FinalRef: skipped
[2.379s][debug][gc,phases,ref  ] GC(44)   Notify PhantomReferences: 0.0ms
[2.379s][debug][gc,phases,ref  ] GC(44)     PhantomRef: skipped
[2.379s][debug][gc,phases,ref  ] GC(44)   SoftReference Discovered: 0, Dropped: 0, Processed: 0
[2.379s][debug][gc,phases,ref  ] GC(44)   WeakReference Discovered: 0, Dropped: 0, Processed: 0
[2.379s][debug][gc,phases,ref  ] GC(44)   FinalReference Discovered: 0, Dropped: 0, Processed: 0
[2.379s][debug][gc,phases,ref  ] GC(44)   PhantomReference Discovered: 0, Dropped: 0, Processed: 0
[2.379s][debug][gc,age         ] GC(44) Desired survivor size 557056 bytes, new threshold 15 (max threshold 15)
[2.379s][info ][gc,heap        ] GC(44) DefNew: 8832K(9920K)->0K(9920K) Eden: 8832K(8832K)->0K(8832K) From: 0K(1088K)->0K(1088K)
[2.379s][info ][gc,heap        ] GC(44) Tenured: 2093K(21888K)->2093K(21888K)
[2.379s][info ][gc,metaspace   ] GC(44) Metaspace: 369K(512K)->369K(512K) NonClass: 306K(384K)->306K(384K) Class: 63K(128K)->63K(128K)
[2.379s][debug][gc,heap        ] GC(44) Heap after GC invocations=45 (full 2):
[2.379s][debug][gc,heap        ] GC(44)  def new generation   total 9920K, used 0K [0x0000120000200000, 0x0000120000cc0000, 0x000012000aca0000)
[2.379s][debug][gc,heap        ] GC(44)   eden space 8832K,   0% used [0x0000120000200000, 0x0000120000200000, 0x0000120000aa0000)
[2.379s][debug][gc,heap        ] GC(44)   from space 1088K,   0% used [0x0000120000bb0000, 0x0000120000bb00d0, 0x0000120000cc0000)
[2.379s][debug][gc,heap        ] GC(44)   to   space 1088K,   0% used [0x0000120000aa0000, 0x0000120000aa0000, 0x0000120000bb0000)
[2.379s][debug][gc,heap        ] GC(44)  tenured generation   total 21888K, used 2093K [0x000012000aca0000, 0x000012000c200000, 0x0000120020200000)
[2.379s][debug][gc,heap        ] GC(44)    the space 21888K,   9% used [0x000012000aca0000, 0x000012000aeab4a0, 0x000012000aeab600, 0x000012000c200000)
[2.379s][debug][gc,heap        ] GC(44)  Metaspace       used 369K, committed 512K, reserved 1114112K
[2.379s][debug][gc,heap        ] GC(44)   class space    used 63K, committed 128K, reserved 1048576K
[2.379s][info ][gc             ] GC(44) Pause Young (Allocation Failure) 10M->2M(31M) 0.547ms
[2.379s][info ][gc,cpu         ] GC(44) User=0.00s Sys=0.00s Real=0.00s
[2.379s][info ][safepoint      ] Safepoint "GenCollectForAllocation", Time since last: 48807463 ns, Reaching safepoint: 3715 ns, Cleanup: 3642 ns, At safepoint: 590708 ns, Total: 598065 ns
[2.428s][info ][gc,start       ] GC(45) Pause Young (Allocation Failure)
[2.428s][debug][gc,heap        ] GC(45) Heap before GC invocations=45 (full 2):
[2.428s][debug][gc,heap        ] GC(45)  def new generation   total 9920K, used 8832K [0x0000120000200000, 0x0000120000cc0000, 0x000012000aca0000)
[2.428s][debug][gc,heap        ] GC(45)   eden space 8832K, 100% used [0x0000120000200000, 0x0000120000aa0000, 0x0000120000aa0000)
[2.428s][debug][gc,heap        ] GC(45)   from space 1088K,   0% used [0x0000120000bb0000, 0x0000120000bb00d0, 0x0000120000cc0000)
[2.429s][debug][gc,heap        ] GC(45)   to   space 1088K,   0% used [0x0000120000aa0000, 0x0000120000aa0000, 0x0000120000bb0000)
[2.429s][debug][gc,heap        ] GC(45)  tenured generation   total 21888K, used 2093K [0x000012000aca0000, 0x000012000c200000, 0x0000120020200000)
[2.429s][debug][gc,heap        ] GC(45)    the space 21888K,   9% used [0x000012000aca0000, 0x000012000aeab4a0, 0x000012000aeab600, 0x000012000c200000)
[2.429s][debug][gc,heap        ] GC(45)  Metaspace       used 369K, committed 512K, reserved 1114112K
[2.429s][debug][gc,heap        ] GC(45)   class space    used 63K, committed 128K, reserved 1048576K
[2.429s][debug][gc,tlab        ] GC(45) TLAB totals: thrds: 2  refills: 101 max: 51 slow allocs: 0 max 0 waste:  0.3% gc: 27664B max: 27664B slow: 2552B max: 1344B
[2.429s][debug][gc,ref         ] GC(45) Skipped SoftWeakFinalRefsPhase of Reference Processing: no references
[2.429s][debug][gc,ref         ] GC(45) Skipped KeepAliveFinalRefsPhase of Reference Processing: no references
[2.429s][debug][gc,ref         ] GC(45) Skipped PhantomRefsPhase of Reference Processing: no references
[2.429s][debug][gc,phases,ref  ] GC(45) Reference Processing: 0.0ms
[2.429s][debug][gc,phases,ref  ] GC(45)   Notify Soft/WeakReferences: 0.0ms
[2.429s][debug][gc,phases,ref  ] GC(45)     SoftRef: skipped
[2.429s][debug][gc,phases,ref  ] GC(45)     WeakRef: skipped
[2.429s][debug][gc,phases,ref  ] GC(45)     FinalRef: skipped
[2.429s][debug][gc,phases,ref  ] GC(45)     Total: skipped
[2.429s][debug][gc,phases,ref  ] GC(45)   Notify and keep alive finalizable: 0.0ms
[2.429s][debug][gc,phases,ref  ] GC(45)     FinalRef: skipped
[2.429s][debug][gc,phases,ref  ] GC(45)   Notify PhantomReferences: 0.0ms
[2.429s][debug][gc,phases,ref  ] GC(45)     PhantomRef: skipped
[2.429s][debug][gc,phases,ref  ] GC(45)   SoftReference Discovered: 0, Dropped: 0, Processed: 0
[2.429s][debug][gc,phases,ref  ] GC(45)   WeakReference Discovered: 0, Dropped: 0, Processed: 0
[2.429s][debug][gc,phases,ref  ] GC(45)   FinalReference Discovered: 0, Dropped: 0, Processed: 0
[2.429s][debug][gc,phases,ref  ] GC(45)   PhantomReference Discovered: 0, Dropped: 0, Processed: 0
[2.429s][debug][gc,age         ] GC(45) Desired survivor size 557056 bytes, new threshold 15 (max threshold 15)
[2.429s][info ][gc,heap        ] GC(45) DefNew: 8832K(9920K)->0K(9920K) Eden: 8832K(8832K)->0K(8832K) From: 0K(1088K)->0K(1088K)
[2.429s][info ][gc,heap        ] GC(45) Tenured: 2093K(21888K)->2093K(21888K)
[2.429s][info ][gc,metaspace   ] GC(45) Metaspace: 369K(512K)->369K(512K) NonClass: 306K(384K)->306K(384K) Class: 63K(128K)->63K(128K)
[2.429s][debug][gc,heap        ] GC(45) Heap after GC invocations=46 (full 2):
[2.429s][debug][gc,heap        ] GC(45)  def new generation   total 9920K, used 0K [0x0000120000200000, 0x0000120000cc0000, 0x000012000aca0000)
[2.429s][debug][gc,heap        ] GC(45)   eden space 8832K,   0% used [0x0000120000200000, 0x0000120000200000, 0x0000120000aa0000)
[2.429s][debug][gc,heap        ] GC(45)   from space 1088K,   0% used [0x0000120000aa0000, 0x0000120000aa0118, 0x0000120000bb0000)
[2.429s][debug][gc,heap        ] GC(45)   to   space 1088K,   0% used [0x0000120000bb0000, 0x0000120000bb0000, 0x0000120000cc0000)
[2.429s][debug][gc,heap        ] GC(45)  tenured generation   total 21888K, used 2093K [0x000012000aca0000, 0x000012000c200000, 0x0000120020200000)
[2.429s][debug][gc,heap        ] GC(45)    the space 21888K,   9% used [0x000012000aca0000, 0x000012000aeab4a0, 0x000012000aeab600, 0x000012000c200000)
[2.429s][debug][gc,heap        ] GC(45)  Metaspace       used 369K, committed 512K, reserved 1114112K
[2.429s][debug][gc,heap        ] GC(45)   class space    used 63K, committed 128K, reserved 1048576K
[2.429s][info ][gc             ] GC(45) Pause Young (Allocation Failure) 10M->2M(31M) 0.593ms
[2.429s][info ][gc,cpu         ] GC(45) User=0.00s Sys=0.00s Real=0.00s
[2.429s][info ][safepoint      ] Safepoint "GenCollectForAllocation", Time since last: 48928302 ns, Reaching safepoint: 3442 ns, Cleanup: 3580 ns, At safepoint: 637342 ns, Total: 644364 ns
[2.478s][info ][gc,start       ] GC(46) Pause Young (Allocation Failure)
[2.478s][debug][gc,heap        ] GC(46) Heap before GC invocations=46 (full 2):
[2.478s][debug][gc,heap        ] GC(46)  def new generation   total 9920K, used 8832K [0x0000120000200000, 0x0000120000cc0000, 0x000012000aca0000)
[2.478s][debug][gc,heap        ] GC(46)   eden space 8832K, 100% used [0x0000120000200000, 0x0000120000aa0000, 0x0000120000aa0000)
[2.478s][debug][gc,heap        ] GC(46)   from space 1088K,   0% used [0x0000120000aa0000, 0x0000120000aa0118, 0x0000120000bb0000)
[2.478s][debug][gc,heap        ] GC(46)   to   space 1088K,   0% used [0x0000120000bb0000, 0x0000120000bb0000, 0x0000120000cc0000)
[2.478s][debug][gc,heap        ] GC(46)  tenured generation   total 21888K, used 2093K [0x000012000aca0000, 0x000012000c200000, 0x0000120020200000)
[2.478s][debug][gc,heap        ] GC(46)    the space 21888K,   9% used [0x000012000aca0000, 0x000012000aeab4a0, 0x000012000aeab600, 0x000012000c200000)
[2.478s][debug][gc,heap        ] GC(46)  Metaspace       used 369K, committed 512K, reserved 1114112K
[2.478s][debug][gc,heap        ] GC(46)   class space    used 63K, committed 128K, reserved 1048576K
[2.478s][debug][gc,tlab        ] GC(46) TLAB totals: thrds: 2  refills: 101 max: 51 slow allocs: 0 max 0 waste:  0.3% gc: 22376B max: 22376B slow: 2352B max: 1184B
[2.478s][debug][gc,ref         ] GC(46) Skipped SoftWeakFinalRefsPhase of Reference Processing: no references
[2.478s][debug][gc,ref         ] GC(46) Skipped KeepAliveFinalRefsPhase of Reference Processing: no references
[2.478s][debug][gc,ref         ] GC(46) Skipped PhantomRefsPhase of Reference Processing: no references
[2.478s][debug][gc,phases,ref  ] GC(46) Reference Processing: 0.0ms
[2.478s][debug][gc,phases,ref  ] GC(46)   Notify Soft/WeakReferences: 0.0ms
[2.478s][debug][gc,phases,ref  ] GC(46)     SoftRef: skipped
[2.478s][debug][gc,phases,ref  ] GC(46)     WeakRef: skipped
[2.478s][debug][gc,phases,ref  ] GC(46)     FinalRef: skipped
[2.478s][debug][gc,phases,ref  ] GC(46)     Total: skipped
[2.478s][debug][gc,phases,ref  ] GC(46)   Notify and keep alive finalizable: 0.0ms
[2.478s][debug][gc,phases,ref  ] GC(46)     FinalRef: skipped
[2.478s][debug][gc,phases,ref  ] GC(46)   Notify PhantomReferences: 0.0ms
[2.478s][debug][gc,phases,ref  ] GC(46)     PhantomRef: skipped
[2.478s][debug][gc,phases,ref  ] GC(46)   SoftReference Discovered: 0, Dropped: 0, Processed: 0
[2.478s][debug][gc,phases,ref  ] GC(46)   WeakReference Discovered: 0, Dropped: 0, Processed: 0
[2.478s][debug][gc,phases,ref  ] GC(46)   FinalReference Discovered: 0, Dropped: 0, Processed: 0
[2.478s][debug][gc,phases,ref  ] GC(46)   PhantomReference Discovered: 0, Dropped: 0, Processed: 0
[2.478s][debug][gc,age         ] GC(46) Desired survivor size 557056 bytes, new threshold 15 (max threshold 15)
[2.478s][info ][gc,heap        ] GC(46) DefNew: 8832K(9920K)->0K(9920K) Eden: 8832K(8832K)->0K(8832K) From: 0K(1088K)->0K(1088K)
[2.478s][info ][gc,heap        ] GC(46) Tenured: 2093K(21888K)->2093K(21888K)
[2.478s][info ][gc,metaspace   ] GC(46) Metaspace: 369K(512K)->369K(512K) NonClass: 306K(384K)->306K(384K) Class: 63K(128K)->63K(128K)
[2.478s][debug][gc,heap        ] GC(46) Heap after GC invocations=47 (full 2):
[2.478s][debug][gc,heap        ] GC(46)  def new generation   total 9920K, used 0K [0x0000120000200000, 0x0000120000cc0000, 0x000012000aca0000)
[2.478s][debug][gc,heap        ] GC(46)   eden space 8832K,   0% used [0x0000120000200000, 0x0000120000200000, 0x0000120000aa0000)
[2.478s][debug][gc,heap        ] GC(46)   from space 1088K,   0% used [0x0000120000bb0000, 0x0000120000bb0140, 0x0000120000cc0000)
[2.478s][debug][gc,heap        ] GC(46)   to   space 1088K,   0% used [0x0000120000aa0000, 0x0000120000aa0000, 0x0000120000bb0000)
[2.478s][debug][gc,heap        ] GC(46)  tenured generation   total 21888K, used 2093K [0x000012000aca0000, 0x000012000c200000, 0x0000120020200000)
[2.478s][debug][gc,heap        ] GC(46)    the space 21888K,   9% used [0x000012000aca0000, 0x000012000aeab4a0, 0x000012000aeab600, 0x000012000c200000)
[2.478s][debug][gc,heap        ] GC(46)  Metaspace       used 369K, committed 512K, reserved 1114112K
[2.478s][debug][gc,heap        ] GC(46)   class space    used 63K, committed 128K, reserved 1048576K
[2.478s][info ][gc             ] GC(46) Pause Young (Allocation Failure) 10M->2M(31M) 0.442ms
[2.478s][info ][gc,cpu         ] GC(46) User=0.00s Sys=0.00s Real=0.00s
[2.478s][info ][safepoint      ] Safepoint "GenCollectForAllocation", Time since last: 48912047 ns, Reaching safepoint: 3420 ns, Cleanup: 3564 ns, At safepoint: 461523 ns, Total: 468507 ns
[2.538s][info ][gc,start       ] GC(47) Pause Young (Allocation Failure)
[2.538s][debug][gc,heap        ] GC(47) Heap before GC invocations=47 (full 2):
[2.538s][debug][gc,heap        ] GC(47)  def new generation   total 9920K, used 8832K [0x0000120000200000, 0x0000120000cc0000, 0x000012000aca0000)
[2.538s][debug][gc,heap        ] GC(47)   eden space 8832K, 100% used [0x0000120000200000, 0x0000120000aa0000, 0x0000120000aa0000)
[2.538s][debug][gc,heap        ] GC(47)   from space 1088K,   0% used [0x0000120000bb0000, 0x0000120000bb0140, 0x0000120000cc0000)
[2.538s][debug][gc,heap        ] GC(47)   to   space 1088K,   0% used [0x0000120000aa0000, 0x0000120000aa0000, 0x0000120000bb0000)
[2.538s][debug][gc,heap        ] GC(47)  tenured generation   total 21888K, used 2093K [0x000012000aca0000, 0x000012000c200000, 0x0000120020200000)
[2.538s][debug][gc,heap        ] GC(47)    the space 21888K,   9% used [0x000012000aca0000, 0x000012000aeab4a0, 0x000012000aeab600, 0x000012000c200000)
[2.538s][debug][gc,heap        ] GC(47)  Metaspace       used 369K, committed 512K, reserved 1114112K
[2.538s][debug][gc,heap        ] GC(47)   class space    used 63K, committed 128K, reserved 1048576K
[2.538s][debug][gc,tlab        ] GC(47) TLAB totals: thrds: 2  refills: 101 max: 62 slow allocs: 0 max 0 waste:  0.1% gc: 2768B max: 2768B slow: 2216B max: 1464B
[2.538s][debug][gc,ref         ] GC(47) Skipped SoftWeakFinalRefsPhase of Reference Processing: no references
[2.538s][debug][gc,ref         ] GC(47) Skipped KeepAliveFinalRefsPhase of Reference Processing: no references
[2.538s][debug][gc,ref         ] GC(47) Skipped PhantomRefsPhase of Reference Processing: no references
[2.538s][debug][gc,phases,ref  ] GC(47) Reference Processing: 0.0ms
[2.538s][debug][gc,phases,ref  ] GC(47)   Notify Soft/WeakReferences: 0.0ms
[2.538s][debug][gc,phases,ref  ] GC(47)     SoftRef: skipped
[2.538s][debug][gc,phases,ref  ] GC(47)     WeakRef: skipped
[2.538s][debug][gc,phases,ref  ] GC(47)     FinalRef: skipped
[2.538s][debug][gc,phases,ref  ] GC(47)     Total: skipped
[2.538s][debug][gc,phases,ref  ] GC(47)   Notify and keep alive finalizable: 0.0ms
[2.538s][debug][gc,phases,ref  ] GC(47)     FinalRef: skipped
[2.538s][debug][gc,phases,ref  ] GC(47)   Notify PhantomReferences: 0.0ms
[2.538s][debug][gc,phases,ref  ] GC(47)     PhantomRef: skipped
[2.538s][debug][gc,phases,ref  ] GC(47)   SoftReference Discovered: 0, Dropped: 0, Processed: 0
[2.538s][debug][gc,phases,ref  ] GC(47)   WeakReference Discovered: 0, Dropped: 0, Processed: 0
[2.538s][debug][gc,phases,ref  ] GC(47)   FinalReference Discovered: 0, Dropped: 0, Processed: 0
[2.538s][debug][gc,phases,ref  ] GC(47)   PhantomReference Discovered: 0, Dropped: 0, Processed: 0
[2.538s][debug][gc,age         ] GC(47) Desired survivor size 557056 bytes, new threshold 15 (max threshold 15)
[2.538s][info ][gc,heap        ] GC(47) DefNew: 8832K(9920K)->0K(9920K) Eden: 8832K(8832K)->0K(8832K) From: 0K(1088K)->0K(1088K)
[2.538s][info ][gc,heap        ] GC(47) Tenured: 2093K(21888K)->2093K(21888K)
[2.538s][info ][gc,metaspace   ] GC(47) Metaspace: 369K(512K)->369K(512K) NonClass: 306K(384K)->306K(384K) Class: 63K(128K)->63K(128K)
[2.538s][debug][gc,heap        ] GC(47) Heap after GC invocations=48 (full 2):
[2.538s][debug][gc,heap        ] GC(47)  def new generation   total 9920K, used 0K [0x0000120000200000, 0x0000120000cc0000, 0x000012000aca0000)
[2.538s][debug][gc,heap        ] GC(47)   eden space 8832K,   0% used [0x0000120000200000, 0x0000120000200000, 0x0000120000aa0000)
[2.538s][debug][gc,heap        ] GC(47)   from space 1088K,   0% used [0x0000120000aa0000, 0x0000120000aa01c8, 0x0000120000bb0000)
[2.538s][debug][gc,heap        ] GC(47)   to   space 1088K,   0% used [0x0000120000bb0000, 0x0000120000bb0000, 0x0000120000cc0000)
[2.538s][debug][gc,heap        ] GC(47)  tenured generation   total 21888K, used 2093K [0x000012000aca0000, 0x000012000c200000, 0x0000120020200000)
[2.538s][debug][gc,heap        ] GC(47)    the space 21888K,   9% used [0x000012000aca0000, 0x000012000aeab4a0, 0x000012000aeab600, 0x000012000c200000)
[2.538s][debug][gc,heap        ] GC(47)  Metaspace       used 369K, committed 512K, reserved 1114112K
[2.538s][debug][gc,heap        ] GC(47)   class space    used 63K, committed 128K, reserved 1048576K
[2.538s][info ][gc             ] GC(47) Pause Young (Allocation Failure) 10M->2M(31M) 0.617ms
[2.538s][info ][gc,cpu         ] GC(47) User=0.00s Sys=0.00s Real=0.00s
[2.538s][info ][safepoint      ] Safepoint "GenCollectForAllocation", Time since last: 59290538 ns, Reaching safepoint: 3189 ns, Cleanup: 3573 ns, At safepoint: 639096 ns, Total: 645858 ns
[2.598s][info ][gc,start       ] GC(48) Pause Young (Allocation Failure)
[2.598s][debug][gc,heap        ] GC(48) Heap before GC invocations=48 (full 2):
[2.598s][debug][gc,heap        ] GC(48)  def new generation   total 9920K, used 8832K [0x0000120000200000, 0x0000120000cc0000, 0x000012000aca0000)
[2.598s][debug][gc,heap        ] GC(48)   eden space 8832K, 100% used [0x0000120000200000, 0x0000120000aa0000, 0x0000120000aa0000)
[2.598s][debug][gc,heap        ] GC(48)   from space 1088K,   0% used [0x0000120000aa0000, 0x0000120000aa01c8, 0x0000120000bb0000)
[2.598s][debug][gc,heap        ] GC(48)   to   space 1088K,   0% used [0x0000120000bb0000, 0x0000120000bb0000, 0x0000120000cc0000)
[2.598s][debug][gc,heap        ] GC(48)  tenured generation   total 21888K, used 2093K [0x000012000aca0000, 0x000012000c200000, 0x0000120020200000)
[2.598s][debug][gc,heap        ] GC(48)    the space 21888K,   9% used [0x000012000aca0000, 0x000012000aeab4a0, 0x000012000aeab600, 0x000012000c200000)
[2.598s][debug][gc,heap        ] GC(48)  Metaspace       used 369K, committed 512K, reserved 1114112K
[2.598s][debug][gc,heap        ] GC(48)   class space    used 63K, committed 128K, reserved 1048576K
[2.598s][debug][gc,tlab        ] GC(48) TLAB totals: thrds: 2  refills: 103 max: 67 slow allocs: 0 max 0 waste:  0.3% gc: 20408B max: 20408B slow: 2792B max: 1864B
[2.598s][debug][gc,ref         ] GC(48) Skipped SoftWeakFinalRefsPhase of Reference Processing: no references
[2.598s][debug][gc,ref         ] GC(48) Skipped KeepAliveFinalRefsPhase of Reference Processing: no references
[2.598s][debug][gc,ref         ] GC(48) Skipped PhantomRefsPhase of Reference Processing: no references
[2.598s][debug][gc,phases,ref  ] GC(48) Reference Processing: 0.0ms
[2.598s][debug][gc,phases,ref  ] GC(48)   Notify Soft/WeakReferences: 0.0ms
[2.598s][debug][gc,phases,ref  ] GC(48)     SoftRef: skipped
[2.598s][debug][gc,phases,ref  ] GC(48)     WeakRef: skipped
[2.598s][debug][gc,phases,ref  ] GC(48)     FinalRef: skipped
[2.598s][debug][gc,phases,ref  ] GC(48)     Total: skipped
[2.598s][debug][gc,phases,ref  ] GC(48)   Notify and keep alive finalizable: 0.0ms
[2.598s][debug][gc,phases,ref  ] GC(48)     FinalRef: skipped
[2.598s][debug][gc,phases,ref  ] GC(48)   Notify PhantomReferences: 0.0ms
[2.598s][debug][gc,phases,ref  ] GC(48)     PhantomRef: skipped
[2.598s][debug][gc,phases,ref  ] GC(48)   SoftReference Discovered: 0, Dropped: 0, Processed: 0
[2.598s][debug][gc,phases,ref  ] GC(48)   WeakReference Discovered: 0, Dropped: 0, Processed: 0
[2.598s][debug][gc,phases,ref  ] GC(48)   FinalReference Discovered: 0, Dropped: 0, Processed: 0
[2.598s][debug][gc,phases,ref  ] GC(48)   PhantomReference Discovered: 0, Dropped: 0, Processed: 0
[2.598s][debug][gc,age         ] GC(48) Desired survivor size 557056 bytes, new threshold 15 (max threshold 15)
[2.598s][info ][gc,heap        ] GC(48) DefNew: 8832K(9920K)->0K(9920K) Eden: 8832K(8832K)->0K(8832K) From: 0K(1088K)->0K(1088K)
[2.598s][info ][gc,heap        ] GC(48) Tenured: 2093K(21888K)->2093K(21888K)
[2.598s][info ][gc,metaspace   ] GC(48) Metaspace: 369K(512K)->369K(512K) NonClass: 306K(384K)->306K(384K) Class: 63K(128K)->63K(128K)
[2.598s][debug][gc,heap        ] GC(48) Heap after GC invocations=49 (full 2):
[2.598s][debug][gc,heap        ] GC(48)  def new generation   total 9920K, used 0K [0x0000120000200000, 0x0000120000cc0000, 0x000012000aca0000)
[2.598s][debug][gc,heap        ] GC(48)   eden space 8832K,   0% used [0x0000120000200000, 0x0000120000200000, 0x0000120000aa0000)
[2.598s][debug][gc,heap        ] GC(48)   from space 1088K,   0% used [0x0000120000bb0000, 0x0000120000bb0160, 0x0000120000cc0000)
[2.598s][debug][gc,heap        ] GC(48)   to   space 1088K,   0% used [0x0000120000aa0000, 0x0000120000aa0000, 0x0000120000bb0000)
[2.598s][debug][gc,heap        ] GC(48)  tenured generation   total 21888K, used 2093K [0x000012000aca0000, 0x000012000c200000, 0x0000120020200000)
[2.598s][debug][gc,heap        ] GC(48)    the space 21888K,   9% used [0x000012000aca0000, 0x000012000aeab4a0, 0x000012000aeab600, 0x000012000c200000)
[2.598s][debug][gc,heap        ] GC(48)  Metaspace       used 369K, committed 512K, reserved 1114112K
[2.598s][debug][gc,heap        ] GC(48)   class space    used 63K, committed 128K, reserved 1048576K
[2.598s][info ][gc             ] GC(48) Pause Young (Allocation Failure) 10M->2M(31M) 0.632ms
[2.598s][info ][gc,cpu         ] GC(48) User=0.00s Sys=0.00s Real=0.00s
[2.598s][info ][safepoint      ] Safepoint "GenCollectForAllocation", Time since last: 59328789 ns, Reaching safepoint: 3476 ns, Cleanup: 3629 ns, At safepoint: 654066 ns, Total: 661171 ns
[2.661s][info ][gc,start       ] GC(49) Pause Young (Allocation Failure)
[2.661s][debug][gc,heap        ] GC(49) Heap before GC invocations=49 (full 2):
[2.661s][debug][gc,heap        ] GC(49)  def new generation   total 9920K, used 8832K [0x0000120000200000, 0x0000120000cc0000, 0x000012000aca0000)
[2.661s][debug][gc,heap        ] GC(49)   eden space 8832K, 100% used [0x0000120000200000, 0x0000120000aa0000, 0x0000120000aa0000)
[2.661s][debug][gc,heap        ] GC(49)   from space 1088K,   0% used [0x0000120000bb0000, 0x0000120000bb0160, 0x0000120000cc0000)
[2.661s][debug][gc,heap        ] GC(49)   to   space 1088K,   0% used [0x0000120000aa0000, 0x0000120000aa0000, 0x0000120000bb0000)
[2.661s][debug][gc,heap        ] GC(49)  tenured generation   total 21888K, used 2093K [0x000012000aca0000, 0x000012000c200000, 0x0000120020200000)
[2.661s][debug][gc,heap        ] GC(49)    the space 21888K,   9% used [0x000012000aca0000, 0x000012000aeab4a0, 0x000012000aeab600, 0x000012000c200000)
[2.661s][debug][gc,heap        ] GC(49)  Metaspace       used 369K, committed 512K, reserved 1114112K
[2.661s][debug][gc,heap        ] GC(49)   class space    used 63K, committed 128K, reserved 1048576K
[2.661s][debug][gc,tlab        ] GC(49) TLAB totals: thrds: 2  refills: 100 max: 62 slow allocs: 0 max 0 waste:  0.5% gc: 41608B max: 41608B slow: 1840B max: 1248B
[2.661s][debug][gc,ref         ] GC(49) Skipped SoftWeakFinalRefsPhase of Reference Processing: no references
[2.661s][debug][gc,ref         ] GC(49) Skipped KeepAliveFinalRefsPhase of Reference Processing: no references
[2.662s][debug][gc,ref         ] GC(49) Skipped PhantomRefsPhase of Reference Processing: no references
[2.662s][debug][gc,phases,ref  ] GC(49) Reference Processing: 0.0ms
[2.662s][debug][gc,phases,ref  ] GC(49)   Notify Soft/WeakReferences: 0.0ms
[2.662s][debug][gc,phases,ref  ] GC(49)     SoftRef: skipped
[2.662s][debug][gc,phases,ref  ] GC(49)     WeakRef: skipped
[2.662s][debug][gc,phases,ref  ] GC(49)     FinalRef: skipped
[2.662s][debug][gc,phases,ref  ] GC(49)     Total: skipped
[2.662s][debug][gc,phases,ref  ] GC(49)   Notify and keep alive finalizable: 0.0ms
[2.662s][debug][gc,phases,ref  ] GC(49)     FinalRef: skipped
[2.662s][debug][gc,phases,ref  ] GC(49)   Notify PhantomReferences: 0.0ms
[2.662s][debug][gc,phases,ref  ] GC(49)     PhantomRef: skipped
[2.662s][debug][gc,phases,ref  ] GC(49)   SoftReference Discovered: 0, Dropped: 0, Processed: 0
[2.662s][debug][gc,phases,ref  ] GC(49)   WeakReference Discovered: 0, Dropped: 0, Processed: 0
[2.662s][debug][gc,phases,ref  ] GC(49)   FinalReference Discovered: 0, Dropped: 0, Processed: 0
[2.662s][debug][gc,phases,ref  ] GC(49)   PhantomReference Discovered: 0, Dropped: 0, Processed: 0
[2.662s][debug][gc,age         ] GC(49) Desired survivor size 557056 bytes, new threshold 15 (max threshold 15)
[2.662s][info ][gc,heap        ] GC(49) DefNew: 8832K(9920K)->0K(9920K) Eden: 8832K(8832K)->0K(8832K) From: 0K(1088K)->0K(1088K)
[2.662s][info ][gc,heap        ] GC(49) Tenured: 2093K(21888K)->2093K(21888K)
[2.662s][info ][gc,metaspace   ] GC(49) Metaspace: 369K(512K)->369K(512K) NonClass: 306K(384K)->306K(384K) Class: 63K(128K)->63K(128K)
[2.662s][debug][gc,heap        ] GC(49) Heap after GC invocations=50 (full 2):
[2.662s][debug][gc,heap        ] GC(49)  def new generation   total 9920K, used 0K [0x0000120000200000, 0x0000120000cc0000, 0x000012000aca0000)
[2.662s][debug][gc,heap        ] GC(49)   eden space 8832K,   0% used [0x0000120000200000, 0x0000120000200000, 0x0000120000aa0000)
[2.662s][debug][gc,heap        ] GC(49)   from space 1088K,   0% used [0x0000120000aa0000, 0x0000120000aa0138, 0x0000120000bb0000)
[2.662s][debug][gc,heap        ] GC(49)   to   space 1088K,   0% used [0x0000120000bb0000, 0x0000120000bb0000, 0x0000120000cc0000)
[2.662s][debug][gc,heap        ] GC(49)  tenured generation   total 21888K, used 2093K [0x000012000aca0000, 0x000012000c200000, 0x0000120020200000)
[2.662s][debug][gc,heap        ] GC(49)    the space 21888K,   9% used [0x000012000aca0000, 0x000012000aeab4a0, 0x000012000aeab600, 0x000012000c200000)
[2.662s][debug][gc,heap        ] GC(49)  Metaspace       used 369K, committed 512K, reserved 1114112K
[2.662s][debug][gc,heap        ] GC(49)   class space    used 63K, committed 128K, reserved 1048576K
[2.662s][info ][gc             ] GC(49) Pause Young (Allocation Failure) 10M->2M(31M) 0.194ms
[2.662s][info ][gc,cpu         ] GC(49) User=0.00s Sys=0.00s Real=0.00s
[2.662s][info ][safepoint      ] Safepoint "GenCollectForAllocation", Time since last: 62971456 ns, Reaching safepoint: 66708 ns, Cleanup: 1372 ns, At safepoint: 207925 ns, Total: 276005 ns
[2.710s][info ][gc,start       ] GC(50) Pause Young (Allocation Failure)
[2.710s][debug][gc,heap        ] GC(50) Heap before GC invocations=50 (full 2):
[2.710s][debug][gc,heap        ] GC(50)  def new generation   total 9920K, used 8832K [0x0000120000200000, 0x0000120000cc0000, 0x000012000aca0000)
[2.710s][debug][gc,heap        ] GC(50)   eden space 8832K, 100% used [0x0000120000200000, 0x0000120000aa0000, 0x0000120000aa0000)
[2.710s][debug][gc,heap        ] GC(50)   from space 1088K,   0% used [0x0000120000aa0000, 0x0000120000aa0138, 0x0000120000bb0000)
[2.710s][debug][gc,heap        ] GC(50)   to   space 1088K,   0% used [0x0000120000bb0000, 0x0000120000bb0000, 0x0000120000cc0000)
[2.710s][debug][gc,heap        ] GC(50)  tenured generation   total 21888K, used 2093K [0x000012000aca0000, 0x000012000c200000, 0x0000120020200000)
[2.710s][debug][gc,heap        ] GC(50)    the space 21888K,   9% used [0x000012000aca0000, 0x000012000aeab4a0, 0x000012000aeab600, 0x000012000c200000)
[2.710s][debug][gc,heap        ] GC(50)  Metaspace       used 369K, committed 512K, reserved 1114112K
[2.710s][debug][gc,heap        ] GC(50)   class space    used 63K, committed 128K, reserved 1048576K
[2.710s][debug][gc,tlab        ] GC(50) TLAB totals: thrds: 2  refills: 102 max: 57 slow allocs: 0 max 0 waste:  0.6% gc: 55952B max: 55952B slow: 1968B max: 1264B
[2.710s][debug][gc,ref         ] GC(50) Skipped SoftWeakFinalRefsPhase of Reference Processing: no references
[2.710s][debug][gc,ref         ] GC(50) Skipped KeepAliveFinalRefsPhase of Reference Processing: no references
[2.710s][debug][gc,ref         ] GC(50) Skipped PhantomRefsPhase of Reference Processing: no references
[2.710s][debug][gc,phases,ref  ] GC(50) Reference Processing: 0.0ms
[2.710s][debug][gc,phases,ref  ] GC(50)   Notify Soft/WeakReferences: 0.0ms
[2.710s][debug][gc,phases,ref  ] GC(50)     SoftRef: skipped
[2.710s][debug][gc,phases,ref  ] GC(50)     WeakRef: skipped
[2.710s][debug][gc,phases,ref  ] GC(50)     FinalRef: skipped
[2.710s][debug][gc,phases,ref  ] GC(50)     Total: skipped
[2.710s][debug][gc,phases,ref  ] GC(50)   Notify and keep alive finalizable: 0.0ms
[2.710s][debug][gc,phases,ref  ] GC(50)     FinalRef: skipped
[2.710s][debug][gc,phases,ref  ] GC(50)   Notify PhantomReferences: 0.0ms
[2.710s][debug][gc,phases,ref  ] GC(50)     PhantomRef: skipped
[2.710s][debug][gc,phases,ref  ] GC(50)   SoftReference Discovered: 0, Dropped: 0, Processed: 0
[2.710s][debug][gc,phases,ref  ] GC(50)   WeakReference Discovered: 0, Dropped: 0, Processed: 0
[2.710s][debug][gc,phases,ref  ] GC(50)   FinalReference Discovered: 0, Dropped: 0, Processed: 0
[2.710s][debug][gc,phases,ref  ] GC(50)   PhantomReference Discovered: 0, Dropped: 0, Processed: 0
[2.710s][debug][gc,age         ] GC(50) Desired survivor size 557056 bytes, new threshold 15 (max threshold 15)
[2.710s][info ][gc,heap        ] GC(50) DefNew: 8832K(9920K)->0K(9920K) Eden: 8832K(8832K)->0K(8832K) From: 0K(1088K)->0K(1088K)
[2.710s][info ][gc,heap        ] GC(50) Tenured: 2093K(21888K)->2093K(21888K)
[2.710s][info ][gc,metaspace   ] GC(50) Metaspace: 369K(512K)->369K(512K) NonClass: 306K(384K)->306K(384K) Class: 63K(128K)->63K(128K)
[2.710s][debug][gc,heap        ] GC(50) Heap after GC invocations=51 (full 2):
[2.710s][debug][gc,heap        ] GC(50)  def new generation   total 9920K, used 0K [0x0000120000200000, 0x0000120000cc0000, 0x000012000aca0000)
[2.710s][debug][gc,heap        ] GC(50)   eden space 8832K,   0% used [0x0000120000200000, 0x0000120000200000, 0x0000120000aa0000)
[2.710s][debug][gc,heap        ] GC(50)   from space 1088K,   0% used [0x0000120000bb0000, 0x0000120000bb0150, 0x0000120000cc0000)
[2.710s][debug][gc,heap        ] GC(50)   to   space 1088K,   0% used [0x0000120000aa0000, 0x0000120000aa0000, 0x0000120000bb0000)
[2.710s][debug][gc,heap        ] GC(50)  tenured generation   total 21888K, used 2093K [0x000012000aca0000, 0x000012000c200000, 0x0000120020200000)
[2.710s][debug][gc,heap        ] GC(50)    the space 21888K,   9% used [0x000012000aca0000, 0x000012000aeab4a0, 0x000012000aeab600, 0x000012000c200000)
[2.710s][debug][gc,heap        ] GC(50)  Metaspace       used 369K, committed 512K, reserved 1114112K
[2.710s][debug][gc,heap        ] GC(50)   class space    used 63K, committed 128K, reserved 1048576K
[2.710s][info ][gc             ] GC(50) Pause Young (Allocation Failure) 10M->2M(31M) 0.453ms
[2.710s][info ][gc,cpu         ] GC(50) User=0.00s Sys=0.00s Real=0.00s
[2.710s][info ][safepoint      ] Safepoint "GenCollectForAllocation", Time since last: 48088837 ns, Reaching safepoint: 71589 ns, Cleanup: 2456 ns, At safepoint: 481575 ns, Total: 555620 ns
[2.759s][info ][gc,start       ] GC(51) Pause Young (Allocation Failure)
[2.759s][debug][gc,heap        ] GC(51) Heap before GC invocations=51 (full 2):
[2.759s][debug][gc,heap        ] GC(51)  def new generation   total 9920K, used 8832K [0x0000120000200000, 0x0000120000cc0000, 0x000012000aca0000)
[2.759s][debug][gc,heap        ] GC(51)   eden space 8832K, 100% used [0x0000120000200000, 0x0000120000aa0000, 0x0000120000aa0000)
[2.759s][debug][gc,heap        ] GC(51)   from space 1088K,   0% used [0x0000120000bb0000, 0x0000120000bb0150, 0x0000120000cc0000)
[2.759s][debug][gc,heap        ] GC(51)   to   space 1088K,   0% used [0x0000120000aa0000, 0x0000120000aa0000, 0x0000120000bb0000)
[2.759s][debug][gc,heap        ] GC(51)  tenured generation   total 21888K, used 2093K [0x000012000aca0000, 0x000012000c200000, 0x0000120020200000)
[2.759s][debug][gc,heap        ] GC(51)    the space 21888K,   9% used [0x000012000aca0000, 0x000012000aeab4a0, 0x000012000aeab600, 0x000012000c200000)
[2.759s][debug][gc,heap        ] GC(51)  Metaspace       used 369K, committed 512K, reserved 1114112K
[2.759s][debug][gc,heap        ] GC(51)   class space    used 63K, committed 128K, reserved 1048576K
[2.759s][debug][gc,tlab        ] GC(51) TLAB totals: thrds: 2  refills: 101 max: 54 slow allocs: 0 max 0 waste:  0.3% gc: 26584B max: 26584B slow: 2424B max: 1224B
[2.759s][debug][gc,ref         ] GC(51) Skipped SoftWeakFinalRefsPhase of Reference Processing: no references
[2.759s][debug][gc,ref         ] GC(51) Skipped KeepAliveFinalRefsPhase of Reference Processing: no references
[2.759s][debug][gc,ref         ] GC(51) Skipped PhantomRefsPhase of Reference Processing: no references
[2.759s][debug][gc,phases,ref  ] GC(51) Reference Processing: 0.0ms
[2.759s][debug][gc,phases,ref  ] GC(51)   Notify Soft/WeakReferences: 0.0ms
[2.759s][debug][gc,phases,ref  ] GC(51)     SoftRef: skipped
[2.759s][debug][gc,phases,ref  ] GC(51)     WeakRef: skipped
[2.759s][debug][gc,phases,ref  ] GC(51)     FinalRef: skipped
[2.759s][debug][gc,phases,ref  ] GC(51)     Total: skipped
[2.759s][debug][gc,phases,ref  ] GC(51)   Notify and keep alive finalizable: 0.0ms
[2.759s][debug][gc,phases,ref  ] GC(51)     FinalRef: skipped
[2.759s][debug][gc,phases,ref  ] GC(51)   Notify PhantomReferences: 0.0ms
[2.759s][debug][gc,phases,ref  ] GC(51)     PhantomRef: skipped
[2.759s][debug][gc,phases,ref  ] GC(51)   SoftReference Discovered: 0, Dropped: 0, Processed: 0
[2.759s][debug][gc,phases,ref  ] GC(51)   WeakReference Discovered: 0, Dropped: 0, Processed: 0
[2.759s][debug][gc,phases,ref  ] GC(51)   FinalReference Discovered: 0, Dropped: 0, Processed: 0
[2.759s][debug][gc,phases,ref  ] GC(51)   PhantomReference Discovered: 0, Dropped: 0, Processed: 0
[2.759s][debug][gc,age         ] GC(51) Desired survivor size 557056 bytes, new threshold 15 (max threshold 15)
[2.759s][info ][gc,heap        ] GC(51) DefNew: 8832K(9920K)->0K(9920K) Eden: 8832K(8832K)->0K(8832K) From: 0K(1088K)->0K(1088K)
[2.759s][info ][gc,heap        ] GC(51) Tenured: 2093K(21888K)->2093K(21888K)
[2.759s][info ][gc,metaspace   ] GC(51) Metaspace: 369K(512K)->369K(512K) NonClass: 306K(384K)->306K(384K) Class: 63K(128K)->63K(128K)
[2.759s][debug][gc,heap        ] GC(51) Heap after GC invocations=52 (full 2):
[2.759s][debug][gc,heap        ] GC(51)  def new generation   total 9920K, used 0K [0x0000120000200000, 0x0000120000cc0000, 0x000012000aca0000)
[2.759s][debug][gc,heap        ] GC(51)   eden space 8832K,   0% used [0x0000120000200000, 0x0000120000200000, 0x0000120000aa0000)
[2.759s][debug][gc,heap        ] GC(51)   from space 1088K,   0% used [0x0000120000aa0000, 0x0000120000aa0130, 0x0000120000bb0000)
[2.759s][debug][gc,heap        ] GC(51)   to   space 1088K,   0% used [0x0000120000bb0000, 0x0000120000bb0000, 0x0000120000cc0000)
[2.759s][debug][gc,heap        ] GC(51)  tenured generation   total 21888K, used 2093K [0x000012000aca0000, 0x000012000c200000, 0x0000120020200000)
[2.759s][debug][gc,heap        ] GC(51)    the space 21888K,   9% used [0x000012000aca0000, 0x000012000aeab4a0, 0x000012000aeab600, 0x000012000c200000)
[2.759s][debug][gc,heap        ] GC(51)  Metaspace       used 369K, committed 512K, reserved 1114112K
[2.759s][debug][gc,heap        ] GC(51)   class space    used 63K, committed 128K, reserved 1048576K
[2.759s][info ][gc             ] GC(51) Pause Young (Allocation Failure) 10M->2M(31M) 0.551ms
[2.759s][info ][gc,cpu         ] GC(51) User=0.01s Sys=0.00s Real=0.00s
[2.759s][info ][safepoint      ] Safepoint "GenCollectForAllocation", Time since last: 48502175 ns, Reaching safepoint: 3465 ns, Cleanup: 3699 ns, At safepoint: 596177 ns, Total: 603341 ns
[2.808s][info ][gc,start       ] GC(52) Pause Young (Allocation Failure)
[2.808s][debug][gc,heap        ] GC(52) Heap before GC invocations=52 (full 2):
[2.808s][debug][gc,heap        ] GC(52)  def new generation   total 9920K, used 8832K [0x0000120000200000, 0x0000120000cc0000, 0x000012000aca0000)
[2.808s][debug][gc,heap        ] GC(52)   eden space 8832K, 100% used [0x0000120000200000, 0x0000120000aa0000, 0x0000120000aa0000)
[2.808s][debug][gc,heap        ] GC(52)   from space 1088K,   0% used [0x0000120000aa0000, 0x0000120000aa0130, 0x0000120000bb0000)
[2.808s][debug][gc,heap        ] GC(52)   to   space 1088K,   0% used [0x0000120000bb0000, 0x0000120000bb0000, 0x0000120000cc0000)
[2.808s][debug][gc,heap        ] GC(52)  tenured generation   total 21888K, used 2093K [0x000012000aca0000, 0x000012000c200000, 0x0000120020200000)
[2.808s][debug][gc,heap        ] GC(52)    the space 21888K,   9% used [0x000012000aca0000, 0x000012000aeab4a0, 0x000012000aeab600, 0x000012000c200000)
[2.808s][debug][gc,heap        ] GC(52)  Metaspace       used 369K, committed 512K, reserved 1114112K
[2.808s][debug][gc,heap        ] GC(52)   class space    used 63K, committed 128K, reserved 1048576K
[2.808s][debug][gc,tlab        ] GC(52) TLAB totals: thrds: 2  refills: 101 max: 53 slow allocs: 0 max 0 waste:  0.1% gc: 4832B max: 4832B slow: 2568B max: 1320B
[2.808s][debug][gc,ref         ] GC(52) Skipped SoftWeakFinalRefsPhase of Reference Processing: no references
[2.808s][debug][gc,ref         ] GC(52) Skipped KeepAliveFinalRefsPhase of Reference Processing: no references
[2.808s][debug][gc,ref         ] GC(52) Skipped PhantomRefsPhase of Reference Processing: no references
[2.808s][debug][gc,phases,ref  ] GC(52) Reference Processing: 0.0ms
[2.808s][debug][gc,phases,ref  ] GC(52)   Notify Soft/WeakReferences: 0.0ms
[2.808s][debug][gc,phases,ref  ] GC(52)     SoftRef: skipped
[2.808s][debug][gc,phases,ref  ] GC(52)     WeakRef: skipped
[2.808s][debug][gc,phases,ref  ] GC(52)     FinalRef: skipped
[2.808s][debug][gc,phases,ref  ] GC(52)     Total: skipped
[2.808s][debug][gc,phases,ref  ] GC(52)   Notify and keep alive finalizable: 0.0ms
[2.808s][debug][gc,phases,ref  ] GC(52)     FinalRef: skipped
[2.808s][debug][gc,phases,ref  ] GC(52)   Notify PhantomReferences: 0.0ms
[2.808s][debug][gc,phases,ref  ] GC(52)     PhantomRef: skipped
[2.808s][debug][gc,phases,ref  ] GC(52)   SoftReference Discovered: 0, Dropped: 0, Processed: 0
[2.808s][debug][gc,phases,ref  ] GC(52)   WeakReference Discovered: 0, Dropped: 0, Processed: 0
[2.808s][debug][gc,phases,ref  ] GC(52)   FinalReference Discovered: 0, Dropped: 0, Processed: 0
[2.808s][debug][gc,phases,ref  ] GC(52)   PhantomReference Discovered: 0, Dropped: 0, Processed: 0
[2.808s][debug][gc,age         ] GC(52) Desired survivor size 557056 bytes, new threshold 15 (max threshold 15)
[2.808s][info ][gc,heap        ] GC(52) DefNew: 8832K(9920K)->0K(9920K) Eden: 8832K(8832K)->0K(8832K) From: 0K(1088K)->0K(1088K)
[2.808s][info ][gc,heap        ] GC(52) Tenured: 2093K(21888K)->2093K(21888K)
[2.808s][info ][gc,metaspace   ] GC(52) Metaspace: 369K(512K)->369K(512K) NonClass: 306K(384K)->306K(384K) Class: 63K(128K)->63K(128K)
[2.808s][debug][gc,heap        ] GC(52) Heap after GC invocations=53 (full 2):
[2.808s][debug][gc,heap        ] GC(52)  def new generation   total 9920K, used 0K [0x0000120000200000, 0x0000120000cc0000, 0x000012000aca0000)
[2.808s][debug][gc,heap        ] GC(52)   eden space 8832K,   0% used [0x0000120000200000, 0x0000120000200000, 0x0000120000aa0000)
[2.808s][debug][gc,heap        ] GC(52)   from space 1088K,   0% used [0x0000120000bb0000, 0x0000120000bb01c8, 0x0000120000cc0000)
[2.808s][debug][gc,heap        ] GC(52)   to   space 1088K,   0% used [0x0000120000aa0000, 0x0000120000aa0000, 0x0000120000bb0000)
[2.808s][debug][gc,heap        ] GC(52)  tenured generation   total 21888K, used 2093K [0x000012000aca0000, 0x000012000c200000, 0x0000120020200000)
[2.808s][debug][gc,heap        ] GC(52)    the space 21888K,   9% used [0x000012000aca0000, 0x000012000aeab4a0, 0x000012000aeab600, 0x000012000c200000)
[2.808s][debug][gc,heap        ] GC(52)  Metaspace       used 369K, committed 512K, reserved 1114112K
[2.808s][debug][gc,heap        ] GC(52)   class space    used 63K, committed 128K, reserved 1048576K
[2.808s][info ][gc             ] GC(52) Pause Young (Allocation Failure) 10M->2M(31M) 0.622ms
[2.808s][info ][gc,cpu         ] GC(52) User=0.00s Sys=0.00s Real=0.00s
[2.808s][info ][safepoint      ] Safepoint "GenCollectForAllocation", Time since last: 48246834 ns, Reaching safepoint: 76627 ns, Cleanup: 3441 ns, At safepoint: 664273 ns, Total: 744341 ns
[2.858s][info ][gc,start       ] GC(53) Pause Young (Allocation Failure)
[2.858s][debug][gc,heap        ] GC(53) Heap before GC invocations=53 (full 2):
[2.858s][debug][gc,heap        ] GC(53)  def new generation   total 9920K, used 8832K [0x0000120000200000, 0x0000120000cc0000, 0x000012000aca0000)
[2.858s][debug][gc,heap        ] GC(53)   eden space 8832K, 100% used [0x0000120000200000, 0x0000120000aa0000, 0x0000120000aa0000)
[2.858s][debug][gc,heap        ] GC(53)   from space 1088K,   0% used [0x0000120000bb0000, 0x0000120000bb01c8, 0x0000120000cc0000)
[2.858s][debug][gc,heap        ] GC(53)   to   space 1088K,   0% used [0x0000120000aa0000, 0x0000120000aa0000, 0x0000120000bb0000)
[2.858s][debug][gc,heap        ] GC(53)  tenured generation   total 21888K, used 2093K [0x000012000aca0000, 0x000012000c200000, 0x0000120020200000)
[2.858s][debug][gc,heap        ] GC(53)    the space 21888K,   9% used [0x000012000aca0000, 0x000012000aeab4a0, 0x000012000aeab600, 0x000012000c200000)
[2.858s][debug][gc,heap        ] GC(53)  Metaspace       used 369K, committed 512K, reserved 1114112K
[2.858s][debug][gc,heap        ] GC(53)   class space    used 63K, committed 128K, reserved 1048576K
[2.858s][debug][gc,tlab        ] GC(53) TLAB totals: thrds: 2  refills: 101 max: 54 slow allocs: 0 max 0 waste:  0.2% gc: 14848B max: 14848B slow: 2872B max: 1520B
[2.858s][debug][gc,ref         ] GC(53) Skipped SoftWeakFinalRefsPhase of Reference Processing: no references
[2.858s][debug][gc,ref         ] GC(53) Skipped KeepAliveFinalRefsPhase of Reference Processing: no references
[2.858s][debug][gc,ref         ] GC(53) Skipped PhantomRefsPhase of Reference Processing: no references
[2.858s][debug][gc,phases,ref  ] GC(53) Reference Processing: 0.0ms
[2.858s][debug][gc,phases,ref  ] GC(53)   Notify Soft/WeakReferences: 0.0ms
[2.858s][debug][gc,phases,ref  ] GC(53)     SoftRef: skipped
[2.858s][debug][gc,phases,ref  ] GC(53)     WeakRef: skipped
[2.858s][debug][gc,phases,ref  ] GC(53)     FinalRef: skipped
[2.858s][debug][gc,phases,ref  ] GC(53)     Total: skipped
[2.858s][debug][gc,phases,ref  ] GC(53)   Notify and keep alive finalizable: 0.0ms
[2.858s][debug][gc,phases,ref  ] GC(53)     FinalRef: skipped
[2.858s][debug][gc,phases,ref  ] GC(53)   Notify PhantomReferences: 0.0ms
[2.858s][debug][gc,phases,ref  ] GC(53)     PhantomRef: skipped
[2.858s][debug][gc,phases,ref  ] GC(53)   SoftReference Discovered: 0, Dropped: 0, Processed: 0
[2.858s][debug][gc,phases,ref  ] GC(53)   WeakReference Discovered: 0, Dropped: 0, Processed: 0
[2.858s][debug][gc,phases,ref  ] GC(53)   FinalReference Discovered: 0, Dropped: 0, Processed: 0
[2.858s][debug][gc,phases,ref  ] GC(53)   PhantomReference Discovered: 0, Dropped: 0, Processed: 0
[2.858s][debug][gc,age         ] GC(53) Desired survivor size 557056 bytes, new threshold 15 (max threshold 15)
[2.858s][info ][gc,heap        ] GC(53) DefNew: 8832K(9920K)->0K(9920K) Eden: 8832K(8832K)->0K(8832K) From: 0K(1088K)->0K(1088K)
[2.858s][info ][gc,heap        ] GC(53) Tenured: 2093K(21888K)->2093K(21888K)
[2.858s][info ][gc,metaspace   ] GC(53) Metaspace: 369K(512K)->369K(512K) NonClass: 306K(384K)->306K(384K) Class: 63K(128K)->63K(128K)
[2.858s][debug][gc,heap        ] GC(53) Heap after GC invocations=54 (full 2):
[2.858s][debug][gc,heap        ] GC(53)  def new generation   total 9920K, used 0K [0x0000120000200000, 0x0000120000cc0000, 0x000012000aca0000)
[2.858s][debug][gc,heap        ] GC(53)   eden space 8832K,   0% used [0x0000120000200000, 0x0000120000200000, 0x0000120000aa0000)
[2.858s][debug][gc,heap        ] GC(53)   from space 1088K,   0% used [0x0000120000aa0000, 0x0000120000aa0168, 0x0000120000bb0000)
[2.858s][debug][gc,heap        ] GC(53)   to   space 1088K,   0% used [0x0000120000bb0000, 0x0000120000bb0000, 0x0000120000cc0000)
[2.858s][debug][gc,heap        ] GC(53)  tenured generation   total 21888K, used 2093K [0x000012000aca0000, 0x000012000c200000, 0x0000120020200000)
[2.858s][debug][gc,heap        ] GC(53)    the space 21888K,   9% used [0x000012000aca0000, 0x000012000aeab4a0, 0x000012000aeab600, 0x000012000c200000)
[2.858s][debug][gc,heap        ] GC(53)  Metaspace       used 369K, committed 512K, reserved 1114112K
[2.858s][debug][gc,heap        ] GC(53)   class space    used 63K, committed 128K, reserved 1048576K
[2.858s][info ][gc             ] GC(53) Pause Young (Allocation Failure) 10M->2M(31M) 0.479ms
[2.858s][info ][gc,cpu         ] GC(53) User=0.00s Sys=0.00s Real=0.00s
[2.858s][info ][safepoint      ] Safepoint "GenCollectForAllocation", Time since last: 49550734 ns, Reaching safepoint: 3450 ns, Cleanup: 3594 ns, At safepoint: 500129 ns, Total: 507173 ns
[2.908s][info ][gc,start       ] GC(54) Pause Young (Allocation Failure)
[2.908s][debug][gc,heap        ] GC(54) Heap before GC invocations=54 (full 2):
[2.908s][debug][gc,heap        ] GC(54)  def new generation   total 9920K, used 8832K [0x0000120000200000, 0x0000120000cc0000, 0x000012000aca0000)
[2.908s][debug][gc,heap        ] GC(54)   eden space 8832K, 100% used [0x0000120000200000, 0x0000120000aa0000, 0x0000120000aa0000)
[2.908s][debug][gc,heap        ] GC(54)   from space 1088K,   0% used [0x0000120000aa0000, 0x0000120000aa0168, 0x0000120000bb0000)
[2.908s][debug][gc,heap        ] GC(54)   to   space 1088K,   0% used [0x0000120000bb0000, 0x0000120000bb0000, 0x0000120000cc0000)
[2.908s][debug][gc,heap        ] GC(54)  tenured generation   total 21888K, used 2093K [0x000012000aca0000, 0x000012000c200000, 0x0000120020200000)
[2.908s][debug][gc,heap        ] GC(54)    the space 21888K,   9% used [0x000012000aca0000, 0x000012000aeab4a0, 0x000012000aeab600, 0x000012000c200000)
[2.908s][debug][gc,heap        ] GC(54)  Metaspace       used 369K, committed 512K, reserved 1114112K
[2.908s][debug][gc,heap        ] GC(54)   class space    used 63K, committed 128K, reserved 1048576K
[2.908s][debug][gc,tlab        ] GC(54) TLAB totals: thrds: 2  refills: 101 max: 54 slow allocs: 0 max 0 waste:  0.1% gc: 5336B max: 5336B slow: 3416B max: 2136B
[2.908s][debug][gc,ref         ] GC(54) Skipped SoftWeakFinalRefsPhase of Reference Processing: no references
[2.908s][debug][gc,ref         ] GC(54) Skipped KeepAliveFinalRefsPhase of Reference Processing: no references
[2.908s][debug][gc,ref         ] GC(54) Skipped PhantomRefsPhase of Reference Processing: no references
[2.908s][debug][gc,phases,ref  ] GC(54) Reference Processing: 0.0ms
[2.908s][debug][gc,phases,ref  ] GC(54)   Notify Soft/WeakReferences: 0.0ms
[2.908s][debug][gc,phases,ref  ] GC(54)     SoftRef: skipped
[2.908s][debug][gc,phases,ref  ] GC(54)     WeakRef: skipped
[2.908s][debug][gc,phases,ref  ] GC(54)     FinalRef: skipped
[2.908s][debug][gc,phases,ref  ] GC(54)     Total: skipped
[2.908s][debug][gc,phases,ref  ] GC(54)   Notify and keep alive finalizable: 0.0ms
[2.908s][debug][gc,phases,ref  ] GC(54)     FinalRef: skipped
[2.908s][debug][gc,phases,ref  ] GC(54)   Notify PhantomReferences: 0.0ms
[2.908s][debug][gc,phases,ref  ] GC(54)     PhantomRef: skipped
[2.908s][debug][gc,phases,ref  ] GC(54)   SoftReference Discovered: 0, Dropped: 0, Processed: 0
[2.908s][debug][gc,phases,ref  ] GC(54)   WeakReference Discovered: 0, Dropped: 0, Processed: 0
[2.908s][debug][gc,phases,ref  ] GC(54)   FinalReference Discovered: 0, Dropped: 0, Processed: 0
[2.908s][debug][gc,phases,ref  ] GC(54)   PhantomReference Discovered: 0, Dropped: 0, Processed: 0
[2.909s][debug][gc,age         ] GC(54) Desired survivor size 557056 bytes, new threshold 15 (max threshold 15)
[2.909s][info ][gc,heap        ] GC(54) DefNew: 8832K(9920K)->0K(9920K) Eden: 8832K(8832K)->0K(8832K) From: 0K(1088K)->0K(1088K)
[2.909s][info ][gc,heap        ] GC(54) Tenured: 2093K(21888K)->2093K(21888K)
[2.909s][info ][gc,metaspace   ] GC(54) Metaspace: 369K(512K)->369K(512K) NonClass: 306K(384K)->306K(384K) Class: 63K(128K)->63K(128K)
[2.909s][debug][gc,heap        ] GC(54) Heap after GC invocations=55 (full 2):
[2.909s][debug][gc,heap        ] GC(54)  def new generation   total 9920K, used 0K [0x0000120000200000, 0x0000120000cc0000, 0x000012000aca0000)
[2.909s][debug][gc,heap        ] GC(54)   eden space 8832K,   0% used [0x0000120000200000, 0x0000120000200000, 0x0000120000aa0000)
[2.909s][debug][gc,heap        ] GC(54)   from space 1088K,   0% used [0x0000120000bb0000, 0x0000120000bb0178, 0x0000120000cc0000)
[2.909s][debug][gc,heap        ] GC(54)   to   space 1088K,   0% used [0x0000120000aa0000, 0x0000120000aa0000, 0x0000120000bb0000)
[2.909s][debug][gc,heap        ] GC(54)  tenured generation   total 21888K, used 2093K [0x000012000aca0000, 0x000012000c200000, 0x0000120020200000)
[2.909s][debug][gc,heap        ] GC(54)    the space 21888K,   9% used [0x000012000aca0000, 0x000012000aeab4a0, 0x000012000aeab600, 0x000012000c200000)
[2.909s][debug][gc,heap        ] GC(54)  Metaspace       used 369K, committed 512K, reserved 1114112K
[2.909s][debug][gc,heap        ] GC(54)   class space    used 63K, committed 128K, reserved 1048576K
[2.909s][info ][gc             ] GC(54) Pause Young (Allocation Failure) 10M->2M(31M) 0.601ms
[2.909s][info ][gc,cpu         ] GC(54) User=0.00s Sys=0.00s Real=0.00s
[2.909s][info ][safepoint      ] Safepoint "GenCollectForAllocation", Time since last: 49643801 ns, Reaching safepoint: 3550 ns, Cleanup: 3469 ns, At safepoint: 645466 ns, Total: 652485 ns
[2.956s][info ][gc,start       ] GC(55) Pause Young (Allocation Failure)
[2.956s][debug][gc,heap        ] GC(55) Heap before GC invocations=55 (full 2):
[2.956s][debug][gc,heap        ] GC(55)  def new generation   total 9920K, used 8832K [0x0000120000200000, 0x0000120000cc0000, 0x000012000aca0000)
[2.956s][debug][gc,heap        ] GC(55)   eden space 8832K, 100% used [0x0000120000200000, 0x0000120000aa0000, 0x0000120000aa0000)
[2.956s][debug][gc,heap        ] GC(55)   from space 1088K,   0% used [0x0000120000bb0000, 0x0000120000bb0178, 0x0000120000cc0000)
[2.956s][debug][gc,heap        ] GC(55)   to   space 1088K,   0% used [0x0000120000aa0000, 0x0000120000aa0000, 0x0000120000bb0000)
[2.956s][debug][gc,heap        ] GC(55)  tenured generation   total 21888K, used 2093K [0x000012000aca0000, 0x000012000c200000, 0x0000120020200000)
[2.956s][debug][gc,heap        ] GC(55)    the space 21888K,   9% used [0x000012000aca0000, 0x000012000aeab4a0, 0x000012000aeab600, 0x000012000c200000)
[2.956s][debug][gc,heap        ] GC(55)  Metaspace       used 369K, committed 512K, reserved 1114112K
[2.956s][debug][gc,heap        ] GC(55)   class space    used 63K, committed 128K, reserved 1048576K
[2.956s][debug][gc,tlab        ] GC(55) TLAB totals: thrds: 2  refills: 101 max: 51 slow allocs: 0 max 0 waste:  0.5% gc: 42336B max: 42336B slow: 3216B max: 1704B
[2.956s][debug][gc,ref         ] GC(55) Skipped SoftWeakFinalRefsPhase of Reference Processing: no references
[2.956s][debug][gc,ref         ] GC(55) Skipped KeepAliveFinalRefsPhase of Reference Processing: no references
[2.956s][debug][gc,ref         ] GC(55) Skipped PhantomRefsPhase of Reference Processing: no references
[2.956s][debug][gc,phases,ref  ] GC(55) Reference Processing: 0.0ms
[2.956s][debug][gc,phases,ref  ] GC(55)   Notify Soft/WeakReferences: 0.0ms
[2.956s][debug][gc,phases,ref  ] GC(55)     SoftRef: skipped
[2.956s][debug][gc,phases,ref  ] GC(55)     WeakRef: skipped
[2.956s][debug][gc,phases,ref  ] GC(55)     FinalRef: skipped
[2.956s][debug][gc,phases,ref  ] GC(55)     Total: skipped
[2.956s][debug][gc,phases,ref  ] GC(55)   Notify and keep alive finalizable: 0.0ms
[2.956s][debug][gc,phases,ref  ] GC(55)     FinalRef: skipped
[2.956s][debug][gc,phases,ref  ] GC(55)   Notify PhantomReferences: 0.0ms
[2.956s][debug][gc,phases,ref  ] GC(55)     PhantomRef: skipped
[2.956s][debug][gc,phases,ref  ] GC(55)   SoftReference Discovered: 0, Dropped: 0, Processed: 0
[2.956s][debug][gc,phases,ref  ] GC(55)   WeakReference Discovered: 0, Dropped: 0, Processed: 0
[2.956s][debug][gc,phases,ref  ] GC(55)   FinalReference Discovered: 0, Dropped: 0, Processed: 0
[2.956s][debug][gc,phases,ref  ] GC(55)   PhantomReference Discovered: 0, Dropped: 0, Processed: 0
[2.956s][debug][gc,age         ] GC(55) Desired survivor size 557056 bytes, new threshold 15 (max threshold 15)
[2.956s][info ][gc,heap        ] GC(55) DefNew: 8832K(9920K)->0K(9920K) Eden: 8832K(8832K)->0K(8832K) From: 0K(1088K)->0K(1088K)
[2.956s][info ][gc,heap        ] GC(55) Tenured: 2093K(21888K)->2093K(21888K)
[2.957s][info ][gc,metaspace   ] GC(55) Metaspace: 369K(512K)->369K(512K) NonClass: 306K(384K)->306K(384K) Class: 63K(128K)->63K(128K)
[2.957s][debug][gc,heap        ] GC(55) Heap after GC invocations=56 (full 2):
[2.957s][debug][gc,heap        ] GC(55)  def new generation   total 9920K, used 0K [0x0000120000200000, 0x0000120000cc0000, 0x000012000aca0000)
[2.957s][debug][gc,heap        ] GC(55)   eden space 8832K,   0% used [0x0000120000200000, 0x0000120000200000, 0x0000120000aa0000)
[2.957s][debug][gc,heap        ] GC(55)   from space 1088K,   0% used [0x0000120000aa0000, 0x0000120000aa0138, 0x0000120000bb0000)
[2.957s][debug][gc,heap        ] GC(55)   to   space 1088K,   0% used [0x0000120000bb0000, 0x0000120000bb0000, 0x0000120000cc0000)
[2.957s][debug][gc,heap        ] GC(55)  tenured generation   total 21888K, used 2093K [0x000012000aca0000, 0x000012000c200000, 0x0000120020200000)
[2.957s][debug][gc,heap        ] GC(55)    the space 21888K,   9% used [0x000012000aca0000, 0x000012000aeab4a0, 0x000012000aeab600, 0x000012000c200000)
[2.957s][debug][gc,heap        ] GC(55)  Metaspace       used 369K, committed 512K, reserved 1114112K
[2.957s][debug][gc,heap        ] GC(55)   class space    used 63K, committed 128K, reserved 1048576K
[2.957s][info ][gc             ] GC(55) Pause Young (Allocation Failure) 10M->2M(31M) 0.731ms
[2.957s][info ][gc,cpu         ] GC(55) User=0.00s Sys=0.00s Real=0.00s
[2.957s][info ][safepoint      ] Safepoint "GenCollectForAllocation", Time since last: 47165141 ns, Reaching safepoint: 3412 ns, Cleanup: 3603 ns, At safepoint: 774729 ns, Total: 781744 ns
[3.004s][info ][gc,start       ] GC(56) Pause Young (Allocation Failure)
[3.004s][debug][gc,heap        ] GC(56) Heap before GC invocations=56 (full 2):
[3.004s][debug][gc,heap        ] GC(56)  def new generation   total 9920K, used 8832K [0x0000120000200000, 0x0000120000cc0000, 0x000012000aca0000)
[3.004s][debug][gc,heap        ] GC(56)   eden space 8832K, 100% used [0x0000120000200000, 0x0000120000aa0000, 0x0000120000aa0000)
[3.004s][debug][gc,heap        ] GC(56)   from space 1088K,   0% used [0x0000120000aa0000, 0x0000120000aa0138, 0x0000120000bb0000)
[3.004s][debug][gc,heap        ] GC(56)   to   space 1088K,   0% used [0x0000120000bb0000, 0x0000120000bb0000, 0x0000120000cc0000)
[3.004s][debug][gc,heap        ] GC(56)  tenured generation   total 21888K, used 2093K [0x000012000aca0000, 0x000012000c200000, 0x0000120020200000)
[3.004s][debug][gc,heap        ] GC(56)    the space 21888K,   9% used [0x000012000aca0000, 0x000012000aeab4a0, 0x000012000aeab600, 0x000012000c200000)
[3.004s][debug][gc,heap        ] GC(56)  Metaspace       used 369K, committed 512K, reserved 1114112K
[3.004s][debug][gc,heap        ] GC(56)   class space    used 63K, committed 128K, reserved 1048576K
[3.004s][debug][gc,tlab        ] GC(56) TLAB totals: thrds: 2  refills: 101 max: 51 slow allocs: 0 max 0 waste:  0.2% gc: 17496B max: 17496B slow: 2544B max: 1392B
[3.004s][debug][gc,ref         ] GC(56) Skipped SoftWeakFinalRefsPhase of Reference Processing: no references
[3.004s][debug][gc,ref         ] GC(56) Skipped KeepAliveFinalRefsPhase of Reference Processing: no references
[3.004s][debug][gc,ref         ] GC(56) Skipped PhantomRefsPhase of Reference Processing: no references
[3.004s][debug][gc,phases,ref  ] GC(56) Reference Processing: 0.0ms
[3.004s][debug][gc,phases,ref  ] GC(56)   Notify Soft/WeakReferences: 0.0ms
[3.004s][debug][gc,phases,ref  ] GC(56)     SoftRef: skipped
[3.004s][debug][gc,phases,ref  ] GC(56)     WeakRef: skipped
[3.004s][debug][gc,phases,ref  ] GC(56)     FinalRef: skipped
[3.004s][debug][gc,phases,ref  ] GC(56)     Total: skipped
[3.004s][debug][gc,phases,ref  ] GC(56)   Notify and keep alive finalizable: 0.0ms
[3.004s][debug][gc,phases,ref  ] GC(56)     FinalRef: skipped
[3.004s][debug][gc,phases,ref  ] GC(56)   Notify PhantomReferences: 0.0ms
[3.004s][debug][gc,phases,ref  ] GC(56)     PhantomRef: skipped
[3.004s][debug][gc,phases,ref  ] GC(56)   SoftReference Discovered: 0, Dropped: 0, Processed: 0
[3.004s][debug][gc,phases,ref  ] GC(56)   WeakReference Discovered: 0, Dropped: 0, Processed: 0
[3.005s][debug][gc,phases,ref  ] GC(56)   FinalReference Discovered: 0, Dropped: 0, Processed: 0
[3.005s][debug][gc,phases,ref  ] GC(56)   PhantomReference Discovered: 0, Dropped: 0, Processed: 0
[3.005s][debug][gc,age         ] GC(56) Desired survivor size 557056 bytes, new threshold 15 (max threshold 15)
[3.005s][info ][gc,heap        ] GC(56) DefNew: 8832K(9920K)->0K(9920K) Eden: 8832K(8832K)->0K(8832K) From: 0K(1088K)->0K(1088K)
[3.005s][info ][gc,heap        ] GC(56) Tenured: 2093K(21888K)->2093K(21888K)
[3.005s][info ][gc,metaspace   ] GC(56) Metaspace: 369K(512K)->369K(512K) NonClass: 306K(384K)->306K(384K) Class: 63K(128K)->63K(128K)
[3.005s][debug][gc,heap        ] GC(56) Heap after GC invocations=57 (full 2):
[3.005s][debug][gc,heap        ] GC(56)  def new generation   total 9920K, used 0K [0x0000120000200000, 0x0000120000cc0000, 0x000012000aca0000)
[3.005s][debug][gc,heap        ] GC(56)   eden space 8832K,   0% used [0x0000120000200000, 0x0000120000200000, 0x0000120000aa0000)
[3.005s][debug][gc,heap        ] GC(56)   from space 1088K,   0% used [0x0000120000bb0000, 0x0000120000bb0158, 0x0000120000cc0000)
[3.005s][debug][gc,heap        ] GC(56)   to   space 1088K,   0% used [0x0000120000aa0000, 0x0000120000aa0000, 0x0000120000bb0000)
[3.005s][debug][gc,heap        ] GC(56)  tenured generation   total 21888K, used 2093K [0x000012000aca0000, 0x000012000c200000, 0x0000120020200000)
[3.005s][debug][gc,heap        ] GC(56)    the space 21888K,   9% used [0x000012000aca0000, 0x000012000aeab4a0, 0x000012000aeab600, 0x000012000c200000)
[3.005s][debug][gc,heap        ] GC(56)  Metaspace       used 369K, committed 512K, reserved 1114112K
[3.005s][debug][gc,heap        ] GC(56)   class space    used 63K, committed 128K, reserved 1048576K
[3.005s][info ][gc             ] GC(56) Pause Young (Allocation Failure) 10M->2M(31M) 0.638ms
[3.005s][info ][gc,cpu         ] GC(56) User=0.00s Sys=0.00s Real=0.00s
[3.005s][info ][safepoint      ] Safepoint "GenCollectForAllocation", Time since last: 47397521 ns, Reaching safepoint: 3637 ns, Cleanup: 3709 ns, At safepoint: 681729 ns, Total: 689075 ns
[3.052s][info ][gc,start       ] GC(57) Pause Young (Allocation Failure)
[3.052s][debug][gc,heap        ] GC(57) Heap before GC invocations=57 (full 2):
[3.052s][debug][gc,heap        ] GC(57)  def new generation   total 9920K, used 8832K [0x0000120000200000, 0x0000120000cc0000, 0x000012000aca0000)
[3.052s][debug][gc,heap        ] GC(57)   eden space 8832K, 100% used [0x0000120000200000, 0x0000120000aa0000, 0x0000120000aa0000)
[3.052s][debug][gc,heap        ] GC(57)   from space 1088K,   0% used [0x0000120000bb0000, 0x0000120000bb0158, 0x0000120000cc0000)
[3.052s][debug][gc,heap        ] GC(57)   to   space 1088K,   0% used [0x0000120000aa0000, 0x0000120000aa0000, 0x0000120000bb0000)
[3.052s][debug][gc,heap        ] GC(57)  tenured generation   total 21888K, used 2093K [0x000012000aca0000, 0x000012000c200000, 0x0000120020200000)
[3.052s][debug][gc,heap        ] GC(57)    the space 21888K,   9% used [0x000012000aca0000, 0x000012000aeab4a0, 0x000012000aeab600, 0x000012000c200000)
[3.052s][debug][gc,heap        ] GC(57)  Metaspace       used 369K, committed 512K, reserved 1114112K
[3.052s][debug][gc,heap        ] GC(57)   class space    used 63K, committed 128K, reserved 1048576K
[3.052s][debug][gc,tlab        ] GC(57) TLAB totals: thrds: 2  refills: 101 max: 51 slow allocs: 0 max 0 waste:  0.3% gc: 28672B max: 28672B slow: 2488B max: 1328B
[3.052s][debug][gc,ref         ] GC(57) Skipped SoftWeakFinalRefsPhase of Reference Processing: no references
[3.052s][debug][gc,ref         ] GC(57) Skipped KeepAliveFinalRefsPhase of Reference Processing: no references
[3.052s][debug][gc,ref         ] GC(57) Skipped PhantomRefsPhase of Reference Processing: no references
[3.052s][debug][gc,phases,ref  ] GC(57) Reference Processing: 0.0ms
[3.052s][debug][gc,phases,ref  ] GC(57)   Notify Soft/WeakReferences: 0.0ms
[3.052s][debug][gc,phases,ref  ] GC(57)     SoftRef: skipped
[3.052s][debug][gc,phases,ref  ] GC(57)     WeakRef: skipped
[3.052s][debug][gc,phases,ref  ] GC(57)     FinalRef: skipped
[3.052s][debug][gc,phases,ref  ] GC(57)     Total: skipped
[3.052s][debug][gc,phases,ref  ] GC(57)   Notify and keep alive finalizable: 0.0ms
[3.052s][debug][gc,phases,ref  ] GC(57)     FinalRef: skipped
[3.052s][debug][gc,phases,ref  ] GC(57)   Notify PhantomReferences: 0.0ms
[3.052s][debug][gc,phases,ref  ] GC(57)     PhantomRef: skipped
[3.052s][debug][gc,phases,ref  ] GC(57)   SoftReference Discovered: 0, Dropped: 0, Processed: 0
[3.052s][debug][gc,phases,ref  ] GC(57)   WeakReference Discovered: 0, Dropped: 0, Processed: 0
[3.052s][debug][gc,phases,ref  ] GC(57)   FinalReference Discovered: 0, Dropped: 0, Processed: 0
[3.052s][debug][gc,phases,ref  ] GC(57)   PhantomReference Discovered: 0, Dropped: 0, Processed: 0
[3.052s][debug][gc,age         ] GC(57) Desired survivor size 557056 bytes, new threshold 15 (max threshold 15)
[3.052s][info ][gc,heap        ] GC(57) DefNew: 8832K(9920K)->0K(9920K) Eden: 8832K(8832K)->0K(8832K) From: 0K(1088K)->0K(1088K)
[3.052s][info ][gc,heap        ] GC(57) Tenured: 2093K(21888K)->2093K(21888K)
[3.052s][info ][gc,metaspace   ] GC(57) Metaspace: 369K(512K)->369K(512K) NonClass: 306K(384K)->306K(384K) Class: 63K(128K)->63K(128K)
[3.052s][debug][gc,heap        ] GC(57) Heap after GC invocations=58 (full 2):
[3.052s][debug][gc,heap        ] GC(57)  def new generation   total 9920K, used 0K [0x0000120000200000, 0x0000120000cc0000, 0x000012000aca0000)
[3.052s][debug][gc,heap        ] GC(57)   eden space 8832K,   0% used [0x0000120000200000, 0x0000120000200000, 0x0000120000aa0000)
[3.052s][debug][gc,heap        ] GC(57)   from space 1088K,   0% used [0x0000120000aa0000, 0x0000120000aa00f8, 0x0000120000bb0000)
[3.052s][debug][gc,heap        ] GC(57)   to   space 1088K,   0% used [0x0000120000bb0000, 0x0000120000bb0000, 0x0000120000cc0000)
[3.052s][debug][gc,heap        ] GC(57)  tenured generation   total 21888K, used 2093K [0x000012000aca0000, 0x000012000c200000, 0x0000120020200000)
[3.052s][debug][gc,heap        ] GC(57)    the space 21888K,   9% used [0x000012000aca0000, 0x000012000aeab4a0, 0x000012000aeab600, 0x000012000c200000)
[3.052s][debug][gc,heap        ] GC(57)  Metaspace       used 369K, committed 512K, reserved 1114112K
[3.052s][debug][gc,heap        ] GC(57)   class space    used 63K, committed 128K, reserved 1048576K
[3.053s][info ][gc             ] GC(57) Pause Young (Allocation Failure) 10M->2M(31M) 0.628ms
[3.053s][info ][gc,cpu         ] GC(57) User=0.00s Sys=0.00s Real=0.00s
[3.053s][info ][safepoint      ] Safepoint "GenCollectForAllocation", Time since last: 47126172 ns, Reaching safepoint: 3670 ns, Cleanup: 3569 ns, At safepoint: 673925 ns, Total: 681164 ns
[3.100s][info ][gc,start       ] GC(58) Pause Young (Allocation Failure)
[3.100s][debug][gc,heap        ] GC(58) Heap before GC invocations=58 (full 2):
[3.100s][debug][gc,heap        ] GC(58)  def new generation   total 9920K, used 8832K [0x0000120000200000, 0x0000120000cc0000, 0x000012000aca0000)
[3.100s][debug][gc,heap        ] GC(58)   eden space 8832K, 100% used [0x0000120000200000, 0x0000120000aa0000, 0x0000120000aa0000)
[3.100s][debug][gc,heap        ] GC(58)   from space 1088K,   0% used [0x0000120000aa0000, 0x0000120000aa00f8, 0x0000120000bb0000)
[3.100s][debug][gc,heap        ] GC(58)   to   space 1088K,   0% used [0x0000120000bb0000, 0x0000120000bb0000, 0x0000120000cc0000)
[3.100s][debug][gc,heap        ] GC(58)  tenured generation   total 21888K, used 2093K [0x000012000aca0000, 0x000012000c200000, 0x0000120020200000)
[3.100s][debug][gc,heap        ] GC(58)    the space 21888K,   9% used [0x000012000aca0000, 0x000012000aeab4a0, 0x000012000aeab600, 0x000012000c200000)
[3.100s][debug][gc,heap        ] GC(58)  Metaspace       used 369K, committed 512K, reserved 1114112K
[3.100s][debug][gc,heap        ] GC(58)   class space    used 63K, committed 128K, reserved 1048576K
[3.100s][debug][gc,tlab        ] GC(58) TLAB totals: thrds: 2  refills: 101 max: 51 slow allocs: 0 max 0 waste:  0.8% gc: 65072B max: 65072B slow: 2984B max: 1744B
[3.100s][debug][gc,ref         ] GC(58) Skipped SoftWeakFinalRefsPhase of Reference Processing: no references
[3.100s][debug][gc,ref         ] GC(58) Skipped KeepAliveFinalRefsPhase of Reference Processing: no references
[3.100s][debug][gc,ref         ] GC(58) Skipped PhantomRefsPhase of Reference Processing: no references
[3.100s][debug][gc,phases,ref  ] GC(58) Reference Processing: 0.0ms
[3.100s][debug][gc,phases,ref  ] GC(58)   Notify Soft/WeakReferences: 0.0ms
[3.100s][debug][gc,phases,ref  ] GC(58)     SoftRef: skipped
[3.100s][debug][gc,phases,ref  ] GC(58)     WeakRef: skipped
[3.100s][debug][gc,phases,ref  ] GC(58)     FinalRef: skipped
[3.100s][debug][gc,phases,ref  ] GC(58)     Total: skipped
[3.100s][debug][gc,phases,ref  ] GC(58)   Notify and keep alive finalizable: 0.0ms
[3.100s][debug][gc,phases,ref  ] GC(58)     FinalRef: skipped
[3.100s][debug][gc,phases,ref  ] GC(58)   Notify PhantomReferences: 0.0ms
[3.100s][debug][gc,phases,ref  ] GC(58)     PhantomRef: skipped
[3.100s][debug][gc,phases,ref  ] GC(58)   SoftReference Discovered: 0, Dropped: 0, Processed: 0
[3.100s][debug][gc,phases,ref  ] GC(58)   WeakReference Discovered: 0, Dropped: 0, Processed: 0
[3.100s][debug][gc,phases,ref  ] GC(58)   FinalReference Discovered: 0, Dropped: 0, Processed: 0
[3.100s][debug][gc,phases,ref  ] GC(58)   PhantomReference Discovered: 0, Dropped: 0, Processed: 0
[3.100s][debug][gc,age         ] GC(58) Desired survivor size 557056 bytes, new threshold 15 (max threshold 15)
[3.100s][info ][gc,heap        ] GC(58) DefNew: 8832K(9920K)->0K(9920K) Eden: 8832K(8832K)->0K(8832K) From: 0K(1088K)->0K(1088K)
[3.100s][info ][gc,heap        ] GC(58) Tenured: 2093K(21888K)->2093K(21888K)
[3.100s][info ][gc,metaspace   ] GC(58) Metaspace: 369K(512K)->369K(512K) NonClass: 306K(384K)->306K(384K) Class: 63K(128K)->63K(128K)
[3.100s][debug][gc,heap        ] GC(58) Heap after GC invocations=59 (full 2):
[3.100s][debug][gc,heap        ] GC(58)  def new generation   total 9920K, used 0K [0x0000120000200000, 0x0000120000cc0000, 0x000012000aca0000)
[3.100s][debug][gc,heap        ] GC(58)   eden space 8832K,   0% used [0x0000120000200000, 0x0000120000200000, 0x0000120000aa0000)
[3.100s][debug][gc,heap        ] GC(58)   from space 1088K,   0% used [0x0000120000bb0000, 0x0000120000bb0168, 0x0000120000cc0000)
[3.100s][debug][gc,heap        ] GC(58)   to   space 1088K,   0% used [0x0000120000aa0000, 0x0000120000aa0000, 0x0000120000bb0000)
[3.100s][debug][gc,heap        ] GC(58)  tenured generation   total 21888K, used 2093K [0x000012000aca0000, 0x000012000c200000, 0x0000120020200000)
[3.100s][debug][gc,heap        ] GC(58)    the space 21888K,   9% used [0x000012000aca0000, 0x000012000aeab4a0, 0x000012000aeab600, 0x000012000c200000)
[3.100s][debug][gc,heap        ] GC(58)  Metaspace       used 369K, committed 512K, reserved 1114112K
[3.100s][debug][gc,heap        ] GC(58)   class space    used 63K, committed 128K, reserved 1048576K
[3.100s][info ][gc             ] GC(58) Pause Young (Allocation Failure) 10M->2M(31M) 0.571ms
[3.100s][info ][gc,cpu         ] GC(58) User=0.00s Sys=0.00s Real=0.00s
[3.100s][info ][safepoint      ] Safepoint "GenCollectForAllocation", Time since last: 46926494 ns, Reaching safepoint: 76994 ns, Cleanup: 3343 ns, At safepoint: 612938 ns, Total: 693275 ns
[3.148s][info ][gc,start       ] GC(59) Pause Young (Allocation Failure)
[3.148s][debug][gc,heap        ] GC(59) Heap before GC invocations=59 (full 2):
[3.148s][debug][gc,heap        ] GC(59)  def new generation   total 9920K, used 8832K [0x0000120000200000, 0x0000120000cc0000, 0x000012000aca0000)
[3.148s][debug][gc,heap        ] GC(59)   eden space 8832K, 100% used [0x0000120000200000, 0x0000120000aa0000, 0x0000120000aa0000)
[3.148s][debug][gc,heap        ] GC(59)   from space 1088K,   0% used [0x0000120000bb0000, 0x0000120000bb0168, 0x0000120000cc0000)
[3.148s][debug][gc,heap        ] GC(59)   to   space 1088K,   0% used [0x0000120000aa0000, 0x0000120000aa0000, 0x0000120000bb0000)
[3.148s][debug][gc,heap        ] GC(59)  tenured generation   total 21888K, used 2093K [0x000012000aca0000, 0x000012000c200000, 0x0000120020200000)
[3.148s][debug][gc,heap        ] GC(59)    the space 21888K,   9% used [0x000012000aca0000, 0x000012000aeab4a0, 0x000012000aeab600, 0x000012000c200000)
[3.148s][debug][gc,heap        ] GC(59)  Metaspace       used 369K, committed 512K, reserved 1114112K
[3.148s][debug][gc,heap        ] GC(59)   class space    used 63K, committed 128K, reserved 1048576K
[3.148s][debug][gc,tlab        ] GC(59) TLAB totals: thrds: 2  refills: 101 max: 52 slow allocs: 0 max 0 waste:  0.2% gc: 13208B max: 13208B slow: 2856B max: 1608B
[3.148s][debug][gc,ref         ] GC(59) Skipped SoftWeakFinalRefsPhase of Reference Processing: no references
[3.148s][debug][gc,ref         ] GC(59) Skipped KeepAliveFinalRefsPhase of Reference Processing: no references
[3.148s][debug][gc,ref         ] GC(59) Skipped PhantomRefsPhase of Reference Processing: no references
[3.148s][debug][gc,phases,ref  ] GC(59) Reference Processing: 0.0ms
[3.148s][debug][gc,phases,ref  ] GC(59)   Notify Soft/WeakReferences: 0.0ms
[3.148s][debug][gc,phases,ref  ] GC(59)     SoftRef: skipped
[3.148s][debug][gc,phases,ref  ] GC(59)     WeakRef: skipped
[3.148s][debug][gc,phases,ref  ] GC(59)     FinalRef: skipped
[3.148s][debug][gc,phases,ref  ] GC(59)     Total: skipped
[3.148s][debug][gc,phases,ref  ] GC(59)   Notify and keep alive finalizable: 0.0ms
[3.148s][debug][gc,phases,ref  ] GC(59)     FinalRef: skipped
[3.148s][debug][gc,phases,ref  ] GC(59)   Notify PhantomReferences: 0.0ms
[3.148s][debug][gc,phases,ref  ] GC(59)     PhantomRef: skipped
[3.148s][debug][gc,phases,ref  ] GC(59)   SoftReference Discovered: 0, Dropped: 0, Processed: 0
[3.148s][debug][gc,phases,ref  ] GC(59)   WeakReference Discovered: 0, Dropped: 0, Processed: 0
[3.148s][debug][gc,phases,ref  ] GC(59)   FinalReference Discovered: 0, Dropped: 0, Processed: 0
[3.148s][debug][gc,phases,ref  ] GC(59)   PhantomReference Discovered: 0, Dropped: 0, Processed: 0
[3.149s][debug][gc,age         ] GC(59) Desired survivor size 557056 bytes, new threshold 15 (max threshold 15)
[3.149s][info ][gc,heap        ] GC(59) DefNew: 8832K(9920K)->0K(9920K) Eden: 8832K(8832K)->0K(8832K) From: 0K(1088K)->0K(1088K)
[3.149s][info ][gc,heap        ] GC(59) Tenured: 2093K(21888K)->2093K(21888K)
[3.149s][info ][gc,metaspace   ] GC(59) Metaspace: 369K(512K)->369K(512K) NonClass: 306K(384K)->306K(384K) Class: 63K(128K)->63K(128K)
[3.149s][debug][gc,heap        ] GC(59) Heap after GC invocations=60 (full 2):
[3.149s][debug][gc,heap        ] GC(59)  def new generation   total 9920K, used 0K [0x0000120000200000, 0x0000120000cc0000, 0x000012000aca0000)
[3.149s][debug][gc,heap        ] GC(59)   eden space 8832K,   0% used [0x0000120000200000, 0x0000120000200000, 0x0000120000aa0000)
[3.149s][debug][gc,heap        ] GC(59)   from space 1088K,   0% used [0x0000120000aa0000, 0x0000120000aa00e8, 0x0000120000bb0000)
[3.149s][debug][gc,heap        ] GC(59)   to   space 1088K,   0% used [0x0000120000bb0000, 0x0000120000bb0000, 0x0000120000cc0000)
[3.149s][debug][gc,heap        ] GC(59)  tenured generation   total 21888K, used 2093K [0x000012000aca0000, 0x000012000c200000, 0x0000120020200000)
[3.149s][debug][gc,heap        ] GC(59)    the space 21888K,   9% used [0x000012000aca0000, 0x000012000aeab4a0, 0x000012000aeab600, 0x000012000c200000)
[3.149s][debug][gc,heap        ] GC(59)  Metaspace       used 369K, committed 512K, reserved 1114112K
[3.149s][debug][gc,heap        ] GC(59)   class space    used 63K, committed 128K, reserved 1048576K
[3.149s][info ][gc             ] GC(59) Pause Young (Allocation Failure) 10M->2M(31M) 0.554ms
[3.149s][info ][gc,cpu         ] GC(59) User=0.00s Sys=0.00s Real=0.00s
[3.149s][info ][safepoint      ] Safepoint "GenCollectForAllocation", Time since last: 47928509 ns, Reaching safepoint: 3271 ns, Cleanup: 3511 ns, At safepoint: 599424 ns, Total: 606206 ns
[3.196s][info ][gc,start       ] GC(60) Pause Young (Allocation Failure)
[3.196s][debug][gc,heap        ] GC(60) Heap before GC invocations=60 (full 2):
[3.196s][debug][gc,heap        ] GC(60)  def new generation   total 9920K, used 8832K [0x0000120000200000, 0x0000120000cc0000, 0x000012000aca0000)
[3.196s][debug][gc,heap        ] GC(60)   eden space 8832K, 100% used [0x0000120000200000, 0x0000120000aa0000, 0x0000120000aa0000)
[3.196s][debug][gc,heap        ] GC(60)   from space 1088K,   0% used [0x0000120000aa0000, 0x0000120000aa00e8, 0x0000120000bb0000)
[3.196s][debug][gc,heap        ] GC(60)   to   space 1088K,   0% used [0x0000120000bb0000, 0x0000120000bb0000, 0x0000120000cc0000)
[3.196s][debug][gc,heap        ] GC(60)  tenured generation   total 21888K, used 2093K [0x000012000aca0000, 0x000012000c200000, 0x0000120020200000)
[3.196s][debug][gc,heap        ] GC(60)    the space 21888K,   9% used [0x000012000aca0000, 0x000012000aeab4a0, 0x000012000aeab600, 0x000012000c200000)
[3.196s][debug][gc,heap        ] GC(60)  Metaspace       used 369K, committed 512K, reserved 1114112K
[3.196s][debug][gc,heap        ] GC(60)   class space    used 63K, committed 128K, reserved 1048576K
[3.196s][debug][gc,tlab        ] GC(60) TLAB totals: thrds: 2  refills: 101 max: 51 slow allocs: 0 max 0 waste:  0.3% gc: 24992B max: 24992B slow: 2488B max: 1288B
[3.196s][debug][gc,ref         ] GC(60) Skipped SoftWeakFinalRefsPhase of Reference Processing: no references
[3.196s][debug][gc,ref         ] GC(60) Skipped KeepAliveFinalRefsPhase of Reference Processing: no references
[3.196s][debug][gc,ref         ] GC(60) Skipped PhantomRefsPhase of Reference Processing: no references
[3.196s][debug][gc,phases,ref  ] GC(60) Reference Processing: 0.0ms
[3.196s][debug][gc,phases,ref  ] GC(60)   Notify Soft/WeakReferences: 0.0ms
[3.196s][debug][gc,phases,ref  ] GC(60)     SoftRef: skipped
[3.196s][debug][gc,phases,ref  ] GC(60)     WeakRef: skipped
[3.196s][debug][gc,phases,ref  ] GC(60)     FinalRef: skipped
[3.196s][debug][gc,phases,ref  ] GC(60)     Total: skipped
[3.196s][debug][gc,phases,ref  ] GC(60)   Notify and keep alive finalizable: 0.0ms
[3.196s][debug][gc,phases,ref  ] GC(60)     FinalRef: skipped
[3.196s][debug][gc,phases,ref  ] GC(60)   Notify PhantomReferences: 0.0ms
[3.196s][debug][gc,phases,ref  ] GC(60)     PhantomRef: skipped
[3.196s][debug][gc,phases,ref  ] GC(60)   SoftReference Discovered: 0, Dropped: 0, Processed: 0
[3.196s][debug][gc,phases,ref  ] GC(60)   WeakReference Discovered: 0, Dropped: 0, Processed: 0
[3.196s][debug][gc,phases,ref  ] GC(60)   FinalReference Discovered: 0, Dropped: 0, Processed: 0
[3.196s][debug][gc,phases,ref  ] GC(60)   PhantomReference Discovered: 0, Dropped: 0, Processed: 0
[3.196s][debug][gc,age         ] GC(60) Desired survivor size 557056 bytes, new threshold 15 (max threshold 15)
[3.196s][info ][gc,heap        ] GC(60) DefNew: 8832K(9920K)->0K(9920K) Eden: 8832K(8832K)->0K(8832K) From: 0K(1088K)->0K(1088K)
[3.196s][info ][gc,heap        ] GC(60) Tenured: 2093K(21888K)->2093K(21888K)
[3.196s][info ][gc,metaspace   ] GC(60) Metaspace: 369K(512K)->369K(512K) NonClass: 306K(384K)->306K(384K) Class: 63K(128K)->63K(128K)
[3.196s][debug][gc,heap        ] GC(60) Heap after GC invocations=61 (full 2):
[3.196s][debug][gc,heap        ] GC(60)  def new generation   total 9920K, used 0K [0x0000120000200000, 0x0000120000cc0000, 0x000012000aca0000)
[3.196s][debug][gc,heap        ] GC(60)   eden space 8832K,   0% used [0x0000120000200000, 0x0000120000200000, 0x0000120000aa0000)
[3.197s][debug][gc,heap        ] GC(60)   from space 1088K,   0% used [0x0000120000bb0000, 0x0000120000bb0178, 0x0000120000cc0000)
[3.197s][debug][gc,heap        ] GC(60)   to   space 1088K,   0% used [0x0000120000aa0000, 0x0000120000aa0000, 0x0000120000bb0000)
[3.197s][debug][gc,heap        ] GC(60)  tenured generation   total 21888K, used 2093K [0x000012000aca0000, 0x000012000c200000, 0x0000120020200000)
[3.197s][debug][gc,heap        ] GC(60)    the space 21888K,   9% used [0x000012000aca0000, 0x000012000aeab4a0, 0x000012000aeab600, 0x000012000c200000)
[3.197s][debug][gc,heap        ] GC(60)  Metaspace       used 369K, committed 512K, reserved 1114112K
[3.197s][debug][gc,heap        ] GC(60)   class space    used 63K, committed 128K, reserved 1048576K
[3.197s][info ][gc             ] GC(60) Pause Young (Allocation Failure) 10M->2M(31M) 0.556ms
[3.197s][info ][gc,cpu         ] GC(60) User=0.00s Sys=0.00s Real=0.00s
[3.197s][info ][safepoint      ] Safepoint "GenCollectForAllocation", Time since last: 47309553 ns, Reaching safepoint: 3218 ns, Cleanup: 3515 ns, At safepoint: 599810 ns, Total: 606543 ns
[3.245s][info ][gc,start       ] GC(61) Pause Young (Allocation Failure)
[3.245s][debug][gc,heap        ] GC(61) Heap before GC invocations=61 (full 2):
[3.245s][debug][gc,heap        ] GC(61)  def new generation   total 9920K, used 8832K [0x0000120000200000, 0x0000120000cc0000, 0x000012000aca0000)
[3.245s][debug][gc,heap        ] GC(61)   eden space 8832K, 100% used [0x0000120000200000, 0x0000120000aa0000, 0x0000120000aa0000)
[3.245s][debug][gc,heap        ] GC(61)   from space 1088K,   0% used [0x0000120000bb0000, 0x0000120000bb0178, 0x0000120000cc0000)
[3.245s][debug][gc,heap        ] GC(61)   to   space 1088K,   0% used [0x0000120000aa0000, 0x0000120000aa0000, 0x0000120000bb0000)
[3.245s][debug][gc,heap        ] GC(61)  tenured generation   total 21888K, used 2093K [0x000012000aca0000, 0x000012000c200000, 0x0000120020200000)
[3.245s][debug][gc,heap        ] GC(61)    the space 21888K,   9% used [0x000012000aca0000, 0x000012000aeab4a0, 0x000012000aeab600, 0x000012000c200000)
[3.245s][debug][gc,heap        ] GC(61)  Metaspace       used 369K, committed 512K, reserved 1114112K
[3.245s][debug][gc,heap        ] GC(61)   class space    used 63K, committed 128K, reserved 1048576K
[3.245s][debug][gc,tlab        ] GC(61) TLAB totals: thrds: 2  refills: 101 max: 51 slow allocs: 0 max 0 waste:  0.1% gc: 5568B max: 5568B slow: 2704B max: 1368B
[3.245s][debug][gc,ref         ] GC(61) Skipped SoftWeakFinalRefsPhase of Reference Processing: no references
[3.245s][debug][gc,ref         ] GC(61) Skipped KeepAliveFinalRefsPhase of Reference Processing: no references
[3.245s][debug][gc,ref         ] GC(61) Skipped PhantomRefsPhase of Reference Processing: no references
[3.245s][debug][gc,phases,ref  ] GC(61) Reference Processing: 0.0ms
[3.245s][debug][gc,phases,ref  ] GC(61)   Notify Soft/WeakReferences: 0.0ms
[3.245s][debug][gc,phases,ref  ] GC(61)     SoftRef: skipped
[3.245s][debug][gc,phases,ref  ] GC(61)     WeakRef: skipped
[3.245s][debug][gc,phases,ref  ] GC(61)     FinalRef: skipped
[3.245s][debug][gc,phases,ref  ] GC(61)     Total: skipped
[3.245s][debug][gc,phases,ref  ] GC(61)   Notify and keep alive finalizable: 0.0ms
[3.245s][debug][gc,phases,ref  ] GC(61)     FinalRef: skipped
[3.245s][debug][gc,phases,ref  ] GC(61)   Notify PhantomReferences: 0.0ms
[3.245s][debug][gc,phases,ref  ] GC(61)     PhantomRef: skipped
[3.245s][debug][gc,phases,ref  ] GC(61)   SoftReference Discovered: 0, Dropped: 0, Processed: 0
[3.245s][debug][gc,phases,ref  ] GC(61)   WeakReference Discovered: 0, Dropped: 0, Processed: 0
[3.245s][debug][gc,phases,ref  ] GC(61)   FinalReference Discovered: 0, Dropped: 0, Processed: 0
[3.245s][debug][gc,phases,ref  ] GC(61)   PhantomReference Discovered: 0, Dropped: 0, Processed: 0
[3.245s][debug][gc,age         ] GC(61) Desired survivor size 557056 bytes, new threshold 15 (max threshold 15)
[3.245s][info ][gc,heap        ] GC(61) DefNew: 8832K(9920K)->0K(9920K) Eden: 8832K(8832K)->0K(8832K) From: 0K(1088K)->0K(1088K)
[3.245s][info ][gc,heap        ] GC(61) Tenured: 2093K(21888K)->2093K(21888K)
[3.245s][info ][gc,metaspace   ] GC(61) Metaspace: 369K(512K)->369K(512K) NonClass: 306K(384K)->306K(384K) Class: 63K(128K)->63K(128K)
[3.245s][debug][gc,heap        ] GC(61) Heap after GC invocations=62 (full 2):
[3.245s][debug][gc,heap        ] GC(61)  def new generation   total 9920K, used 0K [0x0000120000200000, 0x0000120000cc0000, 0x000012000aca0000)
[3.245s][debug][gc,heap        ] GC(61)   eden space 8832K,   0% used [0x0000120000200000, 0x0000120000200000, 0x0000120000aa0000)
[3.245s][debug][gc,heap        ] GC(61)   from space 1088K,   0% used [0x0000120000aa0000, 0x0000120000aa0100, 0x0000120000bb0000)
[3.245s][debug][gc,heap        ] GC(61)   to   space 1088K,   0% used [0x0000120000bb0000, 0x0000120000bb0000, 0x0000120000cc0000)
[3.245s][debug][gc,heap        ] GC(61)  tenured generation   total 21888K, used 2093K [0x000012000aca0000, 0x000012000c200000, 0x0000120020200000)
[3.245s][debug][gc,heap        ] GC(61)    the space 21888K,   9% used [0x000012000aca0000, 0x000012000aeab4a0, 0x000012000aeab600, 0x000012000c200000)
[3.245s][debug][gc,heap        ] GC(61)  Metaspace       used 369K, committed 512K, reserved 1114112K
[3.245s][debug][gc,heap        ] GC(61)   class space    used 63K, committed 128K, reserved 1048576K
[3.245s][info ][gc             ] GC(61) Pause Young (Allocation Failure) 10M->2M(31M) 0.550ms
[3.245s][info ][gc,cpu         ] GC(61) User=0.00s Sys=0.00s Real=0.00s
[3.245s][info ][safepoint      ] Safepoint "GenCollectForAllocation", Time since last: 48088122 ns, Reaching safepoint: 3506 ns, Cleanup: 3625 ns, At safepoint: 595741 ns, Total: 602872 ns
[3.293s][info ][gc,start       ] GC(62) Pause Young (Allocation Failure)
[3.293s][debug][gc,heap        ] GC(62) Heap before GC invocations=62 (full 2):
[3.293s][debug][gc,heap        ] GC(62)  def new generation   total 9920K, used 8832K [0x0000120000200000, 0x0000120000cc0000, 0x000012000aca0000)
[3.293s][debug][gc,heap        ] GC(62)   eden space 8832K, 100% used [0x0000120000200000, 0x0000120000aa0000, 0x0000120000aa0000)
[3.293s][debug][gc,heap        ] GC(62)   from space 1088K,   0% used [0x0000120000aa0000, 0x0000120000aa0100, 0x0000120000bb0000)
[3.293s][debug][gc,heap        ] GC(62)   to   space 1088K,   0% used [0x0000120000bb0000, 0x0000120000bb0000, 0x0000120000cc0000)
[3.293s][debug][gc,heap        ] GC(62)  tenured generation   total 21888K, used 2093K [0x000012000aca0000, 0x000012000c200000, 0x0000120020200000)
[3.293s][debug][gc,heap        ] GC(62)    the space 21888K,   9% used [0x000012000aca0000, 0x000012000aeab4a0, 0x000012000aeab600, 0x000012000c200000)
[3.293s][debug][gc,heap        ] GC(62)  Metaspace       used 369K, committed 512K, reserved 1114112K
[3.293s][debug][gc,heap        ] GC(62)   class space    used 63K, committed 128K, reserved 1048576K
[3.293s][debug][gc,tlab        ] GC(62) TLAB totals: thrds: 2  refills: 101 max: 51 slow allocs: 0 max 0 waste:  0.1% gc: 6072B max: 6072B slow: 2520B max: 1360B
[3.293s][debug][gc,ref         ] GC(62) Skipped SoftWeakFinalRefsPhase of Reference Processing: no references
[3.293s][debug][gc,ref         ] GC(62) Skipped KeepAliveFinalRefsPhase of Reference Processing: no references
[3.293s][debug][gc,ref         ] GC(62) Skipped PhantomRefsPhase of Reference Processing: no references
[3.293s][debug][gc,phases,ref  ] GC(62) Reference Processing: 0.0ms
[3.293s][debug][gc,phases,ref  ] GC(62)   Notify Soft/WeakReferences: 0.0ms
[3.293s][debug][gc,phases,ref  ] GC(62)     SoftRef: skipped
[3.293s][debug][gc,phases,ref  ] GC(62)     WeakRef: skipped
[3.293s][debug][gc,phases,ref  ] GC(62)     FinalRef: skipped
[3.293s][debug][gc,phases,ref  ] GC(62)     Total: skipped
[3.293s][debug][gc,phases,ref  ] GC(62)   Notify and keep alive finalizable: 0.0ms
[3.293s][debug][gc,phases,ref  ] GC(62)     FinalRef: skipped
[3.293s][debug][gc,phases,ref  ] GC(62)   Notify PhantomReferences: 0.0ms
[3.293s][debug][gc,phases,ref  ] GC(62)     PhantomRef: skipped
[3.293s][debug][gc,phases,ref  ] GC(62)   SoftReference Discovered: 0, Dropped: 0, Processed: 0
[3.293s][debug][gc,phases,ref  ] GC(62)   WeakReference Discovered: 0, Dropped: 0, Processed: 0
[3.293s][debug][gc,phases,ref  ] GC(62)   FinalReference Discovered: 0, Dropped: 0, Processed: 0
[3.293s][debug][gc,phases,ref  ] GC(62)   PhantomReference Discovered: 0, Dropped: 0, Processed: 0
[3.293s][debug][gc,age         ] GC(62) Desired survivor size 557056 bytes, new threshold 15 (max threshold 15)
[3.293s][info ][gc,heap        ] GC(62) DefNew: 8832K(9920K)->0K(9920K) Eden: 8832K(8832K)->0K(8832K) From: 0K(1088K)->0K(1088K)
[3.293s][info ][gc,heap        ] GC(62) Tenured: 2093K(21888K)->2093K(21888K)
[3.293s][info ][gc,metaspace   ] GC(62) Metaspace: 369K(512K)->369K(512K) NonClass: 306K(384K)->306K(384K) Class: 63K(128K)->63K(128K)
[3.293s][debug][gc,heap        ] GC(62) Heap after GC invocations=63 (full 2):
[3.293s][debug][gc,heap        ] GC(62)  def new generation   total 9920K, used 0K [0x0000120000200000, 0x0000120000cc0000, 0x000012000aca0000)
[3.293s][debug][gc,heap        ] GC(62)   eden space 8832K,   0% used [0x0000120000200000, 0x0000120000200000, 0x0000120000aa0000)
[3.293s][debug][gc,heap        ] GC(62)   from space 1088K,   0% used [0x0000120000bb0000, 0x0000120000bb0150, 0x0000120000cc0000)
[3.293s][debug][gc,heap        ] GC(62)   to   space 1088K,   0% used [0x0000120000aa0000, 0x0000120000aa0000, 0x0000120000bb0000)
[3.293s][debug][gc,heap        ] GC(62)  tenured generation   total 21888K, used 2093K [0x000012000aca0000, 0x000012000c200000, 0x0000120020200000)
[3.293s][debug][gc,heap        ] GC(62)    the space 21888K,   9% used [0x000012000aca0000, 0x000012000aeab4a0, 0x000012000aeab600, 0x000012000c200000)
[3.293s][debug][gc,heap        ] GC(62)  Metaspace       used 369K, committed 512K, reserved 1114112K
[3.293s][debug][gc,heap        ] GC(62)   class space    used 63K, committed 128K, reserved 1048576K
[3.294s][info ][gc             ] GC(62) Pause Young (Allocation Failure) 10M->2M(31M) 0.567ms
[3.294s][info ][gc,cpu         ] GC(62) User=0.00s Sys=0.00s Real=0.00s
[3.294s][info ][safepoint      ] Safepoint "GenCollectForAllocation", Time since last: 47626035 ns, Reaching safepoint: 3390 ns, Cleanup: 3605 ns, At safepoint: 612843 ns, Total: 619838 ns
[3.342s][info ][gc,start       ] GC(63) Pause Young (Allocation Failure)
[3.342s][debug][gc,heap        ] GC(63) Heap before GC invocations=63 (full 2):
[3.342s][debug][gc,heap        ] GC(63)  def new generation   total 9920K, used 8832K [0x0000120000200000, 0x0000120000cc0000, 0x000012000aca0000)
[3.342s][debug][gc,heap        ] GC(63)   eden space 8832K, 100% used [0x0000120000200000, 0x0000120000aa0000, 0x0000120000aa0000)
[3.342s][debug][gc,heap        ] GC(63)   from space 1088K,   0% used [0x0000120000bb0000, 0x0000120000bb0150, 0x0000120000cc0000)
[3.342s][debug][gc,heap        ] GC(63)   to   space 1088K,   0% used [0x0000120000aa0000, 0x0000120000aa0000, 0x0000120000bb0000)
[3.342s][debug][gc,heap        ] GC(63)  tenured generation   total 21888K, used 2093K [0x000012000aca0000, 0x000012000c200000, 0x0000120020200000)
[3.342s][debug][gc,heap        ] GC(63)    the space 21888K,   9% used [0x000012000aca0000, 0x000012000aeab4a0, 0x000012000aeab600, 0x000012000c200000)
[3.342s][debug][gc,heap        ] GC(63)  Metaspace       used 369K, committed 512K, reserved 1114112K
[3.342s][debug][gc,heap        ] GC(63)   class space    used 63K, committed 128K, reserved 1048576K
[3.342s][debug][gc,tlab        ] GC(63) TLAB totals: thrds: 2  refills: 101 max: 51 slow allocs: 0 max 0 waste:  0.2% gc: 18640B max: 18640B slow: 2600B max: 1536B
[3.342s][debug][gc,ref         ] GC(63) Skipped SoftWeakFinalRefsPhase of Reference Processing: no references
[3.342s][debug][gc,ref         ] GC(63) Skipped KeepAliveFinalRefsPhase of Reference Processing: no references
[3.342s][debug][gc,ref         ] GC(63) Skipped PhantomRefsPhase of Reference Processing: no references
[3.342s][debug][gc,phases,ref  ] GC(63) Reference Processing: 0.0ms
[3.342s][debug][gc,phases,ref  ] GC(63)   Notify Soft/WeakReferences: 0.0ms
[3.342s][debug][gc,phases,ref  ] GC(63)     SoftRef: skipped
[3.342s][debug][gc,phases,ref  ] GC(63)     WeakRef: skipped
[3.342s][debug][gc,phases,ref  ] GC(63)     FinalRef: skipped
[3.342s][debug][gc,phases,ref  ] GC(63)     Total: skipped
[3.342s][debug][gc,phases,ref  ] GC(63)   Notify and keep alive finalizable: 0.0ms
[3.342s][debug][gc,phases,ref  ] GC(63)     FinalRef: skipped
[3.342s][debug][gc,phases,ref  ] GC(63)   Notify PhantomReferences: 0.0ms
[3.342s][debug][gc,phases,ref  ] GC(63)     PhantomRef: skipped
[3.342s][debug][gc,phases,ref  ] GC(63)   SoftReference Discovered: 0, Dropped: 0, Processed: 0
[3.342s][debug][gc,phases,ref  ] GC(63)   WeakReference Discovered: 0, Dropped: 0, Processed: 0
[3.342s][debug][gc,phases,ref  ] GC(63)   FinalReference Discovered: 0, Dropped: 0, Processed: 0
[3.342s][debug][gc,phases,ref  ] GC(63)   PhantomReference Discovered: 0, Dropped: 0, Processed: 0
[3.342s][debug][gc,age         ] GC(63) Desired survivor size 557056 bytes, new threshold 15 (max threshold 15)
[3.342s][info ][gc,heap        ] GC(63) DefNew: 8832K(9920K)->0K(9920K) Eden: 8832K(8832K)->0K(8832K) From: 0K(1088K)->0K(1088K)
[3.342s][info ][gc,heap        ] GC(63) Tenured: 2093K(21888K)->2093K(21888K)
[3.342s][info ][gc,metaspace   ] GC(63) Metaspace: 369K(512K)->369K(512K) NonClass: 306K(384K)->306K(384K) Class: 63K(128K)->63K(128K)
[3.342s][debug][gc,heap        ] GC(63) Heap after GC invocations=64 (full 2):
[3.342s][debug][gc,heap        ] GC(63)  def new generation   total 9920K, used 0K [0x0000120000200000, 0x0000120000cc0000, 0x000012000aca0000)
[3.342s][debug][gc,heap        ] GC(63)   eden space 8832K,   0% used [0x0000120000200000, 0x0000120000200000, 0x0000120000aa0000)
[3.342s][debug][gc,heap        ] GC(63)   from space 1088K,   0% used [0x0000120000aa0000, 0x0000120000aa0158, 0x0000120000bb0000)
[3.342s][debug][gc,heap        ] GC(63)   to   space 1088K,   0% used [0x0000120000bb0000, 0x0000120000bb0000, 0x0000120000cc0000)
[3.342s][debug][gc,heap        ] GC(63)  tenured generation   total 21888K, used 2093K [0x000012000aca0000, 0x000012000c200000, 0x0000120020200000)
[3.342s][debug][gc,heap        ] GC(63)    the space 21888K,   9% used [0x000012000aca0000, 0x000012000aeab4a0, 0x000012000aeab600, 0x000012000c200000)
[3.342s][debug][gc,heap        ] GC(63)  Metaspace       used 369K, committed 512K, reserved 1114112K
[3.342s][debug][gc,heap        ] GC(63)   class space    used 63K, committed 128K, reserved 1048576K
[3.342s][info ][gc             ] GC(63) Pause Young (Allocation Failure) 10M->2M(31M) 0.563ms
[3.342s][info ][gc,cpu         ] GC(63) User=0.00s Sys=0.00s Real=0.00s
[3.342s][info ][safepoint      ] Safepoint "GenCollectForAllocation", Time since last: 48024081 ns, Reaching safepoint: 3488 ns, Cleanup: 3597 ns, At safepoint: 606437 ns, Total: 613522 ns
[3.390s][info ][gc,start       ] GC(64) Pause Young (Allocation Failure)
[3.390s][debug][gc,heap        ] GC(64) Heap before GC invocations=64 (full 2):
[3.390s][debug][gc,heap        ] GC(64)  def new generation   total 9920K, used 8832K [0x0000120000200000, 0x0000120000cc0000, 0x000012000aca0000)
[3.390s][debug][gc,heap        ] GC(64)   eden space 8832K, 100% used [0x0000120000200000, 0x0000120000aa0000, 0x0000120000aa0000)
[3.390s][debug][gc,heap        ] GC(64)   from space 1088K,   0% used [0x0000120000aa0000, 0x0000120000aa0158, 0x0000120000bb0000)
[3.390s][debug][gc,heap        ] GC(64)   to   space 1088K,   0% used [0x0000120000bb0000, 0x0000120000bb0000, 0x0000120000cc0000)
[3.390s][debug][gc,heap        ] GC(64)  tenured generation   total 21888K, used 2093K [0x000012000aca0000, 0x000012000c200000, 0x0000120020200000)
[3.390s][debug][gc,heap        ] GC(64)    the space 21888K,   9% used [0x000012000aca0000, 0x000012000aeab4a0, 0x000012000aeab600, 0x000012000c200000)
[3.390s][debug][gc,heap        ] GC(64)  Metaspace       used 369K, committed 512K, reserved 1114112K
[3.390s][debug][gc,heap        ] GC(64)   class space    used 63K, committed 128K, reserved 1048576K
[3.390s][debug][gc,tlab        ] GC(64) TLAB totals: thrds: 2  refills: 101 max: 51 slow allocs: 0 max 0 waste:  0.7% gc: 57872B max: 57872B slow: 2536B max: 1328B
[3.390s][debug][gc,ref         ] GC(64) Skipped SoftWeakFinalRefsPhase of Reference Processing: no references
[3.390s][debug][gc,ref         ] GC(64) Skipped KeepAliveFinalRefsPhase of Reference Processing: no references
[3.390s][debug][gc,ref         ] GC(64) Skipped PhantomRefsPhase of Reference Processing: no references
[3.390s][debug][gc,phases,ref  ] GC(64) Reference Processing: 0.0ms
[3.390s][debug][gc,phases,ref  ] GC(64)   Notify Soft/WeakReferences: 0.0ms
[3.390s][debug][gc,phases,ref  ] GC(64)     SoftRef: skipped
[3.390s][debug][gc,phases,ref  ] GC(64)     WeakRef: skipped
[3.390s][debug][gc,phases,ref  ] GC(64)     FinalRef: skipped
[3.390s][debug][gc,phases,ref  ] GC(64)     Total: skipped
[3.390s][debug][gc,phases,ref  ] GC(64)   Notify and keep alive finalizable: 0.0ms
[3.390s][debug][gc,phases,ref  ] GC(64)     FinalRef: skipped
[3.390s][debug][gc,phases,ref  ] GC(64)   Notify PhantomReferences: 0.0ms
[3.390s][debug][gc,phases,ref  ] GC(64)     PhantomRef: skipped
[3.390s][debug][gc,phases,ref  ] GC(64)   SoftReference Discovered: 0, Dropped: 0, Processed: 0
[3.390s][debug][gc,phases,ref  ] GC(64)   WeakReference Discovered: 0, Dropped: 0, Processed: 0
[3.390s][debug][gc,phases,ref  ] GC(64)   FinalReference Discovered: 0, Dropped: 0, Processed: 0
[3.390s][debug][gc,phases,ref  ] GC(64)   PhantomReference Discovered: 0, Dropped: 0, Processed: 0
[3.390s][debug][gc,age         ] GC(64) Desired survivor size 557056 bytes, new threshold 15 (max threshold 15)
[3.390s][info ][gc,heap        ] GC(64) DefNew: 8832K(9920K)->0K(9920K) Eden: 8832K(8832K)->0K(8832K) From: 0K(1088K)->0K(1088K)
[3.390s][info ][gc,heap        ] GC(64) Tenured: 2093K(21888K)->2093K(21888K)
[3.390s][info ][gc,metaspace   ] GC(64) Metaspace: 369K(512K)->369K(512K) NonClass: 306K(384K)->306K(384K) Class: 63K(128K)->63K(128K)
[3.390s][debug][gc,heap        ] GC(64) Heap after GC invocations=65 (full 2):
[3.390s][debug][gc,heap        ] GC(64)  def new generation   total 9920K, used 0K [0x0000120000200000, 0x0000120000cc0000, 0x000012000aca0000)
[3.390s][debug][gc,heap        ] GC(64)   eden space 8832K,   0% used [0x0000120000200000, 0x0000120000200000, 0x0000120000aa0000)
[3.390s][debug][gc,heap        ] GC(64)   from space 1088K,   0% used [0x0000120000bb0000, 0x0000120000bb00f8, 0x0000120000cc0000)
[3.390s][debug][gc,heap        ] GC(64)   to   space 1088K,   0% used [0x0000120000aa0000, 0x0000120000aa0000, 0x0000120000bb0000)
[3.390s][debug][gc,heap        ] GC(64)  tenured generation   total 21888K, used 2093K [0x000012000aca0000, 0x000012000c200000, 0x0000120020200000)
[3.390s][debug][gc,heap        ] GC(64)    the space 21888K,   9% used [0x000012000aca0000, 0x000012000aeab4a0, 0x000012000aeab600, 0x000012000c200000)
[3.390s][debug][gc,heap        ] GC(64)  Metaspace       used 369K, committed 512K, reserved 1114112K
[3.390s][debug][gc,heap        ] GC(64)   class space    used 63K, committed 128K, reserved 1048576K
[3.390s][info ][gc             ] GC(64) Pause Young (Allocation Failure) 10M->2M(31M) 0.553ms
[3.390s][info ][gc,cpu         ] GC(64) User=0.00s Sys=0.00s Real=0.00s
[3.390s][info ][safepoint      ] Safepoint "GenCollectForAllocation", Time since last: 47311593 ns, Reaching safepoint: 3458 ns, Cleanup: 3830 ns, At safepoint: 597018 ns, Total: 604306 ns
[3.439s][info ][gc,start       ] GC(65) Pause Young (Allocation Failure)
[3.439s][debug][gc,heap        ] GC(65) Heap before GC invocations=65 (full 2):
[3.439s][debug][gc,heap        ] GC(65)  def new generation   total 9920K, used 8832K [0x0000120000200000, 0x0000120000cc0000, 0x000012000aca0000)
[3.439s][debug][gc,heap        ] GC(65)   eden space 8832K, 100% used [0x0000120000200000, 0x0000120000aa0000, 0x0000120000aa0000)
[3.439s][debug][gc,heap        ] GC(65)   from space 1088K,   0% used [0x0000120000bb0000, 0x0000120000bb00f8, 0x0000120000cc0000)
[3.439s][debug][gc,heap        ] GC(65)   to   space 1088K,   0% used [0x0000120000aa0000, 0x0000120000aa0000, 0x0000120000bb0000)
[3.439s][debug][gc,heap        ] GC(65)  tenured generation   total 21888K, used 2093K [0x000012000aca0000, 0x000012000c200000, 0x0000120020200000)
[3.439s][debug][gc,heap        ] GC(65)    the space 21888K,   9% used [0x000012000aca0000, 0x000012000aeab4a0, 0x000012000aeab600, 0x000012000c200000)
[3.439s][debug][gc,heap        ] GC(65)  Metaspace       used 369K, committed 512K, reserved 1114112K
[3.439s][debug][gc,heap        ] GC(65)   class space    used 63K, committed 128K, reserved 1048576K
[3.439s][debug][gc,tlab        ] GC(65) TLAB totals: thrds: 2  refills: 101 max: 52 slow allocs: 0 max 0 waste:  0.0% gc: 0B max: 0B slow: 2816B max: 1568B
[3.439s][debug][gc,ref         ] GC(65) Skipped SoftWeakFinalRefsPhase of Reference Processing: no references
[3.439s][debug][gc,ref         ] GC(65) Skipped KeepAliveFinalRefsPhase of Reference Processing: no references
[3.439s][debug][gc,ref         ] GC(65) Skipped PhantomRefsPhase of Reference Processing: no references
[3.439s][debug][gc,phases,ref  ] GC(65) Reference Processing: 0.0ms
[3.439s][debug][gc,phases,ref  ] GC(65)   Notify Soft/WeakReferences: 0.0ms
[3.439s][debug][gc,phases,ref  ] GC(65)     SoftRef: skipped
[3.439s][debug][gc,phases,ref  ] GC(65)     WeakRef: skipped
[3.439s][debug][gc,phases,ref  ] GC(65)     FinalRef: skipped
[3.439s][debug][gc,phases,ref  ] GC(65)     Total: skipped
[3.439s][debug][gc,phases,ref  ] GC(65)   Notify and keep alive finalizable: 0.0ms
[3.439s][debug][gc,phases,ref  ] GC(65)     FinalRef: skipped
[3.439s][debug][gc,phases,ref  ] GC(65)   Notify PhantomReferences: 0.0ms
[3.439s][debug][gc,phases,ref  ] GC(65)     PhantomRef: skipped
[3.439s][debug][gc,phases,ref  ] GC(65)   SoftReference Discovered: 0, Dropped: 0, Processed: 0
[3.439s][debug][gc,phases,ref  ] GC(65)   WeakReference Discovered: 0, Dropped: 0, Processed: 0
[3.439s][debug][gc,phases,ref  ] GC(65)   FinalReference Discovered: 0, Dropped: 0, Processed: 0
[3.439s][debug][gc,phases,ref  ] GC(65)   PhantomReference Discovered: 0, Dropped: 0, Processed: 0
[3.439s][debug][gc,age         ] GC(65) Desired survivor size 557056 bytes, new threshold 15 (max threshold 15)
[3.439s][info ][gc,heap        ] GC(65) DefNew: 8832K(9920K)->0K(9920K) Eden: 8832K(8832K)->0K(8832K) From: 0K(1088K)->0K(1088K)
[3.439s][info ][gc,heap        ] GC(65) Tenured: 2093K(21888K)->2093K(21888K)
[3.439s][info ][gc,metaspace   ] GC(65) Metaspace: 369K(512K)->369K(512K) NonClass: 306K(384K)->306K(384K) Class: 63K(128K)->63K(128K)
[3.439s][debug][gc,heap        ] GC(65) Heap after GC invocations=66 (full 2):
[3.439s][debug][gc,heap        ] GC(65)  def new generation   total 9920K, used 0K [0x0000120000200000, 0x0000120000cc0000, 0x000012000aca0000)
[3.439s][debug][gc,heap        ] GC(65)   eden space 8832K,   0% used [0x0000120000200000, 0x0000120000200000, 0x0000120000aa0000)
[3.440s][debug][gc,heap        ] GC(65)   from space 1088K,   0% used [0x0000120000aa0000, 0x0000120000aa0138, 0x0000120000bb0000)
[3.440s][debug][gc,heap        ] GC(65)   to   space 1088K,   0% used [0x0000120000bb0000, 0x0000120000bb0000, 0x0000120000cc0000)
[3.440s][debug][gc,heap        ] GC(65)  tenured generation   total 21888K, used 2093K [0x000012000aca0000, 0x000012000c200000, 0x0000120020200000)
[3.440s][debug][gc,heap        ] GC(65)    the space 21888K,   9% used [0x000012000aca0000, 0x000012000aeab4a0, 0x000012000aeab600, 0x000012000c200000)
[3.440s][debug][gc,heap        ] GC(65)  Metaspace       used 369K, committed 512K, reserved 1114112K
[3.440s][debug][gc,heap        ] GC(65)   class space    used 63K, committed 128K, reserved 1048576K
[3.440s][info ][gc             ] GC(65) Pause Young (Allocation Failure) 10M->2M(31M) 0.674ms
[3.440s][info ][gc,cpu         ] GC(65) User=0.00s Sys=0.00s Real=0.00s
[3.440s][info ][safepoint      ] Safepoint "GenCollectForAllocation", Time since last: 48782175 ns, Reaching safepoint: 3199 ns, Cleanup: 3576 ns, At safepoint: 710468 ns, Total: 717243 ns
[3.487s][info ][gc,start       ] GC(66) Pause Young (Allocation Failure)
[3.487s][debug][gc,heap        ] GC(66) Heap before GC invocations=66 (full 2):
[3.487s][debug][gc,heap        ] GC(66)  def new generation   total 9920K, used 8832K [0x0000120000200000, 0x0000120000cc0000, 0x000012000aca0000)
[3.487s][debug][gc,heap        ] GC(66)   eden space 8832K, 100% used [0x0000120000200000, 0x0000120000aa0000, 0x0000120000aa0000)
[3.487s][debug][gc,heap        ] GC(66)   from space 1088K,   0% used [0x0000120000aa0000, 0x0000120000aa0138, 0x0000120000bb0000)
[3.487s][debug][gc,heap        ] GC(66)   to   space 1088K,   0% used [0x0000120000bb0000, 0x0000120000bb0000, 0x0000120000cc0000)
[3.487s][debug][gc,heap        ] GC(66)  tenured generation   total 21888K, used 2093K [0x000012000aca0000, 0x000012000c200000, 0x0000120020200000)
[3.487s][debug][gc,heap        ] GC(66)    the space 21888K,   9% used [0x000012000aca0000, 0x000012000aeab4a0, 0x000012000aeab600, 0x000012000c200000)
[3.487s][debug][gc,heap        ] GC(66)  Metaspace       used 369K, committed 512K, reserved 1114112K
[3.487s][debug][gc,heap        ] GC(66)   class space    used 63K, committed 128K, reserved 1048576K
[3.487s][debug][gc,tlab        ] GC(66) TLAB totals: thrds: 2  refills: 101 max: 51 slow allocs: 0 max 0 waste:  0.5% gc: 45312B max: 45312B slow: 2840B max: 1440B
[3.488s][debug][gc,ref         ] GC(66) Skipped SoftWeakFinalRefsPhase of Reference Processing: no references
[3.488s][debug][gc,ref         ] GC(66) Skipped KeepAliveFinalRefsPhase of Reference Processing: no references
[3.488s][debug][gc,ref         ] GC(66) Skipped PhantomRefsPhase of Reference Processing: no references
[3.488s][debug][gc,phases,ref  ] GC(66) Reference Processing: 0.0ms
[3.488s][debug][gc,phases,ref  ] GC(66)   Notify Soft/WeakReferences: 0.0ms
[3.488s][debug][gc,phases,ref  ] GC(66)     SoftRef: skipped
[3.488s][debug][gc,phases,ref  ] GC(66)     WeakRef: skipped
[3.488s][debug][gc,phases,ref  ] GC(66)     FinalRef: skipped
[3.488s][debug][gc,phases,ref  ] GC(66)     Total: skipped
[3.488s][debug][gc,phases,ref  ] GC(66)   Notify and keep alive finalizable: 0.0ms
[3.488s][debug][gc,phases,ref  ] GC(66)     FinalRef: skipped
[3.488s][debug][gc,phases,ref  ] GC(66)   Notify PhantomReferences: 0.0ms
[3.488s][debug][gc,phases,ref  ] GC(66)     PhantomRef: skipped
[3.488s][debug][gc,phases,ref  ] GC(66)   SoftReference Discovered: 0, Dropped: 0, Processed: 0
[3.488s][debug][gc,phases,ref  ] GC(66)   WeakReference Discovered: 0, Dropped: 0, Processed: 0
[3.488s][debug][gc,phases,ref  ] GC(66)   FinalReference Discovered: 0, Dropped: 0, Processed: 0
[3.488s][debug][gc,phases,ref  ] GC(66)   PhantomReference Discovered: 0, Dropped: 0, Processed: 0
[3.488s][debug][gc,age         ] GC(66) Desired survivor size 557056 bytes, new threshold 15 (max threshold 15)
[3.488s][info ][gc,heap        ] GC(66) DefNew: 8832K(9920K)->0K(9920K) Eden: 8832K(8832K)->0K(8832K) From: 0K(1088K)->0K(1088K)
[3.488s][info ][gc,heap        ] GC(66) Tenured: 2093K(21888K)->2093K(21888K)
[3.488s][info ][gc,metaspace   ] GC(66) Metaspace: 369K(512K)->369K(512K) NonClass: 306K(384K)->306K(384K) Class: 63K(128K)->63K(128K)
[3.488s][debug][gc,heap        ] GC(66) Heap after GC invocations=67 (full 2):
[3.488s][debug][gc,heap        ] GC(66)  def new generation   total 9920K, used 0K [0x0000120000200000, 0x0000120000cc0000, 0x000012000aca0000)
[3.488s][debug][gc,heap        ] GC(66)   eden space 8832K,   0% used [0x0000120000200000, 0x0000120000200000, 0x0000120000aa0000)
[3.488s][debug][gc,heap        ] GC(66)   from space 1088K,   0% used [0x0000120000bb0000, 0x0000120000bb00d0, 0x0000120000cc0000)
[3.488s][debug][gc,heap        ] GC(66)   to   space 1088K,   0% used [0x0000120000aa0000, 0x0000120000aa0000, 0x0000120000bb0000)
[3.488s][debug][gc,heap        ] GC(66)  tenured generation   total 21888K, used 2093K [0x000012000aca0000, 0x000012000c200000, 0x0000120020200000)
[3.488s][debug][gc,heap        ] GC(66)    the space 21888K,   9% used [0x000012000aca0000, 0x000012000aeab4a0, 0x000012000aeab600, 0x000012000c200000)
[3.488s][debug][gc,heap        ] GC(66)  Metaspace       used 369K, committed 512K, reserved 1114112K
[3.488s][debug][gc,heap        ] GC(66)   class space    used 63K, committed 128K, reserved 1048576K
[3.488s][info ][gc             ] GC(66) Pause Young (Allocation Failure) 10M->2M(31M) 0.689ms
[3.488s][info ][gc,cpu         ] GC(66) User=0.00s Sys=0.00s Real=0.00s
[3.488s][info ][safepoint      ] Safepoint "GenCollectForAllocation", Time since last: 47655846 ns, Reaching safepoint: 3569 ns, Cleanup: 3667 ns, At safepoint: 731502 ns, Total: 738738 ns
[3.536s][info ][gc,start       ] GC(67) Pause Young (Allocation Failure)
[3.536s][debug][gc,heap        ] GC(67) Heap before GC invocations=67 (full 2):
[3.536s][debug][gc,heap        ] GC(67)  def new generation   total 9920K, used 8832K [0x0000120000200000, 0x0000120000cc0000, 0x000012000aca0000)
[3.536s][debug][gc,heap        ] GC(67)   eden space 8832K, 100% used [0x0000120000200000, 0x0000120000aa0000, 0x0000120000aa0000)
[3.536s][debug][gc,heap        ] GC(67)   from space 1088K,   0% used [0x0000120000bb0000, 0x0000120000bb00d0, 0x0000120000cc0000)
[3.536s][debug][gc,heap        ] GC(67)   to   space 1088K,   0% used [0x0000120000aa0000, 0x0000120000aa0000, 0x0000120000bb0000)
[3.536s][debug][gc,heap        ] GC(67)  tenured generation   total 21888K, used 2093K [0x000012000aca0000, 0x000012000c200000, 0x0000120020200000)
[3.536s][debug][gc,heap        ] GC(67)    the space 21888K,   9% used [0x000012000aca0000, 0x000012000aeab4a0, 0x000012000aeab600, 0x000012000c200000)
[3.536s][debug][gc,heap        ] GC(67)  Metaspace       used 369K, committed 512K, reserved 1114112K
[3.536s][debug][gc,heap        ] GC(67)   class space    used 63K, committed 128K, reserved 1048576K
[3.536s][debug][gc,tlab        ] GC(67) TLAB totals: thrds: 2  refills: 101 max: 51 slow allocs: 0 max 0 waste:  0.4% gc: 29496B max: 29496B slow: 2784B max: 1400B
[3.536s][debug][gc,ref         ] GC(67) Skipped SoftWeakFinalRefsPhase of Reference Processing: no references
[3.536s][debug][gc,ref         ] GC(67) Skipped KeepAliveFinalRefsPhase of Reference Processing: no references
[3.536s][debug][gc,ref         ] GC(67) Skipped PhantomRefsPhase of Reference Processing: no references
[3.536s][debug][gc,phases,ref  ] GC(67) Reference Processing: 0.0ms
[3.536s][debug][gc,phases,ref  ] GC(67)   Notify Soft/WeakReferences: 0.0ms
[3.536s][debug][gc,phases,ref  ] GC(67)     SoftRef: skipped
[3.536s][debug][gc,phases,ref  ] GC(67)     WeakRef: skipped
[3.536s][debug][gc,phases,ref  ] GC(67)     FinalRef: skipped
[3.536s][debug][gc,phases,ref  ] GC(67)     Total: skipped
[3.536s][debug][gc,phases,ref  ] GC(67)   Notify and keep alive finalizable: 0.0ms
[3.536s][debug][gc,phases,ref  ] GC(67)     FinalRef: skipped
[3.536s][debug][gc,phases,ref  ] GC(67)   Notify PhantomReferences: 0.0ms
[3.536s][debug][gc,phases,ref  ] GC(67)     PhantomRef: skipped
[3.536s][debug][gc,phases,ref  ] GC(67)   SoftReference Discovered: 0, Dropped: 0, Processed: 0
[3.536s][debug][gc,phases,ref  ] GC(67)   WeakReference Discovered: 0, Dropped: 0, Processed: 0
[3.536s][debug][gc,phases,ref  ] GC(67)   FinalReference Discovered: 0, Dropped: 0, Processed: 0
[3.536s][debug][gc,phases,ref  ] GC(67)   PhantomReference Discovered: 0, Dropped: 0, Processed: 0
[3.536s][debug][gc,age         ] GC(67) Desired survivor size 557056 bytes, new threshold 15 (max threshold 15)
[3.536s][info ][gc,heap        ] GC(67) DefNew: 8832K(9920K)->0K(9920K) Eden: 8832K(8832K)->0K(8832K) From: 0K(1088K)->0K(1088K)
[3.536s][info ][gc,heap        ] GC(67) Tenured: 2093K(21888K)->2093K(21888K)
[3.536s][info ][gc,metaspace   ] GC(67) Metaspace: 369K(512K)->369K(512K) NonClass: 306K(384K)->306K(384K) Class: 63K(128K)->63K(128K)
[3.536s][debug][gc,heap        ] GC(67) Heap after GC invocations=68 (full 2):
[3.536s][debug][gc,heap        ] GC(67)  def new generation   total 9920K, used 0K [0x0000120000200000, 0x0000120000cc0000, 0x000012000aca0000)
[3.536s][debug][gc,heap        ] GC(67)   eden space 8832K,   0% used [0x0000120000200000, 0x0000120000200000, 0x0000120000aa0000)
[3.536s][debug][gc,heap        ] GC(67)   from space 1088K,   0% used [0x0000120000aa0000, 0x0000120000aa01b8, 0x0000120000bb0000)
[3.536s][debug][gc,heap        ] GC(67)   to   space 1088K,   0% used [0x0000120000bb0000, 0x0000120000bb0000, 0x0000120000cc0000)
[3.536s][debug][gc,heap        ] GC(67)  tenured generation   total 21888K, used 2093K [0x000012000aca0000, 0x000012000c200000, 0x0000120020200000)
[3.536s][debug][gc,heap        ] GC(67)    the space 21888K,   9% used [0x000012000aca0000, 0x000012000aeab4a0, 0x000012000aeab600, 0x000012000c200000)
[3.536s][debug][gc,heap        ] GC(67)  Metaspace       used 369K, committed 512K, reserved 1114112K
[3.536s][debug][gc,heap        ] GC(67)   class space    used 63K, committed 128K, reserved 1048576K
[3.536s][info ][gc             ] GC(67) Pause Young (Allocation Failure) 10M->2M(31M) 0.556ms
[3.536s][info ][gc,cpu         ] GC(67) User=0.00s Sys=0.00s Real=0.00s
[3.536s][info ][safepoint      ] Safepoint "GenCollectForAllocation", Time since last: 47701500 ns, Reaching safepoint: 3152 ns, Cleanup: 3662 ns, At safepoint: 599236 ns, Total: 606050 ns
[3.584s][info ][gc,start       ] GC(68) Pause Young (Allocation Failure)
[3.584s][debug][gc,heap        ] GC(68) Heap before GC invocations=68 (full 2):
[3.584s][debug][gc,heap        ] GC(68)  def new generation   total 9920K, used 8832K [0x0000120000200000, 0x0000120000cc0000, 0x000012000aca0000)
[3.584s][debug][gc,heap        ] GC(68)   eden space 8832K, 100% used [0x0000120000200000, 0x0000120000aa0000, 0x0000120000aa0000)
[3.584s][debug][gc,heap        ] GC(68)   from space 1088K,   0% used [0x0000120000aa0000, 0x0000120000aa01b8, 0x0000120000bb0000)
[3.584s][debug][gc,heap        ] GC(68)   to   space 1088K,   0% used [0x0000120000bb0000, 0x0000120000bb0000, 0x0000120000cc0000)
[3.584s][debug][gc,heap        ] GC(68)  tenured generation   total 21888K, used 2093K [0x000012000aca0000, 0x000012000c200000, 0x0000120020200000)
[3.584s][debug][gc,heap        ] GC(68)    the space 21888K,   9% used [0x000012000aca0000, 0x000012000aeab4a0, 0x000012000aeab600, 0x000012000c200000)
[3.584s][debug][gc,heap        ] GC(68)  Metaspace       used 369K, committed 512K, reserved 1114112K
[3.584s][debug][gc,heap        ] GC(68)   class space    used 63K, committed 128K, reserved 1048576K
[3.584s][debug][gc,tlab        ] GC(68) TLAB totals: thrds: 2  refills: 101 max: 51 slow allocs: 0 max 0 waste:  0.3% gc: 21784B max: 21784B slow: 2216B max: 1376B
[3.584s][debug][gc,ref         ] GC(68) Skipped SoftWeakFinalRefsPhase of Reference Processing: no references
[3.584s][debug][gc,ref         ] GC(68) Skipped KeepAliveFinalRefsPhase of Reference Processing: no references
[3.584s][debug][gc,ref         ] GC(68) Skipped PhantomRefsPhase of Reference Processing: no references
[3.584s][debug][gc,phases,ref  ] GC(68) Reference Processing: 0.0ms
[3.584s][debug][gc,phases,ref  ] GC(68)   Notify Soft/WeakReferences: 0.0ms
[3.584s][debug][gc,phases,ref  ] GC(68)     SoftRef: skipped
[3.584s][debug][gc,phases,ref  ] GC(68)     WeakRef: skipped
[3.584s][debug][gc,phases,ref  ] GC(68)     FinalRef: skipped
[3.584s][debug][gc,phases,ref  ] GC(68)     Total: skipped
[3.584s][debug][gc,phases,ref  ] GC(68)   Notify and keep alive finalizable: 0.0ms
[3.584s][debug][gc,phases,ref  ] GC(68)     FinalRef: skipped
[3.584s][debug][gc,phases,ref  ] GC(68)   Notify PhantomReferences: 0.0ms
[3.584s][debug][gc,phases,ref  ] GC(68)     PhantomRef: skipped
[3.584s][debug][gc,phases,ref  ] GC(68)   SoftReference Discovered: 0, Dropped: 0, Processed: 0
[3.584s][debug][gc,phases,ref  ] GC(68)   WeakReference Discovered: 0, Dropped: 0, Processed: 0
[3.584s][debug][gc,phases,ref  ] GC(68)   FinalReference Discovered: 0, Dropped: 0, Processed: 0
[3.584s][debug][gc,phases,ref  ] GC(68)   PhantomReference Discovered: 0, Dropped: 0, Processed: 0
[3.584s][debug][gc,age         ] GC(68) Desired survivor size 557056 bytes, new threshold 15 (max threshold 15)
[3.584s][info ][gc,heap        ] GC(68) DefNew: 8832K(9920K)->0K(9920K) Eden: 8832K(8832K)->0K(8832K) From: 0K(1088K)->0K(1088K)
[3.584s][info ][gc,heap        ] GC(68) Tenured: 2093K(21888K)->2093K(21888K)
[3.584s][info ][gc,metaspace   ] GC(68) Metaspace: 369K(512K)->369K(512K) NonClass: 306K(384K)->306K(384K) Class: 63K(128K)->63K(128K)
[3.584s][debug][gc,heap        ] GC(68) Heap after GC invocations=69 (full 2):
[3.584s][debug][gc,heap        ] GC(68)  def new generation   total 9920K, used 0K [0x0000120000200000, 0x0000120000cc0000, 0x000012000aca0000)
[3.584s][debug][gc,heap        ] GC(68)   eden space 8832K,   0% used [0x0000120000200000, 0x0000120000200000, 0x0000120000aa0000)
[3.584s][debug][gc,heap        ] GC(68)   from space 1088K,   0% used [0x0000120000bb0000, 0x0000120000bb01b8, 0x0000120000cc0000)
[3.584s][debug][gc,heap        ] GC(68)   to   space 1088K,   0% used [0x0000120000aa0000, 0x0000120000aa0000, 0x0000120000bb0000)
[3.584s][debug][gc,heap        ] GC(68)  tenured generation   total 21888K, used 2093K [0x000012000aca0000, 0x000012000c200000, 0x0000120020200000)
[3.584s][debug][gc,heap        ] GC(68)    the space 21888K,   9% used [0x000012000aca0000, 0x000012000aeab4a0, 0x000012000aeab600, 0x000012000c200000)
[3.584s][debug][gc,heap        ] GC(68)  Metaspace       used 369K, committed 512K, reserved 1114112K
[3.584s][debug][gc,heap        ] GC(68)   class space    used 63K, committed 128K, reserved 1048576K
[3.584s][info ][gc             ] GC(68) Pause Young (Allocation Failure) 10M->2M(31M) 0.569ms
[3.584s][info ][gc,cpu         ] GC(68) User=0.00s Sys=0.00s Real=0.00s
[3.584s][info ][safepoint      ] Safepoint "GenCollectForAllocation", Time since last: 47397860 ns, Reaching safepoint: 77096 ns, Cleanup: 3489 ns, At safepoint: 610252 ns, Total: 690837 ns
[3.633s][info ][gc,start       ] GC(69) Pause Young (Allocation Failure)
[3.633s][debug][gc,heap        ] GC(69) Heap before GC invocations=69 (full 2):
[3.633s][debug][gc,heap        ] GC(69)  def new generation   total 9920K, used 8832K [0x0000120000200000, 0x0000120000cc0000, 0x000012000aca0000)
[3.633s][debug][gc,heap        ] GC(69)   eden space 8832K, 100% used [0x0000120000200000, 0x0000120000aa0000, 0x0000120000aa0000)
[3.633s][debug][gc,heap        ] GC(69)   from space 1088K,   0% used [0x0000120000bb0000, 0x0000120000bb01b8, 0x0000120000cc0000)
[3.633s][debug][gc,heap        ] GC(69)   to   space 1088K,   0% used [0x0000120000aa0000, 0x0000120000aa0000, 0x0000120000bb0000)
[3.633s][debug][gc,heap        ] GC(69)  tenured generation   total 21888K, used 2093K [0x000012000aca0000, 0x000012000c200000, 0x0000120020200000)
[3.633s][debug][gc,heap        ] GC(69)    the space 21888K,   9% used [0x000012000aca0000, 0x000012000aeab4a0, 0x000012000aeab600, 0x000012000c200000)
[3.633s][debug][gc,heap        ] GC(69)  Metaspace       used 369K, committed 512K, reserved 1114112K
[3.633s][debug][gc,heap        ] GC(69)   class space    used 63K, committed 128K, reserved 1048576K
[3.633s][debug][gc,tlab        ] GC(69) TLAB totals: thrds: 2  refills: 101 max: 52 slow allocs: 0 max 0 waste:  0.5% gc: 42352B max: 42352B slow: 2088B max: 1048B
[3.633s][debug][gc,ref         ] GC(69) Skipped SoftWeakFinalRefsPhase of Reference Processing: no references
[3.633s][debug][gc,ref         ] GC(69) Skipped KeepAliveFinalRefsPhase of Reference Processing: no references
[3.633s][debug][gc,ref         ] GC(69) Skipped PhantomRefsPhase of Reference Processing: no references
[3.633s][debug][gc,phases,ref  ] GC(69) Reference Processing: 0.0ms
[3.633s][debug][gc,phases,ref  ] GC(69)   Notify Soft/WeakReferences: 0.0ms
[3.633s][debug][gc,phases,ref  ] GC(69)     SoftRef: skipped
[3.633s][debug][gc,phases,ref  ] GC(69)     WeakRef: skipped
[3.633s][debug][gc,phases,ref  ] GC(69)     FinalRef: skipped
[3.633s][debug][gc,phases,ref  ] GC(69)     Total: skipped
[3.633s][debug][gc,phases,ref  ] GC(69)   Notify and keep alive finalizable: 0.0ms
[3.633s][debug][gc,phases,ref  ] GC(69)     FinalRef: skipped
[3.633s][debug][gc,phases,ref  ] GC(69)   Notify PhantomReferences: 0.0ms
[3.633s][debug][gc,phases,ref  ] GC(69)     PhantomRef: skipped
[3.633s][debug][gc,phases,ref  ] GC(69)   SoftReference Discovered: 0, Dropped: 0, Processed: 0
[3.633s][debug][gc,phases,ref  ] GC(69)   WeakReference Discovered: 0, Dropped: 0, Processed: 0
[3.633s][debug][gc,phases,ref  ] GC(69)   FinalReference Discovered: 0, Dropped: 0, Processed: 0
[3.633s][debug][gc,phases,ref  ] GC(69)   PhantomReference Discovered: 0, Dropped: 0, Processed: 0
[3.633s][debug][gc,age         ] GC(69) Desired survivor size 557056 bytes, new threshold 15 (max threshold 15)
[3.633s][info ][gc,heap        ] GC(69) DefNew: 8832K(9920K)->0K(9920K) Eden: 8832K(8832K)->0K(8832K) From: 0K(1088K)->0K(1088K)
[3.633s][info ][gc,heap        ] GC(69) Tenured: 2093K(21888K)->2093K(21888K)
[3.633s][info ][gc,metaspace   ] GC(69) Metaspace: 369K(512K)->369K(512K) NonClass: 306K(384K)->306K(384K) Class: 63K(128K)->63K(128K)
[3.633s][debug][gc,heap        ] GC(69) Heap after GC invocations=70 (full 2):
[3.633s][debug][gc,heap        ] GC(69)  def new generation   total 9920K, used 0K [0x0000120000200000, 0x0000120000cc0000, 0x000012000aca0000)
[3.633s][debug][gc,heap        ] GC(69)   eden space 8832K,   0% used [0x0000120000200000, 0x0000120000200000, 0x0000120000aa0000)
[3.633s][debug][gc,heap        ] GC(69)   from space 1088K,   0% used [0x0000120000aa0000, 0x0000120000aa0138, 0x0000120000bb0000)
[3.633s][debug][gc,heap        ] GC(69)   to   space 1088K,   0% used [0x0000120000bb0000, 0x0000120000bb0000, 0x0000120000cc0000)
[3.633s][debug][gc,heap        ] GC(69)  tenured generation   total 21888K, used 2093K [0x000012000aca0000, 0x000012000c200000, 0x0000120020200000)
[3.633s][debug][gc,heap        ] GC(69)    the space 21888K,   9% used [0x000012000aca0000, 0x000012000aeab4a0, 0x000012000aeab600, 0x000012000c200000)
[3.634s][debug][gc,heap        ] GC(69)  Metaspace       used 369K, committed 512K, reserved 1114112K
[3.634s][debug][gc,heap        ] GC(69)   class space    used 63K, committed 128K, reserved 1048576K
[3.634s][info ][gc             ] GC(69) Pause Young (Allocation Failure) 10M->2M(31M) 0.552ms
[3.634s][info ][gc,cpu         ] GC(69) User=0.00s Sys=0.00s Real=0.00s
[3.634s][info ][safepoint      ] Safepoint "GenCollectForAllocation", Time since last: 48575488 ns, Reaching safepoint: 3626 ns, Cleanup: 3713 ns, At safepoint: 596877 ns, Total: 604216 ns
[3.682s][info ][gc,start       ] GC(70) Pause Young (Allocation Failure)
[3.682s][debug][gc,heap        ] GC(70) Heap before GC invocations=70 (full 2):
[3.682s][debug][gc,heap        ] GC(70)  def new generation   total 9920K, used 8832K [0x0000120000200000, 0x0000120000cc0000, 0x000012000aca0000)
[3.682s][debug][gc,heap        ] GC(70)   eden space 8832K, 100% used [0x0000120000200000, 0x0000120000aa0000, 0x0000120000aa0000)
[3.682s][debug][gc,heap        ] GC(70)   from space 1088K,   0% used [0x0000120000aa0000, 0x0000120000aa0138, 0x0000120000bb0000)
[3.682s][debug][gc,heap        ] GC(70)   to   space 1088K,   0% used [0x0000120000bb0000, 0x0000120000bb0000, 0x0000120000cc0000)
[3.682s][debug][gc,heap        ] GC(70)  tenured generation   total 21888K, used 2093K [0x000012000aca0000, 0x000012000c200000, 0x0000120020200000)
[3.682s][debug][gc,heap        ] GC(70)    the space 21888K,   9% used [0x000012000aca0000, 0x000012000aeab4a0, 0x000012000aeab600, 0x000012000c200000)
[3.682s][debug][gc,heap        ] GC(70)  Metaspace       used 369K, committed 512K, reserved 1114112K
[3.682s][debug][gc,heap        ] GC(70)   class space    used 63K, committed 128K, reserved 1048576K
[3.682s][debug][gc,tlab        ] GC(70) TLAB totals: thrds: 2  refills: 101 max: 51 slow allocs: 0 max 0 waste:  0.0% gc: 1008B max: 1008B slow: 2568B max: 1392B
[3.682s][debug][gc,ref         ] GC(70) Skipped SoftWeakFinalRefsPhase of Reference Processing: no references
[3.682s][debug][gc,ref         ] GC(70) Skipped KeepAliveFinalRefsPhase of Reference Processing: no references
[3.682s][debug][gc,ref         ] GC(70) Skipped PhantomRefsPhase of Reference Processing: no references
[3.682s][debug][gc,phases,ref  ] GC(70) Reference Processing: 0.0ms
[3.682s][debug][gc,phases,ref  ] GC(70)   Notify Soft/WeakReferences: 0.0ms
[3.682s][debug][gc,phases,ref  ] GC(70)     SoftRef: skipped
[3.682s][debug][gc,phases,ref  ] GC(70)     WeakRef: skipped
[3.682s][debug][gc,phases,ref  ] GC(70)     FinalRef: skipped
[3.682s][debug][gc,phases,ref  ] GC(70)     Total: skipped
[3.682s][debug][gc,phases,ref  ] GC(70)   Notify and keep alive finalizable: 0.0ms
[3.682s][debug][gc,phases,ref  ] GC(70)     FinalRef: skipped
[3.682s][debug][gc,phases,ref  ] GC(70)   Notify PhantomReferences: 0.0ms
[3.682s][debug][gc,phases,ref  ] GC(70)     PhantomRef: skipped
[3.682s][debug][gc,phases,ref  ] GC(70)   SoftReference Discovered: 0, Dropped: 0, Processed: 0
[3.682s][debug][gc,phases,ref  ] GC(70)   WeakReference Discovered: 0, Dropped: 0, Processed: 0
[3.682s][debug][gc,phases,ref  ] GC(70)   FinalReference Discovered: 0, Dropped: 0, Processed: 0
[3.682s][debug][gc,phases,ref  ] GC(70)   PhantomReference Discovered: 0, Dropped: 0, Processed: 0
[3.682s][debug][gc,age         ] GC(70) Desired survivor size 557056 bytes, new threshold 15 (max threshold 15)
[3.682s][info ][gc,heap        ] GC(70) DefNew: 8832K(9920K)->0K(9920K) Eden: 8832K(8832K)->0K(8832K) From: 0K(1088K)->0K(1088K)
[3.682s][info ][gc,heap        ] GC(70) Tenured: 2093K(21888K)->2093K(21888K)
[3.682s][info ][gc,metaspace   ] GC(70) Metaspace: 369K(512K)->369K(512K) NonClass: 306K(384K)->306K(384K) Class: 63K(128K)->63K(128K)
[3.682s][debug][gc,heap        ] GC(70) Heap after GC invocations=71 (full 2):
[3.682s][debug][gc,heap        ] GC(70)  def new generation   total 9920K, used 0K [0x0000120000200000, 0x0000120000cc0000, 0x000012000aca0000)
[3.682s][debug][gc,heap        ] GC(70)   eden space 8832K,   0% used [0x0000120000200000, 0x0000120000200000, 0x0000120000aa0000)
[3.682s][debug][gc,heap        ] GC(70)   from space 1088K,   0% used [0x0000120000bb0000, 0x0000120000bb0180, 0x0000120000cc0000)
[3.682s][debug][gc,heap        ] GC(70)   to   space 1088K,   0% used [0x0000120000aa0000, 0x0000120000aa0000, 0x0000120000bb0000)
[3.682s][debug][gc,heap        ] GC(70)  tenured generation   total 21888K, used 2093K [0x000012000aca0000, 0x000012000c200000, 0x0000120020200000)
[3.682s][debug][gc,heap        ] GC(70)    the space 21888K,   9% used [0x000012000aca0000, 0x000012000aeab4a0, 0x000012000aeab600, 0x000012000c200000)
[3.682s][debug][gc,heap        ] GC(70)  Metaspace       used 369K, committed 512K, reserved 1114112K
[3.682s][debug][gc,heap        ] GC(70)   class space    used 63K, committed 128K, reserved 1048576K
[3.682s][info ][gc             ] GC(70) Pause Young (Allocation Failure) 10M->2M(31M) 0.551ms
[3.682s][info ][gc,cpu         ] GC(70) User=0.00s Sys=0.00s Real=0.00s
[3.682s][info ][safepoint      ] Safepoint "GenCollectForAllocation", Time since last: 48023448 ns, Reaching safepoint: 3527 ns, Cleanup: 3612 ns, At safepoint: 603878 ns, Total: 611017 ns
[3.730s][info ][gc,start       ] GC(71) Pause Young (Allocation Failure)
[3.730s][debug][gc,heap        ] GC(71) Heap before GC invocations=71 (full 2):
[3.730s][debug][gc,heap        ] GC(71)  def new generation   total 9920K, used 8832K [0x0000120000200000, 0x0000120000cc0000, 0x000012000aca0000)
[3.730s][debug][gc,heap        ] GC(71)   eden space 8832K, 100% used [0x0000120000200000, 0x0000120000aa0000, 0x0000120000aa0000)
[3.730s][debug][gc,heap        ] GC(71)   from space 1088K,   0% used [0x0000120000bb0000, 0x0000120000bb0180, 0x0000120000cc0000)
[3.730s][debug][gc,heap        ] GC(71)   to   space 1088K,   0% used [0x0000120000aa0000, 0x0000120000aa0000, 0x0000120000bb0000)
[3.730s][debug][gc,heap        ] GC(71)  tenured generation   total 21888K, used 2093K [0x000012000aca0000, 0x000012000c200000, 0x0000120020200000)
[3.730s][debug][gc,heap        ] GC(71)    the space 21888K,   9% used [0x000012000aca0000, 0x000012000aeab4a0, 0x000012000aeab600, 0x000012000c200000)
[3.730s][debug][gc,heap        ] GC(71)  Metaspace       used 369K, committed 512K, reserved 1114112K
[3.730s][debug][gc,heap        ] GC(71)   class space    used 63K, committed 128K, reserved 1048576K
[3.730s][debug][gc,tlab        ] GC(71) TLAB totals: thrds: 2  refills: 101 max: 51 slow allocs: 0 max 0 waste:  0.5% gc: 44704B max: 44704B slow: 2200B max: 1376B
[3.730s][debug][gc,ref         ] GC(71) Skipped SoftWeakFinalRefsPhase of Reference Processing: no references
[3.730s][debug][gc,ref         ] GC(71) Skipped KeepAliveFinalRefsPhase of Reference Processing: no references
[3.730s][debug][gc,ref         ] GC(71) Skipped PhantomRefsPhase of Reference Processing: no references
[3.730s][debug][gc,phases,ref  ] GC(71) Reference Processing: 0.0ms
[3.730s][debug][gc,phases,ref  ] GC(71)   Notify Soft/WeakReferences: 0.0ms
[3.730s][debug][gc,phases,ref  ] GC(71)     SoftRef: skipped
[3.730s][debug][gc,phases,ref  ] GC(71)     WeakRef: skipped
[3.730s][debug][gc,phases,ref  ] GC(71)     FinalRef: skipped
[3.730s][debug][gc,phases,ref  ] GC(71)     Total: skipped
[3.730s][debug][gc,phases,ref  ] GC(71)   Notify and keep alive finalizable: 0.0ms
[3.730s][debug][gc,phases,ref  ] GC(71)     FinalRef: skipped
[3.730s][debug][gc,phases,ref  ] GC(71)   Notify PhantomReferences: 0.0ms
[3.730s][debug][gc,phases,ref  ] GC(71)     PhantomRef: skipped
[3.730s][debug][gc,phases,ref  ] GC(71)   SoftReference Discovered: 0, Dropped: 0, Processed: 0
[3.730s][debug][gc,phases,ref  ] GC(71)   WeakReference Discovered: 0, Dropped: 0, Processed: 0
[3.730s][debug][gc,phases,ref  ] GC(71)   FinalReference Discovered: 0, Dropped: 0, Processed: 0
[3.730s][debug][gc,phases,ref  ] GC(71)   PhantomReference Discovered: 0, Dropped: 0, Processed: 0
[3.730s][debug][gc,age         ] GC(71) Desired survivor size 557056 bytes, new threshold 15 (max threshold 15)
[3.730s][info ][gc,heap        ] GC(71) DefNew: 8832K(9920K)->0K(9920K) Eden: 8832K(8832K)->0K(8832K) From: 0K(1088K)->0K(1088K)
[3.730s][info ][gc,heap        ] GC(71) Tenured: 2093K(21888K)->2093K(21888K)
[3.730s][info ][gc,metaspace   ] GC(71) Metaspace: 369K(512K)->369K(512K) NonClass: 306K(384K)->306K(384K) Class: 63K(128K)->63K(128K)
[3.730s][debug][gc,heap        ] GC(71) Heap after GC invocations=72 (full 2):
[3.730s][debug][gc,heap        ] GC(71)  def new generation   total 9920K, used 0K [0x0000120000200000, 0x0000120000cc0000, 0x000012000aca0000)
[3.730s][debug][gc,heap        ] GC(71)   eden space 8832K,   0% used [0x0000120000200000, 0x0000120000200000, 0x0000120000aa0000)
[3.730s][debug][gc,heap        ] GC(71)   from space 1088K,   0% used [0x0000120000aa0000, 0x0000120000aa0110, 0x0000120000bb0000)
[3.730s][debug][gc,heap        ] GC(71)   to   space 1088K,   0% used [0x0000120000bb0000, 0x0000120000bb0000, 0x0000120000cc0000)
[3.730s][debug][gc,heap        ] GC(71)  tenured generation   total 21888K, used 2093K [0x000012000aca0000, 0x000012000c200000, 0x0000120020200000)
[3.730s][debug][gc,heap        ] GC(71)    the space 21888K,   9% used [0x000012000aca0000, 0x000012000aeab4a0, 0x000012000aeab600, 0x000012000c200000)
[3.730s][debug][gc,heap        ] GC(71)  Metaspace       used 369K, committed 512K, reserved 1114112K
[3.730s][debug][gc,heap        ] GC(71)   class space    used 63K, committed 128K, reserved 1048576K
[3.730s][info ][gc             ] GC(71) Pause Young (Allocation Failure) 10M->2M(31M) 0.567ms
[3.730s][info ][gc,cpu         ] GC(71) User=0.00s Sys=0.00s Real=0.01s
[3.730s][info ][safepoint      ] Safepoint "GenCollectForAllocation", Time since last: 47468325 ns, Reaching safepoint: 77625 ns, Cleanup: 3460 ns, At safepoint: 608405 ns, Total: 689490 ns
[3.778s][info ][gc,start       ] GC(72) Pause Young (Allocation Failure)
[3.778s][debug][gc,heap        ] GC(72) Heap before GC invocations=72 (full 2):
[3.778s][debug][gc,heap        ] GC(72)  def new generation   total 9920K, used 8832K [0x0000120000200000, 0x0000120000cc0000, 0x000012000aca0000)
[3.778s][debug][gc,heap        ] GC(72)   eden space 8832K, 100% used [0x0000120000200000, 0x0000120000aa0000, 0x0000120000aa0000)
[3.778s][debug][gc,heap        ] GC(72)   from space 1088K,   0% used [0x0000120000aa0000, 0x0000120000aa0110, 0x0000120000bb0000)
[3.778s][debug][gc,heap        ] GC(72)   to   space 1088K,   0% used [0x0000120000bb0000, 0x0000120000bb0000, 0x0000120000cc0000)
[3.778s][debug][gc,heap        ] GC(72)  tenured generation   total 21888K, used 2093K [0x000012000aca0000, 0x000012000c200000, 0x0000120020200000)
[3.778s][debug][gc,heap        ] GC(72)    the space 21888K,   9% used [0x000012000aca0000, 0x000012000aeab4a0, 0x000012000aeab600, 0x000012000c200000)
[3.778s][debug][gc,heap        ] GC(72)  Metaspace       used 369K, committed 512K, reserved 1114112K
[3.778s][debug][gc,heap        ] GC(72)   class space    used 63K, committed 128K, reserved 1048576K
[3.778s][debug][gc,tlab        ] GC(72) TLAB totals: thrds: 2  refills: 101 max: 51 slow allocs: 0 max 0 waste:  0.7% gc: 60280B max: 60280B slow: 2744B max: 1400B
[3.778s][debug][gc,ref         ] GC(72) Skipped SoftWeakFinalRefsPhase of Reference Processing: no references
[3.778s][debug][gc,ref         ] GC(72) Skipped KeepAliveFinalRefsPhase of Reference Processing: no references
[3.778s][debug][gc,ref         ] GC(72) Skipped PhantomRefsPhase of Reference Processing: no references
[3.778s][debug][gc,phases,ref  ] GC(72) Reference Processing: 0.0ms
[3.778s][debug][gc,phases,ref  ] GC(72)   Notify Soft/WeakReferences: 0.0ms
[3.778s][debug][gc,phases,ref  ] GC(72)     SoftRef: skipped
[3.778s][debug][gc,phases,ref  ] GC(72)     WeakRef: skipped
[3.778s][debug][gc,phases,ref  ] GC(72)     FinalRef: skipped
[3.778s][debug][gc,phases,ref  ] GC(72)     Total: skipped
[3.778s][debug][gc,phases,ref  ] GC(72)   Notify and keep alive finalizable: 0.0ms
[3.778s][debug][gc,phases,ref  ] GC(72)     FinalRef: skipped
[3.778s][debug][gc,phases,ref  ] GC(72)   Notify PhantomReferences: 0.0ms
[3.778s][debug][gc,phases,ref  ] GC(72)     PhantomRef: skipped
[3.778s][debug][gc,phases,ref  ] GC(72)   SoftReference Discovered: 0, Dropped: 0, Processed: 0
[3.778s][debug][gc,phases,ref  ] GC(72)   WeakReference Discovered: 0, Dropped: 0, Processed: 0
[3.778s][debug][gc,phases,ref  ] GC(72)   FinalReference Discovered: 0, Dropped: 0, Processed: 0
[3.778s][debug][gc,phases,ref  ] GC(72)   PhantomReference Discovered: 0, Dropped: 0, Processed: 0
[3.778s][debug][gc,age         ] GC(72) Desired survivor size 557056 bytes, new threshold 15 (max threshold 15)
[3.778s][info ][gc,heap        ] GC(72) DefNew: 8832K(9920K)->0K(9920K) Eden: 8832K(8832K)->0K(8832K) From: 0K(1088K)->0K(1088K)
[3.778s][info ][gc,heap        ] GC(72) Tenured: 2093K(21888K)->2093K(21888K)
[3.778s][info ][gc,metaspace   ] GC(72) Metaspace: 369K(512K)->369K(512K) NonClass: 306K(384K)->306K(384K) Class: 63K(128K)->63K(128K)
[3.778s][debug][gc,heap        ] GC(72) Heap after GC invocations=73 (full 2):
[3.778s][debug][gc,heap        ] GC(72)  def new generation   total 9920K, used 0K [0x0000120000200000, 0x0000120000cc0000, 0x000012000aca0000)
[3.778s][debug][gc,heap        ] GC(72)   eden space 8832K,   0% used [0x0000120000200000, 0x0000120000200000, 0x0000120000aa0000)
[3.778s][debug][gc,heap        ] GC(72)   from space 1088K,   0% used [0x0000120000bb0000, 0x0000120000bb0120, 0x0000120000cc0000)
[3.778s][debug][gc,heap        ] GC(72)   to   space 1088K,   0% used [0x0000120000aa0000, 0x0000120000aa0000, 0x0000120000bb0000)
[3.778s][debug][gc,heap        ] GC(72)  tenured generation   total 21888K, used 2093K [0x000012000aca0000, 0x000012000c200000, 0x0000120020200000)
[3.778s][debug][gc,heap        ] GC(72)    the space 21888K,   9% used [0x000012000aca0000, 0x000012000aeab4a0, 0x000012000aeab600, 0x000012000c200000)
[3.778s][debug][gc,heap        ] GC(72)  Metaspace       used 369K, committed 512K, reserved 1114112K
[3.778s][debug][gc,heap        ] GC(72)   class space    used 63K, committed 128K, reserved 1048576K
[3.778s][info ][gc             ] GC(72) Pause Young (Allocation Failure) 10M->2M(31M) 0.557ms
[3.778s][info ][gc,cpu         ] GC(72) User=0.00s Sys=0.00s Real=0.00s
[3.778s][info ][safepoint      ] Safepoint "GenCollectForAllocation", Time since last: 47338659 ns, Reaching safepoint: 3284 ns, Cleanup: 3537 ns, At safepoint: 631454 ns, Total: 638275 ns
[3.838s][info ][gc,start       ] GC(73) Pause Young (Allocation Failure)
[3.838s][debug][gc,heap        ] GC(73) Heap before GC invocations=73 (full 2):
[3.838s][debug][gc,heap        ] GC(73)  def new generation   total 9920K, used 8832K [0x0000120000200000, 0x0000120000cc0000, 0x000012000aca0000)
[3.838s][debug][gc,heap        ] GC(73)   eden space 8832K, 100% used [0x0000120000200000, 0x0000120000aa0000, 0x0000120000aa0000)
[3.838s][debug][gc,heap        ] GC(73)   from space 1088K,   0% used [0x0000120000bb0000, 0x0000120000bb0120, 0x0000120000cc0000)
[3.838s][debug][gc,heap        ] GC(73)   to   space 1088K,   0% used [0x0000120000aa0000, 0x0000120000aa0000, 0x0000120000bb0000)
[3.838s][debug][gc,heap        ] GC(73)  tenured generation   total 21888K, used 2093K [0x000012000aca0000, 0x000012000c200000, 0x0000120020200000)
[3.838s][debug][gc,heap        ] GC(73)    the space 21888K,   9% used [0x000012000aca0000, 0x000012000aeab4a0, 0x000012000aeab600, 0x000012000c200000)
[3.838s][debug][gc,heap        ] GC(73)  Metaspace       used 369K, committed 512K, reserved 1114112K
[3.838s][debug][gc,heap        ] GC(73)   class space    used 63K, committed 128K, reserved 1048576K
[3.838s][debug][gc,tlab        ] GC(73) TLAB totals: thrds: 2  refills: 101 max: 63 slow allocs: 0 max 0 waste:  0.8% gc: 67672B max: 67672B slow: 2232B max: 1200B
[3.839s][debug][gc,ref         ] GC(73) Skipped SoftWeakFinalRefsPhase of Reference Processing: no references
[3.839s][debug][gc,ref         ] GC(73) Skipped KeepAliveFinalRefsPhase of Reference Processing: no references
[3.839s][debug][gc,ref         ] GC(73) Skipped PhantomRefsPhase of Reference Processing: no references
[3.839s][debug][gc,phases,ref  ] GC(73) Reference Processing: 0.0ms
[3.839s][debug][gc,phases,ref  ] GC(73)   Notify Soft/WeakReferences: 0.0ms
[3.839s][debug][gc,phases,ref  ] GC(73)     SoftRef: skipped
[3.839s][debug][gc,phases,ref  ] GC(73)     WeakRef: skipped
[3.839s][debug][gc,phases,ref  ] GC(73)     FinalRef: skipped
[3.839s][debug][gc,phases,ref  ] GC(73)     Total: skipped
[3.839s][debug][gc,phases,ref  ] GC(73)   Notify and keep alive finalizable: 0.0ms
[3.839s][debug][gc,phases,ref  ] GC(73)     FinalRef: skipped
[3.839s][debug][gc,phases,ref  ] GC(73)   Notify PhantomReferences: 0.0ms
[3.839s][debug][gc,phases,ref  ] GC(73)     PhantomRef: skipped
[3.839s][debug][gc,phases,ref  ] GC(73)   SoftReference Discovered: 0, Dropped: 0, Processed: 0
[3.839s][debug][gc,phases,ref  ] GC(73)   WeakReference Discovered: 0, Dropped: 0, Processed: 0
[3.839s][debug][gc,phases,ref  ] GC(73)   FinalReference Discovered: 0, Dropped: 0, Processed: 0
[3.839s][debug][gc,phases,ref  ] GC(73)   PhantomReference Discovered: 0, Dropped: 0, Processed: 0
[3.839s][debug][gc,age         ] GC(73) Desired survivor size 557056 bytes, new threshold 15 (max threshold 15)
[3.839s][info ][gc,heap        ] GC(73) DefNew: 8832K(9920K)->0K(9920K) Eden: 8832K(8832K)->0K(8832K) From: 0K(1088K)->0K(1088K)
[3.839s][info ][gc,heap        ] GC(73) Tenured: 2093K(21888K)->2093K(21888K)
[3.839s][info ][gc,metaspace   ] GC(73) Metaspace: 369K(512K)->369K(512K) NonClass: 306K(384K)->306K(384K) Class: 63K(128K)->63K(128K)
[3.839s][debug][gc,heap        ] GC(73) Heap after GC invocations=74 (full 2):
[3.839s][debug][gc,heap        ] GC(73)  def new generation   total 9920K, used 0K [0x0000120000200000, 0x0000120000cc0000, 0x000012000aca0000)
[3.839s][debug][gc,heap        ] GC(73)   eden space 8832K,   0% used [0x0000120000200000, 0x0000120000200000, 0x0000120000aa0000)
[3.839s][debug][gc,heap        ] GC(73)   from space 1088K,   0% used [0x0000120000aa0000, 0x0000120000aa0180, 0x0000120000bb0000)
[3.839s][debug][gc,heap        ] GC(73)   to   space 1088K,   0% used [0x0000120000bb0000, 0x0000120000bb0000, 0x0000120000cc0000)
[3.839s][debug][gc,heap        ] GC(73)  tenured generation   total 21888K, used 2093K [0x000012000aca0000, 0x000012000c200000, 0x0000120020200000)
[3.839s][debug][gc,heap        ] GC(73)    the space 21888K,   9% used [0x000012000aca0000, 0x000012000aeab4a0, 0x000012000aeab600, 0x000012000c200000)
[3.839s][debug][gc,heap        ] GC(73)  Metaspace       used 369K, committed 512K, reserved 1114112K
[3.839s][debug][gc,heap        ] GC(73)   class space    used 63K, committed 128K, reserved 1048576K
[3.839s][info ][gc             ] GC(73) Pause Young (Allocation Failure) 10M->2M(31M) 0.552ms
[3.839s][info ][gc,cpu         ] GC(73) User=0.00s Sys=0.00s Real=0.00s
[3.839s][info ][safepoint      ] Safepoint "GenCollectForAllocation", Time since last: 59927516 ns, Reaching safepoint: 3279 ns, Cleanup: 3548 ns, At safepoint: 609149 ns, Total: 615976 ns
[3.887s][info ][gc,start       ] GC(74) Pause Young (Allocation Failure)
[3.887s][debug][gc,heap        ] GC(74) Heap before GC invocations=74 (full 2):
[3.887s][debug][gc,heap        ] GC(74)  def new generation   total 9920K, used 8832K [0x0000120000200000, 0x0000120000cc0000, 0x000012000aca0000)
[3.887s][debug][gc,heap        ] GC(74)   eden space 8832K, 100% used [0x0000120000200000, 0x0000120000aa0000, 0x0000120000aa0000)
[3.887s][debug][gc,heap        ] GC(74)   from space 1088K,   0% used [0x0000120000aa0000, 0x0000120000aa0180, 0x0000120000bb0000)
[3.887s][debug][gc,heap        ] GC(74)   to   space 1088K,   0% used [0x0000120000bb0000, 0x0000120000bb0000, 0x0000120000cc0000)
[3.887s][debug][gc,heap        ] GC(74)  tenured generation   total 21888K, used 2093K [0x000012000aca0000, 0x000012000c200000, 0x0000120020200000)
[3.887s][debug][gc,heap        ] GC(74)    the space 21888K,   9% used [0x000012000aca0000, 0x000012000aeab4a0, 0x000012000aeab600, 0x000012000c200000)
[3.887s][debug][gc,heap        ] GC(74)  Metaspace       used 369K, committed 512K, reserved 1114112K
[3.887s][debug][gc,heap        ] GC(74)   class space    used 63K, committed 128K, reserved 1048576K
[3.887s][debug][gc,tlab        ] GC(74) TLAB totals: thrds: 2  refills: 102 max: 56 slow allocs: 0 max 0 waste:  0.1% gc: 7520B max: 7520B slow: 2808B max: 1496B
[3.887s][debug][gc,ref         ] GC(74) Skipped SoftWeakFinalRefsPhase of Reference Processing: no references
[3.887s][debug][gc,ref         ] GC(74) Skipped KeepAliveFinalRefsPhase of Reference Processing: no references
[3.887s][debug][gc,ref         ] GC(74) Skipped PhantomRefsPhase of Reference Processing: no references
[3.887s][debug][gc,phases,ref  ] GC(74) Reference Processing: 0.0ms
[3.887s][debug][gc,phases,ref  ] GC(74)   Notify Soft/WeakReferences: 0.0ms
[3.887s][debug][gc,phases,ref  ] GC(74)     SoftRef: skipped
[3.887s][debug][gc,phases,ref  ] GC(74)     WeakRef: skipped
[3.887s][debug][gc,phases,ref  ] GC(74)     FinalRef: skipped
[3.887s][debug][gc,phases,ref  ] GC(74)     Total: skipped
[3.887s][debug][gc,phases,ref  ] GC(74)   Notify and keep alive finalizable: 0.0ms
[3.887s][debug][gc,phases,ref  ] GC(74)     FinalRef: skipped
[3.887s][debug][gc,phases,ref  ] GC(74)   Notify PhantomReferences: 0.0ms
[3.887s][debug][gc,phases,ref  ] GC(74)     PhantomRef: skipped
[3.887s][debug][gc,phases,ref  ] GC(74)   SoftReference Discovered: 0, Dropped: 0, Processed: 0
[3.887s][debug][gc,phases,ref  ] GC(74)   WeakReference Discovered: 0, Dropped: 0, Processed: 0
[3.887s][debug][gc,phases,ref  ] GC(74)   FinalReference Discovered: 0, Dropped: 0, Processed: 0
[3.887s][debug][gc,phases,ref  ] GC(74)   PhantomReference Discovered: 0, Dropped: 0, Processed: 0
[3.887s][debug][gc,age         ] GC(74) Desired survivor size 557056 bytes, new threshold 15 (max threshold 15)
[3.887s][info ][gc,heap        ] GC(74) DefNew: 8832K(9920K)->0K(9920K) Eden: 8832K(8832K)->0K(8832K) From: 0K(1088K)->0K(1088K)
[3.888s][info ][gc,heap        ] GC(74) Tenured: 2093K(21888K)->2093K(21888K)
[3.888s][info ][gc,metaspace   ] GC(74) Metaspace: 369K(512K)->369K(512K) NonClass: 306K(384K)->306K(384K) Class: 63K(128K)->63K(128K)
[3.888s][debug][gc,heap        ] GC(74) Heap after GC invocations=75 (full 2):
[3.888s][debug][gc,heap        ] GC(74)  def new generation   total 9920K, used 0K [0x0000120000200000, 0x0000120000cc0000, 0x000012000aca0000)
[3.888s][debug][gc,heap        ] GC(74)   eden space 8832K,   0% used [0x0000120000200000, 0x0000120000200000, 0x0000120000aa0000)
[3.888s][debug][gc,heap        ] GC(74)   from space 1088K,   0% used [0x0000120000bb0000, 0x0000120000bb00d0, 0x0000120000cc0000)
[3.888s][debug][gc,heap        ] GC(74)   to   space 1088K,   0% used [0x0000120000aa0000, 0x0000120000aa0000, 0x0000120000bb0000)
[3.888s][debug][gc,heap        ] GC(74)  tenured generation   total 21888K, used 2093K [0x000012000aca0000, 0x000012000c200000, 0x0000120020200000)
[3.888s][debug][gc,heap        ] GC(74)    the space 21888K,   9% used [0x000012000aca0000, 0x000012000aeab4a0, 0x000012000aeab600, 0x000012000c200000)
[3.888s][debug][gc,heap        ] GC(74)  Metaspace       used 369K, committed 512K, reserved 1114112K
[3.888s][debug][gc,heap        ] GC(74)   class space    used 63K, committed 128K, reserved 1048576K
[3.888s][info ][gc             ] GC(74) Pause Young (Allocation Failure) 10M->2M(31M) 0.667ms
[3.888s][info ][gc,cpu         ] GC(74) User=0.01s Sys=0.00s Real=0.00s
[3.888s][info ][safepoint      ] Safepoint "GenCollectForAllocation", Time since last: 47989361 ns, Reaching safepoint: 76672 ns, Cleanup: 3431 ns, At safepoint: 709571 ns, Total: 789674 ns
[3.936s][info ][gc,start       ] GC(75) Pause Young (Allocation Failure)
[3.936s][debug][gc,heap        ] GC(75) Heap before GC invocations=75 (full 2):
[3.936s][debug][gc,heap        ] GC(75)  def new generation   total 9920K, used 8832K [0x0000120000200000, 0x0000120000cc0000, 0x000012000aca0000)
[3.936s][debug][gc,heap        ] GC(75)   eden space 8832K,  99% used [0x0000120000200000, 0x0000120000a9fff0, 0x0000120000aa0000)
[3.936s][debug][gc,heap        ] GC(75)   from space 1088K,   0% used [0x0000120000bb0000, 0x0000120000bb00d0, 0x0000120000cc0000)
[3.936s][debug][gc,heap        ] GC(75)   to   space 1088K,   0% used [0x0000120000aa0000, 0x0000120000aa0000, 0x0000120000bb0000)
[3.936s][debug][gc,heap        ] GC(75)  tenured generation   total 21888K, used 2093K [0x000012000aca0000, 0x000012000c200000, 0x0000120020200000)
[3.936s][debug][gc,heap        ] GC(75)    the space 21888K,   9% used [0x000012000aca0000, 0x000012000aeab4a0, 0x000012000aeab600, 0x000012000c200000)
[3.936s][debug][gc,heap        ] GC(75)  Metaspace       used 369K, committed 512K, reserved 1114112K
[3.936s][debug][gc,heap        ] GC(75)   class space    used 63K, committed 128K, reserved 1048576K
[3.936s][debug][gc,tlab        ] GC(75) TLAB totals: thrds: 2  refills: 101 max: 54 slow allocs: 0 max 0 waste:  0.7% gc: 56592B max: 56592B slow: 2352B max: 1504B
[3.936s][debug][gc,ref         ] GC(75) Skipped SoftWeakFinalRefsPhase of Reference Processing: no references
[3.936s][debug][gc,ref         ] GC(75) Skipped KeepAliveFinalRefsPhase of Reference Processing: no references
[3.936s][debug][gc,ref         ] GC(75) Skipped PhantomRefsPhase of Reference Processing: no references
[3.936s][debug][gc,phases,ref  ] GC(75) Reference Processing: 0.0ms
[3.936s][debug][gc,phases,ref  ] GC(75)   Notify Soft/WeakReferences: 0.0ms
[3.936s][debug][gc,phases,ref  ] GC(75)     SoftRef: skipped
[3.936s][debug][gc,phases,ref  ] GC(75)     WeakRef: skipped
[3.936s][debug][gc,phases,ref  ] GC(75)     FinalRef: skipped
[3.936s][debug][gc,phases,ref  ] GC(75)     Total: skipped
[3.936s][debug][gc,phases,ref  ] GC(75)   Notify and keep alive finalizable: 0.0ms
[3.936s][debug][gc,phases,ref  ] GC(75)     FinalRef: skipped
[3.936s][debug][gc,phases,ref  ] GC(75)   Notify PhantomReferences: 0.0ms
[3.936s][debug][gc,phases,ref  ] GC(75)     PhantomRef: skipped
[3.936s][debug][gc,phases,ref  ] GC(75)   SoftReference Discovered: 0, Dropped: 0, Processed: 0
[3.936s][debug][gc,phases,ref  ] GC(75)   WeakReference Discovered: 0, Dropped: 0, Processed: 0
[3.936s][debug][gc,phases,ref  ] GC(75)   FinalReference Discovered: 0, Dropped: 0, Processed: 0
[3.936s][debug][gc,phases,ref  ] GC(75)   PhantomReference Discovered: 0, Dropped: 0, Processed: 0
[3.936s][debug][gc,age         ] GC(75) Desired survivor size 557056 bytes, new threshold 15 (max threshold 15)
[3.936s][info ][gc,heap        ] GC(75) DefNew: 8832K(9920K)->0K(9920K) Eden: 8831K(8832K)->0K(8832K) From: 0K(1088K)->0K(1088K)
[3.936s][info ][gc,heap        ] GC(75) Tenured: 2093K(21888K)->2093K(21888K)
[3.936s][info ][gc,metaspace   ] GC(75) Metaspace: 369K(512K)->369K(512K) NonClass: 306K(384K)->306K(384K) Class: 63K(128K)->63K(128K)
[3.936s][debug][gc,heap        ] GC(75) Heap after GC invocations=76 (full 2):
[3.936s][debug][gc,heap        ] GC(75)  def new generation   total 9920K, used 0K [0x0000120000200000, 0x0000120000cc0000, 0x000012000aca0000)
[3.936s][debug][gc,heap        ] GC(75)   eden space 8832K,   0% used [0x0000120000200000, 0x0000120000200000, 0x0000120000aa0000)
[3.936s][debug][gc,heap        ] GC(75)   from space 1088K,   0% used [0x0000120000aa0000, 0x0000120000aa0100, 0x0000120000bb0000)
[3.936s][debug][gc,heap        ] GC(75)   to   space 1088K,   0% used [0x0000120000bb0000, 0x0000120000bb0000, 0x0000120000cc0000)
[3.936s][debug][gc,heap        ] GC(75)  tenured generation   total 21888K, used 2093K [0x000012000aca0000, 0x000012000c200000, 0x0000120020200000)
[3.936s][debug][gc,heap        ] GC(75)    the space 21888K,   9% used [0x000012000aca0000, 0x000012000aeab4a0, 0x000012000aeab600, 0x000012000c200000)
[3.936s][debug][gc,heap        ] GC(75)  Metaspace       used 369K, committed 512K, reserved 1114112K
[3.936s][debug][gc,heap        ] GC(75)   class space    used 63K, committed 128K, reserved 1048576K
[3.936s][info ][gc             ] GC(75) Pause Young (Allocation Failure) 10M->2M(31M) 0.595ms
[3.936s][info ][gc,cpu         ] GC(75) User=0.00s Sys=0.00s Real=0.00s
[3.936s][info ][safepoint      ] Safepoint "GenCollectForAllocation", Time since last: 47966178 ns, Reaching safepoint: 78175 ns, Cleanup: 4286 ns, At safepoint: 638851 ns, Total: 721312 ns
[3.959s][info ][gc,start       ] GC(76) Pause Full (System.gc())
[3.959s][debug][gc,heap        ] GC(76) Heap before GC invocations=76 (full 2):
[3.959s][debug][gc,heap        ] GC(76)  def new generation   total 9920K, used 4039K [0x0000120000200000, 0x0000120000cc0000, 0x000012000aca0000)
[3.959s][debug][gc,heap        ] GC(76)   eden space 8832K,  45% used [0x0000120000200000, 0x00001200005f1dc8, 0x0000120000aa0000)
[3.959s][debug][gc,heap        ] GC(76)   from space 1088K,   0% used [0x0000120000aa0000, 0x0000120000aa0100, 0x0000120000bb0000)
[3.959s][debug][gc,heap        ] GC(76)   to   space 1088K,   0% used [0x0000120000bb0000, 0x0000120000bb0000, 0x0000120000cc0000)
[3.959s][debug][gc,heap        ] GC(76)  tenured generation   total 21888K, used 2093K [0x000012000aca0000, 0x000012000c200000, 0x0000120020200000)
[3.959s][debug][gc,heap        ] GC(76)    the space 21888K,   9% used [0x000012000aca0000, 0x000012000aeab4a0, 0x000012000aeab600, 0x000012000c200000)
[3.959s][debug][gc,heap        ] GC(76)  Metaspace       used 369K, committed 512K, reserved 1114112K
[3.959s][debug][gc,heap        ] GC(76)   class space    used 63K, committed 128K, reserved 1048576K
[3.959s][debug][gc,tlab        ] GC(76) TLAB totals: thrds: 2  refills: 46 max: 24 slow allocs: 0 max 0 waste:  0.7% gc: 27288B max: 25672B slow: 1008B max: 576B
[3.959s][info ][gc,phases,start] GC(76) Phase 1: Mark live objects
[3.963s][debug][gc,phases,start] GC(76) Reference Processing
[3.963s][debug][gc,ref         ] GC(76) ReferenceProcessor::execute queues: 1, RefProcThreadModel::Single, marks_oops_alive: false
[3.963s][debug][gc,ref         ] GC(76) Skipped KeepAliveFinalRefsPhase of Reference Processing: no references
[3.963s][debug][gc,ref         ] GC(76) ReferenceProcessor::execute queues: 1, RefProcThreadModel::Single, marks_oops_alive: false
[3.963s][debug][gc,phases,ref  ] GC(76) Reference Processing: 0.1ms
[3.963s][debug][gc,phases,ref  ] GC(76)   Notify Soft/WeakReferences: 0.1ms
[3.963s][debug][gc,phases,ref  ] GC(76)     SoftRef: 0.0ms
[3.963s][debug][gc,phases,ref  ] GC(76)     WeakRef: 0.0ms
[3.963s][debug][gc,phases,ref  ] GC(76)     FinalRef: 0.0ms
[3.963s][debug][gc,phases,ref  ] GC(76)     Total: 0.0ms
[3.963s][debug][gc,phases,ref  ] GC(76)   Notify and keep alive finalizable: 0.0ms
[3.963s][debug][gc,phases,ref  ] GC(76)     FinalRef: skipped
[3.963s][debug][gc,phases,ref  ] GC(76)   Notify PhantomReferences: 0.0ms
[3.963s][debug][gc,phases,ref  ] GC(76)     PhantomRef: 0.0ms
[3.963s][debug][gc,phases,ref  ] GC(76)   SoftReference Discovered: 0, Dropped: 0, Processed: 0
[3.963s][debug][gc,phases,ref  ] GC(76)   WeakReference Discovered: 11, Dropped: 11, Processed: 0
[3.963s][debug][gc,phases,ref  ] GC(76)   FinalReference Discovered: 0, Dropped: 0, Processed: 0
[3.963s][debug][gc,phases,ref  ] GC(76)   PhantomReference Discovered: 4, Dropped: 4, Processed: 0
[3.963s][debug][gc,phases      ] GC(76) Reference Processing 0.117ms
[3.963s][debug][gc,phases,start] GC(76) Weak Processing
[3.963s][debug][gc,phases      ] GC(76) Weak Processing 0.017ms
[3.963s][debug][gc,phases,start] GC(76) Class Unloading
[3.963s][debug][gc,phases,start] GC(76) ClassLoaderData
[3.963s][debug][gc,phases      ] GC(76) ClassLoaderData 0.004ms
[3.963s][debug][gc,phases,start] GC(76) Trigger cleanups
[3.963s][debug][gc,phases      ] GC(76) Trigger cleanups 0.002ms
[3.963s][debug][gc,phases,start] GC(76) Purge Unlinked NMethods
[3.963s][debug][gc,phases      ] GC(76) Purge Unlinked NMethods 0.003ms
[3.963s][debug][gc,phases,start] GC(76) Unregister NMethods
[3.963s][debug][gc,phases      ] GC(76) Unregister NMethods 0.002ms
[3.963s][debug][gc,phases,start] GC(76) Free Code Blobs
[3.963s][debug][gc,phases      ] GC(76) Free Code Blobs 0.003ms
[3.963s][debug][gc,phases      ] GC(76) Class Unloading 0.052ms
[3.963s][debug][gc,phases,start] GC(76) Report Object Count
[3.963s][debug][gc,phases      ] GC(76) Report Object Count 0.003ms
[3.963s][info ][gc,phases      ] GC(76) Phase 1: Mark live objects 4.251ms
[3.963s][info ][gc,phases,start] GC(76) Phase 2: Compute new object addresses
[3.964s][info ][gc,phases      ] GC(76) Phase 2: Compute new object addresses 1.198ms
[3.964s][info ][gc,phases,start] GC(76) Phase 3: Adjust pointers
[3.965s][info ][gc,phases      ] GC(76) Phase 3: Adjust pointers 0.636ms
[3.965s][info ][gc,phases,start] GC(76) Phase 4: Move objects
[3.965s][info ][gc,phases      ] GC(76) Phase 4: Move objects 0.004ms
[3.965s][info ][gc,heap        ] GC(76) DefNew: 4039K(9920K)->0K(9920K) Eden: 4039K(8832K)->0K(8832K) From: 0K(1088K)->0K(1088K)
[3.965s][info ][gc,heap        ] GC(76) Tenured: 2093K(21888K)->2093K(21888K)
[3.965s][info ][gc,metaspace   ] GC(76) Metaspace: 369K(512K)->369K(512K) NonClass: 306K(384K)->306K(384K) Class: 63K(128K)->63K(128K)
[3.965s][debug][gc,heap        ] GC(76) Heap after GC invocations=77 (full 3):
[3.965s][debug][gc,heap        ] GC(76)  def new generation   total 9920K, used 0K [0x0000120000200000, 0x0000120000cc0000, 0x000012000aca0000)
[3.965s][debug][gc,heap        ] GC(76)   eden space 8832K,   0% used [0x0000120000200000, 0x0000120000200000, 0x0000120000aa0000)
[3.965s][debug][gc,heap        ] GC(76)   from space 1088K,   0% used [0x0000120000aa0000, 0x0000120000aa0000, 0x0000120000bb0000)
[3.965s][debug][gc,heap        ] GC(76)   to   space 1088K,   0% used [0x0000120000bb0000, 0x0000120000bb0000, 0x0000120000cc0000)
[3.965s][debug][gc,heap        ] GC(76)  tenured generation   total 21888K, used 2093K [0x000012000aca0000, 0x000012000c200000, 0x0000120020200000)
[3.965s][debug][gc,heap        ] GC(76)    the space 21888K,   9% used [0x000012000aca0000, 0x000012000aeab560, 0x000012000aeab600, 0x000012000c200000)
[3.965s][debug][gc,heap        ] GC(76)  Metaspace       used 369K, committed 512K, reserved 1114112K
[3.965s][debug][gc,heap        ] GC(76)   class space    used 63K, committed 128K, reserved 1048576K
[3.965s][info ][gc             ] GC(76) Pause Full (System.gc()) 5M->2M(31M) 6.341ms
[3.965s][info ][gc,cpu         ] GC(76) User=0.00s Sys=0.00s Real=0.01s
[3.965s][info ][safepoint      ] Safepoint "GenCollectFull", Time since last: 22090588 ns, Reaching safepoint: 76047 ns, Cleanup: 3412 ns, At safepoint: 6361496 ns, Total: 6440955 ns
[3.970s][info ][gc,start       ] GC(77) Pause Full (System.gc())
[3.970s][debug][gc,heap        ] GC(77) Heap before GC invocations=77 (full 3):
[3.970s][debug][gc,heap        ] GC(77)  def new generation   total 9920K, used 535K [0x0000120000200000, 0x0000120000cc0000, 0x000012000aca0000)
[3.970s][debug][gc,heap        ] GC(77)   eden space 8832K,   6% used [0x0000120000200000, 0x0000120000285e30, 0x0000120000aa0000)
[3.970s][debug][gc,heap        ] GC(77)   from space 1088K,   0% used [0x0000120000aa0000, 0x0000120000aa0000, 0x0000120000bb0000)
[3.970s][debug][gc,heap        ] GC(77)   to   space 1088K,   0% used [0x0000120000bb0000, 0x0000120000bb0000, 0x0000120000cc0000)
[3.970s][debug][gc,heap        ] GC(77)  tenured generation   total 21888K, used 2093K [0x000012000aca0000, 0x000012000c200000, 0x0000120020200000)
[3.970s][debug][gc,heap        ] GC(77)    the space 21888K,   9% used [0x000012000aca0000, 0x000012000aeab560, 0x000012000aeab600, 0x000012000c200000)
[3.970s][debug][gc,heap        ] GC(77)  Metaspace       used 369K, committed 512K, reserved 1114112K
[3.970s][debug][gc,heap        ] GC(77)   class space    used 63K, committed 128K, reserved 1048576K
[3.970s][debug][gc,tlab        ] GC(77) TLAB totals: thrds: 2  refills: 6 max: 4 slow allocs: 0 max 0 waste: 10.7% gc: 58424B max: 50816B slow: 88B max: 64B
[3.970s][info ][gc,phases,start] GC(77) Phase 1: Mark live objects
[3.972s][debug][gc,phases,start] GC(77) Reference Processing
[3.972s][debug][gc,ref         ] GC(77) ReferenceProcessor::execute queues: 1, RefProcThreadModel::Single, marks_oops_alive: false
[3.972s][debug][gc,ref         ] GC(77) Skipped KeepAliveFinalRefsPhase of Reference Processing: no references
[3.972s][debug][gc,ref         ] GC(77) ReferenceProcessor::execute queues: 1, RefProcThreadModel::Single, marks_oops_alive: false
[3.972s][debug][gc,phases,ref  ] GC(77) Reference Processing: 0.0ms
[3.972s][debug][gc,phases,ref  ] GC(77)   Notify Soft/WeakReferences: 0.0ms
[3.972s][debug][gc,phases,ref  ] GC(77)     SoftRef: 0.0ms
[3.972s][debug][gc,phases,ref  ] GC(77)     WeakRef: 0.0ms
[3.972s][debug][gc,phases,ref  ] GC(77)     FinalRef: 0.0ms
[3.972s][debug][gc,phases,ref  ] GC(77)     Total: 0.0ms
[3.972s][debug][gc,phases,ref  ] GC(77)   Notify and keep alive finalizable: 0.0ms
[3.972s][debug][gc,phases,ref  ] GC(77)     FinalRef: skipped
[3.972s][debug][gc,phases,ref  ] GC(77)   Notify PhantomReferences: 0.0ms
[3.972s][debug][gc,phases,ref  ] GC(77)     PhantomRef: 0.0ms
[3.972s][debug][gc,phases,ref  ] GC(77)   SoftReference Discovered: 0, Dropped: 0, Processed: 0
[3.972s][debug][gc,phases,ref  ] GC(77)   WeakReference Discovered: 11, Dropped: 11, Processed: 0
[3.972s][debug][gc,phases,ref  ] GC(77)   FinalReference Discovered: 0, Dropped: 0, Processed: 0
[3.972s][debug][gc,phases,ref  ] GC(77)   PhantomReference Discovered: 4, Dropped: 4, Processed: 0
[3.972s][debug][gc,phases      ] GC(77) Reference Processing 0.078ms
[3.972s][debug][gc,phases,start] GC(77) Weak Processing
[3.972s][debug][gc,phases      ] GC(77) Weak Processing 0.011ms
[3.972s][debug][gc,phases,start] GC(77) Class Unloading
[3.972s][debug][gc,phases,start] GC(77) ClassLoaderData
[3.972s][debug][gc,phases      ] GC(77) ClassLoaderData 0.004ms
[3.972s][debug][gc,phases,start] GC(77) Trigger cleanups
[3.972s][debug][gc,phases      ] GC(77) Trigger cleanups 0.003ms
[3.972s][debug][gc,phases,start] GC(77) Purge Unlinked NMethods
[3.972s][debug][gc,phases      ] GC(77) Purge Unlinked NMethods 0.003ms
[3.972s][debug][gc,phases,start] GC(77) Unregister NMethods
[3.972s][debug][gc,phases      ] GC(77) Unregister NMethods 0.003ms
[3.972s][debug][gc,phases,start] GC(77) Free Code Blobs
[3.972s][debug][gc,phases      ] GC(77) Free Code Blobs 0.003ms
[3.972s][debug][gc,phases      ] GC(77) Class Unloading 0.043ms
[3.972s][debug][gc,phases,start] GC(77) Report Object Count
[3.972s][debug][gc,phases      ] GC(77) Report Object Count 0.003ms
[3.972s][info ][gc,phases      ] GC(77) Phase 1: Mark live objects 1.537ms
[3.972s][info ][gc,phases,start] GC(77) Phase 2: Compute new object addresses
[3.972s][info ][gc,phases      ] GC(77) Phase 2: Compute new object addresses 0.546ms
[3.972s][info ][gc,phases,start] GC(77) Phase 3: Adjust pointers
[3.973s][info ][gc,phases      ] GC(77) Phase 3: Adjust pointers 0.797ms
[3.973s][info ][gc,phases,start] GC(77) Phase 4: Move objects
[3.974s][info ][gc,phases      ] GC(77) Phase 4: Move objects 0.334ms
[3.974s][info ][gc,heap        ] GC(77) DefNew: 535K(9920K)->0K(9920K) Eden: 535K(8832K)->0K(8832K) From: 0K(1088K)->0K(1088K)
[3.974s][info ][gc,heap        ] GC(77) Tenured: 2093K(21888K)->2071K(21888K)
[3.974s][info ][gc,metaspace   ] GC(77) Metaspace: 369K(512K)->369K(512K) NonClass: 306K(384K)->306K(384K) Class: 63K(128K)->63K(128K)
[3.974s][debug][gc,heap        ] GC(77) Heap after GC invocations=78 (full 4):
[3.974s][debug][gc,heap        ] GC(77)  def new generation   total 9920K, used 0K [0x0000120000200000, 0x0000120000cc0000, 0x000012000aca0000)
[3.974s][debug][gc,heap        ] GC(77)   eden space 8832K,   0% used [0x0000120000200000, 0x0000120000200000, 0x0000120000aa0000)
[3.974s][debug][gc,heap        ] GC(77)   from space 1088K,   0% used [0x0000120000aa0000, 0x0000120000aa0000, 0x0000120000bb0000)
[3.974s][debug][gc,heap        ] GC(77)   to   space 1088K,   0% used [0x0000120000bb0000, 0x0000120000bb0000, 0x0000120000cc0000)
[3.974s][debug][gc,heap        ] GC(77)  tenured generation   total 21888K, used 2071K [0x000012000aca0000, 0x000012000c200000, 0x0000120020200000)
[3.974s][debug][gc,heap        ] GC(77)    the space 21888K,   9% used [0x000012000aca0000, 0x000012000aea5db8, 0x000012000aea5e00, 0x000012000c200000)
[3.974s][debug][gc,heap        ] GC(77)  Metaspace       used 369K, committed 512K, reserved 1114112K
[3.974s][debug][gc,heap        ] GC(77)   class space    used 63K, committed 128K, reserved 1048576K
[3.974s][info ][gc             ] GC(77) Pause Full (System.gc()) 2M->2M(31M) 3.354ms
[3.974s][info ][gc,cpu         ] GC(77) User=0.01s Sys=0.00s Real=0.00s
[3.974s][info ][safepoint      ] Safepoint "GenCollectFull", Time since last: 5369059 ns, Reaching safepoint: 35473 ns, Cleanup: 1590 ns, At safepoint: 3372079 ns, Total: 3409142 ns
[4.034s][info ][gc,start       ] GC(78) Pause Young (Allocation Failure)
[4.034s][debug][gc,heap        ] GC(78) Heap before GC invocations=78 (full 4):
[4.034s][debug][gc,heap        ] GC(78)  def new generation   total 9920K, used 8832K [0x0000120000200000, 0x0000120000cc0000, 0x000012000aca0000)
[4.034s][debug][gc,heap        ] GC(78)   eden space 8832K, 100% used [0x0000120000200000, 0x0000120000aa0000, 0x0000120000aa0000)
[4.034s][debug][gc,heap        ] GC(78)   from space 1088K,   0% used [0x0000120000aa0000, 0x0000120000aa0000, 0x0000120000bb0000)
[4.034s][debug][gc,heap        ] GC(78)   to   space 1088K,   0% used [0x0000120000bb0000, 0x0000120000bb0000, 0x0000120000cc0000)
[4.034s][debug][gc,heap        ] GC(78)  tenured generation   total 21888K, used 2071K [0x000012000aca0000, 0x000012000c200000, 0x0000120020200000)
[4.034s][debug][gc,heap        ] GC(78)    the space 21888K,   9% used [0x000012000aca0000, 0x000012000aea5db8, 0x000012000aea5e00, 0x000012000c200000)
[4.034s][debug][gc,heap        ] GC(78)  Metaspace       used 369K, committed 512K, reserved 1114112K
[4.034s][debug][gc,heap        ] GC(78)   class space    used 63K, committed 128K, reserved 1048576K
[4.034s][debug][gc,tlab        ] GC(78) TLAB totals: thrds: 2  refills: 101 max: 55 slow allocs: 0 max 0 waste:  0.3% gc: 21648B max: 21648B slow: 2288B max: 1152B
[4.034s][debug][gc,ref         ] GC(78) Skipped SoftWeakFinalRefsPhase of Reference Processing: no references
[4.034s][debug][gc,ref         ] GC(78) Skipped KeepAliveFinalRefsPhase of Reference Processing: no references
[4.034s][debug][gc,ref         ] GC(78) Skipped PhantomRefsPhase of Reference Processing: no references
[4.034s][debug][gc,phases,ref  ] GC(78) Reference Processing: 0.0ms
[4.034s][debug][gc,phases,ref  ] GC(78)   Notify Soft/WeakReferences: 0.0ms
[4.034s][debug][gc,phases,ref  ] GC(78)     SoftRef: skipped
[4.034s][debug][gc,phases,ref  ] GC(78)     WeakRef: skipped
[4.034s][debug][gc,phases,ref  ] GC(78)     FinalRef: skipped
[4.034s][debug][gc,phases,ref  ] GC(78)     Total: skipped
[4.034s][debug][gc,phases,ref  ] GC(78)   Notify and keep alive finalizable: 0.0ms
[4.034s][debug][gc,phases,ref  ] GC(78)     FinalRef: skipped
[4.034s][debug][gc,phases,ref  ] GC(78)   Notify PhantomReferences: 0.0ms
[4.034s][debug][gc,phases,ref  ] GC(78)     PhantomRef: skipped
[4.034s][debug][gc,phases,ref  ] GC(78)   SoftReference Discovered: 0, Dropped: 0, Processed: 0
[4.034s][debug][gc,phases,ref  ] GC(78)   WeakReference Discovered: 0, Dropped: 0, Processed: 0
[4.034s][debug][gc,phases,ref  ] GC(78)   FinalReference Discovered: 0, Dropped: 0, Processed: 0
[4.034s][debug][gc,phases,ref  ] GC(78)   PhantomReference Discovered: 0, Dropped: 0, Processed: 0
[4.034s][debug][gc,age         ] GC(78) Desired survivor size 557056 bytes, new threshold 15 (max threshold 15)
[4.034s][info ][gc,heap        ] GC(78) DefNew: 8832K(9920K)->0K(9920K) Eden: 8832K(8832K)->0K(8832K) From: 0K(1088K)->0K(1088K)
[4.034s][info ][gc,heap        ] GC(78) Tenured: 2071K(21888K)->2071K(21888K)
[4.034s][info ][gc,metaspace   ] GC(78) Metaspace: 369K(512K)->369K(512K) NonClass: 306K(384K)->306K(384K) Class: 63K(128K)->63K(128K)
[4.034s][debug][gc,heap        ] GC(78) Heap after GC invocations=79 (full 4):
[4.034s][debug][gc,heap        ] GC(78)  def new generation   total 9920K, used 0K [0x0000120000200000, 0x0000120000cc0000, 0x000012000aca0000)
[4.034s][debug][gc,heap        ] GC(78)   eden space 8832K,   0% used [0x0000120000200000, 0x0000120000200000, 0x0000120000aa0000)
[4.034s][debug][gc,heap        ] GC(78)   from space 1088K,   0% used [0x0000120000bb0000, 0x0000120000bb0100, 0x0000120000cc0000)
[4.034s][debug][gc,heap        ] GC(78)   to   space 1088K,   0% used [0x0000120000aa0000, 0x0000120000aa0000, 0x0000120000bb0000)
[4.034s][debug][gc,heap        ] GC(78)  tenured generation   total 21888K, used 2071K [0x000012000aca0000, 0x000012000c200000, 0x0000120020200000)
[4.034s][debug][gc,heap        ] GC(78)    the space 21888K,   9% used [0x000012000aca0000, 0x000012000aea5db8, 0x000012000aea5e00, 0x000012000c200000)
[4.034s][debug][gc,heap        ] GC(78)  Metaspace       used 369K, committed 512K, reserved 1114112K
[4.034s][debug][gc,heap        ] GC(78)   class space    used 63K, committed 128K, reserved 1048576K
[4.034s][info ][gc             ] GC(78) Pause Young (Allocation Failure) 10M->2M(31M) 0.234ms
[4.034s][info ][gc,cpu         ] GC(78) User=0.00s Sys=0.00s Real=0.00s
[4.034s][info ][safepoint      ] Safepoint "GenCollectForAllocation", Time since last: 60026803 ns, Reaching safepoint: 67086 ns, Cleanup: 1679 ns, At safepoint: 251471 ns, Total: 320236 ns
[4.082s][info ][gc,start       ] GC(79) Pause Young (Allocation Failure)
[4.082s][debug][gc,heap        ] GC(79) Heap before GC invocations=79 (full 4):
[4.082s][debug][gc,heap        ] GC(79)  def new generation   total 9920K, used 8832K [0x0000120000200000, 0x0000120000cc0000, 0x000012000aca0000)
[4.082s][debug][gc,heap        ] GC(79)   eden space 8832K, 100% used [0x0000120000200000, 0x0000120000aa0000, 0x0000120000aa0000)
[4.082s][debug][gc,heap        ] GC(79)   from space 1088K,   0% used [0x0000120000bb0000, 0x0000120000bb0100, 0x0000120000cc0000)
[4.082s][debug][gc,heap        ] GC(79)   to   space 1088K,   0% used [0x0000120000aa0000, 0x0000120000aa0000, 0x0000120000bb0000)
[4.082s][debug][gc,heap        ] GC(79)  tenured generation   total 21888K, used 2071K [0x000012000aca0000, 0x000012000c200000, 0x0000120020200000)
[4.082s][debug][gc,heap        ] GC(79)    the space 21888K,   9% used [0x000012000aca0000, 0x000012000aea5db8, 0x000012000aea5e00, 0x000012000c200000)
[4.082s][debug][gc,heap        ] GC(79)  Metaspace       used 369K, committed 512K, reserved 1114112K
[4.082s][debug][gc,heap        ] GC(79)   class space    used 63K, committed 128K, reserved 1048576K
[4.082s][debug][gc,tlab        ] GC(79) TLAB totals: thrds: 2  refills: 101 max: 54 slow allocs: 0 max 0 waste:  0.2% gc: 14848B max: 14848B slow: 2952B max: 2160B
[4.082s][debug][gc,ref         ] GC(79) Skipped SoftWeakFinalRefsPhase of Reference Processing: no references
[4.082s][debug][gc,ref         ] GC(79) Skipped KeepAliveFinalRefsPhase of Reference Processing: no references
[4.082s][debug][gc,ref         ] GC(79) Skipped PhantomRefsPhase of Reference Processing: no references
[4.082s][debug][gc,phases,ref  ] GC(79) Reference Processing: 0.0ms
[4.082s][debug][gc,phases,ref  ] GC(79)   Notify Soft/WeakReferences: 0.0ms
[4.082s][debug][gc,phases,ref  ] GC(79)     SoftRef: skipped
[4.082s][debug][gc,phases,ref  ] GC(79)     WeakRef: skipped
[4.082s][debug][gc,phases,ref  ] GC(79)     FinalRef: skipped
[4.082s][debug][gc,phases,ref  ] GC(79)     Total: skipped
[4.082s][debug][gc,phases,ref  ] GC(79)   Notify and keep alive finalizable: 0.0ms
[4.082s][debug][gc,phases,ref  ] GC(79)     FinalRef: skipped
[4.082s][debug][gc,phases,ref  ] GC(79)   Notify PhantomReferences: 0.0ms
[4.082s][debug][gc,phases,ref  ] GC(79)     PhantomRef: skipped
[4.082s][debug][gc,phases,ref  ] GC(79)   SoftReference Discovered: 0, Dropped: 0, Processed: 0
[4.082s][debug][gc,phases,ref  ] GC(79)   WeakReference Discovered: 0, Dropped: 0, Processed: 0
[4.082s][debug][gc,phases,ref  ] GC(79)   FinalReference Discovered: 0, Dropped: 0, Processed: 0
[4.082s][debug][gc,phases,ref  ] GC(79)   PhantomReference Discovered: 0, Dropped: 0, Processed: 0
[4.082s][debug][gc,age         ] GC(79) Desired survivor size 557056 bytes, new threshold 15 (max threshold 15)
[4.082s][info ][gc,heap        ] GC(79) DefNew: 8832K(9920K)->0K(9920K) Eden: 8832K(8832K)->0K(8832K) From: 0K(1088K)->0K(1088K)
[4.082s][info ][gc,heap        ] GC(79) Tenured: 2071K(21888K)->2071K(21888K)
[4.082s][info ][gc,metaspace   ] GC(79) Metaspace: 369K(512K)->369K(512K) NonClass: 306K(384K)->306K(384K) Class: 63K(128K)->63K(128K)
[4.082s][debug][gc,heap        ] GC(79) Heap after GC invocations=80 (full 4):
[4.082s][debug][gc,heap        ] GC(79)  def new generation   total 9920K, used 0K [0x0000120000200000, 0x0000120000cc0000, 0x000012000aca0000)
[4.082s][debug][gc,heap        ] GC(79)   eden space 8832K,   0% used [0x0000120000200000, 0x0000120000200000, 0x0000120000aa0000)
[4.082s][debug][gc,heap        ] GC(79)   from space 1088K,   0% used [0x0000120000aa0000, 0x0000120000aa00d0, 0x0000120000bb0000)
[4.082s][debug][gc,heap        ] GC(79)   to   space 1088K,   0% used [0x0000120000bb0000, 0x0000120000bb0000, 0x0000120000cc0000)
[4.082s][debug][gc,heap        ] GC(79)  tenured generation   total 21888K, used 2071K [0x000012000aca0000, 0x000012000c200000, 0x0000120020200000)
[4.082s][debug][gc,heap        ] GC(79)    the space 21888K,   9% used [0x000012000aca0000, 0x000012000aea5db8, 0x000012000aea5e00, 0x000012000c200000)
[4.082s][debug][gc,heap        ] GC(79)  Metaspace       used 369K, committed 512K, reserved 1114112K
[4.082s][debug][gc,heap        ] GC(79)   class space    used 63K, committed 128K, reserved 1048576K
[4.082s][info ][gc             ] GC(79) Pause Young (Allocation Failure) 10M->2M(31M) 0.289ms
[4.083s][info ][gc,cpu         ] GC(79) User=0.00s Sys=0.00s Real=0.01s
[4.083s][info ][safepoint      ] Safepoint "GenCollectForAllocation", Time since last: 48114962 ns, Reaching safepoint: 77276 ns, Cleanup: 3451 ns, At safepoint: 309106 ns, Total: 389833 ns
[4.142s][info ][gc,start       ] GC(80) Pause Young (Allocation Failure)
[4.142s][debug][gc,heap        ] GC(80) Heap before GC invocations=80 (full 4):
[4.142s][debug][gc,heap        ] GC(80)  def new generation   total 9920K, used 8832K [0x0000120000200000, 0x0000120000cc0000, 0x000012000aca0000)
[4.142s][debug][gc,heap        ] GC(80)   eden space 8832K, 100% used [0x0000120000200000, 0x0000120000aa0000, 0x0000120000aa0000)
[4.142s][debug][gc,heap        ] GC(80)   from space 1088K,   0% used [0x0000120000aa0000, 0x0000120000aa00d0, 0x0000120000bb0000)
[4.142s][debug][gc,heap        ] GC(80)   to   space 1088K,   0% used [0x0000120000bb0000, 0x0000120000bb0000, 0x0000120000cc0000)
[4.142s][debug][gc,heap        ] GC(80)  tenured generation   total 21888K, used 2071K [0x000012000aca0000, 0x000012000c200000, 0x0000120020200000)
[4.142s][debug][gc,heap        ] GC(80)    the space 21888K,   9% used [0x000012000aca0000, 0x000012000aea5db8, 0x000012000aea5e00, 0x000012000c200000)
[4.142s][debug][gc,heap        ] GC(80)  Metaspace       used 369K, committed 512K, reserved 1114112K
[4.142s][debug][gc,heap        ] GC(80)   class space    used 63K, committed 128K, reserved 1048576K
[4.142s][debug][gc,tlab        ] GC(80) TLAB totals: thrds: 2  refills: 100 max: 59 slow allocs: 0 max 0 waste:  0.2% gc: 18872B max: 18872B slow: 2784B max: 1624B
[4.142s][debug][gc,ref         ] GC(80) Skipped SoftWeakFinalRefsPhase of Reference Processing: no references
[4.142s][debug][gc,ref         ] GC(80) Skipped KeepAliveFinalRefsPhase of Reference Processing: no references
[4.142s][debug][gc,ref         ] GC(80) Skipped PhantomRefsPhase of Reference Processing: no references
[4.142s][debug][gc,phases,ref  ] GC(80) Reference Processing: 0.0ms
[4.142s][debug][gc,phases,ref  ] GC(80)   Notify Soft/WeakReferences: 0.0ms
[4.142s][debug][gc,phases,ref  ] GC(80)     SoftRef: skipped
[4.142s][debug][gc,phases,ref  ] GC(80)     WeakRef: skipped
[4.142s][debug][gc,phases,ref  ] GC(80)     FinalRef: skipped
[4.142s][debug][gc,phases,ref  ] GC(80)     Total: skipped
[4.142s][debug][gc,phases,ref  ] GC(80)   Notify and keep alive finalizable: 0.0ms
[4.142s][debug][gc,phases,ref  ] GC(80)     FinalRef: skipped
[4.142s][debug][gc,phases,ref  ] GC(80)   Notify PhantomReferences: 0.0ms
[4.142s][debug][gc,phases,ref  ] GC(80)     PhantomRef: skipped
[4.142s][debug][gc,phases,ref  ] GC(80)   SoftReference Discovered: 0, Dropped: 0, Processed: 0
[4.142s][debug][gc,phases,ref  ] GC(80)   WeakReference Discovered: 0, Dropped: 0, Processed: 0
[4.142s][debug][gc,phases,ref  ] GC(80)   FinalReference Discovered: 0, Dropped: 0, Processed: 0
[4.142s][debug][gc,phases,ref  ] GC(80)   PhantomReference Discovered: 0, Dropped: 0, Processed: 0
[4.142s][debug][gc,age         ] GC(80) Desired survivor size 557056 bytes, new threshold 15 (max threshold 15)
[4.142s][info ][gc,heap        ] GC(80) DefNew: 8832K(9920K)->0K(9920K) Eden: 8832K(8832K)->0K(8832K) From: 0K(1088K)->0K(1088K)
[4.142s][info ][gc,heap        ] GC(80) Tenured: 2071K(21888K)->2071K(21888K)
[4.142s][info ][gc,metaspace   ] GC(80) Metaspace: 369K(512K)->369K(512K) NonClass: 306K(384K)->306K(384K) Class: 63K(128K)->63K(128K)
[4.142s][debug][gc,heap        ] GC(80) Heap after GC invocations=81 (full 4):
[4.142s][debug][gc,heap        ] GC(80)  def new generation   total 9920K, used 0K [0x0000120000200000, 0x0000120000cc0000, 0x000012000aca0000)
[4.142s][debug][gc,heap        ] GC(80)   eden space 8832K,   0% used [0x0000120000200000, 0x0000120000200000, 0x0000120000aa0000)
[4.142s][debug][gc,heap        ] GC(80)   from space 1088K,   0% used [0x0000120000bb0000, 0x0000120000bb0138, 0x0000120000cc0000)
[4.142s][debug][gc,heap        ] GC(80)   to   space 1088K,   0% used [0x0000120000aa0000, 0x0000120000aa0000, 0x0000120000bb0000)
[4.142s][debug][gc,heap        ] GC(80)  tenured generation   total 21888K, used 2071K [0x000012000aca0000, 0x000012000c200000, 0x0000120020200000)
[4.142s][debug][gc,heap        ] GC(80)    the space 21888K,   9% used [0x000012000aca0000, 0x000012000aea5db8, 0x000012000aea5e00, 0x000012000c200000)
[4.142s][debug][gc,heap        ] GC(80)  Metaspace       used 369K, committed 512K, reserved 1114112K
[4.142s][debug][gc,heap        ] GC(80)   class space    used 63K, committed 128K, reserved 1048576K
[4.142s][info ][gc             ] GC(80) Pause Young (Allocation Failure) 10M->2M(31M) 0.735ms
[4.142s][info ][gc,cpu         ] GC(80) User=0.00s Sys=0.00s Real=0.01s
[4.142s][info ][safepoint      ] Safepoint "GenCollectForAllocation", Time since last: 59135680 ns, Reaching safepoint: 3451 ns, Cleanup: 3671 ns, At safepoint: 756756 ns, Total: 763878 ns
[4.204s][info ][gc,start       ] GC(81) Pause Young (Allocation Failure)
[4.204s][debug][gc,heap        ] GC(81) Heap before GC invocations=81 (full 4):
[4.204s][debug][gc,heap        ] GC(81)  def new generation   total 9920K, used 8832K [0x0000120000200000, 0x0000120000cc0000, 0x000012000aca0000)
[4.204s][debug][gc,heap        ] GC(81)   eden space 8832K, 100% used [0x0000120000200000, 0x0000120000aa0000, 0x0000120000aa0000)
[4.204s][debug][gc,heap        ] GC(81)   from space 1088K,   0% used [0x0000120000bb0000, 0x0000120000bb0138, 0x0000120000cc0000)
[4.204s][debug][gc,heap        ] GC(81)   to   space 1088K,   0% used [0x0000120000aa0000, 0x0000120000aa0000, 0x0000120000bb0000)
[4.204s][debug][gc,heap        ] GC(81)  tenured generation   total 21888K, used 2071K [0x000012000aca0000, 0x000012000c200000, 0x0000120020200000)
[4.204s][debug][gc,heap        ] GC(81)    the space 21888K,   9% used [0x000012000aca0000, 0x000012000aea5db8, 0x000012000aea5e00, 0x000012000c200000)
[4.204s][debug][gc,heap        ] GC(81)  Metaspace       used 369K, committed 512K, reserved 1114112K
[4.204s][debug][gc,heap        ] GC(81)   class space    used 63K, committed 128K, reserved 1048576K
[4.204s][debug][gc,tlab        ] GC(81) TLAB totals: thrds: 2  refills: 99 max: 57 slow allocs: 0 max 0 waste:  0.4% gc: 31880B max: 31880B slow: 2080B max: 1152B
[4.204s][debug][gc,ref         ] GC(81) Skipped SoftWeakFinalRefsPhase of Reference Processing: no references
[4.204s][debug][gc,ref         ] GC(81) Skipped KeepAliveFinalRefsPhase of Reference Processing: no references
[4.204s][debug][gc,ref         ] GC(81) Skipped PhantomRefsPhase of Reference Processing: no references
[4.204s][debug][gc,phases,ref  ] GC(81) Reference Processing: 0.0ms
[4.204s][debug][gc,phases,ref  ] GC(81)   Notify Soft/WeakReferences: 0.0ms
[4.204s][debug][gc,phases,ref  ] GC(81)     SoftRef: skipped
[4.204s][debug][gc,phases,ref  ] GC(81)     WeakRef: skipped
[4.204s][debug][gc,phases,ref  ] GC(81)     FinalRef: skipped
[4.204s][debug][gc,phases,ref  ] GC(81)     Total: skipped
[4.204s][debug][gc,phases,ref  ] GC(81)   Notify and keep alive finalizable: 0.0ms
[4.204s][debug][gc,phases,ref  ] GC(81)     FinalRef: skipped
[4.204s][debug][gc,phases,ref  ] GC(81)   Notify PhantomReferences: 0.0ms
[4.204s][debug][gc,phases,ref  ] GC(81)     PhantomRef: skipped
[4.204s][debug][gc,phases,ref  ] GC(81)   SoftReference Discovered: 0, Dropped: 0, Processed: 0
[4.204s][debug][gc,phases,ref  ] GC(81)   WeakReference Discovered: 0, Dropped: 0, Processed: 0
[4.204s][debug][gc,phases,ref  ] GC(81)   FinalReference Discovered: 0, Dropped: 0, Processed: 0
[4.204s][debug][gc,phases,ref  ] GC(81)   PhantomReference Discovered: 0, Dropped: 0, Processed: 0
[4.204s][debug][gc,age         ] GC(81) Desired survivor size 557056 bytes, new threshold 15 (max threshold 15)
[4.205s][info ][gc,heap        ] GC(81) DefNew: 8832K(9920K)->0K(9920K) Eden: 8832K(8832K)->0K(8832K) From: 0K(1088K)->0K(1088K)
[4.205s][info ][gc,heap        ] GC(81) Tenured: 2071K(21888K)->2071K(21888K)
[4.205s][info ][gc,metaspace   ] GC(81) Metaspace: 369K(512K)->369K(512K) NonClass: 306K(384K)->306K(384K) Class: 63K(128K)->63K(128K)
[4.205s][debug][gc,heap        ] GC(81) Heap after GC invocations=82 (full 4):
[4.205s][debug][gc,heap        ] GC(81)  def new generation   total 9920K, used 0K [0x0000120000200000, 0x0000120000cc0000, 0x000012000aca0000)
[4.205s][debug][gc,heap        ] GC(81)   eden space 8832K,   0% used [0x0000120000200000, 0x0000120000200000, 0x0000120000aa0000)
[4.205s][debug][gc,heap        ] GC(81)   from space 1088K,   0% used [0x0000120000aa0000, 0x0000120000aa00d0, 0x0000120000bb0000)
[4.205s][debug][gc,heap        ] GC(81)   to   space 1088K,   0% used [0x0000120000bb0000, 0x0000120000bb0000, 0x0000120000cc0000)
[4.205s][debug][gc,heap        ] GC(81)  tenured generation   total 21888K, used 2071K [0x000012000aca0000, 0x000012000c200000, 0x0000120020200000)
[4.205s][debug][gc,heap        ] GC(81)    the space 21888K,   9% used [0x000012000aca0000, 0x000012000aea5db8, 0x000012000aea5e00, 0x000012000c200000)
[4.205s][debug][gc,heap        ] GC(81)  Metaspace       used 369K, committed 512K, reserved 1114112K
[4.205s][debug][gc,heap        ] GC(81)   class space    used 63K, committed 128K, reserved 1048576K
[4.205s][info ][gc             ] GC(81) Pause Young (Allocation Failure) 10M->2M(31M) 0.576ms
[4.205s][info ][gc,cpu         ] GC(81) User=0.00s Sys=0.00s Real=0.00s
[4.205s][info ][safepoint      ] Safepoint "GenCollectForAllocation", Time since last: 61582382 ns, Reaching safepoint: 77054 ns, Cleanup: 3389 ns, At safepoint: 618083 ns, Total: 698526 ns
[4.254s][info ][gc,start       ] GC(82) Pause Young (Allocation Failure)
[4.254s][debug][gc,heap        ] GC(82) Heap before GC invocations=82 (full 4):
[4.254s][debug][gc,heap        ] GC(82)  def new generation   total 9920K, used 8832K [0x0000120000200000, 0x0000120000cc0000, 0x000012000aca0000)
[4.254s][debug][gc,heap        ] GC(82)   eden space 8832K, 100% used [0x0000120000200000, 0x0000120000aa0000, 0x0000120000aa0000)
[4.254s][debug][gc,heap        ] GC(82)   from space 1088K,   0% used [0x0000120000aa0000, 0x0000120000aa00d0, 0x0000120000bb0000)
[4.254s][debug][gc,heap        ] GC(82)   to   space 1088K,   0% used [0x0000120000bb0000, 0x0000120000bb0000, 0x0000120000cc0000)
[4.254s][debug][gc,heap        ] GC(82)  tenured generation   total 21888K, used 2071K [0x000012000aca0000, 0x000012000c200000, 0x0000120020200000)
[4.254s][debug][gc,heap        ] GC(82)    the space 21888K,   9% used [0x000012000aca0000, 0x000012000aea5db8, 0x000012000aea5e00, 0x000012000c200000)
[4.254s][debug][gc,heap        ] GC(82)  Metaspace       used 369K, committed 512K, reserved 1114112K
[4.254s][debug][gc,heap        ] GC(82)   class space    used 63K, committed 128K, reserved 1048576K
[4.254s][debug][gc,tlab        ] GC(82) TLAB totals: thrds: 2  refills: 103 max: 60 slow allocs: 0 max 0 waste:  0.7% gc: 64128B max: 64128B slow: 3128B max: 2016B
[4.254s][debug][gc,ref         ] GC(82) Skipped SoftWeakFinalRefsPhase of Reference Processing: no references
[4.254s][debug][gc,ref         ] GC(82) Skipped KeepAliveFinalRefsPhase of Reference Processing: no references
[4.254s][debug][gc,ref         ] GC(82) Skipped PhantomRefsPhase of Reference Processing: no references
[4.254s][debug][gc,phases,ref  ] GC(82) Reference Processing: 0.0ms
[4.254s][debug][gc,phases,ref  ] GC(82)   Notify Soft/WeakReferences: 0.0ms
[4.254s][debug][gc,phases,ref  ] GC(82)     SoftRef: skipped
[4.254s][debug][gc,phases,ref  ] GC(82)     WeakRef: skipped
[4.254s][debug][gc,phases,ref  ] GC(82)     FinalRef: skipped
[4.254s][debug][gc,phases,ref  ] GC(82)     Total: skipped
[4.254s][debug][gc,phases,ref  ] GC(82)   Notify and keep alive finalizable: 0.0ms
[4.254s][debug][gc,phases,ref  ] GC(82)     FinalRef: skipped
[4.254s][debug][gc,phases,ref  ] GC(82)   Notify PhantomReferences: 0.0ms
[4.254s][debug][gc,phases,ref  ] GC(82)     PhantomRef: skipped
[4.254s][debug][gc,phases,ref  ] GC(82)   SoftReference Discovered: 0, Dropped: 0, Processed: 0
[4.254s][debug][gc,phases,ref  ] GC(82)   WeakReference Discovered: 0, Dropped: 0, Processed: 0
[4.254s][debug][gc,phases,ref  ] GC(82)   FinalReference Discovered: 0, Dropped: 0, Processed: 0
[4.254s][debug][gc,phases,ref  ] GC(82)   PhantomReference Discovered: 0, Dropped: 0, Processed: 0
[4.254s][debug][gc,age         ] GC(82) Desired survivor size 557056 bytes, new threshold 15 (max threshold 15)
[4.254s][info ][gc,heap        ] GC(82) DefNew: 8832K(9920K)->0K(9920K) Eden: 8832K(8832K)->0K(8832K) From: 0K(1088K)->0K(1088K)
[4.254s][info ][gc,heap        ] GC(82) Tenured: 2071K(21888K)->2071K(21888K)
[4.254s][info ][gc,metaspace   ] GC(82) Metaspace: 369K(512K)->369K(512K) NonClass: 306K(384K)->306K(384K) Class: 63K(128K)->63K(128K)
[4.254s][debug][gc,heap        ] GC(82) Heap after GC invocations=83 (full 4):
[4.254s][debug][gc,heap        ] GC(82)  def new generation   total 9920K, used 0K [0x0000120000200000, 0x0000120000cc0000, 0x000012000aca0000)
[4.254s][debug][gc,heap        ] GC(82)   eden space 8832K,   0% used [0x0000120000200000, 0x0000120000200000, 0x0000120000aa0000)
[4.254s][debug][gc,heap        ] GC(82)   from space 1088K,   0% used [0x0000120000bb0000, 0x0000120000bb0170, 0x0000120000cc0000)
[4.254s][debug][gc,heap        ] GC(82)   to   space 1088K,   0% used [0x0000120000aa0000, 0x0000120000aa0000, 0x0000120000bb0000)
[4.254s][debug][gc,heap        ] GC(82)  tenured generation   total 21888K, used 2071K [0x000012000aca0000, 0x000012000c200000, 0x0000120020200000)
[4.254s][debug][gc,heap        ] GC(82)    the space 21888K,   9% used [0x000012000aca0000, 0x000012000aea5db8, 0x000012000aea5e00, 0x000012000c200000)
[4.254s][debug][gc,heap        ] GC(82)  Metaspace       used 369K, committed 512K, reserved 1114112K
[4.254s][debug][gc,heap        ] GC(82)   class space    used 63K, committed 128K, reserved 1048576K
[4.254s][info ][gc             ] GC(82) Pause Young (Allocation Failure) 10M->2M(31M) 0.605ms
[4.254s][info ][gc,cpu         ] GC(82) User=0.00s Sys=0.00s Real=0.00s
[4.254s][info ][safepoint      ] Safepoint "GenCollectForAllocation", Time since last: 48916132 ns, Reaching safepoint: 3545 ns, Cleanup: 3710 ns, At safepoint: 648062 ns, Total: 655317 ns
[4.314s][info ][gc,start       ] GC(83) Pause Young (Allocation Failure)
[4.314s][debug][gc,heap        ] GC(83) Heap before GC invocations=83 (full 4):
[4.314s][debug][gc,heap        ] GC(83)  def new generation   total 9920K, used 8832K [0x0000120000200000, 0x0000120000cc0000, 0x000012000aca0000)
[4.314s][debug][gc,heap        ] GC(83)   eden space 8832K, 100% used [0x0000120000200000, 0x0000120000aa0000, 0x0000120000aa0000)
[4.314s][debug][gc,heap        ] GC(83)   from space 1088K,   0% used [0x0000120000bb0000, 0x0000120000bb0170, 0x0000120000cc0000)
[4.314s][debug][gc,heap        ] GC(83)   to   space 1088K,   0% used [0x0000120000aa0000, 0x0000120000aa0000, 0x0000120000bb0000)
[4.314s][debug][gc,heap        ] GC(83)  tenured generation   total 21888K, used 2071K [0x000012000aca0000, 0x000012000c200000, 0x0000120020200000)
[4.314s][debug][gc,heap        ] GC(83)    the space 21888K,   9% used [0x000012000aca0000, 0x000012000aea5db8, 0x000012000aea5e00, 0x000012000c200000)
[4.314s][debug][gc,heap        ] GC(83)  Metaspace       used 369K, committed 512K, reserved 1114112K
[4.314s][debug][gc,heap        ] GC(83)   class space    used 63K, committed 128K, reserved 1048576K
[4.314s][debug][gc,tlab        ] GC(83) TLAB totals: thrds: 2  refills: 104 max: 68 slow allocs: 0 max 0 waste:  0.1% gc: 6144B max: 6144B slow: 2368B max: 1336B
[4.315s][debug][gc,ref         ] GC(83) Skipped SoftWeakFinalRefsPhase of Reference Processing: no references
[4.315s][debug][gc,ref         ] GC(83) Skipped KeepAliveFinalRefsPhase of Reference Processing: no references
[4.315s][debug][gc,ref         ] GC(83) Skipped PhantomRefsPhase of Reference Processing: no references
[4.315s][debug][gc,phases,ref  ] GC(83) Reference Processing: 0.0ms
[4.315s][debug][gc,phases,ref  ] GC(83)   Notify Soft/WeakReferences: 0.0ms
[4.315s][debug][gc,phases,ref  ] GC(83)     SoftRef: skipped
[4.315s][debug][gc,phases,ref  ] GC(83)     WeakRef: skipped
[4.315s][debug][gc,phases,ref  ] GC(83)     FinalRef: skipped
[4.315s][debug][gc,phases,ref  ] GC(83)     Total: skipped
[4.315s][debug][gc,phases,ref  ] GC(83)   Notify and keep alive finalizable: 0.0ms
[4.315s][debug][gc,phases,ref  ] GC(83)     FinalRef: skipped
[4.315s][debug][gc,phases,ref  ] GC(83)   Notify PhantomReferences: 0.0ms
[4.315s][debug][gc,phases,ref  ] GC(83)     PhantomRef: skipped
[4.315s][debug][gc,phases,ref  ] GC(83)   SoftReference Discovered: 0, Dropped: 0, Processed: 0
[4.315s][debug][gc,phases,ref  ] GC(83)   WeakReference Discovered: 0, Dropped: 0, Processed: 0
[4.315s][debug][gc,phases,ref  ] GC(83)   FinalReference Discovered: 0, Dropped: 0, Processed: 0
[4.315s][debug][gc,phases,ref  ] GC(83)   PhantomReference Discovered: 0, Dropped: 0, Processed: 0
[4.315s][debug][gc,age         ] GC(83) Desired survivor size 557056 bytes, new threshold 15 (max threshold 15)
[4.315s][info ][gc,heap        ] GC(83) DefNew: 8832K(9920K)->0K(9920K) Eden: 8832K(8832K)->0K(8832K) From: 0K(1088K)->0K(1088K)
[4.315s][info ][gc,heap        ] GC(83) Tenured: 2071K(21888K)->2071K(21888K)
[4.315s][info ][gc,metaspace   ] GC(83) Metaspace: 369K(512K)->369K(512K) NonClass: 306K(384K)->306K(384K) Class: 63K(128K)->63K(128K)
[4.315s][debug][gc,heap        ] GC(83) Heap after GC invocations=84 (full 4):
[4.315s][debug][gc,heap        ] GC(83)  def new generation   total 9920K, used 0K [0x0000120000200000, 0x0000120000cc0000, 0x000012000aca0000)
[4.315s][debug][gc,heap        ] GC(83)   eden space 8832K,   0% used [0x0000120000200000, 0x0000120000200000, 0x0000120000aa0000)
[4.315s][debug][gc,heap        ] GC(83)   from space 1088K,   0% used [0x0000120000aa0000, 0x0000120000aa0138, 0x0000120000bb0000)
[4.315s][debug][gc,heap        ] GC(83)   to   space 1088K,   0% used [0x0000120000bb0000, 0x0000120000bb0000, 0x0000120000cc0000)
[4.315s][debug][gc,heap        ] GC(83)  tenured generation   total 21888K, used 2071K [0x000012000aca0000, 0x000012000c200000, 0x0000120020200000)
[4.315s][debug][gc,heap        ] GC(83)    the space 21888K,   9% used [0x000012000aca0000, 0x000012000aea5db8, 0x000012000aea5e00, 0x000012000c200000)
[4.315s][debug][gc,heap        ] GC(83)  Metaspace       used 369K, committed 512K, reserved 1114112K
[4.315s][debug][gc,heap        ] GC(83)   class space    used 63K, committed 128K, reserved 1048576K
[4.315s][info ][gc             ] GC(83) Pause Young (Allocation Failure) 10M->2M(31M) 0.673ms
[4.315s][info ][gc,cpu         ] GC(83) User=0.00s Sys=0.00s Real=0.00s
[4.315s][info ][safepoint      ] Safepoint "GenCollectForAllocation", Time since last: 60053893 ns, Reaching safepoint: 3739 ns, Cleanup: 3545 ns, At safepoint: 718871 ns, Total: 726155 ns
[4.365s][info ][gc,start       ] GC(84) Pause Young (Allocation Failure)
[4.365s][debug][gc,heap        ] GC(84) Heap before GC invocations=84 (full 4):
[4.365s][debug][gc,heap        ] GC(84)  def new generation   total 9920K, used 8832K [0x0000120000200000, 0x0000120000cc0000, 0x000012000aca0000)
[4.365s][debug][gc,heap        ] GC(84)   eden space 8832K, 100% used [0x0000120000200000, 0x0000120000aa0000, 0x0000120000aa0000)
[4.365s][debug][gc,heap        ] GC(84)   from space 1088K,   0% used [0x0000120000aa0000, 0x0000120000aa0138, 0x0000120000bb0000)
[4.365s][debug][gc,heap        ] GC(84)   to   space 1088K,   0% used [0x0000120000bb0000, 0x0000120000bb0000, 0x0000120000cc0000)
[4.365s][debug][gc,heap        ] GC(84)  tenured generation   total 21888K, used 2071K [0x000012000aca0000, 0x000012000c200000, 0x0000120020200000)
[4.365s][debug][gc,heap        ] GC(84)    the space 21888K,   9% used [0x000012000aca0000, 0x000012000aea5db8, 0x000012000aea5e00, 0x000012000c200000)
[4.365s][debug][gc,heap        ] GC(84)  Metaspace       used 369K, committed 512K, reserved 1114112K
[4.365s][debug][gc,heap        ] GC(84)   class space    used 63K, committed 128K, reserved 1048576K
[4.365s][debug][gc,tlab        ] GC(84) TLAB totals: thrds: 2  refills: 101 max: 52 slow allocs: 0 max 0 waste:  0.0% gc: 1824B max: 1824B slow: 1896B max: 1096B
[4.365s][debug][gc,ref         ] GC(84) Skipped SoftWeakFinalRefsPhase of Reference Processing: no references
[4.365s][debug][gc,ref         ] GC(84) Skipped KeepAliveFinalRefsPhase of Reference Processing: no references
[4.365s][debug][gc,ref         ] GC(84) Skipped PhantomRefsPhase of Reference Processing: no references
[4.365s][debug][gc,phases,ref  ] GC(84) Reference Processing: 0.0ms
[4.365s][debug][gc,phases,ref  ] GC(84)   Notify Soft/WeakReferences: 0.0ms
[4.365s][debug][gc,phases,ref  ] GC(84)     SoftRef: skipped
[4.365s][debug][gc,phases,ref  ] GC(84)     WeakRef: skipped
[4.365s][debug][gc,phases,ref  ] GC(84)     FinalRef: skipped
[4.365s][debug][gc,phases,ref  ] GC(84)     Total: skipped
[4.365s][debug][gc,phases,ref  ] GC(84)   Notify and keep alive finalizable: 0.0ms
[4.365s][debug][gc,phases,ref  ] GC(84)     FinalRef: skipped
[4.365s][debug][gc,phases,ref  ] GC(84)   Notify PhantomReferences: 0.0ms
[4.365s][debug][gc,phases,ref  ] GC(84)     PhantomRef: skipped
[4.365s][debug][gc,phases,ref  ] GC(84)   SoftReference Discovered: 0, Dropped: 0, Processed: 0
[4.365s][debug][gc,phases,ref  ] GC(84)   WeakReference Discovered: 0, Dropped: 0, Processed: 0
[4.365s][debug][gc,phases,ref  ] GC(84)   FinalReference Discovered: 0, Dropped: 0, Processed: 0
[4.365s][debug][gc,phases,ref  ] GC(84)   PhantomReference Discovered: 0, Dropped: 0, Processed: 0
[4.365s][debug][gc,age         ] GC(84) Desired survivor size 557056 bytes, new threshold 15 (max threshold 15)
[4.365s][info ][gc,heap        ] GC(84) DefNew: 8832K(9920K)->0K(9920K) Eden: 8832K(8832K)->0K(8832K) From: 0K(1088K)->0K(1088K)
[4.365s][info ][gc,heap        ] GC(84) Tenured: 2071K(21888K)->2071K(21888K)
[4.365s][info ][gc,metaspace   ] GC(84) Metaspace: 369K(512K)->369K(512K) NonClass: 306K(384K)->306K(384K) Class: 63K(128K)->63K(128K)
[4.365s][debug][gc,heap        ] GC(84) Heap after GC invocations=85 (full 4):
[4.365s][debug][gc,heap        ] GC(84)  def new generation   total 9920K, used 0K [0x0000120000200000, 0x0000120000cc0000, 0x000012000aca0000)
[4.365s][debug][gc,heap        ] GC(84)   eden space 8832K,   0% used [0x0000120000200000, 0x0000120000200000, 0x0000120000aa0000)
[4.365s][debug][gc,heap        ] GC(84)   from space 1088K,   0% used [0x0000120000bb0000, 0x0000120000bb0158, 0x0000120000cc0000)
[4.365s][debug][gc,heap        ] GC(84)   to   space 1088K,   0% used [0x0000120000aa0000, 0x0000120000aa0000, 0x0000120000bb0000)
[4.365s][debug][gc,heap        ] GC(84)  tenured generation   total 21888K, used 2071K [0x000012000aca0000, 0x000012000c200000, 0x0000120020200000)
[4.365s][debug][gc,heap        ] GC(84)    the space 21888K,   9% used [0x000012000aca0000, 0x000012000aea5db8, 0x000012000aea5e00, 0x000012000c200000)
[4.365s][debug][gc,heap        ] GC(84)  Metaspace       used 369K, committed 512K, reserved 1114112K
[4.365s][debug][gc,heap        ] GC(84)   class space    used 63K, committed 128K, reserved 1048576K
[4.365s][info ][gc             ] GC(84) Pause Young (Allocation Failure) 10M->2M(31M) 0.586ms
[4.365s][info ][gc,cpu         ] GC(84) User=0.00s Sys=0.00s Real=0.00s
[4.365s][info ][safepoint      ] Safepoint "GenCollectForAllocation", Time since last: 49525693 ns, Reaching safepoint: 3522 ns, Cleanup: 3581 ns, At safepoint: 631680 ns, Total: 638783 ns
[4.413s][info ][gc,start       ] GC(85) Pause Young (Allocation Failure)
[4.413s][debug][gc,heap        ] GC(85) Heap before GC invocations=85 (full 4):
[4.413s][debug][gc,heap        ] GC(85)  def new generation   total 9920K, used 8832K [0x0000120000200000, 0x0000120000cc0000, 0x000012000aca0000)
[4.413s][debug][gc,heap        ] GC(85)   eden space 8832K, 100% used [0x0000120000200000, 0x0000120000aa0000, 0x0000120000aa0000)
[4.413s][debug][gc,heap        ] GC(85)   from space 1088K,   0% used [0x0000120000bb0000, 0x0000120000bb0158, 0x0000120000cc0000)
[4.413s][debug][gc,heap        ] GC(85)   to   space 1088K,   0% used [0x0000120000aa0000, 0x0000120000aa0000, 0x0000120000bb0000)
[4.413s][debug][gc,heap        ] GC(85)  tenured generation   total 21888K, used 2071K [0x000012000aca0000, 0x000012000c200000, 0x0000120020200000)
[4.413s][debug][gc,heap        ] GC(85)    the space 21888K,   9% used [0x000012000aca0000, 0x000012000aea5db8, 0x000012000aea5e00, 0x000012000c200000)
[4.413s][debug][gc,heap        ] GC(85)  Metaspace       used 369K, committed 512K, reserved 1114112K
[4.413s][debug][gc,heap        ] GC(85)   class space    used 63K, committed 128K, reserved 1048576K
[4.413s][debug][gc,tlab        ] GC(85) TLAB totals: thrds: 2  refills: 101 max: 51 slow allocs: 0 max 0 waste:  0.2% gc: 14912B max: 14912B slow: 2528B max: 1320B
[4.413s][debug][gc,ref         ] GC(85) Skipped SoftWeakFinalRefsPhase of Reference Processing: no references
[4.413s][debug][gc,ref         ] GC(85) Skipped KeepAliveFinalRefsPhase of Reference Processing: no references
[4.413s][debug][gc,ref         ] GC(85) Skipped PhantomRefsPhase of Reference Processing: no references
[4.413s][debug][gc,phases,ref  ] GC(85) Reference Processing: 0.0ms
[4.413s][debug][gc,phases,ref  ] GC(85)   Notify Soft/WeakReferences: 0.0ms
[4.413s][debug][gc,phases,ref  ] GC(85)     SoftRef: skipped
[4.414s][debug][gc,phases,ref  ] GC(85)     WeakRef: skipped
[4.414s][debug][gc,phases,ref  ] GC(85)     FinalRef: skipped
[4.414s][debug][gc,phases,ref  ] GC(85)     Total: skipped
[4.414s][debug][gc,phases,ref  ] GC(85)   Notify and keep alive finalizable: 0.0ms
[4.414s][debug][gc,phases,ref  ] GC(85)     FinalRef: skipped
[4.414s][debug][gc,phases,ref  ] GC(85)   Notify PhantomReferences: 0.0ms
[4.414s][debug][gc,phases,ref  ] GC(85)     PhantomRef: skipped
[4.414s][debug][gc,phases,ref  ] GC(85)   SoftReference Discovered: 0, Dropped: 0, Processed: 0
[4.414s][debug][gc,phases,ref  ] GC(85)   WeakReference Discovered: 0, Dropped: 0, Processed: 0
[4.414s][debug][gc,phases,ref  ] GC(85)   FinalReference Discovered: 0, Dropped: 0, Processed: 0
[4.414s][debug][gc,phases,ref  ] GC(85)   PhantomReference Discovered: 0, Dropped: 0, Processed: 0
[4.414s][debug][gc,age         ] GC(85) Desired survivor size 557056 bytes, new threshold 15 (max threshold 15)
[4.414s][info ][gc,heap        ] GC(85) DefNew: 8832K(9920K)->0K(9920K) Eden: 8832K(8832K)->0K(8832K) From: 0K(1088K)->0K(1088K)
[4.414s][info ][gc,heap        ] GC(85) Tenured: 2071K(21888K)->2071K(21888K)
[4.414s][info ][gc,metaspace   ] GC(85) Metaspace: 369K(512K)->369K(512K) NonClass: 306K(384K)->306K(384K) Class: 63K(128K)->63K(128K)
[4.414s][debug][gc,heap        ] GC(85) Heap after GC invocations=86 (full 4):
[4.414s][debug][gc,heap        ] GC(85)  def new generation   total 9920K, used 0K [0x0000120000200000, 0x0000120000cc0000, 0x000012000aca0000)
[4.414s][debug][gc,heap        ] GC(85)   eden space 8832K,   0% used [0x0000120000200000, 0x0000120000200000, 0x0000120000aa0000)
[4.414s][debug][gc,heap        ] GC(85)   from space 1088K,   0% used [0x0000120000aa0000, 0x0000120000aa00d0, 0x0000120000bb0000)
[4.414s][debug][gc,heap        ] GC(85)   to   space 1088K,   0% used [0x0000120000bb0000, 0x0000120000bb0000, 0x0000120000cc0000)
[4.414s][debug][gc,heap        ] GC(85)  tenured generation   total 21888K, used 2071K [0x000012000aca0000, 0x000012000c200000, 0x0000120020200000)
[4.414s][debug][gc,heap        ] GC(85)    the space 21888K,   9% used [0x000012000aca0000, 0x000012000aea5db8, 0x000012000aea5e00, 0x000012000c200000)
[4.414s][debug][gc,heap        ] GC(85)  Metaspace       used 369K, committed 512K, reserved 1114112K
[4.414s][debug][gc,heap        ] GC(85)   class space    used 63K, committed 128K, reserved 1048576K
[4.414s][info ][gc             ] GC(85) Pause Young (Allocation Failure) 10M->2M(31M) 0.546ms
[4.414s][info ][gc,cpu         ] GC(85) User=0.00s Sys=0.00s Real=0.00s
[4.414s][info ][safepoint      ] Safepoint "GenCollectForAllocation", Time since last: 47927481 ns, Reaching safepoint: 76356 ns, Cleanup: 3439 ns, At safepoint: 587604 ns, Total: 667399 ns
[4.462s][info ][gc,start       ] GC(86) Pause Young (Allocation Failure)
[4.462s][debug][gc,heap        ] GC(86) Heap before GC invocations=86 (full 4):
[4.462s][debug][gc,heap        ] GC(86)  def new generation   total 9920K, used 8832K [0x0000120000200000, 0x0000120000cc0000, 0x000012000aca0000)
[4.462s][debug][gc,heap        ] GC(86)   eden space 8832K, 100% used [0x0000120000200000, 0x0000120000aa0000, 0x0000120000aa0000)
[4.462s][debug][gc,heap        ] GC(86)   from space 1088K,   0% used [0x0000120000aa0000, 0x0000120000aa00d0, 0x0000120000bb0000)
[4.462s][debug][gc,heap        ] GC(86)   to   space 1088K,   0% used [0x0000120000bb0000, 0x0000120000bb0000, 0x0000120000cc0000)
[4.462s][debug][gc,heap        ] GC(86)  tenured generation   total 21888K, used 2071K [0x000012000aca0000, 0x000012000c200000, 0x0000120020200000)
[4.462s][debug][gc,heap        ] GC(86)    the space 21888K,   9% used [0x000012000aca0000, 0x000012000aea5db8, 0x000012000aea5e00, 0x000012000c200000)
[4.462s][debug][gc,heap        ] GC(86)  Metaspace       used 369K, committed 512K, reserved 1114112K
[4.462s][debug][gc,heap        ] GC(86)   class space    used 63K, committed 128K, reserved 1048576K
[4.462s][debug][gc,tlab        ] GC(86) TLAB totals: thrds: 2  refills: 101 max: 51 slow allocs: 0 max 0 waste:  0.8% gc: 69704B max: 69704B slow: 2448B max: 1288B
[4.462s][debug][gc,ref         ] GC(86) Skipped SoftWeakFinalRefsPhase of Reference Processing: no references
[4.462s][debug][gc,ref         ] GC(86) Skipped KeepAliveFinalRefsPhase of Reference Processing: no references
[4.462s][debug][gc,ref         ] GC(86) Skipped PhantomRefsPhase of Reference Processing: no references
[4.462s][debug][gc,phases,ref  ] GC(86) Reference Processing: 0.0ms
[4.462s][debug][gc,phases,ref  ] GC(86)   Notify Soft/WeakReferences: 0.0ms
[4.462s][debug][gc,phases,ref  ] GC(86)     SoftRef: skipped
[4.462s][debug][gc,phases,ref  ] GC(86)     WeakRef: skipped
[4.462s][debug][gc,phases,ref  ] GC(86)     FinalRef: skipped
[4.462s][debug][gc,phases,ref  ] GC(86)     Total: skipped
[4.462s][debug][gc,phases,ref  ] GC(86)   Notify and keep alive finalizable: 0.0ms
[4.462s][debug][gc,phases,ref  ] GC(86)     FinalRef: skipped
[4.462s][debug][gc,phases,ref  ] GC(86)   Notify PhantomReferences: 0.0ms
[4.462s][debug][gc,phases,ref  ] GC(86)     PhantomRef: skipped
[4.462s][debug][gc,phases,ref  ] GC(86)   SoftReference Discovered: 0, Dropped: 0, Processed: 0
[4.462s][debug][gc,phases,ref  ] GC(86)   WeakReference Discovered: 0, Dropped: 0, Processed: 0
[4.462s][debug][gc,phases,ref  ] GC(86)   FinalReference Discovered: 0, Dropped: 0, Processed: 0
[4.462s][debug][gc,phases,ref  ] GC(86)   PhantomReference Discovered: 0, Dropped: 0, Processed: 0
[4.462s][debug][gc,age         ] GC(86) Desired survivor size 557056 bytes, new threshold 15 (max threshold 15)
[4.462s][info ][gc,heap        ] GC(86) DefNew: 8832K(9920K)->0K(9920K) Eden: 8832K(8832K)->0K(8832K) From: 0K(1088K)->0K(1088K)
[4.462s][info ][gc,heap        ] GC(86) Tenured: 2071K(21888K)->2071K(21888K)
[4.462s][info ][gc,metaspace   ] GC(86) Metaspace: 369K(512K)->369K(512K) NonClass: 306K(384K)->306K(384K) Class: 63K(128K)->63K(128K)
[4.462s][debug][gc,heap        ] GC(86) Heap after GC invocations=87 (full 4):
[4.462s][debug][gc,heap        ] GC(86)  def new generation   total 9920K, used 0K [0x0000120000200000, 0x0000120000cc0000, 0x000012000aca0000)
[4.462s][debug][gc,heap        ] GC(86)   eden space 8832K,   0% used [0x0000120000200000, 0x0000120000200000, 0x0000120000aa0000)
[4.462s][debug][gc,heap        ] GC(86)   from space 1088K,   0% used [0x0000120000bb0000, 0x0000120000bb0178, 0x0000120000cc0000)
[4.462s][debug][gc,heap        ] GC(86)   to   space 1088K,   0% used [0x0000120000aa0000, 0x0000120000aa0000, 0x0000120000bb0000)
[4.462s][debug][gc,heap        ] GC(86)  tenured generation   total 21888K, used 2071K [0x000012000aca0000, 0x000012000c200000, 0x0000120020200000)
[4.462s][debug][gc,heap        ] GC(86)    the space 21888K,   9% used [0x000012000aca0000, 0x000012000aea5db8, 0x000012000aea5e00, 0x000012000c200000)
[4.462s][debug][gc,heap        ] GC(86)  Metaspace       used 369K, committed 512K, reserved 1114112K
[4.462s][debug][gc,heap        ] GC(86)   class space    used 63K, committed 128K, reserved 1048576K
[4.462s][info ][gc             ] GC(86) Pause Young (Allocation Failure) 10M->2M(31M) 0.576ms
[4.462s][info ][gc,cpu         ] GC(86) User=0.00s Sys=0.00s Real=0.00s
[4.462s][info ][safepoint      ] Safepoint "GenCollectForAllocation", Time since last: 47734160 ns, Reaching safepoint: 3178 ns, Cleanup: 3647 ns, At safepoint: 620407 ns, Total: 627232 ns
[4.510s][info ][gc,start       ] GC(87) Pause Young (Allocation Failure)
[4.510s][debug][gc,heap        ] GC(87) Heap before GC invocations=87 (full 4):
[4.510s][debug][gc,heap        ] GC(87)  def new generation   total 9920K, used 8832K [0x0000120000200000, 0x0000120000cc0000, 0x000012000aca0000)
[4.510s][debug][gc,heap        ] GC(87)   eden space 8832K, 100% used [0x0000120000200000, 0x0000120000aa0000, 0x0000120000aa0000)
[4.510s][debug][gc,heap        ] GC(87)   from space 1088K,   0% used [0x0000120000bb0000, 0x0000120000bb0178, 0x0000120000cc0000)
[4.510s][debug][gc,heap        ] GC(87)   to   space 1088K,   0% used [0x0000120000aa0000, 0x0000120000aa0000, 0x0000120000bb0000)
[4.510s][debug][gc,heap        ] GC(87)  tenured generation   total 21888K, used 2071K [0x000012000aca0000, 0x000012000c200000, 0x0000120020200000)
[4.510s][debug][gc,heap        ] GC(87)    the space 21888K,   9% used [0x000012000aca0000, 0x000012000aea5db8, 0x000012000aea5e00, 0x000012000c200000)
[4.510s][debug][gc,heap        ] GC(87)  Metaspace       used 369K, committed 512K, reserved 1114112K
[4.510s][debug][gc,heap        ] GC(87)   class space    used 63K, committed 128K, reserved 1048576K
[4.510s][debug][gc,tlab        ] GC(87) TLAB totals: thrds: 2  refills: 101 max: 51 slow allocs: 0 max 0 waste:  0.2% gc: 17944B max: 17944B slow: 2568B max: 1296B
[4.510s][debug][gc,ref         ] GC(87) Skipped SoftWeakFinalRefsPhase of Reference Processing: no references
[4.510s][debug][gc,ref         ] GC(87) Skipped KeepAliveFinalRefsPhase of Reference Processing: no references
[4.510s][debug][gc,ref         ] GC(87) Skipped PhantomRefsPhase of Reference Processing: no references
[4.510s][debug][gc,phases,ref  ] GC(87) Reference Processing: 0.0ms
[4.510s][debug][gc,phases,ref  ] GC(87)   Notify Soft/WeakReferences: 0.0ms
[4.510s][debug][gc,phases,ref  ] GC(87)     SoftRef: skipped
[4.510s][debug][gc,phases,ref  ] GC(87)     WeakRef: skipped
[4.510s][debug][gc,phases,ref  ] GC(87)     FinalRef: skipped
[4.510s][debug][gc,phases,ref  ] GC(87)     Total: skipped
[4.510s][debug][gc,phases,ref  ] GC(87)   Notify and keep alive finalizable: 0.0ms
[4.510s][debug][gc,phases,ref  ] GC(87)     FinalRef: skipped
[4.510s][debug][gc,phases,ref  ] GC(87)   Notify PhantomReferences: 0.0ms
[4.510s][debug][gc,phases,ref  ] GC(87)     PhantomRef: skipped
[4.510s][debug][gc,phases,ref  ] GC(87)   SoftReference Discovered: 0, Dropped: 0, Processed: 0
[4.510s][debug][gc,phases,ref  ] GC(87)   WeakReference Discovered: 0, Dropped: 0, Processed: 0
[4.510s][debug][gc,phases,ref  ] GC(87)   FinalReference Discovered: 0, Dropped: 0, Processed: 0
[4.510s][debug][gc,phases,ref  ] GC(87)   PhantomReference Discovered: 0, Dropped: 0, Processed: 0
[4.510s][debug][gc,age         ] GC(87) Desired survivor size 557056 bytes, new threshold 15 (max threshold 15)
[4.510s][info ][gc,heap        ] GC(87) DefNew: 8832K(9920K)->0K(9920K) Eden: 8832K(8832K)->0K(8832K) From: 0K(1088K)->0K(1088K)
[4.510s][info ][gc,heap        ] GC(87) Tenured: 2071K(21888K)->2071K(21888K)
[4.510s][info ][gc,metaspace   ] GC(87) Metaspace: 369K(512K)->369K(512K) NonClass: 306K(384K)->306K(384K) Class: 63K(128K)->63K(128K)
[4.510s][debug][gc,heap        ] GC(87) Heap after GC invocations=88 (full 4):
[4.510s][debug][gc,heap        ] GC(87)  def new generation   total 9920K, used 0K [0x0000120000200000, 0x0000120000cc0000, 0x000012000aca0000)
[4.510s][debug][gc,heap        ] GC(87)   eden space 8832K,   0% used [0x0000120000200000, 0x0000120000200000, 0x0000120000aa0000)
[4.510s][debug][gc,heap        ] GC(87)   from space 1088K,   0% used [0x0000120000aa0000, 0x0000120000aa00e8, 0x0000120000bb0000)
[4.510s][debug][gc,heap        ] GC(87)   to   space 1088K,   0% used [0x0000120000bb0000, 0x0000120000bb0000, 0x0000120000cc0000)
[4.510s][debug][gc,heap        ] GC(87)  tenured generation   total 21888K, used 2071K [0x000012000aca0000, 0x000012000c200000, 0x0000120020200000)
[4.510s][debug][gc,heap        ] GC(87)    the space 21888K,   9% used [0x000012000aca0000, 0x000012000aea5db8, 0x000012000aea5e00, 0x000012000c200000)
[4.510s][debug][gc,heap        ] GC(87)  Metaspace       used 369K, committed 512K, reserved 1114112K
[4.510s][debug][gc,heap        ] GC(87)   class space    used 63K, committed 128K, reserved 1048576K
[4.510s][info ][gc             ] GC(87) Pause Young (Allocation Failure) 10M->2M(31M) 0.434ms
[4.510s][info ][gc,cpu         ] GC(87) User=0.00s Sys=0.00s Real=0.01s
[4.510s][info ][safepoint      ] Safepoint "GenCollectForAllocation", Time since last: 47864912 ns, Reaching safepoint: 3470 ns, Cleanup: 3628 ns, At safepoint: 455674 ns, Total: 462772 ns
[4.561s][info ][gc,start       ] GC(88) Pause Young (Allocation Failure)
[4.561s][debug][gc,heap        ] GC(88) Heap before GC invocations=88 (full 4):
[4.561s][debug][gc,heap        ] GC(88)  def new generation   total 9920K, used 8832K [0x0000120000200000, 0x0000120000cc0000, 0x000012000aca0000)
[4.561s][debug][gc,heap        ] GC(88)   eden space 8832K, 100% used [0x0000120000200000, 0x0000120000aa0000, 0x0000120000aa0000)
[4.561s][debug][gc,heap        ] GC(88)   from space 1088K,   0% used [0x0000120000aa0000, 0x0000120000aa00e8, 0x0000120000bb0000)
[4.561s][debug][gc,heap        ] GC(88)   to   space 1088K,   0% used [0x0000120000bb0000, 0x0000120000bb0000, 0x0000120000cc0000)
[4.561s][debug][gc,heap        ] GC(88)  tenured generation   total 21888K, used 2071K [0x000012000aca0000, 0x000012000c200000, 0x0000120020200000)
[4.561s][debug][gc,heap        ] GC(88)    the space 21888K,   9% used [0x000012000aca0000, 0x000012000aea5db8, 0x000012000aea5e00, 0x000012000c200000)
[4.561s][debug][gc,heap        ] GC(88)  Metaspace       used 369K, committed 512K, reserved 1114112K
[4.562s][debug][gc,heap        ] GC(88)   class space    used 63K, committed 128K, reserved 1048576K
[4.562s][debug][gc,tlab        ] GC(88) TLAB totals: thrds: 2  refills: 101 max: 53 slow allocs: 0 max 0 waste:  0.2% gc: 12520B max: 12520B slow: 2744B max: 1472B
[4.562s][debug][gc,ref         ] GC(88) Skipped SoftWeakFinalRefsPhase of Reference Processing: no references
[4.562s][debug][gc,ref         ] GC(88) Skipped KeepAliveFinalRefsPhase of Reference Processing: no references
[4.562s][debug][gc,ref         ] GC(88) Skipped PhantomRefsPhase of Reference Processing: no references
[4.562s][debug][gc,phases,ref  ] GC(88) Reference Processing: 0.0ms
[4.562s][debug][gc,phases,ref  ] GC(88)   Notify Soft/WeakReferences: 0.0ms
[4.562s][debug][gc,phases,ref  ] GC(88)     SoftRef: skipped
[4.562s][debug][gc,phases,ref  ] GC(88)     WeakRef: skipped
[4.562s][debug][gc,phases,ref  ] GC(88)     FinalRef: skipped
[4.562s][debug][gc,phases,ref  ] GC(88)     Total: skipped
[4.562s][debug][gc,phases,ref  ] GC(88)   Notify and keep alive finalizable: 0.0ms
[4.562s][debug][gc,phases,ref  ] GC(88)     FinalRef: skipped
[4.562s][debug][gc,phases,ref  ] GC(88)   Notify PhantomReferences: 0.0ms
[4.562s][debug][gc,phases,ref  ] GC(88)     PhantomRef: skipped
[4.562s][debug][gc,phases,ref  ] GC(88)   SoftReference Discovered: 0, Dropped: 0, Processed: 0
[4.562s][debug][gc,phases,ref  ] GC(88)   WeakReference Discovered: 0, Dropped: 0, Processed: 0
[4.562s][debug][gc,phases,ref  ] GC(88)   FinalReference Discovered: 0, Dropped: 0, Processed: 0
[4.562s][debug][gc,phases,ref  ] GC(88)   PhantomReference Discovered: 0, Dropped: 0, Processed: 0
[4.562s][debug][gc,age         ] GC(88) Desired survivor size 557056 bytes, new threshold 15 (max threshold 15)
[4.562s][info ][gc,heap        ] GC(88) DefNew: 8832K(9920K)->0K(9920K) Eden: 8832K(8832K)->0K(8832K) From: 0K(1088K)->0K(1088K)
[4.562s][info ][gc,heap        ] GC(88) Tenured: 2071K(21888K)->2071K(21888K)
[4.562s][info ][gc,metaspace   ] GC(88) Metaspace: 369K(512K)->369K(512K) NonClass: 306K(384K)->306K(384K) Class: 63K(128K)->63K(128K)
[4.562s][debug][gc,heap        ] GC(88) Heap after GC invocations=89 (full 4):
[4.562s][debug][gc,heap        ] GC(88)  def new generation   total 9920K, used 0K [0x0000120000200000, 0x0000120000cc0000, 0x000012000aca0000)
[4.562s][debug][gc,heap        ] GC(88)   eden space 8832K,   0% used [0x0000120000200000, 0x0000120000200000, 0x0000120000aa0000)
[4.562s][debug][gc,heap        ] GC(88)   from space 1088K,   0% used [0x0000120000bb0000, 0x0000120000bb0180, 0x0000120000cc0000)
[4.562s][debug][gc,heap        ] GC(88)   to   space 1088K,   0% used [0x0000120000aa0000, 0x0000120000aa0000, 0x0000120000bb0000)
[4.562s][debug][gc,heap        ] GC(88)  tenured generation   total 21888K, used 2071K [0x000012000aca0000, 0x000012000c200000, 0x0000120020200000)
[4.562s][debug][gc,heap        ] GC(88)    the space 21888K,   9% used [0x000012000aca0000, 0x000012000aea5db8, 0x000012000aea5e00, 0x000012000c200000)
[4.562s][debug][gc,heap        ] GC(88)  Metaspace       used 369K, committed 512K, reserved 1114112K
[4.562s][debug][gc,heap        ] GC(88)   class space    used 63K, committed 128K, reserved 1048576K
[4.562s][info ][gc             ] GC(88) Pause Young (Allocation Failure) 10M->2M(31M) 0.552ms
[4.562s][info ][gc,cpu         ] GC(88) User=0.00s Sys=0.00s Real=0.00s
[4.562s][info ][safepoint      ] Safepoint "GenCollectForAllocation", Time since last: 50804512 ns, Reaching safepoint: 76952 ns, Cleanup: 3319 ns, At safepoint: 593475 ns, Total: 673746 ns
[4.611s][info ][gc,start       ] GC(89) Pause Young (Allocation Failure)
[4.611s][debug][gc,heap        ] GC(89) Heap before GC invocations=89 (full 4):
[4.611s][debug][gc,heap        ] GC(89)  def new generation   total 9920K, used 8832K [0x0000120000200000, 0x0000120000cc0000, 0x000012000aca0000)
[4.611s][debug][gc,heap        ] GC(89)   eden space 8832K, 100% used [0x0000120000200000, 0x0000120000aa0000, 0x0000120000aa0000)
[4.611s][debug][gc,heap        ] GC(89)   from space 1088K,   0% used [0x0000120000bb0000, 0x0000120000bb0180, 0x0000120000cc0000)
[4.611s][debug][gc,heap        ] GC(89)   to   space 1088K,   0% used [0x0000120000aa0000, 0x0000120000aa0000, 0x0000120000bb0000)
[4.611s][debug][gc,heap        ] GC(89)  tenured generation   total 21888K, used 2071K [0x000012000aca0000, 0x000012000c200000, 0x0000120020200000)
[4.611s][debug][gc,heap        ] GC(89)    the space 21888K,   9% used [0x000012000aca0000, 0x000012000aea5db8, 0x000012000aea5e00, 0x000012000c200000)
[4.611s][debug][gc,heap        ] GC(89)  Metaspace       used 369K, committed 512K, reserved 1114112K
[4.611s][debug][gc,heap        ] GC(89)   class space    used 63K, committed 128K, reserved 1048576K
[4.611s][debug][gc,tlab        ] GC(89) TLAB totals: thrds: 2  refills: 101 max: 51 slow allocs: 0 max 0 waste:  0.1% gc: 5264B max: 5264B slow: 2832B max: 1512B
[4.612s][debug][gc,ref         ] GC(89) Skipped SoftWeakFinalRefsPhase of Reference Processing: no references
[4.612s][debug][gc,ref         ] GC(89) Skipped KeepAliveFinalRefsPhase of Reference Processing: no references
[4.612s][debug][gc,ref         ] GC(89) Skipped PhantomRefsPhase of Reference Processing: no references
[4.612s][debug][gc,phases,ref  ] GC(89) Reference Processing: 0.0ms
[4.612s][debug][gc,phases,ref  ] GC(89)   Notify Soft/WeakReferences: 0.0ms
[4.612s][debug][gc,phases,ref  ] GC(89)     SoftRef: skipped
[4.612s][debug][gc,phases,ref  ] GC(89)     WeakRef: skipped
[4.612s][debug][gc,phases,ref  ] GC(89)     FinalRef: skipped
[4.612s][debug][gc,phases,ref  ] GC(89)     Total: skipped
[4.612s][debug][gc,phases,ref  ] GC(89)   Notify and keep alive finalizable: 0.0ms
[4.612s][debug][gc,phases,ref  ] GC(89)     FinalRef: skipped
[4.612s][debug][gc,phases,ref  ] GC(89)   Notify PhantomReferences: 0.0ms
[4.612s][debug][gc,phases,ref  ] GC(89)     PhantomRef: skipped
[4.612s][debug][gc,phases,ref  ] GC(89)   SoftReference Discovered: 0, Dropped: 0, Processed: 0
[4.612s][debug][gc,phases,ref  ] GC(89)   WeakReference Discovered: 0, Dropped: 0, Processed: 0
[4.612s][debug][gc,phases,ref  ] GC(89)   FinalReference Discovered: 0, Dropped: 0, Processed: 0
[4.612s][debug][gc,phases,ref  ] GC(89)   PhantomReference Discovered: 0, Dropped: 0, Processed: 0
[4.612s][debug][gc,age         ] GC(89) Desired survivor size 557056 bytes, new threshold 15 (max threshold 15)
[4.612s][info ][gc,heap        ] GC(89) DefNew: 8832K(9920K)->0K(9920K) Eden: 8832K(8832K)->0K(8832K) From: 0K(1088K)->0K(1088K)
[4.612s][info ][gc,heap        ] GC(89) Tenured: 2071K(21888K)->2071K(21888K)
[4.612s][info ][gc,metaspace   ] GC(89) Metaspace: 369K(512K)->369K(512K) NonClass: 306K(384K)->306K(384K) Class: 63K(128K)->63K(128K)
[4.612s][debug][gc,heap        ] GC(89) Heap after GC invocations=90 (full 4):
[4.612s][debug][gc,heap        ] GC(89)  def new generation   total 9920K, used 0K [0x0000120000200000, 0x0000120000cc0000, 0x000012000aca0000)
[4.612s][debug][gc,heap        ] GC(89)   eden space 8832K,   0% used [0x0000120000200000, 0x0000120000200000, 0x0000120000aa0000)
[4.612s][debug][gc,heap        ] GC(89)   from space 1088K,   0% used [0x0000120000aa0000, 0x0000120000aa00f8, 0x0000120000bb0000)
[4.612s][debug][gc,heap        ] GC(89)   to   space 1088K,   0% used [0x0000120000bb0000, 0x0000120000bb0000, 0x0000120000cc0000)
[4.612s][debug][gc,heap        ] GC(89)  tenured generation   total 21888K, used 2071K [0x000012000aca0000, 0x000012000c200000, 0x0000120020200000)
[4.612s][debug][gc,heap        ] GC(89)    the space 21888K,   9% used [0x000012000aca0000, 0x000012000aea5db8, 0x000012000aea5e00, 0x000012000c200000)
[4.612s][debug][gc,heap        ] GC(89)  Metaspace       used 369K, committed 512K, reserved 1114112K
[4.612s][debug][gc,heap        ] GC(89)   class space    used 63K, committed 128K, reserved 1048576K
[4.612s][info ][gc             ] GC(89) Pause Young (Allocation Failure) 10M->2M(31M) 0.582ms
[4.612s][info ][gc,cpu         ] GC(89) User=0.00s Sys=0.00s Real=0.00s
[4.612s][info ][safepoint      ] Safepoint "GenCollectForAllocation", Time since last: 49326466 ns, Reaching safepoint: 3404 ns, Cleanup: 3600 ns, At safepoint: 624925 ns, Total: 631929 ns
[4.661s][info ][gc,start       ] GC(90) Pause Young (Allocation Failure)
[4.661s][debug][gc,heap        ] GC(90) Heap before GC invocations=90 (full 4):
[4.661s][debug][gc,heap        ] GC(90)  def new generation   total 9920K, used 8832K [0x0000120000200000, 0x0000120000cc0000, 0x000012000aca0000)
[4.661s][debug][gc,heap        ] GC(90)   eden space 8832K, 100% used [0x0000120000200000, 0x0000120000aa0000, 0x0000120000aa0000)
[4.661s][debug][gc,heap        ] GC(90)   from space 1088K,   0% used [0x0000120000aa0000, 0x0000120000aa00f8, 0x0000120000bb0000)
[4.661s][debug][gc,heap        ] GC(90)   to   space 1088K,   0% used [0x0000120000bb0000, 0x0000120000bb0000, 0x0000120000cc0000)
[4.661s][debug][gc,heap        ] GC(90)  tenured generation   total 21888K, used 2071K [0x000012000aca0000, 0x000012000c200000, 0x0000120020200000)
[4.661s][debug][gc,heap        ] GC(90)    the space 21888K,   9% used [0x000012000aca0000, 0x000012000aea5db8, 0x000012000aea5e00, 0x000012000c200000)
[4.661s][debug][gc,heap        ] GC(90)  Metaspace       used 369K, committed 512K, reserved 1114112K
[4.661s][debug][gc,heap        ] GC(90)   class space    used 63K, committed 128K, reserved 1048576K
[4.661s][debug][gc,tlab        ] GC(90) TLAB totals: thrds: 2  refills: 101 max: 51 slow allocs: 0 max 0 waste:  0.5% gc: 44496B max: 44496B slow: 2760B max: 1528B
[4.661s][debug][gc,ref         ] GC(90) Skipped SoftWeakFinalRefsPhase of Reference Processing: no references
[4.661s][debug][gc,ref         ] GC(90) Skipped KeepAliveFinalRefsPhase of Reference Processing: no references
[4.661s][debug][gc,ref         ] GC(90) Skipped PhantomRefsPhase of Reference Processing: no references
[4.661s][debug][gc,phases,ref  ] GC(90) Reference Processing: 0.0ms
[4.661s][debug][gc,phases,ref  ] GC(90)   Notify Soft/WeakReferences: 0.0ms
[4.661s][debug][gc,phases,ref  ] GC(90)     SoftRef: skipped
[4.661s][debug][gc,phases,ref  ] GC(90)     WeakRef: skipped
[4.661s][debug][gc,phases,ref  ] GC(90)     FinalRef: skipped
[4.661s][debug][gc,phases,ref  ] GC(90)     Total: skipped
[4.661s][debug][gc,phases,ref  ] GC(90)   Notify and keep alive finalizable: 0.0ms
[4.661s][debug][gc,phases,ref  ] GC(90)     FinalRef: skipped
[4.661s][debug][gc,phases,ref  ] GC(90)   Notify PhantomReferences: 0.0ms
[4.661s][debug][gc,phases,ref  ] GC(90)     PhantomRef: skipped
[4.661s][debug][gc,phases,ref  ] GC(90)   SoftReference Discovered: 0, Dropped: 0, Processed: 0
[4.661s][debug][gc,phases,ref  ] GC(90)   WeakReference Discovered: 0, Dropped: 0, Processed: 0
[4.661s][debug][gc,phases,ref  ] GC(90)   FinalReference Discovered: 0, Dropped: 0, Processed: 0
[4.661s][debug][gc,phases,ref  ] GC(90)   PhantomReference Discovered: 0, Dropped: 0, Processed: 0
[4.661s][debug][gc,age         ] GC(90) Desired survivor size 557056 bytes, new threshold 15 (max threshold 15)
[4.661s][info ][gc,heap        ] GC(90) DefNew: 8832K(9920K)->0K(9920K) Eden: 8832K(8832K)->0K(8832K) From: 0K(1088K)->0K(1088K)
[4.661s][info ][gc,heap        ] GC(90) Tenured: 2071K(21888K)->2071K(21888K)
[4.661s][info ][gc,metaspace   ] GC(90) Metaspace: 369K(512K)->369K(512K) NonClass: 306K(384K)->306K(384K) Class: 63K(128K)->63K(128K)
[4.661s][debug][gc,heap        ] GC(90) Heap after GC invocations=91 (full 4):
[4.661s][debug][gc,heap        ] GC(90)  def new generation   total 9920K, used 0K [0x0000120000200000, 0x0000120000cc0000, 0x000012000aca0000)
[4.661s][debug][gc,heap        ] GC(90)   eden space 8832K,   0% used [0x0000120000200000, 0x0000120000200000, 0x0000120000aa0000)
[4.661s][debug][gc,heap        ] GC(90)   from space 1088K,   0% used [0x0000120000bb0000, 0x0000120000bb0160, 0x0000120000cc0000)
[4.661s][debug][gc,heap        ] GC(90)   to   space 1088K,   0% used [0x0000120000aa0000, 0x0000120000aa0000, 0x0000120000bb0000)
[4.661s][debug][gc,heap        ] GC(90)  tenured generation   total 21888K, used 2071K [0x000012000aca0000, 0x000012000c200000, 0x0000120020200000)
[4.661s][debug][gc,heap        ] GC(90)    the space 21888K,   9% used [0x000012000aca0000, 0x000012000aea5db8, 0x000012000aea5e00, 0x000012000c200000)
[4.661s][debug][gc,heap        ] GC(90)  Metaspace       used 369K, committed 512K, reserved 1114112K
[4.661s][debug][gc,heap        ] GC(90)   class space    used 63K, committed 128K, reserved 1048576K
[4.661s][info ][gc             ] GC(90) Pause Young (Allocation Failure) 10M->2M(31M) 0.560ms
[4.661s][info ][gc,cpu         ] GC(90) User=0.00s Sys=0.00s Real=0.00s
[4.661s][info ][safepoint      ] Safepoint "GenCollectForAllocation", Time since last: 48543792 ns, Reaching safepoint: 75154 ns, Cleanup: 3320 ns, At safepoint: 598929 ns, Total: 677403 ns
[4.710s][info ][gc,start       ] GC(91) Pause Young (Allocation Failure)
[4.710s][debug][gc,heap        ] GC(91) Heap before GC invocations=91 (full 4):
[4.710s][debug][gc,heap        ] GC(91)  def new generation   total 9920K, used 8832K [0x0000120000200000, 0x0000120000cc0000, 0x000012000aca0000)
[4.710s][debug][gc,heap        ] GC(91)   eden space 8832K, 100% used [0x0000120000200000, 0x0000120000aa0000, 0x0000120000aa0000)
[4.710s][debug][gc,heap        ] GC(91)   from space 1088K,   0% used [0x0000120000bb0000, 0x0000120000bb0160, 0x0000120000cc0000)
[4.710s][debug][gc,heap        ] GC(91)   to   space 1088K,   0% used [0x0000120000aa0000, 0x0000120000aa0000, 0x0000120000bb0000)
[4.710s][debug][gc,heap        ] GC(91)  tenured generation   total 21888K, used 2071K [0x000012000aca0000, 0x000012000c200000, 0x0000120020200000)
[4.710s][debug][gc,heap        ] GC(91)    the space 21888K,   9% used [0x000012000aca0000, 0x000012000aea5db8, 0x000012000aea5e00, 0x000012000c200000)
[4.710s][debug][gc,heap        ] GC(91)  Metaspace       used 369K, committed 512K, reserved 1114112K
[4.710s][debug][gc,heap        ] GC(91)   class space    used 63K, committed 128K, reserved 1048576K
[4.710s][debug][gc,tlab        ] GC(91) TLAB totals: thrds: 2  refills: 101 max: 51 slow allocs: 0 max 0 waste:  0.4% gc: 29376B max: 29376B slow: 2360B max: 1376B
[4.710s][debug][gc,ref         ] GC(91) Skipped SoftWeakFinalRefsPhase of Reference Processing: no references
[4.710s][debug][gc,ref         ] GC(91) Skipped KeepAliveFinalRefsPhase of Reference Processing: no references
[4.710s][debug][gc,ref         ] GC(91) Skipped PhantomRefsPhase of Reference Processing: no references
[4.710s][debug][gc,phases,ref  ] GC(91) Reference Processing: 0.0ms
[4.710s][debug][gc,phases,ref  ] GC(91)   Notify Soft/WeakReferences: 0.0ms
[4.710s][debug][gc,phases,ref  ] GC(91)     SoftRef: skipped
[4.710s][debug][gc,phases,ref  ] GC(91)     WeakRef: skipped
[4.710s][debug][gc,phases,ref  ] GC(91)     FinalRef: skipped
[4.710s][debug][gc,phases,ref  ] GC(91)     Total: skipped
[4.710s][debug][gc,phases,ref  ] GC(91)   Notify and keep alive finalizable: 0.0ms
[4.710s][debug][gc,phases,ref  ] GC(91)     FinalRef: skipped
[4.710s][debug][gc,phases,ref  ] GC(91)   Notify PhantomReferences: 0.0ms
[4.710s][debug][gc,phases,ref  ] GC(91)     PhantomRef: skipped
[4.710s][debug][gc,phases,ref  ] GC(91)   SoftReference Discovered: 0, Dropped: 0, Processed: 0
[4.710s][debug][gc,phases,ref  ] GC(91)   WeakReference Discovered: 0, Dropped: 0, Processed: 0
[4.710s][debug][gc,phases,ref  ] GC(91)   FinalReference Discovered: 0, Dropped: 0, Processed: 0
[4.710s][debug][gc,phases,ref  ] GC(91)   PhantomReference Discovered: 0, Dropped: 0, Processed: 0
[4.710s][debug][gc,age         ] GC(91) Desired survivor size 557056 bytes, new threshold 15 (max threshold 15)
[4.710s][info ][gc,heap        ] GC(91) DefNew: 8832K(9920K)->0K(9920K) Eden: 8832K(8832K)->0K(8832K) From: 0K(1088K)->0K(1088K)
[4.710s][info ][gc,heap        ] GC(91) Tenured: 2071K(21888K)->2071K(21888K)
[4.710s][info ][gc,metaspace   ] GC(91) Metaspace: 369K(512K)->369K(512K) NonClass: 306K(384K)->306K(384K) Class: 63K(128K)->63K(128K)
[4.710s][debug][gc,heap        ] GC(91) Heap after GC invocations=92 (full 4):
[4.710s][debug][gc,heap        ] GC(91)  def new generation   total 9920K, used 0K [0x0000120000200000, 0x0000120000cc0000, 0x000012000aca0000)
[4.710s][debug][gc,heap        ] GC(91)   eden space 8832K,   0% used [0x0000120000200000, 0x0000120000200000, 0x0000120000aa0000)
[4.710s][debug][gc,heap        ] GC(91)   from space 1088K,   0% used [0x0000120000aa0000, 0x0000120000aa0140, 0x0000120000bb0000)
[4.710s][debug][gc,heap        ] GC(91)   to   space 1088K,   0% used [0x0000120000bb0000, 0x0000120000bb0000, 0x0000120000cc0000)
[4.710s][debug][gc,heap        ] GC(91)  tenured generation   total 21888K, used 2071K [0x000012000aca0000, 0x000012000c200000, 0x0000120020200000)
[4.710s][debug][gc,heap        ] GC(91)    the space 21888K,   9% used [0x000012000aca0000, 0x000012000aea5db8, 0x000012000aea5e00, 0x000012000c200000)
[4.710s][debug][gc,heap        ] GC(91)  Metaspace       used 369K, committed 512K, reserved 1114112K
[4.710s][debug][gc,heap        ] GC(91)   class space    used 63K, committed 128K, reserved 1048576K
[4.710s][info ][gc             ] GC(91) Pause Young (Allocation Failure) 10M->2M(31M) 0.574ms
[4.710s][info ][gc,cpu         ] GC(91) User=0.00s Sys=0.00s Real=0.01s
[4.710s][info ][safepoint      ] Safepoint "GenCollectForAllocation", Time since last: 48626949 ns, Reaching safepoint: 3520 ns, Cleanup: 3736 ns, At safepoint: 594652 ns, Total: 601908 ns
[4.769s][info ][gc,start       ] GC(92) Pause Young (Allocation Failure)
[4.769s][debug][gc,heap        ] GC(92) Heap before GC invocations=92 (full 4):
[4.769s][debug][gc,heap        ] GC(92)  def new generation   total 9920K, used 8832K [0x0000120000200000, 0x0000120000cc0000, 0x000012000aca0000)
[4.769s][debug][gc,heap        ] GC(92)   eden space 8832K, 100% used [0x0000120000200000, 0x0000120000aa0000, 0x0000120000aa0000)
[4.769s][debug][gc,heap        ] GC(92)   from space 1088K,   0% used [0x0000120000aa0000, 0x0000120000aa0140, 0x0000120000bb0000)
[4.769s][debug][gc,heap        ] GC(92)   to   space 1088K,   0% used [0x0000120000bb0000, 0x0000120000bb0000, 0x0000120000cc0000)
[4.769s][debug][gc,heap        ] GC(92)  tenured generation   total 21888K, used 2071K [0x000012000aca0000, 0x000012000c200000, 0x0000120020200000)
[4.769s][debug][gc,heap        ] GC(92)    the space 21888K,   9% used [0x000012000aca0000, 0x000012000aea5db8, 0x000012000aea5e00, 0x000012000c200000)
[4.769s][debug][gc,heap        ] GC(92)  Metaspace       used 369K, committed 512K, reserved 1114112K
[4.769s][debug][gc,heap        ] GC(92)   class space    used 63K, committed 128K, reserved 1048576K
[4.769s][debug][gc,tlab        ] GC(92) TLAB totals: thrds: 2  refills: 101 max: 60 slow allocs: 0 max 0 waste:  0.0% gc: 0B max: 0B slow: 3056B max: 1760B
[4.769s][debug][gc,ref         ] GC(92) Skipped SoftWeakFinalRefsPhase of Reference Processing: no references
[4.769s][debug][gc,ref         ] GC(92) Skipped KeepAliveFinalRefsPhase of Reference Processing: no references
[4.769s][debug][gc,ref         ] GC(92) Skipped PhantomRefsPhase of Reference Processing: no references
[4.770s][debug][gc,phases,ref  ] GC(92) Reference Processing: 0.0ms
[4.770s][debug][gc,phases,ref  ] GC(92)   Notify Soft/WeakReferences: 0.0ms
[4.770s][debug][gc,phases,ref  ] GC(92)     SoftRef: skipped
[4.770s][debug][gc,phases,ref  ] GC(92)     WeakRef: skipped
[4.770s][debug][gc,phases,ref  ] GC(92)     FinalRef: skipped
[4.770s][debug][gc,phases,ref  ] GC(92)     Total: skipped
[4.770s][debug][gc,phases,ref  ] GC(92)   Notify and keep alive finalizable: 0.0ms
[4.770s][debug][gc,phases,ref  ] GC(92)     FinalRef: skipped
[4.770s][debug][gc,phases,ref  ] GC(92)   Notify PhantomReferences: 0.0ms
[4.770s][debug][gc,phases,ref  ] GC(92)     PhantomRef: skipped
[4.770s][debug][gc,phases,ref  ] GC(92)   SoftReference Discovered: 0, Dropped: 0, Processed: 0
[4.770s][debug][gc,phases,ref  ] GC(92)   WeakReference Discovered: 0, Dropped: 0, Processed: 0
[4.770s][debug][gc,phases,ref  ] GC(92)   FinalReference Discovered: 0, Dropped: 0, Processed: 0
[4.770s][debug][gc,phases,ref  ] GC(92)   PhantomReference Discovered: 0, Dropped: 0, Processed: 0
[4.770s][debug][gc,age         ] GC(92) Desired survivor size 557056 bytes, new threshold 15 (max threshold 15)
[4.770s][info ][gc,heap        ] GC(92) DefNew: 8832K(9920K)->0K(9920K) Eden: 8832K(8832K)->0K(8832K) From: 0K(1088K)->0K(1088K)
[4.770s][info ][gc,heap        ] GC(92) Tenured: 2071K(21888K)->2071K(21888K)
[4.770s][info ][gc,metaspace   ] GC(92) Metaspace: 369K(512K)->369K(512K) NonClass: 306K(384K)->306K(384K) Class: 63K(128K)->63K(128K)
[4.770s][debug][gc,heap        ] GC(92) Heap after GC invocations=93 (full 4):
[4.770s][debug][gc,heap        ] GC(92)  def new generation   total 9920K, used 0K [0x0000120000200000, 0x0000120000cc0000, 0x000012000aca0000)
[4.770s][debug][gc,heap        ] GC(92)   eden space 8832K,   0% used [0x0000120000200000, 0x0000120000200000, 0x0000120000aa0000)
[4.770s][debug][gc,heap        ] GC(92)   from space 1088K,   0% used [0x0000120000bb0000, 0x0000120000bb0118, 0x0000120000cc0000)
[4.770s][debug][gc,heap        ] GC(92)   to   space 1088K,   0% used [0x0000120000aa0000, 0x0000120000aa0000, 0x0000120000bb0000)
[4.770s][debug][gc,heap        ] GC(92)  tenured generation   total 21888K, used 2071K [0x000012000aca0000, 0x000012000c200000, 0x0000120020200000)
[4.770s][debug][gc,heap        ] GC(92)    the space 21888K,   9% used [0x000012000aca0000, 0x000012000aea5db8, 0x000012000aea5e00, 0x000012000c200000)
[4.770s][debug][gc,heap        ] GC(92)  Metaspace       used 369K, committed 512K, reserved 1114112K
[4.770s][debug][gc,heap        ] GC(92)   class space    used 63K, committed 128K, reserved 1048576K
[4.770s][info ][gc             ] GC(92) Pause Young (Allocation Failure) 10M->2M(31M) 0.552ms
[4.770s][info ][gc,cpu         ] GC(92) User=0.00s Sys=0.00s Real=0.00s
[4.770s][info ][safepoint      ] Safepoint "GenCollectForAllocation", Time since last: 58854280 ns, Reaching safepoint: 3047 ns, Cleanup: 3556 ns, At safepoint: 587562 ns, Total: 594165 ns
[4.819s][info ][gc,start       ] GC(93) Pause Young (Allocation Failure)
[4.819s][debug][gc,heap        ] GC(93) Heap before GC invocations=93 (full 4):
[4.819s][debug][gc,heap        ] GC(93)  def new generation   total 9920K, used 8832K [0x0000120000200000, 0x0000120000cc0000, 0x000012000aca0000)
[4.819s][debug][gc,heap        ] GC(93)   eden space 8832K, 100% used [0x0000120000200000, 0x0000120000aa0000, 0x0000120000aa0000)
[4.819s][debug][gc,heap        ] GC(93)   from space 1088K,   0% used [0x0000120000bb0000, 0x0000120000bb0118, 0x0000120000cc0000)
[4.819s][debug][gc,heap        ] GC(93)   to   space 1088K,   0% used [0x0000120000aa0000, 0x0000120000aa0000, 0x0000120000bb0000)
[4.819s][debug][gc,heap        ] GC(93)  tenured generation   total 21888K, used 2071K [0x000012000aca0000, 0x000012000c200000, 0x0000120020200000)
[4.819s][debug][gc,heap        ] GC(93)    the space 21888K,   9% used [0x000012000aca0000, 0x000012000aea5db8, 0x000012000aea5e00, 0x000012000c200000)
[4.819s][debug][gc,heap        ] GC(93)  Metaspace       used 369K, committed 512K, reserved 1114112K
[4.819s][debug][gc,heap        ] GC(93)   class space    used 63K, committed 128K, reserved 1048576K
[4.819s][debug][gc,tlab        ] GC(93) TLAB totals: thrds: 2  refills: 101 max: 54 slow allocs: 0 max 0 waste:  0.5% gc: 43096B max: 43096B slow: 2128B max: 1256B
[4.819s][debug][gc,ref         ] GC(93) Skipped SoftWeakFinalRefsPhase of Reference Processing: no references
[4.819s][debug][gc,ref         ] GC(93) Skipped KeepAliveFinalRefsPhase of Reference Processing: no references
[4.819s][debug][gc,ref         ] GC(93) Skipped PhantomRefsPhase of Reference Processing: no references
[4.819s][debug][gc,phases,ref  ] GC(93) Reference Processing: 0.0ms
[4.819s][debug][gc,phases,ref  ] GC(93)   Notify Soft/WeakReferences: 0.0ms
[4.819s][debug][gc,phases,ref  ] GC(93)     SoftRef: skipped
[4.819s][debug][gc,phases,ref  ] GC(93)     WeakRef: skipped
[4.819s][debug][gc,phases,ref  ] GC(93)     FinalRef: skipped
[4.819s][debug][gc,phases,ref  ] GC(93)     Total: skipped
[4.819s][debug][gc,phases,ref  ] GC(93)   Notify and keep alive finalizable: 0.0ms
[4.819s][debug][gc,phases,ref  ] GC(93)     FinalRef: skipped
[4.819s][debug][gc,phases,ref  ] GC(93)   Notify PhantomReferences: 0.0ms
[4.819s][debug][gc,phases,ref  ] GC(93)     PhantomRef: skipped
[4.819s][debug][gc,phases,ref  ] GC(93)   SoftReference Discovered: 0, Dropped: 0, Processed: 0
[4.819s][debug][gc,phases,ref  ] GC(93)   WeakReference Discovered: 0, Dropped: 0, Processed: 0
[4.819s][debug][gc,phases,ref  ] GC(93)   FinalReference Discovered: 0, Dropped: 0, Processed: 0
[4.819s][debug][gc,phases,ref  ] GC(93)   PhantomReference Discovered: 0, Dropped: 0, Processed: 0
[4.819s][debug][gc,age         ] GC(93) Desired survivor size 557056 bytes, new threshold 15 (max threshold 15)
[4.819s][info ][gc,heap        ] GC(93) DefNew: 8832K(9920K)->0K(9920K) Eden: 8832K(8832K)->0K(8832K) From: 0K(1088K)->0K(1088K)
[4.819s][info ][gc,heap        ] GC(93) Tenured: 2071K(21888K)->2071K(21888K)
[4.819s][info ][gc,metaspace   ] GC(93) Metaspace: 369K(512K)->369K(512K) NonClass: 306K(384K)->306K(384K) Class: 63K(128K)->63K(128K)
[4.819s][debug][gc,heap        ] GC(93) Heap after GC invocations=94 (full 4):
[4.819s][debug][gc,heap        ] GC(93)  def new generation   total 9920K, used 0K [0x0000120000200000, 0x0000120000cc0000, 0x000012000aca0000)
[4.819s][debug][gc,heap        ] GC(93)   eden space 8832K,   0% used [0x0000120000200000, 0x0000120000200000, 0x0000120000aa0000)
[4.819s][debug][gc,heap        ] GC(93)   from space 1088K,   0% used [0x0000120000aa0000, 0x0000120000aa0130, 0x0000120000bb0000)
[4.819s][debug][gc,heap        ] GC(93)   to   space 1088K,   0% used [0x0000120000bb0000, 0x0000120000bb0000, 0x0000120000cc0000)
[4.819s][debug][gc,heap        ] GC(93)  tenured generation   total 21888K, used 2071K [0x000012000aca0000, 0x000012000c200000, 0x0000120020200000)
[4.819s][debug][gc,heap        ] GC(93)    the space 21888K,   9% used [0x000012000aca0000, 0x000012000aea5db8, 0x000012000aea5e00, 0x000012000c200000)
[4.819s][debug][gc,heap        ] GC(93)  Metaspace       used 369K, committed 512K, reserved 1114112K
[4.819s][debug][gc,heap        ] GC(93)   class space    used 63K, committed 128K, reserved 1048576K
[4.819s][info ][gc             ] GC(93) Pause Young (Allocation Failure) 10M->2M(31M) 0.668ms
[4.819s][info ][gc,cpu         ] GC(93) User=0.00s Sys=0.00s Real=0.00s
[4.819s][info ][safepoint      ] Safepoint "GenCollectForAllocation", Time since last: 48769055 ns, Reaching safepoint: 3572 ns, Cleanup: 3710 ns, At safepoint: 719850 ns, Total: 727132 ns
[4.868s][info ][gc,start       ] GC(94) Pause Young (Allocation Failure)
[4.868s][debug][gc,heap        ] GC(94) Heap before GC invocations=94 (full 4):
[4.868s][debug][gc,heap        ] GC(94)  def new generation   total 9920K, used 8832K [0x0000120000200000, 0x0000120000cc0000, 0x000012000aca0000)
[4.868s][debug][gc,heap        ] GC(94)   eden space 8832K, 100% used [0x0000120000200000, 0x0000120000aa0000, 0x0000120000aa0000)
[4.868s][debug][gc,heap        ] GC(94)   from space 1088K,   0% used [0x0000120000aa0000, 0x0000120000aa0130, 0x0000120000bb0000)
[4.868s][debug][gc,heap        ] GC(94)   to   space 1088K,   0% used [0x0000120000bb0000, 0x0000120000bb0000, 0x0000120000cc0000)
[4.868s][debug][gc,heap        ] GC(94)  tenured generation   total 21888K, used 2071K [0x000012000aca0000, 0x000012000c200000, 0x0000120020200000)
[4.868s][debug][gc,heap        ] GC(94)    the space 21888K,   9% used [0x000012000aca0000, 0x000012000aea5db8, 0x000012000aea5e00, 0x000012000c200000)
[4.868s][debug][gc,heap        ] GC(94)  Metaspace       used 369K, committed 512K, reserved 1114112K
[4.868s][debug][gc,heap        ] GC(94)   class space    used 63K, committed 128K, reserved 1048576K
[4.868s][debug][gc,tlab        ] GC(94) TLAB totals: thrds: 2  refills: 101 max: 53 slow allocs: 0 max 0 waste:  0.4% gc: 35712B max: 35712B slow: 2336B max: 1288B
[4.869s][debug][gc,ref         ] GC(94) Skipped SoftWeakFinalRefsPhase of Reference Processing: no references
[4.869s][debug][gc,ref         ] GC(94) Skipped KeepAliveFinalRefsPhase of Reference Processing: no references
[4.869s][debug][gc,ref         ] GC(94) Skipped PhantomRefsPhase of Reference Processing: no references
[4.869s][debug][gc,phases,ref  ] GC(94) Reference Processing: 0.0ms
[4.869s][debug][gc,phases,ref  ] GC(94)   Notify Soft/WeakReferences: 0.0ms
[4.869s][debug][gc,phases,ref  ] GC(94)     SoftRef: skipped
[4.869s][debug][gc,phases,ref  ] GC(94)     WeakRef: skipped
[4.869s][debug][gc,phases,ref  ] GC(94)     FinalRef: skipped
[4.869s][debug][gc,phases,ref  ] GC(94)     Total: skipped
[4.869s][debug][gc,phases,ref  ] GC(94)   Notify and keep alive finalizable: 0.0ms
[4.869s][debug][gc,phases,ref  ] GC(94)     FinalRef: skipped
[4.869s][debug][gc,phases,ref  ] GC(94)   Notify PhantomReferences: 0.0ms
[4.869s][debug][gc,phases,ref  ] GC(94)     PhantomRef: skipped
[4.869s][debug][gc,phases,ref  ] GC(94)   SoftReference Discovered: 0, Dropped: 0, Processed: 0
[4.869s][debug][gc,phases,ref  ] GC(94)   WeakReference Discovered: 0, Dropped: 0, Processed: 0
[4.869s][debug][gc,phases,ref  ] GC(94)   FinalReference Discovered: 0, Dropped: 0, Processed: 0
[4.869s][debug][gc,phases,ref  ] GC(94)   PhantomReference Discovered: 0, Dropped: 0, Processed: 0
[4.869s][debug][gc,age         ] GC(94) Desired survivor size 557056 bytes, new threshold 15 (max threshold 15)
[4.869s][info ][gc,heap        ] GC(94) DefNew: 8832K(9920K)->0K(9920K) Eden: 8832K(8832K)->0K(8832K) From: 0K(1088K)->0K(1088K)
[4.869s][info ][gc,heap        ] GC(94) Tenured: 2071K(21888K)->2071K(21888K)
[4.869s][info ][gc,metaspace   ] GC(94) Metaspace: 369K(512K)->369K(512K) NonClass: 306K(384K)->306K(384K) Class: 63K(128K)->63K(128K)
[4.869s][debug][gc,heap        ] GC(94) Heap after GC invocations=95 (full 4):
[4.869s][debug][gc,heap        ] GC(94)  def new generation   total 9920K, used 0K [0x0000120000200000, 0x0000120000cc0000, 0x000012000aca0000)
[4.869s][debug][gc,heap        ] GC(94)   eden space 8832K,   0% used [0x0000120000200000, 0x0000120000200000, 0x0000120000aa0000)
[4.869s][debug][gc,heap        ] GC(94)   from space 1088K,   0% used [0x0000120000bb0000, 0x0000120000bb0110, 0x0000120000cc0000)
[4.869s][debug][gc,heap        ] GC(94)   to   space 1088K,   0% used [0x0000120000aa0000, 0x0000120000aa0000, 0x0000120000bb0000)
[4.869s][debug][gc,heap        ] GC(94)  tenured generation   total 21888K, used 2071K [0x000012000aca0000, 0x000012000c200000, 0x0000120020200000)
[4.869s][debug][gc,heap        ] GC(94)    the space 21888K,   9% used [0x000012000aca0000, 0x000012000aea5db8, 0x000012000aea5e00, 0x000012000c200000)
[4.869s][debug][gc,heap        ] GC(94)  Metaspace       used 369K, committed 512K, reserved 1114112K
[4.869s][debug][gc,heap        ] GC(94)   class space    used 63K, committed 128K, reserved 1048576K
[4.869s][info ][gc             ] GC(94) Pause Young (Allocation Failure) 10M->2M(31M) 0.674ms
[4.869s][info ][gc,cpu         ] GC(94) User=0.00s Sys=0.00s Real=0.00s
[4.869s][info ][safepoint      ] Safepoint "GenCollectForAllocation", Time since last: 48930248 ns, Reaching safepoint: 3237 ns, Cleanup: 3570 ns, At safepoint: 717557 ns, Total: 724364 ns
[4.917s][info ][gc,start       ] GC(95) Pause Young (Allocation Failure)
[4.917s][debug][gc,heap        ] GC(95) Heap before GC invocations=95 (full 4):
[4.917s][debug][gc,heap        ] GC(95)  def new generation   total 9920K, used 8832K [0x0000120000200000, 0x0000120000cc0000, 0x000012000aca0000)
[4.917s][debug][gc,heap        ] GC(95)   eden space 8832K, 100% used [0x0000120000200000, 0x0000120000aa0000, 0x0000120000aa0000)
[4.917s][debug][gc,heap        ] GC(95)   from space 1088K,   0% used [0x0000120000bb0000, 0x0000120000bb0110, 0x0000120000cc0000)
[4.917s][debug][gc,heap        ] GC(95)   to   space 1088K,   0% used [0x0000120000aa0000, 0x0000120000aa0000, 0x0000120000bb0000)
[4.917s][debug][gc,heap        ] GC(95)  tenured generation   total 21888K, used 2071K [0x000012000aca0000, 0x000012000c200000, 0x0000120020200000)
[4.917s][debug][gc,heap        ] GC(95)    the space 21888K,   9% used [0x000012000aca0000, 0x000012000aea5db8, 0x000012000aea5e00, 0x000012000c200000)
[4.917s][debug][gc,heap        ] GC(95)  Metaspace       used 369K, committed 512K, reserved 1114112K
[4.917s][debug][gc,heap        ] GC(95)   class space    used 63K, committed 128K, reserved 1048576K
[4.917s][debug][gc,tlab        ] GC(95) TLAB totals: thrds: 2  refills: 101 max: 53 slow allocs: 0 max 0 waste:  0.1% gc: 7608B max: 7608B slow: 2504B max: 1256B
[4.917s][debug][gc,ref         ] GC(95) Skipped SoftWeakFinalRefsPhase of Reference Processing: no references
[4.917s][debug][gc,ref         ] GC(95) Skipped KeepAliveFinalRefsPhase of Reference Processing: no references
[4.917s][debug][gc,ref         ] GC(95) Skipped PhantomRefsPhase of Reference Processing: no references
[4.917s][debug][gc,phases,ref  ] GC(95) Reference Processing: 0.0ms
[4.917s][debug][gc,phases,ref  ] GC(95)   Notify Soft/WeakReferences: 0.0ms
[4.917s][debug][gc,phases,ref  ] GC(95)     SoftRef: skipped
[4.917s][debug][gc,phases,ref  ] GC(95)     WeakRef: skipped
[4.917s][debug][gc,phases,ref  ] GC(95)     FinalRef: skipped
[4.917s][debug][gc,phases,ref  ] GC(95)     Total: skipped
[4.917s][debug][gc,phases,ref  ] GC(95)   Notify and keep alive finalizable: 0.0ms
[4.917s][debug][gc,phases,ref  ] GC(95)     FinalRef: skipped
[4.917s][debug][gc,phases,ref  ] GC(95)   Notify PhantomReferences: 0.0ms
[4.917s][debug][gc,phases,ref  ] GC(95)     PhantomRef: skipped
[4.917s][debug][gc,phases,ref  ] GC(95)   SoftReference Discovered: 0, Dropped: 0, Processed: 0
[4.917s][debug][gc,phases,ref  ] GC(95)   WeakReference Discovered: 0, Dropped: 0, Processed: 0
[4.917s][debug][gc,phases,ref  ] GC(95)   FinalReference Discovered: 0, Dropped: 0, Processed: 0
[4.917s][debug][gc,phases,ref  ] GC(95)   PhantomReference Discovered: 0, Dropped: 0, Processed: 0
[4.917s][debug][gc,age         ] GC(95) Desired survivor size 557056 bytes, new threshold 15 (max threshold 15)
[4.917s][info ][gc,heap        ] GC(95) DefNew: 8832K(9920K)->0K(9920K) Eden: 8832K(8832K)->0K(8832K) From: 0K(1088K)->0K(1088K)
[4.917s][info ][gc,heap        ] GC(95) Tenured: 2071K(21888K)->2071K(21888K)
[4.917s][info ][gc,metaspace   ] GC(95) Metaspace: 369K(512K)->369K(512K) NonClass: 306K(384K)->306K(384K) Class: 63K(128K)->63K(128K)
[4.917s][debug][gc,heap        ] GC(95) Heap after GC invocations=96 (full 4):
[4.917s][debug][gc,heap        ] GC(95)  def new generation   total 9920K, used 0K [0x0000120000200000, 0x0000120000cc0000, 0x000012000aca0000)
[4.917s][debug][gc,heap        ] GC(95)   eden space 8832K,   0% used [0x0000120000200000, 0x0000120000200000, 0x0000120000aa0000)
[4.917s][debug][gc,heap        ] GC(95)   from space 1088K,   0% used [0x0000120000aa0000, 0x0000120000aa00d0, 0x0000120000bb0000)
[4.917s][debug][gc,heap        ] GC(95)   to   space 1088K,   0% used [0x0000120000bb0000, 0x0000120000bb0000, 0x0000120000cc0000)
[4.918s][debug][gc,heap        ] GC(95)  tenured generation   total 21888K, used 2071K [0x000012000aca0000, 0x000012000c200000, 0x0000120020200000)
[4.918s][debug][gc,heap        ] GC(95)    the space 21888K,   9% used [0x000012000aca0000, 0x000012000aea5db8, 0x000012000aea5e00, 0x000012000c200000)
[4.918s][debug][gc,heap        ] GC(95)  Metaspace       used 369K, committed 512K, reserved 1114112K
[4.918s][debug][gc,heap        ] GC(95)   class space    used 63K, committed 128K, reserved 1048576K
[4.918s][info ][gc             ] GC(95) Pause Young (Allocation Failure) 10M->2M(31M) 0.548ms
[4.918s][info ][gc,cpu         ] GC(95) User=0.00s Sys=0.00s Real=0.00s
[4.918s][info ][safepoint      ] Safepoint "GenCollectForAllocation", Time since last: 47939878 ns, Reaching safepoint: 76473 ns, Cleanup: 3384 ns, At safepoint: 590411 ns, Total: 670268 ns
[4.966s][info ][gc,start       ] GC(96) Pause Young (Allocation Failure)
[4.966s][debug][gc,heap        ] GC(96) Heap before GC invocations=96 (full 4):
[4.966s][debug][gc,heap        ] GC(96)  def new generation   total 9920K, used 8832K [0x0000120000200000, 0x0000120000cc0000, 0x000012000aca0000)
[4.966s][debug][gc,heap        ] GC(96)   eden space 8832K, 100% used [0x0000120000200000, 0x0000120000aa0000, 0x0000120000aa0000)
[4.966s][debug][gc,heap        ] GC(96)   from space 1088K,   0% used [0x0000120000aa0000, 0x0000120000aa00d0, 0x0000120000bb0000)
[4.966s][debug][gc,heap        ] GC(96)   to   space 1088K,   0% used [0x0000120000bb0000, 0x0000120000bb0000, 0x0000120000cc0000)
[4.966s][debug][gc,heap        ] GC(96)  tenured generation   total 21888K, used 2071K [0x000012000aca0000, 0x000012000c200000, 0x0000120020200000)
[4.966s][debug][gc,heap        ] GC(96)    the space 21888K,   9% used [0x000012000aca0000, 0x000012000aea5db8, 0x000012000aea5e00, 0x000012000c200000)
[4.966s][debug][gc,heap        ] GC(96)  Metaspace       used 369K, committed 512K, reserved 1114112K
[4.967s][debug][gc,heap        ] GC(96)   class space    used 63K, committed 128K, reserved 1048576K
[4.967s][debug][gc,tlab        ] GC(96) TLAB totals: thrds: 2  refills: 101 max: 51 slow allocs: 0 max 0 waste:  0.1% gc: 2504B max: 2504B slow: 2448B max: 1240B
[4.967s][debug][gc,ref         ] GC(96) Skipped SoftWeakFinalRefsPhase of Reference Processing: no references
[4.967s][debug][gc,ref         ] GC(96) Skipped KeepAliveFinalRefsPhase of Reference Processing: no references
[4.967s][debug][gc,ref         ] GC(96) Skipped PhantomRefsPhase of Reference Processing: no references
[4.967s][debug][gc,phases,ref  ] GC(96) Reference Processing: 0.0ms
[4.967s][debug][gc,phases,ref  ] GC(96)   Notify Soft/WeakReferences: 0.0ms
[4.967s][debug][gc,phases,ref  ] GC(96)     SoftRef: skipped
[4.967s][debug][gc,phases,ref  ] GC(96)     WeakRef: skipped
[4.967s][debug][gc,phases,ref  ] GC(96)     FinalRef: skipped
[4.967s][debug][gc,phases,ref  ] GC(96)     Total: skipped
[4.967s][debug][gc,phases,ref  ] GC(96)   Notify and keep alive finalizable: 0.0ms
[4.967s][debug][gc,phases,ref  ] GC(96)     FinalRef: skipped
[4.967s][debug][gc,phases,ref  ] GC(96)   Notify PhantomReferences: 0.0ms
[4.967s][debug][gc,phases,ref  ] GC(96)     PhantomRef: skipped
[4.967s][debug][gc,phases,ref  ] GC(96)   SoftReference Discovered: 0, Dropped: 0, Processed: 0
[4.967s][debug][gc,phases,ref  ] GC(96)   WeakReference Discovered: 0, Dropped: 0, Processed: 0
[4.967s][debug][gc,phases,ref  ] GC(96)   FinalReference Discovered: 0, Dropped: 0, Processed: 0
[4.967s][debug][gc,phases,ref  ] GC(96)   PhantomReference Discovered: 0, Dropped: 0, Processed: 0
[4.967s][debug][gc,age         ] GC(96) Desired survivor size 557056 bytes, new threshold 15 (max threshold 15)
[4.967s][info ][gc,heap        ] GC(96) DefNew: 8832K(9920K)->0K(9920K) Eden: 8832K(8832K)->0K(8832K) From: 0K(1088K)->0K(1088K)
[4.967s][info ][gc,heap        ] GC(96) Tenured: 2071K(21888K)->2071K(21888K)
[4.967s][info ][gc,metaspace   ] GC(96) Metaspace: 369K(512K)->369K(512K) NonClass: 306K(384K)->306K(384K) Class: 63K(128K)->63K(128K)
[4.967s][debug][gc,heap        ] GC(96) Heap after GC invocations=97 (full 4):
[4.967s][debug][gc,heap        ] GC(96)  def new generation   total 9920K, used 0K [0x0000120000200000, 0x0000120000cc0000, 0x000012000aca0000)
[4.967s][debug][gc,heap        ] GC(96)   eden space 8832K,   0% used [0x0000120000200000, 0x0000120000200000, 0x0000120000aa0000)
[4.967s][debug][gc,heap        ] GC(96)   from space 1088K,   0% used [0x0000120000bb0000, 0x0000120000bb0130, 0x0000120000cc0000)
[4.967s][debug][gc,heap        ] GC(96)   to   space 1088K,   0% used [0x0000120000aa0000, 0x0000120000aa0000, 0x0000120000bb0000)
[4.967s][debug][gc,heap        ] GC(96)  tenured generation   total 21888K, used 2071K [0x000012000aca0000, 0x000012000c200000, 0x0000120020200000)
[4.967s][debug][gc,heap        ] GC(96)    the space 21888K,   9% used [0x000012000aca0000, 0x000012000aea5db8, 0x000012000aea5e00, 0x000012000c200000)
[4.967s][debug][gc,heap        ] GC(96)  Metaspace       used 369K, committed 512K, reserved 1114112K
[4.967s][debug][gc,heap        ] GC(96)   class space    used 63K, committed 128K, reserved 1048576K
[4.967s][info ][gc             ] GC(96) Pause Young (Allocation Failure) 10M->2M(31M) 0.550ms
[4.967s][info ][gc,cpu         ] GC(96) User=0.00s Sys=0.00s Real=0.00s
[4.967s][info ][safepoint      ] Safepoint "GenCollectForAllocation", Time since last: 48784717 ns, Reaching safepoint: 3195 ns, Cleanup: 3843 ns, At safepoint: 593330 ns, Total: 600368 ns
[5.015s][info ][gc,start       ] GC(97) Pause Young (Allocation Failure)
[5.015s][debug][gc,heap        ] GC(97) Heap before GC invocations=97 (full 4):
[5.015s][debug][gc,heap        ] GC(97)  def new generation   total 9920K, used 8832K [0x0000120000200000, 0x0000120000cc0000, 0x000012000aca0000)
[5.015s][debug][gc,heap        ] GC(97)   eden space 8832K, 100% used [0x0000120000200000, 0x0000120000aa0000, 0x0000120000aa0000)
[5.015s][debug][gc,heap        ] GC(97)   from space 1088K,   0% used [0x0000120000bb0000, 0x0000120000bb0130, 0x0000120000cc0000)
[5.015s][debug][gc,heap        ] GC(97)   to   space 1088K,   0% used [0x0000120000aa0000, 0x0000120000aa0000, 0x0000120000bb0000)
[5.015s][debug][gc,heap        ] GC(97)  tenured generation   total 21888K, used 2071K [0x000012000aca0000, 0x000012000c200000, 0x0000120020200000)
[5.015s][debug][gc,heap        ] GC(97)    the space 21888K,   9% used [0x000012000aca0000, 0x000012000aea5db8, 0x000012000aea5e00, 0x000012000c200000)
[5.015s][debug][gc,heap        ] GC(97)  Metaspace       used 369K, committed 512K, reserved 1114112K
[5.015s][debug][gc,heap        ] GC(97)   class space    used 63K, committed 128K, reserved 1048576K
[5.015s][debug][gc,tlab        ] GC(97) TLAB totals: thrds: 2  refills: 101 max: 51 slow allocs: 0 max 0 waste:  0.1% gc: 9456B max: 9456B slow: 2408B max: 1408B
[5.016s][debug][gc,ref         ] GC(97) Skipped SoftWeakFinalRefsPhase of Reference Processing: no references
[5.016s][debug][gc,ref         ] GC(97) Skipped KeepAliveFinalRefsPhase of Reference Processing: no references
[5.016s][debug][gc,ref         ] GC(97) Skipped PhantomRefsPhase of Reference Processing: no references
[5.016s][debug][gc,phases,ref  ] GC(97) Reference Processing: 0.0ms
[5.016s][debug][gc,phases,ref  ] GC(97)   Notify Soft/WeakReferences: 0.0ms
[5.016s][debug][gc,phases,ref  ] GC(97)     SoftRef: skipped
[5.016s][debug][gc,phases,ref  ] GC(97)     WeakRef: skipped
[5.016s][debug][gc,phases,ref  ] GC(97)     FinalRef: skipped
[5.016s][debug][gc,phases,ref  ] GC(97)     Total: skipped
[5.016s][debug][gc,phases,ref  ] GC(97)   Notify and keep alive finalizable: 0.0ms
[5.016s][debug][gc,phases,ref  ] GC(97)     FinalRef: skipped
[5.016s][debug][gc,phases,ref  ] GC(97)   Notify PhantomReferences: 0.0ms
[5.016s][debug][gc,phases,ref  ] GC(97)     PhantomRef: skipped
[5.016s][debug][gc,phases,ref  ] GC(97)   SoftReference Discovered: 0, Dropped: 0, Processed: 0
[5.016s][debug][gc,phases,ref  ] GC(97)   WeakReference Discovered: 0, Dropped: 0, Processed: 0
[5.016s][debug][gc,phases,ref  ] GC(97)   FinalReference Discovered: 0, Dropped: 0, Processed: 0
[5.016s][debug][gc,phases,ref  ] GC(97)   PhantomReference Discovered: 0, Dropped: 0, Processed: 0
[5.016s][debug][gc,age         ] GC(97) Desired survivor size 557056 bytes, new threshold 15 (max threshold 15)
[5.016s][info ][gc,heap        ] GC(97) DefNew: 8832K(9920K)->0K(9920K) Eden: 8832K(8832K)->0K(8832K) From: 0K(1088K)->0K(1088K)
[5.016s][info ][gc,heap        ] GC(97) Tenured: 2071K(21888K)->2071K(21888K)
[5.016s][info ][gc,metaspace   ] GC(97) Metaspace: 369K(512K)->369K(512K) NonClass: 306K(384K)->306K(384K) Class: 63K(128K)->63K(128K)
[5.016s][debug][gc,heap        ] GC(97) Heap after GC invocations=98 (full 4):
[5.016s][debug][gc,heap        ] GC(97)  def new generation   total 9920K, used 0K [0x0000120000200000, 0x0000120000cc0000, 0x000012000aca0000)
[5.016s][debug][gc,heap        ] GC(97)   eden space 8832K,   0% used [0x0000120000200000, 0x0000120000200000, 0x0000120000aa0000)
[5.016s][debug][gc,heap        ] GC(97)   from space 1088K,   0% used [0x0000120000aa0000, 0x0000120000aa0180, 0x0000120000bb0000)
[5.016s][debug][gc,heap        ] GC(97)   to   space 1088K,   0% used [0x0000120000bb0000, 0x0000120000bb0000, 0x0000120000cc0000)
[5.016s][debug][gc,heap        ] GC(97)  tenured generation   total 21888K, used 2071K [0x000012000aca0000, 0x000012000c200000, 0x0000120020200000)
[5.016s][debug][gc,heap        ] GC(97)    the space 21888K,   9% used [0x000012000aca0000, 0x000012000aea5db8, 0x000012000aea5e00, 0x000012000c200000)
[5.016s][debug][gc,heap        ] GC(97)  Metaspace       used 369K, committed 512K, reserved 1114112K
[5.016s][debug][gc,heap        ] GC(97)   class space    used 63K, committed 128K, reserved 1048576K
[5.016s][info ][gc             ] GC(97) Pause Young (Allocation Failure) 10M->2M(31M) 0.579ms
[5.016s][info ][gc,cpu         ] GC(97) User=0.00s Sys=0.00s Real=0.00s
[5.016s][info ][safepoint      ] Safepoint "GenCollectForAllocation", Time since last: 48272545 ns, Reaching safepoint: 3132 ns, Cleanup: 3590 ns, At safepoint: 619921 ns, Total: 626643 ns
[5.066s][info ][gc,start       ] GC(98) Pause Young (Allocation Failure)
[5.066s][debug][gc,heap        ] GC(98) Heap before GC invocations=98 (full 4):
[5.066s][debug][gc,heap        ] GC(98)  def new generation   total 9920K, used 8832K [0x0000120000200000, 0x0000120000cc0000, 0x000012000aca0000)
[5.066s][debug][gc,heap        ] GC(98)   eden space 8832K, 100% used [0x0000120000200000, 0x0000120000aa0000, 0x0000120000aa0000)
[5.066s][debug][gc,heap        ] GC(98)   from space 1088K,   0% used [0x0000120000aa0000, 0x0000120000aa0180, 0x0000120000bb0000)
[5.066s][debug][gc,heap        ] GC(98)   to   space 1088K,   0% used [0x0000120000bb0000, 0x0000120000bb0000, 0x0000120000cc0000)
[5.066s][debug][gc,heap        ] GC(98)  tenured generation   total 21888K, used 2071K [0x000012000aca0000, 0x000012000c200000, 0x0000120020200000)
[5.066s][debug][gc,heap        ] GC(98)    the space 21888K,   9% used [0x000012000aca0000, 0x000012000aea5db8, 0x000012000aea5e00, 0x000012000c200000)
[5.066s][debug][gc,heap        ] GC(98)  Metaspace       used 369K, committed 512K, reserved 1114112K
[5.066s][debug][gc,heap        ] GC(98)   class space    used 63K, committed 128K, reserved 1048576K
[5.066s][debug][gc,tlab        ] GC(98) TLAB totals: thrds: 2  refills: 101 max: 52 slow allocs: 0 max 0 waste:  0.5% gc: 46320B max: 46320B slow: 2272B max: 1232B
[5.066s][debug][gc,ref         ] GC(98) Skipped SoftWeakFinalRefsPhase of Reference Processing: no references
[5.066s][debug][gc,ref         ] GC(98) Skipped KeepAliveFinalRefsPhase of Reference Processing: no references
[5.066s][debug][gc,ref         ] GC(98) Skipped PhantomRefsPhase of Reference Processing: no references
[5.066s][debug][gc,phases,ref  ] GC(98) Reference Processing: 0.0ms
[5.066s][debug][gc,phases,ref  ] GC(98)   Notify Soft/WeakReferences: 0.0ms
[5.066s][debug][gc,phases,ref  ] GC(98)     SoftRef: skipped
[5.066s][debug][gc,phases,ref  ] GC(98)     WeakRef: skipped
[5.066s][debug][gc,phases,ref  ] GC(98)     FinalRef: skipped
[5.066s][debug][gc,phases,ref  ] GC(98)     Total: skipped
[5.066s][debug][gc,phases,ref  ] GC(98)   Notify and keep alive finalizable: 0.0ms
[5.066s][debug][gc,phases,ref  ] GC(98)     FinalRef: skipped
[5.066s][debug][gc,phases,ref  ] GC(98)   Notify PhantomReferences: 0.0ms
[5.066s][debug][gc,phases,ref  ] GC(98)     PhantomRef: skipped
[5.066s][debug][gc,phases,ref  ] GC(98)   SoftReference Discovered: 0, Dropped: 0, Processed: 0
[5.066s][debug][gc,phases,ref  ] GC(98)   WeakReference Discovered: 0, Dropped: 0, Processed: 0
[5.066s][debug][gc,phases,ref  ] GC(98)   FinalReference Discovered: 0, Dropped: 0, Processed: 0
[5.066s][debug][gc,phases,ref  ] GC(98)   PhantomReference Discovered: 0, Dropped: 0, Processed: 0
[5.066s][debug][gc,age         ] GC(98) Desired survivor size 557056 bytes, new threshold 15 (max threshold 15)
[5.066s][info ][gc,heap        ] GC(98) DefNew: 8832K(9920K)->0K(9920K) Eden: 8832K(8832K)->0K(8832K) From: 0K(1088K)->0K(1088K)
[5.066s][info ][gc,heap        ] GC(98) Tenured: 2071K(21888K)->2071K(21888K)
[5.066s][info ][gc,metaspace   ] GC(98) Metaspace: 369K(512K)->369K(512K) NonClass: 306K(384K)->306K(384K) Class: 63K(128K)->63K(128K)
[5.066s][debug][gc,heap        ] GC(98) Heap after GC invocations=99 (full 4):
[5.066s][debug][gc,heap        ] GC(98)  def new generation   total 9920K, used 0K [0x0000120000200000, 0x0000120000cc0000, 0x000012000aca0000)
[5.066s][debug][gc,heap        ] GC(98)   eden space 8832K,   0% used [0x0000120000200000, 0x0000120000200000, 0x0000120000aa0000)
[5.066s][debug][gc,heap        ] GC(98)   from space 1088K,   0% used [0x0000120000bb0000, 0x0000120000bb0158, 0x0000120000cc0000)
[5.066s][debug][gc,heap        ] GC(98)   to   space 1088K,   0% used [0x0000120000aa0000, 0x0000120000aa0000, 0x0000120000bb0000)
[5.066s][debug][gc,heap        ] GC(98)  tenured generation   total 21888K, used 2071K [0x000012000aca0000, 0x000012000c200000, 0x0000120020200000)
[5.066s][debug][gc,heap        ] GC(98)    the space 21888K,   9% used [0x000012000aca0000, 0x000012000aea5db8, 0x000012000aea5e00, 0x000012000c200000)
[5.066s][debug][gc,heap        ] GC(98)  Metaspace       used 369K, committed 512K, reserved 1114112K
[5.066s][debug][gc,heap        ] GC(98)   class space    used 63K, committed 128K, reserved 1048576K
[5.066s][info ][gc             ] GC(98) Pause Young (Allocation Failure) 10M->2M(31M) 0.676ms
[5.066s][info ][gc,cpu         ] GC(98) User=0.00s Sys=0.00s Real=0.00s
[5.066s][info ][safepoint      ] Safepoint "GenCollectForAllocation", Time since last: 49781831 ns, Reaching safepoint: 3657 ns, Cleanup: 3677 ns, At safepoint: 699522 ns, Total: 706856 ns
[5.128s][info ][gc,start       ] GC(99) Pause Young (Allocation Failure)
[5.128s][debug][gc,heap        ] GC(99) Heap before GC invocations=99 (full 4):
[5.128s][debug][gc,heap        ] GC(99)  def new generation   total 9920K, used 8832K [0x0000120000200000, 0x0000120000cc0000, 0x000012000aca0000)
[5.128s][debug][gc,heap        ] GC(99)   eden space 8832K, 100% used [0x0000120000200000, 0x0000120000aa0000, 0x0000120000aa0000)
[5.128s][debug][gc,heap        ] GC(99)   from space 1088K,   0% used [0x0000120000bb0000, 0x0000120000bb0158, 0x0000120000cc0000)
[5.128s][debug][gc,heap        ] GC(99)   to   space 1088K,   0% used [0x0000120000aa0000, 0x0000120000aa0000, 0x0000120000bb0000)
[5.128s][debug][gc,heap        ] GC(99)  tenured generation   total 21888K, used 2071K [0x000012000aca0000, 0x000012000c200000, 0x0000120020200000)
[5.128s][debug][gc,heap        ] GC(99)    the space 21888K,   9% used [0x000012000aca0000, 0x000012000aea5db8, 0x000012000aea5e00, 0x000012000c200000)
[5.128s][debug][gc,heap        ] GC(99)  Metaspace       used 369K, committed 512K, reserved 1114112K
[5.128s][debug][gc,heap        ] GC(99)   class space    used 63K, committed 128K, reserved 1048576K
[5.128s][debug][gc,tlab        ] GC(99) TLAB totals: thrds: 2  refills: 101 max: 63 slow allocs: 0 max 0 waste:  0.5% gc: 40896B max: 40896B slow: 1800B max: 1064B
[5.128s][debug][gc,ref         ] GC(99) Skipped SoftWeakFinalRefsPhase of Reference Processing: no references
[5.128s][debug][gc,ref         ] GC(99) Skipped KeepAliveFinalRefsPhase of Reference Processing: no references
[5.128s][debug][gc,ref         ] GC(99) Skipped PhantomRefsPhase of Reference Processing: no references
[5.128s][debug][gc,phases,ref  ] GC(99) Reference Processing: 0.0ms
[5.128s][debug][gc,phases,ref  ] GC(99)   Notify Soft/WeakReferences: 0.0ms
[5.128s][debug][gc,phases,ref  ] GC(99)     SoftRef: skipped
[5.128s][debug][gc,phases,ref  ] GC(99)     WeakRef: skipped
[5.128s][debug][gc,phases,ref  ] GC(99)     FinalRef: skipped
[5.128s][debug][gc,phases,ref  ] GC(99)     Total: skipped
[5.128s][debug][gc,phases,ref  ] GC(99)   Notify and keep alive finalizable: 0.0ms
[5.128s][debug][gc,phases,ref  ] GC(99)     FinalRef: skipped
[5.128s][debug][gc,phases,ref  ] GC(99)   Notify PhantomReferences: 0.0ms
[5.128s][debug][gc,phases,ref  ] GC(99)     PhantomRef: skipped
[5.128s][debug][gc,phases,ref  ] GC(99)   SoftReference Discovered: 0, Dropped: 0, Processed: 0
[5.128s][debug][gc,phases,ref  ] GC(99)   WeakReference Discovered: 0, Dropped: 0, Processed: 0
[5.128s][debug][gc,phases,ref  ] GC(99)   FinalReference Discovered: 0, Dropped: 0, Processed: 0
[5.128s][debug][gc,phases,ref  ] GC(99)   PhantomReference Discovered: 0, Dropped: 0, Processed: 0
[5.128s][debug][gc,age         ] GC(99) Desired survivor size 557056 bytes, new threshold 15 (max threshold 15)
[5.128s][info ][gc,heap        ] GC(99) DefNew: 8832K(9920K)->0K(9920K) Eden: 8832K(8832K)->0K(8832K) From: 0K(1088K)->0K(1088K)
[5.128s][info ][gc,heap        ] GC(99) Tenured: 2071K(21888K)->2071K(21888K)
[5.128s][info ][gc,metaspace   ] GC(99) Metaspace: 369K(512K)->369K(512K) NonClass: 306K(384K)->306K(384K) Class: 63K(128K)->63K(128K)
[5.128s][debug][gc,heap        ] GC(99) Heap after GC invocations=100 (full 4):
[5.128s][debug][gc,heap        ] GC(99)  def new generation   total 9920K, used 0K [0x0000120000200000, 0x0000120000cc0000, 0x000012000aca0000)
[5.128s][debug][gc,heap        ] GC(99)   eden space 8832K,   0% used [0x0000120000200000, 0x0000120000200000, 0x0000120000aa0000)
[5.128s][debug][gc,heap        ] GC(99)   from space 1088K,   0% used [0x0000120000aa0000, 0x0000120000aa0150, 0x0000120000bb0000)
[5.128s][debug][gc,heap        ] GC(99)   to   space 1088K,   0% used [0x0000120000bb0000, 0x0000120000bb0000, 0x0000120000cc0000)
[5.128s][debug][gc,heap        ] GC(99)  tenured generation   total 21888K, used 2071K [0x000012000aca0000, 0x000012000c200000, 0x0000120020200000)
[5.128s][debug][gc,heap        ] GC(99)    the space 21888K,   9% used [0x000012000aca0000, 0x000012000aea5db8, 0x000012000aea5e00, 0x000012000c200000)
[5.128s][debug][gc,heap        ] GC(99)  Metaspace       used 369K, committed 512K, reserved 1114112K
[5.128s][debug][gc,heap        ] GC(99)   class space    used 63K, committed 128K, reserved 1048576K
[5.128s][info ][gc             ] GC(99) Pause Young (Allocation Failure) 10M->2M(31M) 0.552ms
[5.128s][info ][gc,cpu         ] GC(99) User=0.00s Sys=0.00s Real=0.00s
[5.128s][info ][safepoint      ] Safepoint "GenCollectForAllocation", Time since last: 61178196 ns, Reaching safepoint: 3524 ns, Cleanup: 3628 ns, At safepoint: 596600 ns, Total: 603752 ns
[5.176s][info ][gc,start       ] GC(100) Pause Young (Allocation Failure)
[5.177s][debug][gc,heap        ] GC(100) Heap before GC invocations=100 (full 4):
[5.177s][debug][gc,heap        ] GC(100)  def new generation   total 9920K, used 8832K [0x0000120000200000, 0x0000120000cc0000, 0x000012000aca0000)
[5.177s][debug][gc,heap        ] GC(100)   eden space 8832K, 100% used [0x0000120000200000, 0x0000120000aa0000, 0x0000120000aa0000)
[5.177s][debug][gc,heap        ] GC(100)   from space 1088K,   0% used [0x0000120000aa0000, 0x0000120000aa0150, 0x0000120000bb0000)
[5.177s][debug][gc,heap        ] GC(100)   to   space 1088K,   0% used [0x0000120000bb0000, 0x0000120000bb0000, 0x0000120000cc0000)
[5.177s][debug][gc,heap        ] GC(100)  tenured generation   total 21888K, used 2071K [0x000012000aca0000, 0x000012000c200000, 0x0000120020200000)
[5.177s][debug][gc,heap        ] GC(100)    the space 21888K,   9% used [0x000012000aca0000, 0x000012000aea5db8, 0x000012000aea5e00, 0x000012000c200000)
[5.177s][debug][gc,heap        ] GC(100)  Metaspace       used 369K, committed 512K, reserved 1114112K
[5.177s][debug][gc,heap        ] GC(100)   class space    used 63K, committed 128K, reserved 1048576K
[5.177s][debug][gc,tlab        ] GC(100) TLAB totals: thrds: 2  refills: 102 max: 56 slow allocs: 0 max 0 waste:  0.5% gc: 44528B max: 44528B slow: 2936B max: 1536B
[5.177s][debug][gc,ref         ] GC(100) Skipped SoftWeakFinalRefsPhase of Reference Processing: no references
[5.177s][debug][gc,ref         ] GC(100) Skipped KeepAliveFinalRefsPhase of Reference Processing: no references
[5.177s][debug][gc,ref         ] GC(100) Skipped PhantomRefsPhase of Reference Processing: no references
[5.177s][debug][gc,phases,ref  ] GC(100) Reference Processing: 0.0ms
[5.177s][debug][gc,phases,ref  ] GC(100)   Notify Soft/WeakReferences: 0.0ms
[5.177s][debug][gc,phases,ref  ] GC(100)     SoftRef: skipped
[5.177s][debug][gc,phases,ref  ] GC(100)     WeakRef: skipped
[5.177s][debug][gc,phases,ref  ] GC(100)     FinalRef: skipped
[5.177s][debug][gc,phases,ref  ] GC(100)     Total: skipped
[5.177s][debug][gc,phases,ref  ] GC(100)   Notify and keep alive finalizable: 0.0ms
[5.177s][debug][gc,phases,ref  ] GC(100)     FinalRef: skipped
[5.177s][debug][gc,phases,ref  ] GC(100)   Notify PhantomReferences: 0.0ms
[5.177s][debug][gc,phases,ref  ] GC(100)     PhantomRef: skipped
[5.177s][debug][gc,phases,ref  ] GC(100)   SoftReference Discovered: 0, Dropped: 0, Processed: 0
[5.177s][debug][gc,phases,ref  ] GC(100)   WeakReference Discovered: 0, Dropped: 0, Processed: 0
[5.177s][debug][gc,phases,ref  ] GC(100)   FinalReference Discovered: 0, Dropped: 0, Processed: 0
[5.177s][debug][gc,phases,ref  ] GC(100)   PhantomReference Discovered: 0, Dropped: 0, Processed: 0
[5.177s][debug][gc,age         ] GC(100) Desired survivor size 557056 bytes, new threshold 15 (max threshold 15)
[5.177s][info ][gc,heap        ] GC(100) DefNew: 8832K(9920K)->0K(9920K) Eden: 8832K(8832K)->0K(8832K) From: 0K(1088K)->0K(1088K)
[5.177s][info ][gc,heap        ] GC(100) Tenured: 2071K(21888K)->2071K(21888K)
[5.177s][info ][gc,metaspace   ] GC(100) Metaspace: 369K(512K)->369K(512K) NonClass: 306K(384K)->306K(384K) Class: 63K(128K)->63K(128K)
[5.177s][debug][gc,heap        ] GC(100) Heap after GC invocations=101 (full 4):
[5.177s][debug][gc,heap        ] GC(100)  def new generation   total 9920K, used 0K [0x0000120000200000, 0x0000120000cc0000, 0x000012000aca0000)
[5.177s][debug][gc,heap        ] GC(100)   eden space 8832K,   0% used [0x0000120000200000, 0x0000120000200000, 0x0000120000aa0000)
[5.177s][debug][gc,heap        ] GC(100)   from space 1088K,   0% used [0x0000120000bb0000, 0x0000120000bb0150, 0x0000120000cc0000)
[5.177s][debug][gc,heap        ] GC(100)   to   space 1088K,   0% used [0x0000120000aa0000, 0x0000120000aa0000, 0x0000120000bb0000)
[5.177s][debug][gc,heap        ] GC(100)  tenured generation   total 21888K, used 2071K [0x000012000aca0000, 0x000012000c200000, 0x0000120020200000)
[5.177s][debug][gc,heap        ] GC(100)    the space 21888K,   9% used [0x000012000aca0000, 0x000012000aea5db8, 0x000012000aea5e00, 0x000012000c200000)
[5.177s][debug][gc,heap        ] GC(100)  Metaspace       used 369K, committed 512K, reserved 1114112K
[5.177s][debug][gc,heap        ] GC(100)   class space    used 63K, committed 128K, reserved 1048576K
[5.177s][info ][gc             ] GC(100) Pause Young (Allocation Failure) 10M->2M(31M) 0.589ms
[5.177s][info ][gc,cpu         ] GC(100) User=0.00s Sys=0.00s Real=0.00s
[5.177s][info ][safepoint      ] Safepoint "GenCollectForAllocation", Time since last: 48332212 ns, Reaching safepoint: 3207 ns, Cleanup: 3548 ns, At safepoint: 640466 ns, Total: 647221 ns
[5.226s][info ][gc,start       ] GC(101) Pause Young (Allocation Failure)
[5.226s][debug][gc,heap        ] GC(101) Heap before GC invocations=101 (full 4):
[5.226s][debug][gc,heap        ] GC(101)  def new generation   total 9920K, used 8832K [0x0000120000200000, 0x0000120000cc0000, 0x000012000aca0000)
[5.226s][debug][gc,heap        ] GC(101)   eden space 8832K, 100% used [0x0000120000200000, 0x0000120000aa0000, 0x0000120000aa0000)
[5.226s][debug][gc,heap        ] GC(101)   from space 1088K,   0% used [0x0000120000bb0000, 0x0000120000bb0150, 0x0000120000cc0000)
[5.226s][debug][gc,heap        ] GC(101)   to   space 1088K,   0% used [0x0000120000aa0000, 0x0000120000aa0000, 0x0000120000bb0000)
[5.226s][debug][gc,heap        ] GC(101)  tenured generation   total 21888K, used 2071K [0x000012000aca0000, 0x000012000c200000, 0x0000120020200000)
[5.226s][debug][gc,heap        ] GC(101)    the space 21888K,   9% used [0x000012000aca0000, 0x000012000aea5db8, 0x000012000aea5e00, 0x000012000c200000)
[5.226s][debug][gc,heap        ] GC(101)  Metaspace       used 369K, committed 512K, reserved 1114112K
[5.226s][debug][gc,heap        ] GC(101)   class space    used 63K, committed 128K, reserved 1048576K
[5.226s][debug][gc,tlab        ] GC(101) TLAB totals: thrds: 2  refills: 101 max: 54 slow allocs: 0 max 0 waste:  0.5% gc: 46544B max: 46544B slow: 2080B max: 1184B
[5.226s][debug][gc,ref         ] GC(101) Skipped SoftWeakFinalRefsPhase of Reference Processing: no references
[5.226s][debug][gc,ref         ] GC(101) Skipped KeepAliveFinalRefsPhase of Reference Processing: no references
[5.226s][debug][gc,ref         ] GC(101) Skipped PhantomRefsPhase of Reference Processing: no references
[5.226s][debug][gc,phases,ref  ] GC(101) Reference Processing: 0.1ms
[5.226s][debug][gc,phases,ref  ] GC(101)   Notify Soft/WeakReferences: 0.0ms
[5.226s][debug][gc,phases,ref  ] GC(101)     SoftRef: skipped
[5.226s][debug][gc,phases,ref  ] GC(101)     WeakRef: skipped
[5.226s][debug][gc,phases,ref  ] GC(101)     FinalRef: skipped
[5.226s][debug][gc,phases,ref  ] GC(101)     Total: skipped
[5.226s][debug][gc,phases,ref  ] GC(101)   Notify and keep alive finalizable: 0.0ms
[5.226s][debug][gc,phases,ref  ] GC(101)     FinalRef: skipped
[5.226s][debug][gc,phases,ref  ] GC(101)   Notify PhantomReferences: 0.0ms
[5.226s][debug][gc,phases,ref  ] GC(101)     PhantomRef: skipped
[5.226s][debug][gc,phases,ref  ] GC(101)   SoftReference Discovered: 0, Dropped: 0, Processed: 0
[5.226s][debug][gc,phases,ref  ] GC(101)   WeakReference Discovered: 0, Dropped: 0, Processed: 0
[5.226s][debug][gc,phases,ref  ] GC(101)   FinalReference Discovered: 0, Dropped: 0, Processed: 0
[5.226s][debug][gc,phases,ref  ] GC(101)   PhantomReference Discovered: 0, Dropped: 0, Processed: 0
[5.226s][debug][gc,age         ] GC(101) Desired survivor size 557056 bytes, new threshold 15 (max threshold 15)
[5.226s][info ][gc,heap        ] GC(101) DefNew: 8832K(9920K)->0K(9920K) Eden: 8832K(8832K)->0K(8832K) From: 0K(1088K)->0K(1088K)
[5.226s][info ][gc,heap        ] GC(101) Tenured: 2071K(21888K)->2071K(21888K)
[5.226s][info ][gc,metaspace   ] GC(101) Metaspace: 369K(512K)->369K(512K) NonClass: 306K(384K)->306K(384K) Class: 63K(128K)->63K(128K)
[5.226s][debug][gc,heap        ] GC(101) Heap after GC invocations=102 (full 4):
[5.226s][debug][gc,heap        ] GC(101)  def new generation   total 9920K, used 0K [0x0000120000200000, 0x0000120000cc0000, 0x000012000aca0000)
[5.226s][debug][gc,heap        ] GC(101)   eden space 8832K,   0% used [0x0000120000200000, 0x0000120000200000, 0x0000120000aa0000)
[5.226s][debug][gc,heap        ] GC(101)   from space 1088K,   0% used [0x0000120000aa0000, 0x0000120000aa0130, 0x0000120000bb0000)
[5.226s][debug][gc,heap        ] GC(101)   to   space 1088K,   0% used [0x0000120000bb0000, 0x0000120000bb0000, 0x0000120000cc0000)
[5.226s][debug][gc,heap        ] GC(101)  tenured generation   total 21888K, used 2071K [0x000012000aca0000, 0x000012000c200000, 0x0000120020200000)
[5.226s][debug][gc,heap        ] GC(101)    the space 21888K,   9% used [0x000012000aca0000, 0x000012000aea5db8, 0x000012000aea5e00, 0x000012000c200000)
[5.226s][debug][gc,heap        ] GC(101)  Metaspace       used 369K, committed 512K, reserved 1114112K
[5.226s][debug][gc,heap        ] GC(101)   class space    used 63K, committed 128K, reserved 1048576K
[5.226s][info ][gc             ] GC(101) Pause Young (Allocation Failure) 10M->2M(31M) 0.400ms
[5.226s][info ][gc,cpu         ] GC(101) User=0.00s Sys=0.00s Real=0.00s
[5.226s][info ][safepoint      ] Safepoint "GenCollectForAllocation", Time since last: 48810998 ns, Reaching safepoint: 76274 ns, Cleanup: 3324 ns, At safepoint: 418329 ns, Total: 497927 ns
[5.287s][info ][gc,start       ] GC(102) Pause Young (Allocation Failure)
[5.287s][debug][gc,heap        ] GC(102) Heap before GC invocations=102 (full 4):
[5.287s][debug][gc,heap        ] GC(102)  def new generation   total 9920K, used 8832K [0x0000120000200000, 0x0000120000cc0000, 0x000012000aca0000)
[5.287s][debug][gc,heap        ] GC(102)   eden space 8832K, 100% used [0x0000120000200000, 0x0000120000aa0000, 0x0000120000aa0000)
[5.287s][debug][gc,heap        ] GC(102)   from space 1088K,   0% used [0x0000120000aa0000, 0x0000120000aa0130, 0x0000120000bb0000)
[5.287s][debug][gc,heap        ] GC(102)   to   space 1088K,   0% used [0x0000120000bb0000, 0x0000120000bb0000, 0x0000120000cc0000)
[5.287s][debug][gc,heap        ] GC(102)  tenured generation   total 21888K, used 2071K [0x000012000aca0000, 0x000012000c200000, 0x0000120020200000)
[5.287s][debug][gc,heap        ] GC(102)    the space 21888K,   9% used [0x000012000aca0000, 0x000012000aea5db8, 0x000012000aea5e00, 0x000012000c200000)
[5.287s][debug][gc,heap        ] GC(102)  Metaspace       used 369K, committed 512K, reserved 1114112K
[5.287s][debug][gc,heap        ] GC(102)   class space    used 63K, committed 128K, reserved 1048576K
[5.287s][debug][gc,tlab        ] GC(102) TLAB totals: thrds: 2  refills: 102 max: 66 slow allocs: 0 max 0 waste:  0.5% gc: 41904B max: 41904B slow: 2528B max: 1664B
[5.287s][debug][gc,ref         ] GC(102) Skipped SoftWeakFinalRefsPhase of Reference Processing: no references
[5.287s][debug][gc,ref         ] GC(102) Skipped KeepAliveFinalRefsPhase of Reference Processing: no references
[5.287s][debug][gc,ref         ] GC(102) Skipped PhantomRefsPhase of Reference Processing: no references
[5.287s][debug][gc,phases,ref  ] GC(102) Reference Processing: 0.0ms
[5.287s][debug][gc,phases,ref  ] GC(102)   Notify Soft/WeakReferences: 0.0ms
[5.287s][debug][gc,phases,ref  ] GC(102)     SoftRef: skipped
[5.287s][debug][gc,phases,ref  ] GC(102)     WeakRef: skipped
[5.287s][debug][gc,phases,ref  ] GC(102)     FinalRef: skipped
[5.287s][debug][gc,phases,ref  ] GC(102)     Total: skipped
[5.287s][debug][gc,phases,ref  ] GC(102)   Notify and keep alive finalizable: 0.0ms
[5.287s][debug][gc,phases,ref  ] GC(102)     FinalRef: skipped
[5.287s][debug][gc,phases,ref  ] GC(102)   Notify PhantomReferences: 0.0ms
[5.287s][debug][gc,phases,ref  ] GC(102)     PhantomRef: skipped
[5.287s][debug][gc,phases,ref  ] GC(102)   SoftReference Discovered: 0, Dropped: 0, Processed: 0
[5.287s][debug][gc,phases,ref  ] GC(102)   WeakReference Discovered: 0, Dropped: 0, Processed: 0
[5.287s][debug][gc,phases,ref  ] GC(102)   FinalReference Discovered: 0, Dropped: 0, Processed: 0
[5.287s][debug][gc,phases,ref  ] GC(102)   PhantomReference Discovered: 0, Dropped: 0, Processed: 0
[5.287s][debug][gc,age         ] GC(102) Desired survivor size 557056 bytes, new threshold 15 (max threshold 15)
[5.287s][info ][gc,heap        ] GC(102) DefNew: 8832K(9920K)->0K(9920K) Eden: 8832K(8832K)->0K(8832K) From: 0K(1088K)->0K(1088K)
[5.287s][info ][gc,heap        ] GC(102) Tenured: 2071K(21888K)->2071K(21888K)
[5.287s][info ][gc,metaspace   ] GC(102) Metaspace: 369K(512K)->369K(512K) NonClass: 306K(384K)->306K(384K) Class: 63K(128K)->63K(128K)
[5.287s][debug][gc,heap        ] GC(102) Heap after GC invocations=103 (full 4):
[5.287s][debug][gc,heap        ] GC(102)  def new generation   total 9920K, used 0K [0x0000120000200000, 0x0000120000cc0000, 0x000012000aca0000)
[5.287s][debug][gc,heap        ] GC(102)   eden space 8832K,   0% used [0x0000120000200000, 0x0000120000200000, 0x0000120000aa0000)
[5.287s][debug][gc,heap        ] GC(102)   from space 1088K,   0% used [0x0000120000bb0000, 0x0000120000bb0120, 0x0000120000cc0000)
[5.287s][debug][gc,heap        ] GC(102)   to   space 1088K,   0% used [0x0000120000aa0000, 0x0000120000aa0000, 0x0000120000bb0000)
[5.287s][debug][gc,heap        ] GC(102)  tenured generation   total 21888K, used 2071K [0x000012000aca0000, 0x000012000c200000, 0x0000120020200000)
[5.287s][debug][gc,heap        ] GC(102)    the space 21888K,   9% used [0x000012000aca0000, 0x000012000aea5db8, 0x000012000aea5e00, 0x000012000c200000)
[5.287s][debug][gc,heap        ] GC(102)  Metaspace       used 369K, committed 512K, reserved 1114112K
[5.287s][debug][gc,heap        ] GC(102)   class space    used 63K, committed 128K, reserved 1048576K
[5.287s][info ][gc             ] GC(102) Pause Young (Allocation Failure) 10M->2M(31M) 0.670ms
[5.287s][info ][gc,cpu         ] GC(102) User=0.00s Sys=0.00s Real=0.00s
[5.287s][info ][safepoint      ] Safepoint "GenCollectForAllocation", Time since last: 60137926 ns, Reaching safepoint: 3200 ns, Cleanup: 3644 ns, At safepoint: 710878 ns, Total: 717722 ns
[5.336s][info ][gc,start       ] GC(103) Pause Young (Allocation Failure)
[5.336s][debug][gc,heap        ] GC(103) Heap before GC invocations=103 (full 4):
[5.336s][debug][gc,heap        ] GC(103)  def new generation   total 9920K, used 8832K [0x0000120000200000, 0x0000120000cc0000, 0x000012000aca0000)
[5.336s][debug][gc,heap        ] GC(103)   eden space 8832K, 100% used [0x0000120000200000, 0x0000120000aa0000, 0x0000120000aa0000)
[5.336s][debug][gc,heap        ] GC(103)   from space 1088K,   0% used [0x0000120000bb0000, 0x0000120000bb0120, 0x0000120000cc0000)
[5.336s][debug][gc,heap        ] GC(103)   to   space 1088K,   0% used [0x0000120000aa0000, 0x0000120000aa0000, 0x0000120000bb0000)
[5.336s][debug][gc,heap        ] GC(103)  tenured generation   total 21888K, used 2071K [0x000012000aca0000, 0x000012000c200000, 0x0000120020200000)
[5.336s][debug][gc,heap        ] GC(103)    the space 21888K,   9% used [0x000012000aca0000, 0x000012000aea5db8, 0x000012000aea5e00, 0x000012000c200000)
[5.336s][debug][gc,heap        ] GC(103)  Metaspace       used 369K, committed 512K, reserved 1114112K
[5.336s][debug][gc,heap        ] GC(103)   class space    used 63K, committed 128K, reserved 1048576K
[5.336s][debug][gc,tlab        ] GC(103) TLAB totals: thrds: 2  refills: 101 max: 54 slow allocs: 0 max 0 waste:  0.6% gc: 50840B max: 50840B slow: 2656B max: 1448B
[5.336s][debug][gc,ref         ] GC(103) Skipped SoftWeakFinalRefsPhase of Reference Processing: no references
[5.336s][debug][gc,ref         ] GC(103) Skipped KeepAliveFinalRefsPhase of Reference Processing: no references
[5.336s][debug][gc,ref         ] GC(103) Skipped PhantomRefsPhase of Reference Processing: no references
[5.336s][debug][gc,phases,ref  ] GC(103) Reference Processing: 0.0ms
[5.336s][debug][gc,phases,ref  ] GC(103)   Notify Soft/WeakReferences: 0.0ms
[5.336s][debug][gc,phases,ref  ] GC(103)     SoftRef: skipped
[5.336s][debug][gc,phases,ref  ] GC(103)     WeakRef: skipped
[5.336s][debug][gc,phases,ref  ] GC(103)     FinalRef: skipped
[5.336s][debug][gc,phases,ref  ] GC(103)     Total: skipped
[5.336s][debug][gc,phases,ref  ] GC(103)   Notify and keep alive finalizable: 0.0ms
[5.336s][debug][gc,phases,ref  ] GC(103)     FinalRef: skipped
[5.336s][debug][gc,phases,ref  ] GC(103)   Notify PhantomReferences: 0.0ms
[5.336s][debug][gc,phases,ref  ] GC(103)     PhantomRef: skipped
[5.336s][debug][gc,phases,ref  ] GC(103)   SoftReference Discovered: 0, Dropped: 0, Processed: 0
[5.336s][debug][gc,phases,ref  ] GC(103)   WeakReference Discovered: 0, Dropped: 0, Processed: 0
[5.337s][debug][gc,phases,ref  ] GC(103)   FinalReference Discovered: 0, Dropped: 0, Processed: 0
[5.337s][debug][gc,phases,ref  ] GC(103)   PhantomReference Discovered: 0, Dropped: 0, Processed: 0
[5.337s][debug][gc,age         ] GC(103) Desired survivor size 557056 bytes, new threshold 15 (max threshold 15)
[5.337s][info ][gc,heap        ] GC(103) DefNew: 8832K(9920K)->0K(9920K) Eden: 8832K(8832K)->0K(8832K) From: 0K(1088K)->0K(1088K)
[5.337s][info ][gc,heap        ] GC(103) Tenured: 2071K(21888K)->2071K(21888K)
[5.337s][info ][gc,metaspace   ] GC(103) Metaspace: 369K(512K)->369K(512K) NonClass: 306K(384K)->306K(384K) Class: 63K(128K)->63K(128K)
[5.337s][debug][gc,heap        ] GC(103) Heap after GC invocations=104 (full 4):
[5.337s][debug][gc,heap        ] GC(103)  def new generation   total 9920K, used 0K [0x0000120000200000, 0x0000120000cc0000, 0x000012000aca0000)
[5.337s][debug][gc,heap        ] GC(103)   eden space 8832K,   0% used [0x0000120000200000, 0x0000120000200000, 0x0000120000aa0000)
[5.337s][debug][gc,heap        ] GC(103)   from space 1088K,   0% used [0x0000120000aa0000, 0x0000120000aa0138, 0x0000120000bb0000)
[5.337s][debug][gc,heap        ] GC(103)   to   space 1088K,   0% used [0x0000120000bb0000, 0x0000120000bb0000, 0x0000120000cc0000)
[5.337s][debug][gc,heap        ] GC(103)  tenured generation   total 21888K, used 2071K [0x000012000aca0000, 0x000012000c200000, 0x0000120020200000)
[5.337s][debug][gc,heap        ] GC(103)    the space 21888K,   9% used [0x000012000aca0000, 0x000012000aea5db8, 0x000012000aea5e00, 0x000012000c200000)
[5.337s][debug][gc,heap        ] GC(103)  Metaspace       used 369K, committed 512K, reserved 1114112K
[5.337s][debug][gc,heap        ] GC(103)   class space    used 63K, committed 128K, reserved 1048576K
[5.337s][info ][gc             ] GC(103) Pause Young (Allocation Failure) 10M->2M(31M) 0.559ms
[5.337s][info ][gc,cpu         ] GC(103) User=0.00s Sys=0.00s Real=0.00s
[5.337s][info ][safepoint      ] Safepoint "GenCollectForAllocation", Time since last: 48828276 ns, Reaching safepoint: 3530 ns, Cleanup: 3583 ns, At safepoint: 604246 ns, Total: 611359 ns
[5.385s][info ][gc,start       ] GC(104) Pause Young (Allocation Failure)
[5.385s][debug][gc,heap        ] GC(104) Heap before GC invocations=104 (full 4):
[5.385s][debug][gc,heap        ] GC(104)  def new generation   total 9920K, used 8832K [0x0000120000200000, 0x0000120000cc0000, 0x000012000aca0000)
[5.385s][debug][gc,heap        ] GC(104)   eden space 8832K, 100% used [0x0000120000200000, 0x0000120000aa0000, 0x0000120000aa0000)
[5.385s][debug][gc,heap        ] GC(104)   from space 1088K,   0% used [0x0000120000aa0000, 0x0000120000aa0138, 0x0000120000bb0000)
[5.385s][debug][gc,heap        ] GC(104)   to   space 1088K,   0% used [0x0000120000bb0000, 0x0000120000bb0000, 0x0000120000cc0000)
[5.385s][debug][gc,heap        ] GC(104)  tenured generation   total 21888K, used 2071K [0x000012000aca0000, 0x000012000c200000, 0x0000120020200000)
[5.385s][debug][gc,heap        ] GC(104)    the space 21888K,   9% used [0x000012000aca0000, 0x000012000aea5db8, 0x000012000aea5e00, 0x000012000c200000)
[5.385s][debug][gc,heap        ] GC(104)  Metaspace       used 369K, committed 512K, reserved 1114112K
[5.385s][debug][gc,heap        ] GC(104)   class space    used 63K, committed 128K, reserved 1048576K
[5.386s][debug][gc,tlab        ] GC(104) TLAB totals: thrds: 2  refills: 101 max: 53 slow allocs: 0 max 0 waste:  0.0% gc: 0B max: 0B slow: 2296B max: 1488B
[5.386s][debug][gc,ref         ] GC(104) Skipped SoftWeakFinalRefsPhase of Reference Processing: no references
[5.386s][debug][gc,ref         ] GC(104) Skipped KeepAliveFinalRefsPhase of Reference Processing: no references
[5.386s][debug][gc,ref         ] GC(104) Skipped PhantomRefsPhase of Reference Processing: no references
[5.386s][debug][gc,phases,ref  ] GC(104) Reference Processing: 0.0ms
[5.386s][debug][gc,phases,ref  ] GC(104)   Notify Soft/WeakReferences: 0.0ms
[5.386s][debug][gc,phases,ref  ] GC(104)     SoftRef: skipped
[5.386s][debug][gc,phases,ref  ] GC(104)     WeakRef: skipped
[5.386s][debug][gc,phases,ref  ] GC(104)     FinalRef: skipped
[5.386s][debug][gc,phases,ref  ] GC(104)     Total: skipped
[5.386s][debug][gc,phases,ref  ] GC(104)   Notify and keep alive finalizable: 0.0ms
[5.386s][debug][gc,phases,ref  ] GC(104)     FinalRef: skipped
[5.386s][debug][gc,phases,ref  ] GC(104)   Notify PhantomReferences: 0.0ms
[5.386s][debug][gc,phases,ref  ] GC(104)     PhantomRef: skipped
[5.386s][debug][gc,phases,ref  ] GC(104)   SoftReference Discovered: 0, Dropped: 0, Processed: 0
[5.386s][debug][gc,phases,ref  ] GC(104)   WeakReference Discovered: 0, Dropped: 0, Processed: 0
[5.386s][debug][gc,phases,ref  ] GC(104)   FinalReference Discovered: 0, Dropped: 0, Processed: 0
[5.386s][debug][gc,phases,ref  ] GC(104)   PhantomReference Discovered: 0, Dropped: 0, Processed: 0
[5.386s][debug][gc,age         ] GC(104) Desired survivor size 557056 bytes, new threshold 15 (max threshold 15)
[5.386s][info ][gc,heap        ] GC(104) DefNew: 8832K(9920K)->0K(9920K) Eden: 8832K(8832K)->0K(8832K) From: 0K(1088K)->0K(1088K)
[5.386s][info ][gc,heap        ] GC(104) Tenured: 2071K(21888K)->2071K(21888K)
[5.386s][info ][gc,metaspace   ] GC(104) Metaspace: 369K(512K)->369K(512K) NonClass: 306K(384K)->306K(384K) Class: 63K(128K)->63K(128K)
[5.386s][debug][gc,heap        ] GC(104) Heap after GC invocations=105 (full 4):
[5.386s][debug][gc,heap        ] GC(104)  def new generation   total 9920K, used 0K [0x0000120000200000, 0x0000120000cc0000, 0x000012000aca0000)
[5.386s][debug][gc,heap        ] GC(104)   eden space 8832K,   0% used [0x0000120000200000, 0x0000120000200000, 0x0000120000aa0000)
[5.386s][debug][gc,heap        ] GC(104)   from space 1088K,   0% used [0x0000120000bb0000, 0x0000120000bb0130, 0x0000120000cc0000)
[5.386s][debug][gc,heap        ] GC(104)   to   space 1088K,   0% used [0x0000120000aa0000, 0x0000120000aa0000, 0x0000120000bb0000)
[5.386s][debug][gc,heap        ] GC(104)  tenured generation   total 21888K, used 2071K [0x000012000aca0000, 0x000012000c200000, 0x0000120020200000)
[5.386s][debug][gc,heap        ] GC(104)    the space 21888K,   9% used [0x000012000aca0000, 0x000012000aea5db8, 0x000012000aea5e00, 0x000012000c200000)
[5.386s][debug][gc,heap        ] GC(104)  Metaspace       used 369K, committed 512K, reserved 1114112K
[5.386s][debug][gc,heap        ] GC(104)   class space    used 63K, committed 128K, reserved 1048576K
[5.386s][info ][gc             ] GC(104) Pause Young (Allocation Failure) 10M->2M(31M) 0.556ms
[5.386s][info ][gc,cpu         ] GC(104) User=0.00s Sys=0.00s Real=0.00s
[5.386s][info ][safepoint      ] Safepoint "GenCollectForAllocation", Time since last: 48635535 ns, Reaching safepoint: 3054 ns, Cleanup: 3624 ns, At safepoint: 591756 ns, Total: 598434 ns
[5.435s][info ][gc,start       ] GC(105) Pause Young (Allocation Failure)
[5.435s][debug][gc,heap        ] GC(105) Heap before GC invocations=105 (full 4):
[5.435s][debug][gc,heap        ] GC(105)  def new generation   total 9920K, used 8832K [0x0000120000200000, 0x0000120000cc0000, 0x000012000aca0000)
[5.435s][debug][gc,heap        ] GC(105)   eden space 8832K, 100% used [0x0000120000200000, 0x0000120000aa0000, 0x0000120000aa0000)
[5.435s][debug][gc,heap        ] GC(105)   from space 1088K,   0% used [0x0000120000bb0000, 0x0000120000bb0130, 0x0000120000cc0000)
[5.435s][debug][gc,heap        ] GC(105)   to   space 1088K,   0% used [0x0000120000aa0000, 0x0000120000aa0000, 0x0000120000bb0000)
[5.435s][debug][gc,heap        ] GC(105)  tenured generation   total 21888K, used 2071K [0x000012000aca0000, 0x000012000c200000, 0x0000120020200000)
[5.435s][debug][gc,heap        ] GC(105)    the space 21888K,   9% used [0x000012000aca0000, 0x000012000aea5db8, 0x000012000aea5e00, 0x000012000c200000)
[5.435s][debug][gc,heap        ] GC(105)  Metaspace       used 369K, committed 512K, reserved 1114112K
[5.435s][debug][gc,heap        ] GC(105)   class space    used 63K, committed 128K, reserved 1048576K
[5.435s][debug][gc,tlab        ] GC(105) TLAB totals: thrds: 2  refills: 101 max: 52 slow allocs: 0 max 0 waste:  0.4% gc: 36696B max: 36696B slow: 2872B max: 1472B
[5.435s][debug][gc,ref         ] GC(105) Skipped SoftWeakFinalRefsPhase of Reference Processing: no references
[5.435s][debug][gc,ref         ] GC(105) Skipped KeepAliveFinalRefsPhase of Reference Processing: no references
[5.435s][debug][gc,ref         ] GC(105) Skipped PhantomRefsPhase of Reference Processing: no references
[5.435s][debug][gc,phases,ref  ] GC(105) Reference Processing: 0.0ms
[5.435s][debug][gc,phases,ref  ] GC(105)   Notify Soft/WeakReferences: 0.0ms
[5.435s][debug][gc,phases,ref  ] GC(105)     SoftRef: skipped
[5.435s][debug][gc,phases,ref  ] GC(105)     WeakRef: skipped
[5.435s][debug][gc,phases,ref  ] GC(105)     FinalRef: skipped
[5.435s][debug][gc,phases,ref  ] GC(105)     Total: skipped
[5.435s][debug][gc,phases,ref  ] GC(105)   Notify and keep alive finalizable: 0.0ms
[5.435s][debug][gc,phases,ref  ] GC(105)     FinalRef: skipped
[5.435s][debug][gc,phases,ref  ] GC(105)   Notify PhantomReferences: 0.0ms
[5.435s][debug][gc,phases,ref  ] GC(105)     PhantomRef: skipped
[5.435s][debug][gc,phases,ref  ] GC(105)   SoftReference Discovered: 0, Dropped: 0, Processed: 0
[5.435s][debug][gc,phases,ref  ] GC(105)   WeakReference Discovered: 0, Dropped: 0, Processed: 0
[5.435s][debug][gc,phases,ref  ] GC(105)   FinalReference Discovered: 0, Dropped: 0, Processed: 0
[5.435s][debug][gc,phases,ref  ] GC(105)   PhantomReference Discovered: 0, Dropped: 0, Processed: 0
[5.435s][debug][gc,age         ] GC(105) Desired survivor size 557056 bytes, new threshold 15 (max threshold 15)
[5.435s][info ][gc,heap        ] GC(105) DefNew: 8832K(9920K)->0K(9920K) Eden: 8832K(8832K)->0K(8832K) From: 0K(1088K)->0K(1088K)
[5.435s][info ][gc,heap        ] GC(105) Tenured: 2071K(21888K)->2071K(21888K)
[5.435s][info ][gc,metaspace   ] GC(105) Metaspace: 369K(512K)->369K(512K) NonClass: 306K(384K)->306K(384K) Class: 63K(128K)->63K(128K)
[5.435s][debug][gc,heap        ] GC(105) Heap after GC invocations=106 (full 4):
[5.435s][debug][gc,heap        ] GC(105)  def new generation   total 9920K, used 0K [0x0000120000200000, 0x0000120000cc0000, 0x000012000aca0000)
[5.435s][debug][gc,heap        ] GC(105)   eden space 8832K,   0% used [0x0000120000200000, 0x0000120000200000, 0x0000120000aa0000)
[5.435s][debug][gc,heap        ] GC(105)   from space 1088K,   0% used [0x0000120000aa0000, 0x0000120000aa0150, 0x0000120000bb0000)
[5.435s][debug][gc,heap        ] GC(105)   to   space 1088K,   0% used [0x0000120000bb0000, 0x0000120000bb0000, 0x0000120000cc0000)
[5.435s][debug][gc,heap        ] GC(105)  tenured generation   total 21888K, used 2071K [0x000012000aca0000, 0x000012000c200000, 0x0000120020200000)
[5.435s][debug][gc,heap        ] GC(105)    the space 21888K,   9% used [0x000012000aca0000, 0x000012000aea5db8, 0x000012000aea5e00, 0x000012000c200000)
[5.435s][debug][gc,heap        ] GC(105)  Metaspace       used 369K, committed 512K, reserved 1114112K
[5.435s][debug][gc,heap        ] GC(105)   class space    used 63K, committed 128K, reserved 1048576K
[5.435s][info ][gc             ] GC(105) Pause Young (Allocation Failure) 10M->2M(31M) 0.567ms
[5.435s][info ][gc,cpu         ] GC(105) User=0.00s Sys=0.00s Real=0.00s
[5.435s][info ][safepoint      ] Safepoint "GenCollectForAllocation", Time since last: 48586732 ns, Reaching safepoint: 3680 ns, Cleanup: 3654 ns, At safepoint: 609412 ns, Total: 616746 ns
[5.483s][info ][gc,start       ] GC(106) Pause Young (Allocation Failure)
[5.484s][debug][gc,heap        ] GC(106) Heap before GC invocations=106 (full 4):
[5.484s][debug][gc,heap        ] GC(106)  def new generation   total 9920K, used 8832K [0x0000120000200000, 0x0000120000cc0000, 0x000012000aca0000)
[5.484s][debug][gc,heap        ] GC(106)   eden space 8832K, 100% used [0x0000120000200000, 0x0000120000aa0000, 0x0000120000aa0000)
[5.484s][debug][gc,heap        ] GC(106)   from space 1088K,   0% used [0x0000120000aa0000, 0x0000120000aa0150, 0x0000120000bb0000)
[5.484s][debug][gc,heap        ] GC(106)   to   space 1088K,   0% used [0x0000120000bb0000, 0x0000120000bb0000, 0x0000120000cc0000)
[5.484s][debug][gc,heap        ] GC(106)  tenured generation   total 21888K, used 2071K [0x000012000aca0000, 0x000012000c200000, 0x0000120020200000)
[5.484s][debug][gc,heap        ] GC(106)    the space 21888K,   9% used [0x000012000aca0000, 0x000012000aea5db8, 0x000012000aea5e00, 0x000012000c200000)
[5.484s][debug][gc,heap        ] GC(106)  Metaspace       used 369K, committed 512K, reserved 1114112K
[5.484s][debug][gc,heap        ] GC(106)   class space    used 63K, committed 128K, reserved 1048576K
[5.484s][debug][gc,tlab        ] GC(106) TLAB totals: thrds: 2  refills: 101 max: 51 slow allocs: 0 max 0 waste:  0.3% gc: 26168B max: 26168B slow: 2392B max: 1376B
[5.484s][debug][gc,ref         ] GC(106) Skipped SoftWeakFinalRefsPhase of Reference Processing: no references
[5.484s][debug][gc,ref         ] GC(106) Skipped KeepAliveFinalRefsPhase of Reference Processing: no references
[5.484s][debug][gc,ref         ] GC(106) Skipped PhantomRefsPhase of Reference Processing: no references
[5.484s][debug][gc,phases,ref  ] GC(106) Reference Processing: 0.0ms
[5.484s][debug][gc,phases,ref  ] GC(106)   Notify Soft/WeakReferences: 0.0ms
[5.484s][debug][gc,phases,ref  ] GC(106)     SoftRef: skipped
[5.484s][debug][gc,phases,ref  ] GC(106)     WeakRef: skipped
[5.484s][debug][gc,phases,ref  ] GC(106)     FinalRef: skipped
[5.484s][debug][gc,phases,ref  ] GC(106)     Total: skipped
[5.484s][debug][gc,phases,ref  ] GC(106)   Notify and keep alive finalizable: 0.0ms
[5.484s][debug][gc,phases,ref  ] GC(106)     FinalRef: skipped
[5.484s][debug][gc,phases,ref  ] GC(106)   Notify PhantomReferences: 0.0ms
[5.484s][debug][gc,phases,ref  ] GC(106)     PhantomRef: skipped
[5.484s][debug][gc,phases,ref  ] GC(106)   SoftReference Discovered: 0, Dropped: 0, Processed: 0
[5.484s][debug][gc,phases,ref  ] GC(106)   WeakReference Discovered: 0, Dropped: 0, Processed: 0
[5.484s][debug][gc,phases,ref  ] GC(106)   FinalReference Discovered: 0, Dropped: 0, Processed: 0
[5.484s][debug][gc,phases,ref  ] GC(106)   PhantomReference Discovered: 0, Dropped: 0, Processed: 0
[5.484s][debug][gc,age         ] GC(106) Desired survivor size 557056 bytes, new threshold 15 (max threshold 15)
[5.484s][info ][gc,heap        ] GC(106) DefNew: 8832K(9920K)->0K(9920K) Eden: 8832K(8832K)->0K(8832K) From: 0K(1088K)->0K(1088K)
[5.484s][info ][gc,heap        ] GC(106) Tenured: 2071K(21888K)->2071K(21888K)
[5.484s][info ][gc,metaspace   ] GC(106) Metaspace: 369K(512K)->369K(512K) NonClass: 306K(384K)->306K(384K) Class: 63K(128K)->63K(128K)
[5.484s][debug][gc,heap        ] GC(106) Heap after GC invocations=107 (full 4):
[5.484s][debug][gc,heap        ] GC(106)  def new generation   total 9920K, used 0K [0x0000120000200000, 0x0000120000cc0000, 0x000012000aca0000)
[5.484s][debug][gc,heap        ] GC(106)   eden space 8832K,   0% used [0x0000120000200000, 0x0000120000200000, 0x0000120000aa0000)
[5.484s][debug][gc,heap        ] GC(106)   from space 1088K,   0% used [0x0000120000bb0000, 0x0000120000bb0158, 0x0000120000cc0000)
[5.484s][debug][gc,heap        ] GC(106)   to   space 1088K,   0% used [0x0000120000aa0000, 0x0000120000aa0000, 0x0000120000bb0000)
[5.484s][debug][gc,heap        ] GC(106)  tenured generation   total 21888K, used 2071K [0x000012000aca0000, 0x000012000c200000, 0x0000120020200000)
[5.484s][debug][gc,heap        ] GC(106)    the space 21888K,   9% used [0x000012000aca0000, 0x000012000aea5db8, 0x000012000aea5e00, 0x000012000c200000)
[5.484s][debug][gc,heap        ] GC(106)  Metaspace       used 369K, committed 512K, reserved 1114112K
[5.484s][debug][gc,heap        ] GC(106)   class space    used 63K, committed 128K, reserved 1048576K
[5.484s][info ][gc             ] GC(106) Pause Young (Allocation Failure) 10M->2M(31M) 0.688ms
[5.484s][info ][gc,cpu         ] GC(106) User=0.00s Sys=0.00s Real=0.00s
[5.484s][info ][safepoint      ] Safepoint "GenCollectForAllocation", Time since last: 48313716 ns, Reaching safepoint: 3156 ns, Cleanup: 3532 ns, At safepoint: 731402 ns, Total: 738090 ns
[5.534s][info ][gc,start       ] GC(107) Pause Young (Allocation Failure)
[5.534s][debug][gc,heap        ] GC(107) Heap before GC invocations=107 (full 4):
[5.534s][debug][gc,heap        ] GC(107)  def new generation   total 9920K, used 8832K [0x0000120000200000, 0x0000120000cc0000, 0x000012000aca0000)
[5.534s][debug][gc,heap        ] GC(107)   eden space 8832K, 100% used [0x0000120000200000, 0x0000120000aa0000, 0x0000120000aa0000)
[5.534s][debug][gc,heap        ] GC(107)   from space 1088K,   0% used [0x0000120000bb0000, 0x0000120000bb0158, 0x0000120000cc0000)
[5.534s][debug][gc,heap        ] GC(107)   to   space 1088K,   0% used [0x0000120000aa0000, 0x0000120000aa0000, 0x0000120000bb0000)
[5.534s][debug][gc,heap        ] GC(107)  tenured generation   total 21888K, used 2071K [0x000012000aca0000, 0x000012000c200000, 0x0000120020200000)
[5.534s][debug][gc,heap        ] GC(107)    the space 21888K,   9% used [0x000012000aca0000, 0x000012000aea5db8, 0x000012000aea5e00, 0x000012000c200000)
[5.534s][debug][gc,heap        ] GC(107)  Metaspace       used 369K, committed 512K, reserved 1114112K
[5.534s][debug][gc,heap        ] GC(107)   class space    used 63K, committed 128K, reserved 1048576K
[5.534s][debug][gc,tlab        ] GC(107) TLAB totals: thrds: 2  refills: 101 max: 51 slow allocs: 0 max 0 waste:  0.2% gc: 18744B max: 18744B slow: 2504B max: 1288B
[5.534s][debug][gc,ref         ] GC(107) Skipped SoftWeakFinalRefsPhase of Reference Processing: no references
[5.534s][debug][gc,ref         ] GC(107) Skipped KeepAliveFinalRefsPhase of Reference Processing: no references
[5.534s][debug][gc,ref         ] GC(107) Skipped PhantomRefsPhase of Reference Processing: no references
[5.534s][debug][gc,phases,ref  ] GC(107) Reference Processing: 0.0ms
[5.534s][debug][gc,phases,ref  ] GC(107)   Notify Soft/WeakReferences: 0.0ms
[5.534s][debug][gc,phases,ref  ] GC(107)     SoftRef: skipped
[5.534s][debug][gc,phases,ref  ] GC(107)     WeakRef: skipped
[5.534s][debug][gc,phases,ref  ] GC(107)     FinalRef: skipped
[5.534s][debug][gc,phases,ref  ] GC(107)     Total: skipped
[5.534s][debug][gc,phases,ref  ] GC(107)   Notify and keep alive finalizable: 0.0ms
[5.534s][debug][gc,phases,ref  ] GC(107)     FinalRef: skipped
[5.534s][debug][gc,phases,ref  ] GC(107)   Notify PhantomReferences: 0.0ms
[5.534s][debug][gc,phases,ref  ] GC(107)     PhantomRef: skipped
[5.534s][debug][gc,phases,ref  ] GC(107)   SoftReference Discovered: 0, Dropped: 0, Processed: 0
[5.534s][debug][gc,phases,ref  ] GC(107)   WeakReference Discovered: 0, Dropped: 0, Processed: 0
[5.534s][debug][gc,phases,ref  ] GC(107)   FinalReference Discovered: 0, Dropped: 0, Processed: 0
[5.534s][debug][gc,phases,ref  ] GC(107)   PhantomReference Discovered: 0, Dropped: 0, Processed: 0
[5.534s][debug][gc,age         ] GC(107) Desired survivor size 557056 bytes, new threshold 15 (max threshold 15)
[5.534s][info ][gc,heap        ] GC(107) DefNew: 8832K(9920K)->0K(9920K) Eden: 8832K(8832K)->0K(8832K) From: 0K(1088K)->0K(1088K)
[5.534s][info ][gc,heap        ] GC(107) Tenured: 2071K(21888K)->2071K(21888K)
[5.534s][info ][gc,metaspace   ] GC(107) Metaspace: 369K(512K)->369K(512K) NonClass: 306K(384K)->306K(384K) Class: 63K(128K)->63K(128K)
[5.534s][debug][gc,heap        ] GC(107) Heap after GC invocations=108 (full 4):
[5.534s][debug][gc,heap        ] GC(107)  def new generation   total 9920K, used 0K [0x0000120000200000, 0x0000120000cc0000, 0x000012000aca0000)
[5.534s][debug][gc,heap        ] GC(107)   eden space 8832K,   0% used [0x0000120000200000, 0x0000120000200000, 0x0000120000aa0000)
[5.534s][debug][gc,heap        ] GC(107)   from space 1088K,   0% used [0x0000120000aa0000, 0x0000120000aa0118, 0x0000120000bb0000)
[5.534s][debug][gc,heap        ] GC(107)   to   space 1088K,   0% used [0x0000120000bb0000, 0x0000120000bb0000, 0x0000120000cc0000)
[5.534s][debug][gc,heap        ] GC(107)  tenured generation   total 21888K, used 2071K [0x000012000aca0000, 0x000012000c200000, 0x0000120020200000)
[5.534s][debug][gc,heap        ] GC(107)    the space 21888K,   9% used [0x000012000aca0000, 0x000012000aea5db8, 0x000012000aea5e00, 0x000012000c200000)
[5.534s][debug][gc,heap        ] GC(107)  Metaspace       used 369K, committed 512K, reserved 1114112K
[5.534s][debug][gc,heap        ] GC(107)   class space    used 63K, committed 128K, reserved 1048576K
[5.534s][info ][gc             ] GC(107) Pause Young (Allocation Failure) 10M->2M(31M) 0.575ms
[5.534s][info ][gc,cpu         ] GC(107) User=0.00s Sys=0.00s Real=0.00s
[5.534s][info ][safepoint      ] Safepoint "GenCollectForAllocation", Time since last: 49467461 ns, Reaching safepoint: 77372 ns, Cleanup: 3310 ns, At safepoint: 616976 ns, Total: 697658 ns
[5.583s][info ][gc,start       ] GC(108) Pause Young (Allocation Failure)
[5.583s][debug][gc,heap        ] GC(108) Heap before GC invocations=108 (full 4):
[5.583s][debug][gc,heap        ] GC(108)  def new generation   total 9920K, used 8832K [0x0000120000200000, 0x0000120000cc0000, 0x000012000aca0000)
[5.583s][debug][gc,heap        ] GC(108)   eden space 8832K, 100% used [0x0000120000200000, 0x0000120000aa0000, 0x0000120000aa0000)
[5.583s][debug][gc,heap        ] GC(108)   from space 1088K,   0% used [0x0000120000aa0000, 0x0000120000aa0118, 0x0000120000bb0000)
[5.583s][debug][gc,heap        ] GC(108)   to   space 1088K,   0% used [0x0000120000bb0000, 0x0000120000bb0000, 0x0000120000cc0000)
[5.583s][debug][gc,heap        ] GC(108)  tenured generation   total 21888K, used 2071K [0x000012000aca0000, 0x000012000c200000, 0x0000120020200000)
[5.583s][debug][gc,heap        ] GC(108)    the space 21888K,   9% used [0x000012000aca0000, 0x000012000aea5db8, 0x000012000aea5e00, 0x000012000c200000)
[5.583s][debug][gc,heap        ] GC(108)  Metaspace       used 369K, committed 512K, reserved 1114112K
[5.583s][debug][gc,heap        ] GC(108)   class space    used 63K, committed 128K, reserved 1048576K
[5.583s][debug][gc,tlab        ] GC(108) TLAB totals: thrds: 2  refills: 101 max: 51 slow allocs: 0 max 0 waste:  0.1% gc: 9640B max: 9640B slow: 2120B max: 1248B
[5.583s][debug][gc,ref         ] GC(108) Skipped SoftWeakFinalRefsPhase of Reference Processing: no references
[5.583s][debug][gc,ref         ] GC(108) Skipped KeepAliveFinalRefsPhase of Reference Processing: no references
[5.583s][debug][gc,ref         ] GC(108) Skipped PhantomRefsPhase of Reference Processing: no references
[5.583s][debug][gc,phases,ref  ] GC(108) Reference Processing: 0.0ms
[5.583s][debug][gc,phases,ref  ] GC(108)   Notify Soft/WeakReferences: 0.0ms
[5.583s][debug][gc,phases,ref  ] GC(108)     SoftRef: skipped
[5.583s][debug][gc,phases,ref  ] GC(108)     WeakRef: skipped
[5.583s][debug][gc,phases,ref  ] GC(108)     FinalRef: skipped
[5.583s][debug][gc,phases,ref  ] GC(108)     Total: skipped
[5.583s][debug][gc,phases,ref  ] GC(108)   Notify and keep alive finalizable: 0.0ms
[5.583s][debug][gc,phases,ref  ] GC(108)     FinalRef: skipped
[5.583s][debug][gc,phases,ref  ] GC(108)   Notify PhantomReferences: 0.0ms
[5.583s][debug][gc,phases,ref  ] GC(108)     PhantomRef: skipped
[5.583s][debug][gc,phases,ref  ] GC(108)   SoftReference Discovered: 0, Dropped: 0, Processed: 0
[5.583s][debug][gc,phases,ref  ] GC(108)   WeakReference Discovered: 0, Dropped: 0, Processed: 0
[5.583s][debug][gc,phases,ref  ] GC(108)   FinalReference Discovered: 0, Dropped: 0, Processed: 0
[5.583s][debug][gc,phases,ref  ] GC(108)   PhantomReference Discovered: 0, Dropped: 0, Processed: 0
[5.583s][debug][gc,age         ] GC(108) Desired survivor size 557056 bytes, new threshold 15 (max threshold 15)
[5.583s][info ][gc,heap        ] GC(108) DefNew: 8832K(9920K)->0K(9920K) Eden: 8832K(8832K)->0K(8832K) From: 0K(1088K)->0K(1088K)
[5.583s][info ][gc,heap        ] GC(108) Tenured: 2071K(21888K)->2071K(21888K)
[5.583s][info ][gc,metaspace   ] GC(108) Metaspace: 369K(512K)->369K(512K) NonClass: 306K(384K)->306K(384K) Class: 63K(128K)->63K(128K)
[5.583s][debug][gc,heap        ] GC(108) Heap after GC invocations=109 (full 4):
[5.583s][debug][gc,heap        ] GC(108)  def new generation   total 9920K, used 0K [0x0000120000200000, 0x0000120000cc0000, 0x000012000aca0000)
[5.583s][debug][gc,heap        ] GC(108)   eden space 8832K,   0% used [0x0000120000200000, 0x0000120000200000, 0x0000120000aa0000)
[5.583s][debug][gc,heap        ] GC(108)   from space 1088K,   0% used [0x0000120000bb0000, 0x0000120000bb0168, 0x0000120000cc0000)
[5.583s][debug][gc,heap        ] GC(108)   to   space 1088K,   0% used [0x0000120000aa0000, 0x0000120000aa0000, 0x0000120000bb0000)
[5.583s][debug][gc,heap        ] GC(108)  tenured generation   total 21888K, used 2071K [0x000012000aca0000, 0x000012000c200000, 0x0000120020200000)
[5.583s][debug][gc,heap        ] GC(108)    the space 21888K,   9% used [0x000012000aca0000, 0x000012000aea5db8, 0x000012000aea5e00, 0x000012000c200000)
[5.583s][debug][gc,heap        ] GC(108)  Metaspace       used 369K, committed 512K, reserved 1114112K
[5.583s][debug][gc,heap        ] GC(108)   class space    used 63K, committed 128K, reserved 1048576K
[5.583s][info ][gc             ] GC(108) Pause Young (Allocation Failure) 10M->2M(31M) 0.568ms
[5.583s][info ][gc,cpu         ] GC(108) User=0.00s Sys=0.00s Real=0.00s
[5.583s][info ][safepoint      ] Safepoint "GenCollectForAllocation", Time since last: 48345079 ns, Reaching safepoint: 3410 ns, Cleanup: 3608 ns, At safepoint: 611578 ns, Total: 618596 ns
[5.631s][info ][gc,start       ] GC(109) Pause Young (Allocation Failure)
[5.631s][debug][gc,heap        ] GC(109) Heap before GC invocations=109 (full 4):
[5.631s][debug][gc,heap        ] GC(109)  def new generation   total 9920K, used 8832K [0x0000120000200000, 0x0000120000cc0000, 0x000012000aca0000)
[5.631s][debug][gc,heap        ] GC(109)   eden space 8832K, 100% used [0x0000120000200000, 0x0000120000aa0000, 0x0000120000aa0000)
[5.631s][debug][gc,heap        ] GC(109)   from space 1088K,   0% used [0x0000120000bb0000, 0x0000120000bb0168, 0x0000120000cc0000)
[5.631s][debug][gc,heap        ] GC(109)   to   space 1088K,   0% used [0x0000120000aa0000, 0x0000120000aa0000, 0x0000120000bb0000)
[5.631s][debug][gc,heap        ] GC(109)  tenured generation   total 21888K, used 2071K [0x000012000aca0000, 0x000012000c200000, 0x0000120020200000)
[5.631s][debug][gc,heap        ] GC(109)    the space 21888K,   9% used [0x000012000aca0000, 0x000012000aea5db8, 0x000012000aea5e00, 0x000012000c200000)
[5.631s][debug][gc,heap        ] GC(109)  Metaspace       used 369K, committed 512K, reserved 1114112K
[5.631s][debug][gc,heap        ] GC(109)   class space    used 63K, committed 128K, reserved 1048576K
[5.631s][debug][gc,tlab        ] GC(109) TLAB totals: thrds: 2  refills: 101 max: 52 slow allocs: 0 max 0 waste:  0.1% gc: 4936B max: 4936B slow: 2584B max: 1328B
[5.631s][debug][gc,ref         ] GC(109) Skipped SoftWeakFinalRefsPhase of Reference Processing: no references
[5.631s][debug][gc,ref         ] GC(109) Skipped KeepAliveFinalRefsPhase of Reference Processing: no references
[5.631s][debug][gc,ref         ] GC(109) Skipped PhantomRefsPhase of Reference Processing: no references
[5.631s][debug][gc,phases,ref  ] GC(109) Reference Processing: 0.0ms
[5.631s][debug][gc,phases,ref  ] GC(109)   Notify Soft/WeakReferences: 0.0ms
[5.631s][debug][gc,phases,ref  ] GC(109)     SoftRef: skipped
[5.631s][debug][gc,phases,ref  ] GC(109)     WeakRef: skipped
[5.631s][debug][gc,phases,ref  ] GC(109)     FinalRef: skipped
[5.631s][debug][gc,phases,ref  ] GC(109)     Total: skipped
[5.631s][debug][gc,phases,ref  ] GC(109)   Notify and keep alive finalizable: 0.0ms
[5.631s][debug][gc,phases,ref  ] GC(109)     FinalRef: skipped
[5.631s][debug][gc,phases,ref  ] GC(109)   Notify PhantomReferences: 0.0ms
[5.631s][debug][gc,phases,ref  ] GC(109)     PhantomRef: skipped
[5.631s][debug][gc,phases,ref  ] GC(109)   SoftReference Discovered: 0, Dropped: 0, Processed: 0
[5.631s][debug][gc,phases,ref  ] GC(109)   WeakReference Discovered: 0, Dropped: 0, Processed: 0
[5.631s][debug][gc,phases,ref  ] GC(109)   FinalReference Discovered: 0, Dropped: 0, Processed: 0
[5.631s][debug][gc,phases,ref  ] GC(109)   PhantomReference Discovered: 0, Dropped: 0, Processed: 0
[5.631s][debug][gc,age         ] GC(109) Desired survivor size 557056 bytes, new threshold 15 (max threshold 15)
[5.631s][info ][gc,heap        ] GC(109) DefNew: 8832K(9920K)->0K(9920K) Eden: 8832K(8832K)->0K(8832K) From: 0K(1088K)->0K(1088K)
[5.631s][info ][gc,heap        ] GC(109) Tenured: 2071K(21888K)->2071K(21888K)
[5.631s][info ][gc,metaspace   ] GC(109) Metaspace: 369K(512K)->369K(512K) NonClass: 306K(384K)->306K(384K) Class: 63K(128K)->63K(128K)
[5.631s][debug][gc,heap        ] GC(109) Heap after GC invocations=110 (full 4):
[5.631s][debug][gc,heap        ] GC(109)  def new generation   total 9920K, used 0K [0x0000120000200000, 0x0000120000cc0000, 0x000012000aca0000)
[5.631s][debug][gc,heap        ] GC(109)   eden space 8832K,   0% used [0x0000120000200000, 0x0000120000200000, 0x0000120000aa0000)
[5.631s][debug][gc,heap        ] GC(109)   from space 1088K,   0% used [0x0000120000aa0000, 0x0000120000aa0160, 0x0000120000bb0000)
[5.631s][debug][gc,heap        ] GC(109)   to   space 1088K,   0% used [0x0000120000bb0000, 0x0000120000bb0000, 0x0000120000cc0000)
[5.631s][debug][gc,heap        ] GC(109)  tenured generation   total 21888K, used 2071K [0x000012000aca0000, 0x000012000c200000, 0x0000120020200000)
[5.631s][debug][gc,heap        ] GC(109)    the space 21888K,   9% used [0x000012000aca0000, 0x000012000aea5db8, 0x000012000aea5e00, 0x000012000c200000)
[5.631s][debug][gc,heap        ] GC(109)  Metaspace       used 369K, committed 512K, reserved 1114112K
[5.631s][debug][gc,heap        ] GC(109)   class space    used 63K, committed 128K, reserved 1048576K
[5.632s][info ][gc             ] GC(109) Pause Young (Allocation Failure) 10M->2M(31M) 0.554ms
[5.632s][info ][gc,cpu         ] GC(109) User=0.00s Sys=0.00s Real=0.00s
[5.632s][info ][safepoint      ] Safepoint "GenCollectForAllocation", Time since last: 47601455 ns, Reaching safepoint: 3529 ns, Cleanup: 3651 ns, At safepoint: 598068 ns, Total: 605248 ns
[5.680s][info ][gc,start       ] GC(110) Pause Young (Allocation Failure)
[5.680s][debug][gc,heap        ] GC(110) Heap before GC invocations=110 (full 4):
[5.680s][debug][gc,heap        ] GC(110)  def new generation   total 9920K, used 8832K [0x0000120000200000, 0x0000120000cc0000, 0x000012000aca0000)
[5.680s][debug][gc,heap        ] GC(110)   eden space 8832K, 100% used [0x0000120000200000, 0x0000120000aa0000, 0x0000120000aa0000)
[5.680s][debug][gc,heap        ] GC(110)   from space 1088K,   0% used [0x0000120000aa0000, 0x0000120000aa0160, 0x0000120000bb0000)
[5.680s][debug][gc,heap        ] GC(110)   to   space 1088K,   0% used [0x0000120000bb0000, 0x0000120000bb0000, 0x0000120000cc0000)
[5.680s][debug][gc,heap        ] GC(110)  tenured generation   total 21888K, used 2071K [0x000012000aca0000, 0x000012000c200000, 0x0000120020200000)
[5.680s][debug][gc,heap        ] GC(110)    the space 21888K,   9% used [0x000012000aca0000, 0x000012000aea5db8, 0x000012000aea5e00, 0x000012000c200000)
[5.680s][debug][gc,heap        ] GC(110)  Metaspace       used 369K, committed 512K, reserved 1114112K
[5.680s][debug][gc,heap        ] GC(110)   class space    used 63K, committed 128K, reserved 1048576K
[5.680s][debug][gc,tlab        ] GC(110) TLAB totals: thrds: 2  refills: 101 max: 51 slow allocs: 0 max 0 waste:  0.3% gc: 27744B max: 27744B slow: 2320B max: 1344B
[5.680s][debug][gc,ref         ] GC(110) Skipped SoftWeakFinalRefsPhase of Reference Processing: no references
[5.680s][debug][gc,ref         ] GC(110) Skipped KeepAliveFinalRefsPhase of Reference Processing: no references
[5.680s][debug][gc,ref         ] GC(110) Skipped PhantomRefsPhase of Reference Processing: no references
[5.680s][debug][gc,phases,ref  ] GC(110) Reference Processing: 0.0ms
[5.680s][debug][gc,phases,ref  ] GC(110)   Notify Soft/WeakReferences: 0.0ms
[5.680s][debug][gc,phases,ref  ] GC(110)     SoftRef: skipped
[5.680s][debug][gc,phases,ref  ] GC(110)     WeakRef: skipped
[5.680s][debug][gc,phases,ref  ] GC(110)     FinalRef: skipped
[5.680s][debug][gc,phases,ref  ] GC(110)     Total: skipped
[5.680s][debug][gc,phases,ref  ] GC(110)   Notify and keep alive finalizable: 0.0ms
[5.680s][debug][gc,phases,ref  ] GC(110)     FinalRef: skipped
[5.680s][debug][gc,phases,ref  ] GC(110)   Notify PhantomReferences: 0.0ms
[5.680s][debug][gc,phases,ref  ] GC(110)     PhantomRef: skipped
[5.680s][debug][gc,phases,ref  ] GC(110)   SoftReference Discovered: 0, Dropped: 0, Processed: 0
[5.680s][debug][gc,phases,ref  ] GC(110)   WeakReference Discovered: 0, Dropped: 0, Processed: 0
[5.680s][debug][gc,phases,ref  ] GC(110)   FinalReference Discovered: 0, Dropped: 0, Processed: 0
[5.680s][debug][gc,phases,ref  ] GC(110)   PhantomReference Discovered: 0, Dropped: 0, Processed: 0
[5.680s][debug][gc,age         ] GC(110) Desired survivor size 557056 bytes, new threshold 15 (max threshold 15)
[5.680s][info ][gc,heap        ] GC(110) DefNew: 8832K(9920K)->0K(9920K) Eden: 8832K(8832K)->0K(8832K) From: 0K(1088K)->0K(1088K)
[5.680s][info ][gc,heap        ] GC(110) Tenured: 2071K(21888K)->2071K(21888K)
[5.680s][info ][gc,metaspace   ] GC(110) Metaspace: 369K(512K)->369K(512K) NonClass: 306K(384K)->306K(384K) Class: 63K(128K)->63K(128K)
[5.680s][debug][gc,heap        ] GC(110) Heap after GC invocations=111 (full 4):
[5.680s][debug][gc,heap        ] GC(110)  def new generation   total 9920K, used 0K [0x0000120000200000, 0x0000120000cc0000, 0x000012000aca0000)
[5.680s][debug][gc,heap        ] GC(110)   eden space 8832K,   0% used [0x0000120000200000, 0x0000120000200000, 0x0000120000aa0000)
[5.680s][debug][gc,heap        ] GC(110)   from space 1088K,   0% used [0x0000120000bb0000, 0x0000120000bb00d0, 0x0000120000cc0000)
[5.680s][debug][gc,heap        ] GC(110)   to   space 1088K,   0% used [0x0000120000aa0000, 0x0000120000aa0000, 0x0000120000bb0000)
[5.680s][debug][gc,heap        ] GC(110)  tenured generation   total 21888K, used 2071K [0x000012000aca0000, 0x000012000c200000, 0x0000120020200000)
[5.680s][debug][gc,heap        ] GC(110)    the space 21888K,   9% used [0x000012000aca0000, 0x000012000aea5db8, 0x000012000aea5e00, 0x000012000c200000)
[5.680s][debug][gc,heap        ] GC(110)  Metaspace       used 369K, committed 512K, reserved 1114112K
[5.680s][debug][gc,heap        ] GC(110)   class space    used 63K, committed 128K, reserved 1048576K
[5.680s][info ][gc             ] GC(110) Pause Young (Allocation Failure) 10M->2M(31M) 0.591ms
[5.680s][info ][gc,cpu         ] GC(110) User=0.00s Sys=0.00s Real=0.00s
[5.680s][info ][safepoint      ] Safepoint "GenCollectForAllocation", Time since last: 47932253 ns, Reaching safepoint: 3203 ns, Cleanup: 3677 ns, At safepoint: 635315 ns, Total: 642195 ns
[5.728s][info ][gc,start       ] GC(111) Pause Young (Allocation Failure)
[5.728s][debug][gc,heap        ] GC(111) Heap before GC invocations=111 (full 4):
[5.728s][debug][gc,heap        ] GC(111)  def new generation   total 9920K, used 8832K [0x0000120000200000, 0x0000120000cc0000, 0x000012000aca0000)
[5.728s][debug][gc,heap        ] GC(111)   eden space 8832K, 100% used [0x0000120000200000, 0x0000120000aa0000, 0x0000120000aa0000)
[5.728s][debug][gc,heap        ] GC(111)   from space 1088K,   0% used [0x0000120000bb0000, 0x0000120000bb00d0, 0x0000120000cc0000)
[5.728s][debug][gc,heap        ] GC(111)   to   space 1088K,   0% used [0x0000120000aa0000, 0x0000120000aa0000, 0x0000120000bb0000)
[5.728s][debug][gc,heap        ] GC(111)  tenured generation   total 21888K, used 2071K [0x000012000aca0000, 0x000012000c200000, 0x0000120020200000)
[5.728s][debug][gc,heap        ] GC(111)    the space 21888K,   9% used [0x000012000aca0000, 0x000012000aea5db8, 0x000012000aea5e00, 0x000012000c200000)
[5.728s][debug][gc,heap        ] GC(111)  Metaspace       used 369K, committed 512K, reserved 1114112K
[5.728s][debug][gc,heap        ] GC(111)   class space    used 63K, committed 128K, reserved 1048576K
[5.728s][debug][gc,tlab        ] GC(111) TLAB totals: thrds: 2  refills: 101 max: 51 slow allocs: 0 max 0 waste:  0.5% gc: 40768B max: 40768B slow: 2192B max: 1200B
[5.728s][debug][gc,ref         ] GC(111) Skipped SoftWeakFinalRefsPhase of Reference Processing: no references
[5.728s][debug][gc,ref         ] GC(111) Skipped KeepAliveFinalRefsPhase of Reference Processing: no references
[5.728s][debug][gc,ref         ] GC(111) Skipped PhantomRefsPhase of Reference Processing: no references
[5.728s][debug][gc,phases,ref  ] GC(111) Reference Processing: 0.0ms
[5.728s][debug][gc,phases,ref  ] GC(111)   Notify Soft/WeakReferences: 0.0ms
[5.728s][debug][gc,phases,ref  ] GC(111)     SoftRef: skipped
[5.728s][debug][gc,phases,ref  ] GC(111)     WeakRef: skipped
[5.728s][debug][gc,phases,ref  ] GC(111)     FinalRef: skipped
[5.728s][debug][gc,phases,ref  ] GC(111)     Total: skipped
[5.728s][debug][gc,phases,ref  ] GC(111)   Notify and keep alive finalizable: 0.0ms
[5.728s][debug][gc,phases,ref  ] GC(111)     FinalRef: skipped
[5.728s][debug][gc,phases,ref  ] GC(111)   Notify PhantomReferences: 0.0ms
[5.728s][debug][gc,phases,ref  ] GC(111)     PhantomRef: skipped
[5.728s][debug][gc,phases,ref  ] GC(111)   SoftReference Discovered: 0, Dropped: 0, Processed: 0
[5.728s][debug][gc,phases,ref  ] GC(111)   WeakReference Discovered: 0, Dropped: 0, Processed: 0
[5.728s][debug][gc,phases,ref  ] GC(111)   FinalReference Discovered: 0, Dropped: 0, Processed: 0
[5.728s][debug][gc,phases,ref  ] GC(111)   PhantomReference Discovered: 0, Dropped: 0, Processed: 0
[5.728s][debug][gc,age         ] GC(111) Desired survivor size 557056 bytes, new threshold 15 (max threshold 15)
[5.728s][info ][gc,heap        ] GC(111) DefNew: 8832K(9920K)->0K(9920K) Eden: 8832K(8832K)->0K(8832K) From: 0K(1088K)->0K(1088K)
[5.728s][info ][gc,heap        ] GC(111) Tenured: 2071K(21888K)->2071K(21888K)
[5.728s][info ][gc,metaspace   ] GC(111) Metaspace: 369K(512K)->369K(512K) NonClass: 306K(384K)->306K(384K) Class: 63K(128K)->63K(128K)
[5.728s][debug][gc,heap        ] GC(111) Heap after GC invocations=112 (full 4):
[5.728s][debug][gc,heap        ] GC(111)  def new generation   total 9920K, used 0K [0x0000120000200000, 0x0000120000cc0000, 0x000012000aca0000)
[5.728s][debug][gc,heap        ] GC(111)   eden space 8832K,   0% used [0x0000120000200000, 0x0000120000200000, 0x0000120000aa0000)
[5.728s][debug][gc,heap        ] GC(111)   from space 1088K,   0% used [0x0000120000aa0000, 0x0000120000aa0150, 0x0000120000bb0000)
[5.728s][debug][gc,heap        ] GC(111)   to   space 1088K,   0% used [0x0000120000bb0000, 0x0000120000bb0000, 0x0000120000cc0000)
[5.728s][debug][gc,heap        ] GC(111)  tenured generation   total 21888K, used 2071K [0x000012000aca0000, 0x000012000c200000, 0x0000120020200000)
[5.728s][debug][gc,heap        ] GC(111)    the space 21888K,   9% used [0x000012000aca0000, 0x000012000aea5db8, 0x000012000aea5e00, 0x000012000c200000)
[5.728s][debug][gc,heap        ] GC(111)  Metaspace       used 369K, committed 512K, reserved 1114112K
[5.728s][debug][gc,heap        ] GC(111)   class space    used 63K, committed 128K, reserved 1048576K
[5.728s][info ][gc             ] GC(111) Pause Young (Allocation Failure) 10M->2M(31M) 0.551ms
[5.728s][info ][gc,cpu         ] GC(111) User=0.00s Sys=0.00s Real=0.00s
[5.728s][info ][safepoint      ] Safepoint "GenCollectForAllocation", Time since last: 47668091 ns, Reaching safepoint: 3652 ns, Cleanup: 3434 ns, At safepoint: 595351 ns, Total: 602437 ns
[5.776s][info ][gc,start       ] GC(112) Pause Young (Allocation Failure)
[5.776s][debug][gc,heap        ] GC(112) Heap before GC invocations=112 (full 4):
[5.776s][debug][gc,heap        ] GC(112)  def new generation   total 9920K, used 8832K [0x0000120000200000, 0x0000120000cc0000, 0x000012000aca0000)
[5.776s][debug][gc,heap        ] GC(112)   eden space 8832K, 100% used [0x0000120000200000, 0x0000120000aa0000, 0x0000120000aa0000)
[5.776s][debug][gc,heap        ] GC(112)   from space 1088K,   0% used [0x0000120000aa0000, 0x0000120000aa0150, 0x0000120000bb0000)
[5.776s][debug][gc,heap        ] GC(112)   to   space 1088K,   0% used [0x0000120000bb0000, 0x0000120000bb0000, 0x0000120000cc0000)
[5.776s][debug][gc,heap        ] GC(112)  tenured generation   total 21888K, used 2071K [0x000012000aca0000, 0x000012000c200000, 0x0000120020200000)
[5.776s][debug][gc,heap        ] GC(112)    the space 21888K,   9% used [0x000012000aca0000, 0x000012000aea5db8, 0x000012000aea5e00, 0x000012000c200000)
[5.776s][debug][gc,heap        ] GC(112)  Metaspace       used 369K, committed 512K, reserved 1114112K
[5.777s][debug][gc,heap        ] GC(112)   class space    used 63K, committed 128K, reserved 1048576K
[5.777s][debug][gc,tlab        ] GC(112) TLAB totals: thrds: 2  refills: 101 max: 51 slow allocs: 0 max 0 waste:  0.1% gc: 5792B max: 5792B slow: 2744B max: 1536B
[5.777s][debug][gc,ref         ] GC(112) Skipped SoftWeakFinalRefsPhase of Reference Processing: no references
[5.777s][debug][gc,ref         ] GC(112) Skipped KeepAliveFinalRefsPhase of Reference Processing: no references
[5.777s][debug][gc,ref         ] GC(112) Skipped PhantomRefsPhase of Reference Processing: no references
[5.777s][debug][gc,phases,ref  ] GC(112) Reference Processing: 0.0ms
[5.777s][debug][gc,phases,ref  ] GC(112)   Notify Soft/WeakReferences: 0.0ms
[5.777s][debug][gc,phases,ref  ] GC(112)     SoftRef: skipped
[5.777s][debug][gc,phases,ref  ] GC(112)     WeakRef: skipped
[5.777s][debug][gc,phases,ref  ] GC(112)     FinalRef: skipped
[5.777s][debug][gc,phases,ref  ] GC(112)     Total: skipped
[5.777s][debug][gc,phases,ref  ] GC(112)   Notify and keep alive finalizable: 0.0ms
[5.777s][debug][gc,phases,ref  ] GC(112)     FinalRef: skipped
[5.777s][debug][gc,phases,ref  ] GC(112)   Notify PhantomReferences: 0.0ms
[5.777s][debug][gc,phases,ref  ] GC(112)     PhantomRef: skipped
[5.777s][debug][gc,phases,ref  ] GC(112)   SoftReference Discovered: 0, Dropped: 0, Processed: 0
[5.777s][debug][gc,phases,ref  ] GC(112)   WeakReference Discovered: 0, Dropped: 0, Processed: 0
[5.777s][debug][gc,phases,ref  ] GC(112)   FinalReference Discovered: 0, Dropped: 0, Processed: 0
[5.777s][debug][gc,phases,ref  ] GC(112)   PhantomReference Discovered: 0, Dropped: 0, Processed: 0
[5.777s][debug][gc,age         ] GC(112) Desired survivor size 557056 bytes, new threshold 15 (max threshold 15)
[5.777s][info ][gc,heap        ] GC(112) DefNew: 8832K(9920K)->0K(9920K) Eden: 8832K(8832K)->0K(8832K) From: 0K(1088K)->0K(1088K)
[5.777s][info ][gc,heap        ] GC(112) Tenured: 2071K(21888K)->2071K(21888K)
[5.777s][info ][gc,metaspace   ] GC(112) Metaspace: 369K(512K)->369K(512K) NonClass: 306K(384K)->306K(384K) Class: 63K(128K)->63K(128K)
[5.777s][debug][gc,heap        ] GC(112) Heap after GC invocations=113 (full 4):
[5.777s][debug][gc,heap        ] GC(112)  def new generation   total 9920K, used 0K [0x0000120000200000, 0x0000120000cc0000, 0x000012000aca0000)
[5.777s][debug][gc,heap        ] GC(112)   eden space 8832K,   0% used [0x0000120000200000, 0x0000120000200000, 0x0000120000aa0000)
[5.777s][debug][gc,heap        ] GC(112)   from space 1088K,   0% used [0x0000120000bb0000, 0x0000120000bb0150, 0x0000120000cc0000)
[5.777s][debug][gc,heap        ] GC(112)   to   space 1088K,   0% used [0x0000120000aa0000, 0x0000120000aa0000, 0x0000120000bb0000)
[5.777s][debug][gc,heap        ] GC(112)  tenured generation   total 21888K, used 2071K [0x000012000aca0000, 0x000012000c200000, 0x0000120020200000)
[5.777s][debug][gc,heap        ] GC(112)    the space 21888K,   9% used [0x000012000aca0000, 0x000012000aea5db8, 0x000012000aea5e00, 0x000012000c200000)
[5.777s][debug][gc,heap        ] GC(112)  Metaspace       used 369K, committed 512K, reserved 1114112K
[5.777s][debug][gc,heap        ] GC(112)   class space    used 63K, committed 128K, reserved 1048576K
[5.777s][info ][gc             ] GC(112) Pause Young (Allocation Failure) 10M->2M(31M) 0.558ms
[5.777s][info ][gc,cpu         ] GC(112) User=0.00s Sys=0.00s Real=0.00s
[5.777s][info ][safepoint      ] Safepoint "GenCollectForAllocation", Time since last: 47957634 ns, Reaching safepoint: 3065 ns, Cleanup: 3650 ns, At safepoint: 601238 ns, Total: 607953 ns
[5.826s][info ][gc,start       ] GC(113) Pause Young (Allocation Failure)
[5.826s][debug][gc,heap        ] GC(113) Heap before GC invocations=113 (full 4):
[5.826s][debug][gc,heap        ] GC(113)  def new generation   total 9920K, used 8832K [0x0000120000200000, 0x0000120000cc0000, 0x000012000aca0000)
[5.826s][debug][gc,heap        ] GC(113)   eden space 8832K, 100% used [0x0000120000200000, 0x0000120000aa0000, 0x0000120000aa0000)
[5.826s][debug][gc,heap        ] GC(113)   from space 1088K,   0% used [0x0000120000bb0000, 0x0000120000bb0150, 0x0000120000cc0000)
[5.826s][debug][gc,heap        ] GC(113)   to   space 1088K,   0% used [0x0000120000aa0000, 0x0000120000aa0000, 0x0000120000bb0000)
[5.826s][debug][gc,heap        ] GC(113)  tenured generation   total 21888K, used 2071K [0x000012000aca0000, 0x000012000c200000, 0x0000120020200000)
[5.826s][debug][gc,heap        ] GC(113)    the space 21888K,   9% used [0x000012000aca0000, 0x000012000aea5db8, 0x000012000aea5e00, 0x000012000c200000)
[5.826s][debug][gc,heap        ] GC(113)  Metaspace       used 369K, committed 512K, reserved 1114112K
[5.826s][debug][gc,heap        ] GC(113)   class space    used 63K, committed 128K, reserved 1048576K
[5.826s][debug][gc,tlab        ] GC(113) TLAB totals: thrds: 2  refills: 101 max: 52 slow allocs: 0 max 0 waste:  0.2% gc: 19792B max: 19792B slow: 2304B max: 1488B
[5.826s][debug][gc,ref         ] GC(113) Skipped SoftWeakFinalRefsPhase of Reference Processing: no references
[5.826s][debug][gc,ref         ] GC(113) Skipped KeepAliveFinalRefsPhase of Reference Processing: no references
[5.826s][debug][gc,ref         ] GC(113) Skipped PhantomRefsPhase of Reference Processing: no references
[5.826s][debug][gc,phases,ref  ] GC(113) Reference Processing: 0.0ms
[5.826s][debug][gc,phases,ref  ] GC(113)   Notify Soft/WeakReferences: 0.0ms
[5.826s][debug][gc,phases,ref  ] GC(113)     SoftRef: skipped
[5.826s][debug][gc,phases,ref  ] GC(113)     WeakRef: skipped
[5.826s][debug][gc,phases,ref  ] GC(113)     FinalRef: skipped
[5.826s][debug][gc,phases,ref  ] GC(113)     Total: skipped
[5.826s][debug][gc,phases,ref  ] GC(113)   Notify and keep alive finalizable: 0.0ms
[5.826s][debug][gc,phases,ref  ] GC(113)     FinalRef: skipped
[5.826s][debug][gc,phases,ref  ] GC(113)   Notify PhantomReferences: 0.0ms
[5.826s][debug][gc,phases,ref  ] GC(113)     PhantomRef: skipped
[5.826s][debug][gc,phases,ref  ] GC(113)   SoftReference Discovered: 0, Dropped: 0, Processed: 0
[5.826s][debug][gc,phases,ref  ] GC(113)   WeakReference Discovered: 0, Dropped: 0, Processed: 0
[5.826s][debug][gc,phases,ref  ] GC(113)   FinalReference Discovered: 0, Dropped: 0, Processed: 0
[5.826s][debug][gc,phases,ref  ] GC(113)   PhantomReference Discovered: 0, Dropped: 0, Processed: 0
[5.826s][debug][gc,age         ] GC(113) Desired survivor size 557056 bytes, new threshold 15 (max threshold 15)
[5.826s][info ][gc,heap        ] GC(113) DefNew: 8832K(9920K)->0K(9920K) Eden: 8832K(8832K)->0K(8832K) From: 0K(1088K)->0K(1088K)
[5.826s][info ][gc,heap        ] GC(113) Tenured: 2071K(21888K)->2071K(21888K)
[5.826s][info ][gc,metaspace   ] GC(113) Metaspace: 369K(512K)->369K(512K) NonClass: 306K(384K)->306K(384K) Class: 63K(128K)->63K(128K)
[5.826s][debug][gc,heap        ] GC(113) Heap after GC invocations=114 (full 4):
[5.826s][debug][gc,heap        ] GC(113)  def new generation   total 9920K, used 0K [0x0000120000200000, 0x0000120000cc0000, 0x000012000aca0000)
[5.826s][debug][gc,heap        ] GC(113)   eden space 8832K,   0% used [0x0000120000200000, 0x0000120000200000, 0x0000120000aa0000)
[5.826s][debug][gc,heap        ] GC(113)   from space 1088K,   0% used [0x0000120000aa0000, 0x0000120000aa0100, 0x0000120000bb0000)
[5.826s][debug][gc,heap        ] GC(113)   to   space 1088K,   0% used [0x0000120000bb0000, 0x0000120000bb0000, 0x0000120000cc0000)
[5.826s][debug][gc,heap        ] GC(113)  tenured generation   total 21888K, used 2071K [0x000012000aca0000, 0x000012000c200000, 0x0000120020200000)
[5.826s][debug][gc,heap        ] GC(113)    the space 21888K,   9% used [0x000012000aca0000, 0x000012000aea5db8, 0x000012000aea5e00, 0x000012000c200000)
[5.826s][debug][gc,heap        ] GC(113)  Metaspace       used 369K, committed 512K, reserved 1114112K
[5.826s][debug][gc,heap        ] GC(113)   class space    used 63K, committed 128K, reserved 1048576K
[5.826s][info ][gc             ] GC(113) Pause Young (Allocation Failure) 10M->2M(31M) 0.619ms
[5.826s][info ][gc,cpu         ] GC(113) User=0.00s Sys=0.00s Real=0.00s
[5.826s][info ][safepoint      ] Safepoint "GenCollectForAllocation", Time since last: 48720036 ns, Reaching safepoint: 3731 ns, Cleanup: 3732 ns, At safepoint: 654091 ns, Total: 661554 ns
[5.884s][info ][gc,start       ] GC(114) Pause Young (Allocation Failure)
[5.884s][debug][gc,heap        ] GC(114) Heap before GC invocations=114 (full 4):
[5.884s][debug][gc,heap        ] GC(114)  def new generation   total 9920K, used 8832K [0x0000120000200000, 0x0000120000cc0000, 0x000012000aca0000)
[5.884s][debug][gc,heap        ] GC(114)   eden space 8832K, 100% used [0x0000120000200000, 0x0000120000aa0000, 0x0000120000aa0000)
[5.885s][debug][gc,heap        ] GC(114)   from space 1088K,   0% used [0x0000120000aa0000, 0x0000120000aa0100, 0x0000120000bb0000)
[5.885s][debug][gc,heap        ] GC(114)   to   space 1088K,   0% used [0x0000120000bb0000, 0x0000120000bb0000, 0x0000120000cc0000)
[5.885s][debug][gc,heap        ] GC(114)  tenured generation   total 21888K, used 2071K [0x000012000aca0000, 0x000012000c200000, 0x0000120020200000)
[5.885s][debug][gc,heap        ] GC(114)    the space 21888K,   9% used [0x000012000aca0000, 0x000012000aea5db8, 0x000012000aea5e00, 0x000012000c200000)
[5.885s][debug][gc,heap        ] GC(114)  Metaspace       used 369K, committed 512K, reserved 1114112K
[5.885s][debug][gc,heap        ] GC(114)   class space    used 63K, committed 128K, reserved 1048576K
[5.885s][debug][gc,tlab        ] GC(114) TLAB totals: thrds: 2  refills: 101 max: 61 slow allocs: 0 max 0 waste:  0.6% gc: 50960B max: 50960B slow: 3520B max: 2704B
[5.885s][debug][gc,ref         ] GC(114) Skipped SoftWeakFinalRefsPhase of Reference Processing: no references
[5.885s][debug][gc,ref         ] GC(114) Skipped KeepAliveFinalRefsPhase of Reference Processing: no references
[5.885s][debug][gc,ref         ] GC(114) Skipped PhantomRefsPhase of Reference Processing: no references
[5.885s][debug][gc,phases,ref  ] GC(114) Reference Processing: 0.0ms
[5.885s][debug][gc,phases,ref  ] GC(114)   Notify Soft/WeakReferences: 0.0ms
[5.885s][debug][gc,phases,ref  ] GC(114)     SoftRef: skipped
[5.885s][debug][gc,phases,ref  ] GC(114)     WeakRef: skipped
[5.885s][debug][gc,phases,ref  ] GC(114)     FinalRef: skipped
[5.885s][debug][gc,phases,ref  ] GC(114)     Total: skipped
[5.885s][debug][gc,phases,ref  ] GC(114)   Notify and keep alive finalizable: 0.0ms
[5.885s][debug][gc,phases,ref  ] GC(114)     FinalRef: skipped
[5.885s][debug][gc,phases,ref  ] GC(114)   Notify PhantomReferences: 0.0ms
[5.885s][debug][gc,phases,ref  ] GC(114)     PhantomRef: skipped
[5.885s][debug][gc,phases,ref  ] GC(114)   SoftReference Discovered: 0, Dropped: 0, Processed: 0
[5.885s][debug][gc,phases,ref  ] GC(114)   WeakReference Discovered: 0, Dropped: 0, Processed: 0
[5.885s][debug][gc,phases,ref  ] GC(114)   FinalReference Discovered: 0, Dropped: 0, Processed: 0
[5.885s][debug][gc,phases,ref  ] GC(114)   PhantomReference Discovered: 0, Dropped: 0, Processed: 0
[5.885s][debug][gc,age         ] GC(114) Desired survivor size 557056 bytes, new threshold 15 (max threshold 15)
[5.885s][info ][gc,heap        ] GC(114) DefNew: 8832K(9920K)->0K(9920K) Eden: 8832K(8832K)->0K(8832K) From: 0K(1088K)->0K(1088K)
[5.885s][info ][gc,heap        ] GC(114) Tenured: 2071K(21888K)->2071K(21888K)
[5.885s][info ][gc,metaspace   ] GC(114) Metaspace: 369K(512K)->369K(512K) NonClass: 306K(384K)->306K(384K) Class: 63K(128K)->63K(128K)
[5.885s][debug][gc,heap        ] GC(114) Heap after GC invocations=115 (full 4):
[5.885s][debug][gc,heap        ] GC(114)  def new generation   total 9920K, used 0K [0x0000120000200000, 0x0000120000cc0000, 0x000012000aca0000)
[5.885s][debug][gc,heap        ] GC(114)   eden space 8832K,   0% used [0x0000120000200000, 0x0000120000200000, 0x0000120000aa0000)
[5.885s][debug][gc,heap        ] GC(114)   from space 1088K,   0% used [0x0000120000bb0000, 0x0000120000bb0138, 0x0000120000cc0000)
[5.885s][debug][gc,heap        ] GC(114)   to   space 1088K,   0% used [0x0000120000aa0000, 0x0000120000aa0000, 0x0000120000bb0000)
[5.885s][debug][gc,heap        ] GC(114)  tenured generation   total 21888K, used 2071K [0x000012000aca0000, 0x000012000c200000, 0x0000120020200000)
[5.885s][debug][gc,heap        ] GC(114)    the space 21888K,   9% used [0x000012000aca0000, 0x000012000aea5db8, 0x000012000aea5e00, 0x000012000c200000)
[5.885s][debug][gc,heap        ] GC(114)  Metaspace       used 369K, committed 512K, reserved 1114112K
[5.885s][debug][gc,heap        ] GC(114)   class space    used 63K, committed 128K, reserved 1048576K
[5.885s][info ][gc             ] GC(114) Pause Young (Allocation Failure) 10M->2M(31M) 0.555ms
[5.885s][info ][gc,cpu         ] GC(114) User=0.00s Sys=0.00s Real=0.00s
[5.885s][info ][safepoint      ] Safepoint "GenCollectForAllocation", Time since last: 58078205 ns, Reaching safepoint: 3241 ns, Cleanup: 3608 ns, At safepoint: 598070 ns, Total: 604919 ns
[5.933s][info ][gc,start       ] GC(115) Pause Young (Allocation Failure)
[5.933s][debug][gc,heap        ] GC(115) Heap before GC invocations=115 (full 4):
[5.933s][debug][gc,heap        ] GC(115)  def new generation   total 9920K, used 8832K [0x0000120000200000, 0x0000120000cc0000, 0x000012000aca0000)
[5.933s][debug][gc,heap        ] GC(115)   eden space 8832K, 100% used [0x0000120000200000, 0x0000120000aa0000, 0x0000120000aa0000)
[5.933s][debug][gc,heap        ] GC(115)   from space 1088K,   0% used [0x0000120000bb0000, 0x0000120000bb0138, 0x0000120000cc0000)
[5.933s][debug][gc,heap        ] GC(115)   to   space 1088K,   0% used [0x0000120000aa0000, 0x0000120000aa0000, 0x0000120000bb0000)
[5.933s][debug][gc,heap        ] GC(115)  tenured generation   total 21888K, used 2071K [0x000012000aca0000, 0x000012000c200000, 0x0000120020200000)
[5.933s][debug][gc,heap        ] GC(115)    the space 21888K,   9% used [0x000012000aca0000, 0x000012000aea5db8, 0x000012000aea5e00, 0x000012000c200000)
[5.933s][debug][gc,heap        ] GC(115)  Metaspace       used 369K, committed 512K, reserved 1114112K
[5.933s][debug][gc,heap        ] GC(115)   class space    used 63K, committed 128K, reserved 1048576K
[5.933s][debug][gc,tlab        ] GC(115) TLAB totals: thrds: 2  refills: 101 max: 54 slow allocs: 0 max 0 waste:  0.2% gc: 13912B max: 13912B slow: 2376B max: 1192B
[5.933s][debug][gc,ref         ] GC(115) Skipped SoftWeakFinalRefsPhase of Reference Processing: no references
[5.933s][debug][gc,ref         ] GC(115) Skipped KeepAliveFinalRefsPhase of Reference Processing: no references
[5.933s][debug][gc,ref         ] GC(115) Skipped PhantomRefsPhase of Reference Processing: no references
[5.933s][debug][gc,phases,ref  ] GC(115) Reference Processing: 0.0ms
[5.933s][debug][gc,phases,ref  ] GC(115)   Notify Soft/WeakReferences: 0.0ms
[5.933s][debug][gc,phases,ref  ] GC(115)     SoftRef: skipped
[5.933s][debug][gc,phases,ref  ] GC(115)     WeakRef: skipped
[5.933s][debug][gc,phases,ref  ] GC(115)     FinalRef: skipped
[5.933s][debug][gc,phases,ref  ] GC(115)     Total: skipped
[5.933s][debug][gc,phases,ref  ] GC(115)   Notify and keep alive finalizable: 0.0ms
[5.933s][debug][gc,phases,ref  ] GC(115)     FinalRef: skipped
[5.933s][debug][gc,phases,ref  ] GC(115)   Notify PhantomReferences: 0.0ms
[5.933s][debug][gc,phases,ref  ] GC(115)     PhantomRef: skipped
[5.933s][debug][gc,phases,ref  ] GC(115)   SoftReference Discovered: 0, Dropped: 0, Processed: 0
[5.933s][debug][gc,phases,ref  ] GC(115)   WeakReference Discovered: 0, Dropped: 0, Processed: 0
[5.933s][debug][gc,phases,ref  ] GC(115)   FinalReference Discovered: 0, Dropped: 0, Processed: 0
[5.933s][debug][gc,phases,ref  ] GC(115)   PhantomReference Discovered: 0, Dropped: 0, Processed: 0
[5.933s][debug][gc,age         ] GC(115) Desired survivor size 557056 bytes, new threshold 15 (max threshold 15)
[5.933s][info ][gc,heap        ] GC(115) DefNew: 8832K(9920K)->0K(9920K) Eden: 8832K(8832K)->0K(8832K) From: 0K(1088K)->0K(1088K)
[5.933s][info ][gc,heap        ] GC(115) Tenured: 2071K(21888K)->2071K(21888K)
[5.933s][info ][gc,metaspace   ] GC(115) Metaspace: 369K(512K)->369K(512K) NonClass: 306K(384K)->306K(384K) Class: 63K(128K)->63K(128K)
[5.933s][debug][gc,heap        ] GC(115) Heap after GC invocations=116 (full 4):
[5.933s][debug][gc,heap        ] GC(115)  def new generation   total 9920K, used 0K [0x0000120000200000, 0x0000120000cc0000, 0x000012000aca0000)
[5.933s][debug][gc,heap        ] GC(115)   eden space 8832K,   0% used [0x0000120000200000, 0x0000120000200000, 0x0000120000aa0000)
[5.933s][debug][gc,heap        ] GC(115)   from space 1088K,   0% used [0x0000120000aa0000, 0x0000120000aa0170, 0x0000120000bb0000)
[5.933s][debug][gc,heap        ] GC(115)   to   space 1088K,   0% used [0x0000120000bb0000, 0x0000120000bb0000, 0x0000120000cc0000)
[5.933s][debug][gc,heap        ] GC(115)  tenured generation   total 21888K, used 2071K [0x000012000aca0000, 0x000012000c200000, 0x0000120020200000)
[5.933s][debug][gc,heap        ] GC(115)    the space 21888K,   9% used [0x000012000aca0000, 0x000012000aea5db8, 0x000012000aea5e00, 0x000012000c200000)
[5.933s][debug][gc,heap        ] GC(115)  Metaspace       used 369K, committed 512K, reserved 1114112K
[5.933s][debug][gc,heap        ] GC(115)   class space    used 63K, committed 128K, reserved 1048576K
[5.933s][info ][gc             ] GC(115) Pause Young (Allocation Failure) 10M->2M(31M) 0.597ms
[5.933s][info ][gc,cpu         ] GC(115) User=0.00s Sys=0.00s Real=0.00s
[5.933s][info ][safepoint      ] Safepoint "GenCollectForAllocation", Time since last: 47578306 ns, Reaching safepoint: 3500 ns, Cleanup: 3748 ns, At safepoint: 640383 ns, Total: 647631 ns
[5.981s][info ][gc,start       ] GC(116) Pause Young (Allocation Failure)
[5.981s][debug][gc,heap        ] GC(116) Heap before GC invocations=116 (full 4):
[5.981s][debug][gc,heap        ] GC(116)  def new generation   total 9920K, used 8832K [0x0000120000200000, 0x0000120000cc0000, 0x000012000aca0000)
[5.981s][debug][gc,heap        ] GC(116)   eden space 8832K, 100% used [0x0000120000200000, 0x0000120000aa0000, 0x0000120000aa0000)
[5.981s][debug][gc,heap        ] GC(116)   from space 1088K,   0% used [0x0000120000aa0000, 0x0000120000aa0170, 0x0000120000bb0000)
[5.981s][debug][gc,heap        ] GC(116)   to   space 1088K,   0% used [0x0000120000bb0000, 0x0000120000bb0000, 0x0000120000cc0000)
[5.981s][debug][gc,heap        ] GC(116)  tenured generation   total 21888K, used 2071K [0x000012000aca0000, 0x000012000c200000, 0x0000120020200000)
[5.981s][debug][gc,heap        ] GC(116)    the space 21888K,   9% used [0x000012000aca0000, 0x000012000aea5db8, 0x000012000aea5e00, 0x000012000c200000)
[5.981s][debug][gc,heap        ] GC(116)  Metaspace       used 369K, committed 512K, reserved 1114112K
[5.981s][debug][gc,heap        ] GC(116)   class space    used 63K, committed 128K, reserved 1048576K
[5.981s][debug][gc,tlab        ] GC(116) TLAB totals: thrds: 2  refills: 101 max: 53 slow allocs: 0 max 0 waste:  0.1% gc: 7760B max: 7760B slow: 2552B max: 1296B
[5.981s][debug][gc,ref         ] GC(116) Skipped SoftWeakFinalRefsPhase of Reference Processing: no references
[5.981s][debug][gc,ref         ] GC(116) Skipped KeepAliveFinalRefsPhase of Reference Processing: no references
[5.981s][debug][gc,ref         ] GC(116) Skipped PhantomRefsPhase of Reference Processing: no references
[5.981s][debug][gc,phases,ref  ] GC(116) Reference Processing: 0.0ms
[5.981s][debug][gc,phases,ref  ] GC(116)   Notify Soft/WeakReferences: 0.0ms
[5.981s][debug][gc,phases,ref  ] GC(116)     SoftRef: skipped
[5.981s][debug][gc,phases,ref  ] GC(116)     WeakRef: skipped
[5.981s][debug][gc,phases,ref  ] GC(116)     FinalRef: skipped
[5.981s][debug][gc,phases,ref  ] GC(116)     Total: skipped
[5.981s][debug][gc,phases,ref  ] GC(116)   Notify and keep alive finalizable: 0.0ms
[5.981s][debug][gc,phases,ref  ] GC(116)     FinalRef: skipped
[5.981s][debug][gc,phases,ref  ] GC(116)   Notify PhantomReferences: 0.0ms
[5.981s][debug][gc,phases,ref  ] GC(116)     PhantomRef: skipped
[5.981s][debug][gc,phases,ref  ] GC(116)   SoftReference Discovered: 0, Dropped: 0, Processed: 0
[5.981s][debug][gc,phases,ref  ] GC(116)   WeakReference Discovered: 0, Dropped: 0, Processed: 0
[5.981s][debug][gc,phases,ref  ] GC(116)   FinalReference Discovered: 0, Dropped: 0, Processed: 0
[5.981s][debug][gc,phases,ref  ] GC(116)   PhantomReference Discovered: 0, Dropped: 0, Processed: 0
[5.981s][debug][gc,age         ] GC(116) Desired survivor size 557056 bytes, new threshold 15 (max threshold 15)
[5.981s][info ][gc,heap        ] GC(116) DefNew: 8832K(9920K)->0K(9920K) Eden: 8832K(8832K)->0K(8832K) From: 0K(1088K)->0K(1088K)
[5.981s][info ][gc,heap        ] GC(116) Tenured: 2071K(21888K)->2071K(21888K)
[5.981s][info ][gc,metaspace   ] GC(116) Metaspace: 369K(512K)->369K(512K) NonClass: 306K(384K)->306K(384K) Class: 63K(128K)->63K(128K)
[5.982s][debug][gc,heap        ] GC(116) Heap after GC invocations=117 (full 4):
[5.982s][debug][gc,heap        ] GC(116)  def new generation   total 9920K, used 0K [0x0000120000200000, 0x0000120000cc0000, 0x000012000aca0000)
[5.982s][debug][gc,heap        ] GC(116)   eden space 8832K,   0% used [0x0000120000200000, 0x0000120000200000, 0x0000120000aa0000)
[5.982s][debug][gc,heap        ] GC(116)   from space 1088K,   0% used [0x0000120000bb0000, 0x0000120000bb0178, 0x0000120000cc0000)
[5.982s][debug][gc,heap        ] GC(116)   to   space 1088K,   0% used [0x0000120000aa0000, 0x0000120000aa0000, 0x0000120000bb0000)
[5.982s][debug][gc,heap        ] GC(116)  tenured generation   total 21888K, used 2071K [0x000012000aca0000, 0x000012000c200000, 0x0000120020200000)
[5.982s][debug][gc,heap        ] GC(116)    the space 21888K,   9% used [0x000012000aca0000, 0x000012000aea5db8, 0x000012000aea5e00, 0x000012000c200000)
[5.982s][debug][gc,heap        ] GC(116)  Metaspace       used 369K, committed 512K, reserved 1114112K
[5.982s][debug][gc,heap        ] GC(116)   class space    used 63K, committed 128K, reserved 1048576K
[5.982s][info ][gc             ] GC(116) Pause Young (Allocation Failure) 10M->2M(31M) 0.576ms
[5.982s][info ][gc,cpu         ] GC(116) User=0.00s Sys=0.00s Real=0.00s
[5.982s][info ][safepoint      ] Safepoint "GenCollectForAllocation", Time since last: 47767601 ns, Reaching safepoint: 3136 ns, Cleanup: 3643 ns, At safepoint: 620157 ns, Total: 626936 ns
[6.029s][info ][gc,start       ] GC(117) Pause Young (Allocation Failure)
[6.030s][debug][gc,heap        ] GC(117) Heap before GC invocations=117 (full 4):
[6.030s][debug][gc,heap        ] GC(117)  def new generation   total 9920K, used 8832K [0x0000120000200000, 0x0000120000cc0000, 0x000012000aca0000)
[6.030s][debug][gc,heap        ] GC(117)   eden space 8832K, 100% used [0x0000120000200000, 0x0000120000aa0000, 0x0000120000aa0000)
[6.030s][debug][gc,heap        ] GC(117)   from space 1088K,   0% used [0x0000120000bb0000, 0x0000120000bb0178, 0x0000120000cc0000)
[6.030s][debug][gc,heap        ] GC(117)   to   space 1088K,   0% used [0x0000120000aa0000, 0x0000120000aa0000, 0x0000120000bb0000)
[6.030s][debug][gc,heap        ] GC(117)  tenured generation   total 21888K, used 2071K [0x000012000aca0000, 0x000012000c200000, 0x0000120020200000)
[6.030s][debug][gc,heap        ] GC(117)    the space 21888K,   9% used [0x000012000aca0000, 0x000012000aea5db8, 0x000012000aea5e00, 0x000012000c200000)
[6.030s][debug][gc,heap        ] GC(117)  Metaspace       used 369K, committed 512K, reserved 1114112K
[6.030s][debug][gc,heap        ] GC(117)   class space    used 63K, committed 128K, reserved 1048576K
[6.030s][debug][gc,tlab        ] GC(117) TLAB totals: thrds: 2  refills: 101 max: 52 slow allocs: 0 max 0 waste:  0.2% gc: 18656B max: 18656B slow: 2952B max: 1536B
[6.030s][debug][gc,ref         ] GC(117) Skipped SoftWeakFinalRefsPhase of Reference Processing: no references
[6.030s][debug][gc,ref         ] GC(117) Skipped KeepAliveFinalRefsPhase of Reference Processing: no references
[6.030s][debug][gc,ref         ] GC(117) Skipped PhantomRefsPhase of Reference Processing: no references
[6.030s][debug][gc,phases,ref  ] GC(117) Reference Processing: 0.0ms
[6.030s][debug][gc,phases,ref  ] GC(117)   Notify Soft/WeakReferences: 0.0ms
[6.030s][debug][gc,phases,ref  ] GC(117)     SoftRef: skipped
[6.030s][debug][gc,phases,ref  ] GC(117)     WeakRef: skipped
[6.030s][debug][gc,phases,ref  ] GC(117)     FinalRef: skipped
[6.030s][debug][gc,phases,ref  ] GC(117)     Total: skipped
[6.030s][debug][gc,phases,ref  ] GC(117)   Notify and keep alive finalizable: 0.0ms
[6.030s][debug][gc,phases,ref  ] GC(117)     FinalRef: skipped
[6.030s][debug][gc,phases,ref  ] GC(117)   Notify PhantomReferences: 0.0ms
[6.030s][debug][gc,phases,ref  ] GC(117)     PhantomRef: skipped
[6.030s][debug][gc,phases,ref  ] GC(117)   SoftReference Discovered: 0, Dropped: 0, Processed: 0
[6.030s][debug][gc,phases,ref  ] GC(117)   WeakReference Discovered: 0, Dropped: 0, Processed: 0
[6.030s][debug][gc,phases,ref  ] GC(117)   FinalReference Discovered: 0, Dropped: 0, Processed: 0
[6.030s][debug][gc,phases,ref  ] GC(117)   PhantomReference Discovered: 0, Dropped: 0, Processed: 0
[6.030s][debug][gc,age         ] GC(117) Desired survivor size 557056 bytes, new threshold 15 (max threshold 15)
[6.030s][info ][gc,heap        ] GC(117) DefNew: 8832K(9920K)->0K(9920K) Eden: 8832K(8832K)->0K(8832K) From: 0K(1088K)->0K(1088K)
[6.030s][info ][gc,heap        ] GC(117) Tenured: 2071K(21888K)->2071K(21888K)
[6.030s][info ][gc,metaspace   ] GC(117) Metaspace: 369K(512K)->369K(512K) NonClass: 306K(384K)->306K(384K) Class: 63K(128K)->63K(128K)
[6.030s][debug][gc,heap        ] GC(117) Heap after GC invocations=118 (full 4):
[6.030s][debug][gc,heap        ] GC(117)  def new generation   total 9920K, used 0K [0x0000120000200000, 0x0000120000cc0000, 0x000012000aca0000)
[6.030s][debug][gc,heap        ] GC(117)   eden space 8832K,   0% used [0x0000120000200000, 0x0000120000200000, 0x0000120000aa0000)
[6.030s][debug][gc,heap        ] GC(117)   from space 1088K,   0% used [0x0000120000aa0000, 0x0000120000aa0118, 0x0000120000bb0000)
[6.030s][debug][gc,heap        ] GC(117)   to   space 1088K,   0% used [0x0000120000bb0000, 0x0000120000bb0000, 0x0000120000cc0000)
[6.030s][debug][gc,heap        ] GC(117)  tenured generation   total 21888K, used 2071K [0x000012000aca0000, 0x000012000c200000, 0x0000120020200000)
[6.030s][debug][gc,heap        ] GC(117)    the space 21888K,   9% used [0x000012000aca0000, 0x000012000aea5db8, 0x000012000aea5e00, 0x000012000c200000)
[6.030s][debug][gc,heap        ] GC(117)  Metaspace       used 369K, committed 512K, reserved 1114112K
[6.030s][debug][gc,heap        ] GC(117)   class space    used 63K, committed 128K, reserved 1048576K
[6.030s][info ][gc             ] GC(117) Pause Young (Allocation Failure) 10M->2M(31M) 0.566ms
[6.030s][info ][gc,cpu         ] GC(117) User=0.00s Sys=0.00s Real=0.00s
[6.030s][info ][safepoint      ] Safepoint "GenCollectForAllocation", Time since last: 47830314 ns, Reaching safepoint: 3123 ns, Cleanup: 3634 ns, At safepoint: 610088 ns, Total: 616845 ns
[6.078s][info ][gc,start       ] GC(118) Pause Young (Allocation Failure)
[6.078s][debug][gc,heap        ] GC(118) Heap before GC invocations=118 (full 4):
[6.078s][debug][gc,heap        ] GC(118)  def new generation   total 9920K, used 8832K [0x0000120000200000, 0x0000120000cc0000, 0x000012000aca0000)
[6.078s][debug][gc,heap        ] GC(118)   eden space 8832K, 100% used [0x0000120000200000, 0x0000120000aa0000, 0x0000120000aa0000)
[6.078s][debug][gc,heap        ] GC(118)   from space 1088K,   0% used [0x0000120000aa0000, 0x0000120000aa0118, 0x0000120000bb0000)
[6.078s][debug][gc,heap        ] GC(118)   to   space 1088K,   0% used [0x0000120000bb0000, 0x0000120000bb0000, 0x0000120000cc0000)
[6.078s][debug][gc,heap        ] GC(118)  tenured generation   total 21888K, used 2071K [0x000012000aca0000, 0x000012000c200000, 0x0000120020200000)
[6.078s][debug][gc,heap        ] GC(118)    the space 21888K,   9% used [0x000012000aca0000, 0x000012000aea5db8, 0x000012000aea5e00, 0x000012000c200000)
[6.078s][debug][gc,heap        ] GC(118)  Metaspace       used 369K, committed 512K, reserved 1114112K
[6.078s][debug][gc,heap        ] GC(118)   class space    used 63K, committed 128K, reserved 1048576K
[6.078s][debug][gc,tlab        ] GC(118) TLAB totals: thrds: 2  refills: 101 max: 51 slow allocs: 0 max 0 waste:  0.0% gc: 0B max: 0B slow: 2184B max: 1224B
[6.079s][debug][gc,ref         ] GC(118) Skipped SoftWeakFinalRefsPhase of Reference Processing: no references
[6.079s][debug][gc,ref         ] GC(118) Skipped KeepAliveFinalRefsPhase of Reference Processing: no references
[6.079s][debug][gc,ref         ] GC(118) Skipped PhantomRefsPhase of Reference Processing: no references
[6.079s][debug][gc,phases,ref  ] GC(118) Reference Processing: 0.0ms
[6.079s][debug][gc,phases,ref  ] GC(118)   Notify Soft/WeakReferences: 0.0ms
[6.079s][debug][gc,phases,ref  ] GC(118)     SoftRef: skipped
[6.079s][debug][gc,phases,ref  ] GC(118)     WeakRef: skipped
[6.079s][debug][gc,phases,ref  ] GC(118)     FinalRef: skipped
[6.079s][debug][gc,phases,ref  ] GC(118)     Total: skipped
[6.079s][debug][gc,phases,ref  ] GC(118)   Notify and keep alive finalizable: 0.0ms
[6.079s][debug][gc,phases,ref  ] GC(118)     FinalRef: skipped
[6.079s][debug][gc,phases,ref  ] GC(118)   Notify PhantomReferences: 0.0ms
[6.079s][debug][gc,phases,ref  ] GC(118)     PhantomRef: skipped
[6.079s][debug][gc,phases,ref  ] GC(118)   SoftReference Discovered: 0, Dropped: 0, Processed: 0
[6.079s][debug][gc,phases,ref  ] GC(118)   WeakReference Discovered: 0, Dropped: 0, Processed: 0
[6.079s][debug][gc,phases,ref  ] GC(118)   FinalReference Discovered: 0, Dropped: 0, Processed: 0
[6.079s][debug][gc,phases,ref  ] GC(118)   PhantomReference Discovered: 0, Dropped: 0, Processed: 0
[6.079s][debug][gc,age         ] GC(118) Desired survivor size 557056 bytes, new threshold 15 (max threshold 15)
[6.079s][info ][gc,heap        ] GC(118) DefNew: 8832K(9920K)->0K(9920K) Eden: 8832K(8832K)->0K(8832K) From: 0K(1088K)->0K(1088K)
[6.079s][info ][gc,heap        ] GC(118) Tenured: 2071K(21888K)->2071K(21888K)
[6.079s][info ][gc,metaspace   ] GC(118) Metaspace: 369K(512K)->369K(512K) NonClass: 306K(384K)->306K(384K) Class: 63K(128K)->63K(128K)
[6.079s][debug][gc,heap        ] GC(118) Heap after GC invocations=119 (full 4):
[6.079s][debug][gc,heap        ] GC(118)  def new generation   total 9920K, used 0K [0x0000120000200000, 0x0000120000cc0000, 0x000012000aca0000)
[6.079s][debug][gc,heap        ] GC(118)   eden space 8832K,   0% used [0x0000120000200000, 0x0000120000200000, 0x0000120000aa0000)
[6.079s][debug][gc,heap        ] GC(118)   from space 1088K,   0% used [0x0000120000bb0000, 0x0000120000bb00f8, 0x0000120000cc0000)
[6.079s][debug][gc,heap        ] GC(118)   to   space 1088K,   0% used [0x0000120000aa0000, 0x0000120000aa0000, 0x0000120000bb0000)
[6.079s][debug][gc,heap        ] GC(118)  tenured generation   total 21888K, used 2071K [0x000012000aca0000, 0x000012000c200000, 0x0000120020200000)
[6.079s][debug][gc,heap        ] GC(118)    the space 21888K,   9% used [0x000012000aca0000, 0x000012000aea5db8, 0x000012000aea5e00, 0x000012000c200000)
[6.079s][debug][gc,heap        ] GC(118)  Metaspace       used 369K, committed 512K, reserved 1114112K
[6.079s][debug][gc,heap        ] GC(118)   class space    used 63K, committed 128K, reserved 1048576K
[6.079s][info ][gc             ] GC(118) Pause Young (Allocation Failure) 10M->2M(31M) 0.581ms
[6.079s][info ][gc,cpu         ] GC(118) User=0.00s Sys=0.00s Real=0.00s
[6.079s][info ][safepoint      ] Safepoint "GenCollectForAllocation", Time since last: 48213698 ns, Reaching safepoint: 3182 ns, Cleanup: 4002 ns, At safepoint: 617276 ns, Total: 624460 ns
[6.126s][info ][gc,start       ] GC(119) Pause Young (Allocation Failure)
[6.126s][debug][gc,heap        ] GC(119) Heap before GC invocations=119 (full 4):
[6.126s][debug][gc,heap        ] GC(119)  def new generation   total 9920K, used 8832K [0x0000120000200000, 0x0000120000cc0000, 0x000012000aca0000)
[6.126s][debug][gc,heap        ] GC(119)   eden space 8832K, 100% used [0x0000120000200000, 0x0000120000aa0000, 0x0000120000aa0000)
[6.126s][debug][gc,heap        ] GC(119)   from space 1088K,   0% used [0x0000120000bb0000, 0x0000120000bb00f8, 0x0000120000cc0000)
[6.126s][debug][gc,heap        ] GC(119)   to   space 1088K,   0% used [0x0000120000aa0000, 0x0000120000aa0000, 0x0000120000bb0000)
[6.126s][debug][gc,heap        ] GC(119)  tenured generation   total 21888K, used 2071K [0x000012000aca0000, 0x000012000c200000, 0x0000120020200000)
[6.126s][debug][gc,heap        ] GC(119)    the space 21888K,   9% used [0x000012000aca0000, 0x000012000aea5db8, 0x000012000aea5e00, 0x000012000c200000)
[6.126s][debug][gc,heap        ] GC(119)  Metaspace       used 369K, committed 512K, reserved 1114112K
[6.126s][debug][gc,heap        ] GC(119)   class space    used 63K, committed 128K, reserved 1048576K
[6.126s][debug][gc,tlab        ] GC(119) TLAB totals: thrds: 2  refills: 100 max: 50 slow allocs: 0 max 0 waste:  0.0% gc: 0B max: 0B slow: 2688B max: 1600B
[6.126s][debug][gc,ref         ] GC(119) Skipped SoftWeakFinalRefsPhase of Reference Processing: no references
[6.126s][debug][gc,ref         ] GC(119) Skipped KeepAliveFinalRefsPhase of Reference Processing: no references
[6.126s][debug][gc,ref         ] GC(119) Skipped PhantomRefsPhase of Reference Processing: no references
[6.126s][debug][gc,phases,ref  ] GC(119) Reference Processing: 0.0ms
[6.126s][debug][gc,phases,ref  ] GC(119)   Notify Soft/WeakReferences: 0.0ms
[6.126s][debug][gc,phases,ref  ] GC(119)     SoftRef: skipped
[6.126s][debug][gc,phases,ref  ] GC(119)     WeakRef: skipped
[6.126s][debug][gc,phases,ref  ] GC(119)     FinalRef: skipped
[6.126s][debug][gc,phases,ref  ] GC(119)     Total: skipped
[6.126s][debug][gc,phases,ref  ] GC(119)   Notify and keep alive finalizable: 0.0ms
[6.126s][debug][gc,phases,ref  ] GC(119)     FinalRef: skipped
[6.126s][debug][gc,phases,ref  ] GC(119)   Notify PhantomReferences: 0.0ms
[6.126s][debug][gc,phases,ref  ] GC(119)     PhantomRef: skipped
[6.126s][debug][gc,phases,ref  ] GC(119)   SoftReference Discovered: 0, Dropped: 0, Processed: 0
[6.126s][debug][gc,phases,ref  ] GC(119)   WeakReference Discovered: 0, Dropped: 0, Processed: 0
[6.126s][debug][gc,phases,ref  ] GC(119)   FinalReference Discovered: 0, Dropped: 0, Processed: 0
[6.126s][debug][gc,phases,ref  ] GC(119)   PhantomReference Discovered: 0, Dropped: 0, Processed: 0
[6.126s][debug][gc,age         ] GC(119) Desired survivor size 557056 bytes, new threshold 15 (max threshold 15)
[6.126s][info ][gc,heap        ] GC(119) DefNew: 8832K(9920K)->0K(9920K) Eden: 8832K(8832K)->0K(8832K) From: 0K(1088K)->0K(1088K)
[6.126s][info ][gc,heap        ] GC(119) Tenured: 2071K(21888K)->2071K(21888K)
[6.126s][info ][gc,metaspace   ] GC(119) Metaspace: 369K(512K)->369K(512K) NonClass: 306K(384K)->306K(384K) Class: 63K(128K)->63K(128K)
[6.126s][debug][gc,heap        ] GC(119) Heap after GC invocations=120 (full 4):
[6.126s][debug][gc,heap        ] GC(119)  def new generation   total 9920K, used 0K [0x0000120000200000, 0x0000120000cc0000, 0x000012000aca0000)
[6.126s][debug][gc,heap        ] GC(119)   eden space 8832K,   0% used [0x0000120000200000, 0x0000120000200000, 0x0000120000aa0000)
[6.126s][debug][gc,heap        ] GC(119)   from space 1088K,   0% used [0x0000120000aa0000, 0x0000120000aa0150, 0x0000120000bb0000)
[6.126s][debug][gc,heap        ] GC(119)   to   space 1088K,   0% used [0x0000120000bb0000, 0x0000120000bb0000, 0x0000120000cc0000)
[6.126s][debug][gc,heap        ] GC(119)  tenured generation   total 21888K, used 2071K [0x000012000aca0000, 0x000012000c200000, 0x0000120020200000)
[6.126s][debug][gc,heap        ] GC(119)    the space 21888K,   9% used [0x000012000aca0000, 0x000012000aea5db8, 0x000012000aea5e00, 0x000012000c200000)
[6.126s][debug][gc,heap        ] GC(119)  Metaspace       used 369K, committed 512K, reserved 1114112K
[6.126s][debug][gc,heap        ] GC(119)   class space    used 63K, committed 128K, reserved 1048576K
[6.126s][info ][gc             ] GC(119) Pause Young (Allocation Failure) 10M->2M(31M) 0.509ms
[6.126s][info ][gc,cpu         ] GC(119) User=0.00s Sys=0.00s Real=0.00s
[6.126s][info ][safepoint      ] Safepoint "GenCollectForAllocation", Time since last: 46914071 ns, Reaching safepoint: 3050 ns, Cleanup: 3602 ns, At safepoint: 526659 ns, Total: 533311 ns
[6.185s][info ][gc,start       ] GC(120) Pause Young (Allocation Failure)
[6.185s][debug][gc,heap        ] GC(120) Heap before GC invocations=120 (full 4):
[6.185s][debug][gc,heap        ] GC(120)  def new generation   total 9920K, used 8832K [0x0000120000200000, 0x0000120000cc0000, 0x000012000aca0000)
[6.185s][debug][gc,heap        ] GC(120)   eden space 8832K, 100% used [0x0000120000200000, 0x0000120000aa0000, 0x0000120000aa0000)
[6.185s][debug][gc,heap        ] GC(120)   from space 1088K,   0% used [0x0000120000aa0000, 0x0000120000aa0150, 0x0000120000bb0000)
[6.185s][debug][gc,heap        ] GC(120)   to   space 1088K,   0% used [0x0000120000bb0000, 0x0000120000bb0000, 0x0000120000cc0000)
[6.185s][debug][gc,heap        ] GC(120)  tenured generation   total 21888K, used 2071K [0x000012000aca0000, 0x000012000c200000, 0x0000120020200000)
[6.185s][debug][gc,heap        ] GC(120)    the space 21888K,   9% used [0x000012000aca0000, 0x000012000aea5db8, 0x000012000aea5e00, 0x000012000c200000)
[6.185s][debug][gc,heap        ] GC(120)  Metaspace       used 369K, committed 512K, reserved 1114112K
[6.185s][debug][gc,heap        ] GC(120)   class space    used 63K, committed 128K, reserved 1048576K
[6.185s][debug][gc,tlab        ] GC(120) TLAB totals: thrds: 2  refills: 101 max: 63 slow allocs: 0 max 0 waste:  0.3% gc: 27664B max: 27664B slow: 2392B max: 1400B
[6.185s][debug][gc,ref         ] GC(120) Skipped SoftWeakFinalRefsPhase of Reference Processing: no references
[6.185s][debug][gc,ref         ] GC(120) Skipped KeepAliveFinalRefsPhase of Reference Processing: no references
[6.185s][debug][gc,ref         ] GC(120) Skipped PhantomRefsPhase of Reference Processing: no references
[6.185s][debug][gc,phases,ref  ] GC(120) Reference Processing: 0.0ms
[6.185s][debug][gc,phases,ref  ] GC(120)   Notify Soft/WeakReferences: 0.0ms
[6.185s][debug][gc,phases,ref  ] GC(120)     SoftRef: skipped
[6.185s][debug][gc,phases,ref  ] GC(120)     WeakRef: skipped
[6.185s][debug][gc,phases,ref  ] GC(120)     FinalRef: skipped
[6.185s][debug][gc,phases,ref  ] GC(120)     Total: skipped
[6.185s][debug][gc,phases,ref  ] GC(120)   Notify and keep alive finalizable: 0.0ms
[6.185s][debug][gc,phases,ref  ] GC(120)     FinalRef: skipped
[6.185s][debug][gc,phases,ref  ] GC(120)   Notify PhantomReferences: 0.0ms
[6.185s][debug][gc,phases,ref  ] GC(120)     PhantomRef: skipped
[6.185s][debug][gc,phases,ref  ] GC(120)   SoftReference Discovered: 0, Dropped: 0, Processed: 0
[6.185s][debug][gc,phases,ref  ] GC(120)   WeakReference Discovered: 0, Dropped: 0, Processed: 0
[6.185s][debug][gc,phases,ref  ] GC(120)   FinalReference Discovered: 0, Dropped: 0, Processed: 0
[6.185s][debug][gc,phases,ref  ] GC(120)   PhantomReference Discovered: 0, Dropped: 0, Processed: 0
[6.185s][debug][gc,age         ] GC(120) Desired survivor size 557056 bytes, new threshold 15 (max threshold 15)
[6.185s][info ][gc,heap        ] GC(120) DefNew: 8832K(9920K)->0K(9920K) Eden: 8832K(8832K)->0K(8832K) From: 0K(1088K)->0K(1088K)
[6.185s][info ][gc,heap        ] GC(120) Tenured: 2071K(21888K)->2071K(21888K)
[6.185s][info ][gc,metaspace   ] GC(120) Metaspace: 369K(512K)->369K(512K) NonClass: 306K(384K)->306K(384K) Class: 63K(128K)->63K(128K)
[6.185s][debug][gc,heap        ] GC(120) Heap after GC invocations=121 (full 4):
[6.185s][debug][gc,heap        ] GC(120)  def new generation   total 9920K, used 0K [0x0000120000200000, 0x0000120000cc0000, 0x000012000aca0000)
[6.185s][debug][gc,heap        ] GC(120)   eden space 8832K,   0% used [0x0000120000200000, 0x0000120000200000, 0x0000120000aa0000)
[6.185s][debug][gc,heap        ] GC(120)   from space 1088K,   0% used [0x0000120000bb0000, 0x0000120000bb0130, 0x0000120000cc0000)
[6.185s][debug][gc,heap        ] GC(120)   to   space 1088K,   0% used [0x0000120000aa0000, 0x0000120000aa0000, 0x0000120000bb0000)
[6.185s][debug][gc,heap        ] GC(120)  tenured generation   total 21888K, used 2071K [0x000012000aca0000, 0x000012000c200000, 0x0000120020200000)
[6.185s][debug][gc,heap        ] GC(120)    the space 21888K,   9% used [0x000012000aca0000, 0x000012000aea5db8, 0x000012000aea5e00, 0x000012000c200000)
[6.185s][debug][gc,heap        ] GC(120)  Metaspace       used 369K, committed 512K, reserved 1114112K
[6.185s][debug][gc,heap        ] GC(120)   class space    used 63K, committed 128K, reserved 1048576K
[6.185s][info ][gc             ] GC(120) Pause Young (Allocation Failure) 10M->2M(31M) 0.555ms
[6.185s][info ][gc,cpu         ] GC(120) User=0.00s Sys=0.00s Real=0.00s
[6.185s][info ][safepoint      ] Safepoint "GenCollectForAllocation", Time since last: 58308456 ns, Reaching safepoint: 77426 ns, Cleanup: 3301 ns, At safepoint: 597561 ns, Total: 678288 ns
[6.233s][info ][gc,start       ] GC(121) Pause Young (Allocation Failure)
[6.233s][debug][gc,heap        ] GC(121) Heap before GC invocations=121 (full 4):
[6.233s][debug][gc,heap        ] GC(121)  def new generation   total 9920K, used 8832K [0x0000120000200000, 0x0000120000cc0000, 0x000012000aca0000)
[6.233s][debug][gc,heap        ] GC(121)   eden space 8832K, 100% used [0x0000120000200000, 0x0000120000aa0000, 0x0000120000aa0000)
[6.233s][debug][gc,heap        ] GC(121)   from space 1088K,   0% used [0x0000120000bb0000, 0x0000120000bb0130, 0x0000120000cc0000)
[6.233s][debug][gc,heap        ] GC(121)   to   space 1088K,   0% used [0x0000120000aa0000, 0x0000120000aa0000, 0x0000120000bb0000)
[6.233s][debug][gc,heap        ] GC(121)  tenured generation   total 21888K, used 2071K [0x000012000aca0000, 0x000012000c200000, 0x0000120020200000)
[6.233s][debug][gc,heap        ] GC(121)    the space 21888K,   9% used [0x000012000aca0000, 0x000012000aea5db8, 0x000012000aea5e00, 0x000012000c200000)
[6.233s][debug][gc,heap        ] GC(121)  Metaspace       used 369K, committed 512K, reserved 1114112K
[6.233s][debug][gc,heap        ] GC(121)   class space    used 63K, committed 128K, reserved 1048576K
[6.233s][debug][gc,tlab        ] GC(121) TLAB totals: thrds: 2  refills: 101 max: 53 slow allocs: 0 max 0 waste:  0.2% gc: 13944B max: 13944B slow: 1784B max: 912B
[6.233s][debug][gc,ref         ] GC(121) Skipped SoftWeakFinalRefsPhase of Reference Processing: no references
[6.233s][debug][gc,ref         ] GC(121) Skipped KeepAliveFinalRefsPhase of Reference Processing: no references
[6.233s][debug][gc,ref         ] GC(121) Skipped PhantomRefsPhase of Reference Processing: no references
[6.233s][debug][gc,phases,ref  ] GC(121) Reference Processing: 0.0ms
[6.233s][debug][gc,phases,ref  ] GC(121)   Notify Soft/WeakReferences: 0.0ms
[6.233s][debug][gc,phases,ref  ] GC(121)     SoftRef: skipped
[6.233s][debug][gc,phases,ref  ] GC(121)     WeakRef: skipped
[6.233s][debug][gc,phases,ref  ] GC(121)     FinalRef: skipped
[6.233s][debug][gc,phases,ref  ] GC(121)     Total: skipped
[6.233s][debug][gc,phases,ref  ] GC(121)   Notify and keep alive finalizable: 0.0ms
[6.233s][debug][gc,phases,ref  ] GC(121)     FinalRef: skipped
[6.233s][debug][gc,phases,ref  ] GC(121)   Notify PhantomReferences: 0.0ms
[6.233s][debug][gc,phases,ref  ] GC(121)     PhantomRef: skipped
[6.233s][debug][gc,phases,ref  ] GC(121)   SoftReference Discovered: 0, Dropped: 0, Processed: 0
[6.233s][debug][gc,phases,ref  ] GC(121)   WeakReference Discovered: 0, Dropped: 0, Processed: 0
[6.233s][debug][gc,phases,ref  ] GC(121)   FinalReference Discovered: 0, Dropped: 0, Processed: 0
[6.233s][debug][gc,phases,ref  ] GC(121)   PhantomReference Discovered: 0, Dropped: 0, Processed: 0
[6.234s][debug][gc,age         ] GC(121) Desired survivor size 557056 bytes, new threshold 15 (max threshold 15)
[6.234s][info ][gc,heap        ] GC(121) DefNew: 8832K(9920K)->0K(9920K) Eden: 8832K(8832K)->0K(8832K) From: 0K(1088K)->0K(1088K)
[6.234s][info ][gc,heap        ] GC(121) Tenured: 2071K(21888K)->2071K(21888K)
[6.234s][info ][gc,metaspace   ] GC(121) Metaspace: 369K(512K)->369K(512K) NonClass: 306K(384K)->306K(384K) Class: 63K(128K)->63K(128K)
[6.234s][debug][gc,heap        ] GC(121) Heap after GC invocations=122 (full 4):
[6.234s][debug][gc,heap        ] GC(121)  def new generation   total 9920K, used 0K [0x0000120000200000, 0x0000120000cc0000, 0x000012000aca0000)
[6.234s][debug][gc,heap        ] GC(121)   eden space 8832K,   0% used [0x0000120000200000, 0x0000120000200000, 0x0000120000aa0000)
[6.234s][debug][gc,heap        ] GC(121)   from space 1088K,   0% used [0x0000120000aa0000, 0x0000120000aa0168, 0x0000120000bb0000)
[6.234s][debug][gc,heap        ] GC(121)   to   space 1088K,   0% used [0x0000120000bb0000, 0x0000120000bb0000, 0x0000120000cc0000)
[6.234s][debug][gc,heap        ] GC(121)  tenured generation   total 21888K, used 2071K [0x000012000aca0000, 0x000012000c200000, 0x0000120020200000)
[6.234s][debug][gc,heap        ] GC(121)    the space 21888K,   9% used [0x000012000aca0000, 0x000012000aea5db8, 0x000012000aea5e00, 0x000012000c200000)
[6.234s][debug][gc,heap        ] GC(121)  Metaspace       used 369K, committed 512K, reserved 1114112K
[6.234s][debug][gc,heap        ] GC(121)   class space    used 63K, committed 128K, reserved 1048576K
[6.234s][info ][gc             ] GC(121) Pause Young (Allocation Failure) 10M->2M(31M) 0.554ms
[6.234s][info ][gc,cpu         ] GC(121) User=0.00s Sys=0.00s Real=0.00s
[6.234s][info ][safepoint      ] Safepoint "GenCollectForAllocation", Time since last: 47742858 ns, Reaching safepoint: 3246 ns, Cleanup: 3603 ns, At safepoint: 598550 ns, Total: 605399 ns
[6.281s][info ][gc,start       ] GC(122) Pause Young (Allocation Failure)
[6.282s][debug][gc,heap        ] GC(122) Heap before GC invocations=122 (full 4):
[6.282s][debug][gc,heap        ] GC(122)  def new generation   total 9920K, used 8832K [0x0000120000200000, 0x0000120000cc0000, 0x000012000aca0000)
[6.282s][debug][gc,heap        ] GC(122)   eden space 8832K, 100% used [0x0000120000200000, 0x0000120000aa0000, 0x0000120000aa0000)
[6.282s][debug][gc,heap        ] GC(122)   from space 1088K,   0% used [0x0000120000aa0000, 0x0000120000aa0168, 0x0000120000bb0000)
[6.282s][debug][gc,heap        ] GC(122)   to   space 1088K,   0% used [0x0000120000bb0000, 0x0000120000bb0000, 0x0000120000cc0000)
[6.282s][debug][gc,heap        ] GC(122)  tenured generation   total 21888K, used 2071K [0x000012000aca0000, 0x000012000c200000, 0x0000120020200000)
[6.282s][debug][gc,heap        ] GC(122)    the space 21888K,   9% used [0x000012000aca0000, 0x000012000aea5db8, 0x000012000aea5e00, 0x000012000c200000)
[6.282s][debug][gc,heap        ] GC(122)  Metaspace       used 369K, committed 512K, reserved 1114112K
[6.282s][debug][gc,heap        ] GC(122)   class space    used 63K, committed 128K, reserved 1048576K
[6.282s][debug][gc,tlab        ] GC(122) TLAB totals: thrds: 2  refills: 101 max: 53 slow allocs: 0 max 0 waste:  0.2% gc: 15448B max: 15448B slow: 2720B max: 1616B
[6.282s][debug][gc,ref         ] GC(122) Skipped SoftWeakFinalRefsPhase of Reference Processing: no references
[6.282s][debug][gc,ref         ] GC(122) Skipped KeepAliveFinalRefsPhase of Reference Processing: no references
[6.282s][debug][gc,ref         ] GC(122) Skipped PhantomRefsPhase of Reference Processing: no references
[6.282s][debug][gc,phases,ref  ] GC(122) Reference Processing: 0.0ms
[6.282s][debug][gc,phases,ref  ] GC(122)   Notify Soft/WeakReferences: 0.0ms
[6.282s][debug][gc,phases,ref  ] GC(122)     SoftRef: skipped
[6.282s][debug][gc,phases,ref  ] GC(122)     WeakRef: skipped
[6.282s][debug][gc,phases,ref  ] GC(122)     FinalRef: skipped
[6.282s][debug][gc,phases,ref  ] GC(122)     Total: skipped
[6.282s][debug][gc,phases,ref  ] GC(122)   Notify and keep alive finalizable: 0.0ms
[6.282s][debug][gc,phases,ref  ] GC(122)     FinalRef: skipped
[6.282s][debug][gc,phases,ref  ] GC(122)   Notify PhantomReferences: 0.0ms
[6.282s][debug][gc,phases,ref  ] GC(122)     PhantomRef: skipped
[6.282s][debug][gc,phases,ref  ] GC(122)   SoftReference Discovered: 0, Dropped: 0, Processed: 0
[6.282s][debug][gc,phases,ref  ] GC(122)   WeakReference Discovered: 0, Dropped: 0, Processed: 0
[6.282s][debug][gc,phases,ref  ] GC(122)   FinalReference Discovered: 0, Dropped: 0, Processed: 0
[6.282s][debug][gc,phases,ref  ] GC(122)   PhantomReference Discovered: 0, Dropped: 0, Processed: 0
[6.282s][debug][gc,age         ] GC(122) Desired survivor size 557056 bytes, new threshold 15 (max threshold 15)
[6.282s][info ][gc,heap        ] GC(122) DefNew: 8832K(9920K)->0K(9920K) Eden: 8832K(8832K)->0K(8832K) From: 0K(1088K)->0K(1088K)
[6.282s][info ][gc,heap        ] GC(122) Tenured: 2071K(21888K)->2071K(21888K)
[6.282s][info ][gc,metaspace   ] GC(122) Metaspace: 369K(512K)->369K(512K) NonClass: 306K(384K)->306K(384K) Class: 63K(128K)->63K(128K)
[6.282s][debug][gc,heap        ] GC(122) Heap after GC invocations=123 (full 4):
[6.282s][debug][gc,heap        ] GC(122)  def new generation   total 9920K, used 0K [0x0000120000200000, 0x0000120000cc0000, 0x000012000aca0000)
[6.282s][debug][gc,heap        ] GC(122)   eden space 8832K,   0% used [0x0000120000200000, 0x0000120000200000, 0x0000120000aa0000)
[6.282s][debug][gc,heap        ] GC(122)   from space 1088K,   0% used [0x0000120000bb0000, 0x0000120000bb01c8, 0x0000120000cc0000)
[6.282s][debug][gc,heap        ] GC(122)   to   space 1088K,   0% used [0x0000120000aa0000, 0x0000120000aa0000, 0x0000120000bb0000)
[6.282s][debug][gc,heap        ] GC(122)  tenured generation   total 21888K, used 2071K [0x000012000aca0000, 0x000012000c200000, 0x0000120020200000)
[6.282s][debug][gc,heap        ] GC(122)    the space 21888K,   9% used [0x000012000aca0000, 0x000012000aea5db8, 0x000012000aea5e00, 0x000012000c200000)
[6.282s][debug][gc,heap        ] GC(122)  Metaspace       used 369K, committed 512K, reserved 1114112K
[6.282s][debug][gc,heap        ] GC(122)   class space    used 63K, committed 128K, reserved 1048576K
[6.282s][info ][gc             ] GC(122) Pause Young (Allocation Failure) 10M->2M(31M) 0.574ms
[6.282s][info ][gc,cpu         ] GC(122) User=0.00s Sys=0.00s Real=0.00s
[6.282s][info ][safepoint      ] Safepoint "GenCollectForAllocation", Time since last: 47747479 ns, Reaching safepoint: 3193 ns, Cleanup: 3661 ns, At safepoint: 618953 ns, Total: 625807 ns
[6.331s][info ][gc,start       ] GC(123) Pause Young (Allocation Failure)
[6.332s][debug][gc,heap        ] GC(123) Heap before GC invocations=123 (full 4):
[6.332s][debug][gc,heap        ] GC(123)  def new generation   total 9920K, used 8832K [0x0000120000200000, 0x0000120000cc0000, 0x000012000aca0000)
[6.332s][debug][gc,heap        ] GC(123)   eden space 8832K, 100% used [0x0000120000200000, 0x0000120000aa0000, 0x0000120000aa0000)
[6.332s][debug][gc,heap        ] GC(123)   from space 1088K,   0% used [0x0000120000bb0000, 0x0000120000bb01c8, 0x0000120000cc0000)
[6.332s][debug][gc,heap        ] GC(123)   to   space 1088K,   0% used [0x0000120000aa0000, 0x0000120000aa0000, 0x0000120000bb0000)
[6.332s][debug][gc,heap        ] GC(123)  tenured generation   total 21888K, used 2071K [0x000012000aca0000, 0x000012000c200000, 0x0000120020200000)
[6.332s][debug][gc,heap        ] GC(123)    the space 21888K,   9% used [0x000012000aca0000, 0x000012000aea5db8, 0x000012000aea5e00, 0x000012000c200000)
[6.332s][debug][gc,heap        ] GC(123)  Metaspace       used 369K, committed 512K, reserved 1114112K
[6.332s][debug][gc,heap        ] GC(123)   class space    used 63K, committed 128K, reserved 1048576K
[6.332s][debug][gc,tlab        ] GC(123) TLAB totals: thrds: 2  refills: 101 max: 53 slow allocs: 0 max 0 waste:  0.3% gc: 23688B max: 23688B slow: 3120B max: 1584B
[6.332s][debug][gc,ref         ] GC(123) Skipped SoftWeakFinalRefsPhase of Reference Processing: no references
[6.332s][debug][gc,ref         ] GC(123) Skipped KeepAliveFinalRefsPhase of Reference Processing: no references
[6.332s][debug][gc,ref         ] GC(123) Skipped PhantomRefsPhase of Reference Processing: no references
[6.332s][debug][gc,phases,ref  ] GC(123) Reference Processing: 0.0ms
[6.332s][debug][gc,phases,ref  ] GC(123)   Notify Soft/WeakReferences: 0.0ms
[6.332s][debug][gc,phases,ref  ] GC(123)     SoftRef: skipped
[6.332s][debug][gc,phases,ref  ] GC(123)     WeakRef: skipped
[6.332s][debug][gc,phases,ref  ] GC(123)     FinalRef: skipped
[6.332s][debug][gc,phases,ref  ] GC(123)     Total: skipped
[6.332s][debug][gc,phases,ref  ] GC(123)   Notify and keep alive finalizable: 0.0ms
[6.332s][debug][gc,phases,ref  ] GC(123)     FinalRef: skipped
[6.332s][debug][gc,phases,ref  ] GC(123)   Notify PhantomReferences: 0.0ms
[6.332s][debug][gc,phases,ref  ] GC(123)     PhantomRef: skipped
[6.332s][debug][gc,phases,ref  ] GC(123)   SoftReference Discovered: 0, Dropped: 0, Processed: 0
[6.332s][debug][gc,phases,ref  ] GC(123)   WeakReference Discovered: 0, Dropped: 0, Processed: 0
[6.332s][debug][gc,phases,ref  ] GC(123)   FinalReference Discovered: 0, Dropped: 0, Processed: 0
[6.332s][debug][gc,phases,ref  ] GC(123)   PhantomReference Discovered: 0, Dropped: 0, Processed: 0
[6.332s][debug][gc,age         ] GC(123) Desired survivor size 557056 bytes, new threshold 15 (max threshold 15)
[6.332s][info ][gc,heap        ] GC(123) DefNew: 8832K(9920K)->0K(9920K) Eden: 8832K(8832K)->0K(8832K) From: 0K(1088K)->0K(1088K)
[6.332s][info ][gc,heap        ] GC(123) Tenured: 2071K(21888K)->2071K(21888K)
[6.332s][info ][gc,metaspace   ] GC(123) Metaspace: 369K(512K)->369K(512K) NonClass: 306K(384K)->306K(384K) Class: 63K(128K)->63K(128K)
[6.332s][debug][gc,heap        ] GC(123) Heap after GC invocations=124 (full 4):
[6.332s][debug][gc,heap        ] GC(123)  def new generation   total 9920K, used 0K [0x0000120000200000, 0x0000120000cc0000, 0x000012000aca0000)
[6.332s][debug][gc,heap        ] GC(123)   eden space 8832K,   0% used [0x0000120000200000, 0x0000120000200000, 0x0000120000aa0000)
[6.332s][debug][gc,heap        ] GC(123)   from space 1088K,   0% used [0x0000120000aa0000, 0x0000120000aa0168, 0x0000120000bb0000)
[6.332s][debug][gc,heap        ] GC(123)   to   space 1088K,   0% used [0x0000120000bb0000, 0x0000120000bb0000, 0x0000120000cc0000)
[6.332s][debug][gc,heap        ] GC(123)  tenured generation   total 21888K, used 2071K [0x000012000aca0000, 0x000012000c200000, 0x0000120020200000)
[6.332s][debug][gc,heap        ] GC(123)    the space 21888K,   9% used [0x000012000aca0000, 0x000012000aea5db8, 0x000012000aea5e00, 0x000012000c200000)
[6.332s][debug][gc,heap        ] GC(123)  Metaspace       used 369K, committed 512K, reserved 1114112K
[6.332s][debug][gc,heap        ] GC(123)   class space    used 63K, committed 128K, reserved 1048576K
[6.332s][info ][gc             ] GC(123) Pause Young (Allocation Failure) 10M->2M(31M) 0.560ms
[6.332s][info ][gc,cpu         ] GC(123) User=0.00s Sys=0.00s Real=0.00s
[6.332s][info ][safepoint      ] Safepoint "GenCollectForAllocation", Time since last: 49381598 ns, Reaching safepoint: 3249 ns, Cleanup: 3668 ns, At safepoint: 603912 ns, Total: 610829 ns
[6.380s][info ][gc,start       ] GC(124) Pause Young (Allocation Failure)
[6.380s][debug][gc,heap        ] GC(124) Heap before GC invocations=124 (full 4):
[6.380s][debug][gc,heap        ] GC(124)  def new generation   total 9920K, used 8832K [0x0000120000200000, 0x0000120000cc0000, 0x000012000aca0000)
[6.380s][debug][gc,heap        ] GC(124)   eden space 8832K, 100% used [0x0000120000200000, 0x0000120000aa0000, 0x0000120000aa0000)
[6.380s][debug][gc,heap        ] GC(124)   from space 1088K,   0% used [0x0000120000aa0000, 0x0000120000aa0168, 0x0000120000bb0000)
[6.380s][debug][gc,heap        ] GC(124)   to   space 1088K,   0% used [0x0000120000bb0000, 0x0000120000bb0000, 0x0000120000cc0000)
[6.380s][debug][gc,heap        ] GC(124)  tenured generation   total 21888K, used 2071K [0x000012000aca0000, 0x000012000c200000, 0x0000120020200000)
[6.381s][debug][gc,heap        ] GC(124)    the space 21888K,   9% used [0x000012000aca0000, 0x000012000aea5db8, 0x000012000aea5e00, 0x000012000c200000)
[6.381s][debug][gc,heap        ] GC(124)  Metaspace       used 369K, committed 512K, reserved 1114112K
[6.381s][debug][gc,heap        ] GC(124)   class space    used 63K, committed 128K, reserved 1048576K
[6.381s][debug][gc,tlab        ] GC(124) TLAB totals: thrds: 2  refills: 101 max: 52 slow allocs: 0 max 0 waste:  0.1% gc: 5648B max: 5648B slow: 2040B max: 1136B
[6.381s][debug][gc,ref         ] GC(124) Skipped SoftWeakFinalRefsPhase of Reference Processing: no references
[6.381s][debug][gc,ref         ] GC(124) Skipped KeepAliveFinalRefsPhase of Reference Processing: no references
[6.381s][debug][gc,ref         ] GC(124) Skipped PhantomRefsPhase of Reference Processing: no references
[6.381s][debug][gc,phases,ref  ] GC(124) Reference Processing: 0.0ms
[6.381s][debug][gc,phases,ref  ] GC(124)   Notify Soft/WeakReferences: 0.0ms
[6.381s][debug][gc,phases,ref  ] GC(124)     SoftRef: skipped
[6.381s][debug][gc,phases,ref  ] GC(124)     WeakRef: skipped
[6.381s][debug][gc,phases,ref  ] GC(124)     FinalRef: skipped
[6.381s][debug][gc,phases,ref  ] GC(124)     Total: skipped
[6.381s][debug][gc,phases,ref  ] GC(124)   Notify and keep alive finalizable: 0.0ms
[6.381s][debug][gc,phases,ref  ] GC(124)     FinalRef: skipped
[6.381s][debug][gc,phases,ref  ] GC(124)   Notify PhantomReferences: 0.0ms
[6.381s][debug][gc,phases,ref  ] GC(124)     PhantomRef: skipped
[6.381s][debug][gc,phases,ref  ] GC(124)   SoftReference Discovered: 0, Dropped: 0, Processed: 0
[6.381s][debug][gc,phases,ref  ] GC(124)   WeakReference Discovered: 0, Dropped: 0, Processed: 0
[6.381s][debug][gc,phases,ref  ] GC(124)   FinalReference Discovered: 0, Dropped: 0, Processed: 0
[6.381s][debug][gc,phases,ref  ] GC(124)   PhantomReference Discovered: 0, Dropped: 0, Processed: 0
[6.381s][debug][gc,age         ] GC(124) Desired survivor size 557056 bytes, new threshold 15 (max threshold 15)
[6.381s][info ][gc,heap        ] GC(124) DefNew: 8832K(9920K)->0K(9920K) Eden: 8832K(8832K)->0K(8832K) From: 0K(1088K)->0K(1088K)
[6.381s][info ][gc,heap        ] GC(124) Tenured: 2071K(21888K)->2071K(21888K)
[6.381s][info ][gc,metaspace   ] GC(124) Metaspace: 369K(512K)->369K(512K) NonClass: 306K(384K)->306K(384K) Class: 63K(128K)->63K(128K)
[6.381s][debug][gc,heap        ] GC(124) Heap after GC invocations=125 (full 4):
[6.381s][debug][gc,heap        ] GC(124)  def new generation   total 9920K, used 0K [0x0000120000200000, 0x0000120000cc0000, 0x000012000aca0000)
[6.381s][debug][gc,heap        ] GC(124)   eden space 8832K,   0% used [0x0000120000200000, 0x0000120000200000, 0x0000120000aa0000)
[6.381s][debug][gc,heap        ] GC(124)   from space 1088K,   0% used [0x0000120000bb0000, 0x0000120000bb0168, 0x0000120000cc0000)
[6.381s][debug][gc,heap        ] GC(124)   to   space 1088K,   0% used [0x0000120000aa0000, 0x0000120000aa0000, 0x0000120000bb0000)
[6.381s][debug][gc,heap        ] GC(124)  tenured generation   total 21888K, used 2071K [0x000012000aca0000, 0x000012000c200000, 0x0000120020200000)
[6.381s][debug][gc,heap        ] GC(124)    the space 21888K,   9% used [0x000012000aca0000, 0x000012000aea5db8, 0x000012000aea5e00, 0x000012000c200000)
[6.381s][debug][gc,heap        ] GC(124)  Metaspace       used 369K, committed 512K, reserved 1114112K
[6.381s][debug][gc,heap        ] GC(124)   class space    used 63K, committed 128K, reserved 1048576K
[6.381s][info ][gc             ] GC(124) Pause Young (Allocation Failure) 10M->2M(31M) 0.555ms
[6.381s][info ][gc,cpu         ] GC(124) User=0.00s Sys=0.00s Real=0.00s
[6.381s][info ][safepoint      ] Safepoint "GenCollectForAllocation", Time since last: 48309803 ns, Reaching safepoint: 3688 ns, Cleanup: 3594 ns, At safepoint: 598566 ns, Total: 605848 ns
[6.428s][info ][gc,start       ] GC(125) Pause Young (Allocation Failure)
[6.428s][debug][gc,heap        ] GC(125) Heap before GC invocations=125 (full 4):
[6.428s][debug][gc,heap        ] GC(125)  def new generation   total 9920K, used 8832K [0x0000120000200000, 0x0000120000cc0000, 0x000012000aca0000)
[6.428s][debug][gc,heap        ] GC(125)   eden space 8832K, 100% used [0x0000120000200000, 0x0000120000aa0000, 0x0000120000aa0000)
[6.428s][debug][gc,heap        ] GC(125)   from space 1088K,   0% used [0x0000120000bb0000, 0x0000120000bb0168, 0x0000120000cc0000)
[6.428s][debug][gc,heap        ] GC(125)   to   space 1088K,   0% used [0x0000120000aa0000, 0x0000120000aa0000, 0x0000120000bb0000)
[6.428s][debug][gc,heap        ] GC(125)  tenured generation   total 21888K, used 2071K [0x000012000aca0000, 0x000012000c200000, 0x0000120020200000)
[6.428s][debug][gc,heap        ] GC(125)    the space 21888K,   9% used [0x000012000aca0000, 0x000012000aea5db8, 0x000012000aea5e00, 0x000012000c200000)
[6.429s][debug][gc,heap        ] GC(125)  Metaspace       used 369K, committed 512K, reserved 1114112K
[6.429s][debug][gc,heap        ] GC(125)   class space    used 63K, committed 128K, reserved 1048576K
[6.429s][debug][gc,tlab        ] GC(125) TLAB totals: thrds: 2  refills: 101 max: 51 slow allocs: 0 max 0 waste:  0.1% gc: 4024B max: 4024B slow: 2136B max: 1200B
[6.429s][debug][gc,ref         ] GC(125) Skipped SoftWeakFinalRefsPhase of Reference Processing: no references
[6.429s][debug][gc,ref         ] GC(125) Skipped KeepAliveFinalRefsPhase of Reference Processing: no references
[6.429s][debug][gc,ref         ] GC(125) Skipped PhantomRefsPhase of Reference Processing: no references
[6.429s][debug][gc,phases,ref  ] GC(125) Reference Processing: 0.0ms
[6.429s][debug][gc,phases,ref  ] GC(125)   Notify Soft/WeakReferences: 0.0ms
[6.429s][debug][gc,phases,ref  ] GC(125)     SoftRef: skipped
[6.429s][debug][gc,phases,ref  ] GC(125)     WeakRef: skipped
[6.429s][debug][gc,phases,ref  ] GC(125)     FinalRef: skipped
[6.429s][debug][gc,phases,ref  ] GC(125)     Total: skipped
[6.429s][debug][gc,phases,ref  ] GC(125)   Notify and keep alive finalizable: 0.0ms
[6.429s][debug][gc,phases,ref  ] GC(125)     FinalRef: skipped
[6.429s][debug][gc,phases,ref  ] GC(125)   Notify PhantomReferences: 0.0ms
[6.429s][debug][gc,phases,ref  ] GC(125)     PhantomRef: skipped
[6.429s][debug][gc,phases,ref  ] GC(125)   SoftReference Discovered: 0, Dropped: 0, Processed: 0
[6.429s][debug][gc,phases,ref  ] GC(125)   WeakReference Discovered: 0, Dropped: 0, Processed: 0
[6.429s][debug][gc,phases,ref  ] GC(125)   FinalReference Discovered: 0, Dropped: 0, Processed: 0
[6.429s][debug][gc,phases,ref  ] GC(125)   PhantomReference Discovered: 0, Dropped: 0, Processed: 0
[6.429s][debug][gc,age         ] GC(125) Desired survivor size 557056 bytes, new threshold 15 (max threshold 15)
[6.429s][info ][gc,heap        ] GC(125) DefNew: 8832K(9920K)->0K(9920K) Eden: 8832K(8832K)->0K(8832K) From: 0K(1088K)->0K(1088K)
[6.429s][info ][gc,heap        ] GC(125) Tenured: 2071K(21888K)->2071K(21888K)
[6.429s][info ][gc,metaspace   ] GC(125) Metaspace: 369K(512K)->369K(512K) NonClass: 306K(384K)->306K(384K) Class: 63K(128K)->63K(128K)
[6.429s][debug][gc,heap        ] GC(125) Heap after GC invocations=126 (full 4):
[6.429s][debug][gc,heap        ] GC(125)  def new generation   total 9920K, used 0K [0x0000120000200000, 0x0000120000cc0000, 0x000012000aca0000)
[6.429s][debug][gc,heap        ] GC(125)   eden space 8832K,   0% used [0x0000120000200000, 0x0000120000200000, 0x0000120000aa0000)
[6.429s][debug][gc,heap        ] GC(125)   from space 1088K,   0% used [0x0000120000aa0000, 0x0000120000aa0198, 0x0000120000bb0000)
[6.429s][debug][gc,heap        ] GC(125)   to   space 1088K,   0% used [0x0000120000bb0000, 0x0000120000bb0000, 0x0000120000cc0000)
[6.429s][debug][gc,heap        ] GC(125)  tenured generation   total 21888K, used 2071K [0x000012000aca0000, 0x000012000c200000, 0x0000120020200000)
[6.429s][debug][gc,heap        ] GC(125)    the space 21888K,   9% used [0x000012000aca0000, 0x000012000aea5db8, 0x000012000aea5e00, 0x000012000c200000)
[6.429s][debug][gc,heap        ] GC(125)  Metaspace       used 369K, committed 512K, reserved 1114112K
[6.429s][debug][gc,heap        ] GC(125)   class space    used 63K, committed 128K, reserved 1048576K
[6.429s][info ][gc             ] GC(125) Pause Young (Allocation Failure) 10M->2M(31M) 0.552ms
[6.429s][info ][gc,cpu         ] GC(125) User=0.00s Sys=0.00s Real=0.00s
[6.429s][info ][safepoint      ] Safepoint "GenCollectForAllocation", Time since last: 47308917 ns, Reaching safepoint: 77627 ns, Cleanup: 3452 ns, At safepoint: 593686 ns, Total: 674765 ns
[6.476s][info ][gc,start       ] GC(126) Pause Young (Allocation Failure)
[6.476s][debug][gc,heap        ] GC(126) Heap before GC invocations=126 (full 4):
[6.476s][debug][gc,heap        ] GC(126)  def new generation   total 9920K, used 8832K [0x0000120000200000, 0x0000120000cc0000, 0x000012000aca0000)
[6.476s][debug][gc,heap        ] GC(126)   eden space 8832K, 100% used [0x0000120000200000, 0x0000120000aa0000, 0x0000120000aa0000)
[6.476s][debug][gc,heap        ] GC(126)   from space 1088K,   0% used [0x0000120000aa0000, 0x0000120000aa0198, 0x0000120000bb0000)
[6.476s][debug][gc,heap        ] GC(126)   to   space 1088K,   0% used [0x0000120000bb0000, 0x0000120000bb0000, 0x0000120000cc0000)
[6.476s][debug][gc,heap        ] GC(126)  tenured generation   total 21888K, used 2071K [0x000012000aca0000, 0x000012000c200000, 0x0000120020200000)
[6.476s][debug][gc,heap        ] GC(126)    the space 21888K,   9% used [0x000012000aca0000, 0x000012000aea5db8, 0x000012000aea5e00, 0x000012000c200000)
[6.476s][debug][gc,heap        ] GC(126)  Metaspace       used 369K, committed 512K, reserved 1114112K
[6.476s][debug][gc,heap        ] GC(126)   class space    used 63K, committed 128K, reserved 1048576K
[6.476s][debug][gc,tlab        ] GC(126) TLAB totals: thrds: 2  refills: 100 max: 51 slow allocs: 0 max 0 waste:  0.4% gc: 35984B max: 35984B slow: 3536B max: 1960B
[6.476s][debug][gc,ref         ] GC(126) Skipped SoftWeakFinalRefsPhase of Reference Processing: no references
[6.476s][debug][gc,ref         ] GC(126) Skipped KeepAliveFinalRefsPhase of Reference Processing: no references
[6.476s][debug][gc,ref         ] GC(126) Skipped PhantomRefsPhase of Reference Processing: no references
[6.476s][debug][gc,phases,ref  ] GC(126) Reference Processing: 0.0ms
[6.476s][debug][gc,phases,ref  ] GC(126)   Notify Soft/WeakReferences: 0.0ms
[6.476s][debug][gc,phases,ref  ] GC(126)     SoftRef: skipped
[6.476s][debug][gc,phases,ref  ] GC(126)     WeakRef: skipped
[6.476s][debug][gc,phases,ref  ] GC(126)     FinalRef: skipped
[6.476s][debug][gc,phases,ref  ] GC(126)     Total: skipped
[6.476s][debug][gc,phases,ref  ] GC(126)   Notify and keep alive finalizable: 0.0ms
[6.476s][debug][gc,phases,ref  ] GC(126)     FinalRef: skipped
[6.476s][debug][gc,phases,ref  ] GC(126)   Notify PhantomReferences: 0.0ms
[6.476s][debug][gc,phases,ref  ] GC(126)     PhantomRef: skipped
[6.476s][debug][gc,phases,ref  ] GC(126)   SoftReference Discovered: 0, Dropped: 0, Processed: 0
[6.476s][debug][gc,phases,ref  ] GC(126)   WeakReference Discovered: 0, Dropped: 0, Processed: 0
[6.476s][debug][gc,phases,ref  ] GC(126)   FinalReference Discovered: 0, Dropped: 0, Processed: 0
[6.476s][debug][gc,phases,ref  ] GC(126)   PhantomReference Discovered: 0, Dropped: 0, Processed: 0
[6.476s][debug][gc,age         ] GC(126) Desired survivor size 557056 bytes, new threshold 15 (max threshold 15)
[6.476s][info ][gc,heap        ] GC(126) DefNew: 8832K(9920K)->0K(9920K) Eden: 8832K(8832K)->0K(8832K) From: 0K(1088K)->0K(1088K)
[6.476s][info ][gc,heap        ] GC(126) Tenured: 2071K(21888K)->2071K(21888K)
[6.476s][info ][gc,metaspace   ] GC(126) Metaspace: 369K(512K)->369K(512K) NonClass: 306K(384K)->306K(384K) Class: 63K(128K)->63K(128K)
[6.476s][debug][gc,heap        ] GC(126) Heap after GC invocations=127 (full 4):
[6.476s][debug][gc,heap        ] GC(126)  def new generation   total 9920K, used 0K [0x0000120000200000, 0x0000120000cc0000, 0x000012000aca0000)
[6.476s][debug][gc,heap        ] GC(126)   eden space 8832K,   0% used [0x0000120000200000, 0x0000120000200000, 0x0000120000aa0000)
[6.476s][debug][gc,heap        ] GC(126)   from space 1088K,   0% used [0x0000120000bb0000, 0x0000120000bb0120, 0x0000120000cc0000)
[6.476s][debug][gc,heap        ] GC(126)   to   space 1088K,   0% used [0x0000120000aa0000, 0x0000120000aa0000, 0x0000120000bb0000)
[6.476s][debug][gc,heap        ] GC(126)  tenured generation   total 21888K, used 2071K [0x000012000aca0000, 0x000012000c200000, 0x0000120020200000)
[6.476s][debug][gc,heap        ] GC(126)    the space 21888K,   9% used [0x000012000aca0000, 0x000012000aea5db8, 0x000012000aea5e00, 0x000012000c200000)
[6.476s][debug][gc,heap        ] GC(126)  Metaspace       used 369K, committed 512K, reserved 1114112K
[6.476s][debug][gc,heap        ] GC(126)   class space    used 63K, committed 128K, reserved 1048576K
[6.477s][info ][gc             ] GC(126) Pause Young (Allocation Failure) 10M->2M(31M) 0.555ms
[6.477s][info ][gc,cpu         ] GC(126) User=0.00s Sys=0.00s Real=0.00s
[6.477s][info ][safepoint      ] Safepoint "GenCollectForAllocation", Time since last: 46970570 ns, Reaching safepoint: 3617 ns, Cleanup: 3635 ns, At safepoint: 598703 ns, Total: 605955 ns
[6.524s][info ][gc,start       ] GC(127) Pause Young (Allocation Failure)
[6.524s][debug][gc,heap        ] GC(127) Heap before GC invocations=127 (full 4):
[6.524s][debug][gc,heap        ] GC(127)  def new generation   total 9920K, used 8832K [0x0000120000200000, 0x0000120000cc0000, 0x000012000aca0000)
[6.524s][debug][gc,heap        ] GC(127)   eden space 8832K, 100% used [0x0000120000200000, 0x0000120000aa0000, 0x0000120000aa0000)
[6.524s][debug][gc,heap        ] GC(127)   from space 1088K,   0% used [0x0000120000bb0000, 0x0000120000bb0120, 0x0000120000cc0000)
[6.524s][debug][gc,heap        ] GC(127)   to   space 1088K,   0% used [0x0000120000aa0000, 0x0000120000aa0000, 0x0000120000bb0000)
[6.524s][debug][gc,heap        ] GC(127)  tenured generation   total 21888K, used 2071K [0x000012000aca0000, 0x000012000c200000, 0x0000120020200000)
[6.524s][debug][gc,heap        ] GC(127)    the space 21888K,   9% used [0x000012000aca0000, 0x000012000aea5db8, 0x000012000aea5e00, 0x000012000c200000)
[6.524s][debug][gc,heap        ] GC(127)  Metaspace       used 369K, committed 512K, reserved 1114112K
[6.524s][debug][gc,heap        ] GC(127)   class space    used 63K, committed 128K, reserved 1048576K
[6.524s][debug][gc,tlab        ] GC(127) TLAB totals: thrds: 2  refills: 101 max: 52 slow allocs: 0 max 0 waste:  0.7% gc: 58376B max: 58376B slow: 3040B max: 1808B
[6.525s][debug][gc,ref         ] GC(127) Skipped SoftWeakFinalRefsPhase of Reference Processing: no references
[6.525s][debug][gc,ref         ] GC(127) Skipped KeepAliveFinalRefsPhase of Reference Processing: no references
[6.525s][debug][gc,ref         ] GC(127) Skipped PhantomRefsPhase of Reference Processing: no references
[6.525s][debug][gc,phases,ref  ] GC(127) Reference Processing: 0.0ms
[6.525s][debug][gc,phases,ref  ] GC(127)   Notify Soft/WeakReferences: 0.0ms
[6.525s][debug][gc,phases,ref  ] GC(127)     SoftRef: skipped
[6.525s][debug][gc,phases,ref  ] GC(127)     WeakRef: skipped
[6.525s][debug][gc,phases,ref  ] GC(127)     FinalRef: skipped
[6.525s][debug][gc,phases,ref  ] GC(127)     Total: skipped
[6.525s][debug][gc,phases,ref  ] GC(127)   Notify and keep alive finalizable: 0.0ms
[6.525s][debug][gc,phases,ref  ] GC(127)     FinalRef: skipped
[6.525s][debug][gc,phases,ref  ] GC(127)   Notify PhantomReferences: 0.0ms
[6.525s][debug][gc,phases,ref  ] GC(127)     PhantomRef: skipped
[6.525s][debug][gc,phases,ref  ] GC(127)   SoftReference Discovered: 0, Dropped: 0, Processed: 0
[6.525s][debug][gc,phases,ref  ] GC(127)   WeakReference Discovered: 0, Dropped: 0, Processed: 0
[6.525s][debug][gc,phases,ref  ] GC(127)   FinalReference Discovered: 0, Dropped: 0, Processed: 0
[6.525s][debug][gc,phases,ref  ] GC(127)   PhantomReference Discovered: 0, Dropped: 0, Processed: 0
[6.525s][debug][gc,age         ] GC(127) Desired survivor size 557056 bytes, new threshold 15 (max threshold 15)
[6.525s][info ][gc,heap        ] GC(127) DefNew: 8832K(9920K)->0K(9920K) Eden: 8832K(8832K)->0K(8832K) From: 0K(1088K)->0K(1088K)
[6.525s][info ][gc,heap        ] GC(127) Tenured: 2071K(21888K)->2071K(21888K)
[6.525s][info ][gc,metaspace   ] GC(127) Metaspace: 369K(512K)->369K(512K) NonClass: 306K(384K)->306K(384K) Class: 63K(128K)->63K(128K)
[6.525s][debug][gc,heap        ] GC(127) Heap after GC invocations=128 (full 4):
[6.525s][debug][gc,heap        ] GC(127)  def new generation   total 9920K, used 0K [0x0000120000200000, 0x0000120000cc0000, 0x000012000aca0000)
[6.525s][debug][gc,heap        ] GC(127)   eden space 8832K,   0% used [0x0000120000200000, 0x0000120000200000, 0x0000120000aa0000)
[6.525s][debug][gc,heap        ] GC(127)   from space 1088K,   0% used [0x0000120000aa0000, 0x0000120000aa0138, 0x0000120000bb0000)
[6.525s][debug][gc,heap        ] GC(127)   to   space 1088K,   0% used [0x0000120000bb0000, 0x0000120000bb0000, 0x0000120000cc0000)
[6.525s][debug][gc,heap        ] GC(127)  tenured generation   total 21888K, used 2071K [0x000012000aca0000, 0x000012000c200000, 0x0000120020200000)
[6.525s][debug][gc,heap        ] GC(127)    the space 21888K,   9% used [0x000012000aca0000, 0x000012000aea5db8, 0x000012000aea5e00, 0x000012000c200000)
[6.525s][debug][gc,heap        ] GC(127)  Metaspace       used 369K, committed 512K, reserved 1114112K
[6.525s][debug][gc,heap        ] GC(127)   class space    used 63K, committed 128K, reserved 1048576K
[6.525s][info ][gc             ] GC(127) Pause Young (Allocation Failure) 10M->2M(31M) 0.660ms
[6.525s][info ][gc,cpu         ] GC(127) User=0.01s Sys=0.00s Real=0.00s
[6.525s][info ][safepoint      ] Safepoint "GenCollectForAllocation", Time since last: 47656347 ns, Reaching safepoint: 3468 ns, Cleanup: 3899 ns, At safepoint: 704148 ns, Total: 711515 ns
[6.572s][info ][gc,start       ] GC(128) Pause Young (Allocation Failure)
[6.572s][debug][gc,heap        ] GC(128) Heap before GC invocations=128 (full 4):
[6.572s][debug][gc,heap        ] GC(128)  def new generation   total 9920K, used 8832K [0x0000120000200000, 0x0000120000cc0000, 0x000012000aca0000)
[6.572s][debug][gc,heap        ] GC(128)   eden space 8832K, 100% used [0x0000120000200000, 0x0000120000aa0000, 0x0000120000aa0000)
[6.572s][debug][gc,heap        ] GC(128)   from space 1088K,   0% used [0x0000120000aa0000, 0x0000120000aa0138, 0x0000120000bb0000)
[6.572s][debug][gc,heap        ] GC(128)   to   space 1088K,   0% used [0x0000120000bb0000, 0x0000120000bb0000, 0x0000120000cc0000)
[6.572s][debug][gc,heap        ] GC(128)  tenured generation   total 21888K, used 2071K [0x000012000aca0000, 0x000012000c200000, 0x0000120020200000)
[6.572s][debug][gc,heap        ] GC(128)    the space 21888K,   9% used [0x000012000aca0000, 0x000012000aea5db8, 0x000012000aea5e00, 0x000012000c200000)
[6.572s][debug][gc,heap        ] GC(128)  Metaspace       used 369K, committed 512K, reserved 1114112K
[6.572s][debug][gc,heap        ] GC(128)   class space    used 63K, committed 128K, reserved 1048576K
[6.572s][debug][gc,tlab        ] GC(128) TLAB totals: thrds: 2  refills: 101 max: 51 slow allocs: 0 max 0 waste:  0.5% gc: 45720B max: 45720B slow: 2736B max: 1392B
[6.572s][debug][gc,ref         ] GC(128) Skipped SoftWeakFinalRefsPhase of Reference Processing: no references
[6.572s][debug][gc,ref         ] GC(128) Skipped KeepAliveFinalRefsPhase of Reference Processing: no references
[6.572s][debug][gc,ref         ] GC(128) Skipped PhantomRefsPhase of Reference Processing: no references
[6.572s][debug][gc,phases,ref  ] GC(128) Reference Processing: 0.0ms
[6.572s][debug][gc,phases,ref  ] GC(128)   Notify Soft/WeakReferences: 0.0ms
[6.572s][debug][gc,phases,ref  ] GC(128)     SoftRef: skipped
[6.572s][debug][gc,phases,ref  ] GC(128)     WeakRef: skipped
[6.572s][debug][gc,phases,ref  ] GC(128)     FinalRef: skipped
[6.572s][debug][gc,phases,ref  ] GC(128)     Total: skipped
[6.572s][debug][gc,phases,ref  ] GC(128)   Notify and keep alive finalizable: 0.0ms
[6.572s][debug][gc,phases,ref  ] GC(128)     FinalRef: skipped
[6.572s][debug][gc,phases,ref  ] GC(128)   Notify PhantomReferences: 0.0ms
[6.572s][debug][gc,phases,ref  ] GC(128)     PhantomRef: skipped
[6.572s][debug][gc,phases,ref  ] GC(128)   SoftReference Discovered: 0, Dropped: 0, Processed: 0
[6.572s][debug][gc,phases,ref  ] GC(128)   WeakReference Discovered: 0, Dropped: 0, Processed: 0
[6.572s][debug][gc,phases,ref  ] GC(128)   FinalReference Discovered: 0, Dropped: 0, Processed: 0
[6.572s][debug][gc,phases,ref  ] GC(128)   PhantomReference Discovered: 0, Dropped: 0, Processed: 0
[6.572s][debug][gc,age         ] GC(128) Desired survivor size 557056 bytes, new threshold 15 (max threshold 15)
[6.572s][info ][gc,heap        ] GC(128) DefNew: 8832K(9920K)->0K(9920K) Eden: 8832K(8832K)->0K(8832K) From: 0K(1088K)->0K(1088K)
[6.572s][info ][gc,heap        ] GC(128) Tenured: 2071K(21888K)->2071K(21888K)
[6.572s][info ][gc,metaspace   ] GC(128) Metaspace: 369K(512K)->369K(512K) NonClass: 306K(384K)->306K(384K) Class: 63K(128K)->63K(128K)
[6.573s][debug][gc,heap        ] GC(128) Heap after GC invocations=129 (full 4):
[6.573s][debug][gc,heap        ] GC(128)  def new generation   total 9920K, used 0K [0x0000120000200000, 0x0000120000cc0000, 0x000012000aca0000)
[6.573s][debug][gc,heap        ] GC(128)   eden space 8832K,   0% used [0x0000120000200000, 0x0000120000200000, 0x0000120000aa0000)
[6.573s][debug][gc,heap        ] GC(128)   from space 1088K,   0% used [0x0000120000bb0000, 0x0000120000bb0138, 0x0000120000cc0000)
[6.573s][debug][gc,heap        ] GC(128)   to   space 1088K,   0% used [0x0000120000aa0000, 0x0000120000aa0000, 0x0000120000bb0000)
[6.573s][debug][gc,heap        ] GC(128)  tenured generation   total 21888K, used 2071K [0x000012000aca0000, 0x000012000c200000, 0x0000120020200000)
[6.573s][debug][gc,heap        ] GC(128)    the space 21888K,   9% used [0x000012000aca0000, 0x000012000aea5db8, 0x000012000aea5e00, 0x000012000c200000)
[6.573s][debug][gc,heap        ] GC(128)  Metaspace       used 369K, committed 512K, reserved 1114112K
[6.573s][debug][gc,heap        ] GC(128)   class space    used 63K, committed 128K, reserved 1048576K
[6.573s][info ][gc             ] GC(128) Pause Young (Allocation Failure) 10M->2M(31M) 0.560ms
[6.573s][info ][gc,cpu         ] GC(128) User=0.00s Sys=0.00s Real=0.00s
[6.573s][info ][safepoint      ] Safepoint "GenCollectForAllocation", Time since last: 47111992 ns, Reaching safepoint: 3701 ns, Cleanup: 3735 ns, At safepoint: 603596 ns, Total: 611032 ns
[6.620s][info ][gc,start       ] GC(129) Pause Young (Allocation Failure)
[6.620s][debug][gc,heap        ] GC(129) Heap before GC invocations=129 (full 4):
[6.620s][debug][gc,heap        ] GC(129)  def new generation   total 9920K, used 8832K [0x0000120000200000, 0x0000120000cc0000, 0x000012000aca0000)
[6.620s][debug][gc,heap        ] GC(129)   eden space 8832K, 100% used [0x0000120000200000, 0x0000120000aa0000, 0x0000120000aa0000)
[6.620s][debug][gc,heap        ] GC(129)   from space 1088K,   0% used [0x0000120000bb0000, 0x0000120000bb0138, 0x0000120000cc0000)
[6.620s][debug][gc,heap        ] GC(129)   to   space 1088K,   0% used [0x0000120000aa0000, 0x0000120000aa0000, 0x0000120000bb0000)
[6.620s][debug][gc,heap        ] GC(129)  tenured generation   total 21888K, used 2071K [0x000012000aca0000, 0x000012000c200000, 0x0000120020200000)
[6.620s][debug][gc,heap        ] GC(129)    the space 21888K,   9% used [0x000012000aca0000, 0x000012000aea5db8, 0x000012000aea5e00, 0x000012000c200000)
[6.620s][debug][gc,heap        ] GC(129)  Metaspace       used 369K, committed 512K, reserved 1114112K
[6.620s][debug][gc,heap        ] GC(129)   class space    used 63K, committed 128K, reserved 1048576K
[6.620s][debug][gc,tlab        ] GC(129) TLAB totals: thrds: 2  refills: 101 max: 51 slow allocs: 0 max 0 waste:  0.0% gc: 0B max: 0B slow: 2240B max: 1440B
[6.620s][debug][gc,ref         ] GC(129) Skipped SoftWeakFinalRefsPhase of Reference Processing: no references
[6.620s][debug][gc,ref         ] GC(129) Skipped KeepAliveFinalRefsPhase of Reference Processing: no references
[6.620s][debug][gc,ref         ] GC(129) Skipped PhantomRefsPhase of Reference Processing: no references
[6.620s][debug][gc,phases,ref  ] GC(129) Reference Processing: 0.0ms
[6.620s][debug][gc,phases,ref  ] GC(129)   Notify Soft/WeakReferences: 0.0ms
[6.620s][debug][gc,phases,ref  ] GC(129)     SoftRef: skipped
[6.620s][debug][gc,phases,ref  ] GC(129)     WeakRef: skipped
[6.620s][debug][gc,phases,ref  ] GC(129)     FinalRef: skipped
[6.620s][debug][gc,phases,ref  ] GC(129)     Total: skipped
[6.620s][debug][gc,phases,ref  ] GC(129)   Notify and keep alive finalizable: 0.0ms
[6.620s][debug][gc,phases,ref  ] GC(129)     FinalRef: skipped
[6.620s][debug][gc,phases,ref  ] GC(129)   Notify PhantomReferences: 0.0ms
[6.620s][debug][gc,phases,ref  ] GC(129)     PhantomRef: skipped
[6.620s][debug][gc,phases,ref  ] GC(129)   SoftReference Discovered: 0, Dropped: 0, Processed: 0
[6.620s][debug][gc,phases,ref  ] GC(129)   WeakReference Discovered: 0, Dropped: 0, Processed: 0
[6.620s][debug][gc,phases,ref  ] GC(129)   FinalReference Discovered: 0, Dropped: 0, Processed: 0
[6.620s][debug][gc,phases,ref  ] GC(129)   PhantomReference Discovered: 0, Dropped: 0, Processed: 0
[6.620s][debug][gc,age         ] GC(129) Desired survivor size 557056 bytes, new threshold 15 (max threshold 15)
[6.620s][info ][gc,heap        ] GC(129) DefNew: 8832K(9920K)->0K(9920K) Eden: 8832K(8832K)->0K(8832K) From: 0K(1088K)->0K(1088K)
[6.620s][info ][gc,heap        ] GC(129) Tenured: 2071K(21888K)->2071K(21888K)
[6.620s][info ][gc,metaspace   ] GC(129) Metaspace: 369K(512K)->369K(512K) NonClass: 306K(384K)->306K(384K) Class: 63K(128K)->63K(128K)
[6.620s][debug][gc,heap        ] GC(129) Heap after GC invocations=130 (full 4):
[6.620s][debug][gc,heap        ] GC(129)  def new generation   total 9920K, used 0K [0x0000120000200000, 0x0000120000cc0000, 0x000012000aca0000)
[6.620s][debug][gc,heap        ] GC(129)   eden space 8832K,   0% used [0x0000120000200000, 0x0000120000200000, 0x0000120000aa0000)
[6.620s][debug][gc,heap        ] GC(129)   from space 1088K,   0% used [0x0000120000aa0000, 0x0000120000aa0150, 0x0000120000bb0000)
[6.620s][debug][gc,heap        ] GC(129)   to   space 1088K,   0% used [0x0000120000bb0000, 0x0000120000bb0000, 0x0000120000cc0000)
[6.620s][debug][gc,heap        ] GC(129)  tenured generation   total 21888K, used 2071K [0x000012000aca0000, 0x000012000c200000, 0x0000120020200000)
[6.620s][debug][gc,heap        ] GC(129)    the space 21888K,   9% used [0x000012000aca0000, 0x000012000aea5db8, 0x000012000aea5e00, 0x000012000c200000)
[6.620s][debug][gc,heap        ] GC(129)  Metaspace       used 369K, committed 512K, reserved 1114112K
[6.620s][debug][gc,heap        ] GC(129)   class space    used 63K, committed 128K, reserved 1048576K
[6.620s][info ][gc             ] GC(129) Pause Young (Allocation Failure) 10M->2M(31M) 0.563ms
[6.620s][info ][gc,cpu         ] GC(129) User=0.00s Sys=0.00s Real=0.00s
[6.620s][info ][safepoint      ] Safepoint "GenCollectForAllocation", Time since last: 46938693 ns, Reaching safepoint: 3096 ns, Cleanup: 3766 ns, At safepoint: 599608 ns, Total: 606470 ns
[6.669s][info ][gc,start       ] GC(130) Pause Young (Allocation Failure)
[6.669s][debug][gc,heap        ] GC(130) Heap before GC invocations=130 (full 4):
[6.669s][debug][gc,heap        ] GC(130)  def new generation   total 9920K, used 8832K [0x0000120000200000, 0x0000120000cc0000, 0x000012000aca0000)
[6.669s][debug][gc,heap        ] GC(130)   eden space 8832K, 100% used [0x0000120000200000, 0x0000120000aa0000, 0x0000120000aa0000)
[6.669s][debug][gc,heap        ] GC(130)   from space 1088K,   0% used [0x0000120000aa0000, 0x0000120000aa0150, 0x0000120000bb0000)
[6.669s][debug][gc,heap        ] GC(130)   to   space 1088K,   0% used [0x0000120000bb0000, 0x0000120000bb0000, 0x0000120000cc0000)
[6.669s][debug][gc,heap        ] GC(130)  tenured generation   total 21888K, used 2071K [0x000012000aca0000, 0x000012000c200000, 0x0000120020200000)
[6.669s][debug][gc,heap        ] GC(130)    the space 21888K,   9% used [0x000012000aca0000, 0x000012000aea5db8, 0x000012000aea5e00, 0x000012000c200000)
[6.669s][debug][gc,heap        ] GC(130)  Metaspace       used 369K, committed 512K, reserved 1114112K
[6.669s][debug][gc,heap        ] GC(130)   class space    used 63K, committed 128K, reserved 1048576K
[6.669s][debug][gc,tlab        ] GC(130) TLAB totals: thrds: 2  refills: 101 max: 52 slow allocs: 0 max 0 waste:  0.3% gc: 26352B max: 26352B slow: 2160B max: 1312B
[6.669s][debug][gc,ref         ] GC(130) Skipped SoftWeakFinalRefsPhase of Reference Processing: no references
[6.669s][debug][gc,ref         ] GC(130) Skipped KeepAliveFinalRefsPhase of Reference Processing: no references
[6.669s][debug][gc,ref         ] GC(130) Skipped PhantomRefsPhase of Reference Processing: no references
[6.669s][debug][gc,phases,ref  ] GC(130) Reference Processing: 0.0ms
[6.669s][debug][gc,phases,ref  ] GC(130)   Notify Soft/WeakReferences: 0.0ms
[6.669s][debug][gc,phases,ref  ] GC(130)     SoftRef: skipped
[6.669s][debug][gc,phases,ref  ] GC(130)     WeakRef: skipped
[6.669s][debug][gc,phases,ref  ] GC(130)     FinalRef: skipped
[6.669s][debug][gc,phases,ref  ] GC(130)     Total: skipped
[6.669s][debug][gc,phases,ref  ] GC(130)   Notify and keep alive finalizable: 0.0ms
[6.669s][debug][gc,phases,ref  ] GC(130)     FinalRef: skipped
[6.669s][debug][gc,phases,ref  ] GC(130)   Notify PhantomReferences: 0.0ms
[6.669s][debug][gc,phases,ref  ] GC(130)     PhantomRef: skipped
[6.669s][debug][gc,phases,ref  ] GC(130)   SoftReference Discovered: 0, Dropped: 0, Processed: 0
[6.669s][debug][gc,phases,ref  ] GC(130)   WeakReference Discovered: 0, Dropped: 0, Processed: 0
[6.669s][debug][gc,phases,ref  ] GC(130)   FinalReference Discovered: 0, Dropped: 0, Processed: 0
[6.669s][debug][gc,phases,ref  ] GC(130)   PhantomReference Discovered: 0, Dropped: 0, Processed: 0
[6.669s][debug][gc,age         ] GC(130) Desired survivor size 557056 bytes, new threshold 15 (max threshold 15)
[6.669s][info ][gc,heap        ] GC(130) DefNew: 8832K(9920K)->0K(9920K) Eden: 8832K(8832K)->0K(8832K) From: 0K(1088K)->0K(1088K)
[6.669s][info ][gc,heap        ] GC(130) Tenured: 2071K(21888K)->2071K(21888K)
[6.669s][info ][gc,metaspace   ] GC(130) Metaspace: 369K(512K)->369K(512K) NonClass: 306K(384K)->306K(384K) Class: 63K(128K)->63K(128K)
[6.669s][debug][gc,heap        ] GC(130) Heap after GC invocations=131 (full 4):
[6.669s][debug][gc,heap        ] GC(130)  def new generation   total 9920K, used 0K [0x0000120000200000, 0x0000120000cc0000, 0x000012000aca0000)
[6.669s][debug][gc,heap        ] GC(130)   eden space 8832K,   0% used [0x0000120000200000, 0x0000120000200000, 0x0000120000aa0000)
[6.669s][debug][gc,heap        ] GC(130)   from space 1088K,   0% used [0x0000120000bb0000, 0x0000120000bb0160, 0x0000120000cc0000)
[6.669s][debug][gc,heap        ] GC(130)   to   space 1088K,   0% used [0x0000120000aa0000, 0x0000120000aa0000, 0x0000120000bb0000)
[6.669s][debug][gc,heap        ] GC(130)  tenured generation   total 21888K, used 2071K [0x000012000aca0000, 0x000012000c200000, 0x0000120020200000)
[6.669s][debug][gc,heap        ] GC(130)    the space 21888K,   9% used [0x000012000aca0000, 0x000012000aea5db8, 0x000012000aea5e00, 0x000012000c200000)
[6.669s][debug][gc,heap        ] GC(130)  Metaspace       used 369K, committed 512K, reserved 1114112K
[6.669s][debug][gc,heap        ] GC(130)   class space    used 63K, committed 128K, reserved 1048576K
[6.669s][info ][gc             ] GC(130) Pause Young (Allocation Failure) 10M->2M(31M) 0.555ms
[6.669s][info ][gc,cpu         ] GC(130) User=0.00s Sys=0.00s Real=0.00s
[6.669s][info ][safepoint      ] Safepoint "GenCollectForAllocation", Time since last: 48401056 ns, Reaching safepoint: 77850 ns, Cleanup: 3465 ns, At safepoint: 596395 ns, Total: 677710 ns
[6.718s][info ][gc,start       ] GC(131) Pause Young (Allocation Failure)
[6.718s][debug][gc,heap        ] GC(131) Heap before GC invocations=131 (full 4):
[6.718s][debug][gc,heap        ] GC(131)  def new generation   total 9920K, used 8832K [0x0000120000200000, 0x0000120000cc0000, 0x000012000aca0000)
[6.718s][debug][gc,heap        ] GC(131)   eden space 8832K, 100% used [0x0000120000200000, 0x0000120000aa0000, 0x0000120000aa0000)
[6.718s][debug][gc,heap        ] GC(131)   from space 1088K,   0% used [0x0000120000bb0000, 0x0000120000bb0160, 0x0000120000cc0000)
[6.718s][debug][gc,heap        ] GC(131)   to   space 1088K,   0% used [0x0000120000aa0000, 0x0000120000aa0000, 0x0000120000bb0000)
[6.718s][debug][gc,heap        ] GC(131)  tenured generation   total 21888K, used 2071K [0x000012000aca0000, 0x000012000c200000, 0x0000120020200000)
[6.718s][debug][gc,heap        ] GC(131)    the space 21888K,   9% used [0x000012000aca0000, 0x000012000aea5db8, 0x000012000aea5e00, 0x000012000c200000)
[6.718s][debug][gc,heap        ] GC(131)  Metaspace       used 369K, committed 512K, reserved 1114112K
[6.718s][debug][gc,heap        ] GC(131)   class space    used 63K, committed 128K, reserved 1048576K
[6.718s][debug][gc,tlab        ] GC(131) TLAB totals: thrds: 2  refills: 101 max: 51 slow allocs: 0 max 0 waste:  0.2% gc: 15368B max: 15368B slow: 2800B max: 1400B
[6.718s][debug][gc,ref         ] GC(131) Skipped SoftWeakFinalRefsPhase of Reference Processing: no references
[6.718s][debug][gc,ref         ] GC(131) Skipped KeepAliveFinalRefsPhase of Reference Processing: no references
[6.718s][debug][gc,ref         ] GC(131) Skipped PhantomRefsPhase of Reference Processing: no references
[6.718s][debug][gc,phases,ref  ] GC(131) Reference Processing: 0.0ms
[6.718s][debug][gc,phases,ref  ] GC(131)   Notify Soft/WeakReferences: 0.0ms
[6.718s][debug][gc,phases,ref  ] GC(131)     SoftRef: skipped
[6.718s][debug][gc,phases,ref  ] GC(131)     WeakRef: skipped
[6.718s][debug][gc,phases,ref  ] GC(131)     FinalRef: skipped
[6.718s][debug][gc,phases,ref  ] GC(131)     Total: skipped
[6.718s][debug][gc,phases,ref  ] GC(131)   Notify and keep alive finalizable: 0.0ms
[6.718s][debug][gc,phases,ref  ] GC(131)     FinalRef: skipped
[6.718s][debug][gc,phases,ref  ] GC(131)   Notify PhantomReferences: 0.0ms
[6.718s][debug][gc,phases,ref  ] GC(131)     PhantomRef: skipped
[6.718s][debug][gc,phases,ref  ] GC(131)   SoftReference Discovered: 0, Dropped: 0, Processed: 0
[6.718s][debug][gc,phases,ref  ] GC(131)   WeakReference Discovered: 0, Dropped: 0, Processed: 0
[6.718s][debug][gc,phases,ref  ] GC(131)   FinalReference Discovered: 0, Dropped: 0, Processed: 0
[6.718s][debug][gc,phases,ref  ] GC(131)   PhantomReference Discovered: 0, Dropped: 0, Processed: 0
[6.718s][debug][gc,age         ] GC(131) Desired survivor size 557056 bytes, new threshold 15 (max threshold 15)
[6.718s][info ][gc,heap        ] GC(131) DefNew: 8832K(9920K)->0K(9920K) Eden: 8832K(8832K)->0K(8832K) From: 0K(1088K)->0K(1088K)
[6.718s][info ][gc,heap        ] GC(131) Tenured: 2071K(21888K)->2071K(21888K)
[6.718s][info ][gc,metaspace   ] GC(131) Metaspace: 369K(512K)->369K(512K) NonClass: 306K(384K)->306K(384K) Class: 63K(128K)->63K(128K)
[6.718s][debug][gc,heap        ] GC(131) Heap after GC invocations=132 (full 4):
[6.718s][debug][gc,heap        ] GC(131)  def new generation   total 9920K, used 0K [0x0000120000200000, 0x0000120000cc0000, 0x000012000aca0000)
[6.718s][debug][gc,heap        ] GC(131)   eden space 8832K,   0% used [0x0000120000200000, 0x0000120000200000, 0x0000120000aa0000)
[6.718s][debug][gc,heap        ] GC(131)   from space 1088K,   0% used [0x0000120000aa0000, 0x0000120000aa0178, 0x0000120000bb0000)
[6.718s][debug][gc,heap        ] GC(131)   to   space 1088K,   0% used [0x0000120000bb0000, 0x0000120000bb0000, 0x0000120000cc0000)
[6.718s][debug][gc,heap        ] GC(131)  tenured generation   total 21888K, used 2071K [0x000012000aca0000, 0x000012000c200000, 0x0000120020200000)
[6.718s][debug][gc,heap        ] GC(131)    the space 21888K,   9% used [0x000012000aca0000, 0x000012000aea5db8, 0x000012000aea5e00, 0x000012000c200000)
[6.718s][debug][gc,heap        ] GC(131)  Metaspace       used 369K, committed 512K, reserved 1114112K
[6.718s][debug][gc,heap        ] GC(131)   class space    used 63K, committed 128K, reserved 1048576K
[6.718s][info ][gc             ] GC(131) Pause Young (Allocation Failure) 10M->2M(31M) 0.587ms
[6.718s][info ][gc,cpu         ] GC(131) User=0.00s Sys=0.00s Real=0.00s
[6.718s][info ][safepoint      ] Safepoint "GenCollectForAllocation", Time since last: 48475442 ns, Reaching safepoint: 3476 ns, Cleanup: 3586 ns, At safepoint: 611209 ns, Total: 618271 ns
[6.769s][info ][gc,start       ] GC(132) Pause Young (Allocation Failure)
[6.769s][debug][gc,heap        ] GC(132) Heap before GC invocations=132 (full 4):
[6.769s][debug][gc,heap        ] GC(132)  def new generation   total 9920K, used 8832K [0x0000120000200000, 0x0000120000cc0000, 0x000012000aca0000)
[6.769s][debug][gc,heap        ] GC(132)   eden space 8832K, 100% used [0x0000120000200000, 0x0000120000aa0000, 0x0000120000aa0000)
[6.769s][debug][gc,heap        ] GC(132)   from space 1088K,   0% used [0x0000120000aa0000, 0x0000120000aa0178, 0x0000120000bb0000)
[6.769s][debug][gc,heap        ] GC(132)   to   space 1088K,   0% used [0x0000120000bb0000, 0x0000120000bb0000, 0x0000120000cc0000)
[6.769s][debug][gc,heap        ] GC(132)  tenured generation   total 21888K, used 2071K [0x000012000aca0000, 0x000012000c200000, 0x0000120020200000)
[6.769s][debug][gc,heap        ] GC(132)    the space 21888K,   9% used [0x000012000aca0000, 0x000012000aea5db8, 0x000012000aea5e00, 0x000012000c200000)
[6.769s][debug][gc,heap        ] GC(132)  Metaspace       used 369K, committed 512K, reserved 1114112K
[6.769s][debug][gc,heap        ] GC(132)   class space    used 63K, committed 128K, reserved 1048576K
[6.769s][debug][gc,tlab        ] GC(132) TLAB totals: thrds: 2  refills: 101 max: 52 slow allocs: 0 max 0 waste:  0.0% gc: 56B max: 56B slow: 2872B max: 1464B
[6.769s][debug][gc,ref         ] GC(132) Skipped SoftWeakFinalRefsPhase of Reference Processing: no references
[6.769s][debug][gc,ref         ] GC(132) Skipped KeepAliveFinalRefsPhase of Reference Processing: no references
[6.769s][debug][gc,ref         ] GC(132) Skipped PhantomRefsPhase of Reference Processing: no references
[6.769s][debug][gc,phases,ref  ] GC(132) Reference Processing: 0.0ms
[6.769s][debug][gc,phases,ref  ] GC(132)   Notify Soft/WeakReferences: 0.0ms
[6.769s][debug][gc,phases,ref  ] GC(132)     SoftRef: skipped
[6.769s][debug][gc,phases,ref  ] GC(132)     WeakRef: skipped
[6.769s][debug][gc,phases,ref  ] GC(132)     FinalRef: skipped
[6.769s][debug][gc,phases,ref  ] GC(132)     Total: skipped
[6.769s][debug][gc,phases,ref  ] GC(132)   Notify and keep alive finalizable: 0.0ms
[6.769s][debug][gc,phases,ref  ] GC(132)     FinalRef: skipped
[6.769s][debug][gc,phases,ref  ] GC(132)   Notify PhantomReferences: 0.0ms
[6.769s][debug][gc,phases,ref  ] GC(132)     PhantomRef: skipped
[6.769s][debug][gc,phases,ref  ] GC(132)   SoftReference Discovered: 0, Dropped: 0, Processed: 0
[6.769s][debug][gc,phases,ref  ] GC(132)   WeakReference Discovered: 0, Dropped: 0, Processed: 0
[6.769s][debug][gc,phases,ref  ] GC(132)   FinalReference Discovered: 0, Dropped: 0, Processed: 0
[6.769s][debug][gc,phases,ref  ] GC(132)   PhantomReference Discovered: 0, Dropped: 0, Processed: 0
[6.769s][debug][gc,age         ] GC(132) Desired survivor size 557056 bytes, new threshold 15 (max threshold 15)
[6.769s][info ][gc,heap        ] GC(132) DefNew: 8832K(9920K)->0K(9920K) Eden: 8832K(8832K)->0K(8832K) From: 0K(1088K)->0K(1088K)
[6.769s][info ][gc,heap        ] GC(132) Tenured: 2071K(21888K)->2071K(21888K)
[6.769s][info ][gc,metaspace   ] GC(132) Metaspace: 369K(512K)->369K(512K) NonClass: 306K(384K)->306K(384K) Class: 63K(128K)->63K(128K)
[6.769s][debug][gc,heap        ] GC(132) Heap after GC invocations=133 (full 4):
[6.769s][debug][gc,heap        ] GC(132)  def new generation   total 9920K, used 0K [0x0000120000200000, 0x0000120000cc0000, 0x000012000aca0000)
[6.769s][debug][gc,heap        ] GC(132)   eden space 8832K,   0% used [0x0000120000200000, 0x0000120000200000, 0x0000120000aa0000)
[6.769s][debug][gc,heap        ] GC(132)   from space 1088K,   0% used [0x0000120000bb0000, 0x0000120000bb0138, 0x0000120000cc0000)
[6.769s][debug][gc,heap        ] GC(132)   to   space 1088K,   0% used [0x0000120000aa0000, 0x0000120000aa0000, 0x0000120000bb0000)
[6.769s][debug][gc,heap        ] GC(132)  tenured generation   total 21888K, used 2071K [0x000012000aca0000, 0x000012000c200000, 0x0000120020200000)
[6.769s][debug][gc,heap        ] GC(132)    the space 21888K,   9% used [0x000012000aca0000, 0x000012000aea5db8, 0x000012000aea5e00, 0x000012000c200000)
[6.769s][debug][gc,heap        ] GC(132)  Metaspace       used 369K, committed 512K, reserved 1114112K
[6.769s][debug][gc,heap        ] GC(132)   class space    used 63K, committed 128K, reserved 1048576K
[6.769s][info ][gc             ] GC(132) Pause Young (Allocation Failure) 10M->2M(31M) 0.552ms
[6.769s][info ][gc,cpu         ] GC(132) User=0.00s Sys=0.00s Real=0.00s
[6.769s][info ][safepoint      ] Safepoint "GenCollectForAllocation", Time since last: 50175317 ns, Reaching safepoint: 3539 ns, Cleanup: 3631 ns, At safepoint: 596701 ns, Total: 603871 ns
[6.817s][info ][gc,start       ] GC(133) Pause Young (Allocation Failure)
[6.817s][debug][gc,heap        ] GC(133) Heap before GC invocations=133 (full 4):
[6.817s][debug][gc,heap        ] GC(133)  def new generation   total 9920K, used 8832K [0x0000120000200000, 0x0000120000cc0000, 0x000012000aca0000)
[6.817s][debug][gc,heap        ] GC(133)   eden space 8832K, 100% used [0x0000120000200000, 0x0000120000aa0000, 0x0000120000aa0000)
[6.817s][debug][gc,heap        ] GC(133)   from space 1088K,   0% used [0x0000120000bb0000, 0x0000120000bb0138, 0x0000120000cc0000)
[6.817s][debug][gc,heap        ] GC(133)   to   space 1088K,   0% used [0x0000120000aa0000, 0x0000120000aa0000, 0x0000120000bb0000)
[6.817s][debug][gc,heap        ] GC(133)  tenured generation   total 21888K, used 2071K [0x000012000aca0000, 0x000012000c200000, 0x0000120020200000)
[6.817s][debug][gc,heap        ] GC(133)    the space 21888K,   9% used [0x000012000aca0000, 0x000012000aea5db8, 0x000012000aea5e00, 0x000012000c200000)
[6.817s][debug][gc,heap        ] GC(133)  Metaspace       used 369K, committed 512K, reserved 1114112K
[6.818s][debug][gc,heap        ] GC(133)   class space    used 63K, committed 128K, reserved 1048576K
[6.818s][debug][gc,tlab        ] GC(133) TLAB totals: thrds: 2  refills: 101 max: 52 slow allocs: 0 max 0 waste:  0.3% gc: 26784B max: 26784B slow: 2784B max: 1400B
[6.818s][debug][gc,ref         ] GC(133) Skipped SoftWeakFinalRefsPhase of Reference Processing: no references
[6.818s][debug][gc,ref         ] GC(133) Skipped KeepAliveFinalRefsPhase of Reference Processing: no references
[6.818s][debug][gc,ref         ] GC(133) Skipped PhantomRefsPhase of Reference Processing: no references
[6.818s][debug][gc,phases,ref  ] GC(133) Reference Processing: 0.0ms
[6.818s][debug][gc,phases,ref  ] GC(133)   Notify Soft/WeakReferences: 0.0ms
[6.818s][debug][gc,phases,ref  ] GC(133)     SoftRef: skipped
[6.818s][debug][gc,phases,ref  ] GC(133)     WeakRef: skipped
[6.818s][debug][gc,phases,ref  ] GC(133)     FinalRef: skipped
[6.818s][debug][gc,phases,ref  ] GC(133)     Total: skipped
[6.818s][debug][gc,phases,ref  ] GC(133)   Notify and keep alive finalizable: 0.0ms
[6.818s][debug][gc,phases,ref  ] GC(133)     FinalRef: skipped
[6.818s][debug][gc,phases,ref  ] GC(133)   Notify PhantomReferences: 0.0ms
[6.818s][debug][gc,phases,ref  ] GC(133)     PhantomRef: skipped
[6.818s][debug][gc,phases,ref  ] GC(133)   SoftReference Discovered: 0, Dropped: 0, Processed: 0
[6.818s][debug][gc,phases,ref  ] GC(133)   WeakReference Discovered: 0, Dropped: 0, Processed: 0
[6.818s][debug][gc,phases,ref  ] GC(133)   FinalReference Discovered: 0, Dropped: 0, Processed: 0
[6.818s][debug][gc,phases,ref  ] GC(133)   PhantomReference Discovered: 0, Dropped: 0, Processed: 0
[6.818s][debug][gc,age         ] GC(133) Desired survivor size 557056 bytes, new threshold 15 (max threshold 15)
[6.818s][info ][gc,heap        ] GC(133) DefNew: 8832K(9920K)->0K(9920K) Eden: 8832K(8832K)->0K(8832K) From: 0K(1088K)->0K(1088K)
[6.818s][info ][gc,heap        ] GC(133) Tenured: 2071K(21888K)->2071K(21888K)
[6.818s][info ][gc,metaspace   ] GC(133) Metaspace: 369K(512K)->369K(512K) NonClass: 306K(384K)->306K(384K) Class: 63K(128K)->63K(128K)
[6.818s][debug][gc,heap        ] GC(133) Heap after GC invocations=134 (full 4):
[6.818s][debug][gc,heap        ] GC(133)  def new generation   total 9920K, used 0K [0x0000120000200000, 0x0000120000cc0000, 0x000012000aca0000)
[6.818s][debug][gc,heap        ] GC(133)   eden space 8832K,   0% used [0x0000120000200000, 0x0000120000200000, 0x0000120000aa0000)
[6.818s][debug][gc,heap        ] GC(133)   from space 1088K,   0% used [0x0000120000aa0000, 0x0000120000aa0140, 0x0000120000bb0000)
[6.818s][debug][gc,heap        ] GC(133)   to   space 1088K,   0% used [0x0000120000bb0000, 0x0000120000bb0000, 0x0000120000cc0000)
[6.818s][debug][gc,heap        ] GC(133)  tenured generation   total 21888K, used 2071K [0x000012000aca0000, 0x000012000c200000, 0x0000120020200000)
[6.818s][debug][gc,heap        ] GC(133)    the space 21888K,   9% used [0x000012000aca0000, 0x000012000aea5db8, 0x000012000aea5e00, 0x000012000c200000)
[6.818s][debug][gc,heap        ] GC(133)  Metaspace       used 369K, committed 512K, reserved 1114112K
[6.818s][debug][gc,heap        ] GC(133)   class space    used 63K, committed 128K, reserved 1048576K
[6.818s][info ][gc             ] GC(133) Pause Young (Allocation Failure) 10M->2M(31M) 0.550ms
[6.818s][info ][gc,cpu         ] GC(133) User=0.00s Sys=0.00s Real=0.00s
[6.818s][info ][safepoint      ] Safepoint "GenCollectForAllocation", Time since last: 48139450 ns, Reaching safepoint: 78393 ns, Cleanup: 3395 ns, At safepoint: 599102 ns, Total: 680890 ns
[6.867s][info ][gc,start       ] GC(134) Pause Young (Allocation Failure)
[6.867s][debug][gc,heap        ] GC(134) Heap before GC invocations=134 (full 4):
[6.867s][debug][gc,heap        ] GC(134)  def new generation   total 9920K, used 8832K [0x0000120000200000, 0x0000120000cc0000, 0x000012000aca0000)
[6.867s][debug][gc,heap        ] GC(134)   eden space 8832K, 100% used [0x0000120000200000, 0x0000120000aa0000, 0x0000120000aa0000)
[6.867s][debug][gc,heap        ] GC(134)   from space 1088K,   0% used [0x0000120000aa0000, 0x0000120000aa0140, 0x0000120000bb0000)
[6.867s][debug][gc,heap        ] GC(134)   to   space 1088K,   0% used [0x0000120000bb0000, 0x0000120000bb0000, 0x0000120000cc0000)
[6.867s][debug][gc,heap        ] GC(134)  tenured generation   total 21888K, used 2071K [0x000012000aca0000, 0x000012000c200000, 0x0000120020200000)
[6.867s][debug][gc,heap        ] GC(134)    the space 21888K,   9% used [0x000012000aca0000, 0x000012000aea5db8, 0x000012000aea5e00, 0x000012000c200000)
[6.867s][debug][gc,heap        ] GC(134)  Metaspace       used 369K, committed 512K, reserved 1114112K
[6.867s][debug][gc,heap        ] GC(134)   class space    used 63K, committed 128K, reserved 1048576K
[6.867s][debug][gc,tlab        ] GC(134) TLAB totals: thrds: 2  refills: 101 max: 51 slow allocs: 0 max 0 waste:  0.2% gc: 17952B max: 17952B slow: 2768B max: 1400B
[6.867s][debug][gc,ref         ] GC(134) Skipped SoftWeakFinalRefsPhase of Reference Processing: no references
[6.867s][debug][gc,ref         ] GC(134) Skipped KeepAliveFinalRefsPhase of Reference Processing: no references
[6.867s][debug][gc,ref         ] GC(134) Skipped PhantomRefsPhase of Reference Processing: no references
[6.867s][debug][gc,phases,ref  ] GC(134) Reference Processing: 0.0ms
[6.867s][debug][gc,phases,ref  ] GC(134)   Notify Soft/WeakReferences: 0.0ms
[6.867s][debug][gc,phases,ref  ] GC(134)     SoftRef: skipped
[6.867s][debug][gc,phases,ref  ] GC(134)     WeakRef: skipped
[6.867s][debug][gc,phases,ref  ] GC(134)     FinalRef: skipped
[6.867s][debug][gc,phases,ref  ] GC(134)     Total: skipped
[6.867s][debug][gc,phases,ref  ] GC(134)   Notify and keep alive finalizable: 0.0ms
[6.867s][debug][gc,phases,ref  ] GC(134)     FinalRef: skipped
[6.867s][debug][gc,phases,ref  ] GC(134)   Notify PhantomReferences: 0.0ms
[6.867s][debug][gc,phases,ref  ] GC(134)     PhantomRef: skipped
[6.867s][debug][gc,phases,ref  ] GC(134)   SoftReference Discovered: 0, Dropped: 0, Processed: 0
[6.867s][debug][gc,phases,ref  ] GC(134)   WeakReference Discovered: 0, Dropped: 0, Processed: 0
[6.867s][debug][gc,phases,ref  ] GC(134)   FinalReference Discovered: 0, Dropped: 0, Processed: 0
[6.867s][debug][gc,phases,ref  ] GC(134)   PhantomReference Discovered: 0, Dropped: 0, Processed: 0
[6.867s][debug][gc,age         ] GC(134) Desired survivor size 557056 bytes, new threshold 15 (max threshold 15)
[6.867s][info ][gc,heap        ] GC(134) DefNew: 8832K(9920K)->0K(9920K) Eden: 8832K(8832K)->0K(8832K) From: 0K(1088K)->0K(1088K)
[6.867s][info ][gc,heap        ] GC(134) Tenured: 2071K(21888K)->2071K(21888K)
[6.867s][info ][gc,metaspace   ] GC(134) Metaspace: 369K(512K)->369K(512K) NonClass: 306K(384K)->306K(384K) Class: 63K(128K)->63K(128K)
[6.867s][debug][gc,heap        ] GC(134) Heap after GC invocations=135 (full 4):
[6.867s][debug][gc,heap        ] GC(134)  def new generation   total 9920K, used 0K [0x0000120000200000, 0x0000120000cc0000, 0x000012000aca0000)
[6.867s][debug][gc,heap        ] GC(134)   eden space 8832K,   0% used [0x0000120000200000, 0x0000120000200000, 0x0000120000aa0000)
[6.867s][debug][gc,heap        ] GC(134)   from space 1088K,   0% used [0x0000120000bb0000, 0x0000120000bb00d0, 0x0000120000cc0000)
[6.867s][debug][gc,heap        ] GC(134)   to   space 1088K,   0% used [0x0000120000aa0000, 0x0000120000aa0000, 0x0000120000bb0000)
[6.867s][debug][gc,heap        ] GC(134)  tenured generation   total 21888K, used 2071K [0x000012000aca0000, 0x000012000c200000, 0x0000120020200000)
[6.867s][debug][gc,heap        ] GC(134)    the space 21888K,   9% used [0x000012000aca0000, 0x000012000aea5db8, 0x000012000aea5e00, 0x000012000c200000)
[6.867s][debug][gc,heap        ] GC(134)  Metaspace       used 369K, committed 512K, reserved 1114112K
[6.867s][debug][gc,heap        ] GC(134)   class space    used 63K, committed 128K, reserved 1048576K
[6.867s][info ][gc             ] GC(134) Pause Young (Allocation Failure) 10M->2M(31M) 0.549ms
[6.867s][info ][gc,cpu         ] GC(134) User=0.01s Sys=0.00s Real=0.00s
[6.867s][info ][safepoint      ] Safepoint "GenCollectForAllocation", Time since last: 48581250 ns, Reaching safepoint: 3238 ns, Cleanup: 3628 ns, At safepoint: 592883 ns, Total: 599749 ns
[6.915s][info ][gc,start       ] GC(135) Pause Young (Allocation Failure)
[6.915s][debug][gc,heap        ] GC(135) Heap before GC invocations=135 (full 4):
[6.915s][debug][gc,heap        ] GC(135)  def new generation   total 9920K, used 8832K [0x0000120000200000, 0x0000120000cc0000, 0x000012000aca0000)
[6.915s][debug][gc,heap        ] GC(135)   eden space 8832K, 100% used [0x0000120000200000, 0x0000120000aa0000, 0x0000120000aa0000)
[6.915s][debug][gc,heap        ] GC(135)   from space 1088K,   0% used [0x0000120000bb0000, 0x0000120000bb00d0, 0x0000120000cc0000)
[6.915s][debug][gc,heap        ] GC(135)   to   space 1088K,   0% used [0x0000120000aa0000, 0x0000120000aa0000, 0x0000120000bb0000)
[6.915s][debug][gc,heap        ] GC(135)  tenured generation   total 21888K, used 2071K [0x000012000aca0000, 0x000012000c200000, 0x0000120020200000)
[6.915s][debug][gc,heap        ] GC(135)    the space 21888K,   9% used [0x000012000aca0000, 0x000012000aea5db8, 0x000012000aea5e00, 0x000012000c200000)
[6.915s][debug][gc,heap        ] GC(135)  Metaspace       used 369K, committed 512K, reserved 1114112K
[6.915s][debug][gc,heap        ] GC(135)   class space    used 63K, committed 128K, reserved 1048576K
[6.915s][debug][gc,tlab        ] GC(135) TLAB totals: thrds: 2  refills: 101 max: 51 slow allocs: 0 max 0 waste:  0.2% gc: 16680B max: 16680B slow: 3192B max: 1696B
[6.915s][debug][gc,ref         ] GC(135) Skipped SoftWeakFinalRefsPhase of Reference Processing: no references
[6.915s][debug][gc,ref         ] GC(135) Skipped KeepAliveFinalRefsPhase of Reference Processing: no references
[6.915s][debug][gc,ref         ] GC(135) Skipped PhantomRefsPhase of Reference Processing: no references
[6.915s][debug][gc,phases,ref  ] GC(135) Reference Processing: 0.0ms
[6.915s][debug][gc,phases,ref  ] GC(135)   Notify Soft/WeakReferences: 0.0ms
[6.915s][debug][gc,phases,ref  ] GC(135)     SoftRef: skipped
[6.915s][debug][gc,phases,ref  ] GC(135)     WeakRef: skipped
[6.915s][debug][gc,phases,ref  ] GC(135)     FinalRef: skipped
[6.915s][debug][gc,phases,ref  ] GC(135)     Total: skipped
[6.915s][debug][gc,phases,ref  ] GC(135)   Notify and keep alive finalizable: 0.0ms
[6.915s][debug][gc,phases,ref  ] GC(135)     FinalRef: skipped
[6.915s][debug][gc,phases,ref  ] GC(135)   Notify PhantomReferences: 0.0ms
[6.915s][debug][gc,phases,ref  ] GC(135)     PhantomRef: skipped
[6.915s][debug][gc,phases,ref  ] GC(135)   SoftReference Discovered: 0, Dropped: 0, Processed: 0
[6.915s][debug][gc,phases,ref  ] GC(135)   WeakReference Discovered: 0, Dropped: 0, Processed: 0
[6.915s][debug][gc,phases,ref  ] GC(135)   FinalReference Discovered: 0, Dropped: 0, Processed: 0
[6.915s][debug][gc,phases,ref  ] GC(135)   PhantomReference Discovered: 0, Dropped: 0, Processed: 0
[6.915s][debug][gc,age         ] GC(135) Desired survivor size 557056 bytes, new threshold 15 (max threshold 15)
[6.915s][info ][gc,heap        ] GC(135) DefNew: 8832K(9920K)->0K(9920K) Eden: 8832K(8832K)->0K(8832K) From: 0K(1088K)->0K(1088K)
[6.915s][info ][gc,heap        ] GC(135) Tenured: 2071K(21888K)->2071K(21888K)
[6.915s][info ][gc,metaspace   ] GC(135) Metaspace: 369K(512K)->369K(512K) NonClass: 306K(384K)->306K(384K) Class: 63K(128K)->63K(128K)
[6.915s][debug][gc,heap        ] GC(135) Heap after GC invocations=136 (full 4):
[6.915s][debug][gc,heap        ] GC(135)  def new generation   total 9920K, used 0K [0x0000120000200000, 0x0000120000cc0000, 0x000012000aca0000)
[6.915s][debug][gc,heap        ] GC(135)   eden space 8832K,   0% used [0x0000120000200000, 0x0000120000200000, 0x0000120000aa0000)
[6.915s][debug][gc,heap        ] GC(135)   from space 1088K,   0% used [0x0000120000aa0000, 0x0000120000aa0130, 0x0000120000bb0000)
[6.915s][debug][gc,heap        ] GC(135)   to   space 1088K,   0% used [0x0000120000bb0000, 0x0000120000bb0000, 0x0000120000cc0000)
[6.915s][debug][gc,heap        ] GC(135)  tenured generation   total 21888K, used 2071K [0x000012000aca0000, 0x000012000c200000, 0x0000120020200000)
[6.915s][debug][gc,heap        ] GC(135)    the space 21888K,   9% used [0x000012000aca0000, 0x000012000aea5db8, 0x000012000aea5e00, 0x000012000c200000)
[6.915s][debug][gc,heap        ] GC(135)  Metaspace       used 369K, committed 512K, reserved 1114112K
[6.915s][debug][gc,heap        ] GC(135)   class space    used 63K, committed 128K, reserved 1048576K
[6.915s][info ][gc             ] GC(135) Pause Young (Allocation Failure) 10M->2M(31M) 0.556ms
[6.915s][info ][gc,cpu         ] GC(135) User=0.00s Sys=0.00s Real=0.00s
[6.915s][info ][safepoint      ] Safepoint "GenCollectForAllocation", Time since last: 47654921 ns, Reaching safepoint: 3202 ns, Cleanup: 3671 ns, At safepoint: 599496 ns, Total: 606369 ns
[6.965s][info ][gc,start       ] GC(136) Pause Young (Allocation Failure)
[6.965s][debug][gc,heap        ] GC(136) Heap before GC invocations=136 (full 4):
[6.965s][debug][gc,heap        ] GC(136)  def new generation   total 9920K, used 8832K [0x0000120000200000, 0x0000120000cc0000, 0x000012000aca0000)
[6.965s][debug][gc,heap        ] GC(136)   eden space 8832K, 100% used [0x0000120000200000, 0x0000120000aa0000, 0x0000120000aa0000)
[6.965s][debug][gc,heap        ] GC(136)   from space 1088K,   0% used [0x0000120000aa0000, 0x0000120000aa0130, 0x0000120000bb0000)
[6.965s][debug][gc,heap        ] GC(136)   to   space 1088K,   0% used [0x0000120000bb0000, 0x0000120000bb0000, 0x0000120000cc0000)
[6.965s][debug][gc,heap        ] GC(136)  tenured generation   total 21888K, used 2071K [0x000012000aca0000, 0x000012000c200000, 0x0000120020200000)
[6.965s][debug][gc,heap        ] GC(136)    the space 21888K,   9% used [0x000012000aca0000, 0x000012000aea5db8, 0x000012000aea5e00, 0x000012000c200000)
[6.965s][debug][gc,heap        ] GC(136)  Metaspace       used 369K, committed 512K, reserved 1114112K
[6.965s][debug][gc,heap        ] GC(136)   class space    used 63K, committed 128K, reserved 1048576K
[6.965s][debug][gc,tlab        ] GC(136) TLAB totals: thrds: 2  refills: 101 max: 52 slow allocs: 0 max 0 waste:  0.4% gc: 32952B max: 32952B slow: 2272B max: 1280B
[6.965s][debug][gc,ref         ] GC(136) Skipped SoftWeakFinalRefsPhase of Reference Processing: no references
[6.965s][debug][gc,ref         ] GC(136) Skipped KeepAliveFinalRefsPhase of Reference Processing: no references
[6.965s][debug][gc,ref         ] GC(136) Skipped PhantomRefsPhase of Reference Processing: no references
[6.965s][debug][gc,phases,ref  ] GC(136) Reference Processing: 0.0ms
[6.965s][debug][gc,phases,ref  ] GC(136)   Notify Soft/WeakReferences: 0.0ms
[6.965s][debug][gc,phases,ref  ] GC(136)     SoftRef: skipped
[6.965s][debug][gc,phases,ref  ] GC(136)     WeakRef: skipped
[6.965s][debug][gc,phases,ref  ] GC(136)     FinalRef: skipped
[6.965s][debug][gc,phases,ref  ] GC(136)     Total: skipped
[6.965s][debug][gc,phases,ref  ] GC(136)   Notify and keep alive finalizable: 0.0ms
[6.965s][debug][gc,phases,ref  ] GC(136)     FinalRef: skipped
[6.965s][debug][gc,phases,ref  ] GC(136)   Notify PhantomReferences: 0.0ms
[6.965s][debug][gc,phases,ref  ] GC(136)     PhantomRef: skipped
[6.965s][debug][gc,phases,ref  ] GC(136)   SoftReference Discovered: 0, Dropped: 0, Processed: 0
[6.965s][debug][gc,phases,ref  ] GC(136)   WeakReference Discovered: 0, Dropped: 0, Processed: 0
[6.965s][debug][gc,phases,ref  ] GC(136)   FinalReference Discovered: 0, Dropped: 0, Processed: 0
[6.965s][debug][gc,phases,ref  ] GC(136)   PhantomReference Discovered: 0, Dropped: 0, Processed: 0
[6.965s][debug][gc,age         ] GC(136) Desired survivor size 557056 bytes, new threshold 15 (max threshold 15)
[6.965s][info ][gc,heap        ] GC(136) DefNew: 8832K(9920K)->0K(9920K) Eden: 8832K(8832K)->0K(8832K) From: 0K(1088K)->0K(1088K)
[6.965s][info ][gc,heap        ] GC(136) Tenured: 2071K(21888K)->2071K(21888K)
[6.965s][info ][gc,metaspace   ] GC(136) Metaspace: 369K(512K)->369K(512K) NonClass: 306K(384K)->306K(384K) Class: 63K(128K)->63K(128K)
[6.965s][debug][gc,heap        ] GC(136) Heap after GC invocations=137 (full 4):
[6.965s][debug][gc,heap        ] GC(136)  def new generation   total 9920K, used 0K [0x0000120000200000, 0x0000120000cc0000, 0x000012000aca0000)
[6.965s][debug][gc,heap        ] GC(136)   eden space 8832K,   0% used [0x0000120000200000, 0x0000120000200000, 0x0000120000aa0000)
[6.965s][debug][gc,heap        ] GC(136)   from space 1088K,   0% used [0x0000120000bb0000, 0x0000120000bb0130, 0x0000120000cc0000)
[6.965s][debug][gc,heap        ] GC(136)   to   space 1088K,   0% used [0x0000120000aa0000, 0x0000120000aa0000, 0x0000120000bb0000)
[6.965s][debug][gc,heap        ] GC(136)  tenured generation   total 21888K, used 2071K [0x000012000aca0000, 0x000012000c200000, 0x0000120020200000)
[6.965s][debug][gc,heap        ] GC(136)    the space 21888K,   9% used [0x000012000aca0000, 0x000012000aea5db8, 0x000012000aea5e00, 0x000012000c200000)
[6.965s][debug][gc,heap        ] GC(136)  Metaspace       used 369K, committed 512K, reserved 1114112K
[6.965s][debug][gc,heap        ] GC(136)   class space    used 63K, committed 128K, reserved 1048576K
[6.965s][info ][gc             ] GC(136) Pause Young (Allocation Failure) 10M->2M(31M) 0.572ms
[6.965s][info ][gc,cpu         ] GC(136) User=0.00s Sys=0.00s Real=0.00s
[6.965s][info ][safepoint      ] Safepoint "GenCollectForAllocation", Time since last: 49117252 ns, Reaching safepoint: 3762 ns, Cleanup: 3644 ns, At safepoint: 616529 ns, Total: 623935 ns
[7.013s][info ][gc,start       ] GC(137) Pause Young (Allocation Failure)
[7.013s][debug][gc,heap        ] GC(137) Heap before GC invocations=137 (full 4):
[7.013s][debug][gc,heap        ] GC(137)  def new generation   total 9920K, used 8832K [0x0000120000200000, 0x0000120000cc0000, 0x000012000aca0000)
[7.013s][debug][gc,heap        ] GC(137)   eden space 8832K, 100% used [0x0000120000200000, 0x0000120000aa0000, 0x0000120000aa0000)
[7.013s][debug][gc,heap        ] GC(137)   from space 1088K,   0% used [0x0000120000bb0000, 0x0000120000bb0130, 0x0000120000cc0000)
[7.013s][debug][gc,heap        ] GC(137)   to   space 1088K,   0% used [0x0000120000aa0000, 0x0000120000aa0000, 0x0000120000bb0000)
[7.013s][debug][gc,heap        ] GC(137)  tenured generation   total 21888K, used 2071K [0x000012000aca0000, 0x000012000c200000, 0x0000120020200000)
[7.013s][debug][gc,heap        ] GC(137)    the space 21888K,   9% used [0x000012000aca0000, 0x000012000aea5db8, 0x000012000aea5e00, 0x000012000c200000)
[7.013s][debug][gc,heap        ] GC(137)  Metaspace       used 369K, committed 512K, reserved 1114112K
[7.013s][debug][gc,heap        ] GC(137)   class space    used 63K, committed 128K, reserved 1048576K
[7.013s][debug][gc,tlab        ] GC(137) TLAB totals: thrds: 2  refills: 101 max: 51 slow allocs: 0 max 0 waste:  0.5% gc: 46720B max: 46720B slow: 2592B max: 1360B
[7.013s][debug][gc,ref         ] GC(137) Skipped SoftWeakFinalRefsPhase of Reference Processing: no references
[7.013s][debug][gc,ref         ] GC(137) Skipped KeepAliveFinalRefsPhase of Reference Processing: no references
[7.013s][debug][gc,ref         ] GC(137) Skipped PhantomRefsPhase of Reference Processing: no references
[7.013s][debug][gc,phases,ref  ] GC(137) Reference Processing: 0.0ms
[7.013s][debug][gc,phases,ref  ] GC(137)   Notify Soft/WeakReferences: 0.0ms
[7.013s][debug][gc,phases,ref  ] GC(137)     SoftRef: skipped
[7.013s][debug][gc,phases,ref  ] GC(137)     WeakRef: skipped
[7.013s][debug][gc,phases,ref  ] GC(137)     FinalRef: skipped
[7.013s][debug][gc,phases,ref  ] GC(137)     Total: skipped
[7.013s][debug][gc,phases,ref  ] GC(137)   Notify and keep alive finalizable: 0.0ms
[7.013s][debug][gc,phases,ref  ] GC(137)     FinalRef: skipped
[7.013s][debug][gc,phases,ref  ] GC(137)   Notify PhantomReferences: 0.0ms
[7.013s][debug][gc,phases,ref  ] GC(137)     PhantomRef: skipped
[7.013s][debug][gc,phases,ref  ] GC(137)   SoftReference Discovered: 0, Dropped: 0, Processed: 0
[7.013s][debug][gc,phases,ref  ] GC(137)   WeakReference Discovered: 0, Dropped: 0, Processed: 0
[7.013s][debug][gc,phases,ref  ] GC(137)   FinalReference Discovered: 0, Dropped: 0, Processed: 0
[7.013s][debug][gc,phases,ref  ] GC(137)   PhantomReference Discovered: 0, Dropped: 0, Processed: 0
[7.013s][debug][gc,age         ] GC(137) Desired survivor size 557056 bytes, new threshold 15 (max threshold 15)
[7.013s][info ][gc,heap        ] GC(137) DefNew: 8832K(9920K)->0K(9920K) Eden: 8832K(8832K)->0K(8832K) From: 0K(1088K)->0K(1088K)
[7.013s][info ][gc,heap        ] GC(137) Tenured: 2071K(21888K)->2071K(21888K)
[7.013s][info ][gc,metaspace   ] GC(137) Metaspace: 369K(512K)->369K(512K) NonClass: 306K(384K)->306K(384K) Class: 63K(128K)->63K(128K)
[7.013s][debug][gc,heap        ] GC(137) Heap after GC invocations=138 (full 4):
[7.013s][debug][gc,heap        ] GC(137)  def new generation   total 9920K, used 0K [0x0000120000200000, 0x0000120000cc0000, 0x000012000aca0000)
[7.013s][debug][gc,heap        ] GC(137)   eden space 8832K,   0% used [0x0000120000200000, 0x0000120000200000, 0x0000120000aa0000)
[7.013s][debug][gc,heap        ] GC(137)   from space 1088K,   0% used [0x0000120000aa0000, 0x0000120000aa00d0, 0x0000120000bb0000)
[7.013s][debug][gc,heap        ] GC(137)   to   space 1088K,   0% used [0x0000120000bb0000, 0x0000120000bb0000, 0x0000120000cc0000)
[7.013s][debug][gc,heap        ] GC(137)  tenured generation   total 21888K, used 2071K [0x000012000aca0000, 0x000012000c200000, 0x0000120020200000)
[7.013s][debug][gc,heap        ] GC(137)    the space 21888K,   9% used [0x000012000aca0000, 0x000012000aea5db8, 0x000012000aea5e00, 0x000012000c200000)
[7.013s][debug][gc,heap        ] GC(137)  Metaspace       used 369K, committed 512K, reserved 1114112K
[7.013s][debug][gc,heap        ] GC(137)   class space    used 63K, committed 128K, reserved 1048576K
[7.013s][info ][gc             ] GC(137) Pause Young (Allocation Failure) 10M->2M(31M) 0.550ms
[7.013s][info ][gc,cpu         ] GC(137) User=0.00s Sys=0.00s Real=0.00s
[7.013s][info ][safepoint      ] Safepoint "GenCollectForAllocation", Time since last: 47497822 ns, Reaching safepoint: 3395 ns, Cleanup: 3578 ns, At safepoint: 593902 ns, Total: 600875 ns
[7.062s][info ][gc,start       ] GC(138) Pause Young (Allocation Failure)
[7.062s][debug][gc,heap        ] GC(138) Heap before GC invocations=138 (full 4):
[7.062s][debug][gc,heap        ] GC(138)  def new generation   total 9920K, used 8832K [0x0000120000200000, 0x0000120000cc0000, 0x000012000aca0000)
[7.062s][debug][gc,heap        ] GC(138)   eden space 8832K, 100% used [0x0000120000200000, 0x0000120000aa0000, 0x0000120000aa0000)
[7.062s][debug][gc,heap        ] GC(138)   from space 1088K,   0% used [0x0000120000aa0000, 0x0000120000aa00d0, 0x0000120000bb0000)
[7.062s][debug][gc,heap        ] GC(138)   to   space 1088K,   0% used [0x0000120000bb0000, 0x0000120000bb0000, 0x0000120000cc0000)
[7.062s][debug][gc,heap        ] GC(138)  tenured generation   total 21888K, used 2071K [0x000012000aca0000, 0x000012000c200000, 0x0000120020200000)
[7.062s][debug][gc,heap        ] GC(138)    the space 21888K,   9% used [0x000012000aca0000, 0x000012000aea5db8, 0x000012000aea5e00, 0x000012000c200000)
[7.062s][debug][gc,heap        ] GC(138)  Metaspace       used 369K, committed 512K, reserved 1114112K
[7.062s][debug][gc,heap        ] GC(138)   class space    used 63K, committed 128K, reserved 1048576K
[7.062s][debug][gc,tlab        ] GC(138) TLAB totals: thrds: 2  refills: 101 max: 51 slow allocs: 0 max 0 waste:  0.5% gc: 40920B max: 40920B slow: 2568B max: 1304B
[7.063s][debug][gc,ref         ] GC(138) Skipped SoftWeakFinalRefsPhase of Reference Processing: no references
[7.063s][debug][gc,ref         ] GC(138) Skipped KeepAliveFinalRefsPhase of Reference Processing: no references
[7.063s][debug][gc,ref         ] GC(138) Skipped PhantomRefsPhase of Reference Processing: no references
[7.063s][debug][gc,phases,ref  ] GC(138) Reference Processing: 0.0ms
[7.063s][debug][gc,phases,ref  ] GC(138)   Notify Soft/WeakReferences: 0.0ms
[7.063s][debug][gc,phases,ref  ] GC(138)     SoftRef: skipped
[7.063s][debug][gc,phases,ref  ] GC(138)     WeakRef: skipped
[7.063s][debug][gc,phases,ref  ] GC(138)     FinalRef: skipped
[7.063s][debug][gc,phases,ref  ] GC(138)     Total: skipped
[7.063s][debug][gc,phases,ref  ] GC(138)   Notify and keep alive finalizable: 0.0ms
[7.063s][debug][gc,phases,ref  ] GC(138)     FinalRef: skipped
[7.063s][debug][gc,phases,ref  ] GC(138)   Notify PhantomReferences: 0.0ms
[7.063s][debug][gc,phases,ref  ] GC(138)     PhantomRef: skipped
[7.063s][debug][gc,phases,ref  ] GC(138)   SoftReference Discovered: 0, Dropped: 0, Processed: 0
[7.063s][debug][gc,phases,ref  ] GC(138)   WeakReference Discovered: 0, Dropped: 0, Processed: 0
[7.063s][debug][gc,phases,ref  ] GC(138)   FinalReference Discovered: 0, Dropped: 0, Processed: 0
[7.063s][debug][gc,phases,ref  ] GC(138)   PhantomReference Discovered: 0, Dropped: 0, Processed: 0
[7.063s][debug][gc,age         ] GC(138) Desired survivor size 557056 bytes, new threshold 15 (max threshold 15)
[7.063s][info ][gc,heap        ] GC(138) DefNew: 8832K(9920K)->0K(9920K) Eden: 8832K(8832K)->0K(8832K) From: 0K(1088K)->0K(1088K)
[7.063s][info ][gc,heap        ] GC(138) Tenured: 2071K(21888K)->2071K(21888K)
[7.063s][info ][gc,metaspace   ] GC(138) Metaspace: 369K(512K)->369K(512K) NonClass: 306K(384K)->306K(384K) Class: 63K(128K)->63K(128K)
[7.063s][debug][gc,heap        ] GC(138) Heap after GC invocations=139 (full 4):
[7.063s][debug][gc,heap        ] GC(138)  def new generation   total 9920K, used 0K [0x0000120000200000, 0x0000120000cc0000, 0x000012000aca0000)
[7.063s][debug][gc,heap        ] GC(138)   eden space 8832K,   0% used [0x0000120000200000, 0x0000120000200000, 0x0000120000aa0000)
[7.063s][debug][gc,heap        ] GC(138)   from space 1088K,   0% used [0x0000120000bb0000, 0x0000120000bb01a0, 0x0000120000cc0000)
[7.063s][debug][gc,heap        ] GC(138)   to   space 1088K,   0% used [0x0000120000aa0000, 0x0000120000aa0000, 0x0000120000bb0000)
[7.063s][debug][gc,heap        ] GC(138)  tenured generation   total 21888K, used 2071K [0x000012000aca0000, 0x000012000c200000, 0x0000120020200000)
[7.063s][debug][gc,heap        ] GC(138)    the space 21888K,   9% used [0x000012000aca0000, 0x000012000aea5db8, 0x000012000aea5e00, 0x000012000c200000)
[7.063s][debug][gc,heap        ] GC(138)  Metaspace       used 369K, committed 512K, reserved 1114112K
[7.063s][debug][gc,heap        ] GC(138)   class space    used 63K, committed 128K, reserved 1048576K
[7.063s][info ][gc             ] GC(138) Pause Young (Allocation Failure) 10M->2M(31M) 0.553ms
[7.063s][info ][gc,cpu         ] GC(138) User=0.00s Sys=0.00s Real=0.00s
[7.063s][info ][safepoint      ] Safepoint "GenCollectForAllocation", Time since last: 48964890 ns, Reaching safepoint: 84319 ns, Cleanup: 3463 ns, At safepoint: 597349 ns, Total: 685131 ns
[7.112s][info ][gc,start       ] GC(139) Pause Young (Allocation Failure)
[7.112s][debug][gc,heap        ] GC(139) Heap before GC invocations=139 (full 4):
[7.112s][debug][gc,heap        ] GC(139)  def new generation   total 9920K, used 8832K [0x0000120000200000, 0x0000120000cc0000, 0x000012000aca0000)
[7.112s][debug][gc,heap        ] GC(139)   eden space 8832K, 100% used [0x0000120000200000, 0x0000120000aa0000, 0x0000120000aa0000)
[7.112s][debug][gc,heap        ] GC(139)   from space 1088K,   0% used [0x0000120000bb0000, 0x0000120000bb01a0, 0x0000120000cc0000)
[7.112s][debug][gc,heap        ] GC(139)   to   space 1088K,   0% used [0x0000120000aa0000, 0x0000120000aa0000, 0x0000120000bb0000)
[7.112s][debug][gc,heap        ] GC(139)  tenured generation   total 21888K, used 2071K [0x000012000aca0000, 0x000012000c200000, 0x0000120020200000)
[7.112s][debug][gc,heap        ] GC(139)    the space 21888K,   9% used [0x000012000aca0000, 0x000012000aea5db8, 0x000012000aea5e00, 0x000012000c200000)
[7.112s][debug][gc,heap        ] GC(139)  Metaspace       used 369K, committed 512K, reserved 1114112K
[7.112s][debug][gc,heap        ] GC(139)   class space    used 63K, committed 128K, reserved 1048576K
[7.112s][debug][gc,tlab        ] GC(139) TLAB totals: thrds: 2  refills: 101 max: 51 slow allocs: 0 max 0 waste:  0.2% gc: 18656B max: 18656B slow: 2720B max: 1432B
[7.112s][debug][gc,ref         ] GC(139) Skipped SoftWeakFinalRefsPhase of Reference Processing: no references
[7.112s][debug][gc,ref         ] GC(139) Skipped KeepAliveFinalRefsPhase of Reference Processing: no references
[7.112s][debug][gc,ref         ] GC(139) Skipped PhantomRefsPhase of Reference Processing: no references
[7.112s][debug][gc,phases,ref  ] GC(139) Reference Processing: 0.0ms
[7.112s][debug][gc,phases,ref  ] GC(139)   Notify Soft/WeakReferences: 0.0ms
[7.112s][debug][gc,phases,ref  ] GC(139)     SoftRef: skipped
[7.112s][debug][gc,phases,ref  ] GC(139)     WeakRef: skipped
[7.112s][debug][gc,phases,ref  ] GC(139)     FinalRef: skipped
[7.112s][debug][gc,phases,ref  ] GC(139)     Total: skipped
[7.112s][debug][gc,phases,ref  ] GC(139)   Notify and keep alive finalizable: 0.0ms
[7.112s][debug][gc,phases,ref  ] GC(139)     FinalRef: skipped
[7.112s][debug][gc,phases,ref  ] GC(139)   Notify PhantomReferences: 0.0ms
[7.112s][debug][gc,phases,ref  ] GC(139)     PhantomRef: skipped
[7.112s][debug][gc,phases,ref  ] GC(139)   SoftReference Discovered: 0, Dropped: 0, Processed: 0
[7.112s][debug][gc,phases,ref  ] GC(139)   WeakReference Discovered: 0, Dropped: 0, Processed: 0
[7.112s][debug][gc,phases,ref  ] GC(139)   FinalReference Discovered: 0, Dropped: 0, Processed: 0
[7.112s][debug][gc,phases,ref  ] GC(139)   PhantomReference Discovered: 0, Dropped: 0, Processed: 0
[7.112s][debug][gc,age         ] GC(139) Desired survivor size 557056 bytes, new threshold 15 (max threshold 15)
[7.112s][info ][gc,heap        ] GC(139) DefNew: 8832K(9920K)->0K(9920K) Eden: 8832K(8832K)->0K(8832K) From: 0K(1088K)->0K(1088K)
[7.112s][info ][gc,heap        ] GC(139) Tenured: 2071K(21888K)->2071K(21888K)
[7.112s][info ][gc,metaspace   ] GC(139) Metaspace: 369K(512K)->369K(512K) NonClass: 306K(384K)->306K(384K) Class: 63K(128K)->63K(128K)
[7.112s][debug][gc,heap        ] GC(139) Heap after GC invocations=140 (full 4):
[7.112s][debug][gc,heap        ] GC(139)  def new generation   total 9920K, used 0K [0x0000120000200000, 0x0000120000cc0000, 0x000012000aca0000)
[7.112s][debug][gc,heap        ] GC(139)   eden space 8832K,   0% used [0x0000120000200000, 0x0000120000200000, 0x0000120000aa0000)
[7.112s][debug][gc,heap        ] GC(139)   from space 1088K,   0% used [0x0000120000aa0000, 0x0000120000aa0190, 0x0000120000bb0000)
[7.112s][debug][gc,heap        ] GC(139)   to   space 1088K,   0% used [0x0000120000bb0000, 0x0000120000bb0000, 0x0000120000cc0000)
[7.112s][debug][gc,heap        ] GC(139)  tenured generation   total 21888K, used 2071K [0x000012000aca0000, 0x000012000c200000, 0x0000120020200000)
[7.112s][debug][gc,heap        ] GC(139)    the space 21888K,   9% used [0x000012000aca0000, 0x000012000aea5db8, 0x000012000aea5e00, 0x000012000c200000)
[7.112s][debug][gc,heap        ] GC(139)  Metaspace       used 369K, committed 512K, reserved 1114112K
[7.112s][debug][gc,heap        ] GC(139)   class space    used 63K, committed 128K, reserved 1048576K
[7.112s][info ][gc             ] GC(139) Pause Young (Allocation Failure) 10M->2M(31M) 0.575ms
[7.112s][info ][gc,cpu         ] GC(139) User=0.00s Sys=0.00s Real=0.00s
[7.112s][info ][safepoint      ] Safepoint "GenCollectForAllocation", Time since last: 48667565 ns, Reaching safepoint: 3501 ns, Cleanup: 3558 ns, At safepoint: 619336 ns, Total: 626395 ns
[7.161s][info ][gc,start       ] GC(140) Pause Young (Allocation Failure)
[7.161s][debug][gc,heap        ] GC(140) Heap before GC invocations=140 (full 4):
[7.161s][debug][gc,heap        ] GC(140)  def new generation   total 9920K, used 8832K [0x0000120000200000, 0x0000120000cc0000, 0x000012000aca0000)
[7.161s][debug][gc,heap        ] GC(140)   eden space 8832K, 100% used [0x0000120000200000, 0x0000120000aa0000, 0x0000120000aa0000)
[7.161s][debug][gc,heap        ] GC(140)   from space 1088K,   0% used [0x0000120000aa0000, 0x0000120000aa0190, 0x0000120000bb0000)
[7.161s][debug][gc,heap        ] GC(140)   to   space 1088K,   0% used [0x0000120000bb0000, 0x0000120000bb0000, 0x0000120000cc0000)
[7.161s][debug][gc,heap        ] GC(140)  tenured generation   total 21888K, used 2071K [0x000012000aca0000, 0x000012000c200000, 0x0000120020200000)
[7.161s][debug][gc,heap        ] GC(140)    the space 21888K,   9% used [0x000012000aca0000, 0x000012000aea5db8, 0x000012000aea5e00, 0x000012000c200000)
[7.161s][debug][gc,heap        ] GC(140)  Metaspace       used 369K, committed 512K, reserved 1114112K
[7.161s][debug][gc,heap        ] GC(140)   class space    used 63K, committed 128K, reserved 1048576K
[7.161s][debug][gc,tlab        ] GC(140) TLAB totals: thrds: 2  refills: 101 max: 51 slow allocs: 0 max 0 waste:  0.0% gc: 0B max: 0B slow: 2248B max: 1312B
[7.161s][debug][gc,ref         ] GC(140) Skipped SoftWeakFinalRefsPhase of Reference Processing: no references
[7.161s][debug][gc,ref         ] GC(140) Skipped KeepAliveFinalRefsPhase of Reference Processing: no references
[7.161s][debug][gc,ref         ] GC(140) Skipped PhantomRefsPhase of Reference Processing: no references
[7.161s][debug][gc,phases,ref  ] GC(140) Reference Processing: 0.0ms
[7.161s][debug][gc,phases,ref  ] GC(140)   Notify Soft/WeakReferences: 0.0ms
[7.161s][debug][gc,phases,ref  ] GC(140)     SoftRef: skipped
[7.161s][debug][gc,phases,ref  ] GC(140)     WeakRef: skipped
[7.161s][debug][gc,phases,ref  ] GC(140)     FinalRef: skipped
[7.161s][debug][gc,phases,ref  ] GC(140)     Total: skipped
[7.161s][debug][gc,phases,ref  ] GC(140)   Notify and keep alive finalizable: 0.0ms
[7.161s][debug][gc,phases,ref  ] GC(140)     FinalRef: skipped
[7.161s][debug][gc,phases,ref  ] GC(140)   Notify PhantomReferences: 0.0ms
[7.161s][debug][gc,phases,ref  ] GC(140)     PhantomRef: skipped
[7.161s][debug][gc,phases,ref  ] GC(140)   SoftReference Discovered: 0, Dropped: 0, Processed: 0
[7.161s][debug][gc,phases,ref  ] GC(140)   WeakReference Discovered: 0, Dropped: 0, Processed: 0
[7.161s][debug][gc,phases,ref  ] GC(140)   FinalReference Discovered: 0, Dropped: 0, Processed: 0
[7.161s][debug][gc,phases,ref  ] GC(140)   PhantomReference Discovered: 0, Dropped: 0, Processed: 0
[7.161s][debug][gc,age         ] GC(140) Desired survivor size 557056 bytes, new threshold 15 (max threshold 15)
[7.161s][info ][gc,heap        ] GC(140) DefNew: 8832K(9920K)->0K(9920K) Eden: 8832K(8832K)->0K(8832K) From: 0K(1088K)->0K(1088K)
[7.161s][info ][gc,heap        ] GC(140) Tenured: 2071K(21888K)->2071K(21888K)
[7.161s][info ][gc,metaspace   ] GC(140) Metaspace: 369K(512K)->369K(512K) NonClass: 306K(384K)->306K(384K) Class: 63K(128K)->63K(128K)
[7.161s][debug][gc,heap        ] GC(140) Heap after GC invocations=141 (full 4):
[7.161s][debug][gc,heap        ] GC(140)  def new generation   total 9920K, used 0K [0x0000120000200000, 0x0000120000cc0000, 0x000012000aca0000)
[7.161s][debug][gc,heap        ] GC(140)   eden space 8832K,   0% used [0x0000120000200000, 0x0000120000200000, 0x0000120000aa0000)
[7.161s][debug][gc,heap        ] GC(140)   from space 1088K,   0% used [0x0000120000bb0000, 0x0000120000bb01b0, 0x0000120000cc0000)
[7.161s][debug][gc,heap        ] GC(140)   to   space 1088K,   0% used [0x0000120000aa0000, 0x0000120000aa0000, 0x0000120000bb0000)
[7.161s][debug][gc,heap        ] GC(140)  tenured generation   total 21888K, used 2071K [0x000012000aca0000, 0x000012000c200000, 0x0000120020200000)
[7.161s][debug][gc,heap        ] GC(140)    the space 21888K,   9% used [0x000012000aca0000, 0x000012000aea5db8, 0x000012000aea5e00, 0x000012000c200000)
[7.161s][debug][gc,heap        ] GC(140)  Metaspace       used 369K, committed 512K, reserved 1114112K
[7.161s][debug][gc,heap        ] GC(140)   class space    used 63K, committed 128K, reserved 1048576K
[7.161s][info ][gc             ] GC(140) Pause Young (Allocation Failure) 10M->2M(31M) 0.560ms
[7.161s][info ][gc,cpu         ] GC(140) User=0.00s Sys=0.00s Real=0.00s
[7.161s][info ][safepoint      ] Safepoint "GenCollectForAllocation", Time since last: 48471969 ns, Reaching safepoint: 3119 ns, Cleanup: 3581 ns, At safepoint: 596189 ns, Total: 602889 ns
[7.210s][info ][gc,start       ] GC(141) Pause Young (Allocation Failure)
[7.210s][debug][gc,heap        ] GC(141) Heap before GC invocations=141 (full 4):
[7.210s][debug][gc,heap        ] GC(141)  def new generation   total 9920K, used 8832K [0x0000120000200000, 0x0000120000cc0000, 0x000012000aca0000)
[7.210s][debug][gc,heap        ] GC(141)   eden space 8832K, 100% used [0x0000120000200000, 0x0000120000aa0000, 0x0000120000aa0000)
[7.210s][debug][gc,heap        ] GC(141)   from space 1088K,   0% used [0x0000120000bb0000, 0x0000120000bb01b0, 0x0000120000cc0000)
[7.210s][debug][gc,heap        ] GC(141)   to   space 1088K,   0% used [0x0000120000aa0000, 0x0000120000aa0000, 0x0000120000bb0000)
[7.210s][debug][gc,heap        ] GC(141)  tenured generation   total 21888K, used 2071K [0x000012000aca0000, 0x000012000c200000, 0x0000120020200000)
[7.210s][debug][gc,heap        ] GC(141)    the space 21888K,   9% used [0x000012000aca0000, 0x000012000aea5db8, 0x000012000aea5e00, 0x000012000c200000)
[7.210s][debug][gc,heap        ] GC(141)  Metaspace       used 369K, committed 512K, reserved 1114112K
[7.210s][debug][gc,heap        ] GC(141)   class space    used 63K, committed 128K, reserved 1048576K
[7.210s][debug][gc,tlab        ] GC(141) TLAB totals: thrds: 2  refills: 101 max: 51 slow allocs: 0 max 0 waste:  0.8% gc: 67136B max: 67136B slow: 1952B max: 976B
[7.210s][debug][gc,ref         ] GC(141) Skipped SoftWeakFinalRefsPhase of Reference Processing: no references
[7.210s][debug][gc,ref         ] GC(141) Skipped KeepAliveFinalRefsPhase of Reference Processing: no references
[7.210s][debug][gc,ref         ] GC(141) Skipped PhantomRefsPhase of Reference Processing: no references
[7.210s][debug][gc,phases,ref  ] GC(141) Reference Processing: 0.0ms
[7.210s][debug][gc,phases,ref  ] GC(141)   Notify Soft/WeakReferences: 0.0ms
[7.210s][debug][gc,phases,ref  ] GC(141)     SoftRef: skipped
[7.210s][debug][gc,phases,ref  ] GC(141)     WeakRef: skipped
[7.210s][debug][gc,phases,ref  ] GC(141)     FinalRef: skipped
[7.210s][debug][gc,phases,ref  ] GC(141)     Total: skipped
[7.210s][debug][gc,phases,ref  ] GC(141)   Notify and keep alive finalizable: 0.0ms
[7.210s][debug][gc,phases,ref  ] GC(141)     FinalRef: skipped
[7.210s][debug][gc,phases,ref  ] GC(141)   Notify PhantomReferences: 0.0ms
[7.210s][debug][gc,phases,ref  ] GC(141)     PhantomRef: skipped
[7.210s][debug][gc,phases,ref  ] GC(141)   SoftReference Discovered: 0, Dropped: 0, Processed: 0
[7.210s][debug][gc,phases,ref  ] GC(141)   WeakReference Discovered: 0, Dropped: 0, Processed: 0
[7.210s][debug][gc,phases,ref  ] GC(141)   FinalReference Discovered: 0, Dropped: 0, Processed: 0
[7.210s][debug][gc,phases,ref  ] GC(141)   PhantomReference Discovered: 0, Dropped: 0, Processed: 0
[7.210s][debug][gc,age         ] GC(141) Desired survivor size 557056 bytes, new threshold 15 (max threshold 15)
[7.210s][info ][gc,heap        ] GC(141) DefNew: 8832K(9920K)->0K(9920K) Eden: 8832K(8832K)->0K(8832K) From: 0K(1088K)->0K(1088K)
[7.210s][info ][gc,heap        ] GC(141) Tenured: 2071K(21888K)->2071K(21888K)
[7.210s][info ][gc,metaspace   ] GC(141) Metaspace: 369K(512K)->369K(512K) NonClass: 306K(384K)->306K(384K) Class: 63K(128K)->63K(128K)
[7.210s][debug][gc,heap        ] GC(141) Heap after GC invocations=142 (full 4):
[7.210s][debug][gc,heap        ] GC(141)  def new generation   total 9920K, used 0K [0x0000120000200000, 0x0000120000cc0000, 0x000012000aca0000)
[7.210s][debug][gc,heap        ] GC(141)   eden space 8832K,   0% used [0x0000120000200000, 0x0000120000200000, 0x0000120000aa0000)
[7.210s][debug][gc,heap        ] GC(141)   from space 1088K,   0% used [0x0000120000aa0000, 0x0000120000aa0178, 0x0000120000bb0000)
[7.210s][debug][gc,heap        ] GC(141)   to   space 1088K,   0% used [0x0000120000bb0000, 0x0000120000bb0000, 0x0000120000cc0000)
[7.210s][debug][gc,heap        ] GC(141)  tenured generation   total 21888K, used 2071K [0x000012000aca0000, 0x000012000c200000, 0x0000120020200000)
[7.210s][debug][gc,heap        ] GC(141)    the space 21888K,   9% used [0x000012000aca0000, 0x000012000aea5db8, 0x000012000aea5e00, 0x000012000c200000)
[7.210s][debug][gc,heap        ] GC(141)  Metaspace       used 369K, committed 512K, reserved 1114112K
[7.210s][debug][gc,heap        ] GC(141)   class space    used 63K, committed 128K, reserved 1048576K
[7.210s][info ][gc             ] GC(141) Pause Young (Allocation Failure) 10M->2M(31M) 0.559ms
[7.210s][info ][gc,cpu         ] GC(141) User=0.01s Sys=0.00s Real=0.00s
[7.210s][info ][safepoint      ] Safepoint "GenCollectForAllocation", Time since last: 48305755 ns, Reaching safepoint: 3133 ns, Cleanup: 3802 ns, At safepoint: 603183 ns, Total: 610118 ns
[7.259s][info ][gc,start       ] GC(142) Pause Young (Allocation Failure)
[7.259s][debug][gc,heap        ] GC(142) Heap before GC invocations=142 (full 4):
[7.259s][debug][gc,heap        ] GC(142)  def new generation   total 9920K, used 8832K [0x0000120000200000, 0x0000120000cc0000, 0x000012000aca0000)
[7.259s][debug][gc,heap        ] GC(142)   eden space 8832K, 100% used [0x0000120000200000, 0x0000120000aa0000, 0x0000120000aa0000)
[7.259s][debug][gc,heap        ] GC(142)   from space 1088K,   0% used [0x0000120000aa0000, 0x0000120000aa0178, 0x0000120000bb0000)
[7.259s][debug][gc,heap        ] GC(142)   to   space 1088K,   0% used [0x0000120000bb0000, 0x0000120000bb0000, 0x0000120000cc0000)
[7.259s][debug][gc,heap        ] GC(142)  tenured generation   total 21888K, used 2071K [0x000012000aca0000, 0x000012000c200000, 0x0000120020200000)
[7.259s][debug][gc,heap        ] GC(142)    the space 21888K,   9% used [0x000012000aca0000, 0x000012000aea5db8, 0x000012000aea5e00, 0x000012000c200000)
[7.259s][debug][gc,heap        ] GC(142)  Metaspace       used 369K, committed 512K, reserved 1114112K
[7.259s][debug][gc,heap        ] GC(142)   class space    used 63K, committed 128K, reserved 1048576K
[7.259s][debug][gc,tlab        ] GC(142) TLAB totals: thrds: 2  refills: 101 max: 51 slow allocs: 0 max 0 waste:  0.3% gc: 21040B max: 21040B slow: 2176B max: 1360B
[7.259s][debug][gc,ref         ] GC(142) Skipped SoftWeakFinalRefsPhase of Reference Processing: no references
[7.259s][debug][gc,ref         ] GC(142) Skipped KeepAliveFinalRefsPhase of Reference Processing: no references
[7.259s][debug][gc,ref         ] GC(142) Skipped PhantomRefsPhase of Reference Processing: no references
[7.259s][debug][gc,phases,ref  ] GC(142) Reference Processing: 0.0ms
[7.259s][debug][gc,phases,ref  ] GC(142)   Notify Soft/WeakReferences: 0.0ms
[7.259s][debug][gc,phases,ref  ] GC(142)     SoftRef: skipped
[7.259s][debug][gc,phases,ref  ] GC(142)     WeakRef: skipped
[7.259s][debug][gc,phases,ref  ] GC(142)     FinalRef: skipped
[7.259s][debug][gc,phases,ref  ] GC(142)     Total: skipped
[7.259s][debug][gc,phases,ref  ] GC(142)   Notify and keep alive finalizable: 0.0ms
[7.259s][debug][gc,phases,ref  ] GC(142)     FinalRef: skipped
[7.259s][debug][gc,phases,ref  ] GC(142)   Notify PhantomReferences: 0.0ms
[7.259s][debug][gc,phases,ref  ] GC(142)     PhantomRef: skipped
[7.259s][debug][gc,phases,ref  ] GC(142)   SoftReference Discovered: 0, Dropped: 0, Processed: 0
[7.259s][debug][gc,phases,ref  ] GC(142)   WeakReference Discovered: 0, Dropped: 0, Processed: 0
[7.259s][debug][gc,phases,ref  ] GC(142)   FinalReference Discovered: 0, Dropped: 0, Processed: 0
[7.259s][debug][gc,phases,ref  ] GC(142)   PhantomReference Discovered: 0, Dropped: 0, Processed: 0
[7.259s][debug][gc,age         ] GC(142) Desired survivor size 557056 bytes, new threshold 15 (max threshold 15)
[7.259s][info ][gc,heap        ] GC(142) DefNew: 8832K(9920K)->0K(9920K) Eden: 8832K(8832K)->0K(8832K) From: 0K(1088K)->0K(1088K)
[7.259s][info ][gc,heap        ] GC(142) Tenured: 2071K(21888K)->2071K(21888K)
[7.259s][info ][gc,metaspace   ] GC(142) Metaspace: 369K(512K)->369K(512K) NonClass: 306K(384K)->306K(384K) Class: 63K(128K)->63K(128K)
[7.259s][debug][gc,heap        ] GC(142) Heap after GC invocations=143 (full 4):
[7.259s][debug][gc,heap        ] GC(142)  def new generation   total 9920K, used 0K [0x0000120000200000, 0x0000120000cc0000, 0x000012000aca0000)
[7.259s][debug][gc,heap        ] GC(142)   eden space 8832K,   0% used [0x0000120000200000, 0x0000120000200000, 0x0000120000aa0000)
[7.259s][debug][gc,heap        ] GC(142)   from space 1088K,   0% used [0x0000120000bb0000, 0x0000120000bb00f8, 0x0000120000cc0000)
[7.259s][debug][gc,heap        ] GC(142)   to   space 1088K,   0% used [0x0000120000aa0000, 0x0000120000aa0000, 0x0000120000bb0000)
[7.259s][debug][gc,heap        ] GC(142)  tenured generation   total 21888K, used 2071K [0x000012000aca0000, 0x000012000c200000, 0x0000120020200000)
[7.259s][debug][gc,heap        ] GC(142)    the space 21888K,   9% used [0x000012000aca0000, 0x000012000aea5db8, 0x000012000aea5e00, 0x000012000c200000)
[7.259s][debug][gc,heap        ] GC(142)  Metaspace       used 369K, committed 512K, reserved 1114112K
[7.259s][debug][gc,heap        ] GC(142)   class space    used 63K, committed 128K, reserved 1048576K
[7.259s][info ][gc             ] GC(142) Pause Young (Allocation Failure) 10M->2M(31M) 0.562ms
[7.259s][info ][gc,cpu         ] GC(142) User=0.00s Sys=0.00s Real=0.00s
[7.259s][info ][safepoint      ] Safepoint "GenCollectForAllocation", Time since last: 48609307 ns, Reaching safepoint: 3574 ns, Cleanup: 3756 ns, At safepoint: 604735 ns, Total: 612065 ns
[7.308s][info ][gc,start       ] GC(143) Pause Young (Allocation Failure)
[7.308s][debug][gc,heap        ] GC(143) Heap before GC invocations=143 (full 4):
[7.308s][debug][gc,heap        ] GC(143)  def new generation   total 9920K, used 8832K [0x0000120000200000, 0x0000120000cc0000, 0x000012000aca0000)
[7.308s][debug][gc,heap        ] GC(143)   eden space 8832K, 100% used [0x0000120000200000, 0x0000120000aa0000, 0x0000120000aa0000)
[7.308s][debug][gc,heap        ] GC(143)   from space 1088K,   0% used [0x0000120000bb0000, 0x0000120000bb00f8, 0x0000120000cc0000)
[7.308s][debug][gc,heap        ] GC(143)   to   space 1088K,   0% used [0x0000120000aa0000, 0x0000120000aa0000, 0x0000120000bb0000)
[7.308s][debug][gc,heap        ] GC(143)  tenured generation   total 21888K, used 2071K [0x000012000aca0000, 0x000012000c200000, 0x0000120020200000)
[7.308s][debug][gc,heap        ] GC(143)    the space 21888K,   9% used [0x000012000aca0000, 0x000012000aea5db8, 0x000012000aea5e00, 0x000012000c200000)
[7.308s][debug][gc,heap        ] GC(143)  Metaspace       used 369K, committed 512K, reserved 1114112K
[7.308s][debug][gc,heap        ] GC(143)   class space    used 63K, committed 128K, reserved 1048576K
[7.308s][debug][gc,tlab        ] GC(143) TLAB totals: thrds: 2  refills: 101 max: 51 slow allocs: 0 max 0 waste:  0.2% gc: 12056B max: 12056B slow: 2144B max: 1304B
[7.308s][debug][gc,ref         ] GC(143) Skipped SoftWeakFinalRefsPhase of Reference Processing: no references
[7.308s][debug][gc,ref         ] GC(143) Skipped KeepAliveFinalRefsPhase of Reference Processing: no references
[7.308s][debug][gc,ref         ] GC(143) Skipped PhantomRefsPhase of Reference Processing: no references
[7.308s][debug][gc,phases,ref  ] GC(143) Reference Processing: 0.0ms
[7.308s][debug][gc,phases,ref  ] GC(143)   Notify Soft/WeakReferences: 0.0ms
[7.308s][debug][gc,phases,ref  ] GC(143)     SoftRef: skipped
[7.308s][debug][gc,phases,ref  ] GC(143)     WeakRef: skipped
[7.308s][debug][gc,phases,ref  ] GC(143)     FinalRef: skipped
[7.308s][debug][gc,phases,ref  ] GC(143)     Total: skipped
[7.308s][debug][gc,phases,ref  ] GC(143)   Notify and keep alive finalizable: 0.0ms
[7.308s][debug][gc,phases,ref  ] GC(143)     FinalRef: skipped
[7.308s][debug][gc,phases,ref  ] GC(143)   Notify PhantomReferences: 0.0ms
[7.308s][debug][gc,phases,ref  ] GC(143)     PhantomRef: skipped
[7.308s][debug][gc,phases,ref  ] GC(143)   SoftReference Discovered: 0, Dropped: 0, Processed: 0
[7.308s][debug][gc,phases,ref  ] GC(143)   WeakReference Discovered: 0, Dropped: 0, Processed: 0
[7.308s][debug][gc,phases,ref  ] GC(143)   FinalReference Discovered: 0, Dropped: 0, Processed: 0
[7.308s][debug][gc,phases,ref  ] GC(143)   PhantomReference Discovered: 0, Dropped: 0, Processed: 0
[7.308s][debug][gc,age         ] GC(143) Desired survivor size 557056 bytes, new threshold 15 (max threshold 15)
[7.308s][info ][gc,heap        ] GC(143) DefNew: 8832K(9920K)->0K(9920K) Eden: 8832K(8832K)->0K(8832K) From: 0K(1088K)->0K(1088K)
[7.308s][info ][gc,heap        ] GC(143) Tenured: 2071K(21888K)->2071K(21888K)
[7.308s][info ][gc,metaspace   ] GC(143) Metaspace: 369K(512K)->369K(512K) NonClass: 306K(384K)->306K(384K) Class: 63K(128K)->63K(128K)
[7.308s][debug][gc,heap        ] GC(143) Heap after GC invocations=144 (full 4):
[7.308s][debug][gc,heap        ] GC(143)  def new generation   total 9920K, used 0K [0x0000120000200000, 0x0000120000cc0000, 0x000012000aca0000)
[7.308s][debug][gc,heap        ] GC(143)   eden space 8832K,   0% used [0x0000120000200000, 0x0000120000200000, 0x0000120000aa0000)
[7.308s][debug][gc,heap        ] GC(143)   from space 1088K,   0% used [0x0000120000aa0000, 0x0000120000aa01c8, 0x0000120000bb0000)
[7.308s][debug][gc,heap        ] GC(143)   to   space 1088K,   0% used [0x0000120000bb0000, 0x0000120000bb0000, 0x0000120000cc0000)
[7.308s][debug][gc,heap        ] GC(143)  tenured generation   total 21888K, used 2071K [0x000012000aca0000, 0x000012000c200000, 0x0000120020200000)
[7.308s][debug][gc,heap        ] GC(143)    the space 21888K,   9% used [0x000012000aca0000, 0x000012000aea5db8, 0x000012000aea5e00, 0x000012000c200000)
[7.308s][debug][gc,heap        ] GC(143)  Metaspace       used 369K, committed 512K, reserved 1114112K
[7.308s][debug][gc,heap        ] GC(143)   class space    used 63K, committed 128K, reserved 1048576K
[7.308s][info ][gc             ] GC(143) Pause Young (Allocation Failure) 10M->2M(31M) 0.560ms
[7.308s][info ][gc,cpu         ] GC(143) User=0.00s Sys=0.00s Real=0.00s
[7.308s][info ][safepoint      ] Safepoint "GenCollectForAllocation", Time since last: 48277484 ns, Reaching safepoint: 3501 ns, Cleanup: 3667 ns, At safepoint: 603977 ns, Total: 611145 ns
[7.358s][info ][gc,start       ] GC(144) Pause Young (Allocation Failure)
[7.358s][debug][gc,heap        ] GC(144) Heap before GC invocations=144 (full 4):
[7.358s][debug][gc,heap        ] GC(144)  def new generation   total 9920K, used 8832K [0x0000120000200000, 0x0000120000cc0000, 0x000012000aca0000)
[7.358s][debug][gc,heap        ] GC(144)   eden space 8832K, 100% used [0x0000120000200000, 0x0000120000aa0000, 0x0000120000aa0000)
[7.358s][debug][gc,heap        ] GC(144)   from space 1088K,   0% used [0x0000120000aa0000, 0x0000120000aa01c8, 0x0000120000bb0000)
[7.358s][debug][gc,heap        ] GC(144)   to   space 1088K,   0% used [0x0000120000bb0000, 0x0000120000bb0000, 0x0000120000cc0000)
[7.358s][debug][gc,heap        ] GC(144)  tenured generation   total 21888K, used 2071K [0x000012000aca0000, 0x000012000c200000, 0x0000120020200000)
[7.358s][debug][gc,heap        ] GC(144)    the space 21888K,   9% used [0x000012000aca0000, 0x000012000aea5db8, 0x000012000aea5e00, 0x000012000c200000)
[7.358s][debug][gc,heap        ] GC(144)  Metaspace       used 369K, committed 512K, reserved 1114112K
[7.358s][debug][gc,heap        ] GC(144)   class space    used 63K, committed 128K, reserved 1048576K
[7.358s][debug][gc,tlab        ] GC(144) TLAB totals: thrds: 2  refills: 101 max: 52 slow allocs: 0 max 0 waste:  0.6% gc: 47416B max: 47416B slow: 2576B max: 1312B
[7.359s][debug][gc,ref         ] GC(144) Skipped SoftWeakFinalRefsPhase of Reference Processing: no references
[7.359s][debug][gc,ref         ] GC(144) Skipped KeepAliveFinalRefsPhase of Reference Processing: no references
[7.359s][debug][gc,ref         ] GC(144) Skipped PhantomRefsPhase of Reference Processing: no references
[7.359s][debug][gc,phases,ref  ] GC(144) Reference Processing: 0.0ms
[7.359s][debug][gc,phases,ref  ] GC(144)   Notify Soft/WeakReferences: 0.0ms
[7.359s][debug][gc,phases,ref  ] GC(144)     SoftRef: skipped
[7.359s][debug][gc,phases,ref  ] GC(144)     WeakRef: skipped
[7.359s][debug][gc,phases,ref  ] GC(144)     FinalRef: skipped
[7.359s][debug][gc,phases,ref  ] GC(144)     Total: skipped
[7.359s][debug][gc,phases,ref  ] GC(144)   Notify and keep alive finalizable: 0.0ms
[7.359s][debug][gc,phases,ref  ] GC(144)     FinalRef: skipped
[7.359s][debug][gc,phases,ref  ] GC(144)   Notify PhantomReferences: 0.0ms
[7.359s][debug][gc,phases,ref  ] GC(144)     PhantomRef: skipped
[7.359s][debug][gc,phases,ref  ] GC(144)   SoftReference Discovered: 0, Dropped: 0, Processed: 0
[7.359s][debug][gc,phases,ref  ] GC(144)   WeakReference Discovered: 0, Dropped: 0, Processed: 0
[7.359s][debug][gc,phases,ref  ] GC(144)   FinalReference Discovered: 0, Dropped: 0, Processed: 0
[7.359s][debug][gc,phases,ref  ] GC(144)   PhantomReference Discovered: 0, Dropped: 0, Processed: 0
[7.359s][debug][gc,age         ] GC(144) Desired survivor size 557056 bytes, new threshold 15 (max threshold 15)
[7.359s][info ][gc,heap        ] GC(144) DefNew: 8832K(9920K)->0K(9920K) Eden: 8832K(8832K)->0K(8832K) From: 0K(1088K)->0K(1088K)
[7.359s][info ][gc,heap        ] GC(144) Tenured: 2071K(21888K)->2071K(21888K)
[7.359s][info ][gc,metaspace   ] GC(144) Metaspace: 369K(512K)->369K(512K) NonClass: 306K(384K)->306K(384K) Class: 63K(128K)->63K(128K)
[7.359s][debug][gc,heap        ] GC(144) Heap after GC invocations=145 (full 4):
[7.359s][debug][gc,heap        ] GC(144)  def new generation   total 9920K, used 0K [0x0000120000200000, 0x0000120000cc0000, 0x000012000aca0000)
[7.359s][debug][gc,heap        ] GC(144)   eden space 8832K,   0% used [0x0000120000200000, 0x0000120000200000, 0x0000120000aa0000)
[7.359s][debug][gc,heap        ] GC(144)   from space 1088K,   0% used [0x0000120000bb0000, 0x0000120000bb0140, 0x0000120000cc0000)
[7.359s][debug][gc,heap        ] GC(144)   to   space 1088K,   0% used [0x0000120000aa0000, 0x0000120000aa0000, 0x0000120000bb0000)
[7.359s][debug][gc,heap        ] GC(144)  tenured generation   total 21888K, used 2071K [0x000012000aca0000, 0x000012000c200000, 0x0000120020200000)
[7.359s][debug][gc,heap        ] GC(144)    the space 21888K,   9% used [0x000012000aca0000, 0x000012000aea5db8, 0x000012000aea5e00, 0x000012000c200000)
[7.359s][debug][gc,heap        ] GC(144)  Metaspace       used 369K, committed 512K, reserved 1114112K
[7.359s][debug][gc,heap        ] GC(144)   class space    used 63K, committed 128K, reserved 1048576K
[7.359s][info ][gc             ] GC(144) Pause Young (Allocation Failure) 10M->2M(31M) 0.594ms
[7.359s][info ][gc,cpu         ] GC(144) User=0.00s Sys=0.00s Real=0.00s
[7.359s][info ][safepoint      ] Safepoint "GenCollectForAllocation", Time since last: 50030529 ns, Reaching safepoint: 3245 ns, Cleanup: 3119 ns, At safepoint: 635714 ns, Total: 642078 ns
[7.407s][info ][gc,start       ] GC(145) Pause Young (Allocation Failure)
[7.407s][debug][gc,heap        ] GC(145) Heap before GC invocations=145 (full 4):
[7.407s][debug][gc,heap        ] GC(145)  def new generation   total 9920K, used 8832K [0x0000120000200000, 0x0000120000cc0000, 0x000012000aca0000)
[7.407s][debug][gc,heap        ] GC(145)   eden space 8832K, 100% used [0x0000120000200000, 0x0000120000aa0000, 0x0000120000aa0000)
[7.407s][debug][gc,heap        ] GC(145)   from space 1088K,   0% used [0x0000120000bb0000, 0x0000120000bb0140, 0x0000120000cc0000)
[7.407s][debug][gc,heap        ] GC(145)   to   space 1088K,   0% used [0x0000120000aa0000, 0x0000120000aa0000, 0x0000120000bb0000)
[7.407s][debug][gc,heap        ] GC(145)  tenured generation   total 21888K, used 2071K [0x000012000aca0000, 0x000012000c200000, 0x0000120020200000)
[7.407s][debug][gc,heap        ] GC(145)    the space 21888K,   9% used [0x000012000aca0000, 0x000012000aea5db8, 0x000012000aea5e00, 0x000012000c200000)
[7.407s][debug][gc,heap        ] GC(145)  Metaspace       used 369K, committed 512K, reserved 1114112K
[7.407s][debug][gc,heap        ] GC(145)   class space    used 63K, committed 128K, reserved 1048576K
[7.407s][debug][gc,tlab        ] GC(145) TLAB totals: thrds: 2  refills: 101 max: 51 slow allocs: 0 max 0 waste:  0.5% gc: 43048B max: 43048B slow: 2408B max: 1432B
[7.407s][debug][gc,ref         ] GC(145) Skipped SoftWeakFinalRefsPhase of Reference Processing: no references
[7.407s][debug][gc,ref         ] GC(145) Skipped KeepAliveFinalRefsPhase of Reference Processing: no references
[7.407s][debug][gc,ref         ] GC(145) Skipped PhantomRefsPhase of Reference Processing: no references
[7.407s][debug][gc,phases,ref  ] GC(145) Reference Processing: 0.0ms
[7.407s][debug][gc,phases,ref  ] GC(145)   Notify Soft/WeakReferences: 0.0ms
[7.407s][debug][gc,phases,ref  ] GC(145)     SoftRef: skipped
[7.407s][debug][gc,phases,ref  ] GC(145)     WeakRef: skipped
[7.407s][debug][gc,phases,ref  ] GC(145)     FinalRef: skipped
[7.407s][debug][gc,phases,ref  ] GC(145)     Total: skipped
[7.407s][debug][gc,phases,ref  ] GC(145)   Notify and keep alive finalizable: 0.0ms
[7.407s][debug][gc,phases,ref  ] GC(145)     FinalRef: skipped
[7.407s][debug][gc,phases,ref  ] GC(145)   Notify PhantomReferences: 0.0ms
[7.407s][debug][gc,phases,ref  ] GC(145)     PhantomRef: skipped
[7.407s][debug][gc,phases,ref  ] GC(145)   SoftReference Discovered: 0, Dropped: 0, Processed: 0
[7.407s][debug][gc,phases,ref  ] GC(145)   WeakReference Discovered: 0, Dropped: 0, Processed: 0
[7.407s][debug][gc,phases,ref  ] GC(145)   FinalReference Discovered: 0, Dropped: 0, Processed: 0
[7.407s][debug][gc,phases,ref  ] GC(145)   PhantomReference Discovered: 0, Dropped: 0, Processed: 0
[7.407s][debug][gc,age         ] GC(145) Desired survivor size 557056 bytes, new threshold 15 (max threshold 15)
[7.407s][info ][gc,heap        ] GC(145) DefNew: 8832K(9920K)->0K(9920K) Eden: 8832K(8832K)->0K(8832K) From: 0K(1088K)->0K(1088K)
[7.407s][info ][gc,heap        ] GC(145) Tenured: 2071K(21888K)->2071K(21888K)
[7.407s][info ][gc,metaspace   ] GC(145) Metaspace: 369K(512K)->369K(512K) NonClass: 306K(384K)->306K(384K) Class: 63K(128K)->63K(128K)
[7.407s][debug][gc,heap        ] GC(145) Heap after GC invocations=146 (full 4):
[7.407s][debug][gc,heap        ] GC(145)  def new generation   total 9920K, used 0K [0x0000120000200000, 0x0000120000cc0000, 0x000012000aca0000)
[7.407s][debug][gc,heap        ] GC(145)   eden space 8832K,   0% used [0x0000120000200000, 0x0000120000200000, 0x0000120000aa0000)
[7.407s][debug][gc,heap        ] GC(145)   from space 1088K,   0% used [0x0000120000aa0000, 0x0000120000aa0148, 0x0000120000bb0000)
[7.407s][debug][gc,heap        ] GC(145)   to   space 1088K,   0% used [0x0000120000bb0000, 0x0000120000bb0000, 0x0000120000cc0000)
[7.407s][debug][gc,heap        ] GC(145)  tenured generation   total 21888K, used 2071K [0x000012000aca0000, 0x000012000c200000, 0x0000120020200000)
[7.407s][debug][gc,heap        ] GC(145)    the space 21888K,   9% used [0x000012000aca0000, 0x000012000aea5db8, 0x000012000aea5e00, 0x000012000c200000)
[7.407s][debug][gc,heap        ] GC(145)  Metaspace       used 369K, committed 512K, reserved 1114112K
[7.407s][debug][gc,heap        ] GC(145)   class space    used 63K, committed 128K, reserved 1048576K
[7.407s][info ][gc             ] GC(145) Pause Young (Allocation Failure) 10M->2M(31M) 0.577ms
[7.407s][info ][gc,cpu         ] GC(145) User=0.00s Sys=0.00s Real=0.00s
[7.407s][info ][safepoint      ] Safepoint "GenCollectForAllocation", Time since last: 47647192 ns, Reaching safepoint: 3461 ns, Cleanup: 3524 ns, At safepoint: 618550 ns, Total: 625535 ns
[7.455s][info ][gc,start       ] GC(146) Pause Young (Allocation Failure)
[7.455s][debug][gc,heap        ] GC(146) Heap before GC invocations=146 (full 4):
[7.455s][debug][gc,heap        ] GC(146)  def new generation   total 9920K, used 8832K [0x0000120000200000, 0x0000120000cc0000, 0x000012000aca0000)
[7.455s][debug][gc,heap        ] GC(146)   eden space 8832K, 100% used [0x0000120000200000, 0x0000120000aa0000, 0x0000120000aa0000)
[7.455s][debug][gc,heap        ] GC(146)   from space 1088K,   0% used [0x0000120000aa0000, 0x0000120000aa0148, 0x0000120000bb0000)
[7.455s][debug][gc,heap        ] GC(146)   to   space 1088K,   0% used [0x0000120000bb0000, 0x0000120000bb0000, 0x0000120000cc0000)
[7.455s][debug][gc,heap        ] GC(146)  tenured generation   total 21888K, used 2071K [0x000012000aca0000, 0x000012000c200000, 0x0000120020200000)
[7.455s][debug][gc,heap        ] GC(146)    the space 21888K,   9% used [0x000012000aca0000, 0x000012000aea5db8, 0x000012000aea5e00, 0x000012000c200000)
[7.455s][debug][gc,heap        ] GC(146)  Metaspace       used 369K, committed 512K, reserved 1114112K
[7.455s][debug][gc,heap        ] GC(146)   class space    used 63K, committed 128K, reserved 1048576K
[7.455s][debug][gc,tlab        ] GC(146) TLAB totals: thrds: 2  refills: 101 max: 51 slow allocs: 0 max 0 waste:  0.3% gc: 21168B max: 21168B slow: 2648B max: 1344B
[7.455s][debug][gc,ref         ] GC(146) Skipped SoftWeakFinalRefsPhase of Reference Processing: no references
[7.455s][debug][gc,ref         ] GC(146) Skipped KeepAliveFinalRefsPhase of Reference Processing: no references
[7.455s][debug][gc,ref         ] GC(146) Skipped PhantomRefsPhase of Reference Processing: no references
[7.455s][debug][gc,phases,ref  ] GC(146) Reference Processing: 0.0ms
[7.455s][debug][gc,phases,ref  ] GC(146)   Notify Soft/WeakReferences: 0.0ms
[7.455s][debug][gc,phases,ref  ] GC(146)     SoftRef: skipped
[7.455s][debug][gc,phases,ref  ] GC(146)     WeakRef: skipped
[7.455s][debug][gc,phases,ref  ] GC(146)     FinalRef: skipped
[7.455s][debug][gc,phases,ref  ] GC(146)     Total: skipped
[7.455s][debug][gc,phases,ref  ] GC(146)   Notify and keep alive finalizable: 0.0ms
[7.455s][debug][gc,phases,ref  ] GC(146)     FinalRef: skipped
[7.455s][debug][gc,phases,ref  ] GC(146)   Notify PhantomReferences: 0.0ms
[7.455s][debug][gc,phases,ref  ] GC(146)     PhantomRef: skipped
[7.455s][debug][gc,phases,ref  ] GC(146)   SoftReference Discovered: 0, Dropped: 0, Processed: 0
[7.455s][debug][gc,phases,ref  ] GC(146)   WeakReference Discovered: 0, Dropped: 0, Processed: 0
[7.455s][debug][gc,phases,ref  ] GC(146)   FinalReference Discovered: 0, Dropped: 0, Processed: 0
[7.455s][debug][gc,phases,ref  ] GC(146)   PhantomReference Discovered: 0, Dropped: 0, Processed: 0
[7.455s][debug][gc,age         ] GC(146) Desired survivor size 557056 bytes, new threshold 15 (max threshold 15)
[7.455s][info ][gc,heap        ] GC(146) DefNew: 8832K(9920K)->0K(9920K) Eden: 8832K(8832K)->0K(8832K) From: 0K(1088K)->0K(1088K)
[7.455s][info ][gc,heap        ] GC(146) Tenured: 2071K(21888K)->2071K(21888K)
[7.455s][info ][gc,metaspace   ] GC(146) Metaspace: 369K(512K)->369K(512K) NonClass: 306K(384K)->306K(384K) Class: 63K(128K)->63K(128K)
[7.455s][debug][gc,heap        ] GC(146) Heap after GC invocations=147 (full 4):
[7.455s][debug][gc,heap        ] GC(146)  def new generation   total 9920K, used 0K [0x0000120000200000, 0x0000120000cc0000, 0x000012000aca0000)
[7.455s][debug][gc,heap        ] GC(146)   eden space 8832K,   0% used [0x0000120000200000, 0x0000120000200000, 0x0000120000aa0000)
[7.455s][debug][gc,heap        ] GC(146)   from space 1088K,   0% used [0x0000120000bb0000, 0x0000120000bb0110, 0x0000120000cc0000)
[7.455s][debug][gc,heap        ] GC(146)   to   space 1088K,   0% used [0x0000120000aa0000, 0x0000120000aa0000, 0x0000120000bb0000)
[7.455s][debug][gc,heap        ] GC(146)  tenured generation   total 21888K, used 2071K [0x000012000aca0000, 0x000012000c200000, 0x0000120020200000)
[7.455s][debug][gc,heap        ] GC(146)    the space 21888K,   9% used [0x000012000aca0000, 0x000012000aea5db8, 0x000012000aea5e00, 0x000012000c200000)
[7.455s][debug][gc,heap        ] GC(146)  Metaspace       used 369K, committed 512K, reserved 1114112K
[7.455s][debug][gc,heap        ] GC(146)   class space    used 63K, committed 128K, reserved 1048576K
[7.455s][info ][gc             ] GC(146) Pause Young (Allocation Failure) 10M->2M(31M) 0.550ms
[7.455s][info ][gc,cpu         ] GC(146) User=0.00s Sys=0.00s Real=0.00s
[7.455s][info ][safepoint      ] Safepoint "GenCollectForAllocation", Time since last: 47342646 ns, Reaching safepoint: 13670 ns, Cleanup: 3095 ns, At safepoint: 591101 ns, Total: 607866 ns
[7.503s][info ][gc,start       ] GC(147) Pause Young (Allocation Failure)
[7.503s][debug][gc,heap        ] GC(147) Heap before GC invocations=147 (full 4):
[7.503s][debug][gc,heap        ] GC(147)  def new generation   total 9920K, used 8832K [0x0000120000200000, 0x0000120000cc0000, 0x000012000aca0000)
[7.503s][debug][gc,heap        ] GC(147)   eden space 8832K, 100% used [0x0000120000200000, 0x0000120000aa0000, 0x0000120000aa0000)
[7.503s][debug][gc,heap        ] GC(147)   from space 1088K,   0% used [0x0000120000bb0000, 0x0000120000bb0110, 0x0000120000cc0000)
[7.503s][debug][gc,heap        ] GC(147)   to   space 1088K,   0% used [0x0000120000aa0000, 0x0000120000aa0000, 0x0000120000bb0000)
[7.503s][debug][gc,heap        ] GC(147)  tenured generation   total 21888K, used 2071K [0x000012000aca0000, 0x000012000c200000, 0x0000120020200000)
[7.503s][debug][gc,heap        ] GC(147)    the space 21888K,   9% used [0x000012000aca0000, 0x000012000aea5db8, 0x000012000aea5e00, 0x000012000c200000)
[7.503s][debug][gc,heap        ] GC(147)  Metaspace       used 369K, committed 512K, reserved 1114112K
[7.503s][debug][gc,heap        ] GC(147)   class space    used 63K, committed 128K, reserved 1048576K
[7.503s][debug][gc,tlab        ] GC(147) TLAB totals: thrds: 2  refills: 101 max: 51 slow allocs: 0 max 0 waste:  0.1% gc: 3096B max: 3096B slow: 2896B max: 1456B
[7.503s][debug][gc,ref         ] GC(147) Skipped SoftWeakFinalRefsPhase of Reference Processing: no references
[7.504s][debug][gc,ref         ] GC(147) Skipped KeepAliveFinalRefsPhase of Reference Processing: no references
[7.504s][debug][gc,ref         ] GC(147) Skipped PhantomRefsPhase of Reference Processing: no references
[7.504s][debug][gc,phases,ref  ] GC(147) Reference Processing: 0.0ms
[7.504s][debug][gc,phases,ref  ] GC(147)   Notify Soft/WeakReferences: 0.0ms
[7.504s][debug][gc,phases,ref  ] GC(147)     SoftRef: skipped
[7.504s][debug][gc,phases,ref  ] GC(147)     WeakRef: skipped
[7.504s][debug][gc,phases,ref  ] GC(147)     FinalRef: skipped
[7.504s][debug][gc,phases,ref  ] GC(147)     Total: skipped
[7.504s][debug][gc,phases,ref  ] GC(147)   Notify and keep alive finalizable: 0.0ms
[7.504s][debug][gc,phases,ref  ] GC(147)     FinalRef: skipped
[7.504s][debug][gc,phases,ref  ] GC(147)   Notify PhantomReferences: 0.0ms
[7.504s][debug][gc,phases,ref  ] GC(147)     PhantomRef: skipped
[7.504s][debug][gc,phases,ref  ] GC(147)   SoftReference Discovered: 0, Dropped: 0, Processed: 0
[7.504s][debug][gc,phases,ref  ] GC(147)   WeakReference Discovered: 0, Dropped: 0, Processed: 0
[7.504s][debug][gc,phases,ref  ] GC(147)   FinalReference Discovered: 0, Dropped: 0, Processed: 0
[7.504s][debug][gc,phases,ref  ] GC(147)   PhantomReference Discovered: 0, Dropped: 0, Processed: 0
[7.504s][debug][gc,age         ] GC(147) Desired survivor size 557056 bytes, new threshold 15 (max threshold 15)
[7.504s][info ][gc,heap        ] GC(147) DefNew: 8832K(9920K)->0K(9920K) Eden: 8832K(8832K)->0K(8832K) From: 0K(1088K)->0K(1088K)
[7.504s][info ][gc,heap        ] GC(147) Tenured: 2071K(21888K)->2071K(21888K)
[7.504s][info ][gc,metaspace   ] GC(147) Metaspace: 369K(512K)->369K(512K) NonClass: 306K(384K)->306K(384K) Class: 63K(128K)->63K(128K)
[7.504s][debug][gc,heap        ] GC(147) Heap after GC invocations=148 (full 4):
[7.504s][debug][gc,heap        ] GC(147)  def new generation   total 9920K, used 0K [0x0000120000200000, 0x0000120000cc0000, 0x000012000aca0000)
[7.504s][debug][gc,heap        ] GC(147)   eden space 8832K,   0% used [0x0000120000200000, 0x0000120000200000, 0x0000120000aa0000)
[7.504s][debug][gc,heap        ] GC(147)   from space 1088K,   0% used [0x0000120000aa0000, 0x0000120000aa00f8, 0x0000120000bb0000)
[7.504s][debug][gc,heap        ] GC(147)   to   space 1088K,   0% used [0x0000120000bb0000, 0x0000120000bb0000, 0x0000120000cc0000)
[7.504s][debug][gc,heap        ] GC(147)  tenured generation   total 21888K, used 2071K [0x000012000aca0000, 0x000012000c200000, 0x0000120020200000)
[7.504s][debug][gc,heap        ] GC(147)    the space 21888K,   9% used [0x000012000aca0000, 0x000012000aea5db8, 0x000012000aea5e00, 0x000012000c200000)
[7.504s][debug][gc,heap        ] GC(147)  Metaspace       used 369K, committed 512K, reserved 1114112K
[7.504s][debug][gc,heap        ] GC(147)   class space    used 63K, committed 128K, reserved 1048576K
[7.504s][info ][gc             ] GC(147) Pause Young (Allocation Failure) 10M->2M(31M) 0.677ms
[7.504s][info ][gc,cpu         ] GC(147) User=0.00s Sys=0.00s Real=0.00s
[7.504s][info ][safepoint      ] Safepoint "GenCollectForAllocation", Time since last: 47877558 ns, Reaching safepoint: 77427 ns, Cleanup: 3293 ns, At safepoint: 719291 ns, Total: 800011 ns
[7.551s][info ][gc,start       ] GC(148) Pause Young (Allocation Failure)
[7.551s][debug][gc,heap        ] GC(148) Heap before GC invocations=148 (full 4):
[7.551s][debug][gc,heap        ] GC(148)  def new generation   total 9920K, used 8832K [0x0000120000200000, 0x0000120000cc0000, 0x000012000aca0000)
[7.551s][debug][gc,heap        ] GC(148)   eden space 8832K, 100% used [0x0000120000200000, 0x0000120000aa0000, 0x0000120000aa0000)
[7.551s][debug][gc,heap        ] GC(148)   from space 1088K,   0% used [0x0000120000aa0000, 0x0000120000aa00f8, 0x0000120000bb0000)
[7.551s][debug][gc,heap        ] GC(148)   to   space 1088K,   0% used [0x0000120000bb0000, 0x0000120000bb0000, 0x0000120000cc0000)
[7.552s][debug][gc,heap        ] GC(148)  tenured generation   total 21888K, used 2071K [0x000012000aca0000, 0x000012000c200000, 0x0000120020200000)
[7.552s][debug][gc,heap        ] GC(148)    the space 21888K,   9% used [0x000012000aca0000, 0x000012000aea5db8, 0x000012000aea5e00, 0x000012000c200000)
[7.552s][debug][gc,heap        ] GC(148)  Metaspace       used 369K, committed 512K, reserved 1114112K
[7.552s][debug][gc,heap        ] GC(148)   class space    used 63K, committed 128K, reserved 1048576K
[7.552s][debug][gc,tlab        ] GC(148) TLAB totals: thrds: 2  refills: 101 max: 51 slow allocs: 0 max 0 waste:  0.5% gc: 38664B max: 38664B slow: 2584B max: 1384B
[7.552s][debug][gc,ref         ] GC(148) Skipped SoftWeakFinalRefsPhase of Reference Processing: no references
[7.552s][debug][gc,ref         ] GC(148) Skipped KeepAliveFinalRefsPhase of Reference Processing: no references
[7.552s][debug][gc,ref         ] GC(148) Skipped PhantomRefsPhase of Reference Processing: no references
[7.552s][debug][gc,phases,ref  ] GC(148) Reference Processing: 0.0ms
[7.552s][debug][gc,phases,ref  ] GC(148)   Notify Soft/WeakReferences: 0.0ms
[7.552s][debug][gc,phases,ref  ] GC(148)     SoftRef: skipped
[7.552s][debug][gc,phases,ref  ] GC(148)     WeakRef: skipped
[7.552s][debug][gc,phases,ref  ] GC(148)     FinalRef: skipped
[7.552s][debug][gc,phases,ref  ] GC(148)     Total: skipped
[7.552s][debug][gc,phases,ref  ] GC(148)   Notify and keep alive finalizable: 0.0ms
[7.552s][debug][gc,phases,ref  ] GC(148)     FinalRef: skipped
[7.552s][debug][gc,phases,ref  ] GC(148)   Notify PhantomReferences: 0.0ms
[7.552s][debug][gc,phases,ref  ] GC(148)     PhantomRef: skipped
[7.552s][debug][gc,phases,ref  ] GC(148)   SoftReference Discovered: 0, Dropped: 0, Processed: 0
[7.552s][debug][gc,phases,ref  ] GC(148)   WeakReference Discovered: 0, Dropped: 0, Processed: 0
[7.552s][debug][gc,phases,ref  ] GC(148)   FinalReference Discovered: 0, Dropped: 0, Processed: 0
[7.552s][debug][gc,phases,ref  ] GC(148)   PhantomReference Discovered: 0, Dropped: 0, Processed: 0
[7.552s][debug][gc,age         ] GC(148) Desired survivor size 557056 bytes, new threshold 15 (max threshold 15)
[7.552s][info ][gc,heap        ] GC(148) DefNew: 8832K(9920K)->0K(9920K) Eden: 8832K(8832K)->0K(8832K) From: 0K(1088K)->0K(1088K)
[7.552s][info ][gc,heap        ] GC(148) Tenured: 2071K(21888K)->2071K(21888K)
[7.552s][info ][gc,metaspace   ] GC(148) Metaspace: 369K(512K)->369K(512K) NonClass: 306K(384K)->306K(384K) Class: 63K(128K)->63K(128K)
[7.552s][debug][gc,heap        ] GC(148) Heap after GC invocations=149 (full 4):
[7.552s][debug][gc,heap        ] GC(148)  def new generation   total 9920K, used 0K [0x0000120000200000, 0x0000120000cc0000, 0x000012000aca0000)
[7.552s][debug][gc,heap        ] GC(148)   eden space 8832K,   0% used [0x0000120000200000, 0x0000120000200000, 0x0000120000aa0000)
[7.552s][debug][gc,heap        ] GC(148)   from space 1088K,   0% used [0x0000120000bb0000, 0x0000120000bb0168, 0x0000120000cc0000)
[7.552s][debug][gc,heap        ] GC(148)   to   space 1088K,   0% used [0x0000120000aa0000, 0x0000120000aa0000, 0x0000120000bb0000)
[7.552s][debug][gc,heap        ] GC(148)  tenured generation   total 21888K, used 2071K [0x000012000aca0000, 0x000012000c200000, 0x0000120020200000)
[7.552s][debug][gc,heap        ] GC(148)    the space 21888K,   9% used [0x000012000aca0000, 0x000012000aea5db8, 0x000012000aea5e00, 0x000012000c200000)
[7.552s][debug][gc,heap        ] GC(148)  Metaspace       used 369K, committed 512K, reserved 1114112K
[7.552s][debug][gc,heap        ] GC(148)   class space    used 63K, committed 128K, reserved 1048576K
[7.552s][info ][gc             ] GC(148) Pause Young (Allocation Failure) 10M->2M(31M) 0.553ms
[7.552s][info ][gc,cpu         ] GC(148) User=0.00s Sys=0.00s Real=0.00s
[7.552s][info ][safepoint      ] Safepoint "GenCollectForAllocation", Time since last: 47532855 ns, Reaching safepoint: 3352 ns, Cleanup: 3775 ns, At safepoint: 596860 ns, Total: 603987 ns
[7.599s][info ][gc,start       ] GC(149) Pause Young (Allocation Failure)
[7.600s][debug][gc,heap        ] GC(149) Heap before GC invocations=149 (full 4):
[7.600s][debug][gc,heap        ] GC(149)  def new generation   total 9920K, used 8832K [0x0000120000200000, 0x0000120000cc0000, 0x000012000aca0000)
[7.600s][debug][gc,heap        ] GC(149)   eden space 8832K, 100% used [0x0000120000200000, 0x0000120000aa0000, 0x0000120000aa0000)
[7.600s][debug][gc,heap        ] GC(149)   from space 1088K,   0% used [0x0000120000bb0000, 0x0000120000bb0168, 0x0000120000cc0000)
[7.600s][debug][gc,heap        ] GC(149)   to   space 1088K,   0% used [0x0000120000aa0000, 0x0000120000aa0000, 0x0000120000bb0000)
[7.600s][debug][gc,heap        ] GC(149)  tenured generation   total 21888K, used 2071K [0x000012000aca0000, 0x000012000c200000, 0x0000120020200000)
[7.600s][debug][gc,heap        ] GC(149)    the space 21888K,   9% used [0x000012000aca0000, 0x000012000aea5db8, 0x000012000aea5e00, 0x000012000c200000)
[7.600s][debug][gc,heap        ] GC(149)  Metaspace       used 369K, committed 512K, reserved 1114112K
[7.600s][debug][gc,heap        ] GC(149)   class space    used 63K, committed 128K, reserved 1048576K
[7.600s][debug][gc,tlab        ] GC(149) TLAB totals: thrds: 2  refills: 101 max: 52 slow allocs: 0 max 0 waste:  0.2% gc: 15120B max: 15120B slow: 3056B max: 1768B
[7.600s][debug][gc,ref         ] GC(149) Skipped SoftWeakFinalRefsPhase of Reference Processing: no references
[7.600s][debug][gc,ref         ] GC(149) Skipped KeepAliveFinalRefsPhase of Reference Processing: no references
[7.600s][debug][gc,ref         ] GC(149) Skipped PhantomRefsPhase of Reference Processing: no references
[7.600s][debug][gc,phases,ref  ] GC(149) Reference Processing: 0.0ms
[7.600s][debug][gc,phases,ref  ] GC(149)   Notify Soft/WeakReferences: 0.0ms
[7.600s][debug][gc,phases,ref  ] GC(149)     SoftRef: skipped
[7.600s][debug][gc,phases,ref  ] GC(149)     WeakRef: skipped
[7.600s][debug][gc,phases,ref  ] GC(149)     FinalRef: skipped
[7.600s][debug][gc,phases,ref  ] GC(149)     Total: skipped
[7.600s][debug][gc,phases,ref  ] GC(149)   Notify and keep alive finalizable: 0.0ms
[7.600s][debug][gc,phases,ref  ] GC(149)     FinalRef: skipped
[7.600s][debug][gc,phases,ref  ] GC(149)   Notify PhantomReferences: 0.0ms
[7.600s][debug][gc,phases,ref  ] GC(149)     PhantomRef: skipped
[7.600s][debug][gc,phases,ref  ] GC(149)   SoftReference Discovered: 0, Dropped: 0, Processed: 0
[7.600s][debug][gc,phases,ref  ] GC(149)   WeakReference Discovered: 0, Dropped: 0, Processed: 0
[7.600s][debug][gc,phases,ref  ] GC(149)   FinalReference Discovered: 0, Dropped: 0, Processed: 0
[7.600s][debug][gc,phases,ref  ] GC(149)   PhantomReference Discovered: 0, Dropped: 0, Processed: 0
[7.600s][debug][gc,age         ] GC(149) Desired survivor size 557056 bytes, new threshold 15 (max threshold 15)
[7.600s][info ][gc,heap        ] GC(149) DefNew: 8832K(9920K)->0K(9920K) Eden: 8832K(8832K)->0K(8832K) From: 0K(1088K)->0K(1088K)
[7.600s][info ][gc,heap        ] GC(149) Tenured: 2071K(21888K)->2071K(21888K)
[7.600s][info ][gc,metaspace   ] GC(149) Metaspace: 369K(512K)->369K(512K) NonClass: 306K(384K)->306K(384K) Class: 63K(128K)->63K(128K)
[7.600s][debug][gc,heap        ] GC(149) Heap after GC invocations=150 (full 4):
[7.600s][debug][gc,heap        ] GC(149)  def new generation   total 9920K, used 0K [0x0000120000200000, 0x0000120000cc0000, 0x000012000aca0000)
[7.600s][debug][gc,heap        ] GC(149)   eden space 8832K,   0% used [0x0000120000200000, 0x0000120000200000, 0x0000120000aa0000)
[7.600s][debug][gc,heap        ] GC(149)   from space 1088K,   0% used [0x0000120000aa0000, 0x0000120000aa0100, 0x0000120000bb0000)
[7.600s][debug][gc,heap        ] GC(149)   to   space 1088K,   0% used [0x0000120000bb0000, 0x0000120000bb0000, 0x0000120000cc0000)
[7.600s][debug][gc,heap        ] GC(149)  tenured generation   total 21888K, used 2071K [0x000012000aca0000, 0x000012000c200000, 0x0000120020200000)
[7.600s][debug][gc,heap        ] GC(149)    the space 21888K,   9% used [0x000012000aca0000, 0x000012000aea5db8, 0x000012000aea5e00, 0x000012000c200000)
[7.600s][debug][gc,heap        ] GC(149)  Metaspace       used 369K, committed 512K, reserved 1114112K
[7.600s][debug][gc,heap        ] GC(149)   class space    used 63K, committed 128K, reserved 1048576K
[7.600s][info ][gc             ] GC(149) Pause Young (Allocation Failure) 10M->2M(31M) 0.550ms
[7.600s][info ][gc,cpu         ] GC(149) User=0.00s Sys=0.00s Real=0.00s
[7.600s][info ][safepoint      ] Safepoint "GenCollectForAllocation", Time since last: 47452574 ns, Reaching safepoint: 3461 ns, Cleanup: 3784 ns, At safepoint: 595070 ns, Total: 602315 ns
[7.648s][info ][gc,start       ] GC(150) Pause Young (Allocation Failure)
[7.648s][debug][gc,heap        ] GC(150) Heap before GC invocations=150 (full 4):
[7.648s][debug][gc,heap        ] GC(150)  def new generation   total 9920K, used 8832K [0x0000120000200000, 0x0000120000cc0000, 0x000012000aca0000)
[7.648s][debug][gc,heap        ] GC(150)   eden space 8832K, 100% used [0x0000120000200000, 0x0000120000aa0000, 0x0000120000aa0000)
[7.648s][debug][gc,heap        ] GC(150)   from space 1088K,   0% used [0x0000120000aa0000, 0x0000120000aa0100, 0x0000120000bb0000)
[7.648s][debug][gc,heap        ] GC(150)   to   space 1088K,   0% used [0x0000120000bb0000, 0x0000120000bb0000, 0x0000120000cc0000)
[7.648s][debug][gc,heap        ] GC(150)  tenured generation   total 21888K, used 2071K [0x000012000aca0000, 0x000012000c200000, 0x0000120020200000)
[7.648s][debug][gc,heap        ] GC(150)    the space 21888K,   9% used [0x000012000aca0000, 0x000012000aea5db8, 0x000012000aea5e00, 0x000012000c200000)
[7.648s][debug][gc,heap        ] GC(150)  Metaspace       used 369K, committed 512K, reserved 1114112K
[7.648s][debug][gc,heap        ] GC(150)   class space    used 63K, committed 128K, reserved 1048576K
[7.648s][debug][gc,tlab        ] GC(150) TLAB totals: thrds: 2  refills: 101 max: 52 slow allocs: 0 max 0 waste:  0.7% gc: 59144B max: 59144B slow: 2816B max: 1408B
[7.648s][debug][gc,ref         ] GC(150) Skipped SoftWeakFinalRefsPhase of Reference Processing: no references
[7.648s][debug][gc,ref         ] GC(150) Skipped KeepAliveFinalRefsPhase of Reference Processing: no references
[7.648s][debug][gc,ref         ] GC(150) Skipped PhantomRefsPhase of Reference Processing: no references
[7.648s][debug][gc,phases,ref  ] GC(150) Reference Processing: 0.0ms
[7.648s][debug][gc,phases,ref  ] GC(150)   Notify Soft/WeakReferences: 0.0ms
[7.648s][debug][gc,phases,ref  ] GC(150)     SoftRef: skipped
[7.648s][debug][gc,phases,ref  ] GC(150)     WeakRef: skipped
[7.648s][debug][gc,phases,ref  ] GC(150)     FinalRef: skipped
[7.648s][debug][gc,phases,ref  ] GC(150)     Total: skipped
[7.648s][debug][gc,phases,ref  ] GC(150)   Notify and keep alive finalizable: 0.0ms
[7.648s][debug][gc,phases,ref  ] GC(150)     FinalRef: skipped
[7.648s][debug][gc,phases,ref  ] GC(150)   Notify PhantomReferences: 0.0ms
[7.648s][debug][gc,phases,ref  ] GC(150)     PhantomRef: skipped
[7.648s][debug][gc,phases,ref  ] GC(150)   SoftReference Discovered: 0, Dropped: 0, Processed: 0
[7.648s][debug][gc,phases,ref  ] GC(150)   WeakReference Discovered: 0, Dropped: 0, Processed: 0
[7.648s][debug][gc,phases,ref  ] GC(150)   FinalReference Discovered: 0, Dropped: 0, Processed: 0
[7.648s][debug][gc,phases,ref  ] GC(150)   PhantomReference Discovered: 0, Dropped: 0, Processed: 0
[7.648s][debug][gc,age         ] GC(150) Desired survivor size 557056 bytes, new threshold 15 (max threshold 15)
[7.648s][info ][gc,heap        ] GC(150) DefNew: 8832K(9920K)->0K(9920K) Eden: 8832K(8832K)->0K(8832K) From: 0K(1088K)->0K(1088K)
[7.648s][info ][gc,heap        ] GC(150) Tenured: 2071K(21888K)->2071K(21888K)
[7.648s][info ][gc,metaspace   ] GC(150) Metaspace: 369K(512K)->369K(512K) NonClass: 306K(384K)->306K(384K) Class: 63K(128K)->63K(128K)
[7.648s][debug][gc,heap        ] GC(150) Heap after GC invocations=151 (full 4):
[7.648s][debug][gc,heap        ] GC(150)  def new generation   total 9920K, used 0K [0x0000120000200000, 0x0000120000cc0000, 0x000012000aca0000)
[7.648s][debug][gc,heap        ] GC(150)   eden space 8832K,   0% used [0x0000120000200000, 0x0000120000200000, 0x0000120000aa0000)
[7.648s][debug][gc,heap        ] GC(150)   from space 1088K,   0% used [0x0000120000bb0000, 0x0000120000bb00d0, 0x0000120000cc0000)
[7.649s][debug][gc,heap        ] GC(150)   to   space 1088K,   0% used [0x0000120000aa0000, 0x0000120000aa0000, 0x0000120000bb0000)
[7.649s][debug][gc,heap        ] GC(150)  tenured generation   total 21888K, used 2071K [0x000012000aca0000, 0x000012000c200000, 0x0000120020200000)
[7.649s][debug][gc,heap        ] GC(150)    the space 21888K,   9% used [0x000012000aca0000, 0x000012000aea5db8, 0x000012000aea5e00, 0x000012000c200000)
[7.649s][debug][gc,heap        ] GC(150)  Metaspace       used 369K, committed 512K, reserved 1114112K
[7.649s][debug][gc,heap        ] GC(150)   class space    used 63K, committed 128K, reserved 1048576K
[7.649s][info ][gc             ] GC(150) Pause Young (Allocation Failure) 10M->2M(31M) 0.683ms
[7.649s][info ][gc,cpu         ] GC(150) User=0.00s Sys=0.00s Real=0.00s
[7.649s][info ][safepoint      ] Safepoint "GenCollectForAllocation", Time since last: 47807009 ns, Reaching safepoint: 3263 ns, Cleanup: 3791 ns, At safepoint: 728607 ns, Total: 735661 ns
[7.696s][info ][gc,start       ] GC(151) Pause Young (Allocation Failure)
[7.696s][debug][gc,heap        ] GC(151) Heap before GC invocations=151 (full 4):
[7.696s][debug][gc,heap        ] GC(151)  def new generation   total 9920K, used 8832K [0x0000120000200000, 0x0000120000cc0000, 0x000012000aca0000)
[7.696s][debug][gc,heap        ] GC(151)   eden space 8832K, 100% used [0x0000120000200000, 0x0000120000aa0000, 0x0000120000aa0000)
[7.696s][debug][gc,heap        ] GC(151)   from space 1088K,   0% used [0x0000120000bb0000, 0x0000120000bb00d0, 0x0000120000cc0000)
[7.696s][debug][gc,heap        ] GC(151)   to   space 1088K,   0% used [0x0000120000aa0000, 0x0000120000aa0000, 0x0000120000bb0000)
[7.696s][debug][gc,heap        ] GC(151)  tenured generation   total 21888K, used 2071K [0x000012000aca0000, 0x000012000c200000, 0x0000120020200000)
[7.696s][debug][gc,heap        ] GC(151)    the space 21888K,   9% used [0x000012000aca0000, 0x000012000aea5db8, 0x000012000aea5e00, 0x000012000c200000)
[7.696s][debug][gc,heap        ] GC(151)  Metaspace       used 369K, committed 512K, reserved 1114112K
[7.696s][debug][gc,heap        ] GC(151)   class space    used 63K, committed 128K, reserved 1048576K
[7.696s][debug][gc,tlab        ] GC(151) TLAB totals: thrds: 2  refills: 101 max: 51 slow allocs: 0 max 0 waste:  0.5% gc: 43936B max: 43936B slow: 2952B max: 1512B
[7.696s][debug][gc,ref         ] GC(151) Skipped SoftWeakFinalRefsPhase of Reference Processing: no references
[7.696s][debug][gc,ref         ] GC(151) Skipped KeepAliveFinalRefsPhase of Reference Processing: no references
[7.696s][debug][gc,ref         ] GC(151) Skipped PhantomRefsPhase of Reference Processing: no references
[7.696s][debug][gc,phases,ref  ] GC(151) Reference Processing: 0.0ms
[7.696s][debug][gc,phases,ref  ] GC(151)   Notify Soft/WeakReferences: 0.0ms
[7.696s][debug][gc,phases,ref  ] GC(151)     SoftRef: skipped
[7.696s][debug][gc,phases,ref  ] GC(151)     WeakRef: skipped
[7.696s][debug][gc,phases,ref  ] GC(151)     FinalRef: skipped
[7.696s][debug][gc,phases,ref  ] GC(151)     Total: skipped
[7.696s][debug][gc,phases,ref  ] GC(151)   Notify and keep alive finalizable: 0.0ms
[7.696s][debug][gc,phases,ref  ] GC(151)     FinalRef: skipped
[7.696s][debug][gc,phases,ref  ] GC(151)   Notify PhantomReferences: 0.0ms
[7.696s][debug][gc,phases,ref  ] GC(151)     PhantomRef: skipped
[7.696s][debug][gc,phases,ref  ] GC(151)   SoftReference Discovered: 0, Dropped: 0, Processed: 0
[7.696s][debug][gc,phases,ref  ] GC(151)   WeakReference Discovered: 0, Dropped: 0, Processed: 0
[7.696s][debug][gc,phases,ref  ] GC(151)   FinalReference Discovered: 0, Dropped: 0, Processed: 0
[7.696s][debug][gc,phases,ref  ] GC(151)   PhantomReference Discovered: 0, Dropped: 0, Processed: 0
[7.696s][debug][gc,age         ] GC(151) Desired survivor size 557056 bytes, new threshold 15 (max threshold 15)
[7.696s][info ][gc,heap        ] GC(151) DefNew: 8832K(9920K)->0K(9920K) Eden: 8832K(8832K)->0K(8832K) From: 0K(1088K)->0K(1088K)
[7.696s][info ][gc,heap        ] GC(151) Tenured: 2071K(21888K)->2071K(21888K)
[7.696s][info ][gc,metaspace   ] GC(151) Metaspace: 369K(512K)->369K(512K) NonClass: 306K(384K)->306K(384K) Class: 63K(128K)->63K(128K)
[7.696s][debug][gc,heap        ] GC(151) Heap after GC invocations=152 (full 4):
[7.696s][debug][gc,heap        ] GC(151)  def new generation   total 9920K, used 0K [0x0000120000200000, 0x0000120000cc0000, 0x000012000aca0000)
[7.696s][debug][gc,heap        ] GC(151)   eden space 8832K,   0% used [0x0000120000200000, 0x0000120000200000, 0x0000120000aa0000)
[7.696s][debug][gc,heap        ] GC(151)   from space 1088K,   0% used [0x0000120000aa0000, 0x0000120000aa01a8, 0x0000120000bb0000)
[7.696s][debug][gc,heap        ] GC(151)   to   space 1088K,   0% used [0x0000120000bb0000, 0x0000120000bb0000, 0x0000120000cc0000)
[7.696s][debug][gc,heap        ] GC(151)  tenured generation   total 21888K, used 2071K [0x000012000aca0000, 0x000012000c200000, 0x0000120020200000)
[7.696s][debug][gc,heap        ] GC(151)    the space 21888K,   9% used [0x000012000aca0000, 0x000012000aea5db8, 0x000012000aea5e00, 0x000012000c200000)
[7.696s][debug][gc,heap        ] GC(151)  Metaspace       used 369K, committed 512K, reserved 1114112K
[7.696s][debug][gc,heap        ] GC(151)   class space    used 63K, committed 128K, reserved 1048576K
[7.696s][info ][gc             ] GC(151) Pause Young (Allocation Failure) 10M->2M(31M) 0.553ms
[7.697s][info ][gc,cpu         ] GC(151) User=0.00s Sys=0.00s Real=0.00s
[7.697s][info ][safepoint      ] Safepoint "GenCollectForAllocation", Time since last: 47328430 ns, Reaching safepoint: 3675 ns, Cleanup: 3740 ns, At safepoint: 597596 ns, Total: 605011 ns
[7.704s][info ][gc,start       ] GC(152) Pause Full (System.gc())
[7.704s][debug][gc,heap        ] GC(152) Heap before GC invocations=152 (full 4):
[7.704s][debug][gc,heap        ] GC(152)  def new generation   total 9920K, used 1406K [0x0000120000200000, 0x0000120000cc0000, 0x000012000aca0000)
[7.704s][debug][gc,heap        ] GC(152)   eden space 8832K,  15% used [0x0000120000200000, 0x000012000035fa20, 0x0000120000aa0000)
[7.704s][debug][gc,heap        ] GC(152)   from space 1088K,   0% used [0x0000120000aa0000, 0x0000120000aa01a8, 0x0000120000bb0000)
[7.704s][debug][gc,heap        ] GC(152)   to   space 1088K,   0% used [0x0000120000bb0000, 0x0000120000bb0000, 0x0000120000cc0000)
[7.704s][debug][gc,heap        ] GC(152)  tenured generation   total 21888K, used 2071K [0x000012000aca0000, 0x000012000c200000, 0x0000120020200000)
[7.704s][debug][gc,heap        ] GC(152)    the space 21888K,   9% used [0x000012000aca0000, 0x000012000aea5db8, 0x000012000aea5e00, 0x000012000c200000)
[7.704s][debug][gc,heap        ] GC(152)  Metaspace       used 369K, committed 512K, reserved 1114112K
[7.704s][debug][gc,heap        ] GC(152)   class space    used 63K, committed 128K, reserved 1048576K
[7.704s][debug][gc,tlab        ] GC(152) TLAB totals: thrds: 2  refills: 16 max: 8 slow allocs: 0 max 0 waste:  1.4% gc: 19408B max: 9776B slow: 352B max: 192B
[7.704s][info ][gc,phases,start] GC(152) Phase 1: Mark live objects
[7.707s][debug][gc,phases,start] GC(152) Reference Processing
[7.708s][debug][gc,ref         ] GC(152) ReferenceProcessor::execute queues: 1, RefProcThreadModel::Single, marks_oops_alive: false
[7.708s][debug][gc,ref         ] GC(152) Skipped KeepAliveFinalRefsPhase of Reference Processing: no references
[7.708s][debug][gc,ref         ] GC(152) ReferenceProcessor::execute queues: 1, RefProcThreadModel::Single, marks_oops_alive: false
[7.708s][debug][gc,phases,ref  ] GC(152) Reference Processing: 0.1ms
[7.708s][debug][gc,phases,ref  ] GC(152)   Notify Soft/WeakReferences: 0.1ms
[7.708s][debug][gc,phases,ref  ] GC(152)     SoftRef: 0.0ms
[7.708s][debug][gc,phases,ref  ] GC(152)     WeakRef: 0.0ms
[7.708s][debug][gc,phases,ref  ] GC(152)     FinalRef: 0.0ms
[7.708s][debug][gc,phases,ref  ] GC(152)     Total: 0.0ms
[7.708s][debug][gc,phases,ref  ] GC(152)   Notify and keep alive finalizable: 0.0ms
[7.708s][debug][gc,phases,ref  ] GC(152)     FinalRef: skipped
[7.708s][debug][gc,phases,ref  ] GC(152)   Notify PhantomReferences: 0.0ms
[7.708s][debug][gc,phases,ref  ] GC(152)     PhantomRef: 0.0ms
[7.708s][debug][gc,phases,ref  ] GC(152)   SoftReference Discovered: 0, Dropped: 0, Processed: 0
[7.708s][debug][gc,phases,ref  ] GC(152)   WeakReference Discovered: 11, Dropped: 11, Processed: 0
[7.708s][debug][gc,phases,ref  ] GC(152)   FinalReference Discovered: 0, Dropped: 0, Processed: 0
[7.708s][debug][gc,phases,ref  ] GC(152)   PhantomReference Discovered: 4, Dropped: 4, Processed: 0
[7.708s][debug][gc,phases      ] GC(152) Reference Processing 0.122ms
[7.708s][debug][gc,phases,start] GC(152) Weak Processing
[7.708s][debug][gc,phases      ] GC(152) Weak Processing 0.015ms
[7.708s][debug][gc,phases,start] GC(152) Class Unloading
[7.708s][debug][gc,phases,start] GC(152) ClassLoaderData
[7.708s][debug][gc,phases      ] GC(152) ClassLoaderData 0.004ms
[7.708s][debug][gc,phases,start] GC(152) Trigger cleanups
[7.708s][debug][gc,phases      ] GC(152) Trigger cleanups 0.002ms
[7.708s][debug][gc,phases,start] GC(152) Purge Unlinked NMethods
[7.708s][debug][gc,phases      ] GC(152) Purge Unlinked NMethods 0.003ms
[7.708s][debug][gc,phases,start] GC(152) Unregister NMethods
[7.708s][debug][gc,phases      ] GC(152) Unregister NMethods 0.002ms
[7.708s][debug][gc,phases,start] GC(152) Free Code Blobs
[7.708s][debug][gc,phases      ] GC(152) Free Code Blobs 0.003ms
[7.708s][debug][gc,phases      ] GC(152) Class Unloading 0.052ms
[7.708s][debug][gc,phases,start] GC(152) Report Object Count
[7.708s][debug][gc,phases      ] GC(152) Report Object Count 0.003ms
[7.708s][info ][gc,phases      ] GC(152) Phase 1: Mark live objects 3.382ms
[7.708s][info ][gc,phases,start] GC(152) Phase 2: Compute new object addresses
[7.708s][info ][gc,phases      ] GC(152) Phase 2: Compute new object addresses 0.652ms
[7.708s][info ][gc,phases,start] GC(152) Phase 3: Adjust pointers
[7.709s][info ][gc,phases      ] GC(152) Phase 3: Adjust pointers 0.606ms
[7.709s][info ][gc,phases,start] GC(152) Phase 4: Move objects
[7.709s][info ][gc,phases      ] GC(152) Phase 4: Move objects 0.004ms
[7.709s][info ][gc,heap        ] GC(152) DefNew: 1406K(9920K)->0K(9920K) Eden: 1406K(8832K)->0K(8832K) From: 0K(1088K)->0K(1088K)
[7.709s][info ][gc,heap        ] GC(152) Tenured: 2071K(21888K)->2071K(21888K)
[7.709s][info ][gc,metaspace   ] GC(152) Metaspace: 369K(512K)->369K(512K) NonClass: 306K(384K)->306K(384K) Class: 63K(128K)->63K(128K)
[7.709s][debug][gc,heap        ] GC(152) Heap after GC invocations=153 (full 5):
[7.709s][debug][gc,heap        ] GC(152)  def new generation   total 9920K, used 0K [0x0000120000200000, 0x0000120000cc0000, 0x000012000aca0000)
[7.709s][debug][gc,heap        ] GC(152)   eden space 8832K,   0% used [0x0000120000200000, 0x0000120000200000, 0x0000120000aa0000)
[7.709s][debug][gc,heap        ] GC(152)   from space 1088K,   0% used [0x0000120000aa0000, 0x0000120000aa0000, 0x0000120000bb0000)
[7.709s][debug][gc,heap        ] GC(152)   to   space 1088K,   0% used [0x0000120000bb0000, 0x0000120000bb0000, 0x0000120000cc0000)
[7.709s][debug][gc,heap        ] GC(152)  tenured generation   total 21888K, used 2071K [0x000012000aca0000, 0x000012000c200000, 0x0000120020200000)
[7.709s][debug][gc,heap        ] GC(152)    the space 21888K,   9% used [0x000012000aca0000, 0x000012000aea5e78, 0x000012000aea6000, 0x000012000c200000)
[7.709s][debug][gc,heap        ] GC(152)  Metaspace       used 369K, committed 512K, reserved 1114112K
[7.709s][debug][gc,heap        ] GC(152)   class space    used 63K, committed 128K, reserved 1048576K
[7.709s][info ][gc             ] GC(152) Pause Full (System.gc()) 3M->2M(31M) 4.899ms
[7.709s][info ][gc,cpu         ] GC(152) User=0.01s Sys=0.00s Real=0.00s
[7.709s][info ][safepoint      ] Safepoint "GenCollectFull", Time since last: 7560739 ns, Reaching safepoint: 3085 ns, Cleanup: 3509 ns, At safepoint: 4919903 ns, Total: 4926497 ns
[7.734s][info ][gc,start       ] GC(153) Pause Full (System.gc())
[7.734s][debug][gc,heap        ] GC(153) Heap before GC invocations=153 (full 5):
[7.734s][debug][gc,heap        ] GC(153)  def new generation   total 9920K, used 3129K [0x0000120000200000, 0x0000120000cc0000, 0x000012000aca0000)
[7.734s][debug][gc,heap        ] GC(153)   eden space 8832K,  35% used [0x0000120000200000, 0x000012000050e6b8, 0x0000120000aa0000)
[7.734s][debug][gc,heap        ] GC(153)   from space 1088K,   0% used [0x0000120000aa0000, 0x0000120000aa0000, 0x0000120000bb0000)
[7.734s][debug][gc,heap        ] GC(153)   to   space 1088K,   0% used [0x0000120000bb0000, 0x0000120000bb0000, 0x0000120000cc0000)
[7.734s][debug][gc,heap        ] GC(153)  tenured generation   total 21888K, used 2071K [0x000012000aca0000, 0x000012000c200000, 0x0000120020200000)
[7.734s][debug][gc,heap        ] GC(153)    the space 21888K,   9% used [0x000012000aca0000, 0x000012000aea5e78, 0x000012000aea6000, 0x000012000c200000)
[7.734s][debug][gc,heap        ] GC(153)  Metaspace       used 369K, committed 512K, reserved 1114112K
[7.734s][debug][gc,heap        ] GC(153)   class space    used 63K, committed 128K, reserved 1048576K
[7.734s][debug][gc,tlab        ] GC(153) TLAB totals: thrds: 2  refills: 36 max: 26 slow allocs: 0 max 0 waste:  1.7% gc: 53168B max: 37304B slow: 936B max: 720B
[7.734s][info ][gc,phases,start] GC(153) Phase 1: Mark live objects
[7.737s][debug][gc,phases,start] GC(153) Reference Processing
[7.737s][debug][gc,ref         ] GC(153) ReferenceProcessor::execute queues: 1, RefProcThreadModel::Single, marks_oops_alive: false
[7.737s][debug][gc,ref         ] GC(153) Skipped KeepAliveFinalRefsPhase of Reference Processing: no references
[7.737s][debug][gc,ref         ] GC(153) ReferenceProcessor::execute queues: 1, RefProcThreadModel::Single, marks_oops_alive: false
[7.737s][debug][gc,phases,ref  ] GC(153) Reference Processing: 0.1ms
[7.737s][debug][gc,phases,ref  ] GC(153)   Notify Soft/WeakReferences: 0.1ms
[7.737s][debug][gc,phases,ref  ] GC(153)     SoftRef: 0.0ms
[7.737s][debug][gc,phases,ref  ] GC(153)     WeakRef: 0.0ms
[7.737s][debug][gc,phases,ref  ] GC(153)     FinalRef: 0.0ms
[7.737s][debug][gc,phases,ref  ] GC(153)     Total: 0.0ms
[7.737s][debug][gc,phases,ref  ] GC(153)   Notify and keep alive finalizable: 0.0ms
[7.737s][debug][gc,phases,ref  ] GC(153)     FinalRef: skipped
[7.737s][debug][gc,phases,ref  ] GC(153)   Notify PhantomReferences: 0.0ms
[7.737s][debug][gc,phases,ref  ] GC(153)     PhantomRef: 0.0ms
[7.737s][debug][gc,phases,ref  ] GC(153)   SoftReference Discovered: 0, Dropped: 0, Processed: 0
[7.737s][debug][gc,phases,ref  ] GC(153)   WeakReference Discovered: 11, Dropped: 11, Processed: 0
[7.737s][debug][gc,phases,ref  ] GC(153)   FinalReference Discovered: 0, Dropped: 0, Processed: 0
[7.737s][debug][gc,phases,ref  ] GC(153)   PhantomReference Discovered: 4, Dropped: 4, Processed: 0
[7.737s][debug][gc,phases      ] GC(153) Reference Processing 0.189ms
[7.737s][debug][gc,phases,start] GC(153) Weak Processing
[7.737s][debug][gc,phases      ] GC(153) Weak Processing 0.017ms
[7.737s][debug][gc,phases,start] GC(153) Class Unloading
[7.737s][debug][gc,phases,start] GC(153) ClassLoaderData
[7.737s][debug][gc,phases      ] GC(153) ClassLoaderData 0.007ms
[7.737s][debug][gc,phases,start] GC(153) Trigger cleanups
[7.737s][debug][gc,phases      ] GC(153) Trigger cleanups 0.005ms
[7.737s][debug][gc,phases,start] GC(153) Purge Unlinked NMethods
[7.737s][debug][gc,phases      ] GC(153) Purge Unlinked NMethods 0.005ms
[7.737s][debug][gc,phases,start] GC(153) Unregister NMethods
[7.737s][debug][gc,phases      ] GC(153) Unregister NMethods 0.005ms
[7.737s][debug][gc,phases,start] GC(153) Free Code Blobs
[7.737s][debug][gc,phases      ] GC(153) Free Code Blobs 0.006ms
[7.737s][debug][gc,phases      ] GC(153) Class Unloading 0.073ms
[7.737s][debug][gc,phases,start] GC(153) Report Object Count
[7.737s][debug][gc,phases      ] GC(153) Report Object Count 0.005ms
[7.737s][info ][gc,phases      ] GC(153) Phase 1: Mark live objects 2.639ms
[7.737s][info ][gc,phases,start] GC(153) Phase 2: Compute new object addresses
[7.739s][info ][gc,phases      ] GC(153) Phase 2: Compute new object addresses 2.170ms
[7.739s][info ][gc,phases,start] GC(153) Phase 3: Adjust pointers
[7.741s][info ][gc,phases      ] GC(153) Phase 3: Adjust pointers 1.614ms
[7.741s][info ][gc,phases,start] GC(153) Phase 4: Move objects
[7.741s][info ][gc,phases      ] GC(153) Phase 4: Move objects 0.009ms
[7.741s][info ][gc,heap        ] GC(153) DefNew: 3129K(9920K)->0K(9920K) Eden: 3129K(8832K)->0K(8832K) From: 0K(1088K)->0K(1088K)
[7.741s][info ][gc,heap        ] GC(153) Tenured: 2071K(21888K)->2071K(21888K)
[7.741s][info ][gc,metaspace   ] GC(153) Metaspace: 369K(512K)->369K(512K) NonClass: 306K(384K)->306K(384K) Class: 63K(128K)->63K(128K)
[7.741s][debug][gc,heap        ] GC(153) Heap after GC invocations=154 (full 6):
[7.741s][debug][gc,heap        ] GC(153)  def new generation   total 9920K, used 0K [0x0000120000200000, 0x0000120000cc0000, 0x000012000aca0000)
[7.741s][debug][gc,heap        ] GC(153)   eden space 8832K,   0% used [0x0000120000200000, 0x0000120000200000, 0x0000120000aa0000)
[7.741s][debug][gc,heap        ] GC(153)   from space 1088K,   0% used [0x0000120000aa0000, 0x0000120000aa0000, 0x0000120000bb0000)
[7.741s][debug][gc,heap        ] GC(153)   to   space 1088K,   0% used [0x0000120000bb0000, 0x0000120000bb0000, 0x0000120000cc0000)
[7.741s][debug][gc,heap        ] GC(153)  tenured generation   total 21888K, used 2071K [0x000012000aca0000, 0x000012000c200000, 0x0000120020200000)
[7.741s][debug][gc,heap        ] GC(153)    the space 21888K,   9% used [0x000012000aca0000, 0x000012000aea5f88, 0x000012000aea6000, 0x000012000c200000)
[7.741s][debug][gc,heap        ] GC(153)  Metaspace       used 369K, committed 512K, reserved 1114112K
[7.741s][debug][gc,heap        ] GC(153)   class space    used 63K, committed 128K, reserved 1048576K
[7.741s][info ][gc             ] GC(153) Pause Full (System.gc()) 5M->2M(31M) 6.706ms
[7.741s][info ][gc,cpu         ] GC(153) User=0.01s Sys=0.00s Real=0.00s
[7.741s][info ][safepoint      ] Safepoint "GenCollectFull", Time since last: 25247364 ns, Reaching safepoint: 69793 ns, Cleanup: 2206 ns, At safepoint: 6739891 ns, Total: 6811890 ns
[7.796s][info ][gc,start       ] GC(154) Pause Young (Allocation Failure)
[7.796s][debug][gc,heap        ] GC(154) Heap before GC invocations=154 (full 6):
[7.796s][debug][gc,heap        ] GC(154)  def new generation   total 9920K, used 8832K [0x0000120000200000, 0x0000120000cc0000, 0x000012000aca0000)
[7.796s][debug][gc,heap        ] GC(154)   eden space 8832K, 100% used [0x0000120000200000, 0x0000120000aa0000, 0x0000120000aa0000)
[7.796s][debug][gc,heap        ] GC(154)   from space 1088K,   0% used [0x0000120000aa0000, 0x0000120000aa0000, 0x0000120000bb0000)
[7.796s][debug][gc,heap        ] GC(154)   to   space 1088K,   0% used [0x0000120000bb0000, 0x0000120000bb0000, 0x0000120000cc0000)
[7.796s][debug][gc,heap        ] GC(154)  tenured generation   total 21888K, used 2071K [0x000012000aca0000, 0x000012000c200000, 0x0000120020200000)
[7.796s][debug][gc,heap        ] GC(154)    the space 21888K,   9% used [0x000012000aca0000, 0x000012000aea5f88, 0x000012000aea6000, 0x000012000c200000)
[7.796s][debug][gc,heap        ] GC(154)  Metaspace       used 369K, committed 512K, reserved 1114112K
[7.796s][debug][gc,heap        ] GC(154)   class space    used 63K, committed 128K, reserved 1048576K
[7.796s][debug][gc,tlab        ] GC(154) TLAB totals: thrds: 2  refills: 101 max: 56 slow allocs: 0 max 0 waste:  0.4% gc: 32544B max: 32544B slow: 2760B max: 1552B
[7.796s][debug][gc,ref         ] GC(154) Skipped SoftWeakFinalRefsPhase of Reference Processing: no references
[7.796s][debug][gc,ref         ] GC(154) Skipped KeepAliveFinalRefsPhase of Reference Processing: no references
[7.796s][debug][gc,ref         ] GC(154) Skipped PhantomRefsPhase of Reference Processing: no references
[7.796s][debug][gc,phases,ref  ] GC(154) Reference Processing: 0.0ms
[7.796s][debug][gc,phases,ref  ] GC(154)   Notify Soft/WeakReferences: 0.0ms
[7.796s][debug][gc,phases,ref  ] GC(154)     SoftRef: skipped
[7.796s][debug][gc,phases,ref  ] GC(154)     WeakRef: skipped
[7.796s][debug][gc,phases,ref  ] GC(154)     FinalRef: skipped
[7.796s][debug][gc,phases,ref  ] GC(154)     Total: skipped
[7.796s][debug][gc,phases,ref  ] GC(154)   Notify and keep alive finalizable: 0.0ms
[7.796s][debug][gc,phases,ref  ] GC(154)     FinalRef: skipped
[7.796s][debug][gc,phases,ref  ] GC(154)   Notify PhantomReferences: 0.0ms
[7.796s][debug][gc,phases,ref  ] GC(154)     PhantomRef: skipped
[7.796s][debug][gc,phases,ref  ] GC(154)   SoftReference Discovered: 0, Dropped: 0, Processed: 0
[7.796s][debug][gc,phases,ref  ] GC(154)   WeakReference Discovered: 0, Dropped: 0, Processed: 0
[7.796s][debug][gc,phases,ref  ] GC(154)   FinalReference Discovered: 0, Dropped: 0, Processed: 0
[7.796s][debug][gc,phases,ref  ] GC(154)   PhantomReference Discovered: 0, Dropped: 0, Processed: 0
[7.796s][debug][gc,age         ] GC(154) Desired survivor size 557056 bytes, new threshold 15 (max threshold 15)
[7.796s][info ][gc,heap        ] GC(154) DefNew: 8832K(9920K)->0K(9920K) Eden: 8832K(8832K)->0K(8832K) From: 0K(1088K)->0K(1088K)
[7.796s][info ][gc,heap        ] GC(154) Tenured: 2071K(21888K)->2071K(21888K)
[7.796s][info ][gc,metaspace   ] GC(154) Metaspace: 369K(512K)->369K(512K) NonClass: 306K(384K)->306K(384K) Class: 63K(128K)->63K(128K)
[7.796s][debug][gc,heap        ] GC(154) Heap after GC invocations=155 (full 6):
[7.796s][debug][gc,heap        ] GC(154)  def new generation   total 9920K, used 0K [0x0000120000200000, 0x0000120000cc0000, 0x000012000aca0000)
[7.796s][debug][gc,heap        ] GC(154)   eden space 8832K,   0% used [0x0000120000200000, 0x0000120000200000, 0x0000120000aa0000)
[7.796s][debug][gc,heap        ] GC(154)   from space 1088K,   0% used [0x0000120000bb0000, 0x0000120000bb0130, 0x0000120000cc0000)
[7.796s][debug][gc,heap        ] GC(154)   to   space 1088K,   0% used [0x0000120000aa0000, 0x0000120000aa0000, 0x0000120000bb0000)
[7.796s][debug][gc,heap        ] GC(154)  tenured generation   total 21888K, used 2071K [0x000012000aca0000, 0x000012000c200000, 0x0000120020200000)
[7.796s][debug][gc,heap        ] GC(154)    the space 21888K,   9% used [0x000012000aca0000, 0x000012000aea5f88, 0x000012000aea6000, 0x000012000c200000)
[7.796s][debug][gc,heap        ] GC(154)  Metaspace       used 369K, committed 512K, reserved 1114112K
[7.796s][debug][gc,heap        ] GC(154)   class space    used 63K, committed 128K, reserved 1048576K
[7.796s][info ][gc             ] GC(154) Pause Young (Allocation Failure) 10M->2M(31M) 0.616ms
[7.796s][info ][gc,cpu         ] GC(154) User=0.01s Sys=0.00s Real=0.00s
[7.796s][info ][safepoint      ] Safepoint "GenCollectForAllocation", Time since last: 54628758 ns, Reaching safepoint: 76781 ns, Cleanup: 3352 ns, At safepoint: 656866 ns, Total: 736999 ns
[7.852s][info ][gc,start       ] GC(155) Pause Young (Allocation Failure)
[7.852s][debug][gc,heap        ] GC(155) Heap before GC invocations=155 (full 6):
[7.852s][debug][gc,heap        ] GC(155)  def new generation   total 9920K, used 8832K [0x0000120000200000, 0x0000120000cc0000, 0x000012000aca0000)
[7.852s][debug][gc,heap        ] GC(155)   eden space 8832K, 100% used [0x0000120000200000, 0x0000120000aa0000, 0x0000120000aa0000)
[7.852s][debug][gc,heap        ] GC(155)   from space 1088K,   0% used [0x0000120000bb0000, 0x0000120000bb0130, 0x0000120000cc0000)
[7.852s][debug][gc,heap        ] GC(155)   to   space 1088K,   0% used [0x0000120000aa0000, 0x0000120000aa0000, 0x0000120000bb0000)
[7.852s][debug][gc,heap        ] GC(155)  tenured generation   total 21888K, used 2071K [0x000012000aca0000, 0x000012000c200000, 0x0000120020200000)
[7.852s][debug][gc,heap        ] GC(155)    the space 21888K,   9% used [0x000012000aca0000, 0x000012000aea5f88, 0x000012000aea6000, 0x000012000c200000)
[7.852s][debug][gc,heap        ] GC(155)  Metaspace       used 369K, committed 512K, reserved 1114112K
[7.852s][debug][gc,heap        ] GC(155)   class space    used 63K, committed 128K, reserved 1048576K
[7.852s][debug][gc,tlab        ] GC(155) TLAB totals: thrds: 2  refills: 100 max: 56 slow allocs: 0 max 0 waste:  0.8% gc: 74448B max: 74448B slow: 1984B max: 1120B
[7.852s][debug][gc,ref         ] GC(155) Skipped SoftWeakFinalRefsPhase of Reference Processing: no references
[7.852s][debug][gc,ref         ] GC(155) Skipped KeepAliveFinalRefsPhase of Reference Processing: no references
[7.852s][debug][gc,ref         ] GC(155) Skipped PhantomRefsPhase of Reference Processing: no references
[7.852s][debug][gc,phases,ref  ] GC(155) Reference Processing: 0.0ms
[7.852s][debug][gc,phases,ref  ] GC(155)   Notify Soft/WeakReferences: 0.0ms
[7.852s][debug][gc,phases,ref  ] GC(155)     SoftRef: skipped
[7.852s][debug][gc,phases,ref  ] GC(155)     WeakRef: skipped
[7.852s][debug][gc,phases,ref  ] GC(155)     FinalRef: skipped
[7.852s][debug][gc,phases,ref  ] GC(155)     Total: skipped
[7.852s][debug][gc,phases,ref  ] GC(155)   Notify and keep alive finalizable: 0.0ms
[7.852s][debug][gc,phases,ref  ] GC(155)     FinalRef: skipped
[7.852s][debug][gc,phases,ref  ] GC(155)   Notify PhantomReferences: 0.0ms
[7.852s][debug][gc,phases,ref  ] GC(155)     PhantomRef: skipped
[7.852s][debug][gc,phases,ref  ] GC(155)   SoftReference Discovered: 0, Dropped: 0, Processed: 0
[7.852s][debug][gc,phases,ref  ] GC(155)   WeakReference Discovered: 0, Dropped: 0, Processed: 0
[7.852s][debug][gc,phases,ref  ] GC(155)   FinalReference Discovered: 0, Dropped: 0, Processed: 0
[7.852s][debug][gc,phases,ref  ] GC(155)   PhantomReference Discovered: 0, Dropped: 0, Processed: 0
[7.852s][debug][gc,age         ] GC(155) Desired survivor size 557056 bytes, new threshold 15 (max threshold 15)
[7.852s][info ][gc,heap        ] GC(155) DefNew: 8832K(9920K)->0K(9920K) Eden: 8832K(8832K)->0K(8832K) From: 0K(1088K)->0K(1088K)
[7.852s][info ][gc,heap        ] GC(155) Tenured: 2071K(21888K)->2071K(21888K)
[7.853s][info ][gc,metaspace   ] GC(155) Metaspace: 369K(512K)->369K(512K) NonClass: 306K(384K)->306K(384K) Class: 63K(128K)->63K(128K)
[7.853s][debug][gc,heap        ] GC(155) Heap after GC invocations=156 (full 6):
[7.853s][debug][gc,heap        ] GC(155)  def new generation   total 9920K, used 0K [0x0000120000200000, 0x0000120000cc0000, 0x000012000aca0000)
[7.853s][debug][gc,heap        ] GC(155)   eden space 8832K,   0% used [0x0000120000200000, 0x0000120000200000, 0x0000120000aa0000)
[7.853s][debug][gc,heap        ] GC(155)   from space 1088K,   0% used [0x0000120000aa0000, 0x0000120000aa01c8, 0x0000120000bb0000)
[7.853s][debug][gc,heap        ] GC(155)   to   space 1088K,   0% used [0x0000120000bb0000, 0x0000120000bb0000, 0x0000120000cc0000)
[7.853s][debug][gc,heap        ] GC(155)  tenured generation   total 21888K, used 2071K [0x000012000aca0000, 0x000012000c200000, 0x0000120020200000)
[7.853s][debug][gc,heap        ] GC(155)    the space 21888K,   9% used [0x000012000aca0000, 0x000012000aea5f88, 0x000012000aea6000, 0x000012000c200000)
[7.853s][debug][gc,heap        ] GC(155)  Metaspace       used 369K, committed 512K, reserved 1114112K
[7.853s][debug][gc,heap        ] GC(155)   class space    used 63K, committed 128K, reserved 1048576K
[7.853s][info ][gc             ] GC(155) Pause Young (Allocation Failure) 10M->2M(31M) 0.551ms
[7.853s][info ][gc,cpu         ] GC(155) User=0.00s Sys=0.00s Real=0.00s
[7.853s][info ][safepoint      ] Safepoint "GenCollectForAllocation", Time since last: 55538636 ns, Reaching safepoint: 76991 ns, Cleanup: 3389 ns, At safepoint: 593719 ns, Total: 674099 ns
[7.918s][info ][gc,start       ] GC(156) Pause Young (Allocation Failure)
[7.918s][debug][gc,heap        ] GC(156) Heap before GC invocations=156 (full 6):
[7.918s][debug][gc,heap        ] GC(156)  def new generation   total 9920K, used 8832K [0x0000120000200000, 0x0000120000cc0000, 0x000012000aca0000)
[7.918s][debug][gc,heap        ] GC(156)   eden space 8832K, 100% used [0x0000120000200000, 0x0000120000aa0000, 0x0000120000aa0000)
[7.918s][debug][gc,heap        ] GC(156)   from space 1088K,   0% used [0x0000120000aa0000, 0x0000120000aa01c8, 0x0000120000bb0000)
[7.918s][debug][gc,heap        ] GC(156)   to   space 1088K,   0% used [0x0000120000bb0000, 0x0000120000bb0000, 0x0000120000cc0000)
[7.918s][debug][gc,heap        ] GC(156)  tenured generation   total 21888K, used 2071K [0x000012000aca0000, 0x000012000c200000, 0x0000120020200000)
[7.918s][debug][gc,heap        ] GC(156)    the space 21888K,   9% used [0x000012000aca0000, 0x000012000aea5f88, 0x000012000aea6000, 0x000012000c200000)
[7.918s][debug][gc,heap        ] GC(156)  Metaspace       used 369K, committed 512K, reserved 1114112K
[7.918s][debug][gc,heap        ] GC(156)   class space    used 63K, committed 128K, reserved 1048576K
[7.918s][debug][gc,tlab        ] GC(156) TLAB totals: thrds: 2  refills: 99 max: 65 slow allocs: 0 max 0 waste:  0.3% gc: 27992B max: 27992B slow: 2496B max: 1536B
[7.918s][debug][gc,ref         ] GC(156) Skipped SoftWeakFinalRefsPhase of Reference Processing: no references
[7.918s][debug][gc,ref         ] GC(156) Skipped KeepAliveFinalRefsPhase of Reference Processing: no references
[7.918s][debug][gc,ref         ] GC(156) Skipped PhantomRefsPhase of Reference Processing: no references
[7.918s][debug][gc,phases,ref  ] GC(156) Reference Processing: 0.0ms
[7.918s][debug][gc,phases,ref  ] GC(156)   Notify Soft/WeakReferences: 0.0ms
[7.918s][debug][gc,phases,ref  ] GC(156)     SoftRef: skipped
[7.918s][debug][gc,phases,ref  ] GC(156)     WeakRef: skipped
[7.918s][debug][gc,phases,ref  ] GC(156)     FinalRef: skipped
[7.918s][debug][gc,phases,ref  ] GC(156)     Total: skipped
[7.918s][debug][gc,phases,ref  ] GC(156)   Notify and keep alive finalizable: 0.0ms
[7.918s][debug][gc,phases,ref  ] GC(156)     FinalRef: skipped
[7.918s][debug][gc,phases,ref  ] GC(156)   Notify PhantomReferences: 0.0ms
[7.918s][debug][gc,phases,ref  ] GC(156)     PhantomRef: skipped
[7.919s][debug][gc,phases,ref  ] GC(156)   SoftReference Discovered: 0, Dropped: 0, Processed: 0
[7.919s][debug][gc,phases,ref  ] GC(156)   WeakReference Discovered: 0, Dropped: 0, Processed: 0
[7.919s][debug][gc,phases,ref  ] GC(156)   FinalReference Discovered: 0, Dropped: 0, Processed: 0
[7.919s][debug][gc,phases,ref  ] GC(156)   PhantomReference Discovered: 0, Dropped: 0, Processed: 0
[7.919s][debug][gc,age         ] GC(156) Desired survivor size 557056 bytes, new threshold 15 (max threshold 15)
[7.919s][info ][gc,heap        ] GC(156) DefNew: 8832K(9920K)->0K(9920K) Eden: 8832K(8832K)->0K(8832K) From: 0K(1088K)->0K(1088K)
[7.919s][info ][gc,heap        ] GC(156) Tenured: 2071K(21888K)->2071K(21888K)
[7.919s][info ][gc,metaspace   ] GC(156) Metaspace: 369K(512K)->369K(512K) NonClass: 306K(384K)->306K(384K) Class: 63K(128K)->63K(128K)
[7.919s][debug][gc,heap        ] GC(156) Heap after GC invocations=157 (full 6):
[7.919s][debug][gc,heap        ] GC(156)  def new generation   total 9920K, used 0K [0x0000120000200000, 0x0000120000cc0000, 0x000012000aca0000)
[7.919s][debug][gc,heap        ] GC(156)   eden space 8832K,   0% used [0x0000120000200000, 0x0000120000200000, 0x0000120000aa0000)
[7.919s][debug][gc,heap        ] GC(156)   from space 1088K,   0% used [0x0000120000bb0000, 0x0000120000bb0130, 0x0000120000cc0000)
[7.919s][debug][gc,heap        ] GC(156)   to   space 1088K,   0% used [0x0000120000aa0000, 0x0000120000aa0000, 0x0000120000bb0000)
[7.919s][debug][gc,heap        ] GC(156)  tenured generation   total 21888K, used 2071K [0x000012000aca0000, 0x000012000c200000, 0x0000120020200000)
[7.919s][debug][gc,heap        ] GC(156)    the space 21888K,   9% used [0x000012000aca0000, 0x000012000aea5f88, 0x000012000aea6000, 0x000012000c200000)
[7.919s][debug][gc,heap        ] GC(156)  Metaspace       used 369K, committed 512K, reserved 1114112K
[7.919s][debug][gc,heap        ] GC(156)   class space    used 63K, committed 128K, reserved 1048576K
[7.919s][info ][gc             ] GC(156) Pause Young (Allocation Failure) 10M->2M(31M) 0.612ms
[7.919s][info ][gc,cpu         ] GC(156) User=0.00s Sys=0.00s Real=0.00s
[7.919s][info ][safepoint      ] Safepoint "GenCollectForAllocation", Time since last: 65448845 ns, Reaching safepoint: 3289 ns, Cleanup: 3685 ns, At safepoint: 656461 ns, Total: 663435 ns
[7.967s][info ][gc,start       ] GC(157) Pause Young (Allocation Failure)
[7.967s][debug][gc,heap        ] GC(157) Heap before GC invocations=157 (full 6):
[7.967s][debug][gc,heap        ] GC(157)  def new generation   total 9920K, used 8832K [0x0000120000200000, 0x0000120000cc0000, 0x000012000aca0000)
[7.967s][debug][gc,heap        ] GC(157)   eden space 8832K, 100% used [0x0000120000200000, 0x0000120000aa0000, 0x0000120000aa0000)
[7.967s][debug][gc,heap        ] GC(157)   from space 1088K,   0% used [0x0000120000bb0000, 0x0000120000bb0130, 0x0000120000cc0000)
[7.967s][debug][gc,heap        ] GC(157)   to   space 1088K,   0% used [0x0000120000aa0000, 0x0000120000aa0000, 0x0000120000bb0000)
[7.967s][debug][gc,heap        ] GC(157)  tenured generation   total 21888K, used 2071K [0x000012000aca0000, 0x000012000c200000, 0x0000120020200000)
[7.967s][debug][gc,heap        ] GC(157)    the space 21888K,   9% used [0x000012000aca0000, 0x000012000aea5f88, 0x000012000aea6000, 0x000012000c200000)
[7.967s][debug][gc,heap        ] GC(157)  Metaspace       used 369K, committed 512K, reserved 1114112K
[7.967s][debug][gc,heap        ] GC(157)   class space    used 63K, committed 128K, reserved 1048576K
[7.967s][debug][gc,tlab        ] GC(157) TLAB totals: thrds: 2  refills: 103 max: 59 slow allocs: 0 max 0 waste:  0.1% gc: 3656B max: 3656B slow: 2952B max: 1872B
[7.967s][debug][gc,ref         ] GC(157) Skipped SoftWeakFinalRefsPhase of Reference Processing: no references
[7.967s][debug][gc,ref         ] GC(157) Skipped KeepAliveFinalRefsPhase of Reference Processing: no references
[7.967s][debug][gc,ref         ] GC(157) Skipped PhantomRefsPhase of Reference Processing: no references
[7.967s][debug][gc,phases,ref  ] GC(157) Reference Processing: 0.0ms
[7.967s][debug][gc,phases,ref  ] GC(157)   Notify Soft/WeakReferences: 0.0ms
[7.967s][debug][gc,phases,ref  ] GC(157)     SoftRef: skipped
[7.967s][debug][gc,phases,ref  ] GC(157)     WeakRef: skipped
[7.967s][debug][gc,phases,ref  ] GC(157)     FinalRef: skipped
[7.967s][debug][gc,phases,ref  ] GC(157)     Total: skipped
[7.967s][debug][gc,phases,ref  ] GC(157)   Notify and keep alive finalizable: 0.0ms
[7.967s][debug][gc,phases,ref  ] GC(157)     FinalRef: skipped
[7.967s][debug][gc,phases,ref  ] GC(157)   Notify PhantomReferences: 0.0ms
[7.967s][debug][gc,phases,ref  ] GC(157)     PhantomRef: skipped
[7.967s][debug][gc,phases,ref  ] GC(157)   SoftReference Discovered: 0, Dropped: 0, Processed: 0
[7.967s][debug][gc,phases,ref  ] GC(157)   WeakReference Discovered: 0, Dropped: 0, Processed: 0
[7.967s][debug][gc,phases,ref  ] GC(157)   FinalReference Discovered: 0, Dropped: 0, Processed: 0
[7.967s][debug][gc,phases,ref  ] GC(157)   PhantomReference Discovered: 0, Dropped: 0, Processed: 0
[7.967s][debug][gc,age         ] GC(157) Desired survivor size 557056 bytes, new threshold 15 (max threshold 15)
[7.967s][info ][gc,heap        ] GC(157) DefNew: 8832K(9920K)->0K(9920K) Eden: 8832K(8832K)->0K(8832K) From: 0K(1088K)->0K(1088K)
[7.967s][info ][gc,heap        ] GC(157) Tenured: 2071K(21888K)->2071K(21888K)
[7.967s][info ][gc,metaspace   ] GC(157) Metaspace: 369K(512K)->369K(512K) NonClass: 306K(384K)->306K(384K) Class: 63K(128K)->63K(128K)
[7.967s][debug][gc,heap        ] GC(157) Heap after GC invocations=158 (full 6):
[7.967s][debug][gc,heap        ] GC(157)  def new generation   total 9920K, used 0K [0x0000120000200000, 0x0000120000cc0000, 0x000012000aca0000)
[7.967s][debug][gc,heap        ] GC(157)   eden space 8832K,   0% used [0x0000120000200000, 0x0000120000200000, 0x0000120000aa0000)
[7.967s][debug][gc,heap        ] GC(157)   from space 1088K,   0% used [0x0000120000aa0000, 0x0000120000aa0138, 0x0000120000bb0000)
[7.967s][debug][gc,heap        ] GC(157)   to   space 1088K,   0% used [0x0000120000bb0000, 0x0000120000bb0000, 0x0000120000cc0000)
[7.967s][debug][gc,heap        ] GC(157)  tenured generation   total 21888K, used 2071K [0x000012000aca0000, 0x000012000c200000, 0x0000120020200000)
[7.967s][debug][gc,heap        ] GC(157)    the space 21888K,   9% used [0x000012000aca0000, 0x000012000aea5f88, 0x000012000aea6000, 0x000012000c200000)
[7.967s][debug][gc,heap        ] GC(157)  Metaspace       used 369K, committed 512K, reserved 1114112K
[7.967s][debug][gc,heap        ] GC(157)   class space    used 63K, committed 128K, reserved 1048576K
[7.967s][info ][gc             ] GC(157) Pause Young (Allocation Failure) 10M->2M(31M) 0.557ms
[7.967s][info ][gc,cpu         ] GC(157) User=0.00s Sys=0.00s Real=0.00s
[7.967s][info ][safepoint      ] Safepoint "GenCollectForAllocation", Time since last: 48063091 ns, Reaching safepoint: 3258 ns, Cleanup: 3658 ns, At safepoint: 600969 ns, Total: 607885 ns
[8.015s][info ][gc,start       ] GC(158) Pause Young (Allocation Failure)
[8.015s][debug][gc,heap        ] GC(158) Heap before GC invocations=158 (full 6):
[8.015s][debug][gc,heap        ] GC(158)  def new generation   total 9920K, used 8832K [0x0000120000200000, 0x0000120000cc0000, 0x000012000aca0000)
[8.015s][debug][gc,heap        ] GC(158)   eden space 8832K, 100% used [0x0000120000200000, 0x0000120000aa0000, 0x0000120000aa0000)
[8.015s][debug][gc,heap        ] GC(158)   from space 1088K,   0% used [0x0000120000aa0000, 0x0000120000aa0138, 0x0000120000bb0000)
[8.015s][debug][gc,heap        ] GC(158)   to   space 1088K,   0% used [0x0000120000bb0000, 0x0000120000bb0000, 0x0000120000cc0000)
[8.015s][debug][gc,heap        ] GC(158)  tenured generation   total 21888K, used 2071K [0x000012000aca0000, 0x000012000c200000, 0x0000120020200000)
[8.015s][debug][gc,heap        ] GC(158)    the space 21888K,   9% used [0x000012000aca0000, 0x000012000aea5f88, 0x000012000aea6000, 0x000012000c200000)
[8.015s][debug][gc,heap        ] GC(158)  Metaspace       used 369K, committed 512K, reserved 1114112K
[8.015s][debug][gc,heap        ] GC(158)   class space    used 63K, committed 128K, reserved 1048576K
[8.015s][debug][gc,tlab        ] GC(158) TLAB totals: thrds: 2  refills: 102 max: 56 slow allocs: 0 max 0 waste:  0.3% gc: 27520B max: 27520B slow: 2256B max: 1272B
[8.016s][debug][gc,ref         ] GC(158) Skipped SoftWeakFinalRefsPhase of Reference Processing: no references
[8.016s][debug][gc,ref         ] GC(158) Skipped KeepAliveFinalRefsPhase of Reference Processing: no references
[8.016s][debug][gc,ref         ] GC(158) Skipped PhantomRefsPhase of Reference Processing: no references
[8.016s][debug][gc,phases,ref  ] GC(158) Reference Processing: 0.0ms
[8.016s][debug][gc,phases,ref  ] GC(158)   Notify Soft/WeakReferences: 0.0ms
[8.016s][debug][gc,phases,ref  ] GC(158)     SoftRef: skipped
[8.016s][debug][gc,phases,ref  ] GC(158)     WeakRef: skipped
[8.016s][debug][gc,phases,ref  ] GC(158)     FinalRef: skipped
[8.016s][debug][gc,phases,ref  ] GC(158)     Total: skipped
[8.016s][debug][gc,phases,ref  ] GC(158)   Notify and keep alive finalizable: 0.0ms
[8.016s][debug][gc,phases,ref  ] GC(158)     FinalRef: skipped
[8.016s][debug][gc,phases,ref  ] GC(158)   Notify PhantomReferences: 0.0ms
[8.016s][debug][gc,phases,ref  ] GC(158)     PhantomRef: skipped
[8.016s][debug][gc,phases,ref  ] GC(158)   SoftReference Discovered: 0, Dropped: 0, Processed: 0
[8.016s][debug][gc,phases,ref  ] GC(158)   WeakReference Discovered: 0, Dropped: 0, Processed: 0
[8.016s][debug][gc,phases,ref  ] GC(158)   FinalReference Discovered: 0, Dropped: 0, Processed: 0
[8.016s][debug][gc,phases,ref  ] GC(158)   PhantomReference Discovered: 0, Dropped: 0, Processed: 0
[8.016s][debug][gc,age         ] GC(158) Desired survivor size 557056 bytes, new threshold 15 (max threshold 15)
[8.016s][info ][gc,heap        ] GC(158) DefNew: 8832K(9920K)->0K(9920K) Eden: 8832K(8832K)->0K(8832K) From: 0K(1088K)->0K(1088K)
[8.016s][info ][gc,heap        ] GC(158) Tenured: 2071K(21888K)->2071K(21888K)
[8.016s][info ][gc,metaspace   ] GC(158) Metaspace: 369K(512K)->369K(512K) NonClass: 306K(384K)->306K(384K) Class: 63K(128K)->63K(128K)
[8.016s][debug][gc,heap        ] GC(158) Heap after GC invocations=159 (full 6):
[8.016s][debug][gc,heap        ] GC(158)  def new generation   total 9920K, used 0K [0x0000120000200000, 0x0000120000cc0000, 0x000012000aca0000)
[8.016s][debug][gc,heap        ] GC(158)   eden space 8832K,   0% used [0x0000120000200000, 0x0000120000200000, 0x0000120000aa0000)
[8.016s][debug][gc,heap        ] GC(158)   from space 1088K,   0% used [0x0000120000bb0000, 0x0000120000bb01a8, 0x0000120000cc0000)
[8.016s][debug][gc,heap        ] GC(158)   to   space 1088K,   0% used [0x0000120000aa0000, 0x0000120000aa0000, 0x0000120000bb0000)
[8.016s][debug][gc,heap        ] GC(158)  tenured generation   total 21888K, used 2071K [0x000012000aca0000, 0x000012000c200000, 0x0000120020200000)
[8.016s][debug][gc,heap        ] GC(158)    the space 21888K,   9% used [0x000012000aca0000, 0x000012000aea5f88, 0x000012000aea6000, 0x000012000c200000)
[8.016s][debug][gc,heap        ] GC(158)  Metaspace       used 369K, committed 512K, reserved 1114112K
[8.016s][debug][gc,heap        ] GC(158)   class space    used 63K, committed 128K, reserved 1048576K
[8.016s][info ][gc             ] GC(158) Pause Young (Allocation Failure) 10M->2M(31M) 0.594ms
[8.016s][info ][gc,cpu         ] GC(158) User=0.00s Sys=0.00s Real=0.00s
[8.016s][info ][safepoint      ] Safepoint "GenCollectForAllocation", Time since last: 47877606 ns, Reaching safepoint: 3110 ns, Cleanup: 3585 ns, At safepoint: 637209 ns, Total: 643904 ns
[8.066s][info ][gc,start       ] GC(159) Pause Young (Allocation Failure)
[8.066s][debug][gc,heap        ] GC(159) Heap before GC invocations=159 (full 6):
[8.066s][debug][gc,heap        ] GC(159)  def new generation   total 9920K, used 8832K [0x0000120000200000, 0x0000120000cc0000, 0x000012000aca0000)
[8.066s][debug][gc,heap        ] GC(159)   eden space 8832K, 100% used [0x0000120000200000, 0x0000120000aa0000, 0x0000120000aa0000)
[8.066s][debug][gc,heap        ] GC(159)   from space 1088K,   0% used [0x0000120000bb0000, 0x0000120000bb01a8, 0x0000120000cc0000)
[8.066s][debug][gc,heap        ] GC(159)   to   space 1088K,   0% used [0x0000120000aa0000, 0x0000120000aa0000, 0x0000120000bb0000)
[8.066s][debug][gc,heap        ] GC(159)  tenured generation   total 21888K, used 2071K [0x000012000aca0000, 0x000012000c200000, 0x0000120020200000)
[8.067s][debug][gc,heap        ] GC(159)    the space 21888K,   9% used [0x000012000aca0000, 0x000012000aea5f88, 0x000012000aea6000, 0x000012000c200000)
[8.067s][debug][gc,heap        ] GC(159)  Metaspace       used 369K, committed 512K, reserved 1114112K
[8.067s][debug][gc,heap        ] GC(159)   class space    used 63K, committed 128K, reserved 1048576K
[8.067s][debug][gc,tlab        ] GC(159) TLAB totals: thrds: 2  refills: 102 max: 56 slow allocs: 0 max 0 waste:  0.1% gc: 6408B max: 6408B slow: 2216B max: 1496B
[8.067s][debug][gc,ref         ] GC(159) Skipped SoftWeakFinalRefsPhase of Reference Processing: no references
[8.067s][debug][gc,ref         ] GC(159) Skipped KeepAliveFinalRefsPhase of Reference Processing: no references
[8.067s][debug][gc,ref         ] GC(159) Skipped PhantomRefsPhase of Reference Processing: no references
[8.067s][debug][gc,phases,ref  ] GC(159) Reference Processing: 0.0ms
[8.067s][debug][gc,phases,ref  ] GC(159)   Notify Soft/WeakReferences: 0.0ms
[8.067s][debug][gc,phases,ref  ] GC(159)     SoftRef: skipped
[8.067s][debug][gc,phases,ref  ] GC(159)     WeakRef: skipped
[8.067s][debug][gc,phases,ref  ] GC(159)     FinalRef: skipped
[8.067s][debug][gc,phases,ref  ] GC(159)     Total: skipped
[8.067s][debug][gc,phases,ref  ] GC(159)   Notify and keep alive finalizable: 0.0ms
[8.067s][debug][gc,phases,ref  ] GC(159)     FinalRef: skipped
[8.067s][debug][gc,phases,ref  ] GC(159)   Notify PhantomReferences: 0.0ms
[8.067s][debug][gc,phases,ref  ] GC(159)     PhantomRef: skipped
[8.067s][debug][gc,phases,ref  ] GC(159)   SoftReference Discovered: 0, Dropped: 0, Processed: 0
[8.067s][debug][gc,phases,ref  ] GC(159)   WeakReference Discovered: 0, Dropped: 0, Processed: 0
[8.067s][debug][gc,phases,ref  ] GC(159)   FinalReference Discovered: 0, Dropped: 0, Processed: 0
[8.067s][debug][gc,phases,ref  ] GC(159)   PhantomReference Discovered: 0, Dropped: 0, Processed: 0
[8.067s][debug][gc,age         ] GC(159) Desired survivor size 557056 bytes, new threshold 15 (max threshold 15)
[8.067s][info ][gc,heap        ] GC(159) DefNew: 8832K(9920K)->0K(9920K) Eden: 8832K(8832K)->0K(8832K) From: 0K(1088K)->0K(1088K)
[8.067s][info ][gc,heap        ] GC(159) Tenured: 2071K(21888K)->2071K(21888K)
[8.067s][info ][gc,metaspace   ] GC(159) Metaspace: 369K(512K)->369K(512K) NonClass: 306K(384K)->306K(384K) Class: 63K(128K)->63K(128K)
[8.067s][debug][gc,heap        ] GC(159) Heap after GC invocations=160 (full 6):
[8.067s][debug][gc,heap        ] GC(159)  def new generation   total 9920K, used 0K [0x0000120000200000, 0x0000120000cc0000, 0x000012000aca0000)
[8.067s][debug][gc,heap        ] GC(159)   eden space 8832K,   0% used [0x0000120000200000, 0x0000120000200000, 0x0000120000aa0000)
[8.067s][debug][gc,heap        ] GC(159)   from space 1088K,   0% used [0x0000120000aa0000, 0x0000120000aa0168, 0x0000120000bb0000)
[8.067s][debug][gc,heap        ] GC(159)   to   space 1088K,   0% used [0x0000120000bb0000, 0x0000120000bb0000, 0x0000120000cc0000)
[8.067s][debug][gc,heap        ] GC(159)  tenured generation   total 21888K, used 2071K [0x000012000aca0000, 0x000012000c200000, 0x0000120020200000)
[8.067s][debug][gc,heap        ] GC(159)    the space 21888K,   9% used [0x000012000aca0000, 0x000012000aea5f88, 0x000012000aea6000, 0x000012000c200000)
[8.067s][debug][gc,heap        ] GC(159)  Metaspace       used 369K, committed 512K, reserved 1114112K
[8.067s][debug][gc,heap        ] GC(159)   class space    used 63K, committed 128K, reserved 1048576K
[8.067s][info ][gc             ] GC(159) Pause Young (Allocation Failure) 10M->2M(31M) 0.555ms
[8.067s][info ][gc,cpu         ] GC(159) User=0.00s Sys=0.00s Real=0.00s
[8.067s][info ][safepoint      ] Safepoint "GenCollectForAllocation", Time since last: 50355473 ns, Reaching safepoint: 77377 ns, Cleanup: 3393 ns, At safepoint: 596885 ns, Total: 677655 ns
[8.115s][info ][gc,start       ] GC(160) Pause Young (Allocation Failure)
[8.115s][debug][gc,heap        ] GC(160) Heap before GC invocations=160 (full 6):
[8.115s][debug][gc,heap        ] GC(160)  def new generation   total 9920K, used 8832K [0x0000120000200000, 0x0000120000cc0000, 0x000012000aca0000)
[8.115s][debug][gc,heap        ] GC(160)   eden space 8832K, 100% used [0x0000120000200000, 0x0000120000aa0000, 0x0000120000aa0000)
[8.115s][debug][gc,heap        ] GC(160)   from space 1088K,   0% used [0x0000120000aa0000, 0x0000120000aa0168, 0x0000120000bb0000)
[8.115s][debug][gc,heap        ] GC(160)   to   space 1088K,   0% used [0x0000120000bb0000, 0x0000120000bb0000, 0x0000120000cc0000)
[8.115s][debug][gc,heap        ] GC(160)  tenured generation   total 21888K, used 2071K [0x000012000aca0000, 0x000012000c200000, 0x0000120020200000)
[8.115s][debug][gc,heap        ] GC(160)    the space 21888K,   9% used [0x000012000aca0000, 0x000012000aea5f88, 0x000012000aea6000, 0x000012000c200000)
[8.115s][debug][gc,heap        ] GC(160)  Metaspace       used 369K, committed 512K, reserved 1114112K
[8.115s][debug][gc,heap        ] GC(160)   class space    used 63K, committed 128K, reserved 1048576K
[8.116s][debug][gc,tlab        ] GC(160) TLAB totals: thrds: 2  refills: 101 max: 54 slow allocs: 0 max 0 waste:  0.2% gc: 14680B max: 14680B slow: 2168B max: 1128B
[8.116s][debug][gc,ref         ] GC(160) Skipped SoftWeakFinalRefsPhase of Reference Processing: no references
[8.116s][debug][gc,ref         ] GC(160) Skipped KeepAliveFinalRefsPhase of Reference Processing: no references
[8.116s][debug][gc,ref         ] GC(160) Skipped PhantomRefsPhase of Reference Processing: no references
[8.116s][debug][gc,phases,ref  ] GC(160) Reference Processing: 0.0ms
[8.116s][debug][gc,phases,ref  ] GC(160)   Notify Soft/WeakReferences: 0.0ms
[8.116s][debug][gc,phases,ref  ] GC(160)     SoftRef: skipped
[8.116s][debug][gc,phases,ref  ] GC(160)     WeakRef: skipped
[8.116s][debug][gc,phases,ref  ] GC(160)     FinalRef: skipped
[8.116s][debug][gc,phases,ref  ] GC(160)     Total: skipped
[8.116s][debug][gc,phases,ref  ] GC(160)   Notify and keep alive finalizable: 0.0ms
[8.116s][debug][gc,phases,ref  ] GC(160)     FinalRef: skipped
[8.116s][debug][gc,phases,ref  ] GC(160)   Notify PhantomReferences: 0.0ms
[8.116s][debug][gc,phases,ref  ] GC(160)     PhantomRef: skipped
[8.116s][debug][gc,phases,ref  ] GC(160)   SoftReference Discovered: 0, Dropped: 0, Processed: 0
[8.116s][debug][gc,phases,ref  ] GC(160)   WeakReference Discovered: 0, Dropped: 0, Processed: 0
[8.116s][debug][gc,phases,ref  ] GC(160)   FinalReference Discovered: 0, Dropped: 0, Processed: 0
[8.116s][debug][gc,phases,ref  ] GC(160)   PhantomReference Discovered: 0, Dropped: 0, Processed: 0
[8.116s][debug][gc,age         ] GC(160) Desired survivor size 557056 bytes, new threshold 15 (max threshold 15)
[8.116s][info ][gc,heap        ] GC(160) DefNew: 8832K(9920K)->0K(9920K) Eden: 8832K(8832K)->0K(8832K) From: 0K(1088K)->0K(1088K)
[8.116s][info ][gc,heap        ] GC(160) Tenured: 2071K(21888K)->2071K(21888K)
[8.116s][info ][gc,metaspace   ] GC(160) Metaspace: 369K(512K)->369K(512K) NonClass: 306K(384K)->306K(384K) Class: 63K(128K)->63K(128K)
[8.116s][debug][gc,heap        ] GC(160) Heap after GC invocations=161 (full 6):
[8.116s][debug][gc,heap        ] GC(160)  def new generation   total 9920K, used 0K [0x0000120000200000, 0x0000120000cc0000, 0x000012000aca0000)
[8.116s][debug][gc,heap        ] GC(160)   eden space 8832K,   0% used [0x0000120000200000, 0x0000120000200000, 0x0000120000aa0000)
[8.116s][debug][gc,heap        ] GC(160)   from space 1088K,   0% used [0x0000120000bb0000, 0x0000120000bb0130, 0x0000120000cc0000)
[8.116s][debug][gc,heap        ] GC(160)   to   space 1088K,   0% used [0x0000120000aa0000, 0x0000120000aa0000, 0x0000120000bb0000)
[8.116s][debug][gc,heap        ] GC(160)  tenured generation   total 21888K, used 2071K [0x000012000aca0000, 0x000012000c200000, 0x0000120020200000)
[8.116s][debug][gc,heap        ] GC(160)    the space 21888K,   9% used [0x000012000aca0000, 0x000012000aea5f88, 0x000012000aea6000, 0x000012000c200000)
[8.116s][debug][gc,heap        ] GC(160)  Metaspace       used 369K, committed 512K, reserved 1114112K
[8.116s][debug][gc,heap        ] GC(160)   class space    used 63K, committed 128K, reserved 1048576K
[8.116s][info ][gc             ] GC(160) Pause Young (Allocation Failure) 10M->2M(31M) 0.623ms
[8.116s][info ][gc,cpu         ] GC(160) User=0.00s Sys=0.00s Real=0.00s
[8.116s][info ][safepoint      ] Safepoint "GenCollectForAllocation", Time since last: 48265564 ns, Reaching safepoint: 76259 ns, Cleanup: 3402 ns, At safepoint: 665483 ns, Total: 745144 ns
[8.164s][info ][gc,start       ] GC(161) Pause Young (Allocation Failure)
[8.164s][debug][gc,heap        ] GC(161) Heap before GC invocations=161 (full 6):
[8.164s][debug][gc,heap        ] GC(161)  def new generation   total 9920K, used 8832K [0x0000120000200000, 0x0000120000cc0000, 0x000012000aca0000)
[8.164s][debug][gc,heap        ] GC(161)   eden space 8832K, 100% used [0x0000120000200000, 0x0000120000aa0000, 0x0000120000aa0000)
[8.164s][debug][gc,heap        ] GC(161)   from space 1088K,   0% used [0x0000120000bb0000, 0x0000120000bb0130, 0x0000120000cc0000)
[8.164s][debug][gc,heap        ] GC(161)   to   space 1088K,   0% used [0x0000120000aa0000, 0x0000120000aa0000, 0x0000120000bb0000)
[8.164s][debug][gc,heap        ] GC(161)  tenured generation   total 21888K, used 2071K [0x000012000aca0000, 0x000012000c200000, 0x0000120020200000)
[8.164s][debug][gc,heap        ] GC(161)    the space 21888K,   9% used [0x000012000aca0000, 0x000012000aea5f88, 0x000012000aea6000, 0x000012000c200000)
[8.164s][debug][gc,heap        ] GC(161)  Metaspace       used 369K, committed 512K, reserved 1114112K
[8.164s][debug][gc,heap        ] GC(161)   class space    used 63K, committed 128K, reserved 1048576K
[8.164s][debug][gc,tlab        ] GC(161) TLAB totals: thrds: 2  refills: 101 max: 52 slow allocs: 0 max 0 waste:  0.6% gc: 51680B max: 51680B slow: 2432B max: 1224B
[8.164s][debug][gc,ref         ] GC(161) Skipped SoftWeakFinalRefsPhase of Reference Processing: no references
[8.164s][debug][gc,ref         ] GC(161) Skipped KeepAliveFinalRefsPhase of Reference Processing: no references
[8.164s][debug][gc,ref         ] GC(161) Skipped PhantomRefsPhase of Reference Processing: no references
[8.164s][debug][gc,phases,ref  ] GC(161) Reference Processing: 0.0ms
[8.164s][debug][gc,phases,ref  ] GC(161)   Notify Soft/WeakReferences: 0.0ms
[8.165s][debug][gc,phases,ref  ] GC(161)     SoftRef: skipped
[8.165s][debug][gc,phases,ref  ] GC(161)     WeakRef: skipped
[8.165s][debug][gc,phases,ref  ] GC(161)     FinalRef: skipped
[8.165s][debug][gc,phases,ref  ] GC(161)     Total: skipped
[8.165s][debug][gc,phases,ref  ] GC(161)   Notify and keep alive finalizable: 0.0ms
[8.165s][debug][gc,phases,ref  ] GC(161)     FinalRef: skipped
[8.165s][debug][gc,phases,ref  ] GC(161)   Notify PhantomReferences: 0.0ms
[8.165s][debug][gc,phases,ref  ] GC(161)     PhantomRef: skipped
[8.165s][debug][gc,phases,ref  ] GC(161)   SoftReference Discovered: 0, Dropped: 0, Processed: 0
[8.165s][debug][gc,phases,ref  ] GC(161)   WeakReference Discovered: 0, Dropped: 0, Processed: 0
[8.165s][debug][gc,phases,ref  ] GC(161)   FinalReference Discovered: 0, Dropped: 0, Processed: 0
[8.165s][debug][gc,phases,ref  ] GC(161)   PhantomReference Discovered: 0, Dropped: 0, Processed: 0
[8.165s][debug][gc,age         ] GC(161) Desired survivor size 557056 bytes, new threshold 15 (max threshold 15)
[8.165s][info ][gc,heap        ] GC(161) DefNew: 8832K(9920K)->0K(9920K) Eden: 8832K(8832K)->0K(8832K) From: 0K(1088K)->0K(1088K)
[8.165s][info ][gc,heap        ] GC(161) Tenured: 2071K(21888K)->2071K(21888K)
[8.165s][info ][gc,metaspace   ] GC(161) Metaspace: 369K(512K)->369K(512K) NonClass: 306K(384K)->306K(384K) Class: 63K(128K)->63K(128K)
[8.165s][debug][gc,heap        ] GC(161) Heap after GC invocations=162 (full 6):
[8.165s][debug][gc,heap        ] GC(161)  def new generation   total 9920K, used 0K [0x0000120000200000, 0x0000120000cc0000, 0x000012000aca0000)
[8.165s][debug][gc,heap        ] GC(161)   eden space 8832K,   0% used [0x0000120000200000, 0x0000120000200000, 0x0000120000aa0000)
[8.165s][debug][gc,heap        ] GC(161)   from space 1088K,   0% used [0x0000120000aa0000, 0x0000120000aa0178, 0x0000120000bb0000)
[8.165s][debug][gc,heap        ] GC(161)   to   space 1088K,   0% used [0x0000120000bb0000, 0x0000120000bb0000, 0x0000120000cc0000)
[8.165s][debug][gc,heap        ] GC(161)  tenured generation   total 21888K, used 2071K [0x000012000aca0000, 0x000012000c200000, 0x0000120020200000)
[8.165s][debug][gc,heap        ] GC(161)    the space 21888K,   9% used [0x000012000aca0000, 0x000012000aea5f88, 0x000012000aea6000, 0x000012000c200000)
[8.165s][debug][gc,heap        ] GC(161)  Metaspace       used 369K, committed 512K, reserved 1114112K
[8.165s][debug][gc,heap        ] GC(161)   class space    used 63K, committed 128K, reserved 1048576K
[8.165s][info ][gc             ] GC(161) Pause Young (Allocation Failure) 10M->2M(31M) 0.611ms
[8.165s][info ][gc,cpu         ] GC(161) User=0.00s Sys=0.01s Real=0.00s
[8.165s][info ][safepoint      ] Safepoint "GenCollectForAllocation", Time since last: 48144962 ns, Reaching safepoint: 3466 ns, Cleanup: 3607 ns, At safepoint: 663029 ns, Total: 670102 ns
[8.213s][info ][gc,start       ] GC(162) Pause Young (Allocation Failure)
[8.213s][debug][gc,heap        ] GC(162) Heap before GC invocations=162 (full 6):
[8.213s][debug][gc,heap        ] GC(162)  def new generation   total 9920K, used 8832K [0x0000120000200000, 0x0000120000cc0000, 0x000012000aca0000)
[8.213s][debug][gc,heap        ] GC(162)   eden space 8832K, 100% used [0x0000120000200000, 0x0000120000aa0000, 0x0000120000aa0000)
[8.213s][debug][gc,heap        ] GC(162)   from space 1088K,   0% used [0x0000120000aa0000, 0x0000120000aa0178, 0x0000120000bb0000)
[8.213s][debug][gc,heap        ] GC(162)   to   space 1088K,   0% used [0x0000120000bb0000, 0x0000120000bb0000, 0x0000120000cc0000)
[8.213s][debug][gc,heap        ] GC(162)  tenured generation   total 21888K, used 2071K [0x000012000aca0000, 0x000012000c200000, 0x0000120020200000)
[8.213s][debug][gc,heap        ] GC(162)    the space 21888K,   9% used [0x000012000aca0000, 0x000012000aea5f88, 0x000012000aea6000, 0x000012000c200000)
[8.213s][debug][gc,heap        ] GC(162)  Metaspace       used 369K, committed 512K, reserved 1114112K
[8.213s][debug][gc,heap        ] GC(162)   class space    used 63K, committed 128K, reserved 1048576K
[8.213s][debug][gc,tlab        ] GC(162) TLAB totals: thrds: 2  refills: 101 max: 51 slow allocs: 0 max 0 waste:  0.1% gc: 10440B max: 10440B slow: 2752B max: 1528B
[8.213s][debug][gc,ref         ] GC(162) Skipped SoftWeakFinalRefsPhase of Reference Processing: no references
[8.213s][debug][gc,ref         ] GC(162) Skipped KeepAliveFinalRefsPhase of Reference Processing: no references
[8.213s][debug][gc,ref         ] GC(162) Skipped PhantomRefsPhase of Reference Processing: no references
[8.213s][debug][gc,phases,ref  ] GC(162) Reference Processing: 0.0ms
[8.214s][debug][gc,phases,ref  ] GC(162)   Notify Soft/WeakReferences: 0.0ms
[8.214s][debug][gc,phases,ref  ] GC(162)     SoftRef: skipped
[8.214s][debug][gc,phases,ref  ] GC(162)     WeakRef: skipped
[8.214s][debug][gc,phases,ref  ] GC(162)     FinalRef: skipped
[8.214s][debug][gc,phases,ref  ] GC(162)     Total: skipped
[8.214s][debug][gc,phases,ref  ] GC(162)   Notify and keep alive finalizable: 0.0ms
[8.214s][debug][gc,phases,ref  ] GC(162)     FinalRef: skipped
[8.214s][debug][gc,phases,ref  ] GC(162)   Notify PhantomReferences: 0.0ms
[8.214s][debug][gc,phases,ref  ] GC(162)     PhantomRef: skipped
[8.214s][debug][gc,phases,ref  ] GC(162)   SoftReference Discovered: 0, Dropped: 0, Processed: 0
[8.214s][debug][gc,phases,ref  ] GC(162)   WeakReference Discovered: 0, Dropped: 0, Processed: 0
[8.214s][debug][gc,phases,ref  ] GC(162)   FinalReference Discovered: 0, Dropped: 0, Processed: 0
[8.214s][debug][gc,phases,ref  ] GC(162)   PhantomReference Discovered: 0, Dropped: 0, Processed: 0
[8.214s][debug][gc,age         ] GC(162) Desired survivor size 557056 bytes, new threshold 15 (max threshold 15)
[8.214s][info ][gc,heap        ] GC(162) DefNew: 8832K(9920K)->0K(9920K) Eden: 8832K(8832K)->0K(8832K) From: 0K(1088K)->0K(1088K)
[8.214s][info ][gc,heap        ] GC(162) Tenured: 2071K(21888K)->2071K(21888K)
[8.214s][info ][gc,metaspace   ] GC(162) Metaspace: 369K(512K)->369K(512K) NonClass: 306K(384K)->306K(384K) Class: 63K(128K)->63K(128K)
[8.214s][debug][gc,heap        ] GC(162) Heap after GC invocations=163 (full 6):
[8.214s][debug][gc,heap        ] GC(162)  def new generation   total 9920K, used 0K [0x0000120000200000, 0x0000120000cc0000, 0x000012000aca0000)
[8.214s][debug][gc,heap        ] GC(162)   eden space 8832K,   0% used [0x0000120000200000, 0x0000120000200000, 0x0000120000aa0000)
[8.214s][debug][gc,heap        ] GC(162)   from space 1088K,   0% used [0x0000120000bb0000, 0x0000120000bb0110, 0x0000120000cc0000)
[8.214s][debug][gc,heap        ] GC(162)   to   space 1088K,   0% used [0x0000120000aa0000, 0x0000120000aa0000, 0x0000120000bb0000)
[8.214s][debug][gc,heap        ] GC(162)  tenured generation   total 21888K, used 2071K [0x000012000aca0000, 0x000012000c200000, 0x0000120020200000)
[8.214s][debug][gc,heap        ] GC(162)    the space 21888K,   9% used [0x000012000aca0000, 0x000012000aea5f88, 0x000012000aea6000, 0x000012000c200000)
[8.214s][debug][gc,heap        ] GC(162)  Metaspace       used 369K, committed 512K, reserved 1114112K
[8.214s][debug][gc,heap        ] GC(162)   class space    used 63K, committed 128K, reserved 1048576K
[8.214s][info ][gc             ] GC(162) Pause Young (Allocation Failure) 10M->2M(31M) 0.556ms
[8.214s][info ][gc,cpu         ] GC(162) User=0.01s Sys=0.00s Real=0.00s
[8.214s][info ][safepoint      ] Safepoint "GenCollectForAllocation", Time since last: 48413812 ns, Reaching safepoint: 3706 ns, Cleanup: 3634 ns, At safepoint: 602495 ns, Total: 609835 ns
[8.262s][info ][gc,start       ] GC(163) Pause Young (Allocation Failure)
[8.262s][debug][gc,heap        ] GC(163) Heap before GC invocations=163 (full 6):
[8.262s][debug][gc,heap        ] GC(163)  def new generation   total 9920K, used 8832K [0x0000120000200000, 0x0000120000cc0000, 0x000012000aca0000)
[8.262s][debug][gc,heap        ] GC(163)   eden space 8832K, 100% used [0x0000120000200000, 0x0000120000aa0000, 0x0000120000aa0000)
[8.262s][debug][gc,heap        ] GC(163)   from space 1088K,   0% used [0x0000120000bb0000, 0x0000120000bb0110, 0x0000120000cc0000)
[8.262s][debug][gc,heap        ] GC(163)   to   space 1088K,   0% used [0x0000120000aa0000, 0x0000120000aa0000, 0x0000120000bb0000)
[8.262s][debug][gc,heap        ] GC(163)  tenured generation   total 21888K, used 2071K [0x000012000aca0000, 0x000012000c200000, 0x0000120020200000)
[8.262s][debug][gc,heap        ] GC(163)    the space 21888K,   9% used [0x000012000aca0000, 0x000012000aea5f88, 0x000012000aea6000, 0x000012000c200000)
[8.262s][debug][gc,heap        ] GC(163)  Metaspace       used 369K, committed 512K, reserved 1114112K
[8.262s][debug][gc,heap        ] GC(163)   class space    used 63K, committed 128K, reserved 1048576K
[8.262s][debug][gc,tlab        ] GC(163) TLAB totals: thrds: 2  refills: 101 max: 51 slow allocs: 0 max 0 waste:  0.4% gc: 31776B max: 31776B slow: 2832B max: 1480B
[8.263s][debug][gc,ref         ] GC(163) Skipped SoftWeakFinalRefsPhase of Reference Processing: no references
[8.263s][debug][gc,ref         ] GC(163) Skipped KeepAliveFinalRefsPhase of Reference Processing: no references
[8.263s][debug][gc,ref         ] GC(163) Skipped PhantomRefsPhase of Reference Processing: no references
[8.263s][debug][gc,phases,ref  ] GC(163) Reference Processing: 0.0ms
[8.263s][debug][gc,phases,ref  ] GC(163)   Notify Soft/WeakReferences: 0.0ms
[8.263s][debug][gc,phases,ref  ] GC(163)     SoftRef: skipped
[8.263s][debug][gc,phases,ref  ] GC(163)     WeakRef: skipped
[8.263s][debug][gc,phases,ref  ] GC(163)     FinalRef: skipped
[8.263s][debug][gc,phases,ref  ] GC(163)     Total: skipped
[8.263s][debug][gc,phases,ref  ] GC(163)   Notify and keep alive finalizable: 0.0ms
[8.263s][debug][gc,phases,ref  ] GC(163)     FinalRef: skipped
[8.263s][debug][gc,phases,ref  ] GC(163)   Notify PhantomReferences: 0.0ms
[8.263s][debug][gc,phases,ref  ] GC(163)     PhantomRef: skipped
[8.263s][debug][gc,phases,ref  ] GC(163)   SoftReference Discovered: 0, Dropped: 0, Processed: 0
[8.263s][debug][gc,phases,ref  ] GC(163)   WeakReference Discovered: 0, Dropped: 0, Processed: 0
[8.263s][debug][gc,phases,ref  ] GC(163)   FinalReference Discovered: 0, Dropped: 0, Processed: 0
[8.263s][debug][gc,phases,ref  ] GC(163)   PhantomReference Discovered: 0, Dropped: 0, Processed: 0
[8.263s][debug][gc,age         ] GC(163) Desired survivor size 557056 bytes, new threshold 15 (max threshold 15)
[8.263s][info ][gc,heap        ] GC(163) DefNew: 8832K(9920K)->0K(9920K) Eden: 8832K(8832K)->0K(8832K) From: 0K(1088K)->0K(1088K)
[8.263s][info ][gc,heap        ] GC(163) Tenured: 2071K(21888K)->2071K(21888K)
[8.263s][info ][gc,metaspace   ] GC(163) Metaspace: 369K(512K)->369K(512K) NonClass: 306K(384K)->306K(384K) Class: 63K(128K)->63K(128K)
[8.263s][debug][gc,heap        ] GC(163) Heap after GC invocations=164 (full 6):
[8.263s][debug][gc,heap        ] GC(163)  def new generation   total 9920K, used 0K [0x0000120000200000, 0x0000120000cc0000, 0x000012000aca0000)
[8.263s][debug][gc,heap        ] GC(163)   eden space 8832K,   0% used [0x0000120000200000, 0x0000120000200000, 0x0000120000aa0000)
[8.263s][debug][gc,heap        ] GC(163)   from space 1088K,   0% used [0x0000120000aa0000, 0x0000120000aa0150, 0x0000120000bb0000)
[8.263s][debug][gc,heap        ] GC(163)   to   space 1088K,   0% used [0x0000120000bb0000, 0x0000120000bb0000, 0x0000120000cc0000)
[8.263s][debug][gc,heap        ] GC(163)  tenured generation   total 21888K, used 2071K [0x000012000aca0000, 0x000012000c200000, 0x0000120020200000)
[8.263s][debug][gc,heap        ] GC(163)    the space 21888K,   9% used [0x000012000aca0000, 0x000012000aea5f88, 0x000012000aea6000, 0x000012000c200000)
[8.263s][debug][gc,heap        ] GC(163)  Metaspace       used 369K, committed 512K, reserved 1114112K
[8.263s][debug][gc,heap        ] GC(163)   class space    used 63K, committed 128K, reserved 1048576K
[8.263s][info ][gc             ] GC(163) Pause Young (Allocation Failure) 10M->2M(31M) 0.577ms
[8.263s][info ][gc,cpu         ] GC(163) User=0.00s Sys=0.00s Real=0.00s
[8.263s][info ][safepoint      ] Safepoint "GenCollectForAllocation", Time since last: 48464752 ns, Reaching safepoint: 3217 ns, Cleanup: 3586 ns, At safepoint: 622211 ns, Total: 629014 ns
[8.311s][info ][gc,start       ] GC(164) Pause Young (Allocation Failure)
[8.311s][debug][gc,heap        ] GC(164) Heap before GC invocations=164 (full 6):
[8.311s][debug][gc,heap        ] GC(164)  def new generation   total 9920K, used 8832K [0x0000120000200000, 0x0000120000cc0000, 0x000012000aca0000)
[8.311s][debug][gc,heap        ] GC(164)   eden space 8832K, 100% used [0x0000120000200000, 0x0000120000aa0000, 0x0000120000aa0000)
[8.311s][debug][gc,heap        ] GC(164)   from space 1088K,   0% used [0x0000120000aa0000, 0x0000120000aa0150, 0x0000120000bb0000)
[8.311s][debug][gc,heap        ] GC(164)   to   space 1088K,   0% used [0x0000120000bb0000, 0x0000120000bb0000, 0x0000120000cc0000)
[8.311s][debug][gc,heap        ] GC(164)  tenured generation   total 21888K, used 2071K [0x000012000aca0000, 0x000012000c200000, 0x0000120020200000)
[8.311s][debug][gc,heap        ] GC(164)    the space 21888K,   9% used [0x000012000aca0000, 0x000012000aea5f88, 0x000012000aea6000, 0x000012000c200000)
[8.311s][debug][gc,heap        ] GC(164)  Metaspace       used 369K, committed 512K, reserved 1114112K
[8.311s][debug][gc,heap        ] GC(164)   class space    used 63K, committed 128K, reserved 1048576K
[8.311s][debug][gc,tlab        ] GC(164) TLAB totals: thrds: 2  refills: 101 max: 51 slow allocs: 0 max 0 waste:  0.4% gc: 30344B max: 30344B slow: 2240B max: 1264B
[8.311s][debug][gc,ref         ] GC(164) Skipped SoftWeakFinalRefsPhase of Reference Processing: no references
[8.311s][debug][gc,ref         ] GC(164) Skipped KeepAliveFinalRefsPhase of Reference Processing: no references
[8.311s][debug][gc,ref         ] GC(164) Skipped PhantomRefsPhase of Reference Processing: no references
[8.311s][debug][gc,phases,ref  ] GC(164) Reference Processing: 0.0ms
[8.311s][debug][gc,phases,ref  ] GC(164)   Notify Soft/WeakReferences: 0.0ms
[8.311s][debug][gc,phases,ref  ] GC(164)     SoftRef: skipped
[8.311s][debug][gc,phases,ref  ] GC(164)     WeakRef: skipped
[8.311s][debug][gc,phases,ref  ] GC(164)     FinalRef: skipped
[8.311s][debug][gc,phases,ref  ] GC(164)     Total: skipped
[8.311s][debug][gc,phases,ref  ] GC(164)   Notify and keep alive finalizable: 0.0ms
[8.311s][debug][gc,phases,ref  ] GC(164)     FinalRef: skipped
[8.311s][debug][gc,phases,ref  ] GC(164)   Notify PhantomReferences: 0.0ms
[8.311s][debug][gc,phases,ref  ] GC(164)     PhantomRef: skipped
[8.311s][debug][gc,phases,ref  ] GC(164)   SoftReference Discovered: 0, Dropped: 0, Processed: 0
[8.311s][debug][gc,phases,ref  ] GC(164)   WeakReference Discovered: 0, Dropped: 0, Processed: 0
[8.311s][debug][gc,phases,ref  ] GC(164)   FinalReference Discovered: 0, Dropped: 0, Processed: 0
[8.311s][debug][gc,phases,ref  ] GC(164)   PhantomReference Discovered: 0, Dropped: 0, Processed: 0
[8.311s][debug][gc,age         ] GC(164) Desired survivor size 557056 bytes, new threshold 15 (max threshold 15)
[8.311s][info ][gc,heap        ] GC(164) DefNew: 8832K(9920K)->0K(9920K) Eden: 8832K(8832K)->0K(8832K) From: 0K(1088K)->0K(1088K)
[8.311s][info ][gc,heap        ] GC(164) Tenured: 2071K(21888K)->2071K(21888K)
[8.311s][info ][gc,metaspace   ] GC(164) Metaspace: 369K(512K)->369K(512K) NonClass: 306K(384K)->306K(384K) Class: 63K(128K)->63K(128K)
[8.311s][debug][gc,heap        ] GC(164) Heap after GC invocations=165 (full 6):
[8.311s][debug][gc,heap        ] GC(164)  def new generation   total 9920K, used 0K [0x0000120000200000, 0x0000120000cc0000, 0x000012000aca0000)
[8.311s][debug][gc,heap        ] GC(164)   eden space 8832K,   0% used [0x0000120000200000, 0x0000120000200000, 0x0000120000aa0000)
[8.311s][debug][gc,heap        ] GC(164)   from space 1088K,   0% used [0x0000120000bb0000, 0x0000120000bb0130, 0x0000120000cc0000)
[8.311s][debug][gc,heap        ] GC(164)   to   space 1088K,   0% used [0x0000120000aa0000, 0x0000120000aa0000, 0x0000120000bb0000)
[8.311s][debug][gc,heap        ] GC(164)  tenured generation   total 21888K, used 2071K [0x000012000aca0000, 0x000012000c200000, 0x0000120020200000)
[8.311s][debug][gc,heap        ] GC(164)    the space 21888K,   9% used [0x000012000aca0000, 0x000012000aea5f88, 0x000012000aea6000, 0x000012000c200000)
[8.312s][debug][gc,heap        ] GC(164)  Metaspace       used 369K, committed 512K, reserved 1114112K
[8.312s][debug][gc,heap        ] GC(164)   class space    used 63K, committed 128K, reserved 1048576K
[8.312s][info ][gc             ] GC(164) Pause Young (Allocation Failure) 10M->2M(31M) 0.556ms
[8.312s][info ][gc,cpu         ] GC(164) User=0.00s Sys=0.00s Real=0.00s
[8.312s][info ][safepoint      ] Safepoint "GenCollectForAllocation", Time since last: 48026521 ns, Reaching safepoint: 3467 ns, Cleanup: 3726 ns, At safepoint: 600773 ns, Total: 607966 ns
[8.360s][info ][gc,start       ] GC(165) Pause Young (Allocation Failure)
[8.360s][debug][gc,heap        ] GC(165) Heap before GC invocations=165 (full 6):
[8.360s][debug][gc,heap        ] GC(165)  def new generation   total 9920K, used 8832K [0x0000120000200000, 0x0000120000cc0000, 0x000012000aca0000)
[8.360s][debug][gc,heap        ] GC(165)   eden space 8832K, 100% used [0x0000120000200000, 0x0000120000aa0000, 0x0000120000aa0000)
[8.360s][debug][gc,heap        ] GC(165)   from space 1088K,   0% used [0x0000120000bb0000, 0x0000120000bb0130, 0x0000120000cc0000)
[8.360s][debug][gc,heap        ] GC(165)   to   space 1088K,   0% used [0x0000120000aa0000, 0x0000120000aa0000, 0x0000120000bb0000)
[8.360s][debug][gc,heap        ] GC(165)  tenured generation   total 21888K, used 2071K [0x000012000aca0000, 0x000012000c200000, 0x0000120020200000)
[8.360s][debug][gc,heap        ] GC(165)    the space 21888K,   9% used [0x000012000aca0000, 0x000012000aea5f88, 0x000012000aea6000, 0x000012000c200000)
[8.360s][debug][gc,heap        ] GC(165)  Metaspace       used 369K, committed 512K, reserved 1114112K
[8.360s][debug][gc,heap        ] GC(165)   class space    used 63K, committed 128K, reserved 1048576K
[8.360s][debug][gc,tlab        ] GC(165) TLAB totals: thrds: 2  refills: 101 max: 51 slow allocs: 0 max 0 waste:  0.1% gc: 8392B max: 8392B slow: 2064B max: 1264B
[8.360s][debug][gc,ref         ] GC(165) Skipped SoftWeakFinalRefsPhase of Reference Processing: no references
[8.360s][debug][gc,ref         ] GC(165) Skipped KeepAliveFinalRefsPhase of Reference Processing: no references
[8.360s][debug][gc,ref         ] GC(165) Skipped PhantomRefsPhase of Reference Processing: no references
[8.360s][debug][gc,phases,ref  ] GC(165) Reference Processing: 0.0ms
[8.360s][debug][gc,phases,ref  ] GC(165)   Notify Soft/WeakReferences: 0.0ms
[8.360s][debug][gc,phases,ref  ] GC(165)     SoftRef: skipped
[8.360s][debug][gc,phases,ref  ] GC(165)     WeakRef: skipped
[8.360s][debug][gc,phases,ref  ] GC(165)     FinalRef: skipped
[8.360s][debug][gc,phases,ref  ] GC(165)     Total: skipped
[8.360s][debug][gc,phases,ref  ] GC(165)   Notify and keep alive finalizable: 0.0ms
[8.360s][debug][gc,phases,ref  ] GC(165)     FinalRef: skipped
[8.360s][debug][gc,phases,ref  ] GC(165)   Notify PhantomReferences: 0.0ms
[8.360s][debug][gc,phases,ref  ] GC(165)     PhantomRef: skipped
[8.360s][debug][gc,phases,ref  ] GC(165)   SoftReference Discovered: 0, Dropped: 0, Processed: 0
[8.360s][debug][gc,phases,ref  ] GC(165)   WeakReference Discovered: 0, Dropped: 0, Processed: 0
[8.360s][debug][gc,phases,ref  ] GC(165)   FinalReference Discovered: 0, Dropped: 0, Processed: 0
[8.360s][debug][gc,phases,ref  ] GC(165)   PhantomReference Discovered: 0, Dropped: 0, Processed: 0
[8.360s][debug][gc,age         ] GC(165) Desired survivor size 557056 bytes, new threshold 15 (max threshold 15)
[8.360s][info ][gc,heap        ] GC(165) DefNew: 8832K(9920K)->0K(9920K) Eden: 8832K(8832K)->0K(8832K) From: 0K(1088K)->0K(1088K)
[8.360s][info ][gc,heap        ] GC(165) Tenured: 2071K(21888K)->2071K(21888K)
[8.360s][info ][gc,metaspace   ] GC(165) Metaspace: 369K(512K)->369K(512K) NonClass: 306K(384K)->306K(384K) Class: 63K(128K)->63K(128K)
[8.360s][debug][gc,heap        ] GC(165) Heap after GC invocations=166 (full 6):
[8.360s][debug][gc,heap        ] GC(165)  def new generation   total 9920K, used 0K [0x0000120000200000, 0x0000120000cc0000, 0x000012000aca0000)
[8.360s][debug][gc,heap        ] GC(165)   eden space 8832K,   0% used [0x0000120000200000, 0x0000120000200000, 0x0000120000aa0000)
[8.360s][debug][gc,heap        ] GC(165)   from space 1088K,   0% used [0x0000120000aa0000, 0x0000120000aa0198, 0x0000120000bb0000)
[8.360s][debug][gc,heap        ] GC(165)   to   space 1088K,   0% used [0x0000120000bb0000, 0x0000120000bb0000, 0x0000120000cc0000)
[8.360s][debug][gc,heap        ] GC(165)  tenured generation   total 21888K, used 2071K [0x000012000aca0000, 0x000012000c200000, 0x0000120020200000)
[8.360s][debug][gc,heap        ] GC(165)    the space 21888K,   9% used [0x000012000aca0000, 0x000012000aea5f88, 0x000012000aea6000, 0x000012000c200000)
[8.360s][debug][gc,heap        ] GC(165)  Metaspace       used 369K, committed 512K, reserved 1114112K
[8.360s][debug][gc,heap        ] GC(165)   class space    used 63K, committed 128K, reserved 1048576K
[8.360s][info ][gc             ] GC(165) Pause Young (Allocation Failure) 10M->2M(31M) 0.567ms
[8.360s][info ][gc,cpu         ] GC(165) User=0.00s Sys=0.00s Real=0.00s
[8.360s][info ][safepoint      ] Safepoint "GenCollectForAllocation", Time since last: 48180281 ns, Reaching safepoint: 3519 ns, Cleanup: 3738 ns, At safepoint: 612298 ns, Total: 619555 ns
[8.409s][info ][gc,start       ] GC(166) Pause Young (Allocation Failure)
[8.409s][debug][gc,heap        ] GC(166) Heap before GC invocations=166 (full 6):
[8.409s][debug][gc,heap        ] GC(166)  def new generation   total 9920K, used 8832K [0x0000120000200000, 0x0000120000cc0000, 0x000012000aca0000)
[8.409s][debug][gc,heap        ] GC(166)   eden space 8832K, 100% used [0x0000120000200000, 0x0000120000aa0000, 0x0000120000aa0000)
[8.409s][debug][gc,heap        ] GC(166)   from space 1088K,   0% used [0x0000120000aa0000, 0x0000120000aa0198, 0x0000120000bb0000)
[8.409s][debug][gc,heap        ] GC(166)   to   space 1088K,   0% used [0x0000120000bb0000, 0x0000120000bb0000, 0x0000120000cc0000)
[8.409s][debug][gc,heap        ] GC(166)  tenured generation   total 21888K, used 2071K [0x000012000aca0000, 0x000012000c200000, 0x0000120020200000)
[8.409s][debug][gc,heap        ] GC(166)    the space 21888K,   9% used [0x000012000aca0000, 0x000012000aea5f88, 0x000012000aea6000, 0x000012000c200000)
[8.409s][debug][gc,heap        ] GC(166)  Metaspace       used 369K, committed 512K, reserved 1114112K
[8.409s][debug][gc,heap        ] GC(166)   class space    used 63K, committed 128K, reserved 1048576K
[8.409s][debug][gc,tlab        ] GC(166) TLAB totals: thrds: 2  refills: 101 max: 51 slow allocs: 0 max 0 waste:  0.1% gc: 5440B max: 5440B slow: 2480B max: 1280B
[8.409s][debug][gc,ref         ] GC(166) Skipped SoftWeakFinalRefsPhase of Reference Processing: no references
[8.409s][debug][gc,ref         ] GC(166) Skipped KeepAliveFinalRefsPhase of Reference Processing: no references
[8.409s][debug][gc,ref         ] GC(166) Skipped PhantomRefsPhase of Reference Processing: no references
[8.409s][debug][gc,phases,ref  ] GC(166) Reference Processing: 0.0ms
[8.409s][debug][gc,phases,ref  ] GC(166)   Notify Soft/WeakReferences: 0.0ms
[8.409s][debug][gc,phases,ref  ] GC(166)     SoftRef: skipped
[8.409s][debug][gc,phases,ref  ] GC(166)     WeakRef: skipped
[8.409s][debug][gc,phases,ref  ] GC(166)     FinalRef: skipped
[8.409s][debug][gc,phases,ref  ] GC(166)     Total: skipped
[8.409s][debug][gc,phases,ref  ] GC(166)   Notify and keep alive finalizable: 0.0ms
[8.409s][debug][gc,phases,ref  ] GC(166)     FinalRef: skipped
[8.409s][debug][gc,phases,ref  ] GC(166)   Notify PhantomReferences: 0.0ms
[8.409s][debug][gc,phases,ref  ] GC(166)     PhantomRef: skipped
[8.409s][debug][gc,phases,ref  ] GC(166)   SoftReference Discovered: 0, Dropped: 0, Processed: 0
[8.409s][debug][gc,phases,ref  ] GC(166)   WeakReference Discovered: 0, Dropped: 0, Processed: 0
[8.409s][debug][gc,phases,ref  ] GC(166)   FinalReference Discovered: 0, Dropped: 0, Processed: 0
[8.409s][debug][gc,phases,ref  ] GC(166)   PhantomReference Discovered: 0, Dropped: 0, Processed: 0
[8.409s][debug][gc,age         ] GC(166) Desired survivor size 557056 bytes, new threshold 15 (max threshold 15)
[8.409s][info ][gc,heap        ] GC(166) DefNew: 8832K(9920K)->0K(9920K) Eden: 8832K(8832K)->0K(8832K) From: 0K(1088K)->0K(1088K)
[8.409s][info ][gc,heap        ] GC(166) Tenured: 2071K(21888K)->2071K(21888K)
[8.409s][info ][gc,metaspace   ] GC(166) Metaspace: 369K(512K)->369K(512K) NonClass: 306K(384K)->306K(384K) Class: 63K(128K)->63K(128K)
[8.409s][debug][gc,heap        ] GC(166) Heap after GC invocations=167 (full 6):
[8.409s][debug][gc,heap        ] GC(166)  def new generation   total 9920K, used 0K [0x0000120000200000, 0x0000120000cc0000, 0x000012000aca0000)
[8.409s][debug][gc,heap        ] GC(166)   eden space 8832K,   0% used [0x0000120000200000, 0x0000120000200000, 0x0000120000aa0000)
[8.409s][debug][gc,heap        ] GC(166)   from space 1088K,   0% used [0x0000120000bb0000, 0x0000120000bb0190, 0x0000120000cc0000)
[8.409s][debug][gc,heap        ] GC(166)   to   space 1088K,   0% used [0x0000120000aa0000, 0x0000120000aa0000, 0x0000120000bb0000)
[8.409s][debug][gc,heap        ] GC(166)  tenured generation   total 21888K, used 2071K [0x000012000aca0000, 0x000012000c200000, 0x0000120020200000)
[8.409s][debug][gc,heap        ] GC(166)    the space 21888K,   9% used [0x000012000aca0000, 0x000012000aea5f88, 0x000012000aea6000, 0x000012000c200000)
[8.409s][debug][gc,heap        ] GC(166)  Metaspace       used 369K, committed 512K, reserved 1114112K
[8.409s][debug][gc,heap        ] GC(166)   class space    used 63K, committed 128K, reserved 1048576K
[8.409s][info ][gc             ] GC(166) Pause Young (Allocation Failure) 10M->2M(31M) 0.557ms
[8.409s][info ][gc,cpu         ] GC(166) User=0.00s Sys=0.00s Real=0.00s
[8.409s][info ][safepoint      ] Safepoint "GenCollectForAllocation", Time since last: 48282117 ns, Reaching safepoint: 3486 ns, Cleanup: 3734 ns, At safepoint: 602063 ns, Total: 609283 ns
[8.458s][info ][gc,start       ] GC(167) Pause Young (Allocation Failure)
[8.458s][debug][gc,heap        ] GC(167) Heap before GC invocations=167 (full 6):
[8.458s][debug][gc,heap        ] GC(167)  def new generation   total 9920K, used 8832K [0x0000120000200000, 0x0000120000cc0000, 0x000012000aca0000)
[8.458s][debug][gc,heap        ] GC(167)   eden space 8832K, 100% used [0x0000120000200000, 0x0000120000aa0000, 0x0000120000aa0000)
[8.458s][debug][gc,heap        ] GC(167)   from space 1088K,   0% used [0x0000120000bb0000, 0x0000120000bb0190, 0x0000120000cc0000)
[8.458s][debug][gc,heap        ] GC(167)   to   space 1088K,   0% used [0x0000120000aa0000, 0x0000120000aa0000, 0x0000120000bb0000)
[8.458s][debug][gc,heap        ] GC(167)  tenured generation   total 21888K, used 2071K [0x000012000aca0000, 0x000012000c200000, 0x0000120020200000)
[8.458s][debug][gc,heap        ] GC(167)    the space 21888K,   9% used [0x000012000aca0000, 0x000012000aea5f88, 0x000012000aea6000, 0x000012000c200000)
[8.458s][debug][gc,heap        ] GC(167)  Metaspace       used 369K, committed 512K, reserved 1114112K
[8.458s][debug][gc,heap        ] GC(167)   class space    used 63K, committed 128K, reserved 1048576K
[8.458s][debug][gc,tlab        ] GC(167) TLAB totals: thrds: 2  refills: 101 max: 51 slow allocs: 0 max 0 waste:  0.0% gc: 448B max: 448B slow: 2528B max: 1304B
[8.458s][debug][gc,ref         ] GC(167) Skipped SoftWeakFinalRefsPhase of Reference Processing: no references
[8.458s][debug][gc,ref         ] GC(167) Skipped KeepAliveFinalRefsPhase of Reference Processing: no references
[8.458s][debug][gc,ref         ] GC(167) Skipped PhantomRefsPhase of Reference Processing: no references
[8.458s][debug][gc,phases,ref  ] GC(167) Reference Processing: 0.0ms
[8.458s][debug][gc,phases,ref  ] GC(167)   Notify Soft/WeakReferences: 0.0ms
[8.458s][debug][gc,phases,ref  ] GC(167)     SoftRef: skipped
[8.458s][debug][gc,phases,ref  ] GC(167)     WeakRef: skipped
[8.458s][debug][gc,phases,ref  ] GC(167)     FinalRef: skipped
[8.458s][debug][gc,phases,ref  ] GC(167)     Total: skipped
[8.458s][debug][gc,phases,ref  ] GC(167)   Notify and keep alive finalizable: 0.0ms
[8.458s][debug][gc,phases,ref  ] GC(167)     FinalRef: skipped
[8.458s][debug][gc,phases,ref  ] GC(167)   Notify PhantomReferences: 0.0ms
[8.458s][debug][gc,phases,ref  ] GC(167)     PhantomRef: skipped
[8.459s][debug][gc,phases,ref  ] GC(167)   SoftReference Discovered: 0, Dropped: 0, Processed: 0
[8.459s][debug][gc,phases,ref  ] GC(167)   WeakReference Discovered: 0, Dropped: 0, Processed: 0
[8.459s][debug][gc,phases,ref  ] GC(167)   FinalReference Discovered: 0, Dropped: 0, Processed: 0
[8.459s][debug][gc,phases,ref  ] GC(167)   PhantomReference Discovered: 0, Dropped: 0, Processed: 0
[8.459s][debug][gc,age         ] GC(167) Desired survivor size 557056 bytes, new threshold 15 (max threshold 15)
[8.459s][info ][gc,heap        ] GC(167) DefNew: 8832K(9920K)->0K(9920K) Eden: 8832K(8832K)->0K(8832K) From: 0K(1088K)->0K(1088K)
[8.459s][info ][gc,heap        ] GC(167) Tenured: 2071K(21888K)->2071K(21888K)
[8.459s][info ][gc,metaspace   ] GC(167) Metaspace: 369K(512K)->369K(512K) NonClass: 306K(384K)->306K(384K) Class: 63K(128K)->63K(128K)
[8.459s][debug][gc,heap        ] GC(167) Heap after GC invocations=168 (full 6):
[8.459s][debug][gc,heap        ] GC(167)  def new generation   total 9920K, used 0K [0x0000120000200000, 0x0000120000cc0000, 0x000012000aca0000)
[8.459s][debug][gc,heap        ] GC(167)   eden space 8832K,   0% used [0x0000120000200000, 0x0000120000200000, 0x0000120000aa0000)
[8.459s][debug][gc,heap        ] GC(167)   from space 1088K,   0% used [0x0000120000aa0000, 0x0000120000aa0110, 0x0000120000bb0000)
[8.459s][debug][gc,heap        ] GC(167)   to   space 1088K,   0% used [0x0000120000bb0000, 0x0000120000bb0000, 0x0000120000cc0000)
[8.459s][debug][gc,heap        ] GC(167)  tenured generation   total 21888K, used 2071K [0x000012000aca0000, 0x000012000c200000, 0x0000120020200000)
[8.459s][debug][gc,heap        ] GC(167)    the space 21888K,   9% used [0x000012000aca0000, 0x000012000aea5f88, 0x000012000aea6000, 0x000012000c200000)
[8.459s][debug][gc,heap        ] GC(167)  Metaspace       used 369K, committed 512K, reserved 1114112K
[8.459s][debug][gc,heap        ] GC(167)   class space    used 63K, committed 128K, reserved 1048576K
[8.459s][info ][gc             ] GC(167) Pause Young (Allocation Failure) 10M->2M(31M) 0.692ms
[8.459s][info ][gc,cpu         ] GC(167) User=0.00s Sys=0.00s Real=0.00s
[8.459s][info ][safepoint      ] Safepoint "GenCollectForAllocation", Time since last: 48740798 ns, Reaching safepoint: 3387 ns, Cleanup: 3692 ns, At safepoint: 736077 ns, Total: 743156 ns
[8.507s][info ][gc,start       ] GC(168) Pause Young (Allocation Failure)
[8.507s][debug][gc,heap        ] GC(168) Heap before GC invocations=168 (full 6):
[8.507s][debug][gc,heap        ] GC(168)  def new generation   total 9920K, used 8832K [0x0000120000200000, 0x0000120000cc0000, 0x000012000aca0000)
[8.507s][debug][gc,heap        ] GC(168)   eden space 8832K, 100% used [0x0000120000200000, 0x0000120000aa0000, 0x0000120000aa0000)
[8.507s][debug][gc,heap        ] GC(168)   from space 1088K,   0% used [0x0000120000aa0000, 0x0000120000aa0110, 0x0000120000bb0000)
[8.507s][debug][gc,heap        ] GC(168)   to   space 1088K,   0% used [0x0000120000bb0000, 0x0000120000bb0000, 0x0000120000cc0000)
[8.507s][debug][gc,heap        ] GC(168)  tenured generation   total 21888K, used 2071K [0x000012000aca0000, 0x000012000c200000, 0x0000120020200000)
[8.507s][debug][gc,heap        ] GC(168)    the space 21888K,   9% used [0x000012000aca0000, 0x000012000aea5f88, 0x000012000aea6000, 0x000012000c200000)
[8.507s][debug][gc,heap        ] GC(168)  Metaspace       used 369K, committed 512K, reserved 1114112K
[8.507s][debug][gc,heap        ] GC(168)   class space    used 63K, committed 128K, reserved 1048576K
[8.507s][debug][gc,tlab        ] GC(168) TLAB totals: thrds: 2  refills: 101 max: 51 slow allocs: 0 max 0 waste:  0.0% gc: 0B max: 0B slow: 2752B max: 1720B
[8.507s][debug][gc,ref         ] GC(168) Skipped SoftWeakFinalRefsPhase of Reference Processing: no references
[8.507s][debug][gc,ref         ] GC(168) Skipped KeepAliveFinalRefsPhase of Reference Processing: no references
[8.507s][debug][gc,ref         ] GC(168) Skipped PhantomRefsPhase of Reference Processing: no references
[8.507s][debug][gc,phases,ref  ] GC(168) Reference Processing: 0.0ms
[8.507s][debug][gc,phases,ref  ] GC(168)   Notify Soft/WeakReferences: 0.0ms
[8.507s][debug][gc,phases,ref  ] GC(168)     SoftRef: skipped
[8.507s][debug][gc,phases,ref  ] GC(168)     WeakRef: skipped
[8.507s][debug][gc,phases,ref  ] GC(168)     FinalRef: skipped
[8.507s][debug][gc,phases,ref  ] GC(168)     Total: skipped
[8.507s][debug][gc,phases,ref  ] GC(168)   Notify and keep alive finalizable: 0.0ms
[8.507s][debug][gc,phases,ref  ] GC(168)     FinalRef: skipped
[8.507s][debug][gc,phases,ref  ] GC(168)   Notify PhantomReferences: 0.0ms
[8.507s][debug][gc,phases,ref  ] GC(168)     PhantomRef: skipped
[8.507s][debug][gc,phases,ref  ] GC(168)   SoftReference Discovered: 0, Dropped: 0, Processed: 0
[8.507s][debug][gc,phases,ref  ] GC(168)   WeakReference Discovered: 0, Dropped: 0, Processed: 0
[8.507s][debug][gc,phases,ref  ] GC(168)   FinalReference Discovered: 0, Dropped: 0, Processed: 0
[8.507s][debug][gc,phases,ref  ] GC(168)   PhantomReference Discovered: 0, Dropped: 0, Processed: 0
[8.507s][debug][gc,age         ] GC(168) Desired survivor size 557056 bytes, new threshold 15 (max threshold 15)
[8.507s][info ][gc,heap        ] GC(168) DefNew: 8832K(9920K)->0K(9920K) Eden: 8832K(8832K)->0K(8832K) From: 0K(1088K)->0K(1088K)
[8.507s][info ][gc,heap        ] GC(168) Tenured: 2071K(21888K)->2071K(21888K)
[8.507s][info ][gc,metaspace   ] GC(168) Metaspace: 369K(512K)->369K(512K) NonClass: 306K(384K)->306K(384K) Class: 63K(128K)->63K(128K)
[8.507s][debug][gc,heap        ] GC(168) Heap after GC invocations=169 (full 6):
[8.507s][debug][gc,heap        ] GC(168)  def new generation   total 9920K, used 0K [0x0000120000200000, 0x0000120000cc0000, 0x000012000aca0000)
[8.507s][debug][gc,heap        ] GC(168)   eden space 8832K,   0% used [0x0000120000200000, 0x0000120000200000, 0x0000120000aa0000)
[8.507s][debug][gc,heap        ] GC(168)   from space 1088K,   0% used [0x0000120000bb0000, 0x0000120000bb01d0, 0x0000120000cc0000)
[8.507s][debug][gc,heap        ] GC(168)   to   space 1088K,   0% used [0x0000120000aa0000, 0x0000120000aa0000, 0x0000120000bb0000)
[8.507s][debug][gc,heap        ] GC(168)  tenured generation   total 21888K, used 2071K [0x000012000aca0000, 0x000012000c200000, 0x0000120020200000)
[8.507s][debug][gc,heap        ] GC(168)    the space 21888K,   9% used [0x000012000aca0000, 0x000012000aea5f88, 0x000012000aea6000, 0x000012000c200000)
[8.507s][debug][gc,heap        ] GC(168)  Metaspace       used 369K, committed 512K, reserved 1114112K
[8.507s][debug][gc,heap        ] GC(168)   class space    used 63K, committed 128K, reserved 1048576K
[8.507s][info ][gc             ] GC(168) Pause Young (Allocation Failure) 10M->2M(31M) 0.567ms
[8.507s][info ][gc,cpu         ] GC(168) User=0.00s Sys=0.00s Real=0.00s
[8.507s][info ][safepoint      ] Safepoint "GenCollectForAllocation", Time since last: 48010720 ns, Reaching safepoint: 3211 ns, Cleanup: 3655 ns, At safepoint: 603028 ns, Total: 609894 ns
[8.557s][info ][gc,start       ] GC(169) Pause Young (Allocation Failure)
[8.558s][debug][gc,heap        ] GC(169) Heap before GC invocations=169 (full 6):
[8.558s][debug][gc,heap        ] GC(169)  def new generation   total 9920K, used 8832K [0x0000120000200000, 0x0000120000cc0000, 0x000012000aca0000)
[8.558s][debug][gc,heap        ] GC(169)   eden space 8832K, 100% used [0x0000120000200000, 0x0000120000aa0000, 0x0000120000aa0000)
[8.558s][debug][gc,heap        ] GC(169)   from space 1088K,   0% used [0x0000120000bb0000, 0x0000120000bb01d0, 0x0000120000cc0000)
[8.558s][debug][gc,heap        ] GC(169)   to   space 1088K,   0% used [0x0000120000aa0000, 0x0000120000aa0000, 0x0000120000bb0000)
[8.558s][debug][gc,heap        ] GC(169)  tenured generation   total 21888K, used 2071K [0x000012000aca0000, 0x000012000c200000, 0x0000120020200000)
[8.558s][debug][gc,heap        ] GC(169)    the space 21888K,   9% used [0x000012000aca0000, 0x000012000aea5f88, 0x000012000aea6000, 0x000012000c200000)
[8.558s][debug][gc,heap        ] GC(169)  Metaspace       used 369K, committed 512K, reserved 1114112K
[8.558s][debug][gc,heap        ] GC(169)   class space    used 63K, committed 128K, reserved 1048576K
[8.558s][debug][gc,tlab        ] GC(169) TLAB totals: thrds: 2  refills: 100 max: 51 slow allocs: 0 max 0 waste:  0.0% gc: 0B max: 0B slow: 2384B max: 1384B
[8.558s][debug][gc,ref         ] GC(169) Skipped SoftWeakFinalRefsPhase of Reference Processing: no references
[8.558s][debug][gc,ref         ] GC(169) Skipped KeepAliveFinalRefsPhase of Reference Processing: no references
[8.558s][debug][gc,ref         ] GC(169) Skipped PhantomRefsPhase of Reference Processing: no references
[8.558s][debug][gc,phases,ref  ] GC(169) Reference Processing: 0.0ms
[8.558s][debug][gc,phases,ref  ] GC(169)   Notify Soft/WeakReferences: 0.0ms
[8.558s][debug][gc,phases,ref  ] GC(169)     SoftRef: skipped
[8.558s][debug][gc,phases,ref  ] GC(169)     WeakRef: skipped
[8.558s][debug][gc,phases,ref  ] GC(169)     FinalRef: skipped
[8.558s][debug][gc,phases,ref  ] GC(169)     Total: skipped
[8.558s][debug][gc,phases,ref  ] GC(169)   Notify and keep alive finalizable: 0.0ms
[8.558s][debug][gc,phases,ref  ] GC(169)     FinalRef: skipped
[8.558s][debug][gc,phases,ref  ] GC(169)   Notify PhantomReferences: 0.0ms
[8.558s][debug][gc,phases,ref  ] GC(169)     PhantomRef: skipped
[8.558s][debug][gc,phases,ref  ] GC(169)   SoftReference Discovered: 0, Dropped: 0, Processed: 0
[8.558s][debug][gc,phases,ref  ] GC(169)   WeakReference Discovered: 0, Dropped: 0, Processed: 0
[8.558s][debug][gc,phases,ref  ] GC(169)   FinalReference Discovered: 0, Dropped: 0, Processed: 0
[8.558s][debug][gc,phases,ref  ] GC(169)   PhantomReference Discovered: 0, Dropped: 0, Processed: 0
[8.558s][debug][gc,age         ] GC(169) Desired survivor size 557056 bytes, new threshold 15 (max threshold 15)
[8.558s][info ][gc,heap        ] GC(169) DefNew: 8832K(9920K)->0K(9920K) Eden: 8832K(8832K)->0K(8832K) From: 0K(1088K)->0K(1088K)
[8.558s][info ][gc,heap        ] GC(169) Tenured: 2071K(21888K)->2071K(21888K)
[8.558s][info ][gc,metaspace   ] GC(169) Metaspace: 369K(512K)->369K(512K) NonClass: 306K(384K)->306K(384K) Class: 63K(128K)->63K(128K)
[8.558s][debug][gc,heap        ] GC(169) Heap after GC invocations=170 (full 6):
[8.558s][debug][gc,heap        ] GC(169)  def new generation   total 9920K, used 0K [0x0000120000200000, 0x0000120000cc0000, 0x000012000aca0000)
[8.558s][debug][gc,heap        ] GC(169)   eden space 8832K,   0% used [0x0000120000200000, 0x0000120000200000, 0x0000120000aa0000)
[8.558s][debug][gc,heap        ] GC(169)   from space 1088K,   0% used [0x0000120000aa0000, 0x0000120000aa0118, 0x0000120000bb0000)
[8.558s][debug][gc,heap        ] GC(169)   to   space 1088K,   0% used [0x0000120000bb0000, 0x0000120000bb0000, 0x0000120000cc0000)
[8.558s][debug][gc,heap        ] GC(169)  tenured generation   total 21888K, used 2071K [0x000012000aca0000, 0x000012000c200000, 0x0000120020200000)
[8.558s][debug][gc,heap        ] GC(169)    the space 21888K,   9% used [0x000012000aca0000, 0x000012000aea5f88, 0x000012000aea6000, 0x000012000c200000)
[8.558s][debug][gc,heap        ] GC(169)  Metaspace       used 369K, committed 512K, reserved 1114112K
[8.558s][debug][gc,heap        ] GC(169)   class space    used 63K, committed 128K, reserved 1048576K
[8.558s][info ][gc             ] GC(169) Pause Young (Allocation Failure) 10M->2M(31M) 0.594ms
[8.558s][info ][gc,cpu         ] GC(169) User=0.00s Sys=0.00s Real=0.00s
[8.558s][info ][safepoint      ] Safepoint "GenCollectForAllocation", Time since last: 50109458 ns, Reaching safepoint: 3059 ns, Cleanup: 3643 ns, At safepoint: 630422 ns, Total: 637124 ns
[8.606s][info ][gc,start       ] GC(170) Pause Young (Allocation Failure)
[8.606s][debug][gc,heap        ] GC(170) Heap before GC invocations=170 (full 6):
[8.606s][debug][gc,heap        ] GC(170)  def new generation   total 9920K, used 8832K [0x0000120000200000, 0x0000120000cc0000, 0x000012000aca0000)
[8.606s][debug][gc,heap        ] GC(170)   eden space 8832K, 100% used [0x0000120000200000, 0x0000120000aa0000, 0x0000120000aa0000)
[8.606s][debug][gc,heap        ] GC(170)   from space 1088K,   0% used [0x0000120000aa0000, 0x0000120000aa0118, 0x0000120000bb0000)
[8.607s][debug][gc,heap        ] GC(170)   to   space 1088K,   0% used [0x0000120000bb0000, 0x0000120000bb0000, 0x0000120000cc0000)
[8.607s][debug][gc,heap        ] GC(170)  tenured generation   total 21888K, used 2071K [0x000012000aca0000, 0x000012000c200000, 0x0000120020200000)
[8.607s][debug][gc,heap        ] GC(170)    the space 21888K,   9% used [0x000012000aca0000, 0x000012000aea5f88, 0x000012000aea6000, 0x000012000c200000)
[8.607s][debug][gc,heap        ] GC(170)  Metaspace       used 369K, committed 512K, reserved 1114112K
[8.607s][debug][gc,heap        ] GC(170)   class space    used 63K, committed 128K, reserved 1048576K
[8.607s][debug][gc,tlab        ] GC(170) TLAB totals: thrds: 2  refills: 100 max: 51 slow allocs: 0 max 0 waste:  0.9% gc: 74592B max: 74592B slow: 2400B max: 1280B
[8.607s][debug][gc,ref         ] GC(170) Skipped SoftWeakFinalRefsPhase of Reference Processing: no references
[8.607s][debug][gc,ref         ] GC(170) Skipped KeepAliveFinalRefsPhase of Reference Processing: no references
[8.607s][debug][gc,ref         ] GC(170) Skipped PhantomRefsPhase of Reference Processing: no references
[8.607s][debug][gc,phases,ref  ] GC(170) Reference Processing: 0.0ms
[8.607s][debug][gc,phases,ref  ] GC(170)   Notify Soft/WeakReferences: 0.0ms
[8.607s][debug][gc,phases,ref  ] GC(170)     SoftRef: skipped
[8.607s][debug][gc,phases,ref  ] GC(170)     WeakRef: skipped
[8.607s][debug][gc,phases,ref  ] GC(170)     FinalRef: skipped
[8.607s][debug][gc,phases,ref  ] GC(170)     Total: skipped
[8.607s][debug][gc,phases,ref  ] GC(170)   Notify and keep alive finalizable: 0.0ms
[8.607s][debug][gc,phases,ref  ] GC(170)     FinalRef: skipped
[8.607s][debug][gc,phases,ref  ] GC(170)   Notify PhantomReferences: 0.0ms
[8.607s][debug][gc,phases,ref  ] GC(170)     PhantomRef: skipped
[8.607s][debug][gc,phases,ref  ] GC(170)   SoftReference Discovered: 0, Dropped: 0, Processed: 0
[8.607s][debug][gc,phases,ref  ] GC(170)   WeakReference Discovered: 0, Dropped: 0, Processed: 0
[8.607s][debug][gc,phases,ref  ] GC(170)   FinalReference Discovered: 0, Dropped: 0, Processed: 0
[8.607s][debug][gc,phases,ref  ] GC(170)   PhantomReference Discovered: 0, Dropped: 0, Processed: 0
[8.607s][debug][gc,age         ] GC(170) Desired survivor size 557056 bytes, new threshold 15 (max threshold 15)
[8.607s][info ][gc,heap        ] GC(170) DefNew: 8832K(9920K)->0K(9920K) Eden: 8832K(8832K)->0K(8832K) From: 0K(1088K)->0K(1088K)
[8.607s][info ][gc,heap        ] GC(170) Tenured: 2071K(21888K)->2071K(21888K)
[8.607s][info ][gc,metaspace   ] GC(170) Metaspace: 369K(512K)->369K(512K) NonClass: 306K(384K)->306K(384K) Class: 63K(128K)->63K(128K)
[8.607s][debug][gc,heap        ] GC(170) Heap after GC invocations=171 (full 6):
[8.607s][debug][gc,heap        ] GC(170)  def new generation   total 9920K, used 0K [0x0000120000200000, 0x0000120000cc0000, 0x000012000aca0000)
[8.607s][debug][gc,heap        ] GC(170)   eden space 8832K,   0% used [0x0000120000200000, 0x0000120000200000, 0x0000120000aa0000)
[8.607s][debug][gc,heap        ] GC(170)   from space 1088K,   0% used [0x0000120000bb0000, 0x0000120000bb0198, 0x0000120000cc0000)
[8.607s][debug][gc,heap        ] GC(170)   to   space 1088K,   0% used [0x0000120000aa0000, 0x0000120000aa0000, 0x0000120000bb0000)
[8.607s][debug][gc,heap        ] GC(170)  tenured generation   total 21888K, used 2071K [0x000012000aca0000, 0x000012000c200000, 0x0000120020200000)
[8.607s][debug][gc,heap        ] GC(170)    the space 21888K,   9% used [0x000012000aca0000, 0x000012000aea5f88, 0x000012000aea6000, 0x000012000c200000)
[8.607s][debug][gc,heap        ] GC(170)  Metaspace       used 369K, committed 512K, reserved 1114112K
[8.607s][debug][gc,heap        ] GC(170)   class space    used 63K, committed 128K, reserved 1048576K
[8.607s][info ][gc             ] GC(170) Pause Young (Allocation Failure) 10M->2M(31M) 0.559ms
[8.607s][info ][gc,cpu         ] GC(170) User=0.00s Sys=0.00s Real=0.00s
[8.607s][info ][safepoint      ] Safepoint "GenCollectForAllocation", Time since last: 48222547 ns, Reaching safepoint: 76217 ns, Cleanup: 3325 ns, At safepoint: 600657 ns, Total: 680199 ns
[8.656s][info ][gc,start       ] GC(171) Pause Young (Allocation Failure)
[8.656s][debug][gc,heap        ] GC(171) Heap before GC invocations=171 (full 6):
[8.656s][debug][gc,heap        ] GC(171)  def new generation   total 9920K, used 8832K [0x0000120000200000, 0x0000120000cc0000, 0x000012000aca0000)
[8.656s][debug][gc,heap        ] GC(171)   eden space 8832K, 100% used [0x0000120000200000, 0x0000120000aa0000, 0x0000120000aa0000)
[8.656s][debug][gc,heap        ] GC(171)   from space 1088K,   0% used [0x0000120000bb0000, 0x0000120000bb0198, 0x0000120000cc0000)
[8.656s][debug][gc,heap        ] GC(171)   to   space 1088K,   0% used [0x0000120000aa0000, 0x0000120000aa0000, 0x0000120000bb0000)
[8.656s][debug][gc,heap        ] GC(171)  tenured generation   total 21888K, used 2071K [0x000012000aca0000, 0x000012000c200000, 0x0000120020200000)
[8.656s][debug][gc,heap        ] GC(171)    the space 21888K,   9% used [0x000012000aca0000, 0x000012000aea5f88, 0x000012000aea6000, 0x000012000c200000)
[8.656s][debug][gc,heap        ] GC(171)  Metaspace       used 369K, committed 512K, reserved 1114112K
[8.656s][debug][gc,heap        ] GC(171)   class space    used 63K, committed 128K, reserved 1048576K
[8.656s][debug][gc,tlab        ] GC(171) TLAB totals: thrds: 2  refills: 101 max: 51 slow allocs: 0 max 0 waste:  0.1% gc: 9848B max: 9848B slow: 2792B max: 1536B
[8.656s][debug][gc,ref         ] GC(171) Skipped SoftWeakFinalRefsPhase of Reference Processing: no references
[8.656s][debug][gc,ref         ] GC(171) Skipped KeepAliveFinalRefsPhase of Reference Processing: no references
[8.656s][debug][gc,ref         ] GC(171) Skipped PhantomRefsPhase of Reference Processing: no references
[8.656s][debug][gc,phases,ref  ] GC(171) Reference Processing: 0.0ms
[8.656s][debug][gc,phases,ref  ] GC(171)   Notify Soft/WeakReferences: 0.0ms
[8.656s][debug][gc,phases,ref  ] GC(171)     SoftRef: skipped
[8.656s][debug][gc,phases,ref  ] GC(171)     WeakRef: skipped
[8.656s][debug][gc,phases,ref  ] GC(171)     FinalRef: skipped
[8.656s][debug][gc,phases,ref  ] GC(171)     Total: skipped
[8.656s][debug][gc,phases,ref  ] GC(171)   Notify and keep alive finalizable: 0.0ms
[8.656s][debug][gc,phases,ref  ] GC(171)     FinalRef: skipped
[8.656s][debug][gc,phases,ref  ] GC(171)   Notify PhantomReferences: 0.0ms
[8.656s][debug][gc,phases,ref  ] GC(171)     PhantomRef: skipped
[8.656s][debug][gc,phases,ref  ] GC(171)   SoftReference Discovered: 0, Dropped: 0, Processed: 0
[8.656s][debug][gc,phases,ref  ] GC(171)   WeakReference Discovered: 0, Dropped: 0, Processed: 0
[8.656s][debug][gc,phases,ref  ] GC(171)   FinalReference Discovered: 0, Dropped: 0, Processed: 0
[8.656s][debug][gc,phases,ref  ] GC(171)   PhantomReference Discovered: 0, Dropped: 0, Processed: 0
[8.656s][debug][gc,age         ] GC(171) Desired survivor size 557056 bytes, new threshold 15 (max threshold 15)
[8.656s][info ][gc,heap        ] GC(171) DefNew: 8832K(9920K)->0K(9920K) Eden: 8832K(8832K)->0K(8832K) From: 0K(1088K)->0K(1088K)
[8.656s][info ][gc,heap        ] GC(171) Tenured: 2071K(21888K)->2071K(21888K)
[8.656s][info ][gc,metaspace   ] GC(171) Metaspace: 369K(512K)->369K(512K) NonClass: 306K(384K)->306K(384K) Class: 63K(128K)->63K(128K)
[8.656s][debug][gc,heap        ] GC(171) Heap after GC invocations=172 (full 6):
[8.656s][debug][gc,heap        ] GC(171)  def new generation   total 9920K, used 0K [0x0000120000200000, 0x0000120000cc0000, 0x000012000aca0000)
[8.656s][debug][gc,heap        ] GC(171)   eden space 8832K,   0% used [0x0000120000200000, 0x0000120000200000, 0x0000120000aa0000)
[8.656s][debug][gc,heap        ] GC(171)   from space 1088K,   0% used [0x0000120000aa0000, 0x0000120000aa0120, 0x0000120000bb0000)
[8.656s][debug][gc,heap        ] GC(171)   to   space 1088K,   0% used [0x0000120000bb0000, 0x0000120000bb0000, 0x0000120000cc0000)
[8.656s][debug][gc,heap        ] GC(171)  tenured generation   total 21888K, used 2071K [0x000012000aca0000, 0x000012000c200000, 0x0000120020200000)
[8.656s][debug][gc,heap        ] GC(171)    the space 21888K,   9% used [0x000012000aca0000, 0x000012000aea5f88, 0x000012000aea6000, 0x000012000c200000)
[8.656s][debug][gc,heap        ] GC(171)  Metaspace       used 369K, committed 512K, reserved 1114112K
[8.656s][debug][gc,heap        ] GC(171)   class space    used 63K, committed 128K, reserved 1048576K
[8.656s][info ][gc             ] GC(171) Pause Young (Allocation Failure) 10M->2M(31M) 0.559ms
[8.656s][info ][gc,cpu         ] GC(171) User=0.00s Sys=0.00s Real=0.00s
[8.656s][info ][safepoint      ] Safepoint "GenCollectForAllocation", Time since last: 48827074 ns, Reaching safepoint: 3437 ns, Cleanup: 3605 ns, At safepoint: 603056 ns, Total: 610098 ns
[8.705s][info ][gc,start       ] GC(172) Pause Young (Allocation Failure)
[8.705s][debug][gc,heap        ] GC(172) Heap before GC invocations=172 (full 6):
[8.705s][debug][gc,heap        ] GC(172)  def new generation   total 9920K, used 8832K [0x0000120000200000, 0x0000120000cc0000, 0x000012000aca0000)
[8.705s][debug][gc,heap        ] GC(172)   eden space 8832K, 100% used [0x0000120000200000, 0x0000120000aa0000, 0x0000120000aa0000)
[8.705s][debug][gc,heap        ] GC(172)   from space 1088K,   0% used [0x0000120000aa0000, 0x0000120000aa0120, 0x0000120000bb0000)
[8.705s][debug][gc,heap        ] GC(172)   to   space 1088K,   0% used [0x0000120000bb0000, 0x0000120000bb0000, 0x0000120000cc0000)
[8.705s][debug][gc,heap        ] GC(172)  tenured generation   total 21888K, used 2071K [0x000012000aca0000, 0x000012000c200000, 0x0000120020200000)
[8.705s][debug][gc,heap        ] GC(172)    the space 21888K,   9% used [0x000012000aca0000, 0x000012000aea5f88, 0x000012000aea6000, 0x000012000c200000)
[8.705s][debug][gc,heap        ] GC(172)  Metaspace       used 369K, committed 512K, reserved 1114112K
[8.705s][debug][gc,heap        ] GC(172)   class space    used 63K, committed 128K, reserved 1048576K
[8.705s][debug][gc,tlab        ] GC(172) TLAB totals: thrds: 2  refills: 101 max: 51 slow allocs: 0 max 0 waste:  0.2% gc: 15864B max: 15864B slow: 2928B max: 1560B
[8.705s][debug][gc,ref         ] GC(172) Skipped SoftWeakFinalRefsPhase of Reference Processing: no references
[8.705s][debug][gc,ref         ] GC(172) Skipped KeepAliveFinalRefsPhase of Reference Processing: no references
[8.705s][debug][gc,ref         ] GC(172) Skipped PhantomRefsPhase of Reference Processing: no references
[8.705s][debug][gc,phases,ref  ] GC(172) Reference Processing: 0.0ms
[8.705s][debug][gc,phases,ref  ] GC(172)   Notify Soft/WeakReferences: 0.0ms
[8.705s][debug][gc,phases,ref  ] GC(172)     SoftRef: skipped
[8.705s][debug][gc,phases,ref  ] GC(172)     WeakRef: skipped
[8.705s][debug][gc,phases,ref  ] GC(172)     FinalRef: skipped
[8.705s][debug][gc,phases,ref  ] GC(172)     Total: skipped
[8.705s][debug][gc,phases,ref  ] GC(172)   Notify and keep alive finalizable: 0.0ms
[8.705s][debug][gc,phases,ref  ] GC(172)     FinalRef: skipped
[8.705s][debug][gc,phases,ref  ] GC(172)   Notify PhantomReferences: 0.0ms
[8.705s][debug][gc,phases,ref  ] GC(172)     PhantomRef: skipped
[8.705s][debug][gc,phases,ref  ] GC(172)   SoftReference Discovered: 0, Dropped: 0, Processed: 0
[8.705s][debug][gc,phases,ref  ] GC(172)   WeakReference Discovered: 0, Dropped: 0, Processed: 0
[8.705s][debug][gc,phases,ref  ] GC(172)   FinalReference Discovered: 0, Dropped: 0, Processed: 0
[8.705s][debug][gc,phases,ref  ] GC(172)   PhantomReference Discovered: 0, Dropped: 0, Processed: 0
[8.705s][debug][gc,age         ] GC(172) Desired survivor size 557056 bytes, new threshold 15 (max threshold 15)
[8.705s][info ][gc,heap        ] GC(172) DefNew: 8832K(9920K)->0K(9920K) Eden: 8832K(8832K)->0K(8832K) From: 0K(1088K)->0K(1088K)
[8.705s][info ][gc,heap        ] GC(172) Tenured: 2071K(21888K)->2071K(21888K)
[8.705s][info ][gc,metaspace   ] GC(172) Metaspace: 369K(512K)->369K(512K) NonClass: 306K(384K)->306K(384K) Class: 63K(128K)->63K(128K)
[8.705s][debug][gc,heap        ] GC(172) Heap after GC invocations=173 (full 6):
[8.705s][debug][gc,heap        ] GC(172)  def new generation   total 9920K, used 0K [0x0000120000200000, 0x0000120000cc0000, 0x000012000aca0000)
[8.705s][debug][gc,heap        ] GC(172)   eden space 8832K,   0% used [0x0000120000200000, 0x0000120000200000, 0x0000120000aa0000)
[8.705s][debug][gc,heap        ] GC(172)   from space 1088K,   0% used [0x0000120000bb0000, 0x0000120000bb0170, 0x0000120000cc0000)
[8.705s][debug][gc,heap        ] GC(172)   to   space 1088K,   0% used [0x0000120000aa0000, 0x0000120000aa0000, 0x0000120000bb0000)
[8.705s][debug][gc,heap        ] GC(172)  tenured generation   total 21888K, used 2071K [0x000012000aca0000, 0x000012000c200000, 0x0000120020200000)
[8.705s][debug][gc,heap        ] GC(172)    the space 21888K,   9% used [0x000012000aca0000, 0x000012000aea5f88, 0x000012000aea6000, 0x000012000c200000)
[8.705s][debug][gc,heap        ] GC(172)  Metaspace       used 369K, committed 512K, reserved 1114112K
[8.705s][debug][gc,heap        ] GC(172)   class space    used 63K, committed 128K, reserved 1048576K
[8.705s][info ][gc             ] GC(172) Pause Young (Allocation Failure) 10M->2M(31M) 0.558ms
[8.705s][info ][gc,cpu         ] GC(172) User=0.00s Sys=0.00s Real=0.00s
[8.705s][info ][safepoint      ] Safepoint "GenCollectForAllocation", Time since last: 48142942 ns, Reaching safepoint: 3455 ns, Cleanup: 3626 ns, At safepoint: 603012 ns, Total: 610093 ns
[8.753s][info ][gc,start       ] GC(173) Pause Young (Allocation Failure)
[8.753s][debug][gc,heap        ] GC(173) Heap before GC invocations=173 (full 6):
[8.753s][debug][gc,heap        ] GC(173)  def new generation   total 9920K, used 8832K [0x0000120000200000, 0x0000120000cc0000, 0x000012000aca0000)
[8.753s][debug][gc,heap        ] GC(173)   eden space 8832K, 100% used [0x0000120000200000, 0x0000120000aa0000, 0x0000120000aa0000)
[8.753s][debug][gc,heap        ] GC(173)   from space 1088K,   0% used [0x0000120000bb0000, 0x0000120000bb0170, 0x0000120000cc0000)
[8.753s][debug][gc,heap        ] GC(173)   to   space 1088K,   0% used [0x0000120000aa0000, 0x0000120000aa0000, 0x0000120000bb0000)
[8.753s][debug][gc,heap        ] GC(173)  tenured generation   total 21888K, used 2071K [0x000012000aca0000, 0x000012000c200000, 0x0000120020200000)
[8.753s][debug][gc,heap        ] GC(173)    the space 21888K,   9% used [0x000012000aca0000, 0x000012000aea5f88, 0x000012000aea6000, 0x000012000c200000)
[8.753s][debug][gc,heap        ] GC(173)  Metaspace       used 369K, committed 512K, reserved 1114112K
[8.753s][debug][gc,heap        ] GC(173)   class space    used 63K, committed 128K, reserved 1048576K
[8.753s][debug][gc,tlab        ] GC(173) TLAB totals: thrds: 2  refills: 101 max: 51 slow allocs: 0 max 0 waste:  0.3% gc: 21368B max: 21368B slow: 3200B max: 2000B
[8.753s][debug][gc,ref         ] GC(173) Skipped SoftWeakFinalRefsPhase of Reference Processing: no references
[8.753s][debug][gc,ref         ] GC(173) Skipped KeepAliveFinalRefsPhase of Reference Processing: no references
[8.753s][debug][gc,ref         ] GC(173) Skipped PhantomRefsPhase of Reference Processing: no references
[8.753s][debug][gc,phases,ref  ] GC(173) Reference Processing: 0.0ms
[8.753s][debug][gc,phases,ref  ] GC(173)   Notify Soft/WeakReferences: 0.0ms
[8.753s][debug][gc,phases,ref  ] GC(173)     SoftRef: skipped
[8.753s][debug][gc,phases,ref  ] GC(173)     WeakRef: skipped
[8.753s][debug][gc,phases,ref  ] GC(173)     FinalRef: skipped
[8.753s][debug][gc,phases,ref  ] GC(173)     Total: skipped
[8.753s][debug][gc,phases,ref  ] GC(173)   Notify and keep alive finalizable: 0.0ms
[8.753s][debug][gc,phases,ref  ] GC(173)     FinalRef: skipped
[8.753s][debug][gc,phases,ref  ] GC(173)   Notify PhantomReferences: 0.0ms
[8.753s][debug][gc,phases,ref  ] GC(173)     PhantomRef: skipped
[8.753s][debug][gc,phases,ref  ] GC(173)   SoftReference Discovered: 0, Dropped: 0, Processed: 0
[8.753s][debug][gc,phases,ref  ] GC(173)   WeakReference Discovered: 0, Dropped: 0, Processed: 0
[8.753s][debug][gc,phases,ref  ] GC(173)   FinalReference Discovered: 0, Dropped: 0, Processed: 0
[8.753s][debug][gc,phases,ref  ] GC(173)   PhantomReference Discovered: 0, Dropped: 0, Processed: 0
[8.753s][debug][gc,age         ] GC(173) Desired survivor size 557056 bytes, new threshold 15 (max threshold 15)
[8.753s][info ][gc,heap        ] GC(173) DefNew: 8832K(9920K)->0K(9920K) Eden: 8832K(8832K)->0K(8832K) From: 0K(1088K)->0K(1088K)
[8.753s][info ][gc,heap        ] GC(173) Tenured: 2071K(21888K)->2071K(21888K)
[8.753s][info ][gc,metaspace   ] GC(173) Metaspace: 369K(512K)->369K(512K) NonClass: 306K(384K)->306K(384K) Class: 63K(128K)->63K(128K)
[8.753s][debug][gc,heap        ] GC(173) Heap after GC invocations=174 (full 6):
[8.753s][debug][gc,heap        ] GC(173)  def new generation   total 9920K, used 0K [0x0000120000200000, 0x0000120000cc0000, 0x000012000aca0000)
[8.753s][debug][gc,heap        ] GC(173)   eden space 8832K,   0% used [0x0000120000200000, 0x0000120000200000, 0x0000120000aa0000)
[8.753s][debug][gc,heap        ] GC(173)   from space 1088K,   0% used [0x0000120000aa0000, 0x0000120000aa00d0, 0x0000120000bb0000)
[8.753s][debug][gc,heap        ] GC(173)   to   space 1088K,   0% used [0x0000120000bb0000, 0x0000120000bb0000, 0x0000120000cc0000)
[8.753s][debug][gc,heap        ] GC(173)  tenured generation   total 21888K, used 2071K [0x000012000aca0000, 0x000012000c200000, 0x0000120020200000)
[8.753s][debug][gc,heap        ] GC(173)    the space 21888K,   9% used [0x000012000aca0000, 0x000012000aea5f88, 0x000012000aea6000, 0x000012000c200000)
[8.753s][debug][gc,heap        ] GC(173)  Metaspace       used 369K, committed 512K, reserved 1114112K
[8.753s][debug][gc,heap        ] GC(173)   class space    used 63K, committed 128K, reserved 1048576K
[8.753s][info ][gc             ] GC(173) Pause Young (Allocation Failure) 10M->2M(31M) 0.553ms
[8.754s][info ][gc,cpu         ] GC(173) User=0.00s Sys=0.00s Real=0.00s
[8.754s][info ][safepoint      ] Safepoint "GenCollectForAllocation", Time since last: 47717367 ns, Reaching safepoint: 3205 ns, Cleanup: 3648 ns, At safepoint: 599247 ns, Total: 606100 ns
[8.802s][info ][gc,start       ] GC(174) Pause Young (Allocation Failure)
[8.802s][debug][gc,heap        ] GC(174) Heap before GC invocations=174 (full 6):
[8.802s][debug][gc,heap        ] GC(174)  def new generation   total 9920K, used 8832K [0x0000120000200000, 0x0000120000cc0000, 0x000012000aca0000)
[8.802s][debug][gc,heap        ] GC(174)   eden space 8832K, 100% used [0x0000120000200000, 0x0000120000aa0000, 0x0000120000aa0000)
[8.802s][debug][gc,heap        ] GC(174)   from space 1088K,   0% used [0x0000120000aa0000, 0x0000120000aa00d0, 0x0000120000bb0000)
[8.802s][debug][gc,heap        ] GC(174)   to   space 1088K,   0% used [0x0000120000bb0000, 0x0000120000bb0000, 0x0000120000cc0000)
[8.802s][debug][gc,heap        ] GC(174)  tenured generation   total 21888K, used 2071K [0x000012000aca0000, 0x000012000c200000, 0x0000120020200000)
[8.802s][debug][gc,heap        ] GC(174)    the space 21888K,   9% used [0x000012000aca0000, 0x000012000aea5f88, 0x000012000aea6000, 0x000012000c200000)
[8.802s][debug][gc,heap        ] GC(174)  Metaspace       used 369K, committed 512K, reserved 1114112K
[8.802s][debug][gc,heap        ] GC(174)   class space    used 63K, committed 128K, reserved 1048576K
[8.802s][debug][gc,tlab        ] GC(174) TLAB totals: thrds: 2  refills: 101 max: 51 slow allocs: 0 max 0 waste:  0.1% gc: 1816B max: 1816B slow: 2712B max: 1512B
[8.802s][debug][gc,ref         ] GC(174) Skipped SoftWeakFinalRefsPhase of Reference Processing: no references
[8.802s][debug][gc,ref         ] GC(174) Skipped KeepAliveFinalRefsPhase of Reference Processing: no references
[8.802s][debug][gc,ref         ] GC(174) Skipped PhantomRefsPhase of Reference Processing: no references
[8.802s][debug][gc,phases,ref  ] GC(174) Reference Processing: 0.0ms
[8.802s][debug][gc,phases,ref  ] GC(174)   Notify Soft/WeakReferences: 0.0ms
[8.802s][debug][gc,phases,ref  ] GC(174)     SoftRef: skipped
[8.802s][debug][gc,phases,ref  ] GC(174)     WeakRef: skipped
[8.802s][debug][gc,phases,ref  ] GC(174)     FinalRef: skipped
[8.802s][debug][gc,phases,ref  ] GC(174)     Total: skipped
[8.802s][debug][gc,phases,ref  ] GC(174)   Notify and keep alive finalizable: 0.0ms
[8.802s][debug][gc,phases,ref  ] GC(174)     FinalRef: skipped
[8.802s][debug][gc,phases,ref  ] GC(174)   Notify PhantomReferences: 0.0ms
[8.802s][debug][gc,phases,ref  ] GC(174)     PhantomRef: skipped
[8.802s][debug][gc,phases,ref  ] GC(174)   SoftReference Discovered: 0, Dropped: 0, Processed: 0
[8.802s][debug][gc,phases,ref  ] GC(174)   WeakReference Discovered: 0, Dropped: 0, Processed: 0
[8.802s][debug][gc,phases,ref  ] GC(174)   FinalReference Discovered: 0, Dropped: 0, Processed: 0
[8.802s][debug][gc,phases,ref  ] GC(174)   PhantomReference Discovered: 0, Dropped: 0, Processed: 0
[8.802s][debug][gc,age         ] GC(174) Desired survivor size 557056 bytes, new threshold 15 (max threshold 15)
[8.802s][info ][gc,heap        ] GC(174) DefNew: 8832K(9920K)->0K(9920K) Eden: 8832K(8832K)->0K(8832K) From: 0K(1088K)->0K(1088K)
[8.802s][info ][gc,heap        ] GC(174) Tenured: 2071K(21888K)->2071K(21888K)
[8.802s][info ][gc,metaspace   ] GC(174) Metaspace: 369K(512K)->369K(512K) NonClass: 306K(384K)->306K(384K) Class: 63K(128K)->63K(128K)
[8.802s][debug][gc,heap        ] GC(174) Heap after GC invocations=175 (full 6):
[8.802s][debug][gc,heap        ] GC(174)  def new generation   total 9920K, used 0K [0x0000120000200000, 0x0000120000cc0000, 0x000012000aca0000)
[8.802s][debug][gc,heap        ] GC(174)   eden space 8832K,   0% used [0x0000120000200000, 0x0000120000200000, 0x0000120000aa0000)
[8.802s][debug][gc,heap        ] GC(174)   from space 1088K,   0% used [0x0000120000bb0000, 0x0000120000bb00d0, 0x0000120000cc0000)
[8.802s][debug][gc,heap        ] GC(174)   to   space 1088K,   0% used [0x0000120000aa0000, 0x0000120000aa0000, 0x0000120000bb0000)
[8.802s][debug][gc,heap        ] GC(174)  tenured generation   total 21888K, used 2071K [0x000012000aca0000, 0x000012000c200000, 0x0000120020200000)
[8.802s][debug][gc,heap        ] GC(174)    the space 21888K,   9% used [0x000012000aca0000, 0x000012000aea5f88, 0x000012000aea6000, 0x000012000c200000)
[8.802s][debug][gc,heap        ] GC(174)  Metaspace       used 369K, committed 512K, reserved 1114112K
[8.802s][debug][gc,heap        ] GC(174)   class space    used 63K, committed 128K, reserved 1048576K
[8.802s][info ][gc             ] GC(174) Pause Young (Allocation Failure) 10M->2M(31M) 0.699ms
[8.803s][info ][gc,cpu         ] GC(174) User=0.00s Sys=0.00s Real=0.01s
[8.803s][info ][safepoint      ] Safepoint "GenCollectForAllocation", Time since last: 48247967 ns, Reaching safepoint: 3331 ns, Cleanup: 3694 ns, At safepoint: 750602 ns, Total: 757627 ns
[8.850s][info ][gc,start       ] GC(175) Pause Young (Allocation Failure)
[8.850s][debug][gc,heap        ] GC(175) Heap before GC invocations=175 (full 6):
[8.850s][debug][gc,heap        ] GC(175)  def new generation   total 9920K, used 8832K [0x0000120000200000, 0x0000120000cc0000, 0x000012000aca0000)
[8.850s][debug][gc,heap        ] GC(175)   eden space 8832K, 100% used [0x0000120000200000, 0x0000120000aa0000, 0x0000120000aa0000)
[8.850s][debug][gc,heap        ] GC(175)   from space 1088K,   0% used [0x0000120000bb0000, 0x0000120000bb00d0, 0x0000120000cc0000)
[8.850s][debug][gc,heap        ] GC(175)   to   space 1088K,   0% used [0x0000120000aa0000, 0x0000120000aa0000, 0x0000120000bb0000)
[8.851s][debug][gc,heap        ] GC(175)  tenured generation   total 21888K, used 2071K [0x000012000aca0000, 0x000012000c200000, 0x0000120020200000)
[8.851s][debug][gc,heap        ] GC(175)    the space 21888K,   9% used [0x000012000aca0000, 0x000012000aea5f88, 0x000012000aea6000, 0x000012000c200000)
[8.851s][debug][gc,heap        ] GC(175)  Metaspace       used 369K, committed 512K, reserved 1114112K
[8.851s][debug][gc,heap        ] GC(175)   class space    used 63K, committed 128K, reserved 1048576K
[8.851s][debug][gc,tlab        ] GC(175) TLAB totals: thrds: 2  refills: 101 max: 51 slow allocs: 0 max 0 waste:  0.6% gc: 48704B max: 48704B slow: 2864B max: 1520B
[8.851s][debug][gc,ref         ] GC(175) Skipped SoftWeakFinalRefsPhase of Reference Processing: no references
[8.851s][debug][gc,ref         ] GC(175) Skipped KeepAliveFinalRefsPhase of Reference Processing: no references
[8.851s][debug][gc,ref         ] GC(175) Skipped PhantomRefsPhase of Reference Processing: no references
[8.851s][debug][gc,phases,ref  ] GC(175) Reference Processing: 0.0ms
[8.851s][debug][gc,phases,ref  ] GC(175)   Notify Soft/WeakReferences: 0.0ms
[8.851s][debug][gc,phases,ref  ] GC(175)     SoftRef: skipped
[8.851s][debug][gc,phases,ref  ] GC(175)     WeakRef: skipped
[8.851s][debug][gc,phases,ref  ] GC(175)     FinalRef: skipped
[8.851s][debug][gc,phases,ref  ] GC(175)     Total: skipped
[8.851s][debug][gc,phases,ref  ] GC(175)   Notify and keep alive finalizable: 0.0ms
[8.851s][debug][gc,phases,ref  ] GC(175)     FinalRef: skipped
[8.851s][debug][gc,phases,ref  ] GC(175)   Notify PhantomReferences: 0.0ms
[8.851s][debug][gc,phases,ref  ] GC(175)     PhantomRef: skipped
[8.851s][debug][gc,phases,ref  ] GC(175)   SoftReference Discovered: 0, Dropped: 0, Processed: 0
[8.851s][debug][gc,phases,ref  ] GC(175)   WeakReference Discovered: 0, Dropped: 0, Processed: 0
[8.851s][debug][gc,phases,ref  ] GC(175)   FinalReference Discovered: 0, Dropped: 0, Processed: 0
[8.851s][debug][gc,phases,ref  ] GC(175)   PhantomReference Discovered: 0, Dropped: 0, Processed: 0
[8.851s][debug][gc,age         ] GC(175) Desired survivor size 557056 bytes, new threshold 15 (max threshold 15)
[8.851s][info ][gc,heap        ] GC(175) DefNew: 8832K(9920K)->0K(9920K) Eden: 8832K(8832K)->0K(8832K) From: 0K(1088K)->0K(1088K)
[8.851s][info ][gc,heap        ] GC(175) Tenured: 2071K(21888K)->2071K(21888K)
[8.851s][info ][gc,metaspace   ] GC(175) Metaspace: 369K(512K)->369K(512K) NonClass: 306K(384K)->306K(384K) Class: 63K(128K)->63K(128K)
[8.851s][debug][gc,heap        ] GC(175) Heap after GC invocations=176 (full 6):
[8.851s][debug][gc,heap        ] GC(175)  def new generation   total 9920K, used 0K [0x0000120000200000, 0x0000120000cc0000, 0x000012000aca0000)
[8.851s][debug][gc,heap        ] GC(175)   eden space 8832K,   0% used [0x0000120000200000, 0x0000120000200000, 0x0000120000aa0000)
[8.851s][debug][gc,heap        ] GC(175)   from space 1088K,   0% used [0x0000120000aa0000, 0x0000120000aa0158, 0x0000120000bb0000)
[8.851s][debug][gc,heap        ] GC(175)   to   space 1088K,   0% used [0x0000120000bb0000, 0x0000120000bb0000, 0x0000120000cc0000)
[8.851s][debug][gc,heap        ] GC(175)  tenured generation   total 21888K, used 2071K [0x000012000aca0000, 0x000012000c200000, 0x0000120020200000)
[8.851s][debug][gc,heap        ] GC(175)    the space 21888K,   9% used [0x000012000aca0000, 0x000012000aea5f88, 0x000012000aea6000, 0x000012000c200000)
[8.851s][debug][gc,heap        ] GC(175)  Metaspace       used 369K, committed 512K, reserved 1114112K
[8.851s][debug][gc,heap        ] GC(175)   class space    used 63K, committed 128K, reserved 1048576K
[8.851s][info ][gc             ] GC(175) Pause Young (Allocation Failure) 10M->2M(31M) 0.592ms
[8.851s][info ][gc,cpu         ] GC(175) User=0.00s Sys=0.00s Real=0.00s
[8.851s][info ][safepoint      ] Safepoint "GenCollectForAllocation", Time since last: 47862875 ns, Reaching safepoint: 3558 ns, Cleanup: 3775 ns, At safepoint: 636317 ns, Total: 643650 ns
[8.899s][info ][gc,start       ] GC(176) Pause Young (Allocation Failure)
[8.899s][debug][gc,heap        ] GC(176) Heap before GC invocations=176 (full 6):
[8.899s][debug][gc,heap        ] GC(176)  def new generation   total 9920K, used 8832K [0x0000120000200000, 0x0000120000cc0000, 0x000012000aca0000)
[8.899s][debug][gc,heap        ] GC(176)   eden space 8832K, 100% used [0x0000120000200000, 0x0000120000aa0000, 0x0000120000aa0000)
[8.899s][debug][gc,heap        ] GC(176)   from space 1088K,   0% used [0x0000120000aa0000, 0x0000120000aa0158, 0x0000120000bb0000)
[8.899s][debug][gc,heap        ] GC(176)   to   space 1088K,   0% used [0x0000120000bb0000, 0x0000120000bb0000, 0x0000120000cc0000)
[8.899s][debug][gc,heap        ] GC(176)  tenured generation   total 21888K, used 2071K [0x000012000aca0000, 0x000012000c200000, 0x0000120020200000)
[8.899s][debug][gc,heap        ] GC(176)    the space 21888K,   9% used [0x000012000aca0000, 0x000012000aea5f88, 0x000012000aea6000, 0x000012000c200000)
[8.899s][debug][gc,heap        ] GC(176)  Metaspace       used 369K, committed 512K, reserved 1114112K
[8.899s][debug][gc,heap        ] GC(176)   class space    used 63K, committed 128K, reserved 1048576K
[8.899s][debug][gc,tlab        ] GC(176) TLAB totals: thrds: 2  refills: 101 max: 51 slow allocs: 0 max 0 waste:  0.1% gc: 10104B max: 10104B slow: 2688B max: 1368B
[8.899s][debug][gc,ref         ] GC(176) Skipped SoftWeakFinalRefsPhase of Reference Processing: no references
[8.899s][debug][gc,ref         ] GC(176) Skipped KeepAliveFinalRefsPhase of Reference Processing: no references
[8.899s][debug][gc,ref         ] GC(176) Skipped PhantomRefsPhase of Reference Processing: no references
[8.899s][debug][gc,phases,ref  ] GC(176) Reference Processing: 0.0ms
[8.899s][debug][gc,phases,ref  ] GC(176)   Notify Soft/WeakReferences: 0.0ms
[8.899s][debug][gc,phases,ref  ] GC(176)     SoftRef: skipped
[8.899s][debug][gc,phases,ref  ] GC(176)     WeakRef: skipped
[8.899s][debug][gc,phases,ref  ] GC(176)     FinalRef: skipped
[8.899s][debug][gc,phases,ref  ] GC(176)     Total: skipped
[8.899s][debug][gc,phases,ref  ] GC(176)   Notify and keep alive finalizable: 0.0ms
[8.899s][debug][gc,phases,ref  ] GC(176)     FinalRef: skipped
[8.899s][debug][gc,phases,ref  ] GC(176)   Notify PhantomReferences: 0.0ms
[8.899s][debug][gc,phases,ref  ] GC(176)     PhantomRef: skipped
[8.899s][debug][gc,phases,ref  ] GC(176)   SoftReference Discovered: 0, Dropped: 0, Processed: 0
[8.899s][debug][gc,phases,ref  ] GC(176)   WeakReference Discovered: 0, Dropped: 0, Processed: 0
[8.899s][debug][gc,phases,ref  ] GC(176)   FinalReference Discovered: 0, Dropped: 0, Processed: 0
[8.899s][debug][gc,phases,ref  ] GC(176)   PhantomReference Discovered: 0, Dropped: 0, Processed: 0
[8.899s][debug][gc,age         ] GC(176) Desired survivor size 557056 bytes, new threshold 15 (max threshold 15)
[8.899s][info ][gc,heap        ] GC(176) DefNew: 8832K(9920K)->0K(9920K) Eden: 8832K(8832K)->0K(8832K) From: 0K(1088K)->0K(1088K)
[8.899s][info ][gc,heap        ] GC(176) Tenured: 2071K(21888K)->2071K(21888K)
[8.899s][info ][gc,metaspace   ] GC(176) Metaspace: 369K(512K)->369K(512K) NonClass: 306K(384K)->306K(384K) Class: 63K(128K)->63K(128K)
[8.899s][debug][gc,heap        ] GC(176) Heap after GC invocations=177 (full 6):
[8.899s][debug][gc,heap        ] GC(176)  def new generation   total 9920K, used 0K [0x0000120000200000, 0x0000120000cc0000, 0x000012000aca0000)
[8.899s][debug][gc,heap        ] GC(176)   eden space 8832K,   0% used [0x0000120000200000, 0x0000120000200000, 0x0000120000aa0000)
[8.899s][debug][gc,heap        ] GC(176)   from space 1088K,   0% used [0x0000120000bb0000, 0x0000120000bb0110, 0x0000120000cc0000)
[8.899s][debug][gc,heap        ] GC(176)   to   space 1088K,   0% used [0x0000120000aa0000, 0x0000120000aa0000, 0x0000120000bb0000)
[8.899s][debug][gc,heap        ] GC(176)  tenured generation   total 21888K, used 2071K [0x000012000aca0000, 0x000012000c200000, 0x0000120020200000)
[8.899s][debug][gc,heap        ] GC(176)    the space 21888K,   9% used [0x000012000aca0000, 0x000012000aea5f88, 0x000012000aea6000, 0x000012000c200000)
[8.899s][debug][gc,heap        ] GC(176)  Metaspace       used 369K, committed 512K, reserved 1114112K
[8.899s][debug][gc,heap        ] GC(176)   class space    used 63K, committed 128K, reserved 1048576K
[8.899s][info ][gc             ] GC(176) Pause Young (Allocation Failure) 10M->2M(31M) 0.554ms
[8.899s][info ][gc,cpu         ] GC(176) User=0.01s Sys=0.00s Real=0.00s
[8.899s][info ][safepoint      ] Safepoint "GenCollectForAllocation", Time since last: 47632568 ns, Reaching safepoint: 3619 ns, Cleanup: 3598 ns, At safepoint: 599679 ns, Total: 606896 ns
[8.949s][info ][gc,start       ] GC(177) Pause Young (Allocation Failure)
[8.949s][debug][gc,heap        ] GC(177) Heap before GC invocations=177 (full 6):
[8.949s][debug][gc,heap        ] GC(177)  def new generation   total 9920K, used 8832K [0x0000120000200000, 0x0000120000cc0000, 0x000012000aca0000)
[8.949s][debug][gc,heap        ] GC(177)   eden space 8832K, 100% used [0x0000120000200000, 0x0000120000aa0000, 0x0000120000aa0000)
[8.949s][debug][gc,heap        ] GC(177)   from space 1088K,   0% used [0x0000120000bb0000, 0x0000120000bb0110, 0x0000120000cc0000)
[8.949s][debug][gc,heap        ] GC(177)   to   space 1088K,   0% used [0x0000120000aa0000, 0x0000120000aa0000, 0x0000120000bb0000)
[8.949s][debug][gc,heap        ] GC(177)  tenured generation   total 21888K, used 2071K [0x000012000aca0000, 0x000012000c200000, 0x0000120020200000)
[8.949s][debug][gc,heap        ] GC(177)    the space 21888K,   9% used [0x000012000aca0000, 0x000012000aea5f88, 0x000012000aea6000, 0x000012000c200000)
[8.949s][debug][gc,heap        ] GC(177)  Metaspace       used 369K, committed 512K, reserved 1114112K
[8.949s][debug][gc,heap        ] GC(177)   class space    used 63K, committed 128K, reserved 1048576K
[8.949s][debug][gc,tlab        ] GC(177) TLAB totals: thrds: 2  refills: 101 max: 52 slow allocs: 0 max 0 waste:  0.2% gc: 16952B max: 16952B slow: 2984B max: 1632B
[8.949s][debug][gc,ref         ] GC(177) Skipped SoftWeakFinalRefsPhase of Reference Processing: no references
[8.949s][debug][gc,ref         ] GC(177) Skipped KeepAliveFinalRefsPhase of Reference Processing: no references
[8.949s][debug][gc,ref         ] GC(177) Skipped PhantomRefsPhase of Reference Processing: no references
[8.949s][debug][gc,phases,ref  ] GC(177) Reference Processing: 0.0ms
[8.949s][debug][gc,phases,ref  ] GC(177)   Notify Soft/WeakReferences: 0.0ms
[8.949s][debug][gc,phases,ref  ] GC(177)     SoftRef: skipped
[8.949s][debug][gc,phases,ref  ] GC(177)     WeakRef: skipped
[8.949s][debug][gc,phases,ref  ] GC(177)     FinalRef: skipped
[8.949s][debug][gc,phases,ref  ] GC(177)     Total: skipped
[8.949s][debug][gc,phases,ref  ] GC(177)   Notify and keep alive finalizable: 0.0ms
[8.949s][debug][gc,phases,ref  ] GC(177)     FinalRef: skipped
[8.949s][debug][gc,phases,ref  ] GC(177)   Notify PhantomReferences: 0.0ms
[8.949s][debug][gc,phases,ref  ] GC(177)     PhantomRef: skipped
[8.949s][debug][gc,phases,ref  ] GC(177)   SoftReference Discovered: 0, Dropped: 0, Processed: 0
[8.949s][debug][gc,phases,ref  ] GC(177)   WeakReference Discovered: 0, Dropped: 0, Processed: 0
[8.949s][debug][gc,phases,ref  ] GC(177)   FinalReference Discovered: 0, Dropped: 0, Processed: 0
[8.949s][debug][gc,phases,ref  ] GC(177)   PhantomReference Discovered: 0, Dropped: 0, Processed: 0
[8.949s][debug][gc,age         ] GC(177) Desired survivor size 557056 bytes, new threshold 15 (max threshold 15)
[8.950s][info ][gc,heap        ] GC(177) DefNew: 8832K(9920K)->0K(9920K) Eden: 8832K(8832K)->0K(8832K) From: 0K(1088K)->0K(1088K)
[8.950s][info ][gc,heap        ] GC(177) Tenured: 2071K(21888K)->2071K(21888K)
[8.950s][info ][gc,metaspace   ] GC(177) Metaspace: 369K(512K)->369K(512K) NonClass: 306K(384K)->306K(384K) Class: 63K(128K)->63K(128K)
[8.950s][debug][gc,heap        ] GC(177) Heap after GC invocations=178 (full 6):
[8.950s][debug][gc,heap        ] GC(177)  def new generation   total 9920K, used 0K [0x0000120000200000, 0x0000120000cc0000, 0x000012000aca0000)
[8.950s][debug][gc,heap        ] GC(177)   eden space 8832K,   0% used [0x0000120000200000, 0x0000120000200000, 0x0000120000aa0000)
[8.950s][debug][gc,heap        ] GC(177)   from space 1088K,   0% used [0x0000120000aa0000, 0x0000120000aa0188, 0x0000120000bb0000)
[8.950s][debug][gc,heap        ] GC(177)   to   space 1088K,   0% used [0x0000120000bb0000, 0x0000120000bb0000, 0x0000120000cc0000)
[8.950s][debug][gc,heap        ] GC(177)  tenured generation   total 21888K, used 2071K [0x000012000aca0000, 0x000012000c200000, 0x0000120020200000)
[8.950s][debug][gc,heap        ] GC(177)    the space 21888K,   9% used [0x000012000aca0000, 0x000012000aea5f88, 0x000012000aea6000, 0x000012000c200000)
[8.950s][debug][gc,heap        ] GC(177)  Metaspace       used 369K, committed 512K, reserved 1114112K
[8.950s][debug][gc,heap        ] GC(177)   class space    used 63K, committed 128K, reserved 1048576K
[8.950s][info ][gc             ] GC(177) Pause Young (Allocation Failure) 10M->2M(31M) 0.561ms
[8.950s][info ][gc,cpu         ] GC(177) User=0.00s Sys=0.00s Real=0.00s
[8.950s][info ][safepoint      ] Safepoint "GenCollectForAllocation", Time since last: 49784944 ns, Reaching safepoint: 3447 ns, Cleanup: 3821 ns, At safepoint: 606552 ns, Total: 613820 ns
[8.998s][info ][gc,start       ] GC(178) Pause Young (Allocation Failure)
[8.998s][debug][gc,heap        ] GC(178) Heap before GC invocations=178 (full 6):
[8.998s][debug][gc,heap        ] GC(178)  def new generation   total 9920K, used 8832K [0x0000120000200000, 0x0000120000cc0000, 0x000012000aca0000)
[8.998s][debug][gc,heap        ] GC(178)   eden space 8832K, 100% used [0x0000120000200000, 0x0000120000aa0000, 0x0000120000aa0000)
[8.998s][debug][gc,heap        ] GC(178)   from space 1088K,   0% used [0x0000120000aa0000, 0x0000120000aa0188, 0x0000120000bb0000)
[8.998s][debug][gc,heap        ] GC(178)   to   space 1088K,   0% used [0x0000120000bb0000, 0x0000120000bb0000, 0x0000120000cc0000)
[8.998s][debug][gc,heap        ] GC(178)  tenured generation   total 21888K, used 2071K [0x000012000aca0000, 0x000012000c200000, 0x0000120020200000)
[8.998s][debug][gc,heap        ] GC(178)    the space 21888K,   9% used [0x000012000aca0000, 0x000012000aea5f88, 0x000012000aea6000, 0x000012000c200000)
[8.998s][debug][gc,heap        ] GC(178)  Metaspace       used 369K, committed 512K, reserved 1114112K
[8.998s][debug][gc,heap        ] GC(178)   class space    used 63K, committed 128K, reserved 1048576K
[8.998s][debug][gc,tlab        ] GC(178) TLAB totals: thrds: 2  refills: 101 max: 51 slow allocs: 0 max 0 waste:  0.0% gc: 0B max: 0B slow: 2344B max: 1304B
[8.998s][debug][gc,ref         ] GC(178) Skipped SoftWeakFinalRefsPhase of Reference Processing: no references
[8.998s][debug][gc,ref         ] GC(178) Skipped KeepAliveFinalRefsPhase of Reference Processing: no references
[8.998s][debug][gc,ref         ] GC(178) Skipped PhantomRefsPhase of Reference Processing: no references
[8.998s][debug][gc,phases,ref  ] GC(178) Reference Processing: 0.0ms
[8.998s][debug][gc,phases,ref  ] GC(178)   Notify Soft/WeakReferences: 0.0ms
[8.998s][debug][gc,phases,ref  ] GC(178)     SoftRef: skipped
[8.998s][debug][gc,phases,ref  ] GC(178)     WeakRef: skipped
[8.998s][debug][gc,phases,ref  ] GC(178)     FinalRef: skipped
[8.998s][debug][gc,phases,ref  ] GC(178)     Total: skipped
[8.999s][debug][gc,phases,ref  ] GC(178)   Notify and keep alive finalizable: 0.0ms
[8.999s][debug][gc,phases,ref  ] GC(178)     FinalRef: skipped
[8.999s][debug][gc,phases,ref  ] GC(178)   Notify PhantomReferences: 0.0ms
[8.999s][debug][gc,phases,ref  ] GC(178)     PhantomRef: skipped
[8.999s][debug][gc,phases,ref  ] GC(178)   SoftReference Discovered: 0, Dropped: 0, Processed: 0
[8.999s][debug][gc,phases,ref  ] GC(178)   WeakReference Discovered: 0, Dropped: 0, Processed: 0
[8.999s][debug][gc,phases,ref  ] GC(178)   FinalReference Discovered: 0, Dropped: 0, Processed: 0
[8.999s][debug][gc,phases,ref  ] GC(178)   PhantomReference Discovered: 0, Dropped: 0, Processed: 0
[8.999s][debug][gc,age         ] GC(178) Desired survivor size 557056 bytes, new threshold 15 (max threshold 15)
[8.999s][info ][gc,heap        ] GC(178) DefNew: 8832K(9920K)->0K(9920K) Eden: 8832K(8832K)->0K(8832K) From: 0K(1088K)->0K(1088K)
[8.999s][info ][gc,heap        ] GC(178) Tenured: 2071K(21888K)->2071K(21888K)
[8.999s][info ][gc,metaspace   ] GC(178) Metaspace: 369K(512K)->369K(512K) NonClass: 306K(384K)->306K(384K) Class: 63K(128K)->63K(128K)
[8.999s][debug][gc,heap        ] GC(178) Heap after GC invocations=179 (full 6):
[8.999s][debug][gc,heap        ] GC(178)  def new generation   total 9920K, used 0K [0x0000120000200000, 0x0000120000cc0000, 0x000012000aca0000)
[8.999s][debug][gc,heap        ] GC(178)   eden space 8832K,   0% used [0x0000120000200000, 0x0000120000200000, 0x0000120000aa0000)
[8.999s][debug][gc,heap        ] GC(178)   from space 1088K,   0% used [0x0000120000bb0000, 0x0000120000bb0150, 0x0000120000cc0000)
[8.999s][debug][gc,heap        ] GC(178)   to   space 1088K,   0% used [0x0000120000aa0000, 0x0000120000aa0000, 0x0000120000bb0000)
[8.999s][debug][gc,heap        ] GC(178)  tenured generation   total 21888K, used 2071K [0x000012000aca0000, 0x000012000c200000, 0x0000120020200000)
[8.999s][debug][gc,heap        ] GC(178)    the space 21888K,   9% used [0x000012000aca0000, 0x000012000aea5f88, 0x000012000aea6000, 0x000012000c200000)
[8.999s][debug][gc,heap        ] GC(178)  Metaspace       used 369K, committed 512K, reserved 1114112K
[8.999s][debug][gc,heap        ] GC(178)   class space    used 63K, committed 128K, reserved 1048576K
[8.999s][info ][gc             ] GC(178) Pause Young (Allocation Failure) 10M->2M(31M) 0.701ms
[8.999s][info ][gc,cpu         ] GC(178) User=0.00s Sys=0.00s Real=0.00s
[8.999s][info ][safepoint      ] Safepoint "GenCollectForAllocation", Time since last: 48350117 ns, Reaching safepoint: 3045 ns, Cleanup: 3559 ns, At safepoint: 738872 ns, Total: 745476 ns
[9.048s][info ][gc,start       ] GC(179) Pause Young (Allocation Failure)
[9.048s][debug][gc,heap        ] GC(179) Heap before GC invocations=179 (full 6):
[9.048s][debug][gc,heap        ] GC(179)  def new generation   total 9920K, used 8832K [0x0000120000200000, 0x0000120000cc0000, 0x000012000aca0000)
[9.048s][debug][gc,heap        ] GC(179)   eden space 8832K, 100% used [0x0000120000200000, 0x0000120000aa0000, 0x0000120000aa0000)
[9.048s][debug][gc,heap        ] GC(179)   from space 1088K,   0% used [0x0000120000bb0000, 0x0000120000bb0150, 0x0000120000cc0000)
[9.048s][debug][gc,heap        ] GC(179)   to   space 1088K,   0% used [0x0000120000aa0000, 0x0000120000aa0000, 0x0000120000bb0000)
[9.048s][debug][gc,heap        ] GC(179)  tenured generation   total 21888K, used 2071K [0x000012000aca0000, 0x000012000c200000, 0x0000120020200000)
[9.048s][debug][gc,heap        ] GC(179)    the space 21888K,   9% used [0x000012000aca0000, 0x000012000aea5f88, 0x000012000aea6000, 0x000012000c200000)
[9.048s][debug][gc,heap        ] GC(179)  Metaspace       used 369K, committed 512K, reserved 1114112K
[9.048s][debug][gc,heap        ] GC(179)   class space    used 63K, committed 128K, reserved 1048576K
[9.048s][debug][gc,tlab        ] GC(179) TLAB totals: thrds: 2  refills: 100 max: 51 slow allocs: 0 max 0 waste:  0.4% gc: 32496B max: 32496B slow: 2048B max: 1248B
[9.048s][debug][gc,ref         ] GC(179) Skipped SoftWeakFinalRefsPhase of Reference Processing: no references
[9.048s][debug][gc,ref         ] GC(179) Skipped KeepAliveFinalRefsPhase of Reference Processing: no references
[9.048s][debug][gc,ref         ] GC(179) Skipped PhantomRefsPhase of Reference Processing: no references
[9.048s][debug][gc,phases,ref  ] GC(179) Reference Processing: 0.0ms
[9.048s][debug][gc,phases,ref  ] GC(179)   Notify Soft/WeakReferences: 0.0ms
[9.048s][debug][gc,phases,ref  ] GC(179)     SoftRef: skipped
[9.048s][debug][gc,phases,ref  ] GC(179)     WeakRef: skipped
[9.048s][debug][gc,phases,ref  ] GC(179)     FinalRef: skipped
[9.048s][debug][gc,phases,ref  ] GC(179)     Total: skipped
[9.048s][debug][gc,phases,ref  ] GC(179)   Notify and keep alive finalizable: 0.0ms
[9.048s][debug][gc,phases,ref  ] GC(179)     FinalRef: skipped
[9.048s][debug][gc,phases,ref  ] GC(179)   Notify PhantomReferences: 0.0ms
[9.048s][debug][gc,phases,ref  ] GC(179)     PhantomRef: skipped
[9.048s][debug][gc,phases,ref  ] GC(179)   SoftReference Discovered: 0, Dropped: 0, Processed: 0
[9.048s][debug][gc,phases,ref  ] GC(179)   WeakReference Discovered: 0, Dropped: 0, Processed: 0
[9.048s][debug][gc,phases,ref  ] GC(179)   FinalReference Discovered: 0, Dropped: 0, Processed: 0
[9.048s][debug][gc,phases,ref  ] GC(179)   PhantomReference Discovered: 0, Dropped: 0, Processed: 0
[9.048s][debug][gc,age         ] GC(179) Desired survivor size 557056 bytes, new threshold 15 (max threshold 15)
[9.048s][info ][gc,heap        ] GC(179) DefNew: 8832K(9920K)->0K(9920K) Eden: 8832K(8832K)->0K(8832K) From: 0K(1088K)->0K(1088K)
[9.048s][info ][gc,heap        ] GC(179) Tenured: 2071K(21888K)->2071K(21888K)
[9.048s][info ][gc,metaspace   ] GC(179) Metaspace: 369K(512K)->369K(512K) NonClass: 306K(384K)->306K(384K) Class: 63K(128K)->63K(128K)
[9.048s][debug][gc,heap        ] GC(179) Heap after GC invocations=180 (full 6):
[9.048s][debug][gc,heap        ] GC(179)  def new generation   total 9920K, used 0K [0x0000120000200000, 0x0000120000cc0000, 0x000012000aca0000)
[9.048s][debug][gc,heap        ] GC(179)   eden space 8832K,   0% used [0x0000120000200000, 0x0000120000200000, 0x0000120000aa0000)
[9.048s][debug][gc,heap        ] GC(179)   from space 1088K,   0% used [0x0000120000aa0000, 0x0000120000aa00d0, 0x0000120000bb0000)
[9.048s][debug][gc,heap        ] GC(179)   to   space 1088K,   0% used [0x0000120000bb0000, 0x0000120000bb0000, 0x0000120000cc0000)
[9.048s][debug][gc,heap        ] GC(179)  tenured generation   total 21888K, used 2071K [0x000012000aca0000, 0x000012000c200000, 0x0000120020200000)
[9.048s][debug][gc,heap        ] GC(179)    the space 21888K,   9% used [0x000012000aca0000, 0x000012000aea5f88, 0x000012000aea6000, 0x000012000c200000)
[9.048s][debug][gc,heap        ] GC(179)  Metaspace       used 369K, committed 512K, reserved 1114112K
[9.048s][debug][gc,heap        ] GC(179)   class space    used 63K, committed 128K, reserved 1048576K
[9.048s][info ][gc             ] GC(179) Pause Young (Allocation Failure) 10M->2M(31M) 0.581ms
[9.048s][info ][gc,cpu         ] GC(179) User=0.00s Sys=0.00s Real=0.00s
[9.048s][info ][safepoint      ] Safepoint "GenCollectForAllocation", Time since last: 48878937 ns, Reaching safepoint: 3608 ns, Cleanup: 3690 ns, At safepoint: 625198 ns, Total: 632496 ns
[9.096s][info ][gc,start       ] GC(180) Pause Young (Allocation Failure)
[9.097s][debug][gc,heap        ] GC(180) Heap before GC invocations=180 (full 6):
[9.097s][debug][gc,heap        ] GC(180)  def new generation   total 9920K, used 8832K [0x0000120000200000, 0x0000120000cc0000, 0x000012000aca0000)
[9.097s][debug][gc,heap        ] GC(180)   eden space 8832K, 100% used [0x0000120000200000, 0x0000120000aa0000, 0x0000120000aa0000)
[9.097s][debug][gc,heap        ] GC(180)   from space 1088K,   0% used [0x0000120000aa0000, 0x0000120000aa00d0, 0x0000120000bb0000)
[9.097s][debug][gc,heap        ] GC(180)   to   space 1088K,   0% used [0x0000120000bb0000, 0x0000120000bb0000, 0x0000120000cc0000)
[9.097s][debug][gc,heap        ] GC(180)  tenured generation   total 21888K, used 2071K [0x000012000aca0000, 0x000012000c200000, 0x0000120020200000)
[9.097s][debug][gc,heap        ] GC(180)    the space 21888K,   9% used [0x000012000aca0000, 0x000012000aea5f88, 0x000012000aea6000, 0x000012000c200000)
[9.097s][debug][gc,heap        ] GC(180)  Metaspace       used 369K, committed 512K, reserved 1114112K
[9.097s][debug][gc,heap        ] GC(180)   class space    used 63K, committed 128K, reserved 1048576K
[9.097s][debug][gc,tlab        ] GC(180) TLAB totals: thrds: 2  refills: 101 max: 51 slow allocs: 0 max 0 waste:  0.0% gc: 0B max: 0B slow: 2120B max: 1280B
[9.097s][debug][gc,ref         ] GC(180) Skipped SoftWeakFinalRefsPhase of Reference Processing: no references
[9.097s][debug][gc,ref         ] GC(180) Skipped KeepAliveFinalRefsPhase of Reference Processing: no references
[9.097s][debug][gc,ref         ] GC(180) Skipped PhantomRefsPhase of Reference Processing: no references
[9.097s][debug][gc,phases,ref  ] GC(180) Reference Processing: 0.0ms
[9.097s][debug][gc,phases,ref  ] GC(180)   Notify Soft/WeakReferences: 0.0ms
[9.097s][debug][gc,phases,ref  ] GC(180)     SoftRef: skipped
[9.097s][debug][gc,phases,ref  ] GC(180)     WeakRef: skipped
[9.097s][debug][gc,phases,ref  ] GC(180)     FinalRef: skipped
[9.097s][debug][gc,phases,ref  ] GC(180)     Total: skipped
[9.097s][debug][gc,phases,ref  ] GC(180)   Notify and keep alive finalizable: 0.0ms
[9.097s][debug][gc,phases,ref  ] GC(180)     FinalRef: skipped
[9.097s][debug][gc,phases,ref  ] GC(180)   Notify PhantomReferences: 0.0ms
[9.097s][debug][gc,phases,ref  ] GC(180)     PhantomRef: skipped
[9.097s][debug][gc,phases,ref  ] GC(180)   SoftReference Discovered: 0, Dropped: 0, Processed: 0
[9.097s][debug][gc,phases,ref  ] GC(180)   WeakReference Discovered: 0, Dropped: 0, Processed: 0
[9.097s][debug][gc,phases,ref  ] GC(180)   FinalReference Discovered: 0, Dropped: 0, Processed: 0
[9.097s][debug][gc,phases,ref  ] GC(180)   PhantomReference Discovered: 0, Dropped: 0, Processed: 0
[9.097s][debug][gc,age         ] GC(180) Desired survivor size 557056 bytes, new threshold 15 (max threshold 15)
[9.097s][info ][gc,heap        ] GC(180) DefNew: 8832K(9920K)->0K(9920K) Eden: 8832K(8832K)->0K(8832K) From: 0K(1088K)->0K(1088K)
[9.097s][info ][gc,heap        ] GC(180) Tenured: 2071K(21888K)->2071K(21888K)
[9.097s][info ][gc,metaspace   ] GC(180) Metaspace: 369K(512K)->369K(512K) NonClass: 306K(384K)->306K(384K) Class: 63K(128K)->63K(128K)
[9.097s][debug][gc,heap        ] GC(180) Heap after GC invocations=181 (full 6):
[9.097s][debug][gc,heap        ] GC(180)  def new generation   total 9920K, used 0K [0x0000120000200000, 0x0000120000cc0000, 0x000012000aca0000)
[9.097s][debug][gc,heap        ] GC(180)   eden space 8832K,   0% used [0x0000120000200000, 0x0000120000200000, 0x0000120000aa0000)
[9.097s][debug][gc,heap        ] GC(180)   from space 1088K,   0% used [0x0000120000bb0000, 0x0000120000bb0180, 0x0000120000cc0000)
[9.097s][debug][gc,heap        ] GC(180)   to   space 1088K,   0% used [0x0000120000aa0000, 0x0000120000aa0000, 0x0000120000bb0000)
[9.097s][debug][gc,heap        ] GC(180)  tenured generation   total 21888K, used 2071K [0x000012000aca0000, 0x000012000c200000, 0x0000120020200000)
[9.097s][debug][gc,heap        ] GC(180)    the space 21888K,   9% used [0x000012000aca0000, 0x000012000aea5f88, 0x000012000aea6000, 0x000012000c200000)
[9.097s][debug][gc,heap        ] GC(180)  Metaspace       used 369K, committed 512K, reserved 1114112K
[9.097s][debug][gc,heap        ] GC(180)   class space    used 63K, committed 128K, reserved 1048576K
[9.097s][info ][gc             ] GC(180) Pause Young (Allocation Failure) 10M->2M(31M) 0.580ms
[9.097s][info ][gc,cpu         ] GC(180) User=0.00s Sys=0.00s Real=0.00s
[9.097s][info ][safepoint      ] Safepoint "GenCollectForAllocation", Time since last: 48161706 ns, Reaching safepoint: 3097 ns, Cleanup: 3560 ns, At safepoint: 615844 ns, Total: 622501 ns
[9.145s][info ][gc,start       ] GC(181) Pause Young (Allocation Failure)
[9.145s][debug][gc,heap        ] GC(181) Heap before GC invocations=181 (full 6):
[9.145s][debug][gc,heap        ] GC(181)  def new generation   total 9920K, used 8832K [0x0000120000200000, 0x0000120000cc0000, 0x000012000aca0000)
[9.145s][debug][gc,heap        ] GC(181)   eden space 8832K, 100% used [0x0000120000200000, 0x0000120000aa0000, 0x0000120000aa0000)
[9.145s][debug][gc,heap        ] GC(181)   from space 1088K,   0% used [0x0000120000bb0000, 0x0000120000bb0180, 0x0000120000cc0000)
[9.145s][debug][gc,heap        ] GC(181)   to   space 1088K,   0% used [0x0000120000aa0000, 0x0000120000aa0000, 0x0000120000bb0000)
[9.145s][debug][gc,heap        ] GC(181)  tenured generation   total 21888K, used 2071K [0x000012000aca0000, 0x000012000c200000, 0x0000120020200000)
[9.145s][debug][gc,heap        ] GC(181)    the space 21888K,   9% used [0x000012000aca0000, 0x000012000aea5f88, 0x000012000aea6000, 0x000012000c200000)
[9.145s][debug][gc,heap        ] GC(181)  Metaspace       used 369K, committed 512K, reserved 1114112K
[9.145s][debug][gc,heap        ] GC(181)   class space    used 63K, committed 128K, reserved 1048576K
[9.145s][debug][gc,tlab        ] GC(181) TLAB totals: thrds: 2  refills: 100 max: 51 slow allocs: 0 max 0 waste:  0.4% gc: 33032B max: 33032B slow: 2488B max: 1248B
[9.145s][debug][gc,ref         ] GC(181) Skipped SoftWeakFinalRefsPhase of Reference Processing: no references
[9.145s][debug][gc,ref         ] GC(181) Skipped KeepAliveFinalRefsPhase of Reference Processing: no references
[9.145s][debug][gc,ref         ] GC(181) Skipped PhantomRefsPhase of Reference Processing: no references
[9.145s][debug][gc,phases,ref  ] GC(181) Reference Processing: 0.0ms
[9.145s][debug][gc,phases,ref  ] GC(181)   Notify Soft/WeakReferences: 0.0ms
[9.145s][debug][gc,phases,ref  ] GC(181)     SoftRef: skipped
[9.145s][debug][gc,phases,ref  ] GC(181)     WeakRef: skipped
[9.145s][debug][gc,phases,ref  ] GC(181)     FinalRef: skipped
[9.145s][debug][gc,phases,ref  ] GC(181)     Total: skipped
[9.145s][debug][gc,phases,ref  ] GC(181)   Notify and keep alive finalizable: 0.0ms
[9.145s][debug][gc,phases,ref  ] GC(181)     FinalRef: skipped
[9.145s][debug][gc,phases,ref  ] GC(181)   Notify PhantomReferences: 0.0ms
[9.145s][debug][gc,phases,ref  ] GC(181)     PhantomRef: skipped
[9.145s][debug][gc,phases,ref  ] GC(181)   SoftReference Discovered: 0, Dropped: 0, Processed: 0
[9.145s][debug][gc,phases,ref  ] GC(181)   WeakReference Discovered: 0, Dropped: 0, Processed: 0
[9.145s][debug][gc,phases,ref  ] GC(181)   FinalReference Discovered: 0, Dropped: 0, Processed: 0
[9.145s][debug][gc,phases,ref  ] GC(181)   PhantomReference Discovered: 0, Dropped: 0, Processed: 0
[9.145s][debug][gc,age         ] GC(181) Desired survivor size 557056 bytes, new threshold 15 (max threshold 15)
[9.145s][info ][gc,heap        ] GC(181) DefNew: 8832K(9920K)->0K(9920K) Eden: 8832K(8832K)->0K(8832K) From: 0K(1088K)->0K(1088K)
[9.145s][info ][gc,heap        ] GC(181) Tenured: 2071K(21888K)->2071K(21888K)
[9.146s][info ][gc,metaspace   ] GC(181) Metaspace: 369K(512K)->369K(512K) NonClass: 306K(384K)->306K(384K) Class: 63K(128K)->63K(128K)
[9.146s][debug][gc,heap        ] GC(181) Heap after GC invocations=182 (full 6):
[9.146s][debug][gc,heap        ] GC(181)  def new generation   total 9920K, used 0K [0x0000120000200000, 0x0000120000cc0000, 0x000012000aca0000)
[9.146s][debug][gc,heap        ] GC(181)   eden space 8832K,   0% used [0x0000120000200000, 0x0000120000200000, 0x0000120000aa0000)
[9.146s][debug][gc,heap        ] GC(181)   from space 1088K,   0% used [0x0000120000aa0000, 0x0000120000aa0148, 0x0000120000bb0000)
[9.146s][debug][gc,heap        ] GC(181)   to   space 1088K,   0% used [0x0000120000bb0000, 0x0000120000bb0000, 0x0000120000cc0000)
[9.146s][debug][gc,heap        ] GC(181)  tenured generation   total 21888K, used 2071K [0x000012000aca0000, 0x000012000c200000, 0x0000120020200000)
[9.146s][debug][gc,heap        ] GC(181)    the space 21888K,   9% used [0x000012000aca0000, 0x000012000aea5f88, 0x000012000aea6000, 0x000012000c200000)
[9.146s][debug][gc,heap        ] GC(181)  Metaspace       used 369K, committed 512K, reserved 1114112K
[9.146s][debug][gc,heap        ] GC(181)   class space    used 63K, committed 128K, reserved 1048576K
[9.146s][info ][gc             ] GC(181) Pause Young (Allocation Failure) 10M->2M(31M) 0.566ms
[9.146s][info ][gc,cpu         ] GC(181) User=0.00s Sys=0.00s Real=0.00s
[9.146s][info ][safepoint      ] Safepoint "GenCollectForAllocation", Time since last: 47963772 ns, Reaching safepoint: 3563 ns, Cleanup: 4005 ns, At safepoint: 611340 ns, Total: 618908 ns
[9.193s][info ][gc,start       ] GC(182) Pause Young (Allocation Failure)
[9.194s][debug][gc,heap        ] GC(182) Heap before GC invocations=182 (full 6):
[9.194s][debug][gc,heap        ] GC(182)  def new generation   total 9920K, used 8832K [0x0000120000200000, 0x0000120000cc0000, 0x000012000aca0000)
[9.194s][debug][gc,heap        ] GC(182)   eden space 8832K, 100% used [0x0000120000200000, 0x0000120000aa0000, 0x0000120000aa0000)
[9.194s][debug][gc,heap        ] GC(182)   from space 1088K,   0% used [0x0000120000aa0000, 0x0000120000aa0148, 0x0000120000bb0000)
[9.194s][debug][gc,heap        ] GC(182)   to   space 1088K,   0% used [0x0000120000bb0000, 0x0000120000bb0000, 0x0000120000cc0000)
[9.194s][debug][gc,heap        ] GC(182)  tenured generation   total 21888K, used 2071K [0x000012000aca0000, 0x000012000c200000, 0x0000120020200000)
[9.194s][debug][gc,heap        ] GC(182)    the space 21888K,   9% used [0x000012000aca0000, 0x000012000aea5f88, 0x000012000aea6000, 0x000012000c200000)
[9.194s][debug][gc,heap        ] GC(182)  Metaspace       used 369K, committed 512K, reserved 1114112K
[9.194s][debug][gc,heap        ] GC(182)   class space    used 63K, committed 128K, reserved 1048576K
[9.194s][debug][gc,tlab        ] GC(182) TLAB totals: thrds: 2  refills: 101 max: 51 slow allocs: 0 max 0 waste:  0.4% gc: 36144B max: 36144B slow: 2144B max: 1344B
[9.194s][debug][gc,ref         ] GC(182) Skipped SoftWeakFinalRefsPhase of Reference Processing: no references
[9.194s][debug][gc,ref         ] GC(182) Skipped KeepAliveFinalRefsPhase of Reference Processing: no references
[9.194s][debug][gc,ref         ] GC(182) Skipped PhantomRefsPhase of Reference Processing: no references
[9.194s][debug][gc,phases,ref  ] GC(182) Reference Processing: 0.0ms
[9.194s][debug][gc,phases,ref  ] GC(182)   Notify Soft/WeakReferences: 0.0ms
[9.194s][debug][gc,phases,ref  ] GC(182)     SoftRef: skipped
[9.194s][debug][gc,phases,ref  ] GC(182)     WeakRef: skipped
[9.194s][debug][gc,phases,ref  ] GC(182)     FinalRef: skipped
[9.194s][debug][gc,phases,ref  ] GC(182)     Total: skipped
[9.194s][debug][gc,phases,ref  ] GC(182)   Notify and keep alive finalizable: 0.0ms
[9.194s][debug][gc,phases,ref  ] GC(182)     FinalRef: skipped
[9.194s][debug][gc,phases,ref  ] GC(182)   Notify PhantomReferences: 0.0ms
[9.194s][debug][gc,phases,ref  ] GC(182)     PhantomRef: skipped
[9.194s][debug][gc,phases,ref  ] GC(182)   SoftReference Discovered: 0, Dropped: 0, Processed: 0
[9.194s][debug][gc,phases,ref  ] GC(182)   WeakReference Discovered: 0, Dropped: 0, Processed: 0
[9.194s][debug][gc,phases,ref  ] GC(182)   FinalReference Discovered: 0, Dropped: 0, Processed: 0
[9.194s][debug][gc,phases,ref  ] GC(182)   PhantomReference Discovered: 0, Dropped: 0, Processed: 0
[9.194s][debug][gc,age         ] GC(182) Desired survivor size 557056 bytes, new threshold 15 (max threshold 15)
[9.194s][info ][gc,heap        ] GC(182) DefNew: 8832K(9920K)->0K(9920K) Eden: 8832K(8832K)->0K(8832K) From: 0K(1088K)->0K(1088K)
[9.194s][info ][gc,heap        ] GC(182) Tenured: 2071K(21888K)->2071K(21888K)
[9.194s][info ][gc,metaspace   ] GC(182) Metaspace: 369K(512K)->369K(512K) NonClass: 306K(384K)->306K(384K) Class: 63K(128K)->63K(128K)
[9.194s][debug][gc,heap        ] GC(182) Heap after GC invocations=183 (full 6):
[9.194s][debug][gc,heap        ] GC(182)  def new generation   total 9920K, used 0K [0x0000120000200000, 0x0000120000cc0000, 0x000012000aca0000)
[9.194s][debug][gc,heap        ] GC(182)   eden space 8832K,   0% used [0x0000120000200000, 0x0000120000200000, 0x0000120000aa0000)
[9.194s][debug][gc,heap        ] GC(182)   from space 1088K,   0% used [0x0000120000bb0000, 0x0000120000bb0150, 0x0000120000cc0000)
[9.194s][debug][gc,heap        ] GC(182)   to   space 1088K,   0% used [0x0000120000aa0000, 0x0000120000aa0000, 0x0000120000bb0000)
[9.194s][debug][gc,heap        ] GC(182)  tenured generation   total 21888K, used 2071K [0x000012000aca0000, 0x000012000c200000, 0x0000120020200000)
[9.194s][debug][gc,heap        ] GC(182)    the space 21888K,   9% used [0x000012000aca0000, 0x000012000aea5f88, 0x000012000aea6000, 0x000012000c200000)
[9.194s][debug][gc,heap        ] GC(182)  Metaspace       used 369K, committed 512K, reserved 1114112K
[9.194s][debug][gc,heap        ] GC(182)   class space    used 63K, committed 128K, reserved 1048576K
[9.194s][info ][gc             ] GC(182) Pause Young (Allocation Failure) 10M->2M(31M) 0.559ms
[9.194s][info ][gc,cpu         ] GC(182) User=0.00s Sys=0.00s Real=0.00s
[9.194s][info ][safepoint      ] Safepoint "GenCollectForAllocation", Time since last: 47817050 ns, Reaching safepoint: 3162 ns, Cleanup: 3722 ns, At safepoint: 602207 ns, Total: 609091 ns
[9.242s][info ][gc,start       ] GC(183) Pause Young (Allocation Failure)
[9.242s][debug][gc,heap        ] GC(183) Heap before GC invocations=183 (full 6):
[9.242s][debug][gc,heap        ] GC(183)  def new generation   total 9920K, used 8832K [0x0000120000200000, 0x0000120000cc0000, 0x000012000aca0000)
[9.242s][debug][gc,heap        ] GC(183)   eden space 8832K, 100% used [0x0000120000200000, 0x0000120000aa0000, 0x0000120000aa0000)
[9.242s][debug][gc,heap        ] GC(183)   from space 1088K,   0% used [0x0000120000bb0000, 0x0000120000bb0150, 0x0000120000cc0000)
[9.242s][debug][gc,heap        ] GC(183)   to   space 1088K,   0% used [0x0000120000aa0000, 0x0000120000aa0000, 0x0000120000bb0000)
[9.242s][debug][gc,heap        ] GC(183)  tenured generation   total 21888K, used 2071K [0x000012000aca0000, 0x000012000c200000, 0x0000120020200000)
[9.242s][debug][gc,heap        ] GC(183)    the space 21888K,   9% used [0x000012000aca0000, 0x000012000aea5f88, 0x000012000aea6000, 0x000012000c200000)
[9.242s][debug][gc,heap        ] GC(183)  Metaspace       used 369K, committed 512K, reserved 1114112K
[9.242s][debug][gc,heap        ] GC(183)   class space    used 63K, committed 128K, reserved 1048576K
[9.242s][debug][gc,tlab        ] GC(183) TLAB totals: thrds: 2  refills: 101 max: 51 slow allocs: 0 max 0 waste:  0.1% gc: 9080B max: 9080B slow: 2824B max: 1464B
[9.242s][debug][gc,ref         ] GC(183) Skipped SoftWeakFinalRefsPhase of Reference Processing: no references
[9.242s][debug][gc,ref         ] GC(183) Skipped KeepAliveFinalRefsPhase of Reference Processing: no references
[9.242s][debug][gc,ref         ] GC(183) Skipped PhantomRefsPhase of Reference Processing: no references
[9.242s][debug][gc,phases,ref  ] GC(183) Reference Processing: 0.0ms
[9.242s][debug][gc,phases,ref  ] GC(183)   Notify Soft/WeakReferences: 0.0ms
[9.242s][debug][gc,phases,ref  ] GC(183)     SoftRef: skipped
[9.242s][debug][gc,phases,ref  ] GC(183)     WeakRef: skipped
[9.242s][debug][gc,phases,ref  ] GC(183)     FinalRef: skipped
[9.242s][debug][gc,phases,ref  ] GC(183)     Total: skipped
[9.242s][debug][gc,phases,ref  ] GC(183)   Notify and keep alive finalizable: 0.0ms
[9.242s][debug][gc,phases,ref  ] GC(183)     FinalRef: skipped
[9.242s][debug][gc,phases,ref  ] GC(183)   Notify PhantomReferences: 0.0ms
[9.242s][debug][gc,phases,ref  ] GC(183)     PhantomRef: skipped
[9.242s][debug][gc,phases,ref  ] GC(183)   SoftReference Discovered: 0, Dropped: 0, Processed: 0
[9.242s][debug][gc,phases,ref  ] GC(183)   WeakReference Discovered: 0, Dropped: 0, Processed: 0
[9.242s][debug][gc,phases,ref  ] GC(183)   FinalReference Discovered: 0, Dropped: 0, Processed: 0
[9.242s][debug][gc,phases,ref  ] GC(183)   PhantomReference Discovered: 0, Dropped: 0, Processed: 0
[9.242s][debug][gc,age         ] GC(183) Desired survivor size 557056 bytes, new threshold 15 (max threshold 15)
[9.242s][info ][gc,heap        ] GC(183) DefNew: 8832K(9920K)->0K(9920K) Eden: 8832K(8832K)->0K(8832K) From: 0K(1088K)->0K(1088K)
[9.242s][info ][gc,heap        ] GC(183) Tenured: 2071K(21888K)->2071K(21888K)
[9.242s][info ][gc,metaspace   ] GC(183) Metaspace: 369K(512K)->369K(512K) NonClass: 306K(384K)->306K(384K) Class: 63K(128K)->63K(128K)
[9.242s][debug][gc,heap        ] GC(183) Heap after GC invocations=184 (full 6):
[9.242s][debug][gc,heap        ] GC(183)  def new generation   total 9920K, used 0K [0x0000120000200000, 0x0000120000cc0000, 0x000012000aca0000)
[9.242s][debug][gc,heap        ] GC(183)   eden space 8832K,   0% used [0x0000120000200000, 0x0000120000200000, 0x0000120000aa0000)
[9.242s][debug][gc,heap        ] GC(183)   from space 1088K,   0% used [0x0000120000aa0000, 0x0000120000aa0138, 0x0000120000bb0000)
[9.242s][debug][gc,heap        ] GC(183)   to   space 1088K,   0% used [0x0000120000bb0000, 0x0000120000bb0000, 0x0000120000cc0000)
[9.242s][debug][gc,heap        ] GC(183)  tenured generation   total 21888K, used 2071K [0x000012000aca0000, 0x000012000c200000, 0x0000120020200000)
[9.242s][debug][gc,heap        ] GC(183)    the space 21888K,   9% used [0x000012000aca0000, 0x000012000aea5f88, 0x000012000aea6000, 0x000012000c200000)
[9.242s][debug][gc,heap        ] GC(183)  Metaspace       used 369K, committed 512K, reserved 1114112K
[9.242s][debug][gc,heap        ] GC(183)   class space    used 63K, committed 128K, reserved 1048576K
[9.242s][info ][gc             ] GC(183) Pause Young (Allocation Failure) 10M->2M(31M) 0.575ms
[9.242s][info ][gc,cpu         ] GC(183) User=0.01s Sys=0.00s Real=0.01s
[9.242s][info ][safepoint      ] Safepoint "GenCollectForAllocation", Time since last: 47695377 ns, Reaching safepoint: 3192 ns, Cleanup: 3713 ns, At safepoint: 596962 ns, Total: 603867 ns
[9.293s][info ][gc,start       ] GC(184) Pause Young (Allocation Failure)
[9.293s][debug][gc,heap        ] GC(184) Heap before GC invocations=184 (full 6):
[9.293s][debug][gc,heap        ] GC(184)  def new generation   total 9920K, used 8832K [0x0000120000200000, 0x0000120000cc0000, 0x000012000aca0000)
[9.293s][debug][gc,heap        ] GC(184)   eden space 8832K, 100% used [0x0000120000200000, 0x0000120000aa0000, 0x0000120000aa0000)
[9.293s][debug][gc,heap        ] GC(184)   from space 1088K,   0% used [0x0000120000aa0000, 0x0000120000aa0138, 0x0000120000bb0000)
[9.293s][debug][gc,heap        ] GC(184)   to   space 1088K,   0% used [0x0000120000bb0000, 0x0000120000bb0000, 0x0000120000cc0000)
[9.293s][debug][gc,heap        ] GC(184)  tenured generation   total 21888K, used 2071K [0x000012000aca0000, 0x000012000c200000, 0x0000120020200000)
[9.293s][debug][gc,heap        ] GC(184)    the space 21888K,   9% used [0x000012000aca0000, 0x000012000aea5f88, 0x000012000aea6000, 0x000012000c200000)
[9.293s][debug][gc,heap        ] GC(184)  Metaspace       used 369K, committed 512K, reserved 1114112K
[9.293s][debug][gc,heap        ] GC(184)   class space    used 63K, committed 128K, reserved 1048576K
[9.293s][debug][gc,tlab        ] GC(184) TLAB totals: thrds: 2  refills: 101 max: 53 slow allocs: 0 max 0 waste:  0.6% gc: 50920B max: 50920B slow: 2440B max: 1416B
[9.293s][debug][gc,ref         ] GC(184) Skipped SoftWeakFinalRefsPhase of Reference Processing: no references
[9.293s][debug][gc,ref         ] GC(184) Skipped KeepAliveFinalRefsPhase of Reference Processing: no references
[9.293s][debug][gc,ref         ] GC(184) Skipped PhantomRefsPhase of Reference Processing: no references
[9.293s][debug][gc,phases,ref  ] GC(184) Reference Processing: 0.0ms
[9.293s][debug][gc,phases,ref  ] GC(184)   Notify Soft/WeakReferences: 0.0ms
[9.293s][debug][gc,phases,ref  ] GC(184)     SoftRef: skipped
[9.293s][debug][gc,phases,ref  ] GC(184)     WeakRef: skipped
[9.293s][debug][gc,phases,ref  ] GC(184)     FinalRef: skipped
[9.293s][debug][gc,phases,ref  ] GC(184)     Total: skipped
[9.293s][debug][gc,phases,ref  ] GC(184)   Notify and keep alive finalizable: 0.0ms
[9.293s][debug][gc,phases,ref  ] GC(184)     FinalRef: skipped
[9.293s][debug][gc,phases,ref  ] GC(184)   Notify PhantomReferences: 0.0ms
[9.293s][debug][gc,phases,ref  ] GC(184)     PhantomRef: skipped
[9.293s][debug][gc,phases,ref  ] GC(184)   SoftReference Discovered: 0, Dropped: 0, Processed: 0
[9.293s][debug][gc,phases,ref  ] GC(184)   WeakReference Discovered: 0, Dropped: 0, Processed: 0
[9.293s][debug][gc,phases,ref  ] GC(184)   FinalReference Discovered: 0, Dropped: 0, Processed: 0
[9.293s][debug][gc,phases,ref  ] GC(184)   PhantomReference Discovered: 0, Dropped: 0, Processed: 0
[9.293s][debug][gc,age         ] GC(184) Desired survivor size 557056 bytes, new threshold 15 (max threshold 15)
[9.293s][info ][gc,heap        ] GC(184) DefNew: 8832K(9920K)->0K(9920K) Eden: 8832K(8832K)->0K(8832K) From: 0K(1088K)->0K(1088K)
[9.293s][info ][gc,heap        ] GC(184) Tenured: 2071K(21888K)->2071K(21888K)
[9.293s][info ][gc,metaspace   ] GC(184) Metaspace: 369K(512K)->369K(512K) NonClass: 306K(384K)->306K(384K) Class: 63K(128K)->63K(128K)
[9.293s][debug][gc,heap        ] GC(184) Heap after GC invocations=185 (full 6):
[9.293s][debug][gc,heap        ] GC(184)  def new generation   total 9920K, used 0K [0x0000120000200000, 0x0000120000cc0000, 0x000012000aca0000)
[9.293s][debug][gc,heap        ] GC(184)   eden space 8832K,   0% used [0x0000120000200000, 0x0000120000200000, 0x0000120000aa0000)
[9.293s][debug][gc,heap        ] GC(184)   from space 1088K,   0% used [0x0000120000bb0000, 0x0000120000bb0188, 0x0000120000cc0000)
[9.293s][debug][gc,heap        ] GC(184)   to   space 1088K,   0% used [0x0000120000aa0000, 0x0000120000aa0000, 0x0000120000bb0000)
[9.293s][debug][gc,heap        ] GC(184)  tenured generation   total 21888K, used 2071K [0x000012000aca0000, 0x000012000c200000, 0x0000120020200000)
[9.293s][debug][gc,heap        ] GC(184)    the space 21888K,   9% used [0x000012000aca0000, 0x000012000aea5f88, 0x000012000aea6000, 0x000012000c200000)
[9.293s][debug][gc,heap        ] GC(184)  Metaspace       used 369K, committed 512K, reserved 1114112K
[9.293s][debug][gc,heap        ] GC(184)   class space    used 63K, committed 128K, reserved 1048576K
[9.293s][info ][gc             ] GC(184) Pause Young (Allocation Failure) 10M->2M(31M) 0.559ms
[9.293s][info ][gc,cpu         ] GC(184) User=0.00s Sys=0.00s Real=0.00s
[9.293s][info ][safepoint      ] Safepoint "GenCollectForAllocation", Time since last: 50378432 ns, Reaching safepoint: 3439 ns, Cleanup: 3693 ns, At safepoint: 604362 ns, Total: 611494 ns
[9.342s][info ][gc,start       ] GC(185) Pause Young (Allocation Failure)
[9.342s][debug][gc,heap        ] GC(185) Heap before GC invocations=185 (full 6):
[9.342s][debug][gc,heap        ] GC(185)  def new generation   total 9920K, used 8832K [0x0000120000200000, 0x0000120000cc0000, 0x000012000aca0000)
[9.342s][debug][gc,heap        ] GC(185)   eden space 8832K, 100% used [0x0000120000200000, 0x0000120000aa0000, 0x0000120000aa0000)
[9.342s][debug][gc,heap        ] GC(185)   from space 1088K,   0% used [0x0000120000bb0000, 0x0000120000bb0188, 0x0000120000cc0000)
[9.342s][debug][gc,heap        ] GC(185)   to   space 1088K,   0% used [0x0000120000aa0000, 0x0000120000aa0000, 0x0000120000bb0000)
[9.342s][debug][gc,heap        ] GC(185)  tenured generation   total 21888K, used 2071K [0x000012000aca0000, 0x000012000c200000, 0x0000120020200000)
[9.342s][debug][gc,heap        ] GC(185)    the space 21888K,   9% used [0x000012000aca0000, 0x000012000aea5f88, 0x000012000aea6000, 0x000012000c200000)
[9.342s][debug][gc,heap        ] GC(185)  Metaspace       used 369K, committed 512K, reserved 1114112K
[9.342s][debug][gc,heap        ] GC(185)   class space    used 63K, committed 128K, reserved 1048576K
[9.342s][debug][gc,tlab        ] GC(185) TLAB totals: thrds: 2  refills: 101 max: 52 slow allocs: 0 max 0 waste:  0.3% gc: 28440B max: 28440B slow: 2512B max: 1288B
[9.342s][debug][gc,ref         ] GC(185) Skipped SoftWeakFinalRefsPhase of Reference Processing: no references
[9.342s][debug][gc,ref         ] GC(185) Skipped KeepAliveFinalRefsPhase of Reference Processing: no references
[9.342s][debug][gc,ref         ] GC(185) Skipped PhantomRefsPhase of Reference Processing: no references
[9.342s][debug][gc,phases,ref  ] GC(185) Reference Processing: 0.0ms
[9.342s][debug][gc,phases,ref  ] GC(185)   Notify Soft/WeakReferences: 0.0ms
[9.342s][debug][gc,phases,ref  ] GC(185)     SoftRef: skipped
[9.342s][debug][gc,phases,ref  ] GC(185)     WeakRef: skipped
[9.342s][debug][gc,phases,ref  ] GC(185)     FinalRef: skipped
[9.342s][debug][gc,phases,ref  ] GC(185)     Total: skipped
[9.342s][debug][gc,phases,ref  ] GC(185)   Notify and keep alive finalizable: 0.0ms
[9.342s][debug][gc,phases,ref  ] GC(185)     FinalRef: skipped
[9.342s][debug][gc,phases,ref  ] GC(185)   Notify PhantomReferences: 0.0ms
[9.342s][debug][gc,phases,ref  ] GC(185)     PhantomRef: skipped
[9.342s][debug][gc,phases,ref  ] GC(185)   SoftReference Discovered: 0, Dropped: 0, Processed: 0
[9.342s][debug][gc,phases,ref  ] GC(185)   WeakReference Discovered: 0, Dropped: 0, Processed: 0
[9.342s][debug][gc,phases,ref  ] GC(185)   FinalReference Discovered: 0, Dropped: 0, Processed: 0
[9.342s][debug][gc,phases,ref  ] GC(185)   PhantomReference Discovered: 0, Dropped: 0, Processed: 0
[9.342s][debug][gc,age         ] GC(185) Desired survivor size 557056 bytes, new threshold 15 (max threshold 15)
[9.342s][info ][gc,heap        ] GC(185) DefNew: 8832K(9920K)->0K(9920K) Eden: 8832K(8832K)->0K(8832K) From: 0K(1088K)->0K(1088K)
[9.342s][info ][gc,heap        ] GC(185) Tenured: 2071K(21888K)->2071K(21888K)
[9.342s][info ][gc,metaspace   ] GC(185) Metaspace: 369K(512K)->369K(512K) NonClass: 306K(384K)->306K(384K) Class: 63K(128K)->63K(128K)
[9.342s][debug][gc,heap        ] GC(185) Heap after GC invocations=186 (full 6):
[9.342s][debug][gc,heap        ] GC(185)  def new generation   total 9920K, used 0K [0x0000120000200000, 0x0000120000cc0000, 0x000012000aca0000)
[9.342s][debug][gc,heap        ] GC(185)   eden space 8832K,   0% used [0x0000120000200000, 0x0000120000200000, 0x0000120000aa0000)
[9.342s][debug][gc,heap        ] GC(185)   from space 1088K,   0% used [0x0000120000aa0000, 0x0000120000aa0190, 0x0000120000bb0000)
[9.342s][debug][gc,heap        ] GC(185)   to   space 1088K,   0% used [0x0000120000bb0000, 0x0000120000bb0000, 0x0000120000cc0000)
[9.342s][debug][gc,heap        ] GC(185)  tenured generation   total 21888K, used 2071K [0x000012000aca0000, 0x000012000c200000, 0x0000120020200000)
[9.342s][debug][gc,heap        ] GC(185)    the space 21888K,   9% used [0x000012000aca0000, 0x000012000aea5f88, 0x000012000aea6000, 0x000012000c200000)
[9.342s][debug][gc,heap        ] GC(185)  Metaspace       used 369K, committed 512K, reserved 1114112K
[9.342s][debug][gc,heap        ] GC(185)   class space    used 63K, committed 128K, reserved 1048576K
[9.342s][info ][gc             ] GC(185) Pause Young (Allocation Failure) 10M->2M(31M) 0.441ms
[9.342s][info ][gc,cpu         ] GC(185) User=0.00s Sys=0.00s Real=0.01s
[9.342s][info ][safepoint      ] Safepoint "GenCollectForAllocation", Time since last: 48506345 ns, Reaching safepoint: 76554 ns, Cleanup: 3425 ns, At safepoint: 459949 ns, Total: 539928 ns
[9.402s][info ][gc,start       ] GC(186) Pause Young (Allocation Failure)
[9.402s][debug][gc,heap        ] GC(186) Heap before GC invocations=186 (full 6):
[9.402s][debug][gc,heap        ] GC(186)  def new generation   total 9920K, used 8832K [0x0000120000200000, 0x0000120000cc0000, 0x000012000aca0000)
[9.402s][debug][gc,heap        ] GC(186)   eden space 8832K, 100% used [0x0000120000200000, 0x0000120000aa0000, 0x0000120000aa0000)
[9.402s][debug][gc,heap        ] GC(186)   from space 1088K,   0% used [0x0000120000aa0000, 0x0000120000aa0190, 0x0000120000bb0000)
[9.402s][debug][gc,heap        ] GC(186)   to   space 1088K,   0% used [0x0000120000bb0000, 0x0000120000bb0000, 0x0000120000cc0000)
[9.402s][debug][gc,heap        ] GC(186)  tenured generation   total 21888K, used 2071K [0x000012000aca0000, 0x000012000c200000, 0x0000120020200000)
[9.402s][debug][gc,heap        ] GC(186)    the space 21888K,   9% used [0x000012000aca0000, 0x000012000aea5f88, 0x000012000aea6000, 0x000012000c200000)
[9.402s][debug][gc,heap        ] GC(186)  Metaspace       used 369K, committed 512K, reserved 1114112K
[9.402s][debug][gc,heap        ] GC(186)   class space    used 63K, committed 128K, reserved 1048576K
[9.402s][debug][gc,tlab        ] GC(186) TLAB totals: thrds: 2  refills: 101 max: 63 slow allocs: 0 max 0 waste:  0.2% gc: 19056B max: 19056B slow: 2736B max: 1896B
[9.402s][debug][gc,ref         ] GC(186) Skipped SoftWeakFinalRefsPhase of Reference Processing: no references
[9.402s][debug][gc,ref         ] GC(186) Skipped KeepAliveFinalRefsPhase of Reference Processing: no references
[9.402s][debug][gc,ref         ] GC(186) Skipped PhantomRefsPhase of Reference Processing: no references
[9.402s][debug][gc,phases,ref  ] GC(186) Reference Processing: 0.0ms
[9.402s][debug][gc,phases,ref  ] GC(186)   Notify Soft/WeakReferences: 0.0ms
[9.402s][debug][gc,phases,ref  ] GC(186)     SoftRef: skipped
[9.402s][debug][gc,phases,ref  ] GC(186)     WeakRef: skipped
[9.403s][debug][gc,phases,ref  ] GC(186)     FinalRef: skipped
[9.403s][debug][gc,phases,ref  ] GC(186)     Total: skipped
[9.403s][debug][gc,phases,ref  ] GC(186)   Notify and keep alive finalizable: 0.0ms
[9.403s][debug][gc,phases,ref  ] GC(186)     FinalRef: skipped
[9.403s][debug][gc,phases,ref  ] GC(186)   Notify PhantomReferences: 0.0ms
[9.403s][debug][gc,phases,ref  ] GC(186)     PhantomRef: skipped
[9.403s][debug][gc,phases,ref  ] GC(186)   SoftReference Discovered: 0, Dropped: 0, Processed: 0
[9.403s][debug][gc,phases,ref  ] GC(186)   WeakReference Discovered: 0, Dropped: 0, Processed: 0
[9.403s][debug][gc,phases,ref  ] GC(186)   FinalReference Discovered: 0, Dropped: 0, Processed: 0
[9.403s][debug][gc,phases,ref  ] GC(186)   PhantomReference Discovered: 0, Dropped: 0, Processed: 0
[9.403s][debug][gc,age         ] GC(186) Desired survivor size 557056 bytes, new threshold 15 (max threshold 15)
[9.403s][info ][gc,heap        ] GC(186) DefNew: 8832K(9920K)->0K(9920K) Eden: 8832K(8832K)->0K(8832K) From: 0K(1088K)->0K(1088K)
[9.403s][info ][gc,heap        ] GC(186) Tenured: 2071K(21888K)->2071K(21888K)
[9.403s][info ][gc,metaspace   ] GC(186) Metaspace: 369K(512K)->369K(512K) NonClass: 306K(384K)->306K(384K) Class: 63K(128K)->63K(128K)
[9.403s][debug][gc,heap        ] GC(186) Heap after GC invocations=187 (full 6):
[9.403s][debug][gc,heap        ] GC(186)  def new generation   total 9920K, used 0K [0x0000120000200000, 0x0000120000cc0000, 0x000012000aca0000)
[9.403s][debug][gc,heap        ] GC(186)   eden space 8832K,   0% used [0x0000120000200000, 0x0000120000200000, 0x0000120000aa0000)
[9.403s][debug][gc,heap        ] GC(186)   from space 1088K,   0% used [0x0000120000bb0000, 0x0000120000bb00e8, 0x0000120000cc0000)
[9.403s][debug][gc,heap        ] GC(186)   to   space 1088K,   0% used [0x0000120000aa0000, 0x0000120000aa0000, 0x0000120000bb0000)
[9.403s][debug][gc,heap        ] GC(186)  tenured generation   total 21888K, used 2071K [0x000012000aca0000, 0x000012000c200000, 0x0000120020200000)
[9.403s][debug][gc,heap        ] GC(186)    the space 21888K,   9% used [0x000012000aca0000, 0x000012000aea5f88, 0x000012000aea6000, 0x000012000c200000)
[9.403s][debug][gc,heap        ] GC(186)  Metaspace       used 369K, committed 512K, reserved 1114112K
[9.403s][debug][gc,heap        ] GC(186)   class space    used 63K, committed 128K, reserved 1048576K
[9.403s][info ][gc             ] GC(186) Pause Young (Allocation Failure) 10M->2M(31M) 0.694ms
[9.403s][info ][gc,cpu         ] GC(186) User=0.00s Sys=0.00s Real=0.01s
[9.403s][info ][safepoint      ] Safepoint "GenCollectForAllocation", Time since last: 59566030 ns, Reaching safepoint: 76543 ns, Cleanup: 3401 ns, At safepoint: 735345 ns, Total: 815289 ns
[9.451s][info ][gc,start       ] GC(187) Pause Young (Allocation Failure)
[9.452s][debug][gc,heap        ] GC(187) Heap before GC invocations=187 (full 6):
[9.452s][debug][gc,heap        ] GC(187)  def new generation   total 9920K, used 8832K [0x0000120000200000, 0x0000120000cc0000, 0x000012000aca0000)
[9.452s][debug][gc,heap        ] GC(187)   eden space 8832K, 100% used [0x0000120000200000, 0x0000120000aa0000, 0x0000120000aa0000)
[9.452s][debug][gc,heap        ] GC(187)   from space 1088K,   0% used [0x0000120000bb0000, 0x0000120000bb00e8, 0x0000120000cc0000)
[9.452s][debug][gc,heap        ] GC(187)   to   space 1088K,   0% used [0x0000120000aa0000, 0x0000120000aa0000, 0x0000120000bb0000)
[9.452s][debug][gc,heap        ] GC(187)  tenured generation   total 21888K, used 2071K [0x000012000aca0000, 0x000012000c200000, 0x0000120020200000)
[9.452s][debug][gc,heap        ] GC(187)    the space 21888K,   9% used [0x000012000aca0000, 0x000012000aea5f88, 0x000012000aea6000, 0x000012000c200000)
[9.452s][debug][gc,heap        ] GC(187)  Metaspace       used 369K, committed 512K, reserved 1114112K
[9.452s][debug][gc,heap        ] GC(187)   class space    used 63K, committed 128K, reserved 1048576K
[9.452s][debug][gc,tlab        ] GC(187) TLAB totals: thrds: 2  refills: 101 max: 54 slow allocs: 0 max 0 waste:  0.5% gc: 38728B max: 38728B slow: 2328B max: 1368B
[9.452s][debug][gc,ref         ] GC(187) Skipped SoftWeakFinalRefsPhase of Reference Processing: no references
[9.452s][debug][gc,ref         ] GC(187) Skipped KeepAliveFinalRefsPhase of Reference Processing: no references
[9.452s][debug][gc,ref         ] GC(187) Skipped PhantomRefsPhase of Reference Processing: no references
[9.452s][debug][gc,phases,ref  ] GC(187) Reference Processing: 0.0ms
[9.452s][debug][gc,phases,ref  ] GC(187)   Notify Soft/WeakReferences: 0.0ms
[9.452s][debug][gc,phases,ref  ] GC(187)     SoftRef: skipped
[9.452s][debug][gc,phases,ref  ] GC(187)     WeakRef: skipped
[9.452s][debug][gc,phases,ref  ] GC(187)     FinalRef: skipped
[9.452s][debug][gc,phases,ref  ] GC(187)     Total: skipped
[9.452s][debug][gc,phases,ref  ] GC(187)   Notify and keep alive finalizable: 0.0ms
[9.452s][debug][gc,phases,ref  ] GC(187)     FinalRef: skipped
[9.452s][debug][gc,phases,ref  ] GC(187)   Notify PhantomReferences: 0.0ms
[9.452s][debug][gc,phases,ref  ] GC(187)     PhantomRef: skipped
[9.452s][debug][gc,phases,ref  ] GC(187)   SoftReference Discovered: 0, Dropped: 0, Processed: 0
[9.452s][debug][gc,phases,ref  ] GC(187)   WeakReference Discovered: 0, Dropped: 0, Processed: 0
[9.452s][debug][gc,phases,ref  ] GC(187)   FinalReference Discovered: 0, Dropped: 0, Processed: 0
[9.452s][debug][gc,phases,ref  ] GC(187)   PhantomReference Discovered: 0, Dropped: 0, Processed: 0
[9.452s][debug][gc,age         ] GC(187) Desired survivor size 557056 bytes, new threshold 15 (max threshold 15)
[9.452s][info ][gc,heap        ] GC(187) DefNew: 8832K(9920K)->0K(9920K) Eden: 8832K(8832K)->0K(8832K) From: 0K(1088K)->0K(1088K)
[9.452s][info ][gc,heap        ] GC(187) Tenured: 2071K(21888K)->2071K(21888K)
[9.452s][info ][gc,metaspace   ] GC(187) Metaspace: 369K(512K)->369K(512K) NonClass: 306K(384K)->306K(384K) Class: 63K(128K)->63K(128K)
[9.452s][debug][gc,heap        ] GC(187) Heap after GC invocations=188 (full 6):
[9.452s][debug][gc,heap        ] GC(187)  def new generation   total 9920K, used 0K [0x0000120000200000, 0x0000120000cc0000, 0x000012000aca0000)
[9.452s][debug][gc,heap        ] GC(187)   eden space 8832K,   0% used [0x0000120000200000, 0x0000120000200000, 0x0000120000aa0000)
[9.452s][debug][gc,heap        ] GC(187)   from space 1088K,   0% used [0x0000120000aa0000, 0x0000120000aa0158, 0x0000120000bb0000)
[9.452s][debug][gc,heap        ] GC(187)   to   space 1088K,   0% used [0x0000120000bb0000, 0x0000120000bb0000, 0x0000120000cc0000)
[9.452s][debug][gc,heap        ] GC(187)  tenured generation   total 21888K, used 2071K [0x000012000aca0000, 0x000012000c200000, 0x0000120020200000)
[9.452s][debug][gc,heap        ] GC(187)    the space 21888K,   9% used [0x000012000aca0000, 0x000012000aea5f88, 0x000012000aea6000, 0x000012000c200000)
[9.452s][debug][gc,heap        ] GC(187)  Metaspace       used 369K, committed 512K, reserved 1114112K
[9.452s][debug][gc,heap        ] GC(187)   class space    used 63K, committed 128K, reserved 1048576K
[9.452s][info ][gc             ] GC(187) Pause Young (Allocation Failure) 10M->2M(31M) 0.631ms
[9.452s][info ][gc,cpu         ] GC(187) User=0.00s Sys=0.00s Real=0.00s
[9.452s][info ][safepoint      ] Safepoint "GenCollectForAllocation", Time since last: 48674312 ns, Reaching safepoint: 3480 ns, Cleanup: 3729 ns, At safepoint: 675521 ns, Total: 682730 ns
[9.501s][info ][gc,start       ] GC(188) Pause Young (Allocation Failure)
[9.501s][debug][gc,heap        ] GC(188) Heap before GC invocations=188 (full 6):
[9.501s][debug][gc,heap        ] GC(188)  def new generation   total 9920K, used 8832K [0x0000120000200000, 0x0000120000cc0000, 0x000012000aca0000)
[9.501s][debug][gc,heap        ] GC(188)   eden space 8832K, 100% used [0x0000120000200000, 0x0000120000aa0000, 0x0000120000aa0000)
[9.501s][debug][gc,heap        ] GC(188)   from space 1088K,   0% used [0x0000120000aa0000, 0x0000120000aa0158, 0x0000120000bb0000)
[9.501s][debug][gc,heap        ] GC(188)   to   space 1088K,   0% used [0x0000120000bb0000, 0x0000120000bb0000, 0x0000120000cc0000)
[9.501s][debug][gc,heap        ] GC(188)  tenured generation   total 21888K, used 2071K [0x000012000aca0000, 0x000012000c200000, 0x0000120020200000)
[9.501s][debug][gc,heap        ] GC(188)    the space 21888K,   9% used [0x000012000aca0000, 0x000012000aea5f88, 0x000012000aea6000, 0x000012000c200000)
[9.501s][debug][gc,heap        ] GC(188)  Metaspace       used 369K, committed 512K, reserved 1114112K
[9.501s][debug][gc,heap        ] GC(188)   class space    used 63K, committed 128K, reserved 1048576K
[9.501s][debug][gc,tlab        ] GC(188) TLAB totals: thrds: 2  refills: 101 max: 53 slow allocs: 0 max 0 waste:  0.5% gc: 40856B max: 40856B slow: 2568B max: 1288B
[9.501s][debug][gc,ref         ] GC(188) Skipped SoftWeakFinalRefsPhase of Reference Processing: no references
[9.501s][debug][gc,ref         ] GC(188) Skipped KeepAliveFinalRefsPhase of Reference Processing: no references
[9.501s][debug][gc,ref         ] GC(188) Skipped PhantomRefsPhase of Reference Processing: no references
[9.501s][debug][gc,phases,ref  ] GC(188) Reference Processing: 0.0ms
[9.501s][debug][gc,phases,ref  ] GC(188)   Notify Soft/WeakReferences: 0.0ms
[9.501s][debug][gc,phases,ref  ] GC(188)     SoftRef: skipped
[9.501s][debug][gc,phases,ref  ] GC(188)     WeakRef: skipped
[9.501s][debug][gc,phases,ref  ] GC(188)     FinalRef: skipped
[9.501s][debug][gc,phases,ref  ] GC(188)     Total: skipped
[9.501s][debug][gc,phases,ref  ] GC(188)   Notify and keep alive finalizable: 0.0ms
[9.501s][debug][gc,phases,ref  ] GC(188)     FinalRef: skipped
[9.501s][debug][gc,phases,ref  ] GC(188)   Notify PhantomReferences: 0.0ms
[9.501s][debug][gc,phases,ref  ] GC(188)     PhantomRef: skipped
[9.501s][debug][gc,phases,ref  ] GC(188)   SoftReference Discovered: 0, Dropped: 0, Processed: 0
[9.501s][debug][gc,phases,ref  ] GC(188)   WeakReference Discovered: 0, Dropped: 0, Processed: 0
[9.501s][debug][gc,phases,ref  ] GC(188)   FinalReference Discovered: 0, Dropped: 0, Processed: 0
[9.501s][debug][gc,phases,ref  ] GC(188)   PhantomReference Discovered: 0, Dropped: 0, Processed: 0
[9.501s][debug][gc,age         ] GC(188) Desired survivor size 557056 bytes, new threshold 15 (max threshold 15)
[9.501s][info ][gc,heap        ] GC(188) DefNew: 8832K(9920K)->0K(9920K) Eden: 8832K(8832K)->0K(8832K) From: 0K(1088K)->0K(1088K)
[9.501s][info ][gc,heap        ] GC(188) Tenured: 2071K(21888K)->2071K(21888K)
[9.501s][info ][gc,metaspace   ] GC(188) Metaspace: 369K(512K)->369K(512K) NonClass: 306K(384K)->306K(384K) Class: 63K(128K)->63K(128K)
[9.501s][debug][gc,heap        ] GC(188) Heap after GC invocations=189 (full 6):
[9.501s][debug][gc,heap        ] GC(188)  def new generation   total 9920K, used 0K [0x0000120000200000, 0x0000120000cc0000, 0x000012000aca0000)
[9.501s][debug][gc,heap        ] GC(188)   eden space 8832K,   0% used [0x0000120000200000, 0x0000120000200000, 0x0000120000aa0000)
[9.501s][debug][gc,heap        ] GC(188)   from space 1088K,   0% used [0x0000120000bb0000, 0x0000120000bb01a0, 0x0000120000cc0000)
[9.501s][debug][gc,heap        ] GC(188)   to   space 1088K,   0% used [0x0000120000aa0000, 0x0000120000aa0000, 0x0000120000bb0000)
[9.501s][debug][gc,heap        ] GC(188)  tenured generation   total 21888K, used 2071K [0x000012000aca0000, 0x000012000c200000, 0x0000120020200000)
[9.501s][debug][gc,heap        ] GC(188)    the space 21888K,   9% used [0x000012000aca0000, 0x000012000aea5f88, 0x000012000aea6000, 0x000012000c200000)
[9.501s][debug][gc,heap        ] GC(188)  Metaspace       used 369K, committed 512K, reserved 1114112K
[9.501s][debug][gc,heap        ] GC(188)   class space    used 63K, committed 128K, reserved 1048576K
[9.501s][info ][gc             ] GC(188) Pause Young (Allocation Failure) 10M->2M(31M) 0.562ms
[9.501s][info ][gc,cpu         ] GC(188) User=0.00s Sys=0.00s Real=0.00s
[9.501s][info ][safepoint      ] Safepoint "GenCollectForAllocation", Time since last: 48373606 ns, Reaching safepoint: 3551 ns, Cleanup: 3574 ns, At safepoint: 607780 ns, Total: 614905 ns
[9.551s][info ][gc,start       ] GC(189) Pause Young (Allocation Failure)
[9.551s][debug][gc,heap        ] GC(189) Heap before GC invocations=189 (full 6):
[9.551s][debug][gc,heap        ] GC(189)  def new generation   total 9920K, used 8832K [0x0000120000200000, 0x0000120000cc0000, 0x000012000aca0000)
[9.551s][debug][gc,heap        ] GC(189)   eden space 8832K, 100% used [0x0000120000200000, 0x0000120000aa0000, 0x0000120000aa0000)
[9.551s][debug][gc,heap        ] GC(189)   from space 1088K,   0% used [0x0000120000bb0000, 0x0000120000bb01a0, 0x0000120000cc0000)
[9.551s][debug][gc,heap        ] GC(189)   to   space 1088K,   0% used [0x0000120000aa0000, 0x0000120000aa0000, 0x0000120000bb0000)
[9.551s][debug][gc,heap        ] GC(189)  tenured generation   total 21888K, used 2071K [0x000012000aca0000, 0x000012000c200000, 0x0000120020200000)
[9.551s][debug][gc,heap        ] GC(189)    the space 21888K,   9% used [0x000012000aca0000, 0x000012000aea5f88, 0x000012000aea6000, 0x000012000c200000)
[9.551s][debug][gc,heap        ] GC(189)  Metaspace       used 369K, committed 512K, reserved 1114112K
[9.551s][debug][gc,heap        ] GC(189)   class space    used 63K, committed 128K, reserved 1048576K
[9.551s][debug][gc,tlab        ] GC(189) TLAB totals: thrds: 2  refills: 101 max: 53 slow allocs: 0 max 0 waste:  0.1% gc: 11144B max: 11144B slow: 2056B max: 1128B
[9.552s][debug][gc,ref         ] GC(189) Skipped SoftWeakFinalRefsPhase of Reference Processing: no references
[9.552s][debug][gc,ref         ] GC(189) Skipped KeepAliveFinalRefsPhase of Reference Processing: no references
[9.552s][debug][gc,ref         ] GC(189) Skipped PhantomRefsPhase of Reference Processing: no references
[9.552s][debug][gc,phases,ref  ] GC(189) Reference Processing: 0.0ms
[9.552s][debug][gc,phases,ref  ] GC(189)   Notify Soft/WeakReferences: 0.0ms
[9.552s][debug][gc,phases,ref  ] GC(189)     SoftRef: skipped
[9.552s][debug][gc,phases,ref  ] GC(189)     WeakRef: skipped
[9.552s][debug][gc,phases,ref  ] GC(189)     FinalRef: skipped
[9.552s][debug][gc,phases,ref  ] GC(189)     Total: skipped
[9.552s][debug][gc,phases,ref  ] GC(189)   Notify and keep alive finalizable: 0.0ms
[9.552s][debug][gc,phases,ref  ] GC(189)     FinalRef: skipped
[9.552s][debug][gc,phases,ref  ] GC(189)   Notify PhantomReferences: 0.0ms
[9.552s][debug][gc,phases,ref  ] GC(189)     PhantomRef: skipped
[9.552s][debug][gc,phases,ref  ] GC(189)   SoftReference Discovered: 0, Dropped: 0, Processed: 0
[9.552s][debug][gc,phases,ref  ] GC(189)   WeakReference Discovered: 0, Dropped: 0, Processed: 0
[9.552s][debug][gc,phases,ref  ] GC(189)   FinalReference Discovered: 0, Dropped: 0, Processed: 0
[9.552s][debug][gc,phases,ref  ] GC(189)   PhantomReference Discovered: 0, Dropped: 0, Processed: 0
[9.552s][debug][gc,age         ] GC(189) Desired survivor size 557056 bytes, new threshold 15 (max threshold 15)
[9.552s][info ][gc,heap        ] GC(189) DefNew: 8832K(9920K)->0K(9920K) Eden: 8832K(8832K)->0K(8832K) From: 0K(1088K)->0K(1088K)
[9.552s][info ][gc,heap        ] GC(189) Tenured: 2071K(21888K)->2071K(21888K)
[9.552s][info ][gc,metaspace   ] GC(189) Metaspace: 369K(512K)->369K(512K) NonClass: 306K(384K)->306K(384K) Class: 63K(128K)->63K(128K)
[9.552s][debug][gc,heap        ] GC(189) Heap after GC invocations=190 (full 6):
[9.552s][debug][gc,heap        ] GC(189)  def new generation   total 9920K, used 0K [0x0000120000200000, 0x0000120000cc0000, 0x000012000aca0000)
[9.552s][debug][gc,heap        ] GC(189)   eden space 8832K,   0% used [0x0000120000200000, 0x0000120000200000, 0x0000120000aa0000)
[9.552s][debug][gc,heap        ] GC(189)   from space 1088K,   0% used [0x0000120000aa0000, 0x0000120000aa01e8, 0x0000120000bb0000)
[9.552s][debug][gc,heap        ] GC(189)   to   space 1088K,   0% used [0x0000120000bb0000, 0x0000120000bb0000, 0x0000120000cc0000)
[9.552s][debug][gc,heap        ] GC(189)  tenured generation   total 21888K, used 2071K [0x000012000aca0000, 0x000012000c200000, 0x0000120020200000)
[9.552s][debug][gc,heap        ] GC(189)    the space 21888K,   9% used [0x000012000aca0000, 0x000012000aea5f88, 0x000012000aea6000, 0x000012000c200000)
[9.552s][debug][gc,heap        ] GC(189)  Metaspace       used 369K, committed 512K, reserved 1114112K
[9.552s][debug][gc,heap        ] GC(189)   class space    used 63K, committed 128K, reserved 1048576K
[9.552s][info ][gc             ] GC(189) Pause Young (Allocation Failure) 10M->2M(31M) 0.559ms
[9.552s][info ][gc,cpu         ] GC(189) User=0.00s Sys=0.00s Real=0.00s
[9.552s][info ][safepoint      ] Safepoint "GenCollectForAllocation", Time since last: 50099329 ns, Reaching safepoint: 76351 ns, Cleanup: 3470 ns, At safepoint: 600612 ns, Total: 680433 ns
[9.600s][info ][gc,start       ] GC(190) Pause Young (Allocation Failure)
[9.600s][debug][gc,heap        ] GC(190) Heap before GC invocations=190 (full 6):
[9.600s][debug][gc,heap        ] GC(190)  def new generation   total 9920K, used 8832K [0x0000120000200000, 0x0000120000cc0000, 0x000012000aca0000)
[9.600s][debug][gc,heap        ] GC(190)   eden space 8832K, 100% used [0x0000120000200000, 0x0000120000aa0000, 0x0000120000aa0000)
[9.600s][debug][gc,heap        ] GC(190)   from space 1088K,   0% used [0x0000120000aa0000, 0x0000120000aa01e8, 0x0000120000bb0000)
[9.600s][debug][gc,heap        ] GC(190)   to   space 1088K,   0% used [0x0000120000bb0000, 0x0000120000bb0000, 0x0000120000cc0000)
[9.600s][debug][gc,heap        ] GC(190)  tenured generation   total 21888K, used 2071K [0x000012000aca0000, 0x000012000c200000, 0x0000120020200000)
[9.601s][debug][gc,heap        ] GC(190)    the space 21888K,   9% used [0x000012000aca0000, 0x000012000aea5f88, 0x000012000aea6000, 0x000012000c200000)
[9.601s][debug][gc,heap        ] GC(190)  Metaspace       used 369K, committed 512K, reserved 1114112K
[9.601s][debug][gc,heap        ] GC(190)   class space    used 63K, committed 128K, reserved 1048576K
[9.601s][debug][gc,tlab        ] GC(190) TLAB totals: thrds: 2  refills: 101 max: 51 slow allocs: 0 max 0 waste:  0.5% gc: 44288B max: 44288B slow: 2552B max: 1416B
[9.601s][debug][gc,ref         ] GC(190) Skipped SoftWeakFinalRefsPhase of Reference Processing: no references
[9.601s][debug][gc,ref         ] GC(190) Skipped KeepAliveFinalRefsPhase of Reference Processing: no references
[9.601s][debug][gc,ref         ] GC(190) Skipped PhantomRefsPhase of Reference Processing: no references
[9.601s][debug][gc,phases,ref  ] GC(190) Reference Processing: 0.0ms
[9.601s][debug][gc,phases,ref  ] GC(190)   Notify Soft/WeakReferences: 0.0ms
[9.601s][debug][gc,phases,ref  ] GC(190)     SoftRef: skipped
[9.601s][debug][gc,phases,ref  ] GC(190)     WeakRef: skipped
[9.601s][debug][gc,phases,ref  ] GC(190)     FinalRef: skipped
[9.601s][debug][gc,phases,ref  ] GC(190)     Total: skipped
[9.601s][debug][gc,phases,ref  ] GC(190)   Notify and keep alive finalizable: 0.0ms
[9.601s][debug][gc,phases,ref  ] GC(190)     FinalRef: skipped
[9.601s][debug][gc,phases,ref  ] GC(190)   Notify PhantomReferences: 0.0ms
[9.601s][debug][gc,phases,ref  ] GC(190)     PhantomRef: skipped
[9.601s][debug][gc,phases,ref  ] GC(190)   SoftReference Discovered: 0, Dropped: 0, Processed: 0
[9.601s][debug][gc,phases,ref  ] GC(190)   WeakReference Discovered: 0, Dropped: 0, Processed: 0
[9.601s][debug][gc,phases,ref  ] GC(190)   FinalReference Discovered: 0, Dropped: 0, Processed: 0
[9.601s][debug][gc,phases,ref  ] GC(190)   PhantomReference Discovered: 0, Dropped: 0, Processed: 0
[9.601s][debug][gc,age         ] GC(190) Desired survivor size 557056 bytes, new threshold 15 (max threshold 15)
[9.601s][info ][gc,heap        ] GC(190) DefNew: 8832K(9920K)->0K(9920K) Eden: 8832K(8832K)->0K(8832K) From: 0K(1088K)->0K(1088K)
[9.601s][info ][gc,heap        ] GC(190) Tenured: 2071K(21888K)->2071K(21888K)
[9.601s][info ][gc,metaspace   ] GC(190) Metaspace: 369K(512K)->369K(512K) NonClass: 306K(384K)->306K(384K) Class: 63K(128K)->63K(128K)
[9.601s][debug][gc,heap        ] GC(190) Heap after GC invocations=191 (full 6):
[9.601s][debug][gc,heap        ] GC(190)  def new generation   total 9920K, used 0K [0x0000120000200000, 0x0000120000cc0000, 0x000012000aca0000)
[9.601s][debug][gc,heap        ] GC(190)   eden space 8832K,   0% used [0x0000120000200000, 0x0000120000200000, 0x0000120000aa0000)
[9.601s][debug][gc,heap        ] GC(190)   from space 1088K,   0% used [0x0000120000bb0000, 0x0000120000bb0138, 0x0000120000cc0000)
[9.601s][debug][gc,heap        ] GC(190)   to   space 1088K,   0% used [0x0000120000aa0000, 0x0000120000aa0000, 0x0000120000bb0000)
[9.601s][debug][gc,heap        ] GC(190)  tenured generation   total 21888K, used 2071K [0x000012000aca0000, 0x000012000c200000, 0x0000120020200000)
[9.601s][debug][gc,heap        ] GC(190)    the space 21888K,   9% used [0x000012000aca0000, 0x000012000aea5f88, 0x000012000aea6000, 0x000012000c200000)
[9.601s][debug][gc,heap        ] GC(190)  Metaspace       used 369K, committed 512K, reserved 1114112K
[9.601s][debug][gc,heap        ] GC(190)   class space    used 63K, committed 128K, reserved 1048576K
[9.601s][info ][gc             ] GC(190) Pause Young (Allocation Failure) 10M->2M(31M) 0.746ms
[9.601s][info ][gc,cpu         ] GC(190) User=0.00s Sys=0.00s Real=0.00s
[9.601s][info ][safepoint      ] Safepoint "GenCollectForAllocation", Time since last: 48462210 ns, Reaching safepoint: 3548 ns, Cleanup: 3739 ns, At safepoint: 791590 ns, Total: 798877 ns
[9.649s][info ][gc,start       ] GC(191) Pause Young (Allocation Failure)
[9.649s][debug][gc,heap        ] GC(191) Heap before GC invocations=191 (full 6):
[9.649s][debug][gc,heap        ] GC(191)  def new generation   total 9920K, used 8832K [0x0000120000200000, 0x0000120000cc0000, 0x000012000aca0000)
[9.649s][debug][gc,heap        ] GC(191)   eden space 8832K, 100% used [0x0000120000200000, 0x0000120000aa0000, 0x0000120000aa0000)
[9.649s][debug][gc,heap        ] GC(191)   from space 1088K,   0% used [0x0000120000bb0000, 0x0000120000bb0138, 0x0000120000cc0000)
[9.649s][debug][gc,heap        ] GC(191)   to   space 1088K,   0% used [0x0000120000aa0000, 0x0000120000aa0000, 0x0000120000bb0000)
[9.649s][debug][gc,heap        ] GC(191)  tenured generation   total 21888K, used 2071K [0x000012000aca0000, 0x000012000c200000, 0x0000120020200000)
[9.649s][debug][gc,heap        ] GC(191)    the space 21888K,   9% used [0x000012000aca0000, 0x000012000aea5f88, 0x000012000aea6000, 0x000012000c200000)
[9.649s][debug][gc,heap        ] GC(191)  Metaspace       used 369K, committed 512K, reserved 1114112K
[9.649s][debug][gc,heap        ] GC(191)   class space    used 63K, committed 128K, reserved 1048576K
[9.649s][debug][gc,tlab        ] GC(191) TLAB totals: thrds: 2  refills: 101 max: 51 slow allocs: 0 max 0 waste:  0.1% gc: 6112B max: 6112B slow: 2528B max: 1304B
[9.650s][debug][gc,ref         ] GC(191) Skipped SoftWeakFinalRefsPhase of Reference Processing: no references
[9.650s][debug][gc,ref         ] GC(191) Skipped KeepAliveFinalRefsPhase of Reference Processing: no references
[9.650s][debug][gc,ref         ] GC(191) Skipped PhantomRefsPhase of Reference Processing: no references
[9.650s][debug][gc,phases,ref  ] GC(191) Reference Processing: 0.0ms
[9.650s][debug][gc,phases,ref  ] GC(191)   Notify Soft/WeakReferences: 0.0ms
[9.650s][debug][gc,phases,ref  ] GC(191)     SoftRef: skipped
[9.650s][debug][gc,phases,ref  ] GC(191)     WeakRef: skipped
[9.650s][debug][gc,phases,ref  ] GC(191)     FinalRef: skipped
[9.650s][debug][gc,phases,ref  ] GC(191)     Total: skipped
[9.650s][debug][gc,phases,ref  ] GC(191)   Notify and keep alive finalizable: 0.0ms
[9.650s][debug][gc,phases,ref  ] GC(191)     FinalRef: skipped
[9.650s][debug][gc,phases,ref  ] GC(191)   Notify PhantomReferences: 0.0ms
[9.650s][debug][gc,phases,ref  ] GC(191)     PhantomRef: skipped
[9.650s][debug][gc,phases,ref  ] GC(191)   SoftReference Discovered: 0, Dropped: 0, Processed: 0
[9.650s][debug][gc,phases,ref  ] GC(191)   WeakReference Discovered: 0, Dropped: 0, Processed: 0
[9.650s][debug][gc,phases,ref  ] GC(191)   FinalReference Discovered: 0, Dropped: 0, Processed: 0
[9.650s][debug][gc,phases,ref  ] GC(191)   PhantomReference Discovered: 0, Dropped: 0, Processed: 0
[9.650s][debug][gc,age         ] GC(191) Desired survivor size 557056 bytes, new threshold 15 (max threshold 15)
[9.650s][info ][gc,heap        ] GC(191) DefNew: 8832K(9920K)->0K(9920K) Eden: 8832K(8832K)->0K(8832K) From: 0K(1088K)->0K(1088K)
[9.650s][info ][gc,heap        ] GC(191) Tenured: 2071K(21888K)->2071K(21888K)
[9.650s][info ][gc,metaspace   ] GC(191) Metaspace: 369K(512K)->369K(512K) NonClass: 306K(384K)->306K(384K) Class: 63K(128K)->63K(128K)
[9.650s][debug][gc,heap        ] GC(191) Heap after GC invocations=192 (full 6):
[9.650s][debug][gc,heap        ] GC(191)  def new generation   total 9920K, used 0K [0x0000120000200000, 0x0000120000cc0000, 0x000012000aca0000)
[9.650s][debug][gc,heap        ] GC(191)   eden space 8832K,   0% used [0x0000120000200000, 0x0000120000200000, 0x0000120000aa0000)
[9.650s][debug][gc,heap        ] GC(191)   from space 1088K,   0% used [0x0000120000aa0000, 0x0000120000aa0138, 0x0000120000bb0000)
[9.650s][debug][gc,heap        ] GC(191)   to   space 1088K,   0% used [0x0000120000bb0000, 0x0000120000bb0000, 0x0000120000cc0000)
[9.650s][debug][gc,heap        ] GC(191)  tenured generation   total 21888K, used 2071K [0x000012000aca0000, 0x000012000c200000, 0x0000120020200000)
[9.650s][debug][gc,heap        ] GC(191)    the space 21888K,   9% used [0x000012000aca0000, 0x000012000aea5f88, 0x000012000aea6000, 0x000012000c200000)
[9.650s][debug][gc,heap        ] GC(191)  Metaspace       used 369K, committed 512K, reserved 1114112K
[9.650s][debug][gc,heap        ] GC(191)   class space    used 63K, committed 128K, reserved 1048576K
[9.650s][info ][gc             ] GC(191) Pause Young (Allocation Failure) 10M->2M(31M) 0.568ms
[9.650s][info ][gc,cpu         ] GC(191) User=0.00s Sys=0.00s Real=0.00s
[9.650s][info ][safepoint      ] Safepoint "GenCollectForAllocation", Time since last: 48121409 ns, Reaching safepoint: 3560 ns, Cleanup: 3680 ns, At safepoint: 614220 ns, Total: 621460 ns
[9.698s][info ][gc,start       ] GC(192) Pause Young (Allocation Failure)
[9.698s][debug][gc,heap        ] GC(192) Heap before GC invocations=192 (full 6):
[9.698s][debug][gc,heap        ] GC(192)  def new generation   total 9920K, used 8832K [0x0000120000200000, 0x0000120000cc0000, 0x000012000aca0000)
[9.698s][debug][gc,heap        ] GC(192)   eden space 8832K, 100% used [0x0000120000200000, 0x0000120000aa0000, 0x0000120000aa0000)
[9.698s][debug][gc,heap        ] GC(192)   from space 1088K,   0% used [0x0000120000aa0000, 0x0000120000aa0138, 0x0000120000bb0000)
[9.698s][debug][gc,heap        ] GC(192)   to   space 1088K,   0% used [0x0000120000bb0000, 0x0000120000bb0000, 0x0000120000cc0000)
[9.698s][debug][gc,heap        ] GC(192)  tenured generation   total 21888K, used 2071K [0x000012000aca0000, 0x000012000c200000, 0x0000120020200000)
[9.698s][debug][gc,heap        ] GC(192)    the space 21888K,   9% used [0x000012000aca0000, 0x000012000aea5f88, 0x000012000aea6000, 0x000012000c200000)
[9.698s][debug][gc,heap        ] GC(192)  Metaspace       used 369K, committed 512K, reserved 1114112K
[9.698s][debug][gc,heap        ] GC(192)   class space    used 63K, committed 128K, reserved 1048576K
[9.698s][debug][gc,tlab        ] GC(192) TLAB totals: thrds: 2  refills: 101 max: 51 slow allocs: 0 max 0 waste:  0.1% gc: 9672B max: 9672B slow: 2520B max: 1320B
[9.698s][debug][gc,ref         ] GC(192) Skipped SoftWeakFinalRefsPhase of Reference Processing: no references
[9.698s][debug][gc,ref         ] GC(192) Skipped KeepAliveFinalRefsPhase of Reference Processing: no references
[9.698s][debug][gc,ref         ] GC(192) Skipped PhantomRefsPhase of Reference Processing: no references
[9.698s][debug][gc,phases,ref  ] GC(192) Reference Processing: 0.0ms
[9.698s][debug][gc,phases,ref  ] GC(192)   Notify Soft/WeakReferences: 0.0ms
[9.698s][debug][gc,phases,ref  ] GC(192)     SoftRef: skipped
[9.698s][debug][gc,phases,ref  ] GC(192)     WeakRef: skipped
[9.698s][debug][gc,phases,ref  ] GC(192)     FinalRef: skipped
[9.698s][debug][gc,phases,ref  ] GC(192)     Total: skipped
[9.698s][debug][gc,phases,ref  ] GC(192)   Notify and keep alive finalizable: 0.0ms
[9.698s][debug][gc,phases,ref  ] GC(192)     FinalRef: skipped
[9.698s][debug][gc,phases,ref  ] GC(192)   Notify PhantomReferences: 0.0ms
[9.698s][debug][gc,phases,ref  ] GC(192)     PhantomRef: skipped
[9.698s][debug][gc,phases,ref  ] GC(192)   SoftReference Discovered: 0, Dropped: 0, Processed: 0
[9.698s][debug][gc,phases,ref  ] GC(192)   WeakReference Discovered: 0, Dropped: 0, Processed: 0
[9.698s][debug][gc,phases,ref  ] GC(192)   FinalReference Discovered: 0, Dropped: 0, Processed: 0
[9.698s][debug][gc,phases,ref  ] GC(192)   PhantomReference Discovered: 0, Dropped: 0, Processed: 0
[9.698s][debug][gc,age         ] GC(192) Desired survivor size 557056 bytes, new threshold 15 (max threshold 15)
[9.698s][info ][gc,heap        ] GC(192) DefNew: 8832K(9920K)->0K(9920K) Eden: 8832K(8832K)->0K(8832K) From: 0K(1088K)->0K(1088K)
[9.698s][info ][gc,heap        ] GC(192) Tenured: 2071K(21888K)->2071K(21888K)
[9.698s][info ][gc,metaspace   ] GC(192) Metaspace: 369K(512K)->369K(512K) NonClass: 306K(384K)->306K(384K) Class: 63K(128K)->63K(128K)
[9.698s][debug][gc,heap        ] GC(192) Heap after GC invocations=193 (full 6):
[9.698s][debug][gc,heap        ] GC(192)  def new generation   total 9920K, used 0K [0x0000120000200000, 0x0000120000cc0000, 0x000012000aca0000)
[9.698s][debug][gc,heap        ] GC(192)   eden space 8832K,   0% used [0x0000120000200000, 0x0000120000200000, 0x0000120000aa0000)
[9.698s][debug][gc,heap        ] GC(192)   from space 1088K,   0% used [0x0000120000bb0000, 0x0000120000bb0148, 0x0000120000cc0000)
[9.698s][debug][gc,heap        ] GC(192)   to   space 1088K,   0% used [0x0000120000aa0000, 0x0000120000aa0000, 0x0000120000bb0000)
[9.698s][debug][gc,heap        ] GC(192)  tenured generation   total 21888K, used 2071K [0x000012000aca0000, 0x000012000c200000, 0x0000120020200000)
[9.698s][debug][gc,heap        ] GC(192)    the space 21888K,   9% used [0x000012000aca0000, 0x000012000aea5f88, 0x000012000aea6000, 0x000012000c200000)
[9.698s][debug][gc,heap        ] GC(192)  Metaspace       used 369K, committed 512K, reserved 1114112K
[9.698s][debug][gc,heap        ] GC(192)   class space    used 63K, committed 128K, reserved 1048576K
[9.698s][info ][gc             ] GC(192) Pause Young (Allocation Failure) 10M->2M(31M) 0.495ms
[9.698s][info ][gc,cpu         ] GC(192) User=0.00s Sys=0.00s Real=0.00s
[9.698s][info ][safepoint      ] Safepoint "GenCollectForAllocation", Time since last: 47945823 ns, Reaching safepoint: 3503 ns, Cleanup: 3751 ns, At safepoint: 515640 ns, Total: 522894 ns
[9.757s][info ][gc,start       ] GC(193) Pause Young (Allocation Failure)
[9.757s][debug][gc,heap        ] GC(193) Heap before GC invocations=193 (full 6):
[9.757s][debug][gc,heap        ] GC(193)  def new generation   total 9920K, used 8832K [0x0000120000200000, 0x0000120000cc0000, 0x000012000aca0000)
[9.757s][debug][gc,heap        ] GC(193)   eden space 8832K, 100% used [0x0000120000200000, 0x0000120000aa0000, 0x0000120000aa0000)
[9.757s][debug][gc,heap        ] GC(193)   from space 1088K,   0% used [0x0000120000bb0000, 0x0000120000bb0148, 0x0000120000cc0000)
[9.757s][debug][gc,heap        ] GC(193)   to   space 1088K,   0% used [0x0000120000aa0000, 0x0000120000aa0000, 0x0000120000bb0000)
[9.757s][debug][gc,heap        ] GC(193)  tenured generation   total 21888K, used 2071K [0x000012000aca0000, 0x000012000c200000, 0x0000120020200000)
[9.757s][debug][gc,heap        ] GC(193)    the space 21888K,   9% used [0x000012000aca0000, 0x000012000aea5f88, 0x000012000aea6000, 0x000012000c200000)
[9.757s][debug][gc,heap        ] GC(193)  Metaspace       used 369K, committed 512K, reserved 1114112K
[9.757s][debug][gc,heap        ] GC(193)   class space    used 63K, committed 128K, reserved 1048576K
[9.757s][debug][gc,tlab        ] GC(193) TLAB totals: thrds: 2  refills: 101 max: 63 slow allocs: 0 max 0 waste:  0.1% gc: 6568B max: 6568B slow: 2616B max: 1720B
[9.757s][debug][gc,ref         ] GC(193) Skipped SoftWeakFinalRefsPhase of Reference Processing: no references
[9.757s][debug][gc,ref         ] GC(193) Skipped KeepAliveFinalRefsPhase of Reference Processing: no references
[9.757s][debug][gc,ref         ] GC(193) Skipped PhantomRefsPhase of Reference Processing: no references
[9.757s][debug][gc,phases,ref  ] GC(193) Reference Processing: 0.0ms
[9.757s][debug][gc,phases,ref  ] GC(193)   Notify Soft/WeakReferences: 0.0ms
[9.757s][debug][gc,phases,ref  ] GC(193)     SoftRef: skipped
[9.757s][debug][gc,phases,ref  ] GC(193)     WeakRef: skipped
[9.757s][debug][gc,phases,ref  ] GC(193)     FinalRef: skipped
[9.757s][debug][gc,phases,ref  ] GC(193)     Total: skipped
[9.757s][debug][gc,phases,ref  ] GC(193)   Notify and keep alive finalizable: 0.0ms
[9.757s][debug][gc,phases,ref  ] GC(193)     FinalRef: skipped
[9.757s][debug][gc,phases,ref  ] GC(193)   Notify PhantomReferences: 0.0ms
[9.757s][debug][gc,phases,ref  ] GC(193)     PhantomRef: skipped
[9.757s][debug][gc,phases,ref  ] GC(193)   SoftReference Discovered: 0, Dropped: 0, Processed: 0
[9.757s][debug][gc,phases,ref  ] GC(193)   WeakReference Discovered: 0, Dropped: 0, Processed: 0
[9.757s][debug][gc,phases,ref  ] GC(193)   FinalReference Discovered: 0, Dropped: 0, Processed: 0
[9.757s][debug][gc,phases,ref  ] GC(193)   PhantomReference Discovered: 0, Dropped: 0, Processed: 0
[9.758s][debug][gc,age         ] GC(193) Desired survivor size 557056 bytes, new threshold 15 (max threshold 15)
[9.758s][info ][gc,heap        ] GC(193) DefNew: 8832K(9920K)->0K(9920K) Eden: 8832K(8832K)->0K(8832K) From: 0K(1088K)->0K(1088K)
[9.758s][info ][gc,heap        ] GC(193) Tenured: 2071K(21888K)->2071K(21888K)
[9.758s][info ][gc,metaspace   ] GC(193) Metaspace: 369K(512K)->369K(512K) NonClass: 306K(384K)->306K(384K) Class: 63K(128K)->63K(128K)
[9.758s][debug][gc,heap        ] GC(193) Heap after GC invocations=194 (full 6):
[9.758s][debug][gc,heap        ] GC(193)  def new generation   total 9920K, used 0K [0x0000120000200000, 0x0000120000cc0000, 0x000012000aca0000)
[9.758s][debug][gc,heap        ] GC(193)   eden space 8832K,   0% used [0x0000120000200000, 0x0000120000200000, 0x0000120000aa0000)
[9.758s][debug][gc,heap        ] GC(193)   from space 1088K,   0% used [0x0000120000aa0000, 0x0000120000aa0138, 0x0000120000bb0000)
[9.758s][debug][gc,heap        ] GC(193)   to   space 1088K,   0% used [0x0000120000bb0000, 0x0000120000bb0000, 0x0000120000cc0000)
[9.758s][debug][gc,heap        ] GC(193)  tenured generation   total 21888K, used 2071K [0x000012000aca0000, 0x000012000c200000, 0x0000120020200000)
[9.758s][debug][gc,heap        ] GC(193)    the space 21888K,   9% used [0x000012000aca0000, 0x000012000aea5f88, 0x000012000aea6000, 0x000012000c200000)
[9.758s][debug][gc,heap        ] GC(193)  Metaspace       used 369K, committed 512K, reserved 1114112K
[9.758s][debug][gc,heap        ] GC(193)   class space    used 63K, committed 128K, reserved 1048576K
[9.758s][info ][gc             ] GC(193) Pause Young (Allocation Failure) 10M->2M(31M) 0.648ms
[9.758s][info ][gc,cpu         ] GC(193) User=0.00s Sys=0.00s Real=0.00s
[9.758s][info ][safepoint      ] Safepoint "GenCollectForAllocation", Time since last: 58614492 ns, Reaching safepoint: 3697 ns, Cleanup: 3894 ns, At safepoint: 692768 ns, Total: 700359 ns
[9.806s][info ][gc,start       ] GC(194) Pause Young (Allocation Failure)
[9.806s][debug][gc,heap        ] GC(194) Heap before GC invocations=194 (full 6):
[9.806s][debug][gc,heap        ] GC(194)  def new generation   total 9920K, used 8832K [0x0000120000200000, 0x0000120000cc0000, 0x000012000aca0000)
[9.806s][debug][gc,heap        ] GC(194)   eden space 8832K, 100% used [0x0000120000200000, 0x0000120000aa0000, 0x0000120000aa0000)
[9.806s][debug][gc,heap        ] GC(194)   from space 1088K,   0% used [0x0000120000aa0000, 0x0000120000aa0138, 0x0000120000bb0000)
[9.806s][debug][gc,heap        ] GC(194)   to   space 1088K,   0% used [0x0000120000bb0000, 0x0000120000bb0000, 0x0000120000cc0000)
[9.806s][debug][gc,heap        ] GC(194)  tenured generation   total 21888K, used 2071K [0x000012000aca0000, 0x000012000c200000, 0x0000120020200000)
[9.806s][debug][gc,heap        ] GC(194)    the space 21888K,   9% used [0x000012000aca0000, 0x000012000aea5f88, 0x000012000aea6000, 0x000012000c200000)
[9.806s][debug][gc,heap        ] GC(194)  Metaspace       used 369K, committed 512K, reserved 1114112K
[9.806s][debug][gc,heap        ] GC(194)   class space    used 63K, committed 128K, reserved 1048576K
[9.806s][debug][gc,tlab        ] GC(194) TLAB totals: thrds: 2  refills: 101 max: 54 slow allocs: 0 max 0 waste:  0.4% gc: 31072B max: 31072B slow: 2568B max: 1464B
[9.806s][debug][gc,ref         ] GC(194) Skipped SoftWeakFinalRefsPhase of Reference Processing: no references
[9.806s][debug][gc,ref         ] GC(194) Skipped KeepAliveFinalRefsPhase of Reference Processing: no references
[9.806s][debug][gc,ref         ] GC(194) Skipped PhantomRefsPhase of Reference Processing: no references
[9.806s][debug][gc,phases,ref  ] GC(194) Reference Processing: 0.0ms
[9.806s][debug][gc,phases,ref  ] GC(194)   Notify Soft/WeakReferences: 0.0ms
[9.806s][debug][gc,phases,ref  ] GC(194)     SoftRef: skipped
[9.806s][debug][gc,phases,ref  ] GC(194)     WeakRef: skipped
[9.806s][debug][gc,phases,ref  ] GC(194)     FinalRef: skipped
[9.806s][debug][gc,phases,ref  ] GC(194)     Total: skipped
[9.806s][debug][gc,phases,ref  ] GC(194)   Notify and keep alive finalizable: 0.0ms
[9.806s][debug][gc,phases,ref  ] GC(194)     FinalRef: skipped
[9.806s][debug][gc,phases,ref  ] GC(194)   Notify PhantomReferences: 0.0ms
[9.806s][debug][gc,phases,ref  ] GC(194)     PhantomRef: skipped
[9.806s][debug][gc,phases,ref  ] GC(194)   SoftReference Discovered: 0, Dropped: 0, Processed: 0
[9.806s][debug][gc,phases,ref  ] GC(194)   WeakReference Discovered: 0, Dropped: 0, Processed: 0
[9.806s][debug][gc,phases,ref  ] GC(194)   FinalReference Discovered: 0, Dropped: 0, Processed: 0
[9.806s][debug][gc,phases,ref  ] GC(194)   PhantomReference Discovered: 0, Dropped: 0, Processed: 0
[9.806s][debug][gc,age         ] GC(194) Desired survivor size 557056 bytes, new threshold 15 (max threshold 15)
[9.806s][info ][gc,heap        ] GC(194) DefNew: 8832K(9920K)->0K(9920K) Eden: 8832K(8832K)->0K(8832K) From: 0K(1088K)->0K(1088K)
[9.806s][info ][gc,heap        ] GC(194) Tenured: 2071K(21888K)->2071K(21888K)
[9.806s][info ][gc,metaspace   ] GC(194) Metaspace: 369K(512K)->369K(512K) NonClass: 306K(384K)->306K(384K) Class: 63K(128K)->63K(128K)
[9.806s][debug][gc,heap        ] GC(194) Heap after GC invocations=195 (full 6):
[9.806s][debug][gc,heap        ] GC(194)  def new generation   total 9920K, used 0K [0x0000120000200000, 0x0000120000cc0000, 0x000012000aca0000)
[9.806s][debug][gc,heap        ] GC(194)   eden space 8832K,   0% used [0x0000120000200000, 0x0000120000200000, 0x0000120000aa0000)
[9.806s][debug][gc,heap        ] GC(194)   from space 1088K,   0% used [0x0000120000bb0000, 0x0000120000bb00d0, 0x0000120000cc0000)
[9.806s][debug][gc,heap        ] GC(194)   to   space 1088K,   0% used [0x0000120000aa0000, 0x0000120000aa0000, 0x0000120000bb0000)
[9.806s][debug][gc,heap        ] GC(194)  tenured generation   total 21888K, used 2071K [0x000012000aca0000, 0x000012000c200000, 0x0000120020200000)
[9.806s][debug][gc,heap        ] GC(194)    the space 21888K,   9% used [0x000012000aca0000, 0x000012000aea5f88, 0x000012000aea6000, 0x000012000c200000)
[9.806s][debug][gc,heap        ] GC(194)  Metaspace       used 369K, committed 512K, reserved 1114112K
[9.806s][debug][gc,heap        ] GC(194)   class space    used 63K, committed 128K, reserved 1048576K
[9.806s][info ][gc             ] GC(194) Pause Young (Allocation Failure) 10M->2M(31M) 0.476ms
[9.806s][info ][gc,cpu         ] GC(194) User=0.01s Sys=0.00s Real=0.00s
[9.806s][info ][safepoint      ] Safepoint "GenCollectForAllocation", Time since last: 48183901 ns, Reaching safepoint: 3257 ns, Cleanup: 3542 ns, At safepoint: 501981 ns, Total: 508780 ns
[9.865s][info ][gc,start       ] GC(195) Pause Young (Allocation Failure)
[9.865s][debug][gc,heap        ] GC(195) Heap before GC invocations=195 (full 6):
[9.865s][debug][gc,heap        ] GC(195)  def new generation   total 9920K, used 8832K [0x0000120000200000, 0x0000120000cc0000, 0x000012000aca0000)
[9.865s][debug][gc,heap        ] GC(195)   eden space 8832K, 100% used [0x0000120000200000, 0x0000120000aa0000, 0x0000120000aa0000)
[9.865s][debug][gc,heap        ] GC(195)   from space 1088K,   0% used [0x0000120000bb0000, 0x0000120000bb00d0, 0x0000120000cc0000)
[9.865s][debug][gc,heap        ] GC(195)   to   space 1088K,   0% used [0x0000120000aa0000, 0x0000120000aa0000, 0x0000120000bb0000)
[9.865s][debug][gc,heap        ] GC(195)  tenured generation   total 21888K, used 2071K [0x000012000aca0000, 0x000012000c200000, 0x0000120020200000)
[9.865s][debug][gc,heap        ] GC(195)    the space 21888K,   9% used [0x000012000aca0000, 0x000012000aea5f88, 0x000012000aea6000, 0x000012000c200000)
[9.865s][debug][gc,heap        ] GC(195)  Metaspace       used 369K, committed 512K, reserved 1114112K
[9.865s][debug][gc,heap        ] GC(195)   class space    used 63K, committed 128K, reserved 1048576K
[9.865s][debug][gc,tlab        ] GC(195) TLAB totals: thrds: 2  refills: 100 max: 58 slow allocs: 0 max 0 waste:  0.1% gc: 2808B max: 2808B slow: 2472B max: 1448B
[9.865s][debug][gc,ref         ] GC(195) Skipped SoftWeakFinalRefsPhase of Reference Processing: no references
[9.865s][debug][gc,ref         ] GC(195) Skipped KeepAliveFinalRefsPhase of Reference Processing: no references
[9.865s][debug][gc,ref         ] GC(195) Skipped PhantomRefsPhase of Reference Processing: no references
[9.865s][debug][gc,phases,ref  ] GC(195) Reference Processing: 0.0ms
[9.865s][debug][gc,phases,ref  ] GC(195)   Notify Soft/WeakReferences: 0.0ms
[9.865s][debug][gc,phases,ref  ] GC(195)     SoftRef: skipped
[9.865s][debug][gc,phases,ref  ] GC(195)     WeakRef: skipped
[9.865s][debug][gc,phases,ref  ] GC(195)     FinalRef: skipped
[9.865s][debug][gc,phases,ref  ] GC(195)     Total: skipped
[9.865s][debug][gc,phases,ref  ] GC(195)   Notify and keep alive finalizable: 0.0ms
[9.865s][debug][gc,phases,ref  ] GC(195)     FinalRef: skipped
[9.865s][debug][gc,phases,ref  ] GC(195)   Notify PhantomReferences: 0.0ms
[9.865s][debug][gc,phases,ref  ] GC(195)     PhantomRef: skipped
[9.865s][debug][gc,phases,ref  ] GC(195)   SoftReference Discovered: 0, Dropped: 0, Processed: 0
[9.865s][debug][gc,phases,ref  ] GC(195)   WeakReference Discovered: 0, Dropped: 0, Processed: 0
[9.865s][debug][gc,phases,ref  ] GC(195)   FinalReference Discovered: 0, Dropped: 0, Processed: 0
[9.865s][debug][gc,phases,ref  ] GC(195)   PhantomReference Discovered: 0, Dropped: 0, Processed: 0
[9.865s][debug][gc,age         ] GC(195) Desired survivor size 557056 bytes, new threshold 15 (max threshold 15)
[9.865s][info ][gc,heap        ] GC(195) DefNew: 8832K(9920K)->0K(9920K) Eden: 8832K(8832K)->0K(8832K) From: 0K(1088K)->0K(1088K)
[9.865s][info ][gc,heap        ] GC(195) Tenured: 2071K(21888K)->2071K(21888K)
[9.865s][info ][gc,metaspace   ] GC(195) Metaspace: 369K(512K)->369K(512K) NonClass: 306K(384K)->306K(384K) Class: 63K(128K)->63K(128K)
[9.865s][debug][gc,heap        ] GC(195) Heap after GC invocations=196 (full 6):
[9.865s][debug][gc,heap        ] GC(195)  def new generation   total 9920K, used 0K [0x0000120000200000, 0x0000120000cc0000, 0x000012000aca0000)
[9.865s][debug][gc,heap        ] GC(195)   eden space 8832K,   0% used [0x0000120000200000, 0x0000120000200000, 0x0000120000aa0000)
[9.865s][debug][gc,heap        ] GC(195)   from space 1088K,   0% used [0x0000120000aa0000, 0x0000120000aa0128, 0x0000120000bb0000)
[9.865s][debug][gc,heap        ] GC(195)   to   space 1088K,   0% used [0x0000120000bb0000, 0x0000120000bb0000, 0x0000120000cc0000)
[9.865s][debug][gc,heap        ] GC(195)  tenured generation   total 21888K, used 2071K [0x000012000aca0000, 0x000012000c200000, 0x0000120020200000)
[9.865s][debug][gc,heap        ] GC(195)    the space 21888K,   9% used [0x000012000aca0000, 0x000012000aea5f88, 0x000012000aea6000, 0x000012000c200000)
[9.865s][debug][gc,heap        ] GC(195)  Metaspace       used 369K, committed 512K, reserved 1114112K
[9.865s][debug][gc,heap        ] GC(195)   class space    used 63K, committed 128K, reserved 1048576K
[9.865s][info ][gc             ] GC(195) Pause Young (Allocation Failure) 10M->2M(31M) 0.558ms
[9.865s][info ][gc,cpu         ] GC(195) User=0.00s Sys=0.00s Real=0.00s
[9.865s][info ][safepoint      ] Safepoint "GenCollectForAllocation", Time since last: 58354801 ns, Reaching safepoint: 3416 ns, Cleanup: 3575 ns, At safepoint: 600732 ns, Total: 607723 ns
[9.913s][info ][gc,start       ] GC(196) Pause Young (Allocation Failure)
[9.913s][debug][gc,heap        ] GC(196) Heap before GC invocations=196 (full 6):
[9.913s][debug][gc,heap        ] GC(196)  def new generation   total 9920K, used 8832K [0x0000120000200000, 0x0000120000cc0000, 0x000012000aca0000)
[9.913s][debug][gc,heap        ] GC(196)   eden space 8832K, 100% used [0x0000120000200000, 0x0000120000aa0000, 0x0000120000aa0000)
[9.913s][debug][gc,heap        ] GC(196)   from space 1088K,   0% used [0x0000120000aa0000, 0x0000120000aa0128, 0x0000120000bb0000)
[9.913s][debug][gc,heap        ] GC(196)   to   space 1088K,   0% used [0x0000120000bb0000, 0x0000120000bb0000, 0x0000120000cc0000)
[9.913s][debug][gc,heap        ] GC(196)  tenured generation   total 21888K, used 2071K [0x000012000aca0000, 0x000012000c200000, 0x0000120020200000)
[9.913s][debug][gc,heap        ] GC(196)    the space 21888K,   9% used [0x000012000aca0000, 0x000012000aea5f88, 0x000012000aea6000, 0x000012000c200000)
[9.913s][debug][gc,heap        ] GC(196)  Metaspace       used 369K, committed 512K, reserved 1114112K
[9.913s][debug][gc,heap        ] GC(196)   class space    used 63K, committed 128K, reserved 1048576K
[9.913s][debug][gc,tlab        ] GC(196) TLAB totals: thrds: 2  refills: 102 max: 57 slow allocs: 0 max 0 waste:  0.2% gc: 15600B max: 15600B slow: 2552B max: 1472B
[9.913s][debug][gc,ref         ] GC(196) Skipped SoftWeakFinalRefsPhase of Reference Processing: no references
[9.913s][debug][gc,ref         ] GC(196) Skipped KeepAliveFinalRefsPhase of Reference Processing: no references
[9.913s][debug][gc,ref         ] GC(196) Skipped PhantomRefsPhase of Reference Processing: no references
[9.913s][debug][gc,phases,ref  ] GC(196) Reference Processing: 0.0ms
[9.913s][debug][gc,phases,ref  ] GC(196)   Notify Soft/WeakReferences: 0.0ms
[9.913s][debug][gc,phases,ref  ] GC(196)     SoftRef: skipped
[9.913s][debug][gc,phases,ref  ] GC(196)     WeakRef: skipped
[9.913s][debug][gc,phases,ref  ] GC(196)     FinalRef: skipped
[9.913s][debug][gc,phases,ref  ] GC(196)     Total: skipped
[9.913s][debug][gc,phases,ref  ] GC(196)   Notify and keep alive finalizable: 0.0ms
[9.913s][debug][gc,phases,ref  ] GC(196)     FinalRef: skipped
[9.913s][debug][gc,phases,ref  ] GC(196)   Notify PhantomReferences: 0.0ms
[9.913s][debug][gc,phases,ref  ] GC(196)     PhantomRef: skipped
[9.913s][debug][gc,phases,ref  ] GC(196)   SoftReference Discovered: 0, Dropped: 0, Processed: 0
[9.913s][debug][gc,phases,ref  ] GC(196)   WeakReference Discovered: 0, Dropped: 0, Processed: 0
[9.913s][debug][gc,phases,ref  ] GC(196)   FinalReference Discovered: 0, Dropped: 0, Processed: 0
[9.913s][debug][gc,phases,ref  ] GC(196)   PhantomReference Discovered: 0, Dropped: 0, Processed: 0
[9.913s][debug][gc,age         ] GC(196) Desired survivor size 557056 bytes, new threshold 15 (max threshold 15)
[9.913s][info ][gc,heap        ] GC(196) DefNew: 8832K(9920K)->0K(9920K) Eden: 8832K(8832K)->0K(8832K) From: 0K(1088K)->0K(1088K)
[9.913s][info ][gc,heap        ] GC(196) Tenured: 2071K(21888K)->2071K(21888K)
[9.913s][info ][gc,metaspace   ] GC(196) Metaspace: 369K(512K)->369K(512K) NonClass: 306K(384K)->306K(384K) Class: 63K(128K)->63K(128K)
[9.913s][debug][gc,heap        ] GC(196) Heap after GC invocations=197 (full 6):
[9.913s][debug][gc,heap        ] GC(196)  def new generation   total 9920K, used 0K [0x0000120000200000, 0x0000120000cc0000, 0x000012000aca0000)
[9.913s][debug][gc,heap        ] GC(196)   eden space 8832K,   0% used [0x0000120000200000, 0x0000120000200000, 0x0000120000aa0000)
[9.913s][debug][gc,heap        ] GC(196)   from space 1088K,   0% used [0x0000120000bb0000, 0x0000120000bb0180, 0x0000120000cc0000)
[9.913s][debug][gc,heap        ] GC(196)   to   space 1088K,   0% used [0x0000120000aa0000, 0x0000120000aa0000, 0x0000120000bb0000)
[9.913s][debug][gc,heap        ] GC(196)  tenured generation   total 21888K, used 2071K [0x000012000aca0000, 0x000012000c200000, 0x0000120020200000)
[9.913s][debug][gc,heap        ] GC(196)    the space 21888K,   9% used [0x000012000aca0000, 0x000012000aea5f88, 0x000012000aea6000, 0x000012000c200000)
[9.913s][debug][gc,heap        ] GC(196)  Metaspace       used 369K, committed 512K, reserved 1114112K
[9.913s][debug][gc,heap        ] GC(196)   class space    used 63K, committed 128K, reserved 1048576K
[9.913s][info ][gc             ] GC(196) Pause Young (Allocation Failure) 10M->2M(31M) 0.563ms
[9.913s][info ][gc,cpu         ] GC(196) User=0.00s Sys=0.00s Real=0.00s
[9.913s][info ][safepoint      ] Safepoint "GenCollectForAllocation", Time since last: 47320697 ns, Reaching safepoint: 3284 ns, Cleanup: 3723 ns, At safepoint: 607388 ns, Total: 614395 ns
[9.961s][info ][gc,start       ] GC(197) Pause Young (Allocation Failure)
[9.961s][debug][gc,heap        ] GC(197) Heap before GC invocations=197 (full 6):
[9.961s][debug][gc,heap        ] GC(197)  def new generation   total 9920K, used 8832K [0x0000120000200000, 0x0000120000cc0000, 0x000012000aca0000)
[9.961s][debug][gc,heap        ] GC(197)   eden space 8832K, 100% used [0x0000120000200000, 0x0000120000aa0000, 0x0000120000aa0000)
[9.961s][debug][gc,heap        ] GC(197)   from space 1088K,   0% used [0x0000120000bb0000, 0x0000120000bb0180, 0x0000120000cc0000)
[9.961s][debug][gc,heap        ] GC(197)   to   space 1088K,   0% used [0x0000120000aa0000, 0x0000120000aa0000, 0x0000120000bb0000)
[9.961s][debug][gc,heap        ] GC(197)  tenured generation   total 21888K, used 2071K [0x000012000aca0000, 0x000012000c200000, 0x0000120020200000)
[9.961s][debug][gc,heap        ] GC(197)    the space 21888K,   9% used [0x000012000aca0000, 0x000012000aea5f88, 0x000012000aea6000, 0x000012000c200000)
[9.961s][debug][gc,heap        ] GC(197)  Metaspace       used 369K, committed 512K, reserved 1114112K
[9.961s][debug][gc,heap        ] GC(197)   class space    used 63K, committed 128K, reserved 1048576K
[9.961s][debug][gc,tlab        ] GC(197) TLAB totals: thrds: 2  refills: 101 max: 55 slow allocs: 0 max 0 waste:  0.4% gc: 30024B max: 30024B slow: 3112B max: 1848B
[9.961s][debug][gc,ref         ] GC(197) Skipped SoftWeakFinalRefsPhase of Reference Processing: no references
[9.961s][debug][gc,ref         ] GC(197) Skipped KeepAliveFinalRefsPhase of Reference Processing: no references
[9.961s][debug][gc,ref         ] GC(197) Skipped PhantomRefsPhase of Reference Processing: no references
[9.961s][debug][gc,phases,ref  ] GC(197) Reference Processing: 0.0ms
[9.961s][debug][gc,phases,ref  ] GC(197)   Notify Soft/WeakReferences: 0.0ms
[9.961s][debug][gc,phases,ref  ] GC(197)     SoftRef: skipped
[9.961s][debug][gc,phases,ref  ] GC(197)     WeakRef: skipped
[9.961s][debug][gc,phases,ref  ] GC(197)     FinalRef: skipped
[9.961s][debug][gc,phases,ref  ] GC(197)     Total: skipped
[9.961s][debug][gc,phases,ref  ] GC(197)   Notify and keep alive finalizable: 0.0ms
[9.961s][debug][gc,phases,ref  ] GC(197)     FinalRef: skipped
[9.961s][debug][gc,phases,ref  ] GC(197)   Notify PhantomReferences: 0.0ms
[9.961s][debug][gc,phases,ref  ] GC(197)     PhantomRef: skipped
[9.961s][debug][gc,phases,ref  ] GC(197)   SoftReference Discovered: 0, Dropped: 0, Processed: 0
[9.961s][debug][gc,phases,ref  ] GC(197)   WeakReference Discovered: 0, Dropped: 0, Processed: 0
[9.961s][debug][gc,phases,ref  ] GC(197)   FinalReference Discovered: 0, Dropped: 0, Processed: 0
[9.961s][debug][gc,phases,ref  ] GC(197)   PhantomReference Discovered: 0, Dropped: 0, Processed: 0
[9.961s][debug][gc,age         ] GC(197) Desired survivor size 557056 bytes, new threshold 15 (max threshold 15)
[9.961s][info ][gc,heap        ] GC(197) DefNew: 8832K(9920K)->0K(9920K) Eden: 8832K(8832K)->0K(8832K) From: 0K(1088K)->0K(1088K)
[9.961s][info ][gc,heap        ] GC(197) Tenured: 2071K(21888K)->2071K(21888K)
[9.961s][info ][gc,metaspace   ] GC(197) Metaspace: 369K(512K)->369K(512K) NonClass: 306K(384K)->306K(384K) Class: 63K(128K)->63K(128K)
[9.961s][debug][gc,heap        ] GC(197) Heap after GC invocations=198 (full 6):
[9.961s][debug][gc,heap        ] GC(197)  def new generation   total 9920K, used 0K [0x0000120000200000, 0x0000120000cc0000, 0x000012000aca0000)
[9.961s][debug][gc,heap        ] GC(197)   eden space 8832K,   0% used [0x0000120000200000, 0x0000120000200000, 0x0000120000aa0000)
[9.962s][debug][gc,heap        ] GC(197)   from space 1088K,   0% used [0x0000120000aa0000, 0x0000120000aa0168, 0x0000120000bb0000)
[9.962s][debug][gc,heap        ] GC(197)   to   space 1088K,   0% used [0x0000120000bb0000, 0x0000120000bb0000, 0x0000120000cc0000)
[9.962s][debug][gc,heap        ] GC(197)  tenured generation   total 21888K, used 2071K [0x000012000aca0000, 0x000012000c200000, 0x0000120020200000)
[9.962s][debug][gc,heap        ] GC(197)    the space 21888K,   9% used [0x000012000aca0000, 0x000012000aea5f88, 0x000012000aea6000, 0x000012000c200000)
[9.962s][debug][gc,heap        ] GC(197)  Metaspace       used 369K, committed 512K, reserved 1114112K
[9.962s][debug][gc,heap        ] GC(197)   class space    used 63K, committed 128K, reserved 1048576K
[9.962s][info ][gc             ] GC(197) Pause Young (Allocation Failure) 10M->2M(31M) 0.556ms
[9.962s][info ][gc,cpu         ] GC(197) User=0.00s Sys=0.00s Real=0.00s
[9.962s][info ][safepoint      ] Safepoint "GenCollectForAllocation", Time since last: 47699791 ns, Reaching safepoint: 3454 ns, Cleanup: 3533 ns, At safepoint: 599403 ns, Total: 606390 ns
[10.008s][info ][gc,start       ] GC(198) Pause Young (Allocation Failure)
[10.008s][debug][gc,heap        ] GC(198) Heap before GC invocations=198 (full 6):
[10.008s][debug][gc,heap        ] GC(198)  def new generation   total 9920K, used 8832K [0x0000120000200000, 0x0000120000cc0000, 0x000012000aca0000)
[10.008s][debug][gc,heap        ] GC(198)   eden space 8832K, 100% used [0x0000120000200000, 0x0000120000aa0000, 0x0000120000aa0000)
[10.008s][debug][gc,heap        ] GC(198)   from space 1088K,   0% used [0x0000120000aa0000, 0x0000120000aa0168, 0x0000120000bb0000)
[10.008s][debug][gc,heap        ] GC(198)   to   space 1088K,   0% used [0x0000120000bb0000, 0x0000120000bb0000, 0x0000120000cc0000)
[10.009s][debug][gc,heap        ] GC(198)  tenured generation   total 21888K, used 2071K [0x000012000aca0000, 0x000012000c200000, 0x0000120020200000)
[10.009s][debug][gc,heap        ] GC(198)    the space 21888K,   9% used [0x000012000aca0000, 0x000012000aea5f88, 0x000012000aea6000, 0x000012000c200000)
[10.009s][debug][gc,heap        ] GC(198)  Metaspace       used 369K, committed 512K, reserved 1114112K
[10.009s][debug][gc,heap        ] GC(198)   class space    used 63K, committed 128K, reserved 1048576K
[10.009s][debug][gc,tlab        ] GC(198) TLAB totals: thrds: 2  refills: 101 max: 53 slow allocs: 0 max 0 waste:  0.0% gc: 0B max: 0B slow: 2344B max: 1296B
[10.009s][debug][gc,ref         ] GC(198) Skipped SoftWeakFinalRefsPhase of Reference Processing: no references
[10.009s][debug][gc,ref         ] GC(198) Skipped KeepAliveFinalRefsPhase of Reference Processing: no references
[10.009s][debug][gc,ref         ] GC(198) Skipped PhantomRefsPhase of Reference Processing: no references
[10.009s][debug][gc,phases,ref  ] GC(198) Reference Processing: 0.0ms
[10.009s][debug][gc,phases,ref  ] GC(198)   Notify Soft/WeakReferences: 0.0ms
[10.009s][debug][gc,phases,ref  ] GC(198)     SoftRef: skipped
[10.009s][debug][gc,phases,ref  ] GC(198)     WeakRef: skipped
[10.009s][debug][gc,phases,ref  ] GC(198)     FinalRef: skipped
[10.009s][debug][gc,phases,ref  ] GC(198)     Total: skipped
[10.009s][debug][gc,phases,ref  ] GC(198)   Notify and keep alive finalizable: 0.0ms
[10.009s][debug][gc,phases,ref  ] GC(198)     FinalRef: skipped
[10.009s][debug][gc,phases,ref  ] GC(198)   Notify PhantomReferences: 0.0ms
[10.009s][debug][gc,phases,ref  ] GC(198)     PhantomRef: skipped
[10.009s][debug][gc,phases,ref  ] GC(198)   SoftReference Discovered: 0, Dropped: 0, Processed: 0
[10.009s][debug][gc,phases,ref  ] GC(198)   WeakReference Discovered: 0, Dropped: 0, Processed: 0
[10.009s][debug][gc,phases,ref  ] GC(198)   FinalReference Discovered: 0, Dropped: 0, Processed: 0
[10.009s][debug][gc,phases,ref  ] GC(198)   PhantomReference Discovered: 0, Dropped: 0, Processed: 0
[10.009s][debug][gc,age         ] GC(198) Desired survivor size 557056 bytes, new threshold 15 (max threshold 15)
[10.009s][info ][gc,heap        ] GC(198) DefNew: 8832K(9920K)->0K(9920K) Eden: 8832K(8832K)->0K(8832K) From: 0K(1088K)->0K(1088K)
[10.009s][info ][gc,heap        ] GC(198) Tenured: 2071K(21888K)->2071K(21888K)
[10.009s][info ][gc,metaspace   ] GC(198) Metaspace: 369K(512K)->369K(512K) NonClass: 306K(384K)->306K(384K) Class: 63K(128K)->63K(128K)
[10.009s][debug][gc,heap        ] GC(198) Heap after GC invocations=199 (full 6):
[10.009s][debug][gc,heap        ] GC(198)  def new generation   total 9920K, used 0K [0x0000120000200000, 0x0000120000cc0000, 0x000012000aca0000)
[10.009s][debug][gc,heap        ] GC(198)   eden space 8832K,   0% used [0x0000120000200000, 0x0000120000200000, 0x0000120000aa0000)
[10.009s][debug][gc,heap        ] GC(198)   from space 1088K,   0% used [0x0000120000bb0000, 0x0000120000bb0168, 0x0000120000cc0000)
[10.009s][debug][gc,heap        ] GC(198)   to   space 1088K,   0% used [0x0000120000aa0000, 0x0000120000aa0000, 0x0000120000bb0000)
[10.009s][debug][gc,heap        ] GC(198)  tenured generation   total 21888K, used 2071K [0x000012000aca0000, 0x000012000c200000, 0x0000120020200000)
[10.009s][debug][gc,heap        ] GC(198)    the space 21888K,   9% used [0x000012000aca0000, 0x000012000aea5f88, 0x000012000aea6000, 0x000012000c200000)
[10.009s][debug][gc,heap        ] GC(198)  Metaspace       used 369K, committed 512K, reserved 1114112K
[10.009s][debug][gc,heap        ] GC(198)   class space    used 63K, committed 128K, reserved 1048576K
[10.009s][info ][gc             ] GC(198) Pause Young (Allocation Failure) 10M->2M(31M) 0.567ms
[10.009s][info ][gc,cpu         ] GC(198) User=0.00s Sys=0.00s Real=0.00s
[10.009s][info ][safepoint      ] Safepoint "GenCollectForAllocation", Time since last: 46788027 ns, Reaching safepoint: 3009 ns, Cleanup: 3509 ns, At safepoint: 605476 ns, Total: 611994 ns
[10.056s][info ][gc,start       ] GC(199) Pause Young (Allocation Failure)
[10.056s][debug][gc,heap        ] GC(199) Heap before GC invocations=199 (full 6):
[10.056s][debug][gc,heap        ] GC(199)  def new generation   total 9920K, used 8832K [0x0000120000200000, 0x0000120000cc0000, 0x000012000aca0000)
[10.056s][debug][gc,heap        ] GC(199)   eden space 8832K, 100% used [0x0000120000200000, 0x0000120000aa0000, 0x0000120000aa0000)
[10.056s][debug][gc,heap        ] GC(199)   from space 1088K,   0% used [0x0000120000bb0000, 0x0000120000bb0168, 0x0000120000cc0000)
[10.056s][debug][gc,heap        ] GC(199)   to   space 1088K,   0% used [0x0000120000aa0000, 0x0000120000aa0000, 0x0000120000bb0000)
[10.056s][debug][gc,heap        ] GC(199)  tenured generation   total 21888K, used 2071K [0x000012000aca0000, 0x000012000c200000, 0x0000120020200000)
[10.056s][debug][gc,heap        ] GC(199)    the space 21888K,   9% used [0x000012000aca0000, 0x000012000aea5f88, 0x000012000aea6000, 0x000012000c200000)
[10.056s][debug][gc,heap        ] GC(199)  Metaspace       used 369K, committed 512K, reserved 1114112K
[10.056s][debug][gc,heap        ] GC(199)   class space    used 63K, committed 128K, reserved 1048576K
[10.057s][debug][gc,tlab        ] GC(199) TLAB totals: thrds: 2  refills: 101 max: 53 slow allocs: 0 max 0 waste:  0.3% gc: 25344B max: 25344B slow: 2416B max: 1624B
[10.057s][debug][gc,ref         ] GC(199) Skipped SoftWeakFinalRefsPhase of Reference Processing: no references
[10.057s][debug][gc,ref         ] GC(199) Skipped KeepAliveFinalRefsPhase of Reference Processing: no references
[10.057s][debug][gc,ref         ] GC(199) Skipped PhantomRefsPhase of Reference Processing: no references
[10.057s][debug][gc,phases,ref  ] GC(199) Reference Processing: 0.0ms
[10.057s][debug][gc,phases,ref  ] GC(199)   Notify Soft/WeakReferences: 0.0ms
[10.057s][debug][gc,phases,ref  ] GC(199)     SoftRef: skipped
[10.057s][debug][gc,phases,ref  ] GC(199)     WeakRef: skipped
[10.057s][debug][gc,phases,ref  ] GC(199)     FinalRef: skipped
[10.057s][debug][gc,phases,ref  ] GC(199)     Total: skipped
[10.057s][debug][gc,phases,ref  ] GC(199)   Notify and keep alive finalizable: 0.0ms
[10.057s][debug][gc,phases,ref  ] GC(199)     FinalRef: skipped
[10.057s][debug][gc,phases,ref  ] GC(199)   Notify PhantomReferences: 0.0ms
[10.057s][debug][gc,phases,ref  ] GC(199)     PhantomRef: skipped
[10.057s][debug][gc,phases,ref  ] GC(199)   SoftReference Discovered: 0, Dropped: 0, Processed: 0
[10.057s][debug][gc,phases,ref  ] GC(199)   WeakReference Discovered: 0, Dropped: 0, Processed: 0
[10.057s][debug][gc,phases,ref  ] GC(199)   FinalReference Discovered: 0, Dropped: 0, Processed: 0
[10.057s][debug][gc,phases,ref  ] GC(199)   PhantomReference Discovered: 0, Dropped: 0, Processed: 0
[10.057s][debug][gc,age         ] GC(199) Desired survivor size 557056 bytes, new threshold 15 (max threshold 15)
[10.057s][info ][gc,heap        ] GC(199) DefNew: 8832K(9920K)->0K(9920K) Eden: 8832K(8832K)->0K(8832K) From: 0K(1088K)->0K(1088K)
[10.057s][info ][gc,heap        ] GC(199) Tenured: 2071K(21888K)->2071K(21888K)
[10.057s][info ][gc,metaspace   ] GC(199) Metaspace: 369K(512K)->369K(512K) NonClass: 306K(384K)->306K(384K) Class: 63K(128K)->63K(128K)
[10.057s][debug][gc,heap        ] GC(199) Heap after GC invocations=200 (full 6):
[10.057s][debug][gc,heap        ] GC(199)  def new generation   total 9920K, used 0K [0x0000120000200000, 0x0000120000cc0000, 0x000012000aca0000)
[10.057s][debug][gc,heap        ] GC(199)   eden space 8832K,   0% used [0x0000120000200000, 0x0000120000200000, 0x0000120000aa0000)
[10.057s][debug][gc,heap        ] GC(199)   from space 1088K,   0% used [0x0000120000aa0000, 0x0000120000aa0160, 0x0000120000bb0000)
[10.057s][debug][gc,heap        ] GC(199)   to   space 1088K,   0% used [0x0000120000bb0000, 0x0000120000bb0000, 0x0000120000cc0000)
[10.057s][debug][gc,heap        ] GC(199)  tenured generation   total 21888K, used 2071K [0x000012000aca0000, 0x000012000c200000, 0x0000120020200000)
[10.057s][debug][gc,heap        ] GC(199)    the space 21888K,   9% used [0x000012000aca0000, 0x000012000aea5f88, 0x000012000aea6000, 0x000012000c200000)
[10.057s][debug][gc,heap        ] GC(199)  Metaspace       used 369K, committed 512K, reserved 1114112K
[10.057s][debug][gc,heap        ] GC(199)   class space    used 63K, committed 128K, reserved 1048576K
[10.057s][info ][gc             ] GC(199) Pause Young (Allocation Failure) 10M->2M(31M) 0.673ms
[10.057s][info ][gc,cpu         ] GC(199) User=0.00s Sys=0.00s Real=0.00s
[10.057s][info ][safepoint      ] Safepoint "GenCollectForAllocation", Time since last: 47303007 ns, Reaching safepoint: 3584 ns, Cleanup: 3673 ns, At safepoint: 716089 ns, Total: 723346 ns
[10.105s][info ][gc,start       ] GC(200) Pause Young (Allocation Failure)
[10.105s][debug][gc,heap        ] GC(200) Heap before GC invocations=200 (full 6):
[10.105s][debug][gc,heap        ] GC(200)  def new generation   total 9920K, used 8832K [0x0000120000200000, 0x0000120000cc0000, 0x000012000aca0000)
[10.105s][debug][gc,heap        ] GC(200)   eden space 8832K, 100% used [0x0000120000200000, 0x0000120000aa0000, 0x0000120000aa0000)
[10.105s][debug][gc,heap        ] GC(200)   from space 1088K,   0% used [0x0000120000aa0000, 0x0000120000aa0160, 0x0000120000bb0000)
[10.105s][debug][gc,heap        ] GC(200)   to   space 1088K,   0% used [0x0000120000bb0000, 0x0000120000bb0000, 0x0000120000cc0000)
[10.105s][debug][gc,heap        ] GC(200)  tenured generation   total 21888K, used 2071K [0x000012000aca0000, 0x000012000c200000, 0x0000120020200000)
[10.105s][debug][gc,heap        ] GC(200)    the space 21888K,   9% used [0x000012000aca0000, 0x000012000aea5f88, 0x000012000aea6000, 0x000012000c200000)
[10.105s][debug][gc,heap        ] GC(200)  Metaspace       used 369K, committed 512K, reserved 1114112K
[10.105s][debug][gc,heap        ] GC(200)   class space    used 63K, committed 128K, reserved 1048576K
[10.105s][debug][gc,tlab        ] GC(200) TLAB totals: thrds: 2  refills: 101 max: 52 slow allocs: 0 max 0 waste:  0.2% gc: 16368B max: 16368B slow: 2536B max: 1512B
[10.105s][debug][gc,ref         ] GC(200) Skipped SoftWeakFinalRefsPhase of Reference Processing: no references
[10.105s][debug][gc,ref         ] GC(200) Skipped KeepAliveFinalRefsPhase of Reference Processing: no references
[10.105s][debug][gc,ref         ] GC(200) Skipped PhantomRefsPhase of Reference Processing: no references
[10.105s][debug][gc,phases,ref  ] GC(200) Reference Processing: 0.0ms
[10.105s][debug][gc,phases,ref  ] GC(200)   Notify Soft/WeakReferences: 0.0ms
[10.105s][debug][gc,phases,ref  ] GC(200)     SoftRef: skipped
[10.105s][debug][gc,phases,ref  ] GC(200)     WeakRef: skipped
[10.105s][debug][gc,phases,ref  ] GC(200)     FinalRef: skipped
[10.105s][debug][gc,phases,ref  ] GC(200)     Total: skipped
[10.105s][debug][gc,phases,ref  ] GC(200)   Notify and keep alive finalizable: 0.0ms
[10.105s][debug][gc,phases,ref  ] GC(200)     FinalRef: skipped
[10.105s][debug][gc,phases,ref  ] GC(200)   Notify PhantomReferences: 0.0ms
[10.105s][debug][gc,phases,ref  ] GC(200)     PhantomRef: skipped
[10.105s][debug][gc,phases,ref  ] GC(200)   SoftReference Discovered: 0, Dropped: 0, Processed: 0
[10.105s][debug][gc,phases,ref  ] GC(200)   WeakReference Discovered: 0, Dropped: 0, Processed: 0
[10.105s][debug][gc,phases,ref  ] GC(200)   FinalReference Discovered: 0, Dropped: 0, Processed: 0
[10.105s][debug][gc,phases,ref  ] GC(200)   PhantomReference Discovered: 0, Dropped: 0, Processed: 0
[10.105s][debug][gc,age         ] GC(200) Desired survivor size 557056 bytes, new threshold 15 (max threshold 15)
[10.105s][info ][gc,heap        ] GC(200) DefNew: 8832K(9920K)->0K(9920K) Eden: 8832K(8832K)->0K(8832K) From: 0K(1088K)->0K(1088K)
[10.105s][info ][gc,heap        ] GC(200) Tenured: 2071K(21888K)->2071K(21888K)
[10.105s][info ][gc,metaspace   ] GC(200) Metaspace: 369K(512K)->369K(512K) NonClass: 306K(384K)->306K(384K) Class: 63K(128K)->63K(128K)
[10.105s][debug][gc,heap        ] GC(200) Heap after GC invocations=201 (full 6):
[10.105s][debug][gc,heap        ] GC(200)  def new generation   total 9920K, used 0K [0x0000120000200000, 0x0000120000cc0000, 0x000012000aca0000)
[10.105s][debug][gc,heap        ] GC(200)   eden space 8832K,   0% used [0x0000120000200000, 0x0000120000200000, 0x0000120000aa0000)
[10.105s][debug][gc,heap        ] GC(200)   from space 1088K,   0% used [0x0000120000bb0000, 0x0000120000bb0118, 0x0000120000cc0000)
[10.105s][debug][gc,heap        ] GC(200)   to   space 1088K,   0% used [0x0000120000aa0000, 0x0000120000aa0000, 0x0000120000bb0000)
[10.106s][debug][gc,heap        ] GC(200)  tenured generation   total 21888K, used 2071K [0x000012000aca0000, 0x000012000c200000, 0x0000120020200000)
[10.106s][debug][gc,heap        ] GC(200)    the space 21888K,   9% used [0x000012000aca0000, 0x000012000aea5f88, 0x000012000aea6000, 0x000012000c200000)
[10.106s][debug][gc,heap        ] GC(200)  Metaspace       used 369K, committed 512K, reserved 1114112K
[10.106s][debug][gc,heap        ] GC(200)   class space    used 63K, committed 128K, reserved 1048576K
[10.106s][info ][gc             ] GC(200) Pause Young (Allocation Failure) 10M->2M(31M) 0.587ms
[10.106s][info ][gc,cpu         ] GC(200) User=0.00s Sys=0.00s Real=0.00s
[10.106s][info ][safepoint      ] Safepoint "GenCollectForAllocation", Time since last: 47916121 ns, Reaching safepoint: 3377 ns, Cleanup: 3756 ns, At safepoint: 633842 ns, Total: 640975 ns
[10.153s][info ][gc,start       ] GC(201) Pause Young (Allocation Failure)
[10.153s][debug][gc,heap        ] GC(201) Heap before GC invocations=201 (full 6):
[10.153s][debug][gc,heap        ] GC(201)  def new generation   total 9920K, used 8832K [0x0000120000200000, 0x0000120000cc0000, 0x000012000aca0000)
[10.153s][debug][gc,heap        ] GC(201)   eden space 8832K, 100% used [0x0000120000200000, 0x0000120000aa0000, 0x0000120000aa0000)
[10.153s][debug][gc,heap        ] GC(201)   from space 1088K,   0% used [0x0000120000bb0000, 0x0000120000bb0118, 0x0000120000cc0000)
[10.153s][debug][gc,heap        ] GC(201)   to   space 1088K,   0% used [0x0000120000aa0000, 0x0000120000aa0000, 0x0000120000bb0000)
[10.153s][debug][gc,heap        ] GC(201)  tenured generation   total 21888K, used 2071K [0x000012000aca0000, 0x000012000c200000, 0x0000120020200000)
[10.153s][debug][gc,heap        ] GC(201)    the space 21888K,   9% used [0x000012000aca0000, 0x000012000aea5f88, 0x000012000aea6000, 0x000012000c200000)
[10.153s][debug][gc,heap        ] GC(201)  Metaspace       used 369K, committed 512K, reserved 1114112K
[10.153s][debug][gc,heap        ] GC(201)   class space    used 63K, committed 128K, reserved 1048576K
[10.153s][debug][gc,tlab        ] GC(201) TLAB totals: thrds: 2  refills: 101 max: 52 slow allocs: 0 max 0 waste:  0.5% gc: 41016B max: 41016B slow: 2536B max: 1304B
[10.153s][debug][gc,ref         ] GC(201) Skipped SoftWeakFinalRefsPhase of Reference Processing: no references
[10.153s][debug][gc,ref         ] GC(201) Skipped KeepAliveFinalRefsPhase of Reference Processing: no references
[10.153s][debug][gc,ref         ] GC(201) Skipped PhantomRefsPhase of Reference Processing: no references
[10.153s][debug][gc,phases,ref  ] GC(201) Reference Processing: 0.0ms
[10.153s][debug][gc,phases,ref  ] GC(201)   Notify Soft/WeakReferences: 0.0ms
[10.153s][debug][gc,phases,ref  ] GC(201)     SoftRef: skipped
[10.153s][debug][gc,phases,ref  ] GC(201)     WeakRef: skipped
[10.153s][debug][gc,phases,ref  ] GC(201)     FinalRef: skipped
[10.153s][debug][gc,phases,ref  ] GC(201)     Total: skipped
[10.153s][debug][gc,phases,ref  ] GC(201)   Notify and keep alive finalizable: 0.0ms
[10.153s][debug][gc,phases,ref  ] GC(201)     FinalRef: skipped
[10.153s][debug][gc,phases,ref  ] GC(201)   Notify PhantomReferences: 0.0ms
[10.153s][debug][gc,phases,ref  ] GC(201)     PhantomRef: skipped
[10.153s][debug][gc,phases,ref  ] GC(201)   SoftReference Discovered: 0, Dropped: 0, Processed: 0
[10.153s][debug][gc,phases,ref  ] GC(201)   WeakReference Discovered: 0, Dropped: 0, Processed: 0
[10.153s][debug][gc,phases,ref  ] GC(201)   FinalReference Discovered: 0, Dropped: 0, Processed: 0
[10.153s][debug][gc,phases,ref  ] GC(201)   PhantomReference Discovered: 0, Dropped: 0, Processed: 0
[10.153s][debug][gc,age         ] GC(201) Desired survivor size 557056 bytes, new threshold 15 (max threshold 15)
[10.153s][info ][gc,heap        ] GC(201) DefNew: 8832K(9920K)->0K(9920K) Eden: 8832K(8832K)->0K(8832K) From: 0K(1088K)->0K(1088K)
[10.153s][info ][gc,heap        ] GC(201) Tenured: 2071K(21888K)->2071K(21888K)
[10.153s][info ][gc,metaspace   ] GC(201) Metaspace: 369K(512K)->369K(512K) NonClass: 306K(384K)->306K(384K) Class: 63K(128K)->63K(128K)
[10.153s][debug][gc,heap        ] GC(201) Heap after GC invocations=202 (full 6):
[10.153s][debug][gc,heap        ] GC(201)  def new generation   total 9920K, used 0K [0x0000120000200000, 0x0000120000cc0000, 0x000012000aca0000)
[10.153s][debug][gc,heap        ] GC(201)   eden space 8832K,   0% used [0x0000120000200000, 0x0000120000200000, 0x0000120000aa0000)
[10.153s][debug][gc,heap        ] GC(201)   from space 1088K,   0% used [0x0000120000aa0000, 0x0000120000aa0178, 0x0000120000bb0000)
[10.153s][debug][gc,heap        ] GC(201)   to   space 1088K,   0% used [0x0000120000bb0000, 0x0000120000bb0000, 0x0000120000cc0000)
[10.153s][debug][gc,heap        ] GC(201)  tenured generation   total 21888K, used 2071K [0x000012000aca0000, 0x000012000c200000, 0x0000120020200000)
[10.153s][debug][gc,heap        ] GC(201)    the space 21888K,   9% used [0x000012000aca0000, 0x000012000aea5f88, 0x000012000aea6000, 0x000012000c200000)
[10.153s][debug][gc,heap        ] GC(201)  Metaspace       used 369K, committed 512K, reserved 1114112K
[10.153s][debug][gc,heap        ] GC(201)   class space    used 63K, committed 128K, reserved 1048576K
[10.153s][info ][gc             ] GC(201) Pause Young (Allocation Failure) 10M->2M(31M) 0.575ms
[10.153s][info ][gc,cpu         ] GC(201) User=0.00s Sys=0.00s Real=0.00s
[10.153s][info ][safepoint      ] Safepoint "GenCollectForAllocation", Time since last: 47108665 ns, Reaching safepoint: 3413 ns, Cleanup: 3812 ns, At safepoint: 621585 ns, Total: 628810 ns
[10.201s][info ][gc,start       ] GC(202) Pause Young (Allocation Failure)
[10.201s][debug][gc,heap        ] GC(202) Heap before GC invocations=202 (full 6):
[10.201s][debug][gc,heap        ] GC(202)  def new generation   total 9920K, used 8832K [0x0000120000200000, 0x0000120000cc0000, 0x000012000aca0000)
[10.201s][debug][gc,heap        ] GC(202)   eden space 8832K, 100% used [0x0000120000200000, 0x0000120000aa0000, 0x0000120000aa0000)
[10.201s][debug][gc,heap        ] GC(202)   from space 1088K,   0% used [0x0000120000aa0000, 0x0000120000aa0178, 0x0000120000bb0000)
[10.201s][debug][gc,heap        ] GC(202)   to   space 1088K,   0% used [0x0000120000bb0000, 0x0000120000bb0000, 0x0000120000cc0000)
[10.201s][debug][gc,heap        ] GC(202)  tenured generation   total 21888K, used 2071K [0x000012000aca0000, 0x000012000c200000, 0x0000120020200000)
[10.201s][debug][gc,heap        ] GC(202)    the space 21888K,   9% used [0x000012000aca0000, 0x000012000aea5f88, 0x000012000aea6000, 0x000012000c200000)
[10.201s][debug][gc,heap        ] GC(202)  Metaspace       used 369K, committed 512K, reserved 1114112K
[10.201s][debug][gc,heap        ] GC(202)   class space    used 63K, committed 128K, reserved 1048576K
[10.201s][debug][gc,tlab        ] GC(202) TLAB totals: thrds: 2  refills: 101 max: 51 slow allocs: 0 max 0 waste:  0.1% gc: 9080B max: 9080B slow: 2240B max: 1224B
[10.202s][debug][gc,ref         ] GC(202) Skipped SoftWeakFinalRefsPhase of Reference Processing: no references
[10.202s][debug][gc,ref         ] GC(202) Skipped KeepAliveFinalRefsPhase of Reference Processing: no references
[10.202s][debug][gc,ref         ] GC(202) Skipped PhantomRefsPhase of Reference Processing: no references
[10.202s][debug][gc,phases,ref  ] GC(202) Reference Processing: 0.0ms
[10.202s][debug][gc,phases,ref  ] GC(202)   Notify Soft/WeakReferences: 0.0ms
[10.202s][debug][gc,phases,ref  ] GC(202)     SoftRef: skipped
[10.202s][debug][gc,phases,ref  ] GC(202)     WeakRef: skipped
[10.202s][debug][gc,phases,ref  ] GC(202)     FinalRef: skipped
[10.202s][debug][gc,phases,ref  ] GC(202)     Total: skipped
[10.202s][debug][gc,phases,ref  ] GC(202)   Notify and keep alive finalizable: 0.0ms
[10.202s][debug][gc,phases,ref  ] GC(202)     FinalRef: skipped
[10.202s][debug][gc,phases,ref  ] GC(202)   Notify PhantomReferences: 0.0ms
[10.202s][debug][gc,phases,ref  ] GC(202)     PhantomRef: skipped
[10.202s][debug][gc,phases,ref  ] GC(202)   SoftReference Discovered: 0, Dropped: 0, Processed: 0
[10.202s][debug][gc,phases,ref  ] GC(202)   WeakReference Discovered: 0, Dropped: 0, Processed: 0
[10.202s][debug][gc,phases,ref  ] GC(202)   FinalReference Discovered: 0, Dropped: 0, Processed: 0
[10.202s][debug][gc,phases,ref  ] GC(202)   PhantomReference Discovered: 0, Dropped: 0, Processed: 0
[10.202s][debug][gc,age         ] GC(202) Desired survivor size 557056 bytes, new threshold 15 (max threshold 15)
[10.202s][info ][gc,heap        ] GC(202) DefNew: 8832K(9920K)->0K(9920K) Eden: 8832K(8832K)->0K(8832K) From: 0K(1088K)->0K(1088K)
[10.202s][info ][gc,heap        ] GC(202) Tenured: 2071K(21888K)->2071K(21888K)
[10.202s][info ][gc,metaspace   ] GC(202) Metaspace: 369K(512K)->369K(512K) NonClass: 306K(384K)->306K(384K) Class: 63K(128K)->63K(128K)
[10.202s][debug][gc,heap        ] GC(202) Heap after GC invocations=203 (full 6):
[10.202s][debug][gc,heap        ] GC(202)  def new generation   total 9920K, used 0K [0x0000120000200000, 0x0000120000cc0000, 0x000012000aca0000)
[10.202s][debug][gc,heap        ] GC(202)   eden space 8832K,   0% used [0x0000120000200000, 0x0000120000200000, 0x0000120000aa0000)
[10.202s][debug][gc,heap        ] GC(202)   from space 1088K,   0% used [0x0000120000bb0000, 0x0000120000bb0168, 0x0000120000cc0000)
[10.202s][debug][gc,heap        ] GC(202)   to   space 1088K,   0% used [0x0000120000aa0000, 0x0000120000aa0000, 0x0000120000bb0000)
[10.202s][debug][gc,heap        ] GC(202)  tenured generation   total 21888K, used 2071K [0x000012000aca0000, 0x000012000c200000, 0x0000120020200000)
[10.202s][debug][gc,heap        ] GC(202)    the space 21888K,   9% used [0x000012000aca0000, 0x000012000aea5f88, 0x000012000aea6000, 0x000012000c200000)
[10.202s][debug][gc,heap        ] GC(202)  Metaspace       used 369K, committed 512K, reserved 1114112K
[10.202s][debug][gc,heap        ] GC(202)   class space    used 63K, committed 128K, reserved 1048576K
[10.202s][info ][gc             ] GC(202) Pause Young (Allocation Failure) 10M->2M(31M) 0.695ms
[10.202s][info ][gc,cpu         ] GC(202) User=0.00s Sys=0.00s Real=0.00s
[10.202s][info ][safepoint      ] Safepoint "GenCollectForAllocation", Time since last: 47830722 ns, Reaching safepoint: 3224 ns, Cleanup: 3628 ns, At safepoint: 739849 ns, Total: 746701 ns
[10.250s][info ][gc,start       ] GC(203) Pause Young (Allocation Failure)
[10.250s][debug][gc,heap        ] GC(203) Heap before GC invocations=203 (full 6):
[10.250s][debug][gc,heap        ] GC(203)  def new generation   total 9920K, used 8832K [0x0000120000200000, 0x0000120000cc0000, 0x000012000aca0000)
[10.250s][debug][gc,heap        ] GC(203)   eden space 8832K, 100% used [0x0000120000200000, 0x0000120000aa0000, 0x0000120000aa0000)
[10.250s][debug][gc,heap        ] GC(203)   from space 1088K,   0% used [0x0000120000bb0000, 0x0000120000bb0168, 0x0000120000cc0000)
[10.250s][debug][gc,heap        ] GC(203)   to   space 1088K,   0% used [0x0000120000aa0000, 0x0000120000aa0000, 0x0000120000bb0000)
[10.250s][debug][gc,heap        ] GC(203)  tenured generation   total 21888K, used 2071K [0x000012000aca0000, 0x000012000c200000, 0x0000120020200000)
[10.250s][debug][gc,heap        ] GC(203)    the space 21888K,   9% used [0x000012000aca0000, 0x000012000aea5f88, 0x000012000aea6000, 0x000012000c200000)
[10.250s][debug][gc,heap        ] GC(203)  Metaspace       used 369K, committed 512K, reserved 1114112K
[10.250s][debug][gc,heap        ] GC(203)   class space    used 63K, committed 128K, reserved 1048576K
[10.250s][debug][gc,tlab        ] GC(203) TLAB totals: thrds: 2  refills: 101 max: 51 slow allocs: 0 max 0 waste:  0.5% gc: 44192B max: 44192B slow: 2400B max: 1360B
[10.250s][debug][gc,ref         ] GC(203) Skipped SoftWeakFinalRefsPhase of Reference Processing: no references
[10.250s][debug][gc,ref         ] GC(203) Skipped KeepAliveFinalRefsPhase of Reference Processing: no references
[10.250s][debug][gc,ref         ] GC(203) Skipped PhantomRefsPhase of Reference Processing: no references
[10.250s][debug][gc,phases,ref  ] GC(203) Reference Processing: 0.0ms
[10.250s][debug][gc,phases,ref  ] GC(203)   Notify Soft/WeakReferences: 0.0ms
[10.250s][debug][gc,phases,ref  ] GC(203)     SoftRef: skipped
[10.250s][debug][gc,phases,ref  ] GC(203)     WeakRef: skipped
[10.250s][debug][gc,phases,ref  ] GC(203)     FinalRef: skipped
[10.250s][debug][gc,phases,ref  ] GC(203)     Total: skipped
[10.250s][debug][gc,phases,ref  ] GC(203)   Notify and keep alive finalizable: 0.0ms
[10.250s][debug][gc,phases,ref  ] GC(203)     FinalRef: skipped
[10.250s][debug][gc,phases,ref  ] GC(203)   Notify PhantomReferences: 0.0ms
[10.250s][debug][gc,phases,ref  ] GC(203)     PhantomRef: skipped
[10.250s][debug][gc,phases,ref  ] GC(203)   SoftReference Discovered: 0, Dropped: 0, Processed: 0
[10.250s][debug][gc,phases,ref  ] GC(203)   WeakReference Discovered: 0, Dropped: 0, Processed: 0
[10.250s][debug][gc,phases,ref  ] GC(203)   FinalReference Discovered: 0, Dropped: 0, Processed: 0
[10.250s][debug][gc,phases,ref  ] GC(203)   PhantomReference Discovered: 0, Dropped: 0, Processed: 0
[10.250s][debug][gc,age         ] GC(203) Desired survivor size 557056 bytes, new threshold 15 (max threshold 15)
[10.250s][info ][gc,heap        ] GC(203) DefNew: 8832K(9920K)->0K(9920K) Eden: 8832K(8832K)->0K(8832K) From: 0K(1088K)->0K(1088K)
[10.250s][info ][gc,heap        ] GC(203) Tenured: 2071K(21888K)->2071K(21888K)
[10.250s][info ][gc,metaspace   ] GC(203) Metaspace: 369K(512K)->369K(512K) NonClass: 306K(384K)->306K(384K) Class: 63K(128K)->63K(128K)
[10.250s][debug][gc,heap        ] GC(203) Heap after GC invocations=204 (full 6):
[10.250s][debug][gc,heap        ] GC(203)  def new generation   total 9920K, used 0K [0x0000120000200000, 0x0000120000cc0000, 0x000012000aca0000)
[10.250s][debug][gc,heap        ] GC(203)   eden space 8832K,   0% used [0x0000120000200000, 0x0000120000200000, 0x0000120000aa0000)
[10.250s][debug][gc,heap        ] GC(203)   from space 1088K,   0% used [0x0000120000aa0000, 0x0000120000aa00d0, 0x0000120000bb0000)
[10.250s][debug][gc,heap        ] GC(203)   to   space 1088K,   0% used [0x0000120000bb0000, 0x0000120000bb0000, 0x0000120000cc0000)
[10.250s][debug][gc,heap        ] GC(203)  tenured generation   total 21888K, used 2071K [0x000012000aca0000, 0x000012000c200000, 0x0000120020200000)
[10.250s][debug][gc,heap        ] GC(203)    the space 21888K,   9% used [0x000012000aca0000, 0x000012000aea5f88, 0x000012000aea6000, 0x000012000c200000)
[10.250s][debug][gc,heap        ] GC(203)  Metaspace       used 369K, committed 512K, reserved 1114112K
[10.250s][debug][gc,heap        ] GC(203)   class space    used 63K, committed 128K, reserved 1048576K
[10.250s][info ][gc             ] GC(203) Pause Young (Allocation Failure) 10M->2M(31M) 0.579ms
[10.250s][info ][gc,cpu         ] GC(203) User=0.00s Sys=0.00s Real=0.00s
[10.250s][info ][safepoint      ] Safepoint "GenCollectForAllocation", Time since last: 47719584 ns, Reaching safepoint: 3244 ns, Cleanup: 3785 ns, At safepoint: 623892 ns, Total: 630921 ns
[10.298s][info ][gc,start       ] GC(204) Pause Young (Allocation Failure)
[10.298s][debug][gc,heap        ] GC(204) Heap before GC invocations=204 (full 6):
[10.298s][debug][gc,heap        ] GC(204)  def new generation   total 9920K, used 8832K [0x0000120000200000, 0x0000120000cc0000, 0x000012000aca0000)
[10.298s][debug][gc,heap        ] GC(204)   eden space 8832K, 100% used [0x0000120000200000, 0x0000120000aa0000, 0x0000120000aa0000)
[10.298s][debug][gc,heap        ] GC(204)   from space 1088K,   0% used [0x0000120000aa0000, 0x0000120000aa00d0, 0x0000120000bb0000)
[10.298s][debug][gc,heap        ] GC(204)   to   space 1088K,   0% used [0x0000120000bb0000, 0x0000120000bb0000, 0x0000120000cc0000)
[10.298s][debug][gc,heap        ] GC(204)  tenured generation   total 21888K, used 2071K [0x000012000aca0000, 0x000012000c200000, 0x0000120020200000)
[10.298s][debug][gc,heap        ] GC(204)    the space 21888K,   9% used [0x000012000aca0000, 0x000012000aea5f88, 0x000012000aea6000, 0x000012000c200000)
[10.298s][debug][gc,heap        ] GC(204)  Metaspace       used 369K, committed 512K, reserved 1114112K
[10.298s][debug][gc,heap        ] GC(204)   class space    used 63K, committed 128K, reserved 1048576K
[10.298s][debug][gc,tlab        ] GC(204) TLAB totals: thrds: 2  refills: 101 max: 51 slow allocs: 0 max 0 waste:  0.4% gc: 36800B max: 36800B slow: 2224B max: 1360B
[10.298s][debug][gc,ref         ] GC(204) Skipped SoftWeakFinalRefsPhase of Reference Processing: no references
[10.298s][debug][gc,ref         ] GC(204) Skipped KeepAliveFinalRefsPhase of Reference Processing: no references
[10.298s][debug][gc,ref         ] GC(204) Skipped PhantomRefsPhase of Reference Processing: no references
[10.298s][debug][gc,phases,ref  ] GC(204) Reference Processing: 0.0ms
[10.298s][debug][gc,phases,ref  ] GC(204)   Notify Soft/WeakReferences: 0.0ms
[10.298s][debug][gc,phases,ref  ] GC(204)     SoftRef: skipped
[10.298s][debug][gc,phases,ref  ] GC(204)     WeakRef: skipped
[10.298s][debug][gc,phases,ref  ] GC(204)     FinalRef: skipped
[10.298s][debug][gc,phases,ref  ] GC(204)     Total: skipped
[10.298s][debug][gc,phases,ref  ] GC(204)   Notify and keep alive finalizable: 0.0ms
[10.298s][debug][gc,phases,ref  ] GC(204)     FinalRef: skipped
[10.298s][debug][gc,phases,ref  ] GC(204)   Notify PhantomReferences: 0.0ms
[10.298s][debug][gc,phases,ref  ] GC(204)     PhantomRef: skipped
[10.298s][debug][gc,phases,ref  ] GC(204)   SoftReference Discovered: 0, Dropped: 0, Processed: 0
[10.298s][debug][gc,phases,ref  ] GC(204)   WeakReference Discovered: 0, Dropped: 0, Processed: 0
[10.298s][debug][gc,phases,ref  ] GC(204)   FinalReference Discovered: 0, Dropped: 0, Processed: 0
[10.298s][debug][gc,phases,ref  ] GC(204)   PhantomReference Discovered: 0, Dropped: 0, Processed: 0
[10.298s][debug][gc,age         ] GC(204) Desired survivor size 557056 bytes, new threshold 15 (max threshold 15)
[10.298s][info ][gc,heap        ] GC(204) DefNew: 8832K(9920K)->0K(9920K) Eden: 8832K(8832K)->0K(8832K) From: 0K(1088K)->0K(1088K)
[10.298s][info ][gc,heap        ] GC(204) Tenured: 2071K(21888K)->2071K(21888K)
[10.298s][info ][gc,metaspace   ] GC(204) Metaspace: 369K(512K)->369K(512K) NonClass: 306K(384K)->306K(384K) Class: 63K(128K)->63K(128K)
[10.298s][debug][gc,heap        ] GC(204) Heap after GC invocations=205 (full 6):
[10.298s][debug][gc,heap        ] GC(204)  def new generation   total 9920K, used 0K [0x0000120000200000, 0x0000120000cc0000, 0x000012000aca0000)
[10.298s][debug][gc,heap        ] GC(204)   eden space 8832K,   0% used [0x0000120000200000, 0x0000120000200000, 0x0000120000aa0000)
[10.298s][debug][gc,heap        ] GC(204)   from space 1088K,   0% used [0x0000120000bb0000, 0x0000120000bb01a0, 0x0000120000cc0000)
[10.298s][debug][gc,heap        ] GC(204)   to   space 1088K,   0% used [0x0000120000aa0000, 0x0000120000aa0000, 0x0000120000bb0000)
[10.298s][debug][gc,heap        ] GC(204)  tenured generation   total 21888K, used 2071K [0x000012000aca0000, 0x000012000c200000, 0x0000120020200000)
[10.298s][debug][gc,heap        ] GC(204)    the space 21888K,   9% used [0x000012000aca0000, 0x000012000aea5f88, 0x000012000aea6000, 0x000012000c200000)
[10.298s][debug][gc,heap        ] GC(204)  Metaspace       used 369K, committed 512K, reserved 1114112K
[10.298s][debug][gc,heap        ] GC(204)   class space    used 63K, committed 128K, reserved 1048576K
[10.298s][info ][gc             ] GC(204) Pause Young (Allocation Failure) 10M->2M(31M) 0.611ms
[10.298s][info ][gc,cpu         ] GC(204) User=0.00s Sys=0.00s Real=0.00s
[10.298s][info ][safepoint      ] Safepoint "GenCollectForAllocation", Time since last: 47280459 ns, Reaching safepoint: 3789 ns, Cleanup: 3596 ns, At safepoint: 657206 ns, Total: 664591 ns
[10.347s][info ][gc,start       ] GC(205) Pause Young (Allocation Failure)
[10.347s][debug][gc,heap        ] GC(205) Heap before GC invocations=205 (full 6):
[10.347s][debug][gc,heap        ] GC(205)  def new generation   total 9920K, used 8832K [0x0000120000200000, 0x0000120000cc0000, 0x000012000aca0000)
[10.347s][debug][gc,heap        ] GC(205)   eden space 8832K, 100% used [0x0000120000200000, 0x0000120000aa0000, 0x0000120000aa0000)
[10.347s][debug][gc,heap        ] GC(205)   from space 1088K,   0% used [0x0000120000bb0000, 0x0000120000bb01a0, 0x0000120000cc0000)
[10.347s][debug][gc,heap        ] GC(205)   to   space 1088K,   0% used [0x0000120000aa0000, 0x0000120000aa0000, 0x0000120000bb0000)
[10.347s][debug][gc,heap        ] GC(205)  tenured generation   total 21888K, used 2071K [0x000012000aca0000, 0x000012000c200000, 0x0000120020200000)
[10.347s][debug][gc,heap        ] GC(205)    the space 21888K,   9% used [0x000012000aca0000, 0x000012000aea5f88, 0x000012000aea6000, 0x000012000c200000)
[10.347s][debug][gc,heap        ] GC(205)  Metaspace       used 369K, committed 512K, reserved 1114112K
[10.347s][debug][gc,heap        ] GC(205)   class space    used 63K, committed 128K, reserved 1048576K
[10.347s][debug][gc,tlab        ] GC(205) TLAB totals: thrds: 2  refills: 101 max: 52 slow allocs: 0 max 0 waste:  0.3% gc: 21112B max: 21112B slow: 2104B max: 1304B
[10.347s][debug][gc,ref         ] GC(205) Skipped SoftWeakFinalRefsPhase of Reference Processing: no references
[10.347s][debug][gc,ref         ] GC(205) Skipped KeepAliveFinalRefsPhase of Reference Processing: no references
[10.347s][debug][gc,ref         ] GC(205) Skipped PhantomRefsPhase of Reference Processing: no references
[10.347s][debug][gc,phases,ref  ] GC(205) Reference Processing: 0.0ms
[10.347s][debug][gc,phases,ref  ] GC(205)   Notify Soft/WeakReferences: 0.0ms
[10.347s][debug][gc,phases,ref  ] GC(205)     SoftRef: skipped
[10.347s][debug][gc,phases,ref  ] GC(205)     WeakRef: skipped
[10.347s][debug][gc,phases,ref  ] GC(205)     FinalRef: skipped
[10.347s][debug][gc,phases,ref  ] GC(205)     Total: skipped
[10.347s][debug][gc,phases,ref  ] GC(205)   Notify and keep alive finalizable: 0.0ms
[10.347s][debug][gc,phases,ref  ] GC(205)     FinalRef: skipped
[10.347s][debug][gc,phases,ref  ] GC(205)   Notify PhantomReferences: 0.0ms
[10.347s][debug][gc,phases,ref  ] GC(205)     PhantomRef: skipped
[10.347s][debug][gc,phases,ref  ] GC(205)   SoftReference Discovered: 0, Dropped: 0, Processed: 0
[10.347s][debug][gc,phases,ref  ] GC(205)   WeakReference Discovered: 0, Dropped: 0, Processed: 0
[10.347s][debug][gc,phases,ref  ] GC(205)   FinalReference Discovered: 0, Dropped: 0, Processed: 0
[10.347s][debug][gc,phases,ref  ] GC(205)   PhantomReference Discovered: 0, Dropped: 0, Processed: 0
[10.348s][debug][gc,age         ] GC(205) Desired survivor size 557056 bytes, new threshold 15 (max threshold 15)
[10.348s][info ][gc,heap        ] GC(205) DefNew: 8832K(9920K)->0K(9920K) Eden: 8832K(8832K)->0K(8832K) From: 0K(1088K)->0K(1088K)
[10.348s][info ][gc,heap        ] GC(205) Tenured: 2071K(21888K)->2071K(21888K)
[10.348s][info ][gc,metaspace   ] GC(205) Metaspace: 369K(512K)->369K(512K) NonClass: 306K(384K)->306K(384K) Class: 63K(128K)->63K(128K)
[10.348s][debug][gc,heap        ] GC(205) Heap after GC invocations=206 (full 6):
[10.348s][debug][gc,heap        ] GC(205)  def new generation   total 9920K, used 0K [0x0000120000200000, 0x0000120000cc0000, 0x000012000aca0000)
[10.348s][debug][gc,heap        ] GC(205)   eden space 8832K,   0% used [0x0000120000200000, 0x0000120000200000, 0x0000120000aa0000)
[10.348s][debug][gc,heap        ] GC(205)   from space 1088K,   0% used [0x0000120000aa0000, 0x0000120000aa0110, 0x0000120000bb0000)
[10.348s][debug][gc,heap        ] GC(205)   to   space 1088K,   0% used [0x0000120000bb0000, 0x0000120000bb0000, 0x0000120000cc0000)
[10.348s][debug][gc,heap        ] GC(205)  tenured generation   total 21888K, used 2071K [0x000012000aca0000, 0x000012000c200000, 0x0000120020200000)
[10.348s][debug][gc,heap        ] GC(205)    the space 21888K,   9% used [0x000012000aca0000, 0x000012000aea5f88, 0x000012000aea6000, 0x000012000c200000)
[10.348s][debug][gc,heap        ] GC(205)  Metaspace       used 369K, committed 512K, reserved 1114112K
[10.348s][debug][gc,heap        ] GC(205)   class space    used 63K, committed 128K, reserved 1048576K
[10.348s][info ][gc             ] GC(205) Pause Young (Allocation Failure) 10M->2M(31M) 0.579ms
[10.348s][info ][gc,cpu         ] GC(205) User=0.00s Sys=0.00s Real=0.00s
[10.348s][info ][safepoint      ] Safepoint "GenCollectForAllocation", Time since last: 48878757 ns, Reaching safepoint: 3730 ns, Cleanup: 3644 ns, At safepoint: 624116 ns, Total: 631490 ns
[10.396s][info ][gc,start       ] GC(206) Pause Young (Allocation Failure)
[10.396s][debug][gc,heap        ] GC(206) Heap before GC invocations=206 (full 6):
[10.396s][debug][gc,heap        ] GC(206)  def new generation   total 9920K, used 8832K [0x0000120000200000, 0x0000120000cc0000, 0x000012000aca0000)
[10.396s][debug][gc,heap        ] GC(206)   eden space 8832K, 100% used [0x0000120000200000, 0x0000120000aa0000, 0x0000120000aa0000)
[10.396s][debug][gc,heap        ] GC(206)   from space 1088K,   0% used [0x0000120000aa0000, 0x0000120000aa0110, 0x0000120000bb0000)
[10.396s][debug][gc,heap        ] GC(206)   to   space 1088K,   0% used [0x0000120000bb0000, 0x0000120000bb0000, 0x0000120000cc0000)
[10.396s][debug][gc,heap        ] GC(206)  tenured generation   total 21888K, used 2071K [0x000012000aca0000, 0x000012000c200000, 0x0000120020200000)
[10.396s][debug][gc,heap        ] GC(206)    the space 21888K,   9% used [0x000012000aca0000, 0x000012000aea5f88, 0x000012000aea6000, 0x000012000c200000)
[10.396s][debug][gc,heap        ] GC(206)  Metaspace       used 369K, committed 512K, reserved 1114112K
[10.396s][debug][gc,heap        ] GC(206)   class space    used 63K, committed 128K, reserved 1048576K
[10.396s][debug][gc,tlab        ] GC(206) TLAB totals: thrds: 2  refills: 101 max: 51 slow allocs: 0 max 0 waste:  0.3% gc: 27936B max: 27936B slow: 2192B max: 1344B
[10.396s][debug][gc,ref         ] GC(206) Skipped SoftWeakFinalRefsPhase of Reference Processing: no references
[10.396s][debug][gc,ref         ] GC(206) Skipped KeepAliveFinalRefsPhase of Reference Processing: no references
[10.396s][debug][gc,ref         ] GC(206) Skipped PhantomRefsPhase of Reference Processing: no references
[10.396s][debug][gc,phases,ref  ] GC(206) Reference Processing: 0.0ms
[10.396s][debug][gc,phases,ref  ] GC(206)   Notify Soft/WeakReferences: 0.0ms
[10.396s][debug][gc,phases,ref  ] GC(206)     SoftRef: skipped
[10.396s][debug][gc,phases,ref  ] GC(206)     WeakRef: skipped
[10.396s][debug][gc,phases,ref  ] GC(206)     FinalRef: skipped
[10.396s][debug][gc,phases,ref  ] GC(206)     Total: skipped
[10.396s][debug][gc,phases,ref  ] GC(206)   Notify and keep alive finalizable: 0.0ms
[10.396s][debug][gc,phases,ref  ] GC(206)     FinalRef: skipped
[10.396s][debug][gc,phases,ref  ] GC(206)   Notify PhantomReferences: 0.0ms
[10.396s][debug][gc,phases,ref  ] GC(206)     PhantomRef: skipped
[10.396s][debug][gc,phases,ref  ] GC(206)   SoftReference Discovered: 0, Dropped: 0, Processed: 0
[10.396s][debug][gc,phases,ref  ] GC(206)   WeakReference Discovered: 0, Dropped: 0, Processed: 0
[10.396s][debug][gc,phases,ref  ] GC(206)   FinalReference Discovered: 0, Dropped: 0, Processed: 0
[10.396s][debug][gc,phases,ref  ] GC(206)   PhantomReference Discovered: 0, Dropped: 0, Processed: 0
[10.396s][debug][gc,age         ] GC(206) Desired survivor size 557056 bytes, new threshold 15 (max threshold 15)
[10.396s][info ][gc,heap        ] GC(206) DefNew: 8832K(9920K)->0K(9920K) Eden: 8832K(8832K)->0K(8832K) From: 0K(1088K)->0K(1088K)
[10.396s][info ][gc,heap        ] GC(206) Tenured: 2071K(21888K)->2071K(21888K)
[10.396s][info ][gc,metaspace   ] GC(206) Metaspace: 369K(512K)->369K(512K) NonClass: 306K(384K)->306K(384K) Class: 63K(128K)->63K(128K)
[10.396s][debug][gc,heap        ] GC(206) Heap after GC invocations=207 (full 6):
[10.396s][debug][gc,heap        ] GC(206)  def new generation   total 9920K, used 0K [0x0000120000200000, 0x0000120000cc0000, 0x000012000aca0000)
[10.396s][debug][gc,heap        ] GC(206)   eden space 8832K,   0% used [0x0000120000200000, 0x0000120000200000, 0x0000120000aa0000)
[10.396s][debug][gc,heap        ] GC(206)   from space 1088K,   0% used [0x0000120000bb0000, 0x0000120000bb00d0, 0x0000120000cc0000)
[10.396s][debug][gc,heap        ] GC(206)   to   space 1088K,   0% used [0x0000120000aa0000, 0x0000120000aa0000, 0x0000120000bb0000)
[10.396s][debug][gc,heap        ] GC(206)  tenured generation   total 21888K, used 2071K [0x000012000aca0000, 0x000012000c200000, 0x0000120020200000)
[10.396s][debug][gc,heap        ] GC(206)    the space 21888K,   9% used [0x000012000aca0000, 0x000012000aea5f88, 0x000012000aea6000, 0x000012000c200000)
[10.396s][debug][gc,heap        ] GC(206)  Metaspace       used 369K, committed 512K, reserved 1114112K
[10.396s][debug][gc,heap        ] GC(206)   class space    used 63K, committed 128K, reserved 1048576K
[10.396s][info ][gc             ] GC(206) Pause Young (Allocation Failure) 10M->2M(31M) 0.571ms
[10.396s][info ][gc,cpu         ] GC(206) User=0.00s Sys=0.00s Real=0.00s
[10.396s][info ][safepoint      ] Safepoint "GenCollectForAllocation", Time since last: 48016151 ns, Reaching safepoint: 3606 ns, Cleanup: 4057 ns, At safepoint: 618681 ns, Total: 626344 ns
[10.444s][info ][gc,start       ] GC(207) Pause Young (Allocation Failure)
[10.444s][debug][gc,heap        ] GC(207) Heap before GC invocations=207 (full 6):
[10.444s][debug][gc,heap        ] GC(207)  def new generation   total 9920K, used 8832K [0x0000120000200000, 0x0000120000cc0000, 0x000012000aca0000)
[10.444s][debug][gc,heap        ] GC(207)   eden space 8832K, 100% used [0x0000120000200000, 0x0000120000aa0000, 0x0000120000aa0000)
[10.444s][debug][gc,heap        ] GC(207)   from space 1088K,   0% used [0x0000120000bb0000, 0x0000120000bb00d0, 0x0000120000cc0000)
[10.444s][debug][gc,heap        ] GC(207)   to   space 1088K,   0% used [0x0000120000aa0000, 0x0000120000aa0000, 0x0000120000bb0000)
[10.444s][debug][gc,heap        ] GC(207)  tenured generation   total 21888K, used 2071K [0x000012000aca0000, 0x000012000c200000, 0x0000120020200000)
[10.444s][debug][gc,heap        ] GC(207)    the space 21888K,   9% used [0x000012000aca0000, 0x000012000aea5f88, 0x000012000aea6000, 0x000012000c200000)
[10.444s][debug][gc,heap        ] GC(207)  Metaspace       used 369K, committed 512K, reserved 1114112K
[10.444s][debug][gc,heap        ] GC(207)   class space    used 63K, committed 128K, reserved 1048576K
[10.444s][debug][gc,tlab        ] GC(207) TLAB totals: thrds: 2  refills: 101 max: 51 slow allocs: 0 max 0 waste:  0.1% gc: 3872B max: 3872B slow: 2752B max: 1440B
[10.444s][debug][gc,ref         ] GC(207) Skipped SoftWeakFinalRefsPhase of Reference Processing: no references
[10.444s][debug][gc,ref         ] GC(207) Skipped KeepAliveFinalRefsPhase of Reference Processing: no references
[10.444s][debug][gc,ref         ] GC(207) Skipped PhantomRefsPhase of Reference Processing: no references
[10.444s][debug][gc,phases,ref  ] GC(207) Reference Processing: 0.0ms
[10.444s][debug][gc,phases,ref  ] GC(207)   Notify Soft/WeakReferences: 0.0ms
[10.444s][debug][gc,phases,ref  ] GC(207)     SoftRef: skipped
[10.444s][debug][gc,phases,ref  ] GC(207)     WeakRef: skipped
[10.444s][debug][gc,phases,ref  ] GC(207)     FinalRef: skipped
[10.444s][debug][gc,phases,ref  ] GC(207)     Total: skipped
[10.444s][debug][gc,phases,ref  ] GC(207)   Notify and keep alive finalizable: 0.0ms
[10.444s][debug][gc,phases,ref  ] GC(207)     FinalRef: skipped
[10.444s][debug][gc,phases,ref  ] GC(207)   Notify PhantomReferences: 0.0ms
[10.444s][debug][gc,phases,ref  ] GC(207)     PhantomRef: skipped
[10.444s][debug][gc,phases,ref  ] GC(207)   SoftReference Discovered: 0, Dropped: 0, Processed: 0
[10.444s][debug][gc,phases,ref  ] GC(207)   WeakReference Discovered: 0, Dropped: 0, Processed: 0
[10.444s][debug][gc,phases,ref  ] GC(207)   FinalReference Discovered: 0, Dropped: 0, Processed: 0
[10.444s][debug][gc,phases,ref  ] GC(207)   PhantomReference Discovered: 0, Dropped: 0, Processed: 0
[10.444s][debug][gc,age         ] GC(207) Desired survivor size 557056 bytes, new threshold 15 (max threshold 15)
[10.444s][info ][gc,heap        ] GC(207) DefNew: 8832K(9920K)->0K(9920K) Eden: 8832K(8832K)->0K(8832K) From: 0K(1088K)->0K(1088K)
[10.444s][info ][gc,heap        ] GC(207) Tenured: 2071K(21888K)->2071K(21888K)
[10.444s][info ][gc,metaspace   ] GC(207) Metaspace: 369K(512K)->369K(512K) NonClass: 306K(384K)->306K(384K) Class: 63K(128K)->63K(128K)
[10.444s][debug][gc,heap        ] GC(207) Heap after GC invocations=208 (full 6):
[10.444s][debug][gc,heap        ] GC(207)  def new generation   total 9920K, used 0K [0x0000120000200000, 0x0000120000cc0000, 0x000012000aca0000)
[10.444s][debug][gc,heap        ] GC(207)   eden space 8832K,   0% used [0x0000120000200000, 0x0000120000200000, 0x0000120000aa0000)
[10.444s][debug][gc,heap        ] GC(207)   from space 1088K,   0% used [0x0000120000aa0000, 0x0000120000aa0130, 0x0000120000bb0000)
[10.444s][debug][gc,heap        ] GC(207)   to   space 1088K,   0% used [0x0000120000bb0000, 0x0000120000bb0000, 0x0000120000cc0000)
[10.445s][debug][gc,heap        ] GC(207)  tenured generation   total 21888K, used 2071K [0x000012000aca0000, 0x000012000c200000, 0x0000120020200000)
[10.445s][debug][gc,heap        ] GC(207)    the space 21888K,   9% used [0x000012000aca0000, 0x000012000aea5f88, 0x000012000aea6000, 0x000012000c200000)
[10.445s][debug][gc,heap        ] GC(207)  Metaspace       used 369K, committed 512K, reserved 1114112K
[10.445s][debug][gc,heap        ] GC(207)   class space    used 63K, committed 128K, reserved 1048576K
[10.445s][info ][gc             ] GC(207) Pause Young (Allocation Failure) 10M->2M(31M) 0.598ms
[10.445s][info ][gc,cpu         ] GC(207) User=0.00s Sys=0.00s Real=0.00s
[10.445s][info ][safepoint      ] Safepoint "GenCollectForAllocation", Time since last: 47598083 ns, Reaching safepoint: 3246 ns, Cleanup: 4098 ns, At safepoint: 645597 ns, Total: 652941 ns
[10.492s][info ][gc,start       ] GC(208) Pause Young (Allocation Failure)
[10.492s][debug][gc,heap        ] GC(208) Heap before GC invocations=208 (full 6):
[10.492s][debug][gc,heap        ] GC(208)  def new generation   total 9920K, used 8832K [0x0000120000200000, 0x0000120000cc0000, 0x000012000aca0000)
[10.492s][debug][gc,heap        ] GC(208)   eden space 8832K, 100% used [0x0000120000200000, 0x0000120000aa0000, 0x0000120000aa0000)
[10.492s][debug][gc,heap        ] GC(208)   from space 1088K,   0% used [0x0000120000aa0000, 0x0000120000aa0130, 0x0000120000bb0000)
[10.492s][debug][gc,heap        ] GC(208)   to   space 1088K,   0% used [0x0000120000bb0000, 0x0000120000bb0000, 0x0000120000cc0000)
[10.492s][debug][gc,heap        ] GC(208)  tenured generation   total 21888K, used 2071K [0x000012000aca0000, 0x000012000c200000, 0x0000120020200000)
[10.492s][debug][gc,heap        ] GC(208)    the space 21888K,   9% used [0x000012000aca0000, 0x000012000aea5f88, 0x000012000aea6000, 0x000012000c200000)
[10.492s][debug][gc,heap        ] GC(208)  Metaspace       used 369K, committed 512K, reserved 1114112K
[10.492s][debug][gc,heap        ] GC(208)   class space    used 63K, committed 128K, reserved 1048576K
[10.492s][debug][gc,tlab        ] GC(208) TLAB totals: thrds: 2  refills: 101 max: 51 slow allocs: 0 max 0 waste:  0.1% gc: 8864B max: 8864B slow: 2472B max: 1272B
[10.492s][debug][gc,ref         ] GC(208) Skipped SoftWeakFinalRefsPhase of Reference Processing: no references
[10.492s][debug][gc,ref         ] GC(208) Skipped KeepAliveFinalRefsPhase of Reference Processing: no references
[10.492s][debug][gc,ref         ] GC(208) Skipped PhantomRefsPhase of Reference Processing: no references
[10.492s][debug][gc,phases,ref  ] GC(208) Reference Processing: 0.0ms
[10.492s][debug][gc,phases,ref  ] GC(208)   Notify Soft/WeakReferences: 0.0ms
[10.492s][debug][gc,phases,ref  ] GC(208)     SoftRef: skipped
[10.492s][debug][gc,phases,ref  ] GC(208)     WeakRef: skipped
[10.492s][debug][gc,phases,ref  ] GC(208)     FinalRef: skipped
[10.492s][debug][gc,phases,ref  ] GC(208)     Total: skipped
[10.492s][debug][gc,phases,ref  ] GC(208)   Notify and keep alive finalizable: 0.0ms
[10.492s][debug][gc,phases,ref  ] GC(208)     FinalRef: skipped
[10.492s][debug][gc,phases,ref  ] GC(208)   Notify PhantomReferences: 0.0ms
[10.492s][debug][gc,phases,ref  ] GC(208)     PhantomRef: skipped
[10.492s][debug][gc,phases,ref  ] GC(208)   SoftReference Discovered: 0, Dropped: 0, Processed: 0
[10.492s][debug][gc,phases,ref  ] GC(208)   WeakReference Discovered: 0, Dropped: 0, Processed: 0
[10.492s][debug][gc,phases,ref  ] GC(208)   FinalReference Discovered: 0, Dropped: 0, Processed: 0
[10.492s][debug][gc,phases,ref  ] GC(208)   PhantomReference Discovered: 0, Dropped: 0, Processed: 0
[10.493s][debug][gc,age         ] GC(208) Desired survivor size 557056 bytes, new threshold 15 (max threshold 15)
[10.493s][info ][gc,heap        ] GC(208) DefNew: 8832K(9920K)->0K(9920K) Eden: 8832K(8832K)->0K(8832K) From: 0K(1088K)->0K(1088K)
[10.493s][info ][gc,heap        ] GC(208) Tenured: 2071K(21888K)->2071K(21888K)
[10.493s][info ][gc,metaspace   ] GC(208) Metaspace: 369K(512K)->369K(512K) NonClass: 306K(384K)->306K(384K) Class: 63K(128K)->63K(128K)
[10.493s][debug][gc,heap        ] GC(208) Heap after GC invocations=209 (full 6):
[10.493s][debug][gc,heap        ] GC(208)  def new generation   total 9920K, used 0K [0x0000120000200000, 0x0000120000cc0000, 0x000012000aca0000)
[10.493s][debug][gc,heap        ] GC(208)   eden space 8832K,   0% used [0x0000120000200000, 0x0000120000200000, 0x0000120000aa0000)
[10.493s][debug][gc,heap        ] GC(208)   from space 1088K,   0% used [0x0000120000bb0000, 0x0000120000bb0178, 0x0000120000cc0000)
[10.493s][debug][gc,heap        ] GC(208)   to   space 1088K,   0% used [0x0000120000aa0000, 0x0000120000aa0000, 0x0000120000bb0000)
[10.493s][debug][gc,heap        ] GC(208)  tenured generation   total 21888K, used 2071K [0x000012000aca0000, 0x000012000c200000, 0x0000120020200000)
[10.493s][debug][gc,heap        ] GC(208)    the space 21888K,   9% used [0x000012000aca0000, 0x000012000aea5f88, 0x000012000aea6000, 0x000012000c200000)
[10.493s][debug][gc,heap        ] GC(208)  Metaspace       used 369K, committed 512K, reserved 1114112K
[10.493s][debug][gc,heap        ] GC(208)   class space    used 63K, committed 128K, reserved 1048576K
[10.493s][info ][gc             ] GC(208) Pause Young (Allocation Failure) 10M->2M(31M) 0.572ms
[10.493s][info ][gc,cpu         ] GC(208) User=0.00s Sys=0.00s Real=0.00s
[10.493s][info ][safepoint      ] Safepoint "GenCollectForAllocation", Time since last: 47419115 ns, Reaching safepoint: 76957 ns, Cleanup: 3387 ns, At safepoint: 616402 ns, Total: 696746 ns
[10.542s][info ][gc,start       ] GC(209) Pause Young (Allocation Failure)
[10.542s][debug][gc,heap        ] GC(209) Heap before GC invocations=209 (full 6):
[10.542s][debug][gc,heap        ] GC(209)  def new generation   total 9920K, used 8832K [0x0000120000200000, 0x0000120000cc0000, 0x000012000aca0000)
[10.542s][debug][gc,heap        ] GC(209)   eden space 8832K, 100% used [0x0000120000200000, 0x0000120000aa0000, 0x0000120000aa0000)
[10.542s][debug][gc,heap        ] GC(209)   from space 1088K,   0% used [0x0000120000bb0000, 0x0000120000bb0178, 0x0000120000cc0000)
[10.542s][debug][gc,heap        ] GC(209)   to   space 1088K,   0% used [0x0000120000aa0000, 0x0000120000aa0000, 0x0000120000bb0000)
[10.542s][debug][gc,heap        ] GC(209)  tenured generation   total 21888K, used 2071K [0x000012000aca0000, 0x000012000c200000, 0x0000120020200000)
[10.542s][debug][gc,heap        ] GC(209)    the space 21888K,   9% used [0x000012000aca0000, 0x000012000aea5f88, 0x000012000aea6000, 0x000012000c200000)
[10.542s][debug][gc,heap        ] GC(209)  Metaspace       used 369K, committed 512K, reserved 1114112K
[10.542s][debug][gc,heap        ] GC(209)   class space    used 63K, committed 128K, reserved 1048576K
[10.542s][debug][gc,tlab        ] GC(209) TLAB totals: thrds: 2  refills: 101 max: 52 slow allocs: 0 max 0 waste:  0.4% gc: 36640B max: 36640B slow: 2088B max: 1232B
[10.542s][debug][gc,ref         ] GC(209) Skipped SoftWeakFinalRefsPhase of Reference Processing: no references
[10.542s][debug][gc,ref         ] GC(209) Skipped KeepAliveFinalRefsPhase of Reference Processing: no references
[10.542s][debug][gc,ref         ] GC(209) Skipped PhantomRefsPhase of Reference Processing: no references
[10.542s][debug][gc,phases,ref  ] GC(209) Reference Processing: 0.0ms
[10.542s][debug][gc,phases,ref  ] GC(209)   Notify Soft/WeakReferences: 0.0ms
[10.542s][debug][gc,phases,ref  ] GC(209)     SoftRef: skipped
[10.542s][debug][gc,phases,ref  ] GC(209)     WeakRef: skipped
[10.542s][debug][gc,phases,ref  ] GC(209)     FinalRef: skipped
[10.542s][debug][gc,phases,ref  ] GC(209)     Total: skipped
[10.542s][debug][gc,phases,ref  ] GC(209)   Notify and keep alive finalizable: 0.0ms
[10.542s][debug][gc,phases,ref  ] GC(209)     FinalRef: skipped
[10.542s][debug][gc,phases,ref  ] GC(209)   Notify PhantomReferences: 0.0ms
[10.542s][debug][gc,phases,ref  ] GC(209)     PhantomRef: skipped
[10.542s][debug][gc,phases,ref  ] GC(209)   SoftReference Discovered: 0, Dropped: 0, Processed: 0
[10.542s][debug][gc,phases,ref  ] GC(209)   WeakReference Discovered: 0, Dropped: 0, Processed: 0
[10.542s][debug][gc,phases,ref  ] GC(209)   FinalReference Discovered: 0, Dropped: 0, Processed: 0
[10.542s][debug][gc,phases,ref  ] GC(209)   PhantomReference Discovered: 0, Dropped: 0, Processed: 0
[10.542s][debug][gc,age         ] GC(209) Desired survivor size 557056 bytes, new threshold 15 (max threshold 15)
[10.542s][info ][gc,heap        ] GC(209) DefNew: 8832K(9920K)->0K(9920K) Eden: 8832K(8832K)->0K(8832K) From: 0K(1088K)->0K(1088K)
[10.542s][info ][gc,heap        ] GC(209) Tenured: 2071K(21888K)->2071K(21888K)
[10.542s][info ][gc,metaspace   ] GC(209) Metaspace: 369K(512K)->369K(512K) NonClass: 306K(384K)->306K(384K) Class: 63K(128K)->63K(128K)
[10.542s][debug][gc,heap        ] GC(209) Heap after GC invocations=210 (full 6):
[10.542s][debug][gc,heap        ] GC(209)  def new generation   total 9920K, used 0K [0x0000120000200000, 0x0000120000cc0000, 0x000012000aca0000)
[10.542s][debug][gc,heap        ] GC(209)   eden space 8832K,   0% used [0x0000120000200000, 0x0000120000200000, 0x0000120000aa0000)
[10.542s][debug][gc,heap        ] GC(209)   from space 1088K,   0% used [0x0000120000aa0000, 0x0000120000aa00d0, 0x0000120000bb0000)
[10.542s][debug][gc,heap        ] GC(209)   to   space 1088K,   0% used [0x0000120000bb0000, 0x0000120000bb0000, 0x0000120000cc0000)
[10.542s][debug][gc,heap        ] GC(209)  tenured generation   total 21888K, used 2071K [0x000012000aca0000, 0x000012000c200000, 0x0000120020200000)
[10.542s][debug][gc,heap        ] GC(209)    the space 21888K,   9% used [0x000012000aca0000, 0x000012000aea5f88, 0x000012000aea6000, 0x000012000c200000)
[10.542s][debug][gc,heap        ] GC(209)  Metaspace       used 369K, committed 512K, reserved 1114112K
[10.542s][debug][gc,heap        ] GC(209)   class space    used 63K, committed 128K, reserved 1048576K
[10.542s][info ][gc             ] GC(209) Pause Young (Allocation Failure) 10M->2M(31M) 0.603ms
[10.542s][info ][gc,cpu         ] GC(209) User=0.01s Sys=0.00s Real=0.01s
[10.542s][info ][safepoint      ] Safepoint "GenCollectForAllocation", Time since last: 48902972 ns, Reaching safepoint: 76573 ns, Cleanup: 3362 ns, At safepoint: 648650 ns, Total: 728585 ns
[10.590s][info ][gc,start       ] GC(210) Pause Young (Allocation Failure)
[10.590s][debug][gc,heap        ] GC(210) Heap before GC invocations=210 (full 6):
[10.590s][debug][gc,heap        ] GC(210)  def new generation   total 9920K, used 8832K [0x0000120000200000, 0x0000120000cc0000, 0x000012000aca0000)
[10.590s][debug][gc,heap        ] GC(210)   eden space 8832K, 100% used [0x0000120000200000, 0x0000120000aa0000, 0x0000120000aa0000)
[10.590s][debug][gc,heap        ] GC(210)   from space 1088K,   0% used [0x0000120000aa0000, 0x0000120000aa00d0, 0x0000120000bb0000)
[10.590s][debug][gc,heap        ] GC(210)   to   space 1088K,   0% used [0x0000120000bb0000, 0x0000120000bb0000, 0x0000120000cc0000)
[10.590s][debug][gc,heap        ] GC(210)  tenured generation   total 21888K, used 2071K [0x000012000aca0000, 0x000012000c200000, 0x0000120020200000)
[10.590s][debug][gc,heap        ] GC(210)    the space 21888K,   9% used [0x000012000aca0000, 0x000012000aea5f88, 0x000012000aea6000, 0x000012000c200000)
[10.590s][debug][gc,heap        ] GC(210)  Metaspace       used 369K, committed 512K, reserved 1114112K
[10.590s][debug][gc,heap        ] GC(210)   class space    used 63K, committed 128K, reserved 1048576K
[10.590s][debug][gc,tlab        ] GC(210) TLAB totals: thrds: 2  refills: 101 max: 51 slow allocs: 0 max 0 waste:  0.3% gc: 25288B max: 25288B slow: 3360B max: 2000B
[10.590s][debug][gc,ref         ] GC(210) Skipped SoftWeakFinalRefsPhase of Reference Processing: no references
[10.590s][debug][gc,ref         ] GC(210) Skipped KeepAliveFinalRefsPhase of Reference Processing: no references
[10.590s][debug][gc,ref         ] GC(210) Skipped PhantomRefsPhase of Reference Processing: no references
[10.590s][debug][gc,phases,ref  ] GC(210) Reference Processing: 0.0ms
[10.590s][debug][gc,phases,ref  ] GC(210)   Notify Soft/WeakReferences: 0.0ms
[10.590s][debug][gc,phases,ref  ] GC(210)     SoftRef: skipped
[10.590s][debug][gc,phases,ref  ] GC(210)     WeakRef: skipped
[10.590s][debug][gc,phases,ref  ] GC(210)     FinalRef: skipped
[10.590s][debug][gc,phases,ref  ] GC(210)     Total: skipped
[10.590s][debug][gc,phases,ref  ] GC(210)   Notify and keep alive finalizable: 0.0ms
[10.591s][debug][gc,phases,ref  ] GC(210)     FinalRef: skipped
[10.591s][debug][gc,phases,ref  ] GC(210)   Notify PhantomReferences: 0.0ms
[10.591s][debug][gc,phases,ref  ] GC(210)     PhantomRef: skipped
[10.591s][debug][gc,phases,ref  ] GC(210)   SoftReference Discovered: 0, Dropped: 0, Processed: 0
[10.591s][debug][gc,phases,ref  ] GC(210)   WeakReference Discovered: 0, Dropped: 0, Processed: 0
[10.591s][debug][gc,phases,ref  ] GC(210)   FinalReference Discovered: 0, Dropped: 0, Processed: 0
[10.591s][debug][gc,phases,ref  ] GC(210)   PhantomReference Discovered: 0, Dropped: 0, Processed: 0
[10.591s][debug][gc,age         ] GC(210) Desired survivor size 557056 bytes, new threshold 15 (max threshold 15)
[10.591s][info ][gc,heap        ] GC(210) DefNew: 8832K(9920K)->0K(9920K) Eden: 8832K(8832K)->0K(8832K) From: 0K(1088K)->0K(1088K)
[10.591s][info ][gc,heap        ] GC(210) Tenured: 2071K(21888K)->2071K(21888K)
[10.591s][info ][gc,metaspace   ] GC(210) Metaspace: 369K(512K)->369K(512K) NonClass: 306K(384K)->306K(384K) Class: 63K(128K)->63K(128K)
[10.591s][debug][gc,heap        ] GC(210) Heap after GC invocations=211 (full 6):
[10.591s][debug][gc,heap        ] GC(210)  def new generation   total 9920K, used 0K [0x0000120000200000, 0x0000120000cc0000, 0x000012000aca0000)
[10.591s][debug][gc,heap        ] GC(210)   eden space 8832K,   0% used [0x0000120000200000, 0x0000120000200000, 0x0000120000aa0000)
[10.591s][debug][gc,heap        ] GC(210)   from space 1088K,   0% used [0x0000120000bb0000, 0x0000120000bb0168, 0x0000120000cc0000)
[10.591s][debug][gc,heap        ] GC(210)   to   space 1088K,   0% used [0x0000120000aa0000, 0x0000120000aa0000, 0x0000120000bb0000)
[10.591s][debug][gc,heap        ] GC(210)  tenured generation   total 21888K, used 2071K [0x000012000aca0000, 0x000012000c200000, 0x0000120020200000)
[10.591s][debug][gc,heap        ] GC(210)    the space 21888K,   9% used [0x000012000aca0000, 0x000012000aea5f88, 0x000012000aea6000, 0x000012000c200000)
[10.591s][debug][gc,heap        ] GC(210)  Metaspace       used 369K, committed 512K, reserved 1114112K
[10.591s][debug][gc,heap        ] GC(210)   class space    used 63K, committed 128K, reserved 1048576K
[10.591s][info ][gc             ] GC(210) Pause Young (Allocation Failure) 10M->2M(31M) 0.590ms
[10.591s][info ][gc,cpu         ] GC(210) User=0.00s Sys=0.00s Real=0.01s
[10.591s][info ][safepoint      ] Safepoint "GenCollectForAllocation", Time since last: 47790183 ns, Reaching safepoint: 3516 ns, Cleanup: 3609 ns, At safepoint: 635980 ns, Total: 643105 ns
[10.638s][info ][gc,start       ] GC(211) Pause Young (Allocation Failure)
[10.638s][debug][gc,heap        ] GC(211) Heap before GC invocations=211 (full 6):
[10.638s][debug][gc,heap        ] GC(211)  def new generation   total 9920K, used 8832K [0x0000120000200000, 0x0000120000cc0000, 0x000012000aca0000)
[10.638s][debug][gc,heap        ] GC(211)   eden space 8832K, 100% used [0x0000120000200000, 0x0000120000aa0000, 0x0000120000aa0000)
[10.638s][debug][gc,heap        ] GC(211)   from space 1088K,   0% used [0x0000120000bb0000, 0x0000120000bb0168, 0x0000120000cc0000)
[10.638s][debug][gc,heap        ] GC(211)   to   space 1088K,   0% used [0x0000120000aa0000, 0x0000120000aa0000, 0x0000120000bb0000)
[10.638s][debug][gc,heap        ] GC(211)  tenured generation   total 21888K, used 2071K [0x000012000aca0000, 0x000012000c200000, 0x0000120020200000)
[10.638s][debug][gc,heap        ] GC(211)    the space 21888K,   9% used [0x000012000aca0000, 0x000012000aea5f88, 0x000012000aea6000, 0x000012000c200000)
[10.638s][debug][gc,heap        ] GC(211)  Metaspace       used 369K, committed 512K, reserved 1114112K
[10.638s][debug][gc,heap        ] GC(211)   class space    used 63K, committed 128K, reserved 1048576K
[10.638s][debug][gc,tlab        ] GC(211) TLAB totals: thrds: 2  refills: 101 max: 51 slow allocs: 0 max 0 waste:  0.5% gc: 45848B max: 45848B slow: 2304B max: 1392B
[10.638s][debug][gc,ref         ] GC(211) Skipped SoftWeakFinalRefsPhase of Reference Processing: no references
[10.638s][debug][gc,ref         ] GC(211) Skipped KeepAliveFinalRefsPhase of Reference Processing: no references
[10.639s][debug][gc,ref         ] GC(211) Skipped PhantomRefsPhase of Reference Processing: no references
[10.639s][debug][gc,phases,ref  ] GC(211) Reference Processing: 0.0ms
[10.639s][debug][gc,phases,ref  ] GC(211)   Notify Soft/WeakReferences: 0.0ms
[10.639s][debug][gc,phases,ref  ] GC(211)     SoftRef: skipped
[10.639s][debug][gc,phases,ref  ] GC(211)     WeakRef: skipped
[10.639s][debug][gc,phases,ref  ] GC(211)     FinalRef: skipped
[10.639s][debug][gc,phases,ref  ] GC(211)     Total: skipped
[10.639s][debug][gc,phases,ref  ] GC(211)   Notify and keep alive finalizable: 0.0ms
[10.639s][debug][gc,phases,ref  ] GC(211)     FinalRef: skipped
[10.639s][debug][gc,phases,ref  ] GC(211)   Notify PhantomReferences: 0.0ms
[10.639s][debug][gc,phases,ref  ] GC(211)     PhantomRef: skipped
[10.639s][debug][gc,phases,ref  ] GC(211)   SoftReference Discovered: 0, Dropped: 0, Processed: 0
[10.639s][debug][gc,phases,ref  ] GC(211)   WeakReference Discovered: 0, Dropped: 0, Processed: 0
[10.639s][debug][gc,phases,ref  ] GC(211)   FinalReference Discovered: 0, Dropped: 0, Processed: 0
[10.639s][debug][gc,phases,ref  ] GC(211)   PhantomReference Discovered: 0, Dropped: 0, Processed: 0
[10.639s][debug][gc,age         ] GC(211) Desired survivor size 557056 bytes, new threshold 15 (max threshold 15)
[10.639s][info ][gc,heap        ] GC(211) DefNew: 8832K(9920K)->0K(9920K) Eden: 8832K(8832K)->0K(8832K) From: 0K(1088K)->0K(1088K)
[10.639s][info ][gc,heap        ] GC(211) Tenured: 2071K(21888K)->2071K(21888K)
[10.639s][info ][gc,metaspace   ] GC(211) Metaspace: 369K(512K)->369K(512K) NonClass: 306K(384K)->306K(384K) Class: 63K(128K)->63K(128K)
[10.639s][debug][gc,heap        ] GC(211) Heap after GC invocations=212 (full 6):
[10.639s][debug][gc,heap        ] GC(211)  def new generation   total 9920K, used 0K [0x0000120000200000, 0x0000120000cc0000, 0x000012000aca0000)
[10.639s][debug][gc,heap        ] GC(211)   eden space 8832K,   0% used [0x0000120000200000, 0x0000120000200000, 0x0000120000aa0000)
[10.639s][debug][gc,heap        ] GC(211)   from space 1088K,   0% used [0x0000120000aa0000, 0x0000120000aa0118, 0x0000120000bb0000)
[10.639s][debug][gc,heap        ] GC(211)   to   space 1088K,   0% used [0x0000120000bb0000, 0x0000120000bb0000, 0x0000120000cc0000)
[10.639s][debug][gc,heap        ] GC(211)  tenured generation   total 21888K, used 2071K [0x000012000aca0000, 0x000012000c200000, 0x0000120020200000)
[10.639s][debug][gc,heap        ] GC(211)    the space 21888K,   9% used [0x000012000aca0000, 0x000012000aea5f88, 0x000012000aea6000, 0x000012000c200000)
[10.639s][debug][gc,heap        ] GC(211)  Metaspace       used 369K, committed 512K, reserved 1114112K
[10.639s][debug][gc,heap        ] GC(211)   class space    used 63K, committed 128K, reserved 1048576K
[10.639s][info ][gc             ] GC(211) Pause Young (Allocation Failure) 10M->2M(31M) 0.714ms
[10.639s][info ][gc,cpu         ] GC(211) User=0.00s Sys=0.00s Real=0.00s
[10.639s][info ][safepoint      ] Safepoint "GenCollectForAllocation", Time since last: 47322860 ns, Reaching safepoint: 3164 ns, Cleanup: 3536 ns, At safepoint: 760203 ns, Total: 766903 ns
[10.686s][info ][gc,start       ] GC(212) Pause Young (Allocation Failure)
[10.686s][debug][gc,heap        ] GC(212) Heap before GC invocations=212 (full 6):
[10.686s][debug][gc,heap        ] GC(212)  def new generation   total 9920K, used 8832K [0x0000120000200000, 0x0000120000cc0000, 0x000012000aca0000)
[10.686s][debug][gc,heap        ] GC(212)   eden space 8832K, 100% used [0x0000120000200000, 0x0000120000aa0000, 0x0000120000aa0000)
[10.686s][debug][gc,heap        ] GC(212)   from space 1088K,   0% used [0x0000120000aa0000, 0x0000120000aa0118, 0x0000120000bb0000)
[10.686s][debug][gc,heap        ] GC(212)   to   space 1088K,   0% used [0x0000120000bb0000, 0x0000120000bb0000, 0x0000120000cc0000)
[10.686s][debug][gc,heap        ] GC(212)  tenured generation   total 21888K, used 2071K [0x000012000aca0000, 0x000012000c200000, 0x0000120020200000)
[10.686s][debug][gc,heap        ] GC(212)    the space 21888K,   9% used [0x000012000aca0000, 0x000012000aea5f88, 0x000012000aea6000, 0x000012000c200000)
[10.686s][debug][gc,heap        ] GC(212)  Metaspace       used 369K, committed 512K, reserved 1114112K
[10.686s][debug][gc,heap        ] GC(212)   class space    used 63K, committed 128K, reserved 1048576K
[10.686s][debug][gc,tlab        ] GC(212) TLAB totals: thrds: 2  refills: 101 max: 51 slow allocs: 0 max 0 waste:  0.0% gc: 0B max: 0B slow: 2496B max: 1384B
[10.686s][debug][gc,ref         ] GC(212) Skipped SoftWeakFinalRefsPhase of Reference Processing: no references
[10.686s][debug][gc,ref         ] GC(212) Skipped KeepAliveFinalRefsPhase of Reference Processing: no references
[10.686s][debug][gc,ref         ] GC(212) Skipped PhantomRefsPhase of Reference Processing: no references
[10.686s][debug][gc,phases,ref  ] GC(212) Reference Processing: 0.0ms
[10.686s][debug][gc,phases,ref  ] GC(212)   Notify Soft/WeakReferences: 0.0ms
[10.686s][debug][gc,phases,ref  ] GC(212)     SoftRef: skipped
[10.686s][debug][gc,phases,ref  ] GC(212)     WeakRef: skipped
[10.686s][debug][gc,phases,ref  ] GC(212)     FinalRef: skipped
[10.686s][debug][gc,phases,ref  ] GC(212)     Total: skipped
[10.686s][debug][gc,phases,ref  ] GC(212)   Notify and keep alive finalizable: 0.0ms
[10.686s][debug][gc,phases,ref  ] GC(212)     FinalRef: skipped
[10.686s][debug][gc,phases,ref  ] GC(212)   Notify PhantomReferences: 0.0ms
[10.686s][debug][gc,phases,ref  ] GC(212)     PhantomRef: skipped
[10.686s][debug][gc,phases,ref  ] GC(212)   SoftReference Discovered: 0, Dropped: 0, Processed: 0
[10.686s][debug][gc,phases,ref  ] GC(212)   WeakReference Discovered: 0, Dropped: 0, Processed: 0
[10.686s][debug][gc,phases,ref  ] GC(212)   FinalReference Discovered: 0, Dropped: 0, Processed: 0
[10.686s][debug][gc,phases,ref  ] GC(212)   PhantomReference Discovered: 0, Dropped: 0, Processed: 0
[10.686s][debug][gc,age         ] GC(212) Desired survivor size 557056 bytes, new threshold 15 (max threshold 15)
[10.686s][info ][gc,heap        ] GC(212) DefNew: 8832K(9920K)->0K(9920K) Eden: 8832K(8832K)->0K(8832K) From: 0K(1088K)->0K(1088K)
[10.686s][info ][gc,heap        ] GC(212) Tenured: 2071K(21888K)->2071K(21888K)
[10.686s][info ][gc,metaspace   ] GC(212) Metaspace: 369K(512K)->369K(512K) NonClass: 306K(384K)->306K(384K) Class: 63K(128K)->63K(128K)
[10.686s][debug][gc,heap        ] GC(212) Heap after GC invocations=213 (full 6):
[10.686s][debug][gc,heap        ] GC(212)  def new generation   total 9920K, used 0K [0x0000120000200000, 0x0000120000cc0000, 0x000012000aca0000)
[10.686s][debug][gc,heap        ] GC(212)   eden space 8832K,   0% used [0x0000120000200000, 0x0000120000200000, 0x0000120000aa0000)
[10.686s][debug][gc,heap        ] GC(212)   from space 1088K,   0% used [0x0000120000bb0000, 0x0000120000bb0150, 0x0000120000cc0000)
[10.686s][debug][gc,heap        ] GC(212)   to   space 1088K,   0% used [0x0000120000aa0000, 0x0000120000aa0000, 0x0000120000bb0000)
[10.686s][debug][gc,heap        ] GC(212)  tenured generation   total 21888K, used 2071K [0x000012000aca0000, 0x000012000c200000, 0x0000120020200000)
[10.686s][debug][gc,heap        ] GC(212)    the space 21888K,   9% used [0x000012000aca0000, 0x000012000aea5f88, 0x000012000aea6000, 0x000012000c200000)
[10.686s][debug][gc,heap        ] GC(212)  Metaspace       used 369K, committed 512K, reserved 1114112K
[10.686s][debug][gc,heap        ] GC(212)   class space    used 63K, committed 128K, reserved 1048576K
[10.686s][info ][gc             ] GC(212) Pause Young (Allocation Failure) 10M->2M(31M) 0.535ms
[10.686s][info ][gc,cpu         ] GC(212) User=0.00s Sys=0.00s Real=0.00s
[10.686s][info ][safepoint      ] Safepoint "GenCollectForAllocation", Time since last: 46941427 ns, Reaching safepoint: 3015 ns, Cleanup: 3531 ns, At safepoint: 553455 ns, Total: 560001 ns
[10.734s][info ][gc,start       ] GC(213) Pause Young (Allocation Failure)
[10.734s][debug][gc,heap        ] GC(213) Heap before GC invocations=213 (full 6):
[10.734s][debug][gc,heap        ] GC(213)  def new generation   total 9920K, used 8832K [0x0000120000200000, 0x0000120000cc0000, 0x000012000aca0000)
[10.734s][debug][gc,heap        ] GC(213)   eden space 8832K, 100% used [0x0000120000200000, 0x0000120000aa0000, 0x0000120000aa0000)
[10.734s][debug][gc,heap        ] GC(213)   from space 1088K,   0% used [0x0000120000bb0000, 0x0000120000bb0150, 0x0000120000cc0000)
[10.734s][debug][gc,heap        ] GC(213)   to   space 1088K,   0% used [0x0000120000aa0000, 0x0000120000aa0000, 0x0000120000bb0000)
[10.734s][debug][gc,heap        ] GC(213)  tenured generation   total 21888K, used 2071K [0x000012000aca0000, 0x000012000c200000, 0x0000120020200000)
[10.734s][debug][gc,heap        ] GC(213)    the space 21888K,   9% used [0x000012000aca0000, 0x000012000aea5f88, 0x000012000aea6000, 0x000012000c200000)
[10.734s][debug][gc,heap        ] GC(213)  Metaspace       used 369K, committed 512K, reserved 1114112K
[10.734s][debug][gc,heap        ] GC(213)   class space    used 63K, committed 128K, reserved 1048576K
[10.734s][debug][gc,tlab        ] GC(213) TLAB totals: thrds: 2  refills: 101 max: 51 slow allocs: 0 max 0 waste:  0.3% gc: 24320B max: 24320B slow: 1912B max: 976B
[10.734s][debug][gc,ref         ] GC(213) Skipped SoftWeakFinalRefsPhase of Reference Processing: no references
[10.734s][debug][gc,ref         ] GC(213) Skipped KeepAliveFinalRefsPhase of Reference Processing: no references
[10.734s][debug][gc,ref         ] GC(213) Skipped PhantomRefsPhase of Reference Processing: no references
[10.734s][debug][gc,phases,ref  ] GC(213) Reference Processing: 0.0ms
[10.734s][debug][gc,phases,ref  ] GC(213)   Notify Soft/WeakReferences: 0.0ms
[10.734s][debug][gc,phases,ref  ] GC(213)     SoftRef: skipped
[10.734s][debug][gc,phases,ref  ] GC(213)     WeakRef: skipped
[10.734s][debug][gc,phases,ref  ] GC(213)     FinalRef: skipped
[10.734s][debug][gc,phases,ref  ] GC(213)     Total: skipped
[10.734s][debug][gc,phases,ref  ] GC(213)   Notify and keep alive finalizable: 0.0ms
[10.734s][debug][gc,phases,ref  ] GC(213)     FinalRef: skipped
[10.734s][debug][gc,phases,ref  ] GC(213)   Notify PhantomReferences: 0.0ms
[10.734s][debug][gc,phases,ref  ] GC(213)     PhantomRef: skipped
[10.734s][debug][gc,phases,ref  ] GC(213)   SoftReference Discovered: 0, Dropped: 0, Processed: 0
[10.734s][debug][gc,phases,ref  ] GC(213)   WeakReference Discovered: 0, Dropped: 0, Processed: 0
[10.734s][debug][gc,phases,ref  ] GC(213)   FinalReference Discovered: 0, Dropped: 0, Processed: 0
[10.734s][debug][gc,phases,ref  ] GC(213)   PhantomReference Discovered: 0, Dropped: 0, Processed: 0
[10.734s][debug][gc,age         ] GC(213) Desired survivor size 557056 bytes, new threshold 15 (max threshold 15)
[10.734s][info ][gc,heap        ] GC(213) DefNew: 8832K(9920K)->0K(9920K) Eden: 8832K(8832K)->0K(8832K) From: 0K(1088K)->0K(1088K)
[10.734s][info ][gc,heap        ] GC(213) Tenured: 2071K(21888K)->2071K(21888K)
[10.734s][info ][gc,metaspace   ] GC(213) Metaspace: 369K(512K)->369K(512K) NonClass: 306K(384K)->306K(384K) Class: 63K(128K)->63K(128K)
[10.734s][debug][gc,heap        ] GC(213) Heap after GC invocations=214 (full 6):
[10.734s][debug][gc,heap        ] GC(213)  def new generation   total 9920K, used 0K [0x0000120000200000, 0x0000120000cc0000, 0x000012000aca0000)
[10.734s][debug][gc,heap        ] GC(213)   eden space 8832K,   0% used [0x0000120000200000, 0x0000120000200000, 0x0000120000aa0000)
[10.734s][debug][gc,heap        ] GC(213)   from space 1088K,   0% used [0x0000120000aa0000, 0x0000120000aa0170, 0x0000120000bb0000)
[10.734s][debug][gc,heap        ] GC(213)   to   space 1088K,   0% used [0x0000120000bb0000, 0x0000120000bb0000, 0x0000120000cc0000)
[10.734s][debug][gc,heap        ] GC(213)  tenured generation   total 21888K, used 2071K [0x000012000aca0000, 0x000012000c200000, 0x0000120020200000)
[10.734s][debug][gc,heap        ] GC(213)    the space 21888K,   9% used [0x000012000aca0000, 0x000012000aea5f88, 0x000012000aea6000, 0x000012000c200000)
[10.734s][debug][gc,heap        ] GC(213)  Metaspace       used 369K, committed 512K, reserved 1114112K
[10.734s][debug][gc,heap        ] GC(213)   class space    used 63K, committed 128K, reserved 1048576K
[10.734s][info ][gc             ] GC(213) Pause Young (Allocation Failure) 10M->2M(31M) 0.604ms
[10.734s][info ][gc,cpu         ] GC(213) User=0.00s Sys=0.00s Real=0.00s
[10.734s][info ][safepoint      ] Safepoint "GenCollectForAllocation", Time since last: 47346408 ns, Reaching safepoint: 3161 ns, Cleanup: 3747 ns, At safepoint: 626197 ns, Total: 633105 ns
[10.792s][info ][gc,start       ] GC(214) Pause Young (Allocation Failure)
[10.792s][debug][gc,heap        ] GC(214) Heap before GC invocations=214 (full 6):
[10.792s][debug][gc,heap        ] GC(214)  def new generation   total 9920K, used 8832K [0x0000120000200000, 0x0000120000cc0000, 0x000012000aca0000)
[10.792s][debug][gc,heap        ] GC(214)   eden space 8832K, 100% used [0x0000120000200000, 0x0000120000aa0000, 0x0000120000aa0000)
[10.792s][debug][gc,heap        ] GC(214)   from space 1088K,   0% used [0x0000120000aa0000, 0x0000120000aa0170, 0x0000120000bb0000)
[10.792s][debug][gc,heap        ] GC(214)   to   space 1088K,   0% used [0x0000120000bb0000, 0x0000120000bb0000, 0x0000120000cc0000)
[10.792s][debug][gc,heap        ] GC(214)  tenured generation   total 21888K, used 2071K [0x000012000aca0000, 0x000012000c200000, 0x0000120020200000)
[10.792s][debug][gc,heap        ] GC(214)    the space 21888K,   9% used [0x000012000aca0000, 0x000012000aea5f88, 0x000012000aea6000, 0x000012000c200000)
[10.792s][debug][gc,heap        ] GC(214)  Metaspace       used 369K, committed 512K, reserved 1114112K
[10.792s][debug][gc,heap        ] GC(214)   class space    used 63K, committed 128K, reserved 1048576K
[10.792s][debug][gc,tlab        ] GC(214) TLAB totals: thrds: 2  refills: 101 max: 63 slow allocs: 0 max 0 waste:  0.1% gc: 3432B max: 3432B slow: 2200B max: 1176B
[10.792s][debug][gc,ref         ] GC(214) Skipped SoftWeakFinalRefsPhase of Reference Processing: no references
[10.792s][debug][gc,ref         ] GC(214) Skipped KeepAliveFinalRefsPhase of Reference Processing: no references
[10.792s][debug][gc,ref         ] GC(214) Skipped PhantomRefsPhase of Reference Processing: no references
[10.792s][debug][gc,phases,ref  ] GC(214) Reference Processing: 0.0ms
[10.792s][debug][gc,phases,ref  ] GC(214)   Notify Soft/WeakReferences: 0.0ms
[10.792s][debug][gc,phases,ref  ] GC(214)     SoftRef: skipped
[10.792s][debug][gc,phases,ref  ] GC(214)     WeakRef: skipped
[10.792s][debug][gc,phases,ref  ] GC(214)     FinalRef: skipped
[10.792s][debug][gc,phases,ref  ] GC(214)     Total: skipped
[10.792s][debug][gc,phases,ref  ] GC(214)   Notify and keep alive finalizable: 0.0ms
[10.792s][debug][gc,phases,ref  ] GC(214)     FinalRef: skipped
[10.792s][debug][gc,phases,ref  ] GC(214)   Notify PhantomReferences: 0.0ms
[10.792s][debug][gc,phases,ref  ] GC(214)     PhantomRef: skipped
[10.793s][debug][gc,phases,ref  ] GC(214)   SoftReference Discovered: 0, Dropped: 0, Processed: 0
[10.793s][debug][gc,phases,ref  ] GC(214)   WeakReference Discovered: 0, Dropped: 0, Processed: 0
[10.793s][debug][gc,phases,ref  ] GC(214)   FinalReference Discovered: 0, Dropped: 0, Processed: 0
[10.793s][debug][gc,phases,ref  ] GC(214)   PhantomReference Discovered: 0, Dropped: 0, Processed: 0
[10.793s][debug][gc,age         ] GC(214) Desired survivor size 557056 bytes, new threshold 15 (max threshold 15)
[10.793s][info ][gc,heap        ] GC(214) DefNew: 8832K(9920K)->0K(9920K) Eden: 8832K(8832K)->0K(8832K) From: 0K(1088K)->0K(1088K)
[10.793s][info ][gc,heap        ] GC(214) Tenured: 2071K(21888K)->2071K(21888K)
[10.793s][info ][gc,metaspace   ] GC(214) Metaspace: 369K(512K)->369K(512K) NonClass: 306K(384K)->306K(384K) Class: 63K(128K)->63K(128K)
[10.793s][debug][gc,heap        ] GC(214) Heap after GC invocations=215 (full 6):
[10.793s][debug][gc,heap        ] GC(214)  def new generation   total 9920K, used 0K [0x0000120000200000, 0x0000120000cc0000, 0x000012000aca0000)
[10.793s][debug][gc,heap        ] GC(214)   eden space 8832K,   0% used [0x0000120000200000, 0x0000120000200000, 0x0000120000aa0000)
[10.793s][debug][gc,heap        ] GC(214)   from space 1088K,   0% used [0x0000120000bb0000, 0x0000120000bb00d0, 0x0000120000cc0000)
[10.793s][debug][gc,heap        ] GC(214)   to   space 1088K,   0% used [0x0000120000aa0000, 0x0000120000aa0000, 0x0000120000bb0000)
[10.793s][debug][gc,heap        ] GC(214)  tenured generation   total 21888K, used 2071K [0x000012000aca0000, 0x000012000c200000, 0x0000120020200000)
[10.793s][debug][gc,heap        ] GC(214)    the space 21888K,   9% used [0x000012000aca0000, 0x000012000aea5f88, 0x000012000aea6000, 0x000012000c200000)
[10.793s][debug][gc,heap        ] GC(214)  Metaspace       used 369K, committed 512K, reserved 1114112K
[10.793s][debug][gc,heap        ] GC(214)   class space    used 63K, committed 128K, reserved 1048576K
[10.793s][info ][gc             ] GC(214) Pause Young (Allocation Failure) 10M->2M(31M) 0.575ms
[10.793s][info ][gc,cpu         ] GC(214) User=0.00s Sys=0.00s Real=0.00s
[10.793s][info ][safepoint      ] Safepoint "GenCollectForAllocation", Time since last: 57781632 ns, Reaching safepoint: 3182 ns, Cleanup: 3690 ns, At safepoint: 622458 ns, Total: 629330 ns
[10.842s][info ][gc,start       ] GC(215) Pause Young (Allocation Failure)
[10.842s][debug][gc,heap        ] GC(215) Heap before GC invocations=215 (full 6):
[10.842s][debug][gc,heap        ] GC(215)  def new generation   total 9920K, used 8832K [0x0000120000200000, 0x0000120000cc0000, 0x000012000aca0000)
[10.842s][debug][gc,heap        ] GC(215)   eden space 8832K, 100% used [0x0000120000200000, 0x0000120000aa0000, 0x0000120000aa0000)
[10.842s][debug][gc,heap        ] GC(215)   from space 1088K,   0% used [0x0000120000bb0000, 0x0000120000bb00d0, 0x0000120000cc0000)
[10.842s][debug][gc,heap        ] GC(215)   to   space 1088K,   0% used [0x0000120000aa0000, 0x0000120000aa0000, 0x0000120000bb0000)
[10.842s][debug][gc,heap        ] GC(215)  tenured generation   total 21888K, used 2071K [0x000012000aca0000, 0x000012000c200000, 0x0000120020200000)
[10.842s][debug][gc,heap        ] GC(215)    the space 21888K,   9% used [0x000012000aca0000, 0x000012000aea5f88, 0x000012000aea6000, 0x000012000c200000)
[10.842s][debug][gc,heap        ] GC(215)  Metaspace       used 369K, committed 512K, reserved 1114112K
[10.842s][debug][gc,heap        ] GC(215)   class space    used 63K, committed 128K, reserved 1048576K
[10.842s][debug][gc,tlab        ] GC(215) TLAB totals: thrds: 2  refills: 101 max: 55 slow allocs: 0 max 0 waste:  0.3% gc: 26600B max: 26600B slow: 2832B max: 1760B
[10.842s][debug][gc,ref         ] GC(215) Skipped SoftWeakFinalRefsPhase of Reference Processing: no references
[10.842s][debug][gc,ref         ] GC(215) Skipped KeepAliveFinalRefsPhase of Reference Processing: no references
[10.842s][debug][gc,ref         ] GC(215) Skipped PhantomRefsPhase of Reference Processing: no references
[10.842s][debug][gc,phases,ref  ] GC(215) Reference Processing: 0.0ms
[10.842s][debug][gc,phases,ref  ] GC(215)   Notify Soft/WeakReferences: 0.0ms
[10.842s][debug][gc,phases,ref  ] GC(215)     SoftRef: skipped
[10.842s][debug][gc,phases,ref  ] GC(215)     WeakRef: skipped
[10.842s][debug][gc,phases,ref  ] GC(215)     FinalRef: skipped
[10.842s][debug][gc,phases,ref  ] GC(215)     Total: skipped
[10.842s][debug][gc,phases,ref  ] GC(215)   Notify and keep alive finalizable: 0.0ms
[10.842s][debug][gc,phases,ref  ] GC(215)     FinalRef: skipped
[10.842s][debug][gc,phases,ref  ] GC(215)   Notify PhantomReferences: 0.0ms
[10.842s][debug][gc,phases,ref  ] GC(215)     PhantomRef: skipped
[10.842s][debug][gc,phases,ref  ] GC(215)   SoftReference Discovered: 0, Dropped: 0, Processed: 0
[10.842s][debug][gc,phases,ref  ] GC(215)   WeakReference Discovered: 0, Dropped: 0, Processed: 0
[10.842s][debug][gc,phases,ref  ] GC(215)   FinalReference Discovered: 0, Dropped: 0, Processed: 0
[10.842s][debug][gc,phases,ref  ] GC(215)   PhantomReference Discovered: 0, Dropped: 0, Processed: 0
[10.842s][debug][gc,age         ] GC(215) Desired survivor size 557056 bytes, new threshold 15 (max threshold 15)
[10.842s][info ][gc,heap        ] GC(215) DefNew: 8832K(9920K)->0K(9920K) Eden: 8832K(8832K)->0K(8832K) From: 0K(1088K)->0K(1088K)
[10.842s][info ][gc,heap        ] GC(215) Tenured: 2071K(21888K)->2071K(21888K)
[10.842s][info ][gc,metaspace   ] GC(215) Metaspace: 369K(512K)->369K(512K) NonClass: 306K(384K)->306K(384K) Class: 63K(128K)->63K(128K)
[10.842s][debug][gc,heap        ] GC(215) Heap after GC invocations=216 (full 6):
[10.842s][debug][gc,heap        ] GC(215)  def new generation   total 9920K, used 0K [0x0000120000200000, 0x0000120000cc0000, 0x000012000aca0000)
[10.842s][debug][gc,heap        ] GC(215)   eden space 8832K,   0% used [0x0000120000200000, 0x0000120000200000, 0x0000120000aa0000)
[10.842s][debug][gc,heap        ] GC(215)   from space 1088K,   0% used [0x0000120000aa0000, 0x0000120000aa0200, 0x0000120000bb0000)
[10.842s][debug][gc,heap        ] GC(215)   to   space 1088K,   0% used [0x0000120000bb0000, 0x0000120000bb0000, 0x0000120000cc0000)
[10.842s][debug][gc,heap        ] GC(215)  tenured generation   total 21888K, used 2071K [0x000012000aca0000, 0x000012000c200000, 0x0000120020200000)
[10.842s][debug][gc,heap        ] GC(215)    the space 21888K,   9% used [0x000012000aca0000, 0x000012000aea5f88, 0x000012000aea6000, 0x000012000c200000)
[10.842s][debug][gc,heap        ] GC(215)  Metaspace       used 369K, committed 512K, reserved 1114112K
[10.842s][debug][gc,heap        ] GC(215)   class space    used 63K, committed 128K, reserved 1048576K
[10.842s][info ][gc             ] GC(215) Pause Young (Allocation Failure) 10M->2M(31M) 0.596ms
[10.842s][info ][gc,cpu         ] GC(215) User=0.01s Sys=0.00s Real=0.01s
[10.842s][info ][safepoint      ] Safepoint "GenCollectForAllocation", Time since last: 48888528 ns, Reaching safepoint: 76733 ns, Cleanup: 3390 ns, At safepoint: 617165 ns, Total: 697288 ns
[10.901s][info ][gc,start       ] GC(216) Pause Young (Allocation Failure)
[10.901s][debug][gc,heap        ] GC(216) Heap before GC invocations=216 (full 6):
[10.901s][debug][gc,heap        ] GC(216)  def new generation   total 9920K, used 8832K [0x0000120000200000, 0x0000120000cc0000, 0x000012000aca0000)
[10.901s][debug][gc,heap        ] GC(216)   eden space 8832K, 100% used [0x0000120000200000, 0x0000120000aa0000, 0x0000120000aa0000)
[10.901s][debug][gc,heap        ] GC(216)   from space 1088K,   0% used [0x0000120000aa0000, 0x0000120000aa0200, 0x0000120000bb0000)
[10.901s][debug][gc,heap        ] GC(216)   to   space 1088K,   0% used [0x0000120000bb0000, 0x0000120000bb0000, 0x0000120000cc0000)
[10.901s][debug][gc,heap        ] GC(216)  tenured generation   total 21888K, used 2071K [0x000012000aca0000, 0x000012000c200000, 0x0000120020200000)
[10.901s][debug][gc,heap        ] GC(216)    the space 21888K,   9% used [0x000012000aca0000, 0x000012000aea5f88, 0x000012000aea6000, 0x000012000c200000)
[10.901s][debug][gc,heap        ] GC(216)  Metaspace       used 369K, committed 512K, reserved 1114112K
[10.901s][debug][gc,heap        ] GC(216)   class space    used 63K, committed 128K, reserved 1048576K
[10.901s][debug][gc,tlab        ] GC(216) TLAB totals: thrds: 2  refills: 100 max: 59 slow allocs: 0 max 0 waste:  0.2% gc: 11640B max: 11640B slow: 3016B max: 1856B
[10.901s][debug][gc,ref         ] GC(216) Skipped SoftWeakFinalRefsPhase of Reference Processing: no references
[10.901s][debug][gc,ref         ] GC(216) Skipped KeepAliveFinalRefsPhase of Reference Processing: no references
[10.901s][debug][gc,ref         ] GC(216) Skipped PhantomRefsPhase of Reference Processing: no references
[10.901s][debug][gc,phases,ref  ] GC(216) Reference Processing: 0.0ms
[10.901s][debug][gc,phases,ref  ] GC(216)   Notify Soft/WeakReferences: 0.0ms
[10.901s][debug][gc,phases,ref  ] GC(216)     SoftRef: skipped
[10.901s][debug][gc,phases,ref  ] GC(216)     WeakRef: skipped
[10.901s][debug][gc,phases,ref  ] GC(216)     FinalRef: skipped
[10.901s][debug][gc,phases,ref  ] GC(216)     Total: skipped
[10.901s][debug][gc,phases,ref  ] GC(216)   Notify and keep alive finalizable: 0.0ms
[10.901s][debug][gc,phases,ref  ] GC(216)     FinalRef: skipped
[10.901s][debug][gc,phases,ref  ] GC(216)   Notify PhantomReferences: 0.0ms
[10.901s][debug][gc,phases,ref  ] GC(216)     PhantomRef: skipped
[10.902s][debug][gc,phases,ref  ] GC(216)   SoftReference Discovered: 0, Dropped: 0, Processed: 0
[10.902s][debug][gc,phases,ref  ] GC(216)   WeakReference Discovered: 0, Dropped: 0, Processed: 0
[10.902s][debug][gc,phases,ref  ] GC(216)   FinalReference Discovered: 0, Dropped: 0, Processed: 0
[10.902s][debug][gc,phases,ref  ] GC(216)   PhantomReference Discovered: 0, Dropped: 0, Processed: 0
[10.902s][debug][gc,age         ] GC(216) Desired survivor size 557056 bytes, new threshold 15 (max threshold 15)
[10.902s][info ][gc,heap        ] GC(216) DefNew: 8832K(9920K)->0K(9920K) Eden: 8832K(8832K)->0K(8832K) From: 0K(1088K)->0K(1088K)
[10.902s][info ][gc,heap        ] GC(216) Tenured: 2071K(21888K)->2071K(21888K)
[10.902s][info ][gc,metaspace   ] GC(216) Metaspace: 369K(512K)->369K(512K) NonClass: 306K(384K)->306K(384K) Class: 63K(128K)->63K(128K)
[10.902s][debug][gc,heap        ] GC(216) Heap after GC invocations=217 (full 6):
[10.902s][debug][gc,heap        ] GC(216)  def new generation   total 9920K, used 0K [0x0000120000200000, 0x0000120000cc0000, 0x000012000aca0000)
[10.902s][debug][gc,heap        ] GC(216)   eden space 8832K,   0% used [0x0000120000200000, 0x0000120000200000, 0x0000120000aa0000)
[10.902s][debug][gc,heap        ] GC(216)   from space 1088K,   0% used [0x0000120000bb0000, 0x0000120000bb0198, 0x0000120000cc0000)
[10.902s][debug][gc,heap        ] GC(216)   to   space 1088K,   0% used [0x0000120000aa0000, 0x0000120000aa0000, 0x0000120000bb0000)
[10.902s][debug][gc,heap        ] GC(216)  tenured generation   total 21888K, used 2071K [0x000012000aca0000, 0x000012000c200000, 0x0000120020200000)
[10.902s][debug][gc,heap        ] GC(216)    the space 21888K,   9% used [0x000012000aca0000, 0x000012000aea5f88, 0x000012000aea6000, 0x000012000c200000)
[10.902s][debug][gc,heap        ] GC(216)  Metaspace       used 369K, committed 512K, reserved 1114112K
[10.902s][debug][gc,heap        ] GC(216)   class space    used 63K, committed 128K, reserved 1048576K
[10.902s][info ][gc             ] GC(216) Pause Young (Allocation Failure) 10M->2M(31M) 0.575ms
[10.902s][info ][gc,cpu         ] GC(216) User=0.00s Sys=0.00s Real=0.00s
[10.902s][info ][safepoint      ] Safepoint "GenCollectForAllocation", Time since last: 58772146 ns, Reaching safepoint: 3334 ns, Cleanup: 3630 ns, At safepoint: 620028 ns, Total: 626992 ns
[10.950s][info ][gc,start       ] GC(217) Pause Young (Allocation Failure)
[10.950s][debug][gc,heap        ] GC(217) Heap before GC invocations=217 (full 6):
[10.950s][debug][gc,heap        ] GC(217)  def new generation   total 9920K, used 8832K [0x0000120000200000, 0x0000120000cc0000, 0x000012000aca0000)
[10.950s][debug][gc,heap        ] GC(217)   eden space 8832K, 100% used [0x0000120000200000, 0x0000120000aa0000, 0x0000120000aa0000)
[10.950s][debug][gc,heap        ] GC(217)   from space 1088K,   0% used [0x0000120000bb0000, 0x0000120000bb0198, 0x0000120000cc0000)
[10.950s][debug][gc,heap        ] GC(217)   to   space 1088K,   0% used [0x0000120000aa0000, 0x0000120000aa0000, 0x0000120000bb0000)
[10.950s][debug][gc,heap        ] GC(217)  tenured generation   total 21888K, used 2071K [0x000012000aca0000, 0x000012000c200000, 0x0000120020200000)
[10.950s][debug][gc,heap        ] GC(217)    the space 21888K,   9% used [0x000012000aca0000, 0x000012000aea5f88, 0x000012000aea6000, 0x000012000c200000)
[10.950s][debug][gc,heap        ] GC(217)  Metaspace       used 369K, committed 512K, reserved 1114112K
[10.950s][debug][gc,heap        ] GC(217)   class space    used 63K, committed 128K, reserved 1048576K
[10.950s][debug][gc,tlab        ] GC(217) TLAB totals: thrds: 2  refills: 102 max: 56 slow allocs: 0 max 0 waste:  0.5% gc: 45880B max: 45880B slow: 2800B max: 1568B
[10.950s][debug][gc,ref         ] GC(217) Skipped SoftWeakFinalRefsPhase of Reference Processing: no references
[10.950s][debug][gc,ref         ] GC(217) Skipped KeepAliveFinalRefsPhase of Reference Processing: no references
[10.950s][debug][gc,ref         ] GC(217) Skipped PhantomRefsPhase of Reference Processing: no references
[10.950s][debug][gc,phases,ref  ] GC(217) Reference Processing: 0.0ms
[10.950s][debug][gc,phases,ref  ] GC(217)   Notify Soft/WeakReferences: 0.0ms
[10.950s][debug][gc,phases,ref  ] GC(217)     SoftRef: skipped
[10.950s][debug][gc,phases,ref  ] GC(217)     WeakRef: skipped
[10.950s][debug][gc,phases,ref  ] GC(217)     FinalRef: skipped
[10.950s][debug][gc,phases,ref  ] GC(217)     Total: skipped
[10.950s][debug][gc,phases,ref  ] GC(217)   Notify and keep alive finalizable: 0.0ms
[10.950s][debug][gc,phases,ref  ] GC(217)     FinalRef: skipped
[10.950s][debug][gc,phases,ref  ] GC(217)   Notify PhantomReferences: 0.0ms
[10.950s][debug][gc,phases,ref  ] GC(217)     PhantomRef: skipped
[10.950s][debug][gc,phases,ref  ] GC(217)   SoftReference Discovered: 0, Dropped: 0, Processed: 0
[10.950s][debug][gc,phases,ref  ] GC(217)   WeakReference Discovered: 0, Dropped: 0, Processed: 0
[10.950s][debug][gc,phases,ref  ] GC(217)   FinalReference Discovered: 0, Dropped: 0, Processed: 0
[10.950s][debug][gc,phases,ref  ] GC(217)   PhantomReference Discovered: 0, Dropped: 0, Processed: 0
[10.950s][debug][gc,age         ] GC(217) Desired survivor size 557056 bytes, new threshold 15 (max threshold 15)
[10.950s][info ][gc,heap        ] GC(217) DefNew: 8832K(9920K)->0K(9920K) Eden: 8832K(8832K)->0K(8832K) From: 0K(1088K)->0K(1088K)
[10.950s][info ][gc,heap        ] GC(217) Tenured: 2071K(21888K)->2071K(21888K)
[10.950s][info ][gc,metaspace   ] GC(217) Metaspace: 369K(512K)->369K(512K) NonClass: 306K(384K)->306K(384K) Class: 63K(128K)->63K(128K)
[10.950s][debug][gc,heap        ] GC(217) Heap after GC invocations=218 (full 6):
[10.950s][debug][gc,heap        ] GC(217)  def new generation   total 9920K, used 0K [0x0000120000200000, 0x0000120000cc0000, 0x000012000aca0000)
[10.950s][debug][gc,heap        ] GC(217)   eden space 8832K,   0% used [0x0000120000200000, 0x0000120000200000, 0x0000120000aa0000)
[10.950s][debug][gc,heap        ] GC(217)   from space 1088K,   0% used [0x0000120000aa0000, 0x0000120000aa0130, 0x0000120000bb0000)
[10.950s][debug][gc,heap        ] GC(217)   to   space 1088K,   0% used [0x0000120000bb0000, 0x0000120000bb0000, 0x0000120000cc0000)
[10.950s][debug][gc,heap        ] GC(217)  tenured generation   total 21888K, used 2071K [0x000012000aca0000, 0x000012000c200000, 0x0000120020200000)
[10.950s][debug][gc,heap        ] GC(217)    the space 21888K,   9% used [0x000012000aca0000, 0x000012000aea5f88, 0x000012000aea6000, 0x000012000c200000)
[10.950s][debug][gc,heap        ] GC(217)  Metaspace       used 369K, committed 512K, reserved 1114112K
[10.950s][debug][gc,heap        ] GC(217)   class space    used 63K, committed 128K, reserved 1048576K
[10.950s][info ][gc             ] GC(217) Pause Young (Allocation Failure) 10M->2M(31M) 0.634ms
[10.950s][info ][gc,cpu         ] GC(217) User=0.00s Sys=0.00s Real=0.01s
[10.950s][info ][safepoint      ] Safepoint "GenCollectForAllocation", Time since last: 47937606 ns, Reaching safepoint: 3112 ns, Cleanup: 3543 ns, At safepoint: 656224 ns, Total: 662879 ns
[11.011s][info ][gc,start       ] GC(218) Pause Young (Allocation Failure)
[11.011s][debug][gc,heap        ] GC(218) Heap before GC invocations=218 (full 6):
[11.011s][debug][gc,heap        ] GC(218)  def new generation   total 9920K, used 8832K [0x0000120000200000, 0x0000120000cc0000, 0x000012000aca0000)
[11.011s][debug][gc,heap        ] GC(218)   eden space 8832K, 100% used [0x0000120000200000, 0x0000120000aa0000, 0x0000120000aa0000)
[11.011s][debug][gc,heap        ] GC(218)   from space 1088K,   0% used [0x0000120000aa0000, 0x0000120000aa0130, 0x0000120000bb0000)
[11.011s][debug][gc,heap        ] GC(218)   to   space 1088K,   0% used [0x0000120000bb0000, 0x0000120000bb0000, 0x0000120000cc0000)
[11.011s][debug][gc,heap        ] GC(218)  tenured generation   total 21888K, used 2071K [0x000012000aca0000, 0x000012000c200000, 0x0000120020200000)
[11.012s][debug][gc,heap        ] GC(218)    the space 21888K,   9% used [0x000012000aca0000, 0x000012000aea5f88, 0x000012000aea6000, 0x000012000c200000)
[11.012s][debug][gc,heap        ] GC(218)  Metaspace       used 369K, committed 512K, reserved 1114112K
[11.012s][debug][gc,heap        ] GC(218)   class space    used 63K, committed 128K, reserved 1048576K
[11.012s][debug][gc,tlab        ] GC(218) TLAB totals: thrds: 2  refills: 99 max: 60 slow allocs: 0 max 0 waste:  0.2% gc: 11080B max: 11080B slow: 2624B max: 1592B
[11.012s][debug][gc,ref         ] GC(218) Skipped SoftWeakFinalRefsPhase of Reference Processing: no references
[11.012s][debug][gc,ref         ] GC(218) Skipped KeepAliveFinalRefsPhase of Reference Processing: no references
[11.012s][debug][gc,ref         ] GC(218) Skipped PhantomRefsPhase of Reference Processing: no references
[11.012s][debug][gc,phases,ref  ] GC(218) Reference Processing: 0.0ms
[11.012s][debug][gc,phases,ref  ] GC(218)   Notify Soft/WeakReferences: 0.0ms
[11.012s][debug][gc,phases,ref  ] GC(218)     SoftRef: skipped
[11.012s][debug][gc,phases,ref  ] GC(218)     WeakRef: skipped
[11.012s][debug][gc,phases,ref  ] GC(218)     FinalRef: skipped
[11.012s][debug][gc,phases,ref  ] GC(218)     Total: skipped
[11.012s][debug][gc,phases,ref  ] GC(218)   Notify and keep alive finalizable: 0.0ms
[11.012s][debug][gc,phases,ref  ] GC(218)     FinalRef: skipped
[11.012s][debug][gc,phases,ref  ] GC(218)   Notify PhantomReferences: 0.0ms
[11.012s][debug][gc,phases,ref  ] GC(218)     PhantomRef: skipped
[11.012s][debug][gc,phases,ref  ] GC(218)   SoftReference Discovered: 0, Dropped: 0, Processed: 0
[11.012s][debug][gc,phases,ref  ] GC(218)   WeakReference Discovered: 0, Dropped: 0, Processed: 0
[11.012s][debug][gc,phases,ref  ] GC(218)   FinalReference Discovered: 0, Dropped: 0, Processed: 0
[11.012s][debug][gc,phases,ref  ] GC(218)   PhantomReference Discovered: 0, Dropped: 0, Processed: 0
[11.012s][debug][gc,age         ] GC(218) Desired survivor size 557056 bytes, new threshold 15 (max threshold 15)
[11.012s][info ][gc,heap        ] GC(218) DefNew: 8832K(9920K)->0K(9920K) Eden: 8832K(8832K)->0K(8832K) From: 0K(1088K)->0K(1088K)
[11.012s][info ][gc,heap        ] GC(218) Tenured: 2071K(21888K)->2071K(21888K)
[11.012s][info ][gc,metaspace   ] GC(218) Metaspace: 369K(512K)->369K(512K) NonClass: 306K(384K)->306K(384K) Class: 63K(128K)->63K(128K)
[11.012s][debug][gc,heap        ] GC(218) Heap after GC invocations=219 (full 6):
[11.012s][debug][gc,heap        ] GC(218)  def new generation   total 9920K, used 0K [0x0000120000200000, 0x0000120000cc0000, 0x000012000aca0000)
[11.012s][debug][gc,heap        ] GC(218)   eden space 8832K,   0% used [0x0000120000200000, 0x0000120000200000, 0x0000120000aa0000)
[11.012s][debug][gc,heap        ] GC(218)   from space 1088K,   0% used [0x0000120000bb0000, 0x0000120000bb0118, 0x0000120000cc0000)
[11.012s][debug][gc,heap        ] GC(218)   to   space 1088K,   0% used [0x0000120000aa0000, 0x0000120000aa0000, 0x0000120000bb0000)
[11.012s][debug][gc,heap        ] GC(218)  tenured generation   total 21888K, used 2071K [0x000012000aca0000, 0x000012000c200000, 0x0000120020200000)
[11.012s][debug][gc,heap        ] GC(218)    the space 21888K,   9% used [0x000012000aca0000, 0x000012000aea5f88, 0x000012000aea6000, 0x000012000c200000)
[11.012s][debug][gc,heap        ] GC(218)  Metaspace       used 369K, committed 512K, reserved 1114112K
[11.012s][debug][gc,heap        ] GC(218)   class space    used 63K, committed 128K, reserved 1048576K
[11.012s][info ][gc             ] GC(218) Pause Young (Allocation Failure) 10M->2M(31M) 0.566ms
[11.012s][info ][gc,cpu         ] GC(218) User=0.00s Sys=0.00s Real=0.00s
[11.012s][info ][safepoint      ] Safepoint "GenCollectForAllocation", Time since last: 60966106 ns, Reaching safepoint: 76344 ns, Cleanup: 3265 ns, At safepoint: 607882 ns, Total: 687491 ns
[11.060s][info ][gc,start       ] GC(219) Pause Young (Allocation Failure)
[11.060s][debug][gc,heap        ] GC(219) Heap before GC invocations=219 (full 6):
[11.060s][debug][gc,heap        ] GC(219)  def new generation   total 9920K, used 8832K [0x0000120000200000, 0x0000120000cc0000, 0x000012000aca0000)
[11.060s][debug][gc,heap        ] GC(219)   eden space 8832K, 100% used [0x0000120000200000, 0x0000120000aa0000, 0x0000120000aa0000)
[11.060s][debug][gc,heap        ] GC(219)   from space 1088K,   0% used [0x0000120000bb0000, 0x0000120000bb0118, 0x0000120000cc0000)
[11.060s][debug][gc,heap        ] GC(219)   to   space 1088K,   0% used [0x0000120000aa0000, 0x0000120000aa0000, 0x0000120000bb0000)
[11.060s][debug][gc,heap        ] GC(219)  tenured generation   total 21888K, used 2071K [0x000012000aca0000, 0x000012000c200000, 0x0000120020200000)
[11.060s][debug][gc,heap        ] GC(219)    the space 21888K,   9% used [0x000012000aca0000, 0x000012000aea5f88, 0x000012000aea6000, 0x000012000c200000)
[11.060s][debug][gc,heap        ] GC(219)  Metaspace       used 369K, committed 512K, reserved 1114112K
[11.060s][debug][gc,heap        ] GC(219)   class space    used 63K, committed 128K, reserved 1048576K
[11.060s][debug][gc,tlab        ] GC(219) TLAB totals: thrds: 2  refills: 103 max: 59 slow allocs: 0 max 0 waste:  0.0% gc: 0B max: 0B slow: 2776B max: 1688B
[11.060s][debug][gc,ref         ] GC(219) Skipped SoftWeakFinalRefsPhase of Reference Processing: no references
[11.060s][debug][gc,ref         ] GC(219) Skipped KeepAliveFinalRefsPhase of Reference Processing: no references
[11.060s][debug][gc,ref         ] GC(219) Skipped PhantomRefsPhase of Reference Processing: no references
[11.060s][debug][gc,phases,ref  ] GC(219) Reference Processing: 0.0ms
[11.060s][debug][gc,phases,ref  ] GC(219)   Notify Soft/WeakReferences: 0.0ms
[11.060s][debug][gc,phases,ref  ] GC(219)     SoftRef: skipped
[11.060s][debug][gc,phases,ref  ] GC(219)     WeakRef: skipped
[11.060s][debug][gc,phases,ref  ] GC(219)     FinalRef: skipped
[11.060s][debug][gc,phases,ref  ] GC(219)     Total: skipped
[11.060s][debug][gc,phases,ref  ] GC(219)   Notify and keep alive finalizable: 0.0ms
[11.060s][debug][gc,phases,ref  ] GC(219)     FinalRef: skipped
[11.060s][debug][gc,phases,ref  ] GC(219)   Notify PhantomReferences: 0.0ms
[11.060s][debug][gc,phases,ref  ] GC(219)     PhantomRef: skipped
[11.060s][debug][gc,phases,ref  ] GC(219)   SoftReference Discovered: 0, Dropped: 0, Processed: 0
[11.060s][debug][gc,phases,ref  ] GC(219)   WeakReference Discovered: 0, Dropped: 0, Processed: 0
[11.060s][debug][gc,phases,ref  ] GC(219)   FinalReference Discovered: 0, Dropped: 0, Processed: 0
[11.060s][debug][gc,phases,ref  ] GC(219)   PhantomReference Discovered: 0, Dropped: 0, Processed: 0
[11.060s][debug][gc,age         ] GC(219) Desired survivor size 557056 bytes, new threshold 15 (max threshold 15)
[11.060s][info ][gc,heap        ] GC(219) DefNew: 8832K(9920K)->0K(9920K) Eden: 8832K(8832K)->0K(8832K) From: 0K(1088K)->0K(1088K)
[11.061s][info ][gc,heap        ] GC(219) Tenured: 2071K(21888K)->2071K(21888K)
[11.061s][info ][gc,metaspace   ] GC(219) Metaspace: 369K(512K)->369K(512K) NonClass: 306K(384K)->306K(384K) Class: 63K(128K)->63K(128K)
[11.061s][debug][gc,heap        ] GC(219) Heap after GC invocations=220 (full 6):
[11.061s][debug][gc,heap        ] GC(219)  def new generation   total 9920K, used 0K [0x0000120000200000, 0x0000120000cc0000, 0x000012000aca0000)
[11.061s][debug][gc,heap        ] GC(219)   eden space 8832K,   0% used [0x0000120000200000, 0x0000120000200000, 0x0000120000aa0000)
[11.061s][debug][gc,heap        ] GC(219)   from space 1088K,   0% used [0x0000120000aa0000, 0x0000120000aa0130, 0x0000120000bb0000)
[11.061s][debug][gc,heap        ] GC(219)   to   space 1088K,   0% used [0x0000120000bb0000, 0x0000120000bb0000, 0x0000120000cc0000)
[11.061s][debug][gc,heap        ] GC(219)  tenured generation   total 21888K, used 2071K [0x000012000aca0000, 0x000012000c200000, 0x0000120020200000)
[11.061s][debug][gc,heap        ] GC(219)    the space 21888K,   9% used [0x000012000aca0000, 0x000012000aea5f88, 0x000012000aea6000, 0x000012000c200000)
[11.061s][debug][gc,heap        ] GC(219)  Metaspace       used 369K, committed 512K, reserved 1114112K
[11.061s][debug][gc,heap        ] GC(219)   class space    used 63K, committed 128K, reserved 1048576K
[11.061s][info ][gc             ] GC(219) Pause Young (Allocation Failure) 10M->2M(31M) 0.613ms
[11.061s][info ][gc,cpu         ] GC(219) User=0.00s Sys=0.00s Real=0.00s
[11.061s][info ][safepoint      ] Safepoint "GenCollectForAllocation", Time since last: 47998377 ns, Reaching safepoint: 3058 ns, Cleanup: 3693 ns, At safepoint: 658634 ns, Total: 665385 ns
[11.109s][info ][gc,start       ] GC(220) Pause Young (Allocation Failure)
[11.109s][debug][gc,heap        ] GC(220) Heap before GC invocations=220 (full 6):
[11.109s][debug][gc,heap        ] GC(220)  def new generation   total 9920K, used 8832K [0x0000120000200000, 0x0000120000cc0000, 0x000012000aca0000)
[11.109s][debug][gc,heap        ] GC(220)   eden space 8832K, 100% used [0x0000120000200000, 0x0000120000aa0000, 0x0000120000aa0000)
[11.109s][debug][gc,heap        ] GC(220)   from space 1088K,   0% used [0x0000120000aa0000, 0x0000120000aa0130, 0x0000120000bb0000)
[11.109s][debug][gc,heap        ] GC(220)   to   space 1088K,   0% used [0x0000120000bb0000, 0x0000120000bb0000, 0x0000120000cc0000)
[11.109s][debug][gc,heap        ] GC(220)  tenured generation   total 21888K, used 2071K [0x000012000aca0000, 0x000012000c200000, 0x0000120020200000)
[11.109s][debug][gc,heap        ] GC(220)    the space 21888K,   9% used [0x000012000aca0000, 0x000012000aea5f88, 0x000012000aea6000, 0x000012000c200000)
[11.109s][debug][gc,heap        ] GC(220)  Metaspace       used 369K, committed 512K, reserved 1114112K
[11.109s][debug][gc,heap        ] GC(220)   class space    used 63K, committed 128K, reserved 1048576K
[11.109s][debug][gc,tlab        ] GC(220) TLAB totals: thrds: 2  refills: 101 max: 55 slow allocs: 0 max 0 waste:  0.2% gc: 17664B max: 17664B slow: 1800B max: 904B
[11.109s][debug][gc,ref         ] GC(220) Skipped SoftWeakFinalRefsPhase of Reference Processing: no references
[11.109s][debug][gc,ref         ] GC(220) Skipped KeepAliveFinalRefsPhase of Reference Processing: no references
[11.109s][debug][gc,ref         ] GC(220) Skipped PhantomRefsPhase of Reference Processing: no references
[11.109s][debug][gc,phases,ref  ] GC(220) Reference Processing: 0.0ms
[11.109s][debug][gc,phases,ref  ] GC(220)   Notify Soft/WeakReferences: 0.0ms
[11.109s][debug][gc,phases,ref  ] GC(220)     SoftRef: skipped
[11.109s][debug][gc,phases,ref  ] GC(220)     WeakRef: skipped
[11.109s][debug][gc,phases,ref  ] GC(220)     FinalRef: skipped
[11.109s][debug][gc,phases,ref  ] GC(220)     Total: skipped
[11.109s][debug][gc,phases,ref  ] GC(220)   Notify and keep alive finalizable: 0.0ms
[11.109s][debug][gc,phases,ref  ] GC(220)     FinalRef: skipped
[11.109s][debug][gc,phases,ref  ] GC(220)   Notify PhantomReferences: 0.0ms
[11.109s][debug][gc,phases,ref  ] GC(220)     PhantomRef: skipped
[11.109s][debug][gc,phases,ref  ] GC(220)   SoftReference Discovered: 0, Dropped: 0, Processed: 0
[11.109s][debug][gc,phases,ref  ] GC(220)   WeakReference Discovered: 0, Dropped: 0, Processed: 0
[11.109s][debug][gc,phases,ref  ] GC(220)   FinalReference Discovered: 0, Dropped: 0, Processed: 0
[11.109s][debug][gc,phases,ref  ] GC(220)   PhantomReference Discovered: 0, Dropped: 0, Processed: 0
[11.109s][debug][gc,age         ] GC(220) Desired survivor size 557056 bytes, new threshold 15 (max threshold 15)
[11.109s][info ][gc,heap        ] GC(220) DefNew: 8832K(9920K)->0K(9920K) Eden: 8832K(8832K)->0K(8832K) From: 0K(1088K)->0K(1088K)
[11.109s][info ][gc,heap        ] GC(220) Tenured: 2071K(21888K)->2071K(21888K)
[11.109s][info ][gc,metaspace   ] GC(220) Metaspace: 369K(512K)->369K(512K) NonClass: 306K(384K)->306K(384K) Class: 63K(128K)->63K(128K)
[11.109s][debug][gc,heap        ] GC(220) Heap after GC invocations=221 (full 6):
[11.109s][debug][gc,heap        ] GC(220)  def new generation   total 9920K, used 0K [0x0000120000200000, 0x0000120000cc0000, 0x000012000aca0000)
[11.109s][debug][gc,heap        ] GC(220)   eden space 8832K,   0% used [0x0000120000200000, 0x0000120000200000, 0x0000120000aa0000)
[11.109s][debug][gc,heap        ] GC(220)   from space 1088K,   0% used [0x0000120000bb0000, 0x0000120000bb0168, 0x0000120000cc0000)
[11.109s][debug][gc,heap        ] GC(220)   to   space 1088K,   0% used [0x0000120000aa0000, 0x0000120000aa0000, 0x0000120000bb0000)
[11.109s][debug][gc,heap        ] GC(220)  tenured generation   total 21888K, used 2071K [0x000012000aca0000, 0x000012000c200000, 0x0000120020200000)
[11.109s][debug][gc,heap        ] GC(220)    the space 21888K,   9% used [0x000012000aca0000, 0x000012000aea5f88, 0x000012000aea6000, 0x000012000c200000)
[11.109s][debug][gc,heap        ] GC(220)  Metaspace       used 369K, committed 512K, reserved 1114112K
[11.109s][debug][gc,heap        ] GC(220)   class space    used 63K, committed 128K, reserved 1048576K
[11.109s][info ][gc             ] GC(220) Pause Young (Allocation Failure) 10M->2M(31M) 0.604ms
[11.109s][info ][gc,cpu         ] GC(220) User=0.00s Sys=0.00s Real=0.00s
[11.109s][info ][safepoint      ] Safepoint "GenCollectForAllocation", Time since last: 47870984 ns, Reaching safepoint: 76631 ns, Cleanup: 3380 ns, At safepoint: 646900 ns, Total: 726911 ns
[11.157s][info ][gc,start       ] GC(221) Pause Young (Allocation Failure)
[11.157s][debug][gc,heap        ] GC(221) Heap before GC invocations=221 (full 6):
[11.157s][debug][gc,heap        ] GC(221)  def new generation   total 9920K, used 8832K [0x0000120000200000, 0x0000120000cc0000, 0x000012000aca0000)
[11.157s][debug][gc,heap        ] GC(221)   eden space 8832K, 100% used [0x0000120000200000, 0x0000120000aa0000, 0x0000120000aa0000)
[11.157s][debug][gc,heap        ] GC(221)   from space 1088K,   0% used [0x0000120000bb0000, 0x0000120000bb0168, 0x0000120000cc0000)
[11.157s][debug][gc,heap        ] GC(221)   to   space 1088K,   0% used [0x0000120000aa0000, 0x0000120000aa0000, 0x0000120000bb0000)
[11.157s][debug][gc,heap        ] GC(221)  tenured generation   total 21888K, used 2071K [0x000012000aca0000, 0x000012000c200000, 0x0000120020200000)
[11.157s][debug][gc,heap        ] GC(221)    the space 21888K,   9% used [0x000012000aca0000, 0x000012000aea5f88, 0x000012000aea6000, 0x000012000c200000)
[11.157s][debug][gc,heap        ] GC(221)  Metaspace       used 369K, committed 512K, reserved 1114112K
[11.157s][debug][gc,heap        ] GC(221)   class space    used 63K, committed 128K, reserved 1048576K
[11.157s][debug][gc,tlab        ] GC(221) TLAB totals: thrds: 2  refills: 101 max: 54 slow allocs: 0 max 0 waste:  0.5% gc: 40760B max: 40760B slow: 2288B max: 1280B
[11.158s][debug][gc,ref         ] GC(221) Skipped SoftWeakFinalRefsPhase of Reference Processing: no references
[11.158s][debug][gc,ref         ] GC(221) Skipped KeepAliveFinalRefsPhase of Reference Processing: no references
[11.158s][debug][gc,ref         ] GC(221) Skipped PhantomRefsPhase of Reference Processing: no references
[11.158s][debug][gc,phases,ref  ] GC(221) Reference Processing: 0.0ms
[11.158s][debug][gc,phases,ref  ] GC(221)   Notify Soft/WeakReferences: 0.0ms
[11.158s][debug][gc,phases,ref  ] GC(221)     SoftRef: skipped
[11.158s][debug][gc,phases,ref  ] GC(221)     WeakRef: skipped
[11.158s][debug][gc,phases,ref  ] GC(221)     FinalRef: skipped
[11.158s][debug][gc,phases,ref  ] GC(221)     Total: skipped
[11.158s][debug][gc,phases,ref  ] GC(221)   Notify and keep alive finalizable: 0.0ms
[11.158s][debug][gc,phases,ref  ] GC(221)     FinalRef: skipped
[11.158s][debug][gc,phases,ref  ] GC(221)   Notify PhantomReferences: 0.0ms
[11.158s][debug][gc,phases,ref  ] GC(221)     PhantomRef: skipped
[11.158s][debug][gc,phases,ref  ] GC(221)   SoftReference Discovered: 0, Dropped: 0, Processed: 0
[11.158s][debug][gc,phases,ref  ] GC(221)   WeakReference Discovered: 0, Dropped: 0, Processed: 0
[11.158s][debug][gc,phases,ref  ] GC(221)   FinalReference Discovered: 0, Dropped: 0, Processed: 0
[11.158s][debug][gc,phases,ref  ] GC(221)   PhantomReference Discovered: 0, Dropped: 0, Processed: 0
[11.158s][debug][gc,age         ] GC(221) Desired survivor size 557056 bytes, new threshold 15 (max threshold 15)
[11.158s][info ][gc,heap        ] GC(221) DefNew: 8832K(9920K)->0K(9920K) Eden: 8832K(8832K)->0K(8832K) From: 0K(1088K)->0K(1088K)
[11.158s][info ][gc,heap        ] GC(221) Tenured: 2071K(21888K)->2071K(21888K)
[11.158s][info ][gc,metaspace   ] GC(221) Metaspace: 369K(512K)->369K(512K) NonClass: 306K(384K)->306K(384K) Class: 63K(128K)->63K(128K)
[11.158s][debug][gc,heap        ] GC(221) Heap after GC invocations=222 (full 6):
[11.158s][debug][gc,heap        ] GC(221)  def new generation   total 9920K, used 0K [0x0000120000200000, 0x0000120000cc0000, 0x000012000aca0000)
[11.158s][debug][gc,heap        ] GC(221)   eden space 8832K,   0% used [0x0000120000200000, 0x0000120000200000, 0x0000120000aa0000)
[11.158s][debug][gc,heap        ] GC(221)   from space 1088K,   0% used [0x0000120000aa0000, 0x0000120000aa01a8, 0x0000120000bb0000)
[11.158s][debug][gc,heap        ] GC(221)   to   space 1088K,   0% used [0x0000120000bb0000, 0x0000120000bb0000, 0x0000120000cc0000)
[11.158s][debug][gc,heap        ] GC(221)  tenured generation   total 21888K, used 2071K [0x000012000aca0000, 0x000012000c200000, 0x0000120020200000)
[11.158s][debug][gc,heap        ] GC(221)    the space 21888K,   9% used [0x000012000aca0000, 0x000012000aea5f88, 0x000012000aea6000, 0x000012000c200000)
[11.158s][debug][gc,heap        ] GC(221)  Metaspace       used 369K, committed 512K, reserved 1114112K
[11.158s][debug][gc,heap        ] GC(221)   class space    used 63K, committed 128K, reserved 1048576K
[11.158s][info ][gc             ] GC(221) Pause Young (Allocation Failure) 10M->2M(31M) 0.574ms
[11.158s][info ][gc,cpu         ] GC(221) User=0.00s Sys=0.00s Real=0.00s
[11.158s][info ][safepoint      ] Safepoint "GenCollectForAllocation", Time since last: 48059947 ns, Reaching safepoint: 3447 ns, Cleanup: 3710 ns, At safepoint: 620577 ns, Total: 627734 ns
[11.206s][info ][gc,start       ] GC(222) Pause Young (Allocation Failure)
[11.206s][debug][gc,heap        ] GC(222) Heap before GC invocations=222 (full 6):
[11.206s][debug][gc,heap        ] GC(222)  def new generation   total 9920K, used 8832K [0x0000120000200000, 0x0000120000cc0000, 0x000012000aca0000)
[11.206s][debug][gc,heap        ] GC(222)   eden space 8832K, 100% used [0x0000120000200000, 0x0000120000aa0000, 0x0000120000aa0000)
[11.206s][debug][gc,heap        ] GC(222)   from space 1088K,   0% used [0x0000120000aa0000, 0x0000120000aa01a8, 0x0000120000bb0000)
[11.206s][debug][gc,heap        ] GC(222)   to   space 1088K,   0% used [0x0000120000bb0000, 0x0000120000bb0000, 0x0000120000cc0000)
[11.206s][debug][gc,heap        ] GC(222)  tenured generation   total 21888K, used 2071K [0x000012000aca0000, 0x000012000c200000, 0x0000120020200000)
[11.206s][debug][gc,heap        ] GC(222)    the space 21888K,   9% used [0x000012000aca0000, 0x000012000aea5f88, 0x000012000aea6000, 0x000012000c200000)
[11.206s][debug][gc,heap        ] GC(222)  Metaspace       used 369K, committed 512K, reserved 1114112K
[11.206s][debug][gc,heap        ] GC(222)   class space    used 63K, committed 128K, reserved 1048576K
[11.206s][debug][gc,tlab        ] GC(222) TLAB totals: thrds: 2  refills: 101 max: 52 slow allocs: 0 max 0 waste:  0.7% gc: 60016B max: 60016B slow: 2128B max: 1344B
[11.206s][debug][gc,ref         ] GC(222) Skipped SoftWeakFinalRefsPhase of Reference Processing: no references
[11.206s][debug][gc,ref         ] GC(222) Skipped KeepAliveFinalRefsPhase of Reference Processing: no references
[11.206s][debug][gc,ref         ] GC(222) Skipped PhantomRefsPhase of Reference Processing: no references
[11.206s][debug][gc,phases,ref  ] GC(222) Reference Processing: 0.0ms
[11.206s][debug][gc,phases,ref  ] GC(222)   Notify Soft/WeakReferences: 0.0ms
[11.206s][debug][gc,phases,ref  ] GC(222)     SoftRef: skipped
[11.206s][debug][gc,phases,ref  ] GC(222)     WeakRef: skipped
[11.206s][debug][gc,phases,ref  ] GC(222)     FinalRef: skipped
[11.206s][debug][gc,phases,ref  ] GC(222)     Total: skipped
[11.206s][debug][gc,phases,ref  ] GC(222)   Notify and keep alive finalizable: 0.0ms
[11.206s][debug][gc,phases,ref  ] GC(222)     FinalRef: skipped
[11.206s][debug][gc,phases,ref  ] GC(222)   Notify PhantomReferences: 0.0ms
[11.206s][debug][gc,phases,ref  ] GC(222)     PhantomRef: skipped
[11.206s][debug][gc,phases,ref  ] GC(222)   SoftReference Discovered: 0, Dropped: 0, Processed: 0
[11.206s][debug][gc,phases,ref  ] GC(222)   WeakReference Discovered: 0, Dropped: 0, Processed: 0
[11.206s][debug][gc,phases,ref  ] GC(222)   FinalReference Discovered: 0, Dropped: 0, Processed: 0
[11.206s][debug][gc,phases,ref  ] GC(222)   PhantomReference Discovered: 0, Dropped: 0, Processed: 0
[11.206s][debug][gc,age         ] GC(222) Desired survivor size 557056 bytes, new threshold 15 (max threshold 15)
[11.206s][info ][gc,heap        ] GC(222) DefNew: 8832K(9920K)->0K(9920K) Eden: 8832K(8832K)->0K(8832K) From: 0K(1088K)->0K(1088K)
[11.206s][info ][gc,heap        ] GC(222) Tenured: 2071K(21888K)->2071K(21888K)
[11.206s][info ][gc,metaspace   ] GC(222) Metaspace: 369K(512K)->369K(512K) NonClass: 306K(384K)->306K(384K) Class: 63K(128K)->63K(128K)
[11.206s][debug][gc,heap        ] GC(222) Heap after GC invocations=223 (full 6):
[11.206s][debug][gc,heap        ] GC(222)  def new generation   total 9920K, used 0K [0x0000120000200000, 0x0000120000cc0000, 0x000012000aca0000)
[11.206s][debug][gc,heap        ] GC(222)   eden space 8832K,   0% used [0x0000120000200000, 0x0000120000200000, 0x0000120000aa0000)
[11.206s][debug][gc,heap        ] GC(222)   from space 1088K,   0% used [0x0000120000bb0000, 0x0000120000bb0130, 0x0000120000cc0000)
[11.206s][debug][gc,heap        ] GC(222)   to   space 1088K,   0% used [0x0000120000aa0000, 0x0000120000aa0000, 0x0000120000bb0000)
[11.206s][debug][gc,heap        ] GC(222)  tenured generation   total 21888K, used 2071K [0x000012000aca0000, 0x000012000c200000, 0x0000120020200000)
[11.206s][debug][gc,heap        ] GC(222)    the space 21888K,   9% used [0x000012000aca0000, 0x000012000aea5f88, 0x000012000aea6000, 0x000012000c200000)
[11.206s][debug][gc,heap        ] GC(222)  Metaspace       used 369K, committed 512K, reserved 1114112K
[11.206s][debug][gc,heap        ] GC(222)   class space    used 63K, committed 128K, reserved 1048576K
[11.206s][info ][gc             ] GC(222) Pause Young (Allocation Failure) 10M->2M(31M) 0.645ms
[11.206s][info ][gc,cpu         ] GC(222) User=0.00s Sys=0.00s Real=0.00s
[11.206s][info ][safepoint      ] Safepoint "GenCollectForAllocation", Time since last: 47540740 ns, Reaching safepoint: 3722 ns, Cleanup: 3836 ns, At safepoint: 691909 ns, Total: 699467 ns
[11.256s][info ][gc,start       ] GC(223) Pause Young (Allocation Failure)
[11.256s][debug][gc,heap        ] GC(223) Heap before GC invocations=223 (full 6):
[11.256s][debug][gc,heap        ] GC(223)  def new generation   total 9920K, used 8832K [0x0000120000200000, 0x0000120000cc0000, 0x000012000aca0000)
[11.256s][debug][gc,heap        ] GC(223)   eden space 8832K, 100% used [0x0000120000200000, 0x0000120000aa0000, 0x0000120000aa0000)
[11.256s][debug][gc,heap        ] GC(223)   from space 1088K,   0% used [0x0000120000bb0000, 0x0000120000bb0130, 0x0000120000cc0000)
[11.256s][debug][gc,heap        ] GC(223)   to   space 1088K,   0% used [0x0000120000aa0000, 0x0000120000aa0000, 0x0000120000bb0000)
[11.256s][debug][gc,heap        ] GC(223)  tenured generation   total 21888K, used 2071K [0x000012000aca0000, 0x000012000c200000, 0x0000120020200000)
[11.256s][debug][gc,heap        ] GC(223)    the space 21888K,   9% used [0x000012000aca0000, 0x000012000aea5f88, 0x000012000aea6000, 0x000012000c200000)
[11.256s][debug][gc,heap        ] GC(223)  Metaspace       used 369K, committed 512K, reserved 1114112K
[11.256s][debug][gc,heap        ] GC(223)   class space    used 63K, committed 128K, reserved 1048576K
[11.256s][debug][gc,tlab        ] GC(223) TLAB totals: thrds: 2  refills: 101 max: 53 slow allocs: 0 max 0 waste:  0.2% gc: 18776B max: 18776B slow: 2496B max: 1296B
[11.256s][debug][gc,ref         ] GC(223) Skipped SoftWeakFinalRefsPhase of Reference Processing: no references
[11.256s][debug][gc,ref         ] GC(223) Skipped KeepAliveFinalRefsPhase of Reference Processing: no references
[11.256s][debug][gc,ref         ] GC(223) Skipped PhantomRefsPhase of Reference Processing: no references
[11.256s][debug][gc,phases,ref  ] GC(223) Reference Processing: 0.0ms
[11.256s][debug][gc,phases,ref  ] GC(223)   Notify Soft/WeakReferences: 0.0ms
[11.256s][debug][gc,phases,ref  ] GC(223)     SoftRef: skipped
[11.256s][debug][gc,phases,ref  ] GC(223)     WeakRef: skipped
[11.256s][debug][gc,phases,ref  ] GC(223)     FinalRef: skipped
[11.256s][debug][gc,phases,ref  ] GC(223)     Total: skipped
[11.256s][debug][gc,phases,ref  ] GC(223)   Notify and keep alive finalizable: 0.0ms
[11.256s][debug][gc,phases,ref  ] GC(223)     FinalRef: skipped
[11.256s][debug][gc,phases,ref  ] GC(223)   Notify PhantomReferences: 0.0ms
[11.256s][debug][gc,phases,ref  ] GC(223)     PhantomRef: skipped
[11.256s][debug][gc,phases,ref  ] GC(223)   SoftReference Discovered: 0, Dropped: 0, Processed: 0
[11.256s][debug][gc,phases,ref  ] GC(223)   WeakReference Discovered: 0, Dropped: 0, Processed: 0
[11.256s][debug][gc,phases,ref  ] GC(223)   FinalReference Discovered: 0, Dropped: 0, Processed: 0
[11.256s][debug][gc,phases,ref  ] GC(223)   PhantomReference Discovered: 0, Dropped: 0, Processed: 0
[11.256s][debug][gc,age         ] GC(223) Desired survivor size 557056 bytes, new threshold 15 (max threshold 15)
[11.256s][info ][gc,heap        ] GC(223) DefNew: 8832K(9920K)->0K(9920K) Eden: 8832K(8832K)->0K(8832K) From: 0K(1088K)->0K(1088K)
[11.256s][info ][gc,heap        ] GC(223) Tenured: 2071K(21888K)->2071K(21888K)
[11.256s][info ][gc,metaspace   ] GC(223) Metaspace: 369K(512K)->369K(512K) NonClass: 306K(384K)->306K(384K) Class: 63K(128K)->63K(128K)
[11.256s][debug][gc,heap        ] GC(223) Heap after GC invocations=224 (full 6):
[11.256s][debug][gc,heap        ] GC(223)  def new generation   total 9920K, used 0K [0x0000120000200000, 0x0000120000cc0000, 0x000012000aca0000)
[11.256s][debug][gc,heap        ] GC(223)   eden space 8832K,   0% used [0x0000120000200000, 0x0000120000200000, 0x0000120000aa0000)
[11.256s][debug][gc,heap        ] GC(223)   from space 1088K,   0% used [0x0000120000aa0000, 0x0000120000aa0118, 0x0000120000bb0000)
[11.256s][debug][gc,heap        ] GC(223)   to   space 1088K,   0% used [0x0000120000bb0000, 0x0000120000bb0000, 0x0000120000cc0000)
[11.256s][debug][gc,heap        ] GC(223)  tenured generation   total 21888K, used 2071K [0x000012000aca0000, 0x000012000c200000, 0x0000120020200000)
[11.256s][debug][gc,heap        ] GC(223)    the space 21888K,   9% used [0x000012000aca0000, 0x000012000aea5f88, 0x000012000aea6000, 0x000012000c200000)
[11.256s][debug][gc,heap        ] GC(223)  Metaspace       used 369K, committed 512K, reserved 1114112K
[11.256s][debug][gc,heap        ] GC(223)   class space    used 63K, committed 128K, reserved 1048576K
[11.256s][info ][gc             ] GC(223) Pause Young (Allocation Failure) 10M->2M(31M) 0.613ms
[11.256s][info ][gc,cpu         ] GC(223) User=0.00s Sys=0.00s Real=0.00s
[11.256s][info ][safepoint      ] Safepoint "GenCollectForAllocation", Time since last: 49517215 ns, Reaching safepoint: 3617 ns, Cleanup: 3601 ns, At safepoint: 658591 ns, Total: 665809 ns
[11.304s][info ][gc,start       ] GC(224) Pause Young (Allocation Failure)
[11.304s][debug][gc,heap        ] GC(224) Heap before GC invocations=224 (full 6):
[11.304s][debug][gc,heap        ] GC(224)  def new generation   total 9920K, used 8832K [0x0000120000200000, 0x0000120000cc0000, 0x000012000aca0000)
[11.304s][debug][gc,heap        ] GC(224)   eden space 8832K, 100% used [0x0000120000200000, 0x0000120000aa0000, 0x0000120000aa0000)
[11.304s][debug][gc,heap        ] GC(224)   from space 1088K,   0% used [0x0000120000aa0000, 0x0000120000aa0118, 0x0000120000bb0000)
[11.304s][debug][gc,heap        ] GC(224)   to   space 1088K,   0% used [0x0000120000bb0000, 0x0000120000bb0000, 0x0000120000cc0000)
[11.304s][debug][gc,heap        ] GC(224)  tenured generation   total 21888K, used 2071K [0x000012000aca0000, 0x000012000c200000, 0x0000120020200000)
[11.304s][debug][gc,heap        ] GC(224)    the space 21888K,   9% used [0x000012000aca0000, 0x000012000aea5f88, 0x000012000aea6000, 0x000012000c200000)
[11.304s][debug][gc,heap        ] GC(224)  Metaspace       used 369K, committed 512K, reserved 1114112K
[11.304s][debug][gc,heap        ] GC(224)   class space    used 63K, committed 128K, reserved 1048576K
[11.304s][debug][gc,tlab        ] GC(224) TLAB totals: thrds: 2  refills: 101 max: 52 slow allocs: 0 max 0 waste:  0.4% gc: 29552B max: 29552B slow: 2568B max: 1304B
[11.304s][debug][gc,ref         ] GC(224) Skipped SoftWeakFinalRefsPhase of Reference Processing: no references
[11.304s][debug][gc,ref         ] GC(224) Skipped KeepAliveFinalRefsPhase of Reference Processing: no references
[11.304s][debug][gc,ref         ] GC(224) Skipped PhantomRefsPhase of Reference Processing: no references
[11.304s][debug][gc,phases,ref  ] GC(224) Reference Processing: 0.0ms
[11.304s][debug][gc,phases,ref  ] GC(224)   Notify Soft/WeakReferences: 0.0ms
[11.304s][debug][gc,phases,ref  ] GC(224)     SoftRef: skipped
[11.304s][debug][gc,phases,ref  ] GC(224)     WeakRef: skipped
[11.304s][debug][gc,phases,ref  ] GC(224)     FinalRef: skipped
[11.304s][debug][gc,phases,ref  ] GC(224)     Total: skipped
[11.304s][debug][gc,phases,ref  ] GC(224)   Notify and keep alive finalizable: 0.0ms
[11.304s][debug][gc,phases,ref  ] GC(224)     FinalRef: skipped
[11.304s][debug][gc,phases,ref  ] GC(224)   Notify PhantomReferences: 0.0ms
[11.304s][debug][gc,phases,ref  ] GC(224)     PhantomRef: skipped
[11.304s][debug][gc,phases,ref  ] GC(224)   SoftReference Discovered: 0, Dropped: 0, Processed: 0
[11.304s][debug][gc,phases,ref  ] GC(224)   WeakReference Discovered: 0, Dropped: 0, Processed: 0
[11.304s][debug][gc,phases,ref  ] GC(224)   FinalReference Discovered: 0, Dropped: 0, Processed: 0
[11.304s][debug][gc,phases,ref  ] GC(224)   PhantomReference Discovered: 0, Dropped: 0, Processed: 0
[11.304s][debug][gc,age         ] GC(224) Desired survivor size 557056 bytes, new threshold 15 (max threshold 15)
[11.304s][info ][gc,heap        ] GC(224) DefNew: 8832K(9920K)->0K(9920K) Eden: 8832K(8832K)->0K(8832K) From: 0K(1088K)->0K(1088K)
[11.305s][info ][gc,heap        ] GC(224) Tenured: 2071K(21888K)->2071K(21888K)
[11.305s][info ][gc,metaspace   ] GC(224) Metaspace: 369K(512K)->369K(512K) NonClass: 306K(384K)->306K(384K) Class: 63K(128K)->63K(128K)
[11.305s][debug][gc,heap        ] GC(224) Heap after GC invocations=225 (full 6):
[11.305s][debug][gc,heap        ] GC(224)  def new generation   total 9920K, used 0K [0x0000120000200000, 0x0000120000cc0000, 0x000012000aca0000)
[11.305s][debug][gc,heap        ] GC(224)   eden space 8832K,   0% used [0x0000120000200000, 0x0000120000200000, 0x0000120000aa0000)
[11.305s][debug][gc,heap        ] GC(224)   from space 1088K,   0% used [0x0000120000bb0000, 0x0000120000bb0178, 0x0000120000cc0000)
[11.305s][debug][gc,heap        ] GC(224)   to   space 1088K,   0% used [0x0000120000aa0000, 0x0000120000aa0000, 0x0000120000bb0000)
[11.305s][debug][gc,heap        ] GC(224)  tenured generation   total 21888K, used 2071K [0x000012000aca0000, 0x000012000c200000, 0x0000120020200000)
[11.305s][debug][gc,heap        ] GC(224)    the space 21888K,   9% used [0x000012000aca0000, 0x000012000aea5f88, 0x000012000aea6000, 0x000012000c200000)
[11.305s][debug][gc,heap        ] GC(224)  Metaspace       used 369K, committed 512K, reserved 1114112K
[11.305s][debug][gc,heap        ] GC(224)   class space    used 63K, committed 128K, reserved 1048576K
[11.305s][info ][gc             ] GC(224) Pause Young (Allocation Failure) 10M->2M(31M) 0.576ms
[11.305s][info ][gc,cpu         ] GC(224) User=0.00s Sys=0.00s Real=0.00s
[11.305s][info ][safepoint      ] Safepoint "GenCollectForAllocation", Time since last: 47663301 ns, Reaching safepoint: 3518 ns, Cleanup: 3600 ns, At safepoint: 623968 ns, Total: 631086 ns
[11.353s][info ][gc,start       ] GC(225) Pause Young (Allocation Failure)
[11.353s][debug][gc,heap        ] GC(225) Heap before GC invocations=225 (full 6):
[11.353s][debug][gc,heap        ] GC(225)  def new generation   total 9920K, used 8832K [0x0000120000200000, 0x0000120000cc0000, 0x000012000aca0000)
[11.353s][debug][gc,heap        ] GC(225)   eden space 8832K, 100% used [0x0000120000200000, 0x0000120000aa0000, 0x0000120000aa0000)
[11.353s][debug][gc,heap        ] GC(225)   from space 1088K,   0% used [0x0000120000bb0000, 0x0000120000bb0178, 0x0000120000cc0000)
[11.353s][debug][gc,heap        ] GC(225)   to   space 1088K,   0% used [0x0000120000aa0000, 0x0000120000aa0000, 0x0000120000bb0000)
[11.353s][debug][gc,heap        ] GC(225)  tenured generation   total 21888K, used 2071K [0x000012000aca0000, 0x000012000c200000, 0x0000120020200000)
[11.353s][debug][gc,heap        ] GC(225)    the space 21888K,   9% used [0x000012000aca0000, 0x000012000aea5f88, 0x000012000aea6000, 0x000012000c200000)
[11.353s][debug][gc,heap        ] GC(225)  Metaspace       used 369K, committed 512K, reserved 1114112K
[11.353s][debug][gc,heap        ] GC(225)   class space    used 63K, committed 128K, reserved 1048576K
[11.353s][debug][gc,tlab        ] GC(225) TLAB totals: thrds: 2  refills: 101 max: 51 slow allocs: 0 max 0 waste:  0.0% gc: 0B max: 0B slow: 2328B max: 1368B
[11.353s][debug][gc,ref         ] GC(225) Skipped SoftWeakFinalRefsPhase of Reference Processing: no references
[11.353s][debug][gc,ref         ] GC(225) Skipped KeepAliveFinalRefsPhase of Reference Processing: no references
[11.353s][debug][gc,ref         ] GC(225) Skipped PhantomRefsPhase of Reference Processing: no references
[11.353s][debug][gc,phases,ref  ] GC(225) Reference Processing: 0.0ms
[11.353s][debug][gc,phases,ref  ] GC(225)   Notify Soft/WeakReferences: 0.0ms
[11.353s][debug][gc,phases,ref  ] GC(225)     SoftRef: skipped
[11.353s][debug][gc,phases,ref  ] GC(225)     WeakRef: skipped
[11.353s][debug][gc,phases,ref  ] GC(225)     FinalRef: skipped
[11.353s][debug][gc,phases,ref  ] GC(225)     Total: skipped
[11.353s][debug][gc,phases,ref  ] GC(225)   Notify and keep alive finalizable: 0.0ms
[11.353s][debug][gc,phases,ref  ] GC(225)     FinalRef: skipped
[11.353s][debug][gc,phases,ref  ] GC(225)   Notify PhantomReferences: 0.0ms
[11.353s][debug][gc,phases,ref  ] GC(225)     PhantomRef: skipped
[11.353s][debug][gc,phases,ref  ] GC(225)   SoftReference Discovered: 0, Dropped: 0, Processed: 0
[11.353s][debug][gc,phases,ref  ] GC(225)   WeakReference Discovered: 0, Dropped: 0, Processed: 0
[11.353s][debug][gc,phases,ref  ] GC(225)   FinalReference Discovered: 0, Dropped: 0, Processed: 0
[11.353s][debug][gc,phases,ref  ] GC(225)   PhantomReference Discovered: 0, Dropped: 0, Processed: 0
[11.353s][debug][gc,age         ] GC(225) Desired survivor size 557056 bytes, new threshold 15 (max threshold 15)
[11.353s][info ][gc,heap        ] GC(225) DefNew: 8832K(9920K)->0K(9920K) Eden: 8832K(8832K)->0K(8832K) From: 0K(1088K)->0K(1088K)
[11.353s][info ][gc,heap        ] GC(225) Tenured: 2071K(21888K)->2071K(21888K)
[11.353s][info ][gc,metaspace   ] GC(225) Metaspace: 369K(512K)->369K(512K) NonClass: 306K(384K)->306K(384K) Class: 63K(128K)->63K(128K)
[11.353s][debug][gc,heap        ] GC(225) Heap after GC invocations=226 (full 6):
[11.353s][debug][gc,heap        ] GC(225)  def new generation   total 9920K, used 0K [0x0000120000200000, 0x0000120000cc0000, 0x000012000aca0000)
[11.353s][debug][gc,heap        ] GC(225)   eden space 8832K,   0% used [0x0000120000200000, 0x0000120000200000, 0x0000120000aa0000)
[11.353s][debug][gc,heap        ] GC(225)   from space 1088K,   0% used [0x0000120000aa0000, 0x0000120000aa0138, 0x0000120000bb0000)
[11.353s][debug][gc,heap        ] GC(225)   to   space 1088K,   0% used [0x0000120000bb0000, 0x0000120000bb0000, 0x0000120000cc0000)
[11.353s][debug][gc,heap        ] GC(225)  tenured generation   total 21888K, used 2071K [0x000012000aca0000, 0x000012000c200000, 0x0000120020200000)
[11.353s][debug][gc,heap        ] GC(225)    the space 21888K,   9% used [0x000012000aca0000, 0x000012000aea5f88, 0x000012000aea6000, 0x000012000c200000)
[11.353s][debug][gc,heap        ] GC(225)  Metaspace       used 369K, committed 512K, reserved 1114112K
[11.353s][debug][gc,heap        ] GC(225)   class space    used 63K, committed 128K, reserved 1048576K
[11.353s][info ][gc             ] GC(225) Pause Young (Allocation Failure) 10M->2M(31M) 0.575ms
[11.353s][info ][gc,cpu         ] GC(225) User=0.00s Sys=0.00s Real=0.00s
[11.353s][info ][safepoint      ] Safepoint "GenCollectForAllocation", Time since last: 47905864 ns, Reaching safepoint: 3486 ns, Cleanup: 3678 ns, At safepoint: 621144 ns, Total: 628308 ns
[11.401s][info ][gc,start       ] GC(226) Pause Young (Allocation Failure)
[11.401s][debug][gc,heap        ] GC(226) Heap before GC invocations=226 (full 6):
[11.401s][debug][gc,heap        ] GC(226)  def new generation   total 9920K, used 8832K [0x0000120000200000, 0x0000120000cc0000, 0x000012000aca0000)
[11.401s][debug][gc,heap        ] GC(226)   eden space 8832K,  99% used [0x0000120000200000, 0x0000120000a9ffe8, 0x0000120000aa0000)
[11.401s][debug][gc,heap        ] GC(226)   from space 1088K,   0% used [0x0000120000aa0000, 0x0000120000aa0138, 0x0000120000bb0000)
[11.401s][debug][gc,heap        ] GC(226)   to   space 1088K,   0% used [0x0000120000bb0000, 0x0000120000bb0000, 0x0000120000cc0000)
[11.401s][debug][gc,heap        ] GC(226)  tenured generation   total 21888K, used 2071K [0x000012000aca0000, 0x000012000c200000, 0x0000120020200000)
[11.401s][debug][gc,heap        ] GC(226)    the space 21888K,   9% used [0x000012000aca0000, 0x000012000aea5f88, 0x000012000aea6000, 0x000012000c200000)
[11.401s][debug][gc,heap        ] GC(226)  Metaspace       used 369K, committed 512K, reserved 1114112K
[11.401s][debug][gc,heap        ] GC(226)   class space    used 63K, committed 128K, reserved 1048576K
[11.401s][debug][gc,tlab        ] GC(226) TLAB totals: thrds: 2  refills: 100 max: 50 slow allocs: 0 max 0 waste:  0.1% gc: 10752B max: 10752B slow: 2648B max: 1344B
[11.401s][debug][gc,ref         ] GC(226) Skipped SoftWeakFinalRefsPhase of Reference Processing: no references
[11.401s][debug][gc,ref         ] GC(226) Skipped KeepAliveFinalRefsPhase of Reference Processing: no references
[11.401s][debug][gc,ref         ] GC(226) Skipped PhantomRefsPhase of Reference Processing: no references
[11.402s][debug][gc,phases,ref  ] GC(226) Reference Processing: 0.0ms
[11.402s][debug][gc,phases,ref  ] GC(226)   Notify Soft/WeakReferences: 0.0ms
[11.402s][debug][gc,phases,ref  ] GC(226)     SoftRef: skipped
[11.402s][debug][gc,phases,ref  ] GC(226)     WeakRef: skipped
[11.402s][debug][gc,phases,ref  ] GC(226)     FinalRef: skipped
[11.402s][debug][gc,phases,ref  ] GC(226)     Total: skipped
[11.402s][debug][gc,phases,ref  ] GC(226)   Notify and keep alive finalizable: 0.0ms
[11.402s][debug][gc,phases,ref  ] GC(226)     FinalRef: skipped
[11.402s][debug][gc,phases,ref  ] GC(226)   Notify PhantomReferences: 0.0ms
[11.402s][debug][gc,phases,ref  ] GC(226)     PhantomRef: skipped
[11.402s][debug][gc,phases,ref  ] GC(226)   SoftReference Discovered: 0, Dropped: 0, Processed: 0
[11.402s][debug][gc,phases,ref  ] GC(226)   WeakReference Discovered: 0, Dropped: 0, Processed: 0
[11.402s][debug][gc,phases,ref  ] GC(226)   FinalReference Discovered: 0, Dropped: 0, Processed: 0
[11.402s][debug][gc,phases,ref  ] GC(226)   PhantomReference Discovered: 0, Dropped: 0, Processed: 0
[11.402s][debug][gc,age         ] GC(226) Desired survivor size 557056 bytes, new threshold 15 (max threshold 15)
[11.402s][info ][gc,heap        ] GC(226) DefNew: 8832K(9920K)->0K(9920K) Eden: 8831K(8832K)->0K(8832K) From: 0K(1088K)->0K(1088K)
[11.402s][info ][gc,heap        ] GC(226) Tenured: 2071K(21888K)->2071K(21888K)
[11.402s][info ][gc,metaspace   ] GC(226) Metaspace: 369K(512K)->369K(512K) NonClass: 306K(384K)->306K(384K) Class: 63K(128K)->63K(128K)
[11.402s][debug][gc,heap        ] GC(226) Heap after GC invocations=227 (full 6):
[11.402s][debug][gc,heap        ] GC(226)  def new generation   total 9920K, used 0K [0x0000120000200000, 0x0000120000cc0000, 0x000012000aca0000)
[11.402s][debug][gc,heap        ] GC(226)   eden space 8832K,   0% used [0x0000120000200000, 0x0000120000200000, 0x0000120000aa0000)
[11.402s][debug][gc,heap        ] GC(226)   from space 1088K,   0% used [0x0000120000bb0000, 0x0000120000bb01c8, 0x0000120000cc0000)
[11.402s][debug][gc,heap        ] GC(226)   to   space 1088K,   0% used [0x0000120000aa0000, 0x0000120000aa0000, 0x0000120000bb0000)
[11.402s][debug][gc,heap        ] GC(226)  tenured generation   total 21888K, used 2071K [0x000012000aca0000, 0x000012000c200000, 0x0000120020200000)
[11.402s][debug][gc,heap        ] GC(226)    the space 21888K,   9% used [0x000012000aca0000, 0x000012000aea5f88, 0x000012000aea6000, 0x000012000c200000)
[11.402s][debug][gc,heap        ] GC(226)  Metaspace       used 369K, committed 512K, reserved 1114112K
[11.402s][debug][gc,heap        ] GC(226)   class space    used 63K, committed 128K, reserved 1048576K
[11.402s][info ][gc             ] GC(226) Pause Young (Allocation Failure) 10M->2M(31M) 0.616ms
[11.402s][info ][gc,cpu         ] GC(226) User=0.00s Sys=0.00s Real=0.00s
[11.402s][info ][safepoint      ] Safepoint "GenCollectForAllocation", Time since last: 47993333 ns, Reaching safepoint: 3529 ns, Cleanup: 3697 ns, At safepoint: 661882 ns, Total: 669108 ns
[11.430s][info ][gc,start       ] GC(227) Pause Full (System.gc())
[11.430s][debug][gc,heap        ] GC(227) Heap before GC invocations=227 (full 6):
[11.430s][debug][gc,heap        ] GC(227)  def new generation   total 9920K, used 5280K [0x0000120000200000, 0x0000120000cc0000, 0x000012000aca0000)
[11.430s][debug][gc,heap        ] GC(227)   eden space 8832K,  59% used [0x0000120000200000, 0x0000120000728128, 0x0000120000aa0000)
[11.430s][debug][gc,heap        ] GC(227)   from space 1088K,   0% used [0x0000120000bb0000, 0x0000120000bb01c8, 0x0000120000cc0000)
[11.430s][debug][gc,heap        ] GC(227)   to   space 1088K,   0% used [0x0000120000aa0000, 0x0000120000aa0000, 0x0000120000bb0000)
[11.430s][debug][gc,heap        ] GC(227)  tenured generation   total 21888K, used 2071K [0x000012000aca0000, 0x000012000c200000, 0x0000120020200000)
[11.430s][debug][gc,heap        ] GC(227)    the space 21888K,   9% used [0x000012000aca0000, 0x000012000aea5f88, 0x000012000aea6000, 0x000012000c200000)
[11.430s][debug][gc,heap        ] GC(227)  Metaspace       used 369K, committed 512K, reserved 1114112K
[11.430s][debug][gc,heap        ] GC(227)   class space    used 63K, committed 128K, reserved 1048576K
[11.430s][debug][gc,tlab        ] GC(227) TLAB totals: thrds: 2  refills: 60 max: 30 slow allocs: 0 max 0 waste:  2.2% gc: 114832B max: 69400B slow: 1784B max: 992B
[11.430s][info ][gc,phases,start] GC(227) Phase 1: Mark live objects
[11.435s][debug][gc,phases,start] GC(227) Reference Processing
[11.435s][debug][gc,ref         ] GC(227) ReferenceProcessor::execute queues: 1, RefProcThreadModel::Single, marks_oops_alive: false
[11.435s][debug][gc,ref         ] GC(227) Skipped KeepAliveFinalRefsPhase of Reference Processing: no references
[11.435s][debug][gc,ref         ] GC(227) ReferenceProcessor::execute queues: 1, RefProcThreadModel::Single, marks_oops_alive: false
[11.435s][debug][gc,phases,ref  ] GC(227) Reference Processing: 0.2ms
[11.435s][debug][gc,phases,ref  ] GC(227)   Notify Soft/WeakReferences: 0.1ms
[11.435s][debug][gc,phases,ref  ] GC(227)     SoftRef: 0.0ms
[11.435s][debug][gc,phases,ref  ] GC(227)     WeakRef: 0.0ms
[11.435s][debug][gc,phases,ref  ] GC(227)     FinalRef: 0.0ms
[11.435s][debug][gc,phases,ref  ] GC(227)     Total: 0.0ms
[11.435s][debug][gc,phases,ref  ] GC(227)   Notify and keep alive finalizable: 0.0ms
[11.435s][debug][gc,phases,ref  ] GC(227)     FinalRef: skipped
[11.435s][debug][gc,phases,ref  ] GC(227)   Notify PhantomReferences: 0.0ms
[11.435s][debug][gc,phases,ref  ] GC(227)     PhantomRef: 0.0ms
[11.435s][debug][gc,phases,ref  ] GC(227)   SoftReference Discovered: 0, Dropped: 0, Processed: 0
[11.435s][debug][gc,phases,ref  ] GC(227)   WeakReference Discovered: 11, Dropped: 11, Processed: 0
[11.435s][debug][gc,phases,ref  ] GC(227)   FinalReference Discovered: 0, Dropped: 0, Processed: 0
[11.435s][debug][gc,phases,ref  ] GC(227)   PhantomReference Discovered: 4, Dropped: 4, Processed: 0
[11.435s][debug][gc,phases      ] GC(227) Reference Processing 0.321ms
[11.435s][debug][gc,phases,start] GC(227) Weak Processing
[11.435s][debug][gc,phases      ] GC(227) Weak Processing 0.033ms
[11.435s][debug][gc,phases,start] GC(227) Class Unloading
[11.435s][debug][gc,phases,start] GC(227) ClassLoaderData
[11.435s][debug][gc,phases      ] GC(227) ClassLoaderData 0.012ms
[11.435s][debug][gc,phases,start] GC(227) Trigger cleanups
[11.435s][debug][gc,phases      ] GC(227) Trigger cleanups 0.008ms
[11.435s][debug][gc,phases,start] GC(227) Purge Unlinked NMethods
[11.435s][debug][gc,phases      ] GC(227) Purge Unlinked NMethods 0.009ms
[11.435s][debug][gc,phases,start] GC(227) Unregister NMethods
[11.435s][debug][gc,phases      ] GC(227) Unregister NMethods 0.010ms
[11.435s][debug][gc,phases,start] GC(227) Free Code Blobs
[11.435s][debug][gc,phases      ] GC(227) Free Code Blobs 0.010ms
[11.435s][debug][gc,phases      ] GC(227) Class Unloading 0.151ms
[11.435s][debug][gc,phases,start] GC(227) Report Object Count
[11.435s][debug][gc,phases      ] GC(227) Report Object Count 0.009ms
[11.435s][info ][gc,phases      ] GC(227) Phase 1: Mark live objects 4.899ms
[11.435s][info ][gc,phases,start] GC(227) Phase 2: Compute new object addresses
[11.439s][info ][gc,phases      ] GC(227) Phase 2: Compute new object addresses 4.273ms
[11.439s][info ][gc,phases,start] GC(227) Phase 3: Adjust pointers
[11.441s][info ][gc,phases      ] GC(227) Phase 3: Adjust pointers 1.753ms
[11.441s][info ][gc,phases,start] GC(227) Phase 4: Move objects
[11.441s][info ][gc,phases      ] GC(227) Phase 4: Move objects 0.011ms
[11.441s][info ][gc,heap        ] GC(227) DefNew: 5280K(9920K)->0K(9920K) Eden: 5280K(8832K)->0K(8832K) From: 0K(1088K)->0K(1088K)
[11.441s][info ][gc,heap        ] GC(227) Tenured: 2071K(21888K)->2072K(21888K)
[11.441s][info ][gc,metaspace   ] GC(227) Metaspace: 369K(512K)->369K(512K) NonClass: 306K(384K)->306K(384K) Class: 63K(128K)->63K(128K)
[11.441s][debug][gc,heap        ] GC(227) Heap after GC invocations=228 (full 7):
[11.441s][debug][gc,heap        ] GC(227)  def new generation   total 9920K, used 0K [0x0000120000200000, 0x0000120000cc0000, 0x000012000aca0000)
[11.441s][debug][gc,heap        ] GC(227)   eden space 8832K,   0% used [0x0000120000200000, 0x0000120000200000, 0x0000120000aa0000)
[11.441s][debug][gc,heap        ] GC(227)   from space 1088K,   0% used [0x0000120000bb0000, 0x0000120000bb0000, 0x0000120000cc0000)
[11.441s][debug][gc,heap        ] GC(227)   to   space 1088K,   0% used [0x0000120000aa0000, 0x0000120000aa0000, 0x0000120000bb0000)
[11.441s][debug][gc,heap        ] GC(227)  tenured generation   total 21888K, used 2072K [0x000012000aca0000, 0x000012000c200000, 0x0000120020200000)
[11.441s][debug][gc,heap        ] GC(227)    the space 21888K,   9% used [0x000012000aca0000, 0x000012000aea60b0, 0x000012000aea6200, 0x000012000c200000)
[11.441s][debug][gc,heap        ] GC(227)  Metaspace       used 369K, committed 512K, reserved 1114112K
[11.441s][debug][gc,heap        ] GC(227)   class space    used 63K, committed 128K, reserved 1048576K
[11.441s][info ][gc             ] GC(227) Pause Full (System.gc()) 7M->2M(31M) 11.312ms
[11.441s][info ][gc,cpu         ] GC(227) User=0.01s Sys=0.00s Real=0.01s
[11.441s][info ][safepoint      ] Safepoint "GenCollectFull", Time since last: 28206083 ns, Reaching safepoint: 3220 ns, Cleanup: 3631 ns, At safepoint: 11352374 ns, Total: 11359225 ns
[11.495s][info ][gc,start       ] GC(228) Pause Young (Allocation Failure)
[11.495s][debug][gc,heap        ] GC(228) Heap before GC invocations=228 (full 7):
[11.495s][debug][gc,heap        ] GC(228)  def new generation   total 9920K, used 8832K [0x0000120000200000, 0x0000120000cc0000, 0x000012000aca0000)
[11.495s][debug][gc,heap        ] GC(228)   eden space 8832K, 100% used [0x0000120000200000, 0x0000120000aa0000, 0x0000120000aa0000)
[11.495s][debug][gc,heap        ] GC(228)   from space 1088K,   0% used [0x0000120000bb0000, 0x0000120000bb0000, 0x0000120000cc0000)
[11.495s][debug][gc,heap        ] GC(228)   to   space 1088K,   0% used [0x0000120000aa0000, 0x0000120000aa0000, 0x0000120000bb0000)
[11.496s][debug][gc,heap        ] GC(228)  tenured generation   total 21888K, used 2072K [0x000012000aca0000, 0x000012000c200000, 0x0000120020200000)
[11.496s][debug][gc,heap        ] GC(228)    the space 21888K,   9% used [0x000012000aca0000, 0x000012000aea60b0, 0x000012000aea6200, 0x000012000c200000)
[11.496s][debug][gc,heap        ] GC(228)  Metaspace       used 369K, committed 512K, reserved 1114112K
[11.496s][debug][gc,heap        ] GC(228)   class space    used 63K, committed 128K, reserved 1048576K
[11.496s][debug][gc,tlab        ] GC(228) TLAB totals: thrds: 2  refills: 101 max: 51 slow allocs: 0 max 0 waste:  0.2% gc: 19064B max: 19064B slow: 2600B max: 1632B
[11.496s][debug][gc,ref         ] GC(228) Skipped SoftWeakFinalRefsPhase of Reference Processing: no references
[11.496s][debug][gc,ref         ] GC(228) Skipped KeepAliveFinalRefsPhase of Reference Processing: no references
[11.496s][debug][gc,ref         ] GC(228) Skipped PhantomRefsPhase of Reference Processing: no references
[11.496s][debug][gc,phases,ref  ] GC(228) Reference Processing: 0.0ms
[11.496s][debug][gc,phases,ref  ] GC(228)   Notify Soft/WeakReferences: 0.0ms
[11.496s][debug][gc,phases,ref  ] GC(228)     SoftRef: skipped
[11.496s][debug][gc,phases,ref  ] GC(228)     WeakRef: skipped
[11.496s][debug][gc,phases,ref  ] GC(228)     FinalRef: skipped
[11.496s][debug][gc,phases,ref  ] GC(228)     Total: skipped
[11.496s][debug][gc,phases,ref  ] GC(228)   Notify and keep alive finalizable: 0.0ms
[11.496s][debug][gc,phases,ref  ] GC(228)     FinalRef: skipped
[11.496s][debug][gc,phases,ref  ] GC(228)   Notify PhantomReferences: 0.0ms
[11.496s][debug][gc,phases,ref  ] GC(228)     PhantomRef: skipped
[11.496s][debug][gc,phases,ref  ] GC(228)   SoftReference Discovered: 0, Dropped: 0, Processed: 0
[11.496s][debug][gc,phases,ref  ] GC(228)   WeakReference Discovered: 0, Dropped: 0, Processed: 0
[11.496s][debug][gc,phases,ref  ] GC(228)   FinalReference Discovered: 0, Dropped: 0, Processed: 0
[11.496s][debug][gc,phases,ref  ] GC(228)   PhantomReference Discovered: 0, Dropped: 0, Processed: 0
[11.496s][debug][gc,age         ] GC(228) Desired survivor size 557056 bytes, new threshold 15 (max threshold 15)
[11.496s][info ][gc,heap        ] GC(228) DefNew: 8832K(9920K)->0K(9920K) Eden: 8832K(8832K)->0K(8832K) From: 0K(1088K)->0K(1088K)
[11.496s][info ][gc,heap        ] GC(228) Tenured: 2072K(21888K)->2072K(21888K)
[11.496s][info ][gc,metaspace   ] GC(228) Metaspace: 369K(512K)->369K(512K) NonClass: 306K(384K)->306K(384K) Class: 63K(128K)->63K(128K)
[11.496s][debug][gc,heap        ] GC(228) Heap after GC invocations=229 (full 7):
[11.496s][debug][gc,heap        ] GC(228)  def new generation   total 9920K, used 0K [0x0000120000200000, 0x0000120000cc0000, 0x000012000aca0000)
[11.496s][debug][gc,heap        ] GC(228)   eden space 8832K,   0% used [0x0000120000200000, 0x0000120000200000, 0x0000120000aa0000)
[11.496s][debug][gc,heap        ] GC(228)   from space 1088K,   0% used [0x0000120000aa0000, 0x0000120000aa0150, 0x0000120000bb0000)
[11.496s][debug][gc,heap        ] GC(228)   to   space 1088K,   0% used [0x0000120000bb0000, 0x0000120000bb0000, 0x0000120000cc0000)
[11.496s][debug][gc,heap        ] GC(228)  tenured generation   total 21888K, used 2072K [0x000012000aca0000, 0x000012000c200000, 0x0000120020200000)
[11.496s][debug][gc,heap        ] GC(228)    the space 21888K,   9% used [0x000012000aca0000, 0x000012000aea60b0, 0x000012000aea6200, 0x000012000c200000)
[11.496s][debug][gc,heap        ] GC(228)  Metaspace       used 369K, committed 512K, reserved 1114112K
[11.496s][debug][gc,heap        ] GC(228)   class space    used 63K, committed 128K, reserved 1048576K
[11.496s][info ][gc             ] GC(228) Pause Young (Allocation Failure) 10M->2M(31M) 0.702ms
[11.496s][info ][gc,cpu         ] GC(228) User=0.00s Sys=0.00s Real=0.00s
[11.496s][info ][safepoint      ] Safepoint "GenCollectForAllocation", Time since last: 53963154 ns, Reaching safepoint: 3523 ns, Cleanup: 4389 ns, At safepoint: 746071 ns, Total: 753983 ns
[11.516s][info ][gc,start       ] GC(229) Pause Full (System.gc())
[11.516s][debug][gc,heap        ] GC(229) Heap before GC invocations=229 (full 7):
[11.516s][debug][gc,heap        ] GC(229)  def new generation   total 9920K, used 3686K [0x0000120000200000, 0x0000120000cc0000, 0x000012000aca0000)
[11.516s][debug][gc,heap        ] GC(229)   eden space 8832K,  41% used [0x0000120000200000, 0x00001200005996e0, 0x0000120000aa0000)
[11.516s][debug][gc,heap        ] GC(229)   from space 1088K,   0% used [0x0000120000aa0000, 0x0000120000aa0150, 0x0000120000bb0000)
[11.516s][debug][gc,heap        ] GC(229)   to   space 1088K,   0% used [0x0000120000bb0000, 0x0000120000bb0000, 0x0000120000cc0000)
[11.516s][debug][gc,heap        ] GC(229)  tenured generation   total 21888K, used 2072K [0x000012000aca0000, 0x000012000c200000, 0x0000120020200000)
[11.516s][debug][gc,heap        ] GC(229)    the space 21888K,   9% used [0x000012000aca0000, 0x000012000aea60b0, 0x000012000aea6200, 0x000012000c200000)
[11.516s][debug][gc,heap        ] GC(229)  Metaspace       used 369K, committed 512K, reserved 1114112K
[11.516s][debug][gc,heap        ] GC(229)   class space    used 63K, committed 128K, reserved 1048576K
[11.516s][debug][gc,tlab        ] GC(229) TLAB totals: thrds: 2  refills: 42 max: 21 slow allocs: 0 max 0 waste:  0.2% gc: 7656B max: 5496B slow: 1008B max: 592B
[11.516s][info ][gc,phases,start] GC(229) Phase 1: Mark live objects
[11.519s][debug][gc,phases,start] GC(229) Reference Processing
[11.519s][debug][gc,ref         ] GC(229) ReferenceProcessor::execute queues: 1, RefProcThreadModel::Single, marks_oops_alive: false
[11.519s][debug][gc,ref         ] GC(229) Skipped KeepAliveFinalRefsPhase of Reference Processing: no references
[11.519s][debug][gc,ref         ] GC(229) ReferenceProcessor::execute queues: 1, RefProcThreadModel::Single, marks_oops_alive: false
[11.519s][debug][gc,phases,ref  ] GC(229) Reference Processing: 0.1ms
[11.519s][debug][gc,phases,ref  ] GC(229)   Notify Soft/WeakReferences: 0.0ms
[11.519s][debug][gc,phases,ref  ] GC(229)     SoftRef: 0.0ms
[11.519s][debug][gc,phases,ref  ] GC(229)     WeakRef: 0.0ms
[11.519s][debug][gc,phases,ref  ] GC(229)     FinalRef: 0.0ms
[11.519s][debug][gc,phases,ref  ] GC(229)     Total: 0.0ms
[11.519s][debug][gc,phases,ref  ] GC(229)   Notify and keep alive finalizable: 0.0ms
[11.519s][debug][gc,phases,ref  ] GC(229)     FinalRef: skipped
[11.519s][debug][gc,phases,ref  ] GC(229)   Notify PhantomReferences: 0.0ms
[11.519s][debug][gc,phases,ref  ] GC(229)     PhantomRef: 0.0ms
[11.519s][debug][gc,phases,ref  ] GC(229)   SoftReference Discovered: 0, Dropped: 0, Processed: 0
[11.519s][debug][gc,phases,ref  ] GC(229)   WeakReference Discovered: 11, Dropped: 11, Processed: 0
[11.519s][debug][gc,phases,ref  ] GC(229)   FinalReference Discovered: 0, Dropped: 0, Processed: 0
[11.519s][debug][gc,phases,ref  ] GC(229)   PhantomReference Discovered: 4, Dropped: 4, Processed: 0
[11.519s][debug][gc,phases      ] GC(229) Reference Processing 0.111ms
[11.519s][debug][gc,phases,start] GC(229) Weak Processing
[11.519s][debug][gc,phases      ] GC(229) Weak Processing 0.014ms
[11.519s][debug][gc,phases,start] GC(229) Class Unloading
[11.519s][debug][gc,phases,start] GC(229) ClassLoaderData
[11.519s][debug][gc,phases      ] GC(229) ClassLoaderData 0.004ms
[11.519s][debug][gc,phases,start] GC(229) Trigger cleanups
[11.519s][debug][gc,phases      ] GC(229) Trigger cleanups 0.003ms
[11.519s][debug][gc,phases,start] GC(229) Purge Unlinked NMethods
[11.519s][debug][gc,phases      ] GC(229) Purge Unlinked NMethods 0.003ms
[11.519s][debug][gc,phases,start] GC(229) Unregister NMethods
[11.519s][debug][gc,phases      ] GC(229) Unregister NMethods 0.003ms
[11.519s][debug][gc,phases,start] GC(229) Free Code Blobs
[11.519s][debug][gc,phases      ] GC(229) Free Code Blobs 0.003ms
[11.519s][debug][gc,phases      ] GC(229) Class Unloading 0.042ms
[11.519s][debug][gc,phases,start] GC(229) Report Object Count
[11.519s][debug][gc,phases      ] GC(229) Report Object Count 0.002ms
[11.519s][info ][gc,phases      ] GC(229) Phase 1: Mark live objects 3.027ms
[11.519s][info ][gc,phases,start] GC(229) Phase 2: Compute new object addresses
[11.520s][info ][gc,phases      ] GC(229) Phase 2: Compute new object addresses 1.010ms
[11.520s][info ][gc,phases,start] GC(229) Phase 3: Adjust pointers
[11.521s][info ][gc,phases      ] GC(229) Phase 3: Adjust pointers 0.598ms
[11.521s][info ][gc,phases,start] GC(229) Phase 4: Move objects
[11.521s][info ][gc,phases      ] GC(229) Phase 4: Move objects 0.004ms
[11.521s][info ][gc,heap        ] GC(229) DefNew: 3686K(9920K)->0K(9920K) Eden: 3685K(8832K)->0K(8832K) From: 0K(1088K)->0K(1088K)
[11.521s][info ][gc,heap        ] GC(229) Tenured: 2072K(21888K)->2071K(21888K)
[11.521s][info ][gc,metaspace   ] GC(229) Metaspace: 369K(512K)->369K(512K) NonClass: 306K(384K)->306K(384K) Class: 63K(128K)->63K(128K)
[11.521s][debug][gc,heap        ] GC(229) Heap after GC invocations=230 (full 8):
[11.521s][debug][gc,heap        ] GC(229)  def new generation   total 9920K, used 0K [0x0000120000200000, 0x0000120000cc0000, 0x000012000aca0000)
[11.521s][debug][gc,heap        ] GC(229)   eden space 8832K,   0% used [0x0000120000200000, 0x0000120000200000, 0x0000120000aa0000)
[11.521s][debug][gc,heap        ] GC(229)   from space 1088K,   0% used [0x0000120000aa0000, 0x0000120000aa0000, 0x0000120000bb0000)
[11.521s][debug][gc,heap        ] GC(229)   to   space 1088K,   0% used [0x0000120000bb0000, 0x0000120000bb0000, 0x0000120000cc0000)
[11.521s][debug][gc,heap        ] GC(229)  tenured generation   total 21888K, used 2071K [0x000012000aca0000, 0x000012000c200000, 0x0000120020200000)
[11.521s][debug][gc,heap        ] GC(229)    the space 21888K,   9% used [0x000012000aca0000, 0x000012000aea5db8, 0x000012000aea5e00, 0x000012000c200000)
[11.521s][debug][gc,heap        ] GC(229)  Metaspace       used 369K, committed 512K, reserved 1114112K
[11.521s][debug][gc,heap        ] GC(229)   class space    used 63K, committed 128K, reserved 1048576K
[11.521s][info ][gc             ] GC(229) Pause Full (System.gc()) 5M->2M(31M) 4.897ms
[11.521s][info ][gc,cpu         ] GC(229) User=0.01s Sys=0.00s Real=0.00s
[11.521s][info ][safepoint      ] Safepoint "GenCollectFull", Time since last: 20054014 ns, Reaching safepoint: 3427 ns, Cleanup: 3587 ns, At safepoint: 4917891 ns, Total: 4924905 ns
[11.580s][info ][gc,start       ] GC(230) Pause Young (Allocation Failure)
[11.580s][debug][gc,heap        ] GC(230) Heap before GC invocations=230 (full 8):
[11.580s][debug][gc,heap        ] GC(230)  def new generation   total 9920K, used 8832K [0x0000120000200000, 0x0000120000cc0000, 0x000012000aca0000)
[11.580s][debug][gc,heap        ] GC(230)   eden space 8832K, 100% used [0x0000120000200000, 0x0000120000aa0000, 0x0000120000aa0000)
[11.580s][debug][gc,heap        ] GC(230)   from space 1088K,   0% used [0x0000120000aa0000, 0x0000120000aa0000, 0x0000120000bb0000)
[11.580s][debug][gc,heap        ] GC(230)   to   space 1088K,   0% used [0x0000120000bb0000, 0x0000120000bb0000, 0x0000120000cc0000)
[11.580s][debug][gc,heap        ] GC(230)  tenured generation   total 21888K, used 2071K [0x000012000aca0000, 0x000012000c200000, 0x0000120020200000)
[11.580s][debug][gc,heap        ] GC(230)    the space 21888K,   9% used [0x000012000aca0000, 0x000012000aea5db8, 0x000012000aea5e00, 0x000012000c200000)
[11.580s][debug][gc,heap        ] GC(230)  Metaspace       used 369K, committed 512K, reserved 1114112K
[11.580s][debug][gc,heap        ] GC(230)   class space    used 63K, committed 128K, reserved 1048576K
[11.580s][debug][gc,tlab        ] GC(230) TLAB totals: thrds: 2  refills: 101 max: 61 slow allocs: 0 max 0 waste:  0.0% gc: 0B max: 0B slow: 2656B max: 1768B
[11.580s][debug][gc,ref         ] GC(230) Skipped SoftWeakFinalRefsPhase of Reference Processing: no references
[11.580s][debug][gc,ref         ] GC(230) Skipped KeepAliveFinalRefsPhase of Reference Processing: no references
[11.580s][debug][gc,ref         ] GC(230) Skipped PhantomRefsPhase of Reference Processing: no references
[11.580s][debug][gc,phases,ref  ] GC(230) Reference Processing: 0.0ms
[11.580s][debug][gc,phases,ref  ] GC(230)   Notify Soft/WeakReferences: 0.0ms
[11.580s][debug][gc,phases,ref  ] GC(230)     SoftRef: skipped
[11.580s][debug][gc,phases,ref  ] GC(230)     WeakRef: skipped
[11.580s][debug][gc,phases,ref  ] GC(230)     FinalRef: skipped
[11.580s][debug][gc,phases,ref  ] GC(230)     Total: skipped
[11.580s][debug][gc,phases,ref  ] GC(230)   Notify and keep alive finalizable: 0.0ms
[11.581s][debug][gc,phases,ref  ] GC(230)     FinalRef: skipped
[11.581s][debug][gc,phases,ref  ] GC(230)   Notify PhantomReferences: 0.0ms
[11.581s][debug][gc,phases,ref  ] GC(230)     PhantomRef: skipped
[11.581s][debug][gc,phases,ref  ] GC(230)   SoftReference Discovered: 0, Dropped: 0, Processed: 0
[11.581s][debug][gc,phases,ref  ] GC(230)   WeakReference Discovered: 0, Dropped: 0, Processed: 0
[11.581s][debug][gc,phases,ref  ] GC(230)   FinalReference Discovered: 0, Dropped: 0, Processed: 0
[11.581s][debug][gc,phases,ref  ] GC(230)   PhantomReference Discovered: 0, Dropped: 0, Processed: 0
[11.581s][debug][gc,age         ] GC(230) Desired survivor size 557056 bytes, new threshold 15 (max threshold 15)
[11.581s][info ][gc,heap        ] GC(230) DefNew: 8832K(9920K)->0K(9920K) Eden: 8832K(8832K)->0K(8832K) From: 0K(1088K)->0K(1088K)
[11.581s][info ][gc,heap        ] GC(230) Tenured: 2071K(21888K)->2071K(21888K)
[11.581s][info ][gc,metaspace   ] GC(230) Metaspace: 369K(512K)->369K(512K) NonClass: 306K(384K)->306K(384K) Class: 63K(128K)->63K(128K)
[11.581s][debug][gc,heap        ] GC(230) Heap after GC invocations=231 (full 8):
[11.581s][debug][gc,heap        ] GC(230)  def new generation   total 9920K, used 0K [0x0000120000200000, 0x0000120000cc0000, 0x000012000aca0000)
[11.581s][debug][gc,heap        ] GC(230)   eden space 8832K,   0% used [0x0000120000200000, 0x0000120000200000, 0x0000120000aa0000)
[11.581s][debug][gc,heap        ] GC(230)   from space 1088K,   0% used [0x0000120000bb0000, 0x0000120000bb00e8, 0x0000120000cc0000)
[11.581s][debug][gc,heap        ] GC(230)   to   space 1088K,   0% used [0x0000120000aa0000, 0x0000120000aa0000, 0x0000120000bb0000)
[11.581s][debug][gc,heap        ] GC(230)  tenured generation   total 21888K, used 2071K [0x000012000aca0000, 0x000012000c200000, 0x0000120020200000)
[11.581s][debug][gc,heap        ] GC(230)    the space 21888K,   9% used [0x000012000aca0000, 0x000012000aea5db8, 0x000012000aea5e00, 0x000012000c200000)
[11.581s][debug][gc,heap        ] GC(230)  Metaspace       used 369K, committed 512K, reserved 1114112K
[11.581s][debug][gc,heap        ] GC(230)   class space    used 63K, committed 128K, reserved 1048576K
[11.581s][info ][gc             ] GC(230) Pause Young (Allocation Failure) 10M->2M(31M) 0.584ms
[11.581s][info ][gc,cpu         ] GC(230) User=0.00s Sys=0.00s Real=0.00s
[11.581s][info ][safepoint      ] Safepoint "GenCollectForAllocation", Time since last: 59014803 ns, Reaching safepoint: 3065 ns, Cleanup: 3512 ns, At safepoint: 621147 ns, Total: 627724 ns
[11.630s][info ][gc,start       ] GC(231) Pause Young (Allocation Failure)
[11.630s][debug][gc,heap        ] GC(231) Heap before GC invocations=231 (full 8):
[11.630s][debug][gc,heap        ] GC(231)  def new generation   total 9920K, used 8832K [0x0000120000200000, 0x0000120000cc0000, 0x000012000aca0000)
[11.630s][debug][gc,heap        ] GC(231)   eden space 8832K, 100% used [0x0000120000200000, 0x0000120000aa0000, 0x0000120000aa0000)
[11.630s][debug][gc,heap        ] GC(231)   from space 1088K,   0% used [0x0000120000bb0000, 0x0000120000bb00e8, 0x0000120000cc0000)
[11.630s][debug][gc,heap        ] GC(231)   to   space 1088K,   0% used [0x0000120000aa0000, 0x0000120000aa0000, 0x0000120000bb0000)
[11.630s][debug][gc,heap        ] GC(231)  tenured generation   total 21888K, used 2071K [0x000012000aca0000, 0x000012000c200000, 0x0000120020200000)
[11.630s][debug][gc,heap        ] GC(231)    the space 21888K,   9% used [0x000012000aca0000, 0x000012000aea5db8, 0x000012000aea5e00, 0x000012000c200000)
[11.630s][debug][gc,heap        ] GC(231)  Metaspace       used 369K, committed 512K, reserved 1114112K
[11.630s][debug][gc,heap        ] GC(231)   class space    used 63K, committed 128K, reserved 1048576K
[11.630s][debug][gc,tlab        ] GC(231) TLAB totals: thrds: 2  refills: 101 max: 54 slow allocs: 0 max 0 waste:  0.1% gc: 7744B max: 7744B slow: 2448B max: 1264B
[11.630s][debug][gc,ref         ] GC(231) Skipped SoftWeakFinalRefsPhase of Reference Processing: no references
[11.630s][debug][gc,ref         ] GC(231) Skipped KeepAliveFinalRefsPhase of Reference Processing: no references
[11.630s][debug][gc,ref         ] GC(231) Skipped PhantomRefsPhase of Reference Processing: no references
[11.630s][debug][gc,phases,ref  ] GC(231) Reference Processing: 0.0ms
[11.630s][debug][gc,phases,ref  ] GC(231)   Notify Soft/WeakReferences: 0.0ms
[11.630s][debug][gc,phases,ref  ] GC(231)     SoftRef: skipped
[11.630s][debug][gc,phases,ref  ] GC(231)     WeakRef: skipped
[11.630s][debug][gc,phases,ref  ] GC(231)     FinalRef: skipped
[11.630s][debug][gc,phases,ref  ] GC(231)     Total: skipped
[11.630s][debug][gc,phases,ref  ] GC(231)   Notify and keep alive finalizable: 0.0ms
[11.630s][debug][gc,phases,ref  ] GC(231)     FinalRef: skipped
[11.630s][debug][gc,phases,ref  ] GC(231)   Notify PhantomReferences: 0.0ms
[11.630s][debug][gc,phases,ref  ] GC(231)     PhantomRef: skipped
[11.630s][debug][gc,phases,ref  ] GC(231)   SoftReference Discovered: 0, Dropped: 0, Processed: 0
[11.630s][debug][gc,phases,ref  ] GC(231)   WeakReference Discovered: 0, Dropped: 0, Processed: 0
[11.630s][debug][gc,phases,ref  ] GC(231)   FinalReference Discovered: 0, Dropped: 0, Processed: 0
[11.630s][debug][gc,phases,ref  ] GC(231)   PhantomReference Discovered: 0, Dropped: 0, Processed: 0
[11.630s][debug][gc,age         ] GC(231) Desired survivor size 557056 bytes, new threshold 15 (max threshold 15)
[11.630s][info ][gc,heap        ] GC(231) DefNew: 8832K(9920K)->0K(9920K) Eden: 8832K(8832K)->0K(8832K) From: 0K(1088K)->0K(1088K)
[11.630s][info ][gc,heap        ] GC(231) Tenured: 2071K(21888K)->2071K(21888K)
[11.630s][info ][gc,metaspace   ] GC(231) Metaspace: 369K(512K)->369K(512K) NonClass: 306K(384K)->306K(384K) Class: 63K(128K)->63K(128K)
[11.631s][debug][gc,heap        ] GC(231) Heap after GC invocations=232 (full 8):
[11.631s][debug][gc,heap        ] GC(231)  def new generation   total 9920K, used 0K [0x0000120000200000, 0x0000120000cc0000, 0x000012000aca0000)
[11.631s][debug][gc,heap        ] GC(231)   eden space 8832K,   0% used [0x0000120000200000, 0x0000120000200000, 0x0000120000aa0000)
[11.631s][debug][gc,heap        ] GC(231)   from space 1088K,   0% used [0x0000120000aa0000, 0x0000120000aa0180, 0x0000120000bb0000)
[11.631s][debug][gc,heap        ] GC(231)   to   space 1088K,   0% used [0x0000120000bb0000, 0x0000120000bb0000, 0x0000120000cc0000)
[11.631s][debug][gc,heap        ] GC(231)  tenured generation   total 21888K, used 2071K [0x000012000aca0000, 0x000012000c200000, 0x0000120020200000)
[11.631s][debug][gc,heap        ] GC(231)    the space 21888K,   9% used [0x000012000aca0000, 0x000012000aea5db8, 0x000012000aea5e00, 0x000012000c200000)
[11.631s][debug][gc,heap        ] GC(231)  Metaspace       used 369K, committed 512K, reserved 1114112K
[11.631s][debug][gc,heap        ] GC(231)   class space    used 63K, committed 128K, reserved 1048576K
[11.631s][info ][gc             ] GC(231) Pause Young (Allocation Failure) 10M->2M(31M) 0.208ms
[11.631s][info ][gc,cpu         ] GC(231) User=0.00s Sys=0.00s Real=0.00s
[11.631s][info ][safepoint      ] Safepoint "GenCollectForAllocation", Time since last: 49532972 ns, Reaching safepoint: 3723 ns, Cleanup: 3622 ns, At safepoint: 229142 ns, Total: 236487 ns
[11.690s][info ][gc,start       ] GC(232) Pause Young (Allocation Failure)
[11.690s][debug][gc,heap        ] GC(232) Heap before GC invocations=232 (full 8):
[11.690s][debug][gc,heap        ] GC(232)  def new generation   total 9920K, used 8832K [0x0000120000200000, 0x0000120000cc0000, 0x000012000aca0000)
[11.690s][debug][gc,heap        ] GC(232)   eden space 8832K, 100% used [0x0000120000200000, 0x0000120000aa0000, 0x0000120000aa0000)
[11.690s][debug][gc,heap        ] GC(232)   from space 1088K,   0% used [0x0000120000aa0000, 0x0000120000aa0180, 0x0000120000bb0000)
[11.690s][debug][gc,heap        ] GC(232)   to   space 1088K,   0% used [0x0000120000bb0000, 0x0000120000bb0000, 0x0000120000cc0000)
[11.690s][debug][gc,heap        ] GC(232)  tenured generation   total 21888K, used 2071K [0x000012000aca0000, 0x000012000c200000, 0x0000120020200000)
[11.690s][debug][gc,heap        ] GC(232)    the space 21888K,   9% used [0x000012000aca0000, 0x000012000aea5db8, 0x000012000aea5e00, 0x000012000c200000)
[11.690s][debug][gc,heap        ] GC(232)  Metaspace       used 369K, committed 512K, reserved 1114112K
[11.690s][debug][gc,heap        ] GC(232)   class space    used 63K, committed 128K, reserved 1048576K
[11.690s][debug][gc,tlab        ] GC(232) TLAB totals: thrds: 2  refills: 100 max: 59 slow allocs: 0 max 0 waste:  0.2% gc: 14816B max: 14816B slow: 2680B max: 1656B
[11.690s][debug][gc,ref         ] GC(232) Skipped SoftWeakFinalRefsPhase of Reference Processing: no references
[11.690s][debug][gc,ref         ] GC(232) Skipped KeepAliveFinalRefsPhase of Reference Processing: no references
[11.690s][debug][gc,ref         ] GC(232) Skipped PhantomRefsPhase of Reference Processing: no references
[11.690s][debug][gc,phases,ref  ] GC(232) Reference Processing: 0.0ms
[11.690s][debug][gc,phases,ref  ] GC(232)   Notify Soft/WeakReferences: 0.0ms
[11.690s][debug][gc,phases,ref  ] GC(232)     SoftRef: skipped
[11.690s][debug][gc,phases,ref  ] GC(232)     WeakRef: skipped
[11.690s][debug][gc,phases,ref  ] GC(232)     FinalRef: skipped
[11.690s][debug][gc,phases,ref  ] GC(232)     Total: skipped
[11.690s][debug][gc,phases,ref  ] GC(232)   Notify and keep alive finalizable: 0.0ms
[11.690s][debug][gc,phases,ref  ] GC(232)     FinalRef: skipped
[11.690s][debug][gc,phases,ref  ] GC(232)   Notify PhantomReferences: 0.0ms
[11.690s][debug][gc,phases,ref  ] GC(232)     PhantomRef: skipped
[11.690s][debug][gc,phases,ref  ] GC(232)   SoftReference Discovered: 0, Dropped: 0, Processed: 0
[11.690s][debug][gc,phases,ref  ] GC(232)   WeakReference Discovered: 0, Dropped: 0, Processed: 0
[11.690s][debug][gc,phases,ref  ] GC(232)   FinalReference Discovered: 0, Dropped: 0, Processed: 0
[11.690s][debug][gc,phases,ref  ] GC(232)   PhantomReference Discovered: 0, Dropped: 0, Processed: 0
[11.690s][debug][gc,age         ] GC(232) Desired survivor size 557056 bytes, new threshold 15 (max threshold 15)
[11.690s][info ][gc,heap        ] GC(232) DefNew: 8832K(9920K)->0K(9920K) Eden: 8832K(8832K)->0K(8832K) From: 0K(1088K)->0K(1088K)
[11.690s][info ][gc,heap        ] GC(232) Tenured: 2071K(21888K)->2071K(21888K)
[11.690s][info ][gc,metaspace   ] GC(232) Metaspace: 369K(512K)->369K(512K) NonClass: 306K(384K)->306K(384K) Class: 63K(128K)->63K(128K)
[11.690s][debug][gc,heap        ] GC(232) Heap after GC invocations=233 (full 8):
[11.690s][debug][gc,heap        ] GC(232)  def new generation   total 9920K, used 0K [0x0000120000200000, 0x0000120000cc0000, 0x000012000aca0000)
[11.690s][debug][gc,heap        ] GC(232)   eden space 8832K,   0% used [0x0000120000200000, 0x0000120000200000, 0x0000120000aa0000)
[11.690s][debug][gc,heap        ] GC(232)   from space 1088K,   0% used [0x0000120000bb0000, 0x0000120000bb0198, 0x0000120000cc0000)
[11.690s][debug][gc,heap        ] GC(232)   to   space 1088K,   0% used [0x0000120000aa0000, 0x0000120000aa0000, 0x0000120000bb0000)
[11.690s][debug][gc,heap        ] GC(232)  tenured generation   total 21888K, used 2071K [0x000012000aca0000, 0x000012000c200000, 0x0000120020200000)
[11.690s][debug][gc,heap        ] GC(232)    the space 21888K,   9% used [0x000012000aca0000, 0x000012000aea5db8, 0x000012000aea5e00, 0x000012000c200000)
[11.690s][debug][gc,heap        ] GC(232)  Metaspace       used 369K, committed 512K, reserved 1114112K
[11.690s][debug][gc,heap        ] GC(232)   class space    used 63K, committed 128K, reserved 1048576K
[11.690s][info ][gc             ] GC(232) Pause Young (Allocation Failure) 10M->2M(31M) 0.485ms
[11.690s][info ][gc,cpu         ] GC(232) User=0.00s Sys=0.00s Real=0.01s
[11.690s][info ][safepoint      ] Safepoint "GenCollectForAllocation", Time since last: 59290143 ns, Reaching safepoint: 76677 ns, Cleanup: 3382 ns, At safepoint: 506946 ns, Total: 587005 ns
[11.740s][info ][gc,start       ] GC(233) Pause Young (Allocation Failure)
[11.740s][debug][gc,heap        ] GC(233) Heap before GC invocations=233 (full 8):
[11.740s][debug][gc,heap        ] GC(233)  def new generation   total 9920K, used 8832K [0x0000120000200000, 0x0000120000cc0000, 0x000012000aca0000)
[11.740s][debug][gc,heap        ] GC(233)   eden space 8832K, 100% used [0x0000120000200000, 0x0000120000aa0000, 0x0000120000aa0000)
[11.740s][debug][gc,heap        ] GC(233)   from space 1088K,   0% used [0x0000120000bb0000, 0x0000120000bb0198, 0x0000120000cc0000)
[11.740s][debug][gc,heap        ] GC(233)   to   space 1088K,   0% used [0x0000120000aa0000, 0x0000120000aa0000, 0x0000120000bb0000)
[11.740s][debug][gc,heap        ] GC(233)  tenured generation   total 21888K, used 2071K [0x000012000aca0000, 0x000012000c200000, 0x0000120020200000)
[11.740s][debug][gc,heap        ] GC(233)    the space 21888K,   9% used [0x000012000aca0000, 0x000012000aea5db8, 0x000012000aea5e00, 0x000012000c200000)
[11.740s][debug][gc,heap        ] GC(233)  Metaspace       used 369K, committed 512K, reserved 1114112K
[11.741s][debug][gc,heap        ] GC(233)   class space    used 63K, committed 128K, reserved 1048576K
[11.741s][debug][gc,tlab        ] GC(233) TLAB totals: thrds: 2  refills: 102 max: 58 slow allocs: 0 max 0 waste:  0.7% gc: 64184B max: 64184B slow: 1744B max: 928B
[11.741s][debug][gc,ref         ] GC(233) Skipped SoftWeakFinalRefsPhase of Reference Processing: no references
[11.741s][debug][gc,ref         ] GC(233) Skipped KeepAliveFinalRefsPhase of Reference Processing: no references
[11.741s][debug][gc,ref         ] GC(233) Skipped PhantomRefsPhase of Reference Processing: no references
[11.741s][debug][gc,phases,ref  ] GC(233) Reference Processing: 0.0ms
[11.741s][debug][gc,phases,ref  ] GC(233)   Notify Soft/WeakReferences: 0.0ms
[11.741s][debug][gc,phases,ref  ] GC(233)     SoftRef: skipped
[11.741s][debug][gc,phases,ref  ] GC(233)     WeakRef: skipped
[11.741s][debug][gc,phases,ref  ] GC(233)     FinalRef: skipped
[11.741s][debug][gc,phases,ref  ] GC(233)     Total: skipped
[11.741s][debug][gc,phases,ref  ] GC(233)   Notify and keep alive finalizable: 0.0ms
[11.741s][debug][gc,phases,ref  ] GC(233)     FinalRef: skipped
[11.741s][debug][gc,phases,ref  ] GC(233)   Notify PhantomReferences: 0.0ms
[11.741s][debug][gc,phases,ref  ] GC(233)     PhantomRef: skipped
[11.741s][debug][gc,phases,ref  ] GC(233)   SoftReference Discovered: 0, Dropped: 0, Processed: 0
[11.741s][debug][gc,phases,ref  ] GC(233)   WeakReference Discovered: 0, Dropped: 0, Processed: 0
[11.741s][debug][gc,phases,ref  ] GC(233)   FinalReference Discovered: 0, Dropped: 0, Processed: 0
[11.741s][debug][gc,phases,ref  ] GC(233)   PhantomReference Discovered: 0, Dropped: 0, Processed: 0
[11.741s][debug][gc,age         ] GC(233) Desired survivor size 557056 bytes, new threshold 15 (max threshold 15)
[11.741s][info ][gc,heap        ] GC(233) DefNew: 8832K(9920K)->0K(9920K) Eden: 8832K(8832K)->0K(8832K) From: 0K(1088K)->0K(1088K)
[11.741s][info ][gc,heap        ] GC(233) Tenured: 2071K(21888K)->2071K(21888K)
[11.741s][info ][gc,metaspace   ] GC(233) Metaspace: 369K(512K)->369K(512K) NonClass: 306K(384K)->306K(384K) Class: 63K(128K)->63K(128K)
[11.741s][debug][gc,heap        ] GC(233) Heap after GC invocations=234 (full 8):
[11.741s][debug][gc,heap        ] GC(233)  def new generation   total 9920K, used 0K [0x0000120000200000, 0x0000120000cc0000, 0x000012000aca0000)
[11.741s][debug][gc,heap        ] GC(233)   eden space 8832K,   0% used [0x0000120000200000, 0x0000120000200000, 0x0000120000aa0000)
[11.741s][debug][gc,heap        ] GC(233)   from space 1088K,   0% used [0x0000120000aa0000, 0x0000120000aa0138, 0x0000120000bb0000)
[11.741s][debug][gc,heap        ] GC(233)   to   space 1088K,   0% used [0x0000120000bb0000, 0x0000120000bb0000, 0x0000120000cc0000)
[11.741s][debug][gc,heap        ] GC(233)  tenured generation   total 21888K, used 2071K [0x000012000aca0000, 0x000012000c200000, 0x0000120020200000)
[11.741s][debug][gc,heap        ] GC(233)    the space 21888K,   9% used [0x000012000aca0000, 0x000012000aea5db8, 0x000012000aea5e00, 0x000012000c200000)
[11.741s][debug][gc,heap        ] GC(233)  Metaspace       used 369K, committed 512K, reserved 1114112K
[11.741s][debug][gc,heap        ] GC(233)   class space    used 63K, committed 128K, reserved 1048576K
[11.741s][info ][gc             ] GC(233) Pause Young (Allocation Failure) 10M->2M(31M) 0.625ms
[11.741s][info ][gc,cpu         ] GC(233) User=0.00s Sys=0.00s Real=0.00s
[11.741s][info ][safepoint      ] Safepoint "GenCollectForAllocation", Time since last: 49849761 ns, Reaching safepoint: 76630 ns, Cleanup: 3467 ns, At safepoint: 670390 ns, Total: 750487 ns
[11.788s][info ][gc,start       ] GC(234) Pause Young (Allocation Failure)
[11.788s][debug][gc,heap        ] GC(234) Heap before GC invocations=234 (full 8):
[11.788s][debug][gc,heap        ] GC(234)  def new generation   total 9920K, used 8832K [0x0000120000200000, 0x0000120000cc0000, 0x000012000aca0000)
[11.789s][debug][gc,heap        ] GC(234)   eden space 8832K, 100% used [0x0000120000200000, 0x0000120000aa0000, 0x0000120000aa0000)
[11.789s][debug][gc,heap        ] GC(234)   from space 1088K,   0% used [0x0000120000aa0000, 0x0000120000aa0138, 0x0000120000bb0000)
[11.789s][debug][gc,heap        ] GC(234)   to   space 1088K,   0% used [0x0000120000bb0000, 0x0000120000bb0000, 0x0000120000cc0000)
[11.789s][debug][gc,heap        ] GC(234)  tenured generation   total 21888K, used 2071K [0x000012000aca0000, 0x000012000c200000, 0x0000120020200000)
[11.789s][debug][gc,heap        ] GC(234)    the space 21888K,   9% used [0x000012000aca0000, 0x000012000aea5db8, 0x000012000aea5e00, 0x000012000c200000)
[11.789s][debug][gc,heap        ] GC(234)  Metaspace       used 369K, committed 512K, reserved 1114112K
[11.789s][debug][gc,heap        ] GC(234)   class space    used 63K, committed 128K, reserved 1048576K
[11.789s][debug][gc,tlab        ] GC(234) TLAB totals: thrds: 2  refills: 101 max: 53 slow allocs: 0 max 0 waste:  0.4% gc: 35400B max: 35400B slow: 1824B max: 976B
[11.789s][debug][gc,ref         ] GC(234) Skipped SoftWeakFinalRefsPhase of Reference Processing: no references
[11.789s][debug][gc,ref         ] GC(234) Skipped KeepAliveFinalRefsPhase of Reference Processing: no references
[11.789s][debug][gc,ref         ] GC(234) Skipped PhantomRefsPhase of Reference Processing: no references
[11.789s][debug][gc,phases,ref  ] GC(234) Reference Processing: 0.0ms
[11.789s][debug][gc,phases,ref  ] GC(234)   Notify Soft/WeakReferences: 0.0ms
[11.789s][debug][gc,phases,ref  ] GC(234)     SoftRef: skipped
[11.789s][debug][gc,phases,ref  ] GC(234)     WeakRef: skipped
[11.789s][debug][gc,phases,ref  ] GC(234)     FinalRef: skipped
[11.789s][debug][gc,phases,ref  ] GC(234)     Total: skipped
[11.789s][debug][gc,phases,ref  ] GC(234)   Notify and keep alive finalizable: 0.0ms
[11.789s][debug][gc,phases,ref  ] GC(234)     FinalRef: skipped
[11.789s][debug][gc,phases,ref  ] GC(234)   Notify PhantomReferences: 0.0ms
[11.789s][debug][gc,phases,ref  ] GC(234)     PhantomRef: skipped
[11.789s][debug][gc,phases,ref  ] GC(234)   SoftReference Discovered: 0, Dropped: 0, Processed: 0
[11.789s][debug][gc,phases,ref  ] GC(234)   WeakReference Discovered: 0, Dropped: 0, Processed: 0
[11.789s][debug][gc,phases,ref  ] GC(234)   FinalReference Discovered: 0, Dropped: 0, Processed: 0
[11.789s][debug][gc,phases,ref  ] GC(234)   PhantomReference Discovered: 0, Dropped: 0, Processed: 0
[11.789s][debug][gc,age         ] GC(234) Desired survivor size 557056 bytes, new threshold 15 (max threshold 15)
[11.789s][info ][gc,heap        ] GC(234) DefNew: 8832K(9920K)->0K(9920K) Eden: 8832K(8832K)->0K(8832K) From: 0K(1088K)->0K(1088K)
[11.789s][info ][gc,heap        ] GC(234) Tenured: 2071K(21888K)->2071K(21888K)
[11.789s][info ][gc,metaspace   ] GC(234) Metaspace: 369K(512K)->369K(512K) NonClass: 306K(384K)->306K(384K) Class: 63K(128K)->63K(128K)
[11.789s][debug][gc,heap        ] GC(234) Heap after GC invocations=235 (full 8):
[11.789s][debug][gc,heap        ] GC(234)  def new generation   total 9920K, used 0K [0x0000120000200000, 0x0000120000cc0000, 0x000012000aca0000)
[11.789s][debug][gc,heap        ] GC(234)   eden space 8832K,   0% used [0x0000120000200000, 0x0000120000200000, 0x0000120000aa0000)
[11.789s][debug][gc,heap        ] GC(234)   from space 1088K,   0% used [0x0000120000bb0000, 0x0000120000bb0190, 0x0000120000cc0000)
[11.789s][debug][gc,heap        ] GC(234)   to   space 1088K,   0% used [0x0000120000aa0000, 0x0000120000aa0000, 0x0000120000bb0000)
[11.789s][debug][gc,heap        ] GC(234)  tenured generation   total 21888K, used 2071K [0x000012000aca0000, 0x000012000c200000, 0x0000120020200000)
[11.789s][debug][gc,heap        ] GC(234)    the space 21888K,   9% used [0x000012000aca0000, 0x000012000aea5db8, 0x000012000aea5e00, 0x000012000c200000)
[11.789s][debug][gc,heap        ] GC(234)  Metaspace       used 369K, committed 512K, reserved 1114112K
[11.789s][debug][gc,heap        ] GC(234)   class space    used 63K, committed 128K, reserved 1048576K
[11.789s][info ][gc             ] GC(234) Pause Young (Allocation Failure) 10M->2M(31M) 0.594ms
[11.789s][info ][gc,cpu         ] GC(234) User=0.00s Sys=0.00s Real=0.00s
[11.789s][info ][safepoint      ] Safepoint "GenCollectForAllocation", Time since last: 47408637 ns, Reaching safepoint: 3387 ns, Cleanup: 3491 ns, At safepoint: 640154 ns, Total: 647032 ns
[11.837s][info ][gc,start       ] GC(235) Pause Young (Allocation Failure)
[11.837s][debug][gc,heap        ] GC(235) Heap before GC invocations=235 (full 8):
[11.837s][debug][gc,heap        ] GC(235)  def new generation   total 9920K, used 8832K [0x0000120000200000, 0x0000120000cc0000, 0x000012000aca0000)
[11.837s][debug][gc,heap        ] GC(235)   eden space 8832K, 100% used [0x0000120000200000, 0x0000120000aa0000, 0x0000120000aa0000)
[11.837s][debug][gc,heap        ] GC(235)   from space 1088K,   0% used [0x0000120000bb0000, 0x0000120000bb0190, 0x0000120000cc0000)
[11.837s][debug][gc,heap        ] GC(235)   to   space 1088K,   0% used [0x0000120000aa0000, 0x0000120000aa0000, 0x0000120000bb0000)
[11.837s][debug][gc,heap        ] GC(235)  tenured generation   total 21888K, used 2071K [0x000012000aca0000, 0x000012000c200000, 0x0000120020200000)
[11.837s][debug][gc,heap        ] GC(235)    the space 21888K,   9% used [0x000012000aca0000, 0x000012000aea5db8, 0x000012000aea5e00, 0x000012000c200000)
[11.837s][debug][gc,heap        ] GC(235)  Metaspace       used 369K, committed 512K, reserved 1114112K
[11.837s][debug][gc,heap        ] GC(235)   class space    used 63K, committed 128K, reserved 1048576K
[11.837s][debug][gc,tlab        ] GC(235) TLAB totals: thrds: 2  refills: 101 max: 52 slow allocs: 0 max 0 waste:  0.6% gc: 48848B max: 48848B slow: 2176B max: 1096B
[11.837s][debug][gc,ref         ] GC(235) Skipped SoftWeakFinalRefsPhase of Reference Processing: no references
[11.837s][debug][gc,ref         ] GC(235) Skipped KeepAliveFinalRefsPhase of Reference Processing: no references
[11.837s][debug][gc,ref         ] GC(235) Skipped PhantomRefsPhase of Reference Processing: no references
[11.837s][debug][gc,phases,ref  ] GC(235) Reference Processing: 0.0ms
[11.837s][debug][gc,phases,ref  ] GC(235)   Notify Soft/WeakReferences: 0.0ms
[11.837s][debug][gc,phases,ref  ] GC(235)     SoftRef: skipped
[11.837s][debug][gc,phases,ref  ] GC(235)     WeakRef: skipped
[11.837s][debug][gc,phases,ref  ] GC(235)     FinalRef: skipped
[11.837s][debug][gc,phases,ref  ] GC(235)     Total: skipped
[11.837s][debug][gc,phases,ref  ] GC(235)   Notify and keep alive finalizable: 0.0ms
[11.837s][debug][gc,phases,ref  ] GC(235)     FinalRef: skipped
[11.837s][debug][gc,phases,ref  ] GC(235)   Notify PhantomReferences: 0.0ms
[11.837s][debug][gc,phases,ref  ] GC(235)     PhantomRef: skipped
[11.837s][debug][gc,phases,ref  ] GC(235)   SoftReference Discovered: 0, Dropped: 0, Processed: 0
[11.837s][debug][gc,phases,ref  ] GC(235)   WeakReference Discovered: 0, Dropped: 0, Processed: 0
[11.837s][debug][gc,phases,ref  ] GC(235)   FinalReference Discovered: 0, Dropped: 0, Processed: 0
[11.837s][debug][gc,phases,ref  ] GC(235)   PhantomReference Discovered: 0, Dropped: 0, Processed: 0
[11.837s][debug][gc,age         ] GC(235) Desired survivor size 557056 bytes, new threshold 15 (max threshold 15)
[11.837s][info ][gc,heap        ] GC(235) DefNew: 8832K(9920K)->0K(9920K) Eden: 8832K(8832K)->0K(8832K) From: 0K(1088K)->0K(1088K)
[11.837s][info ][gc,heap        ] GC(235) Tenured: 2071K(21888K)->2071K(21888K)
[11.837s][info ][gc,metaspace   ] GC(235) Metaspace: 369K(512K)->369K(512K) NonClass: 306K(384K)->306K(384K) Class: 63K(128K)->63K(128K)
[11.837s][debug][gc,heap        ] GC(235) Heap after GC invocations=236 (full 8):
[11.837s][debug][gc,heap        ] GC(235)  def new generation   total 9920K, used 0K [0x0000120000200000, 0x0000120000cc0000, 0x000012000aca0000)
[11.837s][debug][gc,heap        ] GC(235)   eden space 8832K,   0% used [0x0000120000200000, 0x0000120000200000, 0x0000120000aa0000)
[11.837s][debug][gc,heap        ] GC(235)   from space 1088K,   0% used [0x0000120000aa0000, 0x0000120000aa0160, 0x0000120000bb0000)
[11.837s][debug][gc,heap        ] GC(235)   to   space 1088K,   0% used [0x0000120000bb0000, 0x0000120000bb0000, 0x0000120000cc0000)
[11.837s][debug][gc,heap        ] GC(235)  tenured generation   total 21888K, used 2071K [0x000012000aca0000, 0x000012000c200000, 0x0000120020200000)
[11.837s][debug][gc,heap        ] GC(235)    the space 21888K,   9% used [0x000012000aca0000, 0x000012000aea5db8, 0x000012000aea5e00, 0x000012000c200000)
[11.837s][debug][gc,heap        ] GC(235)  Metaspace       used 369K, committed 512K, reserved 1114112K
[11.837s][debug][gc,heap        ] GC(235)   class space    used 63K, committed 128K, reserved 1048576K
[11.837s][info ][gc             ] GC(235) Pause Young (Allocation Failure) 10M->2M(31M) 0.580ms
[11.837s][info ][gc,cpu         ] GC(235) User=0.00s Sys=0.00s Real=0.00s
[11.837s][info ][safepoint      ] Safepoint "GenCollectForAllocation", Time since last: 47736815 ns, Reaching safepoint: 3474 ns, Cleanup: 3688 ns, At safepoint: 626259 ns, Total: 633421 ns
[11.885s][info ][gc,start       ] GC(236) Pause Young (Allocation Failure)
[11.886s][debug][gc,heap        ] GC(236) Heap before GC invocations=236 (full 8):
[11.886s][debug][gc,heap        ] GC(236)  def new generation   total 9920K, used 8832K [0x0000120000200000, 0x0000120000cc0000, 0x000012000aca0000)
[11.886s][debug][gc,heap        ] GC(236)   eden space 8832K, 100% used [0x0000120000200000, 0x0000120000aa0000, 0x0000120000aa0000)
[11.886s][debug][gc,heap        ] GC(236)   from space 1088K,   0% used [0x0000120000aa0000, 0x0000120000aa0160, 0x0000120000bb0000)
[11.886s][debug][gc,heap        ] GC(236)   to   space 1088K,   0% used [0x0000120000bb0000, 0x0000120000bb0000, 0x0000120000cc0000)
[11.886s][debug][gc,heap        ] GC(236)  tenured generation   total 21888K, used 2071K [0x000012000aca0000, 0x000012000c200000, 0x0000120020200000)
[11.886s][debug][gc,heap        ] GC(236)    the space 21888K,   9% used [0x000012000aca0000, 0x000012000aea5db8, 0x000012000aea5e00, 0x000012000c200000)
[11.886s][debug][gc,heap        ] GC(236)  Metaspace       used 369K, committed 512K, reserved 1114112K
[11.886s][debug][gc,heap        ] GC(236)   class space    used 63K, committed 128K, reserved 1048576K
[11.886s][debug][gc,tlab        ] GC(236) TLAB totals: thrds: 2  refills: 101 max: 51 slow allocs: 0 max 0 waste:  0.4% gc: 32480B max: 32480B slow: 2880B max: 1520B
[11.886s][debug][gc,ref         ] GC(236) Skipped SoftWeakFinalRefsPhase of Reference Processing: no references
[11.886s][debug][gc,ref         ] GC(236) Skipped KeepAliveFinalRefsPhase of Reference Processing: no references
[11.886s][debug][gc,ref         ] GC(236) Skipped PhantomRefsPhase of Reference Processing: no references
[11.886s][debug][gc,phases,ref  ] GC(236) Reference Processing: 0.0ms
[11.886s][debug][gc,phases,ref  ] GC(236)   Notify Soft/WeakReferences: 0.0ms
[11.886s][debug][gc,phases,ref  ] GC(236)     SoftRef: skipped
[11.886s][debug][gc,phases,ref  ] GC(236)     WeakRef: skipped
[11.886s][debug][gc,phases,ref  ] GC(236)     FinalRef: skipped
[11.886s][debug][gc,phases,ref  ] GC(236)     Total: skipped
[11.886s][debug][gc,phases,ref  ] GC(236)   Notify and keep alive finalizable: 0.0ms
[11.886s][debug][gc,phases,ref  ] GC(236)     FinalRef: skipped
[11.886s][debug][gc,phases,ref  ] GC(236)   Notify PhantomReferences: 0.0ms
[11.886s][debug][gc,phases,ref  ] GC(236)     PhantomRef: skipped
[11.886s][debug][gc,phases,ref  ] GC(236)   SoftReference Discovered: 0, Dropped: 0, Processed: 0
[11.886s][debug][gc,phases,ref  ] GC(236)   WeakReference Discovered: 0, Dropped: 0, Processed: 0
[11.886s][debug][gc,phases,ref  ] GC(236)   FinalReference Discovered: 0, Dropped: 0, Processed: 0
[11.886s][debug][gc,phases,ref  ] GC(236)   PhantomReference Discovered: 0, Dropped: 0, Processed: 0
[11.886s][debug][gc,age         ] GC(236) Desired survivor size 557056 bytes, new threshold 15 (max threshold 15)
[11.886s][info ][gc,heap        ] GC(236) DefNew: 8832K(9920K)->0K(9920K) Eden: 8832K(8832K)->0K(8832K) From: 0K(1088K)->0K(1088K)
[11.886s][info ][gc,heap        ] GC(236) Tenured: 2071K(21888K)->2071K(21888K)
[11.886s][info ][gc,metaspace   ] GC(236) Metaspace: 369K(512K)->369K(512K) NonClass: 306K(384K)->306K(384K) Class: 63K(128K)->63K(128K)
[11.886s][debug][gc,heap        ] GC(236) Heap after GC invocations=237 (full 8):
[11.886s][debug][gc,heap        ] GC(236)  def new generation   total 9920K, used 0K [0x0000120000200000, 0x0000120000cc0000, 0x000012000aca0000)
[11.886s][debug][gc,heap        ] GC(236)   eden space 8832K,   0% used [0x0000120000200000, 0x0000120000200000, 0x0000120000aa0000)
[11.886s][debug][gc,heap        ] GC(236)   from space 1088K,   0% used [0x0000120000bb0000, 0x0000120000bb00d0, 0x0000120000cc0000)
[11.886s][debug][gc,heap        ] GC(236)   to   space 1088K,   0% used [0x0000120000aa0000, 0x0000120000aa0000, 0x0000120000bb0000)
[11.886s][debug][gc,heap        ] GC(236)  tenured generation   total 21888K, used 2071K [0x000012000aca0000, 0x000012000c200000, 0x0000120020200000)
[11.886s][debug][gc,heap        ] GC(236)    the space 21888K,   9% used [0x000012000aca0000, 0x000012000aea5db8, 0x000012000aea5e00, 0x000012000c200000)
[11.886s][debug][gc,heap        ] GC(236)  Metaspace       used 369K, committed 512K, reserved 1114112K
[11.886s][debug][gc,heap        ] GC(236)   class space    used 63K, committed 128K, reserved 1048576K
[11.886s][info ][gc             ] GC(236) Pause Young (Allocation Failure) 10M->2M(31M) 0.608ms
[11.886s][info ][gc,cpu         ] GC(236) User=0.00s Sys=0.00s Real=0.00s
[11.886s][info ][safepoint      ] Safepoint "GenCollectForAllocation", Time since last: 48024545 ns, Reaching safepoint: 3637 ns, Cleanup: 3592 ns, At safepoint: 654529 ns, Total: 661758 ns
[11.934s][info ][gc,start       ] GC(237) Pause Young (Allocation Failure)
[11.934s][debug][gc,heap        ] GC(237) Heap before GC invocations=237 (full 8):
[11.934s][debug][gc,heap        ] GC(237)  def new generation   total 9920K, used 8832K [0x0000120000200000, 0x0000120000cc0000, 0x000012000aca0000)
[11.934s][debug][gc,heap        ] GC(237)   eden space 8832K, 100% used [0x0000120000200000, 0x0000120000aa0000, 0x0000120000aa0000)
[11.934s][debug][gc,heap        ] GC(237)   from space 1088K,   0% used [0x0000120000bb0000, 0x0000120000bb00d0, 0x0000120000cc0000)
[11.934s][debug][gc,heap        ] GC(237)   to   space 1088K,   0% used [0x0000120000aa0000, 0x0000120000aa0000, 0x0000120000bb0000)
[11.934s][debug][gc,heap        ] GC(237)  tenured generation   total 21888K, used 2071K [0x000012000aca0000, 0x000012000c200000, 0x0000120020200000)
[11.934s][debug][gc,heap        ] GC(237)    the space 21888K,   9% used [0x000012000aca0000, 0x000012000aea5db8, 0x000012000aea5e00, 0x000012000c200000)
[11.934s][debug][gc,heap        ] GC(237)  Metaspace       used 369K, committed 512K, reserved 1114112K
[11.934s][debug][gc,heap        ] GC(237)   class space    used 63K, committed 128K, reserved 1048576K
[11.934s][debug][gc,tlab        ] GC(237) TLAB totals: thrds: 2  refills: 101 max: 51 slow allocs: 0 max 0 waste:  0.2% gc: 13288B max: 13288B slow: 2464B max: 1520B
[11.935s][debug][gc,ref         ] GC(237) Skipped SoftWeakFinalRefsPhase of Reference Processing: no references
[11.935s][debug][gc,ref         ] GC(237) Skipped KeepAliveFinalRefsPhase of Reference Processing: no references
[11.935s][debug][gc,ref         ] GC(237) Skipped PhantomRefsPhase of Reference Processing: no references
[11.935s][debug][gc,phases,ref  ] GC(237) Reference Processing: 0.0ms
[11.935s][debug][gc,phases,ref  ] GC(237)   Notify Soft/WeakReferences: 0.0ms
[11.935s][debug][gc,phases,ref  ] GC(237)     SoftRef: skipped
[11.935s][debug][gc,phases,ref  ] GC(237)     WeakRef: skipped
[11.935s][debug][gc,phases,ref  ] GC(237)     FinalRef: skipped
[11.935s][debug][gc,phases,ref  ] GC(237)     Total: skipped
[11.935s][debug][gc,phases,ref  ] GC(237)   Notify and keep alive finalizable: 0.0ms
[11.935s][debug][gc,phases,ref  ] GC(237)     FinalRef: skipped
[11.935s][debug][gc,phases,ref  ] GC(237)   Notify PhantomReferences: 0.0ms
[11.935s][debug][gc,phases,ref  ] GC(237)     PhantomRef: skipped
[11.935s][debug][gc,phases,ref  ] GC(237)   SoftReference Discovered: 0, Dropped: 0, Processed: 0
[11.935s][debug][gc,phases,ref  ] GC(237)   WeakReference Discovered: 0, Dropped: 0, Processed: 0
[11.935s][debug][gc,phases,ref  ] GC(237)   FinalReference Discovered: 0, Dropped: 0, Processed: 0
[11.935s][debug][gc,phases,ref  ] GC(237)   PhantomReference Discovered: 0, Dropped: 0, Processed: 0
[11.935s][debug][gc,age         ] GC(237) Desired survivor size 557056 bytes, new threshold 15 (max threshold 15)
[11.935s][info ][gc,heap        ] GC(237) DefNew: 8832K(9920K)->0K(9920K) Eden: 8832K(8832K)->0K(8832K) From: 0K(1088K)->0K(1088K)
[11.935s][info ][gc,heap        ] GC(237) Tenured: 2071K(21888K)->2071K(21888K)
[11.935s][info ][gc,metaspace   ] GC(237) Metaspace: 369K(512K)->369K(512K) NonClass: 306K(384K)->306K(384K) Class: 63K(128K)->63K(128K)
[11.935s][debug][gc,heap        ] GC(237) Heap after GC invocations=238 (full 8):
[11.935s][debug][gc,heap        ] GC(237)  def new generation   total 9920K, used 0K [0x0000120000200000, 0x0000120000cc0000, 0x000012000aca0000)
[11.935s][debug][gc,heap        ] GC(237)   eden space 8832K,   0% used [0x0000120000200000, 0x0000120000200000, 0x0000120000aa0000)
[11.935s][debug][gc,heap        ] GC(237)   from space 1088K,   0% used [0x0000120000aa0000, 0x0000120000aa0110, 0x0000120000bb0000)
[11.935s][debug][gc,heap        ] GC(237)   to   space 1088K,   0% used [0x0000120000bb0000, 0x0000120000bb0000, 0x0000120000cc0000)
[11.935s][debug][gc,heap        ] GC(237)  tenured generation   total 21888K, used 2071K [0x000012000aca0000, 0x000012000c200000, 0x0000120020200000)
[11.935s][debug][gc,heap        ] GC(237)    the space 21888K,   9% used [0x000012000aca0000, 0x000012000aea5db8, 0x000012000aea5e00, 0x000012000c200000)
[11.935s][debug][gc,heap        ] GC(237)  Metaspace       used 369K, committed 512K, reserved 1114112K
[11.935s][debug][gc,heap        ] GC(237)   class space    used 63K, committed 128K, reserved 1048576K
[11.935s][info ][gc             ] GC(237) Pause Young (Allocation Failure) 10M->2M(31M) 0.626ms
[11.935s][info ][gc,cpu         ] GC(237) User=0.00s Sys=0.00s Real=0.00s
[11.935s][info ][safepoint      ] Safepoint "GenCollectForAllocation", Time since last: 48170946 ns, Reaching safepoint: 3196 ns, Cleanup: 3046 ns, At safepoint: 671868 ns, Total: 678110 ns
[11.983s][info ][gc,start       ] GC(238) Pause Young (Allocation Failure)
[11.983s][debug][gc,heap        ] GC(238) Heap before GC invocations=238 (full 8):
[11.983s][debug][gc,heap        ] GC(238)  def new generation   total 9920K, used 8832K [0x0000120000200000, 0x0000120000cc0000, 0x000012000aca0000)
[11.983s][debug][gc,heap        ] GC(238)   eden space 8832K, 100% used [0x0000120000200000, 0x0000120000aa0000, 0x0000120000aa0000)
[11.983s][debug][gc,heap        ] GC(238)   from space 1088K,   0% used [0x0000120000aa0000, 0x0000120000aa0110, 0x0000120000bb0000)
[11.983s][debug][gc,heap        ] GC(238)   to   space 1088K,   0% used [0x0000120000bb0000, 0x0000120000bb0000, 0x0000120000cc0000)
[11.983s][debug][gc,heap        ] GC(238)  tenured generation   total 21888K, used 2071K [0x000012000aca0000, 0x000012000c200000, 0x0000120020200000)
[11.983s][debug][gc,heap        ] GC(238)    the space 21888K,   9% used [0x000012000aca0000, 0x000012000aea5db8, 0x000012000aea5e00, 0x000012000c200000)
[11.983s][debug][gc,heap        ] GC(238)  Metaspace       used 369K, committed 512K, reserved 1114112K
[11.983s][debug][gc,heap        ] GC(238)   class space    used 63K, committed 128K, reserved 1048576K
[11.983s][debug][gc,tlab        ] GC(238) TLAB totals: thrds: 2  refills: 101 max: 51 slow allocs: 0 max 0 waste:  0.2% gc: 12528B max: 12528B slow: 2728B max: 1696B
[11.983s][debug][gc,ref         ] GC(238) Skipped SoftWeakFinalRefsPhase of Reference Processing: no references
[11.984s][debug][gc,ref         ] GC(238) Skipped KeepAliveFinalRefsPhase of Reference Processing: no references
[11.984s][debug][gc,ref         ] GC(238) Skipped PhantomRefsPhase of Reference Processing: no references
[11.984s][debug][gc,phases,ref  ] GC(238) Reference Processing: 0.0ms
[11.984s][debug][gc,phases,ref  ] GC(238)   Notify Soft/WeakReferences: 0.0ms
[11.984s][debug][gc,phases,ref  ] GC(238)     SoftRef: skipped
[11.984s][debug][gc,phases,ref  ] GC(238)     WeakRef: skipped
[11.984s][debug][gc,phases,ref  ] GC(238)     FinalRef: skipped
[11.984s][debug][gc,phases,ref  ] GC(238)     Total: skipped
[11.984s][debug][gc,phases,ref  ] GC(238)   Notify and keep alive finalizable: 0.0ms
[11.984s][debug][gc,phases,ref  ] GC(238)     FinalRef: skipped
[11.984s][debug][gc,phases,ref  ] GC(238)   Notify PhantomReferences: 0.0ms
[11.984s][debug][gc,phases,ref  ] GC(238)     PhantomRef: skipped
[11.984s][debug][gc,phases,ref  ] GC(238)   SoftReference Discovered: 0, Dropped: 0, Processed: 0
[11.984s][debug][gc,phases,ref  ] GC(238)   WeakReference Discovered: 0, Dropped: 0, Processed: 0
[11.984s][debug][gc,phases,ref  ] GC(238)   FinalReference Discovered: 0, Dropped: 0, Processed: 0
[11.984s][debug][gc,phases,ref  ] GC(238)   PhantomReference Discovered: 0, Dropped: 0, Processed: 0
[11.984s][debug][gc,age         ] GC(238) Desired survivor size 557056 bytes, new threshold 15 (max threshold 15)
[11.984s][info ][gc,heap        ] GC(238) DefNew: 8832K(9920K)->0K(9920K) Eden: 8832K(8832K)->0K(8832K) From: 0K(1088K)->0K(1088K)
[11.984s][info ][gc,heap        ] GC(238) Tenured: 2071K(21888K)->2071K(21888K)
[11.984s][info ][gc,metaspace   ] GC(238) Metaspace: 369K(512K)->369K(512K) NonClass: 306K(384K)->306K(384K) Class: 63K(128K)->63K(128K)
[11.984s][debug][gc,heap        ] GC(238) Heap after GC invocations=239 (full 8):
[11.984s][debug][gc,heap        ] GC(238)  def new generation   total 9920K, used 0K [0x0000120000200000, 0x0000120000cc0000, 0x000012000aca0000)
[11.984s][debug][gc,heap        ] GC(238)   eden space 8832K,   0% used [0x0000120000200000, 0x0000120000200000, 0x0000120000aa0000)
[11.984s][debug][gc,heap        ] GC(238)   from space 1088K,   0% used [0x0000120000bb0000, 0x0000120000bb00d0, 0x0000120000cc0000)
[11.984s][debug][gc,heap        ] GC(238)   to   space 1088K,   0% used [0x0000120000aa0000, 0x0000120000aa0000, 0x0000120000bb0000)
[11.984s][debug][gc,heap        ] GC(238)  tenured generation   total 21888K, used 2071K [0x000012000aca0000, 0x000012000c200000, 0x0000120020200000)
[11.984s][debug][gc,heap        ] GC(238)    the space 21888K,   9% used [0x000012000aca0000, 0x000012000aea5db8, 0x000012000aea5e00, 0x000012000c200000)
[11.984s][debug][gc,heap        ] GC(238)  Metaspace       used 369K, committed 512K, reserved 1114112K
[11.984s][debug][gc,heap        ] GC(238)   class space    used 63K, committed 128K, reserved 1048576K
[11.984s][info ][gc             ] GC(238) Pause Young (Allocation Failure) 10M->2M(31M) 0.698ms
[11.984s][info ][gc,cpu         ] GC(238) User=0.00s Sys=0.00s Real=0.00s
[11.984s][info ][safepoint      ] Safepoint "GenCollectForAllocation", Time since last: 48136143 ns, Reaching safepoint: 3444 ns, Cleanup: 3634 ns, At safepoint: 743854 ns, Total: 750932 ns
[12.034s][info ][gc,start       ] GC(239) Pause Young (Allocation Failure)
[12.034s][debug][gc,heap        ] GC(239) Heap before GC invocations=239 (full 8):
[12.034s][debug][gc,heap        ] GC(239)  def new generation   total 9920K, used 8832K [0x0000120000200000, 0x0000120000cc0000, 0x000012000aca0000)
[12.034s][debug][gc,heap        ] GC(239)   eden space 8832K, 100% used [0x0000120000200000, 0x0000120000aa0000, 0x0000120000aa0000)
[12.034s][debug][gc,heap        ] GC(239)   from space 1088K,   0% used [0x0000120000bb0000, 0x0000120000bb00d0, 0x0000120000cc0000)
[12.034s][debug][gc,heap        ] GC(239)   to   space 1088K,   0% used [0x0000120000aa0000, 0x0000120000aa0000, 0x0000120000bb0000)
[12.034s][debug][gc,heap        ] GC(239)  tenured generation   total 21888K, used 2071K [0x000012000aca0000, 0x000012000c200000, 0x0000120020200000)
[12.034s][debug][gc,heap        ] GC(239)    the space 21888K,   9% used [0x000012000aca0000, 0x000012000aea5db8, 0x000012000aea5e00, 0x000012000c200000)
[12.034s][debug][gc,heap        ] GC(239)  Metaspace       used 369K, committed 512K, reserved 1114112K
[12.034s][debug][gc,heap        ] GC(239)   class space    used 63K, committed 128K, reserved 1048576K
[12.034s][debug][gc,tlab        ] GC(239) TLAB totals: thrds: 2  refills: 101 max: 52 slow allocs: 0 max 0 waste:  0.1% gc: 3960B max: 3960B slow: 3072B max: 1792B
[12.034s][debug][gc,ref         ] GC(239) Skipped SoftWeakFinalRefsPhase of Reference Processing: no references
[12.034s][debug][gc,ref         ] GC(239) Skipped KeepAliveFinalRefsPhase of Reference Processing: no references
[12.034s][debug][gc,ref         ] GC(239) Skipped PhantomRefsPhase of Reference Processing: no references
[12.034s][debug][gc,phases,ref  ] GC(239) Reference Processing: 0.0ms
[12.034s][debug][gc,phases,ref  ] GC(239)   Notify Soft/WeakReferences: 0.0ms
[12.034s][debug][gc,phases,ref  ] GC(239)     SoftRef: skipped
[12.034s][debug][gc,phases,ref  ] GC(239)     WeakRef: skipped
[12.034s][debug][gc,phases,ref  ] GC(239)     FinalRef: skipped
[12.034s][debug][gc,phases,ref  ] GC(239)     Total: skipped
[12.034s][debug][gc,phases,ref  ] GC(239)   Notify and keep alive finalizable: 0.0ms
[12.034s][debug][gc,phases,ref  ] GC(239)     FinalRef: skipped
[12.034s][debug][gc,phases,ref  ] GC(239)   Notify PhantomReferences: 0.0ms
[12.034s][debug][gc,phases,ref  ] GC(239)     PhantomRef: skipped
[12.034s][debug][gc,phases,ref  ] GC(239)   SoftReference Discovered: 0, Dropped: 0, Processed: 0
[12.034s][debug][gc,phases,ref  ] GC(239)   WeakReference Discovered: 0, Dropped: 0, Processed: 0
[12.034s][debug][gc,phases,ref  ] GC(239)   FinalReference Discovered: 0, Dropped: 0, Processed: 0
[12.034s][debug][gc,phases,ref  ] GC(239)   PhantomReference Discovered: 0, Dropped: 0, Processed: 0
[12.034s][debug][gc,age         ] GC(239) Desired survivor size 557056 bytes, new threshold 15 (max threshold 15)
[12.034s][info ][gc,heap        ] GC(239) DefNew: 8832K(9920K)->0K(9920K) Eden: 8832K(8832K)->0K(8832K) From: 0K(1088K)->0K(1088K)
[12.034s][info ][gc,heap        ] GC(239) Tenured: 2071K(21888K)->2071K(21888K)
[12.034s][info ][gc,metaspace   ] GC(239) Metaspace: 369K(512K)->369K(512K) NonClass: 306K(384K)->306K(384K) Class: 63K(128K)->63K(128K)
[12.034s][debug][gc,heap        ] GC(239) Heap after GC invocations=240 (full 8):
[12.034s][debug][gc,heap        ] GC(239)  def new generation   total 9920K, used 0K [0x0000120000200000, 0x0000120000cc0000, 0x000012000aca0000)
[12.034s][debug][gc,heap        ] GC(239)   eden space 8832K,   0% used [0x0000120000200000, 0x0000120000200000, 0x0000120000aa0000)
[12.034s][debug][gc,heap        ] GC(239)   from space 1088K,   0% used [0x0000120000aa0000, 0x0000120000aa0148, 0x0000120000bb0000)
[12.034s][debug][gc,heap        ] GC(239)   to   space 1088K,   0% used [0x0000120000bb0000, 0x0000120000bb0000, 0x0000120000cc0000)
[12.034s][debug][gc,heap        ] GC(239)  tenured generation   total 21888K, used 2071K [0x000012000aca0000, 0x000012000c200000, 0x0000120020200000)
[12.034s][debug][gc,heap        ] GC(239)    the space 21888K,   9% used [0x000012000aca0000, 0x000012000aea5db8, 0x000012000aea5e00, 0x000012000c200000)
[12.034s][debug][gc,heap        ] GC(239)  Metaspace       used 369K, committed 512K, reserved 1114112K
[12.034s][debug][gc,heap        ] GC(239)   class space    used 63K, committed 128K, reserved 1048576K
[12.034s][info ][gc             ] GC(239) Pause Young (Allocation Failure) 10M->2M(31M) 0.597ms
[12.034s][info ][gc,cpu         ] GC(239) User=0.00s Sys=0.00s Real=0.00s
[12.034s][info ][safepoint      ] Safepoint "GenCollectForAllocation", Time since last: 49816688 ns, Reaching safepoint: 76950 ns, Cleanup: 3704 ns, At safepoint: 617240 ns, Total: 697894 ns
[12.095s][info ][gc,start       ] GC(240) Pause Young (Allocation Failure)
[12.095s][debug][gc,heap        ] GC(240) Heap before GC invocations=240 (full 8):
[12.095s][debug][gc,heap        ] GC(240)  def new generation   total 9920K, used 8832K [0x0000120000200000, 0x0000120000cc0000, 0x000012000aca0000)
[12.095s][debug][gc,heap        ] GC(240)   eden space 8832K, 100% used [0x0000120000200000, 0x0000120000aa0000, 0x0000120000aa0000)
[12.095s][debug][gc,heap        ] GC(240)   from space 1088K,   0% used [0x0000120000aa0000, 0x0000120000aa0148, 0x0000120000bb0000)
[12.095s][debug][gc,heap        ] GC(240)   to   space 1088K,   0% used [0x0000120000bb0000, 0x0000120000bb0000, 0x0000120000cc0000)
[12.095s][debug][gc,heap        ] GC(240)  tenured generation   total 21888K, used 2071K [0x000012000aca0000, 0x000012000c200000, 0x0000120020200000)
[12.095s][debug][gc,heap        ] GC(240)    the space 21888K,   9% used [0x000012000aca0000, 0x000012000aea5db8, 0x000012000aea5e00, 0x000012000c200000)
[12.095s][debug][gc,heap        ] GC(240)  Metaspace       used 369K, committed 512K, reserved 1114112K
[12.095s][debug][gc,heap        ] GC(240)   class space    used 63K, committed 128K, reserved 1048576K
[12.095s][debug][gc,tlab        ] GC(240) TLAB totals: thrds: 2  refills: 101 max: 63 slow allocs: 0 max 0 waste:  0.9% gc: 77936B max: 77936B slow: 2824B max: 1816B
[12.095s][debug][gc,ref         ] GC(240) Skipped SoftWeakFinalRefsPhase of Reference Processing: no references
[12.095s][debug][gc,ref         ] GC(240) Skipped KeepAliveFinalRefsPhase of Reference Processing: no references
[12.095s][debug][gc,ref         ] GC(240) Skipped PhantomRefsPhase of Reference Processing: no references
[12.095s][debug][gc,phases,ref  ] GC(240) Reference Processing: 0.0ms
[12.095s][debug][gc,phases,ref  ] GC(240)   Notify Soft/WeakReferences: 0.0ms
[12.095s][debug][gc,phases,ref  ] GC(240)     SoftRef: skipped
[12.095s][debug][gc,phases,ref  ] GC(240)     WeakRef: skipped
[12.095s][debug][gc,phases,ref  ] GC(240)     FinalRef: skipped
[12.095s][debug][gc,phases,ref  ] GC(240)     Total: skipped
[12.095s][debug][gc,phases,ref  ] GC(240)   Notify and keep alive finalizable: 0.0ms
[12.095s][debug][gc,phases,ref  ] GC(240)     FinalRef: skipped
[12.095s][debug][gc,phases,ref  ] GC(240)   Notify PhantomReferences: 0.0ms
[12.095s][debug][gc,phases,ref  ] GC(240)     PhantomRef: skipped
[12.095s][debug][gc,phases,ref  ] GC(240)   SoftReference Discovered: 0, Dropped: 0, Processed: 0
[12.095s][debug][gc,phases,ref  ] GC(240)   WeakReference Discovered: 0, Dropped: 0, Processed: 0
[12.095s][debug][gc,phases,ref  ] GC(240)   FinalReference Discovered: 0, Dropped: 0, Processed: 0
[12.095s][debug][gc,phases,ref  ] GC(240)   PhantomReference Discovered: 0, Dropped: 0, Processed: 0
[12.095s][debug][gc,age         ] GC(240) Desired survivor size 557056 bytes, new threshold 15 (max threshold 15)
[12.095s][info ][gc,heap        ] GC(240) DefNew: 8832K(9920K)->0K(9920K) Eden: 8832K(8832K)->0K(8832K) From: 0K(1088K)->0K(1088K)
[12.095s][info ][gc,heap        ] GC(240) Tenured: 2071K(21888K)->2071K(21888K)
[12.095s][info ][gc,metaspace   ] GC(240) Metaspace: 369K(512K)->369K(512K) NonClass: 306K(384K)->306K(384K) Class: 63K(128K)->63K(128K)
[12.095s][debug][gc,heap        ] GC(240) Heap after GC invocations=241 (full 8):
[12.095s][debug][gc,heap        ] GC(240)  def new generation   total 9920K, used 0K [0x0000120000200000, 0x0000120000cc0000, 0x000012000aca0000)
[12.095s][debug][gc,heap        ] GC(240)   eden space 8832K,   0% used [0x0000120000200000, 0x0000120000200000, 0x0000120000aa0000)
[12.095s][debug][gc,heap        ] GC(240)   from space 1088K,   0% used [0x0000120000bb0000, 0x0000120000bb0150, 0x0000120000cc0000)
[12.095s][debug][gc,heap        ] GC(240)   to   space 1088K,   0% used [0x0000120000aa0000, 0x0000120000aa0000, 0x0000120000bb0000)
[12.095s][debug][gc,heap        ] GC(240)  tenured generation   total 21888K, used 2071K [0x000012000aca0000, 0x000012000c200000, 0x0000120020200000)
[12.095s][debug][gc,heap        ] GC(240)    the space 21888K,   9% used [0x000012000aca0000, 0x000012000aea5db8, 0x000012000aea5e00, 0x000012000c200000)
[12.095s][debug][gc,heap        ] GC(240)  Metaspace       used 369K, committed 512K, reserved 1114112K
[12.095s][debug][gc,heap        ] GC(240)   class space    used 63K, committed 128K, reserved 1048576K
[12.095s][info ][gc             ] GC(240) Pause Young (Allocation Failure) 10M->2M(31M) 0.572ms
[12.095s][info ][gc,cpu         ] GC(240) User=0.00s Sys=0.00s Real=0.00s
[12.095s][info ][safepoint      ] Safepoint "GenCollectForAllocation", Time since last: 60399141 ns, Reaching safepoint: 77612 ns, Cleanup: 3313 ns, At safepoint: 615074 ns, Total: 695999 ns
[12.144s][info ][gc,start       ] GC(241) Pause Young (Allocation Failure)
[12.144s][debug][gc,heap        ] GC(241) Heap before GC invocations=241 (full 8):
[12.144s][debug][gc,heap        ] GC(241)  def new generation   total 9920K, used 8832K [0x0000120000200000, 0x0000120000cc0000, 0x000012000aca0000)
[12.144s][debug][gc,heap        ] GC(241)   eden space 8832K, 100% used [0x0000120000200000, 0x0000120000aa0000, 0x0000120000aa0000)
[12.144s][debug][gc,heap        ] GC(241)   from space 1088K,   0% used [0x0000120000bb0000, 0x0000120000bb0150, 0x0000120000cc0000)
[12.144s][debug][gc,heap        ] GC(241)   to   space 1088K,   0% used [0x0000120000aa0000, 0x0000120000aa0000, 0x0000120000bb0000)
[12.144s][debug][gc,heap        ] GC(241)  tenured generation   total 21888K, used 2071K [0x000012000aca0000, 0x000012000c200000, 0x0000120020200000)
[12.144s][debug][gc,heap        ] GC(241)    the space 21888K,   9% used [0x000012000aca0000, 0x000012000aea5db8, 0x000012000aea5e00, 0x000012000c200000)
[12.144s][debug][gc,heap        ] GC(241)  Metaspace       used 369K, committed 512K, reserved 1114112K
[12.144s][debug][gc,heap        ] GC(241)   class space    used 63K, committed 128K, reserved 1048576K
[12.144s][debug][gc,tlab        ] GC(241) TLAB totals: thrds: 2  refills: 101 max: 54 slow allocs: 0 max 0 waste:  0.0% gc: 1096B max: 1096B slow: 2904B max: 1520B
[12.144s][debug][gc,ref         ] GC(241) Skipped SoftWeakFinalRefsPhase of Reference Processing: no references
[12.144s][debug][gc,ref         ] GC(241) Skipped KeepAliveFinalRefsPhase of Reference Processing: no references
[12.144s][debug][gc,ref         ] GC(241) Skipped PhantomRefsPhase of Reference Processing: no references
[12.144s][debug][gc,phases,ref  ] GC(241) Reference Processing: 0.0ms
[12.144s][debug][gc,phases,ref  ] GC(241)   Notify Soft/WeakReferences: 0.0ms
[12.144s][debug][gc,phases,ref  ] GC(241)     SoftRef: skipped
[12.144s][debug][gc,phases,ref  ] GC(241)     WeakRef: skipped
[12.144s][debug][gc,phases,ref  ] GC(241)     FinalRef: skipped
[12.144s][debug][gc,phases,ref  ] GC(241)     Total: skipped
[12.144s][debug][gc,phases,ref  ] GC(241)   Notify and keep alive finalizable: 0.0ms
[12.144s][debug][gc,phases,ref  ] GC(241)     FinalRef: skipped
[12.144s][debug][gc,phases,ref  ] GC(241)   Notify PhantomReferences: 0.0ms
[12.144s][debug][gc,phases,ref  ] GC(241)     PhantomRef: skipped
[12.144s][debug][gc,phases,ref  ] GC(241)   SoftReference Discovered: 0, Dropped: 0, Processed: 0
[12.144s][debug][gc,phases,ref  ] GC(241)   WeakReference Discovered: 0, Dropped: 0, Processed: 0
[12.144s][debug][gc,phases,ref  ] GC(241)   FinalReference Discovered: 0, Dropped: 0, Processed: 0
[12.144s][debug][gc,phases,ref  ] GC(241)   PhantomReference Discovered: 0, Dropped: 0, Processed: 0
[12.144s][debug][gc,age         ] GC(241) Desired survivor size 557056 bytes, new threshold 15 (max threshold 15)
[12.145s][info ][gc,heap        ] GC(241) DefNew: 8832K(9920K)->0K(9920K) Eden: 8832K(8832K)->0K(8832K) From: 0K(1088K)->0K(1088K)
[12.145s][info ][gc,heap        ] GC(241) Tenured: 2071K(21888K)->2071K(21888K)
[12.145s][info ][gc,metaspace   ] GC(241) Metaspace: 369K(512K)->369K(512K) NonClass: 306K(384K)->306K(384K) Class: 63K(128K)->63K(128K)
[12.145s][debug][gc,heap        ] GC(241) Heap after GC invocations=242 (full 8):
[12.145s][debug][gc,heap        ] GC(241)  def new generation   total 9920K, used 0K [0x0000120000200000, 0x0000120000cc0000, 0x000012000aca0000)
[12.145s][debug][gc,heap        ] GC(241)   eden space 8832K,   0% used [0x0000120000200000, 0x0000120000200000, 0x0000120000aa0000)
[12.145s][debug][gc,heap        ] GC(241)   from space 1088K,   0% used [0x0000120000aa0000, 0x0000120000aa0130, 0x0000120000bb0000)
[12.145s][debug][gc,heap        ] GC(241)   to   space 1088K,   0% used [0x0000120000bb0000, 0x0000120000bb0000, 0x0000120000cc0000)
[12.145s][debug][gc,heap        ] GC(241)  tenured generation   total 21888K, used 2071K [0x000012000aca0000, 0x000012000c200000, 0x0000120020200000)
[12.145s][debug][gc,heap        ] GC(241)    the space 21888K,   9% used [0x000012000aca0000, 0x000012000aea5db8, 0x000012000aea5e00, 0x000012000c200000)
[12.145s][debug][gc,heap        ] GC(241)  Metaspace       used 369K, committed 512K, reserved 1114112K
[12.145s][debug][gc,heap        ] GC(241)   class space    used 63K, committed 128K, reserved 1048576K
[12.145s][info ][gc             ] GC(241) Pause Young (Allocation Failure) 10M->2M(31M) 0.643ms
[12.145s][info ][gc,cpu         ] GC(241) User=0.00s Sys=0.00s Real=0.00s
[12.145s][info ][safepoint      ] Safepoint "GenCollectForAllocation", Time since last: 48504045 ns, Reaching safepoint: 3178 ns, Cleanup: 3628 ns, At safepoint: 688761 ns, Total: 695567 ns
[12.193s][info ][gc,start       ] GC(242) Pause Young (Allocation Failure)
[12.193s][debug][gc,heap        ] GC(242) Heap before GC invocations=242 (full 8):
[12.193s][debug][gc,heap        ] GC(242)  def new generation   total 9920K, used 8832K [0x0000120000200000, 0x0000120000cc0000, 0x000012000aca0000)
[12.193s][debug][gc,heap        ] GC(242)   eden space 8832K, 100% used [0x0000120000200000, 0x0000120000aa0000, 0x0000120000aa0000)
[12.193s][debug][gc,heap        ] GC(242)   from space 1088K,   0% used [0x0000120000aa0000, 0x0000120000aa0130, 0x0000120000bb0000)
[12.193s][debug][gc,heap        ] GC(242)   to   space 1088K,   0% used [0x0000120000bb0000, 0x0000120000bb0000, 0x0000120000cc0000)
[12.193s][debug][gc,heap        ] GC(242)  tenured generation   total 21888K, used 2071K [0x000012000aca0000, 0x000012000c200000, 0x0000120020200000)
[12.193s][debug][gc,heap        ] GC(242)    the space 21888K,   9% used [0x000012000aca0000, 0x000012000aea5db8, 0x000012000aea5e00, 0x000012000c200000)
[12.193s][debug][gc,heap        ] GC(242)  Metaspace       used 369K, committed 512K, reserved 1114112K
[12.193s][debug][gc,heap        ] GC(242)   class space    used 63K, committed 128K, reserved 1048576K
[12.193s][debug][gc,tlab        ] GC(242) TLAB totals: thrds: 2  refills: 101 max: 53 slow allocs: 0 max 0 waste:  0.1% gc: 10664B max: 10664B slow: 2256B max: 1352B
[12.193s][debug][gc,ref         ] GC(242) Skipped SoftWeakFinalRefsPhase of Reference Processing: no references
[12.193s][debug][gc,ref         ] GC(242) Skipped KeepAliveFinalRefsPhase of Reference Processing: no references
[12.193s][debug][gc,ref         ] GC(242) Skipped PhantomRefsPhase of Reference Processing: no references
[12.193s][debug][gc,phases,ref  ] GC(242) Reference Processing: 0.0ms
[12.193s][debug][gc,phases,ref  ] GC(242)   Notify Soft/WeakReferences: 0.0ms
[12.193s][debug][gc,phases,ref  ] GC(242)     SoftRef: skipped
[12.193s][debug][gc,phases,ref  ] GC(242)     WeakRef: skipped
[12.193s][debug][gc,phases,ref  ] GC(242)     FinalRef: skipped
[12.193s][debug][gc,phases,ref  ] GC(242)     Total: skipped
[12.193s][debug][gc,phases,ref  ] GC(242)   Notify and keep alive finalizable: 0.0ms
[12.193s][debug][gc,phases,ref  ] GC(242)     FinalRef: skipped
[12.193s][debug][gc,phases,ref  ] GC(242)   Notify PhantomReferences: 0.0ms
[12.193s][debug][gc,phases,ref  ] GC(242)     PhantomRef: skipped
[12.193s][debug][gc,phases,ref  ] GC(242)   SoftReference Discovered: 0, Dropped: 0, Processed: 0
[12.193s][debug][gc,phases,ref  ] GC(242)   WeakReference Discovered: 0, Dropped: 0, Processed: 0
[12.193s][debug][gc,phases,ref  ] GC(242)   FinalReference Discovered: 0, Dropped: 0, Processed: 0
[12.193s][debug][gc,phases,ref  ] GC(242)   PhantomReference Discovered: 0, Dropped: 0, Processed: 0
[12.193s][debug][gc,age         ] GC(242) Desired survivor size 557056 bytes, new threshold 15 (max threshold 15)
[12.193s][info ][gc,heap        ] GC(242) DefNew: 8832K(9920K)->0K(9920K) Eden: 8832K(8832K)->0K(8832K) From: 0K(1088K)->0K(1088K)
[12.193s][info ][gc,heap        ] GC(242) Tenured: 2071K(21888K)->2071K(21888K)
[12.193s][info ][gc,metaspace   ] GC(242) Metaspace: 369K(512K)->369K(512K) NonClass: 306K(384K)->306K(384K) Class: 63K(128K)->63K(128K)
[12.193s][debug][gc,heap        ] GC(242) Heap after GC invocations=243 (full 8):
[12.193s][debug][gc,heap        ] GC(242)  def new generation   total 9920K, used 0K [0x0000120000200000, 0x0000120000cc0000, 0x000012000aca0000)
[12.193s][debug][gc,heap        ] GC(242)   eden space 8832K,   0% used [0x0000120000200000, 0x0000120000200000, 0x0000120000aa0000)
[12.193s][debug][gc,heap        ] GC(242)   from space 1088K,   0% used [0x0000120000bb0000, 0x0000120000bb00d0, 0x0000120000cc0000)
[12.193s][debug][gc,heap        ] GC(242)   to   space 1088K,   0% used [0x0000120000aa0000, 0x0000120000aa0000, 0x0000120000bb0000)
[12.193s][debug][gc,heap        ] GC(242)  tenured generation   total 21888K, used 2071K [0x000012000aca0000, 0x000012000c200000, 0x0000120020200000)
[12.193s][debug][gc,heap        ] GC(242)    the space 21888K,   9% used [0x000012000aca0000, 0x000012000aea5db8, 0x000012000aea5e00, 0x000012000c200000)
[12.193s][debug][gc,heap        ] GC(242)  Metaspace       used 369K, committed 512K, reserved 1114112K
[12.193s][debug][gc,heap        ] GC(242)   class space    used 63K, committed 128K, reserved 1048576K
[12.193s][info ][gc             ] GC(242) Pause Young (Allocation Failure) 10M->2M(31M) 0.582ms
[12.193s][info ][gc,cpu         ] GC(242) User=0.00s Sys=0.00s Real=0.00s
[12.193s][info ][safepoint      ] Safepoint "GenCollectForAllocation", Time since last: 48098333 ns, Reaching safepoint: 3257 ns, Cleanup: 3758 ns, At safepoint: 628911 ns, Total: 635926 ns
[12.242s][info ][gc,start       ] GC(243) Pause Young (Allocation Failure)
[12.242s][debug][gc,heap        ] GC(243) Heap before GC invocations=243 (full 8):
[12.242s][debug][gc,heap        ] GC(243)  def new generation   total 9920K, used 8832K [0x0000120000200000, 0x0000120000cc0000, 0x000012000aca0000)
[12.242s][debug][gc,heap        ] GC(243)   eden space 8832K, 100% used [0x0000120000200000, 0x0000120000aa0000, 0x0000120000aa0000)
[12.242s][debug][gc,heap        ] GC(243)   from space 1088K,   0% used [0x0000120000bb0000, 0x0000120000bb00d0, 0x0000120000cc0000)
[12.242s][debug][gc,heap        ] GC(243)   to   space 1088K,   0% used [0x0000120000aa0000, 0x0000120000aa0000, 0x0000120000bb0000)
[12.242s][debug][gc,heap        ] GC(243)  tenured generation   total 21888K, used 2071K [0x000012000aca0000, 0x000012000c200000, 0x0000120020200000)
[12.242s][debug][gc,heap        ] GC(243)    the space 21888K,   9% used [0x000012000aca0000, 0x000012000aea5db8, 0x000012000aea5e00, 0x000012000c200000)
[12.242s][debug][gc,heap        ] GC(243)  Metaspace       used 369K, committed 512K, reserved 1114112K
[12.242s][debug][gc,heap        ] GC(243)   class space    used 63K, committed 128K, reserved 1048576K
[12.242s][debug][gc,tlab        ] GC(243) TLAB totals: thrds: 2  refills: 101 max: 53 slow allocs: 0 max 0 waste:  0.2% gc: 11904B max: 11904B slow: 3584B max: 1920B
[12.242s][debug][gc,ref         ] GC(243) Skipped SoftWeakFinalRefsPhase of Reference Processing: no references
[12.242s][debug][gc,ref         ] GC(243) Skipped KeepAliveFinalRefsPhase of Reference Processing: no references
[12.242s][debug][gc,ref         ] GC(243) Skipped PhantomRefsPhase of Reference Processing: no references
[12.242s][debug][gc,phases,ref  ] GC(243) Reference Processing: 0.0ms
[12.242s][debug][gc,phases,ref  ] GC(243)   Notify Soft/WeakReferences: 0.0ms
[12.242s][debug][gc,phases,ref  ] GC(243)     SoftRef: skipped
[12.242s][debug][gc,phases,ref  ] GC(243)     WeakRef: skipped
[12.242s][debug][gc,phases,ref  ] GC(243)     FinalRef: skipped
[12.242s][debug][gc,phases,ref  ] GC(243)     Total: skipped
[12.242s][debug][gc,phases,ref  ] GC(243)   Notify and keep alive finalizable: 0.0ms
[12.242s][debug][gc,phases,ref  ] GC(243)     FinalRef: skipped
[12.242s][debug][gc,phases,ref  ] GC(243)   Notify PhantomReferences: 0.0ms
[12.242s][debug][gc,phases,ref  ] GC(243)     PhantomRef: skipped
[12.242s][debug][gc,phases,ref  ] GC(243)   SoftReference Discovered: 0, Dropped: 0, Processed: 0
[12.242s][debug][gc,phases,ref  ] GC(243)   WeakReference Discovered: 0, Dropped: 0, Processed: 0
[12.242s][debug][gc,phases,ref  ] GC(243)   FinalReference Discovered: 0, Dropped: 0, Processed: 0
[12.242s][debug][gc,phases,ref  ] GC(243)   PhantomReference Discovered: 0, Dropped: 0, Processed: 0
[12.242s][debug][gc,age         ] GC(243) Desired survivor size 557056 bytes, new threshold 15 (max threshold 15)
[12.242s][info ][gc,heap        ] GC(243) DefNew: 8832K(9920K)->0K(9920K) Eden: 8832K(8832K)->0K(8832K) From: 0K(1088K)->0K(1088K)
[12.242s][info ][gc,heap        ] GC(243) Tenured: 2071K(21888K)->2071K(21888K)
[12.242s][info ][gc,metaspace   ] GC(243) Metaspace: 369K(512K)->369K(512K) NonClass: 306K(384K)->306K(384K) Class: 63K(128K)->63K(128K)
[12.242s][debug][gc,heap        ] GC(243) Heap after GC invocations=244 (full 8):
[12.242s][debug][gc,heap        ] GC(243)  def new generation   total 9920K, used 0K [0x0000120000200000, 0x0000120000cc0000, 0x000012000aca0000)
[12.242s][debug][gc,heap        ] GC(243)   eden space 8832K,   0% used [0x0000120000200000, 0x0000120000200000, 0x0000120000aa0000)
[12.242s][debug][gc,heap        ] GC(243)   from space 1088K,   0% used [0x0000120000aa0000, 0x0000120000aa00e8, 0x0000120000bb0000)
[12.242s][debug][gc,heap        ] GC(243)   to   space 1088K,   0% used [0x0000120000bb0000, 0x0000120000bb0000, 0x0000120000cc0000)
[12.242s][debug][gc,heap        ] GC(243)  tenured generation   total 21888K, used 2071K [0x000012000aca0000, 0x000012000c200000, 0x0000120020200000)
[12.242s][debug][gc,heap        ] GC(243)    the space 21888K,   9% used [0x000012000aca0000, 0x000012000aea5db8, 0x000012000aea5e00, 0x000012000c200000)
[12.242s][debug][gc,heap        ] GC(243)  Metaspace       used 369K, committed 512K, reserved 1114112K
[12.242s][debug][gc,heap        ] GC(243)   class space    used 63K, committed 128K, reserved 1048576K
[12.242s][info ][gc             ] GC(243) Pause Young (Allocation Failure) 10M->2M(31M) 0.608ms
[12.242s][info ][gc,cpu         ] GC(243) User=0.01s Sys=0.00s Real=0.01s
[12.242s][info ][safepoint      ] Safepoint "GenCollectForAllocation", Time since last: 48294769 ns, Reaching safepoint: 77041 ns, Cleanup: 3346 ns, At safepoint: 628400 ns, Total: 708787 ns
[12.301s][info ][gc,start       ] GC(244) Pause Young (Allocation Failure)
[12.301s][debug][gc,heap        ] GC(244) Heap before GC invocations=244 (full 8):
[12.302s][debug][gc,heap        ] GC(244)  def new generation   total 9920K, used 8832K [0x0000120000200000, 0x0000120000cc0000, 0x000012000aca0000)
[12.302s][debug][gc,heap        ] GC(244)   eden space 8832K, 100% used [0x0000120000200000, 0x0000120000aa0000, 0x0000120000aa0000)
[12.302s][debug][gc,heap        ] GC(244)   from space 1088K,   0% used [0x0000120000aa0000, 0x0000120000aa00e8, 0x0000120000bb0000)
[12.302s][debug][gc,heap        ] GC(244)   to   space 1088K,   0% used [0x0000120000bb0000, 0x0000120000bb0000, 0x0000120000cc0000)
[12.302s][debug][gc,heap        ] GC(244)  tenured generation   total 21888K, used 2071K [0x000012000aca0000, 0x000012000c200000, 0x0000120020200000)
[12.302s][debug][gc,heap        ] GC(244)    the space 21888K,   9% used [0x000012000aca0000, 0x000012000aea5db8, 0x000012000aea5e00, 0x000012000c200000)
[12.302s][debug][gc,heap        ] GC(244)  Metaspace       used 369K, committed 512K, reserved 1114112K
[12.302s][debug][gc,heap        ] GC(244)   class space    used 63K, committed 128K, reserved 1048576K
[12.302s][debug][gc,tlab        ] GC(244) TLAB totals: thrds: 2  refills: 101 max: 61 slow allocs: 0 max 0 waste:  0.1% gc: 8288B max: 8288B slow: 3144B max: 2096B
[12.302s][debug][gc,ref         ] GC(244) Skipped SoftWeakFinalRefsPhase of Reference Processing: no references
[12.302s][debug][gc,ref         ] GC(244) Skipped KeepAliveFinalRefsPhase of Reference Processing: no references
[12.302s][debug][gc,ref         ] GC(244) Skipped PhantomRefsPhase of Reference Processing: no references
[12.302s][debug][gc,phases,ref  ] GC(244) Reference Processing: 0.0ms
[12.302s][debug][gc,phases,ref  ] GC(244)   Notify Soft/WeakReferences: 0.0ms
[12.302s][debug][gc,phases,ref  ] GC(244)     SoftRef: skipped
[12.302s][debug][gc,phases,ref  ] GC(244)     WeakRef: skipped
[12.302s][debug][gc,phases,ref  ] GC(244)     FinalRef: skipped
[12.302s][debug][gc,phases,ref  ] GC(244)     Total: skipped
[12.302s][debug][gc,phases,ref  ] GC(244)   Notify and keep alive finalizable: 0.0ms
[12.302s][debug][gc,phases,ref  ] GC(244)     FinalRef: skipped
[12.302s][debug][gc,phases,ref  ] GC(244)   Notify PhantomReferences: 0.0ms
[12.302s][debug][gc,phases,ref  ] GC(244)     PhantomRef: skipped
[12.302s][debug][gc,phases,ref  ] GC(244)   SoftReference Discovered: 0, Dropped: 0, Processed: 0
[12.302s][debug][gc,phases,ref  ] GC(244)   WeakReference Discovered: 0, Dropped: 0, Processed: 0
[12.302s][debug][gc,phases,ref  ] GC(244)   FinalReference Discovered: 0, Dropped: 0, Processed: 0
[12.302s][debug][gc,phases,ref  ] GC(244)   PhantomReference Discovered: 0, Dropped: 0, Processed: 0
[12.302s][debug][gc,age         ] GC(244) Desired survivor size 557056 bytes, new threshold 15 (max threshold 15)
[12.302s][info ][gc,heap        ] GC(244) DefNew: 8832K(9920K)->0K(9920K) Eden: 8832K(8832K)->0K(8832K) From: 0K(1088K)->0K(1088K)
[12.302s][info ][gc,heap        ] GC(244) Tenured: 2071K(21888K)->2071K(21888K)
[12.302s][info ][gc,metaspace   ] GC(244) Metaspace: 369K(512K)->369K(512K) NonClass: 306K(384K)->306K(384K) Class: 63K(128K)->63K(128K)
[12.302s][debug][gc,heap        ] GC(244) Heap after GC invocations=245 (full 8):
[12.302s][debug][gc,heap        ] GC(244)  def new generation   total 9920K, used 0K [0x0000120000200000, 0x0000120000cc0000, 0x000012000aca0000)
[12.302s][debug][gc,heap        ] GC(244)   eden space 8832K,   0% used [0x0000120000200000, 0x0000120000200000, 0x0000120000aa0000)
[12.302s][debug][gc,heap        ] GC(244)   from space 1088K,   0% used [0x0000120000bb0000, 0x0000120000bb0198, 0x0000120000cc0000)
[12.302s][debug][gc,heap        ] GC(244)   to   space 1088K,   0% used [0x0000120000aa0000, 0x0000120000aa0000, 0x0000120000bb0000)
[12.302s][debug][gc,heap        ] GC(244)  tenured generation   total 21888K, used 2071K [0x000012000aca0000, 0x000012000c200000, 0x0000120020200000)
[12.302s][debug][gc,heap        ] GC(244)    the space 21888K,   9% used [0x000012000aca0000, 0x000012000aea5db8, 0x000012000aea5e00, 0x000012000c200000)
[12.302s][debug][gc,heap        ] GC(244)  Metaspace       used 369K, committed 512K, reserved 1114112K
[12.302s][debug][gc,heap        ] GC(244)   class space    used 63K, committed 128K, reserved 1048576K
[12.302s][info ][gc             ] GC(244) Pause Young (Allocation Failure) 10M->2M(31M) 0.577ms
[12.302s][info ][gc,cpu         ] GC(244) User=0.00s Sys=0.00s Real=0.00s
[12.302s][info ][safepoint      ] Safepoint "GenCollectForAllocation", Time since last: 58941552 ns, Reaching safepoint: 77906 ns, Cleanup: 3342 ns, At safepoint: 619907 ns, Total: 701155 ns
[12.351s][info ][gc,start       ] GC(245) Pause Young (Allocation Failure)
[12.351s][debug][gc,heap        ] GC(245) Heap before GC invocations=245 (full 8):
[12.351s][debug][gc,heap        ] GC(245)  def new generation   total 9920K, used 8832K [0x0000120000200000, 0x0000120000cc0000, 0x000012000aca0000)
[12.351s][debug][gc,heap        ] GC(245)   eden space 8832K, 100% used [0x0000120000200000, 0x0000120000aa0000, 0x0000120000aa0000)
[12.351s][debug][gc,heap        ] GC(245)   from space 1088K,   0% used [0x0000120000bb0000, 0x0000120000bb0198, 0x0000120000cc0000)
[12.351s][debug][gc,heap        ] GC(245)   to   space 1088K,   0% used [0x0000120000aa0000, 0x0000120000aa0000, 0x0000120000bb0000)
[12.352s][debug][gc,heap        ] GC(245)  tenured generation   total 21888K, used 2071K [0x000012000aca0000, 0x000012000c200000, 0x0000120020200000)
[12.352s][debug][gc,heap        ] GC(245)    the space 21888K,   9% used [0x000012000aca0000, 0x000012000aea5db8, 0x000012000aea5e00, 0x000012000c200000)
[12.352s][debug][gc,heap        ] GC(245)  Metaspace       used 369K, committed 512K, reserved 1114112K
[12.352s][debug][gc,heap        ] GC(245)   class space    used 63K, committed 128K, reserved 1048576K
[12.352s][debug][gc,tlab        ] GC(245) TLAB totals: thrds: 2  refills: 101 max: 54 slow allocs: 0 max 0 waste:  0.2% gc: 15528B max: 15528B slow: 2568B max: 1480B
[12.352s][debug][gc,ref         ] GC(245) Skipped SoftWeakFinalRefsPhase of Reference Processing: no references
[12.352s][debug][gc,ref         ] GC(245) Skipped KeepAliveFinalRefsPhase of Reference Processing: no references
[12.352s][debug][gc,ref         ] GC(245) Skipped PhantomRefsPhase of Reference Processing: no references
[12.352s][debug][gc,phases,ref  ] GC(245) Reference Processing: 0.0ms
[12.352s][debug][gc,phases,ref  ] GC(245)   Notify Soft/WeakReferences: 0.0ms
[12.352s][debug][gc,phases,ref  ] GC(245)     SoftRef: skipped
[12.352s][debug][gc,phases,ref  ] GC(245)     WeakRef: skipped
[12.352s][debug][gc,phases,ref  ] GC(245)     FinalRef: skipped
[12.352s][debug][gc,phases,ref  ] GC(245)     Total: skipped
[12.352s][debug][gc,phases,ref  ] GC(245)   Notify and keep alive finalizable: 0.0ms
[12.352s][debug][gc,phases,ref  ] GC(245)     FinalRef: skipped
[12.352s][debug][gc,phases,ref  ] GC(245)   Notify PhantomReferences: 0.0ms
[12.352s][debug][gc,phases,ref  ] GC(245)     PhantomRef: skipped
[12.352s][debug][gc,phases,ref  ] GC(245)   SoftReference Discovered: 0, Dropped: 0, Processed: 0
[12.352s][debug][gc,phases,ref  ] GC(245)   WeakReference Discovered: 0, Dropped: 0, Processed: 0
[12.352s][debug][gc,phases,ref  ] GC(245)   FinalReference Discovered: 0, Dropped: 0, Processed: 0
[12.352s][debug][gc,phases,ref  ] GC(245)   PhantomReference Discovered: 0, Dropped: 0, Processed: 0
[12.352s][debug][gc,age         ] GC(245) Desired survivor size 557056 bytes, new threshold 15 (max threshold 15)
[12.352s][info ][gc,heap        ] GC(245) DefNew: 8832K(9920K)->0K(9920K) Eden: 8832K(8832K)->0K(8832K) From: 0K(1088K)->0K(1088K)
[12.352s][info ][gc,heap        ] GC(245) Tenured: 2071K(21888K)->2071K(21888K)
[12.352s][info ][gc,metaspace   ] GC(245) Metaspace: 369K(512K)->369K(512K) NonClass: 306K(384K)->306K(384K) Class: 63K(128K)->63K(128K)
[12.352s][debug][gc,heap        ] GC(245) Heap after GC invocations=246 (full 8):
[12.352s][debug][gc,heap        ] GC(245)  def new generation   total 9920K, used 0K [0x0000120000200000, 0x0000120000cc0000, 0x000012000aca0000)
[12.352s][debug][gc,heap        ] GC(245)   eden space 8832K,   0% used [0x0000120000200000, 0x0000120000200000, 0x0000120000aa0000)
[12.352s][debug][gc,heap        ] GC(245)   from space 1088K,   0% used [0x0000120000aa0000, 0x0000120000aa0168, 0x0000120000bb0000)
[12.352s][debug][gc,heap        ] GC(245)   to   space 1088K,   0% used [0x0000120000bb0000, 0x0000120000bb0000, 0x0000120000cc0000)
[12.352s][debug][gc,heap        ] GC(245)  tenured generation   total 21888K, used 2071K [0x000012000aca0000, 0x000012000c200000, 0x0000120020200000)
[12.352s][debug][gc,heap        ] GC(245)    the space 21888K,   9% used [0x000012000aca0000, 0x000012000aea5db8, 0x000012000aea5e00, 0x000012000c200000)
[12.352s][debug][gc,heap        ] GC(245)  Metaspace       used 369K, committed 512K, reserved 1114112K
[12.352s][debug][gc,heap        ] GC(245)   class space    used 63K, committed 128K, reserved 1048576K
[12.352s][info ][gc             ] GC(245) Pause Young (Allocation Failure) 10M->2M(31M) 0.585ms
[12.352s][info ][gc,cpu         ] GC(245) User=0.00s Sys=0.00s Real=0.00s
[12.352s][info ][safepoint      ] Safepoint "GenCollectForAllocation", Time since last: 49324174 ns, Reaching safepoint: 3506 ns, Cleanup: 3643 ns, At safepoint: 631773 ns, Total: 638922 ns
[12.401s][info ][gc,start       ] GC(246) Pause Young (Allocation Failure)
[12.401s][debug][gc,heap        ] GC(246) Heap before GC invocations=246 (full 8):
[12.401s][debug][gc,heap        ] GC(246)  def new generation   total 9920K, used 8832K [0x0000120000200000, 0x0000120000cc0000, 0x000012000aca0000)
[12.401s][debug][gc,heap        ] GC(246)   eden space 8832K, 100% used [0x0000120000200000, 0x0000120000aa0000, 0x0000120000aa0000)
[12.401s][debug][gc,heap        ] GC(246)   from space 1088K,   0% used [0x0000120000aa0000, 0x0000120000aa0168, 0x0000120000bb0000)
[12.401s][debug][gc,heap        ] GC(246)   to   space 1088K,   0% used [0x0000120000bb0000, 0x0000120000bb0000, 0x0000120000cc0000)
[12.401s][debug][gc,heap        ] GC(246)  tenured generation   total 21888K, used 2071K [0x000012000aca0000, 0x000012000c200000, 0x0000120020200000)
[12.401s][debug][gc,heap        ] GC(246)    the space 21888K,   9% used [0x000012000aca0000, 0x000012000aea5db8, 0x000012000aea5e00, 0x000012000c200000)
[12.401s][debug][gc,heap        ] GC(246)  Metaspace       used 369K, committed 512K, reserved 1114112K
[12.401s][debug][gc,heap        ] GC(246)   class space    used 63K, committed 128K, reserved 1048576K
[12.401s][debug][gc,tlab        ] GC(246) TLAB totals: thrds: 2  refills: 101 max: 53 slow allocs: 0 max 0 waste:  0.0% gc: 0B max: 0B slow: 3120B max: 1832B
[12.401s][debug][gc,ref         ] GC(246) Skipped SoftWeakFinalRefsPhase of Reference Processing: no references
[12.401s][debug][gc,ref         ] GC(246) Skipped KeepAliveFinalRefsPhase of Reference Processing: no references
[12.401s][debug][gc,ref         ] GC(246) Skipped PhantomRefsPhase of Reference Processing: no references
[12.401s][debug][gc,phases,ref  ] GC(246) Reference Processing: 0.0ms
[12.401s][debug][gc,phases,ref  ] GC(246)   Notify Soft/WeakReferences: 0.0ms
[12.401s][debug][gc,phases,ref  ] GC(246)     SoftRef: skipped
[12.401s][debug][gc,phases,ref  ] GC(246)     WeakRef: skipped
[12.401s][debug][gc,phases,ref  ] GC(246)     FinalRef: skipped
[12.401s][debug][gc,phases,ref  ] GC(246)     Total: skipped
[12.401s][debug][gc,phases,ref  ] GC(246)   Notify and keep alive finalizable: 0.0ms
[12.401s][debug][gc,phases,ref  ] GC(246)     FinalRef: skipped
[12.401s][debug][gc,phases,ref  ] GC(246)   Notify PhantomReferences: 0.0ms
[12.401s][debug][gc,phases,ref  ] GC(246)     PhantomRef: skipped
[12.401s][debug][gc,phases,ref  ] GC(246)   SoftReference Discovered: 0, Dropped: 0, Processed: 0
[12.401s][debug][gc,phases,ref  ] GC(246)   WeakReference Discovered: 0, Dropped: 0, Processed: 0
[12.401s][debug][gc,phases,ref  ] GC(246)   FinalReference Discovered: 0, Dropped: 0, Processed: 0
[12.401s][debug][gc,phases,ref  ] GC(246)   PhantomReference Discovered: 0, Dropped: 0, Processed: 0
[12.401s][debug][gc,age         ] GC(246) Desired survivor size 557056 bytes, new threshold 15 (max threshold 15)
[12.401s][info ][gc,heap        ] GC(246) DefNew: 8832K(9920K)->0K(9920K) Eden: 8832K(8832K)->0K(8832K) From: 0K(1088K)->0K(1088K)
[12.401s][info ][gc,heap        ] GC(246) Tenured: 2071K(21888K)->2071K(21888K)
[12.401s][info ][gc,metaspace   ] GC(246) Metaspace: 369K(512K)->369K(512K) NonClass: 306K(384K)->306K(384K) Class: 63K(128K)->63K(128K)
[12.401s][debug][gc,heap        ] GC(246) Heap after GC invocations=247 (full 8):
[12.401s][debug][gc,heap        ] GC(246)  def new generation   total 9920K, used 0K [0x0000120000200000, 0x0000120000cc0000, 0x000012000aca0000)
[12.401s][debug][gc,heap        ] GC(246)   eden space 8832K,   0% used [0x0000120000200000, 0x0000120000200000, 0x0000120000aa0000)
[12.401s][debug][gc,heap        ] GC(246)   from space 1088K,   0% used [0x0000120000bb0000, 0x0000120000bb0168, 0x0000120000cc0000)
[12.401s][debug][gc,heap        ] GC(246)   to   space 1088K,   0% used [0x0000120000aa0000, 0x0000120000aa0000, 0x0000120000bb0000)
[12.401s][debug][gc,heap        ] GC(246)  tenured generation   total 21888K, used 2071K [0x000012000aca0000, 0x000012000c200000, 0x0000120020200000)
[12.401s][debug][gc,heap        ] GC(246)    the space 21888K,   9% used [0x000012000aca0000, 0x000012000aea5db8, 0x000012000aea5e00, 0x000012000c200000)
[12.401s][debug][gc,heap        ] GC(246)  Metaspace       used 369K, committed 512K, reserved 1114112K
[12.401s][debug][gc,heap        ] GC(246)   class space    used 63K, committed 128K, reserved 1048576K
[12.402s][info ][gc             ] GC(246) Pause Young (Allocation Failure) 10M->2M(31M) 0.581ms
[12.402s][info ][gc,cpu         ] GC(246) User=0.00s Sys=0.00s Real=0.00s
[12.402s][info ][safepoint      ] Safepoint "GenCollectForAllocation", Time since last: 48896132 ns, Reaching safepoint: 3384 ns, Cleanup: 3719 ns, At safepoint: 619442 ns, Total: 626545 ns
[12.450s][info ][gc,start       ] GC(247) Pause Young (Allocation Failure)
[12.450s][debug][gc,heap        ] GC(247) Heap before GC invocations=247 (full 8):
[12.450s][debug][gc,heap        ] GC(247)  def new generation   total 9920K, used 8832K [0x0000120000200000, 0x0000120000cc0000, 0x000012000aca0000)
[12.450s][debug][gc,heap        ] GC(247)   eden space 8832K, 100% used [0x0000120000200000, 0x0000120000aa0000, 0x0000120000aa0000)
[12.450s][debug][gc,heap        ] GC(247)   from space 1088K,   0% used [0x0000120000bb0000, 0x0000120000bb0168, 0x0000120000cc0000)
[12.450s][debug][gc,heap        ] GC(247)   to   space 1088K,   0% used [0x0000120000aa0000, 0x0000120000aa0000, 0x0000120000bb0000)
[12.450s][debug][gc,heap        ] GC(247)  tenured generation   total 21888K, used 2071K [0x000012000aca0000, 0x000012000c200000, 0x0000120020200000)
[12.450s][debug][gc,heap        ] GC(247)    the space 21888K,   9% used [0x000012000aca0000, 0x000012000aea5db8, 0x000012000aea5e00, 0x000012000c200000)
[12.450s][debug][gc,heap        ] GC(247)  Metaspace       used 369K, committed 512K, reserved 1114112K
[12.450s][debug][gc,heap        ] GC(247)   class space    used 63K, committed 128K, reserved 1048576K
[12.450s][debug][gc,tlab        ] GC(247) TLAB totals: thrds: 2  refills: 101 max: 52 slow allocs: 0 max 0 waste:  0.6% gc: 52192B max: 52192B slow: 2976B max: 1576B
[12.450s][debug][gc,ref         ] GC(247) Skipped SoftWeakFinalRefsPhase of Reference Processing: no references
[12.450s][debug][gc,ref         ] GC(247) Skipped KeepAliveFinalRefsPhase of Reference Processing: no references
[12.450s][debug][gc,ref         ] GC(247) Skipped PhantomRefsPhase of Reference Processing: no references
[12.450s][debug][gc,phases,ref  ] GC(247) Reference Processing: 0.0ms
[12.450s][debug][gc,phases,ref  ] GC(247)   Notify Soft/WeakReferences: 0.0ms
[12.451s][debug][gc,phases,ref  ] GC(247)     SoftRef: skipped
[12.451s][debug][gc,phases,ref  ] GC(247)     WeakRef: skipped
[12.451s][debug][gc,phases,ref  ] GC(247)     FinalRef: skipped
[12.451s][debug][gc,phases,ref  ] GC(247)     Total: skipped
[12.451s][debug][gc,phases,ref  ] GC(247)   Notify and keep alive finalizable: 0.0ms
[12.451s][debug][gc,phases,ref  ] GC(247)     FinalRef: skipped
[12.451s][debug][gc,phases,ref  ] GC(247)   Notify PhantomReferences: 0.0ms
[12.451s][debug][gc,phases,ref  ] GC(247)     PhantomRef: skipped
[12.451s][debug][gc,phases,ref  ] GC(247)   SoftReference Discovered: 0, Dropped: 0, Processed: 0
[12.451s][debug][gc,phases,ref  ] GC(247)   WeakReference Discovered: 0, Dropped: 0, Processed: 0
[12.451s][debug][gc,phases,ref  ] GC(247)   FinalReference Discovered: 0, Dropped: 0, Processed: 0
[12.451s][debug][gc,phases,ref  ] GC(247)   PhantomReference Discovered: 0, Dropped: 0, Processed: 0
[12.451s][debug][gc,age         ] GC(247) Desired survivor size 557056 bytes, new threshold 15 (max threshold 15)
[12.451s][info ][gc,heap        ] GC(247) DefNew: 8832K(9920K)->0K(9920K) Eden: 8832K(8832K)->0K(8832K) From: 0K(1088K)->0K(1088K)
[12.451s][info ][gc,heap        ] GC(247) Tenured: 2071K(21888K)->2071K(21888K)
[12.451s][info ][gc,metaspace   ] GC(247) Metaspace: 369K(512K)->369K(512K) NonClass: 306K(384K)->306K(384K) Class: 63K(128K)->63K(128K)
[12.451s][debug][gc,heap        ] GC(247) Heap after GC invocations=248 (full 8):
[12.451s][debug][gc,heap        ] GC(247)  def new generation   total 9920K, used 0K [0x0000120000200000, 0x0000120000cc0000, 0x000012000aca0000)
[12.451s][debug][gc,heap        ] GC(247)   eden space 8832K,   0% used [0x0000120000200000, 0x0000120000200000, 0x0000120000aa0000)
[12.451s][debug][gc,heap        ] GC(247)   from space 1088K,   0% used [0x0000120000aa0000, 0x0000120000aa0180, 0x0000120000bb0000)
[12.451s][debug][gc,heap        ] GC(247)   to   space 1088K,   0% used [0x0000120000bb0000, 0x0000120000bb0000, 0x0000120000cc0000)
[12.451s][debug][gc,heap        ] GC(247)  tenured generation   total 21888K, used 2071K [0x000012000aca0000, 0x000012000c200000, 0x0000120020200000)
[12.451s][debug][gc,heap        ] GC(247)    the space 21888K,   9% used [0x000012000aca0000, 0x000012000aea5db8, 0x000012000aea5e00, 0x000012000c200000)
[12.451s][debug][gc,heap        ] GC(247)  Metaspace       used 369K, committed 512K, reserved 1114112K
[12.451s][debug][gc,heap        ] GC(247)   class space    used 63K, committed 128K, reserved 1048576K
[12.451s][info ][gc             ] GC(247) Pause Young (Allocation Failure) 10M->2M(31M) 0.589ms
[12.451s][info ][gc,cpu         ] GC(247) User=0.00s Sys=0.00s Real=0.01s
[12.451s][info ][safepoint      ] Safepoint "GenCollectForAllocation", Time since last: 48655888 ns, Reaching safepoint: 3565 ns, Cleanup: 3604 ns, At safepoint: 634794 ns, Total: 641963 ns
[12.500s][info ][gc,start       ] GC(248) Pause Young (Allocation Failure)
[12.500s][debug][gc,heap        ] GC(248) Heap before GC invocations=248 (full 8):
[12.500s][debug][gc,heap        ] GC(248)  def new generation   total 9920K, used 8832K [0x0000120000200000, 0x0000120000cc0000, 0x000012000aca0000)
[12.500s][debug][gc,heap        ] GC(248)   eden space 8832K, 100% used [0x0000120000200000, 0x0000120000aa0000, 0x0000120000aa0000)
[12.500s][debug][gc,heap        ] GC(248)   from space 1088K,   0% used [0x0000120000aa0000, 0x0000120000aa0180, 0x0000120000bb0000)
[12.500s][debug][gc,heap        ] GC(248)   to   space 1088K,   0% used [0x0000120000bb0000, 0x0000120000bb0000, 0x0000120000cc0000)
[12.500s][debug][gc,heap        ] GC(248)  tenured generation   total 21888K, used 2071K [0x000012000aca0000, 0x000012000c200000, 0x0000120020200000)
[12.500s][debug][gc,heap        ] GC(248)    the space 21888K,   9% used [0x000012000aca0000, 0x000012000aea5db8, 0x000012000aea5e00, 0x000012000c200000)
[12.500s][debug][gc,heap        ] GC(248)  Metaspace       used 369K, committed 512K, reserved 1114112K
[12.500s][debug][gc,heap        ] GC(248)   class space    used 63K, committed 128K, reserved 1048576K
[12.500s][debug][gc,tlab        ] GC(248) TLAB totals: thrds: 2  refills: 101 max: 52 slow allocs: 0 max 0 waste:  0.2% gc: 15432B max: 15432B slow: 3056B max: 1776B
[12.500s][debug][gc,ref         ] GC(248) Skipped SoftWeakFinalRefsPhase of Reference Processing: no references
[12.500s][debug][gc,ref         ] GC(248) Skipped KeepAliveFinalRefsPhase of Reference Processing: no references
[12.500s][debug][gc,ref         ] GC(248) Skipped PhantomRefsPhase of Reference Processing: no references
[12.500s][debug][gc,phases,ref  ] GC(248) Reference Processing: 0.0ms
[12.500s][debug][gc,phases,ref  ] GC(248)   Notify Soft/WeakReferences: 0.0ms
[12.500s][debug][gc,phases,ref  ] GC(248)     SoftRef: skipped
[12.500s][debug][gc,phases,ref  ] GC(248)     WeakRef: skipped
[12.500s][debug][gc,phases,ref  ] GC(248)     FinalRef: skipped
[12.500s][debug][gc,phases,ref  ] GC(248)     Total: skipped
[12.500s][debug][gc,phases,ref  ] GC(248)   Notify and keep alive finalizable: 0.0ms
[12.500s][debug][gc,phases,ref  ] GC(248)     FinalRef: skipped
[12.500s][debug][gc,phases,ref  ] GC(248)   Notify PhantomReferences: 0.0ms
[12.500s][debug][gc,phases,ref  ] GC(248)     PhantomRef: skipped
[12.500s][debug][gc,phases,ref  ] GC(248)   SoftReference Discovered: 0, Dropped: 0, Processed: 0
[12.500s][debug][gc,phases,ref  ] GC(248)   WeakReference Discovered: 0, Dropped: 0, Processed: 0
[12.500s][debug][gc,phases,ref  ] GC(248)   FinalReference Discovered: 0, Dropped: 0, Processed: 0
[12.500s][debug][gc,phases,ref  ] GC(248)   PhantomReference Discovered: 0, Dropped: 0, Processed: 0
[12.500s][debug][gc,age         ] GC(248) Desired survivor size 557056 bytes, new threshold 15 (max threshold 15)
[12.500s][info ][gc,heap        ] GC(248) DefNew: 8832K(9920K)->0K(9920K) Eden: 8832K(8832K)->0K(8832K) From: 0K(1088K)->0K(1088K)
[12.500s][info ][gc,heap        ] GC(248) Tenured: 2071K(21888K)->2071K(21888K)
[12.501s][info ][gc,metaspace   ] GC(248) Metaspace: 369K(512K)->369K(512K) NonClass: 306K(384K)->306K(384K) Class: 63K(128K)->63K(128K)
[12.501s][debug][gc,heap        ] GC(248) Heap after GC invocations=249 (full 8):
[12.501s][debug][gc,heap        ] GC(248)  def new generation   total 9920K, used 0K [0x0000120000200000, 0x0000120000cc0000, 0x000012000aca0000)
[12.501s][debug][gc,heap        ] GC(248)   eden space 8832K,   0% used [0x0000120000200000, 0x0000120000200000, 0x0000120000aa0000)
[12.501s][debug][gc,heap        ] GC(248)   from space 1088K,   0% used [0x0000120000bb0000, 0x0000120000bb0170, 0x0000120000cc0000)
[12.501s][debug][gc,heap        ] GC(248)   to   space 1088K,   0% used [0x0000120000aa0000, 0x0000120000aa0000, 0x0000120000bb0000)
[12.501s][debug][gc,heap        ] GC(248)  tenured generation   total 21888K, used 2071K [0x000012000aca0000, 0x000012000c200000, 0x0000120020200000)
[12.501s][debug][gc,heap        ] GC(248)    the space 21888K,   9% used [0x000012000aca0000, 0x000012000aea5db8, 0x000012000aea5e00, 0x000012000c200000)
[12.501s][debug][gc,heap        ] GC(248)  Metaspace       used 369K, committed 512K, reserved 1114112K
[12.501s][debug][gc,heap        ] GC(248)   class space    used 63K, committed 128K, reserved 1048576K
[12.501s][info ][gc             ] GC(248) Pause Young (Allocation Failure) 10M->2M(31M) 0.642ms
[12.501s][info ][gc,cpu         ] GC(248) User=0.00s Sys=0.00s Real=0.00s
[12.501s][info ][safepoint      ] Safepoint "GenCollectForAllocation", Time since last: 49041624 ns, Reaching safepoint: 77200 ns, Cleanup: 3330 ns, At safepoint: 685934 ns, Total: 766464 ns
[12.551s][info ][gc,start       ] GC(249) Pause Young (Allocation Failure)
[12.551s][debug][gc,heap        ] GC(249) Heap before GC invocations=249 (full 8):
[12.551s][debug][gc,heap        ] GC(249)  def new generation   total 9920K, used 8832K [0x0000120000200000, 0x0000120000cc0000, 0x000012000aca0000)
[12.551s][debug][gc,heap        ] GC(249)   eden space 8832K, 100% used [0x0000120000200000, 0x0000120000aa0000, 0x0000120000aa0000)
[12.551s][debug][gc,heap        ] GC(249)   from space 1088K,   0% used [0x0000120000bb0000, 0x0000120000bb0170, 0x0000120000cc0000)
[12.551s][debug][gc,heap        ] GC(249)   to   space 1088K,   0% used [0x0000120000aa0000, 0x0000120000aa0000, 0x0000120000bb0000)
[12.551s][debug][gc,heap        ] GC(249)  tenured generation   total 21888K, used 2071K [0x000012000aca0000, 0x000012000c200000, 0x0000120020200000)
[12.551s][debug][gc,heap        ] GC(249)    the space 21888K,   9% used [0x000012000aca0000, 0x000012000aea5db8, 0x000012000aea5e00, 0x000012000c200000)
[12.551s][debug][gc,heap        ] GC(249)  Metaspace       used 369K, committed 512K, reserved 1114112K
[12.551s][debug][gc,heap        ] GC(249)   class space    used 63K, committed 128K, reserved 1048576K
[12.551s][debug][gc,tlab        ] GC(249) TLAB totals: thrds: 2  refills: 101 max: 52 slow allocs: 0 max 0 waste:  0.0% gc: 0B max: 0B slow: 2704B max: 1384B
[12.551s][debug][gc,ref         ] GC(249) Skipped SoftWeakFinalRefsPhase of Reference Processing: no references
[12.551s][debug][gc,ref         ] GC(249) Skipped KeepAliveFinalRefsPhase of Reference Processing: no references
[12.551s][debug][gc,ref         ] GC(249) Skipped PhantomRefsPhase of Reference Processing: no references
[12.551s][debug][gc,phases,ref  ] GC(249) Reference Processing: 0.0ms
[12.551s][debug][gc,phases,ref  ] GC(249)   Notify Soft/WeakReferences: 0.0ms
[12.551s][debug][gc,phases,ref  ] GC(249)     SoftRef: skipped
[12.551s][debug][gc,phases,ref  ] GC(249)     WeakRef: skipped
[12.551s][debug][gc,phases,ref  ] GC(249)     FinalRef: skipped
[12.551s][debug][gc,phases,ref  ] GC(249)     Total: skipped
[12.551s][debug][gc,phases,ref  ] GC(249)   Notify and keep alive finalizable: 0.0ms
[12.551s][debug][gc,phases,ref  ] GC(249)     FinalRef: skipped
[12.551s][debug][gc,phases,ref  ] GC(249)   Notify PhantomReferences: 0.0ms
[12.551s][debug][gc,phases,ref  ] GC(249)     PhantomRef: skipped
[12.551s][debug][gc,phases,ref  ] GC(249)   SoftReference Discovered: 0, Dropped: 0, Processed: 0
[12.551s][debug][gc,phases,ref  ] GC(249)   WeakReference Discovered: 0, Dropped: 0, Processed: 0
[12.551s][debug][gc,phases,ref  ] GC(249)   FinalReference Discovered: 0, Dropped: 0, Processed: 0
[12.551s][debug][gc,phases,ref  ] GC(249)   PhantomReference Discovered: 0, Dropped: 0, Processed: 0
[12.551s][debug][gc,age         ] GC(249) Desired survivor size 557056 bytes, new threshold 15 (max threshold 15)
[12.551s][info ][gc,heap        ] GC(249) DefNew: 8832K(9920K)->0K(9920K) Eden: 8832K(8832K)->0K(8832K) From: 0K(1088K)->0K(1088K)
[12.551s][info ][gc,heap        ] GC(249) Tenured: 2071K(21888K)->2071K(21888K)
[12.551s][info ][gc,metaspace   ] GC(249) Metaspace: 369K(512K)->369K(512K) NonClass: 306K(384K)->306K(384K) Class: 63K(128K)->63K(128K)
[12.551s][debug][gc,heap        ] GC(249) Heap after GC invocations=250 (full 8):
[12.551s][debug][gc,heap        ] GC(249)  def new generation   total 9920K, used 0K [0x0000120000200000, 0x0000120000cc0000, 0x000012000aca0000)
[12.551s][debug][gc,heap        ] GC(249)   eden space 8832K,   0% used [0x0000120000200000, 0x0000120000200000, 0x0000120000aa0000)
[12.551s][debug][gc,heap        ] GC(249)   from space 1088K,   0% used [0x0000120000aa0000, 0x0000120000aa0150, 0x0000120000bb0000)
[12.551s][debug][gc,heap        ] GC(249)   to   space 1088K,   0% used [0x0000120000bb0000, 0x0000120000bb0000, 0x0000120000cc0000)
[12.551s][debug][gc,heap        ] GC(249)  tenured generation   total 21888K, used 2071K [0x000012000aca0000, 0x000012000c200000, 0x0000120020200000)
[12.551s][debug][gc,heap        ] GC(249)    the space 21888K,   9% used [0x000012000aca0000, 0x000012000aea5db8, 0x000012000aea5e00, 0x000012000c200000)
[12.551s][debug][gc,heap        ] GC(249)  Metaspace       used 369K, committed 512K, reserved 1114112K
[12.551s][debug][gc,heap        ] GC(249)   class space    used 63K, committed 128K, reserved 1048576K
[12.551s][info ][gc             ] GC(249) Pause Young (Allocation Failure) 10M->2M(31M) 0.590ms
[12.551s][info ][gc,cpu         ] GC(249) User=0.00s Sys=0.00s Real=0.00s
[12.551s][info ][safepoint      ] Safepoint "GenCollectForAllocation", Time since last: 50028647 ns, Reaching safepoint: 3149 ns, Cleanup: 3639 ns, At safepoint: 627706 ns, Total: 634494 ns
[12.600s][info ][gc,start       ] GC(250) Pause Young (Allocation Failure)
[12.600s][debug][gc,heap        ] GC(250) Heap before GC invocations=250 (full 8):
[12.600s][debug][gc,heap        ] GC(250)  def new generation   total 9920K, used 8832K [0x0000120000200000, 0x0000120000cc0000, 0x000012000aca0000)
[12.600s][debug][gc,heap        ] GC(250)   eden space 8832K, 100% used [0x0000120000200000, 0x0000120000aa0000, 0x0000120000aa0000)
[12.600s][debug][gc,heap        ] GC(250)   from space 1088K,   0% used [0x0000120000aa0000, 0x0000120000aa0150, 0x0000120000bb0000)
[12.600s][debug][gc,heap        ] GC(250)   to   space 1088K,   0% used [0x0000120000bb0000, 0x0000120000bb0000, 0x0000120000cc0000)
[12.600s][debug][gc,heap        ] GC(250)  tenured generation   total 21888K, used 2071K [0x000012000aca0000, 0x000012000c200000, 0x0000120020200000)
[12.600s][debug][gc,heap        ] GC(250)    the space 21888K,   9% used [0x000012000aca0000, 0x000012000aea5db8, 0x000012000aea5e00, 0x000012000c200000)
[12.600s][debug][gc,heap        ] GC(250)  Metaspace       used 369K, committed 512K, reserved 1114112K
[12.600s][debug][gc,heap        ] GC(250)   class space    used 63K, committed 128K, reserved 1048576K
[12.600s][debug][gc,tlab        ] GC(250) TLAB totals: thrds: 2  refills: 101 max: 52 slow allocs: 0 max 0 waste:  0.1% gc: 8856B max: 8856B slow: 2576B max: 1384B
[12.600s][debug][gc,ref         ] GC(250) Skipped SoftWeakFinalRefsPhase of Reference Processing: no references
[12.600s][debug][gc,ref         ] GC(250) Skipped KeepAliveFinalRefsPhase of Reference Processing: no references
[12.600s][debug][gc,ref         ] GC(250) Skipped PhantomRefsPhase of Reference Processing: no references
[12.600s][debug][gc,phases,ref  ] GC(250) Reference Processing: 0.0ms
[12.600s][debug][gc,phases,ref  ] GC(250)   Notify Soft/WeakReferences: 0.0ms
[12.600s][debug][gc,phases,ref  ] GC(250)     SoftRef: skipped
[12.600s][debug][gc,phases,ref  ] GC(250)     WeakRef: skipped
[12.600s][debug][gc,phases,ref  ] GC(250)     FinalRef: skipped
[12.600s][debug][gc,phases,ref  ] GC(250)     Total: skipped
[12.600s][debug][gc,phases,ref  ] GC(250)   Notify and keep alive finalizable: 0.0ms
[12.600s][debug][gc,phases,ref  ] GC(250)     FinalRef: skipped
[12.600s][debug][gc,phases,ref  ] GC(250)   Notify PhantomReferences: 0.0ms
[12.600s][debug][gc,phases,ref  ] GC(250)     PhantomRef: skipped
[12.600s][debug][gc,phases,ref  ] GC(250)   SoftReference Discovered: 0, Dropped: 0, Processed: 0
[12.600s][debug][gc,phases,ref  ] GC(250)   WeakReference Discovered: 0, Dropped: 0, Processed: 0
[12.600s][debug][gc,phases,ref  ] GC(250)   FinalReference Discovered: 0, Dropped: 0, Processed: 0
[12.600s][debug][gc,phases,ref  ] GC(250)   PhantomReference Discovered: 0, Dropped: 0, Processed: 0
[12.600s][debug][gc,age         ] GC(250) Desired survivor size 557056 bytes, new threshold 15 (max threshold 15)
[12.600s][info ][gc,heap        ] GC(250) DefNew: 8832K(9920K)->0K(9920K) Eden: 8832K(8832K)->0K(8832K) From: 0K(1088K)->0K(1088K)
[12.600s][info ][gc,heap        ] GC(250) Tenured: 2071K(21888K)->2071K(21888K)
[12.600s][info ][gc,metaspace   ] GC(250) Metaspace: 369K(512K)->369K(512K) NonClass: 306K(384K)->306K(384K) Class: 63K(128K)->63K(128K)
[12.601s][debug][gc,heap        ] GC(250) Heap after GC invocations=251 (full 8):
[12.601s][debug][gc,heap        ] GC(250)  def new generation   total 9920K, used 0K [0x0000120000200000, 0x0000120000cc0000, 0x000012000aca0000)
[12.601s][debug][gc,heap        ] GC(250)   eden space 8832K,   0% used [0x0000120000200000, 0x0000120000200000, 0x0000120000aa0000)
[12.601s][debug][gc,heap        ] GC(250)   from space 1088K,   0% used [0x0000120000bb0000, 0x0000120000bb0118, 0x0000120000cc0000)
[12.601s][debug][gc,heap        ] GC(250)   to   space 1088K,   0% used [0x0000120000aa0000, 0x0000120000aa0000, 0x0000120000bb0000)
[12.601s][debug][gc,heap        ] GC(250)  tenured generation   total 21888K, used 2071K [0x000012000aca0000, 0x000012000c200000, 0x0000120020200000)
[12.601s][debug][gc,heap        ] GC(250)    the space 21888K,   9% used [0x000012000aca0000, 0x000012000aea5db8, 0x000012000aea5e00, 0x000012000c200000)
[12.601s][debug][gc,heap        ] GC(250)  Metaspace       used 369K, committed 512K, reserved 1114112K
[12.601s][debug][gc,heap        ] GC(250)   class space    used 63K, committed 128K, reserved 1048576K
[12.601s][info ][gc             ] GC(250) Pause Young (Allocation Failure) 10M->2M(31M) 0.574ms
[12.601s][info ][gc,cpu         ] GC(250) User=0.00s Sys=0.00s Real=0.00s
[12.601s][info ][safepoint      ] Safepoint "GenCollectForAllocation", Time since last: 48707894 ns, Reaching safepoint: 3535 ns, Cleanup: 3679 ns, At safepoint: 619537 ns, Total: 626751 ns
[12.650s][info ][gc,start       ] GC(251) Pause Young (Allocation Failure)
[12.650s][debug][gc,heap        ] GC(251) Heap before GC invocations=251 (full 8):
[12.650s][debug][gc,heap        ] GC(251)  def new generation   total 9920K, used 8832K [0x0000120000200000, 0x0000120000cc0000, 0x000012000aca0000)
[12.650s][debug][gc,heap        ] GC(251)   eden space 8832K, 100% used [0x0000120000200000, 0x0000120000aa0000, 0x0000120000aa0000)
[12.650s][debug][gc,heap        ] GC(251)   from space 1088K,   0% used [0x0000120000bb0000, 0x0000120000bb0118, 0x0000120000cc0000)
[12.650s][debug][gc,heap        ] GC(251)   to   space 1088K,   0% used [0x0000120000aa0000, 0x0000120000aa0000, 0x0000120000bb0000)
[12.650s][debug][gc,heap        ] GC(251)  tenured generation   total 21888K, used 2071K [0x000012000aca0000, 0x000012000c200000, 0x0000120020200000)
[12.650s][debug][gc,heap        ] GC(251)    the space 21888K,   9% used [0x000012000aca0000, 0x000012000aea5db8, 0x000012000aea5e00, 0x000012000c200000)
[12.650s][debug][gc,heap        ] GC(251)  Metaspace       used 369K, committed 512K, reserved 1114112K
[12.650s][debug][gc,heap        ] GC(251)   class space    used 63K, committed 128K, reserved 1048576K
[12.650s][debug][gc,tlab        ] GC(251) TLAB totals: thrds: 2  refills: 101 max: 51 slow allocs: 0 max 0 waste:  0.1% gc: 4672B max: 4672B slow: 2704B max: 1392B
[12.650s][debug][gc,ref         ] GC(251) Skipped SoftWeakFinalRefsPhase of Reference Processing: no references
[12.650s][debug][gc,ref         ] GC(251) Skipped KeepAliveFinalRefsPhase of Reference Processing: no references
[12.650s][debug][gc,ref         ] GC(251) Skipped PhantomRefsPhase of Reference Processing: no references
[12.650s][debug][gc,phases,ref  ] GC(251) Reference Processing: 0.0ms
[12.650s][debug][gc,phases,ref  ] GC(251)   Notify Soft/WeakReferences: 0.0ms
[12.650s][debug][gc,phases,ref  ] GC(251)     SoftRef: skipped
[12.650s][debug][gc,phases,ref  ] GC(251)     WeakRef: skipped
[12.650s][debug][gc,phases,ref  ] GC(251)     FinalRef: skipped
[12.650s][debug][gc,phases,ref  ] GC(251)     Total: skipped
[12.650s][debug][gc,phases,ref  ] GC(251)   Notify and keep alive finalizable: 0.0ms
[12.650s][debug][gc,phases,ref  ] GC(251)     FinalRef: skipped
[12.650s][debug][gc,phases,ref  ] GC(251)   Notify PhantomReferences: 0.0ms
[12.650s][debug][gc,phases,ref  ] GC(251)     PhantomRef: skipped
[12.650s][debug][gc,phases,ref  ] GC(251)   SoftReference Discovered: 0, Dropped: 0, Processed: 0
[12.650s][debug][gc,phases,ref  ] GC(251)   WeakReference Discovered: 0, Dropped: 0, Processed: 0
[12.650s][debug][gc,phases,ref  ] GC(251)   FinalReference Discovered: 0, Dropped: 0, Processed: 0
[12.650s][debug][gc,phases,ref  ] GC(251)   PhantomReference Discovered: 0, Dropped: 0, Processed: 0
[12.650s][debug][gc,age         ] GC(251) Desired survivor size 557056 bytes, new threshold 15 (max threshold 15)
[12.650s][info ][gc,heap        ] GC(251) DefNew: 8832K(9920K)->0K(9920K) Eden: 8832K(8832K)->0K(8832K) From: 0K(1088K)->0K(1088K)
[12.650s][info ][gc,heap        ] GC(251) Tenured: 2071K(21888K)->2071K(21888K)
[12.650s][info ][gc,metaspace   ] GC(251) Metaspace: 369K(512K)->369K(512K) NonClass: 306K(384K)->306K(384K) Class: 63K(128K)->63K(128K)
[12.650s][debug][gc,heap        ] GC(251) Heap after GC invocations=252 (full 8):
[12.650s][debug][gc,heap        ] GC(251)  def new generation   total 9920K, used 0K [0x0000120000200000, 0x0000120000cc0000, 0x000012000aca0000)
[12.650s][debug][gc,heap        ] GC(251)   eden space 8832K,   0% used [0x0000120000200000, 0x0000120000200000, 0x0000120000aa0000)
[12.650s][debug][gc,heap        ] GC(251)   from space 1088K,   0% used [0x0000120000aa0000, 0x0000120000aa0120, 0x0000120000bb0000)
[12.650s][debug][gc,heap        ] GC(251)   to   space 1088K,   0% used [0x0000120000bb0000, 0x0000120000bb0000, 0x0000120000cc0000)
[12.650s][debug][gc,heap        ] GC(251)  tenured generation   total 21888K, used 2071K [0x000012000aca0000, 0x000012000c200000, 0x0000120020200000)
[12.650s][debug][gc,heap        ] GC(251)    the space 21888K,   9% used [0x000012000aca0000, 0x000012000aea5db8, 0x000012000aea5e00, 0x000012000c200000)
[12.650s][debug][gc,heap        ] GC(251)  Metaspace       used 369K, committed 512K, reserved 1114112K
[12.650s][debug][gc,heap        ] GC(251)   class space    used 63K, committed 128K, reserved 1048576K
[12.650s][info ][gc             ] GC(251) Pause Young (Allocation Failure) 10M->2M(31M) 0.617ms
[12.650s][info ][gc,cpu         ] GC(251) User=0.00s Sys=0.00s Real=0.01s
[12.650s][info ][safepoint      ] Safepoint "GenCollectForAllocation", Time since last: 49112541 ns, Reaching safepoint: 3188 ns, Cleanup: 3587 ns, At safepoint: 643595 ns, Total: 650370 ns
[12.712s][info ][gc,start       ] GC(252) Pause Young (Allocation Failure)
[12.712s][debug][gc,heap        ] GC(252) Heap before GC invocations=252 (full 8):
[12.712s][debug][gc,heap        ] GC(252)  def new generation   total 9920K, used 8832K [0x0000120000200000, 0x0000120000cc0000, 0x000012000aca0000)
[12.712s][debug][gc,heap        ] GC(252)   eden space 8832K, 100% used [0x0000120000200000, 0x0000120000aa0000, 0x0000120000aa0000)
[12.712s][debug][gc,heap        ] GC(252)   from space 1088K,   0% used [0x0000120000aa0000, 0x0000120000aa0120, 0x0000120000bb0000)
[12.712s][debug][gc,heap        ] GC(252)   to   space 1088K,   0% used [0x0000120000bb0000, 0x0000120000bb0000, 0x0000120000cc0000)
[12.712s][debug][gc,heap        ] GC(252)  tenured generation   total 21888K, used 2071K [0x000012000aca0000, 0x000012000c200000, 0x0000120020200000)
[12.712s][debug][gc,heap        ] GC(252)    the space 21888K,   9% used [0x000012000aca0000, 0x000012000aea5db8, 0x000012000aea5e00, 0x000012000c200000)
[12.712s][debug][gc,heap        ] GC(252)  Metaspace       used 369K, committed 512K, reserved 1114112K
[12.712s][debug][gc,heap        ] GC(252)   class space    used 63K, committed 128K, reserved 1048576K
[12.712s][debug][gc,tlab        ] GC(252) TLAB totals: thrds: 2  refills: 101 max: 65 slow allocs: 0 max 0 waste:  0.4% gc: 37144B max: 37144B slow: 2592B max: 1752B
[12.712s][debug][gc,ref         ] GC(252) Skipped SoftWeakFinalRefsPhase of Reference Processing: no references
[12.712s][debug][gc,ref         ] GC(252) Skipped KeepAliveFinalRefsPhase of Reference Processing: no references
[12.712s][debug][gc,ref         ] GC(252) Skipped PhantomRefsPhase of Reference Processing: no references
[12.712s][debug][gc,phases,ref  ] GC(252) Reference Processing: 0.0ms
[12.712s][debug][gc,phases,ref  ] GC(252)   Notify Soft/WeakReferences: 0.0ms
[12.712s][debug][gc,phases,ref  ] GC(252)     SoftRef: skipped
[12.712s][debug][gc,phases,ref  ] GC(252)     WeakRef: skipped
[12.712s][debug][gc,phases,ref  ] GC(252)     FinalRef: skipped
[12.712s][debug][gc,phases,ref  ] GC(252)     Total: skipped
[12.712s][debug][gc,phases,ref  ] GC(252)   Notify and keep alive finalizable: 0.0ms
[12.712s][debug][gc,phases,ref  ] GC(252)     FinalRef: skipped
[12.713s][debug][gc,phases,ref  ] GC(252)   Notify PhantomReferences: 0.0ms
[12.713s][debug][gc,phases,ref  ] GC(252)     PhantomRef: skipped
[12.713s][debug][gc,phases,ref  ] GC(252)   SoftReference Discovered: 0, Dropped: 0, Processed: 0
[12.713s][debug][gc,phases,ref  ] GC(252)   WeakReference Discovered: 0, Dropped: 0, Processed: 0
[12.713s][debug][gc,phases,ref  ] GC(252)   FinalReference Discovered: 0, Dropped: 0, Processed: 0
[12.713s][debug][gc,phases,ref  ] GC(252)   PhantomReference Discovered: 0, Dropped: 0, Processed: 0
[12.713s][debug][gc,age         ] GC(252) Desired survivor size 557056 bytes, new threshold 15 (max threshold 15)
[12.713s][info ][gc,heap        ] GC(252) DefNew: 8832K(9920K)->0K(9920K) Eden: 8832K(8832K)->0K(8832K) From: 0K(1088K)->0K(1088K)
[12.713s][info ][gc,heap        ] GC(252) Tenured: 2071K(21888K)->2071K(21888K)
[12.713s][info ][gc,metaspace   ] GC(252) Metaspace: 369K(512K)->369K(512K) NonClass: 306K(384K)->306K(384K) Class: 63K(128K)->63K(128K)
[12.713s][debug][gc,heap        ] GC(252) Heap after GC invocations=253 (full 8):
[12.713s][debug][gc,heap        ] GC(252)  def new generation   total 9920K, used 0K [0x0000120000200000, 0x0000120000cc0000, 0x000012000aca0000)
[12.713s][debug][gc,heap        ] GC(252)   eden space 8832K,   0% used [0x0000120000200000, 0x0000120000200000, 0x0000120000aa0000)
[12.713s][debug][gc,heap        ] GC(252)   from space 1088K,   0% used [0x0000120000bb0000, 0x0000120000bb0100, 0x0000120000cc0000)
[12.713s][debug][gc,heap        ] GC(252)   to   space 1088K,   0% used [0x0000120000aa0000, 0x0000120000aa0000, 0x0000120000bb0000)
[12.713s][debug][gc,heap        ] GC(252)  tenured generation   total 21888K, used 2071K [0x000012000aca0000, 0x000012000c200000, 0x0000120020200000)
[12.713s][debug][gc,heap        ] GC(252)    the space 21888K,   9% used [0x000012000aca0000, 0x000012000aea5db8, 0x000012000aea5e00, 0x000012000c200000)
[12.713s][debug][gc,heap        ] GC(252)  Metaspace       used 369K, committed 512K, reserved 1114112K
[12.713s][debug][gc,heap        ] GC(252)   class space    used 63K, committed 128K, reserved 1048576K
[12.713s][info ][gc             ] GC(252) Pause Young (Allocation Failure) 10M->2M(31M) 0.578ms
[12.713s][info ][gc,cpu         ] GC(252) User=0.00s Sys=0.00s Real=0.00s
[12.713s][info ][safepoint      ] Safepoint "GenCollectForAllocation", Time since last: 61745811 ns, Reaching safepoint: 3735 ns, Cleanup: 3595 ns, At safepoint: 624973 ns, Total: 632303 ns
[12.761s][info ][gc,start       ] GC(253) Pause Young (Allocation Failure)
[12.761s][debug][gc,heap        ] GC(253) Heap before GC invocations=253 (full 8):
[12.761s][debug][gc,heap        ] GC(253)  def new generation   total 9920K, used 8832K [0x0000120000200000, 0x0000120000cc0000, 0x000012000aca0000)
[12.761s][debug][gc,heap        ] GC(253)   eden space 8832K, 100% used [0x0000120000200000, 0x0000120000aa0000, 0x0000120000aa0000)
[12.761s][debug][gc,heap        ] GC(253)   from space 1088K,   0% used [0x0000120000bb0000, 0x0000120000bb0100, 0x0000120000cc0000)
[12.761s][debug][gc,heap        ] GC(253)   to   space 1088K,   0% used [0x0000120000aa0000, 0x0000120000aa0000, 0x0000120000bb0000)
[12.761s][debug][gc,heap        ] GC(253)  tenured generation   total 21888K, used 2071K [0x000012000aca0000, 0x000012000c200000, 0x0000120020200000)
[12.761s][debug][gc,heap        ] GC(253)    the space 21888K,   9% used [0x000012000aca0000, 0x000012000aea5db8, 0x000012000aea5e00, 0x000012000c200000)
[12.761s][debug][gc,heap        ] GC(253)  Metaspace       used 369K, committed 512K, reserved 1114112K
[12.761s][debug][gc,heap        ] GC(253)   class space    used 63K, committed 128K, reserved 1048576K
[12.761s][debug][gc,tlab        ] GC(253) TLAB totals: thrds: 2  refills: 102 max: 56 slow allocs: 0 max 0 waste:  0.2% gc: 17392B max: 17392B slow: 2320B max: 1232B
[12.761s][debug][gc,ref         ] GC(253) Skipped SoftWeakFinalRefsPhase of Reference Processing: no references
[12.761s][debug][gc,ref         ] GC(253) Skipped KeepAliveFinalRefsPhase of Reference Processing: no references
[12.761s][debug][gc,ref         ] GC(253) Skipped PhantomRefsPhase of Reference Processing: no references
[12.761s][debug][gc,phases,ref  ] GC(253) Reference Processing: 0.0ms
[12.761s][debug][gc,phases,ref  ] GC(253)   Notify Soft/WeakReferences: 0.0ms
[12.761s][debug][gc,phases,ref  ] GC(253)     SoftRef: skipped
[12.761s][debug][gc,phases,ref  ] GC(253)     WeakRef: skipped
[12.762s][debug][gc,phases,ref  ] GC(253)     FinalRef: skipped
[12.762s][debug][gc,phases,ref  ] GC(253)     Total: skipped
[12.762s][debug][gc,phases,ref  ] GC(253)   Notify and keep alive finalizable: 0.0ms
[12.762s][debug][gc,phases,ref  ] GC(253)     FinalRef: skipped
[12.762s][debug][gc,phases,ref  ] GC(253)   Notify PhantomReferences: 0.0ms
[12.762s][debug][gc,phases,ref  ] GC(253)     PhantomRef: skipped
[12.762s][debug][gc,phases,ref  ] GC(253)   SoftReference Discovered: 0, Dropped: 0, Processed: 0
[12.762s][debug][gc,phases,ref  ] GC(253)   WeakReference Discovered: 0, Dropped: 0, Processed: 0
[12.762s][debug][gc,phases,ref  ] GC(253)   FinalReference Discovered: 0, Dropped: 0, Processed: 0
[12.762s][debug][gc,phases,ref  ] GC(253)   PhantomReference Discovered: 0, Dropped: 0, Processed: 0
[12.762s][debug][gc,age         ] GC(253) Desired survivor size 557056 bytes, new threshold 15 (max threshold 15)
[12.762s][info ][gc,heap        ] GC(253) DefNew: 8832K(9920K)->0K(9920K) Eden: 8832K(8832K)->0K(8832K) From: 0K(1088K)->0K(1088K)
[12.762s][info ][gc,heap        ] GC(253) Tenured: 2071K(21888K)->2071K(21888K)
[12.762s][info ][gc,metaspace   ] GC(253) Metaspace: 369K(512K)->369K(512K) NonClass: 306K(384K)->306K(384K) Class: 63K(128K)->63K(128K)
[12.762s][debug][gc,heap        ] GC(253) Heap after GC invocations=254 (full 8):
[12.762s][debug][gc,heap        ] GC(253)  def new generation   total 9920K, used 0K [0x0000120000200000, 0x0000120000cc0000, 0x000012000aca0000)
[12.762s][debug][gc,heap        ] GC(253)   eden space 8832K,   0% used [0x0000120000200000, 0x0000120000200000, 0x0000120000aa0000)
[12.762s][debug][gc,heap        ] GC(253)   from space 1088K,   0% used [0x0000120000aa0000, 0x0000120000aa0168, 0x0000120000bb0000)
[12.762s][debug][gc,heap        ] GC(253)   to   space 1088K,   0% used [0x0000120000bb0000, 0x0000120000bb0000, 0x0000120000cc0000)
[12.762s][debug][gc,heap        ] GC(253)  tenured generation   total 21888K, used 2071K [0x000012000aca0000, 0x000012000c200000, 0x0000120020200000)
[12.762s][debug][gc,heap        ] GC(253)    the space 21888K,   9% used [0x000012000aca0000, 0x000012000aea5db8, 0x000012000aea5e00, 0x000012000c200000)
[12.762s][debug][gc,heap        ] GC(253)  Metaspace       used 369K, committed 512K, reserved 1114112K
[12.762s][debug][gc,heap        ] GC(253)   class space    used 63K, committed 128K, reserved 1048576K
[12.762s][info ][gc             ] GC(253) Pause Young (Allocation Failure) 10M->2M(31M) 0.610ms
[12.762s][info ][gc,cpu         ] GC(253) User=0.00s Sys=0.00s Real=0.00s
[12.762s][info ][safepoint      ] Safepoint "GenCollectForAllocation", Time since last: 48370116 ns, Reaching safepoint: 3228 ns, Cleanup: 3545 ns, At safepoint: 657283 ns, Total: 664056 ns
[12.810s][info ][gc,start       ] GC(254) Pause Young (Allocation Failure)
[12.810s][debug][gc,heap        ] GC(254) Heap before GC invocations=254 (full 8):
[12.810s][debug][gc,heap        ] GC(254)  def new generation   total 9920K, used 8832K [0x0000120000200000, 0x0000120000cc0000, 0x000012000aca0000)
[12.810s][debug][gc,heap        ] GC(254)   eden space 8832K, 100% used [0x0000120000200000, 0x0000120000aa0000, 0x0000120000aa0000)
[12.810s][debug][gc,heap        ] GC(254)   from space 1088K,   0% used [0x0000120000aa0000, 0x0000120000aa0168, 0x0000120000bb0000)
[12.810s][debug][gc,heap        ] GC(254)   to   space 1088K,   0% used [0x0000120000bb0000, 0x0000120000bb0000, 0x0000120000cc0000)
[12.810s][debug][gc,heap        ] GC(254)  tenured generation   total 21888K, used 2071K [0x000012000aca0000, 0x000012000c200000, 0x0000120020200000)
[12.810s][debug][gc,heap        ] GC(254)    the space 21888K,   9% used [0x000012000aca0000, 0x000012000aea5db8, 0x000012000aea5e00, 0x000012000c200000)
[12.810s][debug][gc,heap        ] GC(254)  Metaspace       used 369K, committed 512K, reserved 1114112K
[12.810s][debug][gc,heap        ] GC(254)   class space    used 63K, committed 128K, reserved 1048576K
[12.810s][debug][gc,tlab        ] GC(254) TLAB totals: thrds: 2  refills: 101 max: 54 slow allocs: 0 max 0 waste:  0.3% gc: 27584B max: 27584B slow: 2800B max: 1544B
[12.810s][debug][gc,ref         ] GC(254) Skipped SoftWeakFinalRefsPhase of Reference Processing: no references
[12.810s][debug][gc,ref         ] GC(254) Skipped KeepAliveFinalRefsPhase of Reference Processing: no references
[12.810s][debug][gc,ref         ] GC(254) Skipped PhantomRefsPhase of Reference Processing: no references
[12.810s][debug][gc,phases,ref  ] GC(254) Reference Processing: 0.0ms
[12.810s][debug][gc,phases,ref  ] GC(254)   Notify Soft/WeakReferences: 0.0ms
[12.810s][debug][gc,phases,ref  ] GC(254)     SoftRef: skipped
[12.810s][debug][gc,phases,ref  ] GC(254)     WeakRef: skipped
[12.810s][debug][gc,phases,ref  ] GC(254)     FinalRef: skipped
[12.810s][debug][gc,phases,ref  ] GC(254)     Total: skipped
[12.810s][debug][gc,phases,ref  ] GC(254)   Notify and keep alive finalizable: 0.0ms
[12.810s][debug][gc,phases,ref  ] GC(254)     FinalRef: skipped
[12.810s][debug][gc,phases,ref  ] GC(254)   Notify PhantomReferences: 0.0ms
[12.810s][debug][gc,phases,ref  ] GC(254)     PhantomRef: skipped
[12.810s][debug][gc,phases,ref  ] GC(254)   SoftReference Discovered: 0, Dropped: 0, Processed: 0
[12.810s][debug][gc,phases,ref  ] GC(254)   WeakReference Discovered: 0, Dropped: 0, Processed: 0
[12.810s][debug][gc,phases,ref  ] GC(254)   FinalReference Discovered: 0, Dropped: 0, Processed: 0
[12.810s][debug][gc,phases,ref  ] GC(254)   PhantomReference Discovered: 0, Dropped: 0, Processed: 0
[12.810s][debug][gc,age         ] GC(254) Desired survivor size 557056 bytes, new threshold 15 (max threshold 15)
[12.810s][info ][gc,heap        ] GC(254) DefNew: 8832K(9920K)->0K(9920K) Eden: 8832K(8832K)->0K(8832K) From: 0K(1088K)->0K(1088K)
[12.810s][info ][gc,heap        ] GC(254) Tenured: 2071K(21888K)->2071K(21888K)
[12.810s][info ][gc,metaspace   ] GC(254) Metaspace: 369K(512K)->369K(512K) NonClass: 306K(384K)->306K(384K) Class: 63K(128K)->63K(128K)
[12.810s][debug][gc,heap        ] GC(254) Heap after GC invocations=255 (full 8):
[12.810s][debug][gc,heap        ] GC(254)  def new generation   total 9920K, used 0K [0x0000120000200000, 0x0000120000cc0000, 0x000012000aca0000)
[12.810s][debug][gc,heap        ] GC(254)   eden space 8832K,   0% used [0x0000120000200000, 0x0000120000200000, 0x0000120000aa0000)
[12.810s][debug][gc,heap        ] GC(254)   from space 1088K,   0% used [0x0000120000bb0000, 0x0000120000bb0110, 0x0000120000cc0000)
[12.810s][debug][gc,heap        ] GC(254)   to   space 1088K,   0% used [0x0000120000aa0000, 0x0000120000aa0000, 0x0000120000bb0000)
[12.810s][debug][gc,heap        ] GC(254)  tenured generation   total 21888K, used 2071K [0x000012000aca0000, 0x000012000c200000, 0x0000120020200000)
[12.810s][debug][gc,heap        ] GC(254)    the space 21888K,   9% used [0x000012000aca0000, 0x000012000aea5db8, 0x000012000aea5e00, 0x000012000c200000)
[12.810s][debug][gc,heap        ] GC(254)  Metaspace       used 369K, committed 512K, reserved 1114112K
[12.810s][debug][gc,heap        ] GC(254)   class space    used 63K, committed 128K, reserved 1048576K
[12.810s][info ][gc             ] GC(254) Pause Young (Allocation Failure) 10M->2M(31M) 0.457ms
[12.810s][info ][gc,cpu         ] GC(254) User=0.00s Sys=0.00s Real=0.01s
[12.810s][info ][safepoint      ] Safepoint "GenCollectForAllocation", Time since last: 48112387 ns, Reaching safepoint: 3145 ns, Cleanup: 3764 ns, At safepoint: 477826 ns, Total: 484735 ns
[12.872s][info ][gc,start       ] GC(255) Pause Young (Allocation Failure)
[12.872s][debug][gc,heap        ] GC(255) Heap before GC invocations=255 (full 8):
[12.872s][debug][gc,heap        ] GC(255)  def new generation   total 9920K, used 8832K [0x0000120000200000, 0x0000120000cc0000, 0x000012000aca0000)
[12.872s][debug][gc,heap        ] GC(255)   eden space 8832K, 100% used [0x0000120000200000, 0x0000120000aa0000, 0x0000120000aa0000)
[12.872s][debug][gc,heap        ] GC(255)   from space 1088K,   0% used [0x0000120000bb0000, 0x0000120000bb0110, 0x0000120000cc0000)
[12.872s][debug][gc,heap        ] GC(255)   to   space 1088K,   0% used [0x0000120000aa0000, 0x0000120000aa0000, 0x0000120000bb0000)
[12.872s][debug][gc,heap        ] GC(255)  tenured generation   total 21888K, used 2071K [0x000012000aca0000, 0x000012000c200000, 0x0000120020200000)
[12.872s][debug][gc,heap        ] GC(255)    the space 21888K,   9% used [0x000012000aca0000, 0x000012000aea5db8, 0x000012000aea5e00, 0x000012000c200000)
[12.872s][debug][gc,heap        ] GC(255)  Metaspace       used 369K, committed 512K, reserved 1114112K
[12.872s][debug][gc,heap        ] GC(255)   class space    used 63K, committed 128K, reserved 1048576K
[12.872s][debug][gc,tlab        ] GC(255) TLAB totals: thrds: 2  refills: 100 max: 61 slow allocs: 0 max 0 waste:  0.3% gc: 21808B max: 21808B slow: 3112B max: 2112B
[12.872s][debug][gc,ref         ] GC(255) Skipped SoftWeakFinalRefsPhase of Reference Processing: no references
[12.872s][debug][gc,ref         ] GC(255) Skipped KeepAliveFinalRefsPhase of Reference Processing: no references
[12.872s][debug][gc,ref         ] GC(255) Skipped PhantomRefsPhase of Reference Processing: no references
[12.872s][debug][gc,phases,ref  ] GC(255) Reference Processing: 0.0ms
[12.872s][debug][gc,phases,ref  ] GC(255)   Notify Soft/WeakReferences: 0.0ms
[12.872s][debug][gc,phases,ref  ] GC(255)     SoftRef: skipped
[12.872s][debug][gc,phases,ref  ] GC(255)     WeakRef: skipped
[12.872s][debug][gc,phases,ref  ] GC(255)     FinalRef: skipped
[12.872s][debug][gc,phases,ref  ] GC(255)     Total: skipped
[12.872s][debug][gc,phases,ref  ] GC(255)   Notify and keep alive finalizable: 0.0ms
[12.872s][debug][gc,phases,ref  ] GC(255)     FinalRef: skipped
[12.872s][debug][gc,phases,ref  ] GC(255)   Notify PhantomReferences: 0.0ms
[12.872s][debug][gc,phases,ref  ] GC(255)     PhantomRef: skipped
[12.872s][debug][gc,phases,ref  ] GC(255)   SoftReference Discovered: 0, Dropped: 0, Processed: 0
[12.872s][debug][gc,phases,ref  ] GC(255)   WeakReference Discovered: 0, Dropped: 0, Processed: 0
[12.872s][debug][gc,phases,ref  ] GC(255)   FinalReference Discovered: 0, Dropped: 0, Processed: 0
[12.872s][debug][gc,phases,ref  ] GC(255)   PhantomReference Discovered: 0, Dropped: 0, Processed: 0
[12.872s][debug][gc,age         ] GC(255) Desired survivor size 557056 bytes, new threshold 15 (max threshold 15)
[12.872s][info ][gc,heap        ] GC(255) DefNew: 8832K(9920K)->0K(9920K) Eden: 8832K(8832K)->0K(8832K) From: 0K(1088K)->0K(1088K)
[12.872s][info ][gc,heap        ] GC(255) Tenured: 2071K(21888K)->2071K(21888K)
[12.872s][info ][gc,metaspace   ] GC(255) Metaspace: 369K(512K)->369K(512K) NonClass: 306K(384K)->306K(384K) Class: 63K(128K)->63K(128K)
[12.872s][debug][gc,heap        ] GC(255) Heap after GC invocations=256 (full 8):
[12.872s][debug][gc,heap        ] GC(255)  def new generation   total 9920K, used 0K [0x0000120000200000, 0x0000120000cc0000, 0x000012000aca0000)
[12.872s][debug][gc,heap        ] GC(255)   eden space 8832K,   0% used [0x0000120000200000, 0x0000120000200000, 0x0000120000aa0000)
[12.872s][debug][gc,heap        ] GC(255)   from space 1088K,   0% used [0x0000120000aa0000, 0x0000120000aa0160, 0x0000120000bb0000)
[12.872s][debug][gc,heap        ] GC(255)   to   space 1088K,   0% used [0x0000120000bb0000, 0x0000120000bb0000, 0x0000120000cc0000)
[12.872s][debug][gc,heap        ] GC(255)  tenured generation   total 21888K, used 2071K [0x000012000aca0000, 0x000012000c200000, 0x0000120020200000)
[12.872s][debug][gc,heap        ] GC(255)    the space 21888K,   9% used [0x000012000aca0000, 0x000012000aea5db8, 0x000012000aea5e00, 0x000012000c200000)
[12.872s][debug][gc,heap        ] GC(255)  Metaspace       used 369K, committed 512K, reserved 1114112K
[12.872s][debug][gc,heap        ] GC(255)   class space    used 63K, committed 128K, reserved 1048576K
[12.872s][info ][gc             ] GC(255) Pause Young (Allocation Failure) 10M->2M(31M) 0.635ms
[12.872s][info ][gc,cpu         ] GC(255) User=0.00s Sys=0.00s Real=0.00s
[12.872s][info ][safepoint      ] Safepoint "GenCollectForAllocation", Time since last: 61278589 ns, Reaching safepoint: 3511 ns, Cleanup: 3715 ns, At safepoint: 680149 ns, Total: 687375 ns
[12.920s][info ][gc,start       ] GC(256) Pause Young (Allocation Failure)
[12.920s][debug][gc,heap        ] GC(256) Heap before GC invocations=256 (full 8):
[12.920s][debug][gc,heap        ] GC(256)  def new generation   total 9920K, used 8832K [0x0000120000200000, 0x0000120000cc0000, 0x000012000aca0000)
[12.920s][debug][gc,heap        ] GC(256)   eden space 8832K, 100% used [0x0000120000200000, 0x0000120000aa0000, 0x0000120000aa0000)
[12.920s][debug][gc,heap        ] GC(256)   from space 1088K,   0% used [0x0000120000aa0000, 0x0000120000aa0160, 0x0000120000bb0000)
[12.920s][debug][gc,heap        ] GC(256)   to   space 1088K,   0% used [0x0000120000bb0000, 0x0000120000bb0000, 0x0000120000cc0000)
[12.920s][debug][gc,heap        ] GC(256)  tenured generation   total 21888K, used 2071K [0x000012000aca0000, 0x000012000c200000, 0x0000120020200000)
[12.920s][debug][gc,heap        ] GC(256)    the space 21888K,   9% used [0x000012000aca0000, 0x000012000aea5db8, 0x000012000aea5e00, 0x000012000c200000)
[12.920s][debug][gc,heap        ] GC(256)  Metaspace       used 369K, committed 512K, reserved 1114112K
[12.920s][debug][gc,heap        ] GC(256)   class space    used 63K, committed 128K, reserved 1048576K
[12.921s][debug][gc,tlab        ] GC(256) TLAB totals: thrds: 2  refills: 102 max: 56 slow allocs: 0 max 0 waste:  0.2% gc: 19264B max: 19264B slow: 2656B max: 1456B
[12.921s][debug][gc,ref         ] GC(256) Skipped SoftWeakFinalRefsPhase of Reference Processing: no references
[12.921s][debug][gc,ref         ] GC(256) Skipped KeepAliveFinalRefsPhase of Reference Processing: no references
[12.921s][debug][gc,ref         ] GC(256) Skipped PhantomRefsPhase of Reference Processing: no references
[12.921s][debug][gc,phases,ref  ] GC(256) Reference Processing: 0.0ms
[12.921s][debug][gc,phases,ref  ] GC(256)   Notify Soft/WeakReferences: 0.0ms
[12.921s][debug][gc,phases,ref  ] GC(256)     SoftRef: skipped
[12.921s][debug][gc,phases,ref  ] GC(256)     WeakRef: skipped
[12.921s][debug][gc,phases,ref  ] GC(256)     FinalRef: skipped
[12.921s][debug][gc,phases,ref  ] GC(256)     Total: skipped
[12.921s][debug][gc,phases,ref  ] GC(256)   Notify and keep alive finalizable: 0.0ms
[12.921s][debug][gc,phases,ref  ] GC(256)     FinalRef: skipped
[12.921s][debug][gc,phases,ref  ] GC(256)   Notify PhantomReferences: 0.0ms
[12.921s][debug][gc,phases,ref  ] GC(256)     PhantomRef: skipped
[12.921s][debug][gc,phases,ref  ] GC(256)   SoftReference Discovered: 0, Dropped: 0, Processed: 0
[12.921s][debug][gc,phases,ref  ] GC(256)   WeakReference Discovered: 0, Dropped: 0, Processed: 0
[12.921s][debug][gc,phases,ref  ] GC(256)   FinalReference Discovered: 0, Dropped: 0, Processed: 0
[12.921s][debug][gc,phases,ref  ] GC(256)   PhantomReference Discovered: 0, Dropped: 0, Processed: 0
[12.921s][debug][gc,age         ] GC(256) Desired survivor size 557056 bytes, new threshold 15 (max threshold 15)
[12.921s][info ][gc,heap        ] GC(256) DefNew: 8832K(9920K)->0K(9920K) Eden: 8832K(8832K)->0K(8832K) From: 0K(1088K)->0K(1088K)
[12.921s][info ][gc,heap        ] GC(256) Tenured: 2071K(21888K)->2071K(21888K)
[12.921s][info ][gc,metaspace   ] GC(256) Metaspace: 369K(512K)->369K(512K) NonClass: 306K(384K)->306K(384K) Class: 63K(128K)->63K(128K)
[12.921s][debug][gc,heap        ] GC(256) Heap after GC invocations=257 (full 8):
[12.921s][debug][gc,heap        ] GC(256)  def new generation   total 9920K, used 0K [0x0000120000200000, 0x0000120000cc0000, 0x000012000aca0000)
[12.921s][debug][gc,heap        ] GC(256)   eden space 8832K,   0% used [0x0000120000200000, 0x0000120000200000, 0x0000120000aa0000)
[12.921s][debug][gc,heap        ] GC(256)   from space 1088K,   0% used [0x0000120000bb0000, 0x0000120000bb0160, 0x0000120000cc0000)
[12.921s][debug][gc,heap        ] GC(256)   to   space 1088K,   0% used [0x0000120000aa0000, 0x0000120000aa0000, 0x0000120000bb0000)
[12.921s][debug][gc,heap        ] GC(256)  tenured generation   total 21888K, used 2071K [0x000012000aca0000, 0x000012000c200000, 0x0000120020200000)
[12.921s][debug][gc,heap        ] GC(256)    the space 21888K,   9% used [0x000012000aca0000, 0x000012000aea5db8, 0x000012000aea5e00, 0x000012000c200000)
[12.921s][debug][gc,heap        ] GC(256)  Metaspace       used 369K, committed 512K, reserved 1114112K
[12.921s][debug][gc,heap        ] GC(256)   class space    used 63K, committed 128K, reserved 1048576K
[12.921s][info ][gc             ] GC(256) Pause Young (Allocation Failure) 10M->2M(31M) 0.575ms
[12.921s][info ][gc,cpu         ] GC(256) User=0.00s Sys=0.00s Real=0.00s
[12.921s][info ][safepoint      ] Safepoint "GenCollectForAllocation", Time since last: 47874312 ns, Reaching safepoint: 76794 ns, Cleanup: 3440 ns, At safepoint: 617982 ns, Total: 698216 ns
[12.968s][info ][gc,start       ] GC(257) Pause Young (Allocation Failure)
[12.968s][debug][gc,heap        ] GC(257) Heap before GC invocations=257 (full 8):
[12.968s][debug][gc,heap        ] GC(257)  def new generation   total 9920K, used 8832K [0x0000120000200000, 0x0000120000cc0000, 0x000012000aca0000)
[12.968s][debug][gc,heap        ] GC(257)   eden space 8832K, 100% used [0x0000120000200000, 0x0000120000aa0000, 0x0000120000aa0000)
[12.968s][debug][gc,heap        ] GC(257)   from space 1088K,   0% used [0x0000120000bb0000, 0x0000120000bb0160, 0x0000120000cc0000)
[12.968s][debug][gc,heap        ] GC(257)   to   space 1088K,   0% used [0x0000120000aa0000, 0x0000120000aa0000, 0x0000120000bb0000)
[12.968s][debug][gc,heap        ] GC(257)  tenured generation   total 21888K, used 2071K [0x000012000aca0000, 0x000012000c200000, 0x0000120020200000)
[12.968s][debug][gc,heap        ] GC(257)    the space 21888K,   9% used [0x000012000aca0000, 0x000012000aea5db8, 0x000012000aea5e00, 0x000012000c200000)
[12.968s][debug][gc,heap        ] GC(257)  Metaspace       used 369K, committed 512K, reserved 1114112K
[12.969s][debug][gc,heap        ] GC(257)   class space    used 63K, committed 128K, reserved 1048576K
[12.969s][debug][gc,tlab        ] GC(257) TLAB totals: thrds: 2  refills: 101 max: 54 slow allocs: 0 max 0 waste:  0.4% gc: 38248B max: 38248B slow: 2304B max: 1256B
[12.969s][debug][gc,ref         ] GC(257) Skipped SoftWeakFinalRefsPhase of Reference Processing: no references
[12.969s][debug][gc,ref         ] GC(257) Skipped KeepAliveFinalRefsPhase of Reference Processing: no references
[12.969s][debug][gc,ref         ] GC(257) Skipped PhantomRefsPhase of Reference Processing: no references
[12.969s][debug][gc,phases,ref  ] GC(257) Reference Processing: 0.0ms
[12.969s][debug][gc,phases,ref  ] GC(257)   Notify Soft/WeakReferences: 0.0ms
[12.969s][debug][gc,phases,ref  ] GC(257)     SoftRef: skipped
[12.969s][debug][gc,phases,ref  ] GC(257)     WeakRef: skipped
[12.969s][debug][gc,phases,ref  ] GC(257)     FinalRef: skipped
[12.969s][debug][gc,phases,ref  ] GC(257)     Total: skipped
[12.969s][debug][gc,phases,ref  ] GC(257)   Notify and keep alive finalizable: 0.0ms
[12.969s][debug][gc,phases,ref  ] GC(257)     FinalRef: skipped
[12.969s][debug][gc,phases,ref  ] GC(257)   Notify PhantomReferences: 0.0ms
[12.969s][debug][gc,phases,ref  ] GC(257)     PhantomRef: skipped
[12.969s][debug][gc,phases,ref  ] GC(257)   SoftReference Discovered: 0, Dropped: 0, Processed: 0
[12.969s][debug][gc,phases,ref  ] GC(257)   WeakReference Discovered: 0, Dropped: 0, Processed: 0
[12.969s][debug][gc,phases,ref  ] GC(257)   FinalReference Discovered: 0, Dropped: 0, Processed: 0
[12.969s][debug][gc,phases,ref  ] GC(257)   PhantomReference Discovered: 0, Dropped: 0, Processed: 0
[12.969s][debug][gc,age         ] GC(257) Desired survivor size 557056 bytes, new threshold 15 (max threshold 15)
[12.969s][info ][gc,heap        ] GC(257) DefNew: 8832K(9920K)->0K(9920K) Eden: 8832K(8832K)->0K(8832K) From: 0K(1088K)->0K(1088K)
[12.969s][info ][gc,heap        ] GC(257) Tenured: 2071K(21888K)->2071K(21888K)
[12.969s][info ][gc,metaspace   ] GC(257) Metaspace: 369K(512K)->369K(512K) NonClass: 306K(384K)->306K(384K) Class: 63K(128K)->63K(128K)
[12.969s][debug][gc,heap        ] GC(257) Heap after GC invocations=258 (full 8):
[12.969s][debug][gc,heap        ] GC(257)  def new generation   total 9920K, used 0K [0x0000120000200000, 0x0000120000cc0000, 0x000012000aca0000)
[12.969s][debug][gc,heap        ] GC(257)   eden space 8832K,   0% used [0x0000120000200000, 0x0000120000200000, 0x0000120000aa0000)
[12.969s][debug][gc,heap        ] GC(257)   from space 1088K,   0% used [0x0000120000aa0000, 0x0000120000aa00f8, 0x0000120000bb0000)
[12.969s][debug][gc,heap        ] GC(257)   to   space 1088K,   0% used [0x0000120000bb0000, 0x0000120000bb0000, 0x0000120000cc0000)
[12.969s][debug][gc,heap        ] GC(257)  tenured generation   total 21888K, used 2071K [0x000012000aca0000, 0x000012000c200000, 0x0000120020200000)
[12.969s][debug][gc,heap        ] GC(257)    the space 21888K,   9% used [0x000012000aca0000, 0x000012000aea5db8, 0x000012000aea5e00, 0x000012000c200000)
[12.969s][debug][gc,heap        ] GC(257)  Metaspace       used 369K, committed 512K, reserved 1114112K
[12.969s][debug][gc,heap        ] GC(257)   class space    used 63K, committed 128K, reserved 1048576K
[12.969s][info ][gc             ] GC(257) Pause Young (Allocation Failure) 10M->2M(31M) 0.578ms
[12.969s][info ][gc,cpu         ] GC(257) User=0.00s Sys=0.00s Real=0.00s
[12.969s][info ][safepoint      ] Safepoint "GenCollectForAllocation", Time since last: 47396369 ns, Reaching safepoint: 3158 ns, Cleanup: 3649 ns, At safepoint: 624820 ns, Total: 631627 ns
[13.017s][info ][gc,start       ] GC(258) Pause Young (Allocation Failure)
[13.017s][debug][gc,heap        ] GC(258) Heap before GC invocations=258 (full 8):
[13.017s][debug][gc,heap        ] GC(258)  def new generation   total 9920K, used 8832K [0x0000120000200000, 0x0000120000cc0000, 0x000012000aca0000)
[13.017s][debug][gc,heap        ] GC(258)   eden space 8832K, 100% used [0x0000120000200000, 0x0000120000aa0000, 0x0000120000aa0000)
[13.017s][debug][gc,heap        ] GC(258)   from space 1088K,   0% used [0x0000120000aa0000, 0x0000120000aa00f8, 0x0000120000bb0000)
[13.017s][debug][gc,heap        ] GC(258)   to   space 1088K,   0% used [0x0000120000bb0000, 0x0000120000bb0000, 0x0000120000cc0000)
[13.017s][debug][gc,heap        ] GC(258)  tenured generation   total 21888K, used 2071K [0x000012000aca0000, 0x000012000c200000, 0x0000120020200000)
[13.017s][debug][gc,heap        ] GC(258)    the space 21888K,   9% used [0x000012000aca0000, 0x000012000aea5db8, 0x000012000aea5e00, 0x000012000c200000)
[13.017s][debug][gc,heap        ] GC(258)  Metaspace       used 369K, committed 512K, reserved 1114112K
[13.017s][debug][gc,heap        ] GC(258)   class space    used 63K, committed 128K, reserved 1048576K
[13.017s][debug][gc,tlab        ] GC(258) TLAB totals: thrds: 2  refills: 101 max: 53 slow allocs: 0 max 0 waste:  0.1% gc: 5656B max: 5656B slow: 2688B max: 1432B
[13.017s][debug][gc,ref         ] GC(258) Skipped SoftWeakFinalRefsPhase of Reference Processing: no references
[13.017s][debug][gc,ref         ] GC(258) Skipped KeepAliveFinalRefsPhase of Reference Processing: no references
[13.017s][debug][gc,ref         ] GC(258) Skipped PhantomRefsPhase of Reference Processing: no references
[13.017s][debug][gc,phases,ref  ] GC(258) Reference Processing: 0.0ms
[13.017s][debug][gc,phases,ref  ] GC(258)   Notify Soft/WeakReferences: 0.0ms
[13.017s][debug][gc,phases,ref  ] GC(258)     SoftRef: skipped
[13.017s][debug][gc,phases,ref  ] GC(258)     WeakRef: skipped
[13.017s][debug][gc,phases,ref  ] GC(258)     FinalRef: skipped
[13.017s][debug][gc,phases,ref  ] GC(258)     Total: skipped
[13.017s][debug][gc,phases,ref  ] GC(258)   Notify and keep alive finalizable: 0.0ms
[13.017s][debug][gc,phases,ref  ] GC(258)     FinalRef: skipped
[13.017s][debug][gc,phases,ref  ] GC(258)   Notify PhantomReferences: 0.0ms
[13.017s][debug][gc,phases,ref  ] GC(258)     PhantomRef: skipped
[13.017s][debug][gc,phases,ref  ] GC(258)   SoftReference Discovered: 0, Dropped: 0, Processed: 0
[13.017s][debug][gc,phases,ref  ] GC(258)   WeakReference Discovered: 0, Dropped: 0, Processed: 0
[13.017s][debug][gc,phases,ref  ] GC(258)   FinalReference Discovered: 0, Dropped: 0, Processed: 0
[13.017s][debug][gc,phases,ref  ] GC(258)   PhantomReference Discovered: 0, Dropped: 0, Processed: 0
[13.018s][debug][gc,age         ] GC(258) Desired survivor size 557056 bytes, new threshold 15 (max threshold 15)
[13.018s][info ][gc,heap        ] GC(258) DefNew: 8832K(9920K)->0K(9920K) Eden: 8832K(8832K)->0K(8832K) From: 0K(1088K)->0K(1088K)
[13.018s][info ][gc,heap        ] GC(258) Tenured: 2071K(21888K)->2071K(21888K)
[13.018s][info ][gc,metaspace   ] GC(258) Metaspace: 369K(512K)->369K(512K) NonClass: 306K(384K)->306K(384K) Class: 63K(128K)->63K(128K)
[13.018s][debug][gc,heap        ] GC(258) Heap after GC invocations=259 (full 8):
[13.018s][debug][gc,heap        ] GC(258)  def new generation   total 9920K, used 0K [0x0000120000200000, 0x0000120000cc0000, 0x000012000aca0000)
[13.018s][debug][gc,heap        ] GC(258)   eden space 8832K,   0% used [0x0000120000200000, 0x0000120000200000, 0x0000120000aa0000)
[13.018s][debug][gc,heap        ] GC(258)   from space 1088K,   0% used [0x0000120000bb0000, 0x0000120000bb0110, 0x0000120000cc0000)
[13.018s][debug][gc,heap        ] GC(258)   to   space 1088K,   0% used [0x0000120000aa0000, 0x0000120000aa0000, 0x0000120000bb0000)
[13.018s][debug][gc,heap        ] GC(258)  tenured generation   total 21888K, used 2071K [0x000012000aca0000, 0x000012000c200000, 0x0000120020200000)
[13.018s][debug][gc,heap        ] GC(258)    the space 21888K,   9% used [0x000012000aca0000, 0x000012000aea5db8, 0x000012000aea5e00, 0x000012000c200000)
[13.018s][debug][gc,heap        ] GC(258)  Metaspace       used 369K, committed 512K, reserved 1114112K
[13.018s][debug][gc,heap        ] GC(258)   class space    used 63K, committed 128K, reserved 1048576K
[13.018s][info ][gc             ] GC(258) Pause Young (Allocation Failure) 10M->2M(31M) 0.723ms
[13.018s][info ][gc,cpu         ] GC(258) User=0.00s Sys=0.00s Real=0.00s
[13.018s][info ][safepoint      ] Safepoint "GenCollectForAllocation", Time since last: 47950784 ns, Reaching safepoint: 3618 ns, Cleanup: 3787 ns, At safepoint: 770599 ns, Total: 778004 ns
[13.066s][info ][gc,start       ] GC(259) Pause Young (Allocation Failure)
[13.066s][debug][gc,heap        ] GC(259) Heap before GC invocations=259 (full 8):
[13.066s][debug][gc,heap        ] GC(259)  def new generation   total 9920K, used 8832K [0x0000120000200000, 0x0000120000cc0000, 0x000012000aca0000)
[13.066s][debug][gc,heap        ] GC(259)   eden space 8832K, 100% used [0x0000120000200000, 0x0000120000aa0000, 0x0000120000aa0000)
[13.066s][debug][gc,heap        ] GC(259)   from space 1088K,   0% used [0x0000120000bb0000, 0x0000120000bb0110, 0x0000120000cc0000)
[13.066s][debug][gc,heap        ] GC(259)   to   space 1088K,   0% used [0x0000120000aa0000, 0x0000120000aa0000, 0x0000120000bb0000)
[13.066s][debug][gc,heap        ] GC(259)  tenured generation   total 21888K, used 2071K [0x000012000aca0000, 0x000012000c200000, 0x0000120020200000)
[13.066s][debug][gc,heap        ] GC(259)    the space 21888K,   9% used [0x000012000aca0000, 0x000012000aea5db8, 0x000012000aea5e00, 0x000012000c200000)
[13.066s][debug][gc,heap        ] GC(259)  Metaspace       used 369K, committed 512K, reserved 1114112K
[13.066s][debug][gc,heap        ] GC(259)   class space    used 63K, committed 128K, reserved 1048576K
[13.066s][debug][gc,tlab        ] GC(259) TLAB totals: thrds: 2  refills: 101 max: 51 slow allocs: 0 max 0 waste:  0.3% gc: 29528B max: 29528B slow: 1704B max: 920B
[13.066s][debug][gc,ref         ] GC(259) Skipped SoftWeakFinalRefsPhase of Reference Processing: no references
[13.066s][debug][gc,ref         ] GC(259) Skipped KeepAliveFinalRefsPhase of Reference Processing: no references
[13.066s][debug][gc,ref         ] GC(259) Skipped PhantomRefsPhase of Reference Processing: no references
[13.066s][debug][gc,phases,ref  ] GC(259) Reference Processing: 0.0ms
[13.066s][debug][gc,phases,ref  ] GC(259)   Notify Soft/WeakReferences: 0.0ms
[13.066s][debug][gc,phases,ref  ] GC(259)     SoftRef: skipped
[13.066s][debug][gc,phases,ref  ] GC(259)     WeakRef: skipped
[13.066s][debug][gc,phases,ref  ] GC(259)     FinalRef: skipped
[13.066s][debug][gc,phases,ref  ] GC(259)     Total: skipped
[13.066s][debug][gc,phases,ref  ] GC(259)   Notify and keep alive finalizable: 0.0ms
[13.066s][debug][gc,phases,ref  ] GC(259)     FinalRef: skipped
[13.066s][debug][gc,phases,ref  ] GC(259)   Notify PhantomReferences: 0.0ms
[13.066s][debug][gc,phases,ref  ] GC(259)     PhantomRef: skipped
[13.066s][debug][gc,phases,ref  ] GC(259)   SoftReference Discovered: 0, Dropped: 0, Processed: 0
[13.066s][debug][gc,phases,ref  ] GC(259)   WeakReference Discovered: 0, Dropped: 0, Processed: 0
[13.066s][debug][gc,phases,ref  ] GC(259)   FinalReference Discovered: 0, Dropped: 0, Processed: 0
[13.066s][debug][gc,phases,ref  ] GC(259)   PhantomReference Discovered: 0, Dropped: 0, Processed: 0
[13.066s][debug][gc,age         ] GC(259) Desired survivor size 557056 bytes, new threshold 15 (max threshold 15)
[13.066s][info ][gc,heap        ] GC(259) DefNew: 8832K(9920K)->0K(9920K) Eden: 8832K(8832K)->0K(8832K) From: 0K(1088K)->0K(1088K)
[13.066s][info ][gc,heap        ] GC(259) Tenured: 2071K(21888K)->2071K(21888K)
[13.066s][info ][gc,metaspace   ] GC(259) Metaspace: 369K(512K)->369K(512K) NonClass: 306K(384K)->306K(384K) Class: 63K(128K)->63K(128K)
[13.066s][debug][gc,heap        ] GC(259) Heap after GC invocations=260 (full 8):
[13.066s][debug][gc,heap        ] GC(259)  def new generation   total 9920K, used 0K [0x0000120000200000, 0x0000120000cc0000, 0x000012000aca0000)
[13.066s][debug][gc,heap        ] GC(259)   eden space 8832K,   0% used [0x0000120000200000, 0x0000120000200000, 0x0000120000aa0000)
[13.066s][debug][gc,heap        ] GC(259)   from space 1088K,   0% used [0x0000120000aa0000, 0x0000120000aa00d0, 0x0000120000bb0000)
[13.066s][debug][gc,heap        ] GC(259)   to   space 1088K,   0% used [0x0000120000bb0000, 0x0000120000bb0000, 0x0000120000cc0000)
[13.066s][debug][gc,heap        ] GC(259)  tenured generation   total 21888K, used 2071K [0x000012000aca0000, 0x000012000c200000, 0x0000120020200000)
[13.066s][debug][gc,heap        ] GC(259)    the space 21888K,   9% used [0x000012000aca0000, 0x000012000aea5db8, 0x000012000aea5e00, 0x000012000c200000)
[13.066s][debug][gc,heap        ] GC(259)  Metaspace       used 369K, committed 512K, reserved 1114112K
[13.066s][debug][gc,heap        ] GC(259)   class space    used 63K, committed 128K, reserved 1048576K
[13.066s][info ][gc             ] GC(259) Pause Young (Allocation Failure) 10M->2M(31M) 0.437ms
[13.066s][info ][gc,cpu         ] GC(259) User=0.00s Sys=0.00s Real=0.00s
[13.066s][info ][safepoint      ] Safepoint "GenCollectForAllocation", Time since last: 48247362 ns, Reaching safepoint: 3563 ns, Cleanup: 3556 ns, At safepoint: 457972 ns, Total: 465091 ns
[13.125s][info ][gc,start       ] GC(260) Pause Young (Allocation Failure)
[13.125s][debug][gc,heap        ] GC(260) Heap before GC invocations=260 (full 8):
[13.125s][debug][gc,heap        ] GC(260)  def new generation   total 9920K, used 8832K [0x0000120000200000, 0x0000120000cc0000, 0x000012000aca0000)
[13.125s][debug][gc,heap        ] GC(260)   eden space 8832K, 100% used [0x0000120000200000, 0x0000120000aa0000, 0x0000120000aa0000)
[13.125s][debug][gc,heap        ] GC(260)   from space 1088K,   0% used [0x0000120000aa0000, 0x0000120000aa00d0, 0x0000120000bb0000)
[13.125s][debug][gc,heap        ] GC(260)   to   space 1088K,   0% used [0x0000120000bb0000, 0x0000120000bb0000, 0x0000120000cc0000)
[13.125s][debug][gc,heap        ] GC(260)  tenured generation   total 21888K, used 2071K [0x000012000aca0000, 0x000012000c200000, 0x0000120020200000)
[13.125s][debug][gc,heap        ] GC(260)    the space 21888K,   9% used [0x000012000aca0000, 0x000012000aea5db8, 0x000012000aea5e00, 0x000012000c200000)
[13.125s][debug][gc,heap        ] GC(260)  Metaspace       used 369K, committed 512K, reserved 1114112K
[13.125s][debug][gc,heap        ] GC(260)   class space    used 63K, committed 128K, reserved 1048576K
[13.125s][debug][gc,tlab        ] GC(260) TLAB totals: thrds: 2  refills: 100 max: 59 slow allocs: 0 max 0 waste:  0.8% gc: 67776B max: 67776B slow: 2112B max: 1168B
[13.126s][debug][gc,ref         ] GC(260) Skipped SoftWeakFinalRefsPhase of Reference Processing: no references
[13.126s][debug][gc,ref         ] GC(260) Skipped KeepAliveFinalRefsPhase of Reference Processing: no references
[13.126s][debug][gc,ref         ] GC(260) Skipped PhantomRefsPhase of Reference Processing: no references
[13.126s][debug][gc,phases,ref  ] GC(260) Reference Processing: 0.0ms
[13.126s][debug][gc,phases,ref  ] GC(260)   Notify Soft/WeakReferences: 0.0ms
[13.126s][debug][gc,phases,ref  ] GC(260)     SoftRef: skipped
[13.126s][debug][gc,phases,ref  ] GC(260)     WeakRef: skipped
[13.126s][debug][gc,phases,ref  ] GC(260)     FinalRef: skipped
[13.126s][debug][gc,phases,ref  ] GC(260)     Total: skipped
[13.126s][debug][gc,phases,ref  ] GC(260)   Notify and keep alive finalizable: 0.0ms
[13.126s][debug][gc,phases,ref  ] GC(260)     FinalRef: skipped
[13.126s][debug][gc,phases,ref  ] GC(260)   Notify PhantomReferences: 0.0ms
[13.126s][debug][gc,phases,ref  ] GC(260)     PhantomRef: skipped
[13.126s][debug][gc,phases,ref  ] GC(260)   SoftReference Discovered: 0, Dropped: 0, Processed: 0
[13.126s][debug][gc,phases,ref  ] GC(260)   WeakReference Discovered: 0, Dropped: 0, Processed: 0
[13.126s][debug][gc,phases,ref  ] GC(260)   FinalReference Discovered: 0, Dropped: 0, Processed: 0
[13.126s][debug][gc,phases,ref  ] GC(260)   PhantomReference Discovered: 0, Dropped: 0, Processed: 0
[13.126s][debug][gc,age         ] GC(260) Desired survivor size 557056 bytes, new threshold 15 (max threshold 15)
[13.126s][info ][gc,heap        ] GC(260) DefNew: 8832K(9920K)->0K(9920K) Eden: 8832K(8832K)->0K(8832K) From: 0K(1088K)->0K(1088K)
[13.126s][info ][gc,heap        ] GC(260) Tenured: 2071K(21888K)->2071K(21888K)
[13.126s][info ][gc,metaspace   ] GC(260) Metaspace: 369K(512K)->369K(512K) NonClass: 306K(384K)->306K(384K) Class: 63K(128K)->63K(128K)
[13.126s][debug][gc,heap        ] GC(260) Heap after GC invocations=261 (full 8):
[13.126s][debug][gc,heap        ] GC(260)  def new generation   total 9920K, used 0K [0x0000120000200000, 0x0000120000cc0000, 0x000012000aca0000)
[13.126s][debug][gc,heap        ] GC(260)   eden space 8832K,   0% used [0x0000120000200000, 0x0000120000200000, 0x0000120000aa0000)
[13.126s][debug][gc,heap        ] GC(260)   from space 1088K,   0% used [0x0000120000bb0000, 0x0000120000bb00d0, 0x0000120000cc0000)
[13.126s][debug][gc,heap        ] GC(260)   to   space 1088K,   0% used [0x0000120000aa0000, 0x0000120000aa0000, 0x0000120000bb0000)
[13.126s][debug][gc,heap        ] GC(260)  tenured generation   total 21888K, used 2071K [0x000012000aca0000, 0x000012000c200000, 0x0000120020200000)
[13.126s][debug][gc,heap        ] GC(260)    the space 21888K,   9% used [0x000012000aca0000, 0x000012000aea5db8, 0x000012000aea5e00, 0x000012000c200000)
[13.126s][debug][gc,heap        ] GC(260)  Metaspace       used 369K, committed 512K, reserved 1114112K
[13.126s][debug][gc,heap        ] GC(260)   class space    used 63K, committed 128K, reserved 1048576K
[13.126s][info ][gc             ] GC(260) Pause Young (Allocation Failure) 10M->2M(31M) 0.697ms
[13.126s][info ][gc,cpu         ] GC(260) User=0.00s Sys=0.00s Real=0.00s
[13.126s][info ][safepoint      ] Safepoint "GenCollectForAllocation", Time since last: 58742381 ns, Reaching safepoint: 76512 ns, Cleanup: 3307 ns, At safepoint: 741307 ns, Total: 821126 ns
[13.174s][info ][gc,start       ] GC(261) Pause Young (Allocation Failure)
[13.175s][debug][gc,heap        ] GC(261) Heap before GC invocations=261 (full 8):
[13.175s][debug][gc,heap        ] GC(261)  def new generation   total 9920K, used 8832K [0x0000120000200000, 0x0000120000cc0000, 0x000012000aca0000)
[13.175s][debug][gc,heap        ] GC(261)   eden space 8832K, 100% used [0x0000120000200000, 0x0000120000aa0000, 0x0000120000aa0000)
[13.175s][debug][gc,heap        ] GC(261)   from space 1088K,   0% used [0x0000120000bb0000, 0x0000120000bb00d0, 0x0000120000cc0000)
[13.175s][debug][gc,heap        ] GC(261)   to   space 1088K,   0% used [0x0000120000aa0000, 0x0000120000aa0000, 0x0000120000bb0000)
[13.175s][debug][gc,heap        ] GC(261)  tenured generation   total 21888K, used 2071K [0x000012000aca0000, 0x000012000c200000, 0x0000120020200000)
[13.175s][debug][gc,heap        ] GC(261)    the space 21888K,   9% used [0x000012000aca0000, 0x000012000aea5db8, 0x000012000aea5e00, 0x000012000c200000)
[13.175s][debug][gc,heap        ] GC(261)  Metaspace       used 369K, committed 512K, reserved 1114112K
[13.175s][debug][gc,heap        ] GC(261)   class space    used 63K, committed 128K, reserved 1048576K
[13.175s][debug][gc,tlab        ] GC(261) TLAB totals: thrds: 2  refills: 102 max: 56 slow allocs: 0 max 0 waste:  0.0% gc: 1528B max: 1528B slow: 2712B max: 1712B
[13.175s][debug][gc,ref         ] GC(261) Skipped SoftWeakFinalRefsPhase of Reference Processing: no references
[13.175s][debug][gc,ref         ] GC(261) Skipped KeepAliveFinalRefsPhase of Reference Processing: no references
[13.175s][debug][gc,ref         ] GC(261) Skipped PhantomRefsPhase of Reference Processing: no references
[13.175s][debug][gc,phases,ref  ] GC(261) Reference Processing: 0.0ms
[13.175s][debug][gc,phases,ref  ] GC(261)   Notify Soft/WeakReferences: 0.0ms
[13.175s][debug][gc,phases,ref  ] GC(261)     SoftRef: skipped
[13.175s][debug][gc,phases,ref  ] GC(261)     WeakRef: skipped
[13.175s][debug][gc,phases,ref  ] GC(261)     FinalRef: skipped
[13.175s][debug][gc,phases,ref  ] GC(261)     Total: skipped
[13.175s][debug][gc,phases,ref  ] GC(261)   Notify and keep alive finalizable: 0.0ms
[13.175s][debug][gc,phases,ref  ] GC(261)     FinalRef: skipped
[13.175s][debug][gc,phases,ref  ] GC(261)   Notify PhantomReferences: 0.0ms
[13.175s][debug][gc,phases,ref  ] GC(261)     PhantomRef: skipped
[13.175s][debug][gc,phases,ref  ] GC(261)   SoftReference Discovered: 0, Dropped: 0, Processed: 0
[13.175s][debug][gc,phases,ref  ] GC(261)   WeakReference Discovered: 0, Dropped: 0, Processed: 0
[13.175s][debug][gc,phases,ref  ] GC(261)   FinalReference Discovered: 0, Dropped: 0, Processed: 0
[13.175s][debug][gc,phases,ref  ] GC(261)   PhantomReference Discovered: 0, Dropped: 0, Processed: 0
[13.175s][debug][gc,age         ] GC(261) Desired survivor size 557056 bytes, new threshold 15 (max threshold 15)
[13.175s][info ][gc,heap        ] GC(261) DefNew: 8832K(9920K)->0K(9920K) Eden: 8832K(8832K)->0K(8832K) From: 0K(1088K)->0K(1088K)
[13.175s][info ][gc,heap        ] GC(261) Tenured: 2071K(21888K)->2071K(21888K)
[13.175s][info ][gc,metaspace   ] GC(261) Metaspace: 369K(512K)->369K(512K) NonClass: 306K(384K)->306K(384K) Class: 63K(128K)->63K(128K)
[13.175s][debug][gc,heap        ] GC(261) Heap after GC invocations=262 (full 8):
[13.175s][debug][gc,heap        ] GC(261)  def new generation   total 9920K, used 0K [0x0000120000200000, 0x0000120000cc0000, 0x000012000aca0000)
[13.175s][debug][gc,heap        ] GC(261)   eden space 8832K,   0% used [0x0000120000200000, 0x0000120000200000, 0x0000120000aa0000)
[13.175s][debug][gc,heap        ] GC(261)   from space 1088K,   0% used [0x0000120000aa0000, 0x0000120000aa0158, 0x0000120000bb0000)
[13.175s][debug][gc,heap        ] GC(261)   to   space 1088K,   0% used [0x0000120000bb0000, 0x0000120000bb0000, 0x0000120000cc0000)
[13.175s][debug][gc,heap        ] GC(261)  tenured generation   total 21888K, used 2071K [0x000012000aca0000, 0x000012000c200000, 0x0000120020200000)
[13.175s][debug][gc,heap        ] GC(261)    the space 21888K,   9% used [0x000012000aca0000, 0x000012000aea5db8, 0x000012000aea5e00, 0x000012000c200000)
[13.175s][debug][gc,heap        ] GC(261)  Metaspace       used 369K, committed 512K, reserved 1114112K
[13.175s][debug][gc,heap        ] GC(261)   class space    used 63K, committed 128K, reserved 1048576K
[13.175s][info ][gc             ] GC(261) Pause Young (Allocation Failure) 10M->2M(31M) 0.661ms
[13.175s][info ][gc,cpu         ] GC(261) User=0.00s Sys=0.00s Real=0.00s
[13.175s][info ][safepoint      ] Safepoint "GenCollectForAllocation", Time since last: 48474356 ns, Reaching safepoint: 3675 ns, Cleanup: 3564 ns, At safepoint: 707253 ns, Total: 714492 ns
[13.224s][info ][gc,start       ] GC(262) Pause Young (Allocation Failure)
[13.224s][debug][gc,heap        ] GC(262) Heap before GC invocations=262 (full 8):
[13.224s][debug][gc,heap        ] GC(262)  def new generation   total 9920K, used 8832K [0x0000120000200000, 0x0000120000cc0000, 0x000012000aca0000)
[13.224s][debug][gc,heap        ] GC(262)   eden space 8832K, 100% used [0x0000120000200000, 0x0000120000aa0000, 0x0000120000aa0000)
[13.224s][debug][gc,heap        ] GC(262)   from space 1088K,   0% used [0x0000120000aa0000, 0x0000120000aa0158, 0x0000120000bb0000)
[13.224s][debug][gc,heap        ] GC(262)   to   space 1088K,   0% used [0x0000120000bb0000, 0x0000120000bb0000, 0x0000120000cc0000)
[13.224s][debug][gc,heap        ] GC(262)  tenured generation   total 21888K, used 2071K [0x000012000aca0000, 0x000012000c200000, 0x0000120020200000)
[13.224s][debug][gc,heap        ] GC(262)    the space 21888K,   9% used [0x000012000aca0000, 0x000012000aea5db8, 0x000012000aea5e00, 0x000012000c200000)
[13.224s][debug][gc,heap        ] GC(262)  Metaspace       used 369K, committed 512K, reserved 1114112K
[13.224s][debug][gc,heap        ] GC(262)   class space    used 63K, committed 128K, reserved 1048576K
[13.224s][debug][gc,tlab        ] GC(262) TLAB totals: thrds: 2  refills: 101 max: 53 slow allocs: 0 max 0 waste:  0.5% gc: 44544B max: 44544B slow: 2440B max: 1400B
[13.224s][debug][gc,ref         ] GC(262) Skipped SoftWeakFinalRefsPhase of Reference Processing: no references
[13.224s][debug][gc,ref         ] GC(262) Skipped KeepAliveFinalRefsPhase of Reference Processing: no references
[13.224s][debug][gc,ref         ] GC(262) Skipped PhantomRefsPhase of Reference Processing: no references
[13.224s][debug][gc,phases,ref  ] GC(262) Reference Processing: 0.0ms
[13.224s][debug][gc,phases,ref  ] GC(262)   Notify Soft/WeakReferences: 0.0ms
[13.224s][debug][gc,phases,ref  ] GC(262)     SoftRef: skipped
[13.225s][debug][gc,phases,ref  ] GC(262)     WeakRef: skipped
[13.225s][debug][gc,phases,ref  ] GC(262)     FinalRef: skipped
[13.225s][debug][gc,phases,ref  ] GC(262)     Total: skipped
[13.225s][debug][gc,phases,ref  ] GC(262)   Notify and keep alive finalizable: 0.0ms
[13.225s][debug][gc,phases,ref  ] GC(262)     FinalRef: skipped
[13.225s][debug][gc,phases,ref  ] GC(262)   Notify PhantomReferences: 0.0ms
[13.225s][debug][gc,phases,ref  ] GC(262)     PhantomRef: skipped
[13.225s][debug][gc,phases,ref  ] GC(262)   SoftReference Discovered: 0, Dropped: 0, Processed: 0
[13.225s][debug][gc,phases,ref  ] GC(262)   WeakReference Discovered: 0, Dropped: 0, Processed: 0
[13.225s][debug][gc,phases,ref  ] GC(262)   FinalReference Discovered: 0, Dropped: 0, Processed: 0
[13.225s][debug][gc,phases,ref  ] GC(262)   PhantomReference Discovered: 0, Dropped: 0, Processed: 0
[13.225s][debug][gc,age         ] GC(262) Desired survivor size 557056 bytes, new threshold 15 (max threshold 15)
[13.225s][info ][gc,heap        ] GC(262) DefNew: 8832K(9920K)->0K(9920K) Eden: 8832K(8832K)->0K(8832K) From: 0K(1088K)->0K(1088K)
[13.225s][info ][gc,heap        ] GC(262) Tenured: 2071K(21888K)->2071K(21888K)
[13.225s][info ][gc,metaspace   ] GC(262) Metaspace: 369K(512K)->369K(512K) NonClass: 306K(384K)->306K(384K) Class: 63K(128K)->63K(128K)
[13.225s][debug][gc,heap        ] GC(262) Heap after GC invocations=263 (full 8):
[13.225s][debug][gc,heap        ] GC(262)  def new generation   total 9920K, used 0K [0x0000120000200000, 0x0000120000cc0000, 0x000012000aca0000)
[13.225s][debug][gc,heap        ] GC(262)   eden space 8832K,   0% used [0x0000120000200000, 0x0000120000200000, 0x0000120000aa0000)
[13.225s][debug][gc,heap        ] GC(262)   from space 1088K,   0% used [0x0000120000bb0000, 0x0000120000bb0140, 0x0000120000cc0000)
[13.225s][debug][gc,heap        ] GC(262)   to   space 1088K,   0% used [0x0000120000aa0000, 0x0000120000aa0000, 0x0000120000bb0000)
[13.225s][debug][gc,heap        ] GC(262)  tenured generation   total 21888K, used 2071K [0x000012000aca0000, 0x000012000c200000, 0x0000120020200000)
[13.225s][debug][gc,heap        ] GC(262)    the space 21888K,   9% used [0x000012000aca0000, 0x000012000aea5db8, 0x000012000aea5e00, 0x000012000c200000)
[13.225s][debug][gc,heap        ] GC(262)  Metaspace       used 369K, committed 512K, reserved 1114112K
[13.225s][debug][gc,heap        ] GC(262)   class space    used 63K, committed 128K, reserved 1048576K
[13.225s][info ][gc             ] GC(262) Pause Young (Allocation Failure) 10M->2M(31M) 0.583ms
[13.225s][info ][gc,cpu         ] GC(262) User=0.00s Sys=0.00s Real=0.00s
[13.225s][info ][safepoint      ] Safepoint "GenCollectForAllocation", Time since last: 49006657 ns, Reaching safepoint: 3559 ns, Cleanup: 3763 ns, At safepoint: 628925 ns, Total: 636247 ns
[13.273s][info ][gc,start       ] GC(263) Pause Young (Allocation Failure)
[13.273s][debug][gc,heap        ] GC(263) Heap before GC invocations=263 (full 8):
[13.273s][debug][gc,heap        ] GC(263)  def new generation   total 9920K, used 8832K [0x0000120000200000, 0x0000120000cc0000, 0x000012000aca0000)
[13.273s][debug][gc,heap        ] GC(263)   eden space 8832K, 100% used [0x0000120000200000, 0x0000120000aa0000, 0x0000120000aa0000)
[13.273s][debug][gc,heap        ] GC(263)   from space 1088K,   0% used [0x0000120000bb0000, 0x0000120000bb0140, 0x0000120000cc0000)
[13.273s][debug][gc,heap        ] GC(263)   to   space 1088K,   0% used [0x0000120000aa0000, 0x0000120000aa0000, 0x0000120000bb0000)
[13.273s][debug][gc,heap        ] GC(263)  tenured generation   total 21888K, used 2071K [0x000012000aca0000, 0x000012000c200000, 0x0000120020200000)
[13.273s][debug][gc,heap        ] GC(263)    the space 21888K,   9% used [0x000012000aca0000, 0x000012000aea5db8, 0x000012000aea5e00, 0x000012000c200000)
[13.273s][debug][gc,heap        ] GC(263)  Metaspace       used 369K, committed 512K, reserved 1114112K
[13.273s][debug][gc,heap        ] GC(263)   class space    used 63K, committed 128K, reserved 1048576K
[13.273s][debug][gc,tlab        ] GC(263) TLAB totals: thrds: 2  refills: 101 max: 53 slow allocs: 0 max 0 waste:  0.1% gc: 8664B max: 8664B slow: 2448B max: 1432B
[13.273s][debug][gc,ref         ] GC(263) Skipped SoftWeakFinalRefsPhase of Reference Processing: no references
[13.273s][debug][gc,ref         ] GC(263) Skipped KeepAliveFinalRefsPhase of Reference Processing: no references
[13.273s][debug][gc,ref         ] GC(263) Skipped PhantomRefsPhase of Reference Processing: no references
[13.273s][debug][gc,phases,ref  ] GC(263) Reference Processing: 0.0ms
[13.273s][debug][gc,phases,ref  ] GC(263)   Notify Soft/WeakReferences: 0.0ms
[13.273s][debug][gc,phases,ref  ] GC(263)     SoftRef: skipped
[13.273s][debug][gc,phases,ref  ] GC(263)     WeakRef: skipped
[13.273s][debug][gc,phases,ref  ] GC(263)     FinalRef: skipped
[13.273s][debug][gc,phases,ref  ] GC(263)     Total: skipped
[13.273s][debug][gc,phases,ref  ] GC(263)   Notify and keep alive finalizable: 0.0ms
[13.273s][debug][gc,phases,ref  ] GC(263)     FinalRef: skipped
[13.273s][debug][gc,phases,ref  ] GC(263)   Notify PhantomReferences: 0.0ms
[13.273s][debug][gc,phases,ref  ] GC(263)     PhantomRef: skipped
[13.273s][debug][gc,phases,ref  ] GC(263)   SoftReference Discovered: 0, Dropped: 0, Processed: 0
[13.273s][debug][gc,phases,ref  ] GC(263)   WeakReference Discovered: 0, Dropped: 0, Processed: 0
[13.273s][debug][gc,phases,ref  ] GC(263)   FinalReference Discovered: 0, Dropped: 0, Processed: 0
[13.273s][debug][gc,phases,ref  ] GC(263)   PhantomReference Discovered: 0, Dropped: 0, Processed: 0
[13.273s][debug][gc,age         ] GC(263) Desired survivor size 557056 bytes, new threshold 15 (max threshold 15)
[13.273s][info ][gc,heap        ] GC(263) DefNew: 8832K(9920K)->0K(9920K) Eden: 8832K(8832K)->0K(8832K) From: 0K(1088K)->0K(1088K)
[13.273s][info ][gc,heap        ] GC(263) Tenured: 2071K(21888K)->2071K(21888K)
[13.273s][info ][gc,metaspace   ] GC(263) Metaspace: 369K(512K)->369K(512K) NonClass: 306K(384K)->306K(384K) Class: 63K(128K)->63K(128K)
[13.273s][debug][gc,heap        ] GC(263) Heap after GC invocations=264 (full 8):
[13.273s][debug][gc,heap        ] GC(263)  def new generation   total 9920K, used 0K [0x0000120000200000, 0x0000120000cc0000, 0x000012000aca0000)
[13.273s][debug][gc,heap        ] GC(263)   eden space 8832K,   0% used [0x0000120000200000, 0x0000120000200000, 0x0000120000aa0000)
[13.273s][debug][gc,heap        ] GC(263)   from space 1088K,   0% used [0x0000120000aa0000, 0x0000120000aa0198, 0x0000120000bb0000)
[13.273s][debug][gc,heap        ] GC(263)   to   space 1088K,   0% used [0x0000120000bb0000, 0x0000120000bb0000, 0x0000120000cc0000)
[13.273s][debug][gc,heap        ] GC(263)  tenured generation   total 21888K, used 2071K [0x000012000aca0000, 0x000012000c200000, 0x0000120020200000)
[13.273s][debug][gc,heap        ] GC(263)    the space 21888K,   9% used [0x000012000aca0000, 0x000012000aea5db8, 0x000012000aea5e00, 0x000012000c200000)
[13.273s][debug][gc,heap        ] GC(263)  Metaspace       used 369K, committed 512K, reserved 1114112K
[13.273s][debug][gc,heap        ] GC(263)   class space    used 63K, committed 128K, reserved 1048576K
[13.273s][info ][gc             ] GC(263) Pause Young (Allocation Failure) 10M->2M(31M) 0.606ms
[13.273s][info ][gc,cpu         ] GC(263) User=0.00s Sys=0.00s Real=0.00s
[13.273s][info ][safepoint      ] Safepoint "GenCollectForAllocation", Time since last: 47876242 ns, Reaching safepoint: 3485 ns, Cleanup: 3514 ns, At safepoint: 652650 ns, Total: 659649 ns
[13.321s][info ][gc,start       ] GC(264) Pause Young (Allocation Failure)
[13.321s][debug][gc,heap        ] GC(264) Heap before GC invocations=264 (full 8):
[13.321s][debug][gc,heap        ] GC(264)  def new generation   total 9920K, used 8832K [0x0000120000200000, 0x0000120000cc0000, 0x000012000aca0000)
[13.321s][debug][gc,heap        ] GC(264)   eden space 8832K, 100% used [0x0000120000200000, 0x0000120000aa0000, 0x0000120000aa0000)
[13.321s][debug][gc,heap        ] GC(264)   from space 1088K,   0% used [0x0000120000aa0000, 0x0000120000aa0198, 0x0000120000bb0000)
[13.321s][debug][gc,heap        ] GC(264)   to   space 1088K,   0% used [0x0000120000bb0000, 0x0000120000bb0000, 0x0000120000cc0000)
[13.321s][debug][gc,heap        ] GC(264)  tenured generation   total 21888K, used 2071K [0x000012000aca0000, 0x000012000c200000, 0x0000120020200000)
[13.321s][debug][gc,heap        ] GC(264)    the space 21888K,   9% used [0x000012000aca0000, 0x000012000aea5db8, 0x000012000aea5e00, 0x000012000c200000)
[13.321s][debug][gc,heap        ] GC(264)  Metaspace       used 369K, committed 512K, reserved 1114112K
[13.321s][debug][gc,heap        ] GC(264)   class space    used 63K, committed 128K, reserved 1048576K
[13.321s][debug][gc,tlab        ] GC(264) TLAB totals: thrds: 2  refills: 101 max: 52 slow allocs: 0 max 0 waste:  0.5% gc: 41368B max: 41368B slow: 2232B max: 1464B
[13.321s][debug][gc,ref         ] GC(264) Skipped SoftWeakFinalRefsPhase of Reference Processing: no references
[13.321s][debug][gc,ref         ] GC(264) Skipped KeepAliveFinalRefsPhase of Reference Processing: no references
[13.321s][debug][gc,ref         ] GC(264) Skipped PhantomRefsPhase of Reference Processing: no references
[13.321s][debug][gc,phases,ref  ] GC(264) Reference Processing: 0.0ms
[13.321s][debug][gc,phases,ref  ] GC(264)   Notify Soft/WeakReferences: 0.0ms
[13.321s][debug][gc,phases,ref  ] GC(264)     SoftRef: skipped
[13.321s][debug][gc,phases,ref  ] GC(264)     WeakRef: skipped
[13.321s][debug][gc,phases,ref  ] GC(264)     FinalRef: skipped
[13.321s][debug][gc,phases,ref  ] GC(264)     Total: skipped
[13.321s][debug][gc,phases,ref  ] GC(264)   Notify and keep alive finalizable: 0.0ms
[13.321s][debug][gc,phases,ref  ] GC(264)     FinalRef: skipped
[13.321s][debug][gc,phases,ref  ] GC(264)   Notify PhantomReferences: 0.0ms
[13.321s][debug][gc,phases,ref  ] GC(264)     PhantomRef: skipped
[13.321s][debug][gc,phases,ref  ] GC(264)   SoftReference Discovered: 0, Dropped: 0, Processed: 0
[13.321s][debug][gc,phases,ref  ] GC(264)   WeakReference Discovered: 0, Dropped: 0, Processed: 0
[13.321s][debug][gc,phases,ref  ] GC(264)   FinalReference Discovered: 0, Dropped: 0, Processed: 0
[13.321s][debug][gc,phases,ref  ] GC(264)   PhantomReference Discovered: 0, Dropped: 0, Processed: 0
[13.321s][debug][gc,age         ] GC(264) Desired survivor size 557056 bytes, new threshold 15 (max threshold 15)
[13.321s][info ][gc,heap        ] GC(264) DefNew: 8832K(9920K)->0K(9920K) Eden: 8832K(8832K)->0K(8832K) From: 0K(1088K)->0K(1088K)
[13.321s][info ][gc,heap        ] GC(264) Tenured: 2071K(21888K)->2071K(21888K)
[13.321s][info ][gc,metaspace   ] GC(264) Metaspace: 369K(512K)->369K(512K) NonClass: 306K(384K)->306K(384K) Class: 63K(128K)->63K(128K)
[13.322s][debug][gc,heap        ] GC(264) Heap after GC invocations=265 (full 8):
[13.322s][debug][gc,heap        ] GC(264)  def new generation   total 9920K, used 0K [0x0000120000200000, 0x0000120000cc0000, 0x000012000aca0000)
[13.322s][debug][gc,heap        ] GC(264)   eden space 8832K,   0% used [0x0000120000200000, 0x0000120000200000, 0x0000120000aa0000)
[13.322s][debug][gc,heap        ] GC(264)   from space 1088K,   0% used [0x0000120000bb0000, 0x0000120000bb0120, 0x0000120000cc0000)
[13.322s][debug][gc,heap        ] GC(264)   to   space 1088K,   0% used [0x0000120000aa0000, 0x0000120000aa0000, 0x0000120000bb0000)
[13.322s][debug][gc,heap        ] GC(264)  tenured generation   total 21888K, used 2071K [0x000012000aca0000, 0x000012000c200000, 0x0000120020200000)
[13.322s][debug][gc,heap        ] GC(264)    the space 21888K,   9% used [0x000012000aca0000, 0x000012000aea5db8, 0x000012000aea5e00, 0x000012000c200000)
[13.322s][debug][gc,heap        ] GC(264)  Metaspace       used 369K, committed 512K, reserved 1114112K
[13.322s][debug][gc,heap        ] GC(264)   class space    used 63K, committed 128K, reserved 1048576K
[13.322s][info ][gc             ] GC(264) Pause Young (Allocation Failure) 10M->2M(31M) 0.704ms
[13.322s][info ][gc,cpu         ] GC(264) User=0.00s Sys=0.00s Real=0.00s
[13.322s][info ][safepoint      ] Safepoint "GenCollectForAllocation", Time since last: 47548612 ns, Reaching safepoint: 3528 ns, Cleanup: 3538 ns, At safepoint: 751210 ns, Total: 758276 ns
[13.370s][info ][gc,start       ] GC(265) Pause Young (Allocation Failure)
[13.370s][debug][gc,heap        ] GC(265) Heap before GC invocations=265 (full 8):
[13.370s][debug][gc,heap        ] GC(265)  def new generation   total 9920K, used 8832K [0x0000120000200000, 0x0000120000cc0000, 0x000012000aca0000)
[13.370s][debug][gc,heap        ] GC(265)   eden space 8832K, 100% used [0x0000120000200000, 0x0000120000aa0000, 0x0000120000aa0000)
[13.370s][debug][gc,heap        ] GC(265)   from space 1088K,   0% used [0x0000120000bb0000, 0x0000120000bb0120, 0x0000120000cc0000)
[13.370s][debug][gc,heap        ] GC(265)   to   space 1088K,   0% used [0x0000120000aa0000, 0x0000120000aa0000, 0x0000120000bb0000)
[13.370s][debug][gc,heap        ] GC(265)  tenured generation   total 21888K, used 2071K [0x000012000aca0000, 0x000012000c200000, 0x0000120020200000)
[13.370s][debug][gc,heap        ] GC(265)    the space 21888K,   9% used [0x000012000aca0000, 0x000012000aea5db8, 0x000012000aea5e00, 0x000012000c200000)
[13.370s][debug][gc,heap        ] GC(265)  Metaspace       used 369K, committed 512K, reserved 1114112K
[13.370s][debug][gc,heap        ] GC(265)   class space    used 63K, committed 128K, reserved 1048576K
[13.370s][debug][gc,tlab        ] GC(265) TLAB totals: thrds: 2  refills: 101 max: 51 slow allocs: 0 max 0 waste:  0.0% gc: 0B max: 0B slow: 2592B max: 1360B
[13.370s][debug][gc,ref         ] GC(265) Skipped SoftWeakFinalRefsPhase of Reference Processing: no references
[13.370s][debug][gc,ref         ] GC(265) Skipped KeepAliveFinalRefsPhase of Reference Processing: no references
[13.370s][debug][gc,ref         ] GC(265) Skipped PhantomRefsPhase of Reference Processing: no references
[13.370s][debug][gc,phases,ref  ] GC(265) Reference Processing: 0.0ms
[13.370s][debug][gc,phases,ref  ] GC(265)   Notify Soft/WeakReferences: 0.0ms
[13.370s][debug][gc,phases,ref  ] GC(265)     SoftRef: skipped
[13.370s][debug][gc,phases,ref  ] GC(265)     WeakRef: skipped
[13.370s][debug][gc,phases,ref  ] GC(265)     FinalRef: skipped
[13.370s][debug][gc,phases,ref  ] GC(265)     Total: skipped
[13.370s][debug][gc,phases,ref  ] GC(265)   Notify and keep alive finalizable: 0.0ms
[13.370s][debug][gc,phases,ref  ] GC(265)     FinalRef: skipped
[13.370s][debug][gc,phases,ref  ] GC(265)   Notify PhantomReferences: 0.0ms
[13.370s][debug][gc,phases,ref  ] GC(265)     PhantomRef: skipped
[13.370s][debug][gc,phases,ref  ] GC(265)   SoftReference Discovered: 0, Dropped: 0, Processed: 0
[13.370s][debug][gc,phases,ref  ] GC(265)   WeakReference Discovered: 0, Dropped: 0, Processed: 0
[13.370s][debug][gc,phases,ref  ] GC(265)   FinalReference Discovered: 0, Dropped: 0, Processed: 0
[13.370s][debug][gc,phases,ref  ] GC(265)   PhantomReference Discovered: 0, Dropped: 0, Processed: 0
[13.370s][debug][gc,age         ] GC(265) Desired survivor size 557056 bytes, new threshold 15 (max threshold 15)
[13.370s][info ][gc,heap        ] GC(265) DefNew: 8832K(9920K)->0K(9920K) Eden: 8832K(8832K)->0K(8832K) From: 0K(1088K)->0K(1088K)
[13.370s][info ][gc,heap        ] GC(265) Tenured: 2071K(21888K)->2071K(21888K)
[13.370s][info ][gc,metaspace   ] GC(265) Metaspace: 369K(512K)->369K(512K) NonClass: 306K(384K)->306K(384K) Class: 63K(128K)->63K(128K)
[13.370s][debug][gc,heap        ] GC(265) Heap after GC invocations=266 (full 8):
[13.370s][debug][gc,heap        ] GC(265)  def new generation   total 9920K, used 0K [0x0000120000200000, 0x0000120000cc0000, 0x000012000aca0000)
[13.370s][debug][gc,heap        ] GC(265)   eden space 8832K,   0% used [0x0000120000200000, 0x0000120000200000, 0x0000120000aa0000)
[13.370s][debug][gc,heap        ] GC(265)   from space 1088K,   0% used [0x0000120000aa0000, 0x0000120000aa0150, 0x0000120000bb0000)
[13.370s][debug][gc,heap        ] GC(265)   to   space 1088K,   0% used [0x0000120000bb0000, 0x0000120000bb0000, 0x0000120000cc0000)
[13.370s][debug][gc,heap        ] GC(265)  tenured generation   total 21888K, used 2071K [0x000012000aca0000, 0x000012000c200000, 0x0000120020200000)
[13.370s][debug][gc,heap        ] GC(265)    the space 21888K,   9% used [0x000012000aca0000, 0x000012000aea5db8, 0x000012000aea5e00, 0x000012000c200000)
[13.370s][debug][gc,heap        ] GC(265)  Metaspace       used 369K, committed 512K, reserved 1114112K
[13.370s][debug][gc,heap        ] GC(265)   class space    used 63K, committed 128K, reserved 1048576K
[13.370s][info ][gc             ] GC(265) Pause Young (Allocation Failure) 10M->2M(31M) 0.663ms
[13.370s][info ][gc,cpu         ] GC(265) User=0.00s Sys=0.00s Real=0.01s
[13.370s][info ][safepoint      ] Safepoint "GenCollectForAllocation", Time since last: 47918223 ns, Reaching safepoint: 3102 ns, Cleanup: 3577 ns, At safepoint: 718761 ns, Total: 725440 ns
[13.418s][info ][gc,start       ] GC(266) Pause Young (Allocation Failure)
[13.418s][debug][gc,heap        ] GC(266) Heap before GC invocations=266 (full 8):
[13.418s][debug][gc,heap        ] GC(266)  def new generation   total 9920K, used 8832K [0x0000120000200000, 0x0000120000cc0000, 0x000012000aca0000)
[13.418s][debug][gc,heap        ] GC(266)   eden space 8832K, 100% used [0x0000120000200000, 0x0000120000aa0000, 0x0000120000aa0000)
[13.418s][debug][gc,heap        ] GC(266)   from space 1088K,   0% used [0x0000120000aa0000, 0x0000120000aa0150, 0x0000120000bb0000)
[13.418s][debug][gc,heap        ] GC(266)   to   space 1088K,   0% used [0x0000120000bb0000, 0x0000120000bb0000, 0x0000120000cc0000)
[13.418s][debug][gc,heap        ] GC(266)  tenured generation   total 21888K, used 2071K [0x000012000aca0000, 0x000012000c200000, 0x0000120020200000)
[13.418s][debug][gc,heap        ] GC(266)    the space 21888K,   9% used [0x000012000aca0000, 0x000012000aea5db8, 0x000012000aea5e00, 0x000012000c200000)
[13.418s][debug][gc,heap        ] GC(266)  Metaspace       used 369K, committed 512K, reserved 1114112K
[13.418s][debug][gc,heap        ] GC(266)   class space    used 63K, committed 128K, reserved 1048576K
[13.418s][debug][gc,tlab        ] GC(266) TLAB totals: thrds: 2  refills: 101 max: 52 slow allocs: 0 max 0 waste:  0.1% gc: 4672B max: 4672B slow: 2272B max: 1328B
[13.419s][debug][gc,ref         ] GC(266) Skipped SoftWeakFinalRefsPhase of Reference Processing: no references
[13.419s][debug][gc,ref         ] GC(266) Skipped KeepAliveFinalRefsPhase of Reference Processing: no references
[13.419s][debug][gc,ref         ] GC(266) Skipped PhantomRefsPhase of Reference Processing: no references
[13.419s][debug][gc,phases,ref  ] GC(266) Reference Processing: 0.0ms
[13.419s][debug][gc,phases,ref  ] GC(266)   Notify Soft/WeakReferences: 0.0ms
[13.419s][debug][gc,phases,ref  ] GC(266)     SoftRef: skipped
[13.419s][debug][gc,phases,ref  ] GC(266)     WeakRef: skipped
[13.419s][debug][gc,phases,ref  ] GC(266)     FinalRef: skipped
[13.419s][debug][gc,phases,ref  ] GC(266)     Total: skipped
[13.419s][debug][gc,phases,ref  ] GC(266)   Notify and keep alive finalizable: 0.0ms
[13.419s][debug][gc,phases,ref  ] GC(266)     FinalRef: skipped
[13.419s][debug][gc,phases,ref  ] GC(266)   Notify PhantomReferences: 0.0ms
[13.419s][debug][gc,phases,ref  ] GC(266)     PhantomRef: skipped
[13.419s][debug][gc,phases,ref  ] GC(266)   SoftReference Discovered: 0, Dropped: 0, Processed: 0
[13.419s][debug][gc,phases,ref  ] GC(266)   WeakReference Discovered: 0, Dropped: 0, Processed: 0
[13.419s][debug][gc,phases,ref  ] GC(266)   FinalReference Discovered: 0, Dropped: 0, Processed: 0
[13.419s][debug][gc,phases,ref  ] GC(266)   PhantomReference Discovered: 0, Dropped: 0, Processed: 0
[13.419s][debug][gc,age         ] GC(266) Desired survivor size 557056 bytes, new threshold 15 (max threshold 15)
[13.419s][info ][gc,heap        ] GC(266) DefNew: 8832K(9920K)->0K(9920K) Eden: 8832K(8832K)->0K(8832K) From: 0K(1088K)->0K(1088K)
[13.419s][info ][gc,heap        ] GC(266) Tenured: 2071K(21888K)->2071K(21888K)
[13.419s][info ][gc,metaspace   ] GC(266) Metaspace: 369K(512K)->369K(512K) NonClass: 306K(384K)->306K(384K) Class: 63K(128K)->63K(128K)
[13.419s][debug][gc,heap        ] GC(266) Heap after GC invocations=267 (full 8):
[13.419s][debug][gc,heap        ] GC(266)  def new generation   total 9920K, used 0K [0x0000120000200000, 0x0000120000cc0000, 0x000012000aca0000)
[13.419s][debug][gc,heap        ] GC(266)   eden space 8832K,   0% used [0x0000120000200000, 0x0000120000200000, 0x0000120000aa0000)
[13.419s][debug][gc,heap        ] GC(266)   from space 1088K,   0% used [0x0000120000bb0000, 0x0000120000bb0168, 0x0000120000cc0000)
[13.419s][debug][gc,heap        ] GC(266)   to   space 1088K,   0% used [0x0000120000aa0000, 0x0000120000aa0000, 0x0000120000bb0000)
[13.419s][debug][gc,heap        ] GC(266)  tenured generation   total 21888K, used 2071K [0x000012000aca0000, 0x000012000c200000, 0x0000120020200000)
[13.419s][debug][gc,heap        ] GC(266)    the space 21888K,   9% used [0x000012000aca0000, 0x000012000aea5db8, 0x000012000aea5e00, 0x000012000c200000)
[13.419s][debug][gc,heap        ] GC(266)  Metaspace       used 369K, committed 512K, reserved 1114112K
[13.419s][debug][gc,heap        ] GC(266)   class space    used 63K, committed 128K, reserved 1048576K
[13.419s][info ][gc             ] GC(266) Pause Young (Allocation Failure) 10M->2M(31M) 0.602ms
[13.419s][info ][gc,cpu         ] GC(266) User=0.00s Sys=0.00s Real=0.00s
[13.419s][info ][safepoint      ] Safepoint "GenCollectForAllocation", Time since last: 47933977 ns, Reaching safepoint: 3227 ns, Cleanup: 3525 ns, At safepoint: 647881 ns, Total: 654633 ns
[13.467s][info ][gc,start       ] GC(267) Pause Young (Allocation Failure)
[13.467s][debug][gc,heap        ] GC(267) Heap before GC invocations=267 (full 8):
[13.467s][debug][gc,heap        ] GC(267)  def new generation   total 9920K, used 8832K [0x0000120000200000, 0x0000120000cc0000, 0x000012000aca0000)
[13.467s][debug][gc,heap        ] GC(267)   eden space 8832K, 100% used [0x0000120000200000, 0x0000120000aa0000, 0x0000120000aa0000)
[13.467s][debug][gc,heap        ] GC(267)   from space 1088K,   0% used [0x0000120000bb0000, 0x0000120000bb0168, 0x0000120000cc0000)
[13.467s][debug][gc,heap        ] GC(267)   to   space 1088K,   0% used [0x0000120000aa0000, 0x0000120000aa0000, 0x0000120000bb0000)
[13.467s][debug][gc,heap        ] GC(267)  tenured generation   total 21888K, used 2071K [0x000012000aca0000, 0x000012000c200000, 0x0000120020200000)
[13.467s][debug][gc,heap        ] GC(267)    the space 21888K,   9% used [0x000012000aca0000, 0x000012000aea5db8, 0x000012000aea5e00, 0x000012000c200000)
[13.467s][debug][gc,heap        ] GC(267)  Metaspace       used 369K, committed 512K, reserved 1114112K
[13.467s][debug][gc,heap        ] GC(267)   class space    used 63K, committed 128K, reserved 1048576K
[13.467s][debug][gc,tlab        ] GC(267) TLAB totals: thrds: 2  refills: 101 max: 51 slow allocs: 0 max 0 waste:  0.2% gc: 18424B max: 18424B slow: 2208B max: 1368B
[13.468s][debug][gc,ref         ] GC(267) Skipped SoftWeakFinalRefsPhase of Reference Processing: no references
[13.468s][debug][gc,ref         ] GC(267) Skipped KeepAliveFinalRefsPhase of Reference Processing: no references
[13.468s][debug][gc,ref         ] GC(267) Skipped PhantomRefsPhase of Reference Processing: no references
[13.468s][debug][gc,phases,ref  ] GC(267) Reference Processing: 0.0ms
[13.468s][debug][gc,phases,ref  ] GC(267)   Notify Soft/WeakReferences: 0.0ms
[13.468s][debug][gc,phases,ref  ] GC(267)     SoftRef: skipped
[13.468s][debug][gc,phases,ref  ] GC(267)     WeakRef: skipped
[13.468s][debug][gc,phases,ref  ] GC(267)     FinalRef: skipped
[13.468s][debug][gc,phases,ref  ] GC(267)     Total: skipped
[13.468s][debug][gc,phases,ref  ] GC(267)   Notify and keep alive finalizable: 0.0ms
[13.468s][debug][gc,phases,ref  ] GC(267)     FinalRef: skipped
[13.468s][debug][gc,phases,ref  ] GC(267)   Notify PhantomReferences: 0.0ms
[13.468s][debug][gc,phases,ref  ] GC(267)     PhantomRef: skipped
[13.468s][debug][gc,phases,ref  ] GC(267)   SoftReference Discovered: 0, Dropped: 0, Processed: 0
[13.468s][debug][gc,phases,ref  ] GC(267)   WeakReference Discovered: 0, Dropped: 0, Processed: 0
[13.468s][debug][gc,phases,ref  ] GC(267)   FinalReference Discovered: 0, Dropped: 0, Processed: 0
[13.468s][debug][gc,phases,ref  ] GC(267)   PhantomReference Discovered: 0, Dropped: 0, Processed: 0
[13.468s][debug][gc,age         ] GC(267) Desired survivor size 557056 bytes, new threshold 15 (max threshold 15)
[13.468s][info ][gc,heap        ] GC(267) DefNew: 8832K(9920K)->0K(9920K) Eden: 8832K(8832K)->0K(8832K) From: 0K(1088K)->0K(1088K)
[13.468s][info ][gc,heap        ] GC(267) Tenured: 2071K(21888K)->2071K(21888K)
[13.468s][info ][gc,metaspace   ] GC(267) Metaspace: 369K(512K)->369K(512K) NonClass: 306K(384K)->306K(384K) Class: 63K(128K)->63K(128K)
[13.468s][debug][gc,heap        ] GC(267) Heap after GC invocations=268 (full 8):
[13.468s][debug][gc,heap        ] GC(267)  def new generation   total 9920K, used 0K [0x0000120000200000, 0x0000120000cc0000, 0x000012000aca0000)
[13.468s][debug][gc,heap        ] GC(267)   eden space 8832K,   0% used [0x0000120000200000, 0x0000120000200000, 0x0000120000aa0000)
[13.468s][debug][gc,heap        ] GC(267)   from space 1088K,   0% used [0x0000120000aa0000, 0x0000120000aa0168, 0x0000120000bb0000)
[13.468s][debug][gc,heap        ] GC(267)   to   space 1088K,   0% used [0x0000120000bb0000, 0x0000120000bb0000, 0x0000120000cc0000)
[13.468s][debug][gc,heap        ] GC(267)  tenured generation   total 21888K, used 2071K [0x000012000aca0000, 0x000012000c200000, 0x0000120020200000)
[13.468s][debug][gc,heap        ] GC(267)    the space 21888K,   9% used [0x000012000aca0000, 0x000012000aea5db8, 0x000012000aea5e00, 0x000012000c200000)
[13.468s][debug][gc,heap        ] GC(267)  Metaspace       used 369K, committed 512K, reserved 1114112K
[13.468s][debug][gc,heap        ] GC(267)   class space    used 63K, committed 128K, reserved 1048576K
[13.468s][info ][gc             ] GC(267) Pause Young (Allocation Failure) 10M->2M(31M) 0.703ms
[13.468s][info ][gc,cpu         ] GC(267) User=0.00s Sys=0.00s Real=0.00s
[13.468s][info ][safepoint      ] Safepoint "GenCollectForAllocation", Time since last: 48281464 ns, Reaching safepoint: 3181 ns, Cleanup: 3668 ns, At safepoint: 748403 ns, Total: 755252 ns
[13.516s][info ][gc,start       ] GC(268) Pause Young (Allocation Failure)
[13.516s][debug][gc,heap        ] GC(268) Heap before GC invocations=268 (full 8):
[13.516s][debug][gc,heap        ] GC(268)  def new generation   total 9920K, used 8832K [0x0000120000200000, 0x0000120000cc0000, 0x000012000aca0000)
[13.516s][debug][gc,heap        ] GC(268)   eden space 8832K, 100% used [0x0000120000200000, 0x0000120000aa0000, 0x0000120000aa0000)
[13.516s][debug][gc,heap        ] GC(268)   from space 1088K,   0% used [0x0000120000aa0000, 0x0000120000aa0168, 0x0000120000bb0000)
[13.516s][debug][gc,heap        ] GC(268)   to   space 1088K,   0% used [0x0000120000bb0000, 0x0000120000bb0000, 0x0000120000cc0000)
[13.516s][debug][gc,heap        ] GC(268)  tenured generation   total 21888K, used 2071K [0x000012000aca0000, 0x000012000c200000, 0x0000120020200000)
[13.516s][debug][gc,heap        ] GC(268)    the space 21888K,   9% used [0x000012000aca0000, 0x000012000aea5db8, 0x000012000aea5e00, 0x000012000c200000)
[13.516s][debug][gc,heap        ] GC(268)  Metaspace       used 369K, committed 512K, reserved 1114112K
[13.516s][debug][gc,heap        ] GC(268)   class space    used 63K, committed 128K, reserved 1048576K
[13.516s][debug][gc,tlab        ] GC(268) TLAB totals: thrds: 2  refills: 101 max: 52 slow allocs: 0 max 0 waste:  0.1% gc: 7120B max: 7120B slow: 2608B max: 1384B
[13.516s][debug][gc,ref         ] GC(268) Skipped SoftWeakFinalRefsPhase of Reference Processing: no references
[13.516s][debug][gc,ref         ] GC(268) Skipped KeepAliveFinalRefsPhase of Reference Processing: no references
[13.516s][debug][gc,ref         ] GC(268) Skipped PhantomRefsPhase of Reference Processing: no references
[13.516s][debug][gc,phases,ref  ] GC(268) Reference Processing: 0.0ms
[13.516s][debug][gc,phases,ref  ] GC(268)   Notify Soft/WeakReferences: 0.0ms
[13.516s][debug][gc,phases,ref  ] GC(268)     SoftRef: skipped
[13.516s][debug][gc,phases,ref  ] GC(268)     WeakRef: skipped
[13.516s][debug][gc,phases,ref  ] GC(268)     FinalRef: skipped
[13.516s][debug][gc,phases,ref  ] GC(268)     Total: skipped
[13.516s][debug][gc,phases,ref  ] GC(268)   Notify and keep alive finalizable: 0.0ms
[13.516s][debug][gc,phases,ref  ] GC(268)     FinalRef: skipped
[13.516s][debug][gc,phases,ref  ] GC(268)   Notify PhantomReferences: 0.0ms
[13.516s][debug][gc,phases,ref  ] GC(268)     PhantomRef: skipped
[13.516s][debug][gc,phases,ref  ] GC(268)   SoftReference Discovered: 0, Dropped: 0, Processed: 0
[13.516s][debug][gc,phases,ref  ] GC(268)   WeakReference Discovered: 0, Dropped: 0, Processed: 0
[13.516s][debug][gc,phases,ref  ] GC(268)   FinalReference Discovered: 0, Dropped: 0, Processed: 0
[13.516s][debug][gc,phases,ref  ] GC(268)   PhantomReference Discovered: 0, Dropped: 0, Processed: 0
[13.516s][debug][gc,age         ] GC(268) Desired survivor size 557056 bytes, new threshold 15 (max threshold 15)
[13.516s][info ][gc,heap        ] GC(268) DefNew: 8832K(9920K)->0K(9920K) Eden: 8832K(8832K)->0K(8832K) From: 0K(1088K)->0K(1088K)
[13.516s][info ][gc,heap        ] GC(268) Tenured: 2071K(21888K)->2071K(21888K)
[13.516s][info ][gc,metaspace   ] GC(268) Metaspace: 369K(512K)->369K(512K) NonClass: 306K(384K)->306K(384K) Class: 63K(128K)->63K(128K)
[13.516s][debug][gc,heap        ] GC(268) Heap after GC invocations=269 (full 8):
[13.516s][debug][gc,heap        ] GC(268)  def new generation   total 9920K, used 0K [0x0000120000200000, 0x0000120000cc0000, 0x000012000aca0000)
[13.516s][debug][gc,heap        ] GC(268)   eden space 8832K,   0% used [0x0000120000200000, 0x0000120000200000, 0x0000120000aa0000)
[13.516s][debug][gc,heap        ] GC(268)   from space 1088K,   0% used [0x0000120000bb0000, 0x0000120000bb0168, 0x0000120000cc0000)
[13.516s][debug][gc,heap        ] GC(268)   to   space 1088K,   0% used [0x0000120000aa0000, 0x0000120000aa0000, 0x0000120000bb0000)
[13.516s][debug][gc,heap        ] GC(268)  tenured generation   total 21888K, used 2071K [0x000012000aca0000, 0x000012000c200000, 0x0000120020200000)
[13.516s][debug][gc,heap        ] GC(268)    the space 21888K,   9% used [0x000012000aca0000, 0x000012000aea5db8, 0x000012000aea5e00, 0x000012000c200000)
[13.516s][debug][gc,heap        ] GC(268)  Metaspace       used 369K, committed 512K, reserved 1114112K
[13.516s][debug][gc,heap        ] GC(268)   class space    used 63K, committed 128K, reserved 1048576K
[13.516s][info ][gc             ] GC(268) Pause Young (Allocation Failure) 10M->2M(31M) 0.577ms
[13.516s][info ][gc,cpu         ] GC(268) User=0.00s Sys=0.00s Real=0.00s
[13.516s][info ][safepoint      ] Safepoint "GenCollectForAllocation", Time since last: 47608297 ns, Reaching safepoint: 3166 ns, Cleanup: 3587 ns, At safepoint: 624139 ns, Total: 630892 ns
[13.565s][info ][gc,start       ] GC(269) Pause Young (Allocation Failure)
[13.565s][debug][gc,heap        ] GC(269) Heap before GC invocations=269 (full 8):
[13.565s][debug][gc,heap        ] GC(269)  def new generation   total 9920K, used 8832K [0x0000120000200000, 0x0000120000cc0000, 0x000012000aca0000)
[13.565s][debug][gc,heap        ] GC(269)   eden space 8832K, 100% used [0x0000120000200000, 0x0000120000aa0000, 0x0000120000aa0000)
[13.565s][debug][gc,heap        ] GC(269)   from space 1088K,   0% used [0x0000120000bb0000, 0x0000120000bb0168, 0x0000120000cc0000)
[13.565s][debug][gc,heap        ] GC(269)   to   space 1088K,   0% used [0x0000120000aa0000, 0x0000120000aa0000, 0x0000120000bb0000)
[13.565s][debug][gc,heap        ] GC(269)  tenured generation   total 21888K, used 2071K [0x000012000aca0000, 0x000012000c200000, 0x0000120020200000)
[13.565s][debug][gc,heap        ] GC(269)    the space 21888K,   9% used [0x000012000aca0000, 0x000012000aea5db8, 0x000012000aea5e00, 0x000012000c200000)
[13.565s][debug][gc,heap        ] GC(269)  Metaspace       used 369K, committed 512K, reserved 1114112K
[13.565s][debug][gc,heap        ] GC(269)   class space    used 63K, committed 128K, reserved 1048576K
[13.565s][debug][gc,tlab        ] GC(269) TLAB totals: thrds: 2  refills: 100 max: 51 slow allocs: 0 max 0 waste:  0.2% gc: 18760B max: 18760B slow: 3744B max: 2304B
[13.565s][debug][gc,ref         ] GC(269) Skipped SoftWeakFinalRefsPhase of Reference Processing: no references
[13.565s][debug][gc,ref         ] GC(269) Skipped KeepAliveFinalRefsPhase of Reference Processing: no references
[13.565s][debug][gc,ref         ] GC(269) Skipped PhantomRefsPhase of Reference Processing: no references
[13.565s][debug][gc,phases,ref  ] GC(269) Reference Processing: 0.0ms
[13.565s][debug][gc,phases,ref  ] GC(269)   Notify Soft/WeakReferences: 0.0ms
[13.565s][debug][gc,phases,ref  ] GC(269)     SoftRef: skipped
[13.565s][debug][gc,phases,ref  ] GC(269)     WeakRef: skipped
[13.565s][debug][gc,phases,ref  ] GC(269)     FinalRef: skipped
[13.565s][debug][gc,phases,ref  ] GC(269)     Total: skipped
[13.565s][debug][gc,phases,ref  ] GC(269)   Notify and keep alive finalizable: 0.0ms
[13.565s][debug][gc,phases,ref  ] GC(269)     FinalRef: skipped
[13.565s][debug][gc,phases,ref  ] GC(269)   Notify PhantomReferences: 0.0ms
[13.565s][debug][gc,phases,ref  ] GC(269)     PhantomRef: skipped
[13.565s][debug][gc,phases,ref  ] GC(269)   SoftReference Discovered: 0, Dropped: 0, Processed: 0
[13.565s][debug][gc,phases,ref  ] GC(269)   WeakReference Discovered: 0, Dropped: 0, Processed: 0
[13.565s][debug][gc,phases,ref  ] GC(269)   FinalReference Discovered: 0, Dropped: 0, Processed: 0
[13.566s][debug][gc,phases,ref  ] GC(269)   PhantomReference Discovered: 0, Dropped: 0, Processed: 0
[13.566s][debug][gc,age         ] GC(269) Desired survivor size 557056 bytes, new threshold 15 (max threshold 15)
[13.566s][info ][gc,heap        ] GC(269) DefNew: 8832K(9920K)->0K(9920K) Eden: 8832K(8832K)->0K(8832K) From: 0K(1088K)->0K(1088K)
[13.566s][info ][gc,heap        ] GC(269) Tenured: 2071K(21888K)->2071K(21888K)
[13.566s][info ][gc,metaspace   ] GC(269) Metaspace: 369K(512K)->369K(512K) NonClass: 306K(384K)->306K(384K) Class: 63K(128K)->63K(128K)
[13.566s][debug][gc,heap        ] GC(269) Heap after GC invocations=270 (full 8):
[13.566s][debug][gc,heap        ] GC(269)  def new generation   total 9920K, used 0K [0x0000120000200000, 0x0000120000cc0000, 0x000012000aca0000)
[13.566s][debug][gc,heap        ] GC(269)   eden space 8832K,   0% used [0x0000120000200000, 0x0000120000200000, 0x0000120000aa0000)
[13.566s][debug][gc,heap        ] GC(269)   from space 1088K,   0% used [0x0000120000aa0000, 0x0000120000aa0110, 0x0000120000bb0000)
[13.566s][debug][gc,heap        ] GC(269)   to   space 1088K,   0% used [0x0000120000bb0000, 0x0000120000bb0000, 0x0000120000cc0000)
[13.566s][debug][gc,heap        ] GC(269)  tenured generation   total 21888K, used 2071K [0x000012000aca0000, 0x000012000c200000, 0x0000120020200000)
[13.566s][debug][gc,heap        ] GC(269)    the space 21888K,   9% used [0x000012000aca0000, 0x000012000aea5db8, 0x000012000aea5e00, 0x000012000c200000)
[13.566s][debug][gc,heap        ] GC(269)  Metaspace       used 369K, committed 512K, reserved 1114112K
[13.566s][debug][gc,heap        ] GC(269)   class space    used 63K, committed 128K, reserved 1048576K
[13.566s][info ][gc             ] GC(269) Pause Young (Allocation Failure) 10M->2M(31M) 0.612ms
[13.566s][info ][gc,cpu         ] GC(269) User=0.00s Sys=0.00s Real=0.00s
[13.566s][info ][safepoint      ] Safepoint "GenCollectForAllocation", Time since last: 48819064 ns, Reaching safepoint: 76462 ns, Cleanup: 3383 ns, At safepoint: 654856 ns, Total: 734701 ns
[13.614s][info ][gc,start       ] GC(270) Pause Young (Allocation Failure)
[13.614s][debug][gc,heap        ] GC(270) Heap before GC invocations=270 (full 8):
[13.614s][debug][gc,heap        ] GC(270)  def new generation   total 9920K, used 8832K [0x0000120000200000, 0x0000120000cc0000, 0x000012000aca0000)
[13.614s][debug][gc,heap        ] GC(270)   eden space 8832K, 100% used [0x0000120000200000, 0x0000120000aa0000, 0x0000120000aa0000)
[13.614s][debug][gc,heap        ] GC(270)   from space 1088K,   0% used [0x0000120000aa0000, 0x0000120000aa0110, 0x0000120000bb0000)
[13.614s][debug][gc,heap        ] GC(270)   to   space 1088K,   0% used [0x0000120000bb0000, 0x0000120000bb0000, 0x0000120000cc0000)
[13.614s][debug][gc,heap        ] GC(270)  tenured generation   total 21888K, used 2071K [0x000012000aca0000, 0x000012000c200000, 0x0000120020200000)
[13.614s][debug][gc,heap        ] GC(270)    the space 21888K,   9% used [0x000012000aca0000, 0x000012000aea5db8, 0x000012000aea5e00, 0x000012000c200000)
[13.614s][debug][gc,heap        ] GC(270)  Metaspace       used 369K, committed 512K, reserved 1114112K
[13.614s][debug][gc,heap        ] GC(270)   class space    used 63K, committed 128K, reserved 1048576K
[13.614s][debug][gc,tlab        ] GC(270) TLAB totals: thrds: 2  refills: 101 max: 51 slow allocs: 0 max 0 waste:  0.5% gc: 38064B max: 38064B slow: 3016B max: 1680B
[13.614s][debug][gc,ref         ] GC(270) Skipped SoftWeakFinalRefsPhase of Reference Processing: no references
[13.614s][debug][gc,ref         ] GC(270) Skipped KeepAliveFinalRefsPhase of Reference Processing: no references
[13.614s][debug][gc,ref         ] GC(270) Skipped PhantomRefsPhase of Reference Processing: no references
[13.614s][debug][gc,phases,ref  ] GC(270) Reference Processing: 0.0ms
[13.614s][debug][gc,phases,ref  ] GC(270)   Notify Soft/WeakReferences: 0.0ms
[13.614s][debug][gc,phases,ref  ] GC(270)     SoftRef: skipped
[13.614s][debug][gc,phases,ref  ] GC(270)     WeakRef: skipped
[13.614s][debug][gc,phases,ref  ] GC(270)     FinalRef: skipped
[13.614s][debug][gc,phases,ref  ] GC(270)     Total: skipped
[13.614s][debug][gc,phases,ref  ] GC(270)   Notify and keep alive finalizable: 0.0ms
[13.614s][debug][gc,phases,ref  ] GC(270)     FinalRef: skipped
[13.614s][debug][gc,phases,ref  ] GC(270)   Notify PhantomReferences: 0.0ms
[13.614s][debug][gc,phases,ref  ] GC(270)     PhantomRef: skipped
[13.614s][debug][gc,phases,ref  ] GC(270)   SoftReference Discovered: 0, Dropped: 0, Processed: 0
[13.614s][debug][gc,phases,ref  ] GC(270)   WeakReference Discovered: 0, Dropped: 0, Processed: 0
[13.614s][debug][gc,phases,ref  ] GC(270)   FinalReference Discovered: 0, Dropped: 0, Processed: 0
[13.614s][debug][gc,phases,ref  ] GC(270)   PhantomReference Discovered: 0, Dropped: 0, Processed: 0
[13.614s][debug][gc,age         ] GC(270) Desired survivor size 557056 bytes, new threshold 15 (max threshold 15)
[13.614s][info ][gc,heap        ] GC(270) DefNew: 8832K(9920K)->0K(9920K) Eden: 8832K(8832K)->0K(8832K) From: 0K(1088K)->0K(1088K)
[13.614s][info ][gc,heap        ] GC(270) Tenured: 2071K(21888K)->2071K(21888K)
[13.614s][info ][gc,metaspace   ] GC(270) Metaspace: 369K(512K)->369K(512K) NonClass: 306K(384K)->306K(384K) Class: 63K(128K)->63K(128K)
[13.614s][debug][gc,heap        ] GC(270) Heap after GC invocations=271 (full 8):
[13.614s][debug][gc,heap        ] GC(270)  def new generation   total 9920K, used 0K [0x0000120000200000, 0x0000120000cc0000, 0x000012000aca0000)
[13.614s][debug][gc,heap        ] GC(270)   eden space 8832K,   0% used [0x0000120000200000, 0x0000120000200000, 0x0000120000aa0000)
[13.614s][debug][gc,heap        ] GC(270)   from space 1088K,   0% used [0x0000120000bb0000, 0x0000120000bb00d0, 0x0000120000cc0000)
[13.614s][debug][gc,heap        ] GC(270)   to   space 1088K,   0% used [0x0000120000aa0000, 0x0000120000aa0000, 0x0000120000bb0000)
[13.614s][debug][gc,heap        ] GC(270)  tenured generation   total 21888K, used 2071K [0x000012000aca0000, 0x000012000c200000, 0x0000120020200000)
[13.614s][debug][gc,heap        ] GC(270)    the space 21888K,   9% used [0x000012000aca0000, 0x000012000aea5db8, 0x000012000aea5e00, 0x000012000c200000)
[13.614s][debug][gc,heap        ] GC(270)  Metaspace       used 369K, committed 512K, reserved 1114112K
[13.614s][debug][gc,heap        ] GC(270)   class space    used 63K, committed 128K, reserved 1048576K
[13.614s][info ][gc             ] GC(270) Pause Young (Allocation Failure) 10M->2M(31M) 0.704ms
[13.614s][info ][gc,cpu         ] GC(270) User=0.00s Sys=0.00s Real=0.00s
[13.614s][info ][safepoint      ] Safepoint "GenCollectForAllocation", Time since last: 47755131 ns, Reaching safepoint: 3591 ns, Cleanup: 3560 ns, At safepoint: 751065 ns, Total: 758216 ns
[13.662s][info ][gc,start       ] GC(271) Pause Young (Allocation Failure)
[13.662s][debug][gc,heap        ] GC(271) Heap before GC invocations=271 (full 8):
[13.662s][debug][gc,heap        ] GC(271)  def new generation   total 9920K, used 8832K [0x0000120000200000, 0x0000120000cc0000, 0x000012000aca0000)
[13.662s][debug][gc,heap        ] GC(271)   eden space 8832K, 100% used [0x0000120000200000, 0x0000120000aa0000, 0x0000120000aa0000)
[13.662s][debug][gc,heap        ] GC(271)   from space 1088K,   0% used [0x0000120000bb0000, 0x0000120000bb00d0, 0x0000120000cc0000)
[13.662s][debug][gc,heap        ] GC(271)   to   space 1088K,   0% used [0x0000120000aa0000, 0x0000120000aa0000, 0x0000120000bb0000)
[13.662s][debug][gc,heap        ] GC(271)  tenured generation   total 21888K, used 2071K [0x000012000aca0000, 0x000012000c200000, 0x0000120020200000)
[13.662s][debug][gc,heap        ] GC(271)    the space 21888K,   9% used [0x000012000aca0000, 0x000012000aea5db8, 0x000012000aea5e00, 0x000012000c200000)
[13.662s][debug][gc,heap        ] GC(271)  Metaspace       used 369K, committed 512K, reserved 1114112K
[13.662s][debug][gc,heap        ] GC(271)   class space    used 63K, committed 128K, reserved 1048576K
[13.662s][debug][gc,tlab        ] GC(271) TLAB totals: thrds: 2  refills: 101 max: 51 slow allocs: 0 max 0 waste:  0.4% gc: 35776B max: 35776B slow: 2792B max: 1416B
[13.662s][debug][gc,ref         ] GC(271) Skipped SoftWeakFinalRefsPhase of Reference Processing: no references
[13.662s][debug][gc,ref         ] GC(271) Skipped KeepAliveFinalRefsPhase of Reference Processing: no references
[13.662s][debug][gc,ref         ] GC(271) Skipped PhantomRefsPhase of Reference Processing: no references
[13.662s][debug][gc,phases,ref  ] GC(271) Reference Processing: 0.0ms
[13.662s][debug][gc,phases,ref  ] GC(271)   Notify Soft/WeakReferences: 0.0ms
[13.662s][debug][gc,phases,ref  ] GC(271)     SoftRef: skipped
[13.662s][debug][gc,phases,ref  ] GC(271)     WeakRef: skipped
[13.662s][debug][gc,phases,ref  ] GC(271)     FinalRef: skipped
[13.662s][debug][gc,phases,ref  ] GC(271)     Total: skipped
[13.662s][debug][gc,phases,ref  ] GC(271)   Notify and keep alive finalizable: 0.0ms
[13.663s][debug][gc,phases,ref  ] GC(271)     FinalRef: skipped
[13.663s][debug][gc,phases,ref  ] GC(271)   Notify PhantomReferences: 0.0ms
[13.663s][debug][gc,phases,ref  ] GC(271)     PhantomRef: skipped
[13.663s][debug][gc,phases,ref  ] GC(271)   SoftReference Discovered: 0, Dropped: 0, Processed: 0
[13.663s][debug][gc,phases,ref  ] GC(271)   WeakReference Discovered: 0, Dropped: 0, Processed: 0
[13.663s][debug][gc,phases,ref  ] GC(271)   FinalReference Discovered: 0, Dropped: 0, Processed: 0
[13.663s][debug][gc,phases,ref  ] GC(271)   PhantomReference Discovered: 0, Dropped: 0, Processed: 0
[13.663s][debug][gc,age         ] GC(271) Desired survivor size 557056 bytes, new threshold 15 (max threshold 15)
[13.663s][info ][gc,heap        ] GC(271) DefNew: 8832K(9920K)->0K(9920K) Eden: 8832K(8832K)->0K(8832K) From: 0K(1088K)->0K(1088K)
[13.663s][info ][gc,heap        ] GC(271) Tenured: 2071K(21888K)->2071K(21888K)
[13.663s][info ][gc,metaspace   ] GC(271) Metaspace: 369K(512K)->369K(512K) NonClass: 306K(384K)->306K(384K) Class: 63K(128K)->63K(128K)
[13.663s][debug][gc,heap        ] GC(271) Heap after GC invocations=272 (full 8):
[13.663s][debug][gc,heap        ] GC(271)  def new generation   total 9920K, used 0K [0x0000120000200000, 0x0000120000cc0000, 0x000012000aca0000)
[13.663s][debug][gc,heap        ] GC(271)   eden space 8832K,   0% used [0x0000120000200000, 0x0000120000200000, 0x0000120000aa0000)
[13.663s][debug][gc,heap        ] GC(271)   from space 1088K,   0% used [0x0000120000aa0000, 0x0000120000aa0150, 0x0000120000bb0000)
[13.663s][debug][gc,heap        ] GC(271)   to   space 1088K,   0% used [0x0000120000bb0000, 0x0000120000bb0000, 0x0000120000cc0000)
[13.663s][debug][gc,heap        ] GC(271)  tenured generation   total 21888K, used 2071K [0x000012000aca0000, 0x000012000c200000, 0x0000120020200000)
[13.663s][debug][gc,heap        ] GC(271)    the space 21888K,   9% used [0x000012000aca0000, 0x000012000aea5db8, 0x000012000aea5e00, 0x000012000c200000)
[13.663s][debug][gc,heap        ] GC(271)  Metaspace       used 369K, committed 512K, reserved 1114112K
[13.663s][debug][gc,heap        ] GC(271)   class space    used 63K, committed 128K, reserved 1048576K
[13.663s][info ][gc             ] GC(271) Pause Young (Allocation Failure) 10M->2M(31M) 0.598ms
[13.663s][info ][gc,cpu         ] GC(271) User=0.00s Sys=0.00s Real=0.01s
[13.663s][info ][safepoint      ] Safepoint "GenCollectForAllocation", Time since last: 47906311 ns, Reaching safepoint: 3334 ns, Cleanup: 3542 ns, At safepoint: 644791 ns, Total: 651667 ns
[13.711s][info ][gc,start       ] GC(272) Pause Young (Allocation Failure)
[13.711s][debug][gc,heap        ] GC(272) Heap before GC invocations=272 (full 8):
[13.711s][debug][gc,heap        ] GC(272)  def new generation   total 9920K, used 8832K [0x0000120000200000, 0x0000120000cc0000, 0x000012000aca0000)
[13.711s][debug][gc,heap        ] GC(272)   eden space 8832K, 100% used [0x0000120000200000, 0x0000120000aa0000, 0x0000120000aa0000)
[13.711s][debug][gc,heap        ] GC(272)   from space 1088K,   0% used [0x0000120000aa0000, 0x0000120000aa0150, 0x0000120000bb0000)
[13.711s][debug][gc,heap        ] GC(272)   to   space 1088K,   0% used [0x0000120000bb0000, 0x0000120000bb0000, 0x0000120000cc0000)
[13.711s][debug][gc,heap        ] GC(272)  tenured generation   total 21888K, used 2071K [0x000012000aca0000, 0x000012000c200000, 0x0000120020200000)
[13.711s][debug][gc,heap        ] GC(272)    the space 21888K,   9% used [0x000012000aca0000, 0x000012000aea5db8, 0x000012000aea5e00, 0x000012000c200000)
[13.711s][debug][gc,heap        ] GC(272)  Metaspace       used 369K, committed 512K, reserved 1114112K
[13.711s][debug][gc,heap        ] GC(272)   class space    used 63K, committed 128K, reserved 1048576K
[13.711s][debug][gc,tlab        ] GC(272) TLAB totals: thrds: 2  refills: 101 max: 51 slow allocs: 0 max 0 waste:  0.4% gc: 37576B max: 37576B slow: 2768B max: 1416B
[13.711s][debug][gc,ref         ] GC(272) Skipped SoftWeakFinalRefsPhase of Reference Processing: no references
[13.711s][debug][gc,ref         ] GC(272) Skipped KeepAliveFinalRefsPhase of Reference Processing: no references
[13.711s][debug][gc,ref         ] GC(272) Skipped PhantomRefsPhase of Reference Processing: no references
[13.711s][debug][gc,phases,ref  ] GC(272) Reference Processing: 0.0ms
[13.711s][debug][gc,phases,ref  ] GC(272)   Notify Soft/WeakReferences: 0.0ms
[13.711s][debug][gc,phases,ref  ] GC(272)     SoftRef: skipped
[13.711s][debug][gc,phases,ref  ] GC(272)     WeakRef: skipped
[13.711s][debug][gc,phases,ref  ] GC(272)     FinalRef: skipped
[13.711s][debug][gc,phases,ref  ] GC(272)     Total: skipped
[13.711s][debug][gc,phases,ref  ] GC(272)   Notify and keep alive finalizable: 0.0ms
[13.711s][debug][gc,phases,ref  ] GC(272)     FinalRef: skipped
[13.711s][debug][gc,phases,ref  ] GC(272)   Notify PhantomReferences: 0.0ms
[13.711s][debug][gc,phases,ref  ] GC(272)     PhantomRef: skipped
[13.711s][debug][gc,phases,ref  ] GC(272)   SoftReference Discovered: 0, Dropped: 0, Processed: 0
[13.711s][debug][gc,phases,ref  ] GC(272)   WeakReference Discovered: 0, Dropped: 0, Processed: 0
[13.711s][debug][gc,phases,ref  ] GC(272)   FinalReference Discovered: 0, Dropped: 0, Processed: 0
[13.711s][debug][gc,phases,ref  ] GC(272)   PhantomReference Discovered: 0, Dropped: 0, Processed: 0
[13.712s][debug][gc,age         ] GC(272) Desired survivor size 557056 bytes, new threshold 15 (max threshold 15)
[13.712s][info ][gc,heap        ] GC(272) DefNew: 8832K(9920K)->0K(9920K) Eden: 8832K(8832K)->0K(8832K) From: 0K(1088K)->0K(1088K)
[13.712s][info ][gc,heap        ] GC(272) Tenured: 2071K(21888K)->2071K(21888K)
[13.712s][info ][gc,metaspace   ] GC(272) Metaspace: 369K(512K)->369K(512K) NonClass: 306K(384K)->306K(384K) Class: 63K(128K)->63K(128K)
[13.712s][debug][gc,heap        ] GC(272) Heap after GC invocations=273 (full 8):
[13.712s][debug][gc,heap        ] GC(272)  def new generation   total 9920K, used 0K [0x0000120000200000, 0x0000120000cc0000, 0x000012000aca0000)
[13.712s][debug][gc,heap        ] GC(272)   eden space 8832K,   0% used [0x0000120000200000, 0x0000120000200000, 0x0000120000aa0000)
[13.712s][debug][gc,heap        ] GC(272)   from space 1088K,   0% used [0x0000120000bb0000, 0x0000120000bb0150, 0x0000120000cc0000)
[13.712s][debug][gc,heap        ] GC(272)   to   space 1088K,   0% used [0x0000120000aa0000, 0x0000120000aa0000, 0x0000120000bb0000)
[13.712s][debug][gc,heap        ] GC(272)  tenured generation   total 21888K, used 2071K [0x000012000aca0000, 0x000012000c200000, 0x0000120020200000)
[13.712s][debug][gc,heap        ] GC(272)    the space 21888K,   9% used [0x000012000aca0000, 0x000012000aea5db8, 0x000012000aea5e00, 0x000012000c200000)
[13.712s][debug][gc,heap        ] GC(272)  Metaspace       used 369K, committed 512K, reserved 1114112K
[13.712s][debug][gc,heap        ] GC(272)   class space    used 63K, committed 128K, reserved 1048576K
[13.712s][info ][gc             ] GC(272) Pause Young (Allocation Failure) 10M->2M(31M) 0.691ms
[13.712s][info ][gc,cpu         ] GC(272) User=0.00s Sys=0.00s Real=0.00s
[13.712s][info ][safepoint      ] Safepoint "GenCollectForAllocation", Time since last: 48163631 ns, Reaching safepoint: 3454 ns, Cleanup: 3650 ns, At safepoint: 736827 ns, Total: 743931 ns
[13.759s][info ][gc,start       ] GC(273) Pause Young (Allocation Failure)
[13.759s][debug][gc,heap        ] GC(273) Heap before GC invocations=273 (full 8):
[13.759s][debug][gc,heap        ] GC(273)  def new generation   total 9920K, used 8832K [0x0000120000200000, 0x0000120000cc0000, 0x000012000aca0000)
[13.759s][debug][gc,heap        ] GC(273)   eden space 8832K, 100% used [0x0000120000200000, 0x0000120000aa0000, 0x0000120000aa0000)
[13.759s][debug][gc,heap        ] GC(273)   from space 1088K,   0% used [0x0000120000bb0000, 0x0000120000bb0150, 0x0000120000cc0000)
[13.759s][debug][gc,heap        ] GC(273)   to   space 1088K,   0% used [0x0000120000aa0000, 0x0000120000aa0000, 0x0000120000bb0000)
[13.759s][debug][gc,heap        ] GC(273)  tenured generation   total 21888K, used 2071K [0x000012000aca0000, 0x000012000c200000, 0x0000120020200000)
[13.759s][debug][gc,heap        ] GC(273)    the space 21888K,   9% used [0x000012000aca0000, 0x000012000aea5db8, 0x000012000aea5e00, 0x000012000c200000)
[13.759s][debug][gc,heap        ] GC(273)  Metaspace       used 369K, committed 512K, reserved 1114112K
[13.759s][debug][gc,heap        ] GC(273)   class space    used 63K, committed 128K, reserved 1048576K
[13.759s][debug][gc,tlab        ] GC(273) TLAB totals: thrds: 2  refills: 101 max: 51 slow allocs: 0 max 0 waste:  0.1% gc: 5688B max: 5688B slow: 2248B max: 1384B
[13.759s][debug][gc,ref         ] GC(273) Skipped SoftWeakFinalRefsPhase of Reference Processing: no references
[13.759s][debug][gc,ref         ] GC(273) Skipped KeepAliveFinalRefsPhase of Reference Processing: no references
[13.759s][debug][gc,ref         ] GC(273) Skipped PhantomRefsPhase of Reference Processing: no references
[13.759s][debug][gc,phases,ref  ] GC(273) Reference Processing: 0.0ms
[13.759s][debug][gc,phases,ref  ] GC(273)   Notify Soft/WeakReferences: 0.0ms
[13.759s][debug][gc,phases,ref  ] GC(273)     SoftRef: skipped
[13.759s][debug][gc,phases,ref  ] GC(273)     WeakRef: skipped
[13.759s][debug][gc,phases,ref  ] GC(273)     FinalRef: skipped
[13.759s][debug][gc,phases,ref  ] GC(273)     Total: skipped
[13.759s][debug][gc,phases,ref  ] GC(273)   Notify and keep alive finalizable: 0.0ms
[13.759s][debug][gc,phases,ref  ] GC(273)     FinalRef: skipped
[13.759s][debug][gc,phases,ref  ] GC(273)   Notify PhantomReferences: 0.0ms
[13.759s][debug][gc,phases,ref  ] GC(273)     PhantomRef: skipped
[13.759s][debug][gc,phases,ref  ] GC(273)   SoftReference Discovered: 0, Dropped: 0, Processed: 0
[13.759s][debug][gc,phases,ref  ] GC(273)   WeakReference Discovered: 0, Dropped: 0, Processed: 0
[13.759s][debug][gc,phases,ref  ] GC(273)   FinalReference Discovered: 0, Dropped: 0, Processed: 0
[13.759s][debug][gc,phases,ref  ] GC(273)   PhantomReference Discovered: 0, Dropped: 0, Processed: 0
[13.759s][debug][gc,age         ] GC(273) Desired survivor size 557056 bytes, new threshold 15 (max threshold 15)
[13.759s][info ][gc,heap        ] GC(273) DefNew: 8832K(9920K)->0K(9920K) Eden: 8832K(8832K)->0K(8832K) From: 0K(1088K)->0K(1088K)
[13.759s][info ][gc,heap        ] GC(273) Tenured: 2071K(21888K)->2071K(21888K)
[13.759s][info ][gc,metaspace   ] GC(273) Metaspace: 369K(512K)->369K(512K) NonClass: 306K(384K)->306K(384K) Class: 63K(128K)->63K(128K)
[13.759s][debug][gc,heap        ] GC(273) Heap after GC invocations=274 (full 8):
[13.759s][debug][gc,heap        ] GC(273)  def new generation   total 9920K, used 0K [0x0000120000200000, 0x0000120000cc0000, 0x000012000aca0000)
[13.759s][debug][gc,heap        ] GC(273)   eden space 8832K,   0% used [0x0000120000200000, 0x0000120000200000, 0x0000120000aa0000)
[13.760s][debug][gc,heap        ] GC(273)   from space 1088K,   0% used [0x0000120000aa0000, 0x0000120000aa00e8, 0x0000120000bb0000)
[13.760s][debug][gc,heap        ] GC(273)   to   space 1088K,   0% used [0x0000120000bb0000, 0x0000120000bb0000, 0x0000120000cc0000)
[13.760s][debug][gc,heap        ] GC(273)  tenured generation   total 21888K, used 2071K [0x000012000aca0000, 0x000012000c200000, 0x0000120020200000)
[13.760s][debug][gc,heap        ] GC(273)    the space 21888K,   9% used [0x000012000aca0000, 0x000012000aea5db8, 0x000012000aea5e00, 0x000012000c200000)
[13.760s][debug][gc,heap        ] GC(273)  Metaspace       used 369K, committed 512K, reserved 1114112K
[13.760s][debug][gc,heap        ] GC(273)   class space    used 63K, committed 128K, reserved 1048576K
[13.760s][info ][gc             ] GC(273) Pause Young (Allocation Failure) 10M->2M(31M) 0.576ms
[13.760s][info ][gc,cpu         ] GC(273) User=0.00s Sys=0.00s Real=0.00s
[13.760s][info ][safepoint      ] Safepoint "GenCollectForAllocation", Time since last: 47276024 ns, Reaching safepoint: 3510 ns, Cleanup: 3075 ns, At safepoint: 621662 ns, Total: 628247 ns
[13.807s][info ][gc,start       ] GC(274) Pause Young (Allocation Failure)
[13.807s][debug][gc,heap        ] GC(274) Heap before GC invocations=274 (full 8):
[13.807s][debug][gc,heap        ] GC(274)  def new generation   total 9920K, used 8832K [0x0000120000200000, 0x0000120000cc0000, 0x000012000aca0000)
[13.807s][debug][gc,heap        ] GC(274)   eden space 8832K, 100% used [0x0000120000200000, 0x0000120000aa0000, 0x0000120000aa0000)
[13.807s][debug][gc,heap        ] GC(274)   from space 1088K,   0% used [0x0000120000aa0000, 0x0000120000aa00e8, 0x0000120000bb0000)
[13.807s][debug][gc,heap        ] GC(274)   to   space 1088K,   0% used [0x0000120000bb0000, 0x0000120000bb0000, 0x0000120000cc0000)
[13.807s][debug][gc,heap        ] GC(274)  tenured generation   total 21888K, used 2071K [0x000012000aca0000, 0x000012000c200000, 0x0000120020200000)
[13.807s][debug][gc,heap        ] GC(274)    the space 21888K,   9% used [0x000012000aca0000, 0x000012000aea5db8, 0x000012000aea5e00, 0x000012000c200000)
[13.807s][debug][gc,heap        ] GC(274)  Metaspace       used 369K, committed 512K, reserved 1114112K
[13.807s][debug][gc,heap        ] GC(274)   class space    used 63K, committed 128K, reserved 1048576K
[13.807s][debug][gc,tlab        ] GC(274) TLAB totals: thrds: 2  refills: 101 max: 51 slow allocs: 0 max 0 waste:  0.5% gc: 38816B max: 38816B slow: 2784B max: 1400B
[13.808s][debug][gc,ref         ] GC(274) Skipped SoftWeakFinalRefsPhase of Reference Processing: no references
[13.808s][debug][gc,ref         ] GC(274) Skipped KeepAliveFinalRefsPhase of Reference Processing: no references
[13.808s][debug][gc,ref         ] GC(274) Skipped PhantomRefsPhase of Reference Processing: no references
[13.808s][debug][gc,phases,ref  ] GC(274) Reference Processing: 0.0ms
[13.808s][debug][gc,phases,ref  ] GC(274)   Notify Soft/WeakReferences: 0.0ms
[13.808s][debug][gc,phases,ref  ] GC(274)     SoftRef: skipped
[13.808s][debug][gc,phases,ref  ] GC(274)     WeakRef: skipped
[13.808s][debug][gc,phases,ref  ] GC(274)     FinalRef: skipped
[13.808s][debug][gc,phases,ref  ] GC(274)     Total: skipped
[13.808s][debug][gc,phases,ref  ] GC(274)   Notify and keep alive finalizable: 0.0ms
[13.808s][debug][gc,phases,ref  ] GC(274)     FinalRef: skipped
[13.808s][debug][gc,phases,ref  ] GC(274)   Notify PhantomReferences: 0.0ms
[13.808s][debug][gc,phases,ref  ] GC(274)     PhantomRef: skipped
[13.808s][debug][gc,phases,ref  ] GC(274)   SoftReference Discovered: 0, Dropped: 0, Processed: 0
[13.808s][debug][gc,phases,ref  ] GC(274)   WeakReference Discovered: 0, Dropped: 0, Processed: 0
[13.808s][debug][gc,phases,ref  ] GC(274)   FinalReference Discovered: 0, Dropped: 0, Processed: 0
[13.808s][debug][gc,phases,ref  ] GC(274)   PhantomReference Discovered: 0, Dropped: 0, Processed: 0
[13.808s][debug][gc,age         ] GC(274) Desired survivor size 557056 bytes, new threshold 15 (max threshold 15)
[13.808s][info ][gc,heap        ] GC(274) DefNew: 8832K(9920K)->0K(9920K) Eden: 8832K(8832K)->0K(8832K) From: 0K(1088K)->0K(1088K)
[13.808s][info ][gc,heap        ] GC(274) Tenured: 2071K(21888K)->2071K(21888K)
[13.808s][info ][gc,metaspace   ] GC(274) Metaspace: 369K(512K)->369K(512K) NonClass: 306K(384K)->306K(384K) Class: 63K(128K)->63K(128K)
[13.808s][debug][gc,heap        ] GC(274) Heap after GC invocations=275 (full 8):
[13.808s][debug][gc,heap        ] GC(274)  def new generation   total 9920K, used 0K [0x0000120000200000, 0x0000120000cc0000, 0x000012000aca0000)
[13.808s][debug][gc,heap        ] GC(274)   eden space 8832K,   0% used [0x0000120000200000, 0x0000120000200000, 0x0000120000aa0000)
[13.808s][debug][gc,heap        ] GC(274)   from space 1088K,   0% used [0x0000120000bb0000, 0x0000120000bb01b8, 0x0000120000cc0000)
[13.808s][debug][gc,heap        ] GC(274)   to   space 1088K,   0% used [0x0000120000aa0000, 0x0000120000aa0000, 0x0000120000bb0000)
[13.808s][debug][gc,heap        ] GC(274)  tenured generation   total 21888K, used 2071K [0x000012000aca0000, 0x000012000c200000, 0x0000120020200000)
[13.808s][debug][gc,heap        ] GC(274)    the space 21888K,   9% used [0x000012000aca0000, 0x000012000aea5db8, 0x000012000aea5e00, 0x000012000c200000)
[13.808s][debug][gc,heap        ] GC(274)  Metaspace       used 369K, committed 512K, reserved 1114112K
[13.808s][debug][gc,heap        ] GC(274)   class space    used 63K, committed 128K, reserved 1048576K
[13.808s][info ][gc             ] GC(274) Pause Young (Allocation Failure) 10M->2M(31M) 0.578ms
[13.808s][info ][gc,cpu         ] GC(274) User=0.00s Sys=0.00s Real=0.00s
[13.808s][info ][safepoint      ] Safepoint "GenCollectForAllocation", Time since last: 47679524 ns, Reaching safepoint: 3298 ns, Cleanup: 3648 ns, At safepoint: 622205 ns, Total: 629151 ns
[13.857s][info ][gc,start       ] GC(275) Pause Young (Allocation Failure)
[13.857s][debug][gc,heap        ] GC(275) Heap before GC invocations=275 (full 8):
[13.857s][debug][gc,heap        ] GC(275)  def new generation   total 9920K, used 8832K [0x0000120000200000, 0x0000120000cc0000, 0x000012000aca0000)
[13.857s][debug][gc,heap        ] GC(275)   eden space 8832K, 100% used [0x0000120000200000, 0x0000120000aa0000, 0x0000120000aa0000)
[13.857s][debug][gc,heap        ] GC(275)   from space 1088K,   0% used [0x0000120000bb0000, 0x0000120000bb01b8, 0x0000120000cc0000)
[13.857s][debug][gc,heap        ] GC(275)   to   space 1088K,   0% used [0x0000120000aa0000, 0x0000120000aa0000, 0x0000120000bb0000)
[13.857s][debug][gc,heap        ] GC(275)  tenured generation   total 21888K, used 2071K [0x000012000aca0000, 0x000012000c200000, 0x0000120020200000)
[13.857s][debug][gc,heap        ] GC(275)    the space 21888K,   9% used [0x000012000aca0000, 0x000012000aea5db8, 0x000012000aea5e00, 0x000012000c200000)
[13.857s][debug][gc,heap        ] GC(275)  Metaspace       used 369K, committed 512K, reserved 1114112K
[13.858s][debug][gc,heap        ] GC(275)   class space    used 63K, committed 128K, reserved 1048576K
[13.858s][debug][gc,tlab        ] GC(275) TLAB totals: thrds: 2  refills: 101 max: 52 slow allocs: 0 max 0 waste:  0.5% gc: 39296B max: 39296B slow: 2744B max: 1544B
[13.858s][debug][gc,ref         ] GC(275) Skipped SoftWeakFinalRefsPhase of Reference Processing: no references
[13.858s][debug][gc,ref         ] GC(275) Skipped KeepAliveFinalRefsPhase of Reference Processing: no references
[13.858s][debug][gc,ref         ] GC(275) Skipped PhantomRefsPhase of Reference Processing: no references
[13.858s][debug][gc,phases,ref  ] GC(275) Reference Processing: 0.0ms
[13.858s][debug][gc,phases,ref  ] GC(275)   Notify Soft/WeakReferences: 0.0ms
[13.858s][debug][gc,phases,ref  ] GC(275)     SoftRef: skipped
[13.858s][debug][gc,phases,ref  ] GC(275)     WeakRef: skipped
[13.858s][debug][gc,phases,ref  ] GC(275)     FinalRef: skipped
[13.858s][debug][gc,phases,ref  ] GC(275)     Total: skipped
[13.858s][debug][gc,phases,ref  ] GC(275)   Notify and keep alive finalizable: 0.0ms
[13.858s][debug][gc,phases,ref  ] GC(275)     FinalRef: skipped
[13.858s][debug][gc,phases,ref  ] GC(275)   Notify PhantomReferences: 0.0ms
[13.858s][debug][gc,phases,ref  ] GC(275)     PhantomRef: skipped
[13.858s][debug][gc,phases,ref  ] GC(275)   SoftReference Discovered: 0, Dropped: 0, Processed: 0
[13.858s][debug][gc,phases,ref  ] GC(275)   WeakReference Discovered: 0, Dropped: 0, Processed: 0
[13.858s][debug][gc,phases,ref  ] GC(275)   FinalReference Discovered: 0, Dropped: 0, Processed: 0
[13.858s][debug][gc,phases,ref  ] GC(275)   PhantomReference Discovered: 0, Dropped: 0, Processed: 0
[13.858s][debug][gc,age         ] GC(275) Desired survivor size 557056 bytes, new threshold 15 (max threshold 15)
[13.858s][info ][gc,heap        ] GC(275) DefNew: 8832K(9920K)->0K(9920K) Eden: 8832K(8832K)->0K(8832K) From: 0K(1088K)->0K(1088K)
[13.858s][info ][gc,heap        ] GC(275) Tenured: 2071K(21888K)->2071K(21888K)
[13.858s][info ][gc,metaspace   ] GC(275) Metaspace: 369K(512K)->369K(512K) NonClass: 306K(384K)->306K(384K) Class: 63K(128K)->63K(128K)
[13.858s][debug][gc,heap        ] GC(275) Heap after GC invocations=276 (full 8):
[13.858s][debug][gc,heap        ] GC(275)  def new generation   total 9920K, used 0K [0x0000120000200000, 0x0000120000cc0000, 0x000012000aca0000)
[13.858s][debug][gc,heap        ] GC(275)   eden space 8832K,   0% used [0x0000120000200000, 0x0000120000200000, 0x0000120000aa0000)
[13.858s][debug][gc,heap        ] GC(275)   from space 1088K,   0% used [0x0000120000aa0000, 0x0000120000aa01c8, 0x0000120000bb0000)
[13.858s][debug][gc,heap        ] GC(275)   to   space 1088K,   0% used [0x0000120000bb0000, 0x0000120000bb0000, 0x0000120000cc0000)
[13.858s][debug][gc,heap        ] GC(275)  tenured generation   total 21888K, used 2071K [0x000012000aca0000, 0x000012000c200000, 0x0000120020200000)
[13.858s][debug][gc,heap        ] GC(275)    the space 21888K,   9% used [0x000012000aca0000, 0x000012000aea5db8, 0x000012000aea5e00, 0x000012000c200000)
[13.858s][debug][gc,heap        ] GC(275)  Metaspace       used 369K, committed 512K, reserved 1114112K
[13.858s][debug][gc,heap        ] GC(275)   class space    used 63K, committed 128K, reserved 1048576K
[13.858s][info ][gc             ] GC(275) Pause Young (Allocation Failure) 10M->2M(31M) 0.659ms
[13.858s][info ][gc,cpu         ] GC(275) User=0.00s Sys=0.00s Real=0.00s
[13.858s][info ][safepoint      ] Safepoint "GenCollectForAllocation", Time since last: 49425091 ns, Reaching safepoint: 3182 ns, Cleanup: 3571 ns, At safepoint: 704933 ns, Total: 711686 ns
[13.906s][info ][gc,start       ] GC(276) Pause Young (Allocation Failure)
[13.906s][debug][gc,heap        ] GC(276) Heap before GC invocations=276 (full 8):
[13.906s][debug][gc,heap        ] GC(276)  def new generation   total 9920K, used 8832K [0x0000120000200000, 0x0000120000cc0000, 0x000012000aca0000)
[13.906s][debug][gc,heap        ] GC(276)   eden space 8832K, 100% used [0x0000120000200000, 0x0000120000aa0000, 0x0000120000aa0000)
[13.906s][debug][gc,heap        ] GC(276)   from space 1088K,   0% used [0x0000120000aa0000, 0x0000120000aa01c8, 0x0000120000bb0000)
[13.906s][debug][gc,heap        ] GC(276)   to   space 1088K,   0% used [0x0000120000bb0000, 0x0000120000bb0000, 0x0000120000cc0000)
[13.906s][debug][gc,heap        ] GC(276)  tenured generation   total 21888K, used 2071K [0x000012000aca0000, 0x000012000c200000, 0x0000120020200000)
[13.906s][debug][gc,heap        ] GC(276)    the space 21888K,   9% used [0x000012000aca0000, 0x000012000aea5db8, 0x000012000aea5e00, 0x000012000c200000)
[13.906s][debug][gc,heap        ] GC(276)  Metaspace       used 369K, committed 512K, reserved 1114112K
[13.906s][debug][gc,heap        ] GC(276)   class space    used 63K, committed 128K, reserved 1048576K
[13.906s][debug][gc,tlab        ] GC(276) TLAB totals: thrds: 2  refills: 101 max: 51 slow allocs: 0 max 0 waste:  0.0% gc: 0B max: 0B slow: 3304B max: 1896B
[13.906s][debug][gc,ref         ] GC(276) Skipped SoftWeakFinalRefsPhase of Reference Processing: no references
[13.906s][debug][gc,ref         ] GC(276) Skipped KeepAliveFinalRefsPhase of Reference Processing: no references
[13.906s][debug][gc,ref         ] GC(276) Skipped PhantomRefsPhase of Reference Processing: no references
[13.906s][debug][gc,phases,ref  ] GC(276) Reference Processing: 0.0ms
[13.906s][debug][gc,phases,ref  ] GC(276)   Notify Soft/WeakReferences: 0.0ms
[13.907s][debug][gc,phases,ref  ] GC(276)     SoftRef: skipped
[13.907s][debug][gc,phases,ref  ] GC(276)     WeakRef: skipped
[13.907s][debug][gc,phases,ref  ] GC(276)     FinalRef: skipped
[13.907s][debug][gc,phases,ref  ] GC(276)     Total: skipped
[13.907s][debug][gc,phases,ref  ] GC(276)   Notify and keep alive finalizable: 0.0ms
[13.907s][debug][gc,phases,ref  ] GC(276)     FinalRef: skipped
[13.907s][debug][gc,phases,ref  ] GC(276)   Notify PhantomReferences: 0.0ms
[13.907s][debug][gc,phases,ref  ] GC(276)     PhantomRef: skipped
[13.907s][debug][gc,phases,ref  ] GC(276)   SoftReference Discovered: 0, Dropped: 0, Processed: 0
[13.907s][debug][gc,phases,ref  ] GC(276)   WeakReference Discovered: 0, Dropped: 0, Processed: 0
[13.907s][debug][gc,phases,ref  ] GC(276)   FinalReference Discovered: 0, Dropped: 0, Processed: 0
[13.907s][debug][gc,phases,ref  ] GC(276)   PhantomReference Discovered: 0, Dropped: 0, Processed: 0
[13.907s][debug][gc,age         ] GC(276) Desired survivor size 557056 bytes, new threshold 15 (max threshold 15)
[13.907s][info ][gc,heap        ] GC(276) DefNew: 8832K(9920K)->0K(9920K) Eden: 8832K(8832K)->0K(8832K) From: 0K(1088K)->0K(1088K)
[13.907s][info ][gc,heap        ] GC(276) Tenured: 2071K(21888K)->2071K(21888K)
[13.907s][info ][gc,metaspace   ] GC(276) Metaspace: 369K(512K)->369K(512K) NonClass: 306K(384K)->306K(384K) Class: 63K(128K)->63K(128K)
[13.907s][debug][gc,heap        ] GC(276) Heap after GC invocations=277 (full 8):
[13.907s][debug][gc,heap        ] GC(276)  def new generation   total 9920K, used 0K [0x0000120000200000, 0x0000120000cc0000, 0x000012000aca0000)
[13.907s][debug][gc,heap        ] GC(276)   eden space 8832K,   0% used [0x0000120000200000, 0x0000120000200000, 0x0000120000aa0000)
[13.907s][debug][gc,heap        ] GC(276)   from space 1088K,   0% used [0x0000120000bb0000, 0x0000120000bb0178, 0x0000120000cc0000)
[13.907s][debug][gc,heap        ] GC(276)   to   space 1088K,   0% used [0x0000120000aa0000, 0x0000120000aa0000, 0x0000120000bb0000)
[13.907s][debug][gc,heap        ] GC(276)  tenured generation   total 21888K, used 2071K [0x000012000aca0000, 0x000012000c200000, 0x0000120020200000)
[13.907s][debug][gc,heap        ] GC(276)    the space 21888K,   9% used [0x000012000aca0000, 0x000012000aea5db8, 0x000012000aea5e00, 0x000012000c200000)
[13.907s][debug][gc,heap        ] GC(276)  Metaspace       used 369K, committed 512K, reserved 1114112K
[13.907s][debug][gc,heap        ] GC(276)   class space    used 63K, committed 128K, reserved 1048576K
[13.907s][info ][gc             ] GC(276) Pause Young (Allocation Failure) 10M->2M(31M) 0.646ms
[13.907s][info ][gc,cpu         ] GC(276) User=0.00s Sys=0.00s Real=0.00s
[13.907s][info ][safepoint      ] Safepoint "GenCollectForAllocation", Time since last: 48083182 ns, Reaching safepoint: 3042 ns, Cleanup: 3625 ns, At safepoint: 683777 ns, Total: 690444 ns
[13.955s][info ][gc,start       ] GC(277) Pause Young (Allocation Failure)
[13.955s][debug][gc,heap        ] GC(277) Heap before GC invocations=277 (full 8):
[13.955s][debug][gc,heap        ] GC(277)  def new generation   total 9920K, used 8832K [0x0000120000200000, 0x0000120000cc0000, 0x000012000aca0000)
[13.955s][debug][gc,heap        ] GC(277)   eden space 8832K,  99% used [0x0000120000200000, 0x0000120000a9fff8, 0x0000120000aa0000)
[13.955s][debug][gc,heap        ] GC(277)   from space 1088K,   0% used [0x0000120000bb0000, 0x0000120000bb0178, 0x0000120000cc0000)
[13.955s][debug][gc,heap        ] GC(277)   to   space 1088K,   0% used [0x0000120000aa0000, 0x0000120000aa0000, 0x0000120000bb0000)
[13.955s][debug][gc,heap        ] GC(277)  tenured generation   total 21888K, used 2071K [0x000012000aca0000, 0x000012000c200000, 0x0000120020200000)
[13.955s][debug][gc,heap        ] GC(277)    the space 21888K,   9% used [0x000012000aca0000, 0x000012000aea5db8, 0x000012000aea5e00, 0x000012000c200000)
[13.955s][debug][gc,heap        ] GC(277)  Metaspace       used 369K, committed 512K, reserved 1114112K
[13.955s][debug][gc,heap        ] GC(277)   class space    used 63K, committed 128K, reserved 1048576K
[13.955s][debug][gc,tlab        ] GC(277) TLAB totals: thrds: 2  refills: 100 max: 50 slow allocs: 0 max 0 waste:  0.5% gc: 40768B max: 40768B slow: 2248B max: 1304B
[13.955s][debug][gc,ref         ] GC(277) Skipped SoftWeakFinalRefsPhase of Reference Processing: no references
[13.955s][debug][gc,ref         ] GC(277) Skipped KeepAliveFinalRefsPhase of Reference Processing: no references
[13.955s][debug][gc,ref         ] GC(277) Skipped PhantomRefsPhase of Reference Processing: no references
[13.955s][debug][gc,phases,ref  ] GC(277) Reference Processing: 0.0ms
[13.955s][debug][gc,phases,ref  ] GC(277)   Notify Soft/WeakReferences: 0.0ms
[13.955s][debug][gc,phases,ref  ] GC(277)     SoftRef: skipped
[13.955s][debug][gc,phases,ref  ] GC(277)     WeakRef: skipped
[13.955s][debug][gc,phases,ref  ] GC(277)     FinalRef: skipped
[13.955s][debug][gc,phases,ref  ] GC(277)     Total: skipped
[13.955s][debug][gc,phases,ref  ] GC(277)   Notify and keep alive finalizable: 0.0ms
[13.955s][debug][gc,phases,ref  ] GC(277)     FinalRef: skipped
[13.955s][debug][gc,phases,ref  ] GC(277)   Notify PhantomReferences: 0.0ms
[13.955s][debug][gc,phases,ref  ] GC(277)     PhantomRef: skipped
[13.955s][debug][gc,phases,ref  ] GC(277)   SoftReference Discovered: 0, Dropped: 0, Processed: 0
[13.955s][debug][gc,phases,ref  ] GC(277)   WeakReference Discovered: 0, Dropped: 0, Processed: 0
[13.955s][debug][gc,phases,ref  ] GC(277)   FinalReference Discovered: 0, Dropped: 0, Processed: 0
[13.955s][debug][gc,phases,ref  ] GC(277)   PhantomReference Discovered: 0, Dropped: 0, Processed: 0
[13.955s][debug][gc,age         ] GC(277) Desired survivor size 557056 bytes, new threshold 15 (max threshold 15)
[13.955s][info ][gc,heap        ] GC(277) DefNew: 8832K(9920K)->0K(9920K) Eden: 8831K(8832K)->0K(8832K) From: 0K(1088K)->0K(1088K)
[13.955s][info ][gc,heap        ] GC(277) Tenured: 2071K(21888K)->2071K(21888K)
[13.955s][info ][gc,metaspace   ] GC(277) Metaspace: 369K(512K)->369K(512K) NonClass: 306K(384K)->306K(384K) Class: 63K(128K)->63K(128K)
[13.955s][debug][gc,heap        ] GC(277) Heap after GC invocations=278 (full 8):
[13.955s][debug][gc,heap        ] GC(277)  def new generation   total 9920K, used 0K [0x0000120000200000, 0x0000120000cc0000, 0x000012000aca0000)
[13.955s][debug][gc,heap        ] GC(277)   eden space 8832K,   0% used [0x0000120000200000, 0x0000120000200000, 0x0000120000aa0000)
[13.955s][debug][gc,heap        ] GC(277)   from space 1088K,   0% used [0x0000120000aa0000, 0x0000120000aa0130, 0x0000120000bb0000)
[13.955s][debug][gc,heap        ] GC(277)   to   space 1088K,   0% used [0x0000120000bb0000, 0x0000120000bb0000, 0x0000120000cc0000)
[13.955s][debug][gc,heap        ] GC(277)  tenured generation   total 21888K, used 2071K [0x000012000aca0000, 0x000012000c200000, 0x0000120020200000)
[13.955s][debug][gc,heap        ] GC(277)    the space 21888K,   9% used [0x000012000aca0000, 0x000012000aea5db8, 0x000012000aea5e00, 0x000012000c200000)
[13.955s][debug][gc,heap        ] GC(277)  Metaspace       used 369K, committed 512K, reserved 1114112K
[13.955s][debug][gc,heap        ] GC(277)   class space    used 63K, committed 128K, reserved 1048576K
[13.955s][info ][gc             ] GC(277) Pause Young (Allocation Failure) 10M->2M(31M) 0.580ms
[13.955s][info ][gc,cpu         ] GC(277) User=0.00s Sys=0.00s Real=0.00s
[13.955s][info ][safepoint      ] Safepoint "GenCollectForAllocation", Time since last: 48008091 ns, Reaching safepoint: 3185 ns, Cleanup: 3557 ns, At safepoint: 625670 ns, Total: 632412 ns
[14.003s][info ][gc,start       ] GC(278) Pause Young (Allocation Failure)
[14.003s][debug][gc,heap        ] GC(278) Heap before GC invocations=278 (full 8):
[14.003s][debug][gc,heap        ] GC(278)  def new generation   total 9920K, used 8832K [0x0000120000200000, 0x0000120000cc0000, 0x000012000aca0000)
[14.003s][debug][gc,heap        ] GC(278)   eden space 8832K, 100% used [0x0000120000200000, 0x0000120000aa0000, 0x0000120000aa0000)
[14.003s][debug][gc,heap        ] GC(278)   from space 1088K,   0% used [0x0000120000aa0000, 0x0000120000aa0130, 0x0000120000bb0000)
[14.004s][debug][gc,heap        ] GC(278)   to   space 1088K,   0% used [0x0000120000bb0000, 0x0000120000bb0000, 0x0000120000cc0000)
[14.004s][debug][gc,heap        ] GC(278)  tenured generation   total 21888K, used 2071K [0x000012000aca0000, 0x000012000c200000, 0x0000120020200000)
[14.004s][debug][gc,heap        ] GC(278)    the space 21888K,   9% used [0x000012000aca0000, 0x000012000aea5db8, 0x000012000aea5e00, 0x000012000c200000)
[14.004s][debug][gc,heap        ] GC(278)  Metaspace       used 369K, committed 512K, reserved 1114112K
[14.004s][debug][gc,heap        ] GC(278)   class space    used 63K, committed 128K, reserved 1048576K
[14.004s][debug][gc,tlab        ] GC(278) TLAB totals: thrds: 2  refills: 101 max: 51 slow allocs: 0 max 0 waste:  0.1% gc: 10128B max: 10128B slow: 2696B max: 1360B
[14.004s][debug][gc,ref         ] GC(278) Skipped SoftWeakFinalRefsPhase of Reference Processing: no references
[14.004s][debug][gc,ref         ] GC(278) Skipped KeepAliveFinalRefsPhase of Reference Processing: no references
[14.004s][debug][gc,ref         ] GC(278) Skipped PhantomRefsPhase of Reference Processing: no references
[14.004s][debug][gc,phases,ref  ] GC(278) Reference Processing: 0.0ms
[14.004s][debug][gc,phases,ref  ] GC(278)   Notify Soft/WeakReferences: 0.0ms
[14.004s][debug][gc,phases,ref  ] GC(278)     SoftRef: skipped
[14.004s][debug][gc,phases,ref  ] GC(278)     WeakRef: skipped
[14.004s][debug][gc,phases,ref  ] GC(278)     FinalRef: skipped
[14.004s][debug][gc,phases,ref  ] GC(278)     Total: skipped
[14.004s][debug][gc,phases,ref  ] GC(278)   Notify and keep alive finalizable: 0.0ms
[14.004s][debug][gc,phases,ref  ] GC(278)     FinalRef: skipped
[14.004s][debug][gc,phases,ref  ] GC(278)   Notify PhantomReferences: 0.0ms
[14.004s][debug][gc,phases,ref  ] GC(278)     PhantomRef: skipped
[14.004s][debug][gc,phases,ref  ] GC(278)   SoftReference Discovered: 0, Dropped: 0, Processed: 0
[14.004s][debug][gc,phases,ref  ] GC(278)   WeakReference Discovered: 0, Dropped: 0, Processed: 0
[14.004s][debug][gc,phases,ref  ] GC(278)   FinalReference Discovered: 0, Dropped: 0, Processed: 0
[14.004s][debug][gc,phases,ref  ] GC(278)   PhantomReference Discovered: 0, Dropped: 0, Processed: 0
[14.004s][debug][gc,age         ] GC(278) Desired survivor size 557056 bytes, new threshold 15 (max threshold 15)
[14.004s][info ][gc,heap        ] GC(278) DefNew: 8832K(9920K)->0K(9920K) Eden: 8832K(8832K)->0K(8832K) From: 0K(1088K)->0K(1088K)
[14.004s][info ][gc,heap        ] GC(278) Tenured: 2071K(21888K)->2071K(21888K)
[14.004s][info ][gc,metaspace   ] GC(278) Metaspace: 369K(512K)->369K(512K) NonClass: 306K(384K)->306K(384K) Class: 63K(128K)->63K(128K)
[14.004s][debug][gc,heap        ] GC(278) Heap after GC invocations=279 (full 8):
[14.004s][debug][gc,heap        ] GC(278)  def new generation   total 9920K, used 0K [0x0000120000200000, 0x0000120000cc0000, 0x000012000aca0000)
[14.004s][debug][gc,heap        ] GC(278)   eden space 8832K,   0% used [0x0000120000200000, 0x0000120000200000, 0x0000120000aa0000)
[14.004s][debug][gc,heap        ] GC(278)   from space 1088K,   0% used [0x0000120000bb0000, 0x0000120000bb0180, 0x0000120000cc0000)
[14.004s][debug][gc,heap        ] GC(278)   to   space 1088K,   0% used [0x0000120000aa0000, 0x0000120000aa0000, 0x0000120000bb0000)
[14.004s][debug][gc,heap        ] GC(278)  tenured generation   total 21888K, used 2071K [0x000012000aca0000, 0x000012000c200000, 0x0000120020200000)
[14.004s][debug][gc,heap        ] GC(278)    the space 21888K,   9% used [0x000012000aca0000, 0x000012000aea5db8, 0x000012000aea5e00, 0x000012000c200000)
[14.004s][debug][gc,heap        ] GC(278)  Metaspace       used 369K, committed 512K, reserved 1114112K
[14.004s][debug][gc,heap        ] GC(278)   class space    used 63K, committed 128K, reserved 1048576K
[14.004s][info ][gc             ] GC(278) Pause Young (Allocation Failure) 10M->2M(31M) 0.696ms
[14.004s][info ][gc,cpu         ] GC(278) User=0.00s Sys=0.00s Real=0.00s
[14.004s][info ][safepoint      ] Safepoint "GenCollectForAllocation", Time since last: 47929326 ns, Reaching safepoint: 3699 ns, Cleanup: 3606 ns, At safepoint: 741964 ns, Total: 749269 ns
[14.052s][info ][gc,start       ] GC(279) Pause Young (Allocation Failure)
[14.052s][debug][gc,heap        ] GC(279) Heap before GC invocations=279 (full 8):
[14.052s][debug][gc,heap        ] GC(279)  def new generation   total 9920K, used 8832K [0x0000120000200000, 0x0000120000cc0000, 0x000012000aca0000)
[14.052s][debug][gc,heap        ] GC(279)   eden space 8832K, 100% used [0x0000120000200000, 0x0000120000aa0000, 0x0000120000aa0000)
[14.052s][debug][gc,heap        ] GC(279)   from space 1088K,   0% used [0x0000120000bb0000, 0x0000120000bb0180, 0x0000120000cc0000)
[14.052s][debug][gc,heap        ] GC(279)   to   space 1088K,   0% used [0x0000120000aa0000, 0x0000120000aa0000, 0x0000120000bb0000)
[14.052s][debug][gc,heap        ] GC(279)  tenured generation   total 21888K, used 2071K [0x000012000aca0000, 0x000012000c200000, 0x0000120020200000)
[14.052s][debug][gc,heap        ] GC(279)    the space 21888K,   9% used [0x000012000aca0000, 0x000012000aea5db8, 0x000012000aea5e00, 0x000012000c200000)
[14.052s][debug][gc,heap        ] GC(279)  Metaspace       used 369K, committed 512K, reserved 1114112K
[14.052s][debug][gc,heap        ] GC(279)   class space    used 63K, committed 128K, reserved 1048576K
[14.052s][debug][gc,tlab        ] GC(279) TLAB totals: thrds: 2  refills: 101 max: 51 slow allocs: 0 max 0 waste:  0.6% gc: 51264B max: 51264B slow: 2312B max: 1392B
[14.052s][debug][gc,ref         ] GC(279) Skipped SoftWeakFinalRefsPhase of Reference Processing: no references
[14.052s][debug][gc,ref         ] GC(279) Skipped KeepAliveFinalRefsPhase of Reference Processing: no references
[14.052s][debug][gc,ref         ] GC(279) Skipped PhantomRefsPhase of Reference Processing: no references
[14.052s][debug][gc,phases,ref  ] GC(279) Reference Processing: 0.0ms
[14.052s][debug][gc,phases,ref  ] GC(279)   Notify Soft/WeakReferences: 0.0ms
[14.052s][debug][gc,phases,ref  ] GC(279)     SoftRef: skipped
[14.052s][debug][gc,phases,ref  ] GC(279)     WeakRef: skipped
[14.052s][debug][gc,phases,ref  ] GC(279)     FinalRef: skipped
[14.052s][debug][gc,phases,ref  ] GC(279)     Total: skipped
[14.052s][debug][gc,phases,ref  ] GC(279)   Notify and keep alive finalizable: 0.0ms
[14.052s][debug][gc,phases,ref  ] GC(279)     FinalRef: skipped
[14.052s][debug][gc,phases,ref  ] GC(279)   Notify PhantomReferences: 0.0ms
[14.052s][debug][gc,phases,ref  ] GC(279)     PhantomRef: skipped
[14.052s][debug][gc,phases,ref  ] GC(279)   SoftReference Discovered: 0, Dropped: 0, Processed: 0
[14.053s][debug][gc,phases,ref  ] GC(279)   WeakReference Discovered: 0, Dropped: 0, Processed: 0
[14.053s][debug][gc,phases,ref  ] GC(279)   FinalReference Discovered: 0, Dropped: 0, Processed: 0
[14.053s][debug][gc,phases,ref  ] GC(279)   PhantomReference Discovered: 0, Dropped: 0, Processed: 0
[14.053s][debug][gc,age         ] GC(279) Desired survivor size 557056 bytes, new threshold 15 (max threshold 15)
[14.053s][info ][gc,heap        ] GC(279) DefNew: 8832K(9920K)->0K(9920K) Eden: 8832K(8832K)->0K(8832K) From: 0K(1088K)->0K(1088K)
[14.053s][info ][gc,heap        ] GC(279) Tenured: 2071K(21888K)->2071K(21888K)
[14.053s][info ][gc,metaspace   ] GC(279) Metaspace: 369K(512K)->369K(512K) NonClass: 306K(384K)->306K(384K) Class: 63K(128K)->63K(128K)
[14.053s][debug][gc,heap        ] GC(279) Heap after GC invocations=280 (full 8):
[14.053s][debug][gc,heap        ] GC(279)  def new generation   total 9920K, used 0K [0x0000120000200000, 0x0000120000cc0000, 0x000012000aca0000)
[14.053s][debug][gc,heap        ] GC(279)   eden space 8832K,   0% used [0x0000120000200000, 0x0000120000200000, 0x0000120000aa0000)
[14.053s][debug][gc,heap        ] GC(279)   from space 1088K,   0% used [0x0000120000aa0000, 0x0000120000aa01b8, 0x0000120000bb0000)
[14.053s][debug][gc,heap        ] GC(279)   to   space 1088K,   0% used [0x0000120000bb0000, 0x0000120000bb0000, 0x0000120000cc0000)
[14.053s][debug][gc,heap        ] GC(279)  tenured generation   total 21888K, used 2071K [0x000012000aca0000, 0x000012000c200000, 0x0000120020200000)
[14.053s][debug][gc,heap        ] GC(279)    the space 21888K,   9% used [0x000012000aca0000, 0x000012000aea5db8, 0x000012000aea5e00, 0x000012000c200000)
[14.053s][debug][gc,heap        ] GC(279)  Metaspace       used 369K, committed 512K, reserved 1114112K
[14.053s][debug][gc,heap        ] GC(279)   class space    used 63K, committed 128K, reserved 1048576K
[14.053s][info ][gc             ] GC(279) Pause Young (Allocation Failure) 10M->2M(31M) 0.609ms
[14.053s][info ][gc,cpu         ] GC(279) User=0.00s Sys=0.00s Real=0.00s
[14.053s][info ][safepoint      ] Safepoint "GenCollectForAllocation", Time since last: 47938756 ns, Reaching safepoint: 3414 ns, Cleanup: 3598 ns, At safepoint: 655402 ns, Total: 662414 ns
[14.101s][info ][gc,start       ] GC(280) Pause Young (Allocation Failure)
[14.101s][debug][gc,heap        ] GC(280) Heap before GC invocations=280 (full 8):
[14.101s][debug][gc,heap        ] GC(280)  def new generation   total 9920K, used 8832K [0x0000120000200000, 0x0000120000cc0000, 0x000012000aca0000)
[14.101s][debug][gc,heap        ] GC(280)   eden space 8832K, 100% used [0x0000120000200000, 0x0000120000aa0000, 0x0000120000aa0000)
[14.101s][debug][gc,heap        ] GC(280)   from space 1088K,   0% used [0x0000120000aa0000, 0x0000120000aa01b8, 0x0000120000bb0000)
[14.101s][debug][gc,heap        ] GC(280)   to   space 1088K,   0% used [0x0000120000bb0000, 0x0000120000bb0000, 0x0000120000cc0000)
[14.101s][debug][gc,heap        ] GC(280)  tenured generation   total 21888K, used 2071K [0x000012000aca0000, 0x000012000c200000, 0x0000120020200000)
[14.101s][debug][gc,heap        ] GC(280)    the space 21888K,   9% used [0x000012000aca0000, 0x000012000aea5db8, 0x000012000aea5e00, 0x000012000c200000)
[14.101s][debug][gc,heap        ] GC(280)  Metaspace       used 369K, committed 512K, reserved 1114112K
[14.101s][debug][gc,heap        ] GC(280)   class space    used 63K, committed 128K, reserved 1048576K
[14.101s][debug][gc,tlab        ] GC(280) TLAB totals: thrds: 2  refills: 101 max: 51 slow allocs: 0 max 0 waste:  0.1% gc: 10664B max: 10664B slow: 2472B max: 1600B
[14.101s][debug][gc,ref         ] GC(280) Skipped SoftWeakFinalRefsPhase of Reference Processing: no references
[14.101s][debug][gc,ref         ] GC(280) Skipped KeepAliveFinalRefsPhase of Reference Processing: no references
[14.101s][debug][gc,ref         ] GC(280) Skipped PhantomRefsPhase of Reference Processing: no references
[14.101s][debug][gc,phases,ref  ] GC(280) Reference Processing: 0.0ms
[14.101s][debug][gc,phases,ref  ] GC(280)   Notify Soft/WeakReferences: 0.0ms
[14.101s][debug][gc,phases,ref  ] GC(280)     SoftRef: skipped
[14.101s][debug][gc,phases,ref  ] GC(280)     WeakRef: skipped
[14.101s][debug][gc,phases,ref  ] GC(280)     FinalRef: skipped
[14.101s][debug][gc,phases,ref  ] GC(280)     Total: skipped
[14.101s][debug][gc,phases,ref  ] GC(280)   Notify and keep alive finalizable: 0.0ms
[14.101s][debug][gc,phases,ref  ] GC(280)     FinalRef: skipped
[14.101s][debug][gc,phases,ref  ] GC(280)   Notify PhantomReferences: 0.0ms
[14.101s][debug][gc,phases,ref  ] GC(280)     PhantomRef: skipped
[14.101s][debug][gc,phases,ref  ] GC(280)   SoftReference Discovered: 0, Dropped: 0, Processed: 0
[14.101s][debug][gc,phases,ref  ] GC(280)   WeakReference Discovered: 0, Dropped: 0, Processed: 0
[14.101s][debug][gc,phases,ref  ] GC(280)   FinalReference Discovered: 0, Dropped: 0, Processed: 0
[14.101s][debug][gc,phases,ref  ] GC(280)   PhantomReference Discovered: 0, Dropped: 0, Processed: 0
[14.101s][debug][gc,age         ] GC(280) Desired survivor size 557056 bytes, new threshold 15 (max threshold 15)
[14.101s][info ][gc,heap        ] GC(280) DefNew: 8832K(9920K)->0K(9920K) Eden: 8832K(8832K)->0K(8832K) From: 0K(1088K)->0K(1088K)
[14.101s][info ][gc,heap        ] GC(280) Tenured: 2071K(21888K)->2071K(21888K)
[14.101s][info ][gc,metaspace   ] GC(280) Metaspace: 369K(512K)->369K(512K) NonClass: 306K(384K)->306K(384K) Class: 63K(128K)->63K(128K)
[14.101s][debug][gc,heap        ] GC(280) Heap after GC invocations=281 (full 8):
[14.101s][debug][gc,heap        ] GC(280)  def new generation   total 9920K, used 0K [0x0000120000200000, 0x0000120000cc0000, 0x000012000aca0000)
[14.101s][debug][gc,heap        ] GC(280)   eden space 8832K,   0% used [0x0000120000200000, 0x0000120000200000, 0x0000120000aa0000)
[14.101s][debug][gc,heap        ] GC(280)   from space 1088K,   0% used [0x0000120000bb0000, 0x0000120000bb0168, 0x0000120000cc0000)
[14.101s][debug][gc,heap        ] GC(280)   to   space 1088K,   0% used [0x0000120000aa0000, 0x0000120000aa0000, 0x0000120000bb0000)
[14.101s][debug][gc,heap        ] GC(280)  tenured generation   total 21888K, used 2071K [0x000012000aca0000, 0x000012000c200000, 0x0000120020200000)
[14.101s][debug][gc,heap        ] GC(280)    the space 21888K,   9% used [0x000012000aca0000, 0x000012000aea5db8, 0x000012000aea5e00, 0x000012000c200000)
[14.101s][debug][gc,heap        ] GC(280)  Metaspace       used 369K, committed 512K, reserved 1114112K
[14.101s][debug][gc,heap        ] GC(280)   class space    used 63K, committed 128K, reserved 1048576K
[14.101s][info ][gc             ] GC(280) Pause Young (Allocation Failure) 10M->2M(31M) 0.575ms
[14.101s][info ][gc,cpu         ] GC(280) User=0.00s Sys=0.00s Real=0.00s
[14.101s][info ][safepoint      ] Safepoint "GenCollectForAllocation", Time since last: 47839198 ns, Reaching safepoint: 3193 ns, Cleanup: 3593 ns, At safepoint: 620563 ns, Total: 627349 ns
[14.150s][info ][gc,start       ] GC(281) Pause Young (Allocation Failure)
[14.150s][debug][gc,heap        ] GC(281) Heap before GC invocations=281 (full 8):
[14.150s][debug][gc,heap        ] GC(281)  def new generation   total 9920K, used 8832K [0x0000120000200000, 0x0000120000cc0000, 0x000012000aca0000)
[14.150s][debug][gc,heap        ] GC(281)   eden space 8832K, 100% used [0x0000120000200000, 0x0000120000aa0000, 0x0000120000aa0000)
[14.150s][debug][gc,heap        ] GC(281)   from space 1088K,   0% used [0x0000120000bb0000, 0x0000120000bb0168, 0x0000120000cc0000)
[14.150s][debug][gc,heap        ] GC(281)   to   space 1088K,   0% used [0x0000120000aa0000, 0x0000120000aa0000, 0x0000120000bb0000)
[14.150s][debug][gc,heap        ] GC(281)  tenured generation   total 21888K, used 2071K [0x000012000aca0000, 0x000012000c200000, 0x0000120020200000)
[14.150s][debug][gc,heap        ] GC(281)    the space 21888K,   9% used [0x000012000aca0000, 0x000012000aea5db8, 0x000012000aea5e00, 0x000012000c200000)
[14.150s][debug][gc,heap        ] GC(281)  Metaspace       used 369K, committed 512K, reserved 1114112K
[14.150s][debug][gc,heap        ] GC(281)   class space    used 63K, committed 128K, reserved 1048576K
[14.150s][debug][gc,tlab        ] GC(281) TLAB totals: thrds: 2  refills: 101 max: 52 slow allocs: 0 max 0 waste:  0.0% gc: 0B max: 0B slow: 3336B max: 1688B
[14.150s][debug][gc,ref         ] GC(281) Skipped SoftWeakFinalRefsPhase of Reference Processing: no references
[14.150s][debug][gc,ref         ] GC(281) Skipped KeepAliveFinalRefsPhase of Reference Processing: no references
[14.150s][debug][gc,ref         ] GC(281) Skipped PhantomRefsPhase of Reference Processing: no references
[14.150s][debug][gc,phases,ref  ] GC(281) Reference Processing: 0.0ms
[14.150s][debug][gc,phases,ref  ] GC(281)   Notify Soft/WeakReferences: 0.0ms
[14.150s][debug][gc,phases,ref  ] GC(281)     SoftRef: skipped
[14.150s][debug][gc,phases,ref  ] GC(281)     WeakRef: skipped
[14.150s][debug][gc,phases,ref  ] GC(281)     FinalRef: skipped
[14.150s][debug][gc,phases,ref  ] GC(281)     Total: skipped
[14.150s][debug][gc,phases,ref  ] GC(281)   Notify and keep alive finalizable: 0.0ms
[14.150s][debug][gc,phases,ref  ] GC(281)     FinalRef: skipped
[14.150s][debug][gc,phases,ref  ] GC(281)   Notify PhantomReferences: 0.0ms
[14.150s][debug][gc,phases,ref  ] GC(281)     PhantomRef: skipped
[14.150s][debug][gc,phases,ref  ] GC(281)   SoftReference Discovered: 0, Dropped: 0, Processed: 0
[14.150s][debug][gc,phases,ref  ] GC(281)   WeakReference Discovered: 0, Dropped: 0, Processed: 0
[14.150s][debug][gc,phases,ref  ] GC(281)   FinalReference Discovered: 0, Dropped: 0, Processed: 0
[14.150s][debug][gc,phases,ref  ] GC(281)   PhantomReference Discovered: 0, Dropped: 0, Processed: 0
[14.150s][debug][gc,age         ] GC(281) Desired survivor size 557056 bytes, new threshold 15 (max threshold 15)
[14.151s][info ][gc,heap        ] GC(281) DefNew: 8832K(9920K)->0K(9920K) Eden: 8832K(8832K)->0K(8832K) From: 0K(1088K)->0K(1088K)
[14.151s][info ][gc,heap        ] GC(281) Tenured: 2071K(21888K)->2071K(21888K)
[14.151s][info ][gc,metaspace   ] GC(281) Metaspace: 369K(512K)->369K(512K) NonClass: 306K(384K)->306K(384K) Class: 63K(128K)->63K(128K)
[14.151s][debug][gc,heap        ] GC(281) Heap after GC invocations=282 (full 8):
[14.151s][debug][gc,heap        ] GC(281)  def new generation   total 9920K, used 0K [0x0000120000200000, 0x0000120000cc0000, 0x000012000aca0000)
[14.151s][debug][gc,heap        ] GC(281)   eden space 8832K,   0% used [0x0000120000200000, 0x0000120000200000, 0x0000120000aa0000)
[14.151s][debug][gc,heap        ] GC(281)   from space 1088K,   0% used [0x0000120000aa0000, 0x0000120000aa0168, 0x0000120000bb0000)
[14.151s][debug][gc,heap        ] GC(281)   to   space 1088K,   0% used [0x0000120000bb0000, 0x0000120000bb0000, 0x0000120000cc0000)
[14.151s][debug][gc,heap        ] GC(281)  tenured generation   total 21888K, used 2071K [0x000012000aca0000, 0x000012000c200000, 0x0000120020200000)
[14.151s][debug][gc,heap        ] GC(281)    the space 21888K,   9% used [0x000012000aca0000, 0x000012000aea5db8, 0x000012000aea5e00, 0x000012000c200000)
[14.151s][debug][gc,heap        ] GC(281)  Metaspace       used 369K, committed 512K, reserved 1114112K
[14.151s][debug][gc,heap        ] GC(281)   class space    used 63K, committed 128K, reserved 1048576K
[14.151s][info ][gc             ] GC(281) Pause Young (Allocation Failure) 10M->2M(31M) 0.589ms
[14.151s][info ][gc,cpu         ] GC(281) User=0.00s Sys=0.00s Real=0.01s
[14.151s][info ][safepoint      ] Safepoint "GenCollectForAllocation", Time since last: 48817860 ns, Reaching safepoint: 3072 ns, Cleanup: 3592 ns, At safepoint: 625882 ns, Total: 632546 ns
[14.198s][info ][gc,start       ] GC(282) Pause Young (Allocation Failure)
[14.198s][debug][gc,heap        ] GC(282) Heap before GC invocations=282 (full 8):
[14.198s][debug][gc,heap        ] GC(282)  def new generation   total 9920K, used 8832K [0x0000120000200000, 0x0000120000cc0000, 0x000012000aca0000)
[14.198s][debug][gc,heap        ] GC(282)   eden space 8832K, 100% used [0x0000120000200000, 0x0000120000aa0000, 0x0000120000aa0000)
[14.198s][debug][gc,heap        ] GC(282)   from space 1088K,   0% used [0x0000120000aa0000, 0x0000120000aa0168, 0x0000120000bb0000)
[14.198s][debug][gc,heap        ] GC(282)   to   space 1088K,   0% used [0x0000120000bb0000, 0x0000120000bb0000, 0x0000120000cc0000)
[14.198s][debug][gc,heap        ] GC(282)  tenured generation   total 21888K, used 2071K [0x000012000aca0000, 0x000012000c200000, 0x0000120020200000)
[14.198s][debug][gc,heap        ] GC(282)    the space 21888K,   9% used [0x000012000aca0000, 0x000012000aea5db8, 0x000012000aea5e00, 0x000012000c200000)
[14.198s][debug][gc,heap        ] GC(282)  Metaspace       used 369K, committed 512K, reserved 1114112K
[14.198s][debug][gc,heap        ] GC(282)   class space    used 63K, committed 128K, reserved 1048576K
[14.198s][debug][gc,tlab        ] GC(282) TLAB totals: thrds: 2  refills: 101 max: 51 slow allocs: 0 max 0 waste:  0.7% gc: 58320B max: 58320B slow: 2120B max: 1312B
[14.199s][debug][gc,ref         ] GC(282) Skipped SoftWeakFinalRefsPhase of Reference Processing: no references
[14.199s][debug][gc,ref         ] GC(282) Skipped KeepAliveFinalRefsPhase of Reference Processing: no references
[14.199s][debug][gc,ref         ] GC(282) Skipped PhantomRefsPhase of Reference Processing: no references
[14.199s][debug][gc,phases,ref  ] GC(282) Reference Processing: 0.0ms
[14.199s][debug][gc,phases,ref  ] GC(282)   Notify Soft/WeakReferences: 0.0ms
[14.199s][debug][gc,phases,ref  ] GC(282)     SoftRef: skipped
[14.199s][debug][gc,phases,ref  ] GC(282)     WeakRef: skipped
[14.199s][debug][gc,phases,ref  ] GC(282)     FinalRef: skipped
[14.199s][debug][gc,phases,ref  ] GC(282)     Total: skipped
[14.199s][debug][gc,phases,ref  ] GC(282)   Notify and keep alive finalizable: 0.0ms
[14.199s][debug][gc,phases,ref  ] GC(282)     FinalRef: skipped
[14.199s][debug][gc,phases,ref  ] GC(282)   Notify PhantomReferences: 0.0ms
[14.199s][debug][gc,phases,ref  ] GC(282)     PhantomRef: skipped
[14.199s][debug][gc,phases,ref  ] GC(282)   SoftReference Discovered: 0, Dropped: 0, Processed: 0
[14.199s][debug][gc,phases,ref  ] GC(282)   WeakReference Discovered: 0, Dropped: 0, Processed: 0
[14.199s][debug][gc,phases,ref  ] GC(282)   FinalReference Discovered: 0, Dropped: 0, Processed: 0
[14.199s][debug][gc,phases,ref  ] GC(282)   PhantomReference Discovered: 0, Dropped: 0, Processed: 0
[14.199s][debug][gc,age         ] GC(282) Desired survivor size 557056 bytes, new threshold 15 (max threshold 15)
[14.199s][info ][gc,heap        ] GC(282) DefNew: 8832K(9920K)->0K(9920K) Eden: 8832K(8832K)->0K(8832K) From: 0K(1088K)->0K(1088K)
[14.199s][info ][gc,heap        ] GC(282) Tenured: 2071K(21888K)->2071K(21888K)
[14.199s][info ][gc,metaspace   ] GC(282) Metaspace: 369K(512K)->369K(512K) NonClass: 306K(384K)->306K(384K) Class: 63K(128K)->63K(128K)
[14.199s][debug][gc,heap        ] GC(282) Heap after GC invocations=283 (full 8):
[14.199s][debug][gc,heap        ] GC(282)  def new generation   total 9920K, used 0K [0x0000120000200000, 0x0000120000cc0000, 0x000012000aca0000)
[14.199s][debug][gc,heap        ] GC(282)   eden space 8832K,   0% used [0x0000120000200000, 0x0000120000200000, 0x0000120000aa0000)
[14.199s][debug][gc,heap        ] GC(282)   from space 1088K,   0% used [0x0000120000bb0000, 0x0000120000bb0138, 0x0000120000cc0000)
[14.199s][debug][gc,heap        ] GC(282)   to   space 1088K,   0% used [0x0000120000aa0000, 0x0000120000aa0000, 0x0000120000bb0000)
[14.199s][debug][gc,heap        ] GC(282)  tenured generation   total 21888K, used 2071K [0x000012000aca0000, 0x000012000c200000, 0x0000120020200000)
[14.199s][debug][gc,heap        ] GC(282)    the space 21888K,   9% used [0x000012000aca0000, 0x000012000aea5db8, 0x000012000aea5e00, 0x000012000c200000)
[14.199s][debug][gc,heap        ] GC(282)  Metaspace       used 369K, committed 512K, reserved 1114112K
[14.199s][debug][gc,heap        ] GC(282)   class space    used 63K, committed 128K, reserved 1048576K
[14.199s][info ][gc             ] GC(282) Pause Young (Allocation Failure) 10M->2M(31M) 0.616ms
[14.199s][info ][gc,cpu         ] GC(282) User=0.00s Sys=0.00s Real=0.00s
[14.199s][info ][safepoint      ] Safepoint "GenCollectForAllocation", Time since last: 47622294 ns, Reaching safepoint: 3216 ns, Cleanup: 3110 ns, At safepoint: 667229 ns, Total: 673555 ns
[14.247s][info ][gc,start       ] GC(283) Pause Young (Allocation Failure)
[14.247s][debug][gc,heap        ] GC(283) Heap before GC invocations=283 (full 8):
[14.247s][debug][gc,heap        ] GC(283)  def new generation   total 9920K, used 8832K [0x0000120000200000, 0x0000120000cc0000, 0x000012000aca0000)
[14.247s][debug][gc,heap        ] GC(283)   eden space 8832K, 100% used [0x0000120000200000, 0x0000120000aa0000, 0x0000120000aa0000)
[14.247s][debug][gc,heap        ] GC(283)   from space 1088K,   0% used [0x0000120000bb0000, 0x0000120000bb0138, 0x0000120000cc0000)
[14.247s][debug][gc,heap        ] GC(283)   to   space 1088K,   0% used [0x0000120000aa0000, 0x0000120000aa0000, 0x0000120000bb0000)
[14.247s][debug][gc,heap        ] GC(283)  tenured generation   total 21888K, used 2071K [0x000012000aca0000, 0x000012000c200000, 0x0000120020200000)
[14.247s][debug][gc,heap        ] GC(283)    the space 21888K,   9% used [0x000012000aca0000, 0x000012000aea5db8, 0x000012000aea5e00, 0x000012000c200000)
[14.247s][debug][gc,heap        ] GC(283)  Metaspace       used 369K, committed 512K, reserved 1114112K
[14.247s][debug][gc,heap        ] GC(283)   class space    used 63K, committed 128K, reserved 1048576K
[14.247s][debug][gc,tlab        ] GC(283) TLAB totals: thrds: 2  refills: 101 max: 51 slow allocs: 0 max 0 waste:  0.4% gc: 31496B max: 31496B slow: 2136B max: 1352B
[14.247s][debug][gc,ref         ] GC(283) Skipped SoftWeakFinalRefsPhase of Reference Processing: no references
[14.247s][debug][gc,ref         ] GC(283) Skipped KeepAliveFinalRefsPhase of Reference Processing: no references
[14.247s][debug][gc,ref         ] GC(283) Skipped PhantomRefsPhase of Reference Processing: no references
[14.247s][debug][gc,phases,ref  ] GC(283) Reference Processing: 0.0ms
[14.247s][debug][gc,phases,ref  ] GC(283)   Notify Soft/WeakReferences: 0.0ms
[14.247s][debug][gc,phases,ref  ] GC(283)     SoftRef: skipped
[14.247s][debug][gc,phases,ref  ] GC(283)     WeakRef: skipped
[14.247s][debug][gc,phases,ref  ] GC(283)     FinalRef: skipped
[14.247s][debug][gc,phases,ref  ] GC(283)     Total: skipped
[14.247s][debug][gc,phases,ref  ] GC(283)   Notify and keep alive finalizable: 0.0ms
[14.247s][debug][gc,phases,ref  ] GC(283)     FinalRef: skipped
[14.247s][debug][gc,phases,ref  ] GC(283)   Notify PhantomReferences: 0.0ms
[14.247s][debug][gc,phases,ref  ] GC(283)     PhantomRef: skipped
[14.247s][debug][gc,phases,ref  ] GC(283)   SoftReference Discovered: 0, Dropped: 0, Processed: 0
[14.247s][debug][gc,phases,ref  ] GC(283)   WeakReference Discovered: 0, Dropped: 0, Processed: 0
[14.247s][debug][gc,phases,ref  ] GC(283)   FinalReference Discovered: 0, Dropped: 0, Processed: 0
[14.247s][debug][gc,phases,ref  ] GC(283)   PhantomReference Discovered: 0, Dropped: 0, Processed: 0
[14.248s][debug][gc,age         ] GC(283) Desired survivor size 557056 bytes, new threshold 15 (max threshold 15)
[14.248s][info ][gc,heap        ] GC(283) DefNew: 8832K(9920K)->0K(9920K) Eden: 8832K(8832K)->0K(8832K) From: 0K(1088K)->0K(1088K)
[14.248s][info ][gc,heap        ] GC(283) Tenured: 2071K(21888K)->2071K(21888K)
[14.248s][info ][gc,metaspace   ] GC(283) Metaspace: 369K(512K)->369K(512K) NonClass: 306K(384K)->306K(384K) Class: 63K(128K)->63K(128K)
[14.248s][debug][gc,heap        ] GC(283) Heap after GC invocations=284 (full 8):
[14.248s][debug][gc,heap        ] GC(283)  def new generation   total 9920K, used 0K [0x0000120000200000, 0x0000120000cc0000, 0x000012000aca0000)
[14.248s][debug][gc,heap        ] GC(283)   eden space 8832K,   0% used [0x0000120000200000, 0x0000120000200000, 0x0000120000aa0000)
[14.248s][debug][gc,heap        ] GC(283)   from space 1088K,   0% used [0x0000120000aa0000, 0x0000120000aa0148, 0x0000120000bb0000)
[14.248s][debug][gc,heap        ] GC(283)   to   space 1088K,   0% used [0x0000120000bb0000, 0x0000120000bb0000, 0x0000120000cc0000)
[14.248s][debug][gc,heap        ] GC(283)  tenured generation   total 21888K, used 2071K [0x000012000aca0000, 0x000012000c200000, 0x0000120020200000)
[14.248s][debug][gc,heap        ] GC(283)    the space 21888K,   9% used [0x000012000aca0000, 0x000012000aea5db8, 0x000012000aea5e00, 0x000012000c200000)
[14.248s][debug][gc,heap        ] GC(283)  Metaspace       used 369K, committed 512K, reserved 1114112K
[14.248s][debug][gc,heap        ] GC(283)   class space    used 63K, committed 128K, reserved 1048576K
[14.248s][info ][gc             ] GC(283) Pause Young (Allocation Failure) 10M->2M(31M) 0.578ms
[14.248s][info ][gc,cpu         ] GC(283) User=0.00s Sys=0.00s Real=0.00s
[14.248s][info ][safepoint      ] Safepoint "GenCollectForAllocation", Time since last: 48117438 ns, Reaching safepoint: 3467 ns, Cleanup: 3590 ns, At safepoint: 625461 ns, Total: 632518 ns
[14.296s][info ][gc,start       ] GC(284) Pause Young (Allocation Failure)
[14.296s][debug][gc,heap        ] GC(284) Heap before GC invocations=284 (full 8):
[14.296s][debug][gc,heap        ] GC(284)  def new generation   total 9920K, used 8832K [0x0000120000200000, 0x0000120000cc0000, 0x000012000aca0000)
[14.296s][debug][gc,heap        ] GC(284)   eden space 8832K, 100% used [0x0000120000200000, 0x0000120000aa0000, 0x0000120000aa0000)
[14.296s][debug][gc,heap        ] GC(284)   from space 1088K,   0% used [0x0000120000aa0000, 0x0000120000aa0148, 0x0000120000bb0000)
[14.296s][debug][gc,heap        ] GC(284)   to   space 1088K,   0% used [0x0000120000bb0000, 0x0000120000bb0000, 0x0000120000cc0000)
[14.296s][debug][gc,heap        ] GC(284)  tenured generation   total 21888K, used 2071K [0x000012000aca0000, 0x000012000c200000, 0x0000120020200000)
[14.296s][debug][gc,heap        ] GC(284)    the space 21888K,   9% used [0x000012000aca0000, 0x000012000aea5db8, 0x000012000aea5e00, 0x000012000c200000)
[14.296s][debug][gc,heap        ] GC(284)  Metaspace       used 369K, committed 512K, reserved 1114112K
[14.296s][debug][gc,heap        ] GC(284)   class space    used 63K, committed 128K, reserved 1048576K
[14.296s][debug][gc,tlab        ] GC(284) TLAB totals: thrds: 2  refills: 101 max: 51 slow allocs: 0 max 0 waste:  0.3% gc: 24016B max: 24016B slow: 2600B max: 1520B
[14.296s][debug][gc,ref         ] GC(284) Skipped SoftWeakFinalRefsPhase of Reference Processing: no references
[14.296s][debug][gc,ref         ] GC(284) Skipped KeepAliveFinalRefsPhase of Reference Processing: no references
[14.296s][debug][gc,ref         ] GC(284) Skipped PhantomRefsPhase of Reference Processing: no references
[14.296s][debug][gc,phases,ref  ] GC(284) Reference Processing: 0.0ms
[14.296s][debug][gc,phases,ref  ] GC(284)   Notify Soft/WeakReferences: 0.0ms
[14.296s][debug][gc,phases,ref  ] GC(284)     SoftRef: skipped
[14.296s][debug][gc,phases,ref  ] GC(284)     WeakRef: skipped
[14.296s][debug][gc,phases,ref  ] GC(284)     FinalRef: skipped
[14.296s][debug][gc,phases,ref  ] GC(284)     Total: skipped
[14.296s][debug][gc,phases,ref  ] GC(284)   Notify and keep alive finalizable: 0.0ms
[14.296s][debug][gc,phases,ref  ] GC(284)     FinalRef: skipped
[14.296s][debug][gc,phases,ref  ] GC(284)   Notify PhantomReferences: 0.0ms
[14.296s][debug][gc,phases,ref  ] GC(284)     PhantomRef: skipped
[14.296s][debug][gc,phases,ref  ] GC(284)   SoftReference Discovered: 0, Dropped: 0, Processed: 0
[14.296s][debug][gc,phases,ref  ] GC(284)   WeakReference Discovered: 0, Dropped: 0, Processed: 0
[14.296s][debug][gc,phases,ref  ] GC(284)   FinalReference Discovered: 0, Dropped: 0, Processed: 0
[14.296s][debug][gc,phases,ref  ] GC(284)   PhantomReference Discovered: 0, Dropped: 0, Processed: 0
[14.296s][debug][gc,age         ] GC(284) Desired survivor size 557056 bytes, new threshold 15 (max threshold 15)
[14.296s][info ][gc,heap        ] GC(284) DefNew: 8832K(9920K)->0K(9920K) Eden: 8832K(8832K)->0K(8832K) From: 0K(1088K)->0K(1088K)
[14.296s][info ][gc,heap        ] GC(284) Tenured: 2071K(21888K)->2071K(21888K)
[14.296s][info ][gc,metaspace   ] GC(284) Metaspace: 369K(512K)->369K(512K) NonClass: 306K(384K)->306K(384K) Class: 63K(128K)->63K(128K)
[14.296s][debug][gc,heap        ] GC(284) Heap after GC invocations=285 (full 8):
[14.296s][debug][gc,heap        ] GC(284)  def new generation   total 9920K, used 0K [0x0000120000200000, 0x0000120000cc0000, 0x000012000aca0000)
[14.296s][debug][gc,heap        ] GC(284)   eden space 8832K,   0% used [0x0000120000200000, 0x0000120000200000, 0x0000120000aa0000)
[14.296s][debug][gc,heap        ] GC(284)   from space 1088K,   0% used [0x0000120000bb0000, 0x0000120000bb0128, 0x0000120000cc0000)
[14.296s][debug][gc,heap        ] GC(284)   to   space 1088K,   0% used [0x0000120000aa0000, 0x0000120000aa0000, 0x0000120000bb0000)
[14.296s][debug][gc,heap        ] GC(284)  tenured generation   total 21888K, used 2071K [0x000012000aca0000, 0x000012000c200000, 0x0000120020200000)
[14.296s][debug][gc,heap        ] GC(284)    the space 21888K,   9% used [0x000012000aca0000, 0x000012000aea5db8, 0x000012000aea5e00, 0x000012000c200000)
[14.296s][debug][gc,heap        ] GC(284)  Metaspace       used 369K, committed 512K, reserved 1114112K
[14.296s][debug][gc,heap        ] GC(284)   class space    used 63K, committed 128K, reserved 1048576K
[14.296s][info ][gc             ] GC(284) Pause Young (Allocation Failure) 10M->2M(31M) 0.614ms
[14.297s][info ][gc,cpu         ] GC(284) User=0.00s Sys=0.00s Real=0.00s
[14.297s][info ][safepoint      ] Safepoint "GenCollectForAllocation", Time since last: 48144770 ns, Reaching safepoint: 3482 ns, Cleanup: 3512 ns, At safepoint: 660663 ns, Total: 667657 ns
[14.344s][info ][gc,start       ] GC(285) Pause Young (Allocation Failure)
[14.344s][debug][gc,heap        ] GC(285) Heap before GC invocations=285 (full 8):
[14.344s][debug][gc,heap        ] GC(285)  def new generation   total 9920K, used 8832K [0x0000120000200000, 0x0000120000cc0000, 0x000012000aca0000)
[14.344s][debug][gc,heap        ] GC(285)   eden space 8832K, 100% used [0x0000120000200000, 0x0000120000aa0000, 0x0000120000aa0000)
[14.344s][debug][gc,heap        ] GC(285)   from space 1088K,   0% used [0x0000120000bb0000, 0x0000120000bb0128, 0x0000120000cc0000)
[14.344s][debug][gc,heap        ] GC(285)   to   space 1088K,   0% used [0x0000120000aa0000, 0x0000120000aa0000, 0x0000120000bb0000)
[14.344s][debug][gc,heap        ] GC(285)  tenured generation   total 21888K, used 2071K [0x000012000aca0000, 0x000012000c200000, 0x0000120020200000)
[14.344s][debug][gc,heap        ] GC(285)    the space 21888K,   9% used [0x000012000aca0000, 0x000012000aea5db8, 0x000012000aea5e00, 0x000012000c200000)
[14.344s][debug][gc,heap        ] GC(285)  Metaspace       used 369K, committed 512K, reserved 1114112K
[14.344s][debug][gc,heap        ] GC(285)   class space    used 63K, committed 128K, reserved 1048576K
[14.344s][debug][gc,tlab        ] GC(285) TLAB totals: thrds: 2  refills: 101 max: 51 slow allocs: 0 max 0 waste:  0.4% gc: 35552B max: 35552B slow: 2768B max: 1448B
[14.344s][debug][gc,ref         ] GC(285) Skipped SoftWeakFinalRefsPhase of Reference Processing: no references
[14.345s][debug][gc,ref         ] GC(285) Skipped KeepAliveFinalRefsPhase of Reference Processing: no references
[14.345s][debug][gc,ref         ] GC(285) Skipped PhantomRefsPhase of Reference Processing: no references
[14.345s][debug][gc,phases,ref  ] GC(285) Reference Processing: 0.0ms
[14.345s][debug][gc,phases,ref  ] GC(285)   Notify Soft/WeakReferences: 0.0ms
[14.345s][debug][gc,phases,ref  ] GC(285)     SoftRef: skipped
[14.345s][debug][gc,phases,ref  ] GC(285)     WeakRef: skipped
[14.345s][debug][gc,phases,ref  ] GC(285)     FinalRef: skipped
[14.345s][debug][gc,phases,ref  ] GC(285)     Total: skipped
[14.345s][debug][gc,phases,ref  ] GC(285)   Notify and keep alive finalizable: 0.0ms
[14.345s][debug][gc,phases,ref  ] GC(285)     FinalRef: skipped
[14.345s][debug][gc,phases,ref  ] GC(285)   Notify PhantomReferences: 0.0ms
[14.345s][debug][gc,phases,ref  ] GC(285)     PhantomRef: skipped
[14.345s][debug][gc,phases,ref  ] GC(285)   SoftReference Discovered: 0, Dropped: 0, Processed: 0
[14.345s][debug][gc,phases,ref  ] GC(285)   WeakReference Discovered: 0, Dropped: 0, Processed: 0
[14.345s][debug][gc,phases,ref  ] GC(285)   FinalReference Discovered: 0, Dropped: 0, Processed: 0
[14.345s][debug][gc,phases,ref  ] GC(285)   PhantomReference Discovered: 0, Dropped: 0, Processed: 0
[14.345s][debug][gc,age         ] GC(285) Desired survivor size 557056 bytes, new threshold 15 (max threshold 15)
[14.345s][info ][gc,heap        ] GC(285) DefNew: 8832K(9920K)->0K(9920K) Eden: 8832K(8832K)->0K(8832K) From: 0K(1088K)->0K(1088K)
[14.345s][info ][gc,heap        ] GC(285) Tenured: 2071K(21888K)->2071K(21888K)
[14.345s][info ][gc,metaspace   ] GC(285) Metaspace: 369K(512K)->369K(512K) NonClass: 306K(384K)->306K(384K) Class: 63K(128K)->63K(128K)
[14.345s][debug][gc,heap        ] GC(285) Heap after GC invocations=286 (full 8):
[14.345s][debug][gc,heap        ] GC(285)  def new generation   total 9920K, used 0K [0x0000120000200000, 0x0000120000cc0000, 0x000012000aca0000)
[14.345s][debug][gc,heap        ] GC(285)   eden space 8832K,   0% used [0x0000120000200000, 0x0000120000200000, 0x0000120000aa0000)
[14.345s][debug][gc,heap        ] GC(285)   from space 1088K,   0% used [0x0000120000aa0000, 0x0000120000aa01d0, 0x0000120000bb0000)
[14.345s][debug][gc,heap        ] GC(285)   to   space 1088K,   0% used [0x0000120000bb0000, 0x0000120000bb0000, 0x0000120000cc0000)
[14.345s][debug][gc,heap        ] GC(285)  tenured generation   total 21888K, used 2071K [0x000012000aca0000, 0x000012000c200000, 0x0000120020200000)
[14.345s][debug][gc,heap        ] GC(285)    the space 21888K,   9% used [0x000012000aca0000, 0x000012000aea5db8, 0x000012000aea5e00, 0x000012000c200000)
[14.345s][debug][gc,heap        ] GC(285)  Metaspace       used 369K, committed 512K, reserved 1114112K
[14.345s][debug][gc,heap        ] GC(285)   class space    used 63K, committed 128K, reserved 1048576K
[14.345s][info ][gc             ] GC(285) Pause Young (Allocation Failure) 10M->2M(31M) 0.587ms
[14.345s][info ][gc,cpu         ] GC(285) User=0.00s Sys=0.00s Real=0.00s
[14.345s][info ][safepoint      ] Safepoint "GenCollectForAllocation", Time since last: 47714267 ns, Reaching safepoint: 3211 ns, Cleanup: 3606 ns, At safepoint: 632461 ns, Total: 639278 ns
[14.393s][info ][gc,start       ] GC(286) Pause Young (Allocation Failure)
[14.393s][debug][gc,heap        ] GC(286) Heap before GC invocations=286 (full 8):
[14.393s][debug][gc,heap        ] GC(286)  def new generation   total 9920K, used 8832K [0x0000120000200000, 0x0000120000cc0000, 0x000012000aca0000)
[14.393s][debug][gc,heap        ] GC(286)   eden space 8832K, 100% used [0x0000120000200000, 0x0000120000aa0000, 0x0000120000aa0000)
[14.393s][debug][gc,heap        ] GC(286)   from space 1088K,   0% used [0x0000120000aa0000, 0x0000120000aa01d0, 0x0000120000bb0000)
[14.393s][debug][gc,heap        ] GC(286)   to   space 1088K,   0% used [0x0000120000bb0000, 0x0000120000bb0000, 0x0000120000cc0000)
[14.393s][debug][gc,heap        ] GC(286)  tenured generation   total 21888K, used 2071K [0x000012000aca0000, 0x000012000c200000, 0x0000120020200000)
[14.393s][debug][gc,heap        ] GC(286)    the space 21888K,   9% used [0x000012000aca0000, 0x000012000aea5db8, 0x000012000aea5e00, 0x000012000c200000)
[14.393s][debug][gc,heap        ] GC(286)  Metaspace       used 369K, committed 512K, reserved 1114112K
[14.393s][debug][gc,heap        ] GC(286)   class space    used 63K, committed 128K, reserved 1048576K
[14.393s][debug][gc,tlab        ] GC(286) TLAB totals: thrds: 2  refills: 101 max: 51 slow allocs: 0 max 0 waste:  0.2% gc: 19448B max: 19448B slow: 2688B max: 1400B
[14.393s][debug][gc,ref         ] GC(286) Skipped SoftWeakFinalRefsPhase of Reference Processing: no references
[14.393s][debug][gc,ref         ] GC(286) Skipped KeepAliveFinalRefsPhase of Reference Processing: no references
[14.393s][debug][gc,ref         ] GC(286) Skipped PhantomRefsPhase of Reference Processing: no references
[14.393s][debug][gc,phases,ref  ] GC(286) Reference Processing: 0.0ms
[14.393s][debug][gc,phases,ref  ] GC(286)   Notify Soft/WeakReferences: 0.0ms
[14.393s][debug][gc,phases,ref  ] GC(286)     SoftRef: skipped
[14.393s][debug][gc,phases,ref  ] GC(286)     WeakRef: skipped
[14.393s][debug][gc,phases,ref  ] GC(286)     FinalRef: skipped
[14.393s][debug][gc,phases,ref  ] GC(286)     Total: skipped
[14.393s][debug][gc,phases,ref  ] GC(286)   Notify and keep alive finalizable: 0.0ms
[14.393s][debug][gc,phases,ref  ] GC(286)     FinalRef: skipped
[14.393s][debug][gc,phases,ref  ] GC(286)   Notify PhantomReferences: 0.0ms
[14.393s][debug][gc,phases,ref  ] GC(286)     PhantomRef: skipped
[14.393s][debug][gc,phases,ref  ] GC(286)   SoftReference Discovered: 0, Dropped: 0, Processed: 0
[14.393s][debug][gc,phases,ref  ] GC(286)   WeakReference Discovered: 0, Dropped: 0, Processed: 0
[14.393s][debug][gc,phases,ref  ] GC(286)   FinalReference Discovered: 0, Dropped: 0, Processed: 0
[14.393s][debug][gc,phases,ref  ] GC(286)   PhantomReference Discovered: 0, Dropped: 0, Processed: 0
[14.393s][debug][gc,age         ] GC(286) Desired survivor size 557056 bytes, new threshold 15 (max threshold 15)
[14.393s][info ][gc,heap        ] GC(286) DefNew: 8832K(9920K)->0K(9920K) Eden: 8832K(8832K)->0K(8832K) From: 0K(1088K)->0K(1088K)
[14.393s][info ][gc,heap        ] GC(286) Tenured: 2071K(21888K)->2071K(21888K)
[14.393s][info ][gc,metaspace   ] GC(286) Metaspace: 369K(512K)->369K(512K) NonClass: 306K(384K)->306K(384K) Class: 63K(128K)->63K(128K)
[14.393s][debug][gc,heap        ] GC(286) Heap after GC invocations=287 (full 8):
[14.393s][debug][gc,heap        ] GC(286)  def new generation   total 9920K, used 0K [0x0000120000200000, 0x0000120000cc0000, 0x000012000aca0000)
[14.393s][debug][gc,heap        ] GC(286)   eden space 8832K,   0% used [0x0000120000200000, 0x0000120000200000, 0x0000120000aa0000)
[14.394s][debug][gc,heap        ] GC(286)   from space 1088K,   0% used [0x0000120000bb0000, 0x0000120000bb0170, 0x0000120000cc0000)
[14.394s][debug][gc,heap        ] GC(286)   to   space 1088K,   0% used [0x0000120000aa0000, 0x0000120000aa0000, 0x0000120000bb0000)
[14.394s][debug][gc,heap        ] GC(286)  tenured generation   total 21888K, used 2071K [0x000012000aca0000, 0x000012000c200000, 0x0000120020200000)
[14.394s][debug][gc,heap        ] GC(286)    the space 21888K,   9% used [0x000012000aca0000, 0x000012000aea5db8, 0x000012000aea5e00, 0x000012000c200000)
[14.394s][debug][gc,heap        ] GC(286)  Metaspace       used 369K, committed 512K, reserved 1114112K
[14.394s][debug][gc,heap        ] GC(286)   class space    used 63K, committed 128K, reserved 1048576K
[14.394s][info ][gc             ] GC(286) Pause Young (Allocation Failure) 10M->2M(31M) 0.584ms
[14.394s][info ][gc,cpu         ] GC(286) User=0.00s Sys=0.00s Real=0.00s
[14.394s][info ][safepoint      ] Safepoint "GenCollectForAllocation", Time since last: 48097390 ns, Reaching safepoint: 3277 ns, Cleanup: 3628 ns, At safepoint: 630204 ns, Total: 637109 ns
[14.441s][info ][gc,start       ] GC(287) Pause Young (Allocation Failure)
[14.441s][debug][gc,heap        ] GC(287) Heap before GC invocations=287 (full 8):
[14.441s][debug][gc,heap        ] GC(287)  def new generation   total 9920K, used 8832K [0x0000120000200000, 0x0000120000cc0000, 0x000012000aca0000)
[14.441s][debug][gc,heap        ] GC(287)   eden space 8832K, 100% used [0x0000120000200000, 0x0000120000aa0000, 0x0000120000aa0000)
[14.441s][debug][gc,heap        ] GC(287)   from space 1088K,   0% used [0x0000120000bb0000, 0x0000120000bb0170, 0x0000120000cc0000)
[14.441s][debug][gc,heap        ] GC(287)   to   space 1088K,   0% used [0x0000120000aa0000, 0x0000120000aa0000, 0x0000120000bb0000)
[14.441s][debug][gc,heap        ] GC(287)  tenured generation   total 21888K, used 2071K [0x000012000aca0000, 0x000012000c200000, 0x0000120020200000)
[14.441s][debug][gc,heap        ] GC(287)    the space 21888K,   9% used [0x000012000aca0000, 0x000012000aea5db8, 0x000012000aea5e00, 0x000012000c200000)
[14.441s][debug][gc,heap        ] GC(287)  Metaspace       used 369K, committed 512K, reserved 1114112K
[14.441s][debug][gc,heap        ] GC(287)   class space    used 63K, committed 128K, reserved 1048576K
[14.441s][debug][gc,tlab        ] GC(287) TLAB totals: thrds: 2  refills: 101 max: 51 slow allocs: 0 max 0 waste:  0.4% gc: 32424B max: 32424B slow: 2824B max: 1472B
[14.441s][debug][gc,ref         ] GC(287) Skipped SoftWeakFinalRefsPhase of Reference Processing: no references
[14.442s][debug][gc,ref         ] GC(287) Skipped KeepAliveFinalRefsPhase of Reference Processing: no references
[14.442s][debug][gc,ref         ] GC(287) Skipped PhantomRefsPhase of Reference Processing: no references
[14.442s][debug][gc,phases,ref  ] GC(287) Reference Processing: 0.0ms
[14.442s][debug][gc,phases,ref  ] GC(287)   Notify Soft/WeakReferences: 0.0ms
[14.442s][debug][gc,phases,ref  ] GC(287)     SoftRef: skipped
[14.442s][debug][gc,phases,ref  ] GC(287)     WeakRef: skipped
[14.442s][debug][gc,phases,ref  ] GC(287)     FinalRef: skipped
[14.442s][debug][gc,phases,ref  ] GC(287)     Total: skipped
[14.442s][debug][gc,phases,ref  ] GC(287)   Notify and keep alive finalizable: 0.0ms
[14.442s][debug][gc,phases,ref  ] GC(287)     FinalRef: skipped
[14.442s][debug][gc,phases,ref  ] GC(287)   Notify PhantomReferences: 0.0ms
[14.442s][debug][gc,phases,ref  ] GC(287)     PhantomRef: skipped
[14.442s][debug][gc,phases,ref  ] GC(287)   SoftReference Discovered: 0, Dropped: 0, Processed: 0
[14.442s][debug][gc,phases,ref  ] GC(287)   WeakReference Discovered: 0, Dropped: 0, Processed: 0
[14.442s][debug][gc,phases,ref  ] GC(287)   FinalReference Discovered: 0, Dropped: 0, Processed: 0
[14.442s][debug][gc,phases,ref  ] GC(287)   PhantomReference Discovered: 0, Dropped: 0, Processed: 0
[14.442s][debug][gc,age         ] GC(287) Desired survivor size 557056 bytes, new threshold 15 (max threshold 15)
[14.442s][info ][gc,heap        ] GC(287) DefNew: 8832K(9920K)->0K(9920K) Eden: 8832K(8832K)->0K(8832K) From: 0K(1088K)->0K(1088K)
[14.442s][info ][gc,heap        ] GC(287) Tenured: 2071K(21888K)->2071K(21888K)
[14.442s][info ][gc,metaspace   ] GC(287) Metaspace: 369K(512K)->369K(512K) NonClass: 306K(384K)->306K(384K) Class: 63K(128K)->63K(128K)
[14.442s][debug][gc,heap        ] GC(287) Heap after GC invocations=288 (full 8):
[14.442s][debug][gc,heap        ] GC(287)  def new generation   total 9920K, used 0K [0x0000120000200000, 0x0000120000cc0000, 0x000012000aca0000)
[14.442s][debug][gc,heap        ] GC(287)   eden space 8832K,   0% used [0x0000120000200000, 0x0000120000200000, 0x0000120000aa0000)
[14.442s][debug][gc,heap        ] GC(287)   from space 1088K,   0% used [0x0000120000aa0000, 0x0000120000aa01a8, 0x0000120000bb0000)
[14.442s][debug][gc,heap        ] GC(287)   to   space 1088K,   0% used [0x0000120000bb0000, 0x0000120000bb0000, 0x0000120000cc0000)
[14.442s][debug][gc,heap        ] GC(287)  tenured generation   total 21888K, used 2071K [0x000012000aca0000, 0x000012000c200000, 0x0000120020200000)
[14.442s][debug][gc,heap        ] GC(287)    the space 21888K,   9% used [0x000012000aca0000, 0x000012000aea5db8, 0x000012000aea5e00, 0x000012000c200000)
[14.442s][debug][gc,heap        ] GC(287)  Metaspace       used 369K, committed 512K, reserved 1114112K
[14.442s][debug][gc,heap        ] GC(287)   class space    used 63K, committed 128K, reserved 1048576K
[14.442s][info ][gc             ] GC(287) Pause Young (Allocation Failure) 10M->2M(31M) 0.638ms
[14.442s][info ][gc,cpu         ] GC(287) User=0.01s Sys=0.00s Real=0.00s
[14.442s][info ][safepoint      ] Safepoint "GenCollectForAllocation", Time since last: 47573361 ns, Reaching safepoint: 3678 ns, Cleanup: 3588 ns, At safepoint: 684708 ns, Total: 691974 ns
[14.489s][info ][gc,start       ] GC(288) Pause Young (Allocation Failure)
[14.489s][debug][gc,heap        ] GC(288) Heap before GC invocations=288 (full 8):
[14.489s][debug][gc,heap        ] GC(288)  def new generation   total 9920K, used 8832K [0x0000120000200000, 0x0000120000cc0000, 0x000012000aca0000)
[14.489s][debug][gc,heap        ] GC(288)   eden space 8832K, 100% used [0x0000120000200000, 0x0000120000aa0000, 0x0000120000aa0000)
[14.489s][debug][gc,heap        ] GC(288)   from space 1088K,   0% used [0x0000120000aa0000, 0x0000120000aa01a8, 0x0000120000bb0000)
[14.489s][debug][gc,heap        ] GC(288)   to   space 1088K,   0% used [0x0000120000bb0000, 0x0000120000bb0000, 0x0000120000cc0000)
[14.489s][debug][gc,heap        ] GC(288)  tenured generation   total 21888K, used 2071K [0x000012000aca0000, 0x000012000c200000, 0x0000120020200000)
[14.489s][debug][gc,heap        ] GC(288)    the space 21888K,   9% used [0x000012000aca0000, 0x000012000aea5db8, 0x000012000aea5e00, 0x000012000c200000)
[14.489s][debug][gc,heap        ] GC(288)  Metaspace       used 369K, committed 512K, reserved 1114112K
[14.489s][debug][gc,heap        ] GC(288)   class space    used 63K, committed 128K, reserved 1048576K
[14.489s][debug][gc,tlab        ] GC(288) TLAB totals: thrds: 2  refills: 101 max: 51 slow allocs: 0 max 0 waste:  0.1% gc: 4256B max: 4256B slow: 2720B max: 1368B
[14.489s][debug][gc,ref         ] GC(288) Skipped SoftWeakFinalRefsPhase of Reference Processing: no references
[14.489s][debug][gc,ref         ] GC(288) Skipped KeepAliveFinalRefsPhase of Reference Processing: no references
[14.489s][debug][gc,ref         ] GC(288) Skipped PhantomRefsPhase of Reference Processing: no references
[14.489s][debug][gc,phases,ref  ] GC(288) Reference Processing: 0.0ms
[14.489s][debug][gc,phases,ref  ] GC(288)   Notify Soft/WeakReferences: 0.0ms
[14.489s][debug][gc,phases,ref  ] GC(288)     SoftRef: skipped
[14.489s][debug][gc,phases,ref  ] GC(288)     WeakRef: skipped
[14.489s][debug][gc,phases,ref  ] GC(288)     FinalRef: skipped
[14.489s][debug][gc,phases,ref  ] GC(288)     Total: skipped
[14.489s][debug][gc,phases,ref  ] GC(288)   Notify and keep alive finalizable: 0.0ms
[14.489s][debug][gc,phases,ref  ] GC(288)     FinalRef: skipped
[14.489s][debug][gc,phases,ref  ] GC(288)   Notify PhantomReferences: 0.0ms
[14.489s][debug][gc,phases,ref  ] GC(288)     PhantomRef: skipped
[14.489s][debug][gc,phases,ref  ] GC(288)   SoftReference Discovered: 0, Dropped: 0, Processed: 0
[14.489s][debug][gc,phases,ref  ] GC(288)   WeakReference Discovered: 0, Dropped: 0, Processed: 0
[14.489s][debug][gc,phases,ref  ] GC(288)   FinalReference Discovered: 0, Dropped: 0, Processed: 0
[14.489s][debug][gc,phases,ref  ] GC(288)   PhantomReference Discovered: 0, Dropped: 0, Processed: 0
[14.489s][debug][gc,age         ] GC(288) Desired survivor size 557056 bytes, new threshold 15 (max threshold 15)
[14.489s][info ][gc,heap        ] GC(288) DefNew: 8832K(9920K)->0K(9920K) Eden: 8832K(8832K)->0K(8832K) From: 0K(1088K)->0K(1088K)
[14.489s][info ][gc,heap        ] GC(288) Tenured: 2071K(21888K)->2071K(21888K)
[14.489s][info ][gc,metaspace   ] GC(288) Metaspace: 369K(512K)->369K(512K) NonClass: 306K(384K)->306K(384K) Class: 63K(128K)->63K(128K)
[14.489s][debug][gc,heap        ] GC(288) Heap after GC invocations=289 (full 8):
[14.489s][debug][gc,heap        ] GC(288)  def new generation   total 9920K, used 0K [0x0000120000200000, 0x0000120000cc0000, 0x000012000aca0000)
[14.489s][debug][gc,heap        ] GC(288)   eden space 8832K,   0% used [0x0000120000200000, 0x0000120000200000, 0x0000120000aa0000)
[14.489s][debug][gc,heap        ] GC(288)   from space 1088K,   0% used [0x0000120000bb0000, 0x0000120000bb0140, 0x0000120000cc0000)
[14.489s][debug][gc,heap        ] GC(288)   to   space 1088K,   0% used [0x0000120000aa0000, 0x0000120000aa0000, 0x0000120000bb0000)
[14.489s][debug][gc,heap        ] GC(288)  tenured generation   total 21888K, used 2071K [0x000012000aca0000, 0x000012000c200000, 0x0000120020200000)
[14.489s][debug][gc,heap        ] GC(288)    the space 21888K,   9% used [0x000012000aca0000, 0x000012000aea5db8, 0x000012000aea5e00, 0x000012000c200000)
[14.489s][debug][gc,heap        ] GC(288)  Metaspace       used 369K, committed 512K, reserved 1114112K
[14.489s][debug][gc,heap        ] GC(288)   class space    used 63K, committed 128K, reserved 1048576K
[14.489s][info ][gc             ] GC(288) Pause Young (Allocation Failure) 10M->2M(31M) 0.581ms
[14.489s][info ][gc,cpu         ] GC(288) User=0.00s Sys=0.00s Real=0.00s
[14.489s][info ][safepoint      ] Safepoint "GenCollectForAllocation", Time since last: 46926682 ns, Reaching safepoint: 3462 ns, Cleanup: 3568 ns, At safepoint: 632988 ns, Total: 640018 ns
[14.538s][info ][gc,start       ] GC(289) Pause Young (Allocation Failure)
[14.538s][debug][gc,heap        ] GC(289) Heap before GC invocations=289 (full 8):
[14.538s][debug][gc,heap        ] GC(289)  def new generation   total 9920K, used 8832K [0x0000120000200000, 0x0000120000cc0000, 0x000012000aca0000)
[14.538s][debug][gc,heap        ] GC(289)   eden space 8832K, 100% used [0x0000120000200000, 0x0000120000aa0000, 0x0000120000aa0000)
[14.538s][debug][gc,heap        ] GC(289)   from space 1088K,   0% used [0x0000120000bb0000, 0x0000120000bb0140, 0x0000120000cc0000)
[14.538s][debug][gc,heap        ] GC(289)   to   space 1088K,   0% used [0x0000120000aa0000, 0x0000120000aa0000, 0x0000120000bb0000)
[14.538s][debug][gc,heap        ] GC(289)  tenured generation   total 21888K, used 2071K [0x000012000aca0000, 0x000012000c200000, 0x0000120020200000)
[14.538s][debug][gc,heap        ] GC(289)    the space 21888K,   9% used [0x000012000aca0000, 0x000012000aea5db8, 0x000012000aea5e00, 0x000012000c200000)
[14.538s][debug][gc,heap        ] GC(289)  Metaspace       used 369K, committed 512K, reserved 1114112K
[14.538s][debug][gc,heap        ] GC(289)   class space    used 63K, committed 128K, reserved 1048576K
[14.538s][debug][gc,tlab        ] GC(289) TLAB totals: thrds: 2  refills: 101 max: 51 slow allocs: 0 max 0 waste:  0.0% gc: 0B max: 0B slow: 2704B max: 1432B
[14.539s][debug][gc,ref         ] GC(289) Skipped SoftWeakFinalRefsPhase of Reference Processing: no references
[14.539s][debug][gc,ref         ] GC(289) Skipped KeepAliveFinalRefsPhase of Reference Processing: no references
[14.539s][debug][gc,ref         ] GC(289) Skipped PhantomRefsPhase of Reference Processing: no references
[14.539s][debug][gc,phases,ref  ] GC(289) Reference Processing: 0.0ms
[14.539s][debug][gc,phases,ref  ] GC(289)   Notify Soft/WeakReferences: 0.0ms
[14.539s][debug][gc,phases,ref  ] GC(289)     SoftRef: skipped
[14.539s][debug][gc,phases,ref  ] GC(289)     WeakRef: skipped
[14.539s][debug][gc,phases,ref  ] GC(289)     FinalRef: skipped
[14.539s][debug][gc,phases,ref  ] GC(289)     Total: skipped
[14.539s][debug][gc,phases,ref  ] GC(289)   Notify and keep alive finalizable: 0.0ms
[14.539s][debug][gc,phases,ref  ] GC(289)     FinalRef: skipped
[14.539s][debug][gc,phases,ref  ] GC(289)   Notify PhantomReferences: 0.0ms
[14.539s][debug][gc,phases,ref  ] GC(289)     PhantomRef: skipped
[14.539s][debug][gc,phases,ref  ] GC(289)   SoftReference Discovered: 0, Dropped: 0, Processed: 0
[14.539s][debug][gc,phases,ref  ] GC(289)   WeakReference Discovered: 0, Dropped: 0, Processed: 0
[14.539s][debug][gc,phases,ref  ] GC(289)   FinalReference Discovered: 0, Dropped: 0, Processed: 0
[14.539s][debug][gc,phases,ref  ] GC(289)   PhantomReference Discovered: 0, Dropped: 0, Processed: 0
[14.539s][debug][gc,age         ] GC(289) Desired survivor size 557056 bytes, new threshold 15 (max threshold 15)
[14.539s][info ][gc,heap        ] GC(289) DefNew: 8832K(9920K)->0K(9920K) Eden: 8832K(8832K)->0K(8832K) From: 0K(1088K)->0K(1088K)
[14.539s][info ][gc,heap        ] GC(289) Tenured: 2071K(21888K)->2071K(21888K)
[14.539s][info ][gc,metaspace   ] GC(289) Metaspace: 369K(512K)->369K(512K) NonClass: 306K(384K)->306K(384K) Class: 63K(128K)->63K(128K)
[14.539s][debug][gc,heap        ] GC(289) Heap after GC invocations=290 (full 8):
[14.539s][debug][gc,heap        ] GC(289)  def new generation   total 9920K, used 0K [0x0000120000200000, 0x0000120000cc0000, 0x000012000aca0000)
[14.539s][debug][gc,heap        ] GC(289)   eden space 8832K,   0% used [0x0000120000200000, 0x0000120000200000, 0x0000120000aa0000)
[14.539s][debug][gc,heap        ] GC(289)   from space 1088K,   0% used [0x0000120000aa0000, 0x0000120000aa0138, 0x0000120000bb0000)
[14.539s][debug][gc,heap        ] GC(289)   to   space 1088K,   0% used [0x0000120000bb0000, 0x0000120000bb0000, 0x0000120000cc0000)
[14.539s][debug][gc,heap        ] GC(289)  tenured generation   total 21888K, used 2071K [0x000012000aca0000, 0x000012000c200000, 0x0000120020200000)
[14.539s][debug][gc,heap        ] GC(289)    the space 21888K,   9% used [0x000012000aca0000, 0x000012000aea5db8, 0x000012000aea5e00, 0x000012000c200000)
[14.539s][debug][gc,heap        ] GC(289)  Metaspace       used 369K, committed 512K, reserved 1114112K
[14.539s][debug][gc,heap        ] GC(289)   class space    used 63K, committed 128K, reserved 1048576K
[14.539s][info ][gc             ] GC(289) Pause Young (Allocation Failure) 10M->2M(31M) 0.698ms
[14.539s][info ][gc,cpu         ] GC(289) User=0.00s Sys=0.00s Real=0.00s
[14.539s][info ][safepoint      ] Safepoint "GenCollectForAllocation", Time since last: 48868808 ns, Reaching safepoint: 2832 ns, Cleanup: 3087 ns, At safepoint: 736327 ns, Total: 742246 ns
[14.586s][info ][gc,start       ] GC(290) Pause Young (Allocation Failure)
[14.586s][debug][gc,heap        ] GC(290) Heap before GC invocations=290 (full 8):
[14.587s][debug][gc,heap        ] GC(290)  def new generation   total 9920K, used 8832K [0x0000120000200000, 0x0000120000cc0000, 0x000012000aca0000)
[14.587s][debug][gc,heap        ] GC(290)   eden space 8832K, 100% used [0x0000120000200000, 0x0000120000aa0000, 0x0000120000aa0000)
[14.587s][debug][gc,heap        ] GC(290)   from space 1088K,   0% used [0x0000120000aa0000, 0x0000120000aa0138, 0x0000120000bb0000)
[14.587s][debug][gc,heap        ] GC(290)   to   space 1088K,   0% used [0x0000120000bb0000, 0x0000120000bb0000, 0x0000120000cc0000)
[14.587s][debug][gc,heap        ] GC(290)  tenured generation   total 21888K, used 2071K [0x000012000aca0000, 0x000012000c200000, 0x0000120020200000)
[14.587s][debug][gc,heap        ] GC(290)    the space 21888K,   9% used [0x000012000aca0000, 0x000012000aea5db8, 0x000012000aea5e00, 0x000012000c200000)
[14.587s][debug][gc,heap        ] GC(290)  Metaspace       used 369K, committed 512K, reserved 1114112K
[14.587s][debug][gc,heap        ] GC(290)   class space    used 63K, committed 128K, reserved 1048576K
[14.587s][debug][gc,tlab        ] GC(290) TLAB totals: thrds: 2  refills: 101 max: 51 slow allocs: 0 max 0 waste:  0.3% gc: 22904B max: 22904B slow: 2728B max: 1384B
[14.587s][debug][gc,ref         ] GC(290) Skipped SoftWeakFinalRefsPhase of Reference Processing: no references
[14.587s][debug][gc,ref         ] GC(290) Skipped KeepAliveFinalRefsPhase of Reference Processing: no references
[14.587s][debug][gc,ref         ] GC(290) Skipped PhantomRefsPhase of Reference Processing: no references
[14.587s][debug][gc,phases,ref  ] GC(290) Reference Processing: 0.0ms
[14.587s][debug][gc,phases,ref  ] GC(290)   Notify Soft/WeakReferences: 0.0ms
[14.587s][debug][gc,phases,ref  ] GC(290)     SoftRef: skipped
[14.587s][debug][gc,phases,ref  ] GC(290)     WeakRef: skipped
[14.587s][debug][gc,phases,ref  ] GC(290)     FinalRef: skipped
[14.587s][debug][gc,phases,ref  ] GC(290)     Total: skipped
[14.587s][debug][gc,phases,ref  ] GC(290)   Notify and keep alive finalizable: 0.0ms
[14.587s][debug][gc,phases,ref  ] GC(290)     FinalRef: skipped
[14.587s][debug][gc,phases,ref  ] GC(290)   Notify PhantomReferences: 0.0ms
[14.587s][debug][gc,phases,ref  ] GC(290)     PhantomRef: skipped
[14.587s][debug][gc,phases,ref  ] GC(290)   SoftReference Discovered: 0, Dropped: 0, Processed: 0
[14.587s][debug][gc,phases,ref  ] GC(290)   WeakReference Discovered: 0, Dropped: 0, Processed: 0
[14.587s][debug][gc,phases,ref  ] GC(290)   FinalReference Discovered: 0, Dropped: 0, Processed: 0
[14.587s][debug][gc,phases,ref  ] GC(290)   PhantomReference Discovered: 0, Dropped: 0, Processed: 0
[14.587s][debug][gc,age         ] GC(290) Desired survivor size 557056 bytes, new threshold 15 (max threshold 15)
[14.587s][info ][gc,heap        ] GC(290) DefNew: 8832K(9920K)->0K(9920K) Eden: 8832K(8832K)->0K(8832K) From: 0K(1088K)->0K(1088K)
[14.587s][info ][gc,heap        ] GC(290) Tenured: 2071K(21888K)->2071K(21888K)
[14.587s][info ][gc,metaspace   ] GC(290) Metaspace: 369K(512K)->369K(512K) NonClass: 306K(384K)->306K(384K) Class: 63K(128K)->63K(128K)
[14.587s][debug][gc,heap        ] GC(290) Heap after GC invocations=291 (full 8):
[14.587s][debug][gc,heap        ] GC(290)  def new generation   total 9920K, used 0K [0x0000120000200000, 0x0000120000cc0000, 0x000012000aca0000)
[14.587s][debug][gc,heap        ] GC(290)   eden space 8832K,   0% used [0x0000120000200000, 0x0000120000200000, 0x0000120000aa0000)
[14.587s][debug][gc,heap        ] GC(290)   from space 1088K,   0% used [0x0000120000bb0000, 0x0000120000bb0130, 0x0000120000cc0000)
[14.587s][debug][gc,heap        ] GC(290)   to   space 1088K,   0% used [0x0000120000aa0000, 0x0000120000aa0000, 0x0000120000bb0000)
[14.587s][debug][gc,heap        ] GC(290)  tenured generation   total 21888K, used 2071K [0x000012000aca0000, 0x000012000c200000, 0x0000120020200000)
[14.587s][debug][gc,heap        ] GC(290)    the space 21888K,   9% used [0x000012000aca0000, 0x000012000aea5db8, 0x000012000aea5e00, 0x000012000c200000)
[14.587s][debug][gc,heap        ] GC(290)  Metaspace       used 369K, committed 512K, reserved 1114112K
[14.587s][debug][gc,heap        ] GC(290)   class space    used 63K, committed 128K, reserved 1048576K
[14.587s][info ][gc             ] GC(290) Pause Young (Allocation Failure) 10M->2M(31M) 0.609ms
[14.587s][info ][gc,cpu         ] GC(290) User=0.00s Sys=0.00s Real=0.00s
[14.587s][info ][safepoint      ] Safepoint "GenCollectForAllocation", Time since last: 47383688 ns, Reaching safepoint: 3488 ns, Cleanup: 3604 ns, At safepoint: 653753 ns, Total: 660845 ns
[14.635s][info ][gc,start       ] GC(291) Pause Young (Allocation Failure)
[14.635s][debug][gc,heap        ] GC(291) Heap before GC invocations=291 (full 8):
[14.635s][debug][gc,heap        ] GC(291)  def new generation   total 9920K, used 8832K [0x0000120000200000, 0x0000120000cc0000, 0x000012000aca0000)
[14.635s][debug][gc,heap        ] GC(291)   eden space 8832K, 100% used [0x0000120000200000, 0x0000120000aa0000, 0x0000120000aa0000)
[14.635s][debug][gc,heap        ] GC(291)   from space 1088K,   0% used [0x0000120000bb0000, 0x0000120000bb0130, 0x0000120000cc0000)
[14.635s][debug][gc,heap        ] GC(291)   to   space 1088K,   0% used [0x0000120000aa0000, 0x0000120000aa0000, 0x0000120000bb0000)
[14.635s][debug][gc,heap        ] GC(291)  tenured generation   total 21888K, used 2071K [0x000012000aca0000, 0x000012000c200000, 0x0000120020200000)
[14.635s][debug][gc,heap        ] GC(291)    the space 21888K,   9% used [0x000012000aca0000, 0x000012000aea5db8, 0x000012000aea5e00, 0x000012000c200000)
[14.635s][debug][gc,heap        ] GC(291)  Metaspace       used 369K, committed 512K, reserved 1114112K
[14.635s][debug][gc,heap        ] GC(291)   class space    used 63K, committed 128K, reserved 1048576K
[14.635s][debug][gc,tlab        ] GC(291) TLAB totals: thrds: 2  refills: 101 max: 51 slow allocs: 0 max 0 waste:  0.1% gc: 5528B max: 5528B slow: 2656B max: 1376B
[14.635s][debug][gc,ref         ] GC(291) Skipped SoftWeakFinalRefsPhase of Reference Processing: no references
[14.635s][debug][gc,ref         ] GC(291) Skipped KeepAliveFinalRefsPhase of Reference Processing: no references
[14.635s][debug][gc,ref         ] GC(291) Skipped PhantomRefsPhase of Reference Processing: no references
[14.635s][debug][gc,phases,ref  ] GC(291) Reference Processing: 0.0ms
[14.635s][debug][gc,phases,ref  ] GC(291)   Notify Soft/WeakReferences: 0.0ms
[14.635s][debug][gc,phases,ref  ] GC(291)     SoftRef: skipped
[14.635s][debug][gc,phases,ref  ] GC(291)     WeakRef: skipped
[14.635s][debug][gc,phases,ref  ] GC(291)     FinalRef: skipped
[14.635s][debug][gc,phases,ref  ] GC(291)     Total: skipped
[14.635s][debug][gc,phases,ref  ] GC(291)   Notify and keep alive finalizable: 0.0ms
[14.635s][debug][gc,phases,ref  ] GC(291)     FinalRef: skipped
[14.635s][debug][gc,phases,ref  ] GC(291)   Notify PhantomReferences: 0.0ms
[14.635s][debug][gc,phases,ref  ] GC(291)     PhantomRef: skipped
[14.635s][debug][gc,phases,ref  ] GC(291)   SoftReference Discovered: 0, Dropped: 0, Processed: 0
[14.635s][debug][gc,phases,ref  ] GC(291)   WeakReference Discovered: 0, Dropped: 0, Processed: 0
[14.635s][debug][gc,phases,ref  ] GC(291)   FinalReference Discovered: 0, Dropped: 0, Processed: 0
[14.635s][debug][gc,phases,ref  ] GC(291)   PhantomReference Discovered: 0, Dropped: 0, Processed: 0
[14.635s][debug][gc,age         ] GC(291) Desired survivor size 557056 bytes, new threshold 15 (max threshold 15)
[14.635s][info ][gc,heap        ] GC(291) DefNew: 8832K(9920K)->0K(9920K) Eden: 8832K(8832K)->0K(8832K) From: 0K(1088K)->0K(1088K)
[14.635s][info ][gc,heap        ] GC(291) Tenured: 2071K(21888K)->2071K(21888K)
[14.635s][info ][gc,metaspace   ] GC(291) Metaspace: 369K(512K)->369K(512K) NonClass: 306K(384K)->306K(384K) Class: 63K(128K)->63K(128K)
[14.636s][debug][gc,heap        ] GC(291) Heap after GC invocations=292 (full 8):
[14.636s][debug][gc,heap        ] GC(291)  def new generation   total 9920K, used 0K [0x0000120000200000, 0x0000120000cc0000, 0x000012000aca0000)
[14.636s][debug][gc,heap        ] GC(291)   eden space 8832K,   0% used [0x0000120000200000, 0x0000120000200000, 0x0000120000aa0000)
[14.636s][debug][gc,heap        ] GC(291)   from space 1088K,   0% used [0x0000120000aa0000, 0x0000120000aa0110, 0x0000120000bb0000)
[14.636s][debug][gc,heap        ] GC(291)   to   space 1088K,   0% used [0x0000120000bb0000, 0x0000120000bb0000, 0x0000120000cc0000)
[14.636s][debug][gc,heap        ] GC(291)  tenured generation   total 21888K, used 2071K [0x000012000aca0000, 0x000012000c200000, 0x0000120020200000)
[14.636s][debug][gc,heap        ] GC(291)    the space 21888K,   9% used [0x000012000aca0000, 0x000012000aea5db8, 0x000012000aea5e00, 0x000012000c200000)
[14.636s][debug][gc,heap        ] GC(291)  Metaspace       used 369K, committed 512K, reserved 1114112K
[14.636s][debug][gc,heap        ] GC(291)   class space    used 63K, committed 128K, reserved 1048576K
[14.636s][info ][gc             ] GC(291) Pause Young (Allocation Failure) 10M->2M(31M) 0.732ms
[14.636s][info ][gc,cpu         ] GC(291) User=0.00s Sys=0.00s Real=0.00s
[14.636s][info ][safepoint      ] Safepoint "GenCollectForAllocation", Time since last: 47681340 ns, Reaching safepoint: 76994 ns, Cleanup: 3463 ns, At safepoint: 775400 ns, Total: 855857 ns
[14.683s][info ][gc,start       ] GC(292) Pause Young (Allocation Failure)
[14.683s][debug][gc,heap        ] GC(292) Heap before GC invocations=292 (full 8):
[14.683s][debug][gc,heap        ] GC(292)  def new generation   total 9920K, used 8832K [0x0000120000200000, 0x0000120000cc0000, 0x000012000aca0000)
[14.683s][debug][gc,heap        ] GC(292)   eden space 8832K, 100% used [0x0000120000200000, 0x0000120000aa0000, 0x0000120000aa0000)
[14.683s][debug][gc,heap        ] GC(292)   from space 1088K,   0% used [0x0000120000aa0000, 0x0000120000aa0110, 0x0000120000bb0000)
[14.683s][debug][gc,heap        ] GC(292)   to   space 1088K,   0% used [0x0000120000bb0000, 0x0000120000bb0000, 0x0000120000cc0000)
[14.683s][debug][gc,heap        ] GC(292)  tenured generation   total 21888K, used 2071K [0x000012000aca0000, 0x000012000c200000, 0x0000120020200000)
[14.683s][debug][gc,heap        ] GC(292)    the space 21888K,   9% used [0x000012000aca0000, 0x000012000aea5db8, 0x000012000aea5e00, 0x000012000c200000)
[14.683s][debug][gc,heap        ] GC(292)  Metaspace       used 369K, committed 512K, reserved 1114112K
[14.683s][debug][gc,heap        ] GC(292)   class space    used 63K, committed 128K, reserved 1048576K
[14.683s][debug][gc,tlab        ] GC(292) TLAB totals: thrds: 2  refills: 101 max: 51 slow allocs: 0 max 0 waste:  0.5% gc: 44976B max: 44976B slow: 2616B max: 1360B
[14.683s][debug][gc,ref         ] GC(292) Skipped SoftWeakFinalRefsPhase of Reference Processing: no references
[14.683s][debug][gc,ref         ] GC(292) Skipped KeepAliveFinalRefsPhase of Reference Processing: no references
[14.683s][debug][gc,ref         ] GC(292) Skipped PhantomRefsPhase of Reference Processing: no references
[14.683s][debug][gc,phases,ref  ] GC(292) Reference Processing: 0.0ms
[14.683s][debug][gc,phases,ref  ] GC(292)   Notify Soft/WeakReferences: 0.0ms
[14.683s][debug][gc,phases,ref  ] GC(292)     SoftRef: skipped
[14.683s][debug][gc,phases,ref  ] GC(292)     WeakRef: skipped
[14.683s][debug][gc,phases,ref  ] GC(292)     FinalRef: skipped
[14.683s][debug][gc,phases,ref  ] GC(292)     Total: skipped
[14.683s][debug][gc,phases,ref  ] GC(292)   Notify and keep alive finalizable: 0.0ms
[14.683s][debug][gc,phases,ref  ] GC(292)     FinalRef: skipped
[14.683s][debug][gc,phases,ref  ] GC(292)   Notify PhantomReferences: 0.0ms
[14.683s][debug][gc,phases,ref  ] GC(292)     PhantomRef: skipped
[14.683s][debug][gc,phases,ref  ] GC(292)   SoftReference Discovered: 0, Dropped: 0, Processed: 0
[14.683s][debug][gc,phases,ref  ] GC(292)   WeakReference Discovered: 0, Dropped: 0, Processed: 0
[14.683s][debug][gc,phases,ref  ] GC(292)   FinalReference Discovered: 0, Dropped: 0, Processed: 0
[14.683s][debug][gc,phases,ref  ] GC(292)   PhantomReference Discovered: 0, Dropped: 0, Processed: 0
[14.683s][debug][gc,age         ] GC(292) Desired survivor size 557056 bytes, new threshold 15 (max threshold 15)
[14.683s][info ][gc,heap        ] GC(292) DefNew: 8832K(9920K)->0K(9920K) Eden: 8832K(8832K)->0K(8832K) From: 0K(1088K)->0K(1088K)
[14.683s][info ][gc,heap        ] GC(292) Tenured: 2071K(21888K)->2071K(21888K)
[14.683s][info ][gc,metaspace   ] GC(292) Metaspace: 369K(512K)->369K(512K) NonClass: 306K(384K)->306K(384K) Class: 63K(128K)->63K(128K)
[14.683s][debug][gc,heap        ] GC(292) Heap after GC invocations=293 (full 8):
[14.683s][debug][gc,heap        ] GC(292)  def new generation   total 9920K, used 0K [0x0000120000200000, 0x0000120000cc0000, 0x000012000aca0000)
[14.683s][debug][gc,heap        ] GC(292)   eden space 8832K,   0% used [0x0000120000200000, 0x0000120000200000, 0x0000120000aa0000)
[14.684s][debug][gc,heap        ] GC(292)   from space 1088K,   0% used [0x0000120000bb0000, 0x0000120000bb0150, 0x0000120000cc0000)
[14.684s][debug][gc,heap        ] GC(292)   to   space 1088K,   0% used [0x0000120000aa0000, 0x0000120000aa0000, 0x0000120000bb0000)
[14.684s][debug][gc,heap        ] GC(292)  tenured generation   total 21888K, used 2071K [0x000012000aca0000, 0x000012000c200000, 0x0000120020200000)
[14.684s][debug][gc,heap        ] GC(292)    the space 21888K,   9% used [0x000012000aca0000, 0x000012000aea5db8, 0x000012000aea5e00, 0x000012000c200000)
[14.684s][debug][gc,heap        ] GC(292)  Metaspace       used 369K, committed 512K, reserved 1114112K
[14.684s][debug][gc,heap        ] GC(292)   class space    used 63K, committed 128K, reserved 1048576K
[14.684s][info ][gc             ] GC(292) Pause Young (Allocation Failure) 10M->2M(31M) 0.599ms
[14.684s][info ][gc,cpu         ] GC(292) User=0.00s Sys=0.00s Real=0.00s
[14.684s][info ][safepoint      ] Safepoint "GenCollectForAllocation", Time since last: 47322921 ns, Reaching safepoint: 3232 ns, Cleanup: 3649 ns, At safepoint: 643927 ns, Total: 650808 ns
[14.733s][info ][gc,start       ] GC(293) Pause Young (Allocation Failure)
[14.733s][debug][gc,heap        ] GC(293) Heap before GC invocations=293 (full 8):
[14.733s][debug][gc,heap        ] GC(293)  def new generation   total 9920K, used 8832K [0x0000120000200000, 0x0000120000cc0000, 0x000012000aca0000)
[14.733s][debug][gc,heap        ] GC(293)   eden space 8832K, 100% used [0x0000120000200000, 0x0000120000aa0000, 0x0000120000aa0000)
[14.733s][debug][gc,heap        ] GC(293)   from space 1088K,   0% used [0x0000120000bb0000, 0x0000120000bb0150, 0x0000120000cc0000)
[14.733s][debug][gc,heap        ] GC(293)   to   space 1088K,   0% used [0x0000120000aa0000, 0x0000120000aa0000, 0x0000120000bb0000)
[14.733s][debug][gc,heap        ] GC(293)  tenured generation   total 21888K, used 2071K [0x000012000aca0000, 0x000012000c200000, 0x0000120020200000)
[14.733s][debug][gc,heap        ] GC(293)    the space 21888K,   9% used [0x000012000aca0000, 0x000012000aea5db8, 0x000012000aea5e00, 0x000012000c200000)
[14.733s][debug][gc,heap        ] GC(293)  Metaspace       used 369K, committed 512K, reserved 1114112K
[14.733s][debug][gc,heap        ] GC(293)   class space    used 63K, committed 128K, reserved 1048576K
[14.733s][debug][gc,tlab        ] GC(293) TLAB totals: thrds: 2  refills: 101 max: 52 slow allocs: 0 max 0 waste:  0.6% gc: 50128B max: 50128B slow: 2208B max: 1392B
[14.733s][debug][gc,ref         ] GC(293) Skipped SoftWeakFinalRefsPhase of Reference Processing: no references
[14.733s][debug][gc,ref         ] GC(293) Skipped KeepAliveFinalRefsPhase of Reference Processing: no references
[14.733s][debug][gc,ref         ] GC(293) Skipped PhantomRefsPhase of Reference Processing: no references
[14.733s][debug][gc,phases,ref  ] GC(293) Reference Processing: 0.0ms
[14.733s][debug][gc,phases,ref  ] GC(293)   Notify Soft/WeakReferences: 0.0ms
[14.733s][debug][gc,phases,ref  ] GC(293)     SoftRef: skipped
[14.733s][debug][gc,phases,ref  ] GC(293)     WeakRef: skipped
[14.733s][debug][gc,phases,ref  ] GC(293)     FinalRef: skipped
[14.733s][debug][gc,phases,ref  ] GC(293)     Total: skipped
[14.733s][debug][gc,phases,ref  ] GC(293)   Notify and keep alive finalizable: 0.0ms
[14.733s][debug][gc,phases,ref  ] GC(293)     FinalRef: skipped
[14.733s][debug][gc,phases,ref  ] GC(293)   Notify PhantomReferences: 0.0ms
[14.733s][debug][gc,phases,ref  ] GC(293)     PhantomRef: skipped
[14.733s][debug][gc,phases,ref  ] GC(293)   SoftReference Discovered: 0, Dropped: 0, Processed: 0
[14.733s][debug][gc,phases,ref  ] GC(293)   WeakReference Discovered: 0, Dropped: 0, Processed: 0
[14.733s][debug][gc,phases,ref  ] GC(293)   FinalReference Discovered: 0, Dropped: 0, Processed: 0
[14.733s][debug][gc,phases,ref  ] GC(293)   PhantomReference Discovered: 0, Dropped: 0, Processed: 0
[14.733s][debug][gc,age         ] GC(293) Desired survivor size 557056 bytes, new threshold 15 (max threshold 15)
[14.733s][info ][gc,heap        ] GC(293) DefNew: 8832K(9920K)->0K(9920K) Eden: 8832K(8832K)->0K(8832K) From: 0K(1088K)->0K(1088K)
[14.733s][info ][gc,heap        ] GC(293) Tenured: 2071K(21888K)->2071K(21888K)
[14.733s][info ][gc,metaspace   ] GC(293) Metaspace: 369K(512K)->369K(512K) NonClass: 306K(384K)->306K(384K) Class: 63K(128K)->63K(128K)
[14.733s][debug][gc,heap        ] GC(293) Heap after GC invocations=294 (full 8):
[14.733s][debug][gc,heap        ] GC(293)  def new generation   total 9920K, used 0K [0x0000120000200000, 0x0000120000cc0000, 0x000012000aca0000)
[14.733s][debug][gc,heap        ] GC(293)   eden space 8832K,   0% used [0x0000120000200000, 0x0000120000200000, 0x0000120000aa0000)
[14.733s][debug][gc,heap        ] GC(293)   from space 1088K,   0% used [0x0000120000aa0000, 0x0000120000aa0138, 0x0000120000bb0000)
[14.733s][debug][gc,heap        ] GC(293)   to   space 1088K,   0% used [0x0000120000bb0000, 0x0000120000bb0000, 0x0000120000cc0000)
[14.733s][debug][gc,heap        ] GC(293)  tenured generation   total 21888K, used 2071K [0x000012000aca0000, 0x000012000c200000, 0x0000120020200000)
[14.733s][debug][gc,heap        ] GC(293)    the space 21888K,   9% used [0x000012000aca0000, 0x000012000aea5db8, 0x000012000aea5e00, 0x000012000c200000)
[14.733s][debug][gc,heap        ] GC(293)  Metaspace       used 369K, committed 512K, reserved 1114112K
[14.733s][debug][gc,heap        ] GC(293)   class space    used 63K, committed 128K, reserved 1048576K
[14.733s][info ][gc             ] GC(293) Pause Young (Allocation Failure) 10M->2M(31M) 0.614ms
[14.733s][info ][gc,cpu         ] GC(293) User=0.00s Sys=0.00s Real=0.00s
[14.733s][info ][safepoint      ] Safepoint "GenCollectForAllocation", Time since last: 48968901 ns, Reaching safepoint: 3729 ns, Cleanup: 3597 ns, At safepoint: 660838 ns, Total: 668164 ns
[14.782s][info ][gc,start       ] GC(294) Pause Young (Allocation Failure)
[14.782s][debug][gc,heap        ] GC(294) Heap before GC invocations=294 (full 8):
[14.782s][debug][gc,heap        ] GC(294)  def new generation   total 9920K, used 8832K [0x0000120000200000, 0x0000120000cc0000, 0x000012000aca0000)
[14.782s][debug][gc,heap        ] GC(294)   eden space 8832K, 100% used [0x0000120000200000, 0x0000120000aa0000, 0x0000120000aa0000)
[14.782s][debug][gc,heap        ] GC(294)   from space 1088K,   0% used [0x0000120000aa0000, 0x0000120000aa0138, 0x0000120000bb0000)
[14.782s][debug][gc,heap        ] GC(294)   to   space 1088K,   0% used [0x0000120000bb0000, 0x0000120000bb0000, 0x0000120000cc0000)
[14.782s][debug][gc,heap        ] GC(294)  tenured generation   total 21888K, used 2071K [0x000012000aca0000, 0x000012000c200000, 0x0000120020200000)
[14.782s][debug][gc,heap        ] GC(294)    the space 21888K,   9% used [0x000012000aca0000, 0x000012000aea5db8, 0x000012000aea5e00, 0x000012000c200000)
[14.782s][debug][gc,heap        ] GC(294)  Metaspace       used 369K, committed 512K, reserved 1114112K
[14.782s][debug][gc,heap        ] GC(294)   class space    used 63K, committed 128K, reserved 1048576K
[14.782s][debug][gc,tlab        ] GC(294) TLAB totals: thrds: 2  refills: 101 max: 51 slow allocs: 0 max 0 waste:  0.2% gc: 18696B max: 18696B slow: 2272B max: 1472B
[14.782s][debug][gc,ref         ] GC(294) Skipped SoftWeakFinalRefsPhase of Reference Processing: no references
[14.782s][debug][gc,ref         ] GC(294) Skipped KeepAliveFinalRefsPhase of Reference Processing: no references
[14.782s][debug][gc,ref         ] GC(294) Skipped PhantomRefsPhase of Reference Processing: no references
[14.782s][debug][gc,phases,ref  ] GC(294) Reference Processing: 0.0ms
[14.782s][debug][gc,phases,ref  ] GC(294)   Notify Soft/WeakReferences: 0.0ms
[14.782s][debug][gc,phases,ref  ] GC(294)     SoftRef: skipped
[14.782s][debug][gc,phases,ref  ] GC(294)     WeakRef: skipped
[14.782s][debug][gc,phases,ref  ] GC(294)     FinalRef: skipped
[14.782s][debug][gc,phases,ref  ] GC(294)     Total: skipped
[14.782s][debug][gc,phases,ref  ] GC(294)   Notify and keep alive finalizable: 0.0ms
[14.782s][debug][gc,phases,ref  ] GC(294)     FinalRef: skipped
[14.782s][debug][gc,phases,ref  ] GC(294)   Notify PhantomReferences: 0.0ms
[14.782s][debug][gc,phases,ref  ] GC(294)     PhantomRef: skipped
[14.782s][debug][gc,phases,ref  ] GC(294)   SoftReference Discovered: 0, Dropped: 0, Processed: 0
[14.782s][debug][gc,phases,ref  ] GC(294)   WeakReference Discovered: 0, Dropped: 0, Processed: 0
[14.782s][debug][gc,phases,ref  ] GC(294)   FinalReference Discovered: 0, Dropped: 0, Processed: 0
[14.782s][debug][gc,phases,ref  ] GC(294)   PhantomReference Discovered: 0, Dropped: 0, Processed: 0
[14.782s][debug][gc,age         ] GC(294) Desired survivor size 557056 bytes, new threshold 15 (max threshold 15)
[14.782s][info ][gc,heap        ] GC(294) DefNew: 8832K(9920K)->0K(9920K) Eden: 8832K(8832K)->0K(8832K) From: 0K(1088K)->0K(1088K)
[14.782s][info ][gc,heap        ] GC(294) Tenured: 2071K(21888K)->2071K(21888K)
[14.782s][info ][gc,metaspace   ] GC(294) Metaspace: 369K(512K)->369K(512K) NonClass: 306K(384K)->306K(384K) Class: 63K(128K)->63K(128K)
[14.782s][debug][gc,heap        ] GC(294) Heap after GC invocations=295 (full 8):
[14.782s][debug][gc,heap        ] GC(294)  def new generation   total 9920K, used 0K [0x0000120000200000, 0x0000120000cc0000, 0x000012000aca0000)
[14.782s][debug][gc,heap        ] GC(294)   eden space 8832K,   0% used [0x0000120000200000, 0x0000120000200000, 0x0000120000aa0000)
[14.782s][debug][gc,heap        ] GC(294)   from space 1088K,   0% used [0x0000120000bb0000, 0x0000120000bb01c0, 0x0000120000cc0000)
[14.782s][debug][gc,heap        ] GC(294)   to   space 1088K,   0% used [0x0000120000aa0000, 0x0000120000aa0000, 0x0000120000bb0000)
[14.782s][debug][gc,heap        ] GC(294)  tenured generation   total 21888K, used 2071K [0x000012000aca0000, 0x000012000c200000, 0x0000120020200000)
[14.782s][debug][gc,heap        ] GC(294)    the space 21888K,   9% used [0x000012000aca0000, 0x000012000aea5db8, 0x000012000aea5e00, 0x000012000c200000)
[14.782s][debug][gc,heap        ] GC(294)  Metaspace       used 369K, committed 512K, reserved 1114112K
[14.782s][debug][gc,heap        ] GC(294)   class space    used 63K, committed 128K, reserved 1048576K
[14.782s][info ][gc             ] GC(294) Pause Young (Allocation Failure) 10M->2M(31M) 0.582ms
[14.782s][info ][gc,cpu         ] GC(294) User=0.00s Sys=0.00s Real=0.00s
[14.782s][info ][safepoint      ] Safepoint "GenCollectForAllocation", Time since last: 48286949 ns, Reaching safepoint: 3540 ns, Cleanup: 3746 ns, At safepoint: 628019 ns, Total: 635305 ns
[14.831s][info ][gc,start       ] GC(295) Pause Young (Allocation Failure)
[14.831s][debug][gc,heap        ] GC(295) Heap before GC invocations=295 (full 8):
[14.831s][debug][gc,heap        ] GC(295)  def new generation   total 9920K, used 8832K [0x0000120000200000, 0x0000120000cc0000, 0x000012000aca0000)
[14.831s][debug][gc,heap        ] GC(295)   eden space 8832K, 100% used [0x0000120000200000, 0x0000120000aa0000, 0x0000120000aa0000)
[14.831s][debug][gc,heap        ] GC(295)   from space 1088K,   0% used [0x0000120000bb0000, 0x0000120000bb01c0, 0x0000120000cc0000)
[14.831s][debug][gc,heap        ] GC(295)   to   space 1088K,   0% used [0x0000120000aa0000, 0x0000120000aa0000, 0x0000120000bb0000)
[14.831s][debug][gc,heap        ] GC(295)  tenured generation   total 21888K, used 2071K [0x000012000aca0000, 0x000012000c200000, 0x0000120020200000)
[14.831s][debug][gc,heap        ] GC(295)    the space 21888K,   9% used [0x000012000aca0000, 0x000012000aea5db8, 0x000012000aea5e00, 0x000012000c200000)
[14.831s][debug][gc,heap        ] GC(295)  Metaspace       used 369K, committed 512K, reserved 1114112K
[14.831s][debug][gc,heap        ] GC(295)   class space    used 63K, committed 128K, reserved 1048576K
[14.831s][debug][gc,tlab        ] GC(295) TLAB totals: thrds: 2  refills: 101 max: 51 slow allocs: 0 max 0 waste:  0.1% gc: 5776B max: 5776B slow: 2352B max: 1472B
[14.831s][debug][gc,ref         ] GC(295) Skipped SoftWeakFinalRefsPhase of Reference Processing: no references
[14.831s][debug][gc,ref         ] GC(295) Skipped KeepAliveFinalRefsPhase of Reference Processing: no references
[14.831s][debug][gc,ref         ] GC(295) Skipped PhantomRefsPhase of Reference Processing: no references
[14.831s][debug][gc,phases,ref  ] GC(295) Reference Processing: 0.0ms
[14.831s][debug][gc,phases,ref  ] GC(295)   Notify Soft/WeakReferences: 0.0ms
[14.831s][debug][gc,phases,ref  ] GC(295)     SoftRef: skipped
[14.831s][debug][gc,phases,ref  ] GC(295)     WeakRef: skipped
[14.831s][debug][gc,phases,ref  ] GC(295)     FinalRef: skipped
[14.831s][debug][gc,phases,ref  ] GC(295)     Total: skipped
[14.831s][debug][gc,phases,ref  ] GC(295)   Notify and keep alive finalizable: 0.0ms
[14.831s][debug][gc,phases,ref  ] GC(295)     FinalRef: skipped
[14.831s][debug][gc,phases,ref  ] GC(295)   Notify PhantomReferences: 0.0ms
[14.831s][debug][gc,phases,ref  ] GC(295)     PhantomRef: skipped
[14.831s][debug][gc,phases,ref  ] GC(295)   SoftReference Discovered: 0, Dropped: 0, Processed: 0
[14.831s][debug][gc,phases,ref  ] GC(295)   WeakReference Discovered: 0, Dropped: 0, Processed: 0
[14.831s][debug][gc,phases,ref  ] GC(295)   FinalReference Discovered: 0, Dropped: 0, Processed: 0
[14.831s][debug][gc,phases,ref  ] GC(295)   PhantomReference Discovered: 0, Dropped: 0, Processed: 0
[14.831s][debug][gc,age         ] GC(295) Desired survivor size 557056 bytes, new threshold 15 (max threshold 15)
[14.831s][info ][gc,heap        ] GC(295) DefNew: 8832K(9920K)->0K(9920K) Eden: 8832K(8832K)->0K(8832K) From: 0K(1088K)->0K(1088K)
[14.831s][info ][gc,heap        ] GC(295) Tenured: 2071K(21888K)->2071K(21888K)
[14.831s][info ][gc,metaspace   ] GC(295) Metaspace: 369K(512K)->369K(512K) NonClass: 306K(384K)->306K(384K) Class: 63K(128K)->63K(128K)
[14.831s][debug][gc,heap        ] GC(295) Heap after GC invocations=296 (full 8):
[14.831s][debug][gc,heap        ] GC(295)  def new generation   total 9920K, used 0K [0x0000120000200000, 0x0000120000cc0000, 0x000012000aca0000)
[14.831s][debug][gc,heap        ] GC(295)   eden space 8832K,   0% used [0x0000120000200000, 0x0000120000200000, 0x0000120000aa0000)
[14.831s][debug][gc,heap        ] GC(295)   from space 1088K,   0% used [0x0000120000aa0000, 0x0000120000aa0118, 0x0000120000bb0000)
[14.831s][debug][gc,heap        ] GC(295)   to   space 1088K,   0% used [0x0000120000bb0000, 0x0000120000bb0000, 0x0000120000cc0000)
[14.831s][debug][gc,heap        ] GC(295)  tenured generation   total 21888K, used 2071K [0x000012000aca0000, 0x000012000c200000, 0x0000120020200000)
[14.831s][debug][gc,heap        ] GC(295)    the space 21888K,   9% used [0x000012000aca0000, 0x000012000aea5db8, 0x000012000aea5e00, 0x000012000c200000)
[14.831s][debug][gc,heap        ] GC(295)  Metaspace       used 369K, committed 512K, reserved 1114112K
[14.831s][debug][gc,heap        ] GC(295)   class space    used 63K, committed 128K, reserved 1048576K
[14.831s][info ][gc             ] GC(295) Pause Young (Allocation Failure) 10M->2M(31M) 0.573ms
[14.831s][info ][gc,cpu         ] GC(295) User=0.00s Sys=0.00s Real=0.00s
[14.831s][info ][safepoint      ] Safepoint "GenCollectForAllocation", Time since last: 48315611 ns, Reaching safepoint: 3661 ns, Cleanup: 3696 ns, At safepoint: 618139 ns, Total: 625496 ns
[14.880s][info ][gc,start       ] GC(296) Pause Young (Allocation Failure)
[14.880s][debug][gc,heap        ] GC(296) Heap before GC invocations=296 (full 8):
[14.880s][debug][gc,heap        ] GC(296)  def new generation   total 9920K, used 8832K [0x0000120000200000, 0x0000120000cc0000, 0x000012000aca0000)
[14.880s][debug][gc,heap        ] GC(296)   eden space 8832K, 100% used [0x0000120000200000, 0x0000120000aa0000, 0x0000120000aa0000)
[14.880s][debug][gc,heap        ] GC(296)   from space 1088K,   0% used [0x0000120000aa0000, 0x0000120000aa0118, 0x0000120000bb0000)
[14.880s][debug][gc,heap        ] GC(296)   to   space 1088K,   0% used [0x0000120000bb0000, 0x0000120000bb0000, 0x0000120000cc0000)
[14.880s][debug][gc,heap        ] GC(296)  tenured generation   total 21888K, used 2071K [0x000012000aca0000, 0x000012000c200000, 0x0000120020200000)
[14.880s][debug][gc,heap        ] GC(296)    the space 21888K,   9% used [0x000012000aca0000, 0x000012000aea5db8, 0x000012000aea5e00, 0x000012000c200000)
[14.880s][debug][gc,heap        ] GC(296)  Metaspace       used 369K, committed 512K, reserved 1114112K
[14.880s][debug][gc,heap        ] GC(296)   class space    used 63K, committed 128K, reserved 1048576K
[14.880s][debug][gc,tlab        ] GC(296) TLAB totals: thrds: 2  refills: 101 max: 51 slow allocs: 0 max 0 waste:  0.3% gc: 28960B max: 28960B slow: 2384B max: 1200B
[14.880s][debug][gc,ref         ] GC(296) Skipped SoftWeakFinalRefsPhase of Reference Processing: no references
[14.880s][debug][gc,ref         ] GC(296) Skipped KeepAliveFinalRefsPhase of Reference Processing: no references
[14.880s][debug][gc,ref         ] GC(296) Skipped PhantomRefsPhase of Reference Processing: no references
[14.880s][debug][gc,phases,ref  ] GC(296) Reference Processing: 0.0ms
[14.880s][debug][gc,phases,ref  ] GC(296)   Notify Soft/WeakReferences: 0.0ms
[14.880s][debug][gc,phases,ref  ] GC(296)     SoftRef: skipped
[14.880s][debug][gc,phases,ref  ] GC(296)     WeakRef: skipped
[14.880s][debug][gc,phases,ref  ] GC(296)     FinalRef: skipped
[14.880s][debug][gc,phases,ref  ] GC(296)     Total: skipped
[14.880s][debug][gc,phases,ref  ] GC(296)   Notify and keep alive finalizable: 0.0ms
[14.880s][debug][gc,phases,ref  ] GC(296)     FinalRef: skipped
[14.880s][debug][gc,phases,ref  ] GC(296)   Notify PhantomReferences: 0.0ms
[14.880s][debug][gc,phases,ref  ] GC(296)     PhantomRef: skipped
[14.880s][debug][gc,phases,ref  ] GC(296)   SoftReference Discovered: 0, Dropped: 0, Processed: 0
[14.880s][debug][gc,phases,ref  ] GC(296)   WeakReference Discovered: 0, Dropped: 0, Processed: 0
[14.880s][debug][gc,phases,ref  ] GC(296)   FinalReference Discovered: 0, Dropped: 0, Processed: 0
[14.880s][debug][gc,phases,ref  ] GC(296)   PhantomReference Discovered: 0, Dropped: 0, Processed: 0
[14.880s][debug][gc,age         ] GC(296) Desired survivor size 557056 bytes, new threshold 15 (max threshold 15)
[14.880s][info ][gc,heap        ] GC(296) DefNew: 8832K(9920K)->0K(9920K) Eden: 8832K(8832K)->0K(8832K) From: 0K(1088K)->0K(1088K)
[14.880s][info ][gc,heap        ] GC(296) Tenured: 2071K(21888K)->2071K(21888K)
[14.880s][info ][gc,metaspace   ] GC(296) Metaspace: 369K(512K)->369K(512K) NonClass: 306K(384K)->306K(384K) Class: 63K(128K)->63K(128K)
[14.880s][debug][gc,heap        ] GC(296) Heap after GC invocations=297 (full 8):
[14.880s][debug][gc,heap        ] GC(296)  def new generation   total 9920K, used 0K [0x0000120000200000, 0x0000120000cc0000, 0x000012000aca0000)
[14.880s][debug][gc,heap        ] GC(296)   eden space 8832K,   0% used [0x0000120000200000, 0x0000120000200000, 0x0000120000aa0000)
[14.880s][debug][gc,heap        ] GC(296)   from space 1088K,   0% used [0x0000120000bb0000, 0x0000120000bb00d0, 0x0000120000cc0000)
[14.880s][debug][gc,heap        ] GC(296)   to   space 1088K,   0% used [0x0000120000aa0000, 0x0000120000aa0000, 0x0000120000bb0000)
[14.880s][debug][gc,heap        ] GC(296)  tenured generation   total 21888K, used 2071K [0x000012000aca0000, 0x000012000c200000, 0x0000120020200000)
[14.880s][debug][gc,heap        ] GC(296)    the space 21888K,   9% used [0x000012000aca0000, 0x000012000aea5db8, 0x000012000aea5e00, 0x000012000c200000)
[14.880s][debug][gc,heap        ] GC(296)  Metaspace       used 369K, committed 512K, reserved 1114112K
[14.880s][debug][gc,heap        ] GC(296)   class space    used 63K, committed 128K, reserved 1048576K
[14.880s][info ][gc             ] GC(296) Pause Young (Allocation Failure) 10M->2M(31M) 0.572ms
[14.880s][info ][gc,cpu         ] GC(296) User=0.00s Sys=0.00s Real=0.00s
[14.880s][info ][safepoint      ] Safepoint "GenCollectForAllocation", Time since last: 48624902 ns, Reaching safepoint: 3290 ns, Cleanup: 3645 ns, At safepoint: 618384 ns, Total: 625319 ns
[14.929s][info ][gc,start       ] GC(297) Pause Young (Allocation Failure)
[14.929s][debug][gc,heap        ] GC(297) Heap before GC invocations=297 (full 8):
[14.929s][debug][gc,heap        ] GC(297)  def new generation   total 9920K, used 8832K [0x0000120000200000, 0x0000120000cc0000, 0x000012000aca0000)
[14.929s][debug][gc,heap        ] GC(297)   eden space 8832K, 100% used [0x0000120000200000, 0x0000120000aa0000, 0x0000120000aa0000)
[14.929s][debug][gc,heap        ] GC(297)   from space 1088K,   0% used [0x0000120000bb0000, 0x0000120000bb00d0, 0x0000120000cc0000)
[14.929s][debug][gc,heap        ] GC(297)   to   space 1088K,   0% used [0x0000120000aa0000, 0x0000120000aa0000, 0x0000120000bb0000)
[14.929s][debug][gc,heap        ] GC(297)  tenured generation   total 21888K, used 2071K [0x000012000aca0000, 0x000012000c200000, 0x0000120020200000)
[14.929s][debug][gc,heap        ] GC(297)    the space 21888K,   9% used [0x000012000aca0000, 0x000012000aea5db8, 0x000012000aea5e00, 0x000012000c200000)
[14.929s][debug][gc,heap        ] GC(297)  Metaspace       used 369K, committed 512K, reserved 1114112K
[14.929s][debug][gc,heap        ] GC(297)   class space    used 63K, committed 128K, reserved 1048576K
[14.929s][debug][gc,tlab        ] GC(297) TLAB totals: thrds: 2  refills: 101 max: 51 slow allocs: 0 max 0 waste:  0.0% gc: 0B max: 0B slow: 2280B max: 1336B
[14.929s][debug][gc,ref         ] GC(297) Skipped SoftWeakFinalRefsPhase of Reference Processing: no references
[14.929s][debug][gc,ref         ] GC(297) Skipped KeepAliveFinalRefsPhase of Reference Processing: no references
[14.929s][debug][gc,ref         ] GC(297) Skipped PhantomRefsPhase of Reference Processing: no references
[14.929s][debug][gc,phases,ref  ] GC(297) Reference Processing: 0.0ms
[14.929s][debug][gc,phases,ref  ] GC(297)   Notify Soft/WeakReferences: 0.0ms
[14.929s][debug][gc,phases,ref  ] GC(297)     SoftRef: skipped
[14.929s][debug][gc,phases,ref  ] GC(297)     WeakRef: skipped
[14.929s][debug][gc,phases,ref  ] GC(297)     FinalRef: skipped
[14.929s][debug][gc,phases,ref  ] GC(297)     Total: skipped
[14.929s][debug][gc,phases,ref  ] GC(297)   Notify and keep alive finalizable: 0.0ms
[14.929s][debug][gc,phases,ref  ] GC(297)     FinalRef: skipped
[14.929s][debug][gc,phases,ref  ] GC(297)   Notify PhantomReferences: 0.0ms
[14.929s][debug][gc,phases,ref  ] GC(297)     PhantomRef: skipped
[14.929s][debug][gc,phases,ref  ] GC(297)   SoftReference Discovered: 0, Dropped: 0, Processed: 0
[14.929s][debug][gc,phases,ref  ] GC(297)   WeakReference Discovered: 0, Dropped: 0, Processed: 0
[14.929s][debug][gc,phases,ref  ] GC(297)   FinalReference Discovered: 0, Dropped: 0, Processed: 0
[14.929s][debug][gc,phases,ref  ] GC(297)   PhantomReference Discovered: 0, Dropped: 0, Processed: 0
[14.929s][debug][gc,age         ] GC(297) Desired survivor size 557056 bytes, new threshold 15 (max threshold 15)
[14.929s][info ][gc,heap        ] GC(297) DefNew: 8832K(9920K)->0K(9920K) Eden: 8832K(8832K)->0K(8832K) From: 0K(1088K)->0K(1088K)
[14.929s][info ][gc,heap        ] GC(297) Tenured: 2071K(21888K)->2071K(21888K)
[14.929s][info ][gc,metaspace   ] GC(297) Metaspace: 369K(512K)->369K(512K) NonClass: 306K(384K)->306K(384K) Class: 63K(128K)->63K(128K)
[14.929s][debug][gc,heap        ] GC(297) Heap after GC invocations=298 (full 8):
[14.929s][debug][gc,heap        ] GC(297)  def new generation   total 9920K, used 0K [0x0000120000200000, 0x0000120000cc0000, 0x000012000aca0000)
[14.929s][debug][gc,heap        ] GC(297)   eden space 8832K,   0% used [0x0000120000200000, 0x0000120000200000, 0x0000120000aa0000)
[14.929s][debug][gc,heap        ] GC(297)   from space 1088K,   0% used [0x0000120000aa0000, 0x0000120000aa0180, 0x0000120000bb0000)
[14.929s][debug][gc,heap        ] GC(297)   to   space 1088K,   0% used [0x0000120000bb0000, 0x0000120000bb0000, 0x0000120000cc0000)
[14.929s][debug][gc,heap        ] GC(297)  tenured generation   total 21888K, used 2071K [0x000012000aca0000, 0x000012000c200000, 0x0000120020200000)
[14.929s][debug][gc,heap        ] GC(297)    the space 21888K,   9% used [0x000012000aca0000, 0x000012000aea5db8, 0x000012000aea5e00, 0x000012000c200000)
[14.929s][debug][gc,heap        ] GC(297)  Metaspace       used 369K, committed 512K, reserved 1114112K
[14.929s][debug][gc,heap        ] GC(297)   class space    used 63K, committed 128K, reserved 1048576K
[14.929s][info ][gc             ] GC(297) Pause Young (Allocation Failure) 10M->2M(31M) 0.577ms
[14.929s][info ][gc,cpu         ] GC(297) User=0.00s Sys=0.00s Real=0.00s
[14.930s][info ][safepoint      ] Safepoint "GenCollectForAllocation", Time since last: 48514896 ns, Reaching safepoint: 3142 ns, Cleanup: 3572 ns, At safepoint: 616335 ns, Total: 623049 ns
[14.978s][info ][gc,start       ] GC(298) Pause Young (Allocation Failure)
[14.978s][debug][gc,heap        ] GC(298) Heap before GC invocations=298 (full 8):
[14.978s][debug][gc,heap        ] GC(298)  def new generation   total 9920K, used 8832K [0x0000120000200000, 0x0000120000cc0000, 0x000012000aca0000)
[14.978s][debug][gc,heap        ] GC(298)   eden space 8832K, 100% used [0x0000120000200000, 0x0000120000aa0000, 0x0000120000aa0000)
[14.978s][debug][gc,heap        ] GC(298)   from space 1088K,   0% used [0x0000120000aa0000, 0x0000120000aa0180, 0x0000120000bb0000)
[14.978s][debug][gc,heap        ] GC(298)   to   space 1088K,   0% used [0x0000120000bb0000, 0x0000120000bb0000, 0x0000120000cc0000)
[14.978s][debug][gc,heap        ] GC(298)  tenured generation   total 21888K, used 2071K [0x000012000aca0000, 0x000012000c200000, 0x0000120020200000)
[14.978s][debug][gc,heap        ] GC(298)    the space 21888K,   9% used [0x000012000aca0000, 0x000012000aea5db8, 0x000012000aea5e00, 0x000012000c200000)
[14.978s][debug][gc,heap        ] GC(298)  Metaspace       used 369K, committed 512K, reserved 1114112K
[14.978s][debug][gc,heap        ] GC(298)   class space    used 63K, committed 128K, reserved 1048576K
[14.978s][debug][gc,tlab        ] GC(298) TLAB totals: thrds: 2  refills: 101 max: 51 slow allocs: 0 max 0 waste:  0.4% gc: 37320B max: 37320B slow: 2224B max: 1400B
[14.978s][debug][gc,ref         ] GC(298) Skipped SoftWeakFinalRefsPhase of Reference Processing: no references
[14.978s][debug][gc,ref         ] GC(298) Skipped KeepAliveFinalRefsPhase of Reference Processing: no references
[14.978s][debug][gc,ref         ] GC(298) Skipped PhantomRefsPhase of Reference Processing: no references
[14.978s][debug][gc,phases,ref  ] GC(298) Reference Processing: 0.0ms
[14.978s][debug][gc,phases,ref  ] GC(298)   Notify Soft/WeakReferences: 0.0ms
[14.978s][debug][gc,phases,ref  ] GC(298)     SoftRef: skipped
[14.978s][debug][gc,phases,ref  ] GC(298)     WeakRef: skipped
[14.978s][debug][gc,phases,ref  ] GC(298)     FinalRef: skipped
[14.978s][debug][gc,phases,ref  ] GC(298)     Total: skipped
[14.978s][debug][gc,phases,ref  ] GC(298)   Notify and keep alive finalizable: 0.0ms
[14.978s][debug][gc,phases,ref  ] GC(298)     FinalRef: skipped
[14.978s][debug][gc,phases,ref  ] GC(298)   Notify PhantomReferences: 0.0ms
[14.978s][debug][gc,phases,ref  ] GC(298)     PhantomRef: skipped
[14.978s][debug][gc,phases,ref  ] GC(298)   SoftReference Discovered: 0, Dropped: 0, Processed: 0
[14.978s][debug][gc,phases,ref  ] GC(298)   WeakReference Discovered: 0, Dropped: 0, Processed: 0
[14.978s][debug][gc,phases,ref  ] GC(298)   FinalReference Discovered: 0, Dropped: 0, Processed: 0
[14.978s][debug][gc,phases,ref  ] GC(298)   PhantomReference Discovered: 0, Dropped: 0, Processed: 0
[14.978s][debug][gc,age         ] GC(298) Desired survivor size 557056 bytes, new threshold 15 (max threshold 15)
[14.978s][info ][gc,heap        ] GC(298) DefNew: 8832K(9920K)->0K(9920K) Eden: 8832K(8832K)->0K(8832K) From: 0K(1088K)->0K(1088K)
[14.978s][info ][gc,heap        ] GC(298) Tenured: 2071K(21888K)->2071K(21888K)
[14.978s][info ][gc,metaspace   ] GC(298) Metaspace: 369K(512K)->369K(512K) NonClass: 306K(384K)->306K(384K) Class: 63K(128K)->63K(128K)
[14.978s][debug][gc,heap        ] GC(298) Heap after GC invocations=299 (full 8):
[14.978s][debug][gc,heap        ] GC(298)  def new generation   total 9920K, used 0K [0x0000120000200000, 0x0000120000cc0000, 0x000012000aca0000)
[14.978s][debug][gc,heap        ] GC(298)   eden space 8832K,   0% used [0x0000120000200000, 0x0000120000200000, 0x0000120000aa0000)
[14.978s][debug][gc,heap        ] GC(298)   from space 1088K,   0% used [0x0000120000bb0000, 0x0000120000bb0160, 0x0000120000cc0000)
[14.978s][debug][gc,heap        ] GC(298)   to   space 1088K,   0% used [0x0000120000aa0000, 0x0000120000aa0000, 0x0000120000bb0000)
[14.978s][debug][gc,heap        ] GC(298)  tenured generation   total 21888K, used 2071K [0x000012000aca0000, 0x000012000c200000, 0x0000120020200000)
[14.978s][debug][gc,heap        ] GC(298)    the space 21888K,   9% used [0x000012000aca0000, 0x000012000aea5db8, 0x000012000aea5e00, 0x000012000c200000)
[14.978s][debug][gc,heap        ] GC(298)  Metaspace       used 369K, committed 512K, reserved 1114112K
[14.978s][debug][gc,heap        ] GC(298)   class space    used 63K, committed 128K, reserved 1048576K
[14.978s][info ][gc             ] GC(298) Pause Young (Allocation Failure) 10M->2M(31M) 0.601ms
[14.978s][info ][gc,cpu         ] GC(298) User=0.00s Sys=0.00s Real=0.00s
[14.978s][info ][safepoint      ] Safepoint "GenCollectForAllocation", Time since last: 48245443 ns, Reaching safepoint: 3195 ns, Cleanup: 3682 ns, At safepoint: 646571 ns, Total: 653448 ns
[15.027s][info ][gc,start       ] GC(299) Pause Young (Allocation Failure)
[15.027s][debug][gc,heap        ] GC(299) Heap before GC invocations=299 (full 8):
[15.027s][debug][gc,heap        ] GC(299)  def new generation   total 9920K, used 8832K [0x0000120000200000, 0x0000120000cc0000, 0x000012000aca0000)
[15.027s][debug][gc,heap        ] GC(299)   eden space 8832K, 100% used [0x0000120000200000, 0x0000120000aa0000, 0x0000120000aa0000)
[15.027s][debug][gc,heap        ] GC(299)   from space 1088K,   0% used [0x0000120000bb0000, 0x0000120000bb0160, 0x0000120000cc0000)
[15.027s][debug][gc,heap        ] GC(299)   to   space 1088K,   0% used [0x0000120000aa0000, 0x0000120000aa0000, 0x0000120000bb0000)
[15.027s][debug][gc,heap        ] GC(299)  tenured generation   total 21888K, used 2071K [0x000012000aca0000, 0x000012000c200000, 0x0000120020200000)
[15.027s][debug][gc,heap        ] GC(299)    the space 21888K,   9% used [0x000012000aca0000, 0x000012000aea5db8, 0x000012000aea5e00, 0x000012000c200000)
[15.027s][debug][gc,heap        ] GC(299)  Metaspace       used 369K, committed 512K, reserved 1114112K
[15.027s][debug][gc,heap        ] GC(299)   class space    used 63K, committed 128K, reserved 1048576K
[15.027s][debug][gc,tlab        ] GC(299) TLAB totals: thrds: 2  refills: 101 max: 51 slow allocs: 0 max 0 waste:  0.5% gc: 40608B max: 40608B slow: 2808B max: 1512B
[15.027s][debug][gc,ref         ] GC(299) Skipped SoftWeakFinalRefsPhase of Reference Processing: no references
[15.027s][debug][gc,ref         ] GC(299) Skipped KeepAliveFinalRefsPhase of Reference Processing: no references
[15.027s][debug][gc,ref         ] GC(299) Skipped PhantomRefsPhase of Reference Processing: no references
[15.027s][debug][gc,phases,ref  ] GC(299) Reference Processing: 0.0ms
[15.027s][debug][gc,phases,ref  ] GC(299)   Notify Soft/WeakReferences: 0.0ms
[15.027s][debug][gc,phases,ref  ] GC(299)     SoftRef: skipped
[15.027s][debug][gc,phases,ref  ] GC(299)     WeakRef: skipped
[15.027s][debug][gc,phases,ref  ] GC(299)     FinalRef: skipped
[15.027s][debug][gc,phases,ref  ] GC(299)     Total: skipped
[15.027s][debug][gc,phases,ref  ] GC(299)   Notify and keep alive finalizable: 0.0ms
[15.027s][debug][gc,phases,ref  ] GC(299)     FinalRef: skipped
[15.027s][debug][gc,phases,ref  ] GC(299)   Notify PhantomReferences: 0.0ms
[15.027s][debug][gc,phases,ref  ] GC(299)     PhantomRef: skipped
[15.027s][debug][gc,phases,ref  ] GC(299)   SoftReference Discovered: 0, Dropped: 0, Processed: 0
[15.027s][debug][gc,phases,ref  ] GC(299)   WeakReference Discovered: 0, Dropped: 0, Processed: 0
[15.027s][debug][gc,phases,ref  ] GC(299)   FinalReference Discovered: 0, Dropped: 0, Processed: 0
[15.027s][debug][gc,phases,ref  ] GC(299)   PhantomReference Discovered: 0, Dropped: 0, Processed: 0
[15.027s][debug][gc,age         ] GC(299) Desired survivor size 557056 bytes, new threshold 15 (max threshold 15)
[15.027s][info ][gc,heap        ] GC(299) DefNew: 8832K(9920K)->0K(9920K) Eden: 8832K(8832K)->0K(8832K) From: 0K(1088K)->0K(1088K)
[15.027s][info ][gc,heap        ] GC(299) Tenured: 2071K(21888K)->2071K(21888K)
[15.027s][info ][gc,metaspace   ] GC(299) Metaspace: 369K(512K)->369K(512K) NonClass: 306K(384K)->306K(384K) Class: 63K(128K)->63K(128K)
[15.027s][debug][gc,heap        ] GC(299) Heap after GC invocations=300 (full 8):
[15.027s][debug][gc,heap        ] GC(299)  def new generation   total 9920K, used 0K [0x0000120000200000, 0x0000120000cc0000, 0x000012000aca0000)
[15.027s][debug][gc,heap        ] GC(299)   eden space 8832K,   0% used [0x0000120000200000, 0x0000120000200000, 0x0000120000aa0000)
[15.027s][debug][gc,heap        ] GC(299)   from space 1088K,   0% used [0x0000120000aa0000, 0x0000120000aa0110, 0x0000120000bb0000)
[15.027s][debug][gc,heap        ] GC(299)   to   space 1088K,   0% used [0x0000120000bb0000, 0x0000120000bb0000, 0x0000120000cc0000)
[15.027s][debug][gc,heap        ] GC(299)  tenured generation   total 21888K, used 2071K [0x000012000aca0000, 0x000012000c200000, 0x0000120020200000)
[15.027s][debug][gc,heap        ] GC(299)    the space 21888K,   9% used [0x000012000aca0000, 0x000012000aea5db8, 0x000012000aea5e00, 0x000012000c200000)
[15.027s][debug][gc,heap        ] GC(299)  Metaspace       used 369K, committed 512K, reserved 1114112K
[15.027s][debug][gc,heap        ] GC(299)   class space    used 63K, committed 128K, reserved 1048576K
[15.027s][info ][gc             ] GC(299) Pause Young (Allocation Failure) 10M->2M(31M) 0.567ms
[15.027s][info ][gc,cpu         ] GC(299) User=0.00s Sys=0.00s Real=0.00s
[15.027s][info ][safepoint      ] Safepoint "GenCollectForAllocation", Time since last: 48187898 ns, Reaching safepoint: 3394 ns, Cleanup: 2992 ns, At safepoint: 611759 ns, Total: 618145 ns
[15.075s][info ][gc,start       ] GC(300) Pause Young (Allocation Failure)
[15.075s][debug][gc,heap        ] GC(300) Heap before GC invocations=300 (full 8):
[15.075s][debug][gc,heap        ] GC(300)  def new generation   total 9920K, used 8832K [0x0000120000200000, 0x0000120000cc0000, 0x000012000aca0000)
[15.075s][debug][gc,heap        ] GC(300)   eden space 8832K, 100% used [0x0000120000200000, 0x0000120000aa0000, 0x0000120000aa0000)
[15.075s][debug][gc,heap        ] GC(300)   from space 1088K,   0% used [0x0000120000aa0000, 0x0000120000aa0110, 0x0000120000bb0000)
[15.075s][debug][gc,heap        ] GC(300)   to   space 1088K,   0% used [0x0000120000bb0000, 0x0000120000bb0000, 0x0000120000cc0000)
[15.075s][debug][gc,heap        ] GC(300)  tenured generation   total 21888K, used 2071K [0x000012000aca0000, 0x000012000c200000, 0x0000120020200000)
[15.075s][debug][gc,heap        ] GC(300)    the space 21888K,   9% used [0x000012000aca0000, 0x000012000aea5db8, 0x000012000aea5e00, 0x000012000c200000)
[15.075s][debug][gc,heap        ] GC(300)  Metaspace       used 369K, committed 512K, reserved 1114112K
[15.075s][debug][gc,heap        ] GC(300)   class space    used 63K, committed 128K, reserved 1048576K
[15.075s][debug][gc,tlab        ] GC(300) TLAB totals: thrds: 2  refills: 101 max: 51 slow allocs: 0 max 0 waste:  0.0% gc: 0B max: 0B slow: 2896B max: 1536B
[15.075s][debug][gc,ref         ] GC(300) Skipped SoftWeakFinalRefsPhase of Reference Processing: no references
[15.075s][debug][gc,ref         ] GC(300) Skipped KeepAliveFinalRefsPhase of Reference Processing: no references
[15.075s][debug][gc,ref         ] GC(300) Skipped PhantomRefsPhase of Reference Processing: no references
[15.075s][debug][gc,phases,ref  ] GC(300) Reference Processing: 0.0ms
[15.075s][debug][gc,phases,ref  ] GC(300)   Notify Soft/WeakReferences: 0.0ms
[15.075s][debug][gc,phases,ref  ] GC(300)     SoftRef: skipped
[15.075s][debug][gc,phases,ref  ] GC(300)     WeakRef: skipped
[15.075s][debug][gc,phases,ref  ] GC(300)     FinalRef: skipped
[15.075s][debug][gc,phases,ref  ] GC(300)     Total: skipped
[15.075s][debug][gc,phases,ref  ] GC(300)   Notify and keep alive finalizable: 0.0ms
[15.076s][debug][gc,phases,ref  ] GC(300)     FinalRef: skipped
[15.076s][debug][gc,phases,ref  ] GC(300)   Notify PhantomReferences: 0.0ms
[15.076s][debug][gc,phases,ref  ] GC(300)     PhantomRef: skipped
[15.076s][debug][gc,phases,ref  ] GC(300)   SoftReference Discovered: 0, Dropped: 0, Processed: 0
[15.076s][debug][gc,phases,ref  ] GC(300)   WeakReference Discovered: 0, Dropped: 0, Processed: 0
[15.076s][debug][gc,phases,ref  ] GC(300)   FinalReference Discovered: 0, Dropped: 0, Processed: 0
[15.076s][debug][gc,phases,ref  ] GC(300)   PhantomReference Discovered: 0, Dropped: 0, Processed: 0
[15.076s][debug][gc,age         ] GC(300) Desired survivor size 557056 bytes, new threshold 15 (max threshold 15)
[15.076s][info ][gc,heap        ] GC(300) DefNew: 8832K(9920K)->0K(9920K) Eden: 8832K(8832K)->0K(8832K) From: 0K(1088K)->0K(1088K)
[15.076s][info ][gc,heap        ] GC(300) Tenured: 2071K(21888K)->2071K(21888K)
[15.076s][info ][gc,metaspace   ] GC(300) Metaspace: 369K(512K)->369K(512K) NonClass: 306K(384K)->306K(384K) Class: 63K(128K)->63K(128K)
[15.076s][debug][gc,heap        ] GC(300) Heap after GC invocations=301 (full 8):
[15.076s][debug][gc,heap        ] GC(300)  def new generation   total 9920K, used 0K [0x0000120000200000, 0x0000120000cc0000, 0x000012000aca0000)
[15.076s][debug][gc,heap        ] GC(300)   eden space 8832K,   0% used [0x0000120000200000, 0x0000120000200000, 0x0000120000aa0000)
[15.076s][debug][gc,heap        ] GC(300)   from space 1088K,   0% used [0x0000120000bb0000, 0x0000120000bb0130, 0x0000120000cc0000)
[15.076s][debug][gc,heap        ] GC(300)   to   space 1088K,   0% used [0x0000120000aa0000, 0x0000120000aa0000, 0x0000120000bb0000)
[15.076s][debug][gc,heap        ] GC(300)  tenured generation   total 21888K, used 2071K [0x000012000aca0000, 0x000012000c200000, 0x0000120020200000)
[15.076s][debug][gc,heap        ] GC(300)    the space 21888K,   9% used [0x000012000aca0000, 0x000012000aea5db8, 0x000012000aea5e00, 0x000012000c200000)
[15.076s][debug][gc,heap        ] GC(300)  Metaspace       used 369K, committed 512K, reserved 1114112K
[15.076s][debug][gc,heap        ] GC(300)   class space    used 63K, committed 128K, reserved 1048576K
[15.076s][info ][gc             ] GC(300) Pause Young (Allocation Failure) 10M->2M(31M) 0.729ms
[15.076s][info ][gc,cpu         ] GC(300) User=0.00s Sys=0.00s Real=0.00s
[15.076s][info ][safepoint      ] Safepoint "GenCollectForAllocation", Time since last: 47794109 ns, Reaching safepoint: 3081 ns, Cleanup: 4025 ns, At safepoint: 766305 ns, Total: 773411 ns
[15.125s][info ][gc,start       ] GC(301) Pause Young (Allocation Failure)
[15.125s][debug][gc,heap        ] GC(301) Heap before GC invocations=301 (full 8):
[15.125s][debug][gc,heap        ] GC(301)  def new generation   total 9920K, used 8832K [0x0000120000200000, 0x0000120000cc0000, 0x000012000aca0000)
[15.125s][debug][gc,heap        ] GC(301)   eden space 8832K, 100% used [0x0000120000200000, 0x0000120000aa0000, 0x0000120000aa0000)
[15.125s][debug][gc,heap        ] GC(301)   from space 1088K,   0% used [0x0000120000bb0000, 0x0000120000bb0130, 0x0000120000cc0000)
[15.125s][debug][gc,heap        ] GC(301)   to   space 1088K,   0% used [0x0000120000aa0000, 0x0000120000aa0000, 0x0000120000bb0000)
[15.125s][debug][gc,heap        ] GC(301)  tenured generation   total 21888K, used 2071K [0x000012000aca0000, 0x000012000c200000, 0x0000120020200000)
[15.125s][debug][gc,heap        ] GC(301)    the space 21888K,   9% used [0x000012000aca0000, 0x000012000aea5db8, 0x000012000aea5e00, 0x000012000c200000)
[15.125s][debug][gc,heap        ] GC(301)  Metaspace       used 369K, committed 512K, reserved 1114112K
[15.125s][debug][gc,heap        ] GC(301)   class space    used 63K, committed 128K, reserved 1048576K
[15.125s][debug][gc,tlab        ] GC(301) TLAB totals: thrds: 2  refills: 101 max: 52 slow allocs: 0 max 0 waste:  0.5% gc: 45608B max: 45608B slow: 3320B max: 1976B
[15.125s][debug][gc,ref         ] GC(301) Skipped SoftWeakFinalRefsPhase of Reference Processing: no references
[15.125s][debug][gc,ref         ] GC(301) Skipped KeepAliveFinalRefsPhase of Reference Processing: no references
[15.125s][debug][gc,ref         ] GC(301) Skipped PhantomRefsPhase of Reference Processing: no references
[15.125s][debug][gc,phases,ref  ] GC(301) Reference Processing: 0.0ms
[15.125s][debug][gc,phases,ref  ] GC(301)   Notify Soft/WeakReferences: 0.0ms
[15.125s][debug][gc,phases,ref  ] GC(301)     SoftRef: skipped
[15.125s][debug][gc,phases,ref  ] GC(301)     WeakRef: skipped
[15.125s][debug][gc,phases,ref  ] GC(301)     FinalRef: skipped
[15.125s][debug][gc,phases,ref  ] GC(301)     Total: skipped
[15.125s][debug][gc,phases,ref  ] GC(301)   Notify and keep alive finalizable: 0.0ms
[15.125s][debug][gc,phases,ref  ] GC(301)     FinalRef: skipped
[15.125s][debug][gc,phases,ref  ] GC(301)   Notify PhantomReferences: 0.0ms
[15.125s][debug][gc,phases,ref  ] GC(301)     PhantomRef: skipped
[15.125s][debug][gc,phases,ref  ] GC(301)   SoftReference Discovered: 0, Dropped: 0, Processed: 0
[15.125s][debug][gc,phases,ref  ] GC(301)   WeakReference Discovered: 0, Dropped: 0, Processed: 0
[15.125s][debug][gc,phases,ref  ] GC(301)   FinalReference Discovered: 0, Dropped: 0, Processed: 0
[15.125s][debug][gc,phases,ref  ] GC(301)   PhantomReference Discovered: 0, Dropped: 0, Processed: 0
[15.125s][debug][gc,age         ] GC(301) Desired survivor size 557056 bytes, new threshold 15 (max threshold 15)
[15.125s][info ][gc,heap        ] GC(301) DefNew: 8832K(9920K)->0K(9920K) Eden: 8832K(8832K)->0K(8832K) From: 0K(1088K)->0K(1088K)
[15.125s][info ][gc,heap        ] GC(301) Tenured: 2071K(21888K)->2071K(21888K)
[15.125s][info ][gc,metaspace   ] GC(301) Metaspace: 369K(512K)->369K(512K) NonClass: 306K(384K)->306K(384K) Class: 63K(128K)->63K(128K)
[15.125s][debug][gc,heap        ] GC(301) Heap after GC invocations=302 (full 8):
[15.125s][debug][gc,heap        ] GC(301)  def new generation   total 9920K, used 0K [0x0000120000200000, 0x0000120000cc0000, 0x000012000aca0000)
[15.125s][debug][gc,heap        ] GC(301)   eden space 8832K,   0% used [0x0000120000200000, 0x0000120000200000, 0x0000120000aa0000)
[15.125s][debug][gc,heap        ] GC(301)   from space 1088K,   0% used [0x0000120000aa0000, 0x0000120000aa00f8, 0x0000120000bb0000)
[15.125s][debug][gc,heap        ] GC(301)   to   space 1088K,   0% used [0x0000120000bb0000, 0x0000120000bb0000, 0x0000120000cc0000)
[15.125s][debug][gc,heap        ] GC(301)  tenured generation   total 21888K, used 2071K [0x000012000aca0000, 0x000012000c200000, 0x0000120020200000)
[15.125s][debug][gc,heap        ] GC(301)    the space 21888K,   9% used [0x000012000aca0000, 0x000012000aea5db8, 0x000012000aea5e00, 0x000012000c200000)
[15.125s][debug][gc,heap        ] GC(301)  Metaspace       used 369K, committed 512K, reserved 1114112K
[15.125s][debug][gc,heap        ] GC(301)   class space    used 63K, committed 128K, reserved 1048576K
[15.125s][info ][gc             ] GC(301) Pause Young (Allocation Failure) 10M->2M(31M) 0.620ms
[15.125s][info ][gc,cpu         ] GC(301) User=0.00s Sys=0.00s Real=0.00s
[15.125s][info ][safepoint      ] Safepoint "GenCollectForAllocation", Time since last: 48840954 ns, Reaching safepoint: 3553 ns, Cleanup: 3614 ns, At safepoint: 665547 ns, Total: 672714 ns
[15.174s][info ][gc,start       ] GC(302) Pause Young (Allocation Failure)
[15.174s][debug][gc,heap        ] GC(302) Heap before GC invocations=302 (full 8):
[15.174s][debug][gc,heap        ] GC(302)  def new generation   total 9920K, used 8832K [0x0000120000200000, 0x0000120000cc0000, 0x000012000aca0000)
[15.174s][debug][gc,heap        ] GC(302)   eden space 8832K, 100% used [0x0000120000200000, 0x0000120000aa0000, 0x0000120000aa0000)
[15.174s][debug][gc,heap        ] GC(302)   from space 1088K,   0% used [0x0000120000aa0000, 0x0000120000aa00f8, 0x0000120000bb0000)
[15.174s][debug][gc,heap        ] GC(302)   to   space 1088K,   0% used [0x0000120000bb0000, 0x0000120000bb0000, 0x0000120000cc0000)
[15.174s][debug][gc,heap        ] GC(302)  tenured generation   total 21888K, used 2071K [0x000012000aca0000, 0x000012000c200000, 0x0000120020200000)
[15.174s][debug][gc,heap        ] GC(302)    the space 21888K,   9% used [0x000012000aca0000, 0x000012000aea5db8, 0x000012000aea5e00, 0x000012000c200000)
[15.174s][debug][gc,heap        ] GC(302)  Metaspace       used 369K, committed 512K, reserved 1114112K
[15.174s][debug][gc,heap        ] GC(302)   class space    used 63K, committed 128K, reserved 1048576K
[15.174s][debug][gc,tlab        ] GC(302) TLAB totals: thrds: 2  refills: 101 max: 51 slow allocs: 0 max 0 waste:  0.2% gc: 15744B max: 15744B slow: 2360B max: 1360B
[15.174s][debug][gc,ref         ] GC(302) Skipped SoftWeakFinalRefsPhase of Reference Processing: no references
[15.174s][debug][gc,ref         ] GC(302) Skipped KeepAliveFinalRefsPhase of Reference Processing: no references
[15.174s][debug][gc,ref         ] GC(302) Skipped PhantomRefsPhase of Reference Processing: no references
[15.174s][debug][gc,phases,ref  ] GC(302) Reference Processing: 0.0ms
[15.174s][debug][gc,phases,ref  ] GC(302)   Notify Soft/WeakReferences: 0.0ms
[15.174s][debug][gc,phases,ref  ] GC(302)     SoftRef: skipped
[15.174s][debug][gc,phases,ref  ] GC(302)     WeakRef: skipped
[15.174s][debug][gc,phases,ref  ] GC(302)     FinalRef: skipped
[15.174s][debug][gc,phases,ref  ] GC(302)     Total: skipped
[15.174s][debug][gc,phases,ref  ] GC(302)   Notify and keep alive finalizable: 0.0ms
[15.174s][debug][gc,phases,ref  ] GC(302)     FinalRef: skipped
[15.174s][debug][gc,phases,ref  ] GC(302)   Notify PhantomReferences: 0.0ms
[15.174s][debug][gc,phases,ref  ] GC(302)     PhantomRef: skipped
[15.174s][debug][gc,phases,ref  ] GC(302)   SoftReference Discovered: 0, Dropped: 0, Processed: 0
[15.174s][debug][gc,phases,ref  ] GC(302)   WeakReference Discovered: 0, Dropped: 0, Processed: 0
[15.174s][debug][gc,phases,ref  ] GC(302)   FinalReference Discovered: 0, Dropped: 0, Processed: 0
[15.174s][debug][gc,phases,ref  ] GC(302)   PhantomReference Discovered: 0, Dropped: 0, Processed: 0
[15.174s][debug][gc,age         ] GC(302) Desired survivor size 557056 bytes, new threshold 15 (max threshold 15)
[15.174s][info ][gc,heap        ] GC(302) DefNew: 8832K(9920K)->0K(9920K) Eden: 8832K(8832K)->0K(8832K) From: 0K(1088K)->0K(1088K)
[15.174s][info ][gc,heap        ] GC(302) Tenured: 2071K(21888K)->2071K(21888K)
[15.174s][info ][gc,metaspace   ] GC(302) Metaspace: 369K(512K)->369K(512K) NonClass: 306K(384K)->306K(384K) Class: 63K(128K)->63K(128K)
[15.174s][debug][gc,heap        ] GC(302) Heap after GC invocations=303 (full 8):
[15.174s][debug][gc,heap        ] GC(302)  def new generation   total 9920K, used 0K [0x0000120000200000, 0x0000120000cc0000, 0x000012000aca0000)
[15.174s][debug][gc,heap        ] GC(302)   eden space 8832K,   0% used [0x0000120000200000, 0x0000120000200000, 0x0000120000aa0000)
[15.174s][debug][gc,heap        ] GC(302)   from space 1088K,   0% used [0x0000120000bb0000, 0x0000120000bb0168, 0x0000120000cc0000)
[15.174s][debug][gc,heap        ] GC(302)   to   space 1088K,   0% used [0x0000120000aa0000, 0x0000120000aa0000, 0x0000120000bb0000)
[15.174s][debug][gc,heap        ] GC(302)  tenured generation   total 21888K, used 2071K [0x000012000aca0000, 0x000012000c200000, 0x0000120020200000)
[15.174s][debug][gc,heap        ] GC(302)    the space 21888K,   9% used [0x000012000aca0000, 0x000012000aea5db8, 0x000012000aea5e00, 0x000012000c200000)
[15.174s][debug][gc,heap        ] GC(302)  Metaspace       used 369K, committed 512K, reserved 1114112K
[15.174s][debug][gc,heap        ] GC(302)   class space    used 63K, committed 128K, reserved 1048576K
[15.174s][info ][gc             ] GC(302) Pause Young (Allocation Failure) 10M->2M(31M) 0.574ms
[15.174s][info ][gc,cpu         ] GC(302) User=0.00s Sys=0.00s Real=0.00s
[15.174s][info ][safepoint      ] Safepoint "GenCollectForAllocation", Time since last: 48291218 ns, Reaching safepoint: 3255 ns, Cleanup: 3614 ns, At safepoint: 620547 ns, Total: 627416 ns
[15.182s][info ][gc,start       ] GC(303) Pause Full (System.gc())
[15.182s][debug][gc,heap        ] GC(303) Heap before GC invocations=303 (full 8):
[15.182s][debug][gc,heap        ] GC(303)  def new generation   total 9920K, used 1410K [0x0000120000200000, 0x0000120000cc0000, 0x000012000aca0000)
[15.182s][debug][gc,heap        ] GC(303)   eden space 8832K,  15% used [0x0000120000200000, 0x0000120000360860, 0x0000120000aa0000)
[15.182s][debug][gc,heap        ] GC(303)   from space 1088K,   0% used [0x0000120000bb0000, 0x0000120000bb0168, 0x0000120000cc0000)
[15.182s][debug][gc,heap        ] GC(303)   to   space 1088K,   0% used [0x0000120000aa0000, 0x0000120000aa0000, 0x0000120000bb0000)
[15.182s][debug][gc,heap        ] GC(303)  tenured generation   total 21888K, used 2071K [0x000012000aca0000, 0x000012000c200000, 0x0000120020200000)
[15.182s][debug][gc,heap        ] GC(303)    the space 21888K,   9% used [0x000012000aca0000, 0x000012000aea5db8, 0x000012000aea5e00, 0x000012000c200000)
[15.182s][debug][gc,heap        ] GC(303)  Metaspace       used 369K, committed 512K, reserved 1114112K
[15.182s][debug][gc,heap        ] GC(303)   class space    used 63K, committed 128K, reserved 1048576K
[15.182s][debug][gc,tlab        ] GC(303) TLAB totals: thrds: 2  refills: 16 max: 8 slow allocs: 0 max 0 waste:  3.7% gc: 53800B max: 47248B slow: 312B max: 200B
[15.182s][info ][gc,phases,start] GC(303) Phase 1: Mark live objects
[15.184s][debug][gc,phases,start] GC(303) Reference Processing
[15.184s][debug][gc,ref         ] GC(303) ReferenceProcessor::execute queues: 1, RefProcThreadModel::Single, marks_oops_alive: false
[15.184s][debug][gc,ref         ] GC(303) Skipped KeepAliveFinalRefsPhase of Reference Processing: no references
[15.184s][debug][gc,ref         ] GC(303) ReferenceProcessor::execute queues: 1, RefProcThreadModel::Single, marks_oops_alive: false
[15.184s][debug][gc,phases,ref  ] GC(303) Reference Processing: 0.1ms
[15.184s][debug][gc,phases,ref  ] GC(303)   Notify Soft/WeakReferences: 0.1ms
[15.184s][debug][gc,phases,ref  ] GC(303)     SoftRef: 0.0ms
[15.184s][debug][gc,phases,ref  ] GC(303)     WeakRef: 0.0ms
[15.184s][debug][gc,phases,ref  ] GC(303)     FinalRef: 0.0ms
[15.184s][debug][gc,phases,ref  ] GC(303)     Total: 0.0ms
[15.184s][debug][gc,phases,ref  ] GC(303)   Notify and keep alive finalizable: 0.0ms
[15.184s][debug][gc,phases,ref  ] GC(303)     FinalRef: skipped
[15.184s][debug][gc,phases,ref  ] GC(303)   Notify PhantomReferences: 0.0ms
[15.184s][debug][gc,phases,ref  ] GC(303)     PhantomRef: 0.0ms
[15.184s][debug][gc,phases,ref  ] GC(303)   SoftReference Discovered: 0, Dropped: 0, Processed: 0
[15.184s][debug][gc,phases,ref  ] GC(303)   WeakReference Discovered: 11, Dropped: 11, Processed: 0
[15.184s][debug][gc,phases,ref  ] GC(303)   FinalReference Discovered: 0, Dropped: 0, Processed: 0
[15.184s][debug][gc,phases,ref  ] GC(303)   PhantomReference Discovered: 4, Dropped: 4, Processed: 0
[15.184s][debug][gc,phases      ] GC(303) Reference Processing 0.130ms
[15.184s][debug][gc,phases,start] GC(303) Weak Processing
[15.184s][debug][gc,phases      ] GC(303) Weak Processing 0.020ms
[15.184s][debug][gc,phases,start] GC(303) Class Unloading
[15.184s][debug][gc,phases,start] GC(303) ClassLoaderData
[15.184s][debug][gc,phases      ] GC(303) ClassLoaderData 0.004ms
[15.184s][debug][gc,phases,start] GC(303) Trigger cleanups
[15.184s][debug][gc,phases      ] GC(303) Trigger cleanups 0.002ms
[15.184s][debug][gc,phases,start] GC(303) Purge Unlinked NMethods
[15.184s][debug][gc,phases      ] GC(303) Purge Unlinked NMethods 0.003ms
[15.184s][debug][gc,phases,start] GC(303) Unregister NMethods
[15.184s][debug][gc,phases      ] GC(303) Unregister NMethods 0.003ms
[15.184s][debug][gc,phases,start] GC(303) Free Code Blobs
[15.184s][debug][gc,phases      ] GC(303) Free Code Blobs 0.003ms
[15.184s][debug][gc,phases      ] GC(303) Class Unloading 0.054ms
[15.184s][debug][gc,phases,start] GC(303) Report Object Count
[15.184s][debug][gc,phases      ] GC(303) Report Object Count 0.003ms
[15.184s][info ][gc,phases      ] GC(303) Phase 1: Mark live objects 2.221ms
[15.184s][info ][gc,phases,start] GC(303) Phase 2: Compute new object addresses
[15.185s][info ][gc,phases      ] GC(303) Phase 2: Compute new object addresses 0.636ms
[15.185s][info ][gc,phases,start] GC(303) Phase 3: Adjust pointers
[15.185s][info ][gc,phases      ] GC(303) Phase 3: Adjust pointers 0.632ms
[15.185s][info ][gc,phases,start] GC(303) Phase 4: Move objects
[15.185s][info ][gc,phases      ] GC(303) Phase 4: Move objects 0.004ms
[15.185s][info ][gc,heap        ] GC(303) DefNew: 1410K(9920K)->0K(9920K) Eden: 1410K(8832K)->0K(8832K) From: 0K(1088K)->0K(1088K)
[15.185s][info ][gc,heap        ] GC(303) Tenured: 2071K(21888K)->2071K(21888K)
[15.185s][info ][gc,metaspace   ] GC(303) Metaspace: 369K(512K)->369K(512K) NonClass: 306K(384K)->306K(384K) Class: 63K(128K)->63K(128K)
[15.185s][debug][gc,heap        ] GC(303) Heap after GC invocations=304 (full 9):
[15.185s][debug][gc,heap        ] GC(303)  def new generation   total 9920K, used 0K [0x0000120000200000, 0x0000120000cc0000, 0x000012000aca0000)
[15.185s][debug][gc,heap        ] GC(303)   eden space 8832K,   0% used [0x0000120000200000, 0x0000120000200000, 0x0000120000aa0000)
[15.185s][debug][gc,heap        ] GC(303)   from space 1088K,   0% used [0x0000120000bb0000, 0x0000120000bb0000, 0x0000120000cc0000)
[15.185s][debug][gc,heap        ] GC(303)   to   space 1088K,   0% used [0x0000120000aa0000, 0x0000120000aa0000, 0x0000120000bb0000)
[15.185s][debug][gc,heap        ] GC(303)  tenured generation   total 21888K, used 2071K [0x000012000aca0000, 0x000012000c200000, 0x0000120020200000)
[15.185s][debug][gc,heap        ] GC(303)    the space 21888K,   9% used [0x000012000aca0000, 0x000012000aea5ea0, 0x000012000aea6000, 0x000012000c200000)
[15.186s][debug][gc,heap        ] GC(303)  Metaspace       used 369K, committed 512K, reserved 1114112K
[15.186s][debug][gc,heap        ] GC(303)   class space    used 63K, committed 128K, reserved 1048576K
[15.186s][info ][gc             ] GC(303) Pause Full (System.gc()) 3M->2M(31M) 3.744ms
[15.186s][info ][gc,cpu         ] GC(303) User=0.01s Sys=0.00s Real=0.01s
[15.186s][info ][safepoint      ] Safepoint "GenCollectFull", Time since last: 7544837 ns, Reaching safepoint: 3711 ns, Cleanup: 3541 ns, At safepoint: 3766089 ns, Total: 3773341 ns
[15.239s][info ][gc,start       ] GC(304) Pause Full (System.gc())
[15.239s][debug][gc,heap        ] GC(304) Heap before GC invocations=304 (full 9):
[15.239s][debug][gc,heap        ] GC(304)  def new generation   total 9920K, used 8105K [0x0000120000200000, 0x0000120000cc0000, 0x000012000aca0000)
[15.239s][debug][gc,heap        ] GC(304)   eden space 8832K,  91% used [0x0000120000200000, 0x00001200009ea400, 0x0000120000aa0000)
[15.239s][debug][gc,heap        ] GC(304)   from space 1088K,   0% used [0x0000120000bb0000, 0x0000120000bb0000, 0x0000120000cc0000)
[15.239s][debug][gc,heap        ] GC(304)   to   space 1088K,   0% used [0x0000120000aa0000, 0x0000120000aa0000, 0x0000120000bb0000)
[15.239s][debug][gc,heap        ] GC(304)  tenured generation   total 21888K, used 2071K [0x000012000aca0000, 0x000012000c200000, 0x0000120020200000)
[15.239s][debug][gc,heap        ] GC(304)    the space 21888K,   9% used [0x000012000aca0000, 0x000012000aea5ea0, 0x000012000aea6000, 0x000012000c200000)
[15.239s][debug][gc,heap        ] GC(304)  Metaspace       used 369K, committed 512K, reserved 1114112K
[15.239s][debug][gc,heap        ] GC(304)   class space    used 63K, committed 128K, reserved 1048576K
[15.239s][debug][gc,tlab        ] GC(304) TLAB totals: thrds: 2  refills: 92 max: 55 slow allocs: 0 max 0 waste:  1.0% gc: 77512B max: 66016B slow: 2120B max: 1472B
[15.239s][info ][gc,phases,start] GC(304) Phase 1: Mark live objects
[15.243s][debug][gc,phases,start] GC(304) Reference Processing
[15.243s][debug][gc,ref         ] GC(304) ReferenceProcessor::execute queues: 1, RefProcThreadModel::Single, marks_oops_alive: false
[15.243s][debug][gc,ref         ] GC(304) Skipped KeepAliveFinalRefsPhase of Reference Processing: no references
[15.243s][debug][gc,ref         ] GC(304) ReferenceProcessor::execute queues: 1, RefProcThreadModel::Single, marks_oops_alive: false
[15.243s][debug][gc,phases,ref  ] GC(304) Reference Processing: 0.1ms
[15.243s][debug][gc,phases,ref  ] GC(304)   Notify Soft/WeakReferences: 0.0ms
[15.243s][debug][gc,phases,ref  ] GC(304)     SoftRef: 0.0ms
[15.243s][debug][gc,phases,ref  ] GC(304)     WeakRef: 0.0ms
[15.243s][debug][gc,phases,ref  ] GC(304)     FinalRef: 0.0ms
[15.243s][debug][gc,phases,ref  ] GC(304)     Total: 0.0ms
[15.243s][debug][gc,phases,ref  ] GC(304)   Notify and keep alive finalizable: 0.0ms
[15.243s][debug][gc,phases,ref  ] GC(304)     FinalRef: skipped
[15.243s][debug][gc,phases,ref  ] GC(304)   Notify PhantomReferences: 0.0ms
[15.243s][debug][gc,phases,ref  ] GC(304)     PhantomRef: 0.0ms
[15.243s][debug][gc,phases,ref  ] GC(304)   SoftReference Discovered: 0, Dropped: 0, Processed: 0
[15.243s][debug][gc,phases,ref  ] GC(304)   WeakReference Discovered: 11, Dropped: 11, Processed: 0
[15.243s][debug][gc,phases,ref  ] GC(304)   FinalReference Discovered: 0, Dropped: 0, Processed: 0
[15.243s][debug][gc,phases,ref  ] GC(304)   PhantomReference Discovered: 4, Dropped: 4, Processed: 0
[15.243s][debug][gc,phases      ] GC(304) Reference Processing 0.108ms
[15.243s][debug][gc,phases,start] GC(304) Weak Processing
[15.243s][debug][gc,phases      ] GC(304) Weak Processing 0.015ms
[15.243s][debug][gc,phases,start] GC(304) Class Unloading
[15.243s][debug][gc,phases,start] GC(304) ClassLoaderData
[15.243s][debug][gc,phases      ] GC(304) ClassLoaderData 0.004ms
[15.243s][debug][gc,phases,start] GC(304) Trigger cleanups
[15.243s][debug][gc,phases      ] GC(304) Trigger cleanups 0.003ms
[15.243s][debug][gc,phases,start] GC(304) Purge Unlinked NMethods
[15.243s][debug][gc,phases      ] GC(304) Purge Unlinked NMethods 0.003ms
[15.243s][debug][gc,phases,start] GC(304) Unregister NMethods
[15.243s][debug][gc,phases      ] GC(304) Unregister NMethods 0.002ms
[15.243s][debug][gc,phases,start] GC(304) Free Code Blobs
[15.243s][debug][gc,phases      ] GC(304) Free Code Blobs 0.003ms
[15.243s][debug][gc,phases      ] GC(304) Class Unloading 0.039ms
[15.243s][debug][gc,phases,start] GC(304) Report Object Count
[15.243s][debug][gc,phases      ] GC(304) Report Object Count 0.003ms
[15.243s][info ][gc,phases      ] GC(304) Phase 1: Mark live objects 3.620ms
[15.243s][info ][gc,phases,start] GC(304) Phase 2: Compute new object addresses
[15.245s][info ][gc,phases      ] GC(304) Phase 2: Compute new object addresses 1.784ms
[15.245s][info ][gc,phases,start] GC(304) Phase 3: Adjust pointers
[15.245s][info ][gc,phases      ] GC(304) Phase 3: Adjust pointers 0.600ms
[15.245s][info ][gc,phases,start] GC(304) Phase 4: Move objects
[15.245s][info ][gc,phases      ] GC(304) Phase 4: Move objects 0.004ms
[15.245s][info ][gc,heap        ] GC(304) DefNew: 8105K(9920K)->0K(9920K) Eden: 8105K(8832K)->0K(8832K) From: 0K(1088K)->0K(1088K)
[15.245s][info ][gc,heap        ] GC(304) Tenured: 2071K(21888K)->2071K(21888K)
[15.245s][info ][gc,metaspace   ] GC(304) Metaspace: 369K(512K)->369K(512K) NonClass: 306K(384K)->306K(384K) Class: 63K(128K)->63K(128K)
[15.245s][debug][gc,heap        ] GC(304) Heap after GC invocations=305 (full 10):
[15.245s][debug][gc,heap        ] GC(304)  def new generation   total 9920K, used 0K [0x0000120000200000, 0x0000120000cc0000, 0x000012000aca0000)
[15.245s][debug][gc,heap        ] GC(304)   eden space 8832K,   0% used [0x0000120000200000, 0x0000120000200000, 0x0000120000aa0000)
[15.245s][debug][gc,heap        ] GC(304)   from space 1088K,   0% used [0x0000120000bb0000, 0x0000120000bb0000, 0x0000120000cc0000)
[15.245s][debug][gc,heap        ] GC(304)   to   space 1088K,   0% used [0x0000120000aa0000, 0x0000120000aa0000, 0x0000120000bb0000)
[15.245s][debug][gc,heap        ] GC(304)  tenured generation   total 21888K, used 2071K [0x000012000aca0000, 0x000012000c200000, 0x0000120020200000)
[15.245s][debug][gc,heap        ] GC(304)    the space 21888K,   9% used [0x000012000aca0000, 0x000012000aea5fc0, 0x000012000aea6000, 0x000012000c200000)
[15.245s][debug][gc,heap        ] GC(304)  Metaspace       used 369K, committed 512K, reserved 1114112K
[15.245s][debug][gc,heap        ] GC(304)   class space    used 63K, committed 128K, reserved 1048576K
[15.245s][info ][gc             ] GC(304) Pause Full (System.gc()) 9M->2M(31M) 6.272ms
[15.245s][info ][gc,cpu         ] GC(304) User=0.01s Sys=0.00s Real=0.01s
[15.245s][info ][safepoint      ] Safepoint "GenCollectFull", Time since last: 53536318 ns, Reaching safepoint: 76711 ns, Cleanup: 3319 ns, At safepoint: 6292033 ns, Total: 6372063 ns
[15.306s][info ][gc,start       ] GC(305) Pause Young (Allocation Failure)
[15.306s][debug][gc,heap        ] GC(305) Heap before GC invocations=305 (full 10):
[15.306s][debug][gc,heap        ] GC(305)  def new generation   total 9920K, used 8832K [0x0000120000200000, 0x0000120000cc0000, 0x000012000aca0000)
[15.306s][debug][gc,heap        ] GC(305)   eden space 8832K, 100% used [0x0000120000200000, 0x0000120000aa0000, 0x0000120000aa0000)
[15.306s][debug][gc,heap        ] GC(305)   from space 1088K,   0% used [0x0000120000bb0000, 0x0000120000bb0000, 0x0000120000cc0000)
[15.306s][debug][gc,heap        ] GC(305)   to   space 1088K,   0% used [0x0000120000aa0000, 0x0000120000aa0000, 0x0000120000bb0000)
[15.306s][debug][gc,heap        ] GC(305)  tenured generation   total 21888K, used 2071K [0x000012000aca0000, 0x000012000c200000, 0x0000120020200000)
[15.306s][debug][gc,heap        ] GC(305)    the space 21888K,   9% used [0x000012000aca0000, 0x000012000aea5fc0, 0x000012000aea6000, 0x000012000c200000)
[15.306s][debug][gc,heap        ] GC(305)  Metaspace       used 369K, committed 512K, reserved 1114112K
[15.306s][debug][gc,heap        ] GC(305)   class space    used 63K, committed 128K, reserved 1048576K
[15.306s][debug][gc,tlab        ] GC(305) TLAB totals: thrds: 2  refills: 103 max: 65 slow allocs: 0 max 0 waste:  0.3% gc: 21184B max: 21184B slow: 2624B max: 1648B
[15.306s][debug][gc,ref         ] GC(305) Skipped SoftWeakFinalRefsPhase of Reference Processing: no references
[15.306s][debug][gc,ref         ] GC(305) Skipped KeepAliveFinalRefsPhase of Reference Processing: no references
[15.306s][debug][gc,ref         ] GC(305) Skipped PhantomRefsPhase of Reference Processing: no references
[15.306s][debug][gc,phases,ref  ] GC(305) Reference Processing: 0.0ms
[15.306s][debug][gc,phases,ref  ] GC(305)   Notify Soft/WeakReferences: 0.0ms
[15.306s][debug][gc,phases,ref  ] GC(305)     SoftRef: skipped
[15.306s][debug][gc,phases,ref  ] GC(305)     WeakRef: skipped
[15.306s][debug][gc,phases,ref  ] GC(305)     FinalRef: skipped
[15.306s][debug][gc,phases,ref  ] GC(305)     Total: skipped
[15.306s][debug][gc,phases,ref  ] GC(305)   Notify and keep alive finalizable: 0.0ms
[15.306s][debug][gc,phases,ref  ] GC(305)     FinalRef: skipped
[15.306s][debug][gc,phases,ref  ] GC(305)   Notify PhantomReferences: 0.0ms
[15.306s][debug][gc,phases,ref  ] GC(305)     PhantomRef: skipped
[15.306s][debug][gc,phases,ref  ] GC(305)   SoftReference Discovered: 0, Dropped: 0, Processed: 0
[15.306s][debug][gc,phases,ref  ] GC(305)   WeakReference Discovered: 0, Dropped: 0, Processed: 0
[15.306s][debug][gc,phases,ref  ] GC(305)   FinalReference Discovered: 0, Dropped: 0, Processed: 0
[15.306s][debug][gc,phases,ref  ] GC(305)   PhantomReference Discovered: 0, Dropped: 0, Processed: 0
[15.306s][debug][gc,age         ] GC(305) Desired survivor size 557056 bytes, new threshold 15 (max threshold 15)
[15.306s][info ][gc,heap        ] GC(305) DefNew: 8832K(9920K)->0K(9920K) Eden: 8832K(8832K)->0K(8832K) From: 0K(1088K)->0K(1088K)
[15.306s][info ][gc,heap        ] GC(305) Tenured: 2071K(21888K)->2071K(21888K)
[15.306s][info ][gc,metaspace   ] GC(305) Metaspace: 369K(512K)->369K(512K) NonClass: 306K(384K)->306K(384K) Class: 63K(128K)->63K(128K)
[15.306s][debug][gc,heap        ] GC(305) Heap after GC invocations=306 (full 10):
[15.306s][debug][gc,heap        ] GC(305)  def new generation   total 9920K, used 0K [0x0000120000200000, 0x0000120000cc0000, 0x000012000aca0000)
[15.306s][debug][gc,heap        ] GC(305)   eden space 8832K,   0% used [0x0000120000200000, 0x0000120000200000, 0x0000120000aa0000)
[15.306s][debug][gc,heap        ] GC(305)   from space 1088K,   0% used [0x0000120000aa0000, 0x0000120000aa01b0, 0x0000120000bb0000)
[15.306s][debug][gc,heap        ] GC(305)   to   space 1088K,   0% used [0x0000120000bb0000, 0x0000120000bb0000, 0x0000120000cc0000)
[15.306s][debug][gc,heap        ] GC(305)  tenured generation   total 21888K, used 2071K [0x000012000aca0000, 0x000012000c200000, 0x0000120020200000)
[15.306s][debug][gc,heap        ] GC(305)    the space 21888K,   9% used [0x000012000aca0000, 0x000012000aea5fc0, 0x000012000aea6000, 0x000012000c200000)
[15.306s][debug][gc,heap        ] GC(305)  Metaspace       used 369K, committed 512K, reserved 1114112K
[15.306s][debug][gc,heap        ] GC(305)   class space    used 63K, committed 128K, reserved 1048576K
[15.306s][info ][gc             ] GC(305) Pause Young (Allocation Failure) 10M->2M(31M) 0.443ms
[15.306s][info ][gc,cpu         ] GC(305) User=0.00s Sys=0.00s Real=0.00s
[15.306s][info ][safepoint      ] Safepoint "GenCollectForAllocation", Time since last: 60584483 ns, Reaching safepoint: 3694 ns, Cleanup: 3999 ns, At safepoint: 463778 ns, Total: 471471 ns
[15.365s][info ][gc,start       ] GC(306) Pause Young (Allocation Failure)
[15.365s][debug][gc,heap        ] GC(306) Heap before GC invocations=306 (full 10):
[15.365s][debug][gc,heap        ] GC(306)  def new generation   total 9920K, used 8832K [0x0000120000200000, 0x0000120000cc0000, 0x000012000aca0000)
[15.365s][debug][gc,heap        ] GC(306)   eden space 8832K, 100% used [0x0000120000200000, 0x0000120000aa0000, 0x0000120000aa0000)
[15.365s][debug][gc,heap        ] GC(306)   from space 1088K,   0% used [0x0000120000aa0000, 0x0000120000aa01b0, 0x0000120000bb0000)
[15.365s][debug][gc,heap        ] GC(306)   to   space 1088K,   0% used [0x0000120000bb0000, 0x0000120000bb0000, 0x0000120000cc0000)
[15.365s][debug][gc,heap        ] GC(306)  tenured generation   total 21888K, used 2071K [0x000012000aca0000, 0x000012000c200000, 0x0000120020200000)
[15.365s][debug][gc,heap        ] GC(306)    the space 21888K,   9% used [0x000012000aca0000, 0x000012000aea5fc0, 0x000012000aea6000, 0x000012000c200000)
[15.365s][debug][gc,heap        ] GC(306)  Metaspace       used 369K, committed 512K, reserved 1114112K
[15.365s][debug][gc,heap        ] GC(306)   class space    used 63K, committed 128K, reserved 1048576K
[15.365s][debug][gc,tlab        ] GC(306) TLAB totals: thrds: 2  refills: 100 max: 60 slow allocs: 0 max 0 waste:  0.4% gc: 30608B max: 30608B slow: 2400B max: 1224B
[15.365s][debug][gc,ref         ] GC(306) Skipped SoftWeakFinalRefsPhase of Reference Processing: no references
[15.365s][debug][gc,ref         ] GC(306) Skipped KeepAliveFinalRefsPhase of Reference Processing: no references
[15.365s][debug][gc,ref         ] GC(306) Skipped PhantomRefsPhase of Reference Processing: no references
[15.365s][debug][gc,phases,ref  ] GC(306) Reference Processing: 0.0ms
[15.365s][debug][gc,phases,ref  ] GC(306)   Notify Soft/WeakReferences: 0.0ms
[15.365s][debug][gc,phases,ref  ] GC(306)     SoftRef: skipped
[15.365s][debug][gc,phases,ref  ] GC(306)     WeakRef: skipped
[15.365s][debug][gc,phases,ref  ] GC(306)     FinalRef: skipped
[15.365s][debug][gc,phases,ref  ] GC(306)     Total: skipped
[15.365s][debug][gc,phases,ref  ] GC(306)   Notify and keep alive finalizable: 0.0ms
[15.365s][debug][gc,phases,ref  ] GC(306)     FinalRef: skipped
[15.365s][debug][gc,phases,ref  ] GC(306)   Notify PhantomReferences: 0.0ms
[15.365s][debug][gc,phases,ref  ] GC(306)     PhantomRef: skipped
[15.365s][debug][gc,phases,ref  ] GC(306)   SoftReference Discovered: 0, Dropped: 0, Processed: 0
[15.365s][debug][gc,phases,ref  ] GC(306)   WeakReference Discovered: 0, Dropped: 0, Processed: 0
[15.365s][debug][gc,phases,ref  ] GC(306)   FinalReference Discovered: 0, Dropped: 0, Processed: 0
[15.365s][debug][gc,phases,ref  ] GC(306)   PhantomReference Discovered: 0, Dropped: 0, Processed: 0
[15.365s][debug][gc,age         ] GC(306) Desired survivor size 557056 bytes, new threshold 15 (max threshold 15)
[15.365s][info ][gc,heap        ] GC(306) DefNew: 8832K(9920K)->0K(9920K) Eden: 8832K(8832K)->0K(8832K) From: 0K(1088K)->0K(1088K)
[15.365s][info ][gc,heap        ] GC(306) Tenured: 2071K(21888K)->2071K(21888K)
[15.365s][info ][gc,metaspace   ] GC(306) Metaspace: 369K(512K)->369K(512K) NonClass: 306K(384K)->306K(384K) Class: 63K(128K)->63K(128K)
[15.365s][debug][gc,heap        ] GC(306) Heap after GC invocations=307 (full 10):
[15.365s][debug][gc,heap        ] GC(306)  def new generation   total 9920K, used 0K [0x0000120000200000, 0x0000120000cc0000, 0x000012000aca0000)
[15.365s][debug][gc,heap        ] GC(306)   eden space 8832K,   0% used [0x0000120000200000, 0x0000120000200000, 0x0000120000aa0000)
[15.365s][debug][gc,heap        ] GC(306)   from space 1088K,   0% used [0x0000120000bb0000, 0x0000120000bb00f0, 0x0000120000cc0000)
[15.365s][debug][gc,heap        ] GC(306)   to   space 1088K,   0% used [0x0000120000aa0000, 0x0000120000aa0000, 0x0000120000bb0000)
[15.365s][debug][gc,heap        ] GC(306)  tenured generation   total 21888K, used 2071K [0x000012000aca0000, 0x000012000c200000, 0x0000120020200000)
[15.365s][debug][gc,heap        ] GC(306)    the space 21888K,   9% used [0x000012000aca0000, 0x000012000aea5fc0, 0x000012000aea6000, 0x000012000c200000)
[15.365s][debug][gc,heap        ] GC(306)  Metaspace       used 369K, committed 512K, reserved 1114112K
[15.365s][debug][gc,heap        ] GC(306)   class space    used 63K, committed 128K, reserved 1048576K
[15.365s][info ][gc             ] GC(306) Pause Young (Allocation Failure) 10M->2M(31M) 0.581ms
[15.365s][info ][gc,cpu         ] GC(306) User=0.00s Sys=0.00s Real=0.00s
[15.365s][info ][safepoint      ] Safepoint "GenCollectForAllocation", Time since last: 58295051 ns, Reaching safepoint: 76806 ns, Cleanup: 3357 ns, At safepoint: 625422 ns, Total: 705585 ns
[15.413s][info ][gc,start       ] GC(307) Pause Young (Allocation Failure)
[15.413s][debug][gc,heap        ] GC(307) Heap before GC invocations=307 (full 10):
[15.413s][debug][gc,heap        ] GC(307)  def new generation   total 9920K, used 8832K [0x0000120000200000, 0x0000120000cc0000, 0x000012000aca0000)
[15.413s][debug][gc,heap        ] GC(307)   eden space 8832K, 100% used [0x0000120000200000, 0x0000120000aa0000, 0x0000120000aa0000)
[15.413s][debug][gc,heap        ] GC(307)   from space 1088K,   0% used [0x0000120000bb0000, 0x0000120000bb00f0, 0x0000120000cc0000)
[15.413s][debug][gc,heap        ] GC(307)   to   space 1088K,   0% used [0x0000120000aa0000, 0x0000120000aa0000, 0x0000120000bb0000)
[15.413s][debug][gc,heap        ] GC(307)  tenured generation   total 21888K, used 2071K [0x000012000aca0000, 0x000012000c200000, 0x0000120020200000)
[15.413s][debug][gc,heap        ] GC(307)    the space 21888K,   9% used [0x000012000aca0000, 0x000012000aea5fc0, 0x000012000aea6000, 0x000012000c200000)
[15.413s][debug][gc,heap        ] GC(307)  Metaspace       used 369K, committed 512K, reserved 1114112K
[15.413s][debug][gc,heap        ] GC(307)   class space    used 63K, committed 128K, reserved 1048576K
[15.414s][debug][gc,tlab        ] GC(307) TLAB totals: thrds: 2  refills: 101 max: 55 slow allocs: 0 max 0 waste:  0.1% gc: 9696B max: 9696B slow: 2224B max: 1472B
[15.414s][debug][gc,ref         ] GC(307) Skipped SoftWeakFinalRefsPhase of Reference Processing: no references
[15.414s][debug][gc,ref         ] GC(307) Skipped KeepAliveFinalRefsPhase of Reference Processing: no references
[15.414s][debug][gc,ref         ] GC(307) Skipped PhantomRefsPhase of Reference Processing: no references
[15.414s][debug][gc,phases,ref  ] GC(307) Reference Processing: 0.0ms
[15.414s][debug][gc,phases,ref  ] GC(307)   Notify Soft/WeakReferences: 0.0ms
[15.414s][debug][gc,phases,ref  ] GC(307)     SoftRef: skipped
[15.414s][debug][gc,phases,ref  ] GC(307)     WeakRef: skipped
[15.414s][debug][gc,phases,ref  ] GC(307)     FinalRef: skipped
[15.414s][debug][gc,phases,ref  ] GC(307)     Total: skipped
[15.414s][debug][gc,phases,ref  ] GC(307)   Notify and keep alive finalizable: 0.0ms
[15.414s][debug][gc,phases,ref  ] GC(307)     FinalRef: skipped
[15.414s][debug][gc,phases,ref  ] GC(307)   Notify PhantomReferences: 0.0ms
[15.414s][debug][gc,phases,ref  ] GC(307)     PhantomRef: skipped
[15.414s][debug][gc,phases,ref  ] GC(307)   SoftReference Discovered: 0, Dropped: 0, Processed: 0
[15.414s][debug][gc,phases,ref  ] GC(307)   WeakReference Discovered: 0, Dropped: 0, Processed: 0
[15.414s][debug][gc,phases,ref  ] GC(307)   FinalReference Discovered: 0, Dropped: 0, Processed: 0
[15.414s][debug][gc,phases,ref  ] GC(307)   PhantomReference Discovered: 0, Dropped: 0, Processed: 0
[15.414s][debug][gc,age         ] GC(307) Desired survivor size 557056 bytes, new threshold 15 (max threshold 15)
[15.414s][info ][gc,heap        ] GC(307) DefNew: 8832K(9920K)->0K(9920K) Eden: 8832K(8832K)->0K(8832K) From: 0K(1088K)->0K(1088K)
[15.414s][info ][gc,heap        ] GC(307) Tenured: 2071K(21888K)->2071K(21888K)
[15.414s][info ][gc,metaspace   ] GC(307) Metaspace: 369K(512K)->369K(512K) NonClass: 306K(384K)->306K(384K) Class: 63K(128K)->63K(128K)
[15.414s][debug][gc,heap        ] GC(307) Heap after GC invocations=308 (full 10):
[15.414s][debug][gc,heap        ] GC(307)  def new generation   total 9920K, used 0K [0x0000120000200000, 0x0000120000cc0000, 0x000012000aca0000)
[15.414s][debug][gc,heap        ] GC(307)   eden space 8832K,   0% used [0x0000120000200000, 0x0000120000200000, 0x0000120000aa0000)
[15.414s][debug][gc,heap        ] GC(307)   from space 1088K,   0% used [0x0000120000aa0000, 0x0000120000aa0108, 0x0000120000bb0000)
[15.414s][debug][gc,heap        ] GC(307)   to   space 1088K,   0% used [0x0000120000bb0000, 0x0000120000bb0000, 0x0000120000cc0000)
[15.414s][debug][gc,heap        ] GC(307)  tenured generation   total 21888K, used 2071K [0x000012000aca0000, 0x000012000c200000, 0x0000120020200000)
[15.414s][debug][gc,heap        ] GC(307)    the space 21888K,   9% used [0x000012000aca0000, 0x000012000aea5fc0, 0x000012000aea6000, 0x000012000c200000)
[15.414s][debug][gc,heap        ] GC(307)  Metaspace       used 369K, committed 512K, reserved 1114112K
[15.414s][debug][gc,heap        ] GC(307)   class space    used 63K, committed 128K, reserved 1048576K
[15.414s][info ][gc             ] GC(307) Pause Young (Allocation Failure) 10M->2M(31M) 0.598ms
[15.414s][info ][gc,cpu         ] GC(307) User=0.00s Sys=0.00s Real=0.00s
[15.414s][info ][safepoint      ] Safepoint "GenCollectForAllocation", Time since last: 47839112 ns, Reaching safepoint: 3610 ns, Cleanup: 3698 ns, At safepoint: 644946 ns, Total: 652254 ns
[15.461s][info ][gc,start       ] GC(308) Pause Young (Allocation Failure)
[15.461s][debug][gc,heap        ] GC(308) Heap before GC invocations=308 (full 10):
[15.461s][debug][gc,heap        ] GC(308)  def new generation   total 9920K, used 8832K [0x0000120000200000, 0x0000120000cc0000, 0x000012000aca0000)
[15.461s][debug][gc,heap        ] GC(308)   eden space 8832K, 100% used [0x0000120000200000, 0x0000120000aa0000, 0x0000120000aa0000)
[15.461s][debug][gc,heap        ] GC(308)   from space 1088K,   0% used [0x0000120000aa0000, 0x0000120000aa0108, 0x0000120000bb0000)
[15.461s][debug][gc,heap        ] GC(308)   to   space 1088K,   0% used [0x0000120000bb0000, 0x0000120000bb0000, 0x0000120000cc0000)
[15.461s][debug][gc,heap        ] GC(308)  tenured generation   total 21888K, used 2071K [0x000012000aca0000, 0x000012000c200000, 0x0000120020200000)
[15.461s][debug][gc,heap        ] GC(308)    the space 21888K,   9% used [0x000012000aca0000, 0x000012000aea5fc0, 0x000012000aea6000, 0x000012000c200000)
[15.461s][debug][gc,heap        ] GC(308)  Metaspace       used 369K, committed 512K, reserved 1114112K
[15.461s][debug][gc,heap        ] GC(308)   class space    used 63K, committed 128K, reserved 1048576K
[15.461s][debug][gc,tlab        ] GC(308) TLAB totals: thrds: 2  refills: 101 max: 53 slow allocs: 0 max 0 waste:  0.2% gc: 15400B max: 15400B slow: 2432B max: 1352B
[15.461s][debug][gc,ref         ] GC(308) Skipped SoftWeakFinalRefsPhase of Reference Processing: no references
[15.461s][debug][gc,ref         ] GC(308) Skipped KeepAliveFinalRefsPhase of Reference Processing: no references
[15.461s][debug][gc,ref         ] GC(308) Skipped PhantomRefsPhase of Reference Processing: no references
[15.461s][debug][gc,phases,ref  ] GC(308) Reference Processing: 0.0ms
[15.461s][debug][gc,phases,ref  ] GC(308)   Notify Soft/WeakReferences: 0.0ms
[15.461s][debug][gc,phases,ref  ] GC(308)     SoftRef: skipped
[15.461s][debug][gc,phases,ref  ] GC(308)     WeakRef: skipped
[15.461s][debug][gc,phases,ref  ] GC(308)     FinalRef: skipped
[15.461s][debug][gc,phases,ref  ] GC(308)     Total: skipped
[15.461s][debug][gc,phases,ref  ] GC(308)   Notify and keep alive finalizable: 0.0ms
[15.461s][debug][gc,phases,ref  ] GC(308)     FinalRef: skipped
[15.461s][debug][gc,phases,ref  ] GC(308)   Notify PhantomReferences: 0.0ms
[15.461s][debug][gc,phases,ref  ] GC(308)     PhantomRef: skipped
[15.461s][debug][gc,phases,ref  ] GC(308)   SoftReference Discovered: 0, Dropped: 0, Processed: 0
[15.461s][debug][gc,phases,ref  ] GC(308)   WeakReference Discovered: 0, Dropped: 0, Processed: 0
[15.461s][debug][gc,phases,ref  ] GC(308)   FinalReference Discovered: 0, Dropped: 0, Processed: 0
[15.461s][debug][gc,phases,ref  ] GC(308)   PhantomReference Discovered: 0, Dropped: 0, Processed: 0
[15.461s][debug][gc,age         ] GC(308) Desired survivor size 557056 bytes, new threshold 15 (max threshold 15)
[15.461s][info ][gc,heap        ] GC(308) DefNew: 8832K(9920K)->0K(9920K) Eden: 8832K(8832K)->0K(8832K) From: 0K(1088K)->0K(1088K)
[15.461s][info ][gc,heap        ] GC(308) Tenured: 2071K(21888K)->2071K(21888K)
[15.461s][info ][gc,metaspace   ] GC(308) Metaspace: 369K(512K)->369K(512K) NonClass: 306K(384K)->306K(384K) Class: 63K(128K)->63K(128K)
[15.461s][debug][gc,heap        ] GC(308) Heap after GC invocations=309 (full 10):
[15.461s][debug][gc,heap        ] GC(308)  def new generation   total 9920K, used 0K [0x0000120000200000, 0x0000120000cc0000, 0x000012000aca0000)
[15.461s][debug][gc,heap        ] GC(308)   eden space 8832K,   0% used [0x0000120000200000, 0x0000120000200000, 0x0000120000aa0000)
[15.461s][debug][gc,heap        ] GC(308)   from space 1088K,   0% used [0x0000120000bb0000, 0x0000120000bb0160, 0x0000120000cc0000)
[15.461s][debug][gc,heap        ] GC(308)   to   space 1088K,   0% used [0x0000120000aa0000, 0x0000120000aa0000, 0x0000120000bb0000)
[15.461s][debug][gc,heap        ] GC(308)  tenured generation   total 21888K, used 2071K [0x000012000aca0000, 0x000012000c200000, 0x0000120020200000)
[15.462s][debug][gc,heap        ] GC(308)    the space 21888K,   9% used [0x000012000aca0000, 0x000012000aea5fc0, 0x000012000aea6000, 0x000012000c200000)
[15.462s][debug][gc,heap        ] GC(308)  Metaspace       used 369K, committed 512K, reserved 1114112K
[15.462s][debug][gc,heap        ] GC(308)   class space    used 63K, committed 128K, reserved 1048576K
[15.462s][info ][gc             ] GC(308) Pause Young (Allocation Failure) 10M->2M(31M) 0.584ms
[15.462s][info ][gc,cpu         ] GC(308) User=0.00s Sys=0.00s Real=0.00s
[15.462s][info ][safepoint      ] Safepoint "GenCollectForAllocation", Time since last: 46972626 ns, Reaching safepoint: 3369 ns, Cleanup: 3932 ns, At safepoint: 630486 ns, Total: 637787 ns
[15.509s][info ][gc,start       ] GC(309) Pause Young (Allocation Failure)
[15.509s][debug][gc,heap        ] GC(309) Heap before GC invocations=309 (full 10):
[15.509s][debug][gc,heap        ] GC(309)  def new generation   total 9920K, used 8832K [0x0000120000200000, 0x0000120000cc0000, 0x000012000aca0000)
[15.509s][debug][gc,heap        ] GC(309)   eden space 8832K, 100% used [0x0000120000200000, 0x0000120000aa0000, 0x0000120000aa0000)
[15.509s][debug][gc,heap        ] GC(309)   from space 1088K,   0% used [0x0000120000bb0000, 0x0000120000bb0160, 0x0000120000cc0000)
[15.509s][debug][gc,heap        ] GC(309)   to   space 1088K,   0% used [0x0000120000aa0000, 0x0000120000aa0000, 0x0000120000bb0000)
[15.509s][debug][gc,heap        ] GC(309)  tenured generation   total 21888K, used 2071K [0x000012000aca0000, 0x000012000c200000, 0x0000120020200000)
[15.509s][debug][gc,heap        ] GC(309)    the space 21888K,   9% used [0x000012000aca0000, 0x000012000aea5fc0, 0x000012000aea6000, 0x000012000c200000)
[15.509s][debug][gc,heap        ] GC(309)  Metaspace       used 369K, committed 512K, reserved 1114112K
[15.509s][debug][gc,heap        ] GC(309)   class space    used 63K, committed 128K, reserved 1048576K
[15.509s][debug][gc,tlab        ] GC(309) TLAB totals: thrds: 2  refills: 101 max: 53 slow allocs: 0 max 0 waste:  0.3% gc: 20368B max: 20368B slow: 2656B max: 1376B
[15.509s][debug][gc,ref         ] GC(309) Skipped SoftWeakFinalRefsPhase of Reference Processing: no references
[15.509s][debug][gc,ref         ] GC(309) Skipped KeepAliveFinalRefsPhase of Reference Processing: no references
[15.509s][debug][gc,ref         ] GC(309) Skipped PhantomRefsPhase of Reference Processing: no references
[15.509s][debug][gc,phases,ref  ] GC(309) Reference Processing: 0.0ms
[15.509s][debug][gc,phases,ref  ] GC(309)   Notify Soft/WeakReferences: 0.0ms
[15.509s][debug][gc,phases,ref  ] GC(309)     SoftRef: skipped
[15.509s][debug][gc,phases,ref  ] GC(309)     WeakRef: skipped
[15.509s][debug][gc,phases,ref  ] GC(309)     FinalRef: skipped
[15.509s][debug][gc,phases,ref  ] GC(309)     Total: skipped
[15.509s][debug][gc,phases,ref  ] GC(309)   Notify and keep alive finalizable: 0.0ms
[15.509s][debug][gc,phases,ref  ] GC(309)     FinalRef: skipped
[15.509s][debug][gc,phases,ref  ] GC(309)   Notify PhantomReferences: 0.0ms
[15.509s][debug][gc,phases,ref  ] GC(309)     PhantomRef: skipped
[15.509s][debug][gc,phases,ref  ] GC(309)   SoftReference Discovered: 0, Dropped: 0, Processed: 0
[15.509s][debug][gc,phases,ref  ] GC(309)   WeakReference Discovered: 0, Dropped: 0, Processed: 0
[15.509s][debug][gc,phases,ref  ] GC(309)   FinalReference Discovered: 0, Dropped: 0, Processed: 0
[15.509s][debug][gc,phases,ref  ] GC(309)   PhantomReference Discovered: 0, Dropped: 0, Processed: 0
[15.509s][debug][gc,age         ] GC(309) Desired survivor size 557056 bytes, new threshold 15 (max threshold 15)
[15.509s][info ][gc,heap        ] GC(309) DefNew: 8832K(9920K)->0K(9920K) Eden: 8832K(8832K)->0K(8832K) From: 0K(1088K)->0K(1088K)
[15.509s][info ][gc,heap        ] GC(309) Tenured: 2071K(21888K)->2071K(21888K)
[15.509s][info ][gc,metaspace   ] GC(309) Metaspace: 369K(512K)->369K(512K) NonClass: 306K(384K)->306K(384K) Class: 63K(128K)->63K(128K)
[15.509s][debug][gc,heap        ] GC(309) Heap after GC invocations=310 (full 10):
[15.509s][debug][gc,heap        ] GC(309)  def new generation   total 9920K, used 0K [0x0000120000200000, 0x0000120000cc0000, 0x000012000aca0000)
[15.509s][debug][gc,heap        ] GC(309)   eden space 8832K,   0% used [0x0000120000200000, 0x0000120000200000, 0x0000120000aa0000)
[15.509s][debug][gc,heap        ] GC(309)   from space 1088K,   0% used [0x0000120000aa0000, 0x0000120000aa0188, 0x0000120000bb0000)
[15.509s][debug][gc,heap        ] GC(309)   to   space 1088K,   0% used [0x0000120000bb0000, 0x0000120000bb0000, 0x0000120000cc0000)
[15.509s][debug][gc,heap        ] GC(309)  tenured generation   total 21888K, used 2071K [0x000012000aca0000, 0x000012000c200000, 0x0000120020200000)
[15.509s][debug][gc,heap        ] GC(309)    the space 21888K,   9% used [0x000012000aca0000, 0x000012000aea5fc0, 0x000012000aea6000, 0x000012000c200000)
[15.509s][debug][gc,heap        ] GC(309)  Metaspace       used 369K, committed 512K, reserved 1114112K
[15.509s][debug][gc,heap        ] GC(309)   class space    used 63K, committed 128K, reserved 1048576K
[15.509s][info ][gc             ] GC(309) Pause Young (Allocation Failure) 10M->2M(31M) 0.577ms
[15.509s][info ][gc,cpu         ] GC(309) User=0.00s Sys=0.00s Real=0.00s
[15.510s][info ][safepoint      ] Safepoint "GenCollectForAllocation", Time since last: 47289924 ns, Reaching safepoint: 3416 ns, Cleanup: 3828 ns, At safepoint: 623867 ns, Total: 631111 ns
[15.558s][info ][gc,start       ] GC(310) Pause Young (Allocation Failure)
[15.558s][debug][gc,heap        ] GC(310) Heap before GC invocations=310 (full 10):
[15.558s][debug][gc,heap        ] GC(310)  def new generation   total 9920K, used 8832K [0x0000120000200000, 0x0000120000cc0000, 0x000012000aca0000)
[15.558s][debug][gc,heap        ] GC(310)   eden space 8832K, 100% used [0x0000120000200000, 0x0000120000aa0000, 0x0000120000aa0000)
[15.558s][debug][gc,heap        ] GC(310)   from space 1088K,   0% used [0x0000120000aa0000, 0x0000120000aa0188, 0x0000120000bb0000)
[15.558s][debug][gc,heap        ] GC(310)   to   space 1088K,   0% used [0x0000120000bb0000, 0x0000120000bb0000, 0x0000120000cc0000)
[15.558s][debug][gc,heap        ] GC(310)  tenured generation   total 21888K, used 2071K [0x000012000aca0000, 0x000012000c200000, 0x0000120020200000)
[15.558s][debug][gc,heap        ] GC(310)    the space 21888K,   9% used [0x000012000aca0000, 0x000012000aea5fc0, 0x000012000aea6000, 0x000012000c200000)
[15.558s][debug][gc,heap        ] GC(310)  Metaspace       used 369K, committed 512K, reserved 1114112K
[15.558s][debug][gc,heap        ] GC(310)   class space    used 63K, committed 128K, reserved 1048576K
[15.558s][debug][gc,tlab        ] GC(310) TLAB totals: thrds: 2  refills: 101 max: 51 slow allocs: 0 max 0 waste:  0.0% gc: 0B max: 0B slow: 2192B max: 1160B
[15.558s][debug][gc,ref         ] GC(310) Skipped SoftWeakFinalRefsPhase of Reference Processing: no references
[15.558s][debug][gc,ref         ] GC(310) Skipped KeepAliveFinalRefsPhase of Reference Processing: no references
[15.558s][debug][gc,ref         ] GC(310) Skipped PhantomRefsPhase of Reference Processing: no references
[15.558s][debug][gc,phases,ref  ] GC(310) Reference Processing: 0.0ms
[15.558s][debug][gc,phases,ref  ] GC(310)   Notify Soft/WeakReferences: 0.0ms
[15.558s][debug][gc,phases,ref  ] GC(310)     SoftRef: skipped
[15.558s][debug][gc,phases,ref  ] GC(310)     WeakRef: skipped
[15.558s][debug][gc,phases,ref  ] GC(310)     FinalRef: skipped
[15.558s][debug][gc,phases,ref  ] GC(310)     Total: skipped
[15.558s][debug][gc,phases,ref  ] GC(310)   Notify and keep alive finalizable: 0.0ms
[15.558s][debug][gc,phases,ref  ] GC(310)     FinalRef: skipped
[15.558s][debug][gc,phases,ref  ] GC(310)   Notify PhantomReferences: 0.0ms
[15.558s][debug][gc,phases,ref  ] GC(310)     PhantomRef: skipped
[15.558s][debug][gc,phases,ref  ] GC(310)   SoftReference Discovered: 0, Dropped: 0, Processed: 0
[15.558s][debug][gc,phases,ref  ] GC(310)   WeakReference Discovered: 0, Dropped: 0, Processed: 0
[15.558s][debug][gc,phases,ref  ] GC(310)   FinalReference Discovered: 0, Dropped: 0, Processed: 0
[15.558s][debug][gc,phases,ref  ] GC(310)   PhantomReference Discovered: 0, Dropped: 0, Processed: 0
[15.558s][debug][gc,age         ] GC(310) Desired survivor size 557056 bytes, new threshold 15 (max threshold 15)
[15.558s][info ][gc,heap        ] GC(310) DefNew: 8832K(9920K)->0K(9920K) Eden: 8832K(8832K)->0K(8832K) From: 0K(1088K)->0K(1088K)
[15.558s][info ][gc,heap        ] GC(310) Tenured: 2071K(21888K)->2071K(21888K)
[15.558s][info ][gc,metaspace   ] GC(310) Metaspace: 369K(512K)->369K(512K) NonClass: 306K(384K)->306K(384K) Class: 63K(128K)->63K(128K)
[15.558s][debug][gc,heap        ] GC(310) Heap after GC invocations=311 (full 10):
[15.558s][debug][gc,heap        ] GC(310)  def new generation   total 9920K, used 0K [0x0000120000200000, 0x0000120000cc0000, 0x000012000aca0000)
[15.558s][debug][gc,heap        ] GC(310)   eden space 8832K,   0% used [0x0000120000200000, 0x0000120000200000, 0x0000120000aa0000)
[15.558s][debug][gc,heap        ] GC(310)   from space 1088K,   0% used [0x0000120000bb0000, 0x0000120000bb0168, 0x0000120000cc0000)
[15.558s][debug][gc,heap        ] GC(310)   to   space 1088K,   0% used [0x0000120000aa0000, 0x0000120000aa0000, 0x0000120000bb0000)
[15.558s][debug][gc,heap        ] GC(310)  tenured generation   total 21888K, used 2071K [0x000012000aca0000, 0x000012000c200000, 0x0000120020200000)
[15.558s][debug][gc,heap        ] GC(310)    the space 21888K,   9% used [0x000012000aca0000, 0x000012000aea5fc0, 0x000012000aea6000, 0x000012000c200000)
[15.558s][debug][gc,heap        ] GC(310)  Metaspace       used 369K, committed 512K, reserved 1114112K
[15.558s][debug][gc,heap        ] GC(310)   class space    used 63K, committed 128K, reserved 1048576K
[15.558s][info ][gc             ] GC(310) Pause Young (Allocation Failure) 10M->2M(31M) 0.506ms
[15.558s][info ][gc,cpu         ] GC(310) User=0.00s Sys=0.00s Real=0.00s
[15.558s][info ][safepoint      ] Safepoint "GenCollectForAllocation", Time since last: 48387066 ns, Reaching safepoint: 3069 ns, Cleanup: 3542 ns, At safepoint: 524651 ns, Total: 531262 ns
[15.617s][info ][gc,start       ] GC(311) Pause Young (Allocation Failure)
[15.617s][debug][gc,heap        ] GC(311) Heap before GC invocations=311 (full 10):
[15.617s][debug][gc,heap        ] GC(311)  def new generation   total 9920K, used 8832K [0x0000120000200000, 0x0000120000cc0000, 0x000012000aca0000)
[15.617s][debug][gc,heap        ] GC(311)   eden space 8832K, 100% used [0x0000120000200000, 0x0000120000aa0000, 0x0000120000aa0000)
[15.617s][debug][gc,heap        ] GC(311)   from space 1088K,   0% used [0x0000120000bb0000, 0x0000120000bb0168, 0x0000120000cc0000)
[15.617s][debug][gc,heap        ] GC(311)   to   space 1088K,   0% used [0x0000120000aa0000, 0x0000120000aa0000, 0x0000120000bb0000)
[15.617s][debug][gc,heap        ] GC(311)  tenured generation   total 21888K, used 2071K [0x000012000aca0000, 0x000012000c200000, 0x0000120020200000)
[15.617s][debug][gc,heap        ] GC(311)    the space 21888K,   9% used [0x000012000aca0000, 0x000012000aea5fc0, 0x000012000aea6000, 0x000012000c200000)
[15.617s][debug][gc,heap        ] GC(311)  Metaspace       used 369K, committed 512K, reserved 1114112K
[15.617s][debug][gc,heap        ] GC(311)   class space    used 63K, committed 128K, reserved 1048576K
[15.617s][debug][gc,tlab        ] GC(311) TLAB totals: thrds: 2  refills: 100 max: 60 slow allocs: 0 max 0 waste:  0.1% gc: 5616B max: 5616B slow: 2240B max: 1576B
[15.617s][debug][gc,ref         ] GC(311) Skipped SoftWeakFinalRefsPhase of Reference Processing: no references
[15.617s][debug][gc,ref         ] GC(311) Skipped KeepAliveFinalRefsPhase of Reference Processing: no references
[15.617s][debug][gc,ref         ] GC(311) Skipped PhantomRefsPhase of Reference Processing: no references
[15.617s][debug][gc,phases,ref  ] GC(311) Reference Processing: 0.0ms
[15.617s][debug][gc,phases,ref  ] GC(311)   Notify Soft/WeakReferences: 0.0ms
[15.617s][debug][gc,phases,ref  ] GC(311)     SoftRef: skipped
[15.617s][debug][gc,phases,ref  ] GC(311)     WeakRef: skipped
[15.617s][debug][gc,phases,ref  ] GC(311)     FinalRef: skipped
[15.617s][debug][gc,phases,ref  ] GC(311)     Total: skipped
[15.617s][debug][gc,phases,ref  ] GC(311)   Notify and keep alive finalizable: 0.0ms
[15.617s][debug][gc,phases,ref  ] GC(311)     FinalRef: skipped
[15.617s][debug][gc,phases,ref  ] GC(311)   Notify PhantomReferences: 0.0ms
[15.617s][debug][gc,phases,ref  ] GC(311)     PhantomRef: skipped
[15.617s][debug][gc,phases,ref  ] GC(311)   SoftReference Discovered: 0, Dropped: 0, Processed: 0
[15.617s][debug][gc,phases,ref  ] GC(311)   WeakReference Discovered: 0, Dropped: 0, Processed: 0
[15.617s][debug][gc,phases,ref  ] GC(311)   FinalReference Discovered: 0, Dropped: 0, Processed: 0
[15.617s][debug][gc,phases,ref  ] GC(311)   PhantomReference Discovered: 0, Dropped: 0, Processed: 0
[15.617s][debug][gc,age         ] GC(311) Desired survivor size 557056 bytes, new threshold 15 (max threshold 15)
[15.617s][info ][gc,heap        ] GC(311) DefNew: 8832K(9920K)->0K(9920K) Eden: 8832K(8832K)->0K(8832K) From: 0K(1088K)->0K(1088K)
[15.617s][info ][gc,heap        ] GC(311) Tenured: 2071K(21888K)->2071K(21888K)
[15.617s][info ][gc,metaspace   ] GC(311) Metaspace: 369K(512K)->369K(512K) NonClass: 306K(384K)->306K(384K) Class: 63K(128K)->63K(128K)
[15.617s][debug][gc,heap        ] GC(311) Heap after GC invocations=312 (full 10):
[15.617s][debug][gc,heap        ] GC(311)  def new generation   total 9920K, used 0K [0x0000120000200000, 0x0000120000cc0000, 0x000012000aca0000)
[15.617s][debug][gc,heap        ] GC(311)   eden space 8832K,   0% used [0x0000120000200000, 0x0000120000200000, 0x0000120000aa0000)
[15.618s][debug][gc,heap        ] GC(311)   from space 1088K,   0% used [0x0000120000aa0000, 0x0000120000aa0188, 0x0000120000bb0000)
[15.618s][debug][gc,heap        ] GC(311)   to   space 1088K,   0% used [0x0000120000bb0000, 0x0000120000bb0000, 0x0000120000cc0000)
[15.618s][debug][gc,heap        ] GC(311)  tenured generation   total 21888K, used 2071K [0x000012000aca0000, 0x000012000c200000, 0x0000120020200000)
[15.618s][debug][gc,heap        ] GC(311)    the space 21888K,   9% used [0x000012000aca0000, 0x000012000aea5fc0, 0x000012000aea6000, 0x000012000c200000)
[15.618s][debug][gc,heap        ] GC(311)  Metaspace       used 369K, committed 512K, reserved 1114112K
[15.618s][debug][gc,heap        ] GC(311)   class space    used 63K, committed 128K, reserved 1048576K
[15.618s][info ][gc             ] GC(311) Pause Young (Allocation Failure) 10M->2M(31M) 0.584ms
[15.618s][info ][gc,cpu         ] GC(311) User=0.00s Sys=0.00s Real=0.00s
[15.618s][info ][safepoint      ] Safepoint "GenCollectForAllocation", Time since last: 58545822 ns, Reaching safepoint: 3459 ns, Cleanup: 3587 ns, At safepoint: 630620 ns, Total: 637666 ns
[15.665s][info ][gc,start       ] GC(312) Pause Young (Allocation Failure)
[15.666s][debug][gc,heap        ] GC(312) Heap before GC invocations=312 (full 10):
[15.666s][debug][gc,heap        ] GC(312)  def new generation   total 9920K, used 8832K [0x0000120000200000, 0x0000120000cc0000, 0x000012000aca0000)
[15.666s][debug][gc,heap        ] GC(312)   eden space 8832K, 100% used [0x0000120000200000, 0x0000120000aa0000, 0x0000120000aa0000)
[15.666s][debug][gc,heap        ] GC(312)   from space 1088K,   0% used [0x0000120000aa0000, 0x0000120000aa0188, 0x0000120000bb0000)
[15.666s][debug][gc,heap        ] GC(312)   to   space 1088K,   0% used [0x0000120000bb0000, 0x0000120000bb0000, 0x0000120000cc0000)
[15.666s][debug][gc,heap        ] GC(312)  tenured generation   total 21888K, used 2071K [0x000012000aca0000, 0x000012000c200000, 0x0000120020200000)
[15.666s][debug][gc,heap        ] GC(312)    the space 21888K,   9% used [0x000012000aca0000, 0x000012000aea5fc0, 0x000012000aea6000, 0x000012000c200000)
[15.666s][debug][gc,heap        ] GC(312)  Metaspace       used 369K, committed 512K, reserved 1114112K
[15.666s][debug][gc,heap        ] GC(312)   class space    used 63K, committed 128K, reserved 1048576K
[15.666s][debug][gc,tlab        ] GC(312) TLAB totals: thrds: 2  refills: 102 max: 55 slow allocs: 0 max 0 waste:  0.2% gc: 14800B max: 14800B slow: 2720B max: 1504B
[15.666s][debug][gc,ref         ] GC(312) Skipped SoftWeakFinalRefsPhase of Reference Processing: no references
[15.666s][debug][gc,ref         ] GC(312) Skipped KeepAliveFinalRefsPhase of Reference Processing: no references
[15.666s][debug][gc,ref         ] GC(312) Skipped PhantomRefsPhase of Reference Processing: no references
[15.666s][debug][gc,phases,ref  ] GC(312) Reference Processing: 0.0ms
[15.666s][debug][gc,phases,ref  ] GC(312)   Notify Soft/WeakReferences: 0.0ms
[15.666s][debug][gc,phases,ref  ] GC(312)     SoftRef: skipped
[15.666s][debug][gc,phases,ref  ] GC(312)     WeakRef: skipped
[15.666s][debug][gc,phases,ref  ] GC(312)     FinalRef: skipped
[15.666s][debug][gc,phases,ref  ] GC(312)     Total: skipped
[15.666s][debug][gc,phases,ref  ] GC(312)   Notify and keep alive finalizable: 0.0ms
[15.666s][debug][gc,phases,ref  ] GC(312)     FinalRef: skipped
[15.666s][debug][gc,phases,ref  ] GC(312)   Notify PhantomReferences: 0.0ms
[15.666s][debug][gc,phases,ref  ] GC(312)     PhantomRef: skipped
[15.666s][debug][gc,phases,ref  ] GC(312)   SoftReference Discovered: 0, Dropped: 0, Processed: 0
[15.666s][debug][gc,phases,ref  ] GC(312)   WeakReference Discovered: 0, Dropped: 0, Processed: 0
[15.666s][debug][gc,phases,ref  ] GC(312)   FinalReference Discovered: 0, Dropped: 0, Processed: 0
[15.666s][debug][gc,phases,ref  ] GC(312)   PhantomReference Discovered: 0, Dropped: 0, Processed: 0
[15.666s][debug][gc,age         ] GC(312) Desired survivor size 557056 bytes, new threshold 15 (max threshold 15)
[15.666s][info ][gc,heap        ] GC(312) DefNew: 8832K(9920K)->0K(9920K) Eden: 8832K(8832K)->0K(8832K) From: 0K(1088K)->0K(1088K)
[15.666s][info ][gc,heap        ] GC(312) Tenured: 2071K(21888K)->2071K(21888K)
[15.666s][info ][gc,metaspace   ] GC(312) Metaspace: 369K(512K)->369K(512K) NonClass: 306K(384K)->306K(384K) Class: 63K(128K)->63K(128K)
[15.666s][debug][gc,heap        ] GC(312) Heap after GC invocations=313 (full 10):
[15.666s][debug][gc,heap        ] GC(312)  def new generation   total 9920K, used 0K [0x0000120000200000, 0x0000120000cc0000, 0x000012000aca0000)
[15.666s][debug][gc,heap        ] GC(312)   eden space 8832K,   0% used [0x0000120000200000, 0x0000120000200000, 0x0000120000aa0000)
[15.666s][debug][gc,heap        ] GC(312)   from space 1088K,   0% used [0x0000120000bb0000, 0x0000120000bb0150, 0x0000120000cc0000)
[15.666s][debug][gc,heap        ] GC(312)   to   space 1088K,   0% used [0x0000120000aa0000, 0x0000120000aa0000, 0x0000120000bb0000)
[15.666s][debug][gc,heap        ] GC(312)  tenured generation   total 21888K, used 2071K [0x000012000aca0000, 0x000012000c200000, 0x0000120020200000)
[15.666s][debug][gc,heap        ] GC(312)    the space 21888K,   9% used [0x000012000aca0000, 0x000012000aea5fc0, 0x000012000aea6000, 0x000012000c200000)
[15.666s][debug][gc,heap        ] GC(312)  Metaspace       used 369K, committed 512K, reserved 1114112K
[15.666s][debug][gc,heap        ] GC(312)   class space    used 63K, committed 128K, reserved 1048576K
[15.666s][info ][gc             ] GC(312) Pause Young (Allocation Failure) 10M->2M(31M) 0.584ms
[15.666s][info ][gc,cpu         ] GC(312) User=0.01s Sys=0.00s Real=0.00s
[15.666s][info ][safepoint      ] Safepoint "GenCollectForAllocation", Time since last: 47851496 ns, Reaching safepoint: 3553 ns, Cleanup: 3574 ns, At safepoint: 630414 ns, Total: 637541 ns
[15.714s][info ][gc,start       ] GC(313) Pause Young (Allocation Failure)
[15.714s][debug][gc,heap        ] GC(313) Heap before GC invocations=313 (full 10):
[15.714s][debug][gc,heap        ] GC(313)  def new generation   total 9920K, used 8832K [0x0000120000200000, 0x0000120000cc0000, 0x000012000aca0000)
[15.714s][debug][gc,heap        ] GC(313)   eden space 8832K, 100% used [0x0000120000200000, 0x0000120000aa0000, 0x0000120000aa0000)
[15.714s][debug][gc,heap        ] GC(313)   from space 1088K,   0% used [0x0000120000bb0000, 0x0000120000bb0150, 0x0000120000cc0000)
[15.714s][debug][gc,heap        ] GC(313)   to   space 1088K,   0% used [0x0000120000aa0000, 0x0000120000aa0000, 0x0000120000bb0000)
[15.714s][debug][gc,heap        ] GC(313)  tenured generation   total 21888K, used 2071K [0x000012000aca0000, 0x000012000c200000, 0x0000120020200000)
[15.714s][debug][gc,heap        ] GC(313)    the space 21888K,   9% used [0x000012000aca0000, 0x000012000aea5fc0, 0x000012000aea6000, 0x000012000c200000)
[15.714s][debug][gc,heap        ] GC(313)  Metaspace       used 369K, committed 512K, reserved 1114112K
[15.714s][debug][gc,heap        ] GC(313)   class space    used 63K, committed 128K, reserved 1048576K
[15.714s][debug][gc,tlab        ] GC(313) TLAB totals: thrds: 2  refills: 101 max: 54 slow allocs: 0 max 0 waste:  0.4% gc: 35168B max: 35168B slow: 2696B max: 1440B
[15.714s][debug][gc,ref         ] GC(313) Skipped SoftWeakFinalRefsPhase of Reference Processing: no references
[15.714s][debug][gc,ref         ] GC(313) Skipped KeepAliveFinalRefsPhase of Reference Processing: no references
[15.714s][debug][gc,ref         ] GC(313) Skipped PhantomRefsPhase of Reference Processing: no references
[15.714s][debug][gc,phases,ref  ] GC(313) Reference Processing: 0.0ms
[15.714s][debug][gc,phases,ref  ] GC(313)   Notify Soft/WeakReferences: 0.0ms
[15.714s][debug][gc,phases,ref  ] GC(313)     SoftRef: skipped
[15.714s][debug][gc,phases,ref  ] GC(313)     WeakRef: skipped
[15.714s][debug][gc,phases,ref  ] GC(313)     FinalRef: skipped
[15.714s][debug][gc,phases,ref  ] GC(313)     Total: skipped
[15.714s][debug][gc,phases,ref  ] GC(313)   Notify and keep alive finalizable: 0.0ms
[15.714s][debug][gc,phases,ref  ] GC(313)     FinalRef: skipped
[15.714s][debug][gc,phases,ref  ] GC(313)   Notify PhantomReferences: 0.0ms
[15.714s][debug][gc,phases,ref  ] GC(313)     PhantomRef: skipped
[15.714s][debug][gc,phases,ref  ] GC(313)   SoftReference Discovered: 0, Dropped: 0, Processed: 0
[15.714s][debug][gc,phases,ref  ] GC(313)   WeakReference Discovered: 0, Dropped: 0, Processed: 0
[15.714s][debug][gc,phases,ref  ] GC(313)   FinalReference Discovered: 0, Dropped: 0, Processed: 0
[15.714s][debug][gc,phases,ref  ] GC(313)   PhantomReference Discovered: 0, Dropped: 0, Processed: 0
[15.714s][debug][gc,age         ] GC(313) Desired survivor size 557056 bytes, new threshold 15 (max threshold 15)
[15.714s][info ][gc,heap        ] GC(313) DefNew: 8832K(9920K)->0K(9920K) Eden: 8832K(8832K)->0K(8832K) From: 0K(1088K)->0K(1088K)
[15.714s][info ][gc,heap        ] GC(313) Tenured: 2071K(21888K)->2071K(21888K)
[15.714s][info ][gc,metaspace   ] GC(313) Metaspace: 369K(512K)->369K(512K) NonClass: 306K(384K)->306K(384K) Class: 63K(128K)->63K(128K)
[15.714s][debug][gc,heap        ] GC(313) Heap after GC invocations=314 (full 10):
[15.714s][debug][gc,heap        ] GC(313)  def new generation   total 9920K, used 0K [0x0000120000200000, 0x0000120000cc0000, 0x000012000aca0000)
[15.714s][debug][gc,heap        ] GC(313)   eden space 8832K,   0% used [0x0000120000200000, 0x0000120000200000, 0x0000120000aa0000)
[15.714s][debug][gc,heap        ] GC(313)   from space 1088K,   0% used [0x0000120000aa0000, 0x0000120000aa0150, 0x0000120000bb0000)
[15.714s][debug][gc,heap        ] GC(313)   to   space 1088K,   0% used [0x0000120000bb0000, 0x0000120000bb0000, 0x0000120000cc0000)
[15.714s][debug][gc,heap        ] GC(313)  tenured generation   total 21888K, used 2071K [0x000012000aca0000, 0x000012000c200000, 0x0000120020200000)
[15.714s][debug][gc,heap        ] GC(313)    the space 21888K,   9% used [0x000012000aca0000, 0x000012000aea5fc0, 0x000012000aea6000, 0x000012000c200000)
[15.714s][debug][gc,heap        ] GC(313)  Metaspace       used 369K, committed 512K, reserved 1114112K
[15.714s][debug][gc,heap        ] GC(313)   class space    used 63K, committed 128K, reserved 1048576K
[15.714s][info ][gc             ] GC(313) Pause Young (Allocation Failure) 10M->2M(31M) 0.581ms
[15.714s][info ][gc,cpu         ] GC(313) User=0.00s Sys=0.00s Real=0.00s
[15.714s][info ][safepoint      ] Safepoint "GenCollectForAllocation", Time since last: 47488364 ns, Reaching safepoint: 3630 ns, Cleanup: 3828 ns, At safepoint: 628029 ns, Total: 635487 ns
[15.764s][info ][gc,start       ] GC(314) Pause Young (Allocation Failure)
[15.764s][debug][gc,heap        ] GC(314) Heap before GC invocations=314 (full 10):
[15.764s][debug][gc,heap        ] GC(314)  def new generation   total 9920K, used 8832K [0x0000120000200000, 0x0000120000cc0000, 0x000012000aca0000)
[15.764s][debug][gc,heap        ] GC(314)   eden space 8832K, 100% used [0x0000120000200000, 0x0000120000aa0000, 0x0000120000aa0000)
[15.764s][debug][gc,heap        ] GC(314)   from space 1088K,   0% used [0x0000120000aa0000, 0x0000120000aa0150, 0x0000120000bb0000)
[15.764s][debug][gc,heap        ] GC(314)   to   space 1088K,   0% used [0x0000120000bb0000, 0x0000120000bb0000, 0x0000120000cc0000)
[15.764s][debug][gc,heap        ] GC(314)  tenured generation   total 21888K, used 2071K [0x000012000aca0000, 0x000012000c200000, 0x0000120020200000)
[15.764s][debug][gc,heap        ] GC(314)    the space 21888K,   9% used [0x000012000aca0000, 0x000012000aea5fc0, 0x000012000aea6000, 0x000012000c200000)
[15.764s][debug][gc,heap        ] GC(314)  Metaspace       used 369K, committed 512K, reserved 1114112K
[15.764s][debug][gc,heap        ] GC(314)   class space    used 63K, committed 128K, reserved 1048576K
[15.764s][debug][gc,tlab        ] GC(314) TLAB totals: thrds: 2  refills: 101 max: 54 slow allocs: 0 max 0 waste:  0.3% gc: 26760B max: 26760B slow: 2920B max: 1512B
[15.764s][debug][gc,ref         ] GC(314) Skipped SoftWeakFinalRefsPhase of Reference Processing: no references
[15.764s][debug][gc,ref         ] GC(314) Skipped KeepAliveFinalRefsPhase of Reference Processing: no references
[15.764s][debug][gc,ref         ] GC(314) Skipped PhantomRefsPhase of Reference Processing: no references
[15.764s][debug][gc,phases,ref  ] GC(314) Reference Processing: 0.0ms
[15.764s][debug][gc,phases,ref  ] GC(314)   Notify Soft/WeakReferences: 0.0ms
[15.764s][debug][gc,phases,ref  ] GC(314)     SoftRef: skipped
[15.764s][debug][gc,phases,ref  ] GC(314)     WeakRef: skipped
[15.764s][debug][gc,phases,ref  ] GC(314)     FinalRef: skipped
[15.764s][debug][gc,phases,ref  ] GC(314)     Total: skipped
[15.764s][debug][gc,phases,ref  ] GC(314)   Notify and keep alive finalizable: 0.0ms
[15.764s][debug][gc,phases,ref  ] GC(314)     FinalRef: skipped
[15.764s][debug][gc,phases,ref  ] GC(314)   Notify PhantomReferences: 0.0ms
[15.764s][debug][gc,phases,ref  ] GC(314)     PhantomRef: skipped
[15.764s][debug][gc,phases,ref  ] GC(314)   SoftReference Discovered: 0, Dropped: 0, Processed: 0
[15.764s][debug][gc,phases,ref  ] GC(314)   WeakReference Discovered: 0, Dropped: 0, Processed: 0
[15.764s][debug][gc,phases,ref  ] GC(314)   FinalReference Discovered: 0, Dropped: 0, Processed: 0
[15.764s][debug][gc,phases,ref  ] GC(314)   PhantomReference Discovered: 0, Dropped: 0, Processed: 0
[15.764s][debug][gc,age         ] GC(314) Desired survivor size 557056 bytes, new threshold 15 (max threshold 15)
[15.764s][info ][gc,heap        ] GC(314) DefNew: 8832K(9920K)->0K(9920K) Eden: 8832K(8832K)->0K(8832K) From: 0K(1088K)->0K(1088K)
[15.764s][info ][gc,heap        ] GC(314) Tenured: 2071K(21888K)->2071K(21888K)
[15.764s][info ][gc,metaspace   ] GC(314) Metaspace: 369K(512K)->369K(512K) NonClass: 306K(384K)->306K(384K) Class: 63K(128K)->63K(128K)
[15.764s][debug][gc,heap        ] GC(314) Heap after GC invocations=315 (full 10):
[15.764s][debug][gc,heap        ] GC(314)  def new generation   total 9920K, used 0K [0x0000120000200000, 0x0000120000cc0000, 0x000012000aca0000)
[15.764s][debug][gc,heap        ] GC(314)   eden space 8832K,   0% used [0x0000120000200000, 0x0000120000200000, 0x0000120000aa0000)
[15.764s][debug][gc,heap        ] GC(314)   from space 1088K,   0% used [0x0000120000bb0000, 0x0000120000bb0168, 0x0000120000cc0000)
[15.764s][debug][gc,heap        ] GC(314)   to   space 1088K,   0% used [0x0000120000aa0000, 0x0000120000aa0000, 0x0000120000bb0000)
[15.764s][debug][gc,heap        ] GC(314)  tenured generation   total 21888K, used 2071K [0x000012000aca0000, 0x000012000c200000, 0x0000120020200000)
[15.764s][debug][gc,heap        ] GC(314)    the space 21888K,   9% used [0x000012000aca0000, 0x000012000aea5fc0, 0x000012000aea6000, 0x000012000c200000)
[15.764s][debug][gc,heap        ] GC(314)  Metaspace       used 369K, committed 512K, reserved 1114112K
[15.764s][debug][gc,heap        ] GC(314)   class space    used 63K, committed 128K, reserved 1048576K
[15.764s][info ][gc             ] GC(314) Pause Young (Allocation Failure) 10M->2M(31M) 0.586ms
[15.764s][info ][gc,cpu         ] GC(314) User=0.00s Sys=0.00s Real=0.00s
[15.764s][info ][safepoint      ] Safepoint "GenCollectForAllocation", Time since last: 49431470 ns, Reaching safepoint: 3519 ns, Cleanup: 3578 ns, At safepoint: 639262 ns, Total: 646359 ns
[15.812s][info ][gc,start       ] GC(315) Pause Young (Allocation Failure)
[15.812s][debug][gc,heap        ] GC(315) Heap before GC invocations=315 (full 10):
[15.812s][debug][gc,heap        ] GC(315)  def new generation   total 9920K, used 8832K [0x0000120000200000, 0x0000120000cc0000, 0x000012000aca0000)
[15.812s][debug][gc,heap        ] GC(315)   eden space 8832K, 100% used [0x0000120000200000, 0x0000120000aa0000, 0x0000120000aa0000)
[15.812s][debug][gc,heap        ] GC(315)   from space 1088K,   0% used [0x0000120000bb0000, 0x0000120000bb0168, 0x0000120000cc0000)
[15.812s][debug][gc,heap        ] GC(315)   to   space 1088K,   0% used [0x0000120000aa0000, 0x0000120000aa0000, 0x0000120000bb0000)
[15.812s][debug][gc,heap        ] GC(315)  tenured generation   total 21888K, used 2071K [0x000012000aca0000, 0x000012000c200000, 0x0000120020200000)
[15.812s][debug][gc,heap        ] GC(315)    the space 21888K,   9% used [0x000012000aca0000, 0x000012000aea5fc0, 0x000012000aea6000, 0x000012000c200000)
[15.812s][debug][gc,heap        ] GC(315)  Metaspace       used 369K, committed 512K, reserved 1114112K
[15.812s][debug][gc,heap        ] GC(315)   class space    used 63K, committed 128K, reserved 1048576K
[15.812s][debug][gc,tlab        ] GC(315) TLAB totals: thrds: 2  refills: 101 max: 51 slow allocs: 0 max 0 waste:  0.1% gc: 6264B max: 6264B slow: 2552B max: 1360B
[15.812s][debug][gc,ref         ] GC(315) Skipped SoftWeakFinalRefsPhase of Reference Processing: no references
[15.812s][debug][gc,ref         ] GC(315) Skipped KeepAliveFinalRefsPhase of Reference Processing: no references
[15.812s][debug][gc,ref         ] GC(315) Skipped PhantomRefsPhase of Reference Processing: no references
[15.812s][debug][gc,phases,ref  ] GC(315) Reference Processing: 0.0ms
[15.812s][debug][gc,phases,ref  ] GC(315)   Notify Soft/WeakReferences: 0.0ms
[15.812s][debug][gc,phases,ref  ] GC(315)     SoftRef: skipped
[15.812s][debug][gc,phases,ref  ] GC(315)     WeakRef: skipped
[15.812s][debug][gc,phases,ref  ] GC(315)     FinalRef: skipped
[15.812s][debug][gc,phases,ref  ] GC(315)     Total: skipped
[15.812s][debug][gc,phases,ref  ] GC(315)   Notify and keep alive finalizable: 0.0ms
[15.812s][debug][gc,phases,ref  ] GC(315)     FinalRef: skipped
[15.812s][debug][gc,phases,ref  ] GC(315)   Notify PhantomReferences: 0.0ms
[15.812s][debug][gc,phases,ref  ] GC(315)     PhantomRef: skipped
[15.812s][debug][gc,phases,ref  ] GC(315)   SoftReference Discovered: 0, Dropped: 0, Processed: 0
[15.812s][debug][gc,phases,ref  ] GC(315)   WeakReference Discovered: 0, Dropped: 0, Processed: 0
[15.812s][debug][gc,phases,ref  ] GC(315)   FinalReference Discovered: 0, Dropped: 0, Processed: 0
[15.812s][debug][gc,phases,ref  ] GC(315)   PhantomReference Discovered: 0, Dropped: 0, Processed: 0
[15.812s][debug][gc,age         ] GC(315) Desired survivor size 557056 bytes, new threshold 15 (max threshold 15)
[15.813s][info ][gc,heap        ] GC(315) DefNew: 8832K(9920K)->0K(9920K) Eden: 8832K(8832K)->0K(8832K) From: 0K(1088K)->0K(1088K)
[15.813s][info ][gc,heap        ] GC(315) Tenured: 2071K(21888K)->2071K(21888K)
[15.813s][info ][gc,metaspace   ] GC(315) Metaspace: 369K(512K)->369K(512K) NonClass: 306K(384K)->306K(384K) Class: 63K(128K)->63K(128K)
[15.813s][debug][gc,heap        ] GC(315) Heap after GC invocations=316 (full 10):
[15.813s][debug][gc,heap        ] GC(315)  def new generation   total 9920K, used 0K [0x0000120000200000, 0x0000120000cc0000, 0x000012000aca0000)
[15.813s][debug][gc,heap        ] GC(315)   eden space 8832K,   0% used [0x0000120000200000, 0x0000120000200000, 0x0000120000aa0000)
[15.813s][debug][gc,heap        ] GC(315)   from space 1088K,   0% used [0x0000120000aa0000, 0x0000120000aa0188, 0x0000120000bb0000)
[15.813s][debug][gc,heap        ] GC(315)   to   space 1088K,   0% used [0x0000120000bb0000, 0x0000120000bb0000, 0x0000120000cc0000)
[15.813s][debug][gc,heap        ] GC(315)  tenured generation   total 21888K, used 2071K [0x000012000aca0000, 0x000012000c200000, 0x0000120020200000)
[15.813s][debug][gc,heap        ] GC(315)    the space 21888K,   9% used [0x000012000aca0000, 0x000012000aea5fc0, 0x000012000aea6000, 0x000012000c200000)
[15.813s][debug][gc,heap        ] GC(315)  Metaspace       used 369K, committed 512K, reserved 1114112K
[15.813s][debug][gc,heap        ] GC(315)   class space    used 63K, committed 128K, reserved 1048576K
[15.813s][info ][gc             ] GC(315) Pause Young (Allocation Failure) 10M->2M(31M) 0.578ms
[15.813s][info ][gc,cpu         ] GC(315) User=0.00s Sys=0.00s Real=0.00s
[15.813s][info ][safepoint      ] Safepoint "GenCollectForAllocation", Time since last: 47759788 ns, Reaching safepoint: 3597 ns, Cleanup: 3657 ns, At safepoint: 624390 ns, Total: 631644 ns
[15.860s][info ][gc,start       ] GC(316) Pause Young (Allocation Failure)
[15.860s][debug][gc,heap        ] GC(316) Heap before GC invocations=316 (full 10):
[15.860s][debug][gc,heap        ] GC(316)  def new generation   total 9920K, used 8832K [0x0000120000200000, 0x0000120000cc0000, 0x000012000aca0000)
[15.860s][debug][gc,heap        ] GC(316)   eden space 8832K, 100% used [0x0000120000200000, 0x0000120000aa0000, 0x0000120000aa0000)
[15.860s][debug][gc,heap        ] GC(316)   from space 1088K,   0% used [0x0000120000aa0000, 0x0000120000aa0188, 0x0000120000bb0000)
[15.860s][debug][gc,heap        ] GC(316)   to   space 1088K,   0% used [0x0000120000bb0000, 0x0000120000bb0000, 0x0000120000cc0000)
[15.860s][debug][gc,heap        ] GC(316)  tenured generation   total 21888K, used 2071K [0x000012000aca0000, 0x000012000c200000, 0x0000120020200000)
[15.860s][debug][gc,heap        ] GC(316)    the space 21888K,   9% used [0x000012000aca0000, 0x000012000aea5fc0, 0x000012000aea6000, 0x000012000c200000)
[15.860s][debug][gc,heap        ] GC(316)  Metaspace       used 369K, committed 512K, reserved 1114112K
[15.860s][debug][gc,heap        ] GC(316)   class space    used 63K, committed 128K, reserved 1048576K
[15.860s][debug][gc,tlab        ] GC(316) TLAB totals: thrds: 2  refills: 101 max: 51 slow allocs: 0 max 0 waste:  0.4% gc: 29464B max: 29464B slow: 2776B max: 1528B
[15.860s][debug][gc,ref         ] GC(316) Skipped SoftWeakFinalRefsPhase of Reference Processing: no references
[15.860s][debug][gc,ref         ] GC(316) Skipped KeepAliveFinalRefsPhase of Reference Processing: no references
[15.860s][debug][gc,ref         ] GC(316) Skipped PhantomRefsPhase of Reference Processing: no references
[15.860s][debug][gc,phases,ref  ] GC(316) Reference Processing: 0.0ms
[15.860s][debug][gc,phases,ref  ] GC(316)   Notify Soft/WeakReferences: 0.0ms
[15.860s][debug][gc,phases,ref  ] GC(316)     SoftRef: skipped
[15.860s][debug][gc,phases,ref  ] GC(316)     WeakRef: skipped
[15.860s][debug][gc,phases,ref  ] GC(316)     FinalRef: skipped
[15.860s][debug][gc,phases,ref  ] GC(316)     Total: skipped
[15.860s][debug][gc,phases,ref  ] GC(316)   Notify and keep alive finalizable: 0.0ms
[15.860s][debug][gc,phases,ref  ] GC(316)     FinalRef: skipped
[15.860s][debug][gc,phases,ref  ] GC(316)   Notify PhantomReferences: 0.0ms
[15.860s][debug][gc,phases,ref  ] GC(316)     PhantomRef: skipped
[15.860s][debug][gc,phases,ref  ] GC(316)   SoftReference Discovered: 0, Dropped: 0, Processed: 0
[15.860s][debug][gc,phases,ref  ] GC(316)   WeakReference Discovered: 0, Dropped: 0, Processed: 0
[15.860s][debug][gc,phases,ref  ] GC(316)   FinalReference Discovered: 0, Dropped: 0, Processed: 0
[15.860s][debug][gc,phases,ref  ] GC(316)   PhantomReference Discovered: 0, Dropped: 0, Processed: 0
[15.860s][debug][gc,age         ] GC(316) Desired survivor size 557056 bytes, new threshold 15 (max threshold 15)
[15.860s][info ][gc,heap        ] GC(316) DefNew: 8832K(9920K)->0K(9920K) Eden: 8832K(8832K)->0K(8832K) From: 0K(1088K)->0K(1088K)
[15.860s][info ][gc,heap        ] GC(316) Tenured: 2071K(21888K)->2071K(21888K)
[15.860s][info ][gc,metaspace   ] GC(316) Metaspace: 369K(512K)->369K(512K) NonClass: 306K(384K)->306K(384K) Class: 63K(128K)->63K(128K)
[15.860s][debug][gc,heap        ] GC(316) Heap after GC invocations=317 (full 10):
[15.860s][debug][gc,heap        ] GC(316)  def new generation   total 9920K, used 0K [0x0000120000200000, 0x0000120000cc0000, 0x000012000aca0000)
[15.860s][debug][gc,heap        ] GC(316)   eden space 8832K,   0% used [0x0000120000200000, 0x0000120000200000, 0x0000120000aa0000)
[15.860s][debug][gc,heap        ] GC(316)   from space 1088K,   0% used [0x0000120000bb0000, 0x0000120000bb01c0, 0x0000120000cc0000)
[15.860s][debug][gc,heap        ] GC(316)   to   space 1088K,   0% used [0x0000120000aa0000, 0x0000120000aa0000, 0x0000120000bb0000)
[15.860s][debug][gc,heap        ] GC(316)  tenured generation   total 21888K, used 2071K [0x000012000aca0000, 0x000012000c200000, 0x0000120020200000)
[15.860s][debug][gc,heap        ] GC(316)    the space 21888K,   9% used [0x000012000aca0000, 0x000012000aea5fc0, 0x000012000aea6000, 0x000012000c200000)
[15.860s][debug][gc,heap        ] GC(316)  Metaspace       used 369K, committed 512K, reserved 1114112K
[15.860s][debug][gc,heap        ] GC(316)   class space    used 63K, committed 128K, reserved 1048576K
[15.860s][info ][gc             ] GC(316) Pause Young (Allocation Failure) 10M->2M(31M) 0.585ms
[15.860s][info ][gc,cpu         ] GC(316) User=0.00s Sys=0.00s Real=0.00s
[15.860s][info ][safepoint      ] Safepoint "GenCollectForAllocation", Time since last: 47066212 ns, Reaching safepoint: 76975 ns, Cleanup: 3326 ns, At safepoint: 629071 ns, Total: 709372 ns
[15.908s][info ][gc,start       ] GC(317) Pause Young (Allocation Failure)
[15.908s][debug][gc,heap        ] GC(317) Heap before GC invocations=317 (full 10):
[15.908s][debug][gc,heap        ] GC(317)  def new generation   total 9920K, used 8832K [0x0000120000200000, 0x0000120000cc0000, 0x000012000aca0000)
[15.908s][debug][gc,heap        ] GC(317)   eden space 8832K, 100% used [0x0000120000200000, 0x0000120000aa0000, 0x0000120000aa0000)
[15.908s][debug][gc,heap        ] GC(317)   from space 1088K,   0% used [0x0000120000bb0000, 0x0000120000bb01c0, 0x0000120000cc0000)
[15.908s][debug][gc,heap        ] GC(317)   to   space 1088K,   0% used [0x0000120000aa0000, 0x0000120000aa0000, 0x0000120000bb0000)
[15.908s][debug][gc,heap        ] GC(317)  tenured generation   total 21888K, used 2071K [0x000012000aca0000, 0x000012000c200000, 0x0000120020200000)
[15.908s][debug][gc,heap        ] GC(317)    the space 21888K,   9% used [0x000012000aca0000, 0x000012000aea5fc0, 0x000012000aea6000, 0x000012000c200000)
[15.908s][debug][gc,heap        ] GC(317)  Metaspace       used 369K, committed 512K, reserved 1114112K
[15.908s][debug][gc,heap        ] GC(317)   class space    used 63K, committed 128K, reserved 1048576K
[15.908s][debug][gc,tlab        ] GC(317) TLAB totals: thrds: 2  refills: 101 max: 51 slow allocs: 0 max 0 waste:  0.2% gc: 17592B max: 17592B slow: 2608B max: 1320B
[15.908s][debug][gc,ref         ] GC(317) Skipped SoftWeakFinalRefsPhase of Reference Processing: no references
[15.908s][debug][gc,ref         ] GC(317) Skipped KeepAliveFinalRefsPhase of Reference Processing: no references
[15.908s][debug][gc,ref         ] GC(317) Skipped PhantomRefsPhase of Reference Processing: no references
[15.908s][debug][gc,phases,ref  ] GC(317) Reference Processing: 0.0ms
[15.908s][debug][gc,phases,ref  ] GC(317)   Notify Soft/WeakReferences: 0.0ms
[15.908s][debug][gc,phases,ref  ] GC(317)     SoftRef: skipped
[15.908s][debug][gc,phases,ref  ] GC(317)     WeakRef: skipped
[15.908s][debug][gc,phases,ref  ] GC(317)     FinalRef: skipped
[15.908s][debug][gc,phases,ref  ] GC(317)     Total: skipped
[15.908s][debug][gc,phases,ref  ] GC(317)   Notify and keep alive finalizable: 0.0ms
[15.908s][debug][gc,phases,ref  ] GC(317)     FinalRef: skipped
[15.908s][debug][gc,phases,ref  ] GC(317)   Notify PhantomReferences: 0.0ms
[15.908s][debug][gc,phases,ref  ] GC(317)     PhantomRef: skipped
[15.908s][debug][gc,phases,ref  ] GC(317)   SoftReference Discovered: 0, Dropped: 0, Processed: 0
[15.908s][debug][gc,phases,ref  ] GC(317)   WeakReference Discovered: 0, Dropped: 0, Processed: 0
[15.908s][debug][gc,phases,ref  ] GC(317)   FinalReference Discovered: 0, Dropped: 0, Processed: 0
[15.908s][debug][gc,phases,ref  ] GC(317)   PhantomReference Discovered: 0, Dropped: 0, Processed: 0
[15.908s][debug][gc,age         ] GC(317) Desired survivor size 557056 bytes, new threshold 15 (max threshold 15)
[15.908s][info ][gc,heap        ] GC(317) DefNew: 8832K(9920K)->0K(9920K) Eden: 8832K(8832K)->0K(8832K) From: 0K(1088K)->0K(1088K)
[15.908s][info ][gc,heap        ] GC(317) Tenured: 2071K(21888K)->2071K(21888K)
[15.908s][info ][gc,metaspace   ] GC(317) Metaspace: 369K(512K)->369K(512K) NonClass: 306K(384K)->306K(384K) Class: 63K(128K)->63K(128K)
[15.908s][debug][gc,heap        ] GC(317) Heap after GC invocations=318 (full 10):
[15.908s][debug][gc,heap        ] GC(317)  def new generation   total 9920K, used 0K [0x0000120000200000, 0x0000120000cc0000, 0x000012000aca0000)
[15.908s][debug][gc,heap        ] GC(317)   eden space 8832K,   0% used [0x0000120000200000, 0x0000120000200000, 0x0000120000aa0000)
[15.908s][debug][gc,heap        ] GC(317)   from space 1088K,   0% used [0x0000120000aa0000, 0x0000120000aa01c8, 0x0000120000bb0000)
[15.908s][debug][gc,heap        ] GC(317)   to   space 1088K,   0% used [0x0000120000bb0000, 0x0000120000bb0000, 0x0000120000cc0000)
[15.908s][debug][gc,heap        ] GC(317)  tenured generation   total 21888K, used 2071K [0x000012000aca0000, 0x000012000c200000, 0x0000120020200000)
[15.908s][debug][gc,heap        ] GC(317)    the space 21888K,   9% used [0x000012000aca0000, 0x000012000aea5fc0, 0x000012000aea6000, 0x000012000c200000)
[15.908s][debug][gc,heap        ] GC(317)  Metaspace       used 369K, committed 512K, reserved 1114112K
[15.908s][debug][gc,heap        ] GC(317)   class space    used 63K, committed 128K, reserved 1048576K
[15.908s][info ][gc             ] GC(317) Pause Young (Allocation Failure) 10M->2M(31M) 0.657ms
[15.908s][info ][gc,cpu         ] GC(317) User=0.00s Sys=0.00s Real=0.00s
[15.908s][info ][safepoint      ] Safepoint "GenCollectForAllocation", Time since last: 47215565 ns, Reaching safepoint: 3625 ns, Cleanup: 3637 ns, At safepoint: 703699 ns, Total: 710961 ns
[15.957s][info ][gc,start       ] GC(318) Pause Young (Allocation Failure)
[15.957s][debug][gc,heap        ] GC(318) Heap before GC invocations=318 (full 10):
[15.957s][debug][gc,heap        ] GC(318)  def new generation   total 9920K, used 8832K [0x0000120000200000, 0x0000120000cc0000, 0x000012000aca0000)
[15.957s][debug][gc,heap        ] GC(318)   eden space 8832K, 100% used [0x0000120000200000, 0x0000120000aa0000, 0x0000120000aa0000)
[15.957s][debug][gc,heap        ] GC(318)   from space 1088K,   0% used [0x0000120000aa0000, 0x0000120000aa01c8, 0x0000120000bb0000)
[15.957s][debug][gc,heap        ] GC(318)   to   space 1088K,   0% used [0x0000120000bb0000, 0x0000120000bb0000, 0x0000120000cc0000)
[15.957s][debug][gc,heap        ] GC(318)  tenured generation   total 21888K, used 2071K [0x000012000aca0000, 0x000012000c200000, 0x0000120020200000)
[15.957s][debug][gc,heap        ] GC(318)    the space 21888K,   9% used [0x000012000aca0000, 0x000012000aea5fc0, 0x000012000aea6000, 0x000012000c200000)
[15.957s][debug][gc,heap        ] GC(318)  Metaspace       used 369K, committed 512K, reserved 1114112K
[15.957s][debug][gc,heap        ] GC(318)   class space    used 63K, committed 128K, reserved 1048576K
[15.957s][debug][gc,tlab        ] GC(318) TLAB totals: thrds: 2  refills: 101 max: 51 slow allocs: 0 max 0 waste:  0.0% gc: 0B max: 0B slow: 3736B max: 2448B
[15.957s][debug][gc,ref         ] GC(318) Skipped SoftWeakFinalRefsPhase of Reference Processing: no references
[15.957s][debug][gc,ref         ] GC(318) Skipped KeepAliveFinalRefsPhase of Reference Processing: no references
[15.957s][debug][gc,ref         ] GC(318) Skipped PhantomRefsPhase of Reference Processing: no references
[15.957s][debug][gc,phases,ref  ] GC(318) Reference Processing: 0.0ms
[15.957s][debug][gc,phases,ref  ] GC(318)   Notify Soft/WeakReferences: 0.0ms
[15.957s][debug][gc,phases,ref  ] GC(318)     SoftRef: skipped
[15.957s][debug][gc,phases,ref  ] GC(318)     WeakRef: skipped
[15.957s][debug][gc,phases,ref  ] GC(318)     FinalRef: skipped
[15.957s][debug][gc,phases,ref  ] GC(318)     Total: skipped
[15.957s][debug][gc,phases,ref  ] GC(318)   Notify and keep alive finalizable: 0.0ms
[15.957s][debug][gc,phases,ref  ] GC(318)     FinalRef: skipped
[15.957s][debug][gc,phases,ref  ] GC(318)   Notify PhantomReferences: 0.0ms
[15.957s][debug][gc,phases,ref  ] GC(318)     PhantomRef: skipped
[15.957s][debug][gc,phases,ref  ] GC(318)   SoftReference Discovered: 0, Dropped: 0, Processed: 0
[15.957s][debug][gc,phases,ref  ] GC(318)   WeakReference Discovered: 0, Dropped: 0, Processed: 0
[15.957s][debug][gc,phases,ref  ] GC(318)   FinalReference Discovered: 0, Dropped: 0, Processed: 0
[15.957s][debug][gc,phases,ref  ] GC(318)   PhantomReference Discovered: 0, Dropped: 0, Processed: 0
[15.957s][debug][gc,age         ] GC(318) Desired survivor size 557056 bytes, new threshold 15 (max threshold 15)
[15.958s][info ][gc,heap        ] GC(318) DefNew: 8832K(9920K)->0K(9920K) Eden: 8832K(8832K)->0K(8832K) From: 0K(1088K)->0K(1088K)
[15.958s][info ][gc,heap        ] GC(318) Tenured: 2071K(21888K)->2071K(21888K)
[15.958s][info ][gc,metaspace   ] GC(318) Metaspace: 369K(512K)->369K(512K) NonClass: 306K(384K)->306K(384K) Class: 63K(128K)->63K(128K)
[15.958s][debug][gc,heap        ] GC(318) Heap after GC invocations=319 (full 10):
[15.958s][debug][gc,heap        ] GC(318)  def new generation   total 9920K, used 0K [0x0000120000200000, 0x0000120000cc0000, 0x000012000aca0000)
[15.958s][debug][gc,heap        ] GC(318)   eden space 8832K,   0% used [0x0000120000200000, 0x0000120000200000, 0x0000120000aa0000)
[15.958s][debug][gc,heap        ] GC(318)   from space 1088K,   0% used [0x0000120000bb0000, 0x0000120000bb0170, 0x0000120000cc0000)
[15.958s][debug][gc,heap        ] GC(318)   to   space 1088K,   0% used [0x0000120000aa0000, 0x0000120000aa0000, 0x0000120000bb0000)
[15.958s][debug][gc,heap        ] GC(318)  tenured generation   total 21888K, used 2071K [0x000012000aca0000, 0x000012000c200000, 0x0000120020200000)
[15.958s][debug][gc,heap        ] GC(318)    the space 21888K,   9% used [0x000012000aca0000, 0x000012000aea5fc0, 0x000012000aea6000, 0x000012000c200000)
[15.958s][debug][gc,heap        ] GC(318)  Metaspace       used 369K, committed 512K, reserved 1114112K
[15.958s][debug][gc,heap        ] GC(318)   class space    used 63K, committed 128K, reserved 1048576K
[15.958s][info ][gc             ] GC(318) Pause Young (Allocation Failure) 10M->2M(31M) 0.584ms
[15.958s][info ][gc,cpu         ] GC(318) User=0.00s Sys=0.00s Real=0.00s
[15.958s][info ][safepoint      ] Safepoint "GenCollectForAllocation", Time since last: 48661883 ns, Reaching safepoint: 2994 ns, Cleanup: 3613 ns, At safepoint: 622623 ns, Total: 629230 ns
[16.005s][info ][gc,start       ] GC(319) Pause Young (Allocation Failure)
[16.005s][debug][gc,heap        ] GC(319) Heap before GC invocations=319 (full 10):
[16.005s][debug][gc,heap        ] GC(319)  def new generation   total 9920K, used 8832K [0x0000120000200000, 0x0000120000cc0000, 0x000012000aca0000)
[16.005s][debug][gc,heap        ] GC(319)   eden space 8832K, 100% used [0x0000120000200000, 0x0000120000aa0000, 0x0000120000aa0000)
[16.005s][debug][gc,heap        ] GC(319)   from space 1088K,   0% used [0x0000120000bb0000, 0x0000120000bb0170, 0x0000120000cc0000)
[16.005s][debug][gc,heap        ] GC(319)   to   space 1088K,   0% used [0x0000120000aa0000, 0x0000120000aa0000, 0x0000120000bb0000)
[16.005s][debug][gc,heap        ] GC(319)  tenured generation   total 21888K, used 2071K [0x000012000aca0000, 0x000012000c200000, 0x0000120020200000)
[16.005s][debug][gc,heap        ] GC(319)    the space 21888K,   9% used [0x000012000aca0000, 0x000012000aea5fc0, 0x000012000aea6000, 0x000012000c200000)
[16.005s][debug][gc,heap        ] GC(319)  Metaspace       used 369K, committed 512K, reserved 1114112K
[16.005s][debug][gc,heap        ] GC(319)   class space    used 63K, committed 128K, reserved 1048576K
[16.005s][debug][gc,tlab        ] GC(319) TLAB totals: thrds: 2  refills: 100 max: 50 slow allocs: 0 max 0 waste:  0.8% gc: 69952B max: 69952B slow: 2336B max: 1552B
[16.005s][debug][gc,ref         ] GC(319) Skipped SoftWeakFinalRefsPhase of Reference Processing: no references
[16.005s][debug][gc,ref         ] GC(319) Skipped KeepAliveFinalRefsPhase of Reference Processing: no references
[16.005s][debug][gc,ref         ] GC(319) Skipped PhantomRefsPhase of Reference Processing: no references
[16.005s][debug][gc,phases,ref  ] GC(319) Reference Processing: 0.0ms
[16.005s][debug][gc,phases,ref  ] GC(319)   Notify Soft/WeakReferences: 0.0ms
[16.005s][debug][gc,phases,ref  ] GC(319)     SoftRef: skipped
[16.005s][debug][gc,phases,ref  ] GC(319)     WeakRef: skipped
[16.006s][debug][gc,phases,ref  ] GC(319)     FinalRef: skipped
[16.006s][debug][gc,phases,ref  ] GC(319)     Total: skipped
[16.006s][debug][gc,phases,ref  ] GC(319)   Notify and keep alive finalizable: 0.0ms
[16.006s][debug][gc,phases,ref  ] GC(319)     FinalRef: skipped
[16.006s][debug][gc,phases,ref  ] GC(319)   Notify PhantomReferences: 0.0ms
[16.006s][debug][gc,phases,ref  ] GC(319)     PhantomRef: skipped
[16.006s][debug][gc,phases,ref  ] GC(319)   SoftReference Discovered: 0, Dropped: 0, Processed: 0
[16.006s][debug][gc,phases,ref  ] GC(319)   WeakReference Discovered: 0, Dropped: 0, Processed: 0
[16.006s][debug][gc,phases,ref  ] GC(319)   FinalReference Discovered: 0, Dropped: 0, Processed: 0
[16.006s][debug][gc,phases,ref  ] GC(319)   PhantomReference Discovered: 0, Dropped: 0, Processed: 0
[16.006s][debug][gc,age         ] GC(319) Desired survivor size 557056 bytes, new threshold 15 (max threshold 15)
[16.006s][info ][gc,heap        ] GC(319) DefNew: 8832K(9920K)->0K(9920K) Eden: 8832K(8832K)->0K(8832K) From: 0K(1088K)->0K(1088K)
[16.006s][info ][gc,heap        ] GC(319) Tenured: 2071K(21888K)->2071K(21888K)
[16.006s][info ][gc,metaspace   ] GC(319) Metaspace: 369K(512K)->369K(512K) NonClass: 306K(384K)->306K(384K) Class: 63K(128K)->63K(128K)
[16.006s][debug][gc,heap        ] GC(319) Heap after GC invocations=320 (full 10):
[16.006s][debug][gc,heap        ] GC(319)  def new generation   total 9920K, used 0K [0x0000120000200000, 0x0000120000cc0000, 0x000012000aca0000)
[16.006s][debug][gc,heap        ] GC(319)   eden space 8832K,   0% used [0x0000120000200000, 0x0000120000200000, 0x0000120000aa0000)
[16.006s][debug][gc,heap        ] GC(319)   from space 1088K,   0% used [0x0000120000aa0000, 0x0000120000aa0108, 0x0000120000bb0000)
[16.006s][debug][gc,heap        ] GC(319)   to   space 1088K,   0% used [0x0000120000bb0000, 0x0000120000bb0000, 0x0000120000cc0000)
[16.006s][debug][gc,heap        ] GC(319)  tenured generation   total 21888K, used 2071K [0x000012000aca0000, 0x000012000c200000, 0x0000120020200000)
[16.006s][debug][gc,heap        ] GC(319)    the space 21888K,   9% used [0x000012000aca0000, 0x000012000aea5fc0, 0x000012000aea6000, 0x000012000c200000)
[16.006s][debug][gc,heap        ] GC(319)  Metaspace       used 369K, committed 512K, reserved 1114112K
[16.006s][debug][gc,heap        ] GC(319)   class space    used 63K, committed 128K, reserved 1048576K
[16.006s][info ][gc             ] GC(319) Pause Young (Allocation Failure) 10M->2M(31M) 0.712ms
[16.006s][info ][gc,cpu         ] GC(319) User=0.00s Sys=0.00s Real=0.00s
[16.006s][info ][safepoint      ] Safepoint "GenCollectForAllocation", Time since last: 47353682 ns, Reaching safepoint: 3418 ns, Cleanup: 3618 ns, At safepoint: 758764 ns, Total: 765800 ns
[16.054s][info ][gc,start       ] GC(320) Pause Young (Allocation Failure)
[16.054s][debug][gc,heap        ] GC(320) Heap before GC invocations=320 (full 10):
[16.054s][debug][gc,heap        ] GC(320)  def new generation   total 9920K, used 8832K [0x0000120000200000, 0x0000120000cc0000, 0x000012000aca0000)
[16.054s][debug][gc,heap        ] GC(320)   eden space 8832K, 100% used [0x0000120000200000, 0x0000120000aa0000, 0x0000120000aa0000)
[16.054s][debug][gc,heap        ] GC(320)   from space 1088K,   0% used [0x0000120000aa0000, 0x0000120000aa0108, 0x0000120000bb0000)
[16.054s][debug][gc,heap        ] GC(320)   to   space 1088K,   0% used [0x0000120000bb0000, 0x0000120000bb0000, 0x0000120000cc0000)
[16.054s][debug][gc,heap        ] GC(320)  tenured generation   total 21888K, used 2071K [0x000012000aca0000, 0x000012000c200000, 0x0000120020200000)
[16.054s][debug][gc,heap        ] GC(320)    the space 21888K,   9% used [0x000012000aca0000, 0x000012000aea5fc0, 0x000012000aea6000, 0x000012000c200000)
[16.054s][debug][gc,heap        ] GC(320)  Metaspace       used 369K, committed 512K, reserved 1114112K
[16.054s][debug][gc,heap        ] GC(320)   class space    used 63K, committed 128K, reserved 1048576K
[16.054s][debug][gc,tlab        ] GC(320) TLAB totals: thrds: 2  refills: 101 max: 51 slow allocs: 0 max 0 waste:  0.1% gc: 8280B max: 8280B slow: 2536B max: 1312B
[16.054s][debug][gc,ref         ] GC(320) Skipped SoftWeakFinalRefsPhase of Reference Processing: no references
[16.054s][debug][gc,ref         ] GC(320) Skipped KeepAliveFinalRefsPhase of Reference Processing: no references
[16.054s][debug][gc,ref         ] GC(320) Skipped PhantomRefsPhase of Reference Processing: no references
[16.054s][debug][gc,phases,ref  ] GC(320) Reference Processing: 0.0ms
[16.054s][debug][gc,phases,ref  ] GC(320)   Notify Soft/WeakReferences: 0.0ms
[16.054s][debug][gc,phases,ref  ] GC(320)     SoftRef: skipped
[16.054s][debug][gc,phases,ref  ] GC(320)     WeakRef: skipped
[16.054s][debug][gc,phases,ref  ] GC(320)     FinalRef: skipped
[16.054s][debug][gc,phases,ref  ] GC(320)     Total: skipped
[16.054s][debug][gc,phases,ref  ] GC(320)   Notify and keep alive finalizable: 0.0ms
[16.054s][debug][gc,phases,ref  ] GC(320)     FinalRef: skipped
[16.054s][debug][gc,phases,ref  ] GC(320)   Notify PhantomReferences: 0.0ms
[16.054s][debug][gc,phases,ref  ] GC(320)     PhantomRef: skipped
[16.054s][debug][gc,phases,ref  ] GC(320)   SoftReference Discovered: 0, Dropped: 0, Processed: 0
[16.054s][debug][gc,phases,ref  ] GC(320)   WeakReference Discovered: 0, Dropped: 0, Processed: 0
[16.054s][debug][gc,phases,ref  ] GC(320)   FinalReference Discovered: 0, Dropped: 0, Processed: 0
[16.054s][debug][gc,phases,ref  ] GC(320)   PhantomReference Discovered: 0, Dropped: 0, Processed: 0
[16.054s][debug][gc,age         ] GC(320) Desired survivor size 557056 bytes, new threshold 15 (max threshold 15)
[16.054s][info ][gc,heap        ] GC(320) DefNew: 8832K(9920K)->0K(9920K) Eden: 8832K(8832K)->0K(8832K) From: 0K(1088K)->0K(1088K)
[16.054s][info ][gc,heap        ] GC(320) Tenured: 2071K(21888K)->2071K(21888K)
[16.054s][info ][gc,metaspace   ] GC(320) Metaspace: 369K(512K)->369K(512K) NonClass: 306K(384K)->306K(384K) Class: 63K(128K)->63K(128K)
[16.054s][debug][gc,heap        ] GC(320) Heap after GC invocations=321 (full 10):
[16.054s][debug][gc,heap        ] GC(320)  def new generation   total 9920K, used 0K [0x0000120000200000, 0x0000120000cc0000, 0x000012000aca0000)
[16.054s][debug][gc,heap        ] GC(320)   eden space 8832K,   0% used [0x0000120000200000, 0x0000120000200000, 0x0000120000aa0000)
[16.054s][debug][gc,heap        ] GC(320)   from space 1088K,   0% used [0x0000120000bb0000, 0x0000120000bb0190, 0x0000120000cc0000)
[16.054s][debug][gc,heap        ] GC(320)   to   space 1088K,   0% used [0x0000120000aa0000, 0x0000120000aa0000, 0x0000120000bb0000)
[16.054s][debug][gc,heap        ] GC(320)  tenured generation   total 21888K, used 2071K [0x000012000aca0000, 0x000012000c200000, 0x0000120020200000)
[16.054s][debug][gc,heap        ] GC(320)    the space 21888K,   9% used [0x000012000aca0000, 0x000012000aea5fe0, 0x000012000aea6000, 0x000012000c200000)
[16.054s][debug][gc,heap        ] GC(320)  Metaspace       used 369K, committed 512K, reserved 1114112K
[16.054s][debug][gc,heap        ] GC(320)   class space    used 63K, committed 128K, reserved 1048576K
[16.054s][info ][gc             ] GC(320) Pause Young (Allocation Failure) 10M->2M(31M) 0.717ms
[16.054s][info ][gc,cpu         ] GC(320) User=0.00s Sys=0.00s Real=0.00s
[16.054s][info ][safepoint      ] Safepoint "GenCollectForAllocation", Time since last: 47711820 ns, Reaching safepoint: 3310 ns, Cleanup: 3725 ns, At safepoint: 786092 ns, Total: 793127 ns
[16.102s][info ][gc,start       ] GC(321) Pause Young (Allocation Failure)
[16.102s][debug][gc,heap        ] GC(321) Heap before GC invocations=321 (full 10):
[16.102s][debug][gc,heap        ] GC(321)  def new generation   total 9920K, used 8832K [0x0000120000200000, 0x0000120000cc0000, 0x000012000aca0000)
[16.102s][debug][gc,heap        ] GC(321)   eden space 8832K, 100% used [0x0000120000200000, 0x0000120000aa0000, 0x0000120000aa0000)
[16.102s][debug][gc,heap        ] GC(321)   from space 1088K,   0% used [0x0000120000bb0000, 0x0000120000bb0190, 0x0000120000cc0000)
[16.102s][debug][gc,heap        ] GC(321)   to   space 1088K,   0% used [0x0000120000aa0000, 0x0000120000aa0000, 0x0000120000bb0000)
[16.102s][debug][gc,heap        ] GC(321)  tenured generation   total 21888K, used 2071K [0x000012000aca0000, 0x000012000c200000, 0x0000120020200000)
[16.102s][debug][gc,heap        ] GC(321)    the space 21888K,   9% used [0x000012000aca0000, 0x000012000aea5fe0, 0x000012000aea6000, 0x000012000c200000)
[16.102s][debug][gc,heap        ] GC(321)  Metaspace       used 369K, committed 512K, reserved 1114112K
[16.102s][debug][gc,heap        ] GC(321)   class space    used 63K, committed 128K, reserved 1048576K
[16.102s][debug][gc,tlab        ] GC(321) TLAB totals: thrds: 2  refills: 101 max: 51 slow allocs: 0 max 0 waste:  0.4% gc: 34808B max: 34808B slow: 2776B max: 1448B
[16.102s][debug][gc,ref         ] GC(321) Skipped SoftWeakFinalRefsPhase of Reference Processing: no references
[16.102s][debug][gc,ref         ] GC(321) Skipped KeepAliveFinalRefsPhase of Reference Processing: no references
[16.102s][debug][gc,ref         ] GC(321) Skipped PhantomRefsPhase of Reference Processing: no references
[16.102s][debug][gc,phases,ref  ] GC(321) Reference Processing: 0.0ms
[16.102s][debug][gc,phases,ref  ] GC(321)   Notify Soft/WeakReferences: 0.0ms
[16.102s][debug][gc,phases,ref  ] GC(321)     SoftRef: skipped
[16.102s][debug][gc,phases,ref  ] GC(321)     WeakRef: skipped
[16.102s][debug][gc,phases,ref  ] GC(321)     FinalRef: skipped
[16.102s][debug][gc,phases,ref  ] GC(321)     Total: skipped
[16.102s][debug][gc,phases,ref  ] GC(321)   Notify and keep alive finalizable: 0.0ms
[16.102s][debug][gc,phases,ref  ] GC(321)     FinalRef: skipped
[16.102s][debug][gc,phases,ref  ] GC(321)   Notify PhantomReferences: 0.0ms
[16.102s][debug][gc,phases,ref  ] GC(321)     PhantomRef: skipped
[16.102s][debug][gc,phases,ref  ] GC(321)   SoftReference Discovered: 0, Dropped: 0, Processed: 0
[16.102s][debug][gc,phases,ref  ] GC(321)   WeakReference Discovered: 0, Dropped: 0, Processed: 0
[16.102s][debug][gc,phases,ref  ] GC(321)   FinalReference Discovered: 0, Dropped: 0, Processed: 0
[16.102s][debug][gc,phases,ref  ] GC(321)   PhantomReference Discovered: 0, Dropped: 0, Processed: 0
[16.102s][debug][gc,age         ] GC(321) Desired survivor size 557056 bytes, new threshold 15 (max threshold 15)
[16.102s][info ][gc,heap        ] GC(321) DefNew: 8832K(9920K)->0K(9920K) Eden: 8832K(8832K)->0K(8832K) From: 0K(1088K)->0K(1088K)
[16.102s][info ][gc,heap        ] GC(321) Tenured: 2071K(21888K)->2071K(21888K)
[16.102s][info ][gc,metaspace   ] GC(321) Metaspace: 369K(512K)->369K(512K) NonClass: 306K(384K)->306K(384K) Class: 63K(128K)->63K(128K)
[16.102s][debug][gc,heap        ] GC(321) Heap after GC invocations=322 (full 10):
[16.102s][debug][gc,heap        ] GC(321)  def new generation   total 9920K, used 0K [0x0000120000200000, 0x0000120000cc0000, 0x000012000aca0000)
[16.102s][debug][gc,heap        ] GC(321)   eden space 8832K,   0% used [0x0000120000200000, 0x0000120000200000, 0x0000120000aa0000)
[16.102s][debug][gc,heap        ] GC(321)   from space 1088K,   0% used [0x0000120000aa0000, 0x0000120000aa0180, 0x0000120000bb0000)
[16.102s][debug][gc,heap        ] GC(321)   to   space 1088K,   0% used [0x0000120000bb0000, 0x0000120000bb0000, 0x0000120000cc0000)
[16.102s][debug][gc,heap        ] GC(321)  tenured generation   total 21888K, used 2071K [0x000012000aca0000, 0x000012000c200000, 0x0000120020200000)
[16.102s][debug][gc,heap        ] GC(321)    the space 21888K,   9% used [0x000012000aca0000, 0x000012000aea5fe0, 0x000012000aea6000, 0x000012000c200000)
[16.102s][debug][gc,heap        ] GC(321)  Metaspace       used 369K, committed 512K, reserved 1114112K
[16.102s][debug][gc,heap        ] GC(321)   class space    used 63K, committed 128K, reserved 1048576K
[16.102s][info ][gc             ] GC(321) Pause Young (Allocation Failure) 10M->2M(31M) 0.492ms
[16.102s][info ][gc,cpu         ] GC(321) User=0.00s Sys=0.00s Real=0.01s
[16.102s][info ][safepoint      ] Safepoint "GenCollectForAllocation", Time since last: 47624979 ns, Reaching safepoint: 3247 ns, Cleanup: 3790 ns, At safepoint: 513646 ns, Total: 520683 ns
[16.160s][info ][gc,start       ] GC(322) Pause Young (Allocation Failure)
[16.160s][debug][gc,heap        ] GC(322) Heap before GC invocations=322 (full 10):
[16.160s][debug][gc,heap        ] GC(322)  def new generation   total 9920K, used 8832K [0x0000120000200000, 0x0000120000cc0000, 0x000012000aca0000)
[16.160s][debug][gc,heap        ] GC(322)   eden space 8832K, 100% used [0x0000120000200000, 0x0000120000aa0000, 0x0000120000aa0000)
[16.160s][debug][gc,heap        ] GC(322)   from space 1088K,   0% used [0x0000120000aa0000, 0x0000120000aa0180, 0x0000120000bb0000)
[16.160s][debug][gc,heap        ] GC(322)   to   space 1088K,   0% used [0x0000120000bb0000, 0x0000120000bb0000, 0x0000120000cc0000)
[16.160s][debug][gc,heap        ] GC(322)  tenured generation   total 21888K, used 2071K [0x000012000aca0000, 0x000012000c200000, 0x0000120020200000)
[16.160s][debug][gc,heap        ] GC(322)    the space 21888K,   9% used [0x000012000aca0000, 0x000012000aea5fe0, 0x000012000aea6000, 0x000012000c200000)
[16.160s][debug][gc,heap        ] GC(322)  Metaspace       used 369K, committed 512K, reserved 1114112K
[16.160s][debug][gc,heap        ] GC(322)   class space    used 63K, committed 128K, reserved 1048576K
[16.160s][debug][gc,tlab        ] GC(322) TLAB totals: thrds: 2  refills: 101 max: 61 slow allocs: 0 max 0 waste:  0.2% gc: 14680B max: 14680B slow: 2888B max: 1456B
[16.161s][debug][gc,ref         ] GC(322) Skipped SoftWeakFinalRefsPhase of Reference Processing: no references
[16.161s][debug][gc,ref         ] GC(322) Skipped KeepAliveFinalRefsPhase of Reference Processing: no references
[16.161s][debug][gc,ref         ] GC(322) Skipped PhantomRefsPhase of Reference Processing: no references
[16.161s][debug][gc,phases,ref  ] GC(322) Reference Processing: 0.0ms
[16.161s][debug][gc,phases,ref  ] GC(322)   Notify Soft/WeakReferences: 0.0ms
[16.161s][debug][gc,phases,ref  ] GC(322)     SoftRef: skipped
[16.161s][debug][gc,phases,ref  ] GC(322)     WeakRef: skipped
[16.161s][debug][gc,phases,ref  ] GC(322)     FinalRef: skipped
[16.161s][debug][gc,phases,ref  ] GC(322)     Total: skipped
[16.161s][debug][gc,phases,ref  ] GC(322)   Notify and keep alive finalizable: 0.0ms
[16.161s][debug][gc,phases,ref  ] GC(322)     FinalRef: skipped
[16.161s][debug][gc,phases,ref  ] GC(322)   Notify PhantomReferences: 0.0ms
[16.161s][debug][gc,phases,ref  ] GC(322)     PhantomRef: skipped
[16.161s][debug][gc,phases,ref  ] GC(322)   SoftReference Discovered: 0, Dropped: 0, Processed: 0
[16.161s][debug][gc,phases,ref  ] GC(322)   WeakReference Discovered: 0, Dropped: 0, Processed: 0
[16.161s][debug][gc,phases,ref  ] GC(322)   FinalReference Discovered: 0, Dropped: 0, Processed: 0
[16.161s][debug][gc,phases,ref  ] GC(322)   PhantomReference Discovered: 0, Dropped: 0, Processed: 0
[16.161s][debug][gc,age         ] GC(322) Desired survivor size 557056 bytes, new threshold 15 (max threshold 15)
[16.161s][info ][gc,heap        ] GC(322) DefNew: 8832K(9920K)->0K(9920K) Eden: 8832K(8832K)->0K(8832K) From: 0K(1088K)->0K(1088K)
[16.161s][info ][gc,heap        ] GC(322) Tenured: 2071K(21888K)->2071K(21888K)
[16.161s][info ][gc,metaspace   ] GC(322) Metaspace: 369K(512K)->369K(512K) NonClass: 306K(384K)->306K(384K) Class: 63K(128K)->63K(128K)
[16.161s][debug][gc,heap        ] GC(322) Heap after GC invocations=323 (full 10):
[16.161s][debug][gc,heap        ] GC(322)  def new generation   total 9920K, used 0K [0x0000120000200000, 0x0000120000cc0000, 0x000012000aca0000)
[16.161s][debug][gc,heap        ] GC(322)   eden space 8832K,   0% used [0x0000120000200000, 0x0000120000200000, 0x0000120000aa0000)
[16.161s][debug][gc,heap        ] GC(322)   from space 1088K,   0% used [0x0000120000bb0000, 0x0000120000bb0150, 0x0000120000cc0000)
[16.161s][debug][gc,heap        ] GC(322)   to   space 1088K,   0% used [0x0000120000aa0000, 0x0000120000aa0000, 0x0000120000bb0000)
[16.161s][debug][gc,heap        ] GC(322)  tenured generation   total 21888K, used 2071K [0x000012000aca0000, 0x000012000c200000, 0x0000120020200000)
[16.161s][debug][gc,heap        ] GC(322)    the space 21888K,   9% used [0x000012000aca0000, 0x000012000aea5fe0, 0x000012000aea6000, 0x000012000c200000)
[16.161s][debug][gc,heap        ] GC(322)  Metaspace       used 369K, committed 512K, reserved 1114112K
[16.161s][debug][gc,heap        ] GC(322)   class space    used 63K, committed 128K, reserved 1048576K
[16.161s][info ][gc             ] GC(322) Pause Young (Allocation Failure) 10M->2M(31M) 0.579ms
[16.161s][info ][gc,cpu         ] GC(322) User=0.00s Sys=0.00s Real=0.00s
[16.161s][info ][safepoint      ] Safepoint "GenCollectForAllocation", Time since last: 57835590 ns, Reaching safepoint: 3520 ns, Cleanup: 3770 ns, At safepoint: 626645 ns, Total: 633935 ns
[16.208s][info ][gc,start       ] GC(323) Pause Young (Allocation Failure)
[16.208s][debug][gc,heap        ] GC(323) Heap before GC invocations=323 (full 10):
[16.209s][debug][gc,heap        ] GC(323)  def new generation   total 9920K, used 8832K [0x0000120000200000, 0x0000120000cc0000, 0x000012000aca0000)
[16.209s][debug][gc,heap        ] GC(323)   eden space 8832K, 100% used [0x0000120000200000, 0x0000120000aa0000, 0x0000120000aa0000)
[16.209s][debug][gc,heap        ] GC(323)   from space 1088K,   0% used [0x0000120000bb0000, 0x0000120000bb0150, 0x0000120000cc0000)
[16.209s][debug][gc,heap        ] GC(323)   to   space 1088K,   0% used [0x0000120000aa0000, 0x0000120000aa0000, 0x0000120000bb0000)
[16.209s][debug][gc,heap        ] GC(323)  tenured generation   total 21888K, used 2071K [0x000012000aca0000, 0x000012000c200000, 0x0000120020200000)
[16.209s][debug][gc,heap        ] GC(323)    the space 21888K,   9% used [0x000012000aca0000, 0x000012000aea5fe0, 0x000012000aea6000, 0x000012000c200000)
[16.209s][debug][gc,heap        ] GC(323)  Metaspace       used 369K, committed 512K, reserved 1114112K
[16.209s][debug][gc,heap        ] GC(323)   class space    used 63K, committed 128K, reserved 1048576K
[16.209s][debug][gc,tlab        ] GC(323) TLAB totals: thrds: 2  refills: 101 max: 55 slow allocs: 0 max 0 waste:  0.2% gc: 16176B max: 16176B slow: 2528B max: 1272B
[16.209s][debug][gc,ref         ] GC(323) Skipped SoftWeakFinalRefsPhase of Reference Processing: no references
[16.209s][debug][gc,ref         ] GC(323) Skipped KeepAliveFinalRefsPhase of Reference Processing: no references
[16.209s][debug][gc,ref         ] GC(323) Skipped PhantomRefsPhase of Reference Processing: no references
[16.209s][debug][gc,phases,ref  ] GC(323) Reference Processing: 0.0ms
[16.209s][debug][gc,phases,ref  ] GC(323)   Notify Soft/WeakReferences: 0.0ms
[16.209s][debug][gc,phases,ref  ] GC(323)     SoftRef: skipped
[16.209s][debug][gc,phases,ref  ] GC(323)     WeakRef: skipped
[16.209s][debug][gc,phases,ref  ] GC(323)     FinalRef: skipped
[16.209s][debug][gc,phases,ref  ] GC(323)     Total: skipped
[16.209s][debug][gc,phases,ref  ] GC(323)   Notify and keep alive finalizable: 0.0ms
[16.209s][debug][gc,phases,ref  ] GC(323)     FinalRef: skipped
[16.209s][debug][gc,phases,ref  ] GC(323)   Notify PhantomReferences: 0.0ms
[16.209s][debug][gc,phases,ref  ] GC(323)     PhantomRef: skipped
[16.209s][debug][gc,phases,ref  ] GC(323)   SoftReference Discovered: 0, Dropped: 0, Processed: 0
[16.209s][debug][gc,phases,ref  ] GC(323)   WeakReference Discovered: 0, Dropped: 0, Processed: 0
[16.209s][debug][gc,phases,ref  ] GC(323)   FinalReference Discovered: 0, Dropped: 0, Processed: 0
[16.209s][debug][gc,phases,ref  ] GC(323)   PhantomReference Discovered: 0, Dropped: 0, Processed: 0
[16.209s][debug][gc,age         ] GC(323) Desired survivor size 557056 bytes, new threshold 15 (max threshold 15)
[16.209s][info ][gc,heap        ] GC(323) DefNew: 8832K(9920K)->0K(9920K) Eden: 8832K(8832K)->0K(8832K) From: 0K(1088K)->0K(1088K)
[16.209s][info ][gc,heap        ] GC(323) Tenured: 2071K(21888K)->2071K(21888K)
[16.209s][info ][gc,metaspace   ] GC(323) Metaspace: 369K(512K)->369K(512K) NonClass: 306K(384K)->306K(384K) Class: 63K(128K)->63K(128K)
[16.209s][debug][gc,heap        ] GC(323) Heap after GC invocations=324 (full 10):
[16.209s][debug][gc,heap        ] GC(323)  def new generation   total 9920K, used 0K [0x0000120000200000, 0x0000120000cc0000, 0x000012000aca0000)
[16.209s][debug][gc,heap        ] GC(323)   eden space 8832K,   0% used [0x0000120000200000, 0x0000120000200000, 0x0000120000aa0000)
[16.209s][debug][gc,heap        ] GC(323)   from space 1088K,   0% used [0x0000120000aa0000, 0x0000120000aa00d0, 0x0000120000bb0000)
[16.209s][debug][gc,heap        ] GC(323)   to   space 1088K,   0% used [0x0000120000bb0000, 0x0000120000bb0000, 0x0000120000cc0000)
[16.209s][debug][gc,heap        ] GC(323)  tenured generation   total 21888K, used 2071K [0x000012000aca0000, 0x000012000c200000, 0x0000120020200000)
[16.209s][debug][gc,heap        ] GC(323)    the space 21888K,   9% used [0x000012000aca0000, 0x000012000aea5fe0, 0x000012000aea6000, 0x000012000c200000)
[16.209s][debug][gc,heap        ] GC(323)  Metaspace       used 369K, committed 512K, reserved 1114112K
[16.209s][debug][gc,heap        ] GC(323)   class space    used 63K, committed 128K, reserved 1048576K
[16.209s][info ][gc             ] GC(323) Pause Young (Allocation Failure) 10M->2M(31M) 0.610ms
[16.209s][info ][gc,cpu         ] GC(323) User=0.00s Sys=0.00s Real=0.00s
[16.209s][info ][safepoint      ] Safepoint "GenCollectForAllocation", Time since last: 47502712 ns, Reaching safepoint: 3585 ns, Cleanup: 3586 ns, At safepoint: 655958 ns, Total: 663129 ns
[16.258s][info ][gc,start       ] GC(324) Pause Young (Allocation Failure)
[16.258s][debug][gc,heap        ] GC(324) Heap before GC invocations=324 (full 10):
[16.258s][debug][gc,heap        ] GC(324)  def new generation   total 9920K, used 8832K [0x0000120000200000, 0x0000120000cc0000, 0x000012000aca0000)
[16.258s][debug][gc,heap        ] GC(324)   eden space 8832K, 100% used [0x0000120000200000, 0x0000120000aa0000, 0x0000120000aa0000)
[16.258s][debug][gc,heap        ] GC(324)   from space 1088K,   0% used [0x0000120000aa0000, 0x0000120000aa00d0, 0x0000120000bb0000)
[16.258s][debug][gc,heap        ] GC(324)   to   space 1088K,   0% used [0x0000120000bb0000, 0x0000120000bb0000, 0x0000120000cc0000)
[16.258s][debug][gc,heap        ] GC(324)  tenured generation   total 21888K, used 2071K [0x000012000aca0000, 0x000012000c200000, 0x0000120020200000)
[16.258s][debug][gc,heap        ] GC(324)    the space 21888K,   9% used [0x000012000aca0000, 0x000012000aea5fe0, 0x000012000aea6000, 0x000012000c200000)
[16.258s][debug][gc,heap        ] GC(324)  Metaspace       used 369K, committed 512K, reserved 1114112K
[16.259s][debug][gc,heap        ] GC(324)   class space    used 63K, committed 128K, reserved 1048576K
[16.259s][debug][gc,tlab        ] GC(324) TLAB totals: thrds: 2  refills: 101 max: 55 slow allocs: 0 max 0 waste:  0.1% gc: 2232B max: 2232B slow: 2544B max: 1328B
[16.259s][debug][gc,ref         ] GC(324) Skipped SoftWeakFinalRefsPhase of Reference Processing: no references
[16.259s][debug][gc,ref         ] GC(324) Skipped KeepAliveFinalRefsPhase of Reference Processing: no references
[16.259s][debug][gc,ref         ] GC(324) Skipped PhantomRefsPhase of Reference Processing: no references
[16.259s][debug][gc,phases,ref  ] GC(324) Reference Processing: 0.0ms
[16.259s][debug][gc,phases,ref  ] GC(324)   Notify Soft/WeakReferences: 0.0ms
[16.259s][debug][gc,phases,ref  ] GC(324)     SoftRef: skipped
[16.259s][debug][gc,phases,ref  ] GC(324)     WeakRef: skipped
[16.259s][debug][gc,phases,ref  ] GC(324)     FinalRef: skipped
[16.259s][debug][gc,phases,ref  ] GC(324)     Total: skipped
[16.259s][debug][gc,phases,ref  ] GC(324)   Notify and keep alive finalizable: 0.0ms
[16.259s][debug][gc,phases,ref  ] GC(324)     FinalRef: skipped
[16.259s][debug][gc,phases,ref  ] GC(324)   Notify PhantomReferences: 0.0ms
[16.259s][debug][gc,phases,ref  ] GC(324)     PhantomRef: skipped
[16.259s][debug][gc,phases,ref  ] GC(324)   SoftReference Discovered: 0, Dropped: 0, Processed: 0
[16.259s][debug][gc,phases,ref  ] GC(324)   WeakReference Discovered: 0, Dropped: 0, Processed: 0
[16.259s][debug][gc,phases,ref  ] GC(324)   FinalReference Discovered: 0, Dropped: 0, Processed: 0
[16.259s][debug][gc,phases,ref  ] GC(324)   PhantomReference Discovered: 0, Dropped: 0, Processed: 0
[16.259s][debug][gc,age         ] GC(324) Desired survivor size 557056 bytes, new threshold 15 (max threshold 15)
[16.259s][info ][gc,heap        ] GC(324) DefNew: 8832K(9920K)->0K(9920K) Eden: 8832K(8832K)->0K(8832K) From: 0K(1088K)->0K(1088K)
[16.259s][info ][gc,heap        ] GC(324) Tenured: 2071K(21888K)->2071K(21888K)
[16.259s][info ][gc,metaspace   ] GC(324) Metaspace: 369K(512K)->369K(512K) NonClass: 306K(384K)->306K(384K) Class: 63K(128K)->63K(128K)
[16.259s][debug][gc,heap        ] GC(324) Heap after GC invocations=325 (full 10):
[16.259s][debug][gc,heap        ] GC(324)  def new generation   total 9920K, used 0K [0x0000120000200000, 0x0000120000cc0000, 0x000012000aca0000)
[16.259s][debug][gc,heap        ] GC(324)   eden space 8832K,   0% used [0x0000120000200000, 0x0000120000200000, 0x0000120000aa0000)
[16.259s][debug][gc,heap        ] GC(324)   from space 1088K,   0% used [0x0000120000bb0000, 0x0000120000bb0170, 0x0000120000cc0000)
[16.259s][debug][gc,heap        ] GC(324)   to   space 1088K,   0% used [0x0000120000aa0000, 0x0000120000aa0000, 0x0000120000bb0000)
[16.259s][debug][gc,heap        ] GC(324)  tenured generation   total 21888K, used 2071K [0x000012000aca0000, 0x000012000c200000, 0x0000120020200000)
[16.259s][debug][gc,heap        ] GC(324)    the space 21888K,   9% used [0x000012000aca0000, 0x000012000aea5fe0, 0x000012000aea6000, 0x000012000c200000)
[16.259s][debug][gc,heap        ] GC(324)  Metaspace       used 369K, committed 512K, reserved 1114112K
[16.259s][debug][gc,heap        ] GC(324)   class space    used 63K, committed 128K, reserved 1048576K
[16.259s][info ][gc             ] GC(324) Pause Young (Allocation Failure) 10M->2M(31M) 0.654ms
[16.259s][info ][gc,cpu         ] GC(324) User=0.00s Sys=0.00s Real=0.00s
[16.259s][info ][safepoint      ] Safepoint "GenCollectForAllocation", Time since last: 49195332 ns, Reaching safepoint: 76027 ns, Cleanup: 3284 ns, At safepoint: 698407 ns, Total: 777718 ns
[16.307s][info ][gc,start       ] GC(325) Pause Young (Allocation Failure)
[16.307s][debug][gc,heap        ] GC(325) Heap before GC invocations=325 (full 10):
[16.307s][debug][gc,heap        ] GC(325)  def new generation   total 9920K, used 8832K [0x0000120000200000, 0x0000120000cc0000, 0x000012000aca0000)
[16.307s][debug][gc,heap        ] GC(325)   eden space 8832K, 100% used [0x0000120000200000, 0x0000120000aa0000, 0x0000120000aa0000)
[16.307s][debug][gc,heap        ] GC(325)   from space 1088K,   0% used [0x0000120000bb0000, 0x0000120000bb0170, 0x0000120000cc0000)
[16.307s][debug][gc,heap        ] GC(325)   to   space 1088K,   0% used [0x0000120000aa0000, 0x0000120000aa0000, 0x0000120000bb0000)
[16.307s][debug][gc,heap        ] GC(325)  tenured generation   total 21888K, used 2071K [0x000012000aca0000, 0x000012000c200000, 0x0000120020200000)
[16.307s][debug][gc,heap        ] GC(325)    the space 21888K,   9% used [0x000012000aca0000, 0x000012000aea5fe0, 0x000012000aea6000, 0x000012000c200000)
[16.307s][debug][gc,heap        ] GC(325)  Metaspace       used 369K, committed 512K, reserved 1114112K
[16.307s][debug][gc,heap        ] GC(325)   class space    used 63K, committed 128K, reserved 1048576K
[16.307s][debug][gc,tlab        ] GC(325) TLAB totals: thrds: 2  refills: 101 max: 52 slow allocs: 0 max 0 waste:  0.4% gc: 35448B max: 35448B slow: 3008B max: 1664B
[16.307s][debug][gc,ref         ] GC(325) Skipped SoftWeakFinalRefsPhase of Reference Processing: no references
[16.307s][debug][gc,ref         ] GC(325) Skipped KeepAliveFinalRefsPhase of Reference Processing: no references
[16.307s][debug][gc,ref         ] GC(325) Skipped PhantomRefsPhase of Reference Processing: no references
[16.307s][debug][gc,phases,ref  ] GC(325) Reference Processing: 0.0ms
[16.307s][debug][gc,phases,ref  ] GC(325)   Notify Soft/WeakReferences: 0.0ms
[16.308s][debug][gc,phases,ref  ] GC(325)     SoftRef: skipped
[16.308s][debug][gc,phases,ref  ] GC(325)     WeakRef: skipped
[16.308s][debug][gc,phases,ref  ] GC(325)     FinalRef: skipped
[16.308s][debug][gc,phases,ref  ] GC(325)     Total: skipped
[16.308s][debug][gc,phases,ref  ] GC(325)   Notify and keep alive finalizable: 0.0ms
[16.308s][debug][gc,phases,ref  ] GC(325)     FinalRef: skipped
[16.308s][debug][gc,phases,ref  ] GC(325)   Notify PhantomReferences: 0.0ms
[16.308s][debug][gc,phases,ref  ] GC(325)     PhantomRef: skipped
[16.308s][debug][gc,phases,ref  ] GC(325)   SoftReference Discovered: 0, Dropped: 0, Processed: 0
[16.308s][debug][gc,phases,ref  ] GC(325)   WeakReference Discovered: 0, Dropped: 0, Processed: 0
[16.308s][debug][gc,phases,ref  ] GC(325)   FinalReference Discovered: 0, Dropped: 0, Processed: 0
[16.308s][debug][gc,phases,ref  ] GC(325)   PhantomReference Discovered: 0, Dropped: 0, Processed: 0
[16.308s][debug][gc,age         ] GC(325) Desired survivor size 557056 bytes, new threshold 15 (max threshold 15)
[16.308s][info ][gc,heap        ] GC(325) DefNew: 8832K(9920K)->0K(9920K) Eden: 8832K(8832K)->0K(8832K) From: 0K(1088K)->0K(1088K)
[16.308s][info ][gc,heap        ] GC(325) Tenured: 2071K(21888K)->2071K(21888K)
[16.308s][info ][gc,metaspace   ] GC(325) Metaspace: 369K(512K)->369K(512K) NonClass: 306K(384K)->306K(384K) Class: 63K(128K)->63K(128K)
[16.308s][debug][gc,heap        ] GC(325) Heap after GC invocations=326 (full 10):
[16.308s][debug][gc,heap        ] GC(325)  def new generation   total 9920K, used 0K [0x0000120000200000, 0x0000120000cc0000, 0x000012000aca0000)
[16.308s][debug][gc,heap        ] GC(325)   eden space 8832K,   0% used [0x0000120000200000, 0x0000120000200000, 0x0000120000aa0000)
[16.308s][debug][gc,heap        ] GC(325)   from space 1088K,   0% used [0x0000120000aa0000, 0x0000120000aa0138, 0x0000120000bb0000)
[16.308s][debug][gc,heap        ] GC(325)   to   space 1088K,   0% used [0x0000120000bb0000, 0x0000120000bb0000, 0x0000120000cc0000)
[16.308s][debug][gc,heap        ] GC(325)  tenured generation   total 21888K, used 2071K [0x000012000aca0000, 0x000012000c200000, 0x0000120020200000)
[16.308s][debug][gc,heap        ] GC(325)    the space 21888K,   9% used [0x000012000aca0000, 0x000012000aea5fe0, 0x000012000aea6000, 0x000012000c200000)
[16.308s][debug][gc,heap        ] GC(325)  Metaspace       used 369K, committed 512K, reserved 1114112K
[16.308s][debug][gc,heap        ] GC(325)   class space    used 63K, committed 128K, reserved 1048576K
[16.308s][info ][gc             ] GC(325) Pause Young (Allocation Failure) 10M->2M(31M) 0.575ms
[16.308s][info ][gc,cpu         ] GC(325) User=0.00s Sys=0.00s Real=0.00s
[16.308s][info ][safepoint      ] Safepoint "GenCollectForAllocation", Time since last: 48137478 ns, Reaching safepoint: 3563 ns, Cleanup: 3942 ns, At safepoint: 621339 ns, Total: 628844 ns
[16.356s][info ][gc,start       ] GC(326) Pause Young (Allocation Failure)
[16.356s][debug][gc,heap        ] GC(326) Heap before GC invocations=326 (full 10):
[16.356s][debug][gc,heap        ] GC(326)  def new generation   total 9920K, used 8832K [0x0000120000200000, 0x0000120000cc0000, 0x000012000aca0000)
[16.356s][debug][gc,heap        ] GC(326)   eden space 8832K, 100% used [0x0000120000200000, 0x0000120000aa0000, 0x0000120000aa0000)
[16.356s][debug][gc,heap        ] GC(326)   from space 1088K,   0% used [0x0000120000aa0000, 0x0000120000aa0138, 0x0000120000bb0000)
[16.356s][debug][gc,heap        ] GC(326)   to   space 1088K,   0% used [0x0000120000bb0000, 0x0000120000bb0000, 0x0000120000cc0000)
[16.357s][debug][gc,heap        ] GC(326)  tenured generation   total 21888K, used 2071K [0x000012000aca0000, 0x000012000c200000, 0x0000120020200000)
[16.357s][debug][gc,heap        ] GC(326)    the space 21888K,   9% used [0x000012000aca0000, 0x000012000aea5fe0, 0x000012000aea6000, 0x000012000c200000)
[16.357s][debug][gc,heap        ] GC(326)  Metaspace       used 369K, committed 512K, reserved 1114112K
[16.357s][debug][gc,heap        ] GC(326)   class space    used 63K, committed 128K, reserved 1048576K
[16.357s][debug][gc,tlab        ] GC(326) TLAB totals: thrds: 2  refills: 101 max: 51 slow allocs: 0 max 0 waste:  0.0% gc: 680B max: 680B slow: 2456B max: 1232B
[16.357s][debug][gc,ref         ] GC(326) Skipped SoftWeakFinalRefsPhase of Reference Processing: no references
[16.357s][debug][gc,ref         ] GC(326) Skipped KeepAliveFinalRefsPhase of Reference Processing: no references
[16.357s][debug][gc,ref         ] GC(326) Skipped PhantomRefsPhase of Reference Processing: no references
[16.357s][debug][gc,phases,ref  ] GC(326) Reference Processing: 0.0ms
[16.357s][debug][gc,phases,ref  ] GC(326)   Notify Soft/WeakReferences: 0.0ms
[16.357s][debug][gc,phases,ref  ] GC(326)     SoftRef: skipped
[16.357s][debug][gc,phases,ref  ] GC(326)     WeakRef: skipped
[16.357s][debug][gc,phases,ref  ] GC(326)     FinalRef: skipped
[16.357s][debug][gc,phases,ref  ] GC(326)     Total: skipped
[16.357s][debug][gc,phases,ref  ] GC(326)   Notify and keep alive finalizable: 0.0ms
[16.357s][debug][gc,phases,ref  ] GC(326)     FinalRef: skipped
[16.357s][debug][gc,phases,ref  ] GC(326)   Notify PhantomReferences: 0.0ms
[16.357s][debug][gc,phases,ref  ] GC(326)     PhantomRef: skipped
[16.357s][debug][gc,phases,ref  ] GC(326)   SoftReference Discovered: 0, Dropped: 0, Processed: 0
[16.357s][debug][gc,phases,ref  ] GC(326)   WeakReference Discovered: 0, Dropped: 0, Processed: 0
[16.357s][debug][gc,phases,ref  ] GC(326)   FinalReference Discovered: 0, Dropped: 0, Processed: 0
[16.357s][debug][gc,phases,ref  ] GC(326)   PhantomReference Discovered: 0, Dropped: 0, Processed: 0
[16.357s][debug][gc,age         ] GC(326) Desired survivor size 557056 bytes, new threshold 15 (max threshold 15)
[16.357s][info ][gc,heap        ] GC(326) DefNew: 8832K(9920K)->0K(9920K) Eden: 8832K(8832K)->0K(8832K) From: 0K(1088K)->0K(1088K)
[16.357s][info ][gc,heap        ] GC(326) Tenured: 2071K(21888K)->2071K(21888K)
[16.357s][info ][gc,metaspace   ] GC(326) Metaspace: 369K(512K)->369K(512K) NonClass: 306K(384K)->306K(384K) Class: 63K(128K)->63K(128K)
[16.357s][debug][gc,heap        ] GC(326) Heap after GC invocations=327 (full 10):
[16.357s][debug][gc,heap        ] GC(326)  def new generation   total 9920K, used 0K [0x0000120000200000, 0x0000120000cc0000, 0x000012000aca0000)
[16.357s][debug][gc,heap        ] GC(326)   eden space 8832K,   0% used [0x0000120000200000, 0x0000120000200000, 0x0000120000aa0000)
[16.357s][debug][gc,heap        ] GC(326)   from space 1088K,   0% used [0x0000120000bb0000, 0x0000120000bb00e8, 0x0000120000cc0000)
[16.357s][debug][gc,heap        ] GC(326)   to   space 1088K,   0% used [0x0000120000aa0000, 0x0000120000aa0000, 0x0000120000bb0000)
[16.357s][debug][gc,heap        ] GC(326)  tenured generation   total 21888K, used 2071K [0x000012000aca0000, 0x000012000c200000, 0x0000120020200000)
[16.357s][debug][gc,heap        ] GC(326)    the space 21888K,   9% used [0x000012000aca0000, 0x000012000aea5fe0, 0x000012000aea6000, 0x000012000c200000)
[16.357s][debug][gc,heap        ] GC(326)  Metaspace       used 369K, committed 512K, reserved 1114112K
[16.357s][debug][gc,heap        ] GC(326)   class space    used 63K, committed 128K, reserved 1048576K
[16.357s][info ][gc             ] GC(326) Pause Young (Allocation Failure) 10M->2M(31M) 0.595ms
[16.357s][info ][gc,cpu         ] GC(326) User=0.00s Sys=0.00s Real=0.00s
[16.357s][info ][safepoint      ] Safepoint "GenCollectForAllocation", Time since last: 48539454 ns, Reaching safepoint: 3562 ns, Cleanup: 3967 ns, At safepoint: 642878 ns, Total: 650407 ns
[16.408s][info ][gc,start       ] GC(327) Pause Young (Allocation Failure)
[16.408s][debug][gc,heap        ] GC(327) Heap before GC invocations=327 (full 10):
[16.408s][debug][gc,heap        ] GC(327)  def new generation   total 9920K, used 8832K [0x0000120000200000, 0x0000120000cc0000, 0x000012000aca0000)
[16.408s][debug][gc,heap        ] GC(327)   eden space 8832K, 100% used [0x0000120000200000, 0x0000120000aa0000, 0x0000120000aa0000)
[16.408s][debug][gc,heap        ] GC(327)   from space 1088K,   0% used [0x0000120000bb0000, 0x0000120000bb00e8, 0x0000120000cc0000)
[16.408s][debug][gc,heap        ] GC(327)   to   space 1088K,   0% used [0x0000120000aa0000, 0x0000120000aa0000, 0x0000120000bb0000)
[16.408s][debug][gc,heap        ] GC(327)  tenured generation   total 21888K, used 2071K [0x000012000aca0000, 0x000012000c200000, 0x0000120020200000)
[16.408s][debug][gc,heap        ] GC(327)    the space 21888K,   9% used [0x000012000aca0000, 0x000012000aea5fe0, 0x000012000aea6000, 0x000012000c200000)
[16.408s][debug][gc,heap        ] GC(327)  Metaspace       used 369K, committed 512K, reserved 1114112K
[16.408s][debug][gc,heap        ] GC(327)   class space    used 63K, committed 128K, reserved 1048576K
[16.408s][debug][gc,tlab        ] GC(327) TLAB totals: thrds: 2  refills: 100 max: 52 slow allocs: 0 max 0 waste:  0.3% gc: 26872B max: 26872B slow: 2592B max: 1456B
[16.408s][debug][gc,ref         ] GC(327) Skipped SoftWeakFinalRefsPhase of Reference Processing: no references
[16.408s][debug][gc,ref         ] GC(327) Skipped KeepAliveFinalRefsPhase of Reference Processing: no references
[16.408s][debug][gc,ref         ] GC(327) Skipped PhantomRefsPhase of Reference Processing: no references
[16.408s][debug][gc,phases,ref  ] GC(327) Reference Processing: 0.0ms
[16.408s][debug][gc,phases,ref  ] GC(327)   Notify Soft/WeakReferences: 0.0ms
[16.408s][debug][gc,phases,ref  ] GC(327)     SoftRef: skipped
[16.408s][debug][gc,phases,ref  ] GC(327)     WeakRef: skipped
[16.408s][debug][gc,phases,ref  ] GC(327)     FinalRef: skipped
[16.408s][debug][gc,phases,ref  ] GC(327)     Total: skipped
[16.408s][debug][gc,phases,ref  ] GC(327)   Notify and keep alive finalizable: 0.0ms
[16.408s][debug][gc,phases,ref  ] GC(327)     FinalRef: skipped
[16.408s][debug][gc,phases,ref  ] GC(327)   Notify PhantomReferences: 0.0ms
[16.408s][debug][gc,phases,ref  ] GC(327)     PhantomRef: skipped
[16.408s][debug][gc,phases,ref  ] GC(327)   SoftReference Discovered: 0, Dropped: 0, Processed: 0
[16.408s][debug][gc,phases,ref  ] GC(327)   WeakReference Discovered: 0, Dropped: 0, Processed: 0
[16.408s][debug][gc,phases,ref  ] GC(327)   FinalReference Discovered: 0, Dropped: 0, Processed: 0
[16.408s][debug][gc,phases,ref  ] GC(327)   PhantomReference Discovered: 0, Dropped: 0, Processed: 0
[16.408s][debug][gc,age         ] GC(327) Desired survivor size 557056 bytes, new threshold 15 (max threshold 15)
[16.408s][info ][gc,heap        ] GC(327) DefNew: 8832K(9920K)->0K(9920K) Eden: 8832K(8832K)->0K(8832K) From: 0K(1088K)->0K(1088K)
[16.408s][info ][gc,heap        ] GC(327) Tenured: 2071K(21888K)->2071K(21888K)
[16.408s][info ][gc,metaspace   ] GC(327) Metaspace: 369K(512K)->369K(512K) NonClass: 306K(384K)->306K(384K) Class: 63K(128K)->63K(128K)
[16.408s][debug][gc,heap        ] GC(327) Heap after GC invocations=328 (full 10):
[16.408s][debug][gc,heap        ] GC(327)  def new generation   total 9920K, used 0K [0x0000120000200000, 0x0000120000cc0000, 0x000012000aca0000)
[16.408s][debug][gc,heap        ] GC(327)   eden space 8832K,   0% used [0x0000120000200000, 0x0000120000200000, 0x0000120000aa0000)
[16.408s][debug][gc,heap        ] GC(327)   from space 1088K,   0% used [0x0000120000aa0000, 0x0000120000aa00e8, 0x0000120000bb0000)
[16.408s][debug][gc,heap        ] GC(327)   to   space 1088K,   0% used [0x0000120000bb0000, 0x0000120000bb0000, 0x0000120000cc0000)
[16.408s][debug][gc,heap        ] GC(327)  tenured generation   total 21888K, used 2071K [0x000012000aca0000, 0x000012000c200000, 0x0000120020200000)
[16.408s][debug][gc,heap        ] GC(327)    the space 21888K,   9% used [0x000012000aca0000, 0x000012000aea5fe0, 0x000012000aea6000, 0x000012000c200000)
[16.408s][debug][gc,heap        ] GC(327)  Metaspace       used 369K, committed 512K, reserved 1114112K
[16.408s][debug][gc,heap        ] GC(327)   class space    used 63K, committed 128K, reserved 1048576K
[16.408s][info ][gc             ] GC(327) Pause Young (Allocation Failure) 10M->2M(31M) 0.738ms
[16.408s][info ][gc,cpu         ] GC(327) User=0.00s Sys=0.00s Real=0.00s
[16.408s][info ][safepoint      ] Safepoint "GenCollectForAllocation", Time since last: 50402556 ns, Reaching safepoint: 76753 ns, Cleanup: 3685 ns, At safepoint: 784557 ns, Total: 864995 ns
[16.465s][info ][gc,start       ] GC(328) Pause Young (Allocation Failure)
[16.465s][debug][gc,heap        ] GC(328) Heap before GC invocations=328 (full 10):
[16.465s][debug][gc,heap        ] GC(328)  def new generation   total 9920K, used 8832K [0x0000120000200000, 0x0000120000cc0000, 0x000012000aca0000)
[16.465s][debug][gc,heap        ] GC(328)   eden space 8832K,  99% used [0x0000120000200000, 0x0000120000a9fff0, 0x0000120000aa0000)
[16.465s][debug][gc,heap        ] GC(328)   from space 1088K,   0% used [0x0000120000aa0000, 0x0000120000aa00e8, 0x0000120000bb0000)
[16.465s][debug][gc,heap        ] GC(328)   to   space 1088K,   0% used [0x0000120000bb0000, 0x0000120000bb0000, 0x0000120000cc0000)
[16.465s][debug][gc,heap        ] GC(328)  tenured generation   total 21888K, used 2071K [0x000012000aca0000, 0x000012000c200000, 0x0000120020200000)
[16.465s][debug][gc,heap        ] GC(328)    the space 21888K,   9% used [0x000012000aca0000, 0x000012000aea5fe0, 0x000012000aea6000, 0x000012000c200000)
[16.465s][debug][gc,heap        ] GC(328)  Metaspace       used 369K, committed 512K, reserved 1114112K
[16.465s][debug][gc,heap        ] GC(328)   class space    used 63K, committed 128K, reserved 1048576K
[16.465s][debug][gc,tlab        ] GC(328) TLAB totals: thrds: 2  refills: 100 max: 58 slow allocs: 0 max 0 waste:  0.4% gc: 30304B max: 30304B slow: 2192B max: 1512B
[16.465s][debug][gc,ref         ] GC(328) Skipped SoftWeakFinalRefsPhase of Reference Processing: no references
[16.465s][debug][gc,ref         ] GC(328) Skipped KeepAliveFinalRefsPhase of Reference Processing: no references
[16.465s][debug][gc,ref         ] GC(328) Skipped PhantomRefsPhase of Reference Processing: no references
[16.465s][debug][gc,phases,ref  ] GC(328) Reference Processing: 0.0ms
[16.465s][debug][gc,phases,ref  ] GC(328)   Notify Soft/WeakReferences: 0.0ms
[16.465s][debug][gc,phases,ref  ] GC(328)     SoftRef: skipped
[16.465s][debug][gc,phases,ref  ] GC(328)     WeakRef: skipped
[16.465s][debug][gc,phases,ref  ] GC(328)     FinalRef: skipped
[16.465s][debug][gc,phases,ref  ] GC(328)     Total: skipped
[16.465s][debug][gc,phases,ref  ] GC(328)   Notify and keep alive finalizable: 0.0ms
[16.465s][debug][gc,phases,ref  ] GC(328)     FinalRef: skipped
[16.465s][debug][gc,phases,ref  ] GC(328)   Notify PhantomReferences: 0.0ms
[16.465s][debug][gc,phases,ref  ] GC(328)     PhantomRef: skipped
[16.465s][debug][gc,phases,ref  ] GC(328)   SoftReference Discovered: 0, Dropped: 0, Processed: 0
[16.465s][debug][gc,phases,ref  ] GC(328)   WeakReference Discovered: 0, Dropped: 0, Processed: 0
[16.465s][debug][gc,phases,ref  ] GC(328)   FinalReference Discovered: 0, Dropped: 0, Processed: 0
[16.465s][debug][gc,phases,ref  ] GC(328)   PhantomReference Discovered: 0, Dropped: 0, Processed: 0
[16.465s][debug][gc,age         ] GC(328) Desired survivor size 557056 bytes, new threshold 15 (max threshold 15)
[16.465s][info ][gc,heap        ] GC(328) DefNew: 8832K(9920K)->0K(9920K) Eden: 8831K(8832K)->0K(8832K) From: 0K(1088K)->0K(1088K)
[16.465s][info ][gc,heap        ] GC(328) Tenured: 2071K(21888K)->2071K(21888K)
[16.465s][info ][gc,metaspace   ] GC(328) Metaspace: 369K(512K)->369K(512K) NonClass: 306K(384K)->306K(384K) Class: 63K(128K)->63K(128K)
[16.465s][debug][gc,heap        ] GC(328) Heap after GC invocations=329 (full 10):
[16.465s][debug][gc,heap        ] GC(328)  def new generation   total 9920K, used 0K [0x0000120000200000, 0x0000120000cc0000, 0x000012000aca0000)
[16.465s][debug][gc,heap        ] GC(328)   eden space 8832K,   0% used [0x0000120000200000, 0x0000120000200000, 0x0000120000aa0000)
[16.465s][debug][gc,heap        ] GC(328)   from space 1088K,   0% used [0x0000120000bb0000, 0x0000120000bb0100, 0x0000120000cc0000)
[16.465s][debug][gc,heap        ] GC(328)   to   space 1088K,   0% used [0x0000120000aa0000, 0x0000120000aa0000, 0x0000120000bb0000)
[16.465s][debug][gc,heap        ] GC(328)  tenured generation   total 21888K, used 2071K [0x000012000aca0000, 0x000012000c200000, 0x0000120020200000)
[16.465s][debug][gc,heap        ] GC(328)    the space 21888K,   9% used [0x000012000aca0000, 0x000012000aea5fe0, 0x000012000aea6000, 0x000012000c200000)
[16.465s][debug][gc,heap        ] GC(328)  Metaspace       used 369K, committed 512K, reserved 1114112K
[16.465s][debug][gc,heap        ] GC(328)   class space    used 63K, committed 128K, reserved 1048576K
[16.466s][info ][gc             ] GC(328) Pause Young (Allocation Failure) 10M->2M(31M) 0.609ms
[16.466s][info ][gc,cpu         ] GC(328) User=0.00s Sys=0.00s Real=0.00s
[16.466s][info ][safepoint      ] Safepoint "GenCollectForAllocation", Time since last: 56592373 ns, Reaching safepoint: 3872 ns, Cleanup: 4533 ns, At safepoint: 657485 ns, Total: 665890 ns
[16.514s][info ][gc,start       ] GC(329) Pause Young (Allocation Failure)
[16.514s][debug][gc,heap        ] GC(329) Heap before GC invocations=329 (full 10):
[16.514s][debug][gc,heap        ] GC(329)  def new generation   total 9920K, used 8832K [0x0000120000200000, 0x0000120000cc0000, 0x000012000aca0000)
[16.514s][debug][gc,heap        ] GC(329)   eden space 8832K, 100% used [0x0000120000200000, 0x0000120000aa0000, 0x0000120000aa0000)
[16.514s][debug][gc,heap        ] GC(329)   from space 1088K,   0% used [0x0000120000bb0000, 0x0000120000bb0100, 0x0000120000cc0000)
[16.514s][debug][gc,heap        ] GC(329)   to   space 1088K,   0% used [0x0000120000aa0000, 0x0000120000aa0000, 0x0000120000bb0000)
[16.515s][debug][gc,heap        ] GC(329)  tenured generation   total 21888K, used 2071K [0x000012000aca0000, 0x000012000c200000, 0x0000120020200000)
[16.515s][debug][gc,heap        ] GC(329)    the space 21888K,   9% used [0x000012000aca0000, 0x000012000aea5fe0, 0x000012000aea6000, 0x000012000c200000)
[16.515s][debug][gc,heap        ] GC(329)  Metaspace       used 369K, committed 512K, reserved 1114112K
[16.515s][debug][gc,heap        ] GC(329)   class space    used 63K, committed 128K, reserved 1048576K
[16.515s][debug][gc,tlab        ] GC(329) TLAB totals: thrds: 2  refills: 101 max: 54 slow allocs: 0 max 0 waste:  0.2% gc: 16224B max: 16224B slow: 2120B max: 1256B
[16.515s][debug][gc,ref         ] GC(329) Skipped SoftWeakFinalRefsPhase of Reference Processing: no references
[16.515s][debug][gc,ref         ] GC(329) Skipped KeepAliveFinalRefsPhase of Reference Processing: no references
[16.515s][debug][gc,ref         ] GC(329) Skipped PhantomRefsPhase of Reference Processing: no references
[16.515s][debug][gc,phases,ref  ] GC(329) Reference Processing: 0.0ms
[16.515s][debug][gc,phases,ref  ] GC(329)   Notify Soft/WeakReferences: 0.0ms
[16.515s][debug][gc,phases,ref  ] GC(329)     SoftRef: skipped
[16.515s][debug][gc,phases,ref  ] GC(329)     WeakRef: skipped
[16.515s][debug][gc,phases,ref  ] GC(329)     FinalRef: skipped
[16.515s][debug][gc,phases,ref  ] GC(329)     Total: skipped
[16.515s][debug][gc,phases,ref  ] GC(329)   Notify and keep alive finalizable: 0.0ms
[16.515s][debug][gc,phases,ref  ] GC(329)     FinalRef: skipped
[16.515s][debug][gc,phases,ref  ] GC(329)   Notify PhantomReferences: 0.0ms
[16.515s][debug][gc,phases,ref  ] GC(329)     PhantomRef: skipped
[16.515s][debug][gc,phases,ref  ] GC(329)   SoftReference Discovered: 0, Dropped: 0, Processed: 0
[16.515s][debug][gc,phases,ref  ] GC(329)   WeakReference Discovered: 0, Dropped: 0, Processed: 0
[16.515s][debug][gc,phases,ref  ] GC(329)   FinalReference Discovered: 0, Dropped: 0, Processed: 0
[16.515s][debug][gc,phases,ref  ] GC(329)   PhantomReference Discovered: 0, Dropped: 0, Processed: 0
[16.515s][debug][gc,age         ] GC(329) Desired survivor size 557056 bytes, new threshold 15 (max threshold 15)
[16.515s][info ][gc,heap        ] GC(329) DefNew: 8832K(9920K)->0K(9920K) Eden: 8832K(8832K)->0K(8832K) From: 0K(1088K)->0K(1088K)
[16.515s][info ][gc,heap        ] GC(329) Tenured: 2071K(21888K)->2071K(21888K)
[16.515s][info ][gc,metaspace   ] GC(329) Metaspace: 369K(512K)->369K(512K) NonClass: 306K(384K)->306K(384K) Class: 63K(128K)->63K(128K)
[16.515s][debug][gc,heap        ] GC(329) Heap after GC invocations=330 (full 10):
[16.515s][debug][gc,heap        ] GC(329)  def new generation   total 9920K, used 0K [0x0000120000200000, 0x0000120000cc0000, 0x000012000aca0000)
[16.515s][debug][gc,heap        ] GC(329)   eden space 8832K,   0% used [0x0000120000200000, 0x0000120000200000, 0x0000120000aa0000)
[16.515s][debug][gc,heap        ] GC(329)   from space 1088K,   0% used [0x0000120000aa0000, 0x0000120000aa0118, 0x0000120000bb0000)
[16.515s][debug][gc,heap        ] GC(329)   to   space 1088K,   0% used [0x0000120000bb0000, 0x0000120000bb0000, 0x0000120000cc0000)
[16.515s][debug][gc,heap        ] GC(329)  tenured generation   total 21888K, used 2071K [0x000012000aca0000, 0x000012000c200000, 0x0000120020200000)
[16.515s][debug][gc,heap        ] GC(329)    the space 21888K,   9% used [0x000012000aca0000, 0x000012000aea5fe0, 0x000012000aea6000, 0x000012000c200000)
[16.515s][debug][gc,heap        ] GC(329)  Metaspace       used 369K, committed 512K, reserved 1114112K
[16.515s][debug][gc,heap        ] GC(329)   class space    used 63K, committed 128K, reserved 1048576K
[16.515s][info ][gc             ] GC(329) Pause Young (Allocation Failure) 10M->2M(31M) 0.596ms
[16.515s][info ][gc,cpu         ] GC(329) User=0.00s Sys=0.00s Real=0.00s
[16.515s][info ][safepoint      ] Safepoint "GenCollectForAllocation", Time since last: 48837902 ns, Reaching safepoint: 3855 ns, Cleanup: 4071 ns, At safepoint: 644113 ns, Total: 652039 ns
[16.563s][info ][gc,start       ] GC(330) Pause Young (Allocation Failure)
[16.563s][debug][gc,heap        ] GC(330) Heap before GC invocations=330 (full 10):
[16.563s][debug][gc,heap        ] GC(330)  def new generation   total 9920K, used 8832K [0x0000120000200000, 0x0000120000cc0000, 0x000012000aca0000)
[16.563s][debug][gc,heap        ] GC(330)   eden space 8832K, 100% used [0x0000120000200000, 0x0000120000aa0000, 0x0000120000aa0000)
[16.563s][debug][gc,heap        ] GC(330)   from space 1088K,   0% used [0x0000120000aa0000, 0x0000120000aa0118, 0x0000120000bb0000)
[16.563s][debug][gc,heap        ] GC(330)   to   space 1088K,   0% used [0x0000120000bb0000, 0x0000120000bb0000, 0x0000120000cc0000)
[16.563s][debug][gc,heap        ] GC(330)  tenured generation   total 21888K, used 2071K [0x000012000aca0000, 0x000012000c200000, 0x0000120020200000)
[16.563s][debug][gc,heap        ] GC(330)    the space 21888K,   9% used [0x000012000aca0000, 0x000012000aea5fe0, 0x000012000aea6000, 0x000012000c200000)
[16.563s][debug][gc,heap        ] GC(330)  Metaspace       used 369K, committed 512K, reserved 1114112K
[16.563s][debug][gc,heap        ] GC(330)   class space    used 63K, committed 128K, reserved 1048576K
[16.563s][debug][gc,tlab        ] GC(330) TLAB totals: thrds: 2  refills: 101 max: 53 slow allocs: 0 max 0 waste:  0.3% gc: 21176B max: 21176B slow: 3024B max: 1912B
[16.563s][debug][gc,ref         ] GC(330) Skipped SoftWeakFinalRefsPhase of Reference Processing: no references
[16.564s][debug][gc,ref         ] GC(330) Skipped KeepAliveFinalRefsPhase of Reference Processing: no references
[16.564s][debug][gc,ref         ] GC(330) Skipped PhantomRefsPhase of Reference Processing: no references
[16.564s][debug][gc,phases,ref  ] GC(330) Reference Processing: 0.0ms
[16.564s][debug][gc,phases,ref  ] GC(330)   Notify Soft/WeakReferences: 0.0ms
[16.564s][debug][gc,phases,ref  ] GC(330)     SoftRef: skipped
[16.564s][debug][gc,phases,ref  ] GC(330)     WeakRef: skipped
[16.564s][debug][gc,phases,ref  ] GC(330)     FinalRef: skipped
[16.564s][debug][gc,phases,ref  ] GC(330)     Total: skipped
[16.564s][debug][gc,phases,ref  ] GC(330)   Notify and keep alive finalizable: 0.0ms
[16.564s][debug][gc,phases,ref  ] GC(330)     FinalRef: skipped
[16.564s][debug][gc,phases,ref  ] GC(330)   Notify PhantomReferences: 0.0ms
[16.564s][debug][gc,phases,ref  ] GC(330)     PhantomRef: skipped
[16.564s][debug][gc,phases,ref  ] GC(330)   SoftReference Discovered: 0, Dropped: 0, Processed: 0
[16.564s][debug][gc,phases,ref  ] GC(330)   WeakReference Discovered: 0, Dropped: 0, Processed: 0
[16.564s][debug][gc,phases,ref  ] GC(330)   FinalReference Discovered: 0, Dropped: 0, Processed: 0
[16.564s][debug][gc,phases,ref  ] GC(330)   PhantomReference Discovered: 0, Dropped: 0, Processed: 0
[16.564s][debug][gc,age         ] GC(330) Desired survivor size 557056 bytes, new threshold 15 (max threshold 15)
[16.564s][info ][gc,heap        ] GC(330) DefNew: 8832K(9920K)->0K(9920K) Eden: 8832K(8832K)->0K(8832K) From: 0K(1088K)->0K(1088K)
[16.564s][info ][gc,heap        ] GC(330) Tenured: 2071K(21888K)->2071K(21888K)
[16.564s][info ][gc,metaspace   ] GC(330) Metaspace: 369K(512K)->369K(512K) NonClass: 306K(384K)->306K(384K) Class: 63K(128K)->63K(128K)
[16.564s][debug][gc,heap        ] GC(330) Heap after GC invocations=331 (full 10):
[16.564s][debug][gc,heap        ] GC(330)  def new generation   total 9920K, used 0K [0x0000120000200000, 0x0000120000cc0000, 0x000012000aca0000)
[16.564s][debug][gc,heap        ] GC(330)   eden space 8832K,   0% used [0x0000120000200000, 0x0000120000200000, 0x0000120000aa0000)
[16.564s][debug][gc,heap        ] GC(330)   from space 1088K,   0% used [0x0000120000bb0000, 0x0000120000bb0138, 0x0000120000cc0000)
[16.564s][debug][gc,heap        ] GC(330)   to   space 1088K,   0% used [0x0000120000aa0000, 0x0000120000aa0000, 0x0000120000bb0000)
[16.564s][debug][gc,heap        ] GC(330)  tenured generation   total 21888K, used 2071K [0x000012000aca0000, 0x000012000c200000, 0x0000120020200000)
[16.564s][debug][gc,heap        ] GC(330)    the space 21888K,   9% used [0x000012000aca0000, 0x000012000aea5fe0, 0x000012000aea6000, 0x000012000c200000)
[16.564s][debug][gc,heap        ] GC(330)  Metaspace       used 369K, committed 512K, reserved 1114112K
[16.564s][debug][gc,heap        ] GC(330)   class space    used 63K, committed 128K, reserved 1048576K
[16.564s][info ][gc             ] GC(330) Pause Young (Allocation Failure) 10M->2M(31M) 0.683ms
[16.564s][info ][gc,cpu         ] GC(330) User=0.00s Sys=0.00s Real=0.00s
[16.564s][info ][safepoint      ] Safepoint "GenCollectForAllocation", Time since last: 48116575 ns, Reaching safepoint: 4616 ns, Cleanup: 4731 ns, At safepoint: 728851 ns, Total: 738198 ns
[16.612s][info ][gc,start       ] GC(331) Pause Young (Allocation Failure)
[16.612s][debug][gc,heap        ] GC(331) Heap before GC invocations=331 (full 10):
[16.612s][debug][gc,heap        ] GC(331)  def new generation   total 9920K, used 8832K [0x0000120000200000, 0x0000120000cc0000, 0x000012000aca0000)
[16.612s][debug][gc,heap        ] GC(331)   eden space 8832K, 100% used [0x0000120000200000, 0x0000120000aa0000, 0x0000120000aa0000)
[16.612s][debug][gc,heap        ] GC(331)   from space 1088K,   0% used [0x0000120000bb0000, 0x0000120000bb0138, 0x0000120000cc0000)
[16.612s][debug][gc,heap        ] GC(331)   to   space 1088K,   0% used [0x0000120000aa0000, 0x0000120000aa0000, 0x0000120000bb0000)
[16.612s][debug][gc,heap        ] GC(331)  tenured generation   total 21888K, used 2071K [0x000012000aca0000, 0x000012000c200000, 0x0000120020200000)
[16.612s][debug][gc,heap        ] GC(331)    the space 21888K,   9% used [0x000012000aca0000, 0x000012000aea5fe0, 0x000012000aea6000, 0x000012000c200000)
[16.612s][debug][gc,heap        ] GC(331)  Metaspace       used 369K, committed 512K, reserved 1114112K
[16.612s][debug][gc,heap        ] GC(331)   class space    used 63K, committed 128K, reserved 1048576K
[16.612s][debug][gc,tlab        ] GC(331) TLAB totals: thrds: 2  refills: 101 max: 52 slow allocs: 0 max 0 waste:  0.2% gc: 15496B max: 15496B slow: 2144B max: 1168B
[16.612s][debug][gc,ref         ] GC(331) Skipped SoftWeakFinalRefsPhase of Reference Processing: no references
[16.612s][debug][gc,ref         ] GC(331) Skipped KeepAliveFinalRefsPhase of Reference Processing: no references
[16.612s][debug][gc,ref         ] GC(331) Skipped PhantomRefsPhase of Reference Processing: no references
[16.612s][debug][gc,phases,ref  ] GC(331) Reference Processing: 0.0ms
[16.612s][debug][gc,phases,ref  ] GC(331)   Notify Soft/WeakReferences: 0.0ms
[16.612s][debug][gc,phases,ref  ] GC(331)     SoftRef: skipped
[16.612s][debug][gc,phases,ref  ] GC(331)     WeakRef: skipped
[16.612s][debug][gc,phases,ref  ] GC(331)     FinalRef: skipped
[16.612s][debug][gc,phases,ref  ] GC(331)     Total: skipped
[16.612s][debug][gc,phases,ref  ] GC(331)   Notify and keep alive finalizable: 0.0ms
[16.612s][debug][gc,phases,ref  ] GC(331)     FinalRef: skipped
[16.612s][debug][gc,phases,ref  ] GC(331)   Notify PhantomReferences: 0.0ms
[16.612s][debug][gc,phases,ref  ] GC(331)     PhantomRef: skipped
[16.612s][debug][gc,phases,ref  ] GC(331)   SoftReference Discovered: 0, Dropped: 0, Processed: 0
[16.612s][debug][gc,phases,ref  ] GC(331)   WeakReference Discovered: 0, Dropped: 0, Processed: 0
[16.612s][debug][gc,phases,ref  ] GC(331)   FinalReference Discovered: 0, Dropped: 0, Processed: 0
[16.612s][debug][gc,phases,ref  ] GC(331)   PhantomReference Discovered: 0, Dropped: 0, Processed: 0
[16.612s][debug][gc,age         ] GC(331) Desired survivor size 557056 bytes, new threshold 15 (max threshold 15)
[16.612s][info ][gc,heap        ] GC(331) DefNew: 8832K(9920K)->0K(9920K) Eden: 8832K(8832K)->0K(8832K) From: 0K(1088K)->0K(1088K)
[16.612s][info ][gc,heap        ] GC(331) Tenured: 2071K(21888K)->2071K(21888K)
[16.612s][info ][gc,metaspace   ] GC(331) Metaspace: 369K(512K)->369K(512K) NonClass: 306K(384K)->306K(384K) Class: 63K(128K)->63K(128K)
[16.612s][debug][gc,heap        ] GC(331) Heap after GC invocations=332 (full 10):
[16.612s][debug][gc,heap        ] GC(331)  def new generation   total 9920K, used 0K [0x0000120000200000, 0x0000120000cc0000, 0x000012000aca0000)
[16.612s][debug][gc,heap        ] GC(331)   eden space 8832K,   0% used [0x0000120000200000, 0x0000120000200000, 0x0000120000aa0000)
[16.612s][debug][gc,heap        ] GC(331)   from space 1088K,   0% used [0x0000120000aa0000, 0x0000120000aa0148, 0x0000120000bb0000)
[16.612s][debug][gc,heap        ] GC(331)   to   space 1088K,   0% used [0x0000120000bb0000, 0x0000120000bb0000, 0x0000120000cc0000)
[16.613s][debug][gc,heap        ] GC(331)  tenured generation   total 21888K, used 2071K [0x000012000aca0000, 0x000012000c200000, 0x0000120020200000)
[16.613s][debug][gc,heap        ] GC(331)    the space 21888K,   9% used [0x000012000aca0000, 0x000012000aea5fe0, 0x000012000aea6000, 0x000012000c200000)
[16.613s][debug][gc,heap        ] GC(331)  Metaspace       used 369K, committed 512K, reserved 1114112K
[16.613s][debug][gc,heap        ] GC(331)   class space    used 63K, committed 128K, reserved 1048576K
[16.613s][info ][gc             ] GC(331) Pause Young (Allocation Failure) 10M->2M(31M) 0.642ms
[16.613s][info ][gc,cpu         ] GC(331) User=0.00s Sys=0.00s Real=0.00s
[16.613s][info ][safepoint      ] Safepoint "GenCollectForAllocation", Time since last: 47995707 ns, Reaching safepoint: 5471 ns, Cleanup: 5912 ns, At safepoint: 692347 ns, Total: 703730 ns
[16.661s][info ][gc,start       ] GC(332) Pause Young (Allocation Failure)
[16.661s][debug][gc,heap        ] GC(332) Heap before GC invocations=332 (full 10):
[16.661s][debug][gc,heap        ] GC(332)  def new generation   total 9920K, used 8832K [0x0000120000200000, 0x0000120000cc0000, 0x000012000aca0000)
[16.661s][debug][gc,heap        ] GC(332)   eden space 8832K, 100% used [0x0000120000200000, 0x0000120000aa0000, 0x0000120000aa0000)
[16.661s][debug][gc,heap        ] GC(332)   from space 1088K,   0% used [0x0000120000aa0000, 0x0000120000aa0148, 0x0000120000bb0000)
[16.661s][debug][gc,heap        ] GC(332)   to   space 1088K,   0% used [0x0000120000bb0000, 0x0000120000bb0000, 0x0000120000cc0000)
[16.661s][debug][gc,heap        ] GC(332)  tenured generation   total 21888K, used 2071K [0x000012000aca0000, 0x000012000c200000, 0x0000120020200000)
[16.661s][debug][gc,heap        ] GC(332)    the space 21888K,   9% used [0x000012000aca0000, 0x000012000aea5fe0, 0x000012000aea6000, 0x000012000c200000)
[16.661s][debug][gc,heap        ] GC(332)  Metaspace       used 369K, committed 512K, reserved 1114112K
[16.661s][debug][gc,heap        ] GC(332)   class space    used 63K, committed 128K, reserved 1048576K
[16.661s][debug][gc,tlab        ] GC(332) TLAB totals: thrds: 2  refills: 101 max: 51 slow allocs: 0 max 0 waste:  0.2% gc: 20024B max: 20024B slow: 2104B max: 1304B
[16.661s][debug][gc,ref         ] GC(332) Skipped SoftWeakFinalRefsPhase of Reference Processing: no references
[16.661s][debug][gc,ref         ] GC(332) Skipped KeepAliveFinalRefsPhase of Reference Processing: no references
[16.661s][debug][gc,ref         ] GC(332) Skipped PhantomRefsPhase of Reference Processing: no references
[16.661s][debug][gc,phases,ref  ] GC(332) Reference Processing: 0.0ms
[16.661s][debug][gc,phases,ref  ] GC(332)   Notify Soft/WeakReferences: 0.0ms
[16.661s][debug][gc,phases,ref  ] GC(332)     SoftRef: skipped
[16.661s][debug][gc,phases,ref  ] GC(332)     WeakRef: skipped
[16.661s][debug][gc,phases,ref  ] GC(332)     FinalRef: skipped
[16.661s][debug][gc,phases,ref  ] GC(332)     Total: skipped
[16.661s][debug][gc,phases,ref  ] GC(332)   Notify and keep alive finalizable: 0.0ms
[16.661s][debug][gc,phases,ref  ] GC(332)     FinalRef: skipped
[16.661s][debug][gc,phases,ref  ] GC(332)   Notify PhantomReferences: 0.0ms
[16.661s][debug][gc,phases,ref  ] GC(332)     PhantomRef: skipped
[16.661s][debug][gc,phases,ref  ] GC(332)   SoftReference Discovered: 0, Dropped: 0, Processed: 0
[16.661s][debug][gc,phases,ref  ] GC(332)   WeakReference Discovered: 0, Dropped: 0, Processed: 0
[16.661s][debug][gc,phases,ref  ] GC(332)   FinalReference Discovered: 0, Dropped: 0, Processed: 0
[16.661s][debug][gc,phases,ref  ] GC(332)   PhantomReference Discovered: 0, Dropped: 0, Processed: 0
[16.661s][debug][gc,age         ] GC(332) Desired survivor size 557056 bytes, new threshold 15 (max threshold 15)
[16.661s][info ][gc,heap        ] GC(332) DefNew: 8832K(9920K)->0K(9920K) Eden: 8832K(8832K)->0K(8832K) From: 0K(1088K)->0K(1088K)
[16.661s][info ][gc,heap        ] GC(332) Tenured: 2071K(21888K)->2071K(21888K)
[16.661s][info ][gc,metaspace   ] GC(332) Metaspace: 369K(512K)->369K(512K) NonClass: 306K(384K)->306K(384K) Class: 63K(128K)->63K(128K)
[16.661s][debug][gc,heap        ] GC(332) Heap after GC invocations=333 (full 10):
[16.661s][debug][gc,heap        ] GC(332)  def new generation   total 9920K, used 0K [0x0000120000200000, 0x0000120000cc0000, 0x000012000aca0000)
[16.661s][debug][gc,heap        ] GC(332)   eden space 8832K,   0% used [0x0000120000200000, 0x0000120000200000, 0x0000120000aa0000)
[16.661s][debug][gc,heap        ] GC(332)   from space 1088K,   0% used [0x0000120000bb0000, 0x0000120000bb0110, 0x0000120000cc0000)
[16.661s][debug][gc,heap        ] GC(332)   to   space 1088K,   0% used [0x0000120000aa0000, 0x0000120000aa0000, 0x0000120000bb0000)
[16.661s][debug][gc,heap        ] GC(332)  tenured generation   total 21888K, used 2071K [0x000012000aca0000, 0x000012000c200000, 0x0000120020200000)
[16.661s][debug][gc,heap        ] GC(332)    the space 21888K,   9% used [0x000012000aca0000, 0x000012000aea5fe0, 0x000012000aea6000, 0x000012000c200000)
[16.661s][debug][gc,heap        ] GC(332)  Metaspace       used 369K, committed 512K, reserved 1114112K
[16.661s][debug][gc,heap        ] GC(332)   class space    used 63K, committed 128K, reserved 1048576K
[16.661s][info ][gc             ] GC(332) Pause Young (Allocation Failure) 10M->2M(31M) 0.613ms
[16.661s][info ][gc,cpu         ] GC(332) User=0.00s Sys=0.00s Real=0.00s
[16.662s][info ][safepoint      ] Safepoint "GenCollectForAllocation", Time since last: 48176969 ns, Reaching safepoint: 78991 ns, Cleanup: 4112 ns, At safepoint: 660312 ns, Total: 743415 ns
[16.709s][info ][gc,start       ] GC(333) Pause Young (Allocation Failure)
[16.709s][debug][gc,heap        ] GC(333) Heap before GC invocations=333 (full 10):
[16.709s][debug][gc,heap        ] GC(333)  def new generation   total 9920K, used 8832K [0x0000120000200000, 0x0000120000cc0000, 0x000012000aca0000)
[16.709s][debug][gc,heap        ] GC(333)   eden space 8832K, 100% used [0x0000120000200000, 0x0000120000aa0000, 0x0000120000aa0000)
[16.709s][debug][gc,heap        ] GC(333)   from space 1088K,   0% used [0x0000120000bb0000, 0x0000120000bb0110, 0x0000120000cc0000)
[16.709s][debug][gc,heap        ] GC(333)   to   space 1088K,   0% used [0x0000120000aa0000, 0x0000120000aa0000, 0x0000120000bb0000)
[16.709s][debug][gc,heap        ] GC(333)  tenured generation   total 21888K, used 2071K [0x000012000aca0000, 0x000012000c200000, 0x0000120020200000)
[16.709s][debug][gc,heap        ] GC(333)    the space 21888K,   9% used [0x000012000aca0000, 0x000012000aea5fe0, 0x000012000aea6000, 0x000012000c200000)
[16.709s][debug][gc,heap        ] GC(333)  Metaspace       used 369K, committed 512K, reserved 1114112K
[16.709s][debug][gc,heap        ] GC(333)   class space    used 63K, committed 128K, reserved 1048576K
[16.710s][debug][gc,tlab        ] GC(333) TLAB totals: thrds: 2  refills: 101 max: 51 slow allocs: 0 max 0 waste:  0.2% gc: 16776B max: 16776B slow: 2192B max: 1344B
[16.710s][debug][gc,ref         ] GC(333) Skipped SoftWeakFinalRefsPhase of Reference Processing: no references
[16.710s][debug][gc,ref         ] GC(333) Skipped KeepAliveFinalRefsPhase of Reference Processing: no references
[16.710s][debug][gc,ref         ] GC(333) Skipped PhantomRefsPhase of Reference Processing: no references
[16.710s][debug][gc,phases,ref  ] GC(333) Reference Processing: 0.0ms
[16.710s][debug][gc,phases,ref  ] GC(333)   Notify Soft/WeakReferences: 0.0ms
[16.710s][debug][gc,phases,ref  ] GC(333)     SoftRef: skipped
[16.710s][debug][gc,phases,ref  ] GC(333)     WeakRef: skipped
[16.710s][debug][gc,phases,ref  ] GC(333)     FinalRef: skipped
[16.710s][debug][gc,phases,ref  ] GC(333)     Total: skipped
[16.710s][debug][gc,phases,ref  ] GC(333)   Notify and keep alive finalizable: 0.0ms
[16.710s][debug][gc,phases,ref  ] GC(333)     FinalRef: skipped
[16.710s][debug][gc,phases,ref  ] GC(333)   Notify PhantomReferences: 0.0ms
[16.710s][debug][gc,phases,ref  ] GC(333)     PhantomRef: skipped
[16.710s][debug][gc,phases,ref  ] GC(333)   SoftReference Discovered: 0, Dropped: 0, Processed: 0
[16.710s][debug][gc,phases,ref  ] GC(333)   WeakReference Discovered: 0, Dropped: 0, Processed: 0
[16.710s][debug][gc,phases,ref  ] GC(333)   FinalReference Discovered: 0, Dropped: 0, Processed: 0
[16.710s][debug][gc,phases,ref  ] GC(333)   PhantomReference Discovered: 0, Dropped: 0, Processed: 0
[16.710s][debug][gc,age         ] GC(333) Desired survivor size 557056 bytes, new threshold 15 (max threshold 15)
[16.710s][info ][gc,heap        ] GC(333) DefNew: 8832K(9920K)->0K(9920K) Eden: 8832K(8832K)->0K(8832K) From: 0K(1088K)->0K(1088K)
[16.710s][info ][gc,heap        ] GC(333) Tenured: 2071K(21888K)->2071K(21888K)
[16.710s][info ][gc,metaspace   ] GC(333) Metaspace: 369K(512K)->369K(512K) NonClass: 306K(384K)->306K(384K) Class: 63K(128K)->63K(128K)
[16.710s][debug][gc,heap        ] GC(333) Heap after GC invocations=334 (full 10):
[16.710s][debug][gc,heap        ] GC(333)  def new generation   total 9920K, used 0K [0x0000120000200000, 0x0000120000cc0000, 0x000012000aca0000)
[16.710s][debug][gc,heap        ] GC(333)   eden space 8832K,   0% used [0x0000120000200000, 0x0000120000200000, 0x0000120000aa0000)
[16.710s][debug][gc,heap        ] GC(333)   from space 1088K,   0% used [0x0000120000aa0000, 0x0000120000aa0140, 0x0000120000bb0000)
[16.710s][debug][gc,heap        ] GC(333)   to   space 1088K,   0% used [0x0000120000bb0000, 0x0000120000bb0000, 0x0000120000cc0000)
[16.710s][debug][gc,heap        ] GC(333)  tenured generation   total 21888K, used 2071K [0x000012000aca0000, 0x000012000c200000, 0x0000120020200000)
[16.710s][debug][gc,heap        ] GC(333)    the space 21888K,   9% used [0x000012000aca0000, 0x000012000aea5fe0, 0x000012000aea6000, 0x000012000c200000)
[16.710s][debug][gc,heap        ] GC(333)  Metaspace       used 369K, committed 512K, reserved 1114112K
[16.710s][debug][gc,heap        ] GC(333)   class space    used 63K, committed 128K, reserved 1048576K
[16.710s][info ][gc             ] GC(333) Pause Young (Allocation Failure) 10M->2M(31M) 0.603ms
[16.710s][info ][gc,cpu         ] GC(333) User=0.00s Sys=0.00s Real=0.00s
[16.710s][info ][safepoint      ] Safepoint "GenCollectForAllocation", Time since last: 47815243 ns, Reaching safepoint: 3720 ns, Cleanup: 3931 ns, At safepoint: 649904 ns, Total: 657555 ns
[16.758s][info ][gc,start       ] GC(334) Pause Young (Allocation Failure)
[16.758s][debug][gc,heap        ] GC(334) Heap before GC invocations=334 (full 10):
[16.758s][debug][gc,heap        ] GC(334)  def new generation   total 9920K, used 8832K [0x0000120000200000, 0x0000120000cc0000, 0x000012000aca0000)
[16.758s][debug][gc,heap        ] GC(334)   eden space 8832K, 100% used [0x0000120000200000, 0x0000120000aa0000, 0x0000120000aa0000)
[16.758s][debug][gc,heap        ] GC(334)   from space 1088K,   0% used [0x0000120000aa0000, 0x0000120000aa0140, 0x0000120000bb0000)
[16.758s][debug][gc,heap        ] GC(334)   to   space 1088K,   0% used [0x0000120000bb0000, 0x0000120000bb0000, 0x0000120000cc0000)
[16.758s][debug][gc,heap        ] GC(334)  tenured generation   total 21888K, used 2071K [0x000012000aca0000, 0x000012000c200000, 0x0000120020200000)
[16.758s][debug][gc,heap        ] GC(334)    the space 21888K,   9% used [0x000012000aca0000, 0x000012000aea5fe0, 0x000012000aea6000, 0x000012000c200000)
[16.758s][debug][gc,heap        ] GC(334)  Metaspace       used 369K, committed 512K, reserved 1114112K
[16.758s][debug][gc,heap        ] GC(334)   class space    used 63K, committed 128K, reserved 1048576K
[16.758s][debug][gc,tlab        ] GC(334) TLAB totals: thrds: 2  refills: 101 max: 51 slow allocs: 0 max 0 waste:  0.0% gc: 392B max: 392B slow: 2592B max: 1392B
[16.758s][debug][gc,ref         ] GC(334) Skipped SoftWeakFinalRefsPhase of Reference Processing: no references
[16.758s][debug][gc,ref         ] GC(334) Skipped KeepAliveFinalRefsPhase of Reference Processing: no references
[16.758s][debug][gc,ref         ] GC(334) Skipped PhantomRefsPhase of Reference Processing: no references
[16.758s][debug][gc,phases,ref  ] GC(334) Reference Processing: 0.0ms
[16.758s][debug][gc,phases,ref  ] GC(334)   Notify Soft/WeakReferences: 0.0ms
[16.758s][debug][gc,phases,ref  ] GC(334)     SoftRef: skipped
[16.758s][debug][gc,phases,ref  ] GC(334)     WeakRef: skipped
[16.758s][debug][gc,phases,ref  ] GC(334)     FinalRef: skipped
[16.758s][debug][gc,phases,ref  ] GC(334)     Total: skipped
[16.758s][debug][gc,phases,ref  ] GC(334)   Notify and keep alive finalizable: 0.0ms
[16.758s][debug][gc,phases,ref  ] GC(334)     FinalRef: skipped
[16.758s][debug][gc,phases,ref  ] GC(334)   Notify PhantomReferences: 0.0ms
[16.758s][debug][gc,phases,ref  ] GC(334)     PhantomRef: skipped
[16.758s][debug][gc,phases,ref  ] GC(334)   SoftReference Discovered: 0, Dropped: 0, Processed: 0
[16.758s][debug][gc,phases,ref  ] GC(334)   WeakReference Discovered: 0, Dropped: 0, Processed: 0
[16.758s][debug][gc,phases,ref  ] GC(334)   FinalReference Discovered: 0, Dropped: 0, Processed: 0
[16.758s][debug][gc,phases,ref  ] GC(334)   PhantomReference Discovered: 0, Dropped: 0, Processed: 0
[16.758s][debug][gc,age         ] GC(334) Desired survivor size 557056 bytes, new threshold 15 (max threshold 15)
[16.758s][info ][gc,heap        ] GC(334) DefNew: 8832K(9920K)->0K(9920K) Eden: 8832K(8832K)->0K(8832K) From: 0K(1088K)->0K(1088K)
[16.758s][info ][gc,heap        ] GC(334) Tenured: 2071K(21888K)->2071K(21888K)
[16.758s][info ][gc,metaspace   ] GC(334) Metaspace: 369K(512K)->369K(512K) NonClass: 306K(384K)->306K(384K) Class: 63K(128K)->63K(128K)
[16.758s][debug][gc,heap        ] GC(334) Heap after GC invocations=335 (full 10):
[16.758s][debug][gc,heap        ] GC(334)  def new generation   total 9920K, used 0K [0x0000120000200000, 0x0000120000cc0000, 0x000012000aca0000)
[16.758s][debug][gc,heap        ] GC(334)   eden space 8832K,   0% used [0x0000120000200000, 0x0000120000200000, 0x0000120000aa0000)
[16.758s][debug][gc,heap        ] GC(334)   from space 1088K,   0% used [0x0000120000bb0000, 0x0000120000bb0158, 0x0000120000cc0000)
[16.758s][debug][gc,heap        ] GC(334)   to   space 1088K,   0% used [0x0000120000aa0000, 0x0000120000aa0000, 0x0000120000bb0000)
[16.758s][debug][gc,heap        ] GC(334)  tenured generation   total 21888K, used 2071K [0x000012000aca0000, 0x000012000c200000, 0x0000120020200000)
[16.758s][debug][gc,heap        ] GC(334)    the space 21888K,   9% used [0x000012000aca0000, 0x000012000aea5fe0, 0x000012000aea6000, 0x000012000c200000)
[16.758s][debug][gc,heap        ] GC(334)  Metaspace       used 369K, committed 512K, reserved 1114112K
[16.758s][debug][gc,heap        ] GC(334)   class space    used 63K, committed 128K, reserved 1048576K
[16.758s][info ][gc             ] GC(334) Pause Young (Allocation Failure) 10M->2M(31M) 0.592ms
[16.758s][info ][gc,cpu         ] GC(334) User=0.01s Sys=0.00s Real=0.00s
[16.758s][info ][safepoint      ] Safepoint "GenCollectForAllocation", Time since last: 47612628 ns, Reaching safepoint: 3598 ns, Cleanup: 4173 ns, At safepoint: 639129 ns, Total: 646900 ns
[16.806s][info ][gc,start       ] GC(335) Pause Young (Allocation Failure)
[16.807s][debug][gc,heap        ] GC(335) Heap before GC invocations=335 (full 10):
[16.807s][debug][gc,heap        ] GC(335)  def new generation   total 9920K, used 8832K [0x0000120000200000, 0x0000120000cc0000, 0x000012000aca0000)
[16.807s][debug][gc,heap        ] GC(335)   eden space 8832K, 100% used [0x0000120000200000, 0x0000120000aa0000, 0x0000120000aa0000)
[16.807s][debug][gc,heap        ] GC(335)   from space 1088K,   0% used [0x0000120000bb0000, 0x0000120000bb0158, 0x0000120000cc0000)
[16.807s][debug][gc,heap        ] GC(335)   to   space 1088K,   0% used [0x0000120000aa0000, 0x0000120000aa0000, 0x0000120000bb0000)
[16.807s][debug][gc,heap        ] GC(335)  tenured generation   total 21888K, used 2071K [0x000012000aca0000, 0x000012000c200000, 0x0000120020200000)
[16.807s][debug][gc,heap        ] GC(335)    the space 21888K,   9% used [0x000012000aca0000, 0x000012000aea5fe0, 0x000012000aea6000, 0x000012000c200000)
[16.807s][debug][gc,heap        ] GC(335)  Metaspace       used 369K, committed 512K, reserved 1114112K
[16.807s][debug][gc,heap        ] GC(335)   class space    used 63K, committed 128K, reserved 1048576K
[16.807s][debug][gc,tlab        ] GC(335) TLAB totals: thrds: 2  refills: 100 max: 50 slow allocs: 0 max 0 waste:  0.1% gc: 10240B max: 10240B slow: 1984B max: 1200B
[16.807s][debug][gc,ref         ] GC(335) Skipped SoftWeakFinalRefsPhase of Reference Processing: no references
[16.807s][debug][gc,ref         ] GC(335) Skipped KeepAliveFinalRefsPhase of Reference Processing: no references
[16.807s][debug][gc,ref         ] GC(335) Skipped PhantomRefsPhase of Reference Processing: no references
[16.807s][debug][gc,phases,ref  ] GC(335) Reference Processing: 0.0ms
[16.807s][debug][gc,phases,ref  ] GC(335)   Notify Soft/WeakReferences: 0.0ms
[16.807s][debug][gc,phases,ref  ] GC(335)     SoftRef: skipped
[16.807s][debug][gc,phases,ref  ] GC(335)     WeakRef: skipped
[16.807s][debug][gc,phases,ref  ] GC(335)     FinalRef: skipped
[16.807s][debug][gc,phases,ref  ] GC(335)     Total: skipped
[16.807s][debug][gc,phases,ref  ] GC(335)   Notify and keep alive finalizable: 0.0ms
[16.807s][debug][gc,phases,ref  ] GC(335)     FinalRef: skipped
[16.807s][debug][gc,phases,ref  ] GC(335)   Notify PhantomReferences: 0.0ms
[16.807s][debug][gc,phases,ref  ] GC(335)     PhantomRef: skipped
[16.807s][debug][gc,phases,ref  ] GC(335)   SoftReference Discovered: 0, Dropped: 0, Processed: 0
[16.807s][debug][gc,phases,ref  ] GC(335)   WeakReference Discovered: 0, Dropped: 0, Processed: 0
[16.807s][debug][gc,phases,ref  ] GC(335)   FinalReference Discovered: 0, Dropped: 0, Processed: 0
[16.807s][debug][gc,phases,ref  ] GC(335)   PhantomReference Discovered: 0, Dropped: 0, Processed: 0
[16.807s][debug][gc,age         ] GC(335) Desired survivor size 557056 bytes, new threshold 15 (max threshold 15)
[16.807s][info ][gc,heap        ] GC(335) DefNew: 8832K(9920K)->0K(9920K) Eden: 8832K(8832K)->0K(8832K) From: 0K(1088K)->0K(1088K)
[16.807s][info ][gc,heap        ] GC(335) Tenured: 2071K(21888K)->2071K(21888K)
[16.807s][info ][gc,metaspace   ] GC(335) Metaspace: 369K(512K)->369K(512K) NonClass: 306K(384K)->306K(384K) Class: 63K(128K)->63K(128K)
[16.807s][debug][gc,heap        ] GC(335) Heap after GC invocations=336 (full 10):
[16.807s][debug][gc,heap        ] GC(335)  def new generation   total 9920K, used 0K [0x0000120000200000, 0x0000120000cc0000, 0x000012000aca0000)
[16.807s][debug][gc,heap        ] GC(335)   eden space 8832K,   0% used [0x0000120000200000, 0x0000120000200000, 0x0000120000aa0000)
[16.807s][debug][gc,heap        ] GC(335)   from space 1088K,   0% used [0x0000120000aa0000, 0x0000120000aa0130, 0x0000120000bb0000)
[16.807s][debug][gc,heap        ] GC(335)   to   space 1088K,   0% used [0x0000120000bb0000, 0x0000120000bb0000, 0x0000120000cc0000)
[16.807s][debug][gc,heap        ] GC(335)  tenured generation   total 21888K, used 2071K [0x000012000aca0000, 0x000012000c200000, 0x0000120020200000)
[16.807s][debug][gc,heap        ] GC(335)    the space 21888K,   9% used [0x000012000aca0000, 0x000012000aea5fe0, 0x000012000aea6000, 0x000012000c200000)
[16.807s][debug][gc,heap        ] GC(335)  Metaspace       used 369K, committed 512K, reserved 1114112K
[16.807s][debug][gc,heap        ] GC(335)   class space    used 63K, committed 128K, reserved 1048576K
[16.807s][info ][gc             ] GC(335) Pause Young (Allocation Failure) 10M->2M(31M) 0.589ms
[16.807s][info ][gc,cpu         ] GC(335) User=0.00s Sys=0.00s Real=0.00s
[16.807s][info ][safepoint      ] Safepoint "GenCollectForAllocation", Time since last: 48144212 ns, Reaching safepoint: 76511 ns, Cleanup: 3543 ns, At safepoint: 632483 ns, Total: 712537 ns
[16.857s][info ][gc,start       ] GC(336) Pause Young (Allocation Failure)
[16.857s][debug][gc,heap        ] GC(336) Heap before GC invocations=336 (full 10):
[16.857s][debug][gc,heap        ] GC(336)  def new generation   total 9920K, used 8832K [0x0000120000200000, 0x0000120000cc0000, 0x000012000aca0000)
[16.857s][debug][gc,heap        ] GC(336)   eden space 8832K, 100% used [0x0000120000200000, 0x0000120000aa0000, 0x0000120000aa0000)
[16.857s][debug][gc,heap        ] GC(336)   from space 1088K,   0% used [0x0000120000aa0000, 0x0000120000aa0130, 0x0000120000bb0000)
[16.857s][debug][gc,heap        ] GC(336)   to   space 1088K,   0% used [0x0000120000bb0000, 0x0000120000bb0000, 0x0000120000cc0000)
[16.857s][debug][gc,heap        ] GC(336)  tenured generation   total 21888K, used 2071K [0x000012000aca0000, 0x000012000c200000, 0x0000120020200000)
[16.857s][debug][gc,heap        ] GC(336)    the space 21888K,   9% used [0x000012000aca0000, 0x000012000aea5fe0, 0x000012000aea6000, 0x000012000c200000)
[16.857s][debug][gc,heap        ] GC(336)  Metaspace       used 369K, committed 512K, reserved 1114112K
[16.857s][debug][gc,heap        ] GC(336)   class space    used 63K, committed 128K, reserved 1048576K
[16.857s][debug][gc,tlab        ] GC(336) TLAB totals: thrds: 2  refills: 101 max: 52 slow allocs: 0 max 0 waste:  0.0% gc: 0B max: 0B slow: 2648B max: 1472B
[16.857s][debug][gc,ref         ] GC(336) Skipped SoftWeakFinalRefsPhase of Reference Processing: no references
[16.857s][debug][gc,ref         ] GC(336) Skipped KeepAliveFinalRefsPhase of Reference Processing: no references
[16.857s][debug][gc,ref         ] GC(336) Skipped PhantomRefsPhase of Reference Processing: no references
[16.857s][debug][gc,phases,ref  ] GC(336) Reference Processing: 0.0ms
[16.857s][debug][gc,phases,ref  ] GC(336)   Notify Soft/WeakReferences: 0.0ms
[16.857s][debug][gc,phases,ref  ] GC(336)     SoftRef: skipped
[16.857s][debug][gc,phases,ref  ] GC(336)     WeakRef: skipped
[16.857s][debug][gc,phases,ref  ] GC(336)     FinalRef: skipped
[16.857s][debug][gc,phases,ref  ] GC(336)     Total: skipped
[16.857s][debug][gc,phases,ref  ] GC(336)   Notify and keep alive finalizable: 0.0ms
[16.857s][debug][gc,phases,ref  ] GC(336)     FinalRef: skipped
[16.857s][debug][gc,phases,ref  ] GC(336)   Notify PhantomReferences: 0.0ms
[16.857s][debug][gc,phases,ref  ] GC(336)     PhantomRef: skipped
[16.857s][debug][gc,phases,ref  ] GC(336)   SoftReference Discovered: 0, Dropped: 0, Processed: 0
[16.857s][debug][gc,phases,ref  ] GC(336)   WeakReference Discovered: 0, Dropped: 0, Processed: 0
[16.857s][debug][gc,phases,ref  ] GC(336)   FinalReference Discovered: 0, Dropped: 0, Processed: 0
[16.857s][debug][gc,phases,ref  ] GC(336)   PhantomReference Discovered: 0, Dropped: 0, Processed: 0
[16.857s][debug][gc,age         ] GC(336) Desired survivor size 557056 bytes, new threshold 15 (max threshold 15)
[16.857s][info ][gc,heap        ] GC(336) DefNew: 8832K(9920K)->0K(9920K) Eden: 8832K(8832K)->0K(8832K) From: 0K(1088K)->0K(1088K)
[16.857s][info ][gc,heap        ] GC(336) Tenured: 2071K(21888K)->2071K(21888K)
[16.857s][info ][gc,metaspace   ] GC(336) Metaspace: 369K(512K)->369K(512K) NonClass: 306K(384K)->306K(384K) Class: 63K(128K)->63K(128K)
[16.857s][debug][gc,heap        ] GC(336) Heap after GC invocations=337 (full 10):
[16.857s][debug][gc,heap        ] GC(336)  def new generation   total 9920K, used 0K [0x0000120000200000, 0x0000120000cc0000, 0x000012000aca0000)
[16.858s][debug][gc,heap        ] GC(336)   eden space 8832K,   0% used [0x0000120000200000, 0x0000120000200000, 0x0000120000aa0000)
[16.858s][debug][gc,heap        ] GC(336)   from space 1088K,   0% used [0x0000120000bb0000, 0x0000120000bb01b0, 0x0000120000cc0000)
[16.858s][debug][gc,heap        ] GC(336)   to   space 1088K,   0% used [0x0000120000aa0000, 0x0000120000aa0000, 0x0000120000bb0000)
[16.858s][debug][gc,heap        ] GC(336)  tenured generation   total 21888K, used 2071K [0x000012000aca0000, 0x000012000c200000, 0x0000120020200000)
[16.858s][debug][gc,heap        ] GC(336)    the space 21888K,   9% used [0x000012000aca0000, 0x000012000aea5fe0, 0x000012000aea6000, 0x000012000c200000)
[16.858s][debug][gc,heap        ] GC(336)  Metaspace       used 369K, committed 512K, reserved 1114112K
[16.858s][debug][gc,heap        ] GC(336)   class space    used 63K, committed 128K, reserved 1048576K
[16.858s][info ][gc             ] GC(336) Pause Young (Allocation Failure) 10M->2M(31M) 0.586ms
[16.858s][info ][gc,cpu         ] GC(336) User=0.00s Sys=0.00s Real=0.00s
[16.858s][info ][safepoint      ] Safepoint "GenCollectForAllocation", Time since last: 49883230 ns, Reaching safepoint: 3065 ns, Cleanup: 3666 ns, At safepoint: 625146 ns, Total: 631877 ns
[16.906s][info ][gc,start       ] GC(337) Pause Young (Allocation Failure)
[16.906s][debug][gc,heap        ] GC(337) Heap before GC invocations=337 (full 10):
[16.906s][debug][gc,heap        ] GC(337)  def new generation   total 9920K, used 8832K [0x0000120000200000, 0x0000120000cc0000, 0x000012000aca0000)
[16.906s][debug][gc,heap        ] GC(337)   eden space 8832K, 100% used [0x0000120000200000, 0x0000120000aa0000, 0x0000120000aa0000)
[16.906s][debug][gc,heap        ] GC(337)   from space 1088K,   0% used [0x0000120000bb0000, 0x0000120000bb01b0, 0x0000120000cc0000)
[16.906s][debug][gc,heap        ] GC(337)   to   space 1088K,   0% used [0x0000120000aa0000, 0x0000120000aa0000, 0x0000120000bb0000)
[16.906s][debug][gc,heap        ] GC(337)  tenured generation   total 21888K, used 2071K [0x000012000aca0000, 0x000012000c200000, 0x0000120020200000)
[16.906s][debug][gc,heap        ] GC(337)    the space 21888K,   9% used [0x000012000aca0000, 0x000012000aea5fe0, 0x000012000aea6000, 0x000012000c200000)
[16.906s][debug][gc,heap        ] GC(337)  Metaspace       used 369K, committed 512K, reserved 1114112K
[16.906s][debug][gc,heap        ] GC(337)   class space    used 63K, committed 128K, reserved 1048576K
[16.906s][debug][gc,tlab        ] GC(337) TLAB totals: thrds: 2  refills: 100 max: 50 slow allocs: 0 max 0 waste:  0.1% gc: 10584B max: 10584B slow: 2264B max: 1256B
[16.906s][debug][gc,ref         ] GC(337) Skipped SoftWeakFinalRefsPhase of Reference Processing: no references
[16.906s][debug][gc,ref         ] GC(337) Skipped KeepAliveFinalRefsPhase of Reference Processing: no references
[16.906s][debug][gc,ref         ] GC(337) Skipped PhantomRefsPhase of Reference Processing: no references
[16.906s][debug][gc,phases,ref  ] GC(337) Reference Processing: 0.0ms
[16.906s][debug][gc,phases,ref  ] GC(337)   Notify Soft/WeakReferences: 0.0ms
[16.906s][debug][gc,phases,ref  ] GC(337)     SoftRef: skipped
[16.906s][debug][gc,phases,ref  ] GC(337)     WeakRef: skipped
[16.906s][debug][gc,phases,ref  ] GC(337)     FinalRef: skipped
[16.906s][debug][gc,phases,ref  ] GC(337)     Total: skipped
[16.906s][debug][gc,phases,ref  ] GC(337)   Notify and keep alive finalizable: 0.0ms
[16.906s][debug][gc,phases,ref  ] GC(337)     FinalRef: skipped
[16.906s][debug][gc,phases,ref  ] GC(337)   Notify PhantomReferences: 0.0ms
[16.906s][debug][gc,phases,ref  ] GC(337)     PhantomRef: skipped
[16.906s][debug][gc,phases,ref  ] GC(337)   SoftReference Discovered: 0, Dropped: 0, Processed: 0
[16.906s][debug][gc,phases,ref  ] GC(337)   WeakReference Discovered: 0, Dropped: 0, Processed: 0
[16.906s][debug][gc,phases,ref  ] GC(337)   FinalReference Discovered: 0, Dropped: 0, Processed: 0
[16.906s][debug][gc,phases,ref  ] GC(337)   PhantomReference Discovered: 0, Dropped: 0, Processed: 0
[16.906s][debug][gc,age         ] GC(337) Desired survivor size 557056 bytes, new threshold 15 (max threshold 15)
[16.906s][info ][gc,heap        ] GC(337) DefNew: 8832K(9920K)->0K(9920K) Eden: 8832K(8832K)->0K(8832K) From: 0K(1088K)->0K(1088K)
[16.906s][info ][gc,heap        ] GC(337) Tenured: 2071K(21888K)->2071K(21888K)
[16.906s][info ][gc,metaspace   ] GC(337) Metaspace: 369K(512K)->369K(512K) NonClass: 306K(384K)->306K(384K) Class: 63K(128K)->63K(128K)
[16.906s][debug][gc,heap        ] GC(337) Heap after GC invocations=338 (full 10):
[16.906s][debug][gc,heap        ] GC(337)  def new generation   total 9920K, used 0K [0x0000120000200000, 0x0000120000cc0000, 0x000012000aca0000)
[16.906s][debug][gc,heap        ] GC(337)   eden space 8832K,   0% used [0x0000120000200000, 0x0000120000200000, 0x0000120000aa0000)
[16.906s][debug][gc,heap        ] GC(337)   from space 1088K,   0% used [0x0000120000aa0000, 0x0000120000aa0140, 0x0000120000bb0000)
[16.906s][debug][gc,heap        ] GC(337)   to   space 1088K,   0% used [0x0000120000bb0000, 0x0000120000bb0000, 0x0000120000cc0000)
[16.906s][debug][gc,heap        ] GC(337)  tenured generation   total 21888K, used 2071K [0x000012000aca0000, 0x000012000c200000, 0x0000120020200000)
[16.906s][debug][gc,heap        ] GC(337)    the space 21888K,   9% used [0x000012000aca0000, 0x000012000aea5fe0, 0x000012000aea6000, 0x000012000c200000)
[16.906s][debug][gc,heap        ] GC(337)  Metaspace       used 369K, committed 512K, reserved 1114112K
[16.906s][debug][gc,heap        ] GC(337)   class space    used 63K, committed 128K, reserved 1048576K
[16.906s][info ][gc             ] GC(337) Pause Young (Allocation Failure) 10M->2M(31M) 0.578ms
[16.906s][info ][gc,cpu         ] GC(337) User=0.00s Sys=0.01s Real=0.00s
[16.906s][info ][safepoint      ] Safepoint "GenCollectForAllocation", Time since last: 48171080 ns, Reaching safepoint: 4127 ns, Cleanup: 4171 ns, At safepoint: 602875 ns, Total: 611173 ns
[16.957s][info ][gc,start       ] GC(338) Pause Young (Allocation Failure)
[16.957s][debug][gc,heap        ] GC(338) Heap before GC invocations=338 (full 10):
[16.957s][debug][gc,heap        ] GC(338)  def new generation   total 9920K, used 8832K [0x0000120000200000, 0x0000120000cc0000, 0x000012000aca0000)
[16.957s][debug][gc,heap        ] GC(338)   eden space 8832K, 100% used [0x0000120000200000, 0x0000120000aa0000, 0x0000120000aa0000)
[16.957s][debug][gc,heap        ] GC(338)   from space 1088K,   0% used [0x0000120000aa0000, 0x0000120000aa0140, 0x0000120000bb0000)
[16.957s][debug][gc,heap        ] GC(338)   to   space 1088K,   0% used [0x0000120000bb0000, 0x0000120000bb0000, 0x0000120000cc0000)
[16.957s][debug][gc,heap        ] GC(338)  tenured generation   total 21888K, used 2071K [0x000012000aca0000, 0x000012000c200000, 0x0000120020200000)
[16.957s][debug][gc,heap        ] GC(338)    the space 21888K,   9% used [0x000012000aca0000, 0x000012000aea5fe0, 0x000012000aea6000, 0x000012000c200000)
[16.957s][debug][gc,heap        ] GC(338)  Metaspace       used 369K, committed 512K, reserved 1114112K
[16.957s][debug][gc,heap        ] GC(338)   class space    used 63K, committed 128K, reserved 1048576K
[16.957s][debug][gc,tlab        ] GC(338) TLAB totals: thrds: 2  refills: 101 max: 53 slow allocs: 0 max 0 waste:  0.6% gc: 55448B max: 55448B slow: 2248B max: 1208B
[16.957s][debug][gc,ref         ] GC(338) Skipped SoftWeakFinalRefsPhase of Reference Processing: no references
[16.957s][debug][gc,ref         ] GC(338) Skipped KeepAliveFinalRefsPhase of Reference Processing: no references
[16.957s][debug][gc,ref         ] GC(338) Skipped PhantomRefsPhase of Reference Processing: no references
[16.957s][debug][gc,phases,ref  ] GC(338) Reference Processing: 0.0ms
[16.957s][debug][gc,phases,ref  ] GC(338)   Notify Soft/WeakReferences: 0.0ms
[16.957s][debug][gc,phases,ref  ] GC(338)     SoftRef: skipped
[16.957s][debug][gc,phases,ref  ] GC(338)     WeakRef: skipped
[16.958s][debug][gc,phases,ref  ] GC(338)     FinalRef: skipped
[16.958s][debug][gc,phases,ref  ] GC(338)     Total: skipped
[16.958s][debug][gc,phases,ref  ] GC(338)   Notify and keep alive finalizable: 0.0ms
[16.958s][debug][gc,phases,ref  ] GC(338)     FinalRef: skipped
[16.958s][debug][gc,phases,ref  ] GC(338)   Notify PhantomReferences: 0.0ms
[16.958s][debug][gc,phases,ref  ] GC(338)     PhantomRef: skipped
[16.958s][debug][gc,phases,ref  ] GC(338)   SoftReference Discovered: 0, Dropped: 0, Processed: 0
[16.958s][debug][gc,phases,ref  ] GC(338)   WeakReference Discovered: 0, Dropped: 0, Processed: 0
[16.958s][debug][gc,phases,ref  ] GC(338)   FinalReference Discovered: 0, Dropped: 0, Processed: 0
[16.958s][debug][gc,phases,ref  ] GC(338)   PhantomReference Discovered: 0, Dropped: 0, Processed: 0
[16.958s][debug][gc,age         ] GC(338) Desired survivor size 557056 bytes, new threshold 15 (max threshold 15)
[16.958s][info ][gc,heap        ] GC(338) DefNew: 8832K(9920K)->0K(9920K) Eden: 8832K(8832K)->0K(8832K) From: 0K(1088K)->0K(1088K)
[16.958s][info ][gc,heap        ] GC(338) Tenured: 2071K(21888K)->2071K(21888K)
[16.958s][info ][gc,metaspace   ] GC(338) Metaspace: 369K(512K)->369K(512K) NonClass: 306K(384K)->306K(384K) Class: 63K(128K)->63K(128K)
[16.958s][debug][gc,heap        ] GC(338) Heap after GC invocations=339 (full 10):
[16.958s][debug][gc,heap        ] GC(338)  def new generation   total 9920K, used 0K [0x0000120000200000, 0x0000120000cc0000, 0x000012000aca0000)
[16.958s][debug][gc,heap        ] GC(338)   eden space 8832K,   0% used [0x0000120000200000, 0x0000120000200000, 0x0000120000aa0000)
[16.958s][debug][gc,heap        ] GC(338)   from space 1088K,   0% used [0x0000120000bb0000, 0x0000120000bb00f8, 0x0000120000cc0000)
[16.958s][debug][gc,heap        ] GC(338)   to   space 1088K,   0% used [0x0000120000aa0000, 0x0000120000aa0000, 0x0000120000bb0000)
[16.958s][debug][gc,heap        ] GC(338)  tenured generation   total 21888K, used 2071K [0x000012000aca0000, 0x000012000c200000, 0x0000120020200000)
[16.958s][debug][gc,heap        ] GC(338)    the space 21888K,   9% used [0x000012000aca0000, 0x000012000aea5fe0, 0x000012000aea6000, 0x000012000c200000)
[16.958s][debug][gc,heap        ] GC(338)  Metaspace       used 369K, committed 512K, reserved 1114112K
[16.958s][debug][gc,heap        ] GC(338)   class space    used 63K, committed 128K, reserved 1048576K
[16.958s][info ][gc             ] GC(338) Pause Young (Allocation Failure) 10M->2M(31M) 0.645ms
[16.958s][info ][gc,cpu         ] GC(338) User=0.00s Sys=0.00s Real=0.00s
[16.958s][info ][safepoint      ] Safepoint "GenCollectForAllocation", Time since last: 50717208 ns, Reaching safepoint: 3569 ns, Cleanup: 3814 ns, At safepoint: 692009 ns, Total: 699392 ns
[17.007s][info ][gc,start       ] GC(339) Pause Young (Allocation Failure)
[17.007s][debug][gc,heap        ] GC(339) Heap before GC invocations=339 (full 10):
[17.007s][debug][gc,heap        ] GC(339)  def new generation   total 9920K, used 8832K [0x0000120000200000, 0x0000120000cc0000, 0x000012000aca0000)
[17.007s][debug][gc,heap        ] GC(339)   eden space 8832K, 100% used [0x0000120000200000, 0x0000120000aa0000, 0x0000120000aa0000)
[17.007s][debug][gc,heap        ] GC(339)   from space 1088K,   0% used [0x0000120000bb0000, 0x0000120000bb00f8, 0x0000120000cc0000)
[17.007s][debug][gc,heap        ] GC(339)   to   space 1088K,   0% used [0x0000120000aa0000, 0x0000120000aa0000, 0x0000120000bb0000)
[17.007s][debug][gc,heap        ] GC(339)  tenured generation   total 21888K, used 2071K [0x000012000aca0000, 0x000012000c200000, 0x0000120020200000)
[17.007s][debug][gc,heap        ] GC(339)    the space 21888K,   9% used [0x000012000aca0000, 0x000012000aea5fe0, 0x000012000aea6000, 0x000012000c200000)
[17.007s][debug][gc,heap        ] GC(339)  Metaspace       used 369K, committed 512K, reserved 1114112K
[17.007s][debug][gc,heap        ] GC(339)   class space    used 63K, committed 128K, reserved 1048576K
[17.007s][debug][gc,tlab        ] GC(339) TLAB totals: thrds: 2  refills: 101 max: 51 slow allocs: 0 max 0 waste:  0.3% gc: 20520B max: 20520B slow: 2704B max: 1480B
[17.007s][debug][gc,ref         ] GC(339) Skipped SoftWeakFinalRefsPhase of Reference Processing: no references
[17.007s][debug][gc,ref         ] GC(339) Skipped KeepAliveFinalRefsPhase of Reference Processing: no references
[17.007s][debug][gc,ref         ] GC(339) Skipped PhantomRefsPhase of Reference Processing: no references
[17.007s][debug][gc,phases,ref  ] GC(339) Reference Processing: 0.0ms
[17.007s][debug][gc,phases,ref  ] GC(339)   Notify Soft/WeakReferences: 0.0ms
[17.007s][debug][gc,phases,ref  ] GC(339)     SoftRef: skipped
[17.007s][debug][gc,phases,ref  ] GC(339)     WeakRef: skipped
[17.007s][debug][gc,phases,ref  ] GC(339)     FinalRef: skipped
[17.007s][debug][gc,phases,ref  ] GC(339)     Total: skipped
[17.007s][debug][gc,phases,ref  ] GC(339)   Notify and keep alive finalizable: 0.0ms
[17.007s][debug][gc,phases,ref  ] GC(339)     FinalRef: skipped
[17.007s][debug][gc,phases,ref  ] GC(339)   Notify PhantomReferences: 0.0ms
[17.007s][debug][gc,phases,ref  ] GC(339)     PhantomRef: skipped
[17.007s][debug][gc,phases,ref  ] GC(339)   SoftReference Discovered: 0, Dropped: 0, Processed: 0
[17.007s][debug][gc,phases,ref  ] GC(339)   WeakReference Discovered: 0, Dropped: 0, Processed: 0
[17.007s][debug][gc,phases,ref  ] GC(339)   FinalReference Discovered: 0, Dropped: 0, Processed: 0
[17.007s][debug][gc,phases,ref  ] GC(339)   PhantomReference Discovered: 0, Dropped: 0, Processed: 0
[17.007s][debug][gc,age         ] GC(339) Desired survivor size 557056 bytes, new threshold 15 (max threshold 15)
[17.007s][info ][gc,heap        ] GC(339) DefNew: 8832K(9920K)->0K(9920K) Eden: 8832K(8832K)->0K(8832K) From: 0K(1088K)->0K(1088K)
[17.007s][info ][gc,heap        ] GC(339) Tenured: 2071K(21888K)->2071K(21888K)
[17.007s][info ][gc,metaspace   ] GC(339) Metaspace: 369K(512K)->369K(512K) NonClass: 306K(384K)->306K(384K) Class: 63K(128K)->63K(128K)
[17.007s][debug][gc,heap        ] GC(339) Heap after GC invocations=340 (full 10):
[17.007s][debug][gc,heap        ] GC(339)  def new generation   total 9920K, used 0K [0x0000120000200000, 0x0000120000cc0000, 0x000012000aca0000)
[17.007s][debug][gc,heap        ] GC(339)   eden space 8832K,   0% used [0x0000120000200000, 0x0000120000200000, 0x0000120000aa0000)
[17.007s][debug][gc,heap        ] GC(339)   from space 1088K,   0% used [0x0000120000aa0000, 0x0000120000aa0130, 0x0000120000bb0000)
[17.007s][debug][gc,heap        ] GC(339)   to   space 1088K,   0% used [0x0000120000bb0000, 0x0000120000bb0000, 0x0000120000cc0000)
[17.008s][debug][gc,heap        ] GC(339)  tenured generation   total 21888K, used 2071K [0x000012000aca0000, 0x000012000c200000, 0x0000120020200000)
[17.008s][debug][gc,heap        ] GC(339)    the space 21888K,   9% used [0x000012000aca0000, 0x000012000aea5fe0, 0x000012000aea6000, 0x000012000c200000)
[17.008s][debug][gc,heap        ] GC(339)  Metaspace       used 369K, committed 512K, reserved 1114112K
[17.008s][debug][gc,heap        ] GC(339)   class space    used 63K, committed 128K, reserved 1048576K
[17.008s][info ][gc             ] GC(339) Pause Young (Allocation Failure) 10M->2M(31M) 0.584ms
[17.008s][info ][gc,cpu         ] GC(339) User=0.00s Sys=0.00s Real=0.00s
[17.008s][info ][safepoint      ] Safepoint "GenCollectForAllocation", Time since last: 49141598 ns, Reaching safepoint: 3438 ns, Cleanup: 3659 ns, At safepoint: 631666 ns, Total: 638763 ns
[17.057s][info ][gc,start       ] GC(340) Pause Young (Allocation Failure)
[17.057s][debug][gc,heap        ] GC(340) Heap before GC invocations=340 (full 10):
[17.057s][debug][gc,heap        ] GC(340)  def new generation   total 9920K, used 8832K [0x0000120000200000, 0x0000120000cc0000, 0x000012000aca0000)
[17.057s][debug][gc,heap        ] GC(340)   eden space 8832K, 100% used [0x0000120000200000, 0x0000120000aa0000, 0x0000120000aa0000)
[17.057s][debug][gc,heap        ] GC(340)   from space 1088K,   0% used [0x0000120000aa0000, 0x0000120000aa0130, 0x0000120000bb0000)
[17.057s][debug][gc,heap        ] GC(340)   to   space 1088K,   0% used [0x0000120000bb0000, 0x0000120000bb0000, 0x0000120000cc0000)
[17.057s][debug][gc,heap        ] GC(340)  tenured generation   total 21888K, used 2071K [0x000012000aca0000, 0x000012000c200000, 0x0000120020200000)
[17.057s][debug][gc,heap        ] GC(340)    the space 21888K,   9% used [0x000012000aca0000, 0x000012000aea5fe0, 0x000012000aea6000, 0x000012000c200000)
[17.057s][debug][gc,heap        ] GC(340)  Metaspace       used 369K, committed 512K, reserved 1114112K
[17.057s][debug][gc,heap        ] GC(340)   class space    used 63K, committed 128K, reserved 1048576K
[17.057s][debug][gc,tlab        ] GC(340) TLAB totals: thrds: 2  refills: 101 max: 51 slow allocs: 0 max 0 waste:  0.1% gc: 7928B max: 7928B slow: 2720B max: 1448B
[17.057s][debug][gc,ref         ] GC(340) Skipped SoftWeakFinalRefsPhase of Reference Processing: no references
[17.057s][debug][gc,ref         ] GC(340) Skipped KeepAliveFinalRefsPhase of Reference Processing: no references
[17.057s][debug][gc,ref         ] GC(340) Skipped PhantomRefsPhase of Reference Processing: no references
[17.057s][debug][gc,phases,ref  ] GC(340) Reference Processing: 0.0ms
[17.057s][debug][gc,phases,ref  ] GC(340)   Notify Soft/WeakReferences: 0.0ms
[17.057s][debug][gc,phases,ref  ] GC(340)     SoftRef: skipped
[17.057s][debug][gc,phases,ref  ] GC(340)     WeakRef: skipped
[17.057s][debug][gc,phases,ref  ] GC(340)     FinalRef: skipped
[17.057s][debug][gc,phases,ref  ] GC(340)     Total: skipped
[17.057s][debug][gc,phases,ref  ] GC(340)   Notify and keep alive finalizable: 0.0ms
[17.057s][debug][gc,phases,ref  ] GC(340)     FinalRef: skipped
[17.057s][debug][gc,phases,ref  ] GC(340)   Notify PhantomReferences: 0.0ms
[17.057s][debug][gc,phases,ref  ] GC(340)     PhantomRef: skipped
[17.057s][debug][gc,phases,ref  ] GC(340)   SoftReference Discovered: 0, Dropped: 0, Processed: 0
[17.057s][debug][gc,phases,ref  ] GC(340)   WeakReference Discovered: 0, Dropped: 0, Processed: 0
[17.057s][debug][gc,phases,ref  ] GC(340)   FinalReference Discovered: 0, Dropped: 0, Processed: 0
[17.057s][debug][gc,phases,ref  ] GC(340)   PhantomReference Discovered: 0, Dropped: 0, Processed: 0
[17.057s][debug][gc,age         ] GC(340) Desired survivor size 557056 bytes, new threshold 15 (max threshold 15)
[17.057s][info ][gc,heap        ] GC(340) DefNew: 8832K(9920K)->0K(9920K) Eden: 8832K(8832K)->0K(8832K) From: 0K(1088K)->0K(1088K)
[17.057s][info ][gc,heap        ] GC(340) Tenured: 2071K(21888K)->2071K(21888K)
[17.057s][info ][gc,metaspace   ] GC(340) Metaspace: 369K(512K)->369K(512K) NonClass: 306K(384K)->306K(384K) Class: 63K(128K)->63K(128K)
[17.057s][debug][gc,heap        ] GC(340) Heap after GC invocations=341 (full 10):
[17.057s][debug][gc,heap        ] GC(340)  def new generation   total 9920K, used 0K [0x0000120000200000, 0x0000120000cc0000, 0x000012000aca0000)
[17.057s][debug][gc,heap        ] GC(340)   eden space 8832K,   0% used [0x0000120000200000, 0x0000120000200000, 0x0000120000aa0000)
[17.057s][debug][gc,heap        ] GC(340)   from space 1088K,   0% used [0x0000120000bb0000, 0x0000120000bb01b0, 0x0000120000cc0000)
[17.057s][debug][gc,heap        ] GC(340)   to   space 1088K,   0% used [0x0000120000aa0000, 0x0000120000aa0000, 0x0000120000bb0000)
[17.057s][debug][gc,heap        ] GC(340)  tenured generation   total 21888K, used 2071K [0x000012000aca0000, 0x000012000c200000, 0x0000120020200000)
[17.057s][debug][gc,heap        ] GC(340)    the space 21888K,   9% used [0x000012000aca0000, 0x000012000aea5fe0, 0x000012000aea6000, 0x000012000c200000)
[17.057s][debug][gc,heap        ] GC(340)  Metaspace       used 369K, committed 512K, reserved 1114112K
[17.057s][debug][gc,heap        ] GC(340)   class space    used 63K, committed 128K, reserved 1048576K
[17.057s][info ][gc             ] GC(340) Pause Young (Allocation Failure) 10M->2M(31M) 0.584ms
[17.057s][info ][gc,cpu         ] GC(340) User=0.00s Sys=0.00s Real=0.00s
[17.057s][info ][safepoint      ] Safepoint "GenCollectForAllocation", Time since last: 49162736 ns, Reaching safepoint: 3473 ns, Cleanup: 3663 ns, At safepoint: 629806 ns, Total: 636942 ns
[17.106s][info ][gc,start       ] GC(341) Pause Young (Allocation Failure)
[17.106s][debug][gc,heap        ] GC(341) Heap before GC invocations=341 (full 10):
[17.106s][debug][gc,heap        ] GC(341)  def new generation   total 9920K, used 8832K [0x0000120000200000, 0x0000120000cc0000, 0x000012000aca0000)
[17.106s][debug][gc,heap        ] GC(341)   eden space 8832K, 100% used [0x0000120000200000, 0x0000120000aa0000, 0x0000120000aa0000)
[17.106s][debug][gc,heap        ] GC(341)   from space 1088K,   0% used [0x0000120000bb0000, 0x0000120000bb01b0, 0x0000120000cc0000)
[17.106s][debug][gc,heap        ] GC(341)   to   space 1088K,   0% used [0x0000120000aa0000, 0x0000120000aa0000, 0x0000120000bb0000)
[17.106s][debug][gc,heap        ] GC(341)  tenured generation   total 21888K, used 2071K [0x000012000aca0000, 0x000012000c200000, 0x0000120020200000)
[17.106s][debug][gc,heap        ] GC(341)    the space 21888K,   9% used [0x000012000aca0000, 0x000012000aea5fe0, 0x000012000aea6000, 0x000012000c200000)
[17.106s][debug][gc,heap        ] GC(341)  Metaspace       used 369K, committed 512K, reserved 1114112K
[17.106s][debug][gc,heap        ] GC(341)   class space    used 63K, committed 128K, reserved 1048576K
[17.106s][debug][gc,tlab        ] GC(341) TLAB totals: thrds: 2  refills: 101 max: 51 slow allocs: 0 max 0 waste:  0.7% gc: 65056B max: 65056B slow: 2232B max: 1288B
[17.106s][debug][gc,ref         ] GC(341) Skipped SoftWeakFinalRefsPhase of Reference Processing: no references
[17.106s][debug][gc,ref         ] GC(341) Skipped KeepAliveFinalRefsPhase of Reference Processing: no references
[17.106s][debug][gc,ref         ] GC(341) Skipped PhantomRefsPhase of Reference Processing: no references
[17.106s][debug][gc,phases,ref  ] GC(341) Reference Processing: 0.0ms
[17.106s][debug][gc,phases,ref  ] GC(341)   Notify Soft/WeakReferences: 0.0ms
[17.106s][debug][gc,phases,ref  ] GC(341)     SoftRef: skipped
[17.106s][debug][gc,phases,ref  ] GC(341)     WeakRef: skipped
[17.106s][debug][gc,phases,ref  ] GC(341)     FinalRef: skipped
[17.106s][debug][gc,phases,ref  ] GC(341)     Total: skipped
[17.106s][debug][gc,phases,ref  ] GC(341)   Notify and keep alive finalizable: 0.0ms
[17.106s][debug][gc,phases,ref  ] GC(341)     FinalRef: skipped
[17.106s][debug][gc,phases,ref  ] GC(341)   Notify PhantomReferences: 0.0ms
[17.106s][debug][gc,phases,ref  ] GC(341)     PhantomRef: skipped
[17.106s][debug][gc,phases,ref  ] GC(341)   SoftReference Discovered: 0, Dropped: 0, Processed: 0
[17.106s][debug][gc,phases,ref  ] GC(341)   WeakReference Discovered: 0, Dropped: 0, Processed: 0
[17.106s][debug][gc,phases,ref  ] GC(341)   FinalReference Discovered: 0, Dropped: 0, Processed: 0
[17.106s][debug][gc,phases,ref  ] GC(341)   PhantomReference Discovered: 0, Dropped: 0, Processed: 0
[17.106s][debug][gc,age         ] GC(341) Desired survivor size 557056 bytes, new threshold 15 (max threshold 15)
[17.106s][info ][gc,heap        ] GC(341) DefNew: 8832K(9920K)->0K(9920K) Eden: 8832K(8832K)->0K(8832K) From: 0K(1088K)->0K(1088K)
[17.106s][info ][gc,heap        ] GC(341) Tenured: 2071K(21888K)->2071K(21888K)
[17.106s][info ][gc,metaspace   ] GC(341) Metaspace: 369K(512K)->369K(512K) NonClass: 306K(384K)->306K(384K) Class: 63K(128K)->63K(128K)
[17.106s][debug][gc,heap        ] GC(341) Heap after GC invocations=342 (full 10):
[17.106s][debug][gc,heap        ] GC(341)  def new generation   total 9920K, used 0K [0x0000120000200000, 0x0000120000cc0000, 0x000012000aca0000)
[17.106s][debug][gc,heap        ] GC(341)   eden space 8832K,   0% used [0x0000120000200000, 0x0000120000200000, 0x0000120000aa0000)
[17.106s][debug][gc,heap        ] GC(341)   from space 1088K,   0% used [0x0000120000aa0000, 0x0000120000aa01d8, 0x0000120000bb0000)
[17.106s][debug][gc,heap        ] GC(341)   to   space 1088K,   0% used [0x0000120000bb0000, 0x0000120000bb0000, 0x0000120000cc0000)
[17.106s][debug][gc,heap        ] GC(341)  tenured generation   total 21888K, used 2071K [0x000012000aca0000, 0x000012000c200000, 0x0000120020200000)
[17.106s][debug][gc,heap        ] GC(341)    the space 21888K,   9% used [0x000012000aca0000, 0x000012000aea5fe0, 0x000012000aea6000, 0x000012000c200000)
[17.106s][debug][gc,heap        ] GC(341)  Metaspace       used 369K, committed 512K, reserved 1114112K
[17.106s][debug][gc,heap        ] GC(341)   class space    used 63K, committed 128K, reserved 1048576K
[17.106s][info ][gc             ] GC(341) Pause Young (Allocation Failure) 10M->2M(31M) 0.589ms
[17.106s][info ][gc,cpu         ] GC(341) User=0.00s Sys=0.00s Real=0.00s
[17.106s][info ][safepoint      ] Safepoint "GenCollectForAllocation", Time since last: 48368242 ns, Reaching safepoint: 3380 ns, Cleanup: 3723 ns, At safepoint: 611777 ns, Total: 618880 ns
[17.157s][info ][gc,start       ] GC(342) Pause Young (Allocation Failure)
[17.157s][debug][gc,heap        ] GC(342) Heap before GC invocations=342 (full 10):
[17.157s][debug][gc,heap        ] GC(342)  def new generation   total 9920K, used 8832K [0x0000120000200000, 0x0000120000cc0000, 0x000012000aca0000)
[17.157s][debug][gc,heap        ] GC(342)   eden space 8832K, 100% used [0x0000120000200000, 0x0000120000aa0000, 0x0000120000aa0000)
[17.157s][debug][gc,heap        ] GC(342)   from space 1088K,   0% used [0x0000120000aa0000, 0x0000120000aa01d8, 0x0000120000bb0000)
[17.157s][debug][gc,heap        ] GC(342)   to   space 1088K,   0% used [0x0000120000bb0000, 0x0000120000bb0000, 0x0000120000cc0000)
[17.157s][debug][gc,heap        ] GC(342)  tenured generation   total 21888K, used 2071K [0x000012000aca0000, 0x000012000c200000, 0x0000120020200000)
[17.157s][debug][gc,heap        ] GC(342)    the space 21888K,   9% used [0x000012000aca0000, 0x000012000aea5fe0, 0x000012000aea6000, 0x000012000c200000)
[17.157s][debug][gc,heap        ] GC(342)  Metaspace       used 369K, committed 512K, reserved 1114112K
[17.157s][debug][gc,heap        ] GC(342)   class space    used 63K, committed 128K, reserved 1048576K
[17.157s][debug][gc,tlab        ] GC(342) TLAB totals: thrds: 2  refills: 101 max: 52 slow allocs: 0 max 0 waste:  0.1% gc: 10456B max: 10456B slow: 2248B max: 1304B
[17.157s][debug][gc,ref         ] GC(342) Skipped SoftWeakFinalRefsPhase of Reference Processing: no references
[17.157s][debug][gc,ref         ] GC(342) Skipped KeepAliveFinalRefsPhase of Reference Processing: no references
[17.157s][debug][gc,ref         ] GC(342) Skipped PhantomRefsPhase of Reference Processing: no references
[17.157s][debug][gc,phases,ref  ] GC(342) Reference Processing: 0.0ms
[17.157s][debug][gc,phases,ref  ] GC(342)   Notify Soft/WeakReferences: 0.0ms
[17.157s][debug][gc,phases,ref  ] GC(342)     SoftRef: skipped
[17.157s][debug][gc,phases,ref  ] GC(342)     WeakRef: skipped
[17.157s][debug][gc,phases,ref  ] GC(342)     FinalRef: skipped
[17.157s][debug][gc,phases,ref  ] GC(342)     Total: skipped
[17.157s][debug][gc,phases,ref  ] GC(342)   Notify and keep alive finalizable: 0.0ms
[17.157s][debug][gc,phases,ref  ] GC(342)     FinalRef: skipped
[17.157s][debug][gc,phases,ref  ] GC(342)   Notify PhantomReferences: 0.0ms
[17.157s][debug][gc,phases,ref  ] GC(342)     PhantomRef: skipped
[17.157s][debug][gc,phases,ref  ] GC(342)   SoftReference Discovered: 0, Dropped: 0, Processed: 0
[17.157s][debug][gc,phases,ref  ] GC(342)   WeakReference Discovered: 0, Dropped: 0, Processed: 0
[17.157s][debug][gc,phases,ref  ] GC(342)   FinalReference Discovered: 0, Dropped: 0, Processed: 0
[17.157s][debug][gc,phases,ref  ] GC(342)   PhantomReference Discovered: 0, Dropped: 0, Processed: 0
[17.157s][debug][gc,age         ] GC(342) Desired survivor size 557056 bytes, new threshold 15 (max threshold 15)
[17.157s][info ][gc,heap        ] GC(342) DefNew: 8832K(9920K)->0K(9920K) Eden: 8832K(8832K)->0K(8832K) From: 0K(1088K)->0K(1088K)
[17.157s][info ][gc,heap        ] GC(342) Tenured: 2071K(21888K)->2071K(21888K)
[17.157s][info ][gc,metaspace   ] GC(342) Metaspace: 369K(512K)->369K(512K) NonClass: 306K(384K)->306K(384K) Class: 63K(128K)->63K(128K)
[17.157s][debug][gc,heap        ] GC(342) Heap after GC invocations=343 (full 10):
[17.157s][debug][gc,heap        ] GC(342)  def new generation   total 9920K, used 0K [0x0000120000200000, 0x0000120000cc0000, 0x000012000aca0000)
[17.157s][debug][gc,heap        ] GC(342)   eden space 8832K,   0% used [0x0000120000200000, 0x0000120000200000, 0x0000120000aa0000)
[17.157s][debug][gc,heap        ] GC(342)   from space 1088K,   0% used [0x0000120000bb0000, 0x0000120000bb01d0, 0x0000120000cc0000)
[17.157s][debug][gc,heap        ] GC(342)   to   space 1088K,   0% used [0x0000120000aa0000, 0x0000120000aa0000, 0x0000120000bb0000)
[17.157s][debug][gc,heap        ] GC(342)  tenured generation   total 21888K, used 2071K [0x000012000aca0000, 0x000012000c200000, 0x0000120020200000)
[17.157s][debug][gc,heap        ] GC(342)    the space 21888K,   9% used [0x000012000aca0000, 0x000012000aea5fe0, 0x000012000aea6000, 0x000012000c200000)
[17.157s][debug][gc,heap        ] GC(342)  Metaspace       used 369K, committed 512K, reserved 1114112K
[17.157s][debug][gc,heap        ] GC(342)   class space    used 63K, committed 128K, reserved 1048576K
[17.157s][info ][gc             ] GC(342) Pause Young (Allocation Failure) 10M->2M(31M) 0.579ms
[17.157s][info ][gc,cpu         ] GC(342) User=0.00s Sys=0.00s Real=0.00s
[17.157s][info ][safepoint      ] Safepoint "GenCollectForAllocation", Time since last: 50282608 ns, Reaching safepoint: 77100 ns, Cleanup: 3525 ns, At safepoint: 622949 ns, Total: 703574 ns
[17.206s][info ][gc,start       ] GC(343) Pause Young (Allocation Failure)
[17.206s][debug][gc,heap        ] GC(343) Heap before GC invocations=343 (full 10):
[17.206s][debug][gc,heap        ] GC(343)  def new generation   total 9920K, used 8832K [0x0000120000200000, 0x0000120000cc0000, 0x000012000aca0000)
[17.206s][debug][gc,heap        ] GC(343)   eden space 8832K, 100% used [0x0000120000200000, 0x0000120000aa0000, 0x0000120000aa0000)
[17.206s][debug][gc,heap        ] GC(343)   from space 1088K,   0% used [0x0000120000bb0000, 0x0000120000bb01d0, 0x0000120000cc0000)
[17.206s][debug][gc,heap        ] GC(343)   to   space 1088K,   0% used [0x0000120000aa0000, 0x0000120000aa0000, 0x0000120000bb0000)
[17.206s][debug][gc,heap        ] GC(343)  tenured generation   total 21888K, used 2071K [0x000012000aca0000, 0x000012000c200000, 0x0000120020200000)
[17.206s][debug][gc,heap        ] GC(343)    the space 21888K,   9% used [0x000012000aca0000, 0x000012000aea5fe0, 0x000012000aea6000, 0x000012000c200000)
[17.206s][debug][gc,heap        ] GC(343)  Metaspace       used 369K, committed 512K, reserved 1114112K
[17.206s][debug][gc,heap        ] GC(343)   class space    used 63K, committed 128K, reserved 1048576K
[17.206s][debug][gc,tlab        ] GC(343) TLAB totals: thrds: 2  refills: 101 max: 51 slow allocs: 0 max 0 waste:  0.2% gc: 12816B max: 12816B slow: 2136B max: 1232B
[17.206s][debug][gc,ref         ] GC(343) Skipped SoftWeakFinalRefsPhase of Reference Processing: no references
[17.206s][debug][gc,ref         ] GC(343) Skipped KeepAliveFinalRefsPhase of Reference Processing: no references
[17.206s][debug][gc,ref         ] GC(343) Skipped PhantomRefsPhase of Reference Processing: no references
[17.206s][debug][gc,phases,ref  ] GC(343) Reference Processing: 0.0ms
[17.206s][debug][gc,phases,ref  ] GC(343)   Notify Soft/WeakReferences: 0.0ms
[17.206s][debug][gc,phases,ref  ] GC(343)     SoftRef: skipped
[17.206s][debug][gc,phases,ref  ] GC(343)     WeakRef: skipped
[17.206s][debug][gc,phases,ref  ] GC(343)     FinalRef: skipped
[17.206s][debug][gc,phases,ref  ] GC(343)     Total: skipped
[17.206s][debug][gc,phases,ref  ] GC(343)   Notify and keep alive finalizable: 0.0ms
[17.206s][debug][gc,phases,ref  ] GC(343)     FinalRef: skipped
[17.206s][debug][gc,phases,ref  ] GC(343)   Notify PhantomReferences: 0.0ms
[17.206s][debug][gc,phases,ref  ] GC(343)     PhantomRef: skipped
[17.206s][debug][gc,phases,ref  ] GC(343)   SoftReference Discovered: 0, Dropped: 0, Processed: 0
[17.206s][debug][gc,phases,ref  ] GC(343)   WeakReference Discovered: 0, Dropped: 0, Processed: 0
[17.206s][debug][gc,phases,ref  ] GC(343)   FinalReference Discovered: 0, Dropped: 0, Processed: 0
[17.206s][debug][gc,phases,ref  ] GC(343)   PhantomReference Discovered: 0, Dropped: 0, Processed: 0
[17.206s][debug][gc,age         ] GC(343) Desired survivor size 557056 bytes, new threshold 15 (max threshold 15)
[17.206s][info ][gc,heap        ] GC(343) DefNew: 8832K(9920K)->0K(9920K) Eden: 8832K(8832K)->0K(8832K) From: 0K(1088K)->0K(1088K)
[17.206s][info ][gc,heap        ] GC(343) Tenured: 2071K(21888K)->2071K(21888K)
[17.206s][info ][gc,metaspace   ] GC(343) Metaspace: 369K(512K)->369K(512K) NonClass: 306K(384K)->306K(384K) Class: 63K(128K)->63K(128K)
[17.206s][debug][gc,heap        ] GC(343) Heap after GC invocations=344 (full 10):
[17.206s][debug][gc,heap        ] GC(343)  def new generation   total 9920K, used 0K [0x0000120000200000, 0x0000120000cc0000, 0x000012000aca0000)
[17.206s][debug][gc,heap        ] GC(343)   eden space 8832K,   0% used [0x0000120000200000, 0x0000120000200000, 0x0000120000aa0000)
[17.206s][debug][gc,heap        ] GC(343)   from space 1088K,   0% used [0x0000120000aa0000, 0x0000120000aa0180, 0x0000120000bb0000)
[17.206s][debug][gc,heap        ] GC(343)   to   space 1088K,   0% used [0x0000120000bb0000, 0x0000120000bb0000, 0x0000120000cc0000)
[17.206s][debug][gc,heap        ] GC(343)  tenured generation   total 21888K, used 2071K [0x000012000aca0000, 0x000012000c200000, 0x0000120020200000)
[17.206s][debug][gc,heap        ] GC(343)    the space 21888K,   9% used [0x000012000aca0000, 0x000012000aea5fe0, 0x000012000aea6000, 0x000012000c200000)
[17.206s][debug][gc,heap        ] GC(343)  Metaspace       used 369K, committed 512K, reserved 1114112K
[17.206s][debug][gc,heap        ] GC(343)   class space    used 63K, committed 128K, reserved 1048576K
[17.206s][info ][gc             ] GC(343) Pause Young (Allocation Failure) 10M->2M(31M) 0.595ms
[17.206s][info ][gc,cpu         ] GC(343) User=0.00s Sys=0.00s Real=0.00s
[17.206s][info ][safepoint      ] Safepoint "GenCollectForAllocation", Time since last: 48360826 ns, Reaching safepoint: 3184 ns, Cleanup: 3835 ns, At safepoint: 616334 ns, Total: 623353 ns
[17.265s][info ][gc,start       ] GC(344) Pause Young (Allocation Failure)
[17.265s][debug][gc,heap        ] GC(344) Heap before GC invocations=344 (full 10):
[17.265s][debug][gc,heap        ] GC(344)  def new generation   total 9920K, used 8832K [0x0000120000200000, 0x0000120000cc0000, 0x000012000aca0000)
[17.265s][debug][gc,heap        ] GC(344)   eden space 8832K, 100% used [0x0000120000200000, 0x0000120000aa0000, 0x0000120000aa0000)
[17.265s][debug][gc,heap        ] GC(344)   from space 1088K,   0% used [0x0000120000aa0000, 0x0000120000aa0180, 0x0000120000bb0000)
[17.265s][debug][gc,heap        ] GC(344)   to   space 1088K,   0% used [0x0000120000bb0000, 0x0000120000bb0000, 0x0000120000cc0000)
[17.265s][debug][gc,heap        ] GC(344)  tenured generation   total 21888K, used 2071K [0x000012000aca0000, 0x000012000c200000, 0x0000120020200000)
[17.265s][debug][gc,heap        ] GC(344)    the space 21888K,   9% used [0x000012000aca0000, 0x000012000aea5fe0, 0x000012000aea6000, 0x000012000c200000)
[17.265s][debug][gc,heap        ] GC(344)  Metaspace       used 369K, committed 512K, reserved 1114112K
[17.265s][debug][gc,heap        ] GC(344)   class space    used 63K, committed 128K, reserved 1048576K
[17.265s][debug][gc,tlab        ] GC(344) TLAB totals: thrds: 2  refills: 101 max: 61 slow allocs: 0 max 0 waste:  0.2% gc: 14352B max: 14352B slow: 2080B max: 1072B
[17.265s][debug][gc,ref         ] GC(344) Skipped SoftWeakFinalRefsPhase of Reference Processing: no references
[17.265s][debug][gc,ref         ] GC(344) Skipped KeepAliveFinalRefsPhase of Reference Processing: no references
[17.265s][debug][gc,ref         ] GC(344) Skipped PhantomRefsPhase of Reference Processing: no references
[17.265s][debug][gc,phases,ref  ] GC(344) Reference Processing: 0.0ms
[17.265s][debug][gc,phases,ref  ] GC(344)   Notify Soft/WeakReferences: 0.0ms
[17.265s][debug][gc,phases,ref  ] GC(344)     SoftRef: skipped
[17.265s][debug][gc,phases,ref  ] GC(344)     WeakRef: skipped
[17.265s][debug][gc,phases,ref  ] GC(344)     FinalRef: skipped
[17.265s][debug][gc,phases,ref  ] GC(344)     Total: skipped
[17.265s][debug][gc,phases,ref  ] GC(344)   Notify and keep alive finalizable: 0.0ms
[17.265s][debug][gc,phases,ref  ] GC(344)     FinalRef: skipped
[17.265s][debug][gc,phases,ref  ] GC(344)   Notify PhantomReferences: 0.0ms
[17.265s][debug][gc,phases,ref  ] GC(344)     PhantomRef: skipped
[17.265s][debug][gc,phases,ref  ] GC(344)   SoftReference Discovered: 0, Dropped: 0, Processed: 0
[17.265s][debug][gc,phases,ref  ] GC(344)   WeakReference Discovered: 0, Dropped: 0, Processed: 0
[17.265s][debug][gc,phases,ref  ] GC(344)   FinalReference Discovered: 0, Dropped: 0, Processed: 0
[17.265s][debug][gc,phases,ref  ] GC(344)   PhantomReference Discovered: 0, Dropped: 0, Processed: 0
[17.265s][debug][gc,age         ] GC(344) Desired survivor size 557056 bytes, new threshold 15 (max threshold 15)
[17.266s][info ][gc,heap        ] GC(344) DefNew: 8832K(9920K)->0K(9920K) Eden: 8832K(8832K)->0K(8832K) From: 0K(1088K)->0K(1088K)
[17.266s][info ][gc,heap        ] GC(344) Tenured: 2071K(21888K)->2071K(21888K)
[17.266s][info ][gc,metaspace   ] GC(344) Metaspace: 369K(512K)->369K(512K) NonClass: 306K(384K)->306K(384K) Class: 63K(128K)->63K(128K)
[17.266s][debug][gc,heap        ] GC(344) Heap after GC invocations=345 (full 10):
[17.266s][debug][gc,heap        ] GC(344)  def new generation   total 9920K, used 0K [0x0000120000200000, 0x0000120000cc0000, 0x000012000aca0000)
[17.266s][debug][gc,heap        ] GC(344)   eden space 8832K,   0% used [0x0000120000200000, 0x0000120000200000, 0x0000120000aa0000)
[17.266s][debug][gc,heap        ] GC(344)   from space 1088K,   0% used [0x0000120000bb0000, 0x0000120000bb0138, 0x0000120000cc0000)
[17.266s][debug][gc,heap        ] GC(344)   to   space 1088K,   0% used [0x0000120000aa0000, 0x0000120000aa0000, 0x0000120000bb0000)
[17.266s][debug][gc,heap        ] GC(344)  tenured generation   total 21888K, used 2071K [0x000012000aca0000, 0x000012000c200000, 0x0000120020200000)
[17.266s][debug][gc,heap        ] GC(344)    the space 21888K,   9% used [0x000012000aca0000, 0x000012000aea5fe0, 0x000012000aea6000, 0x000012000c200000)
[17.266s][debug][gc,heap        ] GC(344)  Metaspace       used 369K, committed 512K, reserved 1114112K
[17.266s][debug][gc,heap        ] GC(344)   class space    used 63K, committed 128K, reserved 1048576K
[17.266s][info ][gc             ] GC(344) Pause Young (Allocation Failure) 10M->2M(31M) 0.581ms
[17.266s][info ][gc,cpu         ] GC(344) User=0.00s Sys=0.00s Real=0.00s
[17.266s][info ][safepoint      ] Safepoint "GenCollectForAllocation", Time since last: 58702184 ns, Reaching safepoint: 3352 ns, Cleanup: 3587 ns, At safepoint: 627197 ns, Total: 634136 ns
[17.313s][info ][gc,start       ] GC(345) Pause Young (Allocation Failure)
[17.313s][debug][gc,heap        ] GC(345) Heap before GC invocations=345 (full 10):
[17.313s][debug][gc,heap        ] GC(345)  def new generation   total 9920K, used 8832K [0x0000120000200000, 0x0000120000cc0000, 0x000012000aca0000)
[17.313s][debug][gc,heap        ] GC(345)   eden space 8832K, 100% used [0x0000120000200000, 0x0000120000aa0000, 0x0000120000aa0000)
[17.313s][debug][gc,heap        ] GC(345)   from space 1088K,   0% used [0x0000120000bb0000, 0x0000120000bb0138, 0x0000120000cc0000)
[17.313s][debug][gc,heap        ] GC(345)   to   space 1088K,   0% used [0x0000120000aa0000, 0x0000120000aa0000, 0x0000120000bb0000)
[17.313s][debug][gc,heap        ] GC(345)  tenured generation   total 21888K, used 2071K [0x000012000aca0000, 0x000012000c200000, 0x0000120020200000)
[17.313s][debug][gc,heap        ] GC(345)    the space 21888K,   9% used [0x000012000aca0000, 0x000012000aea5fe0, 0x000012000aea6000, 0x000012000c200000)
[17.313s][debug][gc,heap        ] GC(345)  Metaspace       used 369K, committed 512K, reserved 1114112K
[17.313s][debug][gc,heap        ] GC(345)   class space    used 63K, committed 128K, reserved 1048576K
[17.313s][debug][gc,tlab        ] GC(345) TLAB totals: thrds: 2  refills: 101 max: 55 slow allocs: 0 max 0 waste:  0.1% gc: 6736B max: 6736B slow: 2288B max: 1376B
[17.313s][debug][gc,ref         ] GC(345) Skipped SoftWeakFinalRefsPhase of Reference Processing: no references
[17.313s][debug][gc,ref         ] GC(345) Skipped KeepAliveFinalRefsPhase of Reference Processing: no references
[17.313s][debug][gc,ref         ] GC(345) Skipped PhantomRefsPhase of Reference Processing: no references
[17.313s][debug][gc,phases,ref  ] GC(345) Reference Processing: 0.0ms
[17.313s][debug][gc,phases,ref  ] GC(345)   Notify Soft/WeakReferences: 0.0ms
[17.313s][debug][gc,phases,ref  ] GC(345)     SoftRef: skipped
[17.313s][debug][gc,phases,ref  ] GC(345)     WeakRef: skipped
[17.313s][debug][gc,phases,ref  ] GC(345)     FinalRef: skipped
[17.313s][debug][gc,phases,ref  ] GC(345)     Total: skipped
[17.313s][debug][gc,phases,ref  ] GC(345)   Notify and keep alive finalizable: 0.0ms
[17.313s][debug][gc,phases,ref  ] GC(345)     FinalRef: skipped
[17.313s][debug][gc,phases,ref  ] GC(345)   Notify PhantomReferences: 0.0ms
[17.313s][debug][gc,phases,ref  ] GC(345)     PhantomRef: skipped
[17.313s][debug][gc,phases,ref  ] GC(345)   SoftReference Discovered: 0, Dropped: 0, Processed: 0
[17.313s][debug][gc,phases,ref  ] GC(345)   WeakReference Discovered: 0, Dropped: 0, Processed: 0
[17.313s][debug][gc,phases,ref  ] GC(345)   FinalReference Discovered: 0, Dropped: 0, Processed: 0
[17.313s][debug][gc,phases,ref  ] GC(345)   PhantomReference Discovered: 0, Dropped: 0, Processed: 0
[17.313s][debug][gc,age         ] GC(345) Desired survivor size 557056 bytes, new threshold 15 (max threshold 15)
[17.314s][info ][gc,heap        ] GC(345) DefNew: 8832K(9920K)->0K(9920K) Eden: 8832K(8832K)->0K(8832K) From: 0K(1088K)->0K(1088K)
[17.314s][info ][gc,heap        ] GC(345) Tenured: 2071K(21888K)->2071K(21888K)
[17.314s][info ][gc,metaspace   ] GC(345) Metaspace: 369K(512K)->369K(512K) NonClass: 306K(384K)->306K(384K) Class: 63K(128K)->63K(128K)
[17.314s][debug][gc,heap        ] GC(345) Heap after GC invocations=346 (full 10):
[17.314s][debug][gc,heap        ] GC(345)  def new generation   total 9920K, used 0K [0x0000120000200000, 0x0000120000cc0000, 0x000012000aca0000)
[17.314s][debug][gc,heap        ] GC(345)   eden space 8832K,   0% used [0x0000120000200000, 0x0000120000200000, 0x0000120000aa0000)
[17.314s][debug][gc,heap        ] GC(345)   from space 1088K,   0% used [0x0000120000aa0000, 0x0000120000aa0118, 0x0000120000bb0000)
[17.314s][debug][gc,heap        ] GC(345)   to   space 1088K,   0% used [0x0000120000bb0000, 0x0000120000bb0000, 0x0000120000cc0000)
[17.314s][debug][gc,heap        ] GC(345)  tenured generation   total 21888K, used 2071K [0x000012000aca0000, 0x000012000c200000, 0x0000120020200000)
[17.314s][debug][gc,heap        ] GC(345)    the space 21888K,   9% used [0x000012000aca0000, 0x000012000aea5fe0, 0x000012000aea6000, 0x000012000c200000)
[17.314s][debug][gc,heap        ] GC(345)  Metaspace       used 369K, committed 512K, reserved 1114112K
[17.314s][debug][gc,heap        ] GC(345)   class space    used 63K, committed 128K, reserved 1048576K
[17.314s][info ][gc             ] GC(345) Pause Young (Allocation Failure) 10M->2M(31M) 0.587ms
[17.314s][info ][gc,cpu         ] GC(345) User=0.00s Sys=0.00s Real=0.00s
[17.314s][info ][safepoint      ] Safepoint "GenCollectForAllocation", Time since last: 47287940 ns, Reaching safepoint: 77289 ns, Cleanup: 3355 ns, At safepoint: 632452 ns, Total: 713096 ns
[17.361s][info ][gc,start       ] GC(346) Pause Young (Allocation Failure)
[17.361s][debug][gc,heap        ] GC(346) Heap before GC invocations=346 (full 10):
[17.361s][debug][gc,heap        ] GC(346)  def new generation   total 9920K, used 8832K [0x0000120000200000, 0x0000120000cc0000, 0x000012000aca0000)
[17.361s][debug][gc,heap        ] GC(346)   eden space 8832K, 100% used [0x0000120000200000, 0x0000120000aa0000, 0x0000120000aa0000)
[17.361s][debug][gc,heap        ] GC(346)   from space 1088K,   0% used [0x0000120000aa0000, 0x0000120000aa0118, 0x0000120000bb0000)
[17.361s][debug][gc,heap        ] GC(346)   to   space 1088K,   0% used [0x0000120000bb0000, 0x0000120000bb0000, 0x0000120000cc0000)
[17.361s][debug][gc,heap        ] GC(346)  tenured generation   total 21888K, used 2071K [0x000012000aca0000, 0x000012000c200000, 0x0000120020200000)
[17.361s][debug][gc,heap        ] GC(346)    the space 21888K,   9% used [0x000012000aca0000, 0x000012000aea5fe0, 0x000012000aea6000, 0x000012000c200000)
[17.361s][debug][gc,heap        ] GC(346)  Metaspace       used 369K, committed 512K, reserved 1114112K
[17.361s][debug][gc,heap        ] GC(346)   class space    used 63K, committed 128K, reserved 1048576K
[17.361s][debug][gc,tlab        ] GC(346) TLAB totals: thrds: 2  refills: 101 max: 54 slow allocs: 0 max 0 waste:  0.5% gc: 43168B max: 43168B slow: 2344B max: 1368B
[17.362s][debug][gc,ref         ] GC(346) Skipped SoftWeakFinalRefsPhase of Reference Processing: no references
[17.362s][debug][gc,ref         ] GC(346) Skipped KeepAliveFinalRefsPhase of Reference Processing: no references
[17.362s][debug][gc,ref         ] GC(346) Skipped PhantomRefsPhase of Reference Processing: no references
[17.362s][debug][gc,phases,ref  ] GC(346) Reference Processing: 0.0ms
[17.362s][debug][gc,phases,ref  ] GC(346)   Notify Soft/WeakReferences: 0.0ms
[17.362s][debug][gc,phases,ref  ] GC(346)     SoftRef: skipped
[17.362s][debug][gc,phases,ref  ] GC(346)     WeakRef: skipped
[17.362s][debug][gc,phases,ref  ] GC(346)     FinalRef: skipped
[17.362s][debug][gc,phases,ref  ] GC(346)     Total: skipped
[17.362s][debug][gc,phases,ref  ] GC(346)   Notify and keep alive finalizable: 0.0ms
[17.362s][debug][gc,phases,ref  ] GC(346)     FinalRef: skipped
[17.362s][debug][gc,phases,ref  ] GC(346)   Notify PhantomReferences: 0.0ms
[17.362s][debug][gc,phases,ref  ] GC(346)     PhantomRef: skipped
[17.362s][debug][gc,phases,ref  ] GC(346)   SoftReference Discovered: 0, Dropped: 0, Processed: 0
[17.362s][debug][gc,phases,ref  ] GC(346)   WeakReference Discovered: 0, Dropped: 0, Processed: 0
[17.362s][debug][gc,phases,ref  ] GC(346)   FinalReference Discovered: 0, Dropped: 0, Processed: 0
[17.362s][debug][gc,phases,ref  ] GC(346)   PhantomReference Discovered: 0, Dropped: 0, Processed: 0
[17.362s][debug][gc,age         ] GC(346) Desired survivor size 557056 bytes, new threshold 15 (max threshold 15)
[17.362s][info ][gc,heap        ] GC(346) DefNew: 8832K(9920K)->0K(9920K) Eden: 8832K(8832K)->0K(8832K) From: 0K(1088K)->0K(1088K)
[17.362s][info ][gc,heap        ] GC(346) Tenured: 2071K(21888K)->2071K(21888K)
[17.362s][info ][gc,metaspace   ] GC(346) Metaspace: 369K(512K)->369K(512K) NonClass: 306K(384K)->306K(384K) Class: 63K(128K)->63K(128K)
[17.362s][debug][gc,heap        ] GC(346) Heap after GC invocations=347 (full 10):
[17.362s][debug][gc,heap        ] GC(346)  def new generation   total 9920K, used 0K [0x0000120000200000, 0x0000120000cc0000, 0x000012000aca0000)
[17.362s][debug][gc,heap        ] GC(346)   eden space 8832K,   0% used [0x0000120000200000, 0x0000120000200000, 0x0000120000aa0000)
[17.362s][debug][gc,heap        ] GC(346)   from space 1088K,   0% used [0x0000120000bb0000, 0x0000120000bb0138, 0x0000120000cc0000)
[17.362s][debug][gc,heap        ] GC(346)   to   space 1088K,   0% used [0x0000120000aa0000, 0x0000120000aa0000, 0x0000120000bb0000)
[17.362s][debug][gc,heap        ] GC(346)  tenured generation   total 21888K, used 2071K [0x000012000aca0000, 0x000012000c200000, 0x0000120020200000)
[17.362s][debug][gc,heap        ] GC(346)    the space 21888K,   9% used [0x000012000aca0000, 0x000012000aea5fe0, 0x000012000aea6000, 0x000012000c200000)
[17.362s][debug][gc,heap        ] GC(346)  Metaspace       used 369K, committed 512K, reserved 1114112K
[17.362s][debug][gc,heap        ] GC(346)   class space    used 63K, committed 128K, reserved 1048576K
[17.362s][info ][gc             ] GC(346) Pause Young (Allocation Failure) 10M->2M(31M) 0.657ms
[17.362s][info ][gc,cpu         ] GC(346) User=0.01s Sys=0.00s Real=0.00s
[17.362s][info ][safepoint      ] Safepoint "GenCollectForAllocation", Time since last: 47526334 ns, Reaching safepoint: 3515 ns, Cleanup: 3610 ns, At safepoint: 704107 ns, Total: 711232 ns
[17.409s][info ][gc,start       ] GC(347) Pause Young (Allocation Failure)
[17.410s][debug][gc,heap        ] GC(347) Heap before GC invocations=347 (full 10):
[17.410s][debug][gc,heap        ] GC(347)  def new generation   total 9920K, used 8832K [0x0000120000200000, 0x0000120000cc0000, 0x000012000aca0000)
[17.410s][debug][gc,heap        ] GC(347)   eden space 8832K, 100% used [0x0000120000200000, 0x0000120000aa0000, 0x0000120000aa0000)
[17.410s][debug][gc,heap        ] GC(347)   from space 1088K,   0% used [0x0000120000bb0000, 0x0000120000bb0138, 0x0000120000cc0000)
[17.410s][debug][gc,heap        ] GC(347)   to   space 1088K,   0% used [0x0000120000aa0000, 0x0000120000aa0000, 0x0000120000bb0000)
[17.410s][debug][gc,heap        ] GC(347)  tenured generation   total 21888K, used 2071K [0x000012000aca0000, 0x000012000c200000, 0x0000120020200000)
[17.410s][debug][gc,heap        ] GC(347)    the space 21888K,   9% used [0x000012000aca0000, 0x000012000aea5fe0, 0x000012000aea6000, 0x000012000c200000)
[17.410s][debug][gc,heap        ] GC(347)  Metaspace       used 369K, committed 512K, reserved 1114112K
[17.410s][debug][gc,heap        ] GC(347)   class space    used 63K, committed 128K, reserved 1048576K
[17.410s][debug][gc,tlab        ] GC(347) TLAB totals: thrds: 2  refills: 101 max: 53 slow allocs: 0 max 0 waste:  0.7% gc: 58304B max: 58304B slow: 2592B max: 1400B
[17.410s][debug][gc,ref         ] GC(347) Skipped SoftWeakFinalRefsPhase of Reference Processing: no references
[17.410s][debug][gc,ref         ] GC(347) Skipped KeepAliveFinalRefsPhase of Reference Processing: no references
[17.410s][debug][gc,ref         ] GC(347) Skipped PhantomRefsPhase of Reference Processing: no references
[17.410s][debug][gc,phases,ref  ] GC(347) Reference Processing: 0.0ms
[17.410s][debug][gc,phases,ref  ] GC(347)   Notify Soft/WeakReferences: 0.0ms
[17.410s][debug][gc,phases,ref  ] GC(347)     SoftRef: skipped
[17.410s][debug][gc,phases,ref  ] GC(347)     WeakRef: skipped
[17.410s][debug][gc,phases,ref  ] GC(347)     FinalRef: skipped
[17.410s][debug][gc,phases,ref  ] GC(347)     Total: skipped
[17.410s][debug][gc,phases,ref  ] GC(347)   Notify and keep alive finalizable: 0.0ms
[17.410s][debug][gc,phases,ref  ] GC(347)     FinalRef: skipped
[17.410s][debug][gc,phases,ref  ] GC(347)   Notify PhantomReferences: 0.0ms
[17.410s][debug][gc,phases,ref  ] GC(347)     PhantomRef: skipped
[17.410s][debug][gc,phases,ref  ] GC(347)   SoftReference Discovered: 0, Dropped: 0, Processed: 0
[17.410s][debug][gc,phases,ref  ] GC(347)   WeakReference Discovered: 0, Dropped: 0, Processed: 0
[17.410s][debug][gc,phases,ref  ] GC(347)   FinalReference Discovered: 0, Dropped: 0, Processed: 0
[17.410s][debug][gc,phases,ref  ] GC(347)   PhantomReference Discovered: 0, Dropped: 0, Processed: 0
[17.410s][debug][gc,age         ] GC(347) Desired survivor size 557056 bytes, new threshold 15 (max threshold 15)
[17.410s][info ][gc,heap        ] GC(347) DefNew: 8832K(9920K)->0K(9920K) Eden: 8832K(8832K)->0K(8832K) From: 0K(1088K)->0K(1088K)
[17.410s][info ][gc,heap        ] GC(347) Tenured: 2071K(21888K)->2071K(21888K)
[17.410s][info ][gc,metaspace   ] GC(347) Metaspace: 369K(512K)->369K(512K) NonClass: 306K(384K)->306K(384K) Class: 63K(128K)->63K(128K)
[17.410s][debug][gc,heap        ] GC(347) Heap after GC invocations=348 (full 10):
[17.410s][debug][gc,heap        ] GC(347)  def new generation   total 9920K, used 0K [0x0000120000200000, 0x0000120000cc0000, 0x000012000aca0000)
[17.410s][debug][gc,heap        ] GC(347)   eden space 8832K,   0% used [0x0000120000200000, 0x0000120000200000, 0x0000120000aa0000)
[17.410s][debug][gc,heap        ] GC(347)   from space 1088K,   0% used [0x0000120000aa0000, 0x0000120000aa01c8, 0x0000120000bb0000)
[17.410s][debug][gc,heap        ] GC(347)   to   space 1088K,   0% used [0x0000120000bb0000, 0x0000120000bb0000, 0x0000120000cc0000)
[17.410s][debug][gc,heap        ] GC(347)  tenured generation   total 21888K, used 2071K [0x000012000aca0000, 0x000012000c200000, 0x0000120020200000)
[17.410s][debug][gc,heap        ] GC(347)    the space 21888K,   9% used [0x000012000aca0000, 0x000012000aea5fe0, 0x000012000aea6000, 0x000012000c200000)
[17.410s][debug][gc,heap        ] GC(347)  Metaspace       used 369K, committed 512K, reserved 1114112K
[17.410s][debug][gc,heap        ] GC(347)   class space    used 63K, committed 128K, reserved 1048576K
[17.410s][info ][gc             ] GC(347) Pause Young (Allocation Failure) 10M->2M(31M) 0.581ms
[17.410s][info ][gc,cpu         ] GC(347) User=0.00s Sys=0.00s Real=0.00s
[17.410s][info ][safepoint      ] Safepoint "GenCollectForAllocation", Time since last: 47538411 ns, Reaching safepoint: 3580 ns, Cleanup: 3526 ns, At safepoint: 626902 ns, Total: 634008 ns
[17.457s][info ][gc,start       ] GC(348) Pause Young (Allocation Failure)
[17.458s][debug][gc,heap        ] GC(348) Heap before GC invocations=348 (full 10):
[17.458s][debug][gc,heap        ] GC(348)  def new generation   total 9920K, used 8832K [0x0000120000200000, 0x0000120000cc0000, 0x000012000aca0000)
[17.458s][debug][gc,heap        ] GC(348)   eden space 8832K, 100% used [0x0000120000200000, 0x0000120000aa0000, 0x0000120000aa0000)
[17.458s][debug][gc,heap        ] GC(348)   from space 1088K,   0% used [0x0000120000aa0000, 0x0000120000aa01c8, 0x0000120000bb0000)
[17.458s][debug][gc,heap        ] GC(348)   to   space 1088K,   0% used [0x0000120000bb0000, 0x0000120000bb0000, 0x0000120000cc0000)
[17.458s][debug][gc,heap        ] GC(348)  tenured generation   total 21888K, used 2071K [0x000012000aca0000, 0x000012000c200000, 0x0000120020200000)
[17.458s][debug][gc,heap        ] GC(348)    the space 21888K,   9% used [0x000012000aca0000, 0x000012000aea5fe0, 0x000012000aea6000, 0x000012000c200000)
[17.458s][debug][gc,heap        ] GC(348)  Metaspace       used 369K, committed 512K, reserved 1114112K
[17.458s][debug][gc,heap        ] GC(348)   class space    used 63K, committed 128K, reserved 1048576K
[17.458s][debug][gc,tlab        ] GC(348) TLAB totals: thrds: 2  refills: 101 max: 51 slow allocs: 0 max 0 waste:  0.4% gc: 29328B max: 29328B slow: 3280B max: 2000B
[17.458s][debug][gc,ref         ] GC(348) Skipped SoftWeakFinalRefsPhase of Reference Processing: no references
[17.458s][debug][gc,ref         ] GC(348) Skipped KeepAliveFinalRefsPhase of Reference Processing: no references
[17.458s][debug][gc,ref         ] GC(348) Skipped PhantomRefsPhase of Reference Processing: no references
[17.458s][debug][gc,phases,ref  ] GC(348) Reference Processing: 0.0ms
[17.458s][debug][gc,phases,ref  ] GC(348)   Notify Soft/WeakReferences: 0.0ms
[17.458s][debug][gc,phases,ref  ] GC(348)     SoftRef: skipped
[17.458s][debug][gc,phases,ref  ] GC(348)     WeakRef: skipped
[17.458s][debug][gc,phases,ref  ] GC(348)     FinalRef: skipped
[17.458s][debug][gc,phases,ref  ] GC(348)     Total: skipped
[17.458s][debug][gc,phases,ref  ] GC(348)   Notify and keep alive finalizable: 0.0ms
[17.458s][debug][gc,phases,ref  ] GC(348)     FinalRef: skipped
[17.458s][debug][gc,phases,ref  ] GC(348)   Notify PhantomReferences: 0.0ms
[17.458s][debug][gc,phases,ref  ] GC(348)     PhantomRef: skipped
[17.458s][debug][gc,phases,ref  ] GC(348)   SoftReference Discovered: 0, Dropped: 0, Processed: 0
[17.458s][debug][gc,phases,ref  ] GC(348)   WeakReference Discovered: 0, Dropped: 0, Processed: 0
[17.458s][debug][gc,phases,ref  ] GC(348)   FinalReference Discovered: 0, Dropped: 0, Processed: 0
[17.458s][debug][gc,phases,ref  ] GC(348)   PhantomReference Discovered: 0, Dropped: 0, Processed: 0
[17.458s][debug][gc,age         ] GC(348) Desired survivor size 557056 bytes, new threshold 15 (max threshold 15)
[17.458s][info ][gc,heap        ] GC(348) DefNew: 8832K(9920K)->0K(9920K) Eden: 8832K(8832K)->0K(8832K) From: 0K(1088K)->0K(1088K)
[17.458s][info ][gc,heap        ] GC(348) Tenured: 2071K(21888K)->2071K(21888K)
[17.458s][info ][gc,metaspace   ] GC(348) Metaspace: 369K(512K)->369K(512K) NonClass: 306K(384K)->306K(384K) Class: 63K(128K)->63K(128K)
[17.458s][debug][gc,heap        ] GC(348) Heap after GC invocations=349 (full 10):
[17.458s][debug][gc,heap        ] GC(348)  def new generation   total 9920K, used 0K [0x0000120000200000, 0x0000120000cc0000, 0x000012000aca0000)
[17.458s][debug][gc,heap        ] GC(348)   eden space 8832K,   0% used [0x0000120000200000, 0x0000120000200000, 0x0000120000aa0000)
[17.458s][debug][gc,heap        ] GC(348)   from space 1088K,   0% used [0x0000120000bb0000, 0x0000120000bb0190, 0x0000120000cc0000)
[17.458s][debug][gc,heap        ] GC(348)   to   space 1088K,   0% used [0x0000120000aa0000, 0x0000120000aa0000, 0x0000120000bb0000)
[17.458s][debug][gc,heap        ] GC(348)  tenured generation   total 21888K, used 2071K [0x000012000aca0000, 0x000012000c200000, 0x0000120020200000)
[17.458s][debug][gc,heap        ] GC(348)    the space 21888K,   9% used [0x000012000aca0000, 0x000012000aea5fe0, 0x000012000aea6000, 0x000012000c200000)
[17.458s][debug][gc,heap        ] GC(348)  Metaspace       used 369K, committed 512K, reserved 1114112K
[17.458s][debug][gc,heap        ] GC(348)   class space    used 63K, committed 128K, reserved 1048576K
[17.458s][info ][gc             ] GC(348) Pause Young (Allocation Failure) 10M->2M(31M) 0.587ms
[17.458s][info ][gc,cpu         ] GC(348) User=0.00s Sys=0.00s Real=0.00s
[17.458s][info ][safepoint      ] Safepoint "GenCollectForAllocation", Time since last: 47355507 ns, Reaching safepoint: 3152 ns, Cleanup: 3702 ns, At safepoint: 633854 ns, Total: 640708 ns
[17.506s][info ][gc,start       ] GC(349) Pause Young (Allocation Failure)
[17.506s][debug][gc,heap        ] GC(349) Heap before GC invocations=349 (full 10):
[17.506s][debug][gc,heap        ] GC(349)  def new generation   total 9920K, used 8832K [0x0000120000200000, 0x0000120000cc0000, 0x000012000aca0000)
[17.506s][debug][gc,heap        ] GC(349)   eden space 8832K, 100% used [0x0000120000200000, 0x0000120000aa0000, 0x0000120000aa0000)
[17.506s][debug][gc,heap        ] GC(349)   from space 1088K,   0% used [0x0000120000bb0000, 0x0000120000bb0190, 0x0000120000cc0000)
[17.506s][debug][gc,heap        ] GC(349)   to   space 1088K,   0% used [0x0000120000aa0000, 0x0000120000aa0000, 0x0000120000bb0000)
[17.506s][debug][gc,heap        ] GC(349)  tenured generation   total 21888K, used 2071K [0x000012000aca0000, 0x000012000c200000, 0x0000120020200000)
[17.506s][debug][gc,heap        ] GC(349)    the space 21888K,   9% used [0x000012000aca0000, 0x000012000aea5fe0, 0x000012000aea6000, 0x000012000c200000)
[17.506s][debug][gc,heap        ] GC(349)  Metaspace       used 369K, committed 512K, reserved 1114112K
[17.506s][debug][gc,heap        ] GC(349)   class space    used 63K, committed 128K, reserved 1048576K
[17.506s][debug][gc,tlab        ] GC(349) TLAB totals: thrds: 2  refills: 101 max: 51 slow allocs: 0 max 0 waste:  0.1% gc: 2312B max: 2312B slow: 3192B max: 1624B
[17.506s][debug][gc,ref         ] GC(349) Skipped SoftWeakFinalRefsPhase of Reference Processing: no references
[17.506s][debug][gc,ref         ] GC(349) Skipped KeepAliveFinalRefsPhase of Reference Processing: no references
[17.506s][debug][gc,ref         ] GC(349) Skipped PhantomRefsPhase of Reference Processing: no references
[17.506s][debug][gc,phases,ref  ] GC(349) Reference Processing: 0.0ms
[17.506s][debug][gc,phases,ref  ] GC(349)   Notify Soft/WeakReferences: 0.0ms
[17.506s][debug][gc,phases,ref  ] GC(349)     SoftRef: skipped
[17.506s][debug][gc,phases,ref  ] GC(349)     WeakRef: skipped
[17.506s][debug][gc,phases,ref  ] GC(349)     FinalRef: skipped
[17.506s][debug][gc,phases,ref  ] GC(349)     Total: skipped
[17.506s][debug][gc,phases,ref  ] GC(349)   Notify and keep alive finalizable: 0.0ms
[17.506s][debug][gc,phases,ref  ] GC(349)     FinalRef: skipped
[17.507s][debug][gc,phases,ref  ] GC(349)   Notify PhantomReferences: 0.0ms
[17.507s][debug][gc,phases,ref  ] GC(349)     PhantomRef: skipped
[17.507s][debug][gc,phases,ref  ] GC(349)   SoftReference Discovered: 0, Dropped: 0, Processed: 0
[17.507s][debug][gc,phases,ref  ] GC(349)   WeakReference Discovered: 0, Dropped: 0, Processed: 0
[17.507s][debug][gc,phases,ref  ] GC(349)   FinalReference Discovered: 0, Dropped: 0, Processed: 0
[17.507s][debug][gc,phases,ref  ] GC(349)   PhantomReference Discovered: 0, Dropped: 0, Processed: 0
[17.507s][debug][gc,age         ] GC(349) Desired survivor size 557056 bytes, new threshold 15 (max threshold 15)
[17.507s][info ][gc,heap        ] GC(349) DefNew: 8832K(9920K)->0K(9920K) Eden: 8832K(8832K)->0K(8832K) From: 0K(1088K)->0K(1088K)
[17.507s][info ][gc,heap        ] GC(349) Tenured: 2071K(21888K)->2071K(21888K)
[17.507s][info ][gc,metaspace   ] GC(349) Metaspace: 369K(512K)->369K(512K) NonClass: 306K(384K)->306K(384K) Class: 63K(128K)->63K(128K)
[17.507s][debug][gc,heap        ] GC(349) Heap after GC invocations=350 (full 10):
[17.507s][debug][gc,heap        ] GC(349)  def new generation   total 9920K, used 0K [0x0000120000200000, 0x0000120000cc0000, 0x000012000aca0000)
[17.507s][debug][gc,heap        ] GC(349)   eden space 8832K,   0% used [0x0000120000200000, 0x0000120000200000, 0x0000120000aa0000)
[17.507s][debug][gc,heap        ] GC(349)   from space 1088K,   0% used [0x0000120000aa0000, 0x0000120000aa0110, 0x0000120000bb0000)
[17.507s][debug][gc,heap        ] GC(349)   to   space 1088K,   0% used [0x0000120000bb0000, 0x0000120000bb0000, 0x0000120000cc0000)
[17.507s][debug][gc,heap        ] GC(349)  tenured generation   total 21888K, used 2071K [0x000012000aca0000, 0x000012000c200000, 0x0000120020200000)
[17.507s][debug][gc,heap        ] GC(349)    the space 21888K,   9% used [0x000012000aca0000, 0x000012000aea5fe0, 0x000012000aea6000, 0x000012000c200000)
[17.507s][debug][gc,heap        ] GC(349)  Metaspace       used 369K, committed 512K, reserved 1114112K
[17.507s][debug][gc,heap        ] GC(349)   class space    used 63K, committed 128K, reserved 1048576K
[17.507s][info ][gc             ] GC(349) Pause Young (Allocation Failure) 10M->2M(31M) 0.594ms
[17.507s][info ][gc,cpu         ] GC(349) User=0.00s Sys=0.00s Real=0.00s
[17.507s][info ][safepoint      ] Safepoint "GenCollectForAllocation", Time since last: 48030204 ns, Reaching safepoint: 3367 ns, Cleanup: 3778 ns, At safepoint: 640968 ns, Total: 648113 ns
[17.556s][info ][gc,start       ] GC(350) Pause Young (Allocation Failure)
[17.556s][debug][gc,heap        ] GC(350) Heap before GC invocations=350 (full 10):
[17.556s][debug][gc,heap        ] GC(350)  def new generation   total 9920K, used 8832K [0x0000120000200000, 0x0000120000cc0000, 0x000012000aca0000)
[17.556s][debug][gc,heap        ] GC(350)   eden space 8832K, 100% used [0x0000120000200000, 0x0000120000aa0000, 0x0000120000aa0000)
[17.556s][debug][gc,heap        ] GC(350)   from space 1088K,   0% used [0x0000120000aa0000, 0x0000120000aa0110, 0x0000120000bb0000)
[17.556s][debug][gc,heap        ] GC(350)   to   space 1088K,   0% used [0x0000120000bb0000, 0x0000120000bb0000, 0x0000120000cc0000)
[17.556s][debug][gc,heap        ] GC(350)  tenured generation   total 21888K, used 2071K [0x000012000aca0000, 0x000012000c200000, 0x0000120020200000)
[17.556s][debug][gc,heap        ] GC(350)    the space 21888K,   9% used [0x000012000aca0000, 0x000012000aea5fe0, 0x000012000aea6000, 0x000012000c200000)
[17.556s][debug][gc,heap        ] GC(350)  Metaspace       used 369K, committed 512K, reserved 1114112K
[17.556s][debug][gc,heap        ] GC(350)   class space    used 63K, committed 128K, reserved 1048576K
[17.556s][debug][gc,tlab        ] GC(350) TLAB totals: thrds: 2  refills: 101 max: 52 slow allocs: 0 max 0 waste:  0.3% gc: 21408B max: 21408B slow: 1896B max: 1112B
[17.556s][debug][gc,ref         ] GC(350) Skipped SoftWeakFinalRefsPhase of Reference Processing: no references
[17.556s][debug][gc,ref         ] GC(350) Skipped KeepAliveFinalRefsPhase of Reference Processing: no references
[17.556s][debug][gc,ref         ] GC(350) Skipped PhantomRefsPhase of Reference Processing: no references
[17.556s][debug][gc,phases,ref  ] GC(350) Reference Processing: 0.0ms
[17.556s][debug][gc,phases,ref  ] GC(350)   Notify Soft/WeakReferences: 0.0ms
[17.556s][debug][gc,phases,ref  ] GC(350)     SoftRef: skipped
[17.556s][debug][gc,phases,ref  ] GC(350)     WeakRef: skipped
[17.556s][debug][gc,phases,ref  ] GC(350)     FinalRef: skipped
[17.556s][debug][gc,phases,ref  ] GC(350)     Total: skipped
[17.556s][debug][gc,phases,ref  ] GC(350)   Notify and keep alive finalizable: 0.0ms
[17.556s][debug][gc,phases,ref  ] GC(350)     FinalRef: skipped
[17.556s][debug][gc,phases,ref  ] GC(350)   Notify PhantomReferences: 0.0ms
[17.556s][debug][gc,phases,ref  ] GC(350)     PhantomRef: skipped
[17.556s][debug][gc,phases,ref  ] GC(350)   SoftReference Discovered: 0, Dropped: 0, Processed: 0
[17.556s][debug][gc,phases,ref  ] GC(350)   WeakReference Discovered: 0, Dropped: 0, Processed: 0
[17.556s][debug][gc,phases,ref  ] GC(350)   FinalReference Discovered: 0, Dropped: 0, Processed: 0
[17.556s][debug][gc,phases,ref  ] GC(350)   PhantomReference Discovered: 0, Dropped: 0, Processed: 0
[17.556s][debug][gc,age         ] GC(350) Desired survivor size 557056 bytes, new threshold 15 (max threshold 15)
[17.556s][info ][gc,heap        ] GC(350) DefNew: 8832K(9920K)->0K(9920K) Eden: 8832K(8832K)->0K(8832K) From: 0K(1088K)->0K(1088K)
[17.557s][info ][gc,heap        ] GC(350) Tenured: 2071K(21888K)->2071K(21888K)
[17.557s][info ][gc,metaspace   ] GC(350) Metaspace: 369K(512K)->369K(512K) NonClass: 306K(384K)->306K(384K) Class: 63K(128K)->63K(128K)
[17.557s][debug][gc,heap        ] GC(350) Heap after GC invocations=351 (full 10):
[17.557s][debug][gc,heap        ] GC(350)  def new generation   total 9920K, used 0K [0x0000120000200000, 0x0000120000cc0000, 0x000012000aca0000)
[17.557s][debug][gc,heap        ] GC(350)   eden space 8832K,   0% used [0x0000120000200000, 0x0000120000200000, 0x0000120000aa0000)
[17.557s][debug][gc,heap        ] GC(350)   from space 1088K,   0% used [0x0000120000bb0000, 0x0000120000bb00f8, 0x0000120000cc0000)
[17.557s][debug][gc,heap        ] GC(350)   to   space 1088K,   0% used [0x0000120000aa0000, 0x0000120000aa0000, 0x0000120000bb0000)
[17.557s][debug][gc,heap        ] GC(350)  tenured generation   total 21888K, used 2071K [0x000012000aca0000, 0x000012000c200000, 0x0000120020200000)
[17.557s][debug][gc,heap        ] GC(350)    the space 21888K,   9% used [0x000012000aca0000, 0x000012000aea5fe0, 0x000012000aea6000, 0x000012000c200000)
[17.557s][debug][gc,heap        ] GC(350)  Metaspace       used 369K, committed 512K, reserved 1114112K
[17.557s][debug][gc,heap        ] GC(350)   class space    used 63K, committed 128K, reserved 1048576K
[17.557s][info ][gc             ] GC(350) Pause Young (Allocation Failure) 10M->2M(31M) 0.636ms
[17.557s][info ][gc,cpu         ] GC(350) User=0.00s Sys=0.00s Real=0.00s
[17.557s][info ][safepoint      ] Safepoint "GenCollectForAllocation", Time since last: 49206145 ns, Reaching safepoint: 3408 ns, Cleanup: 3852 ns, At safepoint: 681809 ns, Total: 689069 ns
[17.605s][info ][gc,start       ] GC(351) Pause Young (Allocation Failure)
[17.605s][debug][gc,heap        ] GC(351) Heap before GC invocations=351 (full 10):
[17.605s][debug][gc,heap        ] GC(351)  def new generation   total 9920K, used 8832K [0x0000120000200000, 0x0000120000cc0000, 0x000012000aca0000)
[17.605s][debug][gc,heap        ] GC(351)   eden space 8832K, 100% used [0x0000120000200000, 0x0000120000aa0000, 0x0000120000aa0000)
[17.605s][debug][gc,heap        ] GC(351)   from space 1088K,   0% used [0x0000120000bb0000, 0x0000120000bb00f8, 0x0000120000cc0000)
[17.605s][debug][gc,heap        ] GC(351)   to   space 1088K,   0% used [0x0000120000aa0000, 0x0000120000aa0000, 0x0000120000bb0000)
[17.605s][debug][gc,heap        ] GC(351)  tenured generation   total 21888K, used 2071K [0x000012000aca0000, 0x000012000c200000, 0x0000120020200000)
[17.605s][debug][gc,heap        ] GC(351)    the space 21888K,   9% used [0x000012000aca0000, 0x000012000aea5fe0, 0x000012000aea6000, 0x000012000c200000)
[17.605s][debug][gc,heap        ] GC(351)  Metaspace       used 369K, committed 512K, reserved 1114112K
[17.605s][debug][gc,heap        ] GC(351)   class space    used 63K, committed 128K, reserved 1048576K
[17.605s][debug][gc,tlab        ] GC(351) TLAB totals: thrds: 2  refills: 101 max: 51 slow allocs: 0 max 0 waste:  0.6% gc: 54872B max: 54872B slow: 2544B max: 1328B
[17.605s][debug][gc,ref         ] GC(351) Skipped SoftWeakFinalRefsPhase of Reference Processing: no references
[17.605s][debug][gc,ref         ] GC(351) Skipped KeepAliveFinalRefsPhase of Reference Processing: no references
[17.605s][debug][gc,ref         ] GC(351) Skipped PhantomRefsPhase of Reference Processing: no references
[17.605s][debug][gc,phases,ref  ] GC(351) Reference Processing: 0.0ms
[17.605s][debug][gc,phases,ref  ] GC(351)   Notify Soft/WeakReferences: 0.0ms
[17.605s][debug][gc,phases,ref  ] GC(351)     SoftRef: skipped
[17.605s][debug][gc,phases,ref  ] GC(351)     WeakRef: skipped
[17.605s][debug][gc,phases,ref  ] GC(351)     FinalRef: skipped
[17.605s][debug][gc,phases,ref  ] GC(351)     Total: skipped
[17.605s][debug][gc,phases,ref  ] GC(351)   Notify and keep alive finalizable: 0.0ms
[17.605s][debug][gc,phases,ref  ] GC(351)     FinalRef: skipped
[17.605s][debug][gc,phases,ref  ] GC(351)   Notify PhantomReferences: 0.0ms
[17.605s][debug][gc,phases,ref  ] GC(351)     PhantomRef: skipped
[17.605s][debug][gc,phases,ref  ] GC(351)   SoftReference Discovered: 0, Dropped: 0, Processed: 0
[17.605s][debug][gc,phases,ref  ] GC(351)   WeakReference Discovered: 0, Dropped: 0, Processed: 0
[17.605s][debug][gc,phases,ref  ] GC(351)   FinalReference Discovered: 0, Dropped: 0, Processed: 0
[17.605s][debug][gc,phases,ref  ] GC(351)   PhantomReference Discovered: 0, Dropped: 0, Processed: 0
[17.606s][debug][gc,age         ] GC(351) Desired survivor size 557056 bytes, new threshold 15 (max threshold 15)
[17.606s][info ][gc,heap        ] GC(351) DefNew: 8832K(9920K)->0K(9920K) Eden: 8832K(8832K)->0K(8832K) From: 0K(1088K)->0K(1088K)
[17.606s][info ][gc,heap        ] GC(351) Tenured: 2071K(21888K)->2071K(21888K)
[17.606s][info ][gc,metaspace   ] GC(351) Metaspace: 369K(512K)->369K(512K) NonClass: 306K(384K)->306K(384K) Class: 63K(128K)->63K(128K)
[17.606s][debug][gc,heap        ] GC(351) Heap after GC invocations=352 (full 10):
[17.606s][debug][gc,heap        ] GC(351)  def new generation   total 9920K, used 0K [0x0000120000200000, 0x0000120000cc0000, 0x000012000aca0000)
[17.606s][debug][gc,heap        ] GC(351)   eden space 8832K,   0% used [0x0000120000200000, 0x0000120000200000, 0x0000120000aa0000)
[17.606s][debug][gc,heap        ] GC(351)   from space 1088K,   0% used [0x0000120000aa0000, 0x0000120000aa0160, 0x0000120000bb0000)
[17.606s][debug][gc,heap        ] GC(351)   to   space 1088K,   0% used [0x0000120000bb0000, 0x0000120000bb0000, 0x0000120000cc0000)
[17.606s][debug][gc,heap        ] GC(351)  tenured generation   total 21888K, used 2071K [0x000012000aca0000, 0x000012000c200000, 0x0000120020200000)
[17.606s][debug][gc,heap        ] GC(351)    the space 21888K,   9% used [0x000012000aca0000, 0x000012000aea5fe0, 0x000012000aea6000, 0x000012000c200000)
[17.606s][debug][gc,heap        ] GC(351)  Metaspace       used 369K, committed 512K, reserved 1114112K
[17.606s][debug][gc,heap        ] GC(351)   class space    used 63K, committed 128K, reserved 1048576K
[17.606s][info ][gc             ] GC(351) Pause Young (Allocation Failure) 10M->2M(31M) 0.580ms
[17.606s][info ][gc,cpu         ] GC(351) User=0.00s Sys=0.00s Real=0.00s
[17.606s][info ][safepoint      ] Safepoint "GenCollectForAllocation", Time since last: 48416618 ns, Reaching safepoint: 3456 ns, Cleanup: 3623 ns, At safepoint: 632712 ns, Total: 639791 ns
[17.654s][info ][gc,start       ] GC(352) Pause Young (Allocation Failure)
[17.654s][debug][gc,heap        ] GC(352) Heap before GC invocations=352 (full 10):
[17.654s][debug][gc,heap        ] GC(352)  def new generation   total 9920K, used 8832K [0x0000120000200000, 0x0000120000cc0000, 0x000012000aca0000)
[17.654s][debug][gc,heap        ] GC(352)   eden space 8832K, 100% used [0x0000120000200000, 0x0000120000aa0000, 0x0000120000aa0000)
[17.654s][debug][gc,heap        ] GC(352)   from space 1088K,   0% used [0x0000120000aa0000, 0x0000120000aa0160, 0x0000120000bb0000)
[17.654s][debug][gc,heap        ] GC(352)   to   space 1088K,   0% used [0x0000120000bb0000, 0x0000120000bb0000, 0x0000120000cc0000)
[17.654s][debug][gc,heap        ] GC(352)  tenured generation   total 21888K, used 2071K [0x000012000aca0000, 0x000012000c200000, 0x0000120020200000)
[17.654s][debug][gc,heap        ] GC(352)    the space 21888K,   9% used [0x000012000aca0000, 0x000012000aea5fe0, 0x000012000aea6000, 0x000012000c200000)
[17.654s][debug][gc,heap        ] GC(352)  Metaspace       used 369K, committed 512K, reserved 1114112K
[17.654s][debug][gc,heap        ] GC(352)   class space    used 63K, committed 128K, reserved 1048576K
[17.654s][debug][gc,tlab        ] GC(352) TLAB totals: thrds: 2  refills: 101 max: 51 slow allocs: 0 max 0 waste:  0.5% gc: 39128B max: 39128B slow: 3552B max: 1960B
[17.654s][debug][gc,ref         ] GC(352) Skipped SoftWeakFinalRefsPhase of Reference Processing: no references
[17.654s][debug][gc,ref         ] GC(352) Skipped KeepAliveFinalRefsPhase of Reference Processing: no references
[17.654s][debug][gc,ref         ] GC(352) Skipped PhantomRefsPhase of Reference Processing: no references
[17.654s][debug][gc,phases,ref  ] GC(352) Reference Processing: 0.0ms
[17.654s][debug][gc,phases,ref  ] GC(352)   Notify Soft/WeakReferences: 0.0ms
[17.654s][debug][gc,phases,ref  ] GC(352)     SoftRef: skipped
[17.654s][debug][gc,phases,ref  ] GC(352)     WeakRef: skipped
[17.654s][debug][gc,phases,ref  ] GC(352)     FinalRef: skipped
[17.654s][debug][gc,phases,ref  ] GC(352)     Total: skipped
[17.654s][debug][gc,phases,ref  ] GC(352)   Notify and keep alive finalizable: 0.0ms
[17.654s][debug][gc,phases,ref  ] GC(352)     FinalRef: skipped
[17.654s][debug][gc,phases,ref  ] GC(352)   Notify PhantomReferences: 0.0ms
[17.654s][debug][gc,phases,ref  ] GC(352)     PhantomRef: skipped
[17.654s][debug][gc,phases,ref  ] GC(352)   SoftReference Discovered: 0, Dropped: 0, Processed: 0
[17.654s][debug][gc,phases,ref  ] GC(352)   WeakReference Discovered: 0, Dropped: 0, Processed: 0
[17.654s][debug][gc,phases,ref  ] GC(352)   FinalReference Discovered: 0, Dropped: 0, Processed: 0
[17.654s][debug][gc,phases,ref  ] GC(352)   PhantomReference Discovered: 0, Dropped: 0, Processed: 0
[17.654s][debug][gc,age         ] GC(352) Desired survivor size 557056 bytes, new threshold 15 (max threshold 15)
[17.654s][info ][gc,heap        ] GC(352) DefNew: 8832K(9920K)->0K(9920K) Eden: 8832K(8832K)->0K(8832K) From: 0K(1088K)->0K(1088K)
[17.654s][info ][gc,heap        ] GC(352) Tenured: 2071K(21888K)->2071K(21888K)
[17.654s][info ][gc,metaspace   ] GC(352) Metaspace: 369K(512K)->369K(512K) NonClass: 306K(384K)->306K(384K) Class: 63K(128K)->63K(128K)
[17.654s][debug][gc,heap        ] GC(352) Heap after GC invocations=353 (full 10):
[17.654s][debug][gc,heap        ] GC(352)  def new generation   total 9920K, used 0K [0x0000120000200000, 0x0000120000cc0000, 0x000012000aca0000)
[17.654s][debug][gc,heap        ] GC(352)   eden space 8832K,   0% used [0x0000120000200000, 0x0000120000200000, 0x0000120000aa0000)
[17.654s][debug][gc,heap        ] GC(352)   from space 1088K,   0% used [0x0000120000bb0000, 0x0000120000bb0100, 0x0000120000cc0000)
[17.654s][debug][gc,heap        ] GC(352)   to   space 1088K,   0% used [0x0000120000aa0000, 0x0000120000aa0000, 0x0000120000bb0000)
[17.654s][debug][gc,heap        ] GC(352)  tenured generation   total 21888K, used 2071K [0x000012000aca0000, 0x000012000c200000, 0x0000120020200000)
[17.654s][debug][gc,heap        ] GC(352)    the space 21888K,   9% used [0x000012000aca0000, 0x000012000aea5fe0, 0x000012000aea6000, 0x000012000c200000)
[17.654s][debug][gc,heap        ] GC(352)  Metaspace       used 369K, committed 512K, reserved 1114112K
[17.654s][debug][gc,heap        ] GC(352)   class space    used 63K, committed 128K, reserved 1048576K
[17.655s][info ][gc             ] GC(352) Pause Young (Allocation Failure) 10M->2M(31M) 0.640ms
[17.655s][info ][gc,cpu         ] GC(352) User=0.00s Sys=0.00s Real=0.00s
[17.655s][info ][safepoint      ] Safepoint "GenCollectForAllocation", Time since last: 48134221 ns, Reaching safepoint: 3145 ns, Cleanup: 3714 ns, At safepoint: 686657 ns, Total: 693516 ns
[17.702s][info ][gc,start       ] GC(353) Pause Young (Allocation Failure)
[17.702s][debug][gc,heap        ] GC(353) Heap before GC invocations=353 (full 10):
[17.702s][debug][gc,heap        ] GC(353)  def new generation   total 9920K, used 8832K [0x0000120000200000, 0x0000120000cc0000, 0x000012000aca0000)
[17.702s][debug][gc,heap        ] GC(353)   eden space 8832K, 100% used [0x0000120000200000, 0x0000120000aa0000, 0x0000120000aa0000)
[17.702s][debug][gc,heap        ] GC(353)   from space 1088K,   0% used [0x0000120000bb0000, 0x0000120000bb0100, 0x0000120000cc0000)
[17.702s][debug][gc,heap        ] GC(353)   to   space 1088K,   0% used [0x0000120000aa0000, 0x0000120000aa0000, 0x0000120000bb0000)
[17.702s][debug][gc,heap        ] GC(353)  tenured generation   total 21888K, used 2071K [0x000012000aca0000, 0x000012000c200000, 0x0000120020200000)
[17.702s][debug][gc,heap        ] GC(353)    the space 21888K,   9% used [0x000012000aca0000, 0x000012000aea5fe0, 0x000012000aea6000, 0x000012000c200000)
[17.702s][debug][gc,heap        ] GC(353)  Metaspace       used 369K, committed 512K, reserved 1114112K
[17.702s][debug][gc,heap        ] GC(353)   class space    used 63K, committed 128K, reserved 1048576K
[17.702s][debug][gc,tlab        ] GC(353) TLAB totals: thrds: 2  refills: 101 max: 51 slow allocs: 0 max 0 waste:  0.1% gc: 6848B max: 6848B slow: 2712B max: 1360B
[17.703s][debug][gc,ref         ] GC(353) Skipped SoftWeakFinalRefsPhase of Reference Processing: no references
[17.703s][debug][gc,ref         ] GC(353) Skipped KeepAliveFinalRefsPhase of Reference Processing: no references
[17.703s][debug][gc,ref         ] GC(353) Skipped PhantomRefsPhase of Reference Processing: no references
[17.703s][debug][gc,phases,ref  ] GC(353) Reference Processing: 0.0ms
[17.703s][debug][gc,phases,ref  ] GC(353)   Notify Soft/WeakReferences: 0.0ms
[17.703s][debug][gc,phases,ref  ] GC(353)     SoftRef: skipped
[17.703s][debug][gc,phases,ref  ] GC(353)     WeakRef: skipped
[17.703s][debug][gc,phases,ref  ] GC(353)     FinalRef: skipped
[17.703s][debug][gc,phases,ref  ] GC(353)     Total: skipped
[17.703s][debug][gc,phases,ref  ] GC(353)   Notify and keep alive finalizable: 0.0ms
[17.703s][debug][gc,phases,ref  ] GC(353)     FinalRef: skipped
[17.703s][debug][gc,phases,ref  ] GC(353)   Notify PhantomReferences: 0.0ms
[17.703s][debug][gc,phases,ref  ] GC(353)     PhantomRef: skipped
[17.703s][debug][gc,phases,ref  ] GC(353)   SoftReference Discovered: 0, Dropped: 0, Processed: 0
[17.703s][debug][gc,phases,ref  ] GC(353)   WeakReference Discovered: 0, Dropped: 0, Processed: 0
[17.703s][debug][gc,phases,ref  ] GC(353)   FinalReference Discovered: 0, Dropped: 0, Processed: 0
[17.703s][debug][gc,phases,ref  ] GC(353)   PhantomReference Discovered: 0, Dropped: 0, Processed: 0
[17.703s][debug][gc,age         ] GC(353) Desired survivor size 557056 bytes, new threshold 15 (max threshold 15)
[17.703s][info ][gc,heap        ] GC(353) DefNew: 8832K(9920K)->0K(9920K) Eden: 8832K(8832K)->0K(8832K) From: 0K(1088K)->0K(1088K)
[17.703s][info ][gc,heap        ] GC(353) Tenured: 2071K(21888K)->2071K(21888K)
[17.703s][info ][gc,metaspace   ] GC(353) Metaspace: 369K(512K)->369K(512K) NonClass: 306K(384K)->306K(384K) Class: 63K(128K)->63K(128K)
[17.703s][debug][gc,heap        ] GC(353) Heap after GC invocations=354 (full 10):
[17.703s][debug][gc,heap        ] GC(353)  def new generation   total 9920K, used 0K [0x0000120000200000, 0x0000120000cc0000, 0x000012000aca0000)
[17.703s][debug][gc,heap        ] GC(353)   eden space 8832K,   0% used [0x0000120000200000, 0x0000120000200000, 0x0000120000aa0000)
[17.703s][debug][gc,heap        ] GC(353)   from space 1088K,   0% used [0x0000120000aa0000, 0x0000120000aa0110, 0x0000120000bb0000)
[17.703s][debug][gc,heap        ] GC(353)   to   space 1088K,   0% used [0x0000120000bb0000, 0x0000120000bb0000, 0x0000120000cc0000)
[17.703s][debug][gc,heap        ] GC(353)  tenured generation   total 21888K, used 2071K [0x000012000aca0000, 0x000012000c200000, 0x0000120020200000)
[17.703s][debug][gc,heap        ] GC(353)    the space 21888K,   9% used [0x000012000aca0000, 0x000012000aea5fe0, 0x000012000aea6000, 0x000012000c200000)
[17.703s][debug][gc,heap        ] GC(353)  Metaspace       used 369K, committed 512K, reserved 1114112K
[17.703s][debug][gc,heap        ] GC(353)   class space    used 63K, committed 128K, reserved 1048576K
[17.703s][info ][gc             ] GC(353) Pause Young (Allocation Failure) 10M->2M(31M) 0.580ms
[17.703s][info ][gc,cpu         ] GC(353) User=0.00s Sys=0.00s Real=0.00s
[17.703s][info ][safepoint      ] Safepoint "GenCollectForAllocation", Time since last: 47741120 ns, Reaching safepoint: 3170 ns, Cleanup: 3157 ns, At safepoint: 624977 ns, Total: 631304 ns
[17.760s][info ][gc,start       ] GC(354) Pause Young (Allocation Failure)
[17.760s][debug][gc,heap        ] GC(354) Heap before GC invocations=354 (full 10):
[17.760s][debug][gc,heap        ] GC(354)  def new generation   total 9920K, used 8832K [0x0000120000200000, 0x0000120000cc0000, 0x000012000aca0000)
[17.760s][debug][gc,heap        ] GC(354)   eden space 8832K, 100% used [0x0000120000200000, 0x0000120000aa0000, 0x0000120000aa0000)
[17.760s][debug][gc,heap        ] GC(354)   from space 1088K,   0% used [0x0000120000aa0000, 0x0000120000aa0110, 0x0000120000bb0000)
[17.760s][debug][gc,heap        ] GC(354)   to   space 1088K,   0% used [0x0000120000bb0000, 0x0000120000bb0000, 0x0000120000cc0000)
[17.760s][debug][gc,heap        ] GC(354)  tenured generation   total 21888K, used 2071K [0x000012000aca0000, 0x000012000c200000, 0x0000120020200000)
[17.760s][debug][gc,heap        ] GC(354)    the space 21888K,   9% used [0x000012000aca0000, 0x000012000aea5fe0, 0x000012000aea6000, 0x000012000c200000)
[17.760s][debug][gc,heap        ] GC(354)  Metaspace       used 369K, committed 512K, reserved 1114112K
[17.760s][debug][gc,heap        ] GC(354)   class space    used 63K, committed 128K, reserved 1048576K
[17.760s][debug][gc,tlab        ] GC(354) TLAB totals: thrds: 2  refills: 101 max: 60 slow allocs: 0 max 0 waste:  0.5% gc: 44400B max: 44400B slow: 2568B max: 1504B
[17.760s][debug][gc,ref         ] GC(354) Skipped SoftWeakFinalRefsPhase of Reference Processing: no references
[17.760s][debug][gc,ref         ] GC(354) Skipped KeepAliveFinalRefsPhase of Reference Processing: no references
[17.760s][debug][gc,ref         ] GC(354) Skipped PhantomRefsPhase of Reference Processing: no references
[17.760s][debug][gc,phases,ref  ] GC(354) Reference Processing: 0.0ms
[17.760s][debug][gc,phases,ref  ] GC(354)   Notify Soft/WeakReferences: 0.0ms
[17.760s][debug][gc,phases,ref  ] GC(354)     SoftRef: skipped
[17.760s][debug][gc,phases,ref  ] GC(354)     WeakRef: skipped
[17.760s][debug][gc,phases,ref  ] GC(354)     FinalRef: skipped
[17.760s][debug][gc,phases,ref  ] GC(354)     Total: skipped
[17.760s][debug][gc,phases,ref  ] GC(354)   Notify and keep alive finalizable: 0.0ms
[17.760s][debug][gc,phases,ref  ] GC(354)     FinalRef: skipped
[17.760s][debug][gc,phases,ref  ] GC(354)   Notify PhantomReferences: 0.0ms
[17.760s][debug][gc,phases,ref  ] GC(354)     PhantomRef: skipped
[17.761s][debug][gc,phases,ref  ] GC(354)   SoftReference Discovered: 0, Dropped: 0, Processed: 0
[17.761s][debug][gc,phases,ref  ] GC(354)   WeakReference Discovered: 0, Dropped: 0, Processed: 0
[17.761s][debug][gc,phases,ref  ] GC(354)   FinalReference Discovered: 0, Dropped: 0, Processed: 0
[17.761s][debug][gc,phases,ref  ] GC(354)   PhantomReference Discovered: 0, Dropped: 0, Processed: 0
[17.761s][debug][gc,age         ] GC(354) Desired survivor size 557056 bytes, new threshold 15 (max threshold 15)
[17.761s][info ][gc,heap        ] GC(354) DefNew: 8832K(9920K)->0K(9920K) Eden: 8832K(8832K)->0K(8832K) From: 0K(1088K)->0K(1088K)
[17.761s][info ][gc,heap        ] GC(354) Tenured: 2071K(21888K)->2071K(21888K)
[17.761s][info ][gc,metaspace   ] GC(354) Metaspace: 369K(512K)->369K(512K) NonClass: 306K(384K)->306K(384K) Class: 63K(128K)->63K(128K)
[17.761s][debug][gc,heap        ] GC(354) Heap after GC invocations=355 (full 10):
[17.761s][debug][gc,heap        ] GC(354)  def new generation   total 9920K, used 0K [0x0000120000200000, 0x0000120000cc0000, 0x000012000aca0000)
[17.761s][debug][gc,heap        ] GC(354)   eden space 8832K,   0% used [0x0000120000200000, 0x0000120000200000, 0x0000120000aa0000)
[17.761s][debug][gc,heap        ] GC(354)   from space 1088K,   0% used [0x0000120000bb0000, 0x0000120000bb0138, 0x0000120000cc0000)
[17.761s][debug][gc,heap        ] GC(354)   to   space 1088K,   0% used [0x0000120000aa0000, 0x0000120000aa0000, 0x0000120000bb0000)
[17.761s][debug][gc,heap        ] GC(354)  tenured generation   total 21888K, used 2071K [0x000012000aca0000, 0x000012000c200000, 0x0000120020200000)
[17.761s][debug][gc,heap        ] GC(354)    the space 21888K,   9% used [0x000012000aca0000, 0x000012000aea5fe0, 0x000012000aea6000, 0x000012000c200000)
[17.761s][debug][gc,heap        ] GC(354)  Metaspace       used 369K, committed 512K, reserved 1114112K
[17.761s][debug][gc,heap        ] GC(354)   class space    used 63K, committed 128K, reserved 1048576K
[17.761s][info ][gc             ] GC(354) Pause Young (Allocation Failure) 10M->2M(31M) 0.581ms
[17.761s][info ][gc,cpu         ] GC(354) User=0.00s Sys=0.00s Real=0.00s
[17.761s][info ][safepoint      ] Safepoint "GenCollectForAllocation", Time since last: 57202185 ns, Reaching safepoint: 3642 ns, Cleanup: 3548 ns, At safepoint: 627538 ns, Total: 634728 ns
[17.829s][info ][gc,start       ] GC(355) Pause Young (Allocation Failure)
[17.829s][debug][gc,heap        ] GC(355) Heap before GC invocations=355 (full 10):
[17.829s][debug][gc,heap        ] GC(355)  def new generation   total 9920K, used 8832K [0x0000120000200000, 0x0000120000cc0000, 0x000012000aca0000)
[17.829s][debug][gc,heap        ] GC(355)   eden space 8832K, 100% used [0x0000120000200000, 0x0000120000aa0000, 0x0000120000aa0000)
[17.829s][debug][gc,heap        ] GC(355)   from space 1088K,   0% used [0x0000120000bb0000, 0x0000120000bb0138, 0x0000120000cc0000)
[17.829s][debug][gc,heap        ] GC(355)   to   space 1088K,   0% used [0x0000120000aa0000, 0x0000120000aa0000, 0x0000120000bb0000)
[17.829s][debug][gc,heap        ] GC(355)  tenured generation   total 21888K, used 2071K [0x000012000aca0000, 0x000012000c200000, 0x0000120020200000)
[17.829s][debug][gc,heap        ] GC(355)    the space 21888K,   9% used [0x000012000aca0000, 0x000012000aea5fe0, 0x000012000aea6000, 0x000012000c200000)
[17.829s][debug][gc,heap        ] GC(355)  Metaspace       used 369K, committed 512K, reserved 1114112K
[17.829s][debug][gc,heap        ] GC(355)   class space    used 63K, committed 128K, reserved 1048576K
[17.829s][debug][gc,tlab        ] GC(355) TLAB totals: thrds: 2  refills: 98 max: 67 slow allocs: 0 max 0 waste:  0.5% gc: 43192B max: 43192B slow: 2816B max: 2016B
[17.829s][debug][gc,ref         ] GC(355) Skipped SoftWeakFinalRefsPhase of Reference Processing: no references
[17.829s][debug][gc,ref         ] GC(355) Skipped KeepAliveFinalRefsPhase of Reference Processing: no references
[17.829s][debug][gc,ref         ] GC(355) Skipped PhantomRefsPhase of Reference Processing: no references
[17.829s][debug][gc,phases,ref  ] GC(355) Reference Processing: 0.0ms
[17.829s][debug][gc,phases,ref  ] GC(355)   Notify Soft/WeakReferences: 0.0ms
[17.829s][debug][gc,phases,ref  ] GC(355)     SoftRef: skipped
[17.829s][debug][gc,phases,ref  ] GC(355)     WeakRef: skipped
[17.829s][debug][gc,phases,ref  ] GC(355)     FinalRef: skipped
[17.829s][debug][gc,phases,ref  ] GC(355)     Total: skipped
[17.829s][debug][gc,phases,ref  ] GC(355)   Notify and keep alive finalizable: 0.0ms
[17.829s][debug][gc,phases,ref  ] GC(355)     FinalRef: skipped
[17.829s][debug][gc,phases,ref  ] GC(355)   Notify PhantomReferences: 0.0ms
[17.829s][debug][gc,phases,ref  ] GC(355)     PhantomRef: skipped
[17.829s][debug][gc,phases,ref  ] GC(355)   SoftReference Discovered: 0, Dropped: 0, Processed: 0
[17.829s][debug][gc,phases,ref  ] GC(355)   WeakReference Discovered: 0, Dropped: 0, Processed: 0
[17.829s][debug][gc,phases,ref  ] GC(355)   FinalReference Discovered: 0, Dropped: 0, Processed: 0
[17.829s][debug][gc,phases,ref  ] GC(355)   PhantomReference Discovered: 0, Dropped: 0, Processed: 0
[17.829s][debug][gc,age         ] GC(355) Desired survivor size 557056 bytes, new threshold 15 (max threshold 15)
[17.829s][info ][gc,heap        ] GC(355) DefNew: 8832K(9920K)->0K(9920K) Eden: 8832K(8832K)->0K(8832K) From: 0K(1088K)->0K(1088K)
[17.829s][info ][gc,heap        ] GC(355) Tenured: 2071K(21888K)->2071K(21888K)
[17.829s][info ][gc,metaspace   ] GC(355) Metaspace: 369K(512K)->369K(512K) NonClass: 306K(384K)->306K(384K) Class: 63K(128K)->63K(128K)
[17.829s][debug][gc,heap        ] GC(355) Heap after GC invocations=356 (full 10):
[17.829s][debug][gc,heap        ] GC(355)  def new generation   total 9920K, used 0K [0x0000120000200000, 0x0000120000cc0000, 0x000012000aca0000)
[17.829s][debug][gc,heap        ] GC(355)   eden space 8832K,   0% used [0x0000120000200000, 0x0000120000200000, 0x0000120000aa0000)
[17.829s][debug][gc,heap        ] GC(355)   from space 1088K,   0% used [0x0000120000aa0000, 0x0000120000aa01d0, 0x0000120000bb0000)
[17.829s][debug][gc,heap        ] GC(355)   to   space 1088K,   0% used [0x0000120000bb0000, 0x0000120000bb0000, 0x0000120000cc0000)
[17.829s][debug][gc,heap        ] GC(355)  tenured generation   total 21888K, used 2071K [0x000012000aca0000, 0x000012000c200000, 0x0000120020200000)
[17.829s][debug][gc,heap        ] GC(355)    the space 21888K,   9% used [0x000012000aca0000, 0x000012000aea5fe0, 0x000012000aea6000, 0x000012000c200000)
[17.829s][debug][gc,heap        ] GC(355)  Metaspace       used 369K, committed 512K, reserved 1114112K
[17.829s][debug][gc,heap        ] GC(355)   class space    used 63K, committed 128K, reserved 1048576K
[17.830s][info ][gc             ] GC(355) Pause Young (Allocation Failure) 10M->2M(31M) 0.587ms
[17.830s][info ][gc,cpu         ] GC(355) User=0.00s Sys=0.00s Real=0.00s
[17.830s][info ][safepoint      ] Safepoint "GenCollectForAllocation", Time since last: 68132418 ns, Reaching safepoint: 3463 ns, Cleanup: 3592 ns, At safepoint: 634366 ns, Total: 641421 ns
[17.879s][info ][gc,start       ] GC(356) Pause Young (Allocation Failure)
[17.879s][debug][gc,heap        ] GC(356) Heap before GC invocations=356 (full 10):
[17.879s][debug][gc,heap        ] GC(356)  def new generation   total 9920K, used 8832K [0x0000120000200000, 0x0000120000cc0000, 0x000012000aca0000)
[17.879s][debug][gc,heap        ] GC(356)   eden space 8832K, 100% used [0x0000120000200000, 0x0000120000aa0000, 0x0000120000aa0000)
[17.879s][debug][gc,heap        ] GC(356)   from space 1088K,   0% used [0x0000120000aa0000, 0x0000120000aa01d0, 0x0000120000bb0000)
[17.879s][debug][gc,heap        ] GC(356)   to   space 1088K,   0% used [0x0000120000bb0000, 0x0000120000bb0000, 0x0000120000cc0000)
[17.879s][debug][gc,heap        ] GC(356)  tenured generation   total 21888K, used 2071K [0x000012000aca0000, 0x000012000c200000, 0x0000120020200000)
[17.879s][debug][gc,heap        ] GC(356)    the space 21888K,   9% used [0x000012000aca0000, 0x000012000aea5fe0, 0x000012000aea6000, 0x000012000c200000)
[17.879s][debug][gc,heap        ] GC(356)  Metaspace       used 369K, committed 512K, reserved 1114112K
[17.879s][debug][gc,heap        ] GC(356)   class space    used 63K, committed 128K, reserved 1048576K
[17.879s][debug][gc,tlab        ] GC(356) TLAB totals: thrds: 2  refills: 104 max: 61 slow allocs: 0 max 0 waste:  0.2% gc: 12600B max: 12600B slow: 3544B max: 2400B
[17.879s][debug][gc,ref         ] GC(356) Skipped SoftWeakFinalRefsPhase of Reference Processing: no references
[17.879s][debug][gc,ref         ] GC(356) Skipped KeepAliveFinalRefsPhase of Reference Processing: no references
[17.879s][debug][gc,ref         ] GC(356) Skipped PhantomRefsPhase of Reference Processing: no references
[17.879s][debug][gc,phases,ref  ] GC(356) Reference Processing: 0.0ms
[17.879s][debug][gc,phases,ref  ] GC(356)   Notify Soft/WeakReferences: 0.0ms
[17.879s][debug][gc,phases,ref  ] GC(356)     SoftRef: skipped
[17.879s][debug][gc,phases,ref  ] GC(356)     WeakRef: skipped
[17.879s][debug][gc,phases,ref  ] GC(356)     FinalRef: skipped
[17.879s][debug][gc,phases,ref  ] GC(356)     Total: skipped
[17.879s][debug][gc,phases,ref  ] GC(356)   Notify and keep alive finalizable: 0.0ms
[17.879s][debug][gc,phases,ref  ] GC(356)     FinalRef: skipped
[17.879s][debug][gc,phases,ref  ] GC(356)   Notify PhantomReferences: 0.0ms
[17.879s][debug][gc,phases,ref  ] GC(356)     PhantomRef: skipped
[17.879s][debug][gc,phases,ref  ] GC(356)   SoftReference Discovered: 0, Dropped: 0, Processed: 0
[17.879s][debug][gc,phases,ref  ] GC(356)   WeakReference Discovered: 0, Dropped: 0, Processed: 0
[17.879s][debug][gc,phases,ref  ] GC(356)   FinalReference Discovered: 0, Dropped: 0, Processed: 0
[17.879s][debug][gc,phases,ref  ] GC(356)   PhantomReference Discovered: 0, Dropped: 0, Processed: 0
[17.879s][debug][gc,age         ] GC(356) Desired survivor size 557056 bytes, new threshold 15 (max threshold 15)
[17.879s][info ][gc,heap        ] GC(356) DefNew: 8832K(9920K)->0K(9920K) Eden: 8832K(8832K)->0K(8832K) From: 0K(1088K)->0K(1088K)
[17.879s][info ][gc,heap        ] GC(356) Tenured: 2071K(21888K)->2071K(21888K)
[17.879s][info ][gc,metaspace   ] GC(356) Metaspace: 369K(512K)->369K(512K) NonClass: 306K(384K)->306K(384K) Class: 63K(128K)->63K(128K)
[17.879s][debug][gc,heap        ] GC(356) Heap after GC invocations=357 (full 10):
[17.879s][debug][gc,heap        ] GC(356)  def new generation   total 9920K, used 0K [0x0000120000200000, 0x0000120000cc0000, 0x000012000aca0000)
[17.879s][debug][gc,heap        ] GC(356)   eden space 8832K,   0% used [0x0000120000200000, 0x0000120000200000, 0x0000120000aa0000)
[17.879s][debug][gc,heap        ] GC(356)   from space 1088K,   0% used [0x0000120000bb0000, 0x0000120000bb0158, 0x0000120000cc0000)
[17.879s][debug][gc,heap        ] GC(356)   to   space 1088K,   0% used [0x0000120000aa0000, 0x0000120000aa0000, 0x0000120000bb0000)
[17.879s][debug][gc,heap        ] GC(356)  tenured generation   total 21888K, used 2071K [0x000012000aca0000, 0x000012000c200000, 0x0000120020200000)
[17.879s][debug][gc,heap        ] GC(356)    the space 21888K,   9% used [0x000012000aca0000, 0x000012000aea5fe0, 0x000012000aea6000, 0x000012000c200000)
[17.879s][debug][gc,heap        ] GC(356)  Metaspace       used 369K, committed 512K, reserved 1114112K
[17.879s][debug][gc,heap        ] GC(356)   class space    used 63K, committed 128K, reserved 1048576K
[17.879s][info ][gc             ] GC(356) Pause Young (Allocation Failure) 10M->2M(31M) 0.576ms
[17.879s][info ][gc,cpu         ] GC(356) User=0.00s Sys=0.00s Real=0.00s
[17.879s][info ][safepoint      ] Safepoint "GenCollectForAllocation", Time since last: 49012147 ns, Reaching safepoint: 3504 ns, Cleanup: 3732 ns, At safepoint: 622092 ns, Total: 629328 ns
[17.927s][info ][gc,start       ] GC(357) Pause Young (Allocation Failure)
[17.927s][debug][gc,heap        ] GC(357) Heap before GC invocations=357 (full 10):
[17.927s][debug][gc,heap        ] GC(357)  def new generation   total 9920K, used 8832K [0x0000120000200000, 0x0000120000cc0000, 0x000012000aca0000)
[17.927s][debug][gc,heap        ] GC(357)   eden space 8832K, 100% used [0x0000120000200000, 0x0000120000aa0000, 0x0000120000aa0000)
[17.927s][debug][gc,heap        ] GC(357)   from space 1088K,   0% used [0x0000120000bb0000, 0x0000120000bb0158, 0x0000120000cc0000)
[17.927s][debug][gc,heap        ] GC(357)   to   space 1088K,   0% used [0x0000120000aa0000, 0x0000120000aa0000, 0x0000120000bb0000)
[17.927s][debug][gc,heap        ] GC(357)  tenured generation   total 21888K, used 2071K [0x000012000aca0000, 0x000012000c200000, 0x0000120020200000)
[17.927s][debug][gc,heap        ] GC(357)    the space 21888K,   9% used [0x000012000aca0000, 0x000012000aea5fe0, 0x000012000aea6000, 0x000012000c200000)
[17.927s][debug][gc,heap        ] GC(357)  Metaspace       used 369K, committed 512K, reserved 1114112K
[17.927s][debug][gc,heap        ] GC(357)   class space    used 63K, committed 128K, reserved 1048576K
[17.927s][debug][gc,tlab        ] GC(357) TLAB totals: thrds: 2  refills: 103 max: 58 slow allocs: 0 max 0 waste:  0.3% gc: 23744B max: 23744B slow: 2432B max: 1248B
[17.927s][debug][gc,ref         ] GC(357) Skipped SoftWeakFinalRefsPhase of Reference Processing: no references
[17.927s][debug][gc,ref         ] GC(357) Skipped KeepAliveFinalRefsPhase of Reference Processing: no references
[17.927s][debug][gc,ref         ] GC(357) Skipped PhantomRefsPhase of Reference Processing: no references
[17.927s][debug][gc,phases,ref  ] GC(357) Reference Processing: 0.0ms
[17.927s][debug][gc,phases,ref  ] GC(357)   Notify Soft/WeakReferences: 0.0ms
[17.927s][debug][gc,phases,ref  ] GC(357)     SoftRef: skipped
[17.927s][debug][gc,phases,ref  ] GC(357)     WeakRef: skipped
[17.927s][debug][gc,phases,ref  ] GC(357)     FinalRef: skipped
[17.927s][debug][gc,phases,ref  ] GC(357)     Total: skipped
[17.927s][debug][gc,phases,ref  ] GC(357)   Notify and keep alive finalizable: 0.0ms
[17.927s][debug][gc,phases,ref  ] GC(357)     FinalRef: skipped
[17.927s][debug][gc,phases,ref  ] GC(357)   Notify PhantomReferences: 0.0ms
[17.927s][debug][gc,phases,ref  ] GC(357)     PhantomRef: skipped
[17.927s][debug][gc,phases,ref  ] GC(357)   SoftReference Discovered: 0, Dropped: 0, Processed: 0
[17.927s][debug][gc,phases,ref  ] GC(357)   WeakReference Discovered: 0, Dropped: 0, Processed: 0
[17.927s][debug][gc,phases,ref  ] GC(357)   FinalReference Discovered: 0, Dropped: 0, Processed: 0
[17.927s][debug][gc,phases,ref  ] GC(357)   PhantomReference Discovered: 0, Dropped: 0, Processed: 0
[17.927s][debug][gc,age         ] GC(357) Desired survivor size 557056 bytes, new threshold 15 (max threshold 15)
[17.927s][info ][gc,heap        ] GC(357) DefNew: 8832K(9920K)->0K(9920K) Eden: 8832K(8832K)->0K(8832K) From: 0K(1088K)->0K(1088K)
[17.927s][info ][gc,heap        ] GC(357) Tenured: 2071K(21888K)->2071K(21888K)
[17.927s][info ][gc,metaspace   ] GC(357) Metaspace: 369K(512K)->369K(512K) NonClass: 306K(384K)->306K(384K) Class: 63K(128K)->63K(128K)
[17.927s][debug][gc,heap        ] GC(357) Heap after GC invocations=358 (full 10):
[17.927s][debug][gc,heap        ] GC(357)  def new generation   total 9920K, used 0K [0x0000120000200000, 0x0000120000cc0000, 0x000012000aca0000)
[17.927s][debug][gc,heap        ] GC(357)   eden space 8832K,   0% used [0x0000120000200000, 0x0000120000200000, 0x0000120000aa0000)
[17.927s][debug][gc,heap        ] GC(357)   from space 1088K,   0% used [0x0000120000aa0000, 0x0000120000aa0120, 0x0000120000bb0000)
[17.927s][debug][gc,heap        ] GC(357)   to   space 1088K,   0% used [0x0000120000bb0000, 0x0000120000bb0000, 0x0000120000cc0000)
[17.927s][debug][gc,heap        ] GC(357)  tenured generation   total 21888K, used 2071K [0x000012000aca0000, 0x000012000c200000, 0x0000120020200000)
[17.927s][debug][gc,heap        ] GC(357)    the space 21888K,   9% used [0x000012000aca0000, 0x000012000aea5fe0, 0x000012000aea6000, 0x000012000c200000)
[17.927s][debug][gc,heap        ] GC(357)  Metaspace       used 369K, committed 512K, reserved 1114112K
[17.927s][debug][gc,heap        ] GC(357)   class space    used 63K, committed 128K, reserved 1048576K
[17.927s][info ][gc             ] GC(357) Pause Young (Allocation Failure) 10M->2M(31M) 0.711ms
[17.927s][info ][gc,cpu         ] GC(357) User=0.00s Sys=0.00s Real=0.00s
[17.928s][info ][safepoint      ] Safepoint "GenCollectForAllocation", Time since last: 47560586 ns, Reaching safepoint: 3386 ns, Cleanup: 3716 ns, At safepoint: 765972 ns, Total: 773074 ns
[17.975s][info ][gc,start       ] GC(358) Pause Young (Allocation Failure)
[17.975s][debug][gc,heap        ] GC(358) Heap before GC invocations=358 (full 10):
[17.975s][debug][gc,heap        ] GC(358)  def new generation   total 9920K, used 8832K [0x0000120000200000, 0x0000120000cc0000, 0x000012000aca0000)
[17.975s][debug][gc,heap        ] GC(358)   eden space 8832K, 100% used [0x0000120000200000, 0x0000120000aa0000, 0x0000120000aa0000)
[17.975s][debug][gc,heap        ] GC(358)   from space 1088K,   0% used [0x0000120000aa0000, 0x0000120000aa0120, 0x0000120000bb0000)
[17.975s][debug][gc,heap        ] GC(358)   to   space 1088K,   0% used [0x0000120000bb0000, 0x0000120000bb0000, 0x0000120000cc0000)
[17.975s][debug][gc,heap        ] GC(358)  tenured generation   total 21888K, used 2071K [0x000012000aca0000, 0x000012000c200000, 0x0000120020200000)
[17.975s][debug][gc,heap        ] GC(358)    the space 21888K,   9% used [0x000012000aca0000, 0x000012000aea5fe0, 0x000012000aea6000, 0x000012000c200000)
[17.975s][debug][gc,heap        ] GC(358)  Metaspace       used 369K, committed 512K, reserved 1114112K
[17.975s][debug][gc,heap        ] GC(358)   class space    used 63K, committed 128K, reserved 1048576K
[17.975s][debug][gc,tlab        ] GC(358) TLAB totals: thrds: 2  refills: 102 max: 55 slow allocs: 0 max 0 waste:  0.6% gc: 54008B max: 54008B slow: 2760B max: 1560B
[17.975s][debug][gc,ref         ] GC(358) Skipped SoftWeakFinalRefsPhase of Reference Processing: no references
[17.975s][debug][gc,ref         ] GC(358) Skipped KeepAliveFinalRefsPhase of Reference Processing: no references
[17.975s][debug][gc,ref         ] GC(358) Skipped PhantomRefsPhase of Reference Processing: no references
[17.975s][debug][gc,phases,ref  ] GC(358) Reference Processing: 0.0ms
[17.975s][debug][gc,phases,ref  ] GC(358)   Notify Soft/WeakReferences: 0.0ms
[17.975s][debug][gc,phases,ref  ] GC(358)     SoftRef: skipped
[17.975s][debug][gc,phases,ref  ] GC(358)     WeakRef: skipped
[17.975s][debug][gc,phases,ref  ] GC(358)     FinalRef: skipped
[17.975s][debug][gc,phases,ref  ] GC(358)     Total: skipped
[17.976s][debug][gc,phases,ref  ] GC(358)   Notify and keep alive finalizable: 0.0ms
[17.976s][debug][gc,phases,ref  ] GC(358)     FinalRef: skipped
[17.976s][debug][gc,phases,ref  ] GC(358)   Notify PhantomReferences: 0.0ms
[17.976s][debug][gc,phases,ref  ] GC(358)     PhantomRef: skipped
[17.976s][debug][gc,phases,ref  ] GC(358)   SoftReference Discovered: 0, Dropped: 0, Processed: 0
[17.976s][debug][gc,phases,ref  ] GC(358)   WeakReference Discovered: 0, Dropped: 0, Processed: 0
[17.976s][debug][gc,phases,ref  ] GC(358)   FinalReference Discovered: 0, Dropped: 0, Processed: 0
[17.976s][debug][gc,phases,ref  ] GC(358)   PhantomReference Discovered: 0, Dropped: 0, Processed: 0
[17.976s][debug][gc,age         ] GC(358) Desired survivor size 557056 bytes, new threshold 15 (max threshold 15)
[17.976s][info ][gc,heap        ] GC(358) DefNew: 8832K(9920K)->0K(9920K) Eden: 8832K(8832K)->0K(8832K) From: 0K(1088K)->0K(1088K)
[17.976s][info ][gc,heap        ] GC(358) Tenured: 2071K(21888K)->2071K(21888K)
[17.976s][info ][gc,metaspace   ] GC(358) Metaspace: 369K(512K)->369K(512K) NonClass: 306K(384K)->306K(384K) Class: 63K(128K)->63K(128K)
[17.976s][debug][gc,heap        ] GC(358) Heap after GC invocations=359 (full 10):
[17.976s][debug][gc,heap        ] GC(358)  def new generation   total 9920K, used 0K [0x0000120000200000, 0x0000120000cc0000, 0x000012000aca0000)
[17.976s][debug][gc,heap        ] GC(358)   eden space 8832K,   0% used [0x0000120000200000, 0x0000120000200000, 0x0000120000aa0000)
[17.976s][debug][gc,heap        ] GC(358)   from space 1088K,   0% used [0x0000120000bb0000, 0x0000120000bb0178, 0x0000120000cc0000)
[17.976s][debug][gc,heap        ] GC(358)   to   space 1088K,   0% used [0x0000120000aa0000, 0x0000120000aa0000, 0x0000120000bb0000)
[17.976s][debug][gc,heap        ] GC(358)  tenured generation   total 21888K, used 2071K [0x000012000aca0000, 0x000012000c200000, 0x0000120020200000)
[17.976s][debug][gc,heap        ] GC(358)    the space 21888K,   9% used [0x000012000aca0000, 0x000012000aea5fe0, 0x000012000aea6000, 0x000012000c200000)
[17.976s][debug][gc,heap        ] GC(358)  Metaspace       used 369K, committed 512K, reserved 1114112K
[17.976s][debug][gc,heap        ] GC(358)   class space    used 63K, committed 128K, reserved 1048576K
[17.976s][info ][gc             ] GC(358) Pause Young (Allocation Failure) 10M->2M(31M) 0.673ms
[17.976s][info ][gc,cpu         ] GC(358) User=0.00s Sys=0.00s Real=0.00s
[17.976s][info ][safepoint      ] Safepoint "GenCollectForAllocation", Time since last: 47563580 ns, Reaching safepoint: 3886 ns, Cleanup: 3728 ns, At safepoint: 719727 ns, Total: 727341 ns
[18.025s][info ][gc,start       ] GC(359) Pause Young (Allocation Failure)
[18.025s][debug][gc,heap        ] GC(359) Heap before GC invocations=359 (full 10):
[18.025s][debug][gc,heap        ] GC(359)  def new generation   total 9920K, used 8832K [0x0000120000200000, 0x0000120000cc0000, 0x000012000aca0000)
[18.025s][debug][gc,heap        ] GC(359)   eden space 8832K, 100% used [0x0000120000200000, 0x0000120000aa0000, 0x0000120000aa0000)
[18.025s][debug][gc,heap        ] GC(359)   from space 1088K,   0% used [0x0000120000bb0000, 0x0000120000bb0178, 0x0000120000cc0000)
[18.025s][debug][gc,heap        ] GC(359)   to   space 1088K,   0% used [0x0000120000aa0000, 0x0000120000aa0000, 0x0000120000bb0000)
[18.025s][debug][gc,heap        ] GC(359)  tenured generation   total 21888K, used 2071K [0x000012000aca0000, 0x000012000c200000, 0x0000120020200000)
[18.025s][debug][gc,heap        ] GC(359)    the space 21888K,   9% used [0x000012000aca0000, 0x000012000aea5fe0, 0x000012000aea6000, 0x000012000c200000)
[18.025s][debug][gc,heap        ] GC(359)  Metaspace       used 369K, committed 512K, reserved 1114112K
[18.025s][debug][gc,heap        ] GC(359)   class space    used 63K, committed 128K, reserved 1048576K
[18.025s][debug][gc,tlab        ] GC(359) TLAB totals: thrds: 2  refills: 101 max: 51 slow allocs: 0 max 0 waste:  0.3% gc: 20896B max: 20896B slow: 2608B max: 1408B
[18.025s][debug][gc,ref         ] GC(359) Skipped SoftWeakFinalRefsPhase of Reference Processing: no references
[18.025s][debug][gc,ref         ] GC(359) Skipped KeepAliveFinalRefsPhase of Reference Processing: no references
[18.025s][debug][gc,ref         ] GC(359) Skipped PhantomRefsPhase of Reference Processing: no references
[18.026s][debug][gc,phases,ref  ] GC(359) Reference Processing: 0.0ms
[18.026s][debug][gc,phases,ref  ] GC(359)   Notify Soft/WeakReferences: 0.0ms
[18.026s][debug][gc,phases,ref  ] GC(359)     SoftRef: skipped
[18.026s][debug][gc,phases,ref  ] GC(359)     WeakRef: skipped
[18.026s][debug][gc,phases,ref  ] GC(359)     FinalRef: skipped
[18.026s][debug][gc,phases,ref  ] GC(359)     Total: skipped
[18.026s][debug][gc,phases,ref  ] GC(359)   Notify and keep alive finalizable: 0.0ms
[18.026s][debug][gc,phases,ref  ] GC(359)     FinalRef: skipped
[18.026s][debug][gc,phases,ref  ] GC(359)   Notify PhantomReferences: 0.0ms
[18.026s][debug][gc,phases,ref  ] GC(359)     PhantomRef: skipped
[18.026s][debug][gc,phases,ref  ] GC(359)   SoftReference Discovered: 0, Dropped: 0, Processed: 0
[18.026s][debug][gc,phases,ref  ] GC(359)   WeakReference Discovered: 0, Dropped: 0, Processed: 0
[18.026s][debug][gc,phases,ref  ] GC(359)   FinalReference Discovered: 0, Dropped: 0, Processed: 0
[18.026s][debug][gc,phases,ref  ] GC(359)   PhantomReference Discovered: 0, Dropped: 0, Processed: 0
[18.026s][debug][gc,age         ] GC(359) Desired survivor size 557056 bytes, new threshold 15 (max threshold 15)
[18.026s][info ][gc,heap        ] GC(359) DefNew: 8832K(9920K)->0K(9920K) Eden: 8832K(8832K)->0K(8832K) From: 0K(1088K)->0K(1088K)
[18.026s][info ][gc,heap        ] GC(359) Tenured: 2071K(21888K)->2071K(21888K)
[18.026s][info ][gc,metaspace   ] GC(359) Metaspace: 369K(512K)->369K(512K) NonClass: 306K(384K)->306K(384K) Class: 63K(128K)->63K(128K)
[18.026s][debug][gc,heap        ] GC(359) Heap after GC invocations=360 (full 10):
[18.026s][debug][gc,heap        ] GC(359)  def new generation   total 9920K, used 0K [0x0000120000200000, 0x0000120000cc0000, 0x000012000aca0000)
[18.026s][debug][gc,heap        ] GC(359)   eden space 8832K,   0% used [0x0000120000200000, 0x0000120000200000, 0x0000120000aa0000)
[18.026s][debug][gc,heap        ] GC(359)   from space 1088K,   0% used [0x0000120000aa0000, 0x0000120000aa0168, 0x0000120000bb0000)
[18.026s][debug][gc,heap        ] GC(359)   to   space 1088K,   0% used [0x0000120000bb0000, 0x0000120000bb0000, 0x0000120000cc0000)
[18.026s][debug][gc,heap        ] GC(359)  tenured generation   total 21888K, used 2071K [0x000012000aca0000, 0x000012000c200000, 0x0000120020200000)
[18.026s][debug][gc,heap        ] GC(359)    the space 21888K,   9% used [0x000012000aca0000, 0x000012000aea5fe0, 0x000012000aea6000, 0x000012000c200000)
[18.026s][debug][gc,heap        ] GC(359)  Metaspace       used 369K, committed 512K, reserved 1114112K
[18.026s][debug][gc,heap        ] GC(359)   class space    used 63K, committed 128K, reserved 1048576K
[18.026s][info ][gc             ] GC(359) Pause Young (Allocation Failure) 10M->2M(31M) 0.580ms
[18.026s][info ][gc,cpu         ] GC(359) User=0.00s Sys=0.00s Real=0.00s
[18.026s][info ][safepoint      ] Safepoint "GenCollectForAllocation", Time since last: 49352045 ns, Reaching safepoint: 77005 ns, Cleanup: 3465 ns, At safepoint: 623820 ns, Total: 704290 ns
[18.075s][info ][gc,start       ] GC(360) Pause Young (Allocation Failure)
[18.075s][debug][gc,heap        ] GC(360) Heap before GC invocations=360 (full 10):
[18.075s][debug][gc,heap        ] GC(360)  def new generation   total 9920K, used 8832K [0x0000120000200000, 0x0000120000cc0000, 0x000012000aca0000)
[18.075s][debug][gc,heap        ] GC(360)   eden space 8832K, 100% used [0x0000120000200000, 0x0000120000aa0000, 0x0000120000aa0000)
[18.075s][debug][gc,heap        ] GC(360)   from space 1088K,   0% used [0x0000120000aa0000, 0x0000120000aa0168, 0x0000120000bb0000)
[18.075s][debug][gc,heap        ] GC(360)   to   space 1088K,   0% used [0x0000120000bb0000, 0x0000120000bb0000, 0x0000120000cc0000)
[18.075s][debug][gc,heap        ] GC(360)  tenured generation   total 21888K, used 2071K [0x000012000aca0000, 0x000012000c200000, 0x0000120020200000)
[18.075s][debug][gc,heap        ] GC(360)    the space 21888K,   9% used [0x000012000aca0000, 0x000012000aea5fe0, 0x000012000aea6000, 0x000012000c200000)
[18.075s][debug][gc,heap        ] GC(360)  Metaspace       used 369K, committed 512K, reserved 1114112K
[18.075s][debug][gc,heap        ] GC(360)   class space    used 63K, committed 128K, reserved 1048576K
[18.075s][debug][gc,tlab        ] GC(360) TLAB totals: thrds: 2  refills: 101 max: 52 slow allocs: 0 max 0 waste:  0.2% gc: 14080B max: 14080B slow: 2536B max: 1424B
[18.075s][debug][gc,ref         ] GC(360) Skipped SoftWeakFinalRefsPhase of Reference Processing: no references
[18.075s][debug][gc,ref         ] GC(360) Skipped KeepAliveFinalRefsPhase of Reference Processing: no references
[18.075s][debug][gc,ref         ] GC(360) Skipped PhantomRefsPhase of Reference Processing: no references
[18.075s][debug][gc,phases,ref  ] GC(360) Reference Processing: 0.0ms
[18.075s][debug][gc,phases,ref  ] GC(360)   Notify Soft/WeakReferences: 0.0ms
[18.075s][debug][gc,phases,ref  ] GC(360)     SoftRef: skipped
[18.075s][debug][gc,phases,ref  ] GC(360)     WeakRef: skipped
[18.075s][debug][gc,phases,ref  ] GC(360)     FinalRef: skipped
[18.075s][debug][gc,phases,ref  ] GC(360)     Total: skipped
[18.075s][debug][gc,phases,ref  ] GC(360)   Notify and keep alive finalizable: 0.0ms
[18.075s][debug][gc,phases,ref  ] GC(360)     FinalRef: skipped
[18.075s][debug][gc,phases,ref  ] GC(360)   Notify PhantomReferences: 0.0ms
[18.075s][debug][gc,phases,ref  ] GC(360)     PhantomRef: skipped
[18.075s][debug][gc,phases,ref  ] GC(360)   SoftReference Discovered: 0, Dropped: 0, Processed: 0
[18.075s][debug][gc,phases,ref  ] GC(360)   WeakReference Discovered: 0, Dropped: 0, Processed: 0
[18.075s][debug][gc,phases,ref  ] GC(360)   FinalReference Discovered: 0, Dropped: 0, Processed: 0
[18.075s][debug][gc,phases,ref  ] GC(360)   PhantomReference Discovered: 0, Dropped: 0, Processed: 0
[18.075s][debug][gc,age         ] GC(360) Desired survivor size 557056 bytes, new threshold 15 (max threshold 15)
[18.075s][info ][gc,heap        ] GC(360) DefNew: 8832K(9920K)->0K(9920K) Eden: 8832K(8832K)->0K(8832K) From: 0K(1088K)->0K(1088K)
[18.075s][info ][gc,heap        ] GC(360) Tenured: 2071K(21888K)->2071K(21888K)
[18.075s][info ][gc,metaspace   ] GC(360) Metaspace: 369K(512K)->369K(512K) NonClass: 306K(384K)->306K(384K) Class: 63K(128K)->63K(128K)
[18.075s][debug][gc,heap        ] GC(360) Heap after GC invocations=361 (full 10):
[18.075s][debug][gc,heap        ] GC(360)  def new generation   total 9920K, used 0K [0x0000120000200000, 0x0000120000cc0000, 0x000012000aca0000)
[18.075s][debug][gc,heap        ] GC(360)   eden space 8832K,   0% used [0x0000120000200000, 0x0000120000200000, 0x0000120000aa0000)
[18.075s][debug][gc,heap        ] GC(360)   from space 1088K,   0% used [0x0000120000bb0000, 0x0000120000bb0180, 0x0000120000cc0000)
[18.075s][debug][gc,heap        ] GC(360)   to   space 1088K,   0% used [0x0000120000aa0000, 0x0000120000aa0000, 0x0000120000bb0000)
[18.075s][debug][gc,heap        ] GC(360)  tenured generation   total 21888K, used 2071K [0x000012000aca0000, 0x000012000c200000, 0x0000120020200000)
[18.075s][debug][gc,heap        ] GC(360)    the space 21888K,   9% used [0x000012000aca0000, 0x000012000aea5fe0, 0x000012000aea6000, 0x000012000c200000)
[18.075s][debug][gc,heap        ] GC(360)  Metaspace       used 369K, committed 512K, reserved 1114112K
[18.075s][debug][gc,heap        ] GC(360)   class space    used 63K, committed 128K, reserved 1048576K
[18.075s][info ][gc             ] GC(360) Pause Young (Allocation Failure) 10M->2M(31M) 0.608ms
[18.075s][info ][gc,cpu         ] GC(360) User=0.01s Sys=0.00s Real=0.00s
[18.075s][info ][safepoint      ] Safepoint "GenCollectForAllocation", Time since last: 48679596 ns, Reaching safepoint: 3648 ns, Cleanup: 3586 ns, At safepoint: 653970 ns, Total: 661204 ns
[18.123s][info ][gc,start       ] GC(361) Pause Young (Allocation Failure)
[18.123s][debug][gc,heap        ] GC(361) Heap before GC invocations=361 (full 10):
[18.123s][debug][gc,heap        ] GC(361)  def new generation   total 9920K, used 8832K [0x0000120000200000, 0x0000120000cc0000, 0x000012000aca0000)
[18.123s][debug][gc,heap        ] GC(361)   eden space 8832K, 100% used [0x0000120000200000, 0x0000120000aa0000, 0x0000120000aa0000)
[18.123s][debug][gc,heap        ] GC(361)   from space 1088K,   0% used [0x0000120000bb0000, 0x0000120000bb0180, 0x0000120000cc0000)
[18.123s][debug][gc,heap        ] GC(361)   to   space 1088K,   0% used [0x0000120000aa0000, 0x0000120000aa0000, 0x0000120000bb0000)
[18.123s][debug][gc,heap        ] GC(361)  tenured generation   total 21888K, used 2071K [0x000012000aca0000, 0x000012000c200000, 0x0000120020200000)
[18.123s][debug][gc,heap        ] GC(361)    the space 21888K,   9% used [0x000012000aca0000, 0x000012000aea5fe0, 0x000012000aea6000, 0x000012000c200000)
[18.123s][debug][gc,heap        ] GC(361)  Metaspace       used 369K, committed 512K, reserved 1114112K
[18.123s][debug][gc,heap        ] GC(361)   class space    used 63K, committed 128K, reserved 1048576K
[18.123s][debug][gc,tlab        ] GC(361) TLAB totals: thrds: 2  refills: 101 max: 53 slow allocs: 0 max 0 waste:  0.2% gc: 15272B max: 15272B slow: 2192B max: 1440B
[18.123s][debug][gc,ref         ] GC(361) Skipped SoftWeakFinalRefsPhase of Reference Processing: no references
[18.123s][debug][gc,ref         ] GC(361) Skipped KeepAliveFinalRefsPhase of Reference Processing: no references
[18.123s][debug][gc,ref         ] GC(361) Skipped PhantomRefsPhase of Reference Processing: no references
[18.123s][debug][gc,phases,ref  ] GC(361) Reference Processing: 0.0ms
[18.123s][debug][gc,phases,ref  ] GC(361)   Notify Soft/WeakReferences: 0.0ms
[18.123s][debug][gc,phases,ref  ] GC(361)     SoftRef: skipped
[18.123s][debug][gc,phases,ref  ] GC(361)     WeakRef: skipped
[18.123s][debug][gc,phases,ref  ] GC(361)     FinalRef: skipped
[18.123s][debug][gc,phases,ref  ] GC(361)     Total: skipped
[18.123s][debug][gc,phases,ref  ] GC(361)   Notify and keep alive finalizable: 0.0ms
[18.123s][debug][gc,phases,ref  ] GC(361)     FinalRef: skipped
[18.123s][debug][gc,phases,ref  ] GC(361)   Notify PhantomReferences: 0.0ms
[18.123s][debug][gc,phases,ref  ] GC(361)     PhantomRef: skipped
[18.123s][debug][gc,phases,ref  ] GC(361)   SoftReference Discovered: 0, Dropped: 0, Processed: 0
[18.123s][debug][gc,phases,ref  ] GC(361)   WeakReference Discovered: 0, Dropped: 0, Processed: 0
[18.123s][debug][gc,phases,ref  ] GC(361)   FinalReference Discovered: 0, Dropped: 0, Processed: 0
[18.123s][debug][gc,phases,ref  ] GC(361)   PhantomReference Discovered: 0, Dropped: 0, Processed: 0
[18.123s][debug][gc,age         ] GC(361) Desired survivor size 557056 bytes, new threshold 15 (max threshold 15)
[18.123s][info ][gc,heap        ] GC(361) DefNew: 8832K(9920K)->0K(9920K) Eden: 8832K(8832K)->0K(8832K) From: 0K(1088K)->0K(1088K)
[18.123s][info ][gc,heap        ] GC(361) Tenured: 2071K(21888K)->2071K(21888K)
[18.123s][info ][gc,metaspace   ] GC(361) Metaspace: 369K(512K)->369K(512K) NonClass: 306K(384K)->306K(384K) Class: 63K(128K)->63K(128K)
[18.123s][debug][gc,heap        ] GC(361) Heap after GC invocations=362 (full 10):
[18.123s][debug][gc,heap        ] GC(361)  def new generation   total 9920K, used 0K [0x0000120000200000, 0x0000120000cc0000, 0x000012000aca0000)
[18.123s][debug][gc,heap        ] GC(361)   eden space 8832K,   0% used [0x0000120000200000, 0x0000120000200000, 0x0000120000aa0000)
[18.123s][debug][gc,heap        ] GC(361)   from space 1088K,   0% used [0x0000120000aa0000, 0x0000120000aa0160, 0x0000120000bb0000)
[18.123s][debug][gc,heap        ] GC(361)   to   space 1088K,   0% used [0x0000120000bb0000, 0x0000120000bb0000, 0x0000120000cc0000)
[18.123s][debug][gc,heap        ] GC(361)  tenured generation   total 21888K, used 2071K [0x000012000aca0000, 0x000012000c200000, 0x0000120020200000)
[18.123s][debug][gc,heap        ] GC(361)    the space 21888K,   9% used [0x000012000aca0000, 0x000012000aea5fe0, 0x000012000aea6000, 0x000012000c200000)
[18.123s][debug][gc,heap        ] GC(361)  Metaspace       used 369K, committed 512K, reserved 1114112K
[18.123s][debug][gc,heap        ] GC(361)   class space    used 63K, committed 128K, reserved 1048576K
[18.123s][info ][gc             ] GC(361) Pause Young (Allocation Failure) 10M->2M(31M) 0.579ms
[18.123s][info ][gc,cpu         ] GC(361) User=0.00s Sys=0.00s Real=0.00s
[18.123s][info ][safepoint      ] Safepoint "GenCollectForAllocation", Time since last: 47461327 ns, Reaching safepoint: 3399 ns, Cleanup: 3640 ns, At safepoint: 625525 ns, Total: 632564 ns
[18.171s][info ][gc,start       ] GC(362) Pause Young (Allocation Failure)
[18.171s][debug][gc,heap        ] GC(362) Heap before GC invocations=362 (full 10):
[18.171s][debug][gc,heap        ] GC(362)  def new generation   total 9920K, used 8832K [0x0000120000200000, 0x0000120000cc0000, 0x000012000aca0000)
[18.171s][debug][gc,heap        ] GC(362)   eden space 8832K, 100% used [0x0000120000200000, 0x0000120000aa0000, 0x0000120000aa0000)
[18.171s][debug][gc,heap        ] GC(362)   from space 1088K,   0% used [0x0000120000aa0000, 0x0000120000aa0160, 0x0000120000bb0000)
[18.171s][debug][gc,heap        ] GC(362)   to   space 1088K,   0% used [0x0000120000bb0000, 0x0000120000bb0000, 0x0000120000cc0000)
[18.171s][debug][gc,heap        ] GC(362)  tenured generation   total 21888K, used 2071K [0x000012000aca0000, 0x000012000c200000, 0x0000120020200000)
[18.171s][debug][gc,heap        ] GC(362)    the space 21888K,   9% used [0x000012000aca0000, 0x000012000aea5fe0, 0x000012000aea6000, 0x000012000c200000)
[18.171s][debug][gc,heap        ] GC(362)  Metaspace       used 369K, committed 512K, reserved 1114112K
[18.171s][debug][gc,heap        ] GC(362)   class space    used 63K, committed 128K, reserved 1048576K
[18.171s][debug][gc,tlab        ] GC(362) TLAB totals: thrds: 2  refills: 101 max: 52 slow allocs: 0 max 0 waste:  0.5% gc: 44792B max: 44792B slow: 2528B max: 1376B
[18.171s][debug][gc,ref         ] GC(362) Skipped SoftWeakFinalRefsPhase of Reference Processing: no references
[18.171s][debug][gc,ref         ] GC(362) Skipped KeepAliveFinalRefsPhase of Reference Processing: no references
[18.171s][debug][gc,ref         ] GC(362) Skipped PhantomRefsPhase of Reference Processing: no references
[18.171s][debug][gc,phases,ref  ] GC(362) Reference Processing: 0.0ms
[18.171s][debug][gc,phases,ref  ] GC(362)   Notify Soft/WeakReferences: 0.0ms
[18.171s][debug][gc,phases,ref  ] GC(362)     SoftRef: skipped
[18.171s][debug][gc,phases,ref  ] GC(362)     WeakRef: skipped
[18.171s][debug][gc,phases,ref  ] GC(362)     FinalRef: skipped
[18.171s][debug][gc,phases,ref  ] GC(362)     Total: skipped
[18.171s][debug][gc,phases,ref  ] GC(362)   Notify and keep alive finalizable: 0.0ms
[18.171s][debug][gc,phases,ref  ] GC(362)     FinalRef: skipped
[18.171s][debug][gc,phases,ref  ] GC(362)   Notify PhantomReferences: 0.0ms
[18.171s][debug][gc,phases,ref  ] GC(362)     PhantomRef: skipped
[18.171s][debug][gc,phases,ref  ] GC(362)   SoftReference Discovered: 0, Dropped: 0, Processed: 0
[18.171s][debug][gc,phases,ref  ] GC(362)   WeakReference Discovered: 0, Dropped: 0, Processed: 0
[18.171s][debug][gc,phases,ref  ] GC(362)   FinalReference Discovered: 0, Dropped: 0, Processed: 0
[18.171s][debug][gc,phases,ref  ] GC(362)   PhantomReference Discovered: 0, Dropped: 0, Processed: 0
[18.171s][debug][gc,age         ] GC(362) Desired survivor size 557056 bytes, new threshold 15 (max threshold 15)
[18.171s][info ][gc,heap        ] GC(362) DefNew: 8832K(9920K)->0K(9920K) Eden: 8832K(8832K)->0K(8832K) From: 0K(1088K)->0K(1088K)
[18.171s][info ][gc,heap        ] GC(362) Tenured: 2071K(21888K)->2071K(21888K)
[18.171s][info ][gc,metaspace   ] GC(362) Metaspace: 369K(512K)->369K(512K) NonClass: 306K(384K)->306K(384K) Class: 63K(128K)->63K(128K)
[18.171s][debug][gc,heap        ] GC(362) Heap after GC invocations=363 (full 10):
[18.171s][debug][gc,heap        ] GC(362)  def new generation   total 9920K, used 0K [0x0000120000200000, 0x0000120000cc0000, 0x000012000aca0000)
[18.171s][debug][gc,heap        ] GC(362)   eden space 8832K,   0% used [0x0000120000200000, 0x0000120000200000, 0x0000120000aa0000)
[18.171s][debug][gc,heap        ] GC(362)   from space 1088K,   0% used [0x0000120000bb0000, 0x0000120000bb0188, 0x0000120000cc0000)
[18.171s][debug][gc,heap        ] GC(362)   to   space 1088K,   0% used [0x0000120000aa0000, 0x0000120000aa0000, 0x0000120000bb0000)
[18.171s][debug][gc,heap        ] GC(362)  tenured generation   total 21888K, used 2071K [0x000012000aca0000, 0x000012000c200000, 0x0000120020200000)
[18.171s][debug][gc,heap        ] GC(362)    the space 21888K,   9% used [0x000012000aca0000, 0x000012000aea5fe0, 0x000012000aea6000, 0x000012000c200000)
[18.171s][debug][gc,heap        ] GC(362)  Metaspace       used 369K, committed 512K, reserved 1114112K
[18.171s][debug][gc,heap        ] GC(362)   class space    used 63K, committed 128K, reserved 1048576K
[18.171s][info ][gc             ] GC(362) Pause Young (Allocation Failure) 10M->2M(31M) 0.581ms
[18.171s][info ][gc,cpu         ] GC(362) User=0.00s Sys=0.00s Real=0.00s
[18.171s][info ][safepoint      ] Safepoint "GenCollectForAllocation", Time since last: 47368587 ns, Reaching safepoint: 3208 ns, Cleanup: 3856 ns, At safepoint: 627046 ns, Total: 634110 ns
[18.219s][info ][gc,start       ] GC(363) Pause Young (Allocation Failure)
[18.219s][debug][gc,heap        ] GC(363) Heap before GC invocations=363 (full 10):
[18.219s][debug][gc,heap        ] GC(363)  def new generation   total 9920K, used 8832K [0x0000120000200000, 0x0000120000cc0000, 0x000012000aca0000)
[18.219s][debug][gc,heap        ] GC(363)   eden space 8832K, 100% used [0x0000120000200000, 0x0000120000aa0000, 0x0000120000aa0000)
[18.219s][debug][gc,heap        ] GC(363)   from space 1088K,   0% used [0x0000120000bb0000, 0x0000120000bb0188, 0x0000120000cc0000)
[18.219s][debug][gc,heap        ] GC(363)   to   space 1088K,   0% used [0x0000120000aa0000, 0x0000120000aa0000, 0x0000120000bb0000)
[18.219s][debug][gc,heap        ] GC(363)  tenured generation   total 21888K, used 2071K [0x000012000aca0000, 0x000012000c200000, 0x0000120020200000)
[18.219s][debug][gc,heap        ] GC(363)    the space 21888K,   9% used [0x000012000aca0000, 0x000012000aea5fe0, 0x000012000aea6000, 0x000012000c200000)
[18.219s][debug][gc,heap        ] GC(363)  Metaspace       used 369K, committed 512K, reserved 1114112K
[18.219s][debug][gc,heap        ] GC(363)   class space    used 63K, committed 128K, reserved 1048576K
[18.219s][debug][gc,tlab        ] GC(363) TLAB totals: thrds: 2  refills: 101 max: 51 slow allocs: 0 max 0 waste:  0.0% gc: 136B max: 136B slow: 2232B max: 1232B
[18.219s][debug][gc,ref         ] GC(363) Skipped SoftWeakFinalRefsPhase of Reference Processing: no references
[18.219s][debug][gc,ref         ] GC(363) Skipped KeepAliveFinalRefsPhase of Reference Processing: no references
[18.219s][debug][gc,ref         ] GC(363) Skipped PhantomRefsPhase of Reference Processing: no references
[18.219s][debug][gc,phases,ref  ] GC(363) Reference Processing: 0.0ms
[18.219s][debug][gc,phases,ref  ] GC(363)   Notify Soft/WeakReferences: 0.0ms
[18.219s][debug][gc,phases,ref  ] GC(363)     SoftRef: skipped
[18.219s][debug][gc,phases,ref  ] GC(363)     WeakRef: skipped
[18.219s][debug][gc,phases,ref  ] GC(363)     FinalRef: skipped
[18.219s][debug][gc,phases,ref  ] GC(363)     Total: skipped
[18.219s][debug][gc,phases,ref  ] GC(363)   Notify and keep alive finalizable: 0.0ms
[18.219s][debug][gc,phases,ref  ] GC(363)     FinalRef: skipped
[18.219s][debug][gc,phases,ref  ] GC(363)   Notify PhantomReferences: 0.0ms
[18.219s][debug][gc,phases,ref  ] GC(363)     PhantomRef: skipped
[18.219s][debug][gc,phases,ref  ] GC(363)   SoftReference Discovered: 0, Dropped: 0, Processed: 0
[18.219s][debug][gc,phases,ref  ] GC(363)   WeakReference Discovered: 0, Dropped: 0, Processed: 0
[18.219s][debug][gc,phases,ref  ] GC(363)   FinalReference Discovered: 0, Dropped: 0, Processed: 0
[18.219s][debug][gc,phases,ref  ] GC(363)   PhantomReference Discovered: 0, Dropped: 0, Processed: 0
[18.219s][debug][gc,age         ] GC(363) Desired survivor size 557056 bytes, new threshold 15 (max threshold 15)
[18.219s][info ][gc,heap        ] GC(363) DefNew: 8832K(9920K)->0K(9920K) Eden: 8832K(8832K)->0K(8832K) From: 0K(1088K)->0K(1088K)
[18.219s][info ][gc,heap        ] GC(363) Tenured: 2071K(21888K)->2071K(21888K)
[18.219s][info ][gc,metaspace   ] GC(363) Metaspace: 369K(512K)->369K(512K) NonClass: 306K(384K)->306K(384K) Class: 63K(128K)->63K(128K)
[18.219s][debug][gc,heap        ] GC(363) Heap after GC invocations=364 (full 10):
[18.219s][debug][gc,heap        ] GC(363)  def new generation   total 9920K, used 0K [0x0000120000200000, 0x0000120000cc0000, 0x000012000aca0000)
[18.219s][debug][gc,heap        ] GC(363)   eden space 8832K,   0% used [0x0000120000200000, 0x0000120000200000, 0x0000120000aa0000)
[18.219s][debug][gc,heap        ] GC(363)   from space 1088K,   0% used [0x0000120000aa0000, 0x0000120000aa0138, 0x0000120000bb0000)
[18.219s][debug][gc,heap        ] GC(363)   to   space 1088K,   0% used [0x0000120000bb0000, 0x0000120000bb0000, 0x0000120000cc0000)
[18.219s][debug][gc,heap        ] GC(363)  tenured generation   total 21888K, used 2071K [0x000012000aca0000, 0x000012000c200000, 0x0000120020200000)
[18.219s][debug][gc,heap        ] GC(363)    the space 21888K,   9% used [0x000012000aca0000, 0x000012000aea5fe0, 0x000012000aea6000, 0x000012000c200000)
[18.219s][debug][gc,heap        ] GC(363)  Metaspace       used 369K, committed 512K, reserved 1114112K
[18.219s][debug][gc,heap        ] GC(363)   class space    used 63K, committed 128K, reserved 1048576K
[18.219s][info ][gc             ] GC(363) Pause Young (Allocation Failure) 10M->2M(31M) 0.581ms
[18.220s][info ][gc,cpu         ] GC(363) User=0.00s Sys=0.00s Real=0.00s
[18.220s][info ][safepoint      ] Safepoint "GenCollectForAllocation", Time since last: 47587697 ns, Reaching safepoint: 3242 ns, Cleanup: 3821 ns, At safepoint: 626004 ns, Total: 633067 ns
[18.268s][info ][gc,start       ] GC(364) Pause Young (Allocation Failure)
[18.268s][debug][gc,heap        ] GC(364) Heap before GC invocations=364 (full 10):
[18.268s][debug][gc,heap        ] GC(364)  def new generation   total 9920K, used 8832K [0x0000120000200000, 0x0000120000cc0000, 0x000012000aca0000)
[18.268s][debug][gc,heap        ] GC(364)   eden space 8832K, 100% used [0x0000120000200000, 0x0000120000aa0000, 0x0000120000aa0000)
[18.268s][debug][gc,heap        ] GC(364)   from space 1088K,   0% used [0x0000120000aa0000, 0x0000120000aa0138, 0x0000120000bb0000)
[18.268s][debug][gc,heap        ] GC(364)   to   space 1088K,   0% used [0x0000120000bb0000, 0x0000120000bb0000, 0x0000120000cc0000)
[18.268s][debug][gc,heap        ] GC(364)  tenured generation   total 21888K, used 2071K [0x000012000aca0000, 0x000012000c200000, 0x0000120020200000)
[18.268s][debug][gc,heap        ] GC(364)    the space 21888K,   9% used [0x000012000aca0000, 0x000012000aea5fe0, 0x000012000aea6000, 0x000012000c200000)
[18.268s][debug][gc,heap        ] GC(364)  Metaspace       used 369K, committed 512K, reserved 1114112K
[18.268s][debug][gc,heap        ] GC(364)   class space    used 63K, committed 128K, reserved 1048576K
[18.268s][debug][gc,tlab        ] GC(364) TLAB totals: thrds: 2  refills: 101 max: 51 slow allocs: 0 max 0 waste:  0.0% gc: 0B max: 0B slow: 2432B max: 1400B
[18.268s][debug][gc,ref         ] GC(364) Skipped SoftWeakFinalRefsPhase of Reference Processing: no references
[18.268s][debug][gc,ref         ] GC(364) Skipped KeepAliveFinalRefsPhase of Reference Processing: no references
[18.268s][debug][gc,ref         ] GC(364) Skipped PhantomRefsPhase of Reference Processing: no references
[18.268s][debug][gc,phases,ref  ] GC(364) Reference Processing: 0.0ms
[18.268s][debug][gc,phases,ref  ] GC(364)   Notify Soft/WeakReferences: 0.0ms
[18.268s][debug][gc,phases,ref  ] GC(364)     SoftRef: skipped
[18.268s][debug][gc,phases,ref  ] GC(364)     WeakRef: skipped
[18.268s][debug][gc,phases,ref  ] GC(364)     FinalRef: skipped
[18.268s][debug][gc,phases,ref  ] GC(364)     Total: skipped
[18.268s][debug][gc,phases,ref  ] GC(364)   Notify and keep alive finalizable: 0.0ms
[18.268s][debug][gc,phases,ref  ] GC(364)     FinalRef: skipped
[18.268s][debug][gc,phases,ref  ] GC(364)   Notify PhantomReferences: 0.0ms
[18.268s][debug][gc,phases,ref  ] GC(364)     PhantomRef: skipped
[18.268s][debug][gc,phases,ref  ] GC(364)   SoftReference Discovered: 0, Dropped: 0, Processed: 0
[18.268s][debug][gc,phases,ref  ] GC(364)   WeakReference Discovered: 0, Dropped: 0, Processed: 0
[18.268s][debug][gc,phases,ref  ] GC(364)   FinalReference Discovered: 0, Dropped: 0, Processed: 0
[18.268s][debug][gc,phases,ref  ] GC(364)   PhantomReference Discovered: 0, Dropped: 0, Processed: 0
[18.268s][debug][gc,age         ] GC(364) Desired survivor size 557056 bytes, new threshold 15 (max threshold 15)
[18.268s][info ][gc,heap        ] GC(364) DefNew: 8832K(9920K)->0K(9920K) Eden: 8832K(8832K)->0K(8832K) From: 0K(1088K)->0K(1088K)
[18.268s][info ][gc,heap        ] GC(364) Tenured: 2071K(21888K)->2071K(21888K)
[18.268s][info ][gc,metaspace   ] GC(364) Metaspace: 369K(512K)->369K(512K) NonClass: 306K(384K)->306K(384K) Class: 63K(128K)->63K(128K)
[18.268s][debug][gc,heap        ] GC(364) Heap after GC invocations=365 (full 10):
[18.268s][debug][gc,heap        ] GC(364)  def new generation   total 9920K, used 0K [0x0000120000200000, 0x0000120000cc0000, 0x000012000aca0000)
[18.268s][debug][gc,heap        ] GC(364)   eden space 8832K,   0% used [0x0000120000200000, 0x0000120000200000, 0x0000120000aa0000)
[18.268s][debug][gc,heap        ] GC(364)   from space 1088K,   0% used [0x0000120000bb0000, 0x0000120000bb0150, 0x0000120000cc0000)
[18.268s][debug][gc,heap        ] GC(364)   to   space 1088K,   0% used [0x0000120000aa0000, 0x0000120000aa0000, 0x0000120000bb0000)
[18.268s][debug][gc,heap        ] GC(364)  tenured generation   total 21888K, used 2071K [0x000012000aca0000, 0x000012000c200000, 0x0000120020200000)
[18.268s][debug][gc,heap        ] GC(364)    the space 21888K,   9% used [0x000012000aca0000, 0x000012000aea5fe0, 0x000012000aea6000, 0x000012000c200000)
[18.268s][debug][gc,heap        ] GC(364)  Metaspace       used 369K, committed 512K, reserved 1114112K
[18.268s][debug][gc,heap        ] GC(364)   class space    used 63K, committed 128K, reserved 1048576K
[18.268s][info ][gc             ] GC(364) Pause Young (Allocation Failure) 10M->2M(31M) 0.587ms
[18.268s][info ][gc,cpu         ] GC(364) User=0.00s Sys=0.00s Real=0.00s
[18.268s][info ][safepoint      ] Safepoint "GenCollectForAllocation", Time since last: 48254494 ns, Reaching safepoint: 3117 ns, Cleanup: 3660 ns, At safepoint: 625639 ns, Total: 632416 ns
[18.316s][info ][gc,start       ] GC(365) Pause Young (Allocation Failure)
[18.316s][debug][gc,heap        ] GC(365) Heap before GC invocations=365 (full 10):
[18.316s][debug][gc,heap        ] GC(365)  def new generation   total 9920K, used 8832K [0x0000120000200000, 0x0000120000cc0000, 0x000012000aca0000)
[18.316s][debug][gc,heap        ] GC(365)   eden space 8832K, 100% used [0x0000120000200000, 0x0000120000aa0000, 0x0000120000aa0000)
[18.316s][debug][gc,heap        ] GC(365)   from space 1088K,   0% used [0x0000120000bb0000, 0x0000120000bb0150, 0x0000120000cc0000)
[18.316s][debug][gc,heap        ] GC(365)   to   space 1088K,   0% used [0x0000120000aa0000, 0x0000120000aa0000, 0x0000120000bb0000)
[18.316s][debug][gc,heap        ] GC(365)  tenured generation   total 21888K, used 2071K [0x000012000aca0000, 0x000012000c200000, 0x0000120020200000)
[18.316s][debug][gc,heap        ] GC(365)    the space 21888K,   9% used [0x000012000aca0000, 0x000012000aea5fe0, 0x000012000aea6000, 0x000012000c200000)
[18.316s][debug][gc,heap        ] GC(365)  Metaspace       used 369K, committed 512K, reserved 1114112K
[18.316s][debug][gc,heap        ] GC(365)   class space    used 63K, committed 128K, reserved 1048576K
[18.316s][debug][gc,tlab        ] GC(365) TLAB totals: thrds: 2  refills: 100 max: 50 slow allocs: 0 max 0 waste:  0.5% gc: 43000B max: 43000B slow: 2984B max: 1568B
[18.316s][debug][gc,ref         ] GC(365) Skipped SoftWeakFinalRefsPhase of Reference Processing: no references
[18.316s][debug][gc,ref         ] GC(365) Skipped KeepAliveFinalRefsPhase of Reference Processing: no references
[18.316s][debug][gc,ref         ] GC(365) Skipped PhantomRefsPhase of Reference Processing: no references
[18.316s][debug][gc,phases,ref  ] GC(365) Reference Processing: 0.0ms
[18.316s][debug][gc,phases,ref  ] GC(365)   Notify Soft/WeakReferences: 0.0ms
[18.316s][debug][gc,phases,ref  ] GC(365)     SoftRef: skipped
[18.316s][debug][gc,phases,ref  ] GC(365)     WeakRef: skipped
[18.316s][debug][gc,phases,ref  ] GC(365)     FinalRef: skipped
[18.316s][debug][gc,phases,ref  ] GC(365)     Total: skipped
[18.316s][debug][gc,phases,ref  ] GC(365)   Notify and keep alive finalizable: 0.0ms
[18.316s][debug][gc,phases,ref  ] GC(365)     FinalRef: skipped
[18.316s][debug][gc,phases,ref  ] GC(365)   Notify PhantomReferences: 0.0ms
[18.316s][debug][gc,phases,ref  ] GC(365)     PhantomRef: skipped
[18.316s][debug][gc,phases,ref  ] GC(365)   SoftReference Discovered: 0, Dropped: 0, Processed: 0
[18.316s][debug][gc,phases,ref  ] GC(365)   WeakReference Discovered: 0, Dropped: 0, Processed: 0
[18.316s][debug][gc,phases,ref  ] GC(365)   FinalReference Discovered: 0, Dropped: 0, Processed: 0
[18.316s][debug][gc,phases,ref  ] GC(365)   PhantomReference Discovered: 0, Dropped: 0, Processed: 0
[18.316s][debug][gc,age         ] GC(365) Desired survivor size 557056 bytes, new threshold 15 (max threshold 15)
[18.316s][info ][gc,heap        ] GC(365) DefNew: 8832K(9920K)->0K(9920K) Eden: 8832K(8832K)->0K(8832K) From: 0K(1088K)->0K(1088K)
[18.316s][info ][gc,heap        ] GC(365) Tenured: 2071K(21888K)->2071K(21888K)
[18.316s][info ][gc,metaspace   ] GC(365) Metaspace: 369K(512K)->369K(512K) NonClass: 306K(384K)->306K(384K) Class: 63K(128K)->63K(128K)
[18.316s][debug][gc,heap        ] GC(365) Heap after GC invocations=366 (full 10):
[18.316s][debug][gc,heap        ] GC(365)  def new generation   total 9920K, used 0K [0x0000120000200000, 0x0000120000cc0000, 0x000012000aca0000)
[18.317s][debug][gc,heap        ] GC(365)   eden space 8832K,   0% used [0x0000120000200000, 0x0000120000200000, 0x0000120000aa0000)
[18.317s][debug][gc,heap        ] GC(365)   from space 1088K,   0% used [0x0000120000aa0000, 0x0000120000aa0170, 0x0000120000bb0000)
[18.317s][debug][gc,heap        ] GC(365)   to   space 1088K,   0% used [0x0000120000bb0000, 0x0000120000bb0000, 0x0000120000cc0000)
[18.317s][debug][gc,heap        ] GC(365)  tenured generation   total 21888K, used 2071K [0x000012000aca0000, 0x000012000c200000, 0x0000120020200000)
[18.317s][debug][gc,heap        ] GC(365)    the space 21888K,   9% used [0x000012000aca0000, 0x000012000aea5fe0, 0x000012000aea6000, 0x000012000c200000)
[18.317s][debug][gc,heap        ] GC(365)  Metaspace       used 369K, committed 512K, reserved 1114112K
[18.317s][debug][gc,heap        ] GC(365)   class space    used 63K, committed 128K, reserved 1048576K
[18.317s][info ][gc             ] GC(365) Pause Young (Allocation Failure) 10M->2M(31M) 0.585ms
[18.317s][info ][gc,cpu         ] GC(365) User=0.00s Sys=0.00s Real=0.00s
[18.317s][info ][safepoint      ] Safepoint "GenCollectForAllocation", Time since last: 47577810 ns, Reaching safepoint: 3286 ns, Cleanup: 3751 ns, At safepoint: 632414 ns, Total: 639451 ns
[18.366s][info ][gc,start       ] GC(366) Pause Young (Allocation Failure)
[18.366s][debug][gc,heap        ] GC(366) Heap before GC invocations=366 (full 10):
[18.366s][debug][gc,heap        ] GC(366)  def new generation   total 9920K, used 8832K [0x0000120000200000, 0x0000120000cc0000, 0x000012000aca0000)
[18.366s][debug][gc,heap        ] GC(366)   eden space 8832K, 100% used [0x0000120000200000, 0x0000120000aa0000, 0x0000120000aa0000)
[18.366s][debug][gc,heap        ] GC(366)   from space 1088K,   0% used [0x0000120000aa0000, 0x0000120000aa0170, 0x0000120000bb0000)
[18.366s][debug][gc,heap        ] GC(366)   to   space 1088K,   0% used [0x0000120000bb0000, 0x0000120000bb0000, 0x0000120000cc0000)
[18.366s][debug][gc,heap        ] GC(366)  tenured generation   total 21888K, used 2071K [0x000012000aca0000, 0x000012000c200000, 0x0000120020200000)
[18.366s][debug][gc,heap        ] GC(366)    the space 21888K,   9% used [0x000012000aca0000, 0x000012000aea5fe0, 0x000012000aea6000, 0x000012000c200000)
[18.366s][debug][gc,heap        ] GC(366)  Metaspace       used 369K, committed 512K, reserved 1114112K
[18.366s][debug][gc,heap        ] GC(366)   class space    used 63K, committed 128K, reserved 1048576K
[18.366s][debug][gc,tlab        ] GC(366) TLAB totals: thrds: 2  refills: 101 max: 52 slow allocs: 0 max 0 waste:  0.6% gc: 53736B max: 53736B slow: 2728B max: 1448B
[18.366s][debug][gc,ref         ] GC(366) Skipped SoftWeakFinalRefsPhase of Reference Processing: no references
[18.366s][debug][gc,ref         ] GC(366) Skipped KeepAliveFinalRefsPhase of Reference Processing: no references
[18.366s][debug][gc,ref         ] GC(366) Skipped PhantomRefsPhase of Reference Processing: no references
[18.366s][debug][gc,phases,ref  ] GC(366) Reference Processing: 0.0ms
[18.366s][debug][gc,phases,ref  ] GC(366)   Notify Soft/WeakReferences: 0.0ms
[18.366s][debug][gc,phases,ref  ] GC(366)     SoftRef: skipped
[18.366s][debug][gc,phases,ref  ] GC(366)     WeakRef: skipped
[18.366s][debug][gc,phases,ref  ] GC(366)     FinalRef: skipped
[18.366s][debug][gc,phases,ref  ] GC(366)     Total: skipped
[18.366s][debug][gc,phases,ref  ] GC(366)   Notify and keep alive finalizable: 0.0ms
[18.366s][debug][gc,phases,ref  ] GC(366)     FinalRef: skipped
[18.366s][debug][gc,phases,ref  ] GC(366)   Notify PhantomReferences: 0.0ms
[18.366s][debug][gc,phases,ref  ] GC(366)     PhantomRef: skipped
[18.366s][debug][gc,phases,ref  ] GC(366)   SoftReference Discovered: 0, Dropped: 0, Processed: 0
[18.366s][debug][gc,phases,ref  ] GC(366)   WeakReference Discovered: 0, Dropped: 0, Processed: 0
[18.366s][debug][gc,phases,ref  ] GC(366)   FinalReference Discovered: 0, Dropped: 0, Processed: 0
[18.366s][debug][gc,phases,ref  ] GC(366)   PhantomReference Discovered: 0, Dropped: 0, Processed: 0
[18.366s][debug][gc,age         ] GC(366) Desired survivor size 557056 bytes, new threshold 15 (max threshold 15)
[18.366s][info ][gc,heap        ] GC(366) DefNew: 8832K(9920K)->0K(9920K) Eden: 8832K(8832K)->0K(8832K) From: 0K(1088K)->0K(1088K)
[18.366s][info ][gc,heap        ] GC(366) Tenured: 2071K(21888K)->2071K(21888K)
[18.366s][info ][gc,metaspace   ] GC(366) Metaspace: 369K(512K)->369K(512K) NonClass: 306K(384K)->306K(384K) Class: 63K(128K)->63K(128K)
[18.366s][debug][gc,heap        ] GC(366) Heap after GC invocations=367 (full 10):
[18.366s][debug][gc,heap        ] GC(366)  def new generation   total 9920K, used 0K [0x0000120000200000, 0x0000120000cc0000, 0x000012000aca0000)
[18.366s][debug][gc,heap        ] GC(366)   eden space 8832K,   0% used [0x0000120000200000, 0x0000120000200000, 0x0000120000aa0000)
[18.366s][debug][gc,heap        ] GC(366)   from space 1088K,   0% used [0x0000120000bb0000, 0x0000120000bb0150, 0x0000120000cc0000)
[18.366s][debug][gc,heap        ] GC(366)   to   space 1088K,   0% used [0x0000120000aa0000, 0x0000120000aa0000, 0x0000120000bb0000)
[18.366s][debug][gc,heap        ] GC(366)  tenured generation   total 21888K, used 2071K [0x000012000aca0000, 0x000012000c200000, 0x0000120020200000)
[18.366s][debug][gc,heap        ] GC(366)    the space 21888K,   9% used [0x000012000aca0000, 0x000012000aea5fe0, 0x000012000aea6000, 0x000012000c200000)
[18.366s][debug][gc,heap        ] GC(366)  Metaspace       used 369K, committed 512K, reserved 1114112K
[18.366s][debug][gc,heap        ] GC(366)   class space    used 63K, committed 128K, reserved 1048576K
[18.366s][info ][gc             ] GC(366) Pause Young (Allocation Failure) 10M->2M(31M) 0.584ms
[18.366s][info ][gc,cpu         ] GC(366) User=0.00s Sys=0.00s Real=0.00s
[18.366s][info ][safepoint      ] Safepoint "GenCollectForAllocation", Time since last: 49024290 ns, Reaching safepoint: 3422 ns, Cleanup: 3689 ns, At safepoint: 641661 ns, Total: 648772 ns
[18.415s][info ][gc,start       ] GC(367) Pause Young (Allocation Failure)
[18.415s][debug][gc,heap        ] GC(367) Heap before GC invocations=367 (full 10):
[18.415s][debug][gc,heap        ] GC(367)  def new generation   total 9920K, used 8832K [0x0000120000200000, 0x0000120000cc0000, 0x000012000aca0000)
[18.415s][debug][gc,heap        ] GC(367)   eden space 8832K, 100% used [0x0000120000200000, 0x0000120000aa0000, 0x0000120000aa0000)
[18.415s][debug][gc,heap        ] GC(367)   from space 1088K,   0% used [0x0000120000bb0000, 0x0000120000bb0150, 0x0000120000cc0000)
[18.415s][debug][gc,heap        ] GC(367)   to   space 1088K,   0% used [0x0000120000aa0000, 0x0000120000aa0000, 0x0000120000bb0000)
[18.415s][debug][gc,heap        ] GC(367)  tenured generation   total 21888K, used 2071K [0x000012000aca0000, 0x000012000c200000, 0x0000120020200000)
[18.415s][debug][gc,heap        ] GC(367)    the space 21888K,   9% used [0x000012000aca0000, 0x000012000aea5fe0, 0x000012000aea6000, 0x000012000c200000)
[18.415s][debug][gc,heap        ] GC(367)  Metaspace       used 369K, committed 512K, reserved 1114112K
[18.415s][debug][gc,heap        ] GC(367)   class space    used 63K, committed 128K, reserved 1048576K
[18.415s][debug][gc,tlab        ] GC(367) TLAB totals: thrds: 2  refills: 101 max: 51 slow allocs: 0 max 0 waste:  0.1% gc: 9968B max: 9968B slow: 2720B max: 1384B
[18.415s][debug][gc,ref         ] GC(367) Skipped SoftWeakFinalRefsPhase of Reference Processing: no references
[18.415s][debug][gc,ref         ] GC(367) Skipped KeepAliveFinalRefsPhase of Reference Processing: no references
[18.415s][debug][gc,ref         ] GC(367) Skipped PhantomRefsPhase of Reference Processing: no references
[18.415s][debug][gc,phases,ref  ] GC(367) Reference Processing: 0.0ms
[18.415s][debug][gc,phases,ref  ] GC(367)   Notify Soft/WeakReferences: 0.0ms
[18.415s][debug][gc,phases,ref  ] GC(367)     SoftRef: skipped
[18.415s][debug][gc,phases,ref  ] GC(367)     WeakRef: skipped
[18.415s][debug][gc,phases,ref  ] GC(367)     FinalRef: skipped
[18.415s][debug][gc,phases,ref  ] GC(367)     Total: skipped
[18.415s][debug][gc,phases,ref  ] GC(367)   Notify and keep alive finalizable: 0.0ms
[18.415s][debug][gc,phases,ref  ] GC(367)     FinalRef: skipped
[18.415s][debug][gc,phases,ref  ] GC(367)   Notify PhantomReferences: 0.0ms
[18.415s][debug][gc,phases,ref  ] GC(367)     PhantomRef: skipped
[18.415s][debug][gc,phases,ref  ] GC(367)   SoftReference Discovered: 0, Dropped: 0, Processed: 0
[18.415s][debug][gc,phases,ref  ] GC(367)   WeakReference Discovered: 0, Dropped: 0, Processed: 0
[18.415s][debug][gc,phases,ref  ] GC(367)   FinalReference Discovered: 0, Dropped: 0, Processed: 0
[18.415s][debug][gc,phases,ref  ] GC(367)   PhantomReference Discovered: 0, Dropped: 0, Processed: 0
[18.415s][debug][gc,age         ] GC(367) Desired survivor size 557056 bytes, new threshold 15 (max threshold 15)
[18.415s][info ][gc,heap        ] GC(367) DefNew: 8832K(9920K)->0K(9920K) Eden: 8832K(8832K)->0K(8832K) From: 0K(1088K)->0K(1088K)
[18.415s][info ][gc,heap        ] GC(367) Tenured: 2071K(21888K)->2071K(21888K)
[18.415s][info ][gc,metaspace   ] GC(367) Metaspace: 369K(512K)->369K(512K) NonClass: 306K(384K)->306K(384K) Class: 63K(128K)->63K(128K)
[18.415s][debug][gc,heap        ] GC(367) Heap after GC invocations=368 (full 10):
[18.415s][debug][gc,heap        ] GC(367)  def new generation   total 9920K, used 0K [0x0000120000200000, 0x0000120000cc0000, 0x000012000aca0000)
[18.415s][debug][gc,heap        ] GC(367)   eden space 8832K,   0% used [0x0000120000200000, 0x0000120000200000, 0x0000120000aa0000)
[18.415s][debug][gc,heap        ] GC(367)   from space 1088K,   0% used [0x0000120000aa0000, 0x0000120000aa0180, 0x0000120000bb0000)
[18.415s][debug][gc,heap        ] GC(367)   to   space 1088K,   0% used [0x0000120000bb0000, 0x0000120000bb0000, 0x0000120000cc0000)
[18.415s][debug][gc,heap        ] GC(367)  tenured generation   total 21888K, used 2071K [0x000012000aca0000, 0x000012000c200000, 0x0000120020200000)
[18.415s][debug][gc,heap        ] GC(367)    the space 21888K,   9% used [0x000012000aca0000, 0x000012000aea5fe0, 0x000012000aea6000, 0x000012000c200000)
[18.415s][debug][gc,heap        ] GC(367)  Metaspace       used 369K, committed 512K, reserved 1114112K
[18.415s][debug][gc,heap        ] GC(367)   class space    used 63K, committed 128K, reserved 1048576K
[18.415s][info ][gc             ] GC(367) Pause Young (Allocation Failure) 10M->2M(31M) 0.577ms
[18.415s][info ][gc,cpu         ] GC(367) User=0.00s Sys=0.00s Real=0.00s
[18.415s][info ][safepoint      ] Safepoint "GenCollectForAllocation", Time since last: 48348333 ns, Reaching safepoint: 3346 ns, Cleanup: 3722 ns, At safepoint: 622467 ns, Total: 629535 ns
[18.463s][info ][gc,start       ] GC(368) Pause Young (Allocation Failure)
[18.463s][debug][gc,heap        ] GC(368) Heap before GC invocations=368 (full 10):
[18.463s][debug][gc,heap        ] GC(368)  def new generation   total 9920K, used 8832K [0x0000120000200000, 0x0000120000cc0000, 0x000012000aca0000)
[18.463s][debug][gc,heap        ] GC(368)   eden space 8832K, 100% used [0x0000120000200000, 0x0000120000aa0000, 0x0000120000aa0000)
[18.463s][debug][gc,heap        ] GC(368)   from space 1088K,   0% used [0x0000120000aa0000, 0x0000120000aa0180, 0x0000120000bb0000)
[18.463s][debug][gc,heap        ] GC(368)   to   space 1088K,   0% used [0x0000120000bb0000, 0x0000120000bb0000, 0x0000120000cc0000)
[18.463s][debug][gc,heap        ] GC(368)  tenured generation   total 21888K, used 2071K [0x000012000aca0000, 0x000012000c200000, 0x0000120020200000)
[18.463s][debug][gc,heap        ] GC(368)    the space 21888K,   9% used [0x000012000aca0000, 0x000012000aea5fe0, 0x000012000aea6000, 0x000012000c200000)
[18.463s][debug][gc,heap        ] GC(368)  Metaspace       used 369K, committed 512K, reserved 1114112K
[18.463s][debug][gc,heap        ] GC(368)   class space    used 63K, committed 128K, reserved 1048576K
[18.463s][debug][gc,tlab        ] GC(368) TLAB totals: thrds: 2  refills: 101 max: 51 slow allocs: 0 max 0 waste:  0.3% gc: 24664B max: 24664B slow: 2504B max: 1328B
[18.463s][debug][gc,ref         ] GC(368) Skipped SoftWeakFinalRefsPhase of Reference Processing: no references
[18.463s][debug][gc,ref         ] GC(368) Skipped KeepAliveFinalRefsPhase of Reference Processing: no references
[18.463s][debug][gc,ref         ] GC(368) Skipped PhantomRefsPhase of Reference Processing: no references
[18.463s][debug][gc,phases,ref  ] GC(368) Reference Processing: 0.0ms
[18.463s][debug][gc,phases,ref  ] GC(368)   Notify Soft/WeakReferences: 0.0ms
[18.463s][debug][gc,phases,ref  ] GC(368)     SoftRef: skipped
[18.463s][debug][gc,phases,ref  ] GC(368)     WeakRef: skipped
[18.463s][debug][gc,phases,ref  ] GC(368)     FinalRef: skipped
[18.463s][debug][gc,phases,ref  ] GC(368)     Total: skipped
[18.463s][debug][gc,phases,ref  ] GC(368)   Notify and keep alive finalizable: 0.0ms
[18.463s][debug][gc,phases,ref  ] GC(368)     FinalRef: skipped
[18.463s][debug][gc,phases,ref  ] GC(368)   Notify PhantomReferences: 0.0ms
[18.463s][debug][gc,phases,ref  ] GC(368)     PhantomRef: skipped
[18.463s][debug][gc,phases,ref  ] GC(368)   SoftReference Discovered: 0, Dropped: 0, Processed: 0
[18.463s][debug][gc,phases,ref  ] GC(368)   WeakReference Discovered: 0, Dropped: 0, Processed: 0
[18.463s][debug][gc,phases,ref  ] GC(368)   FinalReference Discovered: 0, Dropped: 0, Processed: 0
[18.463s][debug][gc,phases,ref  ] GC(368)   PhantomReference Discovered: 0, Dropped: 0, Processed: 0
[18.463s][debug][gc,age         ] GC(368) Desired survivor size 557056 bytes, new threshold 15 (max threshold 15)
[18.463s][info ][gc,heap        ] GC(368) DefNew: 8832K(9920K)->0K(9920K) Eden: 8832K(8832K)->0K(8832K) From: 0K(1088K)->0K(1088K)
[18.463s][info ][gc,heap        ] GC(368) Tenured: 2071K(21888K)->2071K(21888K)
[18.463s][info ][gc,metaspace   ] GC(368) Metaspace: 369K(512K)->369K(512K) NonClass: 306K(384K)->306K(384K) Class: 63K(128K)->63K(128K)
[18.463s][debug][gc,heap        ] GC(368) Heap after GC invocations=369 (full 10):
[18.463s][debug][gc,heap        ] GC(368)  def new generation   total 9920K, used 0K [0x0000120000200000, 0x0000120000cc0000, 0x000012000aca0000)
[18.463s][debug][gc,heap        ] GC(368)   eden space 8832K,   0% used [0x0000120000200000, 0x0000120000200000, 0x0000120000aa0000)
[18.463s][debug][gc,heap        ] GC(368)   from space 1088K,   0% used [0x0000120000bb0000, 0x0000120000bb0138, 0x0000120000cc0000)
[18.463s][debug][gc,heap        ] GC(368)   to   space 1088K,   0% used [0x0000120000aa0000, 0x0000120000aa0000, 0x0000120000bb0000)
[18.463s][debug][gc,heap        ] GC(368)  tenured generation   total 21888K, used 2071K [0x000012000aca0000, 0x000012000c200000, 0x0000120020200000)
[18.463s][debug][gc,heap        ] GC(368)    the space 21888K,   9% used [0x000012000aca0000, 0x000012000aea5fe0, 0x000012000aea6000, 0x000012000c200000)
[18.463s][debug][gc,heap        ] GC(368)  Metaspace       used 369K, committed 512K, reserved 1114112K
[18.463s][debug][gc,heap        ] GC(368)   class space    used 63K, committed 128K, reserved 1048576K
[18.463s][info ][gc             ] GC(368) Pause Young (Allocation Failure) 10M->2M(31M) 0.655ms
[18.463s][info ][gc,cpu         ] GC(368) User=0.00s Sys=0.00s Real=0.00s
[18.463s][info ][safepoint      ] Safepoint "GenCollectForAllocation", Time since last: 47390257 ns, Reaching safepoint: 3387 ns, Cleanup: 3597 ns, At safepoint: 700552 ns, Total: 707536 ns
[18.511s][info ][gc,start       ] GC(369) Pause Young (Allocation Failure)
[18.511s][debug][gc,heap        ] GC(369) Heap before GC invocations=369 (full 10):
[18.511s][debug][gc,heap        ] GC(369)  def new generation   total 9920K, used 8832K [0x0000120000200000, 0x0000120000cc0000, 0x000012000aca0000)
[18.511s][debug][gc,heap        ] GC(369)   eden space 8832K, 100% used [0x0000120000200000, 0x0000120000aa0000, 0x0000120000aa0000)
[18.511s][debug][gc,heap        ] GC(369)   from space 1088K,   0% used [0x0000120000bb0000, 0x0000120000bb0138, 0x0000120000cc0000)
[18.511s][debug][gc,heap        ] GC(369)   to   space 1088K,   0% used [0x0000120000aa0000, 0x0000120000aa0000, 0x0000120000bb0000)
[18.511s][debug][gc,heap        ] GC(369)  tenured generation   total 21888K, used 2071K [0x000012000aca0000, 0x000012000c200000, 0x0000120020200000)
[18.511s][debug][gc,heap        ] GC(369)    the space 21888K,   9% used [0x000012000aca0000, 0x000012000aea5fe0, 0x000012000aea6000, 0x000012000c200000)
[18.511s][debug][gc,heap        ] GC(369)  Metaspace       used 369K, committed 512K, reserved 1114112K
[18.511s][debug][gc,heap        ] GC(369)   class space    used 63K, committed 128K, reserved 1048576K
[18.511s][debug][gc,tlab        ] GC(369) TLAB totals: thrds: 2  refills: 101 max: 51 slow allocs: 0 max 0 waste:  0.2% gc: 18072B max: 18072B slow: 2576B max: 1376B
[18.511s][debug][gc,ref         ] GC(369) Skipped SoftWeakFinalRefsPhase of Reference Processing: no references
[18.511s][debug][gc,ref         ] GC(369) Skipped KeepAliveFinalRefsPhase of Reference Processing: no references
[18.511s][debug][gc,ref         ] GC(369) Skipped PhantomRefsPhase of Reference Processing: no references
[18.511s][debug][gc,phases,ref  ] GC(369) Reference Processing: 0.0ms
[18.511s][debug][gc,phases,ref  ] GC(369)   Notify Soft/WeakReferences: 0.0ms
[18.511s][debug][gc,phases,ref  ] GC(369)     SoftRef: skipped
[18.511s][debug][gc,phases,ref  ] GC(369)     WeakRef: skipped
[18.511s][debug][gc,phases,ref  ] GC(369)     FinalRef: skipped
[18.511s][debug][gc,phases,ref  ] GC(369)     Total: skipped
[18.511s][debug][gc,phases,ref  ] GC(369)   Notify and keep alive finalizable: 0.0ms
[18.511s][debug][gc,phases,ref  ] GC(369)     FinalRef: skipped
[18.511s][debug][gc,phases,ref  ] GC(369)   Notify PhantomReferences: 0.0ms
[18.511s][debug][gc,phases,ref  ] GC(369)     PhantomRef: skipped
[18.511s][debug][gc,phases,ref  ] GC(369)   SoftReference Discovered: 0, Dropped: 0, Processed: 0
[18.511s][debug][gc,phases,ref  ] GC(369)   WeakReference Discovered: 0, Dropped: 0, Processed: 0
[18.511s][debug][gc,phases,ref  ] GC(369)   FinalReference Discovered: 0, Dropped: 0, Processed: 0
[18.511s][debug][gc,phases,ref  ] GC(369)   PhantomReference Discovered: 0, Dropped: 0, Processed: 0
[18.511s][debug][gc,age         ] GC(369) Desired survivor size 557056 bytes, new threshold 15 (max threshold 15)
[18.511s][info ][gc,heap        ] GC(369) DefNew: 8832K(9920K)->0K(9920K) Eden: 8832K(8832K)->0K(8832K) From: 0K(1088K)->0K(1088K)
[18.511s][info ][gc,heap        ] GC(369) Tenured: 2071K(21888K)->2071K(21888K)
[18.511s][info ][gc,metaspace   ] GC(369) Metaspace: 369K(512K)->369K(512K) NonClass: 306K(384K)->306K(384K) Class: 63K(128K)->63K(128K)
[18.511s][debug][gc,heap        ] GC(369) Heap after GC invocations=370 (full 10):
[18.511s][debug][gc,heap        ] GC(369)  def new generation   total 9920K, used 0K [0x0000120000200000, 0x0000120000cc0000, 0x000012000aca0000)
[18.511s][debug][gc,heap        ] GC(369)   eden space 8832K,   0% used [0x0000120000200000, 0x0000120000200000, 0x0000120000aa0000)
[18.511s][debug][gc,heap        ] GC(369)   from space 1088K,   0% used [0x0000120000aa0000, 0x0000120000aa01d0, 0x0000120000bb0000)
[18.511s][debug][gc,heap        ] GC(369)   to   space 1088K,   0% used [0x0000120000bb0000, 0x0000120000bb0000, 0x0000120000cc0000)
[18.511s][debug][gc,heap        ] GC(369)  tenured generation   total 21888K, used 2071K [0x000012000aca0000, 0x000012000c200000, 0x0000120020200000)
[18.511s][debug][gc,heap        ] GC(369)    the space 21888K,   9% used [0x000012000aca0000, 0x000012000aea5fe0, 0x000012000aea6000, 0x000012000c200000)
[18.511s][debug][gc,heap        ] GC(369)  Metaspace       used 369K, committed 512K, reserved 1114112K
[18.511s][debug][gc,heap        ] GC(369)   class space    used 63K, committed 128K, reserved 1048576K
[18.511s][info ][gc             ] GC(369) Pause Young (Allocation Failure) 10M->2M(31M) 0.578ms
[18.511s][info ][gc,cpu         ] GC(369) User=0.00s Sys=0.00s Real=0.00s
[18.512s][info ][safepoint      ] Safepoint "GenCollectForAllocation", Time since last: 47494475 ns, Reaching safepoint: 3608 ns, Cleanup: 3753 ns, At safepoint: 624552 ns, Total: 631913 ns
[18.559s][info ][gc,start       ] GC(370) Pause Young (Allocation Failure)
[18.559s][debug][gc,heap        ] GC(370) Heap before GC invocations=370 (full 10):
[18.559s][debug][gc,heap        ] GC(370)  def new generation   total 9920K, used 8832K [0x0000120000200000, 0x0000120000cc0000, 0x000012000aca0000)
[18.559s][debug][gc,heap        ] GC(370)   eden space 8832K, 100% used [0x0000120000200000, 0x0000120000aa0000, 0x0000120000aa0000)
[18.559s][debug][gc,heap        ] GC(370)   from space 1088K,   0% used [0x0000120000aa0000, 0x0000120000aa01d0, 0x0000120000bb0000)
[18.559s][debug][gc,heap        ] GC(370)   to   space 1088K,   0% used [0x0000120000bb0000, 0x0000120000bb0000, 0x0000120000cc0000)
[18.559s][debug][gc,heap        ] GC(370)  tenured generation   total 21888K, used 2071K [0x000012000aca0000, 0x000012000c200000, 0x0000120020200000)
[18.559s][debug][gc,heap        ] GC(370)    the space 21888K,   9% used [0x000012000aca0000, 0x000012000aea5fe0, 0x000012000aea6000, 0x000012000c200000)
[18.559s][debug][gc,heap        ] GC(370)  Metaspace       used 369K, committed 512K, reserved 1114112K
[18.559s][debug][gc,heap        ] GC(370)   class space    used 63K, committed 128K, reserved 1048576K
[18.559s][debug][gc,tlab        ] GC(370) TLAB totals: thrds: 2  refills: 101 max: 51 slow allocs: 0 max 0 waste:  0.4% gc: 35184B max: 35184B slow: 2936B max: 1688B
[18.559s][debug][gc,ref         ] GC(370) Skipped SoftWeakFinalRefsPhase of Reference Processing: no references
[18.559s][debug][gc,ref         ] GC(370) Skipped KeepAliveFinalRefsPhase of Reference Processing: no references
[18.559s][debug][gc,ref         ] GC(370) Skipped PhantomRefsPhase of Reference Processing: no references
[18.559s][debug][gc,phases,ref  ] GC(370) Reference Processing: 0.0ms
[18.559s][debug][gc,phases,ref  ] GC(370)   Notify Soft/WeakReferences: 0.0ms
[18.559s][debug][gc,phases,ref  ] GC(370)     SoftRef: skipped
[18.559s][debug][gc,phases,ref  ] GC(370)     WeakRef: skipped
[18.559s][debug][gc,phases,ref  ] GC(370)     FinalRef: skipped
[18.559s][debug][gc,phases,ref  ] GC(370)     Total: skipped
[18.559s][debug][gc,phases,ref  ] GC(370)   Notify and keep alive finalizable: 0.0ms
[18.559s][debug][gc,phases,ref  ] GC(370)     FinalRef: skipped
[18.559s][debug][gc,phases,ref  ] GC(370)   Notify PhantomReferences: 0.0ms
[18.559s][debug][gc,phases,ref  ] GC(370)     PhantomRef: skipped
[18.560s][debug][gc,phases,ref  ] GC(370)   SoftReference Discovered: 0, Dropped: 0, Processed: 0
[18.560s][debug][gc,phases,ref  ] GC(370)   WeakReference Discovered: 0, Dropped: 0, Processed: 0
[18.560s][debug][gc,phases,ref  ] GC(370)   FinalReference Discovered: 0, Dropped: 0, Processed: 0
[18.560s][debug][gc,phases,ref  ] GC(370)   PhantomReference Discovered: 0, Dropped: 0, Processed: 0
[18.560s][debug][gc,age         ] GC(370) Desired survivor size 557056 bytes, new threshold 15 (max threshold 15)
[18.560s][info ][gc,heap        ] GC(370) DefNew: 8832K(9920K)->0K(9920K) Eden: 8832K(8832K)->0K(8832K) From: 0K(1088K)->0K(1088K)
[18.560s][info ][gc,heap        ] GC(370) Tenured: 2071K(21888K)->2071K(21888K)
[18.560s][info ][gc,metaspace   ] GC(370) Metaspace: 369K(512K)->369K(512K) NonClass: 306K(384K)->306K(384K) Class: 63K(128K)->63K(128K)
[18.560s][debug][gc,heap        ] GC(370) Heap after GC invocations=371 (full 10):
[18.560s][debug][gc,heap        ] GC(370)  def new generation   total 9920K, used 0K [0x0000120000200000, 0x0000120000cc0000, 0x000012000aca0000)
[18.560s][debug][gc,heap        ] GC(370)   eden space 8832K,   0% used [0x0000120000200000, 0x0000120000200000, 0x0000120000aa0000)
[18.560s][debug][gc,heap        ] GC(370)   from space 1088K,   0% used [0x0000120000bb0000, 0x0000120000bb0168, 0x0000120000cc0000)
[18.560s][debug][gc,heap        ] GC(370)   to   space 1088K,   0% used [0x0000120000aa0000, 0x0000120000aa0000, 0x0000120000bb0000)
[18.560s][debug][gc,heap        ] GC(370)  tenured generation   total 21888K, used 2071K [0x000012000aca0000, 0x000012000c200000, 0x0000120020200000)
[18.560s][debug][gc,heap        ] GC(370)    the space 21888K,   9% used [0x000012000aca0000, 0x000012000aea5fe0, 0x000012000aea6000, 0x000012000c200000)
[18.560s][debug][gc,heap        ] GC(370)  Metaspace       used 369K, committed 512K, reserved 1114112K
[18.560s][debug][gc,heap        ] GC(370)   class space    used 63K, committed 128K, reserved 1048576K
[18.560s][info ][gc             ] GC(370) Pause Young (Allocation Failure) 10M->2M(31M) 0.589ms
[18.560s][info ][gc,cpu         ] GC(370) User=0.00s Sys=0.00s Real=0.00s
[18.560s][info ][safepoint      ] Safepoint "GenCollectForAllocation", Time since last: 47560879 ns, Reaching safepoint: 76920 ns, Cleanup: 3395 ns, At safepoint: 631446 ns, Total: 711761 ns
[18.607s][info ][gc,start       ] GC(371) Pause Young (Allocation Failure)
[18.607s][debug][gc,heap        ] GC(371) Heap before GC invocations=371 (full 10):
[18.607s][debug][gc,heap        ] GC(371)  def new generation   total 9920K, used 8832K [0x0000120000200000, 0x0000120000cc0000, 0x000012000aca0000)
[18.607s][debug][gc,heap        ] GC(371)   eden space 8832K, 100% used [0x0000120000200000, 0x0000120000aa0000, 0x0000120000aa0000)
[18.607s][debug][gc,heap        ] GC(371)   from space 1088K,   0% used [0x0000120000bb0000, 0x0000120000bb0168, 0x0000120000cc0000)
[18.607s][debug][gc,heap        ] GC(371)   to   space 1088K,   0% used [0x0000120000aa0000, 0x0000120000aa0000, 0x0000120000bb0000)
[18.607s][debug][gc,heap        ] GC(371)  tenured generation   total 21888K, used 2071K [0x000012000aca0000, 0x000012000c200000, 0x0000120020200000)
[18.607s][debug][gc,heap        ] GC(371)    the space 21888K,   9% used [0x000012000aca0000, 0x000012000aea5fe0, 0x000012000aea6000, 0x000012000c200000)
[18.607s][debug][gc,heap        ] GC(371)  Metaspace       used 369K, committed 512K, reserved 1114112K
[18.607s][debug][gc,heap        ] GC(371)   class space    used 63K, committed 128K, reserved 1048576K
[18.607s][debug][gc,tlab        ] GC(371) TLAB totals: thrds: 2  refills: 101 max: 51 slow allocs: 0 max 0 waste:  0.7% gc: 59464B max: 59464B slow: 3176B max: 1688B
[18.608s][debug][gc,ref         ] GC(371) Skipped SoftWeakFinalRefsPhase of Reference Processing: no references
[18.608s][debug][gc,ref         ] GC(371) Skipped KeepAliveFinalRefsPhase of Reference Processing: no references
[18.608s][debug][gc,ref         ] GC(371) Skipped PhantomRefsPhase of Reference Processing: no references
[18.608s][debug][gc,phases,ref  ] GC(371) Reference Processing: 0.0ms
[18.608s][debug][gc,phases,ref  ] GC(371)   Notify Soft/WeakReferences: 0.0ms
[18.608s][debug][gc,phases,ref  ] GC(371)     SoftRef: skipped
[18.608s][debug][gc,phases,ref  ] GC(371)     WeakRef: skipped
[18.608s][debug][gc,phases,ref  ] GC(371)     FinalRef: skipped
[18.608s][debug][gc,phases,ref  ] GC(371)     Total: skipped
[18.608s][debug][gc,phases,ref  ] GC(371)   Notify and keep alive finalizable: 0.0ms
[18.608s][debug][gc,phases,ref  ] GC(371)     FinalRef: skipped
[18.608s][debug][gc,phases,ref  ] GC(371)   Notify PhantomReferences: 0.0ms
[18.608s][debug][gc,phases,ref  ] GC(371)     PhantomRef: skipped
[18.608s][debug][gc,phases,ref  ] GC(371)   SoftReference Discovered: 0, Dropped: 0, Processed: 0
[18.608s][debug][gc,phases,ref  ] GC(371)   WeakReference Discovered: 0, Dropped: 0, Processed: 0
[18.608s][debug][gc,phases,ref  ] GC(371)   FinalReference Discovered: 0, Dropped: 0, Processed: 0
[18.608s][debug][gc,phases,ref  ] GC(371)   PhantomReference Discovered: 0, Dropped: 0, Processed: 0
[18.608s][debug][gc,age         ] GC(371) Desired survivor size 557056 bytes, new threshold 15 (max threshold 15)
[18.608s][info ][gc,heap        ] GC(371) DefNew: 8832K(9920K)->0K(9920K) Eden: 8832K(8832K)->0K(8832K) From: 0K(1088K)->0K(1088K)
[18.608s][info ][gc,heap        ] GC(371) Tenured: 2071K(21888K)->2071K(21888K)
[18.608s][info ][gc,metaspace   ] GC(371) Metaspace: 369K(512K)->369K(512K) NonClass: 306K(384K)->306K(384K) Class: 63K(128K)->63K(128K)
[18.608s][debug][gc,heap        ] GC(371) Heap after GC invocations=372 (full 10):
[18.608s][debug][gc,heap        ] GC(371)  def new generation   total 9920K, used 0K [0x0000120000200000, 0x0000120000cc0000, 0x000012000aca0000)
[18.608s][debug][gc,heap        ] GC(371)   eden space 8832K,   0% used [0x0000120000200000, 0x0000120000200000, 0x0000120000aa0000)
[18.608s][debug][gc,heap        ] GC(371)   from space 1088K,   0% used [0x0000120000aa0000, 0x0000120000aa0130, 0x0000120000bb0000)
[18.608s][debug][gc,heap        ] GC(371)   to   space 1088K,   0% used [0x0000120000bb0000, 0x0000120000bb0000, 0x0000120000cc0000)
[18.608s][debug][gc,heap        ] GC(371)  tenured generation   total 21888K, used 2071K [0x000012000aca0000, 0x000012000c200000, 0x0000120020200000)
[18.608s][debug][gc,heap        ] GC(371)    the space 21888K,   9% used [0x000012000aca0000, 0x000012000aea5fe0, 0x000012000aea6000, 0x000012000c200000)
[18.608s][debug][gc,heap        ] GC(371)  Metaspace       used 369K, committed 512K, reserved 1114112K
[18.608s][debug][gc,heap        ] GC(371)   class space    used 63K, committed 128K, reserved 1048576K
[18.608s][info ][gc             ] GC(371) Pause Young (Allocation Failure) 10M->2M(31M) 0.706ms
[18.608s][info ][gc,cpu         ] GC(371) User=0.00s Sys=0.00s Real=0.00s
[18.608s][info ][safepoint      ] Safepoint "GenCollectForAllocation", Time since last: 47486026 ns, Reaching safepoint: 3590 ns, Cleanup: 3783 ns, At safepoint: 751375 ns, Total: 758748 ns
[18.657s][info ][gc,start       ] GC(372) Pause Young (Allocation Failure)
[18.658s][debug][gc,heap        ] GC(372) Heap before GC invocations=372 (full 10):
[18.658s][debug][gc,heap        ] GC(372)  def new generation   total 9920K, used 8832K [0x0000120000200000, 0x0000120000cc0000, 0x000012000aca0000)
[18.658s][debug][gc,heap        ] GC(372)   eden space 8832K, 100% used [0x0000120000200000, 0x0000120000aa0000, 0x0000120000aa0000)
[18.658s][debug][gc,heap        ] GC(372)   from space 1088K,   0% used [0x0000120000aa0000, 0x0000120000aa0130, 0x0000120000bb0000)
[18.658s][debug][gc,heap        ] GC(372)   to   space 1088K,   0% used [0x0000120000bb0000, 0x0000120000bb0000, 0x0000120000cc0000)
[18.658s][debug][gc,heap        ] GC(372)  tenured generation   total 21888K, used 2071K [0x000012000aca0000, 0x000012000c200000, 0x0000120020200000)
[18.658s][debug][gc,heap        ] GC(372)    the space 21888K,   9% used [0x000012000aca0000, 0x000012000aea5fe0, 0x000012000aea6000, 0x000012000c200000)
[18.658s][debug][gc,heap        ] GC(372)  Metaspace       used 369K, committed 512K, reserved 1114112K
[18.658s][debug][gc,heap        ] GC(372)   class space    used 63K, committed 128K, reserved 1048576K
[18.658s][debug][gc,tlab        ] GC(372) TLAB totals: thrds: 2  refills: 101 max: 53 slow allocs: 0 max 0 waste:  0.1% gc: 4216B max: 4216B slow: 2368B max: 1200B
[18.658s][debug][gc,ref         ] GC(372) Skipped SoftWeakFinalRefsPhase of Reference Processing: no references
[18.658s][debug][gc,ref         ] GC(372) Skipped KeepAliveFinalRefsPhase of Reference Processing: no references
[18.658s][debug][gc,ref         ] GC(372) Skipped PhantomRefsPhase of Reference Processing: no references
[18.658s][debug][gc,phases,ref  ] GC(372) Reference Processing: 0.0ms
[18.658s][debug][gc,phases,ref  ] GC(372)   Notify Soft/WeakReferences: 0.0ms
[18.658s][debug][gc,phases,ref  ] GC(372)     SoftRef: skipped
[18.658s][debug][gc,phases,ref  ] GC(372)     WeakRef: skipped
[18.658s][debug][gc,phases,ref  ] GC(372)     FinalRef: skipped
[18.658s][debug][gc,phases,ref  ] GC(372)     Total: skipped
[18.658s][debug][gc,phases,ref  ] GC(372)   Notify and keep alive finalizable: 0.0ms
[18.658s][debug][gc,phases,ref  ] GC(372)     FinalRef: skipped
[18.658s][debug][gc,phases,ref  ] GC(372)   Notify PhantomReferences: 0.0ms
[18.658s][debug][gc,phases,ref  ] GC(372)     PhantomRef: skipped
[18.658s][debug][gc,phases,ref  ] GC(372)   SoftReference Discovered: 0, Dropped: 0, Processed: 0
[18.658s][debug][gc,phases,ref  ] GC(372)   WeakReference Discovered: 0, Dropped: 0, Processed: 0
[18.658s][debug][gc,phases,ref  ] GC(372)   FinalReference Discovered: 0, Dropped: 0, Processed: 0
[18.658s][debug][gc,phases,ref  ] GC(372)   PhantomReference Discovered: 0, Dropped: 0, Processed: 0
[18.658s][debug][gc,age         ] GC(372) Desired survivor size 557056 bytes, new threshold 15 (max threshold 15)
[18.658s][info ][gc,heap        ] GC(372) DefNew: 8832K(9920K)->0K(9920K) Eden: 8832K(8832K)->0K(8832K) From: 0K(1088K)->0K(1088K)
[18.658s][info ][gc,heap        ] GC(372) Tenured: 2071K(21888K)->2071K(21888K)
[18.658s][info ][gc,metaspace   ] GC(372) Metaspace: 369K(512K)->369K(512K) NonClass: 306K(384K)->306K(384K) Class: 63K(128K)->63K(128K)
[18.658s][debug][gc,heap        ] GC(372) Heap after GC invocations=373 (full 10):
[18.658s][debug][gc,heap        ] GC(372)  def new generation   total 9920K, used 0K [0x0000120000200000, 0x0000120000cc0000, 0x000012000aca0000)
[18.658s][debug][gc,heap        ] GC(372)   eden space 8832K,   0% used [0x0000120000200000, 0x0000120000200000, 0x0000120000aa0000)
[18.658s][debug][gc,heap        ] GC(372)   from space 1088K,   0% used [0x0000120000bb0000, 0x0000120000bb0190, 0x0000120000cc0000)
[18.658s][debug][gc,heap        ] GC(372)   to   space 1088K,   0% used [0x0000120000aa0000, 0x0000120000aa0000, 0x0000120000bb0000)
[18.658s][debug][gc,heap        ] GC(372)  tenured generation   total 21888K, used 2071K [0x000012000aca0000, 0x000012000c200000, 0x0000120020200000)
[18.658s][debug][gc,heap        ] GC(372)    the space 21888K,   9% used [0x000012000aca0000, 0x000012000aea5fe0, 0x000012000aea6000, 0x000012000c200000)
[18.658s][debug][gc,heap        ] GC(372)  Metaspace       used 369K, committed 512K, reserved 1114112K
[18.658s][debug][gc,heap        ] GC(372)   class space    used 63K, committed 128K, reserved 1048576K
[18.658s][info ][gc             ] GC(372) Pause Young (Allocation Failure) 10M->2M(31M) 0.583ms
[18.658s][info ][gc,cpu         ] GC(372) User=0.00s Sys=0.00s Real=0.00s
[18.658s][info ][safepoint      ] Safepoint "GenCollectForAllocation", Time since last: 49369771 ns, Reaching safepoint: 76676 ns, Cleanup: 3375 ns, At safepoint: 626639 ns, Total: 706690 ns
[18.706s][info ][gc,start       ] GC(373) Pause Young (Allocation Failure)
[18.706s][debug][gc,heap        ] GC(373) Heap before GC invocations=373 (full 10):
[18.706s][debug][gc,heap        ] GC(373)  def new generation   total 9920K, used 8832K [0x0000120000200000, 0x0000120000cc0000, 0x000012000aca0000)
[18.706s][debug][gc,heap        ] GC(373)   eden space 8832K, 100% used [0x0000120000200000, 0x0000120000aa0000, 0x0000120000aa0000)
[18.706s][debug][gc,heap        ] GC(373)   from space 1088K,   0% used [0x0000120000bb0000, 0x0000120000bb0190, 0x0000120000cc0000)
[18.706s][debug][gc,heap        ] GC(373)   to   space 1088K,   0% used [0x0000120000aa0000, 0x0000120000aa0000, 0x0000120000bb0000)
[18.706s][debug][gc,heap        ] GC(373)  tenured generation   total 21888K, used 2071K [0x000012000aca0000, 0x000012000c200000, 0x0000120020200000)
[18.706s][debug][gc,heap        ] GC(373)    the space 21888K,   9% used [0x000012000aca0000, 0x000012000aea5fe0, 0x000012000aea6000, 0x000012000c200000)
[18.706s][debug][gc,heap        ] GC(373)  Metaspace       used 369K, committed 512K, reserved 1114112K
[18.706s][debug][gc,heap        ] GC(373)   class space    used 63K, committed 128K, reserved 1048576K
[18.706s][debug][gc,tlab        ] GC(373) TLAB totals: thrds: 2  refills: 101 max: 51 slow allocs: 0 max 0 waste:  0.1% gc: 9224B max: 9224B slow: 2608B max: 1336B
[18.706s][debug][gc,ref         ] GC(373) Skipped SoftWeakFinalRefsPhase of Reference Processing: no references
[18.706s][debug][gc,ref         ] GC(373) Skipped KeepAliveFinalRefsPhase of Reference Processing: no references
[18.706s][debug][gc,ref         ] GC(373) Skipped PhantomRefsPhase of Reference Processing: no references
[18.706s][debug][gc,phases,ref  ] GC(373) Reference Processing: 0.0ms
[18.706s][debug][gc,phases,ref  ] GC(373)   Notify Soft/WeakReferences: 0.0ms
[18.706s][debug][gc,phases,ref  ] GC(373)     SoftRef: skipped
[18.706s][debug][gc,phases,ref  ] GC(373)     WeakRef: skipped
[18.706s][debug][gc,phases,ref  ] GC(373)     FinalRef: skipped
[18.706s][debug][gc,phases,ref  ] GC(373)     Total: skipped
[18.706s][debug][gc,phases,ref  ] GC(373)   Notify and keep alive finalizable: 0.0ms
[18.706s][debug][gc,phases,ref  ] GC(373)     FinalRef: skipped
[18.706s][debug][gc,phases,ref  ] GC(373)   Notify PhantomReferences: 0.0ms
[18.706s][debug][gc,phases,ref  ] GC(373)     PhantomRef: skipped
[18.706s][debug][gc,phases,ref  ] GC(373)   SoftReference Discovered: 0, Dropped: 0, Processed: 0
[18.706s][debug][gc,phases,ref  ] GC(373)   WeakReference Discovered: 0, Dropped: 0, Processed: 0
[18.706s][debug][gc,phases,ref  ] GC(373)   FinalReference Discovered: 0, Dropped: 0, Processed: 0
[18.706s][debug][gc,phases,ref  ] GC(373)   PhantomReference Discovered: 0, Dropped: 0, Processed: 0
[18.706s][debug][gc,age         ] GC(373) Desired survivor size 557056 bytes, new threshold 15 (max threshold 15)
[18.706s][info ][gc,heap        ] GC(373) DefNew: 8832K(9920K)->0K(9920K) Eden: 8832K(8832K)->0K(8832K) From: 0K(1088K)->0K(1088K)
[18.706s][info ][gc,heap        ] GC(373) Tenured: 2071K(21888K)->2071K(21888K)
[18.706s][info ][gc,metaspace   ] GC(373) Metaspace: 369K(512K)->369K(512K) NonClass: 306K(384K)->306K(384K) Class: 63K(128K)->63K(128K)
[18.706s][debug][gc,heap        ] GC(373) Heap after GC invocations=374 (full 10):
[18.706s][debug][gc,heap        ] GC(373)  def new generation   total 9920K, used 0K [0x0000120000200000, 0x0000120000cc0000, 0x000012000aca0000)
[18.706s][debug][gc,heap        ] GC(373)   eden space 8832K,   0% used [0x0000120000200000, 0x0000120000200000, 0x0000120000aa0000)
[18.706s][debug][gc,heap        ] GC(373)   from space 1088K,   0% used [0x0000120000aa0000, 0x0000120000aa0100, 0x0000120000bb0000)
[18.706s][debug][gc,heap        ] GC(373)   to   space 1088K,   0% used [0x0000120000bb0000, 0x0000120000bb0000, 0x0000120000cc0000)
[18.706s][debug][gc,heap        ] GC(373)  tenured generation   total 21888K, used 2071K [0x000012000aca0000, 0x000012000c200000, 0x0000120020200000)
[18.706s][debug][gc,heap        ] GC(373)    the space 21888K,   9% used [0x000012000aca0000, 0x000012000aea5fe0, 0x000012000aea6000, 0x000012000c200000)
[18.706s][debug][gc,heap        ] GC(373)  Metaspace       used 369K, committed 512K, reserved 1114112K
[18.706s][debug][gc,heap        ] GC(373)   class space    used 63K, committed 128K, reserved 1048576K
[18.706s][info ][gc             ] GC(373) Pause Young (Allocation Failure) 10M->2M(31M) 0.584ms
[18.706s][info ][gc,cpu         ] GC(373) User=0.00s Sys=0.00s Real=0.00s
[18.706s][info ][safepoint      ] Safepoint "GenCollectForAllocation", Time since last: 47571859 ns, Reaching safepoint: 3519 ns, Cleanup: 3947 ns, At safepoint: 658962 ns, Total: 666428 ns
[18.764s][info ][gc,start       ] GC(374) Pause Young (Allocation Failure)
[18.764s][debug][gc,heap        ] GC(374) Heap before GC invocations=374 (full 10):
[18.764s][debug][gc,heap        ] GC(374)  def new generation   total 9920K, used 8832K [0x0000120000200000, 0x0000120000cc0000, 0x000012000aca0000)
[18.764s][debug][gc,heap        ] GC(374)   eden space 8832K, 100% used [0x0000120000200000, 0x0000120000aa0000, 0x0000120000aa0000)
[18.765s][debug][gc,heap        ] GC(374)   from space 1088K,   0% used [0x0000120000aa0000, 0x0000120000aa0100, 0x0000120000bb0000)
[18.765s][debug][gc,heap        ] GC(374)   to   space 1088K,   0% used [0x0000120000bb0000, 0x0000120000bb0000, 0x0000120000cc0000)
[18.765s][debug][gc,heap        ] GC(374)  tenured generation   total 21888K, used 2071K [0x000012000aca0000, 0x000012000c200000, 0x0000120020200000)
[18.765s][debug][gc,heap        ] GC(374)    the space 21888K,   9% used [0x000012000aca0000, 0x000012000aea5fe0, 0x000012000aea6000, 0x000012000c200000)
[18.765s][debug][gc,heap        ] GC(374)  Metaspace       used 369K, committed 512K, reserved 1114112K
[18.765s][debug][gc,heap        ] GC(374)   class space    used 63K, committed 128K, reserved 1048576K
[18.765s][debug][gc,tlab        ] GC(374) TLAB totals: thrds: 2  refills: 100 max: 61 slow allocs: 0 max 0 waste:  0.0% gc: 0B max: 0B slow: 2640B max: 1648B
[18.765s][debug][gc,ref         ] GC(374) Skipped SoftWeakFinalRefsPhase of Reference Processing: no references
[18.765s][debug][gc,ref         ] GC(374) Skipped KeepAliveFinalRefsPhase of Reference Processing: no references
[18.765s][debug][gc,ref         ] GC(374) Skipped PhantomRefsPhase of Reference Processing: no references
[18.765s][debug][gc,phases,ref  ] GC(374) Reference Processing: 0.0ms
[18.765s][debug][gc,phases,ref  ] GC(374)   Notify Soft/WeakReferences: 0.0ms
[18.765s][debug][gc,phases,ref  ] GC(374)     SoftRef: skipped
[18.765s][debug][gc,phases,ref  ] GC(374)     WeakRef: skipped
[18.765s][debug][gc,phases,ref  ] GC(374)     FinalRef: skipped
[18.765s][debug][gc,phases,ref  ] GC(374)     Total: skipped
[18.765s][debug][gc,phases,ref  ] GC(374)   Notify and keep alive finalizable: 0.0ms
[18.765s][debug][gc,phases,ref  ] GC(374)     FinalRef: skipped
[18.765s][debug][gc,phases,ref  ] GC(374)   Notify PhantomReferences: 0.0ms
[18.765s][debug][gc,phases,ref  ] GC(374)     PhantomRef: skipped
[18.765s][debug][gc,phases,ref  ] GC(374)   SoftReference Discovered: 0, Dropped: 0, Processed: 0
[18.765s][debug][gc,phases,ref  ] GC(374)   WeakReference Discovered: 0, Dropped: 0, Processed: 0
[18.765s][debug][gc,phases,ref  ] GC(374)   FinalReference Discovered: 0, Dropped: 0, Processed: 0
[18.765s][debug][gc,phases,ref  ] GC(374)   PhantomReference Discovered: 0, Dropped: 0, Processed: 0
[18.765s][debug][gc,age         ] GC(374) Desired survivor size 557056 bytes, new threshold 15 (max threshold 15)
[18.765s][info ][gc,heap        ] GC(374) DefNew: 8832K(9920K)->0K(9920K) Eden: 8832K(8832K)->0K(8832K) From: 0K(1088K)->0K(1088K)
[18.765s][info ][gc,heap        ] GC(374) Tenured: 2071K(21888K)->2071K(21888K)
[18.765s][info ][gc,metaspace   ] GC(374) Metaspace: 369K(512K)->369K(512K) NonClass: 306K(384K)->306K(384K) Class: 63K(128K)->63K(128K)
[18.765s][debug][gc,heap        ] GC(374) Heap after GC invocations=375 (full 10):
[18.765s][debug][gc,heap        ] GC(374)  def new generation   total 9920K, used 0K [0x0000120000200000, 0x0000120000cc0000, 0x000012000aca0000)
[18.765s][debug][gc,heap        ] GC(374)   eden space 8832K,   0% used [0x0000120000200000, 0x0000120000200000, 0x0000120000aa0000)
[18.765s][debug][gc,heap        ] GC(374)   from space 1088K,   0% used [0x0000120000bb0000, 0x0000120000bb0130, 0x0000120000cc0000)
[18.765s][debug][gc,heap        ] GC(374)   to   space 1088K,   0% used [0x0000120000aa0000, 0x0000120000aa0000, 0x0000120000bb0000)
[18.765s][debug][gc,heap        ] GC(374)  tenured generation   total 21888K, used 2071K [0x000012000aca0000, 0x000012000c200000, 0x0000120020200000)
[18.765s][debug][gc,heap        ] GC(374)    the space 21888K,   9% used [0x000012000aca0000, 0x000012000aea5fe0, 0x000012000aea6000, 0x000012000c200000)
[18.765s][debug][gc,heap        ] GC(374)  Metaspace       used 369K, committed 512K, reserved 1114112K
[18.765s][debug][gc,heap        ] GC(374)   class space    used 63K, committed 128K, reserved 1048576K
[18.765s][info ][gc             ] GC(374) Pause Young (Allocation Failure) 10M->2M(31M) 0.621ms
[18.765s][info ][gc,cpu         ] GC(374) User=0.00s Sys=0.00s Real=0.00s
[18.765s][info ][safepoint      ] Safepoint "GenCollectForAllocation", Time since last: 58080239 ns, Reaching safepoint: 3025 ns, Cleanup: 3536 ns, At safepoint: 660220 ns, Total: 666781 ns
[18.812s][info ][gc,start       ] GC(375) Pause Young (Allocation Failure)
[18.812s][debug][gc,heap        ] GC(375) Heap before GC invocations=375 (full 10):
[18.812s][debug][gc,heap        ] GC(375)  def new generation   total 9920K, used 8832K [0x0000120000200000, 0x0000120000cc0000, 0x000012000aca0000)
[18.812s][debug][gc,heap        ] GC(375)   eden space 8832K, 100% used [0x0000120000200000, 0x0000120000aa0000, 0x0000120000aa0000)
[18.812s][debug][gc,heap        ] GC(375)   from space 1088K,   0% used [0x0000120000bb0000, 0x0000120000bb0130, 0x0000120000cc0000)
[18.812s][debug][gc,heap        ] GC(375)   to   space 1088K,   0% used [0x0000120000aa0000, 0x0000120000aa0000, 0x0000120000bb0000)
[18.812s][debug][gc,heap        ] GC(375)  tenured generation   total 21888K, used 2071K [0x000012000aca0000, 0x000012000c200000, 0x0000120020200000)
[18.812s][debug][gc,heap        ] GC(375)    the space 21888K,   9% used [0x000012000aca0000, 0x000012000aea5fe0, 0x000012000aea6000, 0x000012000c200000)
[18.812s][debug][gc,heap        ] GC(375)  Metaspace       used 369K, committed 512K, reserved 1114112K
[18.812s][debug][gc,heap        ] GC(375)   class space    used 63K, committed 128K, reserved 1048576K
[18.812s][debug][gc,tlab        ] GC(375) TLAB totals: thrds: 2  refills: 101 max: 55 slow allocs: 0 max 0 waste:  0.2% gc: 15440B max: 15440B slow: 2816B max: 1472B
[18.812s][debug][gc,ref         ] GC(375) Skipped SoftWeakFinalRefsPhase of Reference Processing: no references
[18.812s][debug][gc,ref         ] GC(375) Skipped KeepAliveFinalRefsPhase of Reference Processing: no references
[18.812s][debug][gc,ref         ] GC(375) Skipped PhantomRefsPhase of Reference Processing: no references
[18.812s][debug][gc,phases,ref  ] GC(375) Reference Processing: 0.0ms
[18.812s][debug][gc,phases,ref  ] GC(375)   Notify Soft/WeakReferences: 0.0ms
[18.812s][debug][gc,phases,ref  ] GC(375)     SoftRef: skipped
[18.812s][debug][gc,phases,ref  ] GC(375)     WeakRef: skipped
[18.812s][debug][gc,phases,ref  ] GC(375)     FinalRef: skipped
[18.812s][debug][gc,phases,ref  ] GC(375)     Total: skipped
[18.812s][debug][gc,phases,ref  ] GC(375)   Notify and keep alive finalizable: 0.0ms
[18.812s][debug][gc,phases,ref  ] GC(375)     FinalRef: skipped
[18.812s][debug][gc,phases,ref  ] GC(375)   Notify PhantomReferences: 0.0ms
[18.812s][debug][gc,phases,ref  ] GC(375)     PhantomRef: skipped
[18.812s][debug][gc,phases,ref  ] GC(375)   SoftReference Discovered: 0, Dropped: 0, Processed: 0
[18.812s][debug][gc,phases,ref  ] GC(375)   WeakReference Discovered: 0, Dropped: 0, Processed: 0
[18.812s][debug][gc,phases,ref  ] GC(375)   FinalReference Discovered: 0, Dropped: 0, Processed: 0
[18.812s][debug][gc,phases,ref  ] GC(375)   PhantomReference Discovered: 0, Dropped: 0, Processed: 0
[18.812s][debug][gc,age         ] GC(375) Desired survivor size 557056 bytes, new threshold 15 (max threshold 15)
[18.812s][info ][gc,heap        ] GC(375) DefNew: 8832K(9920K)->0K(9920K) Eden: 8832K(8832K)->0K(8832K) From: 0K(1088K)->0K(1088K)
[18.812s][info ][gc,heap        ] GC(375) Tenured: 2071K(21888K)->2071K(21888K)
[18.812s][info ][gc,metaspace   ] GC(375) Metaspace: 369K(512K)->369K(512K) NonClass: 306K(384K)->306K(384K) Class: 63K(128K)->63K(128K)
[18.812s][debug][gc,heap        ] GC(375) Heap after GC invocations=376 (full 10):
[18.812s][debug][gc,heap        ] GC(375)  def new generation   total 9920K, used 0K [0x0000120000200000, 0x0000120000cc0000, 0x000012000aca0000)
[18.813s][debug][gc,heap        ] GC(375)   eden space 8832K,   0% used [0x0000120000200000, 0x0000120000200000, 0x0000120000aa0000)
[18.813s][debug][gc,heap        ] GC(375)   from space 1088K,   0% used [0x0000120000aa0000, 0x0000120000aa00e8, 0x0000120000bb0000)
[18.813s][debug][gc,heap        ] GC(375)   to   space 1088K,   0% used [0x0000120000bb0000, 0x0000120000bb0000, 0x0000120000cc0000)
[18.813s][debug][gc,heap        ] GC(375)  tenured generation   total 21888K, used 2071K [0x000012000aca0000, 0x000012000c200000, 0x0000120020200000)
[18.813s][debug][gc,heap        ] GC(375)    the space 21888K,   9% used [0x000012000aca0000, 0x000012000aea5fe0, 0x000012000aea6000, 0x000012000c200000)
[18.813s][debug][gc,heap        ] GC(375)  Metaspace       used 369K, committed 512K, reserved 1114112K
[18.813s][debug][gc,heap        ] GC(375)   class space    used 63K, committed 128K, reserved 1048576K
[18.813s][info ][gc             ] GC(375) Pause Young (Allocation Failure) 10M->2M(31M) 0.578ms
[18.813s][info ][gc,cpu         ] GC(375) User=0.00s Sys=0.00s Real=0.00s
[18.813s][info ][safepoint      ] Safepoint "GenCollectForAllocation", Time since last: 46837871 ns, Reaching safepoint: 77061 ns, Cleanup: 3395 ns, At safepoint: 621777 ns, Total: 702233 ns
[18.860s][info ][gc,start       ] GC(376) Pause Young (Allocation Failure)
[18.860s][debug][gc,heap        ] GC(376) Heap before GC invocations=376 (full 10):
[18.860s][debug][gc,heap        ] GC(376)  def new generation   total 9920K, used 8832K [0x0000120000200000, 0x0000120000cc0000, 0x000012000aca0000)
[18.860s][debug][gc,heap        ] GC(376)   eden space 8832K, 100% used [0x0000120000200000, 0x0000120000aa0000, 0x0000120000aa0000)
[18.860s][debug][gc,heap        ] GC(376)   from space 1088K,   0% used [0x0000120000aa0000, 0x0000120000aa00e8, 0x0000120000bb0000)
[18.860s][debug][gc,heap        ] GC(376)   to   space 1088K,   0% used [0x0000120000bb0000, 0x0000120000bb0000, 0x0000120000cc0000)
[18.860s][debug][gc,heap        ] GC(376)  tenured generation   total 21888K, used 2071K [0x000012000aca0000, 0x000012000c200000, 0x0000120020200000)
[18.860s][debug][gc,heap        ] GC(376)    the space 21888K,   9% used [0x000012000aca0000, 0x000012000aea5fe0, 0x000012000aea6000, 0x000012000c200000)
[18.860s][debug][gc,heap        ] GC(376)  Metaspace       used 369K, committed 512K, reserved 1114112K
[18.860s][debug][gc,heap        ] GC(376)   class space    used 63K, committed 128K, reserved 1048576K
[18.860s][debug][gc,tlab        ] GC(376) TLAB totals: thrds: 2  refills: 101 max: 53 slow allocs: 0 max 0 waste:  0.2% gc: 19184B max: 19184B slow: 2864B max: 1448B
[18.860s][debug][gc,ref         ] GC(376) Skipped SoftWeakFinalRefsPhase of Reference Processing: no references
[18.860s][debug][gc,ref         ] GC(376) Skipped KeepAliveFinalRefsPhase of Reference Processing: no references
[18.860s][debug][gc,ref         ] GC(376) Skipped PhantomRefsPhase of Reference Processing: no references
[18.860s][debug][gc,phases,ref  ] GC(376) Reference Processing: 0.0ms
[18.860s][debug][gc,phases,ref  ] GC(376)   Notify Soft/WeakReferences: 0.0ms
[18.860s][debug][gc,phases,ref  ] GC(376)     SoftRef: skipped
[18.860s][debug][gc,phases,ref  ] GC(376)     WeakRef: skipped
[18.860s][debug][gc,phases,ref  ] GC(376)     FinalRef: skipped
[18.860s][debug][gc,phases,ref  ] GC(376)     Total: skipped
[18.860s][debug][gc,phases,ref  ] GC(376)   Notify and keep alive finalizable: 0.0ms
[18.860s][debug][gc,phases,ref  ] GC(376)     FinalRef: skipped
[18.860s][debug][gc,phases,ref  ] GC(376)   Notify PhantomReferences: 0.0ms
[18.860s][debug][gc,phases,ref  ] GC(376)     PhantomRef: skipped
[18.860s][debug][gc,phases,ref  ] GC(376)   SoftReference Discovered: 0, Dropped: 0, Processed: 0
[18.860s][debug][gc,phases,ref  ] GC(376)   WeakReference Discovered: 0, Dropped: 0, Processed: 0
[18.860s][debug][gc,phases,ref  ] GC(376)   FinalReference Discovered: 0, Dropped: 0, Processed: 0
[18.860s][debug][gc,phases,ref  ] GC(376)   PhantomReference Discovered: 0, Dropped: 0, Processed: 0
[18.860s][debug][gc,age         ] GC(376) Desired survivor size 557056 bytes, new threshold 15 (max threshold 15)
[18.860s][info ][gc,heap        ] GC(376) DefNew: 8832K(9920K)->0K(9920K) Eden: 8832K(8832K)->0K(8832K) From: 0K(1088K)->0K(1088K)
[18.860s][info ][gc,heap        ] GC(376) Tenured: 2071K(21888K)->2071K(21888K)
[18.860s][info ][gc,metaspace   ] GC(376) Metaspace: 369K(512K)->369K(512K) NonClass: 306K(384K)->306K(384K) Class: 63K(128K)->63K(128K)
[18.860s][debug][gc,heap        ] GC(376) Heap after GC invocations=377 (full 10):
[18.860s][debug][gc,heap        ] GC(376)  def new generation   total 9920K, used 0K [0x0000120000200000, 0x0000120000cc0000, 0x000012000aca0000)
[18.860s][debug][gc,heap        ] GC(376)   eden space 8832K,   0% used [0x0000120000200000, 0x0000120000200000, 0x0000120000aa0000)
[18.860s][debug][gc,heap        ] GC(376)   from space 1088K,   0% used [0x0000120000bb0000, 0x0000120000bb0170, 0x0000120000cc0000)
[18.860s][debug][gc,heap        ] GC(376)   to   space 1088K,   0% used [0x0000120000aa0000, 0x0000120000aa0000, 0x0000120000bb0000)
[18.860s][debug][gc,heap        ] GC(376)  tenured generation   total 21888K, used 2071K [0x000012000aca0000, 0x000012000c200000, 0x0000120020200000)
[18.860s][debug][gc,heap        ] GC(376)    the space 21888K,   9% used [0x000012000aca0000, 0x000012000aea5fe0, 0x000012000aea6000, 0x000012000c200000)
[18.860s][debug][gc,heap        ] GC(376)  Metaspace       used 369K, committed 512K, reserved 1114112K
[18.860s][debug][gc,heap        ] GC(376)   class space    used 63K, committed 128K, reserved 1048576K
[18.860s][info ][gc             ] GC(376) Pause Young (Allocation Failure) 10M->2M(31M) 0.589ms
[18.860s][info ][gc,cpu         ] GC(376) User=0.00s Sys=0.00s Real=0.00s
[18.860s][info ][safepoint      ] Safepoint "GenCollectForAllocation", Time since last: 46998727 ns, Reaching safepoint: 3602 ns, Cleanup: 3584 ns, At safepoint: 635165 ns, Total: 642351 ns
[18.890s][info ][gc,start       ] GC(377) Pause Full (System.gc())
[18.890s][debug][gc,heap        ] GC(377) Heap before GC invocations=377 (full 10):
[18.890s][debug][gc,heap        ] GC(377)  def new generation   total 9920K, used 5712K [0x0000120000200000, 0x0000120000cc0000, 0x000012000aca0000)
[18.890s][debug][gc,heap        ] GC(377)   eden space 8832K,  64% used [0x0000120000200000, 0x00001200007940c0, 0x0000120000aa0000)
[18.890s][debug][gc,heap        ] GC(377)   from space 1088K,   0% used [0x0000120000bb0000, 0x0000120000bb0170, 0x0000120000cc0000)
[18.890s][debug][gc,heap        ] GC(377)   to   space 1088K,   0% used [0x0000120000aa0000, 0x0000120000aa0000, 0x0000120000bb0000)
[18.890s][debug][gc,heap        ] GC(377)  tenured generation   total 21888K, used 2071K [0x000012000aca0000, 0x000012000c200000, 0x0000120020200000)
[18.890s][debug][gc,heap        ] GC(377)    the space 21888K,   9% used [0x000012000aca0000, 0x000012000aea5fe0, 0x000012000aea6000, 0x000012000c200000)
[18.890s][debug][gc,heap        ] GC(377)  Metaspace       used 369K, committed 512K, reserved 1114112K
[18.890s][debug][gc,heap        ] GC(377)   class space    used 63K, committed 128K, reserved 1048576K
[18.890s][debug][gc,tlab        ] GC(377) TLAB totals: thrds: 2  refills: 65 max: 34 slow allocs: 0 max 0 waste:  1.6% gc: 90248B max: 75408B slow: 1448B max: 768B
[18.890s][info ][gc,phases,start] GC(377) Phase 1: Mark live objects
[18.892s][debug][gc,phases,start] GC(377) Reference Processing
[18.892s][debug][gc,ref         ] GC(377) ReferenceProcessor::execute queues: 1, RefProcThreadModel::Single, marks_oops_alive: false
[18.892s][debug][gc,ref         ] GC(377) Skipped KeepAliveFinalRefsPhase of Reference Processing: no references
[18.892s][debug][gc,ref         ] GC(377) ReferenceProcessor::execute queues: 1, RefProcThreadModel::Single, marks_oops_alive: false
[18.892s][debug][gc,phases,ref  ] GC(377) Reference Processing: 0.1ms
[18.892s][debug][gc,phases,ref  ] GC(377)   Notify Soft/WeakReferences: 0.1ms
[18.892s][debug][gc,phases,ref  ] GC(377)     SoftRef: 0.0ms
[18.892s][debug][gc,phases,ref  ] GC(377)     WeakRef: 0.0ms
[18.892s][debug][gc,phases,ref  ] GC(377)     FinalRef: 0.0ms
[18.892s][debug][gc,phases,ref  ] GC(377)     Total: 0.0ms
[18.892s][debug][gc,phases,ref  ] GC(377)   Notify and keep alive finalizable: 0.0ms
[18.892s][debug][gc,phases,ref  ] GC(377)     FinalRef: skipped
[18.892s][debug][gc,phases,ref  ] GC(377)   Notify PhantomReferences: 0.0ms
[18.892s][debug][gc,phases,ref  ] GC(377)     PhantomRef: 0.0ms
[18.892s][debug][gc,phases,ref  ] GC(377)   SoftReference Discovered: 0, Dropped: 0, Processed: 0
[18.892s][debug][gc,phases,ref  ] GC(377)   WeakReference Discovered: 11, Dropped: 11, Processed: 0
[18.892s][debug][gc,phases,ref  ] GC(377)   FinalReference Discovered: 0, Dropped: 0, Processed: 0
[18.892s][debug][gc,phases,ref  ] GC(377)   PhantomReference Discovered: 4, Dropped: 4, Processed: 0
[18.892s][debug][gc,phases      ] GC(377) Reference Processing 0.121ms
[18.892s][debug][gc,phases,start] GC(377) Weak Processing
[18.892s][debug][gc,phases      ] GC(377) Weak Processing 0.020ms
[18.892s][debug][gc,phases,start] GC(377) Class Unloading
[18.892s][debug][gc,phases,start] GC(377) ClassLoaderData
[18.892s][debug][gc,phases      ] GC(377) ClassLoaderData 0.004ms
[18.892s][debug][gc,phases,start] GC(377) Trigger cleanups
[18.892s][debug][gc,phases      ] GC(377) Trigger cleanups 0.002ms
[18.892s][debug][gc,phases,start] GC(377) Purge Unlinked NMethods
[18.892s][debug][gc,phases      ] GC(377) Purge Unlinked NMethods 0.009ms
[18.892s][debug][gc,phases,start] GC(377) Unregister NMethods
[18.892s][debug][gc,phases      ] GC(377) Unregister NMethods 0.003ms
[18.892s][debug][gc,phases,start] GC(377) Free Code Blobs
[18.892s][debug][gc,phases      ] GC(377) Free Code Blobs 0.003ms
[18.892s][debug][gc,phases      ] GC(377) Class Unloading 0.060ms
[18.892s][debug][gc,phases,start] GC(377) Report Object Count
[18.892s][debug][gc,phases      ] GC(377) Report Object Count 0.003ms
[18.892s][info ][gc,phases      ] GC(377) Phase 1: Mark live objects 2.011ms
[18.892s][info ][gc,phases,start] GC(377) Phase 2: Compute new object addresses
[18.894s][info ][gc,phases      ] GC(377) Phase 2: Compute new object addresses 1.321ms
[18.894s][info ][gc,phases,start] GC(377) Phase 3: Adjust pointers
[18.894s][info ][gc,phases      ] GC(377) Phase 3: Adjust pointers 0.640ms
[18.894s][info ][gc,phases,start] GC(377) Phase 4: Move objects
[18.894s][info ][gc,phases      ] GC(377) Phase 4: Move objects 0.004ms
[18.894s][info ][gc,heap        ] GC(377) DefNew: 5712K(9920K)->0K(9920K) Eden: 5712K(8832K)->0K(8832K) From: 0K(1088K)->0K(1088K)
[18.894s][info ][gc,heap        ] GC(377) Tenured: 2071K(21888K)->2072K(21888K)
[18.894s][info ][gc,metaspace   ] GC(377) Metaspace: 369K(512K)->369K(512K) NonClass: 306K(384K)->306K(384K) Class: 63K(128K)->63K(128K)
[18.894s][debug][gc,heap        ] GC(377) Heap after GC invocations=378 (full 11):
[18.894s][debug][gc,heap        ] GC(377)  def new generation   total 9920K, used 0K [0x0000120000200000, 0x0000120000cc0000, 0x000012000aca0000)
[18.894s][debug][gc,heap        ] GC(377)   eden space 8832K,   0% used [0x0000120000200000, 0x0000120000200000, 0x0000120000aa0000)
[18.894s][debug][gc,heap        ] GC(377)   from space 1088K,   0% used [0x0000120000bb0000, 0x0000120000bb0000, 0x0000120000cc0000)
[18.894s][debug][gc,heap        ] GC(377)   to   space 1088K,   0% used [0x0000120000aa0000, 0x0000120000aa0000, 0x0000120000bb0000)
[18.894s][debug][gc,heap        ] GC(377)  tenured generation   total 21888K, used 2072K [0x000012000aca0000, 0x000012000c200000, 0x0000120020200000)
[18.894s][debug][gc,heap        ] GC(377)    the space 21888K,   9% used [0x000012000aca0000, 0x000012000aea60a0, 0x000012000aea6200, 0x000012000c200000)
[18.894s][debug][gc,heap        ] GC(377)  Metaspace       used 369K, committed 512K, reserved 1114112K
[18.894s][debug][gc,heap        ] GC(377)   class space    used 63K, committed 128K, reserved 1048576K
[18.894s][info ][gc             ] GC(377) Pause Full (System.gc()) 7M->2M(31M) 4.257ms
[18.894s][info ][gc,cpu         ] GC(377) User=0.00s Sys=0.00s Real=0.01s
[18.894s][info ][safepoint      ] Safepoint "GenCollectFull", Time since last: 29827557 ns, Reaching safepoint: 3183 ns, Cleanup: 3638 ns, At safepoint: 4277356 ns, Total: 4284177 ns
[18.952s][info ][gc,start       ] GC(378) Pause Young (Allocation Failure)
[18.952s][debug][gc,heap        ] GC(378) Heap before GC invocations=378 (full 11):
[18.952s][debug][gc,heap        ] GC(378)  def new generation   total 9920K, used 8832K [0x0000120000200000, 0x0000120000cc0000, 0x000012000aca0000)
[18.952s][debug][gc,heap        ] GC(378)   eden space 8832K, 100% used [0x0000120000200000, 0x0000120000aa0000, 0x0000120000aa0000)
[18.952s][debug][gc,heap        ] GC(378)   from space 1088K,   0% used [0x0000120000bb0000, 0x0000120000bb0000, 0x0000120000cc0000)
[18.952s][debug][gc,heap        ] GC(378)   to   space 1088K,   0% used [0x0000120000aa0000, 0x0000120000aa0000, 0x0000120000bb0000)
[18.952s][debug][gc,heap        ] GC(378)  tenured generation   total 21888K, used 2072K [0x000012000aca0000, 0x000012000c200000, 0x0000120020200000)
[18.952s][debug][gc,heap        ] GC(378)    the space 21888K,   9% used [0x000012000aca0000, 0x000012000aea60a0, 0x000012000aea6200, 0x000012000c200000)
[18.952s][debug][gc,heap        ] GC(378)  Metaspace       used 369K, committed 512K, reserved 1114112K
[18.952s][debug][gc,heap        ] GC(378)   class space    used 63K, committed 128K, reserved 1048576K
[18.952s][debug][gc,tlab        ] GC(378) TLAB totals: thrds: 2  refills: 101 max: 57 slow allocs: 0 max 0 waste:  0.0% gc: 0B max: 0B slow: 2576B max: 1368B
[18.952s][debug][gc,ref         ] GC(378) Skipped SoftWeakFinalRefsPhase of Reference Processing: no references
[18.952s][debug][gc,ref         ] GC(378) Skipped KeepAliveFinalRefsPhase of Reference Processing: no references
[18.952s][debug][gc,ref         ] GC(378) Skipped PhantomRefsPhase of Reference Processing: no references
[18.952s][debug][gc,phases,ref  ] GC(378) Reference Processing: 0.0ms
[18.952s][debug][gc,phases,ref  ] GC(378)   Notify Soft/WeakReferences: 0.0ms
[18.952s][debug][gc,phases,ref  ] GC(378)     SoftRef: skipped
[18.952s][debug][gc,phases,ref  ] GC(378)     WeakRef: skipped
[18.952s][debug][gc,phases,ref  ] GC(378)     FinalRef: skipped
[18.952s][debug][gc,phases,ref  ] GC(378)     Total: skipped
[18.952s][debug][gc,phases,ref  ] GC(378)   Notify and keep alive finalizable: 0.0ms
[18.952s][debug][gc,phases,ref  ] GC(378)     FinalRef: skipped
[18.952s][debug][gc,phases,ref  ] GC(378)   Notify PhantomReferences: 0.0ms
[18.952s][debug][gc,phases,ref  ] GC(378)     PhantomRef: skipped
[18.952s][debug][gc,phases,ref  ] GC(378)   SoftReference Discovered: 0, Dropped: 0, Processed: 0
[18.952s][debug][gc,phases,ref  ] GC(378)   WeakReference Discovered: 0, Dropped: 0, Processed: 0
[18.952s][debug][gc,phases,ref  ] GC(378)   FinalReference Discovered: 0, Dropped: 0, Processed: 0
[18.952s][debug][gc,phases,ref  ] GC(378)   PhantomReference Discovered: 0, Dropped: 0, Processed: 0
[18.952s][debug][gc,age         ] GC(378) Desired survivor size 557056 bytes, new threshold 15 (max threshold 15)
[18.952s][info ][gc,heap        ] GC(378) DefNew: 8832K(9920K)->0K(9920K) Eden: 8832K(8832K)->0K(8832K) From: 0K(1088K)->0K(1088K)
[18.952s][info ][gc,heap        ] GC(378) Tenured: 2072K(21888K)->2072K(21888K)
[18.952s][info ][gc,metaspace   ] GC(378) Metaspace: 369K(512K)->369K(512K) NonClass: 306K(384K)->306K(384K) Class: 63K(128K)->63K(128K)
[18.952s][debug][gc,heap        ] GC(378) Heap after GC invocations=379 (full 11):
[18.952s][debug][gc,heap        ] GC(378)  def new generation   total 9920K, used 0K [0x0000120000200000, 0x0000120000cc0000, 0x000012000aca0000)
[18.952s][debug][gc,heap        ] GC(378)   eden space 8832K,   0% used [0x0000120000200000, 0x0000120000200000, 0x0000120000aa0000)
[18.952s][debug][gc,heap        ] GC(378)   from space 1088K,   0% used [0x0000120000aa0000, 0x0000120000aa0138, 0x0000120000bb0000)
[18.952s][debug][gc,heap        ] GC(378)   to   space 1088K,   0% used [0x0000120000bb0000, 0x0000120000bb0000, 0x0000120000cc0000)
[18.952s][debug][gc,heap        ] GC(378)  tenured generation   total 21888K, used 2072K [0x000012000aca0000, 0x000012000c200000, 0x0000120020200000)
[18.952s][debug][gc,heap        ] GC(378)    the space 21888K,   9% used [0x000012000aca0000, 0x000012000aea60a0, 0x000012000aea6200, 0x000012000c200000)
[18.952s][debug][gc,heap        ] GC(378)  Metaspace       used 369K, committed 512K, reserved 1114112K
[18.952s][debug][gc,heap        ] GC(378)   class space    used 63K, committed 128K, reserved 1048576K
[18.952s][info ][gc             ] GC(378) Pause Young (Allocation Failure) 10M->2M(31M) 0.712ms
[18.952s][info ][gc,cpu         ] GC(378) User=0.00s Sys=0.00s Real=0.00s
[18.952s][info ][safepoint      ] Safepoint "GenCollectForAllocation", Time since last: 57173484 ns, Reaching safepoint: 3391 ns, Cleanup: 3735 ns, At safepoint: 751278 ns, Total: 758404 ns
[19.000s][info ][gc,start       ] GC(379) Pause Young (Allocation Failure)
[19.000s][debug][gc,heap        ] GC(379) Heap before GC invocations=379 (full 11):
[19.000s][debug][gc,heap        ] GC(379)  def new generation   total 9920K, used 8832K [0x0000120000200000, 0x0000120000cc0000, 0x000012000aca0000)
[19.000s][debug][gc,heap        ] GC(379)   eden space 8832K, 100% used [0x0000120000200000, 0x0000120000aa0000, 0x0000120000aa0000)
[19.000s][debug][gc,heap        ] GC(379)   from space 1088K,   0% used [0x0000120000aa0000, 0x0000120000aa0138, 0x0000120000bb0000)
[19.000s][debug][gc,heap        ] GC(379)   to   space 1088K,   0% used [0x0000120000bb0000, 0x0000120000bb0000, 0x0000120000cc0000)
[19.000s][debug][gc,heap        ] GC(379)  tenured generation   total 21888K, used 2072K [0x000012000aca0000, 0x000012000c200000, 0x0000120020200000)
[19.000s][debug][gc,heap        ] GC(379)    the space 21888K,   9% used [0x000012000aca0000, 0x000012000aea60a0, 0x000012000aea6200, 0x000012000c200000)
[19.000s][debug][gc,heap        ] GC(379)  Metaspace       used 369K, committed 512K, reserved 1114112K
[19.000s][debug][gc,heap        ] GC(379)   class space    used 63K, committed 128K, reserved 1048576K
[19.000s][debug][gc,tlab        ] GC(379) TLAB totals: thrds: 2  refills: 101 max: 54 slow allocs: 0 max 0 waste:  0.2% gc: 12416B max: 12416B slow: 3000B max: 1672B
[19.000s][debug][gc,ref         ] GC(379) Skipped SoftWeakFinalRefsPhase of Reference Processing: no references
[19.000s][debug][gc,ref         ] GC(379) Skipped KeepAliveFinalRefsPhase of Reference Processing: no references
[19.000s][debug][gc,ref         ] GC(379) Skipped PhantomRefsPhase of Reference Processing: no references
[19.000s][debug][gc,phases,ref  ] GC(379) Reference Processing: 0.0ms
[19.000s][debug][gc,phases,ref  ] GC(379)   Notify Soft/WeakReferences: 0.0ms
[19.000s][debug][gc,phases,ref  ] GC(379)     SoftRef: skipped
[19.000s][debug][gc,phases,ref  ] GC(379)     WeakRef: skipped
[19.000s][debug][gc,phases,ref  ] GC(379)     FinalRef: skipped
[19.000s][debug][gc,phases,ref  ] GC(379)     Total: skipped
[19.000s][debug][gc,phases,ref  ] GC(379)   Notify and keep alive finalizable: 0.0ms
[19.000s][debug][gc,phases,ref  ] GC(379)     FinalRef: skipped
[19.000s][debug][gc,phases,ref  ] GC(379)   Notify PhantomReferences: 0.0ms
[19.000s][debug][gc,phases,ref  ] GC(379)     PhantomRef: skipped
[19.000s][debug][gc,phases,ref  ] GC(379)   SoftReference Discovered: 0, Dropped: 0, Processed: 0
[19.000s][debug][gc,phases,ref  ] GC(379)   WeakReference Discovered: 0, Dropped: 0, Processed: 0
[19.000s][debug][gc,phases,ref  ] GC(379)   FinalReference Discovered: 0, Dropped: 0, Processed: 0
[19.000s][debug][gc,phases,ref  ] GC(379)   PhantomReference Discovered: 0, Dropped: 0, Processed: 0
[19.000s][debug][gc,age         ] GC(379) Desired survivor size 557056 bytes, new threshold 15 (max threshold 15)
[19.000s][info ][gc,heap        ] GC(379) DefNew: 8832K(9920K)->0K(9920K) Eden: 8832K(8832K)->0K(8832K) From: 0K(1088K)->0K(1088K)
[19.000s][info ][gc,heap        ] GC(379) Tenured: 2072K(21888K)->2072K(21888K)
[19.000s][info ][gc,metaspace   ] GC(379) Metaspace: 369K(512K)->369K(512K) NonClass: 306K(384K)->306K(384K) Class: 63K(128K)->63K(128K)
[19.000s][debug][gc,heap        ] GC(379) Heap after GC invocations=380 (full 11):
[19.000s][debug][gc,heap        ] GC(379)  def new generation   total 9920K, used 0K [0x0000120000200000, 0x0000120000cc0000, 0x000012000aca0000)
[19.000s][debug][gc,heap        ] GC(379)   eden space 8832K,   0% used [0x0000120000200000, 0x0000120000200000, 0x0000120000aa0000)
[19.000s][debug][gc,heap        ] GC(379)   from space 1088K,   0% used [0x0000120000bb0000, 0x0000120000bb0110, 0x0000120000cc0000)
[19.000s][debug][gc,heap        ] GC(379)   to   space 1088K,   0% used [0x0000120000aa0000, 0x0000120000aa0000, 0x0000120000bb0000)
[19.000s][debug][gc,heap        ] GC(379)  tenured generation   total 21888K, used 2072K [0x000012000aca0000, 0x000012000c200000, 0x0000120020200000)
[19.001s][debug][gc,heap        ] GC(379)    the space 21888K,   9% used [0x000012000aca0000, 0x000012000aea60a0, 0x000012000aea6200, 0x000012000c200000)
[19.001s][debug][gc,heap        ] GC(379)  Metaspace       used 369K, committed 512K, reserved 1114112K
[19.001s][debug][gc,heap        ] GC(379)   class space    used 63K, committed 128K, reserved 1048576K
[19.001s][info ][gc             ] GC(379) Pause Young (Allocation Failure) 10M->2M(31M) 0.603ms
[19.001s][info ][gc,cpu         ] GC(379) User=0.00s Sys=0.00s Real=0.00s
[19.001s][info ][safepoint      ] Safepoint "GenCollectForAllocation", Time since last: 47546241 ns, Reaching safepoint: 77097 ns, Cleanup: 3505 ns, At safepoint: 646387 ns, Total: 726989 ns
[19.033s][info ][gc,start       ] GC(380) Pause Full (System.gc())
[19.033s][debug][gc,heap        ] GC(380) Heap before GC invocations=380 (full 11):
[19.033s][debug][gc,heap        ] GC(380)  def new generation   total 9920K, used 5774K [0x0000120000200000, 0x0000120000cc0000, 0x000012000aca0000)
[19.033s][debug][gc,heap        ] GC(380)   eden space 8832K,  65% used [0x0000120000200000, 0x00001200007a3a90, 0x0000120000aa0000)
[19.033s][debug][gc,heap        ] GC(380)   from space 1088K,   0% used [0x0000120000bb0000, 0x0000120000bb0110, 0x0000120000cc0000)
[19.033s][debug][gc,heap        ] GC(380)   to   space 1088K,   0% used [0x0000120000aa0000, 0x0000120000aa0000, 0x0000120000bb0000)
[19.033s][debug][gc,heap        ] GC(380)  tenured generation   total 21888K, used 2072K [0x000012000aca0000, 0x000012000c200000, 0x0000120020200000)
[19.033s][debug][gc,heap        ] GC(380)    the space 21888K,   9% used [0x000012000aca0000, 0x000012000aea60a0, 0x000012000aea6200, 0x000012000c200000)
[19.033s][debug][gc,heap        ] GC(380)  Metaspace       used 369K, committed 512K, reserved 1114112K
[19.033s][debug][gc,heap        ] GC(380)   class space    used 63K, committed 128K, reserved 1048576K
[19.033s][debug][gc,tlab        ] GC(380) TLAB totals: thrds: 2  refills: 66 max: 36 slow allocs: 0 max 0 waste:  1.4% gc: 82664B max: 82056B slow: 1512B max: 936B
[19.033s][info ][gc,phases,start] GC(380) Phase 1: Mark live objects
[19.036s][debug][gc,phases,start] GC(380) Reference Processing
[19.036s][debug][gc,ref         ] GC(380) ReferenceProcessor::execute queues: 1, RefProcThreadModel::Single, marks_oops_alive: false
[19.036s][debug][gc,ref         ] GC(380) Skipped KeepAliveFinalRefsPhase of Reference Processing: no references
[19.036s][debug][gc,ref         ] GC(380) ReferenceProcessor::execute queues: 1, RefProcThreadModel::Single, marks_oops_alive: false
[19.036s][debug][gc,phases,ref  ] GC(380) Reference Processing: 0.1ms
[19.036s][debug][gc,phases,ref  ] GC(380)   Notify Soft/WeakReferences: 0.1ms
[19.036s][debug][gc,phases,ref  ] GC(380)     SoftRef: 0.0ms
[19.036s][debug][gc,phases,ref  ] GC(380)     WeakRef: 0.0ms
[19.036s][debug][gc,phases,ref  ] GC(380)     FinalRef: 0.0ms
[19.036s][debug][gc,phases,ref  ] GC(380)     Total: 0.0ms
[19.036s][debug][gc,phases,ref  ] GC(380)   Notify and keep alive finalizable: 0.0ms
[19.036s][debug][gc,phases,ref  ] GC(380)     FinalRef: skipped
[19.036s][debug][gc,phases,ref  ] GC(380)   Notify PhantomReferences: 0.0ms
[19.036s][debug][gc,phases,ref  ] GC(380)     PhantomRef: 0.0ms
[19.036s][debug][gc,phases,ref  ] GC(380)   SoftReference Discovered: 0, Dropped: 0, Processed: 0
[19.036s][debug][gc,phases,ref  ] GC(380)   WeakReference Discovered: 11, Dropped: 11, Processed: 0
[19.036s][debug][gc,phases,ref  ] GC(380)   FinalReference Discovered: 0, Dropped: 0, Processed: 0
[19.036s][debug][gc,phases,ref  ] GC(380)   PhantomReference Discovered: 4, Dropped: 4, Processed: 0
[19.036s][debug][gc,phases      ] GC(380) Reference Processing 0.117ms
[19.036s][debug][gc,phases,start] GC(380) Weak Processing
[19.036s][debug][gc,phases      ] GC(380) Weak Processing 0.015ms
[19.036s][debug][gc,phases,start] GC(380) Class Unloading
[19.036s][debug][gc,phases,start] GC(380) ClassLoaderData
[19.036s][debug][gc,phases      ] GC(380) ClassLoaderData 0.004ms
[19.036s][debug][gc,phases,start] GC(380) Trigger cleanups
[19.036s][debug][gc,phases      ] GC(380) Trigger cleanups 0.002ms
[19.036s][debug][gc,phases,start] GC(380) Purge Unlinked NMethods
[19.036s][debug][gc,phases      ] GC(380) Purge Unlinked NMethods 0.003ms
[19.036s][debug][gc,phases,start] GC(380) Unregister NMethods
[19.036s][debug][gc,phases      ] GC(380) Unregister NMethods 0.003ms
[19.036s][debug][gc,phases,start] GC(380) Free Code Blobs
[19.036s][debug][gc,phases      ] GC(380) Free Code Blobs 0.003ms
[19.036s][debug][gc,phases      ] GC(380) Class Unloading 0.045ms
[19.036s][debug][gc,phases,start] GC(380) Report Object Count
[19.036s][debug][gc,phases      ] GC(380) Report Object Count 0.009ms
[19.036s][info ][gc,phases      ] GC(380) Phase 1: Mark live objects 2.399ms
[19.036s][info ][gc,phases,start] GC(380) Phase 2: Compute new object addresses
[19.037s][info ][gc,phases      ] GC(380) Phase 2: Compute new object addresses 1.331ms
[19.037s][info ][gc,phases,start] GC(380) Phase 3: Adjust pointers
[19.038s][info ][gc,phases      ] GC(380) Phase 3: Adjust pointers 0.610ms
[19.038s][info ][gc,phases,start] GC(380) Phase 4: Move objects
[19.038s][info ][gc,phases      ] GC(380) Phase 4: Move objects 0.004ms
[19.038s][info ][gc,heap        ] GC(380) DefNew: 5774K(9920K)->0K(9920K) Eden: 5774K(8832K)->0K(8832K) From: 0K(1088K)->0K(1088K)
[19.038s][info ][gc,heap        ] GC(380) Tenured: 2072K(21888K)->2071K(21888K)
[19.038s][info ][gc,metaspace   ] GC(380) Metaspace: 369K(512K)->369K(512K) NonClass: 306K(384K)->306K(384K) Class: 63K(128K)->63K(128K)
[19.038s][debug][gc,heap        ] GC(380) Heap after GC invocations=381 (full 12):
[19.038s][debug][gc,heap        ] GC(380)  def new generation   total 9920K, used 0K [0x0000120000200000, 0x0000120000cc0000, 0x000012000aca0000)
[19.038s][debug][gc,heap        ] GC(380)   eden space 8832K,   0% used [0x0000120000200000, 0x0000120000200000, 0x0000120000aa0000)
[19.038s][debug][gc,heap        ] GC(380)   from space 1088K,   0% used [0x0000120000bb0000, 0x0000120000bb0000, 0x0000120000cc0000)
[19.038s][debug][gc,heap        ] GC(380)   to   space 1088K,   0% used [0x0000120000aa0000, 0x0000120000aa0000, 0x0000120000bb0000)
[19.038s][debug][gc,heap        ] GC(380)  tenured generation   total 21888K, used 2071K [0x000012000aca0000, 0x000012000c200000, 0x0000120020200000)
[19.038s][debug][gc,heap        ] GC(380)    the space 21888K,   9% used [0x000012000aca0000, 0x000012000aea5e20, 0x000012000aea6000, 0x000012000c200000)
[19.038s][debug][gc,heap        ] GC(380)  Metaspace       used 369K, committed 512K, reserved 1114112K
[19.038s][debug][gc,heap        ] GC(380)   class space    used 63K, committed 128K, reserved 1048576K
[19.038s][info ][gc             ] GC(380) Pause Full (System.gc()) 7M->2M(31M) 4.591ms
[19.038s][info ][gc,cpu         ] GC(380) User=0.01s Sys=0.00s Real=0.00s
[19.038s][info ][safepoint      ] Safepoint "GenCollectFull", Time since last: 32477182 ns, Reaching safepoint: 77203 ns, Cleanup: 3312 ns, At safepoint: 4611667 ns, Total: 4692182 ns
[19.097s][info ][gc,start       ] GC(381) Pause Young (Allocation Failure)
[19.097s][debug][gc,heap        ] GC(381) Heap before GC invocations=381 (full 12):
[19.097s][debug][gc,heap        ] GC(381)  def new generation   total 9920K, used 8832K [0x0000120000200000, 0x0000120000cc0000, 0x000012000aca0000)
[19.097s][debug][gc,heap        ] GC(381)   eden space 8832K, 100% used [0x0000120000200000, 0x0000120000aa0000, 0x0000120000aa0000)
[19.097s][debug][gc,heap        ] GC(381)   from space 1088K,   0% used [0x0000120000bb0000, 0x0000120000bb0000, 0x0000120000cc0000)
[19.097s][debug][gc,heap        ] GC(381)   to   space 1088K,   0% used [0x0000120000aa0000, 0x0000120000aa0000, 0x0000120000bb0000)
[19.097s][debug][gc,heap        ] GC(381)  tenured generation   total 21888K, used 2071K [0x000012000aca0000, 0x000012000c200000, 0x0000120020200000)
[19.097s][debug][gc,heap        ] GC(381)    the space 21888K,   9% used [0x000012000aca0000, 0x000012000aea5e20, 0x000012000aea6000, 0x000012000c200000)
[19.097s][debug][gc,heap        ] GC(381)  Metaspace       used 369K, committed 512K, reserved 1114112K
[19.097s][debug][gc,heap        ] GC(381)   class space    used 63K, committed 128K, reserved 1048576K
[19.097s][debug][gc,tlab        ] GC(381) TLAB totals: thrds: 2  refills: 102 max: 62 slow allocs: 0 max 0 waste:  0.1% gc: 3704B max: 3704B slow: 1936B max: 1048B
[19.098s][debug][gc,ref         ] GC(381) Skipped SoftWeakFinalRefsPhase of Reference Processing: no references
[19.098s][debug][gc,ref         ] GC(381) Skipped KeepAliveFinalRefsPhase of Reference Processing: no references
[19.098s][debug][gc,ref         ] GC(381) Skipped PhantomRefsPhase of Reference Processing: no references
[19.098s][debug][gc,phases,ref  ] GC(381) Reference Processing: 0.0ms
[19.098s][debug][gc,phases,ref  ] GC(381)   Notify Soft/WeakReferences: 0.0ms
[19.098s][debug][gc,phases,ref  ] GC(381)     SoftRef: skipped
[19.098s][debug][gc,phases,ref  ] GC(381)     WeakRef: skipped
[19.098s][debug][gc,phases,ref  ] GC(381)     FinalRef: skipped
[19.098s][debug][gc,phases,ref  ] GC(381)     Total: skipped
[19.098s][debug][gc,phases,ref  ] GC(381)   Notify and keep alive finalizable: 0.0ms
[19.098s][debug][gc,phases,ref  ] GC(381)     FinalRef: skipped
[19.098s][debug][gc,phases,ref  ] GC(381)   Notify PhantomReferences: 0.0ms
[19.098s][debug][gc,phases,ref  ] GC(381)     PhantomRef: skipped
[19.098s][debug][gc,phases,ref  ] GC(381)   SoftReference Discovered: 0, Dropped: 0, Processed: 0
[19.098s][debug][gc,phases,ref  ] GC(381)   WeakReference Discovered: 0, Dropped: 0, Processed: 0
[19.098s][debug][gc,phases,ref  ] GC(381)   FinalReference Discovered: 0, Dropped: 0, Processed: 0
[19.098s][debug][gc,phases,ref  ] GC(381)   PhantomReference Discovered: 0, Dropped: 0, Processed: 0
[19.098s][debug][gc,age         ] GC(381) Desired survivor size 557056 bytes, new threshold 15 (max threshold 15)
[19.098s][info ][gc,heap        ] GC(381) DefNew: 8832K(9920K)->0K(9920K) Eden: 8832K(8832K)->0K(8832K) From: 0K(1088K)->0K(1088K)
[19.098s][info ][gc,heap        ] GC(381) Tenured: 2071K(21888K)->2071K(21888K)
[19.098s][info ][gc,metaspace   ] GC(381) Metaspace: 369K(512K)->369K(512K) NonClass: 306K(384K)->306K(384K) Class: 63K(128K)->63K(128K)
[19.098s][debug][gc,heap        ] GC(381) Heap after GC invocations=382 (full 12):
[19.098s][debug][gc,heap        ] GC(381)  def new generation   total 9920K, used 0K [0x0000120000200000, 0x0000120000cc0000, 0x000012000aca0000)
[19.098s][debug][gc,heap        ] GC(381)   eden space 8832K,   0% used [0x0000120000200000, 0x0000120000200000, 0x0000120000aa0000)
[19.098s][debug][gc,heap        ] GC(381)   from space 1088K,   0% used [0x0000120000aa0000, 0x0000120000aa0150, 0x0000120000bb0000)
[19.098s][debug][gc,heap        ] GC(381)   to   space 1088K,   0% used [0x0000120000bb0000, 0x0000120000bb0000, 0x0000120000cc0000)
[19.098s][debug][gc,heap        ] GC(381)  tenured generation   total 21888K, used 2071K [0x000012000aca0000, 0x000012000c200000, 0x0000120020200000)
[19.098s][debug][gc,heap        ] GC(381)    the space 21888K,   9% used [0x000012000aca0000, 0x000012000aea5e20, 0x000012000aea6000, 0x000012000c200000)
[19.098s][debug][gc,heap        ] GC(381)  Metaspace       used 369K, committed 512K, reserved 1114112K
[19.098s][debug][gc,heap        ] GC(381)   class space    used 63K, committed 128K, reserved 1048576K
[19.098s][info ][gc             ] GC(381) Pause Young (Allocation Failure) 10M->2M(31M) 0.591ms
[19.098s][info ][gc,cpu         ] GC(381) User=0.00s Sys=0.00s Real=0.00s
[19.098s][info ][safepoint      ] Safepoint "GenCollectForAllocation", Time since last: 59462677 ns, Reaching safepoint: 78323 ns, Cleanup: 3352 ns, At safepoint: 634380 ns, Total: 716055 ns
[19.146s][info ][gc,start       ] GC(382) Pause Young (Allocation Failure)
[19.147s][debug][gc,heap        ] GC(382) Heap before GC invocations=382 (full 12):
[19.147s][debug][gc,heap        ] GC(382)  def new generation   total 9920K, used 8832K [0x0000120000200000, 0x0000120000cc0000, 0x000012000aca0000)
[19.147s][debug][gc,heap        ] GC(382)   eden space 8832K, 100% used [0x0000120000200000, 0x0000120000aa0000, 0x0000120000aa0000)
[19.147s][debug][gc,heap        ] GC(382)   from space 1088K,   0% used [0x0000120000aa0000, 0x0000120000aa0150, 0x0000120000bb0000)
[19.147s][debug][gc,heap        ] GC(382)   to   space 1088K,   0% used [0x0000120000bb0000, 0x0000120000bb0000, 0x0000120000cc0000)
[19.147s][debug][gc,heap        ] GC(382)  tenured generation   total 21888K, used 2071K [0x000012000aca0000, 0x000012000c200000, 0x0000120020200000)
[19.147s][debug][gc,heap        ] GC(382)    the space 21888K,   9% used [0x000012000aca0000, 0x000012000aea5e20, 0x000012000aea6000, 0x000012000c200000)
[19.147s][debug][gc,heap        ] GC(382)  Metaspace       used 369K, committed 512K, reserved 1114112K
[19.147s][debug][gc,heap        ] GC(382)   class space    used 63K, committed 128K, reserved 1048576K
[19.147s][debug][gc,tlab        ] GC(382) TLAB totals: thrds: 2  refills: 101 max: 53 slow allocs: 0 max 0 waste:  0.1% gc: 9864B max: 9864B slow: 2984B max: 1496B
[19.147s][debug][gc,ref         ] GC(382) Skipped SoftWeakFinalRefsPhase of Reference Processing: no references
[19.147s][debug][gc,ref         ] GC(382) Skipped KeepAliveFinalRefsPhase of Reference Processing: no references
[19.147s][debug][gc,ref         ] GC(382) Skipped PhantomRefsPhase of Reference Processing: no references
[19.147s][debug][gc,phases,ref  ] GC(382) Reference Processing: 0.0ms
[19.147s][debug][gc,phases,ref  ] GC(382)   Notify Soft/WeakReferences: 0.0ms
[19.147s][debug][gc,phases,ref  ] GC(382)     SoftRef: skipped
[19.147s][debug][gc,phases,ref  ] GC(382)     WeakRef: skipped
[19.147s][debug][gc,phases,ref  ] GC(382)     FinalRef: skipped
[19.147s][debug][gc,phases,ref  ] GC(382)     Total: skipped
[19.147s][debug][gc,phases,ref  ] GC(382)   Notify and keep alive finalizable: 0.0ms
[19.147s][debug][gc,phases,ref  ] GC(382)     FinalRef: skipped
[19.147s][debug][gc,phases,ref  ] GC(382)   Notify PhantomReferences: 0.0ms
[19.147s][debug][gc,phases,ref  ] GC(382)     PhantomRef: skipped
[19.147s][debug][gc,phases,ref  ] GC(382)   SoftReference Discovered: 0, Dropped: 0, Processed: 0
[19.147s][debug][gc,phases,ref  ] GC(382)   WeakReference Discovered: 0, Dropped: 0, Processed: 0
[19.147s][debug][gc,phases,ref  ] GC(382)   FinalReference Discovered: 0, Dropped: 0, Processed: 0
[19.147s][debug][gc,phases,ref  ] GC(382)   PhantomReference Discovered: 0, Dropped: 0, Processed: 0
[19.147s][debug][gc,age         ] GC(382) Desired survivor size 557056 bytes, new threshold 15 (max threshold 15)
[19.147s][info ][gc,heap        ] GC(382) DefNew: 8832K(9920K)->0K(9920K) Eden: 8832K(8832K)->0K(8832K) From: 0K(1088K)->0K(1088K)
[19.147s][info ][gc,heap        ] GC(382) Tenured: 2071K(21888K)->2071K(21888K)
[19.147s][info ][gc,metaspace   ] GC(382) Metaspace: 369K(512K)->369K(512K) NonClass: 306K(384K)->306K(384K) Class: 63K(128K)->63K(128K)
[19.147s][debug][gc,heap        ] GC(382) Heap after GC invocations=383 (full 12):
[19.147s][debug][gc,heap        ] GC(382)  def new generation   total 9920K, used 0K [0x0000120000200000, 0x0000120000cc0000, 0x000012000aca0000)
[19.147s][debug][gc,heap        ] GC(382)   eden space 8832K,   0% used [0x0000120000200000, 0x0000120000200000, 0x0000120000aa0000)
[19.147s][debug][gc,heap        ] GC(382)   from space 1088K,   0% used [0x0000120000bb0000, 0x0000120000bb0100, 0x0000120000cc0000)
[19.147s][debug][gc,heap        ] GC(382)   to   space 1088K,   0% used [0x0000120000aa0000, 0x0000120000aa0000, 0x0000120000bb0000)
[19.147s][debug][gc,heap        ] GC(382)  tenured generation   total 21888K, used 2071K [0x000012000aca0000, 0x000012000c200000, 0x0000120020200000)
[19.147s][debug][gc,heap        ] GC(382)    the space 21888K,   9% used [0x000012000aca0000, 0x000012000aea5e20, 0x000012000aea6000, 0x000012000c200000)
[19.147s][debug][gc,heap        ] GC(382)  Metaspace       used 369K, committed 512K, reserved 1114112K
[19.147s][debug][gc,heap        ] GC(382)   class space    used 63K, committed 128K, reserved 1048576K
[19.147s][info ][gc             ] GC(382) Pause Young (Allocation Failure) 10M->2M(31M) 0.577ms
[19.147s][info ][gc,cpu         ] GC(382) User=0.00s Sys=0.00s Real=0.00s
[19.147s][info ][safepoint      ] Safepoint "GenCollectForAllocation", Time since last: 48555383 ns, Reaching safepoint: 3725 ns, Cleanup: 3667 ns, At safepoint: 622469 ns, Total: 629861 ns
[19.196s][info ][gc,start       ] GC(383) Pause Young (Allocation Failure)
[19.196s][debug][gc,heap        ] GC(383) Heap before GC invocations=383 (full 12):
[19.196s][debug][gc,heap        ] GC(383)  def new generation   total 9920K, used 8832K [0x0000120000200000, 0x0000120000cc0000, 0x000012000aca0000)
[19.196s][debug][gc,heap        ] GC(383)   eden space 8832K, 100% used [0x0000120000200000, 0x0000120000aa0000, 0x0000120000aa0000)
[19.196s][debug][gc,heap        ] GC(383)   from space 1088K,   0% used [0x0000120000bb0000, 0x0000120000bb0100, 0x0000120000cc0000)
[19.196s][debug][gc,heap        ] GC(383)   to   space 1088K,   0% used [0x0000120000aa0000, 0x0000120000aa0000, 0x0000120000bb0000)
[19.196s][debug][gc,heap        ] GC(383)  tenured generation   total 21888K, used 2071K [0x000012000aca0000, 0x000012000c200000, 0x0000120020200000)
[19.196s][debug][gc,heap        ] GC(383)    the space 21888K,   9% used [0x000012000aca0000, 0x000012000aea5e20, 0x000012000aea6000, 0x000012000c200000)
[19.196s][debug][gc,heap        ] GC(383)  Metaspace       used 369K, committed 512K, reserved 1114112K
[19.196s][debug][gc,heap        ] GC(383)   class space    used 63K, committed 128K, reserved 1048576K
[19.196s][debug][gc,tlab        ] GC(383) TLAB totals: thrds: 2  refills: 101 max: 52 slow allocs: 0 max 0 waste:  0.2% gc: 19712B max: 19712B slow: 2152B max: 1176B
[19.196s][debug][gc,ref         ] GC(383) Skipped SoftWeakFinalRefsPhase of Reference Processing: no references
[19.196s][debug][gc,ref         ] GC(383) Skipped KeepAliveFinalRefsPhase of Reference Processing: no references
[19.196s][debug][gc,ref         ] GC(383) Skipped PhantomRefsPhase of Reference Processing: no references
[19.196s][debug][gc,phases,ref  ] GC(383) Reference Processing: 0.0ms
[19.196s][debug][gc,phases,ref  ] GC(383)   Notify Soft/WeakReferences: 0.0ms
[19.196s][debug][gc,phases,ref  ] GC(383)     SoftRef: skipped
[19.196s][debug][gc,phases,ref  ] GC(383)     WeakRef: skipped
[19.196s][debug][gc,phases,ref  ] GC(383)     FinalRef: skipped
[19.196s][debug][gc,phases,ref  ] GC(383)     Total: skipped
[19.196s][debug][gc,phases,ref  ] GC(383)   Notify and keep alive finalizable: 0.0ms
[19.196s][debug][gc,phases,ref  ] GC(383)     FinalRef: skipped
[19.196s][debug][gc,phases,ref  ] GC(383)   Notify PhantomReferences: 0.0ms
[19.196s][debug][gc,phases,ref  ] GC(383)     PhantomRef: skipped
[19.196s][debug][gc,phases,ref  ] GC(383)   SoftReference Discovered: 0, Dropped: 0, Processed: 0
[19.196s][debug][gc,phases,ref  ] GC(383)   WeakReference Discovered: 0, Dropped: 0, Processed: 0
[19.196s][debug][gc,phases,ref  ] GC(383)   FinalReference Discovered: 0, Dropped: 0, Processed: 0
[19.196s][debug][gc,phases,ref  ] GC(383)   PhantomReference Discovered: 0, Dropped: 0, Processed: 0
[19.196s][debug][gc,age         ] GC(383) Desired survivor size 557056 bytes, new threshold 15 (max threshold 15)
[19.196s][info ][gc,heap        ] GC(383) DefNew: 8832K(9920K)->0K(9920K) Eden: 8832K(8832K)->0K(8832K) From: 0K(1088K)->0K(1088K)
[19.196s][info ][gc,heap        ] GC(383) Tenured: 2071K(21888K)->2071K(21888K)
[19.196s][info ][gc,metaspace   ] GC(383) Metaspace: 369K(512K)->369K(512K) NonClass: 306K(384K)->306K(384K) Class: 63K(128K)->63K(128K)
[19.196s][debug][gc,heap        ] GC(383) Heap after GC invocations=384 (full 12):
[19.196s][debug][gc,heap        ] GC(383)  def new generation   total 9920K, used 0K [0x0000120000200000, 0x0000120000cc0000, 0x000012000aca0000)
[19.196s][debug][gc,heap        ] GC(383)   eden space 8832K,   0% used [0x0000120000200000, 0x0000120000200000, 0x0000120000aa0000)
[19.196s][debug][gc,heap        ] GC(383)   from space 1088K,   0% used [0x0000120000aa0000, 0x0000120000aa0100, 0x0000120000bb0000)
[19.196s][debug][gc,heap        ] GC(383)   to   space 1088K,   0% used [0x0000120000bb0000, 0x0000120000bb0000, 0x0000120000cc0000)
[19.196s][debug][gc,heap        ] GC(383)  tenured generation   total 21888K, used 2071K [0x000012000aca0000, 0x000012000c200000, 0x0000120020200000)
[19.196s][debug][gc,heap        ] GC(383)    the space 21888K,   9% used [0x000012000aca0000, 0x000012000aea5e20, 0x000012000aea6000, 0x000012000c200000)
[19.196s][debug][gc,heap        ] GC(383)  Metaspace       used 369K, committed 512K, reserved 1114112K
[19.196s][debug][gc,heap        ] GC(383)   class space    used 63K, committed 128K, reserved 1048576K
[19.196s][info ][gc             ] GC(383) Pause Young (Allocation Failure) 10M->2M(31M) 0.581ms
[19.196s][info ][gc,cpu         ] GC(383) User=0.00s Sys=0.00s Real=0.00s
[19.196s][info ][safepoint      ] Safepoint "GenCollectForAllocation", Time since last: 48477048 ns, Reaching safepoint: 76717 ns, Cleanup: 3387 ns, At safepoint: 633961 ns, Total: 714065 ns
[19.245s][info ][gc,start       ] GC(384) Pause Young (Allocation Failure)
[19.245s][debug][gc,heap        ] GC(384) Heap before GC invocations=384 (full 12):
[19.245s][debug][gc,heap        ] GC(384)  def new generation   total 9920K, used 8832K [0x0000120000200000, 0x0000120000cc0000, 0x000012000aca0000)
[19.245s][debug][gc,heap        ] GC(384)   eden space 8832K, 100% used [0x0000120000200000, 0x0000120000aa0000, 0x0000120000aa0000)
[19.245s][debug][gc,heap        ] GC(384)   from space 1088K,   0% used [0x0000120000aa0000, 0x0000120000aa0100, 0x0000120000bb0000)
[19.245s][debug][gc,heap        ] GC(384)   to   space 1088K,   0% used [0x0000120000bb0000, 0x0000120000bb0000, 0x0000120000cc0000)
[19.245s][debug][gc,heap        ] GC(384)  tenured generation   total 21888K, used 2071K [0x000012000aca0000, 0x000012000c200000, 0x0000120020200000)
[19.245s][debug][gc,heap        ] GC(384)    the space 21888K,   9% used [0x000012000aca0000, 0x000012000aea5e20, 0x000012000aea6000, 0x000012000c200000)
[19.245s][debug][gc,heap        ] GC(384)  Metaspace       used 369K, committed 512K, reserved 1114112K
[19.245s][debug][gc,heap        ] GC(384)   class space    used 63K, committed 128K, reserved 1048576K
[19.245s][debug][gc,tlab        ] GC(384) TLAB totals: thrds: 2  refills: 101 max: 51 slow allocs: 0 max 0 waste:  0.3% gc: 24336B max: 24336B slow: 2328B max: 1328B
[19.245s][debug][gc,ref         ] GC(384) Skipped SoftWeakFinalRefsPhase of Reference Processing: no references
[19.245s][debug][gc,ref         ] GC(384) Skipped KeepAliveFinalRefsPhase of Reference Processing: no references
[19.245s][debug][gc,ref         ] GC(384) Skipped PhantomRefsPhase of Reference Processing: no references
[19.245s][debug][gc,phases,ref  ] GC(384) Reference Processing: 0.0ms
[19.245s][debug][gc,phases,ref  ] GC(384)   Notify Soft/WeakReferences: 0.0ms
[19.245s][debug][gc,phases,ref  ] GC(384)     SoftRef: skipped
[19.245s][debug][gc,phases,ref  ] GC(384)     WeakRef: skipped
[19.245s][debug][gc,phases,ref  ] GC(384)     FinalRef: skipped
[19.245s][debug][gc,phases,ref  ] GC(384)     Total: skipped
[19.245s][debug][gc,phases,ref  ] GC(384)   Notify and keep alive finalizable: 0.0ms
[19.245s][debug][gc,phases,ref  ] GC(384)     FinalRef: skipped
[19.245s][debug][gc,phases,ref  ] GC(384)   Notify PhantomReferences: 0.0ms
[19.245s][debug][gc,phases,ref  ] GC(384)     PhantomRef: skipped
[19.245s][debug][gc,phases,ref  ] GC(384)   SoftReference Discovered: 0, Dropped: 0, Processed: 0
[19.245s][debug][gc,phases,ref  ] GC(384)   WeakReference Discovered: 0, Dropped: 0, Processed: 0
[19.245s][debug][gc,phases,ref  ] GC(384)   FinalReference Discovered: 0, Dropped: 0, Processed: 0
[19.245s][debug][gc,phases,ref  ] GC(384)   PhantomReference Discovered: 0, Dropped: 0, Processed: 0
[19.245s][debug][gc,age         ] GC(384) Desired survivor size 557056 bytes, new threshold 15 (max threshold 15)
[19.245s][info ][gc,heap        ] GC(384) DefNew: 8832K(9920K)->0K(9920K) Eden: 8832K(8832K)->0K(8832K) From: 0K(1088K)->0K(1088K)
[19.245s][info ][gc,heap        ] GC(384) Tenured: 2071K(21888K)->2071K(21888K)
[19.245s][info ][gc,metaspace   ] GC(384) Metaspace: 369K(512K)->369K(512K) NonClass: 306K(384K)->306K(384K) Class: 63K(128K)->63K(128K)
[19.245s][debug][gc,heap        ] GC(384) Heap after GC invocations=385 (full 12):
[19.245s][debug][gc,heap        ] GC(384)  def new generation   total 9920K, used 0K [0x0000120000200000, 0x0000120000cc0000, 0x000012000aca0000)
[19.245s][debug][gc,heap        ] GC(384)   eden space 8832K,   0% used [0x0000120000200000, 0x0000120000200000, 0x0000120000aa0000)
[19.245s][debug][gc,heap        ] GC(384)   from space 1088K,   0% used [0x0000120000bb0000, 0x0000120000bb0130, 0x0000120000cc0000)
[19.245s][debug][gc,heap        ] GC(384)   to   space 1088K,   0% used [0x0000120000aa0000, 0x0000120000aa0000, 0x0000120000bb0000)
[19.245s][debug][gc,heap        ] GC(384)  tenured generation   total 21888K, used 2071K [0x000012000aca0000, 0x000012000c200000, 0x0000120020200000)
[19.245s][debug][gc,heap        ] GC(384)    the space 21888K,   9% used [0x000012000aca0000, 0x000012000aea5e20, 0x000012000aea6000, 0x000012000c200000)
[19.245s][debug][gc,heap        ] GC(384)  Metaspace       used 369K, committed 512K, reserved 1114112K
[19.245s][debug][gc,heap        ] GC(384)   class space    used 63K, committed 128K, reserved 1048576K
[19.245s][info ][gc             ] GC(384) Pause Young (Allocation Failure) 10M->2M(31M) 0.587ms
[19.245s][info ][gc,cpu         ] GC(384) User=0.00s Sys=0.00s Real=0.00s
[19.246s][info ][safepoint      ] Safepoint "GenCollectForAllocation", Time since last: 48507542 ns, Reaching safepoint: 76345 ns, Cleanup: 3355 ns, At safepoint: 631596 ns, Total: 711296 ns
[19.294s][info ][gc,start       ] GC(385) Pause Young (Allocation Failure)
[19.294s][debug][gc,heap        ] GC(385) Heap before GC invocations=385 (full 12):
[19.294s][debug][gc,heap        ] GC(385)  def new generation   total 9920K, used 8832K [0x0000120000200000, 0x0000120000cc0000, 0x000012000aca0000)
[19.294s][debug][gc,heap        ] GC(385)   eden space 8832K, 100% used [0x0000120000200000, 0x0000120000aa0000, 0x0000120000aa0000)
[19.294s][debug][gc,heap        ] GC(385)   from space 1088K,   0% used [0x0000120000bb0000, 0x0000120000bb0130, 0x0000120000cc0000)
[19.294s][debug][gc,heap        ] GC(385)   to   space 1088K,   0% used [0x0000120000aa0000, 0x0000120000aa0000, 0x0000120000bb0000)
[19.294s][debug][gc,heap        ] GC(385)  tenured generation   total 21888K, used 2071K [0x000012000aca0000, 0x000012000c200000, 0x0000120020200000)
[19.294s][debug][gc,heap        ] GC(385)    the space 21888K,   9% used [0x000012000aca0000, 0x000012000aea5e20, 0x000012000aea6000, 0x000012000c200000)
[19.294s][debug][gc,heap        ] GC(385)  Metaspace       used 369K, committed 512K, reserved 1114112K
[19.294s][debug][gc,heap        ] GC(385)   class space    used 63K, committed 128K, reserved 1048576K
[19.294s][debug][gc,tlab        ] GC(385) TLAB totals: thrds: 2  refills: 101 max: 51 slow allocs: 0 max 0 waste:  0.0% gc: 0B max: 0B slow: 2720B max: 1432B
[19.294s][debug][gc,ref         ] GC(385) Skipped SoftWeakFinalRefsPhase of Reference Processing: no references
[19.294s][debug][gc,ref         ] GC(385) Skipped KeepAliveFinalRefsPhase of Reference Processing: no references
[19.294s][debug][gc,ref         ] GC(385) Skipped PhantomRefsPhase of Reference Processing: no references
[19.294s][debug][gc,phases,ref  ] GC(385) Reference Processing: 0.0ms
[19.294s][debug][gc,phases,ref  ] GC(385)   Notify Soft/WeakReferences: 0.0ms
[19.294s][debug][gc,phases,ref  ] GC(385)     SoftRef: skipped
[19.294s][debug][gc,phases,ref  ] GC(385)     WeakRef: skipped
[19.294s][debug][gc,phases,ref  ] GC(385)     FinalRef: skipped
[19.294s][debug][gc,phases,ref  ] GC(385)     Total: skipped
[19.294s][debug][gc,phases,ref  ] GC(385)   Notify and keep alive finalizable: 0.0ms
[19.294s][debug][gc,phases,ref  ] GC(385)     FinalRef: skipped
[19.294s][debug][gc,phases,ref  ] GC(385)   Notify PhantomReferences: 0.0ms
[19.294s][debug][gc,phases,ref  ] GC(385)     PhantomRef: skipped
[19.294s][debug][gc,phases,ref  ] GC(385)   SoftReference Discovered: 0, Dropped: 0, Processed: 0
[19.294s][debug][gc,phases,ref  ] GC(385)   WeakReference Discovered: 0, Dropped: 0, Processed: 0
[19.294s][debug][gc,phases,ref  ] GC(385)   FinalReference Discovered: 0, Dropped: 0, Processed: 0
[19.294s][debug][gc,phases,ref  ] GC(385)   PhantomReference Discovered: 0, Dropped: 0, Processed: 0
[19.294s][debug][gc,age         ] GC(385) Desired survivor size 557056 bytes, new threshold 15 (max threshold 15)
[19.294s][info ][gc,heap        ] GC(385) DefNew: 8832K(9920K)->0K(9920K) Eden: 8832K(8832K)->0K(8832K) From: 0K(1088K)->0K(1088K)
[19.294s][info ][gc,heap        ] GC(385) Tenured: 2071K(21888K)->2071K(21888K)
[19.294s][info ][gc,metaspace   ] GC(385) Metaspace: 369K(512K)->369K(512K) NonClass: 306K(384K)->306K(384K) Class: 63K(128K)->63K(128K)
[19.294s][debug][gc,heap        ] GC(385) Heap after GC invocations=386 (full 12):
[19.294s][debug][gc,heap        ] GC(385)  def new generation   total 9920K, used 0K [0x0000120000200000, 0x0000120000cc0000, 0x000012000aca0000)
[19.294s][debug][gc,heap        ] GC(385)   eden space 8832K,   0% used [0x0000120000200000, 0x0000120000200000, 0x0000120000aa0000)
[19.294s][debug][gc,heap        ] GC(385)   from space 1088K,   0% used [0x0000120000aa0000, 0x0000120000aa00f8, 0x0000120000bb0000)
[19.294s][debug][gc,heap        ] GC(385)   to   space 1088K,   0% used [0x0000120000bb0000, 0x0000120000bb0000, 0x0000120000cc0000)
[19.294s][debug][gc,heap        ] GC(385)  tenured generation   total 21888K, used 2071K [0x000012000aca0000, 0x000012000c200000, 0x0000120020200000)
[19.294s][debug][gc,heap        ] GC(385)    the space 21888K,   9% used [0x000012000aca0000, 0x000012000aea5e20, 0x000012000aea6000, 0x000012000c200000)
[19.294s][debug][gc,heap        ] GC(385)  Metaspace       used 369K, committed 512K, reserved 1114112K
[19.294s][debug][gc,heap        ] GC(385)   class space    used 63K, committed 128K, reserved 1048576K
[19.294s][info ][gc             ] GC(385) Pause Young (Allocation Failure) 10M->2M(31M) 0.582ms
[19.294s][info ][gc,cpu         ] GC(385) User=0.00s Sys=0.00s Real=0.00s
[19.294s][info ][safepoint      ] Safepoint "GenCollectForAllocation", Time since last: 48029129 ns, Reaching safepoint: 3017 ns, Cleanup: 3673 ns, At safepoint: 621043 ns, Total: 627733 ns
[19.342s][info ][gc,start       ] GC(386) Pause Young (Allocation Failure)
[19.342s][debug][gc,heap        ] GC(386) Heap before GC invocations=386 (full 12):
[19.342s][debug][gc,heap        ] GC(386)  def new generation   total 9920K, used 8832K [0x0000120000200000, 0x0000120000cc0000, 0x000012000aca0000)
[19.342s][debug][gc,heap        ] GC(386)   eden space 8832K, 100% used [0x0000120000200000, 0x0000120000aa0000, 0x0000120000aa0000)
[19.342s][debug][gc,heap        ] GC(386)   from space 1088K,   0% used [0x0000120000aa0000, 0x0000120000aa00f8, 0x0000120000bb0000)
[19.342s][debug][gc,heap        ] GC(386)   to   space 1088K,   0% used [0x0000120000bb0000, 0x0000120000bb0000, 0x0000120000cc0000)
[19.342s][debug][gc,heap        ] GC(386)  tenured generation   total 21888K, used 2071K [0x000012000aca0000, 0x000012000c200000, 0x0000120020200000)
[19.342s][debug][gc,heap        ] GC(386)    the space 21888K,   9% used [0x000012000aca0000, 0x000012000aea5e20, 0x000012000aea6000, 0x000012000c200000)
[19.342s][debug][gc,heap        ] GC(386)  Metaspace       used 369K, committed 512K, reserved 1114112K
[19.342s][debug][gc,heap        ] GC(386)   class space    used 63K, committed 128K, reserved 1048576K
[19.342s][debug][gc,tlab        ] GC(386) TLAB totals: thrds: 2  refills: 100 max: 50 slow allocs: 0 max 0 waste:  0.3% gc: 21672B max: 21672B slow: 2480B max: 1280B
[19.343s][debug][gc,ref         ] GC(386) Skipped SoftWeakFinalRefsPhase of Reference Processing: no references
[19.343s][debug][gc,ref         ] GC(386) Skipped KeepAliveFinalRefsPhase of Reference Processing: no references
[19.343s][debug][gc,ref         ] GC(386) Skipped PhantomRefsPhase of Reference Processing: no references
[19.343s][debug][gc,phases,ref  ] GC(386) Reference Processing: 0.0ms
[19.343s][debug][gc,phases,ref  ] GC(386)   Notify Soft/WeakReferences: 0.0ms
[19.343s][debug][gc,phases,ref  ] GC(386)     SoftRef: skipped
[19.343s][debug][gc,phases,ref  ] GC(386)     WeakRef: skipped
[19.343s][debug][gc,phases,ref  ] GC(386)     FinalRef: skipped
[19.343s][debug][gc,phases,ref  ] GC(386)     Total: skipped
[19.343s][debug][gc,phases,ref  ] GC(386)   Notify and keep alive finalizable: 0.0ms
[19.343s][debug][gc,phases,ref  ] GC(386)     FinalRef: skipped
[19.343s][debug][gc,phases,ref  ] GC(386)   Notify PhantomReferences: 0.0ms
[19.343s][debug][gc,phases,ref  ] GC(386)     PhantomRef: skipped
[19.343s][debug][gc,phases,ref  ] GC(386)   SoftReference Discovered: 0, Dropped: 0, Processed: 0
[19.343s][debug][gc,phases,ref  ] GC(386)   WeakReference Discovered: 0, Dropped: 0, Processed: 0
[19.343s][debug][gc,phases,ref  ] GC(386)   FinalReference Discovered: 0, Dropped: 0, Processed: 0
[19.343s][debug][gc,phases,ref  ] GC(386)   PhantomReference Discovered: 0, Dropped: 0, Processed: 0
[19.343s][debug][gc,age         ] GC(386) Desired survivor size 557056 bytes, new threshold 15 (max threshold 15)
[19.343s][info ][gc,heap        ] GC(386) DefNew: 8832K(9920K)->0K(9920K) Eden: 8832K(8832K)->0K(8832K) From: 0K(1088K)->0K(1088K)
[19.343s][info ][gc,heap        ] GC(386) Tenured: 2071K(21888K)->2071K(21888K)
[19.343s][info ][gc,metaspace   ] GC(386) Metaspace: 369K(512K)->369K(512K) NonClass: 306K(384K)->306K(384K) Class: 63K(128K)->63K(128K)
[19.343s][debug][gc,heap        ] GC(386) Heap after GC invocations=387 (full 12):
[19.343s][debug][gc,heap        ] GC(386)  def new generation   total 9920K, used 0K [0x0000120000200000, 0x0000120000cc0000, 0x000012000aca0000)
[19.343s][debug][gc,heap        ] GC(386)   eden space 8832K,   0% used [0x0000120000200000, 0x0000120000200000, 0x0000120000aa0000)
[19.343s][debug][gc,heap        ] GC(386)   from space 1088K,   0% used [0x0000120000bb0000, 0x0000120000bb0138, 0x0000120000cc0000)
[19.343s][debug][gc,heap        ] GC(386)   to   space 1088K,   0% used [0x0000120000aa0000, 0x0000120000aa0000, 0x0000120000bb0000)
[19.343s][debug][gc,heap        ] GC(386)  tenured generation   total 21888K, used 2071K [0x000012000aca0000, 0x000012000c200000, 0x0000120020200000)
[19.343s][debug][gc,heap        ] GC(386)    the space 21888K,   9% used [0x000012000aca0000, 0x000012000aea5e20, 0x000012000aea6000, 0x000012000c200000)
[19.343s][debug][gc,heap        ] GC(386)  Metaspace       used 369K, committed 512K, reserved 1114112K
[19.343s][debug][gc,heap        ] GC(386)   class space    used 63K, committed 128K, reserved 1048576K
[19.343s][info ][gc             ] GC(386) Pause Young (Allocation Failure) 10M->2M(31M) 0.597ms
[19.343s][info ][gc,cpu         ] GC(386) User=0.00s Sys=0.00s Real=0.01s
[19.343s][info ][safepoint      ] Safepoint "GenCollectForAllocation", Time since last: 48071482 ns, Reaching safepoint: 3472 ns, Cleanup: 3599 ns, At safepoint: 647588 ns, Total: 654659 ns
[19.395s][info ][gc,start       ] GC(387) Pause Young (Allocation Failure)
[19.395s][debug][gc,heap        ] GC(387) Heap before GC invocations=387 (full 12):
[19.395s][debug][gc,heap        ] GC(387)  def new generation   total 9920K, used 8832K [0x0000120000200000, 0x0000120000cc0000, 0x000012000aca0000)
[19.395s][debug][gc,heap        ] GC(387)   eden space 8832K, 100% used [0x0000120000200000, 0x0000120000aa0000, 0x0000120000aa0000)
[19.395s][debug][gc,heap        ] GC(387)   from space 1088K,   0% used [0x0000120000bb0000, 0x0000120000bb0138, 0x0000120000cc0000)
[19.395s][debug][gc,heap        ] GC(387)   to   space 1088K,   0% used [0x0000120000aa0000, 0x0000120000aa0000, 0x0000120000bb0000)
[19.395s][debug][gc,heap        ] GC(387)  tenured generation   total 21888K, used 2071K [0x000012000aca0000, 0x000012000c200000, 0x0000120020200000)
[19.395s][debug][gc,heap        ] GC(387)    the space 21888K,   9% used [0x000012000aca0000, 0x000012000aea5e20, 0x000012000aea6000, 0x000012000c200000)
[19.395s][debug][gc,heap        ] GC(387)  Metaspace       used 369K, committed 512K, reserved 1114112K
[19.395s][debug][gc,heap        ] GC(387)   class space    used 63K, committed 128K, reserved 1048576K
[19.395s][debug][gc,tlab        ] GC(387) TLAB totals: thrds: 2  refills: 101 max: 51 slow allocs: 0 max 0 waste:  0.6% gc: 54704B max: 54704B slow: 2312B max: 1304B
[19.395s][debug][gc,ref         ] GC(387) Skipped SoftWeakFinalRefsPhase of Reference Processing: no references
[19.395s][debug][gc,ref         ] GC(387) Skipped KeepAliveFinalRefsPhase of Reference Processing: no references
[19.395s][debug][gc,ref         ] GC(387) Skipped PhantomRefsPhase of Reference Processing: no references
[19.395s][debug][gc,phases,ref  ] GC(387) Reference Processing: 0.0ms
[19.395s][debug][gc,phases,ref  ] GC(387)   Notify Soft/WeakReferences: 0.0ms
[19.395s][debug][gc,phases,ref  ] GC(387)     SoftRef: skipped
[19.395s][debug][gc,phases,ref  ] GC(387)     WeakRef: skipped
[19.395s][debug][gc,phases,ref  ] GC(387)     FinalRef: skipped
[19.395s][debug][gc,phases,ref  ] GC(387)     Total: skipped
[19.395s][debug][gc,phases,ref  ] GC(387)   Notify and keep alive finalizable: 0.0ms
[19.395s][debug][gc,phases,ref  ] GC(387)     FinalRef: skipped
[19.395s][debug][gc,phases,ref  ] GC(387)   Notify PhantomReferences: 0.0ms
[19.395s][debug][gc,phases,ref  ] GC(387)     PhantomRef: skipped
[19.395s][debug][gc,phases,ref  ] GC(387)   SoftReference Discovered: 0, Dropped: 0, Processed: 0
[19.395s][debug][gc,phases,ref  ] GC(387)   WeakReference Discovered: 0, Dropped: 0, Processed: 0
[19.395s][debug][gc,phases,ref  ] GC(387)   FinalReference Discovered: 0, Dropped: 0, Processed: 0
[19.395s][debug][gc,phases,ref  ] GC(387)   PhantomReference Discovered: 0, Dropped: 0, Processed: 0
[19.395s][debug][gc,age         ] GC(387) Desired survivor size 557056 bytes, new threshold 15 (max threshold 15)
[19.395s][info ][gc,heap        ] GC(387) DefNew: 8832K(9920K)->0K(9920K) Eden: 8832K(8832K)->0K(8832K) From: 0K(1088K)->0K(1088K)
[19.395s][info ][gc,heap        ] GC(387) Tenured: 2071K(21888K)->2071K(21888K)
[19.395s][info ][gc,metaspace   ] GC(387) Metaspace: 369K(512K)->369K(512K) NonClass: 306K(384K)->306K(384K) Class: 63K(128K)->63K(128K)
[19.395s][debug][gc,heap        ] GC(387) Heap after GC invocations=388 (full 12):
[19.395s][debug][gc,heap        ] GC(387)  def new generation   total 9920K, used 0K [0x0000120000200000, 0x0000120000cc0000, 0x000012000aca0000)
[19.395s][debug][gc,heap        ] GC(387)   eden space 8832K,   0% used [0x0000120000200000, 0x0000120000200000, 0x0000120000aa0000)
[19.395s][debug][gc,heap        ] GC(387)   from space 1088K,   0% used [0x0000120000aa0000, 0x0000120000aa0130, 0x0000120000bb0000)
[19.395s][debug][gc,heap        ] GC(387)   to   space 1088K,   0% used [0x0000120000bb0000, 0x0000120000bb0000, 0x0000120000cc0000)
[19.395s][debug][gc,heap        ] GC(387)  tenured generation   total 21888K, used 2071K [0x000012000aca0000, 0x000012000c200000, 0x0000120020200000)
[19.395s][debug][gc,heap        ] GC(387)    the space 21888K,   9% used [0x000012000aca0000, 0x000012000aea5e20, 0x000012000aea6000, 0x000012000c200000)
[19.395s][debug][gc,heap        ] GC(387)  Metaspace       used 369K, committed 512K, reserved 1114112K
[19.395s][debug][gc,heap        ] GC(387)   class space    used 63K, committed 128K, reserved 1048576K
[19.395s][info ][gc             ] GC(387) Pause Young (Allocation Failure) 10M->2M(31M) 0.578ms
[19.395s][info ][gc,cpu         ] GC(387) User=0.00s Sys=0.00s Real=0.00s
[19.395s][info ][safepoint      ] Safepoint "GenCollectForAllocation", Time since last: 51622677 ns, Reaching safepoint: 76926 ns, Cleanup: 3330 ns, At safepoint: 620229 ns, Total: 700485 ns
[19.443s][info ][gc,start       ] GC(388) Pause Young (Allocation Failure)
[19.443s][debug][gc,heap        ] GC(388) Heap before GC invocations=388 (full 12):
[19.443s][debug][gc,heap        ] GC(388)  def new generation   total 9920K, used 8832K [0x0000120000200000, 0x0000120000cc0000, 0x000012000aca0000)
[19.444s][debug][gc,heap        ] GC(388)   eden space 8832K, 100% used [0x0000120000200000, 0x0000120000aa0000, 0x0000120000aa0000)
[19.444s][debug][gc,heap        ] GC(388)   from space 1088K,   0% used [0x0000120000aa0000, 0x0000120000aa0130, 0x0000120000bb0000)
[19.444s][debug][gc,heap        ] GC(388)   to   space 1088K,   0% used [0x0000120000bb0000, 0x0000120000bb0000, 0x0000120000cc0000)
[19.444s][debug][gc,heap        ] GC(388)  tenured generation   total 21888K, used 2071K [0x000012000aca0000, 0x000012000c200000, 0x0000120020200000)
[19.444s][debug][gc,heap        ] GC(388)    the space 21888K,   9% used [0x000012000aca0000, 0x000012000aea5e20, 0x000012000aea6000, 0x000012000c200000)
[19.444s][debug][gc,heap        ] GC(388)  Metaspace       used 369K, committed 512K, reserved 1114112K
[19.444s][debug][gc,heap        ] GC(388)   class space    used 63K, committed 128K, reserved 1048576K
[19.444s][debug][gc,tlab        ] GC(388) TLAB totals: thrds: 2  refills: 101 max: 51 slow allocs: 0 max 0 waste:  0.1% gc: 4792B max: 4792B slow: 2592B max: 1408B
[19.444s][debug][gc,ref         ] GC(388) Skipped SoftWeakFinalRefsPhase of Reference Processing: no references
[19.444s][debug][gc,ref         ] GC(388) Skipped KeepAliveFinalRefsPhase of Reference Processing: no references
[19.444s][debug][gc,ref         ] GC(388) Skipped PhantomRefsPhase of Reference Processing: no references
[19.444s][debug][gc,phases,ref  ] GC(388) Reference Processing: 0.0ms
[19.444s][debug][gc,phases,ref  ] GC(388)   Notify Soft/WeakReferences: 0.0ms
[19.444s][debug][gc,phases,ref  ] GC(388)     SoftRef: skipped
[19.444s][debug][gc,phases,ref  ] GC(388)     WeakRef: skipped
[19.444s][debug][gc,phases,ref  ] GC(388)     FinalRef: skipped
[19.444s][debug][gc,phases,ref  ] GC(388)     Total: skipped
[19.444s][debug][gc,phases,ref  ] GC(388)   Notify and keep alive finalizable: 0.0ms
[19.444s][debug][gc,phases,ref  ] GC(388)     FinalRef: skipped
[19.444s][debug][gc,phases,ref  ] GC(388)   Notify PhantomReferences: 0.0ms
[19.444s][debug][gc,phases,ref  ] GC(388)     PhantomRef: skipped
[19.444s][debug][gc,phases,ref  ] GC(388)   SoftReference Discovered: 0, Dropped: 0, Processed: 0
[19.444s][debug][gc,phases,ref  ] GC(388)   WeakReference Discovered: 0, Dropped: 0, Processed: 0
[19.444s][debug][gc,phases,ref  ] GC(388)   FinalReference Discovered: 0, Dropped: 0, Processed: 0
[19.444s][debug][gc,phases,ref  ] GC(388)   PhantomReference Discovered: 0, Dropped: 0, Processed: 0
[19.444s][debug][gc,age         ] GC(388) Desired survivor size 557056 bytes, new threshold 15 (max threshold 15)
[19.444s][info ][gc,heap        ] GC(388) DefNew: 8832K(9920K)->0K(9920K) Eden: 8832K(8832K)->0K(8832K) From: 0K(1088K)->0K(1088K)
[19.444s][info ][gc,heap        ] GC(388) Tenured: 2071K(21888K)->2071K(21888K)
[19.444s][info ][gc,metaspace   ] GC(388) Metaspace: 369K(512K)->369K(512K) NonClass: 306K(384K)->306K(384K) Class: 63K(128K)->63K(128K)
[19.444s][debug][gc,heap        ] GC(388) Heap after GC invocations=389 (full 12):
[19.444s][debug][gc,heap        ] GC(388)  def new generation   total 9920K, used 0K [0x0000120000200000, 0x0000120000cc0000, 0x000012000aca0000)
[19.444s][debug][gc,heap        ] GC(388)   eden space 8832K,   0% used [0x0000120000200000, 0x0000120000200000, 0x0000120000aa0000)
[19.444s][debug][gc,heap        ] GC(388)   from space 1088K,   0% used [0x0000120000bb0000, 0x0000120000bb0130, 0x0000120000cc0000)
[19.444s][debug][gc,heap        ] GC(388)   to   space 1088K,   0% used [0x0000120000aa0000, 0x0000120000aa0000, 0x0000120000bb0000)
[19.444s][debug][gc,heap        ] GC(388)  tenured generation   total 21888K, used 2071K [0x000012000aca0000, 0x000012000c200000, 0x0000120020200000)
[19.444s][debug][gc,heap        ] GC(388)    the space 21888K,   9% used [0x000012000aca0000, 0x000012000aea5e20, 0x000012000aea6000, 0x000012000c200000)
[19.444s][debug][gc,heap        ] GC(388)  Metaspace       used 369K, committed 512K, reserved 1114112K
[19.444s][debug][gc,heap        ] GC(388)   class space    used 63K, committed 128K, reserved 1048576K
[19.444s][info ][gc             ] GC(388) Pause Young (Allocation Failure) 10M->2M(31M) 0.718ms
[19.444s][info ][gc,cpu         ] GC(388) User=0.00s Sys=0.00s Real=0.00s
[19.444s][info ][safepoint      ] Safepoint "GenCollectForAllocation", Time since last: 48200394 ns, Reaching safepoint: 3552 ns, Cleanup: 3069 ns, At safepoint: 761875 ns, Total: 768496 ns
[19.492s][info ][gc,start       ] GC(389) Pause Young (Allocation Failure)
[19.492s][debug][gc,heap        ] GC(389) Heap before GC invocations=389 (full 12):
[19.492s][debug][gc,heap        ] GC(389)  def new generation   total 9920K, used 8832K [0x0000120000200000, 0x0000120000cc0000, 0x000012000aca0000)
[19.492s][debug][gc,heap        ] GC(389)   eden space 8832K, 100% used [0x0000120000200000, 0x0000120000aa0000, 0x0000120000aa0000)
[19.492s][debug][gc,heap        ] GC(389)   from space 1088K,   0% used [0x0000120000bb0000, 0x0000120000bb0130, 0x0000120000cc0000)
[19.492s][debug][gc,heap        ] GC(389)   to   space 1088K,   0% used [0x0000120000aa0000, 0x0000120000aa0000, 0x0000120000bb0000)
[19.492s][debug][gc,heap        ] GC(389)  tenured generation   total 21888K, used 2071K [0x000012000aca0000, 0x000012000c200000, 0x0000120020200000)
[19.492s][debug][gc,heap        ] GC(389)    the space 21888K,   9% used [0x000012000aca0000, 0x000012000aea5e20, 0x000012000aea6000, 0x000012000c200000)
[19.492s][debug][gc,heap        ] GC(389)  Metaspace       used 369K, committed 512K, reserved 1114112K
[19.492s][debug][gc,heap        ] GC(389)   class space    used 63K, committed 128K, reserved 1048576K
[19.492s][debug][gc,tlab        ] GC(389) TLAB totals: thrds: 2  refills: 101 max: 51 slow allocs: 0 max 0 waste:  0.4% gc: 29352B max: 29352B slow: 2528B max: 1264B
[19.492s][debug][gc,ref         ] GC(389) Skipped SoftWeakFinalRefsPhase of Reference Processing: no references
[19.492s][debug][gc,ref         ] GC(389) Skipped KeepAliveFinalRefsPhase of Reference Processing: no references
[19.492s][debug][gc,ref         ] GC(389) Skipped PhantomRefsPhase of Reference Processing: no references
[19.492s][debug][gc,phases,ref  ] GC(389) Reference Processing: 0.0ms
[19.492s][debug][gc,phases,ref  ] GC(389)   Notify Soft/WeakReferences: 0.0ms
[19.492s][debug][gc,phases,ref  ] GC(389)     SoftRef: skipped
[19.492s][debug][gc,phases,ref  ] GC(389)     WeakRef: skipped
[19.492s][debug][gc,phases,ref  ] GC(389)     FinalRef: skipped
[19.492s][debug][gc,phases,ref  ] GC(389)     Total: skipped
[19.492s][debug][gc,phases,ref  ] GC(389)   Notify and keep alive finalizable: 0.0ms
[19.492s][debug][gc,phases,ref  ] GC(389)     FinalRef: skipped
[19.492s][debug][gc,phases,ref  ] GC(389)   Notify PhantomReferences: 0.0ms
[19.492s][debug][gc,phases,ref  ] GC(389)     PhantomRef: skipped
[19.492s][debug][gc,phases,ref  ] GC(389)   SoftReference Discovered: 0, Dropped: 0, Processed: 0
[19.492s][debug][gc,phases,ref  ] GC(389)   WeakReference Discovered: 0, Dropped: 0, Processed: 0
[19.492s][debug][gc,phases,ref  ] GC(389)   FinalReference Discovered: 0, Dropped: 0, Processed: 0
[19.492s][debug][gc,phases,ref  ] GC(389)   PhantomReference Discovered: 0, Dropped: 0, Processed: 0
[19.492s][debug][gc,age         ] GC(389) Desired survivor size 557056 bytes, new threshold 15 (max threshold 15)
[19.492s][info ][gc,heap        ] GC(389) DefNew: 8832K(9920K)->0K(9920K) Eden: 8832K(8832K)->0K(8832K) From: 0K(1088K)->0K(1088K)
[19.492s][info ][gc,heap        ] GC(389) Tenured: 2071K(21888K)->2071K(21888K)
[19.492s][info ][gc,metaspace   ] GC(389) Metaspace: 369K(512K)->369K(512K) NonClass: 306K(384K)->306K(384K) Class: 63K(128K)->63K(128K)
[19.492s][debug][gc,heap        ] GC(389) Heap after GC invocations=390 (full 12):
[19.492s][debug][gc,heap        ] GC(389)  def new generation   total 9920K, used 0K [0x0000120000200000, 0x0000120000cc0000, 0x000012000aca0000)
[19.492s][debug][gc,heap        ] GC(389)   eden space 8832K,   0% used [0x0000120000200000, 0x0000120000200000, 0x0000120000aa0000)
[19.492s][debug][gc,heap        ] GC(389)   from space 1088K,   0% used [0x0000120000aa0000, 0x0000120000aa0138, 0x0000120000bb0000)
[19.492s][debug][gc,heap        ] GC(389)   to   space 1088K,   0% used [0x0000120000bb0000, 0x0000120000bb0000, 0x0000120000cc0000)
[19.492s][debug][gc,heap        ] GC(389)  tenured generation   total 21888K, used 2071K [0x000012000aca0000, 0x000012000c200000, 0x0000120020200000)
[19.492s][debug][gc,heap        ] GC(389)    the space 21888K,   9% used [0x000012000aca0000, 0x000012000aea5e20, 0x000012000aea6000, 0x000012000c200000)
[19.492s][debug][gc,heap        ] GC(389)  Metaspace       used 369K, committed 512K, reserved 1114112K
[19.492s][debug][gc,heap        ] GC(389)   class space    used 63K, committed 128K, reserved 1048576K
[19.492s][info ][gc             ] GC(389) Pause Young (Allocation Failure) 10M->2M(31M) 0.618ms
[19.492s][info ][gc,cpu         ] GC(389) User=0.00s Sys=0.00s Real=0.00s
[19.492s][info ][safepoint      ] Safepoint "GenCollectForAllocation", Time since last: 47624613 ns, Reaching safepoint: 3149 ns, Cleanup: 3502 ns, At safepoint: 671491 ns, Total: 678142 ns
[19.542s][info ][gc,start       ] GC(390) Pause Young (Allocation Failure)
[19.542s][debug][gc,heap        ] GC(390) Heap before GC invocations=390 (full 12):
[19.542s][debug][gc,heap        ] GC(390)  def new generation   total 9920K, used 8832K [0x0000120000200000, 0x0000120000cc0000, 0x000012000aca0000)
[19.542s][debug][gc,heap        ] GC(390)   eden space 8832K, 100% used [0x0000120000200000, 0x0000120000aa0000, 0x0000120000aa0000)
[19.542s][debug][gc,heap        ] GC(390)   from space 1088K,   0% used [0x0000120000aa0000, 0x0000120000aa0138, 0x0000120000bb0000)
[19.542s][debug][gc,heap        ] GC(390)   to   space 1088K,   0% used [0x0000120000bb0000, 0x0000120000bb0000, 0x0000120000cc0000)
[19.542s][debug][gc,heap        ] GC(390)  tenured generation   total 21888K, used 2071K [0x000012000aca0000, 0x000012000c200000, 0x0000120020200000)
[19.542s][debug][gc,heap        ] GC(390)    the space 21888K,   9% used [0x000012000aca0000, 0x000012000aea5e20, 0x000012000aea6000, 0x000012000c200000)
[19.542s][debug][gc,heap        ] GC(390)  Metaspace       used 369K, committed 512K, reserved 1114112K
[19.542s][debug][gc,heap        ] GC(390)   class space    used 63K, committed 128K, reserved 1048576K
[19.542s][debug][gc,tlab        ] GC(390) TLAB totals: thrds: 2  refills: 101 max: 52 slow allocs: 0 max 0 waste:  0.4% gc: 34112B max: 34112B slow: 2640B max: 1360B
[19.542s][debug][gc,ref         ] GC(390) Skipped SoftWeakFinalRefsPhase of Reference Processing: no references
[19.542s][debug][gc,ref         ] GC(390) Skipped KeepAliveFinalRefsPhase of Reference Processing: no references
[19.542s][debug][gc,ref         ] GC(390) Skipped PhantomRefsPhase of Reference Processing: no references
[19.542s][debug][gc,phases,ref  ] GC(390) Reference Processing: 0.0ms
[19.542s][debug][gc,phases,ref  ] GC(390)   Notify Soft/WeakReferences: 0.0ms
[19.542s][debug][gc,phases,ref  ] GC(390)     SoftRef: skipped
[19.542s][debug][gc,phases,ref  ] GC(390)     WeakRef: skipped
[19.542s][debug][gc,phases,ref  ] GC(390)     FinalRef: skipped
[19.542s][debug][gc,phases,ref  ] GC(390)     Total: skipped
[19.542s][debug][gc,phases,ref  ] GC(390)   Notify and keep alive finalizable: 0.0ms
[19.542s][debug][gc,phases,ref  ] GC(390)     FinalRef: skipped
[19.542s][debug][gc,phases,ref  ] GC(390)   Notify PhantomReferences: 0.0ms
[19.542s][debug][gc,phases,ref  ] GC(390)     PhantomRef: skipped
[19.542s][debug][gc,phases,ref  ] GC(390)   SoftReference Discovered: 0, Dropped: 0, Processed: 0
[19.542s][debug][gc,phases,ref  ] GC(390)   WeakReference Discovered: 0, Dropped: 0, Processed: 0
[19.542s][debug][gc,phases,ref  ] GC(390)   FinalReference Discovered: 0, Dropped: 0, Processed: 0
[19.542s][debug][gc,phases,ref  ] GC(390)   PhantomReference Discovered: 0, Dropped: 0, Processed: 0
[19.542s][debug][gc,age         ] GC(390) Desired survivor size 557056 bytes, new threshold 15 (max threshold 15)
[19.542s][info ][gc,heap        ] GC(390) DefNew: 8832K(9920K)->0K(9920K) Eden: 8832K(8832K)->0K(8832K) From: 0K(1088K)->0K(1088K)
[19.542s][info ][gc,heap        ] GC(390) Tenured: 2071K(21888K)->2071K(21888K)
[19.542s][info ][gc,metaspace   ] GC(390) Metaspace: 369K(512K)->369K(512K) NonClass: 306K(384K)->306K(384K) Class: 63K(128K)->63K(128K)
[19.542s][debug][gc,heap        ] GC(390) Heap after GC invocations=391 (full 12):
[19.542s][debug][gc,heap        ] GC(390)  def new generation   total 9920K, used 0K [0x0000120000200000, 0x0000120000cc0000, 0x000012000aca0000)
[19.542s][debug][gc,heap        ] GC(390)   eden space 8832K,   0% used [0x0000120000200000, 0x0000120000200000, 0x0000120000aa0000)
[19.542s][debug][gc,heap        ] GC(390)   from space 1088K,   0% used [0x0000120000bb0000, 0x0000120000bb0170, 0x0000120000cc0000)
[19.542s][debug][gc,heap        ] GC(390)   to   space 1088K,   0% used [0x0000120000aa0000, 0x0000120000aa0000, 0x0000120000bb0000)
[19.542s][debug][gc,heap        ] GC(390)  tenured generation   total 21888K, used 2071K [0x000012000aca0000, 0x000012000c200000, 0x0000120020200000)
[19.542s][debug][gc,heap        ] GC(390)    the space 21888K,   9% used [0x000012000aca0000, 0x000012000aea5e20, 0x000012000aea6000, 0x000012000c200000)
[19.542s][debug][gc,heap        ] GC(390)  Metaspace       used 369K, committed 512K, reserved 1114112K
[19.542s][debug][gc,heap        ] GC(390)   class space    used 63K, committed 128K, reserved 1048576K
[19.542s][info ][gc             ] GC(390) Pause Young (Allocation Failure) 10M->2M(31M) 0.618ms
[19.542s][info ][gc,cpu         ] GC(390) User=0.00s Sys=0.00s Real=0.01s
[19.542s][info ][safepoint      ] Safepoint "GenCollectForAllocation", Time since last: 49218036 ns, Reaching safepoint: 3521 ns, Cleanup: 3566 ns, At safepoint: 641467 ns, Total: 648554 ns
[19.592s][info ][gc,start       ] GC(391) Pause Young (Allocation Failure)
[19.592s][debug][gc,heap        ] GC(391) Heap before GC invocations=391 (full 12):
[19.592s][debug][gc,heap        ] GC(391)  def new generation   total 9920K, used 8832K [0x0000120000200000, 0x0000120000cc0000, 0x000012000aca0000)
[19.592s][debug][gc,heap        ] GC(391)   eden space 8832K, 100% used [0x0000120000200000, 0x0000120000aa0000, 0x0000120000aa0000)
[19.592s][debug][gc,heap        ] GC(391)   from space 1088K,   0% used [0x0000120000bb0000, 0x0000120000bb0170, 0x0000120000cc0000)
[19.593s][debug][gc,heap        ] GC(391)   to   space 1088K,   0% used [0x0000120000aa0000, 0x0000120000aa0000, 0x0000120000bb0000)
[19.593s][debug][gc,heap        ] GC(391)  tenured generation   total 21888K, used 2071K [0x000012000aca0000, 0x000012000c200000, 0x0000120020200000)
[19.593s][debug][gc,heap        ] GC(391)    the space 21888K,   9% used [0x000012000aca0000, 0x000012000aea5e20, 0x000012000aea6000, 0x000012000c200000)
[19.593s][debug][gc,heap        ] GC(391)  Metaspace       used 369K, committed 512K, reserved 1114112K
[19.593s][debug][gc,heap        ] GC(391)   class space    used 63K, committed 128K, reserved 1048576K
[19.593s][debug][gc,tlab        ] GC(391) TLAB totals: thrds: 2  refills: 101 max: 53 slow allocs: 0 max 0 waste:  0.1% gc: 9768B max: 9768B slow: 2576B max: 1352B
[19.593s][debug][gc,ref         ] GC(391) Skipped SoftWeakFinalRefsPhase of Reference Processing: no references
[19.593s][debug][gc,ref         ] GC(391) Skipped KeepAliveFinalRefsPhase of Reference Processing: no references
[19.593s][debug][gc,ref         ] GC(391) Skipped PhantomRefsPhase of Reference Processing: no references
[19.593s][debug][gc,phases,ref  ] GC(391) Reference Processing: 0.0ms
[19.593s][debug][gc,phases,ref  ] GC(391)   Notify Soft/WeakReferences: 0.0ms
[19.593s][debug][gc,phases,ref  ] GC(391)     SoftRef: skipped
[19.593s][debug][gc,phases,ref  ] GC(391)     WeakRef: skipped
[19.593s][debug][gc,phases,ref  ] GC(391)     FinalRef: skipped
[19.593s][debug][gc,phases,ref  ] GC(391)     Total: skipped
[19.593s][debug][gc,phases,ref  ] GC(391)   Notify and keep alive finalizable: 0.0ms
[19.593s][debug][gc,phases,ref  ] GC(391)     FinalRef: skipped
[19.593s][debug][gc,phases,ref  ] GC(391)   Notify PhantomReferences: 0.0ms
[19.593s][debug][gc,phases,ref  ] GC(391)     PhantomRef: skipped
[19.593s][debug][gc,phases,ref  ] GC(391)   SoftReference Discovered: 0, Dropped: 0, Processed: 0
[19.593s][debug][gc,phases,ref  ] GC(391)   WeakReference Discovered: 0, Dropped: 0, Processed: 0
[19.593s][debug][gc,phases,ref  ] GC(391)   FinalReference Discovered: 0, Dropped: 0, Processed: 0
[19.593s][debug][gc,phases,ref  ] GC(391)   PhantomReference Discovered: 0, Dropped: 0, Processed: 0
[19.593s][debug][gc,age         ] GC(391) Desired survivor size 557056 bytes, new threshold 15 (max threshold 15)
[19.593s][info ][gc,heap        ] GC(391) DefNew: 8832K(9920K)->0K(9920K) Eden: 8832K(8832K)->0K(8832K) From: 0K(1088K)->0K(1088K)
[19.593s][info ][gc,heap        ] GC(391) Tenured: 2071K(21888K)->2071K(21888K)
[19.593s][info ][gc,metaspace   ] GC(391) Metaspace: 369K(512K)->369K(512K) NonClass: 306K(384K)->306K(384K) Class: 63K(128K)->63K(128K)
[19.593s][debug][gc,heap        ] GC(391) Heap after GC invocations=392 (full 12):
[19.593s][debug][gc,heap        ] GC(391)  def new generation   total 9920K, used 0K [0x0000120000200000, 0x0000120000cc0000, 0x000012000aca0000)
[19.593s][debug][gc,heap        ] GC(391)   eden space 8832K,   0% used [0x0000120000200000, 0x0000120000200000, 0x0000120000aa0000)
[19.593s][debug][gc,heap        ] GC(391)   from space 1088K,   0% used [0x0000120000aa0000, 0x0000120000aa01a0, 0x0000120000bb0000)
[19.593s][debug][gc,heap        ] GC(391)   to   space 1088K,   0% used [0x0000120000bb0000, 0x0000120000bb0000, 0x0000120000cc0000)
[19.593s][debug][gc,heap        ] GC(391)  tenured generation   total 21888K, used 2071K [0x000012000aca0000, 0x000012000c200000, 0x0000120020200000)
[19.593s][debug][gc,heap        ] GC(391)    the space 21888K,   9% used [0x000012000aca0000, 0x000012000aea5e20, 0x000012000aea6000, 0x000012000c200000)
[19.593s][debug][gc,heap        ] GC(391)  Metaspace       used 369K, committed 512K, reserved 1114112K
[19.593s][debug][gc,heap        ] GC(391)   class space    used 63K, committed 128K, reserved 1048576K
[19.593s][info ][gc             ] GC(391) Pause Young (Allocation Failure) 10M->2M(31M) 0.585ms
[19.593s][info ][gc,cpu         ] GC(391) User=0.00s Sys=0.00s Real=0.00s
[19.593s][info ][safepoint      ] Safepoint "GenCollectForAllocation", Time since last: 50036689 ns, Reaching safepoint: 3559 ns, Cleanup: 3519 ns, At safepoint: 632121 ns, Total: 639199 ns
[19.641s][info ][gc,start       ] GC(392) Pause Young (Allocation Failure)
[19.641s][debug][gc,heap        ] GC(392) Heap before GC invocations=392 (full 12):
[19.641s][debug][gc,heap        ] GC(392)  def new generation   total 9920K, used 8832K [0x0000120000200000, 0x0000120000cc0000, 0x000012000aca0000)
[19.641s][debug][gc,heap        ] GC(392)   eden space 8832K, 100% used [0x0000120000200000, 0x0000120000aa0000, 0x0000120000aa0000)
[19.641s][debug][gc,heap        ] GC(392)   from space 1088K,   0% used [0x0000120000aa0000, 0x0000120000aa01a0, 0x0000120000bb0000)
[19.641s][debug][gc,heap        ] GC(392)   to   space 1088K,   0% used [0x0000120000bb0000, 0x0000120000bb0000, 0x0000120000cc0000)
[19.641s][debug][gc,heap        ] GC(392)  tenured generation   total 21888K, used 2071K [0x000012000aca0000, 0x000012000c200000, 0x0000120020200000)
[19.641s][debug][gc,heap        ] GC(392)    the space 21888K,   9% used [0x000012000aca0000, 0x000012000aea5e20, 0x000012000aea6000, 0x000012000c200000)
[19.641s][debug][gc,heap        ] GC(392)  Metaspace       used 369K, committed 512K, reserved 1114112K
[19.641s][debug][gc,heap        ] GC(392)   class space    used 63K, committed 128K, reserved 1048576K
[19.641s][debug][gc,tlab        ] GC(392) TLAB totals: thrds: 2  refills: 101 max: 51 slow allocs: 0 max 0 waste:  0.1% gc: 7992B max: 7992B slow: 2744B max: 1376B
[19.641s][debug][gc,ref         ] GC(392) Skipped SoftWeakFinalRefsPhase of Reference Processing: no references
[19.641s][debug][gc,ref         ] GC(392) Skipped KeepAliveFinalRefsPhase of Reference Processing: no references
[19.641s][debug][gc,ref         ] GC(392) Skipped PhantomRefsPhase of Reference Processing: no references
[19.642s][debug][gc,phases,ref  ] GC(392) Reference Processing: 0.0ms
[19.642s][debug][gc,phases,ref  ] GC(392)   Notify Soft/WeakReferences: 0.0ms
[19.642s][debug][gc,phases,ref  ] GC(392)     SoftRef: skipped
[19.642s][debug][gc,phases,ref  ] GC(392)     WeakRef: skipped
[19.642s][debug][gc,phases,ref  ] GC(392)     FinalRef: skipped
[19.642s][debug][gc,phases,ref  ] GC(392)     Total: skipped
[19.642s][debug][gc,phases,ref  ] GC(392)   Notify and keep alive finalizable: 0.0ms
[19.642s][debug][gc,phases,ref  ] GC(392)     FinalRef: skipped
[19.642s][debug][gc,phases,ref  ] GC(392)   Notify PhantomReferences: 0.0ms
[19.642s][debug][gc,phases,ref  ] GC(392)     PhantomRef: skipped
[19.642s][debug][gc,phases,ref  ] GC(392)   SoftReference Discovered: 0, Dropped: 0, Processed: 0
[19.642s][debug][gc,phases,ref  ] GC(392)   WeakReference Discovered: 0, Dropped: 0, Processed: 0
[19.642s][debug][gc,phases,ref  ] GC(392)   FinalReference Discovered: 0, Dropped: 0, Processed: 0
[19.642s][debug][gc,phases,ref  ] GC(392)   PhantomReference Discovered: 0, Dropped: 0, Processed: 0
[19.642s][debug][gc,age         ] GC(392) Desired survivor size 557056 bytes, new threshold 15 (max threshold 15)
[19.642s][info ][gc,heap        ] GC(392) DefNew: 8832K(9920K)->0K(9920K) Eden: 8832K(8832K)->0K(8832K) From: 0K(1088K)->0K(1088K)
[19.642s][info ][gc,heap        ] GC(392) Tenured: 2071K(21888K)->2071K(21888K)
[19.642s][info ][gc,metaspace   ] GC(392) Metaspace: 369K(512K)->369K(512K) NonClass: 306K(384K)->306K(384K) Class: 63K(128K)->63K(128K)
[19.642s][debug][gc,heap        ] GC(392) Heap after GC invocations=393 (full 12):
[19.642s][debug][gc,heap        ] GC(392)  def new generation   total 9920K, used 0K [0x0000120000200000, 0x0000120000cc0000, 0x000012000aca0000)
[19.642s][debug][gc,heap        ] GC(392)   eden space 8832K,   0% used [0x0000120000200000, 0x0000120000200000, 0x0000120000aa0000)
[19.642s][debug][gc,heap        ] GC(392)   from space 1088K,   0% used [0x0000120000bb0000, 0x0000120000bb00e8, 0x0000120000cc0000)
[19.642s][debug][gc,heap        ] GC(392)   to   space 1088K,   0% used [0x0000120000aa0000, 0x0000120000aa0000, 0x0000120000bb0000)
[19.642s][debug][gc,heap        ] GC(392)  tenured generation   total 21888K, used 2071K [0x000012000aca0000, 0x000012000c200000, 0x0000120020200000)
[19.642s][debug][gc,heap        ] GC(392)    the space 21888K,   9% used [0x000012000aca0000, 0x000012000aea5e20, 0x000012000aea6000, 0x000012000c200000)
[19.642s][debug][gc,heap        ] GC(392)  Metaspace       used 369K, committed 512K, reserved 1114112K
[19.642s][debug][gc,heap        ] GC(392)   class space    used 63K, committed 128K, reserved 1048576K
[19.642s][info ][gc             ] GC(392) Pause Young (Allocation Failure) 10M->2M(31M) 0.730ms
[19.642s][info ][gc,cpu         ] GC(392) User=0.00s Sys=0.00s Real=0.00s
[19.642s][info ][safepoint      ] Safepoint "GenCollectForAllocation", Time since last: 47974385 ns, Reaching safepoint: 76697 ns, Cleanup: 3328 ns, At safepoint: 775000 ns, Total: 855025 ns
[19.689s][info ][gc,start       ] GC(393) Pause Young (Allocation Failure)
[19.689s][debug][gc,heap        ] GC(393) Heap before GC invocations=393 (full 12):
[19.689s][debug][gc,heap        ] GC(393)  def new generation   total 9920K, used 8832K [0x0000120000200000, 0x0000120000cc0000, 0x000012000aca0000)
[19.689s][debug][gc,heap        ] GC(393)   eden space 8832K, 100% used [0x0000120000200000, 0x0000120000aa0000, 0x0000120000aa0000)
[19.689s][debug][gc,heap        ] GC(393)   from space 1088K,   0% used [0x0000120000bb0000, 0x0000120000bb00e8, 0x0000120000cc0000)
[19.689s][debug][gc,heap        ] GC(393)   to   space 1088K,   0% used [0x0000120000aa0000, 0x0000120000aa0000, 0x0000120000bb0000)
[19.689s][debug][gc,heap        ] GC(393)  tenured generation   total 21888K, used 2071K [0x000012000aca0000, 0x000012000c200000, 0x0000120020200000)
[19.689s][debug][gc,heap        ] GC(393)    the space 21888K,   9% used [0x000012000aca0000, 0x000012000aea5e20, 0x000012000aea6000, 0x000012000c200000)
[19.689s][debug][gc,heap        ] GC(393)  Metaspace       used 369K, committed 512K, reserved 1114112K
[19.689s][debug][gc,heap        ] GC(393)   class space    used 63K, committed 128K, reserved 1048576K
[19.689s][debug][gc,tlab        ] GC(393) TLAB totals: thrds: 2  refills: 101 max: 51 slow allocs: 0 max 0 waste:  0.0% gc: 968B max: 968B slow: 2368B max: 1328B
[19.689s][debug][gc,ref         ] GC(393) Skipped SoftWeakFinalRefsPhase of Reference Processing: no references
[19.689s][debug][gc,ref         ] GC(393) Skipped KeepAliveFinalRefsPhase of Reference Processing: no references
[19.689s][debug][gc,ref         ] GC(393) Skipped PhantomRefsPhase of Reference Processing: no references
[19.689s][debug][gc,phases,ref  ] GC(393) Reference Processing: 0.0ms
[19.689s][debug][gc,phases,ref  ] GC(393)   Notify Soft/WeakReferences: 0.0ms
[19.689s][debug][gc,phases,ref  ] GC(393)     SoftRef: skipped
[19.689s][debug][gc,phases,ref  ] GC(393)     WeakRef: skipped
[19.689s][debug][gc,phases,ref  ] GC(393)     FinalRef: skipped
[19.689s][debug][gc,phases,ref  ] GC(393)     Total: skipped
[19.689s][debug][gc,phases,ref  ] GC(393)   Notify and keep alive finalizable: 0.0ms
[19.689s][debug][gc,phases,ref  ] GC(393)     FinalRef: skipped
[19.689s][debug][gc,phases,ref  ] GC(393)   Notify PhantomReferences: 0.0ms
[19.689s][debug][gc,phases,ref  ] GC(393)     PhantomRef: skipped
[19.689s][debug][gc,phases,ref  ] GC(393)   SoftReference Discovered: 0, Dropped: 0, Processed: 0
[19.689s][debug][gc,phases,ref  ] GC(393)   WeakReference Discovered: 0, Dropped: 0, Processed: 0
[19.689s][debug][gc,phases,ref  ] GC(393)   FinalReference Discovered: 0, Dropped: 0, Processed: 0
[19.689s][debug][gc,phases,ref  ] GC(393)   PhantomReference Discovered: 0, Dropped: 0, Processed: 0
[19.689s][debug][gc,age         ] GC(393) Desired survivor size 557056 bytes, new threshold 15 (max threshold 15)
[19.689s][info ][gc,heap        ] GC(393) DefNew: 8832K(9920K)->0K(9920K) Eden: 8832K(8832K)->0K(8832K) From: 0K(1088K)->0K(1088K)
[19.689s][info ][gc,heap        ] GC(393) Tenured: 2071K(21888K)->2071K(21888K)
[19.689s][info ][gc,metaspace   ] GC(393) Metaspace: 369K(512K)->369K(512K) NonClass: 306K(384K)->306K(384K) Class: 63K(128K)->63K(128K)
[19.689s][debug][gc,heap        ] GC(393) Heap after GC invocations=394 (full 12):
[19.689s][debug][gc,heap        ] GC(393)  def new generation   total 9920K, used 0K [0x0000120000200000, 0x0000120000cc0000, 0x000012000aca0000)
[19.689s][debug][gc,heap        ] GC(393)   eden space 8832K,   0% used [0x0000120000200000, 0x0000120000200000, 0x0000120000aa0000)
[19.689s][debug][gc,heap        ] GC(393)   from space 1088K,   0% used [0x0000120000aa0000, 0x0000120000aa0130, 0x0000120000bb0000)
[19.689s][debug][gc,heap        ] GC(393)   to   space 1088K,   0% used [0x0000120000bb0000, 0x0000120000bb0000, 0x0000120000cc0000)
[19.689s][debug][gc,heap        ] GC(393)  tenured generation   total 21888K, used 2071K [0x000012000aca0000, 0x000012000c200000, 0x0000120020200000)
[19.689s][debug][gc,heap        ] GC(393)    the space 21888K,   9% used [0x000012000aca0000, 0x000012000aea5e20, 0x000012000aea6000, 0x000012000c200000)
[19.689s][debug][gc,heap        ] GC(393)  Metaspace       used 369K, committed 512K, reserved 1114112K
[19.689s][debug][gc,heap        ] GC(393)   class space    used 63K, committed 128K, reserved 1048576K
[19.689s][info ][gc             ] GC(393) Pause Young (Allocation Failure) 10M->2M(31M) 0.585ms
[19.689s][info ][gc,cpu         ] GC(393) User=0.00s Sys=0.00s Real=0.00s
[19.689s][info ][safepoint      ] Safepoint "GenCollectForAllocation", Time since last: 46941683 ns, Reaching safepoint: 3202 ns, Cleanup: 3592 ns, At safepoint: 631458 ns, Total: 638252 ns
[19.739s][info ][gc,start       ] GC(394) Pause Young (Allocation Failure)
[19.739s][debug][gc,heap        ] GC(394) Heap before GC invocations=394 (full 12):
[19.739s][debug][gc,heap        ] GC(394)  def new generation   total 9920K, used 8832K [0x0000120000200000, 0x0000120000cc0000, 0x000012000aca0000)
[19.739s][debug][gc,heap        ] GC(394)   eden space 8832K, 100% used [0x0000120000200000, 0x0000120000aa0000, 0x0000120000aa0000)
[19.739s][debug][gc,heap        ] GC(394)   from space 1088K,   0% used [0x0000120000aa0000, 0x0000120000aa0130, 0x0000120000bb0000)
[19.739s][debug][gc,heap        ] GC(394)   to   space 1088K,   0% used [0x0000120000bb0000, 0x0000120000bb0000, 0x0000120000cc0000)
[19.739s][debug][gc,heap        ] GC(394)  tenured generation   total 21888K, used 2071K [0x000012000aca0000, 0x000012000c200000, 0x0000120020200000)
[19.739s][debug][gc,heap        ] GC(394)    the space 21888K,   9% used [0x000012000aca0000, 0x000012000aea5e20, 0x000012000aea6000, 0x000012000c200000)
[19.739s][debug][gc,heap        ] GC(394)  Metaspace       used 369K, committed 512K, reserved 1114112K
[19.739s][debug][gc,heap        ] GC(394)   class space    used 63K, committed 128K, reserved 1048576K
[19.739s][debug][gc,tlab        ] GC(394) TLAB totals: thrds: 2  refills: 100 max: 52 slow allocs: 0 max 0 waste:  0.5% gc: 43032B max: 43032B slow: 2504B max: 1288B
[19.739s][debug][gc,ref         ] GC(394) Skipped SoftWeakFinalRefsPhase of Reference Processing: no references
[19.739s][debug][gc,ref         ] GC(394) Skipped KeepAliveFinalRefsPhase of Reference Processing: no references
[19.739s][debug][gc,ref         ] GC(394) Skipped PhantomRefsPhase of Reference Processing: no references
[19.739s][debug][gc,phases,ref  ] GC(394) Reference Processing: 0.0ms
[19.739s][debug][gc,phases,ref  ] GC(394)   Notify Soft/WeakReferences: 0.0ms
[19.739s][debug][gc,phases,ref  ] GC(394)     SoftRef: skipped
[19.739s][debug][gc,phases,ref  ] GC(394)     WeakRef: skipped
[19.739s][debug][gc,phases,ref  ] GC(394)     FinalRef: skipped
[19.739s][debug][gc,phases,ref  ] GC(394)     Total: skipped
[19.739s][debug][gc,phases,ref  ] GC(394)   Notify and keep alive finalizable: 0.0ms
[19.739s][debug][gc,phases,ref  ] GC(394)     FinalRef: skipped
[19.739s][debug][gc,phases,ref  ] GC(394)   Notify PhantomReferences: 0.0ms
[19.739s][debug][gc,phases,ref  ] GC(394)     PhantomRef: skipped
[19.739s][debug][gc,phases,ref  ] GC(394)   SoftReference Discovered: 0, Dropped: 0, Processed: 0
[19.739s][debug][gc,phases,ref  ] GC(394)   WeakReference Discovered: 0, Dropped: 0, Processed: 0
[19.739s][debug][gc,phases,ref  ] GC(394)   FinalReference Discovered: 0, Dropped: 0, Processed: 0
[19.739s][debug][gc,phases,ref  ] GC(394)   PhantomReference Discovered: 0, Dropped: 0, Processed: 0
[19.739s][debug][gc,age         ] GC(394) Desired survivor size 557056 bytes, new threshold 15 (max threshold 15)
[19.739s][info ][gc,heap        ] GC(394) DefNew: 8832K(9920K)->0K(9920K) Eden: 8832K(8832K)->0K(8832K) From: 0K(1088K)->0K(1088K)
[19.739s][info ][gc,heap        ] GC(394) Tenured: 2071K(21888K)->2071K(21888K)
[19.739s][info ][gc,metaspace   ] GC(394) Metaspace: 369K(512K)->369K(512K) NonClass: 306K(384K)->306K(384K) Class: 63K(128K)->63K(128K)
[19.739s][debug][gc,heap        ] GC(394) Heap after GC invocations=395 (full 12):
[19.739s][debug][gc,heap        ] GC(394)  def new generation   total 9920K, used 0K [0x0000120000200000, 0x0000120000cc0000, 0x000012000aca0000)
[19.739s][debug][gc,heap        ] GC(394)   eden space 8832K,   0% used [0x0000120000200000, 0x0000120000200000, 0x0000120000aa0000)
[19.739s][debug][gc,heap        ] GC(394)   from space 1088K,   0% used [0x0000120000bb0000, 0x0000120000bb0150, 0x0000120000cc0000)
[19.739s][debug][gc,heap        ] GC(394)   to   space 1088K,   0% used [0x0000120000aa0000, 0x0000120000aa0000, 0x0000120000bb0000)
[19.739s][debug][gc,heap        ] GC(394)  tenured generation   total 21888K, used 2071K [0x000012000aca0000, 0x000012000c200000, 0x0000120020200000)
[19.739s][debug][gc,heap        ] GC(394)    the space 21888K,   9% used [0x000012000aca0000, 0x000012000aea5e20, 0x000012000aea6000, 0x000012000c200000)
[19.739s][debug][gc,heap        ] GC(394)  Metaspace       used 369K, committed 512K, reserved 1114112K
[19.739s][debug][gc,heap        ] GC(394)   class space    used 63K, committed 128K, reserved 1048576K
[19.739s][info ][gc             ] GC(394) Pause Young (Allocation Failure) 10M->2M(31M) 0.579ms
[19.739s][info ][gc,cpu         ] GC(394) User=0.00s Sys=0.00s Real=0.00s
[19.739s][info ][safepoint      ] Safepoint "GenCollectForAllocation", Time since last: 49214545 ns, Reaching safepoint: 3163 ns, Cleanup: 3634 ns, At safepoint: 624437 ns, Total: 631234 ns
[19.786s][info ][gc,start       ] GC(395) Pause Young (Allocation Failure)
[19.786s][debug][gc,heap        ] GC(395) Heap before GC invocations=395 (full 12):
[19.787s][debug][gc,heap        ] GC(395)  def new generation   total 9920K, used 8832K [0x0000120000200000, 0x0000120000cc0000, 0x000012000aca0000)
[19.787s][debug][gc,heap        ] GC(395)   eden space 8832K, 100% used [0x0000120000200000, 0x0000120000aa0000, 0x0000120000aa0000)
[19.787s][debug][gc,heap        ] GC(395)   from space 1088K,   0% used [0x0000120000bb0000, 0x0000120000bb0150, 0x0000120000cc0000)
[19.787s][debug][gc,heap        ] GC(395)   to   space 1088K,   0% used [0x0000120000aa0000, 0x0000120000aa0000, 0x0000120000bb0000)
[19.787s][debug][gc,heap        ] GC(395)  tenured generation   total 21888K, used 2071K [0x000012000aca0000, 0x000012000c200000, 0x0000120020200000)
[19.787s][debug][gc,heap        ] GC(395)    the space 21888K,   9% used [0x000012000aca0000, 0x000012000aea5e20, 0x000012000aea6000, 0x000012000c200000)
[19.787s][debug][gc,heap        ] GC(395)  Metaspace       used 369K, committed 512K, reserved 1114112K
[19.787s][debug][gc,heap        ] GC(395)   class space    used 63K, committed 128K, reserved 1048576K
[19.787s][debug][gc,tlab        ] GC(395) TLAB totals: thrds: 2  refills: 101 max: 52 slow allocs: 0 max 0 waste:  0.6% gc: 50984B max: 50984B slow: 2296B max: 1336B
[19.787s][debug][gc,ref         ] GC(395) Skipped SoftWeakFinalRefsPhase of Reference Processing: no references
[19.787s][debug][gc,ref         ] GC(395) Skipped KeepAliveFinalRefsPhase of Reference Processing: no references
[19.787s][debug][gc,ref         ] GC(395) Skipped PhantomRefsPhase of Reference Processing: no references
[19.787s][debug][gc,phases,ref  ] GC(395) Reference Processing: 0.0ms
[19.787s][debug][gc,phases,ref  ] GC(395)   Notify Soft/WeakReferences: 0.0ms
[19.787s][debug][gc,phases,ref  ] GC(395)     SoftRef: skipped
[19.787s][debug][gc,phases,ref  ] GC(395)     WeakRef: skipped
[19.787s][debug][gc,phases,ref  ] GC(395)     FinalRef: skipped
[19.787s][debug][gc,phases,ref  ] GC(395)     Total: skipped
[19.787s][debug][gc,phases,ref  ] GC(395)   Notify and keep alive finalizable: 0.0ms
[19.787s][debug][gc,phases,ref  ] GC(395)     FinalRef: skipped
[19.787s][debug][gc,phases,ref  ] GC(395)   Notify PhantomReferences: 0.0ms
[19.787s][debug][gc,phases,ref  ] GC(395)     PhantomRef: skipped
[19.787s][debug][gc,phases,ref  ] GC(395)   SoftReference Discovered: 0, Dropped: 0, Processed: 0
[19.787s][debug][gc,phases,ref  ] GC(395)   WeakReference Discovered: 0, Dropped: 0, Processed: 0
[19.787s][debug][gc,phases,ref  ] GC(395)   FinalReference Discovered: 0, Dropped: 0, Processed: 0
[19.787s][debug][gc,phases,ref  ] GC(395)   PhantomReference Discovered: 0, Dropped: 0, Processed: 0
[19.787s][debug][gc,age         ] GC(395) Desired survivor size 557056 bytes, new threshold 15 (max threshold 15)
[19.787s][info ][gc,heap        ] GC(395) DefNew: 8832K(9920K)->0K(9920K) Eden: 8832K(8832K)->0K(8832K) From: 0K(1088K)->0K(1088K)
[19.787s][info ][gc,heap        ] GC(395) Tenured: 2071K(21888K)->2071K(21888K)
[19.787s][info ][gc,metaspace   ] GC(395) Metaspace: 369K(512K)->369K(512K) NonClass: 306K(384K)->306K(384K) Class: 63K(128K)->63K(128K)
[19.787s][debug][gc,heap        ] GC(395) Heap after GC invocations=396 (full 12):
[19.787s][debug][gc,heap        ] GC(395)  def new generation   total 9920K, used 0K [0x0000120000200000, 0x0000120000cc0000, 0x000012000aca0000)
[19.787s][debug][gc,heap        ] GC(395)   eden space 8832K,   0% used [0x0000120000200000, 0x0000120000200000, 0x0000120000aa0000)
[19.787s][debug][gc,heap        ] GC(395)   from space 1088K,   0% used [0x0000120000aa0000, 0x0000120000aa0138, 0x0000120000bb0000)
[19.787s][debug][gc,heap        ] GC(395)   to   space 1088K,   0% used [0x0000120000bb0000, 0x0000120000bb0000, 0x0000120000cc0000)
[19.787s][debug][gc,heap        ] GC(395)  tenured generation   total 21888K, used 2071K [0x000012000aca0000, 0x000012000c200000, 0x0000120020200000)
[19.787s][debug][gc,heap        ] GC(395)    the space 21888K,   9% used [0x000012000aca0000, 0x000012000aea5e20, 0x000012000aea6000, 0x000012000c200000)
[19.787s][debug][gc,heap        ] GC(395)  Metaspace       used 369K, committed 512K, reserved 1114112K
[19.787s][debug][gc,heap        ] GC(395)   class space    used 63K, committed 128K, reserved 1048576K
[19.787s][info ][gc             ] GC(395) Pause Young (Allocation Failure) 10M->2M(31M) 0.706ms
[19.787s][info ][gc,cpu         ] GC(395) User=0.00s Sys=0.00s Real=0.00s
[19.787s][info ][safepoint      ] Safepoint "GenCollectForAllocation", Time since last: 47150100 ns, Reaching safepoint: 3308 ns, Cleanup: 3696 ns, At safepoint: 752240 ns, Total: 759244 ns
[19.835s][info ][gc,start       ] GC(396) Pause Young (Allocation Failure)
[19.835s][debug][gc,heap        ] GC(396) Heap before GC invocations=396 (full 12):
[19.835s][debug][gc,heap        ] GC(396)  def new generation   total 9920K, used 8832K [0x0000120000200000, 0x0000120000cc0000, 0x000012000aca0000)
[19.835s][debug][gc,heap        ] GC(396)   eden space 8832K, 100% used [0x0000120000200000, 0x0000120000aa0000, 0x0000120000aa0000)
[19.835s][debug][gc,heap        ] GC(396)   from space 1088K,   0% used [0x0000120000aa0000, 0x0000120000aa0138, 0x0000120000bb0000)
[19.835s][debug][gc,heap        ] GC(396)   to   space 1088K,   0% used [0x0000120000bb0000, 0x0000120000bb0000, 0x0000120000cc0000)
[19.835s][debug][gc,heap        ] GC(396)  tenured generation   total 21888K, used 2071K [0x000012000aca0000, 0x000012000c200000, 0x0000120020200000)
[19.835s][debug][gc,heap        ] GC(396)    the space 21888K,   9% used [0x000012000aca0000, 0x000012000aea5e20, 0x000012000aea6000, 0x000012000c200000)
[19.835s][debug][gc,heap        ] GC(396)  Metaspace       used 369K, committed 512K, reserved 1114112K
[19.835s][debug][gc,heap        ] GC(396)   class space    used 63K, committed 128K, reserved 1048576K
[19.835s][debug][gc,tlab        ] GC(396) TLAB totals: thrds: 2  refills: 101 max: 51 slow allocs: 0 max 0 waste:  0.1% gc: 3992B max: 3992B slow: 2880B max: 1584B
[19.835s][debug][gc,ref         ] GC(396) Skipped SoftWeakFinalRefsPhase of Reference Processing: no references
[19.835s][debug][gc,ref         ] GC(396) Skipped KeepAliveFinalRefsPhase of Reference Processing: no references
[19.835s][debug][gc,ref         ] GC(396) Skipped PhantomRefsPhase of Reference Processing: no references
[19.835s][debug][gc,phases,ref  ] GC(396) Reference Processing: 0.0ms
[19.835s][debug][gc,phases,ref  ] GC(396)   Notify Soft/WeakReferences: 0.0ms
[19.835s][debug][gc,phases,ref  ] GC(396)     SoftRef: skipped
[19.835s][debug][gc,phases,ref  ] GC(396)     WeakRef: skipped
[19.835s][debug][gc,phases,ref  ] GC(396)     FinalRef: skipped
[19.835s][debug][gc,phases,ref  ] GC(396)     Total: skipped
[19.835s][debug][gc,phases,ref  ] GC(396)   Notify and keep alive finalizable: 0.0ms
[19.835s][debug][gc,phases,ref  ] GC(396)     FinalRef: skipped
[19.835s][debug][gc,phases,ref  ] GC(396)   Notify PhantomReferences: 0.0ms
[19.835s][debug][gc,phases,ref  ] GC(396)     PhantomRef: skipped
[19.835s][debug][gc,phases,ref  ] GC(396)   SoftReference Discovered: 0, Dropped: 0, Processed: 0
[19.835s][debug][gc,phases,ref  ] GC(396)   WeakReference Discovered: 0, Dropped: 0, Processed: 0
[19.835s][debug][gc,phases,ref  ] GC(396)   FinalReference Discovered: 0, Dropped: 0, Processed: 0
[19.835s][debug][gc,phases,ref  ] GC(396)   PhantomReference Discovered: 0, Dropped: 0, Processed: 0
[19.835s][debug][gc,age         ] GC(396) Desired survivor size 557056 bytes, new threshold 15 (max threshold 15)
[19.835s][info ][gc,heap        ] GC(396) DefNew: 8832K(9920K)->0K(9920K) Eden: 8832K(8832K)->0K(8832K) From: 0K(1088K)->0K(1088K)
[19.835s][info ][gc,heap        ] GC(396) Tenured: 2071K(21888K)->2071K(21888K)
[19.835s][info ][gc,metaspace   ] GC(396) Metaspace: 369K(512K)->369K(512K) NonClass: 306K(384K)->306K(384K) Class: 63K(128K)->63K(128K)
[19.836s][debug][gc,heap        ] GC(396) Heap after GC invocations=397 (full 12):
[19.836s][debug][gc,heap        ] GC(396)  def new generation   total 9920K, used 0K [0x0000120000200000, 0x0000120000cc0000, 0x000012000aca0000)
[19.836s][debug][gc,heap        ] GC(396)   eden space 8832K,   0% used [0x0000120000200000, 0x0000120000200000, 0x0000120000aa0000)
[19.836s][debug][gc,heap        ] GC(396)   from space 1088K,   0% used [0x0000120000bb0000, 0x0000120000bb0110, 0x0000120000cc0000)
[19.836s][debug][gc,heap        ] GC(396)   to   space 1088K,   0% used [0x0000120000aa0000, 0x0000120000aa0000, 0x0000120000bb0000)
[19.836s][debug][gc,heap        ] GC(396)  tenured generation   total 21888K, used 2071K [0x000012000aca0000, 0x000012000c200000, 0x0000120020200000)
[19.836s][debug][gc,heap        ] GC(396)    the space 21888K,   9% used [0x000012000aca0000, 0x000012000aea5e20, 0x000012000aea6000, 0x000012000c200000)
[19.836s][debug][gc,heap        ] GC(396)  Metaspace       used 369K, committed 512K, reserved 1114112K
[19.836s][debug][gc,heap        ] GC(396)   class space    used 63K, committed 128K, reserved 1048576K
[19.836s][info ][gc             ] GC(396) Pause Young (Allocation Failure) 10M->2M(31M) 0.578ms
[19.836s][info ][gc,cpu         ] GC(396) User=0.00s Sys=0.00s Real=0.00s
[19.836s][info ][safepoint      ] Safepoint "GenCollectForAllocation", Time since last: 47828810 ns, Reaching safepoint: 3722 ns, Cleanup: 3677 ns, At safepoint: 622759 ns, Total: 630158 ns
[19.884s][info ][gc,start       ] GC(397) Pause Young (Allocation Failure)
[19.884s][debug][gc,heap        ] GC(397) Heap before GC invocations=397 (full 12):
[19.884s][debug][gc,heap        ] GC(397)  def new generation   total 9920K, used 8832K [0x0000120000200000, 0x0000120000cc0000, 0x000012000aca0000)
[19.884s][debug][gc,heap        ] GC(397)   eden space 8832K, 100% used [0x0000120000200000, 0x0000120000aa0000, 0x0000120000aa0000)
[19.884s][debug][gc,heap        ] GC(397)   from space 1088K,   0% used [0x0000120000bb0000, 0x0000120000bb0110, 0x0000120000cc0000)
[19.884s][debug][gc,heap        ] GC(397)   to   space 1088K,   0% used [0x0000120000aa0000, 0x0000120000aa0000, 0x0000120000bb0000)
[19.884s][debug][gc,heap        ] GC(397)  tenured generation   total 21888K, used 2071K [0x000012000aca0000, 0x000012000c200000, 0x0000120020200000)
[19.884s][debug][gc,heap        ] GC(397)    the space 21888K,   9% used [0x000012000aca0000, 0x000012000aea5e20, 0x000012000aea6000, 0x000012000c200000)
[19.884s][debug][gc,heap        ] GC(397)  Metaspace       used 369K, committed 512K, reserved 1114112K
[19.884s][debug][gc,heap        ] GC(397)   class space    used 63K, committed 128K, reserved 1048576K
[19.884s][debug][gc,tlab        ] GC(397) TLAB totals: thrds: 2  refills: 101 max: 51 slow allocs: 0 max 0 waste:  0.1% gc: 10216B max: 10216B slow: 2472B max: 1248B
[19.884s][debug][gc,ref         ] GC(397) Skipped SoftWeakFinalRefsPhase of Reference Processing: no references
[19.884s][debug][gc,ref         ] GC(397) Skipped KeepAliveFinalRefsPhase of Reference Processing: no references
[19.884s][debug][gc,ref         ] GC(397) Skipped PhantomRefsPhase of Reference Processing: no references
[19.884s][debug][gc,phases,ref  ] GC(397) Reference Processing: 0.0ms
[19.884s][debug][gc,phases,ref  ] GC(397)   Notify Soft/WeakReferences: 0.0ms
[19.884s][debug][gc,phases,ref  ] GC(397)     SoftRef: skipped
[19.884s][debug][gc,phases,ref  ] GC(397)     WeakRef: skipped
[19.884s][debug][gc,phases,ref  ] GC(397)     FinalRef: skipped
[19.884s][debug][gc,phases,ref  ] GC(397)     Total: skipped
[19.884s][debug][gc,phases,ref  ] GC(397)   Notify and keep alive finalizable: 0.0ms
[19.884s][debug][gc,phases,ref  ] GC(397)     FinalRef: skipped
[19.884s][debug][gc,phases,ref  ] GC(397)   Notify PhantomReferences: 0.0ms
[19.884s][debug][gc,phases,ref  ] GC(397)     PhantomRef: skipped
[19.884s][debug][gc,phases,ref  ] GC(397)   SoftReference Discovered: 0, Dropped: 0, Processed: 0
[19.884s][debug][gc,phases,ref  ] GC(397)   WeakReference Discovered: 0, Dropped: 0, Processed: 0
[19.884s][debug][gc,phases,ref  ] GC(397)   FinalReference Discovered: 0, Dropped: 0, Processed: 0
[19.884s][debug][gc,phases,ref  ] GC(397)   PhantomReference Discovered: 0, Dropped: 0, Processed: 0
[19.884s][debug][gc,age         ] GC(397) Desired survivor size 557056 bytes, new threshold 15 (max threshold 15)
[19.884s][info ][gc,heap        ] GC(397) DefNew: 8832K(9920K)->0K(9920K) Eden: 8832K(8832K)->0K(8832K) From: 0K(1088K)->0K(1088K)
[19.884s][info ][gc,heap        ] GC(397) Tenured: 2071K(21888K)->2071K(21888K)
[19.884s][info ][gc,metaspace   ] GC(397) Metaspace: 369K(512K)->369K(512K) NonClass: 306K(384K)->306K(384K) Class: 63K(128K)->63K(128K)
[19.884s][debug][gc,heap        ] GC(397) Heap after GC invocations=398 (full 12):
[19.884s][debug][gc,heap        ] GC(397)  def new generation   total 9920K, used 0K [0x0000120000200000, 0x0000120000cc0000, 0x000012000aca0000)
[19.884s][debug][gc,heap        ] GC(397)   eden space 8832K,   0% used [0x0000120000200000, 0x0000120000200000, 0x0000120000aa0000)
[19.884s][debug][gc,heap        ] GC(397)   from space 1088K,   0% used [0x0000120000aa0000, 0x0000120000aa00d0, 0x0000120000bb0000)
[19.884s][debug][gc,heap        ] GC(397)   to   space 1088K,   0% used [0x0000120000bb0000, 0x0000120000bb0000, 0x0000120000cc0000)
[19.884s][debug][gc,heap        ] GC(397)  tenured generation   total 21888K, used 2071K [0x000012000aca0000, 0x000012000c200000, 0x0000120020200000)
[19.884s][debug][gc,heap        ] GC(397)    the space 21888K,   9% used [0x000012000aca0000, 0x000012000aea5e20, 0x000012000aea6000, 0x000012000c200000)
[19.884s][debug][gc,heap        ] GC(397)  Metaspace       used 369K, committed 512K, reserved 1114112K
[19.884s][debug][gc,heap        ] GC(397)   class space    used 63K, committed 128K, reserved 1048576K
[19.884s][info ][gc             ] GC(397) Pause Young (Allocation Failure) 10M->2M(31M) 0.614ms
[19.884s][info ][gc,cpu         ] GC(397) User=0.00s Sys=0.00s Real=0.00s
[19.884s][info ][safepoint      ] Safepoint "GenCollectForAllocation", Time since last: 48110254 ns, Reaching safepoint: 3099 ns, Cleanup: 3616 ns, At safepoint: 660278 ns, Total: 666993 ns
[19.933s][info ][gc,start       ] GC(398) Pause Young (Allocation Failure)
[19.933s][debug][gc,heap        ] GC(398) Heap before GC invocations=398 (full 12):
[19.933s][debug][gc,heap        ] GC(398)  def new generation   total 9920K, used 8832K [0x0000120000200000, 0x0000120000cc0000, 0x000012000aca0000)
[19.933s][debug][gc,heap        ] GC(398)   eden space 8832K, 100% used [0x0000120000200000, 0x0000120000aa0000, 0x0000120000aa0000)
[19.933s][debug][gc,heap        ] GC(398)   from space 1088K,   0% used [0x0000120000aa0000, 0x0000120000aa00d0, 0x0000120000bb0000)
[19.934s][debug][gc,heap        ] GC(398)   to   space 1088K,   0% used [0x0000120000bb0000, 0x0000120000bb0000, 0x0000120000cc0000)
[19.934s][debug][gc,heap        ] GC(398)  tenured generation   total 21888K, used 2071K [0x000012000aca0000, 0x000012000c200000, 0x0000120020200000)
[19.934s][debug][gc,heap        ] GC(398)    the space 21888K,   9% used [0x000012000aca0000, 0x000012000aea5e20, 0x000012000aea6000, 0x000012000c200000)
[19.934s][debug][gc,heap        ] GC(398)  Metaspace       used 369K, committed 512K, reserved 1114112K
[19.934s][debug][gc,heap        ] GC(398)   class space    used 63K, committed 128K, reserved 1048576K
[19.934s][debug][gc,tlab        ] GC(398) TLAB totals: thrds: 2  refills: 101 max: 52 slow allocs: 0 max 0 waste:  0.1% gc: 4992B max: 4992B slow: 2136B max: 1256B
[19.934s][debug][gc,ref         ] GC(398) Skipped SoftWeakFinalRefsPhase of Reference Processing: no references
[19.934s][debug][gc,ref         ] GC(398) Skipped KeepAliveFinalRefsPhase of Reference Processing: no references
[19.934s][debug][gc,ref         ] GC(398) Skipped PhantomRefsPhase of Reference Processing: no references
[19.934s][debug][gc,phases,ref  ] GC(398) Reference Processing: 0.0ms
[19.934s][debug][gc,phases,ref  ] GC(398)   Notify Soft/WeakReferences: 0.0ms
[19.934s][debug][gc,phases,ref  ] GC(398)     SoftRef: skipped
[19.934s][debug][gc,phases,ref  ] GC(398)     WeakRef: skipped
[19.934s][debug][gc,phases,ref  ] GC(398)     FinalRef: skipped
[19.934s][debug][gc,phases,ref  ] GC(398)     Total: skipped
[19.934s][debug][gc,phases,ref  ] GC(398)   Notify and keep alive finalizable: 0.0ms
[19.934s][debug][gc,phases,ref  ] GC(398)     FinalRef: skipped
[19.934s][debug][gc,phases,ref  ] GC(398)   Notify PhantomReferences: 0.0ms
[19.934s][debug][gc,phases,ref  ] GC(398)     PhantomRef: skipped
[19.934s][debug][gc,phases,ref  ] GC(398)   SoftReference Discovered: 0, Dropped: 0, Processed: 0
[19.934s][debug][gc,phases,ref  ] GC(398)   WeakReference Discovered: 0, Dropped: 0, Processed: 0
[19.934s][debug][gc,phases,ref  ] GC(398)   FinalReference Discovered: 0, Dropped: 0, Processed: 0
[19.934s][debug][gc,phases,ref  ] GC(398)   PhantomReference Discovered: 0, Dropped: 0, Processed: 0
[19.934s][debug][gc,age         ] GC(398) Desired survivor size 557056 bytes, new threshold 15 (max threshold 15)
[19.934s][info ][gc,heap        ] GC(398) DefNew: 8832K(9920K)->0K(9920K) Eden: 8832K(8832K)->0K(8832K) From: 0K(1088K)->0K(1088K)
[19.934s][info ][gc,heap        ] GC(398) Tenured: 2071K(21888K)->2071K(21888K)
[19.934s][info ][gc,metaspace   ] GC(398) Metaspace: 369K(512K)->369K(512K) NonClass: 306K(384K)->306K(384K) Class: 63K(128K)->63K(128K)
[19.934s][debug][gc,heap        ] GC(398) Heap after GC invocations=399 (full 12):
[19.934s][debug][gc,heap        ] GC(398)  def new generation   total 9920K, used 0K [0x0000120000200000, 0x0000120000cc0000, 0x000012000aca0000)
[19.934s][debug][gc,heap        ] GC(398)   eden space 8832K,   0% used [0x0000120000200000, 0x0000120000200000, 0x0000120000aa0000)
[19.934s][debug][gc,heap        ] GC(398)   from space 1088K,   0% used [0x0000120000bb0000, 0x0000120000bb0150, 0x0000120000cc0000)
[19.934s][debug][gc,heap        ] GC(398)   to   space 1088K,   0% used [0x0000120000aa0000, 0x0000120000aa0000, 0x0000120000bb0000)
[19.934s][debug][gc,heap        ] GC(398)  tenured generation   total 21888K, used 2071K [0x000012000aca0000, 0x000012000c200000, 0x0000120020200000)
[19.934s][debug][gc,heap        ] GC(398)    the space 21888K,   9% used [0x000012000aca0000, 0x000012000aea5e20, 0x000012000aea6000, 0x000012000c200000)
[19.934s][debug][gc,heap        ] GC(398)  Metaspace       used 369K, committed 512K, reserved 1114112K
[19.934s][debug][gc,heap        ] GC(398)   class space    used 63K, committed 128K, reserved 1048576K
[19.934s][info ][gc             ] GC(398) Pause Young (Allocation Failure) 10M->2M(31M) 0.704ms
[19.934s][info ][gc,cpu         ] GC(398) User=0.00s Sys=0.00s Real=0.00s
[19.934s][info ][safepoint      ] Safepoint "GenCollectForAllocation", Time since last: 48963474 ns, Reaching safepoint: 3595 ns, Cleanup: 3609 ns, At safepoint: 751836 ns, Total: 759040 ns
[19.982s][info ][gc,start       ] GC(399) Pause Young (Allocation Failure)
[19.982s][debug][gc,heap        ] GC(399) Heap before GC invocations=399 (full 12):
[19.982s][debug][gc,heap        ] GC(399)  def new generation   total 9920K, used 8832K [0x0000120000200000, 0x0000120000cc0000, 0x000012000aca0000)
[19.982s][debug][gc,heap        ] GC(399)   eden space 8832K, 100% used [0x0000120000200000, 0x0000120000aa0000, 0x0000120000aa0000)
[19.982s][debug][gc,heap        ] GC(399)   from space 1088K,   0% used [0x0000120000bb0000, 0x0000120000bb0150, 0x0000120000cc0000)
[19.982s][debug][gc,heap        ] GC(399)   to   space 1088K,   0% used [0x0000120000aa0000, 0x0000120000aa0000, 0x0000120000bb0000)
[19.983s][debug][gc,heap        ] GC(399)  tenured generation   total 21888K, used 2071K [0x000012000aca0000, 0x000012000c200000, 0x0000120020200000)
[19.983s][debug][gc,heap        ] GC(399)    the space 21888K,   9% used [0x000012000aca0000, 0x000012000aea5e20, 0x000012000aea6000, 0x000012000c200000)
[19.983s][debug][gc,heap        ] GC(399)  Metaspace       used 369K, committed 512K, reserved 1114112K
[19.983s][debug][gc,heap        ] GC(399)   class space    used 63K, committed 128K, reserved 1048576K
[19.983s][debug][gc,tlab        ] GC(399) TLAB totals: thrds: 2  refills: 101 max: 51 slow allocs: 0 max 0 waste:  0.2% gc: 15920B max: 15920B slow: 2904B max: 1960B
[19.983s][debug][gc,ref         ] GC(399) Skipped SoftWeakFinalRefsPhase of Reference Processing: no references
[19.983s][debug][gc,ref         ] GC(399) Skipped KeepAliveFinalRefsPhase of Reference Processing: no references
[19.983s][debug][gc,ref         ] GC(399) Skipped PhantomRefsPhase of Reference Processing: no references
[19.983s][debug][gc,phases,ref  ] GC(399) Reference Processing: 0.0ms
[19.983s][debug][gc,phases,ref  ] GC(399)   Notify Soft/WeakReferences: 0.0ms
[19.983s][debug][gc,phases,ref  ] GC(399)     SoftRef: skipped
[19.983s][debug][gc,phases,ref  ] GC(399)     WeakRef: skipped
[19.983s][debug][gc,phases,ref  ] GC(399)     FinalRef: skipped
[19.983s][debug][gc,phases,ref  ] GC(399)     Total: skipped
[19.983s][debug][gc,phases,ref  ] GC(399)   Notify and keep alive finalizable: 0.0ms
[19.983s][debug][gc,phases,ref  ] GC(399)     FinalRef: skipped
[19.983s][debug][gc,phases,ref  ] GC(399)   Notify PhantomReferences: 0.0ms
[19.983s][debug][gc,phases,ref  ] GC(399)     PhantomRef: skipped
[19.983s][debug][gc,phases,ref  ] GC(399)   SoftReference Discovered: 0, Dropped: 0, Processed: 0
[19.983s][debug][gc,phases,ref  ] GC(399)   WeakReference Discovered: 0, Dropped: 0, Processed: 0
[19.983s][debug][gc,phases,ref  ] GC(399)   FinalReference Discovered: 0, Dropped: 0, Processed: 0
[19.983s][debug][gc,phases,ref  ] GC(399)   PhantomReference Discovered: 0, Dropped: 0, Processed: 0
[19.983s][debug][gc,age         ] GC(399) Desired survivor size 557056 bytes, new threshold 15 (max threshold 15)
[19.983s][info ][gc,heap        ] GC(399) DefNew: 8832K(9920K)->0K(9920K) Eden: 8832K(8832K)->0K(8832K) From: 0K(1088K)->0K(1088K)
[19.983s][info ][gc,heap        ] GC(399) Tenured: 2071K(21888K)->2071K(21888K)
[19.983s][info ][gc,metaspace   ] GC(399) Metaspace: 369K(512K)->369K(512K) NonClass: 306K(384K)->306K(384K) Class: 63K(128K)->63K(128K)
[19.983s][debug][gc,heap        ] GC(399) Heap after GC invocations=400 (full 12):
[19.983s][debug][gc,heap        ] GC(399)  def new generation   total 9920K, used 0K [0x0000120000200000, 0x0000120000cc0000, 0x000012000aca0000)
[19.983s][debug][gc,heap        ] GC(399)   eden space 8832K,   0% used [0x0000120000200000, 0x0000120000200000, 0x0000120000aa0000)
[19.983s][debug][gc,heap        ] GC(399)   from space 1088K,   0% used [0x0000120000aa0000, 0x0000120000aa0150, 0x0000120000bb0000)
[19.983s][debug][gc,heap        ] GC(399)   to   space 1088K,   0% used [0x0000120000bb0000, 0x0000120000bb0000, 0x0000120000cc0000)
[19.983s][debug][gc,heap        ] GC(399)  tenured generation   total 21888K, used 2071K [0x000012000aca0000, 0x000012000c200000, 0x0000120020200000)
[19.983s][debug][gc,heap        ] GC(399)    the space 21888K,   9% used [0x000012000aca0000, 0x000012000aea5e20, 0x000012000aea6000, 0x000012000c200000)
[19.983s][debug][gc,heap        ] GC(399)  Metaspace       used 369K, committed 512K, reserved 1114112K
[19.983s][debug][gc,heap        ] GC(399)   class space    used 63K, committed 128K, reserved 1048576K
[19.983s][info ][gc             ] GC(399) Pause Young (Allocation Failure) 10M->2M(31M) 0.586ms
[19.983s][info ][gc,cpu         ] GC(399) User=0.00s Sys=0.00s Real=0.00s
[19.983s][info ][safepoint      ] Safepoint "GenCollectForAllocation", Time since last: 48156758 ns, Reaching safepoint: 76687 ns, Cleanup: 3420 ns, At safepoint: 628791 ns, Total: 708898 ns
[20.031s][info ][gc,start       ] GC(400) Pause Young (Allocation Failure)
[20.031s][debug][gc,heap        ] GC(400) Heap before GC invocations=400 (full 12):
[20.031s][debug][gc,heap        ] GC(400)  def new generation   total 9920K, used 8832K [0x0000120000200000, 0x0000120000cc0000, 0x000012000aca0000)
[20.031s][debug][gc,heap        ] GC(400)   eden space 8832K, 100% used [0x0000120000200000, 0x0000120000aa0000, 0x0000120000aa0000)
[20.031s][debug][gc,heap        ] GC(400)   from space 1088K,   0% used [0x0000120000aa0000, 0x0000120000aa0150, 0x0000120000bb0000)
[20.031s][debug][gc,heap        ] GC(400)   to   space 1088K,   0% used [0x0000120000bb0000, 0x0000120000bb0000, 0x0000120000cc0000)
[20.031s][debug][gc,heap        ] GC(400)  tenured generation   total 21888K, used 2071K [0x000012000aca0000, 0x000012000c200000, 0x0000120020200000)
[20.031s][debug][gc,heap        ] GC(400)    the space 21888K,   9% used [0x000012000aca0000, 0x000012000aea5e20, 0x000012000aea6000, 0x000012000c200000)
[20.031s][debug][gc,heap        ] GC(400)  Metaspace       used 369K, committed 512K, reserved 1114112K
[20.032s][debug][gc,heap        ] GC(400)   class space    used 63K, committed 128K, reserved 1048576K
[20.032s][debug][gc,tlab        ] GC(400) TLAB totals: thrds: 2  refills: 101 max: 51 slow allocs: 0 max 0 waste:  0.2% gc: 14296B max: 14296B slow: 3048B max: 1632B
[20.032s][debug][gc,ref         ] GC(400) Skipped SoftWeakFinalRefsPhase of Reference Processing: no references
[20.032s][debug][gc,ref         ] GC(400) Skipped KeepAliveFinalRefsPhase of Reference Processing: no references
[20.032s][debug][gc,ref         ] GC(400) Skipped PhantomRefsPhase of Reference Processing: no references
[20.032s][debug][gc,phases,ref  ] GC(400) Reference Processing: 0.0ms
[20.032s][debug][gc,phases,ref  ] GC(400)   Notify Soft/WeakReferences: 0.0ms
[20.032s][debug][gc,phases,ref  ] GC(400)     SoftRef: skipped
[20.032s][debug][gc,phases,ref  ] GC(400)     WeakRef: skipped
[20.032s][debug][gc,phases,ref  ] GC(400)     FinalRef: skipped
[20.032s][debug][gc,phases,ref  ] GC(400)     Total: skipped
[20.032s][debug][gc,phases,ref  ] GC(400)   Notify and keep alive finalizable: 0.0ms
[20.032s][debug][gc,phases,ref  ] GC(400)     FinalRef: skipped
[20.032s][debug][gc,phases,ref  ] GC(400)   Notify PhantomReferences: 0.0ms
[20.032s][debug][gc,phases,ref  ] GC(400)     PhantomRef: skipped
[20.032s][debug][gc,phases,ref  ] GC(400)   SoftReference Discovered: 0, Dropped: 0, Processed: 0
[20.032s][debug][gc,phases,ref  ] GC(400)   WeakReference Discovered: 0, Dropped: 0, Processed: 0
[20.032s][debug][gc,phases,ref  ] GC(400)   FinalReference Discovered: 0, Dropped: 0, Processed: 0
[20.032s][debug][gc,phases,ref  ] GC(400)   PhantomReference Discovered: 0, Dropped: 0, Processed: 0
[20.032s][debug][gc,age         ] GC(400) Desired survivor size 557056 bytes, new threshold 15 (max threshold 15)
[20.032s][info ][gc,heap        ] GC(400) DefNew: 8832K(9920K)->0K(9920K) Eden: 8832K(8832K)->0K(8832K) From: 0K(1088K)->0K(1088K)
[20.032s][info ][gc,heap        ] GC(400) Tenured: 2071K(21888K)->2071K(21888K)
[20.032s][info ][gc,metaspace   ] GC(400) Metaspace: 369K(512K)->369K(512K) NonClass: 306K(384K)->306K(384K) Class: 63K(128K)->63K(128K)
[20.032s][debug][gc,heap        ] GC(400) Heap after GC invocations=401 (full 12):
[20.032s][debug][gc,heap        ] GC(400)  def new generation   total 9920K, used 0K [0x0000120000200000, 0x0000120000cc0000, 0x000012000aca0000)
[20.032s][debug][gc,heap        ] GC(400)   eden space 8832K,   0% used [0x0000120000200000, 0x0000120000200000, 0x0000120000aa0000)
[20.032s][debug][gc,heap        ] GC(400)   from space 1088K,   0% used [0x0000120000bb0000, 0x0000120000bb0190, 0x0000120000cc0000)
[20.032s][debug][gc,heap        ] GC(400)   to   space 1088K,   0% used [0x0000120000aa0000, 0x0000120000aa0000, 0x0000120000bb0000)
[20.032s][debug][gc,heap        ] GC(400)  tenured generation   total 21888K, used 2071K [0x000012000aca0000, 0x000012000c200000, 0x0000120020200000)
[20.032s][debug][gc,heap        ] GC(400)    the space 21888K,   9% used [0x000012000aca0000, 0x000012000aea5e20, 0x000012000aea6000, 0x000012000c200000)
[20.032s][debug][gc,heap        ] GC(400)  Metaspace       used 369K, committed 512K, reserved 1114112K
[20.032s][debug][gc,heap        ] GC(400)   class space    used 63K, committed 128K, reserved 1048576K
[20.032s][info ][gc             ] GC(400) Pause Young (Allocation Failure) 10M->2M(31M) 0.708ms
[20.032s][info ][gc,cpu         ] GC(400) User=0.00s Sys=0.00s Real=0.00s
[20.032s][info ][safepoint      ] Safepoint "GenCollectForAllocation", Time since last: 48268061 ns, Reaching safepoint: 76311 ns, Cleanup: 3426 ns, At safepoint: 751093 ns, Total: 830830 ns
[20.080s][info ][gc,start       ] GC(401) Pause Young (Allocation Failure)
[20.080s][debug][gc,heap        ] GC(401) Heap before GC invocations=401 (full 12):
[20.080s][debug][gc,heap        ] GC(401)  def new generation   total 9920K, used 8832K [0x0000120000200000, 0x0000120000cc0000, 0x000012000aca0000)
[20.080s][debug][gc,heap        ] GC(401)   eden space 8832K, 100% used [0x0000120000200000, 0x0000120000aa0000, 0x0000120000aa0000)
[20.080s][debug][gc,heap        ] GC(401)   from space 1088K,   0% used [0x0000120000bb0000, 0x0000120000bb0190, 0x0000120000cc0000)
[20.080s][debug][gc,heap        ] GC(401)   to   space 1088K,   0% used [0x0000120000aa0000, 0x0000120000aa0000, 0x0000120000bb0000)
[20.080s][debug][gc,heap        ] GC(401)  tenured generation   total 21888K, used 2071K [0x000012000aca0000, 0x000012000c200000, 0x0000120020200000)
[20.080s][debug][gc,heap        ] GC(401)    the space 21888K,   9% used [0x000012000aca0000, 0x000012000aea5e20, 0x000012000aea6000, 0x000012000c200000)
[20.080s][debug][gc,heap        ] GC(401)  Metaspace       used 369K, committed 512K, reserved 1114112K
[20.080s][debug][gc,heap        ] GC(401)   class space    used 63K, committed 128K, reserved 1048576K
[20.080s][debug][gc,tlab        ] GC(401) TLAB totals: thrds: 2  refills: 100 max: 51 slow allocs: 0 max 0 waste:  0.9% gc: 75128B max: 75128B slow: 2568B max: 1432B
[20.081s][debug][gc,ref         ] GC(401) Skipped SoftWeakFinalRefsPhase of Reference Processing: no references
[20.081s][debug][gc,ref         ] GC(401) Skipped KeepAliveFinalRefsPhase of Reference Processing: no references
[20.081s][debug][gc,ref         ] GC(401) Skipped PhantomRefsPhase of Reference Processing: no references
[20.081s][debug][gc,phases,ref  ] GC(401) Reference Processing: 0.0ms
[20.081s][debug][gc,phases,ref  ] GC(401)   Notify Soft/WeakReferences: 0.0ms
[20.081s][debug][gc,phases,ref  ] GC(401)     SoftRef: skipped
[20.081s][debug][gc,phases,ref  ] GC(401)     WeakRef: skipped
[20.081s][debug][gc,phases,ref  ] GC(401)     FinalRef: skipped
[20.081s][debug][gc,phases,ref  ] GC(401)     Total: skipped
[20.081s][debug][gc,phases,ref  ] GC(401)   Notify and keep alive finalizable: 0.0ms
[20.081s][debug][gc,phases,ref  ] GC(401)     FinalRef: skipped
[20.081s][debug][gc,phases,ref  ] GC(401)   Notify PhantomReferences: 0.0ms
[20.081s][debug][gc,phases,ref  ] GC(401)     PhantomRef: skipped
[20.081s][debug][gc,phases,ref  ] GC(401)   SoftReference Discovered: 0, Dropped: 0, Processed: 0
[20.081s][debug][gc,phases,ref  ] GC(401)   WeakReference Discovered: 0, Dropped: 0, Processed: 0
[20.081s][debug][gc,phases,ref  ] GC(401)   FinalReference Discovered: 0, Dropped: 0, Processed: 0
[20.081s][debug][gc,phases,ref  ] GC(401)   PhantomReference Discovered: 0, Dropped: 0, Processed: 0
[20.081s][debug][gc,age         ] GC(401) Desired survivor size 557056 bytes, new threshold 15 (max threshold 15)
[20.081s][info ][gc,heap        ] GC(401) DefNew: 8832K(9920K)->0K(9920K) Eden: 8832K(8832K)->0K(8832K) From: 0K(1088K)->0K(1088K)
[20.081s][info ][gc,heap        ] GC(401) Tenured: 2071K(21888K)->2071K(21888K)
[20.081s][info ][gc,metaspace   ] GC(401) Metaspace: 369K(512K)->369K(512K) NonClass: 306K(384K)->306K(384K) Class: 63K(128K)->63K(128K)
[20.081s][debug][gc,heap        ] GC(401) Heap after GC invocations=402 (full 12):
[20.081s][debug][gc,heap        ] GC(401)  def new generation   total 9920K, used 0K [0x0000120000200000, 0x0000120000cc0000, 0x000012000aca0000)
[20.081s][debug][gc,heap        ] GC(401)   eden space 8832K,   0% used [0x0000120000200000, 0x0000120000200000, 0x0000120000aa0000)
[20.081s][debug][gc,heap        ] GC(401)   from space 1088K,   0% used [0x0000120000aa0000, 0x0000120000aa0168, 0x0000120000bb0000)
[20.081s][debug][gc,heap        ] GC(401)   to   space 1088K,   0% used [0x0000120000bb0000, 0x0000120000bb0000, 0x0000120000cc0000)
[20.081s][debug][gc,heap        ] GC(401)  tenured generation   total 21888K, used 2071K [0x000012000aca0000, 0x000012000c200000, 0x0000120020200000)
[20.081s][debug][gc,heap        ] GC(401)    the space 21888K,   9% used [0x000012000aca0000, 0x000012000aea5e20, 0x000012000aea6000, 0x000012000c200000)
[20.081s][debug][gc,heap        ] GC(401)  Metaspace       used 369K, committed 512K, reserved 1114112K
[20.081s][debug][gc,heap        ] GC(401)   class space    used 63K, committed 128K, reserved 1048576K
[20.081s][info ][gc             ] GC(401) Pause Young (Allocation Failure) 10M->2M(31M) 0.599ms
[20.081s][info ][gc,cpu         ] GC(401) User=0.00s Sys=0.00s Real=0.00s
[20.081s][info ][safepoint      ] Safepoint "GenCollectForAllocation", Time since last: 48121345 ns, Reaching safepoint: 3107 ns, Cleanup: 3608 ns, At safepoint: 641639 ns, Total: 648354 ns
[20.130s][info ][gc,start       ] GC(402) Pause Young (Allocation Failure)
[20.130s][debug][gc,heap        ] GC(402) Heap before GC invocations=402 (full 12):
[20.130s][debug][gc,heap        ] GC(402)  def new generation   total 9920K, used 8832K [0x0000120000200000, 0x0000120000cc0000, 0x000012000aca0000)
[20.130s][debug][gc,heap        ] GC(402)   eden space 8832K, 100% used [0x0000120000200000, 0x0000120000aa0000, 0x0000120000aa0000)
[20.130s][debug][gc,heap        ] GC(402)   from space 1088K,   0% used [0x0000120000aa0000, 0x0000120000aa0168, 0x0000120000bb0000)
[20.130s][debug][gc,heap        ] GC(402)   to   space 1088K,   0% used [0x0000120000bb0000, 0x0000120000bb0000, 0x0000120000cc0000)
[20.130s][debug][gc,heap        ] GC(402)  tenured generation   total 21888K, used 2071K [0x000012000aca0000, 0x000012000c200000, 0x0000120020200000)
[20.130s][debug][gc,heap        ] GC(402)    the space 21888K,   9% used [0x000012000aca0000, 0x000012000aea5e20, 0x000012000aea6000, 0x000012000c200000)
[20.130s][debug][gc,heap        ] GC(402)  Metaspace       used 369K, committed 512K, reserved 1114112K
[20.130s][debug][gc,heap        ] GC(402)   class space    used 63K, committed 128K, reserved 1048576K
[20.130s][debug][gc,tlab        ] GC(402) TLAB totals: thrds: 2  refills: 101 max: 51 slow allocs: 0 max 0 waste:  0.2% gc: 11280B max: 11280B slow: 3480B max: 2400B
[20.130s][debug][gc,ref         ] GC(402) Skipped SoftWeakFinalRefsPhase of Reference Processing: no references
[20.130s][debug][gc,ref         ] GC(402) Skipped KeepAliveFinalRefsPhase of Reference Processing: no references
[20.130s][debug][gc,ref         ] GC(402) Skipped PhantomRefsPhase of Reference Processing: no references
[20.130s][debug][gc,phases,ref  ] GC(402) Reference Processing: 0.0ms
[20.130s][debug][gc,phases,ref  ] GC(402)   Notify Soft/WeakReferences: 0.0ms
[20.130s][debug][gc,phases,ref  ] GC(402)     SoftRef: skipped
[20.130s][debug][gc,phases,ref  ] GC(402)     WeakRef: skipped
[20.130s][debug][gc,phases,ref  ] GC(402)     FinalRef: skipped
[20.130s][debug][gc,phases,ref  ] GC(402)     Total: skipped
[20.130s][debug][gc,phases,ref  ] GC(402)   Notify and keep alive finalizable: 0.0ms
[20.130s][debug][gc,phases,ref  ] GC(402)     FinalRef: skipped
[20.130s][debug][gc,phases,ref  ] GC(402)   Notify PhantomReferences: 0.0ms
[20.130s][debug][gc,phases,ref  ] GC(402)     PhantomRef: skipped
[20.130s][debug][gc,phases,ref  ] GC(402)   SoftReference Discovered: 0, Dropped: 0, Processed: 0
[20.130s][debug][gc,phases,ref  ] GC(402)   WeakReference Discovered: 0, Dropped: 0, Processed: 0
[20.130s][debug][gc,phases,ref  ] GC(402)   FinalReference Discovered: 0, Dropped: 0, Processed: 0
[20.130s][debug][gc,phases,ref  ] GC(402)   PhantomReference Discovered: 0, Dropped: 0, Processed: 0
[20.130s][debug][gc,age         ] GC(402) Desired survivor size 557056 bytes, new threshold 15 (max threshold 15)
[20.130s][info ][gc,heap        ] GC(402) DefNew: 8832K(9920K)->0K(9920K) Eden: 8832K(8832K)->0K(8832K) From: 0K(1088K)->0K(1088K)
[20.130s][info ][gc,heap        ] GC(402) Tenured: 2071K(21888K)->2071K(21888K)
[20.130s][info ][gc,metaspace   ] GC(402) Metaspace: 369K(512K)->369K(512K) NonClass: 306K(384K)->306K(384K) Class: 63K(128K)->63K(128K)
[20.130s][debug][gc,heap        ] GC(402) Heap after GC invocations=403 (full 12):
[20.130s][debug][gc,heap        ] GC(402)  def new generation   total 9920K, used 0K [0x0000120000200000, 0x0000120000cc0000, 0x000012000aca0000)
[20.130s][debug][gc,heap        ] GC(402)   eden space 8832K,   0% used [0x0000120000200000, 0x0000120000200000, 0x0000120000aa0000)
[20.130s][debug][gc,heap        ] GC(402)   from space 1088K,   0% used [0x0000120000bb0000, 0x0000120000bb0100, 0x0000120000cc0000)
[20.130s][debug][gc,heap        ] GC(402)   to   space 1088K,   0% used [0x0000120000aa0000, 0x0000120000aa0000, 0x0000120000bb0000)
[20.130s][debug][gc,heap        ] GC(402)  tenured generation   total 21888K, used 2071K [0x000012000aca0000, 0x000012000c200000, 0x0000120020200000)
[20.130s][debug][gc,heap        ] GC(402)    the space 21888K,   9% used [0x000012000aca0000, 0x000012000aea5e20, 0x000012000aea6000, 0x000012000c200000)
[20.130s][debug][gc,heap        ] GC(402)  Metaspace       used 369K, committed 512K, reserved 1114112K
[20.130s][debug][gc,heap        ] GC(402)   class space    used 63K, committed 128K, reserved 1048576K
[20.130s][info ][gc             ] GC(402) Pause Young (Allocation Failure) 10M->2M(31M) 0.509ms
[20.130s][info ][gc,cpu         ] GC(402) User=0.00s Sys=0.00s Real=0.01s
[20.130s][info ][safepoint      ] Safepoint "GenCollectForAllocation", Time since last: 48999730 ns, Reaching safepoint: 3248 ns, Cleanup: 3613 ns, At safepoint: 530119 ns, Total: 536980 ns
[20.181s][info ][gc,start       ] GC(403) Pause Young (Allocation Failure)
[20.181s][debug][gc,heap        ] GC(403) Heap before GC invocations=403 (full 12):
[20.181s][debug][gc,heap        ] GC(403)  def new generation   total 9920K, used 8832K [0x0000120000200000, 0x0000120000cc0000, 0x000012000aca0000)
[20.181s][debug][gc,heap        ] GC(403)   eden space 8832K, 100% used [0x0000120000200000, 0x0000120000aa0000, 0x0000120000aa0000)
[20.181s][debug][gc,heap        ] GC(403)   from space 1088K,   0% used [0x0000120000bb0000, 0x0000120000bb0100, 0x0000120000cc0000)
[20.181s][debug][gc,heap        ] GC(403)   to   space 1088K,   0% used [0x0000120000aa0000, 0x0000120000aa0000, 0x0000120000bb0000)
[20.181s][debug][gc,heap        ] GC(403)  tenured generation   total 21888K, used 2071K [0x000012000aca0000, 0x000012000c200000, 0x0000120020200000)
[20.181s][debug][gc,heap        ] GC(403)    the space 21888K,   9% used [0x000012000aca0000, 0x000012000aea5e20, 0x000012000aea6000, 0x000012000c200000)
[20.181s][debug][gc,heap        ] GC(403)  Metaspace       used 369K, committed 512K, reserved 1114112K
[20.181s][debug][gc,heap        ] GC(403)   class space    used 63K, committed 128K, reserved 1048576K
[20.181s][debug][gc,tlab        ] GC(403) TLAB totals: thrds: 2  refills: 101 max: 52 slow allocs: 0 max 0 waste:  0.0% gc: 0B max: 0B slow: 2968B max: 1560B
[20.181s][debug][gc,ref         ] GC(403) Skipped SoftWeakFinalRefsPhase of Reference Processing: no references
[20.181s][debug][gc,ref         ] GC(403) Skipped KeepAliveFinalRefsPhase of Reference Processing: no references
[20.181s][debug][gc,ref         ] GC(403) Skipped PhantomRefsPhase of Reference Processing: no references
[20.181s][debug][gc,phases,ref  ] GC(403) Reference Processing: 0.0ms
[20.181s][debug][gc,phases,ref  ] GC(403)   Notify Soft/WeakReferences: 0.0ms
[20.181s][debug][gc,phases,ref  ] GC(403)     SoftRef: skipped
[20.181s][debug][gc,phases,ref  ] GC(403)     WeakRef: skipped
[20.181s][debug][gc,phases,ref  ] GC(403)     FinalRef: skipped
[20.181s][debug][gc,phases,ref  ] GC(403)     Total: skipped
[20.181s][debug][gc,phases,ref  ] GC(403)   Notify and keep alive finalizable: 0.0ms
[20.181s][debug][gc,phases,ref  ] GC(403)     FinalRef: skipped
[20.181s][debug][gc,phases,ref  ] GC(403)   Notify PhantomReferences: 0.0ms
[20.181s][debug][gc,phases,ref  ] GC(403)     PhantomRef: skipped
[20.181s][debug][gc,phases,ref  ] GC(403)   SoftReference Discovered: 0, Dropped: 0, Processed: 0
[20.181s][debug][gc,phases,ref  ] GC(403)   WeakReference Discovered: 0, Dropped: 0, Processed: 0
[20.181s][debug][gc,phases,ref  ] GC(403)   FinalReference Discovered: 0, Dropped: 0, Processed: 0
[20.181s][debug][gc,phases,ref  ] GC(403)   PhantomReference Discovered: 0, Dropped: 0, Processed: 0
[20.182s][debug][gc,age         ] GC(403) Desired survivor size 557056 bytes, new threshold 15 (max threshold 15)
[20.182s][info ][gc,heap        ] GC(403) DefNew: 8832K(9920K)->0K(9920K) Eden: 8832K(8832K)->0K(8832K) From: 0K(1088K)->0K(1088K)
[20.182s][info ][gc,heap        ] GC(403) Tenured: 2071K(21888K)->2071K(21888K)
[20.182s][info ][gc,metaspace   ] GC(403) Metaspace: 369K(512K)->369K(512K) NonClass: 306K(384K)->306K(384K) Class: 63K(128K)->63K(128K)
[20.182s][debug][gc,heap        ] GC(403) Heap after GC invocations=404 (full 12):
[20.182s][debug][gc,heap        ] GC(403)  def new generation   total 9920K, used 0K [0x0000120000200000, 0x0000120000cc0000, 0x000012000aca0000)
[20.182s][debug][gc,heap        ] GC(403)   eden space 8832K,   0% used [0x0000120000200000, 0x0000120000200000, 0x0000120000aa0000)
[20.182s][debug][gc,heap        ] GC(403)   from space 1088K,   0% used [0x0000120000aa0000, 0x0000120000aa0128, 0x0000120000bb0000)
[20.182s][debug][gc,heap        ] GC(403)   to   space 1088K,   0% used [0x0000120000bb0000, 0x0000120000bb0000, 0x0000120000cc0000)
[20.182s][debug][gc,heap        ] GC(403)  tenured generation   total 21888K, used 2071K [0x000012000aca0000, 0x000012000c200000, 0x0000120020200000)
[20.182s][debug][gc,heap        ] GC(403)    the space 21888K,   9% used [0x000012000aca0000, 0x000012000aea5e20, 0x000012000aea6000, 0x000012000c200000)
[20.182s][debug][gc,heap        ] GC(403)  Metaspace       used 369K, committed 512K, reserved 1114112K
[20.182s][debug][gc,heap        ] GC(403)   class space    used 63K, committed 128K, reserved 1048576K
[20.182s][info ][gc             ] GC(403) Pause Young (Allocation Failure) 10M->2M(31M) 0.604ms
[20.182s][info ][gc,cpu         ] GC(403) User=0.00s Sys=0.00s Real=0.00s
[20.182s][info ][safepoint      ] Safepoint "GenCollectForAllocation", Time since last: 50615673 ns, Reaching safepoint: 18458 ns, Cleanup: 3107 ns, At safepoint: 642285 ns, Total: 663850 ns
[20.231s][info ][gc,start       ] GC(404) Pause Young (Allocation Failure)
[20.231s][debug][gc,heap        ] GC(404) Heap before GC invocations=404 (full 12):
[20.231s][debug][gc,heap        ] GC(404)  def new generation   total 9920K, used 8832K [0x0000120000200000, 0x0000120000cc0000, 0x000012000aca0000)
[20.231s][debug][gc,heap        ] GC(404)   eden space 8832K, 100% used [0x0000120000200000, 0x0000120000aa0000, 0x0000120000aa0000)
[20.231s][debug][gc,heap        ] GC(404)   from space 1088K,   0% used [0x0000120000aa0000, 0x0000120000aa0128, 0x0000120000bb0000)
[20.231s][debug][gc,heap        ] GC(404)   to   space 1088K,   0% used [0x0000120000bb0000, 0x0000120000bb0000, 0x0000120000cc0000)
[20.231s][debug][gc,heap        ] GC(404)  tenured generation   total 21888K, used 2071K [0x000012000aca0000, 0x000012000c200000, 0x0000120020200000)
[20.231s][debug][gc,heap        ] GC(404)    the space 21888K,   9% used [0x000012000aca0000, 0x000012000aea5e20, 0x000012000aea6000, 0x000012000c200000)
[20.231s][debug][gc,heap        ] GC(404)  Metaspace       used 369K, committed 512K, reserved 1114112K
[20.231s][debug][gc,heap        ] GC(404)   class space    used 63K, committed 128K, reserved 1048576K
[20.231s][debug][gc,tlab        ] GC(404) TLAB totals: thrds: 2  refills: 101 max: 51 slow allocs: 0 max 0 waste:  0.5% gc: 42960B max: 42960B slow: 2392B max: 1592B
[20.231s][debug][gc,ref         ] GC(404) Skipped SoftWeakFinalRefsPhase of Reference Processing: no references
[20.231s][debug][gc,ref         ] GC(404) Skipped KeepAliveFinalRefsPhase of Reference Processing: no references
[20.231s][debug][gc,ref         ] GC(404) Skipped PhantomRefsPhase of Reference Processing: no references
[20.231s][debug][gc,phases,ref  ] GC(404) Reference Processing: 0.0ms
[20.231s][debug][gc,phases,ref  ] GC(404)   Notify Soft/WeakReferences: 0.0ms
[20.231s][debug][gc,phases,ref  ] GC(404)     SoftRef: skipped
[20.231s][debug][gc,phases,ref  ] GC(404)     WeakRef: skipped
[20.231s][debug][gc,phases,ref  ] GC(404)     FinalRef: skipped
[20.231s][debug][gc,phases,ref  ] GC(404)     Total: skipped
[20.231s][debug][gc,phases,ref  ] GC(404)   Notify and keep alive finalizable: 0.0ms
[20.231s][debug][gc,phases,ref  ] GC(404)     FinalRef: skipped
[20.231s][debug][gc,phases,ref  ] GC(404)   Notify PhantomReferences: 0.0ms
[20.231s][debug][gc,phases,ref  ] GC(404)     PhantomRef: skipped
[20.231s][debug][gc,phases,ref  ] GC(404)   SoftReference Discovered: 0, Dropped: 0, Processed: 0
[20.231s][debug][gc,phases,ref  ] GC(404)   WeakReference Discovered: 0, Dropped: 0, Processed: 0
[20.231s][debug][gc,phases,ref  ] GC(404)   FinalReference Discovered: 0, Dropped: 0, Processed: 0
[20.231s][debug][gc,phases,ref  ] GC(404)   PhantomReference Discovered: 0, Dropped: 0, Processed: 0
[20.231s][debug][gc,age         ] GC(404) Desired survivor size 557056 bytes, new threshold 15 (max threshold 15)
[20.231s][info ][gc,heap        ] GC(404) DefNew: 8832K(9920K)->0K(9920K) Eden: 8832K(8832K)->0K(8832K) From: 0K(1088K)->0K(1088K)
[20.231s][info ][gc,heap        ] GC(404) Tenured: 2071K(21888K)->2071K(21888K)
[20.231s][info ][gc,metaspace   ] GC(404) Metaspace: 369K(512K)->369K(512K) NonClass: 306K(384K)->306K(384K) Class: 63K(128K)->63K(128K)
[20.231s][debug][gc,heap        ] GC(404) Heap after GC invocations=405 (full 12):
[20.231s][debug][gc,heap        ] GC(404)  def new generation   total 9920K, used 0K [0x0000120000200000, 0x0000120000cc0000, 0x000012000aca0000)
[20.231s][debug][gc,heap        ] GC(404)   eden space 8832K,   0% used [0x0000120000200000, 0x0000120000200000, 0x0000120000aa0000)
[20.231s][debug][gc,heap        ] GC(404)   from space 1088K,   0% used [0x0000120000bb0000, 0x0000120000bb0130, 0x0000120000cc0000)
[20.231s][debug][gc,heap        ] GC(404)   to   space 1088K,   0% used [0x0000120000aa0000, 0x0000120000aa0000, 0x0000120000bb0000)
[20.231s][debug][gc,heap        ] GC(404)  tenured generation   total 21888K, used 2071K [0x000012000aca0000, 0x000012000c200000, 0x0000120020200000)
[20.231s][debug][gc,heap        ] GC(404)    the space 21888K,   9% used [0x000012000aca0000, 0x000012000aea5e20, 0x000012000aea6000, 0x000012000c200000)
[20.231s][debug][gc,heap        ] GC(404)  Metaspace       used 369K, committed 512K, reserved 1114112K
[20.231s][debug][gc,heap        ] GC(404)   class space    used 63K, committed 128K, reserved 1048576K
[20.231s][info ][gc             ] GC(404) Pause Young (Allocation Failure) 10M->2M(31M) 0.645ms
[20.231s][info ][gc,cpu         ] GC(404) User=0.00s Sys=0.00s Real=0.00s
[20.232s][info ][safepoint      ] Safepoint "GenCollectForAllocation", Time since last: 49088559 ns, Reaching safepoint: 3250 ns, Cleanup: 3661 ns, At safepoint: 688794 ns, Total: 695705 ns
[20.279s][info ][gc,start       ] GC(405) Pause Young (Allocation Failure)
[20.279s][debug][gc,heap        ] GC(405) Heap before GC invocations=405 (full 12):
[20.279s][debug][gc,heap        ] GC(405)  def new generation   total 9920K, used 8832K [0x0000120000200000, 0x0000120000cc0000, 0x000012000aca0000)
[20.279s][debug][gc,heap        ] GC(405)   eden space 8832K, 100% used [0x0000120000200000, 0x0000120000aa0000, 0x0000120000aa0000)
[20.279s][debug][gc,heap        ] GC(405)   from space 1088K,   0% used [0x0000120000bb0000, 0x0000120000bb0130, 0x0000120000cc0000)
[20.279s][debug][gc,heap        ] GC(405)   to   space 1088K,   0% used [0x0000120000aa0000, 0x0000120000aa0000, 0x0000120000bb0000)
[20.279s][debug][gc,heap        ] GC(405)  tenured generation   total 21888K, used 2071K [0x000012000aca0000, 0x000012000c200000, 0x0000120020200000)
[20.279s][debug][gc,heap        ] GC(405)    the space 21888K,   9% used [0x000012000aca0000, 0x000012000aea5e20, 0x000012000aea6000, 0x000012000c200000)
[20.279s][debug][gc,heap        ] GC(405)  Metaspace       used 369K, committed 512K, reserved 1114112K
[20.279s][debug][gc,heap        ] GC(405)   class space    used 63K, committed 128K, reserved 1048576K
[20.279s][debug][gc,tlab        ] GC(405) TLAB totals: thrds: 2  refills: 101 max: 52 slow allocs: 0 max 0 waste:  0.0% gc: 264B max: 264B slow: 3352B max: 1960B
[20.280s][debug][gc,ref         ] GC(405) Skipped SoftWeakFinalRefsPhase of Reference Processing: no references
[20.280s][debug][gc,ref         ] GC(405) Skipped KeepAliveFinalRefsPhase of Reference Processing: no references
[20.280s][debug][gc,ref         ] GC(405) Skipped PhantomRefsPhase of Reference Processing: no references
[20.280s][debug][gc,phases,ref  ] GC(405) Reference Processing: 0.0ms
[20.280s][debug][gc,phases,ref  ] GC(405)   Notify Soft/WeakReferences: 0.0ms
[20.280s][debug][gc,phases,ref  ] GC(405)     SoftRef: skipped
[20.280s][debug][gc,phases,ref  ] GC(405)     WeakRef: skipped
[20.280s][debug][gc,phases,ref  ] GC(405)     FinalRef: skipped
[20.280s][debug][gc,phases,ref  ] GC(405)     Total: skipped
[20.280s][debug][gc,phases,ref  ] GC(405)   Notify and keep alive finalizable: 0.0ms
[20.280s][debug][gc,phases,ref  ] GC(405)     FinalRef: skipped
[20.280s][debug][gc,phases,ref  ] GC(405)   Notify PhantomReferences: 0.0ms
[20.280s][debug][gc,phases,ref  ] GC(405)     PhantomRef: skipped
[20.280s][debug][gc,phases,ref  ] GC(405)   SoftReference Discovered: 0, Dropped: 0, Processed: 0
[20.280s][debug][gc,phases,ref  ] GC(405)   WeakReference Discovered: 0, Dropped: 0, Processed: 0
[20.280s][debug][gc,phases,ref  ] GC(405)   FinalReference Discovered: 0, Dropped: 0, Processed: 0
[20.280s][debug][gc,phases,ref  ] GC(405)   PhantomReference Discovered: 0, Dropped: 0, Processed: 0
[20.280s][debug][gc,age         ] GC(405) Desired survivor size 557056 bytes, new threshold 15 (max threshold 15)
[20.280s][info ][gc,heap        ] GC(405) DefNew: 8832K(9920K)->0K(9920K) Eden: 8832K(8832K)->0K(8832K) From: 0K(1088K)->0K(1088K)
[20.280s][info ][gc,heap        ] GC(405) Tenured: 2071K(21888K)->2071K(21888K)
[20.280s][info ][gc,metaspace   ] GC(405) Metaspace: 369K(512K)->369K(512K) NonClass: 306K(384K)->306K(384K) Class: 63K(128K)->63K(128K)
[20.280s][debug][gc,heap        ] GC(405) Heap after GC invocations=406 (full 12):
[20.280s][debug][gc,heap        ] GC(405)  def new generation   total 9920K, used 0K [0x0000120000200000, 0x0000120000cc0000, 0x000012000aca0000)
[20.280s][debug][gc,heap        ] GC(405)   eden space 8832K,   0% used [0x0000120000200000, 0x0000120000200000, 0x0000120000aa0000)
[20.280s][debug][gc,heap        ] GC(405)   from space 1088K,   0% used [0x0000120000aa0000, 0x0000120000aa0138, 0x0000120000bb0000)
[20.280s][debug][gc,heap        ] GC(405)   to   space 1088K,   0% used [0x0000120000bb0000, 0x0000120000bb0000, 0x0000120000cc0000)
[20.280s][debug][gc,heap        ] GC(405)  tenured generation   total 21888K, used 2071K [0x000012000aca0000, 0x000012000c200000, 0x0000120020200000)
[20.280s][debug][gc,heap        ] GC(405)    the space 21888K,   9% used [0x000012000aca0000, 0x000012000aea5e20, 0x000012000aea6000, 0x000012000c200000)
[20.280s][debug][gc,heap        ] GC(405)  Metaspace       used 369K, committed 512K, reserved 1114112K
[20.280s][debug][gc,heap        ] GC(405)   class space    used 63K, committed 128K, reserved 1048576K
[20.280s][info ][gc             ] GC(405) Pause Young (Allocation Failure) 10M->2M(31M) 0.583ms
[20.280s][info ][gc,cpu         ] GC(405) User=0.00s Sys=0.00s Real=0.00s
[20.280s][info ][safepoint      ] Safepoint "GenCollectForAllocation", Time since last: 47765987 ns, Reaching safepoint: 3732 ns, Cleanup: 3919 ns, At safepoint: 627522 ns, Total: 635173 ns
[20.329s][info ][gc,start       ] GC(406) Pause Young (Allocation Failure)
[20.329s][debug][gc,heap        ] GC(406) Heap before GC invocations=406 (full 12):
[20.329s][debug][gc,heap        ] GC(406)  def new generation   total 9920K, used 8832K [0x0000120000200000, 0x0000120000cc0000, 0x000012000aca0000)
[20.329s][debug][gc,heap        ] GC(406)   eden space 8832K, 100% used [0x0000120000200000, 0x0000120000aa0000, 0x0000120000aa0000)
[20.329s][debug][gc,heap        ] GC(406)   from space 1088K,   0% used [0x0000120000aa0000, 0x0000120000aa0138, 0x0000120000bb0000)
[20.329s][debug][gc,heap        ] GC(406)   to   space 1088K,   0% used [0x0000120000bb0000, 0x0000120000bb0000, 0x0000120000cc0000)
[20.329s][debug][gc,heap        ] GC(406)  tenured generation   total 21888K, used 2071K [0x000012000aca0000, 0x000012000c200000, 0x0000120020200000)
[20.329s][debug][gc,heap        ] GC(406)    the space 21888K,   9% used [0x000012000aca0000, 0x000012000aea5e20, 0x000012000aea6000, 0x000012000c200000)
[20.329s][debug][gc,heap        ] GC(406)  Metaspace       used 369K, committed 512K, reserved 1114112K
[20.329s][debug][gc,heap        ] GC(406)   class space    used 63K, committed 128K, reserved 1048576K
[20.329s][debug][gc,tlab        ] GC(406) TLAB totals: thrds: 2  refills: 101 max: 51 slow allocs: 0 max 0 waste:  0.1% gc: 7664B max: 7664B slow: 2240B max: 1440B
[20.329s][debug][gc,ref         ] GC(406) Skipped SoftWeakFinalRefsPhase of Reference Processing: no references
[20.329s][debug][gc,ref         ] GC(406) Skipped KeepAliveFinalRefsPhase of Reference Processing: no references
[20.329s][debug][gc,ref         ] GC(406) Skipped PhantomRefsPhase of Reference Processing: no references
[20.329s][debug][gc,phases,ref  ] GC(406) Reference Processing: 0.0ms
[20.329s][debug][gc,phases,ref  ] GC(406)   Notify Soft/WeakReferences: 0.0ms
[20.329s][debug][gc,phases,ref  ] GC(406)     SoftRef: skipped
[20.329s][debug][gc,phases,ref  ] GC(406)     WeakRef: skipped
[20.329s][debug][gc,phases,ref  ] GC(406)     FinalRef: skipped
[20.329s][debug][gc,phases,ref  ] GC(406)     Total: skipped
[20.329s][debug][gc,phases,ref  ] GC(406)   Notify and keep alive finalizable: 0.0ms
[20.329s][debug][gc,phases,ref  ] GC(406)     FinalRef: skipped
[20.329s][debug][gc,phases,ref  ] GC(406)   Notify PhantomReferences: 0.0ms
[20.329s][debug][gc,phases,ref  ] GC(406)     PhantomRef: skipped
[20.329s][debug][gc,phases,ref  ] GC(406)   SoftReference Discovered: 0, Dropped: 0, Processed: 0
[20.329s][debug][gc,phases,ref  ] GC(406)   WeakReference Discovered: 0, Dropped: 0, Processed: 0
[20.329s][debug][gc,phases,ref  ] GC(406)   FinalReference Discovered: 0, Dropped: 0, Processed: 0
[20.329s][debug][gc,phases,ref  ] GC(406)   PhantomReference Discovered: 0, Dropped: 0, Processed: 0
[20.329s][debug][gc,age         ] GC(406) Desired survivor size 557056 bytes, new threshold 15 (max threshold 15)
[20.329s][info ][gc,heap        ] GC(406) DefNew: 8832K(9920K)->0K(9920K) Eden: 8832K(8832K)->0K(8832K) From: 0K(1088K)->0K(1088K)
[20.329s][info ][gc,heap        ] GC(406) Tenured: 2071K(21888K)->2071K(21888K)
[20.329s][info ][gc,metaspace   ] GC(406) Metaspace: 369K(512K)->369K(512K) NonClass: 306K(384K)->306K(384K) Class: 63K(128K)->63K(128K)
[20.329s][debug][gc,heap        ] GC(406) Heap after GC invocations=407 (full 12):
[20.329s][debug][gc,heap        ] GC(406)  def new generation   total 9920K, used 0K [0x0000120000200000, 0x0000120000cc0000, 0x000012000aca0000)
[20.329s][debug][gc,heap        ] GC(406)   eden space 8832K,   0% used [0x0000120000200000, 0x0000120000200000, 0x0000120000aa0000)
[20.329s][debug][gc,heap        ] GC(406)   from space 1088K,   0% used [0x0000120000bb0000, 0x0000120000bb01b8, 0x0000120000cc0000)
[20.329s][debug][gc,heap        ] GC(406)   to   space 1088K,   0% used [0x0000120000aa0000, 0x0000120000aa0000, 0x0000120000bb0000)
[20.329s][debug][gc,heap        ] GC(406)  tenured generation   total 21888K, used 2071K [0x000012000aca0000, 0x000012000c200000, 0x0000120020200000)
[20.329s][debug][gc,heap        ] GC(406)    the space 21888K,   9% used [0x000012000aca0000, 0x000012000aea5e20, 0x000012000aea6000, 0x000012000c200000)
[20.329s][debug][gc,heap        ] GC(406)  Metaspace       used 369K, committed 512K, reserved 1114112K
[20.329s][debug][gc,heap        ] GC(406)   class space    used 63K, committed 128K, reserved 1048576K
[20.329s][info ][gc             ] GC(406) Pause Young (Allocation Failure) 10M->2M(31M) 0.585ms
[20.329s][info ][gc,cpu         ] GC(406) User=0.01s Sys=0.00s Real=0.00s
[20.329s][info ][safepoint      ] Safepoint "GenCollectForAllocation", Time since last: 48591163 ns, Reaching safepoint: 3194 ns, Cleanup: 3634 ns, At safepoint: 632546 ns, Total: 639374 ns
[20.378s][info ][gc,start       ] GC(407) Pause Young (Allocation Failure)
[20.378s][debug][gc,heap        ] GC(407) Heap before GC invocations=407 (full 12):
[20.378s][debug][gc,heap        ] GC(407)  def new generation   total 9920K, used 8832K [0x0000120000200000, 0x0000120000cc0000, 0x000012000aca0000)
[20.378s][debug][gc,heap        ] GC(407)   eden space 8832K, 100% used [0x0000120000200000, 0x0000120000aa0000, 0x0000120000aa0000)
[20.378s][debug][gc,heap        ] GC(407)   from space 1088K,   0% used [0x0000120000bb0000, 0x0000120000bb01b8, 0x0000120000cc0000)
[20.378s][debug][gc,heap        ] GC(407)   to   space 1088K,   0% used [0x0000120000aa0000, 0x0000120000aa0000, 0x0000120000bb0000)
[20.378s][debug][gc,heap        ] GC(407)  tenured generation   total 21888K, used 2071K [0x000012000aca0000, 0x000012000c200000, 0x0000120020200000)
[20.378s][debug][gc,heap        ] GC(407)    the space 21888K,   9% used [0x000012000aca0000, 0x000012000aea5e20, 0x000012000aea6000, 0x000012000c200000)
[20.378s][debug][gc,heap        ] GC(407)  Metaspace       used 369K, committed 512K, reserved 1114112K
[20.378s][debug][gc,heap        ] GC(407)   class space    used 63K, committed 128K, reserved 1048576K
[20.378s][debug][gc,tlab        ] GC(407) TLAB totals: thrds: 2  refills: 101 max: 51 slow allocs: 0 max 0 waste:  0.0% gc: 0B max: 0B slow: 2856B max: 2040B
[20.378s][debug][gc,ref         ] GC(407) Skipped SoftWeakFinalRefsPhase of Reference Processing: no references
[20.378s][debug][gc,ref         ] GC(407) Skipped KeepAliveFinalRefsPhase of Reference Processing: no references
[20.378s][debug][gc,ref         ] GC(407) Skipped PhantomRefsPhase of Reference Processing: no references
[20.378s][debug][gc,phases,ref  ] GC(407) Reference Processing: 0.0ms
[20.378s][debug][gc,phases,ref  ] GC(407)   Notify Soft/WeakReferences: 0.0ms
[20.378s][debug][gc,phases,ref  ] GC(407)     SoftRef: skipped
[20.378s][debug][gc,phases,ref  ] GC(407)     WeakRef: skipped
[20.378s][debug][gc,phases,ref  ] GC(407)     FinalRef: skipped
[20.378s][debug][gc,phases,ref  ] GC(407)     Total: skipped
[20.378s][debug][gc,phases,ref  ] GC(407)   Notify and keep alive finalizable: 0.0ms
[20.379s][debug][gc,phases,ref  ] GC(407)     FinalRef: skipped
[20.379s][debug][gc,phases,ref  ] GC(407)   Notify PhantomReferences: 0.0ms
[20.379s][debug][gc,phases,ref  ] GC(407)     PhantomRef: skipped
[20.379s][debug][gc,phases,ref  ] GC(407)   SoftReference Discovered: 0, Dropped: 0, Processed: 0
[20.379s][debug][gc,phases,ref  ] GC(407)   WeakReference Discovered: 0, Dropped: 0, Processed: 0
[20.379s][debug][gc,phases,ref  ] GC(407)   FinalReference Discovered: 0, Dropped: 0, Processed: 0
[20.379s][debug][gc,phases,ref  ] GC(407)   PhantomReference Discovered: 0, Dropped: 0, Processed: 0
[20.379s][debug][gc,age         ] GC(407) Desired survivor size 557056 bytes, new threshold 15 (max threshold 15)
[20.379s][info ][gc,heap        ] GC(407) DefNew: 8832K(9920K)->0K(9920K) Eden: 8832K(8832K)->0K(8832K) From: 0K(1088K)->0K(1088K)
[20.379s][info ][gc,heap        ] GC(407) Tenured: 2071K(21888K)->2071K(21888K)
[20.379s][info ][gc,metaspace   ] GC(407) Metaspace: 369K(512K)->369K(512K) NonClass: 306K(384K)->306K(384K) Class: 63K(128K)->63K(128K)
[20.379s][debug][gc,heap        ] GC(407) Heap after GC invocations=408 (full 12):
[20.379s][debug][gc,heap        ] GC(407)  def new generation   total 9920K, used 0K [0x0000120000200000, 0x0000120000cc0000, 0x000012000aca0000)
[20.379s][debug][gc,heap        ] GC(407)   eden space 8832K,   0% used [0x0000120000200000, 0x0000120000200000, 0x0000120000aa0000)
[20.379s][debug][gc,heap        ] GC(407)   from space 1088K,   0% used [0x0000120000aa0000, 0x0000120000aa0190, 0x0000120000bb0000)
[20.379s][debug][gc,heap        ] GC(407)   to   space 1088K,   0% used [0x0000120000bb0000, 0x0000120000bb0000, 0x0000120000cc0000)
[20.379s][debug][gc,heap        ] GC(407)  tenured generation   total 21888K, used 2071K [0x000012000aca0000, 0x000012000c200000, 0x0000120020200000)
[20.379s][debug][gc,heap        ] GC(407)    the space 21888K,   9% used [0x000012000aca0000, 0x000012000aea5e20, 0x000012000aea6000, 0x000012000c200000)
[20.379s][debug][gc,heap        ] GC(407)  Metaspace       used 369K, committed 512K, reserved 1114112K
[20.379s][debug][gc,heap        ] GC(407)   class space    used 63K, committed 128K, reserved 1048576K
[20.379s][info ][gc             ] GC(407) Pause Young (Allocation Failure) 10M->2M(31M) 0.595ms
[20.379s][info ][gc,cpu         ] GC(407) User=0.00s Sys=0.00s Real=0.00s
[20.379s][info ][safepoint      ] Safepoint "GenCollectForAllocation", Time since last: 49007467 ns, Reaching safepoint: 3018 ns, Cleanup: 3613 ns, At safepoint: 633192 ns, Total: 639823 ns
[20.429s][info ][gc,start       ] GC(408) Pause Young (Allocation Failure)
[20.429s][debug][gc,heap        ] GC(408) Heap before GC invocations=408 (full 12):
[20.429s][debug][gc,heap        ] GC(408)  def new generation   total 9920K, used 8832K [0x0000120000200000, 0x0000120000cc0000, 0x000012000aca0000)
[20.429s][debug][gc,heap        ] GC(408)   eden space 8832K, 100% used [0x0000120000200000, 0x0000120000aa0000, 0x0000120000aa0000)
[20.429s][debug][gc,heap        ] GC(408)   from space 1088K,   0% used [0x0000120000aa0000, 0x0000120000aa0190, 0x0000120000bb0000)
[20.429s][debug][gc,heap        ] GC(408)   to   space 1088K,   0% used [0x0000120000bb0000, 0x0000120000bb0000, 0x0000120000cc0000)
[20.429s][debug][gc,heap        ] GC(408)  tenured generation   total 21888K, used 2071K [0x000012000aca0000, 0x000012000c200000, 0x0000120020200000)
[20.429s][debug][gc,heap        ] GC(408)    the space 21888K,   9% used [0x000012000aca0000, 0x000012000aea5e20, 0x000012000aea6000, 0x000012000c200000)
[20.429s][debug][gc,heap        ] GC(408)  Metaspace       used 369K, committed 512K, reserved 1114112K
[20.429s][debug][gc,heap        ] GC(408)   class space    used 63K, committed 128K, reserved 1048576K
[20.429s][debug][gc,tlab        ] GC(408) TLAB totals: thrds: 2  refills: 100 max: 51 slow allocs: 0 max 0 waste:  0.3% gc: 25384B max: 25384B slow: 2584B max: 1432B
[20.429s][debug][gc,ref         ] GC(408) Skipped SoftWeakFinalRefsPhase of Reference Processing: no references
[20.429s][debug][gc,ref         ] GC(408) Skipped KeepAliveFinalRefsPhase of Reference Processing: no references
[20.429s][debug][gc,ref         ] GC(408) Skipped PhantomRefsPhase of Reference Processing: no references
[20.429s][debug][gc,phases,ref  ] GC(408) Reference Processing: 0.0ms
[20.429s][debug][gc,phases,ref  ] GC(408)   Notify Soft/WeakReferences: 0.0ms
[20.429s][debug][gc,phases,ref  ] GC(408)     SoftRef: skipped
[20.429s][debug][gc,phases,ref  ] GC(408)     WeakRef: skipped
[20.429s][debug][gc,phases,ref  ] GC(408)     FinalRef: skipped
[20.429s][debug][gc,phases,ref  ] GC(408)     Total: skipped
[20.429s][debug][gc,phases,ref  ] GC(408)   Notify and keep alive finalizable: 0.0ms
[20.429s][debug][gc,phases,ref  ] GC(408)     FinalRef: skipped
[20.429s][debug][gc,phases,ref  ] GC(408)   Notify PhantomReferences: 0.0ms
[20.429s][debug][gc,phases,ref  ] GC(408)     PhantomRef: skipped
[20.429s][debug][gc,phases,ref  ] GC(408)   SoftReference Discovered: 0, Dropped: 0, Processed: 0
[20.429s][debug][gc,phases,ref  ] GC(408)   WeakReference Discovered: 0, Dropped: 0, Processed: 0
[20.429s][debug][gc,phases,ref  ] GC(408)   FinalReference Discovered: 0, Dropped: 0, Processed: 0
[20.429s][debug][gc,phases,ref  ] GC(408)   PhantomReference Discovered: 0, Dropped: 0, Processed: 0
[20.429s][debug][gc,age         ] GC(408) Desired survivor size 557056 bytes, new threshold 15 (max threshold 15)
[20.429s][info ][gc,heap        ] GC(408) DefNew: 8832K(9920K)->0K(9920K) Eden: 8832K(8832K)->0K(8832K) From: 0K(1088K)->0K(1088K)
[20.429s][info ][gc,heap        ] GC(408) Tenured: 2071K(21888K)->2071K(21888K)
[20.429s][info ][gc,metaspace   ] GC(408) Metaspace: 369K(512K)->369K(512K) NonClass: 306K(384K)->306K(384K) Class: 63K(128K)->63K(128K)
[20.429s][debug][gc,heap        ] GC(408) Heap after GC invocations=409 (full 12):
[20.429s][debug][gc,heap        ] GC(408)  def new generation   total 9920K, used 0K [0x0000120000200000, 0x0000120000cc0000, 0x000012000aca0000)
[20.429s][debug][gc,heap        ] GC(408)   eden space 8832K,   0% used [0x0000120000200000, 0x0000120000200000, 0x0000120000aa0000)
[20.430s][debug][gc,heap        ] GC(408)   from space 1088K,   0% used [0x0000120000bb0000, 0x0000120000bb00d0, 0x0000120000cc0000)
[20.430s][debug][gc,heap        ] GC(408)   to   space 1088K,   0% used [0x0000120000aa0000, 0x0000120000aa0000, 0x0000120000bb0000)
[20.430s][debug][gc,heap        ] GC(408)  tenured generation   total 21888K, used 2071K [0x000012000aca0000, 0x000012000c200000, 0x0000120020200000)
[20.430s][debug][gc,heap        ] GC(408)    the space 21888K,   9% used [0x000012000aca0000, 0x000012000aea5e20, 0x000012000aea6000, 0x000012000c200000)
[20.430s][debug][gc,heap        ] GC(408)  Metaspace       used 369K, committed 512K, reserved 1114112K
[20.430s][debug][gc,heap        ] GC(408)   class space    used 63K, committed 128K, reserved 1048576K
[20.430s][info ][gc             ] GC(408) Pause Young (Allocation Failure) 10M->2M(31M) 0.648ms
[20.430s][info ][gc,cpu         ] GC(408) User=0.00s Sys=0.00s Real=0.00s
[20.430s][info ][safepoint      ] Safepoint "GenCollectForAllocation", Time since last: 50077803 ns, Reaching safepoint: 77649 ns, Cleanup: 3706 ns, At safepoint: 693775 ns, Total: 775130 ns
[20.478s][info ][gc,start       ] GC(409) Pause Young (Allocation Failure)
[20.478s][debug][gc,heap        ] GC(409) Heap before GC invocations=409 (full 12):
[20.478s][debug][gc,heap        ] GC(409)  def new generation   total 9920K, used 8832K [0x0000120000200000, 0x0000120000cc0000, 0x000012000aca0000)
[20.478s][debug][gc,heap        ] GC(409)   eden space 8832K, 100% used [0x0000120000200000, 0x0000120000aa0000, 0x0000120000aa0000)
[20.478s][debug][gc,heap        ] GC(409)   from space 1088K,   0% used [0x0000120000bb0000, 0x0000120000bb00d0, 0x0000120000cc0000)
[20.478s][debug][gc,heap        ] GC(409)   to   space 1088K,   0% used [0x0000120000aa0000, 0x0000120000aa0000, 0x0000120000bb0000)
[20.478s][debug][gc,heap        ] GC(409)  tenured generation   total 21888K, used 2071K [0x000012000aca0000, 0x000012000c200000, 0x0000120020200000)
[20.478s][debug][gc,heap        ] GC(409)    the space 21888K,   9% used [0x000012000aca0000, 0x000012000aea5e20, 0x000012000aea6000, 0x000012000c200000)
[20.478s][debug][gc,heap        ] GC(409)  Metaspace       used 369K, committed 512K, reserved 1114112K
[20.478s][debug][gc,heap        ] GC(409)   class space    used 63K, committed 128K, reserved 1048576K
[20.478s][debug][gc,tlab        ] GC(409) TLAB totals: thrds: 2  refills: 101 max: 52 slow allocs: 0 max 0 waste:  0.1% gc: 2520B max: 2520B slow: 3208B max: 1896B
[20.478s][debug][gc,ref         ] GC(409) Skipped SoftWeakFinalRefsPhase of Reference Processing: no references
[20.478s][debug][gc,ref         ] GC(409) Skipped KeepAliveFinalRefsPhase of Reference Processing: no references
[20.478s][debug][gc,ref         ] GC(409) Skipped PhantomRefsPhase of Reference Processing: no references
[20.478s][debug][gc,phases,ref  ] GC(409) Reference Processing: 0.0ms
[20.478s][debug][gc,phases,ref  ] GC(409)   Notify Soft/WeakReferences: 0.0ms
[20.478s][debug][gc,phases,ref  ] GC(409)     SoftRef: skipped
[20.478s][debug][gc,phases,ref  ] GC(409)     WeakRef: skipped
[20.478s][debug][gc,phases,ref  ] GC(409)     FinalRef: skipped
[20.478s][debug][gc,phases,ref  ] GC(409)     Total: skipped
[20.478s][debug][gc,phases,ref  ] GC(409)   Notify and keep alive finalizable: 0.0ms
[20.478s][debug][gc,phases,ref  ] GC(409)     FinalRef: skipped
[20.478s][debug][gc,phases,ref  ] GC(409)   Notify PhantomReferences: 0.0ms
[20.478s][debug][gc,phases,ref  ] GC(409)     PhantomRef: skipped
[20.478s][debug][gc,phases,ref  ] GC(409)   SoftReference Discovered: 0, Dropped: 0, Processed: 0
[20.478s][debug][gc,phases,ref  ] GC(409)   WeakReference Discovered: 0, Dropped: 0, Processed: 0
[20.478s][debug][gc,phases,ref  ] GC(409)   FinalReference Discovered: 0, Dropped: 0, Processed: 0
[20.478s][debug][gc,phases,ref  ] GC(409)   PhantomReference Discovered: 0, Dropped: 0, Processed: 0
[20.478s][debug][gc,age         ] GC(409) Desired survivor size 557056 bytes, new threshold 15 (max threshold 15)
[20.478s][info ][gc,heap        ] GC(409) DefNew: 8832K(9920K)->0K(9920K) Eden: 8832K(8832K)->0K(8832K) From: 0K(1088K)->0K(1088K)
[20.478s][info ][gc,heap        ] GC(409) Tenured: 2071K(21888K)->2071K(21888K)
[20.478s][info ][gc,metaspace   ] GC(409) Metaspace: 369K(512K)->369K(512K) NonClass: 306K(384K)->306K(384K) Class: 63K(128K)->63K(128K)
[20.478s][debug][gc,heap        ] GC(409) Heap after GC invocations=410 (full 12):
[20.478s][debug][gc,heap        ] GC(409)  def new generation   total 9920K, used 0K [0x0000120000200000, 0x0000120000cc0000, 0x000012000aca0000)
[20.478s][debug][gc,heap        ] GC(409)   eden space 8832K,   0% used [0x0000120000200000, 0x0000120000200000, 0x0000120000aa0000)
[20.478s][debug][gc,heap        ] GC(409)   from space 1088K,   0% used [0x0000120000aa0000, 0x0000120000aa0160, 0x0000120000bb0000)
[20.478s][debug][gc,heap        ] GC(409)   to   space 1088K,   0% used [0x0000120000bb0000, 0x0000120000bb0000, 0x0000120000cc0000)
[20.478s][debug][gc,heap        ] GC(409)  tenured generation   total 21888K, used 2071K [0x000012000aca0000, 0x000012000c200000, 0x0000120020200000)
[20.478s][debug][gc,heap        ] GC(409)    the space 21888K,   9% used [0x000012000aca0000, 0x000012000aea5e20, 0x000012000aea6000, 0x000012000c200000)
[20.478s][debug][gc,heap        ] GC(409)  Metaspace       used 369K, committed 512K, reserved 1114112K
[20.478s][debug][gc,heap        ] GC(409)   class space    used 63K, committed 128K, reserved 1048576K
[20.478s][info ][gc             ] GC(409) Pause Young (Allocation Failure) 10M->2M(31M) 0.613ms
[20.478s][info ][gc,cpu         ] GC(409) User=0.00s Sys=0.00s Real=0.00s
[20.478s][info ][safepoint      ] Safepoint "GenCollectForAllocation", Time since last: 48077509 ns, Reaching safepoint: 3158 ns, Cleanup: 3598 ns, At safepoint: 634884 ns, Total: 641640 ns
[20.538s][info ][gc,start       ] GC(410) Pause Young (Allocation Failure)
[20.538s][debug][gc,heap        ] GC(410) Heap before GC invocations=410 (full 12):
[20.538s][debug][gc,heap        ] GC(410)  def new generation   total 9920K, used 8832K [0x0000120000200000, 0x0000120000cc0000, 0x000012000aca0000)
[20.538s][debug][gc,heap        ] GC(410)   eden space 8832K, 100% used [0x0000120000200000, 0x0000120000aa0000, 0x0000120000aa0000)
[20.538s][debug][gc,heap        ] GC(410)   from space 1088K,   0% used [0x0000120000aa0000, 0x0000120000aa0160, 0x0000120000bb0000)
[20.538s][debug][gc,heap        ] GC(410)   to   space 1088K,   0% used [0x0000120000bb0000, 0x0000120000bb0000, 0x0000120000cc0000)
[20.538s][debug][gc,heap        ] GC(410)  tenured generation   total 21888K, used 2071K [0x000012000aca0000, 0x000012000c200000, 0x0000120020200000)
[20.538s][debug][gc,heap        ] GC(410)    the space 21888K,   9% used [0x000012000aca0000, 0x000012000aea5e20, 0x000012000aea6000, 0x000012000c200000)
[20.538s][debug][gc,heap        ] GC(410)  Metaspace       used 369K, committed 512K, reserved 1114112K
[20.538s][debug][gc,heap        ] GC(410)   class space    used 63K, committed 128K, reserved 1048576K
[20.538s][debug][gc,tlab        ] GC(410) TLAB totals: thrds: 2  refills: 101 max: 61 slow allocs: 0 max 0 waste:  0.0% gc: 352B max: 352B slow: 2528B max: 1656B
[20.538s][debug][gc,ref         ] GC(410) Skipped SoftWeakFinalRefsPhase of Reference Processing: no references
[20.538s][debug][gc,ref         ] GC(410) Skipped KeepAliveFinalRefsPhase of Reference Processing: no references
[20.538s][debug][gc,ref         ] GC(410) Skipped PhantomRefsPhase of Reference Processing: no references
[20.538s][debug][gc,phases,ref  ] GC(410) Reference Processing: 0.0ms
[20.538s][debug][gc,phases,ref  ] GC(410)   Notify Soft/WeakReferences: 0.0ms
[20.538s][debug][gc,phases,ref  ] GC(410)     SoftRef: skipped
[20.538s][debug][gc,phases,ref  ] GC(410)     WeakRef: skipped
[20.538s][debug][gc,phases,ref  ] GC(410)     FinalRef: skipped
[20.538s][debug][gc,phases,ref  ] GC(410)     Total: skipped
[20.538s][debug][gc,phases,ref  ] GC(410)   Notify and keep alive finalizable: 0.0ms
[20.538s][debug][gc,phases,ref  ] GC(410)     FinalRef: skipped
[20.538s][debug][gc,phases,ref  ] GC(410)   Notify PhantomReferences: 0.0ms
[20.538s][debug][gc,phases,ref  ] GC(410)     PhantomRef: skipped
[20.538s][debug][gc,phases,ref  ] GC(410)   SoftReference Discovered: 0, Dropped: 0, Processed: 0
[20.538s][debug][gc,phases,ref  ] GC(410)   WeakReference Discovered: 0, Dropped: 0, Processed: 0
[20.538s][debug][gc,phases,ref  ] GC(410)   FinalReference Discovered: 0, Dropped: 0, Processed: 0
[20.538s][debug][gc,phases,ref  ] GC(410)   PhantomReference Discovered: 0, Dropped: 0, Processed: 0
[20.538s][debug][gc,age         ] GC(410) Desired survivor size 557056 bytes, new threshold 15 (max threshold 15)
[20.538s][info ][gc,heap        ] GC(410) DefNew: 8832K(9920K)->0K(9920K) Eden: 8832K(8832K)->0K(8832K) From: 0K(1088K)->0K(1088K)
[20.538s][info ][gc,heap        ] GC(410) Tenured: 2071K(21888K)->2071K(21888K)
[20.538s][info ][gc,metaspace   ] GC(410) Metaspace: 369K(512K)->369K(512K) NonClass: 306K(384K)->306K(384K) Class: 63K(128K)->63K(128K)
[20.538s][debug][gc,heap        ] GC(410) Heap after GC invocations=411 (full 12):
[20.538s][debug][gc,heap        ] GC(410)  def new generation   total 9920K, used 0K [0x0000120000200000, 0x0000120000cc0000, 0x000012000aca0000)
[20.538s][debug][gc,heap        ] GC(410)   eden space 8832K,   0% used [0x0000120000200000, 0x0000120000200000, 0x0000120000aa0000)
[20.538s][debug][gc,heap        ] GC(410)   from space 1088K,   0% used [0x0000120000bb0000, 0x0000120000bb01d0, 0x0000120000cc0000)
[20.538s][debug][gc,heap        ] GC(410)   to   space 1088K,   0% used [0x0000120000aa0000, 0x0000120000aa0000, 0x0000120000bb0000)
[20.538s][debug][gc,heap        ] GC(410)  tenured generation   total 21888K, used 2071K [0x000012000aca0000, 0x000012000c200000, 0x0000120020200000)
[20.538s][debug][gc,heap        ] GC(410)    the space 21888K,   9% used [0x000012000aca0000, 0x000012000aea5e20, 0x000012000aea6000, 0x000012000c200000)
[20.538s][debug][gc,heap        ] GC(410)  Metaspace       used 369K, committed 512K, reserved 1114112K
[20.538s][debug][gc,heap        ] GC(410)   class space    used 63K, committed 128K, reserved 1048576K
[20.538s][info ][gc             ] GC(410) Pause Young (Allocation Failure) 10M->2M(31M) 0.471ms
[20.538s][info ][gc,cpu         ] GC(410) User=0.00s Sys=0.01s Real=0.00s
[20.538s][info ][safepoint      ] Safepoint "GenCollectForAllocation", Time since last: 59579810 ns, Reaching safepoint: 4092 ns, Cleanup: 3846 ns, At safepoint: 494028 ns, Total: 501966 ns
[20.589s][info ][gc,start       ] GC(411) Pause Young (Allocation Failure)
[20.589s][debug][gc,heap        ] GC(411) Heap before GC invocations=411 (full 12):
[20.589s][debug][gc,heap        ] GC(411)  def new generation   total 9920K, used 8832K [0x0000120000200000, 0x0000120000cc0000, 0x000012000aca0000)
[20.589s][debug][gc,heap        ] GC(411)   eden space 8832K, 100% used [0x0000120000200000, 0x0000120000aa0000, 0x0000120000aa0000)
[20.589s][debug][gc,heap        ] GC(411)   from space 1088K,   0% used [0x0000120000bb0000, 0x0000120000bb01d0, 0x0000120000cc0000)
[20.589s][debug][gc,heap        ] GC(411)   to   space 1088K,   0% used [0x0000120000aa0000, 0x0000120000aa0000, 0x0000120000bb0000)
[20.589s][debug][gc,heap        ] GC(411)  tenured generation   total 21888K, used 2071K [0x000012000aca0000, 0x000012000c200000, 0x0000120020200000)
[20.589s][debug][gc,heap        ] GC(411)    the space 21888K,   9% used [0x000012000aca0000, 0x000012000aea5e20, 0x000012000aea6000, 0x000012000c200000)
[20.589s][debug][gc,heap        ] GC(411)  Metaspace       used 369K, committed 512K, reserved 1114112K
[20.589s][debug][gc,heap        ] GC(411)   class space    used 63K, committed 128K, reserved 1048576K
[20.589s][debug][gc,tlab        ] GC(411) TLAB totals: thrds: 2  refills: 101 max: 54 slow allocs: 0 max 0 waste:  0.2% gc: 13232B max: 13232B slow: 2192B max: 1312B
[20.589s][debug][gc,ref         ] GC(411) Skipped SoftWeakFinalRefsPhase of Reference Processing: no references
[20.589s][debug][gc,ref         ] GC(411) Skipped KeepAliveFinalRefsPhase of Reference Processing: no references
[20.589s][debug][gc,ref         ] GC(411) Skipped PhantomRefsPhase of Reference Processing: no references
[20.589s][debug][gc,phases,ref  ] GC(411) Reference Processing: 0.0ms
[20.589s][debug][gc,phases,ref  ] GC(411)   Notify Soft/WeakReferences: 0.0ms
[20.589s][debug][gc,phases,ref  ] GC(411)     SoftRef: skipped
[20.589s][debug][gc,phases,ref  ] GC(411)     WeakRef: skipped
[20.589s][debug][gc,phases,ref  ] GC(411)     FinalRef: skipped
[20.589s][debug][gc,phases,ref  ] GC(411)     Total: skipped
[20.589s][debug][gc,phases,ref  ] GC(411)   Notify and keep alive finalizable: 0.0ms
[20.589s][debug][gc,phases,ref  ] GC(411)     FinalRef: skipped
[20.589s][debug][gc,phases,ref  ] GC(411)   Notify PhantomReferences: 0.0ms
[20.589s][debug][gc,phases,ref  ] GC(411)     PhantomRef: skipped
[20.589s][debug][gc,phases,ref  ] GC(411)   SoftReference Discovered: 0, Dropped: 0, Processed: 0
[20.589s][debug][gc,phases,ref  ] GC(411)   WeakReference Discovered: 0, Dropped: 0, Processed: 0
[20.589s][debug][gc,phases,ref  ] GC(411)   FinalReference Discovered: 0, Dropped: 0, Processed: 0
[20.589s][debug][gc,phases,ref  ] GC(411)   PhantomReference Discovered: 0, Dropped: 0, Processed: 0
[20.589s][debug][gc,age         ] GC(411) Desired survivor size 557056 bytes, new threshold 15 (max threshold 15)
[20.589s][info ][gc,heap        ] GC(411) DefNew: 8832K(9920K)->0K(9920K) Eden: 8832K(8832K)->0K(8832K) From: 0K(1088K)->0K(1088K)
[20.589s][info ][gc,heap        ] GC(411) Tenured: 2071K(21888K)->2071K(21888K)
[20.589s][info ][gc,metaspace   ] GC(411) Metaspace: 369K(512K)->369K(512K) NonClass: 306K(384K)->306K(384K) Class: 63K(128K)->63K(128K)
[20.589s][debug][gc,heap        ] GC(411) Heap after GC invocations=412 (full 12):
[20.589s][debug][gc,heap        ] GC(411)  def new generation   total 9920K, used 0K [0x0000120000200000, 0x0000120000cc0000, 0x000012000aca0000)
[20.589s][debug][gc,heap        ] GC(411)   eden space 8832K,   0% used [0x0000120000200000, 0x0000120000200000, 0x0000120000aa0000)
[20.589s][debug][gc,heap        ] GC(411)   from space 1088K,   0% used [0x0000120000aa0000, 0x0000120000aa0210, 0x0000120000bb0000)
[20.589s][debug][gc,heap        ] GC(411)   to   space 1088K,   0% used [0x0000120000bb0000, 0x0000120000bb0000, 0x0000120000cc0000)
[20.589s][debug][gc,heap        ] GC(411)  tenured generation   total 21888K, used 2071K [0x000012000aca0000, 0x000012000c200000, 0x0000120020200000)
[20.589s][debug][gc,heap        ] GC(411)    the space 21888K,   9% used [0x000012000aca0000, 0x000012000aea5e20, 0x000012000aea6000, 0x000012000c200000)
[20.589s][debug][gc,heap        ] GC(411)  Metaspace       used 369K, committed 512K, reserved 1114112K
[20.589s][debug][gc,heap        ] GC(411)   class space    used 63K, committed 128K, reserved 1048576K
[20.589s][info ][gc             ] GC(411) Pause Young (Allocation Failure) 10M->2M(31M) 0.603ms
[20.589s][info ][gc,cpu         ] GC(411) User=0.00s Sys=0.00s Real=0.00s
[20.589s][info ][safepoint      ] Safepoint "GenCollectForAllocation", Time since last: 50395916 ns, Reaching safepoint: 3204 ns, Cleanup: 3583 ns, At safepoint: 650807 ns, Total: 657594 ns
[20.640s][info ][gc,start       ] GC(412) Pause Young (Allocation Failure)
[20.640s][debug][gc,heap        ] GC(412) Heap before GC invocations=412 (full 12):
[20.640s][debug][gc,heap        ] GC(412)  def new generation   total 9920K, used 8832K [0x0000120000200000, 0x0000120000cc0000, 0x000012000aca0000)
[20.640s][debug][gc,heap        ] GC(412)   eden space 8832K, 100% used [0x0000120000200000, 0x0000120000aa0000, 0x0000120000aa0000)
[20.640s][debug][gc,heap        ] GC(412)   from space 1088K,   0% used [0x0000120000aa0000, 0x0000120000aa0210, 0x0000120000bb0000)
[20.640s][debug][gc,heap        ] GC(412)   to   space 1088K,   0% used [0x0000120000bb0000, 0x0000120000bb0000, 0x0000120000cc0000)
[20.640s][debug][gc,heap        ] GC(412)  tenured generation   total 21888K, used 2071K [0x000012000aca0000, 0x000012000c200000, 0x0000120020200000)
[20.640s][debug][gc,heap        ] GC(412)    the space 21888K,   9% used [0x000012000aca0000, 0x000012000aea5e20, 0x000012000aea6000, 0x000012000c200000)
[20.640s][debug][gc,heap        ] GC(412)  Metaspace       used 369K, committed 512K, reserved 1114112K
[20.640s][debug][gc,heap        ] GC(412)   class space    used 63K, committed 128K, reserved 1048576K
[20.640s][debug][gc,tlab        ] GC(412) TLAB totals: thrds: 2  refills: 101 max: 55 slow allocs: 0 max 0 waste:  0.1% gc: 8880B max: 8880B slow: 3640B max: 2200B
[20.640s][debug][gc,ref         ] GC(412) Skipped SoftWeakFinalRefsPhase of Reference Processing: no references
[20.640s][debug][gc,ref         ] GC(412) Skipped KeepAliveFinalRefsPhase of Reference Processing: no references
[20.640s][debug][gc,ref         ] GC(412) Skipped PhantomRefsPhase of Reference Processing: no references
[20.640s][debug][gc,phases,ref  ] GC(412) Reference Processing: 0.0ms
[20.640s][debug][gc,phases,ref  ] GC(412)   Notify Soft/WeakReferences: 0.0ms
[20.640s][debug][gc,phases,ref  ] GC(412)     SoftRef: skipped
[20.640s][debug][gc,phases,ref  ] GC(412)     WeakRef: skipped
[20.640s][debug][gc,phases,ref  ] GC(412)     FinalRef: skipped
[20.640s][debug][gc,phases,ref  ] GC(412)     Total: skipped
[20.640s][debug][gc,phases,ref  ] GC(412)   Notify and keep alive finalizable: 0.0ms
[20.640s][debug][gc,phases,ref  ] GC(412)     FinalRef: skipped
[20.640s][debug][gc,phases,ref  ] GC(412)   Notify PhantomReferences: 0.0ms
[20.640s][debug][gc,phases,ref  ] GC(412)     PhantomRef: skipped
[20.640s][debug][gc,phases,ref  ] GC(412)   SoftReference Discovered: 0, Dropped: 0, Processed: 0
[20.640s][debug][gc,phases,ref  ] GC(412)   WeakReference Discovered: 0, Dropped: 0, Processed: 0
[20.640s][debug][gc,phases,ref  ] GC(412)   FinalReference Discovered: 0, Dropped: 0, Processed: 0
[20.640s][debug][gc,phases,ref  ] GC(412)   PhantomReference Discovered: 0, Dropped: 0, Processed: 0
[20.640s][debug][gc,age         ] GC(412) Desired survivor size 557056 bytes, new threshold 15 (max threshold 15)
[20.640s][info ][gc,heap        ] GC(412) DefNew: 8832K(9920K)->0K(9920K) Eden: 8832K(8832K)->0K(8832K) From: 0K(1088K)->0K(1088K)
[20.640s][info ][gc,heap        ] GC(412) Tenured: 2071K(21888K)->2071K(21888K)
[20.640s][info ][gc,metaspace   ] GC(412) Metaspace: 369K(512K)->369K(512K) NonClass: 306K(384K)->306K(384K) Class: 63K(128K)->63K(128K)
[20.640s][debug][gc,heap        ] GC(412) Heap after GC invocations=413 (full 12):
[20.640s][debug][gc,heap        ] GC(412)  def new generation   total 9920K, used 0K [0x0000120000200000, 0x0000120000cc0000, 0x000012000aca0000)
[20.640s][debug][gc,heap        ] GC(412)   eden space 8832K,   0% used [0x0000120000200000, 0x0000120000200000, 0x0000120000aa0000)
[20.640s][debug][gc,heap        ] GC(412)   from space 1088K,   0% used [0x0000120000bb0000, 0x0000120000bb01a8, 0x0000120000cc0000)
[20.640s][debug][gc,heap        ] GC(412)   to   space 1088K,   0% used [0x0000120000aa0000, 0x0000120000aa0000, 0x0000120000bb0000)
[20.640s][debug][gc,heap        ] GC(412)  tenured generation   total 21888K, used 2071K [0x000012000aca0000, 0x000012000c200000, 0x0000120020200000)
[20.640s][debug][gc,heap        ] GC(412)    the space 21888K,   9% used [0x000012000aca0000, 0x000012000aea5e20, 0x000012000aea6000, 0x000012000c200000)
[20.640s][debug][gc,heap        ] GC(412)  Metaspace       used 369K, committed 512K, reserved 1114112K
[20.640s][debug][gc,heap        ] GC(412)   class space    used 63K, committed 128K, reserved 1048576K
[20.640s][info ][gc             ] GC(412) Pause Young (Allocation Failure) 10M->2M(31M) 0.578ms
[20.640s][info ][gc,cpu         ] GC(412) User=0.00s Sys=0.00s Real=0.00s
[20.640s][info ][safepoint      ] Safepoint "GenCollectForAllocation", Time since last: 50236704 ns, Reaching safepoint: 77025 ns, Cleanup: 3468 ns, At safepoint: 620256 ns, Total: 700749 ns
[20.688s][info ][gc,start       ] GC(413) Pause Young (Allocation Failure)
[20.688s][debug][gc,heap        ] GC(413) Heap before GC invocations=413 (full 12):
[20.688s][debug][gc,heap        ] GC(413)  def new generation   total 9920K, used 8832K [0x0000120000200000, 0x0000120000cc0000, 0x000012000aca0000)
[20.688s][debug][gc,heap        ] GC(413)   eden space 8832K, 100% used [0x0000120000200000, 0x0000120000aa0000, 0x0000120000aa0000)
[20.688s][debug][gc,heap        ] GC(413)   from space 1088K,   0% used [0x0000120000bb0000, 0x0000120000bb01a8, 0x0000120000cc0000)
[20.688s][debug][gc,heap        ] GC(413)   to   space 1088K,   0% used [0x0000120000aa0000, 0x0000120000aa0000, 0x0000120000bb0000)
[20.688s][debug][gc,heap        ] GC(413)  tenured generation   total 21888K, used 2071K [0x000012000aca0000, 0x000012000c200000, 0x0000120020200000)
[20.688s][debug][gc,heap        ] GC(413)    the space 21888K,   9% used [0x000012000aca0000, 0x000012000aea5e20, 0x000012000aea6000, 0x000012000c200000)
[20.688s][debug][gc,heap        ] GC(413)  Metaspace       used 369K, committed 512K, reserved 1114112K
[20.688s][debug][gc,heap        ] GC(413)   class space    used 63K, committed 128K, reserved 1048576K
[20.688s][debug][gc,tlab        ] GC(413) TLAB totals: thrds: 2  refills: 101 max: 53 slow allocs: 0 max 0 waste:  0.1% gc: 2960B max: 2960B slow: 2888B max: 1824B
[20.688s][debug][gc,ref         ] GC(413) Skipped SoftWeakFinalRefsPhase of Reference Processing: no references
[20.688s][debug][gc,ref         ] GC(413) Skipped KeepAliveFinalRefsPhase of Reference Processing: no references
[20.688s][debug][gc,ref         ] GC(413) Skipped PhantomRefsPhase of Reference Processing: no references
[20.689s][debug][gc,phases,ref  ] GC(413) Reference Processing: 0.0ms
[20.689s][debug][gc,phases,ref  ] GC(413)   Notify Soft/WeakReferences: 0.0ms
[20.689s][debug][gc,phases,ref  ] GC(413)     SoftRef: skipped
[20.689s][debug][gc,phases,ref  ] GC(413)     WeakRef: skipped
[20.689s][debug][gc,phases,ref  ] GC(413)     FinalRef: skipped
[20.689s][debug][gc,phases,ref  ] GC(413)     Total: skipped
[20.689s][debug][gc,phases,ref  ] GC(413)   Notify and keep alive finalizable: 0.0ms
[20.689s][debug][gc,phases,ref  ] GC(413)     FinalRef: skipped
[20.689s][debug][gc,phases,ref  ] GC(413)   Notify PhantomReferences: 0.0ms
[20.689s][debug][gc,phases,ref  ] GC(413)     PhantomRef: skipped
[20.689s][debug][gc,phases,ref  ] GC(413)   SoftReference Discovered: 0, Dropped: 0, Processed: 0
[20.689s][debug][gc,phases,ref  ] GC(413)   WeakReference Discovered: 0, Dropped: 0, Processed: 0
[20.689s][debug][gc,phases,ref  ] GC(413)   FinalReference Discovered: 0, Dropped: 0, Processed: 0
[20.689s][debug][gc,phases,ref  ] GC(413)   PhantomReference Discovered: 0, Dropped: 0, Processed: 0
[20.689s][debug][gc,age         ] GC(413) Desired survivor size 557056 bytes, new threshold 15 (max threshold 15)
[20.689s][info ][gc,heap        ] GC(413) DefNew: 8832K(9920K)->0K(9920K) Eden: 8832K(8832K)->0K(8832K) From: 0K(1088K)->0K(1088K)
[20.689s][info ][gc,heap        ] GC(413) Tenured: 2071K(21888K)->2071K(21888K)
[20.689s][info ][gc,metaspace   ] GC(413) Metaspace: 369K(512K)->369K(512K) NonClass: 306K(384K)->306K(384K) Class: 63K(128K)->63K(128K)
[20.689s][debug][gc,heap        ] GC(413) Heap after GC invocations=414 (full 12):
[20.689s][debug][gc,heap        ] GC(413)  def new generation   total 9920K, used 0K [0x0000120000200000, 0x0000120000cc0000, 0x000012000aca0000)
[20.689s][debug][gc,heap        ] GC(413)   eden space 8832K,   0% used [0x0000120000200000, 0x0000120000200000, 0x0000120000aa0000)
[20.689s][debug][gc,heap        ] GC(413)   from space 1088K,   0% used [0x0000120000aa0000, 0x0000120000aa0168, 0x0000120000bb0000)
[20.689s][debug][gc,heap        ] GC(413)   to   space 1088K,   0% used [0x0000120000bb0000, 0x0000120000bb0000, 0x0000120000cc0000)
[20.689s][debug][gc,heap        ] GC(413)  tenured generation   total 21888K, used 2071K [0x000012000aca0000, 0x000012000c200000, 0x0000120020200000)
[20.689s][debug][gc,heap        ] GC(413)    the space 21888K,   9% used [0x000012000aca0000, 0x000012000aea5e20, 0x000012000aea6000, 0x000012000c200000)
[20.689s][debug][gc,heap        ] GC(413)  Metaspace       used 369K, committed 512K, reserved 1114112K
[20.689s][debug][gc,heap        ] GC(413)   class space    used 63K, committed 128K, reserved 1048576K
[20.689s][info ][gc             ] GC(413) Pause Young (Allocation Failure) 10M->2M(31M) 0.586ms
[20.689s][info ][gc,cpu         ] GC(413) User=0.00s Sys=0.00s Real=0.00s
[20.689s][info ][safepoint      ] Safepoint "GenCollectForAllocation", Time since last: 47787375 ns, Reaching safepoint: 3631 ns, Cleanup: 3822 ns, At safepoint: 631884 ns, Total: 639337 ns
[20.737s][info ][gc,start       ] GC(414) Pause Young (Allocation Failure)
[20.737s][debug][gc,heap        ] GC(414) Heap before GC invocations=414 (full 12):
[20.737s][debug][gc,heap        ] GC(414)  def new generation   total 9920K, used 8832K [0x0000120000200000, 0x0000120000cc0000, 0x000012000aca0000)
[20.737s][debug][gc,heap        ] GC(414)   eden space 8832K, 100% used [0x0000120000200000, 0x0000120000aa0000, 0x0000120000aa0000)
[20.737s][debug][gc,heap        ] GC(414)   from space 1088K,   0% used [0x0000120000aa0000, 0x0000120000aa0168, 0x0000120000bb0000)
[20.737s][debug][gc,heap        ] GC(414)   to   space 1088K,   0% used [0x0000120000bb0000, 0x0000120000bb0000, 0x0000120000cc0000)
[20.737s][debug][gc,heap        ] GC(414)  tenured generation   total 21888K, used 2071K [0x000012000aca0000, 0x000012000c200000, 0x0000120020200000)
[20.737s][debug][gc,heap        ] GC(414)    the space 21888K,   9% used [0x000012000aca0000, 0x000012000aea5e20, 0x000012000aea6000, 0x000012000c200000)
[20.737s][debug][gc,heap        ] GC(414)  Metaspace       used 369K, committed 512K, reserved 1114112K
[20.737s][debug][gc,heap        ] GC(414)   class space    used 63K, committed 128K, reserved 1048576K
[20.737s][debug][gc,tlab        ] GC(414) TLAB totals: thrds: 2  refills: 101 max: 51 slow allocs: 0 max 0 waste:  0.5% gc: 44928B max: 44928B slow: 2432B max: 1312B
[20.737s][debug][gc,ref         ] GC(414) Skipped SoftWeakFinalRefsPhase of Reference Processing: no references
[20.737s][debug][gc,ref         ] GC(414) Skipped KeepAliveFinalRefsPhase of Reference Processing: no references
[20.737s][debug][gc,ref         ] GC(414) Skipped PhantomRefsPhase of Reference Processing: no references
[20.737s][debug][gc,phases,ref  ] GC(414) Reference Processing: 0.0ms
[20.737s][debug][gc,phases,ref  ] GC(414)   Notify Soft/WeakReferences: 0.0ms
[20.737s][debug][gc,phases,ref  ] GC(414)     SoftRef: skipped
[20.737s][debug][gc,phases,ref  ] GC(414)     WeakRef: skipped
[20.737s][debug][gc,phases,ref  ] GC(414)     FinalRef: skipped
[20.737s][debug][gc,phases,ref  ] GC(414)     Total: skipped
[20.737s][debug][gc,phases,ref  ] GC(414)   Notify and keep alive finalizable: 0.0ms
[20.737s][debug][gc,phases,ref  ] GC(414)     FinalRef: skipped
[20.737s][debug][gc,phases,ref  ] GC(414)   Notify PhantomReferences: 0.0ms
[20.737s][debug][gc,phases,ref  ] GC(414)     PhantomRef: skipped
[20.737s][debug][gc,phases,ref  ] GC(414)   SoftReference Discovered: 0, Dropped: 0, Processed: 0
[20.737s][debug][gc,phases,ref  ] GC(414)   WeakReference Discovered: 0, Dropped: 0, Processed: 0
[20.737s][debug][gc,phases,ref  ] GC(414)   FinalReference Discovered: 0, Dropped: 0, Processed: 0
[20.737s][debug][gc,phases,ref  ] GC(414)   PhantomReference Discovered: 0, Dropped: 0, Processed: 0
[20.737s][debug][gc,age         ] GC(414) Desired survivor size 557056 bytes, new threshold 15 (max threshold 15)
[20.737s][info ][gc,heap        ] GC(414) DefNew: 8832K(9920K)->0K(9920K) Eden: 8832K(8832K)->0K(8832K) From: 0K(1088K)->0K(1088K)
[20.737s][info ][gc,heap        ] GC(414) Tenured: 2071K(21888K)->2071K(21888K)
[20.737s][info ][gc,metaspace   ] GC(414) Metaspace: 369K(512K)->369K(512K) NonClass: 306K(384K)->306K(384K) Class: 63K(128K)->63K(128K)
[20.737s][debug][gc,heap        ] GC(414) Heap after GC invocations=415 (full 12):
[20.737s][debug][gc,heap        ] GC(414)  def new generation   total 9920K, used 0K [0x0000120000200000, 0x0000120000cc0000, 0x000012000aca0000)
[20.737s][debug][gc,heap        ] GC(414)   eden space 8832K,   0% used [0x0000120000200000, 0x0000120000200000, 0x0000120000aa0000)
[20.737s][debug][gc,heap        ] GC(414)   from space 1088K,   0% used [0x0000120000bb0000, 0x0000120000bb0130, 0x0000120000cc0000)
[20.737s][debug][gc,heap        ] GC(414)   to   space 1088K,   0% used [0x0000120000aa0000, 0x0000120000aa0000, 0x0000120000bb0000)
[20.737s][debug][gc,heap        ] GC(414)  tenured generation   total 21888K, used 2071K [0x000012000aca0000, 0x000012000c200000, 0x0000120020200000)
[20.737s][debug][gc,heap        ] GC(414)    the space 21888K,   9% used [0x000012000aca0000, 0x000012000aea5e20, 0x000012000aea6000, 0x000012000c200000)
[20.737s][debug][gc,heap        ] GC(414)  Metaspace       used 369K, committed 512K, reserved 1114112K
[20.737s][debug][gc,heap        ] GC(414)   class space    used 63K, committed 128K, reserved 1048576K
[20.737s][info ][gc             ] GC(414) Pause Young (Allocation Failure) 10M->2M(31M) 0.589ms
[20.737s][info ][gc,cpu         ] GC(414) User=0.00s Sys=0.00s Real=0.00s
[20.737s][info ][safepoint      ] Safepoint "GenCollectForAllocation", Time since last: 47904238 ns, Reaching safepoint: 3148 ns, Cleanup: 3795 ns, At safepoint: 635634 ns, Total: 642577 ns
[20.786s][info ][gc,start       ] GC(415) Pause Young (Allocation Failure)
[20.786s][debug][gc,heap        ] GC(415) Heap before GC invocations=415 (full 12):
[20.786s][debug][gc,heap        ] GC(415)  def new generation   total 9920K, used 8832K [0x0000120000200000, 0x0000120000cc0000, 0x000012000aca0000)
[20.786s][debug][gc,heap        ] GC(415)   eden space 8832K, 100% used [0x0000120000200000, 0x0000120000aa0000, 0x0000120000aa0000)
[20.786s][debug][gc,heap        ] GC(415)   from space 1088K,   0% used [0x0000120000bb0000, 0x0000120000bb0130, 0x0000120000cc0000)
[20.786s][debug][gc,heap        ] GC(415)   to   space 1088K,   0% used [0x0000120000aa0000, 0x0000120000aa0000, 0x0000120000bb0000)
[20.786s][debug][gc,heap        ] GC(415)  tenured generation   total 21888K, used 2071K [0x000012000aca0000, 0x000012000c200000, 0x0000120020200000)
[20.786s][debug][gc,heap        ] GC(415)    the space 21888K,   9% used [0x000012000aca0000, 0x000012000aea5e20, 0x000012000aea6000, 0x000012000c200000)
[20.786s][debug][gc,heap        ] GC(415)  Metaspace       used 369K, committed 512K, reserved 1114112K
[20.786s][debug][gc,heap        ] GC(415)   class space    used 63K, committed 128K, reserved 1048576K
[20.786s][debug][gc,tlab        ] GC(415) TLAB totals: thrds: 2  refills: 101 max: 51 slow allocs: 0 max 0 waste:  0.4% gc: 37368B max: 37368B slow: 2304B max: 1264B
[20.786s][debug][gc,ref         ] GC(415) Skipped SoftWeakFinalRefsPhase of Reference Processing: no references
[20.786s][debug][gc,ref         ] GC(415) Skipped KeepAliveFinalRefsPhase of Reference Processing: no references
[20.786s][debug][gc,ref         ] GC(415) Skipped PhantomRefsPhase of Reference Processing: no references
[20.786s][debug][gc,phases,ref  ] GC(415) Reference Processing: 0.0ms
[20.786s][debug][gc,phases,ref  ] GC(415)   Notify Soft/WeakReferences: 0.0ms
[20.786s][debug][gc,phases,ref  ] GC(415)     SoftRef: skipped
[20.786s][debug][gc,phases,ref  ] GC(415)     WeakRef: skipped
[20.786s][debug][gc,phases,ref  ] GC(415)     FinalRef: skipped
[20.786s][debug][gc,phases,ref  ] GC(415)     Total: skipped
[20.786s][debug][gc,phases,ref  ] GC(415)   Notify and keep alive finalizable: 0.0ms
[20.786s][debug][gc,phases,ref  ] GC(415)     FinalRef: skipped
[20.786s][debug][gc,phases,ref  ] GC(415)   Notify PhantomReferences: 0.0ms
[20.786s][debug][gc,phases,ref  ] GC(415)     PhantomRef: skipped
[20.786s][debug][gc,phases,ref  ] GC(415)   SoftReference Discovered: 0, Dropped: 0, Processed: 0
[20.786s][debug][gc,phases,ref  ] GC(415)   WeakReference Discovered: 0, Dropped: 0, Processed: 0
[20.786s][debug][gc,phases,ref  ] GC(415)   FinalReference Discovered: 0, Dropped: 0, Processed: 0
[20.786s][debug][gc,phases,ref  ] GC(415)   PhantomReference Discovered: 0, Dropped: 0, Processed: 0
[20.786s][debug][gc,age         ] GC(415) Desired survivor size 557056 bytes, new threshold 15 (max threshold 15)
[20.786s][info ][gc,heap        ] GC(415) DefNew: 8832K(9920K)->0K(9920K) Eden: 8832K(8832K)->0K(8832K) From: 0K(1088K)->0K(1088K)
[20.786s][info ][gc,heap        ] GC(415) Tenured: 2071K(21888K)->2071K(21888K)
[20.786s][info ][gc,metaspace   ] GC(415) Metaspace: 369K(512K)->369K(512K) NonClass: 306K(384K)->306K(384K) Class: 63K(128K)->63K(128K)
[20.786s][debug][gc,heap        ] GC(415) Heap after GC invocations=416 (full 12):
[20.786s][debug][gc,heap        ] GC(415)  def new generation   total 9920K, used 0K [0x0000120000200000, 0x0000120000cc0000, 0x000012000aca0000)
[20.786s][debug][gc,heap        ] GC(415)   eden space 8832K,   0% used [0x0000120000200000, 0x0000120000200000, 0x0000120000aa0000)
[20.786s][debug][gc,heap        ] GC(415)   from space 1088K,   0% used [0x0000120000aa0000, 0x0000120000aa0138, 0x0000120000bb0000)
[20.786s][debug][gc,heap        ] GC(415)   to   space 1088K,   0% used [0x0000120000bb0000, 0x0000120000bb0000, 0x0000120000cc0000)
[20.786s][debug][gc,heap        ] GC(415)  tenured generation   total 21888K, used 2071K [0x000012000aca0000, 0x000012000c200000, 0x0000120020200000)
[20.786s][debug][gc,heap        ] GC(415)    the space 21888K,   9% used [0x000012000aca0000, 0x000012000aea5e20, 0x000012000aea6000, 0x000012000c200000)
[20.786s][debug][gc,heap        ] GC(415)  Metaspace       used 369K, committed 512K, reserved 1114112K
[20.786s][debug][gc,heap        ] GC(415)   class space    used 63K, committed 128K, reserved 1048576K
[20.786s][info ][gc             ] GC(415) Pause Young (Allocation Failure) 10M->2M(31M) 0.524ms
[20.786s][info ][gc,cpu         ] GC(415) User=0.00s Sys=0.00s Real=0.00s
[20.786s][info ][safepoint      ] Safepoint "GenCollectForAllocation", Time since last: 48455452 ns, Reaching safepoint: 3397 ns, Cleanup: 3720 ns, At safepoint: 545238 ns, Total: 552355 ns
[20.837s][info ][gc,start       ] GC(416) Pause Young (Allocation Failure)
[20.837s][debug][gc,heap        ] GC(416) Heap before GC invocations=416 (full 12):
[20.837s][debug][gc,heap        ] GC(416)  def new generation   total 9920K, used 8832K [0x0000120000200000, 0x0000120000cc0000, 0x000012000aca0000)
[20.837s][debug][gc,heap        ] GC(416)   eden space 8832K, 100% used [0x0000120000200000, 0x0000120000aa0000, 0x0000120000aa0000)
[20.837s][debug][gc,heap        ] GC(416)   from space 1088K,   0% used [0x0000120000aa0000, 0x0000120000aa0138, 0x0000120000bb0000)
[20.837s][debug][gc,heap        ] GC(416)   to   space 1088K,   0% used [0x0000120000bb0000, 0x0000120000bb0000, 0x0000120000cc0000)
[20.837s][debug][gc,heap        ] GC(416)  tenured generation   total 21888K, used 2071K [0x000012000aca0000, 0x000012000c200000, 0x0000120020200000)
[20.837s][debug][gc,heap        ] GC(416)    the space 21888K,   9% used [0x000012000aca0000, 0x000012000aea5e20, 0x000012000aea6000, 0x000012000c200000)
[20.837s][debug][gc,heap        ] GC(416)  Metaspace       used 369K, committed 512K, reserved 1114112K
[20.837s][debug][gc,heap        ] GC(416)   class space    used 63K, committed 128K, reserved 1048576K
[20.837s][debug][gc,tlab        ] GC(416) TLAB totals: thrds: 2  refills: 101 max: 52 slow allocs: 0 max 0 waste:  0.2% gc: 14488B max: 14488B slow: 2768B max: 1400B
[20.837s][debug][gc,ref         ] GC(416) Skipped SoftWeakFinalRefsPhase of Reference Processing: no references
[20.837s][debug][gc,ref         ] GC(416) Skipped KeepAliveFinalRefsPhase of Reference Processing: no references
[20.837s][debug][gc,ref         ] GC(416) Skipped PhantomRefsPhase of Reference Processing: no references
[20.837s][debug][gc,phases,ref  ] GC(416) Reference Processing: 0.0ms
[20.837s][debug][gc,phases,ref  ] GC(416)   Notify Soft/WeakReferences: 0.0ms
[20.837s][debug][gc,phases,ref  ] GC(416)     SoftRef: skipped
[20.837s][debug][gc,phases,ref  ] GC(416)     WeakRef: skipped
[20.837s][debug][gc,phases,ref  ] GC(416)     FinalRef: skipped
[20.837s][debug][gc,phases,ref  ] GC(416)     Total: skipped
[20.837s][debug][gc,phases,ref  ] GC(416)   Notify and keep alive finalizable: 0.0ms
[20.837s][debug][gc,phases,ref  ] GC(416)     FinalRef: skipped
[20.837s][debug][gc,phases,ref  ] GC(416)   Notify PhantomReferences: 0.0ms
[20.837s][debug][gc,phases,ref  ] GC(416)     PhantomRef: skipped
[20.837s][debug][gc,phases,ref  ] GC(416)   SoftReference Discovered: 0, Dropped: 0, Processed: 0
[20.837s][debug][gc,phases,ref  ] GC(416)   WeakReference Discovered: 0, Dropped: 0, Processed: 0
[20.837s][debug][gc,phases,ref  ] GC(416)   FinalReference Discovered: 0, Dropped: 0, Processed: 0
[20.837s][debug][gc,phases,ref  ] GC(416)   PhantomReference Discovered: 0, Dropped: 0, Processed: 0
[20.837s][debug][gc,age         ] GC(416) Desired survivor size 557056 bytes, new threshold 15 (max threshold 15)
[20.837s][info ][gc,heap        ] GC(416) DefNew: 8832K(9920K)->0K(9920K) Eden: 8832K(8832K)->0K(8832K) From: 0K(1088K)->0K(1088K)
[20.838s][info ][gc,heap        ] GC(416) Tenured: 2071K(21888K)->2071K(21888K)
[20.838s][info ][gc,metaspace   ] GC(416) Metaspace: 369K(512K)->369K(512K) NonClass: 306K(384K)->306K(384K) Class: 63K(128K)->63K(128K)
[20.838s][debug][gc,heap        ] GC(416) Heap after GC invocations=417 (full 12):
[20.838s][debug][gc,heap        ] GC(416)  def new generation   total 9920K, used 0K [0x0000120000200000, 0x0000120000cc0000, 0x000012000aca0000)
[20.838s][debug][gc,heap        ] GC(416)   eden space 8832K,   0% used [0x0000120000200000, 0x0000120000200000, 0x0000120000aa0000)
[20.838s][debug][gc,heap        ] GC(416)   from space 1088K,   0% used [0x0000120000bb0000, 0x0000120000bb0180, 0x0000120000cc0000)
[20.838s][debug][gc,heap        ] GC(416)   to   space 1088K,   0% used [0x0000120000aa0000, 0x0000120000aa0000, 0x0000120000bb0000)
[20.838s][debug][gc,heap        ] GC(416)  tenured generation   total 21888K, used 2071K [0x000012000aca0000, 0x000012000c200000, 0x0000120020200000)
[20.838s][debug][gc,heap        ] GC(416)    the space 21888K,   9% used [0x000012000aca0000, 0x000012000aea5e20, 0x000012000aea6000, 0x000012000c200000)
[20.838s][debug][gc,heap        ] GC(416)  Metaspace       used 369K, committed 512K, reserved 1114112K
[20.838s][debug][gc,heap        ] GC(416)   class space    used 63K, committed 128K, reserved 1048576K
[20.838s][info ][gc             ] GC(416) Pause Young (Allocation Failure) 10M->2M(31M) 0.708ms
[20.838s][info ][gc,cpu         ] GC(416) User=0.00s Sys=0.00s Real=0.00s
[20.838s][info ][safepoint      ] Safepoint "GenCollectForAllocation", Time since last: 50453314 ns, Reaching safepoint: 77037 ns, Cleanup: 3547 ns, At safepoint: 751714 ns, Total: 832298 ns
[20.886s][info ][gc,start       ] GC(417) Pause Young (Allocation Failure)
[20.886s][debug][gc,heap        ] GC(417) Heap before GC invocations=417 (full 12):
[20.886s][debug][gc,heap        ] GC(417)  def new generation   total 9920K, used 8832K [0x0000120000200000, 0x0000120000cc0000, 0x000012000aca0000)
[20.886s][debug][gc,heap        ] GC(417)   eden space 8832K, 100% used [0x0000120000200000, 0x0000120000aa0000, 0x0000120000aa0000)
[20.886s][debug][gc,heap        ] GC(417)   from space 1088K,   0% used [0x0000120000bb0000, 0x0000120000bb0180, 0x0000120000cc0000)
[20.886s][debug][gc,heap        ] GC(417)   to   space 1088K,   0% used [0x0000120000aa0000, 0x0000120000aa0000, 0x0000120000bb0000)
[20.886s][debug][gc,heap        ] GC(417)  tenured generation   total 21888K, used 2071K [0x000012000aca0000, 0x000012000c200000, 0x0000120020200000)
[20.886s][debug][gc,heap        ] GC(417)    the space 21888K,   9% used [0x000012000aca0000, 0x000012000aea5e20, 0x000012000aea6000, 0x000012000c200000)
[20.886s][debug][gc,heap        ] GC(417)  Metaspace       used 369K, committed 512K, reserved 1114112K
[20.886s][debug][gc,heap        ] GC(417)   class space    used 63K, committed 128K, reserved 1048576K
[20.886s][debug][gc,tlab        ] GC(417) TLAB totals: thrds: 2  refills: 101 max: 51 slow allocs: 0 max 0 waste:  0.0% gc: 1176B max: 1176B slow: 2856B max: 1624B
[20.886s][debug][gc,ref         ] GC(417) Skipped SoftWeakFinalRefsPhase of Reference Processing: no references
[20.886s][debug][gc,ref         ] GC(417) Skipped KeepAliveFinalRefsPhase of Reference Processing: no references
[20.886s][debug][gc,ref         ] GC(417) Skipped PhantomRefsPhase of Reference Processing: no references
[20.886s][debug][gc,phases,ref  ] GC(417) Reference Processing: 0.0ms
[20.886s][debug][gc,phases,ref  ] GC(417)   Notify Soft/WeakReferences: 0.0ms
[20.886s][debug][gc,phases,ref  ] GC(417)     SoftRef: skipped
[20.886s][debug][gc,phases,ref  ] GC(417)     WeakRef: skipped
[20.887s][debug][gc,phases,ref  ] GC(417)     FinalRef: skipped
[20.887s][debug][gc,phases,ref  ] GC(417)     Total: skipped
[20.887s][debug][gc,phases,ref  ] GC(417)   Notify and keep alive finalizable: 0.0ms
[20.887s][debug][gc,phases,ref  ] GC(417)     FinalRef: skipped
[20.887s][debug][gc,phases,ref  ] GC(417)   Notify PhantomReferences: 0.0ms
[20.887s][debug][gc,phases,ref  ] GC(417)     PhantomRef: skipped
[20.887s][debug][gc,phases,ref  ] GC(417)   SoftReference Discovered: 0, Dropped: 0, Processed: 0
[20.887s][debug][gc,phases,ref  ] GC(417)   WeakReference Discovered: 0, Dropped: 0, Processed: 0
[20.887s][debug][gc,phases,ref  ] GC(417)   FinalReference Discovered: 0, Dropped: 0, Processed: 0
[20.887s][debug][gc,phases,ref  ] GC(417)   PhantomReference Discovered: 0, Dropped: 0, Processed: 0
[20.887s][debug][gc,age         ] GC(417) Desired survivor size 557056 bytes, new threshold 15 (max threshold 15)
[20.887s][info ][gc,heap        ] GC(417) DefNew: 8832K(9920K)->0K(9920K) Eden: 8832K(8832K)->0K(8832K) From: 0K(1088K)->0K(1088K)
[20.887s][info ][gc,heap        ] GC(417) Tenured: 2071K(21888K)->2071K(21888K)
[20.887s][info ][gc,metaspace   ] GC(417) Metaspace: 369K(512K)->369K(512K) NonClass: 306K(384K)->306K(384K) Class: 63K(128K)->63K(128K)
[20.887s][debug][gc,heap        ] GC(417) Heap after GC invocations=418 (full 12):
[20.887s][debug][gc,heap        ] GC(417)  def new generation   total 9920K, used 0K [0x0000120000200000, 0x0000120000cc0000, 0x000012000aca0000)
[20.887s][debug][gc,heap        ] GC(417)   eden space 8832K,   0% used [0x0000120000200000, 0x0000120000200000, 0x0000120000aa0000)
[20.887s][debug][gc,heap        ] GC(417)   from space 1088K,   0% used [0x0000120000aa0000, 0x0000120000aa00d0, 0x0000120000bb0000)
[20.887s][debug][gc,heap        ] GC(417)   to   space 1088K,   0% used [0x0000120000bb0000, 0x0000120000bb0000, 0x0000120000cc0000)
[20.887s][debug][gc,heap        ] GC(417)  tenured generation   total 21888K, used 2071K [0x000012000aca0000, 0x000012000c200000, 0x0000120020200000)
[20.887s][debug][gc,heap        ] GC(417)    the space 21888K,   9% used [0x000012000aca0000, 0x000012000aea5e20, 0x000012000aea6000, 0x000012000c200000)
[20.887s][debug][gc,heap        ] GC(417)  Metaspace       used 369K, committed 512K, reserved 1114112K
[20.887s][debug][gc,heap        ] GC(417)   class space    used 63K, committed 128K, reserved 1048576K
[20.887s][info ][gc             ] GC(417) Pause Young (Allocation Failure) 10M->2M(31M) 0.629ms
[20.887s][info ][gc,cpu         ] GC(417) User=0.00s Sys=0.00s Real=0.00s
[20.887s][info ][safepoint      ] Safepoint "GenCollectForAllocation", Time since last: 48453715 ns, Reaching safepoint: 3604 ns, Cleanup: 3581 ns, At safepoint: 675151 ns, Total: 682336 ns
[20.935s][info ][gc,start       ] GC(418) Pause Young (Allocation Failure)
[20.935s][debug][gc,heap        ] GC(418) Heap before GC invocations=418 (full 12):
[20.935s][debug][gc,heap        ] GC(418)  def new generation   total 9920K, used 8832K [0x0000120000200000, 0x0000120000cc0000, 0x000012000aca0000)
[20.935s][debug][gc,heap        ] GC(418)   eden space 8832K, 100% used [0x0000120000200000, 0x0000120000aa0000, 0x0000120000aa0000)
[20.935s][debug][gc,heap        ] GC(418)   from space 1088K,   0% used [0x0000120000aa0000, 0x0000120000aa00d0, 0x0000120000bb0000)
[20.935s][debug][gc,heap        ] GC(418)   to   space 1088K,   0% used [0x0000120000bb0000, 0x0000120000bb0000, 0x0000120000cc0000)
[20.935s][debug][gc,heap        ] GC(418)  tenured generation   total 21888K, used 2071K [0x000012000aca0000, 0x000012000c200000, 0x0000120020200000)
[20.935s][debug][gc,heap        ] GC(418)    the space 21888K,   9% used [0x000012000aca0000, 0x000012000aea5e20, 0x000012000aea6000, 0x000012000c200000)
[20.935s][debug][gc,heap        ] GC(418)  Metaspace       used 369K, committed 512K, reserved 1114112K
[20.935s][debug][gc,heap        ] GC(418)   class space    used 63K, committed 128K, reserved 1048576K
[20.935s][debug][gc,tlab        ] GC(418) TLAB totals: thrds: 2  refills: 101 max: 52 slow allocs: 0 max 0 waste:  0.4% gc: 34520B max: 34520B slow: 2968B max: 1656B
[20.935s][debug][gc,ref         ] GC(418) Skipped SoftWeakFinalRefsPhase of Reference Processing: no references
[20.935s][debug][gc,ref         ] GC(418) Skipped KeepAliveFinalRefsPhase of Reference Processing: no references
[20.935s][debug][gc,ref         ] GC(418) Skipped PhantomRefsPhase of Reference Processing: no references
[20.935s][debug][gc,phases,ref  ] GC(418) Reference Processing: 0.0ms
[20.935s][debug][gc,phases,ref  ] GC(418)   Notify Soft/WeakReferences: 0.0ms
[20.936s][debug][gc,phases,ref  ] GC(418)     SoftRef: skipped
[20.936s][debug][gc,phases,ref  ] GC(418)     WeakRef: skipped
[20.936s][debug][gc,phases,ref  ] GC(418)     FinalRef: skipped
[20.936s][debug][gc,phases,ref  ] GC(418)     Total: skipped
[20.936s][debug][gc,phases,ref  ] GC(418)   Notify and keep alive finalizable: 0.0ms
[20.936s][debug][gc,phases,ref  ] GC(418)     FinalRef: skipped
[20.936s][debug][gc,phases,ref  ] GC(418)   Notify PhantomReferences: 0.0ms
[20.936s][debug][gc,phases,ref  ] GC(418)     PhantomRef: skipped
[20.936s][debug][gc,phases,ref  ] GC(418)   SoftReference Discovered: 0, Dropped: 0, Processed: 0
[20.936s][debug][gc,phases,ref  ] GC(418)   WeakReference Discovered: 0, Dropped: 0, Processed: 0
[20.936s][debug][gc,phases,ref  ] GC(418)   FinalReference Discovered: 0, Dropped: 0, Processed: 0
