[0.073s][info][gc,init] CardTable entry size: 512
[0.073s][info][gc     ] Using Serial
[0.073s][info][gc,init] Version: 21+35-2513 (release)
[0.073s][info][gc,init] CPUs: 10 total, 10 available
[0.073s][info][gc,init] Memory: 32768M
[0.073s][info][gc,init] Large Page Support: Disabled
[0.073s][info][gc,init] NUMA Support: Disabled
[0.073s][info][gc,init] Compressed Oops: Enabled (Zero based)
[0.073s][info][gc,init] Heap Min Capacity: 8M
[0.073s][info][gc,init] Heap Initial Capacity: 512M
[0.073s][info][gc,init] Heap Max Capacity: 1G
[0.073s][info][gc,init] Pre-touch: Disabled
[0.106s][info][gc,metaspace] CDS archive(s) mapped at: [0x0000000500000000-0x0000000500ca4000-0x0000000500ca4000), size 13254656, SharedBaseAddress: 0x0000000500000000, ArchiveRelocationMode: 1.
[0.107s][info][gc,metaspace] Compressed class space mapped at: 0x0000000501000000-0x0000000541000000, reserved size: 1073741824
[0.107s][info][gc,metaspace] Narrow klass base: 0x0000000500000000, Narrow klass shift: 0, Narrow klass range: 0x100000000
[8.525s][info][gc,start    ] GC(0) Pause Full (System.gc())
[8.525s][info][gc,phases,start] GC(0) Phase 1: Mark live objects
[8.529s][info][gc,phases      ] GC(0) Phase 1: Mark live objects 4.422ms
[8.529s][info][gc,phases,start] GC(0) Phase 2: Compute new object addresses
[8.531s][info][gc,phases      ] GC(0) Phase 2: Compute new object addresses 1.677ms
[8.531s][info][gc,phases,start] GC(0) Phase 3: Adjust pointers
[8.533s][info][gc,phases      ] GC(0) Phase 3: Adjust pointers 2.363ms
[8.533s][info][gc,phases,start] GC(0) Phase 4: Move objects
[8.534s][info][gc,phases      ] GC(0) Phase 4: Move objects 0.839ms
[8.534s][info][gc,heap        ] GC(0) DefNew: 33546K(157248K)->0K(157376K) Eden: 33546K(139776K)->0K(139904K) From: 0K(17472K)->0K(17472K)
[8.534s][info][gc,heap        ] GC(0) Tenured: 1036K(349568K)->3357K(349568K)
[8.534s][info][gc,metaspace   ] GC(0) Metaspace: 9422K(9664K)->9422K(9664K) NonClass: 8353K(8448K)->8353K(8448K) Class: 1068K(1216K)->1068K(1216K)
[8.534s][info][gc             ] GC(0) Pause Full (System.gc()) 33M->3M(495M) 9.729ms
[8.535s][info][gc,cpu         ] GC(0) User=0.01s Sys=0.00s Real=0.01s
[8.638s][info][gc,start       ] GC(1) Pause Young (Allocation Failure)
[8.639s][debug][gc,age         ] GC(1) Desired survivor size 8945664 bytes, new threshold 15 (max threshold 15)
[8.639s][trace][gc,age         ] GC(1) Age table with threshold 15 (max threshold 15)
[8.639s][trace][gc,age         ] GC(1) - age   1:     555728 bytes,     555728 total
[8.639s][info ][gc,heap        ] GC(1) DefNew: 139861K(157376K)->542K(157376K) Eden: 139861K(139904K)->0K(139904K) From: 0K(17472K)->542K(17472K)
[8.639s][info ][gc,heap        ] GC(1) Tenured: 3357K(349568K)->3357K(349568K)
[8.639s][info ][gc,metaspace   ] GC(1) Metaspace: 9605K(9856K)->9605K(9856K) NonClass: 8522K(8640K)->8522K(8640K) Class: 1082K(1216K)->1082K(1216K)
[8.639s][info ][gc             ] GC(1) Pause Young (Allocation Failure) 139M->3M(495M) 0.886ms
[8.639s][info ][gc,cpu         ] GC(1) User=0.00s Sys=0.00s Real=0.00s
[8.658s][info ][gc,start       ] GC(2) Pause Young (Allocation Failure)
[8.658s][debug][gc,age         ] GC(2) Desired survivor size 8945664 bytes, new threshold 15 (max threshold 15)
[8.658s][trace][gc,age         ] GC(2) Age table with threshold 15 (max threshold 15)
[8.658s][trace][gc,age         ] GC(2) - age   1:     400320 bytes,     400320 total
[8.658s][trace][gc,age         ] GC(2) - age   2:     554304 bytes,     954624 total
[8.658s][info ][gc,heap        ] GC(2) DefNew: 140280K(157376K)->932K(157376K) Eden: 139738K(139904K)->0K(139904K) From: 542K(17472K)->932K(17472K)
[8.658s][info ][gc,heap        ] GC(2) Tenured: 3357K(349568K)->3357K(349568K)
[8.658s][info ][gc,metaspace   ] GC(2) Metaspace: 9614K(9856K)->9614K(9856K) NonClass: 8531K(8640K)->8531K(8640K) Class: 1082K(1216K)->1082K(1216K)
[8.658s][info ][gc             ] GC(2) Pause Young (Allocation Failure) 140M->4M(495M) 0.517ms
[8.658s][info ][gc,cpu         ] GC(2) User=0.00s Sys=0.00s Real=0.00s
[8.668s][info ][gc,start       ] GC(3) Pause Young (Allocation Failure)
[8.669s][debug][gc,age         ] GC(3) Desired survivor size 8945664 bytes, new threshold 15 (max threshold 15)
[8.669s][trace][gc,age         ] GC(3) Age table with threshold 15 (max threshold 15)
[8.669s][trace][gc,age         ] GC(3) - age   1:     400208 bytes,     400208 total
[8.669s][trace][gc,age         ] GC(3) - age   2:         32 bytes,     400240 total
[8.669s][trace][gc,age         ] GC(3) - age   3:     554304 bytes,     954544 total
[8.669s][info ][gc,heap        ] GC(3) DefNew: 140477K(157376K)->932K(157376K) Eden: 139545K(139904K)->0K(139904K) From: 932K(17472K)->932K(17472K)
[8.669s][info ][gc,heap        ] GC(3) Tenured: 3357K(349568K)->3357K(349568K)
[8.669s][info ][gc,metaspace   ] GC(3) Metaspace: 9625K(9856K)->9625K(9856K) NonClass: 8542K(8640K)->8542K(8640K) Class: 1082K(1216K)->1082K(1216K)
[8.669s][info ][gc             ] GC(3) Pause Young (Allocation Failure) 140M->4M(495M) 0.426ms
[8.669s][info ][gc,cpu         ] GC(3) User=0.00s Sys=0.00s Real=0.00s
[8.678s][info ][gc,start       ] GC(4) Pause Young (Allocation Failure)
[8.678s][debug][gc,age         ] GC(4) Desired survivor size 8945664 bytes, new threshold 15 (max threshold 15)
[8.678s][trace][gc,age         ] GC(4) Age table with threshold 15 (max threshold 15)
[8.678s][trace][gc,age         ] GC(4) - age   1:     400208 bytes,     400208 total
[8.678s][trace][gc,age         ] GC(4) - age   3:         32 bytes,     400240 total
[8.678s][trace][gc,age         ] GC(4) - age   4:     554304 bytes,     954544 total
[8.678s][info ][gc,heap        ] GC(4) DefNew: 140631K(157376K)->932K(157376K) Eden: 139699K(139904K)->0K(139904K) From: 932K(17472K)->932K(17472K)
[8.678s][info ][gc,heap        ] GC(4) Tenured: 3357K(349568K)->3357K(349568K)
[8.678s][info ][gc,metaspace   ] GC(4) Metaspace: 9625K(9856K)->9625K(9856K) NonClass: 8542K(8640K)->8542K(8640K) Class: 1082K(1216K)->1082K(1216K)
[8.678s][info ][gc             ] GC(4) Pause Young (Allocation Failure) 140M->4M(495M) 0.390ms
[8.678s][info ][gc,cpu         ] GC(4) User=0.00s Sys=0.00s Real=0.00s
[8.688s][info ][gc,start       ] GC(5) Pause Young (Allocation Failure)
[8.688s][debug][gc,age         ] GC(5) Desired survivor size 8945664 bytes, new threshold 15 (max threshold 15)
[8.688s][trace][gc,age         ] GC(5) Age table with threshold 15 (max threshold 15)
[8.688s][trace][gc,age         ] GC(5) - age   1:        192 bytes,        192 total
[8.688s][trace][gc,age         ] GC(5) - age   4:         32 bytes,        224 total
[8.688s][trace][gc,age         ] GC(5) - age   5:     554304 bytes,     554528 total
[8.688s][info ][gc,heap        ] GC(5) DefNew: 140782K(157376K)->541K(157376K) Eden: 139849K(139904K)->0K(139904K) From: 932K(17472K)->541K(17472K)
[8.688s][info ][gc,heap        ] GC(5) Tenured: 3357K(349568K)->3357K(349568K)
[8.688s][info ][gc,metaspace   ] GC(5) Metaspace: 9628K(9856K)->9628K(9856K) NonClass: 8545K(8640K)->8545K(8640K) Class: 1082K(1216K)->1082K(1216K)
[8.688s][info ][gc             ] GC(5) Pause Young (Allocation Failure) 140M->3M(495M) 0.392ms
[8.688s][info ][gc,cpu         ] GC(5) User=0.00s Sys=0.00s Real=0.00s
[8.697s][info ][gc,start       ] GC(6) Pause Young (Allocation Failure)
[8.698s][debug][gc,age         ] GC(6) Desired survivor size 8945664 bytes, new threshold 15 (max threshold 15)
[8.698s][trace][gc,age         ] GC(6) Age table with threshold 15 (max threshold 15)
[8.698s][trace][gc,age         ] GC(6) - age   1:        304 bytes,        304 total
[8.698s][trace][gc,age         ] GC(6) - age   5:         32 bytes,        336 total
[8.698s][trace][gc,age         ] GC(6) - age   6:     554304 bytes,     554640 total
[8.698s][info ][gc,heap        ] GC(6) DefNew: 140428K(157376K)->541K(157376K) Eden: 139886K(139904K)->0K(139904K) From: 541K(17472K)->541K(17472K)
[8.698s][info ][gc,heap        ] GC(6) Tenured: 3357K(349568K)->3357K(349568K)
[8.698s][info ][gc,metaspace   ] GC(6) Metaspace: 9628K(9856K)->9628K(9856K) NonClass: 8545K(8640K)->8545K(8640K) Class: 1082K(1216K)->1082K(1216K)
[8.698s][info ][gc             ] GC(6) Pause Young (Allocation Failure) 140M->3M(495M) 0.363ms
[8.698s][info ][gc,cpu         ] GC(6) User=0.00s Sys=0.00s Real=0.00s
[8.707s][info ][gc,start       ] GC(7) Pause Young (Allocation Failure)
[8.708s][debug][gc,age         ] GC(7) Desired survivor size 8945664 bytes, new threshold 15 (max threshold 15)
[8.708s][trace][gc,age         ] GC(7) Age table with threshold 15 (max threshold 15)
[8.708s][trace][gc,age         ] GC(7) - age   1:     401280 bytes,     401280 total
[8.708s][trace][gc,age         ] GC(7) - age   6:         32 bytes,     401312 total
[8.708s][trace][gc,age         ] GC(7) - age   7:     554176 bytes,     955488 total
[8.708s][info ][gc,heap        ] GC(7) DefNew: 140236K(157376K)->933K(157376K) Eden: 139694K(139904K)->0K(139904K) From: 541K(17472K)->933K(17472K)
[8.708s][info ][gc,heap        ] GC(7) Tenured: 3357K(349568K)->3357K(349568K)
[8.708s][info ][gc,metaspace   ] GC(7) Metaspace: 9628K(9856K)->9628K(9856K) NonClass: 8545K(8640K)->8545K(8640K) Class: 1082K(1216K)->1082K(1216K)
[8.708s][info ][gc             ] GC(7) Pause Young (Allocation Failure) 140M->4M(495M) 0.495ms
[8.708s][info ][gc,cpu         ] GC(7) User=0.00s Sys=0.00s Real=0.00s
[8.717s][info ][gc,start       ] GC(8) Pause Young (Allocation Failure)
[8.717s][debug][gc,age         ] GC(8) Desired survivor size 8945664 bytes, new threshold 15 (max threshold 15)
[8.717s][trace][gc,age         ] GC(8) Age table with threshold 15 (max threshold 15)
[8.717s][trace][gc,age         ] GC(8) - age   1:     400368 bytes,     400368 total
[8.717s][trace][gc,age         ] GC(8) - age   2:        304 bytes,     400672 total
[8.717s][trace][gc,age         ] GC(8) - age   7:         32 bytes,     400704 total
[8.717s][trace][gc,age         ] GC(8) - age   8:     554176 bytes,     954880 total
[8.717s][info ][gc,heap        ] GC(8) DefNew: 140652K(157376K)->932K(157376K) Eden: 139719K(139904K)->0K(139904K) From: 933K(17472K)->932K(17472K)
[8.717s][info ][gc,heap        ] GC(8) Tenured: 3357K(349568K)->3357K(349568K)
[8.717s][info ][gc,metaspace   ] GC(8) Metaspace: 9628K(9856K)->9628K(9856K) NonClass: 8545K(8640K)->8545K(8640K) Class: 1082K(1216K)->1082K(1216K)
[8.717s][info ][gc             ] GC(8) Pause Young (Allocation Failure) 140M->4M(495M) 0.406ms
[8.717s][info ][gc,cpu         ] GC(8) User=0.00s Sys=0.00s Real=0.00s
[8.726s][info ][gc,start       ] GC(9) Pause Young (Allocation Failure)
[8.726s][debug][gc,age         ] GC(9) Desired survivor size 8945664 bytes, new threshold 15 (max threshold 15)
[8.726s][trace][gc,age         ] GC(9) Age table with threshold 15 (max threshold 15)
[8.726s][trace][gc,age         ] GC(9) - age   1:     400368 bytes,     400368 total
[8.726s][trace][gc,age         ] GC(9) - age   3:        304 bytes,     400672 total
[8.726s][trace][gc,age         ] GC(9) - age   8:         32 bytes,     400704 total
[8.726s][trace][gc,age         ] GC(9) - age   9:     554176 bytes,     954880 total
[8.726s][info ][gc,heap        ] GC(9) DefNew: 140789K(157376K)->932K(157376K) Eden: 139857K(139904K)->0K(139904K) From: 932K(17472K)->932K(17472K)
[8.726s][info ][gc,heap        ] GC(9) Tenured: 3357K(349568K)->3357K(349568K)
[8.726s][info ][gc,metaspace   ] GC(9) Metaspace: 9628K(9856K)->9628K(9856K) NonClass: 8545K(8640K)->8545K(8640K) Class: 1082K(1216K)->1082K(1216K)
[8.727s][info ][gc             ] GC(9) Pause Young (Allocation Failure) 140M->4M(495M) 0.445ms
[8.727s][info ][gc,cpu         ] GC(9) User=0.00s Sys=0.00s Real=0.00s
[8.735s][info ][gc,start       ] GC(10) Pause Young (Allocation Failure)
[8.736s][debug][gc,age         ] GC(10) Desired survivor size 8945664 bytes, new threshold 15 (max threshold 15)
[8.736s][trace][gc,age         ] GC(10) Age table with threshold 15 (max threshold 15)
[8.736s][trace][gc,age         ] GC(10) - age   1:        352 bytes,        352 total
[8.736s][trace][gc,age         ] GC(10) - age   4:        304 bytes,        656 total
[8.736s][trace][gc,age         ] GC(10) - age   9:         32 bytes,        688 total
[8.736s][trace][gc,age         ] GC(10) - age  10:     554176 bytes,     554864 total
[8.736s][info ][gc,heap        ] GC(10) DefNew: 140828K(157376K)->541K(157376K) Eden: 139896K(139904K)->0K(139904K) From: 932K(17472K)->541K(17472K)
[8.736s][info ][gc,heap        ] GC(10) Tenured: 3357K(349568K)->3357K(349568K)
[8.736s][info ][gc,metaspace   ] GC(10) Metaspace: 9628K(9856K)->9628K(9856K) NonClass: 8545K(8640K)->8545K(8640K) Class: 1082K(1216K)->1082K(1216K)
[8.736s][info ][gc             ] GC(10) Pause Young (Allocation Failure) 140M->3M(495M) 0.395ms
[8.736s][info ][gc,cpu         ] GC(10) User=0.00s Sys=0.00s Real=0.00s
[8.745s][info ][gc,start       ] GC(11) Pause Young (Allocation Failure)
[8.745s][debug][gc,age         ] GC(11) Desired survivor size 8945664 bytes, new threshold 15 (max threshold 15)
[8.745s][trace][gc,age         ] GC(11) Age table with threshold 15 (max threshold 15)
[8.745s][trace][gc,age         ] GC(11) - age   1:     400368 bytes,     400368 total
[8.745s][trace][gc,age         ] GC(11) - age   5:        304 bytes,     400672 total
[8.745s][trace][gc,age         ] GC(11) - age  10:         32 bytes,     400704 total
[8.745s][trace][gc,age         ] GC(11) - age  11:     554176 bytes,     954880 total
[8.745s][info ][gc,heap        ] GC(11) DefNew: 140199K(157376K)->932K(157376K) Eden: 139657K(139904K)->0K(139904K) From: 541K(17472K)->932K(17472K)
[8.745s][info ][gc,heap        ] GC(11) Tenured: 3357K(349568K)->3357K(349568K)
[8.745s][info ][gc,metaspace   ] GC(11) Metaspace: 9628K(9856K)->9628K(9856K) NonClass: 8545K(8640K)->8545K(8640K) Class: 1082K(1216K)->1082K(1216K)
[8.745s][info ][gc             ] GC(11) Pause Young (Allocation Failure) 140M->4M(495M) 0.456ms
[8.745s][info ][gc,cpu         ] GC(11) User=0.00s Sys=0.00s Real=0.00s
[8.754s][info ][gc,start       ] GC(12) Pause Young (Allocation Failure)
[8.754s][debug][gc,age         ] GC(12) Desired survivor size 8945664 bytes, new threshold 15 (max threshold 15)
[8.754s][trace][gc,age         ] GC(12) Age table with threshold 15 (max threshold 15)
[8.754s][trace][gc,age         ] GC(12) - age   1:     400480 bytes,     400480 total
[8.754s][trace][gc,age         ] GC(12) - age   6:        304 bytes,     400784 total
[8.754s][trace][gc,age         ] GC(12) - age  11:         32 bytes,     400816 total
[8.754s][trace][gc,age         ] GC(12) - age  12:     554176 bytes,     954992 total
[8.754s][info ][gc,heap        ] GC(12) DefNew: 140704K(157376K)->932K(157376K) Eden: 139772K(139904K)->0K(139904K) From: 932K(17472K)->932K(17472K)
[8.754s][info ][gc,heap        ] GC(12) Tenured: 3357K(349568K)->3357K(349568K)
[8.754s][info ][gc,metaspace   ] GC(12) Metaspace: 9628K(9856K)->9628K(9856K) NonClass: 8545K(8640K)->8545K(8640K) Class: 1082K(1216K)->1082K(1216K)
[8.754s][info ][gc             ] GC(12) Pause Young (Allocation Failure) 140M->4M(495M) 0.478ms
[8.754s][info ][gc,cpu         ] GC(12) User=0.00s Sys=0.00s Real=0.00s
[8.764s][info ][gc,start       ] GC(13) Pause Young (Allocation Failure)
[8.765s][debug][gc,age         ] GC(13) Desired survivor size 8945664 bytes, new threshold 15 (max threshold 15)
[8.765s][trace][gc,age         ] GC(13) Age table with threshold 15 (max threshold 15)
[8.765s][trace][gc,age         ] GC(13) - age   1:        464 bytes,        464 total
[8.765s][trace][gc,age         ] GC(13) - age   7:        304 bytes,        768 total
[8.765s][trace][gc,age         ] GC(13) - age  12:         32 bytes,        800 total
[8.765s][trace][gc,age         ] GC(13) - age  13:     554176 bytes,     554976 total
[8.765s][info ][gc,heap        ] GC(13) DefNew: 140772K(157376K)->541K(157376K) Eden: 139839K(139904K)->0K(139904K) From: 932K(17472K)->541K(17472K)
[8.765s][info ][gc,heap        ] GC(13) Tenured: 3357K(349568K)->3357K(349568K)
[8.765s][info ][gc,metaspace   ] GC(13) Metaspace: 9628K(9856K)->9628K(9856K) NonClass: 8545K(8640K)->8545K(8640K) Class: 1082K(1216K)->1082K(1216K)
[8.765s][info ][gc             ] GC(13) Pause Young (Allocation Failure) 140M->3M(495M) 0.481ms
[8.765s][info ][gc,cpu         ] GC(13) User=0.00s Sys=0.00s Real=0.00s
[8.774s][info ][gc,start       ] GC(14) Pause Young (Allocation Failure)
[8.775s][debug][gc,age         ] GC(14) Desired survivor size 8945664 bytes, new threshold 15 (max threshold 15)
[8.775s][trace][gc,age         ] GC(14) Age table with threshold 15 (max threshold 15)
[8.775s][trace][gc,age         ] GC(14) - age   1:        464 bytes,        464 total
[8.775s][trace][gc,age         ] GC(14) - age   8:        304 bytes,        768 total
[8.775s][trace][gc,age         ] GC(14) - age  13:         32 bytes,        800 total
[8.775s][trace][gc,age         ] GC(14) - age  14:     554176 bytes,     554976 total
[8.775s][info ][gc,heap        ] GC(14) DefNew: 140073K(157376K)->541K(157376K) Eden: 139531K(139904K)->0K(139904K) From: 541K(17472K)->541K(17472K)
[8.775s][info ][gc,heap        ] GC(14) Tenured: 3357K(349568K)->3357K(349568K)
[8.775s][info ][gc,metaspace   ] GC(14) Metaspace: 9628K(9856K)->9628K(9856K) NonClass: 8545K(8640K)->8545K(8640K) Class: 1082K(1216K)->1082K(1216K)
[8.775s][info ][gc             ] GC(14) Pause Young (Allocation Failure) 140M->3M(495M) 0.443ms
[8.775s][info ][gc,cpu         ] GC(14) User=0.00s Sys=0.00s Real=0.00s
[8.784s][info ][gc,start       ] GC(15) Pause Young (Allocation Failure)
[8.784s][debug][gc,age         ] GC(15) Desired survivor size 8945664 bytes, new threshold 15 (max threshold 15)
[8.784s][trace][gc,age         ] GC(15) Age table with threshold 15 (max threshold 15)
[8.784s][trace][gc,age         ] GC(15) - age   1:     400368 bytes,     400368 total
[8.784s][trace][gc,age         ] GC(15) - age   9:        304 bytes,     400672 total
[8.784s][trace][gc,age         ] GC(15) - age  14:         32 bytes,     400704 total
[8.784s][trace][gc,age         ] GC(15) - age  15:     554176 bytes,     954880 total
[8.784s][info ][gc,heap        ] GC(15) DefNew: 140445K(157376K)->932K(157376K) Eden: 139904K(139904K)->0K(139904K) From: 541K(17472K)->932K(17472K)
[8.784s][info ][gc,heap        ] GC(15) Tenured: 3357K(349568K)->3357K(349568K)
[8.784s][info ][gc,metaspace   ] GC(15) Metaspace: 9628K(9856K)->9628K(9856K) NonClass: 8545K(8640K)->8545K(8640K) Class: 1082K(1216K)->1082K(1216K)
[8.784s][info ][gc             ] GC(15) Pause Young (Allocation Failure) 140M->4M(495M) 0.396ms
[8.784s][info ][gc,cpu         ] GC(15) User=0.00s Sys=0.00s Real=0.00s
[8.794s][info ][gc,start       ] GC(16) Pause Young (Allocation Failure)
[8.794s][debug][gc,age         ] GC(16) Desired survivor size 8945664 bytes, new threshold 15 (max threshold 15)
[8.794s][trace][gc,age         ] GC(16) Age table with threshold 15 (max threshold 15)
[8.794s][trace][gc,age         ] GC(16) - age   1:     400616 bytes,     400616 total
[8.794s][trace][gc,age         ] GC(16) - age  10:        304 bytes,     400920 total
[8.794s][trace][gc,age         ] GC(16) - age  15:         32 bytes,     400952 total
[8.794s][info ][gc,heap        ] GC(16) DefNew: 140701K(157376K)->391K(157376K) Eden: 139768K(139904K)->0K(139904K) From: 932K(17472K)->391K(17472K)
[8.794s][info ][gc,heap        ] GC(16) Tenured: 3357K(349568K)->3898K(349568K)
[8.794s][info ][gc,metaspace   ] GC(16) Metaspace: 9628K(9856K)->9628K(9856K) NonClass: 8545K(8640K)->8545K(8640K) Class: 1082K(1216K)->1082K(1216K)
[8.794s][info ][gc             ] GC(16) Pause Young (Allocation Failure) 140M->4M(495M) 0.508ms
[8.794s][info ][gc,cpu         ] GC(16) User=0.00s Sys=0.00s Real=0.00s
[8.804s][info ][gc,start       ] GC(17) Pause Young (Allocation Failure)
[8.804s][debug][gc,age         ] GC(17) Desired survivor size 8945664 bytes, new threshold 15 (max threshold 15)
[8.804s][trace][gc,age         ] GC(17) Age table with threshold 15 (max threshold 15)
[8.804s][trace][gc,age         ] GC(17) - age   1:     400544 bytes,     400544 total
[8.804s][trace][gc,age         ] GC(17) - age   2:         32 bytes,     400576 total
[8.804s][trace][gc,age         ] GC(17) - age  11:        304 bytes,     400880 total
[8.804s][info ][gc,heap        ] GC(17) DefNew: 140073K(157376K)->391K(157376K) Eden: 139682K(139904K)->0K(139904K) From: 391K(17472K)->391K(17472K)
[8.804s][info ][gc,heap        ] GC(17) Tenured: 3898K(349568K)->3898K(349568K)
[8.804s][info ][gc,metaspace   ] GC(17) Metaspace: 9628K(9856K)->9628K(9856K) NonClass: 8545K(8640K)->8545K(8640K) Class: 1082K(1216K)->1082K(1216K)
[8.804s][info ][gc             ] GC(17) Pause Young (Allocation Failure) 140M->4M(495M) 0.276ms
[8.804s][info ][gc,cpu         ] GC(17) User=0.00s Sys=0.00s Real=0.00s
[8.814s][info ][gc,start       ] GC(18) Pause Young (Allocation Failure)
[8.814s][debug][gc,age         ] GC(18) Desired survivor size 8945664 bytes, new threshold 15 (max threshold 15)
[8.814s][trace][gc,age         ] GC(18) Age table with threshold 15 (max threshold 15)
[8.814s][trace][gc,age         ] GC(18) - age   1:        464 bytes,        464 total
[8.814s][trace][gc,age         ] GC(18) - age   2:         64 bytes,        528 total
[8.814s][trace][gc,age         ] GC(18) - age   3:         32 bytes,        560 total
[8.814s][trace][gc,age         ] GC(18) - age  12:        304 bytes,        864 total
[8.814s][info ][gc,heap        ] GC(18) DefNew: 140196K(157376K)->0K(157376K) Eden: 139805K(139904K)->0K(139904K) From: 391K(17472K)->0K(17472K)
[8.814s][info ][gc,heap        ] GC(18) Tenured: 3898K(349568K)->3898K(349568K)
[8.814s][info ][gc,metaspace   ] GC(18) Metaspace: 9628K(9856K)->9628K(9856K) NonClass: 8545K(8640K)->8545K(8640K) Class: 1082K(1216K)->1082K(1216K)
[8.814s][info ][gc             ] GC(18) Pause Young (Allocation Failure) 140M->3M(495M) 0.248ms
[8.814s][info ][gc,cpu         ] GC(18) User=0.00s Sys=0.00s Real=0.00s
[8.823s][info ][gc,start       ] GC(19) Pause Young (Allocation Failure)
[8.824s][debug][gc,age         ] GC(19) Desired survivor size 8945664 bytes, new threshold 15 (max threshold 15)
[8.824s][trace][gc,age         ] GC(19) Age table with threshold 15 (max threshold 15)
[8.824s][trace][gc,age         ] GC(19) - age   1:     400728 bytes,     400728 total
[8.824s][trace][gc,age         ] GC(19) - age  13:        304 bytes,     401032 total
[8.824s][info ][gc,heap        ] GC(19) DefNew: 139904K(157376K)->391K(157376K) Eden: 139904K(139904K)->0K(139904K) From: 0K(17472K)->391K(17472K)
[8.824s][info ][gc,heap        ] GC(19) Tenured: 3898K(349568K)->3898K(349568K)
[8.824s][info ][gc,metaspace   ] GC(19) Metaspace: 9628K(9856K)->9628K(9856K) NonClass: 8545K(8640K)->8545K(8640K) Class: 1082K(1216K)->1082K(1216K)
[8.824s][info ][gc             ] GC(19) Pause Young (Allocation Failure) 140M->4M(495M) 0.250ms
[8.824s][info ][gc,cpu         ] GC(19) User=0.00s Sys=0.00s Real=0.00s
[8.833s][info ][gc,start       ] GC(20) Pause Young (Allocation Failure)
[8.833s][debug][gc,age         ] GC(20) Desired survivor size 8945664 bytes, new threshold 15 (max threshold 15)
[8.833s][trace][gc,age         ] GC(20) Age table with threshold 15 (max threshold 15)
[8.833s][trace][gc,age         ] GC(20) - age   1:        560 bytes,        560 total
[8.833s][trace][gc,age         ] GC(20) - age  14:        304 bytes,        864 total
[8.833s][info ][gc,heap        ] GC(20) DefNew: 139952K(157376K)->0K(157376K) Eden: 139561K(139904K)->0K(139904K) From: 391K(17472K)->0K(17472K)
[8.833s][info ][gc,heap        ] GC(20) Tenured: 3898K(349568K)->3898K(349568K)
[8.833s][info ][gc,metaspace   ] GC(20) Metaspace: 9628K(9856K)->9628K(9856K) NonClass: 8545K(8640K)->8545K(8640K) Class: 1082K(1216K)->1082K(1216K)
[8.833s][info ][gc             ] GC(20) Pause Young (Allocation Failure) 140M->3M(495M) 0.219ms
[8.833s][info ][gc,cpu         ] GC(20) User=0.00s Sys=0.00s Real=0.00s
[8.843s][info ][gc,start       ] GC(21) Pause Young (Allocation Failure)
[8.843s][debug][gc,age         ] GC(21) Desired survivor size 8945664 bytes, new threshold 15 (max threshold 15)
[8.843s][trace][gc,age         ] GC(21) Age table with threshold 15 (max threshold 15)
[8.843s][trace][gc,age         ] GC(21) - age   1:        352 bytes,        352 total
[8.843s][trace][gc,age         ] GC(21) - age   2:         96 bytes,        448 total
[8.843s][trace][gc,age         ] GC(21) - age  15:        304 bytes,        752 total
[8.843s][info ][gc,heap        ] GC(21) DefNew: 139591K(157376K)->0K(157376K) Eden: 139590K(139904K)->0K(139904K) From: 0K(17472K)->0K(17472K)
[8.843s][info ][gc,heap        ] GC(21) Tenured: 3898K(349568K)->3898K(349568K)
[8.843s][info ][gc,metaspace   ] GC(21) Metaspace: 9628K(9856K)->9628K(9856K) NonClass: 8545K(8640K)->8545K(8640K) Class: 1082K(1216K)->1082K(1216K)
[8.843s][info ][gc             ] GC(21) Pause Young (Allocation Failure) 140M->3M(495M) 0.207ms
[8.843s][info ][gc,cpu         ] GC(21) User=0.00s Sys=0.00s Real=0.00s
[8.852s][info ][gc,start       ] GC(22) Pause Young (Allocation Failure)
[8.852s][debug][gc,age         ] GC(22) Desired survivor size 8945664 bytes, new threshold 15 (max threshold 15)
[8.852s][trace][gc,age         ] GC(22) Age table with threshold 15 (max threshold 15)
[8.852s][trace][gc,age         ] GC(22) - age   1:     400368 bytes,     400368 total
[8.852s][trace][gc,age         ] GC(22) - age   3:         96 bytes,     400464 total
[8.852s][info ][gc,heap        ] GC(22) DefNew: 139799K(157376K)->391K(157376K) Eden: 139798K(139904K)->0K(139904K) From: 0K(17472K)->391K(17472K)
[8.852s][info ][gc,heap        ] GC(22) Tenured: 3898K(349568K)->3898K(349568K)
[8.852s][info ][gc,metaspace   ] GC(22) Metaspace: 9628K(9856K)->9628K(9856K) NonClass: 8545K(8640K)->8545K(8640K) Class: 1082K(1216K)->1082K(1216K)
[8.852s][info ][gc             ] GC(22) Pause Young (Allocation Failure) 140M->4M(495M) 0.216ms
[8.852s][info ][gc,cpu         ] GC(22) User=0.01s Sys=0.00s Real=0.00s
[8.861s][info ][gc,start       ] GC(23) Pause Young (Allocation Failure)
[8.861s][debug][gc,age         ] GC(23) Desired survivor size 8945664 bytes, new threshold 15 (max threshold 15)
[8.861s][trace][gc,age         ] GC(23) Age table with threshold 15 (max threshold 15)
[8.861s][trace][gc,age         ] GC(23) - age   1:        464 bytes,        464 total
[8.861s][trace][gc,age         ] GC(23) - age   4:         96 bytes,        560 total
[8.861s][info ][gc,heap        ] GC(23) DefNew: 140295K(157376K)->0K(157376K) Eden: 139904K(139904K)->0K(139904K) From: 391K(17472K)->0K(17472K)
[8.861s][info ][gc,heap        ] GC(23) Tenured: 3898K(349568K)->3898K(349568K)
[8.861s][info ][gc,metaspace   ] GC(23) Metaspace: 9628K(9856K)->9628K(9856K) NonClass: 8545K(8640K)->8545K(8640K) Class: 1082K(1216K)->1082K(1216K)
[8.861s][info ][gc             ] GC(23) Pause Young (Allocation Failure) 140M->3M(495M) 0.201ms
[8.861s][info ][gc,cpu         ] GC(23) User=0.00s Sys=0.00s Real=0.00s
[8.870s][info ][gc,start       ] GC(24) Pause Young (Allocation Failure)
[8.870s][debug][gc,age         ] GC(24) Desired survivor size 8945664 bytes, new threshold 15 (max threshold 15)
[8.870s][trace][gc,age         ] GC(24) Age table with threshold 15 (max threshold 15)
[8.870s][trace][gc,age         ] GC(24) - age   1:        816 bytes,        816 total
[8.870s][trace][gc,age         ] GC(24) - age   5:         96 bytes,        912 total
[8.870s][info ][gc,heap        ] GC(24) DefNew: 139850K(157376K)->0K(157376K) Eden: 139849K(139904K)->0K(139904K) From: 0K(17472K)->0K(17472K)
[8.870s][info ][gc,heap        ] GC(24) Tenured: 3898K(349568K)->3898K(349568K)
[8.870s][info ][gc,metaspace   ] GC(24) Metaspace: 9630K(9856K)->9630K(9856K) NonClass: 8547K(8640K)->8547K(8640K) Class: 1082K(1216K)->1082K(1216K)
[8.870s][info ][gc             ] GC(24) Pause Young (Allocation Failure) 140M->3M(495M) 0.235ms
[8.870s][info ][gc,cpu         ] GC(24) User=0.00s Sys=0.00s Real=0.01s
[8.879s][info ][gc,start       ] GC(25) Pause Young (Allocation Failure)
[8.879s][debug][gc,age         ] GC(25) Desired survivor size 8945664 bytes, new threshold 15 (max threshold 15)
[8.880s][trace][gc,age         ] GC(25) Age table with threshold 15 (max threshold 15)
[8.880s][trace][gc,age         ] GC(25) - age   1:        712 bytes,        712 total
[8.880s][info ][gc,heap        ] GC(25) DefNew: 139642K(157376K)->0K(157376K) Eden: 139641K(139904K)->0K(139904K) From: 0K(17472K)->0K(17472K)
[8.880s][info ][gc,heap        ] GC(25) Tenured: 3898K(349568K)->3898K(349568K)
[8.880s][info ][gc,metaspace   ] GC(25) Metaspace: 9630K(9856K)->9630K(9856K) NonClass: 8547K(8640K)->8547K(8640K) Class: 1082K(1216K)->1082K(1216K)
[8.880s][info ][gc             ] GC(25) Pause Young (Allocation Failure) 140M->3M(495M) 0.200ms
[8.880s][info ][gc,cpu         ] GC(25) User=0.00s Sys=0.00s Real=0.00s
[8.889s][info ][gc,start       ] GC(26) Pause Young (Allocation Failure)
[8.889s][debug][gc,age         ] GC(26) Desired survivor size 8945664 bytes, new threshold 15 (max threshold 15)
[8.889s][trace][gc,age         ] GC(26) Age table with threshold 15 (max threshold 15)
[8.889s][trace][gc,age         ] GC(26) - age   1:        600 bytes,        600 total
[8.889s][info ][gc,heap        ] GC(26) DefNew: 139671K(157376K)->0K(157376K) Eden: 139670K(139904K)->0K(139904K) From: 0K(17472K)->0K(17472K)
[8.889s][info ][gc,heap        ] GC(26) Tenured: 3898K(349568K)->3898K(349568K)
[8.889s][info ][gc,metaspace   ] GC(26) Metaspace: 9630K(9856K)->9630K(9856K) NonClass: 8547K(8640K)->8547K(8640K) Class: 1082K(1216K)->1082K(1216K)
[8.889s][info ][gc             ] GC(26) Pause Young (Allocation Failure) 140M->3M(495M) 0.176ms
[8.889s][info ][gc,cpu         ] GC(26) User=0.00s Sys=0.00s Real=0.00s
[8.898s][info ][gc,start       ] GC(27) Pause Young (Allocation Failure)
[8.898s][debug][gc,age         ] GC(27) Desired survivor size 8945664 bytes, new threshold 15 (max threshold 15)
[8.898s][trace][gc,age         ] GC(27) Age table with threshold 15 (max threshold 15)
[8.898s][trace][gc,age         ] GC(27) - age   1:        600 bytes,        600 total
[8.898s][info ][gc,heap        ] GC(27) DefNew: 139626K(157376K)->0K(157376K) Eden: 139625K(139904K)->0K(139904K) From: 0K(17472K)->0K(17472K)
[8.898s][info ][gc,heap        ] GC(27) Tenured: 3898K(349568K)->3898K(349568K)
[8.898s][info ][gc,metaspace   ] GC(27) Metaspace: 9630K(9856K)->9630K(9856K) NonClass: 8547K(8640K)->8547K(8640K) Class: 1082K(1216K)->1082K(1216K)
[8.898s][info ][gc             ] GC(27) Pause Young (Allocation Failure) 140M->3M(495M) 0.198ms
[8.898s][info ][gc,cpu         ] GC(27) User=0.00s Sys=0.00s Real=0.00s
[8.906s][info ][gc,start       ] GC(28) Pause Young (Allocation Failure)
[8.907s][debug][gc,age         ] GC(28) Desired survivor size 8945664 bytes, new threshold 15 (max threshold 15)
[8.907s][trace][gc,age         ] GC(28) Age table with threshold 15 (max threshold 15)
[8.907s][trace][gc,age         ] GC(28) - age   1:     400616 bytes,     400616 total
[8.907s][info ][gc,heap        ] GC(28) DefNew: 139836K(157376K)->391K(157376K) Eden: 139835K(139904K)->0K(139904K) From: 0K(17472K)->391K(17472K)
[8.907s][info ][gc,heap        ] GC(28) Tenured: 3898K(349568K)->3898K(349568K)
[8.907s][info ][gc,metaspace   ] GC(28) Metaspace: 9630K(9856K)->9630K(9856K) NonClass: 8547K(8640K)->8547K(8640K) Class: 1082K(1216K)->1082K(1216K)
[8.907s][info ][gc             ] GC(28) Pause Young (Allocation Failure) 140M->4M(495M) 0.211ms
[8.907s][info ][gc,cpu         ] GC(28) User=0.00s Sys=0.00s Real=0.00s
[8.916s][info ][gc,start       ] GC(29) Pause Young (Allocation Failure)
[8.916s][debug][gc,age         ] GC(29) Desired survivor size 8945664 bytes, new threshold 15 (max threshold 15)
[8.916s][trace][gc,age         ] GC(29) Age table with threshold 15 (max threshold 15)
[8.916s][trace][gc,age         ] GC(29) - age   1:        600 bytes,        600 total
[8.916s][info ][gc,heap        ] GC(29) DefNew: 140256K(157376K)->0K(157376K) Eden: 139865K(139904K)->0K(139904K) From: 391K(17472K)->0K(17472K)
[8.916s][info ][gc,heap        ] GC(29) Tenured: 3898K(349568K)->3898K(349568K)
[8.916s][info ][gc,metaspace   ] GC(29) Metaspace: 9630K(9856K)->9630K(9856K) NonClass: 8547K(8640K)->8547K(8640K) Class: 1082K(1216K)->1082K(1216K)
[8.916s][info ][gc             ] GC(29) Pause Young (Allocation Failure) 140M->3M(495M) 0.207ms
[8.916s][info ][gc,cpu         ] GC(29) User=0.00s Sys=0.00s Real=0.00s
[8.925s][info ][gc,start       ] GC(30) Pause Young (Allocation Failure)
[8.925s][debug][gc,age         ] GC(30) Desired survivor size 8945664 bytes, new threshold 15 (max threshold 15)
[8.925s][trace][gc,age         ] GC(30) Age table with threshold 15 (max threshold 15)
[8.925s][trace][gc,age         ] GC(30) - age   1:     400728 bytes,     400728 total
[8.925s][info ][gc,heap        ] GC(30) DefNew: 139884K(157376K)->391K(157376K) Eden: 139883K(139904K)->0K(139904K) From: 0K(17472K)->391K(17472K)
[8.925s][info ][gc,heap        ] GC(30) Tenured: 3898K(349568K)->3898K(349568K)
[8.925s][info ][gc,metaspace   ] GC(30) Metaspace: 9630K(9856K)->9630K(9856K) NonClass: 8547K(8640K)->8547K(8640K) Class: 1082K(1216K)->1082K(1216K)
[8.925s][info ][gc             ] GC(30) Pause Young (Allocation Failure) 140M->4M(495M) 0.251ms
[8.925s][info ][gc,cpu         ] GC(30) User=0.00s Sys=0.00s Real=0.00s
[8.934s][info ][gc,start       ] GC(31) Pause Young (Allocation Failure)
[8.934s][debug][gc,age         ] GC(31) Desired survivor size 8945664 bytes, new threshold 15 (max threshold 15)
[8.934s][trace][gc,age         ] GC(31) Age table with threshold 15 (max threshold 15)
[8.934s][trace][gc,age         ] GC(31) - age   1:        712 bytes,        712 total
[8.934s][info ][gc,heap        ] GC(31) DefNew: 140295K(157376K)->0K(157376K) Eden: 139904K(139904K)->0K(139904K) From: 391K(17472K)->0K(17472K)
[8.934s][info ][gc,heap        ] GC(31) Tenured: 3898K(349568K)->3898K(349568K)
[8.934s][info ][gc,metaspace   ] GC(31) Metaspace: 9630K(9856K)->9630K(9856K) NonClass: 8547K(8640K)->8547K(8640K) Class: 1082K(1216K)->1082K(1216K)
[8.935s][info ][gc             ] GC(31) Pause Young (Allocation Failure) 140M->3M(495M) 0.204ms
[8.935s][info ][gc,cpu         ] GC(31) User=0.00s Sys=0.00s Real=0.00s
[8.944s][info ][gc,start       ] GC(32) Pause Young (Allocation Failure)
[8.944s][debug][gc,age         ] GC(32) Desired survivor size 8945664 bytes, new threshold 15 (max threshold 15)
[8.944s][trace][gc,age         ] GC(32) Age table with threshold 15 (max threshold 15)
[8.944s][trace][gc,age         ] GC(32) - age   1:        712 bytes,        712 total
[8.944s][info ][gc,heap        ] GC(32) DefNew: 139904K(157376K)->0K(157376K) Eden: 139904K(139904K)->0K(139904K) From: 0K(17472K)->0K(17472K)
[8.944s][info ][gc,heap        ] GC(32) Tenured: 3898K(349568K)->3898K(349568K)
[8.944s][info ][gc,metaspace   ] GC(32) Metaspace: 9630K(9856K)->9630K(9856K) NonClass: 8547K(8640K)->8547K(8640K) Class: 1082K(1216K)->1082K(1216K)
[8.944s][info ][gc             ] GC(32) Pause Young (Allocation Failure) 140M->3M(495M) 0.230ms
[8.944s][info ][gc,cpu         ] GC(32) User=0.00s Sys=0.00s Real=0.00s
[8.953s][info ][gc,start       ] GC(33) Pause Young (Allocation Failure)
[8.953s][debug][gc,age         ] GC(33) Desired survivor size 8945664 bytes, new threshold 15 (max threshold 15)
[8.953s][trace][gc,age         ] GC(33) Age table with threshold 15 (max threshold 15)
[8.953s][trace][gc,age         ] GC(33) - age   1:     400616 bytes,     400616 total
[8.953s][info ][gc,heap        ] GC(33) DefNew: 139904K(157376K)->391K(157376K) Eden: 139904K(139904K)->0K(139904K) From: 0K(17472K)->391K(17472K)
[8.953s][info ][gc,heap        ] GC(33) Tenured: 3898K(349568K)->3898K(349568K)
[8.953s][info ][gc,metaspace   ] GC(33) Metaspace: 9630K(9856K)->9630K(9856K) NonClass: 8547K(8640K)->8547K(8640K) Class: 1082K(1216K)->1082K(1216K)
[8.953s][info ][gc             ] GC(33) Pause Young (Allocation Failure) 140M->4M(495M) 0.205ms
[8.953s][info ][gc,cpu         ] GC(33) User=0.00s Sys=0.00s Real=0.00s
[8.962s][info ][gc,start       ] GC(34) Pause Young (Allocation Failure)
[8.963s][debug][gc,age         ] GC(34) Desired survivor size 8945664 bytes, new threshold 15 (max threshold 15)
[8.963s][trace][gc,age         ] GC(34) Age table with threshold 15 (max threshold 15)
[8.963s][trace][gc,age         ] GC(34) - age   1:        600 bytes,        600 total
[8.963s][info ][gc,heap        ] GC(34) DefNew: 140295K(157376K)->0K(157376K) Eden: 139904K(139904K)->0K(139904K) From: 391K(17472K)->0K(17472K)
[8.963s][info ][gc,heap        ] GC(34) Tenured: 3898K(349568K)->3898K(349568K)
[8.963s][info ][gc,metaspace   ] GC(34) Metaspace: 9630K(9856K)->9630K(9856K) NonClass: 8547K(8640K)->8547K(8640K) Class: 1082K(1216K)->1082K(1216K)
[8.963s][info ][gc             ] GC(34) Pause Young (Allocation Failure) 140M->3M(495M) 0.199ms
[8.963s][info ][gc,cpu         ] GC(34) User=0.00s Sys=0.00s Real=0.00s
[8.972s][info ][gc,start       ] GC(35) Pause Young (Allocation Failure)
[8.972s][debug][gc,age         ] GC(35) Desired survivor size 8945664 bytes, new threshold 15 (max threshold 15)
[8.972s][trace][gc,age         ] GC(35) Age table with threshold 15 (max threshold 15)
[8.972s][trace][gc,age         ] GC(35) - age   1:        600 bytes,        600 total
[8.972s][info ][gc,heap        ] GC(35) DefNew: 139904K(157376K)->0K(157376K) Eden: 139904K(139904K)->0K(139904K) From: 0K(17472K)->0K(17472K)
[8.972s][info ][gc,heap        ] GC(35) Tenured: 3898K(349568K)->3898K(349568K)
[8.972s][info ][gc,metaspace   ] GC(35) Metaspace: 9630K(9856K)->9630K(9856K) NonClass: 8547K(8640K)->8547K(8640K) Class: 1082K(1216K)->1082K(1216K)
[8.972s][info ][gc             ] GC(35) Pause Young (Allocation Failure) 140M->3M(495M) 0.186ms
[8.972s][info ][gc,cpu         ] GC(35) User=0.00s Sys=0.00s Real=0.00s
[8.981s][info ][gc,start       ] GC(36) Pause Young (Allocation Failure)
[8.981s][debug][gc,age         ] GC(36) Desired survivor size 8945664 bytes, new threshold 15 (max threshold 15)
[8.981s][trace][gc,age         ] GC(36) Age table with threshold 15 (max threshold 15)
[8.981s][trace][gc,age         ] GC(36) - age   1:        528 bytes,        528 total
[8.981s][trace][gc,age         ] GC(36) - age   2:         32 bytes,        560 total
[8.981s][info ][gc,heap        ] GC(36) DefNew: 139904K(157376K)->0K(157376K) Eden: 139904K(139904K)->0K(139904K) From: 0K(17472K)->0K(17472K)
[8.981s][info ][gc,heap        ] GC(36) Tenured: 3898K(349568K)->3898K(349568K)
[8.981s][info ][gc,metaspace   ] GC(36) Metaspace: 9630K(9856K)->9630K(9856K) NonClass: 8547K(8640K)->8547K(8640K) Class: 1082K(1216K)->1082K(1216K)
[8.981s][info ][gc             ] GC(36) Pause Young (Allocation Failure) 140M->3M(495M) 0.211ms
[8.981s][info ][gc,cpu         ] GC(36) User=0.00s Sys=0.00s Real=0.00s
[8.991s][info ][gc,start       ] GC(37) Pause Young (Allocation Failure)
[8.991s][debug][gc,age         ] GC(37) Desired survivor size 8945664 bytes, new threshold 15 (max threshold 15)
[8.991s][trace][gc,age         ] GC(37) Age table with threshold 15 (max threshold 15)
[8.991s][trace][gc,age         ] GC(37) - age   1:        712 bytes,        712 total
[8.991s][info ][gc,heap        ] GC(37) DefNew: 139819K(157376K)->0K(157376K) Eden: 139819K(139904K)->0K(139904K) From: 0K(17472K)->0K(17472K)
[8.991s][info ][gc,heap        ] GC(37) Tenured: 3898K(349568K)->3898K(349568K)
[8.991s][info ][gc,metaspace   ] GC(37) Metaspace: 9630K(9856K)->9630K(9856K) NonClass: 8547K(8640K)->8547K(8640K) Class: 1082K(1216K)->1082K(1216K)
[8.991s][info ][gc             ] GC(37) Pause Young (Allocation Failure) 140M->3M(495M) 0.194ms
[8.991s][info ][gc,cpu         ] GC(37) User=0.00s Sys=0.00s Real=0.00s
[9.000s][info ][gc,start       ] GC(38) Pause Young (Allocation Failure)
[9.000s][debug][gc,age         ] GC(38) Desired survivor size 8945664 bytes, new threshold 15 (max threshold 15)
[9.000s][trace][gc,age         ] GC(38) Age table with threshold 15 (max threshold 15)
[9.000s][trace][gc,age         ] GC(38) - age   1:        600 bytes,        600 total
[9.000s][info ][gc,heap        ] GC(38) DefNew: 139697K(157376K)->0K(157376K) Eden: 139697K(139904K)->0K(139904K) From: 0K(17472K)->0K(17472K)
[9.000s][info ][gc,heap        ] GC(38) Tenured: 3898K(349568K)->3898K(349568K)
[9.000s][info ][gc,metaspace   ] GC(38) Metaspace: 9630K(9856K)->9630K(9856K) NonClass: 8547K(8640K)->8547K(8640K) Class: 1082K(1216K)->1082K(1216K)
[9.000s][info ][gc             ] GC(38) Pause Young (Allocation Failure) 140M->3M(495M) 0.183ms
[9.000s][info ][gc,cpu         ] GC(38) User=0.00s Sys=0.00s Real=0.00s
[9.010s][info ][gc,start       ] GC(39) Pause Young (Allocation Failure)
[9.010s][debug][gc,age         ] GC(39) Desired survivor size 8945664 bytes, new threshold 15 (max threshold 15)
[9.010s][trace][gc,age         ] GC(39) Age table with threshold 15 (max threshold 15)
[9.010s][trace][gc,age         ] GC(39) - age   1:     400616 bytes,     400616 total
[9.010s][info ][gc,heap        ] GC(39) DefNew: 139798K(157376K)->391K(157376K) Eden: 139797K(139904K)->0K(139904K) From: 0K(17472K)->391K(17472K)
[9.010s][info ][gc,heap        ] GC(39) Tenured: 3898K(349568K)->3898K(349568K)
[9.010s][info ][gc,metaspace   ] GC(39) Metaspace: 9630K(9856K)->9630K(9856K) NonClass: 8547K(8640K)->8547K(8640K) Class: 1082K(1216K)->1082K(1216K)
[9.010s][info ][gc             ] GC(39) Pause Young (Allocation Failure) 140M->4M(495M) 0.248ms
[9.010s][info ][gc,cpu         ] GC(39) User=0.00s Sys=0.00s Real=0.00s
[9.019s][info ][gc,start       ] GC(40) Pause Young (Allocation Failure)
[9.020s][debug][gc,age         ] GC(40) Desired survivor size 8945664 bytes, new threshold 15 (max threshold 15)
[9.020s][trace][gc,age         ] GC(40) Age table with threshold 15 (max threshold 15)
[9.020s][trace][gc,age         ] GC(40) - age   1:     400432 bytes,     400432 total
[9.020s][trace][gc,age         ] GC(40) - age   2:         32 bytes,     400464 total
[9.020s][info ][gc,heap        ] GC(40) DefNew: 139980K(157376K)->391K(157376K) Eden: 139589K(139904K)->0K(139904K) From: 391K(17472K)->391K(17472K)
[9.020s][info ][gc,heap        ] GC(40) Tenured: 3898K(349568K)->3898K(349568K)
[9.020s][info ][gc,metaspace   ] GC(40) Metaspace: 9630K(9856K)->9630K(9856K) NonClass: 8547K(8640K)->8547K(8640K) Class: 1082K(1216K)->1082K(1216K)
[9.020s][info ][gc             ] GC(40) Pause Young (Allocation Failure) 140M->4M(495M) 0.204ms
[9.020s][info ][gc,cpu         ] GC(40) User=0.00s Sys=0.00s Real=0.00s
[9.029s][info ][gc,start       ] GC(41) Pause Young (Allocation Failure)
[9.029s][debug][gc,age         ] GC(41) Desired survivor size 8945664 bytes, new threshold 15 (max threshold 15)
[9.029s][trace][gc,age         ] GC(41) Age table with threshold 15 (max threshold 15)
[9.029s][trace][gc,age         ] GC(41) - age   1:     400480 bytes,     400480 total
[9.029s][trace][gc,age         ] GC(41) - age   2:         64 bytes,     400544 total
[9.029s][trace][gc,age         ] GC(41) - age   3:         32 bytes,     400576 total
[9.029s][info ][gc,heap        ] GC(41) DefNew: 139979K(157376K)->391K(157376K) Eden: 139588K(139904K)->0K(139904K) From: 391K(17472K)->391K(17472K)
[9.029s][info ][gc,heap        ] GC(41) Tenured: 3898K(349568K)->3898K(349568K)
[9.029s][info ][gc,metaspace   ] GC(41) Metaspace: 9630K(9856K)->9630K(9856K) NonClass: 8547K(8640K)->8547K(8640K) Class: 1082K(1216K)->1082K(1216K)
[9.029s][info ][gc             ] GC(41) Pause Young (Allocation Failure) 140M->4M(495M) 0.261ms
[9.029s][info ][gc,cpu         ] GC(41) User=0.00s Sys=0.00s Real=0.00s
[9.039s][info ][gc,start       ] GC(42) Pause Young (Allocation Failure)
[9.039s][debug][gc,age         ] GC(42) Desired survivor size 8945664 bytes, new threshold 15 (max threshold 15)
[9.039s][trace][gc,age         ] GC(42) Age table with threshold 15 (max threshold 15)
[9.039s][trace][gc,age         ] GC(42) - age   1:        680 bytes,        680 total
[9.039s][trace][gc,age         ] GC(42) - age   3:         32 bytes,        712 total
[9.039s][info ][gc,heap        ] GC(42) DefNew: 140163K(157376K)->0K(157376K) Eden: 139772K(139904K)->0K(139904K) From: 391K(17472K)->0K(17472K)
[9.039s][info ][gc,heap        ] GC(42) Tenured: 3898K(349568K)->3898K(349568K)
[9.039s][info ][gc,metaspace   ] GC(42) Metaspace: 9630K(9856K)->9630K(9856K) NonClass: 8548K(8640K)->8548K(8640K) Class: 1082K(1216K)->1082K(1216K)
[9.039s][info ][gc             ] GC(42) Pause Young (Allocation Failure) 140M->3M(495M) 0.228ms
[9.039s][info ][gc,cpu         ] GC(42) User=0.00s Sys=0.00s Real=0.00s
[9.048s][info ][gc,start       ] GC(43) Pause Young (Allocation Failure)
[9.048s][debug][gc,age         ] GC(43) Desired survivor size 8945664 bytes, new threshold 15 (max threshold 15)
[9.048s][trace][gc,age         ] GC(43) Age table with threshold 15 (max threshold 15)
[9.048s][trace][gc,age         ] GC(43) - age   1:     400552 bytes,     400552 total
[9.048s][trace][gc,age         ] GC(43) - age   2:         64 bytes,     400616 total
[9.048s][info ][gc,heap        ] GC(43) DefNew: 139881K(157376K)->391K(157376K) Eden: 139880K(139904K)->0K(139904K) From: 0K(17472K)->391K(17472K)
[9.048s][info ][gc,heap        ] GC(43) Tenured: 3898K(349568K)->3898K(349568K)
[9.048s][info ][gc,metaspace   ] GC(43) Metaspace: 9630K(9856K)->9630K(9856K) NonClass: 8548K(8640K)->8548K(8640K) Class: 1082K(1216K)->1082K(1216K)
[9.048s][info ][gc             ] GC(43) Pause Young (Allocation Failure) 140M->4M(495M) 0.228ms
[9.048s][info ][gc,cpu         ] GC(43) User=0.00s Sys=0.00s Real=0.00s
[9.058s][info ][gc,start       ] GC(44) Pause Young (Allocation Failure)
[9.058s][debug][gc,age         ] GC(44) Desired survivor size 8945664 bytes, new threshold 15 (max threshold 15)
[9.058s][trace][gc,age         ] GC(44) Age table with threshold 15 (max threshold 15)
[9.058s][trace][gc,age         ] GC(44) - age   1:        192 bytes,        192 total
[9.058s][trace][gc,age         ] GC(44) - age   2:        344 bytes,        536 total
[9.058s][trace][gc,age         ] GC(44) - age   3:         64 bytes,        600 total
[9.058s][info ][gc,heap        ] GC(44) DefNew: 140230K(157376K)->0K(157376K) Eden: 139839K(139904K)->0K(139904K) From: 391K(17472K)->0K(17472K)
[9.058s][info ][gc,heap        ] GC(44) Tenured: 3898K(349568K)->3898K(349568K)
[9.058s][info ][gc,metaspace   ] GC(44) Metaspace: 9630K(9856K)->9630K(9856K) NonClass: 8548K(8640K)->8548K(8640K) Class: 1082K(1216K)->1082K(1216K)
[9.058s][info ][gc             ] GC(44) Pause Young (Allocation Failure) 140M->3M(495M) 0.201ms
[9.058s][info ][gc,cpu         ] GC(44) User=0.00s Sys=0.00s Real=0.00s
[9.069s][info ][gc,start       ] GC(45) Pause Young (Allocation Failure)
[9.069s][debug][gc,age         ] GC(45) Desired survivor size 8945664 bytes, new threshold 15 (max threshold 15)
[9.069s][trace][gc,age         ] GC(45) Age table with threshold 15 (max threshold 15)
[9.069s][trace][gc,age         ] GC(45) - age   1:     400208 bytes,     400208 total
[9.069s][trace][gc,age         ] GC(45) - age   3:        344 bytes,     400552 total
[9.069s][trace][gc,age         ] GC(45) - age   4:         64 bytes,     400616 total
[9.069s][info ][gc,heap        ] GC(45) DefNew: 139764K(157376K)->391K(157376K) Eden: 139764K(139904K)->0K(139904K) From: 0K(17472K)->391K(17472K)
[9.069s][info ][gc,heap        ] GC(45) Tenured: 3898K(349568K)->3898K(349568K)
[9.069s][info ][gc,metaspace   ] GC(45) Metaspace: 9630K(9856K)->9630K(9856K) NonClass: 8548K(8640K)->8548K(8640K) Class: 1082K(1216K)->1082K(1216K)
[9.069s][info ][gc             ] GC(45) Pause Young (Allocation Failure) 140M->4M(495M) 0.205ms
[9.069s][info ][gc,cpu         ] GC(45) User=0.00s Sys=0.00s Real=0.00s
[9.079s][info ][gc,start       ] GC(46) Pause Young (Allocation Failure)
[9.079s][debug][gc,age         ] GC(46) Desired survivor size 8945664 bytes, new threshold 15 (max threshold 15)
[9.079s][trace][gc,age         ] GC(46) Age table with threshold 15 (max threshold 15)
[9.079s][trace][gc,age         ] GC(46) - age   1:        192 bytes,        192 total
[9.079s][trace][gc,age         ] GC(46) - age   4:        344 bytes,        536 total
[9.079s][trace][gc,age         ] GC(46) - age   5:         64 bytes,        600 total
[9.079s][info ][gc,heap        ] GC(46) DefNew: 140101K(157376K)->0K(157376K) Eden: 139710K(139904K)->0K(139904K) From: 391K(17472K)->0K(17472K)
[9.079s][info ][gc,heap        ] GC(46) Tenured: 3898K(349568K)->3898K(349568K)
[9.079s][info ][gc,metaspace   ] GC(46) Metaspace: 9630K(9856K)->9630K(9856K) NonClass: 8548K(8640K)->8548K(8640K) Class: 1082K(1216K)->1082K(1216K)
[9.080s][info ][gc             ] GC(46) Pause Young (Allocation Failure) 140M->3M(495M) 0.181ms
[9.080s][info ][gc,cpu         ] GC(46) User=0.00s Sys=0.00s Real=0.00s
[9.090s][info ][gc,start       ] GC(47) Pause Young (Allocation Failure)
[9.090s][debug][gc,age         ] GC(47) Desired survivor size 8945664 bytes, new threshold 15 (max threshold 15)
[9.090s][trace][gc,age         ] GC(47) Age table with threshold 15 (max threshold 15)
[9.090s][trace][gc,age         ] GC(47) - age   1:     400208 bytes,     400208 total
[9.090s][trace][gc,age         ] GC(47) - age   5:        344 bytes,     400552 total
[9.090s][trace][gc,age         ] GC(47) - age   6:         64 bytes,     400616 total
[9.090s][info ][gc,heap        ] GC(47) DefNew: 139781K(157376K)->391K(157376K) Eden: 139780K(139904K)->0K(139904K) From: 0K(17472K)->391K(17472K)
[9.090s][info ][gc,heap        ] GC(47) Tenured: 3898K(349568K)->3898K(349568K)
[9.090s][info ][gc,metaspace   ] GC(47) Metaspace: 9630K(9856K)->9630K(9856K) NonClass: 8548K(8640K)->8548K(8640K) Class: 1082K(1216K)->1082K(1216K)
[9.090s][info ][gc             ] GC(47) Pause Young (Allocation Failure) 140M->4M(495M) 0.230ms
[9.090s][info ][gc,cpu         ] GC(47) User=0.00s Sys=0.00s Real=0.00s
[9.100s][info ][gc,start       ] GC(48) Pause Young (Allocation Failure)
[9.101s][debug][gc,age         ] GC(48) Desired survivor size 8945664 bytes, new threshold 15 (max threshold 15)
[9.101s][trace][gc,age         ] GC(48) Age table with threshold 15 (max threshold 15)
[9.101s][trace][gc,age         ] GC(48) - age   1:        192 bytes,        192 total
[9.101s][trace][gc,age         ] GC(48) - age   6:        344 bytes,        536 total
[9.101s][trace][gc,age         ] GC(48) - age   7:         64 bytes,        600 total
[9.101s][info ][gc,heap        ] GC(48) DefNew: 140216K(157376K)->0K(157376K) Eden: 139825K(139904K)->0K(139904K) From: 391K(17472K)->0K(17472K)
[9.101s][info ][gc,heap        ] GC(48) Tenured: 3898K(349568K)->3898K(349568K)
[9.101s][info ][gc,metaspace   ] GC(48) Metaspace: 9630K(9856K)->9630K(9856K) NonClass: 8548K(8640K)->8548K(8640K) Class: 1082K(1216K)->1082K(1216K)
[9.101s][info ][gc             ] GC(48) Pause Young (Allocation Failure) 140M->3M(495M) 0.193ms
[9.101s][info ][gc,cpu         ] GC(48) User=0.00s Sys=0.00s Real=0.00s
[9.110s][info ][gc,start       ] GC(49) Pause Young (Allocation Failure)
[9.110s][debug][gc,age         ] GC(49) Desired survivor size 8945664 bytes, new threshold 15 (max threshold 15)
[9.110s][trace][gc,age         ] GC(49) Age table with threshold 15 (max threshold 15)
[9.110s][trace][gc,age         ] GC(49) - age   1:     400208 bytes,     400208 total
[9.111s][trace][gc,age         ] GC(49) - age   7:        344 bytes,     400552 total
[9.111s][trace][gc,age         ] GC(49) - age   8:         64 bytes,     400616 total
[9.111s][info ][gc,heap        ] GC(49) DefNew: 139904K(157376K)->391K(157376K) Eden: 139904K(139904K)->0K(139904K) From: 0K(17472K)->391K(17472K)
[9.111s][info ][gc,heap        ] GC(49) Tenured: 3898K(349568K)->3898K(349568K)
[9.111s][info ][gc,metaspace   ] GC(49) Metaspace: 9630K(9856K)->9630K(9856K) NonClass: 8548K(8640K)->8548K(8640K) Class: 1082K(1216K)->1082K(1216K)
[9.111s][info ][gc             ] GC(49) Pause Young (Allocation Failure) 140M->4M(495M) 0.200ms
[9.111s][info ][gc,cpu         ] GC(49) User=0.00s Sys=0.00s Real=0.00s
[9.120s][info ][gc,start       ] GC(50) Pause Young (Allocation Failure)
[9.120s][debug][gc,age         ] GC(50) Desired survivor size 8945664 bytes, new threshold 15 (max threshold 15)
[9.120s][trace][gc,age         ] GC(50) Age table with threshold 15 (max threshold 15)
[9.120s][trace][gc,age         ] GC(50) - age   1:        192 bytes,        192 total
[9.120s][trace][gc,age         ] GC(50) - age   8:        344 bytes,        536 total
[9.120s][trace][gc,age         ] GC(50) - age   9:         64 bytes,        600 total
[9.120s][info ][gc,heap        ] GC(50) DefNew: 140295K(157376K)->0K(157376K) Eden: 139904K(139904K)->0K(139904K) From: 391K(17472K)->0K(17472K)
[9.120s][info ][gc,heap        ] GC(50) Tenured: 3898K(349568K)->3898K(349568K)
[9.120s][info ][gc,metaspace   ] GC(50) Metaspace: 9630K(9856K)->9630K(9856K) NonClass: 8548K(8640K)->8548K(8640K) Class: 1082K(1216K)->1082K(1216K)
[9.120s][info ][gc             ] GC(50) Pause Young (Allocation Failure) 140M->3M(495M) 0.181ms
[9.120s][info ][gc,cpu         ] GC(50) User=0.00s Sys=0.00s Real=0.01s
[9.130s][info ][gc,start       ] GC(51) Pause Young (Allocation Failure)
[9.130s][debug][gc,age         ] GC(51) Desired survivor size 8945664 bytes, new threshold 15 (max threshold 15)
[9.130s][trace][gc,age         ] GC(51) Age table with threshold 15 (max threshold 15)
[9.130s][trace][gc,age         ] GC(51) - age   1:     400208 bytes,     400208 total
[9.130s][trace][gc,age         ] GC(51) - age   9:        344 bytes,     400552 total
[9.130s][trace][gc,age         ] GC(51) - age  10:         64 bytes,     400616 total
[9.130s][info ][gc,heap        ] GC(51) DefNew: 139904K(157376K)->391K(157376K) Eden: 139904K(139904K)->0K(139904K) From: 0K(17472K)->391K(17472K)
[9.130s][info ][gc,heap        ] GC(51) Tenured: 3898K(349568K)->3898K(349568K)
[9.130s][info ][gc,metaspace   ] GC(51) Metaspace: 9630K(9856K)->9630K(9856K) NonClass: 8548K(8640K)->8548K(8640K) Class: 1082K(1216K)->1082K(1216K)
[9.130s][info ][gc             ] GC(51) Pause Young (Allocation Failure) 140M->4M(495M) 0.219ms
[9.130s][info ][gc,cpu         ] GC(51) User=0.00s Sys=0.00s Real=0.00s
[9.140s][info ][gc,start       ] GC(52) Pause Young (Allocation Failure)
[9.140s][debug][gc,age         ] GC(52) Desired survivor size 8945664 bytes, new threshold 15 (max threshold 15)
[9.140s][trace][gc,age         ] GC(52) Age table with threshold 15 (max threshold 15)
[9.140s][trace][gc,age         ] GC(52) - age   1:        192 bytes,        192 total
[9.140s][trace][gc,age         ] GC(52) - age  10:        344 bytes,        536 total
[9.140s][trace][gc,age         ] GC(52) - age  11:         64 bytes,        600 total
[9.140s][info ][gc,heap        ] GC(52) DefNew: 140295K(157376K)->0K(157376K) Eden: 139904K(139904K)->0K(139904K) From: 391K(17472K)->0K(17472K)
[9.140s][info ][gc,heap        ] GC(52) Tenured: 3898K(349568K)->3898K(349568K)
[9.140s][info ][gc,metaspace   ] GC(52) Metaspace: 9630K(9856K)->9630K(9856K) NonClass: 8548K(8640K)->8548K(8640K) Class: 1082K(1216K)->1082K(1216K)
[9.140s][info ][gc             ] GC(52) Pause Young (Allocation Failure) 140M->3M(495M) 0.183ms
[9.140s][info ][gc,cpu         ] GC(52) User=0.00s Sys=0.00s Real=0.00s
[9.150s][info ][gc,start       ] GC(53) Pause Young (Allocation Failure)
[9.150s][debug][gc,age         ] GC(53) Desired survivor size 8945664 bytes, new threshold 15 (max threshold 15)
[9.150s][trace][gc,age         ] GC(53) Age table with threshold 15 (max threshold 15)
[9.150s][trace][gc,age         ] GC(53) - age   1:        192 bytes,        192 total
[9.150s][trace][gc,age         ] GC(53) - age  11:        344 bytes,        536 total
[9.150s][trace][gc,age         ] GC(53) - age  12:         64 bytes,        600 total
[9.150s][info ][gc,heap        ] GC(53) DefNew: 139904K(157376K)->0K(157376K) Eden: 139904K(139904K)->0K(139904K) From: 0K(17472K)->0K(17472K)
[9.150s][info ][gc,heap        ] GC(53) Tenured: 3898K(349568K)->3898K(349568K)
[9.150s][info ][gc,metaspace   ] GC(53) Metaspace: 9630K(9856K)->9630K(9856K) NonClass: 8548K(8640K)->8548K(8640K) Class: 1082K(1216K)->1082K(1216K)
[9.150s][info ][gc             ] GC(53) Pause Young (Allocation Failure) 140M->3M(495M) 0.202ms
[9.150s][info ][gc,cpu         ] GC(53) User=0.00s Sys=0.00s Real=0.00s
[9.160s][info ][gc,start       ] GC(54) Pause Young (Allocation Failure)
[9.161s][debug][gc,age         ] GC(54) Desired survivor size 8945664 bytes, new threshold 15 (max threshold 15)
[9.161s][trace][gc,age         ] GC(54) Age table with threshold 15 (max threshold 15)
[9.161s][trace][gc,age         ] GC(54) - age   1:        192 bytes,        192 total
[9.161s][trace][gc,age         ] GC(54) - age  12:        344 bytes,        536 total
[9.161s][trace][gc,age         ] GC(54) - age  13:         64 bytes,        600 total
[9.161s][info ][gc,heap        ] GC(54) DefNew: 139904K(157376K)->0K(157376K) Eden: 139904K(139904K)->0K(139904K) From: 0K(17472K)->0K(17472K)
[9.161s][info ][gc,heap        ] GC(54) Tenured: 3898K(349568K)->3898K(349568K)
[9.161s][info ][gc,metaspace   ] GC(54) Metaspace: 9630K(9856K)->9630K(9856K) NonClass: 8548K(8640K)->8548K(8640K) Class: 1082K(1216K)->1082K(1216K)
[9.161s][info ][gc             ] GC(54) Pause Young (Allocation Failure) 140M->3M(495M) 0.188ms
[9.161s][info ][gc,cpu         ] GC(54) User=0.00s Sys=0.00s Real=0.00s
[9.171s][info ][gc,start       ] GC(55) Pause Young (Allocation Failure)
[9.171s][debug][gc,age         ] GC(55) Desired survivor size 8945664 bytes, new threshold 15 (max threshold 15)
[9.171s][trace][gc,age         ] GC(55) Age table with threshold 15 (max threshold 15)
[9.171s][trace][gc,age         ] GC(55) - age   1:        192 bytes,        192 total
[9.171s][trace][gc,age         ] GC(55) - age  13:        344 bytes,        536 total
[9.171s][trace][gc,age         ] GC(55) - age  14:         64 bytes,        600 total
[9.171s][info ][gc,heap        ] GC(55) DefNew: 139904K(157376K)->0K(157376K) Eden: 139904K(139904K)->0K(139904K) From: 0K(17472K)->0K(17472K)
[9.171s][info ][gc,heap        ] GC(55) Tenured: 3898K(349568K)->3898K(349568K)
[9.171s][info ][gc,metaspace   ] GC(55) Metaspace: 9630K(9856K)->9630K(9856K) NonClass: 8548K(8640K)->8548K(8640K) Class: 1082K(1216K)->1082K(1216K)
[9.171s][info ][gc             ] GC(55) Pause Young (Allocation Failure) 140M->3M(495M) 0.221ms
[9.171s][info ][gc,cpu         ] GC(55) User=0.01s Sys=0.00s Real=0.00s
[9.181s][info ][gc,start       ] GC(56) Pause Young (Allocation Failure)
[9.181s][debug][gc,age         ] GC(56) Desired survivor size 8945664 bytes, new threshold 15 (max threshold 15)
[9.181s][trace][gc,age         ] GC(56) Age table with threshold 15 (max threshold 15)
[9.181s][trace][gc,age         ] GC(56) - age   1:        192 bytes,        192 total
[9.181s][trace][gc,age         ] GC(56) - age  14:        344 bytes,        536 total
[9.181s][trace][gc,age         ] GC(56) - age  15:         64 bytes,        600 total
[9.181s][info ][gc,heap        ] GC(56) DefNew: 139904K(157376K)->0K(157376K) Eden: 139904K(139904K)->0K(139904K) From: 0K(17472K)->0K(17472K)
[9.181s][info ][gc,heap        ] GC(56) Tenured: 3898K(349568K)->3898K(349568K)
[9.181s][info ][gc,metaspace   ] GC(56) Metaspace: 9630K(9856K)->9630K(9856K) NonClass: 8548K(8640K)->8548K(8640K) Class: 1082K(1216K)->1082K(1216K)
[9.181s][info ][gc             ] GC(56) Pause Young (Allocation Failure) 140M->3M(495M) 0.183ms
[9.181s][info ][gc,cpu         ] GC(56) User=0.01s Sys=0.00s Real=0.00s
[9.191s][info ][gc,start       ] GC(57) Pause Young (Allocation Failure)
[9.191s][debug][gc,age         ] GC(57) Desired survivor size 8945664 bytes, new threshold 15 (max threshold 15)
[9.191s][trace][gc,age         ] GC(57) Age table with threshold 15 (max threshold 15)
[9.191s][trace][gc,age         ] GC(57) - age   1:        192 bytes,        192 total
[9.191s][trace][gc,age         ] GC(57) - age  15:        344 bytes,        536 total
[9.191s][info ][gc,heap        ] GC(57) DefNew: 139904K(157376K)->0K(157376K) Eden: 139904K(139904K)->0K(139904K) From: 0K(17472K)->0K(17472K)
[9.191s][info ][gc,heap        ] GC(57) Tenured: 3898K(349568K)->3898K(349568K)
[9.191s][info ][gc,metaspace   ] GC(57) Metaspace: 9630K(9856K)->9630K(9856K) NonClass: 8548K(8640K)->8548K(8640K) Class: 1082K(1216K)->1082K(1216K)
[9.191s][info ][gc             ] GC(57) Pause Young (Allocation Failure) 140M->3M(495M) 0.173ms
[9.191s][info ][gc,cpu         ] GC(57) User=0.00s Sys=0.00s Real=0.00s
[9.201s][info ][gc,start       ] GC(58) Pause Young (Allocation Failure)
[9.201s][debug][gc,age         ] GC(58) Desired survivor size 8945664 bytes, new threshold 15 (max threshold 15)
[9.201s][trace][gc,age         ] GC(58) Age table with threshold 15 (max threshold 15)
[9.201s][trace][gc,age         ] GC(58) - age   1:        192 bytes,        192 total
[9.201s][info ][gc,heap        ] GC(58) DefNew: 139904K(157376K)->0K(157376K) Eden: 139904K(139904K)->0K(139904K) From: 0K(17472K)->0K(17472K)
[9.201s][info ][gc,heap        ] GC(58) Tenured: 3898K(349568K)->3899K(349568K)
[9.201s][info ][gc,metaspace   ] GC(58) Metaspace: 9630K(9856K)->9630K(9856K) NonClass: 8548K(8640K)->8548K(8640K) Class: 1082K(1216K)->1082K(1216K)
[9.201s][info ][gc             ] GC(58) Pause Young (Allocation Failure) 140M->3M(495M) 0.166ms
[9.201s][info ][gc,cpu         ] GC(58) User=0.00s Sys=0.00s Real=0.00s
[9.211s][info ][gc,start       ] GC(59) Pause Young (Allocation Failure)
[9.211s][debug][gc,age         ] GC(59) Desired survivor size 8945664 bytes, new threshold 15 (max threshold 15)
[9.211s][trace][gc,age         ] GC(59) Age table with threshold 15 (max threshold 15)
[9.211s][trace][gc,age         ] GC(59) - age   1:        192 bytes,        192 total
[9.211s][info ][gc,heap        ] GC(59) DefNew: 139904K(157376K)->0K(157376K) Eden: 139904K(139904K)->0K(139904K) From: 0K(17472K)->0K(17472K)
[9.211s][info ][gc,heap        ] GC(59) Tenured: 3899K(349568K)->3899K(349568K)
[9.211s][info ][gc,metaspace   ] GC(59) Metaspace: 9630K(9856K)->9630K(9856K) NonClass: 8548K(8640K)->8548K(8640K) Class: 1082K(1216K)->1082K(1216K)
[9.211s][info ][gc             ] GC(59) Pause Young (Allocation Failure) 140M->3M(495M) 0.155ms
[9.211s][info ][gc,cpu         ] GC(59) User=0.00s Sys=0.00s Real=0.00s
[9.221s][info ][gc,start       ] GC(60) Pause Young (Allocation Failure)
[9.222s][debug][gc,age         ] GC(60) Desired survivor size 8945664 bytes, new threshold 15 (max threshold 15)
[9.222s][trace][gc,age         ] GC(60) Age table with threshold 15 (max threshold 15)
[9.222s][trace][gc,age         ] GC(60) - age   1:        192 bytes,        192 total
[9.222s][info ][gc,heap        ] GC(60) DefNew: 139904K(157376K)->0K(157376K) Eden: 139904K(139904K)->0K(139904K) From: 0K(17472K)->0K(17472K)
[9.222s][info ][gc,heap        ] GC(60) Tenured: 3899K(349568K)->3899K(349568K)
[9.222s][info ][gc,metaspace   ] GC(60) Metaspace: 9630K(9856K)->9630K(9856K) NonClass: 8548K(8640K)->8548K(8640K) Class: 1082K(1216K)->1082K(1216K)
[9.222s][info ][gc             ] GC(60) Pause Young (Allocation Failure) 140M->3M(495M) 0.153ms
[9.222s][info ][gc,cpu         ] GC(60) User=0.00s Sys=0.00s Real=0.00s
[9.232s][info ][gc,start       ] GC(61) Pause Young (Allocation Failure)
[9.232s][debug][gc,age         ] GC(61) Desired survivor size 8945664 bytes, new threshold 15 (max threshold 15)
[9.232s][trace][gc,age         ] GC(61) Age table with threshold 15 (max threshold 15)
[9.232s][trace][gc,age         ] GC(61) - age   1:        192 bytes,        192 total
[9.232s][info ][gc,heap        ] GC(61) DefNew: 139904K(157376K)->0K(157376K) Eden: 139904K(139904K)->0K(139904K) From: 0K(17472K)->0K(17472K)
[9.232s][info ][gc,heap        ] GC(61) Tenured: 3899K(349568K)->3899K(349568K)
[9.232s][info ][gc,metaspace   ] GC(61) Metaspace: 9630K(9856K)->9630K(9856K) NonClass: 8548K(8640K)->8548K(8640K) Class: 1082K(1216K)->1082K(1216K)
[9.232s][info ][gc             ] GC(61) Pause Young (Allocation Failure) 140M->3M(495M) 0.145ms
[9.232s][info ][gc,cpu         ] GC(61) User=0.00s Sys=0.00s Real=0.00s
[9.242s][info ][gc,start       ] GC(62) Pause Young (Allocation Failure)
[9.242s][debug][gc,age         ] GC(62) Desired survivor size 8945664 bytes, new threshold 15 (max threshold 15)
[9.242s][trace][gc,age         ] GC(62) Age table with threshold 15 (max threshold 15)
[9.242s][trace][gc,age         ] GC(62) - age   1:        192 bytes,        192 total
[9.242s][info ][gc,heap        ] GC(62) DefNew: 139904K(157376K)->0K(157376K) Eden: 139904K(139904K)->0K(139904K) From: 0K(17472K)->0K(17472K)
[9.242s][info ][gc,heap        ] GC(62) Tenured: 3899K(349568K)->3899K(349568K)
[9.242s][info ][gc,metaspace   ] GC(62) Metaspace: 9630K(9856K)->9630K(9856K) NonClass: 8548K(8640K)->8548K(8640K) Class: 1082K(1216K)->1082K(1216K)
[9.242s][info ][gc             ] GC(62) Pause Young (Allocation Failure) 140M->3M(495M) 0.161ms
[9.242s][info ][gc,cpu         ] GC(62) User=0.00s Sys=0.00s Real=0.00s
[9.252s][info ][gc,start       ] GC(63) Pause Young (Allocation Failure)
[9.252s][debug][gc,age         ] GC(63) Desired survivor size 8945664 bytes, new threshold 15 (max threshold 15)
[9.252s][trace][gc,age         ] GC(63) Age table with threshold 15 (max threshold 15)
[9.252s][trace][gc,age         ] GC(63) - age   1:        192 bytes,        192 total
[9.252s][info ][gc,heap        ] GC(63) DefNew: 139904K(157376K)->0K(157376K) Eden: 139904K(139904K)->0K(139904K) From: 0K(17472K)->0K(17472K)
[9.252s][info ][gc,heap        ] GC(63) Tenured: 3899K(349568K)->3899K(349568K)
[9.252s][info ][gc,metaspace   ] GC(63) Metaspace: 9630K(9856K)->9630K(9856K) NonClass: 8548K(8640K)->8548K(8640K) Class: 1082K(1216K)->1082K(1216K)
[9.252s][info ][gc             ] GC(63) Pause Young (Allocation Failure) 140M->3M(495M) 0.176ms
[9.252s][info ][gc,cpu         ] GC(63) User=0.00s Sys=0.00s Real=0.00s
[9.262s][info ][gc,start       ] GC(64) Pause Young (Allocation Failure)
[9.262s][debug][gc,age         ] GC(64) Desired survivor size 8945664 bytes, new threshold 15 (max threshold 15)
[9.262s][trace][gc,age         ] GC(64) Age table with threshold 15 (max threshold 15)
[9.262s][trace][gc,age         ] GC(64) - age   1:        192 bytes,        192 total
[9.262s][info ][gc,heap        ] GC(64) DefNew: 139904K(157376K)->0K(157376K) Eden: 139904K(139904K)->0K(139904K) From: 0K(17472K)->0K(17472K)
[9.262s][info ][gc,heap        ] GC(64) Tenured: 3899K(349568K)->3899K(349568K)
[9.262s][info ][gc,metaspace   ] GC(64) Metaspace: 9630K(9856K)->9630K(9856K) NonClass: 8548K(8640K)->8548K(8640K) Class: 1082K(1216K)->1082K(1216K)
[9.262s][info ][gc             ] GC(64) Pause Young (Allocation Failure) 140M->3M(495M) 0.150ms
[9.262s][info ][gc,cpu         ] GC(64) User=0.00s Sys=0.00s Real=0.00s
[9.272s][info ][gc,start       ] GC(65) Pause Young (Allocation Failure)
[9.272s][debug][gc,age         ] GC(65) Desired survivor size 8945664 bytes, new threshold 15 (max threshold 15)
[9.272s][trace][gc,age         ] GC(65) Age table with threshold 15 (max threshold 15)
[9.272s][trace][gc,age         ] GC(65) - age   1:        192 bytes,        192 total
[9.272s][info ][gc,heap        ] GC(65) DefNew: 139904K(157376K)->0K(157376K) Eden: 139904K(139904K)->0K(139904K) From: 0K(17472K)->0K(17472K)
[9.272s][info ][gc,heap        ] GC(65) Tenured: 3899K(349568K)->3899K(349568K)
[9.272s][info ][gc,metaspace   ] GC(65) Metaspace: 9630K(9856K)->9630K(9856K) NonClass: 8548K(8640K)->8548K(8640K) Class: 1082K(1216K)->1082K(1216K)
[9.272s][info ][gc             ] GC(65) Pause Young (Allocation Failure) 140M->3M(495M) 0.151ms
[9.272s][info ][gc,cpu         ] GC(65) User=0.00s Sys=0.00s Real=0.00s
[9.282s][info ][gc,start       ] GC(66) Pause Young (Allocation Failure)
[9.282s][debug][gc,age         ] GC(66) Desired survivor size 8945664 bytes, new threshold 15 (max threshold 15)
[9.282s][trace][gc,age         ] GC(66) Age table with threshold 15 (max threshold 15)
[9.282s][trace][gc,age         ] GC(66) - age   1:        192 bytes,        192 total
[9.282s][info ][gc,heap        ] GC(66) DefNew: 139904K(157376K)->0K(157376K) Eden: 139904K(139904K)->0K(139904K) From: 0K(17472K)->0K(17472K)
[9.282s][info ][gc,heap        ] GC(66) Tenured: 3899K(349568K)->3899K(349568K)
[9.282s][info ][gc,metaspace   ] GC(66) Metaspace: 9630K(9856K)->9630K(9856K) NonClass: 8548K(8640K)->8548K(8640K) Class: 1082K(1216K)->1082K(1216K)
[9.282s][info ][gc             ] GC(66) Pause Young (Allocation Failure) 140M->3M(495M) 0.148ms
[9.282s][info ][gc,cpu         ] GC(66) User=0.00s Sys=0.00s Real=0.00s
[9.292s][info ][gc,start       ] GC(67) Pause Young (Allocation Failure)
[9.293s][debug][gc,age         ] GC(67) Desired survivor size 8945664 bytes, new threshold 15 (max threshold 15)
[9.293s][trace][gc,age         ] GC(67) Age table with threshold 15 (max threshold 15)
[9.293s][trace][gc,age         ] GC(67) - age   1:        192 bytes,        192 total
[9.293s][info ][gc,heap        ] GC(67) DefNew: 139904K(157376K)->0K(157376K) Eden: 139904K(139904K)->0K(139904K) From: 0K(17472K)->0K(17472K)
[9.293s][info ][gc,heap        ] GC(67) Tenured: 3899K(349568K)->3899K(349568K)
[9.293s][info ][gc,metaspace   ] GC(67) Metaspace: 9630K(9856K)->9630K(9856K) NonClass: 8548K(8640K)->8548K(8640K) Class: 1082K(1216K)->1082K(1216K)
[9.293s][info ][gc             ] GC(67) Pause Young (Allocation Failure) 140M->3M(495M) 0.150ms
[9.293s][info ][gc,cpu         ] GC(67) User=0.00s Sys=0.00s Real=0.00s
[9.303s][info ][gc,start       ] GC(68) Pause Young (Allocation Failure)
[9.303s][debug][gc,age         ] GC(68) Desired survivor size 8945664 bytes, new threshold 15 (max threshold 15)
[9.303s][trace][gc,age         ] GC(68) Age table with threshold 15 (max threshold 15)
[9.303s][trace][gc,age         ] GC(68) - age   1:        192 bytes,        192 total
[9.303s][info ][gc,heap        ] GC(68) DefNew: 139904K(157376K)->0K(157376K) Eden: 139904K(139904K)->0K(139904K) From: 0K(17472K)->0K(17472K)
[9.303s][info ][gc,heap        ] GC(68) Tenured: 3899K(349568K)->3899K(349568K)
[9.303s][info ][gc,metaspace   ] GC(68) Metaspace: 9630K(9856K)->9630K(9856K) NonClass: 8548K(8640K)->8548K(8640K) Class: 1082K(1216K)->1082K(1216K)
[9.303s][info ][gc             ] GC(68) Pause Young (Allocation Failure) 140M->3M(495M) 0.156ms
[9.303s][info ][gc,cpu         ] GC(68) User=0.00s Sys=0.00s Real=0.00s
[9.313s][info ][gc,start       ] GC(69) Pause Young (Allocation Failure)
[9.313s][debug][gc,age         ] GC(69) Desired survivor size 8945664 bytes, new threshold 15 (max threshold 15)
[9.313s][trace][gc,age         ] GC(69) Age table with threshold 15 (max threshold 15)
[9.313s][trace][gc,age         ] GC(69) - age   1:        192 bytes,        192 total
[9.313s][info ][gc,heap        ] GC(69) DefNew: 139904K(157376K)->0K(157376K) Eden: 139904K(139904K)->0K(139904K) From: 0K(17472K)->0K(17472K)
[9.313s][info ][gc,heap        ] GC(69) Tenured: 3899K(349568K)->3899K(349568K)
[9.313s][info ][gc,metaspace   ] GC(69) Metaspace: 9630K(9856K)->9630K(9856K) NonClass: 8548K(8640K)->8548K(8640K) Class: 1082K(1216K)->1082K(1216K)
[9.313s][info ][gc             ] GC(69) Pause Young (Allocation Failure) 140M->3M(495M) 0.149ms
[9.313s][info ][gc,cpu         ] GC(69) User=0.00s Sys=0.00s Real=0.00s
[9.323s][info ][gc,start       ] GC(70) Pause Young (Allocation Failure)
[9.323s][debug][gc,age         ] GC(70) Desired survivor size 8945664 bytes, new threshold 15 (max threshold 15)
[9.323s][trace][gc,age         ] GC(70) Age table with threshold 15 (max threshold 15)
[9.323s][trace][gc,age         ] GC(70) - age   1:        192 bytes,        192 total
[9.323s][info ][gc,heap        ] GC(70) DefNew: 139904K(157376K)->0K(157376K) Eden: 139904K(139904K)->0K(139904K) From: 0K(17472K)->0K(17472K)
[9.323s][info ][gc,heap        ] GC(70) Tenured: 3899K(349568K)->3899K(349568K)
[9.323s][info ][gc,metaspace   ] GC(70) Metaspace: 9630K(9856K)->9630K(9856K) NonClass: 8548K(8640K)->8548K(8640K) Class: 1082K(1216K)->1082K(1216K)
[9.323s][info ][gc             ] GC(70) Pause Young (Allocation Failure) 140M->3M(495M) 0.145ms
[9.323s][info ][gc,cpu         ] GC(70) User=0.00s Sys=0.00s Real=0.00s
[9.333s][info ][gc,start       ] GC(71) Pause Young (Allocation Failure)
[9.333s][debug][gc,age         ] GC(71) Desired survivor size 8945664 bytes, new threshold 15 (max threshold 15)
[9.333s][trace][gc,age         ] GC(71) Age table with threshold 15 (max threshold 15)
[9.333s][trace][gc,age         ] GC(71) - age   1:        192 bytes,        192 total
[9.333s][info ][gc,heap        ] GC(71) DefNew: 139904K(157376K)->0K(157376K) Eden: 139904K(139904K)->0K(139904K) From: 0K(17472K)->0K(17472K)
[9.333s][info ][gc,heap        ] GC(71) Tenured: 3899K(349568K)->3899K(349568K)
[9.333s][info ][gc,metaspace   ] GC(71) Metaspace: 9630K(9856K)->9630K(9856K) NonClass: 8548K(8640K)->8548K(8640K) Class: 1082K(1216K)->1082K(1216K)
[9.333s][info ][gc             ] GC(71) Pause Young (Allocation Failure) 140M->3M(495M) 0.148ms
[9.333s][info ][gc,cpu         ] GC(71) User=0.00s Sys=0.00s Real=0.00s
[9.343s][info ][gc,start       ] GC(72) Pause Young (Allocation Failure)
[9.343s][debug][gc,age         ] GC(72) Desired survivor size 8945664 bytes, new threshold 15 (max threshold 15)
[9.343s][trace][gc,age         ] GC(72) Age table with threshold 15 (max threshold 15)
[9.343s][trace][gc,age         ] GC(72) - age   1:        192 bytes,        192 total
[9.343s][info ][gc,heap        ] GC(72) DefNew: 139904K(157376K)->0K(157376K) Eden: 139904K(139904K)->0K(139904K) From: 0K(17472K)->0K(17472K)
[9.343s][info ][gc,heap        ] GC(72) Tenured: 3899K(349568K)->3899K(349568K)
[9.343s][info ][gc,metaspace   ] GC(72) Metaspace: 9630K(9856K)->9630K(9856K) NonClass: 8548K(8640K)->8548K(8640K) Class: 1082K(1216K)->1082K(1216K)
[9.343s][info ][gc             ] GC(72) Pause Young (Allocation Failure) 140M->3M(495M) 0.148ms
[9.343s][info ][gc,cpu         ] GC(72) User=0.00s Sys=0.00s Real=0.00s
[9.353s][info ][gc,start       ] GC(73) Pause Young (Allocation Failure)
[9.353s][debug][gc,age         ] GC(73) Desired survivor size 8945664 bytes, new threshold 15 (max threshold 15)
[9.353s][trace][gc,age         ] GC(73) Age table with threshold 15 (max threshold 15)
[9.353s][trace][gc,age         ] GC(73) - age   1:        192 bytes,        192 total
[9.353s][info ][gc,heap        ] GC(73) DefNew: 139904K(157376K)->0K(157376K) Eden: 139904K(139904K)->0K(139904K) From: 0K(17472K)->0K(17472K)
[9.353s][info ][gc,heap        ] GC(73) Tenured: 3899K(349568K)->3899K(349568K)
[9.353s][info ][gc,metaspace   ] GC(73) Metaspace: 9630K(9856K)->9630K(9856K) NonClass: 8548K(8640K)->8548K(8640K) Class: 1082K(1216K)->1082K(1216K)
[9.353s][info ][gc             ] GC(73) Pause Young (Allocation Failure) 140M->3M(495M) 0.150ms
[9.353s][info ][gc,cpu         ] GC(73) User=0.00s Sys=0.00s Real=0.00s
[9.363s][info ][gc,start       ] GC(74) Pause Young (Allocation Failure)
[9.363s][debug][gc,age         ] GC(74) Desired survivor size 8945664 bytes, new threshold 15 (max threshold 15)
[9.363s][trace][gc,age         ] GC(74) Age table with threshold 15 (max threshold 15)
[9.364s][trace][gc,age         ] GC(74) - age   1:        192 bytes,        192 total
[9.364s][info ][gc,heap        ] GC(74) DefNew: 139904K(157376K)->0K(157376K) Eden: 139904K(139904K)->0K(139904K) From: 0K(17472K)->0K(17472K)
[9.364s][info ][gc,heap        ] GC(74) Tenured: 3899K(349568K)->3899K(349568K)
[9.364s][info ][gc,metaspace   ] GC(74) Metaspace: 9630K(9856K)->9630K(9856K) NonClass: 8548K(8640K)->8548K(8640K) Class: 1082K(1216K)->1082K(1216K)
[9.364s][info ][gc             ] GC(74) Pause Young (Allocation Failure) 140M->3M(495M) 0.153ms
[9.364s][info ][gc,cpu         ] GC(74) User=0.00s Sys=0.00s Real=0.00s
[9.374s][info ][gc,start       ] GC(75) Pause Young (Allocation Failure)
[9.374s][debug][gc,age         ] GC(75) Desired survivor size 8945664 bytes, new threshold 15 (max threshold 15)
[9.374s][trace][gc,age         ] GC(75) Age table with threshold 15 (max threshold 15)
[9.374s][trace][gc,age         ] GC(75) - age   1:        192 bytes,        192 total
[9.374s][info ][gc,heap        ] GC(75) DefNew: 139904K(157376K)->0K(157376K) Eden: 139904K(139904K)->0K(139904K) From: 0K(17472K)->0K(17472K)
[9.374s][info ][gc,heap        ] GC(75) Tenured: 3899K(349568K)->3899K(349568K)
[9.374s][info ][gc,metaspace   ] GC(75) Metaspace: 9630K(9856K)->9630K(9856K) NonClass: 8548K(8640K)->8548K(8640K) Class: 1082K(1216K)->1082K(1216K)
[9.374s][info ][gc             ] GC(75) Pause Young (Allocation Failure) 140M->3M(495M) 0.151ms
[9.374s][info ][gc,cpu         ] GC(75) User=0.00s Sys=0.00s Real=0.00s
[9.384s][info ][gc,start       ] GC(76) Pause Young (Allocation Failure)
[9.384s][debug][gc,age         ] GC(76) Desired survivor size 8945664 bytes, new threshold 15 (max threshold 15)
[9.384s][trace][gc,age         ] GC(76) Age table with threshold 15 (max threshold 15)
[9.384s][trace][gc,age         ] GC(76) - age   1:        192 bytes,        192 total
[9.384s][info ][gc,heap        ] GC(76) DefNew: 139904K(157376K)->0K(157376K) Eden: 139904K(139904K)->0K(139904K) From: 0K(17472K)->0K(17472K)
[9.384s][info ][gc,heap        ] GC(76) Tenured: 3899K(349568K)->3899K(349568K)
[9.384s][info ][gc,metaspace   ] GC(76) Metaspace: 9630K(9856K)->9630K(9856K) NonClass: 8548K(8640K)->8548K(8640K) Class: 1082K(1216K)->1082K(1216K)
[9.384s][info ][gc             ] GC(76) Pause Young (Allocation Failure) 140M->3M(495M) 0.146ms
[9.384s][info ][gc,cpu         ] GC(76) User=0.00s Sys=0.00s Real=0.00s
[9.394s][info ][gc,start       ] GC(77) Pause Young (Allocation Failure)
[9.394s][debug][gc,age         ] GC(77) Desired survivor size 8945664 bytes, new threshold 15 (max threshold 15)
[9.394s][trace][gc,age         ] GC(77) Age table with threshold 15 (max threshold 15)
[9.394s][trace][gc,age         ] GC(77) - age   1:        192 bytes,        192 total
[9.394s][info ][gc,heap        ] GC(77) DefNew: 139904K(157376K)->0K(157376K) Eden: 139904K(139904K)->0K(139904K) From: 0K(17472K)->0K(17472K)
[9.394s][info ][gc,heap        ] GC(77) Tenured: 3899K(349568K)->3899K(349568K)
[9.394s][info ][gc,metaspace   ] GC(77) Metaspace: 9630K(9856K)->9630K(9856K) NonClass: 8548K(8640K)->8548K(8640K) Class: 1082K(1216K)->1082K(1216K)
[9.394s][info ][gc             ] GC(77) Pause Young (Allocation Failure) 140M->3M(495M) 0.150ms
[9.394s][info ][gc,cpu         ] GC(77) User=0.00s Sys=0.00s Real=0.00s
[9.404s][info ][gc,start       ] GC(78) Pause Young (Allocation Failure)
[9.404s][debug][gc,age         ] GC(78) Desired survivor size 8945664 bytes, new threshold 15 (max threshold 15)
[9.404s][trace][gc,age         ] GC(78) Age table with threshold 15 (max threshold 15)
[9.404s][trace][gc,age         ] GC(78) - age   1:        192 bytes,        192 total
[9.404s][info ][gc,heap        ] GC(78) DefNew: 139904K(157376K)->0K(157376K) Eden: 139904K(139904K)->0K(139904K) From: 0K(17472K)->0K(17472K)
[9.404s][info ][gc,heap        ] GC(78) Tenured: 3899K(349568K)->3899K(349568K)
[9.404s][info ][gc,metaspace   ] GC(78) Metaspace: 9630K(9856K)->9630K(9856K) NonClass: 8548K(8640K)->8548K(8640K) Class: 1082K(1216K)->1082K(1216K)
[9.404s][info ][gc             ] GC(78) Pause Young (Allocation Failure) 140M->3M(495M) 0.147ms
[9.404s][info ][gc,cpu         ] GC(78) User=0.00s Sys=0.00s Real=0.00s
[9.414s][info ][gc,start       ] GC(79) Pause Young (Allocation Failure)
[9.414s][debug][gc,age         ] GC(79) Desired survivor size 8945664 bytes, new threshold 15 (max threshold 15)
[9.414s][trace][gc,age         ] GC(79) Age table with threshold 15 (max threshold 15)
[9.414s][trace][gc,age         ] GC(79) - age   1:        192 bytes,        192 total
[9.414s][info ][gc,heap        ] GC(79) DefNew: 139904K(157376K)->0K(157376K) Eden: 139904K(139904K)->0K(139904K) From: 0K(17472K)->0K(17472K)
[9.414s][info ][gc,heap        ] GC(79) Tenured: 3899K(349568K)->3899K(349568K)
[9.414s][info ][gc,metaspace   ] GC(79) Metaspace: 9630K(9856K)->9630K(9856K) NonClass: 8548K(8640K)->8548K(8640K) Class: 1082K(1216K)->1082K(1216K)
[9.414s][info ][gc             ] GC(79) Pause Young (Allocation Failure) 140M->3M(495M) 0.153ms
[9.414s][info ][gc,cpu         ] GC(79) User=0.00s Sys=0.00s Real=0.00s
[9.424s][info ][gc,start       ] GC(80) Pause Young (Allocation Failure)
[9.425s][debug][gc,age         ] GC(80) Desired survivor size 8945664 bytes, new threshold 15 (max threshold 15)
[9.425s][trace][gc,age         ] GC(80) Age table with threshold 15 (max threshold 15)
[9.425s][trace][gc,age         ] GC(80) - age   1:        192 bytes,        192 total
[9.425s][info ][gc,heap        ] GC(80) DefNew: 139904K(157376K)->0K(157376K) Eden: 139904K(139904K)->0K(139904K) From: 0K(17472K)->0K(17472K)
[9.425s][info ][gc,heap        ] GC(80) Tenured: 3899K(349568K)->3899K(349568K)
[9.425s][info ][gc,metaspace   ] GC(80) Metaspace: 9630K(9856K)->9630K(9856K) NonClass: 8548K(8640K)->8548K(8640K) Class: 1082K(1216K)->1082K(1216K)
[9.425s][info ][gc             ] GC(80) Pause Young (Allocation Failure) 140M->3M(495M) 0.146ms
[9.425s][info ][gc,cpu         ] GC(80) User=0.00s Sys=0.00s Real=0.00s
[9.435s][info ][gc,start       ] GC(81) Pause Young (Allocation Failure)
[9.435s][debug][gc,age         ] GC(81) Desired survivor size 8945664 bytes, new threshold 15 (max threshold 15)
[9.435s][trace][gc,age         ] GC(81) Age table with threshold 15 (max threshold 15)
[9.435s][trace][gc,age         ] GC(81) - age   1:        192 bytes,        192 total
[9.435s][info ][gc,heap        ] GC(81) DefNew: 139904K(157376K)->0K(157376K) Eden: 139904K(139904K)->0K(139904K) From: 0K(17472K)->0K(17472K)
[9.435s][info ][gc,heap        ] GC(81) Tenured: 3899K(349568K)->3899K(349568K)
[9.435s][info ][gc,metaspace   ] GC(81) Metaspace: 9630K(9856K)->9630K(9856K) NonClass: 8548K(8640K)->8548K(8640K) Class: 1082K(1216K)->1082K(1216K)
[9.435s][info ][gc             ] GC(81) Pause Young (Allocation Failure) 140M->3M(495M) 0.166ms
[9.435s][info ][gc,cpu         ] GC(81) User=0.00s Sys=0.00s Real=0.00s
[9.446s][info ][gc,start       ] GC(82) Pause Young (Allocation Failure)
[9.446s][debug][gc,age         ] GC(82) Desired survivor size 8945664 bytes, new threshold 15 (max threshold 15)
[9.446s][trace][gc,age         ] GC(82) Age table with threshold 15 (max threshold 15)
[9.446s][trace][gc,age         ] GC(82) - age   1:        192 bytes,        192 total
[9.446s][info ][gc,heap        ] GC(82) DefNew: 139904K(157376K)->0K(157376K) Eden: 139904K(139904K)->0K(139904K) From: 0K(17472K)->0K(17472K)
[9.446s][info ][gc,heap        ] GC(82) Tenured: 3899K(349568K)->3899K(349568K)
[9.446s][info ][gc,metaspace   ] GC(82) Metaspace: 9630K(9856K)->9630K(9856K) NonClass: 8548K(8640K)->8548K(8640K) Class: 1082K(1216K)->1082K(1216K)
[9.446s][info ][gc             ] GC(82) Pause Young (Allocation Failure) 140M->3M(495M) 0.162ms
[9.446s][info ][gc,cpu         ] GC(82) User=0.00s Sys=0.00s Real=0.00s
[9.456s][info ][gc,start       ] GC(83) Pause Young (Allocation Failure)
[9.456s][debug][gc,age         ] GC(83) Desired survivor size 8945664 bytes, new threshold 15 (max threshold 15)
[9.456s][trace][gc,age         ] GC(83) Age table with threshold 15 (max threshold 15)
[9.456s][trace][gc,age         ] GC(83) - age   1:        192 bytes,        192 total
[9.456s][info ][gc,heap        ] GC(83) DefNew: 139904K(157376K)->0K(157376K) Eden: 139904K(139904K)->0K(139904K) From: 0K(17472K)->0K(17472K)
[9.456s][info ][gc,heap        ] GC(83) Tenured: 3899K(349568K)->3899K(349568K)
[9.456s][info ][gc,metaspace   ] GC(83) Metaspace: 9630K(9856K)->9630K(9856K) NonClass: 8548K(8640K)->8548K(8640K) Class: 1082K(1216K)->1082K(1216K)
[9.456s][info ][gc             ] GC(83) Pause Young (Allocation Failure) 140M->3M(495M) 0.159ms
[9.456s][info ][gc,cpu         ] GC(83) User=0.00s Sys=0.00s Real=0.00s
[9.467s][info ][gc,start       ] GC(84) Pause Young (Allocation Failure)
[9.467s][debug][gc,age         ] GC(84) Desired survivor size 8945664 bytes, new threshold 15 (max threshold 15)
[9.467s][trace][gc,age         ] GC(84) Age table with threshold 15 (max threshold 15)
[9.467s][trace][gc,age         ] GC(84) - age   1:        192 bytes,        192 total
[9.467s][info ][gc,heap        ] GC(84) DefNew: 139904K(157376K)->0K(157376K) Eden: 139904K(139904K)->0K(139904K) From: 0K(17472K)->0K(17472K)
[9.467s][info ][gc,heap        ] GC(84) Tenured: 3899K(349568K)->3899K(349568K)
[9.467s][info ][gc,metaspace   ] GC(84) Metaspace: 9630K(9856K)->9630K(9856K) NonClass: 8548K(8640K)->8548K(8640K) Class: 1082K(1216K)->1082K(1216K)
[9.467s][info ][gc             ] GC(84) Pause Young (Allocation Failure) 140M->3M(495M) 0.175ms
[9.467s][info ][gc,cpu         ] GC(84) User=0.00s Sys=0.00s Real=0.00s
[9.478s][info ][gc,start       ] GC(85) Pause Young (Allocation Failure)
[9.478s][debug][gc,age         ] GC(85) Desired survivor size 8945664 bytes, new threshold 15 (max threshold 15)
[9.478s][trace][gc,age         ] GC(85) Age table with threshold 15 (max threshold 15)
[9.478s][trace][gc,age         ] GC(85) - age   1:        192 bytes,        192 total
[9.478s][info ][gc,heap        ] GC(85) DefNew: 139904K(157376K)->0K(157376K) Eden: 139904K(139904K)->0K(139904K) From: 0K(17472K)->0K(17472K)
[9.478s][info ][gc,heap        ] GC(85) Tenured: 3899K(349568K)->3899K(349568K)
[9.478s][info ][gc,metaspace   ] GC(85) Metaspace: 9630K(9856K)->9630K(9856K) NonClass: 8548K(8640K)->8548K(8640K) Class: 1082K(1216K)->1082K(1216K)
[9.478s][info ][gc             ] GC(85) Pause Young (Allocation Failure) 140M->3M(495M) 0.144ms
[9.478s][info ][gc,cpu         ] GC(85) User=0.00s Sys=0.00s Real=0.00s
[9.488s][info ][gc,start       ] GC(86) Pause Young (Allocation Failure)
[9.488s][debug][gc,age         ] GC(86) Desired survivor size 8945664 bytes, new threshold 15 (max threshold 15)
[9.488s][trace][gc,age         ] GC(86) Age table with threshold 15 (max threshold 15)
[9.488s][trace][gc,age         ] GC(86) - age   1:        192 bytes,        192 total
[9.488s][info ][gc,heap        ] GC(86) DefNew: 139904K(157376K)->0K(157376K) Eden: 139904K(139904K)->0K(139904K) From: 0K(17472K)->0K(17472K)
[9.488s][info ][gc,heap        ] GC(86) Tenured: 3899K(349568K)->3899K(349568K)
[9.488s][info ][gc,metaspace   ] GC(86) Metaspace: 9630K(9856K)->9630K(9856K) NonClass: 8548K(8640K)->8548K(8640K) Class: 1082K(1216K)->1082K(1216K)
[9.488s][info ][gc             ] GC(86) Pause Young (Allocation Failure) 140M->3M(495M) 0.147ms
[9.488s][info ][gc,cpu         ] GC(86) User=0.00s Sys=0.00s Real=0.00s
[9.498s][info ][gc,start       ] GC(87) Pause Young (Allocation Failure)
[9.498s][debug][gc,age         ] GC(87) Desired survivor size 8945664 bytes, new threshold 15 (max threshold 15)
[9.498s][trace][gc,age         ] GC(87) Age table with threshold 15 (max threshold 15)
[9.498s][trace][gc,age         ] GC(87) - age   1:        192 bytes,        192 total
[9.498s][info ][gc,heap        ] GC(87) DefNew: 139904K(157376K)->0K(157376K) Eden: 139904K(139904K)->0K(139904K) From: 0K(17472K)->0K(17472K)
[9.498s][info ][gc,heap        ] GC(87) Tenured: 3899K(349568K)->3899K(349568K)
[9.498s][info ][gc,metaspace   ] GC(87) Metaspace: 9630K(9856K)->9630K(9856K) NonClass: 8548K(8640K)->8548K(8640K) Class: 1082K(1216K)->1082K(1216K)
[9.498s][info ][gc             ] GC(87) Pause Young (Allocation Failure) 140M->3M(495M) 0.144ms
[9.498s][info ][gc,cpu         ] GC(87) User=0.00s Sys=0.00s Real=0.00s
[9.508s][info ][gc,start       ] GC(88) Pause Young (Allocation Failure)
[9.508s][debug][gc,age         ] GC(88) Desired survivor size 8945664 bytes, new threshold 15 (max threshold 15)
[9.508s][trace][gc,age         ] GC(88) Age table with threshold 15 (max threshold 15)
[9.508s][trace][gc,age         ] GC(88) - age   1:        192 bytes,        192 total
[9.508s][info ][gc,heap        ] GC(88) DefNew: 139904K(157376K)->0K(157376K) Eden: 139904K(139904K)->0K(139904K) From: 0K(17472K)->0K(17472K)
[9.508s][info ][gc,heap        ] GC(88) Tenured: 3899K(349568K)->3899K(349568K)
[9.508s][info ][gc,metaspace   ] GC(88) Metaspace: 9630K(9856K)->9630K(9856K) NonClass: 8548K(8640K)->8548K(8640K) Class: 1082K(1216K)->1082K(1216K)
[9.508s][info ][gc             ] GC(88) Pause Young (Allocation Failure) 140M->3M(495M) 0.151ms
[9.508s][info ][gc,cpu         ] GC(88) User=0.00s Sys=0.00s Real=0.00s
[9.518s][info ][gc,start       ] GC(89) Pause Young (Allocation Failure)
[9.518s][debug][gc,age         ] GC(89) Desired survivor size 8945664 bytes, new threshold 15 (max threshold 15)
[9.518s][trace][gc,age         ] GC(89) Age table with threshold 15 (max threshold 15)
[9.518s][trace][gc,age         ] GC(89) - age   1:        192 bytes,        192 total
[9.518s][info ][gc,heap        ] GC(89) DefNew: 139904K(157376K)->0K(157376K) Eden: 139904K(139904K)->0K(139904K) From: 0K(17472K)->0K(17472K)
[9.518s][info ][gc,heap        ] GC(89) Tenured: 3899K(349568K)->3899K(349568K)
[9.518s][info ][gc,metaspace   ] GC(89) Metaspace: 9630K(9856K)->9630K(9856K) NonClass: 8548K(8640K)->8548K(8640K) Class: 1082K(1216K)->1082K(1216K)
[9.518s][info ][gc             ] GC(89) Pause Young (Allocation Failure) 140M->3M(495M) 0.146ms
[9.518s][info ][gc,cpu         ] GC(89) User=0.00s Sys=0.00s Real=0.00s
[9.528s][info ][gc,start       ] GC(90) Pause Young (Allocation Failure)
[9.528s][debug][gc,age         ] GC(90) Desired survivor size 8945664 bytes, new threshold 15 (max threshold 15)
[9.528s][trace][gc,age         ] GC(90) Age table with threshold 15 (max threshold 15)
[9.528s][trace][gc,age         ] GC(90) - age   1:        192 bytes,        192 total
[9.528s][info ][gc,heap        ] GC(90) DefNew: 139904K(157376K)->0K(157376K) Eden: 139904K(139904K)->0K(139904K) From: 0K(17472K)->0K(17472K)
[9.528s][info ][gc,heap        ] GC(90) Tenured: 3899K(349568K)->3899K(349568K)
[9.528s][info ][gc,metaspace   ] GC(90) Metaspace: 9630K(9856K)->9630K(9856K) NonClass: 8548K(8640K)->8548K(8640K) Class: 1082K(1216K)->1082K(1216K)
[9.528s][info ][gc             ] GC(90) Pause Young (Allocation Failure) 140M->3M(495M) 0.142ms
[9.528s][info ][gc,cpu         ] GC(90) User=0.00s Sys=0.00s Real=0.00s
[9.538s][info ][gc,start       ] GC(91) Pause Young (Allocation Failure)
[9.538s][debug][gc,age         ] GC(91) Desired survivor size 8945664 bytes, new threshold 15 (max threshold 15)
[9.538s][trace][gc,age         ] GC(91) Age table with threshold 15 (max threshold 15)
[9.538s][trace][gc,age         ] GC(91) - age   1:        192 bytes,        192 total
[9.538s][info ][gc,heap        ] GC(91) DefNew: 139904K(157376K)->0K(157376K) Eden: 139904K(139904K)->0K(139904K) From: 0K(17472K)->0K(17472K)
[9.538s][info ][gc,heap        ] GC(91) Tenured: 3899K(349568K)->3899K(349568K)
[9.538s][info ][gc,metaspace   ] GC(91) Metaspace: 9630K(9856K)->9630K(9856K) NonClass: 8548K(8640K)->8548K(8640K) Class: 1082K(1216K)->1082K(1216K)
[9.538s][info ][gc             ] GC(91) Pause Young (Allocation Failure) 140M->3M(495M) 0.144ms
[9.539s][info ][gc,cpu         ] GC(91) User=0.00s Sys=0.00s Real=0.00s
[9.548s][info ][gc,start       ] GC(92) Pause Young (Allocation Failure)
[9.549s][debug][gc,age         ] GC(92) Desired survivor size 8945664 bytes, new threshold 15 (max threshold 15)
[9.549s][trace][gc,age         ] GC(92) Age table with threshold 15 (max threshold 15)
[9.549s][trace][gc,age         ] GC(92) - age   1:        192 bytes,        192 total
[9.549s][info ][gc,heap        ] GC(92) DefNew: 139904K(157376K)->0K(157376K) Eden: 139904K(139904K)->0K(139904K) From: 0K(17472K)->0K(17472K)
[9.549s][info ][gc,heap        ] GC(92) Tenured: 3899K(349568K)->3899K(349568K)
[9.549s][info ][gc,metaspace   ] GC(92) Metaspace: 9630K(9856K)->9630K(9856K) NonClass: 8548K(8640K)->8548K(8640K) Class: 1082K(1216K)->1082K(1216K)
[9.549s][info ][gc             ] GC(92) Pause Young (Allocation Failure) 140M->3M(495M) 0.153ms
[9.549s][info ][gc,cpu         ] GC(92) User=0.00s Sys=0.00s Real=0.00s
[9.559s][info ][gc,start       ] GC(93) Pause Young (Allocation Failure)
[9.559s][debug][gc,age         ] GC(93) Desired survivor size 8945664 bytes, new threshold 15 (max threshold 15)
[9.559s][trace][gc,age         ] GC(93) Age table with threshold 15 (max threshold 15)
[9.559s][trace][gc,age         ] GC(93) - age   1:        192 bytes,        192 total
[9.559s][info ][gc,heap        ] GC(93) DefNew: 139904K(157376K)->0K(157376K) Eden: 139904K(139904K)->0K(139904K) From: 0K(17472K)->0K(17472K)
[9.559s][info ][gc,heap        ] GC(93) Tenured: 3899K(349568K)->3899K(349568K)
[9.559s][info ][gc,metaspace   ] GC(93) Metaspace: 9630K(9856K)->9630K(9856K) NonClass: 8548K(8640K)->8548K(8640K) Class: 1082K(1216K)->1082K(1216K)
[9.559s][info ][gc             ] GC(93) Pause Young (Allocation Failure) 140M->3M(495M) 0.148ms
[9.559s][info ][gc,cpu         ] GC(93) User=0.00s Sys=0.01s Real=0.00s
[9.569s][info ][gc,start       ] GC(94) Pause Young (Allocation Failure)
[9.569s][debug][gc,age         ] GC(94) Desired survivor size 8945664 bytes, new threshold 15 (max threshold 15)
[9.569s][trace][gc,age         ] GC(94) Age table with threshold 15 (max threshold 15)
[9.569s][trace][gc,age         ] GC(94) - age   1:        192 bytes,        192 total
[9.569s][info ][gc,heap        ] GC(94) DefNew: 139904K(157376K)->0K(157376K) Eden: 139904K(139904K)->0K(139904K) From: 0K(17472K)->0K(17472K)
[9.569s][info ][gc,heap        ] GC(94) Tenured: 3899K(349568K)->3899K(349568K)
[9.569s][info ][gc,metaspace   ] GC(94) Metaspace: 9630K(9856K)->9630K(9856K) NonClass: 8548K(8640K)->8548K(8640K) Class: 1082K(1216K)->1082K(1216K)
[9.569s][info ][gc             ] GC(94) Pause Young (Allocation Failure) 140M->3M(495M) 0.145ms
[9.569s][info ][gc,cpu         ] GC(94) User=0.00s Sys=0.00s Real=0.00s
[9.579s][info ][gc,start       ] GC(95) Pause Young (Allocation Failure)
[9.579s][debug][gc,age         ] GC(95) Desired survivor size 8945664 bytes, new threshold 15 (max threshold 15)
[9.579s][trace][gc,age         ] GC(95) Age table with threshold 15 (max threshold 15)
[9.579s][trace][gc,age         ] GC(95) - age   1:        192 bytes,        192 total
[9.579s][info ][gc,heap        ] GC(95) DefNew: 139904K(157376K)->0K(157376K) Eden: 139904K(139904K)->0K(139904K) From: 0K(17472K)->0K(17472K)
[9.579s][info ][gc,heap        ] GC(95) Tenured: 3899K(349568K)->3899K(349568K)
[9.579s][info ][gc,metaspace   ] GC(95) Metaspace: 9630K(9856K)->9630K(9856K) NonClass: 8548K(8640K)->8548K(8640K) Class: 1082K(1216K)->1082K(1216K)
[9.579s][info ][gc             ] GC(95) Pause Young (Allocation Failure) 140M->3M(495M) 0.149ms
[9.579s][info ][gc,cpu         ] GC(95) User=0.00s Sys=0.00s Real=0.00s
[9.589s][info ][gc,start       ] GC(96) Pause Young (Allocation Failure)
[9.589s][debug][gc,age         ] GC(96) Desired survivor size 8945664 bytes, new threshold 15 (max threshold 15)
[9.589s][trace][gc,age         ] GC(96) Age table with threshold 15 (max threshold 15)
[9.589s][trace][gc,age         ] GC(96) - age   1:        192 bytes,        192 total
[9.589s][info ][gc,heap        ] GC(96) DefNew: 139904K(157376K)->0K(157376K) Eden: 139904K(139904K)->0K(139904K) From: 0K(17472K)->0K(17472K)
[9.589s][info ][gc,heap        ] GC(96) Tenured: 3899K(349568K)->3899K(349568K)
[9.589s][info ][gc,metaspace   ] GC(96) Metaspace: 9630K(9856K)->9630K(9856K) NonClass: 8548K(8640K)->8548K(8640K) Class: 1082K(1216K)->1082K(1216K)
[9.589s][info ][gc             ] GC(96) Pause Young (Allocation Failure) 140M->3M(495M) 0.184ms
[9.589s][info ][gc,cpu         ] GC(96) User=0.00s Sys=0.00s Real=0.00s
[9.599s][info ][gc,start       ] GC(97) Pause Young (Allocation Failure)
[9.599s][debug][gc,age         ] GC(97) Desired survivor size 8945664 bytes, new threshold 15 (max threshold 15)
[9.599s][trace][gc,age         ] GC(97) Age table with threshold 15 (max threshold 15)
[9.599s][trace][gc,age         ] GC(97) - age   1:        192 bytes,        192 total
[9.599s][info ][gc,heap        ] GC(97) DefNew: 139904K(157376K)->0K(157376K) Eden: 139904K(139904K)->0K(139904K) From: 0K(17472K)->0K(17472K)
[9.599s][info ][gc,heap        ] GC(97) Tenured: 3899K(349568K)->3899K(349568K)
[9.599s][info ][gc,metaspace   ] GC(97) Metaspace: 9630K(9856K)->9630K(9856K) NonClass: 8548K(8640K)->8548K(8640K) Class: 1082K(1216K)->1082K(1216K)
[9.599s][info ][gc             ] GC(97) Pause Young (Allocation Failure) 140M->3M(495M) 0.161ms
[9.599s][info ][gc,cpu         ] GC(97) User=0.00s Sys=0.00s Real=0.00s
[9.609s][info ][gc,start       ] GC(98) Pause Young (Allocation Failure)
[9.610s][debug][gc,age         ] GC(98) Desired survivor size 8945664 bytes, new threshold 15 (max threshold 15)
[9.610s][trace][gc,age         ] GC(98) Age table with threshold 15 (max threshold 15)
[9.610s][trace][gc,age         ] GC(98) - age   1:        192 bytes,        192 total
[9.610s][info ][gc,heap        ] GC(98) DefNew: 139904K(157376K)->0K(157376K) Eden: 139904K(139904K)->0K(139904K) From: 0K(17472K)->0K(17472K)
[9.610s][info ][gc,heap        ] GC(98) Tenured: 3899K(349568K)->3899K(349568K)
[9.610s][info ][gc,metaspace   ] GC(98) Metaspace: 9630K(9856K)->9630K(9856K) NonClass: 8548K(8640K)->8548K(8640K) Class: 1082K(1216K)->1082K(1216K)
[9.610s][info ][gc             ] GC(98) Pause Young (Allocation Failure) 140M->3M(495M) 0.162ms
[9.610s][info ][gc,cpu         ] GC(98) User=0.00s Sys=0.00s Real=0.00s
[9.620s][info ][gc,start       ] GC(99) Pause Young (Allocation Failure)
[9.620s][debug][gc,age         ] GC(99) Desired survivor size 8945664 bytes, new threshold 15 (max threshold 15)
[9.620s][trace][gc,age         ] GC(99) Age table with threshold 15 (max threshold 15)
[9.620s][trace][gc,age         ] GC(99) - age   1:        192 bytes,        192 total
[9.620s][info ][gc,heap        ] GC(99) DefNew: 139904K(157376K)->0K(157376K) Eden: 139904K(139904K)->0K(139904K) From: 0K(17472K)->0K(17472K)
[9.620s][info ][gc,heap        ] GC(99) Tenured: 3899K(349568K)->3899K(349568K)
[9.620s][info ][gc,metaspace   ] GC(99) Metaspace: 9630K(9856K)->9630K(9856K) NonClass: 8548K(8640K)->8548K(8640K) Class: 1082K(1216K)->1082K(1216K)
[9.620s][info ][gc             ] GC(99) Pause Young (Allocation Failure) 140M->3M(495M) 0.155ms
[9.620s][info ][gc,cpu         ] GC(99) User=0.00s Sys=0.00s Real=0.00s
[9.630s][info ][gc,start       ] GC(100) Pause Young (Allocation Failure)
[9.630s][debug][gc,age         ] GC(100) Desired survivor size 8945664 bytes, new threshold 15 (max threshold 15)
[9.630s][trace][gc,age         ] GC(100) Age table with threshold 15 (max threshold 15)
[9.630s][trace][gc,age         ] GC(100) - age   1:        192 bytes,        192 total
[9.630s][info ][gc,heap        ] GC(100) DefNew: 139904K(157376K)->0K(157376K) Eden: 139904K(139904K)->0K(139904K) From: 0K(17472K)->0K(17472K)
[9.630s][info ][gc,heap        ] GC(100) Tenured: 3899K(349568K)->3899K(349568K)
[9.630s][info ][gc,metaspace   ] GC(100) Metaspace: 9630K(9856K)->9630K(9856K) NonClass: 8548K(8640K)->8548K(8640K) Class: 1082K(1216K)->1082K(1216K)
[9.630s][info ][gc             ] GC(100) Pause Young (Allocation Failure) 140M->3M(495M) 0.156ms
[9.630s][info ][gc,cpu         ] GC(100) User=0.00s Sys=0.00s Real=0.00s
[9.640s][info ][gc,start       ] GC(101) Pause Young (Allocation Failure)
[9.640s][debug][gc,age         ] GC(101) Desired survivor size 8945664 bytes, new threshold 15 (max threshold 15)
[9.640s][trace][gc,age         ] GC(101) Age table with threshold 15 (max threshold 15)
[9.640s][trace][gc,age         ] GC(101) - age   1:        192 bytes,        192 total
[9.640s][info ][gc,heap        ] GC(101) DefNew: 139904K(157376K)->0K(157376K) Eden: 139904K(139904K)->0K(139904K) From: 0K(17472K)->0K(17472K)
[9.640s][info ][gc,heap        ] GC(101) Tenured: 3899K(349568K)->3899K(349568K)
[9.640s][info ][gc,metaspace   ] GC(101) Metaspace: 9630K(9856K)->9630K(9856K) NonClass: 8548K(8640K)->8548K(8640K) Class: 1082K(1216K)->1082K(1216K)
[9.640s][info ][gc             ] GC(101) Pause Young (Allocation Failure) 140M->3M(495M) 0.148ms
[9.640s][info ][gc,cpu         ] GC(101) User=0.00s Sys=0.00s Real=0.01s
[9.650s][info ][gc,start       ] GC(102) Pause Young (Allocation Failure)
[9.650s][debug][gc,age         ] GC(102) Desired survivor size 8945664 bytes, new threshold 15 (max threshold 15)
[9.650s][trace][gc,age         ] GC(102) Age table with threshold 15 (max threshold 15)
[9.650s][trace][gc,age         ] GC(102) - age   1:        192 bytes,        192 total
[9.650s][info ][gc,heap        ] GC(102) DefNew: 139904K(157376K)->0K(157376K) Eden: 139904K(139904K)->0K(139904K) From: 0K(17472K)->0K(17472K)
[9.650s][info ][gc,heap        ] GC(102) Tenured: 3899K(349568K)->3899K(349568K)
[9.650s][info ][gc,metaspace   ] GC(102) Metaspace: 9630K(9856K)->9630K(9856K) NonClass: 8548K(8640K)->8548K(8640K) Class: 1082K(1216K)->1082K(1216K)
[9.650s][info ][gc             ] GC(102) Pause Young (Allocation Failure) 140M->3M(495M) 0.154ms
[9.650s][info ][gc,cpu         ] GC(102) User=0.00s Sys=0.00s Real=0.01s
[9.660s][info ][gc,start       ] GC(103) Pause Young (Allocation Failure)
[9.660s][debug][gc,age         ] GC(103) Desired survivor size 8945664 bytes, new threshold 15 (max threshold 15)
[9.660s][trace][gc,age         ] GC(103) Age table with threshold 15 (max threshold 15)
[9.660s][trace][gc,age         ] GC(103) - age   1:        192 bytes,        192 total
[9.660s][info ][gc,heap        ] GC(103) DefNew: 139904K(157376K)->0K(157376K) Eden: 139904K(139904K)->0K(139904K) From: 0K(17472K)->0K(17472K)
[9.660s][info ][gc,heap        ] GC(103) Tenured: 3899K(349568K)->3899K(349568K)
[9.660s][info ][gc,metaspace   ] GC(103) Metaspace: 9630K(9856K)->9630K(9856K) NonClass: 8548K(8640K)->8548K(8640K) Class: 1082K(1216K)->1082K(1216K)
[9.660s][info ][gc             ] GC(103) Pause Young (Allocation Failure) 140M->3M(495M) 0.145ms
[9.660s][info ][gc,cpu         ] GC(103) User=0.00s Sys=0.00s Real=0.00s
[9.670s][info ][gc,start       ] GC(104) Pause Young (Allocation Failure)
[9.670s][debug][gc,age         ] GC(104) Desired survivor size 8945664 bytes, new threshold 15 (max threshold 15)
[9.670s][trace][gc,age         ] GC(104) Age table with threshold 15 (max threshold 15)
[9.670s][trace][gc,age         ] GC(104) - age   1:        192 bytes,        192 total
[9.670s][info ][gc,heap        ] GC(104) DefNew: 139904K(157376K)->0K(157376K) Eden: 139904K(139904K)->0K(139904K) From: 0K(17472K)->0K(17472K)
[9.670s][info ][gc,heap        ] GC(104) Tenured: 3899K(349568K)->3899K(349568K)
[9.670s][info ][gc,metaspace   ] GC(104) Metaspace: 9630K(9856K)->9630K(9856K) NonClass: 8548K(8640K)->8548K(8640K) Class: 1082K(1216K)->1082K(1216K)
[9.670s][info ][gc             ] GC(104) Pause Young (Allocation Failure) 140M->3M(495M) 0.149ms
[9.670s][info ][gc,cpu         ] GC(104) User=0.00s Sys=0.00s Real=0.00s
[9.680s][info ][gc,start       ] GC(105) Pause Young (Allocation Failure)
[9.681s][debug][gc,age         ] GC(105) Desired survivor size 8945664 bytes, new threshold 15 (max threshold 15)
[9.681s][trace][gc,age         ] GC(105) Age table with threshold 15 (max threshold 15)
[9.681s][trace][gc,age         ] GC(105) - age   1:        192 bytes,        192 total
[9.681s][info ][gc,heap        ] GC(105) DefNew: 139904K(157376K)->0K(157376K) Eden: 139904K(139904K)->0K(139904K) From: 0K(17472K)->0K(17472K)
[9.681s][info ][gc,heap        ] GC(105) Tenured: 3899K(349568K)->3899K(349568K)
[9.681s][info ][gc,metaspace   ] GC(105) Metaspace: 9630K(9856K)->9630K(9856K) NonClass: 8548K(8640K)->8548K(8640K) Class: 1082K(1216K)->1082K(1216K)
[9.681s][info ][gc             ] GC(105) Pause Young (Allocation Failure) 140M->3M(495M) 0.147ms
[9.681s][info ][gc,cpu         ] GC(105) User=0.00s Sys=0.00s Real=0.00s
[9.691s][info ][gc,start       ] GC(106) Pause Young (Allocation Failure)
[9.691s][debug][gc,age         ] GC(106) Desired survivor size 8945664 bytes, new threshold 15 (max threshold 15)
[9.691s][trace][gc,age         ] GC(106) Age table with threshold 15 (max threshold 15)
[9.691s][trace][gc,age         ] GC(106) - age   1:        192 bytes,        192 total
[9.691s][info ][gc,heap        ] GC(106) DefNew: 139904K(157376K)->0K(157376K) Eden: 139904K(139904K)->0K(139904K) From: 0K(17472K)->0K(17472K)
[9.691s][info ][gc,heap        ] GC(106) Tenured: 3899K(349568K)->3899K(349568K)
[9.691s][info ][gc,metaspace   ] GC(106) Metaspace: 9630K(9856K)->9630K(9856K) NonClass: 8548K(8640K)->8548K(8640K) Class: 1082K(1216K)->1082K(1216K)
[9.691s][info ][gc             ] GC(106) Pause Young (Allocation Failure) 140M->3M(495M) 0.152ms
[9.691s][info ][gc,cpu         ] GC(106) User=0.00s Sys=0.00s Real=0.00s
[9.701s][info ][gc,start       ] GC(107) Pause Young (Allocation Failure)
[9.701s][debug][gc,age         ] GC(107) Desired survivor size 8945664 bytes, new threshold 15 (max threshold 15)
[9.701s][trace][gc,age         ] GC(107) Age table with threshold 15 (max threshold 15)
[9.701s][trace][gc,age         ] GC(107) - age   1:        192 bytes,        192 total
[9.701s][info ][gc,heap        ] GC(107) DefNew: 139904K(157376K)->0K(157376K) Eden: 139904K(139904K)->0K(139904K) From: 0K(17472K)->0K(17472K)
[9.701s][info ][gc,heap        ] GC(107) Tenured: 3899K(349568K)->3899K(349568K)
[9.701s][info ][gc,metaspace   ] GC(107) Metaspace: 9630K(9856K)->9630K(9856K) NonClass: 8548K(8640K)->8548K(8640K) Class: 1082K(1216K)->1082K(1216K)
[9.701s][info ][gc             ] GC(107) Pause Young (Allocation Failure) 140M->3M(495M) 0.142ms
[9.701s][info ][gc,cpu         ] GC(107) User=0.00s Sys=0.00s Real=0.00s
[9.711s][info ][gc,start       ] GC(108) Pause Young (Allocation Failure)
[9.711s][debug][gc,age         ] GC(108) Desired survivor size 8945664 bytes, new threshold 15 (max threshold 15)
[9.711s][trace][gc,age         ] GC(108) Age table with threshold 15 (max threshold 15)
[9.711s][trace][gc,age         ] GC(108) - age   1:        192 bytes,        192 total
[9.711s][info ][gc,heap        ] GC(108) DefNew: 139904K(157376K)->0K(157376K) Eden: 139904K(139904K)->0K(139904K) From: 0K(17472K)->0K(17472K)
[9.711s][info ][gc,heap        ] GC(108) Tenured: 3899K(349568K)->3899K(349568K)
[9.711s][info ][gc,metaspace   ] GC(108) Metaspace: 9630K(9856K)->9630K(9856K) NonClass: 8548K(8640K)->8548K(8640K) Class: 1082K(1216K)->1082K(1216K)
[9.711s][info ][gc             ] GC(108) Pause Young (Allocation Failure) 140M->3M(495M) 0.149ms
[9.711s][info ][gc,cpu         ] GC(108) User=0.00s Sys=0.00s Real=0.00s
[9.721s][info ][gc,start       ] GC(109) Pause Young (Allocation Failure)
[9.721s][debug][gc,age         ] GC(109) Desired survivor size 8945664 bytes, new threshold 15 (max threshold 15)
[9.721s][trace][gc,age         ] GC(109) Age table with threshold 15 (max threshold 15)
[9.721s][trace][gc,age         ] GC(109) - age   1:        192 bytes,        192 total
[9.721s][info ][gc,heap        ] GC(109) DefNew: 139904K(157376K)->0K(157376K) Eden: 139904K(139904K)->0K(139904K) From: 0K(17472K)->0K(17472K)
[9.721s][info ][gc,heap        ] GC(109) Tenured: 3899K(349568K)->3899K(349568K)
[9.721s][info ][gc,metaspace   ] GC(109) Metaspace: 9630K(9856K)->9630K(9856K) NonClass: 8548K(8640K)->8548K(8640K) Class: 1082K(1216K)->1082K(1216K)
[9.721s][info ][gc             ] GC(109) Pause Young (Allocation Failure) 140M->3M(495M) 0.151ms
[9.721s][info ][gc,cpu         ] GC(109) User=0.00s Sys=0.00s Real=0.00s
[9.731s][info ][gc,start       ] GC(110) Pause Young (Allocation Failure)
[9.731s][debug][gc,age         ] GC(110) Desired survivor size 8945664 bytes, new threshold 15 (max threshold 15)
[9.731s][trace][gc,age         ] GC(110) Age table with threshold 15 (max threshold 15)
[9.731s][trace][gc,age         ] GC(110) - age   1:        192 bytes,        192 total
[9.731s][info ][gc,heap        ] GC(110) DefNew: 139904K(157376K)->0K(157376K) Eden: 139904K(139904K)->0K(139904K) From: 0K(17472K)->0K(17472K)
[9.731s][info ][gc,heap        ] GC(110) Tenured: 3899K(349568K)->3899K(349568K)
[9.731s][info ][gc,metaspace   ] GC(110) Metaspace: 9630K(9856K)->9630K(9856K) NonClass: 8548K(8640K)->8548K(8640K) Class: 1082K(1216K)->1082K(1216K)
[9.731s][info ][gc             ] GC(110) Pause Young (Allocation Failure) 140M->3M(495M) 0.146ms
[9.731s][info ][gc,cpu         ] GC(110) User=0.00s Sys=0.00s Real=0.00s
[9.741s][info ][gc,start       ] GC(111) Pause Young (Allocation Failure)
[9.741s][debug][gc,age         ] GC(111) Desired survivor size 8945664 bytes, new threshold 15 (max threshold 15)
[9.741s][trace][gc,age         ] GC(111) Age table with threshold 15 (max threshold 15)
[9.741s][trace][gc,age         ] GC(111) - age   1:        192 bytes,        192 total
[9.741s][info ][gc,heap        ] GC(111) DefNew: 139904K(157376K)->0K(157376K) Eden: 139904K(139904K)->0K(139904K) From: 0K(17472K)->0K(17472K)
[9.741s][info ][gc,heap        ] GC(111) Tenured: 3899K(349568K)->3899K(349568K)
[9.741s][info ][gc,metaspace   ] GC(111) Metaspace: 9630K(9856K)->9630K(9856K) NonClass: 8548K(8640K)->8548K(8640K) Class: 1082K(1216K)->1082K(1216K)
[9.741s][info ][gc             ] GC(111) Pause Young (Allocation Failure) 140M->3M(495M) 0.148ms
[9.741s][info ][gc,cpu         ] GC(111) User=0.00s Sys=0.00s Real=0.00s
[9.751s][info ][gc,start       ] GC(112) Pause Young (Allocation Failure)
[9.751s][debug][gc,age         ] GC(112) Desired survivor size 8945664 bytes, new threshold 15 (max threshold 15)
[9.751s][trace][gc,age         ] GC(112) Age table with threshold 15 (max threshold 15)
[9.751s][trace][gc,age         ] GC(112) - age   1:        192 bytes,        192 total
[9.752s][info ][gc,heap        ] GC(112) DefNew: 139904K(157376K)->0K(157376K) Eden: 139904K(139904K)->0K(139904K) From: 0K(17472K)->0K(17472K)
[9.752s][info ][gc,heap        ] GC(112) Tenured: 3899K(349568K)->3899K(349568K)
[9.752s][info ][gc,metaspace   ] GC(112) Metaspace: 9630K(9856K)->9630K(9856K) NonClass: 8548K(8640K)->8548K(8640K) Class: 1082K(1216K)->1082K(1216K)
[9.752s][info ][gc             ] GC(112) Pause Young (Allocation Failure) 140M->3M(495M) 0.145ms
[9.752s][info ][gc,cpu         ] GC(112) User=0.00s Sys=0.00s Real=0.00s
[9.762s][info ][gc,start       ] GC(113) Pause Young (Allocation Failure)
[9.762s][debug][gc,age         ] GC(113) Desired survivor size 8945664 bytes, new threshold 15 (max threshold 15)
[9.762s][trace][gc,age         ] GC(113) Age table with threshold 15 (max threshold 15)
[9.762s][trace][gc,age         ] GC(113) - age   1:        192 bytes,        192 total
[9.762s][info ][gc,heap        ] GC(113) DefNew: 139904K(157376K)->0K(157376K) Eden: 139904K(139904K)->0K(139904K) From: 0K(17472K)->0K(17472K)
[9.762s][info ][gc,heap        ] GC(113) Tenured: 3899K(349568K)->3899K(349568K)
[9.762s][info ][gc,metaspace   ] GC(113) Metaspace: 9630K(9856K)->9630K(9856K) NonClass: 8548K(8640K)->8548K(8640K) Class: 1082K(1216K)->1082K(1216K)
[9.762s][info ][gc             ] GC(113) Pause Young (Allocation Failure) 140M->3M(495M) 0.147ms
[9.762s][info ][gc,cpu         ] GC(113) User=0.00s Sys=0.00s Real=0.00s
[9.772s][info ][gc,start       ] GC(114) Pause Young (Allocation Failure)
[9.772s][debug][gc,age         ] GC(114) Desired survivor size 8945664 bytes, new threshold 15 (max threshold 15)
[9.772s][trace][gc,age         ] GC(114) Age table with threshold 15 (max threshold 15)
[9.772s][trace][gc,age         ] GC(114) - age   1:        192 bytes,        192 total
[9.772s][info ][gc,heap        ] GC(114) DefNew: 139904K(157376K)->0K(157376K) Eden: 139904K(139904K)->0K(139904K) From: 0K(17472K)->0K(17472K)
[9.772s][info ][gc,heap        ] GC(114) Tenured: 3899K(349568K)->3899K(349568K)
[9.772s][info ][gc,metaspace   ] GC(114) Metaspace: 9630K(9856K)->9630K(9856K) NonClass: 8548K(8640K)->8548K(8640K) Class: 1082K(1216K)->1082K(1216K)
[9.772s][info ][gc             ] GC(114) Pause Young (Allocation Failure) 140M->3M(495M) 0.151ms
[9.772s][info ][gc,cpu         ] GC(114) User=0.00s Sys=0.00s Real=0.00s
[9.782s][info ][gc,start       ] GC(115) Pause Young (Allocation Failure)
[9.782s][debug][gc,age         ] GC(115) Desired survivor size 8945664 bytes, new threshold 15 (max threshold 15)
[9.782s][trace][gc,age         ] GC(115) Age table with threshold 15 (max threshold 15)
[9.782s][trace][gc,age         ] GC(115) - age   1:        192 bytes,        192 total
[9.782s][info ][gc,heap        ] GC(115) DefNew: 139904K(157376K)->0K(157376K) Eden: 139904K(139904K)->0K(139904K) From: 0K(17472K)->0K(17472K)
[9.782s][info ][gc,heap        ] GC(115) Tenured: 3899K(349568K)->3899K(349568K)
[9.782s][info ][gc,metaspace   ] GC(115) Metaspace: 9630K(9856K)->9630K(9856K) NonClass: 8548K(8640K)->8548K(8640K) Class: 1082K(1216K)->1082K(1216K)
[9.782s][info ][gc             ] GC(115) Pause Young (Allocation Failure) 140M->3M(495M) 0.147ms
[9.782s][info ][gc,cpu         ] GC(115) User=0.00s Sys=0.00s Real=0.00s
[9.792s][info ][gc,start       ] GC(116) Pause Young (Allocation Failure)
[9.792s][debug][gc,age         ] GC(116) Desired survivor size 8945664 bytes, new threshold 15 (max threshold 15)
[9.792s][trace][gc,age         ] GC(116) Age table with threshold 15 (max threshold 15)
[9.792s][trace][gc,age         ] GC(116) - age   1:        192 bytes,        192 total
[9.792s][info ][gc,heap        ] GC(116) DefNew: 139904K(157376K)->0K(157376K) Eden: 139904K(139904K)->0K(139904K) From: 0K(17472K)->0K(17472K)
[9.792s][info ][gc,heap        ] GC(116) Tenured: 3899K(349568K)->3899K(349568K)
[9.792s][info ][gc,metaspace   ] GC(116) Metaspace: 9630K(9856K)->9630K(9856K) NonClass: 8548K(8640K)->8548K(8640K) Class: 1082K(1216K)->1082K(1216K)
[9.792s][info ][gc             ] GC(116) Pause Young (Allocation Failure) 140M->3M(495M) 0.150ms
[9.792s][info ][gc,cpu         ] GC(116) User=0.00s Sys=0.01s Real=0.00s
[9.802s][info ][gc,start       ] GC(117) Pause Young (Allocation Failure)
[9.802s][debug][gc,age         ] GC(117) Desired survivor size 8945664 bytes, new threshold 15 (max threshold 15)
[9.802s][trace][gc,age         ] GC(117) Age table with threshold 15 (max threshold 15)
[9.802s][trace][gc,age         ] GC(117) - age   1:      25704 bytes,      25704 total
[9.802s][info ][gc,heap        ] GC(117) DefNew: 139904K(157376K)->25K(157376K) Eden: 139904K(139904K)->0K(139904K) From: 0K(17472K)->25K(17472K)
[9.802s][info ][gc,heap        ] GC(117) Tenured: 3899K(349568K)->3899K(349568K)
[9.802s][info ][gc,metaspace   ] GC(117) Metaspace: 9772K(9984K)->9772K(9984K) NonClass: 8662K(8768K)->8662K(8768K) Class: 1110K(1216K)->1110K(1216K)
[9.803s][info ][gc             ] GC(117) Pause Young (Allocation Failure) 140M->3M(495M) 0.407ms
[9.803s][info ][gc,cpu         ] GC(117) User=0.00s Sys=0.00s Real=0.00s
[9.813s][info ][gc,start       ] GC(118) Pause Young (Allocation Failure)
[9.813s][debug][gc,age         ] GC(118) Desired survivor size 8945664 bytes, new threshold 15 (max threshold 15)
[9.813s][trace][gc,age         ] GC(118) Age table with threshold 15 (max threshold 15)
[9.813s][trace][gc,age         ] GC(118) - age   1:       1352 bytes,       1352 total
[9.813s][trace][gc,age         ] GC(118) - age   2:      25272 bytes,      26624 total
[9.813s][info ][gc,heap        ] GC(118) DefNew: 139929K(157376K)->26K(157376K) Eden: 139904K(139904K)->0K(139904K) From: 25K(17472K)->26K(17472K)
[9.813s][info ][gc,heap        ] GC(118) Tenured: 3899K(349568K)->3899K(349568K)
[9.813s][info ][gc,metaspace   ] GC(118) Metaspace: 9774K(9984K)->9774K(9984K) NonClass: 8663K(8768K)->8663K(8768K) Class: 1111K(1216K)->1111K(1216K)
[9.813s][info ][gc             ] GC(118) Pause Young (Allocation Failure) 140M->3M(495M) 0.319ms
[9.813s][info ][gc,cpu         ] GC(118) User=0.00s Sys=0.00s Real=0.00s
[9.823s][info ][gc,start       ] GC(119) Pause Young (Allocation Failure)
[9.823s][debug][gc,age         ] GC(119) Desired survivor size 8945664 bytes, new threshold 15 (max threshold 15)
[9.823s][trace][gc,age         ] GC(119) Age table with threshold 15 (max threshold 15)
[9.823s][trace][gc,age         ] GC(119) - age   1:     430264 bytes,     430264 total
[9.823s][trace][gc,age         ] GC(119) - age   2:        720 bytes,     430984 total
[9.823s][trace][gc,age         ] GC(119) - age   3:      24760 bytes,     455744 total
[9.823s][info ][gc,heap        ] GC(119) DefNew: 139564K(157376K)->445K(157376K) Eden: 139538K(139904K)->0K(139904K) From: 26K(17472K)->445K(17472K)
[9.823s][info ][gc,heap        ] GC(119) Tenured: 3899K(349568K)->3899K(349568K)
[9.823s][info ][gc,metaspace   ] GC(119) Metaspace: 9864K(10112K)->9864K(10112K) NonClass: 8737K(8832K)->8737K(8832K) Class: 1127K(1280K)->1127K(1280K)
[9.823s][info ][gc             ] GC(119) Pause Young (Allocation Failure) 140M->4M(495M) 0.400ms
[9.823s][info ][gc,cpu         ] GC(119) User=0.00s Sys=0.00s Real=0.00s
[9.833s][info ][gc,start       ] GC(120) Pause Young (Allocation Failure)
[9.833s][debug][gc,age         ] GC(120) Desired survivor size 8945664 bytes, new threshold 15 (max threshold 15)
[9.833s][trace][gc,age         ] GC(120) Age table with threshold 15 (max threshold 15)
[9.833s][trace][gc,age         ] GC(120) - age   1:       8640 bytes,       8640 total
[9.833s][trace][gc,age         ] GC(120) - age   2:      28040 bytes,      36680 total
[9.833s][trace][gc,age         ] GC(120) - age   3:        344 bytes,      37024 total
[9.833s][trace][gc,age         ] GC(120) - age   4:      24264 bytes,      61288 total
[9.833s][info ][gc,heap        ] GC(120) DefNew: 140349K(157376K)->59K(157376K) Eden: 139904K(139904K)->0K(139904K) From: 445K(17472K)->59K(17472K)
[9.833s][info ][gc,heap        ] GC(120) Tenured: 3899K(349568K)->3899K(349568K)
[9.833s][info ][gc,metaspace   ] GC(120) Metaspace: 9872K(10112K)->9872K(10112K) NonClass: 8743K(8832K)->8743K(8832K) Class: 1128K(1280K)->1128K(1280K)
[9.833s][info ][gc             ] GC(120) Pause Young (Allocation Failure) 140M->3M(495M) 0.353ms
[9.833s][info ][gc,cpu         ] GC(120) User=0.00s Sys=0.00s Real=0.00s
[9.843s][info ][gc,start       ] GC(121) Pause Young (Allocation Failure)
[9.844s][debug][gc,age         ] GC(121) Desired survivor size 8945664 bytes, new threshold 15 (max threshold 15)
[9.844s][trace][gc,age         ] GC(121) Age table with threshold 15 (max threshold 15)
[9.844s][trace][gc,age         ] GC(121) - age   1:        224 bytes,        224 total
[9.844s][trace][gc,age         ] GC(121) - age   2:       8368 bytes,       8592 total
[9.844s][trace][gc,age         ] GC(121) - age   3:      28040 bytes,      36632 total
[9.844s][trace][gc,age         ] GC(121) - age   4:        312 bytes,      36944 total
[9.844s][trace][gc,age         ] GC(121) - age   5:      24264 bytes,      61208 total
[9.844s][info ][gc,heap        ] GC(121) DefNew: 139963K(157376K)->59K(157376K) Eden: 139904K(139904K)->0K(139904K) From: 59K(17472K)->59K(17472K)
[9.844s][info ][gc,heap        ] GC(121) Tenured: 3899K(349568K)->3899K(349568K)
[9.844s][info ][gc,metaspace   ] GC(121) Metaspace: 9872K(10112K)->9872K(10112K) NonClass: 8744K(8832K)->8744K(8832K) Class: 1128K(1280K)->1128K(1280K)
[9.844s][info ][gc             ] GC(121) Pause Young (Allocation Failure) 140M->3M(495M) 0.376ms
[9.844s][info ][gc,cpu         ] GC(121) User=0.00s Sys=0.00s Real=0.00s
[9.854s][info ][gc,start       ] GC(122) Pause Young (Allocation Failure)
[9.854s][debug][gc,age         ] GC(122) Desired survivor size 8945664 bytes, new threshold 15 (max threshold 15)
[9.854s][trace][gc,age         ] GC(122) Age table with threshold 15 (max threshold 15)
[9.854s][trace][gc,age         ] GC(122) - age   1:     400208 bytes,     400208 total
[9.854s][trace][gc,age         ] GC(122) - age   2:         32 bytes,     400240 total
[9.854s][trace][gc,age         ] GC(122) - age   3:       8368 bytes,     408608 total
[9.854s][trace][gc,age         ] GC(122) - age   4:      28040 bytes,     436648 total
[9.854s][trace][gc,age         ] GC(122) - age   5:        312 bytes,     436960 total
[9.854s][trace][gc,age         ] GC(122) - age   6:      24264 bytes,     461224 total
[9.854s][info ][gc,heap        ] GC(122) DefNew: 139817K(157376K)->450K(157376K) Eden: 139758K(139904K)->0K(139904K) From: 59K(17472K)->450K(17472K)
[9.854s][info ][gc,heap        ] GC(122) Tenured: 3899K(349568K)->3899K(349568K)
[9.854s][info ][gc,metaspace   ] GC(122) Metaspace: 9872K(10112K)->9872K(10112K) NonClass: 8744K(8832K)->8744K(8832K) Class: 1128K(1280K)->1128K(1280K)
[9.855s][info ][gc             ] GC(122) Pause Young (Allocation Failure) 140M->4M(495M) 0.357ms
[9.855s][info ][gc,cpu         ] GC(122) User=0.00s Sys=0.00s Real=0.00s
[9.865s][info ][gc,start       ] GC(123) Pause Young (Allocation Failure)
[9.865s][debug][gc,age         ] GC(123) Desired survivor size 8945664 bytes, new threshold 15 (max threshold 15)
[9.865s][trace][gc,age         ] GC(123) Age table with threshold 15 (max threshold 15)
[9.865s][trace][gc,age         ] GC(123) - age   1:     400208 bytes,     400208 total
[9.865s][trace][gc,age         ] GC(123) - age   3:         32 bytes,     400240 total
[9.865s][trace][gc,age         ] GC(123) - age   4:       8368 bytes,     408608 total
[9.865s][trace][gc,age         ] GC(123) - age   5:      28040 bytes,     436648 total
[9.865s][trace][gc,age         ] GC(123) - age   6:        312 bytes,     436960 total
[9.865s][trace][gc,age         ] GC(123) - age   7:      24264 bytes,     461224 total
[9.865s][info ][gc,heap        ] GC(123) DefNew: 140045K(157376K)->450K(157376K) Eden: 139594K(139904K)->0K(139904K) From: 450K(17472K)->450K(17472K)
[9.865s][info ][gc,heap        ] GC(123) Tenured: 3899K(349568K)->3899K(349568K)
[9.865s][info ][gc,metaspace   ] GC(123) Metaspace: 9872K(10112K)->9872K(10112K) NonClass: 8744K(8832K)->8744K(8832K) Class: 1128K(1280K)->1128K(1280K)
[9.865s][info ][gc             ] GC(123) Pause Young (Allocation Failure) 140M->4M(495M) 0.375ms
[9.865s][info ][gc,cpu         ] GC(123) User=0.00s Sys=0.00s Real=0.00s
[9.876s][info ][gc,start       ] GC(124) Pause Young (Allocation Failure)
[9.876s][debug][gc,age         ] GC(124) Desired survivor size 8945664 bytes, new threshold 15 (max threshold 15)
[9.876s][trace][gc,age         ] GC(124) Age table with threshold 15 (max threshold 15)
[9.876s][trace][gc,age         ] GC(124) - age   1:        192 bytes,        192 total
[9.876s][trace][gc,age         ] GC(124) - age   4:         32 bytes,        224 total
[9.876s][trace][gc,age         ] GC(124) - age   5:       8368 bytes,       8592 total
[9.876s][trace][gc,age         ] GC(124) - age   6:      28040 bytes,      36632 total
[9.876s][trace][gc,age         ] GC(124) - age   7:        312 bytes,      36944 total
[9.876s][trace][gc,age         ] GC(124) - age   8:      24264 bytes,      61208 total
[9.876s][info ][gc,heap        ] GC(124) DefNew: 140072K(157376K)->59K(157376K) Eden: 139621K(139904K)->0K(139904K) From: 450K(17472K)->59K(17472K)
[9.876s][info ][gc,heap        ] GC(124) Tenured: 3899K(349568K)->3899K(349568K)
[9.876s][info ][gc,metaspace   ] GC(124) Metaspace: 9872K(10112K)->9872K(10112K) NonClass: 8744K(8832K)->8744K(8832K) Class: 1128K(1280K)->1128K(1280K)
[9.876s][info ][gc             ] GC(124) Pause Young (Allocation Failure) 140M->3M(495M) 0.335ms
[9.876s][info ][gc,cpu         ] GC(124) User=0.00s Sys=0.00s Real=0.00s
[9.886s][info ][gc,start       ] GC(125) Pause Young (Allocation Failure)
[9.886s][debug][gc,age         ] GC(125) Desired survivor size 8945664 bytes, new threshold 15 (max threshold 15)
[9.886s][trace][gc,age         ] GC(125) Age table with threshold 15 (max threshold 15)
[9.886s][trace][gc,age         ] GC(125) - age   1:     400208 bytes,     400208 total
[9.886s][trace][gc,age         ] GC(125) - age   5:         32 bytes,     400240 total
[9.886s][trace][gc,age         ] GC(125) - age   6:       8368 bytes,     408608 total
[9.886s][trace][gc,age         ] GC(125) - age   7:      28040 bytes,     436648 total
[9.886s][trace][gc,age         ] GC(125) - age   8:        312 bytes,     436960 total
[9.886s][trace][gc,age         ] GC(125) - age   9:      24264 bytes,     461224 total
[9.886s][info ][gc,heap        ] GC(125) DefNew: 139852K(157376K)->450K(157376K) Eden: 139792K(139904K)->0K(139904K) From: 59K(17472K)->450K(17472K)
[9.886s][info ][gc,heap        ] GC(125) Tenured: 3899K(349568K)->3899K(349568K)
[9.886s][info ][gc,metaspace   ] GC(125) Metaspace: 9872K(10112K)->9872K(10112K) NonClass: 8744K(8832K)->8744K(8832K) Class: 1128K(1280K)->1128K(1280K)
[9.887s][info ][gc             ] GC(125) Pause Young (Allocation Failure) 140M->4M(495M) 0.309ms
[9.887s][info ][gc,cpu         ] GC(125) User=0.00s Sys=0.00s Real=0.00s
[9.897s][info ][gc,start       ] GC(126) Pause Young (Allocation Failure)
[9.897s][debug][gc,age         ] GC(126) Desired survivor size 8945664 bytes, new threshold 15 (max threshold 15)
[9.897s][trace][gc,age         ] GC(126) Age table with threshold 15 (max threshold 15)
[9.897s][trace][gc,age         ] GC(126) - age   1:     400208 bytes,     400208 total
[9.897s][trace][gc,age         ] GC(126) - age   6:         32 bytes,     400240 total
[9.897s][trace][gc,age         ] GC(126) - age   7:       8368 bytes,     408608 total
[9.897s][trace][gc,age         ] GC(126) - age   8:      28040 bytes,     436648 total
[9.897s][trace][gc,age         ] GC(126) - age   9:        312 bytes,     436960 total
[9.897s][trace][gc,age         ] GC(126) - age  10:      24264 bytes,     461224 total
[9.897s][info ][gc,heap        ] GC(126) DefNew: 139997K(157376K)->450K(157376K) Eden: 139547K(139904K)->0K(139904K) From: 450K(17472K)->450K(17472K)
[9.897s][info ][gc,heap        ] GC(126) Tenured: 3899K(349568K)->3899K(349568K)
[9.897s][info ][gc,metaspace   ] GC(126) Metaspace: 9872K(10112K)->9872K(10112K) NonClass: 8744K(8832K)->8744K(8832K) Class: 1128K(1280K)->1128K(1280K)
[9.897s][info ][gc             ] GC(126) Pause Young (Allocation Failure) 140M->4M(495M) 0.333ms
[9.897s][info ][gc,cpu         ] GC(126) User=0.00s Sys=0.00s Real=0.00s
[9.908s][info ][gc,start       ] GC(127) Pause Young (Allocation Failure)
[9.908s][debug][gc,age         ] GC(127) Desired survivor size 8945664 bytes, new threshold 15 (max threshold 15)
[9.908s][trace][gc,age         ] GC(127) Age table with threshold 15 (max threshold 15)
[9.908s][trace][gc,age         ] GC(127) - age   1:     400208 bytes,     400208 total
[9.908s][trace][gc,age         ] GC(127) - age   7:         32 bytes,     400240 total
[9.908s][trace][gc,age         ] GC(127) - age   8:       8368 bytes,     408608 total
[9.908s][trace][gc,age         ] GC(127) - age   9:      28040 bytes,     436648 total
[9.908s][trace][gc,age         ] GC(127) - age  10:        312 bytes,     436960 total
[9.908s][trace][gc,age         ] GC(127) - age  11:      24264 bytes,     461224 total
[9.908s][info ][gc,heap        ] GC(127) DefNew: 139994K(157376K)->450K(157376K) Eden: 139543K(139904K)->0K(139904K) From: 450K(17472K)->450K(17472K)
[9.908s][info ][gc,heap        ] GC(127) Tenured: 3899K(349568K)->3899K(349568K)
[9.908s][info ][gc,metaspace   ] GC(127) Metaspace: 9872K(10112K)->9872K(10112K) NonClass: 8744K(8832K)->8744K(8832K) Class: 1128K(1280K)->1128K(1280K)
[9.908s][info ][gc             ] GC(127) Pause Young (Allocation Failure) 140M->4M(495M) 0.344ms
[9.908s][info ][gc,cpu         ] GC(127) User=0.00s Sys=0.00s Real=0.00s
[9.919s][info ][gc,start       ] GC(128) Pause Young (Allocation Failure)
[9.919s][debug][gc,age         ] GC(128) Desired survivor size 8945664 bytes, new threshold 15 (max threshold 15)
[9.919s][trace][gc,age         ] GC(128) Age table with threshold 15 (max threshold 15)
[9.919s][trace][gc,age         ] GC(128) - age   1:        192 bytes,        192 total
[9.919s][trace][gc,age         ] GC(128) - age   8:         32 bytes,        224 total
[9.919s][trace][gc,age         ] GC(128) - age   9:       8368 bytes,       8592 total
[9.919s][trace][gc,age         ] GC(128) - age  10:      28040 bytes,      36632 total
[9.919s][trace][gc,age         ] GC(128) - age  11:        312 bytes,      36944 total
[9.919s][trace][gc,age         ] GC(128) - age  12:      24264 bytes,      61208 total
[9.919s][info ][gc,heap        ] GC(128) DefNew: 140147K(157376K)->59K(157376K) Eden: 139697K(139904K)->0K(139904K) From: 450K(17472K)->59K(17472K)
[9.919s][info ][gc,heap        ] GC(128) Tenured: 3899K(349568K)->3899K(349568K)
[9.919s][info ][gc,metaspace   ] GC(128) Metaspace: 9872K(10112K)->9872K(10112K) NonClass: 8744K(8832K)->8744K(8832K) Class: 1128K(1280K)->1128K(1280K)
[9.919s][info ][gc             ] GC(128) Pause Young (Allocation Failure) 140M->3M(495M) 0.297ms
[9.919s][info ][gc,cpu         ] GC(128) User=0.00s Sys=0.00s Real=0.00s
[9.930s][info ][gc,start       ] GC(129) Pause Young (Allocation Failure)
[9.930s][debug][gc,age         ] GC(129) Desired survivor size 8945664 bytes, new threshold 15 (max threshold 15)
[9.930s][trace][gc,age         ] GC(129) Age table with threshold 15 (max threshold 15)
[9.930s][trace][gc,age         ] GC(129) - age   1:     400208 bytes,     400208 total
[9.930s][trace][gc,age         ] GC(129) - age   9:         32 bytes,     400240 total
[9.930s][trace][gc,age         ] GC(129) - age  10:       8368 bytes,     408608 total
[9.930s][trace][gc,age         ] GC(129) - age  11:      28040 bytes,     436648 total
[9.930s][trace][gc,age         ] GC(129) - age  12:        312 bytes,     436960 total
[9.930s][trace][gc,age         ] GC(129) - age  13:      24264 bytes,     461224 total
[9.930s][info ][gc,heap        ] GC(129) DefNew: 139714K(157376K)->450K(157376K) Eden: 139654K(139904K)->0K(139904K) From: 59K(17472K)->450K(17472K)
[9.930s][info ][gc,heap        ] GC(129) Tenured: 3899K(349568K)->3899K(349568K)
[9.930s][info ][gc,metaspace   ] GC(129) Metaspace: 9872K(10112K)->9872K(10112K) NonClass: 8744K(8832K)->8744K(8832K) Class: 1128K(1280K)->1128K(1280K)
[9.930s][info ][gc             ] GC(129) Pause Young (Allocation Failure) 140M->4M(495M) 0.349ms
[9.930s][info ][gc,cpu         ] GC(129) User=0.00s Sys=0.00s Real=0.00s
[9.940s][info ][gc,start       ] GC(130) Pause Young (Allocation Failure)
[9.940s][debug][gc,age         ] GC(130) Desired survivor size 8945664 bytes, new threshold 15 (max threshold 15)
[9.940s][trace][gc,age         ] GC(130) Age table with threshold 15 (max threshold 15)
[9.940s][trace][gc,age         ] GC(130) - age   1:        192 bytes,        192 total
[9.940s][trace][gc,age         ] GC(130) - age  10:         32 bytes,        224 total
[9.940s][trace][gc,age         ] GC(130) - age  11:       8368 bytes,       8592 total
[9.940s][trace][gc,age         ] GC(130) - age  12:      28040 bytes,      36632 total
[9.940s][trace][gc,age         ] GC(130) - age  13:        312 bytes,      36944 total
[9.940s][trace][gc,age         ] GC(130) - age  14:      24264 bytes,      61208 total
[9.940s][info ][gc,heap        ] GC(130) DefNew: 140174K(157376K)->59K(157376K) Eden: 139724K(139904K)->0K(139904K) From: 450K(17472K)->59K(17472K)
[9.940s][info ][gc,heap        ] GC(130) Tenured: 3899K(349568K)->3899K(349568K)
[9.940s][info ][gc,metaspace   ] GC(130) Metaspace: 9872K(10112K)->9872K(10112K) NonClass: 8744K(8832K)->8744K(8832K) Class: 1128K(1280K)->1128K(1280K)
[9.940s][info ][gc             ] GC(130) Pause Young (Allocation Failure) 140M->3M(495M) 0.298ms
[9.940s][info ][gc,cpu         ] GC(130) User=0.00s Sys=0.00s Real=0.01s
[9.951s][info ][gc,start       ] GC(131) Pause Young (Allocation Failure)
[9.951s][debug][gc,age         ] GC(131) Desired survivor size 8945664 bytes, new threshold 15 (max threshold 15)
[9.951s][trace][gc,age         ] GC(131) Age table with threshold 15 (max threshold 15)
[9.951s][trace][gc,age         ] GC(131) - age   1:     400208 bytes,     400208 total
[9.951s][trace][gc,age         ] GC(131) - age  11:         32 bytes,     400240 total
[9.951s][trace][gc,age         ] GC(131) - age  12:       8368 bytes,     408608 total
[9.951s][trace][gc,age         ] GC(131) - age  13:      28040 bytes,     436648 total
[9.951s][trace][gc,age         ] GC(131) - age  14:        312 bytes,     436960 total
[9.951s][trace][gc,age         ] GC(131) - age  15:      24264 bytes,     461224 total
[9.951s][info ][gc,heap        ] GC(131) DefNew: 139856K(157376K)->450K(157376K) Eden: 139796K(139904K)->0K(139904K) From: 59K(17472K)->450K(17472K)
[9.951s][info ][gc,heap        ] GC(131) Tenured: 3899K(349568K)->3899K(349568K)
[9.951s][info ][gc,metaspace   ] GC(131) Metaspace: 9872K(10112K)->9872K(10112K) NonClass: 8744K(8832K)->8744K(8832K) Class: 1128K(1280K)->1128K(1280K)
[9.951s][info ][gc             ] GC(131) Pause Young (Allocation Failure) 140M->4M(495M) 0.328ms
[9.951s][info ][gc,cpu         ] GC(131) User=0.00s Sys=0.00s Real=0.00s
[9.961s][info ][gc,start       ] GC(132) Pause Young (Allocation Failure)
[9.961s][debug][gc,age         ] GC(132) Desired survivor size 8945664 bytes, new threshold 15 (max threshold 15)
[9.961s][trace][gc,age         ] GC(132) Age table with threshold 15 (max threshold 15)
[9.961s][trace][gc,age         ] GC(132) - age   1:     400208 bytes,     400208 total
[9.961s][trace][gc,age         ] GC(132) - age  12:         32 bytes,     400240 total
[9.961s][trace][gc,age         ] GC(132) - age  13:       8368 bytes,     408608 total
[9.961s][trace][gc,age         ] GC(132) - age  14:      28040 bytes,     436648 total
[9.961s][trace][gc,age         ] GC(132) - age  15:        312 bytes,     436960 total
[9.961s][info ][gc,heap        ] GC(132) DefNew: 140354K(157376K)->426K(157376K) Eden: 139904K(139904K)->0K(139904K) From: 450K(17472K)->426K(17472K)
[9.961s][info ][gc,heap        ] GC(132) Tenured: 3899K(349568K)->3922K(349568K)
[9.961s][info ][gc,metaspace   ] GC(132) Metaspace: 9872K(10112K)->9872K(10112K) NonClass: 8744K(8832K)->8744K(8832K) Class: 1128K(1280K)->1128K(1280K)
[9.961s][info ][gc             ] GC(132) Pause Young (Allocation Failure) 140M->4M(495M) 0.322ms
[9.961s][info ][gc,cpu         ] GC(132) User=0.00s Sys=0.00s Real=0.00s
[9.972s][info ][gc,start       ] GC(133) Pause Young (Allocation Failure)
[9.972s][debug][gc,age         ] GC(133) Desired survivor size 8945664 bytes, new threshold 15 (max threshold 15)
[9.972s][trace][gc,age         ] GC(133) Age table with threshold 15 (max threshold 15)
[9.972s][trace][gc,age         ] GC(133) - age   1:        192 bytes,        192 total
[9.972s][trace][gc,age         ] GC(133) - age  13:         32 bytes,        224 total
[9.972s][trace][gc,age         ] GC(133) - age  14:       8368 bytes,       8592 total
[9.972s][trace][gc,age         ] GC(133) - age  15:      28040 bytes,      36632 total
[9.972s][info ][gc,heap        ] GC(133) DefNew: 140183K(157376K)->35K(157376K) Eden: 139756K(139904K)->0K(139904K) From: 426K(17472K)->35K(17472K)
[9.972s][info ][gc,heap        ] GC(133) Tenured: 3922K(349568K)->3923K(349568K)
[9.972s][info ][gc,metaspace   ] GC(133) Metaspace: 9872K(10112K)->9872K(10112K) NonClass: 8744K(8832K)->8744K(8832K) Class: 1128K(1280K)->1128K(1280K)
[9.972s][info ][gc             ] GC(133) Pause Young (Allocation Failure) 140M->3M(495M) 0.264ms
[9.972s][info ][gc,cpu         ] GC(133) User=0.00s Sys=0.00s Real=0.00s
[9.982s][info ][gc,start       ] GC(134) Pause Young (Allocation Failure)
[9.983s][debug][gc,age         ] GC(134) Desired survivor size 8945664 bytes, new threshold 15 (max threshold 15)
[9.983s][trace][gc,age         ] GC(134) Age table with threshold 15 (max threshold 15)
[9.983s][trace][gc,age         ] GC(134) - age   1:     400208 bytes,     400208 total
[9.983s][trace][gc,age         ] GC(134) - age  14:         32 bytes,     400240 total
[9.983s][trace][gc,age         ] GC(134) - age  15:       8368 bytes,     408608 total
[9.983s][info ][gc,heap        ] GC(134) DefNew: 139761K(157376K)->399K(157376K) Eden: 139725K(139904K)->0K(139904K) From: 35K(17472K)->399K(17472K)
[9.983s][info ][gc,heap        ] GC(134) Tenured: 3923K(349568K)->3950K(349568K)
[9.983s][info ][gc,metaspace   ] GC(134) Metaspace: 9872K(10112K)->9872K(10112K) NonClass: 8744K(8832K)->8744K(8832K) Class: 1128K(1280K)->1128K(1280K)
[9.983s][info ][gc             ] GC(134) Pause Young (Allocation Failure) 140M->4M(495M) 0.302ms
[9.983s][info ][gc,cpu         ] GC(134) User=0.00s Sys=0.00s Real=0.00s
[9.993s][info ][gc,start       ] GC(135) Pause Young (Allocation Failure)
[9.993s][debug][gc,age         ] GC(135) Desired survivor size 8945664 bytes, new threshold 15 (max threshold 15)
[9.993s][trace][gc,age         ] GC(135) Age table with threshold 15 (max threshold 15)
[9.993s][trace][gc,age         ] GC(135) - age   1:        192 bytes,        192 total
[9.993s][trace][gc,age         ] GC(135) - age  15:         32 bytes,        224 total
[9.993s][info ][gc,heap        ] GC(135) DefNew: 140067K(157376K)->0K(157376K) Eden: 139668K(139904K)->0K(139904K) From: 399K(17472K)->0K(17472K)
[9.993s][info ][gc,heap        ] GC(135) Tenured: 3950K(349568K)->3958K(349568K)
[9.993s][info ][gc,metaspace   ] GC(135) Metaspace: 9872K(10112K)->9872K(10112K) NonClass: 8744K(8832K)->8744K(8832K) Class: 1128K(1280K)->1128K(1280K)
[9.993s][info ][gc             ] GC(135) Pause Young (Allocation Failure) 140M->3M(495M) 0.232ms
[9.993s][info ][gc,cpu         ] GC(135) User=0.00s Sys=0.00s Real=0.00s
[10.004s][info ][gc,start       ] GC(136) Pause Young (Allocation Failure)
[10.004s][debug][gc,age         ] GC(136) Desired survivor size 8945664 bytes, new threshold 15 (max threshold 15)
[10.004s][trace][gc,age         ] GC(136) Age table with threshold 15 (max threshold 15)
[10.004s][trace][gc,age         ] GC(136) - age   1:     400208 bytes,     400208 total
[10.004s][info ][gc,heap        ] GC(136) DefNew: 139753K(157376K)->390K(157376K) Eden: 139753K(139904K)->0K(139904K) From: 0K(17472K)->390K(17472K)
[10.004s][info ][gc,heap        ] GC(136) Tenured: 3958K(349568K)->3958K(349568K)
[10.004s][info ][gc,metaspace   ] GC(136) Metaspace: 9872K(10112K)->9872K(10112K) NonClass: 8744K(8832K)->8744K(8832K) Class: 1128K(1280K)->1128K(1280K)
[10.004s][info ][gc             ] GC(136) Pause Young (Allocation Failure) 140M->4M(495M) 0.192ms
[10.004s][info ][gc,cpu         ] GC(136) User=0.00s Sys=0.00s Real=0.00s
[10.014s][info ][gc,start       ] GC(137) Pause Young (Allocation Failure)
[10.014s][debug][gc,age         ] GC(137) Desired survivor size 8945664 bytes, new threshold 15 (max threshold 15)
[10.014s][trace][gc,age         ] GC(137) Age table with threshold 15 (max threshold 15)
[10.014s][trace][gc,age         ] GC(137) - age   1:        192 bytes,        192 total
[10.014s][info ][gc,heap        ] GC(137) DefNew: 140198K(157376K)->0K(157376K) Eden: 139807K(139904K)->0K(139904K) From: 390K(17472K)->0K(17472K)
[10.014s][info ][gc,heap        ] GC(137) Tenured: 3958K(349568K)->3958K(349568K)
[10.014s][info ][gc,metaspace   ] GC(137) Metaspace: 9872K(10112K)->9872K(10112K) NonClass: 8744K(8832K)->8744K(8832K) Class: 1128K(1280K)->1128K(1280K)
[10.014s][info ][gc             ] GC(137) Pause Young (Allocation Failure) 140M->3M(495M) 0.193ms
[10.014s][info ][gc,cpu         ] GC(137) User=0.00s Sys=0.00s Real=0.00s
[10.025s][info ][gc,start       ] GC(138) Pause Young (Allocation Failure)
[10.025s][debug][gc,age         ] GC(138) Desired survivor size 8945664 bytes, new threshold 15 (max threshold 15)
[10.025s][trace][gc,age         ] GC(138) Age table with threshold 15 (max threshold 15)
[10.025s][trace][gc,age         ] GC(138) - age   1:     400208 bytes,     400208 total
[10.025s][info ][gc,heap        ] GC(138) DefNew: 139842K(157376K)->390K(157376K) Eden: 139842K(139904K)->0K(139904K) From: 0K(17472K)->390K(17472K)
[10.025s][info ][gc,heap        ] GC(138) Tenured: 3958K(349568K)->3958K(349568K)
[10.025s][info ][gc,metaspace   ] GC(138) Metaspace: 9872K(10112K)->9872K(10112K) NonClass: 8744K(8832K)->8744K(8832K) Class: 1128K(1280K)->1128K(1280K)
[10.025s][info ][gc             ] GC(138) Pause Young (Allocation Failure) 140M->4M(495M) 0.173ms
[10.025s][info ][gc,cpu         ] GC(138) User=0.00s Sys=0.00s Real=0.00s
[10.035s][info ][gc,start       ] GC(139) Pause Young (Allocation Failure)
[10.035s][debug][gc,age         ] GC(139) Desired survivor size 8945664 bytes, new threshold 15 (max threshold 15)
[10.035s][trace][gc,age         ] GC(139) Age table with threshold 15 (max threshold 15)
[10.035s][trace][gc,age         ] GC(139) - age   1:     400208 bytes,     400208 total
[10.035s][info ][gc,heap        ] GC(139) DefNew: 140294K(157376K)->390K(157376K) Eden: 139904K(139904K)->0K(139904K) From: 390K(17472K)->390K(17472K)
[10.035s][info ][gc,heap        ] GC(139) Tenured: 3958K(349568K)->3958K(349568K)
[10.035s][info ][gc,metaspace   ] GC(139) Metaspace: 9872K(10112K)->9872K(10112K) NonClass: 8744K(8832K)->8744K(8832K) Class: 1128K(1280K)->1128K(1280K)
[10.035s][info ][gc             ] GC(139) Pause Young (Allocation Failure) 140M->4M(495M) 0.170ms
[10.035s][info ][gc,cpu         ] GC(139) User=0.00s Sys=0.00s Real=0.00s
[10.045s][info ][gc,start       ] GC(140) Pause Young (Allocation Failure)
[10.045s][debug][gc,age         ] GC(140) Desired survivor size 8945664 bytes, new threshold 15 (max threshold 15)
[10.045s][trace][gc,age         ] GC(140) Age table with threshold 15 (max threshold 15)
[10.045s][trace][gc,age         ] GC(140) - age   1:     400208 bytes,     400208 total
[10.045s][info ][gc,heap        ] GC(140) DefNew: 140294K(157376K)->390K(157376K) Eden: 139904K(139904K)->0K(139904K) From: 390K(17472K)->390K(17472K)
[10.045s][info ][gc,heap        ] GC(140) Tenured: 3958K(349568K)->3958K(349568K)
[10.045s][info ][gc,metaspace   ] GC(140) Metaspace: 9872K(10112K)->9872K(10112K) NonClass: 8744K(8832K)->8744K(8832K) Class: 1128K(1280K)->1128K(1280K)
[10.045s][info ][gc             ] GC(140) Pause Young (Allocation Failure) 140M->4M(495M) 0.168ms
[10.045s][info ][gc,cpu         ] GC(140) User=0.00s Sys=0.00s Real=0.00s
[10.055s][info ][gc,start       ] GC(141) Pause Young (Allocation Failure)
[10.055s][debug][gc,age         ] GC(141) Desired survivor size 8945664 bytes, new threshold 15 (max threshold 15)
[10.055s][trace][gc,age         ] GC(141) Age table with threshold 15 (max threshold 15)
[10.055s][trace][gc,age         ] GC(141) - age   1:        192 bytes,        192 total
[10.055s][info ][gc,heap        ] GC(141) DefNew: 140294K(157376K)->0K(157376K) Eden: 139904K(139904K)->0K(139904K) From: 390K(17472K)->0K(17472K)
[10.055s][info ][gc,heap        ] GC(141) Tenured: 3958K(349568K)->3958K(349568K)
[10.055s][info ][gc,metaspace   ] GC(141) Metaspace: 9872K(10112K)->9872K(10112K) NonClass: 8744K(8832K)->8744K(8832K) Class: 1128K(1280K)->1128K(1280K)
[10.055s][info ][gc             ] GC(141) Pause Young (Allocation Failure) 140M->3M(495M) 0.162ms
[10.056s][info ][gc,cpu         ] GC(141) User=0.00s Sys=0.00s Real=0.00s
[10.065s][info ][gc,start       ] GC(142) Pause Young (Allocation Failure)
[10.066s][debug][gc,age         ] GC(142) Desired survivor size 8945664 bytes, new threshold 15 (max threshold 15)
[10.066s][trace][gc,age         ] GC(142) Age table with threshold 15 (max threshold 15)
[10.066s][trace][gc,age         ] GC(142) - age   1:     400208 bytes,     400208 total
[10.066s][info ][gc,heap        ] GC(142) DefNew: 139904K(157376K)->390K(157376K) Eden: 139904K(139904K)->0K(139904K) From: 0K(17472K)->390K(17472K)
[10.066s][info ][gc,heap        ] GC(142) Tenured: 3958K(349568K)->3958K(349568K)
[10.066s][info ][gc,metaspace   ] GC(142) Metaspace: 9872K(10112K)->9872K(10112K) NonClass: 8744K(8832K)->8744K(8832K) Class: 1128K(1280K)->1128K(1280K)
[10.066s][info ][gc             ] GC(142) Pause Young (Allocation Failure) 140M->4M(495M) 0.165ms
[10.066s][info ][gc,cpu         ] GC(142) User=0.00s Sys=0.00s Real=0.00s
[10.076s][info ][gc,start       ] GC(143) Pause Young (Allocation Failure)
[10.076s][debug][gc,age         ] GC(143) Desired survivor size 8945664 bytes, new threshold 15 (max threshold 15)
[10.076s][trace][gc,age         ] GC(143) Age table with threshold 15 (max threshold 15)
[10.076s][trace][gc,age         ] GC(143) - age   1:     400208 bytes,     400208 total
[10.076s][info ][gc,heap        ] GC(143) DefNew: 140294K(157376K)->390K(157376K) Eden: 139904K(139904K)->0K(139904K) From: 390K(17472K)->390K(17472K)
[10.076s][info ][gc,heap        ] GC(143) Tenured: 3958K(349568K)->3958K(349568K)
[10.076s][info ][gc,metaspace   ] GC(143) Metaspace: 9872K(10112K)->9872K(10112K) NonClass: 8744K(8832K)->8744K(8832K) Class: 1128K(1280K)->1128K(1280K)
[10.076s][info ][gc             ] GC(143) Pause Young (Allocation Failure) 140M->4M(495M) 0.165ms
[10.076s][info ][gc,cpu         ] GC(143) User=0.00s Sys=0.00s Real=0.00s
[10.086s][info ][gc,start       ] GC(144) Pause Young (Allocation Failure)
[10.086s][debug][gc,age         ] GC(144) Desired survivor size 8945664 bytes, new threshold 15 (max threshold 15)
[10.086s][trace][gc,age         ] GC(144) Age table with threshold 15 (max threshold 15)
[10.086s][trace][gc,age         ] GC(144) - age   1:     400208 bytes,     400208 total
[10.086s][info ][gc,heap        ] GC(144) DefNew: 140294K(157376K)->390K(157376K) Eden: 139904K(139904K)->0K(139904K) From: 390K(17472K)->390K(17472K)
[10.086s][info ][gc,heap        ] GC(144) Tenured: 3958K(349568K)->3958K(349568K)
[10.086s][info ][gc,metaspace   ] GC(144) Metaspace: 9872K(10112K)->9872K(10112K) NonClass: 8744K(8832K)->8744K(8832K) Class: 1128K(1280K)->1128K(1280K)
[10.086s][info ][gc             ] GC(144) Pause Young (Allocation Failure) 140M->4M(495M) 0.159ms
[10.086s][info ][gc,cpu         ] GC(144) User=0.00s Sys=0.00s Real=0.00s
[10.096s][info ][gc,start       ] GC(145) Pause Young (Allocation Failure)
[10.096s][debug][gc,age         ] GC(145) Desired survivor size 8945664 bytes, new threshold 15 (max threshold 15)
[10.096s][trace][gc,age         ] GC(145) Age table with threshold 15 (max threshold 15)
[10.096s][trace][gc,age         ] GC(145) - age   1:     400208 bytes,     400208 total
[10.096s][info ][gc,heap        ] GC(145) DefNew: 140294K(157376K)->390K(157376K) Eden: 139904K(139904K)->0K(139904K) From: 390K(17472K)->390K(17472K)
[10.096s][info ][gc,heap        ] GC(145) Tenured: 3958K(349568K)->3958K(349568K)
[10.096s][info ][gc,metaspace   ] GC(145) Metaspace: 9872K(10112K)->9872K(10112K) NonClass: 8744K(8832K)->8744K(8832K) Class: 1128K(1280K)->1128K(1280K)
[10.096s][info ][gc             ] GC(145) Pause Young (Allocation Failure) 140M->4M(495M) 0.168ms
[10.096s][info ][gc,cpu         ] GC(145) User=0.00s Sys=0.00s Real=0.00s
[10.106s][info ][gc,start       ] GC(146) Pause Young (Allocation Failure)
[10.106s][debug][gc,age         ] GC(146) Desired survivor size 8945664 bytes, new threshold 15 (max threshold 15)
[10.106s][trace][gc,age         ] GC(146) Age table with threshold 15 (max threshold 15)
[10.106s][trace][gc,age         ] GC(146) - age   1:     400208 bytes,     400208 total
[10.106s][info ][gc,heap        ] GC(146) DefNew: 140294K(157376K)->390K(157376K) Eden: 139904K(139904K)->0K(139904K) From: 390K(17472K)->390K(17472K)
[10.106s][info ][gc,heap        ] GC(146) Tenured: 3958K(349568K)->3958K(349568K)
[10.106s][info ][gc,metaspace   ] GC(146) Metaspace: 9872K(10112K)->9872K(10112K) NonClass: 8744K(8832K)->8744K(8832K) Class: 1128K(1280K)->1128K(1280K)
[10.106s][info ][gc             ] GC(146) Pause Young (Allocation Failure) 140M->4M(495M) 0.158ms
[10.106s][info ][gc,cpu         ] GC(146) User=0.00s Sys=0.00s Real=0.00s
[10.116s][info ][gc,start       ] GC(147) Pause Young (Allocation Failure)
[10.116s][debug][gc,age         ] GC(147) Desired survivor size 8945664 bytes, new threshold 15 (max threshold 15)
[10.116s][trace][gc,age         ] GC(147) Age table with threshold 15 (max threshold 15)
[10.116s][trace][gc,age         ] GC(147) - age   1:     400208 bytes,     400208 total
[10.116s][info ][gc,heap        ] GC(147) DefNew: 140294K(157376K)->390K(157376K) Eden: 139904K(139904K)->0K(139904K) From: 390K(17472K)->390K(17472K)
[10.116s][info ][gc,heap        ] GC(147) Tenured: 3958K(349568K)->3958K(349568K)
[10.116s][info ][gc,metaspace   ] GC(147) Metaspace: 9872K(10112K)->9872K(10112K) NonClass: 8744K(8832K)->8744K(8832K) Class: 1128K(1280K)->1128K(1280K)
[10.116s][info ][gc             ] GC(147) Pause Young (Allocation Failure) 140M->4M(495M) 0.167ms
[10.116s][info ][gc,cpu         ] GC(147) User=0.00s Sys=0.00s Real=0.00s
[10.127s][info ][gc,start       ] GC(148) Pause Young (Allocation Failure)
[10.127s][debug][gc,age         ] GC(148) Desired survivor size 8945664 bytes, new threshold 15 (max threshold 15)
[10.127s][trace][gc,age         ] GC(148) Age table with threshold 15 (max threshold 15)
[10.127s][trace][gc,age         ] GC(148) - age   1:     400208 bytes,     400208 total
[10.127s][info ][gc,heap        ] GC(148) DefNew: 140294K(157376K)->390K(157376K) Eden: 139904K(139904K)->0K(139904K) From: 390K(17472K)->390K(17472K)
[10.127s][info ][gc,heap        ] GC(148) Tenured: 3958K(349568K)->3958K(349568K)
[10.127s][info ][gc,metaspace   ] GC(148) Metaspace: 9872K(10112K)->9872K(10112K) NonClass: 8744K(8832K)->8744K(8832K) Class: 1128K(1280K)->1128K(1280K)
[10.127s][info ][gc             ] GC(148) Pause Young (Allocation Failure) 140M->4M(495M) 0.168ms
[10.127s][info ][gc,cpu         ] GC(148) User=0.00s Sys=0.00s Real=0.00s
[10.137s][info ][gc,start       ] GC(149) Pause Young (Allocation Failure)
[10.137s][debug][gc,age         ] GC(149) Desired survivor size 8945664 bytes, new threshold 15 (max threshold 15)
[10.137s][trace][gc,age         ] GC(149) Age table with threshold 15 (max threshold 15)
[10.137s][trace][gc,age         ] GC(149) - age   1:     400208 bytes,     400208 total
[10.137s][info ][gc,heap        ] GC(149) DefNew: 140294K(157376K)->390K(157376K) Eden: 139904K(139904K)->0K(139904K) From: 390K(17472K)->390K(17472K)
[10.137s][info ][gc,heap        ] GC(149) Tenured: 3958K(349568K)->3958K(349568K)
[10.137s][info ][gc,metaspace   ] GC(149) Metaspace: 9872K(10112K)->9872K(10112K) NonClass: 8744K(8832K)->8744K(8832K) Class: 1128K(1280K)->1128K(1280K)
[10.137s][info ][gc             ] GC(149) Pause Young (Allocation Failure) 140M->4M(495M) 0.161ms
[10.137s][info ][gc,cpu         ] GC(149) User=0.00s Sys=0.00s Real=0.00s
[10.147s][info ][gc,start       ] GC(150) Pause Young (Allocation Failure)
[10.147s][debug][gc,age         ] GC(150) Desired survivor size 8945664 bytes, new threshold 15 (max threshold 15)
[10.147s][trace][gc,age         ] GC(150) Age table with threshold 15 (max threshold 15)
[10.147s][trace][gc,age         ] GC(150) - age   1:     400208 bytes,     400208 total
[10.147s][info ][gc,heap        ] GC(150) DefNew: 140294K(157376K)->390K(157376K) Eden: 139904K(139904K)->0K(139904K) From: 390K(17472K)->390K(17472K)
[10.147s][info ][gc,heap        ] GC(150) Tenured: 3958K(349568K)->3958K(349568K)
[10.147s][info ][gc,metaspace   ] GC(150) Metaspace: 9872K(10112K)->9872K(10112K) NonClass: 8744K(8832K)->8744K(8832K) Class: 1128K(1280K)->1128K(1280K)
[10.147s][info ][gc             ] GC(150) Pause Young (Allocation Failure) 140M->4M(495M) 0.162ms
[10.147s][info ][gc,cpu         ] GC(150) User=0.00s Sys=0.00s Real=0.00s
[10.157s][info ][gc,start       ] GC(151) Pause Young (Allocation Failure)
[10.157s][debug][gc,age         ] GC(151) Desired survivor size 8945664 bytes, new threshold 15 (max threshold 15)
[10.157s][trace][gc,age         ] GC(151) Age table with threshold 15 (max threshold 15)
[10.157s][trace][gc,age         ] GC(151) - age   1:     400208 bytes,     400208 total
[10.157s][info ][gc,heap        ] GC(151) DefNew: 140294K(157376K)->390K(157376K) Eden: 139904K(139904K)->0K(139904K) From: 390K(17472K)->390K(17472K)
[10.157s][info ][gc,heap        ] GC(151) Tenured: 3958K(349568K)->3958K(349568K)
[10.157s][info ][gc,metaspace   ] GC(151) Metaspace: 9872K(10112K)->9872K(10112K) NonClass: 8744K(8832K)->8744K(8832K) Class: 1128K(1280K)->1128K(1280K)
[10.157s][info ][gc             ] GC(151) Pause Young (Allocation Failure) 140M->4M(495M) 0.163ms
[10.157s][info ][gc,cpu         ] GC(151) User=0.00s Sys=0.00s Real=0.00s
[10.167s][info ][gc,start       ] GC(152) Pause Young (Allocation Failure)
[10.167s][debug][gc,age         ] GC(152) Desired survivor size 8945664 bytes, new threshold 15 (max threshold 15)
[10.167s][trace][gc,age         ] GC(152) Age table with threshold 15 (max threshold 15)
[10.167s][trace][gc,age         ] GC(152) - age   1:     400208 bytes,     400208 total
[10.167s][info ][gc,heap        ] GC(152) DefNew: 140294K(157376K)->390K(157376K) Eden: 139904K(139904K)->0K(139904K) From: 390K(17472K)->390K(17472K)
[10.167s][info ][gc,heap        ] GC(152) Tenured: 3958K(349568K)->3958K(349568K)
[10.167s][info ][gc,metaspace   ] GC(152) Metaspace: 9872K(10112K)->9872K(10112K) NonClass: 8744K(8832K)->8744K(8832K) Class: 1128K(1280K)->1128K(1280K)
[10.167s][info ][gc             ] GC(152) Pause Young (Allocation Failure) 140M->4M(495M) 0.156ms
[10.167s][info ][gc,cpu         ] GC(152) User=0.00s Sys=0.00s Real=0.00s
[10.177s][info ][gc,start       ] GC(153) Pause Young (Allocation Failure)
[10.178s][debug][gc,age         ] GC(153) Desired survivor size 8945664 bytes, new threshold 15 (max threshold 15)
[10.178s][trace][gc,age         ] GC(153) Age table with threshold 15 (max threshold 15)
[10.178s][trace][gc,age         ] GC(153) - age   1:     400208 bytes,     400208 total
[10.178s][info ][gc,heap        ] GC(153) DefNew: 140294K(157376K)->390K(157376K) Eden: 139904K(139904K)->0K(139904K) From: 390K(17472K)->390K(17472K)
[10.178s][info ][gc,heap        ] GC(153) Tenured: 3958K(349568K)->3958K(349568K)
[10.178s][info ][gc,metaspace   ] GC(153) Metaspace: 9872K(10112K)->9872K(10112K) NonClass: 8744K(8832K)->8744K(8832K) Class: 1128K(1280K)->1128K(1280K)
[10.178s][info ][gc             ] GC(153) Pause Young (Allocation Failure) 140M->4M(495M) 0.158ms
[10.178s][info ][gc,cpu         ] GC(153) User=0.00s Sys=0.00s Real=0.00s
[10.188s][info ][gc,start       ] GC(154) Pause Young (Allocation Failure)
[10.188s][debug][gc,age         ] GC(154) Desired survivor size 8945664 bytes, new threshold 15 (max threshold 15)
[10.188s][trace][gc,age         ] GC(154) Age table with threshold 15 (max threshold 15)
[10.188s][trace][gc,age         ] GC(154) - age   1:     400208 bytes,     400208 total
[10.188s][info ][gc,heap        ] GC(154) DefNew: 140294K(157376K)->390K(157376K) Eden: 139904K(139904K)->0K(139904K) From: 390K(17472K)->390K(17472K)
[10.188s][info ][gc,heap        ] GC(154) Tenured: 3958K(349568K)->3958K(349568K)
[10.188s][info ][gc,metaspace   ] GC(154) Metaspace: 9872K(10112K)->9872K(10112K) NonClass: 8744K(8832K)->8744K(8832K) Class: 1128K(1280K)->1128K(1280K)
[10.188s][info ][gc             ] GC(154) Pause Young (Allocation Failure) 140M->4M(495M) 0.157ms
[10.188s][info ][gc,cpu         ] GC(154) User=0.00s Sys=0.00s Real=0.00s
[10.198s][info ][gc,start       ] GC(155) Pause Young (Allocation Failure)
[10.198s][debug][gc,age         ] GC(155) Desired survivor size 8945664 bytes, new threshold 15 (max threshold 15)
[10.198s][trace][gc,age         ] GC(155) Age table with threshold 15 (max threshold 15)
[10.198s][trace][gc,age         ] GC(155) - age   1:     400208 bytes,     400208 total
[10.198s][info ][gc,heap        ] GC(155) DefNew: 140294K(157376K)->390K(157376K) Eden: 139904K(139904K)->0K(139904K) From: 390K(17472K)->390K(17472K)
[10.198s][info ][gc,heap        ] GC(155) Tenured: 3958K(349568K)->3958K(349568K)
[10.198s][info ][gc,metaspace   ] GC(155) Metaspace: 9872K(10112K)->9872K(10112K) NonClass: 8744K(8832K)->8744K(8832K) Class: 1128K(1280K)->1128K(1280K)
[10.198s][info ][gc             ] GC(155) Pause Young (Allocation Failure) 140M->4M(495M) 0.157ms
[10.198s][info ][gc,cpu         ] GC(155) User=0.00s Sys=0.00s Real=0.00s
[10.208s][info ][gc,start       ] GC(156) Pause Young (Allocation Failure)
[10.209s][debug][gc,age         ] GC(156) Desired survivor size 8945664 bytes, new threshold 15 (max threshold 15)
[10.209s][trace][gc,age         ] GC(156) Age table with threshold 15 (max threshold 15)
[10.209s][trace][gc,age         ] GC(156) - age   1:     400208 bytes,     400208 total
[10.209s][info ][gc,heap        ] GC(156) DefNew: 140294K(157376K)->390K(157376K) Eden: 139904K(139904K)->0K(139904K) From: 390K(17472K)->390K(17472K)
[10.209s][info ][gc,heap        ] GC(156) Tenured: 3958K(349568K)->3958K(349568K)
[10.209s][info ][gc,metaspace   ] GC(156) Metaspace: 9872K(10112K)->9872K(10112K) NonClass: 8744K(8832K)->8744K(8832K) Class: 1128K(1280K)->1128K(1280K)
[10.209s][info ][gc             ] GC(156) Pause Young (Allocation Failure) 140M->4M(495M) 0.163ms
[10.209s][info ][gc,cpu         ] GC(156) User=0.00s Sys=0.00s Real=0.00s
[10.219s][info ][gc,start       ] GC(157) Pause Young (Allocation Failure)
[10.219s][debug][gc,age         ] GC(157) Desired survivor size 8945664 bytes, new threshold 15 (max threshold 15)
[10.219s][trace][gc,age         ] GC(157) Age table with threshold 15 (max threshold 15)
[10.219s][trace][gc,age         ] GC(157) - age   1:     400208 bytes,     400208 total
[10.219s][info ][gc,heap        ] GC(157) DefNew: 140294K(157376K)->390K(157376K) Eden: 139904K(139904K)->0K(139904K) From: 390K(17472K)->390K(17472K)
[10.219s][info ][gc,heap        ] GC(157) Tenured: 3958K(349568K)->3958K(349568K)
[10.219s][info ][gc,metaspace   ] GC(157) Metaspace: 9872K(10112K)->9872K(10112K) NonClass: 8744K(8832K)->8744K(8832K) Class: 1128K(1280K)->1128K(1280K)
[10.219s][info ][gc             ] GC(157) Pause Young (Allocation Failure) 140M->4M(495M) 0.160ms
[10.219s][info ][gc,cpu         ] GC(157) User=0.00s Sys=0.00s Real=0.00s
[10.229s][info ][gc,start       ] GC(158) Pause Young (Allocation Failure)
[10.229s][debug][gc,age         ] GC(158) Desired survivor size 8945664 bytes, new threshold 15 (max threshold 15)
[10.229s][trace][gc,age         ] GC(158) Age table with threshold 15 (max threshold 15)
[10.229s][trace][gc,age         ] GC(158) - age   1:     400208 bytes,     400208 total
[10.229s][info ][gc,heap        ] GC(158) DefNew: 140294K(157376K)->390K(157376K) Eden: 139904K(139904K)->0K(139904K) From: 390K(17472K)->390K(17472K)
[10.229s][info ][gc,heap        ] GC(158) Tenured: 3958K(349568K)->3958K(349568K)
[10.229s][info ][gc,metaspace   ] GC(158) Metaspace: 9872K(10112K)->9872K(10112K) NonClass: 8744K(8832K)->8744K(8832K) Class: 1128K(1280K)->1128K(1280K)
[10.229s][info ][gc             ] GC(158) Pause Young (Allocation Failure) 140M->4M(495M) 0.160ms
[10.229s][info ][gc,cpu         ] GC(158) User=0.00s Sys=0.00s Real=0.00s
[10.239s][info ][gc,start       ] GC(159) Pause Young (Allocation Failure)
[10.239s][debug][gc,age         ] GC(159) Desired survivor size 8945664 bytes, new threshold 15 (max threshold 15)
[10.239s][trace][gc,age         ] GC(159) Age table with threshold 15 (max threshold 15)
[10.239s][trace][gc,age         ] GC(159) - age   1:     400208 bytes,     400208 total
[10.239s][info ][gc,heap        ] GC(159) DefNew: 140294K(157376K)->390K(157376K) Eden: 139904K(139904K)->0K(139904K) From: 390K(17472K)->390K(17472K)
[10.239s][info ][gc,heap        ] GC(159) Tenured: 3958K(349568K)->3958K(349568K)
[10.239s][info ][gc,metaspace   ] GC(159) Metaspace: 9872K(10112K)->9872K(10112K) NonClass: 8744K(8832K)->8744K(8832K) Class: 1128K(1280K)->1128K(1280K)
[10.239s][info ][gc             ] GC(159) Pause Young (Allocation Failure) 140M->4M(495M) 0.161ms
[10.239s][info ][gc,cpu         ] GC(159) User=0.00s Sys=0.00s Real=0.00s
[10.249s][info ][gc,start       ] GC(160) Pause Young (Allocation Failure)
[10.249s][debug][gc,age         ] GC(160) Desired survivor size 8945664 bytes, new threshold 15 (max threshold 15)
[10.249s][trace][gc,age         ] GC(160) Age table with threshold 15 (max threshold 15)
[10.249s][trace][gc,age         ] GC(160) - age   1:     400208 bytes,     400208 total
[10.249s][info ][gc,heap        ] GC(160) DefNew: 140294K(157376K)->390K(157376K) Eden: 139904K(139904K)->0K(139904K) From: 390K(17472K)->390K(17472K)
[10.249s][info ][gc,heap        ] GC(160) Tenured: 3958K(349568K)->3958K(349568K)
[10.249s][info ][gc,metaspace   ] GC(160) Metaspace: 9872K(10112K)->9872K(10112K) NonClass: 8744K(8832K)->8744K(8832K) Class: 1128K(1280K)->1128K(1280K)
[10.249s][info ][gc             ] GC(160) Pause Young (Allocation Failure) 140M->4M(495M) 0.157ms
[10.249s][info ][gc,cpu         ] GC(160) User=0.01s Sys=0.00s Real=0.00s
[10.259s][info ][gc,start       ] GC(161) Pause Young (Allocation Failure)
[10.259s][debug][gc,age         ] GC(161) Desired survivor size 8945664 bytes, new threshold 15 (max threshold 15)
[10.259s][trace][gc,age         ] GC(161) Age table with threshold 15 (max threshold 15)
[10.259s][trace][gc,age         ] GC(161) - age   1:     400208 bytes,     400208 total
[10.259s][info ][gc,heap        ] GC(161) DefNew: 140294K(157376K)->390K(157376K) Eden: 139904K(139904K)->0K(139904K) From: 390K(17472K)->390K(17472K)
[10.259s][info ][gc,heap        ] GC(161) Tenured: 3958K(349568K)->3958K(349568K)
[10.259s][info ][gc,metaspace   ] GC(161) Metaspace: 9872K(10112K)->9872K(10112K) NonClass: 8744K(8832K)->8744K(8832K) Class: 1128K(1280K)->1128K(1280K)
[10.259s][info ][gc             ] GC(161) Pause Young (Allocation Failure) 140M->4M(495M) 0.161ms
[10.259s][info ][gc,cpu         ] GC(161) User=0.01s Sys=0.00s Real=0.00s
[10.269s][info ][gc,start       ] GC(162) Pause Young (Allocation Failure)
[10.270s][debug][gc,age         ] GC(162) Desired survivor size 8945664 bytes, new threshold 15 (max threshold 15)
[10.270s][trace][gc,age         ] GC(162) Age table with threshold 15 (max threshold 15)
[10.270s][trace][gc,age         ] GC(162) - age   1:     400208 bytes,     400208 total
[10.270s][info ][gc,heap        ] GC(162) DefNew: 140294K(157376K)->390K(157376K) Eden: 139904K(139904K)->0K(139904K) From: 390K(17472K)->390K(17472K)
[10.270s][info ][gc,heap        ] GC(162) Tenured: 3958K(349568K)->3958K(349568K)
[10.270s][info ][gc,metaspace   ] GC(162) Metaspace: 9872K(10112K)->9872K(10112K) NonClass: 8744K(8832K)->8744K(8832K) Class: 1128K(1280K)->1128K(1280K)
[10.270s][info ][gc             ] GC(162) Pause Young (Allocation Failure) 140M->4M(495M) 0.156ms
[10.270s][info ][gc,cpu         ] GC(162) User=0.00s Sys=0.00s Real=0.00s
[10.280s][info ][gc,start       ] GC(163) Pause Young (Allocation Failure)
[10.280s][debug][gc,age         ] GC(163) Desired survivor size 8945664 bytes, new threshold 15 (max threshold 15)
[10.280s][trace][gc,age         ] GC(163) Age table with threshold 15 (max threshold 15)
[10.280s][trace][gc,age         ] GC(163) - age   1:     400208 bytes,     400208 total
[10.280s][info ][gc,heap        ] GC(163) DefNew: 140294K(157376K)->390K(157376K) Eden: 139904K(139904K)->0K(139904K) From: 390K(17472K)->390K(17472K)
[10.280s][info ][gc,heap        ] GC(163) Tenured: 3958K(349568K)->3958K(349568K)
[10.280s][info ][gc,metaspace   ] GC(163) Metaspace: 9872K(10112K)->9872K(10112K) NonClass: 8744K(8832K)->8744K(8832K) Class: 1128K(1280K)->1128K(1280K)
[10.280s][info ][gc             ] GC(163) Pause Young (Allocation Failure) 140M->4M(495M) 0.161ms
[10.280s][info ][gc,cpu         ] GC(163) User=0.00s Sys=0.00s Real=0.00s
[10.290s][info ][gc,start       ] GC(164) Pause Young (Allocation Failure)
[10.290s][debug][gc,age         ] GC(164) Desired survivor size 8945664 bytes, new threshold 15 (max threshold 15)
[10.290s][trace][gc,age         ] GC(164) Age table with threshold 15 (max threshold 15)
[10.290s][trace][gc,age         ] GC(164) - age   1:     400208 bytes,     400208 total
[10.290s][info ][gc,heap        ] GC(164) DefNew: 140294K(157376K)->390K(157376K) Eden: 139904K(139904K)->0K(139904K) From: 390K(17472K)->390K(17472K)
[10.290s][info ][gc,heap        ] GC(164) Tenured: 3958K(349568K)->3958K(349568K)
[10.290s][info ][gc,metaspace   ] GC(164) Metaspace: 9872K(10112K)->9872K(10112K) NonClass: 8744K(8832K)->8744K(8832K) Class: 1128K(1280K)->1128K(1280K)
[10.290s][info ][gc             ] GC(164) Pause Young (Allocation Failure) 140M->4M(495M) 0.157ms
[10.290s][info ][gc,cpu         ] GC(164) User=0.00s Sys=0.00s Real=0.00s
[10.300s][info ][gc,start       ] GC(165) Pause Young (Allocation Failure)
[10.300s][debug][gc,age         ] GC(165) Desired survivor size 8945664 bytes, new threshold 15 (max threshold 15)
[10.300s][trace][gc,age         ] GC(165) Age table with threshold 15 (max threshold 15)
[10.300s][trace][gc,age         ] GC(165) - age   1:     400208 bytes,     400208 total
[10.300s][info ][gc,heap        ] GC(165) DefNew: 140294K(157376K)->390K(157376K) Eden: 139904K(139904K)->0K(139904K) From: 390K(17472K)->390K(17472K)
[10.300s][info ][gc,heap        ] GC(165) Tenured: 3958K(349568K)->3958K(349568K)
[10.300s][info ][gc,metaspace   ] GC(165) Metaspace: 9872K(10112K)->9872K(10112K) NonClass: 8744K(8832K)->8744K(8832K) Class: 1128K(1280K)->1128K(1280K)
[10.300s][info ][gc             ] GC(165) Pause Young (Allocation Failure) 140M->4M(495M) 0.162ms
[10.300s][info ][gc,cpu         ] GC(165) User=0.00s Sys=0.00s Real=0.00s
[10.310s][info ][gc,start       ] GC(166) Pause Young (Allocation Failure)
[10.310s][debug][gc,age         ] GC(166) Desired survivor size 8945664 bytes, new threshold 15 (max threshold 15)
[10.310s][trace][gc,age         ] GC(166) Age table with threshold 15 (max threshold 15)
[10.310s][trace][gc,age         ] GC(166) - age   1:     400208 bytes,     400208 total
[10.310s][info ][gc,heap        ] GC(166) DefNew: 140294K(157376K)->390K(157376K) Eden: 139904K(139904K)->0K(139904K) From: 390K(17472K)->390K(17472K)
[10.310s][info ][gc,heap        ] GC(166) Tenured: 3958K(349568K)->3958K(349568K)
[10.310s][info ][gc,metaspace   ] GC(166) Metaspace: 9872K(10112K)->9872K(10112K) NonClass: 8744K(8832K)->8744K(8832K) Class: 1128K(1280K)->1128K(1280K)
[10.310s][info ][gc             ] GC(166) Pause Young (Allocation Failure) 140M->4M(495M) 0.156ms
[10.310s][info ][gc,cpu         ] GC(166) User=0.00s Sys=0.00s Real=0.01s
[10.320s][info ][gc,start       ] GC(167) Pause Young (Allocation Failure)
[10.320s][debug][gc,age         ] GC(167) Desired survivor size 8945664 bytes, new threshold 15 (max threshold 15)
[10.320s][trace][gc,age         ] GC(167) Age table with threshold 15 (max threshold 15)
[10.320s][trace][gc,age         ] GC(167) - age   1:     400208 bytes,     400208 total
[10.320s][info ][gc,heap        ] GC(167) DefNew: 140294K(157376K)->390K(157376K) Eden: 139904K(139904K)->0K(139904K) From: 390K(17472K)->390K(17472K)
[10.320s][info ][gc,heap        ] GC(167) Tenured: 3958K(349568K)->3958K(349568K)
[10.320s][info ][gc,metaspace   ] GC(167) Metaspace: 9872K(10112K)->9872K(10112K) NonClass: 8744K(8832K)->8744K(8832K) Class: 1128K(1280K)->1128K(1280K)
[10.320s][info ][gc             ] GC(167) Pause Young (Allocation Failure) 140M->4M(495M) 0.160ms
[10.320s][info ][gc,cpu         ] GC(167) User=0.00s Sys=0.00s Real=0.00s
[10.330s][info ][gc,start       ] GC(168) Pause Young (Allocation Failure)
[10.331s][debug][gc,age         ] GC(168) Desired survivor size 8945664 bytes, new threshold 15 (max threshold 15)
[10.331s][trace][gc,age         ] GC(168) Age table with threshold 15 (max threshold 15)
[10.331s][trace][gc,age         ] GC(168) - age   1:     400208 bytes,     400208 total
[10.331s][info ][gc,heap        ] GC(168) DefNew: 140294K(157376K)->390K(157376K) Eden: 139904K(139904K)->0K(139904K) From: 390K(17472K)->390K(17472K)
[10.331s][info ][gc,heap        ] GC(168) Tenured: 3958K(349568K)->3958K(349568K)
[10.331s][info ][gc,metaspace   ] GC(168) Metaspace: 9872K(10112K)->9872K(10112K) NonClass: 8744K(8832K)->8744K(8832K) Class: 1128K(1280K)->1128K(1280K)
[10.331s][info ][gc             ] GC(168) Pause Young (Allocation Failure) 140M->4M(495M) 0.158ms
[10.331s][info ][gc,cpu         ] GC(168) User=0.00s Sys=0.00s Real=0.00s
[10.341s][info ][gc,start       ] GC(169) Pause Young (Allocation Failure)
[10.341s][debug][gc,age         ] GC(169) Desired survivor size 8945664 bytes, new threshold 15 (max threshold 15)
[10.341s][trace][gc,age         ] GC(169) Age table with threshold 15 (max threshold 15)
[10.341s][trace][gc,age         ] GC(169) - age   1:     400208 bytes,     400208 total
[10.341s][info ][gc,heap        ] GC(169) DefNew: 140294K(157376K)->390K(157376K) Eden: 139904K(139904K)->0K(139904K) From: 390K(17472K)->390K(17472K)
[10.341s][info ][gc,heap        ] GC(169) Tenured: 3958K(349568K)->3958K(349568K)
[10.341s][info ][gc,metaspace   ] GC(169) Metaspace: 9872K(10112K)->9872K(10112K) NonClass: 8744K(8832K)->8744K(8832K) Class: 1128K(1280K)->1128K(1280K)
[10.341s][info ][gc             ] GC(169) Pause Young (Allocation Failure) 140M->4M(495M) 0.158ms
[10.341s][info ][gc,cpu         ] GC(169) User=0.00s Sys=0.00s Real=0.00s
[10.351s][info ][gc,start       ] GC(170) Pause Young (Allocation Failure)
[10.351s][debug][gc,age         ] GC(170) Desired survivor size 8945664 bytes, new threshold 15 (max threshold 15)
[10.351s][trace][gc,age         ] GC(170) Age table with threshold 15 (max threshold 15)
[10.351s][trace][gc,age         ] GC(170) - age   1:     400208 bytes,     400208 total
[10.351s][info ][gc,heap        ] GC(170) DefNew: 140294K(157376K)->390K(157376K) Eden: 139904K(139904K)->0K(139904K) From: 390K(17472K)->390K(17472K)
[10.351s][info ][gc,heap        ] GC(170) Tenured: 3958K(349568K)->3958K(349568K)
[10.351s][info ][gc,metaspace   ] GC(170) Metaspace: 9872K(10112K)->9872K(10112K) NonClass: 8744K(8832K)->8744K(8832K) Class: 1128K(1280K)->1128K(1280K)
[10.351s][info ][gc             ] GC(170) Pause Young (Allocation Failure) 140M->4M(495M) 0.161ms
[10.351s][info ][gc,cpu         ] GC(170) User=0.00s Sys=0.00s Real=0.00s
[10.361s][info ][gc,start       ] GC(171) Pause Young (Allocation Failure)
[10.361s][debug][gc,age         ] GC(171) Desired survivor size 8945664 bytes, new threshold 15 (max threshold 15)
[10.361s][trace][gc,age         ] GC(171) Age table with threshold 15 (max threshold 15)
[10.361s][trace][gc,age         ] GC(171) - age   1:     400208 bytes,     400208 total
[10.361s][info ][gc,heap        ] GC(171) DefNew: 140294K(157376K)->390K(157376K) Eden: 139904K(139904K)->0K(139904K) From: 390K(17472K)->390K(17472K)
[10.361s][info ][gc,heap        ] GC(171) Tenured: 3958K(349568K)->3958K(349568K)
[10.361s][info ][gc,metaspace   ] GC(171) Metaspace: 9872K(10112K)->9872K(10112K) NonClass: 8744K(8832K)->8744K(8832K) Class: 1128K(1280K)->1128K(1280K)
[10.361s][info ][gc             ] GC(171) Pause Young (Allocation Failure) 140M->4M(495M) 0.158ms
[10.361s][info ][gc,cpu         ] GC(171) User=0.00s Sys=0.00s Real=0.00s
[10.371s][info ][gc,start       ] GC(172) Pause Young (Allocation Failure)
[10.371s][debug][gc,age         ] GC(172) Desired survivor size 8945664 bytes, new threshold 15 (max threshold 15)
[10.371s][trace][gc,age         ] GC(172) Age table with threshold 15 (max threshold 15)
[10.371s][trace][gc,age         ] GC(172) - age   1:     400208 bytes,     400208 total
[10.371s][info ][gc,heap        ] GC(172) DefNew: 140294K(157376K)->390K(157376K) Eden: 139904K(139904K)->0K(139904K) From: 390K(17472K)->390K(17472K)
[10.371s][info ][gc,heap        ] GC(172) Tenured: 3958K(349568K)->3958K(349568K)
[10.371s][info ][gc,metaspace   ] GC(172) Metaspace: 9872K(10112K)->9872K(10112K) NonClass: 8744K(8832K)->8744K(8832K) Class: 1128K(1280K)->1128K(1280K)
[10.371s][info ][gc             ] GC(172) Pause Young (Allocation Failure) 140M->4M(495M) 0.157ms
[10.371s][info ][gc,cpu         ] GC(172) User=0.00s Sys=0.00s Real=0.00s
[10.381s][info ][gc,start       ] GC(173) Pause Young (Allocation Failure)
[10.381s][debug][gc,age         ] GC(173) Desired survivor size 8945664 bytes, new threshold 15 (max threshold 15)
[10.381s][trace][gc,age         ] GC(173) Age table with threshold 15 (max threshold 15)
[10.381s][trace][gc,age         ] GC(173) - age   1:     400208 bytes,     400208 total
[10.381s][info ][gc,heap        ] GC(173) DefNew: 140294K(157376K)->390K(157376K) Eden: 139904K(139904K)->0K(139904K) From: 390K(17472K)->390K(17472K)
[10.381s][info ][gc,heap        ] GC(173) Tenured: 3958K(349568K)->3958K(349568K)
[10.381s][info ][gc,metaspace   ] GC(173) Metaspace: 9872K(10112K)->9872K(10112K) NonClass: 8744K(8832K)->8744K(8832K) Class: 1128K(1280K)->1128K(1280K)
[10.381s][info ][gc             ] GC(173) Pause Young (Allocation Failure) 140M->4M(495M) 0.163ms
[10.381s][info ][gc,cpu         ] GC(173) User=0.00s Sys=0.00s Real=0.00s
[10.391s][info ][gc,start       ] GC(174) Pause Young (Allocation Failure)
[10.391s][debug][gc,age         ] GC(174) Desired survivor size 8945664 bytes, new threshold 15 (max threshold 15)
[10.392s][trace][gc,age         ] GC(174) Age table with threshold 15 (max threshold 15)
[10.392s][trace][gc,age         ] GC(174) - age   1:     400208 bytes,     400208 total
[10.392s][info ][gc,heap        ] GC(174) DefNew: 140294K(157376K)->390K(157376K) Eden: 139904K(139904K)->0K(139904K) From: 390K(17472K)->390K(17472K)
[10.392s][info ][gc,heap        ] GC(174) Tenured: 3958K(349568K)->3958K(349568K)
[10.392s][info ][gc,metaspace   ] GC(174) Metaspace: 9872K(10112K)->9872K(10112K) NonClass: 8744K(8832K)->8744K(8832K) Class: 1128K(1280K)->1128K(1280K)
[10.392s][info ][gc             ] GC(174) Pause Young (Allocation Failure) 140M->4M(495M) 0.161ms
[10.392s][info ][gc,cpu         ] GC(174) User=0.00s Sys=0.00s Real=0.00s
[10.402s][info ][gc,start       ] GC(175) Pause Young (Allocation Failure)
[10.402s][debug][gc,age         ] GC(175) Desired survivor size 8945664 bytes, new threshold 15 (max threshold 15)
[10.402s][trace][gc,age         ] GC(175) Age table with threshold 15 (max threshold 15)
[10.402s][trace][gc,age         ] GC(175) - age   1:     400208 bytes,     400208 total
[10.402s][info ][gc,heap        ] GC(175) DefNew: 140294K(157376K)->390K(157376K) Eden: 139904K(139904K)->0K(139904K) From: 390K(17472K)->390K(17472K)
[10.402s][info ][gc,heap        ] GC(175) Tenured: 3958K(349568K)->3958K(349568K)
[10.402s][info ][gc,metaspace   ] GC(175) Metaspace: 9872K(10112K)->9872K(10112K) NonClass: 8744K(8832K)->8744K(8832K) Class: 1128K(1280K)->1128K(1280K)
[10.402s][info ][gc             ] GC(175) Pause Young (Allocation Failure) 140M->4M(495M) 0.160ms
[10.402s][info ][gc,cpu         ] GC(175) User=0.00s Sys=0.00s Real=0.00s
[10.412s][info ][gc,start       ] GC(176) Pause Young (Allocation Failure)
[10.412s][debug][gc,age         ] GC(176) Desired survivor size 8945664 bytes, new threshold 15 (max threshold 15)
[10.412s][trace][gc,age         ] GC(176) Age table with threshold 15 (max threshold 15)
[10.412s][trace][gc,age         ] GC(176) - age   1:     400208 bytes,     400208 total
[10.412s][info ][gc,heap        ] GC(176) DefNew: 140294K(157376K)->390K(157376K) Eden: 139904K(139904K)->0K(139904K) From: 390K(17472K)->390K(17472K)
[10.412s][info ][gc,heap        ] GC(176) Tenured: 3958K(349568K)->3958K(349568K)
[10.412s][info ][gc,metaspace   ] GC(176) Metaspace: 9872K(10112K)->9872K(10112K) NonClass: 8744K(8832K)->8744K(8832K) Class: 1128K(1280K)->1128K(1280K)
[10.412s][info ][gc             ] GC(176) Pause Young (Allocation Failure) 140M->4M(495M) 0.160ms
[10.412s][info ][gc,cpu         ] GC(176) User=0.00s Sys=0.00s Real=0.00s
[10.422s][info ][gc,start       ] GC(177) Pause Young (Allocation Failure)
[10.422s][debug][gc,age         ] GC(177) Desired survivor size 8945664 bytes, new threshold 15 (max threshold 15)
[10.422s][trace][gc,age         ] GC(177) Age table with threshold 15 (max threshold 15)
[10.422s][trace][gc,age         ] GC(177) - age   1:     400208 bytes,     400208 total
[10.422s][info ][gc,heap        ] GC(177) DefNew: 140294K(157376K)->390K(157376K) Eden: 139904K(139904K)->0K(139904K) From: 390K(17472K)->390K(17472K)
[10.422s][info ][gc,heap        ] GC(177) Tenured: 3958K(349568K)->3958K(349568K)
[10.422s][info ][gc,metaspace   ] GC(177) Metaspace: 9872K(10112K)->9872K(10112K) NonClass: 8744K(8832K)->8744K(8832K) Class: 1128K(1280K)->1128K(1280K)
[10.422s][info ][gc             ] GC(177) Pause Young (Allocation Failure) 140M->4M(495M) 0.157ms
[10.422s][info ][gc,cpu         ] GC(177) User=0.00s Sys=0.00s Real=0.00s
[10.432s][info ][gc,start       ] GC(178) Pause Young (Allocation Failure)
[10.432s][debug][gc,age         ] GC(178) Desired survivor size 8945664 bytes, new threshold 15 (max threshold 15)
[10.432s][trace][gc,age         ] GC(178) Age table with threshold 15 (max threshold 15)
[10.432s][trace][gc,age         ] GC(178) - age   1:     400208 bytes,     400208 total
[10.432s][info ][gc,heap        ] GC(178) DefNew: 140294K(157376K)->390K(157376K) Eden: 139904K(139904K)->0K(139904K) From: 390K(17472K)->390K(17472K)
[10.432s][info ][gc,heap        ] GC(178) Tenured: 3958K(349568K)->3958K(349568K)
[10.432s][info ][gc,metaspace   ] GC(178) Metaspace: 9872K(10112K)->9872K(10112K) NonClass: 8744K(8832K)->8744K(8832K) Class: 1128K(1280K)->1128K(1280K)
[10.432s][info ][gc             ] GC(178) Pause Young (Allocation Failure) 140M->4M(495M) 0.157ms
[10.432s][info ][gc,cpu         ] GC(178) User=0.00s Sys=0.00s Real=0.00s
[10.442s][info ][gc,start       ] GC(179) Pause Young (Allocation Failure)
[10.443s][debug][gc,age         ] GC(179) Desired survivor size 8945664 bytes, new threshold 15 (max threshold 15)
[10.443s][trace][gc,age         ] GC(179) Age table with threshold 15 (max threshold 15)
[10.443s][trace][gc,age         ] GC(179) - age   1:     400208 bytes,     400208 total
[10.443s][info ][gc,heap        ] GC(179) DefNew: 140294K(157376K)->390K(157376K) Eden: 139904K(139904K)->0K(139904K) From: 390K(17472K)->390K(17472K)
[10.443s][info ][gc,heap        ] GC(179) Tenured: 3958K(349568K)->3958K(349568K)
[10.443s][info ][gc,metaspace   ] GC(179) Metaspace: 9872K(10112K)->9872K(10112K) NonClass: 8744K(8832K)->8744K(8832K) Class: 1128K(1280K)->1128K(1280K)
[10.443s][info ][gc             ] GC(179) Pause Young (Allocation Failure) 140M->4M(495M) 0.156ms
[10.443s][info ][gc,cpu         ] GC(179) User=0.00s Sys=0.00s Real=0.00s
[10.453s][info ][gc,start       ] GC(180) Pause Young (Allocation Failure)
[10.453s][debug][gc,age         ] GC(180) Desired survivor size 8945664 bytes, new threshold 15 (max threshold 15)
[10.453s][trace][gc,age         ] GC(180) Age table with threshold 15 (max threshold 15)
[10.453s][trace][gc,age         ] GC(180) - age   1:     400208 bytes,     400208 total
[10.453s][info ][gc,heap        ] GC(180) DefNew: 140294K(157376K)->390K(157376K) Eden: 139904K(139904K)->0K(139904K) From: 390K(17472K)->390K(17472K)
[10.453s][info ][gc,heap        ] GC(180) Tenured: 3958K(349568K)->3958K(349568K)
[10.453s][info ][gc,metaspace   ] GC(180) Metaspace: 9872K(10112K)->9872K(10112K) NonClass: 8744K(8832K)->8744K(8832K) Class: 1128K(1280K)->1128K(1280K)
[10.453s][info ][gc             ] GC(180) Pause Young (Allocation Failure) 140M->4M(495M) 0.161ms
[10.453s][info ][gc,cpu         ] GC(180) User=0.00s Sys=0.00s Real=0.00s
[10.463s][info ][gc,start       ] GC(181) Pause Young (Allocation Failure)
[10.463s][debug][gc,age         ] GC(181) Desired survivor size 8945664 bytes, new threshold 15 (max threshold 15)
[10.463s][trace][gc,age         ] GC(181) Age table with threshold 15 (max threshold 15)
[10.463s][trace][gc,age         ] GC(181) - age   1:     400208 bytes,     400208 total
[10.463s][info ][gc,heap        ] GC(181) DefNew: 140294K(157376K)->390K(157376K) Eden: 139904K(139904K)->0K(139904K) From: 390K(17472K)->390K(17472K)
[10.463s][info ][gc,heap        ] GC(181) Tenured: 3958K(349568K)->3958K(349568K)
[10.463s][info ][gc,metaspace   ] GC(181) Metaspace: 9872K(10112K)->9872K(10112K) NonClass: 8744K(8832K)->8744K(8832K) Class: 1128K(1280K)->1128K(1280K)
[10.463s][info ][gc             ] GC(181) Pause Young (Allocation Failure) 140M->4M(495M) 0.173ms
[10.463s][info ][gc,cpu         ] GC(181) User=0.00s Sys=0.00s Real=0.00s
[10.473s][info ][gc,start       ] GC(182) Pause Young (Allocation Failure)
[10.473s][debug][gc,age         ] GC(182) Desired survivor size 8945664 bytes, new threshold 15 (max threshold 15)
[10.473s][trace][gc,age         ] GC(182) Age table with threshold 15 (max threshold 15)
[10.473s][trace][gc,age         ] GC(182) - age   1:     400208 bytes,     400208 total
[10.473s][info ][gc,heap        ] GC(182) DefNew: 140294K(157376K)->390K(157376K) Eden: 139904K(139904K)->0K(139904K) From: 390K(17472K)->390K(17472K)
[10.473s][info ][gc,heap        ] GC(182) Tenured: 3958K(349568K)->3958K(349568K)
[10.473s][info ][gc,metaspace   ] GC(182) Metaspace: 9872K(10112K)->9872K(10112K) NonClass: 8744K(8832K)->8744K(8832K) Class: 1128K(1280K)->1128K(1280K)
[10.473s][info ][gc             ] GC(182) Pause Young (Allocation Failure) 140M->4M(495M) 0.205ms
[10.473s][info ][gc,cpu         ] GC(182) User=0.00s Sys=0.00s Real=0.00s
[10.483s][info ][gc,start       ] GC(183) Pause Young (Allocation Failure)
[10.484s][debug][gc,age         ] GC(183) Desired survivor size 8945664 bytes, new threshold 15 (max threshold 15)
[10.484s][trace][gc,age         ] GC(183) Age table with threshold 15 (max threshold 15)
[10.484s][trace][gc,age         ] GC(183) - age   1:     400208 bytes,     400208 total
[10.484s][info ][gc,heap        ] GC(183) DefNew: 140294K(157376K)->390K(157376K) Eden: 139904K(139904K)->0K(139904K) From: 390K(17472K)->390K(17472K)
[10.484s][info ][gc,heap        ] GC(183) Tenured: 3958K(349568K)->3958K(349568K)
[10.484s][info ][gc,metaspace   ] GC(183) Metaspace: 9872K(10112K)->9872K(10112K) NonClass: 8744K(8832K)->8744K(8832K) Class: 1128K(1280K)->1128K(1280K)
[10.484s][info ][gc             ] GC(183) Pause Young (Allocation Failure) 140M->4M(495M) 0.166ms
[10.484s][info ][gc,cpu         ] GC(183) User=0.00s Sys=0.00s Real=0.00s
[10.494s][info ][gc,start       ] GC(184) Pause Young (Allocation Failure)
[10.494s][debug][gc,age         ] GC(184) Desired survivor size 8945664 bytes, new threshold 15 (max threshold 15)
[10.494s][trace][gc,age         ] GC(184) Age table with threshold 15 (max threshold 15)
[10.494s][trace][gc,age         ] GC(184) - age   1:     400208 bytes,     400208 total
[10.494s][info ][gc,heap        ] GC(184) DefNew: 140018K(157376K)->390K(157376K) Eden: 139627K(139904K)->0K(139904K) From: 390K(17472K)->390K(17472K)
[10.494s][info ][gc,heap        ] GC(184) Tenured: 3958K(349568K)->3958K(349568K)
[10.494s][info ][gc,metaspace   ] GC(184) Metaspace: 9872K(10112K)->9872K(10112K) NonClass: 8744K(8832K)->8744K(8832K) Class: 1128K(1280K)->1128K(1280K)
[10.494s][info ][gc             ] GC(184) Pause Young (Allocation Failure) 140M->4M(495M) 0.196ms
[10.494s][info ][gc,cpu         ] GC(184) User=0.00s Sys=0.00s Real=0.00s
[10.504s][info ][gc,start       ] GC(185) Pause Young (Allocation Failure)
[10.504s][debug][gc,age         ] GC(185) Desired survivor size 8945664 bytes, new threshold 15 (max threshold 15)
[10.504s][trace][gc,age         ] GC(185) Age table with threshold 15 (max threshold 15)
[10.504s][trace][gc,age         ] GC(185) - age   1:        192 bytes,        192 total
[10.504s][info ][gc,heap        ] GC(185) DefNew: 140153K(157376K)->0K(157376K) Eden: 139762K(139904K)->0K(139904K) From: 390K(17472K)->0K(17472K)
[10.504s][info ][gc,heap        ] GC(185) Tenured: 3958K(349568K)->3958K(349568K)
[10.504s][info ][gc,metaspace   ] GC(185) Metaspace: 9872K(10112K)->9872K(10112K) NonClass: 8744K(8832K)->8744K(8832K) Class: 1128K(1280K)->1128K(1280K)
[10.504s][info ][gc             ] GC(185) Pause Young (Allocation Failure) 140M->3M(495M) 0.162ms
[10.504s][info ][gc,cpu         ] GC(185) User=0.00s Sys=0.00s Real=0.00s
[10.515s][info ][gc,start       ] GC(186) Pause Young (Allocation Failure)
[10.515s][debug][gc,age         ] GC(186) Desired survivor size 8945664 bytes, new threshold 15 (max threshold 15)
[10.515s][trace][gc,age         ] GC(186) Age table with threshold 15 (max threshold 15)
[10.515s][trace][gc,age         ] GC(186) - age   1:     400208 bytes,     400208 total
[10.515s][info ][gc,heap        ] GC(186) DefNew: 139654K(157376K)->390K(157376K) Eden: 139654K(139904K)->0K(139904K) From: 0K(17472K)->390K(17472K)
[10.515s][info ][gc,heap        ] GC(186) Tenured: 3958K(349568K)->3958K(349568K)
[10.515s][info ][gc,metaspace   ] GC(186) Metaspace: 9872K(10112K)->9872K(10112K) NonClass: 8744K(8832K)->8744K(8832K) Class: 1128K(1280K)->1128K(1280K)
[10.515s][info ][gc             ] GC(186) Pause Young (Allocation Failure) 140M->4M(495M) 0.175ms
[10.515s][info ][gc,cpu         ] GC(186) User=0.00s Sys=0.00s Real=0.00s
[10.525s][info ][gc,start       ] GC(187) Pause Young (Allocation Failure)
[10.525s][debug][gc,age         ] GC(187) Desired survivor size 8945664 bytes, new threshold 15 (max threshold 15)
[10.525s][trace][gc,age         ] GC(187) Age table with threshold 15 (max threshold 15)
[10.525s][trace][gc,age         ] GC(187) - age   1:        192 bytes,        192 total
[10.525s][info ][gc,heap        ] GC(187) DefNew: 140016K(157376K)->0K(157376K) Eden: 139625K(139904K)->0K(139904K) From: 390K(17472K)->0K(17472K)
[10.525s][info ][gc,heap        ] GC(187) Tenured: 3958K(349568K)->3958K(349568K)
[10.525s][info ][gc,metaspace   ] GC(187) Metaspace: 9872K(10112K)->9872K(10112K) NonClass: 8744K(8832K)->8744K(8832K) Class: 1128K(1280K)->1128K(1280K)
[10.525s][info ][gc             ] GC(187) Pause Young (Allocation Failure) 140M->3M(495M) 0.144ms
[10.525s][info ][gc,cpu         ] GC(187) User=0.00s Sys=0.00s Real=0.00s
[10.535s][info ][gc,start       ] GC(188) Pause Young (Allocation Failure)
[10.536s][debug][gc,age         ] GC(188) Desired survivor size 8945664 bytes, new threshold 15 (max threshold 15)
[10.536s][trace][gc,age         ] GC(188) Age table with threshold 15 (max threshold 15)
[10.536s][trace][gc,age         ] GC(188) - age   1:        192 bytes,        192 total
[10.536s][info ][gc,heap        ] GC(188) DefNew: 139904K(157376K)->0K(157376K) Eden: 139904K(139904K)->0K(139904K) From: 0K(17472K)->0K(17472K)
[10.536s][info ][gc,heap        ] GC(188) Tenured: 3958K(349568K)->3958K(349568K)
[10.536s][info ][gc,metaspace   ] GC(188) Metaspace: 9872K(10112K)->9872K(10112K) NonClass: 8744K(8832K)->8744K(8832K) Class: 1128K(1280K)->1128K(1280K)
[10.536s][info ][gc             ] GC(188) Pause Young (Allocation Failure) 140M->3M(495M) 0.147ms
[10.536s][info ][gc,cpu         ] GC(188) User=0.00s Sys=0.00s Real=0.00s
[10.546s][info ][gc,start       ] GC(189) Pause Young (Allocation Failure)
[10.546s][debug][gc,age         ] GC(189) Desired survivor size 8945664 bytes, new threshold 15 (max threshold 15)
[10.546s][trace][gc,age         ] GC(189) Age table with threshold 15 (max threshold 15)
[10.546s][trace][gc,age         ] GC(189) - age   1:     400208 bytes,     400208 total
[10.546s][info ][gc,heap        ] GC(189) DefNew: 139776K(157376K)->390K(157376K) Eden: 139776K(139904K)->0K(139904K) From: 0K(17472K)->390K(17472K)
[10.546s][info ][gc,heap        ] GC(189) Tenured: 3958K(349568K)->3958K(349568K)
[10.546s][info ][gc,metaspace   ] GC(189) Metaspace: 9872K(10112K)->9872K(10112K) NonClass: 8744K(8832K)->8744K(8832K) Class: 1128K(1280K)->1128K(1280K)
[10.546s][info ][gc             ] GC(189) Pause Young (Allocation Failure) 140M->4M(495M) 0.159ms
[10.546s][info ][gc,cpu         ] GC(189) User=0.00s Sys=0.00s Real=0.00s
[10.556s][info ][gc,start       ] GC(190) Pause Young (Allocation Failure)
[10.556s][debug][gc,age         ] GC(190) Desired survivor size 8945664 bytes, new threshold 15 (max threshold 15)
[10.556s][trace][gc,age         ] GC(190) Age table with threshold 15 (max threshold 15)
[10.556s][trace][gc,age         ] GC(190) - age   1:        192 bytes,        192 total
[10.556s][info ][gc,heap        ] GC(190) DefNew: 140106K(157376K)->0K(157376K) Eden: 139715K(139904K)->0K(139904K) From: 390K(17472K)->0K(17472K)
[10.556s][info ][gc,heap        ] GC(190) Tenured: 3958K(349568K)->3958K(349568K)
[10.556s][info ][gc,metaspace   ] GC(190) Metaspace: 9872K(10112K)->9872K(10112K) NonClass: 8744K(8832K)->8744K(8832K) Class: 1128K(1280K)->1128K(1280K)
[10.556s][info ][gc             ] GC(190) Pause Young (Allocation Failure) 140M->3M(495M) 0.146ms
[10.556s][info ][gc,cpu         ] GC(190) User=0.00s Sys=0.00s Real=0.00s
[10.567s][info ][gc,start       ] GC(191) Pause Young (Allocation Failure)
[10.567s][debug][gc,age         ] GC(191) Desired survivor size 8945664 bytes, new threshold 15 (max threshold 15)
[10.567s][trace][gc,age         ] GC(191) Age table with threshold 15 (max threshold 15)
[10.567s][trace][gc,age         ] GC(191) - age   1:     400208 bytes,     400208 total
[10.567s][info ][gc,heap        ] GC(191) DefNew: 139784K(157376K)->390K(157376K) Eden: 139784K(139904K)->0K(139904K) From: 0K(17472K)->390K(17472K)
[10.567s][info ][gc,heap        ] GC(191) Tenured: 3958K(349568K)->3958K(349568K)
[10.567s][info ][gc,metaspace   ] GC(191) Metaspace: 9872K(10112K)->9872K(10112K) NonClass: 8744K(8832K)->8744K(8832K) Class: 1128K(1280K)->1128K(1280K)
[10.567s][info ][gc             ] GC(191) Pause Young (Allocation Failure) 140M->4M(495M) 0.160ms
[10.567s][info ][gc,cpu         ] GC(191) User=0.00s Sys=0.00s Real=0.00s
[10.577s][info ][gc,start       ] GC(192) Pause Young (Allocation Failure)
[10.577s][debug][gc,age         ] GC(192) Desired survivor size 8945664 bytes, new threshold 15 (max threshold 15)
[10.577s][trace][gc,age         ] GC(192) Age table with threshold 15 (max threshold 15)
[10.577s][trace][gc,age         ] GC(192) - age   1:        192 bytes,        192 total
[10.577s][info ][gc,heap        ] GC(192) DefNew: 140218K(157376K)->0K(157376K) Eden: 139827K(139904K)->0K(139904K) From: 390K(17472K)->0K(17472K)
[10.577s][info ][gc,heap        ] GC(192) Tenured: 3958K(349568K)->3958K(349568K)
[10.577s][info ][gc,metaspace   ] GC(192) Metaspace: 9872K(10112K)->9872K(10112K) NonClass: 8744K(8832K)->8744K(8832K) Class: 1128K(1280K)->1128K(1280K)
[10.577s][info ][gc             ] GC(192) Pause Young (Allocation Failure) 140M->3M(495M) 0.143ms
[10.577s][info ][gc,cpu         ] GC(192) User=0.00s Sys=0.00s Real=0.00s
[10.587s][info ][gc,start       ] GC(193) Pause Young (Allocation Failure)
[10.587s][debug][gc,age         ] GC(193) Desired survivor size 8945664 bytes, new threshold 15 (max threshold 15)
[10.587s][trace][gc,age         ] GC(193) Age table with threshold 15 (max threshold 15)
[10.587s][trace][gc,age         ] GC(193) - age   1:     400208 bytes,     400208 total
[10.587s][info ][gc,heap        ] GC(193) DefNew: 139904K(157376K)->390K(157376K) Eden: 139904K(139904K)->0K(139904K) From: 0K(17472K)->390K(17472K)
[10.587s][info ][gc,heap        ] GC(193) Tenured: 3958K(349568K)->3958K(349568K)
[10.587s][info ][gc,metaspace   ] GC(193) Metaspace: 9872K(10112K)->9872K(10112K) NonClass: 8744K(8832K)->8744K(8832K) Class: 1128K(1280K)->1128K(1280K)
[10.587s][info ][gc             ] GC(193) Pause Young (Allocation Failure) 140M->4M(495M) 0.169ms
[10.587s][info ][gc,cpu         ] GC(193) User=0.00s Sys=0.00s Real=0.00s
[10.597s][info ][gc,start       ] GC(194) Pause Young (Allocation Failure)
[10.598s][debug][gc,age         ] GC(194) Desired survivor size 8945664 bytes, new threshold 15 (max threshold 15)
[10.598s][trace][gc,age         ] GC(194) Age table with threshold 15 (max threshold 15)
[10.598s][trace][gc,age         ] GC(194) - age   1:        192 bytes,        192 total
[10.598s][info ][gc,heap        ] GC(194) DefNew: 140294K(157376K)->0K(157376K) Eden: 139904K(139904K)->0K(139904K) From: 390K(17472K)->0K(17472K)
[10.598s][info ][gc,heap        ] GC(194) Tenured: 3958K(349568K)->3958K(349568K)
[10.598s][info ][gc,metaspace   ] GC(194) Metaspace: 9872K(10112K)->9872K(10112K) NonClass: 8744K(8832K)->8744K(8832K) Class: 1128K(1280K)->1128K(1280K)
[10.598s][info ][gc             ] GC(194) Pause Young (Allocation Failure) 140M->3M(495M) 0.142ms
[10.598s][info ][gc,cpu         ] GC(194) User=0.00s Sys=0.00s Real=0.00s
[10.608s][info ][gc,start       ] GC(195) Pause Young (Allocation Failure)
[10.608s][debug][gc,age         ] GC(195) Desired survivor size 8945664 bytes, new threshold 15 (max threshold 15)
[10.608s][trace][gc,age         ] GC(195) Age table with threshold 15 (max threshold 15)
[10.608s][trace][gc,age         ] GC(195) - age   1:     400208 bytes,     400208 total
[10.608s][info ][gc,heap        ] GC(195) DefNew: 139904K(157376K)->390K(157376K) Eden: 139904K(139904K)->0K(139904K) From: 0K(17472K)->390K(17472K)
[10.608s][info ][gc,heap        ] GC(195) Tenured: 3958K(349568K)->3958K(349568K)
[10.608s][info ][gc,metaspace   ] GC(195) Metaspace: 9872K(10112K)->9872K(10112K) NonClass: 8744K(8832K)->8744K(8832K) Class: 1128K(1280K)->1128K(1280K)
[10.608s][info ][gc             ] GC(195) Pause Young (Allocation Failure) 140M->4M(495M) 0.160ms
[10.608s][info ][gc,cpu         ] GC(195) User=0.00s Sys=0.00s Real=0.00s
[10.618s][info ][gc,start       ] GC(196) Pause Young (Allocation Failure)
[10.618s][debug][gc,age         ] GC(196) Desired survivor size 8945664 bytes, new threshold 15 (max threshold 15)
[10.618s][trace][gc,age         ] GC(196) Age table with threshold 15 (max threshold 15)
[10.618s][trace][gc,age         ] GC(196) - age   1:     400208 bytes,     400208 total
[10.618s][info ][gc,heap        ] GC(196) DefNew: 140294K(157376K)->390K(157376K) Eden: 139904K(139904K)->0K(139904K) From: 390K(17472K)->390K(17472K)
[10.618s][info ][gc,heap        ] GC(196) Tenured: 3958K(349568K)->3958K(349568K)
[10.618s][info ][gc,metaspace   ] GC(196) Metaspace: 9872K(10112K)->9872K(10112K) NonClass: 8744K(8832K)->8744K(8832K) Class: 1128K(1280K)->1128K(1280K)
[10.618s][info ][gc             ] GC(196) Pause Young (Allocation Failure) 140M->4M(495M) 0.158ms
[10.618s][info ][gc,cpu         ] GC(196) User=0.00s Sys=0.00s Real=0.00s
[10.628s][info ][gc,start       ] GC(197) Pause Young (Allocation Failure)
[10.628s][debug][gc,age         ] GC(197) Desired survivor size 8945664 bytes, new threshold 15 (max threshold 15)
[10.628s][trace][gc,age         ] GC(197) Age table with threshold 15 (max threshold 15)
[10.628s][trace][gc,age         ] GC(197) - age   1:     400208 bytes,     400208 total
[10.628s][info ][gc,heap        ] GC(197) DefNew: 140294K(157376K)->390K(157376K) Eden: 139904K(139904K)->0K(139904K) From: 390K(17472K)->390K(17472K)
[10.628s][info ][gc,heap        ] GC(197) Tenured: 3958K(349568K)->3958K(349568K)
[10.628s][info ][gc,metaspace   ] GC(197) Metaspace: 9872K(10112K)->9872K(10112K) NonClass: 8744K(8832K)->8744K(8832K) Class: 1128K(1280K)->1128K(1280K)
[10.628s][info ][gc             ] GC(197) Pause Young (Allocation Failure) 140M->4M(495M) 0.159ms
[10.628s][info ][gc,cpu         ] GC(197) User=0.00s Sys=0.00s Real=0.00s
[10.638s][info ][gc,start       ] GC(198) Pause Young (Allocation Failure)
[10.638s][debug][gc,age         ] GC(198) Desired survivor size 8945664 bytes, new threshold 15 (max threshold 15)
[10.638s][trace][gc,age         ] GC(198) Age table with threshold 15 (max threshold 15)
[10.638s][trace][gc,age         ] GC(198) - age   1:     400208 bytes,     400208 total
[10.638s][info ][gc,heap        ] GC(198) DefNew: 140294K(157376K)->390K(157376K) Eden: 139904K(139904K)->0K(139904K) From: 390K(17472K)->390K(17472K)
[10.638s][info ][gc,heap        ] GC(198) Tenured: 3958K(349568K)->3958K(349568K)
[10.638s][info ][gc,metaspace   ] GC(198) Metaspace: 9872K(10112K)->9872K(10112K) NonClass: 8744K(8832K)->8744K(8832K) Class: 1128K(1280K)->1128K(1280K)
[10.638s][info ][gc             ] GC(198) Pause Young (Allocation Failure) 140M->4M(495M) 0.156ms
[10.638s][info ][gc,cpu         ] GC(198) User=0.00s Sys=0.00s Real=0.00s
[10.648s][info ][gc,start       ] GC(199) Pause Young (Allocation Failure)
[10.648s][debug][gc,age         ] GC(199) Desired survivor size 8945664 bytes, new threshold 15 (max threshold 15)
[10.648s][trace][gc,age         ] GC(199) Age table with threshold 15 (max threshold 15)
[10.648s][trace][gc,age         ] GC(199) - age   1:     400208 bytes,     400208 total
[10.648s][info ][gc,heap        ] GC(199) DefNew: 140294K(157376K)->390K(157376K) Eden: 139904K(139904K)->0K(139904K) From: 390K(17472K)->390K(17472K)
[10.648s][info ][gc,heap        ] GC(199) Tenured: 3958K(349568K)->3958K(349568K)
[10.648s][info ][gc,metaspace   ] GC(199) Metaspace: 9872K(10112K)->9872K(10112K) NonClass: 8744K(8832K)->8744K(8832K) Class: 1128K(1280K)->1128K(1280K)
[10.648s][info ][gc             ] GC(199) Pause Young (Allocation Failure) 140M->4M(495M) 0.163ms
[10.648s][info ][gc,cpu         ] GC(199) User=0.00s Sys=0.00s Real=0.00s
[10.658s][info ][gc,start       ] GC(200) Pause Young (Allocation Failure)
[10.658s][debug][gc,age         ] GC(200) Desired survivor size 8945664 bytes, new threshold 15 (max threshold 15)
[10.658s][trace][gc,age         ] GC(200) Age table with threshold 15 (max threshold 15)
[10.658s][trace][gc,age         ] GC(200) - age   1:     400208 bytes,     400208 total
[10.658s][info ][gc,heap        ] GC(200) DefNew: 140294K(157376K)->390K(157376K) Eden: 139904K(139904K)->0K(139904K) From: 390K(17472K)->390K(17472K)
[10.658s][info ][gc,heap        ] GC(200) Tenured: 3958K(349568K)->3958K(349568K)
[10.658s][info ][gc,metaspace   ] GC(200) Metaspace: 9872K(10112K)->9872K(10112K) NonClass: 8744K(8832K)->8744K(8832K) Class: 1128K(1280K)->1128K(1280K)
[10.658s][info ][gc             ] GC(200) Pause Young (Allocation Failure) 140M->4M(495M) 0.160ms
[10.658s][info ][gc,cpu         ] GC(200) User=0.00s Sys=0.00s Real=0.00s
[10.668s][info ][gc,start       ] GC(201) Pause Young (Allocation Failure)
[10.669s][debug][gc,age         ] GC(201) Desired survivor size 8945664 bytes, new threshold 15 (max threshold 15)
[10.669s][trace][gc,age         ] GC(201) Age table with threshold 15 (max threshold 15)
[10.669s][trace][gc,age         ] GC(201) - age   1:     400208 bytes,     400208 total
[10.669s][info ][gc,heap        ] GC(201) DefNew: 140294K(157376K)->390K(157376K) Eden: 139904K(139904K)->0K(139904K) From: 390K(17472K)->390K(17472K)
[10.669s][info ][gc,heap        ] GC(201) Tenured: 3958K(349568K)->3958K(349568K)
[10.669s][info ][gc,metaspace   ] GC(201) Metaspace: 9872K(10112K)->9872K(10112K) NonClass: 8744K(8832K)->8744K(8832K) Class: 1128K(1280K)->1128K(1280K)
[10.669s][info ][gc             ] GC(201) Pause Young (Allocation Failure) 140M->4M(495M) 0.164ms
[10.669s][info ][gc,cpu         ] GC(201) User=0.00s Sys=0.00s Real=0.00s
[10.679s][info ][gc,start       ] GC(202) Pause Young (Allocation Failure)
[10.679s][debug][gc,age         ] GC(202) Desired survivor size 8945664 bytes, new threshold 15 (max threshold 15)
[10.679s][trace][gc,age         ] GC(202) Age table with threshold 15 (max threshold 15)
[10.679s][trace][gc,age         ] GC(202) - age   1:     400208 bytes,     400208 total
[10.679s][info ][gc,heap        ] GC(202) DefNew: 140294K(157376K)->390K(157376K) Eden: 139904K(139904K)->0K(139904K) From: 390K(17472K)->390K(17472K)
[10.679s][info ][gc,heap        ] GC(202) Tenured: 3958K(349568K)->3958K(349568K)
[10.679s][info ][gc,metaspace   ] GC(202) Metaspace: 9872K(10112K)->9872K(10112K) NonClass: 8744K(8832K)->8744K(8832K) Class: 1128K(1280K)->1128K(1280K)
[10.679s][info ][gc             ] GC(202) Pause Young (Allocation Failure) 140M->4M(495M) 0.163ms
[10.679s][info ][gc,cpu         ] GC(202) User=0.00s Sys=0.00s Real=0.00s
[10.689s][info ][gc,start       ] GC(203) Pause Young (Allocation Failure)
[10.689s][debug][gc,age         ] GC(203) Desired survivor size 8945664 bytes, new threshold 15 (max threshold 15)
[10.689s][trace][gc,age         ] GC(203) Age table with threshold 15 (max threshold 15)
[10.689s][trace][gc,age         ] GC(203) - age   1:     400208 bytes,     400208 total
[10.689s][info ][gc,heap        ] GC(203) DefNew: 140294K(157376K)->390K(157376K) Eden: 139904K(139904K)->0K(139904K) From: 390K(17472K)->390K(17472K)
[10.689s][info ][gc,heap        ] GC(203) Tenured: 3958K(349568K)->3958K(349568K)
[10.689s][info ][gc,metaspace   ] GC(203) Metaspace: 9872K(10112K)->9872K(10112K) NonClass: 8744K(8832K)->8744K(8832K) Class: 1128K(1280K)->1128K(1280K)
[10.689s][info ][gc             ] GC(203) Pause Young (Allocation Failure) 140M->4M(495M) 0.163ms
[10.689s][info ][gc,cpu         ] GC(203) User=0.00s Sys=0.00s Real=0.00s
[10.699s][info ][gc,start       ] GC(204) Pause Young (Allocation Failure)
[10.699s][debug][gc,age         ] GC(204) Desired survivor size 8945664 bytes, new threshold 15 (max threshold 15)
[10.699s][trace][gc,age         ] GC(204) Age table with threshold 15 (max threshold 15)
[10.699s][trace][gc,age         ] GC(204) - age   1:     400208 bytes,     400208 total
[10.699s][info ][gc,heap        ] GC(204) DefNew: 140294K(157376K)->390K(157376K) Eden: 139904K(139904K)->0K(139904K) From: 390K(17472K)->390K(17472K)
[10.699s][info ][gc,heap        ] GC(204) Tenured: 3958K(349568K)->3958K(349568K)
[10.699s][info ][gc,metaspace   ] GC(204) Metaspace: 9872K(10112K)->9872K(10112K) NonClass: 8744K(8832K)->8744K(8832K) Class: 1128K(1280K)->1128K(1280K)
[10.699s][info ][gc             ] GC(204) Pause Young (Allocation Failure) 140M->4M(495M) 0.173ms
[10.699s][info ][gc,cpu         ] GC(204) User=0.00s Sys=0.00s Real=0.00s
[10.709s][info ][gc,start       ] GC(205) Pause Young (Allocation Failure)
[10.709s][debug][gc,age         ] GC(205) Desired survivor size 8945664 bytes, new threshold 15 (max threshold 15)
[10.709s][trace][gc,age         ] GC(205) Age table with threshold 15 (max threshold 15)
[10.709s][trace][gc,age         ] GC(205) - age   1:     400208 bytes,     400208 total
[10.709s][info ][gc,heap        ] GC(205) DefNew: 140294K(157376K)->390K(157376K) Eden: 139904K(139904K)->0K(139904K) From: 390K(17472K)->390K(17472K)
[10.709s][info ][gc,heap        ] GC(205) Tenured: 3958K(349568K)->3958K(349568K)
[10.709s][info ][gc,metaspace   ] GC(205) Metaspace: 9872K(10112K)->9872K(10112K) NonClass: 8744K(8832K)->8744K(8832K) Class: 1128K(1280K)->1128K(1280K)
[10.709s][info ][gc             ] GC(205) Pause Young (Allocation Failure) 140M->4M(495M) 0.158ms
[10.709s][info ][gc,cpu         ] GC(205) User=0.00s Sys=0.00s Real=0.00s
[10.719s][info ][gc,start       ] GC(206) Pause Young (Allocation Failure)
[10.719s][debug][gc,age         ] GC(206) Desired survivor size 8945664 bytes, new threshold 15 (max threshold 15)
[10.719s][trace][gc,age         ] GC(206) Age table with threshold 15 (max threshold 15)
[10.719s][trace][gc,age         ] GC(206) - age   1:     400208 bytes,     400208 total
[10.719s][info ][gc,heap        ] GC(206) DefNew: 140294K(157376K)->390K(157376K) Eden: 139904K(139904K)->0K(139904K) From: 390K(17472K)->390K(17472K)
[10.719s][info ][gc,heap        ] GC(206) Tenured: 3958K(349568K)->3958K(349568K)
[10.719s][info ][gc,metaspace   ] GC(206) Metaspace: 9872K(10112K)->9872K(10112K) NonClass: 8744K(8832K)->8744K(8832K) Class: 1128K(1280K)->1128K(1280K)
[10.719s][info ][gc             ] GC(206) Pause Young (Allocation Failure) 140M->4M(495M) 0.160ms
[10.719s][info ][gc,cpu         ] GC(206) User=0.00s Sys=0.00s Real=0.00s
[10.729s][info ][gc,start       ] GC(207) Pause Young (Allocation Failure)
[10.730s][debug][gc,age         ] GC(207) Desired survivor size 8945664 bytes, new threshold 15 (max threshold 15)
[10.730s][trace][gc,age         ] GC(207) Age table with threshold 15 (max threshold 15)
[10.730s][trace][gc,age         ] GC(207) - age   1:     400208 bytes,     400208 total
[10.730s][info ][gc,heap        ] GC(207) DefNew: 140294K(157376K)->390K(157376K) Eden: 139904K(139904K)->0K(139904K) From: 390K(17472K)->390K(17472K)
[10.730s][info ][gc,heap        ] GC(207) Tenured: 3958K(349568K)->3958K(349568K)
[10.730s][info ][gc,metaspace   ] GC(207) Metaspace: 9872K(10112K)->9872K(10112K) NonClass: 8744K(8832K)->8744K(8832K) Class: 1128K(1280K)->1128K(1280K)
[10.730s][info ][gc             ] GC(207) Pause Young (Allocation Failure) 140M->4M(495M) 0.155ms
[10.730s][info ][gc,cpu         ] GC(207) User=0.00s Sys=0.00s Real=0.00s
[10.740s][info ][gc,start       ] GC(208) Pause Young (Allocation Failure)
[10.740s][debug][gc,age         ] GC(208) Desired survivor size 8945664 bytes, new threshold 15 (max threshold 15)
[10.740s][trace][gc,age         ] GC(208) Age table with threshold 15 (max threshold 15)
[10.740s][trace][gc,age         ] GC(208) - age   1:     400208 bytes,     400208 total
[10.740s][info ][gc,heap        ] GC(208) DefNew: 140294K(157376K)->390K(157376K) Eden: 139904K(139904K)->0K(139904K) From: 390K(17472K)->390K(17472K)
[10.740s][info ][gc,heap        ] GC(208) Tenured: 3958K(349568K)->3958K(349568K)
[10.740s][info ][gc,metaspace   ] GC(208) Metaspace: 9872K(10112K)->9872K(10112K) NonClass: 8744K(8832K)->8744K(8832K) Class: 1128K(1280K)->1128K(1280K)
[10.740s][info ][gc             ] GC(208) Pause Young (Allocation Failure) 140M->4M(495M) 0.158ms
[10.740s][info ][gc,cpu         ] GC(208) User=0.00s Sys=0.00s Real=0.00s
[10.750s][info ][gc,start       ] GC(209) Pause Young (Allocation Failure)
[10.750s][debug][gc,age         ] GC(209) Desired survivor size 8945664 bytes, new threshold 15 (max threshold 15)
[10.750s][trace][gc,age         ] GC(209) Age table with threshold 15 (max threshold 15)
[10.750s][trace][gc,age         ] GC(209) - age   1:     400208 bytes,     400208 total
[10.750s][info ][gc,heap        ] GC(209) DefNew: 140294K(157376K)->390K(157376K) Eden: 139904K(139904K)->0K(139904K) From: 390K(17472K)->390K(17472K)
[10.750s][info ][gc,heap        ] GC(209) Tenured: 3958K(349568K)->3958K(349568K)
[10.750s][info ][gc,metaspace   ] GC(209) Metaspace: 9872K(10112K)->9872K(10112K) NonClass: 8744K(8832K)->8744K(8832K) Class: 1128K(1280K)->1128K(1280K)
[10.750s][info ][gc             ] GC(209) Pause Young (Allocation Failure) 140M->4M(495M) 0.154ms
[10.750s][info ][gc,cpu         ] GC(209) User=0.00s Sys=0.00s Real=0.00s
[10.760s][info ][gc,start       ] GC(210) Pause Young (Allocation Failure)
[10.760s][debug][gc,age         ] GC(210) Desired survivor size 8945664 bytes, new threshold 15 (max threshold 15)
[10.760s][trace][gc,age         ] GC(210) Age table with threshold 15 (max threshold 15)
[10.760s][trace][gc,age         ] GC(210) - age   1:     400208 bytes,     400208 total
[10.760s][info ][gc,heap        ] GC(210) DefNew: 140294K(157376K)->390K(157376K) Eden: 139904K(139904K)->0K(139904K) From: 390K(17472K)->390K(17472K)
[10.760s][info ][gc,heap        ] GC(210) Tenured: 3958K(349568K)->3958K(349568K)
[10.760s][info ][gc,metaspace   ] GC(210) Metaspace: 9872K(10112K)->9872K(10112K) NonClass: 8744K(8832K)->8744K(8832K) Class: 1128K(1280K)->1128K(1280K)
[10.760s][info ][gc             ] GC(210) Pause Young (Allocation Failure) 140M->4M(495M) 0.155ms
[10.760s][info ][gc,cpu         ] GC(210) User=0.00s Sys=0.00s Real=0.00s
[10.770s][info ][gc,start       ] GC(211) Pause Young (Allocation Failure)
[10.770s][debug][gc,age         ] GC(211) Desired survivor size 8945664 bytes, new threshold 15 (max threshold 15)
[10.770s][trace][gc,age         ] GC(211) Age table with threshold 15 (max threshold 15)
[10.770s][trace][gc,age         ] GC(211) - age   1:     400208 bytes,     400208 total
[10.770s][info ][gc,heap        ] GC(211) DefNew: 140294K(157376K)->390K(157376K) Eden: 139904K(139904K)->0K(139904K) From: 390K(17472K)->390K(17472K)
[10.770s][info ][gc,heap        ] GC(211) Tenured: 3958K(349568K)->3958K(349568K)
[10.770s][info ][gc,metaspace   ] GC(211) Metaspace: 9872K(10112K)->9872K(10112K) NonClass: 8744K(8832K)->8744K(8832K) Class: 1128K(1280K)->1128K(1280K)
[10.770s][info ][gc             ] GC(211) Pause Young (Allocation Failure) 140M->4M(495M) 0.156ms
[10.770s][info ][gc,cpu         ] GC(211) User=0.00s Sys=0.00s Real=0.01s
[10.780s][info ][gc,start       ] GC(212) Pause Young (Allocation Failure)
[10.780s][debug][gc,age         ] GC(212) Desired survivor size 8945664 bytes, new threshold 15 (max threshold 15)
[10.780s][trace][gc,age         ] GC(212) Age table with threshold 15 (max threshold 15)
[10.780s][trace][gc,age         ] GC(212) - age   1:     400208 bytes,     400208 total
[10.780s][info ][gc,heap        ] GC(212) DefNew: 140294K(157376K)->390K(157376K) Eden: 139904K(139904K)->0K(139904K) From: 390K(17472K)->390K(17472K)
[10.780s][info ][gc,heap        ] GC(212) Tenured: 3958K(349568K)->3958K(349568K)
[10.780s][info ][gc,metaspace   ] GC(212) Metaspace: 9872K(10112K)->9872K(10112K) NonClass: 8744K(8832K)->8744K(8832K) Class: 1128K(1280K)->1128K(1280K)
[10.780s][info ][gc             ] GC(212) Pause Young (Allocation Failure) 140M->4M(495M) 0.161ms
[10.780s][info ][gc,cpu         ] GC(212) User=0.00s Sys=0.00s Real=0.00s
[10.790s][info ][gc,start       ] GC(213) Pause Young (Allocation Failure)
[10.790s][debug][gc,age         ] GC(213) Desired survivor size 8945664 bytes, new threshold 15 (max threshold 15)
[10.790s][trace][gc,age         ] GC(213) Age table with threshold 15 (max threshold 15)
[10.790s][trace][gc,age         ] GC(213) - age   1:     400208 bytes,     400208 total
[10.790s][info ][gc,heap        ] GC(213) DefNew: 140294K(157376K)->390K(157376K) Eden: 139904K(139904K)->0K(139904K) From: 390K(17472K)->390K(17472K)
[10.790s][info ][gc,heap        ] GC(213) Tenured: 3958K(349568K)->3958K(349568K)
[10.790s][info ][gc,metaspace   ] GC(213) Metaspace: 9872K(10112K)->9872K(10112K) NonClass: 8744K(8832K)->8744K(8832K) Class: 1128K(1280K)->1128K(1280K)
[10.790s][info ][gc             ] GC(213) Pause Young (Allocation Failure) 140M->4M(495M) 0.155ms
[10.790s][info ][gc,cpu         ] GC(213) User=0.00s Sys=0.00s Real=0.00s
[10.800s][info ][gc,start       ] GC(214) Pause Young (Allocation Failure)
[10.801s][debug][gc,age         ] GC(214) Desired survivor size 8945664 bytes, new threshold 15 (max threshold 15)
[10.801s][trace][gc,age         ] GC(214) Age table with threshold 15 (max threshold 15)
[10.801s][trace][gc,age         ] GC(214) - age   1:     400208 bytes,     400208 total
[10.801s][info ][gc,heap        ] GC(214) DefNew: 140294K(157376K)->390K(157376K) Eden: 139904K(139904K)->0K(139904K) From: 390K(17472K)->390K(17472K)
[10.801s][info ][gc,heap        ] GC(214) Tenured: 3958K(349568K)->3958K(349568K)
[10.801s][info ][gc,metaspace   ] GC(214) Metaspace: 9872K(10112K)->9872K(10112K) NonClass: 8744K(8832K)->8744K(8832K) Class: 1128K(1280K)->1128K(1280K)
[10.801s][info ][gc             ] GC(214) Pause Young (Allocation Failure) 140M->4M(495M) 0.157ms
[10.801s][info ][gc,cpu         ] GC(214) User=0.00s Sys=0.00s Real=0.00s
[10.811s][info ][gc,start       ] GC(215) Pause Young (Allocation Failure)
[10.811s][debug][gc,age         ] GC(215) Desired survivor size 8945664 bytes, new threshold 15 (max threshold 15)
[10.811s][trace][gc,age         ] GC(215) Age table with threshold 15 (max threshold 15)
[10.811s][trace][gc,age         ] GC(215) - age   1:     400208 bytes,     400208 total
[10.811s][info ][gc,heap        ] GC(215) DefNew: 140294K(157376K)->390K(157376K) Eden: 139904K(139904K)->0K(139904K) From: 390K(17472K)->390K(17472K)
[10.811s][info ][gc,heap        ] GC(215) Tenured: 3958K(349568K)->3958K(349568K)
[10.811s][info ][gc,metaspace   ] GC(215) Metaspace: 9872K(10112K)->9872K(10112K) NonClass: 8744K(8832K)->8744K(8832K) Class: 1128K(1280K)->1128K(1280K)
[10.811s][info ][gc             ] GC(215) Pause Young (Allocation Failure) 140M->4M(495M) 0.156ms
[10.811s][info ][gc,cpu         ] GC(215) User=0.00s Sys=0.00s Real=0.00s
[10.821s][info ][gc,start       ] GC(216) Pause Young (Allocation Failure)
[10.821s][debug][gc,age         ] GC(216) Desired survivor size 8945664 bytes, new threshold 15 (max threshold 15)
[10.821s][trace][gc,age         ] GC(216) Age table with threshold 15 (max threshold 15)
[10.821s][trace][gc,age         ] GC(216) - age   1:     400208 bytes,     400208 total
[10.821s][info ][gc,heap        ] GC(216) DefNew: 140294K(157376K)->390K(157376K) Eden: 139904K(139904K)->0K(139904K) From: 390K(17472K)->390K(17472K)
[10.821s][info ][gc,heap        ] GC(216) Tenured: 3958K(349568K)->3958K(349568K)
[10.821s][info ][gc,metaspace   ] GC(216) Metaspace: 9872K(10112K)->9872K(10112K) NonClass: 8744K(8832K)->8744K(8832K) Class: 1128K(1280K)->1128K(1280K)
[10.821s][info ][gc             ] GC(216) Pause Young (Allocation Failure) 140M->4M(495M) 0.157ms
[10.821s][info ][gc,cpu         ] GC(216) User=0.00s Sys=0.00s Real=0.00s
[10.831s][info ][gc,start       ] GC(217) Pause Young (Allocation Failure)
[10.831s][debug][gc,age         ] GC(217) Desired survivor size 8945664 bytes, new threshold 15 (max threshold 15)
[10.831s][trace][gc,age         ] GC(217) Age table with threshold 15 (max threshold 15)
[10.831s][trace][gc,age         ] GC(217) - age   1:     400208 bytes,     400208 total
[10.831s][info ][gc,heap        ] GC(217) DefNew: 140294K(157376K)->390K(157376K) Eden: 139904K(139904K)->0K(139904K) From: 390K(17472K)->390K(17472K)
[10.831s][info ][gc,heap        ] GC(217) Tenured: 3958K(349568K)->3958K(349568K)
[10.831s][info ][gc,metaspace   ] GC(217) Metaspace: 9872K(10112K)->9872K(10112K) NonClass: 8744K(8832K)->8744K(8832K) Class: 1128K(1280K)->1128K(1280K)
[10.831s][info ][gc             ] GC(217) Pause Young (Allocation Failure) 140M->4M(495M) 0.159ms
[10.831s][info ][gc,cpu         ] GC(217) User=0.00s Sys=0.00s Real=0.00s
[10.841s][info ][gc,start       ] GC(218) Pause Young (Allocation Failure)
[10.841s][debug][gc,age         ] GC(218) Desired survivor size 8945664 bytes, new threshold 15 (max threshold 15)
[10.841s][trace][gc,age         ] GC(218) Age table with threshold 15 (max threshold 15)
[10.841s][trace][gc,age         ] GC(218) - age   1:     400208 bytes,     400208 total
[10.841s][info ][gc,heap        ] GC(218) DefNew: 140294K(157376K)->390K(157376K) Eden: 139904K(139904K)->0K(139904K) From: 390K(17472K)->390K(17472K)
[10.841s][info ][gc,heap        ] GC(218) Tenured: 3958K(349568K)->3958K(349568K)
[10.841s][info ][gc,metaspace   ] GC(218) Metaspace: 9872K(10112K)->9872K(10112K) NonClass: 8744K(8832K)->8744K(8832K) Class: 1128K(1280K)->1128K(1280K)
[10.841s][info ][gc             ] GC(218) Pause Young (Allocation Failure) 140M->4M(495M) 0.164ms
[10.841s][info ][gc,cpu         ] GC(218) User=0.00s Sys=0.00s Real=0.00s
[10.851s][info ][gc,start       ] GC(219) Pause Young (Allocation Failure)
[10.851s][debug][gc,age         ] GC(219) Desired survivor size 8945664 bytes, new threshold 15 (max threshold 15)
[10.851s][trace][gc,age         ] GC(219) Age table with threshold 15 (max threshold 15)
[10.851s][trace][gc,age         ] GC(219) - age   1:     400208 bytes,     400208 total
[10.851s][info ][gc,heap        ] GC(219) DefNew: 140294K(157376K)->390K(157376K) Eden: 139904K(139904K)->0K(139904K) From: 390K(17472K)->390K(17472K)
[10.851s][info ][gc,heap        ] GC(219) Tenured: 3958K(349568K)->3958K(349568K)
[10.851s][info ][gc,metaspace   ] GC(219) Metaspace: 9872K(10112K)->9872K(10112K) NonClass: 8744K(8832K)->8744K(8832K) Class: 1128K(1280K)->1128K(1280K)
[10.851s][info ][gc             ] GC(219) Pause Young (Allocation Failure) 140M->4M(495M) 0.156ms
[10.851s][info ][gc,cpu         ] GC(219) User=0.00s Sys=0.00s Real=0.00s
[10.861s][info ][gc,start       ] GC(220) Pause Young (Allocation Failure)
[10.861s][debug][gc,age         ] GC(220) Desired survivor size 8945664 bytes, new threshold 15 (max threshold 15)
[10.861s][trace][gc,age         ] GC(220) Age table with threshold 15 (max threshold 15)
[10.861s][trace][gc,age         ] GC(220) - age   1:     400208 bytes,     400208 total
[10.862s][info ][gc,heap        ] GC(220) DefNew: 140294K(157376K)->390K(157376K) Eden: 139904K(139904K)->0K(139904K) From: 390K(17472K)->390K(17472K)
[10.862s][info ][gc,heap        ] GC(220) Tenured: 3958K(349568K)->3958K(349568K)
[10.862s][info ][gc,metaspace   ] GC(220) Metaspace: 9872K(10112K)->9872K(10112K) NonClass: 8744K(8832K)->8744K(8832K) Class: 1128K(1280K)->1128K(1280K)
[10.862s][info ][gc             ] GC(220) Pause Young (Allocation Failure) 140M->4M(495M) 0.162ms
[10.862s][info ][gc,cpu         ] GC(220) User=0.00s Sys=0.00s Real=0.00s
[10.872s][info ][gc,start       ] GC(221) Pause Young (Allocation Failure)
[10.872s][debug][gc,age         ] GC(221) Desired survivor size 8945664 bytes, new threshold 15 (max threshold 15)
[10.872s][trace][gc,age         ] GC(221) Age table with threshold 15 (max threshold 15)
[10.872s][trace][gc,age         ] GC(221) - age   1:     400208 bytes,     400208 total
[10.872s][info ][gc,heap        ] GC(221) DefNew: 140294K(157376K)->390K(157376K) Eden: 139904K(139904K)->0K(139904K) From: 390K(17472K)->390K(17472K)
[10.872s][info ][gc,heap        ] GC(221) Tenured: 3958K(349568K)->3958K(349568K)
[10.872s][info ][gc,metaspace   ] GC(221) Metaspace: 9872K(10112K)->9872K(10112K) NonClass: 8744K(8832K)->8744K(8832K) Class: 1128K(1280K)->1128K(1280K)
[10.872s][info ][gc             ] GC(221) Pause Young (Allocation Failure) 140M->4M(495M) 0.160ms
[10.872s][info ][gc,cpu         ] GC(221) User=0.00s Sys=0.00s Real=0.00s
[10.882s][info ][gc,start       ] GC(222) Pause Young (Allocation Failure)
[10.882s][debug][gc,age         ] GC(222) Desired survivor size 8945664 bytes, new threshold 15 (max threshold 15)
[10.882s][trace][gc,age         ] GC(222) Age table with threshold 15 (max threshold 15)
[10.882s][trace][gc,age         ] GC(222) - age   1:     400208 bytes,     400208 total
[10.882s][info ][gc,heap        ] GC(222) DefNew: 140294K(157376K)->390K(157376K) Eden: 139904K(139904K)->0K(139904K) From: 390K(17472K)->390K(17472K)
[10.882s][info ][gc,heap        ] GC(222) Tenured: 3958K(349568K)->3958K(349568K)
[10.882s][info ][gc,metaspace   ] GC(222) Metaspace: 9872K(10112K)->9872K(10112K) NonClass: 8744K(8832K)->8744K(8832K) Class: 1128K(1280K)->1128K(1280K)
[10.882s][info ][gc             ] GC(222) Pause Young (Allocation Failure) 140M->4M(495M) 0.161ms
[10.882s][info ][gc,cpu         ] GC(222) User=0.00s Sys=0.00s Real=0.00s
[10.892s][info ][gc,start       ] GC(223) Pause Young (Allocation Failure)
[10.892s][debug][gc,age         ] GC(223) Desired survivor size 8945664 bytes, new threshold 15 (max threshold 15)
[10.892s][trace][gc,age         ] GC(223) Age table with threshold 15 (max threshold 15)
[10.892s][trace][gc,age         ] GC(223) - age   1:     400208 bytes,     400208 total
[10.892s][info ][gc,heap        ] GC(223) DefNew: 140294K(157376K)->390K(157376K) Eden: 139904K(139904K)->0K(139904K) From: 390K(17472K)->390K(17472K)
[10.892s][info ][gc,heap        ] GC(223) Tenured: 3958K(349568K)->3958K(349568K)
[10.892s][info ][gc,metaspace   ] GC(223) Metaspace: 9872K(10112K)->9872K(10112K) NonClass: 8744K(8832K)->8744K(8832K) Class: 1128K(1280K)->1128K(1280K)
[10.892s][info ][gc             ] GC(223) Pause Young (Allocation Failure) 140M->4M(495M) 0.162ms
[10.892s][info ][gc,cpu         ] GC(223) User=0.00s Sys=0.00s Real=0.00s
[10.902s][info ][gc,start       ] GC(224) Pause Young (Allocation Failure)
[10.902s][debug][gc,age         ] GC(224) Desired survivor size 8945664 bytes, new threshold 15 (max threshold 15)
[10.902s][trace][gc,age         ] GC(224) Age table with threshold 15 (max threshold 15)
[10.902s][trace][gc,age         ] GC(224) - age   1:     400208 bytes,     400208 total
[10.902s][info ][gc,heap        ] GC(224) DefNew: 140294K(157376K)->390K(157376K) Eden: 139904K(139904K)->0K(139904K) From: 390K(17472K)->390K(17472K)
[10.902s][info ][gc,heap        ] GC(224) Tenured: 3958K(349568K)->3958K(349568K)
[10.902s][info ][gc,metaspace   ] GC(224) Metaspace: 9872K(10112K)->9872K(10112K) NonClass: 8744K(8832K)->8744K(8832K) Class: 1128K(1280K)->1128K(1280K)
[10.902s][info ][gc             ] GC(224) Pause Young (Allocation Failure) 140M->4M(495M) 0.159ms
[10.902s][info ][gc,cpu         ] GC(224) User=0.00s Sys=0.00s Real=0.00s
[10.912s][info ][gc,start       ] GC(225) Pause Young (Allocation Failure)
[10.912s][debug][gc,age         ] GC(225) Desired survivor size 8945664 bytes, new threshold 15 (max threshold 15)
[10.912s][trace][gc,age         ] GC(225) Age table with threshold 15 (max threshold 15)
[10.912s][trace][gc,age         ] GC(225) - age   1:     400208 bytes,     400208 total
[10.912s][info ][gc,heap        ] GC(225) DefNew: 140294K(157376K)->390K(157376K) Eden: 139904K(139904K)->0K(139904K) From: 390K(17472K)->390K(17472K)
[10.912s][info ][gc,heap        ] GC(225) Tenured: 3958K(349568K)->3958K(349568K)
[10.912s][info ][gc,metaspace   ] GC(225) Metaspace: 9872K(10112K)->9872K(10112K) NonClass: 8744K(8832K)->8744K(8832K) Class: 1128K(1280K)->1128K(1280K)
[10.912s][info ][gc             ] GC(225) Pause Young (Allocation Failure) 140M->4M(495M) 0.164ms
[10.912s][info ][gc,cpu         ] GC(225) User=0.00s Sys=0.00s Real=0.00s
[10.922s][info ][gc,start       ] GC(226) Pause Young (Allocation Failure)
[10.922s][debug][gc,age         ] GC(226) Desired survivor size 8945664 bytes, new threshold 15 (max threshold 15)
[10.922s][trace][gc,age         ] GC(226) Age table with threshold 15 (max threshold 15)
[10.922s][trace][gc,age         ] GC(226) - age   1:     400208 bytes,     400208 total
[10.922s][info ][gc,heap        ] GC(226) DefNew: 140294K(157376K)->390K(157376K) Eden: 139904K(139904K)->0K(139904K) From: 390K(17472K)->390K(17472K)
[10.923s][info ][gc,heap        ] GC(226) Tenured: 3958K(349568K)->3958K(349568K)
[10.923s][info ][gc,metaspace   ] GC(226) Metaspace: 9872K(10112K)->9872K(10112K) NonClass: 8744K(8832K)->8744K(8832K) Class: 1128K(1280K)->1128K(1280K)
[10.923s][info ][gc             ] GC(226) Pause Young (Allocation Failure) 140M->4M(495M) 0.155ms
[10.923s][info ][gc,cpu         ] GC(226) User=0.00s Sys=0.00s Real=0.00s
[10.933s][info ][gc,start       ] GC(227) Pause Young (Allocation Failure)
[10.933s][debug][gc,age         ] GC(227) Desired survivor size 8945664 bytes, new threshold 15 (max threshold 15)
[10.933s][trace][gc,age         ] GC(227) Age table with threshold 15 (max threshold 15)
[10.933s][trace][gc,age         ] GC(227) - age   1:     400208 bytes,     400208 total
[10.933s][info ][gc,heap        ] GC(227) DefNew: 140294K(157376K)->390K(157376K) Eden: 139904K(139904K)->0K(139904K) From: 390K(17472K)->390K(17472K)
[10.933s][info ][gc,heap        ] GC(227) Tenured: 3958K(349568K)->3958K(349568K)
[10.933s][info ][gc,metaspace   ] GC(227) Metaspace: 9872K(10112K)->9872K(10112K) NonClass: 8744K(8832K)->8744K(8832K) Class: 1128K(1280K)->1128K(1280K)
[10.933s][info ][gc             ] GC(227) Pause Young (Allocation Failure) 140M->4M(495M) 0.161ms
[10.933s][info ][gc,cpu         ] GC(227) User=0.00s Sys=0.00s Real=0.00s
[10.943s][info ][gc,start       ] GC(228) Pause Young (Allocation Failure)
[10.943s][debug][gc,age         ] GC(228) Desired survivor size 8945664 bytes, new threshold 15 (max threshold 15)
[10.943s][trace][gc,age         ] GC(228) Age table with threshold 15 (max threshold 15)
[10.943s][trace][gc,age         ] GC(228) - age   1:     400208 bytes,     400208 total
[10.943s][info ][gc,heap        ] GC(228) DefNew: 140294K(157376K)->390K(157376K) Eden: 139904K(139904K)->0K(139904K) From: 390K(17472K)->390K(17472K)
[10.943s][info ][gc,heap        ] GC(228) Tenured: 3958K(349568K)->3958K(349568K)
[10.943s][info ][gc,metaspace   ] GC(228) Metaspace: 9872K(10112K)->9872K(10112K) NonClass: 8744K(8832K)->8744K(8832K) Class: 1128K(1280K)->1128K(1280K)
[10.943s][info ][gc             ] GC(228) Pause Young (Allocation Failure) 140M->4M(495M) 0.155ms
[10.943s][info ][gc,cpu         ] GC(228) User=0.00s Sys=0.00s Real=0.00s
[10.953s][info ][gc,start       ] GC(229) Pause Young (Allocation Failure)
[10.953s][debug][gc,age         ] GC(229) Desired survivor size 8945664 bytes, new threshold 15 (max threshold 15)
[10.953s][trace][gc,age         ] GC(229) Age table with threshold 15 (max threshold 15)
[10.953s][trace][gc,age         ] GC(229) - age   1:     400208 bytes,     400208 total
[10.953s][info ][gc,heap        ] GC(229) DefNew: 140294K(157376K)->390K(157376K) Eden: 139904K(139904K)->0K(139904K) From: 390K(17472K)->390K(17472K)
[10.953s][info ][gc,heap        ] GC(229) Tenured: 3958K(349568K)->3958K(349568K)
[10.953s][info ][gc,metaspace   ] GC(229) Metaspace: 9872K(10112K)->9872K(10112K) NonClass: 8744K(8832K)->8744K(8832K) Class: 1128K(1280K)->1128K(1280K)
[10.953s][info ][gc             ] GC(229) Pause Young (Allocation Failure) 140M->4M(495M) 0.161ms
[10.953s][info ][gc,cpu         ] GC(229) User=0.00s Sys=0.00s Real=0.00s
[10.963s][info ][gc,start       ] GC(230) Pause Young (Allocation Failure)
[10.963s][debug][gc,age         ] GC(230) Desired survivor size 8945664 bytes, new threshold 15 (max threshold 15)
[10.963s][trace][gc,age         ] GC(230) Age table with threshold 15 (max threshold 15)
[10.963s][trace][gc,age         ] GC(230) - age   1:     400208 bytes,     400208 total
[10.963s][info ][gc,heap        ] GC(230) DefNew: 140294K(157376K)->390K(157376K) Eden: 139904K(139904K)->0K(139904K) From: 390K(17472K)->390K(17472K)
[10.963s][info ][gc,heap        ] GC(230) Tenured: 3958K(349568K)->3958K(349568K)
[10.963s][info ][gc,metaspace   ] GC(230) Metaspace: 9872K(10112K)->9872K(10112K) NonClass: 8744K(8832K)->8744K(8832K) Class: 1128K(1280K)->1128K(1280K)
[10.963s][info ][gc             ] GC(230) Pause Young (Allocation Failure) 140M->4M(495M) 0.156ms
[10.963s][info ][gc,cpu         ] GC(230) User=0.00s Sys=0.00s Real=0.00s
[10.973s][info ][gc,start       ] GC(231) Pause Young (Allocation Failure)
[10.973s][debug][gc,age         ] GC(231) Desired survivor size 8945664 bytes, new threshold 15 (max threshold 15)
[10.973s][trace][gc,age         ] GC(231) Age table with threshold 15 (max threshold 15)
[10.973s][trace][gc,age         ] GC(231) - age   1:     400208 bytes,     400208 total
[10.973s][info ][gc,heap        ] GC(231) DefNew: 140294K(157376K)->390K(157376K) Eden: 139904K(139904K)->0K(139904K) From: 390K(17472K)->390K(17472K)
[10.973s][info ][gc,heap        ] GC(231) Tenured: 3958K(349568K)->3958K(349568K)
[10.973s][info ][gc,metaspace   ] GC(231) Metaspace: 9872K(10112K)->9872K(10112K) NonClass: 8744K(8832K)->8744K(8832K) Class: 1128K(1280K)->1128K(1280K)
[10.973s][info ][gc             ] GC(231) Pause Young (Allocation Failure) 140M->4M(495M) 0.162ms
[10.973s][info ][gc,cpu         ] GC(231) User=0.00s Sys=0.00s Real=0.00s
[10.983s][info ][gc,start       ] GC(232) Pause Young (Allocation Failure)
[10.983s][debug][gc,age         ] GC(232) Desired survivor size 8945664 bytes, new threshold 15 (max threshold 15)
[10.983s][trace][gc,age         ] GC(232) Age table with threshold 15 (max threshold 15)
[10.983s][trace][gc,age         ] GC(232) - age   1:     400208 bytes,     400208 total
[10.983s][info ][gc,heap        ] GC(232) DefNew: 140294K(157376K)->390K(157376K) Eden: 139904K(139904K)->0K(139904K) From: 390K(17472K)->390K(17472K)
[10.983s][info ][gc,heap        ] GC(232) Tenured: 3958K(349568K)->3958K(349568K)
[10.983s][info ][gc,metaspace   ] GC(232) Metaspace: 9872K(10112K)->9872K(10112K) NonClass: 8744K(8832K)->8744K(8832K) Class: 1128K(1280K)->1128K(1280K)
[10.983s][info ][gc             ] GC(232) Pause Young (Allocation Failure) 140M->4M(495M) 0.170ms
[10.983s][info ][gc,cpu         ] GC(232) User=0.00s Sys=0.00s Real=0.00s
[10.993s][info ][gc,start       ] GC(233) Pause Young (Allocation Failure)
[10.994s][debug][gc,age         ] GC(233) Desired survivor size 8945664 bytes, new threshold 15 (max threshold 15)
[10.994s][trace][gc,age         ] GC(233) Age table with threshold 15 (max threshold 15)
[10.994s][trace][gc,age         ] GC(233) - age   1:     400208 bytes,     400208 total
[10.994s][info ][gc,heap        ] GC(233) DefNew: 140294K(157376K)->390K(157376K) Eden: 139904K(139904K)->0K(139904K) From: 390K(17472K)->390K(17472K)
[10.994s][info ][gc,heap        ] GC(233) Tenured: 3958K(349568K)->3958K(349568K)
[10.994s][info ][gc,metaspace   ] GC(233) Metaspace: 9872K(10112K)->9872K(10112K) NonClass: 8744K(8832K)->8744K(8832K) Class: 1128K(1280K)->1128K(1280K)
[10.994s][info ][gc             ] GC(233) Pause Young (Allocation Failure) 140M->4M(495M) 0.160ms
[10.994s][info ][gc,cpu         ] GC(233) User=0.00s Sys=0.00s Real=0.00s
[11.004s][info ][gc,start       ] GC(234) Pause Young (Allocation Failure)
[11.004s][debug][gc,age         ] GC(234) Desired survivor size 8945664 bytes, new threshold 15 (max threshold 15)
[11.004s][trace][gc,age         ] GC(234) Age table with threshold 15 (max threshold 15)
[11.004s][trace][gc,age         ] GC(234) - age   1:     400208 bytes,     400208 total
[11.004s][info ][gc,heap        ] GC(234) DefNew: 140294K(157376K)->390K(157376K) Eden: 139904K(139904K)->0K(139904K) From: 390K(17472K)->390K(17472K)
[11.004s][info ][gc,heap        ] GC(234) Tenured: 3958K(349568K)->3958K(349568K)
[11.004s][info ][gc,metaspace   ] GC(234) Metaspace: 9872K(10112K)->9872K(10112K) NonClass: 8744K(8832K)->8744K(8832K) Class: 1128K(1280K)->1128K(1280K)
[11.004s][info ][gc             ] GC(234) Pause Young (Allocation Failure) 140M->4M(495M) 0.156ms
[11.004s][info ][gc,cpu         ] GC(234) User=0.00s Sys=0.00s Real=0.00s
[11.014s][info ][gc,start       ] GC(235) Pause Young (Allocation Failure)
[11.014s][debug][gc,age         ] GC(235) Desired survivor size 8945664 bytes, new threshold 15 (max threshold 15)
[11.014s][trace][gc,age         ] GC(235) Age table with threshold 15 (max threshold 15)
[11.014s][trace][gc,age         ] GC(235) - age   1:     400208 bytes,     400208 total
[11.014s][info ][gc,heap        ] GC(235) DefNew: 140294K(157376K)->390K(157376K) Eden: 139904K(139904K)->0K(139904K) From: 390K(17472K)->390K(17472K)
[11.014s][info ][gc,heap        ] GC(235) Tenured: 3958K(349568K)->3958K(349568K)
[11.014s][info ][gc,metaspace   ] GC(235) Metaspace: 9872K(10112K)->9872K(10112K) NonClass: 8744K(8832K)->8744K(8832K) Class: 1128K(1280K)->1128K(1280K)
[11.014s][info ][gc             ] GC(235) Pause Young (Allocation Failure) 140M->4M(495M) 0.159ms
[11.014s][info ][gc,cpu         ] GC(235) User=0.00s Sys=0.00s Real=0.00s
[11.024s][info ][gc,start       ] GC(236) Pause Young (Allocation Failure)
[11.024s][debug][gc,age         ] GC(236) Desired survivor size 8945664 bytes, new threshold 15 (max threshold 15)
[11.024s][trace][gc,age         ] GC(236) Age table with threshold 15 (max threshold 15)
[11.024s][trace][gc,age         ] GC(236) - age   1:     400208 bytes,     400208 total
[11.024s][info ][gc,heap        ] GC(236) DefNew: 140294K(157376K)->390K(157376K) Eden: 139904K(139904K)->0K(139904K) From: 390K(17472K)->390K(17472K)
[11.024s][info ][gc,heap        ] GC(236) Tenured: 3958K(349568K)->3958K(349568K)
[11.024s][info ][gc,metaspace   ] GC(236) Metaspace: 9872K(10112K)->9872K(10112K) NonClass: 8744K(8832K)->8744K(8832K) Class: 1128K(1280K)->1128K(1280K)
[11.024s][info ][gc             ] GC(236) Pause Young (Allocation Failure) 140M->4M(495M) 0.156ms
[11.024s][info ][gc,cpu         ] GC(236) User=0.01s Sys=0.00s Real=0.00s
[11.034s][info ][gc,start       ] GC(237) Pause Young (Allocation Failure)
[11.034s][debug][gc,age         ] GC(237) Desired survivor size 8945664 bytes, new threshold 15 (max threshold 15)
[11.034s][trace][gc,age         ] GC(237) Age table with threshold 15 (max threshold 15)
[11.034s][trace][gc,age         ] GC(237) - age   1:     400208 bytes,     400208 total
[11.034s][info ][gc,heap        ] GC(237) DefNew: 140294K(157376K)->390K(157376K) Eden: 139904K(139904K)->0K(139904K) From: 390K(17472K)->390K(17472K)
[11.034s][info ][gc,heap        ] GC(237) Tenured: 3958K(349568K)->3958K(349568K)
[11.034s][info ][gc,metaspace   ] GC(237) Metaspace: 9872K(10112K)->9872K(10112K) NonClass: 8744K(8832K)->8744K(8832K) Class: 1128K(1280K)->1128K(1280K)
[11.034s][info ][gc             ] GC(237) Pause Young (Allocation Failure) 140M->4M(495M) 0.159ms
[11.034s][info ][gc,cpu         ] GC(237) User=0.00s Sys=0.00s Real=0.00s
[11.044s][info ][gc,start       ] GC(238) Pause Young (Allocation Failure)
[11.044s][debug][gc,age         ] GC(238) Desired survivor size 8945664 bytes, new threshold 15 (max threshold 15)
[11.044s][trace][gc,age         ] GC(238) Age table with threshold 15 (max threshold 15)
[11.044s][trace][gc,age         ] GC(238) - age   1:     400208 bytes,     400208 total
[11.044s][info ][gc,heap        ] GC(238) DefNew: 140294K(157376K)->390K(157376K) Eden: 139904K(139904K)->0K(139904K) From: 390K(17472K)->390K(17472K)
[11.044s][info ][gc,heap        ] GC(238) Tenured: 3958K(349568K)->3958K(349568K)
[11.044s][info ][gc,metaspace   ] GC(238) Metaspace: 9872K(10112K)->9872K(10112K) NonClass: 8744K(8832K)->8744K(8832K) Class: 1128K(1280K)->1128K(1280K)
[11.044s][info ][gc             ] GC(238) Pause Young (Allocation Failure) 140M->4M(495M) 0.158ms
[11.044s][info ][gc,cpu         ] GC(238) User=0.00s Sys=0.00s Real=0.00s
[11.054s][info ][gc,start       ] GC(239) Pause Young (Allocation Failure)
[11.055s][debug][gc,age         ] GC(239) Desired survivor size 8945664 bytes, new threshold 15 (max threshold 15)
[11.055s][trace][gc,age         ] GC(239) Age table with threshold 15 (max threshold 15)
[11.055s][trace][gc,age         ] GC(239) - age   1:     400208 bytes,     400208 total
[11.055s][info ][gc,heap        ] GC(239) DefNew: 140294K(157376K)->390K(157376K) Eden: 139904K(139904K)->0K(139904K) From: 390K(17472K)->390K(17472K)
[11.055s][info ][gc,heap        ] GC(239) Tenured: 3958K(349568K)->3958K(349568K)
[11.055s][info ][gc,metaspace   ] GC(239) Metaspace: 9872K(10112K)->9872K(10112K) NonClass: 8744K(8832K)->8744K(8832K) Class: 1128K(1280K)->1128K(1280K)
[11.055s][info ][gc             ] GC(239) Pause Young (Allocation Failure) 140M->4M(495M) 0.155ms
[11.055s][info ][gc,cpu         ] GC(239) User=0.00s Sys=0.00s Real=0.00s
[11.065s][info ][gc,start       ] GC(240) Pause Young (Allocation Failure)
[11.065s][debug][gc,age         ] GC(240) Desired survivor size 8945664 bytes, new threshold 15 (max threshold 15)
[11.065s][trace][gc,age         ] GC(240) Age table with threshold 15 (max threshold 15)
[11.065s][trace][gc,age         ] GC(240) - age   1:     400208 bytes,     400208 total
[11.065s][info ][gc,heap        ] GC(240) DefNew: 140294K(157376K)->390K(157376K) Eden: 139904K(139904K)->0K(139904K) From: 390K(17472K)->390K(17472K)
[11.065s][info ][gc,heap        ] GC(240) Tenured: 3958K(349568K)->3958K(349568K)
[11.065s][info ][gc,metaspace   ] GC(240) Metaspace: 9872K(10112K)->9872K(10112K) NonClass: 8744K(8832K)->8744K(8832K) Class: 1128K(1280K)->1128K(1280K)
[11.065s][info ][gc             ] GC(240) Pause Young (Allocation Failure) 140M->4M(495M) 0.157ms
[11.065s][info ][gc,cpu         ] GC(240) User=0.00s Sys=0.00s Real=0.00s
[11.075s][info ][gc,start       ] GC(241) Pause Young (Allocation Failure)
[11.075s][debug][gc,age         ] GC(241) Desired survivor size 8945664 bytes, new threshold 15 (max threshold 15)
[11.075s][trace][gc,age         ] GC(241) Age table with threshold 15 (max threshold 15)
[11.075s][trace][gc,age         ] GC(241) - age   1:     400208 bytes,     400208 total
[11.075s][info ][gc,heap        ] GC(241) DefNew: 140294K(157376K)->390K(157376K) Eden: 139904K(139904K)->0K(139904K) From: 390K(17472K)->390K(17472K)
[11.075s][info ][gc,heap        ] GC(241) Tenured: 3958K(349568K)->3958K(349568K)
[11.075s][info ][gc,metaspace   ] GC(241) Metaspace: 9872K(10112K)->9872K(10112K) NonClass: 8744K(8832K)->8744K(8832K) Class: 1128K(1280K)->1128K(1280K)
[11.075s][info ][gc             ] GC(241) Pause Young (Allocation Failure) 140M->4M(495M) 0.155ms
[11.075s][info ][gc,cpu         ] GC(241) User=0.00s Sys=0.00s Real=0.00s
[11.085s][info ][gc,start       ] GC(242) Pause Young (Allocation Failure)
[11.085s][debug][gc,age         ] GC(242) Desired survivor size 8945664 bytes, new threshold 15 (max threshold 15)
[11.085s][trace][gc,age         ] GC(242) Age table with threshold 15 (max threshold 15)
[11.085s][trace][gc,age         ] GC(242) - age   1:     400208 bytes,     400208 total
[11.085s][info ][gc,heap        ] GC(242) DefNew: 140294K(157376K)->390K(157376K) Eden: 139904K(139904K)->0K(139904K) From: 390K(17472K)->390K(17472K)
[11.085s][info ][gc,heap        ] GC(242) Tenured: 3958K(349568K)->3958K(349568K)
[11.085s][info ][gc,metaspace   ] GC(242) Metaspace: 9872K(10112K)->9872K(10112K) NonClass: 8744K(8832K)->8744K(8832K) Class: 1128K(1280K)->1128K(1280K)
[11.085s][info ][gc             ] GC(242) Pause Young (Allocation Failure) 140M->4M(495M) 0.159ms
[11.085s][info ][gc,cpu         ] GC(242) User=0.00s Sys=0.00s Real=0.00s
[11.095s][info ][gc,start       ] GC(243) Pause Young (Allocation Failure)
[11.095s][debug][gc,age         ] GC(243) Desired survivor size 8945664 bytes, new threshold 15 (max threshold 15)
[11.095s][trace][gc,age         ] GC(243) Age table with threshold 15 (max threshold 15)
[11.095s][trace][gc,age         ] GC(243) - age   1:     400208 bytes,     400208 total
[11.095s][info ][gc,heap        ] GC(243) DefNew: 140294K(157376K)->390K(157376K) Eden: 139904K(139904K)->0K(139904K) From: 390K(17472K)->390K(17472K)
[11.095s][info ][gc,heap        ] GC(243) Tenured: 3958K(349568K)->3958K(349568K)
[11.095s][info ][gc,metaspace   ] GC(243) Metaspace: 9872K(10112K)->9872K(10112K) NonClass: 8744K(8832K)->8744K(8832K) Class: 1128K(1280K)->1128K(1280K)
[11.095s][info ][gc             ] GC(243) Pause Young (Allocation Failure) 140M->4M(495M) 0.163ms
[11.095s][info ][gc,cpu         ] GC(243) User=0.00s Sys=0.00s Real=0.00s
[11.105s][info ][gc,start       ] GC(244) Pause Young (Allocation Failure)
[11.105s][debug][gc,age         ] GC(244) Desired survivor size 8945664 bytes, new threshold 15 (max threshold 15)
[11.105s][trace][gc,age         ] GC(244) Age table with threshold 15 (max threshold 15)
[11.105s][trace][gc,age         ] GC(244) - age   1:     400208 bytes,     400208 total
[11.105s][info ][gc,heap        ] GC(244) DefNew: 140294K(157376K)->390K(157376K) Eden: 139904K(139904K)->0K(139904K) From: 390K(17472K)->390K(17472K)
[11.105s][info ][gc,heap        ] GC(244) Tenured: 3958K(349568K)->3958K(349568K)
[11.105s][info ][gc,metaspace   ] GC(244) Metaspace: 9872K(10112K)->9872K(10112K) NonClass: 8744K(8832K)->8744K(8832K) Class: 1128K(1280K)->1128K(1280K)
[11.105s][info ][gc             ] GC(244) Pause Young (Allocation Failure) 140M->4M(495M) 0.154ms
[11.105s][info ][gc,cpu         ] GC(244) User=0.00s Sys=0.00s Real=0.00s
[11.115s][info ][gc,start       ] GC(245) Pause Young (Allocation Failure)
[11.115s][debug][gc,age         ] GC(245) Desired survivor size 8945664 bytes, new threshold 15 (max threshold 15)
[11.115s][trace][gc,age         ] GC(245) Age table with threshold 15 (max threshold 15)
[11.115s][trace][gc,age         ] GC(245) - age   1:     400208 bytes,     400208 total
[11.115s][info ][gc,heap        ] GC(245) DefNew: 140294K(157376K)->390K(157376K) Eden: 139904K(139904K)->0K(139904K) From: 390K(17472K)->390K(17472K)
[11.115s][info ][gc,heap        ] GC(245) Tenured: 3958K(349568K)->3958K(349568K)
[11.115s][info ][gc,metaspace   ] GC(245) Metaspace: 9872K(10112K)->9872K(10112K) NonClass: 8744K(8832K)->8744K(8832K) Class: 1128K(1280K)->1128K(1280K)
[11.115s][info ][gc             ] GC(245) Pause Young (Allocation Failure) 140M->4M(495M) 0.156ms
[11.115s][info ][gc,cpu         ] GC(245) User=0.00s Sys=0.00s Real=0.00s
[11.126s][info ][gc,start       ] GC(246) Pause Young (Allocation Failure)
[11.126s][debug][gc,age         ] GC(246) Desired survivor size 8945664 bytes, new threshold 15 (max threshold 15)
[11.126s][trace][gc,age         ] GC(246) Age table with threshold 15 (max threshold 15)
[11.126s][trace][gc,age         ] GC(246) - age   1:     400208 bytes,     400208 total
[11.126s][info ][gc,heap        ] GC(246) DefNew: 140294K(157376K)->390K(157376K) Eden: 139904K(139904K)->0K(139904K) From: 390K(17472K)->390K(17472K)
[11.126s][info ][gc,heap        ] GC(246) Tenured: 3958K(349568K)->3958K(349568K)
[11.126s][info ][gc,metaspace   ] GC(246) Metaspace: 9872K(10112K)->9872K(10112K) NonClass: 8744K(8832K)->8744K(8832K) Class: 1128K(1280K)->1128K(1280K)
[11.126s][info ][gc             ] GC(246) Pause Young (Allocation Failure) 140M->4M(495M) 0.159ms
[11.126s][info ][gc,cpu         ] GC(246) User=0.00s Sys=0.00s Real=0.00s
[11.136s][info ][gc,start       ] GC(247) Pause Young (Allocation Failure)
[11.136s][debug][gc,age         ] GC(247) Desired survivor size 8945664 bytes, new threshold 15 (max threshold 15)
[11.136s][trace][gc,age         ] GC(247) Age table with threshold 15 (max threshold 15)
[11.136s][trace][gc,age         ] GC(247) - age   1:     400208 bytes,     400208 total
[11.136s][info ][gc,heap        ] GC(247) DefNew: 140294K(157376K)->390K(157376K) Eden: 139904K(139904K)->0K(139904K) From: 390K(17472K)->390K(17472K)
[11.136s][info ][gc,heap        ] GC(247) Tenured: 3958K(349568K)->3958K(349568K)
[11.136s][info ][gc,metaspace   ] GC(247) Metaspace: 9872K(10112K)->9872K(10112K) NonClass: 8744K(8832K)->8744K(8832K) Class: 1128K(1280K)->1128K(1280K)
[11.136s][info ][gc             ] GC(247) Pause Young (Allocation Failure) 140M->4M(495M) 0.160ms
[11.136s][info ][gc,cpu         ] GC(247) User=0.00s Sys=0.00s Real=0.00s
[11.146s][info ][gc,start       ] GC(248) Pause Young (Allocation Failure)
[11.146s][debug][gc,age         ] GC(248) Desired survivor size 8945664 bytes, new threshold 15 (max threshold 15)
[11.146s][trace][gc,age         ] GC(248) Age table with threshold 15 (max threshold 15)
[11.146s][trace][gc,age         ] GC(248) - age   1:     400208 bytes,     400208 total
[11.146s][info ][gc,heap        ] GC(248) DefNew: 140294K(157376K)->390K(157376K) Eden: 139904K(139904K)->0K(139904K) From: 390K(17472K)->390K(17472K)
[11.146s][info ][gc,heap        ] GC(248) Tenured: 3958K(349568K)->3958K(349568K)
[11.146s][info ][gc,metaspace   ] GC(248) Metaspace: 9872K(10112K)->9872K(10112K) NonClass: 8744K(8832K)->8744K(8832K) Class: 1128K(1280K)->1128K(1280K)
[11.146s][info ][gc             ] GC(248) Pause Young (Allocation Failure) 140M->4M(495M) 0.156ms
[11.146s][info ][gc,cpu         ] GC(248) User=0.00s Sys=0.00s Real=0.00s
[11.156s][info ][gc,start       ] GC(249) Pause Young (Allocation Failure)
[11.156s][debug][gc,age         ] GC(249) Desired survivor size 8945664 bytes, new threshold 15 (max threshold 15)
[11.156s][trace][gc,age         ] GC(249) Age table with threshold 15 (max threshold 15)
[11.156s][trace][gc,age         ] GC(249) - age   1:     400208 bytes,     400208 total
[11.156s][info ][gc,heap        ] GC(249) DefNew: 140294K(157376K)->390K(157376K) Eden: 139904K(139904K)->0K(139904K) From: 390K(17472K)->390K(17472K)
[11.156s][info ][gc,heap        ] GC(249) Tenured: 3958K(349568K)->3958K(349568K)
[11.156s][info ][gc,metaspace   ] GC(249) Metaspace: 9872K(10112K)->9872K(10112K) NonClass: 8744K(8832K)->8744K(8832K) Class: 1128K(1280K)->1128K(1280K)
[11.156s][info ][gc             ] GC(249) Pause Young (Allocation Failure) 140M->4M(495M) 0.156ms
[11.156s][info ][gc,cpu         ] GC(249) User=0.00s Sys=0.00s Real=0.00s
[11.166s][info ][gc,start       ] GC(250) Pause Young (Allocation Failure)
[11.166s][debug][gc,age         ] GC(250) Desired survivor size 8945664 bytes, new threshold 15 (max threshold 15)
[11.166s][trace][gc,age         ] GC(250) Age table with threshold 15 (max threshold 15)
[11.166s][trace][gc,age         ] GC(250) - age   1:     400208 bytes,     400208 total
[11.166s][info ][gc,heap        ] GC(250) DefNew: 140070K(157376K)->390K(157376K) Eden: 139679K(139904K)->0K(139904K) From: 390K(17472K)->390K(17472K)
[11.166s][info ][gc,heap        ] GC(250) Tenured: 3958K(349568K)->3958K(349568K)
[11.166s][info ][gc,metaspace   ] GC(250) Metaspace: 9872K(10112K)->9872K(10112K) NonClass: 8744K(8832K)->8744K(8832K) Class: 1128K(1280K)->1128K(1280K)
[11.166s][info ][gc             ] GC(250) Pause Young (Allocation Failure) 140M->4M(495M) 0.188ms
[11.166s][info ][gc,cpu         ] GC(250) User=0.00s Sys=0.00s Real=0.00s
[11.177s][info ][gc,start       ] GC(251) Pause Young (Allocation Failure)
[11.177s][debug][gc,age         ] GC(251) Desired survivor size 8945664 bytes, new threshold 15 (max threshold 15)
[11.177s][trace][gc,age         ] GC(251) Age table with threshold 15 (max threshold 15)
[11.177s][trace][gc,age         ] GC(251) - age   1:        192 bytes,        192 total
[11.177s][info ][gc,heap        ] GC(251) DefNew: 140229K(157376K)->0K(157376K) Eden: 139838K(139904K)->0K(139904K) From: 390K(17472K)->0K(17472K)
[11.177s][info ][gc,heap        ] GC(251) Tenured: 3958K(349568K)->3958K(349568K)
[11.177s][info ][gc,metaspace   ] GC(251) Metaspace: 9872K(10112K)->9872K(10112K) NonClass: 8744K(8832K)->8744K(8832K) Class: 1128K(1280K)->1128K(1280K)
[11.177s][info ][gc             ] GC(251) Pause Young (Allocation Failure) 140M->3M(495M) 0.150ms
[11.177s][info ][gc,cpu         ] GC(251) User=0.00s Sys=0.00s Real=0.00s
[11.187s][info ][gc,start       ] GC(252) Pause Young (Allocation Failure)
[11.187s][debug][gc,age         ] GC(252) Desired survivor size 8945664 bytes, new threshold 15 (max threshold 15)
[11.187s][trace][gc,age         ] GC(252) Age table with threshold 15 (max threshold 15)
[11.187s][trace][gc,age         ] GC(252) - age   1:     400208 bytes,     400208 total
[11.187s][info ][gc,heap        ] GC(252) DefNew: 139629K(157376K)->390K(157376K) Eden: 139629K(139904K)->0K(139904K) From: 0K(17472K)->390K(17472K)
[11.187s][info ][gc,heap        ] GC(252) Tenured: 3958K(349568K)->3958K(349568K)
[11.187s][info ][gc,metaspace   ] GC(252) Metaspace: 9872K(10112K)->9872K(10112K) NonClass: 8744K(8832K)->8744K(8832K) Class: 1128K(1280K)->1128K(1280K)
[11.187s][info ][gc             ] GC(252) Pause Young (Allocation Failure) 140M->4M(495M) 0.161ms
[11.187s][info ][gc,cpu         ] GC(252) User=0.00s Sys=0.00s Real=0.00s
[11.198s][info ][gc,start       ] GC(253) Pause Young (Allocation Failure)
[11.198s][debug][gc,age         ] GC(253) Desired survivor size 8945664 bytes, new threshold 15 (max threshold 15)
[11.198s][trace][gc,age         ] GC(253) Age table with threshold 15 (max threshold 15)
[11.198s][trace][gc,age         ] GC(253) - age   1:        192 bytes,        192 total
[11.198s][info ][gc,heap        ] GC(253) DefNew: 140144K(157376K)->0K(157376K) Eden: 139753K(139904K)->0K(139904K) From: 390K(17472K)->0K(17472K)
[11.198s][info ][gc,heap        ] GC(253) Tenured: 3958K(349568K)->3958K(349568K)
[11.198s][info ][gc,metaspace   ] GC(253) Metaspace: 9872K(10112K)->9872K(10112K) NonClass: 8744K(8832K)->8744K(8832K) Class: 1128K(1280K)->1128K(1280K)
[11.198s][info ][gc             ] GC(253) Pause Young (Allocation Failure) 140M->3M(495M) 0.149ms
[11.198s][info ][gc,cpu         ] GC(253) User=0.00s Sys=0.00s Real=0.00s
[11.208s][info ][gc,start       ] GC(254) Pause Young (Allocation Failure)
[11.208s][debug][gc,age         ] GC(254) Desired survivor size 8945664 bytes, new threshold 15 (max threshold 15)
[11.208s][trace][gc,age         ] GC(254) Age table with threshold 15 (max threshold 15)
[11.208s][trace][gc,age         ] GC(254) - age   1:     400208 bytes,     400208 total
[11.208s][info ][gc,heap        ] GC(254) DefNew: 139843K(157376K)->390K(157376K) Eden: 139843K(139904K)->0K(139904K) From: 0K(17472K)->390K(17472K)
[11.208s][info ][gc,heap        ] GC(254) Tenured: 3958K(349568K)->3958K(349568K)
[11.208s][info ][gc,metaspace   ] GC(254) Metaspace: 9872K(10112K)->9872K(10112K) NonClass: 8744K(8832K)->8744K(8832K) Class: 1128K(1280K)->1128K(1280K)
[11.208s][info ][gc             ] GC(254) Pause Young (Allocation Failure) 140M->4M(495M) 0.161ms
[11.208s][info ][gc,cpu         ] GC(254) User=0.00s Sys=0.00s Real=0.00s
[11.219s][info ][gc,start       ] GC(255) Pause Young (Allocation Failure)
[11.219s][debug][gc,age         ] GC(255) Desired survivor size 8945664 bytes, new threshold 15 (max threshold 15)
[11.219s][trace][gc,age         ] GC(255) Age table with threshold 15 (max threshold 15)
[11.219s][trace][gc,age         ] GC(255) - age   1:        192 bytes,        192 total
[11.219s][info ][gc,heap        ] GC(255) DefNew: 140160K(157376K)->0K(157376K) Eden: 139769K(139904K)->0K(139904K) From: 390K(17472K)->0K(17472K)
[11.219s][info ][gc,heap        ] GC(255) Tenured: 3958K(349568K)->3958K(349568K)
[11.219s][info ][gc,metaspace   ] GC(255) Metaspace: 9872K(10112K)->9872K(10112K) NonClass: 8744K(8832K)->8744K(8832K) Class: 1128K(1280K)->1128K(1280K)
[11.219s][info ][gc             ] GC(255) Pause Young (Allocation Failure) 140M->3M(495M) 0.148ms
[11.219s][info ][gc,cpu         ] GC(255) User=0.00s Sys=0.00s Real=0.00s
[11.229s][info ][gc,start       ] GC(256) Pause Young (Allocation Failure)
[11.229s][debug][gc,age         ] GC(256) Desired survivor size 8945664 bytes, new threshold 15 (max threshold 15)
[11.229s][trace][gc,age         ] GC(256) Age table with threshold 15 (max threshold 15)
[11.229s][trace][gc,age         ] GC(256) - age   1:     400208 bytes,     400208 total
[11.229s][info ][gc,heap        ] GC(256) DefNew: 139711K(157376K)->390K(157376K) Eden: 139711K(139904K)->0K(139904K) From: 0K(17472K)->390K(17472K)
[11.229s][info ][gc,heap        ] GC(256) Tenured: 3958K(349568K)->3958K(349568K)
[11.229s][info ][gc,metaspace   ] GC(256) Metaspace: 9872K(10112K)->9872K(10112K) NonClass: 8744K(8832K)->8744K(8832K) Class: 1128K(1280K)->1128K(1280K)
[11.229s][info ][gc             ] GC(256) Pause Young (Allocation Failure) 140M->4M(495M) 0.161ms
[11.229s][info ][gc,cpu         ] GC(256) User=0.00s Sys=0.00s Real=0.00s
[11.239s][info ][gc,start       ] GC(257) Pause Young (Allocation Failure)
[11.240s][debug][gc,age         ] GC(257) Desired survivor size 8945664 bytes, new threshold 15 (max threshold 15)
[11.240s][trace][gc,age         ] GC(257) Age table with threshold 15 (max threshold 15)
[11.240s][trace][gc,age         ] GC(257) - age   1:        192 bytes,        192 total
[11.240s][info ][gc,heap        ] GC(257) DefNew: 140172K(157376K)->0K(157376K) Eden: 139781K(139904K)->0K(139904K) From: 390K(17472K)->0K(17472K)
[11.240s][info ][gc,heap        ] GC(257) Tenured: 3958K(349568K)->3958K(349568K)
[11.240s][info ][gc,metaspace   ] GC(257) Metaspace: 9872K(10112K)->9872K(10112K) NonClass: 8744K(8832K)->8744K(8832K) Class: 1128K(1280K)->1128K(1280K)
[11.240s][info ][gc             ] GC(257) Pause Young (Allocation Failure) 140M->3M(495M) 0.146ms
[11.240s][info ][gc,cpu         ] GC(257) User=0.00s Sys=0.00s Real=0.00s
[11.250s][info ][gc,start       ] GC(258) Pause Young (Allocation Failure)
[11.250s][debug][gc,age         ] GC(258) Desired survivor size 8945664 bytes, new threshold 15 (max threshold 15)
[11.250s][trace][gc,age         ] GC(258) Age table with threshold 15 (max threshold 15)
[11.250s][trace][gc,age         ] GC(258) - age   1:     400208 bytes,     400208 total
[11.250s][info ][gc,heap        ] GC(258) DefNew: 139825K(157376K)->390K(157376K) Eden: 139825K(139904K)->0K(139904K) From: 0K(17472K)->390K(17472K)
[11.250s][info ][gc,heap        ] GC(258) Tenured: 3958K(349568K)->3958K(349568K)
[11.250s][info ][gc,metaspace   ] GC(258) Metaspace: 9872K(10112K)->9872K(10112K) NonClass: 8744K(8832K)->8744K(8832K) Class: 1128K(1280K)->1128K(1280K)
[11.250s][info ][gc             ] GC(258) Pause Young (Allocation Failure) 140M->4M(495M) 0.155ms
[11.250s][info ][gc,cpu         ] GC(258) User=0.00s Sys=0.00s Real=0.00s
[11.260s][info ][gc,start       ] GC(259) Pause Young (Allocation Failure)
[11.260s][debug][gc,age         ] GC(259) Desired survivor size 8945664 bytes, new threshold 15 (max threshold 15)
[11.260s][trace][gc,age         ] GC(259) Age table with threshold 15 (max threshold 15)
[11.260s][trace][gc,age         ] GC(259) - age   1:        192 bytes,        192 total
[11.260s][info ][gc,heap        ] GC(259) DefNew: 140294K(157376K)->0K(157376K) Eden: 139904K(139904K)->0K(139904K) From: 390K(17472K)->0K(17472K)
[11.260s][info ][gc,heap        ] GC(259) Tenured: 3958K(349568K)->3958K(349568K)
[11.260s][info ][gc,metaspace   ] GC(259) Metaspace: 9872K(10112K)->9872K(10112K) NonClass: 8744K(8832K)->8744K(8832K) Class: 1128K(1280K)->1128K(1280K)
[11.260s][info ][gc             ] GC(259) Pause Young (Allocation Failure) 140M->3M(495M) 0.145ms
[11.260s][info ][gc,cpu         ] GC(259) User=0.00s Sys=0.00s Real=0.01s
[11.270s][info ][gc,start       ] GC(260) Pause Young (Allocation Failure)
[11.270s][debug][gc,age         ] GC(260) Desired survivor size 8945664 bytes, new threshold 15 (max threshold 15)
[11.270s][trace][gc,age         ] GC(260) Age table with threshold 15 (max threshold 15)
[11.270s][trace][gc,age         ] GC(260) - age   1:     400208 bytes,     400208 total
[11.270s][info ][gc,heap        ] GC(260) DefNew: 139904K(157376K)->390K(157376K) Eden: 139904K(139904K)->0K(139904K) From: 0K(17472K)->390K(17472K)
[11.270s][info ][gc,heap        ] GC(260) Tenured: 3958K(349568K)->3958K(349568K)
[11.270s][info ][gc,metaspace   ] GC(260) Metaspace: 9872K(10112K)->9872K(10112K) NonClass: 8744K(8832K)->8744K(8832K) Class: 1128K(1280K)->1128K(1280K)
[11.270s][info ][gc             ] GC(260) Pause Young (Allocation Failure) 140M->4M(495M) 0.154ms
[11.270s][info ][gc,cpu         ] GC(260) User=0.00s Sys=0.00s Real=0.00s
[11.280s][info ][gc,start       ] GC(261) Pause Young (Allocation Failure)
[11.280s][debug][gc,age         ] GC(261) Desired survivor size 8945664 bytes, new threshold 15 (max threshold 15)
[11.280s][trace][gc,age         ] GC(261) Age table with threshold 15 (max threshold 15)
[11.280s][trace][gc,age         ] GC(261) - age   1:        192 bytes,        192 total
[11.280s][info ][gc,heap        ] GC(261) DefNew: 140294K(157376K)->0K(157376K) Eden: 139904K(139904K)->0K(139904K) From: 390K(17472K)->0K(17472K)
[11.280s][info ][gc,heap        ] GC(261) Tenured: 3958K(349568K)->3958K(349568K)
[11.280s][info ][gc,metaspace   ] GC(261) Metaspace: 9872K(10112K)->9872K(10112K) NonClass: 8744K(8832K)->8744K(8832K) Class: 1128K(1280K)->1128K(1280K)
[11.280s][info ][gc             ] GC(261) Pause Young (Allocation Failure) 140M->3M(495M) 0.144ms
[11.280s][info ][gc,cpu         ] GC(261) User=0.00s Sys=0.00s Real=0.00s
[11.290s][info ][gc,start       ] GC(262) Pause Young (Allocation Failure)
[11.291s][debug][gc,age         ] GC(262) Desired survivor size 8945664 bytes, new threshold 15 (max threshold 15)
[11.291s][trace][gc,age         ] GC(262) Age table with threshold 15 (max threshold 15)
[11.291s][trace][gc,age         ] GC(262) - age   1:     400208 bytes,     400208 total
[11.291s][info ][gc,heap        ] GC(262) DefNew: 139904K(157376K)->390K(157376K) Eden: 139904K(139904K)->0K(139904K) From: 0K(17472K)->390K(17472K)
[11.291s][info ][gc,heap        ] GC(262) Tenured: 3958K(349568K)->3958K(349568K)
[11.291s][info ][gc,metaspace   ] GC(262) Metaspace: 9872K(10112K)->9872K(10112K) NonClass: 8744K(8832K)->8744K(8832K) Class: 1128K(1280K)->1128K(1280K)
[11.291s][info ][gc             ] GC(262) Pause Young (Allocation Failure) 140M->4M(495M) 0.158ms
[11.291s][info ][gc,cpu         ] GC(262) User=0.00s Sys=0.00s Real=0.00s
[11.301s][info ][gc,start       ] GC(263) Pause Young (Allocation Failure)
[11.301s][debug][gc,age         ] GC(263) Desired survivor size 8945664 bytes, new threshold 15 (max threshold 15)
[11.301s][trace][gc,age         ] GC(263) Age table with threshold 15 (max threshold 15)
[11.301s][trace][gc,age         ] GC(263) - age   1:     400208 bytes,     400208 total
[11.301s][info ][gc,heap        ] GC(263) DefNew: 140294K(157376K)->390K(157376K) Eden: 139904K(139904K)->0K(139904K) From: 390K(17472K)->390K(17472K)
[11.301s][info ][gc,heap        ] GC(263) Tenured: 3958K(349568K)->3958K(349568K)
[11.301s][info ][gc,metaspace   ] GC(263) Metaspace: 9872K(10112K)->9872K(10112K) NonClass: 8744K(8832K)->8744K(8832K) Class: 1128K(1280K)->1128K(1280K)
[11.301s][info ][gc             ] GC(263) Pause Young (Allocation Failure) 140M->4M(495M) 0.159ms
[11.301s][info ][gc,cpu         ] GC(263) User=0.00s Sys=0.00s Real=0.00s
[11.311s][info ][gc,start       ] GC(264) Pause Young (Allocation Failure)
[11.311s][debug][gc,age         ] GC(264) Desired survivor size 8945664 bytes, new threshold 15 (max threshold 15)
[11.311s][trace][gc,age         ] GC(264) Age table with threshold 15 (max threshold 15)
[11.311s][trace][gc,age         ] GC(264) - age   1:     400208 bytes,     400208 total
[11.311s][info ][gc,heap        ] GC(264) DefNew: 140294K(157376K)->390K(157376K) Eden: 139904K(139904K)->0K(139904K) From: 390K(17472K)->390K(17472K)
[11.311s][info ][gc,heap        ] GC(264) Tenured: 3958K(349568K)->3958K(349568K)
[11.311s][info ][gc,metaspace   ] GC(264) Metaspace: 9872K(10112K)->9872K(10112K) NonClass: 8744K(8832K)->8744K(8832K) Class: 1128K(1280K)->1128K(1280K)
[11.311s][info ][gc             ] GC(264) Pause Young (Allocation Failure) 140M->4M(495M) 0.162ms
[11.311s][info ][gc,cpu         ] GC(264) User=0.00s Sys=0.00s Real=0.00s
[11.321s][info ][gc,start       ] GC(265) Pause Young (Allocation Failure)
[11.321s][debug][gc,age         ] GC(265) Desired survivor size 8945664 bytes, new threshold 15 (max threshold 15)
[11.321s][trace][gc,age         ] GC(265) Age table with threshold 15 (max threshold 15)
[11.321s][trace][gc,age         ] GC(265) - age   1:     400208 bytes,     400208 total
[11.321s][info ][gc,heap        ] GC(265) DefNew: 140294K(157376K)->390K(157376K) Eden: 139904K(139904K)->0K(139904K) From: 390K(17472K)->390K(17472K)
[11.321s][info ][gc,heap        ] GC(265) Tenured: 3958K(349568K)->3958K(349568K)
[11.321s][info ][gc,metaspace   ] GC(265) Metaspace: 9872K(10112K)->9872K(10112K) NonClass: 8744K(8832K)->8744K(8832K) Class: 1128K(1280K)->1128K(1280K)
[11.321s][info ][gc             ] GC(265) Pause Young (Allocation Failure) 140M->4M(495M) 0.155ms
[11.321s][info ][gc,cpu         ] GC(265) User=0.00s Sys=0.00s Real=0.00s
[11.331s][info ][gc,start       ] GC(266) Pause Young (Allocation Failure)
[11.331s][debug][gc,age         ] GC(266) Desired survivor size 8945664 bytes, new threshold 15 (max threshold 15)
[11.331s][trace][gc,age         ] GC(266) Age table with threshold 15 (max threshold 15)
[11.331s][trace][gc,age         ] GC(266) - age   1:     400208 bytes,     400208 total
[11.331s][info ][gc,heap        ] GC(266) DefNew: 140294K(157376K)->390K(157376K) Eden: 139904K(139904K)->0K(139904K) From: 390K(17472K)->390K(17472K)
[11.331s][info ][gc,heap        ] GC(266) Tenured: 3958K(349568K)->3958K(349568K)
[11.331s][info ][gc,metaspace   ] GC(266) Metaspace: 9872K(10112K)->9872K(10112K) NonClass: 8744K(8832K)->8744K(8832K) Class: 1128K(1280K)->1128K(1280K)
[11.331s][info ][gc             ] GC(266) Pause Young (Allocation Failure) 140M->4M(495M) 0.155ms
[11.331s][info ][gc,cpu         ] GC(266) User=0.00s Sys=0.00s Real=0.00s
[11.341s][info ][gc,start       ] GC(267) Pause Young (Allocation Failure)
[11.341s][debug][gc,age         ] GC(267) Desired survivor size 8945664 bytes, new threshold 15 (max threshold 15)
[11.341s][trace][gc,age         ] GC(267) Age table with threshold 15 (max threshold 15)
[11.341s][trace][gc,age         ] GC(267) - age   1:     400208 bytes,     400208 total
[11.341s][info ][gc,heap        ] GC(267) DefNew: 140294K(157376K)->390K(157376K) Eden: 139904K(139904K)->0K(139904K) From: 390K(17472K)->390K(17472K)
[11.341s][info ][gc,heap        ] GC(267) Tenured: 3958K(349568K)->3958K(349568K)
[11.341s][info ][gc,metaspace   ] GC(267) Metaspace: 9872K(10112K)->9872K(10112K) NonClass: 8744K(8832K)->8744K(8832K) Class: 1128K(1280K)->1128K(1280K)
[11.341s][info ][gc             ] GC(267) Pause Young (Allocation Failure) 140M->4M(495M) 0.161ms
[11.341s][info ][gc,cpu         ] GC(267) User=0.00s Sys=0.00s Real=0.00s
[11.351s][info ][gc,start       ] GC(268) Pause Young (Allocation Failure)
[11.351s][debug][gc,age         ] GC(268) Desired survivor size 8945664 bytes, new threshold 15 (max threshold 15)
[11.351s][trace][gc,age         ] GC(268) Age table with threshold 15 (max threshold 15)
[11.351s][trace][gc,age         ] GC(268) - age   1:     400208 bytes,     400208 total
[11.352s][info ][gc,heap        ] GC(268) DefNew: 140294K(157376K)->390K(157376K) Eden: 139904K(139904K)->0K(139904K) From: 390K(17472K)->390K(17472K)
[11.352s][info ][gc,heap        ] GC(268) Tenured: 3958K(349568K)->3958K(349568K)
[11.352s][info ][gc,metaspace   ] GC(268) Metaspace: 9872K(10112K)->9872K(10112K) NonClass: 8744K(8832K)->8744K(8832K) Class: 1128K(1280K)->1128K(1280K)
[11.352s][info ][gc             ] GC(268) Pause Young (Allocation Failure) 140M->4M(495M) 0.159ms
[11.352s][info ][gc,cpu         ] GC(268) User=0.00s Sys=0.01s Real=0.00s
[11.362s][info ][gc,start       ] GC(269) Pause Young (Allocation Failure)
[11.362s][debug][gc,age         ] GC(269) Desired survivor size 8945664 bytes, new threshold 15 (max threshold 15)
[11.362s][trace][gc,age         ] GC(269) Age table with threshold 15 (max threshold 15)
[11.362s][trace][gc,age         ] GC(269) - age   1:     400208 bytes,     400208 total
[11.362s][info ][gc,heap        ] GC(269) DefNew: 140294K(157376K)->390K(157376K) Eden: 139904K(139904K)->0K(139904K) From: 390K(17472K)->390K(17472K)
[11.362s][info ][gc,heap        ] GC(269) Tenured: 3958K(349568K)->3958K(349568K)
[11.362s][info ][gc,metaspace   ] GC(269) Metaspace: 9872K(10112K)->9872K(10112K) NonClass: 8744K(8832K)->8744K(8832K) Class: 1128K(1280K)->1128K(1280K)
[11.362s][info ][gc             ] GC(269) Pause Young (Allocation Failure) 140M->4M(495M) 0.159ms
[11.362s][info ][gc,cpu         ] GC(269) User=0.00s Sys=0.00s Real=0.00s
[11.372s][info ][gc,start       ] GC(270) Pause Young (Allocation Failure)
[11.372s][debug][gc,age         ] GC(270) Desired survivor size 8945664 bytes, new threshold 15 (max threshold 15)
[11.372s][trace][gc,age         ] GC(270) Age table with threshold 15 (max threshold 15)
[11.372s][trace][gc,age         ] GC(270) - age   1:     400208 bytes,     400208 total
[11.372s][info ][gc,heap        ] GC(270) DefNew: 140294K(157376K)->390K(157376K) Eden: 139904K(139904K)->0K(139904K) From: 390K(17472K)->390K(17472K)
[11.372s][info ][gc,heap        ] GC(270) Tenured: 3958K(349568K)->3958K(349568K)
[11.372s][info ][gc,metaspace   ] GC(270) Metaspace: 9872K(10112K)->9872K(10112K) NonClass: 8744K(8832K)->8744K(8832K) Class: 1128K(1280K)->1128K(1280K)
[11.372s][info ][gc             ] GC(270) Pause Young (Allocation Failure) 140M->4M(495M) 0.155ms
[11.372s][info ][gc,cpu         ] GC(270) User=0.00s Sys=0.00s Real=0.00s
[11.382s][info ][gc,start       ] GC(271) Pause Young (Allocation Failure)
[11.382s][debug][gc,age         ] GC(271) Desired survivor size 8945664 bytes, new threshold 15 (max threshold 15)
[11.382s][trace][gc,age         ] GC(271) Age table with threshold 15 (max threshold 15)
[11.382s][trace][gc,age         ] GC(271) - age   1:     400208 bytes,     400208 total
[11.382s][info ][gc,heap        ] GC(271) DefNew: 140294K(157376K)->390K(157376K) Eden: 139904K(139904K)->0K(139904K) From: 390K(17472K)->390K(17472K)
[11.382s][info ][gc,heap        ] GC(271) Tenured: 3958K(349568K)->3958K(349568K)
[11.382s][info ][gc,metaspace   ] GC(271) Metaspace: 9872K(10112K)->9872K(10112K) NonClass: 8744K(8832K)->8744K(8832K) Class: 1128K(1280K)->1128K(1280K)
[11.382s][info ][gc             ] GC(271) Pause Young (Allocation Failure) 140M->4M(495M) 0.166ms
[11.382s][info ][gc,cpu         ] GC(271) User=0.00s Sys=0.00s Real=0.00s
[11.392s][info ][gc,start       ] GC(272) Pause Young (Allocation Failure)
[11.392s][debug][gc,age         ] GC(272) Desired survivor size 8945664 bytes, new threshold 15 (max threshold 15)
[11.392s][trace][gc,age         ] GC(272) Age table with threshold 15 (max threshold 15)
[11.392s][trace][gc,age         ] GC(272) - age   1:     400208 bytes,     400208 total
[11.392s][info ][gc,heap        ] GC(272) DefNew: 140294K(157376K)->390K(157376K) Eden: 139904K(139904K)->0K(139904K) From: 390K(17472K)->390K(17472K)
[11.392s][info ][gc,heap        ] GC(272) Tenured: 3958K(349568K)->3958K(349568K)
[11.392s][info ][gc,metaspace   ] GC(272) Metaspace: 9872K(10112K)->9872K(10112K) NonClass: 8744K(8832K)->8744K(8832K) Class: 1128K(1280K)->1128K(1280K)
[11.392s][info ][gc             ] GC(272) Pause Young (Allocation Failure) 140M->4M(495M) 0.162ms
[11.392s][info ][gc,cpu         ] GC(272) User=0.00s Sys=0.00s Real=0.00s
[11.402s][info ][gc,start       ] GC(273) Pause Young (Allocation Failure)
[11.402s][debug][gc,age         ] GC(273) Desired survivor size 8945664 bytes, new threshold 15 (max threshold 15)
[11.402s][trace][gc,age         ] GC(273) Age table with threshold 15 (max threshold 15)
[11.402s][trace][gc,age         ] GC(273) - age   1:     400208 bytes,     400208 total
[11.402s][info ][gc,heap        ] GC(273) DefNew: 140294K(157376K)->390K(157376K) Eden: 139904K(139904K)->0K(139904K) From: 390K(17472K)->390K(17472K)
[11.402s][info ][gc,heap        ] GC(273) Tenured: 3958K(349568K)->3958K(349568K)
[11.402s][info ][gc,metaspace   ] GC(273) Metaspace: 9872K(10112K)->9872K(10112K) NonClass: 8744K(8832K)->8744K(8832K) Class: 1128K(1280K)->1128K(1280K)
[11.402s][info ][gc             ] GC(273) Pause Young (Allocation Failure) 140M->4M(495M) 0.158ms
[11.402s][info ][gc,cpu         ] GC(273) User=0.00s Sys=0.00s Real=0.00s
[11.412s][info ][gc,start       ] GC(274) Pause Young (Allocation Failure)
[11.413s][debug][gc,age         ] GC(274) Desired survivor size 8945664 bytes, new threshold 15 (max threshold 15)
[11.413s][trace][gc,age         ] GC(274) Age table with threshold 15 (max threshold 15)
[11.413s][trace][gc,age         ] GC(274) - age   1:     400208 bytes,     400208 total
[11.413s][info ][gc,heap        ] GC(274) DefNew: 140294K(157376K)->390K(157376K) Eden: 139904K(139904K)->0K(139904K) From: 390K(17472K)->390K(17472K)
[11.413s][info ][gc,heap        ] GC(274) Tenured: 3958K(349568K)->3958K(349568K)
[11.413s][info ][gc,metaspace   ] GC(274) Metaspace: 9872K(10112K)->9872K(10112K) NonClass: 8744K(8832K)->8744K(8832K) Class: 1128K(1280K)->1128K(1280K)
[11.413s][info ][gc             ] GC(274) Pause Young (Allocation Failure) 140M->4M(495M) 0.155ms
[11.413s][info ][gc,cpu         ] GC(274) User=0.00s Sys=0.00s Real=0.00s
[11.423s][info ][gc,start       ] GC(275) Pause Young (Allocation Failure)
[11.423s][debug][gc,age         ] GC(275) Desired survivor size 8945664 bytes, new threshold 15 (max threshold 15)
[11.423s][trace][gc,age         ] GC(275) Age table with threshold 15 (max threshold 15)
[11.423s][trace][gc,age         ] GC(275) - age   1:     400208 bytes,     400208 total
[11.423s][info ][gc,heap        ] GC(275) DefNew: 140294K(157376K)->390K(157376K) Eden: 139904K(139904K)->0K(139904K) From: 390K(17472K)->390K(17472K)
[11.423s][info ][gc,heap        ] GC(275) Tenured: 3958K(349568K)->3958K(349568K)
[11.423s][info ][gc,metaspace   ] GC(275) Metaspace: 9872K(10112K)->9872K(10112K) NonClass: 8744K(8832K)->8744K(8832K) Class: 1128K(1280K)->1128K(1280K)
[11.423s][info ][gc             ] GC(275) Pause Young (Allocation Failure) 140M->4M(495M) 0.165ms
[11.423s][info ][gc,cpu         ] GC(275) User=0.00s Sys=0.00s Real=0.00s
[11.433s][info ][gc,start       ] GC(276) Pause Young (Allocation Failure)
[11.433s][debug][gc,age         ] GC(276) Desired survivor size 8945664 bytes, new threshold 15 (max threshold 15)
[11.433s][trace][gc,age         ] GC(276) Age table with threshold 15 (max threshold 15)
[11.433s][trace][gc,age         ] GC(276) - age   1:     400208 bytes,     400208 total
[11.433s][info ][gc,heap        ] GC(276) DefNew: 140294K(157376K)->390K(157376K) Eden: 139904K(139904K)->0K(139904K) From: 390K(17472K)->390K(17472K)
[11.433s][info ][gc,heap        ] GC(276) Tenured: 3958K(349568K)->3958K(349568K)
[11.433s][info ][gc,metaspace   ] GC(276) Metaspace: 9872K(10112K)->9872K(10112K) NonClass: 8744K(8832K)->8744K(8832K) Class: 1128K(1280K)->1128K(1280K)
[11.433s][info ][gc             ] GC(276) Pause Young (Allocation Failure) 140M->4M(495M) 0.160ms
[11.433s][info ][gc,cpu         ] GC(276) User=0.00s Sys=0.00s Real=0.00s
[11.443s][info ][gc,start       ] GC(277) Pause Young (Allocation Failure)
[11.443s][debug][gc,age         ] GC(277) Desired survivor size 8945664 bytes, new threshold 15 (max threshold 15)
[11.443s][trace][gc,age         ] GC(277) Age table with threshold 15 (max threshold 15)
[11.443s][trace][gc,age         ] GC(277) - age   1:     400208 bytes,     400208 total
[11.443s][info ][gc,heap        ] GC(277) DefNew: 140294K(157376K)->390K(157376K) Eden: 139904K(139904K)->0K(139904K) From: 390K(17472K)->390K(17472K)
[11.443s][info ][gc,heap        ] GC(277) Tenured: 3958K(349568K)->3958K(349568K)
[11.443s][info ][gc,metaspace   ] GC(277) Metaspace: 9872K(10112K)->9872K(10112K) NonClass: 8744K(8832K)->8744K(8832K) Class: 1128K(1280K)->1128K(1280K)
[11.443s][info ][gc             ] GC(277) Pause Young (Allocation Failure) 140M->4M(495M) 0.159ms
[11.443s][info ][gc,cpu         ] GC(277) User=0.00s Sys=0.00s Real=0.00s
[11.453s][info ][gc,start       ] GC(278) Pause Young (Allocation Failure)
[11.454s][debug][gc,age         ] GC(278) Desired survivor size 8945664 bytes, new threshold 15 (max threshold 15)
[11.454s][trace][gc,age         ] GC(278) Age table with threshold 15 (max threshold 15)
[11.454s][trace][gc,age         ] GC(278) - age   1:     400208 bytes,     400208 total
[11.454s][info ][gc,heap        ] GC(278) DefNew: 140294K(157376K)->390K(157376K) Eden: 139904K(139904K)->0K(139904K) From: 390K(17472K)->390K(17472K)
[11.454s][info ][gc,heap        ] GC(278) Tenured: 3958K(349568K)->3958K(349568K)
[11.454s][info ][gc,metaspace   ] GC(278) Metaspace: 9872K(10112K)->9872K(10112K) NonClass: 8744K(8832K)->8744K(8832K) Class: 1128K(1280K)->1128K(1280K)
[11.454s][info ][gc             ] GC(278) Pause Young (Allocation Failure) 140M->4M(495M) 0.161ms
[11.454s][info ][gc,cpu         ] GC(278) User=0.00s Sys=0.00s Real=0.00s
[11.464s][info ][gc,start       ] GC(279) Pause Young (Allocation Failure)
[11.464s][debug][gc,age         ] GC(279) Desired survivor size 8945664 bytes, new threshold 15 (max threshold 15)
[11.464s][trace][gc,age         ] GC(279) Age table with threshold 15 (max threshold 15)
[11.464s][trace][gc,age         ] GC(279) - age   1:     400208 bytes,     400208 total
[11.464s][info ][gc,heap        ] GC(279) DefNew: 140294K(157376K)->390K(157376K) Eden: 139904K(139904K)->0K(139904K) From: 390K(17472K)->390K(17472K)
[11.464s][info ][gc,heap        ] GC(279) Tenured: 3958K(349568K)->3958K(349568K)
[11.464s][info ][gc,metaspace   ] GC(279) Metaspace: 9872K(10112K)->9872K(10112K) NonClass: 8744K(8832K)->8744K(8832K) Class: 1128K(1280K)->1128K(1280K)
[11.464s][info ][gc             ] GC(279) Pause Young (Allocation Failure) 140M->4M(495M) 0.161ms
[11.464s][info ][gc,cpu         ] GC(279) User=0.00s Sys=0.00s Real=0.00s
[11.474s][info ][gc,start       ] GC(280) Pause Young (Allocation Failure)
[11.474s][debug][gc,age         ] GC(280) Desired survivor size 8945664 bytes, new threshold 15 (max threshold 15)
[11.474s][trace][gc,age         ] GC(280) Age table with threshold 15 (max threshold 15)
[11.474s][trace][gc,age         ] GC(280) - age   1:     400208 bytes,     400208 total
[11.474s][info ][gc,heap        ] GC(280) DefNew: 140294K(157376K)->390K(157376K) Eden: 139904K(139904K)->0K(139904K) From: 390K(17472K)->390K(17472K)
[11.474s][info ][gc,heap        ] GC(280) Tenured: 3958K(349568K)->3958K(349568K)
[11.474s][info ][gc,metaspace   ] GC(280) Metaspace: 9872K(10112K)->9872K(10112K) NonClass: 8744K(8832K)->8744K(8832K) Class: 1128K(1280K)->1128K(1280K)
[11.474s][info ][gc             ] GC(280) Pause Young (Allocation Failure) 140M->4M(495M) 0.158ms
[11.474s][info ][gc,cpu         ] GC(280) User=0.00s Sys=0.00s Real=0.00s
[11.484s][info ][gc,start       ] GC(281) Pause Young (Allocation Failure)
[11.484s][debug][gc,age         ] GC(281) Desired survivor size 8945664 bytes, new threshold 15 (max threshold 15)
[11.484s][trace][gc,age         ] GC(281) Age table with threshold 15 (max threshold 15)
[11.484s][trace][gc,age         ] GC(281) - age   1:     400208 bytes,     400208 total
[11.484s][info ][gc,heap        ] GC(281) DefNew: 140294K(157376K)->390K(157376K) Eden: 139904K(139904K)->0K(139904K) From: 390K(17472K)->390K(17472K)
[11.484s][info ][gc,heap        ] GC(281) Tenured: 3958K(349568K)->3958K(349568K)
[11.484s][info ][gc,metaspace   ] GC(281) Metaspace: 9872K(10112K)->9872K(10112K) NonClass: 8744K(8832K)->8744K(8832K) Class: 1128K(1280K)->1128K(1280K)
[11.484s][info ][gc             ] GC(281) Pause Young (Allocation Failure) 140M->4M(495M) 0.165ms
[11.484s][info ][gc,cpu         ] GC(281) User=0.00s Sys=0.00s Real=0.00s
[11.494s][info ][gc,start       ] GC(282) Pause Young (Allocation Failure)
[11.494s][debug][gc,age         ] GC(282) Desired survivor size 8945664 bytes, new threshold 15 (max threshold 15)
[11.494s][trace][gc,age         ] GC(282) Age table with threshold 15 (max threshold 15)
[11.494s][trace][gc,age         ] GC(282) - age   1:     400208 bytes,     400208 total
[11.494s][info ][gc,heap        ] GC(282) DefNew: 140294K(157376K)->390K(157376K) Eden: 139904K(139904K)->0K(139904K) From: 390K(17472K)->390K(17472K)
[11.494s][info ][gc,heap        ] GC(282) Tenured: 3958K(349568K)->3958K(349568K)
[11.494s][info ][gc,metaspace   ] GC(282) Metaspace: 9872K(10112K)->9872K(10112K) NonClass: 8744K(8832K)->8744K(8832K) Class: 1128K(1280K)->1128K(1280K)
[11.494s][info ][gc             ] GC(282) Pause Young (Allocation Failure) 140M->4M(495M) 0.156ms
[11.494s][info ][gc,cpu         ] GC(282) User=0.00s Sys=0.00s Real=0.00s
[11.504s][info ][gc,start       ] GC(283) Pause Young (Allocation Failure)
[11.504s][debug][gc,age         ] GC(283) Desired survivor size 8945664 bytes, new threshold 15 (max threshold 15)
[11.504s][trace][gc,age         ] GC(283) Age table with threshold 15 (max threshold 15)
[11.504s][trace][gc,age         ] GC(283) - age   1:     400208 bytes,     400208 total
[11.504s][info ][gc,heap        ] GC(283) DefNew: 140294K(157376K)->390K(157376K) Eden: 139904K(139904K)->0K(139904K) From: 390K(17472K)->390K(17472K)
[11.504s][info ][gc,heap        ] GC(283) Tenured: 3958K(349568K)->3958K(349568K)
[11.504s][info ][gc,metaspace   ] GC(283) Metaspace: 9872K(10112K)->9872K(10112K) NonClass: 8744K(8832K)->8744K(8832K) Class: 1128K(1280K)->1128K(1280K)
[11.504s][info ][gc             ] GC(283) Pause Young (Allocation Failure) 140M->4M(495M) 0.155ms
[11.504s][info ][gc,cpu         ] GC(283) User=0.00s Sys=0.00s Real=0.00s
[11.514s][info ][gc,start       ] GC(284) Pause Young (Allocation Failure)
[11.514s][debug][gc,age         ] GC(284) Desired survivor size 8945664 bytes, new threshold 15 (max threshold 15)
[11.514s][trace][gc,age         ] GC(284) Age table with threshold 15 (max threshold 15)
[11.514s][trace][gc,age         ] GC(284) - age   1:     400208 bytes,     400208 total
[11.514s][info ][gc,heap        ] GC(284) DefNew: 140294K(157376K)->390K(157376K) Eden: 139904K(139904K)->0K(139904K) From: 390K(17472K)->390K(17472K)
[11.514s][info ][gc,heap        ] GC(284) Tenured: 3958K(349568K)->3958K(349568K)
[11.514s][info ][gc,metaspace   ] GC(284) Metaspace: 9872K(10112K)->9872K(10112K) NonClass: 8744K(8832K)->8744K(8832K) Class: 1128K(1280K)->1128K(1280K)
[11.514s][info ][gc             ] GC(284) Pause Young (Allocation Failure) 140M->4M(495M) 0.160ms
[11.514s][info ][gc,cpu         ] GC(284) User=0.00s Sys=0.00s Real=0.00s
[11.525s][info ][gc,start       ] GC(285) Pause Young (Allocation Failure)
[11.525s][debug][gc,age         ] GC(285) Desired survivor size 8945664 bytes, new threshold 15 (max threshold 15)
[11.525s][trace][gc,age         ] GC(285) Age table with threshold 15 (max threshold 15)
[11.525s][trace][gc,age         ] GC(285) - age   1:     400208 bytes,     400208 total
[11.525s][info ][gc,heap        ] GC(285) DefNew: 140294K(157376K)->390K(157376K) Eden: 139904K(139904K)->0K(139904K) From: 390K(17472K)->390K(17472K)
[11.525s][info ][gc,heap        ] GC(285) Tenured: 3958K(349568K)->3958K(349568K)
[11.525s][info ][gc,metaspace   ] GC(285) Metaspace: 9872K(10112K)->9872K(10112K) NonClass: 8744K(8832K)->8744K(8832K) Class: 1128K(1280K)->1128K(1280K)
[11.525s][info ][gc             ] GC(285) Pause Young (Allocation Failure) 140M->4M(495M) 0.158ms
[11.525s][info ][gc,cpu         ] GC(285) User=0.00s Sys=0.00s Real=0.00s
[11.535s][info ][gc,start       ] GC(286) Pause Young (Allocation Failure)
[11.535s][debug][gc,age         ] GC(286) Desired survivor size 8945664 bytes, new threshold 15 (max threshold 15)
[11.535s][trace][gc,age         ] GC(286) Age table with threshold 15 (max threshold 15)
[11.535s][trace][gc,age         ] GC(286) - age   1:     400208 bytes,     400208 total
[11.535s][info ][gc,heap        ] GC(286) DefNew: 140294K(157376K)->390K(157376K) Eden: 139904K(139904K)->0K(139904K) From: 390K(17472K)->390K(17472K)
[11.535s][info ][gc,heap        ] GC(286) Tenured: 3958K(349568K)->3958K(349568K)
[11.535s][info ][gc,metaspace   ] GC(286) Metaspace: 9872K(10112K)->9872K(10112K) NonClass: 8744K(8832K)->8744K(8832K) Class: 1128K(1280K)->1128K(1280K)
[11.535s][info ][gc             ] GC(286) Pause Young (Allocation Failure) 140M->4M(495M) 0.157ms
[11.535s][info ][gc,cpu         ] GC(286) User=0.00s Sys=0.00s Real=0.00s
[11.545s][info ][gc,start       ] GC(287) Pause Young (Allocation Failure)
[11.545s][debug][gc,age         ] GC(287) Desired survivor size 8945664 bytes, new threshold 15 (max threshold 15)
[11.545s][trace][gc,age         ] GC(287) Age table with threshold 15 (max threshold 15)
[11.545s][trace][gc,age         ] GC(287) - age   1:     400208 bytes,     400208 total
[11.545s][info ][gc,heap        ] GC(287) DefNew: 140294K(157376K)->390K(157376K) Eden: 139904K(139904K)->0K(139904K) From: 390K(17472K)->390K(17472K)
[11.545s][info ][gc,heap        ] GC(287) Tenured: 3958K(349568K)->3958K(349568K)
[11.545s][info ][gc,metaspace   ] GC(287) Metaspace: 9872K(10112K)->9872K(10112K) NonClass: 8744K(8832K)->8744K(8832K) Class: 1128K(1280K)->1128K(1280K)
[11.545s][info ][gc             ] GC(287) Pause Young (Allocation Failure) 140M->4M(495M) 0.164ms
[11.545s][info ][gc,cpu         ] GC(287) User=0.00s Sys=0.00s Real=0.00s
[11.555s][info ][gc,start       ] GC(288) Pause Young (Allocation Failure)
[11.555s][debug][gc,age         ] GC(288) Desired survivor size 8945664 bytes, new threshold 15 (max threshold 15)
[11.555s][trace][gc,age         ] GC(288) Age table with threshold 15 (max threshold 15)
[11.555s][trace][gc,age         ] GC(288) - age   1:     400208 bytes,     400208 total
[11.555s][info ][gc,heap        ] GC(288) DefNew: 140294K(157376K)->390K(157376K) Eden: 139904K(139904K)->0K(139904K) From: 390K(17472K)->390K(17472K)
[11.555s][info ][gc,heap        ] GC(288) Tenured: 3958K(349568K)->3958K(349568K)
[11.555s][info ][gc,metaspace   ] GC(288) Metaspace: 9872K(10112K)->9872K(10112K) NonClass: 8744K(8832K)->8744K(8832K) Class: 1128K(1280K)->1128K(1280K)
[11.555s][info ][gc             ] GC(288) Pause Young (Allocation Failure) 140M->4M(495M) 0.160ms
[11.555s][info ][gc,cpu         ] GC(288) User=0.00s Sys=0.00s Real=0.00s
[11.565s][info ][gc,start       ] GC(289) Pause Young (Allocation Failure)
[11.565s][debug][gc,age         ] GC(289) Desired survivor size 8945664 bytes, new threshold 15 (max threshold 15)
[11.565s][trace][gc,age         ] GC(289) Age table with threshold 15 (max threshold 15)
[11.565s][trace][gc,age         ] GC(289) - age   1:     400208 bytes,     400208 total
[11.565s][info ][gc,heap        ] GC(289) DefNew: 140294K(157376K)->390K(157376K) Eden: 139904K(139904K)->0K(139904K) From: 390K(17472K)->390K(17472K)
[11.565s][info ][gc,heap        ] GC(289) Tenured: 3958K(349568K)->3958K(349568K)
[11.565s][info ][gc,metaspace   ] GC(289) Metaspace: 9872K(10112K)->9872K(10112K) NonClass: 8744K(8832K)->8744K(8832K) Class: 1128K(1280K)->1128K(1280K)
[11.565s][info ][gc             ] GC(289) Pause Young (Allocation Failure) 140M->4M(495M) 0.158ms
[11.565s][info ][gc,cpu         ] GC(289) User=0.00s Sys=0.00s Real=0.00s
[11.575s][info ][gc,start       ] GC(290) Pause Young (Allocation Failure)
[11.575s][debug][gc,age         ] GC(290) Desired survivor size 8945664 bytes, new threshold 15 (max threshold 15)
[11.575s][trace][gc,age         ] GC(290) Age table with threshold 15 (max threshold 15)
[11.575s][trace][gc,age         ] GC(290) - age   1:     400208 bytes,     400208 total
[11.575s][info ][gc,heap        ] GC(290) DefNew: 140294K(157376K)->390K(157376K) Eden: 139904K(139904K)->0K(139904K) From: 390K(17472K)->390K(17472K)
[11.575s][info ][gc,heap        ] GC(290) Tenured: 3958K(349568K)->3958K(349568K)
[11.575s][info ][gc,metaspace   ] GC(290) Metaspace: 9872K(10112K)->9872K(10112K) NonClass: 8744K(8832K)->8744K(8832K) Class: 1128K(1280K)->1128K(1280K)
[11.575s][info ][gc             ] GC(290) Pause Young (Allocation Failure) 140M->4M(495M) 0.157ms
[11.575s][info ][gc,cpu         ] GC(290) User=0.00s Sys=0.00s Real=0.00s
[11.585s][info ][gc,start       ] GC(291) Pause Young (Allocation Failure)
[11.586s][debug][gc,age         ] GC(291) Desired survivor size 8945664 bytes, new threshold 15 (max threshold 15)
[11.586s][trace][gc,age         ] GC(291) Age table with threshold 15 (max threshold 15)
[11.586s][trace][gc,age         ] GC(291) - age   1:     400208 bytes,     400208 total
[11.586s][info ][gc,heap        ] GC(291) DefNew: 140294K(157376K)->390K(157376K) Eden: 139904K(139904K)->0K(139904K) From: 390K(17472K)->390K(17472K)
[11.586s][info ][gc,heap        ] GC(291) Tenured: 3958K(349568K)->3958K(349568K)
[11.586s][info ][gc,metaspace   ] GC(291) Metaspace: 9872K(10112K)->9872K(10112K) NonClass: 8744K(8832K)->8744K(8832K) Class: 1128K(1280K)->1128K(1280K)
[11.586s][info ][gc             ] GC(291) Pause Young (Allocation Failure) 140M->4M(495M) 0.160ms
[11.586s][info ][gc,cpu         ] GC(291) User=0.00s Sys=0.00s Real=0.00s
[11.596s][info ][gc,start       ] GC(292) Pause Young (Allocation Failure)
[11.596s][debug][gc,age         ] GC(292) Desired survivor size 8945664 bytes, new threshold 15 (max threshold 15)
[11.596s][trace][gc,age         ] GC(292) Age table with threshold 15 (max threshold 15)
[11.596s][trace][gc,age         ] GC(292) - age   1:     400208 bytes,     400208 total
[11.596s][info ][gc,heap        ] GC(292) DefNew: 140294K(157376K)->390K(157376K) Eden: 139904K(139904K)->0K(139904K) From: 390K(17472K)->390K(17472K)
[11.596s][info ][gc,heap        ] GC(292) Tenured: 3958K(349568K)->3958K(349568K)
[11.596s][info ][gc,metaspace   ] GC(292) Metaspace: 9872K(10112K)->9872K(10112K) NonClass: 8744K(8832K)->8744K(8832K) Class: 1128K(1280K)->1128K(1280K)
[11.596s][info ][gc             ] GC(292) Pause Young (Allocation Failure) 140M->4M(495M) 0.162ms
[11.596s][info ][gc,cpu         ] GC(292) User=0.00s Sys=0.00s Real=0.00s
[11.606s][info ][gc,start       ] GC(293) Pause Young (Allocation Failure)
[11.606s][debug][gc,age         ] GC(293) Desired survivor size 8945664 bytes, new threshold 15 (max threshold 15)
[11.606s][trace][gc,age         ] GC(293) Age table with threshold 15 (max threshold 15)
[11.606s][trace][gc,age         ] GC(293) - age   1:     400208 bytes,     400208 total
[11.606s][info ][gc,heap        ] GC(293) DefNew: 140294K(157376K)->390K(157376K) Eden: 139904K(139904K)->0K(139904K) From: 390K(17472K)->390K(17472K)
[11.606s][info ][gc,heap        ] GC(293) Tenured: 3958K(349568K)->3958K(349568K)
[11.606s][info ][gc,metaspace   ] GC(293) Metaspace: 9872K(10112K)->9872K(10112K) NonClass: 8744K(8832K)->8744K(8832K) Class: 1128K(1280K)->1128K(1280K)
[11.606s][info ][gc             ] GC(293) Pause Young (Allocation Failure) 140M->4M(495M) 0.159ms
[11.606s][info ][gc,cpu         ] GC(293) User=0.00s Sys=0.00s Real=0.00s
[11.616s][info ][gc,start       ] GC(294) Pause Young (Allocation Failure)
[11.616s][debug][gc,age         ] GC(294) Desired survivor size 8945664 bytes, new threshold 15 (max threshold 15)
[11.616s][trace][gc,age         ] GC(294) Age table with threshold 15 (max threshold 15)
[11.616s][trace][gc,age         ] GC(294) - age   1:     400208 bytes,     400208 total
[11.616s][info ][gc,heap        ] GC(294) DefNew: 140294K(157376K)->390K(157376K) Eden: 139904K(139904K)->0K(139904K) From: 390K(17472K)->390K(17472K)
[11.616s][info ][gc,heap        ] GC(294) Tenured: 3958K(349568K)->3958K(349568K)
[11.616s][info ][gc,metaspace   ] GC(294) Metaspace: 9872K(10112K)->9872K(10112K) NonClass: 8744K(8832K)->8744K(8832K) Class: 1128K(1280K)->1128K(1280K)
[11.616s][info ][gc             ] GC(294) Pause Young (Allocation Failure) 140M->4M(495M) 0.190ms
[11.616s][info ][gc,cpu         ] GC(294) User=0.00s Sys=0.00s Real=0.00s
[11.626s][info ][gc,start       ] GC(295) Pause Young (Allocation Failure)
[11.626s][debug][gc,age         ] GC(295) Desired survivor size 8945664 bytes, new threshold 15 (max threshold 15)
[11.626s][trace][gc,age         ] GC(295) Age table with threshold 15 (max threshold 15)
[11.626s][trace][gc,age         ] GC(295) - age   1:     400208 bytes,     400208 total
[11.626s][info ][gc,heap        ] GC(295) DefNew: 140294K(157376K)->390K(157376K) Eden: 139904K(139904K)->0K(139904K) From: 390K(17472K)->390K(17472K)
[11.626s][info ][gc,heap        ] GC(295) Tenured: 3958K(349568K)->3958K(349568K)
[11.626s][info ][gc,metaspace   ] GC(295) Metaspace: 9872K(10112K)->9872K(10112K) NonClass: 8744K(8832K)->8744K(8832K) Class: 1128K(1280K)->1128K(1280K)
[11.626s][info ][gc             ] GC(295) Pause Young (Allocation Failure) 140M->4M(495M) 0.163ms
[11.626s][info ][gc,cpu         ] GC(295) User=0.00s Sys=0.00s Real=0.00s
[11.636s][info ][gc,start       ] GC(296) Pause Young (Allocation Failure)
[11.637s][debug][gc,age         ] GC(296) Desired survivor size 8945664 bytes, new threshold 15 (max threshold 15)
[11.637s][trace][gc,age         ] GC(296) Age table with threshold 15 (max threshold 15)
[11.637s][trace][gc,age         ] GC(296) - age   1:     400208 bytes,     400208 total
[11.637s][info ][gc,heap        ] GC(296) DefNew: 140294K(157376K)->390K(157376K) Eden: 139904K(139904K)->0K(139904K) From: 390K(17472K)->390K(17472K)
[11.637s][info ][gc,heap        ] GC(296) Tenured: 3958K(349568K)->3958K(349568K)
[11.637s][info ][gc,metaspace   ] GC(296) Metaspace: 9872K(10112K)->9872K(10112K) NonClass: 8744K(8832K)->8744K(8832K) Class: 1128K(1280K)->1128K(1280K)
[11.637s][info ][gc             ] GC(296) Pause Young (Allocation Failure) 140M->4M(495M) 0.161ms
[11.637s][info ][gc,cpu         ] GC(296) User=0.00s Sys=0.00s Real=0.00s
[11.647s][info ][gc,start       ] GC(297) Pause Young (Allocation Failure)
[11.647s][debug][gc,age         ] GC(297) Desired survivor size 8945664 bytes, new threshold 15 (max threshold 15)
[11.647s][trace][gc,age         ] GC(297) Age table with threshold 15 (max threshold 15)
[11.647s][trace][gc,age         ] GC(297) - age   1:     400208 bytes,     400208 total
[11.647s][info ][gc,heap        ] GC(297) DefNew: 140294K(157376K)->390K(157376K) Eden: 139904K(139904K)->0K(139904K) From: 390K(17472K)->390K(17472K)
[11.647s][info ][gc,heap        ] GC(297) Tenured: 3958K(349568K)->3958K(349568K)
[11.647s][info ][gc,metaspace   ] GC(297) Metaspace: 9872K(10112K)->9872K(10112K) NonClass: 8744K(8832K)->8744K(8832K) Class: 1128K(1280K)->1128K(1280K)
[11.647s][info ][gc             ] GC(297) Pause Young (Allocation Failure) 140M->4M(495M) 0.164ms
[11.647s][info ][gc,cpu         ] GC(297) User=0.00s Sys=0.00s Real=0.00s
[11.657s][info ][gc,start       ] GC(298) Pause Young (Allocation Failure)
[11.657s][debug][gc,age         ] GC(298) Desired survivor size 8945664 bytes, new threshold 15 (max threshold 15)
[11.657s][trace][gc,age         ] GC(298) Age table with threshold 15 (max threshold 15)
[11.657s][trace][gc,age         ] GC(298) - age   1:     400208 bytes,     400208 total
[11.657s][info ][gc,heap        ] GC(298) DefNew: 140294K(157376K)->390K(157376K) Eden: 139904K(139904K)->0K(139904K) From: 390K(17472K)->390K(17472K)
[11.657s][info ][gc,heap        ] GC(298) Tenured: 3958K(349568K)->3958K(349568K)
[11.657s][info ][gc,metaspace   ] GC(298) Metaspace: 9872K(10112K)->9872K(10112K) NonClass: 8744K(8832K)->8744K(8832K) Class: 1128K(1280K)->1128K(1280K)
[11.657s][info ][gc             ] GC(298) Pause Young (Allocation Failure) 140M->4M(495M) 0.158ms
[11.657s][info ][gc,cpu         ] GC(298) User=0.00s Sys=0.00s Real=0.00s
[11.667s][info ][gc,start       ] GC(299) Pause Young (Allocation Failure)
[11.667s][debug][gc,age         ] GC(299) Desired survivor size 8945664 bytes, new threshold 15 (max threshold 15)
[11.667s][trace][gc,age         ] GC(299) Age table with threshold 15 (max threshold 15)
[11.667s][trace][gc,age         ] GC(299) - age   1:     400208 bytes,     400208 total
[11.667s][info ][gc,heap        ] GC(299) DefNew: 140294K(157376K)->390K(157376K) Eden: 139904K(139904K)->0K(139904K) From: 390K(17472K)->390K(17472K)
[11.667s][info ][gc,heap        ] GC(299) Tenured: 3958K(349568K)->3958K(349568K)
[11.667s][info ][gc,metaspace   ] GC(299) Metaspace: 9872K(10112K)->9872K(10112K) NonClass: 8744K(8832K)->8744K(8832K) Class: 1128K(1280K)->1128K(1280K)
[11.667s][info ][gc             ] GC(299) Pause Young (Allocation Failure) 140M->4M(495M) 0.161ms
[11.667s][info ][gc,cpu         ] GC(299) User=0.00s Sys=0.00s Real=0.00s
[11.677s][info ][gc,start       ] GC(300) Pause Young (Allocation Failure)
[11.677s][debug][gc,age         ] GC(300) Desired survivor size 8945664 bytes, new threshold 15 (max threshold 15)
[11.677s][trace][gc,age         ] GC(300) Age table with threshold 15 (max threshold 15)
[11.677s][trace][gc,age         ] GC(300) - age   1:     400208 bytes,     400208 total
[11.677s][info ][gc,heap        ] GC(300) DefNew: 140294K(157376K)->390K(157376K) Eden: 139904K(139904K)->0K(139904K) From: 390K(17472K)->390K(17472K)
[11.677s][info ][gc,heap        ] GC(300) Tenured: 3958K(349568K)->3958K(349568K)
[11.677s][info ][gc,metaspace   ] GC(300) Metaspace: 9872K(10112K)->9872K(10112K) NonClass: 8744K(8832K)->8744K(8832K) Class: 1128K(1280K)->1128K(1280K)
[11.677s][info ][gc             ] GC(300) Pause Young (Allocation Failure) 140M->4M(495M) 0.158ms
[11.677s][info ][gc,cpu         ] GC(300) User=0.01s Sys=0.00s Real=0.00s
[11.687s][info ][gc,start       ] GC(301) Pause Young (Allocation Failure)
[11.687s][debug][gc,age         ] GC(301) Desired survivor size 8945664 bytes, new threshold 15 (max threshold 15)
[11.687s][trace][gc,age         ] GC(301) Age table with threshold 15 (max threshold 15)
[11.687s][trace][gc,age         ] GC(301) - age   1:     400208 bytes,     400208 total
[11.687s][info ][gc,heap        ] GC(301) DefNew: 140294K(157376K)->390K(157376K) Eden: 139904K(139904K)->0K(139904K) From: 390K(17472K)->390K(17472K)
[11.687s][info ][gc,heap        ] GC(301) Tenured: 3958K(349568K)->3958K(349568K)
[11.687s][info ][gc,metaspace   ] GC(301) Metaspace: 9872K(10112K)->9872K(10112K) NonClass: 8744K(8832K)->8744K(8832K) Class: 1128K(1280K)->1128K(1280K)
[11.687s][info ][gc             ] GC(301) Pause Young (Allocation Failure) 140M->4M(495M) 0.165ms
[11.687s][info ][gc,cpu         ] GC(301) User=0.00s Sys=0.00s Real=0.00s
[11.697s][info ][gc,start       ] GC(302) Pause Young (Allocation Failure)
[11.698s][debug][gc,age         ] GC(302) Desired survivor size 8945664 bytes, new threshold 15 (max threshold 15)
[11.698s][trace][gc,age         ] GC(302) Age table with threshold 15 (max threshold 15)
[11.698s][trace][gc,age         ] GC(302) - age   1:     400208 bytes,     400208 total
[11.698s][info ][gc,heap        ] GC(302) DefNew: 140294K(157376K)->390K(157376K) Eden: 139904K(139904K)->0K(139904K) From: 390K(17472K)->390K(17472K)
[11.698s][info ][gc,heap        ] GC(302) Tenured: 3958K(349568K)->3958K(349568K)
[11.698s][info ][gc,metaspace   ] GC(302) Metaspace: 9872K(10112K)->9872K(10112K) NonClass: 8744K(8832K)->8744K(8832K) Class: 1128K(1280K)->1128K(1280K)
[11.698s][info ][gc             ] GC(302) Pause Young (Allocation Failure) 140M->4M(495M) 0.156ms
[11.698s][info ][gc,cpu         ] GC(302) User=0.00s Sys=0.00s Real=0.00s
[11.708s][info ][gc,start       ] GC(303) Pause Young (Allocation Failure)
[11.708s][debug][gc,age         ] GC(303) Desired survivor size 8945664 bytes, new threshold 15 (max threshold 15)
[11.708s][trace][gc,age         ] GC(303) Age table with threshold 15 (max threshold 15)
[11.708s][trace][gc,age         ] GC(303) - age   1:     400208 bytes,     400208 total
[11.708s][info ][gc,heap        ] GC(303) DefNew: 140294K(157376K)->390K(157376K) Eden: 139904K(139904K)->0K(139904K) From: 390K(17472K)->390K(17472K)
[11.708s][info ][gc,heap        ] GC(303) Tenured: 3958K(349568K)->3958K(349568K)
[11.708s][info ][gc,metaspace   ] GC(303) Metaspace: 9872K(10112K)->9872K(10112K) NonClass: 8744K(8832K)->8744K(8832K) Class: 1128K(1280K)->1128K(1280K)
[11.708s][info ][gc             ] GC(303) Pause Young (Allocation Failure) 140M->4M(495M) 0.153ms
[11.708s][info ][gc,cpu         ] GC(303) User=0.00s Sys=0.00s Real=0.00s
[11.718s][info ][gc,start       ] GC(304) Pause Young (Allocation Failure)
[11.718s][debug][gc,age         ] GC(304) Desired survivor size 8945664 bytes, new threshold 15 (max threshold 15)
[11.718s][trace][gc,age         ] GC(304) Age table with threshold 15 (max threshold 15)
[11.718s][trace][gc,age         ] GC(304) - age   1:     400208 bytes,     400208 total
[11.718s][info ][gc,heap        ] GC(304) DefNew: 140294K(157376K)->390K(157376K) Eden: 139904K(139904K)->0K(139904K) From: 390K(17472K)->390K(17472K)
[11.718s][info ][gc,heap        ] GC(304) Tenured: 3958K(349568K)->3958K(349568K)
[11.718s][info ][gc,metaspace   ] GC(304) Metaspace: 9872K(10112K)->9872K(10112K) NonClass: 8744K(8832K)->8744K(8832K) Class: 1128K(1280K)->1128K(1280K)
[11.718s][info ][gc             ] GC(304) Pause Young (Allocation Failure) 140M->4M(495M) 0.161ms
[11.718s][info ][gc,cpu         ] GC(304) User=0.00s Sys=0.00s Real=0.00s
[11.728s][info ][gc,start       ] GC(305) Pause Young (Allocation Failure)
[11.728s][debug][gc,age         ] GC(305) Desired survivor size 8945664 bytes, new threshold 15 (max threshold 15)
[11.728s][trace][gc,age         ] GC(305) Age table with threshold 15 (max threshold 15)
[11.728s][trace][gc,age         ] GC(305) - age   1:     400208 bytes,     400208 total
[11.728s][info ][gc,heap        ] GC(305) DefNew: 140294K(157376K)->390K(157376K) Eden: 139904K(139904K)->0K(139904K) From: 390K(17472K)->390K(17472K)
[11.728s][info ][gc,heap        ] GC(305) Tenured: 3958K(349568K)->3958K(349568K)
[11.728s][info ][gc,metaspace   ] GC(305) Metaspace: 9872K(10112K)->9872K(10112K) NonClass: 8744K(8832K)->8744K(8832K) Class: 1128K(1280K)->1128K(1280K)
[11.728s][info ][gc             ] GC(305) Pause Young (Allocation Failure) 140M->4M(495M) 0.162ms
[11.728s][info ][gc,cpu         ] GC(305) User=0.00s Sys=0.00s Real=0.00s
[11.738s][info ][gc,start       ] GC(306) Pause Young (Allocation Failure)
[11.738s][debug][gc,age         ] GC(306) Desired survivor size 8945664 bytes, new threshold 15 (max threshold 15)
[11.738s][trace][gc,age         ] GC(306) Age table with threshold 15 (max threshold 15)
[11.738s][trace][gc,age         ] GC(306) - age   1:     400208 bytes,     400208 total
[11.738s][info ][gc,heap        ] GC(306) DefNew: 140294K(157376K)->390K(157376K) Eden: 139904K(139904K)->0K(139904K) From: 390K(17472K)->390K(17472K)
[11.738s][info ][gc,heap        ] GC(306) Tenured: 3958K(349568K)->3958K(349568K)
[11.738s][info ][gc,metaspace   ] GC(306) Metaspace: 9872K(10112K)->9872K(10112K) NonClass: 8744K(8832K)->8744K(8832K) Class: 1128K(1280K)->1128K(1280K)
[11.738s][info ][gc             ] GC(306) Pause Young (Allocation Failure) 140M->4M(495M) 0.163ms
[11.738s][info ][gc,cpu         ] GC(306) User=0.00s Sys=0.00s Real=0.00s
[11.748s][info ][gc,start       ] GC(307) Pause Young (Allocation Failure)
[11.748s][debug][gc,age         ] GC(307) Desired survivor size 8945664 bytes, new threshold 15 (max threshold 15)
[11.748s][trace][gc,age         ] GC(307) Age table with threshold 15 (max threshold 15)
[11.748s][trace][gc,age         ] GC(307) - age   1:     400208 bytes,     400208 total
[11.748s][info ][gc,heap        ] GC(307) DefNew: 140294K(157376K)->390K(157376K) Eden: 139904K(139904K)->0K(139904K) From: 390K(17472K)->390K(17472K)
[11.748s][info ][gc,heap        ] GC(307) Tenured: 3958K(349568K)->3958K(349568K)
[11.748s][info ][gc,metaspace   ] GC(307) Metaspace: 9872K(10112K)->9872K(10112K) NonClass: 8744K(8832K)->8744K(8832K) Class: 1128K(1280K)->1128K(1280K)
[11.748s][info ][gc             ] GC(307) Pause Young (Allocation Failure) 140M->4M(495M) 0.160ms
[11.748s][info ][gc,cpu         ] GC(307) User=0.00s Sys=0.00s Real=0.00s
[11.758s][info ][gc,start       ] GC(308) Pause Young (Allocation Failure)
[11.759s][debug][gc,age         ] GC(308) Desired survivor size 8945664 bytes, new threshold 15 (max threshold 15)
[11.759s][trace][gc,age         ] GC(308) Age table with threshold 15 (max threshold 15)
[11.759s][trace][gc,age         ] GC(308) - age   1:     400208 bytes,     400208 total
[11.759s][info ][gc,heap        ] GC(308) DefNew: 140294K(157376K)->390K(157376K) Eden: 139904K(139904K)->0K(139904K) From: 390K(17472K)->390K(17472K)
[11.759s][info ][gc,heap        ] GC(308) Tenured: 3958K(349568K)->3958K(349568K)
[11.759s][info ][gc,metaspace   ] GC(308) Metaspace: 9872K(10112K)->9872K(10112K) NonClass: 8744K(8832K)->8744K(8832K) Class: 1128K(1280K)->1128K(1280K)
[11.759s][info ][gc             ] GC(308) Pause Young (Allocation Failure) 140M->4M(495M) 0.160ms
[11.759s][info ][gc,cpu         ] GC(308) User=0.00s Sys=0.00s Real=0.00s
[11.769s][info ][gc,start       ] GC(309) Pause Young (Allocation Failure)
[11.769s][debug][gc,age         ] GC(309) Desired survivor size 8945664 bytes, new threshold 15 (max threshold 15)
[11.769s][trace][gc,age         ] GC(309) Age table with threshold 15 (max threshold 15)
[11.769s][trace][gc,age         ] GC(309) - age   1:     400208 bytes,     400208 total
[11.769s][info ][gc,heap        ] GC(309) DefNew: 140294K(157376K)->390K(157376K) Eden: 139904K(139904K)->0K(139904K) From: 390K(17472K)->390K(17472K)
[11.769s][info ][gc,heap        ] GC(309) Tenured: 3958K(349568K)->3958K(349568K)
[11.769s][info ][gc,metaspace   ] GC(309) Metaspace: 9872K(10112K)->9872K(10112K) NonClass: 8744K(8832K)->8744K(8832K) Class: 1128K(1280K)->1128K(1280K)
[11.769s][info ][gc             ] GC(309) Pause Young (Allocation Failure) 140M->4M(495M) 0.158ms
[11.769s][info ][gc,cpu         ] GC(309) User=0.00s Sys=0.00s Real=0.00s
[11.779s][info ][gc,start       ] GC(310) Pause Young (Allocation Failure)
[11.779s][debug][gc,age         ] GC(310) Desired survivor size 8945664 bytes, new threshold 15 (max threshold 15)
[11.779s][trace][gc,age         ] GC(310) Age table with threshold 15 (max threshold 15)
[11.779s][trace][gc,age         ] GC(310) - age   1:     400208 bytes,     400208 total
[11.779s][info ][gc,heap        ] GC(310) DefNew: 140294K(157376K)->390K(157376K) Eden: 139904K(139904K)->0K(139904K) From: 390K(17472K)->390K(17472K)
[11.779s][info ][gc,heap        ] GC(310) Tenured: 3958K(349568K)->3958K(349568K)
[11.779s][info ][gc,metaspace   ] GC(310) Metaspace: 9872K(10112K)->9872K(10112K) NonClass: 8744K(8832K)->8744K(8832K) Class: 1128K(1280K)->1128K(1280K)
[11.779s][info ][gc             ] GC(310) Pause Young (Allocation Failure) 140M->4M(495M) 0.159ms
[11.779s][info ][gc,cpu         ] GC(310) User=0.00s Sys=0.00s Real=0.00s
[11.789s][info ][gc,start       ] GC(311) Pause Young (Allocation Failure)
[11.789s][debug][gc,age         ] GC(311) Desired survivor size 8945664 bytes, new threshold 15 (max threshold 15)
[11.789s][trace][gc,age         ] GC(311) Age table with threshold 15 (max threshold 15)
[11.789s][trace][gc,age         ] GC(311) - age   1:     400208 bytes,     400208 total
[11.789s][info ][gc,heap        ] GC(311) DefNew: 140294K(157376K)->390K(157376K) Eden: 139904K(139904K)->0K(139904K) From: 390K(17472K)->390K(17472K)
[11.789s][info ][gc,heap        ] GC(311) Tenured: 3958K(349568K)->3958K(349568K)
[11.789s][info ][gc,metaspace   ] GC(311) Metaspace: 9872K(10112K)->9872K(10112K) NonClass: 8744K(8832K)->8744K(8832K) Class: 1128K(1280K)->1128K(1280K)
[11.789s][info ][gc             ] GC(311) Pause Young (Allocation Failure) 140M->4M(495M) 0.159ms
[11.789s][info ][gc,cpu         ] GC(311) User=0.00s Sys=0.00s Real=0.00s
[11.799s][info ][gc,start       ] GC(312) Pause Young (Allocation Failure)
[11.799s][debug][gc,age         ] GC(312) Desired survivor size 8945664 bytes, new threshold 15 (max threshold 15)
[11.799s][trace][gc,age         ] GC(312) Age table with threshold 15 (max threshold 15)
[11.799s][trace][gc,age         ] GC(312) - age   1:     400208 bytes,     400208 total
[11.799s][info ][gc,heap        ] GC(312) DefNew: 140294K(157376K)->390K(157376K) Eden: 139904K(139904K)->0K(139904K) From: 390K(17472K)->390K(17472K)
[11.799s][info ][gc,heap        ] GC(312) Tenured: 3958K(349568K)->3958K(349568K)
[11.799s][info ][gc,metaspace   ] GC(312) Metaspace: 9872K(10112K)->9872K(10112K) NonClass: 8744K(8832K)->8744K(8832K) Class: 1128K(1280K)->1128K(1280K)
[11.799s][info ][gc             ] GC(312) Pause Young (Allocation Failure) 140M->4M(495M) 0.156ms
[11.799s][info ][gc,cpu         ] GC(312) User=0.00s Sys=0.00s Real=0.00s
[11.809s][info ][gc,start       ] GC(313) Pause Young (Allocation Failure)
[11.809s][debug][gc,age         ] GC(313) Desired survivor size 8945664 bytes, new threshold 15 (max threshold 15)
[11.809s][trace][gc,age         ] GC(313) Age table with threshold 15 (max threshold 15)
[11.809s][trace][gc,age         ] GC(313) - age   1:     400208 bytes,     400208 total
[11.809s][info ][gc,heap        ] GC(313) DefNew: 140294K(157376K)->390K(157376K) Eden: 139904K(139904K)->0K(139904K) From: 390K(17472K)->390K(17472K)
[11.809s][info ][gc,heap        ] GC(313) Tenured: 3958K(349568K)->3958K(349568K)
[11.809s][info ][gc,metaspace   ] GC(313) Metaspace: 9872K(10112K)->9872K(10112K) NonClass: 8744K(8832K)->8744K(8832K) Class: 1128K(1280K)->1128K(1280K)
[11.809s][info ][gc             ] GC(313) Pause Young (Allocation Failure) 140M->4M(495M) 0.160ms
[11.809s][info ][gc,cpu         ] GC(313) User=0.00s Sys=0.00s Real=0.00s
[11.819s][info ][gc,start       ] GC(314) Pause Young (Allocation Failure)
[11.819s][debug][gc,age         ] GC(314) Desired survivor size 8945664 bytes, new threshold 15 (max threshold 15)
[11.819s][trace][gc,age         ] GC(314) Age table with threshold 15 (max threshold 15)
[11.819s][trace][gc,age         ] GC(314) - age   1:     400208 bytes,     400208 total
[11.819s][info ][gc,heap        ] GC(314) DefNew: 140294K(157376K)->390K(157376K) Eden: 139904K(139904K)->0K(139904K) From: 390K(17472K)->390K(17472K)
[11.819s][info ][gc,heap        ] GC(314) Tenured: 3958K(349568K)->3958K(349568K)
[11.819s][info ][gc,metaspace   ] GC(314) Metaspace: 9872K(10112K)->9872K(10112K) NonClass: 8744K(8832K)->8744K(8832K) Class: 1128K(1280K)->1128K(1280K)
[11.820s][info ][gc             ] GC(314) Pause Young (Allocation Failure) 140M->4M(495M) 0.154ms
[11.820s][info ][gc,cpu         ] GC(314) User=0.00s Sys=0.00s Real=0.00s
[11.830s][info ][gc,start       ] GC(315) Pause Young (Allocation Failure)
[11.830s][debug][gc,age         ] GC(315) Desired survivor size 8945664 bytes, new threshold 15 (max threshold 15)
[11.830s][trace][gc,age         ] GC(315) Age table with threshold 15 (max threshold 15)
[11.830s][trace][gc,age         ] GC(315) - age   1:     400208 bytes,     400208 total
[11.830s][info ][gc,heap        ] GC(315) DefNew: 140294K(157376K)->390K(157376K) Eden: 139904K(139904K)->0K(139904K) From: 390K(17472K)->390K(17472K)
[11.830s][info ][gc,heap        ] GC(315) Tenured: 3958K(349568K)->3958K(349568K)
[11.830s][info ][gc,metaspace   ] GC(315) Metaspace: 9872K(10112K)->9872K(10112K) NonClass: 8744K(8832K)->8744K(8832K) Class: 1128K(1280K)->1128K(1280K)
[11.830s][info ][gc             ] GC(315) Pause Young (Allocation Failure) 140M->4M(495M) 0.157ms
[11.830s][info ][gc,cpu         ] GC(315) User=0.00s Sys=0.00s Real=0.00s
[11.840s][info ][gc,start       ] GC(316) Pause Young (Allocation Failure)
[11.840s][debug][gc,age         ] GC(316) Desired survivor size 8945664 bytes, new threshold 15 (max threshold 15)
[11.840s][trace][gc,age         ] GC(316) Age table with threshold 15 (max threshold 15)
[11.840s][trace][gc,age         ] GC(316) - age   1:     400208 bytes,     400208 total
[11.840s][info ][gc,heap        ] GC(316) DefNew: 140294K(157376K)->390K(157376K) Eden: 139904K(139904K)->0K(139904K) From: 390K(17472K)->390K(17472K)
[11.840s][info ][gc,heap        ] GC(316) Tenured: 3958K(349568K)->3958K(349568K)
[11.840s][info ][gc,metaspace   ] GC(316) Metaspace: 9872K(10112K)->9872K(10112K) NonClass: 8744K(8832K)->8744K(8832K) Class: 1128K(1280K)->1128K(1280K)
[11.840s][info ][gc             ] GC(316) Pause Young (Allocation Failure) 140M->4M(495M) 0.153ms
[11.840s][info ][gc,cpu         ] GC(316) User=0.00s Sys=0.00s Real=0.00s
[11.850s][info ][gc,start       ] GC(317) Pause Young (Allocation Failure)
[11.850s][debug][gc,age         ] GC(317) Desired survivor size 8945664 bytes, new threshold 15 (max threshold 15)
[11.850s][trace][gc,age         ] GC(317) Age table with threshold 15 (max threshold 15)
[11.850s][trace][gc,age         ] GC(317) - age   1:     400208 bytes,     400208 total
[11.850s][info ][gc,heap        ] GC(317) DefNew: 140294K(157376K)->390K(157376K) Eden: 139904K(139904K)->0K(139904K) From: 390K(17472K)->390K(17472K)
[11.850s][info ][gc,heap        ] GC(317) Tenured: 3958K(349568K)->3958K(349568K)
[11.850s][info ][gc,metaspace   ] GC(317) Metaspace: 9872K(10112K)->9872K(10112K) NonClass: 8744K(8832K)->8744K(8832K) Class: 1128K(1280K)->1128K(1280K)
[11.850s][info ][gc             ] GC(317) Pause Young (Allocation Failure) 140M->4M(495M) 0.162ms
[11.850s][info ][gc,cpu         ] GC(317) User=0.00s Sys=0.00s Real=0.00s
[11.860s][info ][gc,start       ] GC(318) Pause Young (Allocation Failure)
[11.860s][debug][gc,age         ] GC(318) Desired survivor size 8945664 bytes, new threshold 15 (max threshold 15)
[11.860s][trace][gc,age         ] GC(318) Age table with threshold 15 (max threshold 15)
[11.860s][trace][gc,age         ] GC(318) - age   1:     400208 bytes,     400208 total
[11.860s][info ][gc,heap        ] GC(318) DefNew: 140294K(157376K)->390K(157376K) Eden: 139904K(139904K)->0K(139904K) From: 390K(17472K)->390K(17472K)
[11.860s][info ][gc,heap        ] GC(318) Tenured: 3958K(349568K)->3958K(349568K)
[11.860s][info ][gc,metaspace   ] GC(318) Metaspace: 9872K(10112K)->9872K(10112K) NonClass: 8744K(8832K)->8744K(8832K) Class: 1128K(1280K)->1128K(1280K)
[11.860s][info ][gc             ] GC(318) Pause Young (Allocation Failure) 140M->4M(495M) 0.164ms
[11.860s][info ][gc,cpu         ] GC(318) User=0.00s Sys=0.00s Real=0.01s
[11.870s][info ][gc,start       ] GC(319) Pause Young (Allocation Failure)
[11.870s][debug][gc,age         ] GC(319) Desired survivor size 8945664 bytes, new threshold 15 (max threshold 15)
[11.870s][trace][gc,age         ] GC(319) Age table with threshold 15 (max threshold 15)
[11.870s][trace][gc,age         ] GC(319) - age   1:     400208 bytes,     400208 total
[11.870s][info ][gc,heap        ] GC(319) DefNew: 140294K(157376K)->390K(157376K) Eden: 139904K(139904K)->0K(139904K) From: 390K(17472K)->390K(17472K)
[11.870s][info ][gc,heap        ] GC(319) Tenured: 3958K(349568K)->3958K(349568K)
[11.870s][info ][gc,metaspace   ] GC(319) Metaspace: 9872K(10112K)->9872K(10112K) NonClass: 8744K(8832K)->8744K(8832K) Class: 1128K(1280K)->1128K(1280K)
[11.870s][info ][gc             ] GC(319) Pause Young (Allocation Failure) 140M->4M(495M) 0.160ms
[11.870s][info ][gc,cpu         ] GC(319) User=0.00s Sys=0.00s Real=0.00s
[11.880s][info ][gc,start       ] GC(320) Pause Young (Allocation Failure)
[11.880s][debug][gc,age         ] GC(320) Desired survivor size 8945664 bytes, new threshold 15 (max threshold 15)
[11.880s][trace][gc,age         ] GC(320) Age table with threshold 15 (max threshold 15)
[11.880s][trace][gc,age         ] GC(320) - age   1:     400208 bytes,     400208 total
[11.880s][info ][gc,heap        ] GC(320) DefNew: 140294K(157376K)->390K(157376K) Eden: 139904K(139904K)->0K(139904K) From: 390K(17472K)->390K(17472K)
[11.880s][info ][gc,heap        ] GC(320) Tenured: 3958K(349568K)->3958K(349568K)
[11.880s][info ][gc,metaspace   ] GC(320) Metaspace: 9872K(10112K)->9872K(10112K) NonClass: 8744K(8832K)->8744K(8832K) Class: 1128K(1280K)->1128K(1280K)
[11.880s][info ][gc             ] GC(320) Pause Young (Allocation Failure) 140M->4M(495M) 0.155ms
[11.880s][info ][gc,cpu         ] GC(320) User=0.00s Sys=0.00s Real=0.00s
[11.890s][info ][gc,start       ] GC(321) Pause Young (Allocation Failure)
[11.891s][debug][gc,age         ] GC(321) Desired survivor size 8945664 bytes, new threshold 15 (max threshold 15)
[11.891s][trace][gc,age         ] GC(321) Age table with threshold 15 (max threshold 15)
[11.891s][trace][gc,age         ] GC(321) - age   1:     400208 bytes,     400208 total
[11.891s][info ][gc,heap        ] GC(321) DefNew: 140294K(157376K)->390K(157376K) Eden: 139904K(139904K)->0K(139904K) From: 390K(17472K)->390K(17472K)
[11.891s][info ][gc,heap        ] GC(321) Tenured: 3958K(349568K)->3958K(349568K)
[11.891s][info ][gc,metaspace   ] GC(321) Metaspace: 9872K(10112K)->9872K(10112K) NonClass: 8744K(8832K)->8744K(8832K) Class: 1128K(1280K)->1128K(1280K)
[11.891s][info ][gc             ] GC(321) Pause Young (Allocation Failure) 140M->4M(495M) 0.160ms
[11.891s][info ][gc,cpu         ] GC(321) User=0.00s Sys=0.00s Real=0.00s
[11.901s][info ][gc,start       ] GC(322) Pause Young (Allocation Failure)
[11.901s][debug][gc,age         ] GC(322) Desired survivor size 8945664 bytes, new threshold 15 (max threshold 15)
[11.901s][trace][gc,age         ] GC(322) Age table with threshold 15 (max threshold 15)
[11.901s][trace][gc,age         ] GC(322) - age   1:     400208 bytes,     400208 total
[11.901s][info ][gc,heap        ] GC(322) DefNew: 140294K(157376K)->390K(157376K) Eden: 139904K(139904K)->0K(139904K) From: 390K(17472K)->390K(17472K)
[11.901s][info ][gc,heap        ] GC(322) Tenured: 3958K(349568K)->3958K(349568K)
[11.901s][info ][gc,metaspace   ] GC(322) Metaspace: 9872K(10112K)->9872K(10112K) NonClass: 8744K(8832K)->8744K(8832K) Class: 1128K(1280K)->1128K(1280K)
[11.901s][info ][gc             ] GC(322) Pause Young (Allocation Failure) 140M->4M(495M) 0.155ms
[11.901s][info ][gc,cpu         ] GC(322) User=0.00s Sys=0.00s Real=0.00s
[11.911s][info ][gc,start       ] GC(323) Pause Young (Allocation Failure)
[11.911s][debug][gc,age         ] GC(323) Desired survivor size 8945664 bytes, new threshold 15 (max threshold 15)
[11.911s][trace][gc,age         ] GC(323) Age table with threshold 15 (max threshold 15)
[11.911s][trace][gc,age         ] GC(323) - age   1:     400208 bytes,     400208 total
[11.911s][info ][gc,heap        ] GC(323) DefNew: 140294K(157376K)->390K(157376K) Eden: 139904K(139904K)->0K(139904K) From: 390K(17472K)->390K(17472K)
[11.911s][info ][gc,heap        ] GC(323) Tenured: 3958K(349568K)->3958K(349568K)
[11.911s][info ][gc,metaspace   ] GC(323) Metaspace: 9872K(10112K)->9872K(10112K) NonClass: 8744K(8832K)->8744K(8832K) Class: 1128K(1280K)->1128K(1280K)
[11.911s][info ][gc             ] GC(323) Pause Young (Allocation Failure) 140M->4M(495M) 0.163ms
[11.911s][info ][gc,cpu         ] GC(323) User=0.00s Sys=0.00s Real=0.00s
[11.921s][info ][gc,start       ] GC(324) Pause Young (Allocation Failure)
[11.921s][debug][gc,age         ] GC(324) Desired survivor size 8945664 bytes, new threshold 15 (max threshold 15)
[11.921s][trace][gc,age         ] GC(324) Age table with threshold 15 (max threshold 15)
[11.921s][trace][gc,age         ] GC(324) - age   1:     400208 bytes,     400208 total
[11.921s][info ][gc,heap        ] GC(324) DefNew: 140294K(157376K)->390K(157376K) Eden: 139904K(139904K)->0K(139904K) From: 390K(17472K)->390K(17472K)
[11.921s][info ][gc,heap        ] GC(324) Tenured: 3958K(349568K)->3958K(349568K)
[11.921s][info ][gc,metaspace   ] GC(324) Metaspace: 9872K(10112K)->9872K(10112K) NonClass: 8744K(8832K)->8744K(8832K) Class: 1128K(1280K)->1128K(1280K)
[11.921s][info ][gc             ] GC(324) Pause Young (Allocation Failure) 140M->4M(495M) 0.166ms
[11.921s][info ][gc,cpu         ] GC(324) User=0.00s Sys=0.00s Real=0.00s
[11.931s][info ][gc,start       ] GC(325) Pause Young (Allocation Failure)
[11.931s][debug][gc,age         ] GC(325) Desired survivor size 8945664 bytes, new threshold 15 (max threshold 15)
[11.931s][trace][gc,age         ] GC(325) Age table with threshold 15 (max threshold 15)
[11.931s][trace][gc,age         ] GC(325) - age   1:     400208 bytes,     400208 total
[11.931s][info ][gc,heap        ] GC(325) DefNew: 140294K(157376K)->390K(157376K) Eden: 139904K(139904K)->0K(139904K) From: 390K(17472K)->390K(17472K)
[11.931s][info ][gc,heap        ] GC(325) Tenured: 3958K(349568K)->3958K(349568K)
[11.931s][info ][gc,metaspace   ] GC(325) Metaspace: 9872K(10112K)->9872K(10112K) NonClass: 8744K(8832K)->8744K(8832K) Class: 1128K(1280K)->1128K(1280K)
[11.931s][info ][gc             ] GC(325) Pause Young (Allocation Failure) 140M->4M(495M) 0.160ms
[11.931s][info ][gc,cpu         ] GC(325) User=0.00s Sys=0.00s Real=0.00s
[11.941s][info ][gc,start       ] GC(326) Pause Young (Allocation Failure)
[11.942s][debug][gc,age         ] GC(326) Desired survivor size 8945664 bytes, new threshold 15 (max threshold 15)
[11.942s][trace][gc,age         ] GC(326) Age table with threshold 15 (max threshold 15)
[11.942s][trace][gc,age         ] GC(326) - age   1:     400208 bytes,     400208 total
[11.942s][info ][gc,heap        ] GC(326) DefNew: 140294K(157376K)->390K(157376K) Eden: 139904K(139904K)->0K(139904K) From: 390K(17472K)->390K(17472K)
[11.942s][info ][gc,heap        ] GC(326) Tenured: 3958K(349568K)->3958K(349568K)
[11.942s][info ][gc,metaspace   ] GC(326) Metaspace: 9872K(10112K)->9872K(10112K) NonClass: 8744K(8832K)->8744K(8832K) Class: 1128K(1280K)->1128K(1280K)
[11.942s][info ][gc             ] GC(326) Pause Young (Allocation Failure) 140M->4M(495M) 0.159ms
[11.942s][info ][gc,cpu         ] GC(326) User=0.00s Sys=0.00s Real=0.00s
[11.952s][info ][gc,start       ] GC(327) Pause Young (Allocation Failure)
[11.952s][debug][gc,age         ] GC(327) Desired survivor size 8945664 bytes, new threshold 15 (max threshold 15)
[11.952s][trace][gc,age         ] GC(327) Age table with threshold 15 (max threshold 15)
[11.952s][trace][gc,age         ] GC(327) - age   1:     400208 bytes,     400208 total
[11.952s][info ][gc,heap        ] GC(327) DefNew: 140294K(157376K)->390K(157376K) Eden: 139904K(139904K)->0K(139904K) From: 390K(17472K)->390K(17472K)
[11.952s][info ][gc,heap        ] GC(327) Tenured: 3958K(349568K)->3958K(349568K)
[11.952s][info ][gc,metaspace   ] GC(327) Metaspace: 9872K(10112K)->9872K(10112K) NonClass: 8744K(8832K)->8744K(8832K) Class: 1128K(1280K)->1128K(1280K)
[11.952s][info ][gc             ] GC(327) Pause Young (Allocation Failure) 140M->4M(495M) 0.156ms
[11.952s][info ][gc,cpu         ] GC(327) User=0.00s Sys=0.00s Real=0.00s
[11.962s][info ][gc,start       ] GC(328) Pause Young (Allocation Failure)
[11.962s][debug][gc,age         ] GC(328) Desired survivor size 8945664 bytes, new threshold 15 (max threshold 15)
[11.962s][trace][gc,age         ] GC(328) Age table with threshold 15 (max threshold 15)
[11.962s][trace][gc,age         ] GC(328) - age   1:     400208 bytes,     400208 total
[11.962s][info ][gc,heap        ] GC(328) DefNew: 140294K(157376K)->390K(157376K) Eden: 139904K(139904K)->0K(139904K) From: 390K(17472K)->390K(17472K)
[11.962s][info ][gc,heap        ] GC(328) Tenured: 3958K(349568K)->3958K(349568K)
[11.962s][info ][gc,metaspace   ] GC(328) Metaspace: 9872K(10112K)->9872K(10112K) NonClass: 8744K(8832K)->8744K(8832K) Class: 1128K(1280K)->1128K(1280K)
[11.962s][info ][gc             ] GC(328) Pause Young (Allocation Failure) 140M->4M(495M) 0.155ms
[11.962s][info ][gc,cpu         ] GC(328) User=0.00s Sys=0.00s Real=0.00s
[11.972s][info ][gc,start       ] GC(329) Pause Young (Allocation Failure)
[11.972s][debug][gc,age         ] GC(329) Desired survivor size 8945664 bytes, new threshold 15 (max threshold 15)
[11.972s][trace][gc,age         ] GC(329) Age table with threshold 15 (max threshold 15)
[11.972s][trace][gc,age         ] GC(329) - age   1:     400208 bytes,     400208 total
[11.972s][info ][gc,heap        ] GC(329) DefNew: 140294K(157376K)->390K(157376K) Eden: 139904K(139904K)->0K(139904K) From: 390K(17472K)->390K(17472K)
[11.972s][info ][gc,heap        ] GC(329) Tenured: 3958K(349568K)->3958K(349568K)
[11.972s][info ][gc,metaspace   ] GC(329) Metaspace: 9872K(10112K)->9872K(10112K) NonClass: 8744K(8832K)->8744K(8832K) Class: 1128K(1280K)->1128K(1280K)
[11.972s][info ][gc             ] GC(329) Pause Young (Allocation Failure) 140M->4M(495M) 0.159ms
[11.972s][info ][gc,cpu         ] GC(329) User=0.00s Sys=0.00s Real=0.00s
[11.982s][info ][gc,start       ] GC(330) Pause Young (Allocation Failure)
[11.982s][debug][gc,age         ] GC(330) Desired survivor size 8945664 bytes, new threshold 15 (max threshold 15)
[11.982s][trace][gc,age         ] GC(330) Age table with threshold 15 (max threshold 15)
[11.982s][trace][gc,age         ] GC(330) - age   1:     400208 bytes,     400208 total
[11.982s][info ][gc,heap        ] GC(330) DefNew: 140294K(157376K)->390K(157376K) Eden: 139904K(139904K)->0K(139904K) From: 390K(17472K)->390K(17472K)
[11.982s][info ][gc,heap        ] GC(330) Tenured: 3958K(349568K)->3958K(349568K)
[11.982s][info ][gc,metaspace   ] GC(330) Metaspace: 9872K(10112K)->9872K(10112K) NonClass: 8744K(8832K)->8744K(8832K) Class: 1128K(1280K)->1128K(1280K)
[11.982s][info ][gc             ] GC(330) Pause Young (Allocation Failure) 140M->4M(495M) 0.158ms
[11.982s][info ][gc,cpu         ] GC(330) User=0.00s Sys=0.00s Real=0.00s
[11.992s][info ][gc,start       ] GC(331) Pause Young (Allocation Failure)
[11.992s][debug][gc,age         ] GC(331) Desired survivor size 8945664 bytes, new threshold 15 (max threshold 15)
[11.992s][trace][gc,age         ] GC(331) Age table with threshold 15 (max threshold 15)
[11.992s][trace][gc,age         ] GC(331) - age   1:     400208 bytes,     400208 total
[11.992s][info ][gc,heap        ] GC(331) DefNew: 140294K(157376K)->390K(157376K) Eden: 139904K(139904K)->0K(139904K) From: 390K(17472K)->390K(17472K)
[11.992s][info ][gc,heap        ] GC(331) Tenured: 3958K(349568K)->3958K(349568K)
[11.992s][info ][gc,metaspace   ] GC(331) Metaspace: 9872K(10112K)->9872K(10112K) NonClass: 8744K(8832K)->8744K(8832K) Class: 1128K(1280K)->1128K(1280K)
[11.992s][info ][gc             ] GC(331) Pause Young (Allocation Failure) 140M->4M(495M) 0.165ms
[11.992s][info ][gc,cpu         ] GC(331) User=0.00s Sys=0.00s Real=0.00s
[12.002s][info ][gc,start       ] GC(332) Pause Young (Allocation Failure)
[12.002s][debug][gc,age         ] GC(332) Desired survivor size 8945664 bytes, new threshold 15 (max threshold 15)
[12.002s][trace][gc,age         ] GC(332) Age table with threshold 15 (max threshold 15)
[12.002s][trace][gc,age         ] GC(332) - age   1:     400208 bytes,     400208 total
[12.002s][info ][gc,heap        ] GC(332) DefNew: 140294K(157376K)->390K(157376K) Eden: 139904K(139904K)->0K(139904K) From: 390K(17472K)->390K(17472K)
[12.002s][info ][gc,heap        ] GC(332) Tenured: 3958K(349568K)->3958K(349568K)
[12.003s][info ][gc,metaspace   ] GC(332) Metaspace: 9872K(10112K)->9872K(10112K) NonClass: 8744K(8832K)->8744K(8832K) Class: 1128K(1280K)->1128K(1280K)
[12.003s][info ][gc             ] GC(332) Pause Young (Allocation Failure) 140M->4M(495M) 0.154ms
[12.003s][info ][gc,cpu         ] GC(332) User=0.00s Sys=0.00s Real=0.00s
[12.013s][info ][gc,start       ] GC(333) Pause Young (Allocation Failure)
[12.013s][debug][gc,age         ] GC(333) Desired survivor size 8945664 bytes, new threshold 15 (max threshold 15)
[12.013s][trace][gc,age         ] GC(333) Age table with threshold 15 (max threshold 15)
[12.013s][trace][gc,age         ] GC(333) - age   1:     400208 bytes,     400208 total
[12.013s][info ][gc,heap        ] GC(333) DefNew: 140294K(157376K)->390K(157376K) Eden: 139904K(139904K)->0K(139904K) From: 390K(17472K)->390K(17472K)
[12.013s][info ][gc,heap        ] GC(333) Tenured: 3958K(349568K)->3958K(349568K)
[12.013s][info ][gc,metaspace   ] GC(333) Metaspace: 9872K(10112K)->9872K(10112K) NonClass: 8744K(8832K)->8744K(8832K) Class: 1128K(1280K)->1128K(1280K)
[12.013s][info ][gc             ] GC(333) Pause Young (Allocation Failure) 140M->4M(495M) 0.157ms
[12.013s][info ][gc,cpu         ] GC(333) User=0.00s Sys=0.00s Real=0.00s
[12.023s][info ][gc,start       ] GC(334) Pause Young (Allocation Failure)
[12.023s][debug][gc,age         ] GC(334) Desired survivor size 8945664 bytes, new threshold 15 (max threshold 15)
[12.023s][trace][gc,age         ] GC(334) Age table with threshold 15 (max threshold 15)
[12.023s][trace][gc,age         ] GC(334) - age   1:     400208 bytes,     400208 total
[12.023s][info ][gc,heap        ] GC(334) DefNew: 140294K(157376K)->390K(157376K) Eden: 139904K(139904K)->0K(139904K) From: 390K(17472K)->390K(17472K)
[12.023s][info ][gc,heap        ] GC(334) Tenured: 3958K(349568K)->3958K(349568K)
[12.023s][info ][gc,metaspace   ] GC(334) Metaspace: 9872K(10112K)->9872K(10112K) NonClass: 8744K(8832K)->8744K(8832K) Class: 1128K(1280K)->1128K(1280K)
[12.023s][info ][gc             ] GC(334) Pause Young (Allocation Failure) 140M->4M(495M) 0.157ms
[12.023s][info ][gc,cpu         ] GC(334) User=0.00s Sys=0.00s Real=0.00s
[12.033s][info ][gc,start       ] GC(335) Pause Young (Allocation Failure)
[12.033s][debug][gc,age         ] GC(335) Desired survivor size 8945664 bytes, new threshold 15 (max threshold 15)
[12.033s][trace][gc,age         ] GC(335) Age table with threshold 15 (max threshold 15)
[12.033s][trace][gc,age         ] GC(335) - age   1:     400208 bytes,     400208 total
[12.033s][info ][gc,heap        ] GC(335) DefNew: 140294K(157376K)->390K(157376K) Eden: 139904K(139904K)->0K(139904K) From: 390K(17472K)->390K(17472K)
[12.033s][info ][gc,heap        ] GC(335) Tenured: 3958K(349568K)->3958K(349568K)
[12.033s][info ][gc,metaspace   ] GC(335) Metaspace: 9872K(10112K)->9872K(10112K) NonClass: 8744K(8832K)->8744K(8832K) Class: 1128K(1280K)->1128K(1280K)
[12.033s][info ][gc             ] GC(335) Pause Young (Allocation Failure) 140M->4M(495M) 0.163ms
[12.033s][info ][gc,cpu         ] GC(335) User=0.00s Sys=0.00s Real=0.00s
[12.043s][info ][gc,start       ] GC(336) Pause Young (Allocation Failure)
[12.043s][debug][gc,age         ] GC(336) Desired survivor size 8945664 bytes, new threshold 15 (max threshold 15)
[12.043s][trace][gc,age         ] GC(336) Age table with threshold 15 (max threshold 15)
[12.043s][trace][gc,age         ] GC(336) - age   1:     400208 bytes,     400208 total
[12.043s][info ][gc,heap        ] GC(336) DefNew: 140294K(157376K)->390K(157376K) Eden: 139904K(139904K)->0K(139904K) From: 390K(17472K)->390K(17472K)
[12.043s][info ][gc,heap        ] GC(336) Tenured: 3958K(349568K)->3958K(349568K)
[12.043s][info ][gc,metaspace   ] GC(336) Metaspace: 9872K(10112K)->9872K(10112K) NonClass: 8744K(8832K)->8744K(8832K) Class: 1128K(1280K)->1128K(1280K)
[12.043s][info ][gc             ] GC(336) Pause Young (Allocation Failure) 140M->4M(495M) 0.156ms
[12.043s][info ][gc,cpu         ] GC(336) User=0.00s Sys=0.00s Real=0.00s
[12.053s][info ][gc,start       ] GC(337) Pause Young (Allocation Failure)
[12.053s][debug][gc,age         ] GC(337) Desired survivor size 8945664 bytes, new threshold 15 (max threshold 15)
[12.053s][trace][gc,age         ] GC(337) Age table with threshold 15 (max threshold 15)
[12.053s][trace][gc,age         ] GC(337) - age   1:     400208 bytes,     400208 total
[12.053s][info ][gc,heap        ] GC(337) DefNew: 140294K(157376K)->390K(157376K) Eden: 139904K(139904K)->0K(139904K) From: 390K(17472K)->390K(17472K)
[12.053s][info ][gc,heap        ] GC(337) Tenured: 3958K(349568K)->3958K(349568K)
[12.053s][info ][gc,metaspace   ] GC(337) Metaspace: 9872K(10112K)->9872K(10112K) NonClass: 8744K(8832K)->8744K(8832K) Class: 1128K(1280K)->1128K(1280K)
[12.053s][info ][gc             ] GC(337) Pause Young (Allocation Failure) 140M->4M(495M) 0.167ms
[12.053s][info ][gc,cpu         ] GC(337) User=0.00s Sys=0.00s Real=0.00s
[12.063s][info ][gc,start       ] GC(338) Pause Young (Allocation Failure)
[12.064s][debug][gc,age         ] GC(338) Desired survivor size 8945664 bytes, new threshold 15 (max threshold 15)
[12.064s][trace][gc,age         ] GC(338) Age table with threshold 15 (max threshold 15)
[12.064s][trace][gc,age         ] GC(338) - age   1:     400208 bytes,     400208 total
[12.064s][info ][gc,heap        ] GC(338) DefNew: 140294K(157376K)->390K(157376K) Eden: 139904K(139904K)->0K(139904K) From: 390K(17472K)->390K(17472K)
[12.064s][info ][gc,heap        ] GC(338) Tenured: 3958K(349568K)->3958K(349568K)
[12.064s][info ][gc,metaspace   ] GC(338) Metaspace: 9872K(10112K)->9872K(10112K) NonClass: 8744K(8832K)->8744K(8832K) Class: 1128K(1280K)->1128K(1280K)
[12.064s][info ][gc             ] GC(338) Pause Young (Allocation Failure) 140M->4M(495M) 0.162ms
[12.064s][info ][gc,cpu         ] GC(338) User=0.00s Sys=0.00s Real=0.00s
[12.074s][info ][gc,start       ] GC(339) Pause Young (Allocation Failure)
[12.074s][debug][gc,age         ] GC(339) Desired survivor size 8945664 bytes, new threshold 15 (max threshold 15)
[12.074s][trace][gc,age         ] GC(339) Age table with threshold 15 (max threshold 15)
[12.074s][trace][gc,age         ] GC(339) - age   1:     400208 bytes,     400208 total
[12.074s][info ][gc,heap        ] GC(339) DefNew: 140294K(157376K)->390K(157376K) Eden: 139904K(139904K)->0K(139904K) From: 390K(17472K)->390K(17472K)
[12.074s][info ][gc,heap        ] GC(339) Tenured: 3958K(349568K)->3958K(349568K)
[12.074s][info ][gc,metaspace   ] GC(339) Metaspace: 9872K(10112K)->9872K(10112K) NonClass: 8744K(8832K)->8744K(8832K) Class: 1128K(1280K)->1128K(1280K)
[12.074s][info ][gc             ] GC(339) Pause Young (Allocation Failure) 140M->4M(495M) 0.156ms
[12.074s][info ][gc,cpu         ] GC(339) User=0.00s Sys=0.00s Real=0.00s
[12.084s][info ][gc,start       ] GC(340) Pause Young (Allocation Failure)
[12.084s][debug][gc,age         ] GC(340) Desired survivor size 8945664 bytes, new threshold 15 (max threshold 15)
[12.084s][trace][gc,age         ] GC(340) Age table with threshold 15 (max threshold 15)
[12.084s][trace][gc,age         ] GC(340) - age   1:     400208 bytes,     400208 total
[12.084s][info ][gc,heap        ] GC(340) DefNew: 140294K(157376K)->390K(157376K) Eden: 139904K(139904K)->0K(139904K) From: 390K(17472K)->390K(17472K)
[12.084s][info ][gc,heap        ] GC(340) Tenured: 3958K(349568K)->3958K(349568K)
[12.084s][info ][gc,metaspace   ] GC(340) Metaspace: 9872K(10112K)->9872K(10112K) NonClass: 8744K(8832K)->8744K(8832K) Class: 1128K(1280K)->1128K(1280K)
[12.084s][info ][gc             ] GC(340) Pause Young (Allocation Failure) 140M->4M(495M) 0.154ms
[12.084s][info ][gc,cpu         ] GC(340) User=0.00s Sys=0.00s Real=0.00s
[12.094s][info ][gc,start       ] GC(341) Pause Young (Allocation Failure)
[12.094s][debug][gc,age         ] GC(341) Desired survivor size 8945664 bytes, new threshold 15 (max threshold 15)
[12.094s][trace][gc,age         ] GC(341) Age table with threshold 15 (max threshold 15)
[12.094s][trace][gc,age         ] GC(341) - age   1:     400208 bytes,     400208 total
[12.094s][info ][gc,heap        ] GC(341) DefNew: 140294K(157376K)->390K(157376K) Eden: 139904K(139904K)->0K(139904K) From: 390K(17472K)->390K(17472K)
[12.094s][info ][gc,heap        ] GC(341) Tenured: 3958K(349568K)->3958K(349568K)
[12.094s][info ][gc,metaspace   ] GC(341) Metaspace: 9872K(10112K)->9872K(10112K) NonClass: 8744K(8832K)->8744K(8832K) Class: 1128K(1280K)->1128K(1280K)
[12.094s][info ][gc             ] GC(341) Pause Young (Allocation Failure) 140M->4M(495M) 0.167ms
[12.094s][info ][gc,cpu         ] GC(341) User=0.00s Sys=0.00s Real=0.00s
[12.104s][info ][gc,start       ] GC(342) Pause Young (Allocation Failure)
[12.104s][debug][gc,age         ] GC(342) Desired survivor size 8945664 bytes, new threshold 15 (max threshold 15)
[12.104s][trace][gc,age         ] GC(342) Age table with threshold 15 (max threshold 15)
[12.104s][trace][gc,age         ] GC(342) - age   1:     400208 bytes,     400208 total
[12.104s][info ][gc,heap        ] GC(342) DefNew: 140294K(157376K)->390K(157376K) Eden: 139904K(139904K)->0K(139904K) From: 390K(17472K)->390K(17472K)
[12.104s][info ][gc,heap        ] GC(342) Tenured: 3958K(349568K)->3958K(349568K)
[12.104s][info ][gc,metaspace   ] GC(342) Metaspace: 9874K(10112K)->9874K(10112K) NonClass: 8745K(8832K)->8745K(8832K) Class: 1128K(1280K)->1128K(1280K)
[12.104s][info ][gc             ] GC(342) Pause Young (Allocation Failure) 140M->4M(495M) 0.157ms
[12.104s][info ][gc,cpu         ] GC(342) User=0.00s Sys=0.00s Real=0.00s
[12.114s][info ][gc,start       ] GC(343) Pause Young (Allocation Failure)
[12.114s][debug][gc,age         ] GC(343) Desired survivor size 8945664 bytes, new threshold 15 (max threshold 15)
[12.114s][trace][gc,age         ] GC(343) Age table with threshold 15 (max threshold 15)
[12.114s][trace][gc,age         ] GC(343) - age   1:     400208 bytes,     400208 total
[12.114s][info ][gc,heap        ] GC(343) DefNew: 140294K(157376K)->390K(157376K) Eden: 139904K(139904K)->0K(139904K) From: 390K(17472K)->390K(17472K)
[12.114s][info ][gc,heap        ] GC(343) Tenured: 3958K(349568K)->3958K(349568K)
[12.114s][info ][gc,metaspace   ] GC(343) Metaspace: 9874K(10112K)->9874K(10112K) NonClass: 8745K(8832K)->8745K(8832K) Class: 1128K(1280K)->1128K(1280K)
[12.114s][info ][gc             ] GC(343) Pause Young (Allocation Failure) 140M->4M(495M) 0.158ms
[12.114s][info ][gc,cpu         ] GC(343) User=0.00s Sys=0.00s Real=0.00s
[12.124s][info ][gc,start       ] GC(344) Pause Young (Allocation Failure)
[12.125s][debug][gc,age         ] GC(344) Desired survivor size 8945664 bytes, new threshold 15 (max threshold 15)
[12.125s][trace][gc,age         ] GC(344) Age table with threshold 15 (max threshold 15)
[12.125s][trace][gc,age         ] GC(344) - age   1:     400208 bytes,     400208 total
[12.125s][info ][gc,heap        ] GC(344) DefNew: 140294K(157376K)->390K(157376K) Eden: 139904K(139904K)->0K(139904K) From: 390K(17472K)->390K(17472K)
[12.125s][info ][gc,heap        ] GC(344) Tenured: 3958K(349568K)->3958K(349568K)
[12.125s][info ][gc,metaspace   ] GC(344) Metaspace: 9874K(10112K)->9874K(10112K) NonClass: 8745K(8832K)->8745K(8832K) Class: 1128K(1280K)->1128K(1280K)
[12.125s][info ][gc             ] GC(344) Pause Young (Allocation Failure) 140M->4M(495M) 0.157ms
[12.125s][info ][gc,cpu         ] GC(344) User=0.00s Sys=0.00s Real=0.00s
[12.135s][info ][gc,start       ] GC(345) Pause Young (Allocation Failure)
[12.135s][debug][gc,age         ] GC(345) Desired survivor size 8945664 bytes, new threshold 15 (max threshold 15)
[12.135s][trace][gc,age         ] GC(345) Age table with threshold 15 (max threshold 15)
[12.135s][trace][gc,age         ] GC(345) - age   1:     400208 bytes,     400208 total
[12.135s][info ][gc,heap        ] GC(345) DefNew: 140294K(157376K)->390K(157376K) Eden: 139904K(139904K)->0K(139904K) From: 390K(17472K)->390K(17472K)
[12.135s][info ][gc,heap        ] GC(345) Tenured: 3958K(349568K)->3958K(349568K)
[12.135s][info ][gc,metaspace   ] GC(345) Metaspace: 9874K(10112K)->9874K(10112K) NonClass: 8745K(8832K)->8745K(8832K) Class: 1128K(1280K)->1128K(1280K)
[12.135s][info ][gc             ] GC(345) Pause Young (Allocation Failure) 140M->4M(495M) 0.155ms
[12.135s][info ][gc,cpu         ] GC(345) User=0.00s Sys=0.00s Real=0.00s
[12.145s][info ][gc,start       ] GC(346) Pause Young (Allocation Failure)
[12.145s][debug][gc,age         ] GC(346) Desired survivor size 8945664 bytes, new threshold 15 (max threshold 15)
[12.145s][trace][gc,age         ] GC(346) Age table with threshold 15 (max threshold 15)
[12.145s][trace][gc,age         ] GC(346) - age   1:     400208 bytes,     400208 total
[12.145s][info ][gc,heap        ] GC(346) DefNew: 140294K(157376K)->390K(157376K) Eden: 139904K(139904K)->0K(139904K) From: 390K(17472K)->390K(17472K)
[12.145s][info ][gc,heap        ] GC(346) Tenured: 3958K(349568K)->3958K(349568K)
[12.145s][info ][gc,metaspace   ] GC(346) Metaspace: 9874K(10112K)->9874K(10112K) NonClass: 8745K(8832K)->8745K(8832K) Class: 1128K(1280K)->1128K(1280K)
[12.145s][info ][gc             ] GC(346) Pause Young (Allocation Failure) 140M->4M(495M) 0.167ms
[12.145s][info ][gc,cpu         ] GC(346) User=0.00s Sys=0.00s Real=0.00s
[12.155s][info ][gc,start       ] GC(347) Pause Young (Allocation Failure)
[12.155s][debug][gc,age         ] GC(347) Desired survivor size 8945664 bytes, new threshold 15 (max threshold 15)
[12.155s][trace][gc,age         ] GC(347) Age table with threshold 15 (max threshold 15)
[12.155s][trace][gc,age         ] GC(347) - age   1:     400208 bytes,     400208 total
[12.155s][info ][gc,heap        ] GC(347) DefNew: 140294K(157376K)->390K(157376K) Eden: 139904K(139904K)->0K(139904K) From: 390K(17472K)->390K(17472K)
[12.155s][info ][gc,heap        ] GC(347) Tenured: 3958K(349568K)->3958K(349568K)
[12.155s][info ][gc,metaspace   ] GC(347) Metaspace: 9874K(10112K)->9874K(10112K) NonClass: 8745K(8832K)->8745K(8832K) Class: 1128K(1280K)->1128K(1280K)
[12.155s][info ][gc             ] GC(347) Pause Young (Allocation Failure) 140M->4M(495M) 0.147ms
[12.155s][info ][gc,cpu         ] GC(347) User=0.00s Sys=0.00s Real=0.00s
[12.165s][info ][gc,start       ] GC(348) Pause Young (Allocation Failure)
[12.165s][debug][gc,age         ] GC(348) Desired survivor size 8945664 bytes, new threshold 15 (max threshold 15)
[12.165s][trace][gc,age         ] GC(348) Age table with threshold 15 (max threshold 15)
[12.165s][trace][gc,age         ] GC(348) - age   1:     400208 bytes,     400208 total
[12.165s][info ][gc,heap        ] GC(348) DefNew: 140294K(157376K)->390K(157376K) Eden: 139904K(139904K)->0K(139904K) From: 390K(17472K)->390K(17472K)
[12.165s][info ][gc,heap        ] GC(348) Tenured: 3958K(349568K)->3958K(349568K)
[12.165s][info ][gc,metaspace   ] GC(348) Metaspace: 9874K(10112K)->9874K(10112K) NonClass: 8745K(8832K)->8745K(8832K) Class: 1128K(1280K)->1128K(1280K)
[12.165s][info ][gc             ] GC(348) Pause Young (Allocation Failure) 140M->4M(495M) 0.160ms
[12.165s][info ][gc,cpu         ] GC(348) User=0.00s Sys=0.00s Real=0.00s
[12.175s][info ][gc,start       ] GC(349) Pause Young (Allocation Failure)
[12.175s][debug][gc,age         ] GC(349) Desired survivor size 8945664 bytes, new threshold 15 (max threshold 15)
[12.175s][trace][gc,age         ] GC(349) Age table with threshold 15 (max threshold 15)
[12.176s][trace][gc,age         ] GC(349) - age   1:     400208 bytes,     400208 total
[12.176s][info ][gc,heap        ] GC(349) DefNew: 140294K(157376K)->390K(157376K) Eden: 139904K(139904K)->0K(139904K) From: 390K(17472K)->390K(17472K)
[12.176s][info ][gc,heap        ] GC(349) Tenured: 3958K(349568K)->3958K(349568K)
[12.176s][info ][gc,metaspace   ] GC(349) Metaspace: 9874K(10112K)->9874K(10112K) NonClass: 8745K(8832K)->8745K(8832K) Class: 1128K(1280K)->1128K(1280K)
[12.176s][info ][gc             ] GC(349) Pause Young (Allocation Failure) 140M->4M(495M) 0.160ms
[12.176s][info ][gc,cpu         ] GC(349) User=0.00s Sys=0.00s Real=0.00s
[12.186s][info ][gc,start       ] GC(350) Pause Young (Allocation Failure)
[12.186s][debug][gc,age         ] GC(350) Desired survivor size 8945664 bytes, new threshold 15 (max threshold 15)
[12.186s][trace][gc,age         ] GC(350) Age table with threshold 15 (max threshold 15)
[12.186s][trace][gc,age         ] GC(350) - age   1:     400208 bytes,     400208 total
[12.186s][info ][gc,heap        ] GC(350) DefNew: 140294K(157376K)->390K(157376K) Eden: 139904K(139904K)->0K(139904K) From: 390K(17472K)->390K(17472K)
[12.186s][info ][gc,heap        ] GC(350) Tenured: 3958K(349568K)->3958K(349568K)
[12.186s][info ][gc,metaspace   ] GC(350) Metaspace: 9874K(10112K)->9874K(10112K) NonClass: 8745K(8832K)->8745K(8832K) Class: 1128K(1280K)->1128K(1280K)
[12.186s][info ][gc             ] GC(350) Pause Young (Allocation Failure) 140M->4M(495M) 0.160ms
[12.186s][info ][gc,cpu         ] GC(350) User=0.00s Sys=0.00s Real=0.00s
[12.196s][info ][gc,start       ] GC(351) Pause Young (Allocation Failure)
[12.196s][debug][gc,age         ] GC(351) Desired survivor size 8945664 bytes, new threshold 15 (max threshold 15)
[12.196s][trace][gc,age         ] GC(351) Age table with threshold 15 (max threshold 15)
[12.196s][trace][gc,age         ] GC(351) - age   1:     400208 bytes,     400208 total
[12.196s][info ][gc,heap        ] GC(351) DefNew: 140294K(157376K)->390K(157376K) Eden: 139904K(139904K)->0K(139904K) From: 390K(17472K)->390K(17472K)
[12.196s][info ][gc,heap        ] GC(351) Tenured: 3958K(349568K)->3958K(349568K)
[12.196s][info ][gc,metaspace   ] GC(351) Metaspace: 9874K(10112K)->9874K(10112K) NonClass: 8745K(8832K)->8745K(8832K) Class: 1128K(1280K)->1128K(1280K)
[12.196s][info ][gc             ] GC(351) Pause Young (Allocation Failure) 140M->4M(495M) 0.163ms
[12.196s][info ][gc,cpu         ] GC(351) User=0.00s Sys=0.00s Real=0.00s
[12.206s][info ][gc,start       ] GC(352) Pause Young (Allocation Failure)
[12.206s][debug][gc,age         ] GC(352) Desired survivor size 8945664 bytes, new threshold 15 (max threshold 15)
[12.207s][trace][gc,age         ] GC(352) Age table with threshold 15 (max threshold 15)
[12.207s][trace][gc,age         ] GC(352) - age   1:     400208 bytes,     400208 total
[12.207s][info ][gc,heap        ] GC(352) DefNew: 140294K(157376K)->390K(157376K) Eden: 139904K(139904K)->0K(139904K) From: 390K(17472K)->390K(17472K)
[12.207s][info ][gc,heap        ] GC(352) Tenured: 3958K(349568K)->3958K(349568K)
[12.207s][info ][gc,metaspace   ] GC(352) Metaspace: 9874K(10112K)->9874K(10112K) NonClass: 8745K(8832K)->8745K(8832K) Class: 1128K(1280K)->1128K(1280K)
[12.207s][info ][gc             ] GC(352) Pause Young (Allocation Failure) 140M->4M(495M) 0.162ms
[12.207s][info ][gc,cpu         ] GC(352) User=0.00s Sys=0.00s Real=0.00s
[12.217s][info ][gc,start       ] GC(353) Pause Young (Allocation Failure)
[12.217s][debug][gc,age         ] GC(353) Desired survivor size 8945664 bytes, new threshold 15 (max threshold 15)
[12.217s][trace][gc,age         ] GC(353) Age table with threshold 15 (max threshold 15)
[12.217s][trace][gc,age         ] GC(353) - age   1:     400208 bytes,     400208 total
[12.217s][info ][gc,heap        ] GC(353) DefNew: 140294K(157376K)->390K(157376K) Eden: 139904K(139904K)->0K(139904K) From: 390K(17472K)->390K(17472K)
[12.217s][info ][gc,heap        ] GC(353) Tenured: 3958K(349568K)->3958K(349568K)
[12.217s][info ][gc,metaspace   ] GC(353) Metaspace: 9874K(10112K)->9874K(10112K) NonClass: 8745K(8832K)->8745K(8832K) Class: 1128K(1280K)->1128K(1280K)
[12.217s][info ][gc             ] GC(353) Pause Young (Allocation Failure) 140M->4M(495M) 0.159ms
[12.217s][info ][gc,cpu         ] GC(353) User=0.00s Sys=0.00s Real=0.00s
[12.227s][info ][gc,start       ] GC(354) Pause Young (Allocation Failure)
[12.227s][debug][gc,age         ] GC(354) Desired survivor size 8945664 bytes, new threshold 15 (max threshold 15)
[12.227s][trace][gc,age         ] GC(354) Age table with threshold 15 (max threshold 15)
[12.227s][trace][gc,age         ] GC(354) - age   1:     400208 bytes,     400208 total
[12.227s][info ][gc,heap        ] GC(354) DefNew: 140294K(157376K)->390K(157376K) Eden: 139904K(139904K)->0K(139904K) From: 390K(17472K)->390K(17472K)
[12.227s][info ][gc,heap        ] GC(354) Tenured: 3958K(349568K)->3958K(349568K)
[12.227s][info ][gc,metaspace   ] GC(354) Metaspace: 9874K(10112K)->9874K(10112K) NonClass: 8745K(8832K)->8745K(8832K) Class: 1128K(1280K)->1128K(1280K)
[12.227s][info ][gc             ] GC(354) Pause Young (Allocation Failure) 140M->4M(495M) 0.162ms
[12.227s][info ][gc,cpu         ] GC(354) User=0.00s Sys=0.00s Real=0.00s
[12.237s][info ][gc,start       ] GC(355) Pause Young (Allocation Failure)
[12.237s][debug][gc,age         ] GC(355) Desired survivor size 8945664 bytes, new threshold 15 (max threshold 15)
[12.237s][trace][gc,age         ] GC(355) Age table with threshold 15 (max threshold 15)
[12.237s][trace][gc,age         ] GC(355) - age   1:     400208 bytes,     400208 total
[12.237s][info ][gc,heap        ] GC(355) DefNew: 140294K(157376K)->390K(157376K) Eden: 139904K(139904K)->0K(139904K) From: 390K(17472K)->390K(17472K)
[12.237s][info ][gc,heap        ] GC(355) Tenured: 3958K(349568K)->3958K(349568K)
[12.237s][info ][gc,metaspace   ] GC(355) Metaspace: 9874K(10112K)->9874K(10112K) NonClass: 8745K(8832K)->8745K(8832K) Class: 1128K(1280K)->1128K(1280K)
[12.237s][info ][gc             ] GC(355) Pause Young (Allocation Failure) 140M->4M(495M) 0.158ms
[12.237s][info ][gc,cpu         ] GC(355) User=0.00s Sys=0.00s Real=0.00s
[12.247s][info ][gc,start       ] GC(356) Pause Young (Allocation Failure)
[12.247s][debug][gc,age         ] GC(356) Desired survivor size 8945664 bytes, new threshold 15 (max threshold 15)
[12.247s][trace][gc,age         ] GC(356) Age table with threshold 15 (max threshold 15)
[12.247s][trace][gc,age         ] GC(356) - age   1:     400208 bytes,     400208 total
[12.247s][info ][gc,heap        ] GC(356) DefNew: 140294K(157376K)->390K(157376K) Eden: 139904K(139904K)->0K(139904K) From: 390K(17472K)->390K(17472K)
[12.247s][info ][gc,heap        ] GC(356) Tenured: 3958K(349568K)->3958K(349568K)
[12.247s][info ][gc,metaspace   ] GC(356) Metaspace: 9874K(10112K)->9874K(10112K) NonClass: 8745K(8832K)->8745K(8832K) Class: 1128K(1280K)->1128K(1280K)
[12.247s][info ][gc             ] GC(356) Pause Young (Allocation Failure) 140M->4M(495M) 0.160ms
[12.247s][info ][gc,cpu         ] GC(356) User=0.00s Sys=0.00s Real=0.00s
[12.257s][info ][gc,start       ] GC(357) Pause Young (Allocation Failure)
[12.257s][debug][gc,age         ] GC(357) Desired survivor size 8945664 bytes, new threshold 15 (max threshold 15)
[12.257s][trace][gc,age         ] GC(357) Age table with threshold 15 (max threshold 15)
[12.257s][trace][gc,age         ] GC(357) - age   1:     400208 bytes,     400208 total
[12.257s][info ][gc,heap        ] GC(357) DefNew: 140294K(157376K)->390K(157376K) Eden: 139904K(139904K)->0K(139904K) From: 390K(17472K)->390K(17472K)
[12.257s][info ][gc,heap        ] GC(357) Tenured: 3958K(349568K)->3958K(349568K)
[12.257s][info ][gc,metaspace   ] GC(357) Metaspace: 9874K(10112K)->9874K(10112K) NonClass: 8745K(8832K)->8745K(8832K) Class: 1128K(1280K)->1128K(1280K)
[12.257s][info ][gc             ] GC(357) Pause Young (Allocation Failure) 140M->4M(495M) 0.157ms
[12.257s][info ][gc,cpu         ] GC(357) User=0.00s Sys=0.00s Real=0.00s
[12.267s][info ][gc,start       ] GC(358) Pause Young (Allocation Failure)
[12.268s][debug][gc,age         ] GC(358) Desired survivor size 8945664 bytes, new threshold 15 (max threshold 15)
[12.268s][trace][gc,age         ] GC(358) Age table with threshold 15 (max threshold 15)
[12.268s][trace][gc,age         ] GC(358) - age   1:     400208 bytes,     400208 total
[12.268s][info ][gc,heap        ] GC(358) DefNew: 140294K(157376K)->390K(157376K) Eden: 139904K(139904K)->0K(139904K) From: 390K(17472K)->390K(17472K)
[12.268s][info ][gc,heap        ] GC(358) Tenured: 3958K(349568K)->3958K(349568K)
[12.268s][info ][gc,metaspace   ] GC(358) Metaspace: 9874K(10112K)->9874K(10112K) NonClass: 8745K(8832K)->8745K(8832K) Class: 1128K(1280K)->1128K(1280K)
[12.268s][info ][gc             ] GC(358) Pause Young (Allocation Failure) 140M->4M(495M) 0.159ms
[12.268s][info ][gc,cpu         ] GC(358) User=0.00s Sys=0.00s Real=0.00s
[12.278s][info ][gc,start       ] GC(359) Pause Young (Allocation Failure)
[12.278s][debug][gc,age         ] GC(359) Desired survivor size 8945664 bytes, new threshold 15 (max threshold 15)
[12.278s][trace][gc,age         ] GC(359) Age table with threshold 15 (max threshold 15)
[12.278s][trace][gc,age         ] GC(359) - age   1:     400208 bytes,     400208 total
[12.278s][info ][gc,heap        ] GC(359) DefNew: 140294K(157376K)->390K(157376K) Eden: 139904K(139904K)->0K(139904K) From: 390K(17472K)->390K(17472K)
[12.278s][info ][gc,heap        ] GC(359) Tenured: 3958K(349568K)->3958K(349568K)
[12.278s][info ][gc,metaspace   ] GC(359) Metaspace: 9874K(10112K)->9874K(10112K) NonClass: 8745K(8832K)->8745K(8832K) Class: 1128K(1280K)->1128K(1280K)
[12.278s][info ][gc             ] GC(359) Pause Young (Allocation Failure) 140M->4M(495M) 0.173ms
[12.278s][info ][gc,cpu         ] GC(359) User=0.00s Sys=0.00s Real=0.00s
[12.288s][info ][gc,start       ] GC(360) Pause Young (Allocation Failure)
[12.288s][debug][gc,age         ] GC(360) Desired survivor size 8945664 bytes, new threshold 15 (max threshold 15)
[12.288s][trace][gc,age         ] GC(360) Age table with threshold 15 (max threshold 15)
[12.288s][trace][gc,age         ] GC(360) - age   1:     400208 bytes,     400208 total
[12.288s][info ][gc,heap        ] GC(360) DefNew: 140294K(157376K)->390K(157376K) Eden: 139904K(139904K)->0K(139904K) From: 390K(17472K)->390K(17472K)
[12.288s][info ][gc,heap        ] GC(360) Tenured: 3958K(349568K)->3958K(349568K)
[12.288s][info ][gc,metaspace   ] GC(360) Metaspace: 9874K(10112K)->9874K(10112K) NonClass: 8745K(8832K)->8745K(8832K) Class: 1128K(1280K)->1128K(1280K)
[12.288s][info ][gc             ] GC(360) Pause Young (Allocation Failure) 140M->4M(495M) 0.158ms
[12.288s][info ][gc,cpu         ] GC(360) User=0.00s Sys=0.00s Real=0.00s
[12.298s][info ][gc,start       ] GC(361) Pause Young (Allocation Failure)
[12.298s][debug][gc,age         ] GC(361) Desired survivor size 8945664 bytes, new threshold 15 (max threshold 15)
[12.298s][trace][gc,age         ] GC(361) Age table with threshold 15 (max threshold 15)
[12.298s][trace][gc,age         ] GC(361) - age   1:     400208 bytes,     400208 total
[12.298s][info ][gc,heap        ] GC(361) DefNew: 140294K(157376K)->390K(157376K) Eden: 139904K(139904K)->0K(139904K) From: 390K(17472K)->390K(17472K)
[12.298s][info ][gc,heap        ] GC(361) Tenured: 3958K(349568K)->3958K(349568K)
[12.298s][info ][gc,metaspace   ] GC(361) Metaspace: 9874K(10112K)->9874K(10112K) NonClass: 8745K(8832K)->8745K(8832K) Class: 1128K(1280K)->1128K(1280K)
[12.298s][info ][gc             ] GC(361) Pause Young (Allocation Failure) 140M->4M(495M) 0.162ms
[12.298s][info ][gc,cpu         ] GC(361) User=0.00s Sys=0.00s Real=0.00s
[12.308s][info ][gc,start       ] GC(362) Pause Young (Allocation Failure)
[12.308s][debug][gc,age         ] GC(362) Desired survivor size 8945664 bytes, new threshold 15 (max threshold 15)
[12.308s][trace][gc,age         ] GC(362) Age table with threshold 15 (max threshold 15)
[12.308s][trace][gc,age         ] GC(362) - age   1:     400208 bytes,     400208 total
[12.308s][info ][gc,heap        ] GC(362) DefNew: 140294K(157376K)->390K(157376K) Eden: 139904K(139904K)->0K(139904K) From: 390K(17472K)->390K(17472K)
[12.308s][info ][gc,heap        ] GC(362) Tenured: 3958K(349568K)->3958K(349568K)
[12.308s][info ][gc,metaspace   ] GC(362) Metaspace: 9874K(10112K)->9874K(10112K) NonClass: 8745K(8832K)->8745K(8832K) Class: 1128K(1280K)->1128K(1280K)
[12.308s][info ][gc             ] GC(362) Pause Young (Allocation Failure) 140M->4M(495M) 0.159ms
[12.308s][info ][gc,cpu         ] GC(362) User=0.00s Sys=0.00s Real=0.00s
[12.318s][info ][gc,start       ] GC(363) Pause Young (Allocation Failure)
[12.318s][debug][gc,age         ] GC(363) Desired survivor size 8945664 bytes, new threshold 15 (max threshold 15)
[12.318s][trace][gc,age         ] GC(363) Age table with threshold 15 (max threshold 15)
[12.318s][trace][gc,age         ] GC(363) - age   1:     400208 bytes,     400208 total
[12.318s][info ][gc,heap        ] GC(363) DefNew: 140294K(157376K)->390K(157376K) Eden: 139904K(139904K)->0K(139904K) From: 390K(17472K)->390K(17472K)
[12.318s][info ][gc,heap        ] GC(363) Tenured: 3958K(349568K)->3958K(349568K)
[12.318s][info ][gc,metaspace   ] GC(363) Metaspace: 9874K(10112K)->9874K(10112K) NonClass: 8745K(8832K)->8745K(8832K) Class: 1128K(1280K)->1128K(1280K)
[12.318s][info ][gc             ] GC(363) Pause Young (Allocation Failure) 140M->4M(495M) 0.159ms
[12.318s][info ][gc,cpu         ] GC(363) User=0.00s Sys=0.00s Real=0.00s
[12.328s][info ][gc,start       ] GC(364) Pause Young (Allocation Failure)
[12.329s][debug][gc,age         ] GC(364) Desired survivor size 8945664 bytes, new threshold 15 (max threshold 15)
[12.329s][trace][gc,age         ] GC(364) Age table with threshold 15 (max threshold 15)
[12.329s][trace][gc,age         ] GC(364) - age   1:     400208 bytes,     400208 total
[12.329s][info ][gc,heap        ] GC(364) DefNew: 140294K(157376K)->390K(157376K) Eden: 139904K(139904K)->0K(139904K) From: 390K(17472K)->390K(17472K)
[12.329s][info ][gc,heap        ] GC(364) Tenured: 3958K(349568K)->3958K(349568K)
[12.329s][info ][gc,metaspace   ] GC(364) Metaspace: 9874K(10112K)->9874K(10112K) NonClass: 8745K(8832K)->8745K(8832K) Class: 1128K(1280K)->1128K(1280K)
[12.329s][info ][gc             ] GC(364) Pause Young (Allocation Failure) 140M->4M(495M) 0.162ms
[12.329s][info ][gc,cpu         ] GC(364) User=0.00s Sys=0.00s Real=0.00s
[12.339s][info ][gc,start       ] GC(365) Pause Young (Allocation Failure)
[12.339s][debug][gc,age         ] GC(365) Desired survivor size 8945664 bytes, new threshold 15 (max threshold 15)
[12.339s][trace][gc,age         ] GC(365) Age table with threshold 15 (max threshold 15)
[12.339s][trace][gc,age         ] GC(365) - age   1:     400208 bytes,     400208 total
[12.339s][info ][gc,heap        ] GC(365) DefNew: 140294K(157376K)->390K(157376K) Eden: 139904K(139904K)->0K(139904K) From: 390K(17472K)->390K(17472K)
[12.339s][info ][gc,heap        ] GC(365) Tenured: 3958K(349568K)->3958K(349568K)
[12.339s][info ][gc,metaspace   ] GC(365) Metaspace: 9874K(10112K)->9874K(10112K) NonClass: 8745K(8832K)->8745K(8832K) Class: 1128K(1280K)->1128K(1280K)
[12.339s][info ][gc             ] GC(365) Pause Young (Allocation Failure) 140M->4M(495M) 0.159ms
[12.339s][info ][gc,cpu         ] GC(365) User=0.00s Sys=0.00s Real=0.00s
[12.349s][info ][gc,start       ] GC(366) Pause Young (Allocation Failure)
[12.349s][debug][gc,age         ] GC(366) Desired survivor size 8945664 bytes, new threshold 15 (max threshold 15)
[12.349s][trace][gc,age         ] GC(366) Age table with threshold 15 (max threshold 15)
[12.349s][trace][gc,age         ] GC(366) - age   1:     400208 bytes,     400208 total
[12.349s][info ][gc,heap        ] GC(366) DefNew: 140294K(157376K)->390K(157376K) Eden: 139904K(139904K)->0K(139904K) From: 390K(17472K)->390K(17472K)
[12.349s][info ][gc,heap        ] GC(366) Tenured: 3958K(349568K)->3958K(349568K)
[12.349s][info ][gc,metaspace   ] GC(366) Metaspace: 9874K(10112K)->9874K(10112K) NonClass: 8745K(8832K)->8745K(8832K) Class: 1128K(1280K)->1128K(1280K)
[12.349s][info ][gc             ] GC(366) Pause Young (Allocation Failure) 140M->4M(495M) 0.167ms
[12.349s][info ][gc,cpu         ] GC(366) User=0.00s Sys=0.00s Real=0.00s
[12.359s][info ][gc,start       ] GC(367) Pause Young (Allocation Failure)
[12.359s][debug][gc,age         ] GC(367) Desired survivor size 8945664 bytes, new threshold 15 (max threshold 15)
[12.359s][trace][gc,age         ] GC(367) Age table with threshold 15 (max threshold 15)
[12.359s][trace][gc,age         ] GC(367) - age   1:     400208 bytes,     400208 total
[12.359s][info ][gc,heap        ] GC(367) DefNew: 140294K(157376K)->390K(157376K) Eden: 139904K(139904K)->0K(139904K) From: 390K(17472K)->390K(17472K)
[12.359s][info ][gc,heap        ] GC(367) Tenured: 3958K(349568K)->3958K(349568K)
[12.359s][info ][gc,metaspace   ] GC(367) Metaspace: 9874K(10112K)->9874K(10112K) NonClass: 8745K(8832K)->8745K(8832K) Class: 1128K(1280K)->1128K(1280K)
[12.359s][info ][gc             ] GC(367) Pause Young (Allocation Failure) 140M->4M(495M) 0.161ms
[12.359s][info ][gc,cpu         ] GC(367) User=0.00s Sys=0.00s Real=0.00s
[12.369s][info ][gc,start       ] GC(368) Pause Young (Allocation Failure)
[12.369s][debug][gc,age         ] GC(368) Desired survivor size 8945664 bytes, new threshold 15 (max threshold 15)
[12.369s][trace][gc,age         ] GC(368) Age table with threshold 15 (max threshold 15)
[12.369s][trace][gc,age         ] GC(368) - age   1:     400208 bytes,     400208 total
[12.369s][info ][gc,heap        ] GC(368) DefNew: 140294K(157376K)->390K(157376K) Eden: 139904K(139904K)->0K(139904K) From: 390K(17472K)->390K(17472K)
[12.369s][info ][gc,heap        ] GC(368) Tenured: 3958K(349568K)->3958K(349568K)
[12.369s][info ][gc,metaspace   ] GC(368) Metaspace: 9874K(10112K)->9874K(10112K) NonClass: 8745K(8832K)->8745K(8832K) Class: 1128K(1280K)->1128K(1280K)
[12.369s][info ][gc             ] GC(368) Pause Young (Allocation Failure) 140M->4M(495M) 0.159ms
[12.369s][info ][gc,cpu         ] GC(368) User=0.00s Sys=0.00s Real=0.00s
[12.379s][info ][gc,start       ] GC(369) Pause Young (Allocation Failure)
[12.379s][debug][gc,age         ] GC(369) Desired survivor size 8945664 bytes, new threshold 15 (max threshold 15)
[12.379s][trace][gc,age         ] GC(369) Age table with threshold 15 (max threshold 15)
[12.379s][trace][gc,age         ] GC(369) - age   1:     400208 bytes,     400208 total
[12.379s][info ][gc,heap        ] GC(369) DefNew: 140294K(157376K)->390K(157376K) Eden: 139904K(139904K)->0K(139904K) From: 390K(17472K)->390K(17472K)
[12.379s][info ][gc,heap        ] GC(369) Tenured: 3958K(349568K)->3958K(349568K)
[12.379s][info ][gc,metaspace   ] GC(369) Metaspace: 9874K(10112K)->9874K(10112K) NonClass: 8745K(8832K)->8745K(8832K) Class: 1128K(1280K)->1128K(1280K)
[12.380s][info ][gc             ] GC(369) Pause Young (Allocation Failure) 140M->4M(495M) 0.167ms
[12.380s][info ][gc,cpu         ] GC(369) User=0.00s Sys=0.00s Real=0.00s
[12.390s][info ][gc,start       ] GC(370) Pause Young (Allocation Failure)
[12.390s][debug][gc,age         ] GC(370) Desired survivor size 8945664 bytes, new threshold 15 (max threshold 15)
[12.390s][trace][gc,age         ] GC(370) Age table with threshold 15 (max threshold 15)
[12.390s][trace][gc,age         ] GC(370) - age   1:     400208 bytes,     400208 total
[12.390s][info ][gc,heap        ] GC(370) DefNew: 140294K(157376K)->390K(157376K) Eden: 139904K(139904K)->0K(139904K) From: 390K(17472K)->390K(17472K)
[12.390s][info ][gc,heap        ] GC(370) Tenured: 3958K(349568K)->3958K(349568K)
[12.390s][info ][gc,metaspace   ] GC(370) Metaspace: 9874K(10112K)->9874K(10112K) NonClass: 8745K(8832K)->8745K(8832K) Class: 1128K(1280K)->1128K(1280K)
[12.390s][info ][gc             ] GC(370) Pause Young (Allocation Failure) 140M->4M(495M) 0.158ms
[12.390s][info ][gc,cpu         ] GC(370) User=0.00s Sys=0.00s Real=0.00s
[12.400s][info ][gc,start       ] GC(371) Pause Young (Allocation Failure)
[12.400s][debug][gc,age         ] GC(371) Desired survivor size 8945664 bytes, new threshold 15 (max threshold 15)
[12.400s][trace][gc,age         ] GC(371) Age table with threshold 15 (max threshold 15)
[12.400s][trace][gc,age         ] GC(371) - age   1:     400208 bytes,     400208 total
[12.400s][info ][gc,heap        ] GC(371) DefNew: 140294K(157376K)->390K(157376K) Eden: 139904K(139904K)->0K(139904K) From: 390K(17472K)->390K(17472K)
[12.400s][info ][gc,heap        ] GC(371) Tenured: 3958K(349568K)->3958K(349568K)
[12.400s][info ][gc,metaspace   ] GC(371) Metaspace: 9874K(10112K)->9874K(10112K) NonClass: 8745K(8832K)->8745K(8832K) Class: 1128K(1280K)->1128K(1280K)
[12.400s][info ][gc             ] GC(371) Pause Young (Allocation Failure) 140M->4M(495M) 0.165ms
[12.400s][info ][gc,cpu         ] GC(371) User=0.01s Sys=0.00s Real=0.00s
[12.410s][info ][gc,start       ] GC(372) Pause Young (Allocation Failure)
[12.410s][debug][gc,age         ] GC(372) Desired survivor size 8945664 bytes, new threshold 15 (max threshold 15)
[12.410s][trace][gc,age         ] GC(372) Age table with threshold 15 (max threshold 15)
[12.410s][trace][gc,age         ] GC(372) - age   1:     400208 bytes,     400208 total
[12.410s][info ][gc,heap        ] GC(372) DefNew: 140294K(157376K)->390K(157376K) Eden: 139904K(139904K)->0K(139904K) From: 390K(17472K)->390K(17472K)
[12.410s][info ][gc,heap        ] GC(372) Tenured: 3958K(349568K)->3958K(349568K)
[12.410s][info ][gc,metaspace   ] GC(372) Metaspace: 9874K(10112K)->9874K(10112K) NonClass: 8745K(8832K)->8745K(8832K) Class: 1128K(1280K)->1128K(1280K)
[12.410s][info ][gc             ] GC(372) Pause Young (Allocation Failure) 140M->4M(495M) 0.162ms
[12.410s][info ][gc,cpu         ] GC(372) User=0.01s Sys=0.00s Real=0.00s
[12.420s][info ][gc,start       ] GC(373) Pause Young (Allocation Failure)
[12.420s][debug][gc,age         ] GC(373) Desired survivor size 8945664 bytes, new threshold 15 (max threshold 15)
[12.420s][trace][gc,age         ] GC(373) Age table with threshold 15 (max threshold 15)
[12.420s][trace][gc,age         ] GC(373) - age   1:     400208 bytes,     400208 total
[12.420s][info ][gc,heap        ] GC(373) DefNew: 140294K(157376K)->390K(157376K) Eden: 139904K(139904K)->0K(139904K) From: 390K(17472K)->390K(17472K)
[12.420s][info ][gc,heap        ] GC(373) Tenured: 3958K(349568K)->3958K(349568K)
[12.420s][info ][gc,metaspace   ] GC(373) Metaspace: 9874K(10112K)->9874K(10112K) NonClass: 8745K(8832K)->8745K(8832K) Class: 1128K(1280K)->1128K(1280K)
[12.420s][info ][gc             ] GC(373) Pause Young (Allocation Failure) 140M->4M(495M) 0.159ms
[12.420s][info ][gc,cpu         ] GC(373) User=0.00s Sys=0.00s Real=0.00s
[12.430s][info ][gc,start       ] GC(374) Pause Young (Allocation Failure)
[12.431s][debug][gc,age         ] GC(374) Desired survivor size 8945664 bytes, new threshold 15 (max threshold 15)
[12.431s][trace][gc,age         ] GC(374) Age table with threshold 15 (max threshold 15)
[12.431s][trace][gc,age         ] GC(374) - age   1:     400208 bytes,     400208 total
[12.431s][info ][gc,heap        ] GC(374) DefNew: 140294K(157376K)->390K(157376K) Eden: 139904K(139904K)->0K(139904K) From: 390K(17472K)->390K(17472K)
[12.431s][info ][gc,heap        ] GC(374) Tenured: 3958K(349568K)->3958K(349568K)
[12.431s][info ][gc,metaspace   ] GC(374) Metaspace: 9874K(10112K)->9874K(10112K) NonClass: 8745K(8832K)->8745K(8832K) Class: 1128K(1280K)->1128K(1280K)
[12.431s][info ][gc             ] GC(374) Pause Young (Allocation Failure) 140M->4M(495M) 0.161ms
[12.431s][info ][gc,cpu         ] GC(374) User=0.00s Sys=0.00s Real=0.00s
[12.441s][info ][gc,start       ] GC(375) Pause Young (Allocation Failure)
[12.441s][debug][gc,age         ] GC(375) Desired survivor size 8945664 bytes, new threshold 15 (max threshold 15)
[12.441s][trace][gc,age         ] GC(375) Age table with threshold 15 (max threshold 15)
[12.441s][trace][gc,age         ] GC(375) - age   1:     400208 bytes,     400208 total
[12.441s][info ][gc,heap        ] GC(375) DefNew: 140294K(157376K)->390K(157376K) Eden: 139904K(139904K)->0K(139904K) From: 390K(17472K)->390K(17472K)
[12.441s][info ][gc,heap        ] GC(375) Tenured: 3958K(349568K)->3958K(349568K)
[12.441s][info ][gc,metaspace   ] GC(375) Metaspace: 9874K(10112K)->9874K(10112K) NonClass: 8745K(8832K)->8745K(8832K) Class: 1128K(1280K)->1128K(1280K)
[12.441s][info ][gc             ] GC(375) Pause Young (Allocation Failure) 140M->4M(495M) 0.167ms
[12.441s][info ][gc,cpu         ] GC(375) User=0.00s Sys=0.00s Real=0.00s
[12.451s][info ][gc,start       ] GC(376) Pause Young (Allocation Failure)
[12.451s][debug][gc,age         ] GC(376) Desired survivor size 8945664 bytes, new threshold 15 (max threshold 15)
[12.451s][trace][gc,age         ] GC(376) Age table with threshold 15 (max threshold 15)
[12.451s][trace][gc,age         ] GC(376) - age   1:     400208 bytes,     400208 total
[12.451s][info ][gc,heap        ] GC(376) DefNew: 140294K(157376K)->390K(157376K) Eden: 139904K(139904K)->0K(139904K) From: 390K(17472K)->390K(17472K)
[12.451s][info ][gc,heap        ] GC(376) Tenured: 3958K(349568K)->3958K(349568K)
[12.451s][info ][gc,metaspace   ] GC(376) Metaspace: 9874K(10112K)->9874K(10112K) NonClass: 8745K(8832K)->8745K(8832K) Class: 1128K(1280K)->1128K(1280K)
[12.451s][info ][gc             ] GC(376) Pause Young (Allocation Failure) 140M->4M(495M) 0.161ms
[12.451s][info ][gc,cpu         ] GC(376) User=0.00s Sys=0.00s Real=0.00s
[12.461s][info ][gc,start       ] GC(377) Pause Young (Allocation Failure)
[12.461s][debug][gc,age         ] GC(377) Desired survivor size 8945664 bytes, new threshold 15 (max threshold 15)
[12.461s][trace][gc,age         ] GC(377) Age table with threshold 15 (max threshold 15)
[12.461s][trace][gc,age         ] GC(377) - age   1:     400208 bytes,     400208 total
[12.461s][info ][gc,heap        ] GC(377) DefNew: 140294K(157376K)->390K(157376K) Eden: 139904K(139904K)->0K(139904K) From: 390K(17472K)->390K(17472K)
[12.461s][info ][gc,heap        ] GC(377) Tenured: 3958K(349568K)->3958K(349568K)
[12.461s][info ][gc,metaspace   ] GC(377) Metaspace: 9874K(10112K)->9874K(10112K) NonClass: 8745K(8832K)->8745K(8832K) Class: 1128K(1280K)->1128K(1280K)
[12.461s][info ][gc             ] GC(377) Pause Young (Allocation Failure) 140M->4M(495M) 0.169ms
[12.461s][info ][gc,cpu         ] GC(377) User=0.00s Sys=0.00s Real=0.00s
[12.471s][info ][gc,start       ] GC(378) Pause Young (Allocation Failure)
[12.471s][debug][gc,age         ] GC(378) Desired survivor size 8945664 bytes, new threshold 15 (max threshold 15)
[12.471s][trace][gc,age         ] GC(378) Age table with threshold 15 (max threshold 15)
[12.471s][trace][gc,age         ] GC(378) - age   1:     400208 bytes,     400208 total
[12.471s][info ][gc,heap        ] GC(378) DefNew: 140294K(157376K)->390K(157376K) Eden: 139904K(139904K)->0K(139904K) From: 390K(17472K)->390K(17472K)
[12.471s][info ][gc,heap        ] GC(378) Tenured: 3958K(349568K)->3958K(349568K)
[12.471s][info ][gc,metaspace   ] GC(378) Metaspace: 9874K(10112K)->9874K(10112K) NonClass: 8745K(8832K)->8745K(8832K) Class: 1128K(1280K)->1128K(1280K)
[12.471s][info ][gc             ] GC(378) Pause Young (Allocation Failure) 140M->4M(495M) 0.166ms
[12.471s][info ][gc,cpu         ] GC(378) User=0.00s Sys=0.00s Real=0.00s
[12.481s][info ][gc,start       ] GC(379) Pause Young (Allocation Failure)
[12.482s][debug][gc,age         ] GC(379) Desired survivor size 8945664 bytes, new threshold 15 (max threshold 15)
[12.482s][trace][gc,age         ] GC(379) Age table with threshold 15 (max threshold 15)
[12.482s][trace][gc,age         ] GC(379) - age   1:     400208 bytes,     400208 total
[12.482s][info ][gc,heap        ] GC(379) DefNew: 140294K(157376K)->390K(157376K) Eden: 139904K(139904K)->0K(139904K) From: 390K(17472K)->390K(17472K)
[12.482s][info ][gc,heap        ] GC(379) Tenured: 3958K(349568K)->3958K(349568K)
[12.482s][info ][gc,metaspace   ] GC(379) Metaspace: 9874K(10112K)->9874K(10112K) NonClass: 8745K(8832K)->8745K(8832K) Class: 1128K(1280K)->1128K(1280K)
[12.482s][info ][gc             ] GC(379) Pause Young (Allocation Failure) 140M->4M(495M) 0.159ms
[12.482s][info ][gc,cpu         ] GC(379) User=0.00s Sys=0.00s Real=0.00s
[12.492s][info ][gc,start       ] GC(380) Pause Young (Allocation Failure)
[12.492s][debug][gc,age         ] GC(380) Desired survivor size 8945664 bytes, new threshold 15 (max threshold 15)
[12.492s][trace][gc,age         ] GC(380) Age table with threshold 15 (max threshold 15)
[12.492s][trace][gc,age         ] GC(380) - age   1:     400208 bytes,     400208 total
[12.492s][info ][gc,heap        ] GC(380) DefNew: 140294K(157376K)->390K(157376K) Eden: 139904K(139904K)->0K(139904K) From: 390K(17472K)->390K(17472K)
[12.492s][info ][gc,heap        ] GC(380) Tenured: 3958K(349568K)->3958K(349568K)
[12.492s][info ][gc,metaspace   ] GC(380) Metaspace: 9874K(10112K)->9874K(10112K) NonClass: 8745K(8832K)->8745K(8832K) Class: 1128K(1280K)->1128K(1280K)
[12.492s][info ][gc             ] GC(380) Pause Young (Allocation Failure) 140M->4M(495M) 0.161ms
[12.492s][info ][gc,cpu         ] GC(380) User=0.00s Sys=0.00s Real=0.00s
[12.502s][info ][gc,start       ] GC(381) Pause Young (Allocation Failure)
[12.502s][debug][gc,age         ] GC(381) Desired survivor size 8945664 bytes, new threshold 15 (max threshold 15)
[12.502s][trace][gc,age         ] GC(381) Age table with threshold 15 (max threshold 15)
[12.502s][trace][gc,age         ] GC(381) - age   1:     400208 bytes,     400208 total
[12.502s][info ][gc,heap        ] GC(381) DefNew: 140294K(157376K)->390K(157376K) Eden: 139904K(139904K)->0K(139904K) From: 390K(17472K)->390K(17472K)
[12.502s][info ][gc,heap        ] GC(381) Tenured: 3958K(349568K)->3958K(349568K)
[12.502s][info ][gc,metaspace   ] GC(381) Metaspace: 9874K(10112K)->9874K(10112K) NonClass: 8745K(8832K)->8745K(8832K) Class: 1128K(1280K)->1128K(1280K)
[12.502s][info ][gc             ] GC(381) Pause Young (Allocation Failure) 140M->4M(495M) 0.159ms
[12.502s][info ][gc,cpu         ] GC(381) User=0.00s Sys=0.00s Real=0.00s
[12.512s][info ][gc,start       ] GC(382) Pause Young (Allocation Failure)
[12.512s][debug][gc,age         ] GC(382) Desired survivor size 8945664 bytes, new threshold 15 (max threshold 15)
[12.512s][trace][gc,age         ] GC(382) Age table with threshold 15 (max threshold 15)
[12.512s][trace][gc,age         ] GC(382) - age   1:     400208 bytes,     400208 total
[12.512s][info ][gc,heap        ] GC(382) DefNew: 140294K(157376K)->390K(157376K) Eden: 139904K(139904K)->0K(139904K) From: 390K(17472K)->390K(17472K)
[12.512s][info ][gc,heap        ] GC(382) Tenured: 3958K(349568K)->3958K(349568K)
[12.512s][info ][gc,metaspace   ] GC(382) Metaspace: 9874K(10112K)->9874K(10112K) NonClass: 8745K(8832K)->8745K(8832K) Class: 1128K(1280K)->1128K(1280K)
[12.512s][info ][gc             ] GC(382) Pause Young (Allocation Failure) 140M->4M(495M) 0.158ms
[12.512s][info ][gc,cpu         ] GC(382) User=0.00s Sys=0.00s Real=0.00s
[12.522s][info ][gc,start       ] GC(383) Pause Young (Allocation Failure)
[12.522s][debug][gc,age         ] GC(383) Desired survivor size 8945664 bytes, new threshold 15 (max threshold 15)
[12.522s][trace][gc,age         ] GC(383) Age table with threshold 15 (max threshold 15)
[12.522s][trace][gc,age         ] GC(383) - age   1:     400208 bytes,     400208 total
[12.522s][info ][gc,heap        ] GC(383) DefNew: 140294K(157376K)->390K(157376K) Eden: 139904K(139904K)->0K(139904K) From: 390K(17472K)->390K(17472K)
[12.522s][info ][gc,heap        ] GC(383) Tenured: 3958K(349568K)->3958K(349568K)
[12.522s][info ][gc,metaspace   ] GC(383) Metaspace: 9874K(10112K)->9874K(10112K) NonClass: 8745K(8832K)->8745K(8832K) Class: 1128K(1280K)->1128K(1280K)
[12.522s][info ][gc             ] GC(383) Pause Young (Allocation Failure) 140M->4M(495M) 0.160ms
[12.522s][info ][gc,cpu         ] GC(383) User=0.00s Sys=0.00s Real=0.00s
[12.532s][info ][gc,start       ] GC(384) Pause Young (Allocation Failure)
[12.532s][debug][gc,age         ] GC(384) Desired survivor size 8945664 bytes, new threshold 15 (max threshold 15)
[12.532s][trace][gc,age         ] GC(384) Age table with threshold 15 (max threshold 15)
[12.532s][trace][gc,age         ] GC(384) - age   1:     400208 bytes,     400208 total
[12.532s][info ][gc,heap        ] GC(384) DefNew: 140294K(157376K)->390K(157376K) Eden: 139904K(139904K)->0K(139904K) From: 390K(17472K)->390K(17472K)
[12.532s][info ][gc,heap        ] GC(384) Tenured: 3958K(349568K)->3958K(349568K)
[12.532s][info ][gc,metaspace   ] GC(384) Metaspace: 9874K(10112K)->9874K(10112K) NonClass: 8745K(8832K)->8745K(8832K) Class: 1128K(1280K)->1128K(1280K)
[12.532s][info ][gc             ] GC(384) Pause Young (Allocation Failure) 140M->4M(495M) 0.158ms
[12.532s][info ][gc,cpu         ] GC(384) User=0.00s Sys=0.00s Real=0.00s
[12.542s][info ][gc,start       ] GC(385) Pause Young (Allocation Failure)
[12.543s][debug][gc,age         ] GC(385) Desired survivor size 8945664 bytes, new threshold 15 (max threshold 15)
[12.543s][trace][gc,age         ] GC(385) Age table with threshold 15 (max threshold 15)
[12.543s][trace][gc,age         ] GC(385) - age   1:     400208 bytes,     400208 total
[12.543s][info ][gc,heap        ] GC(385) DefNew: 140294K(157376K)->390K(157376K) Eden: 139904K(139904K)->0K(139904K) From: 390K(17472K)->390K(17472K)
[12.543s][info ][gc,heap        ] GC(385) Tenured: 3958K(349568K)->3958K(349568K)
[12.543s][info ][gc,metaspace   ] GC(385) Metaspace: 9874K(10112K)->9874K(10112K) NonClass: 8745K(8832K)->8745K(8832K) Class: 1128K(1280K)->1128K(1280K)
[12.543s][info ][gc             ] GC(385) Pause Young (Allocation Failure) 140M->4M(495M) 0.161ms
[12.543s][info ][gc,cpu         ] GC(385) User=0.00s Sys=0.00s Real=0.00s
[12.553s][info ][gc,start       ] GC(386) Pause Young (Allocation Failure)
[12.553s][debug][gc,age         ] GC(386) Desired survivor size 8945664 bytes, new threshold 15 (max threshold 15)
[12.553s][trace][gc,age         ] GC(386) Age table with threshold 15 (max threshold 15)
[12.553s][trace][gc,age         ] GC(386) - age   1:     400208 bytes,     400208 total
[12.553s][info ][gc,heap        ] GC(386) DefNew: 140294K(157376K)->390K(157376K) Eden: 139904K(139904K)->0K(139904K) From: 390K(17472K)->390K(17472K)
[12.553s][info ][gc,heap        ] GC(386) Tenured: 3958K(349568K)->3958K(349568K)
[12.553s][info ][gc,metaspace   ] GC(386) Metaspace: 9874K(10112K)->9874K(10112K) NonClass: 8745K(8832K)->8745K(8832K) Class: 1128K(1280K)->1128K(1280K)
[12.553s][info ][gc             ] GC(386) Pause Young (Allocation Failure) 140M->4M(495M) 0.156ms
[12.553s][info ][gc,cpu         ] GC(386) User=0.00s Sys=0.00s Real=0.00s
[12.563s][info ][gc,start       ] GC(387) Pause Young (Allocation Failure)
[12.563s][debug][gc,age         ] GC(387) Desired survivor size 8945664 bytes, new threshold 15 (max threshold 15)
[12.563s][trace][gc,age         ] GC(387) Age table with threshold 15 (max threshold 15)
[12.563s][trace][gc,age         ] GC(387) - age   1:     400208 bytes,     400208 total
[12.563s][info ][gc,heap        ] GC(387) DefNew: 140294K(157376K)->390K(157376K) Eden: 139904K(139904K)->0K(139904K) From: 390K(17472K)->390K(17472K)
[12.563s][info ][gc,heap        ] GC(387) Tenured: 3958K(349568K)->3958K(349568K)
[12.563s][info ][gc,metaspace   ] GC(387) Metaspace: 9874K(10112K)->9874K(10112K) NonClass: 8745K(8832K)->8745K(8832K) Class: 1128K(1280K)->1128K(1280K)
[12.563s][info ][gc             ] GC(387) Pause Young (Allocation Failure) 140M->4M(495M) 0.165ms
[12.563s][info ][gc,cpu         ] GC(387) User=0.00s Sys=0.00s Real=0.00s
[12.573s][info ][gc,start       ] GC(388) Pause Young (Allocation Failure)
[12.573s][debug][gc,age         ] GC(388) Desired survivor size 8945664 bytes, new threshold 15 (max threshold 15)
[12.573s][trace][gc,age         ] GC(388) Age table with threshold 15 (max threshold 15)
[12.573s][trace][gc,age         ] GC(388) - age   1:     400208 bytes,     400208 total
[12.573s][info ][gc,heap        ] GC(388) DefNew: 140294K(157376K)->390K(157376K) Eden: 139904K(139904K)->0K(139904K) From: 390K(17472K)->390K(17472K)
[12.573s][info ][gc,heap        ] GC(388) Tenured: 3958K(349568K)->3958K(349568K)
[12.573s][info ][gc,metaspace   ] GC(388) Metaspace: 9874K(10112K)->9874K(10112K) NonClass: 8745K(8832K)->8745K(8832K) Class: 1128K(1280K)->1128K(1280K)
[12.573s][info ][gc             ] GC(388) Pause Young (Allocation Failure) 140M->4M(495M) 0.160ms
[12.573s][info ][gc,cpu         ] GC(388) User=0.00s Sys=0.00s Real=0.00s
[12.583s][info ][gc,start       ] GC(389) Pause Young (Allocation Failure)
[12.583s][debug][gc,age         ] GC(389) Desired survivor size 8945664 bytes, new threshold 15 (max threshold 15)
[12.583s][trace][gc,age         ] GC(389) Age table with threshold 15 (max threshold 15)
[12.583s][trace][gc,age         ] GC(389) - age   1:     400208 bytes,     400208 total
[12.583s][info ][gc,heap        ] GC(389) DefNew: 140294K(157376K)->390K(157376K) Eden: 139904K(139904K)->0K(139904K) From: 390K(17472K)->390K(17472K)
[12.583s][info ][gc,heap        ] GC(389) Tenured: 3958K(349568K)->3958K(349568K)
[12.583s][info ][gc,metaspace   ] GC(389) Metaspace: 9874K(10112K)->9874K(10112K) NonClass: 8745K(8832K)->8745K(8832K) Class: 1128K(1280K)->1128K(1280K)
[12.583s][info ][gc             ] GC(389) Pause Young (Allocation Failure) 140M->4M(495M) 0.166ms
[12.583s][info ][gc,cpu         ] GC(389) User=0.00s Sys=0.00s Real=0.00s
[12.593s][info ][gc,start       ] GC(390) Pause Young (Allocation Failure)
[12.593s][debug][gc,age         ] GC(390) Desired survivor size 8945664 bytes, new threshold 15 (max threshold 15)
[12.593s][trace][gc,age         ] GC(390) Age table with threshold 15 (max threshold 15)
[12.593s][trace][gc,age         ] GC(390) - age   1:     400208 bytes,     400208 total
[12.593s][info ][gc,heap        ] GC(390) DefNew: 140294K(157376K)->390K(157376K) Eden: 139904K(139904K)->0K(139904K) From: 390K(17472K)->390K(17472K)
[12.593s][info ][gc,heap        ] GC(390) Tenured: 3958K(349568K)->3958K(349568K)
[12.593s][info ][gc,metaspace   ] GC(390) Metaspace: 9874K(10112K)->9874K(10112K) NonClass: 8745K(8832K)->8745K(8832K) Class: 1128K(1280K)->1128K(1280K)
[12.593s][info ][gc             ] GC(390) Pause Young (Allocation Failure) 140M->4M(495M) 0.163ms
[12.593s][info ][gc,cpu         ] GC(390) User=0.00s Sys=0.00s Real=0.00s
[12.603s][info ][gc,start       ] GC(391) Pause Young (Allocation Failure)
[12.604s][debug][gc,age         ] GC(391) Desired survivor size 8945664 bytes, new threshold 15 (max threshold 15)
[12.604s][trace][gc,age         ] GC(391) Age table with threshold 15 (max threshold 15)
[12.604s][trace][gc,age         ] GC(391) - age   1:     400208 bytes,     400208 total
[12.604s][info ][gc,heap        ] GC(391) DefNew: 140294K(157376K)->390K(157376K) Eden: 139904K(139904K)->0K(139904K) From: 390K(17472K)->390K(17472K)
[12.604s][info ][gc,heap        ] GC(391) Tenured: 3958K(349568K)->3958K(349568K)
[12.604s][info ][gc,metaspace   ] GC(391) Metaspace: 9874K(10112K)->9874K(10112K) NonClass: 8745K(8832K)->8745K(8832K) Class: 1128K(1280K)->1128K(1280K)
[12.604s][info ][gc             ] GC(391) Pause Young (Allocation Failure) 140M->4M(495M) 0.168ms
[12.604s][info ][gc,cpu         ] GC(391) User=0.00s Sys=0.00s Real=0.00s
[12.614s][info ][gc,start       ] GC(392) Pause Young (Allocation Failure)
[12.614s][debug][gc,age         ] GC(392) Desired survivor size 8945664 bytes, new threshold 15 (max threshold 15)
[12.614s][trace][gc,age         ] GC(392) Age table with threshold 15 (max threshold 15)
[12.614s][trace][gc,age         ] GC(392) - age   1:     400208 bytes,     400208 total
[12.614s][info ][gc,heap        ] GC(392) DefNew: 140294K(157376K)->390K(157376K) Eden: 139904K(139904K)->0K(139904K) From: 390K(17472K)->390K(17472K)
[12.614s][info ][gc,heap        ] GC(392) Tenured: 3958K(349568K)->3958K(349568K)
[12.614s][info ][gc,metaspace   ] GC(392) Metaspace: 9874K(10112K)->9874K(10112K) NonClass: 8745K(8832K)->8745K(8832K) Class: 1128K(1280K)->1128K(1280K)
[12.614s][info ][gc             ] GC(392) Pause Young (Allocation Failure) 140M->4M(495M) 0.158ms
[12.614s][info ][gc,cpu         ] GC(392) User=0.00s Sys=0.00s Real=0.00s
[12.624s][info ][gc,start       ] GC(393) Pause Young (Allocation Failure)
[12.624s][debug][gc,age         ] GC(393) Desired survivor size 8945664 bytes, new threshold 15 (max threshold 15)
[12.624s][trace][gc,age         ] GC(393) Age table with threshold 15 (max threshold 15)
[12.624s][trace][gc,age         ] GC(393) - age   1:     400208 bytes,     400208 total
[12.624s][info ][gc,heap        ] GC(393) DefNew: 140294K(157376K)->390K(157376K) Eden: 139904K(139904K)->0K(139904K) From: 390K(17472K)->390K(17472K)
[12.624s][info ][gc,heap        ] GC(393) Tenured: 3958K(349568K)->3958K(349568K)
[12.624s][info ][gc,metaspace   ] GC(393) Metaspace: 9874K(10112K)->9874K(10112K) NonClass: 8745K(8832K)->8745K(8832K) Class: 1128K(1280K)->1128K(1280K)
[12.624s][info ][gc             ] GC(393) Pause Young (Allocation Failure) 140M->4M(495M) 0.160ms
[12.624s][info ][gc,cpu         ] GC(393) User=0.00s Sys=0.00s Real=0.00s
[12.634s][info ][gc,start       ] GC(394) Pause Young (Allocation Failure)
[12.634s][debug][gc,age         ] GC(394) Desired survivor size 8945664 bytes, new threshold 15 (max threshold 15)
[12.634s][trace][gc,age         ] GC(394) Age table with threshold 15 (max threshold 15)
[12.634s][trace][gc,age         ] GC(394) - age   1:     400208 bytes,     400208 total
[12.634s][info ][gc,heap        ] GC(394) DefNew: 140294K(157376K)->390K(157376K) Eden: 139904K(139904K)->0K(139904K) From: 390K(17472K)->390K(17472K)
[12.634s][info ][gc,heap        ] GC(394) Tenured: 3958K(349568K)->3958K(349568K)
[12.634s][info ][gc,metaspace   ] GC(394) Metaspace: 9874K(10112K)->9874K(10112K) NonClass: 8745K(8832K)->8745K(8832K) Class: 1128K(1280K)->1128K(1280K)
[12.634s][info ][gc             ] GC(394) Pause Young (Allocation Failure) 140M->4M(495M) 0.160ms
[12.634s][info ][gc,cpu         ] GC(394) User=0.00s Sys=0.00s Real=0.00s
[12.644s][info ][gc,start       ] GC(395) Pause Young (Allocation Failure)
[12.644s][debug][gc,age         ] GC(395) Desired survivor size 8945664 bytes, new threshold 15 (max threshold 15)
[12.644s][trace][gc,age         ] GC(395) Age table with threshold 15 (max threshold 15)
[12.644s][trace][gc,age         ] GC(395) - age   1:     400208 bytes,     400208 total
[12.644s][info ][gc,heap        ] GC(395) DefNew: 140294K(157376K)->390K(157376K) Eden: 139904K(139904K)->0K(139904K) From: 390K(17472K)->390K(17472K)
[12.644s][info ][gc,heap        ] GC(395) Tenured: 3958K(349568K)->3958K(349568K)
[12.644s][info ][gc,metaspace   ] GC(395) Metaspace: 9874K(10112K)->9874K(10112K) NonClass: 8745K(8832K)->8745K(8832K) Class: 1128K(1280K)->1128K(1280K)
[12.644s][info ][gc             ] GC(395) Pause Young (Allocation Failure) 140M->4M(495M) 0.164ms
[12.644s][info ][gc,cpu         ] GC(395) User=0.00s Sys=0.00s Real=0.00s
[12.654s][info ][gc,start       ] GC(396) Pause Young (Allocation Failure)
[12.654s][debug][gc,age         ] GC(396) Desired survivor size 8945664 bytes, new threshold 15 (max threshold 15)
[12.654s][trace][gc,age         ] GC(396) Age table with threshold 15 (max threshold 15)
[12.654s][trace][gc,age         ] GC(396) - age   1:     400208 bytes,     400208 total
[12.654s][info ][gc,heap        ] GC(396) DefNew: 140294K(157376K)->390K(157376K) Eden: 139904K(139904K)->0K(139904K) From: 390K(17472K)->390K(17472K)
[12.654s][info ][gc,heap        ] GC(396) Tenured: 3958K(349568K)->3958K(349568K)
[12.654s][info ][gc,metaspace   ] GC(396) Metaspace: 9874K(10112K)->9874K(10112K) NonClass: 8745K(8832K)->8745K(8832K) Class: 1128K(1280K)->1128K(1280K)
[12.655s][info ][gc             ] GC(396) Pause Young (Allocation Failure) 140M->4M(495M) 0.160ms
[12.655s][info ][gc,cpu         ] GC(396) User=0.00s Sys=0.00s Real=0.00s
[12.665s][info ][gc,start       ] GC(397) Pause Young (Allocation Failure)
[12.665s][debug][gc,age         ] GC(397) Desired survivor size 8945664 bytes, new threshold 15 (max threshold 15)
[12.665s][trace][gc,age         ] GC(397) Age table with threshold 15 (max threshold 15)
[12.665s][trace][gc,age         ] GC(397) - age   1:     400208 bytes,     400208 total
[12.665s][info ][gc,heap        ] GC(397) DefNew: 140294K(157376K)->390K(157376K) Eden: 139904K(139904K)->0K(139904K) From: 390K(17472K)->390K(17472K)
[12.665s][info ][gc,heap        ] GC(397) Tenured: 3958K(349568K)->3958K(349568K)
[12.665s][info ][gc,metaspace   ] GC(397) Metaspace: 9874K(10112K)->9874K(10112K) NonClass: 8745K(8832K)->8745K(8832K) Class: 1128K(1280K)->1128K(1280K)
[12.665s][info ][gc             ] GC(397) Pause Young (Allocation Failure) 140M->4M(495M) 0.167ms
[12.665s][info ][gc,cpu         ] GC(397) User=0.00s Sys=0.00s Real=0.00s
[12.675s][info ][gc,start       ] GC(398) Pause Young (Allocation Failure)
[12.675s][debug][gc,age         ] GC(398) Desired survivor size 8945664 bytes, new threshold 15 (max threshold 15)
[12.675s][trace][gc,age         ] GC(398) Age table with threshold 15 (max threshold 15)
[12.675s][trace][gc,age         ] GC(398) - age   1:     400208 bytes,     400208 total
[12.675s][info ][gc,heap        ] GC(398) DefNew: 140294K(157376K)->390K(157376K) Eden: 139904K(139904K)->0K(139904K) From: 390K(17472K)->390K(17472K)
[12.675s][info ][gc,heap        ] GC(398) Tenured: 3958K(349568K)->3958K(349568K)
[12.675s][info ][gc,metaspace   ] GC(398) Metaspace: 9874K(10112K)->9874K(10112K) NonClass: 8745K(8832K)->8745K(8832K) Class: 1128K(1280K)->1128K(1280K)
[12.675s][info ][gc             ] GC(398) Pause Young (Allocation Failure) 140M->4M(495M) 0.158ms
[12.675s][info ][gc,cpu         ] GC(398) User=0.00s Sys=0.00s Real=0.00s
[12.685s][info ][gc,start       ] GC(399) Pause Young (Allocation Failure)
[12.685s][debug][gc,age         ] GC(399) Desired survivor size 8945664 bytes, new threshold 15 (max threshold 15)
[12.685s][trace][gc,age         ] GC(399) Age table with threshold 15 (max threshold 15)
[12.685s][trace][gc,age         ] GC(399) - age   1:     400208 bytes,     400208 total
[12.685s][info ][gc,heap        ] GC(399) DefNew: 140294K(157376K)->390K(157376K) Eden: 139904K(139904K)->0K(139904K) From: 390K(17472K)->390K(17472K)
[12.685s][info ][gc,heap        ] GC(399) Tenured: 3958K(349568K)->3958K(349568K)
[12.685s][info ][gc,metaspace   ] GC(399) Metaspace: 9874K(10112K)->9874K(10112K) NonClass: 8745K(8832K)->8745K(8832K) Class: 1128K(1280K)->1128K(1280K)
[12.685s][info ][gc             ] GC(399) Pause Young (Allocation Failure) 140M->4M(495M) 0.164ms
[12.685s][info ][gc,cpu         ] GC(399) User=0.00s Sys=0.00s Real=0.00s
[12.695s][info ][gc,start       ] GC(400) Pause Young (Allocation Failure)
[12.695s][debug][gc,age         ] GC(400) Desired survivor size 8945664 bytes, new threshold 15 (max threshold 15)
[12.695s][trace][gc,age         ] GC(400) Age table with threshold 15 (max threshold 15)
[12.695s][trace][gc,age         ] GC(400) - age   1:     400208 bytes,     400208 total
[12.695s][info ][gc,heap        ] GC(400) DefNew: 140294K(157376K)->390K(157376K) Eden: 139904K(139904K)->0K(139904K) From: 390K(17472K)->390K(17472K)
[12.695s][info ][gc,heap        ] GC(400) Tenured: 3958K(349568K)->3958K(349568K)
[12.695s][info ][gc,metaspace   ] GC(400) Metaspace: 9874K(10112K)->9874K(10112K) NonClass: 8745K(8832K)->8745K(8832K) Class: 1128K(1280K)->1128K(1280K)
[12.695s][info ][gc             ] GC(400) Pause Young (Allocation Failure) 140M->4M(495M) 0.161ms
[12.695s][info ][gc,cpu         ] GC(400) User=0.00s Sys=0.00s Real=0.00s
[12.705s][info ][gc,start       ] GC(401) Pause Young (Allocation Failure)
[12.705s][debug][gc,age         ] GC(401) Desired survivor size 8945664 bytes, new threshold 15 (max threshold 15)
[12.705s][trace][gc,age         ] GC(401) Age table with threshold 15 (max threshold 15)
[12.705s][trace][gc,age         ] GC(401) - age   1:     400208 bytes,     400208 total
[12.705s][info ][gc,heap        ] GC(401) DefNew: 140294K(157376K)->390K(157376K) Eden: 139904K(139904K)->0K(139904K) From: 390K(17472K)->390K(17472K)
[12.705s][info ][gc,heap        ] GC(401) Tenured: 3958K(349568K)->3958K(349568K)
[12.705s][info ][gc,metaspace   ] GC(401) Metaspace: 9874K(10112K)->9874K(10112K) NonClass: 8745K(8832K)->8745K(8832K) Class: 1128K(1280K)->1128K(1280K)
[12.705s][info ][gc             ] GC(401) Pause Young (Allocation Failure) 140M->4M(495M) 0.159ms
[12.705s][info ][gc,cpu         ] GC(401) User=0.00s Sys=0.00s Real=0.00s
[12.716s][info ][gc,start       ] GC(402) Pause Young (Allocation Failure)
[12.716s][debug][gc,age         ] GC(402) Desired survivor size 8945664 bytes, new threshold 15 (max threshold 15)
[12.716s][trace][gc,age         ] GC(402) Age table with threshold 15 (max threshold 15)
[12.716s][trace][gc,age         ] GC(402) - age   1:     400208 bytes,     400208 total
[12.716s][info ][gc,heap        ] GC(402) DefNew: 140294K(157376K)->390K(157376K) Eden: 139904K(139904K)->0K(139904K) From: 390K(17472K)->390K(17472K)
[12.716s][info ][gc,heap        ] GC(402) Tenured: 3958K(349568K)->3958K(349568K)
[12.716s][info ][gc,metaspace   ] GC(402) Metaspace: 9874K(10112K)->9874K(10112K) NonClass: 8745K(8832K)->8745K(8832K) Class: 1128K(1280K)->1128K(1280K)
[12.716s][info ][gc             ] GC(402) Pause Young (Allocation Failure) 140M->4M(495M) 0.156ms
[12.716s][info ][gc,cpu         ] GC(402) User=0.00s Sys=0.00s Real=0.00s
[12.726s][info ][gc,start       ] GC(403) Pause Young (Allocation Failure)
[12.726s][debug][gc,age         ] GC(403) Desired survivor size 8945664 bytes, new threshold 15 (max threshold 15)
[12.726s][trace][gc,age         ] GC(403) Age table with threshold 15 (max threshold 15)
[12.726s][trace][gc,age         ] GC(403) - age   1:     400208 bytes,     400208 total
[12.726s][info ][gc,heap        ] GC(403) DefNew: 140294K(157376K)->390K(157376K) Eden: 139904K(139904K)->0K(139904K) From: 390K(17472K)->390K(17472K)
[12.726s][info ][gc,heap        ] GC(403) Tenured: 3958K(349568K)->3958K(349568K)
[12.726s][info ][gc,metaspace   ] GC(403) Metaspace: 9874K(10112K)->9874K(10112K) NonClass: 8745K(8832K)->8745K(8832K) Class: 1128K(1280K)->1128K(1280K)
[12.726s][info ][gc             ] GC(403) Pause Young (Allocation Failure) 140M->4M(495M) 0.164ms
[12.726s][info ][gc,cpu         ] GC(403) User=0.00s Sys=0.00s Real=0.00s
[12.736s][info ][gc,start       ] GC(404) Pause Young (Allocation Failure)
[12.737s][debug][gc,age         ] GC(404) Desired survivor size 8945664 bytes, new threshold 15 (max threshold 15)
[12.737s][trace][gc,age         ] GC(404) Age table with threshold 15 (max threshold 15)
[12.737s][trace][gc,age         ] GC(404) - age   1:     400208 bytes,     400208 total
[12.737s][info ][gc,heap        ] GC(404) DefNew: 140294K(157376K)->390K(157376K) Eden: 139904K(139904K)->0K(139904K) From: 390K(17472K)->390K(17472K)
[12.737s][info ][gc,heap        ] GC(404) Tenured: 3958K(349568K)->3958K(349568K)
[12.737s][info ][gc,metaspace   ] GC(404) Metaspace: 9874K(10112K)->9874K(10112K) NonClass: 8745K(8832K)->8745K(8832K) Class: 1128K(1280K)->1128K(1280K)
[12.737s][info ][gc             ] GC(404) Pause Young (Allocation Failure) 140M->4M(495M) 0.156ms
[12.737s][info ][gc,cpu         ] GC(404) User=0.00s Sys=0.00s Real=0.00s
[12.746s][info ][gc,start       ] GC(405) Pause Young (Allocation Failure)
[12.746s][debug][gc,age         ] GC(405) Desired survivor size 8945664 bytes, new threshold 15 (max threshold 15)
[12.746s][trace][gc,age         ] GC(405) Age table with threshold 15 (max threshold 15)
[12.746s][trace][gc,age         ] GC(405) - age   1:     400208 bytes,     400208 total
[12.746s][info ][gc,heap        ] GC(405) DefNew: 140008K(157376K)->390K(157376K) Eden: 139617K(139904K)->0K(139904K) From: 390K(17472K)->390K(17472K)
[12.746s][info ][gc,heap        ] GC(405) Tenured: 3958K(349568K)->3958K(349568K)
[12.746s][info ][gc,metaspace   ] GC(405) Metaspace: 9874K(10112K)->9874K(10112K) NonClass: 8745K(8832K)->8745K(8832K) Class: 1128K(1280K)->1128K(1280K)
[12.746s][info ][gc             ] GC(405) Pause Young (Allocation Failure) 140M->4M(495M) 0.159ms
[12.746s][info ][gc,cpu         ] GC(405) User=0.00s Sys=0.00s Real=0.00s
[12.757s][info ][gc,start       ] GC(406) Pause Young (Allocation Failure)
[12.757s][debug][gc,age         ] GC(406) Desired survivor size 8945664 bytes, new threshold 15 (max threshold 15)
[12.757s][trace][gc,age         ] GC(406) Age table with threshold 15 (max threshold 15)
[12.757s][trace][gc,age         ] GC(406) - age   1:        192 bytes,        192 total
[12.757s][info ][gc,heap        ] GC(406) DefNew: 140078K(157376K)->0K(157376K) Eden: 139687K(139904K)->0K(139904K) From: 390K(17472K)->0K(17472K)
[12.757s][info ][gc,heap        ] GC(406) Tenured: 3958K(349568K)->3958K(349568K)
[12.757s][info ][gc,metaspace   ] GC(406) Metaspace: 9874K(10112K)->9874K(10112K) NonClass: 8745K(8832K)->8745K(8832K) Class: 1128K(1280K)->1128K(1280K)
[12.757s][info ][gc             ] GC(406) Pause Young (Allocation Failure) 140M->3M(495M) 0.186ms
[12.757s][info ][gc,cpu         ] GC(406) User=0.00s Sys=0.00s Real=0.00s
[12.767s][info ][gc,start       ] GC(407) Pause Young (Allocation Failure)
[12.767s][debug][gc,age         ] GC(407) Desired survivor size 8945664 bytes, new threshold 15 (max threshold 15)
[12.767s][trace][gc,age         ] GC(407) Age table with threshold 15 (max threshold 15)
[12.767s][trace][gc,age         ] GC(407) - age   1:     400208 bytes,     400208 total
[12.767s][info ][gc,heap        ] GC(407) DefNew: 139685K(157376K)->390K(157376K) Eden: 139684K(139904K)->0K(139904K) From: 0K(17472K)->390K(17472K)
[12.767s][info ][gc,heap        ] GC(407) Tenured: 3958K(349568K)->3958K(349568K)
[12.767s][info ][gc,metaspace   ] GC(407) Metaspace: 9874K(10112K)->9874K(10112K) NonClass: 8745K(8832K)->8745K(8832K) Class: 1128K(1280K)->1128K(1280K)
[12.767s][info ][gc             ] GC(407) Pause Young (Allocation Failure) 140M->4M(495M) 0.172ms
[12.767s][info ][gc,cpu         ] GC(407) User=0.00s Sys=0.00s Real=0.00s
[12.778s][info ][gc,start       ] GC(408) Pause Young (Allocation Failure)
[12.778s][debug][gc,age         ] GC(408) Desired survivor size 8945664 bytes, new threshold 15 (max threshold 15)
[12.778s][trace][gc,age         ] GC(408) Age table with threshold 15 (max threshold 15)
[12.778s][trace][gc,age         ] GC(408) - age   1:        192 bytes,        192 total
[12.778s][info ][gc,heap        ] GC(408) DefNew: 140036K(157376K)->0K(157376K) Eden: 139645K(139904K)->0K(139904K) From: 390K(17472K)->0K(17472K)
[12.778s][info ][gc,heap        ] GC(408) Tenured: 3958K(349568K)->3958K(349568K)
[12.778s][info ][gc,metaspace   ] GC(408) Metaspace: 9874K(10112K)->9874K(10112K) NonClass: 8745K(8832K)->8745K(8832K) Class: 1128K(1280K)->1128K(1280K)
[12.778s][info ][gc             ] GC(408) Pause Young (Allocation Failure) 140M->3M(495M) 0.153ms
[12.778s][info ][gc,cpu         ] GC(408) User=0.00s Sys=0.00s Real=0.00s
[12.788s][info ][gc,start       ] GC(409) Pause Young (Allocation Failure)
[12.788s][debug][gc,age         ] GC(409) Desired survivor size 8945664 bytes, new threshold 15 (max threshold 15)
[12.788s][trace][gc,age         ] GC(409) Age table with threshold 15 (max threshold 15)
[12.788s][trace][gc,age         ] GC(409) - age   1:     400208 bytes,     400208 total
[12.788s][info ][gc,heap        ] GC(409) DefNew: 139904K(157376K)->390K(157376K) Eden: 139904K(139904K)->0K(139904K) From: 0K(17472K)->390K(17472K)
[12.788s][info ][gc,heap        ] GC(409) Tenured: 3958K(349568K)->3958K(349568K)
[12.788s][info ][gc,metaspace   ] GC(409) Metaspace: 9874K(10112K)->9874K(10112K) NonClass: 8745K(8832K)->8745K(8832K) Class: 1128K(1280K)->1128K(1280K)
[12.788s][info ][gc             ] GC(409) Pause Young (Allocation Failure) 140M->4M(495M) 0.165ms
[12.788s][info ][gc,cpu         ] GC(409) User=0.00s Sys=0.00s Real=0.00s
[12.798s][info ][gc,start       ] GC(410) Pause Young (Allocation Failure)
[12.798s][debug][gc,age         ] GC(410) Desired survivor size 8945664 bytes, new threshold 15 (max threshold 15)
[12.798s][trace][gc,age         ] GC(410) Age table with threshold 15 (max threshold 15)
[12.798s][trace][gc,age         ] GC(410) - age   1:        192 bytes,        192 total
[12.798s][info ][gc,heap        ] GC(410) DefNew: 140022K(157376K)->0K(157376K) Eden: 139632K(139904K)->0K(139904K) From: 390K(17472K)->0K(17472K)
[12.798s][info ][gc,heap        ] GC(410) Tenured: 3958K(349568K)->3958K(349568K)
[12.798s][info ][gc,metaspace   ] GC(410) Metaspace: 9874K(10112K)->9874K(10112K) NonClass: 8745K(8832K)->8745K(8832K) Class: 1128K(1280K)->1128K(1280K)
[12.798s][info ][gc             ] GC(410) Pause Young (Allocation Failure) 140M->3M(495M) 0.149ms
[12.798s][info ][gc,cpu         ] GC(410) User=0.00s Sys=0.00s Real=0.00s
[12.809s][info ][gc,start       ] GC(411) Pause Young (Allocation Failure)
[12.809s][debug][gc,age         ] GC(411) Desired survivor size 8945664 bytes, new threshold 15 (max threshold 15)
[12.809s][trace][gc,age         ] GC(411) Age table with threshold 15 (max threshold 15)
[12.809s][trace][gc,age         ] GC(411) - age   1:     400208 bytes,     400208 total
[12.809s][info ][gc,heap        ] GC(411) DefNew: 139712K(157376K)->390K(157376K) Eden: 139712K(139904K)->0K(139904K) From: 0K(17472K)->390K(17472K)
[12.809s][info ][gc,heap        ] GC(411) Tenured: 3958K(349568K)->3958K(349568K)
[12.809s][info ][gc,metaspace   ] GC(411) Metaspace: 9874K(10112K)->9874K(10112K) NonClass: 8745K(8832K)->8745K(8832K) Class: 1128K(1280K)->1128K(1280K)
[12.809s][info ][gc             ] GC(411) Pause Young (Allocation Failure) 140M->4M(495M) 0.166ms
[12.809s][info ][gc,cpu         ] GC(411) User=0.00s Sys=0.00s Real=0.00s
[12.819s][info ][gc,start       ] GC(412) Pause Young (Allocation Failure)
[12.819s][debug][gc,age         ] GC(412) Desired survivor size 8945664 bytes, new threshold 15 (max threshold 15)
[12.819s][trace][gc,age         ] GC(412) Age table with threshold 15 (max threshold 15)
[12.819s][trace][gc,age         ] GC(412) - age   1:        192 bytes,        192 total
[12.819s][info ][gc,heap        ] GC(412) DefNew: 140171K(157376K)->0K(157376K) Eden: 139781K(139904K)->0K(139904K) From: 390K(17472K)->0K(17472K)
[12.819s][info ][gc,heap        ] GC(412) Tenured: 3958K(349568K)->3958K(349568K)
[12.819s][info ][gc,metaspace   ] GC(412) Metaspace: 9874K(10112K)->9874K(10112K) NonClass: 8745K(8832K)->8745K(8832K) Class: 1128K(1280K)->1128K(1280K)
[12.819s][info ][gc             ] GC(412) Pause Young (Allocation Failure) 140M->3M(495M) 0.147ms
[12.819s][info ][gc,cpu         ] GC(412) User=0.00s Sys=0.00s Real=0.00s
[12.829s][info ][gc,start       ] GC(413) Pause Young (Allocation Failure)
[12.829s][debug][gc,age         ] GC(413) Desired survivor size 8945664 bytes, new threshold 15 (max threshold 15)
[12.829s][trace][gc,age         ] GC(413) Age table with threshold 15 (max threshold 15)
[12.829s][trace][gc,age         ] GC(413) - age   1:     400208 bytes,     400208 total
[12.829s][info ][gc,heap        ] GC(413) DefNew: 139825K(157376K)->390K(157376K) Eden: 139825K(139904K)->0K(139904K) From: 0K(17472K)->390K(17472K)
[12.829s][info ][gc,heap        ] GC(413) Tenured: 3958K(349568K)->3958K(349568K)
[12.829s][info ][gc,metaspace   ] GC(413) Metaspace: 9874K(10112K)->9874K(10112K) NonClass: 8745K(8832K)->8745K(8832K) Class: 1128K(1280K)->1128K(1280K)
[12.829s][info ][gc             ] GC(413) Pause Young (Allocation Failure) 140M->4M(495M) 0.168ms
[12.830s][info ][gc,cpu         ] GC(413) User=0.00s Sys=0.00s Real=0.00s
[12.840s][info ][gc,start       ] GC(414) Pause Young (Allocation Failure)
[12.840s][debug][gc,age         ] GC(414) Desired survivor size 8945664 bytes, new threshold 15 (max threshold 15)
[12.840s][trace][gc,age         ] GC(414) Age table with threshold 15 (max threshold 15)
[12.840s][trace][gc,age         ] GC(414) - age   1:        192 bytes,        192 total
[12.840s][info ][gc,heap        ] GC(414) DefNew: 140294K(157376K)->0K(157376K) Eden: 139904K(139904K)->0K(139904K) From: 390K(17472K)->0K(17472K)
[12.840s][info ][gc,heap        ] GC(414) Tenured: 3958K(349568K)->3958K(349568K)
[12.840s][info ][gc,metaspace   ] GC(414) Metaspace: 9874K(10112K)->9874K(10112K) NonClass: 8745K(8832K)->8745K(8832K) Class: 1128K(1280K)->1128K(1280K)
[12.840s][info ][gc             ] GC(414) Pause Young (Allocation Failure) 140M->3M(495M) 0.149ms
[12.840s][info ][gc,cpu         ] GC(414) User=0.00s Sys=0.00s Real=0.00s
[12.850s][info ][gc,start       ] GC(415) Pause Young (Allocation Failure)
[12.850s][debug][gc,age         ] GC(415) Desired survivor size 8945664 bytes, new threshold 15 (max threshold 15)
[12.850s][trace][gc,age         ] GC(415) Age table with threshold 15 (max threshold 15)
[12.850s][trace][gc,age         ] GC(415) - age   1:     400208 bytes,     400208 total
[12.850s][info ][gc,heap        ] GC(415) DefNew: 139904K(157376K)->390K(157376K) Eden: 139904K(139904K)->0K(139904K) From: 0K(17472K)->390K(17472K)
[12.850s][info ][gc,heap        ] GC(415) Tenured: 3958K(349568K)->3958K(349568K)
[12.850s][info ][gc,metaspace   ] GC(415) Metaspace: 9874K(10112K)->9874K(10112K) NonClass: 8745K(8832K)->8745K(8832K) Class: 1128K(1280K)->1128K(1280K)
[12.850s][info ][gc             ] GC(415) Pause Young (Allocation Failure) 140M->4M(495M) 0.162ms
[12.850s][info ][gc,cpu         ] GC(415) User=0.00s Sys=0.00s Real=0.00s
[12.860s][info ][gc,start       ] GC(416) Pause Young (Allocation Failure)
[12.860s][debug][gc,age         ] GC(416) Desired survivor size 8945664 bytes, new threshold 15 (max threshold 15)
[12.860s][trace][gc,age         ] GC(416) Age table with threshold 15 (max threshold 15)
[12.860s][trace][gc,age         ] GC(416) - age   1:        192 bytes,        192 total
[12.860s][info ][gc,heap        ] GC(416) DefNew: 140294K(157376K)->0K(157376K) Eden: 139904K(139904K)->0K(139904K) From: 390K(17472K)->0K(17472K)
[12.860s][info ][gc,heap        ] GC(416) Tenured: 3958K(349568K)->3958K(349568K)
[12.860s][info ][gc,metaspace   ] GC(416) Metaspace: 9874K(10112K)->9874K(10112K) NonClass: 8745K(8832K)->8745K(8832K) Class: 1128K(1280K)->1128K(1280K)
[12.860s][info ][gc             ] GC(416) Pause Young (Allocation Failure) 140M->3M(495M) 0.152ms
[12.860s][info ][gc,cpu         ] GC(416) User=0.00s Sys=0.00s Real=0.00s
[12.870s][info ][gc,start       ] GC(417) Pause Young (Allocation Failure)
[12.870s][debug][gc,age         ] GC(417) Desired survivor size 8945664 bytes, new threshold 15 (max threshold 15)
[12.870s][trace][gc,age         ] GC(417) Age table with threshold 15 (max threshold 15)
[12.870s][trace][gc,age         ] GC(417) - age   1:     400208 bytes,     400208 total
[12.870s][info ][gc,heap        ] GC(417) DefNew: 139904K(157376K)->390K(157376K) Eden: 139904K(139904K)->0K(139904K) From: 0K(17472K)->390K(17472K)
[12.870s][info ][gc,heap        ] GC(417) Tenured: 3958K(349568K)->3958K(349568K)
[12.870s][info ][gc,metaspace   ] GC(417) Metaspace: 9874K(10112K)->9874K(10112K) NonClass: 8745K(8832K)->8745K(8832K) Class: 1128K(1280K)->1128K(1280K)
[12.870s][info ][gc             ] GC(417) Pause Young (Allocation Failure) 140M->4M(495M) 0.172ms
[12.870s][info ][gc,cpu         ] GC(417) User=0.00s Sys=0.00s Real=0.01s
[12.880s][info ][gc,start       ] GC(418) Pause Young (Allocation Failure)
[12.880s][debug][gc,age         ] GC(418) Desired survivor size 8945664 bytes, new threshold 15 (max threshold 15)
[12.880s][trace][gc,age         ] GC(418) Age table with threshold 15 (max threshold 15)
[12.880s][trace][gc,age         ] GC(418) - age   1:     400208 bytes,     400208 total
[12.880s][info ][gc,heap        ] GC(418) DefNew: 140294K(157376K)->390K(157376K) Eden: 139904K(139904K)->0K(139904K) From: 390K(17472K)->390K(17472K)
[12.880s][info ][gc,heap        ] GC(418) Tenured: 3958K(349568K)->3958K(349568K)
[12.880s][info ][gc,metaspace   ] GC(418) Metaspace: 9874K(10112K)->9874K(10112K) NonClass: 8745K(8832K)->8745K(8832K) Class: 1128K(1280K)->1128K(1280K)
[12.880s][info ][gc             ] GC(418) Pause Young (Allocation Failure) 140M->4M(495M) 0.160ms
[12.880s][info ][gc,cpu         ] GC(418) User=0.00s Sys=0.00s Real=0.00s
[12.890s][info ][gc,start       ] GC(419) Pause Young (Allocation Failure)
[12.891s][debug][gc,age         ] GC(419) Desired survivor size 8945664 bytes, new threshold 15 (max threshold 15)
[12.891s][trace][gc,age         ] GC(419) Age table with threshold 15 (max threshold 15)
[12.891s][trace][gc,age         ] GC(419) - age   1:     400208 bytes,     400208 total
[12.891s][info ][gc,heap        ] GC(419) DefNew: 140294K(157376K)->390K(157376K) Eden: 139904K(139904K)->0K(139904K) From: 390K(17472K)->390K(17472K)
[12.891s][info ][gc,heap        ] GC(419) Tenured: 3958K(349568K)->3958K(349568K)
[12.891s][info ][gc,metaspace   ] GC(419) Metaspace: 9874K(10112K)->9874K(10112K) NonClass: 8745K(8832K)->8745K(8832K) Class: 1128K(1280K)->1128K(1280K)
[12.891s][info ][gc             ] GC(419) Pause Young (Allocation Failure) 140M->4M(495M) 0.161ms
[12.891s][info ][gc,cpu         ] GC(419) User=0.00s Sys=0.00s Real=0.00s
[12.901s][info ][gc,start       ] GC(420) Pause Young (Allocation Failure)
[12.901s][debug][gc,age         ] GC(420) Desired survivor size 8945664 bytes, new threshold 15 (max threshold 15)
[12.901s][trace][gc,age         ] GC(420) Age table with threshold 15 (max threshold 15)
[12.901s][trace][gc,age         ] GC(420) - age   1:     400208 bytes,     400208 total
[12.901s][info ][gc,heap        ] GC(420) DefNew: 140294K(157376K)->390K(157376K) Eden: 139904K(139904K)->0K(139904K) From: 390K(17472K)->390K(17472K)
[12.901s][info ][gc,heap        ] GC(420) Tenured: 3958K(349568K)->3958K(349568K)
[12.901s][info ][gc,metaspace   ] GC(420) Metaspace: 9874K(10112K)->9874K(10112K) NonClass: 8745K(8832K)->8745K(8832K) Class: 1128K(1280K)->1128K(1280K)
[12.901s][info ][gc             ] GC(420) Pause Young (Allocation Failure) 140M->4M(495M) 0.155ms
[12.901s][info ][gc,cpu         ] GC(420) User=0.00s Sys=0.00s Real=0.00s
[12.911s][info ][gc,start       ] GC(421) Pause Young (Allocation Failure)
[12.911s][debug][gc,age         ] GC(421) Desired survivor size 8945664 bytes, new threshold 15 (max threshold 15)
[12.911s][trace][gc,age         ] GC(421) Age table with threshold 15 (max threshold 15)
[12.911s][trace][gc,age         ] GC(421) - age   1:     400208 bytes,     400208 total
[12.911s][info ][gc,heap        ] GC(421) DefNew: 140294K(157376K)->390K(157376K) Eden: 139904K(139904K)->0K(139904K) From: 390K(17472K)->390K(17472K)
[12.911s][info ][gc,heap        ] GC(421) Tenured: 3958K(349568K)->3958K(349568K)
[12.911s][info ][gc,metaspace   ] GC(421) Metaspace: 9874K(10112K)->9874K(10112K) NonClass: 8745K(8832K)->8745K(8832K) Class: 1128K(1280K)->1128K(1280K)
[12.911s][info ][gc             ] GC(421) Pause Young (Allocation Failure) 140M->4M(495M) 0.167ms
[12.911s][info ][gc,cpu         ] GC(421) User=0.00s Sys=0.00s Real=0.00s
[12.921s][info ][gc,start       ] GC(422) Pause Young (Allocation Failure)
[12.921s][debug][gc,age         ] GC(422) Desired survivor size 8945664 bytes, new threshold 15 (max threshold 15)
[12.921s][trace][gc,age         ] GC(422) Age table with threshold 15 (max threshold 15)
[12.921s][trace][gc,age         ] GC(422) - age   1:     400208 bytes,     400208 total
[12.921s][info ][gc,heap        ] GC(422) DefNew: 140294K(157376K)->390K(157376K) Eden: 139904K(139904K)->0K(139904K) From: 390K(17472K)->390K(17472K)
[12.921s][info ][gc,heap        ] GC(422) Tenured: 3958K(349568K)->3958K(349568K)
[12.921s][info ][gc,metaspace   ] GC(422) Metaspace: 9874K(10112K)->9874K(10112K) NonClass: 8745K(8832K)->8745K(8832K) Class: 1128K(1280K)->1128K(1280K)
[12.921s][info ][gc             ] GC(422) Pause Young (Allocation Failure) 140M->4M(495M) 0.159ms
[12.921s][info ][gc,cpu         ] GC(422) User=0.00s Sys=0.00s Real=0.00s
[12.931s][info ][gc,start       ] GC(423) Pause Young (Allocation Failure)
[12.931s][debug][gc,age         ] GC(423) Desired survivor size 8945664 bytes, new threshold 15 (max threshold 15)
[12.931s][trace][gc,age         ] GC(423) Age table with threshold 15 (max threshold 15)
[12.931s][trace][gc,age         ] GC(423) - age   1:     400208 bytes,     400208 total
[12.931s][info ][gc,heap        ] GC(423) DefNew: 140294K(157376K)->390K(157376K) Eden: 139904K(139904K)->0K(139904K) From: 390K(17472K)->390K(17472K)
[12.931s][info ][gc,heap        ] GC(423) Tenured: 3958K(349568K)->3958K(349568K)
[12.931s][info ][gc,metaspace   ] GC(423) Metaspace: 9874K(10112K)->9874K(10112K) NonClass: 8745K(8832K)->8745K(8832K) Class: 1128K(1280K)->1128K(1280K)
[12.931s][info ][gc             ] GC(423) Pause Young (Allocation Failure) 140M->4M(495M) 0.160ms
[12.931s][info ][gc,cpu         ] GC(423) User=0.00s Sys=0.00s Real=0.00s
[12.941s][info ][gc,start       ] GC(424) Pause Young (Allocation Failure)
[12.941s][debug][gc,age         ] GC(424) Desired survivor size 8945664 bytes, new threshold 15 (max threshold 15)
[12.941s][trace][gc,age         ] GC(424) Age table with threshold 15 (max threshold 15)
[12.941s][trace][gc,age         ] GC(424) - age   1:     400208 bytes,     400208 total
[12.941s][info ][gc,heap        ] GC(424) DefNew: 140294K(157376K)->390K(157376K) Eden: 139904K(139904K)->0K(139904K) From: 390K(17472K)->390K(17472K)
[12.941s][info ][gc,heap        ] GC(424) Tenured: 3958K(349568K)->3958K(349568K)
[12.941s][info ][gc,metaspace   ] GC(424) Metaspace: 9874K(10112K)->9874K(10112K) NonClass: 8745K(8832K)->8745K(8832K) Class: 1128K(1280K)->1128K(1280K)
[12.941s][info ][gc             ] GC(424) Pause Young (Allocation Failure) 140M->4M(495M) 0.162ms
[12.941s][info ][gc,cpu         ] GC(424) User=0.00s Sys=0.00s Real=0.00s
[12.951s][info ][gc,start       ] GC(425) Pause Young (Allocation Failure)
[12.952s][debug][gc,age         ] GC(425) Desired survivor size 8945664 bytes, new threshold 15 (max threshold 15)
[12.952s][trace][gc,age         ] GC(425) Age table with threshold 15 (max threshold 15)
[12.952s][trace][gc,age         ] GC(425) - age   1:     400208 bytes,     400208 total
[12.952s][info ][gc,heap        ] GC(425) DefNew: 140294K(157376K)->390K(157376K) Eden: 139904K(139904K)->0K(139904K) From: 390K(17472K)->390K(17472K)
[12.952s][info ][gc,heap        ] GC(425) Tenured: 3958K(349568K)->3958K(349568K)
[12.952s][info ][gc,metaspace   ] GC(425) Metaspace: 9874K(10112K)->9874K(10112K) NonClass: 8745K(8832K)->8745K(8832K) Class: 1128K(1280K)->1128K(1280K)
[12.952s][info ][gc             ] GC(425) Pause Young (Allocation Failure) 140M->4M(495M) 0.163ms
[12.952s][info ][gc,cpu         ] GC(425) User=0.00s Sys=0.00s Real=0.00s
[12.962s][info ][gc,start       ] GC(426) Pause Young (Allocation Failure)
[12.962s][debug][gc,age         ] GC(426) Desired survivor size 8945664 bytes, new threshold 15 (max threshold 15)
[12.962s][trace][gc,age         ] GC(426) Age table with threshold 15 (max threshold 15)
[12.962s][trace][gc,age         ] GC(426) - age   1:     400208 bytes,     400208 total
[12.962s][info ][gc,heap        ] GC(426) DefNew: 140294K(157376K)->390K(157376K) Eden: 139904K(139904K)->0K(139904K) From: 390K(17472K)->390K(17472K)
[12.962s][info ][gc,heap        ] GC(426) Tenured: 3958K(349568K)->3958K(349568K)
[12.962s][info ][gc,metaspace   ] GC(426) Metaspace: 9874K(10112K)->9874K(10112K) NonClass: 8745K(8832K)->8745K(8832K) Class: 1128K(1280K)->1128K(1280K)
[12.962s][info ][gc             ] GC(426) Pause Young (Allocation Failure) 140M->4M(495M) 0.161ms
[12.962s][info ][gc,cpu         ] GC(426) User=0.00s Sys=0.00s Real=0.00s
[12.972s][info ][gc,start       ] GC(427) Pause Young (Allocation Failure)
[12.972s][debug][gc,age         ] GC(427) Desired survivor size 8945664 bytes, new threshold 15 (max threshold 15)
[12.972s][trace][gc,age         ] GC(427) Age table with threshold 15 (max threshold 15)
[12.972s][trace][gc,age         ] GC(427) - age   1:     400208 bytes,     400208 total
[12.972s][info ][gc,heap        ] GC(427) DefNew: 140294K(157376K)->390K(157376K) Eden: 139904K(139904K)->0K(139904K) From: 390K(17472K)->390K(17472K)
[12.972s][info ][gc,heap        ] GC(427) Tenured: 3958K(349568K)->3958K(349568K)
[12.972s][info ][gc,metaspace   ] GC(427) Metaspace: 9874K(10112K)->9874K(10112K) NonClass: 8745K(8832K)->8745K(8832K) Class: 1128K(1280K)->1128K(1280K)
[12.972s][info ][gc             ] GC(427) Pause Young (Allocation Failure) 140M->4M(495M) 0.159ms
[12.972s][info ][gc,cpu         ] GC(427) User=0.00s Sys=0.00s Real=0.00s
[12.982s][info ][gc,start       ] GC(428) Pause Young (Allocation Failure)
[12.982s][debug][gc,age         ] GC(428) Desired survivor size 8945664 bytes, new threshold 15 (max threshold 15)
[12.982s][trace][gc,age         ] GC(428) Age table with threshold 15 (max threshold 15)
[12.982s][trace][gc,age         ] GC(428) - age   1:     400208 bytes,     400208 total
[12.982s][info ][gc,heap        ] GC(428) DefNew: 140294K(157376K)->390K(157376K) Eden: 139904K(139904K)->0K(139904K) From: 390K(17472K)->390K(17472K)
[12.982s][info ][gc,heap        ] GC(428) Tenured: 3958K(349568K)->3958K(349568K)
[12.982s][info ][gc,metaspace   ] GC(428) Metaspace: 9874K(10112K)->9874K(10112K) NonClass: 8745K(8832K)->8745K(8832K) Class: 1128K(1280K)->1128K(1280K)
[12.982s][info ][gc             ] GC(428) Pause Young (Allocation Failure) 140M->4M(495M) 0.160ms
[12.982s][info ][gc,cpu         ] GC(428) User=0.00s Sys=0.00s Real=0.00s
[12.992s][info ][gc,start       ] GC(429) Pause Young (Allocation Failure)
[12.992s][debug][gc,age         ] GC(429) Desired survivor size 8945664 bytes, new threshold 15 (max threshold 15)
[12.992s][trace][gc,age         ] GC(429) Age table with threshold 15 (max threshold 15)
[12.992s][trace][gc,age         ] GC(429) - age   1:     400208 bytes,     400208 total
[12.992s][info ][gc,heap        ] GC(429) DefNew: 140294K(157376K)->390K(157376K) Eden: 139904K(139904K)->0K(139904K) From: 390K(17472K)->390K(17472K)
[12.992s][info ][gc,heap        ] GC(429) Tenured: 3958K(349568K)->3958K(349568K)
[12.992s][info ][gc,metaspace   ] GC(429) Metaspace: 9874K(10112K)->9874K(10112K) NonClass: 8745K(8832K)->8745K(8832K) Class: 1128K(1280K)->1128K(1280K)
[12.992s][info ][gc             ] GC(429) Pause Young (Allocation Failure) 140M->4M(495M) 0.160ms
[12.992s][info ][gc,cpu         ] GC(429) User=0.00s Sys=0.00s Real=0.00s
[13.002s][info ][gc,start       ] GC(430) Pause Young (Allocation Failure)
[13.002s][debug][gc,age         ] GC(430) Desired survivor size 8945664 bytes, new threshold 15 (max threshold 15)
[13.002s][trace][gc,age         ] GC(430) Age table with threshold 15 (max threshold 15)
[13.002s][trace][gc,age         ] GC(430) - age   1:     400208 bytes,     400208 total
[13.002s][info ][gc,heap        ] GC(430) DefNew: 140294K(157376K)->390K(157376K) Eden: 139904K(139904K)->0K(139904K) From: 390K(17472K)->390K(17472K)
[13.002s][info ][gc,heap        ] GC(430) Tenured: 3958K(349568K)->3958K(349568K)
[13.002s][info ][gc,metaspace   ] GC(430) Metaspace: 9874K(10112K)->9874K(10112K) NonClass: 8745K(8832K)->8745K(8832K) Class: 1128K(1280K)->1128K(1280K)
[13.002s][info ][gc             ] GC(430) Pause Young (Allocation Failure) 140M->4M(495M) 0.168ms
[13.002s][info ][gc,cpu         ] GC(430) User=0.00s Sys=0.00s Real=0.00s
[13.012s][info ][gc,start       ] GC(431) Pause Young (Allocation Failure)
[13.013s][debug][gc,age         ] GC(431) Desired survivor size 8945664 bytes, new threshold 15 (max threshold 15)
[13.013s][trace][gc,age         ] GC(431) Age table with threshold 15 (max threshold 15)
[13.013s][trace][gc,age         ] GC(431) - age   1:     400208 bytes,     400208 total
[13.013s][info ][gc,heap        ] GC(431) DefNew: 140294K(157376K)->390K(157376K) Eden: 139904K(139904K)->0K(139904K) From: 390K(17472K)->390K(17472K)
[13.013s][info ][gc,heap        ] GC(431) Tenured: 3958K(349568K)->3958K(349568K)
[13.013s][info ][gc,metaspace   ] GC(431) Metaspace: 9874K(10112K)->9874K(10112K) NonClass: 8745K(8832K)->8745K(8832K) Class: 1128K(1280K)->1128K(1280K)
[13.013s][info ][gc             ] GC(431) Pause Young (Allocation Failure) 140M->4M(495M) 0.165ms
[13.013s][info ][gc,cpu         ] GC(431) User=0.00s Sys=0.00s Real=0.00s
[13.023s][info ][gc,start       ] GC(432) Pause Young (Allocation Failure)
[13.023s][debug][gc,age         ] GC(432) Desired survivor size 8945664 bytes, new threshold 15 (max threshold 15)
[13.023s][trace][gc,age         ] GC(432) Age table with threshold 15 (max threshold 15)
[13.023s][trace][gc,age         ] GC(432) - age   1:     400208 bytes,     400208 total
[13.023s][info ][gc,heap        ] GC(432) DefNew: 140294K(157376K)->390K(157376K) Eden: 139904K(139904K)->0K(139904K) From: 390K(17472K)->390K(17472K)
[13.023s][info ][gc,heap        ] GC(432) Tenured: 3958K(349568K)->3958K(349568K)
[13.023s][info ][gc,metaspace   ] GC(432) Metaspace: 9874K(10112K)->9874K(10112K) NonClass: 8745K(8832K)->8745K(8832K) Class: 1128K(1280K)->1128K(1280K)
[13.023s][info ][gc             ] GC(432) Pause Young (Allocation Failure) 140M->4M(495M) 0.159ms
[13.023s][info ][gc,cpu         ] GC(432) User=0.00s Sys=0.00s Real=0.00s
[13.033s][info ][gc,start       ] GC(433) Pause Young (Allocation Failure)
[13.033s][debug][gc,age         ] GC(433) Desired survivor size 8945664 bytes, new threshold 15 (max threshold 15)
[13.033s][trace][gc,age         ] GC(433) Age table with threshold 15 (max threshold 15)
[13.033s][trace][gc,age         ] GC(433) - age   1:     400208 bytes,     400208 total
[13.033s][info ][gc,heap        ] GC(433) DefNew: 140294K(157376K)->390K(157376K) Eden: 139904K(139904K)->0K(139904K) From: 390K(17472K)->390K(17472K)
[13.033s][info ][gc,heap        ] GC(433) Tenured: 3958K(349568K)->3958K(349568K)
[13.033s][info ][gc,metaspace   ] GC(433) Metaspace: 9874K(10112K)->9874K(10112K) NonClass: 8745K(8832K)->8745K(8832K) Class: 1128K(1280K)->1128K(1280K)
[13.033s][info ][gc             ] GC(433) Pause Young (Allocation Failure) 140M->4M(495M) 0.159ms
[13.033s][info ][gc,cpu         ] GC(433) User=0.00s Sys=0.00s Real=0.00s
[13.043s][info ][gc,start       ] GC(434) Pause Young (Allocation Failure)
[13.043s][debug][gc,age         ] GC(434) Desired survivor size 8945664 bytes, new threshold 15 (max threshold 15)
[13.043s][trace][gc,age         ] GC(434) Age table with threshold 15 (max threshold 15)
[13.043s][trace][gc,age         ] GC(434) - age   1:     400208 bytes,     400208 total
[13.043s][info ][gc,heap        ] GC(434) DefNew: 140294K(157376K)->390K(157376K) Eden: 139904K(139904K)->0K(139904K) From: 390K(17472K)->390K(17472K)
[13.043s][info ][gc,heap        ] GC(434) Tenured: 3958K(349568K)->3958K(349568K)
[13.043s][info ][gc,metaspace   ] GC(434) Metaspace: 9874K(10112K)->9874K(10112K) NonClass: 8745K(8832K)->8745K(8832K) Class: 1128K(1280K)->1128K(1280K)
[13.043s][info ][gc             ] GC(434) Pause Young (Allocation Failure) 140M->4M(495M) 0.157ms
[13.043s][info ][gc,cpu         ] GC(434) User=0.00s Sys=0.00s Real=0.00s
[13.053s][info ][gc,start       ] GC(435) Pause Young (Allocation Failure)
[13.053s][debug][gc,age         ] GC(435) Desired survivor size 8945664 bytes, new threshold 15 (max threshold 15)
[13.053s][trace][gc,age         ] GC(435) Age table with threshold 15 (max threshold 15)
[13.053s][trace][gc,age         ] GC(435) - age   1:     400208 bytes,     400208 total
[13.053s][info ][gc,heap        ] GC(435) DefNew: 140294K(157376K)->390K(157376K) Eden: 139904K(139904K)->0K(139904K) From: 390K(17472K)->390K(17472K)
[13.053s][info ][gc,heap        ] GC(435) Tenured: 3958K(349568K)->3958K(349568K)
[13.053s][info ][gc,metaspace   ] GC(435) Metaspace: 9874K(10112K)->9874K(10112K) NonClass: 8745K(8832K)->8745K(8832K) Class: 1128K(1280K)->1128K(1280K)
[13.053s][info ][gc             ] GC(435) Pause Young (Allocation Failure) 140M->4M(495M) 0.158ms
[13.053s][info ][gc,cpu         ] GC(435) User=0.00s Sys=0.00s Real=0.00s
[13.063s][info ][gc,start       ] GC(436) Pause Young (Allocation Failure)
[13.063s][debug][gc,age         ] GC(436) Desired survivor size 8945664 bytes, new threshold 15 (max threshold 15)
[13.063s][trace][gc,age         ] GC(436) Age table with threshold 15 (max threshold 15)
[13.063s][trace][gc,age         ] GC(436) - age   1:     400208 bytes,     400208 total
[13.063s][info ][gc,heap        ] GC(436) DefNew: 140294K(157376K)->390K(157376K) Eden: 139904K(139904K)->0K(139904K) From: 390K(17472K)->390K(17472K)
[13.063s][info ][gc,heap        ] GC(436) Tenured: 3958K(349568K)->3958K(349568K)
[13.063s][info ][gc,metaspace   ] GC(436) Metaspace: 9874K(10112K)->9874K(10112K) NonClass: 8745K(8832K)->8745K(8832K) Class: 1128K(1280K)->1128K(1280K)
[13.063s][info ][gc             ] GC(436) Pause Young (Allocation Failure) 140M->4M(495M) 0.158ms
[13.063s][info ][gc,cpu         ] GC(436) User=0.00s Sys=0.00s Real=0.00s
[13.073s][info ][gc,start       ] GC(437) Pause Young (Allocation Failure)
[13.074s][debug][gc,age         ] GC(437) Desired survivor size 8945664 bytes, new threshold 15 (max threshold 15)
[13.074s][trace][gc,age         ] GC(437) Age table with threshold 15 (max threshold 15)
[13.074s][trace][gc,age         ] GC(437) - age   1:     400208 bytes,     400208 total
[13.074s][info ][gc,heap        ] GC(437) DefNew: 140294K(157376K)->390K(157376K) Eden: 139904K(139904K)->0K(139904K) From: 390K(17472K)->390K(17472K)
[13.074s][info ][gc,heap        ] GC(437) Tenured: 3958K(349568K)->3958K(349568K)
[13.074s][info ][gc,metaspace   ] GC(437) Metaspace: 9874K(10112K)->9874K(10112K) NonClass: 8745K(8832K)->8745K(8832K) Class: 1128K(1280K)->1128K(1280K)
[13.074s][info ][gc             ] GC(437) Pause Young (Allocation Failure) 140M->4M(495M) 0.156ms
[13.074s][info ][gc,cpu         ] GC(437) User=0.01s Sys=0.00s Real=0.00s
[13.084s][info ][gc,start       ] GC(438) Pause Young (Allocation Failure)
[13.084s][debug][gc,age         ] GC(438) Desired survivor size 8945664 bytes, new threshold 15 (max threshold 15)
[13.084s][trace][gc,age         ] GC(438) Age table with threshold 15 (max threshold 15)
[13.084s][trace][gc,age         ] GC(438) - age   1:     400208 bytes,     400208 total
[13.084s][info ][gc,heap        ] GC(438) DefNew: 140294K(157376K)->390K(157376K) Eden: 139904K(139904K)->0K(139904K) From: 390K(17472K)->390K(17472K)
[13.084s][info ][gc,heap        ] GC(438) Tenured: 3958K(349568K)->3958K(349568K)
[13.084s][info ][gc,metaspace   ] GC(438) Metaspace: 9874K(10112K)->9874K(10112K) NonClass: 8745K(8832K)->8745K(8832K) Class: 1128K(1280K)->1128K(1280K)
[13.084s][info ][gc             ] GC(438) Pause Young (Allocation Failure) 140M->4M(495M) 0.159ms
[13.084s][info ][gc,cpu         ] GC(438) User=0.00s Sys=0.00s Real=0.00s
[13.094s][info ][gc,start       ] GC(439) Pause Young (Allocation Failure)
[13.094s][debug][gc,age         ] GC(439) Desired survivor size 8945664 bytes, new threshold 15 (max threshold 15)
[13.094s][trace][gc,age         ] GC(439) Age table with threshold 15 (max threshold 15)
[13.094s][trace][gc,age         ] GC(439) - age   1:     400208 bytes,     400208 total
[13.094s][info ][gc,heap        ] GC(439) DefNew: 140294K(157376K)->390K(157376K) Eden: 139904K(139904K)->0K(139904K) From: 390K(17472K)->390K(17472K)
[13.094s][info ][gc,heap        ] GC(439) Tenured: 3958K(349568K)->3958K(349568K)
[13.094s][info ][gc,metaspace   ] GC(439) Metaspace: 9874K(10112K)->9874K(10112K) NonClass: 8745K(8832K)->8745K(8832K) Class: 1128K(1280K)->1128K(1280K)
[13.094s][info ][gc             ] GC(439) Pause Young (Allocation Failure) 140M->4M(495M) 0.165ms
[13.094s][info ][gc,cpu         ] GC(439) User=0.00s Sys=0.00s Real=0.00s
[13.104s][info ][gc,start       ] GC(440) Pause Young (Allocation Failure)
[13.104s][debug][gc,age         ] GC(440) Desired survivor size 8945664 bytes, new threshold 15 (max threshold 15)
[13.104s][trace][gc,age         ] GC(440) Age table with threshold 15 (max threshold 15)
[13.104s][trace][gc,age         ] GC(440) - age   1:     400208 bytes,     400208 total
[13.104s][info ][gc,heap        ] GC(440) DefNew: 140294K(157376K)->390K(157376K) Eden: 139904K(139904K)->0K(139904K) From: 390K(17472K)->390K(17472K)
[13.104s][info ][gc,heap        ] GC(440) Tenured: 3958K(349568K)->3958K(349568K)
[13.104s][info ][gc,metaspace   ] GC(440) Metaspace: 9874K(10112K)->9874K(10112K) NonClass: 8745K(8832K)->8745K(8832K) Class: 1128K(1280K)->1128K(1280K)
[13.104s][info ][gc             ] GC(440) Pause Young (Allocation Failure) 140M->4M(495M) 0.158ms
[13.104s][info ][gc,cpu         ] GC(440) User=0.00s Sys=0.00s Real=0.00s
[13.114s][info ][gc,start       ] GC(441) Pause Young (Allocation Failure)
[13.114s][debug][gc,age         ] GC(441) Desired survivor size 8945664 bytes, new threshold 15 (max threshold 15)
[13.114s][trace][gc,age         ] GC(441) Age table with threshold 15 (max threshold 15)
[13.114s][trace][gc,age         ] GC(441) - age   1:     400208 bytes,     400208 total
[13.114s][info ][gc,heap        ] GC(441) DefNew: 140294K(157376K)->390K(157376K) Eden: 139904K(139904K)->0K(139904K) From: 390K(17472K)->390K(17472K)
[13.114s][info ][gc,heap        ] GC(441) Tenured: 3958K(349568K)->3958K(349568K)
[13.114s][info ][gc,metaspace   ] GC(441) Metaspace: 9874K(10112K)->9874K(10112K) NonClass: 8745K(8832K)->8745K(8832K) Class: 1128K(1280K)->1128K(1280K)
[13.114s][info ][gc             ] GC(441) Pause Young (Allocation Failure) 140M->4M(495M) 0.163ms
[13.114s][info ][gc,cpu         ] GC(441) User=0.00s Sys=0.00s Real=0.00s
[13.124s][info ][gc,start       ] GC(442) Pause Young (Allocation Failure)
[13.124s][debug][gc,age         ] GC(442) Desired survivor size 8945664 bytes, new threshold 15 (max threshold 15)
[13.124s][trace][gc,age         ] GC(442) Age table with threshold 15 (max threshold 15)
[13.124s][trace][gc,age         ] GC(442) - age   1:     400208 bytes,     400208 total
[13.124s][info ][gc,heap        ] GC(442) DefNew: 140294K(157376K)->390K(157376K) Eden: 139904K(139904K)->0K(139904K) From: 390K(17472K)->390K(17472K)
[13.124s][info ][gc,heap        ] GC(442) Tenured: 3958K(349568K)->3958K(349568K)
[13.124s][info ][gc,metaspace   ] GC(442) Metaspace: 9874K(10112K)->9874K(10112K) NonClass: 8745K(8832K)->8745K(8832K) Class: 1128K(1280K)->1128K(1280K)
[13.124s][info ][gc             ] GC(442) Pause Young (Allocation Failure) 140M->4M(495M) 0.156ms
[13.124s][info ][gc,cpu         ] GC(442) User=0.00s Sys=0.00s Real=0.00s
[13.134s][info ][gc,start       ] GC(443) Pause Young (Allocation Failure)
[13.135s][debug][gc,age         ] GC(443) Desired survivor size 8945664 bytes, new threshold 15 (max threshold 15)
[13.135s][trace][gc,age         ] GC(443) Age table with threshold 15 (max threshold 15)
[13.135s][trace][gc,age         ] GC(443) - age   1:     400208 bytes,     400208 total
[13.135s][info ][gc,heap        ] GC(443) DefNew: 140294K(157376K)->390K(157376K) Eden: 139904K(139904K)->0K(139904K) From: 390K(17472K)->390K(17472K)
[13.135s][info ][gc,heap        ] GC(443) Tenured: 3958K(349568K)->3958K(349568K)
[13.135s][info ][gc,metaspace   ] GC(443) Metaspace: 9874K(10112K)->9874K(10112K) NonClass: 8745K(8832K)->8745K(8832K) Class: 1128K(1280K)->1128K(1280K)
[13.135s][info ][gc             ] GC(443) Pause Young (Allocation Failure) 140M->4M(495M) 0.156ms
[13.135s][info ][gc,cpu         ] GC(443) User=0.00s Sys=0.00s Real=0.00s
[13.145s][info ][gc,start       ] GC(444) Pause Young (Allocation Failure)
[13.145s][debug][gc,age         ] GC(444) Desired survivor size 8945664 bytes, new threshold 15 (max threshold 15)
[13.145s][trace][gc,age         ] GC(444) Age table with threshold 15 (max threshold 15)
[13.145s][trace][gc,age         ] GC(444) - age   1:     400208 bytes,     400208 total
[13.145s][info ][gc,heap        ] GC(444) DefNew: 140294K(157376K)->390K(157376K) Eden: 139904K(139904K)->0K(139904K) From: 390K(17472K)->390K(17472K)
[13.145s][info ][gc,heap        ] GC(444) Tenured: 3958K(349568K)->3958K(349568K)
[13.145s][info ][gc,metaspace   ] GC(444) Metaspace: 9874K(10112K)->9874K(10112K) NonClass: 8745K(8832K)->8745K(8832K) Class: 1128K(1280K)->1128K(1280K)
[13.145s][info ][gc             ] GC(444) Pause Young (Allocation Failure) 140M->4M(495M) 0.159ms
[13.145s][info ][gc,cpu         ] GC(444) User=0.00s Sys=0.00s Real=0.00s
[13.155s][info ][gc,start       ] GC(445) Pause Young (Allocation Failure)
[13.155s][debug][gc,age         ] GC(445) Desired survivor size 8945664 bytes, new threshold 15 (max threshold 15)
[13.155s][trace][gc,age         ] GC(445) Age table with threshold 15 (max threshold 15)
[13.155s][trace][gc,age         ] GC(445) - age   1:     400208 bytes,     400208 total
[13.155s][info ][gc,heap        ] GC(445) DefNew: 140294K(157376K)->390K(157376K) Eden: 139904K(139904K)->0K(139904K) From: 390K(17472K)->390K(17472K)
[13.155s][info ][gc,heap        ] GC(445) Tenured: 3958K(349568K)->3958K(349568K)
[13.155s][info ][gc,metaspace   ] GC(445) Metaspace: 9874K(10112K)->9874K(10112K) NonClass: 8745K(8832K)->8745K(8832K) Class: 1128K(1280K)->1128K(1280K)
[13.155s][info ][gc             ] GC(445) Pause Young (Allocation Failure) 140M->4M(495M) 0.158ms
[13.155s][info ][gc,cpu         ] GC(445) User=0.00s Sys=0.00s Real=0.00s
[13.165s][info ][gc,start       ] GC(446) Pause Young (Allocation Failure)
[13.165s][debug][gc,age         ] GC(446) Desired survivor size 8945664 bytes, new threshold 15 (max threshold 15)
[13.165s][trace][gc,age         ] GC(446) Age table with threshold 15 (max threshold 15)
[13.165s][trace][gc,age         ] GC(446) - age   1:     400208 bytes,     400208 total
[13.165s][info ][gc,heap        ] GC(446) DefNew: 140294K(157376K)->390K(157376K) Eden: 139904K(139904K)->0K(139904K) From: 390K(17472K)->390K(17472K)
[13.165s][info ][gc,heap        ] GC(446) Tenured: 3958K(349568K)->3958K(349568K)
[13.165s][info ][gc,metaspace   ] GC(446) Metaspace: 9874K(10112K)->9874K(10112K) NonClass: 8745K(8832K)->8745K(8832K) Class: 1128K(1280K)->1128K(1280K)
[13.165s][info ][gc             ] GC(446) Pause Young (Allocation Failure) 140M->4M(495M) 0.159ms
[13.165s][info ][gc,cpu         ] GC(446) User=0.00s Sys=0.00s Real=0.00s
[13.175s][info ][gc,start       ] GC(447) Pause Young (Allocation Failure)
[13.175s][debug][gc,age         ] GC(447) Desired survivor size 8945664 bytes, new threshold 15 (max threshold 15)
[13.175s][trace][gc,age         ] GC(447) Age table with threshold 15 (max threshold 15)
[13.175s][trace][gc,age         ] GC(447) - age   1:     400208 bytes,     400208 total
[13.175s][info ][gc,heap        ] GC(447) DefNew: 140294K(157376K)->390K(157376K) Eden: 139904K(139904K)->0K(139904K) From: 390K(17472K)->390K(17472K)
[13.175s][info ][gc,heap        ] GC(447) Tenured: 3958K(349568K)->3958K(349568K)
[13.175s][info ][gc,metaspace   ] GC(447) Metaspace: 9874K(10112K)->9874K(10112K) NonClass: 8745K(8832K)->8745K(8832K) Class: 1128K(1280K)->1128K(1280K)
[13.175s][info ][gc             ] GC(447) Pause Young (Allocation Failure) 140M->4M(495M) 0.157ms
[13.175s][info ][gc,cpu         ] GC(447) User=0.00s Sys=0.00s Real=0.00s
[13.185s][info ][gc,start       ] GC(448) Pause Young (Allocation Failure)
[13.185s][debug][gc,age         ] GC(448) Desired survivor size 8945664 bytes, new threshold 15 (max threshold 15)
[13.185s][trace][gc,age         ] GC(448) Age table with threshold 15 (max threshold 15)
[13.186s][trace][gc,age         ] GC(448) - age   1:     400208 bytes,     400208 total
[13.186s][info ][gc,heap        ] GC(448) DefNew: 140294K(157376K)->390K(157376K) Eden: 139904K(139904K)->0K(139904K) From: 390K(17472K)->390K(17472K)
[13.186s][info ][gc,heap        ] GC(448) Tenured: 3958K(349568K)->3958K(349568K)
[13.186s][info ][gc,metaspace   ] GC(448) Metaspace: 9874K(10112K)->9874K(10112K) NonClass: 8745K(8832K)->8745K(8832K) Class: 1128K(1280K)->1128K(1280K)
[13.186s][info ][gc             ] GC(448) Pause Young (Allocation Failure) 140M->4M(495M) 0.170ms
[13.186s][info ][gc,cpu         ] GC(448) User=0.00s Sys=0.00s Real=0.00s
[13.196s][info ][gc,start       ] GC(449) Pause Young (Allocation Failure)
[13.196s][debug][gc,age         ] GC(449) Desired survivor size 8945664 bytes, new threshold 15 (max threshold 15)
[13.196s][trace][gc,age         ] GC(449) Age table with threshold 15 (max threshold 15)
[13.196s][trace][gc,age         ] GC(449) - age   1:     400208 bytes,     400208 total
[13.196s][info ][gc,heap        ] GC(449) DefNew: 140294K(157376K)->390K(157376K) Eden: 139904K(139904K)->0K(139904K) From: 390K(17472K)->390K(17472K)
[13.196s][info ][gc,heap        ] GC(449) Tenured: 3958K(349568K)->3958K(349568K)
[13.196s][info ][gc,metaspace   ] GC(449) Metaspace: 9874K(10112K)->9874K(10112K) NonClass: 8745K(8832K)->8745K(8832K) Class: 1128K(1280K)->1128K(1280K)
[13.196s][info ][gc             ] GC(449) Pause Young (Allocation Failure) 140M->4M(495M) 0.160ms
[13.196s][info ][gc,cpu         ] GC(449) User=0.00s Sys=0.00s Real=0.00s
[13.206s][info ][gc,start       ] GC(450) Pause Young (Allocation Failure)
[13.206s][debug][gc,age         ] GC(450) Desired survivor size 8945664 bytes, new threshold 15 (max threshold 15)
[13.206s][trace][gc,age         ] GC(450) Age table with threshold 15 (max threshold 15)
[13.206s][trace][gc,age         ] GC(450) - age   1:     400208 bytes,     400208 total
[13.206s][info ][gc,heap        ] GC(450) DefNew: 140294K(157376K)->390K(157376K) Eden: 139904K(139904K)->0K(139904K) From: 390K(17472K)->390K(17472K)
[13.206s][info ][gc,heap        ] GC(450) Tenured: 3958K(349568K)->3958K(349568K)
[13.206s][info ][gc,metaspace   ] GC(450) Metaspace: 9874K(10112K)->9874K(10112K) NonClass: 8745K(8832K)->8745K(8832K) Class: 1128K(1280K)->1128K(1280K)
[13.206s][info ][gc             ] GC(450) Pause Young (Allocation Failure) 140M->4M(495M) 0.162ms
[13.206s][info ][gc,cpu         ] GC(450) User=0.00s Sys=0.00s Real=0.00s
[13.216s][info ][gc,start       ] GC(451) Pause Young (Allocation Failure)
[13.216s][debug][gc,age         ] GC(451) Desired survivor size 8945664 bytes, new threshold 15 (max threshold 15)
[13.216s][trace][gc,age         ] GC(451) Age table with threshold 15 (max threshold 15)
[13.216s][trace][gc,age         ] GC(451) - age   1:     400208 bytes,     400208 total
[13.216s][info ][gc,heap        ] GC(451) DefNew: 140294K(157376K)->390K(157376K) Eden: 139904K(139904K)->0K(139904K) From: 390K(17472K)->390K(17472K)
[13.216s][info ][gc,heap        ] GC(451) Tenured: 3958K(349568K)->3958K(349568K)
[13.216s][info ][gc,metaspace   ] GC(451) Metaspace: 9874K(10112K)->9874K(10112K) NonClass: 8745K(8832K)->8745K(8832K) Class: 1128K(1280K)->1128K(1280K)
[13.216s][info ][gc             ] GC(451) Pause Young (Allocation Failure) 140M->4M(495M) 0.166ms
[13.216s][info ][gc,cpu         ] GC(451) User=0.00s Sys=0.00s Real=0.00s
[13.226s][info ][gc,start       ] GC(452) Pause Young (Allocation Failure)
[13.226s][debug][gc,age         ] GC(452) Desired survivor size 8945664 bytes, new threshold 15 (max threshold 15)
[13.226s][trace][gc,age         ] GC(452) Age table with threshold 15 (max threshold 15)
[13.226s][trace][gc,age         ] GC(452) - age   1:     400208 bytes,     400208 total
[13.226s][info ][gc,heap        ] GC(452) DefNew: 140294K(157376K)->390K(157376K) Eden: 139904K(139904K)->0K(139904K) From: 390K(17472K)->390K(17472K)
[13.226s][info ][gc,heap        ] GC(452) Tenured: 3958K(349568K)->3958K(349568K)
[13.226s][info ][gc,metaspace   ] GC(452) Metaspace: 9874K(10112K)->9874K(10112K) NonClass: 8745K(8832K)->8745K(8832K) Class: 1128K(1280K)->1128K(1280K)
[13.226s][info ][gc             ] GC(452) Pause Young (Allocation Failure) 140M->4M(495M) 0.157ms
[13.226s][info ][gc,cpu         ] GC(452) User=0.00s Sys=0.00s Real=0.00s
[13.236s][info ][gc,start       ] GC(453) Pause Young (Allocation Failure)
[13.236s][debug][gc,age         ] GC(453) Desired survivor size 8945664 bytes, new threshold 15 (max threshold 15)
[13.236s][trace][gc,age         ] GC(453) Age table with threshold 15 (max threshold 15)
[13.236s][trace][gc,age         ] GC(453) - age   1:     400208 bytes,     400208 total
[13.236s][info ][gc,heap        ] GC(453) DefNew: 140294K(157376K)->390K(157376K) Eden: 139904K(139904K)->0K(139904K) From: 390K(17472K)->390K(17472K)
[13.236s][info ][gc,heap        ] GC(453) Tenured: 3958K(349568K)->3958K(349568K)
[13.236s][info ][gc,metaspace   ] GC(453) Metaspace: 9874K(10112K)->9874K(10112K) NonClass: 8745K(8832K)->8745K(8832K) Class: 1128K(1280K)->1128K(1280K)
[13.237s][info ][gc             ] GC(453) Pause Young (Allocation Failure) 140M->4M(495M) 0.156ms
[13.237s][info ][gc,cpu         ] GC(453) User=0.00s Sys=0.00s Real=0.00s
[13.247s][info ][gc,start       ] GC(454) Pause Young (Allocation Failure)
[13.247s][debug][gc,age         ] GC(454) Desired survivor size 8945664 bytes, new threshold 15 (max threshold 15)
[13.247s][trace][gc,age         ] GC(454) Age table with threshold 15 (max threshold 15)
[13.247s][trace][gc,age         ] GC(454) - age   1:     400208 bytes,     400208 total
[13.247s][info ][gc,heap        ] GC(454) DefNew: 140294K(157376K)->390K(157376K) Eden: 139904K(139904K)->0K(139904K) From: 390K(17472K)->390K(17472K)
[13.247s][info ][gc,heap        ] GC(454) Tenured: 3958K(349568K)->3958K(349568K)
[13.247s][info ][gc,metaspace   ] GC(454) Metaspace: 9874K(10112K)->9874K(10112K) NonClass: 8745K(8832K)->8745K(8832K) Class: 1128K(1280K)->1128K(1280K)
[13.247s][info ][gc             ] GC(454) Pause Young (Allocation Failure) 140M->4M(495M) 0.158ms
[13.247s][info ][gc,cpu         ] GC(454) User=0.00s Sys=0.00s Real=0.00s
[13.257s][info ][gc,start       ] GC(455) Pause Young (Allocation Failure)
[13.257s][debug][gc,age         ] GC(455) Desired survivor size 8945664 bytes, new threshold 15 (max threshold 15)
[13.257s][trace][gc,age         ] GC(455) Age table with threshold 15 (max threshold 15)
[13.257s][trace][gc,age         ] GC(455) - age   1:     400208 bytes,     400208 total
[13.257s][info ][gc,heap        ] GC(455) DefNew: 140294K(157376K)->390K(157376K) Eden: 139904K(139904K)->0K(139904K) From: 390K(17472K)->390K(17472K)
[13.257s][info ][gc,heap        ] GC(455) Tenured: 3958K(349568K)->3958K(349568K)
[13.257s][info ][gc,metaspace   ] GC(455) Metaspace: 9874K(10112K)->9874K(10112K) NonClass: 8745K(8832K)->8745K(8832K) Class: 1128K(1280K)->1128K(1280K)
[13.257s][info ][gc             ] GC(455) Pause Young (Allocation Failure) 140M->4M(495M) 0.158ms
[13.257s][info ][gc,cpu         ] GC(455) User=0.00s Sys=0.00s Real=0.00s
[13.267s][info ][gc,start       ] GC(456) Pause Young (Allocation Failure)
[13.267s][debug][gc,age         ] GC(456) Desired survivor size 8945664 bytes, new threshold 15 (max threshold 15)
[13.267s][trace][gc,age         ] GC(456) Age table with threshold 15 (max threshold 15)
[13.267s][trace][gc,age         ] GC(456) - age   1:     400208 bytes,     400208 total
[13.267s][info ][gc,heap        ] GC(456) DefNew: 140294K(157376K)->390K(157376K) Eden: 139904K(139904K)->0K(139904K) From: 390K(17472K)->390K(17472K)
[13.267s][info ][gc,heap        ] GC(456) Tenured: 3958K(349568K)->3958K(349568K)
[13.267s][info ][gc,metaspace   ] GC(456) Metaspace: 9874K(10112K)->9874K(10112K) NonClass: 8745K(8832K)->8745K(8832K) Class: 1128K(1280K)->1128K(1280K)
[13.267s][info ][gc             ] GC(456) Pause Young (Allocation Failure) 140M->4M(495M) 0.155ms
[13.267s][info ][gc,cpu         ] GC(456) User=0.00s Sys=0.00s Real=0.00s
[13.277s][info ][gc,start       ] GC(457) Pause Young (Allocation Failure)
[13.277s][debug][gc,age         ] GC(457) Desired survivor size 8945664 bytes, new threshold 15 (max threshold 15)
[13.277s][trace][gc,age         ] GC(457) Age table with threshold 15 (max threshold 15)
[13.277s][trace][gc,age         ] GC(457) - age   1:     400208 bytes,     400208 total
[13.277s][info ][gc,heap        ] GC(457) DefNew: 140294K(157376K)->390K(157376K) Eden: 139904K(139904K)->0K(139904K) From: 390K(17472K)->390K(17472K)
[13.277s][info ][gc,heap        ] GC(457) Tenured: 3958K(349568K)->3958K(349568K)
[13.277s][info ][gc,metaspace   ] GC(457) Metaspace: 9874K(10112K)->9874K(10112K) NonClass: 8745K(8832K)->8745K(8832K) Class: 1128K(1280K)->1128K(1280K)
[13.277s][info ][gc             ] GC(457) Pause Young (Allocation Failure) 140M->4M(495M) 0.162ms
[13.277s][info ][gc,cpu         ] GC(457) User=0.00s Sys=0.00s Real=0.00s
[13.287s][info ][gc,start       ] GC(458) Pause Young (Allocation Failure)
[13.287s][debug][gc,age         ] GC(458) Desired survivor size 8945664 bytes, new threshold 15 (max threshold 15)
[13.287s][trace][gc,age         ] GC(458) Age table with threshold 15 (max threshold 15)
[13.287s][trace][gc,age         ] GC(458) - age   1:     400208 bytes,     400208 total
[13.287s][info ][gc,heap        ] GC(458) DefNew: 140294K(157376K)->390K(157376K) Eden: 139904K(139904K)->0K(139904K) From: 390K(17472K)->390K(17472K)
[13.287s][info ][gc,heap        ] GC(458) Tenured: 3958K(349568K)->3958K(349568K)
[13.287s][info ][gc,metaspace   ] GC(458) Metaspace: 9874K(10112K)->9874K(10112K) NonClass: 8745K(8832K)->8745K(8832K) Class: 1128K(1280K)->1128K(1280K)
[13.287s][info ][gc             ] GC(458) Pause Young (Allocation Failure) 140M->4M(495M) 0.153ms
[13.287s][info ][gc,cpu         ] GC(458) User=0.00s Sys=0.00s Real=0.00s
[13.297s][info ][gc,start       ] GC(459) Pause Young (Allocation Failure)
[13.297s][debug][gc,age         ] GC(459) Desired survivor size 8945664 bytes, new threshold 15 (max threshold 15)
[13.297s][trace][gc,age         ] GC(459) Age table with threshold 15 (max threshold 15)
[13.297s][trace][gc,age         ] GC(459) - age   1:     400208 bytes,     400208 total
[13.297s][info ][gc,heap        ] GC(459) DefNew: 140294K(157376K)->390K(157376K) Eden: 139904K(139904K)->0K(139904K) From: 390K(17472K)->390K(17472K)
[13.297s][info ][gc,heap        ] GC(459) Tenured: 3958K(349568K)->3958K(349568K)
[13.297s][info ][gc,metaspace   ] GC(459) Metaspace: 9874K(10112K)->9874K(10112K) NonClass: 8745K(8832K)->8745K(8832K) Class: 1128K(1280K)->1128K(1280K)
[13.297s][info ][gc             ] GC(459) Pause Young (Allocation Failure) 140M->4M(495M) 0.164ms
[13.297s][info ][gc,cpu         ] GC(459) User=0.00s Sys=0.00s Real=0.00s
[13.307s][info ][gc,start       ] GC(460) Pause Young (Allocation Failure)
[13.308s][debug][gc,age         ] GC(460) Desired survivor size 8945664 bytes, new threshold 15 (max threshold 15)
[13.308s][trace][gc,age         ] GC(460) Age table with threshold 15 (max threshold 15)
[13.308s][trace][gc,age         ] GC(460) - age   1:     400208 bytes,     400208 total
[13.308s][info ][gc,heap        ] GC(460) DefNew: 140294K(157376K)->390K(157376K) Eden: 139904K(139904K)->0K(139904K) From: 390K(17472K)->390K(17472K)
[13.308s][info ][gc,heap        ] GC(460) Tenured: 3958K(349568K)->3958K(349568K)
[13.308s][info ][gc,metaspace   ] GC(460) Metaspace: 9874K(10112K)->9874K(10112K) NonClass: 8745K(8832K)->8745K(8832K) Class: 1128K(1280K)->1128K(1280K)
[13.308s][info ][gc             ] GC(460) Pause Young (Allocation Failure) 140M->4M(495M) 0.159ms
[13.308s][info ][gc,cpu         ] GC(460) User=0.00s Sys=0.00s Real=0.00s
[13.318s][info ][gc,start       ] GC(461) Pause Young (Allocation Failure)
[13.318s][debug][gc,age         ] GC(461) Desired survivor size 8945664 bytes, new threshold 15 (max threshold 15)
[13.318s][trace][gc,age         ] GC(461) Age table with threshold 15 (max threshold 15)
[13.318s][trace][gc,age         ] GC(461) - age   1:     400208 bytes,     400208 total
[13.318s][info ][gc,heap        ] GC(461) DefNew: 140294K(157376K)->390K(157376K) Eden: 139904K(139904K)->0K(139904K) From: 390K(17472K)->390K(17472K)
[13.318s][info ][gc,heap        ] GC(461) Tenured: 3958K(349568K)->3958K(349568K)
[13.318s][info ][gc,metaspace   ] GC(461) Metaspace: 9874K(10112K)->9874K(10112K) NonClass: 8745K(8832K)->8745K(8832K) Class: 1128K(1280K)->1128K(1280K)
[13.318s][info ][gc             ] GC(461) Pause Young (Allocation Failure) 140M->4M(495M) 0.159ms
[13.318s][info ][gc,cpu         ] GC(461) User=0.00s Sys=0.00s Real=0.00s
[13.328s][info ][gc,start       ] GC(462) Pause Young (Allocation Failure)
[13.328s][debug][gc,age         ] GC(462) Desired survivor size 8945664 bytes, new threshold 15 (max threshold 15)
[13.328s][trace][gc,age         ] GC(462) Age table with threshold 15 (max threshold 15)
[13.328s][trace][gc,age         ] GC(462) - age   1:     400208 bytes,     400208 total
[13.328s][info ][gc,heap        ] GC(462) DefNew: 140294K(157376K)->390K(157376K) Eden: 139904K(139904K)->0K(139904K) From: 390K(17472K)->390K(17472K)
[13.328s][info ][gc,heap        ] GC(462) Tenured: 3958K(349568K)->3958K(349568K)
[13.328s][info ][gc,metaspace   ] GC(462) Metaspace: 9874K(10112K)->9874K(10112K) NonClass: 8745K(8832K)->8745K(8832K) Class: 1128K(1280K)->1128K(1280K)
[13.328s][info ][gc             ] GC(462) Pause Young (Allocation Failure) 140M->4M(495M) 0.158ms
[13.328s][info ][gc,cpu         ] GC(462) User=0.00s Sys=0.00s Real=0.00s
[13.338s][info ][gc,start       ] GC(463) Pause Young (Allocation Failure)
[13.338s][debug][gc,age         ] GC(463) Desired survivor size 8945664 bytes, new threshold 15 (max threshold 15)
[13.338s][trace][gc,age         ] GC(463) Age table with threshold 15 (max threshold 15)
[13.338s][trace][gc,age         ] GC(463) - age   1:     400208 bytes,     400208 total
[13.338s][info ][gc,heap        ] GC(463) DefNew: 140294K(157376K)->390K(157376K) Eden: 139904K(139904K)->0K(139904K) From: 390K(17472K)->390K(17472K)
[13.338s][info ][gc,heap        ] GC(463) Tenured: 3958K(349568K)->3958K(349568K)
[13.338s][info ][gc,metaspace   ] GC(463) Metaspace: 9874K(10112K)->9874K(10112K) NonClass: 8745K(8832K)->8745K(8832K) Class: 1128K(1280K)->1128K(1280K)
[13.338s][info ][gc             ] GC(463) Pause Young (Allocation Failure) 140M->4M(495M) 0.159ms
[13.338s][info ][gc,cpu         ] GC(463) User=0.00s Sys=0.00s Real=0.00s
[13.348s][info ][gc,start       ] GC(464) Pause Young (Allocation Failure)
[13.348s][debug][gc,age         ] GC(464) Desired survivor size 8945664 bytes, new threshold 15 (max threshold 15)
[13.348s][trace][gc,age         ] GC(464) Age table with threshold 15 (max threshold 15)
[13.348s][trace][gc,age         ] GC(464) - age   1:     400208 bytes,     400208 total
[13.348s][info ][gc,heap        ] GC(464) DefNew: 140294K(157376K)->390K(157376K) Eden: 139904K(139904K)->0K(139904K) From: 390K(17472K)->390K(17472K)
[13.348s][info ][gc,heap        ] GC(464) Tenured: 3958K(349568K)->3958K(349568K)
[13.348s][info ][gc,metaspace   ] GC(464) Metaspace: 9874K(10112K)->9874K(10112K) NonClass: 8745K(8832K)->8745K(8832K) Class: 1128K(1280K)->1128K(1280K)
[13.348s][info ][gc             ] GC(464) Pause Young (Allocation Failure) 140M->4M(495M) 0.161ms
[13.348s][info ][gc,cpu         ] GC(464) User=0.00s Sys=0.00s Real=0.00s
[13.358s][info ][gc,start       ] GC(465) Pause Young (Allocation Failure)
[13.358s][debug][gc,age         ] GC(465) Desired survivor size 8945664 bytes, new threshold 15 (max threshold 15)
[13.358s][trace][gc,age         ] GC(465) Age table with threshold 15 (max threshold 15)
[13.358s][trace][gc,age         ] GC(465) - age   1:     400208 bytes,     400208 total
[13.358s][info ][gc,heap        ] GC(465) DefNew: 140294K(157376K)->390K(157376K) Eden: 139904K(139904K)->0K(139904K) From: 390K(17472K)->390K(17472K)
[13.358s][info ][gc,heap        ] GC(465) Tenured: 3958K(349568K)->3958K(349568K)
[13.358s][info ][gc,metaspace   ] GC(465) Metaspace: 9874K(10112K)->9874K(10112K) NonClass: 8745K(8832K)->8745K(8832K) Class: 1128K(1280K)->1128K(1280K)
[13.358s][info ][gc             ] GC(465) Pause Young (Allocation Failure) 140M->4M(495M) 0.157ms
[13.358s][info ][gc,cpu         ] GC(465) User=0.00s Sys=0.00s Real=0.00s
[13.368s][info ][gc,start       ] GC(466) Pause Young (Allocation Failure)
[13.369s][debug][gc,age         ] GC(466) Desired survivor size 8945664 bytes, new threshold 15 (max threshold 15)
[13.369s][trace][gc,age         ] GC(466) Age table with threshold 15 (max threshold 15)
[13.369s][trace][gc,age         ] GC(466) - age   1:     400208 bytes,     400208 total
[13.369s][info ][gc,heap        ] GC(466) DefNew: 140294K(157376K)->390K(157376K) Eden: 139904K(139904K)->0K(139904K) From: 390K(17472K)->390K(17472K)
[13.369s][info ][gc,heap        ] GC(466) Tenured: 3958K(349568K)->3958K(349568K)
[13.369s][info ][gc,metaspace   ] GC(466) Metaspace: 9874K(10112K)->9874K(10112K) NonClass: 8745K(8832K)->8745K(8832K) Class: 1128K(1280K)->1128K(1280K)
[13.369s][info ][gc             ] GC(466) Pause Young (Allocation Failure) 140M->4M(495M) 0.165ms
[13.369s][info ][gc,cpu         ] GC(466) User=0.00s Sys=0.00s Real=0.00s
[13.379s][info ][gc,start       ] GC(467) Pause Young (Allocation Failure)
[13.379s][debug][gc,age         ] GC(467) Desired survivor size 8945664 bytes, new threshold 15 (max threshold 15)
[13.379s][trace][gc,age         ] GC(467) Age table with threshold 15 (max threshold 15)
[13.379s][trace][gc,age         ] GC(467) - age   1:     400208 bytes,     400208 total
[13.379s][info ][gc,heap        ] GC(467) DefNew: 140294K(157376K)->390K(157376K) Eden: 139904K(139904K)->0K(139904K) From: 390K(17472K)->390K(17472K)
[13.379s][info ][gc,heap        ] GC(467) Tenured: 3958K(349568K)->3958K(349568K)
[13.379s][info ][gc,metaspace   ] GC(467) Metaspace: 9874K(10112K)->9874K(10112K) NonClass: 8745K(8832K)->8745K(8832K) Class: 1128K(1280K)->1128K(1280K)
[13.379s][info ][gc             ] GC(467) Pause Young (Allocation Failure) 140M->4M(495M) 0.156ms
[13.379s][info ][gc,cpu         ] GC(467) User=0.00s Sys=0.00s Real=0.00s
[13.389s][info ][gc,start       ] GC(468) Pause Young (Allocation Failure)
[13.389s][debug][gc,age         ] GC(468) Desired survivor size 8945664 bytes, new threshold 15 (max threshold 15)
[13.389s][trace][gc,age         ] GC(468) Age table with threshold 15 (max threshold 15)
[13.389s][trace][gc,age         ] GC(468) - age   1:     400208 bytes,     400208 total
[13.389s][info ][gc,heap        ] GC(468) DefNew: 140294K(157376K)->390K(157376K) Eden: 139904K(139904K)->0K(139904K) From: 390K(17472K)->390K(17472K)
[13.389s][info ][gc,heap        ] GC(468) Tenured: 3958K(349568K)->3958K(349568K)
[13.389s][info ][gc,metaspace   ] GC(468) Metaspace: 9874K(10112K)->9874K(10112K) NonClass: 8745K(8832K)->8745K(8832K) Class: 1128K(1280K)->1128K(1280K)
[13.389s][info ][gc             ] GC(468) Pause Young (Allocation Failure) 140M->4M(495M) 0.158ms
[13.389s][info ][gc,cpu         ] GC(468) User=0.00s Sys=0.00s Real=0.00s
[13.399s][info ][gc,start       ] GC(469) Pause Young (Allocation Failure)
[13.399s][debug][gc,age         ] GC(469) Desired survivor size 8945664 bytes, new threshold 15 (max threshold 15)
[13.399s][trace][gc,age         ] GC(469) Age table with threshold 15 (max threshold 15)
[13.399s][trace][gc,age         ] GC(469) - age   1:     400208 bytes,     400208 total
[13.399s][info ][gc,heap        ] GC(469) DefNew: 140294K(157376K)->390K(157376K) Eden: 139904K(139904K)->0K(139904K) From: 390K(17472K)->390K(17472K)
[13.399s][info ][gc,heap        ] GC(469) Tenured: 3958K(349568K)->3958K(349568K)
[13.399s][info ][gc,metaspace   ] GC(469) Metaspace: 9874K(10112K)->9874K(10112K) NonClass: 8745K(8832K)->8745K(8832K) Class: 1128K(1280K)->1128K(1280K)
[13.399s][info ][gc             ] GC(469) Pause Young (Allocation Failure) 140M->4M(495M) 0.156ms
[13.399s][info ][gc,cpu         ] GC(469) User=0.00s Sys=0.00s Real=0.00s
[13.409s][info ][gc,start       ] GC(470) Pause Young (Allocation Failure)
[13.409s][debug][gc,age         ] GC(470) Desired survivor size 8945664 bytes, new threshold 15 (max threshold 15)
[13.409s][trace][gc,age         ] GC(470) Age table with threshold 15 (max threshold 15)
[13.409s][trace][gc,age         ] GC(470) - age   1:     400208 bytes,     400208 total
[13.409s][info ][gc,heap        ] GC(470) DefNew: 140294K(157376K)->390K(157376K) Eden: 139904K(139904K)->0K(139904K) From: 390K(17472K)->390K(17472K)
[13.409s][info ][gc,heap        ] GC(470) Tenured: 3958K(349568K)->3958K(349568K)
[13.409s][info ][gc,metaspace   ] GC(470) Metaspace: 9874K(10112K)->9874K(10112K) NonClass: 8745K(8832K)->8745K(8832K) Class: 1128K(1280K)->1128K(1280K)
[13.409s][info ][gc             ] GC(470) Pause Young (Allocation Failure) 140M->4M(495M) 0.169ms
[13.409s][info ][gc,cpu         ] GC(470) User=0.00s Sys=0.00s Real=0.00s
[13.419s][info ][gc,start       ] GC(471) Pause Young (Allocation Failure)
[13.419s][debug][gc,age         ] GC(471) Desired survivor size 8945664 bytes, new threshold 15 (max threshold 15)
[13.419s][trace][gc,age         ] GC(471) Age table with threshold 15 (max threshold 15)
[13.419s][trace][gc,age         ] GC(471) - age   1:     400208 bytes,     400208 total
[13.419s][info ][gc,heap        ] GC(471) DefNew: 140294K(157376K)->390K(157376K) Eden: 139904K(139904K)->0K(139904K) From: 390K(17472K)->390K(17472K)
[13.419s][info ][gc,heap        ] GC(471) Tenured: 3958K(349568K)->3958K(349568K)
[13.419s][info ][gc,metaspace   ] GC(471) Metaspace: 9874K(10112K)->9874K(10112K) NonClass: 8745K(8832K)->8745K(8832K) Class: 1128K(1280K)->1128K(1280K)
[13.419s][info ][gc             ] GC(471) Pause Young (Allocation Failure) 140M->4M(495M) 0.159ms
[13.419s][info ][gc,cpu         ] GC(471) User=0.00s Sys=0.00s Real=0.00s
[13.430s][info ][gc,start       ] GC(472) Pause Young (Allocation Failure)
[13.430s][debug][gc,age         ] GC(472) Desired survivor size 8945664 bytes, new threshold 15 (max threshold 15)
[13.430s][trace][gc,age         ] GC(472) Age table with threshold 15 (max threshold 15)
[13.430s][trace][gc,age         ] GC(472) - age   1:     400208 bytes,     400208 total
[13.430s][info ][gc,heap        ] GC(472) DefNew: 140294K(157376K)->390K(157376K) Eden: 139904K(139904K)->0K(139904K) From: 390K(17472K)->390K(17472K)
[13.430s][info ][gc,heap        ] GC(472) Tenured: 3958K(349568K)->3958K(349568K)
[13.430s][info ][gc,metaspace   ] GC(472) Metaspace: 9874K(10112K)->9874K(10112K) NonClass: 8745K(8832K)->8745K(8832K) Class: 1128K(1280K)->1128K(1280K)
[13.430s][info ][gc             ] GC(472) Pause Young (Allocation Failure) 140M->4M(495M) 0.159ms
[13.430s][info ][gc,cpu         ] GC(472) User=0.00s Sys=0.00s Real=0.00s
[13.440s][info ][gc,start       ] GC(473) Pause Young (Allocation Failure)
[13.440s][debug][gc,age         ] GC(473) Desired survivor size 8945664 bytes, new threshold 15 (max threshold 15)
[13.440s][trace][gc,age         ] GC(473) Age table with threshold 15 (max threshold 15)
[13.440s][trace][gc,age         ] GC(473) - age   1:     400208 bytes,     400208 total
[13.440s][info ][gc,heap        ] GC(473) DefNew: 140294K(157376K)->390K(157376K) Eden: 139904K(139904K)->0K(139904K) From: 390K(17472K)->390K(17472K)
[13.440s][info ][gc,heap        ] GC(473) Tenured: 3958K(349568K)->3958K(349568K)
[13.440s][info ][gc,metaspace   ] GC(473) Metaspace: 9874K(10112K)->9874K(10112K) NonClass: 8745K(8832K)->8745K(8832K) Class: 1128K(1280K)->1128K(1280K)
[13.440s][info ][gc             ] GC(473) Pause Young (Allocation Failure) 140M->4M(495M) 0.163ms
[13.440s][info ][gc,cpu         ] GC(473) User=0.00s Sys=0.00s Real=0.00s
[13.450s][info ][gc,start       ] GC(474) Pause Young (Allocation Failure)
[13.450s][debug][gc,age         ] GC(474) Desired survivor size 8945664 bytes, new threshold 15 (max threshold 15)
[13.450s][trace][gc,age         ] GC(474) Age table with threshold 15 (max threshold 15)
[13.450s][trace][gc,age         ] GC(474) - age   1:     400208 bytes,     400208 total
[13.450s][info ][gc,heap        ] GC(474) DefNew: 140294K(157376K)->390K(157376K) Eden: 139904K(139904K)->0K(139904K) From: 390K(17472K)->390K(17472K)
[13.450s][info ][gc,heap        ] GC(474) Tenured: 3958K(349568K)->3958K(349568K)
[13.450s][info ][gc,metaspace   ] GC(474) Metaspace: 9874K(10112K)->9874K(10112K) NonClass: 8745K(8832K)->8745K(8832K) Class: 1128K(1280K)->1128K(1280K)
[13.450s][info ][gc             ] GC(474) Pause Young (Allocation Failure) 140M->4M(495M) 0.155ms
[13.450s][info ][gc,cpu         ] GC(474) User=0.00s Sys=0.00s Real=0.00s
[13.460s][info ][gc,start       ] GC(475) Pause Young (Allocation Failure)
[13.460s][debug][gc,age         ] GC(475) Desired survivor size 8945664 bytes, new threshold 15 (max threshold 15)
[13.460s][trace][gc,age         ] GC(475) Age table with threshold 15 (max threshold 15)
[13.461s][trace][gc,age         ] GC(475) - age   1:     400208 bytes,     400208 total
[13.461s][info ][gc,heap        ] GC(475) DefNew: 140294K(157376K)->390K(157376K) Eden: 139904K(139904K)->0K(139904K) From: 390K(17472K)->390K(17472K)
[13.461s][info ][gc,heap        ] GC(475) Tenured: 3958K(349568K)->3958K(349568K)
[13.461s][info ][gc,metaspace   ] GC(475) Metaspace: 9874K(10112K)->9874K(10112K) NonClass: 8745K(8832K)->8745K(8832K) Class: 1128K(1280K)->1128K(1280K)
[13.461s][info ][gc             ] GC(475) Pause Young (Allocation Failure) 140M->4M(495M) 0.161ms
[13.461s][info ][gc,cpu         ] GC(475) User=0.00s Sys=0.00s Real=0.00s
[13.471s][info ][gc,start       ] GC(476) Pause Young (Allocation Failure)
[13.471s][debug][gc,age         ] GC(476) Desired survivor size 8945664 bytes, new threshold 15 (max threshold 15)
[13.471s][trace][gc,age         ] GC(476) Age table with threshold 15 (max threshold 15)
[13.471s][trace][gc,age         ] GC(476) - age   1:     400208 bytes,     400208 total
[13.471s][info ][gc,heap        ] GC(476) DefNew: 140294K(157376K)->390K(157376K) Eden: 139904K(139904K)->0K(139904K) From: 390K(17472K)->390K(17472K)
[13.471s][info ][gc,heap        ] GC(476) Tenured: 3958K(349568K)->3958K(349568K)
[13.471s][info ][gc,metaspace   ] GC(476) Metaspace: 9874K(10112K)->9874K(10112K) NonClass: 8745K(8832K)->8745K(8832K) Class: 1128K(1280K)->1128K(1280K)
[13.471s][info ][gc             ] GC(476) Pause Young (Allocation Failure) 140M->4M(495M) 0.164ms
[13.471s][info ][gc,cpu         ] GC(476) User=0.00s Sys=0.00s Real=0.00s
[13.481s][info ][gc,start       ] GC(477) Pause Young (Allocation Failure)
[13.481s][debug][gc,age         ] GC(477) Desired survivor size 8945664 bytes, new threshold 15 (max threshold 15)
[13.481s][trace][gc,age         ] GC(477) Age table with threshold 15 (max threshold 15)
[13.481s][trace][gc,age         ] GC(477) - age   1:     400208 bytes,     400208 total
[13.481s][info ][gc,heap        ] GC(477) DefNew: 140294K(157376K)->390K(157376K) Eden: 139904K(139904K)->0K(139904K) From: 390K(17472K)->390K(17472K)
[13.481s][info ][gc,heap        ] GC(477) Tenured: 3958K(349568K)->3958K(349568K)
[13.481s][info ][gc,metaspace   ] GC(477) Metaspace: 9874K(10112K)->9874K(10112K) NonClass: 8745K(8832K)->8745K(8832K) Class: 1128K(1280K)->1128K(1280K)
[13.481s][info ][gc             ] GC(477) Pause Young (Allocation Failure) 140M->4M(495M) 0.163ms
[13.481s][info ][gc,cpu         ] GC(477) User=0.00s Sys=0.00s Real=0.00s
[13.491s][info ][gc,start       ] GC(478) Pause Young (Allocation Failure)
[13.491s][debug][gc,age         ] GC(478) Desired survivor size 8945664 bytes, new threshold 15 (max threshold 15)
[13.491s][trace][gc,age         ] GC(478) Age table with threshold 15 (max threshold 15)
[13.491s][trace][gc,age         ] GC(478) - age   1:     400208 bytes,     400208 total
[13.491s][info ][gc,heap        ] GC(478) DefNew: 140294K(157376K)->390K(157376K) Eden: 139904K(139904K)->0K(139904K) From: 390K(17472K)->390K(17472K)
[13.491s][info ][gc,heap        ] GC(478) Tenured: 3958K(349568K)->3958K(349568K)
[13.491s][info ][gc,metaspace   ] GC(478) Metaspace: 9874K(10112K)->9874K(10112K) NonClass: 8745K(8832K)->8745K(8832K) Class: 1128K(1280K)->1128K(1280K)
[13.491s][info ][gc             ] GC(478) Pause Young (Allocation Failure) 140M->4M(495M) 0.158ms
[13.491s][info ][gc,cpu         ] GC(478) User=0.00s Sys=0.00s Real=0.00s
[13.501s][info ][gc,start       ] GC(479) Pause Young (Allocation Failure)
[13.501s][debug][gc,age         ] GC(479) Desired survivor size 8945664 bytes, new threshold 15 (max threshold 15)
[13.501s][trace][gc,age         ] GC(479) Age table with threshold 15 (max threshold 15)
[13.501s][trace][gc,age         ] GC(479) - age   1:     400208 bytes,     400208 total
[13.502s][info ][gc,heap        ] GC(479) DefNew: 140294K(157376K)->390K(157376K) Eden: 139904K(139904K)->0K(139904K) From: 390K(17472K)->390K(17472K)
[13.502s][info ][gc,heap        ] GC(479) Tenured: 3958K(349568K)->3958K(349568K)
[13.502s][info ][gc,metaspace   ] GC(479) Metaspace: 9874K(10112K)->9874K(10112K) NonClass: 8745K(8832K)->8745K(8832K) Class: 1128K(1280K)->1128K(1280K)
[13.502s][info ][gc             ] GC(479) Pause Young (Allocation Failure) 140M->4M(495M) 0.163ms
[13.502s][info ][gc,cpu         ] GC(479) User=0.00s Sys=0.00s Real=0.00s
[13.512s][info ][gc,start       ] GC(480) Pause Young (Allocation Failure)
[13.512s][debug][gc,age         ] GC(480) Desired survivor size 8945664 bytes, new threshold 15 (max threshold 15)
[13.512s][trace][gc,age         ] GC(480) Age table with threshold 15 (max threshold 15)
[13.512s][trace][gc,age         ] GC(480) - age   1:     400208 bytes,     400208 total
[13.512s][info ][gc,heap        ] GC(480) DefNew: 140294K(157376K)->390K(157376K) Eden: 139904K(139904K)->0K(139904K) From: 390K(17472K)->390K(17472K)
[13.512s][info ][gc,heap        ] GC(480) Tenured: 3958K(349568K)->3958K(349568K)
[13.512s][info ][gc,metaspace   ] GC(480) Metaspace: 9874K(10112K)->9874K(10112K) NonClass: 8745K(8832K)->8745K(8832K) Class: 1128K(1280K)->1128K(1280K)
[13.512s][info ][gc             ] GC(480) Pause Young (Allocation Failure) 140M->4M(495M) 0.159ms
[13.512s][info ][gc,cpu         ] GC(480) User=0.00s Sys=0.00s Real=0.00s
[13.522s][info ][gc,start       ] GC(481) Pause Young (Allocation Failure)
[13.522s][debug][gc,age         ] GC(481) Desired survivor size 8945664 bytes, new threshold 15 (max threshold 15)
[13.522s][trace][gc,age         ] GC(481) Age table with threshold 15 (max threshold 15)
[13.522s][trace][gc,age         ] GC(481) - age   1:     400208 bytes,     400208 total
[13.522s][info ][gc,heap        ] GC(481) DefNew: 140294K(157376K)->390K(157376K) Eden: 139904K(139904K)->0K(139904K) From: 390K(17472K)->390K(17472K)
[13.522s][info ][gc,heap        ] GC(481) Tenured: 3958K(349568K)->3958K(349568K)
[13.522s][info ][gc,metaspace   ] GC(481) Metaspace: 9874K(10112K)->9874K(10112K) NonClass: 8745K(8832K)->8745K(8832K) Class: 1128K(1280K)->1128K(1280K)
[13.522s][info ][gc             ] GC(481) Pause Young (Allocation Failure) 140M->4M(495M) 0.160ms
[13.522s][info ][gc,cpu         ] GC(481) User=0.00s Sys=0.00s Real=0.00s
[13.532s][info ][gc,start       ] GC(482) Pause Young (Allocation Failure)
[13.532s][debug][gc,age         ] GC(482) Desired survivor size 8945664 bytes, new threshold 15 (max threshold 15)
[13.532s][trace][gc,age         ] GC(482) Age table with threshold 15 (max threshold 15)
[13.532s][trace][gc,age         ] GC(482) - age   1:     400208 bytes,     400208 total
[13.532s][info ][gc,heap        ] GC(482) DefNew: 140294K(157376K)->390K(157376K) Eden: 139904K(139904K)->0K(139904K) From: 390K(17472K)->390K(17472K)
[13.532s][info ][gc,heap        ] GC(482) Tenured: 3958K(349568K)->3958K(349568K)
[13.532s][info ][gc,metaspace   ] GC(482) Metaspace: 9874K(10112K)->9874K(10112K) NonClass: 8745K(8832K)->8745K(8832K) Class: 1128K(1280K)->1128K(1280K)
[13.532s][info ][gc             ] GC(482) Pause Young (Allocation Failure) 140M->4M(495M) 0.156ms
[13.532s][info ][gc,cpu         ] GC(482) User=0.00s Sys=0.00s Real=0.00s
[13.542s][info ][gc,start       ] GC(483) Pause Young (Allocation Failure)
[13.543s][debug][gc,age         ] GC(483) Desired survivor size 8945664 bytes, new threshold 15 (max threshold 15)
[13.543s][trace][gc,age         ] GC(483) Age table with threshold 15 (max threshold 15)
[13.543s][trace][gc,age         ] GC(483) - age   1:     400208 bytes,     400208 total
[13.543s][info ][gc,heap        ] GC(483) DefNew: 140294K(157376K)->390K(157376K) Eden: 139904K(139904K)->0K(139904K) From: 390K(17472K)->390K(17472K)
[13.543s][info ][gc,heap        ] GC(483) Tenured: 3958K(349568K)->3958K(349568K)
[13.543s][info ][gc,metaspace   ] GC(483) Metaspace: 9874K(10112K)->9874K(10112K) NonClass: 8745K(8832K)->8745K(8832K) Class: 1128K(1280K)->1128K(1280K)
[13.543s][info ][gc             ] GC(483) Pause Young (Allocation Failure) 140M->4M(495M) 0.161ms
[13.543s][info ][gc,cpu         ] GC(483) User=0.00s Sys=0.00s Real=0.00s
[13.553s][info ][gc,start       ] GC(484) Pause Young (Allocation Failure)
[13.553s][debug][gc,age         ] GC(484) Desired survivor size 8945664 bytes, new threshold 15 (max threshold 15)
[13.553s][trace][gc,age         ] GC(484) Age table with threshold 15 (max threshold 15)
[13.553s][trace][gc,age         ] GC(484) - age   1:     400208 bytes,     400208 total
[13.553s][info ][gc,heap        ] GC(484) DefNew: 140294K(157376K)->390K(157376K) Eden: 139904K(139904K)->0K(139904K) From: 390K(17472K)->390K(17472K)
[13.553s][info ][gc,heap        ] GC(484) Tenured: 3958K(349568K)->3958K(349568K)
[13.553s][info ][gc,metaspace   ] GC(484) Metaspace: 9874K(10112K)->9874K(10112K) NonClass: 8745K(8832K)->8745K(8832K) Class: 1128K(1280K)->1128K(1280K)
[13.553s][info ][gc             ] GC(484) Pause Young (Allocation Failure) 140M->4M(495M) 0.156ms
[13.553s][info ][gc,cpu         ] GC(484) User=0.00s Sys=0.00s Real=0.00s
[13.563s][info ][gc,start       ] GC(485) Pause Young (Allocation Failure)
[13.563s][debug][gc,age         ] GC(485) Desired survivor size 8945664 bytes, new threshold 15 (max threshold 15)
[13.563s][trace][gc,age         ] GC(485) Age table with threshold 15 (max threshold 15)
[13.563s][trace][gc,age         ] GC(485) - age   1:     400208 bytes,     400208 total
[13.563s][info ][gc,heap        ] GC(485) DefNew: 140294K(157376K)->390K(157376K) Eden: 139904K(139904K)->0K(139904K) From: 390K(17472K)->390K(17472K)
[13.563s][info ][gc,heap        ] GC(485) Tenured: 3958K(349568K)->3958K(349568K)
[13.563s][info ][gc,metaspace   ] GC(485) Metaspace: 9874K(10112K)->9874K(10112K) NonClass: 8745K(8832K)->8745K(8832K) Class: 1128K(1280K)->1128K(1280K)
[13.563s][info ][gc             ] GC(485) Pause Young (Allocation Failure) 140M->4M(495M) 0.156ms
[13.563s][info ][gc,cpu         ] GC(485) User=0.00s Sys=0.00s Real=0.00s
[13.573s][info ][gc,start       ] GC(486) Pause Young (Allocation Failure)
[13.573s][debug][gc,age         ] GC(486) Desired survivor size 8945664 bytes, new threshold 15 (max threshold 15)
[13.573s][trace][gc,age         ] GC(486) Age table with threshold 15 (max threshold 15)
[13.573s][trace][gc,age         ] GC(486) - age   1:     400208 bytes,     400208 total
[13.573s][info ][gc,heap        ] GC(486) DefNew: 140294K(157376K)->390K(157376K) Eden: 139904K(139904K)->0K(139904K) From: 390K(17472K)->390K(17472K)
[13.573s][info ][gc,heap        ] GC(486) Tenured: 3958K(349568K)->3958K(349568K)
[13.573s][info ][gc,metaspace   ] GC(486) Metaspace: 9874K(10112K)->9874K(10112K) NonClass: 8745K(8832K)->8745K(8832K) Class: 1128K(1280K)->1128K(1280K)
[13.573s][info ][gc             ] GC(486) Pause Young (Allocation Failure) 140M->4M(495M) 0.157ms
[13.573s][info ][gc,cpu         ] GC(486) User=0.00s Sys=0.00s Real=0.00s
[13.583s][info ][gc,start       ] GC(487) Pause Young (Allocation Failure)
[13.583s][debug][gc,age         ] GC(487) Desired survivor size 8945664 bytes, new threshold 15 (max threshold 15)
[13.583s][trace][gc,age         ] GC(487) Age table with threshold 15 (max threshold 15)
[13.583s][trace][gc,age         ] GC(487) - age   1:     400208 bytes,     400208 total
[13.583s][info ][gc,heap        ] GC(487) DefNew: 140294K(157376K)->390K(157376K) Eden: 139904K(139904K)->0K(139904K) From: 390K(17472K)->390K(17472K)
[13.583s][info ][gc,heap        ] GC(487) Tenured: 3958K(349568K)->3958K(349568K)
[13.583s][info ][gc,metaspace   ] GC(487) Metaspace: 9874K(10112K)->9874K(10112K) NonClass: 8745K(8832K)->8745K(8832K) Class: 1128K(1280K)->1128K(1280K)
[13.583s][info ][gc             ] GC(487) Pause Young (Allocation Failure) 140M->4M(495M) 0.158ms
[13.583s][info ][gc,cpu         ] GC(487) User=0.00s Sys=0.00s Real=0.00s
[13.594s][info ][gc,start       ] GC(488) Pause Young (Allocation Failure)
[13.594s][debug][gc,age         ] GC(488) Desired survivor size 8945664 bytes, new threshold 15 (max threshold 15)
[13.594s][trace][gc,age         ] GC(488) Age table with threshold 15 (max threshold 15)
[13.594s][trace][gc,age         ] GC(488) - age   1:     400208 bytes,     400208 total
[13.594s][info ][gc,heap        ] GC(488) DefNew: 140294K(157376K)->390K(157376K) Eden: 139904K(139904K)->0K(139904K) From: 390K(17472K)->390K(17472K)
[13.594s][info ][gc,heap        ] GC(488) Tenured: 3958K(349568K)->3958K(349568K)
[13.594s][info ][gc,metaspace   ] GC(488) Metaspace: 9874K(10112K)->9874K(10112K) NonClass: 8745K(8832K)->8745K(8832K) Class: 1128K(1280K)->1128K(1280K)
[13.594s][info ][gc             ] GC(488) Pause Young (Allocation Failure) 140M->4M(495M) 0.171ms
[13.594s][info ][gc,cpu         ] GC(488) User=0.00s Sys=0.00s Real=0.00s
[13.604s][info ][gc,start       ] GC(489) Pause Young (Allocation Failure)
[13.604s][debug][gc,age         ] GC(489) Desired survivor size 8945664 bytes, new threshold 15 (max threshold 15)
[13.604s][trace][gc,age         ] GC(489) Age table with threshold 15 (max threshold 15)
[13.604s][trace][gc,age         ] GC(489) - age   1:     400208 bytes,     400208 total
[13.604s][info ][gc,heap        ] GC(489) DefNew: 140294K(157376K)->390K(157376K) Eden: 139904K(139904K)->0K(139904K) From: 390K(17472K)->390K(17472K)
[13.604s][info ][gc,heap        ] GC(489) Tenured: 3958K(349568K)->3958K(349568K)
[13.604s][info ][gc,metaspace   ] GC(489) Metaspace: 9874K(10112K)->9874K(10112K) NonClass: 8745K(8832K)->8745K(8832K) Class: 1128K(1280K)->1128K(1280K)
[13.604s][info ][gc             ] GC(489) Pause Young (Allocation Failure) 140M->4M(495M) 0.156ms
[13.604s][info ][gc,cpu         ] GC(489) User=0.00s Sys=0.00s Real=0.00s
[13.614s][info ][gc,start       ] GC(490) Pause Young (Allocation Failure)
[13.614s][debug][gc,age         ] GC(490) Desired survivor size 8945664 bytes, new threshold 15 (max threshold 15)
[13.614s][trace][gc,age         ] GC(490) Age table with threshold 15 (max threshold 15)
[13.614s][trace][gc,age         ] GC(490) - age   1:        192 bytes,        192 total
[13.614s][info ][gc,heap        ] GC(490) DefNew: 140266K(157376K)->0K(157376K) Eden: 139875K(139904K)->0K(139904K) From: 390K(17472K)->0K(17472K)
[13.614s][info ][gc,heap        ] GC(490) Tenured: 3958K(349568K)->3958K(349568K)
[13.614s][info ][gc,metaspace   ] GC(490) Metaspace: 9874K(10112K)->9874K(10112K) NonClass: 8745K(8832K)->8745K(8832K) Class: 1128K(1280K)->1128K(1280K)
[13.614s][info ][gc             ] GC(490) Pause Young (Allocation Failure) 140M->3M(495M) 0.165ms
[13.614s][info ][gc,cpu         ] GC(490) User=0.00s Sys=0.00s Real=0.00s
[13.624s][info ][gc,start       ] GC(491) Pause Young (Allocation Failure)
[13.624s][debug][gc,age         ] GC(491) Desired survivor size 8945664 bytes, new threshold 15 (max threshold 15)
[13.624s][trace][gc,age         ] GC(491) Age table with threshold 15 (max threshold 15)
[13.624s][trace][gc,age         ] GC(491) - age   1:     400208 bytes,     400208 total
[13.624s][info ][gc,heap        ] GC(491) DefNew: 139639K(157376K)->390K(157376K) Eden: 139639K(139904K)->0K(139904K) From: 0K(17472K)->390K(17472K)
[13.624s][info ][gc,heap        ] GC(491) Tenured: 3958K(349568K)->3958K(349568K)
[13.624s][info ][gc,metaspace   ] GC(491) Metaspace: 9874K(10112K)->9874K(10112K) NonClass: 8745K(8832K)->8745K(8832K) Class: 1128K(1280K)->1128K(1280K)
[13.624s][info ][gc             ] GC(491) Pause Young (Allocation Failure) 140M->4M(495M) 0.182ms
[13.624s][info ][gc,cpu         ] GC(491) User=0.00s Sys=0.00s Real=0.00s
[13.634s][info ][gc,start       ] GC(492) Pause Young (Allocation Failure)
[13.635s][debug][gc,age         ] GC(492) Desired survivor size 8945664 bytes, new threshold 15 (max threshold 15)
[13.635s][trace][gc,age         ] GC(492) Age table with threshold 15 (max threshold 15)
[13.635s][trace][gc,age         ] GC(492) - age   1:     400208 bytes,     400208 total
[13.635s][info ][gc,heap        ] GC(492) DefNew: 140010K(157376K)->390K(157376K) Eden: 139619K(139904K)->0K(139904K) From: 390K(17472K)->390K(17472K)
[13.635s][info ][gc,heap        ] GC(492) Tenured: 3958K(349568K)->3958K(349568K)
[13.635s][info ][gc,metaspace   ] GC(492) Metaspace: 9874K(10112K)->9874K(10112K) NonClass: 8745K(8832K)->8745K(8832K) Class: 1128K(1280K)->1128K(1280K)
[13.635s][info ][gc             ] GC(492) Pause Young (Allocation Failure) 140M->4M(495M) 0.202ms
[13.635s][info ][gc,cpu         ] GC(492) User=0.00s Sys=0.00s Real=0.00s
[13.645s][info ][gc,start       ] GC(493) Pause Young (Allocation Failure)
[13.645s][debug][gc,age         ] GC(493) Desired survivor size 8945664 bytes, new threshold 15 (max threshold 15)
[13.645s][trace][gc,age         ] GC(493) Age table with threshold 15 (max threshold 15)
[13.645s][trace][gc,age         ] GC(493) - age   1:        192 bytes,        192 total
[13.645s][info ][gc,heap        ] GC(493) DefNew: 140059K(157376K)->0K(157376K) Eden: 139669K(139904K)->0K(139904K) From: 390K(17472K)->0K(17472K)
[13.645s][info ][gc,heap        ] GC(493) Tenured: 3958K(349568K)->3958K(349568K)
[13.645s][info ][gc,metaspace   ] GC(493) Metaspace: 9874K(10112K)->9874K(10112K) NonClass: 8745K(8832K)->8745K(8832K) Class: 1128K(1280K)->1128K(1280K)
[13.645s][info ][gc             ] GC(493) Pause Young (Allocation Failure) 140M->3M(495M) 0.171ms
[13.645s][info ][gc,cpu         ] GC(493) User=0.00s Sys=0.00s Real=0.00s
[13.655s][info ][gc,start       ] GC(494) Pause Young (Allocation Failure)
[13.655s][debug][gc,age         ] GC(494) Desired survivor size 8945664 bytes, new threshold 15 (max threshold 15)
[13.655s][trace][gc,age         ] GC(494) Age table with threshold 15 (max threshold 15)
[13.655s][trace][gc,age         ] GC(494) - age   1:     400208 bytes,     400208 total
[13.655s][info ][gc,heap        ] GC(494) DefNew: 139904K(157376K)->390K(157376K) Eden: 139904K(139904K)->0K(139904K) From: 0K(17472K)->390K(17472K)
[13.655s][info ][gc,heap        ] GC(494) Tenured: 3958K(349568K)->3958K(349568K)
[13.655s][info ][gc,metaspace   ] GC(494) Metaspace: 9874K(10112K)->9874K(10112K) NonClass: 8745K(8832K)->8745K(8832K) Class: 1128K(1280K)->1128K(1280K)
[13.655s][info ][gc             ] GC(494) Pause Young (Allocation Failure) 140M->4M(495M) 0.177ms
[13.655s][info ][gc,cpu         ] GC(494) User=0.00s Sys=0.00s Real=0.00s
[13.666s][info ][gc,start       ] GC(495) Pause Young (Allocation Failure)
[13.666s][debug][gc,age         ] GC(495) Desired survivor size 8945664 bytes, new threshold 15 (max threshold 15)
[13.666s][trace][gc,age         ] GC(495) Age table with threshold 15 (max threshold 15)
[13.666s][trace][gc,age         ] GC(495) - age   1:        192 bytes,        192 total
[13.666s][info ][gc,heap        ] GC(495) DefNew: 140027K(157376K)->0K(157376K) Eden: 139637K(139904K)->0K(139904K) From: 390K(17472K)->0K(17472K)
[13.666s][info ][gc,heap        ] GC(495) Tenured: 3958K(349568K)->3958K(349568K)
[13.666s][info ][gc,metaspace   ] GC(495) Metaspace: 9874K(10112K)->9874K(10112K) NonClass: 8745K(8832K)->8745K(8832K) Class: 1128K(1280K)->1128K(1280K)
[13.666s][info ][gc             ] GC(495) Pause Young (Allocation Failure) 140M->3M(495M) 0.185ms
[13.666s][info ][gc,cpu         ] GC(495) User=0.00s Sys=0.00s Real=0.00s
[13.677s][info ][gc,start       ] GC(496) Pause Young (Allocation Failure)
[13.677s][debug][gc,age         ] GC(496) Desired survivor size 8945664 bytes, new threshold 15 (max threshold 15)
[13.677s][trace][gc,age         ] GC(496) Age table with threshold 15 (max threshold 15)
[13.677s][trace][gc,age         ] GC(496) - age   1:     400208 bytes,     400208 total
[13.677s][info ][gc,heap        ] GC(496) DefNew: 139729K(157376K)->390K(157376K) Eden: 139729K(139904K)->0K(139904K) From: 0K(17472K)->390K(17472K)
[13.677s][info ][gc,heap        ] GC(496) Tenured: 3958K(349568K)->3958K(349568K)
[13.677s][info ][gc,metaspace   ] GC(496) Metaspace: 9874K(10112K)->9874K(10112K) NonClass: 8745K(8832K)->8745K(8832K) Class: 1128K(1280K)->1128K(1280K)
[13.677s][info ][gc             ] GC(496) Pause Young (Allocation Failure) 140M->4M(495M) 0.169ms
[13.677s][info ][gc,cpu         ] GC(496) User=0.00s Sys=0.00s Real=0.00s
[13.687s][info ][gc,start       ] GC(497) Pause Young (Allocation Failure)
[13.687s][debug][gc,age         ] GC(497) Desired survivor size 8945664 bytes, new threshold 15 (max threshold 15)
[13.687s][trace][gc,age         ] GC(497) Age table with threshold 15 (max threshold 15)
[13.687s][trace][gc,age         ] GC(497) - age   1:        192 bytes,        192 total
[13.687s][info ][gc,heap        ] GC(497) DefNew: 140182K(157376K)->0K(157376K) Eden: 139791K(139904K)->0K(139904K) From: 390K(17472K)->0K(17472K)
[13.687s][info ][gc,heap        ] GC(497) Tenured: 3958K(349568K)->3958K(349568K)
[13.687s][info ][gc,metaspace   ] GC(497) Metaspace: 9874K(10112K)->9874K(10112K) NonClass: 8745K(8832K)->8745K(8832K) Class: 1128K(1280K)->1128K(1280K)
[13.687s][info ][gc             ] GC(497) Pause Young (Allocation Failure) 140M->3M(495M) 0.161ms
[13.687s][info ][gc,cpu         ] GC(497) User=0.00s Sys=0.00s Real=0.00s
[13.697s][info ][gc,start       ] GC(498) Pause Young (Allocation Failure)
[13.698s][debug][gc,age         ] GC(498) Desired survivor size 8945664 bytes, new threshold 15 (max threshold 15)
[13.698s][trace][gc,age         ] GC(498) Age table with threshold 15 (max threshold 15)
[13.698s][trace][gc,age         ] GC(498) - age   1:     400208 bytes,     400208 total
[13.698s][info ][gc,heap        ] GC(498) DefNew: 139832K(157376K)->390K(157376K) Eden: 139832K(139904K)->0K(139904K) From: 0K(17472K)->390K(17472K)
[13.698s][info ][gc,heap        ] GC(498) Tenured: 3958K(349568K)->3958K(349568K)
[13.698s][info ][gc,metaspace   ] GC(498) Metaspace: 9874K(10112K)->9874K(10112K) NonClass: 8745K(8832K)->8745K(8832K) Class: 1128K(1280K)->1128K(1280K)
[13.698s][info ][gc             ] GC(498) Pause Young (Allocation Failure) 140M->4M(495M) 0.203ms
[13.698s][info ][gc,cpu         ] GC(498) User=0.00s Sys=0.00s Real=0.00s
[13.708s][info ][gc,start       ] GC(499) Pause Young (Allocation Failure)
[13.708s][debug][gc,age         ] GC(499) Desired survivor size 8945664 bytes, new threshold 15 (max threshold 15)
[13.708s][trace][gc,age         ] GC(499) Age table with threshold 15 (max threshold 15)
[13.708s][trace][gc,age         ] GC(499) - age   1:     400208 bytes,     400208 total
[13.708s][info ][gc,heap        ] GC(499) DefNew: 140294K(157376K)->390K(157376K) Eden: 139904K(139904K)->0K(139904K) From: 390K(17472K)->390K(17472K)
[13.708s][info ][gc,heap        ] GC(499) Tenured: 3958K(349568K)->3958K(349568K)
[13.708s][info ][gc,metaspace   ] GC(499) Metaspace: 9874K(10112K)->9874K(10112K) NonClass: 8745K(8832K)->8745K(8832K) Class: 1128K(1280K)->1128K(1280K)
[13.708s][info ][gc             ] GC(499) Pause Young (Allocation Failure) 140M->4M(495M) 0.187ms
[13.708s][info ][gc,cpu         ] GC(499) User=0.00s Sys=0.00s Real=0.00s
[13.718s][info ][gc,start       ] GC(500) Pause Young (Allocation Failure)
[13.719s][debug][gc,age         ] GC(500) Desired survivor size 8945664 bytes, new threshold 15 (max threshold 15)
[13.719s][trace][gc,age         ] GC(500) Age table with threshold 15 (max threshold 15)
[13.719s][trace][gc,age         ] GC(500) - age   1:        192 bytes,        192 total
[13.719s][info ][gc,heap        ] GC(500) DefNew: 140294K(157376K)->0K(157376K) Eden: 139904K(139904K)->0K(139904K) From: 390K(17472K)->0K(17472K)
[13.719s][info ][gc,heap        ] GC(500) Tenured: 3958K(349568K)->3958K(349568K)
[13.719s][info ][gc,metaspace   ] GC(500) Metaspace: 9874K(10112K)->9874K(10112K) NonClass: 8745K(8832K)->8745K(8832K) Class: 1128K(1280K)->1128K(1280K)
[13.719s][info ][gc             ] GC(500) Pause Young (Allocation Failure) 140M->3M(495M) 0.205ms
[13.719s][info ][gc,cpu         ] GC(500) User=0.00s Sys=0.00s Real=0.00s
[13.729s][info ][gc,start       ] GC(501) Pause Young (Allocation Failure)
[13.729s][debug][gc,age         ] GC(501) Desired survivor size 8945664 bytes, new threshold 15 (max threshold 15)
[13.729s][trace][gc,age         ] GC(501) Age table with threshold 15 (max threshold 15)
[13.729s][trace][gc,age         ] GC(501) - age   1:     400208 bytes,     400208 total
[13.729s][info ][gc,heap        ] GC(501) DefNew: 139759K(157376K)->390K(157376K) Eden: 139759K(139904K)->0K(139904K) From: 0K(17472K)->390K(17472K)
[13.729s][info ][gc,heap        ] GC(501) Tenured: 3958K(349568K)->3958K(349568K)
[13.729s][info ][gc,metaspace   ] GC(501) Metaspace: 9874K(10112K)->9874K(10112K) NonClass: 8745K(8832K)->8745K(8832K) Class: 1128K(1280K)->1128K(1280K)
[13.729s][info ][gc             ] GC(501) Pause Young (Allocation Failure) 140M->4M(495M) 0.175ms
[13.729s][info ][gc,cpu         ] GC(501) User=0.00s Sys=0.00s Real=0.00s
[13.739s][info ][gc,start       ] GC(502) Pause Young (Allocation Failure)
[13.740s][debug][gc,age         ] GC(502) Desired survivor size 8945664 bytes, new threshold 15 (max threshold 15)
[13.740s][trace][gc,age         ] GC(502) Age table with threshold 15 (max threshold 15)
[13.740s][trace][gc,age         ] GC(502) - age   1:        192 bytes,        192 total
[13.740s][info ][gc,heap        ] GC(502) DefNew: 140119K(157376K)->0K(157376K) Eden: 139728K(139904K)->0K(139904K) From: 390K(17472K)->0K(17472K)
[13.740s][info ][gc,heap        ] GC(502) Tenured: 3958K(349568K)->3958K(349568K)
[13.740s][info ][gc,metaspace   ] GC(502) Metaspace: 9874K(10112K)->9874K(10112K) NonClass: 8745K(8832K)->8745K(8832K) Class: 1128K(1280K)->1128K(1280K)
[13.740s][info ][gc             ] GC(502) Pause Young (Allocation Failure) 140M->3M(495M) 0.152ms
[13.740s][info ][gc,cpu         ] GC(502) User=0.00s Sys=0.00s Real=0.00s
[13.750s][info ][gc,start       ] GC(503) Pause Young (Allocation Failure)
[13.750s][debug][gc,age         ] GC(503) Desired survivor size 8945664 bytes, new threshold 15 (max threshold 15)
[13.750s][trace][gc,age         ] GC(503) Age table with threshold 15 (max threshold 15)
[13.750s][trace][gc,age         ] GC(503) - age   1:     400208 bytes,     400208 total
[13.750s][info ][gc,heap        ] GC(503) DefNew: 139837K(157376K)->390K(157376K) Eden: 139837K(139904K)->0K(139904K) From: 0K(17472K)->390K(17472K)
[13.750s][info ][gc,heap        ] GC(503) Tenured: 3958K(349568K)->3958K(349568K)
[13.750s][info ][gc,metaspace   ] GC(503) Metaspace: 9874K(10112K)->9874K(10112K) NonClass: 8745K(8832K)->8745K(8832K) Class: 1128K(1280K)->1128K(1280K)
[13.750s][info ][gc             ] GC(503) Pause Young (Allocation Failure) 140M->4M(495M) 0.160ms
[13.750s][info ][gc,cpu         ] GC(503) User=0.00s Sys=0.00s Real=0.00s
[13.760s][info ][gc,start       ] GC(504) Pause Young (Allocation Failure)
[13.761s][debug][gc,age         ] GC(504) Desired survivor size 8945664 bytes, new threshold 15 (max threshold 15)
[13.761s][trace][gc,age         ] GC(504) Age table with threshold 15 (max threshold 15)
[13.761s][trace][gc,age         ] GC(504) - age   1:        192 bytes,        192 total
[13.761s][info ][gc,heap        ] GC(504) DefNew: 140152K(157376K)->0K(157376K) Eden: 139761K(139904K)->0K(139904K) From: 390K(17472K)->0K(17472K)
[13.761s][info ][gc,heap        ] GC(504) Tenured: 3958K(349568K)->3958K(349568K)
[13.761s][info ][gc,metaspace   ] GC(504) Metaspace: 9874K(10112K)->9874K(10112K) NonClass: 8745K(8832K)->8745K(8832K) Class: 1128K(1280K)->1128K(1280K)
[13.761s][info ][gc             ] GC(504) Pause Young (Allocation Failure) 140M->3M(495M) 0.149ms
[13.761s][info ][gc,cpu         ] GC(504) User=0.00s Sys=0.00s Real=0.00s
[13.771s][info ][gc,start       ] GC(505) Pause Young (Allocation Failure)
[13.771s][debug][gc,age         ] GC(505) Desired survivor size 8945664 bytes, new threshold 15 (max threshold 15)
[13.771s][trace][gc,age         ] GC(505) Age table with threshold 15 (max threshold 15)
[13.771s][trace][gc,age         ] GC(505) - age   1:     400208 bytes,     400208 total
[13.771s][info ][gc,heap        ] GC(505) DefNew: 139709K(157376K)->390K(157376K) Eden: 139709K(139904K)->0K(139904K) From: 0K(17472K)->390K(17472K)
[13.771s][info ][gc,heap        ] GC(505) Tenured: 3958K(349568K)->3958K(349568K)
[13.771s][info ][gc,metaspace   ] GC(505) Metaspace: 9874K(10112K)->9874K(10112K) NonClass: 8745K(8832K)->8745K(8832K) Class: 1128K(1280K)->1128K(1280K)
[13.771s][info ][gc             ] GC(505) Pause Young (Allocation Failure) 140M->4M(495M) 0.162ms
[13.771s][info ][gc,cpu         ] GC(505) User=0.00s Sys=0.00s Real=0.00s
[13.781s][info ][gc,start       ] GC(506) Pause Young (Allocation Failure)
[13.781s][debug][gc,age         ] GC(506) Desired survivor size 8945664 bytes, new threshold 15 (max threshold 15)
[13.781s][trace][gc,age         ] GC(506) Age table with threshold 15 (max threshold 15)
[13.781s][trace][gc,age         ] GC(506) - age   1:        192 bytes,        192 total
[13.781s][info ][gc,heap        ] GC(506) DefNew: 140170K(157376K)->0K(157376K) Eden: 139780K(139904K)->0K(139904K) From: 390K(17472K)->0K(17472K)
[13.781s][info ][gc,heap        ] GC(506) Tenured: 3958K(349568K)->3958K(349568K)
[13.781s][info ][gc,metaspace   ] GC(506) Metaspace: 9874K(10112K)->9874K(10112K) NonClass: 8745K(8832K)->8745K(8832K) Class: 1128K(1280K)->1128K(1280K)
[13.781s][info ][gc             ] GC(506) Pause Young (Allocation Failure) 140M->3M(495M) 0.145ms
[13.781s][info ][gc,cpu         ] GC(506) User=0.00s Sys=0.00s Real=0.00s
[13.792s][info ][gc,start       ] GC(507) Pause Young (Allocation Failure)
[13.792s][debug][gc,age         ] GC(507) Desired survivor size 8945664 bytes, new threshold 15 (max threshold 15)
[13.792s][trace][gc,age         ] GC(507) Age table with threshold 15 (max threshold 15)
[13.792s][trace][gc,age         ] GC(507) - age   1:     400208 bytes,     400208 total
[13.792s][info ][gc,heap        ] GC(507) DefNew: 139824K(157376K)->390K(157376K) Eden: 139824K(139904K)->0K(139904K) From: 0K(17472K)->390K(17472K)
[13.792s][info ][gc,heap        ] GC(507) Tenured: 3958K(349568K)->3958K(349568K)
[13.792s][info ][gc,metaspace   ] GC(507) Metaspace: 9874K(10112K)->9874K(10112K) NonClass: 8745K(8832K)->8745K(8832K) Class: 1128K(1280K)->1128K(1280K)
[13.792s][info ][gc             ] GC(507) Pause Young (Allocation Failure) 140M->4M(495M) 0.165ms
[13.792s][info ][gc,cpu         ] GC(507) User=0.00s Sys=0.00s Real=0.00s
[13.802s][info ][gc,start       ] GC(508) Pause Young (Allocation Failure)
[13.802s][debug][gc,age         ] GC(508) Desired survivor size 8945664 bytes, new threshold 15 (max threshold 15)
[13.802s][trace][gc,age         ] GC(508) Age table with threshold 15 (max threshold 15)
[13.802s][trace][gc,age         ] GC(508) - age   1:        192 bytes,        192 total
[13.802s][info ][gc,heap        ] GC(508) DefNew: 140294K(157376K)->0K(157376K) Eden: 139904K(139904K)->0K(139904K) From: 390K(17472K)->0K(17472K)
[13.802s][info ][gc,heap        ] GC(508) Tenured: 3958K(349568K)->3958K(349568K)
[13.802s][info ][gc,metaspace   ] GC(508) Metaspace: 9874K(10112K)->9874K(10112K) NonClass: 8745K(8832K)->8745K(8832K) Class: 1128K(1280K)->1128K(1280K)
[13.802s][info ][gc             ] GC(508) Pause Young (Allocation Failure) 140M->3M(495M) 0.156ms
[13.802s][info ][gc,cpu         ] GC(508) User=0.00s Sys=0.00s Real=0.00s
[13.812s][info ][gc,start       ] GC(509) Pause Young (Allocation Failure)
[13.812s][debug][gc,age         ] GC(509) Desired survivor size 8945664 bytes, new threshold 15 (max threshold 15)
[13.812s][trace][gc,age         ] GC(509) Age table with threshold 15 (max threshold 15)
[13.812s][trace][gc,age         ] GC(509) - age   1:     400208 bytes,     400208 total
[13.812s][info ][gc,heap        ] GC(509) DefNew: 139904K(157376K)->390K(157376K) Eden: 139904K(139904K)->0K(139904K) From: 0K(17472K)->390K(17472K)
[13.812s][info ][gc,heap        ] GC(509) Tenured: 3958K(349568K)->3958K(349568K)
[13.812s][info ][gc,metaspace   ] GC(509) Metaspace: 9874K(10112K)->9874K(10112K) NonClass: 8745K(8832K)->8745K(8832K) Class: 1128K(1280K)->1128K(1280K)
[13.812s][info ][gc             ] GC(509) Pause Young (Allocation Failure) 140M->4M(495M) 0.161ms
[13.812s][info ][gc,cpu         ] GC(509) User=0.00s Sys=0.00s Real=0.00s
[13.822s][info ][gc,start       ] GC(510) Pause Young (Allocation Failure)
[13.823s][debug][gc,age         ] GC(510) Desired survivor size 8945664 bytes, new threshold 15 (max threshold 15)
[13.823s][trace][gc,age         ] GC(510) Age table with threshold 15 (max threshold 15)
[13.823s][trace][gc,age         ] GC(510) - age   1:     400208 bytes,     400208 total
[13.823s][info ][gc,heap        ] GC(510) DefNew: 140294K(157376K)->390K(157376K) Eden: 139904K(139904K)->0K(139904K) From: 390K(17472K)->390K(17472K)
[13.823s][info ][gc,heap        ] GC(510) Tenured: 3958K(349568K)->3958K(349568K)
[13.823s][info ][gc,metaspace   ] GC(510) Metaspace: 9874K(10112K)->9874K(10112K) NonClass: 8745K(8832K)->8745K(8832K) Class: 1128K(1280K)->1128K(1280K)
[13.823s][info ][gc             ] GC(510) Pause Young (Allocation Failure) 140M->4M(495M) 0.159ms
[13.823s][info ][gc,cpu         ] GC(510) User=0.00s Sys=0.00s Real=0.00s
[13.833s][info ][gc,start       ] GC(511) Pause Young (Allocation Failure)
[13.833s][debug][gc,age         ] GC(511) Desired survivor size 8945664 bytes, new threshold 15 (max threshold 15)
[13.833s][trace][gc,age         ] GC(511) Age table with threshold 15 (max threshold 15)
[13.833s][trace][gc,age         ] GC(511) - age   1:       1248 bytes,       1248 total
[13.833s][info ][gc,heap        ] GC(511) DefNew: 140294K(157376K)->1K(157376K) Eden: 139904K(139904K)->0K(139904K) From: 390K(17472K)->1K(17472K)
[13.833s][info ][gc,heap        ] GC(511) Tenured: 3958K(349568K)->3958K(349568K)
[13.833s][info ][gc,metaspace   ] GC(511) Metaspace: 9876K(10112K)->9876K(10112K) NonClass: 8747K(8832K)->8747K(8832K) Class: 1128K(1280K)->1128K(1280K)
[13.833s][info ][gc             ] GC(511) Pause Young (Allocation Failure) 140M->3M(495M) 0.361ms
[13.833s][info ][gc,cpu         ] GC(511) User=0.00s Sys=0.00s Real=0.00s
[13.843s][info ][gc,start       ] GC(512) Pause Young (Allocation Failure)
[13.843s][debug][gc,age         ] GC(512) Desired survivor size 8945664 bytes, new threshold 15 (max threshold 15)
[13.843s][trace][gc,age         ] GC(512) Age table with threshold 15 (max threshold 15)
[13.843s][trace][gc,age         ] GC(512) - age   1:     400856 bytes,     400856 total
[13.843s][trace][gc,age         ] GC(512) - age   2:        704 bytes,     401560 total
[13.843s][info ][gc,heap        ] GC(512) DefNew: 139905K(157376K)->392K(157376K) Eden: 139904K(139904K)->0K(139904K) From: 1K(17472K)->392K(17472K)
[13.843s][info ][gc,heap        ] GC(512) Tenured: 3958K(349568K)->3958K(349568K)
[13.843s][info ][gc,metaspace   ] GC(512) Metaspace: 9887K(10176K)->9887K(10176K) NonClass: 8753K(8896K)->8753K(8896K) Class: 1134K(1280K)->1134K(1280K)
[13.843s][info ][gc             ] GC(512) Pause Young (Allocation Failure) 140M->4M(495M) 0.225ms
[13.843s][info ][gc,cpu         ] GC(512) User=0.00s Sys=0.00s Real=0.00s
[13.854s][info ][gc,start       ] GC(513) Pause Young (Allocation Failure)
[13.854s][debug][gc,age         ] GC(513) Desired survivor size 8945664 bytes, new threshold 15 (max threshold 15)
[13.854s][trace][gc,age         ] GC(513) Age table with threshold 15 (max threshold 15)
[13.854s][trace][gc,age         ] GC(513) - age   1:     400208 bytes,     400208 total
[13.854s][trace][gc,age         ] GC(513) - age   2:        648 bytes,     400856 total
[13.854s][trace][gc,age         ] GC(513) - age   3:        704 bytes,     401560 total
[13.854s][info ][gc,heap        ] GC(513) DefNew: 140296K(157376K)->392K(157376K) Eden: 139904K(139904K)->0K(139904K) From: 392K(17472K)->392K(17472K)
[13.854s][info ][gc,heap        ] GC(513) Tenured: 3958K(349568K)->3958K(349568K)
[13.854s][info ][gc,metaspace   ] GC(513) Metaspace: 9887K(10176K)->9887K(10176K) NonClass: 8753K(8896K)->8753K(8896K) Class: 1134K(1280K)->1134K(1280K)
[13.854s][info ][gc             ] GC(513) Pause Young (Allocation Failure) 140M->4M(495M) 0.211ms
[13.854s][info ][gc,cpu         ] GC(513) User=0.00s Sys=0.00s Real=0.00s
[13.864s][info ][gc,start       ] GC(514) Pause Young (Allocation Failure)
[13.864s][debug][gc,age         ] GC(514) Desired survivor size 8945664 bytes, new threshold 15 (max threshold 15)
[13.865s][trace][gc,age         ] GC(514) Age table with threshold 15 (max threshold 15)
[13.865s][trace][gc,age         ] GC(514) - age   1:     400208 bytes,     400208 total
[13.865s][trace][gc,age         ] GC(514) - age   3:        648 bytes,     400856 total
[13.865s][trace][gc,age         ] GC(514) - age   4:        704 bytes,     401560 total
[13.865s][info ][gc,heap        ] GC(514) DefNew: 140296K(157376K)->392K(157376K) Eden: 139904K(139904K)->0K(139904K) From: 392K(17472K)->392K(17472K)
[13.865s][info ][gc,heap        ] GC(514) Tenured: 3958K(349568K)->3958K(349568K)
[13.865s][info ][gc,metaspace   ] GC(514) Metaspace: 9887K(10176K)->9887K(10176K) NonClass: 8753K(8896K)->8753K(8896K) Class: 1134K(1280K)->1134K(1280K)
[13.865s][info ][gc             ] GC(514) Pause Young (Allocation Failure) 140M->4M(495M) 0.254ms
[13.865s][info ][gc,cpu         ] GC(514) User=0.00s Sys=0.00s Real=0.00s
[13.875s][info ][gc,start       ] GC(515) Pause Young (Allocation Failure)
[13.875s][debug][gc,age         ] GC(515) Desired survivor size 8945664 bytes, new threshold 15 (max threshold 15)
[13.875s][trace][gc,age         ] GC(515) Age table with threshold 15 (max threshold 15)
[13.875s][trace][gc,age         ] GC(515) - age   1:     400208 bytes,     400208 total
[13.875s][trace][gc,age         ] GC(515) - age   4:        648 bytes,     400856 total
[13.875s][trace][gc,age         ] GC(515) - age   5:        704 bytes,     401560 total
[13.875s][info ][gc,heap        ] GC(515) DefNew: 140296K(157376K)->392K(157376K) Eden: 139904K(139904K)->0K(139904K) From: 392K(17472K)->392K(17472K)
[13.875s][info ][gc,heap        ] GC(515) Tenured: 3958K(349568K)->3958K(349568K)
[13.875s][info ][gc,metaspace   ] GC(515) Metaspace: 9887K(10176K)->9887K(10176K) NonClass: 8753K(8896K)->8753K(8896K) Class: 1134K(1280K)->1134K(1280K)
[13.875s][info ][gc             ] GC(515) Pause Young (Allocation Failure) 140M->4M(495M) 0.221ms
[13.875s][info ][gc,cpu         ] GC(515) User=0.00s Sys=0.00s Real=0.00s
[13.885s][info ][gc,start       ] GC(516) Pause Young (Allocation Failure)
[13.885s][debug][gc,age         ] GC(516) Desired survivor size 8945664 bytes, new threshold 15 (max threshold 15)
[13.885s][trace][gc,age         ] GC(516) Age table with threshold 15 (max threshold 15)
[13.885s][trace][gc,age         ] GC(516) - age   1:     400208 bytes,     400208 total
[13.885s][trace][gc,age         ] GC(516) - age   5:        648 bytes,     400856 total
[13.885s][trace][gc,age         ] GC(516) - age   6:        704 bytes,     401560 total
[13.885s][info ][gc,heap        ] GC(516) DefNew: 140296K(157376K)->392K(157376K) Eden: 139904K(139904K)->0K(139904K) From: 392K(17472K)->392K(17472K)
[13.885s][info ][gc,heap        ] GC(516) Tenured: 3958K(349568K)->3958K(349568K)
[13.885s][info ][gc,metaspace   ] GC(516) Metaspace: 9887K(10176K)->9887K(10176K) NonClass: 8753K(8896K)->8753K(8896K) Class: 1134K(1280K)->1134K(1280K)
[13.885s][info ][gc             ] GC(516) Pause Young (Allocation Failure) 140M->4M(495M) 0.208ms
[13.885s][info ][gc,cpu         ] GC(516) User=0.00s Sys=0.00s Real=0.00s
[13.895s][info ][gc,start       ] GC(517) Pause Young (Allocation Failure)
[13.895s][debug][gc,age         ] GC(517) Desired survivor size 8945664 bytes, new threshold 15 (max threshold 15)
[13.895s][trace][gc,age         ] GC(517) Age table with threshold 15 (max threshold 15)
[13.895s][trace][gc,age         ] GC(517) - age   1:     400208 bytes,     400208 total
[13.895s][trace][gc,age         ] GC(517) - age   6:        648 bytes,     400856 total
[13.895s][trace][gc,age         ] GC(517) - age   7:        704 bytes,     401560 total
[13.895s][info ][gc,heap        ] GC(517) DefNew: 140296K(157376K)->392K(157376K) Eden: 139904K(139904K)->0K(139904K) From: 392K(17472K)->392K(17472K)
[13.895s][info ][gc,heap        ] GC(517) Tenured: 3958K(349568K)->3958K(349568K)
[13.895s][info ][gc,metaspace   ] GC(517) Metaspace: 9887K(10176K)->9887K(10176K) NonClass: 8753K(8896K)->8753K(8896K) Class: 1134K(1280K)->1134K(1280K)
[13.895s][info ][gc             ] GC(517) Pause Young (Allocation Failure) 140M->4M(495M) 0.205ms
[13.895s][info ][gc,cpu         ] GC(517) User=0.00s Sys=0.00s Real=0.00s
[13.905s][info ][gc,start       ] GC(518) Pause Young (Allocation Failure)
[13.906s][debug][gc,age         ] GC(518) Desired survivor size 8945664 bytes, new threshold 15 (max threshold 15)
[13.906s][trace][gc,age         ] GC(518) Age table with threshold 15 (max threshold 15)
[13.906s][trace][gc,age         ] GC(518) - age   1:     400208 bytes,     400208 total
[13.906s][trace][gc,age         ] GC(518) - age   7:        648 bytes,     400856 total
[13.906s][trace][gc,age         ] GC(518) - age   8:        704 bytes,     401560 total
[13.906s][info ][gc,heap        ] GC(518) DefNew: 140296K(157376K)->392K(157376K) Eden: 139904K(139904K)->0K(139904K) From: 392K(17472K)->392K(17472K)
[13.906s][info ][gc,heap        ] GC(518) Tenured: 3958K(349568K)->3958K(349568K)
[13.906s][info ][gc,metaspace   ] GC(518) Metaspace: 9887K(10176K)->9887K(10176K) NonClass: 8753K(8896K)->8753K(8896K) Class: 1134K(1280K)->1134K(1280K)
[13.906s][info ][gc             ] GC(518) Pause Young (Allocation Failure) 140M->4M(495M) 0.211ms
[13.906s][info ][gc,cpu         ] GC(518) User=0.00s Sys=0.00s Real=0.00s
[13.916s][info ][gc,start       ] GC(519) Pause Young (Allocation Failure)
[13.916s][debug][gc,age         ] GC(519) Desired survivor size 8945664 bytes, new threshold 15 (max threshold 15)
[13.916s][trace][gc,age         ] GC(519) Age table with threshold 15 (max threshold 15)
[13.916s][trace][gc,age         ] GC(519) - age   1:     400208 bytes,     400208 total
[13.916s][trace][gc,age         ] GC(519) - age   8:        648 bytes,     400856 total
[13.916s][trace][gc,age         ] GC(519) - age   9:        704 bytes,     401560 total
[13.916s][info ][gc,heap        ] GC(519) DefNew: 140296K(157376K)->392K(157376K) Eden: 139904K(139904K)->0K(139904K) From: 392K(17472K)->392K(17472K)
[13.916s][info ][gc,heap        ] GC(519) Tenured: 3958K(349568K)->3958K(349568K)
[13.916s][info ][gc,metaspace   ] GC(519) Metaspace: 9887K(10176K)->9887K(10176K) NonClass: 8753K(8896K)->8753K(8896K) Class: 1134K(1280K)->1134K(1280K)
[13.916s][info ][gc             ] GC(519) Pause Young (Allocation Failure) 140M->4M(495M) 0.195ms
[13.916s][info ][gc,cpu         ] GC(519) User=0.00s Sys=0.00s Real=0.00s
[13.926s][info ][gc,start       ] GC(520) Pause Young (Allocation Failure)
[13.926s][debug][gc,age         ] GC(520) Desired survivor size 8945664 bytes, new threshold 15 (max threshold 15)
[13.926s][trace][gc,age         ] GC(520) Age table with threshold 15 (max threshold 15)
[13.926s][trace][gc,age         ] GC(520) - age   1:     400208 bytes,     400208 total
[13.926s][trace][gc,age         ] GC(520) - age   9:        648 bytes,     400856 total
[13.926s][trace][gc,age         ] GC(520) - age  10:        704 bytes,     401560 total
[13.926s][info ][gc,heap        ] GC(520) DefNew: 140296K(157376K)->392K(157376K) Eden: 139904K(139904K)->0K(139904K) From: 392K(17472K)->392K(17472K)
[13.926s][info ][gc,heap        ] GC(520) Tenured: 3958K(349568K)->3958K(349568K)
[13.926s][info ][gc,metaspace   ] GC(520) Metaspace: 9887K(10176K)->9887K(10176K) NonClass: 8753K(8896K)->8753K(8896K) Class: 1134K(1280K)->1134K(1280K)
[13.926s][info ][gc             ] GC(520) Pause Young (Allocation Failure) 140M->4M(495M) 0.207ms
[13.926s][info ][gc,cpu         ] GC(520) User=0.00s Sys=0.00s Real=0.00s
[13.936s][info ][gc,start       ] GC(521) Pause Young (Allocation Failure)
[13.936s][debug][gc,age         ] GC(521) Desired survivor size 8945664 bytes, new threshold 15 (max threshold 15)
[13.936s][trace][gc,age         ] GC(521) Age table with threshold 15 (max threshold 15)
[13.936s][trace][gc,age         ] GC(521) - age   1:     400208 bytes,     400208 total
[13.936s][trace][gc,age         ] GC(521) - age  10:        648 bytes,     400856 total
[13.936s][trace][gc,age         ] GC(521) - age  11:        704 bytes,     401560 total
[13.936s][info ][gc,heap        ] GC(521) DefNew: 140296K(157376K)->392K(157376K) Eden: 139904K(139904K)->0K(139904K) From: 392K(17472K)->392K(17472K)
[13.936s][info ][gc,heap        ] GC(521) Tenured: 3958K(349568K)->3958K(349568K)
[13.936s][info ][gc,metaspace   ] GC(521) Metaspace: 9887K(10176K)->9887K(10176K) NonClass: 8753K(8896K)->8753K(8896K) Class: 1134K(1280K)->1134K(1280K)
[13.936s][info ][gc             ] GC(521) Pause Young (Allocation Failure) 140M->4M(495M) 0.198ms
[13.936s][info ][gc,cpu         ] GC(521) User=0.00s Sys=0.00s Real=0.00s
[13.946s][info ][gc,start       ] GC(522) Pause Young (Allocation Failure)
[13.946s][debug][gc,age         ] GC(522) Desired survivor size 8945664 bytes, new threshold 15 (max threshold 15)
[13.946s][trace][gc,age         ] GC(522) Age table with threshold 15 (max threshold 15)
[13.946s][trace][gc,age         ] GC(522) - age   1:     400208 bytes,     400208 total
[13.946s][trace][gc,age         ] GC(522) - age  11:        648 bytes,     400856 total
[13.946s][trace][gc,age         ] GC(522) - age  12:        704 bytes,     401560 total
[13.947s][info ][gc,heap        ] GC(522) DefNew: 140296K(157376K)->392K(157376K) Eden: 139904K(139904K)->0K(139904K) From: 392K(17472K)->392K(17472K)
[13.947s][info ][gc,heap        ] GC(522) Tenured: 3958K(349568K)->3958K(349568K)
[13.947s][info ][gc,metaspace   ] GC(522) Metaspace: 9887K(10176K)->9887K(10176K) NonClass: 8753K(8896K)->8753K(8896K) Class: 1134K(1280K)->1134K(1280K)
[13.947s][info ][gc             ] GC(522) Pause Young (Allocation Failure) 140M->4M(495M) 0.197ms
[13.947s][info ][gc,cpu         ] GC(522) User=0.00s Sys=0.00s Real=0.00s
[13.957s][info ][gc,start       ] GC(523) Pause Young (Allocation Failure)
[13.957s][debug][gc,age         ] GC(523) Desired survivor size 8945664 bytes, new threshold 15 (max threshold 15)
[13.957s][trace][gc,age         ] GC(523) Age table with threshold 15 (max threshold 15)
[13.957s][trace][gc,age         ] GC(523) - age   1:     400208 bytes,     400208 total
[13.957s][trace][gc,age         ] GC(523) - age  12:        648 bytes,     400856 total
[13.957s][trace][gc,age         ] GC(523) - age  13:        704 bytes,     401560 total
[13.957s][info ][gc,heap        ] GC(523) DefNew: 140296K(157376K)->392K(157376K) Eden: 139904K(139904K)->0K(139904K) From: 392K(17472K)->392K(17472K)
[13.957s][info ][gc,heap        ] GC(523) Tenured: 3958K(349568K)->3958K(349568K)
[13.957s][info ][gc,metaspace   ] GC(523) Metaspace: 9887K(10176K)->9887K(10176K) NonClass: 8753K(8896K)->8753K(8896K) Class: 1134K(1280K)->1134K(1280K)
[13.957s][info ][gc             ] GC(523) Pause Young (Allocation Failure) 140M->4M(495M) 0.199ms
[13.957s][info ][gc,cpu         ] GC(523) User=0.00s Sys=0.00s Real=0.00s
[13.967s][info ][gc,start       ] GC(524) Pause Young (Allocation Failure)
[13.967s][debug][gc,age         ] GC(524) Desired survivor size 8945664 bytes, new threshold 15 (max threshold 15)
[13.967s][trace][gc,age         ] GC(524) Age table with threshold 15 (max threshold 15)
[13.967s][trace][gc,age         ] GC(524) - age   1:     400208 bytes,     400208 total
[13.967s][trace][gc,age         ] GC(524) - age  13:        648 bytes,     400856 total
[13.967s][trace][gc,age         ] GC(524) - age  14:        704 bytes,     401560 total
[13.967s][info ][gc,heap        ] GC(524) DefNew: 140296K(157376K)->392K(157376K) Eden: 139904K(139904K)->0K(139904K) From: 392K(17472K)->392K(17472K)
[13.967s][info ][gc,heap        ] GC(524) Tenured: 3958K(349568K)->3958K(349568K)
[13.967s][info ][gc,metaspace   ] GC(524) Metaspace: 9887K(10176K)->9887K(10176K) NonClass: 8753K(8896K)->8753K(8896K) Class: 1134K(1280K)->1134K(1280K)
[13.967s][info ][gc             ] GC(524) Pause Young (Allocation Failure) 140M->4M(495M) 0.201ms
[13.967s][info ][gc,cpu         ] GC(524) User=0.00s Sys=0.00s Real=0.00s
[13.977s][info ][gc,start       ] GC(525) Pause Young (Allocation Failure)
[13.977s][debug][gc,age         ] GC(525) Desired survivor size 8945664 bytes, new threshold 15 (max threshold 15)
[13.977s][trace][gc,age         ] GC(525) Age table with threshold 15 (max threshold 15)
[13.977s][trace][gc,age         ] GC(525) - age   1:     400208 bytes,     400208 total
[13.977s][trace][gc,age         ] GC(525) - age  14:        648 bytes,     400856 total
[13.977s][trace][gc,age         ] GC(525) - age  15:        704 bytes,     401560 total
[13.977s][info ][gc,heap        ] GC(525) DefNew: 140296K(157376K)->392K(157376K) Eden: 139904K(139904K)->0K(139904K) From: 392K(17472K)->392K(17472K)
[13.977s][info ][gc,heap        ] GC(525) Tenured: 3958K(349568K)->3958K(349568K)
[13.977s][info ][gc,metaspace   ] GC(525) Metaspace: 9887K(10176K)->9887K(10176K) NonClass: 8753K(8896K)->8753K(8896K) Class: 1134K(1280K)->1134K(1280K)
[13.977s][info ][gc             ] GC(525) Pause Young (Allocation Failure) 140M->4M(495M) 0.195ms
[13.977s][info ][gc,cpu         ] GC(525) User=0.00s Sys=0.00s Real=0.00s
[13.987s][info ][gc,start       ] GC(526) Pause Young (Allocation Failure)
[13.987s][debug][gc,age         ] GC(526) Desired survivor size 8945664 bytes, new threshold 15 (max threshold 15)
[13.987s][trace][gc,age         ] GC(526) Age table with threshold 15 (max threshold 15)
[13.987s][trace][gc,age         ] GC(526) - age   1:     400208 bytes,     400208 total
[13.987s][trace][gc,age         ] GC(526) - age  15:        648 bytes,     400856 total
[13.987s][info ][gc,heap        ] GC(526) DefNew: 140296K(157376K)->391K(157376K) Eden: 139904K(139904K)->0K(139904K) From: 392K(17472K)->391K(17472K)
[13.987s][info ][gc,heap        ] GC(526) Tenured: 3958K(349568K)->3959K(349568K)
[13.987s][info ][gc,metaspace   ] GC(526) Metaspace: 9887K(10176K)->9887K(10176K) NonClass: 8753K(8896K)->8753K(8896K) Class: 1134K(1280K)->1134K(1280K)
[13.987s][info ][gc             ] GC(526) Pause Young (Allocation Failure) 140M->4M(495M) 0.198ms
[13.987s][info ][gc,cpu         ] GC(526) User=0.00s Sys=0.00s Real=0.00s
[13.997s][info ][gc,start       ] GC(527) Pause Young (Allocation Failure)
[13.998s][debug][gc,age         ] GC(527) Desired survivor size 8945664 bytes, new threshold 15 (max threshold 15)
[13.998s][trace][gc,age         ] GC(527) Age table with threshold 15 (max threshold 15)
[13.998s][trace][gc,age         ] GC(527) - age   1:     400208 bytes,     400208 total
[13.998s][info ][gc,heap        ] GC(527) DefNew: 140295K(157376K)->390K(157376K) Eden: 139904K(139904K)->0K(139904K) From: 391K(17472K)->390K(17472K)
[13.998s][info ][gc,heap        ] GC(527) Tenured: 3959K(349568K)->3959K(349568K)
[13.998s][info ][gc,metaspace   ] GC(527) Metaspace: 9887K(10176K)->9887K(10176K) NonClass: 8753K(8896K)->8753K(8896K) Class: 1134K(1280K)->1134K(1280K)
[13.998s][info ][gc             ] GC(527) Pause Young (Allocation Failure) 140M->4M(495M) 0.184ms
[13.998s][info ][gc,cpu         ] GC(527) User=0.00s Sys=0.00s Real=0.00s
[14.008s][info ][gc,start       ] GC(528) Pause Young (Allocation Failure)
[14.008s][debug][gc,age         ] GC(528) Desired survivor size 8945664 bytes, new threshold 15 (max threshold 15)
[14.008s][trace][gc,age         ] GC(528) Age table with threshold 15 (max threshold 15)
[14.008s][trace][gc,age         ] GC(528) - age   1:     400208 bytes,     400208 total
[14.008s][info ][gc,heap        ] GC(528) DefNew: 140294K(157376K)->390K(157376K) Eden: 139904K(139904K)->0K(139904K) From: 390K(17472K)->390K(17472K)
[14.008s][info ][gc,heap        ] GC(528) Tenured: 3959K(349568K)->3959K(349568K)
[14.008s][info ][gc,metaspace   ] GC(528) Metaspace: 9887K(10176K)->9887K(10176K) NonClass: 8753K(8896K)->8753K(8896K) Class: 1134K(1280K)->1134K(1280K)
[14.008s][info ][gc             ] GC(528) Pause Young (Allocation Failure) 140M->4M(495M) 0.189ms
[14.008s][info ][gc,cpu         ] GC(528) User=0.00s Sys=0.00s Real=0.00s
[14.018s][info ][gc,start       ] GC(529) Pause Young (Allocation Failure)
[14.018s][debug][gc,age         ] GC(529) Desired survivor size 8945664 bytes, new threshold 15 (max threshold 15)
[14.018s][trace][gc,age         ] GC(529) Age table with threshold 15 (max threshold 15)
[14.018s][trace][gc,age         ] GC(529) - age   1:     400208 bytes,     400208 total
[14.018s][info ][gc,heap        ] GC(529) DefNew: 140294K(157376K)->390K(157376K) Eden: 139904K(139904K)->0K(139904K) From: 390K(17472K)->390K(17472K)
[14.018s][info ][gc,heap        ] GC(529) Tenured: 3959K(349568K)->3959K(349568K)
[14.018s][info ][gc,metaspace   ] GC(529) Metaspace: 9887K(10176K)->9887K(10176K) NonClass: 8753K(8896K)->8753K(8896K) Class: 1134K(1280K)->1134K(1280K)
[14.018s][info ][gc             ] GC(529) Pause Young (Allocation Failure) 140M->4M(495M) 0.163ms
[14.018s][info ][gc,cpu         ] GC(529) User=0.00s Sys=0.00s Real=0.00s
[14.028s][info ][gc,start       ] GC(530) Pause Young (Allocation Failure)
[14.028s][debug][gc,age         ] GC(530) Desired survivor size 8945664 bytes, new threshold 15 (max threshold 15)
[14.028s][trace][gc,age         ] GC(530) Age table with threshold 15 (max threshold 15)
[14.028s][trace][gc,age         ] GC(530) - age   1:     400208 bytes,     400208 total
[14.028s][info ][gc,heap        ] GC(530) DefNew: 140294K(157376K)->390K(157376K) Eden: 139904K(139904K)->0K(139904K) From: 390K(17472K)->390K(17472K)
[14.028s][info ][gc,heap        ] GC(530) Tenured: 3959K(349568K)->3959K(349568K)
[14.028s][info ][gc,metaspace   ] GC(530) Metaspace: 9887K(10176K)->9887K(10176K) NonClass: 8753K(8896K)->8753K(8896K) Class: 1134K(1280K)->1134K(1280K)
[14.028s][info ][gc             ] GC(530) Pause Young (Allocation Failure) 140M->4M(495M) 0.168ms
[14.028s][info ][gc,cpu         ] GC(530) User=0.00s Sys=0.00s Real=0.00s
[14.038s][info ][gc,start       ] GC(531) Pause Young (Allocation Failure)
[14.038s][debug][gc,age         ] GC(531) Desired survivor size 8945664 bytes, new threshold 15 (max threshold 15)
[14.038s][trace][gc,age         ] GC(531) Age table with threshold 15 (max threshold 15)
[14.038s][trace][gc,age         ] GC(531) - age   1:     400208 bytes,     400208 total
[14.038s][info ][gc,heap        ] GC(531) DefNew: 140294K(157376K)->390K(157376K) Eden: 139904K(139904K)->0K(139904K) From: 390K(17472K)->390K(17472K)
[14.038s][info ][gc,heap        ] GC(531) Tenured: 3959K(349568K)->3959K(349568K)
[14.038s][info ][gc,metaspace   ] GC(531) Metaspace: 9887K(10176K)->9887K(10176K) NonClass: 8753K(8896K)->8753K(8896K) Class: 1134K(1280K)->1134K(1280K)
[14.038s][info ][gc             ] GC(531) Pause Young (Allocation Failure) 140M->4M(495M) 0.162ms
[14.038s][info ][gc,cpu         ] GC(531) User=0.01s Sys=0.00s Real=0.00s
[14.048s][info ][gc,start       ] GC(532) Pause Young (Allocation Failure)
[14.049s][debug][gc,age         ] GC(532) Desired survivor size 8945664 bytes, new threshold 15 (max threshold 15)
[14.049s][trace][gc,age         ] GC(532) Age table with threshold 15 (max threshold 15)
[14.049s][trace][gc,age         ] GC(532) - age   1:     400208 bytes,     400208 total
[14.049s][info ][gc,heap        ] GC(532) DefNew: 140294K(157376K)->390K(157376K) Eden: 139904K(139904K)->0K(139904K) From: 390K(17472K)->390K(17472K)
[14.049s][info ][gc,heap        ] GC(532) Tenured: 3959K(349568K)->3959K(349568K)
[14.049s][info ][gc,metaspace   ] GC(532) Metaspace: 9887K(10176K)->9887K(10176K) NonClass: 8753K(8896K)->8753K(8896K) Class: 1134K(1280K)->1134K(1280K)
[14.049s][info ][gc             ] GC(532) Pause Young (Allocation Failure) 140M->4M(495M) 0.162ms
[14.049s][info ][gc,cpu         ] GC(532) User=0.00s Sys=0.00s Real=0.00s
[14.059s][info ][gc,start       ] GC(533) Pause Young (Allocation Failure)
[14.059s][debug][gc,age         ] GC(533) Desired survivor size 8945664 bytes, new threshold 15 (max threshold 15)
[14.059s][trace][gc,age         ] GC(533) Age table with threshold 15 (max threshold 15)
[14.059s][trace][gc,age         ] GC(533) - age   1:     400208 bytes,     400208 total
[14.059s][info ][gc,heap        ] GC(533) DefNew: 140294K(157376K)->390K(157376K) Eden: 139904K(139904K)->0K(139904K) From: 390K(17472K)->390K(17472K)
[14.059s][info ][gc,heap        ] GC(533) Tenured: 3959K(349568K)->3959K(349568K)
[14.059s][info ][gc,metaspace   ] GC(533) Metaspace: 9887K(10176K)->9887K(10176K) NonClass: 8753K(8896K)->8753K(8896K) Class: 1134K(1280K)->1134K(1280K)
[14.059s][info ][gc             ] GC(533) Pause Young (Allocation Failure) 140M->4M(495M) 0.159ms
[14.059s][info ][gc,cpu         ] GC(533) User=0.00s Sys=0.00s Real=0.00s
[14.069s][info ][gc,start       ] GC(534) Pause Young (Allocation Failure)
[14.069s][debug][gc,age         ] GC(534) Desired survivor size 8945664 bytes, new threshold 15 (max threshold 15)
[14.069s][trace][gc,age         ] GC(534) Age table with threshold 15 (max threshold 15)
[14.069s][trace][gc,age         ] GC(534) - age   1:     400208 bytes,     400208 total
[14.069s][info ][gc,heap        ] GC(534) DefNew: 140294K(157376K)->390K(157376K) Eden: 139904K(139904K)->0K(139904K) From: 390K(17472K)->390K(17472K)
[14.069s][info ][gc,heap        ] GC(534) Tenured: 3959K(349568K)->3959K(349568K)
[14.069s][info ][gc,metaspace   ] GC(534) Metaspace: 9887K(10176K)->9887K(10176K) NonClass: 8753K(8896K)->8753K(8896K) Class: 1134K(1280K)->1134K(1280K)
[14.069s][info ][gc             ] GC(534) Pause Young (Allocation Failure) 140M->4M(495M) 0.162ms
[14.069s][info ][gc,cpu         ] GC(534) User=0.00s Sys=0.00s Real=0.00s
[14.079s][info ][gc,start       ] GC(535) Pause Young (Allocation Failure)
[14.079s][debug][gc,age         ] GC(535) Desired survivor size 8945664 bytes, new threshold 15 (max threshold 15)
[14.079s][trace][gc,age         ] GC(535) Age table with threshold 15 (max threshold 15)
[14.079s][trace][gc,age         ] GC(535) - age   1:     400208 bytes,     400208 total
[14.079s][info ][gc,heap        ] GC(535) DefNew: 140294K(157376K)->390K(157376K) Eden: 139904K(139904K)->0K(139904K) From: 390K(17472K)->390K(17472K)
[14.079s][info ][gc,heap        ] GC(535) Tenured: 3959K(349568K)->3959K(349568K)
[14.079s][info ][gc,metaspace   ] GC(535) Metaspace: 9887K(10176K)->9887K(10176K) NonClass: 8753K(8896K)->8753K(8896K) Class: 1134K(1280K)->1134K(1280K)
[14.079s][info ][gc             ] GC(535) Pause Young (Allocation Failure) 140M->4M(495M) 0.157ms
[14.079s][info ][gc,cpu         ] GC(535) User=0.00s Sys=0.00s Real=0.00s
[14.089s][info ][gc,start       ] GC(536) Pause Young (Allocation Failure)
[14.089s][debug][gc,age         ] GC(536) Desired survivor size 8945664 bytes, new threshold 15 (max threshold 15)
[14.089s][trace][gc,age         ] GC(536) Age table with threshold 15 (max threshold 15)
[14.089s][trace][gc,age         ] GC(536) - age   1:     400208 bytes,     400208 total
[14.089s][info ][gc,heap        ] GC(536) DefNew: 140294K(157376K)->390K(157376K) Eden: 139904K(139904K)->0K(139904K) From: 390K(17472K)->390K(17472K)
[14.089s][info ][gc,heap        ] GC(536) Tenured: 3959K(349568K)->3959K(349568K)
[14.089s][info ][gc,metaspace   ] GC(536) Metaspace: 9887K(10176K)->9887K(10176K) NonClass: 8753K(8896K)->8753K(8896K) Class: 1134K(1280K)->1134K(1280K)
[14.089s][info ][gc             ] GC(536) Pause Young (Allocation Failure) 140M->4M(495M) 0.163ms
[14.089s][info ][gc,cpu         ] GC(536) User=0.00s Sys=0.00s Real=0.00s
[14.099s][info ][gc,start       ] GC(537) Pause Young (Allocation Failure)
[14.099s][debug][gc,age         ] GC(537) Desired survivor size 8945664 bytes, new threshold 15 (max threshold 15)
[14.099s][trace][gc,age         ] GC(537) Age table with threshold 15 (max threshold 15)
[14.099s][trace][gc,age         ] GC(537) - age   1:     400208 bytes,     400208 total
[14.099s][info ][gc,heap        ] GC(537) DefNew: 140294K(157376K)->390K(157376K) Eden: 139904K(139904K)->0K(139904K) From: 390K(17472K)->390K(17472K)
[14.099s][info ][gc,heap        ] GC(537) Tenured: 3959K(349568K)->3959K(349568K)
[14.099s][info ][gc,metaspace   ] GC(537) Metaspace: 9887K(10176K)->9887K(10176K) NonClass: 8753K(8896K)->8753K(8896K) Class: 1134K(1280K)->1134K(1280K)
[14.099s][info ][gc             ] GC(537) Pause Young (Allocation Failure) 140M->4M(495M) 0.163ms
[14.099s][info ][gc,cpu         ] GC(537) User=0.00s Sys=0.00s Real=0.00s
[14.109s][info ][gc,start       ] GC(538) Pause Young (Allocation Failure)
[14.110s][debug][gc,age         ] GC(538) Desired survivor size 8945664 bytes, new threshold 15 (max threshold 15)
[14.110s][trace][gc,age         ] GC(538) Age table with threshold 15 (max threshold 15)
[14.110s][trace][gc,age         ] GC(538) - age   1:     400208 bytes,     400208 total
[14.110s][info ][gc,heap        ] GC(538) DefNew: 140294K(157376K)->390K(157376K) Eden: 139904K(139904K)->0K(139904K) From: 390K(17472K)->390K(17472K)
[14.110s][info ][gc,heap        ] GC(538) Tenured: 3959K(349568K)->3959K(349568K)
[14.110s][info ][gc,metaspace   ] GC(538) Metaspace: 9887K(10176K)->9887K(10176K) NonClass: 8753K(8896K)->8753K(8896K) Class: 1134K(1280K)->1134K(1280K)
[14.110s][info ][gc             ] GC(538) Pause Young (Allocation Failure) 140M->4M(495M) 0.167ms
[14.110s][info ][gc,cpu         ] GC(538) User=0.00s Sys=0.00s Real=0.00s
[14.120s][info ][gc,start       ] GC(539) Pause Young (Allocation Failure)
[14.120s][debug][gc,age         ] GC(539) Desired survivor size 8945664 bytes, new threshold 15 (max threshold 15)
[14.120s][trace][gc,age         ] GC(539) Age table with threshold 15 (max threshold 15)
[14.120s][trace][gc,age         ] GC(539) - age   1:     400208 bytes,     400208 total
[14.120s][info ][gc,heap        ] GC(539) DefNew: 140294K(157376K)->390K(157376K) Eden: 139904K(139904K)->0K(139904K) From: 390K(17472K)->390K(17472K)
[14.120s][info ][gc,heap        ] GC(539) Tenured: 3959K(349568K)->3959K(349568K)
[14.120s][info ][gc,metaspace   ] GC(539) Metaspace: 9887K(10176K)->9887K(10176K) NonClass: 8753K(8896K)->8753K(8896K) Class: 1134K(1280K)->1134K(1280K)
[14.120s][info ][gc             ] GC(539) Pause Young (Allocation Failure) 140M->4M(495M) 0.164ms
[14.120s][info ][gc,cpu         ] GC(539) User=0.00s Sys=0.00s Real=0.00s
[14.130s][info ][gc,start       ] GC(540) Pause Young (Allocation Failure)
[14.130s][debug][gc,age         ] GC(540) Desired survivor size 8945664 bytes, new threshold 15 (max threshold 15)
[14.130s][trace][gc,age         ] GC(540) Age table with threshold 15 (max threshold 15)
[14.130s][trace][gc,age         ] GC(540) - age   1:     400208 bytes,     400208 total
[14.130s][info ][gc,heap        ] GC(540) DefNew: 140294K(157376K)->390K(157376K) Eden: 139904K(139904K)->0K(139904K) From: 390K(17472K)->390K(17472K)
[14.130s][info ][gc,heap        ] GC(540) Tenured: 3959K(349568K)->3959K(349568K)
[14.130s][info ][gc,metaspace   ] GC(540) Metaspace: 9887K(10176K)->9887K(10176K) NonClass: 8753K(8896K)->8753K(8896K) Class: 1134K(1280K)->1134K(1280K)
[14.130s][info ][gc             ] GC(540) Pause Young (Allocation Failure) 140M->4M(495M) 0.171ms
[14.130s][info ][gc,cpu         ] GC(540) User=0.00s Sys=0.00s Real=0.00s
[14.140s][info ][gc,start       ] GC(541) Pause Young (Allocation Failure)
[14.140s][debug][gc,age         ] GC(541) Desired survivor size 8945664 bytes, new threshold 15 (max threshold 15)
[14.140s][trace][gc,age         ] GC(541) Age table with threshold 15 (max threshold 15)
[14.140s][trace][gc,age         ] GC(541) - age   1:     400208 bytes,     400208 total
[14.140s][info ][gc,heap        ] GC(541) DefNew: 140294K(157376K)->390K(157376K) Eden: 139904K(139904K)->0K(139904K) From: 390K(17472K)->390K(17472K)
[14.140s][info ][gc,heap        ] GC(541) Tenured: 3959K(349568K)->3959K(349568K)
[14.140s][info ][gc,metaspace   ] GC(541) Metaspace: 9887K(10176K)->9887K(10176K) NonClass: 8753K(8896K)->8753K(8896K) Class: 1134K(1280K)->1134K(1280K)
[14.140s][info ][gc             ] GC(541) Pause Young (Allocation Failure) 140M->4M(495M) 0.164ms
[14.140s][info ][gc,cpu         ] GC(541) User=0.00s Sys=0.00s Real=0.01s
[14.150s][info ][gc,start       ] GC(542) Pause Young (Allocation Failure)
[14.150s][debug][gc,age         ] GC(542) Desired survivor size 8945664 bytes, new threshold 15 (max threshold 15)
[14.150s][trace][gc,age         ] GC(542) Age table with threshold 15 (max threshold 15)
[14.150s][trace][gc,age         ] GC(542) - age   1:     400208 bytes,     400208 total
[14.150s][info ][gc,heap        ] GC(542) DefNew: 140294K(157376K)->390K(157376K) Eden: 139904K(139904K)->0K(139904K) From: 390K(17472K)->390K(17472K)
[14.150s][info ][gc,heap        ] GC(542) Tenured: 3959K(349568K)->3959K(349568K)
[14.150s][info ][gc,metaspace   ] GC(542) Metaspace: 9887K(10176K)->9887K(10176K) NonClass: 8753K(8896K)->8753K(8896K) Class: 1134K(1280K)->1134K(1280K)
[14.150s][info ][gc             ] GC(542) Pause Young (Allocation Failure) 140M->4M(495M) 0.159ms
[14.150s][info ][gc,cpu         ] GC(542) User=0.00s Sys=0.00s Real=0.00s
[14.160s][info ][gc,start       ] GC(543) Pause Young (Allocation Failure)
[14.160s][debug][gc,age         ] GC(543) Desired survivor size 8945664 bytes, new threshold 15 (max threshold 15)
[14.160s][trace][gc,age         ] GC(543) Age table with threshold 15 (max threshold 15)
[14.160s][trace][gc,age         ] GC(543) - age   1:     400208 bytes,     400208 total
[14.160s][info ][gc,heap        ] GC(543) DefNew: 140294K(157376K)->390K(157376K) Eden: 139904K(139904K)->0K(139904K) From: 390K(17472K)->390K(17472K)
[14.160s][info ][gc,heap        ] GC(543) Tenured: 3959K(349568K)->3959K(349568K)
[14.161s][info ][gc,metaspace   ] GC(543) Metaspace: 9887K(10176K)->9887K(10176K) NonClass: 8753K(8896K)->8753K(8896K) Class: 1134K(1280K)->1134K(1280K)
[14.161s][info ][gc             ] GC(543) Pause Young (Allocation Failure) 140M->4M(495M) 0.158ms
[14.161s][info ][gc,cpu         ] GC(543) User=0.00s Sys=0.00s Real=0.00s
[14.171s][info ][gc,start       ] GC(544) Pause Young (Allocation Failure)
[14.171s][debug][gc,age         ] GC(544) Desired survivor size 8945664 bytes, new threshold 15 (max threshold 15)
[14.171s][trace][gc,age         ] GC(544) Age table with threshold 15 (max threshold 15)
[14.171s][trace][gc,age         ] GC(544) - age   1:     400208 bytes,     400208 total
[14.171s][info ][gc,heap        ] GC(544) DefNew: 140294K(157376K)->390K(157376K) Eden: 139904K(139904K)->0K(139904K) From: 390K(17472K)->390K(17472K)
[14.171s][info ][gc,heap        ] GC(544) Tenured: 3959K(349568K)->3959K(349568K)
[14.171s][info ][gc,metaspace   ] GC(544) Metaspace: 9887K(10176K)->9887K(10176K) NonClass: 8753K(8896K)->8753K(8896K) Class: 1134K(1280K)->1134K(1280K)
[14.171s][info ][gc             ] GC(544) Pause Young (Allocation Failure) 140M->4M(495M) 0.160ms
[14.171s][info ][gc,cpu         ] GC(544) User=0.00s Sys=0.00s Real=0.00s
[14.181s][info ][gc,start       ] GC(545) Pause Young (Allocation Failure)
[14.181s][debug][gc,age         ] GC(545) Desired survivor size 8945664 bytes, new threshold 15 (max threshold 15)
[14.181s][trace][gc,age         ] GC(545) Age table with threshold 15 (max threshold 15)
[14.181s][trace][gc,age         ] GC(545) - age   1:     400208 bytes,     400208 total
[14.181s][info ][gc,heap        ] GC(545) DefNew: 140294K(157376K)->390K(157376K) Eden: 139904K(139904K)->0K(139904K) From: 390K(17472K)->390K(17472K)
[14.181s][info ][gc,heap        ] GC(545) Tenured: 3959K(349568K)->3959K(349568K)
[14.181s][info ][gc,metaspace   ] GC(545) Metaspace: 9887K(10176K)->9887K(10176K) NonClass: 8753K(8896K)->8753K(8896K) Class: 1134K(1280K)->1134K(1280K)
[14.181s][info ][gc             ] GC(545) Pause Young (Allocation Failure) 140M->4M(495M) 0.159ms
[14.181s][info ][gc,cpu         ] GC(545) User=0.00s Sys=0.00s Real=0.00s
[14.191s][info ][gc,start       ] GC(546) Pause Young (Allocation Failure)
[14.191s][debug][gc,age         ] GC(546) Desired survivor size 8945664 bytes, new threshold 15 (max threshold 15)
[14.191s][trace][gc,age         ] GC(546) Age table with threshold 15 (max threshold 15)
[14.191s][trace][gc,age         ] GC(546) - age   1:     400208 bytes,     400208 total
[14.191s][info ][gc,heap        ] GC(546) DefNew: 140294K(157376K)->390K(157376K) Eden: 139904K(139904K)->0K(139904K) From: 390K(17472K)->390K(17472K)
[14.191s][info ][gc,heap        ] GC(546) Tenured: 3959K(349568K)->3959K(349568K)
[14.191s][info ][gc,metaspace   ] GC(546) Metaspace: 9887K(10176K)->9887K(10176K) NonClass: 8753K(8896K)->8753K(8896K) Class: 1134K(1280K)->1134K(1280K)
[14.191s][info ][gc             ] GC(546) Pause Young (Allocation Failure) 140M->4M(495M) 0.167ms
[14.191s][info ][gc,cpu         ] GC(546) User=0.00s Sys=0.00s Real=0.00s
[14.201s][info ][gc,start       ] GC(547) Pause Young (Allocation Failure)
[14.201s][debug][gc,age         ] GC(547) Desired survivor size 8945664 bytes, new threshold 15 (max threshold 15)
[14.201s][trace][gc,age         ] GC(547) Age table with threshold 15 (max threshold 15)
[14.201s][trace][gc,age         ] GC(547) - age   1:     400208 bytes,     400208 total
[14.201s][info ][gc,heap        ] GC(547) DefNew: 140294K(157376K)->390K(157376K) Eden: 139904K(139904K)->0K(139904K) From: 390K(17472K)->390K(17472K)
[14.201s][info ][gc,heap        ] GC(547) Tenured: 3959K(349568K)->3959K(349568K)
[14.201s][info ][gc,metaspace   ] GC(547) Metaspace: 9887K(10176K)->9887K(10176K) NonClass: 8753K(8896K)->8753K(8896K) Class: 1134K(1280K)->1134K(1280K)
[14.201s][info ][gc             ] GC(547) Pause Young (Allocation Failure) 140M->4M(495M) 0.160ms
[14.201s][info ][gc,cpu         ] GC(547) User=0.00s Sys=0.00s Real=0.00s
[14.211s][info ][gc,start       ] GC(548) Pause Young (Allocation Failure)
[14.211s][debug][gc,age         ] GC(548) Desired survivor size 8945664 bytes, new threshold 15 (max threshold 15)
[14.211s][trace][gc,age         ] GC(548) Age table with threshold 15 (max threshold 15)
[14.211s][trace][gc,age         ] GC(548) - age   1:     400208 bytes,     400208 total
[14.211s][info ][gc,heap        ] GC(548) DefNew: 140294K(157376K)->390K(157376K) Eden: 139904K(139904K)->0K(139904K) From: 390K(17472K)->390K(17472K)
[14.211s][info ][gc,heap        ] GC(548) Tenured: 3959K(349568K)->3959K(349568K)
[14.211s][info ][gc,metaspace   ] GC(548) Metaspace: 9887K(10176K)->9887K(10176K) NonClass: 8753K(8896K)->8753K(8896K) Class: 1134K(1280K)->1134K(1280K)
[14.211s][info ][gc             ] GC(548) Pause Young (Allocation Failure) 140M->4M(495M) 0.170ms
[14.211s][info ][gc,cpu         ] GC(548) User=0.00s Sys=0.00s Real=0.00s
[14.221s][info ][gc,start       ] GC(549) Pause Young (Allocation Failure)
[14.222s][debug][gc,age         ] GC(549) Desired survivor size 8945664 bytes, new threshold 15 (max threshold 15)
[14.222s][trace][gc,age         ] GC(549) Age table with threshold 15 (max threshold 15)
[14.222s][trace][gc,age         ] GC(549) - age   1:     400208 bytes,     400208 total
[14.222s][info ][gc,heap        ] GC(549) DefNew: 140294K(157376K)->390K(157376K) Eden: 139904K(139904K)->0K(139904K) From: 390K(17472K)->390K(17472K)
[14.222s][info ][gc,heap        ] GC(549) Tenured: 3959K(349568K)->3959K(349568K)
[14.222s][info ][gc,metaspace   ] GC(549) Metaspace: 9887K(10176K)->9887K(10176K) NonClass: 8753K(8896K)->8753K(8896K) Class: 1134K(1280K)->1134K(1280K)
[14.222s][info ][gc             ] GC(549) Pause Young (Allocation Failure) 140M->4M(495M) 0.160ms
[14.222s][info ][gc,cpu         ] GC(549) User=0.00s Sys=0.00s Real=0.00s
[14.232s][info ][gc,start       ] GC(550) Pause Young (Allocation Failure)
[14.232s][debug][gc,age         ] GC(550) Desired survivor size 8945664 bytes, new threshold 15 (max threshold 15)
[14.232s][trace][gc,age         ] GC(550) Age table with threshold 15 (max threshold 15)
[14.232s][trace][gc,age         ] GC(550) - age   1:     400208 bytes,     400208 total
[14.232s][info ][gc,heap        ] GC(550) DefNew: 140294K(157376K)->390K(157376K) Eden: 139904K(139904K)->0K(139904K) From: 390K(17472K)->390K(17472K)
[14.232s][info ][gc,heap        ] GC(550) Tenured: 3959K(349568K)->3959K(349568K)
[14.232s][info ][gc,metaspace   ] GC(550) Metaspace: 9887K(10176K)->9887K(10176K) NonClass: 8753K(8896K)->8753K(8896K) Class: 1134K(1280K)->1134K(1280K)
[14.232s][info ][gc             ] GC(550) Pause Young (Allocation Failure) 140M->4M(495M) 0.168ms
[14.232s][info ][gc,cpu         ] GC(550) User=0.00s Sys=0.00s Real=0.00s
[14.242s][info ][gc,start       ] GC(551) Pause Young (Allocation Failure)
[14.242s][debug][gc,age         ] GC(551) Desired survivor size 8945664 bytes, new threshold 15 (max threshold 15)
[14.242s][trace][gc,age         ] GC(551) Age table with threshold 15 (max threshold 15)
[14.242s][trace][gc,age         ] GC(551) - age   1:     400208 bytes,     400208 total
[14.242s][info ][gc,heap        ] GC(551) DefNew: 140294K(157376K)->390K(157376K) Eden: 139904K(139904K)->0K(139904K) From: 390K(17472K)->390K(17472K)
[14.242s][info ][gc,heap        ] GC(551) Tenured: 3959K(349568K)->3959K(349568K)
[14.242s][info ][gc,metaspace   ] GC(551) Metaspace: 9887K(10176K)->9887K(10176K) NonClass: 8753K(8896K)->8753K(8896K) Class: 1134K(1280K)->1134K(1280K)
[14.242s][info ][gc             ] GC(551) Pause Young (Allocation Failure) 140M->4M(495M) 0.166ms
[14.242s][info ][gc,cpu         ] GC(551) User=0.00s Sys=0.00s Real=0.00s
[14.252s][info ][gc,start       ] GC(552) Pause Young (Allocation Failure)
[14.252s][debug][gc,age         ] GC(552) Desired survivor size 8945664 bytes, new threshold 15 (max threshold 15)
[14.252s][trace][gc,age         ] GC(552) Age table with threshold 15 (max threshold 15)
[14.252s][trace][gc,age         ] GC(552) - age   1:     400208 bytes,     400208 total
[14.252s][info ][gc,heap        ] GC(552) DefNew: 140294K(157376K)->390K(157376K) Eden: 139904K(139904K)->0K(139904K) From: 390K(17472K)->390K(17472K)
[14.252s][info ][gc,heap        ] GC(552) Tenured: 3959K(349568K)->3959K(349568K)
[14.252s][info ][gc,metaspace   ] GC(552) Metaspace: 9887K(10176K)->9887K(10176K) NonClass: 8753K(8896K)->8753K(8896K) Class: 1134K(1280K)->1134K(1280K)
[14.252s][info ][gc             ] GC(552) Pause Young (Allocation Failure) 140M->4M(495M) 0.161ms
[14.252s][info ][gc,cpu         ] GC(552) User=0.00s Sys=0.00s Real=0.00s
[14.262s][info ][gc,start       ] GC(553) Pause Young (Allocation Failure)
[14.262s][debug][gc,age         ] GC(553) Desired survivor size 8945664 bytes, new threshold 15 (max threshold 15)
[14.262s][trace][gc,age         ] GC(553) Age table with threshold 15 (max threshold 15)
[14.262s][trace][gc,age         ] GC(553) - age   1:     400208 bytes,     400208 total
[14.262s][info ][gc,heap        ] GC(553) DefNew: 140294K(157376K)->390K(157376K) Eden: 139904K(139904K)->0K(139904K) From: 390K(17472K)->390K(17472K)
[14.262s][info ][gc,heap        ] GC(553) Tenured: 3959K(349568K)->3959K(349568K)
[14.262s][info ][gc,metaspace   ] GC(553) Metaspace: 9887K(10176K)->9887K(10176K) NonClass: 8753K(8896K)->8753K(8896K) Class: 1134K(1280K)->1134K(1280K)
[14.262s][info ][gc             ] GC(553) Pause Young (Allocation Failure) 140M->4M(495M) 0.160ms
[14.262s][info ][gc,cpu         ] GC(553) User=0.00s Sys=0.00s Real=0.00s
[14.272s][info ][gc,start       ] GC(554) Pause Young (Allocation Failure)
[14.272s][debug][gc,age         ] GC(554) Desired survivor size 8945664 bytes, new threshold 15 (max threshold 15)
[14.272s][trace][gc,age         ] GC(554) Age table with threshold 15 (max threshold 15)
[14.272s][trace][gc,age         ] GC(554) - age   1:     400208 bytes,     400208 total
[14.272s][info ][gc,heap        ] GC(554) DefNew: 140294K(157376K)->390K(157376K) Eden: 139904K(139904K)->0K(139904K) From: 390K(17472K)->390K(17472K)
[14.272s][info ][gc,heap        ] GC(554) Tenured: 3959K(349568K)->3959K(349568K)
[14.272s][info ][gc,metaspace   ] GC(554) Metaspace: 9887K(10176K)->9887K(10176K) NonClass: 8753K(8896K)->8753K(8896K) Class: 1134K(1280K)->1134K(1280K)
[14.272s][info ][gc             ] GC(554) Pause Young (Allocation Failure) 140M->4M(495M) 0.159ms
[14.272s][info ][gc,cpu         ] GC(554) User=0.00s Sys=0.00s Real=0.00s
[14.282s][info ][gc,start       ] GC(555) Pause Young (Allocation Failure)
[14.283s][debug][gc,age         ] GC(555) Desired survivor size 8945664 bytes, new threshold 15 (max threshold 15)
[14.283s][trace][gc,age         ] GC(555) Age table with threshold 15 (max threshold 15)
[14.283s][trace][gc,age         ] GC(555) - age   1:     400208 bytes,     400208 total
[14.283s][info ][gc,heap        ] GC(555) DefNew: 140294K(157376K)->390K(157376K) Eden: 139904K(139904K)->0K(139904K) From: 390K(17472K)->390K(17472K)
[14.283s][info ][gc,heap        ] GC(555) Tenured: 3959K(349568K)->3959K(349568K)
[14.283s][info ][gc,metaspace   ] GC(555) Metaspace: 9887K(10176K)->9887K(10176K) NonClass: 8753K(8896K)->8753K(8896K) Class: 1134K(1280K)->1134K(1280K)
[14.283s][info ][gc             ] GC(555) Pause Young (Allocation Failure) 140M->4M(495M) 0.163ms
[14.283s][info ][gc,cpu         ] GC(555) User=0.00s Sys=0.00s Real=0.00s
[14.293s][info ][gc,start       ] GC(556) Pause Young (Allocation Failure)
[14.293s][debug][gc,age         ] GC(556) Desired survivor size 8945664 bytes, new threshold 15 (max threshold 15)
[14.293s][trace][gc,age         ] GC(556) Age table with threshold 15 (max threshold 15)
[14.293s][trace][gc,age         ] GC(556) - age   1:     400208 bytes,     400208 total
[14.293s][info ][gc,heap        ] GC(556) DefNew: 140294K(157376K)->390K(157376K) Eden: 139904K(139904K)->0K(139904K) From: 390K(17472K)->390K(17472K)
[14.293s][info ][gc,heap        ] GC(556) Tenured: 3959K(349568K)->3959K(349568K)
[14.293s][info ][gc,metaspace   ] GC(556) Metaspace: 9887K(10176K)->9887K(10176K) NonClass: 8753K(8896K)->8753K(8896K) Class: 1134K(1280K)->1134K(1280K)
[14.293s][info ][gc             ] GC(556) Pause Young (Allocation Failure) 140M->4M(495M) 0.179ms
[14.293s][info ][gc,cpu         ] GC(556) User=0.00s Sys=0.00s Real=0.00s
[14.303s][info ][gc,start       ] GC(557) Pause Young (Allocation Failure)
[14.303s][debug][gc,age         ] GC(557) Desired survivor size 8945664 bytes, new threshold 15 (max threshold 15)
[14.303s][trace][gc,age         ] GC(557) Age table with threshold 15 (max threshold 15)
[14.303s][trace][gc,age         ] GC(557) - age   1:     400208 bytes,     400208 total
[14.303s][info ][gc,heap        ] GC(557) DefNew: 140294K(157376K)->390K(157376K) Eden: 139904K(139904K)->0K(139904K) From: 390K(17472K)->390K(17472K)
[14.303s][info ][gc,heap        ] GC(557) Tenured: 3959K(349568K)->3959K(349568K)
[14.303s][info ][gc,metaspace   ] GC(557) Metaspace: 9887K(10176K)->9887K(10176K) NonClass: 8753K(8896K)->8753K(8896K) Class: 1134K(1280K)->1134K(1280K)
[14.303s][info ][gc             ] GC(557) Pause Young (Allocation Failure) 140M->4M(495M) 0.166ms
[14.303s][info ][gc,cpu         ] GC(557) User=0.00s Sys=0.00s Real=0.00s
[14.313s][info ][gc,start       ] GC(558) Pause Young (Allocation Failure)
[14.313s][debug][gc,age         ] GC(558) Desired survivor size 8945664 bytes, new threshold 15 (max threshold 15)
[14.313s][trace][gc,age         ] GC(558) Age table with threshold 15 (max threshold 15)
[14.313s][trace][gc,age         ] GC(558) - age   1:     400208 bytes,     400208 total
[14.313s][info ][gc,heap        ] GC(558) DefNew: 140294K(157376K)->390K(157376K) Eden: 139904K(139904K)->0K(139904K) From: 390K(17472K)->390K(17472K)
[14.313s][info ][gc,heap        ] GC(558) Tenured: 3959K(349568K)->3959K(349568K)
[14.313s][info ][gc,metaspace   ] GC(558) Metaspace: 9887K(10176K)->9887K(10176K) NonClass: 8753K(8896K)->8753K(8896K) Class: 1134K(1280K)->1134K(1280K)
[14.313s][info ][gc             ] GC(558) Pause Young (Allocation Failure) 140M->4M(495M) 0.158ms
[14.313s][info ][gc,cpu         ] GC(558) User=0.00s Sys=0.00s Real=0.00s
[14.323s][info ][gc,start       ] GC(559) Pause Young (Allocation Failure)
[14.323s][debug][gc,age         ] GC(559) Desired survivor size 8945664 bytes, new threshold 15 (max threshold 15)
[14.323s][trace][gc,age         ] GC(559) Age table with threshold 15 (max threshold 15)
[14.323s][trace][gc,age         ] GC(559) - age   1:     400208 bytes,     400208 total
[14.323s][info ][gc,heap        ] GC(559) DefNew: 140294K(157376K)->390K(157376K) Eden: 139904K(139904K)->0K(139904K) From: 390K(17472K)->390K(17472K)
[14.323s][info ][gc,heap        ] GC(559) Tenured: 3959K(349568K)->3959K(349568K)
[14.323s][info ][gc,metaspace   ] GC(559) Metaspace: 9887K(10176K)->9887K(10176K) NonClass: 8753K(8896K)->8753K(8896K) Class: 1134K(1280K)->1134K(1280K)
[14.323s][info ][gc             ] GC(559) Pause Young (Allocation Failure) 140M->4M(495M) 0.162ms
[14.323s][info ][gc,cpu         ] GC(559) User=0.00s Sys=0.00s Real=0.00s
[14.333s][info ][gc,start       ] GC(560) Pause Young (Allocation Failure)
[14.334s][debug][gc,age         ] GC(560) Desired survivor size 8945664 bytes, new threshold 15 (max threshold 15)
[14.334s][trace][gc,age         ] GC(560) Age table with threshold 15 (max threshold 15)
[14.334s][trace][gc,age         ] GC(560) - age   1:     400208 bytes,     400208 total
[14.334s][info ][gc,heap        ] GC(560) DefNew: 140294K(157376K)->390K(157376K) Eden: 139904K(139904K)->0K(139904K) From: 390K(17472K)->390K(17472K)
[14.334s][info ][gc,heap        ] GC(560) Tenured: 3959K(349568K)->3959K(349568K)
[14.334s][info ][gc,metaspace   ] GC(560) Metaspace: 9887K(10176K)->9887K(10176K) NonClass: 8753K(8896K)->8753K(8896K) Class: 1134K(1280K)->1134K(1280K)
[14.334s][info ][gc             ] GC(560) Pause Young (Allocation Failure) 140M->4M(495M) 0.159ms
[14.334s][info ][gc,cpu         ] GC(560) User=0.00s Sys=0.00s Real=0.00s
[14.344s][info ][gc,start       ] GC(561) Pause Young (Allocation Failure)
[14.344s][debug][gc,age         ] GC(561) Desired survivor size 8945664 bytes, new threshold 15 (max threshold 15)
[14.344s][trace][gc,age         ] GC(561) Age table with threshold 15 (max threshold 15)
[14.344s][trace][gc,age         ] GC(561) - age   1:     400208 bytes,     400208 total
[14.344s][info ][gc,heap        ] GC(561) DefNew: 140294K(157376K)->390K(157376K) Eden: 139904K(139904K)->0K(139904K) From: 390K(17472K)->390K(17472K)
[14.344s][info ][gc,heap        ] GC(561) Tenured: 3959K(349568K)->3959K(349568K)
[14.344s][info ][gc,metaspace   ] GC(561) Metaspace: 9887K(10176K)->9887K(10176K) NonClass: 8753K(8896K)->8753K(8896K) Class: 1134K(1280K)->1134K(1280K)
[14.344s][info ][gc             ] GC(561) Pause Young (Allocation Failure) 140M->4M(495M) 0.168ms
[14.344s][info ][gc,cpu         ] GC(561) User=0.00s Sys=0.00s Real=0.00s
[14.354s][info ][gc,start       ] GC(562) Pause Young (Allocation Failure)
[14.354s][debug][gc,age         ] GC(562) Desired survivor size 8945664 bytes, new threshold 15 (max threshold 15)
[14.354s][trace][gc,age         ] GC(562) Age table with threshold 15 (max threshold 15)
[14.354s][trace][gc,age         ] GC(562) - age   1:     400208 bytes,     400208 total
[14.354s][info ][gc,heap        ] GC(562) DefNew: 140294K(157376K)->390K(157376K) Eden: 139904K(139904K)->0K(139904K) From: 390K(17472K)->390K(17472K)
[14.354s][info ][gc,heap        ] GC(562) Tenured: 3959K(349568K)->3959K(349568K)
[14.354s][info ][gc,metaspace   ] GC(562) Metaspace: 9887K(10176K)->9887K(10176K) NonClass: 8753K(8896K)->8753K(8896K) Class: 1134K(1280K)->1134K(1280K)
[14.354s][info ][gc             ] GC(562) Pause Young (Allocation Failure) 140M->4M(495M) 0.163ms
[14.354s][info ][gc,cpu         ] GC(562) User=0.00s Sys=0.00s Real=0.00s
[14.364s][info ][gc,start       ] GC(563) Pause Young (Allocation Failure)
[14.364s][debug][gc,age         ] GC(563) Desired survivor size 8945664 bytes, new threshold 15 (max threshold 15)
[14.364s][trace][gc,age         ] GC(563) Age table with threshold 15 (max threshold 15)
[14.364s][trace][gc,age         ] GC(563) - age   1:     400208 bytes,     400208 total
[14.364s][info ][gc,heap        ] GC(563) DefNew: 140294K(157376K)->390K(157376K) Eden: 139904K(139904K)->0K(139904K) From: 390K(17472K)->390K(17472K)
[14.364s][info ][gc,heap        ] GC(563) Tenured: 3959K(349568K)->3959K(349568K)
[14.364s][info ][gc,metaspace   ] GC(563) Metaspace: 9887K(10176K)->9887K(10176K) NonClass: 8753K(8896K)->8753K(8896K) Class: 1134K(1280K)->1134K(1280K)
[14.364s][info ][gc             ] GC(563) Pause Young (Allocation Failure) 140M->4M(495M) 0.162ms
[14.364s][info ][gc,cpu         ] GC(563) User=0.00s Sys=0.00s Real=0.00s
[14.374s][info ][gc,start       ] GC(564) Pause Young (Allocation Failure)
[14.374s][debug][gc,age         ] GC(564) Desired survivor size 8945664 bytes, new threshold 15 (max threshold 15)
[14.374s][trace][gc,age         ] GC(564) Age table with threshold 15 (max threshold 15)
[14.374s][trace][gc,age         ] GC(564) - age   1:     400208 bytes,     400208 total
[14.374s][info ][gc,heap        ] GC(564) DefNew: 140294K(157376K)->390K(157376K) Eden: 139904K(139904K)->0K(139904K) From: 390K(17472K)->390K(17472K)
[14.374s][info ][gc,heap        ] GC(564) Tenured: 3959K(349568K)->3959K(349568K)
[14.374s][info ][gc,metaspace   ] GC(564) Metaspace: 9887K(10176K)->9887K(10176K) NonClass: 8753K(8896K)->8753K(8896K) Class: 1134K(1280K)->1134K(1280K)
[14.374s][info ][gc             ] GC(564) Pause Young (Allocation Failure) 140M->4M(495M) 0.161ms
[14.374s][info ][gc,cpu         ] GC(564) User=0.00s Sys=0.00s Real=0.00s
[14.384s][info ][gc,start       ] GC(565) Pause Young (Allocation Failure)
[14.384s][debug][gc,age         ] GC(565) Desired survivor size 8945664 bytes, new threshold 15 (max threshold 15)
[14.384s][trace][gc,age         ] GC(565) Age table with threshold 15 (max threshold 15)
[14.384s][trace][gc,age         ] GC(565) - age   1:     400208 bytes,     400208 total
[14.384s][info ][gc,heap        ] GC(565) DefNew: 140294K(157376K)->390K(157376K) Eden: 139904K(139904K)->0K(139904K) From: 390K(17472K)->390K(17472K)
[14.384s][info ][gc,heap        ] GC(565) Tenured: 3959K(349568K)->3959K(349568K)
[14.384s][info ][gc,metaspace   ] GC(565) Metaspace: 9887K(10176K)->9887K(10176K) NonClass: 8753K(8896K)->8753K(8896K) Class: 1134K(1280K)->1134K(1280K)
[14.384s][info ][gc             ] GC(565) Pause Young (Allocation Failure) 140M->4M(495M) 0.180ms
[14.384s][info ][gc,cpu         ] GC(565) User=0.00s Sys=0.00s Real=0.00s
[14.393s][info ][gc,start       ] GC(566) Pause Young (Allocation Failure)
[14.394s][debug][gc,age         ] GC(566) Desired survivor size 8945664 bytes, new threshold 15 (max threshold 15)
[14.394s][trace][gc,age         ] GC(566) Age table with threshold 15 (max threshold 15)
[14.394s][trace][gc,age         ] GC(566) - age   1:        192 bytes,        192 total
[14.394s][info ][gc,heap        ] GC(566) DefNew: 140294K(157376K)->0K(157376K) Eden: 139904K(139904K)->0K(139904K) From: 390K(17472K)->0K(17472K)
[14.394s][info ][gc,heap        ] GC(566) Tenured: 3959K(349568K)->3959K(349568K)
[14.394s][info ][gc,metaspace   ] GC(566) Metaspace: 9888K(10176K)->9888K(10176K) NonClass: 8754K(8896K)->8754K(8896K) Class: 1134K(1280K)->1134K(1280K)
[14.394s][info ][gc             ] GC(566) Pause Young (Allocation Failure) 140M->3M(495M) 0.192ms
[14.394s][info ][gc,cpu         ] GC(566) User=0.00s Sys=0.00s Real=0.00s
[14.403s][info ][gc,start       ] GC(567) Pause Young (Allocation Failure)
[14.403s][debug][gc,age         ] GC(567) Desired survivor size 8945664 bytes, new threshold 15 (max threshold 15)
[14.403s][trace][gc,age         ] GC(567) Age table with threshold 15 (max threshold 15)
[14.403s][trace][gc,age         ] GC(567) - age   1:        192 bytes,        192 total
[14.403s][info ][gc,heap        ] GC(567) DefNew: 139904K(157376K)->0K(157376K) Eden: 139904K(139904K)->0K(139904K) From: 0K(17472K)->0K(17472K)
[14.403s][info ][gc,heap        ] GC(567) Tenured: 3959K(349568K)->3959K(349568K)
[14.403s][info ][gc,metaspace   ] GC(567) Metaspace: 9888K(10176K)->9888K(10176K) NonClass: 8754K(8896K)->8754K(8896K) Class: 1134K(1280K)->1134K(1280K)
[14.403s][info ][gc             ] GC(567) Pause Young (Allocation Failure) 140M->3M(495M) 0.156ms
[14.403s][info ][gc,cpu         ] GC(567) User=0.00s Sys=0.00s Real=0.00s
[14.412s][info ][gc,start       ] GC(568) Pause Young (Allocation Failure)
[14.412s][debug][gc,age         ] GC(568) Desired survivor size 8945664 bytes, new threshold 15 (max threshold 15)
[14.412s][trace][gc,age         ] GC(568) Age table with threshold 15 (max threshold 15)
[14.412s][trace][gc,age         ] GC(568) - age   1:     400208 bytes,     400208 total
[14.412s][info ][gc,heap        ] GC(568) DefNew: 139840K(157376K)->390K(157376K) Eden: 139840K(139904K)->0K(139904K) From: 0K(17472K)->390K(17472K)
[14.412s][info ][gc,heap        ] GC(568) Tenured: 3959K(349568K)->3959K(349568K)
[14.412s][info ][gc,metaspace   ] GC(568) Metaspace: 9888K(10176K)->9888K(10176K) NonClass: 8754K(8896K)->8754K(8896K) Class: 1134K(1280K)->1134K(1280K)
[14.412s][info ][gc             ] GC(568) Pause Young (Allocation Failure) 140M->4M(495M) 0.157ms
[14.412s][info ][gc,cpu         ] GC(568) User=0.00s Sys=0.00s Real=0.00s
[14.421s][info ][gc,start       ] GC(569) Pause Young (Allocation Failure)
[14.421s][debug][gc,age         ] GC(569) Desired survivor size 8945664 bytes, new threshold 15 (max threshold 15)
[14.421s][trace][gc,age         ] GC(569) Age table with threshold 15 (max threshold 15)
[14.421s][trace][gc,age         ] GC(569) - age   1:     400208 bytes,     400208 total
[14.421s][info ][gc,heap        ] GC(569) DefNew: 140010K(157376K)->390K(157376K) Eden: 139619K(139904K)->0K(139904K) From: 390K(17472K)->390K(17472K)
[14.421s][info ][gc,heap        ] GC(569) Tenured: 3959K(349568K)->3959K(349568K)
[14.421s][info ][gc,metaspace   ] GC(569) Metaspace: 9888K(10176K)->9888K(10176K) NonClass: 8754K(8896K)->8754K(8896K) Class: 1134K(1280K)->1134K(1280K)
[14.421s][info ][gc             ] GC(569) Pause Young (Allocation Failure) 140M->4M(495M) 0.166ms
[14.421s][info ][gc,cpu         ] GC(569) User=0.00s Sys=0.00s Real=0.00s
[14.430s][info ][gc,start       ] GC(570) Pause Young (Allocation Failure)
[14.430s][debug][gc,age         ] GC(570) Desired survivor size 8945664 bytes, new threshold 15 (max threshold 15)
[14.430s][trace][gc,age         ] GC(570) Age table with threshold 15 (max threshold 15)
[14.430s][trace][gc,age         ] GC(570) - age   1:        192 bytes,        192 total
[14.430s][info ][gc,heap        ] GC(570) DefNew: 140185K(157376K)->0K(157376K) Eden: 139794K(139904K)->0K(139904K) From: 390K(17472K)->0K(17472K)
[14.430s][info ][gc,heap        ] GC(570) Tenured: 3959K(349568K)->3959K(349568K)
[14.430s][info ][gc,metaspace   ] GC(570) Metaspace: 9888K(10176K)->9888K(10176K) NonClass: 8754K(8896K)->8754K(8896K) Class: 1134K(1280K)->1134K(1280K)
[14.430s][info ][gc             ] GC(570) Pause Young (Allocation Failure) 140M->3M(495M) 0.144ms
[14.430s][info ][gc,cpu         ] GC(570) User=0.00s Sys=0.00s Real=0.00s
[14.439s][info ][gc,start       ] GC(571) Pause Young (Allocation Failure)
[14.439s][debug][gc,age         ] GC(571) Desired survivor size 8945664 bytes, new threshold 15 (max threshold 15)
[14.439s][trace][gc,age         ] GC(571) Age table with threshold 15 (max threshold 15)
[14.439s][trace][gc,age         ] GC(571) - age   1:     400208 bytes,     400208 total
[14.439s][info ][gc,heap        ] GC(571) DefNew: 139835K(157376K)->390K(157376K) Eden: 139835K(139904K)->0K(139904K) From: 0K(17472K)->390K(17472K)
[14.439s][info ][gc,heap        ] GC(571) Tenured: 3959K(349568K)->3959K(349568K)
[14.439s][info ][gc,metaspace   ] GC(571) Metaspace: 9888K(10176K)->9888K(10176K) NonClass: 8754K(8896K)->8754K(8896K) Class: 1134K(1280K)->1134K(1280K)
[14.439s][info ][gc             ] GC(571) Pause Young (Allocation Failure) 140M->4M(495M) 0.153ms
[14.439s][info ][gc,cpu         ] GC(571) User=0.00s Sys=0.00s Real=0.00s
[14.449s][info ][gc,start       ] GC(572) Pause Young (Allocation Failure)
[14.449s][debug][gc,age         ] GC(572) Desired survivor size 8945664 bytes, new threshold 15 (max threshold 15)
[14.449s][trace][gc,age         ] GC(572) Age table with threshold 15 (max threshold 15)
[14.449s][trace][gc,age         ] GC(572) - age   1:     400208 bytes,     400208 total
[14.449s][info ][gc,heap        ] GC(572) DefNew: 140294K(157376K)->390K(157376K) Eden: 139904K(139904K)->0K(139904K) From: 390K(17472K)->390K(17472K)
[14.449s][info ][gc,heap        ] GC(572) Tenured: 3959K(349568K)->3959K(349568K)
[14.449s][info ][gc,metaspace   ] GC(572) Metaspace: 9888K(10176K)->9888K(10176K) NonClass: 8754K(8896K)->8754K(8896K) Class: 1134K(1280K)->1134K(1280K)
[14.449s][info ][gc             ] GC(572) Pause Young (Allocation Failure) 140M->4M(495M) 0.157ms
[14.449s][info ][gc,cpu         ] GC(572) User=0.00s Sys=0.00s Real=0.00s
[14.458s][info ][gc,start       ] GC(573) Pause Young (Allocation Failure)
[14.458s][debug][gc,age         ] GC(573) Desired survivor size 8945664 bytes, new threshold 15 (max threshold 15)
[14.458s][trace][gc,age         ] GC(573) Age table with threshold 15 (max threshold 15)
[14.458s][trace][gc,age         ] GC(573) - age   1:     400208 bytes,     400208 total
[14.458s][info ][gc,heap        ] GC(573) DefNew: 140294K(157376K)->390K(157376K) Eden: 139904K(139904K)->0K(139904K) From: 390K(17472K)->390K(17472K)
[14.458s][info ][gc,heap        ] GC(573) Tenured: 3959K(349568K)->3959K(349568K)
[14.458s][info ][gc,metaspace   ] GC(573) Metaspace: 9888K(10176K)->9888K(10176K) NonClass: 8754K(8896K)->8754K(8896K) Class: 1134K(1280K)->1134K(1280K)
[14.458s][info ][gc             ] GC(573) Pause Young (Allocation Failure) 140M->4M(495M) 0.285ms
[14.458s][info ][gc,cpu         ] GC(573) User=0.00s Sys=0.00s Real=0.00s
[14.467s][info ][gc,start       ] GC(574) Pause Young (Allocation Failure)
[14.467s][debug][gc,age         ] GC(574) Desired survivor size 8945664 bytes, new threshold 15 (max threshold 15)
[14.467s][trace][gc,age         ] GC(574) Age table with threshold 15 (max threshold 15)
[14.467s][trace][gc,age         ] GC(574) - age   1:        192 bytes,        192 total
[14.467s][info ][gc,heap        ] GC(574) DefNew: 140294K(157376K)->0K(157376K) Eden: 139904K(139904K)->0K(139904K) From: 390K(17472K)->0K(17472K)
[14.467s][info ][gc,heap        ] GC(574) Tenured: 3959K(349568K)->3959K(349568K)
[14.467s][info ][gc,metaspace   ] GC(574) Metaspace: 9888K(10176K)->9888K(10176K) NonClass: 8754K(8896K)->8754K(8896K) Class: 1134K(1280K)->1134K(1280K)
[14.467s][info ][gc             ] GC(574) Pause Young (Allocation Failure) 140M->3M(495M) 0.210ms
[14.467s][info ][gc,cpu         ] GC(574) User=0.00s Sys=0.00s Real=0.00s
[14.476s][info ][gc,start       ] GC(575) Pause Young (Allocation Failure)
[14.476s][debug][gc,age         ] GC(575) Desired survivor size 8945664 bytes, new threshold 15 (max threshold 15)
[14.476s][trace][gc,age         ] GC(575) Age table with threshold 15 (max threshold 15)
[14.476s][trace][gc,age         ] GC(575) - age   1:     400208 bytes,     400208 total
[14.476s][info ][gc,heap        ] GC(575) DefNew: 139904K(157376K)->390K(157376K) Eden: 139904K(139904K)->0K(139904K) From: 0K(17472K)->390K(17472K)
[14.476s][info ][gc,heap        ] GC(575) Tenured: 3959K(349568K)->3959K(349568K)
[14.476s][info ][gc,metaspace   ] GC(575) Metaspace: 9888K(10176K)->9888K(10176K) NonClass: 8754K(8896K)->8754K(8896K) Class: 1134K(1280K)->1134K(1280K)
[14.476s][info ][gc             ] GC(575) Pause Young (Allocation Failure) 140M->4M(495M) 0.185ms
[14.476s][info ][gc,cpu         ] GC(575) User=0.00s Sys=0.00s Real=0.00s
[14.485s][info ][gc,start       ] GC(576) Pause Young (Allocation Failure)
[14.485s][debug][gc,age         ] GC(576) Desired survivor size 8945664 bytes, new threshold 15 (max threshold 15)
[14.485s][trace][gc,age         ] GC(576) Age table with threshold 15 (max threshold 15)
[14.485s][trace][gc,age         ] GC(576) - age   1:     400208 bytes,     400208 total
[14.485s][info ][gc,heap        ] GC(576) DefNew: 140294K(157376K)->390K(157376K) Eden: 139904K(139904K)->0K(139904K) From: 390K(17472K)->390K(17472K)
[14.485s][info ][gc,heap        ] GC(576) Tenured: 3959K(349568K)->3959K(349568K)
[14.485s][info ][gc,metaspace   ] GC(576) Metaspace: 9888K(10176K)->9888K(10176K) NonClass: 8754K(8896K)->8754K(8896K) Class: 1134K(1280K)->1134K(1280K)
[14.485s][info ][gc             ] GC(576) Pause Young (Allocation Failure) 140M->4M(495M) 0.196ms
[14.485s][info ][gc,cpu         ] GC(576) User=0.00s Sys=0.00s Real=0.00s
[14.494s][info ][gc,start       ] GC(577) Pause Young (Allocation Failure)
[14.494s][debug][gc,age         ] GC(577) Desired survivor size 8945664 bytes, new threshold 15 (max threshold 15)
[14.494s][trace][gc,age         ] GC(577) Age table with threshold 15 (max threshold 15)
[14.494s][trace][gc,age         ] GC(577) - age   1:     400208 bytes,     400208 total
[14.494s][info ][gc,heap        ] GC(577) DefNew: 140294K(157376K)->390K(157376K) Eden: 139904K(139904K)->0K(139904K) From: 390K(17472K)->390K(17472K)
[14.494s][info ][gc,heap        ] GC(577) Tenured: 3959K(349568K)->3959K(349568K)
[14.494s][info ][gc,metaspace   ] GC(577) Metaspace: 9888K(10176K)->9888K(10176K) NonClass: 8754K(8896K)->8754K(8896K) Class: 1134K(1280K)->1134K(1280K)
[14.494s][info ][gc             ] GC(577) Pause Young (Allocation Failure) 140M->4M(495M) 0.180ms
[14.494s][info ][gc,cpu         ] GC(577) User=0.00s Sys=0.00s Real=0.00s
[14.502s][info ][gc,start       ] GC(578) Pause Young (Allocation Failure)
[14.502s][debug][gc,age         ] GC(578) Desired survivor size 8945664 bytes, new threshold 15 (max threshold 15)
[14.502s][trace][gc,age         ] GC(578) Age table with threshold 15 (max threshold 15)
[14.502s][trace][gc,age         ] GC(578) - age   1:     400208 bytes,     400208 total
[14.502s][info ][gc,heap        ] GC(578) DefNew: 140294K(157376K)->390K(157376K) Eden: 139904K(139904K)->0K(139904K) From: 390K(17472K)->390K(17472K)
[14.502s][info ][gc,heap        ] GC(578) Tenured: 3959K(349568K)->3959K(349568K)
[14.502s][info ][gc,metaspace   ] GC(578) Metaspace: 9888K(10176K)->9888K(10176K) NonClass: 8754K(8896K)->8754K(8896K) Class: 1134K(1280K)->1134K(1280K)
[14.502s][info ][gc             ] GC(578) Pause Young (Allocation Failure) 140M->4M(495M) 0.173ms
[14.502s][info ][gc,cpu         ] GC(578) User=0.01s Sys=0.00s Real=0.00s
[14.511s][info ][gc,start       ] GC(579) Pause Young (Allocation Failure)
[14.511s][debug][gc,age         ] GC(579) Desired survivor size 8945664 bytes, new threshold 15 (max threshold 15)
[14.511s][trace][gc,age         ] GC(579) Age table with threshold 15 (max threshold 15)
[14.511s][trace][gc,age         ] GC(579) - age   1:     400208 bytes,     400208 total
[14.511s][info ][gc,heap        ] GC(579) DefNew: 140294K(157376K)->390K(157376K) Eden: 139904K(139904K)->0K(139904K) From: 390K(17472K)->390K(17472K)
[14.511s][info ][gc,heap        ] GC(579) Tenured: 3959K(349568K)->3959K(349568K)
[14.511s][info ][gc,metaspace   ] GC(579) Metaspace: 9888K(10176K)->9888K(10176K) NonClass: 8754K(8896K)->8754K(8896K) Class: 1134K(1280K)->1134K(1280K)
[14.511s][info ][gc             ] GC(579) Pause Young (Allocation Failure) 140M->4M(495M) 0.134ms
[14.511s][info ][gc,cpu         ] GC(579) User=0.00s Sys=0.00s Real=0.00s
[14.519s][info ][gc,start       ] GC(580) Pause Young (Allocation Failure)
[14.519s][debug][gc,age         ] GC(580) Desired survivor size 8945664 bytes, new threshold 15 (max threshold 15)
[14.519s][trace][gc,age         ] GC(580) Age table with threshold 15 (max threshold 15)
[14.519s][trace][gc,age         ] GC(580) - age   1:     400208 bytes,     400208 total
[14.519s][info ][gc,heap        ] GC(580) DefNew: 140294K(157376K)->390K(157376K) Eden: 139904K(139904K)->0K(139904K) From: 390K(17472K)->390K(17472K)
[14.519s][info ][gc,heap        ] GC(580) Tenured: 3959K(349568K)->3959K(349568K)
[14.519s][info ][gc,metaspace   ] GC(580) Metaspace: 9888K(10176K)->9888K(10176K) NonClass: 8754K(8896K)->8754K(8896K) Class: 1134K(1280K)->1134K(1280K)
[14.519s][info ][gc             ] GC(580) Pause Young (Allocation Failure) 140M->4M(495M) 0.167ms
[14.519s][info ][gc,cpu         ] GC(580) User=0.00s Sys=0.00s Real=0.00s
[14.527s][info ][gc,start       ] GC(581) Pause Young (Allocation Failure)
[14.527s][debug][gc,age         ] GC(581) Desired survivor size 8945664 bytes, new threshold 15 (max threshold 15)
[14.527s][trace][gc,age         ] GC(581) Age table with threshold 15 (max threshold 15)
[14.527s][trace][gc,age         ] GC(581) - age   1:     400208 bytes,     400208 total
[14.527s][info ][gc,heap        ] GC(581) DefNew: 140294K(157376K)->390K(157376K) Eden: 139904K(139904K)->0K(139904K) From: 390K(17472K)->390K(17472K)
[14.527s][info ][gc,heap        ] GC(581) Tenured: 3959K(349568K)->3959K(349568K)
[14.527s][info ][gc,metaspace   ] GC(581) Metaspace: 9888K(10176K)->9888K(10176K) NonClass: 8754K(8896K)->8754K(8896K) Class: 1134K(1280K)->1134K(1280K)
[14.527s][info ][gc             ] GC(581) Pause Young (Allocation Failure) 140M->4M(495M) 0.125ms
[14.527s][info ][gc,cpu         ] GC(581) User=0.00s Sys=0.00s Real=0.00s
[14.536s][info ][gc,start       ] GC(582) Pause Young (Allocation Failure)
[14.536s][debug][gc,age         ] GC(582) Desired survivor size 8945664 bytes, new threshold 15 (max threshold 15)
[14.536s][trace][gc,age         ] GC(582) Age table with threshold 15 (max threshold 15)
[14.536s][trace][gc,age         ] GC(582) - age   1:     400208 bytes,     400208 total
[14.536s][info ][gc,heap        ] GC(582) DefNew: 140294K(157376K)->390K(157376K) Eden: 139904K(139904K)->0K(139904K) From: 390K(17472K)->390K(17472K)
[14.536s][info ][gc,heap        ] GC(582) Tenured: 3959K(349568K)->3959K(349568K)
[14.536s][info ][gc,metaspace   ] GC(582) Metaspace: 9888K(10176K)->9888K(10176K) NonClass: 8754K(8896K)->8754K(8896K) Class: 1134K(1280K)->1134K(1280K)
[14.536s][info ][gc             ] GC(582) Pause Young (Allocation Failure) 140M->4M(495M) 0.175ms
[14.536s][info ][gc,cpu         ] GC(582) User=0.00s Sys=0.00s Real=0.00s
[14.544s][info ][gc,start       ] GC(583) Pause Young (Allocation Failure)
[14.544s][debug][gc,age         ] GC(583) Desired survivor size 8945664 bytes, new threshold 15 (max threshold 15)
[14.544s][trace][gc,age         ] GC(583) Age table with threshold 15 (max threshold 15)
[14.544s][trace][gc,age         ] GC(583) - age   1:     400208 bytes,     400208 total
[14.544s][info ][gc,heap        ] GC(583) DefNew: 140294K(157376K)->390K(157376K) Eden: 139904K(139904K)->0K(139904K) From: 390K(17472K)->390K(17472K)
[14.544s][info ][gc,heap        ] GC(583) Tenured: 3959K(349568K)->3959K(349568K)
[14.544s][info ][gc,metaspace   ] GC(583) Metaspace: 9888K(10176K)->9888K(10176K) NonClass: 8754K(8896K)->8754K(8896K) Class: 1134K(1280K)->1134K(1280K)
[14.544s][info ][gc             ] GC(583) Pause Young (Allocation Failure) 140M->4M(495M) 0.116ms
[14.544s][info ][gc,cpu         ] GC(583) User=0.00s Sys=0.00s Real=0.00s
[14.552s][info ][gc,start       ] GC(584) Pause Young (Allocation Failure)
[14.552s][debug][gc,age         ] GC(584) Desired survivor size 8945664 bytes, new threshold 15 (max threshold 15)
[14.552s][trace][gc,age         ] GC(584) Age table with threshold 15 (max threshold 15)
[14.552s][trace][gc,age         ] GC(584) - age   1:     400208 bytes,     400208 total
[14.552s][info ][gc,heap        ] GC(584) DefNew: 140294K(157376K)->390K(157376K) Eden: 139904K(139904K)->0K(139904K) From: 390K(17472K)->390K(17472K)
[14.552s][info ][gc,heap        ] GC(584) Tenured: 3959K(349568K)->3959K(349568K)
[14.552s][info ][gc,metaspace   ] GC(584) Metaspace: 9888K(10176K)->9888K(10176K) NonClass: 8754K(8896K)->8754K(8896K) Class: 1134K(1280K)->1134K(1280K)
[14.552s][info ][gc             ] GC(584) Pause Young (Allocation Failure) 140M->4M(495M) 0.090ms
[14.552s][info ][gc,cpu         ] GC(584) User=0.00s Sys=0.00s Real=0.00s
[14.561s][info ][gc,start       ] GC(585) Pause Young (Allocation Failure)
[14.561s][debug][gc,age         ] GC(585) Desired survivor size 8945664 bytes, new threshold 15 (max threshold 15)
[14.561s][trace][gc,age         ] GC(585) Age table with threshold 15 (max threshold 15)
[14.561s][trace][gc,age         ] GC(585) - age   1:        192 bytes,        192 total
[14.561s][info ][gc,heap        ] GC(585) DefNew: 140294K(157376K)->0K(157376K) Eden: 139904K(139904K)->0K(139904K) From: 390K(17472K)->0K(17472K)
[14.561s][info ][gc,heap        ] GC(585) Tenured: 3959K(349568K)->3959K(349568K)
[14.561s][info ][gc,metaspace   ] GC(585) Metaspace: 9888K(10176K)->9888K(10176K) NonClass: 8754K(8896K)->8754K(8896K) Class: 1134K(1280K)->1134K(1280K)
[14.561s][info ][gc             ] GC(585) Pause Young (Allocation Failure) 140M->3M(495M) 0.069ms
[14.561s][info ][gc,cpu         ] GC(585) User=0.00s Sys=0.00s Real=0.00s
[14.569s][info ][gc,start       ] GC(586) Pause Young (Allocation Failure)
[14.569s][debug][gc,age         ] GC(586) Desired survivor size 8945664 bytes, new threshold 15 (max threshold 15)
[14.569s][trace][gc,age         ] GC(586) Age table with threshold 15 (max threshold 15)
[14.569s][trace][gc,age         ] GC(586) - age   1:        192 bytes,        192 total
[14.569s][info ][gc,heap        ] GC(586) DefNew: 139904K(157376K)->0K(157376K) Eden: 139904K(139904K)->0K(139904K) From: 0K(17472K)->0K(17472K)
[14.569s][info ][gc,heap        ] GC(586) Tenured: 3959K(349568K)->3959K(349568K)
[14.569s][info ][gc,metaspace   ] GC(586) Metaspace: 9888K(10176K)->9888K(10176K) NonClass: 8754K(8896K)->8754K(8896K) Class: 1134K(1280K)->1134K(1280K)
[14.569s][info ][gc             ] GC(586) Pause Young (Allocation Failure) 140M->3M(495M) 0.169ms
[14.569s][info ][gc,cpu         ] GC(586) User=0.00s Sys=0.00s Real=0.00s
[14.577s][info ][gc,start       ] GC(587) Pause Young (Allocation Failure)
[14.577s][debug][gc,age         ] GC(587) Desired survivor size 8945664 bytes, new threshold 15 (max threshold 15)
[14.577s][trace][gc,age         ] GC(587) Age table with threshold 15 (max threshold 15)
[14.577s][trace][gc,age         ] GC(587) - age   1:        192 bytes,        192 total
[14.577s][info ][gc,heap        ] GC(587) DefNew: 139904K(157376K)->0K(157376K) Eden: 139904K(139904K)->0K(139904K) From: 0K(17472K)->0K(17472K)
[14.577s][info ][gc,heap        ] GC(587) Tenured: 3959K(349568K)->3959K(349568K)
[14.577s][info ][gc,metaspace   ] GC(587) Metaspace: 9888K(10176K)->9888K(10176K) NonClass: 8754K(8896K)->8754K(8896K) Class: 1134K(1280K)->1134K(1280K)
[14.577s][info ][gc             ] GC(587) Pause Young (Allocation Failure) 140M->3M(495M) 0.156ms
[14.577s][info ][gc,cpu         ] GC(587) User=0.00s Sys=0.00s Real=0.00s
[14.586s][info ][gc,start       ] GC(588) Pause Young (Allocation Failure)
[14.586s][debug][gc,age         ] GC(588) Desired survivor size 8945664 bytes, new threshold 15 (max threshold 15)
[14.586s][trace][gc,age         ] GC(588) Age table with threshold 15 (max threshold 15)
[14.586s][trace][gc,age         ] GC(588) - age   1:        192 bytes,        192 total
[14.586s][info ][gc,heap        ] GC(588) DefNew: 139904K(157376K)->0K(157376K) Eden: 139904K(139904K)->0K(139904K) From: 0K(17472K)->0K(17472K)
[14.586s][info ][gc,heap        ] GC(588) Tenured: 3959K(349568K)->3959K(349568K)
[14.586s][info ][gc,metaspace   ] GC(588) Metaspace: 9888K(10176K)->9888K(10176K) NonClass: 8754K(8896K)->8754K(8896K) Class: 1134K(1280K)->1134K(1280K)
[14.586s][info ][gc             ] GC(588) Pause Young (Allocation Failure) 140M->3M(495M) 0.150ms
[14.586s][info ][gc,cpu         ] GC(588) User=0.00s Sys=0.00s Real=0.00s
[14.594s][info ][gc,start       ] GC(589) Pause Young (Allocation Failure)
[14.594s][debug][gc,age         ] GC(589) Desired survivor size 8945664 bytes, new threshold 15 (max threshold 15)
[14.594s][trace][gc,age         ] GC(589) Age table with threshold 15 (max threshold 15)
[14.594s][trace][gc,age         ] GC(589) - age   1:        192 bytes,        192 total
[14.594s][info ][gc,heap        ] GC(589) DefNew: 139904K(157376K)->0K(157376K) Eden: 139904K(139904K)->0K(139904K) From: 0K(17472K)->0K(17472K)
[14.594s][info ][gc,heap        ] GC(589) Tenured: 3959K(349568K)->3959K(349568K)
[14.594s][info ][gc,metaspace   ] GC(589) Metaspace: 9888K(10176K)->9888K(10176K) NonClass: 8754K(8896K)->8754K(8896K) Class: 1134K(1280K)->1134K(1280K)
[14.594s][info ][gc             ] GC(589) Pause Young (Allocation Failure) 140M->3M(495M) 0.145ms
[14.594s][info ][gc,cpu         ] GC(589) User=0.00s Sys=0.00s Real=0.00s
[14.602s][info ][gc,start       ] GC(590) Pause Young (Allocation Failure)
[14.602s][debug][gc,age         ] GC(590) Desired survivor size 8945664 bytes, new threshold 15 (max threshold 15)
[14.602s][trace][gc,age         ] GC(590) Age table with threshold 15 (max threshold 15)
[14.602s][trace][gc,age         ] GC(590) - age   1:        192 bytes,        192 total
[14.602s][info ][gc,heap        ] GC(590) DefNew: 139904K(157376K)->0K(157376K) Eden: 139904K(139904K)->0K(139904K) From: 0K(17472K)->0K(17472K)
[14.602s][info ][gc,heap        ] GC(590) Tenured: 3959K(349568K)->3959K(349568K)
[14.602s][info ][gc,metaspace   ] GC(590) Metaspace: 9888K(10176K)->9888K(10176K) NonClass: 8754K(8896K)->8754K(8896K) Class: 1134K(1280K)->1134K(1280K)
[14.602s][info ][gc             ] GC(590) Pause Young (Allocation Failure) 140M->3M(495M) 0.146ms
[14.602s][info ][gc,cpu         ] GC(590) User=0.00s Sys=0.00s Real=0.00s
[14.611s][info ][gc,start       ] GC(591) Pause Young (Allocation Failure)
[14.611s][debug][gc,age         ] GC(591) Desired survivor size 8945664 bytes, new threshold 15 (max threshold 15)
[14.611s][trace][gc,age         ] GC(591) Age table with threshold 15 (max threshold 15)
[14.611s][trace][gc,age         ] GC(591) - age   1:        192 bytes,        192 total
[14.611s][info ][gc,heap        ] GC(591) DefNew: 139904K(157376K)->0K(157376K) Eden: 139904K(139904K)->0K(139904K) From: 0K(17472K)->0K(17472K)
[14.611s][info ][gc,heap        ] GC(591) Tenured: 3959K(349568K)->3959K(349568K)
[14.611s][info ][gc,metaspace   ] GC(591) Metaspace: 9888K(10176K)->9888K(10176K) NonClass: 8754K(8896K)->8754K(8896K) Class: 1134K(1280K)->1134K(1280K)
[14.611s][info ][gc             ] GC(591) Pause Young (Allocation Failure) 140M->3M(495M) 0.144ms
[14.611s][info ][gc,cpu         ] GC(591) User=0.00s Sys=0.00s Real=0.00s
[14.619s][info ][gc,start       ] GC(592) Pause Young (Allocation Failure)
[14.619s][debug][gc,age         ] GC(592) Desired survivor size 8945664 bytes, new threshold 15 (max threshold 15)
[14.619s][trace][gc,age         ] GC(592) Age table with threshold 15 (max threshold 15)
[14.619s][trace][gc,age         ] GC(592) - age   1:        192 bytes,        192 total
[14.619s][info ][gc,heap        ] GC(592) DefNew: 139904K(157376K)->0K(157376K) Eden: 139904K(139904K)->0K(139904K) From: 0K(17472K)->0K(17472K)
[14.619s][info ][gc,heap        ] GC(592) Tenured: 3959K(349568K)->3959K(349568K)
[14.619s][info ][gc,metaspace   ] GC(592) Metaspace: 9888K(10176K)->9888K(10176K) NonClass: 8754K(8896K)->8754K(8896K) Class: 1134K(1280K)->1134K(1280K)
[14.619s][info ][gc             ] GC(592) Pause Young (Allocation Failure) 140M->3M(495M) 0.151ms
[14.619s][info ][gc,cpu         ] GC(592) User=0.00s Sys=0.00s Real=0.00s
[14.627s][info ][gc,start       ] GC(593) Pause Young (Allocation Failure)
[14.627s][debug][gc,age         ] GC(593) Desired survivor size 8945664 bytes, new threshold 15 (max threshold 15)
[14.627s][trace][gc,age         ] GC(593) Age table with threshold 15 (max threshold 15)
[14.627s][trace][gc,age         ] GC(593) - age   1:        192 bytes,        192 total
[14.627s][info ][gc,heap        ] GC(593) DefNew: 139904K(157376K)->0K(157376K) Eden: 139904K(139904K)->0K(139904K) From: 0K(17472K)->0K(17472K)
[14.627s][info ][gc,heap        ] GC(593) Tenured: 3959K(349568K)->3959K(349568K)
[14.627s][info ][gc,metaspace   ] GC(593) Metaspace: 9888K(10176K)->9888K(10176K) NonClass: 8754K(8896K)->8754K(8896K) Class: 1134K(1280K)->1134K(1280K)
[14.627s][info ][gc             ] GC(593) Pause Young (Allocation Failure) 140M->3M(495M) 0.140ms
[14.627s][info ][gc,cpu         ] GC(593) User=0.00s Sys=0.00s Real=0.00s
[14.636s][info ][gc,start       ] GC(594) Pause Young (Allocation Failure)
[14.636s][debug][gc,age         ] GC(594) Desired survivor size 8945664 bytes, new threshold 15 (max threshold 15)
[14.636s][trace][gc,age         ] GC(594) Age table with threshold 15 (max threshold 15)
[14.636s][trace][gc,age         ] GC(594) - age   1:        192 bytes,        192 total
[14.636s][info ][gc,heap        ] GC(594) DefNew: 139904K(157376K)->0K(157376K) Eden: 139904K(139904K)->0K(139904K) From: 0K(17472K)->0K(17472K)
[14.636s][info ][gc,heap        ] GC(594) Tenured: 3959K(349568K)->3959K(349568K)
[14.636s][info ][gc,metaspace   ] GC(594) Metaspace: 9888K(10176K)->9888K(10176K) NonClass: 8754K(8896K)->8754K(8896K) Class: 1134K(1280K)->1134K(1280K)
[14.636s][info ][gc             ] GC(594) Pause Young (Allocation Failure) 140M->3M(495M) 0.146ms
[14.636s][info ][gc,cpu         ] GC(594) User=0.00s Sys=0.00s Real=0.00s
[14.644s][info ][gc,start       ] GC(595) Pause Young (Allocation Failure)
[14.644s][debug][gc,age         ] GC(595) Desired survivor size 8945664 bytes, new threshold 15 (max threshold 15)
[14.644s][trace][gc,age         ] GC(595) Age table with threshold 15 (max threshold 15)
[14.644s][trace][gc,age         ] GC(595) - age   1:     400208 bytes,     400208 total
[14.644s][info ][gc,heap        ] GC(595) DefNew: 139904K(157376K)->390K(157376K) Eden: 139904K(139904K)->0K(139904K) From: 0K(17472K)->390K(17472K)
[14.644s][info ][gc,heap        ] GC(595) Tenured: 3959K(349568K)->3959K(349568K)
[14.644s][info ][gc,metaspace   ] GC(595) Metaspace: 9888K(10176K)->9888K(10176K) NonClass: 8754K(8896K)->8754K(8896K) Class: 1134K(1280K)->1134K(1280K)
[14.644s][info ][gc             ] GC(595) Pause Young (Allocation Failure) 140M->4M(495M) 0.132ms
[14.644s][info ][gc,cpu         ] GC(595) User=0.00s Sys=0.00s Real=0.00s
[14.652s][info ][gc,start       ] GC(596) Pause Young (Allocation Failure)
[14.652s][debug][gc,age         ] GC(596) Desired survivor size 8945664 bytes, new threshold 15 (max threshold 15)
[14.652s][trace][gc,age         ] GC(596) Age table with threshold 15 (max threshold 15)
[14.652s][trace][gc,age         ] GC(596) - age   1:     400208 bytes,     400208 total
[14.652s][info ][gc,heap        ] GC(596) DefNew: 140294K(157376K)->390K(157376K) Eden: 139904K(139904K)->0K(139904K) From: 390K(17472K)->390K(17472K)
[14.652s][info ][gc,heap        ] GC(596) Tenured: 3959K(349568K)->3959K(349568K)
[14.652s][info ][gc,metaspace   ] GC(596) Metaspace: 9888K(10176K)->9888K(10176K) NonClass: 8754K(8896K)->8754K(8896K) Class: 1134K(1280K)->1134K(1280K)
[14.652s][info ][gc             ] GC(596) Pause Young (Allocation Failure) 140M->4M(495M) 0.159ms
[14.652s][info ][gc,cpu         ] GC(596) User=0.00s Sys=0.00s Real=0.00s
[14.661s][info ][gc,start       ] GC(597) Pause Young (Allocation Failure)
[14.661s][debug][gc,age         ] GC(597) Desired survivor size 8945664 bytes, new threshold 15 (max threshold 15)
[14.661s][trace][gc,age         ] GC(597) Age table with threshold 15 (max threshold 15)
[14.661s][trace][gc,age         ] GC(597) - age   1:     400208 bytes,     400208 total
[14.661s][info ][gc,heap        ] GC(597) DefNew: 140294K(157376K)->390K(157376K) Eden: 139904K(139904K)->0K(139904K) From: 390K(17472K)->390K(17472K)
[14.661s][info ][gc,heap        ] GC(597) Tenured: 3959K(349568K)->3959K(349568K)
[14.661s][info ][gc,metaspace   ] GC(597) Metaspace: 9888K(10176K)->9888K(10176K) NonClass: 8754K(8896K)->8754K(8896K) Class: 1134K(1280K)->1134K(1280K)
[14.661s][info ][gc             ] GC(597) Pause Young (Allocation Failure) 140M->4M(495M) 0.107ms
[14.661s][info ][gc,cpu         ] GC(597) User=0.00s Sys=0.00s Real=0.00s
[14.669s][info ][gc,start       ] GC(598) Pause Young (Allocation Failure)
[14.669s][debug][gc,age         ] GC(598) Desired survivor size 8945664 bytes, new threshold 15 (max threshold 15)
[14.669s][trace][gc,age         ] GC(598) Age table with threshold 15 (max threshold 15)
[14.669s][trace][gc,age         ] GC(598) - age   1:     400208 bytes,     400208 total
[14.669s][info ][gc,heap        ] GC(598) DefNew: 140294K(157376K)->390K(157376K) Eden: 139904K(139904K)->0K(139904K) From: 390K(17472K)->390K(17472K)
[14.669s][info ][gc,heap        ] GC(598) Tenured: 3959K(349568K)->3959K(349568K)
[14.669s][info ][gc,metaspace   ] GC(598) Metaspace: 9888K(10176K)->9888K(10176K) NonClass: 8754K(8896K)->8754K(8896K) Class: 1134K(1280K)->1134K(1280K)
[14.669s][info ][gc             ] GC(598) Pause Young (Allocation Failure) 140M->4M(495M) 0.162ms
[14.669s][info ][gc,cpu         ] GC(598) User=0.00s Sys=0.00s Real=0.00s
[14.677s][info ][gc,start       ] GC(599) Pause Young (Allocation Failure)
[14.677s][debug][gc,age         ] GC(599) Desired survivor size 8945664 bytes, new threshold 15 (max threshold 15)
[14.677s][trace][gc,age         ] GC(599) Age table with threshold 15 (max threshold 15)
[14.677s][trace][gc,age         ] GC(599) - age   1:     400208 bytes,     400208 total
[14.677s][info ][gc,heap        ] GC(599) DefNew: 140294K(157376K)->390K(157376K) Eden: 139904K(139904K)->0K(139904K) From: 390K(17472K)->390K(17472K)
[14.677s][info ][gc,heap        ] GC(599) Tenured: 3959K(349568K)->3959K(349568K)
[14.678s][info ][gc,metaspace   ] GC(599) Metaspace: 9888K(10176K)->9888K(10176K) NonClass: 8754K(8896K)->8754K(8896K) Class: 1134K(1280K)->1134K(1280K)
[14.678s][info ][gc             ] GC(599) Pause Young (Allocation Failure) 140M->4M(495M) 0.156ms
[14.678s][info ][gc,cpu         ] GC(599) User=0.00s Sys=0.00s Real=0.00s
[14.686s][info ][gc,start       ] GC(600) Pause Young (Allocation Failure)
[14.686s][debug][gc,age         ] GC(600) Desired survivor size 8945664 bytes, new threshold 15 (max threshold 15)
[14.686s][trace][gc,age         ] GC(600) Age table with threshold 15 (max threshold 15)
[14.686s][trace][gc,age         ] GC(600) - age   1:     400208 bytes,     400208 total
[14.686s][info ][gc,heap        ] GC(600) DefNew: 140294K(157376K)->390K(157376K) Eden: 139904K(139904K)->0K(139904K) From: 390K(17472K)->390K(17472K)
[14.686s][info ][gc,heap        ] GC(600) Tenured: 3959K(349568K)->3959K(349568K)
[14.686s][info ][gc,metaspace   ] GC(600) Metaspace: 9888K(10176K)->9888K(10176K) NonClass: 8754K(8896K)->8754K(8896K) Class: 1134K(1280K)->1134K(1280K)
[14.686s][info ][gc             ] GC(600) Pause Young (Allocation Failure) 140M->4M(495M) 0.123ms
[14.686s][info ][gc,cpu         ] GC(600) User=0.00s Sys=0.00s Real=0.00s
[14.694s][info ][gc,start       ] GC(601) Pause Young (Allocation Failure)
[14.694s][debug][gc,age         ] GC(601) Desired survivor size 8945664 bytes, new threshold 15 (max threshold 15)
[14.694s][trace][gc,age         ] GC(601) Age table with threshold 15 (max threshold 15)
[14.694s][trace][gc,age         ] GC(601) - age   1:     400208 bytes,     400208 total
[14.694s][info ][gc,heap        ] GC(601) DefNew: 140294K(157376K)->390K(157376K) Eden: 139904K(139904K)->0K(139904K) From: 390K(17472K)->390K(17472K)
[14.694s][info ][gc,heap        ] GC(601) Tenured: 3959K(349568K)->3959K(349568K)
[14.694s][info ][gc,metaspace   ] GC(601) Metaspace: 9888K(10176K)->9888K(10176K) NonClass: 8754K(8896K)->8754K(8896K) Class: 1134K(1280K)->1134K(1280K)
[14.694s][info ][gc             ] GC(601) Pause Young (Allocation Failure) 140M->4M(495M) 0.166ms
[14.694s][info ][gc,cpu         ] GC(601) User=0.00s Sys=0.00s Real=0.00s
[14.702s][info ][gc,start       ] GC(602) Pause Young (Allocation Failure)
[14.703s][debug][gc,age         ] GC(602) Desired survivor size 8945664 bytes, new threshold 15 (max threshold 15)
[14.703s][trace][gc,age         ] GC(602) Age table with threshold 15 (max threshold 15)
[14.703s][trace][gc,age         ] GC(602) - age   1:     400208 bytes,     400208 total
[14.703s][info ][gc,heap        ] GC(602) DefNew: 140294K(157376K)->390K(157376K) Eden: 139904K(139904K)->0K(139904K) From: 390K(17472K)->390K(17472K)
[14.703s][info ][gc,heap        ] GC(602) Tenured: 3959K(349568K)->3959K(349568K)
[14.703s][info ][gc,metaspace   ] GC(602) Metaspace: 9888K(10176K)->9888K(10176K) NonClass: 8754K(8896K)->8754K(8896K) Class: 1134K(1280K)->1134K(1280K)
[14.703s][info ][gc             ] GC(602) Pause Young (Allocation Failure) 140M->4M(495M) 0.158ms
[14.703s][info ][gc,cpu         ] GC(602) User=0.00s Sys=0.00s Real=0.00s
[14.711s][info ][gc,start       ] GC(603) Pause Young (Allocation Failure)
[14.711s][debug][gc,age         ] GC(603) Desired survivor size 8945664 bytes, new threshold 15 (max threshold 15)
[14.711s][trace][gc,age         ] GC(603) Age table with threshold 15 (max threshold 15)
[14.711s][trace][gc,age         ] GC(603) - age   1:     400208 bytes,     400208 total
[14.711s][info ][gc,heap        ] GC(603) DefNew: 140294K(157376K)->390K(157376K) Eden: 139904K(139904K)->0K(139904K) From: 390K(17472K)->390K(17472K)
[14.711s][info ][gc,heap        ] GC(603) Tenured: 3959K(349568K)->3959K(349568K)
[14.711s][info ][gc,metaspace   ] GC(603) Metaspace: 9888K(10176K)->9888K(10176K) NonClass: 8754K(8896K)->8754K(8896K) Class: 1134K(1280K)->1134K(1280K)
[14.711s][info ][gc             ] GC(603) Pause Young (Allocation Failure) 140M->4M(495M) 0.091ms
[14.711s][info ][gc,cpu         ] GC(603) User=0.00s Sys=0.00s Real=0.00s
[14.719s][info ][gc,start       ] GC(604) Pause Young (Allocation Failure)
[14.719s][debug][gc,age         ] GC(604) Desired survivor size 8945664 bytes, new threshold 15 (max threshold 15)
[14.719s][trace][gc,age         ] GC(604) Age table with threshold 15 (max threshold 15)
[14.719s][trace][gc,age         ] GC(604) - age   1:     400208 bytes,     400208 total
[14.719s][info ][gc,heap        ] GC(604) DefNew: 140294K(157376K)->390K(157376K) Eden: 139904K(139904K)->0K(139904K) From: 390K(17472K)->390K(17472K)
[14.719s][info ][gc,heap        ] GC(604) Tenured: 3959K(349568K)->3959K(349568K)
[14.719s][info ][gc,metaspace   ] GC(604) Metaspace: 9888K(10176K)->9888K(10176K) NonClass: 8754K(8896K)->8754K(8896K) Class: 1134K(1280K)->1134K(1280K)
[14.719s][info ][gc             ] GC(604) Pause Young (Allocation Failure) 140M->4M(495M) 0.160ms
[14.719s][info ][gc,cpu         ] GC(604) User=0.00s Sys=0.00s Real=0.00s
[14.727s][info ][gc,start       ] GC(605) Pause Young (Allocation Failure)
[14.727s][debug][gc,age         ] GC(605) Desired survivor size 8945664 bytes, new threshold 15 (max threshold 15)
[14.727s][trace][gc,age         ] GC(605) Age table with threshold 15 (max threshold 15)
[14.727s][trace][gc,age         ] GC(605) - age   1:        192 bytes,        192 total
[14.728s][info ][gc,heap        ] GC(605) DefNew: 140294K(157376K)->0K(157376K) Eden: 139904K(139904K)->0K(139904K) From: 390K(17472K)->0K(17472K)
[14.728s][info ][gc,heap        ] GC(605) Tenured: 3959K(349568K)->3959K(349568K)
[14.728s][info ][gc,metaspace   ] GC(605) Metaspace: 9888K(10176K)->9888K(10176K) NonClass: 8754K(8896K)->8754K(8896K) Class: 1134K(1280K)->1134K(1280K)
[14.728s][info ][gc             ] GC(605) Pause Young (Allocation Failure) 140M->3M(495M) 0.148ms
[14.728s][info ][gc,cpu         ] GC(605) User=0.00s Sys=0.00s Real=0.00s
[14.736s][info ][gc,start       ] GC(606) Pause Young (Allocation Failure)
[14.736s][debug][gc,age         ] GC(606) Desired survivor size 8945664 bytes, new threshold 15 (max threshold 15)
[14.736s][trace][gc,age         ] GC(606) Age table with threshold 15 (max threshold 15)
[14.736s][trace][gc,age         ] GC(606) - age   1:        192 bytes,        192 total
[14.736s][info ][gc,heap        ] GC(606) DefNew: 139904K(157376K)->0K(157376K) Eden: 139904K(139904K)->0K(139904K) From: 0K(17472K)->0K(17472K)
[14.736s][info ][gc,heap        ] GC(606) Tenured: 3959K(349568K)->3959K(349568K)
[14.736s][info ][gc,metaspace   ] GC(606) Metaspace: 9888K(10176K)->9888K(10176K) NonClass: 8754K(8896K)->8754K(8896K) Class: 1134K(1280K)->1134K(1280K)
[14.736s][info ][gc             ] GC(606) Pause Young (Allocation Failure) 140M->3M(495M) 0.141ms
[14.736s][info ][gc,cpu         ] GC(606) User=0.00s Sys=0.00s Real=0.00s
[14.744s][info ][gc,start       ] GC(607) Pause Young (Allocation Failure)
[14.744s][debug][gc,age         ] GC(607) Desired survivor size 8945664 bytes, new threshold 15 (max threshold 15)
[14.744s][trace][gc,age         ] GC(607) Age table with threshold 15 (max threshold 15)
[14.744s][trace][gc,age         ] GC(607) - age   1:        192 bytes,        192 total
[14.744s][info ][gc,heap        ] GC(607) DefNew: 139904K(157376K)->0K(157376K) Eden: 139904K(139904K)->0K(139904K) From: 0K(17472K)->0K(17472K)
[14.744s][info ][gc,heap        ] GC(607) Tenured: 3959K(349568K)->3959K(349568K)
[14.744s][info ][gc,metaspace   ] GC(607) Metaspace: 9888K(10176K)->9888K(10176K) NonClass: 8754K(8896K)->8754K(8896K) Class: 1134K(1280K)->1134K(1280K)
[14.744s][info ][gc             ] GC(607) Pause Young (Allocation Failure) 140M->3M(495M) 0.142ms
[14.744s][info ][gc,cpu         ] GC(607) User=0.00s Sys=0.00s Real=0.00s
[14.752s][info ][gc,start       ] GC(608) Pause Young (Allocation Failure)
[14.752s][debug][gc,age         ] GC(608) Desired survivor size 8945664 bytes, new threshold 15 (max threshold 15)
[14.752s][trace][gc,age         ] GC(608) Age table with threshold 15 (max threshold 15)
[14.752s][trace][gc,age         ] GC(608) - age   1:        192 bytes,        192 total
[14.752s][info ][gc,heap        ] GC(608) DefNew: 139904K(157376K)->0K(157376K) Eden: 139904K(139904K)->0K(139904K) From: 0K(17472K)->0K(17472K)
[14.752s][info ][gc,heap        ] GC(608) Tenured: 3959K(349568K)->3959K(349568K)
[14.752s][info ][gc,metaspace   ] GC(608) Metaspace: 9888K(10176K)->9888K(10176K) NonClass: 8754K(8896K)->8754K(8896K) Class: 1134K(1280K)->1134K(1280K)
[14.752s][info ][gc             ] GC(608) Pause Young (Allocation Failure) 140M->3M(495M) 0.139ms
[14.752s][info ][gc,cpu         ] GC(608) User=0.00s Sys=0.00s Real=0.00s
[14.761s][info ][gc,start       ] GC(609) Pause Young (Allocation Failure)
[14.761s][debug][gc,age         ] GC(609) Desired survivor size 8945664 bytes, new threshold 15 (max threshold 15)
[14.761s][trace][gc,age         ] GC(609) Age table with threshold 15 (max threshold 15)
[14.761s][trace][gc,age         ] GC(609) - age   1:        192 bytes,        192 total
[14.761s][info ][gc,heap        ] GC(609) DefNew: 139904K(157376K)->0K(157376K) Eden: 139904K(139904K)->0K(139904K) From: 0K(17472K)->0K(17472K)
[14.761s][info ][gc,heap        ] GC(609) Tenured: 3959K(349568K)->3959K(349568K)
[14.761s][info ][gc,metaspace   ] GC(609) Metaspace: 9888K(10176K)->9888K(10176K) NonClass: 8754K(8896K)->8754K(8896K) Class: 1134K(1280K)->1134K(1280K)
[14.761s][info ][gc             ] GC(609) Pause Young (Allocation Failure) 140M->3M(495M) 0.151ms
[14.761s][info ][gc,cpu         ] GC(609) User=0.00s Sys=0.00s Real=0.00s
[14.769s][info ][gc,start       ] GC(610) Pause Young (Allocation Failure)
[14.769s][debug][gc,age         ] GC(610) Desired survivor size 8945664 bytes, new threshold 15 (max threshold 15)
[14.769s][trace][gc,age         ] GC(610) Age table with threshold 15 (max threshold 15)
[14.769s][trace][gc,age         ] GC(610) - age   1:        192 bytes,        192 total
[14.769s][info ][gc,heap        ] GC(610) DefNew: 139904K(157376K)->0K(157376K) Eden: 139904K(139904K)->0K(139904K) From: 0K(17472K)->0K(17472K)
[14.769s][info ][gc,heap        ] GC(610) Tenured: 3959K(349568K)->3959K(349568K)
[14.769s][info ][gc,metaspace   ] GC(610) Metaspace: 9888K(10176K)->9888K(10176K) NonClass: 8754K(8896K)->8754K(8896K) Class: 1134K(1280K)->1134K(1280K)
[14.769s][info ][gc             ] GC(610) Pause Young (Allocation Failure) 140M->3M(495M) 0.141ms
[14.769s][info ][gc,cpu         ] GC(610) User=0.00s Sys=0.00s Real=0.00s
[14.777s][info ][gc,start       ] GC(611) Pause Young (Allocation Failure)
[14.777s][debug][gc,age         ] GC(611) Desired survivor size 8945664 bytes, new threshold 15 (max threshold 15)
[14.777s][trace][gc,age         ] GC(611) Age table with threshold 15 (max threshold 15)
[14.777s][trace][gc,age         ] GC(611) - age   1:        192 bytes,        192 total
[14.777s][info ][gc,heap        ] GC(611) DefNew: 139904K(157376K)->0K(157376K) Eden: 139904K(139904K)->0K(139904K) From: 0K(17472K)->0K(17472K)
[14.777s][info ][gc,heap        ] GC(611) Tenured: 3959K(349568K)->3959K(349568K)
[14.777s][info ][gc,metaspace   ] GC(611) Metaspace: 9888K(10176K)->9888K(10176K) NonClass: 8754K(8896K)->8754K(8896K) Class: 1134K(1280K)->1134K(1280K)
[14.777s][info ][gc             ] GC(611) Pause Young (Allocation Failure) 140M->3M(495M) 0.139ms
[14.777s][info ][gc,cpu         ] GC(611) User=0.00s Sys=0.00s Real=0.00s
[14.786s][info ][gc,start       ] GC(612) Pause Young (Allocation Failure)
[14.786s][debug][gc,age         ] GC(612) Desired survivor size 8945664 bytes, new threshold 15 (max threshold 15)
[14.786s][trace][gc,age         ] GC(612) Age table with threshold 15 (max threshold 15)
[14.786s][trace][gc,age         ] GC(612) - age   1:        192 bytes,        192 total
[14.786s][info ][gc,heap        ] GC(612) DefNew: 139904K(157376K)->0K(157376K) Eden: 139904K(139904K)->0K(139904K) From: 0K(17472K)->0K(17472K)
[14.786s][info ][gc,heap        ] GC(612) Tenured: 3959K(349568K)->3959K(349568K)
[14.786s][info ][gc,metaspace   ] GC(612) Metaspace: 9888K(10176K)->9888K(10176K) NonClass: 8754K(8896K)->8754K(8896K) Class: 1134K(1280K)->1134K(1280K)
[14.786s][info ][gc             ] GC(612) Pause Young (Allocation Failure) 140M->3M(495M) 0.140ms
[14.786s][info ][gc,cpu         ] GC(612) User=0.00s Sys=0.00s Real=0.00s
[14.794s][info ][gc,start       ] GC(613) Pause Young (Allocation Failure)
[14.794s][debug][gc,age         ] GC(613) Desired survivor size 8945664 bytes, new threshold 15 (max threshold 15)
[14.794s][trace][gc,age         ] GC(613) Age table with threshold 15 (max threshold 15)
[14.794s][trace][gc,age         ] GC(613) - age   1:        192 bytes,        192 total
[14.794s][info ][gc,heap        ] GC(613) DefNew: 139904K(157376K)->0K(157376K) Eden: 139904K(139904K)->0K(139904K) From: 0K(17472K)->0K(17472K)
[14.794s][info ][gc,heap        ] GC(613) Tenured: 3959K(349568K)->3959K(349568K)
[14.794s][info ][gc,metaspace   ] GC(613) Metaspace: 9888K(10176K)->9888K(10176K) NonClass: 8754K(8896K)->8754K(8896K) Class: 1134K(1280K)->1134K(1280K)
[14.794s][info ][gc             ] GC(613) Pause Young (Allocation Failure) 140M->3M(495M) 0.143ms
[14.794s][info ][gc,cpu         ] GC(613) User=0.00s Sys=0.00s Real=0.00s
[14.802s][info ][gc,start       ] GC(614) Pause Young (Allocation Failure)
[14.802s][debug][gc,age         ] GC(614) Desired survivor size 8945664 bytes, new threshold 15 (max threshold 15)
[14.802s][trace][gc,age         ] GC(614) Age table with threshold 15 (max threshold 15)
[14.802s][trace][gc,age         ] GC(614) - age   1:        192 bytes,        192 total
[14.802s][info ][gc,heap        ] GC(614) DefNew: 139904K(157376K)->0K(157376K) Eden: 139904K(139904K)->0K(139904K) From: 0K(17472K)->0K(17472K)
[14.802s][info ][gc,heap        ] GC(614) Tenured: 3959K(349568K)->3959K(349568K)
[14.802s][info ][gc,metaspace   ] GC(614) Metaspace: 9888K(10176K)->9888K(10176K) NonClass: 8754K(8896K)->8754K(8896K) Class: 1134K(1280K)->1134K(1280K)
[14.802s][info ][gc             ] GC(614) Pause Young (Allocation Failure) 140M->3M(495M) 0.139ms
[14.802s][info ][gc,cpu         ] GC(614) User=0.00s Sys=0.00s Real=0.00s
[14.812s][info ][gc,start       ] GC(615) Pause Young (Allocation Failure)
[14.812s][debug][gc,age         ] GC(615) Desired survivor size 8945664 bytes, new threshold 15 (max threshold 15)
[14.812s][trace][gc,age         ] GC(615) Age table with threshold 15 (max threshold 15)
[14.812s][trace][gc,age         ] GC(615) - age   1:     400208 bytes,     400208 total
[14.812s][info ][gc,heap        ] GC(615) DefNew: 139904K(157376K)->390K(157376K) Eden: 139904K(139904K)->0K(139904K) From: 0K(17472K)->390K(17472K)
[14.812s][info ][gc,heap        ] GC(615) Tenured: 3959K(349568K)->3959K(349568K)
[14.812s][info ][gc,metaspace   ] GC(615) Metaspace: 9888K(10176K)->9888K(10176K) NonClass: 8754K(8896K)->8754K(8896K) Class: 1134K(1280K)->1134K(1280K)
[14.812s][info ][gc             ] GC(615) Pause Young (Allocation Failure) 140M->4M(495M) 0.166ms
[14.812s][info ][gc,cpu         ] GC(615) User=0.00s Sys=0.00s Real=0.00s
[14.821s][info ][gc,start       ] GC(616) Pause Young (Allocation Failure)
[14.821s][debug][gc,age         ] GC(616) Desired survivor size 8945664 bytes, new threshold 15 (max threshold 15)
[14.821s][trace][gc,age         ] GC(616) Age table with threshold 15 (max threshold 15)
[14.821s][trace][gc,age         ] GC(616) - age   1:     400208 bytes,     400208 total
[14.821s][info ][gc,heap        ] GC(616) DefNew: 140294K(157376K)->390K(157376K) Eden: 139904K(139904K)->0K(139904K) From: 390K(17472K)->390K(17472K)
[14.821s][info ][gc,heap        ] GC(616) Tenured: 3959K(349568K)->3959K(349568K)
[14.821s][info ][gc,metaspace   ] GC(616) Metaspace: 9888K(10176K)->9888K(10176K) NonClass: 8754K(8896K)->8754K(8896K) Class: 1134K(1280K)->1134K(1280K)
[14.821s][info ][gc             ] GC(616) Pause Young (Allocation Failure) 140M->4M(495M) 0.182ms
[14.821s][info ][gc,cpu         ] GC(616) User=0.00s Sys=0.00s Real=0.00s
[14.831s][info ][gc,start       ] GC(617) Pause Young (Allocation Failure)
[14.831s][debug][gc,age         ] GC(617) Desired survivor size 8945664 bytes, new threshold 15 (max threshold 15)
[14.831s][trace][gc,age         ] GC(617) Age table with threshold 15 (max threshold 15)
[14.831s][trace][gc,age         ] GC(617) - age   1:     400208 bytes,     400208 total
[14.831s][info ][gc,heap        ] GC(617) DefNew: 140294K(157376K)->390K(157376K) Eden: 139904K(139904K)->0K(139904K) From: 390K(17472K)->390K(17472K)
[14.831s][info ][gc,heap        ] GC(617) Tenured: 3959K(349568K)->3959K(349568K)
[14.831s][info ][gc,metaspace   ] GC(617) Metaspace: 9888K(10176K)->9888K(10176K) NonClass: 8754K(8896K)->8754K(8896K) Class: 1134K(1280K)->1134K(1280K)
[14.831s][info ][gc             ] GC(617) Pause Young (Allocation Failure) 140M->4M(495M) 0.184ms
[14.831s][info ][gc,cpu         ] GC(617) User=0.00s Sys=0.00s Real=0.00s
[14.842s][info ][gc,start       ] GC(618) Pause Young (Allocation Failure)
[14.842s][debug][gc,age         ] GC(618) Desired survivor size 8945664 bytes, new threshold 15 (max threshold 15)
[14.842s][trace][gc,age         ] GC(618) Age table with threshold 15 (max threshold 15)
[14.842s][trace][gc,age         ] GC(618) - age   1:     400208 bytes,     400208 total
[14.842s][info ][gc,heap        ] GC(618) DefNew: 140294K(157376K)->390K(157376K) Eden: 139904K(139904K)->0K(139904K) From: 390K(17472K)->390K(17472K)
[14.842s][info ][gc,heap        ] GC(618) Tenured: 3959K(349568K)->3959K(349568K)
[14.842s][info ][gc,metaspace   ] GC(618) Metaspace: 9888K(10176K)->9888K(10176K) NonClass: 8754K(8896K)->8754K(8896K) Class: 1134K(1280K)->1134K(1280K)
[14.842s][info ][gc             ] GC(618) Pause Young (Allocation Failure) 140M->4M(495M) 0.222ms
[14.842s][info ][gc,cpu         ] GC(618) User=0.00s Sys=0.00s Real=0.00s
[14.852s][info ][gc,start       ] GC(619) Pause Young (Allocation Failure)
[14.852s][debug][gc,age         ] GC(619) Desired survivor size 8945664 bytes, new threshold 15 (max threshold 15)
[14.852s][trace][gc,age         ] GC(619) Age table with threshold 15 (max threshold 15)
[14.852s][trace][gc,age         ] GC(619) - age   1:        192 bytes,        192 total
[14.852s][info ][gc,heap        ] GC(619) DefNew: 139962K(157376K)->0K(157376K) Eden: 139571K(139904K)->0K(139904K) From: 390K(17472K)->0K(17472K)
[14.852s][info ][gc,heap        ] GC(619) Tenured: 3959K(349568K)->3959K(349568K)
[14.852s][info ][gc,metaspace   ] GC(619) Metaspace: 9888K(10176K)->9888K(10176K) NonClass: 8754K(8896K)->8754K(8896K) Class: 1134K(1280K)->1134K(1280K)
[14.852s][info ][gc             ] GC(619) Pause Young (Allocation Failure) 140M->3M(495M) 0.192ms
[14.852s][info ][gc,cpu         ] GC(619) User=0.00s Sys=0.00s Real=0.00s
[14.862s][info ][gc,start       ] GC(620) Pause Young (Allocation Failure)
[14.863s][debug][gc,age         ] GC(620) Desired survivor size 8945664 bytes, new threshold 15 (max threshold 15)
[14.863s][trace][gc,age         ] GC(620) Age table with threshold 15 (max threshold 15)
[14.863s][trace][gc,age         ] GC(620) - age   1:     400208 bytes,     400208 total
[14.863s][info ][gc,heap        ] GC(620) DefNew: 139827K(157376K)->390K(157376K) Eden: 139827K(139904K)->0K(139904K) From: 0K(17472K)->390K(17472K)
[14.863s][info ][gc,heap        ] GC(620) Tenured: 3959K(349568K)->3959K(349568K)
[14.863s][info ][gc,metaspace   ] GC(620) Metaspace: 9888K(10176K)->9888K(10176K) NonClass: 8754K(8896K)->8754K(8896K) Class: 1134K(1280K)->1134K(1280K)
[14.863s][info ][gc             ] GC(620) Pause Young (Allocation Failure) 140M->4M(495M) 0.179ms
[14.863s][info ][gc,cpu         ] GC(620) User=0.00s Sys=0.00s Real=0.00s
[14.873s][info ][gc,start       ] GC(621) Pause Young (Allocation Failure)
[14.873s][debug][gc,age         ] GC(621) Desired survivor size 8945664 bytes, new threshold 15 (max threshold 15)
[14.873s][trace][gc,age         ] GC(621) Age table with threshold 15 (max threshold 15)
[14.873s][trace][gc,age         ] GC(621) - age   1:        192 bytes,        192 total
[14.873s][info ][gc,heap        ] GC(621) DefNew: 140170K(157376K)->0K(157376K) Eden: 139779K(139904K)->0K(139904K) From: 390K(17472K)->0K(17472K)
[14.873s][info ][gc,heap        ] GC(621) Tenured: 3959K(349568K)->3959K(349568K)
[14.873s][info ][gc,metaspace   ] GC(621) Metaspace: 9888K(10176K)->9888K(10176K) NonClass: 8754K(8896K)->8754K(8896K) Class: 1134K(1280K)->1134K(1280K)
[14.873s][info ][gc             ] GC(621) Pause Young (Allocation Failure) 140M->3M(495M) 0.159ms
[14.873s][info ][gc,cpu         ] GC(621) User=0.00s Sys=0.00s Real=0.00s
[14.883s][info ][gc,start       ] GC(622) Pause Young (Allocation Failure)
[14.883s][debug][gc,age         ] GC(622) Desired survivor size 8945664 bytes, new threshold 15 (max threshold 15)
[14.883s][trace][gc,age         ] GC(622) Age table with threshold 15 (max threshold 15)
[14.883s][trace][gc,age         ] GC(622) - age   1:     400208 bytes,     400208 total
[14.883s][info ][gc,heap        ] GC(622) DefNew: 139761K(157376K)->390K(157376K) Eden: 139761K(139904K)->0K(139904K) From: 0K(17472K)->390K(17472K)
[14.883s][info ][gc,heap        ] GC(622) Tenured: 3959K(349568K)->3959K(349568K)
[14.883s][info ][gc,metaspace   ] GC(622) Metaspace: 9888K(10176K)->9888K(10176K) NonClass: 8754K(8896K)->8754K(8896K) Class: 1134K(1280K)->1134K(1280K)
[14.883s][info ][gc             ] GC(622) Pause Young (Allocation Failure) 140M->4M(495M) 0.168ms
[14.883s][info ][gc,cpu         ] GC(622) User=0.00s Sys=0.00s Real=0.00s
[14.894s][info ][gc,start       ] GC(623) Pause Young (Allocation Failure)
[14.894s][debug][gc,age         ] GC(623) Desired survivor size 8945664 bytes, new threshold 15 (max threshold 15)
[14.894s][trace][gc,age         ] GC(623) Age table with threshold 15 (max threshold 15)
[14.894s][trace][gc,age         ] GC(623) - age   1:        192 bytes,        192 total
[14.894s][info ][gc,heap        ] GC(623) DefNew: 140173K(157376K)->0K(157376K) Eden: 139783K(139904K)->0K(139904K) From: 390K(17472K)->0K(17472K)
[14.894s][info ][gc,heap        ] GC(623) Tenured: 3959K(349568K)->3959K(349568K)
[14.894s][info ][gc,metaspace   ] GC(623) Metaspace: 9888K(10176K)->9888K(10176K) NonClass: 8754K(8896K)->8754K(8896K) Class: 1134K(1280K)->1134K(1280K)
[14.894s][info ][gc             ] GC(623) Pause Young (Allocation Failure) 140M->3M(495M) 0.153ms
[14.894s][info ][gc,cpu         ] GC(623) User=0.00s Sys=0.00s Real=0.00s
[14.904s][info ][gc,start       ] GC(624) Pause Young (Allocation Failure)
[14.904s][debug][gc,age         ] GC(624) Desired survivor size 8945664 bytes, new threshold 15 (max threshold 15)
[14.904s][trace][gc,age         ] GC(624) Age table with threshold 15 (max threshold 15)
[14.904s][trace][gc,age         ] GC(624) - age   1:        192 bytes,        192 total
[14.904s][info ][gc,heap        ] GC(624) DefNew: 139555K(157376K)->0K(157376K) Eden: 139555K(139904K)->0K(139904K) From: 0K(17472K)->0K(17472K)
[14.904s][info ][gc,heap        ] GC(624) Tenured: 3959K(349568K)->3959K(349568K)
[14.904s][info ][gc,metaspace   ] GC(624) Metaspace: 9888K(10176K)->9888K(10176K) NonClass: 8754K(8896K)->8754K(8896K) Class: 1134K(1280K)->1134K(1280K)
[14.904s][info ][gc             ] GC(624) Pause Young (Allocation Failure) 140M->3M(495M) 0.157ms
[14.904s][info ][gc,cpu         ] GC(624) User=0.00s Sys=0.00s Real=0.00s
[14.914s][info ][gc,start       ] GC(625) Pause Young (Allocation Failure)
[14.914s][debug][gc,age         ] GC(625) Desired survivor size 8945664 bytes, new threshold 15 (max threshold 15)
[14.914s][trace][gc,age         ] GC(625) Age table with threshold 15 (max threshold 15)
[14.914s][trace][gc,age         ] GC(625) - age   1:     400208 bytes,     400208 total
[14.914s][info ][gc,heap        ] GC(625) DefNew: 139773K(157376K)->390K(157376K) Eden: 139773K(139904K)->0K(139904K) From: 0K(17472K)->390K(17472K)
[14.914s][info ][gc,heap        ] GC(625) Tenured: 3959K(349568K)->3959K(349568K)
[14.914s][info ][gc,metaspace   ] GC(625) Metaspace: 9888K(10176K)->9888K(10176K) NonClass: 8754K(8896K)->8754K(8896K) Class: 1134K(1280K)->1134K(1280K)
[14.914s][info ][gc             ] GC(625) Pause Young (Allocation Failure) 140M->4M(495M) 0.175ms
[14.914s][info ][gc,cpu         ] GC(625) User=0.00s Sys=0.00s Real=0.00s
[14.925s][info ][gc,start       ] GC(626) Pause Young (Allocation Failure)
[14.925s][debug][gc,age         ] GC(626) Desired survivor size 8945664 bytes, new threshold 15 (max threshold 15)
[14.925s][trace][gc,age         ] GC(626) Age table with threshold 15 (max threshold 15)
[14.925s][trace][gc,age         ] GC(626) - age   1:        192 bytes,        192 total
[14.925s][info ][gc,heap        ] GC(626) DefNew: 140212K(157376K)->0K(157376K) Eden: 139821K(139904K)->0K(139904K) From: 390K(17472K)->0K(17472K)
[14.925s][info ][gc,heap        ] GC(626) Tenured: 3959K(349568K)->3959K(349568K)
[14.925s][info ][gc,metaspace   ] GC(626) Metaspace: 9888K(10176K)->9888K(10176K) NonClass: 8754K(8896K)->8754K(8896K) Class: 1134K(1280K)->1134K(1280K)
[14.925s][info ][gc             ] GC(626) Pause Young (Allocation Failure) 140M->3M(495M) 0.151ms
[14.925s][info ][gc,cpu         ] GC(626) User=0.00s Sys=0.00s Real=0.00s
[14.935s][info ][gc,start       ] GC(627) Pause Young (Allocation Failure)
[14.935s][debug][gc,age         ] GC(627) Desired survivor size 8945664 bytes, new threshold 15 (max threshold 15)
[14.935s][trace][gc,age         ] GC(627) Age table with threshold 15 (max threshold 15)
[14.935s][trace][gc,age         ] GC(627) - age   1:     400208 bytes,     400208 total
[14.935s][info ][gc,heap        ] GC(627) DefNew: 139852K(157376K)->390K(157376K) Eden: 139852K(139904K)->0K(139904K) From: 0K(17472K)->390K(17472K)
[14.935s][info ][gc,heap        ] GC(627) Tenured: 3959K(349568K)->3959K(349568K)
[14.935s][info ][gc,metaspace   ] GC(627) Metaspace: 9888K(10176K)->9888K(10176K) NonClass: 8754K(8896K)->8754K(8896K) Class: 1134K(1280K)->1134K(1280K)
[14.935s][info ][gc             ] GC(627) Pause Young (Allocation Failure) 140M->4M(495M) 0.181ms
[14.935s][info ][gc,cpu         ] GC(627) User=0.00s Sys=0.00s Real=0.00s
[14.945s][info ][gc,start       ] GC(628) Pause Young (Allocation Failure)
[14.945s][debug][gc,age         ] GC(628) Desired survivor size 8945664 bytes, new threshold 15 (max threshold 15)
[14.945s][trace][gc,age         ] GC(628) Age table with threshold 15 (max threshold 15)
[14.945s][trace][gc,age         ] GC(628) - age   1:        192 bytes,        192 total
[14.945s][info ][gc,heap        ] GC(628) DefNew: 140294K(157376K)->0K(157376K) Eden: 139904K(139904K)->0K(139904K) From: 390K(17472K)->0K(17472K)
[14.946s][info ][gc,heap        ] GC(628) Tenured: 3959K(349568K)->3959K(349568K)
[14.946s][info ][gc,metaspace   ] GC(628) Metaspace: 9888K(10176K)->9888K(10176K) NonClass: 8754K(8896K)->8754K(8896K) Class: 1134K(1280K)->1134K(1280K)
[14.946s][info ][gc             ] GC(628) Pause Young (Allocation Failure) 140M->3M(495M) 0.159ms
[14.946s][info ][gc,cpu         ] GC(628) User=0.00s Sys=0.00s Real=0.00s
[14.956s][info ][gc,start       ] GC(629) Pause Young (Allocation Failure)
[14.956s][debug][gc,age         ] GC(629) Desired survivor size 8945664 bytes, new threshold 15 (max threshold 15)
[14.956s][trace][gc,age         ] GC(629) Age table with threshold 15 (max threshold 15)
[14.956s][trace][gc,age         ] GC(629) - age   1:     400208 bytes,     400208 total
[14.956s][info ][gc,heap        ] GC(629) DefNew: 139904K(157376K)->390K(157376K) Eden: 139904K(139904K)->0K(139904K) From: 0K(17472K)->390K(17472K)
[14.956s][info ][gc,heap        ] GC(629) Tenured: 3959K(349568K)->3959K(349568K)
[14.956s][info ][gc,metaspace   ] GC(629) Metaspace: 9888K(10176K)->9888K(10176K) NonClass: 8754K(8896K)->8754K(8896K) Class: 1134K(1280K)->1134K(1280K)
[14.956s][info ][gc             ] GC(629) Pause Young (Allocation Failure) 140M->4M(495M) 0.167ms
[14.956s][info ][gc,cpu         ] GC(629) User=0.00s Sys=0.00s Real=0.00s
[14.966s][info ][gc,start       ] GC(630) Pause Young (Allocation Failure)
[14.966s][debug][gc,age         ] GC(630) Desired survivor size 8945664 bytes, new threshold 15 (max threshold 15)
[14.966s][trace][gc,age         ] GC(630) Age table with threshold 15 (max threshold 15)
[14.966s][trace][gc,age         ] GC(630) - age   1:        192 bytes,        192 total
[14.966s][info ][gc,heap        ] GC(630) DefNew: 140294K(157376K)->0K(157376K) Eden: 139904K(139904K)->0K(139904K) From: 390K(17472K)->0K(17472K)
[14.966s][info ][gc,heap        ] GC(630) Tenured: 3959K(349568K)->3959K(349568K)
[14.966s][info ][gc,metaspace   ] GC(630) Metaspace: 9888K(10176K)->9888K(10176K) NonClass: 8754K(8896K)->8754K(8896K) Class: 1134K(1280K)->1134K(1280K)
[14.966s][info ][gc             ] GC(630) Pause Young (Allocation Failure) 140M->3M(495M) 0.157ms
[14.966s][info ][gc,cpu         ] GC(630) User=0.00s Sys=0.00s Real=0.00s
[14.976s][info ][gc,start       ] GC(631) Pause Young (Allocation Failure)
[14.976s][debug][gc,age         ] GC(631) Desired survivor size 8945664 bytes, new threshold 15 (max threshold 15)
[14.976s][trace][gc,age         ] GC(631) Age table with threshold 15 (max threshold 15)
[14.976s][trace][gc,age         ] GC(631) - age   1:        192 bytes,        192 total
[14.976s][info ][gc,heap        ] GC(631) DefNew: 139904K(157376K)->0K(157376K) Eden: 139904K(139904K)->0K(139904K) From: 0K(17472K)->0K(17472K)
[14.976s][info ][gc,heap        ] GC(631) Tenured: 3959K(349568K)->3959K(349568K)
[14.976s][info ][gc,metaspace   ] GC(631) Metaspace: 9888K(10176K)->9888K(10176K) NonClass: 8754K(8896K)->8754K(8896K) Class: 1134K(1280K)->1134K(1280K)
[14.976s][info ][gc             ] GC(631) Pause Young (Allocation Failure) 140M->3M(495M) 0.150ms
[14.976s][info ][gc,cpu         ] GC(631) User=0.00s Sys=0.00s Real=0.00s
[14.986s][info ][gc,start       ] GC(632) Pause Young (Allocation Failure)
[14.986s][debug][gc,age         ] GC(632) Desired survivor size 8945664 bytes, new threshold 15 (max threshold 15)
[14.986s][trace][gc,age         ] GC(632) Age table with threshold 15 (max threshold 15)
[14.986s][trace][gc,age         ] GC(632) - age   1:        192 bytes,        192 total
[14.986s][info ][gc,heap        ] GC(632) DefNew: 139904K(157376K)->0K(157376K) Eden: 139904K(139904K)->0K(139904K) From: 0K(17472K)->0K(17472K)
[14.986s][info ][gc,heap        ] GC(632) Tenured: 3959K(349568K)->3959K(349568K)
[14.986s][info ][gc,metaspace   ] GC(632) Metaspace: 9888K(10176K)->9888K(10176K) NonClass: 8754K(8896K)->8754K(8896K) Class: 1134K(1280K)->1134K(1280K)
[14.986s][info ][gc             ] GC(632) Pause Young (Allocation Failure) 140M->3M(495M) 0.153ms
[14.986s][info ][gc,cpu         ] GC(632) User=0.00s Sys=0.00s Real=0.00s
[14.996s][info ][gc,start       ] GC(633) Pause Young (Allocation Failure)
[14.996s][debug][gc,age         ] GC(633) Desired survivor size 8945664 bytes, new threshold 15 (max threshold 15)
[14.996s][trace][gc,age         ] GC(633) Age table with threshold 15 (max threshold 15)
[14.996s][trace][gc,age         ] GC(633) - age   1:        192 bytes,        192 total
[14.996s][info ][gc,heap        ] GC(633) DefNew: 139904K(157376K)->0K(157376K) Eden: 139904K(139904K)->0K(139904K) From: 0K(17472K)->0K(17472K)
[14.996s][info ][gc,heap        ] GC(633) Tenured: 3959K(349568K)->3959K(349568K)
[14.996s][info ][gc,metaspace   ] GC(633) Metaspace: 9888K(10176K)->9888K(10176K) NonClass: 8754K(8896K)->8754K(8896K) Class: 1134K(1280K)->1134K(1280K)
[14.996s][info ][gc             ] GC(633) Pause Young (Allocation Failure) 140M->3M(495M) 0.148ms
[14.996s][info ][gc,cpu         ] GC(633) User=0.00s Sys=0.00s Real=0.00s
[15.006s][info ][gc,start       ] GC(634) Pause Young (Allocation Failure)
[15.006s][debug][gc,age         ] GC(634) Desired survivor size 8945664 bytes, new threshold 15 (max threshold 15)
[15.006s][trace][gc,age         ] GC(634) Age table with threshold 15 (max threshold 15)
[15.006s][trace][gc,age         ] GC(634) - age   1:        192 bytes,        192 total
[15.006s][info ][gc,heap        ] GC(634) DefNew: 139904K(157376K)->0K(157376K) Eden: 139904K(139904K)->0K(139904K) From: 0K(17472K)->0K(17472K)
[15.007s][info ][gc,heap        ] GC(634) Tenured: 3959K(349568K)->3959K(349568K)
[15.007s][info ][gc,metaspace   ] GC(634) Metaspace: 9888K(10176K)->9888K(10176K) NonClass: 8754K(8896K)->8754K(8896K) Class: 1134K(1280K)->1134K(1280K)
[15.007s][info ][gc             ] GC(634) Pause Young (Allocation Failure) 140M->3M(495M) 0.151ms
[15.007s][info ][gc,cpu         ] GC(634) User=0.00s Sys=0.00s Real=0.00s
[15.017s][info ][gc,start       ] GC(635) Pause Young (Allocation Failure)
[15.017s][debug][gc,age         ] GC(635) Desired survivor size 8945664 bytes, new threshold 15 (max threshold 15)
[15.017s][trace][gc,age         ] GC(635) Age table with threshold 15 (max threshold 15)
[15.017s][trace][gc,age         ] GC(635) - age   1:        192 bytes,        192 total
[15.017s][info ][gc,heap        ] GC(635) DefNew: 139904K(157376K)->0K(157376K) Eden: 139904K(139904K)->0K(139904K) From: 0K(17472K)->0K(17472K)
[15.017s][info ][gc,heap        ] GC(635) Tenured: 3959K(349568K)->3959K(349568K)
[15.017s][info ][gc,metaspace   ] GC(635) Metaspace: 9888K(10176K)->9888K(10176K) NonClass: 8754K(8896K)->8754K(8896K) Class: 1134K(1280K)->1134K(1280K)
[15.017s][info ][gc             ] GC(635) Pause Young (Allocation Failure) 140M->3M(495M) 0.150ms
[15.017s][info ][gc,cpu         ] GC(635) User=0.00s Sys=0.00s Real=0.00s
[15.027s][info ][gc,start       ] GC(636) Pause Young (Allocation Failure)
[15.027s][debug][gc,age         ] GC(636) Desired survivor size 8945664 bytes, new threshold 15 (max threshold 15)
[15.027s][trace][gc,age         ] GC(636) Age table with threshold 15 (max threshold 15)
[15.027s][trace][gc,age         ] GC(636) - age   1:        192 bytes,        192 total
[15.027s][info ][gc,heap        ] GC(636) DefNew: 139904K(157376K)->0K(157376K) Eden: 139904K(139904K)->0K(139904K) From: 0K(17472K)->0K(17472K)
[15.027s][info ][gc,heap        ] GC(636) Tenured: 3959K(349568K)->3959K(349568K)
[15.027s][info ][gc,metaspace   ] GC(636) Metaspace: 9888K(10176K)->9888K(10176K) NonClass: 8754K(8896K)->8754K(8896K) Class: 1134K(1280K)->1134K(1280K)
[15.027s][info ][gc             ] GC(636) Pause Young (Allocation Failure) 140M->3M(495M) 0.153ms
[15.027s][info ][gc,cpu         ] GC(636) User=0.00s Sys=0.00s Real=0.00s
[15.037s][info ][gc,start       ] GC(637) Pause Young (Allocation Failure)
[15.037s][debug][gc,age         ] GC(637) Desired survivor size 8945664 bytes, new threshold 15 (max threshold 15)
[15.037s][trace][gc,age         ] GC(637) Age table with threshold 15 (max threshold 15)
[15.037s][trace][gc,age         ] GC(637) - age   1:        192 bytes,        192 total
[15.037s][info ][gc,heap        ] GC(637) DefNew: 139904K(157376K)->0K(157376K) Eden: 139904K(139904K)->0K(139904K) From: 0K(17472K)->0K(17472K)
[15.037s][info ][gc,heap        ] GC(637) Tenured: 3959K(349568K)->3959K(349568K)
[15.037s][info ][gc,metaspace   ] GC(637) Metaspace: 9888K(10176K)->9888K(10176K) NonClass: 8754K(8896K)->8754K(8896K) Class: 1134K(1280K)->1134K(1280K)
[15.037s][info ][gc             ] GC(637) Pause Young (Allocation Failure) 140M->3M(495M) 0.149ms
[15.037s][info ][gc,cpu         ] GC(637) User=0.00s Sys=0.00s Real=0.00s
[15.047s][info ][gc,start       ] GC(638) Pause Young (Allocation Failure)
[15.047s][debug][gc,age         ] GC(638) Desired survivor size 8945664 bytes, new threshold 15 (max threshold 15)
[15.047s][trace][gc,age         ] GC(638) Age table with threshold 15 (max threshold 15)
[15.047s][trace][gc,age         ] GC(638) - age   1:        192 bytes,        192 total
[15.047s][info ][gc,heap        ] GC(638) DefNew: 139904K(157376K)->0K(157376K) Eden: 139904K(139904K)->0K(139904K) From: 0K(17472K)->0K(17472K)
[15.047s][info ][gc,heap        ] GC(638) Tenured: 3959K(349568K)->3959K(349568K)
[15.047s][info ][gc,metaspace   ] GC(638) Metaspace: 9888K(10176K)->9888K(10176K) NonClass: 8754K(8896K)->8754K(8896K) Class: 1134K(1280K)->1134K(1280K)
[15.047s][info ][gc             ] GC(638) Pause Young (Allocation Failure) 140M->3M(495M) 0.153ms
[15.047s][info ][gc,cpu         ] GC(638) User=0.00s Sys=0.00s Real=0.00s
[15.057s][info ][gc,start       ] GC(639) Pause Young (Allocation Failure)
[15.057s][debug][gc,age         ] GC(639) Desired survivor size 8945664 bytes, new threshold 15 (max threshold 15)
[15.057s][trace][gc,age         ] GC(639) Age table with threshold 15 (max threshold 15)
[15.057s][trace][gc,age         ] GC(639) - age   1:        192 bytes,        192 total
[15.057s][info ][gc,heap        ] GC(639) DefNew: 139904K(157376K)->0K(157376K) Eden: 139904K(139904K)->0K(139904K) From: 0K(17472K)->0K(17472K)
[15.057s][info ][gc,heap        ] GC(639) Tenured: 3959K(349568K)->3959K(349568K)
[15.057s][info ][gc,metaspace   ] GC(639) Metaspace: 9888K(10176K)->9888K(10176K) NonClass: 8754K(8896K)->8754K(8896K) Class: 1134K(1280K)->1134K(1280K)
[15.057s][info ][gc             ] GC(639) Pause Young (Allocation Failure) 140M->3M(495M) 0.151ms
[15.057s][info ][gc,cpu         ] GC(639) User=0.00s Sys=0.00s Real=0.00s
[15.067s][info ][gc,start       ] GC(640) Pause Young (Allocation Failure)
[15.068s][debug][gc,age         ] GC(640) Desired survivor size 8945664 bytes, new threshold 15 (max threshold 15)
[15.068s][trace][gc,age         ] GC(640) Age table with threshold 15 (max threshold 15)
[15.068s][trace][gc,age         ] GC(640) - age   1:        192 bytes,        192 total
[15.068s][info ][gc,heap        ] GC(640) DefNew: 139904K(157376K)->0K(157376K) Eden: 139904K(139904K)->0K(139904K) From: 0K(17472K)->0K(17472K)
[15.068s][info ][gc,heap        ] GC(640) Tenured: 3959K(349568K)->3959K(349568K)
[15.068s][info ][gc,metaspace   ] GC(640) Metaspace: 9888K(10176K)->9888K(10176K) NonClass: 8754K(8896K)->8754K(8896K) Class: 1134K(1280K)->1134K(1280K)
[15.068s][info ][gc             ] GC(640) Pause Young (Allocation Failure) 140M->3M(495M) 0.149ms
[15.068s][info ][gc,cpu         ] GC(640) User=0.00s Sys=0.00s Real=0.00s
[15.078s][info ][gc,start       ] GC(641) Pause Young (Allocation Failure)
[15.078s][debug][gc,age         ] GC(641) Desired survivor size 8945664 bytes, new threshold 15 (max threshold 15)
[15.078s][trace][gc,age         ] GC(641) Age table with threshold 15 (max threshold 15)
[15.078s][trace][gc,age         ] GC(641) - age   1:        192 bytes,        192 total
[15.078s][info ][gc,heap        ] GC(641) DefNew: 139904K(157376K)->0K(157376K) Eden: 139904K(139904K)->0K(139904K) From: 0K(17472K)->0K(17472K)
[15.078s][info ][gc,heap        ] GC(641) Tenured: 3959K(349568K)->3959K(349568K)
[15.078s][info ][gc,metaspace   ] GC(641) Metaspace: 9888K(10176K)->9888K(10176K) NonClass: 8754K(8896K)->8754K(8896K) Class: 1134K(1280K)->1134K(1280K)
[15.078s][info ][gc             ] GC(641) Pause Young (Allocation Failure) 140M->3M(495M) 0.149ms
[15.078s][info ][gc,cpu         ] GC(641) User=0.00s Sys=0.00s Real=0.00s
[15.088s][info ][gc,start       ] GC(642) Pause Young (Allocation Failure)
[15.088s][debug][gc,age         ] GC(642) Desired survivor size 8945664 bytes, new threshold 15 (max threshold 15)
[15.088s][trace][gc,age         ] GC(642) Age table with threshold 15 (max threshold 15)
[15.088s][trace][gc,age         ] GC(642) - age   1:        192 bytes,        192 total
[15.088s][info ][gc,heap        ] GC(642) DefNew: 139904K(157376K)->0K(157376K) Eden: 139904K(139904K)->0K(139904K) From: 0K(17472K)->0K(17472K)
[15.088s][info ][gc,heap        ] GC(642) Tenured: 3959K(349568K)->3959K(349568K)
[15.088s][info ][gc,metaspace   ] GC(642) Metaspace: 9888K(10176K)->9888K(10176K) NonClass: 8754K(8896K)->8754K(8896K) Class: 1134K(1280K)->1134K(1280K)
[15.088s][info ][gc             ] GC(642) Pause Young (Allocation Failure) 140M->3M(495M) 0.153ms
[15.088s][info ][gc,cpu         ] GC(642) User=0.00s Sys=0.00s Real=0.00s
[15.098s][info ][gc,start       ] GC(643) Pause Young (Allocation Failure)
[15.098s][debug][gc,age         ] GC(643) Desired survivor size 8945664 bytes, new threshold 15 (max threshold 15)
[15.098s][trace][gc,age         ] GC(643) Age table with threshold 15 (max threshold 15)
[15.098s][trace][gc,age         ] GC(643) - age   1:        192 bytes,        192 total
[15.098s][info ][gc,heap        ] GC(643) DefNew: 139904K(157376K)->0K(157376K) Eden: 139904K(139904K)->0K(139904K) From: 0K(17472K)->0K(17472K)
[15.098s][info ][gc,heap        ] GC(643) Tenured: 3959K(349568K)->3959K(349568K)
[15.098s][info ][gc,metaspace   ] GC(643) Metaspace: 9888K(10176K)->9888K(10176K) NonClass: 8754K(8896K)->8754K(8896K) Class: 1134K(1280K)->1134K(1280K)
[15.098s][info ][gc             ] GC(643) Pause Young (Allocation Failure) 140M->3M(495M) 0.151ms
[15.098s][info ][gc,cpu         ] GC(643) User=0.00s Sys=0.00s Real=0.00s
[15.108s][info ][gc,start       ] GC(644) Pause Young (Allocation Failure)
[15.108s][debug][gc,age         ] GC(644) Desired survivor size 8945664 bytes, new threshold 15 (max threshold 15)
[15.108s][trace][gc,age         ] GC(644) Age table with threshold 15 (max threshold 15)
[15.108s][trace][gc,age         ] GC(644) - age   1:        192 bytes,        192 total
[15.108s][info ][gc,heap        ] GC(644) DefNew: 139904K(157376K)->0K(157376K) Eden: 139904K(139904K)->0K(139904K) From: 0K(17472K)->0K(17472K)
[15.108s][info ][gc,heap        ] GC(644) Tenured: 3959K(349568K)->3959K(349568K)
[15.108s][info ][gc,metaspace   ] GC(644) Metaspace: 9888K(10176K)->9888K(10176K) NonClass: 8754K(8896K)->8754K(8896K) Class: 1134K(1280K)->1134K(1280K)
[15.108s][info ][gc             ] GC(644) Pause Young (Allocation Failure) 140M->3M(495M) 0.146ms
[15.108s][info ][gc,cpu         ] GC(644) User=0.00s Sys=0.00s Real=0.00s
[15.118s][info ][gc,start       ] GC(645) Pause Young (Allocation Failure)
[15.118s][debug][gc,age         ] GC(645) Desired survivor size 8945664 bytes, new threshold 15 (max threshold 15)
[15.118s][trace][gc,age         ] GC(645) Age table with threshold 15 (max threshold 15)
[15.118s][trace][gc,age         ] GC(645) - age   1:        192 bytes,        192 total
[15.118s][info ][gc,heap        ] GC(645) DefNew: 139904K(157376K)->0K(157376K) Eden: 139904K(139904K)->0K(139904K) From: 0K(17472K)->0K(17472K)
[15.118s][info ][gc,heap        ] GC(645) Tenured: 3959K(349568K)->3959K(349568K)
[15.118s][info ][gc,metaspace   ] GC(645) Metaspace: 9888K(10176K)->9888K(10176K) NonClass: 8754K(8896K)->8754K(8896K) Class: 1134K(1280K)->1134K(1280K)
[15.118s][info ][gc             ] GC(645) Pause Young (Allocation Failure) 140M->3M(495M) 0.153ms
[15.118s][info ][gc,cpu         ] GC(645) User=0.00s Sys=0.00s Real=0.00s
[15.128s][info ][gc,start       ] GC(646) Pause Young (Allocation Failure)
[15.129s][debug][gc,age         ] GC(646) Desired survivor size 8945664 bytes, new threshold 15 (max threshold 15)
[15.129s][trace][gc,age         ] GC(646) Age table with threshold 15 (max threshold 15)
[15.129s][trace][gc,age         ] GC(646) - age   1:        192 bytes,        192 total
[15.129s][info ][gc,heap        ] GC(646) DefNew: 139904K(157376K)->0K(157376K) Eden: 139904K(139904K)->0K(139904K) From: 0K(17472K)->0K(17472K)
[15.129s][info ][gc,heap        ] GC(646) Tenured: 3959K(349568K)->3959K(349568K)
[15.129s][info ][gc,metaspace   ] GC(646) Metaspace: 9888K(10176K)->9888K(10176K) NonClass: 8754K(8896K)->8754K(8896K) Class: 1134K(1280K)->1134K(1280K)
[15.129s][info ][gc             ] GC(646) Pause Young (Allocation Failure) 140M->3M(495M) 0.148ms
[15.129s][info ][gc,cpu         ] GC(646) User=0.00s Sys=0.00s Real=0.00s
[15.139s][info ][gc,start       ] GC(647) Pause Young (Allocation Failure)
[15.139s][debug][gc,age         ] GC(647) Desired survivor size 8945664 bytes, new threshold 15 (max threshold 15)
[15.139s][trace][gc,age         ] GC(647) Age table with threshold 15 (max threshold 15)
[15.139s][trace][gc,age         ] GC(647) - age   1:        192 bytes,        192 total
[15.139s][info ][gc,heap        ] GC(647) DefNew: 139904K(157376K)->0K(157376K) Eden: 139904K(139904K)->0K(139904K) From: 0K(17472K)->0K(17472K)
[15.139s][info ][gc,heap        ] GC(647) Tenured: 3959K(349568K)->3959K(349568K)
[15.139s][info ][gc,metaspace   ] GC(647) Metaspace: 9888K(10176K)->9888K(10176K) NonClass: 8754K(8896K)->8754K(8896K) Class: 1134K(1280K)->1134K(1280K)
[15.139s][info ][gc             ] GC(647) Pause Young (Allocation Failure) 140M->3M(495M) 0.155ms
[15.139s][info ][gc,cpu         ] GC(647) User=0.00s Sys=0.00s Real=0.00s
[15.149s][info ][gc,start       ] GC(648) Pause Young (Allocation Failure)
[15.149s][debug][gc,age         ] GC(648) Desired survivor size 8945664 bytes, new threshold 15 (max threshold 15)
[15.149s][trace][gc,age         ] GC(648) Age table with threshold 15 (max threshold 15)
[15.149s][trace][gc,age         ] GC(648) - age   1:        192 bytes,        192 total
[15.149s][info ][gc,heap        ] GC(648) DefNew: 139904K(157376K)->0K(157376K) Eden: 139904K(139904K)->0K(139904K) From: 0K(17472K)->0K(17472K)
[15.149s][info ][gc,heap        ] GC(648) Tenured: 3959K(349568K)->3959K(349568K)
[15.149s][info ][gc,metaspace   ] GC(648) Metaspace: 9888K(10176K)->9888K(10176K) NonClass: 8754K(8896K)->8754K(8896K) Class: 1134K(1280K)->1134K(1280K)
[15.149s][info ][gc             ] GC(648) Pause Young (Allocation Failure) 140M->3M(495M) 0.151ms
[15.149s][info ][gc,cpu         ] GC(648) User=0.00s Sys=0.00s Real=0.00s
[15.159s][info ][gc,start       ] GC(649) Pause Young (Allocation Failure)
[15.159s][debug][gc,age         ] GC(649) Desired survivor size 8945664 bytes, new threshold 15 (max threshold 15)
[15.159s][trace][gc,age         ] GC(649) Age table with threshold 15 (max threshold 15)
[15.159s][trace][gc,age         ] GC(649) - age   1:        192 bytes,        192 total
[15.159s][info ][gc,heap        ] GC(649) DefNew: 139904K(157376K)->0K(157376K) Eden: 139904K(139904K)->0K(139904K) From: 0K(17472K)->0K(17472K)
[15.159s][info ][gc,heap        ] GC(649) Tenured: 3959K(349568K)->3959K(349568K)
[15.159s][info ][gc,metaspace   ] GC(649) Metaspace: 9888K(10176K)->9888K(10176K) NonClass: 8754K(8896K)->8754K(8896K) Class: 1134K(1280K)->1134K(1280K)
[15.159s][info ][gc             ] GC(649) Pause Young (Allocation Failure) 140M->3M(495M) 0.153ms
[15.159s][info ][gc,cpu         ] GC(649) User=0.00s Sys=0.00s Real=0.00s
[15.169s][info ][gc,start       ] GC(650) Pause Young (Allocation Failure)
[15.169s][debug][gc,age         ] GC(650) Desired survivor size 8945664 bytes, new threshold 15 (max threshold 15)
[15.169s][trace][gc,age         ] GC(650) Age table with threshold 15 (max threshold 15)
[15.169s][trace][gc,age         ] GC(650) - age   1:        192 bytes,        192 total
[15.169s][info ][gc,heap        ] GC(650) DefNew: 139904K(157376K)->0K(157376K) Eden: 139904K(139904K)->0K(139904K) From: 0K(17472K)->0K(17472K)
[15.169s][info ][gc,heap        ] GC(650) Tenured: 3959K(349568K)->3959K(349568K)
[15.169s][info ][gc,metaspace   ] GC(650) Metaspace: 9888K(10176K)->9888K(10176K) NonClass: 8754K(8896K)->8754K(8896K) Class: 1134K(1280K)->1134K(1280K)
[15.169s][info ][gc             ] GC(650) Pause Young (Allocation Failure) 140M->3M(495M) 0.152ms
[15.169s][info ][gc,cpu         ] GC(650) User=0.00s Sys=0.00s Real=0.00s
[15.179s][info ][gc,start       ] GC(651) Pause Young (Allocation Failure)
[15.180s][debug][gc,age         ] GC(651) Desired survivor size 8945664 bytes, new threshold 15 (max threshold 15)
[15.180s][trace][gc,age         ] GC(651) Age table with threshold 15 (max threshold 15)
[15.180s][trace][gc,age         ] GC(651) - age   1:        192 bytes,        192 total
[15.180s][info ][gc,heap        ] GC(651) DefNew: 139904K(157376K)->0K(157376K) Eden: 139904K(139904K)->0K(139904K) From: 0K(17472K)->0K(17472K)
[15.180s][info ][gc,heap        ] GC(651) Tenured: 3959K(349568K)->3959K(349568K)
[15.180s][info ][gc,metaspace   ] GC(651) Metaspace: 9888K(10176K)->9888K(10176K) NonClass: 8754K(8896K)->8754K(8896K) Class: 1134K(1280K)->1134K(1280K)
[15.180s][info ][gc             ] GC(651) Pause Young (Allocation Failure) 140M->3M(495M) 0.149ms
[15.180s][info ][gc,cpu         ] GC(651) User=0.00s Sys=0.00s Real=0.00s
[15.190s][info ][gc,start       ] GC(652) Pause Young (Allocation Failure)
[15.190s][debug][gc,age         ] GC(652) Desired survivor size 8945664 bytes, new threshold 15 (max threshold 15)
[15.190s][trace][gc,age         ] GC(652) Age table with threshold 15 (max threshold 15)
[15.190s][trace][gc,age         ] GC(652) - age   1:        192 bytes,        192 total
[15.190s][info ][gc,heap        ] GC(652) DefNew: 139904K(157376K)->0K(157376K) Eden: 139904K(139904K)->0K(139904K) From: 0K(17472K)->0K(17472K)
[15.190s][info ][gc,heap        ] GC(652) Tenured: 3959K(349568K)->3959K(349568K)
[15.190s][info ][gc,metaspace   ] GC(652) Metaspace: 9888K(10176K)->9888K(10176K) NonClass: 8754K(8896K)->8754K(8896K) Class: 1134K(1280K)->1134K(1280K)
[15.190s][info ][gc             ] GC(652) Pause Young (Allocation Failure) 140M->3M(495M) 0.150ms
[15.190s][info ][gc,cpu         ] GC(652) User=0.00s Sys=0.00s Real=0.00s
[15.200s][info ][gc,start       ] GC(653) Pause Young (Allocation Failure)
[15.200s][debug][gc,age         ] GC(653) Desired survivor size 8945664 bytes, new threshold 15 (max threshold 15)
[15.200s][trace][gc,age         ] GC(653) Age table with threshold 15 (max threshold 15)
[15.200s][trace][gc,age         ] GC(653) - age   1:        192 bytes,        192 total
[15.200s][info ][gc,heap        ] GC(653) DefNew: 139904K(157376K)->0K(157376K) Eden: 139904K(139904K)->0K(139904K) From: 0K(17472K)->0K(17472K)
[15.200s][info ][gc,heap        ] GC(653) Tenured: 3959K(349568K)->3959K(349568K)
[15.200s][info ][gc,metaspace   ] GC(653) Metaspace: 9888K(10176K)->9888K(10176K) NonClass: 8754K(8896K)->8754K(8896K) Class: 1134K(1280K)->1134K(1280K)
[15.200s][info ][gc             ] GC(653) Pause Young (Allocation Failure) 140M->3M(495M) 0.150ms
[15.200s][info ][gc,cpu         ] GC(653) User=0.00s Sys=0.00s Real=0.00s
[15.210s][info ][gc,start       ] GC(654) Pause Young (Allocation Failure)
[15.210s][debug][gc,age         ] GC(654) Desired survivor size 8945664 bytes, new threshold 15 (max threshold 15)
[15.210s][trace][gc,age         ] GC(654) Age table with threshold 15 (max threshold 15)
[15.210s][trace][gc,age         ] GC(654) - age   1:        192 bytes,        192 total
[15.210s][info ][gc,heap        ] GC(654) DefNew: 139904K(157376K)->0K(157376K) Eden: 139904K(139904K)->0K(139904K) From: 0K(17472K)->0K(17472K)
[15.210s][info ][gc,heap        ] GC(654) Tenured: 3959K(349568K)->3959K(349568K)
[15.210s][info ][gc,metaspace   ] GC(654) Metaspace: 9888K(10176K)->9888K(10176K) NonClass: 8754K(8896K)->8754K(8896K) Class: 1134K(1280K)->1134K(1280K)
[15.210s][info ][gc             ] GC(654) Pause Young (Allocation Failure) 140M->3M(495M) 0.156ms
[15.210s][info ][gc,cpu         ] GC(654) User=0.00s Sys=0.00s Real=0.00s
[15.220s][info ][gc,start       ] GC(655) Pause Young (Allocation Failure)
[15.220s][debug][gc,age         ] GC(655) Desired survivor size 8945664 bytes, new threshold 15 (max threshold 15)
[15.220s][trace][gc,age         ] GC(655) Age table with threshold 15 (max threshold 15)
[15.220s][trace][gc,age         ] GC(655) - age   1:        192 bytes,        192 total
[15.220s][info ][gc,heap        ] GC(655) DefNew: 139904K(157376K)->0K(157376K) Eden: 139904K(139904K)->0K(139904K) From: 0K(17472K)->0K(17472K)
[15.220s][info ][gc,heap        ] GC(655) Tenured: 3959K(349568K)->3959K(349568K)
[15.220s][info ][gc,metaspace   ] GC(655) Metaspace: 9888K(10176K)->9888K(10176K) NonClass: 8754K(8896K)->8754K(8896K) Class: 1134K(1280K)->1134K(1280K)
[15.220s][info ][gc             ] GC(655) Pause Young (Allocation Failure) 140M->3M(495M) 0.195ms
[15.220s][info ][gc,cpu         ] GC(655) User=0.00s Sys=0.00s Real=0.01s
[15.230s][info ][gc,start       ] GC(656) Pause Young (Allocation Failure)
[15.230s][debug][gc,age         ] GC(656) Desired survivor size 8945664 bytes, new threshold 15 (max threshold 15)
[15.230s][trace][gc,age         ] GC(656) Age table with threshold 15 (max threshold 15)
[15.230s][trace][gc,age         ] GC(656) - age   1:        192 bytes,        192 total
[15.230s][info ][gc,heap        ] GC(656) DefNew: 139904K(157376K)->0K(157376K) Eden: 139904K(139904K)->0K(139904K) From: 0K(17472K)->0K(17472K)
[15.230s][info ][gc,heap        ] GC(656) Tenured: 3959K(349568K)->3959K(349568K)
[15.230s][info ][gc,metaspace   ] GC(656) Metaspace: 9888K(10176K)->9888K(10176K) NonClass: 8754K(8896K)->8754K(8896K) Class: 1134K(1280K)->1134K(1280K)
[15.230s][info ][gc             ] GC(656) Pause Young (Allocation Failure) 140M->3M(495M) 0.163ms
[15.230s][info ][gc,cpu         ] GC(656) User=0.00s Sys=0.00s Real=0.00s
[15.241s][info ][gc,start       ] GC(657) Pause Young (Allocation Failure)
[15.241s][debug][gc,age         ] GC(657) Desired survivor size 8945664 bytes, new threshold 15 (max threshold 15)
[15.241s][trace][gc,age         ] GC(657) Age table with threshold 15 (max threshold 15)
[15.241s][trace][gc,age         ] GC(657) - age   1:        192 bytes,        192 total
[15.241s][info ][gc,heap        ] GC(657) DefNew: 139904K(157376K)->0K(157376K) Eden: 139904K(139904K)->0K(139904K) From: 0K(17472K)->0K(17472K)
[15.241s][info ][gc,heap        ] GC(657) Tenured: 3959K(349568K)->3959K(349568K)
[15.241s][info ][gc,metaspace   ] GC(657) Metaspace: 9888K(10176K)->9888K(10176K) NonClass: 8754K(8896K)->8754K(8896K) Class: 1134K(1280K)->1134K(1280K)
[15.241s][info ][gc             ] GC(657) Pause Young (Allocation Failure) 140M->3M(495M) 0.155ms
[15.241s][info ][gc,cpu         ] GC(657) User=0.00s Sys=0.00s Real=0.00s
[15.251s][info ][gc,start       ] GC(658) Pause Young (Allocation Failure)
[15.251s][debug][gc,age         ] GC(658) Desired survivor size 8945664 bytes, new threshold 15 (max threshold 15)
[15.251s][trace][gc,age         ] GC(658) Age table with threshold 15 (max threshold 15)
[15.251s][trace][gc,age         ] GC(658) - age   1:        192 bytes,        192 total
[15.251s][info ][gc,heap        ] GC(658) DefNew: 139904K(157376K)->0K(157376K) Eden: 139904K(139904K)->0K(139904K) From: 0K(17472K)->0K(17472K)
[15.251s][info ][gc,heap        ] GC(658) Tenured: 3959K(349568K)->3959K(349568K)
[15.251s][info ][gc,metaspace   ] GC(658) Metaspace: 9888K(10176K)->9888K(10176K) NonClass: 8754K(8896K)->8754K(8896K) Class: 1134K(1280K)->1134K(1280K)
[15.251s][info ][gc             ] GC(658) Pause Young (Allocation Failure) 140M->3M(495M) 0.160ms
[15.251s][info ][gc,cpu         ] GC(658) User=0.00s Sys=0.00s Real=0.00s
[15.261s][info ][gc,start       ] GC(659) Pause Young (Allocation Failure)
[15.261s][debug][gc,age         ] GC(659) Desired survivor size 8945664 bytes, new threshold 15 (max threshold 15)
[15.261s][trace][gc,age         ] GC(659) Age table with threshold 15 (max threshold 15)
[15.261s][trace][gc,age         ] GC(659) - age   1:        192 bytes,        192 total
[15.261s][info ][gc,heap        ] GC(659) DefNew: 139904K(157376K)->0K(157376K) Eden: 139904K(139904K)->0K(139904K) From: 0K(17472K)->0K(17472K)
[15.261s][info ][gc,heap        ] GC(659) Tenured: 3959K(349568K)->3959K(349568K)
[15.261s][info ][gc,metaspace   ] GC(659) Metaspace: 9888K(10176K)->9888K(10176K) NonClass: 8754K(8896K)->8754K(8896K) Class: 1134K(1280K)->1134K(1280K)
[15.261s][info ][gc             ] GC(659) Pause Young (Allocation Failure) 140M->3M(495M) 0.156ms
[15.261s][info ][gc,cpu         ] GC(659) User=0.00s Sys=0.00s Real=0.00s
[15.271s][info ][gc,start       ] GC(660) Pause Young (Allocation Failure)
[15.271s][debug][gc,age         ] GC(660) Desired survivor size 8945664 bytes, new threshold 15 (max threshold 15)
[15.271s][trace][gc,age         ] GC(660) Age table with threshold 15 (max threshold 15)
[15.271s][trace][gc,age         ] GC(660) - age   1:        192 bytes,        192 total
[15.271s][info ][gc,heap        ] GC(660) DefNew: 139904K(157376K)->0K(157376K) Eden: 139904K(139904K)->0K(139904K) From: 0K(17472K)->0K(17472K)
[15.271s][info ][gc,heap        ] GC(660) Tenured: 3959K(349568K)->3959K(349568K)
[15.271s][info ][gc,metaspace   ] GC(660) Metaspace: 9888K(10176K)->9888K(10176K) NonClass: 8754K(8896K)->8754K(8896K) Class: 1134K(1280K)->1134K(1280K)
[15.271s][info ][gc             ] GC(660) Pause Young (Allocation Failure) 140M->3M(495M) 0.150ms
[15.271s][info ][gc,cpu         ] GC(660) User=0.00s Sys=0.00s Real=0.00s
[15.281s][info ][gc,start       ] GC(661) Pause Young (Allocation Failure)
[15.281s][debug][gc,age         ] GC(661) Desired survivor size 8945664 bytes, new threshold 15 (max threshold 15)
[15.281s][trace][gc,age         ] GC(661) Age table with threshold 15 (max threshold 15)
[15.281s][trace][gc,age         ] GC(661) - age   1:        192 bytes,        192 total
[15.281s][info ][gc,heap        ] GC(661) DefNew: 139904K(157376K)->0K(157376K) Eden: 139904K(139904K)->0K(139904K) From: 0K(17472K)->0K(17472K)
[15.281s][info ][gc,heap        ] GC(661) Tenured: 3959K(349568K)->3959K(349568K)
[15.281s][info ][gc,metaspace   ] GC(661) Metaspace: 9888K(10176K)->9888K(10176K) NonClass: 8754K(8896K)->8754K(8896K) Class: 1134K(1280K)->1134K(1280K)
[15.281s][info ][gc             ] GC(661) Pause Young (Allocation Failure) 140M->3M(495M) 0.160ms
[15.281s][info ][gc,cpu         ] GC(661) User=0.00s Sys=0.00s Real=0.00s
[15.291s][info ][gc,start       ] GC(662) Pause Young (Allocation Failure)
[15.292s][debug][gc,age         ] GC(662) Desired survivor size 8945664 bytes, new threshold 15 (max threshold 15)
[15.292s][trace][gc,age         ] GC(662) Age table with threshold 15 (max threshold 15)
[15.292s][trace][gc,age         ] GC(662) - age   1:        192 bytes,        192 total
[15.292s][info ][gc,heap        ] GC(662) DefNew: 139904K(157376K)->0K(157376K) Eden: 139904K(139904K)->0K(139904K) From: 0K(17472K)->0K(17472K)
[15.292s][info ][gc,heap        ] GC(662) Tenured: 3959K(349568K)->3959K(349568K)
[15.292s][info ][gc,metaspace   ] GC(662) Metaspace: 9888K(10176K)->9888K(10176K) NonClass: 8754K(8896K)->8754K(8896K) Class: 1134K(1280K)->1134K(1280K)
[15.292s][info ][gc             ] GC(662) Pause Young (Allocation Failure) 140M->3M(495M) 0.158ms
[15.292s][info ][gc,cpu         ] GC(662) User=0.00s Sys=0.00s Real=0.00s
[15.302s][info ][gc,start       ] GC(663) Pause Young (Allocation Failure)
[15.302s][debug][gc,age         ] GC(663) Desired survivor size 8945664 bytes, new threshold 15 (max threshold 15)
[15.302s][trace][gc,age         ] GC(663) Age table with threshold 15 (max threshold 15)
[15.302s][trace][gc,age         ] GC(663) - age   1:        192 bytes,        192 total
[15.302s][info ][gc,heap        ] GC(663) DefNew: 139904K(157376K)->0K(157376K) Eden: 139904K(139904K)->0K(139904K) From: 0K(17472K)->0K(17472K)
[15.302s][info ][gc,heap        ] GC(663) Tenured: 3959K(349568K)->3959K(349568K)
[15.302s][info ][gc,metaspace   ] GC(663) Metaspace: 9888K(10176K)->9888K(10176K) NonClass: 8754K(8896K)->8754K(8896K) Class: 1134K(1280K)->1134K(1280K)
[15.302s][info ][gc             ] GC(663) Pause Young (Allocation Failure) 140M->3M(495M) 0.159ms
[15.302s][info ][gc,cpu         ] GC(663) User=0.00s Sys=0.00s Real=0.00s
[15.312s][info ][gc,start       ] GC(664) Pause Young (Allocation Failure)
[15.312s][debug][gc,age         ] GC(664) Desired survivor size 8945664 bytes, new threshold 15 (max threshold 15)
[15.312s][trace][gc,age         ] GC(664) Age table with threshold 15 (max threshold 15)
[15.312s][trace][gc,age         ] GC(664) - age   1:        192 bytes,        192 total
[15.312s][info ][gc,heap        ] GC(664) DefNew: 139904K(157376K)->0K(157376K) Eden: 139904K(139904K)->0K(139904K) From: 0K(17472K)->0K(17472K)
[15.312s][info ][gc,heap        ] GC(664) Tenured: 3959K(349568K)->3959K(349568K)
[15.312s][info ][gc,metaspace   ] GC(664) Metaspace: 9888K(10176K)->9888K(10176K) NonClass: 8754K(8896K)->8754K(8896K) Class: 1134K(1280K)->1134K(1280K)
[15.312s][info ][gc             ] GC(664) Pause Young (Allocation Failure) 140M->3M(495M) 0.156ms
[15.312s][info ][gc,cpu         ] GC(664) User=0.00s Sys=0.00s Real=0.00s
[15.322s][info ][gc,start       ] GC(665) Pause Young (Allocation Failure)
[15.322s][debug][gc,age         ] GC(665) Desired survivor size 8945664 bytes, new threshold 15 (max threshold 15)
[15.322s][trace][gc,age         ] GC(665) Age table with threshold 15 (max threshold 15)
[15.322s][trace][gc,age         ] GC(665) - age   1:        192 bytes,        192 total
[15.322s][info ][gc,heap        ] GC(665) DefNew: 139904K(157376K)->0K(157376K) Eden: 139904K(139904K)->0K(139904K) From: 0K(17472K)->0K(17472K)
[15.322s][info ][gc,heap        ] GC(665) Tenured: 3959K(349568K)->3959K(349568K)
[15.322s][info ][gc,metaspace   ] GC(665) Metaspace: 9888K(10176K)->9888K(10176K) NonClass: 8754K(8896K)->8754K(8896K) Class: 1134K(1280K)->1134K(1280K)
[15.322s][info ][gc             ] GC(665) Pause Young (Allocation Failure) 140M->3M(495M) 0.149ms
[15.322s][info ][gc,cpu         ] GC(665) User=0.00s Sys=0.00s Real=0.00s
[15.332s][info ][gc,start       ] GC(666) Pause Young (Allocation Failure)
[15.332s][debug][gc,age         ] GC(666) Desired survivor size 8945664 bytes, new threshold 15 (max threshold 15)
[15.332s][trace][gc,age         ] GC(666) Age table with threshold 15 (max threshold 15)
[15.332s][trace][gc,age         ] GC(666) - age   1:        192 bytes,        192 total
[15.332s][info ][gc,heap        ] GC(666) DefNew: 139904K(157376K)->0K(157376K) Eden: 139904K(139904K)->0K(139904K) From: 0K(17472K)->0K(17472K)
[15.332s][info ][gc,heap        ] GC(666) Tenured: 3959K(349568K)->3959K(349568K)
[15.332s][info ][gc,metaspace   ] GC(666) Metaspace: 9888K(10176K)->9888K(10176K) NonClass: 8754K(8896K)->8754K(8896K) Class: 1134K(1280K)->1134K(1280K)
[15.332s][info ][gc             ] GC(666) Pause Young (Allocation Failure) 140M->3M(495M) 0.159ms
[15.332s][info ][gc,cpu         ] GC(666) User=0.00s Sys=0.00s Real=0.00s
[15.342s][info ][gc,start       ] GC(667) Pause Young (Allocation Failure)
[15.342s][debug][gc,age         ] GC(667) Desired survivor size 8945664 bytes, new threshold 15 (max threshold 15)
[15.342s][trace][gc,age         ] GC(667) Age table with threshold 15 (max threshold 15)
[15.342s][trace][gc,age         ] GC(667) - age   1:        192 bytes,        192 total
[15.342s][info ][gc,heap        ] GC(667) DefNew: 139904K(157376K)->0K(157376K) Eden: 139904K(139904K)->0K(139904K) From: 0K(17472K)->0K(17472K)
[15.342s][info ][gc,heap        ] GC(667) Tenured: 3959K(349568K)->3959K(349568K)
[15.342s][info ][gc,metaspace   ] GC(667) Metaspace: 9888K(10176K)->9888K(10176K) NonClass: 8754K(8896K)->8754K(8896K) Class: 1134K(1280K)->1134K(1280K)
[15.342s][info ][gc             ] GC(667) Pause Young (Allocation Failure) 140M->3M(495M) 0.149ms
[15.342s][info ][gc,cpu         ] GC(667) User=0.00s Sys=0.00s Real=0.00s
[15.353s][info ][gc,start       ] GC(668) Pause Young (Allocation Failure)
[15.353s][debug][gc,age         ] GC(668) Desired survivor size 8945664 bytes, new threshold 15 (max threshold 15)
[15.353s][trace][gc,age         ] GC(668) Age table with threshold 15 (max threshold 15)
[15.353s][trace][gc,age         ] GC(668) - age   1:        192 bytes,        192 total
[15.353s][info ][gc,heap        ] GC(668) DefNew: 139904K(157376K)->0K(157376K) Eden: 139904K(139904K)->0K(139904K) From: 0K(17472K)->0K(17472K)
[15.353s][info ][gc,heap        ] GC(668) Tenured: 3959K(349568K)->3959K(349568K)
[15.353s][info ][gc,metaspace   ] GC(668) Metaspace: 9888K(10176K)->9888K(10176K) NonClass: 8754K(8896K)->8754K(8896K) Class: 1134K(1280K)->1134K(1280K)
[15.353s][info ][gc             ] GC(668) Pause Young (Allocation Failure) 140M->3M(495M) 0.156ms
[15.353s][info ][gc,cpu         ] GC(668) User=0.00s Sys=0.00s Real=0.00s
[15.363s][info ][gc,start       ] GC(669) Pause Young (Allocation Failure)
[15.363s][debug][gc,age         ] GC(669) Desired survivor size 8945664 bytes, new threshold 15 (max threshold 15)
[15.363s][trace][gc,age         ] GC(669) Age table with threshold 15 (max threshold 15)
[15.363s][trace][gc,age         ] GC(669) - age   1:        192 bytes,        192 total
[15.363s][info ][gc,heap        ] GC(669) DefNew: 139904K(157376K)->0K(157376K) Eden: 139904K(139904K)->0K(139904K) From: 0K(17472K)->0K(17472K)
[15.363s][info ][gc,heap        ] GC(669) Tenured: 3959K(349568K)->3959K(349568K)
[15.363s][info ][gc,metaspace   ] GC(669) Metaspace: 9888K(10176K)->9888K(10176K) NonClass: 8754K(8896K)->8754K(8896K) Class: 1134K(1280K)->1134K(1280K)
[15.363s][info ][gc             ] GC(669) Pause Young (Allocation Failure) 140M->3M(495M) 0.154ms
[15.363s][info ][gc,cpu         ] GC(669) User=0.00s Sys=0.00s Real=0.00s
[15.373s][info ][gc,start       ] GC(670) Pause Young (Allocation Failure)
[15.373s][debug][gc,age         ] GC(670) Desired survivor size 8945664 bytes, new threshold 15 (max threshold 15)
[15.373s][trace][gc,age         ] GC(670) Age table with threshold 15 (max threshold 15)
[15.373s][trace][gc,age         ] GC(670) - age   1:        192 bytes,        192 total
[15.373s][info ][gc,heap        ] GC(670) DefNew: 139904K(157376K)->0K(157376K) Eden: 139904K(139904K)->0K(139904K) From: 0K(17472K)->0K(17472K)
[15.373s][info ][gc,heap        ] GC(670) Tenured: 3959K(349568K)->3959K(349568K)
[15.373s][info ][gc,metaspace   ] GC(670) Metaspace: 9888K(10176K)->9888K(10176K) NonClass: 8754K(8896K)->8754K(8896K) Class: 1134K(1280K)->1134K(1280K)
[15.373s][info ][gc             ] GC(670) Pause Young (Allocation Failure) 140M->3M(495M) 0.149ms
[15.373s][info ][gc,cpu         ] GC(670) User=0.00s Sys=0.00s Real=0.00s
[15.383s][info ][gc,start       ] GC(671) Pause Young (Allocation Failure)
[15.383s][debug][gc,age         ] GC(671) Desired survivor size 8945664 bytes, new threshold 15 (max threshold 15)
[15.383s][trace][gc,age         ] GC(671) Age table with threshold 15 (max threshold 15)
[15.383s][trace][gc,age         ] GC(671) - age   1:        192 bytes,        192 total
[15.383s][info ][gc,heap        ] GC(671) DefNew: 139904K(157376K)->0K(157376K) Eden: 139904K(139904K)->0K(139904K) From: 0K(17472K)->0K(17472K)
[15.383s][info ][gc,heap        ] GC(671) Tenured: 3959K(349568K)->3959K(349568K)
[15.383s][info ][gc,metaspace   ] GC(671) Metaspace: 9888K(10176K)->9888K(10176K) NonClass: 8754K(8896K)->8754K(8896K) Class: 1134K(1280K)->1134K(1280K)
[15.383s][info ][gc             ] GC(671) Pause Young (Allocation Failure) 140M->3M(495M) 0.157ms
[15.383s][info ][gc,cpu         ] GC(671) User=0.00s Sys=0.00s Real=0.00s
[15.393s][info ][gc,start       ] GC(672) Pause Young (Allocation Failure)
[15.393s][debug][gc,age         ] GC(672) Desired survivor size 8945664 bytes, new threshold 15 (max threshold 15)
[15.393s][trace][gc,age         ] GC(672) Age table with threshold 15 (max threshold 15)
[15.393s][trace][gc,age         ] GC(672) - age   1:        192 bytes,        192 total
[15.393s][info ][gc,heap        ] GC(672) DefNew: 139904K(157376K)->0K(157376K) Eden: 139904K(139904K)->0K(139904K) From: 0K(17472K)->0K(17472K)
[15.393s][info ][gc,heap        ] GC(672) Tenured: 3959K(349568K)->3959K(349568K)
[15.393s][info ][gc,metaspace   ] GC(672) Metaspace: 9888K(10176K)->9888K(10176K) NonClass: 8754K(8896K)->8754K(8896K) Class: 1134K(1280K)->1134K(1280K)
[15.393s][info ][gc             ] GC(672) Pause Young (Allocation Failure) 140M->3M(495M) 0.151ms
[15.393s][info ][gc,cpu         ] GC(672) User=0.00s Sys=0.00s Real=0.00s
[15.403s][info ][gc,start       ] GC(673) Pause Young (Allocation Failure)
[15.403s][debug][gc,age         ] GC(673) Desired survivor size 8945664 bytes, new threshold 15 (max threshold 15)
[15.403s][trace][gc,age         ] GC(673) Age table with threshold 15 (max threshold 15)
[15.403s][trace][gc,age         ] GC(673) - age   1:        192 bytes,        192 total
[15.403s][info ][gc,heap        ] GC(673) DefNew: 139904K(157376K)->0K(157376K) Eden: 139904K(139904K)->0K(139904K) From: 0K(17472K)->0K(17472K)
[15.403s][info ][gc,heap        ] GC(673) Tenured: 3959K(349568K)->3959K(349568K)
[15.403s][info ][gc,metaspace   ] GC(673) Metaspace: 9888K(10176K)->9888K(10176K) NonClass: 8754K(8896K)->8754K(8896K) Class: 1134K(1280K)->1134K(1280K)
[15.403s][info ][gc             ] GC(673) Pause Young (Allocation Failure) 140M->3M(495M) 0.149ms
[15.403s][info ][gc,cpu         ] GC(673) User=0.00s Sys=0.00s Real=0.00s
[15.414s][info ][gc,start       ] GC(674) Pause Young (Allocation Failure)
[15.416s][debug][gc,age         ] GC(674) Desired survivor size 8945664 bytes, new threshold 15 (max threshold 15)
[15.416s][trace][gc,age         ] GC(674) Age table with threshold 15 (max threshold 15)
[15.416s][trace][gc,age         ] GC(674) - age   1:        192 bytes,        192 total
[15.416s][info ][gc,heap        ] GC(674) DefNew: 139904K(157376K)->0K(157376K) Eden: 139904K(139904K)->0K(139904K) From: 0K(17472K)->0K(17472K)
[15.416s][info ][gc,heap        ] GC(674) Tenured: 3959K(349568K)->3959K(349568K)
[15.416s][info ][gc,metaspace   ] GC(674) Metaspace: 9888K(10176K)->9888K(10176K) NonClass: 8754K(8896K)->8754K(8896K) Class: 1134K(1280K)->1134K(1280K)
[15.416s][info ][gc             ] GC(674) Pause Young (Allocation Failure) 140M->3M(495M) 2.198ms
[15.416s][info ][gc,cpu         ] GC(674) User=0.00s Sys=0.00s Real=0.00s
[15.426s][info ][gc,start       ] GC(675) Pause Young (Allocation Failure)
[15.426s][debug][gc,age         ] GC(675) Desired survivor size 8945664 bytes, new threshold 15 (max threshold 15)
[15.426s][trace][gc,age         ] GC(675) Age table with threshold 15 (max threshold 15)
[15.426s][trace][gc,age         ] GC(675) - age   1:        192 bytes,        192 total
[15.426s][info ][gc,heap        ] GC(675) DefNew: 139904K(157376K)->0K(157376K) Eden: 139904K(139904K)->0K(139904K) From: 0K(17472K)->0K(17472K)
[15.426s][info ][gc,heap        ] GC(675) Tenured: 3959K(349568K)->3959K(349568K)
[15.426s][info ][gc,metaspace   ] GC(675) Metaspace: 9888K(10176K)->9888K(10176K) NonClass: 8754K(8896K)->8754K(8896K) Class: 1134K(1280K)->1134K(1280K)
[15.426s][info ][gc             ] GC(675) Pause Young (Allocation Failure) 140M->3M(495M) 0.159ms
[15.426s][info ][gc,cpu         ] GC(675) User=0.00s Sys=0.00s Real=0.00s
[15.436s][info ][gc,start       ] GC(676) Pause Young (Allocation Failure)
[15.436s][debug][gc,age         ] GC(676) Desired survivor size 8945664 bytes, new threshold 15 (max threshold 15)
[15.436s][trace][gc,age         ] GC(676) Age table with threshold 15 (max threshold 15)
[15.436s][trace][gc,age         ] GC(676) - age   1:        192 bytes,        192 total
[15.436s][info ][gc,heap        ] GC(676) DefNew: 139904K(157376K)->0K(157376K) Eden: 139904K(139904K)->0K(139904K) From: 0K(17472K)->0K(17472K)
[15.436s][info ][gc,heap        ] GC(676) Tenured: 3959K(349568K)->3959K(349568K)
[15.436s][info ][gc,metaspace   ] GC(676) Metaspace: 9888K(10176K)->9888K(10176K) NonClass: 8754K(8896K)->8754K(8896K) Class: 1134K(1280K)->1134K(1280K)
[15.436s][info ][gc             ] GC(676) Pause Young (Allocation Failure) 140M->3M(495M) 0.161ms
[15.436s][info ][gc,cpu         ] GC(676) User=0.00s Sys=0.00s Real=0.00s
[15.446s][info ][gc,start       ] GC(677) Pause Young (Allocation Failure)
[15.446s][debug][gc,age         ] GC(677) Desired survivor size 8945664 bytes, new threshold 15 (max threshold 15)
[15.446s][trace][gc,age         ] GC(677) Age table with threshold 15 (max threshold 15)
[15.446s][trace][gc,age         ] GC(677) - age   1:        192 bytes,        192 total
[15.446s][info ][gc,heap        ] GC(677) DefNew: 139904K(157376K)->0K(157376K) Eden: 139904K(139904K)->0K(139904K) From: 0K(17472K)->0K(17472K)
[15.446s][info ][gc,heap        ] GC(677) Tenured: 3959K(349568K)->3959K(349568K)
[15.446s][info ][gc,metaspace   ] GC(677) Metaspace: 9888K(10176K)->9888K(10176K) NonClass: 8754K(8896K)->8754K(8896K) Class: 1134K(1280K)->1134K(1280K)
[15.446s][info ][gc             ] GC(677) Pause Young (Allocation Failure) 140M->3M(495M) 0.159ms
[15.446s][info ][gc,cpu         ] GC(677) User=0.00s Sys=0.00s Real=0.00s
[15.457s][info ][gc,start       ] GC(678) Pause Young (Allocation Failure)
[15.457s][debug][gc,age         ] GC(678) Desired survivor size 8945664 bytes, new threshold 15 (max threshold 15)
[15.457s][trace][gc,age         ] GC(678) Age table with threshold 15 (max threshold 15)
[15.457s][trace][gc,age         ] GC(678) - age   1:        192 bytes,        192 total
[15.457s][info ][gc,heap        ] GC(678) DefNew: 139904K(157376K)->0K(157376K) Eden: 139904K(139904K)->0K(139904K) From: 0K(17472K)->0K(17472K)
[15.457s][info ][gc,heap        ] GC(678) Tenured: 3959K(349568K)->3959K(349568K)
[15.457s][info ][gc,metaspace   ] GC(678) Metaspace: 9888K(10176K)->9888K(10176K) NonClass: 8754K(8896K)->8754K(8896K) Class: 1134K(1280K)->1134K(1280K)
[15.457s][info ][gc             ] GC(678) Pause Young (Allocation Failure) 140M->3M(495M) 0.152ms
[15.457s][info ][gc,cpu         ] GC(678) User=0.00s Sys=0.00s Real=0.00s
[15.467s][info ][gc,start       ] GC(679) Pause Young (Allocation Failure)
[15.467s][debug][gc,age         ] GC(679) Desired survivor size 8945664 bytes, new threshold 15 (max threshold 15)
[15.467s][trace][gc,age         ] GC(679) Age table with threshold 15 (max threshold 15)
[15.467s][trace][gc,age         ] GC(679) - age   1:        192 bytes,        192 total
[15.467s][info ][gc,heap        ] GC(679) DefNew: 139904K(157376K)->0K(157376K) Eden: 139904K(139904K)->0K(139904K) From: 0K(17472K)->0K(17472K)
[15.467s][info ][gc,heap        ] GC(679) Tenured: 3959K(349568K)->3959K(349568K)
[15.467s][info ][gc,metaspace   ] GC(679) Metaspace: 9888K(10176K)->9888K(10176K) NonClass: 8754K(8896K)->8754K(8896K) Class: 1134K(1280K)->1134K(1280K)
[15.467s][info ][gc             ] GC(679) Pause Young (Allocation Failure) 140M->3M(495M) 0.153ms
[15.467s][info ][gc,cpu         ] GC(679) User=0.00s Sys=0.00s Real=0.00s
[15.477s][info ][gc,start       ] GC(680) Pause Young (Allocation Failure)
[15.477s][debug][gc,age         ] GC(680) Desired survivor size 8945664 bytes, new threshold 15 (max threshold 15)
[15.477s][trace][gc,age         ] GC(680) Age table with threshold 15 (max threshold 15)
[15.477s][trace][gc,age         ] GC(680) - age   1:        192 bytes,        192 total
[15.477s][info ][gc,heap        ] GC(680) DefNew: 139904K(157376K)->0K(157376K) Eden: 139904K(139904K)->0K(139904K) From: 0K(17472K)->0K(17472K)
[15.477s][info ][gc,heap        ] GC(680) Tenured: 3959K(349568K)->3959K(349568K)
[15.477s][info ][gc,metaspace   ] GC(680) Metaspace: 9888K(10176K)->9888K(10176K) NonClass: 8754K(8896K)->8754K(8896K) Class: 1134K(1280K)->1134K(1280K)
[15.477s][info ][gc             ] GC(680) Pause Young (Allocation Failure) 140M->3M(495M) 0.149ms
[15.477s][info ][gc,cpu         ] GC(680) User=0.00s Sys=0.00s Real=0.00s
[15.487s][info ][gc,start       ] GC(681) Pause Young (Allocation Failure)
[15.487s][debug][gc,age         ] GC(681) Desired survivor size 8945664 bytes, new threshold 15 (max threshold 15)
[15.487s][trace][gc,age         ] GC(681) Age table with threshold 15 (max threshold 15)
[15.487s][trace][gc,age         ] GC(681) - age   1:        192 bytes,        192 total
[15.487s][info ][gc,heap        ] GC(681) DefNew: 139904K(157376K)->0K(157376K) Eden: 139904K(139904K)->0K(139904K) From: 0K(17472K)->0K(17472K)
[15.487s][info ][gc,heap        ] GC(681) Tenured: 3959K(349568K)->3959K(349568K)
[15.487s][info ][gc,metaspace   ] GC(681) Metaspace: 9888K(10176K)->9888K(10176K) NonClass: 8754K(8896K)->8754K(8896K) Class: 1134K(1280K)->1134K(1280K)
[15.487s][info ][gc             ] GC(681) Pause Young (Allocation Failure) 140M->3M(495M) 0.156ms
[15.487s][info ][gc,cpu         ] GC(681) User=0.00s Sys=0.00s Real=0.00s
[15.497s][info ][gc,start       ] GC(682) Pause Young (Allocation Failure)
[15.497s][debug][gc,age         ] GC(682) Desired survivor size 8945664 bytes, new threshold 15 (max threshold 15)
[15.497s][trace][gc,age         ] GC(682) Age table with threshold 15 (max threshold 15)
[15.497s][trace][gc,age         ] GC(682) - age   1:        192 bytes,        192 total
[15.497s][info ][gc,heap        ] GC(682) DefNew: 139904K(157376K)->0K(157376K) Eden: 139904K(139904K)->0K(139904K) From: 0K(17472K)->0K(17472K)
[15.497s][info ][gc,heap        ] GC(682) Tenured: 3959K(349568K)->3959K(349568K)
[15.497s][info ][gc,metaspace   ] GC(682) Metaspace: 9888K(10176K)->9888K(10176K) NonClass: 8754K(8896K)->8754K(8896K) Class: 1134K(1280K)->1134K(1280K)
[15.498s][info ][gc             ] GC(682) Pause Young (Allocation Failure) 140M->3M(495M) 0.150ms
[15.498s][info ][gc,cpu         ] GC(682) User=0.00s Sys=0.00s Real=0.00s
[15.508s][info ][gc,start       ] GC(683) Pause Young (Allocation Failure)
[15.508s][debug][gc,age         ] GC(683) Desired survivor size 8945664 bytes, new threshold 15 (max threshold 15)
[15.508s][trace][gc,age         ] GC(683) Age table with threshold 15 (max threshold 15)
[15.508s][trace][gc,age         ] GC(683) - age   1:        192 bytes,        192 total
[15.508s][info ][gc,heap        ] GC(683) DefNew: 139904K(157376K)->0K(157376K) Eden: 139904K(139904K)->0K(139904K) From: 0K(17472K)->0K(17472K)
[15.508s][info ][gc,heap        ] GC(683) Tenured: 3959K(349568K)->3959K(349568K)
[15.508s][info ][gc,metaspace   ] GC(683) Metaspace: 9888K(10176K)->9888K(10176K) NonClass: 8754K(8896K)->8754K(8896K) Class: 1134K(1280K)->1134K(1280K)
[15.508s][info ][gc             ] GC(683) Pause Young (Allocation Failure) 140M->3M(495M) 0.161ms
[15.508s][info ][gc,cpu         ] GC(683) User=0.00s Sys=0.00s Real=0.00s
[15.518s][info ][gc,start       ] GC(684) Pause Young (Allocation Failure)
[15.518s][debug][gc,age         ] GC(684) Desired survivor size 8945664 bytes, new threshold 15 (max threshold 15)
[15.518s][trace][gc,age         ] GC(684) Age table with threshold 15 (max threshold 15)
[15.518s][trace][gc,age         ] GC(684) - age   1:        192 bytes,        192 total
[15.518s][info ][gc,heap        ] GC(684) DefNew: 139904K(157376K)->0K(157376K) Eden: 139904K(139904K)->0K(139904K) From: 0K(17472K)->0K(17472K)
[15.518s][info ][gc,heap        ] GC(684) Tenured: 3959K(349568K)->3959K(349568K)
[15.518s][info ][gc,metaspace   ] GC(684) Metaspace: 9888K(10176K)->9888K(10176K) NonClass: 8754K(8896K)->8754K(8896K) Class: 1134K(1280K)->1134K(1280K)
[15.518s][info ][gc             ] GC(684) Pause Young (Allocation Failure) 140M->3M(495M) 0.147ms
[15.518s][info ][gc,cpu         ] GC(684) User=0.00s Sys=0.00s Real=0.00s
[15.528s][info ][gc,start       ] GC(685) Pause Young (Allocation Failure)
[15.528s][debug][gc,age         ] GC(685) Desired survivor size 8945664 bytes, new threshold 15 (max threshold 15)
[15.528s][trace][gc,age         ] GC(685) Age table with threshold 15 (max threshold 15)
[15.528s][trace][gc,age         ] GC(685) - age   1:        192 bytes,        192 total
[15.528s][info ][gc,heap        ] GC(685) DefNew: 139904K(157376K)->0K(157376K) Eden: 139904K(139904K)->0K(139904K) From: 0K(17472K)->0K(17472K)
[15.528s][info ][gc,heap        ] GC(685) Tenured: 3959K(349568K)->3959K(349568K)
[15.528s][info ][gc,metaspace   ] GC(685) Metaspace: 9888K(10176K)->9888K(10176K) NonClass: 8754K(8896K)->8754K(8896K) Class: 1134K(1280K)->1134K(1280K)
[15.528s][info ][gc             ] GC(685) Pause Young (Allocation Failure) 140M->3M(495M) 0.149ms
[15.528s][info ][gc,cpu         ] GC(685) User=0.00s Sys=0.00s Real=0.00s
[15.538s][info ][gc,start       ] GC(686) Pause Young (Allocation Failure)
[15.538s][debug][gc,age         ] GC(686) Desired survivor size 8945664 bytes, new threshold 15 (max threshold 15)
[15.538s][trace][gc,age         ] GC(686) Age table with threshold 15 (max threshold 15)
[15.538s][trace][gc,age         ] GC(686) - age   1:        192 bytes,        192 total
[15.538s][info ][gc,heap        ] GC(686) DefNew: 139904K(157376K)->0K(157376K) Eden: 139904K(139904K)->0K(139904K) From: 0K(17472K)->0K(17472K)
[15.538s][info ][gc,heap        ] GC(686) Tenured: 3959K(349568K)->3959K(349568K)
[15.538s][info ][gc,metaspace   ] GC(686) Metaspace: 9888K(10176K)->9888K(10176K) NonClass: 8754K(8896K)->8754K(8896K) Class: 1134K(1280K)->1134K(1280K)
[15.538s][info ][gc             ] GC(686) Pause Young (Allocation Failure) 140M->3M(495M) 0.149ms
[15.538s][info ][gc,cpu         ] GC(686) User=0.00s Sys=0.00s Real=0.00s
[15.548s][info ][gc,start       ] GC(687) Pause Young (Allocation Failure)
[15.548s][debug][gc,age         ] GC(687) Desired survivor size 8945664 bytes, new threshold 15 (max threshold 15)
[15.548s][trace][gc,age         ] GC(687) Age table with threshold 15 (max threshold 15)
[15.548s][trace][gc,age         ] GC(687) - age   1:        192 bytes,        192 total
[15.548s][info ][gc,heap        ] GC(687) DefNew: 139904K(157376K)->0K(157376K) Eden: 139904K(139904K)->0K(139904K) From: 0K(17472K)->0K(17472K)
[15.548s][info ][gc,heap        ] GC(687) Tenured: 3959K(349568K)->3959K(349568K)
[15.548s][info ][gc,metaspace   ] GC(687) Metaspace: 9888K(10176K)->9888K(10176K) NonClass: 8754K(8896K)->8754K(8896K) Class: 1134K(1280K)->1134K(1280K)
[15.548s][info ][gc             ] GC(687) Pause Young (Allocation Failure) 140M->3M(495M) 0.156ms
[15.548s][info ][gc,cpu         ] GC(687) User=0.00s Sys=0.00s Real=0.00s
[15.558s][info ][gc,start       ] GC(688) Pause Young (Allocation Failure)
[15.559s][debug][gc,age         ] GC(688) Desired survivor size 8945664 bytes, new threshold 15 (max threshold 15)
[15.559s][trace][gc,age         ] GC(688) Age table with threshold 15 (max threshold 15)
[15.559s][trace][gc,age         ] GC(688) - age   1:        192 bytes,        192 total
[15.559s][info ][gc,heap        ] GC(688) DefNew: 139904K(157376K)->0K(157376K) Eden: 139904K(139904K)->0K(139904K) From: 0K(17472K)->0K(17472K)
[15.559s][info ][gc,heap        ] GC(688) Tenured: 3959K(349568K)->3959K(349568K)
[15.559s][info ][gc,metaspace   ] GC(688) Metaspace: 9888K(10176K)->9888K(10176K) NonClass: 8754K(8896K)->8754K(8896K) Class: 1134K(1280K)->1134K(1280K)
[15.559s][info ][gc             ] GC(688) Pause Young (Allocation Failure) 140M->3M(495M) 0.154ms
[15.559s][info ][gc,cpu         ] GC(688) User=0.00s Sys=0.00s Real=0.00s
[15.569s][info ][gc,start       ] GC(689) Pause Young (Allocation Failure)
[15.569s][debug][gc,age         ] GC(689) Desired survivor size 8945664 bytes, new threshold 15 (max threshold 15)
[15.569s][trace][gc,age         ] GC(689) Age table with threshold 15 (max threshold 15)
[15.569s][trace][gc,age         ] GC(689) - age   1:        192 bytes,        192 total
[15.569s][info ][gc,heap        ] GC(689) DefNew: 139904K(157376K)->0K(157376K) Eden: 139904K(139904K)->0K(139904K) From: 0K(17472K)->0K(17472K)
[15.569s][info ][gc,heap        ] GC(689) Tenured: 3959K(349568K)->3959K(349568K)
[15.569s][info ][gc,metaspace   ] GC(689) Metaspace: 9888K(10176K)->9888K(10176K) NonClass: 8754K(8896K)->8754K(8896K) Class: 1134K(1280K)->1134K(1280K)
[15.569s][info ][gc             ] GC(689) Pause Young (Allocation Failure) 140M->3M(495M) 0.152ms
[15.569s][info ][gc,cpu         ] GC(689) User=0.00s Sys=0.00s Real=0.00s
[15.579s][info ][gc,start       ] GC(690) Pause Young (Allocation Failure)
[15.579s][debug][gc,age         ] GC(690) Desired survivor size 8945664 bytes, new threshold 15 (max threshold 15)
[15.579s][trace][gc,age         ] GC(690) Age table with threshold 15 (max threshold 15)
[15.579s][trace][gc,age         ] GC(690) - age   1:        192 bytes,        192 total
[15.579s][info ][gc,heap        ] GC(690) DefNew: 139904K(157376K)->0K(157376K) Eden: 139904K(139904K)->0K(139904K) From: 0K(17472K)->0K(17472K)
[15.579s][info ][gc,heap        ] GC(690) Tenured: 3959K(349568K)->3959K(349568K)
[15.579s][info ][gc,metaspace   ] GC(690) Metaspace: 9888K(10176K)->9888K(10176K) NonClass: 8754K(8896K)->8754K(8896K) Class: 1134K(1280K)->1134K(1280K)
[15.579s][info ][gc             ] GC(690) Pause Young (Allocation Failure) 140M->3M(495M) 0.148ms
[15.579s][info ][gc,cpu         ] GC(690) User=0.00s Sys=0.00s Real=0.00s
[15.589s][info ][gc,start       ] GC(691) Pause Young (Allocation Failure)
[15.589s][debug][gc,age         ] GC(691) Desired survivor size 8945664 bytes, new threshold 15 (max threshold 15)
[15.589s][trace][gc,age         ] GC(691) Age table with threshold 15 (max threshold 15)
[15.589s][trace][gc,age         ] GC(691) - age   1:        192 bytes,        192 total
[15.589s][info ][gc,heap        ] GC(691) DefNew: 139904K(157376K)->0K(157376K) Eden: 139904K(139904K)->0K(139904K) From: 0K(17472K)->0K(17472K)
[15.589s][info ][gc,heap        ] GC(691) Tenured: 3959K(349568K)->3959K(349568K)
[15.589s][info ][gc,metaspace   ] GC(691) Metaspace: 9888K(10176K)->9888K(10176K) NonClass: 8754K(8896K)->8754K(8896K) Class: 1134K(1280K)->1134K(1280K)
[15.589s][info ][gc             ] GC(691) Pause Young (Allocation Failure) 140M->3M(495M) 0.147ms
[15.589s][info ][gc,cpu         ] GC(691) User=0.00s Sys=0.00s Real=0.00s
[15.599s][info ][gc,start       ] GC(692) Pause Young (Allocation Failure)
[15.599s][debug][gc,age         ] GC(692) Desired survivor size 8945664 bytes, new threshold 15 (max threshold 15)
[15.599s][trace][gc,age         ] GC(692) Age table with threshold 15 (max threshold 15)
[15.599s][trace][gc,age         ] GC(692) - age   1:        192 bytes,        192 total
[15.599s][info ][gc,heap        ] GC(692) DefNew: 139904K(157376K)->0K(157376K) Eden: 139904K(139904K)->0K(139904K) From: 0K(17472K)->0K(17472K)
[15.599s][info ][gc,heap        ] GC(692) Tenured: 3959K(349568K)->3959K(349568K)
[15.599s][info ][gc,metaspace   ] GC(692) Metaspace: 9888K(10176K)->9888K(10176K) NonClass: 8754K(8896K)->8754K(8896K) Class: 1134K(1280K)->1134K(1280K)
[15.599s][info ][gc             ] GC(692) Pause Young (Allocation Failure) 140M->3M(495M) 0.153ms
[15.599s][info ][gc,cpu         ] GC(692) User=0.00s Sys=0.00s Real=0.00s
[15.609s][info ][gc,start       ] GC(693) Pause Young (Allocation Failure)
[15.609s][debug][gc,age         ] GC(693) Desired survivor size 8945664 bytes, new threshold 15 (max threshold 15)
[15.609s][trace][gc,age         ] GC(693) Age table with threshold 15 (max threshold 15)
[15.609s][trace][gc,age         ] GC(693) - age   1:        192 bytes,        192 total
[15.609s][info ][gc,heap        ] GC(693) DefNew: 139904K(157376K)->0K(157376K) Eden: 139904K(139904K)->0K(139904K) From: 0K(17472K)->0K(17472K)
[15.609s][info ][gc,heap        ] GC(693) Tenured: 3959K(349568K)->3959K(349568K)
[15.609s][info ][gc,metaspace   ] GC(693) Metaspace: 9888K(10176K)->9888K(10176K) NonClass: 8754K(8896K)->8754K(8896K) Class: 1134K(1280K)->1134K(1280K)
[15.609s][info ][gc             ] GC(693) Pause Young (Allocation Failure) 140M->3M(495M) 0.149ms
[15.609s][info ][gc,cpu         ] GC(693) User=0.00s Sys=0.00s Real=0.00s
[15.619s][info ][gc,start       ] GC(694) Pause Young (Allocation Failure)
[15.620s][debug][gc,age         ] GC(694) Desired survivor size 8945664 bytes, new threshold 15 (max threshold 15)
[15.620s][trace][gc,age         ] GC(694) Age table with threshold 15 (max threshold 15)
[15.620s][trace][gc,age         ] GC(694) - age   1:        192 bytes,        192 total
[15.620s][info ][gc,heap        ] GC(694) DefNew: 139904K(157376K)->0K(157376K) Eden: 139904K(139904K)->0K(139904K) From: 0K(17472K)->0K(17472K)
[15.620s][info ][gc,heap        ] GC(694) Tenured: 3959K(349568K)->3959K(349568K)
[15.620s][info ][gc,metaspace   ] GC(694) Metaspace: 9888K(10176K)->9888K(10176K) NonClass: 8754K(8896K)->8754K(8896K) Class: 1134K(1280K)->1134K(1280K)
[15.620s][info ][gc             ] GC(694) Pause Young (Allocation Failure) 140M->3M(495M) 0.153ms
[15.620s][info ][gc,cpu         ] GC(694) User=0.00s Sys=0.00s Real=0.00s
[15.630s][info ][gc,start       ] GC(695) Pause Young (Allocation Failure)
[15.630s][debug][gc,age         ] GC(695) Desired survivor size 8945664 bytes, new threshold 15 (max threshold 15)
[15.630s][trace][gc,age         ] GC(695) Age table with threshold 15 (max threshold 15)
[15.630s][trace][gc,age         ] GC(695) - age   1:        192 bytes,        192 total
[15.630s][info ][gc,heap        ] GC(695) DefNew: 139904K(157376K)->0K(157376K) Eden: 139904K(139904K)->0K(139904K) From: 0K(17472K)->0K(17472K)
[15.630s][info ][gc,heap        ] GC(695) Tenured: 3959K(349568K)->3959K(349568K)
[15.630s][info ][gc,metaspace   ] GC(695) Metaspace: 9888K(10176K)->9888K(10176K) NonClass: 8754K(8896K)->8754K(8896K) Class: 1134K(1280K)->1134K(1280K)
[15.630s][info ][gc             ] GC(695) Pause Young (Allocation Failure) 140M->3M(495M) 0.156ms
[15.630s][info ][gc,cpu         ] GC(695) User=0.00s Sys=0.00s Real=0.00s
[15.640s][info ][gc,start       ] GC(696) Pause Young (Allocation Failure)
[15.640s][debug][gc,age         ] GC(696) Desired survivor size 8945664 bytes, new threshold 15 (max threshold 15)
[15.640s][trace][gc,age         ] GC(696) Age table with threshold 15 (max threshold 15)
[15.640s][trace][gc,age         ] GC(696) - age   1:        192 bytes,        192 total
[15.640s][info ][gc,heap        ] GC(696) DefNew: 139904K(157376K)->0K(157376K) Eden: 139904K(139904K)->0K(139904K) From: 0K(17472K)->0K(17472K)
[15.640s][info ][gc,heap        ] GC(696) Tenured: 3959K(349568K)->3959K(349568K)
[15.640s][info ][gc,metaspace   ] GC(696) Metaspace: 9888K(10176K)->9888K(10176K) NonClass: 8754K(8896K)->8754K(8896K) Class: 1134K(1280K)->1134K(1280K)
[15.640s][info ][gc             ] GC(696) Pause Young (Allocation Failure) 140M->3M(495M) 0.151ms
[15.640s][info ][gc,cpu         ] GC(696) User=0.00s Sys=0.00s Real=0.00s
[15.650s][info ][gc,start       ] GC(697) Pause Young (Allocation Failure)
[15.650s][debug][gc,age         ] GC(697) Desired survivor size 8945664 bytes, new threshold 15 (max threshold 15)
[15.650s][trace][gc,age         ] GC(697) Age table with threshold 15 (max threshold 15)
[15.650s][trace][gc,age         ] GC(697) - age   1:        192 bytes,        192 total
[15.650s][info ][gc,heap        ] GC(697) DefNew: 139904K(157376K)->0K(157376K) Eden: 139904K(139904K)->0K(139904K) From: 0K(17472K)->0K(17472K)
[15.650s][info ][gc,heap        ] GC(697) Tenured: 3959K(349568K)->3959K(349568K)
[15.650s][info ][gc,metaspace   ] GC(697) Metaspace: 9888K(10176K)->9888K(10176K) NonClass: 8754K(8896K)->8754K(8896K) Class: 1134K(1280K)->1134K(1280K)
[15.650s][info ][gc             ] GC(697) Pause Young (Allocation Failure) 140M->3M(495M) 0.150ms
[15.650s][info ][gc,cpu         ] GC(697) User=0.00s Sys=0.00s Real=0.01s
[15.660s][info ][gc,start       ] GC(698) Pause Young (Allocation Failure)
[15.660s][debug][gc,age         ] GC(698) Desired survivor size 8945664 bytes, new threshold 15 (max threshold 15)
[15.660s][trace][gc,age         ] GC(698) Age table with threshold 15 (max threshold 15)
[15.660s][trace][gc,age         ] GC(698) - age   1:        192 bytes,        192 total
[15.660s][info ][gc,heap        ] GC(698) DefNew: 139904K(157376K)->0K(157376K) Eden: 139904K(139904K)->0K(139904K) From: 0K(17472K)->0K(17472K)
[15.660s][info ][gc,heap        ] GC(698) Tenured: 3959K(349568K)->3959K(349568K)
[15.660s][info ][gc,metaspace   ] GC(698) Metaspace: 9888K(10176K)->9888K(10176K) NonClass: 8754K(8896K)->8754K(8896K) Class: 1134K(1280K)->1134K(1280K)
[15.660s][info ][gc             ] GC(698) Pause Young (Allocation Failure) 140M->3M(495M) 0.168ms
[15.660s][info ][gc,cpu         ] GC(698) User=0.00s Sys=0.00s Real=0.00s
[15.670s][info ][gc,start       ] GC(699) Pause Young (Allocation Failure)
[15.670s][debug][gc,age         ] GC(699) Desired survivor size 8945664 bytes, new threshold 15 (max threshold 15)
[15.670s][trace][gc,age         ] GC(699) Age table with threshold 15 (max threshold 15)
[15.670s][trace][gc,age         ] GC(699) - age   1:        192 bytes,        192 total
[15.670s][info ][gc,heap        ] GC(699) DefNew: 139904K(157376K)->0K(157376K) Eden: 139904K(139904K)->0K(139904K) From: 0K(17472K)->0K(17472K)
[15.670s][info ][gc,heap        ] GC(699) Tenured: 3959K(349568K)->3959K(349568K)
[15.670s][info ][gc,metaspace   ] GC(699) Metaspace: 9888K(10176K)->9888K(10176K) NonClass: 8754K(8896K)->8754K(8896K) Class: 1134K(1280K)->1134K(1280K)
[15.670s][info ][gc             ] GC(699) Pause Young (Allocation Failure) 140M->3M(495M) 0.167ms
[15.671s][info ][gc,cpu         ] GC(699) User=0.00s Sys=0.00s Real=0.00s
[15.681s][info ][gc,start       ] GC(700) Pause Young (Allocation Failure)
[15.681s][debug][gc,age         ] GC(700) Desired survivor size 8945664 bytes, new threshold 15 (max threshold 15)
[15.681s][trace][gc,age         ] GC(700) Age table with threshold 15 (max threshold 15)
[15.681s][trace][gc,age         ] GC(700) - age   1:        192 bytes,        192 total
[15.681s][info ][gc,heap        ] GC(700) DefNew: 139904K(157376K)->0K(157376K) Eden: 139904K(139904K)->0K(139904K) From: 0K(17472K)->0K(17472K)
[15.681s][info ][gc,heap        ] GC(700) Tenured: 3959K(349568K)->3959K(349568K)
[15.681s][info ][gc,metaspace   ] GC(700) Metaspace: 9888K(10176K)->9888K(10176K) NonClass: 8754K(8896K)->8754K(8896K) Class: 1134K(1280K)->1134K(1280K)
[15.681s][info ][gc             ] GC(700) Pause Young (Allocation Failure) 140M->3M(495M) 0.150ms
[15.681s][info ][gc,cpu         ] GC(700) User=0.00s Sys=0.00s Real=0.00s
[15.691s][info ][gc,start       ] GC(701) Pause Young (Allocation Failure)
[15.691s][debug][gc,age         ] GC(701) Desired survivor size 8945664 bytes, new threshold 15 (max threshold 15)
[15.691s][trace][gc,age         ] GC(701) Age table with threshold 15 (max threshold 15)
[15.691s][trace][gc,age         ] GC(701) - age   1:        192 bytes,        192 total
[15.691s][info ][gc,heap        ] GC(701) DefNew: 139904K(157376K)->0K(157376K) Eden: 139904K(139904K)->0K(139904K) From: 0K(17472K)->0K(17472K)
[15.691s][info ][gc,heap        ] GC(701) Tenured: 3959K(349568K)->3959K(349568K)
[15.691s][info ][gc,metaspace   ] GC(701) Metaspace: 9888K(10176K)->9888K(10176K) NonClass: 8754K(8896K)->8754K(8896K) Class: 1134K(1280K)->1134K(1280K)
[15.691s][info ][gc             ] GC(701) Pause Young (Allocation Failure) 140M->3M(495M) 0.149ms
[15.691s][info ][gc,cpu         ] GC(701) User=0.00s Sys=0.00s Real=0.00s
[15.701s][info ][gc,start       ] GC(702) Pause Young (Allocation Failure)
[15.701s][debug][gc,age         ] GC(702) Desired survivor size 8945664 bytes, new threshold 15 (max threshold 15)
[15.701s][trace][gc,age         ] GC(702) Age table with threshold 15 (max threshold 15)
[15.701s][trace][gc,age         ] GC(702) - age   1:        192 bytes,        192 total
[15.701s][info ][gc,heap        ] GC(702) DefNew: 139904K(157376K)->0K(157376K) Eden: 139904K(139904K)->0K(139904K) From: 0K(17472K)->0K(17472K)
[15.701s][info ][gc,heap        ] GC(702) Tenured: 3959K(349568K)->3959K(349568K)
[15.701s][info ][gc,metaspace   ] GC(702) Metaspace: 9888K(10176K)->9888K(10176K) NonClass: 8754K(8896K)->8754K(8896K) Class: 1134K(1280K)->1134K(1280K)
[15.701s][info ][gc             ] GC(702) Pause Young (Allocation Failure) 140M->3M(495M) 0.159ms
[15.701s][info ][gc,cpu         ] GC(702) User=0.00s Sys=0.00s Real=0.00s
[15.711s][info ][gc,start       ] GC(703) Pause Young (Allocation Failure)
[15.711s][debug][gc,age         ] GC(703) Desired survivor size 8945664 bytes, new threshold 15 (max threshold 15)
[15.711s][trace][gc,age         ] GC(703) Age table with threshold 15 (max threshold 15)
[15.711s][trace][gc,age         ] GC(703) - age   1:        192 bytes,        192 total
[15.711s][info ][gc,heap        ] GC(703) DefNew: 139904K(157376K)->0K(157376K) Eden: 139904K(139904K)->0K(139904K) From: 0K(17472K)->0K(17472K)
[15.711s][info ][gc,heap        ] GC(703) Tenured: 3959K(349568K)->3959K(349568K)
[15.711s][info ][gc,metaspace   ] GC(703) Metaspace: 9888K(10176K)->9888K(10176K) NonClass: 8754K(8896K)->8754K(8896K) Class: 1134K(1280K)->1134K(1280K)
[15.711s][info ][gc             ] GC(703) Pause Young (Allocation Failure) 140M->3M(495M) 0.151ms
[15.711s][info ][gc,cpu         ] GC(703) User=0.00s Sys=0.00s Real=0.00s
[15.721s][info ][gc,start       ] GC(704) Pause Young (Allocation Failure)
[15.721s][debug][gc,age         ] GC(704) Desired survivor size 8945664 bytes, new threshold 15 (max threshold 15)
[15.721s][trace][gc,age         ] GC(704) Age table with threshold 15 (max threshold 15)
[15.721s][trace][gc,age         ] GC(704) - age   1:        192 bytes,        192 total
[15.721s][info ][gc,heap        ] GC(704) DefNew: 139904K(157376K)->0K(157376K) Eden: 139904K(139904K)->0K(139904K) From: 0K(17472K)->0K(17472K)
[15.721s][info ][gc,heap        ] GC(704) Tenured: 3959K(349568K)->3959K(349568K)
[15.721s][info ][gc,metaspace   ] GC(704) Metaspace: 9888K(10176K)->9888K(10176K) NonClass: 8754K(8896K)->8754K(8896K) Class: 1134K(1280K)->1134K(1280K)
[15.721s][info ][gc             ] GC(704) Pause Young (Allocation Failure) 140M->3M(495M) 0.148ms
[15.721s][info ][gc,cpu         ] GC(704) User=0.00s Sys=0.00s Real=0.00s
[15.731s][info ][gc,start       ] GC(705) Pause Young (Allocation Failure)
[15.731s][debug][gc,age         ] GC(705) Desired survivor size 8945664 bytes, new threshold 15 (max threshold 15)
[15.731s][trace][gc,age         ] GC(705) Age table with threshold 15 (max threshold 15)
[15.731s][trace][gc,age         ] GC(705) - age   1:        192 bytes,        192 total
[15.731s][info ][gc,heap        ] GC(705) DefNew: 139904K(157376K)->0K(157376K) Eden: 139904K(139904K)->0K(139904K) From: 0K(17472K)->0K(17472K)
[15.731s][info ][gc,heap        ] GC(705) Tenured: 3959K(349568K)->3959K(349568K)
[15.732s][info ][gc,metaspace   ] GC(705) Metaspace: 9888K(10176K)->9888K(10176K) NonClass: 8754K(8896K)->8754K(8896K) Class: 1134K(1280K)->1134K(1280K)
[15.732s][info ][gc             ] GC(705) Pause Young (Allocation Failure) 140M->3M(495M) 0.149ms
[15.732s][info ][gc,cpu         ] GC(705) User=0.00s Sys=0.00s Real=0.00s
[15.742s][info ][gc,start       ] GC(706) Pause Young (Allocation Failure)
[15.742s][debug][gc,age         ] GC(706) Desired survivor size 8945664 bytes, new threshold 15 (max threshold 15)
[15.742s][trace][gc,age         ] GC(706) Age table with threshold 15 (max threshold 15)
[15.742s][trace][gc,age         ] GC(706) - age   1:        192 bytes,        192 total
[15.742s][info ][gc,heap        ] GC(706) DefNew: 139904K(157376K)->0K(157376K) Eden: 139904K(139904K)->0K(139904K) From: 0K(17472K)->0K(17472K)
[15.742s][info ][gc,heap        ] GC(706) Tenured: 3959K(349568K)->3959K(349568K)
[15.742s][info ][gc,metaspace   ] GC(706) Metaspace: 9888K(10176K)->9888K(10176K) NonClass: 8754K(8896K)->8754K(8896K) Class: 1134K(1280K)->1134K(1280K)
[15.742s][info ][gc             ] GC(706) Pause Young (Allocation Failure) 140M->3M(495M) 0.153ms
[15.742s][info ][gc,cpu         ] GC(706) User=0.00s Sys=0.00s Real=0.00s
[15.752s][info ][gc,start       ] GC(707) Pause Young (Allocation Failure)
[15.752s][debug][gc,age         ] GC(707) Desired survivor size 8945664 bytes, new threshold 15 (max threshold 15)
[15.752s][trace][gc,age         ] GC(707) Age table with threshold 15 (max threshold 15)
[15.752s][trace][gc,age         ] GC(707) - age   1:        192 bytes,        192 total
[15.752s][info ][gc,heap        ] GC(707) DefNew: 139904K(157376K)->0K(157376K) Eden: 139904K(139904K)->0K(139904K) From: 0K(17472K)->0K(17472K)
[15.752s][info ][gc,heap        ] GC(707) Tenured: 3959K(349568K)->3959K(349568K)
[15.752s][info ][gc,metaspace   ] GC(707) Metaspace: 9888K(10176K)->9888K(10176K) NonClass: 8754K(8896K)->8754K(8896K) Class: 1134K(1280K)->1134K(1280K)
[15.752s][info ][gc             ] GC(707) Pause Young (Allocation Failure) 140M->3M(495M) 0.148ms
[15.752s][info ][gc,cpu         ] GC(707) User=0.00s Sys=0.00s Real=0.00s
[15.762s][info ][gc,start       ] GC(708) Pause Young (Allocation Failure)
[15.762s][debug][gc,age         ] GC(708) Desired survivor size 8945664 bytes, new threshold 15 (max threshold 15)
[15.762s][trace][gc,age         ] GC(708) Age table with threshold 15 (max threshold 15)
[15.762s][trace][gc,age         ] GC(708) - age   1:        192 bytes,        192 total
[15.762s][info ][gc,heap        ] GC(708) DefNew: 139904K(157376K)->0K(157376K) Eden: 139904K(139904K)->0K(139904K) From: 0K(17472K)->0K(17472K)
[15.762s][info ][gc,heap        ] GC(708) Tenured: 3959K(349568K)->3959K(349568K)
[15.762s][info ][gc,metaspace   ] GC(708) Metaspace: 9888K(10176K)->9888K(10176K) NonClass: 8754K(8896K)->8754K(8896K) Class: 1134K(1280K)->1134K(1280K)
[15.762s][info ][gc             ] GC(708) Pause Young (Allocation Failure) 140M->3M(495M) 0.149ms
[15.762s][info ][gc,cpu         ] GC(708) User=0.00s Sys=0.00s Real=0.00s
[15.772s][info ][gc,start       ] GC(709) Pause Young (Allocation Failure)
[15.772s][debug][gc,age         ] GC(709) Desired survivor size 8945664 bytes, new threshold 15 (max threshold 15)
[15.772s][trace][gc,age         ] GC(709) Age table with threshold 15 (max threshold 15)
[15.772s][trace][gc,age         ] GC(709) - age   1:        192 bytes,        192 total
[15.772s][info ][gc,heap        ] GC(709) DefNew: 139904K(157376K)->0K(157376K) Eden: 139904K(139904K)->0K(139904K) From: 0K(17472K)->0K(17472K)
[15.772s][info ][gc,heap        ] GC(709) Tenured: 3959K(349568K)->3959K(349568K)
[15.772s][info ][gc,metaspace   ] GC(709) Metaspace: 9888K(10176K)->9888K(10176K) NonClass: 8754K(8896K)->8754K(8896K) Class: 1134K(1280K)->1134K(1280K)
[15.772s][info ][gc             ] GC(709) Pause Young (Allocation Failure) 140M->3M(495M) 0.150ms
[15.772s][info ][gc,cpu         ] GC(709) User=0.00s Sys=0.00s Real=0.00s
[15.782s][info ][gc,start       ] GC(710) Pause Young (Allocation Failure)
[15.782s][debug][gc,age         ] GC(710) Desired survivor size 8945664 bytes, new threshold 15 (max threshold 15)
[15.782s][trace][gc,age         ] GC(710) Age table with threshold 15 (max threshold 15)
[15.782s][trace][gc,age         ] GC(710) - age   1:        192 bytes,        192 total
[15.782s][info ][gc,heap        ] GC(710) DefNew: 139904K(157376K)->0K(157376K) Eden: 139904K(139904K)->0K(139904K) From: 0K(17472K)->0K(17472K)
[15.782s][info ][gc,heap        ] GC(710) Tenured: 3959K(349568K)->3959K(349568K)
[15.782s][info ][gc,metaspace   ] GC(710) Metaspace: 9888K(10176K)->9888K(10176K) NonClass: 8754K(8896K)->8754K(8896K) Class: 1134K(1280K)->1134K(1280K)
[15.782s][info ][gc             ] GC(710) Pause Young (Allocation Failure) 140M->3M(495M) 0.149ms
[15.782s][info ][gc,cpu         ] GC(710) User=0.00s Sys=0.00s Real=0.00s
[15.792s][info ][gc,start       ] GC(711) Pause Young (Allocation Failure)
[15.792s][debug][gc,age         ] GC(711) Desired survivor size 8945664 bytes, new threshold 15 (max threshold 15)
[15.792s][trace][gc,age         ] GC(711) Age table with threshold 15 (max threshold 15)
[15.792s][trace][gc,age         ] GC(711) - age   1:        192 bytes,        192 total
[15.792s][info ][gc,heap        ] GC(711) DefNew: 139904K(157376K)->0K(157376K) Eden: 139904K(139904K)->0K(139904K) From: 0K(17472K)->0K(17472K)
[15.792s][info ][gc,heap        ] GC(711) Tenured: 3959K(349568K)->3959K(349568K)
[15.792s][info ][gc,metaspace   ] GC(711) Metaspace: 9888K(10176K)->9888K(10176K) NonClass: 8754K(8896K)->8754K(8896K) Class: 1134K(1280K)->1134K(1280K)
[15.792s][info ][gc             ] GC(711) Pause Young (Allocation Failure) 140M->3M(495M) 0.149ms
[15.792s][info ][gc,cpu         ] GC(711) User=0.00s Sys=0.00s Real=0.00s
[15.802s][info ][gc,start       ] GC(712) Pause Young (Allocation Failure)
[15.803s][debug][gc,age         ] GC(712) Desired survivor size 8945664 bytes, new threshold 15 (max threshold 15)
[15.803s][trace][gc,age         ] GC(712) Age table with threshold 15 (max threshold 15)
[15.803s][trace][gc,age         ] GC(712) - age   1:        192 bytes,        192 total
[15.803s][info ][gc,heap        ] GC(712) DefNew: 139904K(157376K)->0K(157376K) Eden: 139904K(139904K)->0K(139904K) From: 0K(17472K)->0K(17472K)
[15.803s][info ][gc,heap        ] GC(712) Tenured: 3959K(349568K)->3959K(349568K)
[15.803s][info ][gc,metaspace   ] GC(712) Metaspace: 9888K(10176K)->9888K(10176K) NonClass: 8754K(8896K)->8754K(8896K) Class: 1134K(1280K)->1134K(1280K)
[15.803s][info ][gc             ] GC(712) Pause Young (Allocation Failure) 140M->3M(495M) 0.153ms
[15.803s][info ][gc,cpu         ] GC(712) User=0.00s Sys=0.00s Real=0.00s
[15.813s][info ][gc,start       ] GC(713) Pause Young (Allocation Failure)
[15.813s][debug][gc,age         ] GC(713) Desired survivor size 8945664 bytes, new threshold 15 (max threshold 15)
[15.813s][trace][gc,age         ] GC(713) Age table with threshold 15 (max threshold 15)
[15.813s][trace][gc,age         ] GC(713) - age   1:        192 bytes,        192 total
[15.813s][info ][gc,heap        ] GC(713) DefNew: 139904K(157376K)->0K(157376K) Eden: 139904K(139904K)->0K(139904K) From: 0K(17472K)->0K(17472K)
[15.813s][info ][gc,heap        ] GC(713) Tenured: 3959K(349568K)->3959K(349568K)
[15.813s][info ][gc,metaspace   ] GC(713) Metaspace: 9888K(10176K)->9888K(10176K) NonClass: 8754K(8896K)->8754K(8896K) Class: 1134K(1280K)->1134K(1280K)
[15.813s][info ][gc             ] GC(713) Pause Young (Allocation Failure) 140M->3M(495M) 0.147ms
[15.813s][info ][gc,cpu         ] GC(713) User=0.01s Sys=0.00s Real=0.00s
[15.823s][info ][gc,start       ] GC(714) Pause Young (Allocation Failure)
[15.823s][debug][gc,age         ] GC(714) Desired survivor size 8945664 bytes, new threshold 15 (max threshold 15)
[15.823s][trace][gc,age         ] GC(714) Age table with threshold 15 (max threshold 15)
[15.823s][trace][gc,age         ] GC(714) - age   1:        192 bytes,        192 total
[15.823s][info ][gc,heap        ] GC(714) DefNew: 139904K(157376K)->0K(157376K) Eden: 139904K(139904K)->0K(139904K) From: 0K(17472K)->0K(17472K)
[15.823s][info ][gc,heap        ] GC(714) Tenured: 3959K(349568K)->3959K(349568K)
[15.823s][info ][gc,metaspace   ] GC(714) Metaspace: 9888K(10176K)->9888K(10176K) NonClass: 8754K(8896K)->8754K(8896K) Class: 1134K(1280K)->1134K(1280K)
[15.823s][info ][gc             ] GC(714) Pause Young (Allocation Failure) 140M->3M(495M) 0.149ms
[15.823s][info ][gc,cpu         ] GC(714) User=0.00s Sys=0.00s Real=0.00s
[15.833s][info ][gc,start       ] GC(715) Pause Young (Allocation Failure)
[15.833s][debug][gc,age         ] GC(715) Desired survivor size 8945664 bytes, new threshold 15 (max threshold 15)
[15.833s][trace][gc,age         ] GC(715) Age table with threshold 15 (max threshold 15)
[15.833s][trace][gc,age         ] GC(715) - age   1:        192 bytes,        192 total
[15.833s][info ][gc,heap        ] GC(715) DefNew: 139904K(157376K)->0K(157376K) Eden: 139904K(139904K)->0K(139904K) From: 0K(17472K)->0K(17472K)
[15.833s][info ][gc,heap        ] GC(715) Tenured: 3959K(349568K)->3959K(349568K)
[15.833s][info ][gc,metaspace   ] GC(715) Metaspace: 9888K(10176K)->9888K(10176K) NonClass: 8754K(8896K)->8754K(8896K) Class: 1134K(1280K)->1134K(1280K)
[15.833s][info ][gc             ] GC(715) Pause Young (Allocation Failure) 140M->3M(495M) 0.149ms
[15.833s][info ][gc,cpu         ] GC(715) User=0.00s Sys=0.00s Real=0.00s
[15.843s][info ][gc,start       ] GC(716) Pause Young (Allocation Failure)
[15.843s][debug][gc,age         ] GC(716) Desired survivor size 8945664 bytes, new threshold 15 (max threshold 15)
[15.843s][trace][gc,age         ] GC(716) Age table with threshold 15 (max threshold 15)
[15.843s][trace][gc,age         ] GC(716) - age   1:        192 bytes,        192 total
[15.843s][info ][gc,heap        ] GC(716) DefNew: 139904K(157376K)->0K(157376K) Eden: 139904K(139904K)->0K(139904K) From: 0K(17472K)->0K(17472K)
[15.843s][info ][gc,heap        ] GC(716) Tenured: 3959K(349568K)->3959K(349568K)
[15.843s][info ][gc,metaspace   ] GC(716) Metaspace: 9888K(10176K)->9888K(10176K) NonClass: 8754K(8896K)->8754K(8896K) Class: 1134K(1280K)->1134K(1280K)
[15.843s][info ][gc             ] GC(716) Pause Young (Allocation Failure) 140M->3M(495M) 0.162ms
[15.843s][info ][gc,cpu         ] GC(716) User=0.00s Sys=0.00s Real=0.00s
[15.853s][info ][gc,start       ] GC(717) Pause Young (Allocation Failure)
[15.853s][debug][gc,age         ] GC(717) Desired survivor size 8945664 bytes, new threshold 15 (max threshold 15)
[15.853s][trace][gc,age         ] GC(717) Age table with threshold 15 (max threshold 15)
[15.853s][trace][gc,age         ] GC(717) - age   1:        192 bytes,        192 total
[15.854s][info ][gc,heap        ] GC(717) DefNew: 139904K(157376K)->0K(157376K) Eden: 139904K(139904K)->0K(139904K) From: 0K(17472K)->0K(17472K)
[15.854s][info ][gc,heap        ] GC(717) Tenured: 3959K(349568K)->3959K(349568K)
[15.854s][info ][gc,metaspace   ] GC(717) Metaspace: 9888K(10176K)->9888K(10176K) NonClass: 8754K(8896K)->8754K(8896K) Class: 1134K(1280K)->1134K(1280K)
[15.854s][info ][gc             ] GC(717) Pause Young (Allocation Failure) 140M->3M(495M) 0.153ms
[15.854s][info ][gc,cpu         ] GC(717) User=0.00s Sys=0.00s Real=0.00s
[15.864s][info ][gc,start       ] GC(718) Pause Young (Allocation Failure)
[15.864s][debug][gc,age         ] GC(718) Desired survivor size 8945664 bytes, new threshold 15 (max threshold 15)
[15.864s][trace][gc,age         ] GC(718) Age table with threshold 15 (max threshold 15)
[15.864s][trace][gc,age         ] GC(718) - age   1:        192 bytes,        192 total
[15.864s][info ][gc,heap        ] GC(718) DefNew: 139904K(157376K)->0K(157376K) Eden: 139904K(139904K)->0K(139904K) From: 0K(17472K)->0K(17472K)
[15.864s][info ][gc,heap        ] GC(718) Tenured: 3959K(349568K)->3959K(349568K)
[15.864s][info ][gc,metaspace   ] GC(718) Metaspace: 9888K(10176K)->9888K(10176K) NonClass: 8754K(8896K)->8754K(8896K) Class: 1134K(1280K)->1134K(1280K)
[15.864s][info ][gc             ] GC(718) Pause Young (Allocation Failure) 140M->3M(495M) 0.152ms
[15.864s][info ][gc,cpu         ] GC(718) User=0.00s Sys=0.00s Real=0.00s
[15.874s][info ][gc,start       ] GC(719) Pause Young (Allocation Failure)
[15.874s][debug][gc,age         ] GC(719) Desired survivor size 8945664 bytes, new threshold 15 (max threshold 15)
[15.874s][trace][gc,age         ] GC(719) Age table with threshold 15 (max threshold 15)
[15.874s][trace][gc,age         ] GC(719) - age   1:        192 bytes,        192 total
[15.874s][info ][gc,heap        ] GC(719) DefNew: 139904K(157376K)->0K(157376K) Eden: 139904K(139904K)->0K(139904K) From: 0K(17472K)->0K(17472K)
[15.874s][info ][gc,heap        ] GC(719) Tenured: 3959K(349568K)->3959K(349568K)
[15.874s][info ][gc,metaspace   ] GC(719) Metaspace: 9888K(10176K)->9888K(10176K) NonClass: 8754K(8896K)->8754K(8896K) Class: 1134K(1280K)->1134K(1280K)
[15.874s][info ][gc             ] GC(719) Pause Young (Allocation Failure) 140M->3M(495M) 0.150ms
[15.874s][info ][gc,cpu         ] GC(719) User=0.00s Sys=0.00s Real=0.00s
[15.884s][info ][gc,start       ] GC(720) Pause Young (Allocation Failure)
[15.884s][debug][gc,age         ] GC(720) Desired survivor size 8945664 bytes, new threshold 15 (max threshold 15)
[15.884s][trace][gc,age         ] GC(720) Age table with threshold 15 (max threshold 15)
[15.884s][trace][gc,age         ] GC(720) - age   1:        192 bytes,        192 total
[15.884s][info ][gc,heap        ] GC(720) DefNew: 139904K(157376K)->0K(157376K) Eden: 139904K(139904K)->0K(139904K) From: 0K(17472K)->0K(17472K)
[15.884s][info ][gc,heap        ] GC(720) Tenured: 3959K(349568K)->3959K(349568K)
[15.884s][info ][gc,metaspace   ] GC(720) Metaspace: 9888K(10176K)->9888K(10176K) NonClass: 8754K(8896K)->8754K(8896K) Class: 1134K(1280K)->1134K(1280K)
[15.884s][info ][gc             ] GC(720) Pause Young (Allocation Failure) 140M->3M(495M) 0.148ms
[15.884s][info ][gc,cpu         ] GC(720) User=0.00s Sys=0.00s Real=0.00s
[15.894s][info ][gc,start       ] GC(721) Pause Young (Allocation Failure)
[15.894s][debug][gc,age         ] GC(721) Desired survivor size 8945664 bytes, new threshold 15 (max threshold 15)
[15.894s][trace][gc,age         ] GC(721) Age table with threshold 15 (max threshold 15)
[15.894s][trace][gc,age         ] GC(721) - age   1:        192 bytes,        192 total
[15.894s][info ][gc,heap        ] GC(721) DefNew: 139904K(157376K)->0K(157376K) Eden: 139904K(139904K)->0K(139904K) From: 0K(17472K)->0K(17472K)
[15.894s][info ][gc,heap        ] GC(721) Tenured: 3959K(349568K)->3959K(349568K)
[15.894s][info ][gc,metaspace   ] GC(721) Metaspace: 9888K(10176K)->9888K(10176K) NonClass: 8754K(8896K)->8754K(8896K) Class: 1134K(1280K)->1134K(1280K)
[15.894s][info ][gc             ] GC(721) Pause Young (Allocation Failure) 140M->3M(495M) 0.154ms
[15.894s][info ][gc,cpu         ] GC(721) User=0.00s Sys=0.00s Real=0.00s
[15.904s][info ][gc,start       ] GC(722) Pause Young (Allocation Failure)
[15.904s][debug][gc,age         ] GC(722) Desired survivor size 8945664 bytes, new threshold 15 (max threshold 15)
[15.904s][trace][gc,age         ] GC(722) Age table with threshold 15 (max threshold 15)
[15.904s][trace][gc,age         ] GC(722) - age   1:        192 bytes,        192 total
[15.904s][info ][gc,heap        ] GC(722) DefNew: 139904K(157376K)->0K(157376K) Eden: 139904K(139904K)->0K(139904K) From: 0K(17472K)->0K(17472K)
[15.904s][info ][gc,heap        ] GC(722) Tenured: 3959K(349568K)->3959K(349568K)
[15.904s][info ][gc,metaspace   ] GC(722) Metaspace: 9888K(10176K)->9888K(10176K) NonClass: 8754K(8896K)->8754K(8896K) Class: 1134K(1280K)->1134K(1280K)
[15.904s][info ][gc             ] GC(722) Pause Young (Allocation Failure) 140M->3M(495M) 0.160ms
[15.904s][info ][gc,cpu         ] GC(722) User=0.00s Sys=0.00s Real=0.00s
[15.914s][info ][gc,start       ] GC(723) Pause Young (Allocation Failure)
[15.914s][debug][gc,age         ] GC(723) Desired survivor size 8945664 bytes, new threshold 15 (max threshold 15)
[15.914s][trace][gc,age         ] GC(723) Age table with threshold 15 (max threshold 15)
[15.914s][trace][gc,age         ] GC(723) - age   1:        192 bytes,        192 total
[15.914s][info ][gc,heap        ] GC(723) DefNew: 139904K(157376K)->0K(157376K) Eden: 139904K(139904K)->0K(139904K) From: 0K(17472K)->0K(17472K)
[15.914s][info ][gc,heap        ] GC(723) Tenured: 3959K(349568K)->3959K(349568K)
[15.915s][info ][gc,metaspace   ] GC(723) Metaspace: 9888K(10176K)->9888K(10176K) NonClass: 8754K(8896K)->8754K(8896K) Class: 1134K(1280K)->1134K(1280K)
[15.915s][info ][gc             ] GC(723) Pause Young (Allocation Failure) 140M->3M(495M) 0.155ms
[15.915s][info ][gc,cpu         ] GC(723) User=0.00s Sys=0.00s Real=0.00s
[15.925s][info ][gc,start       ] GC(724) Pause Young (Allocation Failure)
[15.925s][debug][gc,age         ] GC(724) Desired survivor size 8945664 bytes, new threshold 15 (max threshold 15)
[15.925s][trace][gc,age         ] GC(724) Age table with threshold 15 (max threshold 15)
[15.925s][trace][gc,age         ] GC(724) - age   1:        192 bytes,        192 total
[15.925s][info ][gc,heap        ] GC(724) DefNew: 139904K(157376K)->0K(157376K) Eden: 139904K(139904K)->0K(139904K) From: 0K(17472K)->0K(17472K)
[15.925s][info ][gc,heap        ] GC(724) Tenured: 3959K(349568K)->3959K(349568K)
[15.925s][info ][gc,metaspace   ] GC(724) Metaspace: 9888K(10176K)->9888K(10176K) NonClass: 8754K(8896K)->8754K(8896K) Class: 1134K(1280K)->1134K(1280K)
[15.925s][info ][gc             ] GC(724) Pause Young (Allocation Failure) 140M->3M(495M) 0.152ms
[15.925s][info ][gc,cpu         ] GC(724) User=0.00s Sys=0.00s Real=0.00s
[15.935s][info ][gc,start       ] GC(725) Pause Young (Allocation Failure)
[15.935s][debug][gc,age         ] GC(725) Desired survivor size 8945664 bytes, new threshold 15 (max threshold 15)
[15.935s][trace][gc,age         ] GC(725) Age table with threshold 15 (max threshold 15)
[15.935s][trace][gc,age         ] GC(725) - age   1:        192 bytes,        192 total
[15.935s][info ][gc,heap        ] GC(725) DefNew: 139904K(157376K)->0K(157376K) Eden: 139904K(139904K)->0K(139904K) From: 0K(17472K)->0K(17472K)
[15.935s][info ][gc,heap        ] GC(725) Tenured: 3959K(349568K)->3959K(349568K)
[15.935s][info ][gc,metaspace   ] GC(725) Metaspace: 9888K(10176K)->9888K(10176K) NonClass: 8754K(8896K)->8754K(8896K) Class: 1134K(1280K)->1134K(1280K)
[15.935s][info ][gc             ] GC(725) Pause Young (Allocation Failure) 140M->3M(495M) 0.148ms
[15.935s][info ][gc,cpu         ] GC(725) User=0.00s Sys=0.00s Real=0.00s
[15.945s][info ][gc,start       ] GC(726) Pause Young (Allocation Failure)
[15.945s][debug][gc,age         ] GC(726) Desired survivor size 8945664 bytes, new threshold 15 (max threshold 15)
[15.945s][trace][gc,age         ] GC(726) Age table with threshold 15 (max threshold 15)
[15.945s][trace][gc,age         ] GC(726) - age   1:        192 bytes,        192 total
[15.945s][info ][gc,heap        ] GC(726) DefNew: 139904K(157376K)->0K(157376K) Eden: 139904K(139904K)->0K(139904K) From: 0K(17472K)->0K(17472K)
[15.945s][info ][gc,heap        ] GC(726) Tenured: 3959K(349568K)->3959K(349568K)
[15.945s][info ][gc,metaspace   ] GC(726) Metaspace: 9888K(10176K)->9888K(10176K) NonClass: 8754K(8896K)->8754K(8896K) Class: 1134K(1280K)->1134K(1280K)
[15.945s][info ][gc             ] GC(726) Pause Young (Allocation Failure) 140M->3M(495M) 0.160ms
[15.945s][info ][gc,cpu         ] GC(726) User=0.00s Sys=0.00s Real=0.00s
[15.955s][info ][gc,start       ] GC(727) Pause Young (Allocation Failure)
[15.955s][debug][gc,age         ] GC(727) Desired survivor size 8945664 bytes, new threshold 15 (max threshold 15)
[15.955s][trace][gc,age         ] GC(727) Age table with threshold 15 (max threshold 15)
[15.955s][trace][gc,age         ] GC(727) - age   1:        192 bytes,        192 total
[15.955s][info ][gc,heap        ] GC(727) DefNew: 139904K(157376K)->0K(157376K) Eden: 139904K(139904K)->0K(139904K) From: 0K(17472K)->0K(17472K)
[15.955s][info ][gc,heap        ] GC(727) Tenured: 3959K(349568K)->3959K(349568K)
[15.955s][info ][gc,metaspace   ] GC(727) Metaspace: 9888K(10176K)->9888K(10176K) NonClass: 8754K(8896K)->8754K(8896K) Class: 1134K(1280K)->1134K(1280K)
[15.955s][info ][gc             ] GC(727) Pause Young (Allocation Failure) 140M->3M(495M) 0.155ms
[15.955s][info ][gc,cpu         ] GC(727) User=0.00s Sys=0.00s Real=0.00s
[15.965s][info ][gc,start       ] GC(728) Pause Young (Allocation Failure)
[15.965s][debug][gc,age         ] GC(728) Desired survivor size 8945664 bytes, new threshold 15 (max threshold 15)
[15.965s][trace][gc,age         ] GC(728) Age table with threshold 15 (max threshold 15)
[15.965s][trace][gc,age         ] GC(728) - age   1:        192 bytes,        192 total
[15.965s][info ][gc,heap        ] GC(728) DefNew: 139904K(157376K)->0K(157376K) Eden: 139904K(139904K)->0K(139904K) From: 0K(17472K)->0K(17472K)
[15.965s][info ][gc,heap        ] GC(728) Tenured: 3959K(349568K)->3959K(349568K)
[15.965s][info ][gc,metaspace   ] GC(728) Metaspace: 9888K(10176K)->9888K(10176K) NonClass: 8754K(8896K)->8754K(8896K) Class: 1134K(1280K)->1134K(1280K)
[15.965s][info ][gc             ] GC(728) Pause Young (Allocation Failure) 140M->3M(495M) 0.155ms
[15.965s][info ][gc,cpu         ] GC(728) User=0.00s Sys=0.00s Real=0.00s
[15.975s][info ][gc,start       ] GC(729) Pause Young (Allocation Failure)
[15.975s][debug][gc,age         ] GC(729) Desired survivor size 8945664 bytes, new threshold 15 (max threshold 15)
[15.976s][trace][gc,age         ] GC(729) Age table with threshold 15 (max threshold 15)
[15.976s][trace][gc,age         ] GC(729) - age   1:        192 bytes,        192 total
[15.976s][info ][gc,heap        ] GC(729) DefNew: 139904K(157376K)->0K(157376K) Eden: 139904K(139904K)->0K(139904K) From: 0K(17472K)->0K(17472K)
[15.976s][info ][gc,heap        ] GC(729) Tenured: 3959K(349568K)->3959K(349568K)
[15.976s][info ][gc,metaspace   ] GC(729) Metaspace: 9888K(10176K)->9888K(10176K) NonClass: 8754K(8896K)->8754K(8896K) Class: 1134K(1280K)->1134K(1280K)
[15.976s][info ][gc             ] GC(729) Pause Young (Allocation Failure) 140M->3M(495M) 0.151ms
[15.976s][info ][gc,cpu         ] GC(729) User=0.00s Sys=0.00s Real=0.00s
[15.986s][info ][gc,start       ] GC(730) Pause Young (Allocation Failure)
[15.986s][debug][gc,age         ] GC(730) Desired survivor size 8945664 bytes, new threshold 15 (max threshold 15)
[15.986s][trace][gc,age         ] GC(730) Age table with threshold 15 (max threshold 15)
[15.986s][trace][gc,age         ] GC(730) - age   1:        192 bytes,        192 total
[15.986s][info ][gc,heap        ] GC(730) DefNew: 139904K(157376K)->0K(157376K) Eden: 139904K(139904K)->0K(139904K) From: 0K(17472K)->0K(17472K)
[15.986s][info ][gc,heap        ] GC(730) Tenured: 3959K(349568K)->3959K(349568K)
[15.986s][info ][gc,metaspace   ] GC(730) Metaspace: 9888K(10176K)->9888K(10176K) NonClass: 8754K(8896K)->8754K(8896K) Class: 1134K(1280K)->1134K(1280K)
[15.986s][info ][gc             ] GC(730) Pause Young (Allocation Failure) 140M->3M(495M) 0.151ms
[15.986s][info ][gc,cpu         ] GC(730) User=0.00s Sys=0.00s Real=0.00s
[15.996s][info ][gc,start       ] GC(731) Pause Young (Allocation Failure)
[15.996s][debug][gc,age         ] GC(731) Desired survivor size 8945664 bytes, new threshold 15 (max threshold 15)
[15.996s][trace][gc,age         ] GC(731) Age table with threshold 15 (max threshold 15)
[15.996s][trace][gc,age         ] GC(731) - age   1:        192 bytes,        192 total
[15.996s][info ][gc,heap        ] GC(731) DefNew: 139904K(157376K)->0K(157376K) Eden: 139904K(139904K)->0K(139904K) From: 0K(17472K)->0K(17472K)
[15.996s][info ][gc,heap        ] GC(731) Tenured: 3959K(349568K)->3959K(349568K)
[15.996s][info ][gc,metaspace   ] GC(731) Metaspace: 9888K(10176K)->9888K(10176K) NonClass: 8754K(8896K)->8754K(8896K) Class: 1134K(1280K)->1134K(1280K)
[15.996s][info ][gc             ] GC(731) Pause Young (Allocation Failure) 140M->3M(495M) 0.151ms
[15.996s][info ][gc,cpu         ] GC(731) User=0.00s Sys=0.00s Real=0.00s
[16.006s][info ][gc,start       ] GC(732) Pause Young (Allocation Failure)
[16.006s][debug][gc,age         ] GC(732) Desired survivor size 8945664 bytes, new threshold 15 (max threshold 15)
[16.006s][trace][gc,age         ] GC(732) Age table with threshold 15 (max threshold 15)
[16.006s][trace][gc,age         ] GC(732) - age   1:        192 bytes,        192 total
[16.006s][info ][gc,heap        ] GC(732) DefNew: 139904K(157376K)->0K(157376K) Eden: 139904K(139904K)->0K(139904K) From: 0K(17472K)->0K(17472K)
[16.006s][info ][gc,heap        ] GC(732) Tenured: 3959K(349568K)->3959K(349568K)
[16.006s][info ][gc,metaspace   ] GC(732) Metaspace: 9888K(10176K)->9888K(10176K) NonClass: 8754K(8896K)->8754K(8896K) Class: 1134K(1280K)->1134K(1280K)
[16.006s][info ][gc             ] GC(732) Pause Young (Allocation Failure) 140M->3M(495M) 0.151ms
[16.006s][info ][gc,cpu         ] GC(732) User=0.00s Sys=0.00s Real=0.00s
[16.016s][info ][gc,start       ] GC(733) Pause Young (Allocation Failure)
[16.016s][debug][gc,age         ] GC(733) Desired survivor size 8945664 bytes, new threshold 15 (max threshold 15)
[16.016s][trace][gc,age         ] GC(733) Age table with threshold 15 (max threshold 15)
[16.016s][trace][gc,age         ] GC(733) - age   1:        192 bytes,        192 total
[16.016s][info ][gc,heap        ] GC(733) DefNew: 139904K(157376K)->0K(157376K) Eden: 139904K(139904K)->0K(139904K) From: 0K(17472K)->0K(17472K)
[16.016s][info ][gc,heap        ] GC(733) Tenured: 3959K(349568K)->3959K(349568K)
[16.016s][info ][gc,metaspace   ] GC(733) Metaspace: 9888K(10176K)->9888K(10176K) NonClass: 8754K(8896K)->8754K(8896K) Class: 1134K(1280K)->1134K(1280K)
[16.016s][info ][gc             ] GC(733) Pause Young (Allocation Failure) 140M->3M(495M) 0.151ms
[16.016s][info ][gc,cpu         ] GC(733) User=0.00s Sys=0.00s Real=0.00s
[16.026s][info ][gc,start       ] GC(734) Pause Young (Allocation Failure)
[16.026s][debug][gc,age         ] GC(734) Desired survivor size 8945664 bytes, new threshold 15 (max threshold 15)
[16.026s][trace][gc,age         ] GC(734) Age table with threshold 15 (max threshold 15)
[16.026s][trace][gc,age         ] GC(734) - age   1:        192 bytes,        192 total
[16.026s][info ][gc,heap        ] GC(734) DefNew: 139904K(157376K)->0K(157376K) Eden: 139904K(139904K)->0K(139904K) From: 0K(17472K)->0K(17472K)
[16.026s][info ][gc,heap        ] GC(734) Tenured: 3959K(349568K)->3959K(349568K)
[16.026s][info ][gc,metaspace   ] GC(734) Metaspace: 9888K(10176K)->9888K(10176K) NonClass: 8754K(8896K)->8754K(8896K) Class: 1134K(1280K)->1134K(1280K)
[16.026s][info ][gc             ] GC(734) Pause Young (Allocation Failure) 140M->3M(495M) 0.153ms
[16.026s][info ][gc,cpu         ] GC(734) User=0.00s Sys=0.00s Real=0.00s
[16.036s][info ][gc,start       ] GC(735) Pause Young (Allocation Failure)
[16.037s][debug][gc,age         ] GC(735) Desired survivor size 8945664 bytes, new threshold 15 (max threshold 15)
[16.037s][trace][gc,age         ] GC(735) Age table with threshold 15 (max threshold 15)
[16.037s][trace][gc,age         ] GC(735) - age   1:        192 bytes,        192 total
[16.037s][info ][gc,heap        ] GC(735) DefNew: 139904K(157376K)->0K(157376K) Eden: 139904K(139904K)->0K(139904K) From: 0K(17472K)->0K(17472K)
[16.037s][info ][gc,heap        ] GC(735) Tenured: 3959K(349568K)->3959K(349568K)
[16.037s][info ][gc,metaspace   ] GC(735) Metaspace: 9888K(10176K)->9888K(10176K) NonClass: 8754K(8896K)->8754K(8896K) Class: 1134K(1280K)->1134K(1280K)
[16.037s][info ][gc             ] GC(735) Pause Young (Allocation Failure) 140M->3M(495M) 0.156ms
[16.037s][info ][gc,cpu         ] GC(735) User=0.00s Sys=0.00s Real=0.00s
[16.047s][info ][gc,start       ] GC(736) Pause Young (Allocation Failure)
[16.047s][debug][gc,age         ] GC(736) Desired survivor size 8945664 bytes, new threshold 15 (max threshold 15)
[16.047s][trace][gc,age         ] GC(736) Age table with threshold 15 (max threshold 15)
[16.047s][trace][gc,age         ] GC(736) - age   1:        192 bytes,        192 total
[16.047s][info ][gc,heap        ] GC(736) DefNew: 139904K(157376K)->0K(157376K) Eden: 139904K(139904K)->0K(139904K) From: 0K(17472K)->0K(17472K)
[16.047s][info ][gc,heap        ] GC(736) Tenured: 3959K(349568K)->3959K(349568K)
[16.047s][info ][gc,metaspace   ] GC(736) Metaspace: 9888K(10176K)->9888K(10176K) NonClass: 8754K(8896K)->8754K(8896K) Class: 1134K(1280K)->1134K(1280K)
[16.047s][info ][gc             ] GC(736) Pause Young (Allocation Failure) 140M->3M(495M) 0.147ms
[16.047s][info ][gc,cpu         ] GC(736) User=0.00s Sys=0.00s Real=0.00s
[16.057s][info ][gc,start       ] GC(737) Pause Young (Allocation Failure)
[16.057s][debug][gc,age         ] GC(737) Desired survivor size 8945664 bytes, new threshold 15 (max threshold 15)
[16.057s][trace][gc,age         ] GC(737) Age table with threshold 15 (max threshold 15)
[16.057s][trace][gc,age         ] GC(737) - age   1:        192 bytes,        192 total
[16.057s][info ][gc,heap        ] GC(737) DefNew: 139904K(157376K)->0K(157376K) Eden: 139904K(139904K)->0K(139904K) From: 0K(17472K)->0K(17472K)
[16.057s][info ][gc,heap        ] GC(737) Tenured: 3959K(349568K)->3959K(349568K)
[16.057s][info ][gc,metaspace   ] GC(737) Metaspace: 9888K(10176K)->9888K(10176K) NonClass: 8754K(8896K)->8754K(8896K) Class: 1134K(1280K)->1134K(1280K)
[16.057s][info ][gc             ] GC(737) Pause Young (Allocation Failure) 140M->3M(495M) 0.147ms
[16.057s][info ][gc,cpu         ] GC(737) User=0.00s Sys=0.00s Real=0.00s
[16.067s][info ][gc,start       ] GC(738) Pause Young (Allocation Failure)
[16.067s][debug][gc,age         ] GC(738) Desired survivor size 8945664 bytes, new threshold 15 (max threshold 15)
[16.067s][trace][gc,age         ] GC(738) Age table with threshold 15 (max threshold 15)
[16.067s][trace][gc,age         ] GC(738) - age   1:        192 bytes,        192 total
[16.067s][info ][gc,heap        ] GC(738) DefNew: 139904K(157376K)->0K(157376K) Eden: 139904K(139904K)->0K(139904K) From: 0K(17472K)->0K(17472K)
[16.067s][info ][gc,heap        ] GC(738) Tenured: 3959K(349568K)->3959K(349568K)
[16.067s][info ][gc,metaspace   ] GC(738) Metaspace: 9888K(10176K)->9888K(10176K) NonClass: 8754K(8896K)->8754K(8896K) Class: 1134K(1280K)->1134K(1280K)
[16.067s][info ][gc             ] GC(738) Pause Young (Allocation Failure) 140M->3M(495M) 0.156ms
[16.067s][info ][gc,cpu         ] GC(738) User=0.00s Sys=0.00s Real=0.00s
[16.077s][info ][gc,start       ] GC(739) Pause Young (Allocation Failure)
[16.077s][debug][gc,age         ] GC(739) Desired survivor size 8945664 bytes, new threshold 15 (max threshold 15)
[16.077s][trace][gc,age         ] GC(739) Age table with threshold 15 (max threshold 15)
[16.077s][trace][gc,age         ] GC(739) - age   1:        192 bytes,        192 total
[16.077s][info ][gc,heap        ] GC(739) DefNew: 139904K(157376K)->0K(157376K) Eden: 139904K(139904K)->0K(139904K) From: 0K(17472K)->0K(17472K)
[16.077s][info ][gc,heap        ] GC(739) Tenured: 3959K(349568K)->3959K(349568K)
[16.077s][info ][gc,metaspace   ] GC(739) Metaspace: 9888K(10176K)->9888K(10176K) NonClass: 8754K(8896K)->8754K(8896K) Class: 1134K(1280K)->1134K(1280K)
[16.077s][info ][gc             ] GC(739) Pause Young (Allocation Failure) 140M->3M(495M) 0.147ms
[16.077s][info ][gc,cpu         ] GC(739) User=0.00s Sys=0.00s Real=0.00s
[16.087s][info ][gc,start       ] GC(740) Pause Young (Allocation Failure)
[16.087s][debug][gc,age         ] GC(740) Desired survivor size 8945664 bytes, new threshold 15 (max threshold 15)
[16.087s][trace][gc,age         ] GC(740) Age table with threshold 15 (max threshold 15)
[16.087s][trace][gc,age         ] GC(740) - age   1:        192 bytes,        192 total
[16.087s][info ][gc,heap        ] GC(740) DefNew: 139904K(157376K)->0K(157376K) Eden: 139904K(139904K)->0K(139904K) From: 0K(17472K)->0K(17472K)
[16.087s][info ][gc,heap        ] GC(740) Tenured: 3959K(349568K)->3959K(349568K)
[16.087s][info ][gc,metaspace   ] GC(740) Metaspace: 9888K(10176K)->9888K(10176K) NonClass: 8754K(8896K)->8754K(8896K) Class: 1134K(1280K)->1134K(1280K)
[16.087s][info ][gc             ] GC(740) Pause Young (Allocation Failure) 140M->3M(495M) 0.148ms
[16.087s][info ][gc,cpu         ] GC(740) User=0.00s Sys=0.00s Real=0.00s
[16.097s][info ][gc,start       ] GC(741) Pause Young (Allocation Failure)
[16.098s][debug][gc,age         ] GC(741) Desired survivor size 8945664 bytes, new threshold 15 (max threshold 15)
[16.098s][trace][gc,age         ] GC(741) Age table with threshold 15 (max threshold 15)
[16.098s][trace][gc,age         ] GC(741) - age   1:        192 bytes,        192 total
[16.098s][info ][gc,heap        ] GC(741) DefNew: 139904K(157376K)->0K(157376K) Eden: 139904K(139904K)->0K(139904K) From: 0K(17472K)->0K(17472K)
[16.098s][info ][gc,heap        ] GC(741) Tenured: 3959K(349568K)->3959K(349568K)
[16.098s][info ][gc,metaspace   ] GC(741) Metaspace: 9888K(10176K)->9888K(10176K) NonClass: 8754K(8896K)->8754K(8896K) Class: 1134K(1280K)->1134K(1280K)
[16.098s][info ][gc             ] GC(741) Pause Young (Allocation Failure) 140M->3M(495M) 0.151ms
[16.098s][info ][gc,cpu         ] GC(741) User=0.00s Sys=0.00s Real=0.00s
[16.108s][info ][gc,start       ] GC(742) Pause Young (Allocation Failure)
[16.108s][debug][gc,age         ] GC(742) Desired survivor size 8945664 bytes, new threshold 15 (max threshold 15)
[16.108s][trace][gc,age         ] GC(742) Age table with threshold 15 (max threshold 15)
[16.108s][trace][gc,age         ] GC(742) - age   1:        192 bytes,        192 total
[16.108s][info ][gc,heap        ] GC(742) DefNew: 139904K(157376K)->0K(157376K) Eden: 139904K(139904K)->0K(139904K) From: 0K(17472K)->0K(17472K)
[16.108s][info ][gc,heap        ] GC(742) Tenured: 3959K(349568K)->3959K(349568K)
[16.108s][info ][gc,metaspace   ] GC(742) Metaspace: 9888K(10176K)->9888K(10176K) NonClass: 8754K(8896K)->8754K(8896K) Class: 1134K(1280K)->1134K(1280K)
[16.108s][info ][gc             ] GC(742) Pause Young (Allocation Failure) 140M->3M(495M) 0.151ms
[16.108s][info ][gc,cpu         ] GC(742) User=0.00s Sys=0.00s Real=0.00s
[16.118s][info ][gc,start       ] GC(743) Pause Young (Allocation Failure)
[16.118s][debug][gc,age         ] GC(743) Desired survivor size 8945664 bytes, new threshold 15 (max threshold 15)
[16.118s][trace][gc,age         ] GC(743) Age table with threshold 15 (max threshold 15)
[16.118s][trace][gc,age         ] GC(743) - age   1:        192 bytes,        192 total
[16.118s][info ][gc,heap        ] GC(743) DefNew: 139904K(157376K)->0K(157376K) Eden: 139904K(139904K)->0K(139904K) From: 0K(17472K)->0K(17472K)
[16.118s][info ][gc,heap        ] GC(743) Tenured: 3959K(349568K)->3959K(349568K)
[16.118s][info ][gc,metaspace   ] GC(743) Metaspace: 9888K(10176K)->9888K(10176K) NonClass: 8754K(8896K)->8754K(8896K) Class: 1134K(1280K)->1134K(1280K)
[16.118s][info ][gc             ] GC(743) Pause Young (Allocation Failure) 140M->3M(495M) 0.159ms
[16.118s][info ][gc,cpu         ] GC(743) User=0.00s Sys=0.00s Real=0.00s
[16.128s][info ][gc,start       ] GC(744) Pause Young (Allocation Failure)
[16.128s][debug][gc,age         ] GC(744) Desired survivor size 8945664 bytes, new threshold 15 (max threshold 15)
[16.128s][trace][gc,age         ] GC(744) Age table with threshold 15 (max threshold 15)
[16.128s][trace][gc,age         ] GC(744) - age   1:        192 bytes,        192 total
[16.128s][info ][gc,heap        ] GC(744) DefNew: 139904K(157376K)->0K(157376K) Eden: 139904K(139904K)->0K(139904K) From: 0K(17472K)->0K(17472K)
[16.128s][info ][gc,heap        ] GC(744) Tenured: 3959K(349568K)->3959K(349568K)
[16.128s][info ][gc,metaspace   ] GC(744) Metaspace: 9888K(10176K)->9888K(10176K) NonClass: 8754K(8896K)->8754K(8896K) Class: 1134K(1280K)->1134K(1280K)
[16.128s][info ][gc             ] GC(744) Pause Young (Allocation Failure) 140M->3M(495M) 0.151ms
[16.128s][info ][gc,cpu         ] GC(744) User=0.00s Sys=0.00s Real=0.00s
[16.138s][info ][gc,start       ] GC(745) Pause Young (Allocation Failure)
[16.138s][debug][gc,age         ] GC(745) Desired survivor size 8945664 bytes, new threshold 15 (max threshold 15)
[16.138s][trace][gc,age         ] GC(745) Age table with threshold 15 (max threshold 15)
[16.138s][trace][gc,age         ] GC(745) - age   1:        192 bytes,        192 total
[16.138s][info ][gc,heap        ] GC(745) DefNew: 139904K(157376K)->0K(157376K) Eden: 139904K(139904K)->0K(139904K) From: 0K(17472K)->0K(17472K)
[16.138s][info ][gc,heap        ] GC(745) Tenured: 3959K(349568K)->3959K(349568K)
[16.138s][info ][gc,metaspace   ] GC(745) Metaspace: 9888K(10176K)->9888K(10176K) NonClass: 8754K(8896K)->8754K(8896K) Class: 1134K(1280K)->1134K(1280K)
[16.138s][info ][gc             ] GC(745) Pause Young (Allocation Failure) 140M->3M(495M) 0.150ms
[16.138s][info ][gc,cpu         ] GC(745) User=0.00s Sys=0.00s Real=0.00s
[16.148s][info ][gc,start       ] GC(746) Pause Young (Allocation Failure)
[16.148s][debug][gc,age         ] GC(746) Desired survivor size 8945664 bytes, new threshold 15 (max threshold 15)
[16.148s][trace][gc,age         ] GC(746) Age table with threshold 15 (max threshold 15)
[16.148s][trace][gc,age         ] GC(746) - age   1:        192 bytes,        192 total
[16.148s][info ][gc,heap        ] GC(746) DefNew: 139904K(157376K)->0K(157376K) Eden: 139904K(139904K)->0K(139904K) From: 0K(17472K)->0K(17472K)
[16.148s][info ][gc,heap        ] GC(746) Tenured: 3959K(349568K)->3959K(349568K)
[16.148s][info ][gc,metaspace   ] GC(746) Metaspace: 9888K(10176K)->9888K(10176K) NonClass: 8754K(8896K)->8754K(8896K) Class: 1134K(1280K)->1134K(1280K)
[16.148s][info ][gc             ] GC(746) Pause Young (Allocation Failure) 140M->3M(495M) 0.150ms
[16.148s][info ][gc,cpu         ] GC(746) User=0.00s Sys=0.00s Real=0.00s
[16.158s][info ][gc,start       ] GC(747) Pause Young (Allocation Failure)
[16.159s][debug][gc,age         ] GC(747) Desired survivor size 8945664 bytes, new threshold 15 (max threshold 15)
[16.159s][trace][gc,age         ] GC(747) Age table with threshold 15 (max threshold 15)
[16.159s][trace][gc,age         ] GC(747) - age   1:        192 bytes,        192 total
[16.159s][info ][gc,heap        ] GC(747) DefNew: 139904K(157376K)->0K(157376K) Eden: 139904K(139904K)->0K(139904K) From: 0K(17472K)->0K(17472K)
[16.159s][info ][gc,heap        ] GC(747) Tenured: 3959K(349568K)->3959K(349568K)
[16.159s][info ][gc,metaspace   ] GC(747) Metaspace: 9888K(10176K)->9888K(10176K) NonClass: 8754K(8896K)->8754K(8896K) Class: 1134K(1280K)->1134K(1280K)
[16.159s][info ][gc             ] GC(747) Pause Young (Allocation Failure) 140M->3M(495M) 0.160ms
[16.159s][info ][gc,cpu         ] GC(747) User=0.00s Sys=0.00s Real=0.00s
[16.169s][info ][gc,start       ] GC(748) Pause Young (Allocation Failure)
[16.169s][debug][gc,age         ] GC(748) Desired survivor size 8945664 bytes, new threshold 15 (max threshold 15)
[16.169s][trace][gc,age         ] GC(748) Age table with threshold 15 (max threshold 15)
[16.169s][trace][gc,age         ] GC(748) - age   1:        192 bytes,        192 total
[16.169s][info ][gc,heap        ] GC(748) DefNew: 139904K(157376K)->0K(157376K) Eden: 139904K(139904K)->0K(139904K) From: 0K(17472K)->0K(17472K)
[16.169s][info ][gc,heap        ] GC(748) Tenured: 3959K(349568K)->3959K(349568K)
[16.169s][info ][gc,metaspace   ] GC(748) Metaspace: 9888K(10176K)->9888K(10176K) NonClass: 8754K(8896K)->8754K(8896K) Class: 1134K(1280K)->1134K(1280K)
[16.169s][info ][gc             ] GC(748) Pause Young (Allocation Failure) 140M->3M(495M) 0.146ms
[16.169s][info ][gc,cpu         ] GC(748) User=0.00s Sys=0.00s Real=0.00s
[16.179s][info ][gc,start       ] GC(749) Pause Young (Allocation Failure)
[16.179s][debug][gc,age         ] GC(749) Desired survivor size 8945664 bytes, new threshold 15 (max threshold 15)
[16.179s][trace][gc,age         ] GC(749) Age table with threshold 15 (max threshold 15)
[16.179s][trace][gc,age         ] GC(749) - age   1:        192 bytes,        192 total
[16.179s][info ][gc,heap        ] GC(749) DefNew: 139904K(157376K)->0K(157376K) Eden: 139904K(139904K)->0K(139904K) From: 0K(17472K)->0K(17472K)
[16.179s][info ][gc,heap        ] GC(749) Tenured: 3959K(349568K)->3959K(349568K)
[16.179s][info ][gc,metaspace   ] GC(749) Metaspace: 9888K(10176K)->9888K(10176K) NonClass: 8754K(8896K)->8754K(8896K) Class: 1134K(1280K)->1134K(1280K)
[16.179s][info ][gc             ] GC(749) Pause Young (Allocation Failure) 140M->3M(495M) 0.147ms
[16.179s][info ][gc,cpu         ] GC(749) User=0.00s Sys=0.00s Real=0.00s
[16.189s][info ][gc,start       ] GC(750) Pause Young (Allocation Failure)
[16.189s][debug][gc,age         ] GC(750) Desired survivor size 8945664 bytes, new threshold 15 (max threshold 15)
[16.189s][trace][gc,age         ] GC(750) Age table with threshold 15 (max threshold 15)
[16.189s][trace][gc,age         ] GC(750) - age   1:        192 bytes,        192 total
[16.189s][info ][gc,heap        ] GC(750) DefNew: 139904K(157376K)->0K(157376K) Eden: 139904K(139904K)->0K(139904K) From: 0K(17472K)->0K(17472K)
[16.189s][info ][gc,heap        ] GC(750) Tenured: 3959K(349568K)->3959K(349568K)
[16.189s][info ][gc,metaspace   ] GC(750) Metaspace: 9888K(10176K)->9888K(10176K) NonClass: 8754K(8896K)->8754K(8896K) Class: 1134K(1280K)->1134K(1280K)
[16.189s][info ][gc             ] GC(750) Pause Young (Allocation Failure) 140M->3M(495M) 0.150ms
[16.189s][info ][gc,cpu         ] GC(750) User=0.00s Sys=0.00s Real=0.00s
[16.199s][info ][gc,start       ] GC(751) Pause Young (Allocation Failure)
[16.199s][debug][gc,age         ] GC(751) Desired survivor size 8945664 bytes, new threshold 15 (max threshold 15)
[16.199s][trace][gc,age         ] GC(751) Age table with threshold 15 (max threshold 15)
[16.199s][trace][gc,age         ] GC(751) - age   1:        192 bytes,        192 total
[16.199s][info ][gc,heap        ] GC(751) DefNew: 139904K(157376K)->0K(157376K) Eden: 139904K(139904K)->0K(139904K) From: 0K(17472K)->0K(17472K)
[16.199s][info ][gc,heap        ] GC(751) Tenured: 3959K(349568K)->3959K(349568K)
[16.199s][info ][gc,metaspace   ] GC(751) Metaspace: 9888K(10176K)->9888K(10176K) NonClass: 8754K(8896K)->8754K(8896K) Class: 1134K(1280K)->1134K(1280K)
[16.199s][info ][gc             ] GC(751) Pause Young (Allocation Failure) 140M->3M(495M) 0.148ms
[16.199s][info ][gc,cpu         ] GC(751) User=0.00s Sys=0.00s Real=0.00s
[16.209s][info ][gc,start       ] GC(752) Pause Young (Allocation Failure)
[16.209s][debug][gc,age         ] GC(752) Desired survivor size 8945664 bytes, new threshold 15 (max threshold 15)
[16.209s][trace][gc,age         ] GC(752) Age table with threshold 15 (max threshold 15)
[16.209s][trace][gc,age         ] GC(752) - age   1:        192 bytes,        192 total
[16.209s][info ][gc,heap        ] GC(752) DefNew: 139904K(157376K)->0K(157376K) Eden: 139904K(139904K)->0K(139904K) From: 0K(17472K)->0K(17472K)
[16.209s][info ][gc,heap        ] GC(752) Tenured: 3959K(349568K)->3959K(349568K)
[16.209s][info ][gc,metaspace   ] GC(752) Metaspace: 9888K(10176K)->9888K(10176K) NonClass: 8754K(8896K)->8754K(8896K) Class: 1134K(1280K)->1134K(1280K)
[16.209s][info ][gc             ] GC(752) Pause Young (Allocation Failure) 140M->3M(495M) 0.152ms
[16.209s][info ][gc,cpu         ] GC(752) User=0.00s Sys=0.00s Real=0.00s
[16.219s][info ][gc,start       ] GC(753) Pause Young (Allocation Failure)
[16.220s][debug][gc,age         ] GC(753) Desired survivor size 8945664 bytes, new threshold 15 (max threshold 15)
[16.220s][trace][gc,age         ] GC(753) Age table with threshold 15 (max threshold 15)
[16.220s][trace][gc,age         ] GC(753) - age   1:        192 bytes,        192 total
[16.220s][info ][gc,heap        ] GC(753) DefNew: 139904K(157376K)->0K(157376K) Eden: 139904K(139904K)->0K(139904K) From: 0K(17472K)->0K(17472K)
[16.220s][info ][gc,heap        ] GC(753) Tenured: 3959K(349568K)->3959K(349568K)
[16.220s][info ][gc,metaspace   ] GC(753) Metaspace: 9888K(10176K)->9888K(10176K) NonClass: 8754K(8896K)->8754K(8896K) Class: 1134K(1280K)->1134K(1280K)
[16.220s][info ][gc             ] GC(753) Pause Young (Allocation Failure) 140M->3M(495M) 0.150ms
[16.220s][info ][gc,cpu         ] GC(753) User=0.00s Sys=0.00s Real=0.00s
[16.230s][info ][gc,start       ] GC(754) Pause Young (Allocation Failure)
[16.230s][debug][gc,age         ] GC(754) Desired survivor size 8945664 bytes, new threshold 15 (max threshold 15)
[16.230s][trace][gc,age         ] GC(754) Age table with threshold 15 (max threshold 15)
[16.230s][trace][gc,age         ] GC(754) - age   1:        192 bytes,        192 total
[16.230s][info ][gc,heap        ] GC(754) DefNew: 139904K(157376K)->0K(157376K) Eden: 139904K(139904K)->0K(139904K) From: 0K(17472K)->0K(17472K)
[16.230s][info ][gc,heap        ] GC(754) Tenured: 3959K(349568K)->3959K(349568K)
[16.230s][info ][gc,metaspace   ] GC(754) Metaspace: 9888K(10176K)->9888K(10176K) NonClass: 8754K(8896K)->8754K(8896K) Class: 1134K(1280K)->1134K(1280K)
[16.230s][info ][gc             ] GC(754) Pause Young (Allocation Failure) 140M->3M(495M) 0.155ms
[16.230s][info ][gc,cpu         ] GC(754) User=0.00s Sys=0.00s Real=0.00s
[16.240s][info ][gc,start       ] GC(755) Pause Young (Allocation Failure)
[16.240s][debug][gc,age         ] GC(755) Desired survivor size 8945664 bytes, new threshold 15 (max threshold 15)
[16.240s][trace][gc,age         ] GC(755) Age table with threshold 15 (max threshold 15)
[16.240s][trace][gc,age         ] GC(755) - age   1:        192 bytes,        192 total
[16.240s][info ][gc,heap        ] GC(755) DefNew: 139904K(157376K)->0K(157376K) Eden: 139904K(139904K)->0K(139904K) From: 0K(17472K)->0K(17472K)
[16.240s][info ][gc,heap        ] GC(755) Tenured: 3959K(349568K)->3959K(349568K)
[16.240s][info ][gc,metaspace   ] GC(755) Metaspace: 9888K(10176K)->9888K(10176K) NonClass: 8754K(8896K)->8754K(8896K) Class: 1134K(1280K)->1134K(1280K)
[16.240s][info ][gc             ] GC(755) Pause Young (Allocation Failure) 140M->3M(495M) 0.150ms
[16.240s][info ][gc,cpu         ] GC(755) User=0.00s Sys=0.00s Real=0.00s
[16.250s][info ][gc,start       ] GC(756) Pause Young (Allocation Failure)
[16.250s][debug][gc,age         ] GC(756) Desired survivor size 8945664 bytes, new threshold 15 (max threshold 15)
[16.250s][trace][gc,age         ] GC(756) Age table with threshold 15 (max threshold 15)
[16.250s][trace][gc,age         ] GC(756) - age   1:        192 bytes,        192 total
[16.250s][info ][gc,heap        ] GC(756) DefNew: 139904K(157376K)->0K(157376K) Eden: 139904K(139904K)->0K(139904K) From: 0K(17472K)->0K(17472K)
[16.250s][info ][gc,heap        ] GC(756) Tenured: 3959K(349568K)->3959K(349568K)
[16.250s][info ][gc,metaspace   ] GC(756) Metaspace: 9888K(10176K)->9888K(10176K) NonClass: 8754K(8896K)->8754K(8896K) Class: 1134K(1280K)->1134K(1280K)
[16.250s][info ][gc             ] GC(756) Pause Young (Allocation Failure) 140M->3M(495M) 0.155ms
[16.250s][info ][gc,cpu         ] GC(756) User=0.00s Sys=0.00s Real=0.01s
[16.260s][info ][gc,start       ] GC(757) Pause Young (Allocation Failure)
[16.260s][debug][gc,age         ] GC(757) Desired survivor size 8945664 bytes, new threshold 15 (max threshold 15)
[16.260s][trace][gc,age         ] GC(757) Age table with threshold 15 (max threshold 15)
[16.260s][trace][gc,age         ] GC(757) - age   1:        192 bytes,        192 total
[16.260s][info ][gc,heap        ] GC(757) DefNew: 139904K(157376K)->0K(157376K) Eden: 139904K(139904K)->0K(139904K) From: 0K(17472K)->0K(17472K)
[16.260s][info ][gc,heap        ] GC(757) Tenured: 3959K(349568K)->3959K(349568K)
[16.260s][info ][gc,metaspace   ] GC(757) Metaspace: 9888K(10176K)->9888K(10176K) NonClass: 8754K(8896K)->8754K(8896K) Class: 1134K(1280K)->1134K(1280K)
[16.260s][info ][gc             ] GC(757) Pause Young (Allocation Failure) 140M->3M(495M) 0.154ms
[16.260s][info ][gc,cpu         ] GC(757) User=0.00s Sys=0.00s Real=0.00s
[16.270s][info ][gc,start       ] GC(758) Pause Young (Allocation Failure)
[16.271s][debug][gc,age         ] GC(758) Desired survivor size 8945664 bytes, new threshold 15 (max threshold 15)
[16.271s][trace][gc,age         ] GC(758) Age table with threshold 15 (max threshold 15)
[16.271s][trace][gc,age         ] GC(758) - age   1:        192 bytes,        192 total
[16.271s][info ][gc,heap        ] GC(758) DefNew: 139904K(157376K)->0K(157376K) Eden: 139904K(139904K)->0K(139904K) From: 0K(17472K)->0K(17472K)
[16.271s][info ][gc,heap        ] GC(758) Tenured: 3959K(349568K)->3959K(349568K)
[16.271s][info ][gc,metaspace   ] GC(758) Metaspace: 9888K(10176K)->9888K(10176K) NonClass: 8754K(8896K)->8754K(8896K) Class: 1134K(1280K)->1134K(1280K)
[16.271s][info ][gc             ] GC(758) Pause Young (Allocation Failure) 140M->3M(495M) 0.149ms
[16.271s][info ][gc,cpu         ] GC(758) User=0.00s Sys=0.00s Real=0.00s
[16.281s][info ][gc,start       ] GC(759) Pause Young (Allocation Failure)
[16.281s][debug][gc,age         ] GC(759) Desired survivor size 8945664 bytes, new threshold 15 (max threshold 15)
[16.281s][trace][gc,age         ] GC(759) Age table with threshold 15 (max threshold 15)
[16.281s][trace][gc,age         ] GC(759) - age   1:        192 bytes,        192 total
[16.281s][info ][gc,heap        ] GC(759) DefNew: 139904K(157376K)->0K(157376K) Eden: 139904K(139904K)->0K(139904K) From: 0K(17472K)->0K(17472K)
[16.281s][info ][gc,heap        ] GC(759) Tenured: 3959K(349568K)->3959K(349568K)
[16.281s][info ][gc,metaspace   ] GC(759) Metaspace: 9888K(10176K)->9888K(10176K) NonClass: 8754K(8896K)->8754K(8896K) Class: 1134K(1280K)->1134K(1280K)
[16.281s][info ][gc             ] GC(759) Pause Young (Allocation Failure) 140M->3M(495M) 0.148ms
[16.281s][info ][gc,cpu         ] GC(759) User=0.00s Sys=0.00s Real=0.00s
[16.291s][info ][gc,start       ] GC(760) Pause Young (Allocation Failure)
[16.291s][debug][gc,age         ] GC(760) Desired survivor size 8945664 bytes, new threshold 15 (max threshold 15)
[16.291s][trace][gc,age         ] GC(760) Age table with threshold 15 (max threshold 15)
[16.291s][trace][gc,age         ] GC(760) - age   1:        192 bytes,        192 total
[16.291s][info ][gc,heap        ] GC(760) DefNew: 139904K(157376K)->0K(157376K) Eden: 139904K(139904K)->0K(139904K) From: 0K(17472K)->0K(17472K)
[16.291s][info ][gc,heap        ] GC(760) Tenured: 3959K(349568K)->3959K(349568K)
[16.291s][info ][gc,metaspace   ] GC(760) Metaspace: 9888K(10176K)->9888K(10176K) NonClass: 8754K(8896K)->8754K(8896K) Class: 1134K(1280K)->1134K(1280K)
[16.291s][info ][gc             ] GC(760) Pause Young (Allocation Failure) 140M->3M(495M) 0.153ms
[16.291s][info ][gc,cpu         ] GC(760) User=0.00s Sys=0.00s Real=0.00s
[16.301s][info ][gc,start       ] GC(761) Pause Young (Allocation Failure)
[16.301s][debug][gc,age         ] GC(761) Desired survivor size 8945664 bytes, new threshold 15 (max threshold 15)
[16.301s][trace][gc,age         ] GC(761) Age table with threshold 15 (max threshold 15)
[16.301s][trace][gc,age         ] GC(761) - age   1:        192 bytes,        192 total
[16.301s][info ][gc,heap        ] GC(761) DefNew: 139904K(157376K)->0K(157376K) Eden: 139904K(139904K)->0K(139904K) From: 0K(17472K)->0K(17472K)
[16.301s][info ][gc,heap        ] GC(761) Tenured: 3959K(349568K)->3959K(349568K)
[16.301s][info ][gc,metaspace   ] GC(761) Metaspace: 9888K(10176K)->9888K(10176K) NonClass: 8754K(8896K)->8754K(8896K) Class: 1134K(1280K)->1134K(1280K)
[16.301s][info ][gc             ] GC(761) Pause Young (Allocation Failure) 140M->3M(495M) 0.154ms
[16.301s][info ][gc,cpu         ] GC(761) User=0.00s Sys=0.00s Real=0.00s
[16.311s][info ][gc,start       ] GC(762) Pause Young (Allocation Failure)
[16.311s][debug][gc,age         ] GC(762) Desired survivor size 8945664 bytes, new threshold 15 (max threshold 15)
[16.311s][trace][gc,age         ] GC(762) Age table with threshold 15 (max threshold 15)
[16.311s][trace][gc,age         ] GC(762) - age   1:        192 bytes,        192 total
[16.311s][info ][gc,heap        ] GC(762) DefNew: 139904K(157376K)->0K(157376K) Eden: 139904K(139904K)->0K(139904K) From: 0K(17472K)->0K(17472K)
[16.311s][info ][gc,heap        ] GC(762) Tenured: 3959K(349568K)->3959K(349568K)
[16.311s][info ][gc,metaspace   ] GC(762) Metaspace: 9888K(10176K)->9888K(10176K) NonClass: 8754K(8896K)->8754K(8896K) Class: 1134K(1280K)->1134K(1280K)
[16.311s][info ][gc             ] GC(762) Pause Young (Allocation Failure) 140M->3M(495M) 0.157ms
[16.311s][info ][gc,cpu         ] GC(762) User=0.00s Sys=0.00s Real=0.00s
[16.321s][info ][gc,start       ] GC(763) Pause Young (Allocation Failure)
[16.321s][debug][gc,age         ] GC(763) Desired survivor size 8945664 bytes, new threshold 15 (max threshold 15)
[16.321s][trace][gc,age         ] GC(763) Age table with threshold 15 (max threshold 15)
[16.321s][trace][gc,age         ] GC(763) - age   1:        192 bytes,        192 total
[16.321s][info ][gc,heap        ] GC(763) DefNew: 139904K(157376K)->0K(157376K) Eden: 139904K(139904K)->0K(139904K) From: 0K(17472K)->0K(17472K)
[16.321s][info ][gc,heap        ] GC(763) Tenured: 3959K(349568K)->3959K(349568K)
[16.321s][info ][gc,metaspace   ] GC(763) Metaspace: 9888K(10176K)->9888K(10176K) NonClass: 8754K(8896K)->8754K(8896K) Class: 1134K(1280K)->1134K(1280K)
[16.321s][info ][gc             ] GC(763) Pause Young (Allocation Failure) 140M->3M(495M) 0.152ms
[16.321s][info ][gc,cpu         ] GC(763) User=0.00s Sys=0.00s Real=0.00s
[16.331s][info ][gc,start       ] GC(764) Pause Young (Allocation Failure)
[16.332s][debug][gc,age         ] GC(764) Desired survivor size 8945664 bytes, new threshold 15 (max threshold 15)
[16.332s][trace][gc,age         ] GC(764) Age table with threshold 15 (max threshold 15)
[16.332s][trace][gc,age         ] GC(764) - age   1:        192 bytes,        192 total
[16.332s][info ][gc,heap        ] GC(764) DefNew: 139904K(157376K)->0K(157376K) Eden: 139904K(139904K)->0K(139904K) From: 0K(17472K)->0K(17472K)
[16.332s][info ][gc,heap        ] GC(764) Tenured: 3959K(349568K)->3959K(349568K)
[16.332s][info ][gc,metaspace   ] GC(764) Metaspace: 9888K(10176K)->9888K(10176K) NonClass: 8754K(8896K)->8754K(8896K) Class: 1134K(1280K)->1134K(1280K)
[16.332s][info ][gc             ] GC(764) Pause Young (Allocation Failure) 140M->3M(495M) 0.146ms
[16.332s][info ][gc,cpu         ] GC(764) User=0.00s Sys=0.00s Real=0.00s
[16.342s][info ][gc,start       ] GC(765) Pause Young (Allocation Failure)
[16.342s][debug][gc,age         ] GC(765) Desired survivor size 8945664 bytes, new threshold 15 (max threshold 15)
[16.342s][trace][gc,age         ] GC(765) Age table with threshold 15 (max threshold 15)
[16.342s][trace][gc,age         ] GC(765) - age   1:        192 bytes,        192 total
[16.342s][info ][gc,heap        ] GC(765) DefNew: 139904K(157376K)->0K(157376K) Eden: 139904K(139904K)->0K(139904K) From: 0K(17472K)->0K(17472K)
[16.342s][info ][gc,heap        ] GC(765) Tenured: 3959K(349568K)->3959K(349568K)
[16.342s][info ][gc,metaspace   ] GC(765) Metaspace: 9888K(10176K)->9888K(10176K) NonClass: 8754K(8896K)->8754K(8896K) Class: 1134K(1280K)->1134K(1280K)
[16.342s][info ][gc             ] GC(765) Pause Young (Allocation Failure) 140M->3M(495M) 0.159ms
[16.342s][info ][gc,cpu         ] GC(765) User=0.00s Sys=0.00s Real=0.00s
[16.352s][info ][gc,start       ] GC(766) Pause Young (Allocation Failure)
[16.352s][debug][gc,age         ] GC(766) Desired survivor size 8945664 bytes, new threshold 15 (max threshold 15)
[16.352s][trace][gc,age         ] GC(766) Age table with threshold 15 (max threshold 15)
[16.352s][trace][gc,age         ] GC(766) - age   1:        192 bytes,        192 total
[16.352s][info ][gc,heap        ] GC(766) DefNew: 139904K(157376K)->0K(157376K) Eden: 139904K(139904K)->0K(139904K) From: 0K(17472K)->0K(17472K)
[16.352s][info ][gc,heap        ] GC(766) Tenured: 3959K(349568K)->3959K(349568K)
[16.352s][info ][gc,metaspace   ] GC(766) Metaspace: 9888K(10176K)->9888K(10176K) NonClass: 8754K(8896K)->8754K(8896K) Class: 1134K(1280K)->1134K(1280K)
[16.352s][info ][gc             ] GC(766) Pause Young (Allocation Failure) 140M->3M(495M) 0.150ms
[16.352s][info ][gc,cpu         ] GC(766) User=0.00s Sys=0.00s Real=0.00s
[16.362s][info ][gc,start       ] GC(767) Pause Young (Allocation Failure)
[16.362s][debug][gc,age         ] GC(767) Desired survivor size 8945664 bytes, new threshold 15 (max threshold 15)
[16.362s][trace][gc,age         ] GC(767) Age table with threshold 15 (max threshold 15)
[16.362s][trace][gc,age         ] GC(767) - age   1:        192 bytes,        192 total
[16.362s][info ][gc,heap        ] GC(767) DefNew: 139904K(157376K)->0K(157376K) Eden: 139904K(139904K)->0K(139904K) From: 0K(17472K)->0K(17472K)
[16.362s][info ][gc,heap        ] GC(767) Tenured: 3959K(349568K)->3959K(349568K)
[16.362s][info ][gc,metaspace   ] GC(767) Metaspace: 9888K(10176K)->9888K(10176K) NonClass: 8754K(8896K)->8754K(8896K) Class: 1134K(1280K)->1134K(1280K)
[16.362s][info ][gc             ] GC(767) Pause Young (Allocation Failure) 140M->3M(495M) 0.152ms
[16.362s][info ][gc,cpu         ] GC(767) User=0.00s Sys=0.00s Real=0.00s
[16.372s][info ][gc,start       ] GC(768) Pause Young (Allocation Failure)
[16.372s][debug][gc,age         ] GC(768) Desired survivor size 8945664 bytes, new threshold 15 (max threshold 15)
[16.372s][trace][gc,age         ] GC(768) Age table with threshold 15 (max threshold 15)
[16.372s][trace][gc,age         ] GC(768) - age   1:        192 bytes,        192 total
[16.372s][info ][gc,heap        ] GC(768) DefNew: 139904K(157376K)->0K(157376K) Eden: 139904K(139904K)->0K(139904K) From: 0K(17472K)->0K(17472K)
[16.372s][info ][gc,heap        ] GC(768) Tenured: 3959K(349568K)->3959K(349568K)
[16.372s][info ][gc,metaspace   ] GC(768) Metaspace: 9888K(10176K)->9888K(10176K) NonClass: 8754K(8896K)->8754K(8896K) Class: 1134K(1280K)->1134K(1280K)
[16.372s][info ][gc             ] GC(768) Pause Young (Allocation Failure) 140M->3M(495M) 0.149ms
[16.372s][info ][gc,cpu         ] GC(768) User=0.00s Sys=0.00s Real=0.00s
[16.382s][info ][gc,start       ] GC(769) Pause Young (Allocation Failure)
[16.382s][debug][gc,age         ] GC(769) Desired survivor size 8945664 bytes, new threshold 15 (max threshold 15)
[16.382s][trace][gc,age         ] GC(769) Age table with threshold 15 (max threshold 15)
[16.382s][trace][gc,age         ] GC(769) - age   1:        192 bytes,        192 total
[16.382s][info ][gc,heap        ] GC(769) DefNew: 139904K(157376K)->0K(157376K) Eden: 139904K(139904K)->0K(139904K) From: 0K(17472K)->0K(17472K)
[16.382s][info ][gc,heap        ] GC(769) Tenured: 3959K(349568K)->3959K(349568K)
[16.382s][info ][gc,metaspace   ] GC(769) Metaspace: 9888K(10176K)->9888K(10176K) NonClass: 8754K(8896K)->8754K(8896K) Class: 1134K(1280K)->1134K(1280K)
[16.382s][info ][gc             ] GC(769) Pause Young (Allocation Failure) 140M->3M(495M) 0.148ms
[16.382s][info ][gc,cpu         ] GC(769) User=0.00s Sys=0.00s Real=0.00s
[16.392s][info ][gc,start       ] GC(770) Pause Young (Allocation Failure)
[16.393s][debug][gc,age         ] GC(770) Desired survivor size 8945664 bytes, new threshold 15 (max threshold 15)
[16.393s][trace][gc,age         ] GC(770) Age table with threshold 15 (max threshold 15)
[16.393s][trace][gc,age         ] GC(770) - age   1:        192 bytes,        192 total
[16.393s][info ][gc,heap        ] GC(770) DefNew: 139904K(157376K)->0K(157376K) Eden: 139904K(139904K)->0K(139904K) From: 0K(17472K)->0K(17472K)
[16.393s][info ][gc,heap        ] GC(770) Tenured: 3959K(349568K)->3959K(349568K)
[16.393s][info ][gc,metaspace   ] GC(770) Metaspace: 9888K(10176K)->9888K(10176K) NonClass: 8754K(8896K)->8754K(8896K) Class: 1134K(1280K)->1134K(1280K)
[16.393s][info ][gc             ] GC(770) Pause Young (Allocation Failure) 140M->3M(495M) 0.167ms
[16.393s][info ][gc,cpu         ] GC(770) User=0.00s Sys=0.00s Real=0.00s
[16.403s][info ][gc,start       ] GC(771) Pause Young (Allocation Failure)
[16.403s][debug][gc,age         ] GC(771) Desired survivor size 8945664 bytes, new threshold 15 (max threshold 15)
[16.403s][trace][gc,age         ] GC(771) Age table with threshold 15 (max threshold 15)
[16.403s][trace][gc,age         ] GC(771) - age   1:        192 bytes,        192 total
[16.403s][info ][gc,heap        ] GC(771) DefNew: 139904K(157376K)->0K(157376K) Eden: 139904K(139904K)->0K(139904K) From: 0K(17472K)->0K(17472K)
[16.403s][info ][gc,heap        ] GC(771) Tenured: 3959K(349568K)->3959K(349568K)
[16.403s][info ][gc,metaspace   ] GC(771) Metaspace: 9888K(10176K)->9888K(10176K) NonClass: 8754K(8896K)->8754K(8896K) Class: 1134K(1280K)->1134K(1280K)
[16.403s][info ][gc             ] GC(771) Pause Young (Allocation Failure) 140M->3M(495M) 0.150ms
[16.403s][info ][gc,cpu         ] GC(771) User=0.00s Sys=0.00s Real=0.00s
[16.413s][info ][gc,start       ] GC(772) Pause Young (Allocation Failure)
[16.413s][debug][gc,age         ] GC(772) Desired survivor size 8945664 bytes, new threshold 15 (max threshold 15)
[16.413s][trace][gc,age         ] GC(772) Age table with threshold 15 (max threshold 15)
[16.413s][trace][gc,age         ] GC(772) - age   1:        192 bytes,        192 total
[16.413s][info ][gc,heap        ] GC(772) DefNew: 139904K(157376K)->0K(157376K) Eden: 139904K(139904K)->0K(139904K) From: 0K(17472K)->0K(17472K)
[16.413s][info ][gc,heap        ] GC(772) Tenured: 3959K(349568K)->3959K(349568K)
[16.413s][info ][gc,metaspace   ] GC(772) Metaspace: 9888K(10176K)->9888K(10176K) NonClass: 8754K(8896K)->8754K(8896K) Class: 1134K(1280K)->1134K(1280K)
[16.413s][info ][gc             ] GC(772) Pause Young (Allocation Failure) 140M->3M(495M) 0.155ms
[16.413s][info ][gc,cpu         ] GC(772) User=0.00s Sys=0.00s Real=0.00s
[16.423s][info ][gc,start       ] GC(773) Pause Young (Allocation Failure)
[16.423s][debug][gc,age         ] GC(773) Desired survivor size 8945664 bytes, new threshold 15 (max threshold 15)
[16.423s][trace][gc,age         ] GC(773) Age table with threshold 15 (max threshold 15)
[16.423s][trace][gc,age         ] GC(773) - age   1:        192 bytes,        192 total
[16.423s][info ][gc,heap        ] GC(773) DefNew: 139904K(157376K)->0K(157376K) Eden: 139904K(139904K)->0K(139904K) From: 0K(17472K)->0K(17472K)
[16.423s][info ][gc,heap        ] GC(773) Tenured: 3959K(349568K)->3959K(349568K)
[16.423s][info ][gc,metaspace   ] GC(773) Metaspace: 9888K(10176K)->9888K(10176K) NonClass: 8754K(8896K)->8754K(8896K) Class: 1134K(1280K)->1134K(1280K)
[16.423s][info ][gc             ] GC(773) Pause Young (Allocation Failure) 140M->3M(495M) 0.150ms
[16.423s][info ][gc,cpu         ] GC(773) User=0.00s Sys=0.00s Real=0.00s
[16.433s][info ][gc,start       ] GC(774) Pause Young (Allocation Failure)
[16.433s][debug][gc,age         ] GC(774) Desired survivor size 8945664 bytes, new threshold 15 (max threshold 15)
[16.433s][trace][gc,age         ] GC(774) Age table with threshold 15 (max threshold 15)
[16.433s][trace][gc,age         ] GC(774) - age   1:        192 bytes,        192 total
[16.433s][info ][gc,heap        ] GC(774) DefNew: 139904K(157376K)->0K(157376K) Eden: 139904K(139904K)->0K(139904K) From: 0K(17472K)->0K(17472K)
[16.433s][info ][gc,heap        ] GC(774) Tenured: 3959K(349568K)->3959K(349568K)
[16.433s][info ][gc,metaspace   ] GC(774) Metaspace: 9888K(10176K)->9888K(10176K) NonClass: 8754K(8896K)->8754K(8896K) Class: 1134K(1280K)->1134K(1280K)
[16.433s][info ][gc             ] GC(774) Pause Young (Allocation Failure) 140M->3M(495M) 0.157ms
[16.433s][info ][gc,cpu         ] GC(774) User=0.00s Sys=0.00s Real=0.00s
[16.443s][info ][gc,start       ] GC(775) Pause Young (Allocation Failure)
[16.443s][debug][gc,age         ] GC(775) Desired survivor size 8945664 bytes, new threshold 15 (max threshold 15)
[16.443s][trace][gc,age         ] GC(775) Age table with threshold 15 (max threshold 15)
[16.443s][trace][gc,age         ] GC(775) - age   1:        192 bytes,        192 total
[16.443s][info ][gc,heap        ] GC(775) DefNew: 139904K(157376K)->0K(157376K) Eden: 139904K(139904K)->0K(139904K) From: 0K(17472K)->0K(17472K)
[16.443s][info ][gc,heap        ] GC(775) Tenured: 3959K(349568K)->3959K(349568K)
[16.443s][info ][gc,metaspace   ] GC(775) Metaspace: 9888K(10176K)->9888K(10176K) NonClass: 8754K(8896K)->8754K(8896K) Class: 1134K(1280K)->1134K(1280K)
[16.443s][info ][gc             ] GC(775) Pause Young (Allocation Failure) 140M->3M(495M) 0.146ms
[16.443s][info ][gc,cpu         ] GC(775) User=0.00s Sys=0.00s Real=0.00s
[16.453s][info ][gc,start       ] GC(776) Pause Young (Allocation Failure)
[16.454s][debug][gc,age         ] GC(776) Desired survivor size 8945664 bytes, new threshold 15 (max threshold 15)
[16.454s][trace][gc,age         ] GC(776) Age table with threshold 15 (max threshold 15)
[16.454s][trace][gc,age         ] GC(776) - age   1:        192 bytes,        192 total
[16.454s][info ][gc,heap        ] GC(776) DefNew: 139904K(157376K)->0K(157376K) Eden: 139904K(139904K)->0K(139904K) From: 0K(17472K)->0K(17472K)
[16.454s][info ][gc,heap        ] GC(776) Tenured: 3959K(349568K)->3959K(349568K)
[16.454s][info ][gc,metaspace   ] GC(776) Metaspace: 9888K(10176K)->9888K(10176K) NonClass: 8754K(8896K)->8754K(8896K) Class: 1134K(1280K)->1134K(1280K)
[16.454s][info ][gc             ] GC(776) Pause Young (Allocation Failure) 140M->3M(495M) 0.149ms
[16.454s][info ][gc,cpu         ] GC(776) User=0.00s Sys=0.00s Real=0.00s
[16.464s][info ][gc,start       ] GC(777) Pause Young (Allocation Failure)
[16.464s][debug][gc,age         ] GC(777) Desired survivor size 8945664 bytes, new threshold 15 (max threshold 15)
[16.464s][trace][gc,age         ] GC(777) Age table with threshold 15 (max threshold 15)
[16.464s][trace][gc,age         ] GC(777) - age   1:        192 bytes,        192 total
[16.464s][info ][gc,heap        ] GC(777) DefNew: 139904K(157376K)->0K(157376K) Eden: 139904K(139904K)->0K(139904K) From: 0K(17472K)->0K(17472K)
[16.464s][info ][gc,heap        ] GC(777) Tenured: 3959K(349568K)->3959K(349568K)
[16.464s][info ][gc,metaspace   ] GC(777) Metaspace: 9888K(10176K)->9888K(10176K) NonClass: 8754K(8896K)->8754K(8896K) Class: 1134K(1280K)->1134K(1280K)
[16.464s][info ][gc             ] GC(777) Pause Young (Allocation Failure) 140M->3M(495M) 0.151ms
[16.464s][info ][gc,cpu         ] GC(777) User=0.00s Sys=0.00s Real=0.00s
[16.474s][info ][gc,start       ] GC(778) Pause Young (Allocation Failure)
[16.474s][debug][gc,age         ] GC(778) Desired survivor size 8945664 bytes, new threshold 15 (max threshold 15)
[16.474s][trace][gc,age         ] GC(778) Age table with threshold 15 (max threshold 15)
[16.474s][trace][gc,age         ] GC(778) - age   1:        192 bytes,        192 total
[16.474s][info ][gc,heap        ] GC(778) DefNew: 139904K(157376K)->0K(157376K) Eden: 139904K(139904K)->0K(139904K) From: 0K(17472K)->0K(17472K)
[16.474s][info ][gc,heap        ] GC(778) Tenured: 3959K(349568K)->3959K(349568K)
[16.474s][info ][gc,metaspace   ] GC(778) Metaspace: 9888K(10176K)->9888K(10176K) NonClass: 8754K(8896K)->8754K(8896K) Class: 1134K(1280K)->1134K(1280K)
[16.474s][info ][gc             ] GC(778) Pause Young (Allocation Failure) 140M->3M(495M) 0.152ms
[16.474s][info ][gc,cpu         ] GC(778) User=0.00s Sys=0.00s Real=0.00s
[16.484s][info ][gc,start       ] GC(779) Pause Young (Allocation Failure)
[16.484s][debug][gc,age         ] GC(779) Desired survivor size 8945664 bytes, new threshold 15 (max threshold 15)
[16.484s][trace][gc,age         ] GC(779) Age table with threshold 15 (max threshold 15)
[16.484s][trace][gc,age         ] GC(779) - age   1:        192 bytes,        192 total
[16.484s][info ][gc,heap        ] GC(779) DefNew: 139904K(157376K)->0K(157376K) Eden: 139904K(139904K)->0K(139904K) From: 0K(17472K)->0K(17472K)
[16.484s][info ][gc,heap        ] GC(779) Tenured: 3959K(349568K)->3959K(349568K)
[16.484s][info ][gc,metaspace   ] GC(779) Metaspace: 9888K(10176K)->9888K(10176K) NonClass: 8754K(8896K)->8754K(8896K) Class: 1134K(1280K)->1134K(1280K)
[16.484s][info ][gc             ] GC(779) Pause Young (Allocation Failure) 140M->3M(495M) 0.148ms
[16.484s][info ][gc,cpu         ] GC(779) User=0.00s Sys=0.00s Real=0.00s
[16.494s][info ][gc,start       ] GC(780) Pause Young (Allocation Failure)
[16.494s][debug][gc,age         ] GC(780) Desired survivor size 8945664 bytes, new threshold 15 (max threshold 15)
[16.494s][trace][gc,age         ] GC(780) Age table with threshold 15 (max threshold 15)
[16.494s][trace][gc,age         ] GC(780) - age   1:        192 bytes,        192 total
[16.494s][info ][gc,heap        ] GC(780) DefNew: 139904K(157376K)->0K(157376K) Eden: 139904K(139904K)->0K(139904K) From: 0K(17472K)->0K(17472K)
[16.494s][info ][gc,heap        ] GC(780) Tenured: 3959K(349568K)->3959K(349568K)
[16.494s][info ][gc,metaspace   ] GC(780) Metaspace: 9888K(10176K)->9888K(10176K) NonClass: 8754K(8896K)->8754K(8896K) Class: 1134K(1280K)->1134K(1280K)
[16.494s][info ][gc             ] GC(780) Pause Young (Allocation Failure) 140M->3M(495M) 0.154ms
[16.495s][info ][gc,cpu         ] GC(780) User=0.00s Sys=0.00s Real=0.00s
[16.504s][info ][gc,start       ] GC(781) Pause Young (Allocation Failure)
[16.505s][debug][gc,age         ] GC(781) Desired survivor size 8945664 bytes, new threshold 15 (max threshold 15)
[16.505s][trace][gc,age         ] GC(781) Age table with threshold 15 (max threshold 15)
[16.505s][trace][gc,age         ] GC(781) - age   1:        192 bytes,        192 total
[16.505s][info ][gc,heap        ] GC(781) DefNew: 139904K(157376K)->0K(157376K) Eden: 139904K(139904K)->0K(139904K) From: 0K(17472K)->0K(17472K)
[16.505s][info ][gc,heap        ] GC(781) Tenured: 3959K(349568K)->3959K(349568K)
[16.505s][info ][gc,metaspace   ] GC(781) Metaspace: 9888K(10176K)->9888K(10176K) NonClass: 8754K(8896K)->8754K(8896K) Class: 1134K(1280K)->1134K(1280K)
[16.505s][info ][gc             ] GC(781) Pause Young (Allocation Failure) 140M->3M(495M) 0.149ms
[16.505s][info ][gc,cpu         ] GC(781) User=0.00s Sys=0.00s Real=0.00s
[16.515s][info ][gc,start       ] GC(782) Pause Young (Allocation Failure)
[16.515s][debug][gc,age         ] GC(782) Desired survivor size 8945664 bytes, new threshold 15 (max threshold 15)
[16.515s][trace][gc,age         ] GC(782) Age table with threshold 15 (max threshold 15)
[16.515s][trace][gc,age         ] GC(782) - age   1:        192 bytes,        192 total
[16.515s][info ][gc,heap        ] GC(782) DefNew: 139904K(157376K)->0K(157376K) Eden: 139904K(139904K)->0K(139904K) From: 0K(17472K)->0K(17472K)
[16.515s][info ][gc,heap        ] GC(782) Tenured: 3959K(349568K)->3959K(349568K)
[16.515s][info ][gc,metaspace   ] GC(782) Metaspace: 9888K(10176K)->9888K(10176K) NonClass: 8754K(8896K)->8754K(8896K) Class: 1134K(1280K)->1134K(1280K)
[16.515s][info ][gc             ] GC(782) Pause Young (Allocation Failure) 140M->3M(495M) 0.152ms
[16.515s][info ][gc,cpu         ] GC(782) User=0.00s Sys=0.00s Real=0.00s
[16.525s][info ][gc,start       ] GC(783) Pause Young (Allocation Failure)
[16.525s][debug][gc,age         ] GC(783) Desired survivor size 8945664 bytes, new threshold 15 (max threshold 15)
[16.525s][trace][gc,age         ] GC(783) Age table with threshold 15 (max threshold 15)
[16.525s][trace][gc,age         ] GC(783) - age   1:        192 bytes,        192 total
[16.525s][info ][gc,heap        ] GC(783) DefNew: 139904K(157376K)->0K(157376K) Eden: 139904K(139904K)->0K(139904K) From: 0K(17472K)->0K(17472K)
[16.525s][info ][gc,heap        ] GC(783) Tenured: 3959K(349568K)->3959K(349568K)
[16.525s][info ][gc,metaspace   ] GC(783) Metaspace: 9888K(10176K)->9888K(10176K) NonClass: 8754K(8896K)->8754K(8896K) Class: 1134K(1280K)->1134K(1280K)
[16.525s][info ][gc             ] GC(783) Pause Young (Allocation Failure) 140M->3M(495M) 0.151ms
[16.525s][info ][gc,cpu         ] GC(783) User=0.00s Sys=0.00s Real=0.00s
[16.535s][info ][gc,start       ] GC(784) Pause Young (Allocation Failure)
[16.535s][debug][gc,age         ] GC(784) Desired survivor size 8945664 bytes, new threshold 15 (max threshold 15)
[16.535s][trace][gc,age         ] GC(784) Age table with threshold 15 (max threshold 15)
[16.535s][trace][gc,age         ] GC(784) - age   1:        192 bytes,        192 total
[16.535s][info ][gc,heap        ] GC(784) DefNew: 139904K(157376K)->0K(157376K) Eden: 139904K(139904K)->0K(139904K) From: 0K(17472K)->0K(17472K)
[16.535s][info ][gc,heap        ] GC(784) Tenured: 3959K(349568K)->3959K(349568K)
[16.535s][info ][gc,metaspace   ] GC(784) Metaspace: 9888K(10176K)->9888K(10176K) NonClass: 8754K(8896K)->8754K(8896K) Class: 1134K(1280K)->1134K(1280K)
[16.535s][info ][gc             ] GC(784) Pause Young (Allocation Failure) 140M->3M(495M) 0.153ms
[16.535s][info ][gc,cpu         ] GC(784) User=0.00s Sys=0.00s Real=0.00s
[16.545s][info ][gc,start       ] GC(785) Pause Young (Allocation Failure)
[16.545s][debug][gc,age         ] GC(785) Desired survivor size 8945664 bytes, new threshold 15 (max threshold 15)
[16.545s][trace][gc,age         ] GC(785) Age table with threshold 15 (max threshold 15)
[16.545s][trace][gc,age         ] GC(785) - age   1:        192 bytes,        192 total
[16.545s][info ][gc,heap        ] GC(785) DefNew: 139904K(157376K)->0K(157376K) Eden: 139904K(139904K)->0K(139904K) From: 0K(17472K)->0K(17472K)
[16.545s][info ][gc,heap        ] GC(785) Tenured: 3959K(349568K)->3959K(349568K)
[16.545s][info ][gc,metaspace   ] GC(785) Metaspace: 9888K(10176K)->9888K(10176K) NonClass: 8754K(8896K)->8754K(8896K) Class: 1134K(1280K)->1134K(1280K)
[16.545s][info ][gc             ] GC(785) Pause Young (Allocation Failure) 140M->3M(495M) 0.163ms
[16.545s][info ][gc,cpu         ] GC(785) User=0.00s Sys=0.00s Real=0.00s
[16.555s][info ][gc,start       ] GC(786) Pause Young (Allocation Failure)
[16.556s][debug][gc,age         ] GC(786) Desired survivor size 8945664 bytes, new threshold 15 (max threshold 15)
[16.556s][trace][gc,age         ] GC(786) Age table with threshold 15 (max threshold 15)
[16.556s][trace][gc,age         ] GC(786) - age   1:        192 bytes,        192 total
[16.556s][info ][gc,heap        ] GC(786) DefNew: 139904K(157376K)->0K(157376K) Eden: 139904K(139904K)->0K(139904K) From: 0K(17472K)->0K(17472K)
[16.556s][info ][gc,heap        ] GC(786) Tenured: 3959K(349568K)->3959K(349568K)
[16.556s][info ][gc,metaspace   ] GC(786) Metaspace: 9888K(10176K)->9888K(10176K) NonClass: 8754K(8896K)->8754K(8896K) Class: 1134K(1280K)->1134K(1280K)
[16.556s][info ][gc             ] GC(786) Pause Young (Allocation Failure) 140M->3M(495M) 0.152ms
[16.556s][info ][gc,cpu         ] GC(786) User=0.00s Sys=0.00s Real=0.00s
[16.566s][info ][gc,start       ] GC(787) Pause Young (Allocation Failure)
[16.566s][debug][gc,age         ] GC(787) Desired survivor size 8945664 bytes, new threshold 15 (max threshold 15)
[16.566s][trace][gc,age         ] GC(787) Age table with threshold 15 (max threshold 15)
[16.566s][trace][gc,age         ] GC(787) - age   1:        192 bytes,        192 total
[16.566s][info ][gc,heap        ] GC(787) DefNew: 139904K(157376K)->0K(157376K) Eden: 139904K(139904K)->0K(139904K) From: 0K(17472K)->0K(17472K)
[16.566s][info ][gc,heap        ] GC(787) Tenured: 3959K(349568K)->3959K(349568K)
[16.566s][info ][gc,metaspace   ] GC(787) Metaspace: 9888K(10176K)->9888K(10176K) NonClass: 8754K(8896K)->8754K(8896K) Class: 1134K(1280K)->1134K(1280K)
[16.566s][info ][gc             ] GC(787) Pause Young (Allocation Failure) 140M->3M(495M) 0.153ms
[16.566s][info ][gc,cpu         ] GC(787) User=0.00s Sys=0.00s Real=0.00s
[16.576s][info ][gc,start       ] GC(788) Pause Young (Allocation Failure)
[16.576s][debug][gc,age         ] GC(788) Desired survivor size 8945664 bytes, new threshold 15 (max threshold 15)
[16.576s][trace][gc,age         ] GC(788) Age table with threshold 15 (max threshold 15)
[16.576s][trace][gc,age         ] GC(788) - age   1:        192 bytes,        192 total
[16.576s][info ][gc,heap        ] GC(788) DefNew: 139904K(157376K)->0K(157376K) Eden: 139904K(139904K)->0K(139904K) From: 0K(17472K)->0K(17472K)
[16.576s][info ][gc,heap        ] GC(788) Tenured: 3959K(349568K)->3959K(349568K)
[16.576s][info ][gc,metaspace   ] GC(788) Metaspace: 9888K(10176K)->9888K(10176K) NonClass: 8754K(8896K)->8754K(8896K) Class: 1134K(1280K)->1134K(1280K)
[16.576s][info ][gc             ] GC(788) Pause Young (Allocation Failure) 140M->3M(495M) 0.149ms
[16.576s][info ][gc,cpu         ] GC(788) User=0.00s Sys=0.00s Real=0.00s
[16.586s][info ][gc,start       ] GC(789) Pause Young (Allocation Failure)
[16.586s][debug][gc,age         ] GC(789) Desired survivor size 8945664 bytes, new threshold 15 (max threshold 15)
[16.586s][trace][gc,age         ] GC(789) Age table with threshold 15 (max threshold 15)
[16.586s][trace][gc,age         ] GC(789) - age   1:        192 bytes,        192 total
[16.586s][info ][gc,heap        ] GC(789) DefNew: 139904K(157376K)->0K(157376K) Eden: 139904K(139904K)->0K(139904K) From: 0K(17472K)->0K(17472K)
[16.586s][info ][gc,heap        ] GC(789) Tenured: 3959K(349568K)->3959K(349568K)
[16.586s][info ][gc,metaspace   ] GC(789) Metaspace: 9888K(10176K)->9888K(10176K) NonClass: 8754K(8896K)->8754K(8896K) Class: 1134K(1280K)->1134K(1280K)
[16.586s][info ][gc             ] GC(789) Pause Young (Allocation Failure) 140M->3M(495M) 0.149ms
[16.586s][info ][gc,cpu         ] GC(789) User=0.00s Sys=0.00s Real=0.00s
[16.596s][info ][gc,start       ] GC(790) Pause Young (Allocation Failure)
[16.596s][debug][gc,age         ] GC(790) Desired survivor size 8945664 bytes, new threshold 15 (max threshold 15)
[16.596s][trace][gc,age         ] GC(790) Age table with threshold 15 (max threshold 15)
[16.596s][trace][gc,age         ] GC(790) - age   1:        192 bytes,        192 total
[16.596s][info ][gc,heap        ] GC(790) DefNew: 139904K(157376K)->0K(157376K) Eden: 139904K(139904K)->0K(139904K) From: 0K(17472K)->0K(17472K)
[16.596s][info ][gc,heap        ] GC(790) Tenured: 3959K(349568K)->3959K(349568K)
[16.596s][info ][gc,metaspace   ] GC(790) Metaspace: 9888K(10176K)->9888K(10176K) NonClass: 8754K(8896K)->8754K(8896K) Class: 1134K(1280K)->1134K(1280K)
[16.596s][info ][gc             ] GC(790) Pause Young (Allocation Failure) 140M->3M(495M) 0.149ms
[16.596s][info ][gc,cpu         ] GC(790) User=0.00s Sys=0.00s Real=0.00s
[16.606s][info ][gc,start       ] GC(791) Pause Young (Allocation Failure)
[16.607s][debug][gc,age         ] GC(791) Desired survivor size 8945664 bytes, new threshold 15 (max threshold 15)
[16.607s][trace][gc,age         ] GC(791) Age table with threshold 15 (max threshold 15)
[16.607s][trace][gc,age         ] GC(791) - age   1:        192 bytes,        192 total
[16.607s][info ][gc,heap        ] GC(791) DefNew: 139904K(157376K)->0K(157376K) Eden: 139904K(139904K)->0K(139904K) From: 0K(17472K)->0K(17472K)
[16.607s][info ][gc,heap        ] GC(791) Tenured: 3959K(349568K)->3959K(349568K)
[16.607s][info ][gc,metaspace   ] GC(791) Metaspace: 9888K(10176K)->9888K(10176K) NonClass: 8754K(8896K)->8754K(8896K) Class: 1134K(1280K)->1134K(1280K)
[16.607s][info ][gc             ] GC(791) Pause Young (Allocation Failure) 140M->3M(495M) 0.149ms
[16.607s][info ][gc,cpu         ] GC(791) User=0.00s Sys=0.00s Real=0.00s
[16.617s][info ][gc,start       ] GC(792) Pause Young (Allocation Failure)
[16.617s][debug][gc,age         ] GC(792) Desired survivor size 8945664 bytes, new threshold 15 (max threshold 15)
[16.617s][trace][gc,age         ] GC(792) Age table with threshold 15 (max threshold 15)
[16.617s][trace][gc,age         ] GC(792) - age   1:        192 bytes,        192 total
[16.617s][info ][gc,heap        ] GC(792) DefNew: 139904K(157376K)->0K(157376K) Eden: 139904K(139904K)->0K(139904K) From: 0K(17472K)->0K(17472K)
[16.617s][info ][gc,heap        ] GC(792) Tenured: 3959K(349568K)->3959K(349568K)
[16.617s][info ][gc,metaspace   ] GC(792) Metaspace: 9888K(10176K)->9888K(10176K) NonClass: 8754K(8896K)->8754K(8896K) Class: 1134K(1280K)->1134K(1280K)
[16.617s][info ][gc             ] GC(792) Pause Young (Allocation Failure) 140M->3M(495M) 0.156ms
[16.617s][info ][gc,cpu         ] GC(792) User=0.00s Sys=0.00s Real=0.00s
[16.627s][info ][gc,start       ] GC(793) Pause Young (Allocation Failure)
[16.627s][debug][gc,age         ] GC(793) Desired survivor size 8945664 bytes, new threshold 15 (max threshold 15)
[16.627s][trace][gc,age         ] GC(793) Age table with threshold 15 (max threshold 15)
[16.627s][trace][gc,age         ] GC(793) - age   1:        192 bytes,        192 total
[16.627s][info ][gc,heap        ] GC(793) DefNew: 139904K(157376K)->0K(157376K) Eden: 139904K(139904K)->0K(139904K) From: 0K(17472K)->0K(17472K)
[16.627s][info ][gc,heap        ] GC(793) Tenured: 3959K(349568K)->3959K(349568K)
[16.627s][info ][gc,metaspace   ] GC(793) Metaspace: 9888K(10176K)->9888K(10176K) NonClass: 8754K(8896K)->8754K(8896K) Class: 1134K(1280K)->1134K(1280K)
[16.627s][info ][gc             ] GC(793) Pause Young (Allocation Failure) 140M->3M(495M) 0.156ms
[16.627s][info ][gc,cpu         ] GC(793) User=0.01s Sys=0.00s Real=0.00s
[16.637s][info ][gc,start       ] GC(794) Pause Young (Allocation Failure)
[16.637s][debug][gc,age         ] GC(794) Desired survivor size 8945664 bytes, new threshold 15 (max threshold 15)
[16.637s][trace][gc,age         ] GC(794) Age table with threshold 15 (max threshold 15)
[16.637s][trace][gc,age         ] GC(794) - age   1:         80 bytes,         80 total
[16.637s][info ][gc,heap        ] GC(794) DefNew: 139904K(157376K)->0K(157376K) Eden: 139904K(139904K)->0K(139904K) From: 0K(17472K)->0K(17472K)
[16.637s][info ][gc,heap        ] GC(794) Tenured: 3959K(349568K)->3959K(349568K)
[16.637s][info ][gc,metaspace   ] GC(794) Metaspace: 9888K(10176K)->9888K(10176K) NonClass: 8754K(8896K)->8754K(8896K) Class: 1134K(1280K)->1134K(1280K)
[16.637s][info ][gc             ] GC(794) Pause Young (Allocation Failure) 140M->3M(495M) 0.146ms
[16.637s][info ][gc,cpu         ] GC(794) User=0.00s Sys=0.00s Real=0.00s
[16.647s][info ][gc,start       ] GC(795) Pause Young (Allocation Failure)
[16.647s][debug][gc,age         ] GC(795) Desired survivor size 8945664 bytes, new threshold 15 (max threshold 15)
[16.647s][trace][gc,age         ] GC(795) Age table with threshold 15 (max threshold 15)
[16.648s][trace][gc,age         ] GC(795) - age   1:     400208 bytes,     400208 total
[16.648s][info ][gc,heap        ] GC(795) DefNew: 139770K(157376K)->390K(157376K) Eden: 139770K(139904K)->0K(139904K) From: 0K(17472K)->390K(17472K)
[16.648s][info ][gc,heap        ] GC(795) Tenured: 3959K(349568K)->3959K(349568K)
[16.648s][info ][gc,metaspace   ] GC(795) Metaspace: 9888K(10176K)->9888K(10176K) NonClass: 8754K(8896K)->8754K(8896K) Class: 1134K(1280K)->1134K(1280K)
[16.648s][info ][gc             ] GC(795) Pause Young (Allocation Failure) 140M->4M(495M) 0.165ms
[16.648s][info ][gc,cpu         ] GC(795) User=0.00s Sys=0.00s Real=0.00s
[16.658s][info ][gc,start       ] GC(796) Pause Young (Allocation Failure)
[16.658s][debug][gc,age         ] GC(796) Desired survivor size 8945664 bytes, new threshold 15 (max threshold 15)
[16.658s][trace][gc,age         ] GC(796) Age table with threshold 15 (max threshold 15)
[16.658s][trace][gc,age         ] GC(796) - age   1:        192 bytes,        192 total
[16.658s][info ][gc,heap        ] GC(796) DefNew: 140218K(157376K)->0K(157376K) Eden: 139827K(139904K)->0K(139904K) From: 390K(17472K)->0K(17472K)
[16.658s][info ][gc,heap        ] GC(796) Tenured: 3959K(349568K)->3959K(349568K)
[16.658s][info ][gc,metaspace   ] GC(796) Metaspace: 9888K(10176K)->9888K(10176K) NonClass: 8754K(8896K)->8754K(8896K) Class: 1134K(1280K)->1134K(1280K)
[16.658s][info ][gc             ] GC(796) Pause Young (Allocation Failure) 140M->3M(495M) 0.147ms
[16.658s][info ][gc,cpu         ] GC(796) User=0.00s Sys=0.00s Real=0.00s
[16.668s][info ][gc,start       ] GC(797) Pause Young (Allocation Failure)
[16.668s][debug][gc,age         ] GC(797) Desired survivor size 8945664 bytes, new threshold 15 (max threshold 15)
[16.668s][trace][gc,age         ] GC(797) Age table with threshold 15 (max threshold 15)
[16.668s][trace][gc,age         ] GC(797) - age   1:     400208 bytes,     400208 total
[16.668s][info ][gc,heap        ] GC(797) DefNew: 139884K(157376K)->390K(157376K) Eden: 139884K(139904K)->0K(139904K) From: 0K(17472K)->390K(17472K)
[16.668s][info ][gc,heap        ] GC(797) Tenured: 3959K(349568K)->3959K(349568K)
[16.668s][info ][gc,metaspace   ] GC(797) Metaspace: 9888K(10176K)->9888K(10176K) NonClass: 8754K(8896K)->8754K(8896K) Class: 1134K(1280K)->1134K(1280K)
[16.668s][info ][gc             ] GC(797) Pause Young (Allocation Failure) 140M->4M(495M) 0.161ms
[16.668s][info ][gc,cpu         ] GC(797) User=0.00s Sys=0.00s Real=0.00s
[16.678s][info ][gc,start       ] GC(798) Pause Young (Allocation Failure)
[16.679s][debug][gc,age         ] GC(798) Desired survivor size 8945664 bytes, new threshold 15 (max threshold 15)
[16.679s][trace][gc,age         ] GC(798) Age table with threshold 15 (max threshold 15)
[16.679s][trace][gc,age         ] GC(798) - age   1:        192 bytes,        192 total
[16.679s][info ][gc,heap        ] GC(798) DefNew: 140144K(157376K)->0K(157376K) Eden: 139753K(139904K)->0K(139904K) From: 390K(17472K)->0K(17472K)
[16.679s][info ][gc,heap        ] GC(798) Tenured: 3959K(349568K)->3959K(349568K)
[16.679s][info ][gc,metaspace   ] GC(798) Metaspace: 9888K(10176K)->9888K(10176K) NonClass: 8754K(8896K)->8754K(8896K) Class: 1134K(1280K)->1134K(1280K)
[16.679s][info ][gc             ] GC(798) Pause Young (Allocation Failure) 140M->3M(495M) 0.152ms
[16.679s][info ][gc,cpu         ] GC(798) User=0.00s Sys=0.00s Real=0.00s
[16.689s][info ][gc,start       ] GC(799) Pause Young (Allocation Failure)
[16.689s][debug][gc,age         ] GC(799) Desired survivor size 8945664 bytes, new threshold 15 (max threshold 15)
[16.689s][trace][gc,age         ] GC(799) Age table with threshold 15 (max threshold 15)
[16.689s][trace][gc,age         ] GC(799) - age   1:     400208 bytes,     400208 total
[16.689s][info ][gc,heap        ] GC(799) DefNew: 139809K(157376K)->390K(157376K) Eden: 139808K(139904K)->0K(139904K) From: 0K(17472K)->390K(17472K)
[16.689s][info ][gc,heap        ] GC(799) Tenured: 3959K(349568K)->3959K(349568K)
[16.689s][info ][gc,metaspace   ] GC(799) Metaspace: 9888K(10176K)->9888K(10176K) NonClass: 8754K(8896K)->8754K(8896K) Class: 1134K(1280K)->1134K(1280K)
[16.689s][info ][gc             ] GC(799) Pause Young (Allocation Failure) 140M->4M(495M) 0.168ms
[16.689s][info ][gc,cpu         ] GC(799) User=0.00s Sys=0.00s Real=0.00s
[16.699s][info ][gc,start       ] GC(800) Pause Young (Allocation Failure)
[16.699s][debug][gc,age         ] GC(800) Desired survivor size 8945664 bytes, new threshold 15 (max threshold 15)
[16.699s][trace][gc,age         ] GC(800) Age table with threshold 15 (max threshold 15)
[16.699s][trace][gc,age         ] GC(800) - age   1:        192 bytes,        192 total
[16.699s][info ][gc,heap        ] GC(800) DefNew: 140234K(157376K)->0K(157376K) Eden: 139843K(139904K)->0K(139904K) From: 390K(17472K)->0K(17472K)
[16.699s][info ][gc,heap        ] GC(800) Tenured: 3959K(349568K)->3959K(349568K)
[16.699s][info ][gc,metaspace   ] GC(800) Metaspace: 9888K(10176K)->9888K(10176K) NonClass: 8754K(8896K)->8754K(8896K) Class: 1134K(1280K)->1134K(1280K)
[16.699s][info ][gc             ] GC(800) Pause Young (Allocation Failure) 140M->3M(495M) 0.159ms
[16.699s][info ][gc,cpu         ] GC(800) User=0.00s Sys=0.00s Real=0.00s
[16.709s][info ][gc,start       ] GC(801) Pause Young (Allocation Failure)
[16.710s][debug][gc,age         ] GC(801) Desired survivor size 8945664 bytes, new threshold 15 (max threshold 15)
[16.710s][trace][gc,age         ] GC(801) Age table with threshold 15 (max threshold 15)
[16.710s][trace][gc,age         ] GC(801) - age   1:        192 bytes,        192 total
[16.710s][info ][gc,heap        ] GC(801) DefNew: 139904K(157376K)->0K(157376K) Eden: 139904K(139904K)->0K(139904K) From: 0K(17472K)->0K(17472K)
[16.710s][info ][gc,heap        ] GC(801) Tenured: 3959K(349568K)->3959K(349568K)
[16.710s][info ][gc,metaspace   ] GC(801) Metaspace: 9888K(10176K)->9888K(10176K) NonClass: 8754K(8896K)->8754K(8896K) Class: 1134K(1280K)->1134K(1280K)
[16.710s][info ][gc             ] GC(801) Pause Young (Allocation Failure) 140M->3M(495M) 0.158ms
[16.710s][info ][gc,cpu         ] GC(801) User=0.00s Sys=0.00s Real=0.00s
[16.720s][info ][gc,start       ] GC(802) Pause Young (Allocation Failure)
[16.720s][debug][gc,age         ] GC(802) Desired survivor size 8945664 bytes, new threshold 15 (max threshold 15)
[16.720s][trace][gc,age         ] GC(802) Age table with threshold 15 (max threshold 15)
[16.720s][trace][gc,age         ] GC(802) - age   1:        192 bytes,        192 total
[16.720s][info ][gc,heap        ] GC(802) DefNew: 139904K(157376K)->0K(157376K) Eden: 139904K(139904K)->0K(139904K) From: 0K(17472K)->0K(17472K)
[16.720s][info ][gc,heap        ] GC(802) Tenured: 3959K(349568K)->3959K(349568K)
[16.720s][info ][gc,metaspace   ] GC(802) Metaspace: 9888K(10176K)->9888K(10176K) NonClass: 8754K(8896K)->8754K(8896K) Class: 1134K(1280K)->1134K(1280K)
[16.720s][info ][gc             ] GC(802) Pause Young (Allocation Failure) 140M->3M(495M) 0.155ms
[16.720s][info ][gc,cpu         ] GC(802) User=0.00s Sys=0.00s Real=0.00s
[16.730s][info ][gc,start       ] GC(803) Pause Young (Allocation Failure)
[16.730s][debug][gc,age         ] GC(803) Desired survivor size 8945664 bytes, new threshold 15 (max threshold 15)
[16.730s][trace][gc,age         ] GC(803) Age table with threshold 15 (max threshold 15)
[16.730s][trace][gc,age         ] GC(803) - age   1:        192 bytes,        192 total
[16.730s][info ][gc,heap        ] GC(803) DefNew: 139904K(157376K)->0K(157376K) Eden: 139904K(139904K)->0K(139904K) From: 0K(17472K)->0K(17472K)
[16.730s][info ][gc,heap        ] GC(803) Tenured: 3959K(349568K)->3959K(349568K)
[16.730s][info ][gc,metaspace   ] GC(803) Metaspace: 9888K(10176K)->9888K(10176K) NonClass: 8754K(8896K)->8754K(8896K) Class: 1134K(1280K)->1134K(1280K)
[16.730s][info ][gc             ] GC(803) Pause Young (Allocation Failure) 140M->3M(495M) 0.149ms
[16.730s][info ][gc,cpu         ] GC(803) User=0.00s Sys=0.00s Real=0.00s
[16.740s][info ][gc,start       ] GC(804) Pause Young (Allocation Failure)
[16.740s][debug][gc,age         ] GC(804) Desired survivor size 8945664 bytes, new threshold 15 (max threshold 15)
[16.740s][trace][gc,age         ] GC(804) Age table with threshold 15 (max threshold 15)
[16.740s][trace][gc,age         ] GC(804) - age   1:        192 bytes,        192 total
[16.740s][info ][gc,heap        ] GC(804) DefNew: 139904K(157376K)->0K(157376K) Eden: 139904K(139904K)->0K(139904K) From: 0K(17472K)->0K(17472K)
[16.740s][info ][gc,heap        ] GC(804) Tenured: 3959K(349568K)->3959K(349568K)
[16.740s][info ][gc,metaspace   ] GC(804) Metaspace: 9888K(10176K)->9888K(10176K) NonClass: 8754K(8896K)->8754K(8896K) Class: 1134K(1280K)->1134K(1280K)
[16.740s][info ][gc             ] GC(804) Pause Young (Allocation Failure) 140M->3M(495M) 0.152ms
[16.740s][info ][gc,cpu         ] GC(804) User=0.00s Sys=0.00s Real=0.01s
[16.750s][info ][gc,start       ] GC(805) Pause Young (Allocation Failure)
[16.750s][debug][gc,age         ] GC(805) Desired survivor size 8945664 bytes, new threshold 15 (max threshold 15)
[16.750s][trace][gc,age         ] GC(805) Age table with threshold 15 (max threshold 15)
[16.750s][trace][gc,age         ] GC(805) - age   1:        192 bytes,        192 total
[16.750s][info ][gc,heap        ] GC(805) DefNew: 139904K(157376K)->0K(157376K) Eden: 139904K(139904K)->0K(139904K) From: 0K(17472K)->0K(17472K)
[16.750s][info ][gc,heap        ] GC(805) Tenured: 3959K(349568K)->3959K(349568K)
[16.750s][info ][gc,metaspace   ] GC(805) Metaspace: 9888K(10176K)->9888K(10176K) NonClass: 8754K(8896K)->8754K(8896K) Class: 1134K(1280K)->1134K(1280K)
[16.750s][info ][gc             ] GC(805) Pause Young (Allocation Failure) 140M->3M(495M) 0.148ms
[16.750s][info ][gc,cpu         ] GC(805) User=0.00s Sys=0.00s Real=0.00s
[16.760s][info ][gc,start       ] GC(806) Pause Young (Allocation Failure)
[16.760s][debug][gc,age         ] GC(806) Desired survivor size 8945664 bytes, new threshold 15 (max threshold 15)
[16.760s][trace][gc,age         ] GC(806) Age table with threshold 15 (max threshold 15)
[16.760s][trace][gc,age         ] GC(806) - age   1:        192 bytes,        192 total
[16.760s][info ][gc,heap        ] GC(806) DefNew: 139904K(157376K)->0K(157376K) Eden: 139904K(139904K)->0K(139904K) From: 0K(17472K)->0K(17472K)
[16.760s][info ][gc,heap        ] GC(806) Tenured: 3959K(349568K)->3959K(349568K)
[16.760s][info ][gc,metaspace   ] GC(806) Metaspace: 9888K(10176K)->9888K(10176K) NonClass: 8754K(8896K)->8754K(8896K) Class: 1134K(1280K)->1134K(1280K)
[16.760s][info ][gc             ] GC(806) Pause Young (Allocation Failure) 140M->3M(495M) 0.150ms
[16.760s][info ][gc,cpu         ] GC(806) User=0.00s Sys=0.00s Real=0.00s
[16.770s][info ][gc,start       ] GC(807) Pause Young (Allocation Failure)
[16.771s][debug][gc,age         ] GC(807) Desired survivor size 8945664 bytes, new threshold 15 (max threshold 15)
[16.771s][trace][gc,age         ] GC(807) Age table with threshold 15 (max threshold 15)
[16.771s][trace][gc,age         ] GC(807) - age   1:        192 bytes,        192 total
[16.771s][info ][gc,heap        ] GC(807) DefNew: 139904K(157376K)->0K(157376K) Eden: 139904K(139904K)->0K(139904K) From: 0K(17472K)->0K(17472K)
[16.771s][info ][gc,heap        ] GC(807) Tenured: 3959K(349568K)->3959K(349568K)
[16.771s][info ][gc,metaspace   ] GC(807) Metaspace: 9888K(10176K)->9888K(10176K) NonClass: 8754K(8896K)->8754K(8896K) Class: 1134K(1280K)->1134K(1280K)
[16.771s][info ][gc             ] GC(807) Pause Young (Allocation Failure) 140M->3M(495M) 0.153ms
[16.771s][info ][gc,cpu         ] GC(807) User=0.00s Sys=0.00s Real=0.00s
[16.781s][info ][gc,start       ] GC(808) Pause Young (Allocation Failure)
[16.781s][debug][gc,age         ] GC(808) Desired survivor size 8945664 bytes, new threshold 15 (max threshold 15)
[16.781s][trace][gc,age         ] GC(808) Age table with threshold 15 (max threshold 15)
[16.781s][trace][gc,age         ] GC(808) - age   1:        192 bytes,        192 total
[16.781s][info ][gc,heap        ] GC(808) DefNew: 139904K(157376K)->0K(157376K) Eden: 139904K(139904K)->0K(139904K) From: 0K(17472K)->0K(17472K)
[16.781s][info ][gc,heap        ] GC(808) Tenured: 3959K(349568K)->3959K(349568K)
[16.781s][info ][gc,metaspace   ] GC(808) Metaspace: 9888K(10176K)->9888K(10176K) NonClass: 8754K(8896K)->8754K(8896K) Class: 1134K(1280K)->1134K(1280K)
[16.781s][info ][gc             ] GC(808) Pause Young (Allocation Failure) 140M->3M(495M) 0.153ms
[16.781s][info ][gc,cpu         ] GC(808) User=0.00s Sys=0.00s Real=0.00s
[16.791s][info ][gc,start       ] GC(809) Pause Young (Allocation Failure)
[16.791s][debug][gc,age         ] GC(809) Desired survivor size 8945664 bytes, new threshold 15 (max threshold 15)
[16.791s][trace][gc,age         ] GC(809) Age table with threshold 15 (max threshold 15)
[16.791s][trace][gc,age         ] GC(809) - age   1:        192 bytes,        192 total
[16.791s][info ][gc,heap        ] GC(809) DefNew: 139904K(157376K)->0K(157376K) Eden: 139904K(139904K)->0K(139904K) From: 0K(17472K)->0K(17472K)
[16.791s][info ][gc,heap        ] GC(809) Tenured: 3959K(349568K)->3959K(349568K)
[16.791s][info ][gc,metaspace   ] GC(809) Metaspace: 9888K(10176K)->9888K(10176K) NonClass: 8754K(8896K)->8754K(8896K) Class: 1134K(1280K)->1134K(1280K)
[16.791s][info ][gc             ] GC(809) Pause Young (Allocation Failure) 140M->3M(495M) 0.152ms
[16.791s][info ][gc,cpu         ] GC(809) User=0.00s Sys=0.00s Real=0.00s
[16.801s][info ][gc,start       ] GC(810) Pause Young (Allocation Failure)
[16.801s][debug][gc,age         ] GC(810) Desired survivor size 8945664 bytes, new threshold 15 (max threshold 15)
[16.801s][trace][gc,age         ] GC(810) Age table with threshold 15 (max threshold 15)
[16.801s][trace][gc,age         ] GC(810) - age   1:        192 bytes,        192 total
[16.801s][info ][gc,heap        ] GC(810) DefNew: 139904K(157376K)->0K(157376K) Eden: 139904K(139904K)->0K(139904K) From: 0K(17472K)->0K(17472K)
[16.801s][info ][gc,heap        ] GC(810) Tenured: 3959K(349568K)->3959K(349568K)
[16.801s][info ][gc,metaspace   ] GC(810) Metaspace: 9888K(10176K)->9888K(10176K) NonClass: 8754K(8896K)->8754K(8896K) Class: 1134K(1280K)->1134K(1280K)
[16.801s][info ][gc             ] GC(810) Pause Young (Allocation Failure) 140M->3M(495M) 0.148ms
[16.801s][info ][gc,cpu         ] GC(810) User=0.00s Sys=0.00s Real=0.00s
[16.811s][info ][gc,start       ] GC(811) Pause Young (Allocation Failure)
[16.811s][debug][gc,age         ] GC(811) Desired survivor size 8945664 bytes, new threshold 15 (max threshold 15)
[16.811s][trace][gc,age         ] GC(811) Age table with threshold 15 (max threshold 15)
[16.811s][trace][gc,age         ] GC(811) - age   1:        192 bytes,        192 total
[16.811s][info ][gc,heap        ] GC(811) DefNew: 139904K(157376K)->0K(157376K) Eden: 139904K(139904K)->0K(139904K) From: 0K(17472K)->0K(17472K)
[16.811s][info ][gc,heap        ] GC(811) Tenured: 3959K(349568K)->3959K(349568K)
[16.811s][info ][gc,metaspace   ] GC(811) Metaspace: 9888K(10176K)->9888K(10176K) NonClass: 8754K(8896K)->8754K(8896K) Class: 1134K(1280K)->1134K(1280K)
[16.811s][info ][gc             ] GC(811) Pause Young (Allocation Failure) 140M->3M(495M) 0.149ms
[16.811s][info ][gc,cpu         ] GC(811) User=0.00s Sys=0.00s Real=0.00s
[16.821s][info ][gc,start       ] GC(812) Pause Young (Allocation Failure)
[16.821s][debug][gc,age         ] GC(812) Desired survivor size 8945664 bytes, new threshold 15 (max threshold 15)
[16.821s][trace][gc,age         ] GC(812) Age table with threshold 15 (max threshold 15)
[16.821s][trace][gc,age         ] GC(812) - age   1:        192 bytes,        192 total
[16.821s][info ][gc,heap        ] GC(812) DefNew: 139904K(157376K)->0K(157376K) Eden: 139904K(139904K)->0K(139904K) From: 0K(17472K)->0K(17472K)
[16.821s][info ][gc,heap        ] GC(812) Tenured: 3959K(349568K)->3959K(349568K)
[16.821s][info ][gc,metaspace   ] GC(812) Metaspace: 9888K(10176K)->9888K(10176K) NonClass: 8754K(8896K)->8754K(8896K) Class: 1134K(1280K)->1134K(1280K)
[16.821s][info ][gc             ] GC(812) Pause Young (Allocation Failure) 140M->3M(495M) 0.147ms
[16.821s][info ][gc,cpu         ] GC(812) User=0.00s Sys=0.00s Real=0.00s
[16.832s][info ][gc,start       ] GC(813) Pause Young (Allocation Failure)
[16.832s][debug][gc,age         ] GC(813) Desired survivor size 8945664 bytes, new threshold 15 (max threshold 15)
[16.832s][trace][gc,age         ] GC(813) Age table with threshold 15 (max threshold 15)
[16.832s][trace][gc,age         ] GC(813) - age   1:        192 bytes,        192 total
[16.832s][info ][gc,heap        ] GC(813) DefNew: 139904K(157376K)->0K(157376K) Eden: 139904K(139904K)->0K(139904K) From: 0K(17472K)->0K(17472K)
[16.832s][info ][gc,heap        ] GC(813) Tenured: 3959K(349568K)->3959K(349568K)
[16.832s][info ][gc,metaspace   ] GC(813) Metaspace: 9888K(10176K)->9888K(10176K) NonClass: 8754K(8896K)->8754K(8896K) Class: 1134K(1280K)->1134K(1280K)
[16.832s][info ][gc             ] GC(813) Pause Young (Allocation Failure) 140M->3M(495M) 0.149ms
[16.832s][info ][gc,cpu         ] GC(813) User=0.00s Sys=0.00s Real=0.00s
[16.842s][info ][gc,start       ] GC(814) Pause Young (Allocation Failure)
[16.842s][debug][gc,age         ] GC(814) Desired survivor size 8945664 bytes, new threshold 15 (max threshold 15)
[16.842s][trace][gc,age         ] GC(814) Age table with threshold 15 (max threshold 15)
[16.842s][trace][gc,age         ] GC(814) - age   1:        192 bytes,        192 total
[16.842s][info ][gc,heap        ] GC(814) DefNew: 139904K(157376K)->0K(157376K) Eden: 139904K(139904K)->0K(139904K) From: 0K(17472K)->0K(17472K)
[16.842s][info ][gc,heap        ] GC(814) Tenured: 3959K(349568K)->3959K(349568K)
[16.842s][info ][gc,metaspace   ] GC(814) Metaspace: 9888K(10176K)->9888K(10176K) NonClass: 8754K(8896K)->8754K(8896K) Class: 1134K(1280K)->1134K(1280K)
[16.842s][info ][gc             ] GC(814) Pause Young (Allocation Failure) 140M->3M(495M) 0.155ms
[16.842s][info ][gc,cpu         ] GC(814) User=0.00s Sys=0.00s Real=0.00s
[16.852s][info ][gc,start       ] GC(815) Pause Young (Allocation Failure)
[16.852s][debug][gc,age         ] GC(815) Desired survivor size 8945664 bytes, new threshold 15 (max threshold 15)
[16.852s][trace][gc,age         ] GC(815) Age table with threshold 15 (max threshold 15)
[16.852s][trace][gc,age         ] GC(815) - age   1:        192 bytes,        192 total
[16.852s][info ][gc,heap        ] GC(815) DefNew: 139904K(157376K)->0K(157376K) Eden: 139904K(139904K)->0K(139904K) From: 0K(17472K)->0K(17472K)
[16.852s][info ][gc,heap        ] GC(815) Tenured: 3959K(349568K)->3959K(349568K)
[16.852s][info ][gc,metaspace   ] GC(815) Metaspace: 9888K(10176K)->9888K(10176K) NonClass: 8754K(8896K)->8754K(8896K) Class: 1134K(1280K)->1134K(1280K)
[16.852s][info ][gc             ] GC(815) Pause Young (Allocation Failure) 140M->3M(495M) 0.148ms
[16.852s][info ][gc,cpu         ] GC(815) User=0.00s Sys=0.00s Real=0.00s
[16.862s][info ][gc,start       ] GC(816) Pause Young (Allocation Failure)
[16.862s][debug][gc,age         ] GC(816) Desired survivor size 8945664 bytes, new threshold 15 (max threshold 15)
[16.862s][trace][gc,age         ] GC(816) Age table with threshold 15 (max threshold 15)
[16.862s][trace][gc,age         ] GC(816) - age   1:        192 bytes,        192 total
[16.862s][info ][gc,heap        ] GC(816) DefNew: 139904K(157376K)->0K(157376K) Eden: 139904K(139904K)->0K(139904K) From: 0K(17472K)->0K(17472K)
[16.862s][info ][gc,heap        ] GC(816) Tenured: 3959K(349568K)->3959K(349568K)
[16.862s][info ][gc,metaspace   ] GC(816) Metaspace: 9888K(10176K)->9888K(10176K) NonClass: 8754K(8896K)->8754K(8896K) Class: 1134K(1280K)->1134K(1280K)
[16.862s][info ][gc             ] GC(816) Pause Young (Allocation Failure) 140M->3M(495M) 0.154ms
[16.862s][info ][gc,cpu         ] GC(816) User=0.00s Sys=0.00s Real=0.00s
[16.872s][info ][gc,start       ] GC(817) Pause Young (Allocation Failure)
[16.872s][debug][gc,age         ] GC(817) Desired survivor size 8945664 bytes, new threshold 15 (max threshold 15)
[16.872s][trace][gc,age         ] GC(817) Age table with threshold 15 (max threshold 15)
[16.872s][trace][gc,age         ] GC(817) - age   1:        192 bytes,        192 total
[16.872s][info ][gc,heap        ] GC(817) DefNew: 139904K(157376K)->0K(157376K) Eden: 139904K(139904K)->0K(139904K) From: 0K(17472K)->0K(17472K)
[16.872s][info ][gc,heap        ] GC(817) Tenured: 3959K(349568K)->3959K(349568K)
[16.872s][info ][gc,metaspace   ] GC(817) Metaspace: 9888K(10176K)->9888K(10176K) NonClass: 8754K(8896K)->8754K(8896K) Class: 1134K(1280K)->1134K(1280K)
[16.872s][info ][gc             ] GC(817) Pause Young (Allocation Failure) 140M->3M(495M) 0.160ms
[16.872s][info ][gc,cpu         ] GC(817) User=0.00s Sys=0.00s Real=0.00s
[16.882s][info ][gc,start       ] GC(818) Pause Young (Allocation Failure)
[16.883s][debug][gc,age         ] GC(818) Desired survivor size 8945664 bytes, new threshold 15 (max threshold 15)
[16.883s][trace][gc,age         ] GC(818) Age table with threshold 15 (max threshold 15)
[16.883s][trace][gc,age         ] GC(818) - age   1:        192 bytes,        192 total
[16.883s][info ][gc,heap        ] GC(818) DefNew: 139904K(157376K)->0K(157376K) Eden: 139904K(139904K)->0K(139904K) From: 0K(17472K)->0K(17472K)
[16.883s][info ][gc,heap        ] GC(818) Tenured: 3959K(349568K)->3959K(349568K)
[16.883s][info ][gc,metaspace   ] GC(818) Metaspace: 9888K(10176K)->9888K(10176K) NonClass: 8754K(8896K)->8754K(8896K) Class: 1134K(1280K)->1134K(1280K)
[16.883s][info ][gc             ] GC(818) Pause Young (Allocation Failure) 140M->3M(495M) 0.149ms
[16.883s][info ][gc,cpu         ] GC(818) User=0.00s Sys=0.00s Real=0.00s
[16.893s][info ][gc,start       ] GC(819) Pause Young (Allocation Failure)
[16.893s][debug][gc,age         ] GC(819) Desired survivor size 8945664 bytes, new threshold 15 (max threshold 15)
[16.893s][trace][gc,age         ] GC(819) Age table with threshold 15 (max threshold 15)
[16.893s][trace][gc,age         ] GC(819) - age   1:        192 bytes,        192 total
[16.893s][info ][gc,heap        ] GC(819) DefNew: 139904K(157376K)->0K(157376K) Eden: 139904K(139904K)->0K(139904K) From: 0K(17472K)->0K(17472K)
[16.893s][info ][gc,heap        ] GC(819) Tenured: 3959K(349568K)->3959K(349568K)
[16.893s][info ][gc,metaspace   ] GC(819) Metaspace: 9888K(10176K)->9888K(10176K) NonClass: 8754K(8896K)->8754K(8896K) Class: 1134K(1280K)->1134K(1280K)
[16.893s][info ][gc             ] GC(819) Pause Young (Allocation Failure) 140M->3M(495M) 0.158ms
[16.893s][info ][gc,cpu         ] GC(819) User=0.00s Sys=0.00s Real=0.00s
[16.903s][info ][gc,start       ] GC(820) Pause Young (Allocation Failure)
[16.903s][debug][gc,age         ] GC(820) Desired survivor size 8945664 bytes, new threshold 15 (max threshold 15)
[16.903s][trace][gc,age         ] GC(820) Age table with threshold 15 (max threshold 15)
[16.903s][trace][gc,age         ] GC(820) - age   1:        192 bytes,        192 total
[16.903s][info ][gc,heap        ] GC(820) DefNew: 139904K(157376K)->0K(157376K) Eden: 139904K(139904K)->0K(139904K) From: 0K(17472K)->0K(17472K)
[16.903s][info ][gc,heap        ] GC(820) Tenured: 3959K(349568K)->3959K(349568K)
[16.903s][info ][gc,metaspace   ] GC(820) Metaspace: 9888K(10176K)->9888K(10176K) NonClass: 8754K(8896K)->8754K(8896K) Class: 1134K(1280K)->1134K(1280K)
[16.903s][info ][gc             ] GC(820) Pause Young (Allocation Failure) 140M->3M(495M) 0.149ms
[16.903s][info ][gc,cpu         ] GC(820) User=0.00s Sys=0.00s Real=0.00s
[16.913s][info ][gc,start       ] GC(821) Pause Young (Allocation Failure)
[16.913s][debug][gc,age         ] GC(821) Desired survivor size 8945664 bytes, new threshold 15 (max threshold 15)
[16.913s][trace][gc,age         ] GC(821) Age table with threshold 15 (max threshold 15)
[16.913s][trace][gc,age         ] GC(821) - age   1:        192 bytes,        192 total
[16.913s][info ][gc,heap        ] GC(821) DefNew: 139904K(157376K)->0K(157376K) Eden: 139904K(139904K)->0K(139904K) From: 0K(17472K)->0K(17472K)
[16.913s][info ][gc,heap        ] GC(821) Tenured: 3959K(349568K)->3959K(349568K)
[16.913s][info ][gc,metaspace   ] GC(821) Metaspace: 9888K(10176K)->9888K(10176K) NonClass: 8754K(8896K)->8754K(8896K) Class: 1134K(1280K)->1134K(1280K)
[16.913s][info ][gc             ] GC(821) Pause Young (Allocation Failure) 140M->3M(495M) 0.146ms
[16.913s][info ][gc,cpu         ] GC(821) User=0.00s Sys=0.00s Real=0.00s
[16.923s][info ][gc,start       ] GC(822) Pause Young (Allocation Failure)
[16.923s][debug][gc,age         ] GC(822) Desired survivor size 8945664 bytes, new threshold 15 (max threshold 15)
[16.923s][trace][gc,age         ] GC(822) Age table with threshold 15 (max threshold 15)
[16.923s][trace][gc,age         ] GC(822) - age   1:        192 bytes,        192 total
[16.923s][info ][gc,heap        ] GC(822) DefNew: 139904K(157376K)->0K(157376K) Eden: 139904K(139904K)->0K(139904K) From: 0K(17472K)->0K(17472K)
[16.923s][info ][gc,heap        ] GC(822) Tenured: 3959K(349568K)->3959K(349568K)
[16.923s][info ][gc,metaspace   ] GC(822) Metaspace: 9888K(10176K)->9888K(10176K) NonClass: 8754K(8896K)->8754K(8896K) Class: 1134K(1280K)->1134K(1280K)
[16.923s][info ][gc             ] GC(822) Pause Young (Allocation Failure) 140M->3M(495M) 0.151ms
[16.923s][info ][gc,cpu         ] GC(822) User=0.00s Sys=0.00s Real=0.00s
[16.933s][info ][gc,start       ] GC(823) Pause Young (Allocation Failure)
[16.933s][debug][gc,age         ] GC(823) Desired survivor size 8945664 bytes, new threshold 15 (max threshold 15)
[16.933s][trace][gc,age         ] GC(823) Age table with threshold 15 (max threshold 15)
[16.933s][trace][gc,age         ] GC(823) - age   1:        192 bytes,        192 total
[16.933s][info ][gc,heap        ] GC(823) DefNew: 139904K(157376K)->0K(157376K) Eden: 139904K(139904K)->0K(139904K) From: 0K(17472K)->0K(17472K)
[16.933s][info ][gc,heap        ] GC(823) Tenured: 3959K(349568K)->3959K(349568K)
[16.933s][info ][gc,metaspace   ] GC(823) Metaspace: 9888K(10176K)->9888K(10176K) NonClass: 8754K(8896K)->8754K(8896K) Class: 1134K(1280K)->1134K(1280K)
[16.933s][info ][gc             ] GC(823) Pause Young (Allocation Failure) 140M->3M(495M) 0.148ms
[16.933s][info ][gc,cpu         ] GC(823) User=0.00s Sys=0.00s Real=0.00s
[16.943s][info ][gc,start       ] GC(824) Pause Young (Allocation Failure)
[16.944s][debug][gc,age         ] GC(824) Desired survivor size 8945664 bytes, new threshold 15 (max threshold 15)
[16.944s][trace][gc,age         ] GC(824) Age table with threshold 15 (max threshold 15)
[16.944s][trace][gc,age         ] GC(824) - age   1:        192 bytes,        192 total
[16.944s][info ][gc,heap        ] GC(824) DefNew: 139904K(157376K)->0K(157376K) Eden: 139904K(139904K)->0K(139904K) From: 0K(17472K)->0K(17472K)
[16.944s][info ][gc,heap        ] GC(824) Tenured: 3959K(349568K)->3959K(349568K)
[16.944s][info ][gc,metaspace   ] GC(824) Metaspace: 9888K(10176K)->9888K(10176K) NonClass: 8754K(8896K)->8754K(8896K) Class: 1134K(1280K)->1134K(1280K)
[16.944s][info ][gc             ] GC(824) Pause Young (Allocation Failure) 140M->3M(495M) 0.147ms
[16.944s][info ][gc,cpu         ] GC(824) User=0.00s Sys=0.00s Real=0.00s
[16.954s][info ][gc,start       ] GC(825) Pause Young (Allocation Failure)
[16.954s][debug][gc,age         ] GC(825) Desired survivor size 8945664 bytes, new threshold 15 (max threshold 15)
[16.954s][trace][gc,age         ] GC(825) Age table with threshold 15 (max threshold 15)
[16.954s][trace][gc,age         ] GC(825) - age   1:        192 bytes,        192 total
[16.954s][info ][gc,heap        ] GC(825) DefNew: 139904K(157376K)->0K(157376K) Eden: 139904K(139904K)->0K(139904K) From: 0K(17472K)->0K(17472K)
[16.954s][info ][gc,heap        ] GC(825) Tenured: 3959K(349568K)->3959K(349568K)
[16.954s][info ][gc,metaspace   ] GC(825) Metaspace: 9888K(10176K)->9888K(10176K) NonClass: 8754K(8896K)->8754K(8896K) Class: 1134K(1280K)->1134K(1280K)
[16.954s][info ][gc             ] GC(825) Pause Young (Allocation Failure) 140M->3M(495M) 0.148ms
[16.954s][info ][gc,cpu         ] GC(825) User=0.00s Sys=0.00s Real=0.00s
[16.964s][info ][gc,start       ] GC(826) Pause Young (Allocation Failure)
[16.964s][debug][gc,age         ] GC(826) Desired survivor size 8945664 bytes, new threshold 15 (max threshold 15)
[16.964s][trace][gc,age         ] GC(826) Age table with threshold 15 (max threshold 15)
[16.964s][trace][gc,age         ] GC(826) - age   1:        192 bytes,        192 total
[16.964s][info ][gc,heap        ] GC(826) DefNew: 139904K(157376K)->0K(157376K) Eden: 139904K(139904K)->0K(139904K) From: 0K(17472K)->0K(17472K)
[16.964s][info ][gc,heap        ] GC(826) Tenured: 3959K(349568K)->3959K(349568K)
[16.964s][info ][gc,metaspace   ] GC(826) Metaspace: 9888K(10176K)->9888K(10176K) NonClass: 8754K(8896K)->8754K(8896K) Class: 1134K(1280K)->1134K(1280K)
[16.964s][info ][gc             ] GC(826) Pause Young (Allocation Failure) 140M->3M(495M) 0.147ms
[16.964s][info ][gc,cpu         ] GC(826) User=0.00s Sys=0.00s Real=0.00s
[16.974s][info ][gc,start       ] GC(827) Pause Young (Allocation Failure)
[16.974s][debug][gc,age         ] GC(827) Desired survivor size 8945664 bytes, new threshold 15 (max threshold 15)
[16.974s][trace][gc,age         ] GC(827) Age table with threshold 15 (max threshold 15)
[16.974s][trace][gc,age         ] GC(827) - age   1:        192 bytes,        192 total
[16.974s][info ][gc,heap        ] GC(827) DefNew: 139904K(157376K)->0K(157376K) Eden: 139904K(139904K)->0K(139904K) From: 0K(17472K)->0K(17472K)
[16.974s][info ][gc,heap        ] GC(827) Tenured: 3959K(349568K)->3959K(349568K)
[16.974s][info ][gc,metaspace   ] GC(827) Metaspace: 9888K(10176K)->9888K(10176K) NonClass: 8754K(8896K)->8754K(8896K) Class: 1134K(1280K)->1134K(1280K)
[16.974s][info ][gc             ] GC(827) Pause Young (Allocation Failure) 140M->3M(495M) 0.150ms
[16.974s][info ][gc,cpu         ] GC(827) User=0.00s Sys=0.00s Real=0.00s
[16.984s][info ][gc,start       ] GC(828) Pause Young (Allocation Failure)
[16.984s][debug][gc,age         ] GC(828) Desired survivor size 8945664 bytes, new threshold 15 (max threshold 15)
[16.984s][trace][gc,age         ] GC(828) Age table with threshold 15 (max threshold 15)
[16.984s][trace][gc,age         ] GC(828) - age   1:        192 bytes,        192 total
[16.984s][info ][gc,heap        ] GC(828) DefNew: 139904K(157376K)->0K(157376K) Eden: 139904K(139904K)->0K(139904K) From: 0K(17472K)->0K(17472K)
[16.984s][info ][gc,heap        ] GC(828) Tenured: 3959K(349568K)->3959K(349568K)
[16.984s][info ][gc,metaspace   ] GC(828) Metaspace: 9888K(10176K)->9888K(10176K) NonClass: 8754K(8896K)->8754K(8896K) Class: 1134K(1280K)->1134K(1280K)
[16.984s][info ][gc             ] GC(828) Pause Young (Allocation Failure) 140M->3M(495M) 0.147ms
[16.984s][info ][gc,cpu         ] GC(828) User=0.00s Sys=0.00s Real=0.00s
[16.994s][info ][gc,start       ] GC(829) Pause Young (Allocation Failure)
[16.994s][debug][gc,age         ] GC(829) Desired survivor size 8945664 bytes, new threshold 15 (max threshold 15)
[16.994s][trace][gc,age         ] GC(829) Age table with threshold 15 (max threshold 15)
[16.994s][trace][gc,age         ] GC(829) - age   1:        192 bytes,        192 total
[16.994s][info ][gc,heap        ] GC(829) DefNew: 139904K(157376K)->0K(157376K) Eden: 139904K(139904K)->0K(139904K) From: 0K(17472K)->0K(17472K)
[16.994s][info ][gc,heap        ] GC(829) Tenured: 3959K(349568K)->3959K(349568K)
[16.994s][info ][gc,metaspace   ] GC(829) Metaspace: 9888K(10176K)->9888K(10176K) NonClass: 8754K(8896K)->8754K(8896K) Class: 1134K(1280K)->1134K(1280K)
[16.994s][info ][gc             ] GC(829) Pause Young (Allocation Failure) 140M->3M(495M) 0.145ms
[16.994s][info ][gc,cpu         ] GC(829) User=0.00s Sys=0.00s Real=0.00s
[17.004s][info ][gc,start       ] GC(830) Pause Young (Allocation Failure)
[17.005s][debug][gc,age         ] GC(830) Desired survivor size 8945664 bytes, new threshold 15 (max threshold 15)
[17.005s][trace][gc,age         ] GC(830) Age table with threshold 15 (max threshold 15)
[17.005s][trace][gc,age         ] GC(830) - age   1:        192 bytes,        192 total
[17.005s][info ][gc,heap        ] GC(830) DefNew: 139904K(157376K)->0K(157376K) Eden: 139904K(139904K)->0K(139904K) From: 0K(17472K)->0K(17472K)
[17.005s][info ][gc,heap        ] GC(830) Tenured: 3959K(349568K)->3959K(349568K)
[17.005s][info ][gc,metaspace   ] GC(830) Metaspace: 9888K(10176K)->9888K(10176K) NonClass: 8754K(8896K)->8754K(8896K) Class: 1134K(1280K)->1134K(1280K)
[17.005s][info ][gc             ] GC(830) Pause Young (Allocation Failure) 140M->3M(495M) 0.150ms
[17.005s][info ][gc,cpu         ] GC(830) User=0.00s Sys=0.00s Real=0.00s
[17.015s][info ][gc,start       ] GC(831) Pause Young (Allocation Failure)
[17.015s][debug][gc,age         ] GC(831) Desired survivor size 8945664 bytes, new threshold 15 (max threshold 15)
[17.015s][trace][gc,age         ] GC(831) Age table with threshold 15 (max threshold 15)
[17.015s][trace][gc,age         ] GC(831) - age   1:        192 bytes,        192 total
[17.015s][info ][gc,heap        ] GC(831) DefNew: 139904K(157376K)->0K(157376K) Eden: 139904K(139904K)->0K(139904K) From: 0K(17472K)->0K(17472K)
[17.015s][info ][gc,heap        ] GC(831) Tenured: 3959K(349568K)->3959K(349568K)
[17.015s][info ][gc,metaspace   ] GC(831) Metaspace: 9888K(10176K)->9888K(10176K) NonClass: 8754K(8896K)->8754K(8896K) Class: 1134K(1280K)->1134K(1280K)
[17.015s][info ][gc             ] GC(831) Pause Young (Allocation Failure) 140M->3M(495M) 0.149ms
[17.015s][info ][gc,cpu         ] GC(831) User=0.00s Sys=0.00s Real=0.00s
[17.025s][info ][gc,start       ] GC(832) Pause Young (Allocation Failure)
[17.025s][debug][gc,age         ] GC(832) Desired survivor size 8945664 bytes, new threshold 15 (max threshold 15)
[17.025s][trace][gc,age         ] GC(832) Age table with threshold 15 (max threshold 15)
[17.025s][trace][gc,age         ] GC(832) - age   1:        192 bytes,        192 total
[17.025s][info ][gc,heap        ] GC(832) DefNew: 139904K(157376K)->0K(157376K) Eden: 139904K(139904K)->0K(139904K) From: 0K(17472K)->0K(17472K)
[17.025s][info ][gc,heap        ] GC(832) Tenured: 3959K(349568K)->3959K(349568K)
[17.025s][info ][gc,metaspace   ] GC(832) Metaspace: 9888K(10176K)->9888K(10176K) NonClass: 8754K(8896K)->8754K(8896K) Class: 1134K(1280K)->1134K(1280K)
[17.025s][info ][gc             ] GC(832) Pause Young (Allocation Failure) 140M->3M(495M) 0.147ms
[17.025s][info ][gc,cpu         ] GC(832) User=0.00s Sys=0.00s Real=0.00s
[17.035s][info ][gc,start       ] GC(833) Pause Young (Allocation Failure)
[17.035s][debug][gc,age         ] GC(833) Desired survivor size 8945664 bytes, new threshold 15 (max threshold 15)
[17.035s][trace][gc,age         ] GC(833) Age table with threshold 15 (max threshold 15)
[17.035s][trace][gc,age         ] GC(833) - age   1:        192 bytes,        192 total
[17.035s][info ][gc,heap        ] GC(833) DefNew: 139904K(157376K)->0K(157376K) Eden: 139904K(139904K)->0K(139904K) From: 0K(17472K)->0K(17472K)
[17.035s][info ][gc,heap        ] GC(833) Tenured: 3959K(349568K)->3959K(349568K)
[17.035s][info ][gc,metaspace   ] GC(833) Metaspace: 9888K(10176K)->9888K(10176K) NonClass: 8754K(8896K)->8754K(8896K) Class: 1134K(1280K)->1134K(1280K)
[17.035s][info ][gc             ] GC(833) Pause Young (Allocation Failure) 140M->3M(495M) 0.150ms
[17.035s][info ][gc,cpu         ] GC(833) User=0.00s Sys=0.00s Real=0.00s
[17.045s][info ][gc,start       ] GC(834) Pause Young (Allocation Failure)
[17.045s][debug][gc,age         ] GC(834) Desired survivor size 8945664 bytes, new threshold 15 (max threshold 15)
[17.045s][trace][gc,age         ] GC(834) Age table with threshold 15 (max threshold 15)
[17.045s][trace][gc,age         ] GC(834) - age   1:        192 bytes,        192 total
[17.045s][info ][gc,heap        ] GC(834) DefNew: 139904K(157376K)->0K(157376K) Eden: 139904K(139904K)->0K(139904K) From: 0K(17472K)->0K(17472K)
[17.045s][info ][gc,heap        ] GC(834) Tenured: 3959K(349568K)->3959K(349568K)
[17.045s][info ][gc,metaspace   ] GC(834) Metaspace: 9888K(10176K)->9888K(10176K) NonClass: 8754K(8896K)->8754K(8896K) Class: 1134K(1280K)->1134K(1280K)
[17.045s][info ][gc             ] GC(834) Pause Young (Allocation Failure) 140M->3M(495M) 0.163ms
[17.045s][info ][gc,cpu         ] GC(834) User=0.00s Sys=0.00s Real=0.00s
[17.055s][info ][gc,start       ] GC(835) Pause Young (Allocation Failure)
[17.055s][debug][gc,age         ] GC(835) Desired survivor size 8945664 bytes, new threshold 15 (max threshold 15)
[17.055s][trace][gc,age         ] GC(835) Age table with threshold 15 (max threshold 15)
[17.055s][trace][gc,age         ] GC(835) - age   1:        192 bytes,        192 total
[17.055s][info ][gc,heap        ] GC(835) DefNew: 139904K(157376K)->0K(157376K) Eden: 139904K(139904K)->0K(139904K) From: 0K(17472K)->0K(17472K)
[17.055s][info ][gc,heap        ] GC(835) Tenured: 3959K(349568K)->3959K(349568K)
[17.055s][info ][gc,metaspace   ] GC(835) Metaspace: 9888K(10176K)->9888K(10176K) NonClass: 8754K(8896K)->8754K(8896K) Class: 1134K(1280K)->1134K(1280K)
[17.056s][info ][gc             ] GC(835) Pause Young (Allocation Failure) 140M->3M(495M) 0.149ms
[17.056s][info ][gc,cpu         ] GC(835) User=0.00s Sys=0.00s Real=0.00s
[17.066s][info ][gc,start       ] GC(836) Pause Young (Allocation Failure)
[17.066s][debug][gc,age         ] GC(836) Desired survivor size 8945664 bytes, new threshold 15 (max threshold 15)
[17.066s][trace][gc,age         ] GC(836) Age table with threshold 15 (max threshold 15)
[17.066s][trace][gc,age         ] GC(836) - age   1:        192 bytes,        192 total
[17.066s][info ][gc,heap        ] GC(836) DefNew: 139904K(157376K)->0K(157376K) Eden: 139904K(139904K)->0K(139904K) From: 0K(17472K)->0K(17472K)
[17.066s][info ][gc,heap        ] GC(836) Tenured: 3959K(349568K)->3959K(349568K)
[17.066s][info ][gc,metaspace   ] GC(836) Metaspace: 9888K(10176K)->9888K(10176K) NonClass: 8754K(8896K)->8754K(8896K) Class: 1134K(1280K)->1134K(1280K)
[17.066s][info ][gc             ] GC(836) Pause Young (Allocation Failure) 140M->3M(495M) 0.164ms
[17.066s][info ][gc,cpu         ] GC(836) User=0.00s Sys=0.00s Real=0.00s
[17.076s][info ][gc,start       ] GC(837) Pause Young (Allocation Failure)
[17.076s][debug][gc,age         ] GC(837) Desired survivor size 8945664 bytes, new threshold 15 (max threshold 15)
[17.076s][trace][gc,age         ] GC(837) Age table with threshold 15 (max threshold 15)
[17.076s][trace][gc,age         ] GC(837) - age   1:        192 bytes,        192 total
[17.076s][info ][gc,heap        ] GC(837) DefNew: 139904K(157376K)->0K(157376K) Eden: 139904K(139904K)->0K(139904K) From: 0K(17472K)->0K(17472K)
[17.076s][info ][gc,heap        ] GC(837) Tenured: 3959K(349568K)->3959K(349568K)
[17.076s][info ][gc,metaspace   ] GC(837) Metaspace: 9888K(10176K)->9888K(10176K) NonClass: 8754K(8896K)->8754K(8896K) Class: 1134K(1280K)->1134K(1280K)
[17.076s][info ][gc             ] GC(837) Pause Young (Allocation Failure) 140M->3M(495M) 0.157ms
[17.076s][info ][gc,cpu         ] GC(837) User=0.00s Sys=0.00s Real=0.00s
[17.086s][info ][gc,start       ] GC(838) Pause Young (Allocation Failure)
[17.086s][debug][gc,age         ] GC(838) Desired survivor size 8945664 bytes, new threshold 15 (max threshold 15)
[17.086s][trace][gc,age         ] GC(838) Age table with threshold 15 (max threshold 15)
[17.086s][trace][gc,age         ] GC(838) - age   1:         80 bytes,         80 total
[17.086s][info ][gc,heap        ] GC(838) DefNew: 139904K(157376K)->0K(157376K) Eden: 139904K(139904K)->0K(139904K) From: 0K(17472K)->0K(17472K)
[17.086s][info ][gc,heap        ] GC(838) Tenured: 3959K(349568K)->3959K(349568K)
[17.086s][info ][gc,metaspace   ] GC(838) Metaspace: 9888K(10176K)->9888K(10176K) NonClass: 8754K(8896K)->8754K(8896K) Class: 1134K(1280K)->1134K(1280K)
[17.086s][info ][gc             ] GC(838) Pause Young (Allocation Failure) 140M->3M(495M) 0.144ms
[17.086s][info ][gc,cpu         ] GC(838) User=0.00s Sys=0.00s Real=0.00s
[17.096s][info ][gc,start       ] GC(839) Pause Young (Allocation Failure)
[17.097s][debug][gc,age         ] GC(839) Desired survivor size 8945664 bytes, new threshold 15 (max threshold 15)
[17.097s][trace][gc,age         ] GC(839) Age table with threshold 15 (max threshold 15)
[17.097s][trace][gc,age         ] GC(839) - age   1:     400208 bytes,     400208 total
[17.097s][info ][gc,heap        ] GC(839) DefNew: 139814K(157376K)->390K(157376K) Eden: 139814K(139904K)->0K(139904K) From: 0K(17472K)->390K(17472K)
[17.097s][info ][gc,heap        ] GC(839) Tenured: 3959K(349568K)->3959K(349568K)
[17.097s][info ][gc,metaspace   ] GC(839) Metaspace: 9888K(10176K)->9888K(10176K) NonClass: 8754K(8896K)->8754K(8896K) Class: 1134K(1280K)->1134K(1280K)
[17.097s][info ][gc             ] GC(839) Pause Young (Allocation Failure) 140M->4M(495M) 0.163ms
[17.097s][info ][gc,cpu         ] GC(839) User=0.00s Sys=0.00s Real=0.00s
[17.107s][info ][gc,start       ] GC(840) Pause Young (Allocation Failure)
[17.107s][debug][gc,age         ] GC(840) Desired survivor size 8945664 bytes, new threshold 15 (max threshold 15)
[17.107s][trace][gc,age         ] GC(840) Age table with threshold 15 (max threshold 15)
[17.107s][trace][gc,age         ] GC(840) - age   1:        192 bytes,        192 total
[17.107s][info ][gc,heap        ] GC(840) DefNew: 140258K(157376K)->0K(157376K) Eden: 139867K(139904K)->0K(139904K) From: 390K(17472K)->0K(17472K)
[17.107s][info ][gc,heap        ] GC(840) Tenured: 3959K(349568K)->3959K(349568K)
[17.107s][info ][gc,metaspace   ] GC(840) Metaspace: 9888K(10176K)->9888K(10176K) NonClass: 8754K(8896K)->8754K(8896K) Class: 1134K(1280K)->1134K(1280K)
[17.107s][info ][gc             ] GC(840) Pause Young (Allocation Failure) 140M->3M(495M) 0.157ms
[17.107s][info ][gc,cpu         ] GC(840) User=0.00s Sys=0.00s Real=0.00s
[17.117s][info ][gc,start       ] GC(841) Pause Young (Allocation Failure)
[17.117s][debug][gc,age         ] GC(841) Desired survivor size 8945664 bytes, new threshold 15 (max threshold 15)
[17.117s][trace][gc,age         ] GC(841) Age table with threshold 15 (max threshold 15)
[17.117s][trace][gc,age         ] GC(841) - age   1:     400208 bytes,     400208 total
[17.117s][info ][gc,heap        ] GC(841) DefNew: 139799K(157376K)->390K(157376K) Eden: 139798K(139904K)->0K(139904K) From: 0K(17472K)->390K(17472K)
[17.117s][info ][gc,heap        ] GC(841) Tenured: 3959K(349568K)->3959K(349568K)
[17.117s][info ][gc,metaspace   ] GC(841) Metaspace: 9888K(10176K)->9888K(10176K) NonClass: 8754K(8896K)->8754K(8896K) Class: 1134K(1280K)->1134K(1280K)
[17.117s][info ][gc             ] GC(841) Pause Young (Allocation Failure) 140M->4M(495M) 0.175ms
[17.117s][info ][gc,cpu         ] GC(841) User=0.00s Sys=0.00s Real=0.00s
[17.127s][info ][gc,start       ] GC(842) Pause Young (Allocation Failure)
[17.128s][debug][gc,age         ] GC(842) Desired survivor size 8945664 bytes, new threshold 15 (max threshold 15)
[17.128s][trace][gc,age         ] GC(842) Age table with threshold 15 (max threshold 15)
[17.128s][trace][gc,age         ] GC(842) - age   1:     400208 bytes,     400208 total
[17.128s][info ][gc,heap        ] GC(842) DefNew: 140294K(157376K)->390K(157376K) Eden: 139904K(139904K)->0K(139904K) From: 390K(17472K)->390K(17472K)
[17.128s][info ][gc,heap        ] GC(842) Tenured: 3959K(349568K)->3959K(349568K)
[17.128s][info ][gc,metaspace   ] GC(842) Metaspace: 9888K(10176K)->9888K(10176K) NonClass: 8754K(8896K)->8754K(8896K) Class: 1134K(1280K)->1134K(1280K)
[17.128s][info ][gc             ] GC(842) Pause Young (Allocation Failure) 140M->4M(495M) 0.161ms
[17.128s][info ][gc,cpu         ] GC(842) User=0.00s Sys=0.00s Real=0.00s
[17.138s][info ][gc,start       ] GC(843) Pause Young (Allocation Failure)
[17.138s][debug][gc,age         ] GC(843) Desired survivor size 8945664 bytes, new threshold 15 (max threshold 15)
[17.138s][trace][gc,age         ] GC(843) Age table with threshold 15 (max threshold 15)
[17.138s][trace][gc,age         ] GC(843) - age   1:        192 bytes,        192 total
[17.138s][info ][gc,heap        ] GC(843) DefNew: 140173K(157376K)->0K(157376K) Eden: 139783K(139904K)->0K(139904K) From: 390K(17472K)->0K(17472K)
[17.138s][info ][gc,heap        ] GC(843) Tenured: 3959K(349568K)->3959K(349568K)
[17.138s][info ][gc,metaspace   ] GC(843) Metaspace: 9888K(10176K)->9888K(10176K) NonClass: 8754K(8896K)->8754K(8896K) Class: 1134K(1280K)->1134K(1280K)
[17.138s][info ][gc             ] GC(843) Pause Young (Allocation Failure) 140M->3M(495M) 0.153ms
[17.138s][info ][gc,cpu         ] GC(843) User=0.00s Sys=0.00s Real=0.00s
[17.148s][info ][gc,start       ] GC(844) Pause Young (Allocation Failure)
[17.148s][debug][gc,age         ] GC(844) Desired survivor size 8945664 bytes, new threshold 15 (max threshold 15)
[17.148s][trace][gc,age         ] GC(844) Age table with threshold 15 (max threshold 15)
[17.148s][trace][gc,age         ] GC(844) - age   1:     400208 bytes,     400208 total
[17.148s][info ][gc,heap        ] GC(844) DefNew: 139718K(157376K)->390K(157376K) Eden: 139717K(139904K)->0K(139904K) From: 0K(17472K)->390K(17472K)
[17.148s][info ][gc,heap        ] GC(844) Tenured: 3959K(349568K)->3959K(349568K)
[17.148s][info ][gc,metaspace   ] GC(844) Metaspace: 9888K(10176K)->9888K(10176K) NonClass: 8754K(8896K)->8754K(8896K) Class: 1134K(1280K)->1134K(1280K)
[17.148s][info ][gc             ] GC(844) Pause Young (Allocation Failure) 140M->4M(495M) 0.170ms
[17.148s][info ][gc,cpu         ] GC(844) User=0.00s Sys=0.00s Real=0.00s
[17.159s][info ][gc,start       ] GC(845) Pause Young (Allocation Failure)
[17.159s][debug][gc,age         ] GC(845) Desired survivor size 8945664 bytes, new threshold 15 (max threshold 15)
[17.159s][trace][gc,age         ] GC(845) Age table with threshold 15 (max threshold 15)
[17.159s][trace][gc,age         ] GC(845) - age   1:        192 bytes,        192 total
[17.159s][info ][gc,heap        ] GC(845) DefNew: 140176K(157376K)->0K(157376K) Eden: 139785K(139904K)->0K(139904K) From: 390K(17472K)->0K(17472K)
[17.159s][info ][gc,heap        ] GC(845) Tenured: 3959K(349568K)->3959K(349568K)
[17.159s][info ][gc,metaspace   ] GC(845) Metaspace: 9888K(10176K)->9888K(10176K) NonClass: 8754K(8896K)->8754K(8896K) Class: 1134K(1280K)->1134K(1280K)
[17.159s][info ][gc             ] GC(845) Pause Young (Allocation Failure) 140M->3M(495M) 0.151ms
[17.159s][info ][gc,cpu         ] GC(845) User=0.00s Sys=0.00s Real=0.00s
[17.169s][info ][gc,start       ] GC(846) Pause Young (Allocation Failure)
[17.169s][debug][gc,age         ] GC(846) Desired survivor size 8945664 bytes, new threshold 15 (max threshold 15)
[17.169s][trace][gc,age         ] GC(846) Age table with threshold 15 (max threshold 15)
[17.169s][trace][gc,age         ] GC(846) - age   1:     400208 bytes,     400208 total
[17.169s][info ][gc,heap        ] GC(846) DefNew: 139829K(157376K)->390K(157376K) Eden: 139828K(139904K)->0K(139904K) From: 0K(17472K)->390K(17472K)
[17.169s][info ][gc,heap        ] GC(846) Tenured: 3959K(349568K)->3959K(349568K)
[17.169s][info ][gc,metaspace   ] GC(846) Metaspace: 9888K(10176K)->9888K(10176K) NonClass: 8754K(8896K)->8754K(8896K) Class: 1134K(1280K)->1134K(1280K)
[17.169s][info ][gc             ] GC(846) Pause Young (Allocation Failure) 140M->4M(495M) 0.163ms
[17.169s][info ][gc,cpu         ] GC(846) User=0.00s Sys=0.00s Real=0.00s
[17.179s][info ][gc,start       ] GC(847) Pause Young (Allocation Failure)
[17.179s][debug][gc,age         ] GC(847) Desired survivor size 8945664 bytes, new threshold 15 (max threshold 15)
[17.179s][trace][gc,age         ] GC(847) Age table with threshold 15 (max threshold 15)
[17.179s][trace][gc,age         ] GC(847) - age   1:        192 bytes,        192 total
[17.179s][info ][gc,heap        ] GC(847) DefNew: 140294K(157376K)->0K(157376K) Eden: 139904K(139904K)->0K(139904K) From: 390K(17472K)->0K(17472K)
[17.179s][info ][gc,heap        ] GC(847) Tenured: 3959K(349568K)->3959K(349568K)
[17.179s][info ][gc,metaspace   ] GC(847) Metaspace: 9888K(10176K)->9888K(10176K) NonClass: 8754K(8896K)->8754K(8896K) Class: 1134K(1280K)->1134K(1280K)
[17.179s][info ][gc             ] GC(847) Pause Young (Allocation Failure) 140M->3M(495M) 0.150ms
[17.179s][info ][gc,cpu         ] GC(847) User=0.00s Sys=0.00s Real=0.00s
[17.189s][info ][gc,start       ] GC(848) Pause Young (Allocation Failure)
[17.190s][debug][gc,age         ] GC(848) Desired survivor size 8945664 bytes, new threshold 15 (max threshold 15)
[17.190s][trace][gc,age         ] GC(848) Age table with threshold 15 (max threshold 15)
[17.190s][trace][gc,age         ] GC(848) - age   1:        192 bytes,        192 total
[17.190s][info ][gc,heap        ] GC(848) DefNew: 139904K(157376K)->0K(157376K) Eden: 139904K(139904K)->0K(139904K) From: 0K(17472K)->0K(17472K)
[17.190s][info ][gc,heap        ] GC(848) Tenured: 3959K(349568K)->3959K(349568K)
[17.190s][info ][gc,metaspace   ] GC(848) Metaspace: 9888K(10176K)->9888K(10176K) NonClass: 8754K(8896K)->8754K(8896K) Class: 1134K(1280K)->1134K(1280K)
[17.190s][info ][gc             ] GC(848) Pause Young (Allocation Failure) 140M->3M(495M) 0.150ms
[17.190s][info ][gc,cpu         ] GC(848) User=0.00s Sys=0.00s Real=0.00s
[17.200s][info ][gc,start       ] GC(849) Pause Young (Allocation Failure)
[17.200s][debug][gc,age         ] GC(849) Desired survivor size 8945664 bytes, new threshold 15 (max threshold 15)
[17.200s][trace][gc,age         ] GC(849) Age table with threshold 15 (max threshold 15)
[17.200s][trace][gc,age         ] GC(849) - age   1:     400208 bytes,     400208 total
[17.200s][info ][gc,heap        ] GC(849) DefNew: 139904K(157376K)->390K(157376K) Eden: 139904K(139904K)->0K(139904K) From: 0K(17472K)->390K(17472K)
[17.200s][info ][gc,heap        ] GC(849) Tenured: 3959K(349568K)->3959K(349568K)
[17.200s][info ][gc,metaspace   ] GC(849) Metaspace: 9888K(10176K)->9888K(10176K) NonClass: 8754K(8896K)->8754K(8896K) Class: 1134K(1280K)->1134K(1280K)
[17.200s][info ][gc             ] GC(849) Pause Young (Allocation Failure) 140M->4M(495M) 0.165ms
[17.200s][info ][gc,cpu         ] GC(849) User=0.00s Sys=0.00s Real=0.00s
[17.210s][info ][gc,start       ] GC(850) Pause Young (Allocation Failure)
[17.210s][debug][gc,age         ] GC(850) Desired survivor size 8945664 bytes, new threshold 15 (max threshold 15)
[17.210s][trace][gc,age         ] GC(850) Age table with threshold 15 (max threshold 15)
[17.210s][trace][gc,age         ] GC(850) - age   1:        192 bytes,        192 total
[17.210s][info ][gc,heap        ] GC(850) DefNew: 140294K(157376K)->0K(157376K) Eden: 139904K(139904K)->0K(139904K) From: 390K(17472K)->0K(17472K)
[17.210s][info ][gc,heap        ] GC(850) Tenured: 3959K(349568K)->3959K(349568K)
[17.210s][info ][gc,metaspace   ] GC(850) Metaspace: 9888K(10176K)->9888K(10176K) NonClass: 8754K(8896K)->8754K(8896K) Class: 1134K(1280K)->1134K(1280K)
[17.210s][info ][gc             ] GC(850) Pause Young (Allocation Failure) 140M->3M(495M) 0.149ms
[17.210s][info ][gc,cpu         ] GC(850) User=0.00s Sys=0.00s Real=0.00s
[17.220s][info ][gc,start       ] GC(851) Pause Young (Allocation Failure)
[17.220s][debug][gc,age         ] GC(851) Desired survivor size 8945664 bytes, new threshold 15 (max threshold 15)
[17.220s][trace][gc,age         ] GC(851) Age table with threshold 15 (max threshold 15)
[17.220s][trace][gc,age         ] GC(851) - age   1:        192 bytes,        192 total
[17.220s][info ][gc,heap        ] GC(851) DefNew: 139904K(157376K)->0K(157376K) Eden: 139904K(139904K)->0K(139904K) From: 0K(17472K)->0K(17472K)
[17.220s][info ][gc,heap        ] GC(851) Tenured: 3959K(349568K)->3959K(349568K)
[17.220s][info ][gc,metaspace   ] GC(851) Metaspace: 9888K(10176K)->9888K(10176K) NonClass: 8754K(8896K)->8754K(8896K) Class: 1134K(1280K)->1134K(1280K)
[17.220s][info ][gc             ] GC(851) Pause Young (Allocation Failure) 140M->3M(495M) 0.149ms
[17.220s][info ][gc,cpu         ] GC(851) User=0.01s Sys=0.00s Real=0.01s
[17.230s][info ][gc,start       ] GC(852) Pause Young (Allocation Failure)
[17.230s][debug][gc,age         ] GC(852) Desired survivor size 8945664 bytes, new threshold 15 (max threshold 15)
[17.230s][trace][gc,age         ] GC(852) Age table with threshold 15 (max threshold 15)
[17.230s][trace][gc,age         ] GC(852) - age   1:        192 bytes,        192 total
[17.230s][info ][gc,heap        ] GC(852) DefNew: 139904K(157376K)->0K(157376K) Eden: 139904K(139904K)->0K(139904K) From: 0K(17472K)->0K(17472K)
[17.230s][info ][gc,heap        ] GC(852) Tenured: 3959K(349568K)->3959K(349568K)
[17.230s][info ][gc,metaspace   ] GC(852) Metaspace: 9888K(10176K)->9888K(10176K) NonClass: 8754K(8896K)->8754K(8896K) Class: 1134K(1280K)->1134K(1280K)
[17.230s][info ][gc             ] GC(852) Pause Young (Allocation Failure) 140M->3M(495M) 0.148ms
[17.230s][info ][gc,cpu         ] GC(852) User=0.00s Sys=0.00s Real=0.00s
[17.240s][info ][gc,start       ] GC(853) Pause Young (Allocation Failure)
[17.240s][debug][gc,age         ] GC(853) Desired survivor size 8945664 bytes, new threshold 15 (max threshold 15)
[17.240s][trace][gc,age         ] GC(853) Age table with threshold 15 (max threshold 15)
[17.240s][trace][gc,age         ] GC(853) - age   1:        192 bytes,        192 total
[17.240s][info ][gc,heap        ] GC(853) DefNew: 139904K(157376K)->0K(157376K) Eden: 139904K(139904K)->0K(139904K) From: 0K(17472K)->0K(17472K)
[17.240s][info ][gc,heap        ] GC(853) Tenured: 3959K(349568K)->3959K(349568K)
[17.240s][info ][gc,metaspace   ] GC(853) Metaspace: 9888K(10176K)->9888K(10176K) NonClass: 8754K(8896K)->8754K(8896K) Class: 1134K(1280K)->1134K(1280K)
[17.241s][info ][gc             ] GC(853) Pause Young (Allocation Failure) 140M->3M(495M) 0.155ms
[17.241s][info ][gc,cpu         ] GC(853) User=0.00s Sys=0.00s Real=0.00s
[17.251s][info ][gc,start       ] GC(854) Pause Young (Allocation Failure)
[17.251s][debug][gc,age         ] GC(854) Desired survivor size 8945664 bytes, new threshold 15 (max threshold 15)
[17.251s][trace][gc,age         ] GC(854) Age table with threshold 15 (max threshold 15)
[17.251s][trace][gc,age         ] GC(854) - age   1:        192 bytes,        192 total
[17.251s][info ][gc,heap        ] GC(854) DefNew: 139904K(157376K)->0K(157376K) Eden: 139904K(139904K)->0K(139904K) From: 0K(17472K)->0K(17472K)
[17.251s][info ][gc,heap        ] GC(854) Tenured: 3959K(349568K)->3959K(349568K)
[17.251s][info ][gc,metaspace   ] GC(854) Metaspace: 9888K(10176K)->9888K(10176K) NonClass: 8754K(8896K)->8754K(8896K) Class: 1134K(1280K)->1134K(1280K)
[17.251s][info ][gc             ] GC(854) Pause Young (Allocation Failure) 140M->3M(495M) 0.157ms
[17.251s][info ][gc,cpu         ] GC(854) User=0.00s Sys=0.00s Real=0.00s
[17.261s][info ][gc,start       ] GC(855) Pause Young (Allocation Failure)
[17.261s][debug][gc,age         ] GC(855) Desired survivor size 8945664 bytes, new threshold 15 (max threshold 15)
[17.261s][trace][gc,age         ] GC(855) Age table with threshold 15 (max threshold 15)
[17.261s][trace][gc,age         ] GC(855) - age   1:        192 bytes,        192 total
[17.261s][info ][gc,heap        ] GC(855) DefNew: 139904K(157376K)->0K(157376K) Eden: 139904K(139904K)->0K(139904K) From: 0K(17472K)->0K(17472K)
[17.261s][info ][gc,heap        ] GC(855) Tenured: 3959K(349568K)->3959K(349568K)
[17.261s][info ][gc,metaspace   ] GC(855) Metaspace: 9888K(10176K)->9888K(10176K) NonClass: 8754K(8896K)->8754K(8896K) Class: 1134K(1280K)->1134K(1280K)
[17.261s][info ][gc             ] GC(855) Pause Young (Allocation Failure) 140M->3M(495M) 0.159ms
[17.261s][info ][gc,cpu         ] GC(855) User=0.00s Sys=0.00s Real=0.00s
[17.271s][info ][gc,start       ] GC(856) Pause Young (Allocation Failure)
[17.271s][debug][gc,age         ] GC(856) Desired survivor size 8945664 bytes, new threshold 15 (max threshold 15)
[17.271s][trace][gc,age         ] GC(856) Age table with threshold 15 (max threshold 15)
[17.271s][trace][gc,age         ] GC(856) - age   1:        192 bytes,        192 total
[17.271s][info ][gc,heap        ] GC(856) DefNew: 139904K(157376K)->0K(157376K) Eden: 139904K(139904K)->0K(139904K) From: 0K(17472K)->0K(17472K)
[17.271s][info ][gc,heap        ] GC(856) Tenured: 3959K(349568K)->3959K(349568K)
[17.271s][info ][gc,metaspace   ] GC(856) Metaspace: 9888K(10176K)->9888K(10176K) NonClass: 8754K(8896K)->8754K(8896K) Class: 1134K(1280K)->1134K(1280K)
[17.271s][info ][gc             ] GC(856) Pause Young (Allocation Failure) 140M->3M(495M) 0.145ms
[17.271s][info ][gc,cpu         ] GC(856) User=0.00s Sys=0.00s Real=0.00s
[17.281s][info ][gc,start       ] GC(857) Pause Young (Allocation Failure)
[17.281s][debug][gc,age         ] GC(857) Desired survivor size 8945664 bytes, new threshold 15 (max threshold 15)
[17.281s][trace][gc,age         ] GC(857) Age table with threshold 15 (max threshold 15)
[17.281s][trace][gc,age         ] GC(857) - age   1:        192 bytes,        192 total
[17.281s][info ][gc,heap        ] GC(857) DefNew: 139904K(157376K)->0K(157376K) Eden: 139904K(139904K)->0K(139904K) From: 0K(17472K)->0K(17472K)
[17.281s][info ][gc,heap        ] GC(857) Tenured: 3959K(349568K)->3959K(349568K)
[17.281s][info ][gc,metaspace   ] GC(857) Metaspace: 9888K(10176K)->9888K(10176K) NonClass: 8754K(8896K)->8754K(8896K) Class: 1134K(1280K)->1134K(1280K)
[17.281s][info ][gc             ] GC(857) Pause Young (Allocation Failure) 140M->3M(495M) 0.151ms
[17.281s][info ][gc,cpu         ] GC(857) User=0.00s Sys=0.00s Real=0.00s
[17.291s][info ][gc,start       ] GC(858) Pause Young (Allocation Failure)
[17.291s][debug][gc,age         ] GC(858) Desired survivor size 8945664 bytes, new threshold 15 (max threshold 15)
[17.291s][trace][gc,age         ] GC(858) Age table with threshold 15 (max threshold 15)
[17.291s][trace][gc,age         ] GC(858) - age   1:        192 bytes,        192 total
[17.291s][info ][gc,heap        ] GC(858) DefNew: 139904K(157376K)->0K(157376K) Eden: 139904K(139904K)->0K(139904K) From: 0K(17472K)->0K(17472K)
[17.291s][info ][gc,heap        ] GC(858) Tenured: 3959K(349568K)->3959K(349568K)
[17.291s][info ][gc,metaspace   ] GC(858) Metaspace: 9888K(10176K)->9888K(10176K) NonClass: 8754K(8896K)->8754K(8896K) Class: 1134K(1280K)->1134K(1280K)
[17.291s][info ][gc             ] GC(858) Pause Young (Allocation Failure) 140M->3M(495M) 0.156ms
[17.291s][info ][gc,cpu         ] GC(858) User=0.00s Sys=0.00s Real=0.00s
[17.301s][info ][gc,start       ] GC(859) Pause Young (Allocation Failure)
[17.302s][debug][gc,age         ] GC(859) Desired survivor size 8945664 bytes, new threshold 15 (max threshold 15)
[17.302s][trace][gc,age         ] GC(859) Age table with threshold 15 (max threshold 15)
[17.302s][trace][gc,age         ] GC(859) - age   1:        192 bytes,        192 total
[17.302s][info ][gc,heap        ] GC(859) DefNew: 139904K(157376K)->0K(157376K) Eden: 139904K(139904K)->0K(139904K) From: 0K(17472K)->0K(17472K)
[17.302s][info ][gc,heap        ] GC(859) Tenured: 3959K(349568K)->3959K(349568K)
[17.302s][info ][gc,metaspace   ] GC(859) Metaspace: 9888K(10176K)->9888K(10176K) NonClass: 8754K(8896K)->8754K(8896K) Class: 1134K(1280K)->1134K(1280K)
[17.302s][info ][gc             ] GC(859) Pause Young (Allocation Failure) 140M->3M(495M) 0.153ms
[17.302s][info ][gc,cpu         ] GC(859) User=0.00s Sys=0.00s Real=0.00s
[17.312s][info ][gc,start       ] GC(860) Pause Young (Allocation Failure)
[17.312s][debug][gc,age         ] GC(860) Desired survivor size 8945664 bytes, new threshold 15 (max threshold 15)
[17.312s][trace][gc,age         ] GC(860) Age table with threshold 15 (max threshold 15)
[17.312s][trace][gc,age         ] GC(860) - age   1:        192 bytes,        192 total
[17.312s][info ][gc,heap        ] GC(860) DefNew: 139904K(157376K)->0K(157376K) Eden: 139904K(139904K)->0K(139904K) From: 0K(17472K)->0K(17472K)
[17.312s][info ][gc,heap        ] GC(860) Tenured: 3959K(349568K)->3959K(349568K)
[17.312s][info ][gc,metaspace   ] GC(860) Metaspace: 9888K(10176K)->9888K(10176K) NonClass: 8754K(8896K)->8754K(8896K) Class: 1134K(1280K)->1134K(1280K)
[17.312s][info ][gc             ] GC(860) Pause Young (Allocation Failure) 140M->3M(495M) 0.151ms
[17.312s][info ][gc,cpu         ] GC(860) User=0.00s Sys=0.00s Real=0.00s
[17.322s][info ][gc,start       ] GC(861) Pause Young (Allocation Failure)
[17.322s][debug][gc,age         ] GC(861) Desired survivor size 8945664 bytes, new threshold 15 (max threshold 15)
[17.322s][trace][gc,age         ] GC(861) Age table with threshold 15 (max threshold 15)
[17.322s][trace][gc,age         ] GC(861) - age   1:        192 bytes,        192 total
[17.322s][info ][gc,heap        ] GC(861) DefNew: 139904K(157376K)->0K(157376K) Eden: 139904K(139904K)->0K(139904K) From: 0K(17472K)->0K(17472K)
[17.322s][info ][gc,heap        ] GC(861) Tenured: 3959K(349568K)->3959K(349568K)
[17.322s][info ][gc,metaspace   ] GC(861) Metaspace: 9888K(10176K)->9888K(10176K) NonClass: 8754K(8896K)->8754K(8896K) Class: 1134K(1280K)->1134K(1280K)
[17.322s][info ][gc             ] GC(861) Pause Young (Allocation Failure) 140M->3M(495M) 0.150ms
[17.322s][info ][gc,cpu         ] GC(861) User=0.00s Sys=0.00s Real=0.00s
[17.332s][info ][gc,start       ] GC(862) Pause Young (Allocation Failure)
[17.332s][debug][gc,age         ] GC(862) Desired survivor size 8945664 bytes, new threshold 15 (max threshold 15)
[17.332s][trace][gc,age         ] GC(862) Age table with threshold 15 (max threshold 15)
[17.332s][trace][gc,age         ] GC(862) - age   1:        192 bytes,        192 total
[17.332s][info ][gc,heap        ] GC(862) DefNew: 139904K(157376K)->0K(157376K) Eden: 139904K(139904K)->0K(139904K) From: 0K(17472K)->0K(17472K)
[17.332s][info ][gc,heap        ] GC(862) Tenured: 3959K(349568K)->3959K(349568K)
[17.332s][info ][gc,metaspace   ] GC(862) Metaspace: 9888K(10176K)->9888K(10176K) NonClass: 8754K(8896K)->8754K(8896K) Class: 1134K(1280K)->1134K(1280K)
[17.332s][info ][gc             ] GC(862) Pause Young (Allocation Failure) 140M->3M(495M) 0.150ms
[17.332s][info ][gc,cpu         ] GC(862) User=0.00s Sys=0.00s Real=0.00s
[17.342s][info ][gc,start       ] GC(863) Pause Young (Allocation Failure)
[17.342s][debug][gc,age         ] GC(863) Desired survivor size 8945664 bytes, new threshold 15 (max threshold 15)
[17.342s][trace][gc,age         ] GC(863) Age table with threshold 15 (max threshold 15)
[17.342s][trace][gc,age         ] GC(863) - age   1:        192 bytes,        192 total
[17.342s][info ][gc,heap        ] GC(863) DefNew: 139904K(157376K)->0K(157376K) Eden: 139904K(139904K)->0K(139904K) From: 0K(17472K)->0K(17472K)
[17.342s][info ][gc,heap        ] GC(863) Tenured: 3959K(349568K)->3959K(349568K)
[17.342s][info ][gc,metaspace   ] GC(863) Metaspace: 9888K(10176K)->9888K(10176K) NonClass: 8754K(8896K)->8754K(8896K) Class: 1134K(1280K)->1134K(1280K)
[17.342s][info ][gc             ] GC(863) Pause Young (Allocation Failure) 140M->3M(495M) 0.152ms
[17.342s][info ][gc,cpu         ] GC(863) User=0.00s Sys=0.00s Real=0.00s
[17.352s][info ][gc,start       ] GC(864) Pause Young (Allocation Failure)
[17.353s][debug][gc,age         ] GC(864) Desired survivor size 8945664 bytes, new threshold 15 (max threshold 15)
[17.353s][trace][gc,age         ] GC(864) Age table with threshold 15 (max threshold 15)
[17.353s][trace][gc,age         ] GC(864) - age   1:        192 bytes,        192 total
[17.353s][info ][gc,heap        ] GC(864) DefNew: 139904K(157376K)->0K(157376K) Eden: 139904K(139904K)->0K(139904K) From: 0K(17472K)->0K(17472K)
[17.353s][info ][gc,heap        ] GC(864) Tenured: 3959K(349568K)->3959K(349568K)
[17.353s][info ][gc,metaspace   ] GC(864) Metaspace: 9888K(10176K)->9888K(10176K) NonClass: 8754K(8896K)->8754K(8896K) Class: 1134K(1280K)->1134K(1280K)
[17.353s][info ][gc             ] GC(864) Pause Young (Allocation Failure) 140M->3M(495M) 0.153ms
[17.353s][info ][gc,cpu         ] GC(864) User=0.00s Sys=0.00s Real=0.00s
[17.363s][info ][gc,start       ] GC(865) Pause Young (Allocation Failure)
[17.363s][debug][gc,age         ] GC(865) Desired survivor size 8945664 bytes, new threshold 15 (max threshold 15)
[17.363s][trace][gc,age         ] GC(865) Age table with threshold 15 (max threshold 15)
[17.363s][trace][gc,age         ] GC(865) - age   1:        192 bytes,        192 total
[17.363s][info ][gc,heap        ] GC(865) DefNew: 139904K(157376K)->0K(157376K) Eden: 139904K(139904K)->0K(139904K) From: 0K(17472K)->0K(17472K)
[17.363s][info ][gc,heap        ] GC(865) Tenured: 3959K(349568K)->3959K(349568K)
[17.363s][info ][gc,metaspace   ] GC(865) Metaspace: 9888K(10176K)->9888K(10176K) NonClass: 8754K(8896K)->8754K(8896K) Class: 1134K(1280K)->1134K(1280K)
[17.363s][info ][gc             ] GC(865) Pause Young (Allocation Failure) 140M->3M(495M) 0.150ms
[17.363s][info ][gc,cpu         ] GC(865) User=0.00s Sys=0.00s Real=0.00s
[17.373s][info ][gc,start       ] GC(866) Pause Young (Allocation Failure)
[17.373s][debug][gc,age         ] GC(866) Desired survivor size 8945664 bytes, new threshold 15 (max threshold 15)
[17.373s][trace][gc,age         ] GC(866) Age table with threshold 15 (max threshold 15)
[17.373s][trace][gc,age         ] GC(866) - age   1:        192 bytes,        192 total
[17.373s][info ][gc,heap        ] GC(866) DefNew: 139904K(157376K)->0K(157376K) Eden: 139904K(139904K)->0K(139904K) From: 0K(17472K)->0K(17472K)
[17.373s][info ][gc,heap        ] GC(866) Tenured: 3959K(349568K)->3959K(349568K)
[17.373s][info ][gc,metaspace   ] GC(866) Metaspace: 9888K(10176K)->9888K(10176K) NonClass: 8754K(8896K)->8754K(8896K) Class: 1134K(1280K)->1134K(1280K)
[17.373s][info ][gc             ] GC(866) Pause Young (Allocation Failure) 140M->3M(495M) 0.150ms
[17.373s][info ][gc,cpu         ] GC(866) User=0.00s Sys=0.00s Real=0.00s
[17.383s][info ][gc,start       ] GC(867) Pause Young (Allocation Failure)
[17.383s][debug][gc,age         ] GC(867) Desired survivor size 8945664 bytes, new threshold 15 (max threshold 15)
[17.383s][trace][gc,age         ] GC(867) Age table with threshold 15 (max threshold 15)
[17.383s][trace][gc,age         ] GC(867) - age   1:        192 bytes,        192 total
[17.383s][info ][gc,heap        ] GC(867) DefNew: 139904K(157376K)->0K(157376K) Eden: 139904K(139904K)->0K(139904K) From: 0K(17472K)->0K(17472K)
[17.383s][info ][gc,heap        ] GC(867) Tenured: 3959K(349568K)->3959K(349568K)
[17.383s][info ][gc,metaspace   ] GC(867) Metaspace: 9888K(10176K)->9888K(10176K) NonClass: 8754K(8896K)->8754K(8896K) Class: 1134K(1280K)->1134K(1280K)
[17.383s][info ][gc             ] GC(867) Pause Young (Allocation Failure) 140M->3M(495M) 0.160ms
[17.383s][info ][gc,cpu         ] GC(867) User=0.00s Sys=0.00s Real=0.00s
[17.393s][info ][gc,start       ] GC(868) Pause Young (Allocation Failure)
[17.393s][debug][gc,age         ] GC(868) Desired survivor size 8945664 bytes, new threshold 15 (max threshold 15)
[17.393s][trace][gc,age         ] GC(868) Age table with threshold 15 (max threshold 15)
[17.393s][trace][gc,age         ] GC(868) - age   1:        192 bytes,        192 total
[17.393s][info ][gc,heap        ] GC(868) DefNew: 139904K(157376K)->0K(157376K) Eden: 139904K(139904K)->0K(139904K) From: 0K(17472K)->0K(17472K)
[17.393s][info ][gc,heap        ] GC(868) Tenured: 3959K(349568K)->3959K(349568K)
[17.393s][info ][gc,metaspace   ] GC(868) Metaspace: 9888K(10176K)->9888K(10176K) NonClass: 8754K(8896K)->8754K(8896K) Class: 1134K(1280K)->1134K(1280K)
[17.393s][info ][gc             ] GC(868) Pause Young (Allocation Failure) 140M->3M(495M) 0.150ms
[17.393s][info ][gc,cpu         ] GC(868) User=0.00s Sys=0.00s Real=0.00s
[17.403s][info ][gc,start       ] GC(869) Pause Young (Allocation Failure)
[17.403s][debug][gc,age         ] GC(869) Desired survivor size 8945664 bytes, new threshold 15 (max threshold 15)
[17.403s][trace][gc,age         ] GC(869) Age table with threshold 15 (max threshold 15)
[17.403s][trace][gc,age         ] GC(869) - age   1:        192 bytes,        192 total
[17.403s][info ][gc,heap        ] GC(869) DefNew: 139904K(157376K)->0K(157376K) Eden: 139904K(139904K)->0K(139904K) From: 0K(17472K)->0K(17472K)
[17.403s][info ][gc,heap        ] GC(869) Tenured: 3959K(349568K)->3959K(349568K)
[17.403s][info ][gc,metaspace   ] GC(869) Metaspace: 9888K(10176K)->9888K(10176K) NonClass: 8754K(8896K)->8754K(8896K) Class: 1134K(1280K)->1134K(1280K)
[17.403s][info ][gc             ] GC(869) Pause Young (Allocation Failure) 140M->3M(495M) 0.147ms
[17.403s][info ][gc,cpu         ] GC(869) User=0.00s Sys=0.00s Real=0.00s
[17.414s][info ][gc,start       ] GC(870) Pause Young (Allocation Failure)
[17.414s][debug][gc,age         ] GC(870) Desired survivor size 8945664 bytes, new threshold 15 (max threshold 15)
[17.414s][trace][gc,age         ] GC(870) Age table with threshold 15 (max threshold 15)
[17.414s][trace][gc,age         ] GC(870) - age   1:        192 bytes,        192 total
[17.414s][info ][gc,heap        ] GC(870) DefNew: 139904K(157376K)->0K(157376K) Eden: 139904K(139904K)->0K(139904K) From: 0K(17472K)->0K(17472K)
[17.414s][info ][gc,heap        ] GC(870) Tenured: 3959K(349568K)->3959K(349568K)
[17.414s][info ][gc,metaspace   ] GC(870) Metaspace: 9888K(10176K)->9888K(10176K) NonClass: 8754K(8896K)->8754K(8896K) Class: 1134K(1280K)->1134K(1280K)
[17.414s][info ][gc             ] GC(870) Pause Young (Allocation Failure) 140M->3M(495M) 0.150ms
[17.414s][info ][gc,cpu         ] GC(870) User=0.00s Sys=0.00s Real=0.00s
[17.424s][info ][gc,start       ] GC(871) Pause Young (Allocation Failure)
[17.424s][debug][gc,age         ] GC(871) Desired survivor size 8945664 bytes, new threshold 15 (max threshold 15)
[17.424s][trace][gc,age         ] GC(871) Age table with threshold 15 (max threshold 15)
[17.424s][trace][gc,age         ] GC(871) - age   1:        192 bytes,        192 total
[17.424s][info ][gc,heap        ] GC(871) DefNew: 139904K(157376K)->0K(157376K) Eden: 139904K(139904K)->0K(139904K) From: 0K(17472K)->0K(17472K)
[17.424s][info ][gc,heap        ] GC(871) Tenured: 3959K(349568K)->3959K(349568K)
[17.424s][info ][gc,metaspace   ] GC(871) Metaspace: 9888K(10176K)->9888K(10176K) NonClass: 8754K(8896K)->8754K(8896K) Class: 1134K(1280K)->1134K(1280K)
[17.424s][info ][gc             ] GC(871) Pause Young (Allocation Failure) 140M->3M(495M) 0.146ms
[17.424s][info ][gc,cpu         ] GC(871) User=0.00s Sys=0.00s Real=0.00s
[17.434s][info ][gc,start       ] GC(872) Pause Young (Allocation Failure)
[17.434s][debug][gc,age         ] GC(872) Desired survivor size 8945664 bytes, new threshold 15 (max threshold 15)
[17.434s][trace][gc,age         ] GC(872) Age table with threshold 15 (max threshold 15)
[17.434s][trace][gc,age         ] GC(872) - age   1:        192 bytes,        192 total
[17.434s][info ][gc,heap        ] GC(872) DefNew: 139904K(157376K)->0K(157376K) Eden: 139904K(139904K)->0K(139904K) From: 0K(17472K)->0K(17472K)
[17.434s][info ][gc,heap        ] GC(872) Tenured: 3959K(349568K)->3959K(349568K)
[17.434s][info ][gc,metaspace   ] GC(872) Metaspace: 9888K(10176K)->9888K(10176K) NonClass: 8754K(8896K)->8754K(8896K) Class: 1134K(1280K)->1134K(1280K)
[17.434s][info ][gc             ] GC(872) Pause Young (Allocation Failure) 140M->3M(495M) 0.153ms
[17.434s][info ][gc,cpu         ] GC(872) User=0.00s Sys=0.00s Real=0.00s
[17.444s][info ][gc,start       ] GC(873) Pause Young (Allocation Failure)
[17.444s][debug][gc,age         ] GC(873) Desired survivor size 8945664 bytes, new threshold 15 (max threshold 15)
[17.444s][trace][gc,age         ] GC(873) Age table with threshold 15 (max threshold 15)
[17.444s][trace][gc,age         ] GC(873) - age   1:        192 bytes,        192 total
[17.444s][info ][gc,heap        ] GC(873) DefNew: 139904K(157376K)->0K(157376K) Eden: 139904K(139904K)->0K(139904K) From: 0K(17472K)->0K(17472K)
[17.444s][info ][gc,heap        ] GC(873) Tenured: 3959K(349568K)->3959K(349568K)
[17.444s][info ][gc,metaspace   ] GC(873) Metaspace: 9888K(10176K)->9888K(10176K) NonClass: 8754K(8896K)->8754K(8896K) Class: 1134K(1280K)->1134K(1280K)
[17.444s][info ][gc             ] GC(873) Pause Young (Allocation Failure) 140M->3M(495M) 0.154ms
[17.444s][info ][gc,cpu         ] GC(873) User=0.00s Sys=0.00s Real=0.00s
[17.454s][info ][gc,start       ] GC(874) Pause Young (Allocation Failure)
[17.454s][debug][gc,age         ] GC(874) Desired survivor size 8945664 bytes, new threshold 15 (max threshold 15)
[17.454s][trace][gc,age         ] GC(874) Age table with threshold 15 (max threshold 15)
[17.454s][trace][gc,age         ] GC(874) - age   1:        192 bytes,        192 total
[17.454s][info ][gc,heap        ] GC(874) DefNew: 139904K(157376K)->0K(157376K) Eden: 139904K(139904K)->0K(139904K) From: 0K(17472K)->0K(17472K)
[17.454s][info ][gc,heap        ] GC(874) Tenured: 3959K(349568K)->3959K(349568K)
[17.454s][info ][gc,metaspace   ] GC(874) Metaspace: 9888K(10176K)->9888K(10176K) NonClass: 8754K(8896K)->8754K(8896K) Class: 1134K(1280K)->1134K(1280K)
[17.454s][info ][gc             ] GC(874) Pause Young (Allocation Failure) 140M->3M(495M) 0.152ms
[17.454s][info ][gc,cpu         ] GC(874) User=0.00s Sys=0.00s Real=0.00s
[17.464s][info ][gc,start       ] GC(875) Pause Young (Allocation Failure)
[17.465s][debug][gc,age         ] GC(875) Desired survivor size 8945664 bytes, new threshold 15 (max threshold 15)
[17.465s][trace][gc,age         ] GC(875) Age table with threshold 15 (max threshold 15)
[17.465s][trace][gc,age         ] GC(875) - age   1:        192 bytes,        192 total
[17.465s][info ][gc,heap        ] GC(875) DefNew: 139904K(157376K)->0K(157376K) Eden: 139904K(139904K)->0K(139904K) From: 0K(17472K)->0K(17472K)
[17.465s][info ][gc,heap        ] GC(875) Tenured: 3959K(349568K)->3959K(349568K)
[17.465s][info ][gc,metaspace   ] GC(875) Metaspace: 9888K(10176K)->9888K(10176K) NonClass: 8754K(8896K)->8754K(8896K) Class: 1134K(1280K)->1134K(1280K)
[17.465s][info ][gc             ] GC(875) Pause Young (Allocation Failure) 140M->3M(495M) 0.151ms
[17.465s][info ][gc,cpu         ] GC(875) User=0.00s Sys=0.00s Real=0.00s
[17.475s][info ][gc,start       ] GC(876) Pause Young (Allocation Failure)
[17.475s][debug][gc,age         ] GC(876) Desired survivor size 8945664 bytes, new threshold 15 (max threshold 15)
[17.475s][trace][gc,age         ] GC(876) Age table with threshold 15 (max threshold 15)
[17.475s][trace][gc,age         ] GC(876) - age   1:        192 bytes,        192 total
[17.475s][info ][gc,heap        ] GC(876) DefNew: 139904K(157376K)->0K(157376K) Eden: 139904K(139904K)->0K(139904K) From: 0K(17472K)->0K(17472K)
[17.475s][info ][gc,heap        ] GC(876) Tenured: 3959K(349568K)->3959K(349568K)
[17.475s][info ][gc,metaspace   ] GC(876) Metaspace: 9888K(10176K)->9888K(10176K) NonClass: 8754K(8896K)->8754K(8896K) Class: 1134K(1280K)->1134K(1280K)
[17.475s][info ][gc             ] GC(876) Pause Young (Allocation Failure) 140M->3M(495M) 0.150ms
[17.475s][info ][gc,cpu         ] GC(876) User=0.00s Sys=0.00s Real=0.00s
[17.485s][info ][gc,start       ] GC(877) Pause Young (Allocation Failure)
[17.485s][debug][gc,age         ] GC(877) Desired survivor size 8945664 bytes, new threshold 15 (max threshold 15)
[17.485s][trace][gc,age         ] GC(877) Age table with threshold 15 (max threshold 15)
[17.485s][trace][gc,age         ] GC(877) - age   1:        192 bytes,        192 total
[17.485s][info ][gc,heap        ] GC(877) DefNew: 139904K(157376K)->0K(157376K) Eden: 139904K(139904K)->0K(139904K) From: 0K(17472K)->0K(17472K)
[17.485s][info ][gc,heap        ] GC(877) Tenured: 3959K(349568K)->3959K(349568K)
[17.485s][info ][gc,metaspace   ] GC(877) Metaspace: 9888K(10176K)->9888K(10176K) NonClass: 8754K(8896K)->8754K(8896K) Class: 1134K(1280K)->1134K(1280K)
[17.485s][info ][gc             ] GC(877) Pause Young (Allocation Failure) 140M->3M(495M) 0.152ms
[17.485s][info ][gc,cpu         ] GC(877) User=0.00s Sys=0.00s Real=0.00s
[17.495s][info ][gc,start       ] GC(878) Pause Young (Allocation Failure)
[17.495s][debug][gc,age         ] GC(878) Desired survivor size 8945664 bytes, new threshold 15 (max threshold 15)
[17.495s][trace][gc,age         ] GC(878) Age table with threshold 15 (max threshold 15)
[17.495s][trace][gc,age         ] GC(878) - age   1:        192 bytes,        192 total
[17.495s][info ][gc,heap        ] GC(878) DefNew: 139904K(157376K)->0K(157376K) Eden: 139904K(139904K)->0K(139904K) From: 0K(17472K)->0K(17472K)
[17.495s][info ][gc,heap        ] GC(878) Tenured: 3959K(349568K)->3959K(349568K)
[17.495s][info ][gc,metaspace   ] GC(878) Metaspace: 9888K(10176K)->9888K(10176K) NonClass: 8754K(8896K)->8754K(8896K) Class: 1134K(1280K)->1134K(1280K)
[17.495s][info ][gc             ] GC(878) Pause Young (Allocation Failure) 140M->3M(495M) 0.151ms
[17.495s][info ][gc,cpu         ] GC(878) User=0.00s Sys=0.00s Real=0.00s
[17.505s][info ][gc,start       ] GC(879) Pause Young (Allocation Failure)
[17.506s][debug][gc,age         ] GC(879) Desired survivor size 8945664 bytes, new threshold 15 (max threshold 15)
[17.506s][trace][gc,age         ] GC(879) Age table with threshold 15 (max threshold 15)
[17.506s][trace][gc,age         ] GC(879) - age   1:        192 bytes,        192 total
[17.506s][info ][gc,heap        ] GC(879) DefNew: 139904K(157376K)->0K(157376K) Eden: 139904K(139904K)->0K(139904K) From: 0K(17472K)->0K(17472K)
[17.506s][info ][gc,heap        ] GC(879) Tenured: 3959K(349568K)->3959K(349568K)
[17.506s][info ][gc,metaspace   ] GC(879) Metaspace: 9888K(10176K)->9888K(10176K) NonClass: 8754K(8896K)->8754K(8896K) Class: 1134K(1280K)->1134K(1280K)
[17.506s][info ][gc             ] GC(879) Pause Young (Allocation Failure) 140M->3M(495M) 0.149ms
[17.506s][info ][gc,cpu         ] GC(879) User=0.00s Sys=0.00s Real=0.00s
[17.516s][info ][gc,start       ] GC(880) Pause Young (Allocation Failure)
[17.516s][debug][gc,age         ] GC(880) Desired survivor size 8945664 bytes, new threshold 15 (max threshold 15)
[17.516s][trace][gc,age         ] GC(880) Age table with threshold 15 (max threshold 15)
[17.516s][trace][gc,age         ] GC(880) - age   1:         80 bytes,         80 total
[17.516s][info ][gc,heap        ] GC(880) DefNew: 139904K(157376K)->0K(157376K) Eden: 139904K(139904K)->0K(139904K) From: 0K(17472K)->0K(17472K)
[17.516s][info ][gc,heap        ] GC(880) Tenured: 3959K(349568K)->3959K(349568K)
[17.516s][info ][gc,metaspace   ] GC(880) Metaspace: 9888K(10176K)->9888K(10176K) NonClass: 8754K(8896K)->8754K(8896K) Class: 1134K(1280K)->1134K(1280K)
[17.516s][info ][gc             ] GC(880) Pause Young (Allocation Failure) 140M->3M(495M) 0.143ms
[17.516s][info ][gc,cpu         ] GC(880) User=0.00s Sys=0.00s Real=0.00s
[17.526s][info ][gc,start       ] GC(881) Pause Young (Allocation Failure)
[17.526s][debug][gc,age         ] GC(881) Desired survivor size 8945664 bytes, new threshold 15 (max threshold 15)
[17.526s][trace][gc,age         ] GC(881) Age table with threshold 15 (max threshold 15)
[17.526s][trace][gc,age         ] GC(881) - age   1:        192 bytes,        192 total
[17.526s][info ][gc,heap        ] GC(881) DefNew: 139904K(157376K)->0K(157376K) Eden: 139904K(139904K)->0K(139904K) From: 0K(17472K)->0K(17472K)
[17.526s][info ][gc,heap        ] GC(881) Tenured: 3959K(349568K)->3959K(349568K)
[17.526s][info ][gc,metaspace   ] GC(881) Metaspace: 9888K(10176K)->9888K(10176K) NonClass: 8754K(8896K)->8754K(8896K) Class: 1134K(1280K)->1134K(1280K)
[17.526s][info ][gc             ] GC(881) Pause Young (Allocation Failure) 140M->3M(495M) 0.151ms
[17.526s][info ][gc,cpu         ] GC(881) User=0.00s Sys=0.00s Real=0.00s
[17.536s][info ][gc,start       ] GC(882) Pause Young (Allocation Failure)
[17.536s][debug][gc,age         ] GC(882) Desired survivor size 8945664 bytes, new threshold 15 (max threshold 15)
[17.536s][trace][gc,age         ] GC(882) Age table with threshold 15 (max threshold 15)
[17.536s][trace][gc,age         ] GC(882) - age   1:     400208 bytes,     400208 total
[17.536s][info ][gc,heap        ] GC(882) DefNew: 139904K(157376K)->390K(157376K) Eden: 139904K(139904K)->0K(139904K) From: 0K(17472K)->390K(17472K)
[17.536s][info ][gc,heap        ] GC(882) Tenured: 3959K(349568K)->3959K(349568K)
[17.536s][info ][gc,metaspace   ] GC(882) Metaspace: 9888K(10176K)->9888K(10176K) NonClass: 8754K(8896K)->8754K(8896K) Class: 1134K(1280K)->1134K(1280K)
[17.536s][info ][gc             ] GC(882) Pause Young (Allocation Failure) 140M->4M(495M) 0.161ms
[17.536s][info ][gc,cpu         ] GC(882) User=0.00s Sys=0.00s Real=0.00s
[17.546s][info ][gc,start       ] GC(883) Pause Young (Allocation Failure)
[17.546s][debug][gc,age         ] GC(883) Desired survivor size 8945664 bytes, new threshold 15 (max threshold 15)
[17.546s][trace][gc,age         ] GC(883) Age table with threshold 15 (max threshold 15)
[17.546s][trace][gc,age         ] GC(883) - age   1:        192 bytes,        192 total
[17.546s][info ][gc,heap        ] GC(883) DefNew: 140294K(157376K)->0K(157376K) Eden: 139904K(139904K)->0K(139904K) From: 390K(17472K)->0K(17472K)
[17.546s][info ][gc,heap        ] GC(883) Tenured: 3959K(349568K)->3959K(349568K)
[17.546s][info ][gc,metaspace   ] GC(883) Metaspace: 9888K(10176K)->9888K(10176K) NonClass: 8754K(8896K)->8754K(8896K) Class: 1134K(1280K)->1134K(1280K)
[17.546s][info ][gc             ] GC(883) Pause Young (Allocation Failure) 140M->3M(495M) 0.148ms
[17.546s][info ][gc,cpu         ] GC(883) User=0.00s Sys=0.00s Real=0.00s
[17.556s][info ][gc,start       ] GC(884) Pause Young (Allocation Failure)
[17.556s][debug][gc,age         ] GC(884) Desired survivor size 8945664 bytes, new threshold 15 (max threshold 15)
[17.556s][trace][gc,age         ] GC(884) Age table with threshold 15 (max threshold 15)
[17.556s][trace][gc,age         ] GC(884) - age   1:        192 bytes,        192 total
[17.556s][info ][gc,heap        ] GC(884) DefNew: 139904K(157376K)->0K(157376K) Eden: 139904K(139904K)->0K(139904K) From: 0K(17472K)->0K(17472K)
[17.556s][info ][gc,heap        ] GC(884) Tenured: 3959K(349568K)->3959K(349568K)
[17.556s][info ][gc,metaspace   ] GC(884) Metaspace: 9888K(10176K)->9888K(10176K) NonClass: 8754K(8896K)->8754K(8896K) Class: 1134K(1280K)->1134K(1280K)
[17.556s][info ][gc             ] GC(884) Pause Young (Allocation Failure) 140M->3M(495M) 0.149ms
[17.556s][info ][gc,cpu         ] GC(884) User=0.00s Sys=0.00s Real=0.00s
[17.567s][info ][gc,start       ] GC(885) Pause Young (Allocation Failure)
[17.567s][debug][gc,age         ] GC(885) Desired survivor size 8945664 bytes, new threshold 15 (max threshold 15)
[17.567s][trace][gc,age         ] GC(885) Age table with threshold 15 (max threshold 15)
[17.567s][trace][gc,age         ] GC(885) - age   1:        192 bytes,        192 total
[17.567s][info ][gc,heap        ] GC(885) DefNew: 139904K(157376K)->0K(157376K) Eden: 139904K(139904K)->0K(139904K) From: 0K(17472K)->0K(17472K)
[17.567s][info ][gc,heap        ] GC(885) Tenured: 3959K(349568K)->3959K(349568K)
[17.567s][info ][gc,metaspace   ] GC(885) Metaspace: 9888K(10176K)->9888K(10176K) NonClass: 8754K(8896K)->8754K(8896K) Class: 1134K(1280K)->1134K(1280K)
[17.567s][info ][gc             ] GC(885) Pause Young (Allocation Failure) 140M->3M(495M) 0.153ms
[17.567s][info ][gc,cpu         ] GC(885) User=0.00s Sys=0.00s Real=0.00s
[17.577s][info ][gc,start       ] GC(886) Pause Young (Allocation Failure)
[17.577s][debug][gc,age         ] GC(886) Desired survivor size 8945664 bytes, new threshold 15 (max threshold 15)
[17.577s][trace][gc,age         ] GC(886) Age table with threshold 15 (max threshold 15)
[17.577s][trace][gc,age         ] GC(886) - age   1:        192 bytes,        192 total
[17.577s][info ][gc,heap        ] GC(886) DefNew: 139904K(157376K)->0K(157376K) Eden: 139904K(139904K)->0K(139904K) From: 0K(17472K)->0K(17472K)
[17.577s][info ][gc,heap        ] GC(886) Tenured: 3959K(349568K)->3959K(349568K)
[17.577s][info ][gc,metaspace   ] GC(886) Metaspace: 9888K(10176K)->9888K(10176K) NonClass: 8754K(8896K)->8754K(8896K) Class: 1134K(1280K)->1134K(1280K)
[17.577s][info ][gc             ] GC(886) Pause Young (Allocation Failure) 140M->3M(495M) 0.154ms
[17.577s][info ][gc,cpu         ] GC(886) User=0.00s Sys=0.00s Real=0.00s
[17.587s][info ][gc,start       ] GC(887) Pause Young (Allocation Failure)
[17.587s][debug][gc,age         ] GC(887) Desired survivor size 8945664 bytes, new threshold 15 (max threshold 15)
[17.587s][trace][gc,age         ] GC(887) Age table with threshold 15 (max threshold 15)
[17.587s][trace][gc,age         ] GC(887) - age   1:        192 bytes,        192 total
[17.587s][info ][gc,heap        ] GC(887) DefNew: 139904K(157376K)->0K(157376K) Eden: 139904K(139904K)->0K(139904K) From: 0K(17472K)->0K(17472K)
[17.587s][info ][gc,heap        ] GC(887) Tenured: 3959K(349568K)->3959K(349568K)
[17.587s][info ][gc,metaspace   ] GC(887) Metaspace: 9888K(10176K)->9888K(10176K) NonClass: 8754K(8896K)->8754K(8896K) Class: 1134K(1280K)->1134K(1280K)
[17.587s][info ][gc             ] GC(887) Pause Young (Allocation Failure) 140M->3M(495M) 0.157ms
[17.587s][info ][gc,cpu         ] GC(887) User=0.00s Sys=0.00s Real=0.00s
[17.597s][info ][gc,start       ] GC(888) Pause Young (Allocation Failure)
[17.597s][debug][gc,age         ] GC(888) Desired survivor size 8945664 bytes, new threshold 15 (max threshold 15)
[17.597s][trace][gc,age         ] GC(888) Age table with threshold 15 (max threshold 15)
[17.597s][trace][gc,age         ] GC(888) - age   1:        192 bytes,        192 total
[17.597s][info ][gc,heap        ] GC(888) DefNew: 139904K(157376K)->0K(157376K) Eden: 139904K(139904K)->0K(139904K) From: 0K(17472K)->0K(17472K)
[17.597s][info ][gc,heap        ] GC(888) Tenured: 3959K(349568K)->3959K(349568K)
[17.597s][info ][gc,metaspace   ] GC(888) Metaspace: 9888K(10176K)->9888K(10176K) NonClass: 8754K(8896K)->8754K(8896K) Class: 1134K(1280K)->1134K(1280K)
[17.597s][info ][gc             ] GC(888) Pause Young (Allocation Failure) 140M->3M(495M) 0.156ms
[17.597s][info ][gc,cpu         ] GC(888) User=0.00s Sys=0.00s Real=0.00s
[17.607s][info ][gc,start       ] GC(889) Pause Young (Allocation Failure)
[17.607s][debug][gc,age         ] GC(889) Desired survivor size 8945664 bytes, new threshold 15 (max threshold 15)
[17.607s][trace][gc,age         ] GC(889) Age table with threshold 15 (max threshold 15)
[17.607s][trace][gc,age         ] GC(889) - age   1:        192 bytes,        192 total
[17.607s][info ][gc,heap        ] GC(889) DefNew: 139904K(157376K)->0K(157376K) Eden: 139904K(139904K)->0K(139904K) From: 0K(17472K)->0K(17472K)
[17.607s][info ][gc,heap        ] GC(889) Tenured: 3959K(349568K)->3959K(349568K)
[17.607s][info ][gc,metaspace   ] GC(889) Metaspace: 9888K(10176K)->9888K(10176K) NonClass: 8754K(8896K)->8754K(8896K) Class: 1134K(1280K)->1134K(1280K)
[17.607s][info ][gc             ] GC(889) Pause Young (Allocation Failure) 140M->3M(495M) 0.149ms
[17.607s][info ][gc,cpu         ] GC(889) User=0.00s Sys=0.00s Real=0.00s
[17.617s][info ][gc,start       ] GC(890) Pause Young (Allocation Failure)
[17.617s][debug][gc,age         ] GC(890) Desired survivor size 8945664 bytes, new threshold 15 (max threshold 15)
[17.617s][trace][gc,age         ] GC(890) Age table with threshold 15 (max threshold 15)
[17.617s][trace][gc,age         ] GC(890) - age   1:        192 bytes,        192 total
[17.618s][info ][gc,heap        ] GC(890) DefNew: 139904K(157376K)->0K(157376K) Eden: 139904K(139904K)->0K(139904K) From: 0K(17472K)->0K(17472K)
[17.618s][info ][gc,heap        ] GC(890) Tenured: 3959K(349568K)->3959K(349568K)
[17.618s][info ][gc,metaspace   ] GC(890) Metaspace: 9888K(10176K)->9888K(10176K) NonClass: 8754K(8896K)->8754K(8896K) Class: 1134K(1280K)->1134K(1280K)
[17.618s][info ][gc             ] GC(890) Pause Young (Allocation Failure) 140M->3M(495M) 0.148ms
[17.618s][info ][gc,cpu         ] GC(890) User=0.00s Sys=0.00s Real=0.00s
[17.628s][info ][gc,start       ] GC(891) Pause Young (Allocation Failure)
[17.628s][debug][gc,age         ] GC(891) Desired survivor size 8945664 bytes, new threshold 15 (max threshold 15)
[17.628s][trace][gc,age         ] GC(891) Age table with threshold 15 (max threshold 15)
[17.628s][trace][gc,age         ] GC(891) - age   1:        192 bytes,        192 total
[17.628s][info ][gc,heap        ] GC(891) DefNew: 139904K(157376K)->0K(157376K) Eden: 139904K(139904K)->0K(139904K) From: 0K(17472K)->0K(17472K)
[17.628s][info ][gc,heap        ] GC(891) Tenured: 3959K(349568K)->3959K(349568K)
[17.628s][info ][gc,metaspace   ] GC(891) Metaspace: 9888K(10176K)->9888K(10176K) NonClass: 8754K(8896K)->8754K(8896K) Class: 1134K(1280K)->1134K(1280K)
[17.628s][info ][gc             ] GC(891) Pause Young (Allocation Failure) 140M->3M(495M) 0.147ms
[17.628s][info ][gc,cpu         ] GC(891) User=0.00s Sys=0.00s Real=0.00s
[17.638s][info ][gc,start       ] GC(892) Pause Young (Allocation Failure)
[17.638s][debug][gc,age         ] GC(892) Desired survivor size 8945664 bytes, new threshold 15 (max threshold 15)
[17.638s][trace][gc,age         ] GC(892) Age table with threshold 15 (max threshold 15)
[17.638s][trace][gc,age         ] GC(892) - age   1:        192 bytes,        192 total
[17.638s][info ][gc,heap        ] GC(892) DefNew: 139904K(157376K)->0K(157376K) Eden: 139904K(139904K)->0K(139904K) From: 0K(17472K)->0K(17472K)
[17.638s][info ][gc,heap        ] GC(892) Tenured: 3959K(349568K)->3959K(349568K)
[17.638s][info ][gc,metaspace   ] GC(892) Metaspace: 9888K(10176K)->9888K(10176K) NonClass: 8754K(8896K)->8754K(8896K) Class: 1134K(1280K)->1134K(1280K)
[17.638s][info ][gc             ] GC(892) Pause Young (Allocation Failure) 140M->3M(495M) 0.145ms
[17.638s][info ][gc,cpu         ] GC(892) User=0.00s Sys=0.00s Real=0.00s
[17.648s][info ][gc,start       ] GC(893) Pause Young (Allocation Failure)
[17.648s][debug][gc,age         ] GC(893) Desired survivor size 8945664 bytes, new threshold 15 (max threshold 15)
[17.648s][trace][gc,age         ] GC(893) Age table with threshold 15 (max threshold 15)
[17.648s][trace][gc,age         ] GC(893) - age   1:        192 bytes,        192 total
[17.648s][info ][gc,heap        ] GC(893) DefNew: 139904K(157376K)->0K(157376K) Eden: 139904K(139904K)->0K(139904K) From: 0K(17472K)->0K(17472K)
[17.648s][info ][gc,heap        ] GC(893) Tenured: 3959K(349568K)->3959K(349568K)
[17.648s][info ][gc,metaspace   ] GC(893) Metaspace: 9888K(10176K)->9888K(10176K) NonClass: 8754K(8896K)->8754K(8896K) Class: 1134K(1280K)->1134K(1280K)
[17.648s][info ][gc             ] GC(893) Pause Young (Allocation Failure) 140M->3M(495M) 0.149ms
[17.648s][info ][gc,cpu         ] GC(893) User=0.00s Sys=0.00s Real=0.00s
[17.658s][info ][gc,start       ] GC(894) Pause Young (Allocation Failure)
[17.658s][debug][gc,age         ] GC(894) Desired survivor size 8945664 bytes, new threshold 15 (max threshold 15)
[17.658s][trace][gc,age         ] GC(894) Age table with threshold 15 (max threshold 15)
[17.658s][trace][gc,age         ] GC(894) - age   1:        192 bytes,        192 total
[17.658s][info ][gc,heap        ] GC(894) DefNew: 139904K(157376K)->0K(157376K) Eden: 139904K(139904K)->0K(139904K) From: 0K(17472K)->0K(17472K)
[17.658s][info ][gc,heap        ] GC(894) Tenured: 3959K(349568K)->3959K(349568K)
[17.658s][info ][gc,metaspace   ] GC(894) Metaspace: 9888K(10176K)->9888K(10176K) NonClass: 8754K(8896K)->8754K(8896K) Class: 1134K(1280K)->1134K(1280K)
[17.658s][info ][gc             ] GC(894) Pause Young (Allocation Failure) 140M->3M(495M) 0.147ms
[17.658s][info ][gc,cpu         ] GC(894) User=0.00s Sys=0.00s Real=0.00s
[17.668s][info ][gc,start       ] GC(895) Pause Young (Allocation Failure)
[17.668s][debug][gc,age         ] GC(895) Desired survivor size 8945664 bytes, new threshold 15 (max threshold 15)
[17.668s][trace][gc,age         ] GC(895) Age table with threshold 15 (max threshold 15)
[17.668s][trace][gc,age         ] GC(895) - age   1:        192 bytes,        192 total
[17.668s][info ][gc,heap        ] GC(895) DefNew: 139904K(157376K)->0K(157376K) Eden: 139904K(139904K)->0K(139904K) From: 0K(17472K)->0K(17472K)
[17.668s][info ][gc,heap        ] GC(895) Tenured: 3959K(349568K)->3959K(349568K)
[17.668s][info ][gc,metaspace   ] GC(895) Metaspace: 9888K(10176K)->9888K(10176K) NonClass: 8754K(8896K)->8754K(8896K) Class: 1134K(1280K)->1134K(1280K)
[17.668s][info ][gc             ] GC(895) Pause Young (Allocation Failure) 140M->3M(495M) 0.146ms
[17.668s][info ][gc,cpu         ] GC(895) User=0.00s Sys=0.00s Real=0.00s
[17.678s][info ][gc,start       ] GC(896) Pause Young (Allocation Failure)
[17.679s][debug][gc,age         ] GC(896) Desired survivor size 8945664 bytes, new threshold 15 (max threshold 15)
[17.679s][trace][gc,age         ] GC(896) Age table with threshold 15 (max threshold 15)
[17.679s][trace][gc,age         ] GC(896) - age   1:        192 bytes,        192 total
[17.679s][info ][gc,heap        ] GC(896) DefNew: 139904K(157376K)->0K(157376K) Eden: 139904K(139904K)->0K(139904K) From: 0K(17472K)->0K(17472K)
[17.679s][info ][gc,heap        ] GC(896) Tenured: 3959K(349568K)->3959K(349568K)
[17.679s][info ][gc,metaspace   ] GC(896) Metaspace: 9888K(10176K)->9888K(10176K) NonClass: 8754K(8896K)->8754K(8896K) Class: 1134K(1280K)->1134K(1280K)
[17.679s][info ][gc             ] GC(896) Pause Young (Allocation Failure) 140M->3M(495M) 0.148ms
[17.679s][info ][gc,cpu         ] GC(896) User=0.00s Sys=0.00s Real=0.00s
[17.689s][info ][gc,start       ] GC(897) Pause Young (Allocation Failure)
[17.689s][debug][gc,age         ] GC(897) Desired survivor size 8945664 bytes, new threshold 15 (max threshold 15)
[17.689s][trace][gc,age         ] GC(897) Age table with threshold 15 (max threshold 15)
[17.689s][trace][gc,age         ] GC(897) - age   1:        192 bytes,        192 total
[17.689s][info ][gc,heap        ] GC(897) DefNew: 139904K(157376K)->0K(157376K) Eden: 139904K(139904K)->0K(139904K) From: 0K(17472K)->0K(17472K)
[17.689s][info ][gc,heap        ] GC(897) Tenured: 3959K(349568K)->3959K(349568K)
[17.689s][info ][gc,metaspace   ] GC(897) Metaspace: 9888K(10176K)->9888K(10176K) NonClass: 8754K(8896K)->8754K(8896K) Class: 1134K(1280K)->1134K(1280K)
[17.689s][info ][gc             ] GC(897) Pause Young (Allocation Failure) 140M->3M(495M) 0.151ms
[17.689s][info ][gc,cpu         ] GC(897) User=0.00s Sys=0.00s Real=0.00s
[17.699s][info ][gc,start       ] GC(898) Pause Young (Allocation Failure)
[17.699s][debug][gc,age         ] GC(898) Desired survivor size 8945664 bytes, new threshold 15 (max threshold 15)
[17.699s][trace][gc,age         ] GC(898) Age table with threshold 15 (max threshold 15)
[17.699s][trace][gc,age         ] GC(898) - age   1:        192 bytes,        192 total
[17.699s][info ][gc,heap        ] GC(898) DefNew: 139904K(157376K)->0K(157376K) Eden: 139904K(139904K)->0K(139904K) From: 0K(17472K)->0K(17472K)
[17.699s][info ][gc,heap        ] GC(898) Tenured: 3959K(349568K)->3959K(349568K)
[17.699s][info ][gc,metaspace   ] GC(898) Metaspace: 9888K(10176K)->9888K(10176K) NonClass: 8754K(8896K)->8754K(8896K) Class: 1134K(1280K)->1134K(1280K)
[17.699s][info ][gc             ] GC(898) Pause Young (Allocation Failure) 140M->3M(495M) 0.151ms
[17.699s][info ][gc,cpu         ] GC(898) User=0.00s Sys=0.01s Real=0.00s
[17.709s][info ][gc,start       ] GC(899) Pause Young (Allocation Failure)
[17.709s][debug][gc,age         ] GC(899) Desired survivor size 8945664 bytes, new threshold 15 (max threshold 15)
[17.709s][trace][gc,age         ] GC(899) Age table with threshold 15 (max threshold 15)
[17.709s][trace][gc,age         ] GC(899) - age   1:        192 bytes,        192 total
[17.709s][info ][gc,heap        ] GC(899) DefNew: 139904K(157376K)->0K(157376K) Eden: 139904K(139904K)->0K(139904K) From: 0K(17472K)->0K(17472K)
[17.709s][info ][gc,heap        ] GC(899) Tenured: 3959K(349568K)->3959K(349568K)
[17.709s][info ][gc,metaspace   ] GC(899) Metaspace: 9888K(10176K)->9888K(10176K) NonClass: 8754K(8896K)->8754K(8896K) Class: 1134K(1280K)->1134K(1280K)
[17.709s][info ][gc             ] GC(899) Pause Young (Allocation Failure) 140M->3M(495M) 0.147ms
[17.709s][info ][gc,cpu         ] GC(899) User=0.00s Sys=0.00s Real=0.00s
[17.719s][info ][gc,start       ] GC(900) Pause Young (Allocation Failure)
[17.719s][debug][gc,age         ] GC(900) Desired survivor size 8945664 bytes, new threshold 15 (max threshold 15)
[17.719s][trace][gc,age         ] GC(900) Age table with threshold 15 (max threshold 15)
[17.719s][trace][gc,age         ] GC(900) - age   1:        192 bytes,        192 total
[17.719s][info ][gc,heap        ] GC(900) DefNew: 139904K(157376K)->0K(157376K) Eden: 139904K(139904K)->0K(139904K) From: 0K(17472K)->0K(17472K)
[17.719s][info ][gc,heap        ] GC(900) Tenured: 3959K(349568K)->3959K(349568K)
[17.719s][info ][gc,metaspace   ] GC(900) Metaspace: 9888K(10176K)->9888K(10176K) NonClass: 8754K(8896K)->8754K(8896K) Class: 1134K(1280K)->1134K(1280K)
[17.719s][info ][gc             ] GC(900) Pause Young (Allocation Failure) 140M->3M(495M) 0.147ms
[17.719s][info ][gc,cpu         ] GC(900) User=0.00s Sys=0.00s Real=0.00s
[17.729s][info ][gc,start       ] GC(901) Pause Young (Allocation Failure)
[17.729s][debug][gc,age         ] GC(901) Desired survivor size 8945664 bytes, new threshold 15 (max threshold 15)
[17.729s][trace][gc,age         ] GC(901) Age table with threshold 15 (max threshold 15)
[17.729s][trace][gc,age         ] GC(901) - age   1:        192 bytes,        192 total
[17.729s][info ][gc,heap        ] GC(901) DefNew: 139904K(157376K)->0K(157376K) Eden: 139904K(139904K)->0K(139904K) From: 0K(17472K)->0K(17472K)
[17.729s][info ][gc,heap        ] GC(901) Tenured: 3959K(349568K)->3959K(349568K)
[17.729s][info ][gc,metaspace   ] GC(901) Metaspace: 9888K(10176K)->9888K(10176K) NonClass: 8754K(8896K)->8754K(8896K) Class: 1134K(1280K)->1134K(1280K)
[17.729s][info ][gc             ] GC(901) Pause Young (Allocation Failure) 140M->3M(495M) 0.151ms
[17.729s][info ][gc,cpu         ] GC(901) User=0.00s Sys=0.00s Real=0.00s
[17.739s][info ][gc,start       ] GC(902) Pause Young (Allocation Failure)
[17.740s][debug][gc,age         ] GC(902) Desired survivor size 8945664 bytes, new threshold 15 (max threshold 15)
[17.740s][trace][gc,age         ] GC(902) Age table with threshold 15 (max threshold 15)
[17.740s][trace][gc,age         ] GC(902) - age   1:        192 bytes,        192 total
[17.740s][info ][gc,heap        ] GC(902) DefNew: 139904K(157376K)->0K(157376K) Eden: 139904K(139904K)->0K(139904K) From: 0K(17472K)->0K(17472K)
[17.740s][info ][gc,heap        ] GC(902) Tenured: 3959K(349568K)->3959K(349568K)
[17.740s][info ][gc,metaspace   ] GC(902) Metaspace: 9888K(10176K)->9888K(10176K) NonClass: 8754K(8896K)->8754K(8896K) Class: 1134K(1280K)->1134K(1280K)
[17.740s][info ][gc             ] GC(902) Pause Young (Allocation Failure) 140M->3M(495M) 0.148ms
[17.740s][info ][gc,cpu         ] GC(902) User=0.00s Sys=0.00s Real=0.00s
[17.750s][info ][gc,start       ] GC(903) Pause Young (Allocation Failure)
[17.750s][debug][gc,age         ] GC(903) Desired survivor size 8945664 bytes, new threshold 15 (max threshold 15)
[17.750s][trace][gc,age         ] GC(903) Age table with threshold 15 (max threshold 15)
[17.750s][trace][gc,age         ] GC(903) - age   1:        192 bytes,        192 total
[17.750s][info ][gc,heap        ] GC(903) DefNew: 139904K(157376K)->0K(157376K) Eden: 139904K(139904K)->0K(139904K) From: 0K(17472K)->0K(17472K)
[17.750s][info ][gc,heap        ] GC(903) Tenured: 3959K(349568K)->3959K(349568K)
[17.750s][info ][gc,metaspace   ] GC(903) Metaspace: 9888K(10176K)->9888K(10176K) NonClass: 8754K(8896K)->8754K(8896K) Class: 1134K(1280K)->1134K(1280K)
[17.750s][info ][gc             ] GC(903) Pause Young (Allocation Failure) 140M->3M(495M) 0.153ms
[17.750s][info ][gc,cpu         ] GC(903) User=0.00s Sys=0.00s Real=0.00s
[17.760s][info ][gc,start       ] GC(904) Pause Young (Allocation Failure)
[17.760s][debug][gc,age         ] GC(904) Desired survivor size 8945664 bytes, new threshold 15 (max threshold 15)
[17.760s][trace][gc,age         ] GC(904) Age table with threshold 15 (max threshold 15)
[17.760s][trace][gc,age         ] GC(904) - age   1:        192 bytes,        192 total
[17.760s][info ][gc,heap        ] GC(904) DefNew: 139904K(157376K)->0K(157376K) Eden: 139904K(139904K)->0K(139904K) From: 0K(17472K)->0K(17472K)
[17.760s][info ][gc,heap        ] GC(904) Tenured: 3959K(349568K)->3959K(349568K)
[17.760s][info ][gc,metaspace   ] GC(904) Metaspace: 9888K(10176K)->9888K(10176K) NonClass: 8754K(8896K)->8754K(8896K) Class: 1134K(1280K)->1134K(1280K)
[17.760s][info ][gc             ] GC(904) Pause Young (Allocation Failure) 140M->3M(495M) 0.150ms
[17.760s][info ][gc,cpu         ] GC(904) User=0.00s Sys=0.00s Real=0.00s
[17.770s][info ][gc,start       ] GC(905) Pause Young (Allocation Failure)
[17.770s][debug][gc,age         ] GC(905) Desired survivor size 8945664 bytes, new threshold 15 (max threshold 15)
[17.770s][trace][gc,age         ] GC(905) Age table with threshold 15 (max threshold 15)
[17.770s][trace][gc,age         ] GC(905) - age   1:        192 bytes,        192 total
[17.770s][info ][gc,heap        ] GC(905) DefNew: 139904K(157376K)->0K(157376K) Eden: 139904K(139904K)->0K(139904K) From: 0K(17472K)->0K(17472K)
[17.770s][info ][gc,heap        ] GC(905) Tenured: 3959K(349568K)->3959K(349568K)
[17.770s][info ][gc,metaspace   ] GC(905) Metaspace: 9888K(10176K)->9888K(10176K) NonClass: 8754K(8896K)->8754K(8896K) Class: 1134K(1280K)->1134K(1280K)
[17.770s][info ][gc             ] GC(905) Pause Young (Allocation Failure) 140M->3M(495M) 0.152ms
[17.770s][info ][gc,cpu         ] GC(905) User=0.00s Sys=0.00s Real=0.01s
[17.780s][info ][gc,start       ] GC(906) Pause Young (Allocation Failure)
[17.780s][debug][gc,age         ] GC(906) Desired survivor size 8945664 bytes, new threshold 15 (max threshold 15)
[17.780s][trace][gc,age         ] GC(906) Age table with threshold 15 (max threshold 15)
[17.780s][trace][gc,age         ] GC(906) - age   1:        192 bytes,        192 total
[17.780s][info ][gc,heap        ] GC(906) DefNew: 139904K(157376K)->0K(157376K) Eden: 139904K(139904K)->0K(139904K) From: 0K(17472K)->0K(17472K)
[17.780s][info ][gc,heap        ] GC(906) Tenured: 3959K(349568K)->3959K(349568K)
[17.780s][info ][gc,metaspace   ] GC(906) Metaspace: 9888K(10176K)->9888K(10176K) NonClass: 8754K(8896K)->8754K(8896K) Class: 1134K(1280K)->1134K(1280K)
[17.780s][info ][gc             ] GC(906) Pause Young (Allocation Failure) 140M->3M(495M) 0.152ms
[17.780s][info ][gc,cpu         ] GC(906) User=0.00s Sys=0.00s Real=0.00s
[17.790s][info ][gc,start       ] GC(907) Pause Young (Allocation Failure)
[17.790s][debug][gc,age         ] GC(907) Desired survivor size 8945664 bytes, new threshold 15 (max threshold 15)
[17.790s][trace][gc,age         ] GC(907) Age table with threshold 15 (max threshold 15)
[17.790s][trace][gc,age         ] GC(907) - age   1:        192 bytes,        192 total
[17.790s][info ][gc,heap        ] GC(907) DefNew: 139904K(157376K)->0K(157376K) Eden: 139904K(139904K)->0K(139904K) From: 0K(17472K)->0K(17472K)
[17.790s][info ][gc,heap        ] GC(907) Tenured: 3959K(349568K)->3959K(349568K)
[17.790s][info ][gc,metaspace   ] GC(907) Metaspace: 9888K(10176K)->9888K(10176K) NonClass: 8754K(8896K)->8754K(8896K) Class: 1134K(1280K)->1134K(1280K)
[17.790s][info ][gc             ] GC(907) Pause Young (Allocation Failure) 140M->3M(495M) 0.148ms
[17.790s][info ][gc,cpu         ] GC(907) User=0.00s Sys=0.00s Real=0.00s
[17.801s][info ][gc,start       ] GC(908) Pause Young (Allocation Failure)
[17.801s][debug][gc,age         ] GC(908) Desired survivor size 8945664 bytes, new threshold 15 (max threshold 15)
[17.801s][trace][gc,age         ] GC(908) Age table with threshold 15 (max threshold 15)
[17.801s][trace][gc,age         ] GC(908) - age   1:        192 bytes,        192 total
[17.801s][info ][gc,heap        ] GC(908) DefNew: 139904K(157376K)->0K(157376K) Eden: 139904K(139904K)->0K(139904K) From: 0K(17472K)->0K(17472K)
[17.801s][info ][gc,heap        ] GC(908) Tenured: 3959K(349568K)->3959K(349568K)
[17.801s][info ][gc,metaspace   ] GC(908) Metaspace: 9888K(10176K)->9888K(10176K) NonClass: 8754K(8896K)->8754K(8896K) Class: 1134K(1280K)->1134K(1280K)
[17.801s][info ][gc             ] GC(908) Pause Young (Allocation Failure) 140M->3M(495M) 0.154ms
[17.801s][info ][gc,cpu         ] GC(908) User=0.00s Sys=0.00s Real=0.00s
[17.811s][info ][gc,start       ] GC(909) Pause Young (Allocation Failure)
[17.811s][debug][gc,age         ] GC(909) Desired survivor size 8945664 bytes, new threshold 15 (max threshold 15)
[17.811s][trace][gc,age         ] GC(909) Age table with threshold 15 (max threshold 15)
[17.811s][trace][gc,age         ] GC(909) - age   1:        192 bytes,        192 total
[17.811s][info ][gc,heap        ] GC(909) DefNew: 139904K(157376K)->0K(157376K) Eden: 139904K(139904K)->0K(139904K) From: 0K(17472K)->0K(17472K)
[17.811s][info ][gc,heap        ] GC(909) Tenured: 3959K(349568K)->3959K(349568K)
[17.811s][info ][gc,metaspace   ] GC(909) Metaspace: 9888K(10176K)->9888K(10176K) NonClass: 8754K(8896K)->8754K(8896K) Class: 1134K(1280K)->1134K(1280K)
[17.811s][info ][gc             ] GC(909) Pause Young (Allocation Failure) 140M->3M(495M) 0.150ms
[17.811s][info ][gc,cpu         ] GC(909) User=0.00s Sys=0.00s Real=0.00s
[17.821s][info ][gc,start       ] GC(910) Pause Young (Allocation Failure)
[17.821s][debug][gc,age         ] GC(910) Desired survivor size 8945664 bytes, new threshold 15 (max threshold 15)
[17.821s][trace][gc,age         ] GC(910) Age table with threshold 15 (max threshold 15)
[17.821s][trace][gc,age         ] GC(910) - age   1:        192 bytes,        192 total
[17.821s][info ][gc,heap        ] GC(910) DefNew: 139904K(157376K)->0K(157376K) Eden: 139904K(139904K)->0K(139904K) From: 0K(17472K)->0K(17472K)
[17.821s][info ][gc,heap        ] GC(910) Tenured: 3959K(349568K)->3959K(349568K)
[17.821s][info ][gc,metaspace   ] GC(910) Metaspace: 9888K(10176K)->9888K(10176K) NonClass: 8754K(8896K)->8754K(8896K) Class: 1134K(1280K)->1134K(1280K)
[17.821s][info ][gc             ] GC(910) Pause Young (Allocation Failure) 140M->3M(495M) 0.148ms
[17.821s][info ][gc,cpu         ] GC(910) User=0.00s Sys=0.00s Real=0.00s
[17.831s][info ][gc,start       ] GC(911) Pause Young (Allocation Failure)
[17.831s][debug][gc,age         ] GC(911) Desired survivor size 8945664 bytes, new threshold 15 (max threshold 15)
[17.831s][trace][gc,age         ] GC(911) Age table with threshold 15 (max threshold 15)
[17.831s][trace][gc,age         ] GC(911) - age   1:        192 bytes,        192 total
[17.831s][info ][gc,heap        ] GC(911) DefNew: 139904K(157376K)->0K(157376K) Eden: 139904K(139904K)->0K(139904K) From: 0K(17472K)->0K(17472K)
[17.831s][info ][gc,heap        ] GC(911) Tenured: 3959K(349568K)->3959K(349568K)
[17.831s][info ][gc,metaspace   ] GC(911) Metaspace: 9888K(10176K)->9888K(10176K) NonClass: 8754K(8896K)->8754K(8896K) Class: 1134K(1280K)->1134K(1280K)
[17.831s][info ][gc             ] GC(911) Pause Young (Allocation Failure) 140M->3M(495M) 0.149ms
[17.831s][info ][gc,cpu         ] GC(911) User=0.00s Sys=0.00s Real=0.00s
[17.841s][info ][gc,start       ] GC(912) Pause Young (Allocation Failure)
[17.841s][debug][gc,age         ] GC(912) Desired survivor size 8945664 bytes, new threshold 15 (max threshold 15)
[17.841s][trace][gc,age         ] GC(912) Age table with threshold 15 (max threshold 15)
[17.841s][trace][gc,age         ] GC(912) - age   1:        192 bytes,        192 total
[17.841s][info ][gc,heap        ] GC(912) DefNew: 139904K(157376K)->0K(157376K) Eden: 139904K(139904K)->0K(139904K) From: 0K(17472K)->0K(17472K)
[17.841s][info ][gc,heap        ] GC(912) Tenured: 3959K(349568K)->3959K(349568K)
[17.841s][info ][gc,metaspace   ] GC(912) Metaspace: 9888K(10176K)->9888K(10176K) NonClass: 8754K(8896K)->8754K(8896K) Class: 1134K(1280K)->1134K(1280K)
[17.841s][info ][gc             ] GC(912) Pause Young (Allocation Failure) 140M->3M(495M) 0.161ms
[17.841s][info ][gc,cpu         ] GC(912) User=0.00s Sys=0.00s Real=0.00s
[17.851s][info ][gc,start       ] GC(913) Pause Young (Allocation Failure)
[17.852s][debug][gc,age         ] GC(913) Desired survivor size 8945664 bytes, new threshold 15 (max threshold 15)
[17.852s][trace][gc,age         ] GC(913) Age table with threshold 15 (max threshold 15)
[17.852s][trace][gc,age         ] GC(913) - age   1:        192 bytes,        192 total
[17.852s][info ][gc,heap        ] GC(913) DefNew: 139904K(157376K)->0K(157376K) Eden: 139904K(139904K)->0K(139904K) From: 0K(17472K)->0K(17472K)
[17.852s][info ][gc,heap        ] GC(913) Tenured: 3959K(349568K)->3959K(349568K)
[17.852s][info ][gc,metaspace   ] GC(913) Metaspace: 9888K(10176K)->9888K(10176K) NonClass: 8754K(8896K)->8754K(8896K) Class: 1134K(1280K)->1134K(1280K)
[17.852s][info ][gc             ] GC(913) Pause Young (Allocation Failure) 140M->3M(495M) 0.156ms
[17.852s][info ][gc,cpu         ] GC(913) User=0.00s Sys=0.00s Real=0.00s
[17.862s][info ][gc,start       ] GC(914) Pause Young (Allocation Failure)
[17.862s][debug][gc,age         ] GC(914) Desired survivor size 8945664 bytes, new threshold 15 (max threshold 15)
[17.862s][trace][gc,age         ] GC(914) Age table with threshold 15 (max threshold 15)
[17.862s][trace][gc,age         ] GC(914) - age   1:        192 bytes,        192 total
[17.862s][info ][gc,heap        ] GC(914) DefNew: 139904K(157376K)->0K(157376K) Eden: 139904K(139904K)->0K(139904K) From: 0K(17472K)->0K(17472K)
[17.862s][info ][gc,heap        ] GC(914) Tenured: 3959K(349568K)->3959K(349568K)
[17.862s][info ][gc,metaspace   ] GC(914) Metaspace: 9888K(10176K)->9888K(10176K) NonClass: 8754K(8896K)->8754K(8896K) Class: 1134K(1280K)->1134K(1280K)
[17.862s][info ][gc             ] GC(914) Pause Young (Allocation Failure) 140M->3M(495M) 0.154ms
[17.862s][info ][gc,cpu         ] GC(914) User=0.00s Sys=0.00s Real=0.00s
[17.872s][info ][gc,start       ] GC(915) Pause Young (Allocation Failure)
[17.872s][debug][gc,age         ] GC(915) Desired survivor size 8945664 bytes, new threshold 15 (max threshold 15)
[17.872s][trace][gc,age         ] GC(915) Age table with threshold 15 (max threshold 15)
[17.872s][trace][gc,age         ] GC(915) - age   1:        192 bytes,        192 total
[17.872s][info ][gc,heap        ] GC(915) DefNew: 139904K(157376K)->0K(157376K) Eden: 139904K(139904K)->0K(139904K) From: 0K(17472K)->0K(17472K)
[17.872s][info ][gc,heap        ] GC(915) Tenured: 3959K(349568K)->3959K(349568K)
[17.872s][info ][gc,metaspace   ] GC(915) Metaspace: 9888K(10176K)->9888K(10176K) NonClass: 8754K(8896K)->8754K(8896K) Class: 1134K(1280K)->1134K(1280K)
[17.872s][info ][gc             ] GC(915) Pause Young (Allocation Failure) 140M->3M(495M) 0.148ms
[17.872s][info ][gc,cpu         ] GC(915) User=0.00s Sys=0.00s Real=0.00s
[17.882s][info ][gc,start       ] GC(916) Pause Young (Allocation Failure)
[17.882s][debug][gc,age         ] GC(916) Desired survivor size 8945664 bytes, new threshold 15 (max threshold 15)
[17.882s][trace][gc,age         ] GC(916) Age table with threshold 15 (max threshold 15)
[17.882s][trace][gc,age         ] GC(916) - age   1:        192 bytes,        192 total
[17.882s][info ][gc,heap        ] GC(916) DefNew: 139904K(157376K)->0K(157376K) Eden: 139904K(139904K)->0K(139904K) From: 0K(17472K)->0K(17472K)
[17.882s][info ][gc,heap        ] GC(916) Tenured: 3959K(349568K)->3959K(349568K)
[17.882s][info ][gc,metaspace   ] GC(916) Metaspace: 9888K(10176K)->9888K(10176K) NonClass: 8754K(8896K)->8754K(8896K) Class: 1134K(1280K)->1134K(1280K)
[17.882s][info ][gc             ] GC(916) Pause Young (Allocation Failure) 140M->3M(495M) 0.145ms
[17.882s][info ][gc,cpu         ] GC(916) User=0.00s Sys=0.00s Real=0.00s
[17.892s][info ][gc,start       ] GC(917) Pause Young (Allocation Failure)
[17.892s][debug][gc,age         ] GC(917) Desired survivor size 8945664 bytes, new threshold 15 (max threshold 15)
[17.892s][trace][gc,age         ] GC(917) Age table with threshold 15 (max threshold 15)
[17.892s][trace][gc,age         ] GC(917) - age   1:        192 bytes,        192 total
[17.892s][info ][gc,heap        ] GC(917) DefNew: 139904K(157376K)->0K(157376K) Eden: 139904K(139904K)->0K(139904K) From: 0K(17472K)->0K(17472K)
[17.892s][info ][gc,heap        ] GC(917) Tenured: 3959K(349568K)->3959K(349568K)
[17.892s][info ][gc,metaspace   ] GC(917) Metaspace: 9888K(10176K)->9888K(10176K) NonClass: 8754K(8896K)->8754K(8896K) Class: 1134K(1280K)->1134K(1280K)
[17.892s][info ][gc             ] GC(917) Pause Young (Allocation Failure) 140M->3M(495M) 0.153ms
[17.892s][info ][gc,cpu         ] GC(917) User=0.00s Sys=0.00s Real=0.00s
[17.902s][info ][gc,start       ] GC(918) Pause Young (Allocation Failure)
[17.902s][debug][gc,age         ] GC(918) Desired survivor size 8945664 bytes, new threshold 15 (max threshold 15)
[17.902s][trace][gc,age         ] GC(918) Age table with threshold 15 (max threshold 15)
[17.902s][trace][gc,age         ] GC(918) - age   1:        192 bytes,        192 total
[17.902s][info ][gc,heap        ] GC(918) DefNew: 139904K(157376K)->0K(157376K) Eden: 139904K(139904K)->0K(139904K) From: 0K(17472K)->0K(17472K)
[17.902s][info ][gc,heap        ] GC(918) Tenured: 3959K(349568K)->3959K(349568K)
[17.902s][info ][gc,metaspace   ] GC(918) Metaspace: 9888K(10176K)->9888K(10176K) NonClass: 8754K(8896K)->8754K(8896K) Class: 1134K(1280K)->1134K(1280K)
[17.902s][info ][gc             ] GC(918) Pause Young (Allocation Failure) 140M->3M(495M) 0.149ms
[17.902s][info ][gc,cpu         ] GC(918) User=0.00s Sys=0.00s Real=0.00s
[17.912s][info ][gc,start       ] GC(919) Pause Young (Allocation Failure)
[17.913s][debug][gc,age         ] GC(919) Desired survivor size 8945664 bytes, new threshold 15 (max threshold 15)
[17.913s][trace][gc,age         ] GC(919) Age table with threshold 15 (max threshold 15)
[17.913s][trace][gc,age         ] GC(919) - age   1:        192 bytes,        192 total
[17.913s][info ][gc,heap        ] GC(919) DefNew: 139904K(157376K)->0K(157376K) Eden: 139904K(139904K)->0K(139904K) From: 0K(17472K)->0K(17472K)
[17.913s][info ][gc,heap        ] GC(919) Tenured: 3959K(349568K)->3959K(349568K)
[17.913s][info ][gc,metaspace   ] GC(919) Metaspace: 9888K(10176K)->9888K(10176K) NonClass: 8754K(8896K)->8754K(8896K) Class: 1134K(1280K)->1134K(1280K)
[17.913s][info ][gc             ] GC(919) Pause Young (Allocation Failure) 140M->3M(495M) 0.150ms
[17.913s][info ][gc,cpu         ] GC(919) User=0.00s Sys=0.00s Real=0.00s
[17.923s][info ][gc,start       ] GC(920) Pause Young (Allocation Failure)
[17.923s][debug][gc,age         ] GC(920) Desired survivor size 8945664 bytes, new threshold 15 (max threshold 15)
[17.923s][trace][gc,age         ] GC(920) Age table with threshold 15 (max threshold 15)
[17.923s][trace][gc,age         ] GC(920) - age   1:        192 bytes,        192 total
[17.923s][info ][gc,heap        ] GC(920) DefNew: 139904K(157376K)->0K(157376K) Eden: 139904K(139904K)->0K(139904K) From: 0K(17472K)->0K(17472K)
[17.923s][info ][gc,heap        ] GC(920) Tenured: 3959K(349568K)->3959K(349568K)
[17.923s][info ][gc,metaspace   ] GC(920) Metaspace: 9888K(10176K)->9888K(10176K) NonClass: 8754K(8896K)->8754K(8896K) Class: 1134K(1280K)->1134K(1280K)
[17.923s][info ][gc             ] GC(920) Pause Young (Allocation Failure) 140M->3M(495M) 0.149ms
[17.923s][info ][gc,cpu         ] GC(920) User=0.00s Sys=0.00s Real=0.00s
[17.933s][info ][gc,start       ] GC(921) Pause Young (Allocation Failure)
[17.933s][debug][gc,age         ] GC(921) Desired survivor size 8945664 bytes, new threshold 15 (max threshold 15)
[17.933s][trace][gc,age         ] GC(921) Age table with threshold 15 (max threshold 15)
[17.933s][trace][gc,age         ] GC(921) - age   1:        192 bytes,        192 total
[17.933s][info ][gc,heap        ] GC(921) DefNew: 139904K(157376K)->0K(157376K) Eden: 139904K(139904K)->0K(139904K) From: 0K(17472K)->0K(17472K)
[17.933s][info ][gc,heap        ] GC(921) Tenured: 3959K(349568K)->3959K(349568K)
[17.933s][info ][gc,metaspace   ] GC(921) Metaspace: 9888K(10176K)->9888K(10176K) NonClass: 8754K(8896K)->8754K(8896K) Class: 1134K(1280K)->1134K(1280K)
[17.933s][info ][gc             ] GC(921) Pause Young (Allocation Failure) 140M->3M(495M) 0.150ms
[17.933s][info ][gc,cpu         ] GC(921) User=0.00s Sys=0.00s Real=0.00s
[17.943s][info ][gc,start       ] GC(922) Pause Young (Allocation Failure)
[17.943s][debug][gc,age         ] GC(922) Desired survivor size 8945664 bytes, new threshold 15 (max threshold 15)
[17.943s][trace][gc,age         ] GC(922) Age table with threshold 15 (max threshold 15)
[17.943s][trace][gc,age         ] GC(922) - age   1:        192 bytes,        192 total
[17.943s][info ][gc,heap        ] GC(922) DefNew: 139904K(157376K)->0K(157376K) Eden: 139904K(139904K)->0K(139904K) From: 0K(17472K)->0K(17472K)
[17.943s][info ][gc,heap        ] GC(922) Tenured: 3959K(349568K)->3959K(349568K)
[17.943s][info ][gc,metaspace   ] GC(922) Metaspace: 9888K(10176K)->9888K(10176K) NonClass: 8754K(8896K)->8754K(8896K) Class: 1134K(1280K)->1134K(1280K)
[17.943s][info ][gc             ] GC(922) Pause Young (Allocation Failure) 140M->3M(495M) 0.148ms
[17.943s][info ][gc,cpu         ] GC(922) User=0.00s Sys=0.00s Real=0.00s
[17.953s][info ][gc,start       ] GC(923) Pause Young (Allocation Failure)
[17.953s][debug][gc,age         ] GC(923) Desired survivor size 8945664 bytes, new threshold 15 (max threshold 15)
[17.953s][trace][gc,age         ] GC(923) Age table with threshold 15 (max threshold 15)
[17.953s][trace][gc,age         ] GC(923) - age   1:        192 bytes,        192 total
[17.953s][info ][gc,heap        ] GC(923) DefNew: 139904K(157376K)->0K(157376K) Eden: 139904K(139904K)->0K(139904K) From: 0K(17472K)->0K(17472K)
[17.953s][info ][gc,heap        ] GC(923) Tenured: 3959K(349568K)->3959K(349568K)
[17.953s][info ][gc,metaspace   ] GC(923) Metaspace: 9888K(10176K)->9888K(10176K) NonClass: 8754K(8896K)->8754K(8896K) Class: 1134K(1280K)->1134K(1280K)
[17.953s][info ][gc             ] GC(923) Pause Young (Allocation Failure) 140M->3M(495M) 0.147ms
[17.953s][info ][gc,cpu         ] GC(923) User=0.00s Sys=0.00s Real=0.00s
[17.963s][info ][gc,start       ] GC(924) Pause Young (Allocation Failure)
[17.963s][debug][gc,age         ] GC(924) Desired survivor size 8945664 bytes, new threshold 15 (max threshold 15)
[17.963s][trace][gc,age         ] GC(924) Age table with threshold 15 (max threshold 15)
[17.963s][trace][gc,age         ] GC(924) - age   1:        192 bytes,        192 total
[17.963s][info ][gc,heap        ] GC(924) DefNew: 139904K(157376K)->0K(157376K) Eden: 139904K(139904K)->0K(139904K) From: 0K(17472K)->0K(17472K)
[17.963s][info ][gc,heap        ] GC(924) Tenured: 3959K(349568K)->3959K(349568K)
[17.963s][info ][gc,metaspace   ] GC(924) Metaspace: 9888K(10176K)->9888K(10176K) NonClass: 8754K(8896K)->8754K(8896K) Class: 1134K(1280K)->1134K(1280K)
[17.963s][info ][gc             ] GC(924) Pause Young (Allocation Failure) 140M->3M(495M) 0.148ms
[17.963s][info ][gc,cpu         ] GC(924) User=0.00s Sys=0.00s Real=0.00s
[17.973s][info ][gc,start       ] GC(925) Pause Young (Allocation Failure)
[17.974s][debug][gc,age         ] GC(925) Desired survivor size 8945664 bytes, new threshold 15 (max threshold 15)
[17.974s][trace][gc,age         ] GC(925) Age table with threshold 15 (max threshold 15)
[17.974s][trace][gc,age         ] GC(925) - age   1:        192 bytes,        192 total
[17.974s][info ][gc,heap        ] GC(925) DefNew: 139904K(157376K)->0K(157376K) Eden: 139904K(139904K)->0K(139904K) From: 0K(17472K)->0K(17472K)
[17.974s][info ][gc,heap        ] GC(925) Tenured: 3959K(349568K)->3959K(349568K)
[17.974s][info ][gc,metaspace   ] GC(925) Metaspace: 9888K(10176K)->9888K(10176K) NonClass: 8754K(8896K)->8754K(8896K) Class: 1134K(1280K)->1134K(1280K)
[17.974s][info ][gc             ] GC(925) Pause Young (Allocation Failure) 140M->3M(495M) 0.150ms
[17.974s][info ][gc,cpu         ] GC(925) User=0.00s Sys=0.00s Real=0.00s
[17.984s][info ][gc,start       ] GC(926) Pause Young (Allocation Failure)
[17.984s][debug][gc,age         ] GC(926) Desired survivor size 8945664 bytes, new threshold 15 (max threshold 15)
[17.984s][trace][gc,age         ] GC(926) Age table with threshold 15 (max threshold 15)
[17.984s][trace][gc,age         ] GC(926) - age   1:        192 bytes,        192 total
[17.984s][info ][gc,heap        ] GC(926) DefNew: 139904K(157376K)->0K(157376K) Eden: 139904K(139904K)->0K(139904K) From: 0K(17472K)->0K(17472K)
[17.984s][info ][gc,heap        ] GC(926) Tenured: 3959K(349568K)->3959K(349568K)
[17.984s][info ][gc,metaspace   ] GC(926) Metaspace: 9888K(10176K)->9888K(10176K) NonClass: 8754K(8896K)->8754K(8896K) Class: 1134K(1280K)->1134K(1280K)
[17.984s][info ][gc             ] GC(926) Pause Young (Allocation Failure) 140M->3M(495M) 0.158ms
[17.984s][info ][gc,cpu         ] GC(926) User=0.00s Sys=0.00s Real=0.00s
[17.994s][info ][gc,start       ] GC(927) Pause Young (Allocation Failure)
[17.994s][debug][gc,age         ] GC(927) Desired survivor size 8945664 bytes, new threshold 15 (max threshold 15)
[17.994s][trace][gc,age         ] GC(927) Age table with threshold 15 (max threshold 15)
[17.994s][trace][gc,age         ] GC(927) - age   1:        192 bytes,        192 total
[17.994s][info ][gc,heap        ] GC(927) DefNew: 139904K(157376K)->0K(157376K) Eden: 139904K(139904K)->0K(139904K) From: 0K(17472K)->0K(17472K)
[17.994s][info ][gc,heap        ] GC(927) Tenured: 3959K(349568K)->3959K(349568K)
[17.994s][info ][gc,metaspace   ] GC(927) Metaspace: 9888K(10176K)->9888K(10176K) NonClass: 8754K(8896K)->8754K(8896K) Class: 1134K(1280K)->1134K(1280K)
[17.994s][info ][gc             ] GC(927) Pause Young (Allocation Failure) 140M->3M(495M) 0.149ms
[17.994s][info ][gc,cpu         ] GC(927) User=0.00s Sys=0.00s Real=0.00s
[18.004s][info ][gc,start       ] GC(928) Pause Young (Allocation Failure)
[18.004s][debug][gc,age         ] GC(928) Desired survivor size 8945664 bytes, new threshold 15 (max threshold 15)
[18.004s][trace][gc,age         ] GC(928) Age table with threshold 15 (max threshold 15)
[18.004s][trace][gc,age         ] GC(928) - age   1:        192 bytes,        192 total
[18.004s][info ][gc,heap        ] GC(928) DefNew: 139904K(157376K)->0K(157376K) Eden: 139904K(139904K)->0K(139904K) From: 0K(17472K)->0K(17472K)
[18.004s][info ][gc,heap        ] GC(928) Tenured: 3959K(349568K)->3959K(349568K)
[18.004s][info ][gc,metaspace   ] GC(928) Metaspace: 9888K(10176K)->9888K(10176K) NonClass: 8754K(8896K)->8754K(8896K) Class: 1134K(1280K)->1134K(1280K)
[18.004s][info ][gc             ] GC(928) Pause Young (Allocation Failure) 140M->3M(495M) 0.157ms
[18.004s][info ][gc,cpu         ] GC(928) User=0.00s Sys=0.00s Real=0.00s
[18.014s][info ][gc,start       ] GC(929) Pause Young (Allocation Failure)
[18.014s][debug][gc,age         ] GC(929) Desired survivor size 8945664 bytes, new threshold 15 (max threshold 15)
[18.014s][trace][gc,age         ] GC(929) Age table with threshold 15 (max threshold 15)
[18.014s][trace][gc,age         ] GC(929) - age   1:        192 bytes,        192 total
[18.014s][info ][gc,heap        ] GC(929) DefNew: 139904K(157376K)->0K(157376K) Eden: 139904K(139904K)->0K(139904K) From: 0K(17472K)->0K(17472K)
[18.014s][info ][gc,heap        ] GC(929) Tenured: 3959K(349568K)->3959K(349568K)
[18.014s][info ][gc,metaspace   ] GC(929) Metaspace: 9888K(10176K)->9888K(10176K) NonClass: 8754K(8896K)->8754K(8896K) Class: 1134K(1280K)->1134K(1280K)
[18.014s][info ][gc             ] GC(929) Pause Young (Allocation Failure) 140M->3M(495M) 0.154ms
[18.014s][info ][gc,cpu         ] GC(929) User=0.00s Sys=0.00s Real=0.00s
[18.024s][info ][gc,start       ] GC(930) Pause Young (Allocation Failure)
[18.024s][debug][gc,age         ] GC(930) Desired survivor size 8945664 bytes, new threshold 15 (max threshold 15)
[18.024s][trace][gc,age         ] GC(930) Age table with threshold 15 (max threshold 15)
[18.024s][trace][gc,age         ] GC(930) - age   1:        192 bytes,        192 total
[18.024s][info ][gc,heap        ] GC(930) DefNew: 139904K(157376K)->0K(157376K) Eden: 139904K(139904K)->0K(139904K) From: 0K(17472K)->0K(17472K)
[18.024s][info ][gc,heap        ] GC(930) Tenured: 3959K(349568K)->3959K(349568K)
[18.024s][info ][gc,metaspace   ] GC(930) Metaspace: 9888K(10176K)->9888K(10176K) NonClass: 8754K(8896K)->8754K(8896K) Class: 1134K(1280K)->1134K(1280K)
[18.024s][info ][gc             ] GC(930) Pause Young (Allocation Failure) 140M->3M(495M) 0.149ms
[18.024s][info ][gc,cpu         ] GC(930) User=0.01s Sys=0.00s Real=0.00s
[18.035s][info ][gc,start       ] GC(931) Pause Young (Allocation Failure)
[18.035s][debug][gc,age         ] GC(931) Desired survivor size 8945664 bytes, new threshold 15 (max threshold 15)
[18.035s][trace][gc,age         ] GC(931) Age table with threshold 15 (max threshold 15)
[18.035s][trace][gc,age         ] GC(931) - age   1:        192 bytes,        192 total
[18.035s][info ][gc,heap        ] GC(931) DefNew: 139904K(157376K)->0K(157376K) Eden: 139904K(139904K)->0K(139904K) From: 0K(17472K)->0K(17472K)
[18.035s][info ][gc,heap        ] GC(931) Tenured: 3959K(349568K)->3959K(349568K)
[18.035s][info ][gc,metaspace   ] GC(931) Metaspace: 9888K(10176K)->9888K(10176K) NonClass: 8754K(8896K)->8754K(8896K) Class: 1134K(1280K)->1134K(1280K)
[18.035s][info ][gc             ] GC(931) Pause Young (Allocation Failure) 140M->3M(495M) 0.148ms
[18.035s][info ][gc,cpu         ] GC(931) User=0.00s Sys=0.00s Real=0.00s
[18.045s][info ][gc,start       ] GC(932) Pause Young (Allocation Failure)
[18.045s][debug][gc,age         ] GC(932) Desired survivor size 8945664 bytes, new threshold 15 (max threshold 15)
[18.045s][trace][gc,age         ] GC(932) Age table with threshold 15 (max threshold 15)
[18.045s][trace][gc,age         ] GC(932) - age   1:        192 bytes,        192 total
[18.045s][info ][gc,heap        ] GC(932) DefNew: 139904K(157376K)->0K(157376K) Eden: 139904K(139904K)->0K(139904K) From: 0K(17472K)->0K(17472K)
[18.045s][info ][gc,heap        ] GC(932) Tenured: 3959K(349568K)->3959K(349568K)
[18.045s][info ][gc,metaspace   ] GC(932) Metaspace: 9888K(10176K)->9888K(10176K) NonClass: 8754K(8896K)->8754K(8896K) Class: 1134K(1280K)->1134K(1280K)
[18.045s][info ][gc             ] GC(932) Pause Young (Allocation Failure) 140M->3M(495M) 0.151ms
[18.045s][info ][gc,cpu         ] GC(932) User=0.00s Sys=0.00s Real=0.00s
[18.055s][info ][gc,start       ] GC(933) Pause Young (Allocation Failure)
[18.055s][debug][gc,age         ] GC(933) Desired survivor size 8945664 bytes, new threshold 15 (max threshold 15)
[18.055s][trace][gc,age         ] GC(933) Age table with threshold 15 (max threshold 15)
[18.055s][trace][gc,age         ] GC(933) - age   1:        192 bytes,        192 total
[18.055s][info ][gc,heap        ] GC(933) DefNew: 139904K(157376K)->0K(157376K) Eden: 139904K(139904K)->0K(139904K) From: 0K(17472K)->0K(17472K)
[18.055s][info ][gc,heap        ] GC(933) Tenured: 3959K(349568K)->3959K(349568K)
[18.055s][info ][gc,metaspace   ] GC(933) Metaspace: 9888K(10176K)->9888K(10176K) NonClass: 8754K(8896K)->8754K(8896K) Class: 1134K(1280K)->1134K(1280K)
[18.055s][info ][gc             ] GC(933) Pause Young (Allocation Failure) 140M->3M(495M) 0.147ms
[18.055s][info ][gc,cpu         ] GC(933) User=0.00s Sys=0.00s Real=0.00s
[18.065s][info ][gc,start       ] GC(934) Pause Young (Allocation Failure)
[18.065s][debug][gc,age         ] GC(934) Desired survivor size 8945664 bytes, new threshold 15 (max threshold 15)
[18.065s][trace][gc,age         ] GC(934) Age table with threshold 15 (max threshold 15)
[18.065s][trace][gc,age         ] GC(934) - age   1:        192 bytes,        192 total
[18.065s][info ][gc,heap        ] GC(934) DefNew: 139904K(157376K)->0K(157376K) Eden: 139904K(139904K)->0K(139904K) From: 0K(17472K)->0K(17472K)
[18.065s][info ][gc,heap        ] GC(934) Tenured: 3959K(349568K)->3959K(349568K)
[18.065s][info ][gc,metaspace   ] GC(934) Metaspace: 9888K(10176K)->9888K(10176K) NonClass: 8754K(8896K)->8754K(8896K) Class: 1134K(1280K)->1134K(1280K)
[18.065s][info ][gc             ] GC(934) Pause Young (Allocation Failure) 140M->3M(495M) 0.155ms
[18.065s][info ][gc,cpu         ] GC(934) User=0.00s Sys=0.00s Real=0.00s
[18.075s][info ][gc,start       ] GC(935) Pause Young (Allocation Failure)
[18.075s][debug][gc,age         ] GC(935) Desired survivor size 8945664 bytes, new threshold 15 (max threshold 15)
[18.075s][trace][gc,age         ] GC(935) Age table with threshold 15 (max threshold 15)
[18.075s][trace][gc,age         ] GC(935) - age   1:        192 bytes,        192 total
[18.075s][info ][gc,heap        ] GC(935) DefNew: 139904K(157376K)->0K(157376K) Eden: 139904K(139904K)->0K(139904K) From: 0K(17472K)->0K(17472K)
[18.075s][info ][gc,heap        ] GC(935) Tenured: 3959K(349568K)->3959K(349568K)
[18.075s][info ][gc,metaspace   ] GC(935) Metaspace: 9888K(10176K)->9888K(10176K) NonClass: 8754K(8896K)->8754K(8896K) Class: 1134K(1280K)->1134K(1280K)
[18.075s][info ][gc             ] GC(935) Pause Young (Allocation Failure) 140M->3M(495M) 0.152ms
[18.075s][info ][gc,cpu         ] GC(935) User=0.00s Sys=0.00s Real=0.00s
[18.085s][info ][gc,start       ] GC(936) Pause Young (Allocation Failure)
[18.086s][debug][gc,age         ] GC(936) Desired survivor size 8945664 bytes, new threshold 15 (max threshold 15)
[18.086s][trace][gc,age         ] GC(936) Age table with threshold 15 (max threshold 15)
[18.086s][trace][gc,age         ] GC(936) - age   1:        192 bytes,        192 total
[18.086s][info ][gc,heap        ] GC(936) DefNew: 139904K(157376K)->0K(157376K) Eden: 139904K(139904K)->0K(139904K) From: 0K(17472K)->0K(17472K)
[18.086s][info ][gc,heap        ] GC(936) Tenured: 3959K(349568K)->3959K(349568K)
[18.086s][info ][gc,metaspace   ] GC(936) Metaspace: 9888K(10176K)->9888K(10176K) NonClass: 8754K(8896K)->8754K(8896K) Class: 1134K(1280K)->1134K(1280K)
[18.086s][info ][gc             ] GC(936) Pause Young (Allocation Failure) 140M->3M(495M) 0.156ms
[18.086s][info ][gc,cpu         ] GC(936) User=0.00s Sys=0.00s Real=0.00s
[18.096s][info ][gc,start       ] GC(937) Pause Young (Allocation Failure)
[18.096s][debug][gc,age         ] GC(937) Desired survivor size 8945664 bytes, new threshold 15 (max threshold 15)
[18.096s][trace][gc,age         ] GC(937) Age table with threshold 15 (max threshold 15)
[18.096s][trace][gc,age         ] GC(937) - age   1:        192 bytes,        192 total
[18.096s][info ][gc,heap        ] GC(937) DefNew: 139904K(157376K)->0K(157376K) Eden: 139904K(139904K)->0K(139904K) From: 0K(17472K)->0K(17472K)
[18.096s][info ][gc,heap        ] GC(937) Tenured: 3959K(349568K)->3959K(349568K)
[18.096s][info ][gc,metaspace   ] GC(937) Metaspace: 9888K(10176K)->9888K(10176K) NonClass: 8754K(8896K)->8754K(8896K) Class: 1134K(1280K)->1134K(1280K)
[18.096s][info ][gc             ] GC(937) Pause Young (Allocation Failure) 140M->3M(495M) 0.152ms
[18.096s][info ][gc,cpu         ] GC(937) User=0.00s Sys=0.00s Real=0.00s
[18.106s][info ][gc,start       ] GC(938) Pause Young (Allocation Failure)
[18.106s][debug][gc,age         ] GC(938) Desired survivor size 8945664 bytes, new threshold 15 (max threshold 15)
[18.106s][trace][gc,age         ] GC(938) Age table with threshold 15 (max threshold 15)
[18.106s][trace][gc,age         ] GC(938) - age   1:        192 bytes,        192 total
[18.106s][info ][gc,heap        ] GC(938) DefNew: 139904K(157376K)->0K(157376K) Eden: 139904K(139904K)->0K(139904K) From: 0K(17472K)->0K(17472K)
[18.106s][info ][gc,heap        ] GC(938) Tenured: 3959K(349568K)->3959K(349568K)
[18.106s][info ][gc,metaspace   ] GC(938) Metaspace: 9888K(10176K)->9888K(10176K) NonClass: 8754K(8896K)->8754K(8896K) Class: 1134K(1280K)->1134K(1280K)
[18.106s][info ][gc             ] GC(938) Pause Young (Allocation Failure) 140M->3M(495M) 0.147ms
[18.106s][info ][gc,cpu         ] GC(938) User=0.00s Sys=0.00s Real=0.00s
[18.116s][info ][gc,start       ] GC(939) Pause Young (Allocation Failure)
[18.116s][debug][gc,age         ] GC(939) Desired survivor size 8945664 bytes, new threshold 15 (max threshold 15)
[18.116s][trace][gc,age         ] GC(939) Age table with threshold 15 (max threshold 15)
[18.116s][trace][gc,age         ] GC(939) - age   1:        192 bytes,        192 total
[18.116s][info ][gc,heap        ] GC(939) DefNew: 139904K(157376K)->0K(157376K) Eden: 139904K(139904K)->0K(139904K) From: 0K(17472K)->0K(17472K)
[18.116s][info ][gc,heap        ] GC(939) Tenured: 3959K(349568K)->3959K(349568K)
[18.116s][info ][gc,metaspace   ] GC(939) Metaspace: 9888K(10176K)->9888K(10176K) NonClass: 8754K(8896K)->8754K(8896K) Class: 1134K(1280K)->1134K(1280K)
[18.116s][info ][gc             ] GC(939) Pause Young (Allocation Failure) 140M->3M(495M) 0.150ms
[18.116s][info ][gc,cpu         ] GC(939) User=0.00s Sys=0.00s Real=0.00s
[18.126s][info ][gc,start       ] GC(940) Pause Young (Allocation Failure)
[18.126s][debug][gc,age         ] GC(940) Desired survivor size 8945664 bytes, new threshold 15 (max threshold 15)
[18.126s][trace][gc,age         ] GC(940) Age table with threshold 15 (max threshold 15)
[18.126s][trace][gc,age         ] GC(940) - age   1:        192 bytes,        192 total
[18.126s][info ][gc,heap        ] GC(940) DefNew: 139904K(157376K)->0K(157376K) Eden: 139904K(139904K)->0K(139904K) From: 0K(17472K)->0K(17472K)
[18.126s][info ][gc,heap        ] GC(940) Tenured: 3959K(349568K)->3959K(349568K)
[18.126s][info ][gc,metaspace   ] GC(940) Metaspace: 9888K(10176K)->9888K(10176K) NonClass: 8754K(8896K)->8754K(8896K) Class: 1134K(1280K)->1134K(1280K)
[18.126s][info ][gc             ] GC(940) Pause Young (Allocation Failure) 140M->3M(495M) 0.148ms
[18.126s][info ][gc,cpu         ] GC(940) User=0.00s Sys=0.00s Real=0.00s
[18.136s][info ][gc,start       ] GC(941) Pause Young (Allocation Failure)
[18.137s][debug][gc,age         ] GC(941) Desired survivor size 8945664 bytes, new threshold 15 (max threshold 15)
[18.137s][trace][gc,age         ] GC(941) Age table with threshold 15 (max threshold 15)
[18.137s][trace][gc,age         ] GC(941) - age   1:        192 bytes,        192 total
[18.137s][info ][gc,heap        ] GC(941) DefNew: 139904K(157376K)->0K(157376K) Eden: 139904K(139904K)->0K(139904K) From: 0K(17472K)->0K(17472K)
[18.137s][info ][gc,heap        ] GC(941) Tenured: 3959K(349568K)->3959K(349568K)
[18.137s][info ][gc,metaspace   ] GC(941) Metaspace: 9888K(10176K)->9888K(10176K) NonClass: 8754K(8896K)->8754K(8896K) Class: 1134K(1280K)->1134K(1280K)
[18.137s][info ][gc             ] GC(941) Pause Young (Allocation Failure) 140M->3M(495M) 0.148ms
[18.137s][info ][gc,cpu         ] GC(941) User=0.00s Sys=0.00s Real=0.00s
[18.147s][info ][gc,start       ] GC(942) Pause Young (Allocation Failure)
[18.147s][debug][gc,age         ] GC(942) Desired survivor size 8945664 bytes, new threshold 15 (max threshold 15)
[18.147s][trace][gc,age         ] GC(942) Age table with threshold 15 (max threshold 15)
[18.147s][trace][gc,age         ] GC(942) - age   1:        192 bytes,        192 total
[18.147s][info ][gc,heap        ] GC(942) DefNew: 139904K(157376K)->0K(157376K) Eden: 139904K(139904K)->0K(139904K) From: 0K(17472K)->0K(17472K)
[18.147s][info ][gc,heap        ] GC(942) Tenured: 3959K(349568K)->3959K(349568K)
[18.147s][info ][gc,metaspace   ] GC(942) Metaspace: 9888K(10176K)->9888K(10176K) NonClass: 8754K(8896K)->8754K(8896K) Class: 1134K(1280K)->1134K(1280K)
[18.147s][info ][gc             ] GC(942) Pause Young (Allocation Failure) 140M->3M(495M) 0.146ms
[18.147s][info ][gc,cpu         ] GC(942) User=0.00s Sys=0.00s Real=0.00s
[18.157s][info ][gc,start       ] GC(943) Pause Young (Allocation Failure)
[18.157s][debug][gc,age         ] GC(943) Desired survivor size 8945664 bytes, new threshold 15 (max threshold 15)
[18.157s][trace][gc,age         ] GC(943) Age table with threshold 15 (max threshold 15)
[18.157s][trace][gc,age         ] GC(943) - age   1:        192 bytes,        192 total
[18.157s][info ][gc,heap        ] GC(943) DefNew: 139904K(157376K)->0K(157376K) Eden: 139904K(139904K)->0K(139904K) From: 0K(17472K)->0K(17472K)
[18.157s][info ][gc,heap        ] GC(943) Tenured: 3959K(349568K)->3959K(349568K)
[18.157s][info ][gc,metaspace   ] GC(943) Metaspace: 9888K(10176K)->9888K(10176K) NonClass: 8754K(8896K)->8754K(8896K) Class: 1134K(1280K)->1134K(1280K)
[18.157s][info ][gc             ] GC(943) Pause Young (Allocation Failure) 140M->3M(495M) 0.153ms
[18.157s][info ][gc,cpu         ] GC(943) User=0.00s Sys=0.00s Real=0.00s
[18.167s][info ][gc,start       ] GC(944) Pause Young (Allocation Failure)
[18.167s][debug][gc,age         ] GC(944) Desired survivor size 8945664 bytes, new threshold 15 (max threshold 15)
[18.167s][trace][gc,age         ] GC(944) Age table with threshold 15 (max threshold 15)
[18.167s][trace][gc,age         ] GC(944) - age   1:        192 bytes,        192 total
[18.167s][info ][gc,heap        ] GC(944) DefNew: 139904K(157376K)->0K(157376K) Eden: 139904K(139904K)->0K(139904K) From: 0K(17472K)->0K(17472K)
[18.167s][info ][gc,heap        ] GC(944) Tenured: 3959K(349568K)->3959K(349568K)
[18.167s][info ][gc,metaspace   ] GC(944) Metaspace: 9888K(10176K)->9888K(10176K) NonClass: 8754K(8896K)->8754K(8896K) Class: 1134K(1280K)->1134K(1280K)
[18.167s][info ][gc             ] GC(944) Pause Young (Allocation Failure) 140M->3M(495M) 0.146ms
[18.167s][info ][gc,cpu         ] GC(944) User=0.00s Sys=0.00s Real=0.00s
[18.177s][info ][gc,start       ] GC(945) Pause Young (Allocation Failure)
[18.177s][debug][gc,age         ] GC(945) Desired survivor size 8945664 bytes, new threshold 15 (max threshold 15)
[18.177s][trace][gc,age         ] GC(945) Age table with threshold 15 (max threshold 15)
[18.177s][trace][gc,age         ] GC(945) - age   1:        192 bytes,        192 total
[18.177s][info ][gc,heap        ] GC(945) DefNew: 139904K(157376K)->0K(157376K) Eden: 139904K(139904K)->0K(139904K) From: 0K(17472K)->0K(17472K)
[18.177s][info ][gc,heap        ] GC(945) Tenured: 3959K(349568K)->3959K(349568K)
[18.177s][info ][gc,metaspace   ] GC(945) Metaspace: 9888K(10176K)->9888K(10176K) NonClass: 8754K(8896K)->8754K(8896K) Class: 1134K(1280K)->1134K(1280K)
[18.177s][info ][gc             ] GC(945) Pause Young (Allocation Failure) 140M->3M(495M) 0.150ms
[18.177s][info ][gc,cpu         ] GC(945) User=0.00s Sys=0.00s Real=0.00s
[18.187s][info ][gc,start       ] GC(946) Pause Young (Allocation Failure)
[18.187s][debug][gc,age         ] GC(946) Desired survivor size 8945664 bytes, new threshold 15 (max threshold 15)
[18.187s][trace][gc,age         ] GC(946) Age table with threshold 15 (max threshold 15)
[18.187s][trace][gc,age         ] GC(946) - age   1:        192 bytes,        192 total
[18.187s][info ][gc,heap        ] GC(946) DefNew: 139904K(157376K)->0K(157376K) Eden: 139904K(139904K)->0K(139904K) From: 0K(17472K)->0K(17472K)
[18.187s][info ][gc,heap        ] GC(946) Tenured: 3959K(349568K)->3959K(349568K)
[18.187s][info ][gc,metaspace   ] GC(946) Metaspace: 9888K(10176K)->9888K(10176K) NonClass: 8754K(8896K)->8754K(8896K) Class: 1134K(1280K)->1134K(1280K)
[18.187s][info ][gc             ] GC(946) Pause Young (Allocation Failure) 140M->3M(495M) 0.146ms
[18.187s][info ][gc,cpu         ] GC(946) User=0.00s Sys=0.00s Real=0.00s
[18.197s][info ][gc,start       ] GC(947) Pause Young (Allocation Failure)
[18.198s][debug][gc,age         ] GC(947) Desired survivor size 8945664 bytes, new threshold 15 (max threshold 15)
[18.198s][trace][gc,age         ] GC(947) Age table with threshold 15 (max threshold 15)
[18.198s][trace][gc,age         ] GC(947) - age   1:        192 bytes,        192 total
[18.198s][info ][gc,heap        ] GC(947) DefNew: 139904K(157376K)->0K(157376K) Eden: 139904K(139904K)->0K(139904K) From: 0K(17472K)->0K(17472K)
[18.198s][info ][gc,heap        ] GC(947) Tenured: 3959K(349568K)->3959K(349568K)
[18.198s][info ][gc,metaspace   ] GC(947) Metaspace: 9888K(10176K)->9888K(10176K) NonClass: 8754K(8896K)->8754K(8896K) Class: 1134K(1280K)->1134K(1280K)
[18.198s][info ][gc             ] GC(947) Pause Young (Allocation Failure) 140M->3M(495M) 0.153ms
[18.198s][info ][gc,cpu         ] GC(947) User=0.00s Sys=0.00s Real=0.00s
[18.208s][info ][gc,start       ] GC(948) Pause Young (Allocation Failure)
[18.208s][debug][gc,age         ] GC(948) Desired survivor size 8945664 bytes, new threshold 15 (max threshold 15)
[18.208s][trace][gc,age         ] GC(948) Age table with threshold 15 (max threshold 15)
[18.208s][trace][gc,age         ] GC(948) - age   1:        192 bytes,        192 total
[18.208s][info ][gc,heap        ] GC(948) DefNew: 139904K(157376K)->0K(157376K) Eden: 139904K(139904K)->0K(139904K) From: 0K(17472K)->0K(17472K)
[18.208s][info ][gc,heap        ] GC(948) Tenured: 3959K(349568K)->3959K(349568K)
[18.208s][info ][gc,metaspace   ] GC(948) Metaspace: 9888K(10176K)->9888K(10176K) NonClass: 8754K(8896K)->8754K(8896K) Class: 1134K(1280K)->1134K(1280K)
[18.208s][info ][gc             ] GC(948) Pause Young (Allocation Failure) 140M->3M(495M) 0.149ms
[18.208s][info ][gc,cpu         ] GC(948) User=0.00s Sys=0.00s Real=0.00s
[18.218s][info ][gc,start       ] GC(949) Pause Young (Allocation Failure)
[18.218s][debug][gc,age         ] GC(949) Desired survivor size 8945664 bytes, new threshold 15 (max threshold 15)
[18.218s][trace][gc,age         ] GC(949) Age table with threshold 15 (max threshold 15)
[18.218s][trace][gc,age         ] GC(949) - age   1:        192 bytes,        192 total
[18.218s][info ][gc,heap        ] GC(949) DefNew: 139904K(157376K)->0K(157376K) Eden: 139904K(139904K)->0K(139904K) From: 0K(17472K)->0K(17472K)
[18.218s][info ][gc,heap        ] GC(949) Tenured: 3959K(349568K)->3959K(349568K)
[18.218s][info ][gc,metaspace   ] GC(949) Metaspace: 9888K(10176K)->9888K(10176K) NonClass: 8754K(8896K)->8754K(8896K) Class: 1134K(1280K)->1134K(1280K)
[18.218s][info ][gc             ] GC(949) Pause Young (Allocation Failure) 140M->3M(495M) 0.158ms
[18.218s][info ][gc,cpu         ] GC(949) User=0.00s Sys=0.00s Real=0.00s
[18.228s][info ][gc,start       ] GC(950) Pause Young (Allocation Failure)
[18.228s][debug][gc,age         ] GC(950) Desired survivor size 8945664 bytes, new threshold 15 (max threshold 15)
[18.228s][trace][gc,age         ] GC(950) Age table with threshold 15 (max threshold 15)
[18.228s][trace][gc,age         ] GC(950) - age   1:        192 bytes,        192 total
[18.228s][info ][gc,heap        ] GC(950) DefNew: 139904K(157376K)->0K(157376K) Eden: 139904K(139904K)->0K(139904K) From: 0K(17472K)->0K(17472K)
[18.228s][info ][gc,heap        ] GC(950) Tenured: 3959K(349568K)->3959K(349568K)
[18.228s][info ][gc,metaspace   ] GC(950) Metaspace: 9888K(10176K)->9888K(10176K) NonClass: 8754K(8896K)->8754K(8896K) Class: 1134K(1280K)->1134K(1280K)
[18.228s][info ][gc             ] GC(950) Pause Young (Allocation Failure) 140M->3M(495M) 0.148ms
[18.228s][info ][gc,cpu         ] GC(950) User=0.00s Sys=0.00s Real=0.00s
[18.238s][info ][gc,start       ] GC(951) Pause Young (Allocation Failure)
[18.238s][debug][gc,age         ] GC(951) Desired survivor size 8945664 bytes, new threshold 15 (max threshold 15)
[18.238s][trace][gc,age         ] GC(951) Age table with threshold 15 (max threshold 15)
[18.238s][trace][gc,age         ] GC(951) - age   1:        192 bytes,        192 total
[18.238s][info ][gc,heap        ] GC(951) DefNew: 139904K(157376K)->0K(157376K) Eden: 139904K(139904K)->0K(139904K) From: 0K(17472K)->0K(17472K)
[18.238s][info ][gc,heap        ] GC(951) Tenured: 3959K(349568K)->3959K(349568K)
[18.238s][info ][gc,metaspace   ] GC(951) Metaspace: 9888K(10176K)->9888K(10176K) NonClass: 8754K(8896K)->8754K(8896K) Class: 1134K(1280K)->1134K(1280K)
[18.238s][info ][gc             ] GC(951) Pause Young (Allocation Failure) 140M->3M(495M) 0.148ms
[18.238s][info ][gc,cpu         ] GC(951) User=0.00s Sys=0.00s Real=0.00s
[18.248s][info ][gc,start       ] GC(952) Pause Young (Allocation Failure)
[18.249s][debug][gc,age         ] GC(952) Desired survivor size 8945664 bytes, new threshold 15 (max threshold 15)
[18.249s][trace][gc,age         ] GC(952) Age table with threshold 15 (max threshold 15)
[18.249s][trace][gc,age         ] GC(952) - age   1:        192 bytes,        192 total
[18.249s][info ][gc,heap        ] GC(952) DefNew: 139904K(157376K)->0K(157376K) Eden: 139904K(139904K)->0K(139904K) From: 0K(17472K)->0K(17472K)
[18.249s][info ][gc,heap        ] GC(952) Tenured: 3959K(349568K)->3959K(349568K)
[18.249s][info ][gc,metaspace   ] GC(952) Metaspace: 9888K(10176K)->9888K(10176K) NonClass: 8754K(8896K)->8754K(8896K) Class: 1134K(1280K)->1134K(1280K)
[18.249s][info ][gc             ] GC(952) Pause Young (Allocation Failure) 140M->3M(495M) 0.155ms
[18.249s][info ][gc,cpu         ] GC(952) User=0.00s Sys=0.00s Real=0.00s
[18.259s][info ][gc,start       ] GC(953) Pause Young (Allocation Failure)
[18.259s][debug][gc,age         ] GC(953) Desired survivor size 8945664 bytes, new threshold 15 (max threshold 15)
[18.259s][trace][gc,age         ] GC(953) Age table with threshold 15 (max threshold 15)
[18.259s][trace][gc,age         ] GC(953) - age   1:        192 bytes,        192 total
[18.259s][info ][gc,heap        ] GC(953) DefNew: 139904K(157376K)->0K(157376K) Eden: 139904K(139904K)->0K(139904K) From: 0K(17472K)->0K(17472K)
[18.259s][info ][gc,heap        ] GC(953) Tenured: 3959K(349568K)->3959K(349568K)
[18.259s][info ][gc,metaspace   ] GC(953) Metaspace: 9888K(10176K)->9888K(10176K) NonClass: 8754K(8896K)->8754K(8896K) Class: 1134K(1280K)->1134K(1280K)
[18.259s][info ][gc             ] GC(953) Pause Young (Allocation Failure) 140M->3M(495M) 0.149ms
[18.259s][info ][gc,cpu         ] GC(953) User=0.00s Sys=0.00s Real=0.00s
[18.269s][info ][gc,start       ] GC(954) Pause Young (Allocation Failure)
[18.269s][debug][gc,age         ] GC(954) Desired survivor size 8945664 bytes, new threshold 15 (max threshold 15)
[18.269s][trace][gc,age         ] GC(954) Age table with threshold 15 (max threshold 15)
[18.269s][trace][gc,age         ] GC(954) - age   1:        192 bytes,        192 total
[18.269s][info ][gc,heap        ] GC(954) DefNew: 139904K(157376K)->0K(157376K) Eden: 139904K(139904K)->0K(139904K) From: 0K(17472K)->0K(17472K)
[18.269s][info ][gc,heap        ] GC(954) Tenured: 3959K(349568K)->3959K(349568K)
[18.269s][info ][gc,metaspace   ] GC(954) Metaspace: 9888K(10176K)->9888K(10176K) NonClass: 8754K(8896K)->8754K(8896K) Class: 1134K(1280K)->1134K(1280K)
[18.269s][info ][gc             ] GC(954) Pause Young (Allocation Failure) 140M->3M(495M) 0.146ms
[18.269s][info ][gc,cpu         ] GC(954) User=0.00s Sys=0.00s Real=0.00s
[18.279s][info ][gc,start       ] GC(955) Pause Young (Allocation Failure)
[18.279s][debug][gc,age         ] GC(955) Desired survivor size 8945664 bytes, new threshold 15 (max threshold 15)
[18.279s][trace][gc,age         ] GC(955) Age table with threshold 15 (max threshold 15)
[18.279s][trace][gc,age         ] GC(955) - age   1:        192 bytes,        192 total
[18.279s][info ][gc,heap        ] GC(955) DefNew: 139904K(157376K)->0K(157376K) Eden: 139904K(139904K)->0K(139904K) From: 0K(17472K)->0K(17472K)
[18.279s][info ][gc,heap        ] GC(955) Tenured: 3959K(349568K)->3959K(349568K)
[18.279s][info ][gc,metaspace   ] GC(955) Metaspace: 9888K(10176K)->9888K(10176K) NonClass: 8754K(8896K)->8754K(8896K) Class: 1134K(1280K)->1134K(1280K)
[18.279s][info ][gc             ] GC(955) Pause Young (Allocation Failure) 140M->3M(495M) 0.152ms
[18.279s][info ][gc,cpu         ] GC(955) User=0.00s Sys=0.00s Real=0.00s
[18.289s][info ][gc,start       ] GC(956) Pause Young (Allocation Failure)
[18.289s][debug][gc,age         ] GC(956) Desired survivor size 8945664 bytes, new threshold 15 (max threshold 15)
[18.289s][trace][gc,age         ] GC(956) Age table with threshold 15 (max threshold 15)
[18.289s][trace][gc,age         ] GC(956) - age   1:        192 bytes,        192 total
[18.289s][info ][gc,heap        ] GC(956) DefNew: 139904K(157376K)->0K(157376K) Eden: 139904K(139904K)->0K(139904K) From: 0K(17472K)->0K(17472K)
[18.289s][info ][gc,heap        ] GC(956) Tenured: 3959K(349568K)->3959K(349568K)
[18.289s][info ][gc,metaspace   ] GC(956) Metaspace: 9888K(10176K)->9888K(10176K) NonClass: 8754K(8896K)->8754K(8896K) Class: 1134K(1280K)->1134K(1280K)
[18.289s][info ][gc             ] GC(956) Pause Young (Allocation Failure) 140M->3M(495M) 0.155ms
[18.289s][info ][gc,cpu         ] GC(956) User=0.00s Sys=0.00s Real=0.00s
[18.299s][info ][gc,start       ] GC(957) Pause Young (Allocation Failure)
[18.299s][debug][gc,age         ] GC(957) Desired survivor size 8945664 bytes, new threshold 15 (max threshold 15)
[18.299s][trace][gc,age         ] GC(957) Age table with threshold 15 (max threshold 15)
[18.299s][trace][gc,age         ] GC(957) - age   1:        192 bytes,        192 total
[18.299s][info ][gc,heap        ] GC(957) DefNew: 139904K(157376K)->0K(157376K) Eden: 139904K(139904K)->0K(139904K) From: 0K(17472K)->0K(17472K)
[18.299s][info ][gc,heap        ] GC(957) Tenured: 3959K(349568K)->3959K(349568K)
[18.299s][info ][gc,metaspace   ] GC(957) Metaspace: 9888K(10176K)->9888K(10176K) NonClass: 8754K(8896K)->8754K(8896K) Class: 1134K(1280K)->1134K(1280K)
[18.299s][info ][gc             ] GC(957) Pause Young (Allocation Failure) 140M->3M(495M) 0.155ms
[18.299s][info ][gc,cpu         ] GC(957) User=0.00s Sys=0.00s Real=0.00s
[18.309s][info ][gc,start       ] GC(958) Pause Young (Allocation Failure)
[18.310s][debug][gc,age         ] GC(958) Desired survivor size 8945664 bytes, new threshold 15 (max threshold 15)
[18.310s][trace][gc,age         ] GC(958) Age table with threshold 15 (max threshold 15)
[18.310s][trace][gc,age         ] GC(958) - age   1:        192 bytes,        192 total
[18.310s][info ][gc,heap        ] GC(958) DefNew: 139904K(157376K)->0K(157376K) Eden: 139904K(139904K)->0K(139904K) From: 0K(17472K)->0K(17472K)
[18.310s][info ][gc,heap        ] GC(958) Tenured: 3959K(349568K)->3959K(349568K)
[18.310s][info ][gc,metaspace   ] GC(958) Metaspace: 9888K(10176K)->9888K(10176K) NonClass: 8754K(8896K)->8754K(8896K) Class: 1134K(1280K)->1134K(1280K)
[18.310s][info ][gc             ] GC(958) Pause Young (Allocation Failure) 140M->3M(495M) 0.172ms
[18.310s][info ][gc,cpu         ] GC(958) User=0.00s Sys=0.00s Real=0.00s
[18.320s][info ][gc,start       ] GC(959) Pause Young (Allocation Failure)
[18.320s][debug][gc,age         ] GC(959) Desired survivor size 8945664 bytes, new threshold 15 (max threshold 15)
[18.320s][trace][gc,age         ] GC(959) Age table with threshold 15 (max threshold 15)
[18.320s][trace][gc,age         ] GC(959) - age   1:        192 bytes,        192 total
[18.320s][info ][gc,heap        ] GC(959) DefNew: 139904K(157376K)->0K(157376K) Eden: 139904K(139904K)->0K(139904K) From: 0K(17472K)->0K(17472K)
[18.320s][info ][gc,heap        ] GC(959) Tenured: 3959K(349568K)->3959K(349568K)
[18.320s][info ][gc,metaspace   ] GC(959) Metaspace: 9888K(10176K)->9888K(10176K) NonClass: 8754K(8896K)->8754K(8896K) Class: 1134K(1280K)->1134K(1280K)
[18.320s][info ][gc             ] GC(959) Pause Young (Allocation Failure) 140M->3M(495M) 0.150ms
[18.320s][info ][gc,cpu         ] GC(959) User=0.00s Sys=0.00s Real=0.00s
[18.330s][info ][gc,start       ] GC(960) Pause Young (Allocation Failure)
[18.330s][debug][gc,age         ] GC(960) Desired survivor size 8945664 bytes, new threshold 15 (max threshold 15)
[18.330s][trace][gc,age         ] GC(960) Age table with threshold 15 (max threshold 15)
[18.330s][trace][gc,age         ] GC(960) - age   1:        192 bytes,        192 total
[18.330s][info ][gc,heap        ] GC(960) DefNew: 139904K(157376K)->0K(157376K) Eden: 139904K(139904K)->0K(139904K) From: 0K(17472K)->0K(17472K)
[18.330s][info ][gc,heap        ] GC(960) Tenured: 3959K(349568K)->3959K(349568K)
[18.330s][info ][gc,metaspace   ] GC(960) Metaspace: 9888K(10176K)->9888K(10176K) NonClass: 8754K(8896K)->8754K(8896K) Class: 1134K(1280K)->1134K(1280K)
[18.330s][info ][gc             ] GC(960) Pause Young (Allocation Failure) 140M->3M(495M) 0.155ms
[18.330s][info ][gc,cpu         ] GC(960) User=0.00s Sys=0.00s Real=0.00s
[18.340s][info ][gc,start       ] GC(961) Pause Young (Allocation Failure)
[18.340s][debug][gc,age         ] GC(961) Desired survivor size 8945664 bytes, new threshold 15 (max threshold 15)
[18.340s][trace][gc,age         ] GC(961) Age table with threshold 15 (max threshold 15)
[18.340s][trace][gc,age         ] GC(961) - age   1:        192 bytes,        192 total
[18.340s][info ][gc,heap        ] GC(961) DefNew: 139904K(157376K)->0K(157376K) Eden: 139904K(139904K)->0K(139904K) From: 0K(17472K)->0K(17472K)
[18.340s][info ][gc,heap        ] GC(961) Tenured: 3959K(349568K)->3959K(349568K)
[18.340s][info ][gc,metaspace   ] GC(961) Metaspace: 9888K(10176K)->9888K(10176K) NonClass: 8754K(8896K)->8754K(8896K) Class: 1134K(1280K)->1134K(1280K)
[18.340s][info ][gc             ] GC(961) Pause Young (Allocation Failure) 140M->3M(495M) 0.150ms
[18.340s][info ][gc,cpu         ] GC(961) User=0.00s Sys=0.00s Real=0.01s
[18.350s][info ][gc,start       ] GC(962) Pause Young (Allocation Failure)
[18.350s][debug][gc,age         ] GC(962) Desired survivor size 8945664 bytes, new threshold 15 (max threshold 15)
[18.350s][trace][gc,age         ] GC(962) Age table with threshold 15 (max threshold 15)
[18.350s][trace][gc,age         ] GC(962) - age   1:        192 bytes,        192 total
[18.350s][info ][gc,heap        ] GC(962) DefNew: 139904K(157376K)->0K(157376K) Eden: 139904K(139904K)->0K(139904K) From: 0K(17472K)->0K(17472K)
[18.350s][info ][gc,heap        ] GC(962) Tenured: 3959K(349568K)->3959K(349568K)
[18.350s][info ][gc,metaspace   ] GC(962) Metaspace: 9888K(10176K)->9888K(10176K) NonClass: 8754K(8896K)->8754K(8896K) Class: 1134K(1280K)->1134K(1280K)
[18.350s][info ][gc             ] GC(962) Pause Young (Allocation Failure) 140M->3M(495M) 0.147ms
[18.350s][info ][gc,cpu         ] GC(962) User=0.00s Sys=0.00s Real=0.00s
[18.360s][info ][gc,start       ] GC(963) Pause Young (Allocation Failure)
[18.360s][debug][gc,age         ] GC(963) Desired survivor size 8945664 bytes, new threshold 15 (max threshold 15)
[18.360s][trace][gc,age         ] GC(963) Age table with threshold 15 (max threshold 15)
[18.360s][trace][gc,age         ] GC(963) - age   1:        192 bytes,        192 total
[18.360s][info ][gc,heap        ] GC(963) DefNew: 139904K(157376K)->0K(157376K) Eden: 139904K(139904K)->0K(139904K) From: 0K(17472K)->0K(17472K)
[18.360s][info ][gc,heap        ] GC(963) Tenured: 3959K(349568K)->3959K(349568K)
[18.360s][info ][gc,metaspace   ] GC(963) Metaspace: 9888K(10176K)->9888K(10176K) NonClass: 8754K(8896K)->8754K(8896K) Class: 1134K(1280K)->1134K(1280K)
[18.361s][info ][gc             ] GC(963) Pause Young (Allocation Failure) 140M->3M(495M) 0.146ms
[18.361s][info ][gc,cpu         ] GC(963) User=0.00s Sys=0.00s Real=0.00s
[18.371s][info ][gc,start       ] GC(964) Pause Young (Allocation Failure)
[18.371s][debug][gc,age         ] GC(964) Desired survivor size 8945664 bytes, new threshold 15 (max threshold 15)
[18.371s][trace][gc,age         ] GC(964) Age table with threshold 15 (max threshold 15)
[18.371s][trace][gc,age         ] GC(964) - age   1:        192 bytes,        192 total
[18.371s][info ][gc,heap        ] GC(964) DefNew: 139904K(157376K)->0K(157376K) Eden: 139904K(139904K)->0K(139904K) From: 0K(17472K)->0K(17472K)
[18.371s][info ][gc,heap        ] GC(964) Tenured: 3959K(349568K)->3959K(349568K)
[18.371s][info ][gc,metaspace   ] GC(964) Metaspace: 9888K(10176K)->9888K(10176K) NonClass: 8754K(8896K)->8754K(8896K) Class: 1134K(1280K)->1134K(1280K)
[18.371s][info ][gc             ] GC(964) Pause Young (Allocation Failure) 140M->3M(495M) 0.146ms
[18.371s][info ][gc,cpu         ] GC(964) User=0.00s Sys=0.00s Real=0.00s
[18.381s][info ][gc,start       ] GC(965) Pause Young (Allocation Failure)
[18.381s][debug][gc,age         ] GC(965) Desired survivor size 8945664 bytes, new threshold 15 (max threshold 15)
[18.381s][trace][gc,age         ] GC(965) Age table with threshold 15 (max threshold 15)
[18.381s][trace][gc,age         ] GC(965) - age   1:        192 bytes,        192 total
[18.381s][info ][gc,heap        ] GC(965) DefNew: 139904K(157376K)->0K(157376K) Eden: 139904K(139904K)->0K(139904K) From: 0K(17472K)->0K(17472K)
[18.381s][info ][gc,heap        ] GC(965) Tenured: 3959K(349568K)->3959K(349568K)
[18.381s][info ][gc,metaspace   ] GC(965) Metaspace: 9888K(10176K)->9888K(10176K) NonClass: 8754K(8896K)->8754K(8896K) Class: 1134K(1280K)->1134K(1280K)
[18.381s][info ][gc             ] GC(965) Pause Young (Allocation Failure) 140M->3M(495M) 0.149ms
[18.381s][info ][gc,cpu         ] GC(965) User=0.00s Sys=0.00s Real=0.00s
[18.391s][info ][gc,start       ] GC(966) Pause Young (Allocation Failure)
[18.391s][debug][gc,age         ] GC(966) Desired survivor size 8945664 bytes, new threshold 15 (max threshold 15)
[18.391s][trace][gc,age         ] GC(966) Age table with threshold 15 (max threshold 15)
[18.391s][trace][gc,age         ] GC(966) - age   1:        192 bytes,        192 total
[18.391s][info ][gc,heap        ] GC(966) DefNew: 139904K(157376K)->0K(157376K) Eden: 139904K(139904K)->0K(139904K) From: 0K(17472K)->0K(17472K)
[18.391s][info ][gc,heap        ] GC(966) Tenured: 3959K(349568K)->3959K(349568K)
[18.391s][info ][gc,metaspace   ] GC(966) Metaspace: 9888K(10176K)->9888K(10176K) NonClass: 8754K(8896K)->8754K(8896K) Class: 1134K(1280K)->1134K(1280K)
[18.391s][info ][gc             ] GC(966) Pause Young (Allocation Failure) 140M->3M(495M) 0.151ms
[18.391s][info ][gc,cpu         ] GC(966) User=0.00s Sys=0.00s Real=0.00s
[18.401s][info ][gc,start       ] GC(967) Pause Young (Allocation Failure)
[18.401s][debug][gc,age         ] GC(967) Desired survivor size 8945664 bytes, new threshold 15 (max threshold 15)
[18.401s][trace][gc,age         ] GC(967) Age table with threshold 15 (max threshold 15)
[18.401s][trace][gc,age         ] GC(967) - age   1:        192 bytes,        192 total
[18.401s][info ][gc,heap        ] GC(967) DefNew: 139904K(157376K)->0K(157376K) Eden: 139904K(139904K)->0K(139904K) From: 0K(17472K)->0K(17472K)
[18.401s][info ][gc,heap        ] GC(967) Tenured: 3959K(349568K)->3959K(349568K)
[18.401s][info ][gc,metaspace   ] GC(967) Metaspace: 9888K(10176K)->9888K(10176K) NonClass: 8754K(8896K)->8754K(8896K) Class: 1134K(1280K)->1134K(1280K)
[18.401s][info ][gc             ] GC(967) Pause Young (Allocation Failure) 140M->3M(495M) 0.149ms
[18.401s][info ][gc,cpu         ] GC(967) User=0.00s Sys=0.00s Real=0.00s
[18.411s][info ][gc,start       ] GC(968) Pause Young (Allocation Failure)
[18.411s][debug][gc,age         ] GC(968) Desired survivor size 8945664 bytes, new threshold 15 (max threshold 15)
[18.411s][trace][gc,age         ] GC(968) Age table with threshold 15 (max threshold 15)
[18.411s][trace][gc,age         ] GC(968) - age   1:        192 bytes,        192 total
[18.411s][info ][gc,heap        ] GC(968) DefNew: 139904K(157376K)->0K(157376K) Eden: 139904K(139904K)->0K(139904K) From: 0K(17472K)->0K(17472K)
[18.411s][info ][gc,heap        ] GC(968) Tenured: 3959K(349568K)->3959K(349568K)
[18.411s][info ][gc,metaspace   ] GC(968) Metaspace: 9888K(10176K)->9888K(10176K) NonClass: 8754K(8896K)->8754K(8896K) Class: 1134K(1280K)->1134K(1280K)
[18.411s][info ][gc             ] GC(968) Pause Young (Allocation Failure) 140M->3M(495M) 0.147ms
[18.411s][info ][gc,cpu         ] GC(968) User=0.00s Sys=0.00s Real=0.00s
[18.421s][info ][gc,start       ] GC(969) Pause Young (Allocation Failure)
[18.421s][debug][gc,age         ] GC(969) Desired survivor size 8945664 bytes, new threshold 15 (max threshold 15)
[18.421s][trace][gc,age         ] GC(969) Age table with threshold 15 (max threshold 15)
[18.421s][trace][gc,age         ] GC(969) - age   1:        192 bytes,        192 total
[18.421s][info ][gc,heap        ] GC(969) DefNew: 139904K(157376K)->0K(157376K) Eden: 139904K(139904K)->0K(139904K) From: 0K(17472K)->0K(17472K)
[18.421s][info ][gc,heap        ] GC(969) Tenured: 3959K(349568K)->3959K(349568K)
[18.421s][info ][gc,metaspace   ] GC(969) Metaspace: 9888K(10176K)->9888K(10176K) NonClass: 8754K(8896K)->8754K(8896K) Class: 1134K(1280K)->1134K(1280K)
[18.421s][info ][gc             ] GC(969) Pause Young (Allocation Failure) 140M->3M(495M) 0.144ms
[18.421s][info ][gc,cpu         ] GC(969) User=0.00s Sys=0.00s Real=0.00s
[18.431s][info ][gc,start       ] GC(970) Pause Young (Allocation Failure)
[18.432s][debug][gc,age         ] GC(970) Desired survivor size 8945664 bytes, new threshold 15 (max threshold 15)
[18.432s][trace][gc,age         ] GC(970) Age table with threshold 15 (max threshold 15)
[18.432s][trace][gc,age         ] GC(970) - age   1:        192 bytes,        192 total
[18.432s][info ][gc,heap        ] GC(970) DefNew: 139904K(157376K)->0K(157376K) Eden: 139904K(139904K)->0K(139904K) From: 0K(17472K)->0K(17472K)
[18.432s][info ][gc,heap        ] GC(970) Tenured: 3959K(349568K)->3959K(349568K)
[18.432s][info ][gc,metaspace   ] GC(970) Metaspace: 9888K(10176K)->9888K(10176K) NonClass: 8754K(8896K)->8754K(8896K) Class: 1134K(1280K)->1134K(1280K)
[18.432s][info ][gc             ] GC(970) Pause Young (Allocation Failure) 140M->3M(495M) 0.150ms
[18.432s][info ][gc,cpu         ] GC(970) User=0.00s Sys=0.00s Real=0.00s
[18.442s][info ][gc,start       ] GC(971) Pause Young (Allocation Failure)
[18.442s][debug][gc,age         ] GC(971) Desired survivor size 8945664 bytes, new threshold 15 (max threshold 15)
[18.442s][trace][gc,age         ] GC(971) Age table with threshold 15 (max threshold 15)
[18.442s][trace][gc,age         ] GC(971) - age   1:        192 bytes,        192 total
[18.442s][info ][gc,heap        ] GC(971) DefNew: 139904K(157376K)->0K(157376K) Eden: 139904K(139904K)->0K(139904K) From: 0K(17472K)->0K(17472K)
[18.442s][info ][gc,heap        ] GC(971) Tenured: 3959K(349568K)->3959K(349568K)
[18.442s][info ][gc,metaspace   ] GC(971) Metaspace: 9888K(10176K)->9888K(10176K) NonClass: 8754K(8896K)->8754K(8896K) Class: 1134K(1280K)->1134K(1280K)
[18.442s][info ][gc             ] GC(971) Pause Young (Allocation Failure) 140M->3M(495M) 0.154ms
[18.442s][info ][gc,cpu         ] GC(971) User=0.00s Sys=0.00s Real=0.00s
[18.452s][info ][gc,start       ] GC(972) Pause Young (Allocation Failure)
[18.452s][debug][gc,age         ] GC(972) Desired survivor size 8945664 bytes, new threshold 15 (max threshold 15)
[18.452s][trace][gc,age         ] GC(972) Age table with threshold 15 (max threshold 15)
[18.452s][trace][gc,age         ] GC(972) - age   1:        192 bytes,        192 total
[18.452s][info ][gc,heap        ] GC(972) DefNew: 139904K(157376K)->0K(157376K) Eden: 139904K(139904K)->0K(139904K) From: 0K(17472K)->0K(17472K)
[18.452s][info ][gc,heap        ] GC(972) Tenured: 3959K(349568K)->3959K(349568K)
[18.452s][info ][gc,metaspace   ] GC(972) Metaspace: 9888K(10176K)->9888K(10176K) NonClass: 8754K(8896K)->8754K(8896K) Class: 1134K(1280K)->1134K(1280K)
[18.452s][info ][gc             ] GC(972) Pause Young (Allocation Failure) 140M->3M(495M) 0.158ms
[18.452s][info ][gc,cpu         ] GC(972) User=0.00s Sys=0.00s Real=0.00s
[18.462s][info ][gc,start       ] GC(973) Pause Young (Allocation Failure)
[18.462s][debug][gc,age         ] GC(973) Desired survivor size 8945664 bytes, new threshold 15 (max threshold 15)
[18.462s][trace][gc,age         ] GC(973) Age table with threshold 15 (max threshold 15)
[18.462s][trace][gc,age         ] GC(973) - age   1:        192 bytes,        192 total
[18.462s][info ][gc,heap        ] GC(973) DefNew: 139904K(157376K)->0K(157376K) Eden: 139904K(139904K)->0K(139904K) From: 0K(17472K)->0K(17472K)
[18.462s][info ][gc,heap        ] GC(973) Tenured: 3959K(349568K)->3959K(349568K)
[18.462s][info ][gc,metaspace   ] GC(973) Metaspace: 9888K(10176K)->9888K(10176K) NonClass: 8754K(8896K)->8754K(8896K) Class: 1134K(1280K)->1134K(1280K)
[18.462s][info ][gc             ] GC(973) Pause Young (Allocation Failure) 140M->3M(495M) 0.154ms
[18.462s][info ][gc,cpu         ] GC(973) User=0.00s Sys=0.00s Real=0.00s
[18.472s][info ][gc,start       ] GC(974) Pause Young (Allocation Failure)
[18.472s][debug][gc,age         ] GC(974) Desired survivor size 8945664 bytes, new threshold 15 (max threshold 15)
[18.472s][trace][gc,age         ] GC(974) Age table with threshold 15 (max threshold 15)
[18.472s][trace][gc,age         ] GC(974) - age   1:        192 bytes,        192 total
[18.472s][info ][gc,heap        ] GC(974) DefNew: 139904K(157376K)->0K(157376K) Eden: 139904K(139904K)->0K(139904K) From: 0K(17472K)->0K(17472K)
[18.472s][info ][gc,heap        ] GC(974) Tenured: 3959K(349568K)->3959K(349568K)
[18.472s][info ][gc,metaspace   ] GC(974) Metaspace: 9888K(10176K)->9888K(10176K) NonClass: 8754K(8896K)->8754K(8896K) Class: 1134K(1280K)->1134K(1280K)
[18.472s][info ][gc             ] GC(974) Pause Young (Allocation Failure) 140M->3M(495M) 0.149ms
[18.472s][info ][gc,cpu         ] GC(974) User=0.00s Sys=0.00s Real=0.00s
[18.482s][info ][gc,start       ] GC(975) Pause Young (Allocation Failure)
[18.483s][debug][gc,age         ] GC(975) Desired survivor size 8945664 bytes, new threshold 15 (max threshold 15)
[18.483s][trace][gc,age         ] GC(975) Age table with threshold 15 (max threshold 15)
[18.483s][trace][gc,age         ] GC(975) - age   1:        192 bytes,        192 total
[18.483s][info ][gc,heap        ] GC(975) DefNew: 139904K(157376K)->0K(157376K) Eden: 139904K(139904K)->0K(139904K) From: 0K(17472K)->0K(17472K)
[18.483s][info ][gc,heap        ] GC(975) Tenured: 3959K(349568K)->3959K(349568K)
[18.483s][info ][gc,metaspace   ] GC(975) Metaspace: 9888K(10176K)->9888K(10176K) NonClass: 8754K(8896K)->8754K(8896K) Class: 1134K(1280K)->1134K(1280K)
[18.483s][info ][gc             ] GC(975) Pause Young (Allocation Failure) 140M->3M(495M) 0.149ms
[18.483s][info ][gc,cpu         ] GC(975) User=0.00s Sys=0.00s Real=0.00s
[18.493s][info ][gc,start       ] GC(976) Pause Young (Allocation Failure)
[18.493s][debug][gc,age         ] GC(976) Desired survivor size 8945664 bytes, new threshold 15 (max threshold 15)
[18.493s][trace][gc,age         ] GC(976) Age table with threshold 15 (max threshold 15)
[18.493s][trace][gc,age         ] GC(976) - age   1:        192 bytes,        192 total
[18.493s][info ][gc,heap        ] GC(976) DefNew: 139904K(157376K)->0K(157376K) Eden: 139904K(139904K)->0K(139904K) From: 0K(17472K)->0K(17472K)
[18.493s][info ][gc,heap        ] GC(976) Tenured: 3959K(349568K)->3959K(349568K)
[18.493s][info ][gc,metaspace   ] GC(976) Metaspace: 9888K(10176K)->9888K(10176K) NonClass: 8754K(8896K)->8754K(8896K) Class: 1134K(1280K)->1134K(1280K)
[18.493s][info ][gc             ] GC(976) Pause Young (Allocation Failure) 140M->3M(495M) 0.147ms
[18.493s][info ][gc,cpu         ] GC(976) User=0.00s Sys=0.00s Real=0.00s
[18.503s][info ][gc,start       ] GC(977) Pause Young (Allocation Failure)
[18.503s][debug][gc,age         ] GC(977) Desired survivor size 8945664 bytes, new threshold 15 (max threshold 15)
[18.503s][trace][gc,age         ] GC(977) Age table with threshold 15 (max threshold 15)
[18.503s][trace][gc,age         ] GC(977) - age   1:        192 bytes,        192 total
[18.503s][info ][gc,heap        ] GC(977) DefNew: 139904K(157376K)->0K(157376K) Eden: 139904K(139904K)->0K(139904K) From: 0K(17472K)->0K(17472K)
[18.503s][info ][gc,heap        ] GC(977) Tenured: 3959K(349568K)->3959K(349568K)
[18.503s][info ][gc,metaspace   ] GC(977) Metaspace: 9888K(10176K)->9888K(10176K) NonClass: 8754K(8896K)->8754K(8896K) Class: 1134K(1280K)->1134K(1280K)
[18.503s][info ][gc             ] GC(977) Pause Young (Allocation Failure) 140M->3M(495M) 0.145ms
[18.503s][info ][gc,cpu         ] GC(977) User=0.00s Sys=0.00s Real=0.00s
[18.513s][info ][gc,start       ] GC(978) Pause Young (Allocation Failure)
[18.513s][debug][gc,age         ] GC(978) Desired survivor size 8945664 bytes, new threshold 15 (max threshold 15)
[18.513s][trace][gc,age         ] GC(978) Age table with threshold 15 (max threshold 15)
[18.513s][trace][gc,age         ] GC(978) - age   1:        192 bytes,        192 total
[18.513s][info ][gc,heap        ] GC(978) DefNew: 139904K(157376K)->0K(157376K) Eden: 139904K(139904K)->0K(139904K) From: 0K(17472K)->0K(17472K)
[18.513s][info ][gc,heap        ] GC(978) Tenured: 3959K(349568K)->3959K(349568K)
[18.513s][info ][gc,metaspace   ] GC(978) Metaspace: 9888K(10176K)->9888K(10176K) NonClass: 8754K(8896K)->8754K(8896K) Class: 1134K(1280K)->1134K(1280K)
[18.513s][info ][gc             ] GC(978) Pause Young (Allocation Failure) 140M->3M(495M) 0.157ms
[18.513s][info ][gc,cpu         ] GC(978) User=0.00s Sys=0.00s Real=0.00s
[18.523s][info ][gc,start       ] GC(979) Pause Young (Allocation Failure)
[18.524s][debug][gc,age         ] GC(979) Desired survivor size 8945664 bytes, new threshold 15 (max threshold 15)
[18.524s][trace][gc,age         ] GC(979) Age table with threshold 15 (max threshold 15)
[18.524s][trace][gc,age         ] GC(979) - age   1:        192 bytes,        192 total
[18.524s][info ][gc,heap        ] GC(979) DefNew: 139904K(157376K)->0K(157376K) Eden: 139904K(139904K)->0K(139904K) From: 0K(17472K)->0K(17472K)
[18.524s][info ][gc,heap        ] GC(979) Tenured: 3959K(349568K)->3959K(349568K)
[18.524s][info ][gc,metaspace   ] GC(979) Metaspace: 9888K(10176K)->9888K(10176K) NonClass: 8754K(8896K)->8754K(8896K) Class: 1134K(1280K)->1134K(1280K)
[18.524s][info ][gc             ] GC(979) Pause Young (Allocation Failure) 140M->3M(495M) 0.158ms
[18.524s][info ][gc,cpu         ] GC(979) User=0.00s Sys=0.00s Real=0.00s
[18.534s][info ][gc,start       ] GC(980) Pause Young (Allocation Failure)
[18.534s][debug][gc,age         ] GC(980) Desired survivor size 8945664 bytes, new threshold 15 (max threshold 15)
[18.534s][trace][gc,age         ] GC(980) Age table with threshold 15 (max threshold 15)
[18.534s][trace][gc,age         ] GC(980) - age   1:        192 bytes,        192 total
[18.534s][info ][gc,heap        ] GC(980) DefNew: 139904K(157376K)->0K(157376K) Eden: 139904K(139904K)->0K(139904K) From: 0K(17472K)->0K(17472K)
[18.534s][info ][gc,heap        ] GC(980) Tenured: 3959K(349568K)->3959K(349568K)
[18.534s][info ][gc,metaspace   ] GC(980) Metaspace: 9888K(10176K)->9888K(10176K) NonClass: 8754K(8896K)->8754K(8896K) Class: 1134K(1280K)->1134K(1280K)
[18.534s][info ][gc             ] GC(980) Pause Young (Allocation Failure) 140M->3M(495M) 0.152ms
[18.534s][info ][gc,cpu         ] GC(980) User=0.00s Sys=0.00s Real=0.00s
[18.544s][info ][gc,start       ] GC(981) Pause Young (Allocation Failure)
[18.544s][debug][gc,age         ] GC(981) Desired survivor size 8945664 bytes, new threshold 15 (max threshold 15)
[18.544s][trace][gc,age         ] GC(981) Age table with threshold 15 (max threshold 15)
[18.544s][trace][gc,age         ] GC(981) - age   1:        192 bytes,        192 total
[18.544s][info ][gc,heap        ] GC(981) DefNew: 139904K(157376K)->0K(157376K) Eden: 139904K(139904K)->0K(139904K) From: 0K(17472K)->0K(17472K)
[18.544s][info ][gc,heap        ] GC(981) Tenured: 3959K(349568K)->3959K(349568K)
[18.544s][info ][gc,metaspace   ] GC(981) Metaspace: 9888K(10176K)->9888K(10176K) NonClass: 8754K(8896K)->8754K(8896K) Class: 1134K(1280K)->1134K(1280K)
[18.544s][info ][gc             ] GC(981) Pause Young (Allocation Failure) 140M->3M(495M) 0.148ms
[18.544s][info ][gc,cpu         ] GC(981) User=0.00s Sys=0.00s Real=0.00s
[18.554s][info ][gc,start       ] GC(982) Pause Young (Allocation Failure)
[18.554s][debug][gc,age         ] GC(982) Desired survivor size 8945664 bytes, new threshold 15 (max threshold 15)
[18.554s][trace][gc,age         ] GC(982) Age table with threshold 15 (max threshold 15)
[18.554s][trace][gc,age         ] GC(982) - age   1:        192 bytes,        192 total
[18.554s][info ][gc,heap        ] GC(982) DefNew: 139904K(157376K)->0K(157376K) Eden: 139904K(139904K)->0K(139904K) From: 0K(17472K)->0K(17472K)
[18.554s][info ][gc,heap        ] GC(982) Tenured: 3959K(349568K)->3959K(349568K)
[18.554s][info ][gc,metaspace   ] GC(982) Metaspace: 9888K(10176K)->9888K(10176K) NonClass: 8754K(8896K)->8754K(8896K) Class: 1134K(1280K)->1134K(1280K)
[18.554s][info ][gc             ] GC(982) Pause Young (Allocation Failure) 140M->3M(495M) 0.153ms
[18.554s][info ][gc,cpu         ] GC(982) User=0.00s Sys=0.00s Real=0.00s
[18.564s][info ][gc,start       ] GC(983) Pause Young (Allocation Failure)
[18.564s][debug][gc,age         ] GC(983) Desired survivor size 8945664 bytes, new threshold 15 (max threshold 15)
[18.564s][trace][gc,age         ] GC(983) Age table with threshold 15 (max threshold 15)
[18.564s][trace][gc,age         ] GC(983) - age   1:        192 bytes,        192 total
[18.564s][info ][gc,heap        ] GC(983) DefNew: 139904K(157376K)->0K(157376K) Eden: 139904K(139904K)->0K(139904K) From: 0K(17472K)->0K(17472K)
[18.564s][info ][gc,heap        ] GC(983) Tenured: 3959K(349568K)->3959K(349568K)
[18.564s][info ][gc,metaspace   ] GC(983) Metaspace: 9888K(10176K)->9888K(10176K) NonClass: 8754K(8896K)->8754K(8896K) Class: 1134K(1280K)->1134K(1280K)
[18.564s][info ][gc             ] GC(983) Pause Young (Allocation Failure) 140M->3M(495M) 0.150ms
[18.564s][info ][gc,cpu         ] GC(983) User=0.00s Sys=0.00s Real=0.00s
[18.574s][info ][gc,start       ] GC(984) Pause Young (Allocation Failure)
[18.575s][debug][gc,age         ] GC(984) Desired survivor size 8945664 bytes, new threshold 15 (max threshold 15)
[18.575s][trace][gc,age         ] GC(984) Age table with threshold 15 (max threshold 15)
[18.575s][trace][gc,age         ] GC(984) - age   1:        192 bytes,        192 total
[18.575s][info ][gc,heap        ] GC(984) DefNew: 139904K(157376K)->0K(157376K) Eden: 139904K(139904K)->0K(139904K) From: 0K(17472K)->0K(17472K)
[18.575s][info ][gc,heap        ] GC(984) Tenured: 3959K(349568K)->3959K(349568K)
[18.575s][info ][gc,metaspace   ] GC(984) Metaspace: 9888K(10176K)->9888K(10176K) NonClass: 8754K(8896K)->8754K(8896K) Class: 1134K(1280K)->1134K(1280K)
[18.575s][info ][gc             ] GC(984) Pause Young (Allocation Failure) 140M->3M(495M) 0.149ms
[18.575s][info ][gc,cpu         ] GC(984) User=0.00s Sys=0.00s Real=0.00s
[18.585s][info ][gc,start       ] GC(985) Pause Young (Allocation Failure)
[18.585s][debug][gc,age         ] GC(985) Desired survivor size 8945664 bytes, new threshold 15 (max threshold 15)
[18.585s][trace][gc,age         ] GC(985) Age table with threshold 15 (max threshold 15)
[18.585s][trace][gc,age         ] GC(985) - age   1:        192 bytes,        192 total
[18.585s][info ][gc,heap        ] GC(985) DefNew: 139904K(157376K)->0K(157376K) Eden: 139904K(139904K)->0K(139904K) From: 0K(17472K)->0K(17472K)
[18.585s][info ][gc,heap        ] GC(985) Tenured: 3959K(349568K)->3959K(349568K)
[18.585s][info ][gc,metaspace   ] GC(985) Metaspace: 9888K(10176K)->9888K(10176K) NonClass: 8754K(8896K)->8754K(8896K) Class: 1134K(1280K)->1134K(1280K)
[18.585s][info ][gc             ] GC(985) Pause Young (Allocation Failure) 140M->3M(495M) 0.148ms
[18.585s][info ][gc,cpu         ] GC(985) User=0.00s Sys=0.00s Real=0.00s
[18.595s][info ][gc,start       ] GC(986) Pause Young (Allocation Failure)
[18.595s][debug][gc,age         ] GC(986) Desired survivor size 8945664 bytes, new threshold 15 (max threshold 15)
[18.595s][trace][gc,age         ] GC(986) Age table with threshold 15 (max threshold 15)
[18.595s][trace][gc,age         ] GC(986) - age   1:        192 bytes,        192 total
[18.595s][info ][gc,heap        ] GC(986) DefNew: 139904K(157376K)->0K(157376K) Eden: 139904K(139904K)->0K(139904K) From: 0K(17472K)->0K(17472K)
[18.595s][info ][gc,heap        ] GC(986) Tenured: 3959K(349568K)->3959K(349568K)
[18.595s][info ][gc,metaspace   ] GC(986) Metaspace: 9888K(10176K)->9888K(10176K) NonClass: 8754K(8896K)->8754K(8896K) Class: 1134K(1280K)->1134K(1280K)
[18.595s][info ][gc             ] GC(986) Pause Young (Allocation Failure) 140M->3M(495M) 0.148ms
[18.595s][info ][gc,cpu         ] GC(986) User=0.00s Sys=0.00s Real=0.00s
[18.605s][info ][gc,start       ] GC(987) Pause Young (Allocation Failure)
[18.605s][debug][gc,age         ] GC(987) Desired survivor size 8945664 bytes, new threshold 15 (max threshold 15)
[18.605s][trace][gc,age         ] GC(987) Age table with threshold 15 (max threshold 15)
[18.605s][trace][gc,age         ] GC(987) - age   1:        192 bytes,        192 total
[18.605s][info ][gc,heap        ] GC(987) DefNew: 139904K(157376K)->0K(157376K) Eden: 139904K(139904K)->0K(139904K) From: 0K(17472K)->0K(17472K)
[18.605s][info ][gc,heap        ] GC(987) Tenured: 3959K(349568K)->3959K(349568K)
[18.605s][info ][gc,metaspace   ] GC(987) Metaspace: 9888K(10176K)->9888K(10176K) NonClass: 8754K(8896K)->8754K(8896K) Class: 1134K(1280K)->1134K(1280K)
[18.605s][info ][gc             ] GC(987) Pause Young (Allocation Failure) 140M->3M(495M) 0.162ms
[18.605s][info ][gc,cpu         ] GC(987) User=0.00s Sys=0.00s Real=0.00s
[18.615s][info ][gc,start       ] GC(988) Pause Young (Allocation Failure)
[18.616s][debug][gc,age         ] GC(988) Desired survivor size 8945664 bytes, new threshold 15 (max threshold 15)
[18.616s][trace][gc,age         ] GC(988) Age table with threshold 15 (max threshold 15)
[18.616s][trace][gc,age         ] GC(988) - age   1:        192 bytes,        192 total
[18.616s][info ][gc,heap        ] GC(988) DefNew: 139904K(157376K)->0K(157376K) Eden: 139904K(139904K)->0K(139904K) From: 0K(17472K)->0K(17472K)
[18.616s][info ][gc,heap        ] GC(988) Tenured: 3959K(349568K)->3959K(349568K)
[18.616s][info ][gc,metaspace   ] GC(988) Metaspace: 9888K(10176K)->9888K(10176K) NonClass: 8754K(8896K)->8754K(8896K) Class: 1134K(1280K)->1134K(1280K)
[18.616s][info ][gc             ] GC(988) Pause Young (Allocation Failure) 140M->3M(495M) 0.152ms
[18.616s][info ][gc,cpu         ] GC(988) User=0.00s Sys=0.00s Real=0.00s
[18.626s][info ][gc,start       ] GC(989) Pause Young (Allocation Failure)
[18.626s][debug][gc,age         ] GC(989) Desired survivor size 8945664 bytes, new threshold 15 (max threshold 15)
[18.626s][trace][gc,age         ] GC(989) Age table with threshold 15 (max threshold 15)
[18.626s][trace][gc,age         ] GC(989) - age   1:        192 bytes,        192 total
[18.626s][info ][gc,heap        ] GC(989) DefNew: 139904K(157376K)->0K(157376K) Eden: 139904K(139904K)->0K(139904K) From: 0K(17472K)->0K(17472K)
[18.626s][info ][gc,heap        ] GC(989) Tenured: 3959K(349568K)->3959K(349568K)
[18.626s][info ][gc,metaspace   ] GC(989) Metaspace: 9888K(10176K)->9888K(10176K) NonClass: 8754K(8896K)->8754K(8896K) Class: 1134K(1280K)->1134K(1280K)
[18.626s][info ][gc             ] GC(989) Pause Young (Allocation Failure) 140M->3M(495M) 0.149ms
[18.626s][info ][gc,cpu         ] GC(989) User=0.00s Sys=0.00s Real=0.00s
[18.636s][info ][gc,start       ] GC(990) Pause Young (Allocation Failure)
[18.636s][debug][gc,age         ] GC(990) Desired survivor size 8945664 bytes, new threshold 15 (max threshold 15)
[18.636s][trace][gc,age         ] GC(990) Age table with threshold 15 (max threshold 15)
[18.636s][trace][gc,age         ] GC(990) - age   1:        192 bytes,        192 total
[18.636s][info ][gc,heap        ] GC(990) DefNew: 139904K(157376K)->0K(157376K) Eden: 139904K(139904K)->0K(139904K) From: 0K(17472K)->0K(17472K)
[18.636s][info ][gc,heap        ] GC(990) Tenured: 3959K(349568K)->3959K(349568K)
[18.636s][info ][gc,metaspace   ] GC(990) Metaspace: 9888K(10176K)->9888K(10176K) NonClass: 8754K(8896K)->8754K(8896K) Class: 1134K(1280K)->1134K(1280K)
[18.636s][info ][gc             ] GC(990) Pause Young (Allocation Failure) 140M->3M(495M) 0.154ms
[18.636s][info ][gc,cpu         ] GC(990) User=0.00s Sys=0.00s Real=0.00s
[18.646s][info ][gc,start       ] GC(991) Pause Young (Allocation Failure)
[18.646s][debug][gc,age         ] GC(991) Desired survivor size 8945664 bytes, new threshold 15 (max threshold 15)
[18.646s][trace][gc,age         ] GC(991) Age table with threshold 15 (max threshold 15)
[18.646s][trace][gc,age         ] GC(991) - age   1:        192 bytes,        192 total
[18.646s][info ][gc,heap        ] GC(991) DefNew: 139904K(157376K)->0K(157376K) Eden: 139904K(139904K)->0K(139904K) From: 0K(17472K)->0K(17472K)
[18.646s][info ][gc,heap        ] GC(991) Tenured: 3959K(349568K)->3959K(349568K)
[18.646s][info ][gc,metaspace   ] GC(991) Metaspace: 9888K(10176K)->9888K(10176K) NonClass: 8754K(8896K)->8754K(8896K) Class: 1134K(1280K)->1134K(1280K)
[18.646s][info ][gc             ] GC(991) Pause Young (Allocation Failure) 140M->3M(495M) 0.159ms
[18.646s][info ][gc,cpu         ] GC(991) User=0.00s Sys=0.00s Real=0.00s
[18.656s][info ][gc,start       ] GC(992) Pause Young (Allocation Failure)
[18.656s][debug][gc,age         ] GC(992) Desired survivor size 8945664 bytes, new threshold 15 (max threshold 15)
[18.656s][trace][gc,age         ] GC(992) Age table with threshold 15 (max threshold 15)
[18.656s][trace][gc,age         ] GC(992) - age   1:        192 bytes,        192 total
[18.656s][info ][gc,heap        ] GC(992) DefNew: 139904K(157376K)->0K(157376K) Eden: 139904K(139904K)->0K(139904K) From: 0K(17472K)->0K(17472K)
[18.656s][info ][gc,heap        ] GC(992) Tenured: 3959K(349568K)->3959K(349568K)
[18.656s][info ][gc,metaspace   ] GC(992) Metaspace: 9888K(10176K)->9888K(10176K) NonClass: 8754K(8896K)->8754K(8896K) Class: 1134K(1280K)->1134K(1280K)
[18.656s][info ][gc             ] GC(992) Pause Young (Allocation Failure) 140M->3M(495M) 0.150ms
[18.656s][info ][gc,cpu         ] GC(992) User=0.00s Sys=0.00s Real=0.00s
[18.666s][info ][gc,start       ] GC(993) Pause Young (Allocation Failure)
[18.667s][debug][gc,age         ] GC(993) Desired survivor size 8945664 bytes, new threshold 15 (max threshold 15)
[18.667s][trace][gc,age         ] GC(993) Age table with threshold 15 (max threshold 15)
[18.667s][trace][gc,age         ] GC(993) - age   1:        192 bytes,        192 total
[18.667s][info ][gc,heap        ] GC(993) DefNew: 139904K(157376K)->0K(157376K) Eden: 139904K(139904K)->0K(139904K) From: 0K(17472K)->0K(17472K)
[18.667s][info ][gc,heap        ] GC(993) Tenured: 3959K(349568K)->3959K(349568K)
[18.667s][info ][gc,metaspace   ] GC(993) Metaspace: 9888K(10176K)->9888K(10176K) NonClass: 8754K(8896K)->8754K(8896K) Class: 1134K(1280K)->1134K(1280K)
[18.667s][info ][gc             ] GC(993) Pause Young (Allocation Failure) 140M->3M(495M) 0.158ms
[18.667s][info ][gc,cpu         ] GC(993) User=0.00s Sys=0.00s Real=0.00s
[18.677s][info ][gc,start       ] GC(994) Pause Young (Allocation Failure)
[18.677s][debug][gc,age         ] GC(994) Desired survivor size 8945664 bytes, new threshold 15 (max threshold 15)
[18.677s][trace][gc,age         ] GC(994) Age table with threshold 15 (max threshold 15)
[18.677s][trace][gc,age         ] GC(994) - age   1:        192 bytes,        192 total
[18.677s][info ][gc,heap        ] GC(994) DefNew: 139904K(157376K)->0K(157376K) Eden: 139904K(139904K)->0K(139904K) From: 0K(17472K)->0K(17472K)
[18.677s][info ][gc,heap        ] GC(994) Tenured: 3959K(349568K)->3959K(349568K)
[18.677s][info ][gc,metaspace   ] GC(994) Metaspace: 9888K(10176K)->9888K(10176K) NonClass: 8754K(8896K)->8754K(8896K) Class: 1134K(1280K)->1134K(1280K)
[18.677s][info ][gc             ] GC(994) Pause Young (Allocation Failure) 140M->3M(495M) 0.146ms
[18.677s][info ][gc,cpu         ] GC(994) User=0.00s Sys=0.00s Real=0.00s
[18.687s][info ][gc,start       ] GC(995) Pause Young (Allocation Failure)
[18.687s][debug][gc,age         ] GC(995) Desired survivor size 8945664 bytes, new threshold 15 (max threshold 15)
[18.687s][trace][gc,age         ] GC(995) Age table with threshold 15 (max threshold 15)
[18.687s][trace][gc,age         ] GC(995) - age   1:        192 bytes,        192 total
[18.687s][info ][gc,heap        ] GC(995) DefNew: 139904K(157376K)->0K(157376K) Eden: 139904K(139904K)->0K(139904K) From: 0K(17472K)->0K(17472K)
[18.687s][info ][gc,heap        ] GC(995) Tenured: 3959K(349568K)->3959K(349568K)
[18.687s][info ][gc,metaspace   ] GC(995) Metaspace: 9888K(10176K)->9888K(10176K) NonClass: 8754K(8896K)->8754K(8896K) Class: 1134K(1280K)->1134K(1280K)
[18.687s][info ][gc             ] GC(995) Pause Young (Allocation Failure) 140M->3M(495M) 0.154ms
[18.687s][info ][gc,cpu         ] GC(995) User=0.00s Sys=0.00s Real=0.00s
[18.697s][info ][gc,start       ] GC(996) Pause Young (Allocation Failure)
[18.697s][debug][gc,age         ] GC(996) Desired survivor size 8945664 bytes, new threshold 15 (max threshold 15)
[18.697s][trace][gc,age         ] GC(996) Age table with threshold 15 (max threshold 15)
[18.697s][trace][gc,age         ] GC(996) - age   1:        192 bytes,        192 total
[18.697s][info ][gc,heap        ] GC(996) DefNew: 139904K(157376K)->0K(157376K) Eden: 139904K(139904K)->0K(139904K) From: 0K(17472K)->0K(17472K)
[18.697s][info ][gc,heap        ] GC(996) Tenured: 3959K(349568K)->3959K(349568K)
[18.697s][info ][gc,metaspace   ] GC(996) Metaspace: 9888K(10176K)->9888K(10176K) NonClass: 8754K(8896K)->8754K(8896K) Class: 1134K(1280K)->1134K(1280K)
[18.697s][info ][gc             ] GC(996) Pause Young (Allocation Failure) 140M->3M(495M) 0.157ms
[18.697s][info ][gc,cpu         ] GC(996) User=0.00s Sys=0.00s Real=0.00s
[18.707s][info ][gc,start       ] GC(997) Pause Young (Allocation Failure)
[18.707s][debug][gc,age         ] GC(997) Desired survivor size 8945664 bytes, new threshold 15 (max threshold 15)
[18.707s][trace][gc,age         ] GC(997) Age table with threshold 15 (max threshold 15)
[18.707s][trace][gc,age         ] GC(997) - age   1:        192 bytes,        192 total
[18.707s][info ][gc,heap        ] GC(997) DefNew: 139904K(157376K)->0K(157376K) Eden: 139904K(139904K)->0K(139904K) From: 0K(17472K)->0K(17472K)
[18.707s][info ][gc,heap        ] GC(997) Tenured: 3959K(349568K)->3959K(349568K)
[18.707s][info ][gc,metaspace   ] GC(997) Metaspace: 9888K(10176K)->9888K(10176K) NonClass: 8754K(8896K)->8754K(8896K) Class: 1134K(1280K)->1134K(1280K)
[18.707s][info ][gc             ] GC(997) Pause Young (Allocation Failure) 140M->3M(495M) 0.159ms
[18.707s][info ][gc,cpu         ] GC(997) User=0.00s Sys=0.00s Real=0.00s
[18.717s][info ][gc,start       ] GC(998) Pause Young (Allocation Failure)
[18.718s][debug][gc,age         ] GC(998) Desired survivor size 8945664 bytes, new threshold 15 (max threshold 15)
[18.718s][trace][gc,age         ] GC(998) Age table with threshold 15 (max threshold 15)
[18.718s][trace][gc,age         ] GC(998) - age   1:        192 bytes,        192 total
[18.718s][info ][gc,heap        ] GC(998) DefNew: 139904K(157376K)->0K(157376K) Eden: 139904K(139904K)->0K(139904K) From: 0K(17472K)->0K(17472K)
[18.718s][info ][gc,heap        ] GC(998) Tenured: 3959K(349568K)->3959K(349568K)
[18.718s][info ][gc,metaspace   ] GC(998) Metaspace: 9888K(10176K)->9888K(10176K) NonClass: 8754K(8896K)->8754K(8896K) Class: 1134K(1280K)->1134K(1280K)
[18.718s][info ][gc             ] GC(998) Pause Young (Allocation Failure) 140M->3M(495M) 0.156ms
[18.718s][info ][gc,cpu         ] GC(998) User=0.00s Sys=0.00s Real=0.00s
[18.728s][info ][gc,start       ] GC(999) Pause Young (Allocation Failure)
[18.728s][debug][gc,age         ] GC(999) Desired survivor size 8945664 bytes, new threshold 15 (max threshold 15)
[18.728s][trace][gc,age         ] GC(999) Age table with threshold 15 (max threshold 15)
[18.728s][trace][gc,age         ] GC(999) - age   1:        192 bytes,        192 total
[18.728s][info ][gc,heap        ] GC(999) DefNew: 139904K(157376K)->0K(157376K) Eden: 139904K(139904K)->0K(139904K) From: 0K(17472K)->0K(17472K)
[18.728s][info ][gc,heap        ] GC(999) Tenured: 3959K(349568K)->3959K(349568K)
[18.728s][info ][gc,metaspace   ] GC(999) Metaspace: 9888K(10176K)->9888K(10176K) NonClass: 8754K(8896K)->8754K(8896K) Class: 1134K(1280K)->1134K(1280K)
[18.728s][info ][gc             ] GC(999) Pause Young (Allocation Failure) 140M->3M(495M) 0.149ms
[18.728s][info ][gc,cpu         ] GC(999) User=0.00s Sys=0.00s Real=0.00s
[18.738s][info ][gc,start       ] GC(1000) Pause Young (Allocation Failure)
[18.738s][debug][gc,age         ] GC(1000) Desired survivor size 8945664 bytes, new threshold 15 (max threshold 15)
[18.738s][trace][gc,age         ] GC(1000) Age table with threshold 15 (max threshold 15)
[18.738s][trace][gc,age         ] GC(1000) - age   1:        192 bytes,        192 total
[18.738s][info ][gc,heap        ] GC(1000) DefNew: 139904K(157376K)->0K(157376K) Eden: 139904K(139904K)->0K(139904K) From: 0K(17472K)->0K(17472K)
[18.738s][info ][gc,heap        ] GC(1000) Tenured: 3959K(349568K)->3959K(349568K)
[18.738s][info ][gc,metaspace   ] GC(1000) Metaspace: 9888K(10176K)->9888K(10176K) NonClass: 8754K(8896K)->8754K(8896K) Class: 1134K(1280K)->1134K(1280K)
[18.738s][info ][gc             ] GC(1000) Pause Young (Allocation Failure) 140M->3M(495M) 0.154ms
[18.738s][info ][gc,cpu         ] GC(1000) User=0.00s Sys=0.00s Real=0.00s
[18.748s][info ][gc,start       ] GC(1001) Pause Young (Allocation Failure)
[18.748s][debug][gc,age         ] GC(1001) Desired survivor size 8945664 bytes, new threshold 15 (max threshold 15)
[18.748s][trace][gc,age         ] GC(1001) Age table with threshold 15 (max threshold 15)
[18.748s][trace][gc,age         ] GC(1001) - age   1:        192 bytes,        192 total
[18.748s][info ][gc,heap        ] GC(1001) DefNew: 139904K(157376K)->0K(157376K) Eden: 139904K(139904K)->0K(139904K) From: 0K(17472K)->0K(17472K)
[18.748s][info ][gc,heap        ] GC(1001) Tenured: 3959K(349568K)->3959K(349568K)
[18.748s][info ][gc,metaspace   ] GC(1001) Metaspace: 9888K(10176K)->9888K(10176K) NonClass: 8754K(8896K)->8754K(8896K) Class: 1134K(1280K)->1134K(1280K)
[18.748s][info ][gc             ] GC(1001) Pause Young (Allocation Failure) 140M->3M(495M) 0.152ms
[18.748s][info ][gc,cpu         ] GC(1001) User=0.00s Sys=0.00s Real=0.00s
[18.758s][info ][gc,start       ] GC(1002) Pause Young (Allocation Failure)
[18.758s][debug][gc,age         ] GC(1002) Desired survivor size 8945664 bytes, new threshold 15 (max threshold 15)
[18.758s][trace][gc,age         ] GC(1002) Age table with threshold 15 (max threshold 15)
[18.758s][trace][gc,age         ] GC(1002) - age   1:        192 bytes,        192 total
[18.758s][info ][gc,heap        ] GC(1002) DefNew: 139904K(157376K)->0K(157376K) Eden: 139904K(139904K)->0K(139904K) From: 0K(17472K)->0K(17472K)
[18.758s][info ][gc,heap        ] GC(1002) Tenured: 3959K(349568K)->3959K(349568K)
[18.758s][info ][gc,metaspace   ] GC(1002) Metaspace: 9888K(10176K)->9888K(10176K) NonClass: 8754K(8896K)->8754K(8896K) Class: 1134K(1280K)->1134K(1280K)
[18.758s][info ][gc             ] GC(1002) Pause Young (Allocation Failure) 140M->3M(495M) 0.149ms
[18.758s][info ][gc,cpu         ] GC(1002) User=0.00s Sys=0.00s Real=0.00s
[18.768s][info ][gc,start       ] GC(1003) Pause Young (Allocation Failure)
[18.768s][debug][gc,age         ] GC(1003) Desired survivor size 8945664 bytes, new threshold 15 (max threshold 15)
[18.768s][trace][gc,age         ] GC(1003) Age table with threshold 15 (max threshold 15)
[18.768s][trace][gc,age         ] GC(1003) - age   1:        192 bytes,        192 total
[18.768s][info ][gc,heap        ] GC(1003) DefNew: 139904K(157376K)->0K(157376K) Eden: 139904K(139904K)->0K(139904K) From: 0K(17472K)->0K(17472K)
[18.768s][info ][gc,heap        ] GC(1003) Tenured: 3959K(349568K)->3959K(349568K)
[18.768s][info ][gc,metaspace   ] GC(1003) Metaspace: 9888K(10176K)->9888K(10176K) NonClass: 8754K(8896K)->8754K(8896K) Class: 1134K(1280K)->1134K(1280K)
[18.769s][info ][gc             ] GC(1003) Pause Young (Allocation Failure) 140M->3M(495M) 0.157ms
[18.769s][info ][gc,cpu         ] GC(1003) User=0.00s Sys=0.00s Real=0.00s
[18.779s][info ][gc,start       ] GC(1004) Pause Young (Allocation Failure)
[18.779s][debug][gc,age         ] GC(1004) Desired survivor size 8945664 bytes, new threshold 15 (max threshold 15)
[18.779s][trace][gc,age         ] GC(1004) Age table with threshold 15 (max threshold 15)
[18.779s][trace][gc,age         ] GC(1004) - age   1:        192 bytes,        192 total
[18.779s][info ][gc,heap        ] GC(1004) DefNew: 139904K(157376K)->0K(157376K) Eden: 139904K(139904K)->0K(139904K) From: 0K(17472K)->0K(17472K)
[18.779s][info ][gc,heap        ] GC(1004) Tenured: 3959K(349568K)->3959K(349568K)
[18.779s][info ][gc,metaspace   ] GC(1004) Metaspace: 9888K(10176K)->9888K(10176K) NonClass: 8754K(8896K)->8754K(8896K) Class: 1134K(1280K)->1134K(1280K)
[18.779s][info ][gc             ] GC(1004) Pause Young (Allocation Failure) 140M->3M(495M) 0.155ms
[18.779s][info ][gc,cpu         ] GC(1004) User=0.00s Sys=0.00s Real=0.00s
[18.789s][info ][gc,start       ] GC(1005) Pause Young (Allocation Failure)
[18.789s][debug][gc,age         ] GC(1005) Desired survivor size 8945664 bytes, new threshold 15 (max threshold 15)
[18.789s][trace][gc,age         ] GC(1005) Age table with threshold 15 (max threshold 15)
[18.789s][trace][gc,age         ] GC(1005) - age   1:        192 bytes,        192 total
[18.789s][info ][gc,heap        ] GC(1005) DefNew: 139904K(157376K)->0K(157376K) Eden: 139904K(139904K)->0K(139904K) From: 0K(17472K)->0K(17472K)
[18.789s][info ][gc,heap        ] GC(1005) Tenured: 3959K(349568K)->3959K(349568K)
[18.789s][info ][gc,metaspace   ] GC(1005) Metaspace: 9888K(10176K)->9888K(10176K) NonClass: 8754K(8896K)->8754K(8896K) Class: 1134K(1280K)->1134K(1280K)
[18.789s][info ][gc             ] GC(1005) Pause Young (Allocation Failure) 140M->3M(495M) 0.149ms
[18.789s][info ][gc,cpu         ] GC(1005) User=0.00s Sys=0.00s Real=0.00s
[18.799s][info ][gc,start       ] GC(1006) Pause Young (Allocation Failure)
[18.799s][debug][gc,age         ] GC(1006) Desired survivor size 8945664 bytes, new threshold 15 (max threshold 15)
[18.799s][trace][gc,age         ] GC(1006) Age table with threshold 15 (max threshold 15)
[18.799s][trace][gc,age         ] GC(1006) - age   1:        192 bytes,        192 total
[18.799s][info ][gc,heap        ] GC(1006) DefNew: 139904K(157376K)->0K(157376K) Eden: 139904K(139904K)->0K(139904K) From: 0K(17472K)->0K(17472K)
[18.799s][info ][gc,heap        ] GC(1006) Tenured: 3959K(349568K)->3959K(349568K)
[18.799s][info ][gc,metaspace   ] GC(1006) Metaspace: 9888K(10176K)->9888K(10176K) NonClass: 8754K(8896K)->8754K(8896K) Class: 1134K(1280K)->1134K(1280K)
[18.799s][info ][gc             ] GC(1006) Pause Young (Allocation Failure) 140M->3M(495M) 0.149ms
[18.799s][info ][gc,cpu         ] GC(1006) User=0.01s Sys=0.00s Real=0.00s
[18.809s][info ][gc,start       ] GC(1007) Pause Young (Allocation Failure)
[18.809s][debug][gc,age         ] GC(1007) Desired survivor size 8945664 bytes, new threshold 15 (max threshold 15)
[18.809s][trace][gc,age         ] GC(1007) Age table with threshold 15 (max threshold 15)
[18.809s][trace][gc,age         ] GC(1007) - age   1:        192 bytes,        192 total
[18.809s][info ][gc,heap        ] GC(1007) DefNew: 139904K(157376K)->0K(157376K) Eden: 139904K(139904K)->0K(139904K) From: 0K(17472K)->0K(17472K)
[18.809s][info ][gc,heap        ] GC(1007) Tenured: 3959K(349568K)->3959K(349568K)
[18.809s][info ][gc,metaspace   ] GC(1007) Metaspace: 9888K(10176K)->9888K(10176K) NonClass: 8754K(8896K)->8754K(8896K) Class: 1134K(1280K)->1134K(1280K)
[18.809s][info ][gc             ] GC(1007) Pause Young (Allocation Failure) 140M->3M(495M) 0.158ms
[18.809s][info ][gc,cpu         ] GC(1007) User=0.00s Sys=0.00s Real=0.00s
[18.820s][info ][gc,start       ] GC(1008) Pause Young (Allocation Failure)
[18.820s][debug][gc,age         ] GC(1008) Desired survivor size 8945664 bytes, new threshold 15 (max threshold 15)
[18.820s][trace][gc,age         ] GC(1008) Age table with threshold 15 (max threshold 15)
[18.820s][trace][gc,age         ] GC(1008) - age   1:        192 bytes,        192 total
[18.820s][info ][gc,heap        ] GC(1008) DefNew: 139904K(157376K)->0K(157376K) Eden: 139904K(139904K)->0K(139904K) From: 0K(17472K)->0K(17472K)
[18.820s][info ][gc,heap        ] GC(1008) Tenured: 3959K(349568K)->3959K(349568K)
[18.820s][info ][gc,metaspace   ] GC(1008) Metaspace: 9888K(10176K)->9888K(10176K) NonClass: 8754K(8896K)->8754K(8896K) Class: 1134K(1280K)->1134K(1280K)
[18.820s][info ][gc             ] GC(1008) Pause Young (Allocation Failure) 140M->3M(495M) 0.149ms
[18.820s][info ][gc,cpu         ] GC(1008) User=0.00s Sys=0.00s Real=0.00s
[18.830s][info ][gc,start       ] GC(1009) Pause Young (Allocation Failure)
[18.830s][debug][gc,age         ] GC(1009) Desired survivor size 8945664 bytes, new threshold 15 (max threshold 15)
[18.830s][trace][gc,age         ] GC(1009) Age table with threshold 15 (max threshold 15)
[18.830s][trace][gc,age         ] GC(1009) - age   1:        192 bytes,        192 total
[18.830s][info ][gc,heap        ] GC(1009) DefNew: 139904K(157376K)->0K(157376K) Eden: 139904K(139904K)->0K(139904K) From: 0K(17472K)->0K(17472K)
[18.830s][info ][gc,heap        ] GC(1009) Tenured: 3959K(349568K)->3959K(349568K)
[18.830s][info ][gc,metaspace   ] GC(1009) Metaspace: 9888K(10176K)->9888K(10176K) NonClass: 8754K(8896K)->8754K(8896K) Class: 1134K(1280K)->1134K(1280K)
[18.830s][info ][gc             ] GC(1009) Pause Young (Allocation Failure) 140M->3M(495M) 0.149ms
[18.830s][info ][gc,cpu         ] GC(1009) User=0.00s Sys=0.00s Real=0.00s
[18.840s][info ][gc,start       ] GC(1010) Pause Young (Allocation Failure)
[18.840s][debug][gc,age         ] GC(1010) Desired survivor size 8945664 bytes, new threshold 15 (max threshold 15)
[18.840s][trace][gc,age         ] GC(1010) Age table with threshold 15 (max threshold 15)
[18.840s][trace][gc,age         ] GC(1010) - age   1:        192 bytes,        192 total
[18.840s][info ][gc,heap        ] GC(1010) DefNew: 139904K(157376K)->0K(157376K) Eden: 139904K(139904K)->0K(139904K) From: 0K(17472K)->0K(17472K)
[18.840s][info ][gc,heap        ] GC(1010) Tenured: 3959K(349568K)->3959K(349568K)
[18.840s][info ][gc,metaspace   ] GC(1010) Metaspace: 9888K(10176K)->9888K(10176K) NonClass: 8754K(8896K)->8754K(8896K) Class: 1134K(1280K)->1134K(1280K)
[18.840s][info ][gc             ] GC(1010) Pause Young (Allocation Failure) 140M->3M(495M) 0.150ms
[18.840s][info ][gc,cpu         ] GC(1010) User=0.00s Sys=0.00s Real=0.00s
[18.850s][info ][gc,start       ] GC(1011) Pause Young (Allocation Failure)
[18.850s][debug][gc,age         ] GC(1011) Desired survivor size 8945664 bytes, new threshold 15 (max threshold 15)
[18.850s][trace][gc,age         ] GC(1011) Age table with threshold 15 (max threshold 15)
[18.850s][trace][gc,age         ] GC(1011) - age   1:        192 bytes,        192 total
[18.850s][info ][gc,heap        ] GC(1011) DefNew: 139904K(157376K)->0K(157376K) Eden: 139904K(139904K)->0K(139904K) From: 0K(17472K)->0K(17472K)
[18.850s][info ][gc,heap        ] GC(1011) Tenured: 3959K(349568K)->3959K(349568K)
[18.850s][info ][gc,metaspace   ] GC(1011) Metaspace: 9888K(10176K)->9888K(10176K) NonClass: 8754K(8896K)->8754K(8896K) Class: 1134K(1280K)->1134K(1280K)
[18.850s][info ][gc             ] GC(1011) Pause Young (Allocation Failure) 140M->3M(495M) 0.151ms
[18.850s][info ][gc,cpu         ] GC(1011) User=0.00s Sys=0.00s Real=0.00s
[18.860s][info ][gc,start       ] GC(1012) Pause Young (Allocation Failure)
[18.860s][debug][gc,age         ] GC(1012) Desired survivor size 8945664 bytes, new threshold 15 (max threshold 15)
[18.860s][trace][gc,age         ] GC(1012) Age table with threshold 15 (max threshold 15)
[18.860s][trace][gc,age         ] GC(1012) - age   1:        192 bytes,        192 total
[18.860s][info ][gc,heap        ] GC(1012) DefNew: 139904K(157376K)->0K(157376K) Eden: 139904K(139904K)->0K(139904K) From: 0K(17472K)->0K(17472K)
[18.860s][info ][gc,heap        ] GC(1012) Tenured: 3959K(349568K)->3959K(349568K)
[18.860s][info ][gc,metaspace   ] GC(1012) Metaspace: 9888K(10176K)->9888K(10176K) NonClass: 8754K(8896K)->8754K(8896K) Class: 1134K(1280K)->1134K(1280K)
[18.860s][info ][gc             ] GC(1012) Pause Young (Allocation Failure) 140M->3M(495M) 0.162ms
[18.860s][info ][gc,cpu         ] GC(1012) User=0.00s Sys=0.00s Real=0.00s
[18.871s][info ][gc,start       ] GC(1013) Pause Young (Allocation Failure)
[18.871s][debug][gc,age         ] GC(1013) Desired survivor size 8945664 bytes, new threshold 15 (max threshold 15)
[18.871s][trace][gc,age         ] GC(1013) Age table with threshold 15 (max threshold 15)
[18.871s][trace][gc,age         ] GC(1013) - age   1:        192 bytes,        192 total
[18.871s][info ][gc,heap        ] GC(1013) DefNew: 139904K(157376K)->0K(157376K) Eden: 139904K(139904K)->0K(139904K) From: 0K(17472K)->0K(17472K)
[18.871s][info ][gc,heap        ] GC(1013) Tenured: 3959K(349568K)->3959K(349568K)
[18.871s][info ][gc,metaspace   ] GC(1013) Metaspace: 9888K(10176K)->9888K(10176K) NonClass: 8754K(8896K)->8754K(8896K) Class: 1134K(1280K)->1134K(1280K)
[18.871s][info ][gc             ] GC(1013) Pause Young (Allocation Failure) 140M->3M(495M) 0.156ms
[18.871s][info ][gc,cpu         ] GC(1013) User=0.00s Sys=0.00s Real=0.00s
[18.881s][info ][gc,start       ] GC(1014) Pause Young (Allocation Failure)
[18.881s][debug][gc,age         ] GC(1014) Desired survivor size 8945664 bytes, new threshold 15 (max threshold 15)
[18.881s][trace][gc,age         ] GC(1014) Age table with threshold 15 (max threshold 15)
[18.881s][trace][gc,age         ] GC(1014) - age   1:        192 bytes,        192 total
[18.881s][info ][gc,heap        ] GC(1014) DefNew: 139904K(157376K)->0K(157376K) Eden: 139904K(139904K)->0K(139904K) From: 0K(17472K)->0K(17472K)
[18.881s][info ][gc,heap        ] GC(1014) Tenured: 3959K(349568K)->3959K(349568K)
[18.881s][info ][gc,metaspace   ] GC(1014) Metaspace: 9888K(10176K)->9888K(10176K) NonClass: 8754K(8896K)->8754K(8896K) Class: 1134K(1280K)->1134K(1280K)
[18.881s][info ][gc             ] GC(1014) Pause Young (Allocation Failure) 140M->3M(495M) 0.151ms
[18.881s][info ][gc,cpu         ] GC(1014) User=0.00s Sys=0.00s Real=0.00s
[18.891s][info ][gc,start       ] GC(1015) Pause Young (Allocation Failure)
[18.891s][debug][gc,age         ] GC(1015) Desired survivor size 8945664 bytes, new threshold 15 (max threshold 15)
[18.891s][trace][gc,age         ] GC(1015) Age table with threshold 15 (max threshold 15)
[18.891s][trace][gc,age         ] GC(1015) - age   1:        192 bytes,        192 total
[18.891s][info ][gc,heap        ] GC(1015) DefNew: 139904K(157376K)->0K(157376K) Eden: 139904K(139904K)->0K(139904K) From: 0K(17472K)->0K(17472K)
[18.891s][info ][gc,heap        ] GC(1015) Tenured: 3959K(349568K)->3959K(349568K)
[18.891s][info ][gc,metaspace   ] GC(1015) Metaspace: 9888K(10176K)->9888K(10176K) NonClass: 8754K(8896K)->8754K(8896K) Class: 1134K(1280K)->1134K(1280K)
[18.891s][info ][gc             ] GC(1015) Pause Young (Allocation Failure) 140M->3M(495M) 0.157ms
[18.891s][info ][gc,cpu         ] GC(1015) User=0.00s Sys=0.00s Real=0.00s
[18.901s][info ][gc,start       ] GC(1016) Pause Young (Allocation Failure)
[18.901s][debug][gc,age         ] GC(1016) Desired survivor size 8945664 bytes, new threshold 15 (max threshold 15)
[18.901s][trace][gc,age         ] GC(1016) Age table with threshold 15 (max threshold 15)
[18.901s][trace][gc,age         ] GC(1016) - age   1:        192 bytes,        192 total
[18.901s][info ][gc,heap        ] GC(1016) DefNew: 139904K(157376K)->0K(157376K) Eden: 139904K(139904K)->0K(139904K) From: 0K(17472K)->0K(17472K)
[18.901s][info ][gc,heap        ] GC(1016) Tenured: 3959K(349568K)->3959K(349568K)
[18.901s][info ][gc,metaspace   ] GC(1016) Metaspace: 9888K(10176K)->9888K(10176K) NonClass: 8754K(8896K)->8754K(8896K) Class: 1134K(1280K)->1134K(1280K)
[18.901s][info ][gc             ] GC(1016) Pause Young (Allocation Failure) 140M->3M(495M) 0.155ms
[18.901s][info ][gc,cpu         ] GC(1016) User=0.00s Sys=0.01s Real=0.00s
[18.911s][info ][gc,start       ] GC(1017) Pause Young (Allocation Failure)
[18.911s][debug][gc,age         ] GC(1017) Desired survivor size 8945664 bytes, new threshold 15 (max threshold 15)
[18.911s][trace][gc,age         ] GC(1017) Age table with threshold 15 (max threshold 15)
[18.911s][trace][gc,age         ] GC(1017) - age   1:        192 bytes,        192 total
[18.912s][info ][gc,heap        ] GC(1017) DefNew: 139904K(157376K)->0K(157376K) Eden: 139904K(139904K)->0K(139904K) From: 0K(17472K)->0K(17472K)
[18.912s][info ][gc,heap        ] GC(1017) Tenured: 3959K(349568K)->3959K(349568K)
[18.912s][info ][gc,metaspace   ] GC(1017) Metaspace: 9888K(10176K)->9888K(10176K) NonClass: 8754K(8896K)->8754K(8896K) Class: 1134K(1280K)->1134K(1280K)
[18.912s][info ][gc             ] GC(1017) Pause Young (Allocation Failure) 140M->3M(495M) 0.150ms
[18.912s][info ][gc,cpu         ] GC(1017) User=0.00s Sys=0.00s Real=0.00s
[18.922s][info ][gc,start       ] GC(1018) Pause Young (Allocation Failure)
[18.922s][debug][gc,age         ] GC(1018) Desired survivor size 8945664 bytes, new threshold 15 (max threshold 15)
[18.922s][trace][gc,age         ] GC(1018) Age table with threshold 15 (max threshold 15)
[18.922s][trace][gc,age         ] GC(1018) - age   1:        192 bytes,        192 total
[18.922s][info ][gc,heap        ] GC(1018) DefNew: 139904K(157376K)->0K(157376K) Eden: 139904K(139904K)->0K(139904K) From: 0K(17472K)->0K(17472K)
[18.922s][info ][gc,heap        ] GC(1018) Tenured: 3959K(349568K)->3959K(349568K)
[18.922s][info ][gc,metaspace   ] GC(1018) Metaspace: 9888K(10176K)->9888K(10176K) NonClass: 8754K(8896K)->8754K(8896K) Class: 1134K(1280K)->1134K(1280K)
[18.922s][info ][gc             ] GC(1018) Pause Young (Allocation Failure) 140M->3M(495M) 0.156ms
[18.922s][info ][gc,cpu         ] GC(1018) User=0.00s Sys=0.00s Real=0.00s
[18.932s][info ][gc,start       ] GC(1019) Pause Young (Allocation Failure)
[18.932s][debug][gc,age         ] GC(1019) Desired survivor size 8945664 bytes, new threshold 15 (max threshold 15)
[18.932s][trace][gc,age         ] GC(1019) Age table with threshold 15 (max threshold 15)
[18.932s][trace][gc,age         ] GC(1019) - age   1:        192 bytes,        192 total
[18.932s][info ][gc,heap        ] GC(1019) DefNew: 139904K(157376K)->0K(157376K) Eden: 139904K(139904K)->0K(139904K) From: 0K(17472K)->0K(17472K)
[18.932s][info ][gc,heap        ] GC(1019) Tenured: 3959K(349568K)->3959K(349568K)
[18.932s][info ][gc,metaspace   ] GC(1019) Metaspace: 9888K(10176K)->9888K(10176K) NonClass: 8754K(8896K)->8754K(8896K) Class: 1134K(1280K)->1134K(1280K)
[18.932s][info ][gc             ] GC(1019) Pause Young (Allocation Failure) 140M->3M(495M) 0.148ms
[18.932s][info ][gc,cpu         ] GC(1019) User=0.00s Sys=0.00s Real=0.00s
[18.942s][info ][gc,start       ] GC(1020) Pause Young (Allocation Failure)
[18.942s][debug][gc,age         ] GC(1020) Desired survivor size 8945664 bytes, new threshold 15 (max threshold 15)
[18.942s][trace][gc,age         ] GC(1020) Age table with threshold 15 (max threshold 15)
[18.942s][trace][gc,age         ] GC(1020) - age   1:        192 bytes,        192 total
[18.942s][info ][gc,heap        ] GC(1020) DefNew: 139904K(157376K)->0K(157376K) Eden: 139904K(139904K)->0K(139904K) From: 0K(17472K)->0K(17472K)
[18.942s][info ][gc,heap        ] GC(1020) Tenured: 3959K(349568K)->3959K(349568K)
[18.942s][info ][gc,metaspace   ] GC(1020) Metaspace: 9888K(10176K)->9888K(10176K) NonClass: 8754K(8896K)->8754K(8896K) Class: 1134K(1280K)->1134K(1280K)
[18.942s][info ][gc             ] GC(1020) Pause Young (Allocation Failure) 140M->3M(495M) 0.161ms
[18.942s][info ][gc,cpu         ] GC(1020) User=0.00s Sys=0.00s Real=0.00s
[18.952s][info ][gc,start       ] GC(1021) Pause Young (Allocation Failure)
[18.952s][debug][gc,age         ] GC(1021) Desired survivor size 8945664 bytes, new threshold 15 (max threshold 15)
[18.952s][trace][gc,age         ] GC(1021) Age table with threshold 15 (max threshold 15)
[18.952s][trace][gc,age         ] GC(1021) - age   1:        192 bytes,        192 total
[18.952s][info ][gc,heap        ] GC(1021) DefNew: 139904K(157376K)->0K(157376K) Eden: 139904K(139904K)->0K(139904K) From: 0K(17472K)->0K(17472K)
[18.952s][info ][gc,heap        ] GC(1021) Tenured: 3959K(349568K)->3959K(349568K)
[18.952s][info ][gc,metaspace   ] GC(1021) Metaspace: 9888K(10176K)->9888K(10176K) NonClass: 8754K(8896K)->8754K(8896K) Class: 1134K(1280K)->1134K(1280K)
[18.952s][info ][gc             ] GC(1021) Pause Young (Allocation Failure) 140M->3M(495M) 0.154ms
[18.952s][info ][gc,cpu         ] GC(1021) User=0.00s Sys=0.00s Real=0.00s
[18.962s][info ][gc,start       ] GC(1022) Pause Young (Allocation Failure)
[18.962s][debug][gc,age         ] GC(1022) Desired survivor size 8945664 bytes, new threshold 15 (max threshold 15)
[18.962s][trace][gc,age         ] GC(1022) Age table with threshold 15 (max threshold 15)
[18.962s][trace][gc,age         ] GC(1022) - age   1:        192 bytes,        192 total
[18.962s][info ][gc,heap        ] GC(1022) DefNew: 139904K(157376K)->0K(157376K) Eden: 139904K(139904K)->0K(139904K) From: 0K(17472K)->0K(17472K)
[18.962s][info ][gc,heap        ] GC(1022) Tenured: 3959K(349568K)->3959K(349568K)
[18.962s][info ][gc,metaspace   ] GC(1022) Metaspace: 9888K(10176K)->9888K(10176K) NonClass: 8754K(8896K)->8754K(8896K) Class: 1134K(1280K)->1134K(1280K)
[18.962s][info ][gc             ] GC(1022) Pause Young (Allocation Failure) 140M->3M(495M) 0.151ms
[18.962s][info ][gc,cpu         ] GC(1022) User=0.00s Sys=0.00s Real=0.00s
[18.973s][info ][gc,start       ] GC(1023) Pause Young (Allocation Failure)
[18.973s][debug][gc,age         ] GC(1023) Desired survivor size 8945664 bytes, new threshold 15 (max threshold 15)
[18.973s][trace][gc,age         ] GC(1023) Age table with threshold 15 (max threshold 15)
[18.973s][trace][gc,age         ] GC(1023) - age   1:        192 bytes,        192 total
[18.973s][info ][gc,heap        ] GC(1023) DefNew: 139904K(157376K)->0K(157376K) Eden: 139904K(139904K)->0K(139904K) From: 0K(17472K)->0K(17472K)
[18.973s][info ][gc,heap        ] GC(1023) Tenured: 3959K(349568K)->3959K(349568K)
[18.973s][info ][gc,metaspace   ] GC(1023) Metaspace: 9888K(10176K)->9888K(10176K) NonClass: 8754K(8896K)->8754K(8896K) Class: 1134K(1280K)->1134K(1280K)
[18.973s][info ][gc             ] GC(1023) Pause Young (Allocation Failure) 140M->3M(495M) 0.149ms
[18.973s][info ][gc,cpu         ] GC(1023) User=0.00s Sys=0.00s Real=0.00s
[18.983s][info ][gc,start       ] GC(1024) Pause Young (Allocation Failure)
[18.983s][debug][gc,age         ] GC(1024) Desired survivor size 8945664 bytes, new threshold 15 (max threshold 15)
[18.983s][trace][gc,age         ] GC(1024) Age table with threshold 15 (max threshold 15)
[18.983s][trace][gc,age         ] GC(1024) - age   1:        192 bytes,        192 total
[18.983s][info ][gc,heap        ] GC(1024) DefNew: 139904K(157376K)->0K(157376K) Eden: 139904K(139904K)->0K(139904K) From: 0K(17472K)->0K(17472K)
[18.983s][info ][gc,heap        ] GC(1024) Tenured: 3959K(349568K)->3959K(349568K)
[18.983s][info ][gc,metaspace   ] GC(1024) Metaspace: 9888K(10176K)->9888K(10176K) NonClass: 8754K(8896K)->8754K(8896K) Class: 1134K(1280K)->1134K(1280K)
[18.983s][info ][gc             ] GC(1024) Pause Young (Allocation Failure) 140M->3M(495M) 0.146ms
[18.983s][info ][gc,cpu         ] GC(1024) User=0.00s Sys=0.00s Real=0.00s
[18.993s][info ][gc,start       ] GC(1025) Pause Young (Allocation Failure)
[18.993s][debug][gc,age         ] GC(1025) Desired survivor size 8945664 bytes, new threshold 15 (max threshold 15)
[18.993s][trace][gc,age         ] GC(1025) Age table with threshold 15 (max threshold 15)
[18.993s][trace][gc,age         ] GC(1025) - age   1:        192 bytes,        192 total
[18.993s][info ][gc,heap        ] GC(1025) DefNew: 139904K(157376K)->0K(157376K) Eden: 139904K(139904K)->0K(139904K) From: 0K(17472K)->0K(17472K)
[18.993s][info ][gc,heap        ] GC(1025) Tenured: 3959K(349568K)->3959K(349568K)
[18.993s][info ][gc,metaspace   ] GC(1025) Metaspace: 9888K(10176K)->9888K(10176K) NonClass: 8754K(8896K)->8754K(8896K) Class: 1134K(1280K)->1134K(1280K)
[18.993s][info ][gc             ] GC(1025) Pause Young (Allocation Failure) 140M->3M(495M) 0.151ms
[18.993s][info ][gc,cpu         ] GC(1025) User=0.00s Sys=0.00s Real=0.00s
[19.003s][info ][gc,start       ] GC(1026) Pause Young (Allocation Failure)
[19.003s][debug][gc,age         ] GC(1026) Desired survivor size 8945664 bytes, new threshold 15 (max threshold 15)
[19.003s][trace][gc,age         ] GC(1026) Age table with threshold 15 (max threshold 15)
[19.003s][trace][gc,age         ] GC(1026) - age   1:        192 bytes,        192 total
[19.003s][info ][gc,heap        ] GC(1026) DefNew: 139904K(157376K)->0K(157376K) Eden: 139904K(139904K)->0K(139904K) From: 0K(17472K)->0K(17472K)
[19.003s][info ][gc,heap        ] GC(1026) Tenured: 3959K(349568K)->3959K(349568K)
[19.003s][info ][gc,metaspace   ] GC(1026) Metaspace: 9888K(10176K)->9888K(10176K) NonClass: 8754K(8896K)->8754K(8896K) Class: 1134K(1280K)->1134K(1280K)
[19.003s][info ][gc             ] GC(1026) Pause Young (Allocation Failure) 140M->3M(495M) 0.152ms
[19.003s][info ][gc,cpu         ] GC(1026) User=0.00s Sys=0.00s Real=0.00s
[19.013s][info ][gc,start       ] GC(1027) Pause Young (Allocation Failure)
[19.014s][debug][gc,age         ] GC(1027) Desired survivor size 8945664 bytes, new threshold 15 (max threshold 15)
[19.014s][trace][gc,age         ] GC(1027) Age table with threshold 15 (max threshold 15)
[19.014s][trace][gc,age         ] GC(1027) - age   1:        192 bytes,        192 total
[19.014s][info ][gc,heap        ] GC(1027) DefNew: 139904K(157376K)->0K(157376K) Eden: 139904K(139904K)->0K(139904K) From: 0K(17472K)->0K(17472K)
[19.014s][info ][gc,heap        ] GC(1027) Tenured: 3959K(349568K)->3959K(349568K)
[19.014s][info ][gc,metaspace   ] GC(1027) Metaspace: 9888K(10176K)->9888K(10176K) NonClass: 8754K(8896K)->8754K(8896K) Class: 1134K(1280K)->1134K(1280K)
[19.014s][info ][gc             ] GC(1027) Pause Young (Allocation Failure) 140M->3M(495M) 0.151ms
[19.014s][info ][gc,cpu         ] GC(1027) User=0.00s Sys=0.00s Real=0.00s
[19.024s][info ][gc,start       ] GC(1028) Pause Young (Allocation Failure)
[19.024s][debug][gc,age         ] GC(1028) Desired survivor size 8945664 bytes, new threshold 15 (max threshold 15)
[19.024s][trace][gc,age         ] GC(1028) Age table with threshold 15 (max threshold 15)
[19.024s][trace][gc,age         ] GC(1028) - age   1:        192 bytes,        192 total
[19.024s][info ][gc,heap        ] GC(1028) DefNew: 139904K(157376K)->0K(157376K) Eden: 139904K(139904K)->0K(139904K) From: 0K(17472K)->0K(17472K)
[19.024s][info ][gc,heap        ] GC(1028) Tenured: 3959K(349568K)->3959K(349568K)
[19.024s][info ][gc,metaspace   ] GC(1028) Metaspace: 9888K(10176K)->9888K(10176K) NonClass: 8754K(8896K)->8754K(8896K) Class: 1134K(1280K)->1134K(1280K)
[19.024s][info ][gc             ] GC(1028) Pause Young (Allocation Failure) 140M->3M(495M) 0.147ms
[19.024s][info ][gc,cpu         ] GC(1028) User=0.00s Sys=0.00s Real=0.00s
[19.034s][info ][gc,start       ] GC(1029) Pause Young (Allocation Failure)
[19.034s][debug][gc,age         ] GC(1029) Desired survivor size 8945664 bytes, new threshold 15 (max threshold 15)
[19.034s][trace][gc,age         ] GC(1029) Age table with threshold 15 (max threshold 15)
[19.034s][trace][gc,age         ] GC(1029) - age   1:        192 bytes,        192 total
[19.034s][info ][gc,heap        ] GC(1029) DefNew: 139904K(157376K)->0K(157376K) Eden: 139904K(139904K)->0K(139904K) From: 0K(17472K)->0K(17472K)
[19.034s][info ][gc,heap        ] GC(1029) Tenured: 3959K(349568K)->3959K(349568K)
[19.034s][info ][gc,metaspace   ] GC(1029) Metaspace: 9888K(10176K)->9888K(10176K) NonClass: 8754K(8896K)->8754K(8896K) Class: 1134K(1280K)->1134K(1280K)
[19.034s][info ][gc             ] GC(1029) Pause Young (Allocation Failure) 140M->3M(495M) 0.153ms
[19.034s][info ][gc,cpu         ] GC(1029) User=0.00s Sys=0.00s Real=0.00s
[19.044s][info ][gc,start       ] GC(1030) Pause Young (Allocation Failure)
[19.044s][debug][gc,age         ] GC(1030) Desired survivor size 8945664 bytes, new threshold 15 (max threshold 15)
[19.044s][trace][gc,age         ] GC(1030) Age table with threshold 15 (max threshold 15)
[19.044s][trace][gc,age         ] GC(1030) - age   1:        192 bytes,        192 total
[19.044s][info ][gc,heap        ] GC(1030) DefNew: 139904K(157376K)->0K(157376K) Eden: 139904K(139904K)->0K(139904K) From: 0K(17472K)->0K(17472K)
[19.044s][info ][gc,heap        ] GC(1030) Tenured: 3959K(349568K)->3959K(349568K)
[19.044s][info ][gc,metaspace   ] GC(1030) Metaspace: 9888K(10176K)->9888K(10176K) NonClass: 8754K(8896K)->8754K(8896K) Class: 1134K(1280K)->1134K(1280K)
[19.044s][info ][gc             ] GC(1030) Pause Young (Allocation Failure) 140M->3M(495M) 0.150ms
[19.044s][info ][gc,cpu         ] GC(1030) User=0.00s Sys=0.00s Real=0.00s
[19.054s][info ][gc,start       ] GC(1031) Pause Young (Allocation Failure)
[19.054s][debug][gc,age         ] GC(1031) Desired survivor size 8945664 bytes, new threshold 15 (max threshold 15)
[19.054s][trace][gc,age         ] GC(1031) Age table with threshold 15 (max threshold 15)
[19.054s][trace][gc,age         ] GC(1031) - age   1:        192 bytes,        192 total
[19.054s][info ][gc,heap        ] GC(1031) DefNew: 139904K(157376K)->0K(157376K) Eden: 139904K(139904K)->0K(139904K) From: 0K(17472K)->0K(17472K)
[19.054s][info ][gc,heap        ] GC(1031) Tenured: 3959K(349568K)->3959K(349568K)
[19.054s][info ][gc,metaspace   ] GC(1031) Metaspace: 9888K(10176K)->9888K(10176K) NonClass: 8754K(8896K)->8754K(8896K) Class: 1134K(1280K)->1134K(1280K)
[19.054s][info ][gc             ] GC(1031) Pause Young (Allocation Failure) 140M->3M(495M) 0.157ms
[19.054s][info ][gc,cpu         ] GC(1031) User=0.00s Sys=0.00s Real=0.00s
[19.064s][info ][gc,start       ] GC(1032) Pause Young (Allocation Failure)
[19.065s][debug][gc,age         ] GC(1032) Desired survivor size 8945664 bytes, new threshold 15 (max threshold 15)
[19.065s][trace][gc,age         ] GC(1032) Age table with threshold 15 (max threshold 15)
[19.065s][trace][gc,age         ] GC(1032) - age   1:        192 bytes,        192 total
[19.065s][info ][gc,heap        ] GC(1032) DefNew: 139904K(157376K)->0K(157376K) Eden: 139904K(139904K)->0K(139904K) From: 0K(17472K)->0K(17472K)
[19.065s][info ][gc,heap        ] GC(1032) Tenured: 3959K(349568K)->3959K(349568K)
[19.065s][info ][gc,metaspace   ] GC(1032) Metaspace: 9888K(10176K)->9888K(10176K) NonClass: 8754K(8896K)->8754K(8896K) Class: 1134K(1280K)->1134K(1280K)
[19.065s][info ][gc             ] GC(1032) Pause Young (Allocation Failure) 140M->3M(495M) 0.165ms
[19.065s][info ][gc,cpu         ] GC(1032) User=0.00s Sys=0.00s Real=0.00s
[19.075s][info ][gc,start       ] GC(1033) Pause Young (Allocation Failure)
[19.075s][debug][gc,age         ] GC(1033) Desired survivor size 8945664 bytes, new threshold 15 (max threshold 15)
[19.075s][trace][gc,age         ] GC(1033) Age table with threshold 15 (max threshold 15)
[19.075s][trace][gc,age         ] GC(1033) - age   1:        192 bytes,        192 total
[19.075s][info ][gc,heap        ] GC(1033) DefNew: 139904K(157376K)->0K(157376K) Eden: 139904K(139904K)->0K(139904K) From: 0K(17472K)->0K(17472K)
[19.075s][info ][gc,heap        ] GC(1033) Tenured: 3959K(349568K)->3959K(349568K)
[19.075s][info ][gc,metaspace   ] GC(1033) Metaspace: 9888K(10176K)->9888K(10176K) NonClass: 8754K(8896K)->8754K(8896K) Class: 1134K(1280K)->1134K(1280K)
[19.075s][info ][gc             ] GC(1033) Pause Young (Allocation Failure) 140M->3M(495M) 0.150ms
[19.075s][info ][gc,cpu         ] GC(1033) User=0.00s Sys=0.00s Real=0.00s
[19.085s][info ][gc,start       ] GC(1034) Pause Young (Allocation Failure)
[19.085s][debug][gc,age         ] GC(1034) Desired survivor size 8945664 bytes, new threshold 15 (max threshold 15)
[19.085s][trace][gc,age         ] GC(1034) Age table with threshold 15 (max threshold 15)
[19.085s][trace][gc,age         ] GC(1034) - age   1:        192 bytes,        192 total
[19.085s][info ][gc,heap        ] GC(1034) DefNew: 139904K(157376K)->0K(157376K) Eden: 139904K(139904K)->0K(139904K) From: 0K(17472K)->0K(17472K)
[19.085s][info ][gc,heap        ] GC(1034) Tenured: 3959K(349568K)->3959K(349568K)
[19.085s][info ][gc,metaspace   ] GC(1034) Metaspace: 9888K(10176K)->9888K(10176K) NonClass: 8754K(8896K)->8754K(8896K) Class: 1134K(1280K)->1134K(1280K)
[19.085s][info ][gc             ] GC(1034) Pause Young (Allocation Failure) 140M->3M(495M) 0.151ms
[19.085s][info ][gc,cpu         ] GC(1034) User=0.00s Sys=0.00s Real=0.00s
[19.095s][info ][gc,start       ] GC(1035) Pause Young (Allocation Failure)
[19.095s][debug][gc,age         ] GC(1035) Desired survivor size 8945664 bytes, new threshold 15 (max threshold 15)
[19.095s][trace][gc,age         ] GC(1035) Age table with threshold 15 (max threshold 15)
[19.095s][trace][gc,age         ] GC(1035) - age   1:        192 bytes,        192 total
[19.095s][info ][gc,heap        ] GC(1035) DefNew: 139904K(157376K)->0K(157376K) Eden: 139904K(139904K)->0K(139904K) From: 0K(17472K)->0K(17472K)
[19.095s][info ][gc,heap        ] GC(1035) Tenured: 3959K(349568K)->3959K(349568K)
[19.095s][info ][gc,metaspace   ] GC(1035) Metaspace: 9888K(10176K)->9888K(10176K) NonClass: 8754K(8896K)->8754K(8896K) Class: 1134K(1280K)->1134K(1280K)
[19.095s][info ][gc             ] GC(1035) Pause Young (Allocation Failure) 140M->3M(495M) 0.156ms
[19.095s][info ][gc,cpu         ] GC(1035) User=0.00s Sys=0.00s Real=0.00s
[19.105s][info ][gc,start       ] GC(1036) Pause Young (Allocation Failure)
[19.105s][debug][gc,age         ] GC(1036) Desired survivor size 8945664 bytes, new threshold 15 (max threshold 15)
[19.105s][trace][gc,age         ] GC(1036) Age table with threshold 15 (max threshold 15)
[19.105s][trace][gc,age         ] GC(1036) - age   1:        192 bytes,        192 total
[19.105s][info ][gc,heap        ] GC(1036) DefNew: 139904K(157376K)->0K(157376K) Eden: 139904K(139904K)->0K(139904K) From: 0K(17472K)->0K(17472K)
[19.105s][info ][gc,heap        ] GC(1036) Tenured: 3959K(349568K)->3959K(349568K)
[19.105s][info ][gc,metaspace   ] GC(1036) Metaspace: 9888K(10176K)->9888K(10176K) NonClass: 8754K(8896K)->8754K(8896K) Class: 1134K(1280K)->1134K(1280K)
[19.105s][info ][gc             ] GC(1036) Pause Young (Allocation Failure) 140M->3M(495M) 0.147ms
[19.105s][info ][gc,cpu         ] GC(1036) User=0.00s Sys=0.00s Real=0.00s
[19.115s][info ][gc,start       ] GC(1037) Pause Young (Allocation Failure)
[19.116s][debug][gc,age         ] GC(1037) Desired survivor size 8945664 bytes, new threshold 15 (max threshold 15)
[19.116s][trace][gc,age         ] GC(1037) Age table with threshold 15 (max threshold 15)
[19.116s][trace][gc,age         ] GC(1037) - age   1:        192 bytes,        192 total
[19.116s][info ][gc,heap        ] GC(1037) DefNew: 139904K(157376K)->0K(157376K) Eden: 139904K(139904K)->0K(139904K) From: 0K(17472K)->0K(17472K)
[19.116s][info ][gc,heap        ] GC(1037) Tenured: 3959K(349568K)->3959K(349568K)
[19.116s][info ][gc,metaspace   ] GC(1037) Metaspace: 9888K(10176K)->9888K(10176K) NonClass: 8754K(8896K)->8754K(8896K) Class: 1134K(1280K)->1134K(1280K)
[19.116s][info ][gc             ] GC(1037) Pause Young (Allocation Failure) 140M->3M(495M) 0.156ms
[19.116s][info ][gc,cpu         ] GC(1037) User=0.00s Sys=0.00s Real=0.00s
[19.126s][info ][gc,start       ] GC(1038) Pause Young (Allocation Failure)
[19.126s][debug][gc,age         ] GC(1038) Desired survivor size 8945664 bytes, new threshold 15 (max threshold 15)
[19.126s][trace][gc,age         ] GC(1038) Age table with threshold 15 (max threshold 15)
[19.126s][trace][gc,age         ] GC(1038) - age   1:        192 bytes,        192 total
[19.126s][info ][gc,heap        ] GC(1038) DefNew: 139904K(157376K)->0K(157376K) Eden: 139904K(139904K)->0K(139904K) From: 0K(17472K)->0K(17472K)
[19.126s][info ][gc,heap        ] GC(1038) Tenured: 3959K(349568K)->3959K(349568K)
[19.126s][info ][gc,metaspace   ] GC(1038) Metaspace: 9888K(10176K)->9888K(10176K) NonClass: 8754K(8896K)->8754K(8896K) Class: 1134K(1280K)->1134K(1280K)
[19.126s][info ][gc             ] GC(1038) Pause Young (Allocation Failure) 140M->3M(495M) 0.164ms
[19.126s][info ][gc,cpu         ] GC(1038) User=0.00s Sys=0.00s Real=0.00s
[19.136s][info ][gc,start       ] GC(1039) Pause Young (Allocation Failure)
[19.136s][debug][gc,age         ] GC(1039) Desired survivor size 8945664 bytes, new threshold 15 (max threshold 15)
[19.136s][trace][gc,age         ] GC(1039) Age table with threshold 15 (max threshold 15)
[19.136s][trace][gc,age         ] GC(1039) - age   1:        192 bytes,        192 total
[19.136s][info ][gc,heap        ] GC(1039) DefNew: 139904K(157376K)->0K(157376K) Eden: 139904K(139904K)->0K(139904K) From: 0K(17472K)->0K(17472K)
[19.136s][info ][gc,heap        ] GC(1039) Tenured: 3959K(349568K)->3959K(349568K)
[19.136s][info ][gc,metaspace   ] GC(1039) Metaspace: 9888K(10176K)->9888K(10176K) NonClass: 8754K(8896K)->8754K(8896K) Class: 1134K(1280K)->1134K(1280K)
[19.136s][info ][gc             ] GC(1039) Pause Young (Allocation Failure) 140M->3M(495M) 0.150ms
[19.136s][info ][gc,cpu         ] GC(1039) User=0.00s Sys=0.00s Real=0.00s
[19.146s][info ][gc,start       ] GC(1040) Pause Young (Allocation Failure)
[19.146s][debug][gc,age         ] GC(1040) Desired survivor size 8945664 bytes, new threshold 15 (max threshold 15)
[19.146s][trace][gc,age         ] GC(1040) Age table with threshold 15 (max threshold 15)
[19.146s][trace][gc,age         ] GC(1040) - age   1:        192 bytes,        192 total
[19.146s][info ][gc,heap        ] GC(1040) DefNew: 139904K(157376K)->0K(157376K) Eden: 139904K(139904K)->0K(139904K) From: 0K(17472K)->0K(17472K)
[19.146s][info ][gc,heap        ] GC(1040) Tenured: 3959K(349568K)->3959K(349568K)
[19.146s][info ][gc,metaspace   ] GC(1040) Metaspace: 9888K(10176K)->9888K(10176K) NonClass: 8754K(8896K)->8754K(8896K) Class: 1134K(1280K)->1134K(1280K)
[19.146s][info ][gc             ] GC(1040) Pause Young (Allocation Failure) 140M->3M(495M) 0.149ms
[19.146s][info ][gc,cpu         ] GC(1040) User=0.00s Sys=0.00s Real=0.00s
[19.156s][info ][gc,start       ] GC(1041) Pause Young (Allocation Failure)
[19.156s][debug][gc,age         ] GC(1041) Desired survivor size 8945664 bytes, new threshold 15 (max threshold 15)
[19.156s][trace][gc,age         ] GC(1041) Age table with threshold 15 (max threshold 15)
[19.156s][trace][gc,age         ] GC(1041) - age   1:        192 bytes,        192 total
[19.156s][info ][gc,heap        ] GC(1041) DefNew: 139904K(157376K)->0K(157376K) Eden: 139904K(139904K)->0K(139904K) From: 0K(17472K)->0K(17472K)
[19.156s][info ][gc,heap        ] GC(1041) Tenured: 3959K(349568K)->3959K(349568K)
[19.156s][info ][gc,metaspace   ] GC(1041) Metaspace: 9888K(10176K)->9888K(10176K) NonClass: 8754K(8896K)->8754K(8896K) Class: 1134K(1280K)->1134K(1280K)
[19.156s][info ][gc             ] GC(1041) Pause Young (Allocation Failure) 140M->3M(495M) 0.149ms
[19.156s][info ][gc,cpu         ] GC(1041) User=0.00s Sys=0.00s Real=0.00s
[19.166s][info ][gc,start       ] GC(1042) Pause Young (Allocation Failure)
[19.167s][debug][gc,age         ] GC(1042) Desired survivor size 8945664 bytes, new threshold 15 (max threshold 15)
[19.167s][trace][gc,age         ] GC(1042) Age table with threshold 15 (max threshold 15)
[19.167s][trace][gc,age         ] GC(1042) - age   1:        192 bytes,        192 total
[19.167s][info ][gc,heap        ] GC(1042) DefNew: 139904K(157376K)->0K(157376K) Eden: 139904K(139904K)->0K(139904K) From: 0K(17472K)->0K(17472K)
[19.167s][info ][gc,heap        ] GC(1042) Tenured: 3959K(349568K)->3959K(349568K)
[19.167s][info ][gc,metaspace   ] GC(1042) Metaspace: 9888K(10176K)->9888K(10176K) NonClass: 8754K(8896K)->8754K(8896K) Class: 1134K(1280K)->1134K(1280K)
[19.167s][info ][gc             ] GC(1042) Pause Young (Allocation Failure) 140M->3M(495M) 0.151ms
[19.167s][info ][gc,cpu         ] GC(1042) User=0.00s Sys=0.00s Real=0.00s
[19.177s][info ][gc,start       ] GC(1043) Pause Young (Allocation Failure)
[19.177s][debug][gc,age         ] GC(1043) Desired survivor size 8945664 bytes, new threshold 15 (max threshold 15)
[19.177s][trace][gc,age         ] GC(1043) Age table with threshold 15 (max threshold 15)
[19.177s][trace][gc,age         ] GC(1043) - age   1:        192 bytes,        192 total
[19.177s][info ][gc,heap        ] GC(1043) DefNew: 139904K(157376K)->0K(157376K) Eden: 139904K(139904K)->0K(139904K) From: 0K(17472K)->0K(17472K)
[19.177s][info ][gc,heap        ] GC(1043) Tenured: 3959K(349568K)->3959K(349568K)
[19.177s][info ][gc,metaspace   ] GC(1043) Metaspace: 9888K(10176K)->9888K(10176K) NonClass: 8754K(8896K)->8754K(8896K) Class: 1134K(1280K)->1134K(1280K)
[19.177s][info ][gc             ] GC(1043) Pause Young (Allocation Failure) 140M->3M(495M) 0.147ms
[19.177s][info ][gc,cpu         ] GC(1043) User=0.00s Sys=0.00s Real=0.00s
[19.187s][info ][gc,start       ] GC(1044) Pause Young (Allocation Failure)
[19.187s][debug][gc,age         ] GC(1044) Desired survivor size 8945664 bytes, new threshold 15 (max threshold 15)
[19.187s][trace][gc,age         ] GC(1044) Age table with threshold 15 (max threshold 15)
[19.187s][trace][gc,age         ] GC(1044) - age   1:        192 bytes,        192 total
[19.187s][info ][gc,heap        ] GC(1044) DefNew: 139904K(157376K)->0K(157376K) Eden: 139904K(139904K)->0K(139904K) From: 0K(17472K)->0K(17472K)
[19.187s][info ][gc,heap        ] GC(1044) Tenured: 3959K(349568K)->3959K(349568K)
[19.187s][info ][gc,metaspace   ] GC(1044) Metaspace: 9888K(10176K)->9888K(10176K) NonClass: 8754K(8896K)->8754K(8896K) Class: 1134K(1280K)->1134K(1280K)
[19.187s][info ][gc             ] GC(1044) Pause Young (Allocation Failure) 140M->3M(495M) 0.150ms
[19.187s][info ][gc,cpu         ] GC(1044) User=0.00s Sys=0.00s Real=0.00s
[19.197s][info ][gc,start       ] GC(1045) Pause Young (Allocation Failure)
[19.197s][debug][gc,age         ] GC(1045) Desired survivor size 8945664 bytes, new threshold 15 (max threshold 15)
[19.197s][trace][gc,age         ] GC(1045) Age table with threshold 15 (max threshold 15)
[19.197s][trace][gc,age         ] GC(1045) - age   1:        192 bytes,        192 total
[19.197s][info ][gc,heap        ] GC(1045) DefNew: 139904K(157376K)->0K(157376K) Eden: 139904K(139904K)->0K(139904K) From: 0K(17472K)->0K(17472K)
[19.197s][info ][gc,heap        ] GC(1045) Tenured: 3959K(349568K)->3959K(349568K)
[19.197s][info ][gc,metaspace   ] GC(1045) Metaspace: 9888K(10176K)->9888K(10176K) NonClass: 8754K(8896K)->8754K(8896K) Class: 1134K(1280K)->1134K(1280K)
[19.197s][info ][gc             ] GC(1045) Pause Young (Allocation Failure) 140M->3M(495M) 0.151ms
[19.197s][info ][gc,cpu         ] GC(1045) User=0.00s Sys=0.00s Real=0.00s
[19.207s][info ][gc,start       ] GC(1046) Pause Young (Allocation Failure)
[19.207s][debug][gc,age         ] GC(1046) Desired survivor size 8945664 bytes, new threshold 15 (max threshold 15)
[19.207s][trace][gc,age         ] GC(1046) Age table with threshold 15 (max threshold 15)
[19.207s][trace][gc,age         ] GC(1046) - age   1:        192 bytes,        192 total
[19.207s][info ][gc,heap        ] GC(1046) DefNew: 139904K(157376K)->0K(157376K) Eden: 139904K(139904K)->0K(139904K) From: 0K(17472K)->0K(17472K)
[19.207s][info ][gc,heap        ] GC(1046) Tenured: 3959K(349568K)->3959K(349568K)
[19.207s][info ][gc,metaspace   ] GC(1046) Metaspace: 9888K(10176K)->9888K(10176K) NonClass: 8754K(8896K)->8754K(8896K) Class: 1134K(1280K)->1134K(1280K)
[19.207s][info ][gc             ] GC(1046) Pause Young (Allocation Failure) 140M->3M(495M) 0.150ms
[19.207s][info ][gc,cpu         ] GC(1046) User=0.00s Sys=0.00s Real=0.00s
[19.217s][info ][gc,start       ] GC(1047) Pause Young (Allocation Failure)
[19.218s][debug][gc,age         ] GC(1047) Desired survivor size 8945664 bytes, new threshold 15 (max threshold 15)
[19.218s][trace][gc,age         ] GC(1047) Age table with threshold 15 (max threshold 15)
[19.218s][trace][gc,age         ] GC(1047) - age   1:        192 bytes,        192 total
[19.218s][info ][gc,heap        ] GC(1047) DefNew: 139904K(157376K)->0K(157376K) Eden: 139904K(139904K)->0K(139904K) From: 0K(17472K)->0K(17472K)
[19.218s][info ][gc,heap        ] GC(1047) Tenured: 3959K(349568K)->3959K(349568K)
[19.218s][info ][gc,metaspace   ] GC(1047) Metaspace: 9888K(10176K)->9888K(10176K) NonClass: 8754K(8896K)->8754K(8896K) Class: 1134K(1280K)->1134K(1280K)
[19.218s][info ][gc             ] GC(1047) Pause Young (Allocation Failure) 140M->3M(495M) 0.151ms
[19.218s][info ][gc,cpu         ] GC(1047) User=0.00s Sys=0.00s Real=0.00s
[19.228s][info ][gc,start       ] GC(1048) Pause Young (Allocation Failure)
[19.228s][debug][gc,age         ] GC(1048) Desired survivor size 8945664 bytes, new threshold 15 (max threshold 15)
[19.228s][trace][gc,age         ] GC(1048) Age table with threshold 15 (max threshold 15)
[19.228s][trace][gc,age         ] GC(1048) - age   1:        192 bytes,        192 total
[19.228s][info ][gc,heap        ] GC(1048) DefNew: 139904K(157376K)->0K(157376K) Eden: 139904K(139904K)->0K(139904K) From: 0K(17472K)->0K(17472K)
[19.228s][info ][gc,heap        ] GC(1048) Tenured: 3959K(349568K)->3959K(349568K)
[19.228s][info ][gc,metaspace   ] GC(1048) Metaspace: 9888K(10176K)->9888K(10176K) NonClass: 8754K(8896K)->8754K(8896K) Class: 1134K(1280K)->1134K(1280K)
[19.228s][info ][gc             ] GC(1048) Pause Young (Allocation Failure) 140M->3M(495M) 0.148ms
[19.228s][info ][gc,cpu         ] GC(1048) User=0.00s Sys=0.00s Real=0.00s
[19.238s][info ][gc,start       ] GC(1049) Pause Young (Allocation Failure)
[19.238s][debug][gc,age         ] GC(1049) Desired survivor size 8945664 bytes, new threshold 15 (max threshold 15)
[19.238s][trace][gc,age         ] GC(1049) Age table with threshold 15 (max threshold 15)
[19.238s][trace][gc,age         ] GC(1049) - age   1:        192 bytes,        192 total
[19.238s][info ][gc,heap        ] GC(1049) DefNew: 139904K(157376K)->0K(157376K) Eden: 139904K(139904K)->0K(139904K) From: 0K(17472K)->0K(17472K)
[19.238s][info ][gc,heap        ] GC(1049) Tenured: 3959K(349568K)->3959K(349568K)
[19.238s][info ][gc,metaspace   ] GC(1049) Metaspace: 9888K(10176K)->9888K(10176K) NonClass: 8754K(8896K)->8754K(8896K) Class: 1134K(1280K)->1134K(1280K)
[19.238s][info ][gc             ] GC(1049) Pause Young (Allocation Failure) 140M->3M(495M) 0.152ms
[19.238s][info ][gc,cpu         ] GC(1049) User=0.00s Sys=0.00s Real=0.00s
[19.248s][info ][gc,start       ] GC(1050) Pause Young (Allocation Failure)
[19.248s][debug][gc,age         ] GC(1050) Desired survivor size 8945664 bytes, new threshold 15 (max threshold 15)
[19.248s][trace][gc,age         ] GC(1050) Age table with threshold 15 (max threshold 15)
[19.248s][trace][gc,age         ] GC(1050) - age   1:        192 bytes,        192 total
[19.248s][info ][gc,heap        ] GC(1050) DefNew: 139904K(157376K)->0K(157376K) Eden: 139904K(139904K)->0K(139904K) From: 0K(17472K)->0K(17472K)
[19.248s][info ][gc,heap        ] GC(1050) Tenured: 3959K(349568K)->3959K(349568K)
[19.248s][info ][gc,metaspace   ] GC(1050) Metaspace: 9888K(10176K)->9888K(10176K) NonClass: 8754K(8896K)->8754K(8896K) Class: 1134K(1280K)->1134K(1280K)
[19.248s][info ][gc             ] GC(1050) Pause Young (Allocation Failure) 140M->3M(495M) 0.153ms
[19.248s][info ][gc,cpu         ] GC(1050) User=0.00s Sys=0.00s Real=0.00s
[19.258s][info ][gc,start       ] GC(1051) Pause Young (Allocation Failure)
[19.258s][debug][gc,age         ] GC(1051) Desired survivor size 8945664 bytes, new threshold 15 (max threshold 15)
[19.258s][trace][gc,age         ] GC(1051) Age table with threshold 15 (max threshold 15)
[19.258s][trace][gc,age         ] GC(1051) - age   1:        192 bytes,        192 total
[19.258s][info ][gc,heap        ] GC(1051) DefNew: 139904K(157376K)->0K(157376K) Eden: 139904K(139904K)->0K(139904K) From: 0K(17472K)->0K(17472K)
[19.258s][info ][gc,heap        ] GC(1051) Tenured: 3959K(349568K)->3959K(349568K)
[19.258s][info ][gc,metaspace   ] GC(1051) Metaspace: 9888K(10176K)->9888K(10176K) NonClass: 8754K(8896K)->8754K(8896K) Class: 1134K(1280K)->1134K(1280K)
[19.258s][info ][gc             ] GC(1051) Pause Young (Allocation Failure) 140M->3M(495M) 0.159ms
[19.258s][info ][gc,cpu         ] GC(1051) User=0.00s Sys=0.00s Real=0.00s
[19.268s][info ][gc,start       ] GC(1052) Pause Young (Allocation Failure)
[19.269s][debug][gc,age         ] GC(1052) Desired survivor size 8945664 bytes, new threshold 15 (max threshold 15)
[19.269s][trace][gc,age         ] GC(1052) Age table with threshold 15 (max threshold 15)
[19.269s][trace][gc,age         ] GC(1052) - age   1:        192 bytes,        192 total
[19.269s][info ][gc,heap        ] GC(1052) DefNew: 139904K(157376K)->0K(157376K) Eden: 139904K(139904K)->0K(139904K) From: 0K(17472K)->0K(17472K)
[19.269s][info ][gc,heap        ] GC(1052) Tenured: 3959K(349568K)->3959K(349568K)
[19.269s][info ][gc,metaspace   ] GC(1052) Metaspace: 9888K(10176K)->9888K(10176K) NonClass: 8754K(8896K)->8754K(8896K) Class: 1134K(1280K)->1134K(1280K)
[19.269s][info ][gc             ] GC(1052) Pause Young (Allocation Failure) 140M->3M(495M) 0.147ms
[19.269s][info ][gc,cpu         ] GC(1052) User=0.00s Sys=0.00s Real=0.00s
[19.279s][info ][gc,start       ] GC(1053) Pause Young (Allocation Failure)
[19.279s][debug][gc,age         ] GC(1053) Desired survivor size 8945664 bytes, new threshold 15 (max threshold 15)
[19.279s][trace][gc,age         ] GC(1053) Age table with threshold 15 (max threshold 15)
[19.279s][trace][gc,age         ] GC(1053) - age   1:        192 bytes,        192 total
[19.279s][info ][gc,heap        ] GC(1053) DefNew: 139904K(157376K)->0K(157376K) Eden: 139904K(139904K)->0K(139904K) From: 0K(17472K)->0K(17472K)
[19.279s][info ][gc,heap        ] GC(1053) Tenured: 3959K(349568K)->3959K(349568K)
[19.279s][info ][gc,metaspace   ] GC(1053) Metaspace: 9888K(10176K)->9888K(10176K) NonClass: 8754K(8896K)->8754K(8896K) Class: 1134K(1280K)->1134K(1280K)
[19.279s][info ][gc             ] GC(1053) Pause Young (Allocation Failure) 140M->3M(495M) 0.153ms
[19.279s][info ][gc,cpu         ] GC(1053) User=0.00s Sys=0.00s Real=0.00s
[19.289s][info ][gc,start       ] GC(1054) Pause Young (Allocation Failure)
[19.289s][debug][gc,age         ] GC(1054) Desired survivor size 8945664 bytes, new threshold 15 (max threshold 15)
[19.289s][trace][gc,age         ] GC(1054) Age table with threshold 15 (max threshold 15)
[19.289s][trace][gc,age         ] GC(1054) - age   1:        192 bytes,        192 total
[19.289s][info ][gc,heap        ] GC(1054) DefNew: 139904K(157376K)->0K(157376K) Eden: 139904K(139904K)->0K(139904K) From: 0K(17472K)->0K(17472K)
[19.289s][info ][gc,heap        ] GC(1054) Tenured: 3959K(349568K)->3959K(349568K)
[19.289s][info ][gc,metaspace   ] GC(1054) Metaspace: 9888K(10176K)->9888K(10176K) NonClass: 8754K(8896K)->8754K(8896K) Class: 1134K(1280K)->1134K(1280K)
[19.289s][info ][gc             ] GC(1054) Pause Young (Allocation Failure) 140M->3M(495M) 0.168ms
[19.289s][info ][gc,cpu         ] GC(1054) User=0.00s Sys=0.00s Real=0.00s
[19.299s][info ][gc,start       ] GC(1055) Pause Young (Allocation Failure)
[19.299s][debug][gc,age         ] GC(1055) Desired survivor size 8945664 bytes, new threshold 15 (max threshold 15)
[19.299s][trace][gc,age         ] GC(1055) Age table with threshold 15 (max threshold 15)
[19.299s][trace][gc,age         ] GC(1055) - age   1:        192 bytes,        192 total
[19.299s][info ][gc,heap        ] GC(1055) DefNew: 139904K(157376K)->0K(157376K) Eden: 139904K(139904K)->0K(139904K) From: 0K(17472K)->0K(17472K)
[19.299s][info ][gc,heap        ] GC(1055) Tenured: 3959K(349568K)->3959K(349568K)
[19.299s][info ][gc,metaspace   ] GC(1055) Metaspace: 9888K(10176K)->9888K(10176K) NonClass: 8754K(8896K)->8754K(8896K) Class: 1134K(1280K)->1134K(1280K)
[19.299s][info ][gc             ] GC(1055) Pause Young (Allocation Failure) 140M->3M(495M) 0.150ms
[19.299s][info ][gc,cpu         ] GC(1055) User=0.00s Sys=0.00s Real=0.00s
[19.309s][info ][gc,start       ] GC(1056) Pause Young (Allocation Failure)
[19.309s][debug][gc,age         ] GC(1056) Desired survivor size 8945664 bytes, new threshold 15 (max threshold 15)
[19.309s][trace][gc,age         ] GC(1056) Age table with threshold 15 (max threshold 15)
[19.309s][trace][gc,age         ] GC(1056) - age   1:        192 bytes,        192 total
[19.309s][info ][gc,heap        ] GC(1056) DefNew: 139904K(157376K)->0K(157376K) Eden: 139904K(139904K)->0K(139904K) From: 0K(17472K)->0K(17472K)
[19.309s][info ][gc,heap        ] GC(1056) Tenured: 3959K(349568K)->3959K(349568K)
[19.309s][info ][gc,metaspace   ] GC(1056) Metaspace: 9888K(10176K)->9888K(10176K) NonClass: 8754K(8896K)->8754K(8896K) Class: 1134K(1280K)->1134K(1280K)
[19.309s][info ][gc             ] GC(1056) Pause Young (Allocation Failure) 140M->3M(495M) 0.151ms
[19.309s][info ][gc,cpu         ] GC(1056) User=0.00s Sys=0.00s Real=0.00s
[19.319s][info ][gc,start       ] GC(1057) Pause Young (Allocation Failure)
[19.320s][debug][gc,age         ] GC(1057) Desired survivor size 8945664 bytes, new threshold 15 (max threshold 15)
[19.320s][trace][gc,age         ] GC(1057) Age table with threshold 15 (max threshold 15)
[19.320s][trace][gc,age         ] GC(1057) - age   1:        192 bytes,        192 total
[19.320s][info ][gc,heap        ] GC(1057) DefNew: 139904K(157376K)->0K(157376K) Eden: 139904K(139904K)->0K(139904K) From: 0K(17472K)->0K(17472K)
[19.320s][info ][gc,heap        ] GC(1057) Tenured: 3959K(349568K)->3959K(349568K)
[19.320s][info ][gc,metaspace   ] GC(1057) Metaspace: 9888K(10176K)->9888K(10176K) NonClass: 8754K(8896K)->8754K(8896K) Class: 1134K(1280K)->1134K(1280K)
[19.320s][info ][gc             ] GC(1057) Pause Young (Allocation Failure) 140M->3M(495M) 0.158ms
[19.320s][info ][gc,cpu         ] GC(1057) User=0.00s Sys=0.00s Real=0.00s
[19.330s][info ][gc,start       ] GC(1058) Pause Young (Allocation Failure)
[19.330s][debug][gc,age         ] GC(1058) Desired survivor size 8945664 bytes, new threshold 15 (max threshold 15)
[19.330s][trace][gc,age         ] GC(1058) Age table with threshold 15 (max threshold 15)
[19.330s][trace][gc,age         ] GC(1058) - age   1:        192 bytes,        192 total
[19.330s][info ][gc,heap        ] GC(1058) DefNew: 139904K(157376K)->0K(157376K) Eden: 139904K(139904K)->0K(139904K) From: 0K(17472K)->0K(17472K)
[19.330s][info ][gc,heap        ] GC(1058) Tenured: 3959K(349568K)->3959K(349568K)
[19.330s][info ][gc,metaspace   ] GC(1058) Metaspace: 9888K(10176K)->9888K(10176K) NonClass: 8754K(8896K)->8754K(8896K) Class: 1134K(1280K)->1134K(1280K)
[19.330s][info ][gc             ] GC(1058) Pause Young (Allocation Failure) 140M->3M(495M) 0.149ms
[19.330s][info ][gc,cpu         ] GC(1058) User=0.00s Sys=0.00s Real=0.00s
[19.340s][info ][gc,start       ] GC(1059) Pause Young (Allocation Failure)
[19.340s][debug][gc,age         ] GC(1059) Desired survivor size 8945664 bytes, new threshold 15 (max threshold 15)
[19.340s][trace][gc,age         ] GC(1059) Age table with threshold 15 (max threshold 15)
[19.340s][trace][gc,age         ] GC(1059) - age   1:        192 bytes,        192 total
[19.340s][info ][gc,heap        ] GC(1059) DefNew: 139904K(157376K)->0K(157376K) Eden: 139904K(139904K)->0K(139904K) From: 0K(17472K)->0K(17472K)
[19.340s][info ][gc,heap        ] GC(1059) Tenured: 3959K(349568K)->3959K(349568K)
[19.340s][info ][gc,metaspace   ] GC(1059) Metaspace: 9888K(10176K)->9888K(10176K) NonClass: 8754K(8896K)->8754K(8896K) Class: 1134K(1280K)->1134K(1280K)
[19.340s][info ][gc             ] GC(1059) Pause Young (Allocation Failure) 140M->3M(495M) 0.149ms
[19.340s][info ][gc,cpu         ] GC(1059) User=0.00s Sys=0.00s Real=0.00s
[19.350s][info ][gc,start       ] GC(1060) Pause Young (Allocation Failure)
[19.350s][debug][gc,age         ] GC(1060) Desired survivor size 8945664 bytes, new threshold 15 (max threshold 15)
[19.350s][trace][gc,age         ] GC(1060) Age table with threshold 15 (max threshold 15)
[19.350s][trace][gc,age         ] GC(1060) - age   1:        192 bytes,        192 total
[19.350s][info ][gc,heap        ] GC(1060) DefNew: 139904K(157376K)->0K(157376K) Eden: 139904K(139904K)->0K(139904K) From: 0K(17472K)->0K(17472K)
[19.350s][info ][gc,heap        ] GC(1060) Tenured: 3959K(349568K)->3959K(349568K)
[19.350s][info ][gc,metaspace   ] GC(1060) Metaspace: 9888K(10176K)->9888K(10176K) NonClass: 8754K(8896K)->8754K(8896K) Class: 1134K(1280K)->1134K(1280K)
[19.350s][info ][gc             ] GC(1060) Pause Young (Allocation Failure) 140M->3M(495M) 0.149ms
[19.350s][info ][gc,cpu         ] GC(1060) User=0.00s Sys=0.00s Real=0.01s
[19.360s][info ][gc,start       ] GC(1061) Pause Young (Allocation Failure)
[19.360s][debug][gc,age         ] GC(1061) Desired survivor size 8945664 bytes, new threshold 15 (max threshold 15)
[19.360s][trace][gc,age         ] GC(1061) Age table with threshold 15 (max threshold 15)
[19.360s][trace][gc,age         ] GC(1061) - age   1:        192 bytes,        192 total
[19.360s][info ][gc,heap        ] GC(1061) DefNew: 139904K(157376K)->0K(157376K) Eden: 139904K(139904K)->0K(139904K) From: 0K(17472K)->0K(17472K)
[19.360s][info ][gc,heap        ] GC(1061) Tenured: 3959K(349568K)->3959K(349568K)
[19.360s][info ][gc,metaspace   ] GC(1061) Metaspace: 9888K(10176K)->9888K(10176K) NonClass: 8754K(8896K)->8754K(8896K) Class: 1134K(1280K)->1134K(1280K)
[19.360s][info ][gc             ] GC(1061) Pause Young (Allocation Failure) 140M->3M(495M) 0.147ms
[19.360s][info ][gc,cpu         ] GC(1061) User=0.00s Sys=0.00s Real=0.00s
[19.371s][info ][gc,start       ] GC(1062) Pause Young (Allocation Failure)
[19.371s][debug][gc,age         ] GC(1062) Desired survivor size 8945664 bytes, new threshold 15 (max threshold 15)
[19.371s][trace][gc,age         ] GC(1062) Age table with threshold 15 (max threshold 15)
[19.371s][trace][gc,age         ] GC(1062) - age   1:        192 bytes,        192 total
[19.371s][info ][gc,heap        ] GC(1062) DefNew: 139904K(157376K)->0K(157376K) Eden: 139904K(139904K)->0K(139904K) From: 0K(17472K)->0K(17472K)
[19.371s][info ][gc,heap        ] GC(1062) Tenured: 3959K(349568K)->3959K(349568K)
[19.371s][info ][gc,metaspace   ] GC(1062) Metaspace: 9888K(10176K)->9888K(10176K) NonClass: 8754K(8896K)->8754K(8896K) Class: 1134K(1280K)->1134K(1280K)
[19.371s][info ][gc             ] GC(1062) Pause Young (Allocation Failure) 140M->3M(495M) 0.152ms
[19.371s][info ][gc,cpu         ] GC(1062) User=0.00s Sys=0.00s Real=0.00s
[19.381s][info ][gc,start       ] GC(1063) Pause Young (Allocation Failure)
[19.381s][debug][gc,age         ] GC(1063) Desired survivor size 8945664 bytes, new threshold 15 (max threshold 15)
[19.381s][trace][gc,age         ] GC(1063) Age table with threshold 15 (max threshold 15)
[19.381s][trace][gc,age         ] GC(1063) - age   1:        192 bytes,        192 total
[19.381s][info ][gc,heap        ] GC(1063) DefNew: 139904K(157376K)->0K(157376K) Eden: 139904K(139904K)->0K(139904K) From: 0K(17472K)->0K(17472K)
[19.381s][info ][gc,heap        ] GC(1063) Tenured: 3959K(349568K)->3959K(349568K)
[19.381s][info ][gc,metaspace   ] GC(1063) Metaspace: 9888K(10176K)->9888K(10176K) NonClass: 8754K(8896K)->8754K(8896K) Class: 1134K(1280K)->1134K(1280K)
[19.381s][info ][gc             ] GC(1063) Pause Young (Allocation Failure) 140M->3M(495M) 0.149ms
[19.381s][info ][gc,cpu         ] GC(1063) User=0.00s Sys=0.00s Real=0.00s
[19.391s][info ][gc,start       ] GC(1064) Pause Young (Allocation Failure)
[19.391s][debug][gc,age         ] GC(1064) Desired survivor size 8945664 bytes, new threshold 15 (max threshold 15)
[19.391s][trace][gc,age         ] GC(1064) Age table with threshold 15 (max threshold 15)
[19.391s][trace][gc,age         ] GC(1064) - age   1:        192 bytes,        192 total
[19.391s][info ][gc,heap        ] GC(1064) DefNew: 139904K(157376K)->0K(157376K) Eden: 139904K(139904K)->0K(139904K) From: 0K(17472K)->0K(17472K)
[19.391s][info ][gc,heap        ] GC(1064) Tenured: 3959K(349568K)->3959K(349568K)
[19.391s][info ][gc,metaspace   ] GC(1064) Metaspace: 9888K(10176K)->9888K(10176K) NonClass: 8754K(8896K)->8754K(8896K) Class: 1134K(1280K)->1134K(1280K)
[19.391s][info ][gc             ] GC(1064) Pause Young (Allocation Failure) 140M->3M(495M) 0.163ms
[19.391s][info ][gc,cpu         ] GC(1064) User=0.00s Sys=0.00s Real=0.00s
[19.401s][info ][gc,start       ] GC(1065) Pause Young (Allocation Failure)
[19.401s][debug][gc,age         ] GC(1065) Desired survivor size 8945664 bytes, new threshold 15 (max threshold 15)
[19.401s][trace][gc,age         ] GC(1065) Age table with threshold 15 (max threshold 15)
[19.401s][trace][gc,age         ] GC(1065) - age   1:        192 bytes,        192 total
[19.401s][info ][gc,heap        ] GC(1065) DefNew: 139904K(157376K)->0K(157376K) Eden: 139904K(139904K)->0K(139904K) From: 0K(17472K)->0K(17472K)
[19.401s][info ][gc,heap        ] GC(1065) Tenured: 3959K(349568K)->3959K(349568K)
[19.401s][info ][gc,metaspace   ] GC(1065) Metaspace: 9888K(10176K)->9888K(10176K) NonClass: 8754K(8896K)->8754K(8896K) Class: 1134K(1280K)->1134K(1280K)
[19.401s][info ][gc             ] GC(1065) Pause Young (Allocation Failure) 140M->3M(495M) 0.149ms
[19.401s][info ][gc,cpu         ] GC(1065) User=0.00s Sys=0.00s Real=0.00s
[19.411s][info ][gc,start       ] GC(1066) Pause Young (Allocation Failure)
[19.411s][debug][gc,age         ] GC(1066) Desired survivor size 8945664 bytes, new threshold 15 (max threshold 15)
[19.411s][trace][gc,age         ] GC(1066) Age table with threshold 15 (max threshold 15)
[19.411s][trace][gc,age         ] GC(1066) - age   1:        192 bytes,        192 total
[19.411s][info ][gc,heap        ] GC(1066) DefNew: 139904K(157376K)->0K(157376K) Eden: 139904K(139904K)->0K(139904K) From: 0K(17472K)->0K(17472K)
[19.412s][info ][gc,heap        ] GC(1066) Tenured: 3959K(349568K)->3959K(349568K)
[19.412s][info ][gc,metaspace   ] GC(1066) Metaspace: 9888K(10176K)->9888K(10176K) NonClass: 8754K(8896K)->8754K(8896K) Class: 1134K(1280K)->1134K(1280K)
[19.412s][info ][gc             ] GC(1066) Pause Young (Allocation Failure) 140M->3M(495M) 0.154ms
[19.412s][info ][gc,cpu         ] GC(1066) User=0.00s Sys=0.00s Real=0.00s
[19.422s][info ][gc,start       ] GC(1067) Pause Young (Allocation Failure)
[19.422s][debug][gc,age         ] GC(1067) Desired survivor size 8945664 bytes, new threshold 15 (max threshold 15)
[19.422s][trace][gc,age         ] GC(1067) Age table with threshold 15 (max threshold 15)
[19.422s][trace][gc,age         ] GC(1067) - age   1:        192 bytes,        192 total
[19.422s][info ][gc,heap        ] GC(1067) DefNew: 139904K(157376K)->0K(157376K) Eden: 139904K(139904K)->0K(139904K) From: 0K(17472K)->0K(17472K)
[19.422s][info ][gc,heap        ] GC(1067) Tenured: 3959K(349568K)->3959K(349568K)
[19.422s][info ][gc,metaspace   ] GC(1067) Metaspace: 9888K(10176K)->9888K(10176K) NonClass: 8754K(8896K)->8754K(8896K) Class: 1134K(1280K)->1134K(1280K)
[19.422s][info ][gc             ] GC(1067) Pause Young (Allocation Failure) 140M->3M(495M) 0.157ms
[19.422s][info ][gc,cpu         ] GC(1067) User=0.00s Sys=0.00s Real=0.00s
[19.432s][info ][gc,start       ] GC(1068) Pause Young (Allocation Failure)
[19.432s][debug][gc,age         ] GC(1068) Desired survivor size 8945664 bytes, new threshold 15 (max threshold 15)
[19.432s][trace][gc,age         ] GC(1068) Age table with threshold 15 (max threshold 15)
[19.432s][trace][gc,age         ] GC(1068) - age   1:        192 bytes,        192 total
[19.432s][info ][gc,heap        ] GC(1068) DefNew: 139904K(157376K)->0K(157376K) Eden: 139904K(139904K)->0K(139904K) From: 0K(17472K)->0K(17472K)
[19.432s][info ][gc,heap        ] GC(1068) Tenured: 3959K(349568K)->3959K(349568K)
[19.432s][info ][gc,metaspace   ] GC(1068) Metaspace: 9888K(10176K)->9888K(10176K) NonClass: 8754K(8896K)->8754K(8896K) Class: 1134K(1280K)->1134K(1280K)
[19.432s][info ][gc             ] GC(1068) Pause Young (Allocation Failure) 140M->3M(495M) 0.153ms
[19.432s][info ][gc,cpu         ] GC(1068) User=0.00s Sys=0.00s Real=0.00s
[19.442s][info ][gc,start       ] GC(1069) Pause Young (Allocation Failure)
[19.442s][debug][gc,age         ] GC(1069) Desired survivor size 8945664 bytes, new threshold 15 (max threshold 15)
[19.442s][trace][gc,age         ] GC(1069) Age table with threshold 15 (max threshold 15)
[19.442s][trace][gc,age         ] GC(1069) - age   1:        192 bytes,        192 total
[19.442s][info ][gc,heap        ] GC(1069) DefNew: 139904K(157376K)->0K(157376K) Eden: 139904K(139904K)->0K(139904K) From: 0K(17472K)->0K(17472K)
[19.442s][info ][gc,heap        ] GC(1069) Tenured: 3959K(349568K)->3959K(349568K)
[19.442s][info ][gc,metaspace   ] GC(1069) Metaspace: 9888K(10176K)->9888K(10176K) NonClass: 8754K(8896K)->8754K(8896K) Class: 1134K(1280K)->1134K(1280K)
[19.442s][info ][gc             ] GC(1069) Pause Young (Allocation Failure) 140M->3M(495M) 0.148ms
[19.442s][info ][gc,cpu         ] GC(1069) User=0.00s Sys=0.00s Real=0.00s
[19.452s][info ][gc,start       ] GC(1070) Pause Young (Allocation Failure)
[19.452s][debug][gc,age         ] GC(1070) Desired survivor size 8945664 bytes, new threshold 15 (max threshold 15)
[19.452s][trace][gc,age         ] GC(1070) Age table with threshold 15 (max threshold 15)
[19.452s][trace][gc,age         ] GC(1070) - age   1:        192 bytes,        192 total
[19.452s][info ][gc,heap        ] GC(1070) DefNew: 139904K(157376K)->0K(157376K) Eden: 139904K(139904K)->0K(139904K) From: 0K(17472K)->0K(17472K)
[19.452s][info ][gc,heap        ] GC(1070) Tenured: 3959K(349568K)->3959K(349568K)
[19.452s][info ][gc,metaspace   ] GC(1070) Metaspace: 9888K(10176K)->9888K(10176K) NonClass: 8754K(8896K)->8754K(8896K) Class: 1134K(1280K)->1134K(1280K)
[19.452s][info ][gc             ] GC(1070) Pause Young (Allocation Failure) 140M->3M(495M) 0.160ms
[19.452s][info ][gc,cpu         ] GC(1070) User=0.00s Sys=0.00s Real=0.00s
[19.462s][info ][gc,start       ] GC(1071) Pause Young (Allocation Failure)
[19.462s][debug][gc,age         ] GC(1071) Desired survivor size 8945664 bytes, new threshold 15 (max threshold 15)
[19.462s][trace][gc,age         ] GC(1071) Age table with threshold 15 (max threshold 15)
[19.462s][trace][gc,age         ] GC(1071) - age   1:        192 bytes,        192 total
[19.462s][info ][gc,heap        ] GC(1071) DefNew: 139904K(157376K)->0K(157376K) Eden: 139904K(139904K)->0K(139904K) From: 0K(17472K)->0K(17472K)
[19.462s][info ][gc,heap        ] GC(1071) Tenured: 3959K(349568K)->3959K(349568K)
[19.463s][info ][gc,metaspace   ] GC(1071) Metaspace: 9888K(10176K)->9888K(10176K) NonClass: 8754K(8896K)->8754K(8896K) Class: 1134K(1280K)->1134K(1280K)
[19.463s][info ][gc             ] GC(1071) Pause Young (Allocation Failure) 140M->3M(495M) 0.150ms
[19.463s][info ][gc,cpu         ] GC(1071) User=0.00s Sys=0.00s Real=0.00s
[19.473s][info ][gc,start       ] GC(1072) Pause Young (Allocation Failure)
[19.473s][debug][gc,age         ] GC(1072) Desired survivor size 8945664 bytes, new threshold 15 (max threshold 15)
[19.473s][trace][gc,age         ] GC(1072) Age table with threshold 15 (max threshold 15)
[19.473s][trace][gc,age         ] GC(1072) - age   1:        192 bytes,        192 total
[19.473s][info ][gc,heap        ] GC(1072) DefNew: 139904K(157376K)->0K(157376K) Eden: 139904K(139904K)->0K(139904K) From: 0K(17472K)->0K(17472K)
[19.473s][info ][gc,heap        ] GC(1072) Tenured: 3959K(349568K)->3959K(349568K)
[19.473s][info ][gc,metaspace   ] GC(1072) Metaspace: 9888K(10176K)->9888K(10176K) NonClass: 8754K(8896K)->8754K(8896K) Class: 1134K(1280K)->1134K(1280K)
[19.473s][info ][gc             ] GC(1072) Pause Young (Allocation Failure) 140M->3M(495M) 0.152ms
[19.473s][info ][gc,cpu         ] GC(1072) User=0.00s Sys=0.00s Real=0.00s
[19.483s][info ][gc,start       ] GC(1073) Pause Young (Allocation Failure)
[19.483s][debug][gc,age         ] GC(1073) Desired survivor size 8945664 bytes, new threshold 15 (max threshold 15)
[19.483s][trace][gc,age         ] GC(1073) Age table with threshold 15 (max threshold 15)
[19.483s][trace][gc,age         ] GC(1073) - age   1:        192 bytes,        192 total
[19.483s][info ][gc,heap        ] GC(1073) DefNew: 139904K(157376K)->0K(157376K) Eden: 139904K(139904K)->0K(139904K) From: 0K(17472K)->0K(17472K)
[19.483s][info ][gc,heap        ] GC(1073) Tenured: 3959K(349568K)->3959K(349568K)
[19.483s][info ][gc,metaspace   ] GC(1073) Metaspace: 9888K(10176K)->9888K(10176K) NonClass: 8754K(8896K)->8754K(8896K) Class: 1134K(1280K)->1134K(1280K)
[19.483s][info ][gc             ] GC(1073) Pause Young (Allocation Failure) 140M->3M(495M) 0.152ms
[19.483s][info ][gc,cpu         ] GC(1073) User=0.00s Sys=0.00s Real=0.00s
[19.493s][info ][gc,start       ] GC(1074) Pause Young (Allocation Failure)
[19.493s][debug][gc,age         ] GC(1074) Desired survivor size 8945664 bytes, new threshold 15 (max threshold 15)
[19.493s][trace][gc,age         ] GC(1074) Age table with threshold 15 (max threshold 15)
[19.493s][trace][gc,age         ] GC(1074) - age   1:        192 bytes,        192 total
[19.493s][info ][gc,heap        ] GC(1074) DefNew: 139904K(157376K)->0K(157376K) Eden: 139904K(139904K)->0K(139904K) From: 0K(17472K)->0K(17472K)
[19.493s][info ][gc,heap        ] GC(1074) Tenured: 3959K(349568K)->3959K(349568K)
[19.493s][info ][gc,metaspace   ] GC(1074) Metaspace: 9888K(10176K)->9888K(10176K) NonClass: 8754K(8896K)->8754K(8896K) Class: 1134K(1280K)->1134K(1280K)
[19.493s][info ][gc             ] GC(1074) Pause Young (Allocation Failure) 140M->3M(495M) 0.150ms
[19.493s][info ][gc,cpu         ] GC(1074) User=0.00s Sys=0.00s Real=0.00s
[19.503s][info ][gc,start       ] GC(1075) Pause Young (Allocation Failure)
[19.503s][debug][gc,age         ] GC(1075) Desired survivor size 8945664 bytes, new threshold 15 (max threshold 15)
[19.503s][trace][gc,age         ] GC(1075) Age table with threshold 15 (max threshold 15)
[19.503s][trace][gc,age         ] GC(1075) - age   1:        192 bytes,        192 total
[19.503s][info ][gc,heap        ] GC(1075) DefNew: 139904K(157376K)->0K(157376K) Eden: 139904K(139904K)->0K(139904K) From: 0K(17472K)->0K(17472K)
[19.503s][info ][gc,heap        ] GC(1075) Tenured: 3959K(349568K)->3959K(349568K)
[19.503s][info ][gc,metaspace   ] GC(1075) Metaspace: 9888K(10176K)->9888K(10176K) NonClass: 8754K(8896K)->8754K(8896K) Class: 1134K(1280K)->1134K(1280K)
[19.503s][info ][gc             ] GC(1075) Pause Young (Allocation Failure) 140M->3M(495M) 0.149ms
[19.503s][info ][gc,cpu         ] GC(1075) User=0.01s Sys=0.00s Real=0.00s
[19.514s][info ][gc,start       ] GC(1076) Pause Young (Allocation Failure)
[19.514s][debug][gc,age         ] GC(1076) Desired survivor size 8945664 bytes, new threshold 15 (max threshold 15)
[19.514s][trace][gc,age         ] GC(1076) Age table with threshold 15 (max threshold 15)
[19.514s][trace][gc,age         ] GC(1076) - age   1:        192 bytes,        192 total
[19.514s][info ][gc,heap        ] GC(1076) DefNew: 139904K(157376K)->0K(157376K) Eden: 139904K(139904K)->0K(139904K) From: 0K(17472K)->0K(17472K)
[19.514s][info ][gc,heap        ] GC(1076) Tenured: 3959K(349568K)->3959K(349568K)
[19.514s][info ][gc,metaspace   ] GC(1076) Metaspace: 9888K(10176K)->9888K(10176K) NonClass: 8754K(8896K)->8754K(8896K) Class: 1134K(1280K)->1134K(1280K)
[19.514s][info ][gc             ] GC(1076) Pause Young (Allocation Failure) 140M->3M(495M) 0.152ms
[19.514s][info ][gc,cpu         ] GC(1076) User=0.00s Sys=0.00s Real=0.00s
[19.524s][info ][gc,start       ] GC(1077) Pause Young (Allocation Failure)
[19.524s][debug][gc,age         ] GC(1077) Desired survivor size 8945664 bytes, new threshold 15 (max threshold 15)
[19.524s][trace][gc,age         ] GC(1077) Age table with threshold 15 (max threshold 15)
[19.524s][trace][gc,age         ] GC(1077) - age   1:        192 bytes,        192 total
[19.524s][info ][gc,heap        ] GC(1077) DefNew: 139904K(157376K)->0K(157376K) Eden: 139904K(139904K)->0K(139904K) From: 0K(17472K)->0K(17472K)
[19.524s][info ][gc,heap        ] GC(1077) Tenured: 3959K(349568K)->3959K(349568K)
[19.524s][info ][gc,metaspace   ] GC(1077) Metaspace: 9888K(10176K)->9888K(10176K) NonClass: 8754K(8896K)->8754K(8896K) Class: 1134K(1280K)->1134K(1280K)
[19.524s][info ][gc             ] GC(1077) Pause Young (Allocation Failure) 140M->3M(495M) 0.153ms
[19.524s][info ][gc,cpu         ] GC(1077) User=0.00s Sys=0.00s Real=0.00s
[19.534s][info ][gc,start       ] GC(1078) Pause Young (Allocation Failure)
[19.534s][debug][gc,age         ] GC(1078) Desired survivor size 8945664 bytes, new threshold 15 (max threshold 15)
[19.534s][trace][gc,age         ] GC(1078) Age table with threshold 15 (max threshold 15)
[19.534s][trace][gc,age         ] GC(1078) - age   1:        192 bytes,        192 total
[19.534s][info ][gc,heap        ] GC(1078) DefNew: 139904K(157376K)->0K(157376K) Eden: 139904K(139904K)->0K(139904K) From: 0K(17472K)->0K(17472K)
[19.534s][info ][gc,heap        ] GC(1078) Tenured: 3959K(349568K)->3959K(349568K)
[19.534s][info ][gc,metaspace   ] GC(1078) Metaspace: 9888K(10176K)->9888K(10176K) NonClass: 8754K(8896K)->8754K(8896K) Class: 1134K(1280K)->1134K(1280K)
[19.534s][info ][gc             ] GC(1078) Pause Young (Allocation Failure) 140M->3M(495M) 0.150ms
[19.534s][info ][gc,cpu         ] GC(1078) User=0.00s Sys=0.00s Real=0.00s
[19.544s][info ][gc,start       ] GC(1079) Pause Young (Allocation Failure)
[19.544s][debug][gc,age         ] GC(1079) Desired survivor size 8945664 bytes, new threshold 15 (max threshold 15)
[19.544s][trace][gc,age         ] GC(1079) Age table with threshold 15 (max threshold 15)
[19.544s][trace][gc,age         ] GC(1079) - age   1:        192 bytes,        192 total
[19.544s][info ][gc,heap        ] GC(1079) DefNew: 139904K(157376K)->0K(157376K) Eden: 139904K(139904K)->0K(139904K) From: 0K(17472K)->0K(17472K)
[19.544s][info ][gc,heap        ] GC(1079) Tenured: 3959K(349568K)->3959K(349568K)
[19.544s][info ][gc,metaspace   ] GC(1079) Metaspace: 9888K(10176K)->9888K(10176K) NonClass: 8754K(8896K)->8754K(8896K) Class: 1134K(1280K)->1134K(1280K)
[19.544s][info ][gc             ] GC(1079) Pause Young (Allocation Failure) 140M->3M(495M) 0.147ms
[19.544s][info ][gc,cpu         ] GC(1079) User=0.00s Sys=0.00s Real=0.00s
[19.554s][info ][gc,start       ] GC(1080) Pause Young (Allocation Failure)
[19.554s][debug][gc,age         ] GC(1080) Desired survivor size 8945664 bytes, new threshold 15 (max threshold 15)
[19.554s][trace][gc,age         ] GC(1080) Age table with threshold 15 (max threshold 15)
[19.554s][trace][gc,age         ] GC(1080) - age   1:        192 bytes,        192 total
[19.554s][info ][gc,heap        ] GC(1080) DefNew: 139904K(157376K)->0K(157376K) Eden: 139904K(139904K)->0K(139904K) From: 0K(17472K)->0K(17472K)
[19.554s][info ][gc,heap        ] GC(1080) Tenured: 3959K(349568K)->3959K(349568K)
[19.554s][info ][gc,metaspace   ] GC(1080) Metaspace: 9888K(10176K)->9888K(10176K) NonClass: 8754K(8896K)->8754K(8896K) Class: 1134K(1280K)->1134K(1280K)
[19.554s][info ][gc             ] GC(1080) Pause Young (Allocation Failure) 140M->3M(495M) 0.147ms
[19.554s][info ][gc,cpu         ] GC(1080) User=0.00s Sys=0.00s Real=0.00s
[19.565s][info ][gc,start       ] GC(1081) Pause Young (Allocation Failure)
[19.565s][debug][gc,age         ] GC(1081) Desired survivor size 8945664 bytes, new threshold 15 (max threshold 15)
[19.565s][trace][gc,age         ] GC(1081) Age table with threshold 15 (max threshold 15)
[19.565s][trace][gc,age         ] GC(1081) - age   1:        192 bytes,        192 total
[19.565s][info ][gc,heap        ] GC(1081) DefNew: 139904K(157376K)->0K(157376K) Eden: 139904K(139904K)->0K(139904K) From: 0K(17472K)->0K(17472K)
[19.565s][info ][gc,heap        ] GC(1081) Tenured: 3959K(349568K)->3959K(349568K)
[19.565s][info ][gc,metaspace   ] GC(1081) Metaspace: 9888K(10176K)->9888K(10176K) NonClass: 8754K(8896K)->8754K(8896K) Class: 1134K(1280K)->1134K(1280K)
[19.565s][info ][gc             ] GC(1081) Pause Young (Allocation Failure) 140M->3M(495M) 0.153ms
[19.565s][info ][gc,cpu         ] GC(1081) User=0.00s Sys=0.00s Real=0.00s
[19.575s][info ][gc,start       ] GC(1082) Pause Young (Allocation Failure)
[19.575s][debug][gc,age         ] GC(1082) Desired survivor size 8945664 bytes, new threshold 15 (max threshold 15)
[19.575s][trace][gc,age         ] GC(1082) Age table with threshold 15 (max threshold 15)
[19.575s][trace][gc,age         ] GC(1082) - age   1:        192 bytes,        192 total
[19.575s][info ][gc,heap        ] GC(1082) DefNew: 139904K(157376K)->0K(157376K) Eden: 139904K(139904K)->0K(139904K) From: 0K(17472K)->0K(17472K)
[19.575s][info ][gc,heap        ] GC(1082) Tenured: 3959K(349568K)->3959K(349568K)
[19.575s][info ][gc,metaspace   ] GC(1082) Metaspace: 9888K(10176K)->9888K(10176K) NonClass: 8754K(8896K)->8754K(8896K) Class: 1134K(1280K)->1134K(1280K)
[19.575s][info ][gc             ] GC(1082) Pause Young (Allocation Failure) 140M->3M(495M) 0.151ms
[19.575s][info ][gc,cpu         ] GC(1082) User=0.00s Sys=0.00s Real=0.00s
[19.585s][info ][gc,start       ] GC(1083) Pause Young (Allocation Failure)
[19.585s][debug][gc,age         ] GC(1083) Desired survivor size 8945664 bytes, new threshold 15 (max threshold 15)
[19.585s][trace][gc,age         ] GC(1083) Age table with threshold 15 (max threshold 15)
[19.585s][trace][gc,age         ] GC(1083) - age   1:        192 bytes,        192 total
[19.585s][info ][gc,heap        ] GC(1083) DefNew: 139904K(157376K)->0K(157376K) Eden: 139904K(139904K)->0K(139904K) From: 0K(17472K)->0K(17472K)
[19.585s][info ][gc,heap        ] GC(1083) Tenured: 3959K(349568K)->3959K(349568K)
[19.585s][info ][gc,metaspace   ] GC(1083) Metaspace: 9888K(10176K)->9888K(10176K) NonClass: 8754K(8896K)->8754K(8896K) Class: 1134K(1280K)->1134K(1280K)
[19.585s][info ][gc             ] GC(1083) Pause Young (Allocation Failure) 140M->3M(495M) 0.155ms
[19.585s][info ][gc,cpu         ] GC(1083) User=0.00s Sys=0.00s Real=0.00s
[19.595s][info ][gc,start       ] GC(1084) Pause Young (Allocation Failure)
[19.595s][debug][gc,age         ] GC(1084) Desired survivor size 8945664 bytes, new threshold 15 (max threshold 15)
[19.595s][trace][gc,age         ] GC(1084) Age table with threshold 15 (max threshold 15)
[19.595s][trace][gc,age         ] GC(1084) - age   1:        192 bytes,        192 total
[19.595s][info ][gc,heap        ] GC(1084) DefNew: 139904K(157376K)->0K(157376K) Eden: 139904K(139904K)->0K(139904K) From: 0K(17472K)->0K(17472K)
[19.595s][info ][gc,heap        ] GC(1084) Tenured: 3959K(349568K)->3959K(349568K)
[19.595s][info ][gc,metaspace   ] GC(1084) Metaspace: 9888K(10176K)->9888K(10176K) NonClass: 8754K(8896K)->8754K(8896K) Class: 1134K(1280K)->1134K(1280K)
[19.595s][info ][gc             ] GC(1084) Pause Young (Allocation Failure) 140M->3M(495M) 0.152ms
[19.595s][info ][gc,cpu         ] GC(1084) User=0.00s Sys=0.00s Real=0.00s
[19.605s][info ][gc,start       ] GC(1085) Pause Young (Allocation Failure)
[19.605s][debug][gc,age         ] GC(1085) Desired survivor size 8945664 bytes, new threshold 15 (max threshold 15)
[19.605s][trace][gc,age         ] GC(1085) Age table with threshold 15 (max threshold 15)
[19.605s][trace][gc,age         ] GC(1085) - age   1:        192 bytes,        192 total
[19.605s][info ][gc,heap        ] GC(1085) DefNew: 139904K(157376K)->0K(157376K) Eden: 139904K(139904K)->0K(139904K) From: 0K(17472K)->0K(17472K)
[19.605s][info ][gc,heap        ] GC(1085) Tenured: 3959K(349568K)->3959K(349568K)
[19.605s][info ][gc,metaspace   ] GC(1085) Metaspace: 9888K(10176K)->9888K(10176K) NonClass: 8754K(8896K)->8754K(8896K) Class: 1134K(1280K)->1134K(1280K)
[19.606s][info ][gc             ] GC(1085) Pause Young (Allocation Failure) 140M->3M(495M) 0.160ms
[19.606s][info ][gc,cpu         ] GC(1085) User=0.00s Sys=0.00s Real=0.00s
[19.616s][info ][gc,start       ] GC(1086) Pause Young (Allocation Failure)
[19.616s][debug][gc,age         ] GC(1086) Desired survivor size 8945664 bytes, new threshold 15 (max threshold 15)
[19.616s][trace][gc,age         ] GC(1086) Age table with threshold 15 (max threshold 15)
[19.616s][trace][gc,age         ] GC(1086) - age   1:        192 bytes,        192 total
[19.616s][info ][gc,heap        ] GC(1086) DefNew: 139904K(157376K)->0K(157376K) Eden: 139904K(139904K)->0K(139904K) From: 0K(17472K)->0K(17472K)
[19.616s][info ][gc,heap        ] GC(1086) Tenured: 3959K(349568K)->3959K(349568K)
[19.616s][info ][gc,metaspace   ] GC(1086) Metaspace: 9888K(10176K)->9888K(10176K) NonClass: 8754K(8896K)->8754K(8896K) Class: 1134K(1280K)->1134K(1280K)
[19.616s][info ][gc             ] GC(1086) Pause Young (Allocation Failure) 140M->3M(495M) 0.150ms
[19.616s][info ][gc,cpu         ] GC(1086) User=0.00s Sys=0.00s Real=0.00s
[19.626s][info ][gc,start       ] GC(1087) Pause Young (Allocation Failure)
[19.626s][debug][gc,age         ] GC(1087) Desired survivor size 8945664 bytes, new threshold 15 (max threshold 15)
[19.626s][trace][gc,age         ] GC(1087) Age table with threshold 15 (max threshold 15)
[19.626s][trace][gc,age         ] GC(1087) - age   1:        192 bytes,        192 total
[19.626s][info ][gc,heap        ] GC(1087) DefNew: 139904K(157376K)->0K(157376K) Eden: 139904K(139904K)->0K(139904K) From: 0K(17472K)->0K(17472K)
[19.626s][info ][gc,heap        ] GC(1087) Tenured: 3959K(349568K)->3959K(349568K)
[19.626s][info ][gc,metaspace   ] GC(1087) Metaspace: 9888K(10176K)->9888K(10176K) NonClass: 8754K(8896K)->8754K(8896K) Class: 1134K(1280K)->1134K(1280K)
[19.626s][info ][gc             ] GC(1087) Pause Young (Allocation Failure) 140M->3M(495M) 0.215ms
[19.626s][info ][gc,cpu         ] GC(1087) User=0.00s Sys=0.00s Real=0.00s
[19.636s][info ][gc,start       ] GC(1088) Pause Young (Allocation Failure)
[19.636s][debug][gc,age         ] GC(1088) Desired survivor size 8945664 bytes, new threshold 15 (max threshold 15)
[19.636s][trace][gc,age         ] GC(1088) Age table with threshold 15 (max threshold 15)
[19.636s][trace][gc,age         ] GC(1088) - age   1:        192 bytes,        192 total
[19.636s][info ][gc,heap        ] GC(1088) DefNew: 139904K(157376K)->0K(157376K) Eden: 139904K(139904K)->0K(139904K) From: 0K(17472K)->0K(17472K)
[19.636s][info ][gc,heap        ] GC(1088) Tenured: 3959K(349568K)->3959K(349568K)
[19.636s][info ][gc,metaspace   ] GC(1088) Metaspace: 9888K(10176K)->9888K(10176K) NonClass: 8754K(8896K)->8754K(8896K) Class: 1134K(1280K)->1134K(1280K)
[19.636s][info ][gc             ] GC(1088) Pause Young (Allocation Failure) 140M->3M(495M) 0.172ms
[19.636s][info ][gc,cpu         ] GC(1088) User=0.00s Sys=0.00s Real=0.00s
[19.646s][info ][gc,start       ] GC(1089) Pause Young (Allocation Failure)
[19.646s][debug][gc,age         ] GC(1089) Desired survivor size 8945664 bytes, new threshold 15 (max threshold 15)
[19.646s][trace][gc,age         ] GC(1089) Age table with threshold 15 (max threshold 15)
[19.646s][trace][gc,age         ] GC(1089) - age   1:        192 bytes,        192 total
[19.646s][info ][gc,heap        ] GC(1089) DefNew: 139904K(157376K)->0K(157376K) Eden: 139904K(139904K)->0K(139904K) From: 0K(17472K)->0K(17472K)
[19.646s][info ][gc,heap        ] GC(1089) Tenured: 3959K(349568K)->3959K(349568K)
[19.646s][info ][gc,metaspace   ] GC(1089) Metaspace: 9888K(10176K)->9888K(10176K) NonClass: 8754K(8896K)->8754K(8896K) Class: 1134K(1280K)->1134K(1280K)
[19.646s][info ][gc             ] GC(1089) Pause Young (Allocation Failure) 140M->3M(495M) 0.168ms
[19.646s][info ][gc,cpu         ] GC(1089) User=0.00s Sys=0.00s Real=0.00s
[19.656s][info ][gc,start       ] GC(1090) Pause Young (Allocation Failure)
[19.657s][debug][gc,age         ] GC(1090) Desired survivor size 8945664 bytes, new threshold 15 (max threshold 15)
[19.657s][trace][gc,age         ] GC(1090) Age table with threshold 15 (max threshold 15)
[19.657s][trace][gc,age         ] GC(1090) - age   1:        192 bytes,        192 total
[19.657s][info ][gc,heap        ] GC(1090) DefNew: 139904K(157376K)->0K(157376K) Eden: 139904K(139904K)->0K(139904K) From: 0K(17472K)->0K(17472K)
[19.657s][info ][gc,heap        ] GC(1090) Tenured: 3959K(349568K)->3959K(349568K)
[19.657s][info ][gc,metaspace   ] GC(1090) Metaspace: 9888K(10176K)->9888K(10176K) NonClass: 8754K(8896K)->8754K(8896K) Class: 1134K(1280K)->1134K(1280K)
[19.657s][info ][gc             ] GC(1090) Pause Young (Allocation Failure) 140M->3M(495M) 0.157ms
[19.657s][info ][gc,cpu         ] GC(1090) User=0.00s Sys=0.00s Real=0.00s
[19.667s][info ][gc,start       ] GC(1091) Pause Young (Allocation Failure)
[19.667s][debug][gc,age         ] GC(1091) Desired survivor size 8945664 bytes, new threshold 15 (max threshold 15)
[19.667s][trace][gc,age         ] GC(1091) Age table with threshold 15 (max threshold 15)
[19.667s][trace][gc,age         ] GC(1091) - age   1:        192 bytes,        192 total
[19.667s][info ][gc,heap        ] GC(1091) DefNew: 139904K(157376K)->0K(157376K) Eden: 139904K(139904K)->0K(139904K) From: 0K(17472K)->0K(17472K)
[19.667s][info ][gc,heap        ] GC(1091) Tenured: 3959K(349568K)->3959K(349568K)
[19.667s][info ][gc,metaspace   ] GC(1091) Metaspace: 9888K(10176K)->9888K(10176K) NonClass: 8754K(8896K)->8754K(8896K) Class: 1134K(1280K)->1134K(1280K)
[19.667s][info ][gc             ] GC(1091) Pause Young (Allocation Failure) 140M->3M(495M) 0.164ms
[19.667s][info ][gc,cpu         ] GC(1091) User=0.00s Sys=0.00s Real=0.00s
[19.677s][info ][gc,start       ] GC(1092) Pause Young (Allocation Failure)
[19.677s][debug][gc,age         ] GC(1092) Desired survivor size 8945664 bytes, new threshold 15 (max threshold 15)
[19.677s][trace][gc,age         ] GC(1092) Age table with threshold 15 (max threshold 15)
[19.677s][trace][gc,age         ] GC(1092) - age   1:        192 bytes,        192 total
[19.677s][info ][gc,heap        ] GC(1092) DefNew: 139904K(157376K)->0K(157376K) Eden: 139904K(139904K)->0K(139904K) From: 0K(17472K)->0K(17472K)
[19.677s][info ][gc,heap        ] GC(1092) Tenured: 3959K(349568K)->3959K(349568K)
[19.677s][info ][gc,metaspace   ] GC(1092) Metaspace: 9888K(10176K)->9888K(10176K) NonClass: 8754K(8896K)->8754K(8896K) Class: 1134K(1280K)->1134K(1280K)
[19.677s][info ][gc             ] GC(1092) Pause Young (Allocation Failure) 140M->3M(495M) 0.156ms
[19.677s][info ][gc,cpu         ] GC(1092) User=0.00s Sys=0.00s Real=0.00s
[19.687s][info ][gc,start       ] GC(1093) Pause Young (Allocation Failure)
[19.687s][debug][gc,age         ] GC(1093) Desired survivor size 8945664 bytes, new threshold 15 (max threshold 15)
[19.687s][trace][gc,age         ] GC(1093) Age table with threshold 15 (max threshold 15)
[19.687s][trace][gc,age         ] GC(1093) - age   1:        192 bytes,        192 total
[19.687s][info ][gc,heap        ] GC(1093) DefNew: 139904K(157376K)->0K(157376K) Eden: 139904K(139904K)->0K(139904K) From: 0K(17472K)->0K(17472K)
[19.687s][info ][gc,heap        ] GC(1093) Tenured: 3959K(349568K)->3959K(349568K)
[19.687s][info ][gc,metaspace   ] GC(1093) Metaspace: 9888K(10176K)->9888K(10176K) NonClass: 8754K(8896K)->8754K(8896K) Class: 1134K(1280K)->1134K(1280K)
[19.687s][info ][gc             ] GC(1093) Pause Young (Allocation Failure) 140M->3M(495M) 0.155ms
[19.687s][info ][gc,cpu         ] GC(1093) User=0.00s Sys=0.00s Real=0.00s
[19.697s][info ][gc,start       ] GC(1094) Pause Young (Allocation Failure)
[19.697s][debug][gc,age         ] GC(1094) Desired survivor size 8945664 bytes, new threshold 15 (max threshold 15)
[19.697s][trace][gc,age         ] GC(1094) Age table with threshold 15 (max threshold 15)
[19.697s][trace][gc,age         ] GC(1094) - age   1:        192 bytes,        192 total
[19.697s][info ][gc,heap        ] GC(1094) DefNew: 139904K(157376K)->0K(157376K) Eden: 139904K(139904K)->0K(139904K) From: 0K(17472K)->0K(17472K)
[19.697s][info ][gc,heap        ] GC(1094) Tenured: 3959K(349568K)->3959K(349568K)
[19.697s][info ][gc,metaspace   ] GC(1094) Metaspace: 9888K(10176K)->9888K(10176K) NonClass: 8754K(8896K)->8754K(8896K) Class: 1134K(1280K)->1134K(1280K)
[19.697s][info ][gc             ] GC(1094) Pause Young (Allocation Failure) 140M->3M(495M) 0.156ms
[19.697s][info ][gc,cpu         ] GC(1094) User=0.00s Sys=0.00s Real=0.00s
[19.708s][info ][gc,start       ] GC(1095) Pause Young (Allocation Failure)
[19.708s][debug][gc,age         ] GC(1095) Desired survivor size 8945664 bytes, new threshold 15 (max threshold 15)
[19.708s][trace][gc,age         ] GC(1095) Age table with threshold 15 (max threshold 15)
[19.708s][trace][gc,age         ] GC(1095) - age   1:        192 bytes,        192 total
[19.708s][info ][gc,heap        ] GC(1095) DefNew: 139904K(157376K)->0K(157376K) Eden: 139904K(139904K)->0K(139904K) From: 0K(17472K)->0K(17472K)
[19.708s][info ][gc,heap        ] GC(1095) Tenured: 3959K(349568K)->3959K(349568K)
[19.708s][info ][gc,metaspace   ] GC(1095) Metaspace: 9888K(10176K)->9888K(10176K) NonClass: 8754K(8896K)->8754K(8896K) Class: 1134K(1280K)->1134K(1280K)
[19.708s][info ][gc             ] GC(1095) Pause Young (Allocation Failure) 140M->3M(495M) 0.154ms
[19.708s][info ][gc,cpu         ] GC(1095) User=0.00s Sys=0.00s Real=0.00s
[19.718s][info ][gc,start       ] GC(1096) Pause Young (Allocation Failure)
[19.718s][debug][gc,age         ] GC(1096) Desired survivor size 8945664 bytes, new threshold 15 (max threshold 15)
[19.718s][trace][gc,age         ] GC(1096) Age table with threshold 15 (max threshold 15)
[19.718s][trace][gc,age         ] GC(1096) - age   1:        192 bytes,        192 total
[19.718s][info ][gc,heap        ] GC(1096) DefNew: 139904K(157376K)->0K(157376K) Eden: 139904K(139904K)->0K(139904K) From: 0K(17472K)->0K(17472K)
[19.718s][info ][gc,heap        ] GC(1096) Tenured: 3959K(349568K)->3959K(349568K)
[19.718s][info ][gc,metaspace   ] GC(1096) Metaspace: 9888K(10176K)->9888K(10176K) NonClass: 8754K(8896K)->8754K(8896K) Class: 1134K(1280K)->1134K(1280K)
[19.718s][info ][gc             ] GC(1096) Pause Young (Allocation Failure) 140M->3M(495M) 0.151ms
[19.718s][info ][gc,cpu         ] GC(1096) User=0.00s Sys=0.00s Real=0.00s
[19.728s][info ][gc,start       ] GC(1097) Pause Young (Allocation Failure)
[19.728s][debug][gc,age         ] GC(1097) Desired survivor size 8945664 bytes, new threshold 15 (max threshold 15)
[19.728s][trace][gc,age         ] GC(1097) Age table with threshold 15 (max threshold 15)
[19.728s][trace][gc,age         ] GC(1097) - age   1:        192 bytes,        192 total
[19.728s][info ][gc,heap        ] GC(1097) DefNew: 139904K(157376K)->0K(157376K) Eden: 139904K(139904K)->0K(139904K) From: 0K(17472K)->0K(17472K)
[19.728s][info ][gc,heap        ] GC(1097) Tenured: 3959K(349568K)->3959K(349568K)
[19.728s][info ][gc,metaspace   ] GC(1097) Metaspace: 9888K(10176K)->9888K(10176K) NonClass: 8754K(8896K)->8754K(8896K) Class: 1134K(1280K)->1134K(1280K)
[19.728s][info ][gc             ] GC(1097) Pause Young (Allocation Failure) 140M->3M(495M) 0.157ms
[19.728s][info ][gc,cpu         ] GC(1097) User=0.00s Sys=0.00s Real=0.00s
[19.738s][info ][gc,start       ] GC(1098) Pause Young (Allocation Failure)
[19.738s][debug][gc,age         ] GC(1098) Desired survivor size 8945664 bytes, new threshold 15 (max threshold 15)
[19.738s][trace][gc,age         ] GC(1098) Age table with threshold 15 (max threshold 15)
[19.738s][trace][gc,age         ] GC(1098) - age   1:        192 bytes,        192 total
[19.738s][info ][gc,heap        ] GC(1098) DefNew: 139904K(157376K)->0K(157376K) Eden: 139904K(139904K)->0K(139904K) From: 0K(17472K)->0K(17472K)
[19.738s][info ][gc,heap        ] GC(1098) Tenured: 3959K(349568K)->3959K(349568K)
[19.738s][info ][gc,metaspace   ] GC(1098) Metaspace: 9888K(10176K)->9888K(10176K) NonClass: 8754K(8896K)->8754K(8896K) Class: 1134K(1280K)->1134K(1280K)
[19.738s][info ][gc             ] GC(1098) Pause Young (Allocation Failure) 140M->3M(495M) 0.156ms
[19.738s][info ][gc,cpu         ] GC(1098) User=0.00s Sys=0.00s Real=0.00s
[19.748s][info ][gc,start       ] GC(1099) Pause Young (Allocation Failure)
[19.749s][debug][gc,age         ] GC(1099) Desired survivor size 8945664 bytes, new threshold 15 (max threshold 15)
[19.749s][trace][gc,age         ] GC(1099) Age table with threshold 15 (max threshold 15)
[19.749s][trace][gc,age         ] GC(1099) - age   1:        192 bytes,        192 total
[19.749s][info ][gc,heap        ] GC(1099) DefNew: 139904K(157376K)->0K(157376K) Eden: 139904K(139904K)->0K(139904K) From: 0K(17472K)->0K(17472K)
[19.749s][info ][gc,heap        ] GC(1099) Tenured: 3959K(349568K)->3959K(349568K)
[19.749s][info ][gc,metaspace   ] GC(1099) Metaspace: 9888K(10176K)->9888K(10176K) NonClass: 8754K(8896K)->8754K(8896K) Class: 1134K(1280K)->1134K(1280K)
[19.749s][info ][gc             ] GC(1099) Pause Young (Allocation Failure) 140M->3M(495M) 0.158ms
[19.749s][info ][gc,cpu         ] GC(1099) User=0.00s Sys=0.00s Real=0.00s
[19.759s][info ][gc,start       ] GC(1100) Pause Young (Allocation Failure)
[19.759s][debug][gc,age         ] GC(1100) Desired survivor size 8945664 bytes, new threshold 15 (max threshold 15)
[19.759s][trace][gc,age         ] GC(1100) Age table with threshold 15 (max threshold 15)
[19.759s][trace][gc,age         ] GC(1100) - age   1:        192 bytes,        192 total
[19.759s][info ][gc,heap        ] GC(1100) DefNew: 139904K(157376K)->0K(157376K) Eden: 139904K(139904K)->0K(139904K) From: 0K(17472K)->0K(17472K)
[19.759s][info ][gc,heap        ] GC(1100) Tenured: 3959K(349568K)->3959K(349568K)
[19.759s][info ][gc,metaspace   ] GC(1100) Metaspace: 9888K(10176K)->9888K(10176K) NonClass: 8754K(8896K)->8754K(8896K) Class: 1134K(1280K)->1134K(1280K)
[19.759s][info ][gc             ] GC(1100) Pause Young (Allocation Failure) 140M->3M(495M) 0.155ms
[19.759s][info ][gc,cpu         ] GC(1100) User=0.00s Sys=0.00s Real=0.00s
[19.769s][info ][gc,start       ] GC(1101) Pause Young (Allocation Failure)
[19.769s][debug][gc,age         ] GC(1101) Desired survivor size 8945664 bytes, new threshold 15 (max threshold 15)
[19.769s][trace][gc,age         ] GC(1101) Age table with threshold 15 (max threshold 15)
[19.769s][trace][gc,age         ] GC(1101) - age   1:        192 bytes,        192 total
[19.769s][info ][gc,heap        ] GC(1101) DefNew: 139904K(157376K)->0K(157376K) Eden: 139904K(139904K)->0K(139904K) From: 0K(17472K)->0K(17472K)
[19.769s][info ][gc,heap        ] GC(1101) Tenured: 3959K(349568K)->3959K(349568K)
[19.769s][info ][gc,metaspace   ] GC(1101) Metaspace: 9888K(10176K)->9888K(10176K) NonClass: 8754K(8896K)->8754K(8896K) Class: 1134K(1280K)->1134K(1280K)
[19.769s][info ][gc             ] GC(1101) Pause Young (Allocation Failure) 140M->3M(495M) 0.153ms
[19.769s][info ][gc,cpu         ] GC(1101) User=0.00s Sys=0.00s Real=0.00s
[19.779s][info ][gc,start       ] GC(1102) Pause Young (Allocation Failure)
[19.779s][debug][gc,age         ] GC(1102) Desired survivor size 8945664 bytes, new threshold 15 (max threshold 15)
[19.779s][trace][gc,age         ] GC(1102) Age table with threshold 15 (max threshold 15)
[19.779s][trace][gc,age         ] GC(1102) - age   1:        192 bytes,        192 total
[19.779s][info ][gc,heap        ] GC(1102) DefNew: 139904K(157376K)->0K(157376K) Eden: 139904K(139904K)->0K(139904K) From: 0K(17472K)->0K(17472K)
[19.779s][info ][gc,heap        ] GC(1102) Tenured: 3959K(349568K)->3959K(349568K)
[19.779s][info ][gc,metaspace   ] GC(1102) Metaspace: 9888K(10176K)->9888K(10176K) NonClass: 8754K(8896K)->8754K(8896K) Class: 1134K(1280K)->1134K(1280K)
[19.779s][info ][gc             ] GC(1102) Pause Young (Allocation Failure) 140M->3M(495M) 0.151ms
[19.779s][info ][gc,cpu         ] GC(1102) User=0.00s Sys=0.00s Real=0.00s
[19.789s][info ][gc,start       ] GC(1103) Pause Young (Allocation Failure)
[19.789s][debug][gc,age         ] GC(1103) Desired survivor size 8945664 bytes, new threshold 15 (max threshold 15)
[19.789s][trace][gc,age         ] GC(1103) Age table with threshold 15 (max threshold 15)
[19.789s][trace][gc,age         ] GC(1103) - age   1:        192 bytes,        192 total
[19.789s][info ][gc,heap        ] GC(1103) DefNew: 139904K(157376K)->0K(157376K) Eden: 139904K(139904K)->0K(139904K) From: 0K(17472K)->0K(17472K)
[19.789s][info ][gc,heap        ] GC(1103) Tenured: 3959K(349568K)->3959K(349568K)
[19.789s][info ][gc,metaspace   ] GC(1103) Metaspace: 9888K(10176K)->9888K(10176K) NonClass: 8754K(8896K)->8754K(8896K) Class: 1134K(1280K)->1134K(1280K)
[19.789s][info ][gc             ] GC(1103) Pause Young (Allocation Failure) 140M->3M(495M) 0.159ms
[19.789s][info ][gc,cpu         ] GC(1103) User=0.00s Sys=0.00s Real=0.00s
[19.799s][info ][gc,start       ] GC(1104) Pause Young (Allocation Failure)
[19.800s][debug][gc,age         ] GC(1104) Desired survivor size 8945664 bytes, new threshold 15 (max threshold 15)
[19.800s][trace][gc,age         ] GC(1104) Age table with threshold 15 (max threshold 15)
[19.800s][trace][gc,age         ] GC(1104) - age   1:        192 bytes,        192 total
[19.800s][info ][gc,heap        ] GC(1104) DefNew: 139904K(157376K)->0K(157376K) Eden: 139904K(139904K)->0K(139904K) From: 0K(17472K)->0K(17472K)
[19.800s][info ][gc,heap        ] GC(1104) Tenured: 3959K(349568K)->3959K(349568K)
[19.800s][info ][gc,metaspace   ] GC(1104) Metaspace: 9888K(10176K)->9888K(10176K) NonClass: 8754K(8896K)->8754K(8896K) Class: 1134K(1280K)->1134K(1280K)
[19.800s][info ][gc             ] GC(1104) Pause Young (Allocation Failure) 140M->3M(495M) 0.157ms
[19.800s][info ][gc,cpu         ] GC(1104) User=0.00s Sys=0.00s Real=0.00s
[19.810s][info ][gc,start       ] GC(1105) Pause Young (Allocation Failure)
[19.810s][debug][gc,age         ] GC(1105) Desired survivor size 8945664 bytes, new threshold 15 (max threshold 15)
[19.810s][trace][gc,age         ] GC(1105) Age table with threshold 15 (max threshold 15)
[19.810s][trace][gc,age         ] GC(1105) - age   1:        192 bytes,        192 total
[19.810s][info ][gc,heap        ] GC(1105) DefNew: 139904K(157376K)->0K(157376K) Eden: 139904K(139904K)->0K(139904K) From: 0K(17472K)->0K(17472K)
[19.810s][info ][gc,heap        ] GC(1105) Tenured: 3959K(349568K)->3959K(349568K)
[19.810s][info ][gc,metaspace   ] GC(1105) Metaspace: 9888K(10176K)->9888K(10176K) NonClass: 8754K(8896K)->8754K(8896K) Class: 1134K(1280K)->1134K(1280K)
[19.810s][info ][gc             ] GC(1105) Pause Young (Allocation Failure) 140M->3M(495M) 0.153ms
[19.810s][info ][gc,cpu         ] GC(1105) User=0.00s Sys=0.00s Real=0.00s
[19.820s][info ][gc,start       ] GC(1106) Pause Young (Allocation Failure)
[19.820s][debug][gc,age         ] GC(1106) Desired survivor size 8945664 bytes, new threshold 15 (max threshold 15)
[19.820s][trace][gc,age         ] GC(1106) Age table with threshold 15 (max threshold 15)
[19.820s][trace][gc,age         ] GC(1106) - age   1:        192 bytes,        192 total
[19.820s][info ][gc,heap        ] GC(1106) DefNew: 139904K(157376K)->0K(157376K) Eden: 139904K(139904K)->0K(139904K) From: 0K(17472K)->0K(17472K)
[19.820s][info ][gc,heap        ] GC(1106) Tenured: 3959K(349568K)->3959K(349568K)
[19.820s][info ][gc,metaspace   ] GC(1106) Metaspace: 9888K(10176K)->9888K(10176K) NonClass: 8754K(8896K)->8754K(8896K) Class: 1134K(1280K)->1134K(1280K)
[19.820s][info ][gc             ] GC(1106) Pause Young (Allocation Failure) 140M->3M(495M) 0.153ms
[19.820s][info ][gc,cpu         ] GC(1106) User=0.00s Sys=0.00s Real=0.00s
[19.830s][info ][gc,start       ] GC(1107) Pause Young (Allocation Failure)
[19.830s][debug][gc,age         ] GC(1107) Desired survivor size 8945664 bytes, new threshold 15 (max threshold 15)
[19.830s][trace][gc,age         ] GC(1107) Age table with threshold 15 (max threshold 15)
[19.830s][trace][gc,age         ] GC(1107) - age   1:        192 bytes,        192 total
[19.830s][info ][gc,heap        ] GC(1107) DefNew: 139904K(157376K)->0K(157376K) Eden: 139904K(139904K)->0K(139904K) From: 0K(17472K)->0K(17472K)
[19.830s][info ][gc,heap        ] GC(1107) Tenured: 3959K(349568K)->3959K(349568K)
[19.830s][info ][gc,metaspace   ] GC(1107) Metaspace: 9888K(10176K)->9888K(10176K) NonClass: 8754K(8896K)->8754K(8896K) Class: 1134K(1280K)->1134K(1280K)
[19.830s][info ][gc             ] GC(1107) Pause Young (Allocation Failure) 140M->3M(495M) 0.156ms
[19.830s][info ][gc,cpu         ] GC(1107) User=0.00s Sys=0.00s Real=0.01s
[19.840s][info ][gc,start       ] GC(1108) Pause Young (Allocation Failure)
[19.840s][debug][gc,age         ] GC(1108) Desired survivor size 8945664 bytes, new threshold 15 (max threshold 15)
[19.840s][trace][gc,age         ] GC(1108) Age table with threshold 15 (max threshold 15)
[19.840s][trace][gc,age         ] GC(1108) - age   1:        192 bytes,        192 total
[19.840s][info ][gc,heap        ] GC(1108) DefNew: 139904K(157376K)->0K(157376K) Eden: 139904K(139904K)->0K(139904K) From: 0K(17472K)->0K(17472K)
[19.840s][info ][gc,heap        ] GC(1108) Tenured: 3959K(349568K)->3959K(349568K)
[19.840s][info ][gc,metaspace   ] GC(1108) Metaspace: 9888K(10176K)->9888K(10176K) NonClass: 8754K(8896K)->8754K(8896K) Class: 1134K(1280K)->1134K(1280K)
[19.840s][info ][gc             ] GC(1108) Pause Young (Allocation Failure) 140M->3M(495M) 0.151ms
[19.840s][info ][gc,cpu         ] GC(1108) User=0.00s Sys=0.00s Real=0.00s
[19.850s][info ][gc,start       ] GC(1109) Pause Young (Allocation Failure)
[19.851s][debug][gc,age         ] GC(1109) Desired survivor size 8945664 bytes, new threshold 15 (max threshold 15)
[19.851s][trace][gc,age         ] GC(1109) Age table with threshold 15 (max threshold 15)
[19.851s][trace][gc,age         ] GC(1109) - age   1:        192 bytes,        192 total
[19.851s][info ][gc,heap        ] GC(1109) DefNew: 139904K(157376K)->0K(157376K) Eden: 139904K(139904K)->0K(139904K) From: 0K(17472K)->0K(17472K)
[19.851s][info ][gc,heap        ] GC(1109) Tenured: 3959K(349568K)->3959K(349568K)
[19.851s][info ][gc,metaspace   ] GC(1109) Metaspace: 9888K(10176K)->9888K(10176K) NonClass: 8754K(8896K)->8754K(8896K) Class: 1134K(1280K)->1134K(1280K)
[19.851s][info ][gc             ] GC(1109) Pause Young (Allocation Failure) 140M->3M(495M) 0.161ms
[19.851s][info ][gc,cpu         ] GC(1109) User=0.00s Sys=0.00s Real=0.00s
[19.861s][info ][gc,start       ] GC(1110) Pause Young (Allocation Failure)
[19.861s][debug][gc,age         ] GC(1110) Desired survivor size 8945664 bytes, new threshold 15 (max threshold 15)
[19.861s][trace][gc,age         ] GC(1110) Age table with threshold 15 (max threshold 15)
[19.861s][trace][gc,age         ] GC(1110) - age   1:        192 bytes,        192 total
[19.861s][info ][gc,heap        ] GC(1110) DefNew: 139904K(157376K)->0K(157376K) Eden: 139904K(139904K)->0K(139904K) From: 0K(17472K)->0K(17472K)
[19.861s][info ][gc,heap        ] GC(1110) Tenured: 3959K(349568K)->3959K(349568K)
[19.861s][info ][gc,metaspace   ] GC(1110) Metaspace: 9888K(10176K)->9888K(10176K) NonClass: 8754K(8896K)->8754K(8896K) Class: 1134K(1280K)->1134K(1280K)
[19.861s][info ][gc             ] GC(1110) Pause Young (Allocation Failure) 140M->3M(495M) 0.152ms
[19.861s][info ][gc,cpu         ] GC(1110) User=0.00s Sys=0.00s Real=0.00s
[19.871s][info ][gc,start       ] GC(1111) Pause Young (Allocation Failure)
[19.871s][debug][gc,age         ] GC(1111) Desired survivor size 8945664 bytes, new threshold 15 (max threshold 15)
[19.871s][trace][gc,age         ] GC(1111) Age table with threshold 15 (max threshold 15)
[19.871s][trace][gc,age         ] GC(1111) - age   1:        192 bytes,        192 total
[19.871s][info ][gc,heap        ] GC(1111) DefNew: 139904K(157376K)->0K(157376K) Eden: 139904K(139904K)->0K(139904K) From: 0K(17472K)->0K(17472K)
[19.871s][info ][gc,heap        ] GC(1111) Tenured: 3959K(349568K)->3959K(349568K)
[19.871s][info ][gc,metaspace   ] GC(1111) Metaspace: 9888K(10176K)->9888K(10176K) NonClass: 8754K(8896K)->8754K(8896K) Class: 1134K(1280K)->1134K(1280K)
[19.871s][info ][gc             ] GC(1111) Pause Young (Allocation Failure) 140M->3M(495M) 0.150ms
[19.871s][info ][gc,cpu         ] GC(1111) User=0.00s Sys=0.00s Real=0.00s
[19.881s][info ][gc,start       ] GC(1112) Pause Young (Allocation Failure)
[19.881s][debug][gc,age         ] GC(1112) Desired survivor size 8945664 bytes, new threshold 15 (max threshold 15)
[19.881s][trace][gc,age         ] GC(1112) Age table with threshold 15 (max threshold 15)
[19.881s][trace][gc,age         ] GC(1112) - age   1:        192 bytes,        192 total
[19.881s][info ][gc,heap        ] GC(1112) DefNew: 139904K(157376K)->0K(157376K) Eden: 139904K(139904K)->0K(139904K) From: 0K(17472K)->0K(17472K)
[19.881s][info ][gc,heap        ] GC(1112) Tenured: 3959K(349568K)->3959K(349568K)
[19.881s][info ][gc,metaspace   ] GC(1112) Metaspace: 9888K(10176K)->9888K(10176K) NonClass: 8754K(8896K)->8754K(8896K) Class: 1134K(1280K)->1134K(1280K)
[19.881s][info ][gc             ] GC(1112) Pause Young (Allocation Failure) 140M->3M(495M) 0.150ms
[19.881s][info ][gc,cpu         ] GC(1112) User=0.00s Sys=0.00s Real=0.00s
[19.891s][info ][gc,start       ] GC(1113) Pause Young (Allocation Failure)
[19.892s][debug][gc,age         ] GC(1113) Desired survivor size 8945664 bytes, new threshold 15 (max threshold 15)
[19.892s][trace][gc,age         ] GC(1113) Age table with threshold 15 (max threshold 15)
[19.892s][trace][gc,age         ] GC(1113) - age   1:        192 bytes,        192 total
[19.892s][info ][gc,heap        ] GC(1113) DefNew: 139904K(157376K)->0K(157376K) Eden: 139904K(139904K)->0K(139904K) From: 0K(17472K)->0K(17472K)
[19.892s][info ][gc,heap        ] GC(1113) Tenured: 3959K(349568K)->3959K(349568K)
[19.892s][info ][gc,metaspace   ] GC(1113) Metaspace: 9888K(10176K)->9888K(10176K) NonClass: 8754K(8896K)->8754K(8896K) Class: 1134K(1280K)->1134K(1280K)
[19.892s][info ][gc             ] GC(1113) Pause Young (Allocation Failure) 140M->3M(495M) 0.148ms
[19.892s][info ][gc,cpu         ] GC(1113) User=0.00s Sys=0.00s Real=0.00s
[19.902s][info ][gc,start       ] GC(1114) Pause Young (Allocation Failure)
[19.902s][debug][gc,age         ] GC(1114) Desired survivor size 8945664 bytes, new threshold 15 (max threshold 15)
[19.902s][trace][gc,age         ] GC(1114) Age table with threshold 15 (max threshold 15)
[19.902s][trace][gc,age         ] GC(1114) - age   1:        192 bytes,        192 total
[19.902s][info ][gc,heap        ] GC(1114) DefNew: 139904K(157376K)->0K(157376K) Eden: 139904K(139904K)->0K(139904K) From: 0K(17472K)->0K(17472K)
[19.902s][info ][gc,heap        ] GC(1114) Tenured: 3959K(349568K)->3959K(349568K)
[19.902s][info ][gc,metaspace   ] GC(1114) Metaspace: 9888K(10176K)->9888K(10176K) NonClass: 8754K(8896K)->8754K(8896K) Class: 1134K(1280K)->1134K(1280K)
[19.902s][info ][gc             ] GC(1114) Pause Young (Allocation Failure) 140M->3M(495M) 0.165ms
[19.902s][info ][gc,cpu         ] GC(1114) User=0.00s Sys=0.00s Real=0.00s
[19.912s][info ][gc,start       ] GC(1115) Pause Young (Allocation Failure)
[19.912s][debug][gc,age         ] GC(1115) Desired survivor size 8945664 bytes, new threshold 15 (max threshold 15)
[19.912s][trace][gc,age         ] GC(1115) Age table with threshold 15 (max threshold 15)
[19.912s][trace][gc,age         ] GC(1115) - age   1:        192 bytes,        192 total
[19.912s][info ][gc,heap        ] GC(1115) DefNew: 139904K(157376K)->0K(157376K) Eden: 139904K(139904K)->0K(139904K) From: 0K(17472K)->0K(17472K)
[19.912s][info ][gc,heap        ] GC(1115) Tenured: 3959K(349568K)->3959K(349568K)
[19.912s][info ][gc,metaspace   ] GC(1115) Metaspace: 9888K(10176K)->9888K(10176K) NonClass: 8754K(8896K)->8754K(8896K) Class: 1134K(1280K)->1134K(1280K)
[19.912s][info ][gc             ] GC(1115) Pause Young (Allocation Failure) 140M->3M(495M) 0.154ms
[19.912s][info ][gc,cpu         ] GC(1115) User=0.00s Sys=0.00s Real=0.00s
[19.922s][info ][gc,start       ] GC(1116) Pause Young (Allocation Failure)
[19.922s][debug][gc,age         ] GC(1116) Desired survivor size 8945664 bytes, new threshold 15 (max threshold 15)
[19.922s][trace][gc,age         ] GC(1116) Age table with threshold 15 (max threshold 15)
[19.922s][trace][gc,age         ] GC(1116) - age   1:        192 bytes,        192 total
[19.922s][info ][gc,heap        ] GC(1116) DefNew: 139904K(157376K)->0K(157376K) Eden: 139904K(139904K)->0K(139904K) From: 0K(17472K)->0K(17472K)
[19.922s][info ][gc,heap        ] GC(1116) Tenured: 3959K(349568K)->3959K(349568K)
[19.922s][info ][gc,metaspace   ] GC(1116) Metaspace: 9888K(10176K)->9888K(10176K) NonClass: 8754K(8896K)->8754K(8896K) Class: 1134K(1280K)->1134K(1280K)
[19.922s][info ][gc             ] GC(1116) Pause Young (Allocation Failure) 140M->3M(495M) 0.151ms
[19.922s][info ][gc,cpu         ] GC(1116) User=0.00s Sys=0.00s Real=0.00s
[19.932s][info ][gc,start       ] GC(1117) Pause Young (Allocation Failure)
[19.932s][debug][gc,age         ] GC(1117) Desired survivor size 8945664 bytes, new threshold 15 (max threshold 15)
[19.932s][trace][gc,age         ] GC(1117) Age table with threshold 15 (max threshold 15)
[19.932s][trace][gc,age         ] GC(1117) - age   1:        192 bytes,        192 total
[19.932s][info ][gc,heap        ] GC(1117) DefNew: 139904K(157376K)->0K(157376K) Eden: 139904K(139904K)->0K(139904K) From: 0K(17472K)->0K(17472K)
[19.932s][info ][gc,heap        ] GC(1117) Tenured: 3959K(349568K)->3959K(349568K)
[19.932s][info ][gc,metaspace   ] GC(1117) Metaspace: 9888K(10176K)->9888K(10176K) NonClass: 8754K(8896K)->8754K(8896K) Class: 1134K(1280K)->1134K(1280K)
[19.932s][info ][gc             ] GC(1117) Pause Young (Allocation Failure) 140M->3M(495M) 0.152ms
[19.932s][info ][gc,cpu         ] GC(1117) User=0.00s Sys=0.00s Real=0.00s
[19.942s][info ][gc,start       ] GC(1118) Pause Young (Allocation Failure)
[19.942s][debug][gc,age         ] GC(1118) Desired survivor size 8945664 bytes, new threshold 15 (max threshold 15)
[19.942s][trace][gc,age         ] GC(1118) Age table with threshold 15 (max threshold 15)
[19.942s][trace][gc,age         ] GC(1118) - age   1:        192 bytes,        192 total
[19.942s][info ][gc,heap        ] GC(1118) DefNew: 139904K(157376K)->0K(157376K) Eden: 139904K(139904K)->0K(139904K) From: 0K(17472K)->0K(17472K)
[19.942s][info ][gc,heap        ] GC(1118) Tenured: 3959K(349568K)->3959K(349568K)
[19.942s][info ][gc,metaspace   ] GC(1118) Metaspace: 9888K(10176K)->9888K(10176K) NonClass: 8754K(8896K)->8754K(8896K) Class: 1134K(1280K)->1134K(1280K)
[19.942s][info ][gc             ] GC(1118) Pause Young (Allocation Failure) 140M->3M(495M) 0.158ms
[19.942s][info ][gc,cpu         ] GC(1118) User=0.00s Sys=0.00s Real=0.00s
[19.952s][info ][gc,start       ] GC(1119) Pause Young (Allocation Failure)
[19.952s][debug][gc,age         ] GC(1119) Desired survivor size 8945664 bytes, new threshold 15 (max threshold 15)
[19.952s][trace][gc,age         ] GC(1119) Age table with threshold 15 (max threshold 15)
[19.952s][trace][gc,age         ] GC(1119) - age   1:        192 bytes,        192 total
[19.953s][info ][gc,heap        ] GC(1119) DefNew: 139904K(157376K)->0K(157376K) Eden: 139904K(139904K)->0K(139904K) From: 0K(17472K)->0K(17472K)
[19.953s][info ][gc,heap        ] GC(1119) Tenured: 3959K(349568K)->3959K(349568K)
[19.953s][info ][gc,metaspace   ] GC(1119) Metaspace: 9888K(10176K)->9888K(10176K) NonClass: 8754K(8896K)->8754K(8896K) Class: 1134K(1280K)->1134K(1280K)
[19.953s][info ][gc             ] GC(1119) Pause Young (Allocation Failure) 140M->3M(495M) 0.153ms
[19.953s][info ][gc,cpu         ] GC(1119) User=0.00s Sys=0.00s Real=0.00s
[19.963s][info ][gc,start       ] GC(1120) Pause Young (Allocation Failure)
[19.963s][debug][gc,age         ] GC(1120) Desired survivor size 8945664 bytes, new threshold 15 (max threshold 15)
[19.963s][trace][gc,age         ] GC(1120) Age table with threshold 15 (max threshold 15)
[19.963s][trace][gc,age         ] GC(1120) - age   1:        192 bytes,        192 total
[19.963s][info ][gc,heap        ] GC(1120) DefNew: 139904K(157376K)->0K(157376K) Eden: 139904K(139904K)->0K(139904K) From: 0K(17472K)->0K(17472K)
[19.963s][info ][gc,heap        ] GC(1120) Tenured: 3959K(349568K)->3959K(349568K)
[19.963s][info ][gc,metaspace   ] GC(1120) Metaspace: 9888K(10176K)->9888K(10176K) NonClass: 8754K(8896K)->8754K(8896K) Class: 1134K(1280K)->1134K(1280K)
[19.963s][info ][gc             ] GC(1120) Pause Young (Allocation Failure) 140M->3M(495M) 0.152ms
[19.963s][info ][gc,cpu         ] GC(1120) User=0.00s Sys=0.00s Real=0.00s
[19.973s][info ][gc,start       ] GC(1121) Pause Young (Allocation Failure)
[19.973s][debug][gc,age         ] GC(1121) Desired survivor size 8945664 bytes, new threshold 15 (max threshold 15)
[19.973s][trace][gc,age         ] GC(1121) Age table with threshold 15 (max threshold 15)
[19.973s][trace][gc,age         ] GC(1121) - age   1:        192 bytes,        192 total
[19.973s][info ][gc,heap        ] GC(1121) DefNew: 139904K(157376K)->0K(157376K) Eden: 139904K(139904K)->0K(139904K) From: 0K(17472K)->0K(17472K)
[19.973s][info ][gc,heap        ] GC(1121) Tenured: 3959K(349568K)->3959K(349568K)
[19.973s][info ][gc,metaspace   ] GC(1121) Metaspace: 9888K(10176K)->9888K(10176K) NonClass: 8754K(8896K)->8754K(8896K) Class: 1134K(1280K)->1134K(1280K)
[19.973s][info ][gc             ] GC(1121) Pause Young (Allocation Failure) 140M->3M(495M) 0.153ms
[19.973s][info ][gc,cpu         ] GC(1121) User=0.00s Sys=0.00s Real=0.00s
[19.983s][info ][gc,start       ] GC(1122) Pause Young (Allocation Failure)
[19.983s][debug][gc,age         ] GC(1122) Desired survivor size 8945664 bytes, new threshold 15 (max threshold 15)
[19.983s][trace][gc,age         ] GC(1122) Age table with threshold 15 (max threshold 15)
[19.983s][trace][gc,age         ] GC(1122) - age   1:        192 bytes,        192 total
[19.983s][info ][gc,heap        ] GC(1122) DefNew: 139904K(157376K)->0K(157376K) Eden: 139904K(139904K)->0K(139904K) From: 0K(17472K)->0K(17472K)
[19.983s][info ][gc,heap        ] GC(1122) Tenured: 3959K(349568K)->3959K(349568K)
[19.983s][info ][gc,metaspace   ] GC(1122) Metaspace: 9888K(10176K)->9888K(10176K) NonClass: 8754K(8896K)->8754K(8896K) Class: 1134K(1280K)->1134K(1280K)
[19.983s][info ][gc             ] GC(1122) Pause Young (Allocation Failure) 140M->3M(495M) 0.151ms
[19.983s][info ][gc,cpu         ] GC(1122) User=0.00s Sys=0.00s Real=0.00s
[19.993s][info ][gc,start       ] GC(1123) Pause Young (Allocation Failure)
[19.993s][debug][gc,age         ] GC(1123) Desired survivor size 8945664 bytes, new threshold 15 (max threshold 15)
[19.993s][trace][gc,age         ] GC(1123) Age table with threshold 15 (max threshold 15)
[19.993s][trace][gc,age         ] GC(1123) - age   1:        192 bytes,        192 total
[19.993s][info ][gc,heap        ] GC(1123) DefNew: 139904K(157376K)->0K(157376K) Eden: 139904K(139904K)->0K(139904K) From: 0K(17472K)->0K(17472K)
[19.993s][info ][gc,heap        ] GC(1123) Tenured: 3959K(349568K)->3959K(349568K)
[19.993s][info ][gc,metaspace   ] GC(1123) Metaspace: 9888K(10176K)->9888K(10176K) NonClass: 8754K(8896K)->8754K(8896K) Class: 1134K(1280K)->1134K(1280K)
[19.993s][info ][gc             ] GC(1123) Pause Young (Allocation Failure) 140M->3M(495M) 0.149ms
[19.993s][info ][gc,cpu         ] GC(1123) User=0.00s Sys=0.00s Real=0.00s
[20.003s][info ][gc,start       ] GC(1124) Pause Young (Allocation Failure)
[20.003s][debug][gc,age         ] GC(1124) Desired survivor size 8945664 bytes, new threshold 15 (max threshold 15)
[20.003s][trace][gc,age         ] GC(1124) Age table with threshold 15 (max threshold 15)
[20.003s][trace][gc,age         ] GC(1124) - age   1:        192 bytes,        192 total
[20.003s][info ][gc,heap        ] GC(1124) DefNew: 139904K(157376K)->0K(157376K) Eden: 139904K(139904K)->0K(139904K) From: 0K(17472K)->0K(17472K)
[20.003s][info ][gc,heap        ] GC(1124) Tenured: 3959K(349568K)->3959K(349568K)
[20.003s][info ][gc,metaspace   ] GC(1124) Metaspace: 9888K(10176K)->9888K(10176K) NonClass: 8754K(8896K)->8754K(8896K) Class: 1134K(1280K)->1134K(1280K)
[20.003s][info ][gc             ] GC(1124) Pause Young (Allocation Failure) 140M->3M(495M) 0.151ms
[20.003s][info ][gc,cpu         ] GC(1124) User=0.00s Sys=0.00s Real=0.00s
[20.014s][info ][gc,start       ] GC(1125) Pause Young (Allocation Failure)
[20.014s][debug][gc,age         ] GC(1125) Desired survivor size 8945664 bytes, new threshold 15 (max threshold 15)
[20.014s][trace][gc,age         ] GC(1125) Age table with threshold 15 (max threshold 15)
[20.014s][trace][gc,age         ] GC(1125) - age   1:        192 bytes,        192 total
[20.014s][info ][gc,heap        ] GC(1125) DefNew: 139904K(157376K)->0K(157376K) Eden: 139904K(139904K)->0K(139904K) From: 0K(17472K)->0K(17472K)
[20.014s][info ][gc,heap        ] GC(1125) Tenured: 3959K(349568K)->3959K(349568K)
[20.014s][info ][gc,metaspace   ] GC(1125) Metaspace: 9888K(10176K)->9888K(10176K) NonClass: 8754K(8896K)->8754K(8896K) Class: 1134K(1280K)->1134K(1280K)
[20.014s][info ][gc             ] GC(1125) Pause Young (Allocation Failure) 140M->3M(495M) 0.164ms
[20.014s][info ][gc,cpu         ] GC(1125) User=0.00s Sys=0.00s Real=0.00s
[20.024s][info ][gc,start       ] GC(1126) Pause Young (Allocation Failure)
[20.024s][debug][gc,age         ] GC(1126) Desired survivor size 8945664 bytes, new threshold 15 (max threshold 15)
[20.024s][trace][gc,age         ] GC(1126) Age table with threshold 15 (max threshold 15)
[20.024s][trace][gc,age         ] GC(1126) - age   1:        192 bytes,        192 total
[20.024s][info ][gc,heap        ] GC(1126) DefNew: 139904K(157376K)->0K(157376K) Eden: 139904K(139904K)->0K(139904K) From: 0K(17472K)->0K(17472K)
[20.024s][info ][gc,heap        ] GC(1126) Tenured: 3959K(349568K)->3959K(349568K)
[20.024s][info ][gc,metaspace   ] GC(1126) Metaspace: 9888K(10176K)->9888K(10176K) NonClass: 8754K(8896K)->8754K(8896K) Class: 1134K(1280K)->1134K(1280K)
[20.024s][info ][gc             ] GC(1126) Pause Young (Allocation Failure) 140M->3M(495M) 0.148ms
[20.024s][info ][gc,cpu         ] GC(1126) User=0.00s Sys=0.00s Real=0.00s
[20.034s][info ][gc,start       ] GC(1127) Pause Young (Allocation Failure)
[20.034s][debug][gc,age         ] GC(1127) Desired survivor size 8945664 bytes, new threshold 15 (max threshold 15)
[20.034s][trace][gc,age         ] GC(1127) Age table with threshold 15 (max threshold 15)
[20.034s][trace][gc,age         ] GC(1127) - age   1:        192 bytes,        192 total
[20.034s][info ][gc,heap        ] GC(1127) DefNew: 139904K(157376K)->0K(157376K) Eden: 139904K(139904K)->0K(139904K) From: 0K(17472K)->0K(17472K)
[20.034s][info ][gc,heap        ] GC(1127) Tenured: 3959K(349568K)->3959K(349568K)
[20.034s][info ][gc,metaspace   ] GC(1127) Metaspace: 9888K(10176K)->9888K(10176K) NonClass: 8754K(8896K)->8754K(8896K) Class: 1134K(1280K)->1134K(1280K)
[20.034s][info ][gc             ] GC(1127) Pause Young (Allocation Failure) 140M->3M(495M) 0.151ms
[20.034s][info ][gc,cpu         ] GC(1127) User=0.00s Sys=0.00s Real=0.00s
[20.044s][info ][gc,start       ] GC(1128) Pause Young (Allocation Failure)
[20.044s][debug][gc,age         ] GC(1128) Desired survivor size 8945664 bytes, new threshold 15 (max threshold 15)
[20.044s][trace][gc,age         ] GC(1128) Age table with threshold 15 (max threshold 15)
[20.044s][trace][gc,age         ] GC(1128) - age   1:        192 bytes,        192 total
[20.044s][info ][gc,heap        ] GC(1128) DefNew: 139904K(157376K)->0K(157376K) Eden: 139904K(139904K)->0K(139904K) From: 0K(17472K)->0K(17472K)
[20.044s][info ][gc,heap        ] GC(1128) Tenured: 3959K(349568K)->3959K(349568K)
[20.044s][info ][gc,metaspace   ] GC(1128) Metaspace: 9888K(10176K)->9888K(10176K) NonClass: 8754K(8896K)->8754K(8896K) Class: 1134K(1280K)->1134K(1280K)
[20.044s][info ][gc             ] GC(1128) Pause Young (Allocation Failure) 140M->3M(495M) 0.156ms
[20.044s][info ][gc,cpu         ] GC(1128) User=0.00s Sys=0.00s Real=0.00s
[20.054s][info ][gc,start       ] GC(1129) Pause Young (Allocation Failure)
[20.054s][debug][gc,age         ] GC(1129) Desired survivor size 8945664 bytes, new threshold 15 (max threshold 15)
[20.054s][trace][gc,age         ] GC(1129) Age table with threshold 15 (max threshold 15)
[20.054s][trace][gc,age         ] GC(1129) - age   1:        192 bytes,        192 total
[20.054s][info ][gc,heap        ] GC(1129) DefNew: 139904K(157376K)->0K(157376K) Eden: 139904K(139904K)->0K(139904K) From: 0K(17472K)->0K(17472K)
[20.054s][info ][gc,heap        ] GC(1129) Tenured: 3959K(349568K)->3959K(349568K)
[20.054s][info ][gc,metaspace   ] GC(1129) Metaspace: 9888K(10176K)->9888K(10176K) NonClass: 8754K(8896K)->8754K(8896K) Class: 1134K(1280K)->1134K(1280K)
[20.054s][info ][gc             ] GC(1129) Pause Young (Allocation Failure) 140M->3M(495M) 0.153ms
[20.054s][info ][gc,cpu         ] GC(1129) User=0.00s Sys=0.00s Real=0.00s
[20.064s][info ][gc,start       ] GC(1130) Pause Young (Allocation Failure)
[20.064s][debug][gc,age         ] GC(1130) Desired survivor size 8945664 bytes, new threshold 15 (max threshold 15)
[20.064s][trace][gc,age         ] GC(1130) Age table with threshold 15 (max threshold 15)
[20.064s][trace][gc,age         ] GC(1130) - age   1:        192 bytes,        192 total
[20.064s][info ][gc,heap        ] GC(1130) DefNew: 139904K(157376K)->0K(157376K) Eden: 139904K(139904K)->0K(139904K) From: 0K(17472K)->0K(17472K)
[20.064s][info ][gc,heap        ] GC(1130) Tenured: 3959K(349568K)->3959K(349568K)
[20.064s][info ][gc,metaspace   ] GC(1130) Metaspace: 9888K(10176K)->9888K(10176K) NonClass: 8754K(8896K)->8754K(8896K) Class: 1134K(1280K)->1134K(1280K)
[20.064s][info ][gc             ] GC(1130) Pause Young (Allocation Failure) 140M->3M(495M) 0.169ms
[20.064s][info ][gc,cpu         ] GC(1130) User=0.00s Sys=0.00s Real=0.00s
[20.073s][info ][gc,start       ] GC(1131) Pause Young (Allocation Failure)
[20.073s][debug][gc,age         ] GC(1131) Desired survivor size 8945664 bytes, new threshold 15 (max threshold 15)
[20.073s][trace][gc,age         ] GC(1131) Age table with threshold 15 (max threshold 15)
[20.073s][trace][gc,age         ] GC(1131) - age   1:     400208 bytes,     400208 total
[20.073s][info ][gc,heap        ] GC(1131) DefNew: 139904K(157376K)->390K(157376K) Eden: 139904K(139904K)->0K(139904K) From: 0K(17472K)->390K(17472K)
[20.073s][info ][gc,heap        ] GC(1131) Tenured: 3959K(349568K)->3959K(349568K)
[20.073s][info ][gc,metaspace   ] GC(1131) Metaspace: 9888K(10176K)->9888K(10176K) NonClass: 8754K(8896K)->8754K(8896K) Class: 1134K(1280K)->1134K(1280K)
[20.073s][info ][gc             ] GC(1131) Pause Young (Allocation Failure) 140M->4M(495M) 0.157ms
[20.073s][info ][gc,cpu         ] GC(1131) User=0.00s Sys=0.00s Real=0.00s
[20.082s][info ][gc,start       ] GC(1132) Pause Young (Allocation Failure)
[20.082s][debug][gc,age         ] GC(1132) Desired survivor size 8945664 bytes, new threshold 15 (max threshold 15)
[20.082s][trace][gc,age         ] GC(1132) Age table with threshold 15 (max threshold 15)
[20.082s][trace][gc,age         ] GC(1132) - age   1:        192 bytes,        192 total
[20.082s][info ][gc,heap        ] GC(1132) DefNew: 140171K(157376K)->0K(157376K) Eden: 139780K(139904K)->0K(139904K) From: 390K(17472K)->0K(17472K)
[20.082s][info ][gc,heap        ] GC(1132) Tenured: 3959K(349568K)->3959K(349568K)
[20.082s][info ][gc,metaspace   ] GC(1132) Metaspace: 9888K(10176K)->9888K(10176K) NonClass: 8754K(8896K)->8754K(8896K) Class: 1134K(1280K)->1134K(1280K)
[20.082s][info ][gc             ] GC(1132) Pause Young (Allocation Failure) 140M->3M(495M) 0.140ms
[20.082s][info ][gc,cpu         ] GC(1132) User=0.00s Sys=0.00s Real=0.00s
[20.091s][info ][gc,start       ] GC(1133) Pause Young (Allocation Failure)
[20.091s][debug][gc,age         ] GC(1133) Desired survivor size 8945664 bytes, new threshold 15 (max threshold 15)
[20.091s][trace][gc,age         ] GC(1133) Age table with threshold 15 (max threshold 15)
[20.091s][trace][gc,age         ] GC(1133) - age   1:        192 bytes,        192 total
[20.091s][info ][gc,heap        ] GC(1133) DefNew: 139679K(157376K)->0K(157376K) Eden: 139678K(139904K)->0K(139904K) From: 0K(17472K)->0K(17472K)
[20.091s][info ][gc,heap        ] GC(1133) Tenured: 3959K(349568K)->3959K(349568K)
[20.091s][info ][gc,metaspace   ] GC(1133) Metaspace: 9888K(10176K)->9888K(10176K) NonClass: 8754K(8896K)->8754K(8896K) Class: 1134K(1280K)->1134K(1280K)
[20.091s][info ][gc             ] GC(1133) Pause Young (Allocation Failure) 140M->3M(495M) 0.166ms
[20.091s][info ][gc,cpu         ] GC(1133) User=0.00s Sys=0.00s Real=0.00s
[20.100s][info ][gc,start       ] GC(1134) Pause Young (Allocation Failure)
[20.100s][debug][gc,age         ] GC(1134) Desired survivor size 8945664 bytes, new threshold 15 (max threshold 15)
[20.100s][trace][gc,age         ] GC(1134) Age table with threshold 15 (max threshold 15)
[20.100s][trace][gc,age         ] GC(1134) - age   1:     400208 bytes,     400208 total
[20.100s][info ][gc,heap        ] GC(1134) DefNew: 139897K(157376K)->390K(157376K) Eden: 139897K(139904K)->0K(139904K) From: 0K(17472K)->390K(17472K)
[20.100s][info ][gc,heap        ] GC(1134) Tenured: 3959K(349568K)->3959K(349568K)
[20.100s][info ][gc,metaspace   ] GC(1134) Metaspace: 9888K(10176K)->9888K(10176K) NonClass: 8754K(8896K)->8754K(8896K) Class: 1134K(1280K)->1134K(1280K)
[20.100s][info ][gc             ] GC(1134) Pause Young (Allocation Failure) 140M->4M(495M) 0.159ms
[20.100s][info ][gc,cpu         ] GC(1134) User=0.00s Sys=0.00s Real=0.00s
[20.109s][info ][gc,start       ] GC(1135) Pause Young (Allocation Failure)
[20.110s][debug][gc,age         ] GC(1135) Desired survivor size 8945664 bytes, new threshold 15 (max threshold 15)
[20.110s][trace][gc,age         ] GC(1135) Age table with threshold 15 (max threshold 15)
[20.110s][trace][gc,age         ] GC(1135) - age   1:        192 bytes,        192 total
[20.110s][info ][gc,heap        ] GC(1135) DefNew: 140261K(157376K)->0K(157376K) Eden: 139870K(139904K)->0K(139904K) From: 390K(17472K)->0K(17472K)
[20.110s][info ][gc,heap        ] GC(1135) Tenured: 3959K(349568K)->3959K(349568K)
[20.110s][info ][gc,metaspace   ] GC(1135) Metaspace: 9888K(10176K)->9888K(10176K) NonClass: 8754K(8896K)->8754K(8896K) Class: 1134K(1280K)->1134K(1280K)
[20.110s][info ][gc             ] GC(1135) Pause Young (Allocation Failure) 140M->3M(495M) 0.138ms
[20.110s][info ][gc,cpu         ] GC(1135) User=0.00s Sys=0.00s Real=0.00s
[20.119s][info ][gc,start       ] GC(1136) Pause Young (Allocation Failure)
[20.119s][debug][gc,age         ] GC(1136) Desired survivor size 8945664 bytes, new threshold 15 (max threshold 15)
[20.119s][trace][gc,age         ] GC(1136) Age table with threshold 15 (max threshold 15)
[20.119s][trace][gc,age         ] GC(1136) - age   1:     400208 bytes,     400208 total
[20.119s][info ][gc,heap        ] GC(1136) DefNew: 139802K(157376K)->390K(157376K) Eden: 139802K(139904K)->0K(139904K) From: 0K(17472K)->390K(17472K)
[20.119s][info ][gc,heap        ] GC(1136) Tenured: 3959K(349568K)->3959K(349568K)
[20.119s][info ][gc,metaspace   ] GC(1136) Metaspace: 9888K(10176K)->9888K(10176K) NonClass: 8754K(8896K)->8754K(8896K) Class: 1134K(1280K)->1134K(1280K)
[20.119s][info ][gc             ] GC(1136) Pause Young (Allocation Failure) 140M->4M(495M) 0.158ms
[20.119s][info ][gc,cpu         ] GC(1136) User=0.00s Sys=0.00s Real=0.00s
[20.128s][info ][gc,start       ] GC(1137) Pause Young (Allocation Failure)
[20.128s][debug][gc,age         ] GC(1137) Desired survivor size 8945664 bytes, new threshold 15 (max threshold 15)
[20.128s][trace][gc,age         ] GC(1137) Age table with threshold 15 (max threshold 15)
[20.128s][trace][gc,age         ] GC(1137) - age   1:        192 bytes,        192 total
[20.128s][info ][gc,heap        ] GC(1137) DefNew: 140236K(157376K)->0K(157376K) Eden: 139845K(139904K)->0K(139904K) From: 390K(17472K)->0K(17472K)
[20.128s][info ][gc,heap        ] GC(1137) Tenured: 3959K(349568K)->3959K(349568K)
[20.128s][info ][gc,metaspace   ] GC(1137) Metaspace: 9888K(10176K)->9888K(10176K) NonClass: 8754K(8896K)->8754K(8896K) Class: 1134K(1280K)->1134K(1280K)
[20.128s][info ][gc             ] GC(1137) Pause Young (Allocation Failure) 140M->3M(495M) 0.145ms
[20.128s][info ][gc,cpu         ] GC(1137) User=0.00s Sys=0.00s Real=0.00s
[20.137s][info ][gc,start       ] GC(1138) Pause Young (Allocation Failure)
[20.137s][debug][gc,age         ] GC(1138) Desired survivor size 8945664 bytes, new threshold 15 (max threshold 15)
[20.137s][trace][gc,age         ] GC(1138) Age table with threshold 15 (max threshold 15)
[20.137s][trace][gc,age         ] GC(1138) - age   1:        192 bytes,        192 total
[20.137s][info ][gc,heap        ] GC(1138) DefNew: 139542K(157376K)->0K(157376K) Eden: 139542K(139904K)->0K(139904K) From: 0K(17472K)->0K(17472K)
[20.137s][info ][gc,heap        ] GC(1138) Tenured: 3959K(349568K)->3959K(349568K)
[20.137s][info ][gc,metaspace   ] GC(1138) Metaspace: 9888K(10176K)->9888K(10176K) NonClass: 8754K(8896K)->8754K(8896K) Class: 1134K(1280K)->1134K(1280K)
[20.137s][info ][gc             ] GC(1138) Pause Young (Allocation Failure) 140M->3M(495M) 0.150ms
[20.137s][info ][gc,cpu         ] GC(1138) User=0.00s Sys=0.00s Real=0.00s
[20.146s][info ][gc,start       ] GC(1139) Pause Young (Allocation Failure)
[20.146s][debug][gc,age         ] GC(1139) Desired survivor size 8945664 bytes, new threshold 15 (max threshold 15)
[20.146s][trace][gc,age         ] GC(1139) Age table with threshold 15 (max threshold 15)
[20.146s][trace][gc,age         ] GC(1139) - age   1:     400208 bytes,     400208 total
[20.146s][info ][gc,heap        ] GC(1139) DefNew: 139769K(157376K)->390K(157376K) Eden: 139769K(139904K)->0K(139904K) From: 0K(17472K)->390K(17472K)
[20.146s][info ][gc,heap        ] GC(1139) Tenured: 3959K(349568K)->3959K(349568K)
[20.146s][info ][gc,metaspace   ] GC(1139) Metaspace: 9888K(10176K)->9888K(10176K) NonClass: 8754K(8896K)->8754K(8896K) Class: 1134K(1280K)->1134K(1280K)
[20.146s][info ][gc             ] GC(1139) Pause Young (Allocation Failure) 140M->4M(495M) 0.150ms
[20.146s][info ][gc,cpu         ] GC(1139) User=0.00s Sys=0.00s Real=0.00s
[20.155s][info ][gc,start       ] GC(1140) Pause Young (Allocation Failure)
[20.155s][debug][gc,age         ] GC(1140) Desired survivor size 8945664 bytes, new threshold 15 (max threshold 15)
[20.155s][trace][gc,age         ] GC(1140) Age table with threshold 15 (max threshold 15)
[20.155s][trace][gc,age         ] GC(1140) - age   1:        192 bytes,        192 total
[20.155s][info ][gc,heap        ] GC(1140) DefNew: 140209K(157376K)->0K(157376K) Eden: 139819K(139904K)->0K(139904K) From: 390K(17472K)->0K(17472K)
[20.155s][info ][gc,heap        ] GC(1140) Tenured: 3959K(349568K)->3959K(349568K)
[20.155s][info ][gc,metaspace   ] GC(1140) Metaspace: 9888K(10176K)->9888K(10176K) NonClass: 8754K(8896K)->8754K(8896K) Class: 1134K(1280K)->1134K(1280K)
[20.155s][info ][gc             ] GC(1140) Pause Young (Allocation Failure) 140M->3M(495M) 0.152ms
[20.155s][info ][gc,cpu         ] GC(1140) User=0.00s Sys=0.00s Real=0.00s
[20.164s][info ][gc,start       ] GC(1141) Pause Young (Allocation Failure)
[20.164s][debug][gc,age         ] GC(1141) Desired survivor size 8945664 bytes, new threshold 15 (max threshold 15)
[20.164s][trace][gc,age         ] GC(1141) Age table with threshold 15 (max threshold 15)
[20.164s][trace][gc,age         ] GC(1141) - age   1:     400208 bytes,     400208 total
[20.164s][info ][gc,heap        ] GC(1141) DefNew: 139850K(157376K)->390K(157376K) Eden: 139850K(139904K)->0K(139904K) From: 0K(17472K)->390K(17472K)
[20.164s][info ][gc,heap        ] GC(1141) Tenured: 3959K(349568K)->3959K(349568K)
[20.164s][info ][gc,metaspace   ] GC(1141) Metaspace: 9888K(10176K)->9888K(10176K) NonClass: 8754K(8896K)->8754K(8896K) Class: 1134K(1280K)->1134K(1280K)
[20.164s][info ][gc             ] GC(1141) Pause Young (Allocation Failure) 140M->4M(495M) 0.115ms
[20.164s][info ][gc,cpu         ] GC(1141) User=0.00s Sys=0.00s Real=0.00s
[20.172s][info ][gc,start       ] GC(1142) Pause Young (Allocation Failure)
[20.172s][debug][gc,age         ] GC(1142) Desired survivor size 8945664 bytes, new threshold 15 (max threshold 15)
[20.172s][trace][gc,age         ] GC(1142) Age table with threshold 15 (max threshold 15)
[20.172s][trace][gc,age         ] GC(1142) - age   1:        192 bytes,        192 total
[20.172s][info ][gc,heap        ] GC(1142) DefNew: 140294K(157376K)->0K(157376K) Eden: 139904K(139904K)->0K(139904K) From: 390K(17472K)->0K(17472K)
[20.172s][info ][gc,heap        ] GC(1142) Tenured: 3959K(349568K)->3959K(349568K)
[20.172s][info ][gc,metaspace   ] GC(1142) Metaspace: 9888K(10176K)->9888K(10176K) NonClass: 8754K(8896K)->8754K(8896K) Class: 1134K(1280K)->1134K(1280K)
[20.172s][info ][gc             ] GC(1142) Pause Young (Allocation Failure) 140M->3M(495M) 0.163ms
[20.172s][info ][gc,cpu         ] GC(1142) User=0.00s Sys=0.00s Real=0.00s
[20.180s][info ][gc,start       ] GC(1143) Pause Young (Allocation Failure)
[20.180s][debug][gc,age         ] GC(1143) Desired survivor size 8945664 bytes, new threshold 15 (max threshold 15)
[20.180s][trace][gc,age         ] GC(1143) Age table with threshold 15 (max threshold 15)
[20.180s][trace][gc,age         ] GC(1143) - age   1:     400208 bytes,     400208 total
[20.180s][info ][gc,heap        ] GC(1143) DefNew: 139904K(157376K)->390K(157376K) Eden: 139904K(139904K)->0K(139904K) From: 0K(17472K)->390K(17472K)
[20.180s][info ][gc,heap        ] GC(1143) Tenured: 3959K(349568K)->3959K(349568K)
[20.180s][info ][gc,metaspace   ] GC(1143) Metaspace: 9888K(10176K)->9888K(10176K) NonClass: 8754K(8896K)->8754K(8896K) Class: 1134K(1280K)->1134K(1280K)
[20.180s][info ][gc             ] GC(1143) Pause Young (Allocation Failure) 140M->4M(495M) 0.107ms
[20.180s][info ][gc,cpu         ] GC(1143) User=0.00s Sys=0.00s Real=0.00s
[20.189s][info ][gc,start       ] GC(1144) Pause Young (Allocation Failure)
[20.189s][debug][gc,age         ] GC(1144) Desired survivor size 8945664 bytes, new threshold 15 (max threshold 15)
[20.189s][trace][gc,age         ] GC(1144) Age table with threshold 15 (max threshold 15)
[20.189s][trace][gc,age         ] GC(1144) - age   1:        192 bytes,        192 total
[20.189s][info ][gc,heap        ] GC(1144) DefNew: 140294K(157376K)->0K(157376K) Eden: 139904K(139904K)->0K(139904K) From: 390K(17472K)->0K(17472K)
[20.189s][info ][gc,heap        ] GC(1144) Tenured: 3959K(349568K)->3959K(349568K)
[20.189s][info ][gc,metaspace   ] GC(1144) Metaspace: 9888K(10176K)->9888K(10176K) NonClass: 8754K(8896K)->8754K(8896K) Class: 1134K(1280K)->1134K(1280K)
[20.189s][info ][gc             ] GC(1144) Pause Young (Allocation Failure) 140M->3M(495M) 0.159ms
[20.189s][info ][gc,cpu         ] GC(1144) User=0.00s Sys=0.00s Real=0.00s
[20.198s][info ][gc,start       ] GC(1145) Pause Young (Allocation Failure)
[20.198s][debug][gc,age         ] GC(1145) Desired survivor size 8945664 bytes, new threshold 15 (max threshold 15)
[20.198s][trace][gc,age         ] GC(1145) Age table with threshold 15 (max threshold 15)
[20.198s][trace][gc,age         ] GC(1145) - age   1:        192 bytes,        192 total
[20.198s][info ][gc,heap        ] GC(1145) DefNew: 139904K(157376K)->0K(157376K) Eden: 139904K(139904K)->0K(139904K) From: 0K(17472K)->0K(17472K)
[20.198s][info ][gc,heap        ] GC(1145) Tenured: 3959K(349568K)->3959K(349568K)
[20.198s][info ][gc,metaspace   ] GC(1145) Metaspace: 9888K(10176K)->9888K(10176K) NonClass: 8754K(8896K)->8754K(8896K) Class: 1134K(1280K)->1134K(1280K)
[20.198s][info ][gc             ] GC(1145) Pause Young (Allocation Failure) 140M->3M(495M) 0.171ms
[20.198s][info ][gc,cpu         ] GC(1145) User=0.00s Sys=0.00s Real=0.00s
[20.206s][info ][gc,start       ] GC(1146) Pause Young (Allocation Failure)
[20.206s][debug][gc,age         ] GC(1146) Desired survivor size 8945664 bytes, new threshold 15 (max threshold 15)
[20.206s][trace][gc,age         ] GC(1146) Age table with threshold 15 (max threshold 15)
[20.206s][trace][gc,age         ] GC(1146) - age   1:        192 bytes,        192 total
[20.206s][info ][gc,heap        ] GC(1146) DefNew: 139904K(157376K)->0K(157376K) Eden: 139904K(139904K)->0K(139904K) From: 0K(17472K)->0K(17472K)
[20.206s][info ][gc,heap        ] GC(1146) Tenured: 3959K(349568K)->3959K(349568K)
[20.206s][info ][gc,metaspace   ] GC(1146) Metaspace: 9888K(10176K)->9888K(10176K) NonClass: 8754K(8896K)->8754K(8896K) Class: 1134K(1280K)->1134K(1280K)
[20.206s][info ][gc             ] GC(1146) Pause Young (Allocation Failure) 140M->3M(495M) 0.152ms
[20.206s][info ][gc,cpu         ] GC(1146) User=0.00s Sys=0.00s Real=0.00s
[20.214s][info ][gc,start       ] GC(1147) Pause Young (Allocation Failure)
[20.215s][debug][gc,age         ] GC(1147) Desired survivor size 8945664 bytes, new threshold 15 (max threshold 15)
[20.215s][trace][gc,age         ] GC(1147) Age table with threshold 15 (max threshold 15)
[20.215s][trace][gc,age         ] GC(1147) - age   1:        192 bytes,        192 total
[20.215s][info ][gc,heap        ] GC(1147) DefNew: 139904K(157376K)->0K(157376K) Eden: 139904K(139904K)->0K(139904K) From: 0K(17472K)->0K(17472K)
[20.215s][info ][gc,heap        ] GC(1147) Tenured: 3959K(349568K)->3959K(349568K)
[20.215s][info ][gc,metaspace   ] GC(1147) Metaspace: 9888K(10176K)->9888K(10176K) NonClass: 8754K(8896K)->8754K(8896K) Class: 1134K(1280K)->1134K(1280K)
[20.215s][info ][gc             ] GC(1147) Pause Young (Allocation Failure) 140M->3M(495M) 0.150ms
[20.215s][info ][gc,cpu         ] GC(1147) User=0.00s Sys=0.00s Real=0.00s
[20.223s][info ][gc,start       ] GC(1148) Pause Young (Allocation Failure)
[20.223s][debug][gc,age         ] GC(1148) Desired survivor size 8945664 bytes, new threshold 15 (max threshold 15)
[20.223s][trace][gc,age         ] GC(1148) Age table with threshold 15 (max threshold 15)
[20.223s][trace][gc,age         ] GC(1148) - age   1:        192 bytes,        192 total
[20.223s][info ][gc,heap        ] GC(1148) DefNew: 139904K(157376K)->0K(157376K) Eden: 139904K(139904K)->0K(139904K) From: 0K(17472K)->0K(17472K)
[20.223s][info ][gc,heap        ] GC(1148) Tenured: 3959K(349568K)->3959K(349568K)
[20.223s][info ][gc,metaspace   ] GC(1148) Metaspace: 9888K(10176K)->9888K(10176K) NonClass: 8754K(8896K)->8754K(8896K) Class: 1134K(1280K)->1134K(1280K)
[20.223s][info ][gc             ] GC(1148) Pause Young (Allocation Failure) 140M->3M(495M) 0.145ms
[20.223s][info ][gc,cpu         ] GC(1148) User=0.00s Sys=0.00s Real=0.00s
[20.231s][info ][gc,start       ] GC(1149) Pause Young (Allocation Failure)
[20.231s][debug][gc,age         ] GC(1149) Desired survivor size 8945664 bytes, new threshold 15 (max threshold 15)
[20.231s][trace][gc,age         ] GC(1149) Age table with threshold 15 (max threshold 15)
[20.231s][trace][gc,age         ] GC(1149) - age   1:        192 bytes,        192 total
[20.231s][info ][gc,heap        ] GC(1149) DefNew: 139904K(157376K)->0K(157376K) Eden: 139904K(139904K)->0K(139904K) From: 0K(17472K)->0K(17472K)
[20.231s][info ][gc,heap        ] GC(1149) Tenured: 3959K(349568K)->3959K(349568K)
[20.231s][info ][gc,metaspace   ] GC(1149) Metaspace: 9888K(10176K)->9888K(10176K) NonClass: 8754K(8896K)->8754K(8896K) Class: 1134K(1280K)->1134K(1280K)
[20.231s][info ][gc             ] GC(1149) Pause Young (Allocation Failure) 140M->3M(495M) 0.145ms
[20.231s][info ][gc,cpu         ] GC(1149) User=0.00s Sys=0.00s Real=0.00s
[20.240s][info ][gc,start       ] GC(1150) Pause Young (Allocation Failure)
[20.240s][debug][gc,age         ] GC(1150) Desired survivor size 8945664 bytes, new threshold 15 (max threshold 15)
[20.240s][trace][gc,age         ] GC(1150) Age table with threshold 15 (max threshold 15)
[20.240s][trace][gc,age         ] GC(1150) - age   1:        192 bytes,        192 total
[20.240s][info ][gc,heap        ] GC(1150) DefNew: 139904K(157376K)->0K(157376K) Eden: 139904K(139904K)->0K(139904K) From: 0K(17472K)->0K(17472K)
[20.240s][info ][gc,heap        ] GC(1150) Tenured: 3959K(349568K)->3959K(349568K)
[20.240s][info ][gc,metaspace   ] GC(1150) Metaspace: 9888K(10176K)->9888K(10176K) NonClass: 8754K(8896K)->8754K(8896K) Class: 1134K(1280K)->1134K(1280K)
[20.240s][info ][gc             ] GC(1150) Pause Young (Allocation Failure) 140M->3M(495M) 0.143ms
[20.240s][info ][gc,cpu         ] GC(1150) User=0.00s Sys=0.00s Real=0.00s
[20.248s][info ][gc,start       ] GC(1151) Pause Young (Allocation Failure)
[20.248s][debug][gc,age         ] GC(1151) Desired survivor size 8945664 bytes, new threshold 15 (max threshold 15)
[20.248s][trace][gc,age         ] GC(1151) Age table with threshold 15 (max threshold 15)
[20.248s][trace][gc,age         ] GC(1151) - age   1:        192 bytes,        192 total
[20.248s][info ][gc,heap        ] GC(1151) DefNew: 139904K(157376K)->0K(157376K) Eden: 139904K(139904K)->0K(139904K) From: 0K(17472K)->0K(17472K)
[20.248s][info ][gc,heap        ] GC(1151) Tenured: 3959K(349568K)->3959K(349568K)
[20.248s][info ][gc,metaspace   ] GC(1151) Metaspace: 9888K(10176K)->9888K(10176K) NonClass: 8754K(8896K)->8754K(8896K) Class: 1134K(1280K)->1134K(1280K)
[20.248s][info ][gc             ] GC(1151) Pause Young (Allocation Failure) 140M->3M(495M) 0.143ms
[20.248s][info ][gc,cpu         ] GC(1151) User=0.00s Sys=0.00s Real=0.00s
[20.256s][info ][gc,start       ] GC(1152) Pause Young (Allocation Failure)
[20.256s][debug][gc,age         ] GC(1152) Desired survivor size 8945664 bytes, new threshold 15 (max threshold 15)
[20.256s][trace][gc,age         ] GC(1152) Age table with threshold 15 (max threshold 15)
[20.256s][trace][gc,age         ] GC(1152) - age   1:        192 bytes,        192 total
[20.256s][info ][gc,heap        ] GC(1152) DefNew: 139904K(157376K)->0K(157376K) Eden: 139904K(139904K)->0K(139904K) From: 0K(17472K)->0K(17472K)
[20.256s][info ][gc,heap        ] GC(1152) Tenured: 3959K(349568K)->3959K(349568K)
[20.256s][info ][gc,metaspace   ] GC(1152) Metaspace: 9888K(10176K)->9888K(10176K) NonClass: 8754K(8896K)->8754K(8896K) Class: 1134K(1280K)->1134K(1280K)
[20.256s][info ][gc             ] GC(1152) Pause Young (Allocation Failure) 140M->3M(495M) 0.158ms
[20.256s][info ][gc,cpu         ] GC(1152) User=0.00s Sys=0.00s Real=0.00s
[20.265s][info ][gc,start       ] GC(1153) Pause Young (Allocation Failure)
[20.265s][debug][gc,age         ] GC(1153) Desired survivor size 8945664 bytes, new threshold 15 (max threshold 15)
[20.265s][trace][gc,age         ] GC(1153) Age table with threshold 15 (max threshold 15)
[20.265s][trace][gc,age         ] GC(1153) - age   1:     400208 bytes,     400208 total
[20.265s][info ][gc,heap        ] GC(1153) DefNew: 139761K(157376K)->390K(157376K) Eden: 139761K(139904K)->0K(139904K) From: 0K(17472K)->390K(17472K)
[20.265s][info ][gc,heap        ] GC(1153) Tenured: 3959K(349568K)->3959K(349568K)
[20.265s][info ][gc,metaspace   ] GC(1153) Metaspace: 9888K(10176K)->9888K(10176K) NonClass: 8754K(8896K)->8754K(8896K) Class: 1134K(1280K)->1134K(1280K)
[20.265s][info ][gc             ] GC(1153) Pause Young (Allocation Failure) 140M->4M(495M) 0.214ms
[20.265s][info ][gc,cpu         ] GC(1153) User=0.00s Sys=0.00s Real=0.00s
[20.274s][info ][gc,start       ] GC(1154) Pause Young (Allocation Failure)
[20.274s][debug][gc,age         ] GC(1154) Desired survivor size 8945664 bytes, new threshold 15 (max threshold 15)
[20.274s][trace][gc,age         ] GC(1154) Age table with threshold 15 (max threshold 15)
[20.274s][trace][gc,age         ] GC(1154) - age   1:        192 bytes,        192 total
[20.274s][info ][gc,heap        ] GC(1154) DefNew: 140245K(157376K)->0K(157376K) Eden: 139854K(139904K)->0K(139904K) From: 390K(17472K)->0K(17472K)
[20.274s][info ][gc,heap        ] GC(1154) Tenured: 3959K(349568K)->3959K(349568K)
[20.274s][info ][gc,metaspace   ] GC(1154) Metaspace: 9888K(10176K)->9888K(10176K) NonClass: 8754K(8896K)->8754K(8896K) Class: 1134K(1280K)->1134K(1280K)
[20.274s][info ][gc             ] GC(1154) Pause Young (Allocation Failure) 140M->3M(495M) 0.153ms
[20.274s][info ][gc,cpu         ] GC(1154) User=0.00s Sys=0.00s Real=0.00s
[20.283s][info ][gc,start       ] GC(1155) Pause Young (Allocation Failure)
[20.284s][debug][gc,age         ] GC(1155) Desired survivor size 8945664 bytes, new threshold 15 (max threshold 15)
[20.284s][trace][gc,age         ] GC(1155) Age table with threshold 15 (max threshold 15)
[20.284s][trace][gc,age         ] GC(1155) - age   1:     400208 bytes,     400208 total
[20.284s][info ][gc,heap        ] GC(1155) DefNew: 139831K(157376K)->390K(157376K) Eden: 139830K(139904K)->0K(139904K) From: 0K(17472K)->390K(17472K)
[20.284s][info ][gc,heap        ] GC(1155) Tenured: 3959K(349568K)->3959K(349568K)
[20.284s][info ][gc,metaspace   ] GC(1155) Metaspace: 9888K(10176K)->9888K(10176K) NonClass: 8754K(8896K)->8754K(8896K) Class: 1134K(1280K)->1134K(1280K)
[20.284s][info ][gc             ] GC(1155) Pause Young (Allocation Failure) 140M->4M(495M) 0.164ms
[20.284s][info ][gc,cpu         ] GC(1155) User=0.00s Sys=0.00s Real=0.00s
[20.292s][info ][gc,start       ] GC(1156) Pause Young (Allocation Failure)
[20.292s][debug][gc,age         ] GC(1156) Desired survivor size 8945664 bytes, new threshold 15 (max threshold 15)
[20.292s][trace][gc,age         ] GC(1156) Age table with threshold 15 (max threshold 15)
[20.292s][trace][gc,age         ] GC(1156) - age   1:        192 bytes,        192 total
[20.292s][info ][gc,heap        ] GC(1156) DefNew: 140220K(157376K)->0K(157376K) Eden: 139829K(139904K)->0K(139904K) From: 390K(17472K)->0K(17472K)
[20.292s][info ][gc,heap        ] GC(1156) Tenured: 3959K(349568K)->3959K(349568K)
[20.292s][info ][gc,metaspace   ] GC(1156) Metaspace: 9888K(10176K)->9888K(10176K) NonClass: 8754K(8896K)->8754K(8896K) Class: 1134K(1280K)->1134K(1280K)
[20.292s][info ][gc             ] GC(1156) Pause Young (Allocation Failure) 140M->3M(495M) 0.131ms
[20.292s][info ][gc,cpu         ] GC(1156) User=0.00s Sys=0.00s Real=0.00s
[20.301s][info ][gc,start       ] GC(1157) Pause Young (Allocation Failure)
[20.301s][debug][gc,age         ] GC(1157) Desired survivor size 8945664 bytes, new threshold 15 (max threshold 15)
[20.301s][trace][gc,age         ] GC(1157) Age table with threshold 15 (max threshold 15)
[20.301s][trace][gc,age         ] GC(1157) - age   1:     400208 bytes,     400208 total
[20.301s][info ][gc,heap        ] GC(1157) DefNew: 139899K(157376K)->390K(157376K) Eden: 139899K(139904K)->0K(139904K) From: 0K(17472K)->390K(17472K)
[20.301s][info ][gc,heap        ] GC(1157) Tenured: 3959K(349568K)->3959K(349568K)
[20.301s][info ][gc,metaspace   ] GC(1157) Metaspace: 9888K(10176K)->9888K(10176K) NonClass: 8754K(8896K)->8754K(8896K) Class: 1134K(1280K)->1134K(1280K)
[20.301s][info ][gc             ] GC(1157) Pause Young (Allocation Failure) 140M->4M(495M) 0.121ms
[20.301s][info ][gc,cpu         ] GC(1157) User=0.00s Sys=0.00s Real=0.00s
[20.309s][info ][gc,start       ] GC(1158) Pause Young (Allocation Failure)
[20.309s][debug][gc,age         ] GC(1158) Desired survivor size 8945664 bytes, new threshold 15 (max threshold 15)
[20.309s][trace][gc,age         ] GC(1158) Age table with threshold 15 (max threshold 15)
[20.309s][trace][gc,age         ] GC(1158) - age   1:     400208 bytes,     400208 total
[20.309s][info ][gc,heap        ] GC(1158) DefNew: 139955K(157376K)->390K(157376K) Eden: 139564K(139904K)->0K(139904K) From: 390K(17472K)->390K(17472K)
[20.309s][info ][gc,heap        ] GC(1158) Tenured: 3959K(349568K)->3959K(349568K)
[20.309s][info ][gc,metaspace   ] GC(1158) Metaspace: 9888K(10176K)->9888K(10176K) NonClass: 8754K(8896K)->8754K(8896K) Class: 1134K(1280K)->1134K(1280K)
[20.309s][info ][gc             ] GC(1158) Pause Young (Allocation Failure) 140M->4M(495M) 0.109ms
[20.309s][info ][gc,cpu         ] GC(1158) User=0.00s Sys=0.00s Real=0.00s
[20.318s][info ][gc,start       ] GC(1159) Pause Young (Allocation Failure)
[20.318s][debug][gc,age         ] GC(1159) Desired survivor size 8945664 bytes, new threshold 15 (max threshold 15)
[20.318s][trace][gc,age         ] GC(1159) Age table with threshold 15 (max threshold 15)
[20.318s][trace][gc,age         ] GC(1159) - age   1:        192 bytes,        192 total
[20.318s][info ][gc,heap        ] GC(1159) DefNew: 140166K(157376K)->0K(157376K) Eden: 139776K(139904K)->0K(139904K) From: 390K(17472K)->0K(17472K)
[20.318s][info ][gc,heap        ] GC(1159) Tenured: 3959K(349568K)->3959K(349568K)
[20.318s][info ][gc,metaspace   ] GC(1159) Metaspace: 9888K(10176K)->9888K(10176K) NonClass: 8754K(8896K)->8754K(8896K) Class: 1134K(1280K)->1134K(1280K)
[20.318s][info ][gc             ] GC(1159) Pause Young (Allocation Failure) 140M->3M(495M) 0.150ms
[20.318s][info ][gc,cpu         ] GC(1159) User=0.00s Sys=0.00s Real=0.00s
[20.326s][info ][gc,start       ] GC(1160) Pause Young (Allocation Failure)
[20.326s][debug][gc,age         ] GC(1160) Desired survivor size 8945664 bytes, new threshold 15 (max threshold 15)
[20.326s][trace][gc,age         ] GC(1160) Age table with threshold 15 (max threshold 15)
[20.326s][trace][gc,age         ] GC(1160) - age   1:     400208 bytes,     400208 total
[20.326s][info ][gc,heap        ] GC(1160) DefNew: 139823K(157376K)->390K(157376K) Eden: 139823K(139904K)->0K(139904K) From: 0K(17472K)->390K(17472K)
[20.326s][info ][gc,heap        ] GC(1160) Tenured: 3959K(349568K)->3959K(349568K)
[20.326s][info ][gc,metaspace   ] GC(1160) Metaspace: 9888K(10176K)->9888K(10176K) NonClass: 8754K(8896K)->8754K(8896K) Class: 1134K(1280K)->1134K(1280K)
[20.326s][info ][gc             ] GC(1160) Pause Young (Allocation Failure) 140M->4M(495M) 0.098ms
[20.326s][info ][gc,cpu         ] GC(1160) User=0.00s Sys=0.00s Real=0.00s
[20.335s][info ][gc,start       ] GC(1161) Pause Young (Allocation Failure)
[20.335s][debug][gc,age         ] GC(1161) Desired survivor size 8945664 bytes, new threshold 15 (max threshold 15)
[20.335s][trace][gc,age         ] GC(1161) Age table with threshold 15 (max threshold 15)
[20.335s][trace][gc,age         ] GC(1161) - age   1:        192 bytes,        192 total
[20.335s][info ][gc,heap        ] GC(1161) DefNew: 140244K(157376K)->0K(157376K) Eden: 139853K(139904K)->0K(139904K) From: 390K(17472K)->0K(17472K)
[20.335s][info ][gc,heap        ] GC(1161) Tenured: 3959K(349568K)->3959K(349568K)
[20.335s][info ][gc,metaspace   ] GC(1161) Metaspace: 9888K(10176K)->9888K(10176K) NonClass: 8754K(8896K)->8754K(8896K) Class: 1134K(1280K)->1134K(1280K)
[20.335s][info ][gc             ] GC(1161) Pause Young (Allocation Failure) 140M->3M(495M) 0.150ms
[20.335s][info ][gc,cpu         ] GC(1161) User=0.00s Sys=0.00s Real=0.00s
[20.343s][info ][gc,start       ] GC(1162) Pause Young (Allocation Failure)
[20.343s][debug][gc,age         ] GC(1162) Desired survivor size 8945664 bytes, new threshold 15 (max threshold 15)
[20.343s][trace][gc,age         ] GC(1162) Age table with threshold 15 (max threshold 15)
[20.343s][trace][gc,age         ] GC(1162) - age   1:     400208 bytes,     400208 total
[20.343s][info ][gc,heap        ] GC(1162) DefNew: 139904K(157376K)->390K(157376K) Eden: 139904K(139904K)->0K(139904K) From: 0K(17472K)->390K(17472K)
[20.343s][info ][gc,heap        ] GC(1162) Tenured: 3959K(349568K)->3959K(349568K)
[20.343s][info ][gc,metaspace   ] GC(1162) Metaspace: 9888K(10176K)->9888K(10176K) NonClass: 8754K(8896K)->8754K(8896K) Class: 1134K(1280K)->1134K(1280K)
[20.343s][info ][gc             ] GC(1162) Pause Young (Allocation Failure) 140M->4M(495M) 0.097ms
[20.343s][info ][gc,cpu         ] GC(1162) User=0.00s Sys=0.00s Real=0.00s
[20.351s][info ][gc,start       ] GC(1163) Pause Young (Allocation Failure)
[20.351s][debug][gc,age         ] GC(1163) Desired survivor size 8945664 bytes, new threshold 15 (max threshold 15)
[20.351s][trace][gc,age         ] GC(1163) Age table with threshold 15 (max threshold 15)
[20.351s][trace][gc,age         ] GC(1163) - age   1:        192 bytes,        192 total
[20.351s][info ][gc,heap        ] GC(1163) DefNew: 140294K(157376K)->0K(157376K) Eden: 139904K(139904K)->0K(139904K) From: 390K(17472K)->0K(17472K)
[20.351s][info ][gc,heap        ] GC(1163) Tenured: 3959K(349568K)->3959K(349568K)
[20.351s][info ][gc,metaspace   ] GC(1163) Metaspace: 9888K(10176K)->9888K(10176K) NonClass: 8754K(8896K)->8754K(8896K) Class: 1134K(1280K)->1134K(1280K)
[20.352s][info ][gc             ] GC(1163) Pause Young (Allocation Failure) 140M->3M(495M) 0.149ms
[20.352s][info ][gc,cpu         ] GC(1163) User=0.00s Sys=0.00s Real=0.00s
[20.360s][info ][gc,start       ] GC(1164) Pause Young (Allocation Failure)
[20.360s][debug][gc,age         ] GC(1164) Desired survivor size 8945664 bytes, new threshold 15 (max threshold 15)
[20.360s][trace][gc,age         ] GC(1164) Age table with threshold 15 (max threshold 15)
[20.360s][trace][gc,age         ] GC(1164) - age   1:     400208 bytes,     400208 total
[20.360s][info ][gc,heap        ] GC(1164) DefNew: 139904K(157376K)->390K(157376K) Eden: 139904K(139904K)->0K(139904K) From: 0K(17472K)->390K(17472K)
[20.360s][info ][gc,heap        ] GC(1164) Tenured: 3959K(349568K)->3959K(349568K)
[20.360s][info ][gc,metaspace   ] GC(1164) Metaspace: 9888K(10176K)->9888K(10176K) NonClass: 8754K(8896K)->8754K(8896K) Class: 1134K(1280K)->1134K(1280K)
[20.360s][info ][gc             ] GC(1164) Pause Young (Allocation Failure) 140M->4M(495M) 0.104ms
[20.360s][info ][gc,cpu         ] GC(1164) User=0.01s Sys=0.00s Real=0.00s
[20.368s][info ][gc,start       ] GC(1165) Pause Young (Allocation Failure)
[20.368s][debug][gc,age         ] GC(1165) Desired survivor size 8945664 bytes, new threshold 15 (max threshold 15)
[20.368s][trace][gc,age         ] GC(1165) Age table with threshold 15 (max threshold 15)
[20.368s][trace][gc,age         ] GC(1165) - age   1:     400208 bytes,     400208 total
[20.368s][info ][gc,heap        ] GC(1165) DefNew: 140294K(157376K)->390K(157376K) Eden: 139904K(139904K)->0K(139904K) From: 390K(17472K)->390K(17472K)
[20.368s][info ][gc,heap        ] GC(1165) Tenured: 3959K(349568K)->3959K(349568K)
[20.368s][info ][gc,metaspace   ] GC(1165) Metaspace: 9888K(10176K)->9888K(10176K) NonClass: 8754K(8896K)->8754K(8896K) Class: 1134K(1280K)->1134K(1280K)
[20.368s][info ][gc             ] GC(1165) Pause Young (Allocation Failure) 140M->4M(495M) 0.174ms
[20.368s][info ][gc,cpu         ] GC(1165) User=0.00s Sys=0.00s Real=0.00s
[20.377s][info ][gc,start       ] GC(1166) Pause Young (Allocation Failure)
[20.377s][debug][gc,age         ] GC(1166) Desired survivor size 8945664 bytes, new threshold 15 (max threshold 15)
[20.377s][trace][gc,age         ] GC(1166) Age table with threshold 15 (max threshold 15)
[20.377s][trace][gc,age         ] GC(1166) - age   1:     400208 bytes,     400208 total
[20.377s][info ][gc,heap        ] GC(1166) DefNew: 140215K(157376K)->390K(157376K) Eden: 139824K(139904K)->0K(139904K) From: 390K(17472K)->390K(17472K)
[20.377s][info ][gc,heap        ] GC(1166) Tenured: 3959K(349568K)->3959K(349568K)
[20.377s][info ][gc,metaspace   ] GC(1166) Metaspace: 9888K(10176K)->9888K(10176K) NonClass: 8754K(8896K)->8754K(8896K) Class: 1134K(1280K)->1134K(1280K)
[20.377s][info ][gc             ] GC(1166) Pause Young (Allocation Failure) 140M->4M(495M) 0.185ms
[20.377s][info ][gc,cpu         ] GC(1166) User=0.00s Sys=0.00s Real=0.00s
[20.386s][info ][gc,start       ] GC(1167) Pause Young (Allocation Failure)
[20.387s][debug][gc,age         ] GC(1167) Desired survivor size 8945664 bytes, new threshold 15 (max threshold 15)
[20.387s][trace][gc,age         ] GC(1167) Age table with threshold 15 (max threshold 15)
[20.387s][trace][gc,age         ] GC(1167) - age   1:     400208 bytes,     400208 total
[20.387s][info ][gc,heap        ] GC(1167) DefNew: 139950K(157376K)->390K(157376K) Eden: 139559K(139904K)->0K(139904K) From: 390K(17472K)->390K(17472K)
[20.387s][info ][gc,heap        ] GC(1167) Tenured: 3959K(349568K)->3959K(349568K)
[20.387s][info ][gc,metaspace   ] GC(1167) Metaspace: 9888K(10176K)->9888K(10176K) NonClass: 8754K(8896K)->8754K(8896K) Class: 1134K(1280K)->1134K(1280K)
[20.387s][info ][gc             ] GC(1167) Pause Young (Allocation Failure) 140M->4M(495M) 0.156ms
[20.387s][info ][gc,cpu         ] GC(1167) User=0.00s Sys=0.00s Real=0.00s
[20.395s][info ][gc,start       ] GC(1168) Pause Young (Allocation Failure)
[20.395s][debug][gc,age         ] GC(1168) Desired survivor size 8945664 bytes, new threshold 15 (max threshold 15)
[20.395s][trace][gc,age         ] GC(1168) Age table with threshold 15 (max threshold 15)
[20.395s][trace][gc,age         ] GC(1168) - age   1:        192 bytes,        192 total
[20.395s][info ][gc,heap        ] GC(1168) DefNew: 140182K(157376K)->0K(157376K) Eden: 139791K(139904K)->0K(139904K) From: 390K(17472K)->0K(17472K)
[20.395s][info ][gc,heap        ] GC(1168) Tenured: 3959K(349568K)->3959K(349568K)
[20.395s][info ][gc,metaspace   ] GC(1168) Metaspace: 9888K(10176K)->9888K(10176K) NonClass: 8754K(8896K)->8754K(8896K) Class: 1134K(1280K)->1134K(1280K)
[20.395s][info ][gc             ] GC(1168) Pause Young (Allocation Failure) 140M->3M(495M) 0.129ms
[20.395s][info ][gc,cpu         ] GC(1168) User=0.00s Sys=0.00s Real=0.00s
[20.403s][info ][gc,start       ] GC(1169) Pause Young (Allocation Failure)
[20.404s][debug][gc,age         ] GC(1169) Desired survivor size 8945664 bytes, new threshold 15 (max threshold 15)
[20.404s][trace][gc,age         ] GC(1169) Age table with threshold 15 (max threshold 15)
[20.404s][trace][gc,age         ] GC(1169) - age   1:     400208 bytes,     400208 total
[20.404s][info ][gc,heap        ] GC(1169) DefNew: 139824K(157376K)->390K(157376K) Eden: 139824K(139904K)->0K(139904K) From: 0K(17472K)->390K(17472K)
[20.404s][info ][gc,heap        ] GC(1169) Tenured: 3959K(349568K)->3959K(349568K)
[20.404s][info ][gc,metaspace   ] GC(1169) Metaspace: 9888K(10176K)->9888K(10176K) NonClass: 8754K(8896K)->8754K(8896K) Class: 1134K(1280K)->1134K(1280K)
[20.404s][info ][gc             ] GC(1169) Pause Young (Allocation Failure) 140M->4M(495M) 0.099ms
[20.404s][info ][gc,cpu         ] GC(1169) User=0.00s Sys=0.00s Real=0.00s
[20.412s][info ][gc,start       ] GC(1170) Pause Young (Allocation Failure)
[20.412s][debug][gc,age         ] GC(1170) Desired survivor size 8945664 bytes, new threshold 15 (max threshold 15)
[20.412s][trace][gc,age         ] GC(1170) Age table with threshold 15 (max threshold 15)
[20.412s][trace][gc,age         ] GC(1170) - age   1:     400208 bytes,     400208 total
[20.412s][info ][gc,heap        ] GC(1170) DefNew: 139923K(157376K)->390K(157376K) Eden: 139532K(139904K)->0K(139904K) From: 390K(17472K)->390K(17472K)
[20.412s][info ][gc,heap        ] GC(1170) Tenured: 3959K(349568K)->3959K(349568K)
[20.412s][info ][gc,metaspace   ] GC(1170) Metaspace: 9888K(10176K)->9888K(10176K) NonClass: 8754K(8896K)->8754K(8896K) Class: 1134K(1280K)->1134K(1280K)
[20.412s][info ][gc             ] GC(1170) Pause Young (Allocation Failure) 140M->4M(495M) 0.091ms
[20.412s][info ][gc,cpu         ] GC(1170) User=0.00s Sys=0.00s Real=0.00s
[20.420s][info ][gc,start       ] GC(1171) Pause Young (Allocation Failure)
[20.421s][debug][gc,age         ] GC(1171) Desired survivor size 8945664 bytes, new threshold 15 (max threshold 15)
[20.421s][trace][gc,age         ] GC(1171) Age table with threshold 15 (max threshold 15)
[20.421s][trace][gc,age         ] GC(1171) - age   1:        192 bytes,        192 total
[20.421s][info ][gc,heap        ] GC(1171) DefNew: 140157K(157376K)->0K(157376K) Eden: 139766K(139904K)->0K(139904K) From: 390K(17472K)->0K(17472K)
[20.421s][info ][gc,heap        ] GC(1171) Tenured: 3959K(349568K)->3959K(349568K)
[20.421s][info ][gc,metaspace   ] GC(1171) Metaspace: 9888K(10176K)->9888K(10176K) NonClass: 8754K(8896K)->8754K(8896K) Class: 1134K(1280K)->1134K(1280K)
[20.421s][info ][gc             ] GC(1171) Pause Young (Allocation Failure) 140M->3M(495M) 0.152ms
[20.421s][info ][gc,cpu         ] GC(1171) User=0.00s Sys=0.00s Real=0.00s
[20.429s][info ][gc,start       ] GC(1172) Pause Young (Allocation Failure)
[20.429s][debug][gc,age         ] GC(1172) Desired survivor size 8945664 bytes, new threshold 15 (max threshold 15)
[20.429s][trace][gc,age         ] GC(1172) Age table with threshold 15 (max threshold 15)
[20.429s][trace][gc,age         ] GC(1172) - age   1:     400208 bytes,     400208 total
[20.429s][info ][gc,heap        ] GC(1172) DefNew: 139817K(157376K)->390K(157376K) Eden: 139817K(139904K)->0K(139904K) From: 0K(17472K)->390K(17472K)
[20.429s][info ][gc,heap        ] GC(1172) Tenured: 3959K(349568K)->3959K(349568K)
[20.429s][info ][gc,metaspace   ] GC(1172) Metaspace: 9888K(10176K)->9888K(10176K) NonClass: 8754K(8896K)->8754K(8896K) Class: 1134K(1280K)->1134K(1280K)
[20.429s][info ][gc             ] GC(1172) Pause Young (Allocation Failure) 140M->4M(495M) 0.124ms
[20.429s][info ][gc,cpu         ] GC(1172) User=0.00s Sys=0.00s Real=0.00s
[20.438s][info ][gc,start       ] GC(1173) Pause Young (Allocation Failure)
[20.438s][debug][gc,age         ] GC(1173) Desired survivor size 8945664 bytes, new threshold 15 (max threshold 15)
[20.438s][trace][gc,age         ] GC(1173) Age table with threshold 15 (max threshold 15)
[20.438s][trace][gc,age         ] GC(1173) - age   1:        192 bytes,        192 total
[20.438s][info ][gc,heap        ] GC(1173) DefNew: 140239K(157376K)->0K(157376K) Eden: 139849K(139904K)->0K(139904K) From: 390K(17472K)->0K(17472K)
[20.438s][info ][gc,heap        ] GC(1173) Tenured: 3959K(349568K)->3959K(349568K)
[20.438s][info ][gc,metaspace   ] GC(1173) Metaspace: 9888K(10176K)->9888K(10176K) NonClass: 8754K(8896K)->8754K(8896K) Class: 1134K(1280K)->1134K(1280K)
[20.438s][info ][gc             ] GC(1173) Pause Young (Allocation Failure) 140M->3M(495M) 0.145ms
[20.438s][info ][gc,cpu         ] GC(1173) User=0.00s Sys=0.00s Real=0.00s
[20.446s][info ][gc,start       ] GC(1174) Pause Young (Allocation Failure)
[20.446s][debug][gc,age         ] GC(1174) Desired survivor size 8945664 bytes, new threshold 15 (max threshold 15)
[20.446s][trace][gc,age         ] GC(1174) Age table with threshold 15 (max threshold 15)
[20.446s][trace][gc,age         ] GC(1174) - age   1:     400208 bytes,     400208 total
[20.446s][info ][gc,heap        ] GC(1174) DefNew: 139904K(157376K)->390K(157376K) Eden: 139904K(139904K)->0K(139904K) From: 0K(17472K)->390K(17472K)
[20.446s][info ][gc,heap        ] GC(1174) Tenured: 3959K(349568K)->3959K(349568K)
[20.446s][info ][gc,metaspace   ] GC(1174) Metaspace: 9888K(10176K)->9888K(10176K) NonClass: 8754K(8896K)->8754K(8896K) Class: 1134K(1280K)->1134K(1280K)
[20.446s][info ][gc             ] GC(1174) Pause Young (Allocation Failure) 140M->4M(495M) 0.165ms
[20.446s][info ][gc,cpu         ] GC(1174) User=0.00s Sys=0.00s Real=0.00s
[20.454s][info ][gc,start       ] GC(1175) Pause Young (Allocation Failure)
[20.454s][debug][gc,age         ] GC(1175) Desired survivor size 8945664 bytes, new threshold 15 (max threshold 15)
[20.454s][trace][gc,age         ] GC(1175) Age table with threshold 15 (max threshold 15)
[20.454s][trace][gc,age         ] GC(1175) - age   1:     400208 bytes,     400208 total
[20.454s][info ][gc,heap        ] GC(1175) DefNew: 140294K(157376K)->390K(157376K) Eden: 139904K(139904K)->0K(139904K) From: 390K(17472K)->390K(17472K)
[20.454s][info ][gc,heap        ] GC(1175) Tenured: 3959K(349568K)->3959K(349568K)
[20.454s][info ][gc,metaspace   ] GC(1175) Metaspace: 9888K(10176K)->9888K(10176K) NonClass: 8754K(8896K)->8754K(8896K) Class: 1134K(1280K)->1134K(1280K)
[20.454s][info ][gc             ] GC(1175) Pause Young (Allocation Failure) 140M->4M(495M) 0.113ms
[20.454s][info ][gc,cpu         ] GC(1175) User=0.00s Sys=0.00s Real=0.00s
[20.462s][info ][gc,start       ] GC(1176) Pause Young (Allocation Failure)
[20.463s][debug][gc,age         ] GC(1176) Desired survivor size 8945664 bytes, new threshold 15 (max threshold 15)
[20.463s][trace][gc,age         ] GC(1176) Age table with threshold 15 (max threshold 15)
[20.463s][trace][gc,age         ] GC(1176) - age   1:        192 bytes,        192 total
[20.463s][info ][gc,heap        ] GC(1176) DefNew: 140294K(157376K)->0K(157376K) Eden: 139904K(139904K)->0K(139904K) From: 390K(17472K)->0K(17472K)
[20.463s][info ][gc,heap        ] GC(1176) Tenured: 3959K(349568K)->3959K(349568K)
[20.463s][info ][gc,metaspace   ] GC(1176) Metaspace: 9888K(10176K)->9888K(10176K) NonClass: 8754K(8896K)->8754K(8896K) Class: 1134K(1280K)->1134K(1280K)
[20.463s][info ][gc             ] GC(1176) Pause Young (Allocation Failure) 140M->3M(495M) 0.154ms
[20.463s][info ][gc,cpu         ] GC(1176) User=0.00s Sys=0.00s Real=0.00s
[20.471s][info ][gc,start       ] GC(1177) Pause Young (Allocation Failure)
[20.471s][debug][gc,age         ] GC(1177) Desired survivor size 8945664 bytes, new threshold 15 (max threshold 15)
[20.471s][trace][gc,age         ] GC(1177) Age table with threshold 15 (max threshold 15)
[20.471s][trace][gc,age         ] GC(1177) - age   1:        192 bytes,        192 total
[20.471s][info ][gc,heap        ] GC(1177) DefNew: 139904K(157376K)->0K(157376K) Eden: 139904K(139904K)->0K(139904K) From: 0K(17472K)->0K(17472K)
[20.471s][info ][gc,heap        ] GC(1177) Tenured: 3959K(349568K)->3959K(349568K)
[20.471s][info ][gc,metaspace   ] GC(1177) Metaspace: 9888K(10176K)->9888K(10176K) NonClass: 8754K(8896K)->8754K(8896K) Class: 1134K(1280K)->1134K(1280K)
[20.471s][info ][gc             ] GC(1177) Pause Young (Allocation Failure) 140M->3M(495M) 0.152ms
[20.471s][info ][gc,cpu         ] GC(1177) User=0.00s Sys=0.00s Real=0.00s
[20.479s][info ][gc,start       ] GC(1178) Pause Young (Allocation Failure)
[20.479s][debug][gc,age         ] GC(1178) Desired survivor size 8945664 bytes, new threshold 15 (max threshold 15)
[20.479s][trace][gc,age         ] GC(1178) Age table with threshold 15 (max threshold 15)
[20.479s][trace][gc,age         ] GC(1178) - age   1:        192 bytes,        192 total
[20.479s][info ][gc,heap        ] GC(1178) DefNew: 139904K(157376K)->0K(157376K) Eden: 139904K(139904K)->0K(139904K) From: 0K(17472K)->0K(17472K)
[20.479s][info ][gc,heap        ] GC(1178) Tenured: 3959K(349568K)->3959K(349568K)
[20.479s][info ][gc,metaspace   ] GC(1178) Metaspace: 9888K(10176K)->9888K(10176K) NonClass: 8754K(8896K)->8754K(8896K) Class: 1134K(1280K)->1134K(1280K)
[20.479s][info ][gc             ] GC(1178) Pause Young (Allocation Failure) 140M->3M(495M) 0.148ms
[20.479s][info ][gc,cpu         ] GC(1178) User=0.00s Sys=0.00s Real=0.00s
[20.487s][info ][gc,start       ] GC(1179) Pause Young (Allocation Failure)
[20.487s][debug][gc,age         ] GC(1179) Desired survivor size 8945664 bytes, new threshold 15 (max threshold 15)
[20.487s][trace][gc,age         ] GC(1179) Age table with threshold 15 (max threshold 15)
[20.487s][trace][gc,age         ] GC(1179) - age   1:        192 bytes,        192 total
[20.488s][info ][gc,heap        ] GC(1179) DefNew: 139904K(157376K)->0K(157376K) Eden: 139904K(139904K)->0K(139904K) From: 0K(17472K)->0K(17472K)
[20.488s][info ][gc,heap        ] GC(1179) Tenured: 3959K(349568K)->3959K(349568K)
[20.488s][info ][gc,metaspace   ] GC(1179) Metaspace: 9888K(10176K)->9888K(10176K) NonClass: 8754K(8896K)->8754K(8896K) Class: 1134K(1280K)->1134K(1280K)
[20.488s][info ][gc             ] GC(1179) Pause Young (Allocation Failure) 140M->3M(495M) 0.144ms
[20.488s][info ][gc,cpu         ] GC(1179) User=0.01s Sys=0.00s Real=0.00s
[20.496s][info ][gc,start       ] GC(1180) Pause Young (Allocation Failure)
[20.496s][debug][gc,age         ] GC(1180) Desired survivor size 8945664 bytes, new threshold 15 (max threshold 15)
[20.496s][trace][gc,age         ] GC(1180) Age table with threshold 15 (max threshold 15)
[20.496s][trace][gc,age         ] GC(1180) - age   1:        192 bytes,        192 total
[20.496s][info ][gc,heap        ] GC(1180) DefNew: 139904K(157376K)->0K(157376K) Eden: 139904K(139904K)->0K(139904K) From: 0K(17472K)->0K(17472K)
[20.496s][info ][gc,heap        ] GC(1180) Tenured: 3959K(349568K)->3959K(349568K)
[20.496s][info ][gc,metaspace   ] GC(1180) Metaspace: 9888K(10176K)->9888K(10176K) NonClass: 8754K(8896K)->8754K(8896K) Class: 1134K(1280K)->1134K(1280K)
[20.496s][info ][gc             ] GC(1180) Pause Young (Allocation Failure) 140M->3M(495M) 0.144ms
[20.496s][info ][gc,cpu         ] GC(1180) User=0.00s Sys=0.00s Real=0.00s
[20.505s][info ][gc,start       ] GC(1181) Pause Young (Allocation Failure)
[20.505s][debug][gc,age         ] GC(1181) Desired survivor size 8945664 bytes, new threshold 15 (max threshold 15)
[20.505s][trace][gc,age         ] GC(1181) Age table with threshold 15 (max threshold 15)
[20.505s][trace][gc,age         ] GC(1181) - age   1:        192 bytes,        192 total
[20.505s][info ][gc,heap        ] GC(1181) DefNew: 139904K(157376K)->0K(157376K) Eden: 139904K(139904K)->0K(139904K) From: 0K(17472K)->0K(17472K)
[20.505s][info ][gc,heap        ] GC(1181) Tenured: 3959K(349568K)->3959K(349568K)
[20.505s][info ][gc,metaspace   ] GC(1181) Metaspace: 9888K(10176K)->9888K(10176K) NonClass: 8754K(8896K)->8754K(8896K) Class: 1134K(1280K)->1134K(1280K)
[20.505s][info ][gc             ] GC(1181) Pause Young (Allocation Failure) 140M->3M(495M) 0.167ms
[20.505s][info ][gc,cpu         ] GC(1181) User=0.00s Sys=0.00s Real=0.00s
[20.516s][info ][gc,start       ] GC(1182) Pause Young (Allocation Failure)
[20.516s][debug][gc,age         ] GC(1182) Desired survivor size 8945664 bytes, new threshold 15 (max threshold 15)
[20.516s][trace][gc,age         ] GC(1182) Age table with threshold 15 (max threshold 15)
[20.516s][trace][gc,age         ] GC(1182) - age   1:        192 bytes,        192 total
[20.516s][info ][gc,heap        ] GC(1182) DefNew: 139904K(157376K)->0K(157376K) Eden: 139904K(139904K)->0K(139904K) From: 0K(17472K)->0K(17472K)
[20.516s][info ][gc,heap        ] GC(1182) Tenured: 3959K(349568K)->3959K(349568K)
[20.516s][info ][gc,metaspace   ] GC(1182) Metaspace: 9888K(10176K)->9888K(10176K) NonClass: 8754K(8896K)->8754K(8896K) Class: 1134K(1280K)->1134K(1280K)
[20.516s][info ][gc             ] GC(1182) Pause Young (Allocation Failure) 140M->3M(495M) 0.191ms
[20.516s][info ][gc,cpu         ] GC(1182) User=0.00s Sys=0.00s Real=0.00s
[20.526s][info ][gc,start       ] GC(1183) Pause Young (Allocation Failure)
[20.526s][debug][gc,age         ] GC(1183) Desired survivor size 8945664 bytes, new threshold 15 (max threshold 15)
[20.526s][trace][gc,age         ] GC(1183) Age table with threshold 15 (max threshold 15)
[20.526s][trace][gc,age         ] GC(1183) - age   1:        192 bytes,        192 total
[20.526s][info ][gc,heap        ] GC(1183) DefNew: 139904K(157376K)->0K(157376K) Eden: 139904K(139904K)->0K(139904K) From: 0K(17472K)->0K(17472K)
[20.526s][info ][gc,heap        ] GC(1183) Tenured: 3959K(349568K)->3959K(349568K)
[20.526s][info ][gc,metaspace   ] GC(1183) Metaspace: 9888K(10176K)->9888K(10176K) NonClass: 8754K(8896K)->8754K(8896K) Class: 1134K(1280K)->1134K(1280K)
[20.526s][info ][gc             ] GC(1183) Pause Young (Allocation Failure) 140M->3M(495M) 0.171ms
[20.526s][info ][gc,cpu         ] GC(1183) User=0.00s Sys=0.00s Real=0.00s
[20.536s][info ][gc,start       ] GC(1184) Pause Young (Allocation Failure)
[20.536s][debug][gc,age         ] GC(1184) Desired survivor size 8945664 bytes, new threshold 15 (max threshold 15)
[20.536s][trace][gc,age         ] GC(1184) Age table with threshold 15 (max threshold 15)
[20.536s][trace][gc,age         ] GC(1184) - age   1:        192 bytes,        192 total
[20.536s][info ][gc,heap        ] GC(1184) DefNew: 139904K(157376K)->0K(157376K) Eden: 139904K(139904K)->0K(139904K) From: 0K(17472K)->0K(17472K)
[20.536s][info ][gc,heap        ] GC(1184) Tenured: 3959K(349568K)->3959K(349568K)
[20.536s][info ][gc,metaspace   ] GC(1184) Metaspace: 9888K(10176K)->9888K(10176K) NonClass: 8754K(8896K)->8754K(8896K) Class: 1134K(1280K)->1134K(1280K)
[20.536s][info ][gc             ] GC(1184) Pause Young (Allocation Failure) 140M->3M(495M) 0.163ms
[20.536s][info ][gc,cpu         ] GC(1184) User=0.01s Sys=0.00s Real=0.00s
[20.546s][info ][gc,start       ] GC(1185) Pause Young (Allocation Failure)
[20.547s][debug][gc,age         ] GC(1185) Desired survivor size 8945664 bytes, new threshold 15 (max threshold 15)
[20.547s][trace][gc,age         ] GC(1185) Age table with threshold 15 (max threshold 15)
[20.547s][trace][gc,age         ] GC(1185) - age   1:        192 bytes,        192 total
[20.547s][info ][gc,heap        ] GC(1185) DefNew: 139904K(157376K)->0K(157376K) Eden: 139904K(139904K)->0K(139904K) From: 0K(17472K)->0K(17472K)
[20.547s][info ][gc,heap        ] GC(1185) Tenured: 3959K(349568K)->3959K(349568K)
[20.547s][info ][gc,metaspace   ] GC(1185) Metaspace: 9888K(10176K)->9888K(10176K) NonClass: 8754K(8896K)->8754K(8896K) Class: 1134K(1280K)->1134K(1280K)
[20.547s][info ][gc             ] GC(1185) Pause Young (Allocation Failure) 140M->3M(495M) 0.164ms
[20.547s][info ][gc,cpu         ] GC(1185) User=0.00s Sys=0.00s Real=0.00s
[20.557s][info ][gc,start       ] GC(1186) Pause Young (Allocation Failure)
[20.557s][debug][gc,age         ] GC(1186) Desired survivor size 8945664 bytes, new threshold 15 (max threshold 15)
[20.557s][trace][gc,age         ] GC(1186) Age table with threshold 15 (max threshold 15)
[20.557s][trace][gc,age         ] GC(1186) - age   1:        192 bytes,        192 total
[20.557s][info ][gc,heap        ] GC(1186) DefNew: 139904K(157376K)->0K(157376K) Eden: 139904K(139904K)->0K(139904K) From: 0K(17472K)->0K(17472K)
[20.557s][info ][gc,heap        ] GC(1186) Tenured: 3959K(349568K)->3959K(349568K)
[20.557s][info ][gc,metaspace   ] GC(1186) Metaspace: 9888K(10176K)->9888K(10176K) NonClass: 8754K(8896K)->8754K(8896K) Class: 1134K(1280K)->1134K(1280K)
[20.557s][info ][gc             ] GC(1186) Pause Young (Allocation Failure) 140M->3M(495M) 0.160ms
[20.557s][info ][gc,cpu         ] GC(1186) User=0.00s Sys=0.00s Real=0.00s
[20.567s][info ][gc,start       ] GC(1187) Pause Young (Allocation Failure)
[20.567s][debug][gc,age         ] GC(1187) Desired survivor size 8945664 bytes, new threshold 15 (max threshold 15)
[20.567s][trace][gc,age         ] GC(1187) Age table with threshold 15 (max threshold 15)
[20.567s][trace][gc,age         ] GC(1187) - age   1:        192 bytes,        192 total
[20.567s][info ][gc,heap        ] GC(1187) DefNew: 139904K(157376K)->0K(157376K) Eden: 139904K(139904K)->0K(139904K) From: 0K(17472K)->0K(17472K)
[20.567s][info ][gc,heap        ] GC(1187) Tenured: 3959K(349568K)->3959K(349568K)
[20.567s][info ][gc,metaspace   ] GC(1187) Metaspace: 9888K(10176K)->9888K(10176K) NonClass: 8754K(8896K)->8754K(8896K) Class: 1134K(1280K)->1134K(1280K)
[20.567s][info ][gc             ] GC(1187) Pause Young (Allocation Failure) 140M->3M(495M) 0.160ms
[20.567s][info ][gc,cpu         ] GC(1187) User=0.00s Sys=0.00s Real=0.00s
[20.577s][info ][gc,start       ] GC(1188) Pause Young (Allocation Failure)
[20.577s][debug][gc,age         ] GC(1188) Desired survivor size 8945664 bytes, new threshold 15 (max threshold 15)
[20.577s][trace][gc,age         ] GC(1188) Age table with threshold 15 (max threshold 15)
[20.577s][trace][gc,age         ] GC(1188) - age   1:        192 bytes,        192 total
[20.577s][info ][gc,heap        ] GC(1188) DefNew: 139904K(157376K)->0K(157376K) Eden: 139904K(139904K)->0K(139904K) From: 0K(17472K)->0K(17472K)
[20.577s][info ][gc,heap        ] GC(1188) Tenured: 3959K(349568K)->3959K(349568K)
[20.577s][info ][gc,metaspace   ] GC(1188) Metaspace: 9888K(10176K)->9888K(10176K) NonClass: 8754K(8896K)->8754K(8896K) Class: 1134K(1280K)->1134K(1280K)
[20.577s][info ][gc             ] GC(1188) Pause Young (Allocation Failure) 140M->3M(495M) 0.163ms
[20.577s][info ][gc,cpu         ] GC(1188) User=0.00s Sys=0.00s Real=0.00s
[20.587s][info ][gc,start       ] GC(1189) Pause Young (Allocation Failure)
[20.588s][debug][gc,age         ] GC(1189) Desired survivor size 8945664 bytes, new threshold 15 (max threshold 15)
[20.588s][trace][gc,age         ] GC(1189) Age table with threshold 15 (max threshold 15)
[20.588s][trace][gc,age         ] GC(1189) - age   1:        192 bytes,        192 total
[20.588s][info ][gc,heap        ] GC(1189) DefNew: 139904K(157376K)->0K(157376K) Eden: 139904K(139904K)->0K(139904K) From: 0K(17472K)->0K(17472K)
[20.588s][info ][gc,heap        ] GC(1189) Tenured: 3959K(349568K)->3959K(349568K)
[20.588s][info ][gc,metaspace   ] GC(1189) Metaspace: 9888K(10176K)->9888K(10176K) NonClass: 8754K(8896K)->8754K(8896K) Class: 1134K(1280K)->1134K(1280K)
[20.588s][info ][gc             ] GC(1189) Pause Young (Allocation Failure) 140M->3M(495M) 0.167ms
[20.588s][info ][gc,cpu         ] GC(1189) User=0.00s Sys=0.00s Real=0.00s
[20.598s][info ][gc,start       ] GC(1190) Pause Young (Allocation Failure)
[20.598s][debug][gc,age         ] GC(1190) Desired survivor size 8945664 bytes, new threshold 15 (max threshold 15)
[20.598s][trace][gc,age         ] GC(1190) Age table with threshold 15 (max threshold 15)
[20.598s][trace][gc,age         ] GC(1190) - age   1:        192 bytes,        192 total
[20.598s][info ][gc,heap        ] GC(1190) DefNew: 139904K(157376K)->0K(157376K) Eden: 139904K(139904K)->0K(139904K) From: 0K(17472K)->0K(17472K)
[20.598s][info ][gc,heap        ] GC(1190) Tenured: 3959K(349568K)->3959K(349568K)
[20.598s][info ][gc,metaspace   ] GC(1190) Metaspace: 9888K(10176K)->9888K(10176K) NonClass: 8754K(8896K)->8754K(8896K) Class: 1134K(1280K)->1134K(1280K)
[20.598s][info ][gc             ] GC(1190) Pause Young (Allocation Failure) 140M->3M(495M) 0.152ms
[20.598s][info ][gc,cpu         ] GC(1190) User=0.00s Sys=0.00s Real=0.00s
[20.608s][info ][gc,start       ] GC(1191) Pause Young (Allocation Failure)
[20.608s][debug][gc,age         ] GC(1191) Desired survivor size 8945664 bytes, new threshold 15 (max threshold 15)
[20.608s][trace][gc,age         ] GC(1191) Age table with threshold 15 (max threshold 15)
[20.608s][trace][gc,age         ] GC(1191) - age   1:        192 bytes,        192 total
[20.608s][info ][gc,heap        ] GC(1191) DefNew: 139904K(157376K)->0K(157376K) Eden: 139904K(139904K)->0K(139904K) From: 0K(17472K)->0K(17472K)
[20.608s][info ][gc,heap        ] GC(1191) Tenured: 3959K(349568K)->3959K(349568K)
[20.608s][info ][gc,metaspace   ] GC(1191) Metaspace: 9888K(10176K)->9888K(10176K) NonClass: 8754K(8896K)->8754K(8896K) Class: 1134K(1280K)->1134K(1280K)
[20.608s][info ][gc             ] GC(1191) Pause Young (Allocation Failure) 140M->3M(495M) 0.163ms
[20.608s][info ][gc,cpu         ] GC(1191) User=0.00s Sys=0.00s Real=0.00s
[20.618s][info ][gc,start       ] GC(1192) Pause Young (Allocation Failure)
[20.618s][debug][gc,age         ] GC(1192) Desired survivor size 8945664 bytes, new threshold 15 (max threshold 15)
[20.618s][trace][gc,age         ] GC(1192) Age table with threshold 15 (max threshold 15)
[20.618s][trace][gc,age         ] GC(1192) - age   1:        192 bytes,        192 total
[20.618s][info ][gc,heap        ] GC(1192) DefNew: 139904K(157376K)->0K(157376K) Eden: 139904K(139904K)->0K(139904K) From: 0K(17472K)->0K(17472K)
[20.618s][info ][gc,heap        ] GC(1192) Tenured: 3959K(349568K)->3959K(349568K)
[20.618s][info ][gc,metaspace   ] GC(1192) Metaspace: 9888K(10176K)->9888K(10176K) NonClass: 8754K(8896K)->8754K(8896K) Class: 1134K(1280K)->1134K(1280K)
[20.618s][info ][gc             ] GC(1192) Pause Young (Allocation Failure) 140M->3M(495M) 0.160ms
[20.618s][info ][gc,cpu         ] GC(1192) User=0.00s Sys=0.00s Real=0.00s
[20.628s][info ][gc,start       ] GC(1193) Pause Young (Allocation Failure)
[20.628s][debug][gc,age         ] GC(1193) Desired survivor size 8945664 bytes, new threshold 15 (max threshold 15)
[20.629s][trace][gc,age         ] GC(1193) Age table with threshold 15 (max threshold 15)
[20.629s][trace][gc,age         ] GC(1193) - age   1:        192 bytes,        192 total
[20.629s][info ][gc,heap        ] GC(1193) DefNew: 139904K(157376K)->0K(157376K) Eden: 139904K(139904K)->0K(139904K) From: 0K(17472K)->0K(17472K)
[20.629s][info ][gc,heap        ] GC(1193) Tenured: 3959K(349568K)->3959K(349568K)
[20.629s][info ][gc,metaspace   ] GC(1193) Metaspace: 9888K(10176K)->9888K(10176K) NonClass: 8754K(8896K)->8754K(8896K) Class: 1134K(1280K)->1134K(1280K)
[20.629s][info ][gc             ] GC(1193) Pause Young (Allocation Failure) 140M->3M(495M) 0.153ms
[20.629s][info ][gc,cpu         ] GC(1193) User=0.00s Sys=0.00s Real=0.00s
[20.639s][info ][gc,start       ] GC(1194) Pause Young (Allocation Failure)
[20.639s][debug][gc,age         ] GC(1194) Desired survivor size 8945664 bytes, new threshold 15 (max threshold 15)
[20.639s][trace][gc,age         ] GC(1194) Age table with threshold 15 (max threshold 15)
[20.639s][trace][gc,age         ] GC(1194) - age   1:        192 bytes,        192 total
[20.639s][info ][gc,heap        ] GC(1194) DefNew: 139904K(157376K)->0K(157376K) Eden: 139904K(139904K)->0K(139904K) From: 0K(17472K)->0K(17472K)
[20.639s][info ][gc,heap        ] GC(1194) Tenured: 3959K(349568K)->3959K(349568K)
[20.639s][info ][gc,metaspace   ] GC(1194) Metaspace: 9888K(10176K)->9888K(10176K) NonClass: 8754K(8896K)->8754K(8896K) Class: 1134K(1280K)->1134K(1280K)
[20.639s][info ][gc             ] GC(1194) Pause Young (Allocation Failure) 140M->3M(495M) 0.161ms
[20.639s][info ][gc,cpu         ] GC(1194) User=0.00s Sys=0.00s Real=0.00s
[20.649s][info ][gc,start       ] GC(1195) Pause Young (Allocation Failure)
[20.649s][debug][gc,age         ] GC(1195) Desired survivor size 8945664 bytes, new threshold 15 (max threshold 15)
[20.649s][trace][gc,age         ] GC(1195) Age table with threshold 15 (max threshold 15)
[20.649s][trace][gc,age         ] GC(1195) - age   1:        192 bytes,        192 total
[20.649s][info ][gc,heap        ] GC(1195) DefNew: 139904K(157376K)->0K(157376K) Eden: 139904K(139904K)->0K(139904K) From: 0K(17472K)->0K(17472K)
[20.649s][info ][gc,heap        ] GC(1195) Tenured: 3959K(349568K)->3959K(349568K)
[20.649s][info ][gc,metaspace   ] GC(1195) Metaspace: 9888K(10176K)->9888K(10176K) NonClass: 8754K(8896K)->8754K(8896K) Class: 1134K(1280K)->1134K(1280K)
[20.649s][info ][gc             ] GC(1195) Pause Young (Allocation Failure) 140M->3M(495M) 0.156ms
[20.649s][info ][gc,cpu         ] GC(1195) User=0.00s Sys=0.00s Real=0.00s
[20.659s][info ][gc,start       ] GC(1196) Pause Young (Allocation Failure)
[20.659s][debug][gc,age         ] GC(1196) Desired survivor size 8945664 bytes, new threshold 15 (max threshold 15)
[20.659s][trace][gc,age         ] GC(1196) Age table with threshold 15 (max threshold 15)
[20.659s][trace][gc,age         ] GC(1196) - age   1:        192 bytes,        192 total
[20.659s][info ][gc,heap        ] GC(1196) DefNew: 139904K(157376K)->0K(157376K) Eden: 139904K(139904K)->0K(139904K) From: 0K(17472K)->0K(17472K)
[20.659s][info ][gc,heap        ] GC(1196) Tenured: 3959K(349568K)->3959K(349568K)
[20.659s][info ][gc,metaspace   ] GC(1196) Metaspace: 9888K(10176K)->9888K(10176K) NonClass: 8754K(8896K)->8754K(8896K) Class: 1134K(1280K)->1134K(1280K)
[20.659s][info ][gc             ] GC(1196) Pause Young (Allocation Failure) 140M->3M(495M) 0.158ms
[20.659s][info ][gc,cpu         ] GC(1196) User=0.00s Sys=0.00s Real=0.00s
[20.669s][info ][gc,start       ] GC(1197) Pause Young (Allocation Failure)
[20.669s][debug][gc,age         ] GC(1197) Desired survivor size 8945664 bytes, new threshold 15 (max threshold 15)
[20.669s][trace][gc,age         ] GC(1197) Age table with threshold 15 (max threshold 15)
[20.669s][trace][gc,age         ] GC(1197) - age   1:        192 bytes,        192 total
[20.669s][info ][gc,heap        ] GC(1197) DefNew: 139904K(157376K)->0K(157376K) Eden: 139904K(139904K)->0K(139904K) From: 0K(17472K)->0K(17472K)
[20.669s][info ][gc,heap        ] GC(1197) Tenured: 3959K(349568K)->3959K(349568K)
[20.669s][info ][gc,metaspace   ] GC(1197) Metaspace: 9888K(10176K)->9888K(10176K) NonClass: 8754K(8896K)->8754K(8896K) Class: 1134K(1280K)->1134K(1280K)
[20.669s][info ][gc             ] GC(1197) Pause Young (Allocation Failure) 140M->3M(495M) 0.158ms
[20.669s][info ][gc,cpu         ] GC(1197) User=0.00s Sys=0.00s Real=0.00s
[20.679s][info ][gc,start       ] GC(1198) Pause Young (Allocation Failure)
[20.680s][debug][gc,age         ] GC(1198) Desired survivor size 8945664 bytes, new threshold 15 (max threshold 15)
[20.680s][trace][gc,age         ] GC(1198) Age table with threshold 15 (max threshold 15)
[20.680s][trace][gc,age         ] GC(1198) - age   1:        192 bytes,        192 total
[20.680s][info ][gc,heap        ] GC(1198) DefNew: 139904K(157376K)->0K(157376K) Eden: 139904K(139904K)->0K(139904K) From: 0K(17472K)->0K(17472K)
[20.680s][info ][gc,heap        ] GC(1198) Tenured: 3959K(349568K)->3959K(349568K)
[20.680s][info ][gc,metaspace   ] GC(1198) Metaspace: 9888K(10176K)->9888K(10176K) NonClass: 8754K(8896K)->8754K(8896K) Class: 1134K(1280K)->1134K(1280K)
[20.680s][info ][gc             ] GC(1198) Pause Young (Allocation Failure) 140M->3M(495M) 0.157ms
[20.680s][info ][gc,cpu         ] GC(1198) User=0.00s Sys=0.00s Real=0.00s
[20.690s][info ][gc,start       ] GC(1199) Pause Young (Allocation Failure)
[20.690s][debug][gc,age         ] GC(1199) Desired survivor size 8945664 bytes, new threshold 15 (max threshold 15)
[20.690s][trace][gc,age         ] GC(1199) Age table with threshold 15 (max threshold 15)
[20.690s][trace][gc,age         ] GC(1199) - age   1:        192 bytes,        192 total
[20.690s][info ][gc,heap        ] GC(1199) DefNew: 139904K(157376K)->0K(157376K) Eden: 139904K(139904K)->0K(139904K) From: 0K(17472K)->0K(17472K)
[20.690s][info ][gc,heap        ] GC(1199) Tenured: 3959K(349568K)->3959K(349568K)
[20.690s][info ][gc,metaspace   ] GC(1199) Metaspace: 9888K(10176K)->9888K(10176K) NonClass: 8754K(8896K)->8754K(8896K) Class: 1134K(1280K)->1134K(1280K)
[20.690s][info ][gc             ] GC(1199) Pause Young (Allocation Failure) 140M->3M(495M) 0.160ms
[20.690s][info ][gc,cpu         ] GC(1199) User=0.00s Sys=0.00s Real=0.00s
[20.700s][info ][gc,start       ] GC(1200) Pause Young (Allocation Failure)
[20.700s][debug][gc,age         ] GC(1200) Desired survivor size 8945664 bytes, new threshold 15 (max threshold 15)
[20.700s][trace][gc,age         ] GC(1200) Age table with threshold 15 (max threshold 15)
[20.700s][trace][gc,age         ] GC(1200) - age   1:        192 bytes,        192 total
[20.700s][info ][gc,heap        ] GC(1200) DefNew: 139904K(157376K)->0K(157376K) Eden: 139904K(139904K)->0K(139904K) From: 0K(17472K)->0K(17472K)
[20.700s][info ][gc,heap        ] GC(1200) Tenured: 3959K(349568K)->3959K(349568K)
[20.700s][info ][gc,metaspace   ] GC(1200) Metaspace: 9888K(10176K)->9888K(10176K) NonClass: 8754K(8896K)->8754K(8896K) Class: 1134K(1280K)->1134K(1280K)
[20.700s][info ][gc             ] GC(1200) Pause Young (Allocation Failure) 140M->3M(495M) 0.157ms
[20.700s][info ][gc,cpu         ] GC(1200) User=0.00s Sys=0.00s Real=0.01s
[20.710s][info ][gc,start       ] GC(1201) Pause Young (Allocation Failure)
[20.710s][debug][gc,age         ] GC(1201) Desired survivor size 8945664 bytes, new threshold 15 (max threshold 15)
[20.710s][trace][gc,age         ] GC(1201) Age table with threshold 15 (max threshold 15)
[20.710s][trace][gc,age         ] GC(1201) - age   1:        192 bytes,        192 total
[20.710s][info ][gc,heap        ] GC(1201) DefNew: 139904K(157376K)->0K(157376K) Eden: 139904K(139904K)->0K(139904K) From: 0K(17472K)->0K(17472K)
[20.710s][info ][gc,heap        ] GC(1201) Tenured: 3959K(349568K)->3959K(349568K)
[20.710s][info ][gc,metaspace   ] GC(1201) Metaspace: 9888K(10176K)->9888K(10176K) NonClass: 8754K(8896K)->8754K(8896K) Class: 1134K(1280K)->1134K(1280K)
[20.710s][info ][gc             ] GC(1201) Pause Young (Allocation Failure) 140M->3M(495M) 0.152ms
[20.710s][info ][gc,cpu         ] GC(1201) User=0.00s Sys=0.00s Real=0.00s
[20.720s][info ][gc,start       ] GC(1202) Pause Young (Allocation Failure)
[20.720s][debug][gc,age         ] GC(1202) Desired survivor size 8945664 bytes, new threshold 15 (max threshold 15)
[20.720s][trace][gc,age         ] GC(1202) Age table with threshold 15 (max threshold 15)
[20.720s][trace][gc,age         ] GC(1202) - age   1:        192 bytes,        192 total
[20.721s][info ][gc,heap        ] GC(1202) DefNew: 139904K(157376K)->0K(157376K) Eden: 139904K(139904K)->0K(139904K) From: 0K(17472K)->0K(17472K)
[20.721s][info ][gc,heap        ] GC(1202) Tenured: 3959K(349568K)->3959K(349568K)
[20.721s][info ][gc,metaspace   ] GC(1202) Metaspace: 9888K(10176K)->9888K(10176K) NonClass: 8754K(8896K)->8754K(8896K) Class: 1134K(1280K)->1134K(1280K)
[20.721s][info ][gc             ] GC(1202) Pause Young (Allocation Failure) 140M->3M(495M) 0.167ms
[20.721s][info ][gc,cpu         ] GC(1202) User=0.00s Sys=0.00s Real=0.00s
[20.731s][info ][gc,start       ] GC(1203) Pause Young (Allocation Failure)
[20.731s][debug][gc,age         ] GC(1203) Desired survivor size 8945664 bytes, new threshold 15 (max threshold 15)
[20.731s][trace][gc,age         ] GC(1203) Age table with threshold 15 (max threshold 15)
[20.731s][trace][gc,age         ] GC(1203) - age   1:        192 bytes,        192 total
[20.731s][info ][gc,heap        ] GC(1203) DefNew: 139904K(157376K)->0K(157376K) Eden: 139904K(139904K)->0K(139904K) From: 0K(17472K)->0K(17472K)
[20.731s][info ][gc,heap        ] GC(1203) Tenured: 3959K(349568K)->3959K(349568K)
[20.731s][info ][gc,metaspace   ] GC(1203) Metaspace: 9888K(10176K)->9888K(10176K) NonClass: 8754K(8896K)->8754K(8896K) Class: 1134K(1280K)->1134K(1280K)
[20.731s][info ][gc             ] GC(1203) Pause Young (Allocation Failure) 140M->3M(495M) 0.158ms
[20.731s][info ][gc,cpu         ] GC(1203) User=0.00s Sys=0.00s Real=0.00s
[20.741s][info ][gc,start       ] GC(1204) Pause Young (Allocation Failure)
[20.741s][debug][gc,age         ] GC(1204) Desired survivor size 8945664 bytes, new threshold 15 (max threshold 15)
[20.741s][trace][gc,age         ] GC(1204) Age table with threshold 15 (max threshold 15)
[20.741s][trace][gc,age         ] GC(1204) - age   1:        192 bytes,        192 total
[20.741s][info ][gc,heap        ] GC(1204) DefNew: 139904K(157376K)->0K(157376K) Eden: 139904K(139904K)->0K(139904K) From: 0K(17472K)->0K(17472K)
[20.741s][info ][gc,heap        ] GC(1204) Tenured: 3959K(349568K)->3959K(349568K)
[20.741s][info ][gc,metaspace   ] GC(1204) Metaspace: 9888K(10176K)->9888K(10176K) NonClass: 8754K(8896K)->8754K(8896K) Class: 1134K(1280K)->1134K(1280K)
[20.741s][info ][gc             ] GC(1204) Pause Young (Allocation Failure) 140M->3M(495M) 0.155ms
[20.741s][info ][gc,cpu         ] GC(1204) User=0.00s Sys=0.00s Real=0.00s
[20.751s][info ][gc,start       ] GC(1205) Pause Young (Allocation Failure)
[20.751s][debug][gc,age         ] GC(1205) Desired survivor size 8945664 bytes, new threshold 15 (max threshold 15)
[20.751s][trace][gc,age         ] GC(1205) Age table with threshold 15 (max threshold 15)
[20.751s][trace][gc,age         ] GC(1205) - age   1:        192 bytes,        192 total
[20.751s][info ][gc,heap        ] GC(1205) DefNew: 139904K(157376K)->0K(157376K) Eden: 139904K(139904K)->0K(139904K) From: 0K(17472K)->0K(17472K)
[20.751s][info ][gc,heap        ] GC(1205) Tenured: 3959K(349568K)->3959K(349568K)
[20.751s][info ][gc,metaspace   ] GC(1205) Metaspace: 9888K(10176K)->9888K(10176K) NonClass: 8754K(8896K)->8754K(8896K) Class: 1134K(1280K)->1134K(1280K)
[20.751s][info ][gc             ] GC(1205) Pause Young (Allocation Failure) 140M->3M(495M) 0.154ms
[20.751s][info ][gc,cpu         ] GC(1205) User=0.00s Sys=0.00s Real=0.00s
[20.761s][info ][gc,start       ] GC(1206) Pause Young (Allocation Failure)
[20.761s][debug][gc,age         ] GC(1206) Desired survivor size 8945664 bytes, new threshold 15 (max threshold 15)
[20.761s][trace][gc,age         ] GC(1206) Age table with threshold 15 (max threshold 15)
[20.761s][trace][gc,age         ] GC(1206) - age   1:        192 bytes,        192 total
[20.761s][info ][gc,heap        ] GC(1206) DefNew: 139904K(157376K)->0K(157376K) Eden: 139904K(139904K)->0K(139904K) From: 0K(17472K)->0K(17472K)
[20.761s][info ][gc,heap        ] GC(1206) Tenured: 3959K(349568K)->3959K(349568K)
[20.761s][info ][gc,metaspace   ] GC(1206) Metaspace: 9888K(10176K)->9888K(10176K) NonClass: 8754K(8896K)->8754K(8896K) Class: 1134K(1280K)->1134K(1280K)
[20.761s][info ][gc             ] GC(1206) Pause Young (Allocation Failure) 140M->3M(495M) 0.156ms
[20.761s][info ][gc,cpu         ] GC(1206) User=0.00s Sys=0.00s Real=0.00s
[20.771s][info ][gc,start       ] GC(1207) Pause Young (Allocation Failure)
[20.772s][debug][gc,age         ] GC(1207) Desired survivor size 8945664 bytes, new threshold 15 (max threshold 15)
[20.772s][trace][gc,age         ] GC(1207) Age table with threshold 15 (max threshold 15)
[20.772s][trace][gc,age         ] GC(1207) - age   1:        192 bytes,        192 total
[20.772s][info ][gc,heap        ] GC(1207) DefNew: 139904K(157376K)->0K(157376K) Eden: 139904K(139904K)->0K(139904K) From: 0K(17472K)->0K(17472K)
[20.772s][info ][gc,heap        ] GC(1207) Tenured: 3959K(349568K)->3959K(349568K)
[20.772s][info ][gc,metaspace   ] GC(1207) Metaspace: 9888K(10176K)->9888K(10176K) NonClass: 8754K(8896K)->8754K(8896K) Class: 1134K(1280K)->1134K(1280K)
[20.772s][info ][gc             ] GC(1207) Pause Young (Allocation Failure) 140M->3M(495M) 0.154ms
[20.772s][info ][gc,cpu         ] GC(1207) User=0.00s Sys=0.00s Real=0.00s
[20.782s][info ][gc,start       ] GC(1208) Pause Young (Allocation Failure)
[20.782s][debug][gc,age         ] GC(1208) Desired survivor size 8945664 bytes, new threshold 15 (max threshold 15)
[20.782s][trace][gc,age         ] GC(1208) Age table with threshold 15 (max threshold 15)
[20.782s][trace][gc,age         ] GC(1208) - age   1:        192 bytes,        192 total
[20.782s][info ][gc,heap        ] GC(1208) DefNew: 139904K(157376K)->0K(157376K) Eden: 139904K(139904K)->0K(139904K) From: 0K(17472K)->0K(17472K)
[20.782s][info ][gc,heap        ] GC(1208) Tenured: 3959K(349568K)->3959K(349568K)
[20.782s][info ][gc,metaspace   ] GC(1208) Metaspace: 9888K(10176K)->9888K(10176K) NonClass: 8754K(8896K)->8754K(8896K) Class: 1134K(1280K)->1134K(1280K)
[20.782s][info ][gc             ] GC(1208) Pause Young (Allocation Failure) 140M->3M(495M) 0.153ms
[20.782s][info ][gc,cpu         ] GC(1208) User=0.00s Sys=0.00s Real=0.00s
[20.792s][info ][gc,start       ] GC(1209) Pause Young (Allocation Failure)
[20.792s][debug][gc,age         ] GC(1209) Desired survivor size 8945664 bytes, new threshold 15 (max threshold 15)
[20.792s][trace][gc,age         ] GC(1209) Age table with threshold 15 (max threshold 15)
[20.792s][trace][gc,age         ] GC(1209) - age   1:        192 bytes,        192 total
[20.792s][info ][gc,heap        ] GC(1209) DefNew: 139904K(157376K)->0K(157376K) Eden: 139904K(139904K)->0K(139904K) From: 0K(17472K)->0K(17472K)
[20.792s][info ][gc,heap        ] GC(1209) Tenured: 3959K(349568K)->3959K(349568K)
[20.792s][info ][gc,metaspace   ] GC(1209) Metaspace: 9888K(10176K)->9888K(10176K) NonClass: 8754K(8896K)->8754K(8896K) Class: 1134K(1280K)->1134K(1280K)
[20.792s][info ][gc             ] GC(1209) Pause Young (Allocation Failure) 140M->3M(495M) 0.159ms
[20.792s][info ][gc,cpu         ] GC(1209) User=0.00s Sys=0.00s Real=0.00s
[20.802s][info ][gc,start       ] GC(1210) Pause Young (Allocation Failure)
[20.802s][debug][gc,age         ] GC(1210) Desired survivor size 8945664 bytes, new threshold 15 (max threshold 15)
[20.802s][trace][gc,age         ] GC(1210) Age table with threshold 15 (max threshold 15)
[20.802s][trace][gc,age         ] GC(1210) - age   1:        192 bytes,        192 total
[20.802s][info ][gc,heap        ] GC(1210) DefNew: 139904K(157376K)->0K(157376K) Eden: 139904K(139904K)->0K(139904K) From: 0K(17472K)->0K(17472K)
[20.802s][info ][gc,heap        ] GC(1210) Tenured: 3959K(349568K)->3959K(349568K)
[20.802s][info ][gc,metaspace   ] GC(1210) Metaspace: 9888K(10176K)->9888K(10176K) NonClass: 8754K(8896K)->8754K(8896K) Class: 1134K(1280K)->1134K(1280K)
[20.802s][info ][gc             ] GC(1210) Pause Young (Allocation Failure) 140M->3M(495M) 0.150ms
[20.802s][info ][gc,cpu         ] GC(1210) User=0.00s Sys=0.00s Real=0.00s
[20.812s][info ][gc,start       ] GC(1211) Pause Young (Allocation Failure)
[20.812s][debug][gc,age         ] GC(1211) Desired survivor size 8945664 bytes, new threshold 15 (max threshold 15)
[20.812s][trace][gc,age         ] GC(1211) Age table with threshold 15 (max threshold 15)
[20.812s][trace][gc,age         ] GC(1211) - age   1:        192 bytes,        192 total
[20.812s][info ][gc,heap        ] GC(1211) DefNew: 139904K(157376K)->0K(157376K) Eden: 139904K(139904K)->0K(139904K) From: 0K(17472K)->0K(17472K)
[20.812s][info ][gc,heap        ] GC(1211) Tenured: 3959K(349568K)->3959K(349568K)
[20.812s][info ][gc,metaspace   ] GC(1211) Metaspace: 9888K(10176K)->9888K(10176K) NonClass: 8754K(8896K)->8754K(8896K) Class: 1134K(1280K)->1134K(1280K)
[20.812s][info ][gc             ] GC(1211) Pause Young (Allocation Failure) 140M->3M(495M) 0.153ms
[20.812s][info ][gc,cpu         ] GC(1211) User=0.00s Sys=0.00s Real=0.00s
[20.822s][info ][gc,start       ] GC(1212) Pause Young (Allocation Failure)
[20.823s][debug][gc,age         ] GC(1212) Desired survivor size 8945664 bytes, new threshold 15 (max threshold 15)
[20.823s][trace][gc,age         ] GC(1212) Age table with threshold 15 (max threshold 15)
[20.823s][trace][gc,age         ] GC(1212) - age   1:        192 bytes,        192 total
[20.823s][info ][gc,heap        ] GC(1212) DefNew: 139904K(157376K)->0K(157376K) Eden: 139904K(139904K)->0K(139904K) From: 0K(17472K)->0K(17472K)
[20.823s][info ][gc,heap        ] GC(1212) Tenured: 3959K(349568K)->3959K(349568K)
[20.823s][info ][gc,metaspace   ] GC(1212) Metaspace: 9888K(10176K)->9888K(10176K) NonClass: 8754K(8896K)->8754K(8896K) Class: 1134K(1280K)->1134K(1280K)
[20.823s][info ][gc             ] GC(1212) Pause Young (Allocation Failure) 140M->3M(495M) 0.157ms
[20.823s][info ][gc,cpu         ] GC(1212) User=0.00s Sys=0.00s Real=0.00s
[20.833s][info ][gc,start       ] GC(1213) Pause Young (Allocation Failure)
[20.833s][debug][gc,age         ] GC(1213) Desired survivor size 8945664 bytes, new threshold 15 (max threshold 15)
[20.833s][trace][gc,age         ] GC(1213) Age table with threshold 15 (max threshold 15)
[20.833s][trace][gc,age         ] GC(1213) - age   1:        192 bytes,        192 total
[20.833s][info ][gc,heap        ] GC(1213) DefNew: 139904K(157376K)->0K(157376K) Eden: 139904K(139904K)->0K(139904K) From: 0K(17472K)->0K(17472K)
[20.833s][info ][gc,heap        ] GC(1213) Tenured: 3959K(349568K)->3959K(349568K)
[20.833s][info ][gc,metaspace   ] GC(1213) Metaspace: 9888K(10176K)->9888K(10176K) NonClass: 8754K(8896K)->8754K(8896K) Class: 1134K(1280K)->1134K(1280K)
[20.833s][info ][gc             ] GC(1213) Pause Young (Allocation Failure) 140M->3M(495M) 0.502ms
[20.833s][info ][gc,cpu         ] GC(1213) User=0.00s Sys=0.00s Real=0.00s
[20.843s][info ][gc,start       ] GC(1214) Pause Young (Allocation Failure)
[20.843s][debug][gc,age         ] GC(1214) Desired survivor size 8945664 bytes, new threshold 15 (max threshold 15)
[20.843s][trace][gc,age         ] GC(1214) Age table with threshold 15 (max threshold 15)
[20.843s][trace][gc,age         ] GC(1214) - age   1:        192 bytes,        192 total
[20.843s][info ][gc,heap        ] GC(1214) DefNew: 139904K(157376K)->0K(157376K) Eden: 139904K(139904K)->0K(139904K) From: 0K(17472K)->0K(17472K)
[20.843s][info ][gc,heap        ] GC(1214) Tenured: 3959K(349568K)->3959K(349568K)
[20.843s][info ][gc,metaspace   ] GC(1214) Metaspace: 9888K(10176K)->9888K(10176K) NonClass: 8754K(8896K)->8754K(8896K) Class: 1134K(1280K)->1134K(1280K)
[20.843s][info ][gc             ] GC(1214) Pause Young (Allocation Failure) 140M->3M(495M) 0.154ms
[20.843s][info ][gc,cpu         ] GC(1214) User=0.00s Sys=0.00s Real=0.00s
[20.854s][info ][gc,start       ] GC(1215) Pause Young (Allocation Failure)
[20.854s][debug][gc,age         ] GC(1215) Desired survivor size 8945664 bytes, new threshold 15 (max threshold 15)
[20.854s][trace][gc,age         ] GC(1215) Age table with threshold 15 (max threshold 15)
[20.854s][trace][gc,age         ] GC(1215) - age   1:        192 bytes,        192 total
[20.854s][info ][gc,heap        ] GC(1215) DefNew: 139904K(157376K)->0K(157376K) Eden: 139904K(139904K)->0K(139904K) From: 0K(17472K)->0K(17472K)
[20.854s][info ][gc,heap        ] GC(1215) Tenured: 3959K(349568K)->3959K(349568K)
[20.854s][info ][gc,metaspace   ] GC(1215) Metaspace: 9888K(10176K)->9888K(10176K) NonClass: 8754K(8896K)->8754K(8896K) Class: 1134K(1280K)->1134K(1280K)
[20.854s][info ][gc             ] GC(1215) Pause Young (Allocation Failure) 140M->3M(495M) 0.158ms
[20.854s][info ][gc,cpu         ] GC(1215) User=0.00s Sys=0.00s Real=0.00s
[20.864s][info ][gc,start       ] GC(1216) Pause Young (Allocation Failure)
[20.864s][debug][gc,age         ] GC(1216) Desired survivor size 8945664 bytes, new threshold 15 (max threshold 15)
[20.864s][trace][gc,age         ] GC(1216) Age table with threshold 15 (max threshold 15)
[20.864s][trace][gc,age         ] GC(1216) - age   1:        192 bytes,        192 total
[20.864s][info ][gc,heap        ] GC(1216) DefNew: 139904K(157376K)->0K(157376K) Eden: 139904K(139904K)->0K(139904K) From: 0K(17472K)->0K(17472K)
[20.864s][info ][gc,heap        ] GC(1216) Tenured: 3959K(349568K)->3959K(349568K)
[20.864s][info ][gc,metaspace   ] GC(1216) Metaspace: 9888K(10176K)->9888K(10176K) NonClass: 8754K(8896K)->8754K(8896K) Class: 1134K(1280K)->1134K(1280K)
[20.864s][info ][gc             ] GC(1216) Pause Young (Allocation Failure) 140M->3M(495M) 0.155ms
[20.864s][info ][gc,cpu         ] GC(1216) User=0.00s Sys=0.00s Real=0.00s
[20.874s][info ][gc,start       ] GC(1217) Pause Young (Allocation Failure)
[20.874s][debug][gc,age         ] GC(1217) Desired survivor size 8945664 bytes, new threshold 15 (max threshold 15)
[20.874s][trace][gc,age         ] GC(1217) Age table with threshold 15 (max threshold 15)
[20.874s][trace][gc,age         ] GC(1217) - age   1:        192 bytes,        192 total
[20.874s][info ][gc,heap        ] GC(1217) DefNew: 139904K(157376K)->0K(157376K) Eden: 139904K(139904K)->0K(139904K) From: 0K(17472K)->0K(17472K)
[20.874s][info ][gc,heap        ] GC(1217) Tenured: 3959K(349568K)->3959K(349568K)
[20.874s][info ][gc,metaspace   ] GC(1217) Metaspace: 9888K(10176K)->9888K(10176K) NonClass: 8754K(8896K)->8754K(8896K) Class: 1134K(1280K)->1134K(1280K)
[20.874s][info ][gc             ] GC(1217) Pause Young (Allocation Failure) 140M->3M(495M) 0.154ms
[20.874s][info ][gc,cpu         ] GC(1217) User=0.00s Sys=0.00s Real=0.00s
[20.884s][info ][gc,start       ] GC(1218) Pause Young (Allocation Failure)
[20.884s][debug][gc,age         ] GC(1218) Desired survivor size 8945664 bytes, new threshold 15 (max threshold 15)
[20.884s][trace][gc,age         ] GC(1218) Age table with threshold 15 (max threshold 15)
[20.884s][trace][gc,age         ] GC(1218) - age   1:        192 bytes,        192 total
[20.884s][info ][gc,heap        ] GC(1218) DefNew: 139904K(157376K)->0K(157376K) Eden: 139904K(139904K)->0K(139904K) From: 0K(17472K)->0K(17472K)
[20.884s][info ][gc,heap        ] GC(1218) Tenured: 3959K(349568K)->3959K(349568K)
[20.884s][info ][gc,metaspace   ] GC(1218) Metaspace: 9888K(10176K)->9888K(10176K) NonClass: 8754K(8896K)->8754K(8896K) Class: 1134K(1280K)->1134K(1280K)
[20.884s][info ][gc             ] GC(1218) Pause Young (Allocation Failure) 140M->3M(495M) 0.157ms
[20.884s][info ][gc,cpu         ] GC(1218) User=0.00s Sys=0.00s Real=0.00s
[20.894s][info ][gc,start       ] GC(1219) Pause Young (Allocation Failure)
[20.895s][debug][gc,age         ] GC(1219) Desired survivor size 8945664 bytes, new threshold 15 (max threshold 15)
[20.895s][trace][gc,age         ] GC(1219) Age table with threshold 15 (max threshold 15)
[20.895s][trace][gc,age         ] GC(1219) - age   1:        192 bytes,        192 total
[20.895s][info ][gc,heap        ] GC(1219) DefNew: 139904K(157376K)->0K(157376K) Eden: 139904K(139904K)->0K(139904K) From: 0K(17472K)->0K(17472K)
[20.895s][info ][gc,heap        ] GC(1219) Tenured: 3959K(349568K)->3959K(349568K)
[20.895s][info ][gc,metaspace   ] GC(1219) Metaspace: 9888K(10176K)->9888K(10176K) NonClass: 8754K(8896K)->8754K(8896K) Class: 1134K(1280K)->1134K(1280K)
[20.895s][info ][gc             ] GC(1219) Pause Young (Allocation Failure) 140M->3M(495M) 0.152ms
[20.895s][info ][gc,cpu         ] GC(1219) User=0.00s Sys=0.00s Real=0.00s
[20.905s][info ][gc,start       ] GC(1220) Pause Young (Allocation Failure)
[20.905s][debug][gc,age         ] GC(1220) Desired survivor size 8945664 bytes, new threshold 15 (max threshold 15)
[20.905s][trace][gc,age         ] GC(1220) Age table with threshold 15 (max threshold 15)
[20.905s][trace][gc,age         ] GC(1220) - age   1:        192 bytes,        192 total
[20.905s][info ][gc,heap        ] GC(1220) DefNew: 139904K(157376K)->0K(157376K) Eden: 139904K(139904K)->0K(139904K) From: 0K(17472K)->0K(17472K)
[20.905s][info ][gc,heap        ] GC(1220) Tenured: 3959K(349568K)->3959K(349568K)
[20.905s][info ][gc,metaspace   ] GC(1220) Metaspace: 9888K(10176K)->9888K(10176K) NonClass: 8754K(8896K)->8754K(8896K) Class: 1134K(1280K)->1134K(1280K)
[20.905s][info ][gc             ] GC(1220) Pause Young (Allocation Failure) 140M->3M(495M) 0.149ms
[20.905s][info ][gc,cpu         ] GC(1220) User=0.00s Sys=0.00s Real=0.00s
[20.915s][info ][gc,start       ] GC(1221) Pause Young (Allocation Failure)
[20.915s][debug][gc,age         ] GC(1221) Desired survivor size 8945664 bytes, new threshold 15 (max threshold 15)
[20.915s][trace][gc,age         ] GC(1221) Age table with threshold 15 (max threshold 15)
[20.915s][trace][gc,age         ] GC(1221) - age   1:        192 bytes,        192 total
[20.915s][info ][gc,heap        ] GC(1221) DefNew: 139904K(157376K)->0K(157376K) Eden: 139904K(139904K)->0K(139904K) From: 0K(17472K)->0K(17472K)
[20.915s][info ][gc,heap        ] GC(1221) Tenured: 3959K(349568K)->3959K(349568K)
[20.915s][info ][gc,metaspace   ] GC(1221) Metaspace: 9888K(10176K)->9888K(10176K) NonClass: 8754K(8896K)->8754K(8896K) Class: 1134K(1280K)->1134K(1280K)
[20.915s][info ][gc             ] GC(1221) Pause Young (Allocation Failure) 140M->3M(495M) 0.153ms
[20.915s][info ][gc,cpu         ] GC(1221) User=0.00s Sys=0.00s Real=0.00s
[20.925s][info ][gc,start       ] GC(1222) Pause Young (Allocation Failure)
[20.925s][debug][gc,age         ] GC(1222) Desired survivor size 8945664 bytes, new threshold 15 (max threshold 15)
[20.925s][trace][gc,age         ] GC(1222) Age table with threshold 15 (max threshold 15)
[20.925s][trace][gc,age         ] GC(1222) - age   1:        192 bytes,        192 total
[20.925s][info ][gc,heap        ] GC(1222) DefNew: 139904K(157376K)->0K(157376K) Eden: 139904K(139904K)->0K(139904K) From: 0K(17472K)->0K(17472K)
[20.925s][info ][gc,heap        ] GC(1222) Tenured: 3959K(349568K)->3959K(349568K)
[20.925s][info ][gc,metaspace   ] GC(1222) Metaspace: 9888K(10176K)->9888K(10176K) NonClass: 8754K(8896K)->8754K(8896K) Class: 1134K(1280K)->1134K(1280K)
[20.925s][info ][gc             ] GC(1222) Pause Young (Allocation Failure) 140M->3M(495M) 0.152ms
[20.925s][info ][gc,cpu         ] GC(1222) User=0.00s Sys=0.00s Real=0.00s
[20.935s][info ][gc,start       ] GC(1223) Pause Young (Allocation Failure)
[20.935s][debug][gc,age         ] GC(1223) Desired survivor size 8945664 bytes, new threshold 15 (max threshold 15)
[20.935s][trace][gc,age         ] GC(1223) Age table with threshold 15 (max threshold 15)
[20.935s][trace][gc,age         ] GC(1223) - age   1:        192 bytes,        192 total
[20.935s][info ][gc,heap        ] GC(1223) DefNew: 139904K(157376K)->0K(157376K) Eden: 139904K(139904K)->0K(139904K) From: 0K(17472K)->0K(17472K)
[20.935s][info ][gc,heap        ] GC(1223) Tenured: 3959K(349568K)->3959K(349568K)
[20.935s][info ][gc,metaspace   ] GC(1223) Metaspace: 9888K(10176K)->9888K(10176K) NonClass: 8754K(8896K)->8754K(8896K) Class: 1134K(1280K)->1134K(1280K)
[20.935s][info ][gc             ] GC(1223) Pause Young (Allocation Failure) 140M->3M(495M) 0.153ms
[20.935s][info ][gc,cpu         ] GC(1223) User=0.00s Sys=0.00s Real=0.00s
[20.945s][info ][gc,start       ] GC(1224) Pause Young (Allocation Failure)
[20.946s][debug][gc,age         ] GC(1224) Desired survivor size 8945664 bytes, new threshold 15 (max threshold 15)
[20.946s][trace][gc,age         ] GC(1224) Age table with threshold 15 (max threshold 15)
[20.946s][trace][gc,age         ] GC(1224) - age   1:        192 bytes,        192 total
[20.946s][info ][gc,heap        ] GC(1224) DefNew: 139904K(157376K)->0K(157376K) Eden: 139904K(139904K)->0K(139904K) From: 0K(17472K)->0K(17472K)
[20.946s][info ][gc,heap        ] GC(1224) Tenured: 3959K(349568K)->3959K(349568K)
[20.946s][info ][gc,metaspace   ] GC(1224) Metaspace: 9888K(10176K)->9888K(10176K) NonClass: 8754K(8896K)->8754K(8896K) Class: 1134K(1280K)->1134K(1280K)
[20.946s][info ][gc             ] GC(1224) Pause Young (Allocation Failure) 140M->3M(495M) 0.153ms
[20.946s][info ][gc,cpu         ] GC(1224) User=0.00s Sys=0.00s Real=0.00s
[20.956s][info ][gc,start       ] GC(1225) Pause Young (Allocation Failure)
[20.956s][debug][gc,age         ] GC(1225) Desired survivor size 8945664 bytes, new threshold 15 (max threshold 15)
[20.956s][trace][gc,age         ] GC(1225) Age table with threshold 15 (max threshold 15)
[20.956s][trace][gc,age         ] GC(1225) - age   1:        192 bytes,        192 total
[20.956s][info ][gc,heap        ] GC(1225) DefNew: 139904K(157376K)->0K(157376K) Eden: 139904K(139904K)->0K(139904K) From: 0K(17472K)->0K(17472K)
[20.956s][info ][gc,heap        ] GC(1225) Tenured: 3959K(349568K)->3959K(349568K)
[20.956s][info ][gc,metaspace   ] GC(1225) Metaspace: 9888K(10176K)->9888K(10176K) NonClass: 8754K(8896K)->8754K(8896K) Class: 1134K(1280K)->1134K(1280K)
[20.956s][info ][gc             ] GC(1225) Pause Young (Allocation Failure) 140M->3M(495M) 0.155ms
[20.956s][info ][gc,cpu         ] GC(1225) User=0.00s Sys=0.00s Real=0.00s
[20.966s][info ][gc,start       ] GC(1226) Pause Young (Allocation Failure)
[20.966s][debug][gc,age         ] GC(1226) Desired survivor size 8945664 bytes, new threshold 15 (max threshold 15)
[20.966s][trace][gc,age         ] GC(1226) Age table with threshold 15 (max threshold 15)
[20.966s][trace][gc,age         ] GC(1226) - age   1:        192 bytes,        192 total
[20.966s][info ][gc,heap        ] GC(1226) DefNew: 139904K(157376K)->0K(157376K) Eden: 139904K(139904K)->0K(139904K) From: 0K(17472K)->0K(17472K)
[20.966s][info ][gc,heap        ] GC(1226) Tenured: 3959K(349568K)->3959K(349568K)
[20.966s][info ][gc,metaspace   ] GC(1226) Metaspace: 9888K(10176K)->9888K(10176K) NonClass: 8754K(8896K)->8754K(8896K) Class: 1134K(1280K)->1134K(1280K)
[20.966s][info ][gc             ] GC(1226) Pause Young (Allocation Failure) 140M->3M(495M) 0.165ms
[20.966s][info ][gc,cpu         ] GC(1226) User=0.00s Sys=0.00s Real=0.00s
[20.976s][info ][gc,start       ] GC(1227) Pause Young (Allocation Failure)
[20.976s][debug][gc,age         ] GC(1227) Desired survivor size 8945664 bytes, new threshold 15 (max threshold 15)
[20.976s][trace][gc,age         ] GC(1227) Age table with threshold 15 (max threshold 15)
[20.976s][trace][gc,age         ] GC(1227) - age   1:        192 bytes,        192 total
[20.976s][info ][gc,heap        ] GC(1227) DefNew: 139904K(157376K)->0K(157376K) Eden: 139904K(139904K)->0K(139904K) From: 0K(17472K)->0K(17472K)
[20.976s][info ][gc,heap        ] GC(1227) Tenured: 3959K(349568K)->3959K(349568K)
[20.976s][info ][gc,metaspace   ] GC(1227) Metaspace: 9888K(10176K)->9888K(10176K) NonClass: 8754K(8896K)->8754K(8896K) Class: 1134K(1280K)->1134K(1280K)
[20.976s][info ][gc             ] GC(1227) Pause Young (Allocation Failure) 140M->3M(495M) 0.154ms
[20.976s][info ][gc,cpu         ] GC(1227) User=0.00s Sys=0.00s Real=0.00s
[20.986s][info ][gc,start       ] GC(1228) Pause Young (Allocation Failure)
[20.986s][debug][gc,age         ] GC(1228) Desired survivor size 8945664 bytes, new threshold 15 (max threshold 15)
[20.986s][trace][gc,age         ] GC(1228) Age table with threshold 15 (max threshold 15)
[20.986s][trace][gc,age         ] GC(1228) - age   1:        192 bytes,        192 total
[20.986s][info ][gc,heap        ] GC(1228) DefNew: 139904K(157376K)->0K(157376K) Eden: 139904K(139904K)->0K(139904K) From: 0K(17472K)->0K(17472K)
[20.986s][info ][gc,heap        ] GC(1228) Tenured: 3959K(349568K)->3959K(349568K)
[20.986s][info ][gc,metaspace   ] GC(1228) Metaspace: 9888K(10176K)->9888K(10176K) NonClass: 8754K(8896K)->8754K(8896K) Class: 1134K(1280K)->1134K(1280K)
[20.986s][info ][gc             ] GC(1228) Pause Young (Allocation Failure) 140M->3M(495M) 0.152ms
[20.986s][info ][gc,cpu         ] GC(1228) User=0.00s Sys=0.00s Real=0.00s
[20.997s][info ][gc,start       ] GC(1229) Pause Young (Allocation Failure)
[20.997s][debug][gc,age         ] GC(1229) Desired survivor size 8945664 bytes, new threshold 15 (max threshold 15)
[20.997s][trace][gc,age         ] GC(1229) Age table with threshold 15 (max threshold 15)
[20.997s][trace][gc,age         ] GC(1229) - age   1:        192 bytes,        192 total
[20.997s][info ][gc,heap        ] GC(1229) DefNew: 139904K(157376K)->0K(157376K) Eden: 139904K(139904K)->0K(139904K) From: 0K(17472K)->0K(17472K)
[20.997s][info ][gc,heap        ] GC(1229) Tenured: 3959K(349568K)->3959K(349568K)
[20.997s][info ][gc,metaspace   ] GC(1229) Metaspace: 9888K(10176K)->9888K(10176K) NonClass: 8754K(8896K)->8754K(8896K) Class: 1134K(1280K)->1134K(1280K)
[20.997s][info ][gc             ] GC(1229) Pause Young (Allocation Failure) 140M->3M(495M) 0.159ms
[20.997s][info ][gc,cpu         ] GC(1229) User=0.00s Sys=0.00s Real=0.00s
[21.007s][info ][gc,start       ] GC(1230) Pause Young (Allocation Failure)
[21.007s][debug][gc,age         ] GC(1230) Desired survivor size 8945664 bytes, new threshold 15 (max threshold 15)
[21.007s][trace][gc,age         ] GC(1230) Age table with threshold 15 (max threshold 15)
[21.007s][trace][gc,age         ] GC(1230) - age   1:        192 bytes,        192 total
[21.007s][info ][gc,heap        ] GC(1230) DefNew: 139904K(157376K)->0K(157376K) Eden: 139904K(139904K)->0K(139904K) From: 0K(17472K)->0K(17472K)
[21.007s][info ][gc,heap        ] GC(1230) Tenured: 3959K(349568K)->3959K(349568K)
[21.007s][info ][gc,metaspace   ] GC(1230) Metaspace: 9888K(10176K)->9888K(10176K) NonClass: 8754K(8896K)->8754K(8896K) Class: 1134K(1280K)->1134K(1280K)
[21.007s][info ][gc             ] GC(1230) Pause Young (Allocation Failure) 140M->3M(495M) 0.153ms
[21.007s][info ][gc,cpu         ] GC(1230) User=0.00s Sys=0.00s Real=0.00s
[21.017s][info ][gc,start       ] GC(1231) Pause Young (Allocation Failure)
[21.017s][debug][gc,age         ] GC(1231) Desired survivor size 8945664 bytes, new threshold 15 (max threshold 15)
[21.017s][trace][gc,age         ] GC(1231) Age table with threshold 15 (max threshold 15)
[21.017s][trace][gc,age         ] GC(1231) - age   1:        192 bytes,        192 total
[21.017s][info ][gc,heap        ] GC(1231) DefNew: 139904K(157376K)->0K(157376K) Eden: 139904K(139904K)->0K(139904K) From: 0K(17472K)->0K(17472K)
[21.017s][info ][gc,heap        ] GC(1231) Tenured: 3959K(349568K)->3959K(349568K)
[21.017s][info ][gc,metaspace   ] GC(1231) Metaspace: 9888K(10176K)->9888K(10176K) NonClass: 8754K(8896K)->8754K(8896K) Class: 1134K(1280K)->1134K(1280K)
[21.017s][info ][gc             ] GC(1231) Pause Young (Allocation Failure) 140M->3M(495M) 0.151ms
[21.017s][info ][gc,cpu         ] GC(1231) User=0.00s Sys=0.00s Real=0.00s
[21.027s][info ][gc,start       ] GC(1232) Pause Young (Allocation Failure)
[21.027s][debug][gc,age         ] GC(1232) Desired survivor size 8945664 bytes, new threshold 15 (max threshold 15)
[21.027s][trace][gc,age         ] GC(1232) Age table with threshold 15 (max threshold 15)
[21.027s][trace][gc,age         ] GC(1232) - age   1:        192 bytes,        192 total
[21.027s][info ][gc,heap        ] GC(1232) DefNew: 139904K(157376K)->0K(157376K) Eden: 139904K(139904K)->0K(139904K) From: 0K(17472K)->0K(17472K)
[21.027s][info ][gc,heap        ] GC(1232) Tenured: 3959K(349568K)->3959K(349568K)
[21.027s][info ][gc,metaspace   ] GC(1232) Metaspace: 9888K(10176K)->9888K(10176K) NonClass: 8754K(8896K)->8754K(8896K) Class: 1134K(1280K)->1134K(1280K)
[21.027s][info ][gc             ] GC(1232) Pause Young (Allocation Failure) 140M->3M(495M) 0.150ms
[21.027s][info ][gc,cpu         ] GC(1232) User=0.00s Sys=0.00s Real=0.00s
[21.037s][info ][gc,start       ] GC(1233) Pause Young (Allocation Failure)
[21.037s][debug][gc,age         ] GC(1233) Desired survivor size 8945664 bytes, new threshold 15 (max threshold 15)
[21.038s][trace][gc,age         ] GC(1233) Age table with threshold 15 (max threshold 15)
[21.038s][trace][gc,age         ] GC(1233) - age   1:        192 bytes,        192 total
[21.038s][info ][gc,heap        ] GC(1233) DefNew: 139904K(157376K)->0K(157376K) Eden: 139904K(139904K)->0K(139904K) From: 0K(17472K)->0K(17472K)
[21.038s][info ][gc,heap        ] GC(1233) Tenured: 3959K(349568K)->3959K(349568K)
[21.038s][info ][gc,metaspace   ] GC(1233) Metaspace: 9888K(10176K)->9888K(10176K) NonClass: 8754K(8896K)->8754K(8896K) Class: 1134K(1280K)->1134K(1280K)
[21.038s][info ][gc             ] GC(1233) Pause Young (Allocation Failure) 140M->3M(495M) 0.156ms
[21.038s][info ][gc,cpu         ] GC(1233) User=0.00s Sys=0.00s Real=0.00s
[21.048s][info ][gc,start       ] GC(1234) Pause Young (Allocation Failure)
[21.048s][debug][gc,age         ] GC(1234) Desired survivor size 8945664 bytes, new threshold 15 (max threshold 15)
[21.048s][trace][gc,age         ] GC(1234) Age table with threshold 15 (max threshold 15)
[21.048s][trace][gc,age         ] GC(1234) - age   1:        192 bytes,        192 total
[21.048s][info ][gc,heap        ] GC(1234) DefNew: 139904K(157376K)->0K(157376K) Eden: 139904K(139904K)->0K(139904K) From: 0K(17472K)->0K(17472K)
[21.048s][info ][gc,heap        ] GC(1234) Tenured: 3959K(349568K)->3959K(349568K)
[21.048s][info ][gc,metaspace   ] GC(1234) Metaspace: 9888K(10176K)->9888K(10176K) NonClass: 8754K(8896K)->8754K(8896K) Class: 1134K(1280K)->1134K(1280K)
[21.048s][info ][gc             ] GC(1234) Pause Young (Allocation Failure) 140M->3M(495M) 0.159ms
[21.048s][info ][gc,cpu         ] GC(1234) User=0.00s Sys=0.00s Real=0.00s
[21.058s][info ][gc,start       ] GC(1235) Pause Young (Allocation Failure)
[21.058s][debug][gc,age         ] GC(1235) Desired survivor size 8945664 bytes, new threshold 15 (max threshold 15)
[21.058s][trace][gc,age         ] GC(1235) Age table with threshold 15 (max threshold 15)
[21.058s][trace][gc,age         ] GC(1235) - age   1:        192 bytes,        192 total
[21.058s][info ][gc,heap        ] GC(1235) DefNew: 139904K(157376K)->0K(157376K) Eden: 139904K(139904K)->0K(139904K) From: 0K(17472K)->0K(17472K)
[21.058s][info ][gc,heap        ] GC(1235) Tenured: 3959K(349568K)->3959K(349568K)
[21.058s][info ][gc,metaspace   ] GC(1235) Metaspace: 9888K(10176K)->9888K(10176K) NonClass: 8754K(8896K)->8754K(8896K) Class: 1134K(1280K)->1134K(1280K)
[21.058s][info ][gc             ] GC(1235) Pause Young (Allocation Failure) 140M->3M(495M) 0.155ms
[21.058s][info ][gc,cpu         ] GC(1235) User=0.00s Sys=0.00s Real=0.00s
[21.068s][info ][gc,start       ] GC(1236) Pause Young (Allocation Failure)
[21.068s][debug][gc,age         ] GC(1236) Desired survivor size 8945664 bytes, new threshold 15 (max threshold 15)
[21.068s][trace][gc,age         ] GC(1236) Age table with threshold 15 (max threshold 15)
[21.068s][trace][gc,age         ] GC(1236) - age   1:        192 bytes,        192 total
[21.068s][info ][gc,heap        ] GC(1236) DefNew: 139904K(157376K)->0K(157376K) Eden: 139904K(139904K)->0K(139904K) From: 0K(17472K)->0K(17472K)
[21.068s][info ][gc,heap        ] GC(1236) Tenured: 3959K(349568K)->3959K(349568K)
[21.068s][info ][gc,metaspace   ] GC(1236) Metaspace: 9888K(10176K)->9888K(10176K) NonClass: 8754K(8896K)->8754K(8896K) Class: 1134K(1280K)->1134K(1280K)
[21.068s][info ][gc             ] GC(1236) Pause Young (Allocation Failure) 140M->3M(495M) 0.151ms
[21.068s][info ][gc,cpu         ] GC(1236) User=0.00s Sys=0.00s Real=0.00s
[21.078s][info ][gc,start       ] GC(1237) Pause Young (Allocation Failure)
[21.078s][debug][gc,age         ] GC(1237) Desired survivor size 8945664 bytes, new threshold 15 (max threshold 15)
[21.078s][trace][gc,age         ] GC(1237) Age table with threshold 15 (max threshold 15)
[21.078s][trace][gc,age         ] GC(1237) - age   1:        192 bytes,        192 total
[21.078s][info ][gc,heap        ] GC(1237) DefNew: 139904K(157376K)->0K(157376K) Eden: 139904K(139904K)->0K(139904K) From: 0K(17472K)->0K(17472K)
[21.078s][info ][gc,heap        ] GC(1237) Tenured: 3959K(349568K)->3959K(349568K)
[21.078s][info ][gc,metaspace   ] GC(1237) Metaspace: 9888K(10176K)->9888K(10176K) NonClass: 8754K(8896K)->8754K(8896K) Class: 1134K(1280K)->1134K(1280K)
[21.078s][info ][gc             ] GC(1237) Pause Young (Allocation Failure) 140M->3M(495M) 0.153ms
[21.078s][info ][gc,cpu         ] GC(1237) User=0.00s Sys=0.00s Real=0.00s
[21.088s][info ][gc,start       ] GC(1238) Pause Young (Allocation Failure)
[21.089s][debug][gc,age         ] GC(1238) Desired survivor size 8945664 bytes, new threshold 15 (max threshold 15)
[21.089s][trace][gc,age         ] GC(1238) Age table with threshold 15 (max threshold 15)
[21.089s][trace][gc,age         ] GC(1238) - age   1:        192 bytes,        192 total
[21.089s][info ][gc,heap        ] GC(1238) DefNew: 139904K(157376K)->0K(157376K) Eden: 139904K(139904K)->0K(139904K) From: 0K(17472K)->0K(17472K)
[21.089s][info ][gc,heap        ] GC(1238) Tenured: 3959K(349568K)->3959K(349568K)
[21.089s][info ][gc,metaspace   ] GC(1238) Metaspace: 9888K(10176K)->9888K(10176K) NonClass: 8754K(8896K)->8754K(8896K) Class: 1134K(1280K)->1134K(1280K)
[21.089s][info ][gc             ] GC(1238) Pause Young (Allocation Failure) 140M->3M(495M) 0.156ms
[21.089s][info ][gc,cpu         ] GC(1238) User=0.00s Sys=0.00s Real=0.00s
[21.099s][info ][gc,start       ] GC(1239) Pause Young (Allocation Failure)
[21.099s][debug][gc,age         ] GC(1239) Desired survivor size 8945664 bytes, new threshold 15 (max threshold 15)
[21.099s][trace][gc,age         ] GC(1239) Age table with threshold 15 (max threshold 15)
[21.099s][trace][gc,age         ] GC(1239) - age   1:        192 bytes,        192 total
[21.099s][info ][gc,heap        ] GC(1239) DefNew: 139904K(157376K)->0K(157376K) Eden: 139904K(139904K)->0K(139904K) From: 0K(17472K)->0K(17472K)
[21.099s][info ][gc,heap        ] GC(1239) Tenured: 3959K(349568K)->3959K(349568K)
[21.099s][info ][gc,metaspace   ] GC(1239) Metaspace: 9888K(10176K)->9888K(10176K) NonClass: 8754K(8896K)->8754K(8896K) Class: 1134K(1280K)->1134K(1280K)
[21.099s][info ][gc             ] GC(1239) Pause Young (Allocation Failure) 140M->3M(495M) 0.153ms
[21.099s][info ][gc,cpu         ] GC(1239) User=0.00s Sys=0.00s Real=0.00s
[21.109s][info ][gc,start       ] GC(1240) Pause Young (Allocation Failure)
[21.109s][debug][gc,age         ] GC(1240) Desired survivor size 8945664 bytes, new threshold 15 (max threshold 15)
[21.109s][trace][gc,age         ] GC(1240) Age table with threshold 15 (max threshold 15)
[21.109s][trace][gc,age         ] GC(1240) - age   1:        192 bytes,        192 total
[21.109s][info ][gc,heap        ] GC(1240) DefNew: 139904K(157376K)->0K(157376K) Eden: 139904K(139904K)->0K(139904K) From: 0K(17472K)->0K(17472K)
[21.109s][info ][gc,heap        ] GC(1240) Tenured: 3959K(349568K)->3959K(349568K)
[21.109s][info ][gc,metaspace   ] GC(1240) Metaspace: 9888K(10176K)->9888K(10176K) NonClass: 8754K(8896K)->8754K(8896K) Class: 1134K(1280K)->1134K(1280K)
[21.109s][info ][gc             ] GC(1240) Pause Young (Allocation Failure) 140M->3M(495M) 0.154ms
[21.109s][info ][gc,cpu         ] GC(1240) User=0.00s Sys=0.00s Real=0.00s
[21.119s][info ][gc,start       ] GC(1241) Pause Young (Allocation Failure)
[21.119s][debug][gc,age         ] GC(1241) Desired survivor size 8945664 bytes, new threshold 15 (max threshold 15)
[21.119s][trace][gc,age         ] GC(1241) Age table with threshold 15 (max threshold 15)
[21.119s][trace][gc,age         ] GC(1241) - age   1:        192 bytes,        192 total
[21.119s][info ][gc,heap        ] GC(1241) DefNew: 139904K(157376K)->0K(157376K) Eden: 139904K(139904K)->0K(139904K) From: 0K(17472K)->0K(17472K)
[21.119s][info ][gc,heap        ] GC(1241) Tenured: 3959K(349568K)->3959K(349568K)
[21.119s][info ][gc,metaspace   ] GC(1241) Metaspace: 9888K(10176K)->9888K(10176K) NonClass: 8754K(8896K)->8754K(8896K) Class: 1134K(1280K)->1134K(1280K)
[21.119s][info ][gc             ] GC(1241) Pause Young (Allocation Failure) 140M->3M(495M) 0.152ms
[21.119s][info ][gc,cpu         ] GC(1241) User=0.00s Sys=0.00s Real=0.00s
[21.129s][info ][gc,start       ] GC(1242) Pause Young (Allocation Failure)
[21.129s][debug][gc,age         ] GC(1242) Desired survivor size 8945664 bytes, new threshold 15 (max threshold 15)
[21.129s][trace][gc,age         ] GC(1242) Age table with threshold 15 (max threshold 15)
[21.129s][trace][gc,age         ] GC(1242) - age   1:        192 bytes,        192 total
[21.129s][info ][gc,heap        ] GC(1242) DefNew: 139904K(157376K)->0K(157376K) Eden: 139904K(139904K)->0K(139904K) From: 0K(17472K)->0K(17472K)
[21.129s][info ][gc,heap        ] GC(1242) Tenured: 3959K(349568K)->3959K(349568K)
[21.129s][info ][gc,metaspace   ] GC(1242) Metaspace: 9888K(10176K)->9888K(10176K) NonClass: 8754K(8896K)->8754K(8896K) Class: 1134K(1280K)->1134K(1280K)
[21.129s][info ][gc             ] GC(1242) Pause Young (Allocation Failure) 140M->3M(495M) 0.156ms
[21.129s][info ][gc,cpu         ] GC(1242) User=0.00s Sys=0.00s Real=0.00s
[21.140s][info ][gc,start       ] GC(1243) Pause Young (Allocation Failure)
[21.140s][debug][gc,age         ] GC(1243) Desired survivor size 8945664 bytes, new threshold 15 (max threshold 15)
[21.140s][trace][gc,age         ] GC(1243) Age table with threshold 15 (max threshold 15)
[21.140s][trace][gc,age         ] GC(1243) - age   1:        192 bytes,        192 total
[21.140s][info ][gc,heap        ] GC(1243) DefNew: 139904K(157376K)->0K(157376K) Eden: 139904K(139904K)->0K(139904K) From: 0K(17472K)->0K(17472K)
[21.140s][info ][gc,heap        ] GC(1243) Tenured: 3959K(349568K)->3959K(349568K)
[21.140s][info ][gc,metaspace   ] GC(1243) Metaspace: 9888K(10176K)->9888K(10176K) NonClass: 8754K(8896K)->8754K(8896K) Class: 1134K(1280K)->1134K(1280K)
[21.140s][info ][gc             ] GC(1243) Pause Young (Allocation Failure) 140M->3M(495M) 0.149ms
[21.140s][info ][gc,cpu         ] GC(1243) User=0.00s Sys=0.00s Real=0.00s
[21.150s][info ][gc,start       ] GC(1244) Pause Young (Allocation Failure)
[21.150s][debug][gc,age         ] GC(1244) Desired survivor size 8945664 bytes, new threshold 15 (max threshold 15)
[21.150s][trace][gc,age         ] GC(1244) Age table with threshold 15 (max threshold 15)
[21.150s][trace][gc,age         ] GC(1244) - age   1:        192 bytes,        192 total
[21.150s][info ][gc,heap        ] GC(1244) DefNew: 139904K(157376K)->0K(157376K) Eden: 139904K(139904K)->0K(139904K) From: 0K(17472K)->0K(17472K)
[21.150s][info ][gc,heap        ] GC(1244) Tenured: 3959K(349568K)->3959K(349568K)
[21.150s][info ][gc,metaspace   ] GC(1244) Metaspace: 9888K(10176K)->9888K(10176K) NonClass: 8754K(8896K)->8754K(8896K) Class: 1134K(1280K)->1134K(1280K)
[21.150s][info ][gc             ] GC(1244) Pause Young (Allocation Failure) 140M->3M(495M) 0.158ms
[21.150s][info ][gc,cpu         ] GC(1244) User=0.00s Sys=0.00s Real=0.00s
[21.160s][info ][gc,start       ] GC(1245) Pause Young (Allocation Failure)
[21.160s][debug][gc,age         ] GC(1245) Desired survivor size 8945664 bytes, new threshold 15 (max threshold 15)
[21.160s][trace][gc,age         ] GC(1245) Age table with threshold 15 (max threshold 15)
[21.160s][trace][gc,age         ] GC(1245) - age   1:        192 bytes,        192 total
[21.160s][info ][gc,heap        ] GC(1245) DefNew: 139904K(157376K)->0K(157376K) Eden: 139904K(139904K)->0K(139904K) From: 0K(17472K)->0K(17472K)
[21.160s][info ][gc,heap        ] GC(1245) Tenured: 3959K(349568K)->3959K(349568K)
[21.160s][info ][gc,metaspace   ] GC(1245) Metaspace: 9888K(10176K)->9888K(10176K) NonClass: 8754K(8896K)->8754K(8896K) Class: 1134K(1280K)->1134K(1280K)
[21.160s][info ][gc             ] GC(1245) Pause Young (Allocation Failure) 140M->3M(495M) 0.160ms
[21.160s][info ][gc,cpu         ] GC(1245) User=0.00s Sys=0.00s Real=0.01s
[21.170s][info ][gc,start       ] GC(1246) Pause Young (Allocation Failure)
[21.170s][debug][gc,age         ] GC(1246) Desired survivor size 8945664 bytes, new threshold 15 (max threshold 15)
[21.170s][trace][gc,age         ] GC(1246) Age table with threshold 15 (max threshold 15)
[21.170s][trace][gc,age         ] GC(1246) - age   1:        192 bytes,        192 total
[21.170s][info ][gc,heap        ] GC(1246) DefNew: 139904K(157376K)->0K(157376K) Eden: 139904K(139904K)->0K(139904K) From: 0K(17472K)->0K(17472K)
[21.170s][info ][gc,heap        ] GC(1246) Tenured: 3959K(349568K)->3959K(349568K)
[21.170s][info ][gc,metaspace   ] GC(1246) Metaspace: 9888K(10176K)->9888K(10176K) NonClass: 8754K(8896K)->8754K(8896K) Class: 1134K(1280K)->1134K(1280K)
[21.170s][info ][gc             ] GC(1246) Pause Young (Allocation Failure) 140M->3M(495M) 0.153ms
[21.170s][info ][gc,cpu         ] GC(1246) User=0.01s Sys=0.00s Real=0.00s
[21.180s][info ][gc,start       ] GC(1247) Pause Young (Allocation Failure)
[21.180s][debug][gc,age         ] GC(1247) Desired survivor size 8945664 bytes, new threshold 15 (max threshold 15)
[21.180s][trace][gc,age         ] GC(1247) Age table with threshold 15 (max threshold 15)
[21.180s][trace][gc,age         ] GC(1247) - age   1:        192 bytes,        192 total
[21.180s][info ][gc,heap        ] GC(1247) DefNew: 139904K(157376K)->0K(157376K) Eden: 139904K(139904K)->0K(139904K) From: 0K(17472K)->0K(17472K)
[21.180s][info ][gc,heap        ] GC(1247) Tenured: 3959K(349568K)->3959K(349568K)
[21.180s][info ][gc,metaspace   ] GC(1247) Metaspace: 9888K(10176K)->9888K(10176K) NonClass: 8754K(8896K)->8754K(8896K) Class: 1134K(1280K)->1134K(1280K)
[21.181s][info ][gc             ] GC(1247) Pause Young (Allocation Failure) 140M->3M(495M) 0.151ms
[21.181s][info ][gc,cpu         ] GC(1247) User=0.00s Sys=0.00s Real=0.00s
[21.191s][info ][gc,start       ] GC(1248) Pause Young (Allocation Failure)
[21.191s][debug][gc,age         ] GC(1248) Desired survivor size 8945664 bytes, new threshold 15 (max threshold 15)
[21.191s][trace][gc,age         ] GC(1248) Age table with threshold 15 (max threshold 15)
[21.191s][trace][gc,age         ] GC(1248) - age   1:        192 bytes,        192 total
[21.191s][info ][gc,heap        ] GC(1248) DefNew: 139904K(157376K)->0K(157376K) Eden: 139904K(139904K)->0K(139904K) From: 0K(17472K)->0K(17472K)
[21.191s][info ][gc,heap        ] GC(1248) Tenured: 3959K(349568K)->3959K(349568K)
[21.191s][info ][gc,metaspace   ] GC(1248) Metaspace: 9888K(10176K)->9888K(10176K) NonClass: 8754K(8896K)->8754K(8896K) Class: 1134K(1280K)->1134K(1280K)
[21.191s][info ][gc             ] GC(1248) Pause Young (Allocation Failure) 140M->3M(495M) 0.158ms
[21.191s][info ][gc,cpu         ] GC(1248) User=0.00s Sys=0.00s Real=0.00s
[21.201s][info ][gc,start       ] GC(1249) Pause Young (Allocation Failure)
[21.201s][debug][gc,age         ] GC(1249) Desired survivor size 8945664 bytes, new threshold 15 (max threshold 15)
[21.201s][trace][gc,age         ] GC(1249) Age table with threshold 15 (max threshold 15)
[21.201s][trace][gc,age         ] GC(1249) - age   1:        192 bytes,        192 total
[21.201s][info ][gc,heap        ] GC(1249) DefNew: 139904K(157376K)->0K(157376K) Eden: 139904K(139904K)->0K(139904K) From: 0K(17472K)->0K(17472K)
[21.201s][info ][gc,heap        ] GC(1249) Tenured: 3959K(349568K)->3959K(349568K)
[21.201s][info ][gc,metaspace   ] GC(1249) Metaspace: 9888K(10176K)->9888K(10176K) NonClass: 8754K(8896K)->8754K(8896K) Class: 1134K(1280K)->1134K(1280K)
[21.201s][info ][gc             ] GC(1249) Pause Young (Allocation Failure) 140M->3M(495M) 0.150ms
[21.201s][info ][gc,cpu         ] GC(1249) User=0.00s Sys=0.00s Real=0.00s
[21.211s][info ][gc,start       ] GC(1250) Pause Young (Allocation Failure)
[21.211s][debug][gc,age         ] GC(1250) Desired survivor size 8945664 bytes, new threshold 15 (max threshold 15)
[21.211s][trace][gc,age         ] GC(1250) Age table with threshold 15 (max threshold 15)
[21.211s][trace][gc,age         ] GC(1250) - age   1:        192 bytes,        192 total
[21.211s][info ][gc,heap        ] GC(1250) DefNew: 139904K(157376K)->0K(157376K) Eden: 139904K(139904K)->0K(139904K) From: 0K(17472K)->0K(17472K)
[21.211s][info ][gc,heap        ] GC(1250) Tenured: 3959K(349568K)->3959K(349568K)
[21.211s][info ][gc,metaspace   ] GC(1250) Metaspace: 9888K(10176K)->9888K(10176K) NonClass: 8754K(8896K)->8754K(8896K) Class: 1134K(1280K)->1134K(1280K)
[21.211s][info ][gc             ] GC(1250) Pause Young (Allocation Failure) 140M->3M(495M) 0.158ms
[21.211s][info ][gc,cpu         ] GC(1250) User=0.00s Sys=0.00s Real=0.00s
[21.221s][info ][gc,start       ] GC(1251) Pause Young (Allocation Failure)
[21.221s][debug][gc,age         ] GC(1251) Desired survivor size 8945664 bytes, new threshold 15 (max threshold 15)
[21.221s][trace][gc,age         ] GC(1251) Age table with threshold 15 (max threshold 15)
[21.221s][trace][gc,age         ] GC(1251) - age   1:        192 bytes,        192 total
[21.221s][info ][gc,heap        ] GC(1251) DefNew: 139904K(157376K)->0K(157376K) Eden: 139904K(139904K)->0K(139904K) From: 0K(17472K)->0K(17472K)
[21.221s][info ][gc,heap        ] GC(1251) Tenured: 3959K(349568K)->3959K(349568K)
[21.221s][info ][gc,metaspace   ] GC(1251) Metaspace: 9888K(10176K)->9888K(10176K) NonClass: 8754K(8896K)->8754K(8896K) Class: 1134K(1280K)->1134K(1280K)
[21.221s][info ][gc             ] GC(1251) Pause Young (Allocation Failure) 140M->3M(495M) 0.153ms
[21.221s][info ][gc,cpu         ] GC(1251) User=0.00s Sys=0.00s Real=0.00s
[21.231s][info ][gc,start       ] GC(1252) Pause Young (Allocation Failure)
[21.232s][debug][gc,age         ] GC(1252) Desired survivor size 8945664 bytes, new threshold 15 (max threshold 15)
[21.232s][trace][gc,age         ] GC(1252) Age table with threshold 15 (max threshold 15)
[21.232s][trace][gc,age         ] GC(1252) - age   1:        192 bytes,        192 total
[21.232s][info ][gc,heap        ] GC(1252) DefNew: 139904K(157376K)->0K(157376K) Eden: 139904K(139904K)->0K(139904K) From: 0K(17472K)->0K(17472K)
[21.232s][info ][gc,heap        ] GC(1252) Tenured: 3959K(349568K)->3959K(349568K)
[21.232s][info ][gc,metaspace   ] GC(1252) Metaspace: 9888K(10176K)->9888K(10176K) NonClass: 8754K(8896K)->8754K(8896K) Class: 1134K(1280K)->1134K(1280K)
[21.232s][info ][gc             ] GC(1252) Pause Young (Allocation Failure) 140M->3M(495M) 0.150ms
[21.232s][info ][gc,cpu         ] GC(1252) User=0.00s Sys=0.00s Real=0.00s
[21.242s][info ][gc,start       ] GC(1253) Pause Young (Allocation Failure)
[21.242s][debug][gc,age         ] GC(1253) Desired survivor size 8945664 bytes, new threshold 15 (max threshold 15)
[21.242s][trace][gc,age         ] GC(1253) Age table with threshold 15 (max threshold 15)
[21.242s][trace][gc,age         ] GC(1253) - age   1:        192 bytes,        192 total
[21.242s][info ][gc,heap        ] GC(1253) DefNew: 139904K(157376K)->0K(157376K) Eden: 139904K(139904K)->0K(139904K) From: 0K(17472K)->0K(17472K)
[21.242s][info ][gc,heap        ] GC(1253) Tenured: 3959K(349568K)->3959K(349568K)
[21.242s][info ][gc,metaspace   ] GC(1253) Metaspace: 9888K(10176K)->9888K(10176K) NonClass: 8754K(8896K)->8754K(8896K) Class: 1134K(1280K)->1134K(1280K)
[21.242s][info ][gc             ] GC(1253) Pause Young (Allocation Failure) 140M->3M(495M) 0.152ms
[21.242s][info ][gc,cpu         ] GC(1253) User=0.00s Sys=0.00s Real=0.00s
[21.252s][info ][gc,start       ] GC(1254) Pause Young (Allocation Failure)
[21.252s][debug][gc,age         ] GC(1254) Desired survivor size 8945664 bytes, new threshold 15 (max threshold 15)
[21.252s][trace][gc,age         ] GC(1254) Age table with threshold 15 (max threshold 15)
[21.252s][trace][gc,age         ] GC(1254) - age   1:        192 bytes,        192 total
[21.252s][info ][gc,heap        ] GC(1254) DefNew: 139904K(157376K)->0K(157376K) Eden: 139904K(139904K)->0K(139904K) From: 0K(17472K)->0K(17472K)
[21.252s][info ][gc,heap        ] GC(1254) Tenured: 3959K(349568K)->3959K(349568K)
[21.252s][info ][gc,metaspace   ] GC(1254) Metaspace: 9888K(10176K)->9888K(10176K) NonClass: 8754K(8896K)->8754K(8896K) Class: 1134K(1280K)->1134K(1280K)
[21.252s][info ][gc             ] GC(1254) Pause Young (Allocation Failure) 140M->3M(495M) 0.153ms
[21.252s][info ][gc,cpu         ] GC(1254) User=0.00s Sys=0.00s Real=0.00s
[21.262s][info ][gc,start       ] GC(1255) Pause Young (Allocation Failure)
[21.262s][debug][gc,age         ] GC(1255) Desired survivor size 8945664 bytes, new threshold 15 (max threshold 15)
[21.262s][trace][gc,age         ] GC(1255) Age table with threshold 15 (max threshold 15)
[21.262s][trace][gc,age         ] GC(1255) - age   1:        192 bytes,        192 total
[21.262s][info ][gc,heap        ] GC(1255) DefNew: 139904K(157376K)->0K(157376K) Eden: 139904K(139904K)->0K(139904K) From: 0K(17472K)->0K(17472K)
[21.262s][info ][gc,heap        ] GC(1255) Tenured: 3959K(349568K)->3959K(349568K)
[21.262s][info ][gc,metaspace   ] GC(1255) Metaspace: 9888K(10176K)->9888K(10176K) NonClass: 8754K(8896K)->8754K(8896K) Class: 1134K(1280K)->1134K(1280K)
[21.262s][info ][gc             ] GC(1255) Pause Young (Allocation Failure) 140M->3M(495M) 0.159ms
[21.262s][info ][gc,cpu         ] GC(1255) User=0.00s Sys=0.00s Real=0.00s
[21.272s][info ][gc,start       ] GC(1256) Pause Young (Allocation Failure)
[21.272s][debug][gc,age         ] GC(1256) Desired survivor size 8945664 bytes, new threshold 15 (max threshold 15)
[21.272s][trace][gc,age         ] GC(1256) Age table with threshold 15 (max threshold 15)
[21.272s][trace][gc,age         ] GC(1256) - age   1:        192 bytes,        192 total
[21.272s][info ][gc,heap        ] GC(1256) DefNew: 139904K(157376K)->0K(157376K) Eden: 139904K(139904K)->0K(139904K) From: 0K(17472K)->0K(17472K)
[21.272s][info ][gc,heap        ] GC(1256) Tenured: 3959K(349568K)->3959K(349568K)
[21.272s][info ][gc,metaspace   ] GC(1256) Metaspace: 9888K(10176K)->9888K(10176K) NonClass: 8754K(8896K)->8754K(8896K) Class: 1134K(1280K)->1134K(1280K)
[21.272s][info ][gc             ] GC(1256) Pause Young (Allocation Failure) 140M->3M(495M) 0.157ms
[21.272s][info ][gc,cpu         ] GC(1256) User=0.00s Sys=0.00s Real=0.00s
[21.283s][info ][gc,start       ] GC(1257) Pause Young (Allocation Failure)
[21.283s][debug][gc,age         ] GC(1257) Desired survivor size 8945664 bytes, new threshold 15 (max threshold 15)
[21.283s][trace][gc,age         ] GC(1257) Age table with threshold 15 (max threshold 15)
[21.283s][trace][gc,age         ] GC(1257) - age   1:        192 bytes,        192 total
[21.283s][info ][gc,heap        ] GC(1257) DefNew: 139904K(157376K)->0K(157376K) Eden: 139904K(139904K)->0K(139904K) From: 0K(17472K)->0K(17472K)
[21.283s][info ][gc,heap        ] GC(1257) Tenured: 3959K(349568K)->3959K(349568K)
[21.283s][info ][gc,metaspace   ] GC(1257) Metaspace: 9888K(10176K)->9888K(10176K) NonClass: 8754K(8896K)->8754K(8896K) Class: 1134K(1280K)->1134K(1280K)
[21.283s][info ][gc             ] GC(1257) Pause Young (Allocation Failure) 140M->3M(495M) 0.162ms
[21.283s][info ][gc,cpu         ] GC(1257) User=0.00s Sys=0.00s Real=0.00s
[21.293s][info ][gc,start       ] GC(1258) Pause Young (Allocation Failure)
[21.293s][debug][gc,age         ] GC(1258) Desired survivor size 8945664 bytes, new threshold 15 (max threshold 15)
[21.293s][trace][gc,age         ] GC(1258) Age table with threshold 15 (max threshold 15)
[21.293s][trace][gc,age         ] GC(1258) - age   1:        192 bytes,        192 total
[21.293s][info ][gc,heap        ] GC(1258) DefNew: 139904K(157376K)->0K(157376K) Eden: 139904K(139904K)->0K(139904K) From: 0K(17472K)->0K(17472K)
[21.293s][info ][gc,heap        ] GC(1258) Tenured: 3959K(349568K)->3959K(349568K)
[21.293s][info ][gc,metaspace   ] GC(1258) Metaspace: 9888K(10176K)->9888K(10176K) NonClass: 8754K(8896K)->8754K(8896K) Class: 1134K(1280K)->1134K(1280K)
[21.293s][info ][gc             ] GC(1258) Pause Young (Allocation Failure) 140M->3M(495M) 0.157ms
[21.293s][info ][gc,cpu         ] GC(1258) User=0.00s Sys=0.00s Real=0.00s
[21.303s][info ][gc,start       ] GC(1259) Pause Young (Allocation Failure)
[21.303s][debug][gc,age         ] GC(1259) Desired survivor size 8945664 bytes, new threshold 15 (max threshold 15)
[21.303s][trace][gc,age         ] GC(1259) Age table with threshold 15 (max threshold 15)
[21.303s][trace][gc,age         ] GC(1259) - age   1:        192 bytes,        192 total
[21.303s][info ][gc,heap        ] GC(1259) DefNew: 139904K(157376K)->0K(157376K) Eden: 139904K(139904K)->0K(139904K) From: 0K(17472K)->0K(17472K)
[21.303s][info ][gc,heap        ] GC(1259) Tenured: 3959K(349568K)->3959K(349568K)
[21.303s][info ][gc,metaspace   ] GC(1259) Metaspace: 9888K(10176K)->9888K(10176K) NonClass: 8754K(8896K)->8754K(8896K) Class: 1134K(1280K)->1134K(1280K)
[21.303s][info ][gc             ] GC(1259) Pause Young (Allocation Failure) 140M->3M(495M) 0.153ms
[21.303s][info ][gc,cpu         ] GC(1259) User=0.00s Sys=0.00s Real=0.00s
[21.313s][info ][gc,start       ] GC(1260) Pause Young (Allocation Failure)
[21.313s][debug][gc,age         ] GC(1260) Desired survivor size 8945664 bytes, new threshold 15 (max threshold 15)
[21.313s][trace][gc,age         ] GC(1260) Age table with threshold 15 (max threshold 15)
[21.313s][trace][gc,age         ] GC(1260) - age   1:        192 bytes,        192 total
[21.313s][info ][gc,heap        ] GC(1260) DefNew: 139904K(157376K)->0K(157376K) Eden: 139904K(139904K)->0K(139904K) From: 0K(17472K)->0K(17472K)
[21.313s][info ][gc,heap        ] GC(1260) Tenured: 3959K(349568K)->3959K(349568K)
[21.313s][info ][gc,metaspace   ] GC(1260) Metaspace: 9888K(10176K)->9888K(10176K) NonClass: 8754K(8896K)->8754K(8896K) Class: 1134K(1280K)->1134K(1280K)
[21.313s][info ][gc             ] GC(1260) Pause Young (Allocation Failure) 140M->3M(495M) 0.156ms
[21.313s][info ][gc,cpu         ] GC(1260) User=0.00s Sys=0.00s Real=0.00s
[21.323s][info ][gc,start       ] GC(1261) Pause Young (Allocation Failure)
[21.324s][debug][gc,age         ] GC(1261) Desired survivor size 8945664 bytes, new threshold 15 (max threshold 15)
[21.324s][trace][gc,age         ] GC(1261) Age table with threshold 15 (max threshold 15)
[21.324s][trace][gc,age         ] GC(1261) - age   1:        192 bytes,        192 total
[21.324s][info ][gc,heap        ] GC(1261) DefNew: 139904K(157376K)->0K(157376K) Eden: 139904K(139904K)->0K(139904K) From: 0K(17472K)->0K(17472K)
[21.324s][info ][gc,heap        ] GC(1261) Tenured: 3959K(349568K)->3959K(349568K)
[21.324s][info ][gc,metaspace   ] GC(1261) Metaspace: 9888K(10176K)->9888K(10176K) NonClass: 8754K(8896K)->8754K(8896K) Class: 1134K(1280K)->1134K(1280K)
[21.324s][info ][gc             ] GC(1261) Pause Young (Allocation Failure) 140M->3M(495M) 0.153ms
[21.324s][info ][gc,cpu         ] GC(1261) User=0.00s Sys=0.00s Real=0.00s
[21.334s][info ][gc,start       ] GC(1262) Pause Young (Allocation Failure)
[21.334s][debug][gc,age         ] GC(1262) Desired survivor size 8945664 bytes, new threshold 15 (max threshold 15)
[21.334s][trace][gc,age         ] GC(1262) Age table with threshold 15 (max threshold 15)
[21.334s][trace][gc,age         ] GC(1262) - age   1:        192 bytes,        192 total
[21.334s][info ][gc,heap        ] GC(1262) DefNew: 139904K(157376K)->0K(157376K) Eden: 139904K(139904K)->0K(139904K) From: 0K(17472K)->0K(17472K)
[21.334s][info ][gc,heap        ] GC(1262) Tenured: 3959K(349568K)->3959K(349568K)
[21.334s][info ][gc,metaspace   ] GC(1262) Metaspace: 9888K(10176K)->9888K(10176K) NonClass: 8754K(8896K)->8754K(8896K) Class: 1134K(1280K)->1134K(1280K)
[21.334s][info ][gc             ] GC(1262) Pause Young (Allocation Failure) 140M->3M(495M) 0.158ms
[21.334s][info ][gc,cpu         ] GC(1262) User=0.00s Sys=0.00s Real=0.00s
[21.344s][info ][gc,start       ] GC(1263) Pause Young (Allocation Failure)
[21.344s][debug][gc,age         ] GC(1263) Desired survivor size 8945664 bytes, new threshold 15 (max threshold 15)
[21.344s][trace][gc,age         ] GC(1263) Age table with threshold 15 (max threshold 15)
[21.344s][trace][gc,age         ] GC(1263) - age   1:        192 bytes,        192 total
[21.344s][info ][gc,heap        ] GC(1263) DefNew: 139904K(157376K)->0K(157376K) Eden: 139904K(139904K)->0K(139904K) From: 0K(17472K)->0K(17472K)
[21.344s][info ][gc,heap        ] GC(1263) Tenured: 3959K(349568K)->3959K(349568K)
[21.344s][info ][gc,metaspace   ] GC(1263) Metaspace: 9888K(10176K)->9888K(10176K) NonClass: 8754K(8896K)->8754K(8896K) Class: 1134K(1280K)->1134K(1280K)
[21.344s][info ][gc             ] GC(1263) Pause Young (Allocation Failure) 140M->3M(495M) 0.154ms
[21.344s][info ][gc,cpu         ] GC(1263) User=0.00s Sys=0.00s Real=0.00s
[21.354s][info ][gc,start       ] GC(1264) Pause Young (Allocation Failure)
[21.354s][debug][gc,age         ] GC(1264) Desired survivor size 8945664 bytes, new threshold 15 (max threshold 15)
[21.354s][trace][gc,age         ] GC(1264) Age table with threshold 15 (max threshold 15)
[21.354s][trace][gc,age         ] GC(1264) - age   1:        192 bytes,        192 total
[21.354s][info ][gc,heap        ] GC(1264) DefNew: 139904K(157376K)->0K(157376K) Eden: 139904K(139904K)->0K(139904K) From: 0K(17472K)->0K(17472K)
[21.354s][info ][gc,heap        ] GC(1264) Tenured: 3959K(349568K)->3959K(349568K)
[21.354s][info ][gc,metaspace   ] GC(1264) Metaspace: 9888K(10176K)->9888K(10176K) NonClass: 8754K(8896K)->8754K(8896K) Class: 1134K(1280K)->1134K(1280K)
[21.354s][info ][gc             ] GC(1264) Pause Young (Allocation Failure) 140M->3M(495M) 0.157ms
[21.354s][info ][gc,cpu         ] GC(1264) User=0.00s Sys=0.00s Real=0.00s
[21.364s][info ][gc,start       ] GC(1265) Pause Young (Allocation Failure)
[21.364s][debug][gc,age         ] GC(1265) Desired survivor size 8945664 bytes, new threshold 15 (max threshold 15)
[21.364s][trace][gc,age         ] GC(1265) Age table with threshold 15 (max threshold 15)
[21.364s][trace][gc,age         ] GC(1265) - age   1:        192 bytes,        192 total
[21.364s][info ][gc,heap        ] GC(1265) DefNew: 139904K(157376K)->0K(157376K) Eden: 139904K(139904K)->0K(139904K) From: 0K(17472K)->0K(17472K)
[21.364s][info ][gc,heap        ] GC(1265) Tenured: 3959K(349568K)->3959K(349568K)
[21.364s][info ][gc,metaspace   ] GC(1265) Metaspace: 9888K(10176K)->9888K(10176K) NonClass: 8754K(8896K)->8754K(8896K) Class: 1134K(1280K)->1134K(1280K)
[21.364s][info ][gc             ] GC(1265) Pause Young (Allocation Failure) 140M->3M(495M) 0.157ms
[21.364s][info ][gc,cpu         ] GC(1265) User=0.00s Sys=0.00s Real=0.00s
[21.374s][info ][gc,start       ] GC(1266) Pause Young (Allocation Failure)
[21.375s][debug][gc,age         ] GC(1266) Desired survivor size 8945664 bytes, new threshold 15 (max threshold 15)
[21.375s][trace][gc,age         ] GC(1266) Age table with threshold 15 (max threshold 15)
[21.375s][trace][gc,age         ] GC(1266) - age   1:        192 bytes,        192 total
[21.375s][info ][gc,heap        ] GC(1266) DefNew: 139904K(157376K)->0K(157376K) Eden: 139904K(139904K)->0K(139904K) From: 0K(17472K)->0K(17472K)
[21.375s][info ][gc,heap        ] GC(1266) Tenured: 3959K(349568K)->3959K(349568K)
[21.375s][info ][gc,metaspace   ] GC(1266) Metaspace: 9888K(10176K)->9888K(10176K) NonClass: 8754K(8896K)->8754K(8896K) Class: 1134K(1280K)->1134K(1280K)
[21.375s][info ][gc             ] GC(1266) Pause Young (Allocation Failure) 140M->3M(495M) 0.151ms
[21.375s][info ][gc,cpu         ] GC(1266) User=0.00s Sys=0.00s Real=0.00s
[21.385s][info ][gc,start       ] GC(1267) Pause Young (Allocation Failure)
[21.385s][debug][gc,age         ] GC(1267) Desired survivor size 8945664 bytes, new threshold 15 (max threshold 15)
[21.385s][trace][gc,age         ] GC(1267) Age table with threshold 15 (max threshold 15)
[21.385s][trace][gc,age         ] GC(1267) - age   1:        192 bytes,        192 total
[21.385s][info ][gc,heap        ] GC(1267) DefNew: 139904K(157376K)->0K(157376K) Eden: 139904K(139904K)->0K(139904K) From: 0K(17472K)->0K(17472K)
[21.385s][info ][gc,heap        ] GC(1267) Tenured: 3959K(349568K)->3959K(349568K)
[21.385s][info ][gc,metaspace   ] GC(1267) Metaspace: 9888K(10176K)->9888K(10176K) NonClass: 8754K(8896K)->8754K(8896K) Class: 1134K(1280K)->1134K(1280K)
[21.385s][info ][gc             ] GC(1267) Pause Young (Allocation Failure) 140M->3M(495M) 0.153ms
[21.385s][info ][gc,cpu         ] GC(1267) User=0.00s Sys=0.00s Real=0.00s
[21.395s][info ][gc,start       ] GC(1268) Pause Young (Allocation Failure)
[21.395s][debug][gc,age         ] GC(1268) Desired survivor size 8945664 bytes, new threshold 15 (max threshold 15)
[21.395s][trace][gc,age         ] GC(1268) Age table with threshold 15 (max threshold 15)
[21.395s][trace][gc,age         ] GC(1268) - age   1:        192 bytes,        192 total
[21.395s][info ][gc,heap        ] GC(1268) DefNew: 139904K(157376K)->0K(157376K) Eden: 139904K(139904K)->0K(139904K) From: 0K(17472K)->0K(17472K)
[21.395s][info ][gc,heap        ] GC(1268) Tenured: 3959K(349568K)->3959K(349568K)
[21.395s][info ][gc,metaspace   ] GC(1268) Metaspace: 9888K(10176K)->9888K(10176K) NonClass: 8754K(8896K)->8754K(8896K) Class: 1134K(1280K)->1134K(1280K)
[21.395s][info ][gc             ] GC(1268) Pause Young (Allocation Failure) 140M->3M(495M) 0.151ms
[21.395s][info ][gc,cpu         ] GC(1268) User=0.00s Sys=0.00s Real=0.00s
[21.405s][info ][gc,start       ] GC(1269) Pause Young (Allocation Failure)
[21.405s][debug][gc,age         ] GC(1269) Desired survivor size 8945664 bytes, new threshold 15 (max threshold 15)
[21.405s][trace][gc,age         ] GC(1269) Age table with threshold 15 (max threshold 15)
[21.405s][trace][gc,age         ] GC(1269) - age   1:        192 bytes,        192 total
[21.405s][info ][gc,heap        ] GC(1269) DefNew: 139904K(157376K)->0K(157376K) Eden: 139904K(139904K)->0K(139904K) From: 0K(17472K)->0K(17472K)
[21.405s][info ][gc,heap        ] GC(1269) Tenured: 3959K(349568K)->3959K(349568K)
[21.405s][info ][gc,metaspace   ] GC(1269) Metaspace: 9888K(10176K)->9888K(10176K) NonClass: 8754K(8896K)->8754K(8896K) Class: 1134K(1280K)->1134K(1280K)
[21.405s][info ][gc             ] GC(1269) Pause Young (Allocation Failure) 140M->3M(495M) 0.150ms
[21.405s][info ][gc,cpu         ] GC(1269) User=0.00s Sys=0.00s Real=0.00s
[21.415s][info ][gc,start       ] GC(1270) Pause Young (Allocation Failure)
[21.415s][debug][gc,age         ] GC(1270) Desired survivor size 8945664 bytes, new threshold 15 (max threshold 15)
[21.415s][trace][gc,age         ] GC(1270) Age table with threshold 15 (max threshold 15)
[21.415s][trace][gc,age         ] GC(1270) - age   1:        192 bytes,        192 total
[21.415s][info ][gc,heap        ] GC(1270) DefNew: 139904K(157376K)->0K(157376K) Eden: 139904K(139904K)->0K(139904K) From: 0K(17472K)->0K(17472K)
[21.415s][info ][gc,heap        ] GC(1270) Tenured: 3959K(349568K)->3959K(349568K)
[21.415s][info ][gc,metaspace   ] GC(1270) Metaspace: 9888K(10176K)->9888K(10176K) NonClass: 8754K(8896K)->8754K(8896K) Class: 1134K(1280K)->1134K(1280K)
[21.415s][info ][gc             ] GC(1270) Pause Young (Allocation Failure) 140M->3M(495M) 0.150ms
[21.415s][info ][gc,cpu         ] GC(1270) User=0.00s Sys=0.00s Real=0.00s
[21.426s][info ][gc,start       ] GC(1271) Pause Young (Allocation Failure)
[21.426s][debug][gc,age         ] GC(1271) Desired survivor size 8945664 bytes, new threshold 15 (max threshold 15)
[21.426s][trace][gc,age         ] GC(1271) Age table with threshold 15 (max threshold 15)
[21.426s][trace][gc,age         ] GC(1271) - age   1:        192 bytes,        192 total
[21.426s][info ][gc,heap        ] GC(1271) DefNew: 139904K(157376K)->0K(157376K) Eden: 139904K(139904K)->0K(139904K) From: 0K(17472K)->0K(17472K)
[21.426s][info ][gc,heap        ] GC(1271) Tenured: 3959K(349568K)->3959K(349568K)
[21.426s][info ][gc,metaspace   ] GC(1271) Metaspace: 9888K(10176K)->9888K(10176K) NonClass: 8754K(8896K)->8754K(8896K) Class: 1134K(1280K)->1134K(1280K)
[21.426s][info ][gc             ] GC(1271) Pause Young (Allocation Failure) 140M->3M(495M) 0.148ms
[21.426s][info ][gc,cpu         ] GC(1271) User=0.00s Sys=0.00s Real=0.00s
[21.436s][info ][gc,start       ] GC(1272) Pause Young (Allocation Failure)
[21.436s][debug][gc,age         ] GC(1272) Desired survivor size 8945664 bytes, new threshold 15 (max threshold 15)
[21.436s][trace][gc,age         ] GC(1272) Age table with threshold 15 (max threshold 15)
[21.436s][trace][gc,age         ] GC(1272) - age   1:        192 bytes,        192 total
[21.436s][info ][gc,heap        ] GC(1272) DefNew: 139904K(157376K)->0K(157376K) Eden: 139904K(139904K)->0K(139904K) From: 0K(17472K)->0K(17472K)
[21.436s][info ][gc,heap        ] GC(1272) Tenured: 3959K(349568K)->3959K(349568K)
[21.436s][info ][gc,metaspace   ] GC(1272) Metaspace: 9888K(10176K)->9888K(10176K) NonClass: 8754K(8896K)->8754K(8896K) Class: 1134K(1280K)->1134K(1280K)
[21.436s][info ][gc             ] GC(1272) Pause Young (Allocation Failure) 140M->3M(495M) 0.154ms
[21.436s][info ][gc,cpu         ] GC(1272) User=0.00s Sys=0.00s Real=0.00s
[21.446s][info ][gc,start       ] GC(1273) Pause Young (Allocation Failure)
[21.446s][debug][gc,age         ] GC(1273) Desired survivor size 8945664 bytes, new threshold 15 (max threshold 15)
[21.446s][trace][gc,age         ] GC(1273) Age table with threshold 15 (max threshold 15)
[21.446s][trace][gc,age         ] GC(1273) - age   1:        192 bytes,        192 total
[21.446s][info ][gc,heap        ] GC(1273) DefNew: 139904K(157376K)->0K(157376K) Eden: 139904K(139904K)->0K(139904K) From: 0K(17472K)->0K(17472K)
[21.446s][info ][gc,heap        ] GC(1273) Tenured: 3959K(349568K)->3959K(349568K)
[21.446s][info ][gc,metaspace   ] GC(1273) Metaspace: 9888K(10176K)->9888K(10176K) NonClass: 8754K(8896K)->8754K(8896K) Class: 1134K(1280K)->1134K(1280K)
[21.446s][info ][gc             ] GC(1273) Pause Young (Allocation Failure) 140M->3M(495M) 0.151ms
[21.446s][info ][gc,cpu         ] GC(1273) User=0.00s Sys=0.00s Real=0.00s
[21.456s][info ][gc,start       ] GC(1274) Pause Young (Allocation Failure)
[21.456s][debug][gc,age         ] GC(1274) Desired survivor size 8945664 bytes, new threshold 15 (max threshold 15)
[21.456s][trace][gc,age         ] GC(1274) Age table with threshold 15 (max threshold 15)
[21.456s][trace][gc,age         ] GC(1274) - age   1:        192 bytes,        192 total
[21.456s][info ][gc,heap        ] GC(1274) DefNew: 139904K(157376K)->0K(157376K) Eden: 139904K(139904K)->0K(139904K) From: 0K(17472K)->0K(17472K)
[21.456s][info ][gc,heap        ] GC(1274) Tenured: 3959K(349568K)->3959K(349568K)
[21.456s][info ][gc,metaspace   ] GC(1274) Metaspace: 9888K(10176K)->9888K(10176K) NonClass: 8754K(8896K)->8754K(8896K) Class: 1134K(1280K)->1134K(1280K)
[21.456s][info ][gc             ] GC(1274) Pause Young (Allocation Failure) 140M->3M(495M) 0.150ms
[21.456s][info ][gc,cpu         ] GC(1274) User=0.00s Sys=0.00s Real=0.00s
[21.466s][info ][gc,start       ] GC(1275) Pause Young (Allocation Failure)
[21.466s][debug][gc,age         ] GC(1275) Desired survivor size 8945664 bytes, new threshold 15 (max threshold 15)
[21.466s][trace][gc,age         ] GC(1275) Age table with threshold 15 (max threshold 15)
[21.466s][trace][gc,age         ] GC(1275) - age   1:        192 bytes,        192 total
[21.466s][info ][gc,heap        ] GC(1275) DefNew: 139904K(157376K)->0K(157376K) Eden: 139904K(139904K)->0K(139904K) From: 0K(17472K)->0K(17472K)
[21.466s][info ][gc,heap        ] GC(1275) Tenured: 3959K(349568K)->3959K(349568K)
[21.466s][info ][gc,metaspace   ] GC(1275) Metaspace: 9888K(10176K)->9888K(10176K) NonClass: 8754K(8896K)->8754K(8896K) Class: 1134K(1280K)->1134K(1280K)
[21.466s][info ][gc             ] GC(1275) Pause Young (Allocation Failure) 140M->3M(495M) 0.152ms
[21.466s][info ][gc,cpu         ] GC(1275) User=0.00s Sys=0.00s Real=0.00s
[21.477s][info ][gc,start       ] GC(1276) Pause Young (Allocation Failure)
[21.477s][debug][gc,age         ] GC(1276) Desired survivor size 8945664 bytes, new threshold 15 (max threshold 15)
[21.477s][trace][gc,age         ] GC(1276) Age table with threshold 15 (max threshold 15)
[21.477s][trace][gc,age         ] GC(1276) - age   1:        192 bytes,        192 total
[21.477s][info ][gc,heap        ] GC(1276) DefNew: 139904K(157376K)->0K(157376K) Eden: 139904K(139904K)->0K(139904K) From: 0K(17472K)->0K(17472K)
[21.477s][info ][gc,heap        ] GC(1276) Tenured: 3959K(349568K)->3959K(349568K)
[21.477s][info ][gc,metaspace   ] GC(1276) Metaspace: 9888K(10176K)->9888K(10176K) NonClass: 8754K(8896K)->8754K(8896K) Class: 1134K(1280K)->1134K(1280K)
[21.477s][info ][gc             ] GC(1276) Pause Young (Allocation Failure) 140M->3M(495M) 0.159ms
[21.477s][info ][gc,cpu         ] GC(1276) User=0.00s Sys=0.00s Real=0.00s
[21.487s][info ][gc,start       ] GC(1277) Pause Young (Allocation Failure)
[21.487s][debug][gc,age         ] GC(1277) Desired survivor size 8945664 bytes, new threshold 15 (max threshold 15)
[21.487s][trace][gc,age         ] GC(1277) Age table with threshold 15 (max threshold 15)
[21.487s][trace][gc,age         ] GC(1277) - age   1:        192 bytes,        192 total
[21.487s][info ][gc,heap        ] GC(1277) DefNew: 139904K(157376K)->0K(157376K) Eden: 139904K(139904K)->0K(139904K) From: 0K(17472K)->0K(17472K)
[21.487s][info ][gc,heap        ] GC(1277) Tenured: 3959K(349568K)->3959K(349568K)
[21.487s][info ][gc,metaspace   ] GC(1277) Metaspace: 9888K(10176K)->9888K(10176K) NonClass: 8754K(8896K)->8754K(8896K) Class: 1134K(1280K)->1134K(1280K)
[21.487s][info ][gc             ] GC(1277) Pause Young (Allocation Failure) 140M->3M(495M) 0.153ms
[21.487s][info ][gc,cpu         ] GC(1277) User=0.00s Sys=0.00s Real=0.00s
[21.497s][info ][gc,start       ] GC(1278) Pause Young (Allocation Failure)
[21.497s][debug][gc,age         ] GC(1278) Desired survivor size 8945664 bytes, new threshold 15 (max threshold 15)
[21.497s][trace][gc,age         ] GC(1278) Age table with threshold 15 (max threshold 15)
[21.497s][trace][gc,age         ] GC(1278) - age   1:        192 bytes,        192 total
[21.497s][info ][gc,heap        ] GC(1278) DefNew: 139904K(157376K)->0K(157376K) Eden: 139904K(139904K)->0K(139904K) From: 0K(17472K)->0K(17472K)
[21.497s][info ][gc,heap        ] GC(1278) Tenured: 3959K(349568K)->3959K(349568K)
[21.497s][info ][gc,metaspace   ] GC(1278) Metaspace: 9888K(10176K)->9888K(10176K) NonClass: 8754K(8896K)->8754K(8896K) Class: 1134K(1280K)->1134K(1280K)
[21.497s][info ][gc             ] GC(1278) Pause Young (Allocation Failure) 140M->3M(495M) 0.157ms
[21.497s][info ][gc,cpu         ] GC(1278) User=0.00s Sys=0.00s Real=0.00s
[21.507s][info ][gc,start       ] GC(1279) Pause Young (Allocation Failure)
[21.507s][debug][gc,age         ] GC(1279) Desired survivor size 8945664 bytes, new threshold 15 (max threshold 15)
[21.507s][trace][gc,age         ] GC(1279) Age table with threshold 15 (max threshold 15)
[21.507s][trace][gc,age         ] GC(1279) - age   1:        192 bytes,        192 total
[21.507s][info ][gc,heap        ] GC(1279) DefNew: 139904K(157376K)->0K(157376K) Eden: 139904K(139904K)->0K(139904K) From: 0K(17472K)->0K(17472K)
[21.507s][info ][gc,heap        ] GC(1279) Tenured: 3959K(349568K)->3959K(349568K)
[21.507s][info ][gc,metaspace   ] GC(1279) Metaspace: 9888K(10176K)->9888K(10176K) NonClass: 8754K(8896K)->8754K(8896K) Class: 1134K(1280K)->1134K(1280K)
[21.507s][info ][gc             ] GC(1279) Pause Young (Allocation Failure) 140M->3M(495M) 0.159ms
[21.507s][info ][gc,cpu         ] GC(1279) User=0.00s Sys=0.00s Real=0.00s
[21.517s][info ][gc,start       ] GC(1280) Pause Young (Allocation Failure)
[21.518s][debug][gc,age         ] GC(1280) Desired survivor size 8945664 bytes, new threshold 15 (max threshold 15)
[21.518s][trace][gc,age         ] GC(1280) Age table with threshold 15 (max threshold 15)
[21.518s][trace][gc,age         ] GC(1280) - age   1:        192 bytes,        192 total
[21.518s][info ][gc,heap        ] GC(1280) DefNew: 139904K(157376K)->0K(157376K) Eden: 139904K(139904K)->0K(139904K) From: 0K(17472K)->0K(17472K)
[21.518s][info ][gc,heap        ] GC(1280) Tenured: 3959K(349568K)->3959K(349568K)
[21.518s][info ][gc,metaspace   ] GC(1280) Metaspace: 9888K(10176K)->9888K(10176K) NonClass: 8754K(8896K)->8754K(8896K) Class: 1134K(1280K)->1134K(1280K)
[21.518s][info ][gc             ] GC(1280) Pause Young (Allocation Failure) 140M->3M(495M) 0.151ms
[21.518s][info ][gc,cpu         ] GC(1280) User=0.00s Sys=0.00s Real=0.00s
[21.528s][info ][gc,start       ] GC(1281) Pause Young (Allocation Failure)
[21.528s][debug][gc,age         ] GC(1281) Desired survivor size 8945664 bytes, new threshold 15 (max threshold 15)
[21.528s][trace][gc,age         ] GC(1281) Age table with threshold 15 (max threshold 15)
[21.528s][trace][gc,age         ] GC(1281) - age   1:        192 bytes,        192 total
[21.528s][info ][gc,heap        ] GC(1281) DefNew: 139904K(157376K)->0K(157376K) Eden: 139904K(139904K)->0K(139904K) From: 0K(17472K)->0K(17472K)
[21.528s][info ][gc,heap        ] GC(1281) Tenured: 3959K(349568K)->3959K(349568K)
[21.528s][info ][gc,metaspace   ] GC(1281) Metaspace: 9888K(10176K)->9888K(10176K) NonClass: 8754K(8896K)->8754K(8896K) Class: 1134K(1280K)->1134K(1280K)
[21.528s][info ][gc             ] GC(1281) Pause Young (Allocation Failure) 140M->3M(495M) 0.153ms
[21.528s][info ][gc,cpu         ] GC(1281) User=0.00s Sys=0.00s Real=0.00s
[21.538s][info ][gc,start       ] GC(1282) Pause Young (Allocation Failure)
[21.538s][debug][gc,age         ] GC(1282) Desired survivor size 8945664 bytes, new threshold 15 (max threshold 15)
[21.538s][trace][gc,age         ] GC(1282) Age table with threshold 15 (max threshold 15)
[21.538s][trace][gc,age         ] GC(1282) - age   1:        192 bytes,        192 total
[21.538s][info ][gc,heap        ] GC(1282) DefNew: 139904K(157376K)->0K(157376K) Eden: 139904K(139904K)->0K(139904K) From: 0K(17472K)->0K(17472K)
[21.538s][info ][gc,heap        ] GC(1282) Tenured: 3959K(349568K)->3959K(349568K)
[21.538s][info ][gc,metaspace   ] GC(1282) Metaspace: 9888K(10176K)->9888K(10176K) NonClass: 8754K(8896K)->8754K(8896K) Class: 1134K(1280K)->1134K(1280K)
[21.538s][info ][gc             ] GC(1282) Pause Young (Allocation Failure) 140M->3M(495M) 0.154ms
[21.538s][info ][gc,cpu         ] GC(1282) User=0.00s Sys=0.00s Real=0.00s
[21.548s][info ][gc,start       ] GC(1283) Pause Young (Allocation Failure)
[21.548s][debug][gc,age         ] GC(1283) Desired survivor size 8945664 bytes, new threshold 15 (max threshold 15)
[21.548s][trace][gc,age         ] GC(1283) Age table with threshold 15 (max threshold 15)
[21.548s][trace][gc,age         ] GC(1283) - age   1:        192 bytes,        192 total
[21.548s][info ][gc,heap        ] GC(1283) DefNew: 139904K(157376K)->0K(157376K) Eden: 139904K(139904K)->0K(139904K) From: 0K(17472K)->0K(17472K)
[21.548s][info ][gc,heap        ] GC(1283) Tenured: 3959K(349568K)->3959K(349568K)
[21.548s][info ][gc,metaspace   ] GC(1283) Metaspace: 9888K(10176K)->9888K(10176K) NonClass: 8754K(8896K)->8754K(8896K) Class: 1134K(1280K)->1134K(1280K)
[21.548s][info ][gc             ] GC(1283) Pause Young (Allocation Failure) 140M->3M(495M) 0.154ms
[21.548s][info ][gc,cpu         ] GC(1283) User=0.00s Sys=0.00s Real=0.00s
[21.559s][info ][gc,start       ] GC(1284) Pause Young (Allocation Failure)
[21.559s][debug][gc,age         ] GC(1284) Desired survivor size 8945664 bytes, new threshold 15 (max threshold 15)
[21.559s][trace][gc,age         ] GC(1284) Age table with threshold 15 (max threshold 15)
[21.559s][trace][gc,age         ] GC(1284) - age   1:        192 bytes,        192 total
[21.559s][info ][gc,heap        ] GC(1284) DefNew: 139904K(157376K)->0K(157376K) Eden: 139904K(139904K)->0K(139904K) From: 0K(17472K)->0K(17472K)
[21.559s][info ][gc,heap        ] GC(1284) Tenured: 3959K(349568K)->3959K(349568K)
[21.559s][info ][gc,metaspace   ] GC(1284) Metaspace: 9888K(10176K)->9888K(10176K) NonClass: 8754K(8896K)->8754K(8896K) Class: 1134K(1280K)->1134K(1280K)
[21.559s][info ][gc             ] GC(1284) Pause Young (Allocation Failure) 140M->3M(495M) 0.156ms
[21.559s][info ][gc,cpu         ] GC(1284) User=0.00s Sys=0.00s Real=0.00s
[21.569s][info ][gc,start       ] GC(1285) Pause Young (Allocation Failure)
[21.569s][debug][gc,age         ] GC(1285) Desired survivor size 8945664 bytes, new threshold 15 (max threshold 15)
[21.569s][trace][gc,age         ] GC(1285) Age table with threshold 15 (max threshold 15)
[21.569s][trace][gc,age         ] GC(1285) - age   1:        192 bytes,        192 total
[21.569s][info ][gc,heap        ] GC(1285) DefNew: 139904K(157376K)->0K(157376K) Eden: 139904K(139904K)->0K(139904K) From: 0K(17472K)->0K(17472K)
[21.569s][info ][gc,heap        ] GC(1285) Tenured: 3959K(349568K)->3959K(349568K)
[21.569s][info ][gc,metaspace   ] GC(1285) Metaspace: 9888K(10176K)->9888K(10176K) NonClass: 8754K(8896K)->8754K(8896K) Class: 1134K(1280K)->1134K(1280K)
[21.569s][info ][gc             ] GC(1285) Pause Young (Allocation Failure) 140M->3M(495M) 0.160ms
[21.569s][info ][gc,cpu         ] GC(1285) User=0.00s Sys=0.00s Real=0.00s
[21.579s][info ][gc,start       ] GC(1286) Pause Young (Allocation Failure)
[21.579s][debug][gc,age         ] GC(1286) Desired survivor size 8945664 bytes, new threshold 15 (max threshold 15)
[21.579s][trace][gc,age         ] GC(1286) Age table with threshold 15 (max threshold 15)
[21.579s][trace][gc,age         ] GC(1286) - age   1:        192 bytes,        192 total
[21.579s][info ][gc,heap        ] GC(1286) DefNew: 139904K(157376K)->0K(157376K) Eden: 139904K(139904K)->0K(139904K) From: 0K(17472K)->0K(17472K)
[21.579s][info ][gc,heap        ] GC(1286) Tenured: 3959K(349568K)->3959K(349568K)
[21.579s][info ][gc,metaspace   ] GC(1286) Metaspace: 9888K(10176K)->9888K(10176K) NonClass: 8754K(8896K)->8754K(8896K) Class: 1134K(1280K)->1134K(1280K)
[21.579s][info ][gc             ] GC(1286) Pause Young (Allocation Failure) 140M->3M(495M) 0.151ms
[21.579s][info ][gc,cpu         ] GC(1286) User=0.00s Sys=0.00s Real=0.00s
[21.589s][info ][gc,start       ] GC(1287) Pause Young (Allocation Failure)
[21.589s][debug][gc,age         ] GC(1287) Desired survivor size 8945664 bytes, new threshold 15 (max threshold 15)
[21.589s][trace][gc,age         ] GC(1287) Age table with threshold 15 (max threshold 15)
[21.589s][trace][gc,age         ] GC(1287) - age   1:        192 bytes,        192 total
[21.589s][info ][gc,heap        ] GC(1287) DefNew: 139904K(157376K)->0K(157376K) Eden: 139904K(139904K)->0K(139904K) From: 0K(17472K)->0K(17472K)
[21.589s][info ][gc,heap        ] GC(1287) Tenured: 3959K(349568K)->3959K(349568K)
[21.589s][info ][gc,metaspace   ] GC(1287) Metaspace: 9888K(10176K)->9888K(10176K) NonClass: 8754K(8896K)->8754K(8896K) Class: 1134K(1280K)->1134K(1280K)
[21.589s][info ][gc             ] GC(1287) Pause Young (Allocation Failure) 140M->3M(495M) 0.155ms
[21.589s][info ][gc,cpu         ] GC(1287) User=0.00s Sys=0.00s Real=0.00s
[21.599s][info ][gc,start       ] GC(1288) Pause Young (Allocation Failure)
[21.599s][debug][gc,age         ] GC(1288) Desired survivor size 8945664 bytes, new threshold 15 (max threshold 15)
[21.599s][trace][gc,age         ] GC(1288) Age table with threshold 15 (max threshold 15)
[21.599s][trace][gc,age         ] GC(1288) - age   1:        192 bytes,        192 total
[21.599s][info ][gc,heap        ] GC(1288) DefNew: 139904K(157376K)->0K(157376K) Eden: 139904K(139904K)->0K(139904K) From: 0K(17472K)->0K(17472K)
[21.599s][info ][gc,heap        ] GC(1288) Tenured: 3959K(349568K)->3959K(349568K)
[21.599s][info ][gc,metaspace   ] GC(1288) Metaspace: 9888K(10176K)->9888K(10176K) NonClass: 8754K(8896K)->8754K(8896K) Class: 1134K(1280K)->1134K(1280K)
[21.599s][info ][gc             ] GC(1288) Pause Young (Allocation Failure) 140M->3M(495M) 0.153ms
[21.599s][info ][gc,cpu         ] GC(1288) User=0.00s Sys=0.00s Real=0.00s
[21.610s][info ][gc,start       ] GC(1289) Pause Young (Allocation Failure)
[21.610s][debug][gc,age         ] GC(1289) Desired survivor size 8945664 bytes, new threshold 15 (max threshold 15)
[21.610s][trace][gc,age         ] GC(1289) Age table with threshold 15 (max threshold 15)
[21.610s][trace][gc,age         ] GC(1289) - age   1:        192 bytes,        192 total
[21.610s][info ][gc,heap        ] GC(1289) DefNew: 139904K(157376K)->0K(157376K) Eden: 139904K(139904K)->0K(139904K) From: 0K(17472K)->0K(17472K)
[21.610s][info ][gc,heap        ] GC(1289) Tenured: 3959K(349568K)->3959K(349568K)
[21.610s][info ][gc,metaspace   ] GC(1289) Metaspace: 9888K(10176K)->9888K(10176K) NonClass: 8754K(8896K)->8754K(8896K) Class: 1134K(1280K)->1134K(1280K)
[21.610s][info ][gc             ] GC(1289) Pause Young (Allocation Failure) 140M->3M(495M) 0.151ms
[21.610s][info ][gc,cpu         ] GC(1289) User=0.00s Sys=0.00s Real=0.00s
[21.620s][info ][gc,start       ] GC(1290) Pause Young (Allocation Failure)
[21.620s][debug][gc,age         ] GC(1290) Desired survivor size 8945664 bytes, new threshold 15 (max threshold 15)
[21.620s][trace][gc,age         ] GC(1290) Age table with threshold 15 (max threshold 15)
[21.620s][trace][gc,age         ] GC(1290) - age   1:        192 bytes,        192 total
[21.620s][info ][gc,heap        ] GC(1290) DefNew: 139904K(157376K)->0K(157376K) Eden: 139904K(139904K)->0K(139904K) From: 0K(17472K)->0K(17472K)
[21.620s][info ][gc,heap        ] GC(1290) Tenured: 3959K(349568K)->3959K(349568K)
[21.620s][info ][gc,metaspace   ] GC(1290) Metaspace: 9888K(10176K)->9888K(10176K) NonClass: 8754K(8896K)->8754K(8896K) Class: 1134K(1280K)->1134K(1280K)
[21.620s][info ][gc             ] GC(1290) Pause Young (Allocation Failure) 140M->3M(495M) 0.150ms
[21.620s][info ][gc,cpu         ] GC(1290) User=0.00s Sys=0.00s Real=0.00s
[21.630s][info ][gc,start       ] GC(1291) Pause Young (Allocation Failure)
[21.630s][debug][gc,age         ] GC(1291) Desired survivor size 8945664 bytes, new threshold 15 (max threshold 15)
[21.630s][trace][gc,age         ] GC(1291) Age table with threshold 15 (max threshold 15)
[21.630s][trace][gc,age         ] GC(1291) - age   1:        192 bytes,        192 total
[21.630s][info ][gc,heap        ] GC(1291) DefNew: 139904K(157376K)->0K(157376K) Eden: 139904K(139904K)->0K(139904K) From: 0K(17472K)->0K(17472K)
[21.630s][info ][gc,heap        ] GC(1291) Tenured: 3959K(349568K)->3959K(349568K)
[21.630s][info ][gc,metaspace   ] GC(1291) Metaspace: 9888K(10176K)->9888K(10176K) NonClass: 8754K(8896K)->8754K(8896K) Class: 1134K(1280K)->1134K(1280K)
[21.630s][info ][gc             ] GC(1291) Pause Young (Allocation Failure) 140M->3M(495M) 0.149ms
[21.630s][info ][gc,cpu         ] GC(1291) User=0.00s Sys=0.00s Real=0.01s
[21.640s][info ][gc,start       ] GC(1292) Pause Young (Allocation Failure)
[21.640s][debug][gc,age         ] GC(1292) Desired survivor size 8945664 bytes, new threshold 15 (max threshold 15)
[21.640s][trace][gc,age         ] GC(1292) Age table with threshold 15 (max threshold 15)
[21.640s][trace][gc,age         ] GC(1292) - age   1:        192 bytes,        192 total
[21.640s][info ][gc,heap        ] GC(1292) DefNew: 139904K(157376K)->0K(157376K) Eden: 139904K(139904K)->0K(139904K) From: 0K(17472K)->0K(17472K)
[21.640s][info ][gc,heap        ] GC(1292) Tenured: 3959K(349568K)->3959K(349568K)
[21.640s][info ][gc,metaspace   ] GC(1292) Metaspace: 9888K(10176K)->9888K(10176K) NonClass: 8754K(8896K)->8754K(8896K) Class: 1134K(1280K)->1134K(1280K)
[21.640s][info ][gc             ] GC(1292) Pause Young (Allocation Failure) 140M->3M(495M) 0.154ms
[21.640s][info ][gc,cpu         ] GC(1292) User=0.00s Sys=0.00s Real=0.00s
[21.650s][info ][gc,start       ] GC(1293) Pause Young (Allocation Failure)
[21.651s][debug][gc,age         ] GC(1293) Desired survivor size 8945664 bytes, new threshold 15 (max threshold 15)
[21.651s][trace][gc,age         ] GC(1293) Age table with threshold 15 (max threshold 15)
[21.651s][trace][gc,age         ] GC(1293) - age   1:        192 bytes,        192 total
[21.651s][info ][gc,heap        ] GC(1293) DefNew: 139904K(157376K)->0K(157376K) Eden: 139904K(139904K)->0K(139904K) From: 0K(17472K)->0K(17472K)
[21.651s][info ][gc,heap        ] GC(1293) Tenured: 3959K(349568K)->3959K(349568K)
[21.651s][info ][gc,metaspace   ] GC(1293) Metaspace: 9888K(10176K)->9888K(10176K) NonClass: 8754K(8896K)->8754K(8896K) Class: 1134K(1280K)->1134K(1280K)
[21.651s][info ][gc             ] GC(1293) Pause Young (Allocation Failure) 140M->3M(495M) 0.152ms
[21.651s][info ][gc,cpu         ] GC(1293) User=0.00s Sys=0.00s Real=0.00s
[21.661s][info ][gc,start       ] GC(1294) Pause Young (Allocation Failure)
[21.661s][debug][gc,age         ] GC(1294) Desired survivor size 8945664 bytes, new threshold 15 (max threshold 15)
[21.661s][trace][gc,age         ] GC(1294) Age table with threshold 15 (max threshold 15)
[21.661s][trace][gc,age         ] GC(1294) - age   1:        192 bytes,        192 total
[21.661s][info ][gc,heap        ] GC(1294) DefNew: 139904K(157376K)->0K(157376K) Eden: 139904K(139904K)->0K(139904K) From: 0K(17472K)->0K(17472K)
[21.661s][info ][gc,heap        ] GC(1294) Tenured: 3959K(349568K)->3959K(349568K)
[21.661s][info ][gc,metaspace   ] GC(1294) Metaspace: 9888K(10176K)->9888K(10176K) NonClass: 8754K(8896K)->8754K(8896K) Class: 1134K(1280K)->1134K(1280K)
[21.661s][info ][gc             ] GC(1294) Pause Young (Allocation Failure) 140M->3M(495M) 0.152ms
[21.661s][info ][gc,cpu         ] GC(1294) User=0.00s Sys=0.00s Real=0.00s
[21.671s][info ][gc,start       ] GC(1295) Pause Young (Allocation Failure)
[21.671s][debug][gc,age         ] GC(1295) Desired survivor size 8945664 bytes, new threshold 15 (max threshold 15)
[21.671s][trace][gc,age         ] GC(1295) Age table with threshold 15 (max threshold 15)
[21.671s][trace][gc,age         ] GC(1295) - age   1:        192 bytes,        192 total
[21.671s][info ][gc,heap        ] GC(1295) DefNew: 139904K(157376K)->0K(157376K) Eden: 139904K(139904K)->0K(139904K) From: 0K(17472K)->0K(17472K)
[21.671s][info ][gc,heap        ] GC(1295) Tenured: 3959K(349568K)->3959K(349568K)
[21.671s][info ][gc,metaspace   ] GC(1295) Metaspace: 9888K(10176K)->9888K(10176K) NonClass: 8754K(8896K)->8754K(8896K) Class: 1134K(1280K)->1134K(1280K)
[21.671s][info ][gc             ] GC(1295) Pause Young (Allocation Failure) 140M->3M(495M) 0.153ms
[21.671s][info ][gc,cpu         ] GC(1295) User=0.00s Sys=0.00s Real=0.00s
[21.681s][info ][gc,start       ] GC(1296) Pause Young (Allocation Failure)
[21.681s][debug][gc,age         ] GC(1296) Desired survivor size 8945664 bytes, new threshold 15 (max threshold 15)
[21.681s][trace][gc,age         ] GC(1296) Age table with threshold 15 (max threshold 15)
[21.681s][trace][gc,age         ] GC(1296) - age   1:        192 bytes,        192 total
[21.681s][info ][gc,heap        ] GC(1296) DefNew: 139904K(157376K)->0K(157376K) Eden: 139904K(139904K)->0K(139904K) From: 0K(17472K)->0K(17472K)
[21.681s][info ][gc,heap        ] GC(1296) Tenured: 3959K(349568K)->3959K(349568K)
[21.681s][info ][gc,metaspace   ] GC(1296) Metaspace: 9888K(10176K)->9888K(10176K) NonClass: 8754K(8896K)->8754K(8896K) Class: 1134K(1280K)->1134K(1280K)
[21.681s][info ][gc             ] GC(1296) Pause Young (Allocation Failure) 140M->3M(495M) 0.153ms
[21.681s][info ][gc,cpu         ] GC(1296) User=0.00s Sys=0.00s Real=0.00s
[21.691s][info ][gc,start       ] GC(1297) Pause Young (Allocation Failure)
[21.692s][debug][gc,age         ] GC(1297) Desired survivor size 8945664 bytes, new threshold 15 (max threshold 15)
[21.692s][trace][gc,age         ] GC(1297) Age table with threshold 15 (max threshold 15)
[21.692s][trace][gc,age         ] GC(1297) - age   1:        192 bytes,        192 total
[21.692s][info ][gc,heap        ] GC(1297) DefNew: 139904K(157376K)->0K(157376K) Eden: 139904K(139904K)->0K(139904K) From: 0K(17472K)->0K(17472K)
[21.692s][info ][gc,heap        ] GC(1297) Tenured: 3959K(349568K)->3959K(349568K)
[21.692s][info ][gc,metaspace   ] GC(1297) Metaspace: 9888K(10176K)->9888K(10176K) NonClass: 8754K(8896K)->8754K(8896K) Class: 1134K(1280K)->1134K(1280K)
[21.692s][info ][gc             ] GC(1297) Pause Young (Allocation Failure) 140M->3M(495M) 0.173ms
[21.692s][info ][gc,cpu         ] GC(1297) User=0.00s Sys=0.00s Real=0.00s
[21.702s][info ][gc,start       ] GC(1298) Pause Young (Allocation Failure)
[21.702s][debug][gc,age         ] GC(1298) Desired survivor size 8945664 bytes, new threshold 15 (max threshold 15)
[21.702s][trace][gc,age         ] GC(1298) Age table with threshold 15 (max threshold 15)
[21.702s][trace][gc,age         ] GC(1298) - age   1:        192 bytes,        192 total
[21.702s][info ][gc,heap        ] GC(1298) DefNew: 139904K(157376K)->0K(157376K) Eden: 139904K(139904K)->0K(139904K) From: 0K(17472K)->0K(17472K)
[21.702s][info ][gc,heap        ] GC(1298) Tenured: 3959K(349568K)->3959K(349568K)
[21.702s][info ][gc,metaspace   ] GC(1298) Metaspace: 9888K(10176K)->9888K(10176K) NonClass: 8754K(8896K)->8754K(8896K) Class: 1134K(1280K)->1134K(1280K)
[21.702s][info ][gc             ] GC(1298) Pause Young (Allocation Failure) 140M->3M(495M) 0.161ms
[21.702s][info ][gc,cpu         ] GC(1298) User=0.00s Sys=0.00s Real=0.00s
[21.712s][info ][gc,start       ] GC(1299) Pause Young (Allocation Failure)
[21.712s][debug][gc,age         ] GC(1299) Desired survivor size 8945664 bytes, new threshold 15 (max threshold 15)
[21.712s][trace][gc,age         ] GC(1299) Age table with threshold 15 (max threshold 15)
[21.712s][trace][gc,age         ] GC(1299) - age   1:        192 bytes,        192 total
[21.712s][info ][gc,heap        ] GC(1299) DefNew: 139904K(157376K)->0K(157376K) Eden: 139904K(139904K)->0K(139904K) From: 0K(17472K)->0K(17472K)
[21.712s][info ][gc,heap        ] GC(1299) Tenured: 3959K(349568K)->3959K(349568K)
[21.712s][info ][gc,metaspace   ] GC(1299) Metaspace: 9888K(10176K)->9888K(10176K) NonClass: 8754K(8896K)->8754K(8896K) Class: 1134K(1280K)->1134K(1280K)
[21.712s][info ][gc             ] GC(1299) Pause Young (Allocation Failure) 140M->3M(495M) 0.155ms
[21.712s][info ][gc,cpu         ] GC(1299) User=0.00s Sys=0.00s Real=0.00s
[21.722s][info ][gc,start       ] GC(1300) Pause Young (Allocation Failure)
[21.722s][debug][gc,age         ] GC(1300) Desired survivor size 8945664 bytes, new threshold 15 (max threshold 15)
[21.722s][trace][gc,age         ] GC(1300) Age table with threshold 15 (max threshold 15)
[21.722s][trace][gc,age         ] GC(1300) - age   1:        192 bytes,        192 total
[21.722s][info ][gc,heap        ] GC(1300) DefNew: 139904K(157376K)->0K(157376K) Eden: 139904K(139904K)->0K(139904K) From: 0K(17472K)->0K(17472K)
[21.722s][info ][gc,heap        ] GC(1300) Tenured: 3959K(349568K)->3959K(349568K)
[21.722s][info ][gc,metaspace   ] GC(1300) Metaspace: 9888K(10176K)->9888K(10176K) NonClass: 8754K(8896K)->8754K(8896K) Class: 1134K(1280K)->1134K(1280K)
[21.722s][info ][gc             ] GC(1300) Pause Young (Allocation Failure) 140M->3M(495M) 0.153ms
[21.722s][info ][gc,cpu         ] GC(1300) User=0.00s Sys=0.00s Real=0.00s
[21.733s][info ][gc,start       ] GC(1301) Pause Young (Allocation Failure)
[21.733s][debug][gc,age         ] GC(1301) Desired survivor size 8945664 bytes, new threshold 15 (max threshold 15)
[21.733s][trace][gc,age         ] GC(1301) Age table with threshold 15 (max threshold 15)
[21.733s][trace][gc,age         ] GC(1301) - age   1:        192 bytes,        192 total
[21.733s][info ][gc,heap        ] GC(1301) DefNew: 139904K(157376K)->0K(157376K) Eden: 139904K(139904K)->0K(139904K) From: 0K(17472K)->0K(17472K)
[21.733s][info ][gc,heap        ] GC(1301) Tenured: 3959K(349568K)->3959K(349568K)
[21.733s][info ][gc,metaspace   ] GC(1301) Metaspace: 9888K(10176K)->9888K(10176K) NonClass: 8754K(8896K)->8754K(8896K) Class: 1134K(1280K)->1134K(1280K)
[21.733s][info ][gc             ] GC(1301) Pause Young (Allocation Failure) 140M->3M(495M) 0.153ms
[21.733s][info ][gc,cpu         ] GC(1301) User=0.00s Sys=0.00s Real=0.00s
[21.743s][info ][gc,start       ] GC(1302) Pause Young (Allocation Failure)
[21.743s][debug][gc,age         ] GC(1302) Desired survivor size 8945664 bytes, new threshold 15 (max threshold 15)
[21.743s][trace][gc,age         ] GC(1302) Age table with threshold 15 (max threshold 15)
[21.743s][trace][gc,age         ] GC(1302) - age   1:        192 bytes,        192 total
[21.743s][info ][gc,heap        ] GC(1302) DefNew: 139904K(157376K)->0K(157376K) Eden: 139904K(139904K)->0K(139904K) From: 0K(17472K)->0K(17472K)
[21.743s][info ][gc,heap        ] GC(1302) Tenured: 3959K(349568K)->3959K(349568K)
[21.743s][info ][gc,metaspace   ] GC(1302) Metaspace: 9888K(10176K)->9888K(10176K) NonClass: 8754K(8896K)->8754K(8896K) Class: 1134K(1280K)->1134K(1280K)
[21.743s][info ][gc             ] GC(1302) Pause Young (Allocation Failure) 140M->3M(495M) 0.153ms
[21.743s][info ][gc,cpu         ] GC(1302) User=0.00s Sys=0.00s Real=0.00s
[21.753s][info ][gc,start       ] GC(1303) Pause Young (Allocation Failure)
[21.753s][debug][gc,age         ] GC(1303) Desired survivor size 8945664 bytes, new threshold 15 (max threshold 15)
[21.753s][trace][gc,age         ] GC(1303) Age table with threshold 15 (max threshold 15)
[21.753s][trace][gc,age         ] GC(1303) - age   1:        192 bytes,        192 total
[21.753s][info ][gc,heap        ] GC(1303) DefNew: 139904K(157376K)->0K(157376K) Eden: 139904K(139904K)->0K(139904K) From: 0K(17472K)->0K(17472K)
[21.753s][info ][gc,heap        ] GC(1303) Tenured: 3959K(349568K)->3959K(349568K)
[21.753s][info ][gc,metaspace   ] GC(1303) Metaspace: 9888K(10176K)->9888K(10176K) NonClass: 8754K(8896K)->8754K(8896K) Class: 1134K(1280K)->1134K(1280K)
[21.753s][info ][gc             ] GC(1303) Pause Young (Allocation Failure) 140M->3M(495M) 0.156ms
[21.753s][info ][gc,cpu         ] GC(1303) User=0.00s Sys=0.00s Real=0.00s
[21.763s][info ][gc,start       ] GC(1304) Pause Young (Allocation Failure)
[21.763s][debug][gc,age         ] GC(1304) Desired survivor size 8945664 bytes, new threshold 15 (max threshold 15)
[21.763s][trace][gc,age         ] GC(1304) Age table with threshold 15 (max threshold 15)
[21.763s][trace][gc,age         ] GC(1304) - age   1:        192 bytes,        192 total
[21.763s][info ][gc,heap        ] GC(1304) DefNew: 139904K(157376K)->0K(157376K) Eden: 139904K(139904K)->0K(139904K) From: 0K(17472K)->0K(17472K)
[21.763s][info ][gc,heap        ] GC(1304) Tenured: 3959K(349568K)->3959K(349568K)
[21.763s][info ][gc,metaspace   ] GC(1304) Metaspace: 9888K(10176K)->9888K(10176K) NonClass: 8754K(8896K)->8754K(8896K) Class: 1134K(1280K)->1134K(1280K)
[21.763s][info ][gc             ] GC(1304) Pause Young (Allocation Failure) 140M->3M(495M) 0.157ms
[21.763s][info ][gc,cpu         ] GC(1304) User=0.00s Sys=0.00s Real=0.00s
[21.773s][info ][gc,start       ] GC(1305) Pause Young (Allocation Failure)
[21.773s][debug][gc,age         ] GC(1305) Desired survivor size 8945664 bytes, new threshold 15 (max threshold 15)
[21.773s][trace][gc,age         ] GC(1305) Age table with threshold 15 (max threshold 15)
[21.773s][trace][gc,age         ] GC(1305) - age   1:        192 bytes,        192 total
[21.773s][info ][gc,heap        ] GC(1305) DefNew: 139904K(157376K)->0K(157376K) Eden: 139904K(139904K)->0K(139904K) From: 0K(17472K)->0K(17472K)
[21.773s][info ][gc,heap        ] GC(1305) Tenured: 3959K(349568K)->3959K(349568K)
[21.773s][info ][gc,metaspace   ] GC(1305) Metaspace: 9888K(10176K)->9888K(10176K) NonClass: 8754K(8896K)->8754K(8896K) Class: 1134K(1280K)->1134K(1280K)
[21.773s][info ][gc             ] GC(1305) Pause Young (Allocation Failure) 140M->3M(495M) 0.153ms
[21.773s][info ][gc,cpu         ] GC(1305) User=0.00s Sys=0.00s Real=0.00s
[21.784s][info ][gc,start       ] GC(1306) Pause Young (Allocation Failure)
[21.784s][debug][gc,age         ] GC(1306) Desired survivor size 8945664 bytes, new threshold 15 (max threshold 15)
[21.784s][trace][gc,age         ] GC(1306) Age table with threshold 15 (max threshold 15)
[21.784s][trace][gc,age         ] GC(1306) - age   1:        192 bytes,        192 total
[21.784s][info ][gc,heap        ] GC(1306) DefNew: 139904K(157376K)->0K(157376K) Eden: 139904K(139904K)->0K(139904K) From: 0K(17472K)->0K(17472K)
[21.784s][info ][gc,heap        ] GC(1306) Tenured: 3959K(349568K)->3959K(349568K)
[21.784s][info ][gc,metaspace   ] GC(1306) Metaspace: 9888K(10176K)->9888K(10176K) NonClass: 8754K(8896K)->8754K(8896K) Class: 1134K(1280K)->1134K(1280K)
[21.784s][info ][gc             ] GC(1306) Pause Young (Allocation Failure) 140M->3M(495M) 0.156ms
[21.784s][info ][gc,cpu         ] GC(1306) User=0.01s Sys=0.00s Real=0.00s
[21.794s][info ][gc,start       ] GC(1307) Pause Young (Allocation Failure)
[21.794s][debug][gc,age         ] GC(1307) Desired survivor size 8945664 bytes, new threshold 15 (max threshold 15)
[21.794s][trace][gc,age         ] GC(1307) Age table with threshold 15 (max threshold 15)
[21.794s][trace][gc,age         ] GC(1307) - age   1:        192 bytes,        192 total
[21.794s][info ][gc,heap        ] GC(1307) DefNew: 139904K(157376K)->0K(157376K) Eden: 139904K(139904K)->0K(139904K) From: 0K(17472K)->0K(17472K)
[21.794s][info ][gc,heap        ] GC(1307) Tenured: 3959K(349568K)->3959K(349568K)
[21.794s][info ][gc,metaspace   ] GC(1307) Metaspace: 9888K(10176K)->9888K(10176K) NonClass: 8754K(8896K)->8754K(8896K) Class: 1134K(1280K)->1134K(1280K)
[21.794s][info ][gc             ] GC(1307) Pause Young (Allocation Failure) 140M->3M(495M) 0.154ms
[21.794s][info ][gc,cpu         ] GC(1307) User=0.00s Sys=0.00s Real=0.00s
[21.804s][info ][gc,start       ] GC(1308) Pause Young (Allocation Failure)
[21.804s][debug][gc,age         ] GC(1308) Desired survivor size 8945664 bytes, new threshold 15 (max threshold 15)
[21.804s][trace][gc,age         ] GC(1308) Age table with threshold 15 (max threshold 15)
[21.804s][trace][gc,age         ] GC(1308) - age   1:        192 bytes,        192 total
[21.804s][info ][gc,heap        ] GC(1308) DefNew: 139904K(157376K)->0K(157376K) Eden: 139904K(139904K)->0K(139904K) From: 0K(17472K)->0K(17472K)
[21.804s][info ][gc,heap        ] GC(1308) Tenured: 3959K(349568K)->3959K(349568K)
[21.804s][info ][gc,metaspace   ] GC(1308) Metaspace: 9888K(10176K)->9888K(10176K) NonClass: 8754K(8896K)->8754K(8896K) Class: 1134K(1280K)->1134K(1280K)
[21.804s][info ][gc             ] GC(1308) Pause Young (Allocation Failure) 140M->3M(495M) 0.152ms
[21.804s][info ][gc,cpu         ] GC(1308) User=0.00s Sys=0.00s Real=0.00s
[21.814s][info ][gc,start       ] GC(1309) Pause Young (Allocation Failure)
[21.814s][debug][gc,age         ] GC(1309) Desired survivor size 8945664 bytes, new threshold 15 (max threshold 15)
[21.814s][trace][gc,age         ] GC(1309) Age table with threshold 15 (max threshold 15)
[21.814s][trace][gc,age         ] GC(1309) - age   1:        192 bytes,        192 total
[21.814s][info ][gc,heap        ] GC(1309) DefNew: 139904K(157376K)->0K(157376K) Eden: 139904K(139904K)->0K(139904K) From: 0K(17472K)->0K(17472K)
[21.814s][info ][gc,heap        ] GC(1309) Tenured: 3959K(349568K)->3959K(349568K)
[21.814s][info ][gc,metaspace   ] GC(1309) Metaspace: 9888K(10176K)->9888K(10176K) NonClass: 8754K(8896K)->8754K(8896K) Class: 1134K(1280K)->1134K(1280K)
[21.814s][info ][gc             ] GC(1309) Pause Young (Allocation Failure) 140M->3M(495M) 0.153ms
[21.814s][info ][gc,cpu         ] GC(1309) User=0.00s Sys=0.00s Real=0.00s
[21.824s][info ][gc,start       ] GC(1310) Pause Young (Allocation Failure)
[21.824s][debug][gc,age         ] GC(1310) Desired survivor size 8945664 bytes, new threshold 15 (max threshold 15)
[21.824s][trace][gc,age         ] GC(1310) Age table with threshold 15 (max threshold 15)
[21.824s][trace][gc,age         ] GC(1310) - age   1:        192 bytes,        192 total
[21.824s][info ][gc,heap        ] GC(1310) DefNew: 139904K(157376K)->0K(157376K) Eden: 139904K(139904K)->0K(139904K) From: 0K(17472K)->0K(17472K)
[21.824s][info ][gc,heap        ] GC(1310) Tenured: 3959K(349568K)->3959K(349568K)
[21.825s][info ][gc,metaspace   ] GC(1310) Metaspace: 9888K(10176K)->9888K(10176K) NonClass: 8754K(8896K)->8754K(8896K) Class: 1134K(1280K)->1134K(1280K)
[21.825s][info ][gc             ] GC(1310) Pause Young (Allocation Failure) 140M->3M(495M) 0.154ms
[21.825s][info ][gc,cpu         ] GC(1310) User=0.00s Sys=0.00s Real=0.00s
[21.835s][info ][gc,start       ] GC(1311) Pause Young (Allocation Failure)
[21.835s][debug][gc,age         ] GC(1311) Desired survivor size 8945664 bytes, new threshold 15 (max threshold 15)
[21.835s][trace][gc,age         ] GC(1311) Age table with threshold 15 (max threshold 15)
[21.835s][trace][gc,age         ] GC(1311) - age   1:        192 bytes,        192 total
[21.835s][info ][gc,heap        ] GC(1311) DefNew: 139904K(157376K)->0K(157376K) Eden: 139904K(139904K)->0K(139904K) From: 0K(17472K)->0K(17472K)
[21.835s][info ][gc,heap        ] GC(1311) Tenured: 3959K(349568K)->3959K(349568K)
[21.835s][info ][gc,metaspace   ] GC(1311) Metaspace: 9888K(10176K)->9888K(10176K) NonClass: 8754K(8896K)->8754K(8896K) Class: 1134K(1280K)->1134K(1280K)
[21.835s][info ][gc             ] GC(1311) Pause Young (Allocation Failure) 140M->3M(495M) 0.161ms
[21.835s][info ][gc,cpu         ] GC(1311) User=0.00s Sys=0.00s Real=0.00s
[21.845s][info ][gc,start       ] GC(1312) Pause Young (Allocation Failure)
[21.845s][debug][gc,age         ] GC(1312) Desired survivor size 8945664 bytes, new threshold 15 (max threshold 15)
[21.845s][trace][gc,age         ] GC(1312) Age table with threshold 15 (max threshold 15)
[21.845s][trace][gc,age         ] GC(1312) - age   1:        192 bytes,        192 total
[21.845s][info ][gc,heap        ] GC(1312) DefNew: 139904K(157376K)->0K(157376K) Eden: 139904K(139904K)->0K(139904K) From: 0K(17472K)->0K(17472K)
[21.845s][info ][gc,heap        ] GC(1312) Tenured: 3959K(349568K)->3959K(349568K)
[21.845s][info ][gc,metaspace   ] GC(1312) Metaspace: 9888K(10176K)->9888K(10176K) NonClass: 8754K(8896K)->8754K(8896K) Class: 1134K(1280K)->1134K(1280K)
[21.845s][info ][gc             ] GC(1312) Pause Young (Allocation Failure) 140M->3M(495M) 0.156ms
[21.845s][info ][gc,cpu         ] GC(1312) User=0.00s Sys=0.00s Real=0.00s
[21.855s][info ][gc,start       ] GC(1313) Pause Young (Allocation Failure)
[21.855s][debug][gc,age         ] GC(1313) Desired survivor size 8945664 bytes, new threshold 15 (max threshold 15)
[21.855s][trace][gc,age         ] GC(1313) Age table with threshold 15 (max threshold 15)
[21.855s][trace][gc,age         ] GC(1313) - age   1:        192 bytes,        192 total
[21.855s][info ][gc,heap        ] GC(1313) DefNew: 139904K(157376K)->0K(157376K) Eden: 139904K(139904K)->0K(139904K) From: 0K(17472K)->0K(17472K)
[21.855s][info ][gc,heap        ] GC(1313) Tenured: 3959K(349568K)->3959K(349568K)
[21.855s][info ][gc,metaspace   ] GC(1313) Metaspace: 9888K(10176K)->9888K(10176K) NonClass: 8754K(8896K)->8754K(8896K) Class: 1134K(1280K)->1134K(1280K)
[21.855s][info ][gc             ] GC(1313) Pause Young (Allocation Failure) 140M->3M(495M) 0.152ms
[21.855s][info ][gc,cpu         ] GC(1313) User=0.00s Sys=0.00s Real=0.00s
[21.865s][info ][gc,start       ] GC(1314) Pause Young (Allocation Failure)
[21.865s][debug][gc,age         ] GC(1314) Desired survivor size 8945664 bytes, new threshold 15 (max threshold 15)
[21.865s][trace][gc,age         ] GC(1314) Age table with threshold 15 (max threshold 15)
[21.865s][trace][gc,age         ] GC(1314) - age   1:        192 bytes,        192 total
[21.865s][info ][gc,heap        ] GC(1314) DefNew: 139904K(157376K)->0K(157376K) Eden: 139904K(139904K)->0K(139904K) From: 0K(17472K)->0K(17472K)
[21.865s][info ][gc,heap        ] GC(1314) Tenured: 3959K(349568K)->3959K(349568K)
[21.865s][info ][gc,metaspace   ] GC(1314) Metaspace: 9888K(10176K)->9888K(10176K) NonClass: 8754K(8896K)->8754K(8896K) Class: 1134K(1280K)->1134K(1280K)
[21.865s][info ][gc             ] GC(1314) Pause Young (Allocation Failure) 140M->3M(495M) 0.160ms
[21.865s][info ][gc,cpu         ] GC(1314) User=0.00s Sys=0.00s Real=0.00s
[21.875s][info ][gc,start       ] GC(1315) Pause Young (Allocation Failure)
[21.876s][debug][gc,age         ] GC(1315) Desired survivor size 8945664 bytes, new threshold 15 (max threshold 15)
[21.876s][trace][gc,age         ] GC(1315) Age table with threshold 15 (max threshold 15)
[21.876s][trace][gc,age         ] GC(1315) - age   1:        192 bytes,        192 total
[21.876s][info ][gc,heap        ] GC(1315) DefNew: 139904K(157376K)->0K(157376K) Eden: 139904K(139904K)->0K(139904K) From: 0K(17472K)->0K(17472K)
[21.876s][info ][gc,heap        ] GC(1315) Tenured: 3959K(349568K)->3959K(349568K)
[21.876s][info ][gc,metaspace   ] GC(1315) Metaspace: 9888K(10176K)->9888K(10176K) NonClass: 8754K(8896K)->8754K(8896K) Class: 1134K(1280K)->1134K(1280K)
[21.876s][info ][gc             ] GC(1315) Pause Young (Allocation Failure) 140M->3M(495M) 0.160ms
[21.876s][info ][gc,cpu         ] GC(1315) User=0.00s Sys=0.00s Real=0.00s
[21.886s][info ][gc,start       ] GC(1316) Pause Young (Allocation Failure)
[21.886s][debug][gc,age         ] GC(1316) Desired survivor size 8945664 bytes, new threshold 15 (max threshold 15)
[21.886s][trace][gc,age         ] GC(1316) Age table with threshold 15 (max threshold 15)
[21.886s][trace][gc,age         ] GC(1316) - age   1:        192 bytes,        192 total
[21.886s][info ][gc,heap        ] GC(1316) DefNew: 139904K(157376K)->0K(157376K) Eden: 139904K(139904K)->0K(139904K) From: 0K(17472K)->0K(17472K)
[21.886s][info ][gc,heap        ] GC(1316) Tenured: 3959K(349568K)->3959K(349568K)
[21.886s][info ][gc,metaspace   ] GC(1316) Metaspace: 9888K(10176K)->9888K(10176K) NonClass: 8754K(8896K)->8754K(8896K) Class: 1134K(1280K)->1134K(1280K)
[21.886s][info ][gc             ] GC(1316) Pause Young (Allocation Failure) 140M->3M(495M) 0.166ms
[21.886s][info ][gc,cpu         ] GC(1316) User=0.00s Sys=0.00s Real=0.00s
[21.896s][info ][gc,start       ] GC(1317) Pause Young (Allocation Failure)
[21.896s][debug][gc,age         ] GC(1317) Desired survivor size 8945664 bytes, new threshold 15 (max threshold 15)
[21.896s][trace][gc,age         ] GC(1317) Age table with threshold 15 (max threshold 15)
[21.896s][trace][gc,age         ] GC(1317) - age   1:        192 bytes,        192 total
[21.896s][info ][gc,heap        ] GC(1317) DefNew: 139904K(157376K)->0K(157376K) Eden: 139904K(139904K)->0K(139904K) From: 0K(17472K)->0K(17472K)
[21.896s][info ][gc,heap        ] GC(1317) Tenured: 3959K(349568K)->3959K(349568K)
[21.896s][info ][gc,metaspace   ] GC(1317) Metaspace: 9888K(10176K)->9888K(10176K) NonClass: 8754K(8896K)->8754K(8896K) Class: 1134K(1280K)->1134K(1280K)
[21.896s][info ][gc             ] GC(1317) Pause Young (Allocation Failure) 140M->3M(495M) 0.162ms
[21.896s][info ][gc,cpu         ] GC(1317) User=0.00s Sys=0.00s Real=0.00s
[21.906s][info ][gc,start       ] GC(1318) Pause Young (Allocation Failure)
[21.906s][debug][gc,age         ] GC(1318) Desired survivor size 8945664 bytes, new threshold 15 (max threshold 15)
[21.906s][trace][gc,age         ] GC(1318) Age table with threshold 15 (max threshold 15)
[21.906s][trace][gc,age         ] GC(1318) - age   1:        192 bytes,        192 total
[21.906s][info ][gc,heap        ] GC(1318) DefNew: 139904K(157376K)->0K(157376K) Eden: 139904K(139904K)->0K(139904K) From: 0K(17472K)->0K(17472K)
[21.906s][info ][gc,heap        ] GC(1318) Tenured: 3959K(349568K)->3959K(349568K)
[21.906s][info ][gc,metaspace   ] GC(1318) Metaspace: 9888K(10176K)->9888K(10176K) NonClass: 8754K(8896K)->8754K(8896K) Class: 1134K(1280K)->1134K(1280K)
[21.906s][info ][gc             ] GC(1318) Pause Young (Allocation Failure) 140M->3M(495M) 0.152ms
[21.906s][info ][gc,cpu         ] GC(1318) User=0.00s Sys=0.00s Real=0.00s
[21.916s][info ][gc,start       ] GC(1319) Pause Young (Allocation Failure)
[21.917s][debug][gc,age         ] GC(1319) Desired survivor size 8945664 bytes, new threshold 15 (max threshold 15)
[21.917s][trace][gc,age         ] GC(1319) Age table with threshold 15 (max threshold 15)
[21.917s][trace][gc,age         ] GC(1319) - age   1:        192 bytes,        192 total
[21.917s][info ][gc,heap        ] GC(1319) DefNew: 139904K(157376K)->0K(157376K) Eden: 139904K(139904K)->0K(139904K) From: 0K(17472K)->0K(17472K)
[21.917s][info ][gc,heap        ] GC(1319) Tenured: 3959K(349568K)->3959K(349568K)
[21.917s][info ][gc,metaspace   ] GC(1319) Metaspace: 9888K(10176K)->9888K(10176K) NonClass: 8754K(8896K)->8754K(8896K) Class: 1134K(1280K)->1134K(1280K)
[21.917s][info ][gc             ] GC(1319) Pause Young (Allocation Failure) 140M->3M(495M) 0.154ms
[21.917s][info ][gc,cpu         ] GC(1319) User=0.00s Sys=0.00s Real=0.00s
[21.927s][info ][gc,start       ] GC(1320) Pause Young (Allocation Failure)
[21.927s][debug][gc,age         ] GC(1320) Desired survivor size 8945664 bytes, new threshold 15 (max threshold 15)
[21.927s][trace][gc,age         ] GC(1320) Age table with threshold 15 (max threshold 15)
[21.927s][trace][gc,age         ] GC(1320) - age   1:        192 bytes,        192 total
[21.927s][info ][gc,heap        ] GC(1320) DefNew: 139904K(157376K)->0K(157376K) Eden: 139904K(139904K)->0K(139904K) From: 0K(17472K)->0K(17472K)
[21.927s][info ][gc,heap        ] GC(1320) Tenured: 3959K(349568K)->3959K(349568K)
[21.927s][info ][gc,metaspace   ] GC(1320) Metaspace: 9888K(10176K)->9888K(10176K) NonClass: 8754K(8896K)->8754K(8896K) Class: 1134K(1280K)->1134K(1280K)
[21.927s][info ][gc             ] GC(1320) Pause Young (Allocation Failure) 140M->3M(495M) 0.158ms
[21.927s][info ][gc,cpu         ] GC(1320) User=0.00s Sys=0.00s Real=0.00s
[21.937s][info ][gc,start       ] GC(1321) Pause Young (Allocation Failure)
[21.937s][debug][gc,age         ] GC(1321) Desired survivor size 8945664 bytes, new threshold 15 (max threshold 15)
[21.937s][trace][gc,age         ] GC(1321) Age table with threshold 15 (max threshold 15)
[21.937s][trace][gc,age         ] GC(1321) - age   1:        192 bytes,        192 total
[21.937s][info ][gc,heap        ] GC(1321) DefNew: 139904K(157376K)->0K(157376K) Eden: 139904K(139904K)->0K(139904K) From: 0K(17472K)->0K(17472K)
[21.937s][info ][gc,heap        ] GC(1321) Tenured: 3959K(349568K)->3959K(349568K)
[21.937s][info ][gc,metaspace   ] GC(1321) Metaspace: 9888K(10176K)->9888K(10176K) NonClass: 8754K(8896K)->8754K(8896K) Class: 1134K(1280K)->1134K(1280K)
[21.937s][info ][gc             ] GC(1321) Pause Young (Allocation Failure) 140M->3M(495M) 0.152ms
[21.937s][info ][gc,cpu         ] GC(1321) User=0.00s Sys=0.00s Real=0.00s
[21.947s][info ][gc,start       ] GC(1322) Pause Young (Allocation Failure)
[21.947s][debug][gc,age         ] GC(1322) Desired survivor size 8945664 bytes, new threshold 15 (max threshold 15)
[21.947s][trace][gc,age         ] GC(1322) Age table with threshold 15 (max threshold 15)
[21.947s][trace][gc,age         ] GC(1322) - age   1:        192 bytes,        192 total
[21.947s][info ][gc,heap        ] GC(1322) DefNew: 139904K(157376K)->0K(157376K) Eden: 139904K(139904K)->0K(139904K) From: 0K(17472K)->0K(17472K)
[21.947s][info ][gc,heap        ] GC(1322) Tenured: 3959K(349568K)->3959K(349568K)
[21.947s][info ][gc,metaspace   ] GC(1322) Metaspace: 9888K(10176K)->9888K(10176K) NonClass: 8754K(8896K)->8754K(8896K) Class: 1134K(1280K)->1134K(1280K)
[21.947s][info ][gc             ] GC(1322) Pause Young (Allocation Failure) 140M->3M(495M) 0.163ms
[21.947s][info ][gc,cpu         ] GC(1322) User=0.00s Sys=0.00s Real=0.00s
[21.957s][info ][gc,start       ] GC(1323) Pause Young (Allocation Failure)
[21.957s][debug][gc,age         ] GC(1323) Desired survivor size 8945664 bytes, new threshold 15 (max threshold 15)
[21.957s][trace][gc,age         ] GC(1323) Age table with threshold 15 (max threshold 15)
[21.957s][trace][gc,age         ] GC(1323) - age   1:        192 bytes,        192 total
[21.957s][info ][gc,heap        ] GC(1323) DefNew: 139904K(157376K)->0K(157376K) Eden: 139904K(139904K)->0K(139904K) From: 0K(17472K)->0K(17472K)
[21.957s][info ][gc,heap        ] GC(1323) Tenured: 3959K(349568K)->3959K(349568K)
[21.957s][info ][gc,metaspace   ] GC(1323) Metaspace: 9888K(10176K)->9888K(10176K) NonClass: 8754K(8896K)->8754K(8896K) Class: 1134K(1280K)->1134K(1280K)
[21.957s][info ][gc             ] GC(1323) Pause Young (Allocation Failure) 140M->3M(495M) 0.171ms
[21.957s][info ][gc,cpu         ] GC(1323) User=0.00s Sys=0.00s Real=0.00s
[21.968s][info ][gc,start       ] GC(1324) Pause Young (Allocation Failure)
[21.968s][debug][gc,age         ] GC(1324) Desired survivor size 8945664 bytes, new threshold 15 (max threshold 15)
[21.968s][trace][gc,age         ] GC(1324) Age table with threshold 15 (max threshold 15)
[21.968s][trace][gc,age         ] GC(1324) - age   1:        192 bytes,        192 total
[21.968s][info ][gc,heap        ] GC(1324) DefNew: 139904K(157376K)->0K(157376K) Eden: 139904K(139904K)->0K(139904K) From: 0K(17472K)->0K(17472K)
[21.968s][info ][gc,heap        ] GC(1324) Tenured: 3959K(349568K)->3959K(349568K)
[21.968s][info ][gc,metaspace   ] GC(1324) Metaspace: 9888K(10176K)->9888K(10176K) NonClass: 8754K(8896K)->8754K(8896K) Class: 1134K(1280K)->1134K(1280K)
[21.968s][info ][gc             ] GC(1324) Pause Young (Allocation Failure) 140M->3M(495M) 0.157ms
[21.968s][info ][gc,cpu         ] GC(1324) User=0.00s Sys=0.00s Real=0.00s
[21.978s][info ][gc,start       ] GC(1325) Pause Young (Allocation Failure)
[21.978s][debug][gc,age         ] GC(1325) Desired survivor size 8945664 bytes, new threshold 15 (max threshold 15)
[21.978s][trace][gc,age         ] GC(1325) Age table with threshold 15 (max threshold 15)
[21.978s][trace][gc,age         ] GC(1325) - age   1:        192 bytes,        192 total
[21.978s][info ][gc,heap        ] GC(1325) DefNew: 139904K(157376K)->0K(157376K) Eden: 139904K(139904K)->0K(139904K) From: 0K(17472K)->0K(17472K)
[21.978s][info ][gc,heap        ] GC(1325) Tenured: 3959K(349568K)->3959K(349568K)
[21.978s][info ][gc,metaspace   ] GC(1325) Metaspace: 9888K(10176K)->9888K(10176K) NonClass: 8754K(8896K)->8754K(8896K) Class: 1134K(1280K)->1134K(1280K)
[21.978s][info ][gc             ] GC(1325) Pause Young (Allocation Failure) 140M->3M(495M) 0.154ms
[21.978s][info ][gc,cpu         ] GC(1325) User=0.00s Sys=0.00s Real=0.00s
[21.988s][info ][gc,start       ] GC(1326) Pause Young (Allocation Failure)
[21.988s][debug][gc,age         ] GC(1326) Desired survivor size 8945664 bytes, new threshold 15 (max threshold 15)
[21.988s][trace][gc,age         ] GC(1326) Age table with threshold 15 (max threshold 15)
[21.988s][trace][gc,age         ] GC(1326) - age   1:        192 bytes,        192 total
[21.988s][info ][gc,heap        ] GC(1326) DefNew: 139904K(157376K)->0K(157376K) Eden: 139904K(139904K)->0K(139904K) From: 0K(17472K)->0K(17472K)
[21.988s][info ][gc,heap        ] GC(1326) Tenured: 3959K(349568K)->3959K(349568K)
[21.988s][info ][gc,metaspace   ] GC(1326) Metaspace: 9888K(10176K)->9888K(10176K) NonClass: 8754K(8896K)->8754K(8896K) Class: 1134K(1280K)->1134K(1280K)
[21.988s][info ][gc             ] GC(1326) Pause Young (Allocation Failure) 140M->3M(495M) 0.154ms
[21.988s][info ][gc,cpu         ] GC(1326) User=0.00s Sys=0.00s Real=0.00s
[21.998s][info ][gc,start       ] GC(1327) Pause Young (Allocation Failure)
[21.998s][debug][gc,age         ] GC(1327) Desired survivor size 8945664 bytes, new threshold 15 (max threshold 15)
[21.998s][trace][gc,age         ] GC(1327) Age table with threshold 15 (max threshold 15)
[21.998s][trace][gc,age         ] GC(1327) - age   1:        192 bytes,        192 total
[21.998s][info ][gc,heap        ] GC(1327) DefNew: 139904K(157376K)->0K(157376K) Eden: 139904K(139904K)->0K(139904K) From: 0K(17472K)->0K(17472K)
[21.998s][info ][gc,heap        ] GC(1327) Tenured: 3959K(349568K)->3959K(349568K)
[21.998s][info ][gc,metaspace   ] GC(1327) Metaspace: 9888K(10176K)->9888K(10176K) NonClass: 8754K(8896K)->8754K(8896K) Class: 1134K(1280K)->1134K(1280K)
[21.998s][info ][gc             ] GC(1327) Pause Young (Allocation Failure) 140M->3M(495M) 0.153ms
[21.998s][info ][gc,cpu         ] GC(1327) User=0.00s Sys=0.00s Real=0.00s
[22.008s][info ][gc,start       ] GC(1328) Pause Young (Allocation Failure)
[22.009s][debug][gc,age         ] GC(1328) Desired survivor size 8945664 bytes, new threshold 15 (max threshold 15)
[22.009s][trace][gc,age         ] GC(1328) Age table with threshold 15 (max threshold 15)
[22.009s][trace][gc,age         ] GC(1328) - age   1:        192 bytes,        192 total
[22.009s][info ][gc,heap        ] GC(1328) DefNew: 139904K(157376K)->0K(157376K) Eden: 139904K(139904K)->0K(139904K) From: 0K(17472K)->0K(17472K)
[22.009s][info ][gc,heap        ] GC(1328) Tenured: 3959K(349568K)->3959K(349568K)
[22.009s][info ][gc,metaspace   ] GC(1328) Metaspace: 9888K(10176K)->9888K(10176K) NonClass: 8754K(8896K)->8754K(8896K) Class: 1134K(1280K)->1134K(1280K)
[22.009s][info ][gc             ] GC(1328) Pause Young (Allocation Failure) 140M->3M(495M) 0.152ms
[22.009s][info ][gc,cpu         ] GC(1328) User=0.00s Sys=0.00s Real=0.00s
[22.019s][info ][gc,start       ] GC(1329) Pause Young (Allocation Failure)
[22.019s][debug][gc,age         ] GC(1329) Desired survivor size 8945664 bytes, new threshold 15 (max threshold 15)
[22.019s][trace][gc,age         ] GC(1329) Age table with threshold 15 (max threshold 15)
[22.019s][trace][gc,age         ] GC(1329) - age   1:        192 bytes,        192 total
[22.019s][info ][gc,heap        ] GC(1329) DefNew: 139904K(157376K)->0K(157376K) Eden: 139904K(139904K)->0K(139904K) From: 0K(17472K)->0K(17472K)
[22.019s][info ][gc,heap        ] GC(1329) Tenured: 3959K(349568K)->3959K(349568K)
[22.019s][info ][gc,metaspace   ] GC(1329) Metaspace: 9888K(10176K)->9888K(10176K) NonClass: 8754K(8896K)->8754K(8896K) Class: 1134K(1280K)->1134K(1280K)
[22.019s][info ][gc             ] GC(1329) Pause Young (Allocation Failure) 140M->3M(495M) 0.152ms
[22.019s][info ][gc,cpu         ] GC(1329) User=0.00s Sys=0.00s Real=0.00s
[22.029s][info ][gc,start       ] GC(1330) Pause Young (Allocation Failure)
[22.029s][debug][gc,age         ] GC(1330) Desired survivor size 8945664 bytes, new threshold 15 (max threshold 15)
[22.029s][trace][gc,age         ] GC(1330) Age table with threshold 15 (max threshold 15)
[22.029s][trace][gc,age         ] GC(1330) - age   1:        192 bytes,        192 total
[22.029s][info ][gc,heap        ] GC(1330) DefNew: 139904K(157376K)->0K(157376K) Eden: 139904K(139904K)->0K(139904K) From: 0K(17472K)->0K(17472K)
[22.029s][info ][gc,heap        ] GC(1330) Tenured: 3959K(349568K)->3959K(349568K)
[22.029s][info ][gc,metaspace   ] GC(1330) Metaspace: 9888K(10176K)->9888K(10176K) NonClass: 8754K(8896K)->8754K(8896K) Class: 1134K(1280K)->1134K(1280K)
[22.029s][info ][gc             ] GC(1330) Pause Young (Allocation Failure) 140M->3M(495M) 0.157ms
[22.029s][info ][gc,cpu         ] GC(1330) User=0.00s Sys=0.00s Real=0.00s
[22.039s][info ][gc,start       ] GC(1331) Pause Young (Allocation Failure)
[22.039s][debug][gc,age         ] GC(1331) Desired survivor size 8945664 bytes, new threshold 15 (max threshold 15)
[22.039s][trace][gc,age         ] GC(1331) Age table with threshold 15 (max threshold 15)
[22.039s][trace][gc,age         ] GC(1331) - age   1:        192 bytes,        192 total
[22.039s][info ][gc,heap        ] GC(1331) DefNew: 139904K(157376K)->0K(157376K) Eden: 139904K(139904K)->0K(139904K) From: 0K(17472K)->0K(17472K)
[22.039s][info ][gc,heap        ] GC(1331) Tenured: 3959K(349568K)->3959K(349568K)
[22.039s][info ][gc,metaspace   ] GC(1331) Metaspace: 9888K(10176K)->9888K(10176K) NonClass: 8754K(8896K)->8754K(8896K) Class: 1134K(1280K)->1134K(1280K)
[22.039s][info ][gc             ] GC(1331) Pause Young (Allocation Failure) 140M->3M(495M) 0.152ms
[22.039s][info ][gc,cpu         ] GC(1331) User=0.00s Sys=0.00s Real=0.00s
[22.049s][info ][gc,start       ] GC(1332) Pause Young (Allocation Failure)
[22.049s][debug][gc,age         ] GC(1332) Desired survivor size 8945664 bytes, new threshold 15 (max threshold 15)
[22.049s][trace][gc,age         ] GC(1332) Age table with threshold 15 (max threshold 15)
[22.049s][trace][gc,age         ] GC(1332) - age   1:        192 bytes,        192 total
[22.049s][info ][gc,heap        ] GC(1332) DefNew: 139904K(157376K)->0K(157376K) Eden: 139904K(139904K)->0K(139904K) From: 0K(17472K)->0K(17472K)
[22.049s][info ][gc,heap        ] GC(1332) Tenured: 3959K(349568K)->3959K(349568K)
[22.049s][info ][gc,metaspace   ] GC(1332) Metaspace: 9888K(10176K)->9888K(10176K) NonClass: 8754K(8896K)->8754K(8896K) Class: 1134K(1280K)->1134K(1280K)
[22.049s][info ][gc             ] GC(1332) Pause Young (Allocation Failure) 140M->3M(495M) 0.157ms
[22.049s][info ][gc,cpu         ] GC(1332) User=0.00s Sys=0.00s Real=0.00s
[22.059s][info ][gc,start       ] GC(1333) Pause Young (Allocation Failure)
[22.060s][debug][gc,age         ] GC(1333) Desired survivor size 8945664 bytes, new threshold 15 (max threshold 15)
[22.060s][trace][gc,age         ] GC(1333) Age table with threshold 15 (max threshold 15)
[22.060s][trace][gc,age         ] GC(1333) - age   1:        192 bytes,        192 total
[22.060s][info ][gc,heap        ] GC(1333) DefNew: 139904K(157376K)->0K(157376K) Eden: 139904K(139904K)->0K(139904K) From: 0K(17472K)->0K(17472K)
[22.060s][info ][gc,heap        ] GC(1333) Tenured: 3959K(349568K)->3959K(349568K)
[22.060s][info ][gc,metaspace   ] GC(1333) Metaspace: 9888K(10176K)->9888K(10176K) NonClass: 8754K(8896K)->8754K(8896K) Class: 1134K(1280K)->1134K(1280K)
[22.060s][info ][gc             ] GC(1333) Pause Young (Allocation Failure) 140M->3M(495M) 0.152ms
[22.060s][info ][gc,cpu         ] GC(1333) User=0.00s Sys=0.00s Real=0.00s
[22.070s][info ][gc,start       ] GC(1334) Pause Young (Allocation Failure)
[22.070s][debug][gc,age         ] GC(1334) Desired survivor size 8945664 bytes, new threshold 15 (max threshold 15)
[22.070s][trace][gc,age         ] GC(1334) Age table with threshold 15 (max threshold 15)
[22.070s][trace][gc,age         ] GC(1334) - age   1:        192 bytes,        192 total
[22.070s][info ][gc,heap        ] GC(1334) DefNew: 139904K(157376K)->0K(157376K) Eden: 139904K(139904K)->0K(139904K) From: 0K(17472K)->0K(17472K)
[22.070s][info ][gc,heap        ] GC(1334) Tenured: 3959K(349568K)->3959K(349568K)
[22.070s][info ][gc,metaspace   ] GC(1334) Metaspace: 9888K(10176K)->9888K(10176K) NonClass: 8754K(8896K)->8754K(8896K) Class: 1134K(1280K)->1134K(1280K)
[22.070s][info ][gc             ] GC(1334) Pause Young (Allocation Failure) 140M->3M(495M) 0.159ms
[22.070s][info ][gc,cpu         ] GC(1334) User=0.00s Sys=0.00s Real=0.00s
[22.080s][info ][gc,start       ] GC(1335) Pause Young (Allocation Failure)
[22.080s][debug][gc,age         ] GC(1335) Desired survivor size 8945664 bytes, new threshold 15 (max threshold 15)
[22.080s][trace][gc,age         ] GC(1335) Age table with threshold 15 (max threshold 15)
[22.080s][trace][gc,age         ] GC(1335) - age   1:        192 bytes,        192 total
[22.080s][info ][gc,heap        ] GC(1335) DefNew: 139904K(157376K)->0K(157376K) Eden: 139904K(139904K)->0K(139904K) From: 0K(17472K)->0K(17472K)
[22.080s][info ][gc,heap        ] GC(1335) Tenured: 3959K(349568K)->3959K(349568K)
[22.080s][info ][gc,metaspace   ] GC(1335) Metaspace: 9888K(10176K)->9888K(10176K) NonClass: 8754K(8896K)->8754K(8896K) Class: 1134K(1280K)->1134K(1280K)
[22.080s][info ][gc             ] GC(1335) Pause Young (Allocation Failure) 140M->3M(495M) 0.154ms
[22.080s][info ][gc,cpu         ] GC(1335) User=0.00s Sys=0.00s Real=0.01s
[22.090s][info ][gc,start       ] GC(1336) Pause Young (Allocation Failure)
[22.090s][debug][gc,age         ] GC(1336) Desired survivor size 8945664 bytes, new threshold 15 (max threshold 15)
[22.090s][trace][gc,age         ] GC(1336) Age table with threshold 15 (max threshold 15)
[22.090s][trace][gc,age         ] GC(1336) - age   1:        192 bytes,        192 total
[22.090s][info ][gc,heap        ] GC(1336) DefNew: 139904K(157376K)->0K(157376K) Eden: 139904K(139904K)->0K(139904K) From: 0K(17472K)->0K(17472K)
[22.090s][info ][gc,heap        ] GC(1336) Tenured: 3959K(349568K)->3959K(349568K)
[22.090s][info ][gc,metaspace   ] GC(1336) Metaspace: 9888K(10176K)->9888K(10176K) NonClass: 8754K(8896K)->8754K(8896K) Class: 1134K(1280K)->1134K(1280K)
[22.090s][info ][gc             ] GC(1336) Pause Young (Allocation Failure) 140M->3M(495M) 0.153ms
[22.090s][info ][gc,cpu         ] GC(1336) User=0.00s Sys=0.00s Real=0.00s
[22.100s][info ][gc,start       ] GC(1337) Pause Young (Allocation Failure)
[22.101s][debug][gc,age         ] GC(1337) Desired survivor size 8945664 bytes, new threshold 15 (max threshold 15)
[22.101s][trace][gc,age         ] GC(1337) Age table with threshold 15 (max threshold 15)
[22.101s][trace][gc,age         ] GC(1337) - age   1:        192 bytes,        192 total
[22.101s][info ][gc,heap        ] GC(1337) DefNew: 139904K(157376K)->0K(157376K) Eden: 139904K(139904K)->0K(139904K) From: 0K(17472K)->0K(17472K)
[22.101s][info ][gc,heap        ] GC(1337) Tenured: 3959K(349568K)->3959K(349568K)
[22.101s][info ][gc,metaspace   ] GC(1337) Metaspace: 9888K(10176K)->9888K(10176K) NonClass: 8754K(8896K)->8754K(8896K) Class: 1134K(1280K)->1134K(1280K)
[22.101s][info ][gc             ] GC(1337) Pause Young (Allocation Failure) 140M->3M(495M) 0.151ms
[22.101s][info ][gc,cpu         ] GC(1337) User=0.00s Sys=0.00s Real=0.00s
[22.111s][info ][gc,start       ] GC(1338) Pause Young (Allocation Failure)
[22.111s][debug][gc,age         ] GC(1338) Desired survivor size 8945664 bytes, new threshold 15 (max threshold 15)
[22.111s][trace][gc,age         ] GC(1338) Age table with threshold 15 (max threshold 15)
[22.111s][trace][gc,age         ] GC(1338) - age   1:        192 bytes,        192 total
[22.111s][info ][gc,heap        ] GC(1338) DefNew: 139904K(157376K)->0K(157376K) Eden: 139904K(139904K)->0K(139904K) From: 0K(17472K)->0K(17472K)
[22.111s][info ][gc,heap        ] GC(1338) Tenured: 3959K(349568K)->3959K(349568K)
[22.111s][info ][gc,metaspace   ] GC(1338) Metaspace: 9888K(10176K)->9888K(10176K) NonClass: 8754K(8896K)->8754K(8896K) Class: 1134K(1280K)->1134K(1280K)
[22.111s][info ][gc             ] GC(1338) Pause Young (Allocation Failure) 140M->3M(495M) 0.155ms
[22.111s][info ][gc,cpu         ] GC(1338) User=0.00s Sys=0.00s Real=0.00s
[22.121s][info ][gc,start       ] GC(1339) Pause Young (Allocation Failure)
[22.121s][debug][gc,age         ] GC(1339) Desired survivor size 8945664 bytes, new threshold 15 (max threshold 15)
[22.121s][trace][gc,age         ] GC(1339) Age table with threshold 15 (max threshold 15)
[22.121s][trace][gc,age         ] GC(1339) - age   1:        192 bytes,        192 total
[22.121s][info ][gc,heap        ] GC(1339) DefNew: 139904K(157376K)->0K(157376K) Eden: 139904K(139904K)->0K(139904K) From: 0K(17472K)->0K(17472K)
[22.121s][info ][gc,heap        ] GC(1339) Tenured: 3959K(349568K)->3959K(349568K)
[22.121s][info ][gc,metaspace   ] GC(1339) Metaspace: 9888K(10176K)->9888K(10176K) NonClass: 8754K(8896K)->8754K(8896K) Class: 1134K(1280K)->1134K(1280K)
[22.121s][info ][gc             ] GC(1339) Pause Young (Allocation Failure) 140M->3M(495M) 0.158ms
[22.121s][info ][gc,cpu         ] GC(1339) User=0.00s Sys=0.00s Real=0.00s
[22.131s][info ][gc,start       ] GC(1340) Pause Young (Allocation Failure)
[22.131s][debug][gc,age         ] GC(1340) Desired survivor size 8945664 bytes, new threshold 15 (max threshold 15)
[22.131s][trace][gc,age         ] GC(1340) Age table with threshold 15 (max threshold 15)
[22.131s][trace][gc,age         ] GC(1340) - age   1:        192 bytes,        192 total
[22.131s][info ][gc,heap        ] GC(1340) DefNew: 139904K(157376K)->0K(157376K) Eden: 139904K(139904K)->0K(139904K) From: 0K(17472K)->0K(17472K)
[22.131s][info ][gc,heap        ] GC(1340) Tenured: 3959K(349568K)->3959K(349568K)
[22.131s][info ][gc,metaspace   ] GC(1340) Metaspace: 9888K(10176K)->9888K(10176K) NonClass: 8754K(8896K)->8754K(8896K) Class: 1134K(1280K)->1134K(1280K)
[22.131s][info ][gc             ] GC(1340) Pause Young (Allocation Failure) 140M->3M(495M) 0.154ms
[22.131s][info ][gc,cpu         ] GC(1340) User=0.00s Sys=0.00s Real=0.00s
[22.141s][info ][gc,start       ] GC(1341) Pause Young (Allocation Failure)
[22.141s][debug][gc,age         ] GC(1341) Desired survivor size 8945664 bytes, new threshold 15 (max threshold 15)
[22.141s][trace][gc,age         ] GC(1341) Age table with threshold 15 (max threshold 15)
[22.141s][trace][gc,age         ] GC(1341) - age   1:        192 bytes,        192 total
[22.141s][info ][gc,heap        ] GC(1341) DefNew: 139904K(157376K)->0K(157376K) Eden: 139904K(139904K)->0K(139904K) From: 0K(17472K)->0K(17472K)
[22.141s][info ][gc,heap        ] GC(1341) Tenured: 3959K(349568K)->3959K(349568K)
[22.141s][info ][gc,metaspace   ] GC(1341) Metaspace: 9888K(10176K)->9888K(10176K) NonClass: 8754K(8896K)->8754K(8896K) Class: 1134K(1280K)->1134K(1280K)
[22.141s][info ][gc             ] GC(1341) Pause Young (Allocation Failure) 140M->3M(495M) 0.151ms
[22.141s][info ][gc,cpu         ] GC(1341) User=0.00s Sys=0.00s Real=0.00s
[22.151s][info ][gc,start       ] GC(1342) Pause Young (Allocation Failure)
[22.152s][debug][gc,age         ] GC(1342) Desired survivor size 8945664 bytes, new threshold 15 (max threshold 15)
[22.152s][trace][gc,age         ] GC(1342) Age table with threshold 15 (max threshold 15)
[22.152s][trace][gc,age         ] GC(1342) - age   1:        192 bytes,        192 total
[22.152s][info ][gc,heap        ] GC(1342) DefNew: 139904K(157376K)->0K(157376K) Eden: 139904K(139904K)->0K(139904K) From: 0K(17472K)->0K(17472K)
[22.152s][info ][gc,heap        ] GC(1342) Tenured: 3959K(349568K)->3959K(349568K)
[22.152s][info ][gc,metaspace   ] GC(1342) Metaspace: 9888K(10176K)->9888K(10176K) NonClass: 8754K(8896K)->8754K(8896K) Class: 1134K(1280K)->1134K(1280K)
[22.152s][info ][gc             ] GC(1342) Pause Young (Allocation Failure) 140M->3M(495M) 0.149ms
[22.152s][info ][gc,cpu         ] GC(1342) User=0.00s Sys=0.00s Real=0.00s
[22.162s][info ][gc,start       ] GC(1343) Pause Young (Allocation Failure)
[22.162s][debug][gc,age         ] GC(1343) Desired survivor size 8945664 bytes, new threshold 15 (max threshold 15)
[22.162s][trace][gc,age         ] GC(1343) Age table with threshold 15 (max threshold 15)
[22.162s][trace][gc,age         ] GC(1343) - age   1:        192 bytes,        192 total
[22.162s][info ][gc,heap        ] GC(1343) DefNew: 139904K(157376K)->0K(157376K) Eden: 139904K(139904K)->0K(139904K) From: 0K(17472K)->0K(17472K)
[22.162s][info ][gc,heap        ] GC(1343) Tenured: 3959K(349568K)->3959K(349568K)
[22.162s][info ][gc,metaspace   ] GC(1343) Metaspace: 9888K(10176K)->9888K(10176K) NonClass: 8754K(8896K)->8754K(8896K) Class: 1134K(1280K)->1134K(1280K)
[22.162s][info ][gc             ] GC(1343) Pause Young (Allocation Failure) 140M->3M(495M) 0.151ms
[22.162s][info ][gc,cpu         ] GC(1343) User=0.00s Sys=0.00s Real=0.00s
[22.172s][info ][gc,start       ] GC(1344) Pause Young (Allocation Failure)
[22.172s][debug][gc,age         ] GC(1344) Desired survivor size 8945664 bytes, new threshold 15 (max threshold 15)
[22.172s][trace][gc,age         ] GC(1344) Age table with threshold 15 (max threshold 15)
[22.172s][trace][gc,age         ] GC(1344) - age   1:        192 bytes,        192 total
[22.172s][info ][gc,heap        ] GC(1344) DefNew: 139904K(157376K)->0K(157376K) Eden: 139904K(139904K)->0K(139904K) From: 0K(17472K)->0K(17472K)
[22.172s][info ][gc,heap        ] GC(1344) Tenured: 3959K(349568K)->3959K(349568K)
[22.172s][info ][gc,metaspace   ] GC(1344) Metaspace: 9888K(10176K)->9888K(10176K) NonClass: 8754K(8896K)->8754K(8896K) Class: 1134K(1280K)->1134K(1280K)
[22.172s][info ][gc             ] GC(1344) Pause Young (Allocation Failure) 140M->3M(495M) 0.158ms
[22.172s][info ][gc,cpu         ] GC(1344) User=0.00s Sys=0.00s Real=0.00s
[22.182s][info ][gc,start       ] GC(1345) Pause Young (Allocation Failure)
[22.182s][debug][gc,age         ] GC(1345) Desired survivor size 8945664 bytes, new threshold 15 (max threshold 15)
[22.182s][trace][gc,age         ] GC(1345) Age table with threshold 15 (max threshold 15)
[22.182s][trace][gc,age         ] GC(1345) - age   1:        192 bytes,        192 total
[22.182s][info ][gc,heap        ] GC(1345) DefNew: 139904K(157376K)->0K(157376K) Eden: 139904K(139904K)->0K(139904K) From: 0K(17472K)->0K(17472K)
[22.182s][info ][gc,heap        ] GC(1345) Tenured: 3959K(349568K)->3959K(349568K)
[22.182s][info ][gc,metaspace   ] GC(1345) Metaspace: 9888K(10176K)->9888K(10176K) NonClass: 8754K(8896K)->8754K(8896K) Class: 1134K(1280K)->1134K(1280K)
[22.182s][info ][gc             ] GC(1345) Pause Young (Allocation Failure) 140M->3M(495M) 0.152ms
[22.182s][info ][gc,cpu         ] GC(1345) User=0.00s Sys=0.00s Real=0.00s
[22.192s][info ][gc,start       ] GC(1346) Pause Young (Allocation Failure)
[22.193s][debug][gc,age         ] GC(1346) Desired survivor size 8945664 bytes, new threshold 15 (max threshold 15)
[22.193s][trace][gc,age         ] GC(1346) Age table with threshold 15 (max threshold 15)
[22.193s][trace][gc,age         ] GC(1346) - age   1:        192 bytes,        192 total
[22.193s][info ][gc,heap        ] GC(1346) DefNew: 139904K(157376K)->0K(157376K) Eden: 139904K(139904K)->0K(139904K) From: 0K(17472K)->0K(17472K)
[22.193s][info ][gc,heap        ] GC(1346) Tenured: 3959K(349568K)->3959K(349568K)
[22.193s][info ][gc,metaspace   ] GC(1346) Metaspace: 9888K(10176K)->9888K(10176K) NonClass: 8754K(8896K)->8754K(8896K) Class: 1134K(1280K)->1134K(1280K)
[22.193s][info ][gc             ] GC(1346) Pause Young (Allocation Failure) 140M->3M(495M) 0.150ms
[22.193s][info ][gc,cpu         ] GC(1346) User=0.00s Sys=0.00s Real=0.00s
[22.203s][info ][gc,start       ] GC(1347) Pause Young (Allocation Failure)
[22.203s][debug][gc,age         ] GC(1347) Desired survivor size 8945664 bytes, new threshold 15 (max threshold 15)
[22.203s][trace][gc,age         ] GC(1347) Age table with threshold 15 (max threshold 15)
[22.203s][trace][gc,age         ] GC(1347) - age   1:        192 bytes,        192 total
[22.203s][info ][gc,heap        ] GC(1347) DefNew: 139904K(157376K)->0K(157376K) Eden: 139904K(139904K)->0K(139904K) From: 0K(17472K)->0K(17472K)
[22.203s][info ][gc,heap        ] GC(1347) Tenured: 3959K(349568K)->3959K(349568K)
[22.203s][info ][gc,metaspace   ] GC(1347) Metaspace: 9888K(10176K)->9888K(10176K) NonClass: 8754K(8896K)->8754K(8896K) Class: 1134K(1280K)->1134K(1280K)
[22.203s][info ][gc             ] GC(1347) Pause Young (Allocation Failure) 140M->3M(495M) 0.152ms
[22.203s][info ][gc,cpu         ] GC(1347) User=0.00s Sys=0.00s Real=0.00s
[22.213s][info ][gc,start       ] GC(1348) Pause Young (Allocation Failure)
[22.213s][debug][gc,age         ] GC(1348) Desired survivor size 8945664 bytes, new threshold 15 (max threshold 15)
[22.213s][trace][gc,age         ] GC(1348) Age table with threshold 15 (max threshold 15)
[22.213s][trace][gc,age         ] GC(1348) - age   1:        192 bytes,        192 total
[22.213s][info ][gc,heap        ] GC(1348) DefNew: 139904K(157376K)->0K(157376K) Eden: 139904K(139904K)->0K(139904K) From: 0K(17472K)->0K(17472K)
[22.213s][info ][gc,heap        ] GC(1348) Tenured: 3959K(349568K)->3959K(349568K)
[22.213s][info ][gc,metaspace   ] GC(1348) Metaspace: 9888K(10176K)->9888K(10176K) NonClass: 8754K(8896K)->8754K(8896K) Class: 1134K(1280K)->1134K(1280K)
[22.213s][info ][gc             ] GC(1348) Pause Young (Allocation Failure) 140M->3M(495M) 0.162ms
[22.213s][info ][gc,cpu         ] GC(1348) User=0.00s Sys=0.00s Real=0.00s
[22.223s][info ][gc,start       ] GC(1349) Pause Young (Allocation Failure)
[22.223s][debug][gc,age         ] GC(1349) Desired survivor size 8945664 bytes, new threshold 15 (max threshold 15)
[22.223s][trace][gc,age         ] GC(1349) Age table with threshold 15 (max threshold 15)
[22.223s][trace][gc,age         ] GC(1349) - age   1:        192 bytes,        192 total
[22.223s][info ][gc,heap        ] GC(1349) DefNew: 139904K(157376K)->0K(157376K) Eden: 139904K(139904K)->0K(139904K) From: 0K(17472K)->0K(17472K)
[22.223s][info ][gc,heap        ] GC(1349) Tenured: 3959K(349568K)->3959K(349568K)
[22.223s][info ][gc,metaspace   ] GC(1349) Metaspace: 9888K(10176K)->9888K(10176K) NonClass: 8754K(8896K)->8754K(8896K) Class: 1134K(1280K)->1134K(1280K)
[22.223s][info ][gc             ] GC(1349) Pause Young (Allocation Failure) 140M->3M(495M) 0.153ms
[22.223s][info ][gc,cpu         ] GC(1349) User=0.00s Sys=0.00s Real=0.00s
[22.233s][info ][gc,start       ] GC(1350) Pause Young (Allocation Failure)
[22.234s][debug][gc,age         ] GC(1350) Desired survivor size 8945664 bytes, new threshold 15 (max threshold 15)
[22.234s][trace][gc,age         ] GC(1350) Age table with threshold 15 (max threshold 15)
[22.234s][trace][gc,age         ] GC(1350) - age   1:        192 bytes,        192 total
[22.234s][info ][gc,heap        ] GC(1350) DefNew: 139904K(157376K)->0K(157376K) Eden: 139904K(139904K)->0K(139904K) From: 0K(17472K)->0K(17472K)
[22.234s][info ][gc,heap        ] GC(1350) Tenured: 3959K(349568K)->3959K(349568K)
[22.234s][info ][gc,metaspace   ] GC(1350) Metaspace: 9888K(10176K)->9888K(10176K) NonClass: 8754K(8896K)->8754K(8896K) Class: 1134K(1280K)->1134K(1280K)
[22.234s][info ][gc             ] GC(1350) Pause Young (Allocation Failure) 140M->3M(495M) 0.156ms
[22.234s][info ][gc,cpu         ] GC(1350) User=0.00s Sys=0.00s Real=0.00s
[22.244s][info ][gc,start       ] GC(1351) Pause Young (Allocation Failure)
[22.244s][debug][gc,age         ] GC(1351) Desired survivor size 8945664 bytes, new threshold 15 (max threshold 15)
[22.244s][trace][gc,age         ] GC(1351) Age table with threshold 15 (max threshold 15)
[22.244s][trace][gc,age         ] GC(1351) - age   1:        192 bytes,        192 total
[22.244s][info ][gc,heap        ] GC(1351) DefNew: 139904K(157376K)->0K(157376K) Eden: 139904K(139904K)->0K(139904K) From: 0K(17472K)->0K(17472K)
[22.244s][info ][gc,heap        ] GC(1351) Tenured: 3959K(349568K)->3959K(349568K)
[22.244s][info ][gc,metaspace   ] GC(1351) Metaspace: 9888K(10176K)->9888K(10176K) NonClass: 8754K(8896K)->8754K(8896K) Class: 1134K(1280K)->1134K(1280K)
[22.244s][info ][gc             ] GC(1351) Pause Young (Allocation Failure) 140M->3M(495M) 0.152ms
[22.244s][info ][gc,cpu         ] GC(1351) User=0.00s Sys=0.00s Real=0.00s
[22.254s][info ][gc,start       ] GC(1352) Pause Young (Allocation Failure)
[22.254s][debug][gc,age         ] GC(1352) Desired survivor size 8945664 bytes, new threshold 15 (max threshold 15)
[22.254s][trace][gc,age         ] GC(1352) Age table with threshold 15 (max threshold 15)
[22.254s][trace][gc,age         ] GC(1352) - age   1:        192 bytes,        192 total
[22.254s][info ][gc,heap        ] GC(1352) DefNew: 139904K(157376K)->0K(157376K) Eden: 139904K(139904K)->0K(139904K) From: 0K(17472K)->0K(17472K)
[22.254s][info ][gc,heap        ] GC(1352) Tenured: 3959K(349568K)->3959K(349568K)
[22.254s][info ][gc,metaspace   ] GC(1352) Metaspace: 9888K(10176K)->9888K(10176K) NonClass: 8754K(8896K)->8754K(8896K) Class: 1134K(1280K)->1134K(1280K)
[22.254s][info ][gc             ] GC(1352) Pause Young (Allocation Failure) 140M->3M(495M) 0.155ms
[22.254s][info ][gc,cpu         ] GC(1352) User=0.00s Sys=0.00s Real=0.00s
[22.264s][info ][gc,start       ] GC(1353) Pause Young (Allocation Failure)
[22.264s][debug][gc,age         ] GC(1353) Desired survivor size 8945664 bytes, new threshold 15 (max threshold 15)
[22.264s][trace][gc,age         ] GC(1353) Age table with threshold 15 (max threshold 15)
[22.264s][trace][gc,age         ] GC(1353) - age   1:        192 bytes,        192 total
[22.264s][info ][gc,heap        ] GC(1353) DefNew: 139904K(157376K)->0K(157376K) Eden: 139904K(139904K)->0K(139904K) From: 0K(17472K)->0K(17472K)
[22.264s][info ][gc,heap        ] GC(1353) Tenured: 3959K(349568K)->3959K(349568K)
[22.264s][info ][gc,metaspace   ] GC(1353) Metaspace: 9888K(10176K)->9888K(10176K) NonClass: 8754K(8896K)->8754K(8896K) Class: 1134K(1280K)->1134K(1280K)
[22.264s][info ][gc             ] GC(1353) Pause Young (Allocation Failure) 140M->3M(495M) 0.154ms
[22.264s][info ][gc,cpu         ] GC(1353) User=0.00s Sys=0.00s Real=0.00s
[22.274s][info ][gc,start       ] GC(1354) Pause Young (Allocation Failure)
[22.274s][debug][gc,age         ] GC(1354) Desired survivor size 8945664 bytes, new threshold 15 (max threshold 15)
[22.274s][trace][gc,age         ] GC(1354) Age table with threshold 15 (max threshold 15)
[22.274s][trace][gc,age         ] GC(1354) - age   1:        192 bytes,        192 total
[22.274s][info ][gc,heap        ] GC(1354) DefNew: 139904K(157376K)->0K(157376K) Eden: 139904K(139904K)->0K(139904K) From: 0K(17472K)->0K(17472K)
[22.274s][info ][gc,heap        ] GC(1354) Tenured: 3959K(349568K)->3959K(349568K)
[22.274s][info ][gc,metaspace   ] GC(1354) Metaspace: 9888K(10176K)->9888K(10176K) NonClass: 8754K(8896K)->8754K(8896K) Class: 1134K(1280K)->1134K(1280K)
[22.274s][info ][gc             ] GC(1354) Pause Young (Allocation Failure) 140M->3M(495M) 0.161ms
[22.274s][info ][gc,cpu         ] GC(1354) User=0.00s Sys=0.00s Real=0.00s
[22.285s][info ][gc,start       ] GC(1355) Pause Young (Allocation Failure)
[22.285s][debug][gc,age         ] GC(1355) Desired survivor size 8945664 bytes, new threshold 15 (max threshold 15)
[22.285s][trace][gc,age         ] GC(1355) Age table with threshold 15 (max threshold 15)
[22.285s][trace][gc,age         ] GC(1355) - age   1:        192 bytes,        192 total
[22.285s][info ][gc,heap        ] GC(1355) DefNew: 139904K(157376K)->0K(157376K) Eden: 139904K(139904K)->0K(139904K) From: 0K(17472K)->0K(17472K)
[22.285s][info ][gc,heap        ] GC(1355) Tenured: 3959K(349568K)->3959K(349568K)
[22.285s][info ][gc,metaspace   ] GC(1355) Metaspace: 9888K(10176K)->9888K(10176K) NonClass: 8754K(8896K)->8754K(8896K) Class: 1134K(1280K)->1134K(1280K)
[22.285s][info ][gc             ] GC(1355) Pause Young (Allocation Failure) 140M->3M(495M) 0.162ms
[22.285s][info ][gc,cpu         ] GC(1355) User=0.00s Sys=0.00s Real=0.00s
[22.295s][info ][gc,start       ] GC(1356) Pause Young (Allocation Failure)
[22.295s][debug][gc,age         ] GC(1356) Desired survivor size 8945664 bytes, new threshold 15 (max threshold 15)
[22.295s][trace][gc,age         ] GC(1356) Age table with threshold 15 (max threshold 15)
[22.295s][trace][gc,age         ] GC(1356) - age   1:        192 bytes,        192 total
[22.295s][info ][gc,heap        ] GC(1356) DefNew: 139904K(157376K)->0K(157376K) Eden: 139904K(139904K)->0K(139904K) From: 0K(17472K)->0K(17472K)
[22.295s][info ][gc,heap        ] GC(1356) Tenured: 3959K(349568K)->3959K(349568K)
[22.295s][info ][gc,metaspace   ] GC(1356) Metaspace: 9888K(10176K)->9888K(10176K) NonClass: 8754K(8896K)->8754K(8896K) Class: 1134K(1280K)->1134K(1280K)
[22.295s][info ][gc             ] GC(1356) Pause Young (Allocation Failure) 140M->3M(495M) 0.154ms
[22.295s][info ][gc,cpu         ] GC(1356) User=0.00s Sys=0.00s Real=0.00s
[22.305s][info ][gc,start       ] GC(1357) Pause Young (Allocation Failure)
[22.305s][debug][gc,age         ] GC(1357) Desired survivor size 8945664 bytes, new threshold 15 (max threshold 15)
[22.305s][trace][gc,age         ] GC(1357) Age table with threshold 15 (max threshold 15)
[22.305s][trace][gc,age         ] GC(1357) - age   1:        192 bytes,        192 total
[22.305s][info ][gc,heap        ] GC(1357) DefNew: 139904K(157376K)->0K(157376K) Eden: 139904K(139904K)->0K(139904K) From: 0K(17472K)->0K(17472K)
[22.305s][info ][gc,heap        ] GC(1357) Tenured: 3959K(349568K)->3959K(349568K)
[22.305s][info ][gc,metaspace   ] GC(1357) Metaspace: 9888K(10176K)->9888K(10176K) NonClass: 8754K(8896K)->8754K(8896K) Class: 1134K(1280K)->1134K(1280K)
[22.305s][info ][gc             ] GC(1357) Pause Young (Allocation Failure) 140M->3M(495M) 0.150ms
[22.305s][info ][gc,cpu         ] GC(1357) User=0.00s Sys=0.00s Real=0.00s
[22.315s][info ][gc,start       ] GC(1358) Pause Young (Allocation Failure)
[22.315s][debug][gc,age         ] GC(1358) Desired survivor size 8945664 bytes, new threshold 15 (max threshold 15)
[22.315s][trace][gc,age         ] GC(1358) Age table with threshold 15 (max threshold 15)
[22.315s][trace][gc,age         ] GC(1358) - age   1:        192 bytes,        192 total
[22.315s][info ][gc,heap        ] GC(1358) DefNew: 139904K(157376K)->0K(157376K) Eden: 139904K(139904K)->0K(139904K) From: 0K(17472K)->0K(17472K)
[22.315s][info ][gc,heap        ] GC(1358) Tenured: 3959K(349568K)->3959K(349568K)
[22.315s][info ][gc,metaspace   ] GC(1358) Metaspace: 9888K(10176K)->9888K(10176K) NonClass: 8754K(8896K)->8754K(8896K) Class: 1134K(1280K)->1134K(1280K)
[22.315s][info ][gc             ] GC(1358) Pause Young (Allocation Failure) 140M->3M(495M) 0.150ms
[22.315s][info ][gc,cpu         ] GC(1358) User=0.00s Sys=0.00s Real=0.00s
[22.325s][info ][gc,start       ] GC(1359) Pause Young (Allocation Failure)
[22.326s][debug][gc,age         ] GC(1359) Desired survivor size 8945664 bytes, new threshold 15 (max threshold 15)
[22.326s][trace][gc,age         ] GC(1359) Age table with threshold 15 (max threshold 15)
[22.326s][trace][gc,age         ] GC(1359) - age   1:        192 bytes,        192 total
[22.326s][info ][gc,heap        ] GC(1359) DefNew: 139904K(157376K)->0K(157376K) Eden: 139904K(139904K)->0K(139904K) From: 0K(17472K)->0K(17472K)
[22.326s][info ][gc,heap        ] GC(1359) Tenured: 3959K(349568K)->3959K(349568K)
[22.326s][info ][gc,metaspace   ] GC(1359) Metaspace: 9888K(10176K)->9888K(10176K) NonClass: 8754K(8896K)->8754K(8896K) Class: 1134K(1280K)->1134K(1280K)
[22.326s][info ][gc             ] GC(1359) Pause Young (Allocation Failure) 140M->3M(495M) 0.153ms
[22.326s][info ][gc,cpu         ] GC(1359) User=0.00s Sys=0.00s Real=0.00s
[22.336s][info ][gc,start       ] GC(1360) Pause Young (Allocation Failure)
[22.336s][debug][gc,age         ] GC(1360) Desired survivor size 8945664 bytes, new threshold 15 (max threshold 15)
[22.336s][trace][gc,age         ] GC(1360) Age table with threshold 15 (max threshold 15)
[22.336s][trace][gc,age         ] GC(1360) - age   1:        192 bytes,        192 total
[22.336s][info ][gc,heap        ] GC(1360) DefNew: 139904K(157376K)->0K(157376K) Eden: 139904K(139904K)->0K(139904K) From: 0K(17472K)->0K(17472K)
[22.336s][info ][gc,heap        ] GC(1360) Tenured: 3959K(349568K)->3959K(349568K)
[22.336s][info ][gc,metaspace   ] GC(1360) Metaspace: 9888K(10176K)->9888K(10176K) NonClass: 8754K(8896K)->8754K(8896K) Class: 1134K(1280K)->1134K(1280K)
[22.336s][info ][gc             ] GC(1360) Pause Young (Allocation Failure) 140M->3M(495M) 0.149ms
[22.336s][info ][gc,cpu         ] GC(1360) User=0.00s Sys=0.00s Real=0.00s
[22.346s][info ][gc,start       ] GC(1361) Pause Young (Allocation Failure)
[22.346s][debug][gc,age         ] GC(1361) Desired survivor size 8945664 bytes, new threshold 15 (max threshold 15)
[22.346s][trace][gc,age         ] GC(1361) Age table with threshold 15 (max threshold 15)
[22.346s][trace][gc,age         ] GC(1361) - age   1:        192 bytes,        192 total
[22.346s][info ][gc,heap        ] GC(1361) DefNew: 139904K(157376K)->0K(157376K) Eden: 139904K(139904K)->0K(139904K) From: 0K(17472K)->0K(17472K)
[22.346s][info ][gc,heap        ] GC(1361) Tenured: 3959K(349568K)->3959K(349568K)
[22.346s][info ][gc,metaspace   ] GC(1361) Metaspace: 9888K(10176K)->9888K(10176K) NonClass: 8754K(8896K)->8754K(8896K) Class: 1134K(1280K)->1134K(1280K)
[22.346s][info ][gc             ] GC(1361) Pause Young (Allocation Failure) 140M->3M(495M) 0.152ms
[22.346s][info ][gc,cpu         ] GC(1361) User=0.00s Sys=0.00s Real=0.00s
[22.356s][info ][gc,start       ] GC(1362) Pause Young (Allocation Failure)
[22.356s][debug][gc,age         ] GC(1362) Desired survivor size 8945664 bytes, new threshold 15 (max threshold 15)
[22.356s][trace][gc,age         ] GC(1362) Age table with threshold 15 (max threshold 15)
[22.356s][trace][gc,age         ] GC(1362) - age   1:        192 bytes,        192 total
[22.356s][info ][gc,heap        ] GC(1362) DefNew: 139904K(157376K)->0K(157376K) Eden: 139904K(139904K)->0K(139904K) From: 0K(17472K)->0K(17472K)
[22.356s][info ][gc,heap        ] GC(1362) Tenured: 3959K(349568K)->3959K(349568K)
[22.356s][info ][gc,metaspace   ] GC(1362) Metaspace: 9888K(10176K)->9888K(10176K) NonClass: 8754K(8896K)->8754K(8896K) Class: 1134K(1280K)->1134K(1280K)
[22.356s][info ][gc             ] GC(1362) Pause Young (Allocation Failure) 140M->3M(495M) 0.152ms
[22.356s][info ][gc,cpu         ] GC(1362) User=0.00s Sys=0.00s Real=0.00s
[22.366s][info ][gc,start       ] GC(1363) Pause Young (Allocation Failure)
[22.366s][debug][gc,age         ] GC(1363) Desired survivor size 8945664 bytes, new threshold 15 (max threshold 15)
[22.366s][trace][gc,age         ] GC(1363) Age table with threshold 15 (max threshold 15)
[22.366s][trace][gc,age         ] GC(1363) - age   1:        192 bytes,        192 total
[22.366s][info ][gc,heap        ] GC(1363) DefNew: 139904K(157376K)->0K(157376K) Eden: 139904K(139904K)->0K(139904K) From: 0K(17472K)->0K(17472K)
[22.366s][info ][gc,heap        ] GC(1363) Tenured: 3959K(349568K)->3959K(349568K)
[22.366s][info ][gc,metaspace   ] GC(1363) Metaspace: 9888K(10176K)->9888K(10176K) NonClass: 8754K(8896K)->8754K(8896K) Class: 1134K(1280K)->1134K(1280K)
[22.366s][info ][gc             ] GC(1363) Pause Young (Allocation Failure) 140M->3M(495M) 0.153ms
[22.366s][info ][gc,cpu         ] GC(1363) User=0.00s Sys=0.00s Real=0.00s
[22.376s][info ][gc,start       ] GC(1364) Pause Young (Allocation Failure)
[22.377s][debug][gc,age         ] GC(1364) Desired survivor size 8945664 bytes, new threshold 15 (max threshold 15)
[22.377s][trace][gc,age         ] GC(1364) Age table with threshold 15 (max threshold 15)
[22.377s][trace][gc,age         ] GC(1364) - age   1:        192 bytes,        192 total
[22.377s][info ][gc,heap        ] GC(1364) DefNew: 139904K(157376K)->0K(157376K) Eden: 139904K(139904K)->0K(139904K) From: 0K(17472K)->0K(17472K)
[22.377s][info ][gc,heap        ] GC(1364) Tenured: 3959K(349568K)->3959K(349568K)
[22.377s][info ][gc,metaspace   ] GC(1364) Metaspace: 9888K(10176K)->9888K(10176K) NonClass: 8754K(8896K)->8754K(8896K) Class: 1134K(1280K)->1134K(1280K)
[22.377s][info ][gc             ] GC(1364) Pause Young (Allocation Failure) 140M->3M(495M) 0.157ms
[22.377s][info ][gc,cpu         ] GC(1364) User=0.00s Sys=0.00s Real=0.00s
[22.387s][info ][gc,start       ] GC(1365) Pause Young (Allocation Failure)
[22.387s][debug][gc,age         ] GC(1365) Desired survivor size 8945664 bytes, new threshold 15 (max threshold 15)
[22.387s][trace][gc,age         ] GC(1365) Age table with threshold 15 (max threshold 15)
[22.387s][trace][gc,age         ] GC(1365) - age   1:        192 bytes,        192 total
[22.387s][info ][gc,heap        ] GC(1365) DefNew: 139904K(157376K)->0K(157376K) Eden: 139904K(139904K)->0K(139904K) From: 0K(17472K)->0K(17472K)
[22.387s][info ][gc,heap        ] GC(1365) Tenured: 3959K(349568K)->3959K(349568K)
[22.387s][info ][gc,metaspace   ] GC(1365) Metaspace: 9888K(10176K)->9888K(10176K) NonClass: 8754K(8896K)->8754K(8896K) Class: 1134K(1280K)->1134K(1280K)
[22.387s][info ][gc             ] GC(1365) Pause Young (Allocation Failure) 140M->3M(495M) 0.153ms
[22.387s][info ][gc,cpu         ] GC(1365) User=0.00s Sys=0.00s Real=0.00s
[22.397s][info ][gc,start       ] GC(1366) Pause Young (Allocation Failure)
[22.397s][debug][gc,age         ] GC(1366) Desired survivor size 8945664 bytes, new threshold 15 (max threshold 15)
[22.397s][trace][gc,age         ] GC(1366) Age table with threshold 15 (max threshold 15)
[22.397s][trace][gc,age         ] GC(1366) - age   1:        192 bytes,        192 total
[22.397s][info ][gc,heap        ] GC(1366) DefNew: 139904K(157376K)->0K(157376K) Eden: 139904K(139904K)->0K(139904K) From: 0K(17472K)->0K(17472K)
[22.397s][info ][gc,heap        ] GC(1366) Tenured: 3959K(349568K)->3959K(349568K)
[22.397s][info ][gc,metaspace   ] GC(1366) Metaspace: 9888K(10176K)->9888K(10176K) NonClass: 8754K(8896K)->8754K(8896K) Class: 1134K(1280K)->1134K(1280K)
[22.397s][info ][gc             ] GC(1366) Pause Young (Allocation Failure) 140M->3M(495M) 0.153ms
[22.397s][info ][gc,cpu         ] GC(1366) User=0.00s Sys=0.00s Real=0.00s
[22.407s][info ][gc,start       ] GC(1367) Pause Young (Allocation Failure)
[22.407s][debug][gc,age         ] GC(1367) Desired survivor size 8945664 bytes, new threshold 15 (max threshold 15)
[22.407s][trace][gc,age         ] GC(1367) Age table with threshold 15 (max threshold 15)
[22.407s][trace][gc,age         ] GC(1367) - age   1:        192 bytes,        192 total
[22.407s][info ][gc,heap        ] GC(1367) DefNew: 139904K(157376K)->0K(157376K) Eden: 139904K(139904K)->0K(139904K) From: 0K(17472K)->0K(17472K)
[22.407s][info ][gc,heap        ] GC(1367) Tenured: 3959K(349568K)->3959K(349568K)
[22.407s][info ][gc,metaspace   ] GC(1367) Metaspace: 9888K(10176K)->9888K(10176K) NonClass: 8754K(8896K)->8754K(8896K) Class: 1134K(1280K)->1134K(1280K)
[22.407s][info ][gc             ] GC(1367) Pause Young (Allocation Failure) 140M->3M(495M) 0.150ms
[22.407s][info ][gc,cpu         ] GC(1367) User=0.01s Sys=0.00s Real=0.00s
[22.417s][info ][gc,start       ] GC(1368) Pause Young (Allocation Failure)
[22.417s][debug][gc,age         ] GC(1368) Desired survivor size 8945664 bytes, new threshold 15 (max threshold 15)
[22.417s][trace][gc,age         ] GC(1368) Age table with threshold 15 (max threshold 15)
[22.417s][trace][gc,age         ] GC(1368) - age   1:        192 bytes,        192 total
[22.417s][info ][gc,heap        ] GC(1368) DefNew: 139904K(157376K)->0K(157376K) Eden: 139904K(139904K)->0K(139904K) From: 0K(17472K)->0K(17472K)
[22.417s][info ][gc,heap        ] GC(1368) Tenured: 3959K(349568K)->3959K(349568K)
[22.417s][info ][gc,metaspace   ] GC(1368) Metaspace: 9888K(10176K)->9888K(10176K) NonClass: 8754K(8896K)->8754K(8896K) Class: 1134K(1280K)->1134K(1280K)
[22.417s][info ][gc             ] GC(1368) Pause Young (Allocation Failure) 140M->3M(495M) 0.153ms
[22.417s][info ][gc,cpu         ] GC(1368) User=0.00s Sys=0.00s Real=0.00s
[22.428s][info ][gc,start       ] GC(1369) Pause Young (Allocation Failure)
[22.428s][debug][gc,age         ] GC(1369) Desired survivor size 8945664 bytes, new threshold 15 (max threshold 15)
[22.428s][trace][gc,age         ] GC(1369) Age table with threshold 15 (max threshold 15)
[22.428s][trace][gc,age         ] GC(1369) - age   1:        192 bytes,        192 total
[22.428s][info ][gc,heap        ] GC(1369) DefNew: 139904K(157376K)->0K(157376K) Eden: 139904K(139904K)->0K(139904K) From: 0K(17472K)->0K(17472K)
[22.428s][info ][gc,heap        ] GC(1369) Tenured: 3959K(349568K)->3959K(349568K)
[22.428s][info ][gc,metaspace   ] GC(1369) Metaspace: 9888K(10176K)->9888K(10176K) NonClass: 8754K(8896K)->8754K(8896K) Class: 1134K(1280K)->1134K(1280K)
[22.428s][info ][gc             ] GC(1369) Pause Young (Allocation Failure) 140M->3M(495M) 0.152ms
[22.428s][info ][gc,cpu         ] GC(1369) User=0.00s Sys=0.00s Real=0.00s
[22.438s][info ][gc,start       ] GC(1370) Pause Young (Allocation Failure)
[22.438s][debug][gc,age         ] GC(1370) Desired survivor size 8945664 bytes, new threshold 15 (max threshold 15)
[22.438s][trace][gc,age         ] GC(1370) Age table with threshold 15 (max threshold 15)
[22.438s][trace][gc,age         ] GC(1370) - age   1:        192 bytes,        192 total
[22.438s][info ][gc,heap        ] GC(1370) DefNew: 139904K(157376K)->0K(157376K) Eden: 139904K(139904K)->0K(139904K) From: 0K(17472K)->0K(17472K)
[22.438s][info ][gc,heap        ] GC(1370) Tenured: 3959K(349568K)->3959K(349568K)
[22.438s][info ][gc,metaspace   ] GC(1370) Metaspace: 9888K(10176K)->9888K(10176K) NonClass: 8754K(8896K)->8754K(8896K) Class: 1134K(1280K)->1134K(1280K)
[22.438s][info ][gc             ] GC(1370) Pause Young (Allocation Failure) 140M->3M(495M) 0.151ms
[22.438s][info ][gc,cpu         ] GC(1370) User=0.00s Sys=0.00s Real=0.00s
[22.448s][info ][gc,start       ] GC(1371) Pause Young (Allocation Failure)
[22.448s][debug][gc,age         ] GC(1371) Desired survivor size 8945664 bytes, new threshold 15 (max threshold 15)
[22.448s][trace][gc,age         ] GC(1371) Age table with threshold 15 (max threshold 15)
[22.448s][trace][gc,age         ] GC(1371) - age   1:        192 bytes,        192 total
[22.448s][info ][gc,heap        ] GC(1371) DefNew: 139904K(157376K)->0K(157376K) Eden: 139904K(139904K)->0K(139904K) From: 0K(17472K)->0K(17472K)
[22.448s][info ][gc,heap        ] GC(1371) Tenured: 3959K(349568K)->3959K(349568K)
[22.448s][info ][gc,metaspace   ] GC(1371) Metaspace: 9888K(10176K)->9888K(10176K) NonClass: 8754K(8896K)->8754K(8896K) Class: 1134K(1280K)->1134K(1280K)
[22.448s][info ][gc             ] GC(1371) Pause Young (Allocation Failure) 140M->3M(495M) 0.152ms
[22.448s][info ][gc,cpu         ] GC(1371) User=0.00s Sys=0.00s Real=0.00s
[22.458s][info ][gc,start       ] GC(1372) Pause Young (Allocation Failure)
[22.458s][debug][gc,age         ] GC(1372) Desired survivor size 8945664 bytes, new threshold 15 (max threshold 15)
[22.458s][trace][gc,age         ] GC(1372) Age table with threshold 15 (max threshold 15)
[22.458s][trace][gc,age         ] GC(1372) - age   1:        192 bytes,        192 total
[22.458s][info ][gc,heap        ] GC(1372) DefNew: 139904K(157376K)->0K(157376K) Eden: 139904K(139904K)->0K(139904K) From: 0K(17472K)->0K(17472K)
[22.458s][info ][gc,heap        ] GC(1372) Tenured: 3959K(349568K)->3959K(349568K)
[22.458s][info ][gc,metaspace   ] GC(1372) Metaspace: 9888K(10176K)->9888K(10176K) NonClass: 8754K(8896K)->8754K(8896K) Class: 1134K(1280K)->1134K(1280K)
[22.458s][info ][gc             ] GC(1372) Pause Young (Allocation Failure) 140M->3M(495M) 0.154ms
[22.458s][info ][gc,cpu         ] GC(1372) User=0.00s Sys=0.00s Real=0.00s
[22.468s][info ][gc,start       ] GC(1373) Pause Young (Allocation Failure)
[22.468s][debug][gc,age         ] GC(1373) Desired survivor size 8945664 bytes, new threshold 15 (max threshold 15)
[22.468s][trace][gc,age         ] GC(1373) Age table with threshold 15 (max threshold 15)
[22.468s][trace][gc,age         ] GC(1373) - age   1:        192 bytes,        192 total
[22.468s][info ][gc,heap        ] GC(1373) DefNew: 139904K(157376K)->0K(157376K) Eden: 139904K(139904K)->0K(139904K) From: 0K(17472K)->0K(17472K)
[22.468s][info ][gc,heap        ] GC(1373) Tenured: 3959K(349568K)->3959K(349568K)
[22.468s][info ][gc,metaspace   ] GC(1373) Metaspace: 9888K(10176K)->9888K(10176K) NonClass: 8754K(8896K)->8754K(8896K) Class: 1134K(1280K)->1134K(1280K)
[22.469s][info ][gc             ] GC(1373) Pause Young (Allocation Failure) 140M->3M(495M) 0.151ms
[22.469s][info ][gc,cpu         ] GC(1373) User=0.00s Sys=0.00s Real=0.00s
[22.479s][info ][gc,start       ] GC(1374) Pause Young (Allocation Failure)
[22.479s][debug][gc,age         ] GC(1374) Desired survivor size 8945664 bytes, new threshold 15 (max threshold 15)
[22.479s][trace][gc,age         ] GC(1374) Age table with threshold 15 (max threshold 15)
[22.479s][trace][gc,age         ] GC(1374) - age   1:        192 bytes,        192 total
[22.479s][info ][gc,heap        ] GC(1374) DefNew: 139904K(157376K)->0K(157376K) Eden: 139904K(139904K)->0K(139904K) From: 0K(17472K)->0K(17472K)
[22.479s][info ][gc,heap        ] GC(1374) Tenured: 3959K(349568K)->3959K(349568K)
[22.479s][info ][gc,metaspace   ] GC(1374) Metaspace: 9888K(10176K)->9888K(10176K) NonClass: 8754K(8896K)->8754K(8896K) Class: 1134K(1280K)->1134K(1280K)
[22.479s][info ][gc             ] GC(1374) Pause Young (Allocation Failure) 140M->3M(495M) 0.149ms
[22.479s][info ][gc,cpu         ] GC(1374) User=0.00s Sys=0.00s Real=0.00s
[22.489s][info ][gc,start       ] GC(1375) Pause Young (Allocation Failure)
[22.489s][debug][gc,age         ] GC(1375) Desired survivor size 8945664 bytes, new threshold 15 (max threshold 15)
[22.489s][trace][gc,age         ] GC(1375) Age table with threshold 15 (max threshold 15)
[22.489s][trace][gc,age         ] GC(1375) - age   1:        192 bytes,        192 total
[22.489s][info ][gc,heap        ] GC(1375) DefNew: 139904K(157376K)->0K(157376K) Eden: 139904K(139904K)->0K(139904K) From: 0K(17472K)->0K(17472K)
[22.489s][info ][gc,heap        ] GC(1375) Tenured: 3959K(349568K)->3959K(349568K)
[22.489s][info ][gc,metaspace   ] GC(1375) Metaspace: 9888K(10176K)->9888K(10176K) NonClass: 8754K(8896K)->8754K(8896K) Class: 1134K(1280K)->1134K(1280K)
[22.489s][info ][gc             ] GC(1375) Pause Young (Allocation Failure) 140M->3M(495M) 0.157ms
[22.489s][info ][gc,cpu         ] GC(1375) User=0.00s Sys=0.00s Real=0.00s
[22.499s][info ][gc,start       ] GC(1376) Pause Young (Allocation Failure)
[22.499s][debug][gc,age         ] GC(1376) Desired survivor size 8945664 bytes, new threshold 15 (max threshold 15)
[22.499s][trace][gc,age         ] GC(1376) Age table with threshold 15 (max threshold 15)
[22.499s][trace][gc,age         ] GC(1376) - age   1:        192 bytes,        192 total
[22.499s][info ][gc,heap        ] GC(1376) DefNew: 139904K(157376K)->0K(157376K) Eden: 139904K(139904K)->0K(139904K) From: 0K(17472K)->0K(17472K)
[22.499s][info ][gc,heap        ] GC(1376) Tenured: 3959K(349568K)->3959K(349568K)
[22.499s][info ][gc,metaspace   ] GC(1376) Metaspace: 9888K(10176K)->9888K(10176K) NonClass: 8754K(8896K)->8754K(8896K) Class: 1134K(1280K)->1134K(1280K)
[22.499s][info ][gc             ] GC(1376) Pause Young (Allocation Failure) 140M->3M(495M) 0.155ms
[22.499s][info ][gc,cpu         ] GC(1376) User=0.00s Sys=0.00s Real=0.00s
[22.509s][info ][gc,start       ] GC(1377) Pause Young (Allocation Failure)
[22.509s][debug][gc,age         ] GC(1377) Desired survivor size 8945664 bytes, new threshold 15 (max threshold 15)
[22.509s][trace][gc,age         ] GC(1377) Age table with threshold 15 (max threshold 15)
[22.509s][trace][gc,age         ] GC(1377) - age   1:        192 bytes,        192 total
[22.509s][info ][gc,heap        ] GC(1377) DefNew: 139904K(157376K)->0K(157376K) Eden: 139904K(139904K)->0K(139904K) From: 0K(17472K)->0K(17472K)
[22.509s][info ][gc,heap        ] GC(1377) Tenured: 3959K(349568K)->3959K(349568K)
[22.509s][info ][gc,metaspace   ] GC(1377) Metaspace: 9888K(10176K)->9888K(10176K) NonClass: 8754K(8896K)->8754K(8896K) Class: 1134K(1280K)->1134K(1280K)
[22.509s][info ][gc             ] GC(1377) Pause Young (Allocation Failure) 140M->3M(495M) 0.154ms
[22.509s][info ][gc,cpu         ] GC(1377) User=0.00s Sys=0.00s Real=0.00s
[22.519s][info ][gc,start       ] GC(1378) Pause Young (Allocation Failure)
[22.520s][debug][gc,age         ] GC(1378) Desired survivor size 8945664 bytes, new threshold 15 (max threshold 15)
[22.520s][trace][gc,age         ] GC(1378) Age table with threshold 15 (max threshold 15)
[22.520s][trace][gc,age         ] GC(1378) - age   1:        192 bytes,        192 total
[22.520s][info ][gc,heap        ] GC(1378) DefNew: 139904K(157376K)->0K(157376K) Eden: 139904K(139904K)->0K(139904K) From: 0K(17472K)->0K(17472K)
[22.520s][info ][gc,heap        ] GC(1378) Tenured: 3959K(349568K)->3959K(349568K)
[22.520s][info ][gc,metaspace   ] GC(1378) Metaspace: 9888K(10176K)->9888K(10176K) NonClass: 8754K(8896K)->8754K(8896K) Class: 1134K(1280K)->1134K(1280K)
[22.520s][info ][gc             ] GC(1378) Pause Young (Allocation Failure) 140M->3M(495M) 0.152ms
[22.520s][info ][gc,cpu         ] GC(1378) User=0.00s Sys=0.00s Real=0.00s
[22.530s][info ][gc,start       ] GC(1379) Pause Young (Allocation Failure)
[22.530s][debug][gc,age         ] GC(1379) Desired survivor size 8945664 bytes, new threshold 15 (max threshold 15)
[22.530s][trace][gc,age         ] GC(1379) Age table with threshold 15 (max threshold 15)
[22.530s][trace][gc,age         ] GC(1379) - age   1:        192 bytes,        192 total
[22.530s][info ][gc,heap        ] GC(1379) DefNew: 139904K(157376K)->0K(157376K) Eden: 139904K(139904K)->0K(139904K) From: 0K(17472K)->0K(17472K)
[22.530s][info ][gc,heap        ] GC(1379) Tenured: 3959K(349568K)->3959K(349568K)
[22.530s][info ][gc,metaspace   ] GC(1379) Metaspace: 9888K(10176K)->9888K(10176K) NonClass: 8754K(8896K)->8754K(8896K) Class: 1134K(1280K)->1134K(1280K)
[22.530s][info ][gc             ] GC(1379) Pause Young (Allocation Failure) 140M->3M(495M) 0.155ms
[22.530s][info ][gc,cpu         ] GC(1379) User=0.00s Sys=0.00s Real=0.00s
[22.540s][info ][gc,start       ] GC(1380) Pause Young (Allocation Failure)
[22.540s][debug][gc,age         ] GC(1380) Desired survivor size 8945664 bytes, new threshold 15 (max threshold 15)
[22.540s][trace][gc,age         ] GC(1380) Age table with threshold 15 (max threshold 15)
[22.540s][trace][gc,age         ] GC(1380) - age   1:        192 bytes,        192 total
[22.540s][info ][gc,heap        ] GC(1380) DefNew: 139904K(157376K)->0K(157376K) Eden: 139904K(139904K)->0K(139904K) From: 0K(17472K)->0K(17472K)
[22.540s][info ][gc,heap        ] GC(1380) Tenured: 3959K(349568K)->3959K(349568K)
[22.540s][info ][gc,metaspace   ] GC(1380) Metaspace: 9888K(10176K)->9888K(10176K) NonClass: 8754K(8896K)->8754K(8896K) Class: 1134K(1280K)->1134K(1280K)
[22.540s][info ][gc             ] GC(1380) Pause Young (Allocation Failure) 140M->3M(495M) 0.153ms
[22.540s][info ][gc,cpu         ] GC(1380) User=0.00s Sys=0.00s Real=0.01s
[22.550s][info ][gc,start       ] GC(1381) Pause Young (Allocation Failure)
[22.550s][debug][gc,age         ] GC(1381) Desired survivor size 8945664 bytes, new threshold 15 (max threshold 15)
[22.550s][trace][gc,age         ] GC(1381) Age table with threshold 15 (max threshold 15)
[22.550s][trace][gc,age         ] GC(1381) - age   1:        192 bytes,        192 total
[22.550s][info ][gc,heap        ] GC(1381) DefNew: 139904K(157376K)->0K(157376K) Eden: 139904K(139904K)->0K(139904K) From: 0K(17472K)->0K(17472K)
[22.550s][info ][gc,heap        ] GC(1381) Tenured: 3959K(349568K)->3959K(349568K)
[22.550s][info ][gc,metaspace   ] GC(1381) Metaspace: 9888K(10176K)->9888K(10176K) NonClass: 8754K(8896K)->8754K(8896K) Class: 1134K(1280K)->1134K(1280K)
[22.550s][info ][gc             ] GC(1381) Pause Young (Allocation Failure) 140M->3M(495M) 0.153ms
[22.551s][info ][gc,cpu         ] GC(1381) User=0.00s Sys=0.00s Real=0.00s
[22.561s][info ][gc,start       ] GC(1382) Pause Young (Allocation Failure)
[22.561s][debug][gc,age         ] GC(1382) Desired survivor size 8945664 bytes, new threshold 15 (max threshold 15)
[22.561s][trace][gc,age         ] GC(1382) Age table with threshold 15 (max threshold 15)
[22.561s][trace][gc,age         ] GC(1382) - age   1:        192 bytes,        192 total
[22.561s][info ][gc,heap        ] GC(1382) DefNew: 139904K(157376K)->0K(157376K) Eden: 139904K(139904K)->0K(139904K) From: 0K(17472K)->0K(17472K)
[22.561s][info ][gc,heap        ] GC(1382) Tenured: 3959K(349568K)->3959K(349568K)
[22.561s][info ][gc,metaspace   ] GC(1382) Metaspace: 9888K(10176K)->9888K(10176K) NonClass: 8754K(8896K)->8754K(8896K) Class: 1134K(1280K)->1134K(1280K)
[22.561s][info ][gc             ] GC(1382) Pause Young (Allocation Failure) 140M->3M(495M) 0.153ms
[22.561s][info ][gc,cpu         ] GC(1382) User=0.00s Sys=0.00s Real=0.00s
[22.571s][info ][gc,start       ] GC(1383) Pause Young (Allocation Failure)
[22.571s][debug][gc,age         ] GC(1383) Desired survivor size 8945664 bytes, new threshold 15 (max threshold 15)
[22.571s][trace][gc,age         ] GC(1383) Age table with threshold 15 (max threshold 15)
[22.571s][trace][gc,age         ] GC(1383) - age   1:        192 bytes,        192 total
[22.571s][info ][gc,heap        ] GC(1383) DefNew: 139904K(157376K)->0K(157376K) Eden: 139904K(139904K)->0K(139904K) From: 0K(17472K)->0K(17472K)
[22.571s][info ][gc,heap        ] GC(1383) Tenured: 3959K(349568K)->3959K(349568K)
[22.571s][info ][gc,metaspace   ] GC(1383) Metaspace: 9888K(10176K)->9888K(10176K) NonClass: 8754K(8896K)->8754K(8896K) Class: 1134K(1280K)->1134K(1280K)
[22.571s][info ][gc             ] GC(1383) Pause Young (Allocation Failure) 140M->3M(495M) 0.153ms
[22.571s][info ][gc,cpu         ] GC(1383) User=0.00s Sys=0.00s Real=0.00s
[22.581s][info ][gc,start       ] GC(1384) Pause Young (Allocation Failure)
[22.581s][debug][gc,age         ] GC(1384) Desired survivor size 8945664 bytes, new threshold 15 (max threshold 15)
[22.581s][trace][gc,age         ] GC(1384) Age table with threshold 15 (max threshold 15)
[22.581s][trace][gc,age         ] GC(1384) - age   1:        192 bytes,        192 total
[22.581s][info ][gc,heap        ] GC(1384) DefNew: 139904K(157376K)->0K(157376K) Eden: 139904K(139904K)->0K(139904K) From: 0K(17472K)->0K(17472K)
[22.581s][info ][gc,heap        ] GC(1384) Tenured: 3959K(349568K)->3959K(349568K)
[22.581s][info ][gc,metaspace   ] GC(1384) Metaspace: 9888K(10176K)->9888K(10176K) NonClass: 8754K(8896K)->8754K(8896K) Class: 1134K(1280K)->1134K(1280K)
[22.581s][info ][gc             ] GC(1384) Pause Young (Allocation Failure) 140M->3M(495M) 0.151ms
[22.581s][info ][gc,cpu         ] GC(1384) User=0.00s Sys=0.00s Real=0.00s
[22.591s][info ][gc,start       ] GC(1385) Pause Young (Allocation Failure)
[22.591s][debug][gc,age         ] GC(1385) Desired survivor size 8945664 bytes, new threshold 15 (max threshold 15)
[22.591s][trace][gc,age         ] GC(1385) Age table with threshold 15 (max threshold 15)
[22.591s][trace][gc,age         ] GC(1385) - age   1:        192 bytes,        192 total
[22.591s][info ][gc,heap        ] GC(1385) DefNew: 139904K(157376K)->0K(157376K) Eden: 139904K(139904K)->0K(139904K) From: 0K(17472K)->0K(17472K)
[22.591s][info ][gc,heap        ] GC(1385) Tenured: 3959K(349568K)->3959K(349568K)
[22.591s][info ][gc,metaspace   ] GC(1385) Metaspace: 9888K(10176K)->9888K(10176K) NonClass: 8754K(8896K)->8754K(8896K) Class: 1134K(1280K)->1134K(1280K)
[22.591s][info ][gc             ] GC(1385) Pause Young (Allocation Failure) 140M->3M(495M) 0.154ms
[22.591s][info ][gc,cpu         ] GC(1385) User=0.00s Sys=0.00s Real=0.00s
[22.601s][info ][gc,start       ] GC(1386) Pause Young (Allocation Failure)
[22.602s][debug][gc,age         ] GC(1386) Desired survivor size 8945664 bytes, new threshold 15 (max threshold 15)
[22.602s][trace][gc,age         ] GC(1386) Age table with threshold 15 (max threshold 15)
[22.602s][trace][gc,age         ] GC(1386) - age   1:        192 bytes,        192 total
[22.602s][info ][gc,heap        ] GC(1386) DefNew: 139904K(157376K)->0K(157376K) Eden: 139904K(139904K)->0K(139904K) From: 0K(17472K)->0K(17472K)
[22.602s][info ][gc,heap        ] GC(1386) Tenured: 3959K(349568K)->3959K(349568K)
[22.602s][info ][gc,metaspace   ] GC(1386) Metaspace: 9888K(10176K)->9888K(10176K) NonClass: 8754K(8896K)->8754K(8896K) Class: 1134K(1280K)->1134K(1280K)
[22.602s][info ][gc             ] GC(1386) Pause Young (Allocation Failure) 140M->3M(495M) 0.157ms
[22.602s][info ][gc,cpu         ] GC(1386) User=0.00s Sys=0.00s Real=0.00s
[22.612s][info ][gc,start       ] GC(1387) Pause Young (Allocation Failure)
[22.612s][debug][gc,age         ] GC(1387) Desired survivor size 8945664 bytes, new threshold 15 (max threshold 15)
[22.612s][trace][gc,age         ] GC(1387) Age table with threshold 15 (max threshold 15)
[22.612s][trace][gc,age         ] GC(1387) - age   1:        192 bytes,        192 total
[22.612s][info ][gc,heap        ] GC(1387) DefNew: 139904K(157376K)->0K(157376K) Eden: 139904K(139904K)->0K(139904K) From: 0K(17472K)->0K(17472K)
[22.612s][info ][gc,heap        ] GC(1387) Tenured: 3959K(349568K)->3959K(349568K)
[22.612s][info ][gc,metaspace   ] GC(1387) Metaspace: 9888K(10176K)->9888K(10176K) NonClass: 8754K(8896K)->8754K(8896K) Class: 1134K(1280K)->1134K(1280K)
[22.612s][info ][gc             ] GC(1387) Pause Young (Allocation Failure) 140M->3M(495M) 0.152ms
[22.612s][info ][gc,cpu         ] GC(1387) User=0.00s Sys=0.00s Real=0.00s
[22.622s][info ][gc,start       ] GC(1388) Pause Young (Allocation Failure)
[22.622s][debug][gc,age         ] GC(1388) Desired survivor size 8945664 bytes, new threshold 15 (max threshold 15)
[22.622s][trace][gc,age         ] GC(1388) Age table with threshold 15 (max threshold 15)
[22.622s][trace][gc,age         ] GC(1388) - age   1:        192 bytes,        192 total
[22.622s][info ][gc,heap        ] GC(1388) DefNew: 139904K(157376K)->0K(157376K) Eden: 139904K(139904K)->0K(139904K) From: 0K(17472K)->0K(17472K)
[22.622s][info ][gc,heap        ] GC(1388) Tenured: 3959K(349568K)->3959K(349568K)
[22.622s][info ][gc,metaspace   ] GC(1388) Metaspace: 9888K(10176K)->9888K(10176K) NonClass: 8754K(8896K)->8754K(8896K) Class: 1134K(1280K)->1134K(1280K)
[22.622s][info ][gc             ] GC(1388) Pause Young (Allocation Failure) 140M->3M(495M) 0.152ms
[22.622s][info ][gc,cpu         ] GC(1388) User=0.00s Sys=0.00s Real=0.00s
[22.632s][info ][gc,start       ] GC(1389) Pause Young (Allocation Failure)
[22.632s][debug][gc,age         ] GC(1389) Desired survivor size 8945664 bytes, new threshold 15 (max threshold 15)
[22.632s][trace][gc,age         ] GC(1389) Age table with threshold 15 (max threshold 15)
[22.632s][trace][gc,age         ] GC(1389) - age   1:        192 bytes,        192 total
[22.632s][info ][gc,heap        ] GC(1389) DefNew: 139904K(157376K)->0K(157376K) Eden: 139904K(139904K)->0K(139904K) From: 0K(17472K)->0K(17472K)
[22.632s][info ][gc,heap        ] GC(1389) Tenured: 3959K(349568K)->3959K(349568K)
[22.632s][info ][gc,metaspace   ] GC(1389) Metaspace: 9888K(10176K)->9888K(10176K) NonClass: 8754K(8896K)->8754K(8896K) Class: 1134K(1280K)->1134K(1280K)
[22.632s][info ][gc             ] GC(1389) Pause Young (Allocation Failure) 140M->3M(495M) 0.153ms
[22.632s][info ][gc,cpu         ] GC(1389) User=0.00s Sys=0.00s Real=0.00s
[22.642s][info ][gc,start       ] GC(1390) Pause Young (Allocation Failure)
[22.642s][debug][gc,age         ] GC(1390) Desired survivor size 8945664 bytes, new threshold 15 (max threshold 15)
[22.642s][trace][gc,age         ] GC(1390) Age table with threshold 15 (max threshold 15)
[22.642s][trace][gc,age         ] GC(1390) - age   1:        192 bytes,        192 total
[22.642s][info ][gc,heap        ] GC(1390) DefNew: 139904K(157376K)->0K(157376K) Eden: 139904K(139904K)->0K(139904K) From: 0K(17472K)->0K(17472K)
[22.642s][info ][gc,heap        ] GC(1390) Tenured: 3959K(349568K)->3959K(349568K)
[22.642s][info ][gc,metaspace   ] GC(1390) Metaspace: 9888K(10176K)->9888K(10176K) NonClass: 8754K(8896K)->8754K(8896K) Class: 1134K(1280K)->1134K(1280K)
[22.642s][info ][gc             ] GC(1390) Pause Young (Allocation Failure) 140M->3M(495M) 0.165ms
[22.642s][info ][gc,cpu         ] GC(1390) User=0.00s Sys=0.00s Real=0.00s
[22.653s][info ][gc,start       ] GC(1391) Pause Young (Allocation Failure)
[22.653s][debug][gc,age         ] GC(1391) Desired survivor size 8945664 bytes, new threshold 15 (max threshold 15)
[22.653s][trace][gc,age         ] GC(1391) Age table with threshold 15 (max threshold 15)
[22.653s][trace][gc,age         ] GC(1391) - age   1:        192 bytes,        192 total
[22.653s][info ][gc,heap        ] GC(1391) DefNew: 139904K(157376K)->0K(157376K) Eden: 139904K(139904K)->0K(139904K) From: 0K(17472K)->0K(17472K)
[22.653s][info ][gc,heap        ] GC(1391) Tenured: 3959K(349568K)->3959K(349568K)
[22.653s][info ][gc,metaspace   ] GC(1391) Metaspace: 9888K(10176K)->9888K(10176K) NonClass: 8754K(8896K)->8754K(8896K) Class: 1134K(1280K)->1134K(1280K)
[22.653s][info ][gc             ] GC(1391) Pause Young (Allocation Failure) 140M->3M(495M) 0.109ms
[22.653s][info ][gc,cpu         ] GC(1391) User=0.00s Sys=0.00s Real=0.00s
[22.663s][info ][gc,start       ] GC(1392) Pause Young (Allocation Failure)
[22.663s][debug][gc,age         ] GC(1392) Desired survivor size 8945664 bytes, new threshold 15 (max threshold 15)
[22.663s][trace][gc,age         ] GC(1392) Age table with threshold 15 (max threshold 15)
[22.663s][trace][gc,age         ] GC(1392) - age   1:        192 bytes,        192 total
[22.663s][info ][gc,heap        ] GC(1392) DefNew: 139904K(157376K)->0K(157376K) Eden: 139904K(139904K)->0K(139904K) From: 0K(17472K)->0K(17472K)
[22.663s][info ][gc,heap        ] GC(1392) Tenured: 3959K(349568K)->3959K(349568K)
[22.663s][info ][gc,metaspace   ] GC(1392) Metaspace: 9888K(10176K)->9888K(10176K) NonClass: 8754K(8896K)->8754K(8896K) Class: 1134K(1280K)->1134K(1280K)
[22.663s][info ][gc             ] GC(1392) Pause Young (Allocation Failure) 140M->3M(495M) 0.160ms
[22.663s][info ][gc,cpu         ] GC(1392) User=0.00s Sys=0.00s Real=0.00s
[22.674s][info ][gc,start       ] GC(1393) Pause Young (Allocation Failure)
[22.674s][debug][gc,age         ] GC(1393) Desired survivor size 8945664 bytes, new threshold 15 (max threshold 15)
[22.674s][trace][gc,age         ] GC(1393) Age table with threshold 15 (max threshold 15)
[22.674s][trace][gc,age         ] GC(1393) - age   1:        192 bytes,        192 total
[22.674s][info ][gc,heap        ] GC(1393) DefNew: 139904K(157376K)->0K(157376K) Eden: 139904K(139904K)->0K(139904K) From: 0K(17472K)->0K(17472K)
[22.674s][info ][gc,heap        ] GC(1393) Tenured: 3959K(349568K)->3959K(349568K)
[22.674s][info ][gc,metaspace   ] GC(1393) Metaspace: 9888K(10176K)->9888K(10176K) NonClass: 8754K(8896K)->8754K(8896K) Class: 1134K(1280K)->1134K(1280K)
[22.674s][info ][gc             ] GC(1393) Pause Young (Allocation Failure) 140M->3M(495M) 0.153ms
[22.674s][info ][gc,cpu         ] GC(1393) User=0.00s Sys=0.00s Real=0.00s
[22.684s][info ][gc,start       ] GC(1394) Pause Young (Allocation Failure)
[22.684s][debug][gc,age         ] GC(1394) Desired survivor size 8945664 bytes, new threshold 15 (max threshold 15)
[22.684s][trace][gc,age         ] GC(1394) Age table with threshold 15 (max threshold 15)
[22.684s][trace][gc,age         ] GC(1394) - age   1:        192 bytes,        192 total
[22.684s][info ][gc,heap        ] GC(1394) DefNew: 139904K(157376K)->0K(157376K) Eden: 139904K(139904K)->0K(139904K) From: 0K(17472K)->0K(17472K)
[22.684s][info ][gc,heap        ] GC(1394) Tenured: 3959K(349568K)->3959K(349568K)
[22.684s][info ][gc,metaspace   ] GC(1394) Metaspace: 9888K(10176K)->9888K(10176K) NonClass: 8754K(8896K)->8754K(8896K) Class: 1134K(1280K)->1134K(1280K)
[22.684s][info ][gc             ] GC(1394) Pause Young (Allocation Failure) 140M->3M(495M) 0.156ms
[22.684s][info ][gc,cpu         ] GC(1394) User=0.00s Sys=0.00s Real=0.00s
[22.694s][info ][gc,start       ] GC(1395) Pause Young (Allocation Failure)
[22.694s][debug][gc,age         ] GC(1395) Desired survivor size 8945664 bytes, new threshold 15 (max threshold 15)
[22.694s][trace][gc,age         ] GC(1395) Age table with threshold 15 (max threshold 15)
[22.694s][trace][gc,age         ] GC(1395) - age   1:        192 bytes,        192 total
[22.694s][info ][gc,heap        ] GC(1395) DefNew: 139904K(157376K)->0K(157376K) Eden: 139904K(139904K)->0K(139904K) From: 0K(17472K)->0K(17472K)
[22.694s][info ][gc,heap        ] GC(1395) Tenured: 3959K(349568K)->3959K(349568K)
[22.694s][info ][gc,metaspace   ] GC(1395) Metaspace: 9888K(10176K)->9888K(10176K) NonClass: 8754K(8896K)->8754K(8896K) Class: 1134K(1280K)->1134K(1280K)
[22.694s][info ][gc             ] GC(1395) Pause Young (Allocation Failure) 140M->3M(495M) 0.153ms
[22.694s][info ][gc,cpu         ] GC(1395) User=0.00s Sys=0.00s Real=0.00s
[22.704s][info ][gc,start       ] GC(1396) Pause Young (Allocation Failure)
[22.704s][debug][gc,age         ] GC(1396) Desired survivor size 8945664 bytes, new threshold 15 (max threshold 15)
[22.704s][trace][gc,age         ] GC(1396) Age table with threshold 15 (max threshold 15)
[22.704s][trace][gc,age         ] GC(1396) - age   1:        192 bytes,        192 total
[22.704s][info ][gc,heap        ] GC(1396) DefNew: 139904K(157376K)->0K(157376K) Eden: 139904K(139904K)->0K(139904K) From: 0K(17472K)->0K(17472K)
[22.704s][info ][gc,heap        ] GC(1396) Tenured: 3959K(349568K)->3959K(349568K)
[22.704s][info ][gc,metaspace   ] GC(1396) Metaspace: 9888K(10176K)->9888K(10176K) NonClass: 8754K(8896K)->8754K(8896K) Class: 1134K(1280K)->1134K(1280K)
[22.704s][info ][gc             ] GC(1396) Pause Young (Allocation Failure) 140M->3M(495M) 0.151ms
[22.704s][info ][gc,cpu         ] GC(1396) User=0.00s Sys=0.00s Real=0.00s
[22.714s][info ][gc,start       ] GC(1397) Pause Young (Allocation Failure)
[22.715s][debug][gc,age         ] GC(1397) Desired survivor size 8945664 bytes, new threshold 15 (max threshold 15)
[22.715s][trace][gc,age         ] GC(1397) Age table with threshold 15 (max threshold 15)
[22.715s][trace][gc,age         ] GC(1397) - age   1:        192 bytes,        192 total
[22.715s][info ][gc,heap        ] GC(1397) DefNew: 139904K(157376K)->0K(157376K) Eden: 139904K(139904K)->0K(139904K) From: 0K(17472K)->0K(17472K)
[22.715s][info ][gc,heap        ] GC(1397) Tenured: 3959K(349568K)->3959K(349568K)
[22.715s][info ][gc,metaspace   ] GC(1397) Metaspace: 9888K(10176K)->9888K(10176K) NonClass: 8754K(8896K)->8754K(8896K) Class: 1134K(1280K)->1134K(1280K)
[22.715s][info ][gc             ] GC(1397) Pause Young (Allocation Failure) 140M->3M(495M) 0.154ms
[22.715s][info ][gc,cpu         ] GC(1397) User=0.00s Sys=0.00s Real=0.00s
[22.725s][info ][gc,start       ] GC(1398) Pause Young (Allocation Failure)
[22.725s][debug][gc,age         ] GC(1398) Desired survivor size 8945664 bytes, new threshold 15 (max threshold 15)
[22.725s][trace][gc,age         ] GC(1398) Age table with threshold 15 (max threshold 15)
[22.725s][trace][gc,age         ] GC(1398) - age   1:        192 bytes,        192 total
[22.725s][info ][gc,heap        ] GC(1398) DefNew: 139904K(157376K)->0K(157376K) Eden: 139904K(139904K)->0K(139904K) From: 0K(17472K)->0K(17472K)
[22.725s][info ][gc,heap        ] GC(1398) Tenured: 3959K(349568K)->3959K(349568K)
[22.725s][info ][gc,metaspace   ] GC(1398) Metaspace: 9888K(10176K)->9888K(10176K) NonClass: 8754K(8896K)->8754K(8896K) Class: 1134K(1280K)->1134K(1280K)
[22.725s][info ][gc             ] GC(1398) Pause Young (Allocation Failure) 140M->3M(495M) 0.159ms
[22.725s][info ][gc,cpu         ] GC(1398) User=0.00s Sys=0.00s Real=0.00s
[22.735s][info ][gc,start       ] GC(1399) Pause Young (Allocation Failure)
[22.735s][debug][gc,age         ] GC(1399) Desired survivor size 8945664 bytes, new threshold 15 (max threshold 15)
[22.735s][trace][gc,age         ] GC(1399) Age table with threshold 15 (max threshold 15)
[22.735s][trace][gc,age         ] GC(1399) - age   1:        192 bytes,        192 total
[22.735s][info ][gc,heap        ] GC(1399) DefNew: 139904K(157376K)->0K(157376K) Eden: 139904K(139904K)->0K(139904K) From: 0K(17472K)->0K(17472K)
[22.735s][info ][gc,heap        ] GC(1399) Tenured: 3959K(349568K)->3959K(349568K)
[22.735s][info ][gc,metaspace   ] GC(1399) Metaspace: 9888K(10176K)->9888K(10176K) NonClass: 8754K(8896K)->8754K(8896K) Class: 1134K(1280K)->1134K(1280K)
[22.735s][info ][gc             ] GC(1399) Pause Young (Allocation Failure) 140M->3M(495M) 0.150ms
[22.735s][info ][gc,cpu         ] GC(1399) User=0.00s Sys=0.00s Real=0.00s
[22.745s][info ][gc,start       ] GC(1400) Pause Young (Allocation Failure)
[22.745s][debug][gc,age         ] GC(1400) Desired survivor size 8945664 bytes, new threshold 15 (max threshold 15)
[22.745s][trace][gc,age         ] GC(1400) Age table with threshold 15 (max threshold 15)
[22.745s][trace][gc,age         ] GC(1400) - age   1:        192 bytes,        192 total
[22.745s][info ][gc,heap        ] GC(1400) DefNew: 139904K(157376K)->0K(157376K) Eden: 139904K(139904K)->0K(139904K) From: 0K(17472K)->0K(17472K)
[22.745s][info ][gc,heap        ] GC(1400) Tenured: 3959K(349568K)->3959K(349568K)
[22.745s][info ][gc,metaspace   ] GC(1400) Metaspace: 9888K(10176K)->9888K(10176K) NonClass: 8754K(8896K)->8754K(8896K) Class: 1134K(1280K)->1134K(1280K)
[22.745s][info ][gc             ] GC(1400) Pause Young (Allocation Failure) 140M->3M(495M) 0.157ms
[22.745s][info ][gc,cpu         ] GC(1400) User=0.00s Sys=0.00s Real=0.00s
[22.755s][info ][gc,start       ] GC(1401) Pause Young (Allocation Failure)
[22.755s][debug][gc,age         ] GC(1401) Desired survivor size 8945664 bytes, new threshold 15 (max threshold 15)
[22.755s][trace][gc,age         ] GC(1401) Age table with threshold 15 (max threshold 15)
[22.755s][trace][gc,age         ] GC(1401) - age   1:        192 bytes,        192 total
[22.755s][info ][gc,heap        ] GC(1401) DefNew: 139904K(157376K)->0K(157376K) Eden: 139904K(139904K)->0K(139904K) From: 0K(17472K)->0K(17472K)
[22.755s][info ][gc,heap        ] GC(1401) Tenured: 3959K(349568K)->3959K(349568K)
[22.755s][info ][gc,metaspace   ] GC(1401) Metaspace: 9888K(10176K)->9888K(10176K) NonClass: 8754K(8896K)->8754K(8896K) Class: 1134K(1280K)->1134K(1280K)
[22.755s][info ][gc             ] GC(1401) Pause Young (Allocation Failure) 140M->3M(495M) 0.151ms
[22.755s][info ][gc,cpu         ] GC(1401) User=0.00s Sys=0.00s Real=0.00s
[22.765s][info ][gc,start       ] GC(1402) Pause Young (Allocation Failure)
[22.766s][debug][gc,age         ] GC(1402) Desired survivor size 8945664 bytes, new threshold 15 (max threshold 15)
[22.766s][trace][gc,age         ] GC(1402) Age table with threshold 15 (max threshold 15)
[22.766s][trace][gc,age         ] GC(1402) - age   1:        192 bytes,        192 total
[22.766s][info ][gc,heap        ] GC(1402) DefNew: 139904K(157376K)->0K(157376K) Eden: 139904K(139904K)->0K(139904K) From: 0K(17472K)->0K(17472K)
[22.766s][info ][gc,heap        ] GC(1402) Tenured: 3959K(349568K)->3959K(349568K)
[22.766s][info ][gc,metaspace   ] GC(1402) Metaspace: 9888K(10176K)->9888K(10176K) NonClass: 8754K(8896K)->8754K(8896K) Class: 1134K(1280K)->1134K(1280K)
[22.766s][info ][gc             ] GC(1402) Pause Young (Allocation Failure) 140M->3M(495M) 0.153ms
[22.766s][info ][gc,cpu         ] GC(1402) User=0.01s Sys=0.00s Real=0.00s
[22.776s][info ][gc,start       ] GC(1403) Pause Young (Allocation Failure)
[22.776s][debug][gc,age         ] GC(1403) Desired survivor size 8945664 bytes, new threshold 15 (max threshold 15)
[22.776s][trace][gc,age         ] GC(1403) Age table with threshold 15 (max threshold 15)
[22.776s][trace][gc,age         ] GC(1403) - age   1:        192 bytes,        192 total
[22.776s][info ][gc,heap        ] GC(1403) DefNew: 139904K(157376K)->0K(157376K) Eden: 139904K(139904K)->0K(139904K) From: 0K(17472K)->0K(17472K)
[22.776s][info ][gc,heap        ] GC(1403) Tenured: 3959K(349568K)->3959K(349568K)
[22.776s][info ][gc,metaspace   ] GC(1403) Metaspace: 9888K(10176K)->9888K(10176K) NonClass: 8754K(8896K)->8754K(8896K) Class: 1134K(1280K)->1134K(1280K)
[22.776s][info ][gc             ] GC(1403) Pause Young (Allocation Failure) 140M->3M(495M) 0.153ms
[22.776s][info ][gc,cpu         ] GC(1403) User=0.00s Sys=0.00s Real=0.00s
[22.786s][info ][gc,start       ] GC(1404) Pause Young (Allocation Failure)
[22.786s][debug][gc,age         ] GC(1404) Desired survivor size 8945664 bytes, new threshold 15 (max threshold 15)
[22.786s][trace][gc,age         ] GC(1404) Age table with threshold 15 (max threshold 15)
[22.786s][trace][gc,age         ] GC(1404) - age   1:        192 bytes,        192 total
[22.786s][info ][gc,heap        ] GC(1404) DefNew: 139904K(157376K)->0K(157376K) Eden: 139904K(139904K)->0K(139904K) From: 0K(17472K)->0K(17472K)
[22.786s][info ][gc,heap        ] GC(1404) Tenured: 3959K(349568K)->3959K(349568K)
[22.786s][info ][gc,metaspace   ] GC(1404) Metaspace: 9888K(10176K)->9888K(10176K) NonClass: 8754K(8896K)->8754K(8896K) Class: 1134K(1280K)->1134K(1280K)
[22.786s][info ][gc             ] GC(1404) Pause Young (Allocation Failure) 140M->3M(495M) 0.154ms
[22.786s][info ][gc,cpu         ] GC(1404) User=0.00s Sys=0.00s Real=0.00s
[22.796s][info ][gc,start       ] GC(1405) Pause Young (Allocation Failure)
[22.796s][debug][gc,age         ] GC(1405) Desired survivor size 8945664 bytes, new threshold 15 (max threshold 15)
[22.796s][trace][gc,age         ] GC(1405) Age table with threshold 15 (max threshold 15)
[22.796s][trace][gc,age         ] GC(1405) - age   1:        192 bytes,        192 total
[22.796s][info ][gc,heap        ] GC(1405) DefNew: 139904K(157376K)->0K(157376K) Eden: 139904K(139904K)->0K(139904K) From: 0K(17472K)->0K(17472K)
[22.796s][info ][gc,heap        ] GC(1405) Tenured: 3959K(349568K)->3959K(349568K)
[22.796s][info ][gc,metaspace   ] GC(1405) Metaspace: 9888K(10176K)->9888K(10176K) NonClass: 8754K(8896K)->8754K(8896K) Class: 1134K(1280K)->1134K(1280K)
[22.796s][info ][gc             ] GC(1405) Pause Young (Allocation Failure) 140M->3M(495M) 0.153ms
[22.796s][info ][gc,cpu         ] GC(1405) User=0.00s Sys=0.00s Real=0.00s
[22.806s][info ][gc,start       ] GC(1406) Pause Young (Allocation Failure)
[22.806s][debug][gc,age         ] GC(1406) Desired survivor size 8945664 bytes, new threshold 15 (max threshold 15)
[22.806s][trace][gc,age         ] GC(1406) Age table with threshold 15 (max threshold 15)
[22.806s][trace][gc,age         ] GC(1406) - age   1:        192 bytes,        192 total
[22.806s][info ][gc,heap        ] GC(1406) DefNew: 139904K(157376K)->0K(157376K) Eden: 139904K(139904K)->0K(139904K) From: 0K(17472K)->0K(17472K)
[22.806s][info ][gc,heap        ] GC(1406) Tenured: 3959K(349568K)->3959K(349568K)
[22.806s][info ][gc,metaspace   ] GC(1406) Metaspace: 9888K(10176K)->9888K(10176K) NonClass: 8754K(8896K)->8754K(8896K) Class: 1134K(1280K)->1134K(1280K)
[22.806s][info ][gc             ] GC(1406) Pause Young (Allocation Failure) 140M->3M(495M) 0.158ms
[22.806s][info ][gc,cpu         ] GC(1406) User=0.00s Sys=0.00s Real=0.00s
[22.816s][info ][gc,start       ] GC(1407) Pause Young (Allocation Failure)
[22.817s][debug][gc,age         ] GC(1407) Desired survivor size 8945664 bytes, new threshold 15 (max threshold 15)
[22.817s][trace][gc,age         ] GC(1407) Age table with threshold 15 (max threshold 15)
[22.817s][trace][gc,age         ] GC(1407) - age   1:        192 bytes,        192 total
[22.817s][info ][gc,heap        ] GC(1407) DefNew: 139904K(157376K)->0K(157376K) Eden: 139904K(139904K)->0K(139904K) From: 0K(17472K)->0K(17472K)
[22.817s][info ][gc,heap        ] GC(1407) Tenured: 3959K(349568K)->3959K(349568K)
[22.817s][info ][gc,metaspace   ] GC(1407) Metaspace: 9888K(10176K)->9888K(10176K) NonClass: 8754K(8896K)->8754K(8896K) Class: 1134K(1280K)->1134K(1280K)
[22.817s][info ][gc             ] GC(1407) Pause Young (Allocation Failure) 140M->3M(495M) 0.152ms
[22.817s][info ][gc,cpu         ] GC(1407) User=0.00s Sys=0.00s Real=0.00s
[22.827s][info ][gc,start       ] GC(1408) Pause Young (Allocation Failure)
[22.827s][debug][gc,age         ] GC(1408) Desired survivor size 8945664 bytes, new threshold 15 (max threshold 15)
[22.827s][trace][gc,age         ] GC(1408) Age table with threshold 15 (max threshold 15)
[22.827s][trace][gc,age         ] GC(1408) - age   1:        192 bytes,        192 total
[22.827s][info ][gc,heap        ] GC(1408) DefNew: 139904K(157376K)->0K(157376K) Eden: 139904K(139904K)->0K(139904K) From: 0K(17472K)->0K(17472K)
[22.827s][info ][gc,heap        ] GC(1408) Tenured: 3959K(349568K)->3959K(349568K)
[22.827s][info ][gc,metaspace   ] GC(1408) Metaspace: 9888K(10176K)->9888K(10176K) NonClass: 8754K(8896K)->8754K(8896K) Class: 1134K(1280K)->1134K(1280K)
[22.827s][info ][gc             ] GC(1408) Pause Young (Allocation Failure) 140M->3M(495M) 0.149ms
[22.827s][info ][gc,cpu         ] GC(1408) User=0.00s Sys=0.00s Real=0.00s
[22.837s][info ][gc,start       ] GC(1409) Pause Young (Allocation Failure)
[22.837s][debug][gc,age         ] GC(1409) Desired survivor size 8945664 bytes, new threshold 15 (max threshold 15)
[22.837s][trace][gc,age         ] GC(1409) Age table with threshold 15 (max threshold 15)
[22.837s][trace][gc,age         ] GC(1409) - age   1:        192 bytes,        192 total
[22.837s][info ][gc,heap        ] GC(1409) DefNew: 139904K(157376K)->0K(157376K) Eden: 139904K(139904K)->0K(139904K) From: 0K(17472K)->0K(17472K)
[22.837s][info ][gc,heap        ] GC(1409) Tenured: 3959K(349568K)->3959K(349568K)
[22.837s][info ][gc,metaspace   ] GC(1409) Metaspace: 9888K(10176K)->9888K(10176K) NonClass: 8754K(8896K)->8754K(8896K) Class: 1134K(1280K)->1134K(1280K)
[22.837s][info ][gc             ] GC(1409) Pause Young (Allocation Failure) 140M->3M(495M) 0.148ms
[22.837s][info ][gc,cpu         ] GC(1409) User=0.00s Sys=0.00s Real=0.00s
[22.847s][info ][gc,start       ] GC(1410) Pause Young (Allocation Failure)
[22.847s][debug][gc,age         ] GC(1410) Desired survivor size 8945664 bytes, new threshold 15 (max threshold 15)
[22.847s][trace][gc,age         ] GC(1410) Age table with threshold 15 (max threshold 15)
[22.847s][trace][gc,age         ] GC(1410) - age   1:        192 bytes,        192 total
[22.847s][info ][gc,heap        ] GC(1410) DefNew: 139904K(157376K)->0K(157376K) Eden: 139904K(139904K)->0K(139904K) From: 0K(17472K)->0K(17472K)
[22.847s][info ][gc,heap        ] GC(1410) Tenured: 3959K(349568K)->3959K(349568K)
[22.847s][info ][gc,metaspace   ] GC(1410) Metaspace: 9888K(10176K)->9888K(10176K) NonClass: 8754K(8896K)->8754K(8896K) Class: 1134K(1280K)->1134K(1280K)
[22.847s][info ][gc             ] GC(1410) Pause Young (Allocation Failure) 140M->3M(495M) 0.158ms
[22.847s][info ][gc,cpu         ] GC(1410) User=0.00s Sys=0.00s Real=0.00s
[22.857s][info ][gc,start       ] GC(1411) Pause Young (Allocation Failure)
[22.858s][debug][gc,age         ] GC(1411) Desired survivor size 8945664 bytes, new threshold 15 (max threshold 15)
[22.858s][trace][gc,age         ] GC(1411) Age table with threshold 15 (max threshold 15)
[22.858s][trace][gc,age         ] GC(1411) - age   1:        192 bytes,        192 total
[22.858s][info ][gc,heap        ] GC(1411) DefNew: 139904K(157376K)->0K(157376K) Eden: 139904K(139904K)->0K(139904K) From: 0K(17472K)->0K(17472K)
[22.858s][info ][gc,heap        ] GC(1411) Tenured: 3959K(349568K)->3959K(349568K)
[22.858s][info ][gc,metaspace   ] GC(1411) Metaspace: 9888K(10176K)->9888K(10176K) NonClass: 8754K(8896K)->8754K(8896K) Class: 1134K(1280K)->1134K(1280K)
[22.858s][info ][gc             ] GC(1411) Pause Young (Allocation Failure) 140M->3M(495M) 0.160ms
[22.858s][info ][gc,cpu         ] GC(1411) User=0.00s Sys=0.00s Real=0.00s
[22.868s][info ][gc,start       ] GC(1412) Pause Young (Allocation Failure)
[22.868s][debug][gc,age         ] GC(1412) Desired survivor size 8945664 bytes, new threshold 15 (max threshold 15)
[22.868s][trace][gc,age         ] GC(1412) Age table with threshold 15 (max threshold 15)
[22.868s][trace][gc,age         ] GC(1412) - age   1:        192 bytes,        192 total
[22.868s][info ][gc,heap        ] GC(1412) DefNew: 139904K(157376K)->0K(157376K) Eden: 139904K(139904K)->0K(139904K) From: 0K(17472K)->0K(17472K)
[22.868s][info ][gc,heap        ] GC(1412) Tenured: 3959K(349568K)->3959K(349568K)
[22.868s][info ][gc,metaspace   ] GC(1412) Metaspace: 9888K(10176K)->9888K(10176K) NonClass: 8754K(8896K)->8754K(8896K) Class: 1134K(1280K)->1134K(1280K)
[22.868s][info ][gc             ] GC(1412) Pause Young (Allocation Failure) 140M->3M(495M) 0.150ms
[22.868s][info ][gc,cpu         ] GC(1412) User=0.00s Sys=0.00s Real=0.00s
[22.878s][info ][gc,start       ] GC(1413) Pause Young (Allocation Failure)
[22.878s][debug][gc,age         ] GC(1413) Desired survivor size 8945664 bytes, new threshold 15 (max threshold 15)
[22.878s][trace][gc,age         ] GC(1413) Age table with threshold 15 (max threshold 15)
[22.878s][trace][gc,age         ] GC(1413) - age   1:        192 bytes,        192 total
[22.878s][info ][gc,heap        ] GC(1413) DefNew: 139904K(157376K)->0K(157376K) Eden: 139904K(139904K)->0K(139904K) From: 0K(17472K)->0K(17472K)
[22.878s][info ][gc,heap        ] GC(1413) Tenured: 3959K(349568K)->3959K(349568K)
[22.878s][info ][gc,metaspace   ] GC(1413) Metaspace: 9888K(10176K)->9888K(10176K) NonClass: 8754K(8896K)->8754K(8896K) Class: 1134K(1280K)->1134K(1280K)
[22.878s][info ][gc             ] GC(1413) Pause Young (Allocation Failure) 140M->3M(495M) 0.156ms
[22.878s][info ][gc,cpu         ] GC(1413) User=0.00s Sys=0.00s Real=0.00s
[22.888s][info ][gc,start       ] GC(1414) Pause Young (Allocation Failure)
[22.888s][debug][gc,age         ] GC(1414) Desired survivor size 8945664 bytes, new threshold 15 (max threshold 15)
[22.888s][trace][gc,age         ] GC(1414) Age table with threshold 15 (max threshold 15)
[22.888s][trace][gc,age         ] GC(1414) - age   1:        192 bytes,        192 total
[22.888s][info ][gc,heap        ] GC(1414) DefNew: 139904K(157376K)->0K(157376K) Eden: 139904K(139904K)->0K(139904K) From: 0K(17472K)->0K(17472K)
[22.888s][info ][gc,heap        ] GC(1414) Tenured: 3959K(349568K)->3959K(349568K)
[22.888s][info ][gc,metaspace   ] GC(1414) Metaspace: 9888K(10176K)->9888K(10176K) NonClass: 8754K(8896K)->8754K(8896K) Class: 1134K(1280K)->1134K(1280K)
[22.888s][info ][gc             ] GC(1414) Pause Young (Allocation Failure) 140M->3M(495M) 0.157ms
[22.888s][info ][gc,cpu         ] GC(1414) User=0.00s Sys=0.00s Real=0.00s
[22.898s][info ][gc,start       ] GC(1415) Pause Young (Allocation Failure)
[22.898s][debug][gc,age         ] GC(1415) Desired survivor size 8945664 bytes, new threshold 15 (max threshold 15)
[22.898s][trace][gc,age         ] GC(1415) Age table with threshold 15 (max threshold 15)
[22.898s][trace][gc,age         ] GC(1415) - age   1:        192 bytes,        192 total
[22.898s][info ][gc,heap        ] GC(1415) DefNew: 139904K(157376K)->0K(157376K) Eden: 139904K(139904K)->0K(139904K) From: 0K(17472K)->0K(17472K)
[22.898s][info ][gc,heap        ] GC(1415) Tenured: 3959K(349568K)->3959K(349568K)
[22.898s][info ][gc,metaspace   ] GC(1415) Metaspace: 9888K(10176K)->9888K(10176K) NonClass: 8754K(8896K)->8754K(8896K) Class: 1134K(1280K)->1134K(1280K)
[22.898s][info ][gc             ] GC(1415) Pause Young (Allocation Failure) 140M->3M(495M) 0.157ms
[22.898s][info ][gc,cpu         ] GC(1415) User=0.00s Sys=0.00s Real=0.00s
[22.908s][info ][gc,start       ] GC(1416) Pause Young (Allocation Failure)
[22.909s][debug][gc,age         ] GC(1416) Desired survivor size 8945664 bytes, new threshold 15 (max threshold 15)
[22.909s][trace][gc,age         ] GC(1416) Age table with threshold 15 (max threshold 15)
[22.909s][trace][gc,age         ] GC(1416) - age   1:        192 bytes,        192 total
[22.909s][info ][gc,heap        ] GC(1416) DefNew: 139904K(157376K)->0K(157376K) Eden: 139904K(139904K)->0K(139904K) From: 0K(17472K)->0K(17472K)
[22.909s][info ][gc,heap        ] GC(1416) Tenured: 3959K(349568K)->3959K(349568K)
[22.909s][info ][gc,metaspace   ] GC(1416) Metaspace: 9888K(10176K)->9888K(10176K) NonClass: 8754K(8896K)->8754K(8896K) Class: 1134K(1280K)->1134K(1280K)
[22.909s][info ][gc             ] GC(1416) Pause Young (Allocation Failure) 140M->3M(495M) 0.156ms
[22.909s][info ][gc,cpu         ] GC(1416) User=0.00s Sys=0.00s Real=0.00s
[22.919s][info ][gc,start       ] GC(1417) Pause Young (Allocation Failure)
[22.919s][debug][gc,age         ] GC(1417) Desired survivor size 8945664 bytes, new threshold 15 (max threshold 15)
[22.919s][trace][gc,age         ] GC(1417) Age table with threshold 15 (max threshold 15)
[22.919s][trace][gc,age         ] GC(1417) - age   1:        192 bytes,        192 total
[22.919s][info ][gc,heap        ] GC(1417) DefNew: 139904K(157376K)->0K(157376K) Eden: 139904K(139904K)->0K(139904K) From: 0K(17472K)->0K(17472K)
[22.919s][info ][gc,heap        ] GC(1417) Tenured: 3959K(349568K)->3959K(349568K)
[22.919s][info ][gc,metaspace   ] GC(1417) Metaspace: 9888K(10176K)->9888K(10176K) NonClass: 8754K(8896K)->8754K(8896K) Class: 1134K(1280K)->1134K(1280K)
[22.919s][info ][gc             ] GC(1417) Pause Young (Allocation Failure) 140M->3M(495M) 0.151ms
[22.919s][info ][gc,cpu         ] GC(1417) User=0.00s Sys=0.00s Real=0.00s
[22.929s][info ][gc,start       ] GC(1418) Pause Young (Allocation Failure)
[22.929s][debug][gc,age         ] GC(1418) Desired survivor size 8945664 bytes, new threshold 15 (max threshold 15)
[22.929s][trace][gc,age         ] GC(1418) Age table with threshold 15 (max threshold 15)
[22.929s][trace][gc,age         ] GC(1418) - age   1:        192 bytes,        192 total
[22.929s][info ][gc,heap        ] GC(1418) DefNew: 139904K(157376K)->0K(157376K) Eden: 139904K(139904K)->0K(139904K) From: 0K(17472K)->0K(17472K)
[22.929s][info ][gc,heap        ] GC(1418) Tenured: 3959K(349568K)->3959K(349568K)
[22.929s][info ][gc,metaspace   ] GC(1418) Metaspace: 9888K(10176K)->9888K(10176K) NonClass: 8754K(8896K)->8754K(8896K) Class: 1134K(1280K)->1134K(1280K)
[22.929s][info ][gc             ] GC(1418) Pause Young (Allocation Failure) 140M->3M(495M) 0.149ms
[22.929s][info ][gc,cpu         ] GC(1418) User=0.00s Sys=0.00s Real=0.00s
[22.939s][info ][gc,start       ] GC(1419) Pause Young (Allocation Failure)
[22.939s][debug][gc,age         ] GC(1419) Desired survivor size 8945664 bytes, new threshold 15 (max threshold 15)
[22.939s][trace][gc,age         ] GC(1419) Age table with threshold 15 (max threshold 15)
[22.939s][trace][gc,age         ] GC(1419) - age   1:        192 bytes,        192 total
[22.939s][info ][gc,heap        ] GC(1419) DefNew: 139904K(157376K)->0K(157376K) Eden: 139904K(139904K)->0K(139904K) From: 0K(17472K)->0K(17472K)
[22.939s][info ][gc,heap        ] GC(1419) Tenured: 3959K(349568K)->3959K(349568K)
[22.939s][info ][gc,metaspace   ] GC(1419) Metaspace: 9888K(10176K)->9888K(10176K) NonClass: 8754K(8896K)->8754K(8896K) Class: 1134K(1280K)->1134K(1280K)
[22.939s][info ][gc             ] GC(1419) Pause Young (Allocation Failure) 140M->3M(495M) 0.157ms
[22.939s][info ][gc,cpu         ] GC(1419) User=0.00s Sys=0.00s Real=0.00s
[22.949s][info ][gc,start       ] GC(1420) Pause Young (Allocation Failure)
[22.949s][debug][gc,age         ] GC(1420) Desired survivor size 8945664 bytes, new threshold 15 (max threshold 15)
[22.949s][trace][gc,age         ] GC(1420) Age table with threshold 15 (max threshold 15)
[22.949s][trace][gc,age         ] GC(1420) - age   1:        192 bytes,        192 total
[22.949s][info ][gc,heap        ] GC(1420) DefNew: 139904K(157376K)->0K(157376K) Eden: 139904K(139904K)->0K(139904K) From: 0K(17472K)->0K(17472K)
[22.949s][info ][gc,heap        ] GC(1420) Tenured: 3959K(349568K)->3959K(349568K)
[22.949s][info ][gc,metaspace   ] GC(1420) Metaspace: 9888K(10176K)->9888K(10176K) NonClass: 8754K(8896K)->8754K(8896K) Class: 1134K(1280K)->1134K(1280K)
[22.949s][info ][gc             ] GC(1420) Pause Young (Allocation Failure) 140M->3M(495M) 0.151ms
[22.949s][info ][gc,cpu         ] GC(1420) User=0.00s Sys=0.00s Real=0.00s
[22.960s][info ][gc,start       ] GC(1421) Pause Young (Allocation Failure)
[22.960s][debug][gc,age         ] GC(1421) Desired survivor size 8945664 bytes, new threshold 15 (max threshold 15)
[22.960s][trace][gc,age         ] GC(1421) Age table with threshold 15 (max threshold 15)
[22.960s][trace][gc,age         ] GC(1421) - age   1:        192 bytes,        192 total
[22.960s][info ][gc,heap        ] GC(1421) DefNew: 139904K(157376K)->0K(157376K) Eden: 139904K(139904K)->0K(139904K) From: 0K(17472K)->0K(17472K)
[22.960s][info ][gc,heap        ] GC(1421) Tenured: 3959K(349568K)->3959K(349568K)
[22.960s][info ][gc,metaspace   ] GC(1421) Metaspace: 9888K(10176K)->9888K(10176K) NonClass: 8754K(8896K)->8754K(8896K) Class: 1134K(1280K)->1134K(1280K)
[22.960s][info ][gc             ] GC(1421) Pause Young (Allocation Failure) 140M->3M(495M) 0.157ms
[22.960s][info ][gc,cpu         ] GC(1421) User=0.00s Sys=0.00s Real=0.00s
[22.970s][info ][gc,start       ] GC(1422) Pause Young (Allocation Failure)
[22.970s][debug][gc,age         ] GC(1422) Desired survivor size 8945664 bytes, new threshold 15 (max threshold 15)
[22.970s][trace][gc,age         ] GC(1422) Age table with threshold 15 (max threshold 15)
[22.970s][trace][gc,age         ] GC(1422) - age   1:        192 bytes,        192 total
[22.970s][info ][gc,heap        ] GC(1422) DefNew: 139904K(157376K)->0K(157376K) Eden: 139904K(139904K)->0K(139904K) From: 0K(17472K)->0K(17472K)
[22.970s][info ][gc,heap        ] GC(1422) Tenured: 3959K(349568K)->3959K(349568K)
[22.970s][info ][gc,metaspace   ] GC(1422) Metaspace: 9888K(10176K)->9888K(10176K) NonClass: 8754K(8896K)->8754K(8896K) Class: 1134K(1280K)->1134K(1280K)
[22.970s][info ][gc             ] GC(1422) Pause Young (Allocation Failure) 140M->3M(495M) 0.161ms
[22.970s][info ][gc,cpu         ] GC(1422) User=0.00s Sys=0.00s Real=0.00s
[22.980s][info ][gc,start       ] GC(1423) Pause Young (Allocation Failure)
[22.980s][debug][gc,age         ] GC(1423) Desired survivor size 8945664 bytes, new threshold 15 (max threshold 15)
[22.980s][trace][gc,age         ] GC(1423) Age table with threshold 15 (max threshold 15)
[22.980s][trace][gc,age         ] GC(1423) - age   1:        192 bytes,        192 total
[22.980s][info ][gc,heap        ] GC(1423) DefNew: 139904K(157376K)->0K(157376K) Eden: 139904K(139904K)->0K(139904K) From: 0K(17472K)->0K(17472K)
[22.980s][info ][gc,heap        ] GC(1423) Tenured: 3959K(349568K)->3959K(349568K)
[22.980s][info ][gc,metaspace   ] GC(1423) Metaspace: 9888K(10176K)->9888K(10176K) NonClass: 8754K(8896K)->8754K(8896K) Class: 1134K(1280K)->1134K(1280K)
[22.980s][info ][gc             ] GC(1423) Pause Young (Allocation Failure) 140M->3M(495M) 0.155ms
[22.980s][info ][gc,cpu         ] GC(1423) User=0.00s Sys=0.00s Real=0.01s
[22.990s][info ][gc,start       ] GC(1424) Pause Young (Allocation Failure)
[22.990s][debug][gc,age         ] GC(1424) Desired survivor size 8945664 bytes, new threshold 15 (max threshold 15)
[22.990s][trace][gc,age         ] GC(1424) Age table with threshold 15 (max threshold 15)
[22.990s][trace][gc,age         ] GC(1424) - age   1:        192 bytes,        192 total
[22.990s][info ][gc,heap        ] GC(1424) DefNew: 139904K(157376K)->0K(157376K) Eden: 139904K(139904K)->0K(139904K) From: 0K(17472K)->0K(17472K)
[22.990s][info ][gc,heap        ] GC(1424) Tenured: 3959K(349568K)->3959K(349568K)
[22.990s][info ][gc,metaspace   ] GC(1424) Metaspace: 9888K(10176K)->9888K(10176K) NonClass: 8754K(8896K)->8754K(8896K) Class: 1134K(1280K)->1134K(1280K)
[22.990s][info ][gc             ] GC(1424) Pause Young (Allocation Failure) 140M->3M(495M) 0.162ms
[22.990s][info ][gc,cpu         ] GC(1424) User=0.00s Sys=0.00s Real=0.00s
[23.000s][info ][gc,start       ] GC(1425) Pause Young (Allocation Failure)
[23.001s][debug][gc,age         ] GC(1425) Desired survivor size 8945664 bytes, new threshold 15 (max threshold 15)
[23.001s][trace][gc,age         ] GC(1425) Age table with threshold 15 (max threshold 15)
[23.001s][trace][gc,age         ] GC(1425) - age   1:        192 bytes,        192 total
[23.001s][info ][gc,heap        ] GC(1425) DefNew: 139904K(157376K)->0K(157376K) Eden: 139904K(139904K)->0K(139904K) From: 0K(17472K)->0K(17472K)
[23.001s][info ][gc,heap        ] GC(1425) Tenured: 3959K(349568K)->3959K(349568K)
[23.001s][info ][gc,metaspace   ] GC(1425) Metaspace: 9888K(10176K)->9888K(10176K) NonClass: 8754K(8896K)->8754K(8896K) Class: 1134K(1280K)->1134K(1280K)
[23.001s][info ][gc             ] GC(1425) Pause Young (Allocation Failure) 140M->3M(495M) 0.154ms
[23.001s][info ][gc,cpu         ] GC(1425) User=0.00s Sys=0.00s Real=0.00s
[23.011s][info ][gc,start       ] GC(1426) Pause Young (Allocation Failure)
[23.011s][debug][gc,age         ] GC(1426) Desired survivor size 8945664 bytes, new threshold 15 (max threshold 15)
[23.011s][trace][gc,age         ] GC(1426) Age table with threshold 15 (max threshold 15)
[23.011s][trace][gc,age         ] GC(1426) - age   1:        192 bytes,        192 total
[23.011s][info ][gc,heap        ] GC(1426) DefNew: 139904K(157376K)->0K(157376K) Eden: 139904K(139904K)->0K(139904K) From: 0K(17472K)->0K(17472K)
[23.011s][info ][gc,heap        ] GC(1426) Tenured: 3959K(349568K)->3959K(349568K)
[23.011s][info ][gc,metaspace   ] GC(1426) Metaspace: 9888K(10176K)->9888K(10176K) NonClass: 8754K(8896K)->8754K(8896K) Class: 1134K(1280K)->1134K(1280K)
[23.011s][info ][gc             ] GC(1426) Pause Young (Allocation Failure) 140M->3M(495M) 0.156ms
[23.011s][info ][gc,cpu         ] GC(1426) User=0.00s Sys=0.00s Real=0.00s
[23.021s][info ][gc,start       ] GC(1427) Pause Young (Allocation Failure)
[23.021s][debug][gc,age         ] GC(1427) Desired survivor size 8945664 bytes, new threshold 15 (max threshold 15)
[23.021s][trace][gc,age         ] GC(1427) Age table with threshold 15 (max threshold 15)
[23.021s][trace][gc,age         ] GC(1427) - age   1:        192 bytes,        192 total
[23.021s][info ][gc,heap        ] GC(1427) DefNew: 139904K(157376K)->0K(157376K) Eden: 139904K(139904K)->0K(139904K) From: 0K(17472K)->0K(17472K)
[23.021s][info ][gc,heap        ] GC(1427) Tenured: 3959K(349568K)->3959K(349568K)
[23.021s][info ][gc,metaspace   ] GC(1427) Metaspace: 9888K(10176K)->9888K(10176K) NonClass: 8754K(8896K)->8754K(8896K) Class: 1134K(1280K)->1134K(1280K)
[23.021s][info ][gc             ] GC(1427) Pause Young (Allocation Failure) 140M->3M(495M) 0.152ms
[23.021s][info ][gc,cpu         ] GC(1427) User=0.00s Sys=0.00s Real=0.00s
[23.031s][info ][gc,start       ] GC(1428) Pause Young (Allocation Failure)
[23.031s][debug][gc,age         ] GC(1428) Desired survivor size 8945664 bytes, new threshold 15 (max threshold 15)
[23.031s][trace][gc,age         ] GC(1428) Age table with threshold 15 (max threshold 15)
[23.031s][trace][gc,age         ] GC(1428) - age   1:        192 bytes,        192 total
[23.031s][info ][gc,heap        ] GC(1428) DefNew: 139904K(157376K)->0K(157376K) Eden: 139904K(139904K)->0K(139904K) From: 0K(17472K)->0K(17472K)
[23.031s][info ][gc,heap        ] GC(1428) Tenured: 3959K(349568K)->3959K(349568K)
[23.031s][info ][gc,metaspace   ] GC(1428) Metaspace: 9888K(10176K)->9888K(10176K) NonClass: 8754K(8896K)->8754K(8896K) Class: 1134K(1280K)->1134K(1280K)
[23.031s][info ][gc             ] GC(1428) Pause Young (Allocation Failure) 140M->3M(495M) 0.154ms
[23.031s][info ][gc,cpu         ] GC(1428) User=0.00s Sys=0.00s Real=0.00s
[23.041s][info ][gc,start       ] GC(1429) Pause Young (Allocation Failure)
[23.041s][debug][gc,age         ] GC(1429) Desired survivor size 8945664 bytes, new threshold 15 (max threshold 15)
[23.041s][trace][gc,age         ] GC(1429) Age table with threshold 15 (max threshold 15)
[23.041s][trace][gc,age         ] GC(1429) - age   1:        192 bytes,        192 total
[23.041s][info ][gc,heap        ] GC(1429) DefNew: 139904K(157376K)->0K(157376K) Eden: 139904K(139904K)->0K(139904K) From: 0K(17472K)->0K(17472K)
[23.041s][info ][gc,heap        ] GC(1429) Tenured: 3959K(349568K)->3959K(349568K)
[23.041s][info ][gc,metaspace   ] GC(1429) Metaspace: 9888K(10176K)->9888K(10176K) NonClass: 8754K(8896K)->8754K(8896K) Class: 1134K(1280K)->1134K(1280K)
[23.041s][info ][gc             ] GC(1429) Pause Young (Allocation Failure) 140M->3M(495M) 0.153ms
[23.041s][info ][gc,cpu         ] GC(1429) User=0.00s Sys=0.00s Real=0.00s
[23.051s][info ][gc,start       ] GC(1430) Pause Young (Allocation Failure)
[23.052s][debug][gc,age         ] GC(1430) Desired survivor size 8945664 bytes, new threshold 15 (max threshold 15)
[23.052s][trace][gc,age         ] GC(1430) Age table with threshold 15 (max threshold 15)
[23.052s][trace][gc,age         ] GC(1430) - age   1:        192 bytes,        192 total
[23.052s][info ][gc,heap        ] GC(1430) DefNew: 139904K(157376K)->0K(157376K) Eden: 139904K(139904K)->0K(139904K) From: 0K(17472K)->0K(17472K)
[23.052s][info ][gc,heap        ] GC(1430) Tenured: 3959K(349568K)->3959K(349568K)
[23.052s][info ][gc,metaspace   ] GC(1430) Metaspace: 9888K(10176K)->9888K(10176K) NonClass: 8754K(8896K)->8754K(8896K) Class: 1134K(1280K)->1134K(1280K)
[23.052s][info ][gc             ] GC(1430) Pause Young (Allocation Failure) 140M->3M(495M) 0.154ms
[23.052s][info ][gc,cpu         ] GC(1430) User=0.00s Sys=0.00s Real=0.00s
[23.062s][info ][gc,start       ] GC(1431) Pause Young (Allocation Failure)
[23.062s][debug][gc,age         ] GC(1431) Desired survivor size 8945664 bytes, new threshold 15 (max threshold 15)
[23.062s][trace][gc,age         ] GC(1431) Age table with threshold 15 (max threshold 15)
[23.062s][trace][gc,age         ] GC(1431) - age   1:        192 bytes,        192 total
[23.062s][info ][gc,heap        ] GC(1431) DefNew: 139904K(157376K)->0K(157376K) Eden: 139904K(139904K)->0K(139904K) From: 0K(17472K)->0K(17472K)
[23.062s][info ][gc,heap        ] GC(1431) Tenured: 3959K(349568K)->3959K(349568K)
[23.062s][info ][gc,metaspace   ] GC(1431) Metaspace: 9888K(10176K)->9888K(10176K) NonClass: 8754K(8896K)->8754K(8896K) Class: 1134K(1280K)->1134K(1280K)
[23.062s][info ][gc             ] GC(1431) Pause Young (Allocation Failure) 140M->3M(495M) 0.153ms
[23.062s][info ][gc,cpu         ] GC(1431) User=0.00s Sys=0.00s Real=0.00s
[23.072s][info ][gc,start       ] GC(1432) Pause Young (Allocation Failure)
[23.072s][debug][gc,age         ] GC(1432) Desired survivor size 8945664 bytes, new threshold 15 (max threshold 15)
[23.072s][trace][gc,age         ] GC(1432) Age table with threshold 15 (max threshold 15)
[23.072s][trace][gc,age         ] GC(1432) - age   1:        192 bytes,        192 total
[23.072s][info ][gc,heap        ] GC(1432) DefNew: 139904K(157376K)->0K(157376K) Eden: 139904K(139904K)->0K(139904K) From: 0K(17472K)->0K(17472K)
[23.072s][info ][gc,heap        ] GC(1432) Tenured: 3959K(349568K)->3959K(349568K)
[23.072s][info ][gc,metaspace   ] GC(1432) Metaspace: 9888K(10176K)->9888K(10176K) NonClass: 8754K(8896K)->8754K(8896K) Class: 1134K(1280K)->1134K(1280K)
[23.072s][info ][gc             ] GC(1432) Pause Young (Allocation Failure) 140M->3M(495M) 0.151ms
[23.072s][info ][gc,cpu         ] GC(1432) User=0.00s Sys=0.00s Real=0.00s
[23.082s][info ][gc,start       ] GC(1433) Pause Young (Allocation Failure)
[23.082s][debug][gc,age         ] GC(1433) Desired survivor size 8945664 bytes, new threshold 15 (max threshold 15)
[23.082s][trace][gc,age         ] GC(1433) Age table with threshold 15 (max threshold 15)
[23.082s][trace][gc,age         ] GC(1433) - age   1:        192 bytes,        192 total
[23.082s][info ][gc,heap        ] GC(1433) DefNew: 139904K(157376K)->0K(157376K) Eden: 139904K(139904K)->0K(139904K) From: 0K(17472K)->0K(17472K)
[23.082s][info ][gc,heap        ] GC(1433) Tenured: 3959K(349568K)->3959K(349568K)
[23.082s][info ][gc,metaspace   ] GC(1433) Metaspace: 9888K(10176K)->9888K(10176K) NonClass: 8754K(8896K)->8754K(8896K) Class: 1134K(1280K)->1134K(1280K)
[23.082s][info ][gc             ] GC(1433) Pause Young (Allocation Failure) 140M->3M(495M) 0.151ms
[23.082s][info ][gc,cpu         ] GC(1433) User=0.00s Sys=0.00s Real=0.00s
[23.092s][info ][gc,start       ] GC(1434) Pause Young (Allocation Failure)
[23.092s][debug][gc,age         ] GC(1434) Desired survivor size 8945664 bytes, new threshold 15 (max threshold 15)
[23.092s][trace][gc,age         ] GC(1434) Age table with threshold 15 (max threshold 15)
[23.092s][trace][gc,age         ] GC(1434) - age   1:        192 bytes,        192 total
[23.092s][info ][gc,heap        ] GC(1434) DefNew: 139904K(157376K)->0K(157376K) Eden: 139904K(139904K)->0K(139904K) From: 0K(17472K)->0K(17472K)
[23.092s][info ][gc,heap        ] GC(1434) Tenured: 3959K(349568K)->3959K(349568K)
[23.092s][info ][gc,metaspace   ] GC(1434) Metaspace: 9888K(10176K)->9888K(10176K) NonClass: 8754K(8896K)->8754K(8896K) Class: 1134K(1280K)->1134K(1280K)
[23.092s][info ][gc             ] GC(1434) Pause Young (Allocation Failure) 140M->3M(495M) 0.154ms
[23.092s][info ][gc,cpu         ] GC(1434) User=0.00s Sys=0.00s Real=0.00s
[23.103s][info ][gc,start       ] GC(1435) Pause Young (Allocation Failure)
[23.103s][debug][gc,age         ] GC(1435) Desired survivor size 8945664 bytes, new threshold 15 (max threshold 15)
[23.103s][trace][gc,age         ] GC(1435) Age table with threshold 15 (max threshold 15)
[23.103s][trace][gc,age         ] GC(1435) - age   1:        192 bytes,        192 total
[23.103s][info ][gc,heap        ] GC(1435) DefNew: 139904K(157376K)->0K(157376K) Eden: 139904K(139904K)->0K(139904K) From: 0K(17472K)->0K(17472K)
[23.103s][info ][gc,heap        ] GC(1435) Tenured: 3959K(349568K)->3959K(349568K)
[23.103s][info ][gc,metaspace   ] GC(1435) Metaspace: 9888K(10176K)->9888K(10176K) NonClass: 8754K(8896K)->8754K(8896K) Class: 1134K(1280K)->1134K(1280K)
[23.103s][info ][gc             ] GC(1435) Pause Young (Allocation Failure) 140M->3M(495M) 0.150ms
[23.103s][info ][gc,cpu         ] GC(1435) User=0.00s Sys=0.00s Real=0.00s
[23.113s][info ][gc,start       ] GC(1436) Pause Young (Allocation Failure)
[23.113s][debug][gc,age         ] GC(1436) Desired survivor size 8945664 bytes, new threshold 15 (max threshold 15)
[23.113s][trace][gc,age         ] GC(1436) Age table with threshold 15 (max threshold 15)
[23.113s][trace][gc,age         ] GC(1436) - age   1:     400208 bytes,     400208 total
[23.113s][info ][gc,heap        ] GC(1436) DefNew: 139584K(157376K)->390K(157376K) Eden: 139584K(139904K)->0K(139904K) From: 0K(17472K)->390K(17472K)
[23.113s][info ][gc,heap        ] GC(1436) Tenured: 3959K(349568K)->3959K(349568K)
[23.113s][info ][gc,metaspace   ] GC(1436) Metaspace: 9888K(10176K)->9888K(10176K) NonClass: 8754K(8896K)->8754K(8896K) Class: 1134K(1280K)->1134K(1280K)
[23.113s][info ][gc             ] GC(1436) Pause Young (Allocation Failure) 140M->4M(495M) 0.171ms
[23.113s][info ][gc,cpu         ] GC(1436) User=0.00s Sys=0.00s Real=0.00s
[23.123s][info ][gc,start       ] GC(1437) Pause Young (Allocation Failure)
[23.123s][debug][gc,age         ] GC(1437) Desired survivor size 8945664 bytes, new threshold 15 (max threshold 15)
[23.123s][trace][gc,age         ] GC(1437) Age table with threshold 15 (max threshold 15)
[23.123s][trace][gc,age         ] GC(1437) - age   1:        192 bytes,        192 total
[23.123s][info ][gc,heap        ] GC(1437) DefNew: 140227K(157376K)->0K(157376K) Eden: 139836K(139904K)->0K(139904K) From: 390K(17472K)->0K(17472K)
[23.123s][info ][gc,heap        ] GC(1437) Tenured: 3959K(349568K)->3959K(349568K)
[23.123s][info ][gc,metaspace   ] GC(1437) Metaspace: 9888K(10176K)->9888K(10176K) NonClass: 8754K(8896K)->8754K(8896K) Class: 1134K(1280K)->1134K(1280K)
[23.123s][info ][gc             ] GC(1437) Pause Young (Allocation Failure) 140M->3M(495M) 0.148ms
[23.123s][info ][gc,cpu         ] GC(1437) User=0.00s Sys=0.00s Real=0.00s
[23.134s][info ][gc,start       ] GC(1438) Pause Young (Allocation Failure)
[23.134s][debug][gc,age         ] GC(1438) Desired survivor size 8945664 bytes, new threshold 15 (max threshold 15)
[23.134s][trace][gc,age         ] GC(1438) Age table with threshold 15 (max threshold 15)
[23.134s][trace][gc,age         ] GC(1438) - age   1:     400208 bytes,     400208 total
[23.134s][info ][gc,heap        ] GC(1438) DefNew: 139799K(157376K)->390K(157376K) Eden: 139799K(139904K)->0K(139904K) From: 0K(17472K)->390K(17472K)
[23.134s][info ][gc,heap        ] GC(1438) Tenured: 3959K(349568K)->3959K(349568K)
[23.134s][info ][gc,metaspace   ] GC(1438) Metaspace: 9888K(10176K)->9888K(10176K) NonClass: 8754K(8896K)->8754K(8896K) Class: 1134K(1280K)->1134K(1280K)
[23.134s][info ][gc             ] GC(1438) Pause Young (Allocation Failure) 140M->4M(495M) 0.172ms
[23.134s][info ][gc,cpu         ] GC(1438) User=0.00s Sys=0.00s Real=0.00s
[23.144s][info ][gc,start       ] GC(1439) Pause Young (Allocation Failure)
[23.144s][debug][gc,age         ] GC(1439) Desired survivor size 8945664 bytes, new threshold 15 (max threshold 15)
[23.144s][trace][gc,age         ] GC(1439) Age table with threshold 15 (max threshold 15)
[23.144s][trace][gc,age         ] GC(1439) - age   1:        192 bytes,        192 total
[23.144s][info ][gc,heap        ] GC(1439) DefNew: 140137K(157376K)->0K(157376K) Eden: 139746K(139904K)->0K(139904K) From: 390K(17472K)->0K(17472K)
[23.144s][info ][gc,heap        ] GC(1439) Tenured: 3959K(349568K)->3959K(349568K)
[23.144s][info ][gc,metaspace   ] GC(1439) Metaspace: 9888K(10176K)->9888K(10176K) NonClass: 8754K(8896K)->8754K(8896K) Class: 1134K(1280K)->1134K(1280K)
[23.144s][info ][gc             ] GC(1439) Pause Young (Allocation Failure) 140M->3M(495M) 0.151ms
[23.144s][info ][gc,cpu         ] GC(1439) User=0.00s Sys=0.00s Real=0.00s
[23.154s][info ][gc,start       ] GC(1440) Pause Young (Allocation Failure)
[23.154s][debug][gc,age         ] GC(1440) Desired survivor size 8945664 bytes, new threshold 15 (max threshold 15)
[23.154s][trace][gc,age         ] GC(1440) Age table with threshold 15 (max threshold 15)
[23.154s][trace][gc,age         ] GC(1440) - age   1:     400208 bytes,     400208 total
[23.154s][info ][gc,heap        ] GC(1440) DefNew: 139843K(157376K)->390K(157376K) Eden: 139843K(139904K)->0K(139904K) From: 0K(17472K)->390K(17472K)
[23.154s][info ][gc,heap        ] GC(1440) Tenured: 3959K(349568K)->3959K(349568K)
[23.154s][info ][gc,metaspace   ] GC(1440) Metaspace: 9888K(10176K)->9888K(10176K) NonClass: 8754K(8896K)->8754K(8896K) Class: 1134K(1280K)->1134K(1280K)
[23.155s][info ][gc             ] GC(1440) Pause Young (Allocation Failure) 140M->4M(495M) 0.160ms
[23.155s][info ][gc,cpu         ] GC(1440) User=0.00s Sys=0.00s Real=0.00s
[23.165s][info ][gc,start       ] GC(1441) Pause Young (Allocation Failure)
[23.165s][debug][gc,age         ] GC(1441) Desired survivor size 8945664 bytes, new threshold 15 (max threshold 15)
[23.165s][trace][gc,age         ] GC(1441) Age table with threshold 15 (max threshold 15)
[23.165s][trace][gc,age         ] GC(1441) - age   1:        192 bytes,        192 total
[23.165s][info ][gc,heap        ] GC(1441) DefNew: 140160K(157376K)->0K(157376K) Eden: 139769K(139904K)->0K(139904K) From: 390K(17472K)->0K(17472K)
[23.165s][info ][gc,heap        ] GC(1441) Tenured: 3959K(349568K)->3959K(349568K)
[23.165s][info ][gc,metaspace   ] GC(1441) Metaspace: 9888K(10176K)->9888K(10176K) NonClass: 8754K(8896K)->8754K(8896K) Class: 1134K(1280K)->1134K(1280K)
[23.165s][info ][gc             ] GC(1441) Pause Young (Allocation Failure) 140M->3M(495M) 0.149ms
[23.165s][info ][gc,cpu         ] GC(1441) User=0.00s Sys=0.00s Real=0.00s
[23.175s][info ][gc,start       ] GC(1442) Pause Young (Allocation Failure)
[23.175s][debug][gc,age         ] GC(1442) Desired survivor size 8945664 bytes, new threshold 15 (max threshold 15)
[23.175s][trace][gc,age         ] GC(1442) Age table with threshold 15 (max threshold 15)
[23.175s][trace][gc,age         ] GC(1442) - age   1:     400208 bytes,     400208 total
[23.175s][info ][gc,heap        ] GC(1442) DefNew: 139712K(157376K)->390K(157376K) Eden: 139712K(139904K)->0K(139904K) From: 0K(17472K)->390K(17472K)
[23.175s][info ][gc,heap        ] GC(1442) Tenured: 3959K(349568K)->3959K(349568K)
[23.175s][info ][gc,metaspace   ] GC(1442) Metaspace: 9888K(10176K)->9888K(10176K) NonClass: 8754K(8896K)->8754K(8896K) Class: 1134K(1280K)->1134K(1280K)
[23.175s][info ][gc             ] GC(1442) Pause Young (Allocation Failure) 140M->4M(495M) 0.174ms
[23.175s][info ][gc,cpu         ] GC(1442) User=0.00s Sys=0.00s Real=0.00s
[23.186s][info ][gc,start       ] GC(1443) Pause Young (Allocation Failure)
[23.186s][debug][gc,age         ] GC(1443) Desired survivor size 8945664 bytes, new threshold 15 (max threshold 15)
[23.186s][trace][gc,age         ] GC(1443) Age table with threshold 15 (max threshold 15)
[23.186s][trace][gc,age         ] GC(1443) - age   1:        192 bytes,        192 total
[23.186s][info ][gc,heap        ] GC(1443) DefNew: 140172K(157376K)->0K(157376K) Eden: 139782K(139904K)->0K(139904K) From: 390K(17472K)->0K(17472K)
[23.186s][info ][gc,heap        ] GC(1443) Tenured: 3959K(349568K)->3959K(349568K)
[23.186s][info ][gc,metaspace   ] GC(1443) Metaspace: 9888K(10176K)->9888K(10176K) NonClass: 8754K(8896K)->8754K(8896K) Class: 1134K(1280K)->1134K(1280K)
[23.186s][info ][gc             ] GC(1443) Pause Young (Allocation Failure) 140M->3M(495M) 0.161ms
[23.186s][info ][gc,cpu         ] GC(1443) User=0.00s Sys=0.00s Real=0.00s
[23.196s][info ][gc,start       ] GC(1444) Pause Young (Allocation Failure)
[23.196s][debug][gc,age         ] GC(1444) Desired survivor size 8945664 bytes, new threshold 15 (max threshold 15)
[23.196s][trace][gc,age         ] GC(1444) Age table with threshold 15 (max threshold 15)
[23.196s][trace][gc,age         ] GC(1444) - age   1:     400208 bytes,     400208 total
[23.196s][info ][gc,heap        ] GC(1444) DefNew: 139826K(157376K)->390K(157376K) Eden: 139826K(139904K)->0K(139904K) From: 0K(17472K)->390K(17472K)
[23.196s][info ][gc,heap        ] GC(1444) Tenured: 3959K(349568K)->3959K(349568K)
[23.196s][info ][gc,metaspace   ] GC(1444) Metaspace: 9888K(10176K)->9888K(10176K) NonClass: 8754K(8896K)->8754K(8896K) Class: 1134K(1280K)->1134K(1280K)
[23.196s][info ][gc             ] GC(1444) Pause Young (Allocation Failure) 140M->4M(495M) 0.164ms
[23.196s][info ][gc,cpu         ] GC(1444) User=0.00s Sys=0.00s Real=0.00s
[23.206s][info ][gc,start       ] GC(1445) Pause Young (Allocation Failure)
[23.206s][debug][gc,age         ] GC(1445) Desired survivor size 8945664 bytes, new threshold 15 (max threshold 15)
[23.207s][trace][gc,age         ] GC(1445) Age table with threshold 15 (max threshold 15)
[23.207s][trace][gc,age         ] GC(1445) - age   1:        192 bytes,        192 total
[23.207s][info ][gc,heap        ] GC(1445) DefNew: 140294K(157376K)->0K(157376K) Eden: 139904K(139904K)->0K(139904K) From: 390K(17472K)->0K(17472K)
[23.207s][info ][gc,heap        ] GC(1445) Tenured: 3959K(349568K)->3959K(349568K)
[23.207s][info ][gc,metaspace   ] GC(1445) Metaspace: 9888K(10176K)->9888K(10176K) NonClass: 8754K(8896K)->8754K(8896K) Class: 1134K(1280K)->1134K(1280K)
[23.207s][info ][gc             ] GC(1445) Pause Young (Allocation Failure) 140M->3M(495M) 0.151ms
[23.207s][info ][gc,cpu         ] GC(1445) User=0.00s Sys=0.00s Real=0.00s
[23.217s][info ][gc,start       ] GC(1446) Pause Young (Allocation Failure)
[23.217s][debug][gc,age         ] GC(1446) Desired survivor size 8945664 bytes, new threshold 15 (max threshold 15)
[23.217s][trace][gc,age         ] GC(1446) Age table with threshold 15 (max threshold 15)
[23.217s][trace][gc,age         ] GC(1446) - age   1:     400208 bytes,     400208 total
[23.217s][info ][gc,heap        ] GC(1446) DefNew: 139904K(157376K)->390K(157376K) Eden: 139904K(139904K)->0K(139904K) From: 0K(17472K)->390K(17472K)
[23.217s][info ][gc,heap        ] GC(1446) Tenured: 3959K(349568K)->3959K(349568K)
[23.217s][info ][gc,metaspace   ] GC(1446) Metaspace: 9888K(10176K)->9888K(10176K) NonClass: 8754K(8896K)->8754K(8896K) Class: 1134K(1280K)->1134K(1280K)
[23.217s][info ][gc             ] GC(1446) Pause Young (Allocation Failure) 140M->4M(495M) 0.168ms
[23.217s][info ][gc,cpu         ] GC(1446) User=0.00s Sys=0.00s Real=0.00s
[23.227s][info ][gc,start       ] GC(1447) Pause Young (Allocation Failure)
[23.227s][debug][gc,age         ] GC(1447) Desired survivor size 8945664 bytes, new threshold 15 (max threshold 15)
[23.227s][trace][gc,age         ] GC(1447) Age table with threshold 15 (max threshold 15)
[23.227s][trace][gc,age         ] GC(1447) - age   1:        192 bytes,        192 total
[23.227s][info ][gc,heap        ] GC(1447) DefNew: 140294K(157376K)->0K(157376K) Eden: 139904K(139904K)->0K(139904K) From: 390K(17472K)->0K(17472K)
[23.227s][info ][gc,heap        ] GC(1447) Tenured: 3959K(349568K)->3959K(349568K)
[23.227s][info ][gc,metaspace   ] GC(1447) Metaspace: 9888K(10176K)->9888K(10176K) NonClass: 8754K(8896K)->8754K(8896K) Class: 1134K(1280K)->1134K(1280K)
[23.227s][info ][gc             ] GC(1447) Pause Young (Allocation Failure) 140M->3M(495M) 0.153ms
[23.227s][info ][gc,cpu         ] GC(1447) User=0.00s Sys=0.00s Real=0.00s
[23.237s][info ][gc,start       ] GC(1448) Pause Young (Allocation Failure)
[23.237s][debug][gc,age         ] GC(1448) Desired survivor size 8945664 bytes, new threshold 15 (max threshold 15)
[23.237s][trace][gc,age         ] GC(1448) Age table with threshold 15 (max threshold 15)
[23.237s][trace][gc,age         ] GC(1448) - age   1:        192 bytes,        192 total
[23.237s][info ][gc,heap        ] GC(1448) DefNew: 139904K(157376K)->0K(157376K) Eden: 139904K(139904K)->0K(139904K) From: 0K(17472K)->0K(17472K)
[23.237s][info ][gc,heap        ] GC(1448) Tenured: 3959K(349568K)->3959K(349568K)
[23.237s][info ][gc,metaspace   ] GC(1448) Metaspace: 9888K(10176K)->9888K(10176K) NonClass: 8754K(8896K)->8754K(8896K) Class: 1134K(1280K)->1134K(1280K)
[23.237s][info ][gc             ] GC(1448) Pause Young (Allocation Failure) 140M->3M(495M) 0.162ms
[23.237s][info ][gc,cpu         ] GC(1448) User=0.00s Sys=0.00s Real=0.00s
[23.247s][info ][gc,start       ] GC(1449) Pause Young (Allocation Failure)
[23.247s][debug][gc,age         ] GC(1449) Desired survivor size 8945664 bytes, new threshold 15 (max threshold 15)
[23.247s][trace][gc,age         ] GC(1449) Age table with threshold 15 (max threshold 15)
[23.247s][trace][gc,age         ] GC(1449) - age   1:        192 bytes,        192 total
[23.247s][info ][gc,heap        ] GC(1449) DefNew: 139904K(157376K)->0K(157376K) Eden: 139904K(139904K)->0K(139904K) From: 0K(17472K)->0K(17472K)
[23.247s][info ][gc,heap        ] GC(1449) Tenured: 3959K(349568K)->3959K(349568K)
[23.247s][info ][gc,metaspace   ] GC(1449) Metaspace: 9888K(10176K)->9888K(10176K) NonClass: 8754K(8896K)->8754K(8896K) Class: 1134K(1280K)->1134K(1280K)
[23.247s][info ][gc             ] GC(1449) Pause Young (Allocation Failure) 140M->3M(495M) 0.159ms
[23.247s][info ][gc,cpu         ] GC(1449) User=0.00s Sys=0.00s Real=0.00s
[23.257s][info ][gc,start       ] GC(1450) Pause Young (Allocation Failure)
[23.258s][debug][gc,age         ] GC(1450) Desired survivor size 8945664 bytes, new threshold 15 (max threshold 15)
[23.258s][trace][gc,age         ] GC(1450) Age table with threshold 15 (max threshold 15)
[23.258s][trace][gc,age         ] GC(1450) - age   1:         80 bytes,         80 total
[23.258s][info ][gc,heap        ] GC(1450) DefNew: 139904K(157376K)->0K(157376K) Eden: 139904K(139904K)->0K(139904K) From: 0K(17472K)->0K(17472K)
[23.258s][info ][gc,heap        ] GC(1450) Tenured: 3959K(349568K)->3959K(349568K)
[23.258s][info ][gc,metaspace   ] GC(1450) Metaspace: 9888K(10176K)->9888K(10176K) NonClass: 8754K(8896K)->8754K(8896K) Class: 1134K(1280K)->1134K(1280K)
[23.258s][info ][gc             ] GC(1450) Pause Young (Allocation Failure) 140M->3M(495M) 0.137ms
[23.258s][info ][gc,cpu         ] GC(1450) User=0.00s Sys=0.00s Real=0.00s
[23.268s][info ][gc,start       ] GC(1451) Pause Young (Allocation Failure)
[23.268s][debug][gc,age         ] GC(1451) Desired survivor size 8945664 bytes, new threshold 15 (max threshold 15)
[23.268s][trace][gc,age         ] GC(1451) Age table with threshold 15 (max threshold 15)
[23.268s][trace][gc,age         ] GC(1451) - age   1:        192 bytes,        192 total
[23.268s][info ][gc,heap        ] GC(1451) DefNew: 139514K(157376K)->0K(157376K) Eden: 139514K(139904K)->0K(139904K) From: 0K(17472K)->0K(17472K)
[23.268s][info ][gc,heap        ] GC(1451) Tenured: 3959K(349568K)->3959K(349568K)
[23.268s][info ][gc,metaspace   ] GC(1451) Metaspace: 9888K(10176K)->9888K(10176K) NonClass: 8754K(8896K)->8754K(8896K) Class: 1134K(1280K)->1134K(1280K)
[23.268s][info ][gc             ] GC(1451) Pause Young (Allocation Failure) 140M->3M(495M) 0.152ms
[23.268s][info ][gc,cpu         ] GC(1451) User=0.00s Sys=0.00s Real=0.00s
[23.278s][info ][gc,start       ] GC(1452) Pause Young (Allocation Failure)
[23.278s][debug][gc,age         ] GC(1452) Desired survivor size 8945664 bytes, new threshold 15 (max threshold 15)
[23.278s][trace][gc,age         ] GC(1452) Age table with threshold 15 (max threshold 15)
[23.278s][trace][gc,age         ] GC(1452) - age   1:        192 bytes,        192 total
[23.278s][info ][gc,heap        ] GC(1452) DefNew: 139904K(157376K)->0K(157376K) Eden: 139904K(139904K)->0K(139904K) From: 0K(17472K)->0K(17472K)
[23.278s][info ][gc,heap        ] GC(1452) Tenured: 3959K(349568K)->3959K(349568K)
[23.278s][info ][gc,metaspace   ] GC(1452) Metaspace: 9888K(10176K)->9888K(10176K) NonClass: 8754K(8896K)->8754K(8896K) Class: 1134K(1280K)->1134K(1280K)
[23.278s][info ][gc             ] GC(1452) Pause Young (Allocation Failure) 140M->3M(495M) 0.149ms
[23.278s][info ][gc,cpu         ] GC(1452) User=0.00s Sys=0.00s Real=0.00s
[23.288s][info ][gc,start       ] GC(1453) Pause Young (Allocation Failure)
[23.289s][debug][gc,age         ] GC(1453) Desired survivor size 8945664 bytes, new threshold 15 (max threshold 15)
[23.289s][trace][gc,age         ] GC(1453) Age table with threshold 15 (max threshold 15)
[23.289s][trace][gc,age         ] GC(1453) - age   1:     400208 bytes,     400208 total
[23.289s][info ][gc,heap        ] GC(1453) DefNew: 139817K(157376K)->390K(157376K) Eden: 139817K(139904K)->0K(139904K) From: 0K(17472K)->390K(17472K)
[23.289s][info ][gc,heap        ] GC(1453) Tenured: 3959K(349568K)->3959K(349568K)
[23.289s][info ][gc,metaspace   ] GC(1453) Metaspace: 9888K(10176K)->9888K(10176K) NonClass: 8754K(8896K)->8754K(8896K) Class: 1134K(1280K)->1134K(1280K)
[23.289s][info ][gc             ] GC(1453) Pause Young (Allocation Failure) 140M->4M(495M) 0.170ms
[23.289s][info ][gc,cpu         ] GC(1453) User=0.00s Sys=0.00s Real=0.00s
[23.299s][info ][gc,start       ] GC(1454) Pause Young (Allocation Failure)
[23.299s][debug][gc,age         ] GC(1454) Desired survivor size 8945664 bytes, new threshold 15 (max threshold 15)
[23.299s][trace][gc,age         ] GC(1454) Age table with threshold 15 (max threshold 15)
[23.299s][trace][gc,age         ] GC(1454) - age   1:        192 bytes,        192 total
[23.299s][info ][gc,heap        ] GC(1454) DefNew: 140103K(157376K)->0K(157376K) Eden: 139712K(139904K)->0K(139904K) From: 390K(17472K)->0K(17472K)
[23.299s][info ][gc,heap        ] GC(1454) Tenured: 3959K(349568K)->3959K(349568K)
[23.299s][info ][gc,metaspace   ] GC(1454) Metaspace: 9888K(10176K)->9888K(10176K) NonClass: 8754K(8896K)->8754K(8896K) Class: 1134K(1280K)->1134K(1280K)
[23.299s][info ][gc             ] GC(1454) Pause Young (Allocation Failure) 140M->3M(495M) 0.160ms
[23.299s][info ][gc,cpu         ] GC(1454) User=0.00s Sys=0.00s Real=0.00s
[23.309s][info ][gc,start       ] GC(1455) Pause Young (Allocation Failure)
[23.309s][debug][gc,age         ] GC(1455) Desired survivor size 8945664 bytes, new threshold 15 (max threshold 15)
[23.309s][trace][gc,age         ] GC(1455) Age table with threshold 15 (max threshold 15)
[23.309s][trace][gc,age         ] GC(1455) - age   1:     400208 bytes,     400208 total
[23.309s][info ][gc,heap        ] GC(1455) DefNew: 139782K(157376K)->390K(157376K) Eden: 139782K(139904K)->0K(139904K) From: 0K(17472K)->390K(17472K)
[23.309s][info ][gc,heap        ] GC(1455) Tenured: 3959K(349568K)->3959K(349568K)
[23.309s][info ][gc,metaspace   ] GC(1455) Metaspace: 9888K(10176K)->9888K(10176K) NonClass: 8754K(8896K)->8754K(8896K) Class: 1134K(1280K)->1134K(1280K)
[23.310s][info ][gc             ] GC(1455) Pause Young (Allocation Failure) 140M->4M(495M) 0.165ms
[23.310s][info ][gc,cpu         ] GC(1455) User=0.00s Sys=0.00s Real=0.00s
[23.320s][info ][gc,start       ] GC(1456) Pause Young (Allocation Failure)
[23.320s][debug][gc,age         ] GC(1456) Desired survivor size 8945664 bytes, new threshold 15 (max threshold 15)
[23.320s][trace][gc,age         ] GC(1456) Age table with threshold 15 (max threshold 15)
[23.320s][trace][gc,age         ] GC(1456) - age   1:        192 bytes,        192 total
[23.320s][info ][gc,heap        ] GC(1456) DefNew: 140217K(157376K)->0K(157376K) Eden: 139826K(139904K)->0K(139904K) From: 390K(17472K)->0K(17472K)
[23.320s][info ][gc,heap        ] GC(1456) Tenured: 3959K(349568K)->3959K(349568K)
[23.320s][info ][gc,metaspace   ] GC(1456) Metaspace: 9888K(10176K)->9888K(10176K) NonClass: 8754K(8896K)->8754K(8896K) Class: 1134K(1280K)->1134K(1280K)
[23.320s][info ][gc             ] GC(1456) Pause Young (Allocation Failure) 140M->3M(495M) 0.153ms
[23.320s][info ][gc,cpu         ] GC(1456) User=0.00s Sys=0.00s Real=0.00s
[23.330s][info ][gc,start       ] GC(1457) Pause Young (Allocation Failure)
[23.330s][debug][gc,age         ] GC(1457) Desired survivor size 8945664 bytes, new threshold 15 (max threshold 15)
[23.330s][trace][gc,age         ] GC(1457) Age table with threshold 15 (max threshold 15)
[23.330s][trace][gc,age         ] GC(1457) - age   1:     400208 bytes,     400208 total
[23.330s][info ][gc,heap        ] GC(1457) DefNew: 139904K(157376K)->390K(157376K) Eden: 139904K(139904K)->0K(139904K) From: 0K(17472K)->390K(17472K)
[23.330s][info ][gc,heap        ] GC(1457) Tenured: 3959K(349568K)->3959K(349568K)
[23.330s][info ][gc,metaspace   ] GC(1457) Metaspace: 9888K(10176K)->9888K(10176K) NonClass: 8754K(8896K)->8754K(8896K) Class: 1134K(1280K)->1134K(1280K)
[23.330s][info ][gc             ] GC(1457) Pause Young (Allocation Failure) 140M->4M(495M) 0.162ms
[23.330s][info ][gc,cpu         ] GC(1457) User=0.00s Sys=0.00s Real=0.01s
[23.340s][info ][gc,start       ] GC(1458) Pause Young (Allocation Failure)
[23.340s][debug][gc,age         ] GC(1458) Desired survivor size 8945664 bytes, new threshold 15 (max threshold 15)
[23.340s][trace][gc,age         ] GC(1458) Age table with threshold 15 (max threshold 15)
[23.340s][trace][gc,age         ] GC(1458) - age   1:        192 bytes,        192 total
[23.340s][info ][gc,heap        ] GC(1458) DefNew: 140294K(157376K)->0K(157376K) Eden: 139904K(139904K)->0K(139904K) From: 390K(17472K)->0K(17472K)
[23.340s][info ][gc,heap        ] GC(1458) Tenured: 3959K(349568K)->3959K(349568K)
[23.340s][info ][gc,metaspace   ] GC(1458) Metaspace: 9888K(10176K)->9888K(10176K) NonClass: 8754K(8896K)->8754K(8896K) Class: 1134K(1280K)->1134K(1280K)
[23.340s][info ][gc             ] GC(1458) Pause Young (Allocation Failure) 140M->3M(495M) 0.153ms
[23.340s][info ][gc,cpu         ] GC(1458) User=0.00s Sys=0.00s Real=0.00s
[23.350s][info ][gc,start       ] GC(1459) Pause Young (Allocation Failure)
[23.351s][debug][gc,age         ] GC(1459) Desired survivor size 8945664 bytes, new threshold 15 (max threshold 15)
[23.351s][trace][gc,age         ] GC(1459) Age table with threshold 15 (max threshold 15)
[23.351s][trace][gc,age         ] GC(1459) - age   1:     400208 bytes,     400208 total
[23.351s][info ][gc,heap        ] GC(1459) DefNew: 139904K(157376K)->390K(157376K) Eden: 139904K(139904K)->0K(139904K) From: 0K(17472K)->390K(17472K)
[23.351s][info ][gc,heap        ] GC(1459) Tenured: 3959K(349568K)->3959K(349568K)
[23.351s][info ][gc,metaspace   ] GC(1459) Metaspace: 9888K(10176K)->9888K(10176K) NonClass: 8754K(8896K)->8754K(8896K) Class: 1134K(1280K)->1134K(1280K)
[23.351s][info ][gc             ] GC(1459) Pause Young (Allocation Failure) 140M->4M(495M) 0.166ms
[23.351s][info ][gc,cpu         ] GC(1459) User=0.00s Sys=0.00s Real=0.00s
[23.361s][info ][gc,start       ] GC(1460) Pause Young (Allocation Failure)
[23.361s][debug][gc,age         ] GC(1460) Desired survivor size 8945664 bytes, new threshold 15 (max threshold 15)
[23.361s][trace][gc,age         ] GC(1460) Age table with threshold 15 (max threshold 15)
[23.361s][trace][gc,age         ] GC(1460) - age   1:     400208 bytes,     400208 total
[23.361s][info ][gc,heap        ] GC(1460) DefNew: 140294K(157376K)->390K(157376K) Eden: 139904K(139904K)->0K(139904K) From: 390K(17472K)->390K(17472K)
[23.361s][info ][gc,heap        ] GC(1460) Tenured: 3959K(349568K)->3959K(349568K)
[23.361s][info ][gc,metaspace   ] GC(1460) Metaspace: 9888K(10176K)->9888K(10176K) NonClass: 8754K(8896K)->8754K(8896K) Class: 1134K(1280K)->1134K(1280K)
[23.361s][info ][gc             ] GC(1460) Pause Young (Allocation Failure) 140M->4M(495M) 0.170ms
[23.361s][info ][gc,cpu         ] GC(1460) User=0.00s Sys=0.00s Real=0.00s
[23.371s][info ][gc,start       ] GC(1461) Pause Young (Allocation Failure)
[23.371s][debug][gc,age         ] GC(1461) Desired survivor size 8945664 bytes, new threshold 15 (max threshold 15)
[23.371s][trace][gc,age         ] GC(1461) Age table with threshold 15 (max threshold 15)
[23.371s][trace][gc,age         ] GC(1461) - age   1:     400208 bytes,     400208 total
[23.371s][info ][gc,heap        ] GC(1461) DefNew: 140294K(157376K)->390K(157376K) Eden: 139904K(139904K)->0K(139904K) From: 390K(17472K)->390K(17472K)
[23.371s][info ][gc,heap        ] GC(1461) Tenured: 3959K(349568K)->3959K(349568K)
[23.371s][info ][gc,metaspace   ] GC(1461) Metaspace: 9888K(10176K)->9888K(10176K) NonClass: 8754K(8896K)->8754K(8896K) Class: 1134K(1280K)->1134K(1280K)
[23.371s][info ][gc             ] GC(1461) Pause Young (Allocation Failure) 140M->4M(495M) 0.166ms
[23.371s][info ][gc,cpu         ] GC(1461) User=0.00s Sys=0.00s Real=0.00s
[23.381s][info ][gc,start       ] GC(1462) Pause Young (Allocation Failure)
[23.381s][debug][gc,age         ] GC(1462) Desired survivor size 8945664 bytes, new threshold 15 (max threshold 15)
[23.381s][trace][gc,age         ] GC(1462) Age table with threshold 15 (max threshold 15)
[23.381s][trace][gc,age         ] GC(1462) - age   1:     400208 bytes,     400208 total
[23.381s][info ][gc,heap        ] GC(1462) DefNew: 140294K(157376K)->390K(157376K) Eden: 139904K(139904K)->0K(139904K) From: 390K(17472K)->390K(17472K)
[23.381s][info ][gc,heap        ] GC(1462) Tenured: 3959K(349568K)->3959K(349568K)
[23.381s][info ][gc,metaspace   ] GC(1462) Metaspace: 9888K(10176K)->9888K(10176K) NonClass: 8754K(8896K)->8754K(8896K) Class: 1134K(1280K)->1134K(1280K)
[23.381s][info ][gc             ] GC(1462) Pause Young (Allocation Failure) 140M->4M(495M) 0.163ms
[23.381s][info ][gc,cpu         ] GC(1462) User=0.00s Sys=0.00s Real=0.00s
[23.391s][info ][gc,start       ] GC(1463) Pause Young (Allocation Failure)
[23.392s][debug][gc,age         ] GC(1463) Desired survivor size 8945664 bytes, new threshold 15 (max threshold 15)
[23.392s][trace][gc,age         ] GC(1463) Age table with threshold 15 (max threshold 15)
[23.392s][trace][gc,age         ] GC(1463) - age   1:     400208 bytes,     400208 total
[23.392s][info ][gc,heap        ] GC(1463) DefNew: 140294K(157376K)->390K(157376K) Eden: 139904K(139904K)->0K(139904K) From: 390K(17472K)->390K(17472K)
[23.392s][info ][gc,heap        ] GC(1463) Tenured: 3959K(349568K)->3959K(349568K)
[23.392s][info ][gc,metaspace   ] GC(1463) Metaspace: 9888K(10176K)->9888K(10176K) NonClass: 8754K(8896K)->8754K(8896K) Class: 1134K(1280K)->1134K(1280K)
[23.392s][info ][gc             ] GC(1463) Pause Young (Allocation Failure) 140M->4M(495M) 0.163ms
[23.392s][info ][gc,cpu         ] GC(1463) User=0.00s Sys=0.00s Real=0.00s
[23.402s][info ][gc,start       ] GC(1464) Pause Young (Allocation Failure)
[23.402s][debug][gc,age         ] GC(1464) Desired survivor size 8945664 bytes, new threshold 15 (max threshold 15)
[23.402s][trace][gc,age         ] GC(1464) Age table with threshold 15 (max threshold 15)
[23.402s][trace][gc,age         ] GC(1464) - age   1:     400208 bytes,     400208 total
[23.402s][info ][gc,heap        ] GC(1464) DefNew: 140294K(157376K)->390K(157376K) Eden: 139904K(139904K)->0K(139904K) From: 390K(17472K)->390K(17472K)
[23.402s][info ][gc,heap        ] GC(1464) Tenured: 3959K(349568K)->3959K(349568K)
[23.402s][info ][gc,metaspace   ] GC(1464) Metaspace: 9888K(10176K)->9888K(10176K) NonClass: 8754K(8896K)->8754K(8896K) Class: 1134K(1280K)->1134K(1280K)
[23.402s][info ][gc             ] GC(1464) Pause Young (Allocation Failure) 140M->4M(495M) 0.169ms
[23.402s][info ][gc,cpu         ] GC(1464) User=0.00s Sys=0.00s Real=0.00s
[23.412s][info ][gc,start       ] GC(1465) Pause Young (Allocation Failure)
[23.412s][debug][gc,age         ] GC(1465) Desired survivor size 8945664 bytes, new threshold 15 (max threshold 15)
[23.412s][trace][gc,age         ] GC(1465) Age table with threshold 15 (max threshold 15)
[23.412s][trace][gc,age         ] GC(1465) - age   1:     400208 bytes,     400208 total
[23.412s][info ][gc,heap        ] GC(1465) DefNew: 140294K(157376K)->390K(157376K) Eden: 139904K(139904K)->0K(139904K) From: 390K(17472K)->390K(17472K)
[23.412s][info ][gc,heap        ] GC(1465) Tenured: 3959K(349568K)->3959K(349568K)
[23.412s][info ][gc,metaspace   ] GC(1465) Metaspace: 9888K(10176K)->9888K(10176K) NonClass: 8754K(8896K)->8754K(8896K) Class: 1134K(1280K)->1134K(1280K)
[23.412s][info ][gc             ] GC(1465) Pause Young (Allocation Failure) 140M->4M(495M) 0.164ms
[23.412s][info ][gc,cpu         ] GC(1465) User=0.00s Sys=0.00s Real=0.00s
[23.422s][info ][gc,start       ] GC(1466) Pause Young (Allocation Failure)
[23.422s][debug][gc,age         ] GC(1466) Desired survivor size 8945664 bytes, new threshold 15 (max threshold 15)
[23.422s][trace][gc,age         ] GC(1466) Age table with threshold 15 (max threshold 15)
[23.422s][trace][gc,age         ] GC(1466) - age   1:     400208 bytes,     400208 total
[23.422s][info ][gc,heap        ] GC(1466) DefNew: 140294K(157376K)->390K(157376K) Eden: 139904K(139904K)->0K(139904K) From: 390K(17472K)->390K(17472K)
[23.422s][info ][gc,heap        ] GC(1466) Tenured: 3959K(349568K)->3959K(349568K)
[23.422s][info ][gc,metaspace   ] GC(1466) Metaspace: 9888K(10176K)->9888K(10176K) NonClass: 8754K(8896K)->8754K(8896K) Class: 1134K(1280K)->1134K(1280K)
[23.422s][info ][gc             ] GC(1466) Pause Young (Allocation Failure) 140M->4M(495M) 0.181ms
[23.422s][info ][gc,cpu         ] GC(1466) User=0.00s Sys=0.00s Real=0.00s
[23.432s][info ][gc,start       ] GC(1467) Pause Young (Allocation Failure)
[23.433s][debug][gc,age         ] GC(1467) Desired survivor size 8945664 bytes, new threshold 15 (max threshold 15)
[23.433s][trace][gc,age         ] GC(1467) Age table with threshold 15 (max threshold 15)
[23.433s][trace][gc,age         ] GC(1467) - age   1:     400208 bytes,     400208 total
[23.433s][info ][gc,heap        ] GC(1467) DefNew: 140294K(157376K)->390K(157376K) Eden: 139904K(139904K)->0K(139904K) From: 390K(17472K)->390K(17472K)
[23.433s][info ][gc,heap        ] GC(1467) Tenured: 3959K(349568K)->3959K(349568K)
[23.433s][info ][gc,metaspace   ] GC(1467) Metaspace: 9888K(10176K)->9888K(10176K) NonClass: 8754K(8896K)->8754K(8896K) Class: 1134K(1280K)->1134K(1280K)
[23.433s][info ][gc             ] GC(1467) Pause Young (Allocation Failure) 140M->4M(495M) 0.170ms
[23.433s][info ][gc,cpu         ] GC(1467) User=0.00s Sys=0.00s Real=0.00s
[23.443s][info ][gc,start       ] GC(1468) Pause Young (Allocation Failure)
[23.443s][debug][gc,age         ] GC(1468) Desired survivor size 8945664 bytes, new threshold 15 (max threshold 15)
[23.443s][trace][gc,age         ] GC(1468) Age table with threshold 15 (max threshold 15)
[23.443s][trace][gc,age         ] GC(1468) - age   1:     400208 bytes,     400208 total
[23.443s][info ][gc,heap        ] GC(1468) DefNew: 140294K(157376K)->390K(157376K) Eden: 139904K(139904K)->0K(139904K) From: 390K(17472K)->390K(17472K)
[23.443s][info ][gc,heap        ] GC(1468) Tenured: 3959K(349568K)->3959K(349568K)
[23.443s][info ][gc,metaspace   ] GC(1468) Metaspace: 9888K(10176K)->9888K(10176K) NonClass: 8754K(8896K)->8754K(8896K) Class: 1134K(1280K)->1134K(1280K)
[23.443s][info ][gc             ] GC(1468) Pause Young (Allocation Failure) 140M->4M(495M) 0.183ms
[23.443s][info ][gc,cpu         ] GC(1468) User=0.00s Sys=0.00s Real=0.00s
[23.453s][info ][gc,start       ] GC(1469) Pause Young (Allocation Failure)
[23.453s][debug][gc,age         ] GC(1469) Desired survivor size 8945664 bytes, new threshold 15 (max threshold 15)
[23.453s][trace][gc,age         ] GC(1469) Age table with threshold 15 (max threshold 15)
[23.453s][trace][gc,age         ] GC(1469) - age   1:     400208 bytes,     400208 total
[23.453s][info ][gc,heap        ] GC(1469) DefNew: 140294K(157376K)->390K(157376K) Eden: 139904K(139904K)->0K(139904K) From: 390K(17472K)->390K(17472K)
[23.453s][info ][gc,heap        ] GC(1469) Tenured: 3959K(349568K)->3959K(349568K)
[23.453s][info ][gc,metaspace   ] GC(1469) Metaspace: 9888K(10176K)->9888K(10176K) NonClass: 8754K(8896K)->8754K(8896K) Class: 1134K(1280K)->1134K(1280K)
[23.453s][info ][gc             ] GC(1469) Pause Young (Allocation Failure) 140M->4M(495M) 0.167ms
[23.453s][info ][gc,cpu         ] GC(1469) User=0.00s Sys=0.00s Real=0.00s
[23.463s][info ][gc,start       ] GC(1470) Pause Young (Allocation Failure)
[23.463s][debug][gc,age         ] GC(1470) Desired survivor size 8945664 bytes, new threshold 15 (max threshold 15)
[23.463s][trace][gc,age         ] GC(1470) Age table with threshold 15 (max threshold 15)
[23.463s][trace][gc,age         ] GC(1470) - age   1:     400208 bytes,     400208 total
[23.463s][info ][gc,heap        ] GC(1470) DefNew: 140294K(157376K)->390K(157376K) Eden: 139904K(139904K)->0K(139904K) From: 390K(17472K)->390K(17472K)
[23.463s][info ][gc,heap        ] GC(1470) Tenured: 3959K(349568K)->3959K(349568K)
[23.463s][info ][gc,metaspace   ] GC(1470) Metaspace: 9888K(10176K)->9888K(10176K) NonClass: 8754K(8896K)->8754K(8896K) Class: 1134K(1280K)->1134K(1280K)
[23.463s][info ][gc             ] GC(1470) Pause Young (Allocation Failure) 140M->4M(495M) 0.177ms
[23.463s][info ][gc,cpu         ] GC(1470) User=0.00s Sys=0.00s Real=0.00s
[23.473s][info ][gc,start       ] GC(1471) Pause Young (Allocation Failure)
[23.474s][debug][gc,age         ] GC(1471) Desired survivor size 8945664 bytes, new threshold 15 (max threshold 15)
[23.474s][trace][gc,age         ] GC(1471) Age table with threshold 15 (max threshold 15)
[23.474s][trace][gc,age         ] GC(1471) - age   1:     400208 bytes,     400208 total
[23.474s][info ][gc,heap        ] GC(1471) DefNew: 140294K(157376K)->390K(157376K) Eden: 139904K(139904K)->0K(139904K) From: 390K(17472K)->390K(17472K)
[23.474s][info ][gc,heap        ] GC(1471) Tenured: 3959K(349568K)->3959K(349568K)
[23.474s][info ][gc,metaspace   ] GC(1471) Metaspace: 9888K(10176K)->9888K(10176K) NonClass: 8754K(8896K)->8754K(8896K) Class: 1134K(1280K)->1134K(1280K)
[23.474s][info ][gc             ] GC(1471) Pause Young (Allocation Failure) 140M->4M(495M) 0.167ms
[23.474s][info ][gc,cpu         ] GC(1471) User=0.00s Sys=0.00s Real=0.00s
[23.484s][info ][gc,start       ] GC(1472) Pause Young (Allocation Failure)
[23.484s][debug][gc,age         ] GC(1472) Desired survivor size 8945664 bytes, new threshold 15 (max threshold 15)
[23.484s][trace][gc,age         ] GC(1472) Age table with threshold 15 (max threshold 15)
[23.484s][trace][gc,age         ] GC(1472) - age   1:     400208 bytes,     400208 total
[23.484s][info ][gc,heap        ] GC(1472) DefNew: 140294K(157376K)->390K(157376K) Eden: 139904K(139904K)->0K(139904K) From: 390K(17472K)->390K(17472K)
[23.484s][info ][gc,heap        ] GC(1472) Tenured: 3959K(349568K)->3959K(349568K)
[23.484s][info ][gc,metaspace   ] GC(1472) Metaspace: 9888K(10176K)->9888K(10176K) NonClass: 8754K(8896K)->8754K(8896K) Class: 1134K(1280K)->1134K(1280K)
[23.484s][info ][gc             ] GC(1472) Pause Young (Allocation Failure) 140M->4M(495M) 0.163ms
[23.484s][info ][gc,cpu         ] GC(1472) User=0.00s Sys=0.00s Real=0.00s
[23.494s][info ][gc,start       ] GC(1473) Pause Young (Allocation Failure)
[23.494s][debug][gc,age         ] GC(1473) Desired survivor size 8945664 bytes, new threshold 15 (max threshold 15)
[23.494s][trace][gc,age         ] GC(1473) Age table with threshold 15 (max threshold 15)
[23.494s][trace][gc,age         ] GC(1473) - age   1:     400208 bytes,     400208 total
[23.494s][info ][gc,heap        ] GC(1473) DefNew: 140294K(157376K)->390K(157376K) Eden: 139904K(139904K)->0K(139904K) From: 390K(17472K)->390K(17472K)
[23.494s][info ][gc,heap        ] GC(1473) Tenured: 3959K(349568K)->3959K(349568K)
[23.494s][info ][gc,metaspace   ] GC(1473) Metaspace: 9888K(10176K)->9888K(10176K) NonClass: 8754K(8896K)->8754K(8896K) Class: 1134K(1280K)->1134K(1280K)
[23.494s][info ][gc             ] GC(1473) Pause Young (Allocation Failure) 140M->4M(495M) 0.171ms
[23.494s][info ][gc,cpu         ] GC(1473) User=0.00s Sys=0.00s Real=0.00s
[23.504s][info ][gc,start       ] GC(1474) Pause Young (Allocation Failure)
[23.504s][debug][gc,age         ] GC(1474) Desired survivor size 8945664 bytes, new threshold 15 (max threshold 15)
[23.504s][trace][gc,age         ] GC(1474) Age table with threshold 15 (max threshold 15)
[23.504s][trace][gc,age         ] GC(1474) - age   1:     400208 bytes,     400208 total
[23.504s][info ][gc,heap        ] GC(1474) DefNew: 140294K(157376K)->390K(157376K) Eden: 139904K(139904K)->0K(139904K) From: 390K(17472K)->390K(17472K)
[23.504s][info ][gc,heap        ] GC(1474) Tenured: 3959K(349568K)->3959K(349568K)
[23.504s][info ][gc,metaspace   ] GC(1474) Metaspace: 9888K(10176K)->9888K(10176K) NonClass: 8754K(8896K)->8754K(8896K) Class: 1134K(1280K)->1134K(1280K)
[23.504s][info ][gc             ] GC(1474) Pause Young (Allocation Failure) 140M->4M(495M) 0.172ms
[23.504s][info ][gc,cpu         ] GC(1474) User=0.00s Sys=0.00s Real=0.00s
[23.515s][info ][gc,start       ] GC(1475) Pause Young (Allocation Failure)
[23.515s][debug][gc,age         ] GC(1475) Desired survivor size 8945664 bytes, new threshold 15 (max threshold 15)
[23.515s][trace][gc,age         ] GC(1475) Age table with threshold 15 (max threshold 15)
[23.515s][trace][gc,age         ] GC(1475) - age   1:     400208 bytes,     400208 total
[23.515s][info ][gc,heap        ] GC(1475) DefNew: 140294K(157376K)->390K(157376K) Eden: 139904K(139904K)->0K(139904K) From: 390K(17472K)->390K(17472K)
[23.515s][info ][gc,heap        ] GC(1475) Tenured: 3959K(349568K)->3959K(349568K)
[23.515s][info ][gc,metaspace   ] GC(1475) Metaspace: 9888K(10176K)->9888K(10176K) NonClass: 8754K(8896K)->8754K(8896K) Class: 1134K(1280K)->1134K(1280K)
[23.515s][info ][gc             ] GC(1475) Pause Young (Allocation Failure) 140M->4M(495M) 0.180ms
[23.515s][info ][gc,cpu         ] GC(1475) User=0.00s Sys=0.00s Real=0.00s
[23.525s][info ][gc,start       ] GC(1476) Pause Young (Allocation Failure)
[23.525s][debug][gc,age         ] GC(1476) Desired survivor size 8945664 bytes, new threshold 15 (max threshold 15)
[23.525s][trace][gc,age         ] GC(1476) Age table with threshold 15 (max threshold 15)
[23.525s][trace][gc,age         ] GC(1476) - age   1:     400208 bytes,     400208 total
[23.525s][info ][gc,heap        ] GC(1476) DefNew: 140294K(157376K)->390K(157376K) Eden: 139904K(139904K)->0K(139904K) From: 390K(17472K)->390K(17472K)
[23.525s][info ][gc,heap        ] GC(1476) Tenured: 3959K(349568K)->3959K(349568K)
[23.525s][info ][gc,metaspace   ] GC(1476) Metaspace: 9888K(10176K)->9888K(10176K) NonClass: 8754K(8896K)->8754K(8896K) Class: 1134K(1280K)->1134K(1280K)
[23.525s][info ][gc             ] GC(1476) Pause Young (Allocation Failure) 140M->4M(495M) 0.174ms
[23.525s][info ][gc,cpu         ] GC(1476) User=0.00s Sys=0.00s Real=0.00s
[23.535s][info ][gc,start       ] GC(1477) Pause Young (Allocation Failure)
[23.535s][debug][gc,age         ] GC(1477) Desired survivor size 8945664 bytes, new threshold 15 (max threshold 15)
[23.535s][trace][gc,age         ] GC(1477) Age table with threshold 15 (max threshold 15)
[23.535s][trace][gc,age         ] GC(1477) - age   1:     400208 bytes,     400208 total
[23.535s][info ][gc,heap        ] GC(1477) DefNew: 140294K(157376K)->390K(157376K) Eden: 139904K(139904K)->0K(139904K) From: 390K(17472K)->390K(17472K)
[23.535s][info ][gc,heap        ] GC(1477) Tenured: 3959K(349568K)->3959K(349568K)
[23.535s][info ][gc,metaspace   ] GC(1477) Metaspace: 9888K(10176K)->9888K(10176K) NonClass: 8754K(8896K)->8754K(8896K) Class: 1134K(1280K)->1134K(1280K)
[23.535s][info ][gc             ] GC(1477) Pause Young (Allocation Failure) 140M->4M(495M) 0.162ms
[23.535s][info ][gc,cpu         ] GC(1477) User=0.00s Sys=0.00s Real=0.00s
[23.545s][info ][gc,start       ] GC(1478) Pause Young (Allocation Failure)
[23.545s][debug][gc,age         ] GC(1478) Desired survivor size 8945664 bytes, new threshold 15 (max threshold 15)
[23.545s][trace][gc,age         ] GC(1478) Age table with threshold 15 (max threshold 15)
[23.545s][trace][gc,age         ] GC(1478) - age   1:     400208 bytes,     400208 total
[23.545s][info ][gc,heap        ] GC(1478) DefNew: 140294K(157376K)->390K(157376K) Eden: 139904K(139904K)->0K(139904K) From: 390K(17472K)->390K(17472K)
[23.545s][info ][gc,heap        ] GC(1478) Tenured: 3959K(349568K)->3959K(349568K)
[23.545s][info ][gc,metaspace   ] GC(1478) Metaspace: 9888K(10176K)->9888K(10176K) NonClass: 8754K(8896K)->8754K(8896K) Class: 1134K(1280K)->1134K(1280K)
[23.545s][info ][gc             ] GC(1478) Pause Young (Allocation Failure) 140M->4M(495M) 0.163ms
[23.545s][info ][gc,cpu         ] GC(1478) User=0.00s Sys=0.00s Real=0.00s
[23.556s][info ][gc,start       ] GC(1479) Pause Young (Allocation Failure)
[23.556s][debug][gc,age         ] GC(1479) Desired survivor size 8945664 bytes, new threshold 15 (max threshold 15)
[23.556s][trace][gc,age         ] GC(1479) Age table with threshold 15 (max threshold 15)
[23.556s][trace][gc,age         ] GC(1479) - age   1:     400208 bytes,     400208 total
[23.556s][info ][gc,heap        ] GC(1479) DefNew: 140294K(157376K)->390K(157376K) Eden: 139904K(139904K)->0K(139904K) From: 390K(17472K)->390K(17472K)
[23.556s][info ][gc,heap        ] GC(1479) Tenured: 3959K(349568K)->3959K(349568K)
[23.556s][info ][gc,metaspace   ] GC(1479) Metaspace: 9888K(10176K)->9888K(10176K) NonClass: 8754K(8896K)->8754K(8896K) Class: 1134K(1280K)->1134K(1280K)
[23.556s][info ][gc             ] GC(1479) Pause Young (Allocation Failure) 140M->4M(495M) 0.169ms
[23.556s][info ][gc,cpu         ] GC(1479) User=0.00s Sys=0.00s Real=0.00s
[23.566s][info ][gc,start       ] GC(1480) Pause Young (Allocation Failure)
[23.566s][debug][gc,age         ] GC(1480) Desired survivor size 8945664 bytes, new threshold 15 (max threshold 15)
[23.566s][trace][gc,age         ] GC(1480) Age table with threshold 15 (max threshold 15)
[23.566s][trace][gc,age         ] GC(1480) - age   1:     400208 bytes,     400208 total
[23.566s][info ][gc,heap        ] GC(1480) DefNew: 140294K(157376K)->390K(157376K) Eden: 139904K(139904K)->0K(139904K) From: 390K(17472K)->390K(17472K)
[23.566s][info ][gc,heap        ] GC(1480) Tenured: 3959K(349568K)->3959K(349568K)
[23.566s][info ][gc,metaspace   ] GC(1480) Metaspace: 9888K(10176K)->9888K(10176K) NonClass: 8754K(8896K)->8754K(8896K) Class: 1134K(1280K)->1134K(1280K)
[23.566s][info ][gc             ] GC(1480) Pause Young (Allocation Failure) 140M->4M(495M) 0.169ms
[23.566s][info ][gc,cpu         ] GC(1480) User=0.00s Sys=0.00s Real=0.00s
[23.576s][info ][gc,start       ] GC(1481) Pause Young (Allocation Failure)
[23.576s][debug][gc,age         ] GC(1481) Desired survivor size 8945664 bytes, new threshold 15 (max threshold 15)
[23.576s][trace][gc,age         ] GC(1481) Age table with threshold 15 (max threshold 15)
[23.576s][trace][gc,age         ] GC(1481) - age   1:     400208 bytes,     400208 total
[23.576s][info ][gc,heap        ] GC(1481) DefNew: 140294K(157376K)->390K(157376K) Eden: 139904K(139904K)->0K(139904K) From: 390K(17472K)->390K(17472K)
[23.576s][info ][gc,heap        ] GC(1481) Tenured: 3959K(349568K)->3959K(349568K)
[23.576s][info ][gc,metaspace   ] GC(1481) Metaspace: 9888K(10176K)->9888K(10176K) NonClass: 8754K(8896K)->8754K(8896K) Class: 1134K(1280K)->1134K(1280K)
[23.576s][info ][gc             ] GC(1481) Pause Young (Allocation Failure) 140M->4M(495M) 0.164ms
[23.576s][info ][gc,cpu         ] GC(1481) User=0.00s Sys=0.00s Real=0.00s
[23.586s][info ][gc,start       ] GC(1482) Pause Young (Allocation Failure)
[23.587s][debug][gc,age         ] GC(1482) Desired survivor size 8945664 bytes, new threshold 15 (max threshold 15)
[23.587s][trace][gc,age         ] GC(1482) Age table with threshold 15 (max threshold 15)
[23.587s][trace][gc,age         ] GC(1482) - age   1:        192 bytes,        192 total
[23.587s][info ][gc,heap        ] GC(1482) DefNew: 140294K(157376K)->0K(157376K) Eden: 139904K(139904K)->0K(139904K) From: 390K(17472K)->0K(17472K)
[23.587s][info ][gc,heap        ] GC(1482) Tenured: 3959K(349568K)->3959K(349568K)
[23.587s][info ][gc,metaspace   ] GC(1482) Metaspace: 9888K(10176K)->9888K(10176K) NonClass: 8754K(8896K)->8754K(8896K) Class: 1134K(1280K)->1134K(1280K)
[23.587s][info ][gc             ] GC(1482) Pause Young (Allocation Failure) 140M->3M(495M) 0.155ms
[23.587s][info ][gc,cpu         ] GC(1482) User=0.00s Sys=0.00s Real=0.00s
[23.597s][info ][gc,start       ] GC(1483) Pause Young (Allocation Failure)
[23.597s][debug][gc,age         ] GC(1483) Desired survivor size 8945664 bytes, new threshold 15 (max threshold 15)
[23.597s][trace][gc,age         ] GC(1483) Age table with threshold 15 (max threshold 15)
[23.597s][trace][gc,age         ] GC(1483) - age   1:        192 bytes,        192 total
[23.597s][info ][gc,heap        ] GC(1483) DefNew: 139539K(157376K)->0K(157376K) Eden: 139539K(139904K)->0K(139904K) From: 0K(17472K)->0K(17472K)
[23.597s][info ][gc,heap        ] GC(1483) Tenured: 3959K(349568K)->3959K(349568K)
[23.597s][info ][gc,metaspace   ] GC(1483) Metaspace: 9888K(10176K)->9888K(10176K) NonClass: 8754K(8896K)->8754K(8896K) Class: 1134K(1280K)->1134K(1280K)
[23.597s][info ][gc             ] GC(1483) Pause Young (Allocation Failure) 140M->3M(495M) 0.153ms
[23.597s][info ][gc,cpu         ] GC(1483) User=0.00s Sys=0.00s Real=0.00s
[23.607s][info ][gc,start       ] GC(1484) Pause Young (Allocation Failure)
[23.607s][debug][gc,age         ] GC(1484) Desired survivor size 8945664 bytes, new threshold 15 (max threshold 15)
[23.607s][trace][gc,age         ] GC(1484) Age table with threshold 15 (max threshold 15)
[23.607s][trace][gc,age         ] GC(1484) - age   1:     400208 bytes,     400208 total
[23.607s][info ][gc,heap        ] GC(1484) DefNew: 139828K(157376K)->390K(157376K) Eden: 139828K(139904K)->0K(139904K) From: 0K(17472K)->390K(17472K)
[23.607s][info ][gc,heap        ] GC(1484) Tenured: 3959K(349568K)->3959K(349568K)
[23.607s][info ][gc,metaspace   ] GC(1484) Metaspace: 9888K(10176K)->9888K(10176K) NonClass: 8754K(8896K)->8754K(8896K) Class: 1134K(1280K)->1134K(1280K)
[23.607s][info ][gc             ] GC(1484) Pause Young (Allocation Failure) 140M->4M(495M) 0.166ms
[23.607s][info ][gc,cpu         ] GC(1484) User=0.00s Sys=0.00s Real=0.00s
[23.617s][info ][gc,start       ] GC(1485) Pause Young (Allocation Failure)
[23.618s][debug][gc,age         ] GC(1485) Desired survivor size 8945664 bytes, new threshold 15 (max threshold 15)
[23.618s][trace][gc,age         ] GC(1485) Age table with threshold 15 (max threshold 15)
[23.618s][trace][gc,age         ] GC(1485) - age   1:        192 bytes,        192 total
[23.618s][info ][gc,heap        ] GC(1485) DefNew: 140294K(157376K)->0K(157376K) Eden: 139904K(139904K)->0K(139904K) From: 390K(17472K)->0K(17472K)
[23.618s][info ][gc,heap        ] GC(1485) Tenured: 3959K(349568K)->3959K(349568K)
[23.618s][info ][gc,metaspace   ] GC(1485) Metaspace: 9888K(10176K)->9888K(10176K) NonClass: 8754K(8896K)->8754K(8896K) Class: 1134K(1280K)->1134K(1280K)
[23.618s][info ][gc             ] GC(1485) Pause Young (Allocation Failure) 140M->3M(495M) 0.154ms
[23.618s][info ][gc,cpu         ] GC(1485) User=0.00s Sys=0.00s Real=0.00s
[23.628s][info ][gc,start       ] GC(1486) Pause Young (Allocation Failure)
[23.628s][debug][gc,age         ] GC(1486) Desired survivor size 8945664 bytes, new threshold 15 (max threshold 15)
[23.628s][trace][gc,age         ] GC(1486) Age table with threshold 15 (max threshold 15)
[23.628s][trace][gc,age         ] GC(1486) - age   1:     400208 bytes,     400208 total
[23.628s][info ][gc,heap        ] GC(1486) DefNew: 139795K(157376K)->390K(157376K) Eden: 139794K(139904K)->0K(139904K) From: 0K(17472K)->390K(17472K)
[23.628s][info ][gc,heap        ] GC(1486) Tenured: 3959K(349568K)->3959K(349568K)
[23.628s][info ][gc,metaspace   ] GC(1486) Metaspace: 9888K(10176K)->9888K(10176K) NonClass: 8754K(8896K)->8754K(8896K) Class: 1134K(1280K)->1134K(1280K)
[23.628s][info ][gc             ] GC(1486) Pause Young (Allocation Failure) 140M->4M(495M) 0.164ms
[23.628s][info ][gc,cpu         ] GC(1486) User=0.00s Sys=0.00s Real=0.00s
[23.638s][info ][gc,start       ] GC(1487) Pause Young (Allocation Failure)
[23.638s][debug][gc,age         ] GC(1487) Desired survivor size 8945664 bytes, new threshold 15 (max threshold 15)
[23.638s][trace][gc,age         ] GC(1487) Age table with threshold 15 (max threshold 15)
[23.638s][trace][gc,age         ] GC(1487) - age   1:        192 bytes,        192 total
[23.638s][info ][gc,heap        ] GC(1487) DefNew: 140109K(157376K)->0K(157376K) Eden: 139719K(139904K)->0K(139904K) From: 390K(17472K)->0K(17472K)
[23.638s][info ][gc,heap        ] GC(1487) Tenured: 3959K(349568K)->3959K(349568K)
[23.638s][info ][gc,metaspace   ] GC(1487) Metaspace: 9888K(10176K)->9888K(10176K) NonClass: 8754K(8896K)->8754K(8896K) Class: 1134K(1280K)->1134K(1280K)
[23.638s][info ][gc             ] GC(1487) Pause Young (Allocation Failure) 140M->3M(495M) 0.150ms
[23.638s][info ][gc,cpu         ] GC(1487) User=0.00s Sys=0.00s Real=0.00s
[23.649s][info ][gc,start       ] GC(1488) Pause Young (Allocation Failure)
[23.649s][debug][gc,age         ] GC(1488) Desired survivor size 8945664 bytes, new threshold 15 (max threshold 15)
[23.649s][trace][gc,age         ] GC(1488) Age table with threshold 15 (max threshold 15)
[23.649s][trace][gc,age         ] GC(1488) - age   1:     400208 bytes,     400208 total
[23.649s][info ][gc,heap        ] GC(1488) DefNew: 139786K(157376K)->390K(157376K) Eden: 139786K(139904K)->0K(139904K) From: 0K(17472K)->390K(17472K)
[23.649s][info ][gc,heap        ] GC(1488) Tenured: 3959K(349568K)->3959K(349568K)
[23.649s][info ][gc,metaspace   ] GC(1488) Metaspace: 9888K(10176K)->9888K(10176K) NonClass: 8754K(8896K)->8754K(8896K) Class: 1134K(1280K)->1134K(1280K)
[23.649s][info ][gc             ] GC(1488) Pause Young (Allocation Failure) 140M->4M(495M) 0.161ms
[23.649s][info ][gc,cpu         ] GC(1488) User=0.00s Sys=0.00s Real=0.00s
[23.659s][info ][gc,start       ] GC(1489) Pause Young (Allocation Failure)
[23.659s][debug][gc,age         ] GC(1489) Desired survivor size 8945664 bytes, new threshold 15 (max threshold 15)
[23.659s][trace][gc,age         ] GC(1489) Age table with threshold 15 (max threshold 15)
[23.659s][trace][gc,age         ] GC(1489) - age   1:        192 bytes,        192 total
[23.659s][info ][gc,heap        ] GC(1489) DefNew: 140220K(157376K)->0K(157376K) Eden: 139829K(139904K)->0K(139904K) From: 390K(17472K)->0K(17472K)
[23.659s][info ][gc,heap        ] GC(1489) Tenured: 3959K(349568K)->3959K(349568K)
[23.659s][info ][gc,metaspace   ] GC(1489) Metaspace: 9888K(10176K)->9888K(10176K) NonClass: 8754K(8896K)->8754K(8896K) Class: 1134K(1280K)->1134K(1280K)
[23.659s][info ][gc             ] GC(1489) Pause Young (Allocation Failure) 140M->3M(495M) 0.149ms
[23.659s][info ][gc,cpu         ] GC(1489) User=0.00s Sys=0.00s Real=0.00s
[23.669s][info ][gc,start       ] GC(1490) Pause Young (Allocation Failure)
[23.669s][debug][gc,age         ] GC(1490) Desired survivor size 8945664 bytes, new threshold 15 (max threshold 15)
[23.669s][trace][gc,age         ] GC(1490) Age table with threshold 15 (max threshold 15)
[23.669s][trace][gc,age         ] GC(1490) - age   1:     400208 bytes,     400208 total
[23.669s][info ][gc,heap        ] GC(1490) DefNew: 139904K(157376K)->390K(157376K) Eden: 139904K(139904K)->0K(139904K) From: 0K(17472K)->390K(17472K)
[23.669s][info ][gc,heap        ] GC(1490) Tenured: 3959K(349568K)->3959K(349568K)
[23.669s][info ][gc,metaspace   ] GC(1490) Metaspace: 9888K(10176K)->9888K(10176K) NonClass: 8754K(8896K)->8754K(8896K) Class: 1134K(1280K)->1134K(1280K)
[23.669s][info ][gc             ] GC(1490) Pause Young (Allocation Failure) 140M->4M(495M) 0.162ms
[23.669s][info ][gc,cpu         ] GC(1490) User=0.00s Sys=0.00s Real=0.00s
[23.680s][info ][gc,start       ] GC(1491) Pause Young (Allocation Failure)
[23.680s][debug][gc,age         ] GC(1491) Desired survivor size 8945664 bytes, new threshold 15 (max threshold 15)
[23.680s][trace][gc,age         ] GC(1491) Age table with threshold 15 (max threshold 15)
[23.680s][trace][gc,age         ] GC(1491) - age   1:     400208 bytes,     400208 total
[23.680s][info ][gc,heap        ] GC(1491) DefNew: 140294K(157376K)->390K(157376K) Eden: 139904K(139904K)->0K(139904K) From: 390K(17472K)->390K(17472K)
[23.680s][info ][gc,heap        ] GC(1491) Tenured: 3959K(349568K)->3959K(349568K)
[23.680s][info ][gc,metaspace   ] GC(1491) Metaspace: 9888K(10176K)->9888K(10176K) NonClass: 8754K(8896K)->8754K(8896K) Class: 1134K(1280K)->1134K(1280K)
[23.680s][info ][gc             ] GC(1491) Pause Young (Allocation Failure) 140M->4M(495M) 0.180ms
[23.680s][info ][gc,cpu         ] GC(1491) User=0.00s Sys=0.00s Real=0.00s
[23.690s][info ][gc,start       ] GC(1492) Pause Young (Allocation Failure)
[23.690s][debug][gc,age         ] GC(1492) Desired survivor size 8945664 bytes, new threshold 15 (max threshold 15)
[23.690s][trace][gc,age         ] GC(1492) Age table with threshold 15 (max threshold 15)
[23.690s][trace][gc,age         ] GC(1492) - age   1:        192 bytes,        192 total
[23.690s][info ][gc,heap        ] GC(1492) DefNew: 140294K(157376K)->0K(157376K) Eden: 139904K(139904K)->0K(139904K) From: 390K(17472K)->0K(17472K)
[23.690s][info ][gc,heap        ] GC(1492) Tenured: 3959K(349568K)->3959K(349568K)
[23.690s][info ][gc,metaspace   ] GC(1492) Metaspace: 9888K(10176K)->9888K(10176K) NonClass: 8754K(8896K)->8754K(8896K) Class: 1134K(1280K)->1134K(1280K)
[23.690s][info ][gc             ] GC(1492) Pause Young (Allocation Failure) 140M->3M(495M) 0.152ms
[23.690s][info ][gc,cpu         ] GC(1492) User=0.00s Sys=0.00s Real=0.00s
[23.700s][info ][gc,start       ] GC(1493) Pause Young (Allocation Failure)
[23.700s][debug][gc,age         ] GC(1493) Desired survivor size 8945664 bytes, new threshold 15 (max threshold 15)
[23.700s][trace][gc,age         ] GC(1493) Age table with threshold 15 (max threshold 15)
[23.700s][trace][gc,age         ] GC(1493) - age   1:     400208 bytes,     400208 total
[23.700s][info ][gc,heap        ] GC(1493) DefNew: 139904K(157376K)->390K(157376K) Eden: 139904K(139904K)->0K(139904K) From: 0K(17472K)->390K(17472K)
[23.700s][info ][gc,heap        ] GC(1493) Tenured: 3959K(349568K)->3959K(349568K)
[23.700s][info ][gc,metaspace   ] GC(1493) Metaspace: 9888K(10176K)->9888K(10176K) NonClass: 8754K(8896K)->8754K(8896K) Class: 1134K(1280K)->1134K(1280K)
[23.700s][info ][gc             ] GC(1493) Pause Young (Allocation Failure) 140M->4M(495M) 0.175ms
[23.700s][info ][gc,cpu         ] GC(1493) User=0.00s Sys=0.00s Real=0.01s
[23.710s][info ][gc,start       ] GC(1494) Pause Young (Allocation Failure)
[23.710s][debug][gc,age         ] GC(1494) Desired survivor size 8945664 bytes, new threshold 15 (max threshold 15)
[23.710s][trace][gc,age         ] GC(1494) Age table with threshold 15 (max threshold 15)
[23.710s][trace][gc,age         ] GC(1494) - age   1:     400208 bytes,     400208 total
[23.710s][info ][gc,heap        ] GC(1494) DefNew: 140294K(157376K)->390K(157376K) Eden: 139904K(139904K)->0K(139904K) From: 390K(17472K)->390K(17472K)
[23.710s][info ][gc,heap        ] GC(1494) Tenured: 3959K(349568K)->3959K(349568K)
[23.710s][info ][gc,metaspace   ] GC(1494) Metaspace: 9888K(10176K)->9888K(10176K) NonClass: 8754K(8896K)->8754K(8896K) Class: 1134K(1280K)->1134K(1280K)
[23.710s][info ][gc             ] GC(1494) Pause Young (Allocation Failure) 140M->4M(495M) 0.166ms
[23.710s][info ][gc,cpu         ] GC(1494) User=0.00s Sys=0.00s Real=0.00s
[23.721s][info ][gc,start       ] GC(1495) Pause Young (Allocation Failure)
[23.721s][debug][gc,age         ] GC(1495) Desired survivor size 8945664 bytes, new threshold 15 (max threshold 15)
[23.721s][trace][gc,age         ] GC(1495) Age table with threshold 15 (max threshold 15)
[23.721s][trace][gc,age         ] GC(1495) - age   1:     400208 bytes,     400208 total
[23.721s][info ][gc,heap        ] GC(1495) DefNew: 140294K(157376K)->390K(157376K) Eden: 139904K(139904K)->0K(139904K) From: 390K(17472K)->390K(17472K)
[23.721s][info ][gc,heap        ] GC(1495) Tenured: 3959K(349568K)->3959K(349568K)
[23.721s][info ][gc,metaspace   ] GC(1495) Metaspace: 9888K(10176K)->9888K(10176K) NonClass: 8754K(8896K)->8754K(8896K) Class: 1134K(1280K)->1134K(1280K)
[23.721s][info ][gc             ] GC(1495) Pause Young (Allocation Failure) 140M->4M(495M) 0.164ms
[23.721s][info ][gc,cpu         ] GC(1495) User=0.00s Sys=0.00s Real=0.00s
[23.731s][info ][gc,start       ] GC(1496) Pause Young (Allocation Failure)
[23.731s][debug][gc,age         ] GC(1496) Desired survivor size 8945664 bytes, new threshold 15 (max threshold 15)
[23.731s][trace][gc,age         ] GC(1496) Age table with threshold 15 (max threshold 15)
[23.731s][trace][gc,age         ] GC(1496) - age   1:     400208 bytes,     400208 total
[23.731s][info ][gc,heap        ] GC(1496) DefNew: 140294K(157376K)->390K(157376K) Eden: 139904K(139904K)->0K(139904K) From: 390K(17472K)->390K(17472K)
[23.731s][info ][gc,heap        ] GC(1496) Tenured: 3959K(349568K)->3959K(349568K)
[23.731s][info ][gc,metaspace   ] GC(1496) Metaspace: 9888K(10176K)->9888K(10176K) NonClass: 8754K(8896K)->8754K(8896K) Class: 1134K(1280K)->1134K(1280K)
[23.731s][info ][gc             ] GC(1496) Pause Young (Allocation Failure) 140M->4M(495M) 0.163ms
[23.731s][info ][gc,cpu         ] GC(1496) User=0.01s Sys=0.00s Real=0.00s
[23.741s][info ][gc,start       ] GC(1497) Pause Young (Allocation Failure)
[23.741s][debug][gc,age         ] GC(1497) Desired survivor size 8945664 bytes, new threshold 15 (max threshold 15)
[23.741s][trace][gc,age         ] GC(1497) Age table with threshold 15 (max threshold 15)
[23.741s][trace][gc,age         ] GC(1497) - age   1:     400208 bytes,     400208 total
[23.741s][info ][gc,heap        ] GC(1497) DefNew: 140294K(157376K)->390K(157376K) Eden: 139904K(139904K)->0K(139904K) From: 390K(17472K)->390K(17472K)
[23.741s][info ][gc,heap        ] GC(1497) Tenured: 3959K(349568K)->3959K(349568K)
[23.741s][info ][gc,metaspace   ] GC(1497) Metaspace: 9888K(10176K)->9888K(10176K) NonClass: 8754K(8896K)->8754K(8896K) Class: 1134K(1280K)->1134K(1280K)
[23.741s][info ][gc             ] GC(1497) Pause Young (Allocation Failure) 140M->4M(495M) 0.163ms
[23.741s][info ][gc,cpu         ] GC(1497) User=0.00s Sys=0.00s Real=0.00s
[23.751s][info ][gc,start       ] GC(1498) Pause Young (Allocation Failure)
[23.751s][debug][gc,age         ] GC(1498) Desired survivor size 8945664 bytes, new threshold 15 (max threshold 15)
[23.751s][trace][gc,age         ] GC(1498) Age table with threshold 15 (max threshold 15)
[23.751s][trace][gc,age         ] GC(1498) - age   1:     400208 bytes,     400208 total
[23.751s][info ][gc,heap        ] GC(1498) DefNew: 140294K(157376K)->390K(157376K) Eden: 139904K(139904K)->0K(139904K) From: 390K(17472K)->390K(17472K)
[23.751s][info ][gc,heap        ] GC(1498) Tenured: 3959K(349568K)->3959K(349568K)
[23.751s][info ][gc,metaspace   ] GC(1498) Metaspace: 9888K(10176K)->9888K(10176K) NonClass: 8754K(8896K)->8754K(8896K) Class: 1134K(1280K)->1134K(1280K)
[23.751s][info ][gc             ] GC(1498) Pause Young (Allocation Failure) 140M->4M(495M) 0.171ms
[23.751s][info ][gc,cpu         ] GC(1498) User=0.00s Sys=0.00s Real=0.00s
[23.761s][info ][gc,start       ] GC(1499) Pause Young (Allocation Failure)
[23.762s][debug][gc,age         ] GC(1499) Desired survivor size 8945664 bytes, new threshold 15 (max threshold 15)
[23.762s][trace][gc,age         ] GC(1499) Age table with threshold 15 (max threshold 15)
[23.762s][trace][gc,age         ] GC(1499) - age   1:     400208 bytes,     400208 total
[23.762s][info ][gc,heap        ] GC(1499) DefNew: 140294K(157376K)->390K(157376K) Eden: 139904K(139904K)->0K(139904K) From: 390K(17472K)->390K(17472K)
[23.762s][info ][gc,heap        ] GC(1499) Tenured: 3959K(349568K)->3959K(349568K)
[23.762s][info ][gc,metaspace   ] GC(1499) Metaspace: 9888K(10176K)->9888K(10176K) NonClass: 8754K(8896K)->8754K(8896K) Class: 1134K(1280K)->1134K(1280K)
[23.762s][info ][gc             ] GC(1499) Pause Young (Allocation Failure) 140M->4M(495M) 0.167ms
[23.762s][info ][gc,cpu         ] GC(1499) User=0.00s Sys=0.00s Real=0.00s
[23.772s][info ][gc,start       ] GC(1500) Pause Young (Allocation Failure)
[23.772s][debug][gc,age         ] GC(1500) Desired survivor size 8945664 bytes, new threshold 15 (max threshold 15)
[23.772s][trace][gc,age         ] GC(1500) Age table with threshold 15 (max threshold 15)
[23.772s][trace][gc,age         ] GC(1500) - age   1:     400208 bytes,     400208 total
[23.772s][info ][gc,heap        ] GC(1500) DefNew: 140294K(157376K)->390K(157376K) Eden: 139904K(139904K)->0K(139904K) From: 390K(17472K)->390K(17472K)
[23.772s][info ][gc,heap        ] GC(1500) Tenured: 3959K(349568K)->3959K(349568K)
[23.772s][info ][gc,metaspace   ] GC(1500) Metaspace: 9888K(10176K)->9888K(10176K) NonClass: 8754K(8896K)->8754K(8896K) Class: 1134K(1280K)->1134K(1280K)
[23.772s][info ][gc             ] GC(1500) Pause Young (Allocation Failure) 140M->4M(495M) 0.163ms
[23.772s][info ][gc,cpu         ] GC(1500) User=0.00s Sys=0.00s Real=0.00s
[23.782s][info ][gc,start       ] GC(1501) Pause Young (Allocation Failure)
[23.782s][debug][gc,age         ] GC(1501) Desired survivor size 8945664 bytes, new threshold 15 (max threshold 15)
[23.782s][trace][gc,age         ] GC(1501) Age table with threshold 15 (max threshold 15)
[23.782s][trace][gc,age         ] GC(1501) - age   1:     400208 bytes,     400208 total
[23.782s][info ][gc,heap        ] GC(1501) DefNew: 140294K(157376K)->390K(157376K) Eden: 139904K(139904K)->0K(139904K) From: 390K(17472K)->390K(17472K)
[23.782s][info ][gc,heap        ] GC(1501) Tenured: 3959K(349568K)->3959K(349568K)
[23.782s][info ][gc,metaspace   ] GC(1501) Metaspace: 9888K(10176K)->9888K(10176K) NonClass: 8754K(8896K)->8754K(8896K) Class: 1134K(1280K)->1134K(1280K)
[23.782s][info ][gc             ] GC(1501) Pause Young (Allocation Failure) 140M->4M(495M) 0.162ms
[23.782s][info ][gc,cpu         ] GC(1501) User=0.00s Sys=0.00s Real=0.00s
[23.792s][info ][gc,start       ] GC(1502) Pause Young (Allocation Failure)
[23.792s][debug][gc,age         ] GC(1502) Desired survivor size 8945664 bytes, new threshold 15 (max threshold 15)
[23.792s][trace][gc,age         ] GC(1502) Age table with threshold 15 (max threshold 15)
[23.792s][trace][gc,age         ] GC(1502) - age   1:     400208 bytes,     400208 total
[23.792s][info ][gc,heap        ] GC(1502) DefNew: 140294K(157376K)->390K(157376K) Eden: 139904K(139904K)->0K(139904K) From: 390K(17472K)->390K(17472K)
[23.792s][info ][gc,heap        ] GC(1502) Tenured: 3959K(349568K)->3959K(349568K)
[23.792s][info ][gc,metaspace   ] GC(1502) Metaspace: 9888K(10176K)->9888K(10176K) NonClass: 8754K(8896K)->8754K(8896K) Class: 1134K(1280K)->1134K(1280K)
[23.792s][info ][gc             ] GC(1502) Pause Young (Allocation Failure) 140M->4M(495M) 0.163ms
[23.792s][info ][gc,cpu         ] GC(1502) User=0.00s Sys=0.00s Real=0.00s
[23.802s][info ][gc,start       ] GC(1503) Pause Young (Allocation Failure)
[23.803s][debug][gc,age         ] GC(1503) Desired survivor size 8945664 bytes, new threshold 15 (max threshold 15)
[23.803s][trace][gc,age         ] GC(1503) Age table with threshold 15 (max threshold 15)
[23.803s][trace][gc,age         ] GC(1503) - age   1:     400208 bytes,     400208 total
[23.803s][info ][gc,heap        ] GC(1503) DefNew: 140294K(157376K)->390K(157376K) Eden: 139904K(139904K)->0K(139904K) From: 390K(17472K)->390K(17472K)
[23.803s][info ][gc,heap        ] GC(1503) Tenured: 3959K(349568K)->3959K(349568K)
[23.803s][info ][gc,metaspace   ] GC(1503) Metaspace: 9888K(10176K)->9888K(10176K) NonClass: 8754K(8896K)->8754K(8896K) Class: 1134K(1280K)->1134K(1280K)
[23.803s][info ][gc             ] GC(1503) Pause Young (Allocation Failure) 140M->4M(495M) 0.164ms
[23.803s][info ][gc,cpu         ] GC(1503) User=0.00s Sys=0.00s Real=0.00s
[23.813s][info ][gc,start       ] GC(1504) Pause Young (Allocation Failure)
[23.813s][debug][gc,age         ] GC(1504) Desired survivor size 8945664 bytes, new threshold 15 (max threshold 15)
[23.813s][trace][gc,age         ] GC(1504) Age table with threshold 15 (max threshold 15)
[23.813s][trace][gc,age         ] GC(1504) - age   1:     400208 bytes,     400208 total
[23.813s][info ][gc,heap        ] GC(1504) DefNew: 140294K(157376K)->390K(157376K) Eden: 139904K(139904K)->0K(139904K) From: 390K(17472K)->390K(17472K)
[23.813s][info ][gc,heap        ] GC(1504) Tenured: 3959K(349568K)->3959K(349568K)
[23.813s][info ][gc,metaspace   ] GC(1504) Metaspace: 9888K(10176K)->9888K(10176K) NonClass: 8754K(8896K)->8754K(8896K) Class: 1134K(1280K)->1134K(1280K)
[23.813s][info ][gc             ] GC(1504) Pause Young (Allocation Failure) 140M->4M(495M) 0.163ms
[23.813s][info ][gc,cpu         ] GC(1504) User=0.00s Sys=0.00s Real=0.00s
[23.823s][info ][gc,start       ] GC(1505) Pause Young (Allocation Failure)
[23.823s][debug][gc,age         ] GC(1505) Desired survivor size 8945664 bytes, new threshold 15 (max threshold 15)
[23.823s][trace][gc,age         ] GC(1505) Age table with threshold 15 (max threshold 15)
[23.823s][trace][gc,age         ] GC(1505) - age   1:     400208 bytes,     400208 total
[23.823s][info ][gc,heap        ] GC(1505) DefNew: 140294K(157376K)->390K(157376K) Eden: 139904K(139904K)->0K(139904K) From: 390K(17472K)->390K(17472K)
[23.823s][info ][gc,heap        ] GC(1505) Tenured: 3959K(349568K)->3959K(349568K)
[23.823s][info ][gc,metaspace   ] GC(1505) Metaspace: 9888K(10176K)->9888K(10176K) NonClass: 8754K(8896K)->8754K(8896K) Class: 1134K(1280K)->1134K(1280K)
[23.823s][info ][gc             ] GC(1505) Pause Young (Allocation Failure) 140M->4M(495M) 0.165ms
[23.823s][info ][gc,cpu         ] GC(1505) User=0.00s Sys=0.00s Real=0.00s
[23.833s][info ][gc,start       ] GC(1506) Pause Young (Allocation Failure)
[23.833s][debug][gc,age         ] GC(1506) Desired survivor size 8945664 bytes, new threshold 15 (max threshold 15)
[23.833s][trace][gc,age         ] GC(1506) Age table with threshold 15 (max threshold 15)
[23.833s][trace][gc,age         ] GC(1506) - age   1:     400208 bytes,     400208 total
[23.833s][info ][gc,heap        ] GC(1506) DefNew: 140294K(157376K)->390K(157376K) Eden: 139904K(139904K)->0K(139904K) From: 390K(17472K)->390K(17472K)
[23.833s][info ][gc,heap        ] GC(1506) Tenured: 3959K(349568K)->3959K(349568K)
[23.833s][info ][gc,metaspace   ] GC(1506) Metaspace: 9888K(10176K)->9888K(10176K) NonClass: 8754K(8896K)->8754K(8896K) Class: 1134K(1280K)->1134K(1280K)
[23.833s][info ][gc             ] GC(1506) Pause Young (Allocation Failure) 140M->4M(495M) 0.176ms
[23.833s][info ][gc,cpu         ] GC(1506) User=0.00s Sys=0.00s Real=0.00s
[23.843s][info ][gc,start       ] GC(1507) Pause Young (Allocation Failure)
[23.844s][debug][gc,age         ] GC(1507) Desired survivor size 8945664 bytes, new threshold 15 (max threshold 15)
[23.844s][trace][gc,age         ] GC(1507) Age table with threshold 15 (max threshold 15)
[23.844s][trace][gc,age         ] GC(1507) - age   1:     400208 bytes,     400208 total
[23.844s][info ][gc,heap        ] GC(1507) DefNew: 140294K(157376K)->390K(157376K) Eden: 139904K(139904K)->0K(139904K) From: 390K(17472K)->390K(17472K)
[23.844s][info ][gc,heap        ] GC(1507) Tenured: 3959K(349568K)->3959K(349568K)
[23.844s][info ][gc,metaspace   ] GC(1507) Metaspace: 9888K(10176K)->9888K(10176K) NonClass: 8754K(8896K)->8754K(8896K) Class: 1134K(1280K)->1134K(1280K)
[23.844s][info ][gc             ] GC(1507) Pause Young (Allocation Failure) 140M->4M(495M) 0.169ms
[23.844s][info ][gc,cpu         ] GC(1507) User=0.00s Sys=0.00s Real=0.00s
[23.854s][info ][gc,start       ] GC(1508) Pause Young (Allocation Failure)
[23.854s][debug][gc,age         ] GC(1508) Desired survivor size 8945664 bytes, new threshold 15 (max threshold 15)
[23.854s][trace][gc,age         ] GC(1508) Age table with threshold 15 (max threshold 15)
[23.854s][trace][gc,age         ] GC(1508) - age   1:     400208 bytes,     400208 total
[23.854s][info ][gc,heap        ] GC(1508) DefNew: 140294K(157376K)->390K(157376K) Eden: 139904K(139904K)->0K(139904K) From: 390K(17472K)->390K(17472K)
[23.854s][info ][gc,heap        ] GC(1508) Tenured: 3959K(349568K)->3959K(349568K)
[23.854s][info ][gc,metaspace   ] GC(1508) Metaspace: 9888K(10176K)->9888K(10176K) NonClass: 8754K(8896K)->8754K(8896K) Class: 1134K(1280K)->1134K(1280K)
[23.854s][info ][gc             ] GC(1508) Pause Young (Allocation Failure) 140M->4M(495M) 0.167ms
[23.854s][info ][gc,cpu         ] GC(1508) User=0.00s Sys=0.00s Real=0.00s
[23.864s][info ][gc,start       ] GC(1509) Pause Young (Allocation Failure)
[23.864s][debug][gc,age         ] GC(1509) Desired survivor size 8945664 bytes, new threshold 15 (max threshold 15)
[23.864s][trace][gc,age         ] GC(1509) Age table with threshold 15 (max threshold 15)
[23.864s][trace][gc,age         ] GC(1509) - age   1:     400208 bytes,     400208 total
[23.864s][info ][gc,heap        ] GC(1509) DefNew: 140294K(157376K)->390K(157376K) Eden: 139904K(139904K)->0K(139904K) From: 390K(17472K)->390K(17472K)
[23.864s][info ][gc,heap        ] GC(1509) Tenured: 3959K(349568K)->3959K(349568K)
[23.864s][info ][gc,metaspace   ] GC(1509) Metaspace: 9888K(10176K)->9888K(10176K) NonClass: 8754K(8896K)->8754K(8896K) Class: 1134K(1280K)->1134K(1280K)
[23.864s][info ][gc             ] GC(1509) Pause Young (Allocation Failure) 140M->4M(495M) 0.166ms
[23.864s][info ][gc,cpu         ] GC(1509) User=0.00s Sys=0.00s Real=0.00s
[23.874s][info ][gc,start       ] GC(1510) Pause Young (Allocation Failure)
[23.874s][debug][gc,age         ] GC(1510) Desired survivor size 8945664 bytes, new threshold 15 (max threshold 15)
[23.874s][trace][gc,age         ] GC(1510) Age table with threshold 15 (max threshold 15)
[23.874s][trace][gc,age         ] GC(1510) - age   1:     400208 bytes,     400208 total
[23.874s][info ][gc,heap        ] GC(1510) DefNew: 140294K(157376K)->390K(157376K) Eden: 139904K(139904K)->0K(139904K) From: 390K(17472K)->390K(17472K)
[23.874s][info ][gc,heap        ] GC(1510) Tenured: 3959K(349568K)->3959K(349568K)
[23.874s][info ][gc,metaspace   ] GC(1510) Metaspace: 9888K(10176K)->9888K(10176K) NonClass: 8754K(8896K)->8754K(8896K) Class: 1134K(1280K)->1134K(1280K)
[23.874s][info ][gc             ] GC(1510) Pause Young (Allocation Failure) 140M->4M(495M) 0.166ms
[23.874s][info ][gc,cpu         ] GC(1510) User=0.00s Sys=0.00s Real=0.00s
[23.884s][info ][gc,start       ] GC(1511) Pause Young (Allocation Failure)
[23.884s][debug][gc,age         ] GC(1511) Desired survivor size 8945664 bytes, new threshold 15 (max threshold 15)
[23.884s][trace][gc,age         ] GC(1511) Age table with threshold 15 (max threshold 15)
[23.884s][trace][gc,age         ] GC(1511) - age   1:     400208 bytes,     400208 total
[23.884s][info ][gc,heap        ] GC(1511) DefNew: 140294K(157376K)->390K(157376K) Eden: 139904K(139904K)->0K(139904K) From: 390K(17472K)->390K(17472K)
[23.884s][info ][gc,heap        ] GC(1511) Tenured: 3959K(349568K)->3959K(349568K)
[23.884s][info ][gc,metaspace   ] GC(1511) Metaspace: 9888K(10176K)->9888K(10176K) NonClass: 8754K(8896K)->8754K(8896K) Class: 1134K(1280K)->1134K(1280K)
[23.884s][info ][gc             ] GC(1511) Pause Young (Allocation Failure) 140M->4M(495M) 0.160ms
[23.884s][info ][gc,cpu         ] GC(1511) User=0.00s Sys=0.00s Real=0.00s
[23.895s][info ][gc,start       ] GC(1512) Pause Young (Allocation Failure)
[23.895s][debug][gc,age         ] GC(1512) Desired survivor size 8945664 bytes, new threshold 15 (max threshold 15)
[23.895s][trace][gc,age         ] GC(1512) Age table with threshold 15 (max threshold 15)
[23.895s][trace][gc,age         ] GC(1512) - age   1:     400208 bytes,     400208 total
[23.895s][info ][gc,heap        ] GC(1512) DefNew: 140294K(157376K)->390K(157376K) Eden: 139904K(139904K)->0K(139904K) From: 390K(17472K)->390K(17472K)
[23.895s][info ][gc,heap        ] GC(1512) Tenured: 3959K(349568K)->3959K(349568K)
[23.895s][info ][gc,metaspace   ] GC(1512) Metaspace: 9888K(10176K)->9888K(10176K) NonClass: 8754K(8896K)->8754K(8896K) Class: 1134K(1280K)->1134K(1280K)
[23.895s][info ][gc             ] GC(1512) Pause Young (Allocation Failure) 140M->4M(495M) 0.164ms
[23.895s][info ][gc,cpu         ] GC(1512) User=0.00s Sys=0.00s Real=0.00s
[23.905s][info ][gc,start       ] GC(1513) Pause Young (Allocation Failure)
[23.905s][debug][gc,age         ] GC(1513) Desired survivor size 8945664 bytes, new threshold 15 (max threshold 15)
[23.905s][trace][gc,age         ] GC(1513) Age table with threshold 15 (max threshold 15)
[23.905s][trace][gc,age         ] GC(1513) - age   1:     400208 bytes,     400208 total
[23.905s][info ][gc,heap        ] GC(1513) DefNew: 140294K(157376K)->390K(157376K) Eden: 139904K(139904K)->0K(139904K) From: 390K(17472K)->390K(17472K)
[23.905s][info ][gc,heap        ] GC(1513) Tenured: 3959K(349568K)->3959K(349568K)
[23.905s][info ][gc,metaspace   ] GC(1513) Metaspace: 9888K(10176K)->9888K(10176K) NonClass: 8754K(8896K)->8754K(8896K) Class: 1134K(1280K)->1134K(1280K)
[23.905s][info ][gc             ] GC(1513) Pause Young (Allocation Failure) 140M->4M(495M) 0.170ms
[23.905s][info ][gc,cpu         ] GC(1513) User=0.00s Sys=0.00s Real=0.00s
[23.915s][info ][gc,start       ] GC(1514) Pause Young (Allocation Failure)
[23.915s][debug][gc,age         ] GC(1514) Desired survivor size 8945664 bytes, new threshold 15 (max threshold 15)
[23.915s][trace][gc,age         ] GC(1514) Age table with threshold 15 (max threshold 15)
[23.915s][trace][gc,age         ] GC(1514) - age   1:     400208 bytes,     400208 total
[23.915s][info ][gc,heap        ] GC(1514) DefNew: 140294K(157376K)->390K(157376K) Eden: 139904K(139904K)->0K(139904K) From: 390K(17472K)->390K(17472K)
[23.915s][info ][gc,heap        ] GC(1514) Tenured: 3959K(349568K)->3959K(349568K)
[23.915s][info ][gc,metaspace   ] GC(1514) Metaspace: 9888K(10176K)->9888K(10176K) NonClass: 8754K(8896K)->8754K(8896K) Class: 1134K(1280K)->1134K(1280K)
[23.915s][info ][gc             ] GC(1514) Pause Young (Allocation Failure) 140M->4M(495M) 0.163ms
[23.915s][info ][gc,cpu         ] GC(1514) User=0.00s Sys=0.00s Real=0.00s
[23.925s][info ][gc,start       ] GC(1515) Pause Young (Allocation Failure)
[23.925s][debug][gc,age         ] GC(1515) Desired survivor size 8945664 bytes, new threshold 15 (max threshold 15)
[23.925s][trace][gc,age         ] GC(1515) Age table with threshold 15 (max threshold 15)
[23.925s][trace][gc,age         ] GC(1515) - age   1:     400208 bytes,     400208 total
[23.925s][info ][gc,heap        ] GC(1515) DefNew: 140294K(157376K)->390K(157376K) Eden: 139904K(139904K)->0K(139904K) From: 390K(17472K)->390K(17472K)
[23.925s][info ][gc,heap        ] GC(1515) Tenured: 3959K(349568K)->3959K(349568K)
[23.925s][info ][gc,metaspace   ] GC(1515) Metaspace: 9888K(10176K)->9888K(10176K) NonClass: 8754K(8896K)->8754K(8896K) Class: 1134K(1280K)->1134K(1280K)
[23.925s][info ][gc             ] GC(1515) Pause Young (Allocation Failure) 140M->4M(495M) 0.166ms
[23.925s][info ][gc,cpu         ] GC(1515) User=0.00s Sys=0.00s Real=0.00s
[23.935s][info ][gc,start       ] GC(1516) Pause Young (Allocation Failure)
[23.936s][debug][gc,age         ] GC(1516) Desired survivor size 8945664 bytes, new threshold 15 (max threshold 15)
[23.936s][trace][gc,age         ] GC(1516) Age table with threshold 15 (max threshold 15)
[23.936s][trace][gc,age         ] GC(1516) - age   1:     400208 bytes,     400208 total
[23.936s][info ][gc,heap        ] GC(1516) DefNew: 140294K(157376K)->390K(157376K) Eden: 139904K(139904K)->0K(139904K) From: 390K(17472K)->390K(17472K)
[23.936s][info ][gc,heap        ] GC(1516) Tenured: 3959K(349568K)->3959K(349568K)
[23.936s][info ][gc,metaspace   ] GC(1516) Metaspace: 9888K(10176K)->9888K(10176K) NonClass: 8754K(8896K)->8754K(8896K) Class: 1134K(1280K)->1134K(1280K)
[23.936s][info ][gc             ] GC(1516) Pause Young (Allocation Failure) 140M->4M(495M) 0.164ms
[23.936s][info ][gc,cpu         ] GC(1516) User=0.00s Sys=0.00s Real=0.00s
[23.946s][info ][gc,start       ] GC(1517) Pause Young (Allocation Failure)
[23.946s][debug][gc,age         ] GC(1517) Desired survivor size 8945664 bytes, new threshold 15 (max threshold 15)
[23.946s][trace][gc,age         ] GC(1517) Age table with threshold 15 (max threshold 15)
[23.946s][trace][gc,age         ] GC(1517) - age   1:     400208 bytes,     400208 total
[23.946s][info ][gc,heap        ] GC(1517) DefNew: 140294K(157376K)->390K(157376K) Eden: 139904K(139904K)->0K(139904K) From: 390K(17472K)->390K(17472K)
[23.946s][info ][gc,heap        ] GC(1517) Tenured: 3959K(349568K)->3959K(349568K)
[23.946s][info ][gc,metaspace   ] GC(1517) Metaspace: 9888K(10176K)->9888K(10176K) NonClass: 8754K(8896K)->8754K(8896K) Class: 1134K(1280K)->1134K(1280K)
[23.946s][info ][gc             ] GC(1517) Pause Young (Allocation Failure) 140M->4M(495M) 0.165ms
[23.946s][info ][gc,cpu         ] GC(1517) User=0.00s Sys=0.00s Real=0.00s
[23.956s][info ][gc,start       ] GC(1518) Pause Young (Allocation Failure)
[23.956s][debug][gc,age         ] GC(1518) Desired survivor size 8945664 bytes, new threshold 15 (max threshold 15)
[23.956s][trace][gc,age         ] GC(1518) Age table with threshold 15 (max threshold 15)
[23.956s][trace][gc,age         ] GC(1518) - age   1:     400208 bytes,     400208 total
[23.956s][info ][gc,heap        ] GC(1518) DefNew: 140294K(157376K)->390K(157376K) Eden: 139904K(139904K)->0K(139904K) From: 390K(17472K)->390K(17472K)
[23.956s][info ][gc,heap        ] GC(1518) Tenured: 3959K(349568K)->3959K(349568K)
[23.956s][info ][gc,metaspace   ] GC(1518) Metaspace: 9888K(10176K)->9888K(10176K) NonClass: 8754K(8896K)->8754K(8896K) Class: 1134K(1280K)->1134K(1280K)
[23.956s][info ][gc             ] GC(1518) Pause Young (Allocation Failure) 140M->4M(495M) 0.164ms
[23.956s][info ][gc,cpu         ] GC(1518) User=0.00s Sys=0.00s Real=0.00s
[23.966s][info ][gc,start       ] GC(1519) Pause Young (Allocation Failure)
[23.966s][debug][gc,age         ] GC(1519) Desired survivor size 8945664 bytes, new threshold 15 (max threshold 15)
[23.966s][trace][gc,age         ] GC(1519) Age table with threshold 15 (max threshold 15)
[23.966s][trace][gc,age         ] GC(1519) - age   1:     400208 bytes,     400208 total
[23.966s][info ][gc,heap        ] GC(1519) DefNew: 140294K(157376K)->390K(157376K) Eden: 139904K(139904K)->0K(139904K) From: 390K(17472K)->390K(17472K)
[23.966s][info ][gc,heap        ] GC(1519) Tenured: 3959K(349568K)->3959K(349568K)
[23.966s][info ][gc,metaspace   ] GC(1519) Metaspace: 9888K(10176K)->9888K(10176K) NonClass: 8754K(8896K)->8754K(8896K) Class: 1134K(1280K)->1134K(1280K)
[23.966s][info ][gc             ] GC(1519) Pause Young (Allocation Failure) 140M->4M(495M) 0.163ms
[23.966s][info ][gc,cpu         ] GC(1519) User=0.00s Sys=0.00s Real=0.00s
[23.976s][info ][gc,start       ] GC(1520) Pause Young (Allocation Failure)
[23.977s][debug][gc,age         ] GC(1520) Desired survivor size 8945664 bytes, new threshold 15 (max threshold 15)
[23.977s][trace][gc,age         ] GC(1520) Age table with threshold 15 (max threshold 15)
[23.977s][trace][gc,age         ] GC(1520) - age   1:     400208 bytes,     400208 total
[23.977s][info ][gc,heap        ] GC(1520) DefNew: 140294K(157376K)->390K(157376K) Eden: 139904K(139904K)->0K(139904K) From: 390K(17472K)->390K(17472K)
[23.977s][info ][gc,heap        ] GC(1520) Tenured: 3959K(349568K)->3959K(349568K)
[23.977s][info ][gc,metaspace   ] GC(1520) Metaspace: 9888K(10176K)->9888K(10176K) NonClass: 8754K(8896K)->8754K(8896K) Class: 1134K(1280K)->1134K(1280K)
[23.977s][info ][gc             ] GC(1520) Pause Young (Allocation Failure) 140M->4M(495M) 0.167ms
[23.977s][info ][gc,cpu         ] GC(1520) User=0.00s Sys=0.00s Real=0.00s
[23.987s][info ][gc,start       ] GC(1521) Pause Young (Allocation Failure)
[23.987s][debug][gc,age         ] GC(1521) Desired survivor size 8945664 bytes, new threshold 15 (max threshold 15)
[23.987s][trace][gc,age         ] GC(1521) Age table with threshold 15 (max threshold 15)
[23.987s][trace][gc,age         ] GC(1521) - age   1:     400208 bytes,     400208 total
[23.987s][info ][gc,heap        ] GC(1521) DefNew: 140294K(157376K)->390K(157376K) Eden: 139904K(139904K)->0K(139904K) From: 390K(17472K)->390K(17472K)
[23.987s][info ][gc,heap        ] GC(1521) Tenured: 3959K(349568K)->3959K(349568K)
[23.987s][info ][gc,metaspace   ] GC(1521) Metaspace: 9888K(10176K)->9888K(10176K) NonClass: 8754K(8896K)->8754K(8896K) Class: 1134K(1280K)->1134K(1280K)
[23.987s][info ][gc             ] GC(1521) Pause Young (Allocation Failure) 140M->4M(495M) 0.164ms
[23.987s][info ][gc,cpu         ] GC(1521) User=0.00s Sys=0.00s Real=0.00s
[23.997s][info ][gc,start       ] GC(1522) Pause Young (Allocation Failure)
[23.997s][debug][gc,age         ] GC(1522) Desired survivor size 8945664 bytes, new threshold 15 (max threshold 15)
[23.997s][trace][gc,age         ] GC(1522) Age table with threshold 15 (max threshold 15)
[23.997s][trace][gc,age         ] GC(1522) - age   1:     400208 bytes,     400208 total
[23.997s][info ][gc,heap        ] GC(1522) DefNew: 140294K(157376K)->390K(157376K) Eden: 139904K(139904K)->0K(139904K) From: 390K(17472K)->390K(17472K)
[23.997s][info ][gc,heap        ] GC(1522) Tenured: 3959K(349568K)->3959K(349568K)
[23.997s][info ][gc,metaspace   ] GC(1522) Metaspace: 9888K(10176K)->9888K(10176K) NonClass: 8754K(8896K)->8754K(8896K) Class: 1134K(1280K)->1134K(1280K)
[23.997s][info ][gc             ] GC(1522) Pause Young (Allocation Failure) 140M->4M(495M) 0.163ms
[23.997s][info ][gc,cpu         ] GC(1522) User=0.00s Sys=0.00s Real=0.00s
[24.007s][info ][gc,start       ] GC(1523) Pause Young (Allocation Failure)
[24.007s][debug][gc,age         ] GC(1523) Desired survivor size 8945664 bytes, new threshold 15 (max threshold 15)
[24.007s][trace][gc,age         ] GC(1523) Age table with threshold 15 (max threshold 15)
[24.007s][trace][gc,age         ] GC(1523) - age   1:     400208 bytes,     400208 total
[24.007s][info ][gc,heap        ] GC(1523) DefNew: 140294K(157376K)->390K(157376K) Eden: 139904K(139904K)->0K(139904K) From: 390K(17472K)->390K(17472K)
[24.007s][info ][gc,heap        ] GC(1523) Tenured: 3959K(349568K)->3959K(349568K)
[24.007s][info ][gc,metaspace   ] GC(1523) Metaspace: 9888K(10176K)->9888K(10176K) NonClass: 8754K(8896K)->8754K(8896K) Class: 1134K(1280K)->1134K(1280K)
[24.007s][info ][gc             ] GC(1523) Pause Young (Allocation Failure) 140M->4M(495M) 0.172ms
[24.007s][info ][gc,cpu         ] GC(1523) User=0.00s Sys=0.00s Real=0.00s
[24.017s][info ][gc,start       ] GC(1524) Pause Young (Allocation Failure)
[24.017s][debug][gc,age         ] GC(1524) Desired survivor size 8945664 bytes, new threshold 15 (max threshold 15)
[24.017s][trace][gc,age         ] GC(1524) Age table with threshold 15 (max threshold 15)
[24.017s][trace][gc,age         ] GC(1524) - age   1:     400208 bytes,     400208 total
[24.017s][info ][gc,heap        ] GC(1524) DefNew: 140294K(157376K)->390K(157376K) Eden: 139904K(139904K)->0K(139904K) From: 390K(17472K)->390K(17472K)
[24.017s][info ][gc,heap        ] GC(1524) Tenured: 3959K(349568K)->3959K(349568K)
[24.017s][info ][gc,metaspace   ] GC(1524) Metaspace: 9888K(10176K)->9888K(10176K) NonClass: 8754K(8896K)->8754K(8896K) Class: 1134K(1280K)->1134K(1280K)
[24.017s][info ][gc             ] GC(1524) Pause Young (Allocation Failure) 140M->4M(495M) 0.166ms
[24.018s][info ][gc,cpu         ] GC(1524) User=0.00s Sys=0.00s Real=0.00s
[24.028s][info ][gc,start       ] GC(1525) Pause Young (Allocation Failure)
[24.028s][debug][gc,age         ] GC(1525) Desired survivor size 8945664 bytes, new threshold 15 (max threshold 15)
[24.028s][trace][gc,age         ] GC(1525) Age table with threshold 15 (max threshold 15)
[24.028s][trace][gc,age         ] GC(1525) - age   1:     400208 bytes,     400208 total
[24.028s][info ][gc,heap        ] GC(1525) DefNew: 140294K(157376K)->390K(157376K) Eden: 139904K(139904K)->0K(139904K) From: 390K(17472K)->390K(17472K)
[24.028s][info ][gc,heap        ] GC(1525) Tenured: 3959K(349568K)->3959K(349568K)
[24.028s][info ][gc,metaspace   ] GC(1525) Metaspace: 9888K(10176K)->9888K(10176K) NonClass: 8754K(8896K)->8754K(8896K) Class: 1134K(1280K)->1134K(1280K)
[24.028s][info ][gc             ] GC(1525) Pause Young (Allocation Failure) 140M->4M(495M) 0.167ms
[24.028s][info ][gc,cpu         ] GC(1525) User=0.00s Sys=0.00s Real=0.00s
[24.038s][info ][gc,start       ] GC(1526) Pause Young (Allocation Failure)
[24.038s][debug][gc,age         ] GC(1526) Desired survivor size 8945664 bytes, new threshold 15 (max threshold 15)
[24.038s][trace][gc,age         ] GC(1526) Age table with threshold 15 (max threshold 15)
[24.038s][trace][gc,age         ] GC(1526) - age   1:     400208 bytes,     400208 total
[24.038s][info ][gc,heap        ] GC(1526) DefNew: 140294K(157376K)->390K(157376K) Eden: 139904K(139904K)->0K(139904K) From: 390K(17472K)->390K(17472K)
[24.038s][info ][gc,heap        ] GC(1526) Tenured: 3959K(349568K)->3959K(349568K)
[24.038s][info ][gc,metaspace   ] GC(1526) Metaspace: 9888K(10176K)->9888K(10176K) NonClass: 8754K(8896K)->8754K(8896K) Class: 1134K(1280K)->1134K(1280K)
[24.038s][info ][gc             ] GC(1526) Pause Young (Allocation Failure) 140M->4M(495M) 0.174ms
[24.038s][info ][gc,cpu         ] GC(1526) User=0.00s Sys=0.00s Real=0.00s
[24.048s][info ][gc,start       ] GC(1527) Pause Young (Allocation Failure)
[24.048s][debug][gc,age         ] GC(1527) Desired survivor size 8945664 bytes, new threshold 15 (max threshold 15)
[24.048s][trace][gc,age         ] GC(1527) Age table with threshold 15 (max threshold 15)
[24.048s][trace][gc,age         ] GC(1527) - age   1:     400208 bytes,     400208 total
[24.048s][info ][gc,heap        ] GC(1527) DefNew: 140294K(157376K)->390K(157376K) Eden: 139904K(139904K)->0K(139904K) From: 390K(17472K)->390K(17472K)
[24.048s][info ][gc,heap        ] GC(1527) Tenured: 3959K(349568K)->3959K(349568K)
[24.048s][info ][gc,metaspace   ] GC(1527) Metaspace: 9888K(10176K)->9888K(10176K) NonClass: 8754K(8896K)->8754K(8896K) Class: 1134K(1280K)->1134K(1280K)
[24.048s][info ][gc             ] GC(1527) Pause Young (Allocation Failure) 140M->4M(495M) 0.165ms
[24.048s][info ][gc,cpu         ] GC(1527) User=0.00s Sys=0.00s Real=0.00s
[24.058s][info ][gc,start       ] GC(1528) Pause Young (Allocation Failure)
[24.058s][debug][gc,age         ] GC(1528) Desired survivor size 8945664 bytes, new threshold 15 (max threshold 15)
[24.058s][trace][gc,age         ] GC(1528) Age table with threshold 15 (max threshold 15)
[24.058s][trace][gc,age         ] GC(1528) - age   1:     400208 bytes,     400208 total
[24.058s][info ][gc,heap        ] GC(1528) DefNew: 140294K(157376K)->390K(157376K) Eden: 139904K(139904K)->0K(139904K) From: 390K(17472K)->390K(17472K)
[24.058s][info ][gc,heap        ] GC(1528) Tenured: 3959K(349568K)->3959K(349568K)
[24.058s][info ][gc,metaspace   ] GC(1528) Metaspace: 9888K(10176K)->9888K(10176K) NonClass: 8754K(8896K)->8754K(8896K) Class: 1134K(1280K)->1134K(1280K)
[24.058s][info ][gc             ] GC(1528) Pause Young (Allocation Failure) 140M->4M(495M) 0.170ms
[24.058s][info ][gc,cpu         ] GC(1528) User=0.00s Sys=0.00s Real=0.00s
[24.069s][info ][gc,start       ] GC(1529) Pause Young (Allocation Failure)
[24.069s][debug][gc,age         ] GC(1529) Desired survivor size 8945664 bytes, new threshold 15 (max threshold 15)
[24.069s][trace][gc,age         ] GC(1529) Age table with threshold 15 (max threshold 15)
[24.069s][trace][gc,age         ] GC(1529) - age   1:     400208 bytes,     400208 total
[24.069s][info ][gc,heap        ] GC(1529) DefNew: 140294K(157376K)->390K(157376K) Eden: 139904K(139904K)->0K(139904K) From: 390K(17472K)->390K(17472K)
[24.069s][info ][gc,heap        ] GC(1529) Tenured: 3959K(349568K)->3959K(349568K)
[24.069s][info ][gc,metaspace   ] GC(1529) Metaspace: 9888K(10176K)->9888K(10176K) NonClass: 8754K(8896K)->8754K(8896K) Class: 1134K(1280K)->1134K(1280K)
[24.069s][info ][gc             ] GC(1529) Pause Young (Allocation Failure) 140M->4M(495M) 0.166ms
[24.069s][info ][gc,cpu         ] GC(1529) User=0.00s Sys=0.00s Real=0.00s
[24.079s][info ][gc,start       ] GC(1530) Pause Young (Allocation Failure)
[24.079s][debug][gc,age         ] GC(1530) Desired survivor size 8945664 bytes, new threshold 15 (max threshold 15)
[24.079s][trace][gc,age         ] GC(1530) Age table with threshold 15 (max threshold 15)
[24.079s][trace][gc,age         ] GC(1530) - age   1:     400208 bytes,     400208 total
[24.079s][info ][gc,heap        ] GC(1530) DefNew: 140294K(157376K)->390K(157376K) Eden: 139904K(139904K)->0K(139904K) From: 390K(17472K)->390K(17472K)
[24.079s][info ][gc,heap        ] GC(1530) Tenured: 3959K(349568K)->3959K(349568K)
[24.079s][info ][gc,metaspace   ] GC(1530) Metaspace: 9888K(10176K)->9888K(10176K) NonClass: 8754K(8896K)->8754K(8896K) Class: 1134K(1280K)->1134K(1280K)
[24.079s][info ][gc             ] GC(1530) Pause Young (Allocation Failure) 140M->4M(495M) 0.161ms
[24.079s][info ][gc,cpu         ] GC(1530) User=0.00s Sys=0.00s Real=0.00s
[24.089s][info ][gc,start       ] GC(1531) Pause Young (Allocation Failure)
[24.089s][debug][gc,age         ] GC(1531) Desired survivor size 8945664 bytes, new threshold 15 (max threshold 15)
[24.089s][trace][gc,age         ] GC(1531) Age table with threshold 15 (max threshold 15)
[24.089s][trace][gc,age         ] GC(1531) - age   1:     400208 bytes,     400208 total
[24.089s][info ][gc,heap        ] GC(1531) DefNew: 140294K(157376K)->390K(157376K) Eden: 139904K(139904K)->0K(139904K) From: 390K(17472K)->390K(17472K)
[24.089s][info ][gc,heap        ] GC(1531) Tenured: 3959K(349568K)->3959K(349568K)
[24.089s][info ][gc,metaspace   ] GC(1531) Metaspace: 9888K(10176K)->9888K(10176K) NonClass: 8754K(8896K)->8754K(8896K) Class: 1134K(1280K)->1134K(1280K)
[24.089s][info ][gc             ] GC(1531) Pause Young (Allocation Failure) 140M->4M(495M) 0.169ms
[24.089s][info ][gc,cpu         ] GC(1531) User=0.00s Sys=0.00s Real=0.00s
[24.099s][info ][gc,start       ] GC(1532) Pause Young (Allocation Failure)
[24.099s][debug][gc,age         ] GC(1532) Desired survivor size 8945664 bytes, new threshold 15 (max threshold 15)
[24.099s][trace][gc,age         ] GC(1532) Age table with threshold 15 (max threshold 15)
[24.099s][trace][gc,age         ] GC(1532) - age   1:     400208 bytes,     400208 total
[24.099s][info ][gc,heap        ] GC(1532) DefNew: 140294K(157376K)->390K(157376K) Eden: 139904K(139904K)->0K(139904K) From: 390K(17472K)->390K(17472K)
[24.099s][info ][gc,heap        ] GC(1532) Tenured: 3959K(349568K)->3959K(349568K)
[24.099s][info ][gc,metaspace   ] GC(1532) Metaspace: 9888K(10176K)->9888K(10176K) NonClass: 8754K(8896K)->8754K(8896K) Class: 1134K(1280K)->1134K(1280K)
[24.099s][info ][gc             ] GC(1532) Pause Young (Allocation Failure) 140M->4M(495M) 0.168ms
[24.099s][info ][gc,cpu         ] GC(1532) User=0.00s Sys=0.00s Real=0.00s
[24.110s][info ][gc,start       ] GC(1533) Pause Young (Allocation Failure)
[24.110s][debug][gc,age         ] GC(1533) Desired survivor size 8945664 bytes, new threshold 15 (max threshold 15)
[24.110s][trace][gc,age         ] GC(1533) Age table with threshold 15 (max threshold 15)
[24.110s][trace][gc,age         ] GC(1533) - age   1:     400208 bytes,     400208 total
[24.110s][info ][gc,heap        ] GC(1533) DefNew: 140294K(157376K)->390K(157376K) Eden: 139904K(139904K)->0K(139904K) From: 390K(17472K)->390K(17472K)
[24.110s][info ][gc,heap        ] GC(1533) Tenured: 3959K(349568K)->3959K(349568K)
[24.110s][info ][gc,metaspace   ] GC(1533) Metaspace: 9888K(10176K)->9888K(10176K) NonClass: 8754K(8896K)->8754K(8896K) Class: 1134K(1280K)->1134K(1280K)
[24.110s][info ][gc             ] GC(1533) Pause Young (Allocation Failure) 140M->4M(495M) 0.161ms
[24.110s][info ][gc,cpu         ] GC(1533) User=0.00s Sys=0.00s Real=0.00s
[24.120s][info ][gc,start       ] GC(1534) Pause Young (Allocation Failure)
[24.120s][debug][gc,age         ] GC(1534) Desired survivor size 8945664 bytes, new threshold 15 (max threshold 15)
[24.120s][trace][gc,age         ] GC(1534) Age table with threshold 15 (max threshold 15)
[24.120s][trace][gc,age         ] GC(1534) - age   1:     400208 bytes,     400208 total
[24.120s][info ][gc,heap        ] GC(1534) DefNew: 140294K(157376K)->390K(157376K) Eden: 139904K(139904K)->0K(139904K) From: 390K(17472K)->390K(17472K)
[24.120s][info ][gc,heap        ] GC(1534) Tenured: 3959K(349568K)->3959K(349568K)
[24.120s][info ][gc,metaspace   ] GC(1534) Metaspace: 9888K(10176K)->9888K(10176K) NonClass: 8754K(8896K)->8754K(8896K) Class: 1134K(1280K)->1134K(1280K)
[24.120s][info ][gc             ] GC(1534) Pause Young (Allocation Failure) 140M->4M(495M) 0.187ms
[24.120s][info ][gc,cpu         ] GC(1534) User=0.00s Sys=0.00s Real=0.01s
[24.130s][info ][gc,start       ] GC(1535) Pause Young (Allocation Failure)
[24.131s][debug][gc,age         ] GC(1535) Desired survivor size 8945664 bytes, new threshold 15 (max threshold 15)
[24.131s][trace][gc,age         ] GC(1535) Age table with threshold 15 (max threshold 15)
[24.131s][trace][gc,age         ] GC(1535) - age   1:     400208 bytes,     400208 total
[24.131s][info ][gc,heap        ] GC(1535) DefNew: 140294K(157376K)->390K(157376K) Eden: 139904K(139904K)->0K(139904K) From: 390K(17472K)->390K(17472K)
[24.131s][info ][gc,heap        ] GC(1535) Tenured: 3959K(349568K)->3959K(349568K)
[24.131s][info ][gc,metaspace   ] GC(1535) Metaspace: 9888K(10176K)->9888K(10176K) NonClass: 8754K(8896K)->8754K(8896K) Class: 1134K(1280K)->1134K(1280K)
[24.131s][info ][gc             ] GC(1535) Pause Young (Allocation Failure) 140M->4M(495M) 0.192ms
[24.131s][info ][gc,cpu         ] GC(1535) User=0.00s Sys=0.00s Real=0.00s
[24.141s][info ][gc,start       ] GC(1536) Pause Young (Allocation Failure)
[24.141s][debug][gc,age         ] GC(1536) Desired survivor size 8945664 bytes, new threshold 15 (max threshold 15)
[24.141s][trace][gc,age         ] GC(1536) Age table with threshold 15 (max threshold 15)
[24.141s][trace][gc,age         ] GC(1536) - age   1:     400208 bytes,     400208 total
[24.141s][info ][gc,heap        ] GC(1536) DefNew: 140294K(157376K)->390K(157376K) Eden: 139904K(139904K)->0K(139904K) From: 390K(17472K)->390K(17472K)
[24.141s][info ][gc,heap        ] GC(1536) Tenured: 3959K(349568K)->3959K(349568K)
[24.141s][info ][gc,metaspace   ] GC(1536) Metaspace: 9888K(10176K)->9888K(10176K) NonClass: 8754K(8896K)->8754K(8896K) Class: 1134K(1280K)->1134K(1280K)
[24.141s][info ][gc             ] GC(1536) Pause Young (Allocation Failure) 140M->4M(495M) 0.174ms
[24.141s][info ][gc,cpu         ] GC(1536) User=0.00s Sys=0.00s Real=0.00s
[24.151s][info ][gc,start       ] GC(1537) Pause Young (Allocation Failure)
[24.151s][debug][gc,age         ] GC(1537) Desired survivor size 8945664 bytes, new threshold 15 (max threshold 15)
[24.151s][trace][gc,age         ] GC(1537) Age table with threshold 15 (max threshold 15)
[24.151s][trace][gc,age         ] GC(1537) - age   1:     400208 bytes,     400208 total
[24.151s][info ][gc,heap        ] GC(1537) DefNew: 140294K(157376K)->390K(157376K) Eden: 139904K(139904K)->0K(139904K) From: 390K(17472K)->390K(17472K)
[24.151s][info ][gc,heap        ] GC(1537) Tenured: 3959K(349568K)->3959K(349568K)
[24.151s][info ][gc,metaspace   ] GC(1537) Metaspace: 9888K(10176K)->9888K(10176K) NonClass: 8754K(8896K)->8754K(8896K) Class: 1134K(1280K)->1134K(1280K)
[24.151s][info ][gc             ] GC(1537) Pause Young (Allocation Failure) 140M->4M(495M) 0.175ms
[24.151s][info ][gc,cpu         ] GC(1537) User=0.00s Sys=0.00s Real=0.00s
[24.161s][info ][gc,start       ] GC(1538) Pause Young (Allocation Failure)
[24.162s][debug][gc,age         ] GC(1538) Desired survivor size 8945664 bytes, new threshold 15 (max threshold 15)
[24.162s][trace][gc,age         ] GC(1538) Age table with threshold 15 (max threshold 15)
[24.162s][trace][gc,age         ] GC(1538) - age   1:     400208 bytes,     400208 total
[24.162s][info ][gc,heap        ] GC(1538) DefNew: 140294K(157376K)->390K(157376K) Eden: 139904K(139904K)->0K(139904K) From: 390K(17472K)->390K(17472K)
[24.162s][info ][gc,heap        ] GC(1538) Tenured: 3959K(349568K)->3959K(349568K)
[24.162s][info ][gc,metaspace   ] GC(1538) Metaspace: 9888K(10176K)->9888K(10176K) NonClass: 8754K(8896K)->8754K(8896K) Class: 1134K(1280K)->1134K(1280K)
[24.162s][info ][gc             ] GC(1538) Pause Young (Allocation Failure) 140M->4M(495M) 0.170ms
[24.162s][info ][gc,cpu         ] GC(1538) User=0.00s Sys=0.00s Real=0.00s
[24.172s][info ][gc,start       ] GC(1539) Pause Young (Allocation Failure)
[24.172s][debug][gc,age         ] GC(1539) Desired survivor size 8945664 bytes, new threshold 15 (max threshold 15)
[24.172s][trace][gc,age         ] GC(1539) Age table with threshold 15 (max threshold 15)
[24.172s][trace][gc,age         ] GC(1539) - age   1:     400208 bytes,     400208 total
[24.172s][info ][gc,heap        ] GC(1539) DefNew: 140294K(157376K)->390K(157376K) Eden: 139904K(139904K)->0K(139904K) From: 390K(17472K)->390K(17472K)
[24.172s][info ][gc,heap        ] GC(1539) Tenured: 3959K(349568K)->3959K(349568K)
[24.172s][info ][gc,metaspace   ] GC(1539) Metaspace: 9888K(10176K)->9888K(10176K) NonClass: 8754K(8896K)->8754K(8896K) Class: 1134K(1280K)->1134K(1280K)
[24.172s][info ][gc             ] GC(1539) Pause Young (Allocation Failure) 140M->4M(495M) 0.171ms
[24.172s][info ][gc,cpu         ] GC(1539) User=0.00s Sys=0.00s Real=0.00s
[24.182s][info ][gc,start       ] GC(1540) Pause Young (Allocation Failure)
[24.182s][debug][gc,age         ] GC(1540) Desired survivor size 8945664 bytes, new threshold 15 (max threshold 15)
[24.182s][trace][gc,age         ] GC(1540) Age table with threshold 15 (max threshold 15)
[24.182s][trace][gc,age         ] GC(1540) - age   1:     400208 bytes,     400208 total
[24.182s][info ][gc,heap        ] GC(1540) DefNew: 140294K(157376K)->390K(157376K) Eden: 139904K(139904K)->0K(139904K) From: 390K(17472K)->390K(17472K)
[24.182s][info ][gc,heap        ] GC(1540) Tenured: 3959K(349568K)->3959K(349568K)
[24.182s][info ][gc,metaspace   ] GC(1540) Metaspace: 9888K(10176K)->9888K(10176K) NonClass: 8754K(8896K)->8754K(8896K) Class: 1134K(1280K)->1134K(1280K)
[24.182s][info ][gc             ] GC(1540) Pause Young (Allocation Failure) 140M->4M(495M) 0.165ms
[24.182s][info ][gc,cpu         ] GC(1540) User=0.00s Sys=0.00s Real=0.00s
[24.192s][info ][gc,start       ] GC(1541) Pause Young (Allocation Failure)
[24.192s][debug][gc,age         ] GC(1541) Desired survivor size 8945664 bytes, new threshold 15 (max threshold 15)
[24.192s][trace][gc,age         ] GC(1541) Age table with threshold 15 (max threshold 15)
[24.192s][trace][gc,age         ] GC(1541) - age   1:     400208 bytes,     400208 total
[24.192s][info ][gc,heap        ] GC(1541) DefNew: 140294K(157376K)->390K(157376K) Eden: 139904K(139904K)->0K(139904K) From: 390K(17472K)->390K(17472K)
[24.192s][info ][gc,heap        ] GC(1541) Tenured: 3959K(349568K)->3959K(349568K)
[24.192s][info ][gc,metaspace   ] GC(1541) Metaspace: 9888K(10176K)->9888K(10176K) NonClass: 8754K(8896K)->8754K(8896K) Class: 1134K(1280K)->1134K(1280K)
[24.192s][info ][gc             ] GC(1541) Pause Young (Allocation Failure) 140M->4M(495M) 0.165ms
[24.192s][info ][gc,cpu         ] GC(1541) User=0.00s Sys=0.00s Real=0.00s
[24.202s][info ][gc,start       ] GC(1542) Pause Young (Allocation Failure)
[24.202s][debug][gc,age         ] GC(1542) Desired survivor size 8945664 bytes, new threshold 15 (max threshold 15)
[24.202s][trace][gc,age         ] GC(1542) Age table with threshold 15 (max threshold 15)
[24.202s][trace][gc,age         ] GC(1542) - age   1:     400208 bytes,     400208 total
[24.202s][info ][gc,heap        ] GC(1542) DefNew: 140294K(157376K)->390K(157376K) Eden: 139904K(139904K)->0K(139904K) From: 390K(17472K)->390K(17472K)
[24.202s][info ][gc,heap        ] GC(1542) Tenured: 3959K(349568K)->3959K(349568K)
[24.202s][info ][gc,metaspace   ] GC(1542) Metaspace: 9888K(10176K)->9888K(10176K) NonClass: 8754K(8896K)->8754K(8896K) Class: 1134K(1280K)->1134K(1280K)
[24.202s][info ][gc             ] GC(1542) Pause Young (Allocation Failure) 140M->4M(495M) 0.170ms
[24.202s][info ][gc,cpu         ] GC(1542) User=0.00s Sys=0.00s Real=0.00s
[24.213s][info ][gc,start       ] GC(1543) Pause Young (Allocation Failure)
[24.213s][debug][gc,age         ] GC(1543) Desired survivor size 8945664 bytes, new threshold 15 (max threshold 15)
[24.213s][trace][gc,age         ] GC(1543) Age table with threshold 15 (max threshold 15)
[24.213s][trace][gc,age         ] GC(1543) - age   1:     400208 bytes,     400208 total
[24.213s][info ][gc,heap        ] GC(1543) DefNew: 140294K(157376K)->390K(157376K) Eden: 139904K(139904K)->0K(139904K) From: 390K(17472K)->390K(17472K)
[24.213s][info ][gc,heap        ] GC(1543) Tenured: 3959K(349568K)->3959K(349568K)
[24.213s][info ][gc,metaspace   ] GC(1543) Metaspace: 9888K(10176K)->9888K(10176K) NonClass: 8754K(8896K)->8754K(8896K) Class: 1134K(1280K)->1134K(1280K)
[24.213s][info ][gc             ] GC(1543) Pause Young (Allocation Failure) 140M->4M(495M) 0.175ms
[24.213s][info ][gc,cpu         ] GC(1543) User=0.00s Sys=0.00s Real=0.00s
[24.223s][info ][gc,start       ] GC(1544) Pause Young (Allocation Failure)
[24.223s][debug][gc,age         ] GC(1544) Desired survivor size 8945664 bytes, new threshold 15 (max threshold 15)
[24.223s][trace][gc,age         ] GC(1544) Age table with threshold 15 (max threshold 15)
[24.223s][trace][gc,age         ] GC(1544) - age   1:     400208 bytes,     400208 total
[24.223s][info ][gc,heap        ] GC(1544) DefNew: 140294K(157376K)->390K(157376K) Eden: 139904K(139904K)->0K(139904K) From: 390K(17472K)->390K(17472K)
[24.223s][info ][gc,heap        ] GC(1544) Tenured: 3959K(349568K)->3959K(349568K)
[24.223s][info ][gc,metaspace   ] GC(1544) Metaspace: 9888K(10176K)->9888K(10176K) NonClass: 8754K(8896K)->8754K(8896K) Class: 1134K(1280K)->1134K(1280K)
[24.223s][info ][gc             ] GC(1544) Pause Young (Allocation Failure) 140M->4M(495M) 0.165ms
[24.223s][info ][gc,cpu         ] GC(1544) User=0.00s Sys=0.00s Real=0.00s
[24.233s][info ][gc,start       ] GC(1545) Pause Young (Allocation Failure)
[24.233s][debug][gc,age         ] GC(1545) Desired survivor size 8945664 bytes, new threshold 15 (max threshold 15)
[24.233s][trace][gc,age         ] GC(1545) Age table with threshold 15 (max threshold 15)
[24.233s][trace][gc,age         ] GC(1545) - age   1:     400208 bytes,     400208 total
[24.233s][info ][gc,heap        ] GC(1545) DefNew: 140294K(157376K)->390K(157376K) Eden: 139904K(139904K)->0K(139904K) From: 390K(17472K)->390K(17472K)
[24.233s][info ][gc,heap        ] GC(1545) Tenured: 3959K(349568K)->3959K(349568K)
[24.233s][info ][gc,metaspace   ] GC(1545) Metaspace: 9888K(10176K)->9888K(10176K) NonClass: 8754K(8896K)->8754K(8896K) Class: 1134K(1280K)->1134K(1280K)
[24.233s][info ][gc             ] GC(1545) Pause Young (Allocation Failure) 140M->4M(495M) 0.168ms
[24.233s][info ][gc,cpu         ] GC(1545) User=0.00s Sys=0.00s Real=0.00s
[24.243s][info ][gc,start       ] GC(1546) Pause Young (Allocation Failure)
[24.243s][debug][gc,age         ] GC(1546) Desired survivor size 8945664 bytes, new threshold 15 (max threshold 15)
[24.243s][trace][gc,age         ] GC(1546) Age table with threshold 15 (max threshold 15)
[24.243s][trace][gc,age         ] GC(1546) - age   1:     400208 bytes,     400208 total
[24.243s][info ][gc,heap        ] GC(1546) DefNew: 140294K(157376K)->390K(157376K) Eden: 139904K(139904K)->0K(139904K) From: 390K(17472K)->390K(17472K)
[24.243s][info ][gc,heap        ] GC(1546) Tenured: 3959K(349568K)->3959K(349568K)
[24.243s][info ][gc,metaspace   ] GC(1546) Metaspace: 9888K(10176K)->9888K(10176K) NonClass: 8754K(8896K)->8754K(8896K) Class: 1134K(1280K)->1134K(1280K)
[24.243s][info ][gc             ] GC(1546) Pause Young (Allocation Failure) 140M->4M(495M) 0.165ms
[24.243s][info ][gc,cpu         ] GC(1546) User=0.00s Sys=0.00s Real=0.00s
[24.253s][info ][gc,start       ] GC(1547) Pause Young (Allocation Failure)
[24.254s][debug][gc,age         ] GC(1547) Desired survivor size 8945664 bytes, new threshold 15 (max threshold 15)
[24.254s][trace][gc,age         ] GC(1547) Age table with threshold 15 (max threshold 15)
[24.254s][trace][gc,age         ] GC(1547) - age   1:     400208 bytes,     400208 total
[24.254s][info ][gc,heap        ] GC(1547) DefNew: 140294K(157376K)->390K(157376K) Eden: 139904K(139904K)->0K(139904K) From: 390K(17472K)->390K(17472K)
[24.254s][info ][gc,heap        ] GC(1547) Tenured: 3959K(349568K)->3959K(349568K)
[24.254s][info ][gc,metaspace   ] GC(1547) Metaspace: 9888K(10176K)->9888K(10176K) NonClass: 8754K(8896K)->8754K(8896K) Class: 1134K(1280K)->1134K(1280K)
[24.254s][info ][gc             ] GC(1547) Pause Young (Allocation Failure) 140M->4M(495M) 0.171ms
[24.254s][info ][gc,cpu         ] GC(1547) User=0.00s Sys=0.00s Real=0.00s
[24.264s][info ][gc,start       ] GC(1548) Pause Young (Allocation Failure)
[24.264s][debug][gc,age         ] GC(1548) Desired survivor size 8945664 bytes, new threshold 15 (max threshold 15)
[24.264s][trace][gc,age         ] GC(1548) Age table with threshold 15 (max threshold 15)
[24.264s][trace][gc,age         ] GC(1548) - age   1:     400208 bytes,     400208 total
[24.264s][info ][gc,heap        ] GC(1548) DefNew: 140294K(157376K)->390K(157376K) Eden: 139904K(139904K)->0K(139904K) From: 390K(17472K)->390K(17472K)
[24.264s][info ][gc,heap        ] GC(1548) Tenured: 3959K(349568K)->3959K(349568K)
[24.264s][info ][gc,metaspace   ] GC(1548) Metaspace: 9888K(10176K)->9888K(10176K) NonClass: 8754K(8896K)->8754K(8896K) Class: 1134K(1280K)->1134K(1280K)
[24.264s][info ][gc             ] GC(1548) Pause Young (Allocation Failure) 140M->4M(495M) 0.164ms
[24.264s][info ][gc,cpu         ] GC(1548) User=0.00s Sys=0.00s Real=0.00s
[24.274s][info ][gc,start       ] GC(1549) Pause Young (Allocation Failure)
[24.274s][debug][gc,age         ] GC(1549) Desired survivor size 8945664 bytes, new threshold 15 (max threshold 15)
[24.274s][trace][gc,age         ] GC(1549) Age table with threshold 15 (max threshold 15)
[24.274s][trace][gc,age         ] GC(1549) - age   1:     400208 bytes,     400208 total
[24.274s][info ][gc,heap        ] GC(1549) DefNew: 140294K(157376K)->390K(157376K) Eden: 139904K(139904K)->0K(139904K) From: 390K(17472K)->390K(17472K)
[24.274s][info ][gc,heap        ] GC(1549) Tenured: 3959K(349568K)->3959K(349568K)
[24.274s][info ][gc,metaspace   ] GC(1549) Metaspace: 9888K(10176K)->9888K(10176K) NonClass: 8754K(8896K)->8754K(8896K) Class: 1134K(1280K)->1134K(1280K)
[24.274s][info ][gc             ] GC(1549) Pause Young (Allocation Failure) 140M->4M(495M) 0.169ms
[24.274s][info ][gc,cpu         ] GC(1549) User=0.00s Sys=0.00s Real=0.00s
[24.284s][info ][gc,start       ] GC(1550) Pause Young (Allocation Failure)
[24.284s][debug][gc,age         ] GC(1550) Desired survivor size 8945664 bytes, new threshold 15 (max threshold 15)
[24.284s][trace][gc,age         ] GC(1550) Age table with threshold 15 (max threshold 15)
[24.284s][trace][gc,age         ] GC(1550) - age   1:     400208 bytes,     400208 total
[24.284s][info ][gc,heap        ] GC(1550) DefNew: 140294K(157376K)->390K(157376K) Eden: 139904K(139904K)->0K(139904K) From: 390K(17472K)->390K(17472K)
[24.284s][info ][gc,heap        ] GC(1550) Tenured: 3959K(349568K)->3959K(349568K)
[24.284s][info ][gc,metaspace   ] GC(1550) Metaspace: 9888K(10176K)->9888K(10176K) NonClass: 8754K(8896K)->8754K(8896K) Class: 1134K(1280K)->1134K(1280K)
[24.284s][info ][gc             ] GC(1550) Pause Young (Allocation Failure) 140M->4M(495M) 0.165ms
[24.284s][info ][gc,cpu         ] GC(1550) User=0.00s Sys=0.00s Real=0.00s
[24.294s][info ][gc,start       ] GC(1551) Pause Young (Allocation Failure)
[24.294s][debug][gc,age         ] GC(1551) Desired survivor size 8945664 bytes, new threshold 15 (max threshold 15)
[24.294s][trace][gc,age         ] GC(1551) Age table with threshold 15 (max threshold 15)
[24.294s][trace][gc,age         ] GC(1551) - age   1:     400208 bytes,     400208 total
[24.294s][info ][gc,heap        ] GC(1551) DefNew: 140294K(157376K)->390K(157376K) Eden: 139904K(139904K)->0K(139904K) From: 390K(17472K)->390K(17472K)
[24.294s][info ][gc,heap        ] GC(1551) Tenured: 3959K(349568K)->3959K(349568K)
[24.294s][info ][gc,metaspace   ] GC(1551) Metaspace: 9888K(10176K)->9888K(10176K) NonClass: 8754K(8896K)->8754K(8896K) Class: 1134K(1280K)->1134K(1280K)
[24.294s][info ][gc             ] GC(1551) Pause Young (Allocation Failure) 140M->4M(495M) 0.168ms
[24.294s][info ][gc,cpu         ] GC(1551) User=0.00s Sys=0.00s Real=0.00s
[24.304s][info ][gc,start       ] GC(1552) Pause Young (Allocation Failure)
[24.305s][debug][gc,age         ] GC(1552) Desired survivor size 8945664 bytes, new threshold 15 (max threshold 15)
[24.305s][trace][gc,age         ] GC(1552) Age table with threshold 15 (max threshold 15)
[24.305s][trace][gc,age         ] GC(1552) - age   1:     400208 bytes,     400208 total
[24.305s][info ][gc,heap        ] GC(1552) DefNew: 140294K(157376K)->390K(157376K) Eden: 139904K(139904K)->0K(139904K) From: 390K(17472K)->390K(17472K)
[24.305s][info ][gc,heap        ] GC(1552) Tenured: 3959K(349568K)->3959K(349568K)
[24.305s][info ][gc,metaspace   ] GC(1552) Metaspace: 9888K(10176K)->9888K(10176K) NonClass: 8754K(8896K)->8754K(8896K) Class: 1134K(1280K)->1134K(1280K)
[24.305s][info ][gc             ] GC(1552) Pause Young (Allocation Failure) 140M->4M(495M) 0.170ms
[24.305s][info ][gc,cpu         ] GC(1552) User=0.00s Sys=0.00s Real=0.00s
[24.315s][info ][gc,start       ] GC(1553) Pause Young (Allocation Failure)
[24.315s][debug][gc,age         ] GC(1553) Desired survivor size 8945664 bytes, new threshold 15 (max threshold 15)
[24.315s][trace][gc,age         ] GC(1553) Age table with threshold 15 (max threshold 15)
[24.315s][trace][gc,age         ] GC(1553) - age   1:     400208 bytes,     400208 total
[24.315s][info ][gc,heap        ] GC(1553) DefNew: 140294K(157376K)->390K(157376K) Eden: 139904K(139904K)->0K(139904K) From: 390K(17472K)->390K(17472K)
[24.315s][info ][gc,heap        ] GC(1553) Tenured: 3959K(349568K)->3959K(349568K)
[24.315s][info ][gc,metaspace   ] GC(1553) Metaspace: 9888K(10176K)->9888K(10176K) NonClass: 8754K(8896K)->8754K(8896K) Class: 1134K(1280K)->1134K(1280K)
[24.315s][info ][gc             ] GC(1553) Pause Young (Allocation Failure) 140M->4M(495M) 0.172ms
[24.315s][info ][gc,cpu         ] GC(1553) User=0.00s Sys=0.00s Real=0.00s
[24.325s][info ][gc,start       ] GC(1554) Pause Young (Allocation Failure)
[24.325s][debug][gc,age         ] GC(1554) Desired survivor size 8945664 bytes, new threshold 15 (max threshold 15)
[24.325s][trace][gc,age         ] GC(1554) Age table with threshold 15 (max threshold 15)
[24.325s][trace][gc,age         ] GC(1554) - age   1:     400208 bytes,     400208 total
[24.325s][info ][gc,heap        ] GC(1554) DefNew: 140294K(157376K)->390K(157376K) Eden: 139904K(139904K)->0K(139904K) From: 390K(17472K)->390K(17472K)
[24.325s][info ][gc,heap        ] GC(1554) Tenured: 3959K(349568K)->3959K(349568K)
[24.325s][info ][gc,metaspace   ] GC(1554) Metaspace: 9888K(10176K)->9888K(10176K) NonClass: 8754K(8896K)->8754K(8896K) Class: 1134K(1280K)->1134K(1280K)
[24.325s][info ][gc             ] GC(1554) Pause Young (Allocation Failure) 140M->4M(495M) 0.174ms
[24.325s][info ][gc,cpu         ] GC(1554) User=0.00s Sys=0.00s Real=0.00s
[24.335s][info ][gc,start       ] GC(1555) Pause Young (Allocation Failure)
[24.335s][debug][gc,age         ] GC(1555) Desired survivor size 8945664 bytes, new threshold 15 (max threshold 15)
[24.335s][trace][gc,age         ] GC(1555) Age table with threshold 15 (max threshold 15)
[24.335s][trace][gc,age         ] GC(1555) - age   1:     400208 bytes,     400208 total
[24.335s][info ][gc,heap        ] GC(1555) DefNew: 140294K(157376K)->390K(157376K) Eden: 139904K(139904K)->0K(139904K) From: 390K(17472K)->390K(17472K)
[24.335s][info ][gc,heap        ] GC(1555) Tenured: 3959K(349568K)->3959K(349568K)
[24.335s][info ][gc,metaspace   ] GC(1555) Metaspace: 9888K(10176K)->9888K(10176K) NonClass: 8754K(8896K)->8754K(8896K) Class: 1134K(1280K)->1134K(1280K)
[24.335s][info ][gc             ] GC(1555) Pause Young (Allocation Failure) 140M->4M(495M) 0.169ms
[24.335s][info ][gc,cpu         ] GC(1555) User=0.00s Sys=0.00s Real=0.00s
[24.345s][info ][gc,start       ] GC(1556) Pause Young (Allocation Failure)
[24.345s][debug][gc,age         ] GC(1556) Desired survivor size 8945664 bytes, new threshold 15 (max threshold 15)
[24.345s][trace][gc,age         ] GC(1556) Age table with threshold 15 (max threshold 15)
[24.345s][trace][gc,age         ] GC(1556) - age   1:     400208 bytes,     400208 total
[24.345s][info ][gc,heap        ] GC(1556) DefNew: 140294K(157376K)->390K(157376K) Eden: 139904K(139904K)->0K(139904K) From: 390K(17472K)->390K(17472K)
[24.345s][info ][gc,heap        ] GC(1556) Tenured: 3959K(349568K)->3959K(349568K)
[24.345s][info ][gc,metaspace   ] GC(1556) Metaspace: 9888K(10176K)->9888K(10176K) NonClass: 8754K(8896K)->8754K(8896K) Class: 1134K(1280K)->1134K(1280K)
[24.346s][info ][gc             ] GC(1556) Pause Young (Allocation Failure) 140M->4M(495M) 0.167ms
[24.346s][info ][gc,cpu         ] GC(1556) User=0.00s Sys=0.00s Real=0.00s
[24.356s][info ][gc,start       ] GC(1557) Pause Young (Allocation Failure)
[24.356s][debug][gc,age         ] GC(1557) Desired survivor size 8945664 bytes, new threshold 15 (max threshold 15)
[24.356s][trace][gc,age         ] GC(1557) Age table with threshold 15 (max threshold 15)
[24.356s][trace][gc,age         ] GC(1557) - age   1:     400208 bytes,     400208 total
[24.356s][info ][gc,heap        ] GC(1557) DefNew: 140294K(157376K)->390K(157376K) Eden: 139904K(139904K)->0K(139904K) From: 390K(17472K)->390K(17472K)
[24.356s][info ][gc,heap        ] GC(1557) Tenured: 3959K(349568K)->3959K(349568K)
[24.356s][info ][gc,metaspace   ] GC(1557) Metaspace: 9888K(10176K)->9888K(10176K) NonClass: 8754K(8896K)->8754K(8896K) Class: 1134K(1280K)->1134K(1280K)
[24.356s][info ][gc             ] GC(1557) Pause Young (Allocation Failure) 140M->4M(495M) 0.163ms
[24.356s][info ][gc,cpu         ] GC(1557) User=0.00s Sys=0.00s Real=0.00s
[24.366s][info ][gc,start       ] GC(1558) Pause Young (Allocation Failure)
[24.366s][debug][gc,age         ] GC(1558) Desired survivor size 8945664 bytes, new threshold 15 (max threshold 15)
[24.366s][trace][gc,age         ] GC(1558) Age table with threshold 15 (max threshold 15)
[24.366s][trace][gc,age         ] GC(1558) - age   1:     400208 bytes,     400208 total
[24.366s][info ][gc,heap        ] GC(1558) DefNew: 140294K(157376K)->390K(157376K) Eden: 139904K(139904K)->0K(139904K) From: 390K(17472K)->390K(17472K)
[24.366s][info ][gc,heap        ] GC(1558) Tenured: 3959K(349568K)->3959K(349568K)
[24.366s][info ][gc,metaspace   ] GC(1558) Metaspace: 9888K(10176K)->9888K(10176K) NonClass: 8754K(8896K)->8754K(8896K) Class: 1134K(1280K)->1134K(1280K)
[24.366s][info ][gc             ] GC(1558) Pause Young (Allocation Failure) 140M->4M(495M) 0.161ms
[24.366s][info ][gc,cpu         ] GC(1558) User=0.00s Sys=0.00s Real=0.00s
[24.376s][info ][gc,start       ] GC(1559) Pause Young (Allocation Failure)
[24.376s][debug][gc,age         ] GC(1559) Desired survivor size 8945664 bytes, new threshold 15 (max threshold 15)
[24.376s][trace][gc,age         ] GC(1559) Age table with threshold 15 (max threshold 15)
[24.376s][trace][gc,age         ] GC(1559) - age   1:     400208 bytes,     400208 total
[24.376s][info ][gc,heap        ] GC(1559) DefNew: 140294K(157376K)->390K(157376K) Eden: 139904K(139904K)->0K(139904K) From: 390K(17472K)->390K(17472K)
[24.376s][info ][gc,heap        ] GC(1559) Tenured: 3959K(349568K)->3959K(349568K)
[24.376s][info ][gc,metaspace   ] GC(1559) Metaspace: 9888K(10176K)->9888K(10176K) NonClass: 8754K(8896K)->8754K(8896K) Class: 1134K(1280K)->1134K(1280K)
[24.376s][info ][gc             ] GC(1559) Pause Young (Allocation Failure) 140M->4M(495M) 0.165ms
[24.376s][info ][gc,cpu         ] GC(1559) User=0.00s Sys=0.00s Real=0.00s
[24.386s][info ][gc,start       ] GC(1560) Pause Young (Allocation Failure)
[24.386s][debug][gc,age         ] GC(1560) Desired survivor size 8945664 bytes, new threshold 15 (max threshold 15)
[24.386s][trace][gc,age         ] GC(1560) Age table with threshold 15 (max threshold 15)
[24.386s][trace][gc,age         ] GC(1560) - age   1:     400208 bytes,     400208 total
[24.386s][info ][gc,heap        ] GC(1560) DefNew: 140294K(157376K)->390K(157376K) Eden: 139904K(139904K)->0K(139904K) From: 390K(17472K)->390K(17472K)
[24.386s][info ][gc,heap        ] GC(1560) Tenured: 3959K(349568K)->3959K(349568K)
[24.386s][info ][gc,metaspace   ] GC(1560) Metaspace: 9888K(10176K)->9888K(10176K) NonClass: 8754K(8896K)->8754K(8896K) Class: 1134K(1280K)->1134K(1280K)
[24.386s][info ][gc             ] GC(1560) Pause Young (Allocation Failure) 140M->4M(495M) 0.170ms
[24.386s][info ][gc,cpu         ] GC(1560) User=0.00s Sys=0.00s Real=0.00s
[24.396s][info ][gc,start       ] GC(1561) Pause Young (Allocation Failure)
[24.397s][debug][gc,age         ] GC(1561) Desired survivor size 8945664 bytes, new threshold 15 (max threshold 15)
[24.397s][trace][gc,age         ] GC(1561) Age table with threshold 15 (max threshold 15)
[24.397s][trace][gc,age         ] GC(1561) - age   1:     400208 bytes,     400208 total
[24.397s][info ][gc,heap        ] GC(1561) DefNew: 140294K(157376K)->390K(157376K) Eden: 139904K(139904K)->0K(139904K) From: 390K(17472K)->390K(17472K)
[24.397s][info ][gc,heap        ] GC(1561) Tenured: 3959K(349568K)->3959K(349568K)
[24.397s][info ][gc,metaspace   ] GC(1561) Metaspace: 9888K(10176K)->9888K(10176K) NonClass: 8754K(8896K)->8754K(8896K) Class: 1134K(1280K)->1134K(1280K)
[24.397s][info ][gc             ] GC(1561) Pause Young (Allocation Failure) 140M->4M(495M) 0.168ms
[24.397s][info ][gc,cpu         ] GC(1561) User=0.00s Sys=0.00s Real=0.00s
[24.407s][info ][gc,start       ] GC(1562) Pause Young (Allocation Failure)
[24.407s][debug][gc,age         ] GC(1562) Desired survivor size 8945664 bytes, new threshold 15 (max threshold 15)
[24.407s][trace][gc,age         ] GC(1562) Age table with threshold 15 (max threshold 15)
[24.407s][trace][gc,age         ] GC(1562) - age   1:     400208 bytes,     400208 total
[24.407s][info ][gc,heap        ] GC(1562) DefNew: 140294K(157376K)->390K(157376K) Eden: 139904K(139904K)->0K(139904K) From: 390K(17472K)->390K(17472K)
[24.407s][info ][gc,heap        ] GC(1562) Tenured: 3959K(349568K)->3959K(349568K)
[24.407s][info ][gc,metaspace   ] GC(1562) Metaspace: 9888K(10176K)->9888K(10176K) NonClass: 8754K(8896K)->8754K(8896K) Class: 1134K(1280K)->1134K(1280K)
[24.407s][info ][gc             ] GC(1562) Pause Young (Allocation Failure) 140M->4M(495M) 0.168ms
[24.407s][info ][gc,cpu         ] GC(1562) User=0.00s Sys=0.00s Real=0.00s
[24.417s][info ][gc,start       ] GC(1563) Pause Young (Allocation Failure)
[24.417s][debug][gc,age         ] GC(1563) Desired survivor size 8945664 bytes, new threshold 15 (max threshold 15)
[24.417s][trace][gc,age         ] GC(1563) Age table with threshold 15 (max threshold 15)
[24.417s][trace][gc,age         ] GC(1563) - age   1:     400208 bytes,     400208 total
[24.417s][info ][gc,heap        ] GC(1563) DefNew: 140294K(157376K)->390K(157376K) Eden: 139904K(139904K)->0K(139904K) From: 390K(17472K)->390K(17472K)
[24.417s][info ][gc,heap        ] GC(1563) Tenured: 3959K(349568K)->3959K(349568K)
[24.417s][info ][gc,metaspace   ] GC(1563) Metaspace: 9888K(10176K)->9888K(10176K) NonClass: 8754K(8896K)->8754K(8896K) Class: 1134K(1280K)->1134K(1280K)
[24.417s][info ][gc             ] GC(1563) Pause Young (Allocation Failure) 140M->4M(495M) 0.164ms
[24.417s][info ][gc,cpu         ] GC(1563) User=0.00s Sys=0.00s Real=0.00s
[24.427s][info ][gc,start       ] GC(1564) Pause Young (Allocation Failure)
[24.427s][debug][gc,age         ] GC(1564) Desired survivor size 8945664 bytes, new threshold 15 (max threshold 15)
[24.427s][trace][gc,age         ] GC(1564) Age table with threshold 15 (max threshold 15)
[24.427s][trace][gc,age         ] GC(1564) - age   1:     400208 bytes,     400208 total
[24.427s][info ][gc,heap        ] GC(1564) DefNew: 140294K(157376K)->390K(157376K) Eden: 139904K(139904K)->0K(139904K) From: 390K(17472K)->390K(17472K)
[24.427s][info ][gc,heap        ] GC(1564) Tenured: 3959K(349568K)->3959K(349568K)
[24.427s][info ][gc,metaspace   ] GC(1564) Metaspace: 9888K(10176K)->9888K(10176K) NonClass: 8754K(8896K)->8754K(8896K) Class: 1134K(1280K)->1134K(1280K)
[24.427s][info ][gc             ] GC(1564) Pause Young (Allocation Failure) 140M->4M(495M) 0.169ms
[24.427s][info ][gc,cpu         ] GC(1564) User=0.00s Sys=0.00s Real=0.00s
[24.437s][info ][gc,start       ] GC(1565) Pause Young (Allocation Failure)
[24.437s][debug][gc,age         ] GC(1565) Desired survivor size 8945664 bytes, new threshold 15 (max threshold 15)
[24.437s][trace][gc,age         ] GC(1565) Age table with threshold 15 (max threshold 15)
[24.437s][trace][gc,age         ] GC(1565) - age   1:     400208 bytes,     400208 total
[24.437s][info ][gc,heap        ] GC(1565) DefNew: 140294K(157376K)->390K(157376K) Eden: 139904K(139904K)->0K(139904K) From: 390K(17472K)->390K(17472K)
[24.437s][info ][gc,heap        ] GC(1565) Tenured: 3959K(349568K)->3959K(349568K)
[24.437s][info ][gc,metaspace   ] GC(1565) Metaspace: 9888K(10176K)->9888K(10176K) NonClass: 8754K(8896K)->8754K(8896K) Class: 1134K(1280K)->1134K(1280K)
[24.437s][info ][gc             ] GC(1565) Pause Young (Allocation Failure) 140M->4M(495M) 0.174ms
[24.437s][info ][gc,cpu         ] GC(1565) User=0.00s Sys=0.00s Real=0.00s
[24.447s][info ][gc,start       ] GC(1566) Pause Young (Allocation Failure)
[24.448s][debug][gc,age         ] GC(1566) Desired survivor size 8945664 bytes, new threshold 15 (max threshold 15)
[24.448s][trace][gc,age         ] GC(1566) Age table with threshold 15 (max threshold 15)
[24.448s][trace][gc,age         ] GC(1566) - age   1:     400208 bytes,     400208 total
[24.448s][info ][gc,heap        ] GC(1566) DefNew: 140294K(157376K)->390K(157376K) Eden: 139904K(139904K)->0K(139904K) From: 390K(17472K)->390K(17472K)
[24.448s][info ][gc,heap        ] GC(1566) Tenured: 3959K(349568K)->3959K(349568K)
[24.448s][info ][gc,metaspace   ] GC(1566) Metaspace: 9888K(10176K)->9888K(10176K) NonClass: 8754K(8896K)->8754K(8896K) Class: 1134K(1280K)->1134K(1280K)
[24.448s][info ][gc             ] GC(1566) Pause Young (Allocation Failure) 140M->4M(495M) 0.163ms
[24.448s][info ][gc,cpu         ] GC(1566) User=0.00s Sys=0.00s Real=0.00s
[24.458s][info ][gc,start       ] GC(1567) Pause Young (Allocation Failure)
[24.458s][debug][gc,age         ] GC(1567) Desired survivor size 8945664 bytes, new threshold 15 (max threshold 15)
[24.458s][trace][gc,age         ] GC(1567) Age table with threshold 15 (max threshold 15)
[24.458s][trace][gc,age         ] GC(1567) - age   1:     400208 bytes,     400208 total
[24.458s][info ][gc,heap        ] GC(1567) DefNew: 140294K(157376K)->390K(157376K) Eden: 139904K(139904K)->0K(139904K) From: 390K(17472K)->390K(17472K)
[24.458s][info ][gc,heap        ] GC(1567) Tenured: 3959K(349568K)->3959K(349568K)
[24.458s][info ][gc,metaspace   ] GC(1567) Metaspace: 9888K(10176K)->9888K(10176K) NonClass: 8754K(8896K)->8754K(8896K) Class: 1134K(1280K)->1134K(1280K)
[24.458s][info ][gc             ] GC(1567) Pause Young (Allocation Failure) 140M->4M(495M) 0.165ms
[24.458s][info ][gc,cpu         ] GC(1567) User=0.00s Sys=0.00s Real=0.00s
[24.468s][info ][gc,start       ] GC(1568) Pause Young (Allocation Failure)
[24.468s][debug][gc,age         ] GC(1568) Desired survivor size 8945664 bytes, new threshold 15 (max threshold 15)
[24.468s][trace][gc,age         ] GC(1568) Age table with threshold 15 (max threshold 15)
[24.468s][trace][gc,age         ] GC(1568) - age   1:     400208 bytes,     400208 total
[24.468s][info ][gc,heap        ] GC(1568) DefNew: 140294K(157376K)->390K(157376K) Eden: 139904K(139904K)->0K(139904K) From: 390K(17472K)->390K(17472K)
[24.468s][info ][gc,heap        ] GC(1568) Tenured: 3959K(349568K)->3959K(349568K)
[24.468s][info ][gc,metaspace   ] GC(1568) Metaspace: 9888K(10176K)->9888K(10176K) NonClass: 8754K(8896K)->8754K(8896K) Class: 1134K(1280K)->1134K(1280K)
[24.468s][info ][gc             ] GC(1568) Pause Young (Allocation Failure) 140M->4M(495M) 0.167ms
[24.468s][info ][gc,cpu         ] GC(1568) User=0.00s Sys=0.00s Real=0.00s
[24.478s][info ][gc,start       ] GC(1569) Pause Young (Allocation Failure)
[24.478s][debug][gc,age         ] GC(1569) Desired survivor size 8945664 bytes, new threshold 15 (max threshold 15)
[24.478s][trace][gc,age         ] GC(1569) Age table with threshold 15 (max threshold 15)
[24.478s][trace][gc,age         ] GC(1569) - age   1:     400208 bytes,     400208 total
[24.478s][info ][gc,heap        ] GC(1569) DefNew: 140294K(157376K)->390K(157376K) Eden: 139904K(139904K)->0K(139904K) From: 390K(17472K)->390K(17472K)
[24.478s][info ][gc,heap        ] GC(1569) Tenured: 3959K(349568K)->3959K(349568K)
[24.478s][info ][gc,metaspace   ] GC(1569) Metaspace: 9888K(10176K)->9888K(10176K) NonClass: 8754K(8896K)->8754K(8896K) Class: 1134K(1280K)->1134K(1280K)
[24.478s][info ][gc             ] GC(1569) Pause Young (Allocation Failure) 140M->4M(495M) 0.165ms
[24.478s][info ][gc,cpu         ] GC(1569) User=0.00s Sys=0.00s Real=0.00s
[24.488s][info ][gc,start       ] GC(1570) Pause Young (Allocation Failure)
[24.488s][debug][gc,age         ] GC(1570) Desired survivor size 8945664 bytes, new threshold 15 (max threshold 15)
[24.488s][trace][gc,age         ] GC(1570) Age table with threshold 15 (max threshold 15)
[24.488s][trace][gc,age         ] GC(1570) - age   1:     400208 bytes,     400208 total
[24.488s][info ][gc,heap        ] GC(1570) DefNew: 140294K(157376K)->390K(157376K) Eden: 139904K(139904K)->0K(139904K) From: 390K(17472K)->390K(17472K)
[24.488s][info ][gc,heap        ] GC(1570) Tenured: 3959K(349568K)->3959K(349568K)
[24.488s][info ][gc,metaspace   ] GC(1570) Metaspace: 9888K(10176K)->9888K(10176K) NonClass: 8754K(8896K)->8754K(8896K) Class: 1134K(1280K)->1134K(1280K)
[24.489s][info ][gc             ] GC(1570) Pause Young (Allocation Failure) 140M->4M(495M) 0.163ms
[24.489s][info ][gc,cpu         ] GC(1570) User=0.00s Sys=0.00s Real=0.00s
[24.499s][info ][gc,start       ] GC(1571) Pause Young (Allocation Failure)
[24.499s][debug][gc,age         ] GC(1571) Desired survivor size 8945664 bytes, new threshold 15 (max threshold 15)
[24.499s][trace][gc,age         ] GC(1571) Age table with threshold 15 (max threshold 15)
[24.499s][trace][gc,age         ] GC(1571) - age   1:     400208 bytes,     400208 total
[24.499s][info ][gc,heap        ] GC(1571) DefNew: 140294K(157376K)->390K(157376K) Eden: 139904K(139904K)->0K(139904K) From: 390K(17472K)->390K(17472K)
[24.499s][info ][gc,heap        ] GC(1571) Tenured: 3959K(349568K)->3959K(349568K)
[24.499s][info ][gc,metaspace   ] GC(1571) Metaspace: 9888K(10176K)->9888K(10176K) NonClass: 8754K(8896K)->8754K(8896K) Class: 1134K(1280K)->1134K(1280K)
[24.499s][info ][gc             ] GC(1571) Pause Young (Allocation Failure) 140M->4M(495M) 0.163ms
[24.499s][info ][gc,cpu         ] GC(1571) User=0.00s Sys=0.00s Real=0.00s
[24.509s][info ][gc,start       ] GC(1572) Pause Young (Allocation Failure)
[24.509s][debug][gc,age         ] GC(1572) Desired survivor size 8945664 bytes, new threshold 15 (max threshold 15)
[24.509s][trace][gc,age         ] GC(1572) Age table with threshold 15 (max threshold 15)
[24.509s][trace][gc,age         ] GC(1572) - age   1:     400208 bytes,     400208 total
[24.509s][info ][gc,heap        ] GC(1572) DefNew: 140294K(157376K)->390K(157376K) Eden: 139904K(139904K)->0K(139904K) From: 390K(17472K)->390K(17472K)
[24.509s][info ][gc,heap        ] GC(1572) Tenured: 3959K(349568K)->3959K(349568K)
[24.509s][info ][gc,metaspace   ] GC(1572) Metaspace: 9888K(10176K)->9888K(10176K) NonClass: 8754K(8896K)->8754K(8896K) Class: 1134K(1280K)->1134K(1280K)
[24.509s][info ][gc             ] GC(1572) Pause Young (Allocation Failure) 140M->4M(495M) 0.170ms
[24.509s][info ][gc,cpu         ] GC(1572) User=0.00s Sys=0.00s Real=0.00s
[24.519s][info ][gc,start       ] GC(1573) Pause Young (Allocation Failure)
[24.519s][debug][gc,age         ] GC(1573) Desired survivor size 8945664 bytes, new threshold 15 (max threshold 15)
[24.519s][trace][gc,age         ] GC(1573) Age table with threshold 15 (max threshold 15)
[24.519s][trace][gc,age         ] GC(1573) - age   1:     400208 bytes,     400208 total
[24.519s][info ][gc,heap        ] GC(1573) DefNew: 140294K(157376K)->390K(157376K) Eden: 139904K(139904K)->0K(139904K) From: 390K(17472K)->390K(17472K)
[24.519s][info ][gc,heap        ] GC(1573) Tenured: 3959K(349568K)->3959K(349568K)
[24.519s][info ][gc,metaspace   ] GC(1573) Metaspace: 9888K(10176K)->9888K(10176K) NonClass: 8754K(8896K)->8754K(8896K) Class: 1134K(1280K)->1134K(1280K)
[24.519s][info ][gc             ] GC(1573) Pause Young (Allocation Failure) 140M->4M(495M) 0.165ms
[24.519s][info ][gc,cpu         ] GC(1573) User=0.00s Sys=0.00s Real=0.00s
[24.529s][info ][gc,start       ] GC(1574) Pause Young (Allocation Failure)
[24.529s][debug][gc,age         ] GC(1574) Desired survivor size 8945664 bytes, new threshold 15 (max threshold 15)
[24.529s][trace][gc,age         ] GC(1574) Age table with threshold 15 (max threshold 15)
[24.529s][trace][gc,age         ] GC(1574) - age   1:     400208 bytes,     400208 total
[24.529s][info ][gc,heap        ] GC(1574) DefNew: 140294K(157376K)->390K(157376K) Eden: 139904K(139904K)->0K(139904K) From: 390K(17472K)->390K(17472K)
[24.529s][info ][gc,heap        ] GC(1574) Tenured: 3959K(349568K)->3959K(349568K)
[24.529s][info ][gc,metaspace   ] GC(1574) Metaspace: 9888K(10176K)->9888K(10176K) NonClass: 8754K(8896K)->8754K(8896K) Class: 1134K(1280K)->1134K(1280K)
[24.529s][info ][gc             ] GC(1574) Pause Young (Allocation Failure) 140M->4M(495M) 0.165ms
[24.529s][info ][gc,cpu         ] GC(1574) User=0.00s Sys=0.00s Real=0.00s
[24.539s][info ][gc,start       ] GC(1575) Pause Young (Allocation Failure)
[24.540s][debug][gc,age         ] GC(1575) Desired survivor size 8945664 bytes, new threshold 15 (max threshold 15)
[24.540s][trace][gc,age         ] GC(1575) Age table with threshold 15 (max threshold 15)
[24.540s][trace][gc,age         ] GC(1575) - age   1:     400208 bytes,     400208 total
[24.540s][info ][gc,heap        ] GC(1575) DefNew: 140294K(157376K)->390K(157376K) Eden: 139904K(139904K)->0K(139904K) From: 390K(17472K)->390K(17472K)
[24.540s][info ][gc,heap        ] GC(1575) Tenured: 3959K(349568K)->3959K(349568K)
[24.540s][info ][gc,metaspace   ] GC(1575) Metaspace: 9888K(10176K)->9888K(10176K) NonClass: 8754K(8896K)->8754K(8896K) Class: 1134K(1280K)->1134K(1280K)
[24.540s][info ][gc             ] GC(1575) Pause Young (Allocation Failure) 140M->4M(495M) 0.167ms
[24.540s][info ][gc,cpu         ] GC(1575) User=0.00s Sys=0.00s Real=0.00s
[24.550s][info ][gc,start       ] GC(1576) Pause Young (Allocation Failure)
[24.550s][debug][gc,age         ] GC(1576) Desired survivor size 8945664 bytes, new threshold 15 (max threshold 15)
[24.550s][trace][gc,age         ] GC(1576) Age table with threshold 15 (max threshold 15)
[24.550s][trace][gc,age         ] GC(1576) - age   1:     400208 bytes,     400208 total
[24.550s][info ][gc,heap        ] GC(1576) DefNew: 140294K(157376K)->390K(157376K) Eden: 139904K(139904K)->0K(139904K) From: 390K(17472K)->390K(17472K)
[24.550s][info ][gc,heap        ] GC(1576) Tenured: 3959K(349568K)->3959K(349568K)
[24.550s][info ][gc,metaspace   ] GC(1576) Metaspace: 9888K(10176K)->9888K(10176K) NonClass: 8754K(8896K)->8754K(8896K) Class: 1134K(1280K)->1134K(1280K)
[24.550s][info ][gc             ] GC(1576) Pause Young (Allocation Failure) 140M->4M(495M) 0.161ms
[24.550s][info ][gc,cpu         ] GC(1576) User=0.00s Sys=0.00s Real=0.00s
[24.560s][info ][gc,start       ] GC(1577) Pause Young (Allocation Failure)
[24.560s][debug][gc,age         ] GC(1577) Desired survivor size 8945664 bytes, new threshold 15 (max threshold 15)
[24.560s][trace][gc,age         ] GC(1577) Age table with threshold 15 (max threshold 15)
[24.560s][trace][gc,age         ] GC(1577) - age   1:     400208 bytes,     400208 total
[24.560s][info ][gc,heap        ] GC(1577) DefNew: 140294K(157376K)->390K(157376K) Eden: 139904K(139904K)->0K(139904K) From: 390K(17472K)->390K(17472K)
[24.560s][info ][gc,heap        ] GC(1577) Tenured: 3959K(349568K)->3959K(349568K)
[24.560s][info ][gc,metaspace   ] GC(1577) Metaspace: 9888K(10176K)->9888K(10176K) NonClass: 8754K(8896K)->8754K(8896K) Class: 1134K(1280K)->1134K(1280K)
[24.560s][info ][gc             ] GC(1577) Pause Young (Allocation Failure) 140M->4M(495M) 0.164ms
[24.560s][info ][gc,cpu         ] GC(1577) User=0.00s Sys=0.00s Real=0.01s
[24.570s][info ][gc,start       ] GC(1578) Pause Young (Allocation Failure)
[24.570s][debug][gc,age         ] GC(1578) Desired survivor size 8945664 bytes, new threshold 15 (max threshold 15)
[24.570s][trace][gc,age         ] GC(1578) Age table with threshold 15 (max threshold 15)
[24.570s][trace][gc,age         ] GC(1578) - age   1:     400208 bytes,     400208 total
[24.570s][info ][gc,heap        ] GC(1578) DefNew: 140294K(157376K)->390K(157376K) Eden: 139904K(139904K)->0K(139904K) From: 390K(17472K)->390K(17472K)
[24.570s][info ][gc,heap        ] GC(1578) Tenured: 3959K(349568K)->3959K(349568K)
[24.570s][info ][gc,metaspace   ] GC(1578) Metaspace: 9888K(10176K)->9888K(10176K) NonClass: 8754K(8896K)->8754K(8896K) Class: 1134K(1280K)->1134K(1280K)
[24.570s][info ][gc             ] GC(1578) Pause Young (Allocation Failure) 140M->4M(495M) 0.168ms
[24.570s][info ][gc,cpu         ] GC(1578) User=0.00s Sys=0.00s Real=0.00s
[24.580s][info ][gc,start       ] GC(1579) Pause Young (Allocation Failure)
[24.581s][debug][gc,age         ] GC(1579) Desired survivor size 8945664 bytes, new threshold 15 (max threshold 15)
[24.581s][trace][gc,age         ] GC(1579) Age table with threshold 15 (max threshold 15)
[24.581s][trace][gc,age         ] GC(1579) - age   1:     400208 bytes,     400208 total
[24.581s][info ][gc,heap        ] GC(1579) DefNew: 140294K(157376K)->390K(157376K) Eden: 139904K(139904K)->0K(139904K) From: 390K(17472K)->390K(17472K)
[24.581s][info ][gc,heap        ] GC(1579) Tenured: 3959K(349568K)->3959K(349568K)
[24.581s][info ][gc,metaspace   ] GC(1579) Metaspace: 9888K(10176K)->9888K(10176K) NonClass: 8754K(8896K)->8754K(8896K) Class: 1134K(1280K)->1134K(1280K)
[24.581s][info ][gc             ] GC(1579) Pause Young (Allocation Failure) 140M->4M(495M) 0.166ms
[24.581s][info ][gc,cpu         ] GC(1579) User=0.00s Sys=0.00s Real=0.00s
[24.591s][info ][gc,start       ] GC(1580) Pause Young (Allocation Failure)
[24.591s][debug][gc,age         ] GC(1580) Desired survivor size 8945664 bytes, new threshold 15 (max threshold 15)
[24.591s][trace][gc,age         ] GC(1580) Age table with threshold 15 (max threshold 15)
[24.591s][trace][gc,age         ] GC(1580) - age   1:     400208 bytes,     400208 total
[24.591s][info ][gc,heap        ] GC(1580) DefNew: 140294K(157376K)->390K(157376K) Eden: 139904K(139904K)->0K(139904K) From: 390K(17472K)->390K(17472K)
[24.591s][info ][gc,heap        ] GC(1580) Tenured: 3959K(349568K)->3959K(349568K)
[24.591s][info ][gc,metaspace   ] GC(1580) Metaspace: 9888K(10176K)->9888K(10176K) NonClass: 8754K(8896K)->8754K(8896K) Class: 1134K(1280K)->1134K(1280K)
[24.591s][info ][gc             ] GC(1580) Pause Young (Allocation Failure) 140M->4M(495M) 0.167ms
[24.591s][info ][gc,cpu         ] GC(1580) User=0.00s Sys=0.00s Real=0.00s
[24.601s][info ][gc,start       ] GC(1581) Pause Young (Allocation Failure)
[24.601s][debug][gc,age         ] GC(1581) Desired survivor size 8945664 bytes, new threshold 15 (max threshold 15)
[24.601s][trace][gc,age         ] GC(1581) Age table with threshold 15 (max threshold 15)
[24.601s][trace][gc,age         ] GC(1581) - age   1:     400208 bytes,     400208 total
[24.601s][info ][gc,heap        ] GC(1581) DefNew: 140294K(157376K)->390K(157376K) Eden: 139904K(139904K)->0K(139904K) From: 390K(17472K)->390K(17472K)
[24.601s][info ][gc,heap        ] GC(1581) Tenured: 3959K(349568K)->3959K(349568K)
[24.601s][info ][gc,metaspace   ] GC(1581) Metaspace: 9888K(10176K)->9888K(10176K) NonClass: 8754K(8896K)->8754K(8896K) Class: 1134K(1280K)->1134K(1280K)
[24.601s][info ][gc             ] GC(1581) Pause Young (Allocation Failure) 140M->4M(495M) 0.171ms
[24.601s][info ][gc,cpu         ] GC(1581) User=0.00s Sys=0.00s Real=0.00s
[24.611s][info ][gc,start       ] GC(1582) Pause Young (Allocation Failure)
[24.611s][debug][gc,age         ] GC(1582) Desired survivor size 8945664 bytes, new threshold 15 (max threshold 15)
[24.611s][trace][gc,age         ] GC(1582) Age table with threshold 15 (max threshold 15)
[24.611s][trace][gc,age         ] GC(1582) - age   1:     400208 bytes,     400208 total
[24.611s][info ][gc,heap        ] GC(1582) DefNew: 140294K(157376K)->390K(157376K) Eden: 139904K(139904K)->0K(139904K) From: 390K(17472K)->390K(17472K)
[24.611s][info ][gc,heap        ] GC(1582) Tenured: 3959K(349568K)->3959K(349568K)
[24.611s][info ][gc,metaspace   ] GC(1582) Metaspace: 9888K(10176K)->9888K(10176K) NonClass: 8754K(8896K)->8754K(8896K) Class: 1134K(1280K)->1134K(1280K)
[24.611s][info ][gc             ] GC(1582) Pause Young (Allocation Failure) 140M->4M(495M) 0.166ms
[24.611s][info ][gc,cpu         ] GC(1582) User=0.00s Sys=0.00s Real=0.00s
[24.621s][info ][gc,start       ] GC(1583) Pause Young (Allocation Failure)
[24.622s][debug][gc,age         ] GC(1583) Desired survivor size 8945664 bytes, new threshold 15 (max threshold 15)
[24.622s][trace][gc,age         ] GC(1583) Age table with threshold 15 (max threshold 15)
[24.622s][trace][gc,age         ] GC(1583) - age   1:     400208 bytes,     400208 total
[24.622s][info ][gc,heap        ] GC(1583) DefNew: 140294K(157376K)->390K(157376K) Eden: 139904K(139904K)->0K(139904K) From: 390K(17472K)->390K(17472K)
[24.622s][info ][gc,heap        ] GC(1583) Tenured: 3959K(349568K)->3959K(349568K)
[24.622s][info ][gc,metaspace   ] GC(1583) Metaspace: 9888K(10176K)->9888K(10176K) NonClass: 8754K(8896K)->8754K(8896K) Class: 1134K(1280K)->1134K(1280K)
[24.622s][info ][gc             ] GC(1583) Pause Young (Allocation Failure) 140M->4M(495M) 0.162ms
[24.622s][info ][gc,cpu         ] GC(1583) User=0.00s Sys=0.00s Real=0.00s
[24.632s][info ][gc,start       ] GC(1584) Pause Young (Allocation Failure)
[24.632s][debug][gc,age         ] GC(1584) Desired survivor size 8945664 bytes, new threshold 15 (max threshold 15)
[24.632s][trace][gc,age         ] GC(1584) Age table with threshold 15 (max threshold 15)
[24.632s][trace][gc,age         ] GC(1584) - age   1:     400208 bytes,     400208 total
[24.632s][info ][gc,heap        ] GC(1584) DefNew: 140294K(157376K)->390K(157376K) Eden: 139904K(139904K)->0K(139904K) From: 390K(17472K)->390K(17472K)
[24.632s][info ][gc,heap        ] GC(1584) Tenured: 3959K(349568K)->3959K(349568K)
[24.632s][info ][gc,metaspace   ] GC(1584) Metaspace: 9888K(10176K)->9888K(10176K) NonClass: 8754K(8896K)->8754K(8896K) Class: 1134K(1280K)->1134K(1280K)
[24.632s][info ][gc             ] GC(1584) Pause Young (Allocation Failure) 140M->4M(495M) 0.166ms
[24.632s][info ][gc,cpu         ] GC(1584) User=0.00s Sys=0.00s Real=0.00s
[24.642s][info ][gc,start       ] GC(1585) Pause Young (Allocation Failure)
[24.642s][debug][gc,age         ] GC(1585) Desired survivor size 8945664 bytes, new threshold 15 (max threshold 15)
[24.642s][trace][gc,age         ] GC(1585) Age table with threshold 15 (max threshold 15)
[24.642s][trace][gc,age         ] GC(1585) - age   1:     400208 bytes,     400208 total
[24.642s][info ][gc,heap        ] GC(1585) DefNew: 140294K(157376K)->390K(157376K) Eden: 139904K(139904K)->0K(139904K) From: 390K(17472K)->390K(17472K)
[24.642s][info ][gc,heap        ] GC(1585) Tenured: 3959K(349568K)->3959K(349568K)
[24.642s][info ][gc,metaspace   ] GC(1585) Metaspace: 9888K(10176K)->9888K(10176K) NonClass: 8754K(8896K)->8754K(8896K) Class: 1134K(1280K)->1134K(1280K)
[24.642s][info ][gc             ] GC(1585) Pause Young (Allocation Failure) 140M->4M(495M) 0.163ms
[24.642s][info ][gc,cpu         ] GC(1585) User=0.00s Sys=0.00s Real=0.00s
[24.652s][info ][gc,start       ] GC(1586) Pause Young (Allocation Failure)
[24.652s][debug][gc,age         ] GC(1586) Desired survivor size 8945664 bytes, new threshold 15 (max threshold 15)
[24.652s][trace][gc,age         ] GC(1586) Age table with threshold 15 (max threshold 15)
[24.652s][trace][gc,age         ] GC(1586) - age   1:     400208 bytes,     400208 total
[24.652s][info ][gc,heap        ] GC(1586) DefNew: 140294K(157376K)->390K(157376K) Eden: 139904K(139904K)->0K(139904K) From: 390K(17472K)->390K(17472K)
[24.652s][info ][gc,heap        ] GC(1586) Tenured: 3959K(349568K)->3959K(349568K)
[24.652s][info ][gc,metaspace   ] GC(1586) Metaspace: 9888K(10176K)->9888K(10176K) NonClass: 8754K(8896K)->8754K(8896K) Class: 1134K(1280K)->1134K(1280K)
[24.652s][info ][gc             ] GC(1586) Pause Young (Allocation Failure) 140M->4M(495M) 0.162ms
[24.652s][info ][gc,cpu         ] GC(1586) User=0.00s Sys=0.00s Real=0.00s
[24.662s][info ][gc,start       ] GC(1587) Pause Young (Allocation Failure)
[24.662s][debug][gc,age         ] GC(1587) Desired survivor size 8945664 bytes, new threshold 15 (max threshold 15)
[24.662s][trace][gc,age         ] GC(1587) Age table with threshold 15 (max threshold 15)
[24.662s][trace][gc,age         ] GC(1587) - age   1:     400208 bytes,     400208 total
[24.662s][info ][gc,heap        ] GC(1587) DefNew: 140294K(157376K)->390K(157376K) Eden: 139904K(139904K)->0K(139904K) From: 390K(17472K)->390K(17472K)
[24.662s][info ][gc,heap        ] GC(1587) Tenured: 3959K(349568K)->3959K(349568K)
[24.662s][info ][gc,metaspace   ] GC(1587) Metaspace: 9888K(10176K)->9888K(10176K) NonClass: 8754K(8896K)->8754K(8896K) Class: 1134K(1280K)->1134K(1280K)
[24.662s][info ][gc             ] GC(1587) Pause Young (Allocation Failure) 140M->4M(495M) 0.162ms
[24.662s][info ][gc,cpu         ] GC(1587) User=0.00s Sys=0.00s Real=0.00s
[24.672s][info ][gc,start       ] GC(1588) Pause Young (Allocation Failure)
[24.673s][debug][gc,age         ] GC(1588) Desired survivor size 8945664 bytes, new threshold 15 (max threshold 15)
[24.673s][trace][gc,age         ] GC(1588) Age table with threshold 15 (max threshold 15)
[24.673s][trace][gc,age         ] GC(1588) - age   1:     400208 bytes,     400208 total
[24.673s][info ][gc,heap        ] GC(1588) DefNew: 140294K(157376K)->390K(157376K) Eden: 139904K(139904K)->0K(139904K) From: 390K(17472K)->390K(17472K)
[24.673s][info ][gc,heap        ] GC(1588) Tenured: 3959K(349568K)->3959K(349568K)
[24.673s][info ][gc,metaspace   ] GC(1588) Metaspace: 9888K(10176K)->9888K(10176K) NonClass: 8754K(8896K)->8754K(8896K) Class: 1134K(1280K)->1134K(1280K)
[24.673s][info ][gc             ] GC(1588) Pause Young (Allocation Failure) 140M->4M(495M) 0.164ms
[24.673s][info ][gc,cpu         ] GC(1588) User=0.01s Sys=0.00s Real=0.00s
[24.683s][info ][gc,start       ] GC(1589) Pause Young (Allocation Failure)
[24.683s][debug][gc,age         ] GC(1589) Desired survivor size 8945664 bytes, new threshold 15 (max threshold 15)
[24.683s][trace][gc,age         ] GC(1589) Age table with threshold 15 (max threshold 15)
[24.683s][trace][gc,age         ] GC(1589) - age   1:     400208 bytes,     400208 total
[24.683s][info ][gc,heap        ] GC(1589) DefNew: 140294K(157376K)->390K(157376K) Eden: 139904K(139904K)->0K(139904K) From: 390K(17472K)->390K(17472K)
[24.683s][info ][gc,heap        ] GC(1589) Tenured: 3959K(349568K)->3959K(349568K)
[24.683s][info ][gc,metaspace   ] GC(1589) Metaspace: 9888K(10176K)->9888K(10176K) NonClass: 8754K(8896K)->8754K(8896K) Class: 1134K(1280K)->1134K(1280K)
[24.683s][info ][gc             ] GC(1589) Pause Young (Allocation Failure) 140M->4M(495M) 0.168ms
[24.683s][info ][gc,cpu         ] GC(1589) User=0.00s Sys=0.00s Real=0.00s
[24.693s][info ][gc,start       ] GC(1590) Pause Young (Allocation Failure)
[24.693s][debug][gc,age         ] GC(1590) Desired survivor size 8945664 bytes, new threshold 15 (max threshold 15)
[24.693s][trace][gc,age         ] GC(1590) Age table with threshold 15 (max threshold 15)
[24.693s][trace][gc,age         ] GC(1590) - age   1:     400208 bytes,     400208 total
[24.693s][info ][gc,heap        ] GC(1590) DefNew: 140294K(157376K)->390K(157376K) Eden: 139904K(139904K)->0K(139904K) From: 390K(17472K)->390K(17472K)
[24.693s][info ][gc,heap        ] GC(1590) Tenured: 3959K(349568K)->3959K(349568K)
[24.693s][info ][gc,metaspace   ] GC(1590) Metaspace: 9888K(10176K)->9888K(10176K) NonClass: 8754K(8896K)->8754K(8896K) Class: 1134K(1280K)->1134K(1280K)
[24.693s][info ][gc             ] GC(1590) Pause Young (Allocation Failure) 140M->4M(495M) 0.163ms
[24.693s][info ][gc,cpu         ] GC(1590) User=0.00s Sys=0.00s Real=0.00s
[24.703s][info ][gc,start       ] GC(1591) Pause Young (Allocation Failure)
[24.703s][debug][gc,age         ] GC(1591) Desired survivor size 8945664 bytes, new threshold 15 (max threshold 15)
[24.703s][trace][gc,age         ] GC(1591) Age table with threshold 15 (max threshold 15)
[24.703s][trace][gc,age         ] GC(1591) - age   1:     400208 bytes,     400208 total
[24.703s][info ][gc,heap        ] GC(1591) DefNew: 140294K(157376K)->390K(157376K) Eden: 139904K(139904K)->0K(139904K) From: 390K(17472K)->390K(17472K)
[24.703s][info ][gc,heap        ] GC(1591) Tenured: 3959K(349568K)->3959K(349568K)
[24.703s][info ][gc,metaspace   ] GC(1591) Metaspace: 9888K(10176K)->9888K(10176K) NonClass: 8754K(8896K)->8754K(8896K) Class: 1134K(1280K)->1134K(1280K)
[24.703s][info ][gc             ] GC(1591) Pause Young (Allocation Failure) 140M->4M(495M) 0.164ms
[24.703s][info ][gc,cpu         ] GC(1591) User=0.00s Sys=0.00s Real=0.00s
[24.713s][info ][gc,start       ] GC(1592) Pause Young (Allocation Failure)
[24.713s][debug][gc,age         ] GC(1592) Desired survivor size 8945664 bytes, new threshold 15 (max threshold 15)
[24.713s][trace][gc,age         ] GC(1592) Age table with threshold 15 (max threshold 15)
[24.713s][trace][gc,age         ] GC(1592) - age   1:     400208 bytes,     400208 total
[24.713s][info ][gc,heap        ] GC(1592) DefNew: 140294K(157376K)->390K(157376K) Eden: 139904K(139904K)->0K(139904K) From: 390K(17472K)->390K(17472K)
[24.714s][info ][gc,heap        ] GC(1592) Tenured: 3959K(349568K)->3959K(349568K)
[24.714s][info ][gc,metaspace   ] GC(1592) Metaspace: 9888K(10176K)->9888K(10176K) NonClass: 8754K(8896K)->8754K(8896K) Class: 1134K(1280K)->1134K(1280K)
[24.714s][info ][gc             ] GC(1592) Pause Young (Allocation Failure) 140M->4M(495M) 0.164ms
[24.714s][info ][gc,cpu         ] GC(1592) User=0.00s Sys=0.00s Real=0.00s
[24.724s][info ][gc,start       ] GC(1593) Pause Young (Allocation Failure)
[24.724s][debug][gc,age         ] GC(1593) Desired survivor size 8945664 bytes, new threshold 15 (max threshold 15)
[24.724s][trace][gc,age         ] GC(1593) Age table with threshold 15 (max threshold 15)
[24.724s][trace][gc,age         ] GC(1593) - age   1:     400208 bytes,     400208 total
[24.724s][info ][gc,heap        ] GC(1593) DefNew: 140294K(157376K)->390K(157376K) Eden: 139904K(139904K)->0K(139904K) From: 390K(17472K)->390K(17472K)
[24.724s][info ][gc,heap        ] GC(1593) Tenured: 3959K(349568K)->3959K(349568K)
[24.724s][info ][gc,metaspace   ] GC(1593) Metaspace: 9888K(10176K)->9888K(10176K) NonClass: 8754K(8896K)->8754K(8896K) Class: 1134K(1280K)->1134K(1280K)
[24.724s][info ][gc             ] GC(1593) Pause Young (Allocation Failure) 140M->4M(495M) 0.167ms
[24.724s][info ][gc,cpu         ] GC(1593) User=0.00s Sys=0.00s Real=0.00s
[24.734s][info ][gc,start       ] GC(1594) Pause Young (Allocation Failure)
[24.734s][debug][gc,age         ] GC(1594) Desired survivor size 8945664 bytes, new threshold 15 (max threshold 15)
[24.734s][trace][gc,age         ] GC(1594) Age table with threshold 15 (max threshold 15)
[24.734s][trace][gc,age         ] GC(1594) - age   1:     400208 bytes,     400208 total
[24.734s][info ][gc,heap        ] GC(1594) DefNew: 140294K(157376K)->390K(157376K) Eden: 139904K(139904K)->0K(139904K) From: 390K(17472K)->390K(17472K)
[24.734s][info ][gc,heap        ] GC(1594) Tenured: 3959K(349568K)->3959K(349568K)
[24.734s][info ][gc,metaspace   ] GC(1594) Metaspace: 9888K(10176K)->9888K(10176K) NonClass: 8754K(8896K)->8754K(8896K) Class: 1134K(1280K)->1134K(1280K)
[24.734s][info ][gc             ] GC(1594) Pause Young (Allocation Failure) 140M->4M(495M) 0.171ms
[24.734s][info ][gc,cpu         ] GC(1594) User=0.00s Sys=0.00s Real=0.00s
[24.744s][info ][gc,start       ] GC(1595) Pause Young (Allocation Failure)
[24.744s][debug][gc,age         ] GC(1595) Desired survivor size 8945664 bytes, new threshold 15 (max threshold 15)
[24.744s][trace][gc,age         ] GC(1595) Age table with threshold 15 (max threshold 15)
[24.744s][trace][gc,age         ] GC(1595) - age   1:     400208 bytes,     400208 total
[24.744s][info ][gc,heap        ] GC(1595) DefNew: 140294K(157376K)->390K(157376K) Eden: 139904K(139904K)->0K(139904K) From: 390K(17472K)->390K(17472K)
[24.744s][info ][gc,heap        ] GC(1595) Tenured: 3959K(349568K)->3959K(349568K)
[24.744s][info ][gc,metaspace   ] GC(1595) Metaspace: 9888K(10176K)->9888K(10176K) NonClass: 8754K(8896K)->8754K(8896K) Class: 1134K(1280K)->1134K(1280K)
[24.744s][info ][gc             ] GC(1595) Pause Young (Allocation Failure) 140M->4M(495M) 0.169ms
[24.744s][info ][gc,cpu         ] GC(1595) User=0.00s Sys=0.00s Real=0.00s
[24.754s][info ][gc,start       ] GC(1596) Pause Young (Allocation Failure)
[24.754s][debug][gc,age         ] GC(1596) Desired survivor size 8945664 bytes, new threshold 15 (max threshold 15)
[24.754s][trace][gc,age         ] GC(1596) Age table with threshold 15 (max threshold 15)
[24.754s][trace][gc,age         ] GC(1596) - age   1:     400208 bytes,     400208 total
[24.754s][info ][gc,heap        ] GC(1596) DefNew: 140294K(157376K)->390K(157376K) Eden: 139904K(139904K)->0K(139904K) From: 390K(17472K)->390K(17472K)
[24.754s][info ][gc,heap        ] GC(1596) Tenured: 3959K(349568K)->3959K(349568K)
[24.754s][info ][gc,metaspace   ] GC(1596) Metaspace: 9888K(10176K)->9888K(10176K) NonClass: 8754K(8896K)->8754K(8896K) Class: 1134K(1280K)->1134K(1280K)
[24.754s][info ][gc             ] GC(1596) Pause Young (Allocation Failure) 140M->4M(495M) 0.169ms
[24.754s][info ][gc,cpu         ] GC(1596) User=0.00s Sys=0.00s Real=0.00s
[24.764s][info ][gc,start       ] GC(1597) Pause Young (Allocation Failure)
[24.765s][debug][gc,age         ] GC(1597) Desired survivor size 8945664 bytes, new threshold 15 (max threshold 15)
[24.765s][trace][gc,age         ] GC(1597) Age table with threshold 15 (max threshold 15)
[24.765s][trace][gc,age         ] GC(1597) - age   1:     400208 bytes,     400208 total
[24.765s][info ][gc,heap        ] GC(1597) DefNew: 140294K(157376K)->390K(157376K) Eden: 139904K(139904K)->0K(139904K) From: 390K(17472K)->390K(17472K)
[24.765s][info ][gc,heap        ] GC(1597) Tenured: 3959K(349568K)->3959K(349568K)
[24.765s][info ][gc,metaspace   ] GC(1597) Metaspace: 9888K(10176K)->9888K(10176K) NonClass: 8754K(8896K)->8754K(8896K) Class: 1134K(1280K)->1134K(1280K)
[24.765s][info ][gc             ] GC(1597) Pause Young (Allocation Failure) 140M->4M(495M) 0.165ms
[24.765s][info ][gc,cpu         ] GC(1597) User=0.00s Sys=0.00s Real=0.00s
[24.775s][info ][gc,start       ] GC(1598) Pause Young (Allocation Failure)
[24.775s][debug][gc,age         ] GC(1598) Desired survivor size 8945664 bytes, new threshold 15 (max threshold 15)
[24.775s][trace][gc,age         ] GC(1598) Age table with threshold 15 (max threshold 15)
[24.775s][trace][gc,age         ] GC(1598) - age   1:     400208 bytes,     400208 total
[24.775s][info ][gc,heap        ] GC(1598) DefNew: 140294K(157376K)->390K(157376K) Eden: 139904K(139904K)->0K(139904K) From: 390K(17472K)->390K(17472K)
[24.775s][info ][gc,heap        ] GC(1598) Tenured: 3959K(349568K)->3959K(349568K)
[24.775s][info ][gc,metaspace   ] GC(1598) Metaspace: 9888K(10176K)->9888K(10176K) NonClass: 8754K(8896K)->8754K(8896K) Class: 1134K(1280K)->1134K(1280K)
[24.775s][info ][gc             ] GC(1598) Pause Young (Allocation Failure) 140M->4M(495M) 0.161ms
[24.775s][info ][gc,cpu         ] GC(1598) User=0.00s Sys=0.00s Real=0.00s
[24.785s][info ][gc,start       ] GC(1599) Pause Young (Allocation Failure)
[24.785s][debug][gc,age         ] GC(1599) Desired survivor size 8945664 bytes, new threshold 15 (max threshold 15)
[24.785s][trace][gc,age         ] GC(1599) Age table with threshold 15 (max threshold 15)
[24.785s][trace][gc,age         ] GC(1599) - age   1:     400208 bytes,     400208 total
[24.785s][info ][gc,heap        ] GC(1599) DefNew: 140294K(157376K)->390K(157376K) Eden: 139904K(139904K)->0K(139904K) From: 390K(17472K)->390K(17472K)
[24.785s][info ][gc,heap        ] GC(1599) Tenured: 3959K(349568K)->3959K(349568K)
[24.785s][info ][gc,metaspace   ] GC(1599) Metaspace: 9888K(10176K)->9888K(10176K) NonClass: 8754K(8896K)->8754K(8896K) Class: 1134K(1280K)->1134K(1280K)
[24.785s][info ][gc             ] GC(1599) Pause Young (Allocation Failure) 140M->4M(495M) 0.163ms
[24.785s][info ][gc,cpu         ] GC(1599) User=0.00s Sys=0.00s Real=0.00s
[24.795s][info ][gc,start       ] GC(1600) Pause Young (Allocation Failure)
[24.795s][debug][gc,age         ] GC(1600) Desired survivor size 8945664 bytes, new threshold 15 (max threshold 15)
[24.795s][trace][gc,age         ] GC(1600) Age table with threshold 15 (max threshold 15)
[24.795s][trace][gc,age         ] GC(1600) - age   1:     400208 bytes,     400208 total
[24.795s][info ][gc,heap        ] GC(1600) DefNew: 140294K(157376K)->390K(157376K) Eden: 139904K(139904K)->0K(139904K) From: 390K(17472K)->390K(17472K)
[24.795s][info ][gc,heap        ] GC(1600) Tenured: 3959K(349568K)->3959K(349568K)
[24.795s][info ][gc,metaspace   ] GC(1600) Metaspace: 9888K(10176K)->9888K(10176K) NonClass: 8754K(8896K)->8754K(8896K) Class: 1134K(1280K)->1134K(1280K)
[24.795s][info ][gc             ] GC(1600) Pause Young (Allocation Failure) 140M->4M(495M) 0.165ms
[24.795s][info ][gc,cpu         ] GC(1600) User=0.00s Sys=0.00s Real=0.00s
[24.805s][info ][gc,start       ] GC(1601) Pause Young (Allocation Failure)
[24.805s][debug][gc,age         ] GC(1601) Desired survivor size 8945664 bytes, new threshold 15 (max threshold 15)
[24.805s][trace][gc,age         ] GC(1601) Age table with threshold 15 (max threshold 15)
[24.805s][trace][gc,age         ] GC(1601) - age   1:     400208 bytes,     400208 total
[24.805s][info ][gc,heap        ] GC(1601) DefNew: 140294K(157376K)->390K(157376K) Eden: 139904K(139904K)->0K(139904K) From: 390K(17472K)->390K(17472K)
[24.805s][info ][gc,heap        ] GC(1601) Tenured: 3959K(349568K)->3959K(349568K)
[24.805s][info ][gc,metaspace   ] GC(1601) Metaspace: 9888K(10176K)->9888K(10176K) NonClass: 8754K(8896K)->8754K(8896K) Class: 1134K(1280K)->1134K(1280K)
[24.805s][info ][gc             ] GC(1601) Pause Young (Allocation Failure) 140M->4M(495M) 0.165ms
[24.805s][info ][gc,cpu         ] GC(1601) User=0.00s Sys=0.00s Real=0.00s
[24.815s][info ][gc,start       ] GC(1602) Pause Young (Allocation Failure)
[24.816s][debug][gc,age         ] GC(1602) Desired survivor size 8945664 bytes, new threshold 15 (max threshold 15)
[24.816s][trace][gc,age         ] GC(1602) Age table with threshold 15 (max threshold 15)
[24.816s][trace][gc,age         ] GC(1602) - age   1:     400208 bytes,     400208 total
[24.816s][info ][gc,heap        ] GC(1602) DefNew: 140294K(157376K)->390K(157376K) Eden: 139904K(139904K)->0K(139904K) From: 390K(17472K)->390K(17472K)
[24.816s][info ][gc,heap        ] GC(1602) Tenured: 3959K(349568K)->3959K(349568K)
[24.816s][info ][gc,metaspace   ] GC(1602) Metaspace: 9888K(10176K)->9888K(10176K) NonClass: 8754K(8896K)->8754K(8896K) Class: 1134K(1280K)->1134K(1280K)
[24.816s][info ][gc             ] GC(1602) Pause Young (Allocation Failure) 140M->4M(495M) 0.164ms
[24.816s][info ][gc,cpu         ] GC(1602) User=0.00s Sys=0.00s Real=0.00s
[24.826s][info ][gc,start       ] GC(1603) Pause Young (Allocation Failure)
[24.826s][debug][gc,age         ] GC(1603) Desired survivor size 8945664 bytes, new threshold 15 (max threshold 15)
[24.826s][trace][gc,age         ] GC(1603) Age table with threshold 15 (max threshold 15)
[24.826s][trace][gc,age         ] GC(1603) - age   1:     400208 bytes,     400208 total
[24.826s][info ][gc,heap        ] GC(1603) DefNew: 140294K(157376K)->390K(157376K) Eden: 139904K(139904K)->0K(139904K) From: 390K(17472K)->390K(17472K)
[24.826s][info ][gc,heap        ] GC(1603) Tenured: 3959K(349568K)->3959K(349568K)
[24.826s][info ][gc,metaspace   ] GC(1603) Metaspace: 9888K(10176K)->9888K(10176K) NonClass: 8754K(8896K)->8754K(8896K) Class: 1134K(1280K)->1134K(1280K)
[24.826s][info ][gc             ] GC(1603) Pause Young (Allocation Failure) 140M->4M(495M) 0.163ms
[24.826s][info ][gc,cpu         ] GC(1603) User=0.00s Sys=0.00s Real=0.00s
[24.836s][info ][gc,start       ] GC(1604) Pause Young (Allocation Failure)
[24.836s][debug][gc,age         ] GC(1604) Desired survivor size 8945664 bytes, new threshold 15 (max threshold 15)
[24.836s][trace][gc,age         ] GC(1604) Age table with threshold 15 (max threshold 15)
[24.836s][trace][gc,age         ] GC(1604) - age   1:     400208 bytes,     400208 total
[24.836s][info ][gc,heap        ] GC(1604) DefNew: 140294K(157376K)->390K(157376K) Eden: 139904K(139904K)->0K(139904K) From: 390K(17472K)->390K(17472K)
[24.836s][info ][gc,heap        ] GC(1604) Tenured: 3959K(349568K)->3959K(349568K)
[24.836s][info ][gc,metaspace   ] GC(1604) Metaspace: 9888K(10176K)->9888K(10176K) NonClass: 8754K(8896K)->8754K(8896K) Class: 1134K(1280K)->1134K(1280K)
[24.836s][info ][gc             ] GC(1604) Pause Young (Allocation Failure) 140M->4M(495M) 0.173ms
[24.836s][info ][gc,cpu         ] GC(1604) User=0.00s Sys=0.00s Real=0.00s
[24.846s][info ][gc,start       ] GC(1605) Pause Young (Allocation Failure)
[24.846s][debug][gc,age         ] GC(1605) Desired survivor size 8945664 bytes, new threshold 15 (max threshold 15)
[24.846s][trace][gc,age         ] GC(1605) Age table with threshold 15 (max threshold 15)
[24.846s][trace][gc,age         ] GC(1605) - age   1:     400208 bytes,     400208 total
[24.846s][info ][gc,heap        ] GC(1605) DefNew: 140294K(157376K)->390K(157376K) Eden: 139904K(139904K)->0K(139904K) From: 390K(17472K)->390K(17472K)
[24.846s][info ][gc,heap        ] GC(1605) Tenured: 3959K(349568K)->3959K(349568K)
[24.846s][info ][gc,metaspace   ] GC(1605) Metaspace: 9888K(10176K)->9888K(10176K) NonClass: 8754K(8896K)->8754K(8896K) Class: 1134K(1280K)->1134K(1280K)
[24.846s][info ][gc             ] GC(1605) Pause Young (Allocation Failure) 140M->4M(495M) 0.178ms
[24.846s][info ][gc,cpu         ] GC(1605) User=0.00s Sys=0.00s Real=0.00s
[24.856s][info ][gc,start       ] GC(1606) Pause Young (Allocation Failure)
[24.857s][debug][gc,age         ] GC(1606) Desired survivor size 8945664 bytes, new threshold 15 (max threshold 15)
[24.857s][trace][gc,age         ] GC(1606) Age table with threshold 15 (max threshold 15)
[24.857s][trace][gc,age         ] GC(1606) - age   1:     400208 bytes,     400208 total
[24.857s][info ][gc,heap        ] GC(1606) DefNew: 140294K(157376K)->390K(157376K) Eden: 139904K(139904K)->0K(139904K) From: 390K(17472K)->390K(17472K)
[24.857s][info ][gc,heap        ] GC(1606) Tenured: 3959K(349568K)->3959K(349568K)
[24.857s][info ][gc,metaspace   ] GC(1606) Metaspace: 9888K(10176K)->9888K(10176K) NonClass: 8754K(8896K)->8754K(8896K) Class: 1134K(1280K)->1134K(1280K)
[24.857s][info ][gc             ] GC(1606) Pause Young (Allocation Failure) 140M->4M(495M) 0.170ms
[24.857s][info ][gc,cpu         ] GC(1606) User=0.00s Sys=0.00s Real=0.00s
[24.867s][info ][gc,start       ] GC(1607) Pause Young (Allocation Failure)
[24.867s][debug][gc,age         ] GC(1607) Desired survivor size 8945664 bytes, new threshold 15 (max threshold 15)
[24.867s][trace][gc,age         ] GC(1607) Age table with threshold 15 (max threshold 15)
[24.867s][trace][gc,age         ] GC(1607) - age   1:     400208 bytes,     400208 total
[24.867s][info ][gc,heap        ] GC(1607) DefNew: 140294K(157376K)->390K(157376K) Eden: 139904K(139904K)->0K(139904K) From: 390K(17472K)->390K(17472K)
[24.867s][info ][gc,heap        ] GC(1607) Tenured: 3959K(349568K)->3959K(349568K)
[24.867s][info ][gc,metaspace   ] GC(1607) Metaspace: 9888K(10176K)->9888K(10176K) NonClass: 8754K(8896K)->8754K(8896K) Class: 1134K(1280K)->1134K(1280K)
[24.867s][info ][gc             ] GC(1607) Pause Young (Allocation Failure) 140M->4M(495M) 0.168ms
[24.867s][info ][gc,cpu         ] GC(1607) User=0.00s Sys=0.00s Real=0.00s
[24.877s][info ][gc,start       ] GC(1608) Pause Young (Allocation Failure)
[24.877s][debug][gc,age         ] GC(1608) Desired survivor size 8945664 bytes, new threshold 15 (max threshold 15)
[24.877s][trace][gc,age         ] GC(1608) Age table with threshold 15 (max threshold 15)
[24.877s][trace][gc,age         ] GC(1608) - age   1:     400208 bytes,     400208 total
[24.877s][info ][gc,heap        ] GC(1608) DefNew: 140294K(157376K)->390K(157376K) Eden: 139904K(139904K)->0K(139904K) From: 390K(17472K)->390K(17472K)
[24.877s][info ][gc,heap        ] GC(1608) Tenured: 3959K(349568K)->3959K(349568K)
[24.877s][info ][gc,metaspace   ] GC(1608) Metaspace: 9888K(10176K)->9888K(10176K) NonClass: 8754K(8896K)->8754K(8896K) Class: 1134K(1280K)->1134K(1280K)
[24.877s][info ][gc             ] GC(1608) Pause Young (Allocation Failure) 140M->4M(495M) 0.162ms
[24.877s][info ][gc,cpu         ] GC(1608) User=0.00s Sys=0.00s Real=0.00s
[24.887s][info ][gc,start       ] GC(1609) Pause Young (Allocation Failure)
[24.887s][debug][gc,age         ] GC(1609) Desired survivor size 8945664 bytes, new threshold 15 (max threshold 15)
[24.887s][trace][gc,age         ] GC(1609) Age table with threshold 15 (max threshold 15)
[24.887s][trace][gc,age         ] GC(1609) - age   1:     400208 bytes,     400208 total
[24.887s][info ][gc,heap        ] GC(1609) DefNew: 140294K(157376K)->390K(157376K) Eden: 139904K(139904K)->0K(139904K) From: 390K(17472K)->390K(17472K)
[24.887s][info ][gc,heap        ] GC(1609) Tenured: 3959K(349568K)->3959K(349568K)
[24.887s][info ][gc,metaspace   ] GC(1609) Metaspace: 9888K(10176K)->9888K(10176K) NonClass: 8754K(8896K)->8754K(8896K) Class: 1134K(1280K)->1134K(1280K)
[24.887s][info ][gc             ] GC(1609) Pause Young (Allocation Failure) 140M->4M(495M) 0.168ms
[24.887s][info ][gc,cpu         ] GC(1609) User=0.00s Sys=0.00s Real=0.00s
[24.897s][info ][gc,start       ] GC(1610) Pause Young (Allocation Failure)
[24.897s][debug][gc,age         ] GC(1610) Desired survivor size 8945664 bytes, new threshold 15 (max threshold 15)
[24.897s][trace][gc,age         ] GC(1610) Age table with threshold 15 (max threshold 15)
[24.897s][trace][gc,age         ] GC(1610) - age   1:     400208 bytes,     400208 total
[24.897s][info ][gc,heap        ] GC(1610) DefNew: 140294K(157376K)->390K(157376K) Eden: 139904K(139904K)->0K(139904K) From: 390K(17472K)->390K(17472K)
[24.897s][info ][gc,heap        ] GC(1610) Tenured: 3959K(349568K)->3959K(349568K)
[24.897s][info ][gc,metaspace   ] GC(1610) Metaspace: 9888K(10176K)->9888K(10176K) NonClass: 8754K(8896K)->8754K(8896K) Class: 1134K(1280K)->1134K(1280K)
[24.897s][info ][gc             ] GC(1610) Pause Young (Allocation Failure) 140M->4M(495M) 0.161ms
[24.897s][info ][gc,cpu         ] GC(1610) User=0.00s Sys=0.00s Real=0.00s
[24.907s][info ][gc,start       ] GC(1611) Pause Young (Allocation Failure)
[24.908s][debug][gc,age         ] GC(1611) Desired survivor size 8945664 bytes, new threshold 15 (max threshold 15)
[24.908s][trace][gc,age         ] GC(1611) Age table with threshold 15 (max threshold 15)
[24.908s][trace][gc,age         ] GC(1611) - age   1:     400208 bytes,     400208 total
[24.908s][info ][gc,heap        ] GC(1611) DefNew: 140294K(157376K)->390K(157376K) Eden: 139904K(139904K)->0K(139904K) From: 390K(17472K)->390K(17472K)
[24.908s][info ][gc,heap        ] GC(1611) Tenured: 3959K(349568K)->3959K(349568K)
[24.908s][info ][gc,metaspace   ] GC(1611) Metaspace: 9888K(10176K)->9888K(10176K) NonClass: 8754K(8896K)->8754K(8896K) Class: 1134K(1280K)->1134K(1280K)
[24.908s][info ][gc             ] GC(1611) Pause Young (Allocation Failure) 140M->4M(495M) 0.169ms
[24.908s][info ][gc,cpu         ] GC(1611) User=0.00s Sys=0.00s Real=0.00s
[24.918s][info ][gc,start       ] GC(1612) Pause Young (Allocation Failure)
[24.918s][debug][gc,age         ] GC(1612) Desired survivor size 8945664 bytes, new threshold 15 (max threshold 15)
[24.918s][trace][gc,age         ] GC(1612) Age table with threshold 15 (max threshold 15)
[24.918s][trace][gc,age         ] GC(1612) - age   1:     400208 bytes,     400208 total
[24.918s][info ][gc,heap        ] GC(1612) DefNew: 140294K(157376K)->390K(157376K) Eden: 139904K(139904K)->0K(139904K) From: 390K(17472K)->390K(17472K)
[24.918s][info ][gc,heap        ] GC(1612) Tenured: 3959K(349568K)->3959K(349568K)
[24.918s][info ][gc,metaspace   ] GC(1612) Metaspace: 9888K(10176K)->9888K(10176K) NonClass: 8754K(8896K)->8754K(8896K) Class: 1134K(1280K)->1134K(1280K)
[24.918s][info ][gc             ] GC(1612) Pause Young (Allocation Failure) 140M->4M(495M) 0.164ms
[24.918s][info ][gc,cpu         ] GC(1612) User=0.00s Sys=0.00s Real=0.00s
[24.928s][info ][gc,start       ] GC(1613) Pause Young (Allocation Failure)
[24.928s][debug][gc,age         ] GC(1613) Desired survivor size 8945664 bytes, new threshold 15 (max threshold 15)
[24.928s][trace][gc,age         ] GC(1613) Age table with threshold 15 (max threshold 15)
[24.928s][trace][gc,age         ] GC(1613) - age   1:     400208 bytes,     400208 total
[24.928s][info ][gc,heap        ] GC(1613) DefNew: 140294K(157376K)->390K(157376K) Eden: 139904K(139904K)->0K(139904K) From: 390K(17472K)->390K(17472K)
[24.928s][info ][gc,heap        ] GC(1613) Tenured: 3959K(349568K)->3959K(349568K)
[24.928s][info ][gc,metaspace   ] GC(1613) Metaspace: 9888K(10176K)->9888K(10176K) NonClass: 8754K(8896K)->8754K(8896K) Class: 1134K(1280K)->1134K(1280K)
[24.928s][info ][gc             ] GC(1613) Pause Young (Allocation Failure) 140M->4M(495M) 0.166ms
[24.928s][info ][gc,cpu         ] GC(1613) User=0.00s Sys=0.00s Real=0.00s
[24.938s][info ][gc,start       ] GC(1614) Pause Young (Allocation Failure)
[24.938s][debug][gc,age         ] GC(1614) Desired survivor size 8945664 bytes, new threshold 15 (max threshold 15)
[24.938s][trace][gc,age         ] GC(1614) Age table with threshold 15 (max threshold 15)
[24.938s][trace][gc,age         ] GC(1614) - age   1:     400208 bytes,     400208 total
[24.938s][info ][gc,heap        ] GC(1614) DefNew: 140294K(157376K)->390K(157376K) Eden: 139904K(139904K)->0K(139904K) From: 390K(17472K)->390K(17472K)
[24.938s][info ][gc,heap        ] GC(1614) Tenured: 3959K(349568K)->3959K(349568K)
[24.938s][info ][gc,metaspace   ] GC(1614) Metaspace: 9888K(10176K)->9888K(10176K) NonClass: 8754K(8896K)->8754K(8896K) Class: 1134K(1280K)->1134K(1280K)
[24.938s][info ][gc             ] GC(1614) Pause Young (Allocation Failure) 140M->4M(495M) 0.171ms
[24.938s][info ][gc,cpu         ] GC(1614) User=0.00s Sys=0.00s Real=0.00s
[24.948s][info ][gc,start       ] GC(1615) Pause Young (Allocation Failure)
[24.948s][debug][gc,age         ] GC(1615) Desired survivor size 8945664 bytes, new threshold 15 (max threshold 15)
[24.948s][trace][gc,age         ] GC(1615) Age table with threshold 15 (max threshold 15)
[24.948s][trace][gc,age         ] GC(1615) - age   1:     400208 bytes,     400208 total
[24.948s][info ][gc,heap        ] GC(1615) DefNew: 140294K(157376K)->390K(157376K) Eden: 139904K(139904K)->0K(139904K) From: 390K(17472K)->390K(17472K)
[24.948s][info ][gc,heap        ] GC(1615) Tenured: 3959K(349568K)->3959K(349568K)
[24.948s][info ][gc,metaspace   ] GC(1615) Metaspace: 9888K(10176K)->9888K(10176K) NonClass: 8754K(8896K)->8754K(8896K) Class: 1134K(1280K)->1134K(1280K)
[24.948s][info ][gc             ] GC(1615) Pause Young (Allocation Failure) 140M->4M(495M) 0.164ms
[24.948s][info ][gc,cpu         ] GC(1615) User=0.00s Sys=0.00s Real=0.00s
[24.959s][info ][gc,start       ] GC(1616) Pause Young (Allocation Failure)
[24.959s][debug][gc,age         ] GC(1616) Desired survivor size 8945664 bytes, new threshold 15 (max threshold 15)
[24.959s][trace][gc,age         ] GC(1616) Age table with threshold 15 (max threshold 15)
[24.959s][trace][gc,age         ] GC(1616) - age   1:     400208 bytes,     400208 total
[24.959s][info ][gc,heap        ] GC(1616) DefNew: 140294K(157376K)->390K(157376K) Eden: 139904K(139904K)->0K(139904K) From: 390K(17472K)->390K(17472K)
[24.959s][info ][gc,heap        ] GC(1616) Tenured: 3959K(349568K)->3959K(349568K)
[24.959s][info ][gc,metaspace   ] GC(1616) Metaspace: 9888K(10176K)->9888K(10176K) NonClass: 8754K(8896K)->8754K(8896K) Class: 1134K(1280K)->1134K(1280K)
[24.959s][info ][gc             ] GC(1616) Pause Young (Allocation Failure) 140M->4M(495M) 0.168ms
[24.959s][info ][gc,cpu         ] GC(1616) User=0.00s Sys=0.00s Real=0.00s
[24.969s][info ][gc,start       ] GC(1617) Pause Young (Allocation Failure)
[24.969s][debug][gc,age         ] GC(1617) Desired survivor size 8945664 bytes, new threshold 15 (max threshold 15)
[24.969s][trace][gc,age         ] GC(1617) Age table with threshold 15 (max threshold 15)
[24.969s][trace][gc,age         ] GC(1617) - age   1:     400208 bytes,     400208 total
[24.969s][info ][gc,heap        ] GC(1617) DefNew: 140294K(157376K)->390K(157376K) Eden: 139904K(139904K)->0K(139904K) From: 390K(17472K)->390K(17472K)
[24.969s][info ][gc,heap        ] GC(1617) Tenured: 3959K(349568K)->3959K(349568K)
[24.969s][info ][gc,metaspace   ] GC(1617) Metaspace: 9888K(10176K)->9888K(10176K) NonClass: 8754K(8896K)->8754K(8896K) Class: 1134K(1280K)->1134K(1280K)
[24.969s][info ][gc             ] GC(1617) Pause Young (Allocation Failure) 140M->4M(495M) 0.167ms
[24.969s][info ][gc,cpu         ] GC(1617) User=0.00s Sys=0.00s Real=0.00s
[24.979s][info ][gc,start       ] GC(1618) Pause Young (Allocation Failure)
[24.979s][debug][gc,age         ] GC(1618) Desired survivor size 8945664 bytes, new threshold 15 (max threshold 15)
[24.979s][trace][gc,age         ] GC(1618) Age table with threshold 15 (max threshold 15)
[24.979s][trace][gc,age         ] GC(1618) - age   1:     400208 bytes,     400208 total
[24.979s][info ][gc,heap        ] GC(1618) DefNew: 140294K(157376K)->390K(157376K) Eden: 139904K(139904K)->0K(139904K) From: 390K(17472K)->390K(17472K)
[24.979s][info ][gc,heap        ] GC(1618) Tenured: 3959K(349568K)->3959K(349568K)
[24.979s][info ][gc,metaspace   ] GC(1618) Metaspace: 9888K(10176K)->9888K(10176K) NonClass: 8754K(8896K)->8754K(8896K) Class: 1134K(1280K)->1134K(1280K)
[24.979s][info ][gc             ] GC(1618) Pause Young (Allocation Failure) 140M->4M(495M) 0.165ms
[24.979s][info ][gc,cpu         ] GC(1618) User=0.00s Sys=0.00s Real=0.00s
[24.989s][info ][gc,start       ] GC(1619) Pause Young (Allocation Failure)
[24.989s][debug][gc,age         ] GC(1619) Desired survivor size 8945664 bytes, new threshold 15 (max threshold 15)
[24.989s][trace][gc,age         ] GC(1619) Age table with threshold 15 (max threshold 15)
[24.989s][trace][gc,age         ] GC(1619) - age   1:     400208 bytes,     400208 total
[24.989s][info ][gc,heap        ] GC(1619) DefNew: 140294K(157376K)->390K(157376K) Eden: 139904K(139904K)->0K(139904K) From: 390K(17472K)->390K(17472K)
[24.989s][info ][gc,heap        ] GC(1619) Tenured: 3959K(349568K)->3959K(349568K)
[24.989s][info ][gc,metaspace   ] GC(1619) Metaspace: 9888K(10176K)->9888K(10176K) NonClass: 8754K(8896K)->8754K(8896K) Class: 1134K(1280K)->1134K(1280K)
[24.989s][info ][gc             ] GC(1619) Pause Young (Allocation Failure) 140M->4M(495M) 0.165ms
[24.989s][info ][gc,cpu         ] GC(1619) User=0.00s Sys=0.00s Real=0.00s
[24.999s][info ][gc,start       ] GC(1620) Pause Young (Allocation Failure)
[25.000s][debug][gc,age         ] GC(1620) Desired survivor size 8945664 bytes, new threshold 15 (max threshold 15)
[25.000s][trace][gc,age         ] GC(1620) Age table with threshold 15 (max threshold 15)
[25.000s][trace][gc,age         ] GC(1620) - age   1:     400208 bytes,     400208 total
[25.000s][info ][gc,heap        ] GC(1620) DefNew: 140294K(157376K)->390K(157376K) Eden: 139904K(139904K)->0K(139904K) From: 390K(17472K)->390K(17472K)
[25.000s][info ][gc,heap        ] GC(1620) Tenured: 3959K(349568K)->3959K(349568K)
[25.000s][info ][gc,metaspace   ] GC(1620) Metaspace: 9888K(10176K)->9888K(10176K) NonClass: 8754K(8896K)->8754K(8896K) Class: 1134K(1280K)->1134K(1280K)
[25.000s][info ][gc             ] GC(1620) Pause Young (Allocation Failure) 140M->4M(495M) 0.168ms
[25.000s][info ][gc,cpu         ] GC(1620) User=0.00s Sys=0.00s Real=0.00s
[25.010s][info ][gc,start       ] GC(1621) Pause Young (Allocation Failure)
[25.010s][debug][gc,age         ] GC(1621) Desired survivor size 8945664 bytes, new threshold 15 (max threshold 15)
[25.010s][trace][gc,age         ] GC(1621) Age table with threshold 15 (max threshold 15)
[25.010s][trace][gc,age         ] GC(1621) - age   1:     400208 bytes,     400208 total
[25.010s][info ][gc,heap        ] GC(1621) DefNew: 140294K(157376K)->390K(157376K) Eden: 139904K(139904K)->0K(139904K) From: 390K(17472K)->390K(17472K)
[25.010s][info ][gc,heap        ] GC(1621) Tenured: 3959K(349568K)->3959K(349568K)
[25.010s][info ][gc,metaspace   ] GC(1621) Metaspace: 9888K(10176K)->9888K(10176K) NonClass: 8754K(8896K)->8754K(8896K) Class: 1134K(1280K)->1134K(1280K)
[25.010s][info ][gc             ] GC(1621) Pause Young (Allocation Failure) 140M->4M(495M) 0.165ms
[25.010s][info ][gc,cpu         ] GC(1621) User=0.00s Sys=0.00s Real=0.00s
[25.020s][info ][gc,start       ] GC(1622) Pause Young (Allocation Failure)
[25.020s][debug][gc,age         ] GC(1622) Desired survivor size 8945664 bytes, new threshold 15 (max threshold 15)
[25.020s][trace][gc,age         ] GC(1622) Age table with threshold 15 (max threshold 15)
[25.020s][trace][gc,age         ] GC(1622) - age   1:     400208 bytes,     400208 total
[25.020s][info ][gc,heap        ] GC(1622) DefNew: 140294K(157376K)->390K(157376K) Eden: 139904K(139904K)->0K(139904K) From: 390K(17472K)->390K(17472K)
[25.020s][info ][gc,heap        ] GC(1622) Tenured: 3959K(349568K)->3959K(349568K)
[25.020s][info ][gc,metaspace   ] GC(1622) Metaspace: 9888K(10176K)->9888K(10176K) NonClass: 8754K(8896K)->8754K(8896K) Class: 1134K(1280K)->1134K(1280K)
[25.020s][info ][gc             ] GC(1622) Pause Young (Allocation Failure) 140M->4M(495M) 0.166ms
[25.020s][info ][gc,cpu         ] GC(1622) User=0.00s Sys=0.00s Real=0.00s
[25.030s][info ][gc,start       ] GC(1623) Pause Young (Allocation Failure)
[25.030s][debug][gc,age         ] GC(1623) Desired survivor size 8945664 bytes, new threshold 15 (max threshold 15)
[25.030s][trace][gc,age         ] GC(1623) Age table with threshold 15 (max threshold 15)
[25.030s][trace][gc,age         ] GC(1623) - age   1:     400208 bytes,     400208 total
[25.030s][info ][gc,heap        ] GC(1623) DefNew: 140294K(157376K)->390K(157376K) Eden: 139904K(139904K)->0K(139904K) From: 390K(17472K)->390K(17472K)
[25.030s][info ][gc,heap        ] GC(1623) Tenured: 3959K(349568K)->3959K(349568K)
[25.030s][info ][gc,metaspace   ] GC(1623) Metaspace: 9888K(10176K)->9888K(10176K) NonClass: 8754K(8896K)->8754K(8896K) Class: 1134K(1280K)->1134K(1280K)
[25.030s][info ][gc             ] GC(1623) Pause Young (Allocation Failure) 140M->4M(495M) 0.169ms
[25.030s][info ][gc,cpu         ] GC(1623) User=0.00s Sys=0.00s Real=0.00s
[25.040s][info ][gc,start       ] GC(1624) Pause Young (Allocation Failure)
[25.040s][debug][gc,age         ] GC(1624) Desired survivor size 8945664 bytes, new threshold 15 (max threshold 15)
[25.040s][trace][gc,age         ] GC(1624) Age table with threshold 15 (max threshold 15)
[25.040s][trace][gc,age         ] GC(1624) - age   1:     400208 bytes,     400208 total
[25.040s][info ][gc,heap        ] GC(1624) DefNew: 140294K(157376K)->390K(157376K) Eden: 139904K(139904K)->0K(139904K) From: 390K(17472K)->390K(17472K)
[25.040s][info ][gc,heap        ] GC(1624) Tenured: 3959K(349568K)->3959K(349568K)
[25.040s][info ][gc,metaspace   ] GC(1624) Metaspace: 9888K(10176K)->9888K(10176K) NonClass: 8754K(8896K)->8754K(8896K) Class: 1134K(1280K)->1134K(1280K)
[25.040s][info ][gc             ] GC(1624) Pause Young (Allocation Failure) 140M->4M(495M) 0.161ms
[25.040s][info ][gc,cpu         ] GC(1624) User=0.00s Sys=0.00s Real=0.00s
[25.051s][info ][gc,start       ] GC(1625) Pause Young (Allocation Failure)
[25.051s][debug][gc,age         ] GC(1625) Desired survivor size 8945664 bytes, new threshold 15 (max threshold 15)
[25.051s][trace][gc,age         ] GC(1625) Age table with threshold 15 (max threshold 15)
[25.051s][trace][gc,age         ] GC(1625) - age   1:     400208 bytes,     400208 total
[25.051s][info ][gc,heap        ] GC(1625) DefNew: 140294K(157376K)->390K(157376K) Eden: 139904K(139904K)->0K(139904K) From: 390K(17472K)->390K(17472K)
[25.051s][info ][gc,heap        ] GC(1625) Tenured: 3959K(349568K)->3959K(349568K)
[25.051s][info ][gc,metaspace   ] GC(1625) Metaspace: 9888K(10176K)->9888K(10176K) NonClass: 8754K(8896K)->8754K(8896K) Class: 1134K(1280K)->1134K(1280K)
[25.051s][info ][gc             ] GC(1625) Pause Young (Allocation Failure) 140M->4M(495M) 0.165ms
[25.051s][info ][gc,cpu         ] GC(1625) User=0.00s Sys=0.00s Real=0.00s
[25.061s][info ][gc,start       ] GC(1626) Pause Young (Allocation Failure)
[25.061s][debug][gc,age         ] GC(1626) Desired survivor size 8945664 bytes, new threshold 15 (max threshold 15)
[25.061s][trace][gc,age         ] GC(1626) Age table with threshold 15 (max threshold 15)
[25.061s][trace][gc,age         ] GC(1626) - age   1:     400208 bytes,     400208 total
[25.061s][info ][gc,heap        ] GC(1626) DefNew: 140294K(157376K)->390K(157376K) Eden: 139904K(139904K)->0K(139904K) From: 390K(17472K)->390K(17472K)
[25.061s][info ][gc,heap        ] GC(1626) Tenured: 3959K(349568K)->3959K(349568K)
[25.061s][info ][gc,metaspace   ] GC(1626) Metaspace: 9888K(10176K)->9888K(10176K) NonClass: 8754K(8896K)->8754K(8896K) Class: 1134K(1280K)->1134K(1280K)
[25.061s][info ][gc             ] GC(1626) Pause Young (Allocation Failure) 140M->4M(495M) 0.164ms
[25.061s][info ][gc,cpu         ] GC(1626) User=0.00s Sys=0.00s Real=0.00s
[25.071s][info ][gc,start       ] GC(1627) Pause Young (Allocation Failure)
[25.071s][debug][gc,age         ] GC(1627) Desired survivor size 8945664 bytes, new threshold 15 (max threshold 15)
[25.071s][trace][gc,age         ] GC(1627) Age table with threshold 15 (max threshold 15)
[25.071s][trace][gc,age         ] GC(1627) - age   1:     400208 bytes,     400208 total
[25.071s][info ][gc,heap        ] GC(1627) DefNew: 140294K(157376K)->390K(157376K) Eden: 139904K(139904K)->0K(139904K) From: 390K(17472K)->390K(17472K)
[25.071s][info ][gc,heap        ] GC(1627) Tenured: 3959K(349568K)->3959K(349568K)
[25.071s][info ][gc,metaspace   ] GC(1627) Metaspace: 9888K(10176K)->9888K(10176K) NonClass: 8754K(8896K)->8754K(8896K) Class: 1134K(1280K)->1134K(1280K)
[25.071s][info ][gc             ] GC(1627) Pause Young (Allocation Failure) 140M->4M(495M) 0.167ms
[25.071s][info ][gc,cpu         ] GC(1627) User=0.00s Sys=0.00s Real=0.00s
[25.081s][info ][gc,start       ] GC(1628) Pause Young (Allocation Failure)
[25.081s][debug][gc,age         ] GC(1628) Desired survivor size 8945664 bytes, new threshold 15 (max threshold 15)
[25.081s][trace][gc,age         ] GC(1628) Age table with threshold 15 (max threshold 15)
[25.081s][trace][gc,age         ] GC(1628) - age   1:     400208 bytes,     400208 total
[25.081s][info ][gc,heap        ] GC(1628) DefNew: 140294K(157376K)->390K(157376K) Eden: 139904K(139904K)->0K(139904K) From: 390K(17472K)->390K(17472K)
[25.081s][info ][gc,heap        ] GC(1628) Tenured: 3959K(349568K)->3959K(349568K)
[25.081s][info ][gc,metaspace   ] GC(1628) Metaspace: 9888K(10176K)->9888K(10176K) NonClass: 8754K(8896K)->8754K(8896K) Class: 1134K(1280K)->1134K(1280K)
[25.081s][info ][gc             ] GC(1628) Pause Young (Allocation Failure) 140M->4M(495M) 0.162ms
[25.081s][info ][gc,cpu         ] GC(1628) User=0.00s Sys=0.00s Real=0.00s
[25.091s][info ][gc,start       ] GC(1629) Pause Young (Allocation Failure)
[25.092s][debug][gc,age         ] GC(1629) Desired survivor size 8945664 bytes, new threshold 15 (max threshold 15)
[25.092s][trace][gc,age         ] GC(1629) Age table with threshold 15 (max threshold 15)
[25.092s][trace][gc,age         ] GC(1629) - age   1:     400208 bytes,     400208 total
[25.092s][info ][gc,heap        ] GC(1629) DefNew: 140294K(157376K)->390K(157376K) Eden: 139904K(139904K)->0K(139904K) From: 390K(17472K)->390K(17472K)
[25.092s][info ][gc,heap        ] GC(1629) Tenured: 3959K(349568K)->3959K(349568K)
[25.092s][info ][gc,metaspace   ] GC(1629) Metaspace: 9888K(10176K)->9888K(10176K) NonClass: 8754K(8896K)->8754K(8896K) Class: 1134K(1280K)->1134K(1280K)
[25.092s][info ][gc             ] GC(1629) Pause Young (Allocation Failure) 140M->4M(495M) 0.170ms
[25.092s][info ][gc,cpu         ] GC(1629) User=0.00s Sys=0.00s Real=0.00s
[25.102s][info ][gc,start       ] GC(1630) Pause Young (Allocation Failure)
[25.102s][debug][gc,age         ] GC(1630) Desired survivor size 8945664 bytes, new threshold 15 (max threshold 15)
[25.102s][trace][gc,age         ] GC(1630) Age table with threshold 15 (max threshold 15)
[25.102s][trace][gc,age         ] GC(1630) - age   1:     400208 bytes,     400208 total
[25.102s][info ][gc,heap        ] GC(1630) DefNew: 140294K(157376K)->390K(157376K) Eden: 139904K(139904K)->0K(139904K) From: 390K(17472K)->390K(17472K)
[25.102s][info ][gc,heap        ] GC(1630) Tenured: 3959K(349568K)->3959K(349568K)
[25.102s][info ][gc,metaspace   ] GC(1630) Metaspace: 9888K(10176K)->9888K(10176K) NonClass: 8754K(8896K)->8754K(8896K) Class: 1134K(1280K)->1134K(1280K)
[25.102s][info ][gc             ] GC(1630) Pause Young (Allocation Failure) 140M->4M(495M) 0.163ms
[25.102s][info ][gc,cpu         ] GC(1630) User=0.00s Sys=0.00s Real=0.00s
[25.112s][info ][gc,start       ] GC(1631) Pause Young (Allocation Failure)
[25.112s][debug][gc,age         ] GC(1631) Desired survivor size 8945664 bytes, new threshold 15 (max threshold 15)
[25.112s][trace][gc,age         ] GC(1631) Age table with threshold 15 (max threshold 15)
[25.112s][trace][gc,age         ] GC(1631) - age   1:     400208 bytes,     400208 total
[25.112s][info ][gc,heap        ] GC(1631) DefNew: 140294K(157376K)->390K(157376K) Eden: 139904K(139904K)->0K(139904K) From: 390K(17472K)->390K(17472K)
[25.112s][info ][gc,heap        ] GC(1631) Tenured: 3959K(349568K)->3959K(349568K)
[25.112s][info ][gc,metaspace   ] GC(1631) Metaspace: 9888K(10176K)->9888K(10176K) NonClass: 8754K(8896K)->8754K(8896K) Class: 1134K(1280K)->1134K(1280K)
[25.112s][info ][gc             ] GC(1631) Pause Young (Allocation Failure) 140M->4M(495M) 0.174ms
[25.112s][info ][gc,cpu         ] GC(1631) User=0.00s Sys=0.00s Real=0.00s
[25.122s][info ][gc,start       ] GC(1632) Pause Young (Allocation Failure)
[25.122s][debug][gc,age         ] GC(1632) Desired survivor size 8945664 bytes, new threshold 15 (max threshold 15)
[25.122s][trace][gc,age         ] GC(1632) Age table with threshold 15 (max threshold 15)
[25.122s][trace][gc,age         ] GC(1632) - age   1:     400208 bytes,     400208 total
[25.122s][info ][gc,heap        ] GC(1632) DefNew: 140294K(157376K)->390K(157376K) Eden: 139904K(139904K)->0K(139904K) From: 390K(17472K)->390K(17472K)
[25.122s][info ][gc,heap        ] GC(1632) Tenured: 3959K(349568K)->3959K(349568K)
[25.122s][info ][gc,metaspace   ] GC(1632) Metaspace: 9888K(10176K)->9888K(10176K) NonClass: 8754K(8896K)->8754K(8896K) Class: 1134K(1280K)->1134K(1280K)
[25.122s][info ][gc             ] GC(1632) Pause Young (Allocation Failure) 140M->4M(495M) 0.164ms
[25.122s][info ][gc,cpu         ] GC(1632) User=0.00s Sys=0.00s Real=0.00s
[25.132s][info ][gc,start       ] GC(1633) Pause Young (Allocation Failure)
[25.132s][debug][gc,age         ] GC(1633) Desired survivor size 8945664 bytes, new threshold 15 (max threshold 15)
[25.132s][trace][gc,age         ] GC(1633) Age table with threshold 15 (max threshold 15)
[25.132s][trace][gc,age         ] GC(1633) - age   1:     400208 bytes,     400208 total
[25.132s][info ][gc,heap        ] GC(1633) DefNew: 140294K(157376K)->390K(157376K) Eden: 139904K(139904K)->0K(139904K) From: 390K(17472K)->390K(17472K)
[25.132s][info ][gc,heap        ] GC(1633) Tenured: 3959K(349568K)->3959K(349568K)
[25.132s][info ][gc,metaspace   ] GC(1633) Metaspace: 9888K(10176K)->9888K(10176K) NonClass: 8754K(8896K)->8754K(8896K) Class: 1134K(1280K)->1134K(1280K)
[25.132s][info ][gc             ] GC(1633) Pause Young (Allocation Failure) 140M->4M(495M) 0.165ms
[25.132s][info ][gc,cpu         ] GC(1633) User=0.00s Sys=0.00s Real=0.00s
[25.142s][info ][gc,start       ] GC(1634) Pause Young (Allocation Failure)
[25.143s][debug][gc,age         ] GC(1634) Desired survivor size 8945664 bytes, new threshold 15 (max threshold 15)
[25.143s][trace][gc,age         ] GC(1634) Age table with threshold 15 (max threshold 15)
[25.143s][trace][gc,age         ] GC(1634) - age   1:     400208 bytes,     400208 total
[25.143s][info ][gc,heap        ] GC(1634) DefNew: 140294K(157376K)->390K(157376K) Eden: 139904K(139904K)->0K(139904K) From: 390K(17472K)->390K(17472K)
[25.143s][info ][gc,heap        ] GC(1634) Tenured: 3959K(349568K)->3959K(349568K)
[25.143s][info ][gc,metaspace   ] GC(1634) Metaspace: 9888K(10176K)->9888K(10176K) NonClass: 8754K(8896K)->8754K(8896K) Class: 1134K(1280K)->1134K(1280K)
[25.143s][info ][gc             ] GC(1634) Pause Young (Allocation Failure) 140M->4M(495M) 0.164ms
[25.143s][info ][gc,cpu         ] GC(1634) User=0.00s Sys=0.00s Real=0.00s
[25.153s][info ][gc,start       ] GC(1635) Pause Young (Allocation Failure)
[25.153s][debug][gc,age         ] GC(1635) Desired survivor size 8945664 bytes, new threshold 15 (max threshold 15)
[25.153s][trace][gc,age         ] GC(1635) Age table with threshold 15 (max threshold 15)
[25.153s][trace][gc,age         ] GC(1635) - age   1:     400208 bytes,     400208 total
[25.153s][info ][gc,heap        ] GC(1635) DefNew: 140294K(157376K)->390K(157376K) Eden: 139904K(139904K)->0K(139904K) From: 390K(17472K)->390K(17472K)
[25.153s][info ][gc,heap        ] GC(1635) Tenured: 3959K(349568K)->3959K(349568K)
[25.153s][info ][gc,metaspace   ] GC(1635) Metaspace: 9888K(10176K)->9888K(10176K) NonClass: 8754K(8896K)->8754K(8896K) Class: 1134K(1280K)->1134K(1280K)
[25.153s][info ][gc             ] GC(1635) Pause Young (Allocation Failure) 140M->4M(495M) 0.164ms
[25.153s][info ][gc,cpu         ] GC(1635) User=0.00s Sys=0.00s Real=0.00s
[25.163s][info ][gc,start       ] GC(1636) Pause Young (Allocation Failure)
[25.163s][debug][gc,age         ] GC(1636) Desired survivor size 8945664 bytes, new threshold 15 (max threshold 15)
[25.163s][trace][gc,age         ] GC(1636) Age table with threshold 15 (max threshold 15)
[25.163s][trace][gc,age         ] GC(1636) - age   1:     400208 bytes,     400208 total
[25.163s][info ][gc,heap        ] GC(1636) DefNew: 140294K(157376K)->390K(157376K) Eden: 139904K(139904K)->0K(139904K) From: 390K(17472K)->390K(17472K)
[25.163s][info ][gc,heap        ] GC(1636) Tenured: 3959K(349568K)->3959K(349568K)
[25.163s][info ][gc,metaspace   ] GC(1636) Metaspace: 9888K(10176K)->9888K(10176K) NonClass: 8754K(8896K)->8754K(8896K) Class: 1134K(1280K)->1134K(1280K)
[25.163s][info ][gc             ] GC(1636) Pause Young (Allocation Failure) 140M->4M(495M) 0.165ms
[25.163s][info ][gc,cpu         ] GC(1636) User=0.00s Sys=0.00s Real=0.00s
[25.173s][info ][gc,start       ] GC(1637) Pause Young (Allocation Failure)
[25.173s][debug][gc,age         ] GC(1637) Desired survivor size 8945664 bytes, new threshold 15 (max threshold 15)
[25.173s][trace][gc,age         ] GC(1637) Age table with threshold 15 (max threshold 15)
[25.173s][trace][gc,age         ] GC(1637) - age   1:     400208 bytes,     400208 total
[25.173s][info ][gc,heap        ] GC(1637) DefNew: 140294K(157376K)->390K(157376K) Eden: 139904K(139904K)->0K(139904K) From: 390K(17472K)->390K(17472K)
[25.173s][info ][gc,heap        ] GC(1637) Tenured: 3959K(349568K)->3959K(349568K)
[25.173s][info ][gc,metaspace   ] GC(1637) Metaspace: 9888K(10176K)->9888K(10176K) NonClass: 8754K(8896K)->8754K(8896K) Class: 1134K(1280K)->1134K(1280K)
[25.173s][info ][gc             ] GC(1637) Pause Young (Allocation Failure) 140M->4M(495M) 0.162ms
[25.173s][info ][gc,cpu         ] GC(1637) User=0.00s Sys=0.00s Real=0.00s
[25.183s][info ][gc,start       ] GC(1638) Pause Young (Allocation Failure)
[25.184s][debug][gc,age         ] GC(1638) Desired survivor size 8945664 bytes, new threshold 15 (max threshold 15)
[25.184s][trace][gc,age         ] GC(1638) Age table with threshold 15 (max threshold 15)
[25.184s][trace][gc,age         ] GC(1638) - age   1:     400208 bytes,     400208 total
[25.184s][info ][gc,heap        ] GC(1638) DefNew: 140294K(157376K)->390K(157376K) Eden: 139904K(139904K)->0K(139904K) From: 390K(17472K)->390K(17472K)
[25.184s][info ][gc,heap        ] GC(1638) Tenured: 3959K(349568K)->3959K(349568K)
[25.184s][info ][gc,metaspace   ] GC(1638) Metaspace: 9888K(10176K)->9888K(10176K) NonClass: 8754K(8896K)->8754K(8896K) Class: 1134K(1280K)->1134K(1280K)
[25.184s][info ][gc             ] GC(1638) Pause Young (Allocation Failure) 140M->4M(495M) 0.171ms
[25.184s][info ][gc,cpu         ] GC(1638) User=0.00s Sys=0.00s Real=0.00s
[25.194s][info ][gc,start       ] GC(1639) Pause Young (Allocation Failure)
[25.194s][debug][gc,age         ] GC(1639) Desired survivor size 8945664 bytes, new threshold 15 (max threshold 15)
[25.194s][trace][gc,age         ] GC(1639) Age table with threshold 15 (max threshold 15)
[25.194s][trace][gc,age         ] GC(1639) - age   1:     400208 bytes,     400208 total
[25.194s][info ][gc,heap        ] GC(1639) DefNew: 140294K(157376K)->390K(157376K) Eden: 139904K(139904K)->0K(139904K) From: 390K(17472K)->390K(17472K)
[25.194s][info ][gc,heap        ] GC(1639) Tenured: 3959K(349568K)->3959K(349568K)
[25.194s][info ][gc,metaspace   ] GC(1639) Metaspace: 9888K(10176K)->9888K(10176K) NonClass: 8754K(8896K)->8754K(8896K) Class: 1134K(1280K)->1134K(1280K)
[25.194s][info ][gc             ] GC(1639) Pause Young (Allocation Failure) 140M->4M(495M) 0.169ms
[25.194s][info ][gc,cpu         ] GC(1639) User=0.00s Sys=0.00s Real=0.00s
[25.204s][info ][gc,start       ] GC(1640) Pause Young (Allocation Failure)
[25.204s][debug][gc,age         ] GC(1640) Desired survivor size 8945664 bytes, new threshold 15 (max threshold 15)
[25.204s][trace][gc,age         ] GC(1640) Age table with threshold 15 (max threshold 15)
[25.204s][trace][gc,age         ] GC(1640) - age   1:     400208 bytes,     400208 total
[25.204s][info ][gc,heap        ] GC(1640) DefNew: 140294K(157376K)->390K(157376K) Eden: 139904K(139904K)->0K(139904K) From: 390K(17472K)->390K(17472K)
[25.204s][info ][gc,heap        ] GC(1640) Tenured: 3959K(349568K)->3959K(349568K)
[25.204s][info ][gc,metaspace   ] GC(1640) Metaspace: 9888K(10176K)->9888K(10176K) NonClass: 8754K(8896K)->8754K(8896K) Class: 1134K(1280K)->1134K(1280K)
[25.204s][info ][gc             ] GC(1640) Pause Young (Allocation Failure) 140M->4M(495M) 0.163ms
[25.204s][info ][gc,cpu         ] GC(1640) User=0.00s Sys=0.00s Real=0.00s
[25.214s][info ][gc,start       ] GC(1641) Pause Young (Allocation Failure)
[25.214s][debug][gc,age         ] GC(1641) Desired survivor size 8945664 bytes, new threshold 15 (max threshold 15)
[25.214s][trace][gc,age         ] GC(1641) Age table with threshold 15 (max threshold 15)
[25.214s][trace][gc,age         ] GC(1641) - age   1:     400208 bytes,     400208 total
[25.214s][info ][gc,heap        ] GC(1641) DefNew: 140294K(157376K)->390K(157376K) Eden: 139904K(139904K)->0K(139904K) From: 390K(17472K)->390K(17472K)
[25.214s][info ][gc,heap        ] GC(1641) Tenured: 3959K(349568K)->3959K(349568K)
[25.214s][info ][gc,metaspace   ] GC(1641) Metaspace: 9888K(10176K)->9888K(10176K) NonClass: 8754K(8896K)->8754K(8896K) Class: 1134K(1280K)->1134K(1280K)
[25.214s][info ][gc             ] GC(1641) Pause Young (Allocation Failure) 140M->4M(495M) 0.166ms
[25.214s][info ][gc,cpu         ] GC(1641) User=0.00s Sys=0.00s Real=0.00s
[25.224s][info ][gc,start       ] GC(1642) Pause Young (Allocation Failure)
[25.225s][debug][gc,age         ] GC(1642) Desired survivor size 8945664 bytes, new threshold 15 (max threshold 15)
[25.225s][trace][gc,age         ] GC(1642) Age table with threshold 15 (max threshold 15)
[25.225s][trace][gc,age         ] GC(1642) - age   1:     400208 bytes,     400208 total
[25.225s][info ][gc,heap        ] GC(1642) DefNew: 140294K(157376K)->390K(157376K) Eden: 139904K(139904K)->0K(139904K) From: 390K(17472K)->390K(17472K)
[25.225s][info ][gc,heap        ] GC(1642) Tenured: 3959K(349568K)->3959K(349568K)
[25.225s][info ][gc,metaspace   ] GC(1642) Metaspace: 9888K(10176K)->9888K(10176K) NonClass: 8754K(8896K)->8754K(8896K) Class: 1134K(1280K)->1134K(1280K)
[25.225s][info ][gc             ] GC(1642) Pause Young (Allocation Failure) 140M->4M(495M) 0.170ms
[25.225s][info ][gc,cpu         ] GC(1642) User=0.00s Sys=0.00s Real=0.00s
[25.235s][info ][gc,start       ] GC(1643) Pause Young (Allocation Failure)
[25.235s][debug][gc,age         ] GC(1643) Desired survivor size 8945664 bytes, new threshold 15 (max threshold 15)
[25.235s][trace][gc,age         ] GC(1643) Age table with threshold 15 (max threshold 15)
[25.235s][trace][gc,age         ] GC(1643) - age   1:     400208 bytes,     400208 total
[25.235s][info ][gc,heap        ] GC(1643) DefNew: 140294K(157376K)->390K(157376K) Eden: 139904K(139904K)->0K(139904K) From: 390K(17472K)->390K(17472K)
[25.235s][info ][gc,heap        ] GC(1643) Tenured: 3959K(349568K)->3959K(349568K)
[25.235s][info ][gc,metaspace   ] GC(1643) Metaspace: 9888K(10176K)->9888K(10176K) NonClass: 8754K(8896K)->8754K(8896K) Class: 1134K(1280K)->1134K(1280K)
[25.235s][info ][gc             ] GC(1643) Pause Young (Allocation Failure) 140M->4M(495M) 0.163ms
[25.235s][info ][gc,cpu         ] GC(1643) User=0.00s Sys=0.00s Real=0.00s
[25.245s][info ][gc,start       ] GC(1644) Pause Young (Allocation Failure)
[25.245s][debug][gc,age         ] GC(1644) Desired survivor size 8945664 bytes, new threshold 15 (max threshold 15)
[25.245s][trace][gc,age         ] GC(1644) Age table with threshold 15 (max threshold 15)
[25.245s][trace][gc,age         ] GC(1644) - age   1:     400208 bytes,     400208 total
[25.245s][info ][gc,heap        ] GC(1644) DefNew: 140294K(157376K)->390K(157376K) Eden: 139904K(139904K)->0K(139904K) From: 390K(17472K)->390K(17472K)
[25.245s][info ][gc,heap        ] GC(1644) Tenured: 3959K(349568K)->3959K(349568K)
[25.245s][info ][gc,metaspace   ] GC(1644) Metaspace: 9888K(10176K)->9888K(10176K) NonClass: 8754K(8896K)->8754K(8896K) Class: 1134K(1280K)->1134K(1280K)
[25.245s][info ][gc             ] GC(1644) Pause Young (Allocation Failure) 140M->4M(495M) 0.161ms
[25.245s][info ][gc,cpu         ] GC(1644) User=0.00s Sys=0.00s Real=0.00s
[25.255s][info ][gc,start       ] GC(1645) Pause Young (Allocation Failure)
[25.255s][debug][gc,age         ] GC(1645) Desired survivor size 8945664 bytes, new threshold 15 (max threshold 15)
[25.255s][trace][gc,age         ] GC(1645) Age table with threshold 15 (max threshold 15)
[25.255s][trace][gc,age         ] GC(1645) - age   1:     400208 bytes,     400208 total
[25.255s][info ][gc,heap        ] GC(1645) DefNew: 140294K(157376K)->390K(157376K) Eden: 139904K(139904K)->0K(139904K) From: 390K(17472K)->390K(17472K)
[25.255s][info ][gc,heap        ] GC(1645) Tenured: 3959K(349568K)->3959K(349568K)
[25.255s][info ][gc,metaspace   ] GC(1645) Metaspace: 9888K(10176K)->9888K(10176K) NonClass: 8754K(8896K)->8754K(8896K) Class: 1134K(1280K)->1134K(1280K)
[25.255s][info ][gc             ] GC(1645) Pause Young (Allocation Failure) 140M->4M(495M) 0.168ms
[25.255s][info ][gc,cpu         ] GC(1645) User=0.00s Sys=0.00s Real=0.00s
[25.265s][info ][gc,start       ] GC(1646) Pause Young (Allocation Failure)
[25.265s][debug][gc,age         ] GC(1646) Desired survivor size 8945664 bytes, new threshold 15 (max threshold 15)
[25.265s][trace][gc,age         ] GC(1646) Age table with threshold 15 (max threshold 15)
[25.265s][trace][gc,age         ] GC(1646) - age   1:     400208 bytes,     400208 total
[25.265s][info ][gc,heap        ] GC(1646) DefNew: 140294K(157376K)->390K(157376K) Eden: 139904K(139904K)->0K(139904K) From: 390K(17472K)->390K(17472K)
[25.265s][info ][gc,heap        ] GC(1646) Tenured: 3959K(349568K)->3959K(349568K)
[25.265s][info ][gc,metaspace   ] GC(1646) Metaspace: 9888K(10176K)->9888K(10176K) NonClass: 8754K(8896K)->8754K(8896K) Class: 1134K(1280K)->1134K(1280K)
[25.265s][info ][gc             ] GC(1646) Pause Young (Allocation Failure) 140M->4M(495M) 0.165ms
[25.265s][info ][gc,cpu         ] GC(1646) User=0.01s Sys=0.00s Real=0.00s
[25.275s][info ][gc,start       ] GC(1647) Pause Young (Allocation Failure)
[25.276s][debug][gc,age         ] GC(1647) Desired survivor size 8945664 bytes, new threshold 15 (max threshold 15)
[25.276s][trace][gc,age         ] GC(1647) Age table with threshold 15 (max threshold 15)
[25.276s][trace][gc,age         ] GC(1647) - age   1:     400208 bytes,     400208 total
[25.276s][info ][gc,heap        ] GC(1647) DefNew: 140294K(157376K)->390K(157376K) Eden: 139904K(139904K)->0K(139904K) From: 390K(17472K)->390K(17472K)
[25.276s][info ][gc,heap        ] GC(1647) Tenured: 3959K(349568K)->3959K(349568K)
[25.276s][info ][gc,metaspace   ] GC(1647) Metaspace: 9888K(10176K)->9888K(10176K) NonClass: 8754K(8896K)->8754K(8896K) Class: 1134K(1280K)->1134K(1280K)
[25.276s][info ][gc             ] GC(1647) Pause Young (Allocation Failure) 140M->4M(495M) 0.166ms
[25.276s][info ][gc,cpu         ] GC(1647) User=0.00s Sys=0.00s Real=0.00s
[25.286s][info ][gc,start       ] GC(1648) Pause Young (Allocation Failure)
[25.286s][debug][gc,age         ] GC(1648) Desired survivor size 8945664 bytes, new threshold 15 (max threshold 15)
[25.286s][trace][gc,age         ] GC(1648) Age table with threshold 15 (max threshold 15)
[25.286s][trace][gc,age         ] GC(1648) - age   1:     400208 bytes,     400208 total
[25.286s][info ][gc,heap        ] GC(1648) DefNew: 140294K(157376K)->390K(157376K) Eden: 139904K(139904K)->0K(139904K) From: 390K(17472K)->390K(17472K)
[25.286s][info ][gc,heap        ] GC(1648) Tenured: 3959K(349568K)->3959K(349568K)
[25.286s][info ][gc,metaspace   ] GC(1648) Metaspace: 9888K(10176K)->9888K(10176K) NonClass: 8754K(8896K)->8754K(8896K) Class: 1134K(1280K)->1134K(1280K)
[25.286s][info ][gc             ] GC(1648) Pause Young (Allocation Failure) 140M->4M(495M) 0.164ms
[25.286s][info ][gc,cpu         ] GC(1648) User=0.00s Sys=0.00s Real=0.00s
[25.296s][info ][gc,start       ] GC(1649) Pause Young (Allocation Failure)
[25.296s][debug][gc,age         ] GC(1649) Desired survivor size 8945664 bytes, new threshold 15 (max threshold 15)
[25.296s][trace][gc,age         ] GC(1649) Age table with threshold 15 (max threshold 15)
[25.296s][trace][gc,age         ] GC(1649) - age   1:     400208 bytes,     400208 total
[25.296s][info ][gc,heap        ] GC(1649) DefNew: 140294K(157376K)->390K(157376K) Eden: 139904K(139904K)->0K(139904K) From: 390K(17472K)->390K(17472K)
[25.296s][info ][gc,heap        ] GC(1649) Tenured: 3959K(349568K)->3959K(349568K)
[25.296s][info ][gc,metaspace   ] GC(1649) Metaspace: 9888K(10176K)->9888K(10176K) NonClass: 8754K(8896K)->8754K(8896K) Class: 1134K(1280K)->1134K(1280K)
[25.296s][info ][gc             ] GC(1649) Pause Young (Allocation Failure) 140M->4M(495M) 0.169ms
[25.296s][info ][gc,cpu         ] GC(1649) User=0.00s Sys=0.00s Real=0.00s
[25.306s][info ][gc,start       ] GC(1650) Pause Young (Allocation Failure)
[25.306s][debug][gc,age         ] GC(1650) Desired survivor size 8945664 bytes, new threshold 15 (max threshold 15)
[25.306s][trace][gc,age         ] GC(1650) Age table with threshold 15 (max threshold 15)
[25.306s][trace][gc,age         ] GC(1650) - age   1:     400208 bytes,     400208 total
[25.306s][info ][gc,heap        ] GC(1650) DefNew: 140294K(157376K)->390K(157376K) Eden: 139904K(139904K)->0K(139904K) From: 390K(17472K)->390K(17472K)
[25.306s][info ][gc,heap        ] GC(1650) Tenured: 3959K(349568K)->3959K(349568K)
[25.306s][info ][gc,metaspace   ] GC(1650) Metaspace: 9888K(10176K)->9888K(10176K) NonClass: 8754K(8896K)->8754K(8896K) Class: 1134K(1280K)->1134K(1280K)
[25.306s][info ][gc             ] GC(1650) Pause Young (Allocation Failure) 140M->4M(495M) 0.164ms
[25.306s][info ][gc,cpu         ] GC(1650) User=0.00s Sys=0.00s Real=0.00s
[25.316s][info ][gc,start       ] GC(1651) Pause Young (Allocation Failure)
[25.317s][debug][gc,age         ] GC(1651) Desired survivor size 8945664 bytes, new threshold 15 (max threshold 15)
[25.317s][trace][gc,age         ] GC(1651) Age table with threshold 15 (max threshold 15)
[25.317s][trace][gc,age         ] GC(1651) - age   1:     400208 bytes,     400208 total
[25.317s][info ][gc,heap        ] GC(1651) DefNew: 140294K(157376K)->390K(157376K) Eden: 139904K(139904K)->0K(139904K) From: 390K(17472K)->390K(17472K)
[25.317s][info ][gc,heap        ] GC(1651) Tenured: 3959K(349568K)->3959K(349568K)
[25.317s][info ][gc,metaspace   ] GC(1651) Metaspace: 9888K(10176K)->9888K(10176K) NonClass: 8754K(8896K)->8754K(8896K) Class: 1134K(1280K)->1134K(1280K)
[25.317s][info ][gc             ] GC(1651) Pause Young (Allocation Failure) 140M->4M(495M) 0.177ms
[25.317s][info ][gc,cpu         ] GC(1651) User=0.00s Sys=0.00s Real=0.00s
[25.327s][info ][gc,start       ] GC(1652) Pause Young (Allocation Failure)
[25.327s][debug][gc,age         ] GC(1652) Desired survivor size 8945664 bytes, new threshold 15 (max threshold 15)
[25.327s][trace][gc,age         ] GC(1652) Age table with threshold 15 (max threshold 15)
[25.327s][trace][gc,age         ] GC(1652) - age   1:     400208 bytes,     400208 total
[25.327s][info ][gc,heap        ] GC(1652) DefNew: 140294K(157376K)->390K(157376K) Eden: 139904K(139904K)->0K(139904K) From: 390K(17472K)->390K(17472K)
[25.327s][info ][gc,heap        ] GC(1652) Tenured: 3959K(349568K)->3959K(349568K)
[25.327s][info ][gc,metaspace   ] GC(1652) Metaspace: 9888K(10176K)->9888K(10176K) NonClass: 8754K(8896K)->8754K(8896K) Class: 1134K(1280K)->1134K(1280K)
[25.327s][info ][gc             ] GC(1652) Pause Young (Allocation Failure) 140M->4M(495M) 0.166ms
[25.327s][info ][gc,cpu         ] GC(1652) User=0.00s Sys=0.00s Real=0.00s
[25.337s][info ][gc,start       ] GC(1653) Pause Young (Allocation Failure)
[25.337s][debug][gc,age         ] GC(1653) Desired survivor size 8945664 bytes, new threshold 15 (max threshold 15)
[25.337s][trace][gc,age         ] GC(1653) Age table with threshold 15 (max threshold 15)
[25.337s][trace][gc,age         ] GC(1653) - age   1:     400208 bytes,     400208 total
[25.337s][info ][gc,heap        ] GC(1653) DefNew: 140294K(157376K)->390K(157376K) Eden: 139904K(139904K)->0K(139904K) From: 390K(17472K)->390K(17472K)
[25.337s][info ][gc,heap        ] GC(1653) Tenured: 3959K(349568K)->3959K(349568K)
[25.337s][info ][gc,metaspace   ] GC(1653) Metaspace: 9888K(10176K)->9888K(10176K) NonClass: 8754K(8896K)->8754K(8896K) Class: 1134K(1280K)->1134K(1280K)
[25.337s][info ][gc             ] GC(1653) Pause Young (Allocation Failure) 140M->4M(495M) 0.165ms
[25.337s][info ][gc,cpu         ] GC(1653) User=0.00s Sys=0.00s Real=0.00s
[25.347s][info ][gc,start       ] GC(1654) Pause Young (Allocation Failure)
[25.347s][debug][gc,age         ] GC(1654) Desired survivor size 8945664 bytes, new threshold 15 (max threshold 15)
[25.347s][trace][gc,age         ] GC(1654) Age table with threshold 15 (max threshold 15)
[25.347s][trace][gc,age         ] GC(1654) - age   1:     400208 bytes,     400208 total
[25.347s][info ][gc,heap        ] GC(1654) DefNew: 140294K(157376K)->390K(157376K) Eden: 139904K(139904K)->0K(139904K) From: 390K(17472K)->390K(17472K)
[25.347s][info ][gc,heap        ] GC(1654) Tenured: 3959K(349568K)->3959K(349568K)
[25.347s][info ][gc,metaspace   ] GC(1654) Metaspace: 9888K(10176K)->9888K(10176K) NonClass: 8754K(8896K)->8754K(8896K) Class: 1134K(1280K)->1134K(1280K)
[25.347s][info ][gc             ] GC(1654) Pause Young (Allocation Failure) 140M->4M(495M) 0.164ms
[25.347s][info ][gc,cpu         ] GC(1654) User=0.00s Sys=0.00s Real=0.00s
[25.357s][info ][gc,start       ] GC(1655) Pause Young (Allocation Failure)
[25.357s][debug][gc,age         ] GC(1655) Desired survivor size 8945664 bytes, new threshold 15 (max threshold 15)
[25.357s][trace][gc,age         ] GC(1655) Age table with threshold 15 (max threshold 15)
[25.357s][trace][gc,age         ] GC(1655) - age   1:     400208 bytes,     400208 total
[25.357s][info ][gc,heap        ] GC(1655) DefNew: 140294K(157376K)->390K(157376K) Eden: 139904K(139904K)->0K(139904K) From: 390K(17472K)->390K(17472K)
[25.357s][info ][gc,heap        ] GC(1655) Tenured: 3959K(349568K)->3959K(349568K)
[25.357s][info ][gc,metaspace   ] GC(1655) Metaspace: 9888K(10176K)->9888K(10176K) NonClass: 8754K(8896K)->8754K(8896K) Class: 1134K(1280K)->1134K(1280K)
[25.357s][info ][gc             ] GC(1655) Pause Young (Allocation Failure) 140M->4M(495M) 0.163ms
[25.357s][info ][gc,cpu         ] GC(1655) User=0.00s Sys=0.00s Real=0.00s
[25.367s][info ][gc,start       ] GC(1656) Pause Young (Allocation Failure)
[25.368s][debug][gc,age         ] GC(1656) Desired survivor size 8945664 bytes, new threshold 15 (max threshold 15)
[25.368s][trace][gc,age         ] GC(1656) Age table with threshold 15 (max threshold 15)
[25.368s][trace][gc,age         ] GC(1656) - age   1:     400208 bytes,     400208 total
[25.368s][info ][gc,heap        ] GC(1656) DefNew: 140294K(157376K)->390K(157376K) Eden: 139904K(139904K)->0K(139904K) From: 390K(17472K)->390K(17472K)
[25.368s][info ][gc,heap        ] GC(1656) Tenured: 3959K(349568K)->3959K(349568K)
[25.368s][info ][gc,metaspace   ] GC(1656) Metaspace: 9888K(10176K)->9888K(10176K) NonClass: 8754K(8896K)->8754K(8896K) Class: 1134K(1280K)->1134K(1280K)
[25.368s][info ][gc             ] GC(1656) Pause Young (Allocation Failure) 140M->4M(495M) 0.167ms
[25.368s][info ][gc,cpu         ] GC(1656) User=0.00s Sys=0.00s Real=0.00s
[25.378s][info ][gc,start       ] GC(1657) Pause Young (Allocation Failure)
[25.378s][debug][gc,age         ] GC(1657) Desired survivor size 8945664 bytes, new threshold 15 (max threshold 15)
[25.378s][trace][gc,age         ] GC(1657) Age table with threshold 15 (max threshold 15)
[25.378s][trace][gc,age         ] GC(1657) - age   1:     400208 bytes,     400208 total
[25.378s][info ][gc,heap        ] GC(1657) DefNew: 140294K(157376K)->390K(157376K) Eden: 139904K(139904K)->0K(139904K) From: 390K(17472K)->390K(17472K)
[25.378s][info ][gc,heap        ] GC(1657) Tenured: 3959K(349568K)->3959K(349568K)
[25.378s][info ][gc,metaspace   ] GC(1657) Metaspace: 9888K(10176K)->9888K(10176K) NonClass: 8754K(8896K)->8754K(8896K) Class: 1134K(1280K)->1134K(1280K)
[25.378s][info ][gc             ] GC(1657) Pause Young (Allocation Failure) 140M->4M(495M) 0.162ms
[25.378s][info ][gc,cpu         ] GC(1657) User=0.00s Sys=0.00s Real=0.00s
[25.388s][info ][gc,start       ] GC(1658) Pause Young (Allocation Failure)
[25.388s][debug][gc,age         ] GC(1658) Desired survivor size 8945664 bytes, new threshold 15 (max threshold 15)
[25.388s][trace][gc,age         ] GC(1658) Age table with threshold 15 (max threshold 15)
[25.388s][trace][gc,age         ] GC(1658) - age   1:     400208 bytes,     400208 total
[25.388s][info ][gc,heap        ] GC(1658) DefNew: 140294K(157376K)->390K(157376K) Eden: 139904K(139904K)->0K(139904K) From: 390K(17472K)->390K(17472K)
[25.388s][info ][gc,heap        ] GC(1658) Tenured: 3959K(349568K)->3959K(349568K)
[25.388s][info ][gc,metaspace   ] GC(1658) Metaspace: 9888K(10176K)->9888K(10176K) NonClass: 8754K(8896K)->8754K(8896K) Class: 1134K(1280K)->1134K(1280K)
[25.388s][info ][gc             ] GC(1658) Pause Young (Allocation Failure) 140M->4M(495M) 0.161ms
[25.388s][info ][gc,cpu         ] GC(1658) User=0.00s Sys=0.00s Real=0.00s
[25.398s][info ][gc,start       ] GC(1659) Pause Young (Allocation Failure)
[25.398s][debug][gc,age         ] GC(1659) Desired survivor size 8945664 bytes, new threshold 15 (max threshold 15)
[25.398s][trace][gc,age         ] GC(1659) Age table with threshold 15 (max threshold 15)
[25.398s][trace][gc,age         ] GC(1659) - age   1:     400208 bytes,     400208 total
[25.398s][info ][gc,heap        ] GC(1659) DefNew: 140294K(157376K)->390K(157376K) Eden: 139904K(139904K)->0K(139904K) From: 390K(17472K)->390K(17472K)
[25.398s][info ][gc,heap        ] GC(1659) Tenured: 3959K(349568K)->3959K(349568K)
[25.398s][info ][gc,metaspace   ] GC(1659) Metaspace: 9888K(10176K)->9888K(10176K) NonClass: 8754K(8896K)->8754K(8896K) Class: 1134K(1280K)->1134K(1280K)
[25.398s][info ][gc             ] GC(1659) Pause Young (Allocation Failure) 140M->4M(495M) 0.166ms
[25.398s][info ][gc,cpu         ] GC(1659) User=0.00s Sys=0.00s Real=0.00s
[25.408s][info ][gc,start       ] GC(1660) Pause Young (Allocation Failure)
[25.408s][debug][gc,age         ] GC(1660) Desired survivor size 8945664 bytes, new threshold 15 (max threshold 15)
[25.408s][trace][gc,age         ] GC(1660) Age table with threshold 15 (max threshold 15)
[25.408s][trace][gc,age         ] GC(1660) - age   1:     400208 bytes,     400208 total
[25.408s][info ][gc,heap        ] GC(1660) DefNew: 140294K(157376K)->390K(157376K) Eden: 139904K(139904K)->0K(139904K) From: 390K(17472K)->390K(17472K)
[25.408s][info ][gc,heap        ] GC(1660) Tenured: 3959K(349568K)->3959K(349568K)
[25.408s][info ][gc,metaspace   ] GC(1660) Metaspace: 9888K(10176K)->9888K(10176K) NonClass: 8754K(8896K)->8754K(8896K) Class: 1134K(1280K)->1134K(1280K)
[25.408s][info ][gc             ] GC(1660) Pause Young (Allocation Failure) 140M->4M(495M) 0.166ms
[25.408s][info ][gc,cpu         ] GC(1660) User=0.00s Sys=0.00s Real=0.00s
[25.418s][info ][gc,start       ] GC(1661) Pause Young (Allocation Failure)
[25.419s][debug][gc,age         ] GC(1661) Desired survivor size 8945664 bytes, new threshold 15 (max threshold 15)
[25.419s][trace][gc,age         ] GC(1661) Age table with threshold 15 (max threshold 15)
[25.419s][trace][gc,age         ] GC(1661) - age   1:     400208 bytes,     400208 total
[25.419s][info ][gc,heap        ] GC(1661) DefNew: 140294K(157376K)->390K(157376K) Eden: 139904K(139904K)->0K(139904K) From: 390K(17472K)->390K(17472K)
[25.419s][info ][gc,heap        ] GC(1661) Tenured: 3959K(349568K)->3959K(349568K)
[25.419s][info ][gc,metaspace   ] GC(1661) Metaspace: 9888K(10176K)->9888K(10176K) NonClass: 8754K(8896K)->8754K(8896K) Class: 1134K(1280K)->1134K(1280K)
[25.419s][info ][gc             ] GC(1661) Pause Young (Allocation Failure) 140M->4M(495M) 0.168ms
[25.419s][info ][gc,cpu         ] GC(1661) User=0.00s Sys=0.00s Real=0.00s
[25.429s][info ][gc,start       ] GC(1662) Pause Young (Allocation Failure)
[25.429s][debug][gc,age         ] GC(1662) Desired survivor size 8945664 bytes, new threshold 15 (max threshold 15)
[25.429s][trace][gc,age         ] GC(1662) Age table with threshold 15 (max threshold 15)
[25.429s][trace][gc,age         ] GC(1662) - age   1:     400208 bytes,     400208 total
[25.429s][info ][gc,heap        ] GC(1662) DefNew: 140294K(157376K)->390K(157376K) Eden: 139904K(139904K)->0K(139904K) From: 390K(17472K)->390K(17472K)
[25.429s][info ][gc,heap        ] GC(1662) Tenured: 3959K(349568K)->3959K(349568K)
[25.429s][info ][gc,metaspace   ] GC(1662) Metaspace: 9888K(10176K)->9888K(10176K) NonClass: 8754K(8896K)->8754K(8896K) Class: 1134K(1280K)->1134K(1280K)
[25.429s][info ][gc             ] GC(1662) Pause Young (Allocation Failure) 140M->4M(495M) 0.171ms
[25.429s][info ][gc,cpu         ] GC(1662) User=0.00s Sys=0.00s Real=0.00s
[25.439s][info ][gc,start       ] GC(1663) Pause Young (Allocation Failure)
[25.439s][debug][gc,age         ] GC(1663) Desired survivor size 8945664 bytes, new threshold 15 (max threshold 15)
[25.439s][trace][gc,age         ] GC(1663) Age table with threshold 15 (max threshold 15)
[25.439s][trace][gc,age         ] GC(1663) - age   1:     400208 bytes,     400208 total
[25.439s][info ][gc,heap        ] GC(1663) DefNew: 140294K(157376K)->390K(157376K) Eden: 139904K(139904K)->0K(139904K) From: 390K(17472K)->390K(17472K)
[25.439s][info ][gc,heap        ] GC(1663) Tenured: 3959K(349568K)->3959K(349568K)
[25.439s][info ][gc,metaspace   ] GC(1663) Metaspace: 9888K(10176K)->9888K(10176K) NonClass: 8754K(8896K)->8754K(8896K) Class: 1134K(1280K)->1134K(1280K)
[25.439s][info ][gc             ] GC(1663) Pause Young (Allocation Failure) 140M->4M(495M) 0.167ms
[25.439s][info ][gc,cpu         ] GC(1663) User=0.00s Sys=0.00s Real=0.00s
[25.449s][info ][gc,start       ] GC(1664) Pause Young (Allocation Failure)
[25.449s][debug][gc,age         ] GC(1664) Desired survivor size 8945664 bytes, new threshold 15 (max threshold 15)
[25.449s][trace][gc,age         ] GC(1664) Age table with threshold 15 (max threshold 15)
[25.449s][trace][gc,age         ] GC(1664) - age   1:     400208 bytes,     400208 total
[25.449s][info ][gc,heap        ] GC(1664) DefNew: 140294K(157376K)->390K(157376K) Eden: 139904K(139904K)->0K(139904K) From: 390K(17472K)->390K(17472K)
[25.449s][info ][gc,heap        ] GC(1664) Tenured: 3959K(349568K)->3959K(349568K)
[25.449s][info ][gc,metaspace   ] GC(1664) Metaspace: 9888K(10176K)->9888K(10176K) NonClass: 8754K(8896K)->8754K(8896K) Class: 1134K(1280K)->1134K(1280K)
[25.449s][info ][gc             ] GC(1664) Pause Young (Allocation Failure) 140M->4M(495M) 0.171ms
[25.449s][info ][gc,cpu         ] GC(1664) User=0.00s Sys=0.00s Real=0.00s
[25.459s][info ][gc,start       ] GC(1665) Pause Young (Allocation Failure)
[25.459s][debug][gc,age         ] GC(1665) Desired survivor size 8945664 bytes, new threshold 15 (max threshold 15)
[25.459s][trace][gc,age         ] GC(1665) Age table with threshold 15 (max threshold 15)
[25.459s][trace][gc,age         ] GC(1665) - age   1:     400208 bytes,     400208 total
[25.460s][info ][gc,heap        ] GC(1665) DefNew: 140294K(157376K)->390K(157376K) Eden: 139904K(139904K)->0K(139904K) From: 390K(17472K)->390K(17472K)
[25.460s][info ][gc,heap        ] GC(1665) Tenured: 3959K(349568K)->3959K(349568K)
[25.460s][info ][gc,metaspace   ] GC(1665) Metaspace: 9888K(10176K)->9888K(10176K) NonClass: 8754K(8896K)->8754K(8896K) Class: 1134K(1280K)->1134K(1280K)
[25.460s][info ][gc             ] GC(1665) Pause Young (Allocation Failure) 140M->4M(495M) 0.164ms
[25.460s][info ][gc,cpu         ] GC(1665) User=0.00s Sys=0.00s Real=0.00s
[25.470s][info ][gc,start       ] GC(1666) Pause Young (Allocation Failure)
[25.470s][debug][gc,age         ] GC(1666) Desired survivor size 8945664 bytes, new threshold 15 (max threshold 15)
[25.470s][trace][gc,age         ] GC(1666) Age table with threshold 15 (max threshold 15)
[25.470s][trace][gc,age         ] GC(1666) - age   1:     400208 bytes,     400208 total
[25.470s][info ][gc,heap        ] GC(1666) DefNew: 140294K(157376K)->390K(157376K) Eden: 139904K(139904K)->0K(139904K) From: 390K(17472K)->390K(17472K)
[25.470s][info ][gc,heap        ] GC(1666) Tenured: 3959K(349568K)->3959K(349568K)
[25.470s][info ][gc,metaspace   ] GC(1666) Metaspace: 9888K(10176K)->9888K(10176K) NonClass: 8754K(8896K)->8754K(8896K) Class: 1134K(1280K)->1134K(1280K)
[25.470s][info ][gc             ] GC(1666) Pause Young (Allocation Failure) 140M->4M(495M) 0.174ms
[25.470s][info ][gc,cpu         ] GC(1666) User=0.00s Sys=0.00s Real=0.00s
[25.480s][info ][gc,start       ] GC(1667) Pause Young (Allocation Failure)
[25.480s][debug][gc,age         ] GC(1667) Desired survivor size 8945664 bytes, new threshold 15 (max threshold 15)
[25.480s][trace][gc,age         ] GC(1667) Age table with threshold 15 (max threshold 15)
[25.480s][trace][gc,age         ] GC(1667) - age   1:     400208 bytes,     400208 total
[25.480s][info ][gc,heap        ] GC(1667) DefNew: 140294K(157376K)->390K(157376K) Eden: 139904K(139904K)->0K(139904K) From: 390K(17472K)->390K(17472K)
[25.480s][info ][gc,heap        ] GC(1667) Tenured: 3959K(349568K)->3959K(349568K)
[25.480s][info ][gc,metaspace   ] GC(1667) Metaspace: 9888K(10176K)->9888K(10176K) NonClass: 8754K(8896K)->8754K(8896K) Class: 1134K(1280K)->1134K(1280K)
[25.480s][info ][gc             ] GC(1667) Pause Young (Allocation Failure) 140M->4M(495M) 0.167ms
[25.480s][info ][gc,cpu         ] GC(1667) User=0.00s Sys=0.00s Real=0.00s
[25.490s][info ][gc,start       ] GC(1668) Pause Young (Allocation Failure)
[25.490s][debug][gc,age         ] GC(1668) Desired survivor size 8945664 bytes, new threshold 15 (max threshold 15)
[25.490s][trace][gc,age         ] GC(1668) Age table with threshold 15 (max threshold 15)
[25.490s][trace][gc,age         ] GC(1668) - age   1:     400208 bytes,     400208 total
[25.490s][info ][gc,heap        ] GC(1668) DefNew: 140294K(157376K)->390K(157376K) Eden: 139904K(139904K)->0K(139904K) From: 390K(17472K)->390K(17472K)
[25.490s][info ][gc,heap        ] GC(1668) Tenured: 3959K(349568K)->3959K(349568K)
[25.490s][info ][gc,metaspace   ] GC(1668) Metaspace: 9888K(10176K)->9888K(10176K) NonClass: 8754K(8896K)->8754K(8896K) Class: 1134K(1280K)->1134K(1280K)
[25.490s][info ][gc             ] GC(1668) Pause Young (Allocation Failure) 140M->4M(495M) 0.169ms
[25.490s][info ][gc,cpu         ] GC(1668) User=0.00s Sys=0.00s Real=0.01s
[25.500s][info ][gc,start       ] GC(1669) Pause Young (Allocation Failure)
[25.500s][debug][gc,age         ] GC(1669) Desired survivor size 8945664 bytes, new threshold 15 (max threshold 15)
[25.500s][trace][gc,age         ] GC(1669) Age table with threshold 15 (max threshold 15)
[25.500s][trace][gc,age         ] GC(1669) - age   1:     400208 bytes,     400208 total
[25.500s][info ][gc,heap        ] GC(1669) DefNew: 140294K(157376K)->390K(157376K) Eden: 139904K(139904K)->0K(139904K) From: 390K(17472K)->390K(17472K)
[25.500s][info ][gc,heap        ] GC(1669) Tenured: 3959K(349568K)->3959K(349568K)
[25.500s][info ][gc,metaspace   ] GC(1669) Metaspace: 9888K(10176K)->9888K(10176K) NonClass: 8754K(8896K)->8754K(8896K) Class: 1134K(1280K)->1134K(1280K)
[25.500s][info ][gc             ] GC(1669) Pause Young (Allocation Failure) 140M->4M(495M) 0.166ms
[25.500s][info ][gc,cpu         ] GC(1669) User=0.00s Sys=0.00s Real=0.00s
[25.511s][info ][gc,start       ] GC(1670) Pause Young (Allocation Failure)
[25.511s][debug][gc,age         ] GC(1670) Desired survivor size 8945664 bytes, new threshold 15 (max threshold 15)
[25.511s][trace][gc,age         ] GC(1670) Age table with threshold 15 (max threshold 15)
[25.511s][trace][gc,age         ] GC(1670) - age   1:     400208 bytes,     400208 total
[25.511s][info ][gc,heap        ] GC(1670) DefNew: 140294K(157376K)->390K(157376K) Eden: 139904K(139904K)->0K(139904K) From: 390K(17472K)->390K(17472K)
[25.511s][info ][gc,heap        ] GC(1670) Tenured: 3959K(349568K)->3959K(349568K)
[25.511s][info ][gc,metaspace   ] GC(1670) Metaspace: 9888K(10176K)->9888K(10176K) NonClass: 8754K(8896K)->8754K(8896K) Class: 1134K(1280K)->1134K(1280K)
[25.511s][info ][gc             ] GC(1670) Pause Young (Allocation Failure) 140M->4M(495M) 0.165ms
[25.511s][info ][gc,cpu         ] GC(1670) User=0.00s Sys=0.00s Real=0.00s
[25.521s][info ][gc,start       ] GC(1671) Pause Young (Allocation Failure)
[25.521s][debug][gc,age         ] GC(1671) Desired survivor size 8945664 bytes, new threshold 15 (max threshold 15)
[25.521s][trace][gc,age         ] GC(1671) Age table with threshold 15 (max threshold 15)
[25.521s][trace][gc,age         ] GC(1671) - age   1:     400208 bytes,     400208 total
[25.521s][info ][gc,heap        ] GC(1671) DefNew: 140294K(157376K)->390K(157376K) Eden: 139904K(139904K)->0K(139904K) From: 390K(17472K)->390K(17472K)
[25.521s][info ][gc,heap        ] GC(1671) Tenured: 3959K(349568K)->3959K(349568K)
[25.521s][info ][gc,metaspace   ] GC(1671) Metaspace: 9888K(10176K)->9888K(10176K) NonClass: 8754K(8896K)->8754K(8896K) Class: 1134K(1280K)->1134K(1280K)
[25.521s][info ][gc             ] GC(1671) Pause Young (Allocation Failure) 140M->4M(495M) 0.169ms
[25.521s][info ][gc,cpu         ] GC(1671) User=0.00s Sys=0.00s Real=0.00s
[25.531s][info ][gc,start       ] GC(1672) Pause Young (Allocation Failure)
[25.531s][debug][gc,age         ] GC(1672) Desired survivor size 8945664 bytes, new threshold 15 (max threshold 15)
[25.531s][trace][gc,age         ] GC(1672) Age table with threshold 15 (max threshold 15)
[25.531s][trace][gc,age         ] GC(1672) - age   1:     400208 bytes,     400208 total
[25.531s][info ][gc,heap        ] GC(1672) DefNew: 140294K(157376K)->390K(157376K) Eden: 139904K(139904K)->0K(139904K) From: 390K(17472K)->390K(17472K)
[25.531s][info ][gc,heap        ] GC(1672) Tenured: 3959K(349568K)->3959K(349568K)
[25.531s][info ][gc,metaspace   ] GC(1672) Metaspace: 9888K(10176K)->9888K(10176K) NonClass: 8754K(8896K)->8754K(8896K) Class: 1134K(1280K)->1134K(1280K)
[25.531s][info ][gc             ] GC(1672) Pause Young (Allocation Failure) 140M->4M(495M) 0.172ms
[25.531s][info ][gc,cpu         ] GC(1672) User=0.00s Sys=0.00s Real=0.00s
[25.541s][info ][gc,start       ] GC(1673) Pause Young (Allocation Failure)
[25.541s][debug][gc,age         ] GC(1673) Desired survivor size 8945664 bytes, new threshold 15 (max threshold 15)
[25.541s][trace][gc,age         ] GC(1673) Age table with threshold 15 (max threshold 15)
[25.541s][trace][gc,age         ] GC(1673) - age   1:     400208 bytes,     400208 total
[25.541s][info ][gc,heap        ] GC(1673) DefNew: 140294K(157376K)->390K(157376K) Eden: 139904K(139904K)->0K(139904K) From: 390K(17472K)->390K(17472K)
[25.541s][info ][gc,heap        ] GC(1673) Tenured: 3959K(349568K)->3959K(349568K)
[25.541s][info ][gc,metaspace   ] GC(1673) Metaspace: 9888K(10176K)->9888K(10176K) NonClass: 8754K(8896K)->8754K(8896K) Class: 1134K(1280K)->1134K(1280K)
[25.541s][info ][gc             ] GC(1673) Pause Young (Allocation Failure) 140M->4M(495M) 0.165ms
[25.541s][info ][gc,cpu         ] GC(1673) User=0.00s Sys=0.00s Real=0.00s
[25.551s][info ][gc,start       ] GC(1674) Pause Young (Allocation Failure)
[25.552s][debug][gc,age         ] GC(1674) Desired survivor size 8945664 bytes, new threshold 15 (max threshold 15)
[25.552s][trace][gc,age         ] GC(1674) Age table with threshold 15 (max threshold 15)
[25.552s][trace][gc,age         ] GC(1674) - age   1:     400208 bytes,     400208 total
[25.552s][info ][gc,heap        ] GC(1674) DefNew: 140294K(157376K)->390K(157376K) Eden: 139904K(139904K)->0K(139904K) From: 390K(17472K)->390K(17472K)
[25.552s][info ][gc,heap        ] GC(1674) Tenured: 3959K(349568K)->3959K(349568K)
[25.552s][info ][gc,metaspace   ] GC(1674) Metaspace: 9888K(10176K)->9888K(10176K) NonClass: 8754K(8896K)->8754K(8896K) Class: 1134K(1280K)->1134K(1280K)
[25.552s][info ][gc             ] GC(1674) Pause Young (Allocation Failure) 140M->4M(495M) 0.162ms
[25.552s][info ][gc,cpu         ] GC(1674) User=0.00s Sys=0.00s Real=0.00s
[25.562s][info ][gc,start       ] GC(1675) Pause Young (Allocation Failure)
[25.562s][debug][gc,age         ] GC(1675) Desired survivor size 8945664 bytes, new threshold 15 (max threshold 15)
[25.562s][trace][gc,age         ] GC(1675) Age table with threshold 15 (max threshold 15)
[25.562s][trace][gc,age         ] GC(1675) - age   1:     400208 bytes,     400208 total
[25.562s][info ][gc,heap        ] GC(1675) DefNew: 140294K(157376K)->390K(157376K) Eden: 139904K(139904K)->0K(139904K) From: 390K(17472K)->390K(17472K)
[25.562s][info ][gc,heap        ] GC(1675) Tenured: 3959K(349568K)->3959K(349568K)
[25.562s][info ][gc,metaspace   ] GC(1675) Metaspace: 9888K(10176K)->9888K(10176K) NonClass: 8754K(8896K)->8754K(8896K) Class: 1134K(1280K)->1134K(1280K)
[25.562s][info ][gc             ] GC(1675) Pause Young (Allocation Failure) 140M->4M(495M) 0.166ms
[25.562s][info ][gc,cpu         ] GC(1675) User=0.00s Sys=0.00s Real=0.00s
[25.572s][info ][gc,start       ] GC(1676) Pause Young (Allocation Failure)
[25.572s][debug][gc,age         ] GC(1676) Desired survivor size 8945664 bytes, new threshold 15 (max threshold 15)
[25.572s][trace][gc,age         ] GC(1676) Age table with threshold 15 (max threshold 15)
[25.572s][trace][gc,age         ] GC(1676) - age   1:     400208 bytes,     400208 total
[25.572s][info ][gc,heap        ] GC(1676) DefNew: 140294K(157376K)->390K(157376K) Eden: 139904K(139904K)->0K(139904K) From: 390K(17472K)->390K(17472K)
[25.572s][info ][gc,heap        ] GC(1676) Tenured: 3959K(349568K)->3959K(349568K)
[25.572s][info ][gc,metaspace   ] GC(1676) Metaspace: 9888K(10176K)->9888K(10176K) NonClass: 8754K(8896K)->8754K(8896K) Class: 1134K(1280K)->1134K(1280K)
[25.572s][info ][gc             ] GC(1676) Pause Young (Allocation Failure) 140M->4M(495M) 0.168ms
[25.572s][info ][gc,cpu         ] GC(1676) User=0.00s Sys=0.00s Real=0.00s
[25.582s][info ][gc,start       ] GC(1677) Pause Young (Allocation Failure)
[25.582s][debug][gc,age         ] GC(1677) Desired survivor size 8945664 bytes, new threshold 15 (max threshold 15)
[25.582s][trace][gc,age         ] GC(1677) Age table with threshold 15 (max threshold 15)
[25.582s][trace][gc,age         ] GC(1677) - age   1:     400208 bytes,     400208 total
[25.582s][info ][gc,heap        ] GC(1677) DefNew: 140294K(157376K)->390K(157376K) Eden: 139904K(139904K)->0K(139904K) From: 390K(17472K)->390K(17472K)
[25.582s][info ][gc,heap        ] GC(1677) Tenured: 3959K(349568K)->3959K(349568K)
[25.582s][info ][gc,metaspace   ] GC(1677) Metaspace: 9888K(10176K)->9888K(10176K) NonClass: 8754K(8896K)->8754K(8896K) Class: 1134K(1280K)->1134K(1280K)
[25.582s][info ][gc             ] GC(1677) Pause Young (Allocation Failure) 140M->4M(495M) 0.161ms
[25.582s][info ][gc,cpu         ] GC(1677) User=0.00s Sys=0.00s Real=0.00s
[25.592s][info ][gc,start       ] GC(1678) Pause Young (Allocation Failure)
[25.593s][debug][gc,age         ] GC(1678) Desired survivor size 8945664 bytes, new threshold 15 (max threshold 15)
[25.593s][trace][gc,age         ] GC(1678) Age table with threshold 15 (max threshold 15)
[25.593s][trace][gc,age         ] GC(1678) - age   1:     400208 bytes,     400208 total
[25.593s][info ][gc,heap        ] GC(1678) DefNew: 140294K(157376K)->390K(157376K) Eden: 139904K(139904K)->0K(139904K) From: 390K(17472K)->390K(17472K)
[25.593s][info ][gc,heap        ] GC(1678) Tenured: 3959K(349568K)->3959K(349568K)
[25.593s][info ][gc,metaspace   ] GC(1678) Metaspace: 9888K(10176K)->9888K(10176K) NonClass: 8754K(8896K)->8754K(8896K) Class: 1134K(1280K)->1134K(1280K)
[25.593s][info ][gc             ] GC(1678) Pause Young (Allocation Failure) 140M->4M(495M) 0.169ms
[25.593s][info ][gc,cpu         ] GC(1678) User=0.00s Sys=0.00s Real=0.00s
[25.603s][info ][gc,start       ] GC(1679) Pause Young (Allocation Failure)
[25.603s][debug][gc,age         ] GC(1679) Desired survivor size 8945664 bytes, new threshold 15 (max threshold 15)
[25.603s][trace][gc,age         ] GC(1679) Age table with threshold 15 (max threshold 15)
[25.603s][trace][gc,age         ] GC(1679) - age   1:     400208 bytes,     400208 total
[25.603s][info ][gc,heap        ] GC(1679) DefNew: 140294K(157376K)->390K(157376K) Eden: 139904K(139904K)->0K(139904K) From: 390K(17472K)->390K(17472K)
[25.603s][info ][gc,heap        ] GC(1679) Tenured: 3959K(349568K)->3959K(349568K)
[25.603s][info ][gc,metaspace   ] GC(1679) Metaspace: 9888K(10176K)->9888K(10176K) NonClass: 8754K(8896K)->8754K(8896K) Class: 1134K(1280K)->1134K(1280K)
[25.603s][info ][gc             ] GC(1679) Pause Young (Allocation Failure) 140M->4M(495M) 0.165ms
[25.603s][info ][gc,cpu         ] GC(1679) User=0.00s Sys=0.00s Real=0.00s
[25.613s][info ][gc,start       ] GC(1680) Pause Young (Allocation Failure)
[25.613s][debug][gc,age         ] GC(1680) Desired survivor size 8945664 bytes, new threshold 15 (max threshold 15)
[25.613s][trace][gc,age         ] GC(1680) Age table with threshold 15 (max threshold 15)
[25.613s][trace][gc,age         ] GC(1680) - age   1:     400208 bytes,     400208 total
[25.613s][info ][gc,heap        ] GC(1680) DefNew: 140294K(157376K)->390K(157376K) Eden: 139904K(139904K)->0K(139904K) From: 390K(17472K)->390K(17472K)
[25.613s][info ][gc,heap        ] GC(1680) Tenured: 3959K(349568K)->3959K(349568K)
[25.613s][info ][gc,metaspace   ] GC(1680) Metaspace: 9888K(10176K)->9888K(10176K) NonClass: 8754K(8896K)->8754K(8896K) Class: 1134K(1280K)->1134K(1280K)
[25.613s][info ][gc             ] GC(1680) Pause Young (Allocation Failure) 140M->4M(495M) 0.163ms
[25.613s][info ][gc,cpu         ] GC(1680) User=0.00s Sys=0.00s Real=0.00s
[25.623s][info ][gc,start       ] GC(1681) Pause Young (Allocation Failure)
[25.623s][debug][gc,age         ] GC(1681) Desired survivor size 8945664 bytes, new threshold 15 (max threshold 15)
[25.623s][trace][gc,age         ] GC(1681) Age table with threshold 15 (max threshold 15)
[25.623s][trace][gc,age         ] GC(1681) - age   1:     400208 bytes,     400208 total
[25.623s][info ][gc,heap        ] GC(1681) DefNew: 140294K(157376K)->390K(157376K) Eden: 139904K(139904K)->0K(139904K) From: 390K(17472K)->390K(17472K)
[25.623s][info ][gc,heap        ] GC(1681) Tenured: 3959K(349568K)->3959K(349568K)
[25.623s][info ][gc,metaspace   ] GC(1681) Metaspace: 9888K(10176K)->9888K(10176K) NonClass: 8754K(8896K)->8754K(8896K) Class: 1134K(1280K)->1134K(1280K)
[25.623s][info ][gc             ] GC(1681) Pause Young (Allocation Failure) 140M->4M(495M) 0.164ms
[25.623s][info ][gc,cpu         ] GC(1681) User=0.00s Sys=0.00s Real=0.00s
[25.633s][info ][gc,start       ] GC(1682) Pause Young (Allocation Failure)
[25.633s][debug][gc,age         ] GC(1682) Desired survivor size 8945664 bytes, new threshold 15 (max threshold 15)
[25.633s][trace][gc,age         ] GC(1682) Age table with threshold 15 (max threshold 15)
[25.633s][trace][gc,age         ] GC(1682) - age   1:     400208 bytes,     400208 total
[25.633s][info ][gc,heap        ] GC(1682) DefNew: 140294K(157376K)->390K(157376K) Eden: 139904K(139904K)->0K(139904K) From: 390K(17472K)->390K(17472K)
[25.633s][info ][gc,heap        ] GC(1682) Tenured: 3959K(349568K)->3959K(349568K)
[25.633s][info ][gc,metaspace   ] GC(1682) Metaspace: 9888K(10176K)->9888K(10176K) NonClass: 8754K(8896K)->8754K(8896K) Class: 1134K(1280K)->1134K(1280K)
[25.633s][info ][gc             ] GC(1682) Pause Young (Allocation Failure) 140M->4M(495M) 0.166ms
[25.633s][info ][gc,cpu         ] GC(1682) User=0.00s Sys=0.00s Real=0.00s
[25.643s][info ][gc,start       ] GC(1683) Pause Young (Allocation Failure)
[25.644s][debug][gc,age         ] GC(1683) Desired survivor size 8945664 bytes, new threshold 15 (max threshold 15)
[25.644s][trace][gc,age         ] GC(1683) Age table with threshold 15 (max threshold 15)
[25.644s][trace][gc,age         ] GC(1683) - age   1:     400208 bytes,     400208 total
[25.644s][info ][gc,heap        ] GC(1683) DefNew: 140294K(157376K)->390K(157376K) Eden: 139904K(139904K)->0K(139904K) From: 390K(17472K)->390K(17472K)
[25.644s][info ][gc,heap        ] GC(1683) Tenured: 3959K(349568K)->3959K(349568K)
[25.644s][info ][gc,metaspace   ] GC(1683) Metaspace: 9888K(10176K)->9888K(10176K) NonClass: 8754K(8896K)->8754K(8896K) Class: 1134K(1280K)->1134K(1280K)
[25.644s][info ][gc             ] GC(1683) Pause Young (Allocation Failure) 140M->4M(495M) 0.163ms
[25.644s][info ][gc,cpu         ] GC(1683) User=0.00s Sys=0.00s Real=0.00s
[25.654s][info ][gc,start       ] GC(1684) Pause Young (Allocation Failure)
[25.654s][debug][gc,age         ] GC(1684) Desired survivor size 8945664 bytes, new threshold 15 (max threshold 15)
[25.654s][trace][gc,age         ] GC(1684) Age table with threshold 15 (max threshold 15)
[25.654s][trace][gc,age         ] GC(1684) - age   1:     400208 bytes,     400208 total
[25.654s][info ][gc,heap        ] GC(1684) DefNew: 140294K(157376K)->390K(157376K) Eden: 139904K(139904K)->0K(139904K) From: 390K(17472K)->390K(17472K)
[25.654s][info ][gc,heap        ] GC(1684) Tenured: 3959K(349568K)->3959K(349568K)
[25.654s][info ][gc,metaspace   ] GC(1684) Metaspace: 9888K(10176K)->9888K(10176K) NonClass: 8754K(8896K)->8754K(8896K) Class: 1134K(1280K)->1134K(1280K)
[25.654s][info ][gc             ] GC(1684) Pause Young (Allocation Failure) 140M->4M(495M) 0.168ms
[25.654s][info ][gc,cpu         ] GC(1684) User=0.00s Sys=0.00s Real=0.00s
[25.664s][info ][gc,start       ] GC(1685) Pause Young (Allocation Failure)
[25.664s][debug][gc,age         ] GC(1685) Desired survivor size 8945664 bytes, new threshold 15 (max threshold 15)
[25.664s][trace][gc,age         ] GC(1685) Age table with threshold 15 (max threshold 15)
[25.664s][trace][gc,age         ] GC(1685) - age   1:     400208 bytes,     400208 total
[25.664s][info ][gc,heap        ] GC(1685) DefNew: 140294K(157376K)->390K(157376K) Eden: 139904K(139904K)->0K(139904K) From: 390K(17472K)->390K(17472K)
[25.664s][info ][gc,heap        ] GC(1685) Tenured: 3959K(349568K)->3959K(349568K)
[25.664s][info ][gc,metaspace   ] GC(1685) Metaspace: 9888K(10176K)->9888K(10176K) NonClass: 8754K(8896K)->8754K(8896K) Class: 1134K(1280K)->1134K(1280K)
[25.664s][info ][gc             ] GC(1685) Pause Young (Allocation Failure) 140M->4M(495M) 0.161ms
[25.664s][info ][gc,cpu         ] GC(1685) User=0.00s Sys=0.00s Real=0.00s
[25.674s][info ][gc,start       ] GC(1686) Pause Young (Allocation Failure)
[25.674s][debug][gc,age         ] GC(1686) Desired survivor size 8945664 bytes, new threshold 15 (max threshold 15)
[25.674s][trace][gc,age         ] GC(1686) Age table with threshold 15 (max threshold 15)
[25.674s][trace][gc,age         ] GC(1686) - age   1:     400208 bytes,     400208 total
[25.674s][info ][gc,heap        ] GC(1686) DefNew: 140294K(157376K)->390K(157376K) Eden: 139904K(139904K)->0K(139904K) From: 390K(17472K)->390K(17472K)
[25.674s][info ][gc,heap        ] GC(1686) Tenured: 3959K(349568K)->3959K(349568K)
[25.674s][info ][gc,metaspace   ] GC(1686) Metaspace: 9888K(10176K)->9888K(10176K) NonClass: 8754K(8896K)->8754K(8896K) Class: 1134K(1280K)->1134K(1280K)
[25.674s][info ][gc             ] GC(1686) Pause Young (Allocation Failure) 140M->4M(495M) 0.168ms
[25.674s][info ][gc,cpu         ] GC(1686) User=0.00s Sys=0.00s Real=0.00s
[25.684s][info ][gc,start       ] GC(1687) Pause Young (Allocation Failure)
[25.684s][debug][gc,age         ] GC(1687) Desired survivor size 8945664 bytes, new threshold 15 (max threshold 15)
[25.684s][trace][gc,age         ] GC(1687) Age table with threshold 15 (max threshold 15)
[25.684s][trace][gc,age         ] GC(1687) - age   1:     400208 bytes,     400208 total
[25.684s][info ][gc,heap        ] GC(1687) DefNew: 140294K(157376K)->390K(157376K) Eden: 139904K(139904K)->0K(139904K) From: 390K(17472K)->390K(17472K)
[25.684s][info ][gc,heap        ] GC(1687) Tenured: 3959K(349568K)->3959K(349568K)
[25.684s][info ][gc,metaspace   ] GC(1687) Metaspace: 9888K(10176K)->9888K(10176K) NonClass: 8754K(8896K)->8754K(8896K) Class: 1134K(1280K)->1134K(1280K)
[25.684s][info ][gc             ] GC(1687) Pause Young (Allocation Failure) 140M->4M(495M) 0.166ms
[25.684s][info ][gc,cpu         ] GC(1687) User=0.00s Sys=0.00s Real=0.00s
[25.695s][info ][gc,start       ] GC(1688) Pause Young (Allocation Failure)
[25.695s][debug][gc,age         ] GC(1688) Desired survivor size 8945664 bytes, new threshold 15 (max threshold 15)
[25.695s][trace][gc,age         ] GC(1688) Age table with threshold 15 (max threshold 15)
[25.695s][trace][gc,age         ] GC(1688) - age   1:     400208 bytes,     400208 total
[25.695s][info ][gc,heap        ] GC(1688) DefNew: 140294K(157376K)->390K(157376K) Eden: 139904K(139904K)->0K(139904K) From: 390K(17472K)->390K(17472K)
[25.695s][info ][gc,heap        ] GC(1688) Tenured: 3959K(349568K)->3959K(349568K)
[25.695s][info ][gc,metaspace   ] GC(1688) Metaspace: 9888K(10176K)->9888K(10176K) NonClass: 8754K(8896K)->8754K(8896K) Class: 1134K(1280K)->1134K(1280K)
[25.695s][info ][gc             ] GC(1688) Pause Young (Allocation Failure) 140M->4M(495M) 0.176ms
[25.695s][info ][gc,cpu         ] GC(1688) User=0.00s Sys=0.00s Real=0.00s
[25.705s][info ][gc,start       ] GC(1689) Pause Young (Allocation Failure)
[25.705s][debug][gc,age         ] GC(1689) Desired survivor size 8945664 bytes, new threshold 15 (max threshold 15)
[25.705s][trace][gc,age         ] GC(1689) Age table with threshold 15 (max threshold 15)
[25.705s][trace][gc,age         ] GC(1689) - age   1:     400208 bytes,     400208 total
[25.705s][info ][gc,heap        ] GC(1689) DefNew: 140294K(157376K)->390K(157376K) Eden: 139904K(139904K)->0K(139904K) From: 390K(17472K)->390K(17472K)
[25.705s][info ][gc,heap        ] GC(1689) Tenured: 3959K(349568K)->3959K(349568K)
[25.705s][info ][gc,metaspace   ] GC(1689) Metaspace: 9888K(10176K)->9888K(10176K) NonClass: 8754K(8896K)->8754K(8896K) Class: 1134K(1280K)->1134K(1280K)
[25.705s][info ][gc             ] GC(1689) Pause Young (Allocation Failure) 140M->4M(495M) 0.166ms
[25.705s][info ][gc,cpu         ] GC(1689) User=0.00s Sys=0.00s Real=0.00s
[25.715s][info ][gc,start       ] GC(1690) Pause Young (Allocation Failure)
[25.715s][debug][gc,age         ] GC(1690) Desired survivor size 8945664 bytes, new threshold 15 (max threshold 15)
[25.715s][trace][gc,age         ] GC(1690) Age table with threshold 15 (max threshold 15)
[25.715s][trace][gc,age         ] GC(1690) - age   1:     400208 bytes,     400208 total
[25.715s][info ][gc,heap        ] GC(1690) DefNew: 140294K(157376K)->390K(157376K) Eden: 139904K(139904K)->0K(139904K) From: 390K(17472K)->390K(17472K)
[25.715s][info ][gc,heap        ] GC(1690) Tenured: 3959K(349568K)->3959K(349568K)
[25.715s][info ][gc,metaspace   ] GC(1690) Metaspace: 9888K(10176K)->9888K(10176K) NonClass: 8754K(8896K)->8754K(8896K) Class: 1134K(1280K)->1134K(1280K)
[25.715s][info ][gc             ] GC(1690) Pause Young (Allocation Failure) 140M->4M(495M) 0.169ms
[25.715s][info ][gc,cpu         ] GC(1690) User=0.00s Sys=0.00s Real=0.00s
[25.725s][info ][gc,start       ] GC(1691) Pause Young (Allocation Failure)
[25.725s][debug][gc,age         ] GC(1691) Desired survivor size 8945664 bytes, new threshold 15 (max threshold 15)
[25.725s][trace][gc,age         ] GC(1691) Age table with threshold 15 (max threshold 15)
[25.725s][trace][gc,age         ] GC(1691) - age   1:     400208 bytes,     400208 total
[25.725s][info ][gc,heap        ] GC(1691) DefNew: 140294K(157376K)->390K(157376K) Eden: 139904K(139904K)->0K(139904K) From: 390K(17472K)->390K(17472K)
[25.725s][info ][gc,heap        ] GC(1691) Tenured: 3959K(349568K)->3959K(349568K)
[25.725s][info ][gc,metaspace   ] GC(1691) Metaspace: 9888K(10176K)->9888K(10176K) NonClass: 8754K(8896K)->8754K(8896K) Class: 1134K(1280K)->1134K(1280K)
[25.725s][info ][gc             ] GC(1691) Pause Young (Allocation Failure) 140M->4M(495M) 0.166ms
[25.725s][info ][gc,cpu         ] GC(1691) User=0.00s Sys=0.00s Real=0.00s
[25.735s][info ][gc,start       ] GC(1692) Pause Young (Allocation Failure)
[25.736s][debug][gc,age         ] GC(1692) Desired survivor size 8945664 bytes, new threshold 15 (max threshold 15)
[25.736s][trace][gc,age         ] GC(1692) Age table with threshold 15 (max threshold 15)
[25.736s][trace][gc,age         ] GC(1692) - age   1:     400208 bytes,     400208 total
[25.736s][info ][gc,heap        ] GC(1692) DefNew: 140294K(157376K)->390K(157376K) Eden: 139904K(139904K)->0K(139904K) From: 390K(17472K)->390K(17472K)
[25.736s][info ][gc,heap        ] GC(1692) Tenured: 3959K(349568K)->3959K(349568K)
[25.736s][info ][gc,metaspace   ] GC(1692) Metaspace: 9888K(10176K)->9888K(10176K) NonClass: 8754K(8896K)->8754K(8896K) Class: 1134K(1280K)->1134K(1280K)
[25.736s][info ][gc             ] GC(1692) Pause Young (Allocation Failure) 140M->4M(495M) 0.166ms
[25.736s][info ][gc,cpu         ] GC(1692) User=0.00s Sys=0.00s Real=0.00s
[25.746s][info ][gc,start       ] GC(1693) Pause Young (Allocation Failure)
[25.746s][debug][gc,age         ] GC(1693) Desired survivor size 8945664 bytes, new threshold 15 (max threshold 15)
[25.746s][trace][gc,age         ] GC(1693) Age table with threshold 15 (max threshold 15)
[25.746s][trace][gc,age         ] GC(1693) - age   1:     400208 bytes,     400208 total
[25.746s][info ][gc,heap        ] GC(1693) DefNew: 140294K(157376K)->390K(157376K) Eden: 139904K(139904K)->0K(139904K) From: 390K(17472K)->390K(17472K)
[25.746s][info ][gc,heap        ] GC(1693) Tenured: 3959K(349568K)->3959K(349568K)
[25.746s][info ][gc,metaspace   ] GC(1693) Metaspace: 9888K(10176K)->9888K(10176K) NonClass: 8754K(8896K)->8754K(8896K) Class: 1134K(1280K)->1134K(1280K)
[25.746s][info ][gc             ] GC(1693) Pause Young (Allocation Failure) 140M->4M(495M) 0.161ms
[25.746s][info ][gc,cpu         ] GC(1693) User=0.00s Sys=0.00s Real=0.00s
[25.756s][info ][gc,start       ] GC(1694) Pause Young (Allocation Failure)
[25.756s][debug][gc,age         ] GC(1694) Desired survivor size 8945664 bytes, new threshold 15 (max threshold 15)
[25.756s][trace][gc,age         ] GC(1694) Age table with threshold 15 (max threshold 15)
[25.756s][trace][gc,age         ] GC(1694) - age   1:     400208 bytes,     400208 total
[25.756s][info ][gc,heap        ] GC(1694) DefNew: 140294K(157376K)->390K(157376K) Eden: 139904K(139904K)->0K(139904K) From: 390K(17472K)->390K(17472K)
[25.756s][info ][gc,heap        ] GC(1694) Tenured: 3959K(349568K)->3959K(349568K)
[25.756s][info ][gc,metaspace   ] GC(1694) Metaspace: 9888K(10176K)->9888K(10176K) NonClass: 8754K(8896K)->8754K(8896K) Class: 1134K(1280K)->1134K(1280K)
[25.756s][info ][gc             ] GC(1694) Pause Young (Allocation Failure) 140M->4M(495M) 0.162ms
[25.756s][info ][gc,cpu         ] GC(1694) User=0.00s Sys=0.00s Real=0.00s
[25.766s][info ][gc,start       ] GC(1695) Pause Young (Allocation Failure)
[25.766s][debug][gc,age         ] GC(1695) Desired survivor size 8945664 bytes, new threshold 15 (max threshold 15)
[25.766s][trace][gc,age         ] GC(1695) Age table with threshold 15 (max threshold 15)
[25.766s][trace][gc,age         ] GC(1695) - age   1:     400208 bytes,     400208 total
[25.766s][info ][gc,heap        ] GC(1695) DefNew: 140294K(157376K)->390K(157376K) Eden: 139904K(139904K)->0K(139904K) From: 390K(17472K)->390K(17472K)
[25.766s][info ][gc,heap        ] GC(1695) Tenured: 3959K(349568K)->3959K(349568K)
[25.766s][info ][gc,metaspace   ] GC(1695) Metaspace: 9888K(10176K)->9888K(10176K) NonClass: 8754K(8896K)->8754K(8896K) Class: 1134K(1280K)->1134K(1280K)
[25.766s][info ][gc             ] GC(1695) Pause Young (Allocation Failure) 140M->4M(495M) 0.170ms
[25.766s][info ][gc,cpu         ] GC(1695) User=0.00s Sys=0.00s Real=0.00s
[25.776s][info ][gc,start       ] GC(1696) Pause Young (Allocation Failure)
[25.776s][debug][gc,age         ] GC(1696) Desired survivor size 8945664 bytes, new threshold 15 (max threshold 15)
[25.776s][trace][gc,age         ] GC(1696) Age table with threshold 15 (max threshold 15)
[25.776s][trace][gc,age         ] GC(1696) - age   1:     400208 bytes,     400208 total
[25.776s][info ][gc,heap        ] GC(1696) DefNew: 140294K(157376K)->390K(157376K) Eden: 139904K(139904K)->0K(139904K) From: 390K(17472K)->390K(17472K)
[25.776s][info ][gc,heap        ] GC(1696) Tenured: 3959K(349568K)->3959K(349568K)
[25.776s][info ][gc,metaspace   ] GC(1696) Metaspace: 9888K(10176K)->9888K(10176K) NonClass: 8754K(8896K)->8754K(8896K) Class: 1134K(1280K)->1134K(1280K)
[25.776s][info ][gc             ] GC(1696) Pause Young (Allocation Failure) 140M->4M(495M) 0.162ms
[25.776s][info ][gc,cpu         ] GC(1696) User=0.00s Sys=0.00s Real=0.00s
[25.787s][info ][gc,start       ] GC(1697) Pause Young (Allocation Failure)
[25.787s][debug][gc,age         ] GC(1697) Desired survivor size 8945664 bytes, new threshold 15 (max threshold 15)
[25.787s][trace][gc,age         ] GC(1697) Age table with threshold 15 (max threshold 15)
[25.787s][trace][gc,age         ] GC(1697) - age   1:     400208 bytes,     400208 total
[25.787s][info ][gc,heap        ] GC(1697) DefNew: 140294K(157376K)->390K(157376K) Eden: 139904K(139904K)->0K(139904K) From: 390K(17472K)->390K(17472K)
[25.787s][info ][gc,heap        ] GC(1697) Tenured: 3959K(349568K)->3959K(349568K)
[25.787s][info ][gc,metaspace   ] GC(1697) Metaspace: 9888K(10176K)->9888K(10176K) NonClass: 8754K(8896K)->8754K(8896K) Class: 1134K(1280K)->1134K(1280K)
[25.787s][info ][gc             ] GC(1697) Pause Young (Allocation Failure) 140M->4M(495M) 0.170ms
[25.787s][info ][gc,cpu         ] GC(1697) User=0.00s Sys=0.00s Real=0.00s
[25.797s][info ][gc,start       ] GC(1698) Pause Young (Allocation Failure)
[25.797s][debug][gc,age         ] GC(1698) Desired survivor size 8945664 bytes, new threshold 15 (max threshold 15)
[25.797s][trace][gc,age         ] GC(1698) Age table with threshold 15 (max threshold 15)
[25.797s][trace][gc,age         ] GC(1698) - age   1:     400208 bytes,     400208 total
[25.797s][info ][gc,heap        ] GC(1698) DefNew: 140294K(157376K)->390K(157376K) Eden: 139904K(139904K)->0K(139904K) From: 390K(17472K)->390K(17472K)
[25.797s][info ][gc,heap        ] GC(1698) Tenured: 3959K(349568K)->3959K(349568K)
[25.797s][info ][gc,metaspace   ] GC(1698) Metaspace: 9888K(10176K)->9888K(10176K) NonClass: 8754K(8896K)->8754K(8896K) Class: 1134K(1280K)->1134K(1280K)
[25.797s][info ][gc             ] GC(1698) Pause Young (Allocation Failure) 140M->4M(495M) 0.166ms
[25.797s][info ][gc,cpu         ] GC(1698) User=0.00s Sys=0.00s Real=0.00s
[25.807s][info ][gc,start       ] GC(1699) Pause Young (Allocation Failure)
[25.807s][debug][gc,age         ] GC(1699) Desired survivor size 8945664 bytes, new threshold 15 (max threshold 15)
[25.807s][trace][gc,age         ] GC(1699) Age table with threshold 15 (max threshold 15)
[25.807s][trace][gc,age         ] GC(1699) - age   1:     400208 bytes,     400208 total
[25.807s][info ][gc,heap        ] GC(1699) DefNew: 140294K(157376K)->390K(157376K) Eden: 139904K(139904K)->0K(139904K) From: 390K(17472K)->390K(17472K)
[25.807s][info ][gc,heap        ] GC(1699) Tenured: 3959K(349568K)->3959K(349568K)
[25.807s][info ][gc,metaspace   ] GC(1699) Metaspace: 9888K(10176K)->9888K(10176K) NonClass: 8754K(8896K)->8754K(8896K) Class: 1134K(1280K)->1134K(1280K)
[25.807s][info ][gc             ] GC(1699) Pause Young (Allocation Failure) 140M->4M(495M) 0.164ms
[25.807s][info ][gc,cpu         ] GC(1699) User=0.00s Sys=0.00s Real=0.00s
[25.817s][info ][gc,start       ] GC(1700) Pause Young (Allocation Failure)
[25.817s][debug][gc,age         ] GC(1700) Desired survivor size 8945664 bytes, new threshold 15 (max threshold 15)
[25.817s][trace][gc,age         ] GC(1700) Age table with threshold 15 (max threshold 15)
[25.817s][trace][gc,age         ] GC(1700) - age   1:     400208 bytes,     400208 total
[25.817s][info ][gc,heap        ] GC(1700) DefNew: 140294K(157376K)->390K(157376K) Eden: 139904K(139904K)->0K(139904K) From: 390K(17472K)->390K(17472K)
[25.817s][info ][gc,heap        ] GC(1700) Tenured: 3959K(349568K)->3959K(349568K)
[25.817s][info ][gc,metaspace   ] GC(1700) Metaspace: 9888K(10176K)->9888K(10176K) NonClass: 8754K(8896K)->8754K(8896K) Class: 1134K(1280K)->1134K(1280K)
[25.817s][info ][gc             ] GC(1700) Pause Young (Allocation Failure) 140M->4M(495M) 0.171ms
[25.817s][info ][gc,cpu         ] GC(1700) User=0.00s Sys=0.00s Real=0.00s
[25.827s][info ][gc,start       ] GC(1701) Pause Young (Allocation Failure)
[25.827s][debug][gc,age         ] GC(1701) Desired survivor size 8945664 bytes, new threshold 15 (max threshold 15)
[25.827s][trace][gc,age         ] GC(1701) Age table with threshold 15 (max threshold 15)
[25.827s][trace][gc,age         ] GC(1701) - age   1:     400208 bytes,     400208 total
[25.827s][info ][gc,heap        ] GC(1701) DefNew: 140294K(157376K)->390K(157376K) Eden: 139904K(139904K)->0K(139904K) From: 390K(17472K)->390K(17472K)
[25.827s][info ][gc,heap        ] GC(1701) Tenured: 3959K(349568K)->3959K(349568K)
[25.827s][info ][gc,metaspace   ] GC(1701) Metaspace: 9888K(10176K)->9888K(10176K) NonClass: 8754K(8896K)->8754K(8896K) Class: 1134K(1280K)->1134K(1280K)
[25.827s][info ][gc             ] GC(1701) Pause Young (Allocation Failure) 140M->4M(495M) 0.167ms
[25.827s][info ][gc,cpu         ] GC(1701) User=0.00s Sys=0.00s Real=0.00s
[25.838s][info ][gc,start       ] GC(1702) Pause Young (Allocation Failure)
[25.838s][debug][gc,age         ] GC(1702) Desired survivor size 8945664 bytes, new threshold 15 (max threshold 15)
[25.838s][trace][gc,age         ] GC(1702) Age table with threshold 15 (max threshold 15)
[25.838s][trace][gc,age         ] GC(1702) - age   1:     400208 bytes,     400208 total
[25.838s][info ][gc,heap        ] GC(1702) DefNew: 140294K(157376K)->390K(157376K) Eden: 139904K(139904K)->0K(139904K) From: 390K(17472K)->390K(17472K)
[25.838s][info ][gc,heap        ] GC(1702) Tenured: 3959K(349568K)->3959K(349568K)
[25.838s][info ][gc,metaspace   ] GC(1702) Metaspace: 9888K(10176K)->9888K(10176K) NonClass: 8754K(8896K)->8754K(8896K) Class: 1134K(1280K)->1134K(1280K)
[25.838s][info ][gc             ] GC(1702) Pause Young (Allocation Failure) 140M->4M(495M) 0.168ms
[25.838s][info ][gc,cpu         ] GC(1702) User=0.00s Sys=0.00s Real=0.00s
[25.848s][info ][gc,start       ] GC(1703) Pause Young (Allocation Failure)
[25.848s][debug][gc,age         ] GC(1703) Desired survivor size 8945664 bytes, new threshold 15 (max threshold 15)
[25.848s][trace][gc,age         ] GC(1703) Age table with threshold 15 (max threshold 15)
[25.848s][trace][gc,age         ] GC(1703) - age   1:     400208 bytes,     400208 total
[25.848s][info ][gc,heap        ] GC(1703) DefNew: 140294K(157376K)->390K(157376K) Eden: 139904K(139904K)->0K(139904K) From: 390K(17472K)->390K(17472K)
[25.848s][info ][gc,heap        ] GC(1703) Tenured: 3959K(349568K)->3959K(349568K)
[25.848s][info ][gc,metaspace   ] GC(1703) Metaspace: 9888K(10176K)->9888K(10176K) NonClass: 8754K(8896K)->8754K(8896K) Class: 1134K(1280K)->1134K(1280K)
[25.848s][info ][gc             ] GC(1703) Pause Young (Allocation Failure) 140M->4M(495M) 0.167ms
[25.848s][info ][gc,cpu         ] GC(1703) User=0.00s Sys=0.00s Real=0.00s
[25.858s][info ][gc,start       ] GC(1704) Pause Young (Allocation Failure)
[25.858s][debug][gc,age         ] GC(1704) Desired survivor size 8945664 bytes, new threshold 15 (max threshold 15)
[25.858s][trace][gc,age         ] GC(1704) Age table with threshold 15 (max threshold 15)
[25.858s][trace][gc,age         ] GC(1704) - age   1:     400208 bytes,     400208 total
[25.858s][info ][gc,heap        ] GC(1704) DefNew: 140294K(157376K)->390K(157376K) Eden: 139904K(139904K)->0K(139904K) From: 390K(17472K)->390K(17472K)
[25.858s][info ][gc,heap        ] GC(1704) Tenured: 3959K(349568K)->3959K(349568K)
[25.858s][info ][gc,metaspace   ] GC(1704) Metaspace: 9888K(10176K)->9888K(10176K) NonClass: 8754K(8896K)->8754K(8896K) Class: 1134K(1280K)->1134K(1280K)
[25.858s][info ][gc             ] GC(1704) Pause Young (Allocation Failure) 140M->4M(495M) 0.166ms
[25.858s][info ][gc,cpu         ] GC(1704) User=0.00s Sys=0.00s Real=0.00s
[25.868s][info ][gc,start       ] GC(1705) Pause Young (Allocation Failure)
[25.868s][debug][gc,age         ] GC(1705) Desired survivor size 8945664 bytes, new threshold 15 (max threshold 15)
[25.868s][trace][gc,age         ] GC(1705) Age table with threshold 15 (max threshold 15)
[25.868s][trace][gc,age         ] GC(1705) - age   1:     400208 bytes,     400208 total
[25.868s][info ][gc,heap        ] GC(1705) DefNew: 140294K(157376K)->390K(157376K) Eden: 139904K(139904K)->0K(139904K) From: 390K(17472K)->390K(17472K)
[25.868s][info ][gc,heap        ] GC(1705) Tenured: 3959K(349568K)->3959K(349568K)
[25.868s][info ][gc,metaspace   ] GC(1705) Metaspace: 9888K(10176K)->9888K(10176K) NonClass: 8754K(8896K)->8754K(8896K) Class: 1134K(1280K)->1134K(1280K)
[25.868s][info ][gc             ] GC(1705) Pause Young (Allocation Failure) 140M->4M(495M) 0.163ms
[25.868s][info ][gc,cpu         ] GC(1705) User=0.00s Sys=0.00s Real=0.00s
[25.878s][info ][gc,start       ] GC(1706) Pause Young (Allocation Failure)
[25.878s][debug][gc,age         ] GC(1706) Desired survivor size 8945664 bytes, new threshold 15 (max threshold 15)
[25.879s][trace][gc,age         ] GC(1706) Age table with threshold 15 (max threshold 15)
[25.879s][trace][gc,age         ] GC(1706) - age   1:     400208 bytes,     400208 total
[25.879s][info ][gc,heap        ] GC(1706) DefNew: 140294K(157376K)->390K(157376K) Eden: 139904K(139904K)->0K(139904K) From: 390K(17472K)->390K(17472K)
[25.879s][info ][gc,heap        ] GC(1706) Tenured: 3959K(349568K)->3959K(349568K)
[25.879s][info ][gc,metaspace   ] GC(1706) Metaspace: 9888K(10176K)->9888K(10176K) NonClass: 8754K(8896K)->8754K(8896K) Class: 1134K(1280K)->1134K(1280K)
[25.879s][info ][gc             ] GC(1706) Pause Young (Allocation Failure) 140M->4M(495M) 0.161ms
[25.879s][info ][gc,cpu         ] GC(1706) User=0.01s Sys=0.00s Real=0.00s
[25.889s][info ][gc,start       ] GC(1707) Pause Young (Allocation Failure)
[25.889s][debug][gc,age         ] GC(1707) Desired survivor size 8945664 bytes, new threshold 15 (max threshold 15)
[25.889s][trace][gc,age         ] GC(1707) Age table with threshold 15 (max threshold 15)
[25.889s][trace][gc,age         ] GC(1707) - age   1:     400208 bytes,     400208 total
[25.889s][info ][gc,heap        ] GC(1707) DefNew: 140294K(157376K)->390K(157376K) Eden: 139904K(139904K)->0K(139904K) From: 390K(17472K)->390K(17472K)
[25.889s][info ][gc,heap        ] GC(1707) Tenured: 3959K(349568K)->3959K(349568K)
[25.889s][info ][gc,metaspace   ] GC(1707) Metaspace: 9888K(10176K)->9888K(10176K) NonClass: 8754K(8896K)->8754K(8896K) Class: 1134K(1280K)->1134K(1280K)
[25.889s][info ][gc             ] GC(1707) Pause Young (Allocation Failure) 140M->4M(495M) 0.165ms
[25.889s][info ][gc,cpu         ] GC(1707) User=0.00s Sys=0.00s Real=0.00s
[25.899s][info ][gc,start       ] GC(1708) Pause Young (Allocation Failure)
[25.899s][debug][gc,age         ] GC(1708) Desired survivor size 8945664 bytes, new threshold 15 (max threshold 15)
[25.899s][trace][gc,age         ] GC(1708) Age table with threshold 15 (max threshold 15)
[25.899s][trace][gc,age         ] GC(1708) - age   1:     400208 bytes,     400208 total
[25.899s][info ][gc,heap        ] GC(1708) DefNew: 140294K(157376K)->390K(157376K) Eden: 139904K(139904K)->0K(139904K) From: 390K(17472K)->390K(17472K)
[25.899s][info ][gc,heap        ] GC(1708) Tenured: 3959K(349568K)->3959K(349568K)
[25.899s][info ][gc,metaspace   ] GC(1708) Metaspace: 9888K(10176K)->9888K(10176K) NonClass: 8754K(8896K)->8754K(8896K) Class: 1134K(1280K)->1134K(1280K)
[25.899s][info ][gc             ] GC(1708) Pause Young (Allocation Failure) 140M->4M(495M) 0.162ms
[25.899s][info ][gc,cpu         ] GC(1708) User=0.00s Sys=0.00s Real=0.00s
[25.909s][info ][gc,start       ] GC(1709) Pause Young (Allocation Failure)
[25.909s][debug][gc,age         ] GC(1709) Desired survivor size 8945664 bytes, new threshold 15 (max threshold 15)
[25.909s][trace][gc,age         ] GC(1709) Age table with threshold 15 (max threshold 15)
[25.909s][trace][gc,age         ] GC(1709) - age   1:     400208 bytes,     400208 total
[25.909s][info ][gc,heap        ] GC(1709) DefNew: 140294K(157376K)->390K(157376K) Eden: 139904K(139904K)->0K(139904K) From: 390K(17472K)->390K(17472K)
[25.909s][info ][gc,heap        ] GC(1709) Tenured: 3959K(349568K)->3959K(349568K)
[25.909s][info ][gc,metaspace   ] GC(1709) Metaspace: 9888K(10176K)->9888K(10176K) NonClass: 8754K(8896K)->8754K(8896K) Class: 1134K(1280K)->1134K(1280K)
[25.909s][info ][gc             ] GC(1709) Pause Young (Allocation Failure) 140M->4M(495M) 0.166ms
[25.909s][info ][gc,cpu         ] GC(1709) User=0.00s Sys=0.00s Real=0.00s
[25.919s][info ][gc,start       ] GC(1710) Pause Young (Allocation Failure)
[25.919s][debug][gc,age         ] GC(1710) Desired survivor size 8945664 bytes, new threshold 15 (max threshold 15)
[25.919s][trace][gc,age         ] GC(1710) Age table with threshold 15 (max threshold 15)
[25.919s][trace][gc,age         ] GC(1710) - age   1:     400208 bytes,     400208 total
[25.919s][info ][gc,heap        ] GC(1710) DefNew: 140294K(157376K)->390K(157376K) Eden: 139904K(139904K)->0K(139904K) From: 390K(17472K)->390K(17472K)
[25.919s][info ][gc,heap        ] GC(1710) Tenured: 3959K(349568K)->3959K(349568K)
[25.919s][info ][gc,metaspace   ] GC(1710) Metaspace: 9888K(10176K)->9888K(10176K) NonClass: 8754K(8896K)->8754K(8896K) Class: 1134K(1280K)->1134K(1280K)
[25.919s][info ][gc             ] GC(1710) Pause Young (Allocation Failure) 140M->4M(495M) 0.168ms
[25.919s][info ][gc,cpu         ] GC(1710) User=0.00s Sys=0.00s Real=0.00s
[25.929s][info ][gc,start       ] GC(1711) Pause Young (Allocation Failure)
[25.930s][debug][gc,age         ] GC(1711) Desired survivor size 8945664 bytes, new threshold 15 (max threshold 15)
[25.930s][trace][gc,age         ] GC(1711) Age table with threshold 15 (max threshold 15)
[25.930s][trace][gc,age         ] GC(1711) - age   1:     400208 bytes,     400208 total
[25.930s][info ][gc,heap        ] GC(1711) DefNew: 140294K(157376K)->390K(157376K) Eden: 139904K(139904K)->0K(139904K) From: 390K(17472K)->390K(17472K)
[25.930s][info ][gc,heap        ] GC(1711) Tenured: 3959K(349568K)->3959K(349568K)
[25.930s][info ][gc,metaspace   ] GC(1711) Metaspace: 9888K(10176K)->9888K(10176K) NonClass: 8754K(8896K)->8754K(8896K) Class: 1134K(1280K)->1134K(1280K)
[25.930s][info ][gc             ] GC(1711) Pause Young (Allocation Failure) 140M->4M(495M) 0.169ms
[25.930s][info ][gc,cpu         ] GC(1711) User=0.00s Sys=0.00s Real=0.00s
[25.940s][info ][gc,start       ] GC(1712) Pause Young (Allocation Failure)
[25.940s][debug][gc,age         ] GC(1712) Desired survivor size 8945664 bytes, new threshold 15 (max threshold 15)
[25.940s][trace][gc,age         ] GC(1712) Age table with threshold 15 (max threshold 15)
[25.940s][trace][gc,age         ] GC(1712) - age   1:     400208 bytes,     400208 total
[25.940s][info ][gc,heap        ] GC(1712) DefNew: 140294K(157376K)->390K(157376K) Eden: 139904K(139904K)->0K(139904K) From: 390K(17472K)->390K(17472K)
[25.940s][info ][gc,heap        ] GC(1712) Tenured: 3959K(349568K)->3959K(349568K)
[25.940s][info ][gc,metaspace   ] GC(1712) Metaspace: 9888K(10176K)->9888K(10176K) NonClass: 8754K(8896K)->8754K(8896K) Class: 1134K(1280K)->1134K(1280K)
[25.940s][info ][gc             ] GC(1712) Pause Young (Allocation Failure) 140M->4M(495M) 0.165ms
[25.940s][info ][gc,cpu         ] GC(1712) User=0.00s Sys=0.00s Real=0.00s
[25.950s][info ][gc,start       ] GC(1713) Pause Young (Allocation Failure)
[25.950s][debug][gc,age         ] GC(1713) Desired survivor size 8945664 bytes, new threshold 15 (max threshold 15)
[25.950s][trace][gc,age         ] GC(1713) Age table with threshold 15 (max threshold 15)
[25.950s][trace][gc,age         ] GC(1713) - age   1:     400208 bytes,     400208 total
[25.950s][info ][gc,heap        ] GC(1713) DefNew: 140294K(157376K)->390K(157376K) Eden: 139904K(139904K)->0K(139904K) From: 390K(17472K)->390K(17472K)
[25.950s][info ][gc,heap        ] GC(1713) Tenured: 3959K(349568K)->3959K(349568K)
[25.950s][info ][gc,metaspace   ] GC(1713) Metaspace: 9888K(10176K)->9888K(10176K) NonClass: 8754K(8896K)->8754K(8896K) Class: 1134K(1280K)->1134K(1280K)
[25.950s][info ][gc             ] GC(1713) Pause Young (Allocation Failure) 140M->4M(495M) 0.165ms
[25.950s][info ][gc,cpu         ] GC(1713) User=0.00s Sys=0.00s Real=0.00s
[25.960s][info ][gc,start       ] GC(1714) Pause Young (Allocation Failure)
[25.960s][debug][gc,age         ] GC(1714) Desired survivor size 8945664 bytes, new threshold 15 (max threshold 15)
[25.960s][trace][gc,age         ] GC(1714) Age table with threshold 15 (max threshold 15)
[25.960s][trace][gc,age         ] GC(1714) - age   1:     400208 bytes,     400208 total
[25.960s][info ][gc,heap        ] GC(1714) DefNew: 140294K(157376K)->390K(157376K) Eden: 139904K(139904K)->0K(139904K) From: 390K(17472K)->390K(17472K)
[25.960s][info ][gc,heap        ] GC(1714) Tenured: 3959K(349568K)->3959K(349568K)
[25.960s][info ][gc,metaspace   ] GC(1714) Metaspace: 9888K(10176K)->9888K(10176K) NonClass: 8754K(8896K)->8754K(8896K) Class: 1134K(1280K)->1134K(1280K)
[25.960s][info ][gc             ] GC(1714) Pause Young (Allocation Failure) 140M->4M(495M) 0.165ms
[25.960s][info ][gc,cpu         ] GC(1714) User=0.00s Sys=0.00s Real=0.01s
[25.970s][info ][gc,start       ] GC(1715) Pause Young (Allocation Failure)
[25.970s][debug][gc,age         ] GC(1715) Desired survivor size 8945664 bytes, new threshold 15 (max threshold 15)
[25.970s][trace][gc,age         ] GC(1715) Age table with threshold 15 (max threshold 15)
[25.970s][trace][gc,age         ] GC(1715) - age   1:     400208 bytes,     400208 total
[25.970s][info ][gc,heap        ] GC(1715) DefNew: 140294K(157376K)->390K(157376K) Eden: 139904K(139904K)->0K(139904K) From: 390K(17472K)->390K(17472K)
[25.970s][info ][gc,heap        ] GC(1715) Tenured: 3959K(349568K)->3959K(349568K)
[25.970s][info ][gc,metaspace   ] GC(1715) Metaspace: 9888K(10176K)->9888K(10176K) NonClass: 8754K(8896K)->8754K(8896K) Class: 1134K(1280K)->1134K(1280K)
[25.970s][info ][gc             ] GC(1715) Pause Young (Allocation Failure) 140M->4M(495M) 0.165ms
[25.970s][info ][gc,cpu         ] GC(1715) User=0.00s Sys=0.00s Real=0.00s
[25.980s][info ][gc,start       ] GC(1716) Pause Young (Allocation Failure)
[25.981s][debug][gc,age         ] GC(1716) Desired survivor size 8945664 bytes, new threshold 15 (max threshold 15)
[25.981s][trace][gc,age         ] GC(1716) Age table with threshold 15 (max threshold 15)
[25.981s][trace][gc,age         ] GC(1716) - age   1:     400208 bytes,     400208 total
[25.981s][info ][gc,heap        ] GC(1716) DefNew: 140294K(157376K)->390K(157376K) Eden: 139904K(139904K)->0K(139904K) From: 390K(17472K)->390K(17472K)
[25.981s][info ][gc,heap        ] GC(1716) Tenured: 3959K(349568K)->3959K(349568K)
[25.981s][info ][gc,metaspace   ] GC(1716) Metaspace: 9888K(10176K)->9888K(10176K) NonClass: 8754K(8896K)->8754K(8896K) Class: 1134K(1280K)->1134K(1280K)
[25.981s][info ][gc             ] GC(1716) Pause Young (Allocation Failure) 140M->4M(495M) 0.164ms
[25.981s][info ][gc,cpu         ] GC(1716) User=0.00s Sys=0.00s Real=0.00s
[25.991s][info ][gc,start       ] GC(1717) Pause Young (Allocation Failure)
[25.991s][debug][gc,age         ] GC(1717) Desired survivor size 8945664 bytes, new threshold 15 (max threshold 15)
[25.991s][trace][gc,age         ] GC(1717) Age table with threshold 15 (max threshold 15)
[25.991s][trace][gc,age         ] GC(1717) - age   1:     400208 bytes,     400208 total
[25.991s][info ][gc,heap        ] GC(1717) DefNew: 140294K(157376K)->390K(157376K) Eden: 139904K(139904K)->0K(139904K) From: 390K(17472K)->390K(17472K)
[25.991s][info ][gc,heap        ] GC(1717) Tenured: 3959K(349568K)->3959K(349568K)
[25.991s][info ][gc,metaspace   ] GC(1717) Metaspace: 9888K(10176K)->9888K(10176K) NonClass: 8754K(8896K)->8754K(8896K) Class: 1134K(1280K)->1134K(1280K)
[25.991s][info ][gc             ] GC(1717) Pause Young (Allocation Failure) 140M->4M(495M) 0.165ms
[25.991s][info ][gc,cpu         ] GC(1717) User=0.00s Sys=0.00s Real=0.00s
[26.001s][info ][gc,start       ] GC(1718) Pause Young (Allocation Failure)
[26.001s][debug][gc,age         ] GC(1718) Desired survivor size 8945664 bytes, new threshold 15 (max threshold 15)
[26.001s][trace][gc,age         ] GC(1718) Age table with threshold 15 (max threshold 15)
[26.001s][trace][gc,age         ] GC(1718) - age   1:     400208 bytes,     400208 total
[26.001s][info ][gc,heap        ] GC(1718) DefNew: 140294K(157376K)->390K(157376K) Eden: 139904K(139904K)->0K(139904K) From: 390K(17472K)->390K(17472K)
[26.001s][info ][gc,heap        ] GC(1718) Tenured: 3959K(349568K)->3959K(349568K)
[26.001s][info ][gc,metaspace   ] GC(1718) Metaspace: 9888K(10176K)->9888K(10176K) NonClass: 8754K(8896K)->8754K(8896K) Class: 1134K(1280K)->1134K(1280K)
[26.001s][info ][gc             ] GC(1718) Pause Young (Allocation Failure) 140M->4M(495M) 0.163ms
[26.001s][info ][gc,cpu         ] GC(1718) User=0.00s Sys=0.00s Real=0.00s
[26.011s][info ][gc,start       ] GC(1719) Pause Young (Allocation Failure)
[26.011s][debug][gc,age         ] GC(1719) Desired survivor size 8945664 bytes, new threshold 15 (max threshold 15)
[26.011s][trace][gc,age         ] GC(1719) Age table with threshold 15 (max threshold 15)
[26.011s][trace][gc,age         ] GC(1719) - age   1:     400208 bytes,     400208 total
[26.011s][info ][gc,heap        ] GC(1719) DefNew: 140294K(157376K)->390K(157376K) Eden: 139904K(139904K)->0K(139904K) From: 390K(17472K)->390K(17472K)
[26.011s][info ][gc,heap        ] GC(1719) Tenured: 3959K(349568K)->3959K(349568K)
[26.011s][info ][gc,metaspace   ] GC(1719) Metaspace: 9888K(10176K)->9888K(10176K) NonClass: 8754K(8896K)->8754K(8896K) Class: 1134K(1280K)->1134K(1280K)
[26.011s][info ][gc             ] GC(1719) Pause Young (Allocation Failure) 140M->4M(495M) 0.173ms
[26.011s][info ][gc,cpu         ] GC(1719) User=0.00s Sys=0.00s Real=0.00s
[26.021s][info ][gc,start       ] GC(1720) Pause Young (Allocation Failure)
[26.021s][debug][gc,age         ] GC(1720) Desired survivor size 8945664 bytes, new threshold 15 (max threshold 15)
[26.021s][trace][gc,age         ] GC(1720) Age table with threshold 15 (max threshold 15)
[26.021s][trace][gc,age         ] GC(1720) - age   1:     400208 bytes,     400208 total
[26.021s][info ][gc,heap        ] GC(1720) DefNew: 140294K(157376K)->390K(157376K) Eden: 139904K(139904K)->0K(139904K) From: 390K(17472K)->390K(17472K)
[26.021s][info ][gc,heap        ] GC(1720) Tenured: 3959K(349568K)->3959K(349568K)
[26.021s][info ][gc,metaspace   ] GC(1720) Metaspace: 9888K(10176K)->9888K(10176K) NonClass: 8754K(8896K)->8754K(8896K) Class: 1134K(1280K)->1134K(1280K)
[26.021s][info ][gc             ] GC(1720) Pause Young (Allocation Failure) 140M->4M(495M) 0.161ms
[26.021s][info ][gc,cpu         ] GC(1720) User=0.00s Sys=0.00s Real=0.00s
[26.031s][info ][gc,start       ] GC(1721) Pause Young (Allocation Failure)
[26.032s][debug][gc,age         ] GC(1721) Desired survivor size 8945664 bytes, new threshold 15 (max threshold 15)
[26.032s][trace][gc,age         ] GC(1721) Age table with threshold 15 (max threshold 15)
[26.032s][trace][gc,age         ] GC(1721) - age   1:     400208 bytes,     400208 total
[26.032s][info ][gc,heap        ] GC(1721) DefNew: 140294K(157376K)->390K(157376K) Eden: 139904K(139904K)->0K(139904K) From: 390K(17472K)->390K(17472K)
[26.032s][info ][gc,heap        ] GC(1721) Tenured: 3959K(349568K)->3959K(349568K)
[26.032s][info ][gc,metaspace   ] GC(1721) Metaspace: 9888K(10176K)->9888K(10176K) NonClass: 8754K(8896K)->8754K(8896K) Class: 1134K(1280K)->1134K(1280K)
[26.032s][info ][gc             ] GC(1721) Pause Young (Allocation Failure) 140M->4M(495M) 0.166ms
[26.032s][info ][gc,cpu         ] GC(1721) User=0.00s Sys=0.00s Real=0.00s
[26.042s][info ][gc,start       ] GC(1722) Pause Young (Allocation Failure)
[26.042s][debug][gc,age         ] GC(1722) Desired survivor size 8945664 bytes, new threshold 15 (max threshold 15)
[26.042s][trace][gc,age         ] GC(1722) Age table with threshold 15 (max threshold 15)
[26.042s][trace][gc,age         ] GC(1722) - age   1:     400208 bytes,     400208 total
[26.042s][info ][gc,heap        ] GC(1722) DefNew: 140294K(157376K)->390K(157376K) Eden: 139904K(139904K)->0K(139904K) From: 390K(17472K)->390K(17472K)
[26.042s][info ][gc,heap        ] GC(1722) Tenured: 3959K(349568K)->3959K(349568K)
[26.042s][info ][gc,metaspace   ] GC(1722) Metaspace: 9888K(10176K)->9888K(10176K) NonClass: 8754K(8896K)->8754K(8896K) Class: 1134K(1280K)->1134K(1280K)
[26.042s][info ][gc             ] GC(1722) Pause Young (Allocation Failure) 140M->4M(495M) 0.167ms
[26.042s][info ][gc,cpu         ] GC(1722) User=0.00s Sys=0.00s Real=0.00s
[26.052s][info ][gc,start       ] GC(1723) Pause Young (Allocation Failure)
[26.052s][debug][gc,age         ] GC(1723) Desired survivor size 8945664 bytes, new threshold 15 (max threshold 15)
[26.052s][trace][gc,age         ] GC(1723) Age table with threshold 15 (max threshold 15)
[26.052s][trace][gc,age         ] GC(1723) - age   1:     400208 bytes,     400208 total
[26.052s][info ][gc,heap        ] GC(1723) DefNew: 140294K(157376K)->390K(157376K) Eden: 139904K(139904K)->0K(139904K) From: 390K(17472K)->390K(17472K)
[26.052s][info ][gc,heap        ] GC(1723) Tenured: 3959K(349568K)->3959K(349568K)
[26.052s][info ][gc,metaspace   ] GC(1723) Metaspace: 9888K(10176K)->9888K(10176K) NonClass: 8754K(8896K)->8754K(8896K) Class: 1134K(1280K)->1134K(1280K)
[26.052s][info ][gc             ] GC(1723) Pause Young (Allocation Failure) 140M->4M(495M) 0.163ms
[26.052s][info ][gc,cpu         ] GC(1723) User=0.00s Sys=0.00s Real=0.00s
[26.062s][info ][gc,start       ] GC(1724) Pause Young (Allocation Failure)
[26.062s][debug][gc,age         ] GC(1724) Desired survivor size 8945664 bytes, new threshold 15 (max threshold 15)
[26.062s][trace][gc,age         ] GC(1724) Age table with threshold 15 (max threshold 15)
[26.062s][trace][gc,age         ] GC(1724) - age   1:     400208 bytes,     400208 total
[26.062s][info ][gc,heap        ] GC(1724) DefNew: 140294K(157376K)->390K(157376K) Eden: 139904K(139904K)->0K(139904K) From: 390K(17472K)->390K(17472K)
[26.062s][info ][gc,heap        ] GC(1724) Tenured: 3959K(349568K)->3959K(349568K)
[26.062s][info ][gc,metaspace   ] GC(1724) Metaspace: 9888K(10176K)->9888K(10176K) NonClass: 8754K(8896K)->8754K(8896K) Class: 1134K(1280K)->1134K(1280K)
[26.062s][info ][gc             ] GC(1724) Pause Young (Allocation Failure) 140M->4M(495M) 0.164ms
[26.062s][info ][gc,cpu         ] GC(1724) User=0.00s Sys=0.00s Real=0.00s
[26.072s][info ][gc,start       ] GC(1725) Pause Young (Allocation Failure)
[26.072s][debug][gc,age         ] GC(1725) Desired survivor size 8945664 bytes, new threshold 15 (max threshold 15)
[26.072s][trace][gc,age         ] GC(1725) Age table with threshold 15 (max threshold 15)
[26.072s][trace][gc,age         ] GC(1725) - age   1:     400208 bytes,     400208 total
[26.072s][info ][gc,heap        ] GC(1725) DefNew: 140294K(157376K)->390K(157376K) Eden: 139904K(139904K)->0K(139904K) From: 390K(17472K)->390K(17472K)
[26.072s][info ][gc,heap        ] GC(1725) Tenured: 3959K(349568K)->3959K(349568K)
[26.072s][info ][gc,metaspace   ] GC(1725) Metaspace: 9888K(10176K)->9888K(10176K) NonClass: 8754K(8896K)->8754K(8896K) Class: 1134K(1280K)->1134K(1280K)
[26.072s][info ][gc             ] GC(1725) Pause Young (Allocation Failure) 140M->4M(495M) 0.165ms
[26.072s][info ][gc,cpu         ] GC(1725) User=0.00s Sys=0.00s Real=0.00s
[26.082s][info ][gc,start       ] GC(1726) Pause Young (Allocation Failure)
[26.083s][debug][gc,age         ] GC(1726) Desired survivor size 8945664 bytes, new threshold 15 (max threshold 15)
[26.083s][trace][gc,age         ] GC(1726) Age table with threshold 15 (max threshold 15)
[26.083s][trace][gc,age         ] GC(1726) - age   1:     400208 bytes,     400208 total
[26.083s][info ][gc,heap        ] GC(1726) DefNew: 140294K(157376K)->390K(157376K) Eden: 139904K(139904K)->0K(139904K) From: 390K(17472K)->390K(17472K)
[26.083s][info ][gc,heap        ] GC(1726) Tenured: 3959K(349568K)->3959K(349568K)
[26.083s][info ][gc,metaspace   ] GC(1726) Metaspace: 9888K(10176K)->9888K(10176K) NonClass: 8754K(8896K)->8754K(8896K) Class: 1134K(1280K)->1134K(1280K)
[26.083s][info ][gc             ] GC(1726) Pause Young (Allocation Failure) 140M->4M(495M) 0.162ms
[26.083s][info ][gc,cpu         ] GC(1726) User=0.00s Sys=0.00s Real=0.00s
[26.093s][info ][gc,start       ] GC(1727) Pause Young (Allocation Failure)
[26.093s][debug][gc,age         ] GC(1727) Desired survivor size 8945664 bytes, new threshold 15 (max threshold 15)
[26.093s][trace][gc,age         ] GC(1727) Age table with threshold 15 (max threshold 15)
[26.093s][trace][gc,age         ] GC(1727) - age   1:     400208 bytes,     400208 total
[26.093s][info ][gc,heap        ] GC(1727) DefNew: 140294K(157376K)->390K(157376K) Eden: 139904K(139904K)->0K(139904K) From: 390K(17472K)->390K(17472K)
[26.093s][info ][gc,heap        ] GC(1727) Tenured: 3959K(349568K)->3959K(349568K)
[26.093s][info ][gc,metaspace   ] GC(1727) Metaspace: 9888K(10176K)->9888K(10176K) NonClass: 8754K(8896K)->8754K(8896K) Class: 1134K(1280K)->1134K(1280K)
[26.093s][info ][gc             ] GC(1727) Pause Young (Allocation Failure) 140M->4M(495M) 0.166ms
[26.093s][info ][gc,cpu         ] GC(1727) User=0.00s Sys=0.00s Real=0.00s
[26.103s][info ][gc,start       ] GC(1728) Pause Young (Allocation Failure)
[26.103s][debug][gc,age         ] GC(1728) Desired survivor size 8945664 bytes, new threshold 15 (max threshold 15)
[26.103s][trace][gc,age         ] GC(1728) Age table with threshold 15 (max threshold 15)
[26.103s][trace][gc,age         ] GC(1728) - age   1:     400208 bytes,     400208 total
[26.103s][info ][gc,heap        ] GC(1728) DefNew: 140294K(157376K)->390K(157376K) Eden: 139904K(139904K)->0K(139904K) From: 390K(17472K)->390K(17472K)
[26.103s][info ][gc,heap        ] GC(1728) Tenured: 3959K(349568K)->3959K(349568K)
[26.103s][info ][gc,metaspace   ] GC(1728) Metaspace: 9888K(10176K)->9888K(10176K) NonClass: 8754K(8896K)->8754K(8896K) Class: 1134K(1280K)->1134K(1280K)
[26.103s][info ][gc             ] GC(1728) Pause Young (Allocation Failure) 140M->4M(495M) 0.163ms
[26.103s][info ][gc,cpu         ] GC(1728) User=0.00s Sys=0.00s Real=0.00s
[26.113s][info ][gc,start       ] GC(1729) Pause Young (Allocation Failure)
[26.113s][debug][gc,age         ] GC(1729) Desired survivor size 8945664 bytes, new threshold 15 (max threshold 15)
[26.113s][trace][gc,age         ] GC(1729) Age table with threshold 15 (max threshold 15)
[26.113s][trace][gc,age         ] GC(1729) - age   1:     400208 bytes,     400208 total
[26.113s][info ][gc,heap        ] GC(1729) DefNew: 140294K(157376K)->390K(157376K) Eden: 139904K(139904K)->0K(139904K) From: 390K(17472K)->390K(17472K)
[26.113s][info ][gc,heap        ] GC(1729) Tenured: 3959K(349568K)->3959K(349568K)
[26.113s][info ][gc,metaspace   ] GC(1729) Metaspace: 9888K(10176K)->9888K(10176K) NonClass: 8754K(8896K)->8754K(8896K) Class: 1134K(1280K)->1134K(1280K)
[26.113s][info ][gc             ] GC(1729) Pause Young (Allocation Failure) 140M->4M(495M) 0.169ms
[26.113s][info ][gc,cpu         ] GC(1729) User=0.00s Sys=0.00s Real=0.00s
[26.123s][info ][gc,start       ] GC(1730) Pause Young (Allocation Failure)
[26.123s][debug][gc,age         ] GC(1730) Desired survivor size 8945664 bytes, new threshold 15 (max threshold 15)
[26.123s][trace][gc,age         ] GC(1730) Age table with threshold 15 (max threshold 15)
[26.124s][trace][gc,age         ] GC(1730) - age   1:     400208 bytes,     400208 total
[26.124s][info ][gc,heap        ] GC(1730) DefNew: 140294K(157376K)->390K(157376K) Eden: 139904K(139904K)->0K(139904K) From: 390K(17472K)->390K(17472K)
[26.124s][info ][gc,heap        ] GC(1730) Tenured: 3959K(349568K)->3959K(349568K)
[26.124s][info ][gc,metaspace   ] GC(1730) Metaspace: 9888K(10176K)->9888K(10176K) NonClass: 8754K(8896K)->8754K(8896K) Class: 1134K(1280K)->1134K(1280K)
[26.124s][info ][gc             ] GC(1730) Pause Young (Allocation Failure) 140M->4M(495M) 0.173ms
[26.124s][info ][gc,cpu         ] GC(1730) User=0.00s Sys=0.00s Real=0.00s
[26.134s][info ][gc,start       ] GC(1731) Pause Young (Allocation Failure)
[26.134s][debug][gc,age         ] GC(1731) Desired survivor size 8945664 bytes, new threshold 15 (max threshold 15)
[26.134s][trace][gc,age         ] GC(1731) Age table with threshold 15 (max threshold 15)
[26.134s][trace][gc,age         ] GC(1731) - age   1:     400208 bytes,     400208 total
[26.134s][info ][gc,heap        ] GC(1731) DefNew: 140294K(157376K)->390K(157376K) Eden: 139904K(139904K)->0K(139904K) From: 390K(17472K)->390K(17472K)
[26.134s][info ][gc,heap        ] GC(1731) Tenured: 3959K(349568K)->3959K(349568K)
[26.134s][info ][gc,metaspace   ] GC(1731) Metaspace: 9888K(10176K)->9888K(10176K) NonClass: 8754K(8896K)->8754K(8896K) Class: 1134K(1280K)->1134K(1280K)
[26.134s][info ][gc             ] GC(1731) Pause Young (Allocation Failure) 140M->4M(495M) 0.166ms
[26.134s][info ][gc,cpu         ] GC(1731) User=0.00s Sys=0.00s Real=0.00s
[26.144s][info ][gc,start       ] GC(1732) Pause Young (Allocation Failure)
[26.144s][debug][gc,age         ] GC(1732) Desired survivor size 8945664 bytes, new threshold 15 (max threshold 15)
[26.144s][trace][gc,age         ] GC(1732) Age table with threshold 15 (max threshold 15)
[26.144s][trace][gc,age         ] GC(1732) - age   1:     400208 bytes,     400208 total
[26.144s][info ][gc,heap        ] GC(1732) DefNew: 140294K(157376K)->390K(157376K) Eden: 139904K(139904K)->0K(139904K) From: 390K(17472K)->390K(17472K)
[26.144s][info ][gc,heap        ] GC(1732) Tenured: 3959K(349568K)->3959K(349568K)
[26.144s][info ][gc,metaspace   ] GC(1732) Metaspace: 9888K(10176K)->9888K(10176K) NonClass: 8754K(8896K)->8754K(8896K) Class: 1134K(1280K)->1134K(1280K)
[26.144s][info ][gc             ] GC(1732) Pause Young (Allocation Failure) 140M->4M(495M) 0.163ms
[26.144s][info ][gc,cpu         ] GC(1732) User=0.00s Sys=0.00s Real=0.00s
[26.154s][info ][gc,start       ] GC(1733) Pause Young (Allocation Failure)
[26.154s][debug][gc,age         ] GC(1733) Desired survivor size 8945664 bytes, new threshold 15 (max threshold 15)
[26.154s][trace][gc,age         ] GC(1733) Age table with threshold 15 (max threshold 15)
[26.154s][trace][gc,age         ] GC(1733) - age   1:     400208 bytes,     400208 total
[26.154s][info ][gc,heap        ] GC(1733) DefNew: 140294K(157376K)->390K(157376K) Eden: 139904K(139904K)->0K(139904K) From: 390K(17472K)->390K(17472K)
[26.154s][info ][gc,heap        ] GC(1733) Tenured: 3959K(349568K)->3959K(349568K)
[26.154s][info ][gc,metaspace   ] GC(1733) Metaspace: 9888K(10176K)->9888K(10176K) NonClass: 8754K(8896K)->8754K(8896K) Class: 1134K(1280K)->1134K(1280K)
[26.154s][info ][gc             ] GC(1733) Pause Young (Allocation Failure) 140M->4M(495M) 0.166ms
[26.154s][info ][gc,cpu         ] GC(1733) User=0.00s Sys=0.00s Real=0.00s
[26.164s][info ][gc,start       ] GC(1734) Pause Young (Allocation Failure)
[26.164s][debug][gc,age         ] GC(1734) Desired survivor size 8945664 bytes, new threshold 15 (max threshold 15)
[26.164s][trace][gc,age         ] GC(1734) Age table with threshold 15 (max threshold 15)
[26.164s][trace][gc,age         ] GC(1734) - age   1:     400208 bytes,     400208 total
[26.164s][info ][gc,heap        ] GC(1734) DefNew: 140294K(157376K)->390K(157376K) Eden: 139904K(139904K)->0K(139904K) From: 390K(17472K)->390K(17472K)
[26.164s][info ][gc,heap        ] GC(1734) Tenured: 3959K(349568K)->3959K(349568K)
[26.164s][info ][gc,metaspace   ] GC(1734) Metaspace: 9888K(10176K)->9888K(10176K) NonClass: 8754K(8896K)->8754K(8896K) Class: 1134K(1280K)->1134K(1280K)
[26.164s][info ][gc             ] GC(1734) Pause Young (Allocation Failure) 140M->4M(495M) 0.165ms
[26.164s][info ][gc,cpu         ] GC(1734) User=0.00s Sys=0.00s Real=0.00s
[26.174s][info ][gc,start       ] GC(1735) Pause Young (Allocation Failure)
[26.175s][debug][gc,age         ] GC(1735) Desired survivor size 8945664 bytes, new threshold 15 (max threshold 15)
[26.175s][trace][gc,age         ] GC(1735) Age table with threshold 15 (max threshold 15)
[26.175s][trace][gc,age         ] GC(1735) - age   1:     400208 bytes,     400208 total
[26.175s][info ][gc,heap        ] GC(1735) DefNew: 140294K(157376K)->390K(157376K) Eden: 139904K(139904K)->0K(139904K) From: 390K(17472K)->390K(17472K)
[26.175s][info ][gc,heap        ] GC(1735) Tenured: 3959K(349568K)->3959K(349568K)
[26.175s][info ][gc,metaspace   ] GC(1735) Metaspace: 9888K(10176K)->9888K(10176K) NonClass: 8754K(8896K)->8754K(8896K) Class: 1134K(1280K)->1134K(1280K)
[26.175s][info ][gc             ] GC(1735) Pause Young (Allocation Failure) 140M->4M(495M) 0.167ms
[26.175s][info ][gc,cpu         ] GC(1735) User=0.00s Sys=0.00s Real=0.00s
[26.185s][info ][gc,start       ] GC(1736) Pause Young (Allocation Failure)
[26.185s][debug][gc,age         ] GC(1736) Desired survivor size 8945664 bytes, new threshold 15 (max threshold 15)
[26.185s][trace][gc,age         ] GC(1736) Age table with threshold 15 (max threshold 15)
[26.185s][trace][gc,age         ] GC(1736) - age   1:     400208 bytes,     400208 total
[26.185s][info ][gc,heap        ] GC(1736) DefNew: 140294K(157376K)->390K(157376K) Eden: 139904K(139904K)->0K(139904K) From: 390K(17472K)->390K(17472K)
[26.185s][info ][gc,heap        ] GC(1736) Tenured: 3959K(349568K)->3959K(349568K)
[26.185s][info ][gc,metaspace   ] GC(1736) Metaspace: 9888K(10176K)->9888K(10176K) NonClass: 8754K(8896K)->8754K(8896K) Class: 1134K(1280K)->1134K(1280K)
[26.185s][info ][gc             ] GC(1736) Pause Young (Allocation Failure) 140M->4M(495M) 0.167ms
[26.185s][info ][gc,cpu         ] GC(1736) User=0.00s Sys=0.00s Real=0.00s
[26.195s][info ][gc,start       ] GC(1737) Pause Young (Allocation Failure)
[26.195s][debug][gc,age         ] GC(1737) Desired survivor size 8945664 bytes, new threshold 15 (max threshold 15)
[26.195s][trace][gc,age         ] GC(1737) Age table with threshold 15 (max threshold 15)
[26.195s][trace][gc,age         ] GC(1737) - age   1:     400208 bytes,     400208 total
[26.195s][info ][gc,heap        ] GC(1737) DefNew: 140294K(157376K)->390K(157376K) Eden: 139904K(139904K)->0K(139904K) From: 390K(17472K)->390K(17472K)
[26.195s][info ][gc,heap        ] GC(1737) Tenured: 3959K(349568K)->3959K(349568K)
[26.195s][info ][gc,metaspace   ] GC(1737) Metaspace: 9888K(10176K)->9888K(10176K) NonClass: 8754K(8896K)->8754K(8896K) Class: 1134K(1280K)->1134K(1280K)
[26.195s][info ][gc             ] GC(1737) Pause Young (Allocation Failure) 140M->4M(495M) 0.167ms
[26.195s][info ][gc,cpu         ] GC(1737) User=0.00s Sys=0.00s Real=0.00s
[26.205s][info ][gc,start       ] GC(1738) Pause Young (Allocation Failure)
[26.205s][debug][gc,age         ] GC(1738) Desired survivor size 8945664 bytes, new threshold 15 (max threshold 15)
[26.205s][trace][gc,age         ] GC(1738) Age table with threshold 15 (max threshold 15)
[26.205s][trace][gc,age         ] GC(1738) - age   1:     400208 bytes,     400208 total
[26.205s][info ][gc,heap        ] GC(1738) DefNew: 140294K(157376K)->390K(157376K) Eden: 139904K(139904K)->0K(139904K) From: 390K(17472K)->390K(17472K)
[26.205s][info ][gc,heap        ] GC(1738) Tenured: 3959K(349568K)->3959K(349568K)
[26.205s][info ][gc,metaspace   ] GC(1738) Metaspace: 9888K(10176K)->9888K(10176K) NonClass: 8754K(8896K)->8754K(8896K) Class: 1134K(1280K)->1134K(1280K)
[26.205s][info ][gc             ] GC(1738) Pause Young (Allocation Failure) 140M->4M(495M) 0.163ms
[26.205s][info ][gc,cpu         ] GC(1738) User=0.00s Sys=0.00s Real=0.00s
[26.215s][info ][gc,start       ] GC(1739) Pause Young (Allocation Failure)
[26.215s][debug][gc,age         ] GC(1739) Desired survivor size 8945664 bytes, new threshold 15 (max threshold 15)
[26.215s][trace][gc,age         ] GC(1739) Age table with threshold 15 (max threshold 15)
[26.215s][trace][gc,age         ] GC(1739) - age   1:     400208 bytes,     400208 total
[26.215s][info ][gc,heap        ] GC(1739) DefNew: 140294K(157376K)->390K(157376K) Eden: 139904K(139904K)->0K(139904K) From: 390K(17472K)->390K(17472K)
[26.215s][info ][gc,heap        ] GC(1739) Tenured: 3959K(349568K)->3959K(349568K)
[26.215s][info ][gc,metaspace   ] GC(1739) Metaspace: 9888K(10176K)->9888K(10176K) NonClass: 8754K(8896K)->8754K(8896K) Class: 1134K(1280K)->1134K(1280K)
[26.215s][info ][gc             ] GC(1739) Pause Young (Allocation Failure) 140M->4M(495M) 0.163ms
[26.215s][info ][gc,cpu         ] GC(1739) User=0.00s Sys=0.00s Real=0.00s
[26.225s][info ][gc,start       ] GC(1740) Pause Young (Allocation Failure)
[26.226s][debug][gc,age         ] GC(1740) Desired survivor size 8945664 bytes, new threshold 15 (max threshold 15)
[26.226s][trace][gc,age         ] GC(1740) Age table with threshold 15 (max threshold 15)
[26.226s][trace][gc,age         ] GC(1740) - age   1:     400208 bytes,     400208 total
[26.226s][info ][gc,heap        ] GC(1740) DefNew: 140294K(157376K)->390K(157376K) Eden: 139904K(139904K)->0K(139904K) From: 390K(17472K)->390K(17472K)
[26.226s][info ][gc,heap        ] GC(1740) Tenured: 3959K(349568K)->3959K(349568K)
[26.226s][info ][gc,metaspace   ] GC(1740) Metaspace: 9888K(10176K)->9888K(10176K) NonClass: 8754K(8896K)->8754K(8896K) Class: 1134K(1280K)->1134K(1280K)
[26.226s][info ][gc             ] GC(1740) Pause Young (Allocation Failure) 140M->4M(495M) 0.162ms
[26.226s][info ][gc,cpu         ] GC(1740) User=0.00s Sys=0.00s Real=0.00s
[26.236s][info ][gc,start       ] GC(1741) Pause Young (Allocation Failure)
[26.236s][debug][gc,age         ] GC(1741) Desired survivor size 8945664 bytes, new threshold 15 (max threshold 15)
[26.236s][trace][gc,age         ] GC(1741) Age table with threshold 15 (max threshold 15)
[26.236s][trace][gc,age         ] GC(1741) - age   1:     400208 bytes,     400208 total
[26.236s][info ][gc,heap        ] GC(1741) DefNew: 140294K(157376K)->390K(157376K) Eden: 139904K(139904K)->0K(139904K) From: 390K(17472K)->390K(17472K)
[26.236s][info ][gc,heap        ] GC(1741) Tenured: 3959K(349568K)->3959K(349568K)
[26.236s][info ][gc,metaspace   ] GC(1741) Metaspace: 9888K(10176K)->9888K(10176K) NonClass: 8754K(8896K)->8754K(8896K) Class: 1134K(1280K)->1134K(1280K)
[26.236s][info ][gc             ] GC(1741) Pause Young (Allocation Failure) 140M->4M(495M) 0.163ms
[26.236s][info ][gc,cpu         ] GC(1741) User=0.00s Sys=0.00s Real=0.00s
[26.246s][info ][gc,start       ] GC(1742) Pause Young (Allocation Failure)
[26.246s][debug][gc,age         ] GC(1742) Desired survivor size 8945664 bytes, new threshold 15 (max threshold 15)
[26.246s][trace][gc,age         ] GC(1742) Age table with threshold 15 (max threshold 15)
[26.246s][trace][gc,age         ] GC(1742) - age   1:     400208 bytes,     400208 total
[26.246s][info ][gc,heap        ] GC(1742) DefNew: 140294K(157376K)->390K(157376K) Eden: 139904K(139904K)->0K(139904K) From: 390K(17472K)->390K(17472K)
[26.246s][info ][gc,heap        ] GC(1742) Tenured: 3959K(349568K)->3959K(349568K)
[26.246s][info ][gc,metaspace   ] GC(1742) Metaspace: 9888K(10176K)->9888K(10176K) NonClass: 8754K(8896K)->8754K(8896K) Class: 1134K(1280K)->1134K(1280K)
[26.246s][info ][gc             ] GC(1742) Pause Young (Allocation Failure) 140M->4M(495M) 0.166ms
[26.246s][info ][gc,cpu         ] GC(1742) User=0.00s Sys=0.00s Real=0.00s
[26.256s][info ][gc,start       ] GC(1743) Pause Young (Allocation Failure)
[26.256s][debug][gc,age         ] GC(1743) Desired survivor size 8945664 bytes, new threshold 15 (max threshold 15)
[26.256s][trace][gc,age         ] GC(1743) Age table with threshold 15 (max threshold 15)
[26.256s][trace][gc,age         ] GC(1743) - age   1:     400208 bytes,     400208 total
[26.256s][info ][gc,heap        ] GC(1743) DefNew: 140294K(157376K)->390K(157376K) Eden: 139904K(139904K)->0K(139904K) From: 390K(17472K)->390K(17472K)
[26.256s][info ][gc,heap        ] GC(1743) Tenured: 3959K(349568K)->3959K(349568K)
[26.256s][info ][gc,metaspace   ] GC(1743) Metaspace: 9888K(10176K)->9888K(10176K) NonClass: 8754K(8896K)->8754K(8896K) Class: 1134K(1280K)->1134K(1280K)
[26.256s][info ][gc             ] GC(1743) Pause Young (Allocation Failure) 140M->4M(495M) 0.163ms
[26.256s][info ][gc,cpu         ] GC(1743) User=0.00s Sys=0.00s Real=0.00s
[26.266s][info ][gc,start       ] GC(1744) Pause Young (Allocation Failure)
[26.266s][debug][gc,age         ] GC(1744) Desired survivor size 8945664 bytes, new threshold 15 (max threshold 15)
[26.266s][trace][gc,age         ] GC(1744) Age table with threshold 15 (max threshold 15)
[26.266s][trace][gc,age         ] GC(1744) - age   1:     400208 bytes,     400208 total
[26.266s][info ][gc,heap        ] GC(1744) DefNew: 140294K(157376K)->390K(157376K) Eden: 139904K(139904K)->0K(139904K) From: 390K(17472K)->390K(17472K)
[26.266s][info ][gc,heap        ] GC(1744) Tenured: 3959K(349568K)->3959K(349568K)
[26.266s][info ][gc,metaspace   ] GC(1744) Metaspace: 9888K(10176K)->9888K(10176K) NonClass: 8754K(8896K)->8754K(8896K) Class: 1134K(1280K)->1134K(1280K)
[26.266s][info ][gc             ] GC(1744) Pause Young (Allocation Failure) 140M->4M(495M) 0.164ms
[26.266s][info ][gc,cpu         ] GC(1744) User=0.00s Sys=0.00s Real=0.00s
[26.277s][info ][gc,start       ] GC(1745) Pause Young (Allocation Failure)
[26.277s][debug][gc,age         ] GC(1745) Desired survivor size 8945664 bytes, new threshold 15 (max threshold 15)
[26.277s][trace][gc,age         ] GC(1745) Age table with threshold 15 (max threshold 15)
[26.277s][trace][gc,age         ] GC(1745) - age   1:     400208 bytes,     400208 total
[26.277s][info ][gc,heap        ] GC(1745) DefNew: 140294K(157376K)->390K(157376K) Eden: 139904K(139904K)->0K(139904K) From: 390K(17472K)->390K(17472K)
[26.277s][info ][gc,heap        ] GC(1745) Tenured: 3959K(349568K)->3959K(349568K)
[26.277s][info ][gc,metaspace   ] GC(1745) Metaspace: 9888K(10176K)->9888K(10176K) NonClass: 8754K(8896K)->8754K(8896K) Class: 1134K(1280K)->1134K(1280K)
[26.277s][info ][gc             ] GC(1745) Pause Young (Allocation Failure) 140M->4M(495M) 0.166ms
[26.277s][info ][gc,cpu         ] GC(1745) User=0.00s Sys=0.00s Real=0.00s
[26.287s][info ][gc,start       ] GC(1746) Pause Young (Allocation Failure)
[26.287s][debug][gc,age         ] GC(1746) Desired survivor size 8945664 bytes, new threshold 15 (max threshold 15)
[26.287s][trace][gc,age         ] GC(1746) Age table with threshold 15 (max threshold 15)
[26.287s][trace][gc,age         ] GC(1746) - age   1:     400208 bytes,     400208 total
[26.287s][info ][gc,heap        ] GC(1746) DefNew: 140294K(157376K)->390K(157376K) Eden: 139904K(139904K)->0K(139904K) From: 390K(17472K)->390K(17472K)
[26.287s][info ][gc,heap        ] GC(1746) Tenured: 3959K(349568K)->3959K(349568K)
[26.287s][info ][gc,metaspace   ] GC(1746) Metaspace: 9888K(10176K)->9888K(10176K) NonClass: 8754K(8896K)->8754K(8896K) Class: 1134K(1280K)->1134K(1280K)
[26.287s][info ][gc             ] GC(1746) Pause Young (Allocation Failure) 140M->4M(495M) 0.196ms
[26.287s][info ][gc,cpu         ] GC(1746) User=0.00s Sys=0.00s Real=0.00s
[26.297s][info ][gc,start       ] GC(1747) Pause Young (Allocation Failure)
[26.297s][debug][gc,age         ] GC(1747) Desired survivor size 8945664 bytes, new threshold 15 (max threshold 15)
[26.297s][trace][gc,age         ] GC(1747) Age table with threshold 15 (max threshold 15)
[26.297s][trace][gc,age         ] GC(1747) - age   1:     400208 bytes,     400208 total
[26.297s][info ][gc,heap        ] GC(1747) DefNew: 140294K(157376K)->390K(157376K) Eden: 139904K(139904K)->0K(139904K) From: 390K(17472K)->390K(17472K)
[26.297s][info ][gc,heap        ] GC(1747) Tenured: 3959K(349568K)->3959K(349568K)
[26.297s][info ][gc,metaspace   ] GC(1747) Metaspace: 9888K(10176K)->9888K(10176K) NonClass: 8754K(8896K)->8754K(8896K) Class: 1134K(1280K)->1134K(1280K)
[26.297s][info ][gc             ] GC(1747) Pause Young (Allocation Failure) 140M->4M(495M) 0.162ms
[26.297s][info ][gc,cpu         ] GC(1747) User=0.00s Sys=0.00s Real=0.00s
[26.307s][info ][gc,start       ] GC(1748) Pause Young (Allocation Failure)
[26.307s][debug][gc,age         ] GC(1748) Desired survivor size 8945664 bytes, new threshold 15 (max threshold 15)
[26.307s][trace][gc,age         ] GC(1748) Age table with threshold 15 (max threshold 15)
[26.307s][trace][gc,age         ] GC(1748) - age   1:     400208 bytes,     400208 total
[26.307s][info ][gc,heap        ] GC(1748) DefNew: 140294K(157376K)->390K(157376K) Eden: 139904K(139904K)->0K(139904K) From: 390K(17472K)->390K(17472K)
[26.307s][info ][gc,heap        ] GC(1748) Tenured: 3959K(349568K)->3959K(349568K)
[26.307s][info ][gc,metaspace   ] GC(1748) Metaspace: 9888K(10176K)->9888K(10176K) NonClass: 8754K(8896K)->8754K(8896K) Class: 1134K(1280K)->1134K(1280K)
[26.307s][info ][gc             ] GC(1748) Pause Young (Allocation Failure) 140M->4M(495M) 0.164ms
[26.307s][info ][gc,cpu         ] GC(1748) User=0.00s Sys=0.00s Real=0.00s
[26.317s][info ][gc,start       ] GC(1749) Pause Young (Allocation Failure)
[26.318s][debug][gc,age         ] GC(1749) Desired survivor size 8945664 bytes, new threshold 15 (max threshold 15)
[26.318s][trace][gc,age         ] GC(1749) Age table with threshold 15 (max threshold 15)
[26.318s][trace][gc,age         ] GC(1749) - age   1:     400208 bytes,     400208 total
[26.318s][info ][gc,heap        ] GC(1749) DefNew: 140294K(157376K)->390K(157376K) Eden: 139904K(139904K)->0K(139904K) From: 390K(17472K)->390K(17472K)
[26.318s][info ][gc,heap        ] GC(1749) Tenured: 3959K(349568K)->3959K(349568K)
[26.318s][info ][gc,metaspace   ] GC(1749) Metaspace: 9888K(10176K)->9888K(10176K) NonClass: 8754K(8896K)->8754K(8896K) Class: 1134K(1280K)->1134K(1280K)
[26.318s][info ][gc             ] GC(1749) Pause Young (Allocation Failure) 140M->4M(495M) 0.167ms
[26.318s][info ][gc,cpu         ] GC(1749) User=0.00s Sys=0.00s Real=0.00s
[26.328s][info ][gc,start       ] GC(1750) Pause Young (Allocation Failure)
[26.328s][debug][gc,age         ] GC(1750) Desired survivor size 8945664 bytes, new threshold 15 (max threshold 15)
[26.328s][trace][gc,age         ] GC(1750) Age table with threshold 15 (max threshold 15)
[26.328s][trace][gc,age         ] GC(1750) - age   1:     400208 bytes,     400208 total
[26.328s][info ][gc,heap        ] GC(1750) DefNew: 140294K(157376K)->390K(157376K) Eden: 139904K(139904K)->0K(139904K) From: 390K(17472K)->390K(17472K)
[26.328s][info ][gc,heap        ] GC(1750) Tenured: 3959K(349568K)->3959K(349568K)
[26.328s][info ][gc,metaspace   ] GC(1750) Metaspace: 9888K(10176K)->9888K(10176K) NonClass: 8754K(8896K)->8754K(8896K) Class: 1134K(1280K)->1134K(1280K)
[26.328s][info ][gc             ] GC(1750) Pause Young (Allocation Failure) 140M->4M(495M) 0.164ms
[26.328s][info ][gc,cpu         ] GC(1750) User=0.00s Sys=0.00s Real=0.00s
[26.338s][info ][gc,start       ] GC(1751) Pause Young (Allocation Failure)
[26.338s][debug][gc,age         ] GC(1751) Desired survivor size 8945664 bytes, new threshold 15 (max threshold 15)
[26.338s][trace][gc,age         ] GC(1751) Age table with threshold 15 (max threshold 15)
[26.338s][trace][gc,age         ] GC(1751) - age   1:     400208 bytes,     400208 total
[26.338s][info ][gc,heap        ] GC(1751) DefNew: 140294K(157376K)->390K(157376K) Eden: 139904K(139904K)->0K(139904K) From: 390K(17472K)->390K(17472K)
[26.338s][info ][gc,heap        ] GC(1751) Tenured: 3959K(349568K)->3959K(349568K)
[26.338s][info ][gc,metaspace   ] GC(1751) Metaspace: 9888K(10176K)->9888K(10176K) NonClass: 8754K(8896K)->8754K(8896K) Class: 1134K(1280K)->1134K(1280K)
[26.338s][info ][gc             ] GC(1751) Pause Young (Allocation Failure) 140M->4M(495M) 0.170ms
[26.338s][info ][gc,cpu         ] GC(1751) User=0.00s Sys=0.00s Real=0.00s
[26.348s][info ][gc,start       ] GC(1752) Pause Young (Allocation Failure)
[26.348s][debug][gc,age         ] GC(1752) Desired survivor size 8945664 bytes, new threshold 15 (max threshold 15)
[26.348s][trace][gc,age         ] GC(1752) Age table with threshold 15 (max threshold 15)
[26.348s][trace][gc,age         ] GC(1752) - age   1:     400208 bytes,     400208 total
[26.348s][info ][gc,heap        ] GC(1752) DefNew: 140294K(157376K)->390K(157376K) Eden: 139904K(139904K)->0K(139904K) From: 390K(17472K)->390K(17472K)
[26.348s][info ][gc,heap        ] GC(1752) Tenured: 3959K(349568K)->3959K(349568K)
[26.348s][info ][gc,metaspace   ] GC(1752) Metaspace: 9888K(10176K)->9888K(10176K) NonClass: 8754K(8896K)->8754K(8896K) Class: 1134K(1280K)->1134K(1280K)
[26.348s][info ][gc             ] GC(1752) Pause Young (Allocation Failure) 140M->4M(495M) 0.162ms
[26.348s][info ][gc,cpu         ] GC(1752) User=0.00s Sys=0.00s Real=0.00s
[26.358s][info ][gc,start       ] GC(1753) Pause Young (Allocation Failure)
[26.358s][debug][gc,age         ] GC(1753) Desired survivor size 8945664 bytes, new threshold 15 (max threshold 15)
[26.358s][trace][gc,age         ] GC(1753) Age table with threshold 15 (max threshold 15)
[26.358s][trace][gc,age         ] GC(1753) - age   1:     400208 bytes,     400208 total
[26.358s][info ][gc,heap        ] GC(1753) DefNew: 140294K(157376K)->390K(157376K) Eden: 139904K(139904K)->0K(139904K) From: 390K(17472K)->390K(17472K)
[26.358s][info ][gc,heap        ] GC(1753) Tenured: 3959K(349568K)->3959K(349568K)
[26.358s][info ][gc,metaspace   ] GC(1753) Metaspace: 9888K(10176K)->9888K(10176K) NonClass: 8754K(8896K)->8754K(8896K) Class: 1134K(1280K)->1134K(1280K)
[26.358s][info ][gc             ] GC(1753) Pause Young (Allocation Failure) 140M->4M(495M) 0.164ms
[26.358s][info ][gc,cpu         ] GC(1753) User=0.00s Sys=0.00s Real=0.00s
[26.368s][info ][gc,start       ] GC(1754) Pause Young (Allocation Failure)
[26.369s][debug][gc,age         ] GC(1754) Desired survivor size 8945664 bytes, new threshold 15 (max threshold 15)
[26.369s][trace][gc,age         ] GC(1754) Age table with threshold 15 (max threshold 15)
[26.369s][trace][gc,age         ] GC(1754) - age   1:     400208 bytes,     400208 total
[26.369s][info ][gc,heap        ] GC(1754) DefNew: 140294K(157376K)->390K(157376K) Eden: 139904K(139904K)->0K(139904K) From: 390K(17472K)->390K(17472K)
[26.369s][info ][gc,heap        ] GC(1754) Tenured: 3959K(349568K)->3959K(349568K)
[26.369s][info ][gc,metaspace   ] GC(1754) Metaspace: 9888K(10176K)->9888K(10176K) NonClass: 8754K(8896K)->8754K(8896K) Class: 1134K(1280K)->1134K(1280K)
[26.369s][info ][gc             ] GC(1754) Pause Young (Allocation Failure) 140M->4M(495M) 0.171ms
[26.369s][info ][gc,cpu         ] GC(1754) User=0.00s Sys=0.00s Real=0.00s
[26.379s][info ][gc,start       ] GC(1755) Pause Young (Allocation Failure)
[26.379s][debug][gc,age         ] GC(1755) Desired survivor size 8945664 bytes, new threshold 15 (max threshold 15)
[26.379s][trace][gc,age         ] GC(1755) Age table with threshold 15 (max threshold 15)
[26.379s][trace][gc,age         ] GC(1755) - age   1:     400208 bytes,     400208 total
[26.379s][info ][gc,heap        ] GC(1755) DefNew: 140294K(157376K)->390K(157376K) Eden: 139904K(139904K)->0K(139904K) From: 390K(17472K)->390K(17472K)
[26.379s][info ][gc,heap        ] GC(1755) Tenured: 3959K(349568K)->3959K(349568K)
[26.379s][info ][gc,metaspace   ] GC(1755) Metaspace: 9888K(10176K)->9888K(10176K) NonClass: 8754K(8896K)->8754K(8896K) Class: 1134K(1280K)->1134K(1280K)
[26.379s][info ][gc             ] GC(1755) Pause Young (Allocation Failure) 140M->4M(495M) 0.160ms
[26.379s][info ][gc,cpu         ] GC(1755) User=0.00s Sys=0.00s Real=0.00s
[26.389s][info ][gc,start       ] GC(1756) Pause Young (Allocation Failure)
[26.389s][debug][gc,age         ] GC(1756) Desired survivor size 8945664 bytes, new threshold 15 (max threshold 15)
[26.389s][trace][gc,age         ] GC(1756) Age table with threshold 15 (max threshold 15)
[26.389s][trace][gc,age         ] GC(1756) - age   1:     400208 bytes,     400208 total
[26.389s][info ][gc,heap        ] GC(1756) DefNew: 140294K(157376K)->390K(157376K) Eden: 139904K(139904K)->0K(139904K) From: 390K(17472K)->390K(17472K)
[26.389s][info ][gc,heap        ] GC(1756) Tenured: 3959K(349568K)->3959K(349568K)
[26.389s][info ][gc,metaspace   ] GC(1756) Metaspace: 9888K(10176K)->9888K(10176K) NonClass: 8754K(8896K)->8754K(8896K) Class: 1134K(1280K)->1134K(1280K)
[26.389s][info ][gc             ] GC(1756) Pause Young (Allocation Failure) 140M->4M(495M) 0.164ms
[26.389s][info ][gc,cpu         ] GC(1756) User=0.00s Sys=0.00s Real=0.00s
[26.399s][info ][gc,start       ] GC(1757) Pause Young (Allocation Failure)
[26.399s][debug][gc,age         ] GC(1757) Desired survivor size 8945664 bytes, new threshold 15 (max threshold 15)
[26.399s][trace][gc,age         ] GC(1757) Age table with threshold 15 (max threshold 15)
[26.399s][trace][gc,age         ] GC(1757) - age   1:     400208 bytes,     400208 total
[26.399s][info ][gc,heap        ] GC(1757) DefNew: 140294K(157376K)->390K(157376K) Eden: 139904K(139904K)->0K(139904K) From: 390K(17472K)->390K(17472K)
[26.399s][info ][gc,heap        ] GC(1757) Tenured: 3959K(349568K)->3959K(349568K)
[26.399s][info ][gc,metaspace   ] GC(1757) Metaspace: 9888K(10176K)->9888K(10176K) NonClass: 8754K(8896K)->8754K(8896K) Class: 1134K(1280K)->1134K(1280K)
[26.399s][info ][gc             ] GC(1757) Pause Young (Allocation Failure) 140M->4M(495M) 0.165ms
[26.399s][info ][gc,cpu         ] GC(1757) User=0.00s Sys=0.00s Real=0.00s
[26.409s][info ][gc,start       ] GC(1758) Pause Young (Allocation Failure)
[26.409s][debug][gc,age         ] GC(1758) Desired survivor size 8945664 bytes, new threshold 15 (max threshold 15)
[26.409s][trace][gc,age         ] GC(1758) Age table with threshold 15 (max threshold 15)
[26.409s][trace][gc,age         ] GC(1758) - age   1:     400208 bytes,     400208 total
[26.409s][info ][gc,heap        ] GC(1758) DefNew: 140294K(157376K)->390K(157376K) Eden: 139904K(139904K)->0K(139904K) From: 390K(17472K)->390K(17472K)
[26.409s][info ][gc,heap        ] GC(1758) Tenured: 3959K(349568K)->3959K(349568K)
[26.409s][info ][gc,metaspace   ] GC(1758) Metaspace: 9888K(10176K)->9888K(10176K) NonClass: 8754K(8896K)->8754K(8896K) Class: 1134K(1280K)->1134K(1280K)
[26.409s][info ][gc             ] GC(1758) Pause Young (Allocation Failure) 140M->4M(495M) 0.164ms
[26.409s][info ][gc,cpu         ] GC(1758) User=0.00s Sys=0.00s Real=0.00s
[26.419s][info ][gc,start       ] GC(1759) Pause Young (Allocation Failure)
[26.420s][debug][gc,age         ] GC(1759) Desired survivor size 8945664 bytes, new threshold 15 (max threshold 15)
[26.420s][trace][gc,age         ] GC(1759) Age table with threshold 15 (max threshold 15)
[26.420s][trace][gc,age         ] GC(1759) - age   1:     400208 bytes,     400208 total
[26.420s][info ][gc,heap        ] GC(1759) DefNew: 140294K(157376K)->390K(157376K) Eden: 139904K(139904K)->0K(139904K) From: 390K(17472K)->390K(17472K)
[26.420s][info ][gc,heap        ] GC(1759) Tenured: 3959K(349568K)->3959K(349568K)
[26.420s][info ][gc,metaspace   ] GC(1759) Metaspace: 9888K(10176K)->9888K(10176K) NonClass: 8754K(8896K)->8754K(8896K) Class: 1134K(1280K)->1134K(1280K)
[26.420s][info ][gc             ] GC(1759) Pause Young (Allocation Failure) 140M->4M(495M) 0.167ms
[26.420s][info ][gc,cpu         ] GC(1759) User=0.00s Sys=0.00s Real=0.00s
[26.430s][info ][gc,start       ] GC(1760) Pause Young (Allocation Failure)
[26.430s][debug][gc,age         ] GC(1760) Desired survivor size 8945664 bytes, new threshold 15 (max threshold 15)
[26.430s][trace][gc,age         ] GC(1760) Age table with threshold 15 (max threshold 15)
[26.430s][trace][gc,age         ] GC(1760) - age   1:     400208 bytes,     400208 total
[26.430s][info ][gc,heap        ] GC(1760) DefNew: 140294K(157376K)->390K(157376K) Eden: 139904K(139904K)->0K(139904K) From: 390K(17472K)->390K(17472K)
[26.430s][info ][gc,heap        ] GC(1760) Tenured: 3959K(349568K)->3959K(349568K)
[26.430s][info ][gc,metaspace   ] GC(1760) Metaspace: 9888K(10176K)->9888K(10176K) NonClass: 8754K(8896K)->8754K(8896K) Class: 1134K(1280K)->1134K(1280K)
[26.430s][info ][gc             ] GC(1760) Pause Young (Allocation Failure) 140M->4M(495M) 0.165ms
[26.430s][info ][gc,cpu         ] GC(1760) User=0.00s Sys=0.00s Real=0.00s
[26.440s][info ][gc,start       ] GC(1761) Pause Young (Allocation Failure)
[26.440s][debug][gc,age         ] GC(1761) Desired survivor size 8945664 bytes, new threshold 15 (max threshold 15)
[26.440s][trace][gc,age         ] GC(1761) Age table with threshold 15 (max threshold 15)
[26.440s][trace][gc,age         ] GC(1761) - age   1:     400208 bytes,     400208 total
[26.440s][info ][gc,heap        ] GC(1761) DefNew: 140294K(157376K)->390K(157376K) Eden: 139904K(139904K)->0K(139904K) From: 390K(17472K)->390K(17472K)
[26.440s][info ][gc,heap        ] GC(1761) Tenured: 3959K(349568K)->3959K(349568K)
[26.440s][info ][gc,metaspace   ] GC(1761) Metaspace: 9888K(10176K)->9888K(10176K) NonClass: 8754K(8896K)->8754K(8896K) Class: 1134K(1280K)->1134K(1280K)
[26.440s][info ][gc             ] GC(1761) Pause Young (Allocation Failure) 140M->4M(495M) 0.167ms
[26.440s][info ][gc,cpu         ] GC(1761) User=0.00s Sys=0.00s Real=0.01s
[26.450s][info ][gc,start       ] GC(1762) Pause Young (Allocation Failure)
[26.450s][debug][gc,age         ] GC(1762) Desired survivor size 8945664 bytes, new threshold 15 (max threshold 15)
[26.450s][trace][gc,age         ] GC(1762) Age table with threshold 15 (max threshold 15)
[26.450s][trace][gc,age         ] GC(1762) - age   1:     400208 bytes,     400208 total
[26.450s][info ][gc,heap        ] GC(1762) DefNew: 140294K(157376K)->390K(157376K) Eden: 139904K(139904K)->0K(139904K) From: 390K(17472K)->390K(17472K)
[26.450s][info ][gc,heap        ] GC(1762) Tenured: 3959K(349568K)->3959K(349568K)
[26.450s][info ][gc,metaspace   ] GC(1762) Metaspace: 9888K(10176K)->9888K(10176K) NonClass: 8754K(8896K)->8754K(8896K) Class: 1134K(1280K)->1134K(1280K)
[26.450s][info ][gc             ] GC(1762) Pause Young (Allocation Failure) 140M->4M(495M) 0.164ms
[26.450s][info ][gc,cpu         ] GC(1762) User=0.00s Sys=0.00s Real=0.00s
[26.460s][info ][gc,start       ] GC(1763) Pause Young (Allocation Failure)
[26.460s][debug][gc,age         ] GC(1763) Desired survivor size 8945664 bytes, new threshold 15 (max threshold 15)
[26.460s][trace][gc,age         ] GC(1763) Age table with threshold 15 (max threshold 15)
[26.460s][trace][gc,age         ] GC(1763) - age   1:     400208 bytes,     400208 total
[26.460s][info ][gc,heap        ] GC(1763) DefNew: 140294K(157376K)->390K(157376K) Eden: 139904K(139904K)->0K(139904K) From: 390K(17472K)->390K(17472K)
[26.460s][info ][gc,heap        ] GC(1763) Tenured: 3959K(349568K)->3959K(349568K)
[26.460s][info ][gc,metaspace   ] GC(1763) Metaspace: 9888K(10176K)->9888K(10176K) NonClass: 8754K(8896K)->8754K(8896K) Class: 1134K(1280K)->1134K(1280K)
[26.460s][info ][gc             ] GC(1763) Pause Young (Allocation Failure) 140M->4M(495M) 0.165ms
[26.460s][info ][gc,cpu         ] GC(1763) User=0.00s Sys=0.00s Real=0.00s
[26.470s][info ][gc,start       ] GC(1764) Pause Young (Allocation Failure)
[26.471s][debug][gc,age         ] GC(1764) Desired survivor size 8945664 bytes, new threshold 15 (max threshold 15)
[26.471s][trace][gc,age         ] GC(1764) Age table with threshold 15 (max threshold 15)
[26.471s][trace][gc,age         ] GC(1764) - age   1:     400208 bytes,     400208 total
[26.471s][info ][gc,heap        ] GC(1764) DefNew: 140294K(157376K)->390K(157376K) Eden: 139904K(139904K)->0K(139904K) From: 390K(17472K)->390K(17472K)
[26.471s][info ][gc,heap        ] GC(1764) Tenured: 3959K(349568K)->3959K(349568K)
[26.471s][info ][gc,metaspace   ] GC(1764) Metaspace: 9888K(10176K)->9888K(10176K) NonClass: 8754K(8896K)->8754K(8896K) Class: 1134K(1280K)->1134K(1280K)
[26.471s][info ][gc             ] GC(1764) Pause Young (Allocation Failure) 140M->4M(495M) 0.163ms
[26.471s][info ][gc,cpu         ] GC(1764) User=0.00s Sys=0.00s Real=0.00s
[26.481s][info ][gc,start       ] GC(1765) Pause Young (Allocation Failure)
[26.481s][debug][gc,age         ] GC(1765) Desired survivor size 8945664 bytes, new threshold 15 (max threshold 15)
[26.481s][trace][gc,age         ] GC(1765) Age table with threshold 15 (max threshold 15)
[26.481s][trace][gc,age         ] GC(1765) - age   1:     400208 bytes,     400208 total
[26.481s][info ][gc,heap        ] GC(1765) DefNew: 140294K(157376K)->390K(157376K) Eden: 139904K(139904K)->0K(139904K) From: 390K(17472K)->390K(17472K)
[26.481s][info ][gc,heap        ] GC(1765) Tenured: 3959K(349568K)->3959K(349568K)
[26.481s][info ][gc,metaspace   ] GC(1765) Metaspace: 9888K(10176K)->9888K(10176K) NonClass: 8754K(8896K)->8754K(8896K) Class: 1134K(1280K)->1134K(1280K)
[26.481s][info ][gc             ] GC(1765) Pause Young (Allocation Failure) 140M->4M(495M) 0.162ms
[26.481s][info ][gc,cpu         ] GC(1765) User=0.00s Sys=0.00s Real=0.00s
[26.491s][info ][gc,start       ] GC(1766) Pause Young (Allocation Failure)
[26.491s][debug][gc,age         ] GC(1766) Desired survivor size 8945664 bytes, new threshold 15 (max threshold 15)
[26.491s][trace][gc,age         ] GC(1766) Age table with threshold 15 (max threshold 15)
[26.491s][trace][gc,age         ] GC(1766) - age   1:     400208 bytes,     400208 total
[26.491s][info ][gc,heap        ] GC(1766) DefNew: 140294K(157376K)->390K(157376K) Eden: 139904K(139904K)->0K(139904K) From: 390K(17472K)->390K(17472K)
[26.491s][info ][gc,heap        ] GC(1766) Tenured: 3959K(349568K)->3959K(349568K)
[26.491s][info ][gc,metaspace   ] GC(1766) Metaspace: 9888K(10176K)->9888K(10176K) NonClass: 8754K(8896K)->8754K(8896K) Class: 1134K(1280K)->1134K(1280K)
[26.491s][info ][gc             ] GC(1766) Pause Young (Allocation Failure) 140M->4M(495M) 0.166ms
[26.491s][info ][gc,cpu         ] GC(1766) User=0.00s Sys=0.00s Real=0.00s
[26.501s][info ][gc,start       ] GC(1767) Pause Young (Allocation Failure)
[26.501s][debug][gc,age         ] GC(1767) Desired survivor size 8945664 bytes, new threshold 15 (max threshold 15)
[26.501s][trace][gc,age         ] GC(1767) Age table with threshold 15 (max threshold 15)
[26.501s][trace][gc,age         ] GC(1767) - age   1:     400208 bytes,     400208 total
[26.501s][info ][gc,heap        ] GC(1767) DefNew: 140294K(157376K)->390K(157376K) Eden: 139904K(139904K)->0K(139904K) From: 390K(17472K)->390K(17472K)
[26.501s][info ][gc,heap        ] GC(1767) Tenured: 3959K(349568K)->3959K(349568K)
[26.501s][info ][gc,metaspace   ] GC(1767) Metaspace: 9888K(10176K)->9888K(10176K) NonClass: 8754K(8896K)->8754K(8896K) Class: 1134K(1280K)->1134K(1280K)
[26.501s][info ][gc             ] GC(1767) Pause Young (Allocation Failure) 140M->4M(495M) 0.163ms
[26.501s][info ][gc,cpu         ] GC(1767) User=0.00s Sys=0.00s Real=0.00s
[26.511s][info ][gc,start       ] GC(1768) Pause Young (Allocation Failure)
[26.512s][debug][gc,age         ] GC(1768) Desired survivor size 8945664 bytes, new threshold 15 (max threshold 15)
[26.512s][trace][gc,age         ] GC(1768) Age table with threshold 15 (max threshold 15)
[26.512s][trace][gc,age         ] GC(1768) - age   1:     400208 bytes,     400208 total
[26.512s][info ][gc,heap        ] GC(1768) DefNew: 140294K(157376K)->390K(157376K) Eden: 139904K(139904K)->0K(139904K) From: 390K(17472K)->390K(17472K)
[26.512s][info ][gc,heap        ] GC(1768) Tenured: 3959K(349568K)->3959K(349568K)
[26.512s][info ][gc,metaspace   ] GC(1768) Metaspace: 9888K(10176K)->9888K(10176K) NonClass: 8754K(8896K)->8754K(8896K) Class: 1134K(1280K)->1134K(1280K)
[26.512s][info ][gc             ] GC(1768) Pause Young (Allocation Failure) 140M->4M(495M) 0.171ms
[26.512s][info ][gc,cpu         ] GC(1768) User=0.01s Sys=0.00s Real=0.00s
[26.522s][info ][gc,start       ] GC(1769) Pause Young (Allocation Failure)
[26.522s][debug][gc,age         ] GC(1769) Desired survivor size 8945664 bytes, new threshold 15 (max threshold 15)
[26.522s][trace][gc,age         ] GC(1769) Age table with threshold 15 (max threshold 15)
[26.522s][trace][gc,age         ] GC(1769) - age   1:     400208 bytes,     400208 total
[26.522s][info ][gc,heap        ] GC(1769) DefNew: 140294K(157376K)->390K(157376K) Eden: 139904K(139904K)->0K(139904K) From: 390K(17472K)->390K(17472K)
[26.522s][info ][gc,heap        ] GC(1769) Tenured: 3959K(349568K)->3959K(349568K)
[26.522s][info ][gc,metaspace   ] GC(1769) Metaspace: 9888K(10176K)->9888K(10176K) NonClass: 8754K(8896K)->8754K(8896K) Class: 1134K(1280K)->1134K(1280K)
[26.522s][info ][gc             ] GC(1769) Pause Young (Allocation Failure) 140M->4M(495M) 0.172ms
[26.522s][info ][gc,cpu         ] GC(1769) User=0.00s Sys=0.00s Real=0.00s
[26.532s][info ][gc,start       ] GC(1770) Pause Young (Allocation Failure)
[26.532s][debug][gc,age         ] GC(1770) Desired survivor size 8945664 bytes, new threshold 15 (max threshold 15)
[26.532s][trace][gc,age         ] GC(1770) Age table with threshold 15 (max threshold 15)
[26.532s][trace][gc,age         ] GC(1770) - age   1:     400208 bytes,     400208 total
[26.532s][info ][gc,heap        ] GC(1770) DefNew: 140294K(157376K)->390K(157376K) Eden: 139904K(139904K)->0K(139904K) From: 390K(17472K)->390K(17472K)
[26.532s][info ][gc,heap        ] GC(1770) Tenured: 3959K(349568K)->3959K(349568K)
[26.532s][info ][gc,metaspace   ] GC(1770) Metaspace: 9888K(10176K)->9888K(10176K) NonClass: 8754K(8896K)->8754K(8896K) Class: 1134K(1280K)->1134K(1280K)
[26.532s][info ][gc             ] GC(1770) Pause Young (Allocation Failure) 140M->4M(495M) 0.164ms
[26.532s][info ][gc,cpu         ] GC(1770) User=0.00s Sys=0.00s Real=0.00s
[26.542s][info ][gc,start       ] GC(1771) Pause Young (Allocation Failure)
[26.542s][debug][gc,age         ] GC(1771) Desired survivor size 8945664 bytes, new threshold 15 (max threshold 15)
[26.542s][trace][gc,age         ] GC(1771) Age table with threshold 15 (max threshold 15)
[26.542s][trace][gc,age         ] GC(1771) - age   1:     400208 bytes,     400208 total
[26.542s][info ][gc,heap        ] GC(1771) DefNew: 140294K(157376K)->390K(157376K) Eden: 139904K(139904K)->0K(139904K) From: 390K(17472K)->390K(17472K)
[26.542s][info ][gc,heap        ] GC(1771) Tenured: 3959K(349568K)->3959K(349568K)
[26.542s][info ][gc,metaspace   ] GC(1771) Metaspace: 9888K(10176K)->9888K(10176K) NonClass: 8754K(8896K)->8754K(8896K) Class: 1134K(1280K)->1134K(1280K)
[26.542s][info ][gc             ] GC(1771) Pause Young (Allocation Failure) 140M->4M(495M) 0.164ms
[26.542s][info ][gc,cpu         ] GC(1771) User=0.00s Sys=0.00s Real=0.00s
[26.552s][info ][gc,start       ] GC(1772) Pause Young (Allocation Failure)
[26.552s][debug][gc,age         ] GC(1772) Desired survivor size 8945664 bytes, new threshold 15 (max threshold 15)
[26.552s][trace][gc,age         ] GC(1772) Age table with threshold 15 (max threshold 15)
[26.552s][trace][gc,age         ] GC(1772) - age   1:     400208 bytes,     400208 total
[26.552s][info ][gc,heap        ] GC(1772) DefNew: 140294K(157376K)->390K(157376K) Eden: 139904K(139904K)->0K(139904K) From: 390K(17472K)->390K(17472K)
[26.552s][info ][gc,heap        ] GC(1772) Tenured: 3959K(349568K)->3959K(349568K)
[26.552s][info ][gc,metaspace   ] GC(1772) Metaspace: 9888K(10176K)->9888K(10176K) NonClass: 8754K(8896K)->8754K(8896K) Class: 1134K(1280K)->1134K(1280K)
[26.552s][info ][gc             ] GC(1772) Pause Young (Allocation Failure) 140M->4M(495M) 0.171ms
[26.552s][info ][gc,cpu         ] GC(1772) User=0.00s Sys=0.00s Real=0.00s
[26.562s][info ][gc,start       ] GC(1773) Pause Young (Allocation Failure)
[26.563s][debug][gc,age         ] GC(1773) Desired survivor size 8945664 bytes, new threshold 15 (max threshold 15)
[26.563s][trace][gc,age         ] GC(1773) Age table with threshold 15 (max threshold 15)
[26.563s][trace][gc,age         ] GC(1773) - age   1:     400208 bytes,     400208 total
[26.563s][info ][gc,heap        ] GC(1773) DefNew: 140294K(157376K)->390K(157376K) Eden: 139904K(139904K)->0K(139904K) From: 390K(17472K)->390K(17472K)
[26.563s][info ][gc,heap        ] GC(1773) Tenured: 3959K(349568K)->3959K(349568K)
[26.563s][info ][gc,metaspace   ] GC(1773) Metaspace: 9888K(10176K)->9888K(10176K) NonClass: 8754K(8896K)->8754K(8896K) Class: 1134K(1280K)->1134K(1280K)
[26.563s][info ][gc             ] GC(1773) Pause Young (Allocation Failure) 140M->4M(495M) 0.168ms
[26.563s][info ][gc,cpu         ] GC(1773) User=0.00s Sys=0.00s Real=0.00s
[26.573s][info ][gc,start       ] GC(1774) Pause Young (Allocation Failure)
[26.573s][debug][gc,age         ] GC(1774) Desired survivor size 8945664 bytes, new threshold 15 (max threshold 15)
[26.573s][trace][gc,age         ] GC(1774) Age table with threshold 15 (max threshold 15)
[26.573s][trace][gc,age         ] GC(1774) - age   1:     400208 bytes,     400208 total
[26.573s][info ][gc,heap        ] GC(1774) DefNew: 140294K(157376K)->390K(157376K) Eden: 139904K(139904K)->0K(139904K) From: 390K(17472K)->390K(17472K)
[26.573s][info ][gc,heap        ] GC(1774) Tenured: 3959K(349568K)->3959K(349568K)
[26.573s][info ][gc,metaspace   ] GC(1774) Metaspace: 9888K(10176K)->9888K(10176K) NonClass: 8754K(8896K)->8754K(8896K) Class: 1134K(1280K)->1134K(1280K)
[26.573s][info ][gc             ] GC(1774) Pause Young (Allocation Failure) 140M->4M(495M) 0.161ms
[26.573s][info ][gc,cpu         ] GC(1774) User=0.00s Sys=0.00s Real=0.00s
[26.583s][info ][gc,start       ] GC(1775) Pause Young (Allocation Failure)
[26.583s][debug][gc,age         ] GC(1775) Desired survivor size 8945664 bytes, new threshold 15 (max threshold 15)
[26.583s][trace][gc,age         ] GC(1775) Age table with threshold 15 (max threshold 15)
[26.583s][trace][gc,age         ] GC(1775) - age   1:     400208 bytes,     400208 total
[26.583s][info ][gc,heap        ] GC(1775) DefNew: 140294K(157376K)->390K(157376K) Eden: 139904K(139904K)->0K(139904K) From: 390K(17472K)->390K(17472K)
[26.583s][info ][gc,heap        ] GC(1775) Tenured: 3959K(349568K)->3959K(349568K)
[26.583s][info ][gc,metaspace   ] GC(1775) Metaspace: 9888K(10176K)->9888K(10176K) NonClass: 8754K(8896K)->8754K(8896K) Class: 1134K(1280K)->1134K(1280K)
[26.583s][info ][gc             ] GC(1775) Pause Young (Allocation Failure) 140M->4M(495M) 0.164ms
[26.583s][info ][gc,cpu         ] GC(1775) User=0.00s Sys=0.00s Real=0.00s
[26.593s][info ][gc,start       ] GC(1776) Pause Young (Allocation Failure)
[26.593s][debug][gc,age         ] GC(1776) Desired survivor size 8945664 bytes, new threshold 15 (max threshold 15)
[26.593s][trace][gc,age         ] GC(1776) Age table with threshold 15 (max threshold 15)
[26.593s][trace][gc,age         ] GC(1776) - age   1:     400208 bytes,     400208 total
[26.593s][info ][gc,heap        ] GC(1776) DefNew: 140294K(157376K)->390K(157376K) Eden: 139904K(139904K)->0K(139904K) From: 390K(17472K)->390K(17472K)
[26.593s][info ][gc,heap        ] GC(1776) Tenured: 3959K(349568K)->3959K(349568K)
[26.593s][info ][gc,metaspace   ] GC(1776) Metaspace: 9888K(10176K)->9888K(10176K) NonClass: 8754K(8896K)->8754K(8896K) Class: 1134K(1280K)->1134K(1280K)
[26.593s][info ][gc             ] GC(1776) Pause Young (Allocation Failure) 140M->4M(495M) 0.162ms
[26.593s][info ][gc,cpu         ] GC(1776) User=0.00s Sys=0.01s Real=0.00s
[26.603s][info ][gc,start       ] GC(1777) Pause Young (Allocation Failure)
[26.604s][debug][gc,age         ] GC(1777) Desired survivor size 8945664 bytes, new threshold 15 (max threshold 15)
[26.604s][trace][gc,age         ] GC(1777) Age table with threshold 15 (max threshold 15)
[26.604s][trace][gc,age         ] GC(1777) - age   1:     400208 bytes,     400208 total
[26.604s][info ][gc,heap        ] GC(1777) DefNew: 140294K(157376K)->390K(157376K) Eden: 139904K(139904K)->0K(139904K) From: 390K(17472K)->390K(17472K)
[26.604s][info ][gc,heap        ] GC(1777) Tenured: 3959K(349568K)->3959K(349568K)
[26.604s][info ][gc,metaspace   ] GC(1777) Metaspace: 9888K(10176K)->9888K(10176K) NonClass: 8754K(8896K)->8754K(8896K) Class: 1134K(1280K)->1134K(1280K)
[26.604s][info ][gc             ] GC(1777) Pause Young (Allocation Failure) 140M->4M(495M) 0.166ms
[26.604s][info ][gc,cpu         ] GC(1777) User=0.00s Sys=0.00s Real=0.00s
[26.614s][info ][gc,start       ] GC(1778) Pause Young (Allocation Failure)
[26.614s][debug][gc,age         ] GC(1778) Desired survivor size 8945664 bytes, new threshold 15 (max threshold 15)
[26.614s][trace][gc,age         ] GC(1778) Age table with threshold 15 (max threshold 15)
[26.614s][trace][gc,age         ] GC(1778) - age   1:     400208 bytes,     400208 total
[26.614s][info ][gc,heap        ] GC(1778) DefNew: 140294K(157376K)->390K(157376K) Eden: 139904K(139904K)->0K(139904K) From: 390K(17472K)->390K(17472K)
[26.614s][info ][gc,heap        ] GC(1778) Tenured: 3959K(349568K)->3959K(349568K)
[26.614s][info ][gc,metaspace   ] GC(1778) Metaspace: 9888K(10176K)->9888K(10176K) NonClass: 8754K(8896K)->8754K(8896K) Class: 1134K(1280K)->1134K(1280K)
[26.614s][info ][gc             ] GC(1778) Pause Young (Allocation Failure) 140M->4M(495M) 0.166ms
[26.614s][info ][gc,cpu         ] GC(1778) User=0.00s Sys=0.00s Real=0.00s
[26.624s][info ][gc,start       ] GC(1779) Pause Young (Allocation Failure)
[26.624s][debug][gc,age         ] GC(1779) Desired survivor size 8945664 bytes, new threshold 15 (max threshold 15)
[26.624s][trace][gc,age         ] GC(1779) Age table with threshold 15 (max threshold 15)
[26.624s][trace][gc,age         ] GC(1779) - age   1:     400208 bytes,     400208 total
[26.624s][info ][gc,heap        ] GC(1779) DefNew: 140294K(157376K)->390K(157376K) Eden: 139904K(139904K)->0K(139904K) From: 390K(17472K)->390K(17472K)
[26.624s][info ][gc,heap        ] GC(1779) Tenured: 3959K(349568K)->3959K(349568K)
[26.624s][info ][gc,metaspace   ] GC(1779) Metaspace: 9888K(10176K)->9888K(10176K) NonClass: 8754K(8896K)->8754K(8896K) Class: 1134K(1280K)->1134K(1280K)
[26.624s][info ][gc             ] GC(1779) Pause Young (Allocation Failure) 140M->4M(495M) 0.170ms
[26.624s][info ][gc,cpu         ] GC(1779) User=0.00s Sys=0.00s Real=0.00s
[26.634s][info ][gc,start       ] GC(1780) Pause Young (Allocation Failure)
[26.634s][debug][gc,age         ] GC(1780) Desired survivor size 8945664 bytes, new threshold 15 (max threshold 15)
[26.634s][trace][gc,age         ] GC(1780) Age table with threshold 15 (max threshold 15)
[26.634s][trace][gc,age         ] GC(1780) - age   1:     400208 bytes,     400208 total
[26.634s][info ][gc,heap        ] GC(1780) DefNew: 140294K(157376K)->390K(157376K) Eden: 139904K(139904K)->0K(139904K) From: 390K(17472K)->390K(17472K)
[26.634s][info ][gc,heap        ] GC(1780) Tenured: 3959K(349568K)->3959K(349568K)
[26.634s][info ][gc,metaspace   ] GC(1780) Metaspace: 9888K(10176K)->9888K(10176K) NonClass: 8754K(8896K)->8754K(8896K) Class: 1134K(1280K)->1134K(1280K)
[26.634s][info ][gc             ] GC(1780) Pause Young (Allocation Failure) 140M->4M(495M) 0.164ms
[26.634s][info ][gc,cpu         ] GC(1780) User=0.00s Sys=0.00s Real=0.00s
[26.644s][info ][gc,start       ] GC(1781) Pause Young (Allocation Failure)
[26.644s][debug][gc,age         ] GC(1781) Desired survivor size 8945664 bytes, new threshold 15 (max threshold 15)
[26.644s][trace][gc,age         ] GC(1781) Age table with threshold 15 (max threshold 15)
[26.644s][trace][gc,age         ] GC(1781) - age   1:     400208 bytes,     400208 total
[26.645s][info ][gc,heap        ] GC(1781) DefNew: 140294K(157376K)->390K(157376K) Eden: 139904K(139904K)->0K(139904K) From: 390K(17472K)->390K(17472K)
[26.645s][info ][gc,heap        ] GC(1781) Tenured: 3959K(349568K)->3959K(349568K)
[26.645s][info ][gc,metaspace   ] GC(1781) Metaspace: 9888K(10176K)->9888K(10176K) NonClass: 8754K(8896K)->8754K(8896K) Class: 1134K(1280K)->1134K(1280K)
[26.645s][info ][gc             ] GC(1781) Pause Young (Allocation Failure) 140M->4M(495M) 0.160ms
[26.645s][info ][gc,cpu         ] GC(1781) User=0.00s Sys=0.00s Real=0.00s
[26.655s][info ][gc,start       ] GC(1782) Pause Young (Allocation Failure)
[26.655s][debug][gc,age         ] GC(1782) Desired survivor size 8945664 bytes, new threshold 15 (max threshold 15)
[26.655s][trace][gc,age         ] GC(1782) Age table with threshold 15 (max threshold 15)
[26.655s][trace][gc,age         ] GC(1782) - age   1:     400208 bytes,     400208 total
[26.655s][info ][gc,heap        ] GC(1782) DefNew: 140294K(157376K)->390K(157376K) Eden: 139904K(139904K)->0K(139904K) From: 390K(17472K)->390K(17472K)
[26.655s][info ][gc,heap        ] GC(1782) Tenured: 3959K(349568K)->3959K(349568K)
[26.655s][info ][gc,metaspace   ] GC(1782) Metaspace: 9888K(10176K)->9888K(10176K) NonClass: 8754K(8896K)->8754K(8896K) Class: 1134K(1280K)->1134K(1280K)
[26.655s][info ][gc             ] GC(1782) Pause Young (Allocation Failure) 140M->4M(495M) 0.167ms
[26.655s][info ][gc,cpu         ] GC(1782) User=0.00s Sys=0.00s Real=0.00s
[26.665s][info ][gc,start       ] GC(1783) Pause Young (Allocation Failure)
[26.665s][debug][gc,age         ] GC(1783) Desired survivor size 8945664 bytes, new threshold 15 (max threshold 15)
[26.665s][trace][gc,age         ] GC(1783) Age table with threshold 15 (max threshold 15)
[26.665s][trace][gc,age         ] GC(1783) - age   1:     400208 bytes,     400208 total
[26.665s][info ][gc,heap        ] GC(1783) DefNew: 140294K(157376K)->390K(157376K) Eden: 139904K(139904K)->0K(139904K) From: 390K(17472K)->390K(17472K)
[26.665s][info ][gc,heap        ] GC(1783) Tenured: 3959K(349568K)->3959K(349568K)
[26.665s][info ][gc,metaspace   ] GC(1783) Metaspace: 9888K(10176K)->9888K(10176K) NonClass: 8754K(8896K)->8754K(8896K) Class: 1134K(1280K)->1134K(1280K)
[26.665s][info ][gc             ] GC(1783) Pause Young (Allocation Failure) 140M->4M(495M) 0.164ms
[26.665s][info ][gc,cpu         ] GC(1783) User=0.00s Sys=0.00s Real=0.00s
[26.675s][info ][gc,start       ] GC(1784) Pause Young (Allocation Failure)
[26.675s][debug][gc,age         ] GC(1784) Desired survivor size 8945664 bytes, new threshold 15 (max threshold 15)
[26.675s][trace][gc,age         ] GC(1784) Age table with threshold 15 (max threshold 15)
[26.675s][trace][gc,age         ] GC(1784) - age   1:     400208 bytes,     400208 total
[26.675s][info ][gc,heap        ] GC(1784) DefNew: 140294K(157376K)->390K(157376K) Eden: 139904K(139904K)->0K(139904K) From: 390K(17472K)->390K(17472K)
[26.675s][info ][gc,heap        ] GC(1784) Tenured: 3959K(349568K)->3959K(349568K)
[26.675s][info ][gc,metaspace   ] GC(1784) Metaspace: 9888K(10176K)->9888K(10176K) NonClass: 8754K(8896K)->8754K(8896K) Class: 1134K(1280K)->1134K(1280K)
[26.675s][info ][gc             ] GC(1784) Pause Young (Allocation Failure) 140M->4M(495M) 0.165ms
[26.675s][info ][gc,cpu         ] GC(1784) User=0.00s Sys=0.00s Real=0.00s
[26.685s][info ][gc,start       ] GC(1785) Pause Young (Allocation Failure)
[26.685s][debug][gc,age         ] GC(1785) Desired survivor size 8945664 bytes, new threshold 15 (max threshold 15)
[26.685s][trace][gc,age         ] GC(1785) Age table with threshold 15 (max threshold 15)
[26.685s][trace][gc,age         ] GC(1785) - age   1:     400208 bytes,     400208 total
[26.685s][info ][gc,heap        ] GC(1785) DefNew: 140294K(157376K)->390K(157376K) Eden: 139904K(139904K)->0K(139904K) From: 390K(17472K)->390K(17472K)
[26.685s][info ][gc,heap        ] GC(1785) Tenured: 3959K(349568K)->3959K(349568K)
[26.685s][info ][gc,metaspace   ] GC(1785) Metaspace: 9888K(10176K)->9888K(10176K) NonClass: 8754K(8896K)->8754K(8896K) Class: 1134K(1280K)->1134K(1280K)
[26.685s][info ][gc             ] GC(1785) Pause Young (Allocation Failure) 140M->4M(495M) 0.163ms
[26.685s][info ][gc,cpu         ] GC(1785) User=0.00s Sys=0.00s Real=0.00s
[26.695s][info ][gc,start       ] GC(1786) Pause Young (Allocation Failure)
[26.696s][debug][gc,age         ] GC(1786) Desired survivor size 8945664 bytes, new threshold 15 (max threshold 15)
[26.696s][trace][gc,age         ] GC(1786) Age table with threshold 15 (max threshold 15)
[26.696s][trace][gc,age         ] GC(1786) - age   1:     400208 bytes,     400208 total
[26.696s][info ][gc,heap        ] GC(1786) DefNew: 140294K(157376K)->390K(157376K) Eden: 139904K(139904K)->0K(139904K) From: 390K(17472K)->390K(17472K)
[26.696s][info ][gc,heap        ] GC(1786) Tenured: 3959K(349568K)->3959K(349568K)
[26.696s][info ][gc,metaspace   ] GC(1786) Metaspace: 9888K(10176K)->9888K(10176K) NonClass: 8754K(8896K)->8754K(8896K) Class: 1134K(1280K)->1134K(1280K)
[26.696s][info ][gc             ] GC(1786) Pause Young (Allocation Failure) 140M->4M(495M) 0.165ms
[26.696s][info ][gc,cpu         ] GC(1786) User=0.00s Sys=0.00s Real=0.00s
[26.706s][info ][gc,start       ] GC(1787) Pause Young (Allocation Failure)
[26.706s][debug][gc,age         ] GC(1787) Desired survivor size 8945664 bytes, new threshold 15 (max threshold 15)
[26.706s][trace][gc,age         ] GC(1787) Age table with threshold 15 (max threshold 15)
[26.706s][trace][gc,age         ] GC(1787) - age   1:     400208 bytes,     400208 total
[26.706s][info ][gc,heap        ] GC(1787) DefNew: 140294K(157376K)->390K(157376K) Eden: 139904K(139904K)->0K(139904K) From: 390K(17472K)->390K(17472K)
[26.706s][info ][gc,heap        ] GC(1787) Tenured: 3959K(349568K)->3959K(349568K)
[26.706s][info ][gc,metaspace   ] GC(1787) Metaspace: 9888K(10176K)->9888K(10176K) NonClass: 8754K(8896K)->8754K(8896K) Class: 1134K(1280K)->1134K(1280K)
[26.706s][info ][gc             ] GC(1787) Pause Young (Allocation Failure) 140M->4M(495M) 0.165ms
[26.706s][info ][gc,cpu         ] GC(1787) User=0.00s Sys=0.00s Real=0.00s
[26.716s][info ][gc,start       ] GC(1788) Pause Young (Allocation Failure)
[26.716s][debug][gc,age         ] GC(1788) Desired survivor size 8945664 bytes, new threshold 15 (max threshold 15)
[26.716s][trace][gc,age         ] GC(1788) Age table with threshold 15 (max threshold 15)
[26.716s][trace][gc,age         ] GC(1788) - age   1:     400208 bytes,     400208 total
[26.716s][info ][gc,heap        ] GC(1788) DefNew: 140294K(157376K)->390K(157376K) Eden: 139904K(139904K)->0K(139904K) From: 390K(17472K)->390K(17472K)
[26.716s][info ][gc,heap        ] GC(1788) Tenured: 3959K(349568K)->3959K(349568K)
[26.716s][info ][gc,metaspace   ] GC(1788) Metaspace: 9888K(10176K)->9888K(10176K) NonClass: 8754K(8896K)->8754K(8896K) Class: 1134K(1280K)->1134K(1280K)
[26.716s][info ][gc             ] GC(1788) Pause Young (Allocation Failure) 140M->4M(495M) 0.211ms
[26.716s][info ][gc,cpu         ] GC(1788) User=0.00s Sys=0.00s Real=0.00s
[26.726s][info ][gc,start       ] GC(1789) Pause Young (Allocation Failure)
[26.726s][debug][gc,age         ] GC(1789) Desired survivor size 8945664 bytes, new threshold 15 (max threshold 15)
[26.726s][trace][gc,age         ] GC(1789) Age table with threshold 15 (max threshold 15)
[26.726s][trace][gc,age         ] GC(1789) - age   1:     400208 bytes,     400208 total
[26.726s][info ][gc,heap        ] GC(1789) DefNew: 140294K(157376K)->390K(157376K) Eden: 139904K(139904K)->0K(139904K) From: 390K(17472K)->390K(17472K)
[26.726s][info ][gc,heap        ] GC(1789) Tenured: 3959K(349568K)->3959K(349568K)
[26.726s][info ][gc,metaspace   ] GC(1789) Metaspace: 9888K(10176K)->9888K(10176K) NonClass: 8754K(8896K)->8754K(8896K) Class: 1134K(1280K)->1134K(1280K)
[26.726s][info ][gc             ] GC(1789) Pause Young (Allocation Failure) 140M->4M(495M) 0.188ms
[26.726s][info ][gc,cpu         ] GC(1789) User=0.00s Sys=0.00s Real=0.00s
[26.736s][info ][gc,start       ] GC(1790) Pause Young (Allocation Failure)
[26.736s][debug][gc,age         ] GC(1790) Desired survivor size 8945664 bytes, new threshold 15 (max threshold 15)
[26.736s][trace][gc,age         ] GC(1790) Age table with threshold 15 (max threshold 15)
[26.737s][trace][gc,age         ] GC(1790) - age   1:     400208 bytes,     400208 total
[26.737s][info ][gc,heap        ] GC(1790) DefNew: 140294K(157376K)->390K(157376K) Eden: 139904K(139904K)->0K(139904K) From: 390K(17472K)->390K(17472K)
[26.737s][info ][gc,heap        ] GC(1790) Tenured: 3959K(349568K)->3959K(349568K)
[26.737s][info ][gc,metaspace   ] GC(1790) Metaspace: 9888K(10176K)->9888K(10176K) NonClass: 8754K(8896K)->8754K(8896K) Class: 1134K(1280K)->1134K(1280K)
[26.737s][info ][gc             ] GC(1790) Pause Young (Allocation Failure) 140M->4M(495M) 0.174ms
[26.737s][info ][gc,cpu         ] GC(1790) User=0.00s Sys=0.00s Real=0.00s
[26.747s][info ][gc,start       ] GC(1791) Pause Young (Allocation Failure)
[26.747s][debug][gc,age         ] GC(1791) Desired survivor size 8945664 bytes, new threshold 15 (max threshold 15)
[26.747s][trace][gc,age         ] GC(1791) Age table with threshold 15 (max threshold 15)
[26.747s][trace][gc,age         ] GC(1791) - age   1:     400208 bytes,     400208 total
[26.747s][info ][gc,heap        ] GC(1791) DefNew: 140294K(157376K)->390K(157376K) Eden: 139904K(139904K)->0K(139904K) From: 390K(17472K)->390K(17472K)
[26.747s][info ][gc,heap        ] GC(1791) Tenured: 3959K(349568K)->3959K(349568K)
[26.747s][info ][gc,metaspace   ] GC(1791) Metaspace: 9888K(10176K)->9888K(10176K) NonClass: 8754K(8896K)->8754K(8896K) Class: 1134K(1280K)->1134K(1280K)
[26.747s][info ][gc             ] GC(1791) Pause Young (Allocation Failure) 140M->4M(495M) 0.169ms
[26.747s][info ][gc,cpu         ] GC(1791) User=0.00s Sys=0.00s Real=0.00s
[26.757s][info ][gc,start       ] GC(1792) Pause Young (Allocation Failure)
[26.757s][debug][gc,age         ] GC(1792) Desired survivor size 8945664 bytes, new threshold 15 (max threshold 15)
[26.757s][trace][gc,age         ] GC(1792) Age table with threshold 15 (max threshold 15)
[26.757s][trace][gc,age         ] GC(1792) - age   1:     400208 bytes,     400208 total
[26.757s][info ][gc,heap        ] GC(1792) DefNew: 140294K(157376K)->390K(157376K) Eden: 139904K(139904K)->0K(139904K) From: 390K(17472K)->390K(17472K)
[26.757s][info ][gc,heap        ] GC(1792) Tenured: 3959K(349568K)->3959K(349568K)
[26.757s][info ][gc,metaspace   ] GC(1792) Metaspace: 9888K(10176K)->9888K(10176K) NonClass: 8754K(8896K)->8754K(8896K) Class: 1134K(1280K)->1134K(1280K)
[26.757s][info ][gc             ] GC(1792) Pause Young (Allocation Failure) 140M->4M(495M) 0.170ms
[26.757s][info ][gc,cpu         ] GC(1792) User=0.00s Sys=0.00s Real=0.00s
[26.767s][info ][gc,start       ] GC(1793) Pause Young (Allocation Failure)
[26.767s][debug][gc,age         ] GC(1793) Desired survivor size 8945664 bytes, new threshold 15 (max threshold 15)
[26.767s][trace][gc,age         ] GC(1793) Age table with threshold 15 (max threshold 15)
[26.767s][trace][gc,age         ] GC(1793) - age   1:     400208 bytes,     400208 total
[26.767s][info ][gc,heap        ] GC(1793) DefNew: 140294K(157376K)->390K(157376K) Eden: 139904K(139904K)->0K(139904K) From: 390K(17472K)->390K(17472K)
[26.767s][info ][gc,heap        ] GC(1793) Tenured: 3959K(349568K)->3959K(349568K)
[26.767s][info ][gc,metaspace   ] GC(1793) Metaspace: 9888K(10176K)->9888K(10176K) NonClass: 8754K(8896K)->8754K(8896K) Class: 1134K(1280K)->1134K(1280K)
[26.767s][info ][gc             ] GC(1793) Pause Young (Allocation Failure) 140M->4M(495M) 0.171ms
[26.767s][info ][gc,cpu         ] GC(1793) User=0.00s Sys=0.00s Real=0.00s
[26.777s][info ][gc,start       ] GC(1794) Pause Young (Allocation Failure)
[26.777s][debug][gc,age         ] GC(1794) Desired survivor size 8945664 bytes, new threshold 15 (max threshold 15)
[26.777s][trace][gc,age         ] GC(1794) Age table with threshold 15 (max threshold 15)
[26.777s][trace][gc,age         ] GC(1794) - age   1:     400208 bytes,     400208 total
[26.777s][info ][gc,heap        ] GC(1794) DefNew: 140294K(157376K)->390K(157376K) Eden: 139904K(139904K)->0K(139904K) From: 390K(17472K)->390K(17472K)
[26.777s][info ][gc,heap        ] GC(1794) Tenured: 3959K(349568K)->3959K(349568K)
[26.777s][info ][gc,metaspace   ] GC(1794) Metaspace: 9888K(10176K)->9888K(10176K) NonClass: 8754K(8896K)->8754K(8896K) Class: 1134K(1280K)->1134K(1280K)
[26.777s][info ][gc             ] GC(1794) Pause Young (Allocation Failure) 140M->4M(495M) 0.165ms
[26.777s][info ][gc,cpu         ] GC(1794) User=0.00s Sys=0.00s Real=0.00s
[26.787s][info ][gc,start       ] GC(1795) Pause Young (Allocation Failure)
[26.788s][debug][gc,age         ] GC(1795) Desired survivor size 8945664 bytes, new threshold 15 (max threshold 15)
[26.788s][trace][gc,age         ] GC(1795) Age table with threshold 15 (max threshold 15)
[26.788s][trace][gc,age         ] GC(1795) - age   1:     400208 bytes,     400208 total
[26.788s][info ][gc,heap        ] GC(1795) DefNew: 140294K(157376K)->390K(157376K) Eden: 139904K(139904K)->0K(139904K) From: 390K(17472K)->390K(17472K)
[26.788s][info ][gc,heap        ] GC(1795) Tenured: 3959K(349568K)->3959K(349568K)
[26.788s][info ][gc,metaspace   ] GC(1795) Metaspace: 9888K(10176K)->9888K(10176K) NonClass: 8754K(8896K)->8754K(8896K) Class: 1134K(1280K)->1134K(1280K)
[26.788s][info ][gc             ] GC(1795) Pause Young (Allocation Failure) 140M->4M(495M) 0.168ms
[26.788s][info ][gc,cpu         ] GC(1795) User=0.00s Sys=0.00s Real=0.00s
[26.798s][info ][gc,start       ] GC(1796) Pause Young (Allocation Failure)
[26.798s][debug][gc,age         ] GC(1796) Desired survivor size 8945664 bytes, new threshold 15 (max threshold 15)
[26.798s][trace][gc,age         ] GC(1796) Age table with threshold 15 (max threshold 15)
[26.798s][trace][gc,age         ] GC(1796) - age   1:     400208 bytes,     400208 total
[26.798s][info ][gc,heap        ] GC(1796) DefNew: 140294K(157376K)->390K(157376K) Eden: 139904K(139904K)->0K(139904K) From: 390K(17472K)->390K(17472K)
[26.798s][info ][gc,heap        ] GC(1796) Tenured: 3959K(349568K)->3959K(349568K)
[26.798s][info ][gc,metaspace   ] GC(1796) Metaspace: 9888K(10176K)->9888K(10176K) NonClass: 8754K(8896K)->8754K(8896K) Class: 1134K(1280K)->1134K(1280K)
[26.798s][info ][gc             ] GC(1796) Pause Young (Allocation Failure) 140M->4M(495M) 0.168ms
[26.798s][info ][gc,cpu         ] GC(1796) User=0.00s Sys=0.00s Real=0.00s
[26.808s][info ][gc,start       ] GC(1797) Pause Young (Allocation Failure)
[26.808s][debug][gc,age         ] GC(1797) Desired survivor size 8945664 bytes, new threshold 15 (max threshold 15)
[26.808s][trace][gc,age         ] GC(1797) Age table with threshold 15 (max threshold 15)
[26.808s][trace][gc,age         ] GC(1797) - age   1:     400208 bytes,     400208 total
[26.808s][info ][gc,heap        ] GC(1797) DefNew: 140294K(157376K)->390K(157376K) Eden: 139904K(139904K)->0K(139904K) From: 390K(17472K)->390K(17472K)
[26.808s][info ][gc,heap        ] GC(1797) Tenured: 3959K(349568K)->3959K(349568K)
[26.808s][info ][gc,metaspace   ] GC(1797) Metaspace: 9888K(10176K)->9888K(10176K) NonClass: 8754K(8896K)->8754K(8896K) Class: 1134K(1280K)->1134K(1280K)
[26.808s][info ][gc             ] GC(1797) Pause Young (Allocation Failure) 140M->4M(495M) 0.164ms
[26.808s][info ][gc,cpu         ] GC(1797) User=0.00s Sys=0.00s Real=0.00s
[26.818s][info ][gc,start       ] GC(1798) Pause Young (Allocation Failure)
[26.818s][debug][gc,age         ] GC(1798) Desired survivor size 8945664 bytes, new threshold 15 (max threshold 15)
[26.818s][trace][gc,age         ] GC(1798) Age table with threshold 15 (max threshold 15)
[26.818s][trace][gc,age         ] GC(1798) - age   1:     400208 bytes,     400208 total
[26.818s][info ][gc,heap        ] GC(1798) DefNew: 140294K(157376K)->390K(157376K) Eden: 139904K(139904K)->0K(139904K) From: 390K(17472K)->390K(17472K)
[26.818s][info ][gc,heap        ] GC(1798) Tenured: 3959K(349568K)->3959K(349568K)
[26.818s][info ][gc,metaspace   ] GC(1798) Metaspace: 9888K(10176K)->9888K(10176K) NonClass: 8754K(8896K)->8754K(8896K) Class: 1134K(1280K)->1134K(1280K)
[26.818s][info ][gc             ] GC(1798) Pause Young (Allocation Failure) 140M->4M(495M) 0.163ms
[26.818s][info ][gc,cpu         ] GC(1798) User=0.00s Sys=0.00s Real=0.00s
[26.828s][info ][gc,start       ] GC(1799) Pause Young (Allocation Failure)
[26.828s][debug][gc,age         ] GC(1799) Desired survivor size 8945664 bytes, new threshold 15 (max threshold 15)
[26.828s][trace][gc,age         ] GC(1799) Age table with threshold 15 (max threshold 15)
[26.828s][trace][gc,age         ] GC(1799) - age   1:     400208 bytes,     400208 total
[26.828s][info ][gc,heap        ] GC(1799) DefNew: 140294K(157376K)->390K(157376K) Eden: 139904K(139904K)->0K(139904K) From: 390K(17472K)->390K(17472K)
[26.828s][info ][gc,heap        ] GC(1799) Tenured: 3959K(349568K)->3959K(349568K)
[26.828s][info ][gc,metaspace   ] GC(1799) Metaspace: 9888K(10176K)->9888K(10176K) NonClass: 8754K(8896K)->8754K(8896K) Class: 1134K(1280K)->1134K(1280K)
[26.828s][info ][gc             ] GC(1799) Pause Young (Allocation Failure) 140M->4M(495M) 0.162ms
[26.828s][info ][gc,cpu         ] GC(1799) User=0.00s Sys=0.00s Real=0.00s
[26.838s][info ][gc,start       ] GC(1800) Pause Young (Allocation Failure)
[26.839s][debug][gc,age         ] GC(1800) Desired survivor size 8945664 bytes, new threshold 15 (max threshold 15)
[26.839s][trace][gc,age         ] GC(1800) Age table with threshold 15 (max threshold 15)
[26.839s][trace][gc,age         ] GC(1800) - age   1:     400208 bytes,     400208 total
[26.839s][info ][gc,heap        ] GC(1800) DefNew: 140294K(157376K)->390K(157376K) Eden: 139904K(139904K)->0K(139904K) From: 390K(17472K)->390K(17472K)
[26.839s][info ][gc,heap        ] GC(1800) Tenured: 3959K(349568K)->3959K(349568K)
[26.839s][info ][gc,metaspace   ] GC(1800) Metaspace: 9888K(10176K)->9888K(10176K) NonClass: 8754K(8896K)->8754K(8896K) Class: 1134K(1280K)->1134K(1280K)
[26.839s][info ][gc             ] GC(1800) Pause Young (Allocation Failure) 140M->4M(495M) 0.164ms
[26.839s][info ][gc,cpu         ] GC(1800) User=0.00s Sys=0.00s Real=0.00s
[26.849s][info ][gc,start       ] GC(1801) Pause Young (Allocation Failure)
[26.849s][debug][gc,age         ] GC(1801) Desired survivor size 8945664 bytes, new threshold 15 (max threshold 15)
[26.849s][trace][gc,age         ] GC(1801) Age table with threshold 15 (max threshold 15)
[26.849s][trace][gc,age         ] GC(1801) - age   1:     400208 bytes,     400208 total
[26.849s][info ][gc,heap        ] GC(1801) DefNew: 140294K(157376K)->390K(157376K) Eden: 139904K(139904K)->0K(139904K) From: 390K(17472K)->390K(17472K)
[26.849s][info ][gc,heap        ] GC(1801) Tenured: 3959K(349568K)->3959K(349568K)
[26.849s][info ][gc,metaspace   ] GC(1801) Metaspace: 9888K(10176K)->9888K(10176K) NonClass: 8754K(8896K)->8754K(8896K) Class: 1134K(1280K)->1134K(1280K)
[26.849s][info ][gc             ] GC(1801) Pause Young (Allocation Failure) 140M->4M(495M) 0.167ms
[26.849s][info ][gc,cpu         ] GC(1801) User=0.00s Sys=0.00s Real=0.00s
[26.859s][info ][gc,start       ] GC(1802) Pause Young (Allocation Failure)
[26.859s][debug][gc,age         ] GC(1802) Desired survivor size 8945664 bytes, new threshold 15 (max threshold 15)
[26.859s][trace][gc,age         ] GC(1802) Age table with threshold 15 (max threshold 15)
[26.859s][trace][gc,age         ] GC(1802) - age   1:     400208 bytes,     400208 total
[26.859s][info ][gc,heap        ] GC(1802) DefNew: 140294K(157376K)->390K(157376K) Eden: 139904K(139904K)->0K(139904K) From: 390K(17472K)->390K(17472K)
[26.859s][info ][gc,heap        ] GC(1802) Tenured: 3959K(349568K)->3959K(349568K)
[26.859s][info ][gc,metaspace   ] GC(1802) Metaspace: 9888K(10176K)->9888K(10176K) NonClass: 8754K(8896K)->8754K(8896K) Class: 1134K(1280K)->1134K(1280K)
[26.859s][info ][gc             ] GC(1802) Pause Young (Allocation Failure) 140M->4M(495M) 0.172ms
[26.859s][info ][gc,cpu         ] GC(1802) User=0.00s Sys=0.00s Real=0.00s
[26.869s][info ][gc,start       ] GC(1803) Pause Young (Allocation Failure)
[26.869s][debug][gc,age         ] GC(1803) Desired survivor size 8945664 bytes, new threshold 15 (max threshold 15)
[26.869s][trace][gc,age         ] GC(1803) Age table with threshold 15 (max threshold 15)
[26.869s][trace][gc,age         ] GC(1803) - age   1:     400208 bytes,     400208 total
[26.869s][info ][gc,heap        ] GC(1803) DefNew: 140294K(157376K)->390K(157376K) Eden: 139904K(139904K)->0K(139904K) From: 390K(17472K)->390K(17472K)
[26.869s][info ][gc,heap        ] GC(1803) Tenured: 3959K(349568K)->3959K(349568K)
[26.869s][info ][gc,metaspace   ] GC(1803) Metaspace: 9888K(10176K)->9888K(10176K) NonClass: 8754K(8896K)->8754K(8896K) Class: 1134K(1280K)->1134K(1280K)
[26.869s][info ][gc             ] GC(1803) Pause Young (Allocation Failure) 140M->4M(495M) 0.159ms
[26.869s][info ][gc,cpu         ] GC(1803) User=0.00s Sys=0.00s Real=0.00s
[26.879s][info ][gc,start       ] GC(1804) Pause Young (Allocation Failure)
[26.879s][debug][gc,age         ] GC(1804) Desired survivor size 8945664 bytes, new threshold 15 (max threshold 15)
[26.879s][trace][gc,age         ] GC(1804) Age table with threshold 15 (max threshold 15)
[26.879s][trace][gc,age         ] GC(1804) - age   1:     400208 bytes,     400208 total
[26.879s][info ][gc,heap        ] GC(1804) DefNew: 140294K(157376K)->390K(157376K) Eden: 139904K(139904K)->0K(139904K) From: 390K(17472K)->390K(17472K)
[26.879s][info ][gc,heap        ] GC(1804) Tenured: 3959K(349568K)->3959K(349568K)
[26.879s][info ][gc,metaspace   ] GC(1804) Metaspace: 9888K(10176K)->9888K(10176K) NonClass: 8754K(8896K)->8754K(8896K) Class: 1134K(1280K)->1134K(1280K)
[26.879s][info ][gc             ] GC(1804) Pause Young (Allocation Failure) 140M->4M(495M) 0.167ms
[26.879s][info ][gc,cpu         ] GC(1804) User=0.00s Sys=0.00s Real=0.00s
[26.890s][info ][gc,start       ] GC(1805) Pause Young (Allocation Failure)
[26.890s][debug][gc,age         ] GC(1805) Desired survivor size 8945664 bytes, new threshold 15 (max threshold 15)
[26.890s][trace][gc,age         ] GC(1805) Age table with threshold 15 (max threshold 15)
[26.890s][trace][gc,age         ] GC(1805) - age   1:     400208 bytes,     400208 total
[26.890s][info ][gc,heap        ] GC(1805) DefNew: 140294K(157376K)->390K(157376K) Eden: 139904K(139904K)->0K(139904K) From: 390K(17472K)->390K(17472K)
[26.890s][info ][gc,heap        ] GC(1805) Tenured: 3959K(349568K)->3959K(349568K)
[26.890s][info ][gc,metaspace   ] GC(1805) Metaspace: 9888K(10176K)->9888K(10176K) NonClass: 8754K(8896K)->8754K(8896K) Class: 1134K(1280K)->1134K(1280K)
[26.890s][info ][gc             ] GC(1805) Pause Young (Allocation Failure) 140M->4M(495M) 0.162ms
[26.890s][info ][gc,cpu         ] GC(1805) User=0.00s Sys=0.00s Real=0.00s
[26.900s][info ][gc,start       ] GC(1806) Pause Young (Allocation Failure)
[26.900s][debug][gc,age         ] GC(1806) Desired survivor size 8945664 bytes, new threshold 15 (max threshold 15)
[26.900s][trace][gc,age         ] GC(1806) Age table with threshold 15 (max threshold 15)
[26.900s][trace][gc,age         ] GC(1806) - age   1:     400208 bytes,     400208 total
[26.900s][info ][gc,heap        ] GC(1806) DefNew: 140294K(157376K)->390K(157376K) Eden: 139904K(139904K)->0K(139904K) From: 390K(17472K)->390K(17472K)
[26.900s][info ][gc,heap        ] GC(1806) Tenured: 3959K(349568K)->3959K(349568K)
[26.900s][info ][gc,metaspace   ] GC(1806) Metaspace: 9888K(10176K)->9888K(10176K) NonClass: 8754K(8896K)->8754K(8896K) Class: 1134K(1280K)->1134K(1280K)
[26.900s][info ][gc             ] GC(1806) Pause Young (Allocation Failure) 140M->4M(495M) 0.164ms
[26.900s][info ][gc,cpu         ] GC(1806) User=0.00s Sys=0.00s Real=0.00s
[26.910s][info ][gc,start       ] GC(1807) Pause Young (Allocation Failure)
[26.910s][debug][gc,age         ] GC(1807) Desired survivor size 8945664 bytes, new threshold 15 (max threshold 15)
[26.910s][trace][gc,age         ] GC(1807) Age table with threshold 15 (max threshold 15)
[26.910s][trace][gc,age         ] GC(1807) - age   1:     400208 bytes,     400208 total
[26.910s][info ][gc,heap        ] GC(1807) DefNew: 140294K(157376K)->390K(157376K) Eden: 139904K(139904K)->0K(139904K) From: 390K(17472K)->390K(17472K)
[26.910s][info ][gc,heap        ] GC(1807) Tenured: 3959K(349568K)->3959K(349568K)
[26.910s][info ][gc,metaspace   ] GC(1807) Metaspace: 9888K(10176K)->9888K(10176K) NonClass: 8754K(8896K)->8754K(8896K) Class: 1134K(1280K)->1134K(1280K)
[26.910s][info ][gc             ] GC(1807) Pause Young (Allocation Failure) 140M->4M(495M) 0.169ms
[26.910s][info ][gc,cpu         ] GC(1807) User=0.00s Sys=0.00s Real=0.01s
[26.920s][info ][gc,start       ] GC(1808) Pause Young (Allocation Failure)
[26.920s][debug][gc,age         ] GC(1808) Desired survivor size 8945664 bytes, new threshold 15 (max threshold 15)
[26.920s][trace][gc,age         ] GC(1808) Age table with threshold 15 (max threshold 15)
[26.920s][trace][gc,age         ] GC(1808) - age   1:     400208 bytes,     400208 total
[26.920s][info ][gc,heap        ] GC(1808) DefNew: 140294K(157376K)->390K(157376K) Eden: 139904K(139904K)->0K(139904K) From: 390K(17472K)->390K(17472K)
[26.920s][info ][gc,heap        ] GC(1808) Tenured: 3959K(349568K)->3959K(349568K)
[26.920s][info ][gc,metaspace   ] GC(1808) Metaspace: 9888K(10176K)->9888K(10176K) NonClass: 8754K(8896K)->8754K(8896K) Class: 1134K(1280K)->1134K(1280K)
[26.920s][info ][gc             ] GC(1808) Pause Young (Allocation Failure) 140M->4M(495M) 0.161ms
[26.920s][info ][gc,cpu         ] GC(1808) User=0.00s Sys=0.00s Real=0.00s
[26.930s][info ][gc,start       ] GC(1809) Pause Young (Allocation Failure)
[26.931s][debug][gc,age         ] GC(1809) Desired survivor size 8945664 bytes, new threshold 15 (max threshold 15)
[26.931s][trace][gc,age         ] GC(1809) Age table with threshold 15 (max threshold 15)
[26.931s][trace][gc,age         ] GC(1809) - age   1:     400208 bytes,     400208 total
[26.931s][info ][gc,heap        ] GC(1809) DefNew: 140294K(157376K)->390K(157376K) Eden: 139904K(139904K)->0K(139904K) From: 390K(17472K)->390K(17472K)
[26.931s][info ][gc,heap        ] GC(1809) Tenured: 3959K(349568K)->3959K(349568K)
[26.931s][info ][gc,metaspace   ] GC(1809) Metaspace: 9888K(10176K)->9888K(10176K) NonClass: 8754K(8896K)->8754K(8896K) Class: 1134K(1280K)->1134K(1280K)
[26.931s][info ][gc             ] GC(1809) Pause Young (Allocation Failure) 140M->4M(495M) 0.170ms
[26.931s][info ][gc,cpu         ] GC(1809) User=0.00s Sys=0.00s Real=0.00s
[26.941s][info ][gc,start       ] GC(1810) Pause Young (Allocation Failure)
[26.941s][debug][gc,age         ] GC(1810) Desired survivor size 8945664 bytes, new threshold 15 (max threshold 15)
[26.941s][trace][gc,age         ] GC(1810) Age table with threshold 15 (max threshold 15)
[26.941s][trace][gc,age         ] GC(1810) - age   1:     400208 bytes,     400208 total
[26.941s][info ][gc,heap        ] GC(1810) DefNew: 140294K(157376K)->390K(157376K) Eden: 139904K(139904K)->0K(139904K) From: 390K(17472K)->390K(17472K)
[26.941s][info ][gc,heap        ] GC(1810) Tenured: 3959K(349568K)->3959K(349568K)
[26.941s][info ][gc,metaspace   ] GC(1810) Metaspace: 9888K(10176K)->9888K(10176K) NonClass: 8754K(8896K)->8754K(8896K) Class: 1134K(1280K)->1134K(1280K)
[26.941s][info ][gc             ] GC(1810) Pause Young (Allocation Failure) 140M->4M(495M) 0.166ms
[26.941s][info ][gc,cpu         ] GC(1810) User=0.00s Sys=0.00s Real=0.00s
[26.951s][info ][gc,start       ] GC(1811) Pause Young (Allocation Failure)
[26.951s][debug][gc,age         ] GC(1811) Desired survivor size 8945664 bytes, new threshold 15 (max threshold 15)
[26.951s][trace][gc,age         ] GC(1811) Age table with threshold 15 (max threshold 15)
[26.951s][trace][gc,age         ] GC(1811) - age   1:     400208 bytes,     400208 total
[26.951s][info ][gc,heap        ] GC(1811) DefNew: 140294K(157376K)->390K(157376K) Eden: 139904K(139904K)->0K(139904K) From: 390K(17472K)->390K(17472K)
[26.951s][info ][gc,heap        ] GC(1811) Tenured: 3959K(349568K)->3959K(349568K)
[26.951s][info ][gc,metaspace   ] GC(1811) Metaspace: 9888K(10176K)->9888K(10176K) NonClass: 8754K(8896K)->8754K(8896K) Class: 1134K(1280K)->1134K(1280K)
[26.951s][info ][gc             ] GC(1811) Pause Young (Allocation Failure) 140M->4M(495M) 0.163ms
[26.951s][info ][gc,cpu         ] GC(1811) User=0.00s Sys=0.00s Real=0.00s
[26.961s][info ][gc,start       ] GC(1812) Pause Young (Allocation Failure)
[26.961s][debug][gc,age         ] GC(1812) Desired survivor size 8945664 bytes, new threshold 15 (max threshold 15)
[26.961s][trace][gc,age         ] GC(1812) Age table with threshold 15 (max threshold 15)
[26.961s][trace][gc,age         ] GC(1812) - age   1:     400208 bytes,     400208 total
[26.961s][info ][gc,heap        ] GC(1812) DefNew: 140294K(157376K)->390K(157376K) Eden: 139904K(139904K)->0K(139904K) From: 390K(17472K)->390K(17472K)
[26.961s][info ][gc,heap        ] GC(1812) Tenured: 3959K(349568K)->3959K(349568K)
[26.961s][info ][gc,metaspace   ] GC(1812) Metaspace: 9888K(10176K)->9888K(10176K) NonClass: 8754K(8896K)->8754K(8896K) Class: 1134K(1280K)->1134K(1280K)
[26.961s][info ][gc             ] GC(1812) Pause Young (Allocation Failure) 140M->4M(495M) 0.169ms
[26.961s][info ][gc,cpu         ] GC(1812) User=0.00s Sys=0.00s Real=0.00s
[26.971s][info ][gc,start       ] GC(1813) Pause Young (Allocation Failure)
[26.971s][debug][gc,age         ] GC(1813) Desired survivor size 8945664 bytes, new threshold 15 (max threshold 15)
[26.971s][trace][gc,age         ] GC(1813) Age table with threshold 15 (max threshold 15)
[26.971s][trace][gc,age         ] GC(1813) - age   1:     400208 bytes,     400208 total
[26.971s][info ][gc,heap        ] GC(1813) DefNew: 140294K(157376K)->390K(157376K) Eden: 139904K(139904K)->0K(139904K) From: 390K(17472K)->390K(17472K)
[26.971s][info ][gc,heap        ] GC(1813) Tenured: 3959K(349568K)->3959K(349568K)
[26.971s][info ][gc,metaspace   ] GC(1813) Metaspace: 9888K(10176K)->9888K(10176K) NonClass: 8754K(8896K)->8754K(8896K) Class: 1134K(1280K)->1134K(1280K)
[26.971s][info ][gc             ] GC(1813) Pause Young (Allocation Failure) 140M->4M(495M) 0.164ms
[26.971s][info ][gc,cpu         ] GC(1813) User=0.00s Sys=0.00s Real=0.00s
[26.981s][info ][gc,start       ] GC(1814) Pause Young (Allocation Failure)
[26.982s][debug][gc,age         ] GC(1814) Desired survivor size 8945664 bytes, new threshold 15 (max threshold 15)
[26.982s][trace][gc,age         ] GC(1814) Age table with threshold 15 (max threshold 15)
[26.982s][trace][gc,age         ] GC(1814) - age   1:     400208 bytes,     400208 total
[26.982s][info ][gc,heap        ] GC(1814) DefNew: 140294K(157376K)->390K(157376K) Eden: 139904K(139904K)->0K(139904K) From: 390K(17472K)->390K(17472K)
[26.982s][info ][gc,heap        ] GC(1814) Tenured: 3959K(349568K)->3959K(349568K)
[26.982s][info ][gc,metaspace   ] GC(1814) Metaspace: 9888K(10176K)->9888K(10176K) NonClass: 8754K(8896K)->8754K(8896K) Class: 1134K(1280K)->1134K(1280K)
[26.982s][info ][gc             ] GC(1814) Pause Young (Allocation Failure) 140M->4M(495M) 0.166ms
[26.982s][info ][gc,cpu         ] GC(1814) User=0.00s Sys=0.00s Real=0.00s
[26.992s][info ][gc,start       ] GC(1815) Pause Young (Allocation Failure)
[26.992s][debug][gc,age         ] GC(1815) Desired survivor size 8945664 bytes, new threshold 15 (max threshold 15)
[26.992s][trace][gc,age         ] GC(1815) Age table with threshold 15 (max threshold 15)
[26.992s][trace][gc,age         ] GC(1815) - age   1:     400208 bytes,     400208 total
[26.992s][info ][gc,heap        ] GC(1815) DefNew: 140294K(157376K)->390K(157376K) Eden: 139904K(139904K)->0K(139904K) From: 390K(17472K)->390K(17472K)
[26.992s][info ][gc,heap        ] GC(1815) Tenured: 3959K(349568K)->3959K(349568K)
[26.992s][info ][gc,metaspace   ] GC(1815) Metaspace: 9888K(10176K)->9888K(10176K) NonClass: 8754K(8896K)->8754K(8896K) Class: 1134K(1280K)->1134K(1280K)
[26.992s][info ][gc             ] GC(1815) Pause Young (Allocation Failure) 140M->4M(495M) 0.162ms
[26.992s][info ][gc,cpu         ] GC(1815) User=0.00s Sys=0.00s Real=0.00s
[27.002s][info ][gc,start       ] GC(1816) Pause Young (Allocation Failure)
[27.002s][debug][gc,age         ] GC(1816) Desired survivor size 8945664 bytes, new threshold 15 (max threshold 15)
[27.002s][trace][gc,age         ] GC(1816) Age table with threshold 15 (max threshold 15)
[27.002s][trace][gc,age         ] GC(1816) - age   1:     400208 bytes,     400208 total
[27.002s][info ][gc,heap        ] GC(1816) DefNew: 140294K(157376K)->390K(157376K) Eden: 139904K(139904K)->0K(139904K) From: 390K(17472K)->390K(17472K)
[27.002s][info ][gc,heap        ] GC(1816) Tenured: 3959K(349568K)->3959K(349568K)
[27.002s][info ][gc,metaspace   ] GC(1816) Metaspace: 9888K(10176K)->9888K(10176K) NonClass: 8754K(8896K)->8754K(8896K) Class: 1134K(1280K)->1134K(1280K)
[27.002s][info ][gc             ] GC(1816) Pause Young (Allocation Failure) 140M->4M(495M) 0.172ms
[27.002s][info ][gc,cpu         ] GC(1816) User=0.00s Sys=0.00s Real=0.00s
[27.012s][info ][gc,start       ] GC(1817) Pause Young (Allocation Failure)
[27.013s][debug][gc,age         ] GC(1817) Desired survivor size 8945664 bytes, new threshold 15 (max threshold 15)
[27.013s][trace][gc,age         ] GC(1817) Age table with threshold 15 (max threshold 15)
[27.013s][trace][gc,age         ] GC(1817) - age   1:     400208 bytes,     400208 total
[27.013s][info ][gc,heap        ] GC(1817) DefNew: 140294K(157376K)->390K(157376K) Eden: 139904K(139904K)->0K(139904K) From: 390K(17472K)->390K(17472K)
[27.013s][info ][gc,heap        ] GC(1817) Tenured: 3959K(349568K)->3959K(349568K)
[27.013s][info ][gc,metaspace   ] GC(1817) Metaspace: 9888K(10176K)->9888K(10176K) NonClass: 8754K(8896K)->8754K(8896K) Class: 1134K(1280K)->1134K(1280K)
[27.013s][info ][gc             ] GC(1817) Pause Young (Allocation Failure) 140M->4M(495M) 0.208ms
[27.013s][info ][gc,cpu         ] GC(1817) User=0.00s Sys=0.00s Real=0.00s
[27.023s][info ][gc,start       ] GC(1818) Pause Young (Allocation Failure)
[27.023s][debug][gc,age         ] GC(1818) Desired survivor size 8945664 bytes, new threshold 15 (max threshold 15)
[27.023s][trace][gc,age         ] GC(1818) Age table with threshold 15 (max threshold 15)
[27.023s][trace][gc,age         ] GC(1818) - age   1:     400208 bytes,     400208 total
[27.023s][info ][gc,heap        ] GC(1818) DefNew: 140294K(157376K)->390K(157376K) Eden: 139904K(139904K)->0K(139904K) From: 390K(17472K)->390K(17472K)
[27.023s][info ][gc,heap        ] GC(1818) Tenured: 3959K(349568K)->3959K(349568K)
[27.023s][info ][gc,metaspace   ] GC(1818) Metaspace: 9888K(10176K)->9888K(10176K) NonClass: 8754K(8896K)->8754K(8896K) Class: 1134K(1280K)->1134K(1280K)
[27.023s][info ][gc             ] GC(1818) Pause Young (Allocation Failure) 140M->4M(495M) 0.178ms
[27.023s][info ][gc,cpu         ] GC(1818) User=0.00s Sys=0.00s Real=0.00s
[27.033s][info ][gc,start       ] GC(1819) Pause Young (Allocation Failure)
[27.033s][debug][gc,age         ] GC(1819) Desired survivor size 8945664 bytes, new threshold 15 (max threshold 15)
[27.033s][trace][gc,age         ] GC(1819) Age table with threshold 15 (max threshold 15)
[27.033s][trace][gc,age         ] GC(1819) - age   1:     400208 bytes,     400208 total
[27.033s][info ][gc,heap        ] GC(1819) DefNew: 140294K(157376K)->390K(157376K) Eden: 139904K(139904K)->0K(139904K) From: 390K(17472K)->390K(17472K)
[27.033s][info ][gc,heap        ] GC(1819) Tenured: 3959K(349568K)->3959K(349568K)
[27.033s][info ][gc,metaspace   ] GC(1819) Metaspace: 9888K(10176K)->9888K(10176K) NonClass: 8754K(8896K)->8754K(8896K) Class: 1134K(1280K)->1134K(1280K)
[27.033s][info ][gc             ] GC(1819) Pause Young (Allocation Failure) 140M->4M(495M) 0.171ms
[27.033s][info ][gc,cpu         ] GC(1819) User=0.00s Sys=0.00s Real=0.00s
[27.043s][info ][gc,start       ] GC(1820) Pause Young (Allocation Failure)
[27.043s][debug][gc,age         ] GC(1820) Desired survivor size 8945664 bytes, new threshold 15 (max threshold 15)
[27.043s][trace][gc,age         ] GC(1820) Age table with threshold 15 (max threshold 15)
[27.043s][trace][gc,age         ] GC(1820) - age   1:     400208 bytes,     400208 total
[27.043s][info ][gc,heap        ] GC(1820) DefNew: 140294K(157376K)->390K(157376K) Eden: 139904K(139904K)->0K(139904K) From: 390K(17472K)->390K(17472K)
[27.043s][info ][gc,heap        ] GC(1820) Tenured: 3959K(349568K)->3959K(349568K)
[27.043s][info ][gc,metaspace   ] GC(1820) Metaspace: 9888K(10176K)->9888K(10176K) NonClass: 8754K(8896K)->8754K(8896K) Class: 1134K(1280K)->1134K(1280K)
[27.043s][info ][gc             ] GC(1820) Pause Young (Allocation Failure) 140M->4M(495M) 0.169ms
[27.043s][info ][gc,cpu         ] GC(1820) User=0.00s Sys=0.00s Real=0.00s
[27.053s][info ][gc,start       ] GC(1821) Pause Young (Allocation Failure)
[27.054s][debug][gc,age         ] GC(1821) Desired survivor size 8945664 bytes, new threshold 15 (max threshold 15)
[27.054s][trace][gc,age         ] GC(1821) Age table with threshold 15 (max threshold 15)
[27.054s][trace][gc,age         ] GC(1821) - age   1:     400208 bytes,     400208 total
[27.054s][info ][gc,heap        ] GC(1821) DefNew: 140294K(157376K)->390K(157376K) Eden: 139904K(139904K)->0K(139904K) From: 390K(17472K)->390K(17472K)
[27.054s][info ][gc,heap        ] GC(1821) Tenured: 3959K(349568K)->3959K(349568K)
[27.054s][info ][gc,metaspace   ] GC(1821) Metaspace: 9888K(10176K)->9888K(10176K) NonClass: 8754K(8896K)->8754K(8896K) Class: 1134K(1280K)->1134K(1280K)
[27.054s][info ][gc             ] GC(1821) Pause Young (Allocation Failure) 140M->4M(495M) 0.168ms
[27.054s][info ][gc,cpu         ] GC(1821) User=0.00s Sys=0.00s Real=0.00s
[27.064s][info ][gc,start       ] GC(1822) Pause Young (Allocation Failure)
[27.064s][debug][gc,age         ] GC(1822) Desired survivor size 8945664 bytes, new threshold 15 (max threshold 15)
[27.064s][trace][gc,age         ] GC(1822) Age table with threshold 15 (max threshold 15)
[27.064s][trace][gc,age         ] GC(1822) - age   1:     400208 bytes,     400208 total
[27.064s][info ][gc,heap        ] GC(1822) DefNew: 140294K(157376K)->390K(157376K) Eden: 139904K(139904K)->0K(139904K) From: 390K(17472K)->390K(17472K)
[27.064s][info ][gc,heap        ] GC(1822) Tenured: 3959K(349568K)->3959K(349568K)
[27.064s][info ][gc,metaspace   ] GC(1822) Metaspace: 9888K(10176K)->9888K(10176K) NonClass: 8754K(8896K)->8754K(8896K) Class: 1134K(1280K)->1134K(1280K)
[27.064s][info ][gc             ] GC(1822) Pause Young (Allocation Failure) 140M->4M(495M) 0.168ms
[27.064s][info ][gc,cpu         ] GC(1822) User=0.00s Sys=0.00s Real=0.00s
[27.074s][info ][gc,start       ] GC(1823) Pause Young (Allocation Failure)
[27.074s][debug][gc,age         ] GC(1823) Desired survivor size 8945664 bytes, new threshold 15 (max threshold 15)
[27.074s][trace][gc,age         ] GC(1823) Age table with threshold 15 (max threshold 15)
[27.074s][trace][gc,age         ] GC(1823) - age   1:     400208 bytes,     400208 total
[27.074s][info ][gc,heap        ] GC(1823) DefNew: 140294K(157376K)->390K(157376K) Eden: 139904K(139904K)->0K(139904K) From: 390K(17472K)->390K(17472K)
[27.074s][info ][gc,heap        ] GC(1823) Tenured: 3959K(349568K)->3959K(349568K)
[27.074s][info ][gc,metaspace   ] GC(1823) Metaspace: 9888K(10176K)->9888K(10176K) NonClass: 8754K(8896K)->8754K(8896K) Class: 1134K(1280K)->1134K(1280K)
[27.074s][info ][gc             ] GC(1823) Pause Young (Allocation Failure) 140M->4M(495M) 0.166ms
[27.074s][info ][gc,cpu         ] GC(1823) User=0.00s Sys=0.00s Real=0.00s
[27.084s][info ][gc,start       ] GC(1824) Pause Young (Allocation Failure)
[27.084s][debug][gc,age         ] GC(1824) Desired survivor size 8945664 bytes, new threshold 15 (max threshold 15)
[27.084s][trace][gc,age         ] GC(1824) Age table with threshold 15 (max threshold 15)
[27.084s][trace][gc,age         ] GC(1824) - age   1:     400208 bytes,     400208 total
[27.084s][info ][gc,heap        ] GC(1824) DefNew: 140294K(157376K)->390K(157376K) Eden: 139904K(139904K)->0K(139904K) From: 390K(17472K)->390K(17472K)
[27.084s][info ][gc,heap        ] GC(1824) Tenured: 3959K(349568K)->3959K(349568K)
[27.084s][info ][gc,metaspace   ] GC(1824) Metaspace: 9888K(10176K)->9888K(10176K) NonClass: 8754K(8896K)->8754K(8896K) Class: 1134K(1280K)->1134K(1280K)
[27.084s][info ][gc             ] GC(1824) Pause Young (Allocation Failure) 140M->4M(495M) 0.172ms
[27.084s][info ][gc,cpu         ] GC(1824) User=0.00s Sys=0.00s Real=0.00s
[27.094s][info ][gc,start       ] GC(1825) Pause Young (Allocation Failure)
[27.094s][debug][gc,age         ] GC(1825) Desired survivor size 8945664 bytes, new threshold 15 (max threshold 15)
[27.094s][trace][gc,age         ] GC(1825) Age table with threshold 15 (max threshold 15)
[27.094s][trace][gc,age         ] GC(1825) - age   1:     400208 bytes,     400208 total
[27.094s][info ][gc,heap        ] GC(1825) DefNew: 140294K(157376K)->390K(157376K) Eden: 139904K(139904K)->0K(139904K) From: 390K(17472K)->390K(17472K)
[27.094s][info ][gc,heap        ] GC(1825) Tenured: 3959K(349568K)->3959K(349568K)
[27.094s][info ][gc,metaspace   ] GC(1825) Metaspace: 9888K(10176K)->9888K(10176K) NonClass: 8754K(8896K)->8754K(8896K) Class: 1134K(1280K)->1134K(1280K)
[27.094s][info ][gc             ] GC(1825) Pause Young (Allocation Failure) 140M->4M(495M) 0.166ms
[27.094s][info ][gc,cpu         ] GC(1825) User=0.01s Sys=0.00s Real=0.00s
[27.105s][info ][gc,start       ] GC(1826) Pause Young (Allocation Failure)
[27.105s][debug][gc,age         ] GC(1826) Desired survivor size 8945664 bytes, new threshold 15 (max threshold 15)
[27.105s][trace][gc,age         ] GC(1826) Age table with threshold 15 (max threshold 15)
[27.105s][trace][gc,age         ] GC(1826) - age   1:     400208 bytes,     400208 total
[27.105s][info ][gc,heap        ] GC(1826) DefNew: 140294K(157376K)->390K(157376K) Eden: 139904K(139904K)->0K(139904K) From: 390K(17472K)->390K(17472K)
[27.105s][info ][gc,heap        ] GC(1826) Tenured: 3959K(349568K)->3959K(349568K)
[27.105s][info ][gc,metaspace   ] GC(1826) Metaspace: 9888K(10176K)->9888K(10176K) NonClass: 8754K(8896K)->8754K(8896K) Class: 1134K(1280K)->1134K(1280K)
[27.105s][info ][gc             ] GC(1826) Pause Young (Allocation Failure) 140M->4M(495M) 0.169ms
[27.105s][info ][gc,cpu         ] GC(1826) User=0.00s Sys=0.00s Real=0.00s
[27.115s][info ][gc,start       ] GC(1827) Pause Young (Allocation Failure)
[27.115s][debug][gc,age         ] GC(1827) Desired survivor size 8945664 bytes, new threshold 15 (max threshold 15)
[27.115s][trace][gc,age         ] GC(1827) Age table with threshold 15 (max threshold 15)
[27.115s][trace][gc,age         ] GC(1827) - age   1:     400208 bytes,     400208 total
[27.115s][info ][gc,heap        ] GC(1827) DefNew: 140294K(157376K)->390K(157376K) Eden: 139904K(139904K)->0K(139904K) From: 390K(17472K)->390K(17472K)
[27.115s][info ][gc,heap        ] GC(1827) Tenured: 3959K(349568K)->3959K(349568K)
[27.115s][info ][gc,metaspace   ] GC(1827) Metaspace: 9888K(10176K)->9888K(10176K) NonClass: 8754K(8896K)->8754K(8896K) Class: 1134K(1280K)->1134K(1280K)
[27.115s][info ][gc             ] GC(1827) Pause Young (Allocation Failure) 140M->4M(495M) 0.167ms
[27.115s][info ][gc,cpu         ] GC(1827) User=0.00s Sys=0.00s Real=0.00s
[27.125s][info ][gc,start       ] GC(1828) Pause Young (Allocation Failure)
[27.125s][debug][gc,age         ] GC(1828) Desired survivor size 8945664 bytes, new threshold 15 (max threshold 15)
[27.125s][trace][gc,age         ] GC(1828) Age table with threshold 15 (max threshold 15)
[27.125s][trace][gc,age         ] GC(1828) - age   1:     400208 bytes,     400208 total
[27.125s][info ][gc,heap        ] GC(1828) DefNew: 140294K(157376K)->390K(157376K) Eden: 139904K(139904K)->0K(139904K) From: 390K(17472K)->390K(17472K)
[27.125s][info ][gc,heap        ] GC(1828) Tenured: 3959K(349568K)->3959K(349568K)
[27.125s][info ][gc,metaspace   ] GC(1828) Metaspace: 9888K(10176K)->9888K(10176K) NonClass: 8754K(8896K)->8754K(8896K) Class: 1134K(1280K)->1134K(1280K)
[27.125s][info ][gc             ] GC(1828) Pause Young (Allocation Failure) 140M->4M(495M) 0.165ms
[27.125s][info ][gc,cpu         ] GC(1828) User=0.00s Sys=0.00s Real=0.00s
[27.135s][info ][gc,start       ] GC(1829) Pause Young (Allocation Failure)
[27.136s][debug][gc,age         ] GC(1829) Desired survivor size 8945664 bytes, new threshold 15 (max threshold 15)
[27.136s][trace][gc,age         ] GC(1829) Age table with threshold 15 (max threshold 15)
[27.136s][trace][gc,age         ] GC(1829) - age   1:     400208 bytes,     400208 total
[27.136s][info ][gc,heap        ] GC(1829) DefNew: 140294K(157376K)->390K(157376K) Eden: 139904K(139904K)->0K(139904K) From: 390K(17472K)->390K(17472K)
[27.136s][info ][gc,heap        ] GC(1829) Tenured: 3959K(349568K)->3959K(349568K)
[27.136s][info ][gc,metaspace   ] GC(1829) Metaspace: 9888K(10176K)->9888K(10176K) NonClass: 8754K(8896K)->8754K(8896K) Class: 1134K(1280K)->1134K(1280K)
[27.136s][info ][gc             ] GC(1829) Pause Young (Allocation Failure) 140M->4M(495M) 0.173ms
[27.136s][info ][gc,cpu         ] GC(1829) User=0.00s Sys=0.00s Real=0.00s
[27.146s][info ][gc,start       ] GC(1830) Pause Young (Allocation Failure)
[27.146s][debug][gc,age         ] GC(1830) Desired survivor size 8945664 bytes, new threshold 15 (max threshold 15)
[27.146s][trace][gc,age         ] GC(1830) Age table with threshold 15 (max threshold 15)
[27.146s][trace][gc,age         ] GC(1830) - age   1:     400208 bytes,     400208 total
[27.146s][info ][gc,heap        ] GC(1830) DefNew: 140294K(157376K)->390K(157376K) Eden: 139904K(139904K)->0K(139904K) From: 390K(17472K)->390K(17472K)
[27.146s][info ][gc,heap        ] GC(1830) Tenured: 3959K(349568K)->3959K(349568K)
[27.146s][info ][gc,metaspace   ] GC(1830) Metaspace: 9888K(10176K)->9888K(10176K) NonClass: 8754K(8896K)->8754K(8896K) Class: 1134K(1280K)->1134K(1280K)
[27.146s][info ][gc             ] GC(1830) Pause Young (Allocation Failure) 140M->4M(495M) 0.166ms
[27.146s][info ][gc,cpu         ] GC(1830) User=0.00s Sys=0.00s Real=0.00s
[27.156s][info ][gc,start       ] GC(1831) Pause Young (Allocation Failure)
[27.156s][debug][gc,age         ] GC(1831) Desired survivor size 8945664 bytes, new threshold 15 (max threshold 15)
[27.156s][trace][gc,age         ] GC(1831) Age table with threshold 15 (max threshold 15)
[27.156s][trace][gc,age         ] GC(1831) - age   1:     400208 bytes,     400208 total
[27.156s][info ][gc,heap        ] GC(1831) DefNew: 140294K(157376K)->390K(157376K) Eden: 139904K(139904K)->0K(139904K) From: 390K(17472K)->390K(17472K)
[27.156s][info ][gc,heap        ] GC(1831) Tenured: 3959K(349568K)->3959K(349568K)
[27.156s][info ][gc,metaspace   ] GC(1831) Metaspace: 9888K(10176K)->9888K(10176K) NonClass: 8754K(8896K)->8754K(8896K) Class: 1134K(1280K)->1134K(1280K)
[27.156s][info ][gc             ] GC(1831) Pause Young (Allocation Failure) 140M->4M(495M) 0.162ms
[27.156s][info ][gc,cpu         ] GC(1831) User=0.00s Sys=0.00s Real=0.00s
[27.166s][info ][gc,start       ] GC(1832) Pause Young (Allocation Failure)
[27.166s][debug][gc,age         ] GC(1832) Desired survivor size 8945664 bytes, new threshold 15 (max threshold 15)
[27.166s][trace][gc,age         ] GC(1832) Age table with threshold 15 (max threshold 15)
[27.166s][trace][gc,age         ] GC(1832) - age   1:     400208 bytes,     400208 total
[27.166s][info ][gc,heap        ] GC(1832) DefNew: 140294K(157376K)->390K(157376K) Eden: 139904K(139904K)->0K(139904K) From: 390K(17472K)->390K(17472K)
[27.166s][info ][gc,heap        ] GC(1832) Tenured: 3959K(349568K)->3959K(349568K)
[27.166s][info ][gc,metaspace   ] GC(1832) Metaspace: 9888K(10176K)->9888K(10176K) NonClass: 8754K(8896K)->8754K(8896K) Class: 1134K(1280K)->1134K(1280K)
[27.166s][info ][gc             ] GC(1832) Pause Young (Allocation Failure) 140M->4M(495M) 0.167ms
[27.166s][info ][gc,cpu         ] GC(1832) User=0.00s Sys=0.00s Real=0.00s
[27.176s][info ][gc,start       ] GC(1833) Pause Young (Allocation Failure)
[27.176s][debug][gc,age         ] GC(1833) Desired survivor size 8945664 bytes, new threshold 15 (max threshold 15)
[27.176s][trace][gc,age         ] GC(1833) Age table with threshold 15 (max threshold 15)
[27.176s][trace][gc,age         ] GC(1833) - age   1:     400208 bytes,     400208 total
[27.176s][info ][gc,heap        ] GC(1833) DefNew: 140294K(157376K)->390K(157376K) Eden: 139904K(139904K)->0K(139904K) From: 390K(17472K)->390K(17472K)
[27.176s][info ][gc,heap        ] GC(1833) Tenured: 3959K(349568K)->3959K(349568K)
[27.176s][info ][gc,metaspace   ] GC(1833) Metaspace: 9888K(10176K)->9888K(10176K) NonClass: 8754K(8896K)->8754K(8896K) Class: 1134K(1280K)->1134K(1280K)
[27.176s][info ][gc             ] GC(1833) Pause Young (Allocation Failure) 140M->4M(495M) 0.164ms
[27.176s][info ][gc,cpu         ] GC(1833) User=0.00s Sys=0.00s Real=0.00s
[27.186s][info ][gc,start       ] GC(1834) Pause Young (Allocation Failure)
[27.187s][debug][gc,age         ] GC(1834) Desired survivor size 8945664 bytes, new threshold 15 (max threshold 15)
[27.187s][trace][gc,age         ] GC(1834) Age table with threshold 15 (max threshold 15)
[27.187s][trace][gc,age         ] GC(1834) - age   1:     400208 bytes,     400208 total
[27.187s][info ][gc,heap        ] GC(1834) DefNew: 140294K(157376K)->390K(157376K) Eden: 139904K(139904K)->0K(139904K) From: 390K(17472K)->390K(17472K)
[27.187s][info ][gc,heap        ] GC(1834) Tenured: 3959K(349568K)->3959K(349568K)
[27.187s][info ][gc,metaspace   ] GC(1834) Metaspace: 9888K(10176K)->9888K(10176K) NonClass: 8754K(8896K)->8754K(8896K) Class: 1134K(1280K)->1134K(1280K)
[27.187s][info ][gc             ] GC(1834) Pause Young (Allocation Failure) 140M->4M(495M) 0.165ms
[27.187s][info ][gc,cpu         ] GC(1834) User=0.00s Sys=0.00s Real=0.00s
[27.197s][info ][gc,start       ] GC(1835) Pause Young (Allocation Failure)
[27.197s][debug][gc,age         ] GC(1835) Desired survivor size 8945664 bytes, new threshold 15 (max threshold 15)
[27.197s][trace][gc,age         ] GC(1835) Age table with threshold 15 (max threshold 15)
[27.197s][trace][gc,age         ] GC(1835) - age   1:     400208 bytes,     400208 total
[27.197s][info ][gc,heap        ] GC(1835) DefNew: 140294K(157376K)->390K(157376K) Eden: 139904K(139904K)->0K(139904K) From: 390K(17472K)->390K(17472K)
[27.197s][info ][gc,heap        ] GC(1835) Tenured: 3959K(349568K)->3959K(349568K)
[27.197s][info ][gc,metaspace   ] GC(1835) Metaspace: 9888K(10176K)->9888K(10176K) NonClass: 8754K(8896K)->8754K(8896K) Class: 1134K(1280K)->1134K(1280K)
[27.197s][info ][gc             ] GC(1835) Pause Young (Allocation Failure) 140M->4M(495M) 0.170ms
[27.197s][info ][gc,cpu         ] GC(1835) User=0.00s Sys=0.00s Real=0.00s
[27.207s][info ][gc,start       ] GC(1836) Pause Young (Allocation Failure)
[27.207s][debug][gc,age         ] GC(1836) Desired survivor size 8945664 bytes, new threshold 15 (max threshold 15)
[27.207s][trace][gc,age         ] GC(1836) Age table with threshold 15 (max threshold 15)
[27.207s][trace][gc,age         ] GC(1836) - age   1:     400208 bytes,     400208 total
[27.207s][info ][gc,heap        ] GC(1836) DefNew: 140294K(157376K)->390K(157376K) Eden: 139904K(139904K)->0K(139904K) From: 390K(17472K)->390K(17472K)
[27.207s][info ][gc,heap        ] GC(1836) Tenured: 3959K(349568K)->3959K(349568K)
[27.207s][info ][gc,metaspace   ] GC(1836) Metaspace: 9888K(10176K)->9888K(10176K) NonClass: 8754K(8896K)->8754K(8896K) Class: 1134K(1280K)->1134K(1280K)
[27.207s][info ][gc             ] GC(1836) Pause Young (Allocation Failure) 140M->4M(495M) 0.165ms
[27.207s][info ][gc,cpu         ] GC(1836) User=0.00s Sys=0.00s Real=0.00s
[27.217s][info ][gc,start       ] GC(1837) Pause Young (Allocation Failure)
[27.217s][debug][gc,age         ] GC(1837) Desired survivor size 8945664 bytes, new threshold 15 (max threshold 15)
[27.217s][trace][gc,age         ] GC(1837) Age table with threshold 15 (max threshold 15)
[27.217s][trace][gc,age         ] GC(1837) - age   1:     400208 bytes,     400208 total
[27.217s][info ][gc,heap        ] GC(1837) DefNew: 140294K(157376K)->390K(157376K) Eden: 139904K(139904K)->0K(139904K) From: 390K(17472K)->390K(17472K)
[27.217s][info ][gc,heap        ] GC(1837) Tenured: 3959K(349568K)->3959K(349568K)
[27.217s][info ][gc,metaspace   ] GC(1837) Metaspace: 9888K(10176K)->9888K(10176K) NonClass: 8754K(8896K)->8754K(8896K) Class: 1134K(1280K)->1134K(1280K)
[27.217s][info ][gc             ] GC(1837) Pause Young (Allocation Failure) 140M->4M(495M) 0.162ms
[27.217s][info ][gc,cpu         ] GC(1837) User=0.00s Sys=0.00s Real=0.00s
[27.227s][info ][gc,start       ] GC(1838) Pause Young (Allocation Failure)
[27.227s][debug][gc,age         ] GC(1838) Desired survivor size 8945664 bytes, new threshold 15 (max threshold 15)
[27.227s][trace][gc,age         ] GC(1838) Age table with threshold 15 (max threshold 15)
[27.227s][trace][gc,age         ] GC(1838) - age   1:     400208 bytes,     400208 total
[27.227s][info ][gc,heap        ] GC(1838) DefNew: 140294K(157376K)->390K(157376K) Eden: 139904K(139904K)->0K(139904K) From: 390K(17472K)->390K(17472K)
[27.227s][info ][gc,heap        ] GC(1838) Tenured: 3959K(349568K)->3959K(349568K)
[27.227s][info ][gc,metaspace   ] GC(1838) Metaspace: 9888K(10176K)->9888K(10176K) NonClass: 8754K(8896K)->8754K(8896K) Class: 1134K(1280K)->1134K(1280K)
[27.227s][info ][gc             ] GC(1838) Pause Young (Allocation Failure) 140M->4M(495M) 0.166ms
[27.227s][info ][gc,cpu         ] GC(1838) User=0.00s Sys=0.00s Real=0.00s
[27.238s][info ][gc,start       ] GC(1839) Pause Young (Allocation Failure)
[27.238s][debug][gc,age         ] GC(1839) Desired survivor size 8945664 bytes, new threshold 15 (max threshold 15)
[27.238s][trace][gc,age         ] GC(1839) Age table with threshold 15 (max threshold 15)
[27.238s][trace][gc,age         ] GC(1839) - age   1:     400208 bytes,     400208 total
[27.238s][info ][gc,heap        ] GC(1839) DefNew: 140294K(157376K)->390K(157376K) Eden: 139904K(139904K)->0K(139904K) From: 390K(17472K)->390K(17472K)
[27.238s][info ][gc,heap        ] GC(1839) Tenured: 3959K(349568K)->3959K(349568K)
[27.238s][info ][gc,metaspace   ] GC(1839) Metaspace: 9888K(10176K)->9888K(10176K) NonClass: 8754K(8896K)->8754K(8896K) Class: 1134K(1280K)->1134K(1280K)
[27.238s][info ][gc             ] GC(1839) Pause Young (Allocation Failure) 140M->4M(495M) 0.163ms
[27.238s][info ][gc,cpu         ] GC(1839) User=0.00s Sys=0.00s Real=0.00s
[27.248s][info ][gc,start       ] GC(1840) Pause Young (Allocation Failure)
[27.248s][debug][gc,age         ] GC(1840) Desired survivor size 8945664 bytes, new threshold 15 (max threshold 15)
[27.248s][trace][gc,age         ] GC(1840) Age table with threshold 15 (max threshold 15)
[27.248s][trace][gc,age         ] GC(1840) - age   1:     400208 bytes,     400208 total
[27.248s][info ][gc,heap        ] GC(1840) DefNew: 140294K(157376K)->390K(157376K) Eden: 139904K(139904K)->0K(139904K) From: 390K(17472K)->390K(17472K)
[27.248s][info ][gc,heap        ] GC(1840) Tenured: 3959K(349568K)->3959K(349568K)
[27.248s][info ][gc,metaspace   ] GC(1840) Metaspace: 9888K(10176K)->9888K(10176K) NonClass: 8754K(8896K)->8754K(8896K) Class: 1134K(1280K)->1134K(1280K)
[27.248s][info ][gc             ] GC(1840) Pause Young (Allocation Failure) 140M->4M(495M) 0.160ms
[27.248s][info ][gc,cpu         ] GC(1840) User=0.00s Sys=0.00s Real=0.00s
[27.258s][info ][gc,start       ] GC(1841) Pause Young (Allocation Failure)
[27.258s][debug][gc,age         ] GC(1841) Desired survivor size 8945664 bytes, new threshold 15 (max threshold 15)
[27.258s][trace][gc,age         ] GC(1841) Age table with threshold 15 (max threshold 15)
[27.258s][trace][gc,age         ] GC(1841) - age   1:     400208 bytes,     400208 total
[27.258s][info ][gc,heap        ] GC(1841) DefNew: 140294K(157376K)->390K(157376K) Eden: 139904K(139904K)->0K(139904K) From: 390K(17472K)->390K(17472K)
[27.258s][info ][gc,heap        ] GC(1841) Tenured: 3959K(349568K)->3959K(349568K)
[27.258s][info ][gc,metaspace   ] GC(1841) Metaspace: 9888K(10176K)->9888K(10176K) NonClass: 8754K(8896K)->8754K(8896K) Class: 1134K(1280K)->1134K(1280K)
[27.258s][info ][gc             ] GC(1841) Pause Young (Allocation Failure) 140M->4M(495M) 0.167ms
[27.258s][info ][gc,cpu         ] GC(1841) User=0.00s Sys=0.00s Real=0.00s
[27.268s][info ][gc,start       ] GC(1842) Pause Young (Allocation Failure)
[27.268s][debug][gc,age         ] GC(1842) Desired survivor size 8945664 bytes, new threshold 15 (max threshold 15)
[27.268s][trace][gc,age         ] GC(1842) Age table with threshold 15 (max threshold 15)
[27.268s][trace][gc,age         ] GC(1842) - age   1:     400208 bytes,     400208 total
[27.268s][info ][gc,heap        ] GC(1842) DefNew: 140294K(157376K)->390K(157376K) Eden: 139904K(139904K)->0K(139904K) From: 390K(17472K)->390K(17472K)
[27.268s][info ][gc,heap        ] GC(1842) Tenured: 3959K(349568K)->3959K(349568K)
[27.268s][info ][gc,metaspace   ] GC(1842) Metaspace: 9888K(10176K)->9888K(10176K) NonClass: 8754K(8896K)->8754K(8896K) Class: 1134K(1280K)->1134K(1280K)
[27.268s][info ][gc             ] GC(1842) Pause Young (Allocation Failure) 140M->4M(495M) 0.175ms
[27.268s][info ][gc,cpu         ] GC(1842) User=0.00s Sys=0.00s Real=0.00s
[27.278s][info ][gc,start       ] GC(1843) Pause Young (Allocation Failure)
[27.279s][debug][gc,age         ] GC(1843) Desired survivor size 8945664 bytes, new threshold 15 (max threshold 15)
[27.279s][trace][gc,age         ] GC(1843) Age table with threshold 15 (max threshold 15)
[27.279s][trace][gc,age         ] GC(1843) - age   1:     400208 bytes,     400208 total
[27.279s][info ][gc,heap        ] GC(1843) DefNew: 140294K(157376K)->390K(157376K) Eden: 139904K(139904K)->0K(139904K) From: 390K(17472K)->390K(17472K)
[27.279s][info ][gc,heap        ] GC(1843) Tenured: 3959K(349568K)->3959K(349568K)
[27.279s][info ][gc,metaspace   ] GC(1843) Metaspace: 9888K(10176K)->9888K(10176K) NonClass: 8754K(8896K)->8754K(8896K) Class: 1134K(1280K)->1134K(1280K)
[27.279s][info ][gc             ] GC(1843) Pause Young (Allocation Failure) 140M->4M(495M) 0.170ms
[27.279s][info ][gc,cpu         ] GC(1843) User=0.00s Sys=0.00s Real=0.00s
[27.289s][info ][gc,start       ] GC(1844) Pause Young (Allocation Failure)
[27.289s][debug][gc,age         ] GC(1844) Desired survivor size 8945664 bytes, new threshold 15 (max threshold 15)
[27.289s][trace][gc,age         ] GC(1844) Age table with threshold 15 (max threshold 15)
[27.289s][trace][gc,age         ] GC(1844) - age   1:     400208 bytes,     400208 total
[27.289s][info ][gc,heap        ] GC(1844) DefNew: 140294K(157376K)->390K(157376K) Eden: 139904K(139904K)->0K(139904K) From: 390K(17472K)->390K(17472K)
[27.289s][info ][gc,heap        ] GC(1844) Tenured: 3959K(349568K)->3959K(349568K)
[27.289s][info ][gc,metaspace   ] GC(1844) Metaspace: 9888K(10176K)->9888K(10176K) NonClass: 8754K(8896K)->8754K(8896K) Class: 1134K(1280K)->1134K(1280K)
[27.289s][info ][gc             ] GC(1844) Pause Young (Allocation Failure) 140M->4M(495M) 0.164ms
[27.289s][info ][gc,cpu         ] GC(1844) User=0.00s Sys=0.00s Real=0.00s
[27.299s][info ][gc,start       ] GC(1845) Pause Young (Allocation Failure)
[27.299s][debug][gc,age         ] GC(1845) Desired survivor size 8945664 bytes, new threshold 15 (max threshold 15)
[27.299s][trace][gc,age         ] GC(1845) Age table with threshold 15 (max threshold 15)
[27.299s][trace][gc,age         ] GC(1845) - age   1:     400208 bytes,     400208 total
[27.299s][info ][gc,heap        ] GC(1845) DefNew: 140294K(157376K)->390K(157376K) Eden: 139904K(139904K)->0K(139904K) From: 390K(17472K)->390K(17472K)
[27.299s][info ][gc,heap        ] GC(1845) Tenured: 3959K(349568K)->3959K(349568K)
[27.299s][info ][gc,metaspace   ] GC(1845) Metaspace: 9888K(10176K)->9888K(10176K) NonClass: 8754K(8896K)->8754K(8896K) Class: 1134K(1280K)->1134K(1280K)
[27.299s][info ][gc             ] GC(1845) Pause Young (Allocation Failure) 140M->4M(495M) 0.164ms
[27.299s][info ][gc,cpu         ] GC(1845) User=0.00s Sys=0.00s Real=0.00s
[27.309s][info ][gc,start       ] GC(1846) Pause Young (Allocation Failure)
[27.309s][debug][gc,age         ] GC(1846) Desired survivor size 8945664 bytes, new threshold 15 (max threshold 15)
[27.309s][trace][gc,age         ] GC(1846) Age table with threshold 15 (max threshold 15)
[27.309s][trace][gc,age         ] GC(1846) - age   1:     400208 bytes,     400208 total
[27.309s][info ][gc,heap        ] GC(1846) DefNew: 140294K(157376K)->390K(157376K) Eden: 139904K(139904K)->0K(139904K) From: 390K(17472K)->390K(17472K)
[27.309s][info ][gc,heap        ] GC(1846) Tenured: 3959K(349568K)->3959K(349568K)
[27.309s][info ][gc,metaspace   ] GC(1846) Metaspace: 9888K(10176K)->9888K(10176K) NonClass: 8754K(8896K)->8754K(8896K) Class: 1134K(1280K)->1134K(1280K)
[27.309s][info ][gc             ] GC(1846) Pause Young (Allocation Failure) 140M->4M(495M) 0.171ms
[27.309s][info ][gc,cpu         ] GC(1846) User=0.00s Sys=0.00s Real=0.00s
[27.319s][info ][gc,start       ] GC(1847) Pause Young (Allocation Failure)
[27.319s][debug][gc,age         ] GC(1847) Desired survivor size 8945664 bytes, new threshold 15 (max threshold 15)
[27.319s][trace][gc,age         ] GC(1847) Age table with threshold 15 (max threshold 15)
[27.319s][trace][gc,age         ] GC(1847) - age   1:     400208 bytes,     400208 total
[27.319s][info ][gc,heap        ] GC(1847) DefNew: 140294K(157376K)->390K(157376K) Eden: 139904K(139904K)->0K(139904K) From: 390K(17472K)->390K(17472K)
[27.319s][info ][gc,heap        ] GC(1847) Tenured: 3959K(349568K)->3959K(349568K)
[27.319s][info ][gc,metaspace   ] GC(1847) Metaspace: 9888K(10176K)->9888K(10176K) NonClass: 8754K(8896K)->8754K(8896K) Class: 1134K(1280K)->1134K(1280K)
[27.319s][info ][gc             ] GC(1847) Pause Young (Allocation Failure) 140M->4M(495M) 0.163ms
[27.319s][info ][gc,cpu         ] GC(1847) User=0.00s Sys=0.00s Real=0.00s
[27.330s][info ][gc,start       ] GC(1848) Pause Young (Allocation Failure)
[27.330s][debug][gc,age         ] GC(1848) Desired survivor size 8945664 bytes, new threshold 15 (max threshold 15)
[27.330s][trace][gc,age         ] GC(1848) Age table with threshold 15 (max threshold 15)
[27.330s][trace][gc,age         ] GC(1848) - age   1:     400208 bytes,     400208 total
[27.330s][info ][gc,heap        ] GC(1848) DefNew: 140294K(157376K)->390K(157376K) Eden: 139904K(139904K)->0K(139904K) From: 390K(17472K)->390K(17472K)
[27.330s][info ][gc,heap        ] GC(1848) Tenured: 3959K(349568K)->3959K(349568K)
[27.330s][info ][gc,metaspace   ] GC(1848) Metaspace: 9888K(10176K)->9888K(10176K) NonClass: 8754K(8896K)->8754K(8896K) Class: 1134K(1280K)->1134K(1280K)
[27.330s][info ][gc             ] GC(1848) Pause Young (Allocation Failure) 140M->4M(495M) 0.164ms
[27.330s][info ][gc,cpu         ] GC(1848) User=0.00s Sys=0.00s Real=0.00s
[27.340s][info ][gc,start       ] GC(1849) Pause Young (Allocation Failure)
[27.340s][debug][gc,age         ] GC(1849) Desired survivor size 8945664 bytes, new threshold 15 (max threshold 15)
[27.340s][trace][gc,age         ] GC(1849) Age table with threshold 15 (max threshold 15)
[27.340s][trace][gc,age         ] GC(1849) - age   1:     400208 bytes,     400208 total
[27.340s][info ][gc,heap        ] GC(1849) DefNew: 140294K(157376K)->390K(157376K) Eden: 139904K(139904K)->0K(139904K) From: 390K(17472K)->390K(17472K)
[27.340s][info ][gc,heap        ] GC(1849) Tenured: 3959K(349568K)->3959K(349568K)
[27.340s][info ][gc,metaspace   ] GC(1849) Metaspace: 9888K(10176K)->9888K(10176K) NonClass: 8754K(8896K)->8754K(8896K) Class: 1134K(1280K)->1134K(1280K)
[27.340s][info ][gc             ] GC(1849) Pause Young (Allocation Failure) 140M->4M(495M) 0.165ms
[27.340s][info ][gc,cpu         ] GC(1849) User=0.00s Sys=0.00s Real=0.00s
[27.350s][info ][gc,start       ] GC(1850) Pause Young (Allocation Failure)
[27.350s][debug][gc,age         ] GC(1850) Desired survivor size 8945664 bytes, new threshold 15 (max threshold 15)
[27.350s][trace][gc,age         ] GC(1850) Age table with threshold 15 (max threshold 15)
[27.350s][trace][gc,age         ] GC(1850) - age   1:     400208 bytes,     400208 total
[27.350s][info ][gc,heap        ] GC(1850) DefNew: 140294K(157376K)->390K(157376K) Eden: 139904K(139904K)->0K(139904K) From: 390K(17472K)->390K(17472K)
[27.350s][info ][gc,heap        ] GC(1850) Tenured: 3959K(349568K)->3959K(349568K)
[27.350s][info ][gc,metaspace   ] GC(1850) Metaspace: 9888K(10176K)->9888K(10176K) NonClass: 8754K(8896K)->8754K(8896K) Class: 1134K(1280K)->1134K(1280K)
[27.350s][info ][gc             ] GC(1850) Pause Young (Allocation Failure) 140M->4M(495M) 0.167ms
[27.350s][info ][gc,cpu         ] GC(1850) User=0.00s Sys=0.00s Real=0.01s
[27.360s][info ][gc,start       ] GC(1851) Pause Young (Allocation Failure)
[27.360s][debug][gc,age         ] GC(1851) Desired survivor size 8945664 bytes, new threshold 15 (max threshold 15)
[27.360s][trace][gc,age         ] GC(1851) Age table with threshold 15 (max threshold 15)
[27.360s][trace][gc,age         ] GC(1851) - age   1:     400208 bytes,     400208 total
[27.360s][info ][gc,heap        ] GC(1851) DefNew: 140294K(157376K)->390K(157376K) Eden: 139904K(139904K)->0K(139904K) From: 390K(17472K)->390K(17472K)
[27.360s][info ][gc,heap        ] GC(1851) Tenured: 3959K(349568K)->3959K(349568K)
[27.360s][info ][gc,metaspace   ] GC(1851) Metaspace: 9888K(10176K)->9888K(10176K) NonClass: 8754K(8896K)->8754K(8896K) Class: 1134K(1280K)->1134K(1280K)
[27.360s][info ][gc             ] GC(1851) Pause Young (Allocation Failure) 140M->4M(495M) 0.164ms
[27.360s][info ][gc,cpu         ] GC(1851) User=0.00s Sys=0.00s Real=0.00s
[27.370s][info ][gc,start       ] GC(1852) Pause Young (Allocation Failure)
[27.371s][debug][gc,age         ] GC(1852) Desired survivor size 8945664 bytes, new threshold 15 (max threshold 15)
[27.371s][trace][gc,age         ] GC(1852) Age table with threshold 15 (max threshold 15)
[27.371s][trace][gc,age         ] GC(1852) - age   1:     400208 bytes,     400208 total
[27.371s][info ][gc,heap        ] GC(1852) DefNew: 140294K(157376K)->390K(157376K) Eden: 139904K(139904K)->0K(139904K) From: 390K(17472K)->390K(17472K)
[27.371s][info ][gc,heap        ] GC(1852) Tenured: 3959K(349568K)->3959K(349568K)
[27.371s][info ][gc,metaspace   ] GC(1852) Metaspace: 9888K(10176K)->9888K(10176K) NonClass: 8754K(8896K)->8754K(8896K) Class: 1134K(1280K)->1134K(1280K)
[27.371s][info ][gc             ] GC(1852) Pause Young (Allocation Failure) 140M->4M(495M) 0.168ms
[27.371s][info ][gc,cpu         ] GC(1852) User=0.00s Sys=0.00s Real=0.00s
[27.381s][info ][gc,start       ] GC(1853) Pause Young (Allocation Failure)
[27.381s][debug][gc,age         ] GC(1853) Desired survivor size 8945664 bytes, new threshold 15 (max threshold 15)
[27.381s][trace][gc,age         ] GC(1853) Age table with threshold 15 (max threshold 15)
[27.381s][trace][gc,age         ] GC(1853) - age   1:     400208 bytes,     400208 total
[27.381s][info ][gc,heap        ] GC(1853) DefNew: 140294K(157376K)->390K(157376K) Eden: 139904K(139904K)->0K(139904K) From: 390K(17472K)->390K(17472K)
[27.381s][info ][gc,heap        ] GC(1853) Tenured: 3959K(349568K)->3959K(349568K)
[27.381s][info ][gc,metaspace   ] GC(1853) Metaspace: 9888K(10176K)->9888K(10176K) NonClass: 8754K(8896K)->8754K(8896K) Class: 1134K(1280K)->1134K(1280K)
[27.381s][info ][gc             ] GC(1853) Pause Young (Allocation Failure) 140M->4M(495M) 0.163ms
[27.381s][info ][gc,cpu         ] GC(1853) User=0.00s Sys=0.00s Real=0.00s
[27.391s][info ][gc,start       ] GC(1854) Pause Young (Allocation Failure)
[27.391s][debug][gc,age         ] GC(1854) Desired survivor size 8945664 bytes, new threshold 15 (max threshold 15)
[27.391s][trace][gc,age         ] GC(1854) Age table with threshold 15 (max threshold 15)
[27.391s][trace][gc,age         ] GC(1854) - age   1:     400208 bytes,     400208 total
[27.391s][info ][gc,heap        ] GC(1854) DefNew: 140294K(157376K)->390K(157376K) Eden: 139904K(139904K)->0K(139904K) From: 390K(17472K)->390K(17472K)
[27.391s][info ][gc,heap        ] GC(1854) Tenured: 3959K(349568K)->3959K(349568K)
[27.391s][info ][gc,metaspace   ] GC(1854) Metaspace: 9888K(10176K)->9888K(10176K) NonClass: 8754K(8896K)->8754K(8896K) Class: 1134K(1280K)->1134K(1280K)
[27.391s][info ][gc             ] GC(1854) Pause Young (Allocation Failure) 140M->4M(495M) 0.170ms
[27.391s][info ][gc,cpu         ] GC(1854) User=0.00s Sys=0.00s Real=0.00s
[27.401s][info ][gc,start       ] GC(1855) Pause Young (Allocation Failure)
[27.401s][debug][gc,age         ] GC(1855) Desired survivor size 8945664 bytes, new threshold 15 (max threshold 15)
[27.401s][trace][gc,age         ] GC(1855) Age table with threshold 15 (max threshold 15)
[27.401s][trace][gc,age         ] GC(1855) - age   1:     400208 bytes,     400208 total
[27.401s][info ][gc,heap        ] GC(1855) DefNew: 140294K(157376K)->390K(157376K) Eden: 139904K(139904K)->0K(139904K) From: 390K(17472K)->390K(17472K)
[27.401s][info ][gc,heap        ] GC(1855) Tenured: 3959K(349568K)->3959K(349568K)
[27.401s][info ][gc,metaspace   ] GC(1855) Metaspace: 9888K(10176K)->9888K(10176K) NonClass: 8754K(8896K)->8754K(8896K) Class: 1134K(1280K)->1134K(1280K)
[27.401s][info ][gc             ] GC(1855) Pause Young (Allocation Failure) 140M->4M(495M) 0.170ms
[27.401s][info ][gc,cpu         ] GC(1855) User=0.00s Sys=0.00s Real=0.00s
[27.411s][info ][gc,start       ] GC(1856) Pause Young (Allocation Failure)
[27.411s][debug][gc,age         ] GC(1856) Desired survivor size 8945664 bytes, new threshold 15 (max threshold 15)
[27.411s][trace][gc,age         ] GC(1856) Age table with threshold 15 (max threshold 15)
[27.411s][trace][gc,age         ] GC(1856) - age   1:     400208 bytes,     400208 total
[27.411s][info ][gc,heap        ] GC(1856) DefNew: 140294K(157376K)->390K(157376K) Eden: 139904K(139904K)->0K(139904K) From: 390K(17472K)->390K(17472K)
[27.411s][info ][gc,heap        ] GC(1856) Tenured: 3959K(349568K)->3959K(349568K)
[27.411s][info ][gc,metaspace   ] GC(1856) Metaspace: 9888K(10176K)->9888K(10176K) NonClass: 8754K(8896K)->8754K(8896K) Class: 1134K(1280K)->1134K(1280K)
[27.411s][info ][gc             ] GC(1856) Pause Young (Allocation Failure) 140M->4M(495M) 0.167ms
[27.411s][info ][gc,cpu         ] GC(1856) User=0.00s Sys=0.00s Real=0.00s
[27.422s][info ][gc,start       ] GC(1857) Pause Young (Allocation Failure)
[27.422s][debug][gc,age         ] GC(1857) Desired survivor size 8945664 bytes, new threshold 15 (max threshold 15)
[27.422s][trace][gc,age         ] GC(1857) Age table with threshold 15 (max threshold 15)
[27.422s][trace][gc,age         ] GC(1857) - age   1:     400208 bytes,     400208 total
[27.422s][info ][gc,heap        ] GC(1857) DefNew: 140294K(157376K)->390K(157376K) Eden: 139904K(139904K)->0K(139904K) From: 390K(17472K)->390K(17472K)
[27.422s][info ][gc,heap        ] GC(1857) Tenured: 3959K(349568K)->3959K(349568K)
[27.422s][info ][gc,metaspace   ] GC(1857) Metaspace: 9888K(10176K)->9888K(10176K) NonClass: 8754K(8896K)->8754K(8896K) Class: 1134K(1280K)->1134K(1280K)
[27.422s][info ][gc             ] GC(1857) Pause Young (Allocation Failure) 140M->4M(495M) 0.162ms
[27.422s][info ][gc,cpu         ] GC(1857) User=0.00s Sys=0.00s Real=0.00s
[27.432s][info ][gc,start       ] GC(1858) Pause Young (Allocation Failure)
[27.432s][debug][gc,age         ] GC(1858) Desired survivor size 8945664 bytes, new threshold 15 (max threshold 15)
[27.432s][trace][gc,age         ] GC(1858) Age table with threshold 15 (max threshold 15)
[27.432s][trace][gc,age         ] GC(1858) - age   1:     400208 bytes,     400208 total
[27.432s][info ][gc,heap        ] GC(1858) DefNew: 140294K(157376K)->390K(157376K) Eden: 139904K(139904K)->0K(139904K) From: 390K(17472K)->390K(17472K)
[27.432s][info ][gc,heap        ] GC(1858) Tenured: 3959K(349568K)->3959K(349568K)
[27.432s][info ][gc,metaspace   ] GC(1858) Metaspace: 9888K(10176K)->9888K(10176K) NonClass: 8754K(8896K)->8754K(8896K) Class: 1134K(1280K)->1134K(1280K)
[27.432s][info ][gc             ] GC(1858) Pause Young (Allocation Failure) 140M->4M(495M) 0.167ms
[27.432s][info ][gc,cpu         ] GC(1858) User=0.00s Sys=0.00s Real=0.00s
[27.442s][info ][gc,start       ] GC(1859) Pause Young (Allocation Failure)
[27.442s][debug][gc,age         ] GC(1859) Desired survivor size 8945664 bytes, new threshold 15 (max threshold 15)
[27.442s][trace][gc,age         ] GC(1859) Age table with threshold 15 (max threshold 15)
[27.442s][trace][gc,age         ] GC(1859) - age   1:     400208 bytes,     400208 total
[27.442s][info ][gc,heap        ] GC(1859) DefNew: 140294K(157376K)->390K(157376K) Eden: 139904K(139904K)->0K(139904K) From: 390K(17472K)->390K(17472K)
[27.442s][info ][gc,heap        ] GC(1859) Tenured: 3959K(349568K)->3959K(349568K)
[27.442s][info ][gc,metaspace   ] GC(1859) Metaspace: 9888K(10176K)->9888K(10176K) NonClass: 8754K(8896K)->8754K(8896K) Class: 1134K(1280K)->1134K(1280K)
[27.442s][info ][gc             ] GC(1859) Pause Young (Allocation Failure) 140M->4M(495M) 0.171ms
[27.442s][info ][gc,cpu         ] GC(1859) User=0.00s Sys=0.00s Real=0.00s
[27.452s][info ][gc,start       ] GC(1860) Pause Young (Allocation Failure)
[27.452s][debug][gc,age         ] GC(1860) Desired survivor size 8945664 bytes, new threshold 15 (max threshold 15)
[27.452s][trace][gc,age         ] GC(1860) Age table with threshold 15 (max threshold 15)
[27.452s][trace][gc,age         ] GC(1860) - age   1:     400208 bytes,     400208 total
[27.452s][info ][gc,heap        ] GC(1860) DefNew: 140294K(157376K)->390K(157376K) Eden: 139904K(139904K)->0K(139904K) From: 390K(17472K)->390K(17472K)
[27.452s][info ][gc,heap        ] GC(1860) Tenured: 3959K(349568K)->3959K(349568K)
[27.452s][info ][gc,metaspace   ] GC(1860) Metaspace: 9888K(10176K)->9888K(10176K) NonClass: 8754K(8896K)->8754K(8896K) Class: 1134K(1280K)->1134K(1280K)
[27.452s][info ][gc             ] GC(1860) Pause Young (Allocation Failure) 140M->4M(495M) 0.162ms
[27.452s][info ][gc,cpu         ] GC(1860) User=0.00s Sys=0.00s Real=0.00s
[27.462s][info ][gc,start       ] GC(1861) Pause Young (Allocation Failure)
[27.462s][debug][gc,age         ] GC(1861) Desired survivor size 8945664 bytes, new threshold 15 (max threshold 15)
[27.462s][trace][gc,age         ] GC(1861) Age table with threshold 15 (max threshold 15)
[27.462s][trace][gc,age         ] GC(1861) - age   1:     400208 bytes,     400208 total
[27.462s][info ][gc,heap        ] GC(1861) DefNew: 140294K(157376K)->390K(157376K) Eden: 139904K(139904K)->0K(139904K) From: 390K(17472K)->390K(17472K)
[27.462s][info ][gc,heap        ] GC(1861) Tenured: 3959K(349568K)->3959K(349568K)
[27.462s][info ][gc,metaspace   ] GC(1861) Metaspace: 9888K(10176K)->9888K(10176K) NonClass: 8754K(8896K)->8754K(8896K) Class: 1134K(1280K)->1134K(1280K)
[27.463s][info ][gc             ] GC(1861) Pause Young (Allocation Failure) 140M->4M(495M) 0.167ms
[27.463s][info ][gc,cpu         ] GC(1861) User=0.00s Sys=0.00s Real=0.00s
[27.473s][info ][gc,start       ] GC(1862) Pause Young (Allocation Failure)
[27.473s][debug][gc,age         ] GC(1862) Desired survivor size 8945664 bytes, new threshold 15 (max threshold 15)
[27.473s][trace][gc,age         ] GC(1862) Age table with threshold 15 (max threshold 15)
[27.473s][trace][gc,age         ] GC(1862) - age   1:     400208 bytes,     400208 total
[27.473s][info ][gc,heap        ] GC(1862) DefNew: 140294K(157376K)->390K(157376K) Eden: 139904K(139904K)->0K(139904K) From: 390K(17472K)->390K(17472K)
[27.473s][info ][gc,heap        ] GC(1862) Tenured: 3959K(349568K)->3959K(349568K)
[27.473s][info ][gc,metaspace   ] GC(1862) Metaspace: 9888K(10176K)->9888K(10176K) NonClass: 8754K(8896K)->8754K(8896K) Class: 1134K(1280K)->1134K(1280K)
[27.473s][info ][gc             ] GC(1862) Pause Young (Allocation Failure) 140M->4M(495M) 0.167ms
[27.473s][info ][gc,cpu         ] GC(1862) User=0.00s Sys=0.00s Real=0.00s
[27.483s][info ][gc,start       ] GC(1863) Pause Young (Allocation Failure)
[27.483s][debug][gc,age         ] GC(1863) Desired survivor size 8945664 bytes, new threshold 15 (max threshold 15)
[27.483s][trace][gc,age         ] GC(1863) Age table with threshold 15 (max threshold 15)
[27.483s][trace][gc,age         ] GC(1863) - age   1:     400208 bytes,     400208 total
[27.483s][info ][gc,heap        ] GC(1863) DefNew: 140294K(157376K)->390K(157376K) Eden: 139904K(139904K)->0K(139904K) From: 390K(17472K)->390K(17472K)
[27.483s][info ][gc,heap        ] GC(1863) Tenured: 3959K(349568K)->3959K(349568K)
[27.483s][info ][gc,metaspace   ] GC(1863) Metaspace: 9888K(10176K)->9888K(10176K) NonClass: 8754K(8896K)->8754K(8896K) Class: 1134K(1280K)->1134K(1280K)
[27.483s][info ][gc             ] GC(1863) Pause Young (Allocation Failure) 140M->4M(495M) 0.162ms
[27.483s][info ][gc,cpu         ] GC(1863) User=0.00s Sys=0.00s Real=0.00s
[27.493s][info ][gc,start       ] GC(1864) Pause Young (Allocation Failure)
[27.493s][debug][gc,age         ] GC(1864) Desired survivor size 8945664 bytes, new threshold 15 (max threshold 15)
[27.493s][trace][gc,age         ] GC(1864) Age table with threshold 15 (max threshold 15)
[27.493s][trace][gc,age         ] GC(1864) - age   1:     400208 bytes,     400208 total
[27.493s][info ][gc,heap        ] GC(1864) DefNew: 140294K(157376K)->390K(157376K) Eden: 139904K(139904K)->0K(139904K) From: 390K(17472K)->390K(17472K)
[27.493s][info ][gc,heap        ] GC(1864) Tenured: 3959K(349568K)->3959K(349568K)
[27.493s][info ][gc,metaspace   ] GC(1864) Metaspace: 9888K(10176K)->9888K(10176K) NonClass: 8754K(8896K)->8754K(8896K) Class: 1134K(1280K)->1134K(1280K)
[27.493s][info ][gc             ] GC(1864) Pause Young (Allocation Failure) 140M->4M(495M) 0.168ms
[27.493s][info ][gc,cpu         ] GC(1864) User=0.00s Sys=0.00s Real=0.00s
[27.503s][info ][gc,start       ] GC(1865) Pause Young (Allocation Failure)
[27.503s][debug][gc,age         ] GC(1865) Desired survivor size 8945664 bytes, new threshold 15 (max threshold 15)
[27.503s][trace][gc,age         ] GC(1865) Age table with threshold 15 (max threshold 15)
[27.503s][trace][gc,age         ] GC(1865) - age   1:     400208 bytes,     400208 total
[27.503s][info ][gc,heap        ] GC(1865) DefNew: 140294K(157376K)->390K(157376K) Eden: 139904K(139904K)->0K(139904K) From: 390K(17472K)->390K(17472K)
[27.503s][info ][gc,heap        ] GC(1865) Tenured: 3959K(349568K)->3959K(349568K)
[27.503s][info ][gc,metaspace   ] GC(1865) Metaspace: 9888K(10176K)->9888K(10176K) NonClass: 8754K(8896K)->8754K(8896K) Class: 1134K(1280K)->1134K(1280K)
[27.503s][info ][gc             ] GC(1865) Pause Young (Allocation Failure) 140M->4M(495M) 0.167ms
[27.503s][info ][gc,cpu         ] GC(1865) User=0.00s Sys=0.00s Real=0.00s
[27.513s][info ][gc,start       ] GC(1866) Pause Young (Allocation Failure)
[27.514s][debug][gc,age         ] GC(1866) Desired survivor size 8945664 bytes, new threshold 15 (max threshold 15)
[27.514s][trace][gc,age         ] GC(1866) Age table with threshold 15 (max threshold 15)
[27.514s][trace][gc,age         ] GC(1866) - age   1:     400208 bytes,     400208 total
[27.514s][info ][gc,heap        ] GC(1866) DefNew: 140294K(157376K)->390K(157376K) Eden: 139904K(139904K)->0K(139904K) From: 390K(17472K)->390K(17472K)
[27.514s][info ][gc,heap        ] GC(1866) Tenured: 3959K(349568K)->3959K(349568K)
[27.514s][info ][gc,metaspace   ] GC(1866) Metaspace: 9888K(10176K)->9888K(10176K) NonClass: 8754K(8896K)->8754K(8896K) Class: 1134K(1280K)->1134K(1280K)
[27.514s][info ][gc             ] GC(1866) Pause Young (Allocation Failure) 140M->4M(495M) 0.161ms
[27.514s][info ][gc,cpu         ] GC(1866) User=0.00s Sys=0.00s Real=0.00s
[27.524s][info ][gc,start       ] GC(1867) Pause Young (Allocation Failure)
[27.524s][debug][gc,age         ] GC(1867) Desired survivor size 8945664 bytes, new threshold 15 (max threshold 15)
[27.524s][trace][gc,age         ] GC(1867) Age table with threshold 15 (max threshold 15)
[27.524s][trace][gc,age         ] GC(1867) - age   1:     400208 bytes,     400208 total
[27.524s][info ][gc,heap        ] GC(1867) DefNew: 140294K(157376K)->390K(157376K) Eden: 139904K(139904K)->0K(139904K) From: 390K(17472K)->390K(17472K)
[27.524s][info ][gc,heap        ] GC(1867) Tenured: 3959K(349568K)->3959K(349568K)
[27.524s][info ][gc,metaspace   ] GC(1867) Metaspace: 9888K(10176K)->9888K(10176K) NonClass: 8754K(8896K)->8754K(8896K) Class: 1134K(1280K)->1134K(1280K)
[27.524s][info ][gc             ] GC(1867) Pause Young (Allocation Failure) 140M->4M(495M) 0.163ms
[27.524s][info ][gc,cpu         ] GC(1867) User=0.00s Sys=0.00s Real=0.00s
[27.534s][info ][gc,start       ] GC(1868) Pause Young (Allocation Failure)
[27.534s][debug][gc,age         ] GC(1868) Desired survivor size 8945664 bytes, new threshold 15 (max threshold 15)
[27.534s][trace][gc,age         ] GC(1868) Age table with threshold 15 (max threshold 15)
[27.534s][trace][gc,age         ] GC(1868) - age   1:     400208 bytes,     400208 total
[27.534s][info ][gc,heap        ] GC(1868) DefNew: 140294K(157376K)->390K(157376K) Eden: 139904K(139904K)->0K(139904K) From: 390K(17472K)->390K(17472K)
[27.534s][info ][gc,heap        ] GC(1868) Tenured: 3959K(349568K)->3959K(349568K)
[27.534s][info ][gc,metaspace   ] GC(1868) Metaspace: 9888K(10176K)->9888K(10176K) NonClass: 8754K(8896K)->8754K(8896K) Class: 1134K(1280K)->1134K(1280K)
[27.534s][info ][gc             ] GC(1868) Pause Young (Allocation Failure) 140M->4M(495M) 0.174ms
[27.534s][info ][gc,cpu         ] GC(1868) User=0.00s Sys=0.00s Real=0.00s
[27.544s][info ][gc,start       ] GC(1869) Pause Young (Allocation Failure)
[27.544s][debug][gc,age         ] GC(1869) Desired survivor size 8945664 bytes, new threshold 15 (max threshold 15)
[27.544s][trace][gc,age         ] GC(1869) Age table with threshold 15 (max threshold 15)
[27.544s][trace][gc,age         ] GC(1869) - age   1:     400208 bytes,     400208 total
[27.544s][info ][gc,heap        ] GC(1869) DefNew: 140294K(157376K)->390K(157376K) Eden: 139904K(139904K)->0K(139904K) From: 390K(17472K)->390K(17472K)
[27.544s][info ][gc,heap        ] GC(1869) Tenured: 3959K(349568K)->3959K(349568K)
[27.544s][info ][gc,metaspace   ] GC(1869) Metaspace: 9888K(10176K)->9888K(10176K) NonClass: 8754K(8896K)->8754K(8896K) Class: 1134K(1280K)->1134K(1280K)
[27.544s][info ][gc             ] GC(1869) Pause Young (Allocation Failure) 140M->4M(495M) 0.164ms
[27.544s][info ][gc,cpu         ] GC(1869) User=0.00s Sys=0.00s Real=0.00s
[27.554s][info ][gc,start       ] GC(1870) Pause Young (Allocation Failure)
[27.554s][debug][gc,age         ] GC(1870) Desired survivor size 8945664 bytes, new threshold 15 (max threshold 15)
[27.554s][trace][gc,age         ] GC(1870) Age table with threshold 15 (max threshold 15)
[27.554s][trace][gc,age         ] GC(1870) - age   1:     400208 bytes,     400208 total
[27.554s][info ][gc,heap        ] GC(1870) DefNew: 140294K(157376K)->390K(157376K) Eden: 139904K(139904K)->0K(139904K) From: 390K(17472K)->390K(17472K)
[27.554s][info ][gc,heap        ] GC(1870) Tenured: 3959K(349568K)->3959K(349568K)
[27.554s][info ][gc,metaspace   ] GC(1870) Metaspace: 9888K(10176K)->9888K(10176K) NonClass: 8754K(8896K)->8754K(8896K) Class: 1134K(1280K)->1134K(1280K)
[27.554s][info ][gc             ] GC(1870) Pause Young (Allocation Failure) 140M->4M(495M) 0.160ms
[27.554s][info ][gc,cpu         ] GC(1870) User=0.00s Sys=0.00s Real=0.00s
[27.565s][info ][gc,start       ] GC(1871) Pause Young (Allocation Failure)
[27.565s][debug][gc,age         ] GC(1871) Desired survivor size 8945664 bytes, new threshold 15 (max threshold 15)
[27.565s][trace][gc,age         ] GC(1871) Age table with threshold 15 (max threshold 15)
[27.565s][trace][gc,age         ] GC(1871) - age   1:     400208 bytes,     400208 total
[27.565s][info ][gc,heap        ] GC(1871) DefNew: 140294K(157376K)->390K(157376K) Eden: 139904K(139904K)->0K(139904K) From: 390K(17472K)->390K(17472K)
[27.565s][info ][gc,heap        ] GC(1871) Tenured: 3959K(349568K)->3959K(349568K)
[27.565s][info ][gc,metaspace   ] GC(1871) Metaspace: 9888K(10176K)->9888K(10176K) NonClass: 8754K(8896K)->8754K(8896K) Class: 1134K(1280K)->1134K(1280K)
[27.565s][info ][gc             ] GC(1871) Pause Young (Allocation Failure) 140M->4M(495M) 0.170ms
[27.565s][info ][gc,cpu         ] GC(1871) User=0.00s Sys=0.00s Real=0.00s
[27.575s][info ][gc,start       ] GC(1872) Pause Young (Allocation Failure)
[27.575s][debug][gc,age         ] GC(1872) Desired survivor size 8945664 bytes, new threshold 15 (max threshold 15)
[27.575s][trace][gc,age         ] GC(1872) Age table with threshold 15 (max threshold 15)
[27.575s][trace][gc,age         ] GC(1872) - age   1:     400208 bytes,     400208 total
[27.575s][info ][gc,heap        ] GC(1872) DefNew: 140294K(157376K)->390K(157376K) Eden: 139904K(139904K)->0K(139904K) From: 390K(17472K)->390K(17472K)
[27.575s][info ][gc,heap        ] GC(1872) Tenured: 3959K(349568K)->3959K(349568K)
[27.575s][info ][gc,metaspace   ] GC(1872) Metaspace: 9888K(10176K)->9888K(10176K) NonClass: 8754K(8896K)->8754K(8896K) Class: 1134K(1280K)->1134K(1280K)
[27.575s][info ][gc             ] GC(1872) Pause Young (Allocation Failure) 140M->4M(495M) 0.173ms
[27.575s][info ][gc,cpu         ] GC(1872) User=0.00s Sys=0.00s Real=0.00s
[27.585s][info ][gc,start       ] GC(1873) Pause Young (Allocation Failure)
[27.585s][debug][gc,age         ] GC(1873) Desired survivor size 8945664 bytes, new threshold 15 (max threshold 15)
[27.585s][trace][gc,age         ] GC(1873) Age table with threshold 15 (max threshold 15)
[27.585s][trace][gc,age         ] GC(1873) - age   1:     400208 bytes,     400208 total
[27.585s][info ][gc,heap        ] GC(1873) DefNew: 140294K(157376K)->390K(157376K) Eden: 139904K(139904K)->0K(139904K) From: 390K(17472K)->390K(17472K)
[27.585s][info ][gc,heap        ] GC(1873) Tenured: 3959K(349568K)->3959K(349568K)
[27.585s][info ][gc,metaspace   ] GC(1873) Metaspace: 9888K(10176K)->9888K(10176K) NonClass: 8754K(8896K)->8754K(8896K) Class: 1134K(1280K)->1134K(1280K)
[27.585s][info ][gc             ] GC(1873) Pause Young (Allocation Failure) 140M->4M(495M) 0.165ms
[27.585s][info ][gc,cpu         ] GC(1873) User=0.00s Sys=0.00s Real=0.00s
[27.595s][info ][gc,start       ] GC(1874) Pause Young (Allocation Failure)
[27.595s][debug][gc,age         ] GC(1874) Desired survivor size 8945664 bytes, new threshold 15 (max threshold 15)
[27.595s][trace][gc,age         ] GC(1874) Age table with threshold 15 (max threshold 15)
[27.595s][trace][gc,age         ] GC(1874) - age   1:     400208 bytes,     400208 total
[27.595s][info ][gc,heap        ] GC(1874) DefNew: 140294K(157376K)->390K(157376K) Eden: 139904K(139904K)->0K(139904K) From: 390K(17472K)->390K(17472K)
[27.595s][info ][gc,heap        ] GC(1874) Tenured: 3959K(349568K)->3959K(349568K)
[27.595s][info ][gc,metaspace   ] GC(1874) Metaspace: 9888K(10176K)->9888K(10176K) NonClass: 8754K(8896K)->8754K(8896K) Class: 1134K(1280K)->1134K(1280K)
[27.595s][info ][gc             ] GC(1874) Pause Young (Allocation Failure) 140M->4M(495M) 0.165ms
[27.595s][info ][gc,cpu         ] GC(1874) User=0.00s Sys=0.00s Real=0.00s
[27.606s][info ][gc,start       ] GC(1875) Pause Young (Allocation Failure)
[27.606s][debug][gc,age         ] GC(1875) Desired survivor size 8945664 bytes, new threshold 15 (max threshold 15)
[27.606s][trace][gc,age         ] GC(1875) Age table with threshold 15 (max threshold 15)
[27.606s][trace][gc,age         ] GC(1875) - age   1:     400208 bytes,     400208 total
[27.606s][info ][gc,heap        ] GC(1875) DefNew: 140294K(157376K)->390K(157376K) Eden: 139904K(139904K)->0K(139904K) From: 390K(17472K)->390K(17472K)
[27.606s][info ][gc,heap        ] GC(1875) Tenured: 3959K(349568K)->3959K(349568K)
[27.606s][info ][gc,metaspace   ] GC(1875) Metaspace: 9888K(10176K)->9888K(10176K) NonClass: 8754K(8896K)->8754K(8896K) Class: 1134K(1280K)->1134K(1280K)
[27.606s][info ][gc             ] GC(1875) Pause Young (Allocation Failure) 140M->4M(495M) 0.164ms
[27.606s][info ][gc,cpu         ] GC(1875) User=0.00s Sys=0.00s Real=0.00s
[27.616s][info ][gc,start       ] GC(1876) Pause Young (Allocation Failure)
[27.616s][debug][gc,age         ] GC(1876) Desired survivor size 8945664 bytes, new threshold 15 (max threshold 15)
[27.616s][trace][gc,age         ] GC(1876) Age table with threshold 15 (max threshold 15)
[27.616s][trace][gc,age         ] GC(1876) - age   1:     400208 bytes,     400208 total
[27.616s][info ][gc,heap        ] GC(1876) DefNew: 140294K(157376K)->390K(157376K) Eden: 139904K(139904K)->0K(139904K) From: 390K(17472K)->390K(17472K)
[27.616s][info ][gc,heap        ] GC(1876) Tenured: 3959K(349568K)->3959K(349568K)
[27.616s][info ][gc,metaspace   ] GC(1876) Metaspace: 9888K(10176K)->9888K(10176K) NonClass: 8754K(8896K)->8754K(8896K) Class: 1134K(1280K)->1134K(1280K)
[27.616s][info ][gc             ] GC(1876) Pause Young (Allocation Failure) 140M->4M(495M) 0.170ms
[27.616s][info ][gc,cpu         ] GC(1876) User=0.00s Sys=0.00s Real=0.00s
[27.626s][info ][gc,start       ] GC(1877) Pause Young (Allocation Failure)
[27.626s][debug][gc,age         ] GC(1877) Desired survivor size 8945664 bytes, new threshold 15 (max threshold 15)
[27.626s][trace][gc,age         ] GC(1877) Age table with threshold 15 (max threshold 15)
[27.626s][trace][gc,age         ] GC(1877) - age   1:     400208 bytes,     400208 total
[27.626s][info ][gc,heap        ] GC(1877) DefNew: 140294K(157376K)->390K(157376K) Eden: 139904K(139904K)->0K(139904K) From: 390K(17472K)->390K(17472K)
[27.626s][info ][gc,heap        ] GC(1877) Tenured: 3959K(349568K)->3959K(349568K)
[27.626s][info ][gc,metaspace   ] GC(1877) Metaspace: 9888K(10176K)->9888K(10176K) NonClass: 8754K(8896K)->8754K(8896K) Class: 1134K(1280K)->1134K(1280K)
[27.626s][info ][gc             ] GC(1877) Pause Young (Allocation Failure) 140M->4M(495M) 0.171ms
[27.626s][info ][gc,cpu         ] GC(1877) User=0.00s Sys=0.00s Real=0.00s
[27.636s][info ][gc,start       ] GC(1878) Pause Young (Allocation Failure)
[27.636s][debug][gc,age         ] GC(1878) Desired survivor size 8945664 bytes, new threshold 15 (max threshold 15)
[27.636s][trace][gc,age         ] GC(1878) Age table with threshold 15 (max threshold 15)
[27.636s][trace][gc,age         ] GC(1878) - age   1:     400208 bytes,     400208 total
[27.636s][info ][gc,heap        ] GC(1878) DefNew: 140294K(157376K)->390K(157376K) Eden: 139904K(139904K)->0K(139904K) From: 390K(17472K)->390K(17472K)
[27.636s][info ][gc,heap        ] GC(1878) Tenured: 3959K(349568K)->3959K(349568K)
[27.636s][info ][gc,metaspace   ] GC(1878) Metaspace: 9888K(10176K)->9888K(10176K) NonClass: 8754K(8896K)->8754K(8896K) Class: 1134K(1280K)->1134K(1280K)
[27.636s][info ][gc             ] GC(1878) Pause Young (Allocation Failure) 140M->4M(495M) 0.161ms
[27.636s][info ][gc,cpu         ] GC(1878) User=0.00s Sys=0.00s Real=0.00s
[27.646s][info ][gc,start       ] GC(1879) Pause Young (Allocation Failure)
[27.647s][debug][gc,age         ] GC(1879) Desired survivor size 8945664 bytes, new threshold 15 (max threshold 15)
[27.647s][trace][gc,age         ] GC(1879) Age table with threshold 15 (max threshold 15)
[27.647s][trace][gc,age         ] GC(1879) - age   1:     400208 bytes,     400208 total
[27.647s][info ][gc,heap        ] GC(1879) DefNew: 140294K(157376K)->390K(157376K) Eden: 139904K(139904K)->0K(139904K) From: 390K(17472K)->390K(17472K)
[27.647s][info ][gc,heap        ] GC(1879) Tenured: 3959K(349568K)->3959K(349568K)
[27.647s][info ][gc,metaspace   ] GC(1879) Metaspace: 9888K(10176K)->9888K(10176K) NonClass: 8754K(8896K)->8754K(8896K) Class: 1134K(1280K)->1134K(1280K)
[27.647s][info ][gc             ] GC(1879) Pause Young (Allocation Failure) 140M->4M(495M) 0.163ms
[27.647s][info ][gc,cpu         ] GC(1879) User=0.00s Sys=0.00s Real=0.00s
[27.657s][info ][gc,start       ] GC(1880) Pause Young (Allocation Failure)
[27.657s][debug][gc,age         ] GC(1880) Desired survivor size 8945664 bytes, new threshold 15 (max threshold 15)
[27.657s][trace][gc,age         ] GC(1880) Age table with threshold 15 (max threshold 15)
[27.657s][trace][gc,age         ] GC(1880) - age   1:     400208 bytes,     400208 total
[27.657s][info ][gc,heap        ] GC(1880) DefNew: 140294K(157376K)->390K(157376K) Eden: 139904K(139904K)->0K(139904K) From: 390K(17472K)->390K(17472K)
[27.657s][info ][gc,heap        ] GC(1880) Tenured: 3959K(349568K)->3959K(349568K)
[27.657s][info ][gc,metaspace   ] GC(1880) Metaspace: 9888K(10176K)->9888K(10176K) NonClass: 8754K(8896K)->8754K(8896K) Class: 1134K(1280K)->1134K(1280K)
[27.657s][info ][gc             ] GC(1880) Pause Young (Allocation Failure) 140M->4M(495M) 0.165ms
[27.657s][info ][gc,cpu         ] GC(1880) User=0.00s Sys=0.00s Real=0.00s
[27.667s][info ][gc,start       ] GC(1881) Pause Young (Allocation Failure)
[27.667s][debug][gc,age         ] GC(1881) Desired survivor size 8945664 bytes, new threshold 15 (max threshold 15)
[27.667s][trace][gc,age         ] GC(1881) Age table with threshold 15 (max threshold 15)
[27.667s][trace][gc,age         ] GC(1881) - age   1:     400208 bytes,     400208 total
[27.667s][info ][gc,heap        ] GC(1881) DefNew: 140294K(157376K)->390K(157376K) Eden: 139904K(139904K)->0K(139904K) From: 390K(17472K)->390K(17472K)
[27.667s][info ][gc,heap        ] GC(1881) Tenured: 3959K(349568K)->3959K(349568K)
[27.667s][info ][gc,metaspace   ] GC(1881) Metaspace: 9888K(10176K)->9888K(10176K) NonClass: 8754K(8896K)->8754K(8896K) Class: 1134K(1280K)->1134K(1280K)
[27.667s][info ][gc             ] GC(1881) Pause Young (Allocation Failure) 140M->4M(495M) 0.169ms
[27.667s][info ][gc,cpu         ] GC(1881) User=0.00s Sys=0.00s Real=0.00s
[27.677s][info ][gc,start       ] GC(1882) Pause Young (Allocation Failure)
[27.677s][debug][gc,age         ] GC(1882) Desired survivor size 8945664 bytes, new threshold 15 (max threshold 15)
[27.677s][trace][gc,age         ] GC(1882) Age table with threshold 15 (max threshold 15)
[27.677s][trace][gc,age         ] GC(1882) - age   1:     400208 bytes,     400208 total
[27.677s][info ][gc,heap        ] GC(1882) DefNew: 140294K(157376K)->390K(157376K) Eden: 139904K(139904K)->0K(139904K) From: 390K(17472K)->390K(17472K)
[27.677s][info ][gc,heap        ] GC(1882) Tenured: 3959K(349568K)->3959K(349568K)
[27.677s][info ][gc,metaspace   ] GC(1882) Metaspace: 9888K(10176K)->9888K(10176K) NonClass: 8754K(8896K)->8754K(8896K) Class: 1134K(1280K)->1134K(1280K)
[27.677s][info ][gc             ] GC(1882) Pause Young (Allocation Failure) 140M->4M(495M) 0.190ms
[27.677s][info ][gc,cpu         ] GC(1882) User=0.00s Sys=0.00s Real=0.00s
[27.687s][info ][gc,start       ] GC(1883) Pause Young (Allocation Failure)
[27.687s][debug][gc,age         ] GC(1883) Desired survivor size 8945664 bytes, new threshold 15 (max threshold 15)
[27.687s][trace][gc,age         ] GC(1883) Age table with threshold 15 (max threshold 15)
[27.687s][trace][gc,age         ] GC(1883) - age   1:     400208 bytes,     400208 total
[27.687s][info ][gc,heap        ] GC(1883) DefNew: 140294K(157376K)->390K(157376K) Eden: 139904K(139904K)->0K(139904K) From: 390K(17472K)->390K(17472K)
[27.687s][info ][gc,heap        ] GC(1883) Tenured: 3959K(349568K)->3959K(349568K)
[27.687s][info ][gc,metaspace   ] GC(1883) Metaspace: 9888K(10176K)->9888K(10176K) NonClass: 8754K(8896K)->8754K(8896K) Class: 1134K(1280K)->1134K(1280K)
[27.687s][info ][gc             ] GC(1883) Pause Young (Allocation Failure) 140M->4M(495M) 0.175ms
[27.687s][info ][gc,cpu         ] GC(1883) User=0.00s Sys=0.00s Real=0.00s
[27.698s][info ][gc,start       ] GC(1884) Pause Young (Allocation Failure)
[27.698s][debug][gc,age         ] GC(1884) Desired survivor size 8945664 bytes, new threshold 15 (max threshold 15)
[27.698s][trace][gc,age         ] GC(1884) Age table with threshold 15 (max threshold 15)
[27.698s][trace][gc,age         ] GC(1884) - age   1:     400208 bytes,     400208 total
[27.698s][info ][gc,heap        ] GC(1884) DefNew: 140294K(157376K)->390K(157376K) Eden: 139904K(139904K)->0K(139904K) From: 390K(17472K)->390K(17472K)
[27.698s][info ][gc,heap        ] GC(1884) Tenured: 3959K(349568K)->3959K(349568K)
[27.698s][info ][gc,metaspace   ] GC(1884) Metaspace: 9888K(10176K)->9888K(10176K) NonClass: 8754K(8896K)->8754K(8896K) Class: 1134K(1280K)->1134K(1280K)
[27.698s][info ][gc             ] GC(1884) Pause Young (Allocation Failure) 140M->4M(495M) 0.166ms
[27.698s][info ][gc,cpu         ] GC(1884) User=0.00s Sys=0.00s Real=0.00s
[27.708s][info ][gc,start       ] GC(1885) Pause Young (Allocation Failure)
[27.708s][debug][gc,age         ] GC(1885) Desired survivor size 8945664 bytes, new threshold 15 (max threshold 15)
[27.708s][trace][gc,age         ] GC(1885) Age table with threshold 15 (max threshold 15)
[27.708s][trace][gc,age         ] GC(1885) - age   1:     400208 bytes,     400208 total
[27.708s][info ][gc,heap        ] GC(1885) DefNew: 140294K(157376K)->390K(157376K) Eden: 139904K(139904K)->0K(139904K) From: 390K(17472K)->390K(17472K)
[27.708s][info ][gc,heap        ] GC(1885) Tenured: 3959K(349568K)->3959K(349568K)
[27.708s][info ][gc,metaspace   ] GC(1885) Metaspace: 9888K(10176K)->9888K(10176K) NonClass: 8754K(8896K)->8754K(8896K) Class: 1134K(1280K)->1134K(1280K)
[27.708s][info ][gc             ] GC(1885) Pause Young (Allocation Failure) 140M->4M(495M) 0.163ms
[27.708s][info ][gc,cpu         ] GC(1885) User=0.01s Sys=0.00s Real=0.00s
[27.718s][info ][gc,start       ] GC(1886) Pause Young (Allocation Failure)
[27.718s][debug][gc,age         ] GC(1886) Desired survivor size 8945664 bytes, new threshold 15 (max threshold 15)
[27.718s][trace][gc,age         ] GC(1886) Age table with threshold 15 (max threshold 15)
[27.718s][trace][gc,age         ] GC(1886) - age   1:     400208 bytes,     400208 total
[27.718s][info ][gc,heap        ] GC(1886) DefNew: 140294K(157376K)->390K(157376K) Eden: 139904K(139904K)->0K(139904K) From: 390K(17472K)->390K(17472K)
[27.718s][info ][gc,heap        ] GC(1886) Tenured: 3959K(349568K)->3959K(349568K)
[27.718s][info ][gc,metaspace   ] GC(1886) Metaspace: 9888K(10176K)->9888K(10176K) NonClass: 8754K(8896K)->8754K(8896K) Class: 1134K(1280K)->1134K(1280K)
[27.718s][info ][gc             ] GC(1886) Pause Young (Allocation Failure) 140M->4M(495M) 0.169ms
[27.718s][info ][gc,cpu         ] GC(1886) User=0.00s Sys=0.00s Real=0.00s
[27.728s][info ][gc,start       ] GC(1887) Pause Young (Allocation Failure)
[27.728s][debug][gc,age         ] GC(1887) Desired survivor size 8945664 bytes, new threshold 15 (max threshold 15)
[27.728s][trace][gc,age         ] GC(1887) Age table with threshold 15 (max threshold 15)
[27.728s][trace][gc,age         ] GC(1887) - age   1:     400208 bytes,     400208 total
[27.728s][info ][gc,heap        ] GC(1887) DefNew: 140294K(157376K)->390K(157376K) Eden: 139904K(139904K)->0K(139904K) From: 390K(17472K)->390K(17472K)
[27.728s][info ][gc,heap        ] GC(1887) Tenured: 3959K(349568K)->3959K(349568K)
[27.728s][info ][gc,metaspace   ] GC(1887) Metaspace: 9888K(10176K)->9888K(10176K) NonClass: 8754K(8896K)->8754K(8896K) Class: 1134K(1280K)->1134K(1280K)
[27.728s][info ][gc             ] GC(1887) Pause Young (Allocation Failure) 140M->4M(495M) 0.170ms
[27.728s][info ][gc,cpu         ] GC(1887) User=0.00s Sys=0.00s Real=0.00s
[27.738s][info ][gc,start       ] GC(1888) Pause Young (Allocation Failure)
[27.739s][debug][gc,age         ] GC(1888) Desired survivor size 8945664 bytes, new threshold 15 (max threshold 15)
[27.739s][trace][gc,age         ] GC(1888) Age table with threshold 15 (max threshold 15)
[27.739s][trace][gc,age         ] GC(1888) - age   1:     400208 bytes,     400208 total
[27.739s][info ][gc,heap        ] GC(1888) DefNew: 140294K(157376K)->390K(157376K) Eden: 139904K(139904K)->0K(139904K) From: 390K(17472K)->390K(17472K)
[27.739s][info ][gc,heap        ] GC(1888) Tenured: 3959K(349568K)->3959K(349568K)
[27.739s][info ][gc,metaspace   ] GC(1888) Metaspace: 9888K(10176K)->9888K(10176K) NonClass: 8754K(8896K)->8754K(8896K) Class: 1134K(1280K)->1134K(1280K)
[27.739s][info ][gc             ] GC(1888) Pause Young (Allocation Failure) 140M->4M(495M) 0.170ms
[27.739s][info ][gc,cpu         ] GC(1888) User=0.00s Sys=0.00s Real=0.00s
[27.749s][info ][gc,start       ] GC(1889) Pause Young (Allocation Failure)
[27.749s][debug][gc,age         ] GC(1889) Desired survivor size 8945664 bytes, new threshold 15 (max threshold 15)
[27.749s][trace][gc,age         ] GC(1889) Age table with threshold 15 (max threshold 15)
[27.749s][trace][gc,age         ] GC(1889) - age   1:     400208 bytes,     400208 total
[27.749s][info ][gc,heap        ] GC(1889) DefNew: 140294K(157376K)->390K(157376K) Eden: 139904K(139904K)->0K(139904K) From: 390K(17472K)->390K(17472K)
[27.749s][info ][gc,heap        ] GC(1889) Tenured: 3959K(349568K)->3959K(349568K)
[27.749s][info ][gc,metaspace   ] GC(1889) Metaspace: 9888K(10176K)->9888K(10176K) NonClass: 8754K(8896K)->8754K(8896K) Class: 1134K(1280K)->1134K(1280K)
[27.749s][info ][gc             ] GC(1889) Pause Young (Allocation Failure) 140M->4M(495M) 0.163ms
[27.749s][info ][gc,cpu         ] GC(1889) User=0.00s Sys=0.00s Real=0.00s
[27.759s][info ][gc,start       ] GC(1890) Pause Young (Allocation Failure)
[27.759s][debug][gc,age         ] GC(1890) Desired survivor size 8945664 bytes, new threshold 15 (max threshold 15)
[27.759s][trace][gc,age         ] GC(1890) Age table with threshold 15 (max threshold 15)
[27.759s][trace][gc,age         ] GC(1890) - age   1:     400208 bytes,     400208 total
[27.759s][info ][gc,heap        ] GC(1890) DefNew: 140294K(157376K)->390K(157376K) Eden: 139904K(139904K)->0K(139904K) From: 390K(17472K)->390K(17472K)
[27.759s][info ][gc,heap        ] GC(1890) Tenured: 3959K(349568K)->3959K(349568K)
[27.759s][info ][gc,metaspace   ] GC(1890) Metaspace: 9888K(10176K)->9888K(10176K) NonClass: 8754K(8896K)->8754K(8896K) Class: 1134K(1280K)->1134K(1280K)
[27.759s][info ][gc             ] GC(1890) Pause Young (Allocation Failure) 140M->4M(495M) 0.163ms
[27.759s][info ][gc,cpu         ] GC(1890) User=0.00s Sys=0.00s Real=0.00s
[27.769s][info ][gc,start       ] GC(1891) Pause Young (Allocation Failure)
[27.769s][debug][gc,age         ] GC(1891) Desired survivor size 8945664 bytes, new threshold 15 (max threshold 15)
[27.769s][trace][gc,age         ] GC(1891) Age table with threshold 15 (max threshold 15)
[27.769s][trace][gc,age         ] GC(1891) - age   1:     400208 bytes,     400208 total
[27.769s][info ][gc,heap        ] GC(1891) DefNew: 140294K(157376K)->390K(157376K) Eden: 139904K(139904K)->0K(139904K) From: 390K(17472K)->390K(17472K)
[27.769s][info ][gc,heap        ] GC(1891) Tenured: 3959K(349568K)->3959K(349568K)
[27.769s][info ][gc,metaspace   ] GC(1891) Metaspace: 9888K(10176K)->9888K(10176K) NonClass: 8754K(8896K)->8754K(8896K) Class: 1134K(1280K)->1134K(1280K)
[27.769s][info ][gc             ] GC(1891) Pause Young (Allocation Failure) 140M->4M(495M) 0.163ms
[27.769s][info ][gc,cpu         ] GC(1891) User=0.00s Sys=0.00s Real=0.00s
[27.779s][info ][gc,start       ] GC(1892) Pause Young (Allocation Failure)
[27.779s][debug][gc,age         ] GC(1892) Desired survivor size 8945664 bytes, new threshold 15 (max threshold 15)
[27.779s][trace][gc,age         ] GC(1892) Age table with threshold 15 (max threshold 15)
[27.779s][trace][gc,age         ] GC(1892) - age   1:     400208 bytes,     400208 total
[27.779s][info ][gc,heap        ] GC(1892) DefNew: 140294K(157376K)->390K(157376K) Eden: 139904K(139904K)->0K(139904K) From: 390K(17472K)->390K(17472K)
[27.779s][info ][gc,heap        ] GC(1892) Tenured: 3959K(349568K)->3959K(349568K)
[27.779s][info ][gc,metaspace   ] GC(1892) Metaspace: 9888K(10176K)->9888K(10176K) NonClass: 8754K(8896K)->8754K(8896K) Class: 1134K(1280K)->1134K(1280K)
[27.779s][info ][gc             ] GC(1892) Pause Young (Allocation Failure) 140M->4M(495M) 0.165ms
[27.779s][info ][gc,cpu         ] GC(1892) User=0.00s Sys=0.00s Real=0.00s
[27.789s][info ][gc,start       ] GC(1893) Pause Young (Allocation Failure)
[27.790s][debug][gc,age         ] GC(1893) Desired survivor size 8945664 bytes, new threshold 15 (max threshold 15)
[27.790s][trace][gc,age         ] GC(1893) Age table with threshold 15 (max threshold 15)
[27.790s][trace][gc,age         ] GC(1893) - age   1:     400208 bytes,     400208 total
[27.790s][info ][gc,heap        ] GC(1893) DefNew: 140294K(157376K)->390K(157376K) Eden: 139904K(139904K)->0K(139904K) From: 390K(17472K)->390K(17472K)
[27.790s][info ][gc,heap        ] GC(1893) Tenured: 3959K(349568K)->3959K(349568K)
[27.790s][info ][gc,metaspace   ] GC(1893) Metaspace: 9888K(10176K)->9888K(10176K) NonClass: 8754K(8896K)->8754K(8896K) Class: 1134K(1280K)->1134K(1280K)
[27.790s][info ][gc             ] GC(1893) Pause Young (Allocation Failure) 140M->4M(495M) 0.166ms
[27.790s][info ][gc,cpu         ] GC(1893) User=0.00s Sys=0.00s Real=0.00s
[27.800s][info ][gc,start       ] GC(1894) Pause Young (Allocation Failure)
[27.800s][debug][gc,age         ] GC(1894) Desired survivor size 8945664 bytes, new threshold 15 (max threshold 15)
[27.800s][trace][gc,age         ] GC(1894) Age table with threshold 15 (max threshold 15)
[27.800s][trace][gc,age         ] GC(1894) - age   1:     400208 bytes,     400208 total
[27.800s][info ][gc,heap        ] GC(1894) DefNew: 140294K(157376K)->390K(157376K) Eden: 139904K(139904K)->0K(139904K) From: 390K(17472K)->390K(17472K)
[27.800s][info ][gc,heap        ] GC(1894) Tenured: 3959K(349568K)->3959K(349568K)
[27.800s][info ][gc,metaspace   ] GC(1894) Metaspace: 9888K(10176K)->9888K(10176K) NonClass: 8754K(8896K)->8754K(8896K) Class: 1134K(1280K)->1134K(1280K)
[27.800s][info ][gc             ] GC(1894) Pause Young (Allocation Failure) 140M->4M(495M) 0.172ms
[27.800s][info ][gc,cpu         ] GC(1894) User=0.00s Sys=0.00s Real=0.00s
[27.810s][info ][gc,start       ] GC(1895) Pause Young (Allocation Failure)
[27.810s][debug][gc,age         ] GC(1895) Desired survivor size 8945664 bytes, new threshold 15 (max threshold 15)
[27.810s][trace][gc,age         ] GC(1895) Age table with threshold 15 (max threshold 15)
[27.810s][trace][gc,age         ] GC(1895) - age   1:     400208 bytes,     400208 total
[27.810s][info ][gc,heap        ] GC(1895) DefNew: 140294K(157376K)->390K(157376K) Eden: 139904K(139904K)->0K(139904K) From: 390K(17472K)->390K(17472K)
[27.810s][info ][gc,heap        ] GC(1895) Tenured: 3959K(349568K)->3959K(349568K)
[27.810s][info ][gc,metaspace   ] GC(1895) Metaspace: 9888K(10176K)->9888K(10176K) NonClass: 8754K(8896K)->8754K(8896K) Class: 1134K(1280K)->1134K(1280K)
[27.810s][info ][gc             ] GC(1895) Pause Young (Allocation Failure) 140M->4M(495M) 0.163ms
[27.810s][info ][gc,cpu         ] GC(1895) User=0.00s Sys=0.00s Real=0.01s
[27.820s][info ][gc,start       ] GC(1896) Pause Young (Allocation Failure)
[27.820s][debug][gc,age         ] GC(1896) Desired survivor size 8945664 bytes, new threshold 15 (max threshold 15)
[27.820s][trace][gc,age         ] GC(1896) Age table with threshold 15 (max threshold 15)
[27.820s][trace][gc,age         ] GC(1896) - age   1:     400208 bytes,     400208 total
[27.820s][info ][gc,heap        ] GC(1896) DefNew: 140294K(157376K)->390K(157376K) Eden: 139904K(139904K)->0K(139904K) From: 390K(17472K)->390K(17472K)
[27.820s][info ][gc,heap        ] GC(1896) Tenured: 3959K(349568K)->3959K(349568K)
[27.820s][info ][gc,metaspace   ] GC(1896) Metaspace: 9888K(10176K)->9888K(10176K) NonClass: 8754K(8896K)->8754K(8896K) Class: 1134K(1280K)->1134K(1280K)
[27.820s][info ][gc             ] GC(1896) Pause Young (Allocation Failure) 140M->4M(495M) 0.165ms
[27.820s][info ][gc,cpu         ] GC(1896) User=0.00s Sys=0.00s Real=0.00s
[27.830s][info ][gc,start       ] GC(1897) Pause Young (Allocation Failure)
[27.830s][debug][gc,age         ] GC(1897) Desired survivor size 8945664 bytes, new threshold 15 (max threshold 15)
[27.830s][trace][gc,age         ] GC(1897) Age table with threshold 15 (max threshold 15)
[27.830s][trace][gc,age         ] GC(1897) - age   1:     400208 bytes,     400208 total
[27.830s][info ][gc,heap        ] GC(1897) DefNew: 140294K(157376K)->390K(157376K) Eden: 139904K(139904K)->0K(139904K) From: 390K(17472K)->390K(17472K)
[27.830s][info ][gc,heap        ] GC(1897) Tenured: 3959K(349568K)->3959K(349568K)
[27.830s][info ][gc,metaspace   ] GC(1897) Metaspace: 9888K(10176K)->9888K(10176K) NonClass: 8754K(8896K)->8754K(8896K) Class: 1134K(1280K)->1134K(1280K)
[27.830s][info ][gc             ] GC(1897) Pause Young (Allocation Failure) 140M->4M(495M) 0.164ms
[27.830s][info ][gc,cpu         ] GC(1897) User=0.00s Sys=0.00s Real=0.00s
[27.841s][info ][gc,start       ] GC(1898) Pause Young (Allocation Failure)
[27.841s][debug][gc,age         ] GC(1898) Desired survivor size 8945664 bytes, new threshold 15 (max threshold 15)
[27.841s][trace][gc,age         ] GC(1898) Age table with threshold 15 (max threshold 15)
[27.841s][trace][gc,age         ] GC(1898) - age   1:     400208 bytes,     400208 total
[27.841s][info ][gc,heap        ] GC(1898) DefNew: 140294K(157376K)->390K(157376K) Eden: 139904K(139904K)->0K(139904K) From: 390K(17472K)->390K(17472K)
[27.841s][info ][gc,heap        ] GC(1898) Tenured: 3959K(349568K)->3959K(349568K)
[27.841s][info ][gc,metaspace   ] GC(1898) Metaspace: 9888K(10176K)->9888K(10176K) NonClass: 8754K(8896K)->8754K(8896K) Class: 1134K(1280K)->1134K(1280K)
[27.841s][info ][gc             ] GC(1898) Pause Young (Allocation Failure) 140M->4M(495M) 0.169ms
[27.841s][info ][gc,cpu         ] GC(1898) User=0.00s Sys=0.00s Real=0.00s
[27.851s][info ][gc,start       ] GC(1899) Pause Young (Allocation Failure)
[27.851s][debug][gc,age         ] GC(1899) Desired survivor size 8945664 bytes, new threshold 15 (max threshold 15)
[27.851s][trace][gc,age         ] GC(1899) Age table with threshold 15 (max threshold 15)
[27.851s][trace][gc,age         ] GC(1899) - age   1:     400208 bytes,     400208 total
[27.851s][info ][gc,heap        ] GC(1899) DefNew: 140294K(157376K)->390K(157376K) Eden: 139904K(139904K)->0K(139904K) From: 390K(17472K)->390K(17472K)
[27.851s][info ][gc,heap        ] GC(1899) Tenured: 3959K(349568K)->3959K(349568K)
[27.851s][info ][gc,metaspace   ] GC(1899) Metaspace: 9888K(10176K)->9888K(10176K) NonClass: 8754K(8896K)->8754K(8896K) Class: 1134K(1280K)->1134K(1280K)
[27.851s][info ][gc             ] GC(1899) Pause Young (Allocation Failure) 140M->4M(495M) 0.169ms
[27.851s][info ][gc,cpu         ] GC(1899) User=0.00s Sys=0.00s Real=0.00s
[27.861s][info ][gc,start       ] GC(1900) Pause Young (Allocation Failure)
[27.861s][debug][gc,age         ] GC(1900) Desired survivor size 8945664 bytes, new threshold 15 (max threshold 15)
[27.861s][trace][gc,age         ] GC(1900) Age table with threshold 15 (max threshold 15)
[27.861s][trace][gc,age         ] GC(1900) - age   1:     400208 bytes,     400208 total
[27.861s][info ][gc,heap        ] GC(1900) DefNew: 140294K(157376K)->390K(157376K) Eden: 139904K(139904K)->0K(139904K) From: 390K(17472K)->390K(17472K)
[27.861s][info ][gc,heap        ] GC(1900) Tenured: 3959K(349568K)->3959K(349568K)
[27.861s][info ][gc,metaspace   ] GC(1900) Metaspace: 9888K(10176K)->9888K(10176K) NonClass: 8754K(8896K)->8754K(8896K) Class: 1134K(1280K)->1134K(1280K)
[27.861s][info ][gc             ] GC(1900) Pause Young (Allocation Failure) 140M->4M(495M) 0.169ms
[27.861s][info ][gc,cpu         ] GC(1900) User=0.00s Sys=0.00s Real=0.00s
[27.871s][info ][gc,start       ] GC(1901) Pause Young (Allocation Failure)
[27.871s][debug][gc,age         ] GC(1901) Desired survivor size 8945664 bytes, new threshold 15 (max threshold 15)
[27.871s][trace][gc,age         ] GC(1901) Age table with threshold 15 (max threshold 15)
[27.871s][trace][gc,age         ] GC(1901) - age   1:     400208 bytes,     400208 total
[27.871s][info ][gc,heap        ] GC(1901) DefNew: 140294K(157376K)->390K(157376K) Eden: 139904K(139904K)->0K(139904K) From: 390K(17472K)->390K(17472K)
[27.871s][info ][gc,heap        ] GC(1901) Tenured: 3959K(349568K)->3959K(349568K)
[27.871s][info ][gc,metaspace   ] GC(1901) Metaspace: 9888K(10176K)->9888K(10176K) NonClass: 8754K(8896K)->8754K(8896K) Class: 1134K(1280K)->1134K(1280K)
[27.871s][info ][gc             ] GC(1901) Pause Young (Allocation Failure) 140M->4M(495M) 0.165ms
[27.871s][info ][gc,cpu         ] GC(1901) User=0.00s Sys=0.00s Real=0.00s
[27.881s][info ][gc,start       ] GC(1902) Pause Young (Allocation Failure)
[27.882s][debug][gc,age         ] GC(1902) Desired survivor size 8945664 bytes, new threshold 15 (max threshold 15)
[27.882s][trace][gc,age         ] GC(1902) Age table with threshold 15 (max threshold 15)
[27.882s][trace][gc,age         ] GC(1902) - age   1:     400208 bytes,     400208 total
[27.882s][info ][gc,heap        ] GC(1902) DefNew: 140294K(157376K)->390K(157376K) Eden: 139904K(139904K)->0K(139904K) From: 390K(17472K)->390K(17472K)
[27.882s][info ][gc,heap        ] GC(1902) Tenured: 3959K(349568K)->3959K(349568K)
[27.882s][info ][gc,metaspace   ] GC(1902) Metaspace: 9888K(10176K)->9888K(10176K) NonClass: 8754K(8896K)->8754K(8896K) Class: 1134K(1280K)->1134K(1280K)
[27.882s][info ][gc             ] GC(1902) Pause Young (Allocation Failure) 140M->4M(495M) 0.167ms
[27.882s][info ][gc,cpu         ] GC(1902) User=0.00s Sys=0.00s Real=0.00s
[27.892s][info ][gc,start       ] GC(1903) Pause Young (Allocation Failure)
[27.892s][debug][gc,age         ] GC(1903) Desired survivor size 8945664 bytes, new threshold 15 (max threshold 15)
[27.892s][trace][gc,age         ] GC(1903) Age table with threshold 15 (max threshold 15)
[27.892s][trace][gc,age         ] GC(1903) - age   1:     400208 bytes,     400208 total
[27.892s][info ][gc,heap        ] GC(1903) DefNew: 140294K(157376K)->390K(157376K) Eden: 139904K(139904K)->0K(139904K) From: 390K(17472K)->390K(17472K)
[27.892s][info ][gc,heap        ] GC(1903) Tenured: 3959K(349568K)->3959K(349568K)
[27.892s][info ][gc,metaspace   ] GC(1903) Metaspace: 9888K(10176K)->9888K(10176K) NonClass: 8754K(8896K)->8754K(8896K) Class: 1134K(1280K)->1134K(1280K)
[27.892s][info ][gc             ] GC(1903) Pause Young (Allocation Failure) 140M->4M(495M) 0.163ms
[27.892s][info ][gc,cpu         ] GC(1903) User=0.00s Sys=0.00s Real=0.00s
[27.902s][info ][gc,start       ] GC(1904) Pause Young (Allocation Failure)
[27.902s][debug][gc,age         ] GC(1904) Desired survivor size 8945664 bytes, new threshold 15 (max threshold 15)
[27.902s][trace][gc,age         ] GC(1904) Age table with threshold 15 (max threshold 15)
[27.902s][trace][gc,age         ] GC(1904) - age   1:     400208 bytes,     400208 total
[27.902s][info ][gc,heap        ] GC(1904) DefNew: 140294K(157376K)->390K(157376K) Eden: 139904K(139904K)->0K(139904K) From: 390K(17472K)->390K(17472K)
[27.902s][info ][gc,heap        ] GC(1904) Tenured: 3959K(349568K)->3959K(349568K)
[27.902s][info ][gc,metaspace   ] GC(1904) Metaspace: 9888K(10176K)->9888K(10176K) NonClass: 8754K(8896K)->8754K(8896K) Class: 1134K(1280K)->1134K(1280K)
[27.902s][info ][gc             ] GC(1904) Pause Young (Allocation Failure) 140M->4M(495M) 0.165ms
[27.902s][info ][gc,cpu         ] GC(1904) User=0.00s Sys=0.00s Real=0.00s
[27.912s][info ][gc,start       ] GC(1905) Pause Young (Allocation Failure)
[27.912s][debug][gc,age         ] GC(1905) Desired survivor size 8945664 bytes, new threshold 15 (max threshold 15)
[27.912s][trace][gc,age         ] GC(1905) Age table with threshold 15 (max threshold 15)
[27.912s][trace][gc,age         ] GC(1905) - age   1:     400208 bytes,     400208 total
[27.912s][info ][gc,heap        ] GC(1905) DefNew: 140294K(157376K)->390K(157376K) Eden: 139904K(139904K)->0K(139904K) From: 390K(17472K)->390K(17472K)
[27.912s][info ][gc,heap        ] GC(1905) Tenured: 3959K(349568K)->3959K(349568K)
[27.912s][info ][gc,metaspace   ] GC(1905) Metaspace: 9888K(10176K)->9888K(10176K) NonClass: 8754K(8896K)->8754K(8896K) Class: 1134K(1280K)->1134K(1280K)
[27.912s][info ][gc             ] GC(1905) Pause Young (Allocation Failure) 140M->4M(495M) 0.162ms
[27.912s][info ][gc,cpu         ] GC(1905) User=0.00s Sys=0.00s Real=0.00s
[27.922s][info ][gc,start       ] GC(1906) Pause Young (Allocation Failure)
[27.922s][debug][gc,age         ] GC(1906) Desired survivor size 8945664 bytes, new threshold 15 (max threshold 15)
[27.922s][trace][gc,age         ] GC(1906) Age table with threshold 15 (max threshold 15)
[27.922s][trace][gc,age         ] GC(1906) - age   1:     400208 bytes,     400208 total
[27.922s][info ][gc,heap        ] GC(1906) DefNew: 140294K(157376K)->390K(157376K) Eden: 139904K(139904K)->0K(139904K) From: 390K(17472K)->390K(17472K)
[27.922s][info ][gc,heap        ] GC(1906) Tenured: 3959K(349568K)->3959K(349568K)
[27.922s][info ][gc,metaspace   ] GC(1906) Metaspace: 9888K(10176K)->9888K(10176K) NonClass: 8754K(8896K)->8754K(8896K) Class: 1134K(1280K)->1134K(1280K)
[27.922s][info ][gc             ] GC(1906) Pause Young (Allocation Failure) 140M->4M(495M) 0.166ms
[27.922s][info ][gc,cpu         ] GC(1906) User=0.00s Sys=0.00s Real=0.00s
[27.933s][info ][gc,start       ] GC(1907) Pause Young (Allocation Failure)
[27.933s][debug][gc,age         ] GC(1907) Desired survivor size 8945664 bytes, new threshold 15 (max threshold 15)
[27.933s][trace][gc,age         ] GC(1907) Age table with threshold 15 (max threshold 15)
[27.933s][trace][gc,age         ] GC(1907) - age   1:     400208 bytes,     400208 total
[27.933s][info ][gc,heap        ] GC(1907) DefNew: 140294K(157376K)->390K(157376K) Eden: 139904K(139904K)->0K(139904K) From: 390K(17472K)->390K(17472K)
[27.933s][info ][gc,heap        ] GC(1907) Tenured: 3959K(349568K)->3959K(349568K)
[27.933s][info ][gc,metaspace   ] GC(1907) Metaspace: 9888K(10176K)->9888K(10176K) NonClass: 8754K(8896K)->8754K(8896K) Class: 1134K(1280K)->1134K(1280K)
[27.933s][info ][gc             ] GC(1907) Pause Young (Allocation Failure) 140M->4M(495M) 0.173ms
[27.933s][info ][gc,cpu         ] GC(1907) User=0.00s Sys=0.00s Real=0.00s
[27.943s][info ][gc,start       ] GC(1908) Pause Young (Allocation Failure)
[27.943s][debug][gc,age         ] GC(1908) Desired survivor size 8945664 bytes, new threshold 15 (max threshold 15)
[27.943s][trace][gc,age         ] GC(1908) Age table with threshold 15 (max threshold 15)
[27.943s][trace][gc,age         ] GC(1908) - age   1:     400208 bytes,     400208 total
[27.943s][info ][gc,heap        ] GC(1908) DefNew: 140294K(157376K)->390K(157376K) Eden: 139904K(139904K)->0K(139904K) From: 390K(17472K)->390K(17472K)
[27.943s][info ][gc,heap        ] GC(1908) Tenured: 3959K(349568K)->3959K(349568K)
[27.943s][info ][gc,metaspace   ] GC(1908) Metaspace: 9888K(10176K)->9888K(10176K) NonClass: 8754K(8896K)->8754K(8896K) Class: 1134K(1280K)->1134K(1280K)
[27.943s][info ][gc             ] GC(1908) Pause Young (Allocation Failure) 140M->4M(495M) 0.170ms
[27.943s][info ][gc,cpu         ] GC(1908) User=0.00s Sys=0.00s Real=0.00s
[27.953s][info ][gc,start       ] GC(1909) Pause Young (Allocation Failure)
[27.953s][debug][gc,age         ] GC(1909) Desired survivor size 8945664 bytes, new threshold 15 (max threshold 15)
[27.953s][trace][gc,age         ] GC(1909) Age table with threshold 15 (max threshold 15)
[27.953s][trace][gc,age         ] GC(1909) - age   1:     400208 bytes,     400208 total
[27.953s][info ][gc,heap        ] GC(1909) DefNew: 140294K(157376K)->390K(157376K) Eden: 139904K(139904K)->0K(139904K) From: 390K(17472K)->390K(17472K)
[27.953s][info ][gc,heap        ] GC(1909) Tenured: 3959K(349568K)->3959K(349568K)
[27.953s][info ][gc,metaspace   ] GC(1909) Metaspace: 9888K(10176K)->9888K(10176K) NonClass: 8754K(8896K)->8754K(8896K) Class: 1134K(1280K)->1134K(1280K)
[27.953s][info ][gc             ] GC(1909) Pause Young (Allocation Failure) 140M->4M(495M) 0.163ms
[27.953s][info ][gc,cpu         ] GC(1909) User=0.00s Sys=0.00s Real=0.00s
[27.963s][info ][gc,start       ] GC(1910) Pause Young (Allocation Failure)
[27.963s][debug][gc,age         ] GC(1910) Desired survivor size 8945664 bytes, new threshold 15 (max threshold 15)
[27.963s][trace][gc,age         ] GC(1910) Age table with threshold 15 (max threshold 15)
[27.963s][trace][gc,age         ] GC(1910) - age   1:     400208 bytes,     400208 total
[27.963s][info ][gc,heap        ] GC(1910) DefNew: 140294K(157376K)->390K(157376K) Eden: 139904K(139904K)->0K(139904K) From: 390K(17472K)->390K(17472K)
[27.963s][info ][gc,heap        ] GC(1910) Tenured: 3959K(349568K)->3959K(349568K)
[27.963s][info ][gc,metaspace   ] GC(1910) Metaspace: 9888K(10176K)->9888K(10176K) NonClass: 8754K(8896K)->8754K(8896K) Class: 1134K(1280K)->1134K(1280K)
[27.963s][info ][gc             ] GC(1910) Pause Young (Allocation Failure) 140M->4M(495M) 0.164ms
[27.963s][info ][gc,cpu         ] GC(1910) User=0.00s Sys=0.00s Real=0.00s
[27.973s][info ][gc,start       ] GC(1911) Pause Young (Allocation Failure)
[27.973s][debug][gc,age         ] GC(1911) Desired survivor size 8945664 bytes, new threshold 15 (max threshold 15)
[27.973s][trace][gc,age         ] GC(1911) Age table with threshold 15 (max threshold 15)
[27.973s][trace][gc,age         ] GC(1911) - age   1:     400208 bytes,     400208 total
[27.973s][info ][gc,heap        ] GC(1911) DefNew: 140294K(157376K)->390K(157376K) Eden: 139904K(139904K)->0K(139904K) From: 390K(17472K)->390K(17472K)
[27.973s][info ][gc,heap        ] GC(1911) Tenured: 3959K(349568K)->3959K(349568K)
[27.973s][info ][gc,metaspace   ] GC(1911) Metaspace: 9888K(10176K)->9888K(10176K) NonClass: 8754K(8896K)->8754K(8896K) Class: 1134K(1280K)->1134K(1280K)
[27.973s][info ][gc             ] GC(1911) Pause Young (Allocation Failure) 140M->4M(495M) 0.165ms
[27.973s][info ][gc,cpu         ] GC(1911) User=0.00s Sys=0.00s Real=0.00s
[27.984s][info ][gc,start       ] GC(1912) Pause Young (Allocation Failure)
[27.984s][debug][gc,age         ] GC(1912) Desired survivor size 8945664 bytes, new threshold 15 (max threshold 15)
[27.984s][trace][gc,age         ] GC(1912) Age table with threshold 15 (max threshold 15)
[27.984s][trace][gc,age         ] GC(1912) - age   1:     400208 bytes,     400208 total
[27.984s][info ][gc,heap        ] GC(1912) DefNew: 140294K(157376K)->390K(157376K) Eden: 139904K(139904K)->0K(139904K) From: 390K(17472K)->390K(17472K)
[27.984s][info ][gc,heap        ] GC(1912) Tenured: 3959K(349568K)->3959K(349568K)
[27.984s][info ][gc,metaspace   ] GC(1912) Metaspace: 9888K(10176K)->9888K(10176K) NonClass: 8754K(8896K)->8754K(8896K) Class: 1134K(1280K)->1134K(1280K)
[27.984s][info ][gc             ] GC(1912) Pause Young (Allocation Failure) 140M->4M(495M) 0.170ms
[27.984s][info ][gc,cpu         ] GC(1912) User=0.00s Sys=0.00s Real=0.00s
[27.994s][info ][gc,start       ] GC(1913) Pause Young (Allocation Failure)
[27.994s][debug][gc,age         ] GC(1913) Desired survivor size 8945664 bytes, new threshold 15 (max threshold 15)
[27.994s][trace][gc,age         ] GC(1913) Age table with threshold 15 (max threshold 15)
[27.994s][trace][gc,age         ] GC(1913) - age   1:     400208 bytes,     400208 total
[27.994s][info ][gc,heap        ] GC(1913) DefNew: 140294K(157376K)->390K(157376K) Eden: 139904K(139904K)->0K(139904K) From: 390K(17472K)->390K(17472K)
[27.994s][info ][gc,heap        ] GC(1913) Tenured: 3959K(349568K)->3959K(349568K)
[27.994s][info ][gc,metaspace   ] GC(1913) Metaspace: 9888K(10176K)->9888K(10176K) NonClass: 8754K(8896K)->8754K(8896K) Class: 1134K(1280K)->1134K(1280K)
[27.994s][info ][gc             ] GC(1913) Pause Young (Allocation Failure) 140M->4M(495M) 0.161ms
[27.994s][info ][gc,cpu         ] GC(1913) User=0.00s Sys=0.00s Real=0.00s
[28.004s][info ][gc,start       ] GC(1914) Pause Young (Allocation Failure)
[28.004s][debug][gc,age         ] GC(1914) Desired survivor size 8945664 bytes, new threshold 15 (max threshold 15)
[28.004s][trace][gc,age         ] GC(1914) Age table with threshold 15 (max threshold 15)
[28.004s][trace][gc,age         ] GC(1914) - age   1:     400208 bytes,     400208 total
[28.004s][info ][gc,heap        ] GC(1914) DefNew: 140294K(157376K)->390K(157376K) Eden: 139904K(139904K)->0K(139904K) From: 390K(17472K)->390K(17472K)
[28.004s][info ][gc,heap        ] GC(1914) Tenured: 3959K(349568K)->3959K(349568K)
[28.004s][info ][gc,metaspace   ] GC(1914) Metaspace: 9888K(10176K)->9888K(10176K) NonClass: 8754K(8896K)->8754K(8896K) Class: 1134K(1280K)->1134K(1280K)
[28.004s][info ][gc             ] GC(1914) Pause Young (Allocation Failure) 140M->4M(495M) 0.163ms
[28.004s][info ][gc,cpu         ] GC(1914) User=0.00s Sys=0.00s Real=0.00s
[28.014s][info ][gc,start       ] GC(1915) Pause Young (Allocation Failure)
[28.014s][debug][gc,age         ] GC(1915) Desired survivor size 8945664 bytes, new threshold 15 (max threshold 15)
[28.014s][trace][gc,age         ] GC(1915) Age table with threshold 15 (max threshold 15)
[28.014s][trace][gc,age         ] GC(1915) - age   1:     400208 bytes,     400208 total
[28.014s][info ][gc,heap        ] GC(1915) DefNew: 140294K(157376K)->390K(157376K) Eden: 139904K(139904K)->0K(139904K) From: 390K(17472K)->390K(17472K)
[28.014s][info ][gc,heap        ] GC(1915) Tenured: 3959K(349568K)->3959K(349568K)
[28.014s][info ][gc,metaspace   ] GC(1915) Metaspace: 9888K(10176K)->9888K(10176K) NonClass: 8754K(8896K)->8754K(8896K) Class: 1134K(1280K)->1134K(1280K)
[28.014s][info ][gc             ] GC(1915) Pause Young (Allocation Failure) 140M->4M(495M) 0.169ms
[28.014s][info ][gc,cpu         ] GC(1915) User=0.00s Sys=0.00s Real=0.00s
[28.024s][info ][gc,start       ] GC(1916) Pause Young (Allocation Failure)
[28.024s][debug][gc,age         ] GC(1916) Desired survivor size 8945664 bytes, new threshold 15 (max threshold 15)
[28.024s][trace][gc,age         ] GC(1916) Age table with threshold 15 (max threshold 15)
[28.024s][trace][gc,age         ] GC(1916) - age   1:     400208 bytes,     400208 total
[28.024s][info ][gc,heap        ] GC(1916) DefNew: 140294K(157376K)->390K(157376K) Eden: 139904K(139904K)->0K(139904K) From: 390K(17472K)->390K(17472K)
[28.025s][info ][gc,heap        ] GC(1916) Tenured: 3959K(349568K)->3959K(349568K)
[28.025s][info ][gc,metaspace   ] GC(1916) Metaspace: 9888K(10176K)->9888K(10176K) NonClass: 8754K(8896K)->8754K(8896K) Class: 1134K(1280K)->1134K(1280K)
[28.025s][info ][gc             ] GC(1916) Pause Young (Allocation Failure) 140M->4M(495M) 0.161ms
[28.025s][info ][gc,cpu         ] GC(1916) User=0.00s Sys=0.00s Real=0.00s
[28.035s][info ][gc,start       ] GC(1917) Pause Young (Allocation Failure)
[28.035s][debug][gc,age         ] GC(1917) Desired survivor size 8945664 bytes, new threshold 15 (max threshold 15)
[28.035s][trace][gc,age         ] GC(1917) Age table with threshold 15 (max threshold 15)
[28.035s][trace][gc,age         ] GC(1917) - age   1:     400208 bytes,     400208 total
[28.035s][info ][gc,heap        ] GC(1917) DefNew: 140294K(157376K)->390K(157376K) Eden: 139904K(139904K)->0K(139904K) From: 390K(17472K)->390K(17472K)
[28.035s][info ][gc,heap        ] GC(1917) Tenured: 3959K(349568K)->3959K(349568K)
[28.035s][info ][gc,metaspace   ] GC(1917) Metaspace: 9888K(10176K)->9888K(10176K) NonClass: 8754K(8896K)->8754K(8896K) Class: 1134K(1280K)->1134K(1280K)
[28.035s][info ][gc             ] GC(1917) Pause Young (Allocation Failure) 140M->4M(495M) 0.170ms
[28.035s][info ][gc,cpu         ] GC(1917) User=0.00s Sys=0.00s Real=0.00s
[28.045s][info ][gc,start       ] GC(1918) Pause Young (Allocation Failure)
[28.045s][debug][gc,age         ] GC(1918) Desired survivor size 8945664 bytes, new threshold 15 (max threshold 15)
[28.045s][trace][gc,age         ] GC(1918) Age table with threshold 15 (max threshold 15)
[28.045s][trace][gc,age         ] GC(1918) - age   1:     400208 bytes,     400208 total
[28.045s][info ][gc,heap        ] GC(1918) DefNew: 140294K(157376K)->390K(157376K) Eden: 139904K(139904K)->0K(139904K) From: 390K(17472K)->390K(17472K)
[28.045s][info ][gc,heap        ] GC(1918) Tenured: 3959K(349568K)->3959K(349568K)
[28.045s][info ][gc,metaspace   ] GC(1918) Metaspace: 9888K(10176K)->9888K(10176K) NonClass: 8754K(8896K)->8754K(8896K) Class: 1134K(1280K)->1134K(1280K)
[28.045s][info ][gc             ] GC(1918) Pause Young (Allocation Failure) 140M->4M(495M) 0.161ms
[28.045s][info ][gc,cpu         ] GC(1918) User=0.00s Sys=0.00s Real=0.00s
[28.055s][info ][gc,start       ] GC(1919) Pause Young (Allocation Failure)
[28.055s][debug][gc,age         ] GC(1919) Desired survivor size 8945664 bytes, new threshold 15 (max threshold 15)
[28.055s][trace][gc,age         ] GC(1919) Age table with threshold 15 (max threshold 15)
[28.055s][trace][gc,age         ] GC(1919) - age   1:     400208 bytes,     400208 total
[28.055s][info ][gc,heap        ] GC(1919) DefNew: 140294K(157376K)->390K(157376K) Eden: 139904K(139904K)->0K(139904K) From: 390K(17472K)->390K(17472K)
[28.055s][info ][gc,heap        ] GC(1919) Tenured: 3959K(349568K)->3959K(349568K)
[28.055s][info ][gc,metaspace   ] GC(1919) Metaspace: 9888K(10176K)->9888K(10176K) NonClass: 8754K(8896K)->8754K(8896K) Class: 1134K(1280K)->1134K(1280K)
[28.055s][info ][gc             ] GC(1919) Pause Young (Allocation Failure) 140M->4M(495M) 0.161ms
[28.055s][info ][gc,cpu         ] GC(1919) User=0.00s Sys=0.00s Real=0.00s
[28.065s][info ][gc,start       ] GC(1920) Pause Young (Allocation Failure)
[28.065s][debug][gc,age         ] GC(1920) Desired survivor size 8945664 bytes, new threshold 15 (max threshold 15)
[28.065s][trace][gc,age         ] GC(1920) Age table with threshold 15 (max threshold 15)
[28.065s][trace][gc,age         ] GC(1920) - age   1:     400208 bytes,     400208 total
[28.065s][info ][gc,heap        ] GC(1920) DefNew: 140294K(157376K)->390K(157376K) Eden: 139904K(139904K)->0K(139904K) From: 390K(17472K)->390K(17472K)
[28.065s][info ][gc,heap        ] GC(1920) Tenured: 3959K(349568K)->3959K(349568K)
[28.065s][info ][gc,metaspace   ] GC(1920) Metaspace: 9888K(10176K)->9888K(10176K) NonClass: 8754K(8896K)->8754K(8896K) Class: 1134K(1280K)->1134K(1280K)
[28.065s][info ][gc             ] GC(1920) Pause Young (Allocation Failure) 140M->4M(495M) 0.168ms
[28.065s][info ][gc,cpu         ] GC(1920) User=0.00s Sys=0.00s Real=0.00s
[28.075s][info ][gc,start       ] GC(1921) Pause Young (Allocation Failure)
[28.076s][debug][gc,age         ] GC(1921) Desired survivor size 8945664 bytes, new threshold 15 (max threshold 15)
[28.076s][trace][gc,age         ] GC(1921) Age table with threshold 15 (max threshold 15)
[28.076s][trace][gc,age         ] GC(1921) - age   1:     400208 bytes,     400208 total
[28.076s][info ][gc,heap        ] GC(1921) DefNew: 140294K(157376K)->390K(157376K) Eden: 139904K(139904K)->0K(139904K) From: 390K(17472K)->390K(17472K)
[28.076s][info ][gc,heap        ] GC(1921) Tenured: 3959K(349568K)->3959K(349568K)
[28.076s][info ][gc,metaspace   ] GC(1921) Metaspace: 9888K(10176K)->9888K(10176K) NonClass: 8754K(8896K)->8754K(8896K) Class: 1134K(1280K)->1134K(1280K)
[28.076s][info ][gc             ] GC(1921) Pause Young (Allocation Failure) 140M->4M(495M) 0.165ms
[28.076s][info ][gc,cpu         ] GC(1921) User=0.00s Sys=0.00s Real=0.00s
[28.086s][info ][gc,start       ] GC(1922) Pause Young (Allocation Failure)
[28.086s][debug][gc,age         ] GC(1922) Desired survivor size 8945664 bytes, new threshold 15 (max threshold 15)
[28.086s][trace][gc,age         ] GC(1922) Age table with threshold 15 (max threshold 15)
[28.086s][trace][gc,age         ] GC(1922) - age   1:     400208 bytes,     400208 total
[28.086s][info ][gc,heap        ] GC(1922) DefNew: 140294K(157376K)->390K(157376K) Eden: 139904K(139904K)->0K(139904K) From: 390K(17472K)->390K(17472K)
[28.086s][info ][gc,heap        ] GC(1922) Tenured: 3959K(349568K)->3959K(349568K)
[28.086s][info ][gc,metaspace   ] GC(1922) Metaspace: 9888K(10176K)->9888K(10176K) NonClass: 8754K(8896K)->8754K(8896K) Class: 1134K(1280K)->1134K(1280K)
[28.086s][info ][gc             ] GC(1922) Pause Young (Allocation Failure) 140M->4M(495M) 0.166ms
[28.086s][info ][gc,cpu         ] GC(1922) User=0.00s Sys=0.00s Real=0.00s
[28.096s][info ][gc,start       ] GC(1923) Pause Young (Allocation Failure)
[28.096s][debug][gc,age         ] GC(1923) Desired survivor size 8945664 bytes, new threshold 15 (max threshold 15)
[28.096s][trace][gc,age         ] GC(1923) Age table with threshold 15 (max threshold 15)
[28.096s][trace][gc,age         ] GC(1923) - age   1:     400208 bytes,     400208 total
[28.096s][info ][gc,heap        ] GC(1923) DefNew: 140294K(157376K)->390K(157376K) Eden: 139904K(139904K)->0K(139904K) From: 390K(17472K)->390K(17472K)
[28.096s][info ][gc,heap        ] GC(1923) Tenured: 3959K(349568K)->3959K(349568K)
[28.096s][info ][gc,metaspace   ] GC(1923) Metaspace: 9888K(10176K)->9888K(10176K) NonClass: 8754K(8896K)->8754K(8896K) Class: 1134K(1280K)->1134K(1280K)
[28.096s][info ][gc             ] GC(1923) Pause Young (Allocation Failure) 140M->4M(495M) 0.171ms
[28.096s][info ][gc,cpu         ] GC(1923) User=0.00s Sys=0.00s Real=0.00s
[28.106s][info ][gc,start       ] GC(1924) Pause Young (Allocation Failure)
[28.106s][debug][gc,age         ] GC(1924) Desired survivor size 8945664 bytes, new threshold 15 (max threshold 15)
[28.106s][trace][gc,age         ] GC(1924) Age table with threshold 15 (max threshold 15)
[28.106s][trace][gc,age         ] GC(1924) - age   1:     400208 bytes,     400208 total
[28.106s][info ][gc,heap        ] GC(1924) DefNew: 140294K(157376K)->390K(157376K) Eden: 139904K(139904K)->0K(139904K) From: 390K(17472K)->390K(17472K)
[28.106s][info ][gc,heap        ] GC(1924) Tenured: 3959K(349568K)->3959K(349568K)
[28.106s][info ][gc,metaspace   ] GC(1924) Metaspace: 9888K(10176K)->9888K(10176K) NonClass: 8754K(8896K)->8754K(8896K) Class: 1134K(1280K)->1134K(1280K)
[28.106s][info ][gc             ] GC(1924) Pause Young (Allocation Failure) 140M->4M(495M) 0.164ms
[28.106s][info ][gc,cpu         ] GC(1924) User=0.00s Sys=0.00s Real=0.00s
[28.116s][info ][gc,start       ] GC(1925) Pause Young (Allocation Failure)
[28.116s][debug][gc,age         ] GC(1925) Desired survivor size 8945664 bytes, new threshold 15 (max threshold 15)
[28.116s][trace][gc,age         ] GC(1925) Age table with threshold 15 (max threshold 15)
[28.116s][trace][gc,age         ] GC(1925) - age   1:     400208 bytes,     400208 total
[28.116s][info ][gc,heap        ] GC(1925) DefNew: 140294K(157376K)->390K(157376K) Eden: 139904K(139904K)->0K(139904K) From: 390K(17472K)->390K(17472K)
[28.116s][info ][gc,heap        ] GC(1925) Tenured: 3959K(349568K)->3959K(349568K)
[28.116s][info ][gc,metaspace   ] GC(1925) Metaspace: 9888K(10176K)->9888K(10176K) NonClass: 8754K(8896K)->8754K(8896K) Class: 1134K(1280K)->1134K(1280K)
[28.116s][info ][gc             ] GC(1925) Pause Young (Allocation Failure) 140M->4M(495M) 0.169ms
[28.116s][info ][gc,cpu         ] GC(1925) User=0.00s Sys=0.00s Real=0.00s
[28.126s][info ][gc,start       ] GC(1926) Pause Young (Allocation Failure)
[28.127s][debug][gc,age         ] GC(1926) Desired survivor size 8945664 bytes, new threshold 15 (max threshold 15)
[28.127s][trace][gc,age         ] GC(1926) Age table with threshold 15 (max threshold 15)
[28.127s][trace][gc,age         ] GC(1926) - age   1:     400208 bytes,     400208 total
[28.127s][info ][gc,heap        ] GC(1926) DefNew: 140294K(157376K)->390K(157376K) Eden: 139904K(139904K)->0K(139904K) From: 390K(17472K)->390K(17472K)
[28.127s][info ][gc,heap        ] GC(1926) Tenured: 3959K(349568K)->3959K(349568K)
[28.127s][info ][gc,metaspace   ] GC(1926) Metaspace: 9888K(10176K)->9888K(10176K) NonClass: 8754K(8896K)->8754K(8896K) Class: 1134K(1280K)->1134K(1280K)
[28.127s][info ][gc             ] GC(1926) Pause Young (Allocation Failure) 140M->4M(495M) 0.168ms
[28.127s][info ][gc,cpu         ] GC(1926) User=0.00s Sys=0.00s Real=0.00s
[28.137s][info ][gc,start       ] GC(1927) Pause Young (Allocation Failure)
[28.137s][debug][gc,age         ] GC(1927) Desired survivor size 8945664 bytes, new threshold 15 (max threshold 15)
[28.137s][trace][gc,age         ] GC(1927) Age table with threshold 15 (max threshold 15)
[28.137s][trace][gc,age         ] GC(1927) - age   1:     400208 bytes,     400208 total
[28.137s][info ][gc,heap        ] GC(1927) DefNew: 140294K(157376K)->390K(157376K) Eden: 139904K(139904K)->0K(139904K) From: 390K(17472K)->390K(17472K)
[28.137s][info ][gc,heap        ] GC(1927) Tenured: 3959K(349568K)->3959K(349568K)
[28.137s][info ][gc,metaspace   ] GC(1927) Metaspace: 9888K(10176K)->9888K(10176K) NonClass: 8754K(8896K)->8754K(8896K) Class: 1134K(1280K)->1134K(1280K)
[28.137s][info ][gc             ] GC(1927) Pause Young (Allocation Failure) 140M->4M(495M) 0.164ms
[28.137s][info ][gc,cpu         ] GC(1927) User=0.00s Sys=0.00s Real=0.00s
[28.147s][info ][gc,start       ] GC(1928) Pause Young (Allocation Failure)
[28.147s][debug][gc,age         ] GC(1928) Desired survivor size 8945664 bytes, new threshold 15 (max threshold 15)
[28.147s][trace][gc,age         ] GC(1928) Age table with threshold 15 (max threshold 15)
[28.147s][trace][gc,age         ] GC(1928) - age   1:     400208 bytes,     400208 total
[28.147s][info ][gc,heap        ] GC(1928) DefNew: 140294K(157376K)->390K(157376K) Eden: 139904K(139904K)->0K(139904K) From: 390K(17472K)->390K(17472K)
[28.147s][info ][gc,heap        ] GC(1928) Tenured: 3959K(349568K)->3959K(349568K)
[28.147s][info ][gc,metaspace   ] GC(1928) Metaspace: 9888K(10176K)->9888K(10176K) NonClass: 8754K(8896K)->8754K(8896K) Class: 1134K(1280K)->1134K(1280K)
[28.147s][info ][gc             ] GC(1928) Pause Young (Allocation Failure) 140M->4M(495M) 0.166ms
[28.147s][info ][gc,cpu         ] GC(1928) User=0.00s Sys=0.00s Real=0.00s
[28.157s][info ][gc,start       ] GC(1929) Pause Young (Allocation Failure)
[28.157s][debug][gc,age         ] GC(1929) Desired survivor size 8945664 bytes, new threshold 15 (max threshold 15)
[28.157s][trace][gc,age         ] GC(1929) Age table with threshold 15 (max threshold 15)
[28.157s][trace][gc,age         ] GC(1929) - age   1:     400208 bytes,     400208 total
[28.157s][info ][gc,heap        ] GC(1929) DefNew: 140294K(157376K)->390K(157376K) Eden: 139904K(139904K)->0K(139904K) From: 390K(17472K)->390K(17472K)
[28.157s][info ][gc,heap        ] GC(1929) Tenured: 3959K(349568K)->3959K(349568K)
[28.157s][info ][gc,metaspace   ] GC(1929) Metaspace: 9888K(10176K)->9888K(10176K) NonClass: 8754K(8896K)->8754K(8896K) Class: 1134K(1280K)->1134K(1280K)
[28.157s][info ][gc             ] GC(1929) Pause Young (Allocation Failure) 140M->4M(495M) 0.161ms
[28.157s][info ][gc,cpu         ] GC(1929) User=0.00s Sys=0.00s Real=0.00s
[28.167s][info ][gc,start       ] GC(1930) Pause Young (Allocation Failure)
[28.167s][debug][gc,age         ] GC(1930) Desired survivor size 8945664 bytes, new threshold 15 (max threshold 15)
[28.167s][trace][gc,age         ] GC(1930) Age table with threshold 15 (max threshold 15)
[28.168s][trace][gc,age         ] GC(1930) - age   1:     400208 bytes,     400208 total
[28.168s][info ][gc,heap        ] GC(1930) DefNew: 140294K(157376K)->390K(157376K) Eden: 139904K(139904K)->0K(139904K) From: 390K(17472K)->390K(17472K)
[28.168s][info ][gc,heap        ] GC(1930) Tenured: 3959K(349568K)->3959K(349568K)
[28.168s][info ][gc,metaspace   ] GC(1930) Metaspace: 9888K(10176K)->9888K(10176K) NonClass: 8754K(8896K)->8754K(8896K) Class: 1134K(1280K)->1134K(1280K)
[28.168s][info ][gc             ] GC(1930) Pause Young (Allocation Failure) 140M->4M(495M) 0.161ms
[28.168s][info ][gc,cpu         ] GC(1930) User=0.00s Sys=0.00s Real=0.00s
[28.178s][info ][gc,start       ] GC(1931) Pause Young (Allocation Failure)
[28.178s][debug][gc,age         ] GC(1931) Desired survivor size 8945664 bytes, new threshold 15 (max threshold 15)
[28.178s][trace][gc,age         ] GC(1931) Age table with threshold 15 (max threshold 15)
[28.178s][trace][gc,age         ] GC(1931) - age   1:     400208 bytes,     400208 total
[28.178s][info ][gc,heap        ] GC(1931) DefNew: 140294K(157376K)->390K(157376K) Eden: 139904K(139904K)->0K(139904K) From: 390K(17472K)->390K(17472K)
[28.178s][info ][gc,heap        ] GC(1931) Tenured: 3959K(349568K)->3959K(349568K)
[28.178s][info ][gc,metaspace   ] GC(1931) Metaspace: 9888K(10176K)->9888K(10176K) NonClass: 8754K(8896K)->8754K(8896K) Class: 1134K(1280K)->1134K(1280K)
[28.178s][info ][gc             ] GC(1931) Pause Young (Allocation Failure) 140M->4M(495M) 0.164ms
[28.178s][info ][gc,cpu         ] GC(1931) User=0.00s Sys=0.00s Real=0.00s
[28.188s][info ][gc,start       ] GC(1932) Pause Young (Allocation Failure)
[28.188s][debug][gc,age         ] GC(1932) Desired survivor size 8945664 bytes, new threshold 15 (max threshold 15)
[28.188s][trace][gc,age         ] GC(1932) Age table with threshold 15 (max threshold 15)
[28.188s][trace][gc,age         ] GC(1932) - age   1:     400208 bytes,     400208 total
[28.188s][info ][gc,heap        ] GC(1932) DefNew: 140294K(157376K)->390K(157376K) Eden: 139904K(139904K)->0K(139904K) From: 390K(17472K)->390K(17472K)
[28.188s][info ][gc,heap        ] GC(1932) Tenured: 3959K(349568K)->3959K(349568K)
[28.188s][info ][gc,metaspace   ] GC(1932) Metaspace: 9888K(10176K)->9888K(10176K) NonClass: 8754K(8896K)->8754K(8896K) Class: 1134K(1280K)->1134K(1280K)
[28.188s][info ][gc             ] GC(1932) Pause Young (Allocation Failure) 140M->4M(495M) 0.161ms
[28.188s][info ][gc,cpu         ] GC(1932) User=0.00s Sys=0.00s Real=0.00s
[28.198s][info ][gc,start       ] GC(1933) Pause Young (Allocation Failure)
[28.198s][debug][gc,age         ] GC(1933) Desired survivor size 8945664 bytes, new threshold 15 (max threshold 15)
[28.198s][trace][gc,age         ] GC(1933) Age table with threshold 15 (max threshold 15)
[28.198s][trace][gc,age         ] GC(1933) - age   1:     400208 bytes,     400208 total
[28.198s][info ][gc,heap        ] GC(1933) DefNew: 140294K(157376K)->390K(157376K) Eden: 139904K(139904K)->0K(139904K) From: 390K(17472K)->390K(17472K)
[28.198s][info ][gc,heap        ] GC(1933) Tenured: 3959K(349568K)->3959K(349568K)
[28.198s][info ][gc,metaspace   ] GC(1933) Metaspace: 9888K(10176K)->9888K(10176K) NonClass: 8754K(8896K)->8754K(8896K) Class: 1134K(1280K)->1134K(1280K)
[28.198s][info ][gc             ] GC(1933) Pause Young (Allocation Failure) 140M->4M(495M) 0.164ms
[28.198s][info ][gc,cpu         ] GC(1933) User=0.00s Sys=0.00s Real=0.00s
[28.208s][info ][gc,start       ] GC(1934) Pause Young (Allocation Failure)
[28.208s][debug][gc,age         ] GC(1934) Desired survivor size 8945664 bytes, new threshold 15 (max threshold 15)
[28.208s][trace][gc,age         ] GC(1934) Age table with threshold 15 (max threshold 15)
[28.208s][trace][gc,age         ] GC(1934) - age   1:     400208 bytes,     400208 total
[28.208s][info ][gc,heap        ] GC(1934) DefNew: 140294K(157376K)->390K(157376K) Eden: 139904K(139904K)->0K(139904K) From: 390K(17472K)->390K(17472K)
[28.208s][info ][gc,heap        ] GC(1934) Tenured: 3959K(349568K)->3959K(349568K)
[28.208s][info ][gc,metaspace   ] GC(1934) Metaspace: 9888K(10176K)->9888K(10176K) NonClass: 8754K(8896K)->8754K(8896K) Class: 1134K(1280K)->1134K(1280K)
[28.208s][info ][gc             ] GC(1934) Pause Young (Allocation Failure) 140M->4M(495M) 0.173ms
[28.208s][info ][gc,cpu         ] GC(1934) User=0.00s Sys=0.00s Real=0.00s
[28.218s][info ][gc,start       ] GC(1935) Pause Young (Allocation Failure)
[28.219s][debug][gc,age         ] GC(1935) Desired survivor size 8945664 bytes, new threshold 15 (max threshold 15)
[28.219s][trace][gc,age         ] GC(1935) Age table with threshold 15 (max threshold 15)
[28.219s][trace][gc,age         ] GC(1935) - age   1:     400208 bytes,     400208 total
[28.219s][info ][gc,heap        ] GC(1935) DefNew: 140294K(157376K)->390K(157376K) Eden: 139904K(139904K)->0K(139904K) From: 390K(17472K)->390K(17472K)
[28.219s][info ][gc,heap        ] GC(1935) Tenured: 3959K(349568K)->3959K(349568K)
[28.219s][info ][gc,metaspace   ] GC(1935) Metaspace: 9888K(10176K)->9888K(10176K) NonClass: 8754K(8896K)->8754K(8896K) Class: 1134K(1280K)->1134K(1280K)
[28.219s][info ][gc             ] GC(1935) Pause Young (Allocation Failure) 140M->4M(495M) 0.168ms
[28.219s][info ][gc,cpu         ] GC(1935) User=0.00s Sys=0.00s Real=0.00s
[28.229s][info ][gc,start       ] GC(1936) Pause Young (Allocation Failure)
[28.229s][debug][gc,age         ] GC(1936) Desired survivor size 8945664 bytes, new threshold 15 (max threshold 15)
[28.229s][trace][gc,age         ] GC(1936) Age table with threshold 15 (max threshold 15)
[28.229s][trace][gc,age         ] GC(1936) - age   1:     400208 bytes,     400208 total
[28.229s][info ][gc,heap        ] GC(1936) DefNew: 140294K(157376K)->390K(157376K) Eden: 139904K(139904K)->0K(139904K) From: 390K(17472K)->390K(17472K)
[28.229s][info ][gc,heap        ] GC(1936) Tenured: 3959K(349568K)->3959K(349568K)
[28.229s][info ][gc,metaspace   ] GC(1936) Metaspace: 9888K(10176K)->9888K(10176K) NonClass: 8754K(8896K)->8754K(8896K) Class: 1134K(1280K)->1134K(1280K)
[28.229s][info ][gc             ] GC(1936) Pause Young (Allocation Failure) 140M->4M(495M) 0.165ms
[28.229s][info ][gc,cpu         ] GC(1936) User=0.00s Sys=0.00s Real=0.00s
[28.239s][info ][gc,start       ] GC(1937) Pause Young (Allocation Failure)
[28.239s][debug][gc,age         ] GC(1937) Desired survivor size 8945664 bytes, new threshold 15 (max threshold 15)
[28.239s][trace][gc,age         ] GC(1937) Age table with threshold 15 (max threshold 15)
[28.239s][trace][gc,age         ] GC(1937) - age   1:     400208 bytes,     400208 total
[28.239s][info ][gc,heap        ] GC(1937) DefNew: 140294K(157376K)->390K(157376K) Eden: 139904K(139904K)->0K(139904K) From: 390K(17472K)->390K(17472K)
[28.239s][info ][gc,heap        ] GC(1937) Tenured: 3959K(349568K)->3959K(349568K)
[28.239s][info ][gc,metaspace   ] GC(1937) Metaspace: 9888K(10176K)->9888K(10176K) NonClass: 8754K(8896K)->8754K(8896K) Class: 1134K(1280K)->1134K(1280K)
[28.239s][info ][gc             ] GC(1937) Pause Young (Allocation Failure) 140M->4M(495M) 0.161ms
[28.239s][info ][gc,cpu         ] GC(1937) User=0.00s Sys=0.00s Real=0.00s
[28.249s][info ][gc,start       ] GC(1938) Pause Young (Allocation Failure)
[28.249s][debug][gc,age         ] GC(1938) Desired survivor size 8945664 bytes, new threshold 15 (max threshold 15)
[28.249s][trace][gc,age         ] GC(1938) Age table with threshold 15 (max threshold 15)
[28.249s][trace][gc,age         ] GC(1938) - age   1:     400208 bytes,     400208 total
[28.249s][info ][gc,heap        ] GC(1938) DefNew: 140294K(157376K)->390K(157376K) Eden: 139904K(139904K)->0K(139904K) From: 390K(17472K)->390K(17472K)
[28.249s][info ][gc,heap        ] GC(1938) Tenured: 3959K(349568K)->3959K(349568K)
[28.249s][info ][gc,metaspace   ] GC(1938) Metaspace: 9888K(10176K)->9888K(10176K) NonClass: 8754K(8896K)->8754K(8896K) Class: 1134K(1280K)->1134K(1280K)
[28.249s][info ][gc             ] GC(1938) Pause Young (Allocation Failure) 140M->4M(495M) 0.164ms
[28.249s][info ][gc,cpu         ] GC(1938) User=0.00s Sys=0.00s Real=0.00s
[28.259s][info ][gc,start       ] GC(1939) Pause Young (Allocation Failure)
[28.259s][debug][gc,age         ] GC(1939) Desired survivor size 8945664 bytes, new threshold 15 (max threshold 15)
[28.259s][trace][gc,age         ] GC(1939) Age table with threshold 15 (max threshold 15)
[28.259s][trace][gc,age         ] GC(1939) - age   1:     400208 bytes,     400208 total
[28.259s][info ][gc,heap        ] GC(1939) DefNew: 140294K(157376K)->390K(157376K) Eden: 139904K(139904K)->0K(139904K) From: 390K(17472K)->390K(17472K)
[28.259s][info ][gc,heap        ] GC(1939) Tenured: 3959K(349568K)->3959K(349568K)
[28.259s][info ][gc,metaspace   ] GC(1939) Metaspace: 9888K(10176K)->9888K(10176K) NonClass: 8754K(8896K)->8754K(8896K) Class: 1134K(1280K)->1134K(1280K)
[28.259s][info ][gc             ] GC(1939) Pause Young (Allocation Failure) 140M->4M(495M) 0.165ms
[28.259s][info ][gc,cpu         ] GC(1939) User=0.00s Sys=0.00s Real=0.00s
[28.270s][info ][gc,start       ] GC(1940) Pause Young (Allocation Failure)
[28.270s][debug][gc,age         ] GC(1940) Desired survivor size 8945664 bytes, new threshold 15 (max threshold 15)
[28.270s][trace][gc,age         ] GC(1940) Age table with threshold 15 (max threshold 15)
[28.270s][trace][gc,age         ] GC(1940) - age   1:     400208 bytes,     400208 total
[28.270s][info ][gc,heap        ] GC(1940) DefNew: 140294K(157376K)->390K(157376K) Eden: 139904K(139904K)->0K(139904K) From: 390K(17472K)->390K(17472K)
[28.270s][info ][gc,heap        ] GC(1940) Tenured: 3959K(349568K)->3959K(349568K)
[28.270s][info ][gc,metaspace   ] GC(1940) Metaspace: 9888K(10176K)->9888K(10176K) NonClass: 8754K(8896K)->8754K(8896K) Class: 1134K(1280K)->1134K(1280K)
[28.270s][info ][gc             ] GC(1940) Pause Young (Allocation Failure) 140M->4M(495M) 0.164ms
[28.270s][info ][gc,cpu         ] GC(1940) User=0.00s Sys=0.00s Real=0.00s
[28.280s][info ][gc,start       ] GC(1941) Pause Young (Allocation Failure)
[28.280s][debug][gc,age         ] GC(1941) Desired survivor size 8945664 bytes, new threshold 15 (max threshold 15)
[28.280s][trace][gc,age         ] GC(1941) Age table with threshold 15 (max threshold 15)
[28.280s][trace][gc,age         ] GC(1941) - age   1:     400208 bytes,     400208 total
[28.280s][info ][gc,heap        ] GC(1941) DefNew: 140294K(157376K)->390K(157376K) Eden: 139904K(139904K)->0K(139904K) From: 390K(17472K)->390K(17472K)
[28.280s][info ][gc,heap        ] GC(1941) Tenured: 3959K(349568K)->3959K(349568K)
[28.280s][info ][gc,metaspace   ] GC(1941) Metaspace: 9888K(10176K)->9888K(10176K) NonClass: 8754K(8896K)->8754K(8896K) Class: 1134K(1280K)->1134K(1280K)
[28.280s][info ][gc             ] GC(1941) Pause Young (Allocation Failure) 140M->4M(495M) 0.170ms
[28.280s][info ][gc,cpu         ] GC(1941) User=0.00s Sys=0.00s Real=0.00s
[28.290s][info ][gc,start       ] GC(1942) Pause Young (Allocation Failure)
[28.290s][debug][gc,age         ] GC(1942) Desired survivor size 8945664 bytes, new threshold 15 (max threshold 15)
[28.290s][trace][gc,age         ] GC(1942) Age table with threshold 15 (max threshold 15)
[28.290s][trace][gc,age         ] GC(1942) - age   1:     400208 bytes,     400208 total
[28.290s][info ][gc,heap        ] GC(1942) DefNew: 140294K(157376K)->390K(157376K) Eden: 139904K(139904K)->0K(139904K) From: 390K(17472K)->390K(17472K)
[28.290s][info ][gc,heap        ] GC(1942) Tenured: 3959K(349568K)->3959K(349568K)
[28.290s][info ][gc,metaspace   ] GC(1942) Metaspace: 9888K(10176K)->9888K(10176K) NonClass: 8754K(8896K)->8754K(8896K) Class: 1134K(1280K)->1134K(1280K)
[28.290s][info ][gc             ] GC(1942) Pause Young (Allocation Failure) 140M->4M(495M) 0.169ms
[28.290s][info ][gc,cpu         ] GC(1942) User=0.00s Sys=0.00s Real=0.01s
[28.300s][info ][gc,start       ] GC(1943) Pause Young (Allocation Failure)
[28.300s][debug][gc,age         ] GC(1943) Desired survivor size 8945664 bytes, new threshold 15 (max threshold 15)
[28.300s][trace][gc,age         ] GC(1943) Age table with threshold 15 (max threshold 15)
[28.300s][trace][gc,age         ] GC(1943) - age   1:     400208 bytes,     400208 total
[28.300s][info ][gc,heap        ] GC(1943) DefNew: 140294K(157376K)->390K(157376K) Eden: 139904K(139904K)->0K(139904K) From: 390K(17472K)->390K(17472K)
[28.300s][info ][gc,heap        ] GC(1943) Tenured: 3959K(349568K)->3959K(349568K)
[28.300s][info ][gc,metaspace   ] GC(1943) Metaspace: 9888K(10176K)->9888K(10176K) NonClass: 8754K(8896K)->8754K(8896K) Class: 1134K(1280K)->1134K(1280K)
[28.300s][info ][gc             ] GC(1943) Pause Young (Allocation Failure) 140M->4M(495M) 0.168ms
[28.300s][info ][gc,cpu         ] GC(1943) User=0.00s Sys=0.00s Real=0.00s
[28.310s][info ][gc,start       ] GC(1944) Pause Young (Allocation Failure)
[28.311s][debug][gc,age         ] GC(1944) Desired survivor size 8945664 bytes, new threshold 15 (max threshold 15)
[28.311s][trace][gc,age         ] GC(1944) Age table with threshold 15 (max threshold 15)
[28.311s][trace][gc,age         ] GC(1944) - age   1:     400208 bytes,     400208 total
[28.311s][info ][gc,heap        ] GC(1944) DefNew: 140294K(157376K)->390K(157376K) Eden: 139904K(139904K)->0K(139904K) From: 390K(17472K)->390K(17472K)
[28.311s][info ][gc,heap        ] GC(1944) Tenured: 3959K(349568K)->3959K(349568K)
[28.311s][info ][gc,metaspace   ] GC(1944) Metaspace: 9888K(10176K)->9888K(10176K) NonClass: 8754K(8896K)->8754K(8896K) Class: 1134K(1280K)->1134K(1280K)
[28.311s][info ][gc             ] GC(1944) Pause Young (Allocation Failure) 140M->4M(495M) 0.164ms
[28.311s][info ][gc,cpu         ] GC(1944) User=0.00s Sys=0.00s Real=0.00s
[28.321s][info ][gc,start       ] GC(1945) Pause Young (Allocation Failure)
[28.321s][debug][gc,age         ] GC(1945) Desired survivor size 8945664 bytes, new threshold 15 (max threshold 15)
[28.321s][trace][gc,age         ] GC(1945) Age table with threshold 15 (max threshold 15)
[28.321s][trace][gc,age         ] GC(1945) - age   1:     400208 bytes,     400208 total
[28.321s][info ][gc,heap        ] GC(1945) DefNew: 140294K(157376K)->390K(157376K) Eden: 139904K(139904K)->0K(139904K) From: 390K(17472K)->390K(17472K)
[28.321s][info ][gc,heap        ] GC(1945) Tenured: 3959K(349568K)->3959K(349568K)
[28.321s][info ][gc,metaspace   ] GC(1945) Metaspace: 9888K(10176K)->9888K(10176K) NonClass: 8754K(8896K)->8754K(8896K) Class: 1134K(1280K)->1134K(1280K)
[28.321s][info ][gc             ] GC(1945) Pause Young (Allocation Failure) 140M->4M(495M) 0.164ms
[28.321s][info ][gc,cpu         ] GC(1945) User=0.01s Sys=0.01s Real=0.00s
[28.331s][info ][gc,start       ] GC(1946) Pause Young (Allocation Failure)
[28.331s][debug][gc,age         ] GC(1946) Desired survivor size 8945664 bytes, new threshold 15 (max threshold 15)
[28.331s][trace][gc,age         ] GC(1946) Age table with threshold 15 (max threshold 15)
[28.331s][trace][gc,age         ] GC(1946) - age   1:     400208 bytes,     400208 total
[28.331s][info ][gc,heap        ] GC(1946) DefNew: 140294K(157376K)->390K(157376K) Eden: 139904K(139904K)->0K(139904K) From: 390K(17472K)->390K(17472K)
[28.331s][info ][gc,heap        ] GC(1946) Tenured: 3959K(349568K)->3959K(349568K)
[28.331s][info ][gc,metaspace   ] GC(1946) Metaspace: 9888K(10176K)->9888K(10176K) NonClass: 8754K(8896K)->8754K(8896K) Class: 1134K(1280K)->1134K(1280K)
[28.331s][info ][gc             ] GC(1946) Pause Young (Allocation Failure) 140M->4M(495M) 0.166ms
[28.331s][info ][gc,cpu         ] GC(1946) User=0.00s Sys=0.00s Real=0.00s
[28.341s][info ][gc,start       ] GC(1947) Pause Young (Allocation Failure)
[28.341s][debug][gc,age         ] GC(1947) Desired survivor size 8945664 bytes, new threshold 15 (max threshold 15)
[28.341s][trace][gc,age         ] GC(1947) Age table with threshold 15 (max threshold 15)
[28.341s][trace][gc,age         ] GC(1947) - age   1:     400208 bytes,     400208 total
[28.341s][info ][gc,heap        ] GC(1947) DefNew: 140294K(157376K)->390K(157376K) Eden: 139904K(139904K)->0K(139904K) From: 390K(17472K)->390K(17472K)
[28.341s][info ][gc,heap        ] GC(1947) Tenured: 3959K(349568K)->3959K(349568K)
[28.341s][info ][gc,metaspace   ] GC(1947) Metaspace: 9888K(10176K)->9888K(10176K) NonClass: 8754K(8896K)->8754K(8896K) Class: 1134K(1280K)->1134K(1280K)
[28.341s][info ][gc             ] GC(1947) Pause Young (Allocation Failure) 140M->4M(495M) 0.172ms
[28.341s][info ][gc,cpu         ] GC(1947) User=0.00s Sys=0.00s Real=0.00s
[28.351s][info ][gc,start       ] GC(1948) Pause Young (Allocation Failure)
[28.351s][debug][gc,age         ] GC(1948) Desired survivor size 8945664 bytes, new threshold 15 (max threshold 15)
[28.351s][trace][gc,age         ] GC(1948) Age table with threshold 15 (max threshold 15)
[28.351s][trace][gc,age         ] GC(1948) - age   1:     400208 bytes,     400208 total
[28.351s][info ][gc,heap        ] GC(1948) DefNew: 140294K(157376K)->390K(157376K) Eden: 139904K(139904K)->0K(139904K) From: 390K(17472K)->390K(17472K)
[28.351s][info ][gc,heap        ] GC(1948) Tenured: 3959K(349568K)->3959K(349568K)
[28.351s][info ][gc,metaspace   ] GC(1948) Metaspace: 9888K(10176K)->9888K(10176K) NonClass: 8754K(8896K)->8754K(8896K) Class: 1134K(1280K)->1134K(1280K)
[28.351s][info ][gc             ] GC(1948) Pause Young (Allocation Failure) 140M->4M(495M) 0.166ms
[28.351s][info ][gc,cpu         ] GC(1948) User=0.00s Sys=0.00s Real=0.00s
[28.362s][info ][gc,start       ] GC(1949) Pause Young (Allocation Failure)
[28.362s][debug][gc,age         ] GC(1949) Desired survivor size 8945664 bytes, new threshold 15 (max threshold 15)
[28.362s][trace][gc,age         ] GC(1949) Age table with threshold 15 (max threshold 15)
[28.362s][trace][gc,age         ] GC(1949) - age   1:     400208 bytes,     400208 total
[28.362s][info ][gc,heap        ] GC(1949) DefNew: 140294K(157376K)->390K(157376K) Eden: 139904K(139904K)->0K(139904K) From: 390K(17472K)->390K(17472K)
[28.362s][info ][gc,heap        ] GC(1949) Tenured: 3959K(349568K)->3959K(349568K)
[28.362s][info ][gc,metaspace   ] GC(1949) Metaspace: 9888K(10176K)->9888K(10176K) NonClass: 8754K(8896K)->8754K(8896K) Class: 1134K(1280K)->1134K(1280K)
[28.362s][info ][gc             ] GC(1949) Pause Young (Allocation Failure) 140M->4M(495M) 0.169ms
[28.362s][info ][gc,cpu         ] GC(1949) User=0.00s Sys=0.00s Real=0.00s
[28.372s][info ][gc,start       ] GC(1950) Pause Young (Allocation Failure)
[28.372s][debug][gc,age         ] GC(1950) Desired survivor size 8945664 bytes, new threshold 15 (max threshold 15)
[28.372s][trace][gc,age         ] GC(1950) Age table with threshold 15 (max threshold 15)
[28.372s][trace][gc,age         ] GC(1950) - age   1:     400208 bytes,     400208 total
[28.372s][info ][gc,heap        ] GC(1950) DefNew: 140294K(157376K)->390K(157376K) Eden: 139904K(139904K)->0K(139904K) From: 390K(17472K)->390K(17472K)
[28.372s][info ][gc,heap        ] GC(1950) Tenured: 3959K(349568K)->3959K(349568K)
[28.372s][info ][gc,metaspace   ] GC(1950) Metaspace: 9888K(10176K)->9888K(10176K) NonClass: 8754K(8896K)->8754K(8896K) Class: 1134K(1280K)->1134K(1280K)
[28.372s][info ][gc             ] GC(1950) Pause Young (Allocation Failure) 140M->4M(495M) 0.167ms
[28.372s][info ][gc,cpu         ] GC(1950) User=0.00s Sys=0.00s Real=0.00s
[28.382s][info ][gc,start       ] GC(1951) Pause Young (Allocation Failure)
[28.382s][debug][gc,age         ] GC(1951) Desired survivor size 8945664 bytes, new threshold 15 (max threshold 15)
[28.382s][trace][gc,age         ] GC(1951) Age table with threshold 15 (max threshold 15)
[28.382s][trace][gc,age         ] GC(1951) - age   1:     400208 bytes,     400208 total
[28.382s][info ][gc,heap        ] GC(1951) DefNew: 140294K(157376K)->390K(157376K) Eden: 139904K(139904K)->0K(139904K) From: 390K(17472K)->390K(17472K)
[28.382s][info ][gc,heap        ] GC(1951) Tenured: 3959K(349568K)->3959K(349568K)
[28.382s][info ][gc,metaspace   ] GC(1951) Metaspace: 9888K(10176K)->9888K(10176K) NonClass: 8754K(8896K)->8754K(8896K) Class: 1134K(1280K)->1134K(1280K)
[28.382s][info ][gc             ] GC(1951) Pause Young (Allocation Failure) 140M->4M(495M) 0.165ms
[28.382s][info ][gc,cpu         ] GC(1951) User=0.00s Sys=0.00s Real=0.00s
[28.392s][info ][gc,start       ] GC(1952) Pause Young (Allocation Failure)
[28.392s][debug][gc,age         ] GC(1952) Desired survivor size 8945664 bytes, new threshold 15 (max threshold 15)
[28.392s][trace][gc,age         ] GC(1952) Age table with threshold 15 (max threshold 15)
[28.392s][trace][gc,age         ] GC(1952) - age   1:     400208 bytes,     400208 total
[28.392s][info ][gc,heap        ] GC(1952) DefNew: 140294K(157376K)->390K(157376K) Eden: 139904K(139904K)->0K(139904K) From: 390K(17472K)->390K(17472K)
[28.392s][info ][gc,heap        ] GC(1952) Tenured: 3959K(349568K)->3959K(349568K)
[28.392s][info ][gc,metaspace   ] GC(1952) Metaspace: 9888K(10176K)->9888K(10176K) NonClass: 8754K(8896K)->8754K(8896K) Class: 1134K(1280K)->1134K(1280K)
[28.392s][info ][gc             ] GC(1952) Pause Young (Allocation Failure) 140M->4M(495M) 0.164ms
[28.392s][info ][gc,cpu         ] GC(1952) User=0.00s Sys=0.00s Real=0.00s
[28.402s][info ][gc,start       ] GC(1953) Pause Young (Allocation Failure)
[28.402s][debug][gc,age         ] GC(1953) Desired survivor size 8945664 bytes, new threshold 15 (max threshold 15)
[28.402s][trace][gc,age         ] GC(1953) Age table with threshold 15 (max threshold 15)
[28.403s][trace][gc,age         ] GC(1953) - age   1:     400208 bytes,     400208 total
[28.403s][info ][gc,heap        ] GC(1953) DefNew: 140294K(157376K)->390K(157376K) Eden: 139904K(139904K)->0K(139904K) From: 390K(17472K)->390K(17472K)
[28.403s][info ][gc,heap        ] GC(1953) Tenured: 3959K(349568K)->3959K(349568K)
[28.403s][info ][gc,metaspace   ] GC(1953) Metaspace: 9888K(10176K)->9888K(10176K) NonClass: 8754K(8896K)->8754K(8896K) Class: 1134K(1280K)->1134K(1280K)
[28.403s][info ][gc             ] GC(1953) Pause Young (Allocation Failure) 140M->4M(495M) 0.164ms
[28.403s][info ][gc,cpu         ] GC(1953) User=0.00s Sys=0.00s Real=0.00s
[28.413s][info ][gc,start       ] GC(1954) Pause Young (Allocation Failure)
[28.413s][debug][gc,age         ] GC(1954) Desired survivor size 8945664 bytes, new threshold 15 (max threshold 15)
[28.413s][trace][gc,age         ] GC(1954) Age table with threshold 15 (max threshold 15)
[28.413s][trace][gc,age         ] GC(1954) - age   1:     400208 bytes,     400208 total
[28.413s][info ][gc,heap        ] GC(1954) DefNew: 140294K(157376K)->390K(157376K) Eden: 139904K(139904K)->0K(139904K) From: 390K(17472K)->390K(17472K)
[28.413s][info ][gc,heap        ] GC(1954) Tenured: 3959K(349568K)->3959K(349568K)
[28.413s][info ][gc,metaspace   ] GC(1954) Metaspace: 9888K(10176K)->9888K(10176K) NonClass: 8754K(8896K)->8754K(8896K) Class: 1134K(1280K)->1134K(1280K)
[28.413s][info ][gc             ] GC(1954) Pause Young (Allocation Failure) 140M->4M(495M) 0.163ms
[28.413s][info ][gc,cpu         ] GC(1954) User=0.00s Sys=0.00s Real=0.00s
[28.423s][info ][gc,start       ] GC(1955) Pause Young (Allocation Failure)
[28.423s][debug][gc,age         ] GC(1955) Desired survivor size 8945664 bytes, new threshold 15 (max threshold 15)
[28.423s][trace][gc,age         ] GC(1955) Age table with threshold 15 (max threshold 15)
[28.423s][trace][gc,age         ] GC(1955) - age   1:     400208 bytes,     400208 total
[28.423s][info ][gc,heap        ] GC(1955) DefNew: 140294K(157376K)->390K(157376K) Eden: 139904K(139904K)->0K(139904K) From: 390K(17472K)->390K(17472K)
[28.423s][info ][gc,heap        ] GC(1955) Tenured: 3959K(349568K)->3959K(349568K)
[28.423s][info ][gc,metaspace   ] GC(1955) Metaspace: 9888K(10176K)->9888K(10176K) NonClass: 8754K(8896K)->8754K(8896K) Class: 1134K(1280K)->1134K(1280K)
[28.423s][info ][gc             ] GC(1955) Pause Young (Allocation Failure) 140M->4M(495M) 0.164ms
[28.423s][info ][gc,cpu         ] GC(1955) User=0.00s Sys=0.00s Real=0.00s
[28.433s][info ][gc,start       ] GC(1956) Pause Young (Allocation Failure)
[28.433s][debug][gc,age         ] GC(1956) Desired survivor size 8945664 bytes, new threshold 15 (max threshold 15)
[28.433s][trace][gc,age         ] GC(1956) Age table with threshold 15 (max threshold 15)
[28.433s][trace][gc,age         ] GC(1956) - age   1:     400208 bytes,     400208 total
[28.433s][info ][gc,heap        ] GC(1956) DefNew: 140294K(157376K)->390K(157376K) Eden: 139904K(139904K)->0K(139904K) From: 390K(17472K)->390K(17472K)
[28.433s][info ][gc,heap        ] GC(1956) Tenured: 3959K(349568K)->3959K(349568K)
[28.433s][info ][gc,metaspace   ] GC(1956) Metaspace: 9888K(10176K)->9888K(10176K) NonClass: 8754K(8896K)->8754K(8896K) Class: 1134K(1280K)->1134K(1280K)
[28.433s][info ][gc             ] GC(1956) Pause Young (Allocation Failure) 140M->4M(495M) 0.167ms
[28.433s][info ][gc,cpu         ] GC(1956) User=0.00s Sys=0.00s Real=0.00s
[28.443s][info ][gc,start       ] GC(1957) Pause Young (Allocation Failure)
[28.443s][debug][gc,age         ] GC(1957) Desired survivor size 8945664 bytes, new threshold 15 (max threshold 15)
[28.443s][trace][gc,age         ] GC(1957) Age table with threshold 15 (max threshold 15)
[28.443s][trace][gc,age         ] GC(1957) - age   1:     400208 bytes,     400208 total
[28.443s][info ][gc,heap        ] GC(1957) DefNew: 140294K(157376K)->390K(157376K) Eden: 139904K(139904K)->0K(139904K) From: 390K(17472K)->390K(17472K)
[28.443s][info ][gc,heap        ] GC(1957) Tenured: 3959K(349568K)->3959K(349568K)
[28.443s][info ][gc,metaspace   ] GC(1957) Metaspace: 9888K(10176K)->9888K(10176K) NonClass: 8754K(8896K)->8754K(8896K) Class: 1134K(1280K)->1134K(1280K)
[28.443s][info ][gc             ] GC(1957) Pause Young (Allocation Failure) 140M->4M(495M) 0.163ms
[28.443s][info ][gc,cpu         ] GC(1957) User=0.00s Sys=0.00s Real=0.00s
[28.453s][info ][gc,start       ] GC(1958) Pause Young (Allocation Failure)
[28.454s][debug][gc,age         ] GC(1958) Desired survivor size 8945664 bytes, new threshold 15 (max threshold 15)
[28.454s][trace][gc,age         ] GC(1958) Age table with threshold 15 (max threshold 15)
[28.454s][trace][gc,age         ] GC(1958) - age   1:     400208 bytes,     400208 total
[28.454s][info ][gc,heap        ] GC(1958) DefNew: 140294K(157376K)->390K(157376K) Eden: 139904K(139904K)->0K(139904K) From: 390K(17472K)->390K(17472K)
[28.454s][info ][gc,heap        ] GC(1958) Tenured: 3959K(349568K)->3959K(349568K)
[28.454s][info ][gc,metaspace   ] GC(1958) Metaspace: 9888K(10176K)->9888K(10176K) NonClass: 8754K(8896K)->8754K(8896K) Class: 1134K(1280K)->1134K(1280K)
[28.454s][info ][gc             ] GC(1958) Pause Young (Allocation Failure) 140M->4M(495M) 0.167ms
[28.454s][info ][gc,cpu         ] GC(1958) User=0.00s Sys=0.00s Real=0.00s
[28.464s][info ][gc,start       ] GC(1959) Pause Young (Allocation Failure)
[28.464s][debug][gc,age         ] GC(1959) Desired survivor size 8945664 bytes, new threshold 15 (max threshold 15)
[28.464s][trace][gc,age         ] GC(1959) Age table with threshold 15 (max threshold 15)
[28.464s][trace][gc,age         ] GC(1959) - age   1:     400208 bytes,     400208 total
[28.464s][info ][gc,heap        ] GC(1959) DefNew: 140294K(157376K)->390K(157376K) Eden: 139904K(139904K)->0K(139904K) From: 390K(17472K)->390K(17472K)
[28.464s][info ][gc,heap        ] GC(1959) Tenured: 3959K(349568K)->3959K(349568K)
[28.464s][info ][gc,metaspace   ] GC(1959) Metaspace: 9888K(10176K)->9888K(10176K) NonClass: 8754K(8896K)->8754K(8896K) Class: 1134K(1280K)->1134K(1280K)
[28.464s][info ][gc             ] GC(1959) Pause Young (Allocation Failure) 140M->4M(495M) 0.166ms
[28.464s][info ][gc,cpu         ] GC(1959) User=0.00s Sys=0.00s Real=0.00s
[28.474s][info ][gc,start       ] GC(1960) Pause Young (Allocation Failure)
[28.474s][debug][gc,age         ] GC(1960) Desired survivor size 8945664 bytes, new threshold 15 (max threshold 15)
[28.474s][trace][gc,age         ] GC(1960) Age table with threshold 15 (max threshold 15)
[28.474s][trace][gc,age         ] GC(1960) - age   1:     400208 bytes,     400208 total
[28.474s][info ][gc,heap        ] GC(1960) DefNew: 140294K(157376K)->390K(157376K) Eden: 139904K(139904K)->0K(139904K) From: 390K(17472K)->390K(17472K)
[28.474s][info ][gc,heap        ] GC(1960) Tenured: 3959K(349568K)->3959K(349568K)
[28.474s][info ][gc,metaspace   ] GC(1960) Metaspace: 9888K(10176K)->9888K(10176K) NonClass: 8754K(8896K)->8754K(8896K) Class: 1134K(1280K)->1134K(1280K)
[28.474s][info ][gc             ] GC(1960) Pause Young (Allocation Failure) 140M->4M(495M) 0.161ms
[28.474s][info ][gc,cpu         ] GC(1960) User=0.00s Sys=0.00s Real=0.00s
[28.484s][info ][gc,start       ] GC(1961) Pause Young (Allocation Failure)
[28.484s][debug][gc,age         ] GC(1961) Desired survivor size 8945664 bytes, new threshold 15 (max threshold 15)
[28.484s][trace][gc,age         ] GC(1961) Age table with threshold 15 (max threshold 15)
[28.484s][trace][gc,age         ] GC(1961) - age   1:     400208 bytes,     400208 total
[28.484s][info ][gc,heap        ] GC(1961) DefNew: 140294K(157376K)->390K(157376K) Eden: 139904K(139904K)->0K(139904K) From: 390K(17472K)->390K(17472K)
[28.484s][info ][gc,heap        ] GC(1961) Tenured: 3959K(349568K)->3959K(349568K)
[28.484s][info ][gc,metaspace   ] GC(1961) Metaspace: 9888K(10176K)->9888K(10176K) NonClass: 8754K(8896K)->8754K(8896K) Class: 1134K(1280K)->1134K(1280K)
[28.484s][info ][gc             ] GC(1961) Pause Young (Allocation Failure) 140M->4M(495M) 0.166ms
[28.484s][info ][gc,cpu         ] GC(1961) User=0.00s Sys=0.00s Real=0.00s
[28.494s][info ][gc,start       ] GC(1962) Pause Young (Allocation Failure)
[28.494s][debug][gc,age         ] GC(1962) Desired survivor size 8945664 bytes, new threshold 15 (max threshold 15)
[28.494s][trace][gc,age         ] GC(1962) Age table with threshold 15 (max threshold 15)
[28.494s][trace][gc,age         ] GC(1962) - age   1:     400208 bytes,     400208 total
[28.494s][info ][gc,heap        ] GC(1962) DefNew: 140294K(157376K)->390K(157376K) Eden: 139904K(139904K)->0K(139904K) From: 390K(17472K)->390K(17472K)
[28.494s][info ][gc,heap        ] GC(1962) Tenured: 3959K(349568K)->3959K(349568K)
[28.494s][info ][gc,metaspace   ] GC(1962) Metaspace: 9888K(10176K)->9888K(10176K) NonClass: 8754K(8896K)->8754K(8896K) Class: 1134K(1280K)->1134K(1280K)
[28.494s][info ][gc             ] GC(1962) Pause Young (Allocation Failure) 140M->4M(495M) 0.163ms
[28.494s][info ][gc,cpu         ] GC(1962) User=0.00s Sys=0.00s Real=0.00s
[28.504s][info ][gc,start       ] GC(1963) Pause Young (Allocation Failure)
[28.505s][debug][gc,age         ] GC(1963) Desired survivor size 8945664 bytes, new threshold 15 (max threshold 15)
[28.505s][trace][gc,age         ] GC(1963) Age table with threshold 15 (max threshold 15)
[28.505s][trace][gc,age         ] GC(1963) - age   1:     400208 bytes,     400208 total
[28.505s][info ][gc,heap        ] GC(1963) DefNew: 140294K(157376K)->390K(157376K) Eden: 139904K(139904K)->0K(139904K) From: 390K(17472K)->390K(17472K)
[28.505s][info ][gc,heap        ] GC(1963) Tenured: 3959K(349568K)->3959K(349568K)
[28.505s][info ][gc,metaspace   ] GC(1963) Metaspace: 9888K(10176K)->9888K(10176K) NonClass: 8754K(8896K)->8754K(8896K) Class: 1134K(1280K)->1134K(1280K)
[28.505s][info ][gc             ] GC(1963) Pause Young (Allocation Failure) 140M->4M(495M) 0.165ms
[28.505s][info ][gc,cpu         ] GC(1963) User=0.00s Sys=0.00s Real=0.00s
[28.515s][info ][gc,start       ] GC(1964) Pause Young (Allocation Failure)
[28.515s][debug][gc,age         ] GC(1964) Desired survivor size 8945664 bytes, new threshold 15 (max threshold 15)
[28.515s][trace][gc,age         ] GC(1964) Age table with threshold 15 (max threshold 15)
[28.515s][trace][gc,age         ] GC(1964) - age   1:     400208 bytes,     400208 total
[28.515s][info ][gc,heap        ] GC(1964) DefNew: 140294K(157376K)->390K(157376K) Eden: 139904K(139904K)->0K(139904K) From: 390K(17472K)->390K(17472K)
[28.515s][info ][gc,heap        ] GC(1964) Tenured: 3959K(349568K)->3959K(349568K)
[28.515s][info ][gc,metaspace   ] GC(1964) Metaspace: 9890K(10176K)->9890K(10176K) NonClass: 8755K(8896K)->8755K(8896K) Class: 1134K(1280K)->1134K(1280K)
[28.515s][info ][gc             ] GC(1964) Pause Young (Allocation Failure) 140M->4M(495M) 0.167ms
[28.515s][info ][gc,cpu         ] GC(1964) User=0.00s Sys=0.00s Real=0.00s
[28.525s][info ][gc,start       ] GC(1965) Pause Young (Allocation Failure)
[28.525s][debug][gc,age         ] GC(1965) Desired survivor size 8945664 bytes, new threshold 15 (max threshold 15)
[28.525s][trace][gc,age         ] GC(1965) Age table with threshold 15 (max threshold 15)
[28.525s][trace][gc,age         ] GC(1965) - age   1:     400208 bytes,     400208 total
[28.525s][info ][gc,heap        ] GC(1965) DefNew: 140294K(157376K)->390K(157376K) Eden: 139904K(139904K)->0K(139904K) From: 390K(17472K)->390K(17472K)
[28.525s][info ][gc,heap        ] GC(1965) Tenured: 3959K(349568K)->3959K(349568K)
[28.525s][info ][gc,metaspace   ] GC(1965) Metaspace: 9890K(10176K)->9890K(10176K) NonClass: 8755K(8896K)->8755K(8896K) Class: 1134K(1280K)->1134K(1280K)
[28.525s][info ][gc             ] GC(1965) Pause Young (Allocation Failure) 140M->4M(495M) 0.164ms
[28.525s][info ][gc,cpu         ] GC(1965) User=0.00s Sys=0.00s Real=0.00s
[28.535s][info ][gc,start       ] GC(1966) Pause Young (Allocation Failure)
[28.535s][debug][gc,age         ] GC(1966) Desired survivor size 8945664 bytes, new threshold 15 (max threshold 15)
[28.535s][trace][gc,age         ] GC(1966) Age table with threshold 15 (max threshold 15)
[28.535s][trace][gc,age         ] GC(1966) - age   1:     400208 bytes,     400208 total
[28.535s][info ][gc,heap        ] GC(1966) DefNew: 140294K(157376K)->390K(157376K) Eden: 139904K(139904K)->0K(139904K) From: 390K(17472K)->390K(17472K)
[28.535s][info ][gc,heap        ] GC(1966) Tenured: 3959K(349568K)->3959K(349568K)
[28.535s][info ][gc,metaspace   ] GC(1966) Metaspace: 9890K(10176K)->9890K(10176K) NonClass: 8755K(8896K)->8755K(8896K) Class: 1134K(1280K)->1134K(1280K)
[28.535s][info ][gc             ] GC(1966) Pause Young (Allocation Failure) 140M->4M(495M) 0.164ms
[28.535s][info ][gc,cpu         ] GC(1966) User=0.00s Sys=0.00s Real=0.00s
[28.545s][info ][gc,start       ] GC(1967) Pause Young (Allocation Failure)
[28.545s][debug][gc,age         ] GC(1967) Desired survivor size 8945664 bytes, new threshold 15 (max threshold 15)
[28.545s][trace][gc,age         ] GC(1967) Age table with threshold 15 (max threshold 15)
[28.545s][trace][gc,age         ] GC(1967) - age   1:     400208 bytes,     400208 total
[28.545s][info ][gc,heap        ] GC(1967) DefNew: 140294K(157376K)->390K(157376K) Eden: 139904K(139904K)->0K(139904K) From: 390K(17472K)->390K(17472K)
[28.545s][info ][gc,heap        ] GC(1967) Tenured: 3959K(349568K)->3959K(349568K)
[28.545s][info ][gc,metaspace   ] GC(1967) Metaspace: 9890K(10176K)->9890K(10176K) NonClass: 8755K(8896K)->8755K(8896K) Class: 1134K(1280K)->1134K(1280K)
[28.545s][info ][gc             ] GC(1967) Pause Young (Allocation Failure) 140M->4M(495M) 0.169ms
[28.545s][info ][gc,cpu         ] GC(1967) User=0.00s Sys=0.00s Real=0.00s
[28.556s][info ][gc,start       ] GC(1968) Pause Young (Allocation Failure)
[28.556s][debug][gc,age         ] GC(1968) Desired survivor size 8945664 bytes, new threshold 15 (max threshold 15)
[28.556s][trace][gc,age         ] GC(1968) Age table with threshold 15 (max threshold 15)
[28.556s][trace][gc,age         ] GC(1968) - age   1:     400208 bytes,     400208 total
[28.556s][info ][gc,heap        ] GC(1968) DefNew: 140294K(157376K)->390K(157376K) Eden: 139904K(139904K)->0K(139904K) From: 390K(17472K)->390K(17472K)
[28.556s][info ][gc,heap        ] GC(1968) Tenured: 3959K(349568K)->3959K(349568K)
[28.556s][info ][gc,metaspace   ] GC(1968) Metaspace: 9890K(10176K)->9890K(10176K) NonClass: 8755K(8896K)->8755K(8896K) Class: 1134K(1280K)->1134K(1280K)
[28.556s][info ][gc             ] GC(1968) Pause Young (Allocation Failure) 140M->4M(495M) 0.162ms
[28.556s][info ][gc,cpu         ] GC(1968) User=0.00s Sys=0.00s Real=0.00s
[28.566s][info ][gc,start       ] GC(1969) Pause Young (Allocation Failure)
[28.566s][debug][gc,age         ] GC(1969) Desired survivor size 8945664 bytes, new threshold 15 (max threshold 15)
[28.566s][trace][gc,age         ] GC(1969) Age table with threshold 15 (max threshold 15)
[28.566s][trace][gc,age         ] GC(1969) - age   1:     400208 bytes,     400208 total
[28.566s][info ][gc,heap        ] GC(1969) DefNew: 140294K(157376K)->390K(157376K) Eden: 139904K(139904K)->0K(139904K) From: 390K(17472K)->390K(17472K)
[28.566s][info ][gc,heap        ] GC(1969) Tenured: 3959K(349568K)->3959K(349568K)
[28.566s][info ][gc,metaspace   ] GC(1969) Metaspace: 9890K(10176K)->9890K(10176K) NonClass: 8755K(8896K)->8755K(8896K) Class: 1134K(1280K)->1134K(1280K)
[28.566s][info ][gc             ] GC(1969) Pause Young (Allocation Failure) 140M->4M(495M) 0.168ms
[28.566s][info ][gc,cpu         ] GC(1969) User=0.00s Sys=0.00s Real=0.00s
[28.576s][info ][gc,start       ] GC(1970) Pause Young (Allocation Failure)
[28.576s][debug][gc,age         ] GC(1970) Desired survivor size 8945664 bytes, new threshold 15 (max threshold 15)
[28.576s][trace][gc,age         ] GC(1970) Age table with threshold 15 (max threshold 15)
[28.576s][trace][gc,age         ] GC(1970) - age   1:     400208 bytes,     400208 total
[28.576s][info ][gc,heap        ] GC(1970) DefNew: 140294K(157376K)->390K(157376K) Eden: 139904K(139904K)->0K(139904K) From: 390K(17472K)->390K(17472K)
[28.576s][info ][gc,heap        ] GC(1970) Tenured: 3959K(349568K)->3959K(349568K)
[28.576s][info ][gc,metaspace   ] GC(1970) Metaspace: 9890K(10176K)->9890K(10176K) NonClass: 8755K(8896K)->8755K(8896K) Class: 1134K(1280K)->1134K(1280K)
[28.576s][info ][gc             ] GC(1970) Pause Young (Allocation Failure) 140M->4M(495M) 0.166ms
[28.576s][info ][gc,cpu         ] GC(1970) User=0.00s Sys=0.00s Real=0.00s
[28.586s][info ][gc,start       ] GC(1971) Pause Young (Allocation Failure)
[28.586s][debug][gc,age         ] GC(1971) Desired survivor size 8945664 bytes, new threshold 15 (max threshold 15)
[28.586s][trace][gc,age         ] GC(1971) Age table with threshold 15 (max threshold 15)
[28.586s][trace][gc,age         ] GC(1971) - age   1:     400208 bytes,     400208 total
[28.586s][info ][gc,heap        ] GC(1971) DefNew: 140294K(157376K)->390K(157376K) Eden: 139904K(139904K)->0K(139904K) From: 390K(17472K)->390K(17472K)
[28.586s][info ][gc,heap        ] GC(1971) Tenured: 3959K(349568K)->3959K(349568K)
[28.586s][info ][gc,metaspace   ] GC(1971) Metaspace: 9890K(10176K)->9890K(10176K) NonClass: 8755K(8896K)->8755K(8896K) Class: 1134K(1280K)->1134K(1280K)
[28.586s][info ][gc             ] GC(1971) Pause Young (Allocation Failure) 140M->4M(495M) 0.168ms
[28.586s][info ][gc,cpu         ] GC(1971) User=0.00s Sys=0.00s Real=0.00s
[28.596s][info ][gc,start       ] GC(1972) Pause Young (Allocation Failure)
[28.597s][debug][gc,age         ] GC(1972) Desired survivor size 8945664 bytes, new threshold 15 (max threshold 15)
[28.597s][trace][gc,age         ] GC(1972) Age table with threshold 15 (max threshold 15)
[28.597s][trace][gc,age         ] GC(1972) - age   1:     400208 bytes,     400208 total
[28.597s][info ][gc,heap        ] GC(1972) DefNew: 140294K(157376K)->390K(157376K) Eden: 139904K(139904K)->0K(139904K) From: 390K(17472K)->390K(17472K)
[28.597s][info ][gc,heap        ] GC(1972) Tenured: 3959K(349568K)->3959K(349568K)
[28.597s][info ][gc,metaspace   ] GC(1972) Metaspace: 9890K(10176K)->9890K(10176K) NonClass: 8755K(8896K)->8755K(8896K) Class: 1134K(1280K)->1134K(1280K)
[28.597s][info ][gc             ] GC(1972) Pause Young (Allocation Failure) 140M->4M(495M) 0.165ms
[28.597s][info ][gc,cpu         ] GC(1972) User=0.00s Sys=0.00s Real=0.00s
[28.607s][info ][gc,start       ] GC(1973) Pause Young (Allocation Failure)
[28.607s][debug][gc,age         ] GC(1973) Desired survivor size 8945664 bytes, new threshold 15 (max threshold 15)
[28.607s][trace][gc,age         ] GC(1973) Age table with threshold 15 (max threshold 15)
[28.607s][trace][gc,age         ] GC(1973) - age   1:     400208 bytes,     400208 total
[28.607s][info ][gc,heap        ] GC(1973) DefNew: 140294K(157376K)->390K(157376K) Eden: 139904K(139904K)->0K(139904K) From: 390K(17472K)->390K(17472K)
[28.607s][info ][gc,heap        ] GC(1973) Tenured: 3959K(349568K)->3959K(349568K)
[28.607s][info ][gc,metaspace   ] GC(1973) Metaspace: 9890K(10176K)->9890K(10176K) NonClass: 8755K(8896K)->8755K(8896K) Class: 1134K(1280K)->1134K(1280K)
[28.607s][info ][gc             ] GC(1973) Pause Young (Allocation Failure) 140M->4M(495M) 0.163ms
[28.607s][info ][gc,cpu         ] GC(1973) User=0.00s Sys=0.00s Real=0.00s
[28.617s][info ][gc,start       ] GC(1974) Pause Young (Allocation Failure)
[28.617s][debug][gc,age         ] GC(1974) Desired survivor size 8945664 bytes, new threshold 15 (max threshold 15)
[28.617s][trace][gc,age         ] GC(1974) Age table with threshold 15 (max threshold 15)
[28.617s][trace][gc,age         ] GC(1974) - age   1:     400208 bytes,     400208 total
[28.617s][info ][gc,heap        ] GC(1974) DefNew: 140294K(157376K)->390K(157376K) Eden: 139904K(139904K)->0K(139904K) From: 390K(17472K)->390K(17472K)
[28.617s][info ][gc,heap        ] GC(1974) Tenured: 3959K(349568K)->3959K(349568K)
[28.617s][info ][gc,metaspace   ] GC(1974) Metaspace: 9890K(10176K)->9890K(10176K) NonClass: 8755K(8896K)->8755K(8896K) Class: 1134K(1280K)->1134K(1280K)
[28.617s][info ][gc             ] GC(1974) Pause Young (Allocation Failure) 140M->4M(495M) 0.163ms
[28.617s][info ][gc,cpu         ] GC(1974) User=0.00s Sys=0.00s Real=0.00s
[28.627s][info ][gc,start       ] GC(1975) Pause Young (Allocation Failure)
[28.627s][debug][gc,age         ] GC(1975) Desired survivor size 8945664 bytes, new threshold 15 (max threshold 15)
[28.627s][trace][gc,age         ] GC(1975) Age table with threshold 15 (max threshold 15)
[28.627s][trace][gc,age         ] GC(1975) - age   1:     400208 bytes,     400208 total
[28.627s][info ][gc,heap        ] GC(1975) DefNew: 140294K(157376K)->390K(157376K) Eden: 139904K(139904K)->0K(139904K) From: 390K(17472K)->390K(17472K)
[28.627s][info ][gc,heap        ] GC(1975) Tenured: 3959K(349568K)->3959K(349568K)
[28.627s][info ][gc,metaspace   ] GC(1975) Metaspace: 9890K(10176K)->9890K(10176K) NonClass: 8755K(8896K)->8755K(8896K) Class: 1134K(1280K)->1134K(1280K)
[28.627s][info ][gc             ] GC(1975) Pause Young (Allocation Failure) 140M->4M(495M) 0.173ms
[28.627s][info ][gc,cpu         ] GC(1975) User=0.00s Sys=0.00s Real=0.00s
[28.637s][info ][gc,start       ] GC(1976) Pause Young (Allocation Failure)
[28.638s][debug][gc,age         ] GC(1976) Desired survivor size 8945664 bytes, new threshold 15 (max threshold 15)
[28.638s][trace][gc,age         ] GC(1976) Age table with threshold 15 (max threshold 15)
[28.638s][trace][gc,age         ] GC(1976) - age   1:     400208 bytes,     400208 total
[28.638s][info ][gc,heap        ] GC(1976) DefNew: 140294K(157376K)->390K(157376K) Eden: 139904K(139904K)->0K(139904K) From: 390K(17472K)->390K(17472K)
[28.638s][info ][gc,heap        ] GC(1976) Tenured: 3959K(349568K)->3959K(349568K)
[28.638s][info ][gc,metaspace   ] GC(1976) Metaspace: 9890K(10176K)->9890K(10176K) NonClass: 8755K(8896K)->8755K(8896K) Class: 1134K(1280K)->1134K(1280K)
[28.638s][info ][gc             ] GC(1976) Pause Young (Allocation Failure) 140M->4M(495M) 0.168ms
[28.638s][info ][gc,cpu         ] GC(1976) User=0.00s Sys=0.00s Real=0.00s
[28.648s][info ][gc,start       ] GC(1977) Pause Young (Allocation Failure)
[28.648s][debug][gc,age         ] GC(1977) Desired survivor size 8945664 bytes, new threshold 15 (max threshold 15)
[28.648s][trace][gc,age         ] GC(1977) Age table with threshold 15 (max threshold 15)
[28.648s][trace][gc,age         ] GC(1977) - age   1:     400208 bytes,     400208 total
[28.648s][info ][gc,heap        ] GC(1977) DefNew: 140294K(157376K)->390K(157376K) Eden: 139904K(139904K)->0K(139904K) From: 390K(17472K)->390K(17472K)
[28.648s][info ][gc,heap        ] GC(1977) Tenured: 3959K(349568K)->3959K(349568K)
[28.648s][info ][gc,metaspace   ] GC(1977) Metaspace: 9890K(10176K)->9890K(10176K) NonClass: 8755K(8896K)->8755K(8896K) Class: 1134K(1280K)->1134K(1280K)
[28.648s][info ][gc             ] GC(1977) Pause Young (Allocation Failure) 140M->4M(495M) 0.169ms
[28.648s][info ][gc,cpu         ] GC(1977) User=0.00s Sys=0.00s Real=0.00s
[28.658s][info ][gc,start       ] GC(1978) Pause Young (Allocation Failure)
[28.658s][debug][gc,age         ] GC(1978) Desired survivor size 8945664 bytes, new threshold 15 (max threshold 15)
[28.658s][trace][gc,age         ] GC(1978) Age table with threshold 15 (max threshold 15)
[28.658s][trace][gc,age         ] GC(1978) - age   1:     400208 bytes,     400208 total
[28.658s][info ][gc,heap        ] GC(1978) DefNew: 140294K(157376K)->390K(157376K) Eden: 139904K(139904K)->0K(139904K) From: 390K(17472K)->390K(17472K)
[28.658s][info ][gc,heap        ] GC(1978) Tenured: 3959K(349568K)->3959K(349568K)
[28.658s][info ][gc,metaspace   ] GC(1978) Metaspace: 9890K(10176K)->9890K(10176K) NonClass: 8755K(8896K)->8755K(8896K) Class: 1134K(1280K)->1134K(1280K)
[28.658s][info ][gc             ] GC(1978) Pause Young (Allocation Failure) 140M->4M(495M) 0.167ms
[28.658s][info ][gc,cpu         ] GC(1978) User=0.00s Sys=0.00s Real=0.00s
[28.668s][info ][gc,start       ] GC(1979) Pause Young (Allocation Failure)
[28.668s][debug][gc,age         ] GC(1979) Desired survivor size 8945664 bytes, new threshold 15 (max threshold 15)
[28.668s][trace][gc,age         ] GC(1979) Age table with threshold 15 (max threshold 15)
[28.668s][trace][gc,age         ] GC(1979) - age   1:     400208 bytes,     400208 total
[28.668s][info ][gc,heap        ] GC(1979) DefNew: 140294K(157376K)->390K(157376K) Eden: 139904K(139904K)->0K(139904K) From: 390K(17472K)->390K(17472K)
[28.668s][info ][gc,heap        ] GC(1979) Tenured: 3959K(349568K)->3959K(349568K)
[28.668s][info ][gc,metaspace   ] GC(1979) Metaspace: 9890K(10176K)->9890K(10176K) NonClass: 8755K(8896K)->8755K(8896K) Class: 1134K(1280K)->1134K(1280K)
[28.668s][info ][gc             ] GC(1979) Pause Young (Allocation Failure) 140M->4M(495M) 0.160ms
[28.668s][info ][gc,cpu         ] GC(1979) User=0.00s Sys=0.00s Real=0.00s
[28.678s][info ][gc,start       ] GC(1980) Pause Young (Allocation Failure)
[28.678s][debug][gc,age         ] GC(1980) Desired survivor size 8945664 bytes, new threshold 15 (max threshold 15)
[28.678s][trace][gc,age         ] GC(1980) Age table with threshold 15 (max threshold 15)
[28.678s][trace][gc,age         ] GC(1980) - age   1:     400208 bytes,     400208 total
[28.678s][info ][gc,heap        ] GC(1980) DefNew: 140294K(157376K)->390K(157376K) Eden: 139904K(139904K)->0K(139904K) From: 390K(17472K)->390K(17472K)
[28.678s][info ][gc,heap        ] GC(1980) Tenured: 3959K(349568K)->3959K(349568K)
[28.678s][info ][gc,metaspace   ] GC(1980) Metaspace: 9890K(10176K)->9890K(10176K) NonClass: 8755K(8896K)->8755K(8896K) Class: 1134K(1280K)->1134K(1280K)
[28.678s][info ][gc             ] GC(1980) Pause Young (Allocation Failure) 140M->4M(495M) 0.162ms
[28.678s][info ][gc,cpu         ] GC(1980) User=0.00s Sys=0.00s Real=0.00s
[28.688s][info ][gc,start       ] GC(1981) Pause Young (Allocation Failure)
[28.689s][debug][gc,age         ] GC(1981) Desired survivor size 8945664 bytes, new threshold 15 (max threshold 15)
[28.689s][trace][gc,age         ] GC(1981) Age table with threshold 15 (max threshold 15)
[28.689s][trace][gc,age         ] GC(1981) - age   1:     400208 bytes,     400208 total
[28.689s][info ][gc,heap        ] GC(1981) DefNew: 140294K(157376K)->390K(157376K) Eden: 139904K(139904K)->0K(139904K) From: 390K(17472K)->390K(17472K)
[28.689s][info ][gc,heap        ] GC(1981) Tenured: 3959K(349568K)->3959K(349568K)
[28.689s][info ][gc,metaspace   ] GC(1981) Metaspace: 9890K(10176K)->9890K(10176K) NonClass: 8755K(8896K)->8755K(8896K) Class: 1134K(1280K)->1134K(1280K)
[28.689s][info ][gc             ] GC(1981) Pause Young (Allocation Failure) 140M->4M(495M) 0.173ms
[28.689s][info ][gc,cpu         ] GC(1981) User=0.00s Sys=0.00s Real=0.00s
[28.699s][info ][gc,start       ] GC(1982) Pause Young (Allocation Failure)
[28.699s][debug][gc,age         ] GC(1982) Desired survivor size 8945664 bytes, new threshold 15 (max threshold 15)
[28.699s][trace][gc,age         ] GC(1982) Age table with threshold 15 (max threshold 15)
[28.699s][trace][gc,age         ] GC(1982) - age   1:     400208 bytes,     400208 total
[28.699s][info ][gc,heap        ] GC(1982) DefNew: 140294K(157376K)->390K(157376K) Eden: 139904K(139904K)->0K(139904K) From: 390K(17472K)->390K(17472K)
[28.699s][info ][gc,heap        ] GC(1982) Tenured: 3959K(349568K)->3959K(349568K)
[28.699s][info ][gc,metaspace   ] GC(1982) Metaspace: 9890K(10176K)->9890K(10176K) NonClass: 8755K(8896K)->8755K(8896K) Class: 1134K(1280K)->1134K(1280K)
[28.699s][info ][gc             ] GC(1982) Pause Young (Allocation Failure) 140M->4M(495M) 0.181ms
[28.699s][info ][gc,cpu         ] GC(1982) User=0.00s Sys=0.00s Real=0.00s
[28.709s][info ][gc,start       ] GC(1983) Pause Young (Allocation Failure)
[28.709s][debug][gc,age         ] GC(1983) Desired survivor size 8945664 bytes, new threshold 15 (max threshold 15)
[28.709s][trace][gc,age         ] GC(1983) Age table with threshold 15 (max threshold 15)
[28.709s][trace][gc,age         ] GC(1983) - age   1:     400208 bytes,     400208 total
[28.709s][info ][gc,heap        ] GC(1983) DefNew: 140294K(157376K)->390K(157376K) Eden: 139904K(139904K)->0K(139904K) From: 390K(17472K)->390K(17472K)
[28.709s][info ][gc,heap        ] GC(1983) Tenured: 3959K(349568K)->3959K(349568K)
[28.709s][info ][gc,metaspace   ] GC(1983) Metaspace: 9890K(10176K)->9890K(10176K) NonClass: 8755K(8896K)->8755K(8896K) Class: 1134K(1280K)->1134K(1280K)
[28.709s][info ][gc             ] GC(1983) Pause Young (Allocation Failure) 140M->4M(495M) 0.171ms
[28.709s][info ][gc,cpu         ] GC(1983) User=0.00s Sys=0.00s Real=0.00s
[28.719s][info ][gc,start       ] GC(1984) Pause Young (Allocation Failure)
[28.719s][debug][gc,age         ] GC(1984) Desired survivor size 8945664 bytes, new threshold 15 (max threshold 15)
[28.719s][trace][gc,age         ] GC(1984) Age table with threshold 15 (max threshold 15)
[28.719s][trace][gc,age         ] GC(1984) - age   1:     400208 bytes,     400208 total
[28.719s][info ][gc,heap        ] GC(1984) DefNew: 140294K(157376K)->390K(157376K) Eden: 139904K(139904K)->0K(139904K) From: 390K(17472K)->390K(17472K)
[28.719s][info ][gc,heap        ] GC(1984) Tenured: 3959K(349568K)->3959K(349568K)
[28.719s][info ][gc,metaspace   ] GC(1984) Metaspace: 9890K(10176K)->9890K(10176K) NonClass: 8755K(8896K)->8755K(8896K) Class: 1134K(1280K)->1134K(1280K)
[28.719s][info ][gc             ] GC(1984) Pause Young (Allocation Failure) 140M->4M(495M) 0.163ms
[28.719s][info ][gc,cpu         ] GC(1984) User=0.00s Sys=0.00s Real=0.00s
[28.729s][info ][gc,start       ] GC(1985) Pause Young (Allocation Failure)
[28.730s][debug][gc,age         ] GC(1985) Desired survivor size 8945664 bytes, new threshold 15 (max threshold 15)
[28.730s][trace][gc,age         ] GC(1985) Age table with threshold 15 (max threshold 15)
[28.730s][trace][gc,age         ] GC(1985) - age   1:     400208 bytes,     400208 total
[28.730s][info ][gc,heap        ] GC(1985) DefNew: 140294K(157376K)->390K(157376K) Eden: 139904K(139904K)->0K(139904K) From: 390K(17472K)->390K(17472K)
[28.730s][info ][gc,heap        ] GC(1985) Tenured: 3959K(349568K)->3959K(349568K)
[28.730s][info ][gc,metaspace   ] GC(1985) Metaspace: 9890K(10176K)->9890K(10176K) NonClass: 8755K(8896K)->8755K(8896K) Class: 1134K(1280K)->1134K(1280K)
[28.730s][info ][gc             ] GC(1985) Pause Young (Allocation Failure) 140M->4M(495M) 0.161ms
[28.730s][info ][gc,cpu         ] GC(1985) User=0.00s Sys=0.00s Real=0.00s
[28.740s][info ][gc,start       ] GC(1986) Pause Young (Allocation Failure)
[28.740s][debug][gc,age         ] GC(1986) Desired survivor size 8945664 bytes, new threshold 15 (max threshold 15)
[28.740s][trace][gc,age         ] GC(1986) Age table with threshold 15 (max threshold 15)
[28.740s][trace][gc,age         ] GC(1986) - age   1:     400208 bytes,     400208 total
[28.740s][info ][gc,heap        ] GC(1986) DefNew: 140294K(157376K)->390K(157376K) Eden: 139904K(139904K)->0K(139904K) From: 390K(17472K)->390K(17472K)
[28.740s][info ][gc,heap        ] GC(1986) Tenured: 3959K(349568K)->3959K(349568K)
[28.740s][info ][gc,metaspace   ] GC(1986) Metaspace: 9890K(10176K)->9890K(10176K) NonClass: 8755K(8896K)->8755K(8896K) Class: 1134K(1280K)->1134K(1280K)
[28.740s][info ][gc             ] GC(1986) Pause Young (Allocation Failure) 140M->4M(495M) 0.164ms
[28.740s][info ][gc,cpu         ] GC(1986) User=0.00s Sys=0.00s Real=0.00s
[28.750s][info ][gc,start       ] GC(1987) Pause Young (Allocation Failure)
[28.750s][debug][gc,age         ] GC(1987) Desired survivor size 8945664 bytes, new threshold 15 (max threshold 15)
[28.750s][trace][gc,age         ] GC(1987) Age table with threshold 15 (max threshold 15)
[28.750s][trace][gc,age         ] GC(1987) - age   1:     400208 bytes,     400208 total
[28.750s][info ][gc,heap        ] GC(1987) DefNew: 140294K(157376K)->390K(157376K) Eden: 139904K(139904K)->0K(139904K) From: 390K(17472K)->390K(17472K)
[28.750s][info ][gc,heap        ] GC(1987) Tenured: 3959K(349568K)->3959K(349568K)
[28.750s][info ][gc,metaspace   ] GC(1987) Metaspace: 9890K(10176K)->9890K(10176K) NonClass: 8755K(8896K)->8755K(8896K) Class: 1134K(1280K)->1134K(1280K)
[28.750s][info ][gc             ] GC(1987) Pause Young (Allocation Failure) 140M->4M(495M) 0.167ms
[28.750s][info ][gc,cpu         ] GC(1987) User=0.00s Sys=0.00s Real=0.00s
[28.760s][info ][gc,start       ] GC(1988) Pause Young (Allocation Failure)
[28.760s][debug][gc,age         ] GC(1988) Desired survivor size 8945664 bytes, new threshold 15 (max threshold 15)
[28.760s][trace][gc,age         ] GC(1988) Age table with threshold 15 (max threshold 15)
[28.760s][trace][gc,age         ] GC(1988) - age   1:     400208 bytes,     400208 total
[28.760s][info ][gc,heap        ] GC(1988) DefNew: 140294K(157376K)->390K(157376K) Eden: 139904K(139904K)->0K(139904K) From: 390K(17472K)->390K(17472K)
[28.760s][info ][gc,heap        ] GC(1988) Tenured: 3959K(349568K)->3959K(349568K)
[28.760s][info ][gc,metaspace   ] GC(1988) Metaspace: 9890K(10176K)->9890K(10176K) NonClass: 8755K(8896K)->8755K(8896K) Class: 1134K(1280K)->1134K(1280K)
[28.760s][info ][gc             ] GC(1988) Pause Young (Allocation Failure) 140M->4M(495M) 0.170ms
[28.760s][info ][gc,cpu         ] GC(1988) User=0.00s Sys=0.00s Real=0.00s
[28.770s][info ][gc,start       ] GC(1989) Pause Young (Allocation Failure)
[28.770s][debug][gc,age         ] GC(1989) Desired survivor size 8945664 bytes, new threshold 15 (max threshold 15)
[28.770s][trace][gc,age         ] GC(1989) Age table with threshold 15 (max threshold 15)
[28.770s][trace][gc,age         ] GC(1989) - age   1:     400208 bytes,     400208 total
[28.770s][info ][gc,heap        ] GC(1989) DefNew: 140294K(157376K)->390K(157376K) Eden: 139904K(139904K)->0K(139904K) From: 390K(17472K)->390K(17472K)
[28.770s][info ][gc,heap        ] GC(1989) Tenured: 3959K(349568K)->3959K(349568K)
[28.770s][info ][gc,metaspace   ] GC(1989) Metaspace: 9890K(10176K)->9890K(10176K) NonClass: 8755K(8896K)->8755K(8896K) Class: 1134K(1280K)->1134K(1280K)
[28.770s][info ][gc             ] GC(1989) Pause Young (Allocation Failure) 140M->4M(495M) 0.165ms
[28.770s][info ][gc,cpu         ] GC(1989) User=0.00s Sys=0.00s Real=0.00s
[28.780s][info ][gc,start       ] GC(1990) Pause Young (Allocation Failure)
[28.781s][debug][gc,age         ] GC(1990) Desired survivor size 8945664 bytes, new threshold 15 (max threshold 15)
[28.781s][trace][gc,age         ] GC(1990) Age table with threshold 15 (max threshold 15)
[28.781s][trace][gc,age         ] GC(1990) - age   1:     400208 bytes,     400208 total
[28.781s][info ][gc,heap        ] GC(1990) DefNew: 140294K(157376K)->390K(157376K) Eden: 139904K(139904K)->0K(139904K) From: 390K(17472K)->390K(17472K)
[28.781s][info ][gc,heap        ] GC(1990) Tenured: 3959K(349568K)->3959K(349568K)
[28.781s][info ][gc,metaspace   ] GC(1990) Metaspace: 9890K(10176K)->9890K(10176K) NonClass: 8755K(8896K)->8755K(8896K) Class: 1134K(1280K)->1134K(1280K)
[28.781s][info ][gc             ] GC(1990) Pause Young (Allocation Failure) 140M->4M(495M) 0.164ms
[28.781s][info ][gc,cpu         ] GC(1990) User=0.00s Sys=0.00s Real=0.00s
[28.791s][info ][gc,start       ] GC(1991) Pause Young (Allocation Failure)
[28.791s][debug][gc,age         ] GC(1991) Desired survivor size 8945664 bytes, new threshold 15 (max threshold 15)
[28.791s][trace][gc,age         ] GC(1991) Age table with threshold 15 (max threshold 15)
[28.791s][trace][gc,age         ] GC(1991) - age   1:     400208 bytes,     400208 total
[28.791s][info ][gc,heap        ] GC(1991) DefNew: 140294K(157376K)->390K(157376K) Eden: 139904K(139904K)->0K(139904K) From: 390K(17472K)->390K(17472K)
[28.791s][info ][gc,heap        ] GC(1991) Tenured: 3959K(349568K)->3959K(349568K)
[28.791s][info ][gc,metaspace   ] GC(1991) Metaspace: 9890K(10176K)->9890K(10176K) NonClass: 8755K(8896K)->8755K(8896K) Class: 1134K(1280K)->1134K(1280K)
[28.791s][info ][gc             ] GC(1991) Pause Young (Allocation Failure) 140M->4M(495M) 0.166ms
[28.791s][info ][gc,cpu         ] GC(1991) User=0.00s Sys=0.00s Real=0.00s
[28.801s][info ][gc,start       ] GC(1992) Pause Young (Allocation Failure)
[28.801s][debug][gc,age         ] GC(1992) Desired survivor size 8945664 bytes, new threshold 15 (max threshold 15)
[28.801s][trace][gc,age         ] GC(1992) Age table with threshold 15 (max threshold 15)
[28.801s][trace][gc,age         ] GC(1992) - age   1:     400208 bytes,     400208 total
[28.801s][info ][gc,heap        ] GC(1992) DefNew: 140294K(157376K)->390K(157376K) Eden: 139904K(139904K)->0K(139904K) From: 390K(17472K)->390K(17472K)
[28.801s][info ][gc,heap        ] GC(1992) Tenured: 3959K(349568K)->3959K(349568K)
[28.801s][info ][gc,metaspace   ] GC(1992) Metaspace: 9890K(10176K)->9890K(10176K) NonClass: 8755K(8896K)->8755K(8896K) Class: 1134K(1280K)->1134K(1280K)
[28.801s][info ][gc             ] GC(1992) Pause Young (Allocation Failure) 140M->4M(495M) 0.167ms
[28.801s][info ][gc,cpu         ] GC(1992) User=0.00s Sys=0.00s Real=0.00s
[28.811s][info ][gc,start       ] GC(1993) Pause Young (Allocation Failure)
[28.811s][debug][gc,age         ] GC(1993) Desired survivor size 8945664 bytes, new threshold 15 (max threshold 15)
[28.811s][trace][gc,age         ] GC(1993) Age table with threshold 15 (max threshold 15)
[28.811s][trace][gc,age         ] GC(1993) - age   1:     400208 bytes,     400208 total
[28.811s][info ][gc,heap        ] GC(1993) DefNew: 140294K(157376K)->390K(157376K) Eden: 139904K(139904K)->0K(139904K) From: 390K(17472K)->390K(17472K)
[28.811s][info ][gc,heap        ] GC(1993) Tenured: 3959K(349568K)->3959K(349568K)
[28.811s][info ][gc,metaspace   ] GC(1993) Metaspace: 9890K(10176K)->9890K(10176K) NonClass: 8755K(8896K)->8755K(8896K) Class: 1134K(1280K)->1134K(1280K)
[28.811s][info ][gc             ] GC(1993) Pause Young (Allocation Failure) 140M->4M(495M) 0.163ms
[28.811s][info ][gc,cpu         ] GC(1993) User=0.00s Sys=0.00s Real=0.00s
[28.821s][info ][gc,start       ] GC(1994) Pause Young (Allocation Failure)
[28.821s][debug][gc,age         ] GC(1994) Desired survivor size 8945664 bytes, new threshold 15 (max threshold 15)
[28.821s][trace][gc,age         ] GC(1994) Age table with threshold 15 (max threshold 15)
[28.821s][trace][gc,age         ] GC(1994) - age   1:     400208 bytes,     400208 total
[28.821s][info ][gc,heap        ] GC(1994) DefNew: 140294K(157376K)->390K(157376K) Eden: 139904K(139904K)->0K(139904K) From: 390K(17472K)->390K(17472K)
[28.821s][info ][gc,heap        ] GC(1994) Tenured: 3959K(349568K)->3959K(349568K)
[28.821s][info ][gc,metaspace   ] GC(1994) Metaspace: 9890K(10176K)->9890K(10176K) NonClass: 8755K(8896K)->8755K(8896K) Class: 1134K(1280K)->1134K(1280K)
[28.821s][info ][gc             ] GC(1994) Pause Young (Allocation Failure) 140M->4M(495M) 0.165ms
[28.821s][info ][gc,cpu         ] GC(1994) User=0.00s Sys=0.00s Real=0.00s
[28.832s][info ][gc,start       ] GC(1995) Pause Young (Allocation Failure)
[28.832s][debug][gc,age         ] GC(1995) Desired survivor size 8945664 bytes, new threshold 15 (max threshold 15)
[28.832s][trace][gc,age         ] GC(1995) Age table with threshold 15 (max threshold 15)
[28.832s][trace][gc,age         ] GC(1995) - age   1:     400208 bytes,     400208 total
[28.832s][info ][gc,heap        ] GC(1995) DefNew: 140294K(157376K)->390K(157376K) Eden: 139904K(139904K)->0K(139904K) From: 390K(17472K)->390K(17472K)
[28.832s][info ][gc,heap        ] GC(1995) Tenured: 3959K(349568K)->3959K(349568K)
[28.832s][info ][gc,metaspace   ] GC(1995) Metaspace: 9890K(10176K)->9890K(10176K) NonClass: 8755K(8896K)->8755K(8896K) Class: 1134K(1280K)->1134K(1280K)
[28.832s][info ][gc             ] GC(1995) Pause Young (Allocation Failure) 140M->4M(495M) 0.171ms
[28.832s][info ][gc,cpu         ] GC(1995) User=0.00s Sys=0.00s Real=0.00s
[28.842s][info ][gc,start       ] GC(1996) Pause Young (Allocation Failure)
[28.842s][debug][gc,age         ] GC(1996) Desired survivor size 8945664 bytes, new threshold 15 (max threshold 15)
[28.842s][trace][gc,age         ] GC(1996) Age table with threshold 15 (max threshold 15)
[28.842s][trace][gc,age         ] GC(1996) - age   1:     400208 bytes,     400208 total
[28.842s][info ][gc,heap        ] GC(1996) DefNew: 140294K(157376K)->390K(157376K) Eden: 139904K(139904K)->0K(139904K) From: 390K(17472K)->390K(17472K)
[28.842s][info ][gc,heap        ] GC(1996) Tenured: 3959K(349568K)->3959K(349568K)
[28.842s][info ][gc,metaspace   ] GC(1996) Metaspace: 9890K(10176K)->9890K(10176K) NonClass: 8755K(8896K)->8755K(8896K) Class: 1134K(1280K)->1134K(1280K)
[28.842s][info ][gc             ] GC(1996) Pause Young (Allocation Failure) 140M->4M(495M) 0.161ms
[28.842s][info ][gc,cpu         ] GC(1996) User=0.00s Sys=0.00s Real=0.00s
[28.852s][info ][gc,start       ] GC(1997) Pause Young (Allocation Failure)
[28.852s][debug][gc,age         ] GC(1997) Desired survivor size 8945664 bytes, new threshold 15 (max threshold 15)
[28.852s][trace][gc,age         ] GC(1997) Age table with threshold 15 (max threshold 15)
[28.852s][trace][gc,age         ] GC(1997) - age   1:     400208 bytes,     400208 total
[28.852s][info ][gc,heap        ] GC(1997) DefNew: 140294K(157376K)->390K(157376K) Eden: 139904K(139904K)->0K(139904K) From: 390K(17472K)->390K(17472K)
[28.852s][info ][gc,heap        ] GC(1997) Tenured: 3959K(349568K)->3959K(349568K)
[28.852s][info ][gc,metaspace   ] GC(1997) Metaspace: 9890K(10176K)->9890K(10176K) NonClass: 8755K(8896K)->8755K(8896K) Class: 1134K(1280K)->1134K(1280K)
[28.852s][info ][gc             ] GC(1997) Pause Young (Allocation Failure) 140M->4M(495M) 0.168ms
[28.852s][info ][gc,cpu         ] GC(1997) User=0.00s Sys=0.00s Real=0.00s
[28.862s][info ][gc,start       ] GC(1998) Pause Young (Allocation Failure)
[28.862s][debug][gc,age         ] GC(1998) Desired survivor size 8945664 bytes, new threshold 15 (max threshold 15)
[28.862s][trace][gc,age         ] GC(1998) Age table with threshold 15 (max threshold 15)
[28.862s][trace][gc,age         ] GC(1998) - age   1:     400208 bytes,     400208 total
[28.862s][info ][gc,heap        ] GC(1998) DefNew: 140294K(157376K)->390K(157376K) Eden: 139904K(139904K)->0K(139904K) From: 390K(17472K)->390K(17472K)
[28.862s][info ][gc,heap        ] GC(1998) Tenured: 3959K(349568K)->3959K(349568K)
[28.862s][info ][gc,metaspace   ] GC(1998) Metaspace: 9890K(10176K)->9890K(10176K) NonClass: 8755K(8896K)->8755K(8896K) Class: 1134K(1280K)->1134K(1280K)
[28.862s][info ][gc             ] GC(1998) Pause Young (Allocation Failure) 140M->4M(495M) 0.166ms
[28.862s][info ][gc,cpu         ] GC(1998) User=0.00s Sys=0.00s Real=0.00s
[28.872s][info ][gc,start       ] GC(1999) Pause Young (Allocation Failure)
[28.873s][debug][gc,age         ] GC(1999) Desired survivor size 8945664 bytes, new threshold 15 (max threshold 15)
[28.873s][trace][gc,age         ] GC(1999) Age table with threshold 15 (max threshold 15)
[28.873s][trace][gc,age         ] GC(1999) - age   1:     400208 bytes,     400208 total
[28.873s][info ][gc,heap        ] GC(1999) DefNew: 140294K(157376K)->390K(157376K) Eden: 139904K(139904K)->0K(139904K) From: 390K(17472K)->390K(17472K)
[28.873s][info ][gc,heap        ] GC(1999) Tenured: 3959K(349568K)->3959K(349568K)
[28.873s][info ][gc,metaspace   ] GC(1999) Metaspace: 9890K(10176K)->9890K(10176K) NonClass: 8755K(8896K)->8755K(8896K) Class: 1134K(1280K)->1134K(1280K)
[28.873s][info ][gc             ] GC(1999) Pause Young (Allocation Failure) 140M->4M(495M) 0.160ms
[28.873s][info ][gc,cpu         ] GC(1999) User=0.00s Sys=0.00s Real=0.00s
[28.883s][info ][gc,start       ] GC(2000) Pause Young (Allocation Failure)
[28.883s][debug][gc,age         ] GC(2000) Desired survivor size 8945664 bytes, new threshold 15 (max threshold 15)
[28.883s][trace][gc,age         ] GC(2000) Age table with threshold 15 (max threshold 15)
[28.883s][trace][gc,age         ] GC(2000) - age   1:     400208 bytes,     400208 total
[28.883s][info ][gc,heap        ] GC(2000) DefNew: 140294K(157376K)->390K(157376K) Eden: 139904K(139904K)->0K(139904K) From: 390K(17472K)->390K(17472K)
[28.883s][info ][gc,heap        ] GC(2000) Tenured: 3959K(349568K)->3959K(349568K)
[28.883s][info ][gc,metaspace   ] GC(2000) Metaspace: 9890K(10176K)->9890K(10176K) NonClass: 8755K(8896K)->8755K(8896K) Class: 1134K(1280K)->1134K(1280K)
[28.883s][info ][gc             ] GC(2000) Pause Young (Allocation Failure) 140M->4M(495M) 0.167ms
[28.883s][info ][gc,cpu         ] GC(2000) User=0.00s Sys=0.00s Real=0.00s
[28.893s][info ][gc,start       ] GC(2001) Pause Young (Allocation Failure)
[28.893s][debug][gc,age         ] GC(2001) Desired survivor size 8945664 bytes, new threshold 15 (max threshold 15)
[28.893s][trace][gc,age         ] GC(2001) Age table with threshold 15 (max threshold 15)
[28.893s][trace][gc,age         ] GC(2001) - age   1:     400208 bytes,     400208 total
[28.893s][info ][gc,heap        ] GC(2001) DefNew: 140294K(157376K)->390K(157376K) Eden: 139904K(139904K)->0K(139904K) From: 390K(17472K)->390K(17472K)
[28.893s][info ][gc,heap        ] GC(2001) Tenured: 3959K(349568K)->3959K(349568K)
[28.893s][info ][gc,metaspace   ] GC(2001) Metaspace: 9890K(10176K)->9890K(10176K) NonClass: 8755K(8896K)->8755K(8896K) Class: 1134K(1280K)->1134K(1280K)
[28.893s][info ][gc             ] GC(2001) Pause Young (Allocation Failure) 140M->4M(495M) 0.164ms
[28.893s][info ][gc,cpu         ] GC(2001) User=0.00s Sys=0.00s Real=0.00s
[28.903s][info ][gc,start       ] GC(2002) Pause Young (Allocation Failure)
[28.903s][debug][gc,age         ] GC(2002) Desired survivor size 8945664 bytes, new threshold 15 (max threshold 15)
[28.903s][trace][gc,age         ] GC(2002) Age table with threshold 15 (max threshold 15)
[28.903s][trace][gc,age         ] GC(2002) - age   1:     400208 bytes,     400208 total
[28.903s][info ][gc,heap        ] GC(2002) DefNew: 140294K(157376K)->390K(157376K) Eden: 139904K(139904K)->0K(139904K) From: 390K(17472K)->390K(17472K)
[28.903s][info ][gc,heap        ] GC(2002) Tenured: 3959K(349568K)->3959K(349568K)
[28.903s][info ][gc,metaspace   ] GC(2002) Metaspace: 9890K(10176K)->9890K(10176K) NonClass: 8755K(8896K)->8755K(8896K) Class: 1134K(1280K)->1134K(1280K)
[28.903s][info ][gc             ] GC(2002) Pause Young (Allocation Failure) 140M->4M(495M) 0.161ms
[28.903s][info ][gc,cpu         ] GC(2002) User=0.00s Sys=0.00s Real=0.00s
[28.913s][info ][gc,start       ] GC(2003) Pause Young (Allocation Failure)
[28.913s][debug][gc,age         ] GC(2003) Desired survivor size 8945664 bytes, new threshold 15 (max threshold 15)
[28.913s][trace][gc,age         ] GC(2003) Age table with threshold 15 (max threshold 15)
[28.913s][trace][gc,age         ] GC(2003) - age   1:     400208 bytes,     400208 total
[28.913s][info ][gc,heap        ] GC(2003) DefNew: 140294K(157376K)->390K(157376K) Eden: 139904K(139904K)->0K(139904K) From: 390K(17472K)->390K(17472K)
[28.913s][info ][gc,heap        ] GC(2003) Tenured: 3959K(349568K)->3959K(349568K)
[28.913s][info ][gc,metaspace   ] GC(2003) Metaspace: 9890K(10176K)->9890K(10176K) NonClass: 8755K(8896K)->8755K(8896K) Class: 1134K(1280K)->1134K(1280K)
[28.913s][info ][gc             ] GC(2003) Pause Young (Allocation Failure) 140M->4M(495M) 0.167ms
[28.913s][info ][gc,cpu         ] GC(2003) User=0.00s Sys=0.00s Real=0.00s
[28.923s][info ][gc,start       ] GC(2004) Pause Young (Allocation Failure)
[28.924s][debug][gc,age         ] GC(2004) Desired survivor size 8945664 bytes, new threshold 15 (max threshold 15)
[28.924s][trace][gc,age         ] GC(2004) Age table with threshold 15 (max threshold 15)
[28.924s][trace][gc,age         ] GC(2004) - age   1:     400208 bytes,     400208 total
[28.924s][info ][gc,heap        ] GC(2004) DefNew: 140294K(157376K)->390K(157376K) Eden: 139904K(139904K)->0K(139904K) From: 390K(17472K)->390K(17472K)
[28.924s][info ][gc,heap        ] GC(2004) Tenured: 3959K(349568K)->3959K(349568K)
[28.924s][info ][gc,metaspace   ] GC(2004) Metaspace: 9890K(10176K)->9890K(10176K) NonClass: 8755K(8896K)->8755K(8896K) Class: 1134K(1280K)->1134K(1280K)
[28.924s][info ][gc             ] GC(2004) Pause Young (Allocation Failure) 140M->4M(495M) 0.162ms
[28.924s][info ][gc,cpu         ] GC(2004) User=0.00s Sys=0.00s Real=0.00s
[28.934s][info ][gc,start       ] GC(2005) Pause Young (Allocation Failure)
[28.934s][debug][gc,age         ] GC(2005) Desired survivor size 8945664 bytes, new threshold 15 (max threshold 15)
[28.934s][trace][gc,age         ] GC(2005) Age table with threshold 15 (max threshold 15)
[28.934s][trace][gc,age         ] GC(2005) - age   1:     400208 bytes,     400208 total
[28.934s][info ][gc,heap        ] GC(2005) DefNew: 140294K(157376K)->390K(157376K) Eden: 139904K(139904K)->0K(139904K) From: 390K(17472K)->390K(17472K)
[28.934s][info ][gc,heap        ] GC(2005) Tenured: 3959K(349568K)->3959K(349568K)
[28.934s][info ][gc,metaspace   ] GC(2005) Metaspace: 9890K(10176K)->9890K(10176K) NonClass: 8755K(8896K)->8755K(8896K) Class: 1134K(1280K)->1134K(1280K)
[28.934s][info ][gc             ] GC(2005) Pause Young (Allocation Failure) 140M->4M(495M) 0.171ms
[28.934s][info ][gc,cpu         ] GC(2005) User=0.00s Sys=0.00s Real=0.00s
[28.944s][info ][gc,start       ] GC(2006) Pause Young (Allocation Failure)
[28.944s][debug][gc,age         ] GC(2006) Desired survivor size 8945664 bytes, new threshold 15 (max threshold 15)
[28.944s][trace][gc,age         ] GC(2006) Age table with threshold 15 (max threshold 15)
[28.944s][trace][gc,age         ] GC(2006) - age   1:     400208 bytes,     400208 total
[28.944s][info ][gc,heap        ] GC(2006) DefNew: 140294K(157376K)->390K(157376K) Eden: 139904K(139904K)->0K(139904K) From: 390K(17472K)->390K(17472K)
[28.944s][info ][gc,heap        ] GC(2006) Tenured: 3959K(349568K)->3959K(349568K)
[28.944s][info ][gc,metaspace   ] GC(2006) Metaspace: 9890K(10176K)->9890K(10176K) NonClass: 8755K(8896K)->8755K(8896K) Class: 1134K(1280K)->1134K(1280K)
[28.944s][info ][gc             ] GC(2006) Pause Young (Allocation Failure) 140M->4M(495M) 0.173ms
[28.944s][info ][gc,cpu         ] GC(2006) User=0.00s Sys=0.00s Real=0.00s
[28.954s][info ][gc,start       ] GC(2007) Pause Young (Allocation Failure)
[28.954s][debug][gc,age         ] GC(2007) Desired survivor size 8945664 bytes, new threshold 15 (max threshold 15)
[28.954s][trace][gc,age         ] GC(2007) Age table with threshold 15 (max threshold 15)
[28.954s][trace][gc,age         ] GC(2007) - age   1:     400208 bytes,     400208 total
[28.954s][info ][gc,heap        ] GC(2007) DefNew: 140294K(157376K)->390K(157376K) Eden: 139904K(139904K)->0K(139904K) From: 390K(17472K)->390K(17472K)
[28.954s][info ][gc,heap        ] GC(2007) Tenured: 3959K(349568K)->3959K(349568K)
[28.954s][info ][gc,metaspace   ] GC(2007) Metaspace: 9890K(10176K)->9890K(10176K) NonClass: 8755K(8896K)->8755K(8896K) Class: 1134K(1280K)->1134K(1280K)
[28.954s][info ][gc             ] GC(2007) Pause Young (Allocation Failure) 140M->4M(495M) 0.161ms
[28.954s][info ][gc,cpu         ] GC(2007) User=0.00s Sys=0.00s Real=0.00s
[28.964s][info ][gc,start       ] GC(2008) Pause Young (Allocation Failure)
[28.964s][debug][gc,age         ] GC(2008) Desired survivor size 8945664 bytes, new threshold 15 (max threshold 15)
[28.964s][trace][gc,age         ] GC(2008) Age table with threshold 15 (max threshold 15)
[28.965s][trace][gc,age         ] GC(2008) - age   1:     400208 bytes,     400208 total
[28.965s][info ][gc,heap        ] GC(2008) DefNew: 140294K(157376K)->390K(157376K) Eden: 139904K(139904K)->0K(139904K) From: 390K(17472K)->390K(17472K)
[28.965s][info ][gc,heap        ] GC(2008) Tenured: 3959K(349568K)->3959K(349568K)
[28.965s][info ][gc,metaspace   ] GC(2008) Metaspace: 9890K(10176K)->9890K(10176K) NonClass: 8755K(8896K)->8755K(8896K) Class: 1134K(1280K)->1134K(1280K)
[28.965s][info ][gc             ] GC(2008) Pause Young (Allocation Failure) 140M->4M(495M) 0.170ms
[28.965s][info ][gc,cpu         ] GC(2008) User=0.00s Sys=0.00s Real=0.00s
[28.975s][info ][gc,start       ] GC(2009) Pause Young (Allocation Failure)
[28.975s][debug][gc,age         ] GC(2009) Desired survivor size 8945664 bytes, new threshold 15 (max threshold 15)
[28.975s][trace][gc,age         ] GC(2009) Age table with threshold 15 (max threshold 15)
[28.975s][trace][gc,age         ] GC(2009) - age   1:     400208 bytes,     400208 total
[28.975s][info ][gc,heap        ] GC(2009) DefNew: 140294K(157376K)->390K(157376K) Eden: 139904K(139904K)->0K(139904K) From: 390K(17472K)->390K(17472K)
[28.975s][info ][gc,heap        ] GC(2009) Tenured: 3959K(349568K)->3959K(349568K)
[28.975s][info ][gc,metaspace   ] GC(2009) Metaspace: 9890K(10176K)->9890K(10176K) NonClass: 8755K(8896K)->8755K(8896K) Class: 1134K(1280K)->1134K(1280K)
[28.975s][info ][gc             ] GC(2009) Pause Young (Allocation Failure) 140M->4M(495M) 0.164ms
[28.975s][info ][gc,cpu         ] GC(2009) User=0.00s Sys=0.00s Real=0.00s
[28.985s][info ][gc,start       ] GC(2010) Pause Young (Allocation Failure)
[28.985s][debug][gc,age         ] GC(2010) Desired survivor size 8945664 bytes, new threshold 15 (max threshold 15)
[28.985s][trace][gc,age         ] GC(2010) Age table with threshold 15 (max threshold 15)
[28.985s][trace][gc,age         ] GC(2010) - age   1:     400208 bytes,     400208 total
[28.985s][info ][gc,heap        ] GC(2010) DefNew: 140294K(157376K)->390K(157376K) Eden: 139904K(139904K)->0K(139904K) From: 390K(17472K)->390K(17472K)
[28.985s][info ][gc,heap        ] GC(2010) Tenured: 3959K(349568K)->3959K(349568K)
[28.985s][info ][gc,metaspace   ] GC(2010) Metaspace: 9890K(10176K)->9890K(10176K) NonClass: 8755K(8896K)->8755K(8896K) Class: 1134K(1280K)->1134K(1280K)
[28.985s][info ][gc             ] GC(2010) Pause Young (Allocation Failure) 140M->4M(495M) 0.162ms
[28.985s][info ][gc,cpu         ] GC(2010) User=0.00s Sys=0.00s Real=0.00s
[28.995s][info ][gc,start       ] GC(2011) Pause Young (Allocation Failure)
[28.995s][debug][gc,age         ] GC(2011) Desired survivor size 8945664 bytes, new threshold 15 (max threshold 15)
[28.995s][trace][gc,age         ] GC(2011) Age table with threshold 15 (max threshold 15)
[28.995s][trace][gc,age         ] GC(2011) - age   1:     400208 bytes,     400208 total
[28.995s][info ][gc,heap        ] GC(2011) DefNew: 140294K(157376K)->390K(157376K) Eden: 139904K(139904K)->0K(139904K) From: 390K(17472K)->390K(17472K)
[28.995s][info ][gc,heap        ] GC(2011) Tenured: 3959K(349568K)->3959K(349568K)
[28.995s][info ][gc,metaspace   ] GC(2011) Metaspace: 9890K(10176K)->9890K(10176K) NonClass: 8755K(8896K)->8755K(8896K) Class: 1134K(1280K)->1134K(1280K)
[28.995s][info ][gc             ] GC(2011) Pause Young (Allocation Failure) 140M->4M(495M) 0.164ms
[28.995s][info ][gc,cpu         ] GC(2011) User=0.00s Sys=0.00s Real=0.00s
[29.005s][info ][gc,start       ] GC(2012) Pause Young (Allocation Failure)
[29.005s][debug][gc,age         ] GC(2012) Desired survivor size 8945664 bytes, new threshold 15 (max threshold 15)
[29.005s][trace][gc,age         ] GC(2012) Age table with threshold 15 (max threshold 15)
[29.005s][trace][gc,age         ] GC(2012) - age   1:     400208 bytes,     400208 total
[29.005s][info ][gc,heap        ] GC(2012) DefNew: 140294K(157376K)->390K(157376K) Eden: 139904K(139904K)->0K(139904K) From: 390K(17472K)->390K(17472K)
[29.005s][info ][gc,heap        ] GC(2012) Tenured: 3959K(349568K)->3959K(349568K)
[29.005s][info ][gc,metaspace   ] GC(2012) Metaspace: 9890K(10176K)->9890K(10176K) NonClass: 8755K(8896K)->8755K(8896K) Class: 1134K(1280K)->1134K(1280K)
[29.005s][info ][gc             ] GC(2012) Pause Young (Allocation Failure) 140M->4M(495M) 0.170ms
[29.005s][info ][gc,cpu         ] GC(2012) User=0.00s Sys=0.00s Real=0.00s
[29.015s][info ][gc,start       ] GC(2013) Pause Young (Allocation Failure)
[29.015s][debug][gc,age         ] GC(2013) Desired survivor size 8945664 bytes, new threshold 15 (max threshold 15)
[29.015s][trace][gc,age         ] GC(2013) Age table with threshold 15 (max threshold 15)
[29.015s][trace][gc,age         ] GC(2013) - age   1:     400208 bytes,     400208 total
[29.016s][info ][gc,heap        ] GC(2013) DefNew: 140294K(157376K)->390K(157376K) Eden: 139904K(139904K)->0K(139904K) From: 390K(17472K)->390K(17472K)
[29.016s][info ][gc,heap        ] GC(2013) Tenured: 3959K(349568K)->3959K(349568K)
[29.016s][info ][gc,metaspace   ] GC(2013) Metaspace: 9890K(10176K)->9890K(10176K) NonClass: 8755K(8896K)->8755K(8896K) Class: 1134K(1280K)->1134K(1280K)
[29.016s][info ][gc             ] GC(2013) Pause Young (Allocation Failure) 140M->4M(495M) 0.163ms
[29.016s][info ][gc,cpu         ] GC(2013) User=0.00s Sys=0.00s Real=0.00s
[29.026s][info ][gc,start       ] GC(2014) Pause Young (Allocation Failure)
[29.026s][debug][gc,age         ] GC(2014) Desired survivor size 8945664 bytes, new threshold 15 (max threshold 15)
[29.026s][trace][gc,age         ] GC(2014) Age table with threshold 15 (max threshold 15)
[29.026s][trace][gc,age         ] GC(2014) - age   1:     400208 bytes,     400208 total
[29.026s][info ][gc,heap        ] GC(2014) DefNew: 140294K(157376K)->390K(157376K) Eden: 139904K(139904K)->0K(139904K) From: 390K(17472K)->390K(17472K)
[29.026s][info ][gc,heap        ] GC(2014) Tenured: 3959K(349568K)->3959K(349568K)
[29.026s][info ][gc,metaspace   ] GC(2014) Metaspace: 9890K(10176K)->9890K(10176K) NonClass: 8755K(8896K)->8755K(8896K) Class: 1134K(1280K)->1134K(1280K)
[29.026s][info ][gc             ] GC(2014) Pause Young (Allocation Failure) 140M->4M(495M) 0.166ms
[29.026s][info ][gc,cpu         ] GC(2014) User=0.00s Sys=0.00s Real=0.00s
[29.036s][info ][gc,start       ] GC(2015) Pause Young (Allocation Failure)
[29.036s][debug][gc,age         ] GC(2015) Desired survivor size 8945664 bytes, new threshold 15 (max threshold 15)
[29.036s][trace][gc,age         ] GC(2015) Age table with threshold 15 (max threshold 15)
[29.036s][trace][gc,age         ] GC(2015) - age   1:     400208 bytes,     400208 total
[29.036s][info ][gc,heap        ] GC(2015) DefNew: 140294K(157376K)->390K(157376K) Eden: 139904K(139904K)->0K(139904K) From: 390K(17472K)->390K(17472K)
[29.036s][info ][gc,heap        ] GC(2015) Tenured: 3959K(349568K)->3959K(349568K)
[29.036s][info ][gc,metaspace   ] GC(2015) Metaspace: 9890K(10176K)->9890K(10176K) NonClass: 8755K(8896K)->8755K(8896K) Class: 1134K(1280K)->1134K(1280K)
[29.036s][info ][gc             ] GC(2015) Pause Young (Allocation Failure) 140M->4M(495M) 0.167ms
[29.036s][info ][gc,cpu         ] GC(2015) User=0.00s Sys=0.00s Real=0.00s
[29.046s][info ][gc,start       ] GC(2016) Pause Young (Allocation Failure)
[29.046s][debug][gc,age         ] GC(2016) Desired survivor size 8945664 bytes, new threshold 15 (max threshold 15)
[29.046s][trace][gc,age         ] GC(2016) Age table with threshold 15 (max threshold 15)
[29.046s][trace][gc,age         ] GC(2016) - age   1:     400208 bytes,     400208 total
[29.046s][info ][gc,heap        ] GC(2016) DefNew: 140294K(157376K)->390K(157376K) Eden: 139904K(139904K)->0K(139904K) From: 390K(17472K)->390K(17472K)
[29.046s][info ][gc,heap        ] GC(2016) Tenured: 3959K(349568K)->3959K(349568K)
[29.046s][info ][gc,metaspace   ] GC(2016) Metaspace: 9890K(10176K)->9890K(10176K) NonClass: 8755K(8896K)->8755K(8896K) Class: 1134K(1280K)->1134K(1280K)
[29.046s][info ][gc             ] GC(2016) Pause Young (Allocation Failure) 140M->4M(495M) 0.164ms
[29.046s][info ][gc,cpu         ] GC(2016) User=0.00s Sys=0.00s Real=0.00s
[29.056s][info ][gc,start       ] GC(2017) Pause Young (Allocation Failure)
[29.056s][debug][gc,age         ] GC(2017) Desired survivor size 8945664 bytes, new threshold 15 (max threshold 15)
[29.056s][trace][gc,age         ] GC(2017) Age table with threshold 15 (max threshold 15)
[29.056s][trace][gc,age         ] GC(2017) - age   1:     400208 bytes,     400208 total
[29.056s][info ][gc,heap        ] GC(2017) DefNew: 140294K(157376K)->390K(157376K) Eden: 139904K(139904K)->0K(139904K) From: 390K(17472K)->390K(17472K)
[29.056s][info ][gc,heap        ] GC(2017) Tenured: 3959K(349568K)->3959K(349568K)
[29.056s][info ][gc,metaspace   ] GC(2017) Metaspace: 9890K(10176K)->9890K(10176K) NonClass: 8755K(8896K)->8755K(8896K) Class: 1134K(1280K)->1134K(1280K)
[29.056s][info ][gc             ] GC(2017) Pause Young (Allocation Failure) 140M->4M(495M) 0.166ms
[29.056s][info ][gc,cpu         ] GC(2017) User=0.00s Sys=0.00s Real=0.00s
[29.066s][info ][gc,start       ] GC(2018) Pause Young (Allocation Failure)
[29.067s][debug][gc,age         ] GC(2018) Desired survivor size 8945664 bytes, new threshold 15 (max threshold 15)
[29.067s][trace][gc,age         ] GC(2018) Age table with threshold 15 (max threshold 15)
[29.067s][trace][gc,age         ] GC(2018) - age   1:     400208 bytes,     400208 total
[29.067s][info ][gc,heap        ] GC(2018) DefNew: 140294K(157376K)->390K(157376K) Eden: 139904K(139904K)->0K(139904K) From: 390K(17472K)->390K(17472K)
[29.067s][info ][gc,heap        ] GC(2018) Tenured: 3959K(349568K)->3959K(349568K)
[29.067s][info ][gc,metaspace   ] GC(2018) Metaspace: 9890K(10176K)->9890K(10176K) NonClass: 8755K(8896K)->8755K(8896K) Class: 1134K(1280K)->1134K(1280K)
[29.067s][info ][gc             ] GC(2018) Pause Young (Allocation Failure) 140M->4M(495M) 0.166ms
[29.067s][info ][gc,cpu         ] GC(2018) User=0.00s Sys=0.00s Real=0.00s
[29.077s][info ][gc,start       ] GC(2019) Pause Young (Allocation Failure)
[29.077s][debug][gc,age         ] GC(2019) Desired survivor size 8945664 bytes, new threshold 15 (max threshold 15)
[29.077s][trace][gc,age         ] GC(2019) Age table with threshold 15 (max threshold 15)
[29.077s][trace][gc,age         ] GC(2019) - age   1:     400208 bytes,     400208 total
[29.077s][info ][gc,heap        ] GC(2019) DefNew: 140294K(157376K)->390K(157376K) Eden: 139904K(139904K)->0K(139904K) From: 390K(17472K)->390K(17472K)
[29.077s][info ][gc,heap        ] GC(2019) Tenured: 3959K(349568K)->3959K(349568K)
[29.077s][info ][gc,metaspace   ] GC(2019) Metaspace: 9890K(10176K)->9890K(10176K) NonClass: 8755K(8896K)->8755K(8896K) Class: 1134K(1280K)->1134K(1280K)
[29.077s][info ][gc             ] GC(2019) Pause Young (Allocation Failure) 140M->4M(495M) 0.162ms
[29.077s][info ][gc,cpu         ] GC(2019) User=0.00s Sys=0.00s Real=0.00s
[29.087s][info ][gc,start       ] GC(2020) Pause Young (Allocation Failure)
[29.087s][debug][gc,age         ] GC(2020) Desired survivor size 8945664 bytes, new threshold 15 (max threshold 15)
[29.087s][trace][gc,age         ] GC(2020) Age table with threshold 15 (max threshold 15)
[29.087s][trace][gc,age         ] GC(2020) - age   1:     400208 bytes,     400208 total
[29.087s][info ][gc,heap        ] GC(2020) DefNew: 140294K(157376K)->390K(157376K) Eden: 139904K(139904K)->0K(139904K) From: 390K(17472K)->390K(17472K)
[29.087s][info ][gc,heap        ] GC(2020) Tenured: 3959K(349568K)->3959K(349568K)
[29.087s][info ][gc,metaspace   ] GC(2020) Metaspace: 9890K(10176K)->9890K(10176K) NonClass: 8755K(8896K)->8755K(8896K) Class: 1134K(1280K)->1134K(1280K)
[29.087s][info ][gc             ] GC(2020) Pause Young (Allocation Failure) 140M->4M(495M) 0.163ms
[29.087s][info ][gc,cpu         ] GC(2020) User=0.00s Sys=0.00s Real=0.00s
[29.097s][info ][gc,start       ] GC(2021) Pause Young (Allocation Failure)
[29.097s][debug][gc,age         ] GC(2021) Desired survivor size 8945664 bytes, new threshold 15 (max threshold 15)
[29.097s][trace][gc,age         ] GC(2021) Age table with threshold 15 (max threshold 15)
[29.097s][trace][gc,age         ] GC(2021) - age   1:     400208 bytes,     400208 total
[29.097s][info ][gc,heap        ] GC(2021) DefNew: 140294K(157376K)->390K(157376K) Eden: 139904K(139904K)->0K(139904K) From: 390K(17472K)->390K(17472K)
[29.097s][info ][gc,heap        ] GC(2021) Tenured: 3959K(349568K)->3959K(349568K)
[29.097s][info ][gc,metaspace   ] GC(2021) Metaspace: 9890K(10176K)->9890K(10176K) NonClass: 8755K(8896K)->8755K(8896K) Class: 1134K(1280K)->1134K(1280K)
[29.097s][info ][gc             ] GC(2021) Pause Young (Allocation Failure) 140M->4M(495M) 0.162ms
[29.097s][info ][gc,cpu         ] GC(2021) User=0.00s Sys=0.00s Real=0.00s
[29.107s][info ][gc,start       ] GC(2022) Pause Young (Allocation Failure)
[29.107s][debug][gc,age         ] GC(2022) Desired survivor size 8945664 bytes, new threshold 15 (max threshold 15)
[29.107s][trace][gc,age         ] GC(2022) Age table with threshold 15 (max threshold 15)
[29.107s][trace][gc,age         ] GC(2022) - age   1:     400208 bytes,     400208 total
[29.107s][info ][gc,heap        ] GC(2022) DefNew: 140294K(157376K)->390K(157376K) Eden: 139904K(139904K)->0K(139904K) From: 390K(17472K)->390K(17472K)
[29.107s][info ][gc,heap        ] GC(2022) Tenured: 3959K(349568K)->3959K(349568K)
[29.107s][info ][gc,metaspace   ] GC(2022) Metaspace: 9890K(10176K)->9890K(10176K) NonClass: 8755K(8896K)->8755K(8896K) Class: 1134K(1280K)->1134K(1280K)
[29.107s][info ][gc             ] GC(2022) Pause Young (Allocation Failure) 140M->4M(495M) 0.165ms
[29.107s][info ][gc,cpu         ] GC(2022) User=0.00s Sys=0.00s Real=0.00s
[29.117s][info ][gc,start       ] GC(2023) Pause Young (Allocation Failure)
[29.118s][debug][gc,age         ] GC(2023) Desired survivor size 8945664 bytes, new threshold 15 (max threshold 15)
[29.118s][trace][gc,age         ] GC(2023) Age table with threshold 15 (max threshold 15)
[29.118s][trace][gc,age         ] GC(2023) - age   1:     400208 bytes,     400208 total
[29.118s][info ][gc,heap        ] GC(2023) DefNew: 140294K(157376K)->390K(157376K) Eden: 139904K(139904K)->0K(139904K) From: 390K(17472K)->390K(17472K)
[29.118s][info ][gc,heap        ] GC(2023) Tenured: 3959K(349568K)->3959K(349568K)
[29.118s][info ][gc,metaspace   ] GC(2023) Metaspace: 9890K(10176K)->9890K(10176K) NonClass: 8755K(8896K)->8755K(8896K) Class: 1134K(1280K)->1134K(1280K)
[29.118s][info ][gc             ] GC(2023) Pause Young (Allocation Failure) 140M->4M(495M) 0.167ms
[29.118s][info ][gc,cpu         ] GC(2023) User=0.00s Sys=0.00s Real=0.00s
[29.128s][info ][gc,start       ] GC(2024) Pause Young (Allocation Failure)
[29.128s][debug][gc,age         ] GC(2024) Desired survivor size 8945664 bytes, new threshold 15 (max threshold 15)
[29.128s][trace][gc,age         ] GC(2024) Age table with threshold 15 (max threshold 15)
[29.128s][trace][gc,age         ] GC(2024) - age   1:     400208 bytes,     400208 total
[29.128s][info ][gc,heap        ] GC(2024) DefNew: 140294K(157376K)->390K(157376K) Eden: 139904K(139904K)->0K(139904K) From: 390K(17472K)->390K(17472K)
[29.128s][info ][gc,heap        ] GC(2024) Tenured: 3959K(349568K)->3959K(349568K)
[29.128s][info ][gc,metaspace   ] GC(2024) Metaspace: 9890K(10176K)->9890K(10176K) NonClass: 8755K(8896K)->8755K(8896K) Class: 1134K(1280K)->1134K(1280K)
[29.128s][info ][gc             ] GC(2024) Pause Young (Allocation Failure) 140M->4M(495M) 0.169ms
[29.128s][info ][gc,cpu         ] GC(2024) User=0.00s Sys=0.00s Real=0.00s
[29.138s][info ][gc,start       ] GC(2025) Pause Young (Allocation Failure)
[29.138s][debug][gc,age         ] GC(2025) Desired survivor size 8945664 bytes, new threshold 15 (max threshold 15)
[29.138s][trace][gc,age         ] GC(2025) Age table with threshold 15 (max threshold 15)
[29.138s][trace][gc,age         ] GC(2025) - age   1:     400208 bytes,     400208 total
[29.138s][info ][gc,heap        ] GC(2025) DefNew: 140294K(157376K)->390K(157376K) Eden: 139904K(139904K)->0K(139904K) From: 390K(17472K)->390K(17472K)
[29.138s][info ][gc,heap        ] GC(2025) Tenured: 3959K(349568K)->3959K(349568K)
[29.138s][info ][gc,metaspace   ] GC(2025) Metaspace: 9890K(10176K)->9890K(10176K) NonClass: 8755K(8896K)->8755K(8896K) Class: 1134K(1280K)->1134K(1280K)
[29.138s][info ][gc             ] GC(2025) Pause Young (Allocation Failure) 140M->4M(495M) 0.160ms
[29.138s][info ][gc,cpu         ] GC(2025) User=0.00s Sys=0.00s Real=0.00s
[29.148s][info ][gc,start       ] GC(2026) Pause Young (Allocation Failure)
[29.148s][debug][gc,age         ] GC(2026) Desired survivor size 8945664 bytes, new threshold 15 (max threshold 15)
[29.148s][trace][gc,age         ] GC(2026) Age table with threshold 15 (max threshold 15)
[29.148s][trace][gc,age         ] GC(2026) - age   1:     400208 bytes,     400208 total
[29.148s][info ][gc,heap        ] GC(2026) DefNew: 140294K(157376K)->390K(157376K) Eden: 139904K(139904K)->0K(139904K) From: 390K(17472K)->390K(17472K)
[29.148s][info ][gc,heap        ] GC(2026) Tenured: 3959K(349568K)->3959K(349568K)
[29.148s][info ][gc,metaspace   ] GC(2026) Metaspace: 9890K(10176K)->9890K(10176K) NonClass: 8755K(8896K)->8755K(8896K) Class: 1134K(1280K)->1134K(1280K)
[29.148s][info ][gc             ] GC(2026) Pause Young (Allocation Failure) 140M->4M(495M) 0.163ms
[29.148s][info ][gc,cpu         ] GC(2026) User=0.00s Sys=0.00s Real=0.00s
[29.158s][info ][gc,start       ] GC(2027) Pause Young (Allocation Failure)
[29.158s][debug][gc,age         ] GC(2027) Desired survivor size 8945664 bytes, new threshold 15 (max threshold 15)
[29.158s][trace][gc,age         ] GC(2027) Age table with threshold 15 (max threshold 15)
[29.158s][trace][gc,age         ] GC(2027) - age   1:     400208 bytes,     400208 total
[29.158s][info ][gc,heap        ] GC(2027) DefNew: 140294K(157376K)->390K(157376K) Eden: 139904K(139904K)->0K(139904K) From: 390K(17472K)->390K(17472K)
[29.158s][info ][gc,heap        ] GC(2027) Tenured: 3959K(349568K)->3959K(349568K)
[29.158s][info ][gc,metaspace   ] GC(2027) Metaspace: 9890K(10176K)->9890K(10176K) NonClass: 8755K(8896K)->8755K(8896K) Class: 1134K(1280K)->1134K(1280K)
[29.158s][info ][gc             ] GC(2027) Pause Young (Allocation Failure) 140M->4M(495M) 0.168ms
[29.158s][info ][gc,cpu         ] GC(2027) User=0.00s Sys=0.00s Real=0.00s
[29.169s][info ][gc,start       ] GC(2028) Pause Young (Allocation Failure)
[29.169s][debug][gc,age         ] GC(2028) Desired survivor size 8945664 bytes, new threshold 15 (max threshold 15)
[29.169s][trace][gc,age         ] GC(2028) Age table with threshold 15 (max threshold 15)
[29.169s][trace][gc,age         ] GC(2028) - age   1:     400208 bytes,     400208 total
[29.169s][info ][gc,heap        ] GC(2028) DefNew: 140294K(157376K)->390K(157376K) Eden: 139904K(139904K)->0K(139904K) From: 390K(17472K)->390K(17472K)
[29.169s][info ][gc,heap        ] GC(2028) Tenured: 3959K(349568K)->3959K(349568K)
[29.169s][info ][gc,metaspace   ] GC(2028) Metaspace: 9890K(10176K)->9890K(10176K) NonClass: 8755K(8896K)->8755K(8896K) Class: 1134K(1280K)->1134K(1280K)
[29.169s][info ][gc             ] GC(2028) Pause Young (Allocation Failure) 140M->4M(495M) 0.164ms
[29.169s][info ][gc,cpu         ] GC(2028) User=0.00s Sys=0.00s Real=0.00s
[29.179s][info ][gc,start       ] GC(2029) Pause Young (Allocation Failure)
[29.179s][debug][gc,age         ] GC(2029) Desired survivor size 8945664 bytes, new threshold 15 (max threshold 15)
[29.179s][trace][gc,age         ] GC(2029) Age table with threshold 15 (max threshold 15)
[29.179s][trace][gc,age         ] GC(2029) - age   1:     400208 bytes,     400208 total
[29.179s][info ][gc,heap        ] GC(2029) DefNew: 140294K(157376K)->390K(157376K) Eden: 139904K(139904K)->0K(139904K) From: 390K(17472K)->390K(17472K)
[29.179s][info ][gc,heap        ] GC(2029) Tenured: 3959K(349568K)->3959K(349568K)
[29.179s][info ][gc,metaspace   ] GC(2029) Metaspace: 9890K(10176K)->9890K(10176K) NonClass: 8755K(8896K)->8755K(8896K) Class: 1134K(1280K)->1134K(1280K)
[29.179s][info ][gc             ] GC(2029) Pause Young (Allocation Failure) 140M->4M(495M) 0.162ms
[29.179s][info ][gc,cpu         ] GC(2029) User=0.00s Sys=0.00s Real=0.00s
[29.189s][info ][gc,start       ] GC(2030) Pause Young (Allocation Failure)
[29.189s][debug][gc,age         ] GC(2030) Desired survivor size 8945664 bytes, new threshold 15 (max threshold 15)
[29.189s][trace][gc,age         ] GC(2030) Age table with threshold 15 (max threshold 15)
[29.189s][trace][gc,age         ] GC(2030) - age   1:     400208 bytes,     400208 total
[29.189s][info ][gc,heap        ] GC(2030) DefNew: 140294K(157376K)->390K(157376K) Eden: 139904K(139904K)->0K(139904K) From: 390K(17472K)->390K(17472K)
[29.189s][info ][gc,heap        ] GC(2030) Tenured: 3959K(349568K)->3959K(349568K)
[29.189s][info ][gc,metaspace   ] GC(2030) Metaspace: 9890K(10176K)->9890K(10176K) NonClass: 8755K(8896K)->8755K(8896K) Class: 1134K(1280K)->1134K(1280K)
[29.189s][info ][gc             ] GC(2030) Pause Young (Allocation Failure) 140M->4M(495M) 0.164ms
[29.189s][info ][gc,cpu         ] GC(2030) User=0.00s Sys=0.00s Real=0.00s
[29.199s][info ][gc,start       ] GC(2031) Pause Young (Allocation Failure)
[29.199s][debug][gc,age         ] GC(2031) Desired survivor size 8945664 bytes, new threshold 15 (max threshold 15)
[29.199s][trace][gc,age         ] GC(2031) Age table with threshold 15 (max threshold 15)
[29.199s][trace][gc,age         ] GC(2031) - age   1:     400208 bytes,     400208 total
[29.199s][info ][gc,heap        ] GC(2031) DefNew: 140294K(157376K)->390K(157376K) Eden: 139904K(139904K)->0K(139904K) From: 390K(17472K)->390K(17472K)
[29.199s][info ][gc,heap        ] GC(2031) Tenured: 3959K(349568K)->3959K(349568K)
[29.199s][info ][gc,metaspace   ] GC(2031) Metaspace: 9890K(10176K)->9890K(10176K) NonClass: 8755K(8896K)->8755K(8896K) Class: 1134K(1280K)->1134K(1280K)
[29.199s][info ][gc             ] GC(2031) Pause Young (Allocation Failure) 140M->4M(495M) 0.167ms
[29.199s][info ][gc,cpu         ] GC(2031) User=0.00s Sys=0.00s Real=0.00s
[29.209s][info ][gc,start       ] GC(2032) Pause Young (Allocation Failure)
[29.210s][debug][gc,age         ] GC(2032) Desired survivor size 8945664 bytes, new threshold 15 (max threshold 15)
[29.210s][trace][gc,age         ] GC(2032) Age table with threshold 15 (max threshold 15)
[29.210s][trace][gc,age         ] GC(2032) - age   1:     400208 bytes,     400208 total
[29.210s][info ][gc,heap        ] GC(2032) DefNew: 140294K(157376K)->390K(157376K) Eden: 139904K(139904K)->0K(139904K) From: 390K(17472K)->390K(17472K)
[29.210s][info ][gc,heap        ] GC(2032) Tenured: 3959K(349568K)->3959K(349568K)
[29.210s][info ][gc,metaspace   ] GC(2032) Metaspace: 9890K(10176K)->9890K(10176K) NonClass: 8755K(8896K)->8755K(8896K) Class: 1134K(1280K)->1134K(1280K)
[29.210s][info ][gc             ] GC(2032) Pause Young (Allocation Failure) 140M->4M(495M) 0.169ms
[29.210s][info ][gc,cpu         ] GC(2032) User=0.00s Sys=0.00s Real=0.00s
[29.220s][info ][gc,start       ] GC(2033) Pause Young (Allocation Failure)
[29.220s][debug][gc,age         ] GC(2033) Desired survivor size 8945664 bytes, new threshold 15 (max threshold 15)
[29.220s][trace][gc,age         ] GC(2033) Age table with threshold 15 (max threshold 15)
[29.220s][trace][gc,age         ] GC(2033) - age   1:     400208 bytes,     400208 total
[29.220s][info ][gc,heap        ] GC(2033) DefNew: 140294K(157376K)->390K(157376K) Eden: 139904K(139904K)->0K(139904K) From: 390K(17472K)->390K(17472K)
[29.220s][info ][gc,heap        ] GC(2033) Tenured: 3959K(349568K)->3959K(349568K)
[29.220s][info ][gc,metaspace   ] GC(2033) Metaspace: 9890K(10176K)->9890K(10176K) NonClass: 8755K(8896K)->8755K(8896K) Class: 1134K(1280K)->1134K(1280K)
[29.220s][info ][gc             ] GC(2033) Pause Young (Allocation Failure) 140M->4M(495M) 0.167ms
[29.220s][info ][gc,cpu         ] GC(2033) User=0.00s Sys=0.00s Real=0.00s
[29.230s][info ][gc,start       ] GC(2034) Pause Young (Allocation Failure)
[29.230s][debug][gc,age         ] GC(2034) Desired survivor size 8945664 bytes, new threshold 15 (max threshold 15)
[29.230s][trace][gc,age         ] GC(2034) Age table with threshold 15 (max threshold 15)
[29.230s][trace][gc,age         ] GC(2034) - age   1:     400208 bytes,     400208 total
[29.230s][info ][gc,heap        ] GC(2034) DefNew: 140294K(157376K)->390K(157376K) Eden: 139904K(139904K)->0K(139904K) From: 390K(17472K)->390K(17472K)
[29.230s][info ][gc,heap        ] GC(2034) Tenured: 3959K(349568K)->3959K(349568K)
[29.230s][info ][gc,metaspace   ] GC(2034) Metaspace: 9890K(10176K)->9890K(10176K) NonClass: 8755K(8896K)->8755K(8896K) Class: 1134K(1280K)->1134K(1280K)
[29.230s][info ][gc             ] GC(2034) Pause Young (Allocation Failure) 140M->4M(495M) 0.162ms
[29.230s][info ][gc,cpu         ] GC(2034) User=0.00s Sys=0.00s Real=0.00s
[29.240s][info ][gc,start       ] GC(2035) Pause Young (Allocation Failure)
[29.240s][debug][gc,age         ] GC(2035) Desired survivor size 8945664 bytes, new threshold 15 (max threshold 15)
[29.240s][trace][gc,age         ] GC(2035) Age table with threshold 15 (max threshold 15)
[29.240s][trace][gc,age         ] GC(2035) - age   1:     400208 bytes,     400208 total
[29.240s][info ][gc,heap        ] GC(2035) DefNew: 140294K(157376K)->390K(157376K) Eden: 139904K(139904K)->0K(139904K) From: 390K(17472K)->390K(17472K)
[29.240s][info ][gc,heap        ] GC(2035) Tenured: 3959K(349568K)->3959K(349568K)
[29.240s][info ][gc,metaspace   ] GC(2035) Metaspace: 9890K(10176K)->9890K(10176K) NonClass: 8755K(8896K)->8755K(8896K) Class: 1134K(1280K)->1134K(1280K)
[29.240s][info ][gc             ] GC(2035) Pause Young (Allocation Failure) 140M->4M(495M) 0.171ms
[29.240s][info ][gc,cpu         ] GC(2035) User=0.00s Sys=0.00s Real=0.01s
[29.250s][info ][gc,start       ] GC(2036) Pause Young (Allocation Failure)
[29.250s][debug][gc,age         ] GC(2036) Desired survivor size 8945664 bytes, new threshold 15 (max threshold 15)
[29.250s][trace][gc,age         ] GC(2036) Age table with threshold 15 (max threshold 15)
[29.250s][trace][gc,age         ] GC(2036) - age   1:     400208 bytes,     400208 total
[29.250s][info ][gc,heap        ] GC(2036) DefNew: 140294K(157376K)->390K(157376K) Eden: 139904K(139904K)->0K(139904K) From: 390K(17472K)->390K(17472K)
[29.250s][info ][gc,heap        ] GC(2036) Tenured: 3959K(349568K)->3959K(349568K)
[29.250s][info ][gc,metaspace   ] GC(2036) Metaspace: 9890K(10176K)->9890K(10176K) NonClass: 8755K(8896K)->8755K(8896K) Class: 1134K(1280K)->1134K(1280K)
[29.250s][info ][gc             ] GC(2036) Pause Young (Allocation Failure) 140M->4M(495M) 0.164ms
[29.250s][info ][gc,cpu         ] GC(2036) User=0.00s Sys=0.00s Real=0.00s
[29.260s][info ][gc,start       ] GC(2037) Pause Young (Allocation Failure)
[29.261s][debug][gc,age         ] GC(2037) Desired survivor size 8945664 bytes, new threshold 15 (max threshold 15)
[29.261s][trace][gc,age         ] GC(2037) Age table with threshold 15 (max threshold 15)
[29.261s][trace][gc,age         ] GC(2037) - age   1:     400208 bytes,     400208 total
[29.261s][info ][gc,heap        ] GC(2037) DefNew: 140294K(157376K)->390K(157376K) Eden: 139904K(139904K)->0K(139904K) From: 390K(17472K)->390K(17472K)
[29.261s][info ][gc,heap        ] GC(2037) Tenured: 3959K(349568K)->3959K(349568K)
[29.261s][info ][gc,metaspace   ] GC(2037) Metaspace: 9890K(10176K)->9890K(10176K) NonClass: 8755K(8896K)->8755K(8896K) Class: 1134K(1280K)->1134K(1280K)
[29.261s][info ][gc             ] GC(2037) Pause Young (Allocation Failure) 140M->4M(495M) 0.166ms
[29.261s][info ][gc,cpu         ] GC(2037) User=0.00s Sys=0.00s Real=0.00s
[29.271s][info ][gc,start       ] GC(2038) Pause Young (Allocation Failure)
[29.271s][debug][gc,age         ] GC(2038) Desired survivor size 8945664 bytes, new threshold 15 (max threshold 15)
[29.271s][trace][gc,age         ] GC(2038) Age table with threshold 15 (max threshold 15)
[29.271s][trace][gc,age         ] GC(2038) - age   1:     400208 bytes,     400208 total
[29.271s][info ][gc,heap        ] GC(2038) DefNew: 140294K(157376K)->390K(157376K) Eden: 139904K(139904K)->0K(139904K) From: 390K(17472K)->390K(17472K)
[29.271s][info ][gc,heap        ] GC(2038) Tenured: 3959K(349568K)->3959K(349568K)
[29.271s][info ][gc,metaspace   ] GC(2038) Metaspace: 9890K(10176K)->9890K(10176K) NonClass: 8755K(8896K)->8755K(8896K) Class: 1134K(1280K)->1134K(1280K)
[29.271s][info ][gc             ] GC(2038) Pause Young (Allocation Failure) 140M->4M(495M) 0.163ms
[29.271s][info ][gc,cpu         ] GC(2038) User=0.00s Sys=0.00s Real=0.00s
[29.281s][info ][gc,start       ] GC(2039) Pause Young (Allocation Failure)
[29.281s][debug][gc,age         ] GC(2039) Desired survivor size 8945664 bytes, new threshold 15 (max threshold 15)
[29.281s][trace][gc,age         ] GC(2039) Age table with threshold 15 (max threshold 15)
[29.281s][trace][gc,age         ] GC(2039) - age   1:     400208 bytes,     400208 total
[29.281s][info ][gc,heap        ] GC(2039) DefNew: 140294K(157376K)->390K(157376K) Eden: 139904K(139904K)->0K(139904K) From: 390K(17472K)->390K(17472K)
[29.281s][info ][gc,heap        ] GC(2039) Tenured: 3959K(349568K)->3959K(349568K)
[29.281s][info ][gc,metaspace   ] GC(2039) Metaspace: 9890K(10176K)->9890K(10176K) NonClass: 8755K(8896K)->8755K(8896K) Class: 1134K(1280K)->1134K(1280K)
[29.281s][info ][gc             ] GC(2039) Pause Young (Allocation Failure) 140M->4M(495M) 0.169ms
[29.281s][info ][gc,cpu         ] GC(2039) User=0.00s Sys=0.00s Real=0.00s
[29.291s][info ][gc,start       ] GC(2040) Pause Young (Allocation Failure)
[29.291s][debug][gc,age         ] GC(2040) Desired survivor size 8945664 bytes, new threshold 15 (max threshold 15)
[29.291s][trace][gc,age         ] GC(2040) Age table with threshold 15 (max threshold 15)
[29.291s][trace][gc,age         ] GC(2040) - age   1:     400208 bytes,     400208 total
[29.291s][info ][gc,heap        ] GC(2040) DefNew: 140294K(157376K)->390K(157376K) Eden: 139904K(139904K)->0K(139904K) From: 390K(17472K)->390K(17472K)
[29.291s][info ][gc,heap        ] GC(2040) Tenured: 3959K(349568K)->3959K(349568K)
[29.291s][info ][gc,metaspace   ] GC(2040) Metaspace: 9890K(10176K)->9890K(10176K) NonClass: 8755K(8896K)->8755K(8896K) Class: 1134K(1280K)->1134K(1280K)
[29.291s][info ][gc             ] GC(2040) Pause Young (Allocation Failure) 140M->4M(495M) 0.170ms
[29.291s][info ][gc,cpu         ] GC(2040) User=0.00s Sys=0.00s Real=0.00s
[29.301s][info ][gc,start       ] GC(2041) Pause Young (Allocation Failure)
[29.301s][debug][gc,age         ] GC(2041) Desired survivor size 8945664 bytes, new threshold 15 (max threshold 15)
[29.301s][trace][gc,age         ] GC(2041) Age table with threshold 15 (max threshold 15)
[29.301s][trace][gc,age         ] GC(2041) - age   1:     400208 bytes,     400208 total
[29.301s][info ][gc,heap        ] GC(2041) DefNew: 140294K(157376K)->390K(157376K) Eden: 139904K(139904K)->0K(139904K) From: 390K(17472K)->390K(17472K)
[29.301s][info ][gc,heap        ] GC(2041) Tenured: 3959K(349568K)->3959K(349568K)
[29.301s][info ][gc,metaspace   ] GC(2041) Metaspace: 9890K(10176K)->9890K(10176K) NonClass: 8755K(8896K)->8755K(8896K) Class: 1134K(1280K)->1134K(1280K)
[29.301s][info ][gc             ] GC(2041) Pause Young (Allocation Failure) 140M->4M(495M) 0.169ms
[29.301s][info ][gc,cpu         ] GC(2041) User=0.00s Sys=0.00s Real=0.00s
[29.311s][info ][gc,start       ] GC(2042) Pause Young (Allocation Failure)
[29.312s][debug][gc,age         ] GC(2042) Desired survivor size 8945664 bytes, new threshold 15 (max threshold 15)
[29.312s][trace][gc,age         ] GC(2042) Age table with threshold 15 (max threshold 15)
[29.312s][trace][gc,age         ] GC(2042) - age   1:     400208 bytes,     400208 total
[29.312s][info ][gc,heap        ] GC(2042) DefNew: 140294K(157376K)->390K(157376K) Eden: 139904K(139904K)->0K(139904K) From: 390K(17472K)->390K(17472K)
[29.312s][info ][gc,heap        ] GC(2042) Tenured: 3959K(349568K)->3959K(349568K)
[29.312s][info ][gc,metaspace   ] GC(2042) Metaspace: 9890K(10176K)->9890K(10176K) NonClass: 8755K(8896K)->8755K(8896K) Class: 1134K(1280K)->1134K(1280K)
[29.312s][info ][gc             ] GC(2042) Pause Young (Allocation Failure) 140M->4M(495M) 0.165ms
[29.312s][info ][gc,cpu         ] GC(2042) User=0.00s Sys=0.00s Real=0.00s
[29.322s][info ][gc,start       ] GC(2043) Pause Young (Allocation Failure)
[29.322s][debug][gc,age         ] GC(2043) Desired survivor size 8945664 bytes, new threshold 15 (max threshold 15)
[29.322s][trace][gc,age         ] GC(2043) Age table with threshold 15 (max threshold 15)
[29.322s][trace][gc,age         ] GC(2043) - age   1:     400208 bytes,     400208 total
[29.322s][info ][gc,heap        ] GC(2043) DefNew: 140294K(157376K)->390K(157376K) Eden: 139904K(139904K)->0K(139904K) From: 390K(17472K)->390K(17472K)
[29.322s][info ][gc,heap        ] GC(2043) Tenured: 3959K(349568K)->3959K(349568K)
[29.322s][info ][gc,metaspace   ] GC(2043) Metaspace: 9890K(10176K)->9890K(10176K) NonClass: 8755K(8896K)->8755K(8896K) Class: 1134K(1280K)->1134K(1280K)
[29.322s][info ][gc             ] GC(2043) Pause Young (Allocation Failure) 140M->4M(495M) 0.164ms
[29.322s][info ][gc,cpu         ] GC(2043) User=0.00s Sys=0.00s Real=0.00s
[29.332s][info ][gc,start       ] GC(2044) Pause Young (Allocation Failure)
[29.332s][debug][gc,age         ] GC(2044) Desired survivor size 8945664 bytes, new threshold 15 (max threshold 15)
[29.332s][trace][gc,age         ] GC(2044) Age table with threshold 15 (max threshold 15)
[29.332s][trace][gc,age         ] GC(2044) - age   1:     400208 bytes,     400208 total
[29.332s][info ][gc,heap        ] GC(2044) DefNew: 140294K(157376K)->390K(157376K) Eden: 139904K(139904K)->0K(139904K) From: 390K(17472K)->390K(17472K)
[29.332s][info ][gc,heap        ] GC(2044) Tenured: 3959K(349568K)->3959K(349568K)
[29.332s][info ][gc,metaspace   ] GC(2044) Metaspace: 9890K(10176K)->9890K(10176K) NonClass: 8755K(8896K)->8755K(8896K) Class: 1134K(1280K)->1134K(1280K)
[29.332s][info ][gc             ] GC(2044) Pause Young (Allocation Failure) 140M->4M(495M) 0.164ms
[29.332s][info ][gc,cpu         ] GC(2044) User=0.00s Sys=0.00s Real=0.00s
[29.342s][info ][gc,start       ] GC(2045) Pause Young (Allocation Failure)
[29.342s][debug][gc,age         ] GC(2045) Desired survivor size 8945664 bytes, new threshold 15 (max threshold 15)
[29.342s][trace][gc,age         ] GC(2045) Age table with threshold 15 (max threshold 15)
[29.342s][trace][gc,age         ] GC(2045) - age   1:     400208 bytes,     400208 total
[29.342s][info ][gc,heap        ] GC(2045) DefNew: 140294K(157376K)->390K(157376K) Eden: 139904K(139904K)->0K(139904K) From: 390K(17472K)->390K(17472K)
[29.342s][info ][gc,heap        ] GC(2045) Tenured: 3959K(349568K)->3959K(349568K)
[29.342s][info ][gc,metaspace   ] GC(2045) Metaspace: 9890K(10176K)->9890K(10176K) NonClass: 8755K(8896K)->8755K(8896K) Class: 1134K(1280K)->1134K(1280K)
[29.342s][info ][gc             ] GC(2045) Pause Young (Allocation Failure) 140M->4M(495M) 0.164ms
[29.342s][info ][gc,cpu         ] GC(2045) User=0.00s Sys=0.00s Real=0.00s
[29.352s][info ][gc,start       ] GC(2046) Pause Young (Allocation Failure)
[29.352s][debug][gc,age         ] GC(2046) Desired survivor size 8945664 bytes, new threshold 15 (max threshold 15)
[29.352s][trace][gc,age         ] GC(2046) Age table with threshold 15 (max threshold 15)
[29.352s][trace][gc,age         ] GC(2046) - age   1:     400208 bytes,     400208 total
[29.352s][info ][gc,heap        ] GC(2046) DefNew: 140294K(157376K)->390K(157376K) Eden: 139904K(139904K)->0K(139904K) From: 390K(17472K)->390K(17472K)
[29.352s][info ][gc,heap        ] GC(2046) Tenured: 3959K(349568K)->3959K(349568K)
[29.352s][info ][gc,metaspace   ] GC(2046) Metaspace: 9890K(10176K)->9890K(10176K) NonClass: 8755K(8896K)->8755K(8896K) Class: 1134K(1280K)->1134K(1280K)
[29.352s][info ][gc             ] GC(2046) Pause Young (Allocation Failure) 140M->4M(495M) 0.166ms
[29.352s][info ][gc,cpu         ] GC(2046) User=0.00s Sys=0.00s Real=0.00s
[29.363s][info ][gc,start       ] GC(2047) Pause Young (Allocation Failure)
[29.363s][debug][gc,age         ] GC(2047) Desired survivor size 8945664 bytes, new threshold 15 (max threshold 15)
[29.363s][trace][gc,age         ] GC(2047) Age table with threshold 15 (max threshold 15)
[29.363s][trace][gc,age         ] GC(2047) - age   1:     400208 bytes,     400208 total
[29.363s][info ][gc,heap        ] GC(2047) DefNew: 140294K(157376K)->390K(157376K) Eden: 139904K(139904K)->0K(139904K) From: 390K(17472K)->390K(17472K)
[29.363s][info ][gc,heap        ] GC(2047) Tenured: 3959K(349568K)->3959K(349568K)
[29.363s][info ][gc,metaspace   ] GC(2047) Metaspace: 9890K(10176K)->9890K(10176K) NonClass: 8755K(8896K)->8755K(8896K) Class: 1134K(1280K)->1134K(1280K)
[29.363s][info ][gc             ] GC(2047) Pause Young (Allocation Failure) 140M->4M(495M) 0.165ms
[29.363s][info ][gc,cpu         ] GC(2047) User=0.00s Sys=0.00s Real=0.00s
[29.373s][info ][gc,start       ] GC(2048) Pause Young (Allocation Failure)
[29.373s][debug][gc,age         ] GC(2048) Desired survivor size 8945664 bytes, new threshold 15 (max threshold 15)
[29.373s][trace][gc,age         ] GC(2048) Age table with threshold 15 (max threshold 15)
[29.373s][trace][gc,age         ] GC(2048) - age   1:     400208 bytes,     400208 total
[29.373s][info ][gc,heap        ] GC(2048) DefNew: 140294K(157376K)->390K(157376K) Eden: 139904K(139904K)->0K(139904K) From: 390K(17472K)->390K(17472K)
[29.373s][info ][gc,heap        ] GC(2048) Tenured: 3959K(349568K)->3959K(349568K)
[29.373s][info ][gc,metaspace   ] GC(2048) Metaspace: 9890K(10176K)->9890K(10176K) NonClass: 8755K(8896K)->8755K(8896K) Class: 1134K(1280K)->1134K(1280K)
[29.373s][info ][gc             ] GC(2048) Pause Young (Allocation Failure) 140M->4M(495M) 0.163ms
[29.373s][info ][gc,cpu         ] GC(2048) User=0.00s Sys=0.00s Real=0.00s
[29.383s][info ][gc,start       ] GC(2049) Pause Young (Allocation Failure)
[29.383s][debug][gc,age         ] GC(2049) Desired survivor size 8945664 bytes, new threshold 15 (max threshold 15)
[29.383s][trace][gc,age         ] GC(2049) Age table with threshold 15 (max threshold 15)
[29.383s][trace][gc,age         ] GC(2049) - age   1:     400208 bytes,     400208 total
[29.383s][info ][gc,heap        ] GC(2049) DefNew: 140294K(157376K)->390K(157376K) Eden: 139904K(139904K)->0K(139904K) From: 390K(17472K)->390K(17472K)
[29.383s][info ][gc,heap        ] GC(2049) Tenured: 3959K(349568K)->3959K(349568K)
[29.383s][info ][gc,metaspace   ] GC(2049) Metaspace: 9890K(10176K)->9890K(10176K) NonClass: 8755K(8896K)->8755K(8896K) Class: 1134K(1280K)->1134K(1280K)
[29.383s][info ][gc             ] GC(2049) Pause Young (Allocation Failure) 140M->4M(495M) 0.160ms
[29.383s][info ][gc,cpu         ] GC(2049) User=0.00s Sys=0.00s Real=0.00s
[29.393s][info ][gc,start       ] GC(2050) Pause Young (Allocation Failure)
[29.393s][debug][gc,age         ] GC(2050) Desired survivor size 8945664 bytes, new threshold 15 (max threshold 15)
[29.393s][trace][gc,age         ] GC(2050) Age table with threshold 15 (max threshold 15)
[29.393s][trace][gc,age         ] GC(2050) - age   1:     400208 bytes,     400208 total
[29.393s][info ][gc,heap        ] GC(2050) DefNew: 140294K(157376K)->390K(157376K) Eden: 139904K(139904K)->0K(139904K) From: 390K(17472K)->390K(17472K)
[29.393s][info ][gc,heap        ] GC(2050) Tenured: 3959K(349568K)->3959K(349568K)
[29.393s][info ][gc,metaspace   ] GC(2050) Metaspace: 9890K(10176K)->9890K(10176K) NonClass: 8755K(8896K)->8755K(8896K) Class: 1134K(1280K)->1134K(1280K)
[29.393s][info ][gc             ] GC(2050) Pause Young (Allocation Failure) 140M->4M(495M) 0.166ms
[29.393s][info ][gc,cpu         ] GC(2050) User=0.00s Sys=0.00s Real=0.00s
[29.403s][info ][gc,start       ] GC(2051) Pause Young (Allocation Failure)
[29.403s][debug][gc,age         ] GC(2051) Desired survivor size 8945664 bytes, new threshold 15 (max threshold 15)
[29.403s][trace][gc,age         ] GC(2051) Age table with threshold 15 (max threshold 15)
[29.403s][trace][gc,age         ] GC(2051) - age   1:     400208 bytes,     400208 total
[29.403s][info ][gc,heap        ] GC(2051) DefNew: 140294K(157376K)->390K(157376K) Eden: 139904K(139904K)->0K(139904K) From: 390K(17472K)->390K(17472K)
[29.403s][info ][gc,heap        ] GC(2051) Tenured: 3959K(349568K)->3959K(349568K)
[29.403s][info ][gc,metaspace   ] GC(2051) Metaspace: 9890K(10176K)->9890K(10176K) NonClass: 8755K(8896K)->8755K(8896K) Class: 1134K(1280K)->1134K(1280K)
[29.404s][info ][gc             ] GC(2051) Pause Young (Allocation Failure) 140M->4M(495M) 0.167ms
[29.404s][info ][gc,cpu         ] GC(2051) User=0.01s Sys=0.00s Real=0.00s
[29.414s][info ][gc,start       ] GC(2052) Pause Young (Allocation Failure)
[29.414s][debug][gc,age         ] GC(2052) Desired survivor size 8945664 bytes, new threshold 15 (max threshold 15)
[29.414s][trace][gc,age         ] GC(2052) Age table with threshold 15 (max threshold 15)
[29.414s][trace][gc,age         ] GC(2052) - age   1:     400208 bytes,     400208 total
[29.414s][info ][gc,heap        ] GC(2052) DefNew: 140294K(157376K)->390K(157376K) Eden: 139904K(139904K)->0K(139904K) From: 390K(17472K)->390K(17472K)
[29.414s][info ][gc,heap        ] GC(2052) Tenured: 3959K(349568K)->3959K(349568K)
[29.414s][info ][gc,metaspace   ] GC(2052) Metaspace: 9890K(10176K)->9890K(10176K) NonClass: 8755K(8896K)->8755K(8896K) Class: 1134K(1280K)->1134K(1280K)
[29.414s][info ][gc             ] GC(2052) Pause Young (Allocation Failure) 140M->4M(495M) 0.169ms
[29.414s][info ][gc,cpu         ] GC(2052) User=0.00s Sys=0.00s Real=0.00s
[29.424s][info ][gc,start       ] GC(2053) Pause Young (Allocation Failure)
[29.424s][debug][gc,age         ] GC(2053) Desired survivor size 8945664 bytes, new threshold 15 (max threshold 15)
[29.424s][trace][gc,age         ] GC(2053) Age table with threshold 15 (max threshold 15)
[29.424s][trace][gc,age         ] GC(2053) - age   1:     400208 bytes,     400208 total
[29.424s][info ][gc,heap        ] GC(2053) DefNew: 140294K(157376K)->390K(157376K) Eden: 139904K(139904K)->0K(139904K) From: 390K(17472K)->390K(17472K)
[29.424s][info ][gc,heap        ] GC(2053) Tenured: 3959K(349568K)->3959K(349568K)
[29.424s][info ][gc,metaspace   ] GC(2053) Metaspace: 9890K(10176K)->9890K(10176K) NonClass: 8755K(8896K)->8755K(8896K) Class: 1134K(1280K)->1134K(1280K)
[29.424s][info ][gc             ] GC(2053) Pause Young (Allocation Failure) 140M->4M(495M) 0.167ms
[29.424s][info ][gc,cpu         ] GC(2053) User=0.00s Sys=0.00s Real=0.00s
[29.434s][info ][gc,start       ] GC(2054) Pause Young (Allocation Failure)
[29.434s][debug][gc,age         ] GC(2054) Desired survivor size 8945664 bytes, new threshold 15 (max threshold 15)
[29.434s][trace][gc,age         ] GC(2054) Age table with threshold 15 (max threshold 15)
[29.434s][trace][gc,age         ] GC(2054) - age   1:     400208 bytes,     400208 total
[29.434s][info ][gc,heap        ] GC(2054) DefNew: 140294K(157376K)->390K(157376K) Eden: 139904K(139904K)->0K(139904K) From: 390K(17472K)->390K(17472K)
[29.434s][info ][gc,heap        ] GC(2054) Tenured: 3959K(349568K)->3959K(349568K)
[29.434s][info ][gc,metaspace   ] GC(2054) Metaspace: 9890K(10176K)->9890K(10176K) NonClass: 8755K(8896K)->8755K(8896K) Class: 1134K(1280K)->1134K(1280K)
[29.434s][info ][gc             ] GC(2054) Pause Young (Allocation Failure) 140M->4M(495M) 0.168ms
[29.434s][info ][gc,cpu         ] GC(2054) User=0.00s Sys=0.00s Real=0.00s
[29.444s][info ][gc,start       ] GC(2055) Pause Young (Allocation Failure)
[29.444s][debug][gc,age         ] GC(2055) Desired survivor size 8945664 bytes, new threshold 15 (max threshold 15)
[29.444s][trace][gc,age         ] GC(2055) Age table with threshold 15 (max threshold 15)
[29.444s][trace][gc,age         ] GC(2055) - age   1:     400208 bytes,     400208 total
[29.444s][info ][gc,heap        ] GC(2055) DefNew: 140294K(157376K)->390K(157376K) Eden: 139904K(139904K)->0K(139904K) From: 390K(17472K)->390K(17472K)
[29.444s][info ][gc,heap        ] GC(2055) Tenured: 3959K(349568K)->3959K(349568K)
[29.444s][info ][gc,metaspace   ] GC(2055) Metaspace: 9890K(10176K)->9890K(10176K) NonClass: 8755K(8896K)->8755K(8896K) Class: 1134K(1280K)->1134K(1280K)
[29.444s][info ][gc             ] GC(2055) Pause Young (Allocation Failure) 140M->4M(495M) 0.170ms
[29.444s][info ][gc,cpu         ] GC(2055) User=0.00s Sys=0.00s Real=0.00s
[29.454s][info ][gc,start       ] GC(2056) Pause Young (Allocation Failure)
[29.455s][debug][gc,age         ] GC(2056) Desired survivor size 8945664 bytes, new threshold 15 (max threshold 15)
[29.455s][trace][gc,age         ] GC(2056) Age table with threshold 15 (max threshold 15)
[29.455s][trace][gc,age         ] GC(2056) - age   1:     400208 bytes,     400208 total
[29.455s][info ][gc,heap        ] GC(2056) DefNew: 140294K(157376K)->390K(157376K) Eden: 139904K(139904K)->0K(139904K) From: 390K(17472K)->390K(17472K)
[29.455s][info ][gc,heap        ] GC(2056) Tenured: 3959K(349568K)->3959K(349568K)
[29.455s][info ][gc,metaspace   ] GC(2056) Metaspace: 9890K(10176K)->9890K(10176K) NonClass: 8755K(8896K)->8755K(8896K) Class: 1134K(1280K)->1134K(1280K)
[29.455s][info ][gc             ] GC(2056) Pause Young (Allocation Failure) 140M->4M(495M) 0.160ms
[29.455s][info ][gc,cpu         ] GC(2056) User=0.00s Sys=0.00s Real=0.00s
[29.465s][info ][gc,start       ] GC(2057) Pause Young (Allocation Failure)
[29.465s][debug][gc,age         ] GC(2057) Desired survivor size 8945664 bytes, new threshold 15 (max threshold 15)
[29.465s][trace][gc,age         ] GC(2057) Age table with threshold 15 (max threshold 15)
[29.465s][trace][gc,age         ] GC(2057) - age   1:     400208 bytes,     400208 total
[29.465s][info ][gc,heap        ] GC(2057) DefNew: 140294K(157376K)->390K(157376K) Eden: 139904K(139904K)->0K(139904K) From: 390K(17472K)->390K(17472K)
[29.465s][info ][gc,heap        ] GC(2057) Tenured: 3959K(349568K)->3959K(349568K)
[29.465s][info ][gc,metaspace   ] GC(2057) Metaspace: 9890K(10176K)->9890K(10176K) NonClass: 8755K(8896K)->8755K(8896K) Class: 1134K(1280K)->1134K(1280K)
[29.465s][info ][gc             ] GC(2057) Pause Young (Allocation Failure) 140M->4M(495M) 0.168ms
[29.465s][info ][gc,cpu         ] GC(2057) User=0.00s Sys=0.00s Real=0.00s
[29.475s][info ][gc,start       ] GC(2058) Pause Young (Allocation Failure)
[29.475s][debug][gc,age         ] GC(2058) Desired survivor size 8945664 bytes, new threshold 15 (max threshold 15)
[29.475s][trace][gc,age         ] GC(2058) Age table with threshold 15 (max threshold 15)
[29.475s][trace][gc,age         ] GC(2058) - age   1:     400208 bytes,     400208 total
[29.475s][info ][gc,heap        ] GC(2058) DefNew: 140294K(157376K)->390K(157376K) Eden: 139904K(139904K)->0K(139904K) From: 390K(17472K)->390K(17472K)
[29.475s][info ][gc,heap        ] GC(2058) Tenured: 3959K(349568K)->3959K(349568K)
[29.475s][info ][gc,metaspace   ] GC(2058) Metaspace: 9890K(10176K)->9890K(10176K) NonClass: 8755K(8896K)->8755K(8896K) Class: 1134K(1280K)->1134K(1280K)
[29.475s][info ][gc             ] GC(2058) Pause Young (Allocation Failure) 140M->4M(495M) 0.170ms
[29.475s][info ][gc,cpu         ] GC(2058) User=0.00s Sys=0.00s Real=0.00s
[29.485s][info ][gc,start       ] GC(2059) Pause Young (Allocation Failure)
[29.485s][debug][gc,age         ] GC(2059) Desired survivor size 8945664 bytes, new threshold 15 (max threshold 15)
[29.485s][trace][gc,age         ] GC(2059) Age table with threshold 15 (max threshold 15)
[29.485s][trace][gc,age         ] GC(2059) - age   1:     400208 bytes,     400208 total
[29.485s][info ][gc,heap        ] GC(2059) DefNew: 140294K(157376K)->390K(157376K) Eden: 139904K(139904K)->0K(139904K) From: 390K(17472K)->390K(17472K)
[29.485s][info ][gc,heap        ] GC(2059) Tenured: 3959K(349568K)->3959K(349568K)
[29.485s][info ][gc,metaspace   ] GC(2059) Metaspace: 9890K(10176K)->9890K(10176K) NonClass: 8755K(8896K)->8755K(8896K) Class: 1134K(1280K)->1134K(1280K)
[29.485s][info ][gc             ] GC(2059) Pause Young (Allocation Failure) 140M->4M(495M) 0.170ms
[29.485s][info ][gc,cpu         ] GC(2059) User=0.00s Sys=0.00s Real=0.00s
[29.495s][info ][gc,start       ] GC(2060) Pause Young (Allocation Failure)
[29.495s][debug][gc,age         ] GC(2060) Desired survivor size 8945664 bytes, new threshold 15 (max threshold 15)
[29.495s][trace][gc,age         ] GC(2060) Age table with threshold 15 (max threshold 15)
[29.495s][trace][gc,age         ] GC(2060) - age   1:     400208 bytes,     400208 total
[29.495s][info ][gc,heap        ] GC(2060) DefNew: 140294K(157376K)->390K(157376K) Eden: 139904K(139904K)->0K(139904K) From: 390K(17472K)->390K(17472K)
[29.495s][info ][gc,heap        ] GC(2060) Tenured: 3959K(349568K)->3959K(349568K)
[29.495s][info ][gc,metaspace   ] GC(2060) Metaspace: 9890K(10176K)->9890K(10176K) NonClass: 8755K(8896K)->8755K(8896K) Class: 1134K(1280K)->1134K(1280K)
[29.495s][info ][gc             ] GC(2060) Pause Young (Allocation Failure) 140M->4M(495M) 0.166ms
[29.495s][info ][gc,cpu         ] GC(2060) User=0.00s Sys=0.00s Real=0.00s
[29.506s][info ][gc,start       ] GC(2061) Pause Young (Allocation Failure)
[29.506s][debug][gc,age         ] GC(2061) Desired survivor size 8945664 bytes, new threshold 15 (max threshold 15)
[29.506s][trace][gc,age         ] GC(2061) Age table with threshold 15 (max threshold 15)
[29.506s][trace][gc,age         ] GC(2061) - age   1:     400208 bytes,     400208 total
[29.506s][info ][gc,heap        ] GC(2061) DefNew: 140294K(157376K)->390K(157376K) Eden: 139904K(139904K)->0K(139904K) From: 390K(17472K)->390K(17472K)
[29.506s][info ][gc,heap        ] GC(2061) Tenured: 3959K(349568K)->3959K(349568K)
[29.506s][info ][gc,metaspace   ] GC(2061) Metaspace: 9890K(10176K)->9890K(10176K) NonClass: 8755K(8896K)->8755K(8896K) Class: 1134K(1280K)->1134K(1280K)
[29.506s][info ][gc             ] GC(2061) Pause Young (Allocation Failure) 140M->4M(495M) 0.168ms
[29.506s][info ][gc,cpu         ] GC(2061) User=0.00s Sys=0.00s Real=0.00s
[29.516s][info ][gc,start       ] GC(2062) Pause Young (Allocation Failure)
[29.516s][debug][gc,age         ] GC(2062) Desired survivor size 8945664 bytes, new threshold 15 (max threshold 15)
[29.516s][trace][gc,age         ] GC(2062) Age table with threshold 15 (max threshold 15)
[29.516s][trace][gc,age         ] GC(2062) - age   1:     400208 bytes,     400208 total
[29.516s][info ][gc,heap        ] GC(2062) DefNew: 140294K(157376K)->390K(157376K) Eden: 139904K(139904K)->0K(139904K) From: 390K(17472K)->390K(17472K)
[29.516s][info ][gc,heap        ] GC(2062) Tenured: 3959K(349568K)->3959K(349568K)
[29.516s][info ][gc,metaspace   ] GC(2062) Metaspace: 9890K(10176K)->9890K(10176K) NonClass: 8755K(8896K)->8755K(8896K) Class: 1134K(1280K)->1134K(1280K)
[29.516s][info ][gc             ] GC(2062) Pause Young (Allocation Failure) 140M->4M(495M) 0.164ms
[29.516s][info ][gc,cpu         ] GC(2062) User=0.00s Sys=0.00s Real=0.00s
[29.526s][info ][gc,start       ] GC(2063) Pause Young (Allocation Failure)
[29.526s][debug][gc,age         ] GC(2063) Desired survivor size 8945664 bytes, new threshold 15 (max threshold 15)
[29.526s][trace][gc,age         ] GC(2063) Age table with threshold 15 (max threshold 15)
[29.526s][trace][gc,age         ] GC(2063) - age   1:     400208 bytes,     400208 total
[29.526s][info ][gc,heap        ] GC(2063) DefNew: 140294K(157376K)->390K(157376K) Eden: 139904K(139904K)->0K(139904K) From: 390K(17472K)->390K(17472K)
[29.526s][info ][gc,heap        ] GC(2063) Tenured: 3959K(349568K)->3959K(349568K)
[29.526s][info ][gc,metaspace   ] GC(2063) Metaspace: 9890K(10176K)->9890K(10176K) NonClass: 8755K(8896K)->8755K(8896K) Class: 1134K(1280K)->1134K(1280K)
[29.526s][info ][gc             ] GC(2063) Pause Young (Allocation Failure) 140M->4M(495M) 0.164ms
[29.526s][info ][gc,cpu         ] GC(2063) User=0.00s Sys=0.00s Real=0.00s
[29.536s][info ][gc,start       ] GC(2064) Pause Young (Allocation Failure)
[29.536s][debug][gc,age         ] GC(2064) Desired survivor size 8945664 bytes, new threshold 15 (max threshold 15)
[29.536s][trace][gc,age         ] GC(2064) Age table with threshold 15 (max threshold 15)
[29.536s][trace][gc,age         ] GC(2064) - age   1:     400208 bytes,     400208 total
[29.536s][info ][gc,heap        ] GC(2064) DefNew: 140294K(157376K)->390K(157376K) Eden: 139904K(139904K)->0K(139904K) From: 390K(17472K)->390K(17472K)
[29.536s][info ][gc,heap        ] GC(2064) Tenured: 3959K(349568K)->3959K(349568K)
[29.536s][info ][gc,metaspace   ] GC(2064) Metaspace: 9890K(10176K)->9890K(10176K) NonClass: 8755K(8896K)->8755K(8896K) Class: 1134K(1280K)->1134K(1280K)
[29.536s][info ][gc             ] GC(2064) Pause Young (Allocation Failure) 140M->4M(495M) 0.165ms
[29.536s][info ][gc,cpu         ] GC(2064) User=0.00s Sys=0.00s Real=0.00s
[29.546s][info ][gc,start       ] GC(2065) Pause Young (Allocation Failure)
[29.547s][debug][gc,age         ] GC(2065) Desired survivor size 8945664 bytes, new threshold 15 (max threshold 15)
[29.547s][trace][gc,age         ] GC(2065) Age table with threshold 15 (max threshold 15)
[29.547s][trace][gc,age         ] GC(2065) - age   1:     400208 bytes,     400208 total
[29.547s][info ][gc,heap        ] GC(2065) DefNew: 140294K(157376K)->390K(157376K) Eden: 139904K(139904K)->0K(139904K) From: 390K(17472K)->390K(17472K)
[29.547s][info ][gc,heap        ] GC(2065) Tenured: 3959K(349568K)->3959K(349568K)
[29.547s][info ][gc,metaspace   ] GC(2065) Metaspace: 9890K(10176K)->9890K(10176K) NonClass: 8755K(8896K)->8755K(8896K) Class: 1134K(1280K)->1134K(1280K)
[29.547s][info ][gc             ] GC(2065) Pause Young (Allocation Failure) 140M->4M(495M) 0.167ms
[29.547s][info ][gc,cpu         ] GC(2065) User=0.00s Sys=0.00s Real=0.00s
[29.557s][info ][gc,start       ] GC(2066) Pause Young (Allocation Failure)
[29.557s][debug][gc,age         ] GC(2066) Desired survivor size 8945664 bytes, new threshold 15 (max threshold 15)
[29.557s][trace][gc,age         ] GC(2066) Age table with threshold 15 (max threshold 15)
[29.557s][trace][gc,age         ] GC(2066) - age   1:     400208 bytes,     400208 total
[29.557s][info ][gc,heap        ] GC(2066) DefNew: 140294K(157376K)->390K(157376K) Eden: 139904K(139904K)->0K(139904K) From: 390K(17472K)->390K(17472K)
[29.557s][info ][gc,heap        ] GC(2066) Tenured: 3959K(349568K)->3959K(349568K)
[29.557s][info ][gc,metaspace   ] GC(2066) Metaspace: 9890K(10176K)->9890K(10176K) NonClass: 8755K(8896K)->8755K(8896K) Class: 1134K(1280K)->1134K(1280K)
[29.557s][info ][gc             ] GC(2066) Pause Young (Allocation Failure) 140M->4M(495M) 0.166ms
[29.557s][info ][gc,cpu         ] GC(2066) User=0.00s Sys=0.00s Real=0.00s
[29.567s][info ][gc,start       ] GC(2067) Pause Young (Allocation Failure)
[29.567s][debug][gc,age         ] GC(2067) Desired survivor size 8945664 bytes, new threshold 15 (max threshold 15)
[29.567s][trace][gc,age         ] GC(2067) Age table with threshold 15 (max threshold 15)
[29.567s][trace][gc,age         ] GC(2067) - age   1:     400208 bytes,     400208 total
[29.567s][info ][gc,heap        ] GC(2067) DefNew: 140294K(157376K)->390K(157376K) Eden: 139904K(139904K)->0K(139904K) From: 390K(17472K)->390K(17472K)
[29.567s][info ][gc,heap        ] GC(2067) Tenured: 3959K(349568K)->3959K(349568K)
[29.567s][info ][gc,metaspace   ] GC(2067) Metaspace: 9890K(10176K)->9890K(10176K) NonClass: 8755K(8896K)->8755K(8896K) Class: 1134K(1280K)->1134K(1280K)
[29.567s][info ][gc             ] GC(2067) Pause Young (Allocation Failure) 140M->4M(495M) 0.163ms
[29.567s][info ][gc,cpu         ] GC(2067) User=0.00s Sys=0.00s Real=0.00s
[29.577s][info ][gc,start       ] GC(2068) Pause Young (Allocation Failure)
[29.577s][debug][gc,age         ] GC(2068) Desired survivor size 8945664 bytes, new threshold 15 (max threshold 15)
[29.577s][trace][gc,age         ] GC(2068) Age table with threshold 15 (max threshold 15)
[29.577s][trace][gc,age         ] GC(2068) - age   1:     400208 bytes,     400208 total
[29.577s][info ][gc,heap        ] GC(2068) DefNew: 140294K(157376K)->390K(157376K) Eden: 139904K(139904K)->0K(139904K) From: 390K(17472K)->390K(17472K)
[29.577s][info ][gc,heap        ] GC(2068) Tenured: 3959K(349568K)->3959K(349568K)
[29.577s][info ][gc,metaspace   ] GC(2068) Metaspace: 9890K(10176K)->9890K(10176K) NonClass: 8755K(8896K)->8755K(8896K) Class: 1134K(1280K)->1134K(1280K)
[29.577s][info ][gc             ] GC(2068) Pause Young (Allocation Failure) 140M->4M(495M) 0.166ms
[29.577s][info ][gc,cpu         ] GC(2068) User=0.00s Sys=0.00s Real=0.00s
[29.587s][info ][gc,start       ] GC(2069) Pause Young (Allocation Failure)
[29.587s][debug][gc,age         ] GC(2069) Desired survivor size 8945664 bytes, new threshold 15 (max threshold 15)
[29.587s][trace][gc,age         ] GC(2069) Age table with threshold 15 (max threshold 15)
[29.587s][trace][gc,age         ] GC(2069) - age   1:     400208 bytes,     400208 total
[29.587s][info ][gc,heap        ] GC(2069) DefNew: 140294K(157376K)->390K(157376K) Eden: 139904K(139904K)->0K(139904K) From: 390K(17472K)->390K(17472K)
[29.587s][info ][gc,heap        ] GC(2069) Tenured: 3959K(349568K)->3959K(349568K)
[29.587s][info ][gc,metaspace   ] GC(2069) Metaspace: 9890K(10176K)->9890K(10176K) NonClass: 8755K(8896K)->8755K(8896K) Class: 1134K(1280K)->1134K(1280K)
[29.587s][info ][gc             ] GC(2069) Pause Young (Allocation Failure) 140M->4M(495M) 0.169ms
[29.587s][info ][gc,cpu         ] GC(2069) User=0.00s Sys=0.00s Real=0.00s
[29.597s][info ][gc,start       ] GC(2070) Pause Young (Allocation Failure)
[29.598s][debug][gc,age         ] GC(2070) Desired survivor size 8945664 bytes, new threshold 15 (max threshold 15)
[29.598s][trace][gc,age         ] GC(2070) Age table with threshold 15 (max threshold 15)
[29.598s][trace][gc,age         ] GC(2070) - age   1:     400208 bytes,     400208 total
[29.598s][info ][gc,heap        ] GC(2070) DefNew: 140294K(157376K)->390K(157376K) Eden: 139904K(139904K)->0K(139904K) From: 390K(17472K)->390K(17472K)
[29.598s][info ][gc,heap        ] GC(2070) Tenured: 3959K(349568K)->3959K(349568K)
[29.598s][info ][gc,metaspace   ] GC(2070) Metaspace: 9890K(10176K)->9890K(10176K) NonClass: 8755K(8896K)->8755K(8896K) Class: 1134K(1280K)->1134K(1280K)
[29.598s][info ][gc             ] GC(2070) Pause Young (Allocation Failure) 140M->4M(495M) 0.173ms
[29.598s][info ][gc,cpu         ] GC(2070) User=0.00s Sys=0.00s Real=0.00s
[29.608s][info ][gc,start       ] GC(2071) Pause Young (Allocation Failure)
[29.608s][debug][gc,age         ] GC(2071) Desired survivor size 8945664 bytes, new threshold 15 (max threshold 15)
[29.608s][trace][gc,age         ] GC(2071) Age table with threshold 15 (max threshold 15)
[29.608s][trace][gc,age         ] GC(2071) - age   1:     400208 bytes,     400208 total
[29.608s][info ][gc,heap        ] GC(2071) DefNew: 140294K(157376K)->390K(157376K) Eden: 139904K(139904K)->0K(139904K) From: 390K(17472K)->390K(17472K)
[29.608s][info ][gc,heap        ] GC(2071) Tenured: 3959K(349568K)->3959K(349568K)
[29.608s][info ][gc,metaspace   ] GC(2071) Metaspace: 9890K(10176K)->9890K(10176K) NonClass: 8755K(8896K)->8755K(8896K) Class: 1134K(1280K)->1134K(1280K)
[29.608s][info ][gc             ] GC(2071) Pause Young (Allocation Failure) 140M->4M(495M) 0.164ms
[29.608s][info ][gc,cpu         ] GC(2071) User=0.00s Sys=0.00s Real=0.00s
[29.618s][info ][gc,start       ] GC(2072) Pause Young (Allocation Failure)
[29.618s][debug][gc,age         ] GC(2072) Desired survivor size 8945664 bytes, new threshold 15 (max threshold 15)
[29.618s][trace][gc,age         ] GC(2072) Age table with threshold 15 (max threshold 15)
[29.618s][trace][gc,age         ] GC(2072) - age   1:     400208 bytes,     400208 total
[29.618s][info ][gc,heap        ] GC(2072) DefNew: 140294K(157376K)->390K(157376K) Eden: 139904K(139904K)->0K(139904K) From: 390K(17472K)->390K(17472K)
[29.618s][info ][gc,heap        ] GC(2072) Tenured: 3959K(349568K)->3959K(349568K)
[29.618s][info ][gc,metaspace   ] GC(2072) Metaspace: 9890K(10176K)->9890K(10176K) NonClass: 8755K(8896K)->8755K(8896K) Class: 1134K(1280K)->1134K(1280K)
[29.618s][info ][gc             ] GC(2072) Pause Young (Allocation Failure) 140M->4M(495M) 0.164ms
[29.618s][info ][gc,cpu         ] GC(2072) User=0.00s Sys=0.00s Real=0.00s
[29.628s][info ][gc,start       ] GC(2073) Pause Young (Allocation Failure)
[29.629s][debug][gc,age         ] GC(2073) Desired survivor size 8945664 bytes, new threshold 15 (max threshold 15)
[29.629s][trace][gc,age         ] GC(2073) Age table with threshold 15 (max threshold 15)
[29.629s][trace][gc,age         ] GC(2073) - age   1:     400208 bytes,     400208 total
[29.629s][info ][gc,heap        ] GC(2073) DefNew: 140294K(157376K)->390K(157376K) Eden: 139904K(139904K)->0K(139904K) From: 390K(17472K)->390K(17472K)
[29.629s][info ][gc,heap        ] GC(2073) Tenured: 3959K(349568K)->3959K(349568K)
[29.629s][info ][gc,metaspace   ] GC(2073) Metaspace: 9890K(10176K)->9890K(10176K) NonClass: 8755K(8896K)->8755K(8896K) Class: 1134K(1280K)->1134K(1280K)
[29.629s][info ][gc             ] GC(2073) Pause Young (Allocation Failure) 140M->4M(495M) 0.163ms
[29.629s][info ][gc,cpu         ] GC(2073) User=0.00s Sys=0.00s Real=0.00s
[29.639s][info ][gc,start       ] GC(2074) Pause Young (Allocation Failure)
[29.639s][debug][gc,age         ] GC(2074) Desired survivor size 8945664 bytes, new threshold 15 (max threshold 15)
[29.639s][trace][gc,age         ] GC(2074) Age table with threshold 15 (max threshold 15)
[29.639s][trace][gc,age         ] GC(2074) - age   1:     400208 bytes,     400208 total
[29.639s][info ][gc,heap        ] GC(2074) DefNew: 140294K(157376K)->390K(157376K) Eden: 139904K(139904K)->0K(139904K) From: 390K(17472K)->390K(17472K)
[29.639s][info ][gc,heap        ] GC(2074) Tenured: 3959K(349568K)->3959K(349568K)
[29.639s][info ][gc,metaspace   ] GC(2074) Metaspace: 9890K(10176K)->9890K(10176K) NonClass: 8755K(8896K)->8755K(8896K) Class: 1134K(1280K)->1134K(1280K)
[29.639s][info ][gc             ] GC(2074) Pause Young (Allocation Failure) 140M->4M(495M) 0.164ms
[29.639s][info ][gc,cpu         ] GC(2074) User=0.00s Sys=0.00s Real=0.00s
[29.649s][info ][gc,start       ] GC(2075) Pause Young (Allocation Failure)
[29.649s][debug][gc,age         ] GC(2075) Desired survivor size 8945664 bytes, new threshold 15 (max threshold 15)
[29.649s][trace][gc,age         ] GC(2075) Age table with threshold 15 (max threshold 15)
[29.649s][trace][gc,age         ] GC(2075) - age   1:     400208 bytes,     400208 total
[29.649s][info ][gc,heap        ] GC(2075) DefNew: 140294K(157376K)->390K(157376K) Eden: 139904K(139904K)->0K(139904K) From: 390K(17472K)->390K(17472K)
[29.649s][info ][gc,heap        ] GC(2075) Tenured: 3959K(349568K)->3959K(349568K)
[29.649s][info ][gc,metaspace   ] GC(2075) Metaspace: 9890K(10176K)->9890K(10176K) NonClass: 8755K(8896K)->8755K(8896K) Class: 1134K(1280K)->1134K(1280K)
[29.649s][info ][gc             ] GC(2075) Pause Young (Allocation Failure) 140M->4M(495M) 0.161ms
[29.649s][info ][gc,cpu         ] GC(2075) User=0.00s Sys=0.00s Real=0.00s
[29.659s][info ][gc,start       ] GC(2076) Pause Young (Allocation Failure)
[29.659s][debug][gc,age         ] GC(2076) Desired survivor size 8945664 bytes, new threshold 15 (max threshold 15)
[29.659s][trace][gc,age         ] GC(2076) Age table with threshold 15 (max threshold 15)
[29.659s][trace][gc,age         ] GC(2076) - age   1:     400208 bytes,     400208 total
[29.659s][info ][gc,heap        ] GC(2076) DefNew: 140294K(157376K)->390K(157376K) Eden: 139904K(139904K)->0K(139904K) From: 390K(17472K)->390K(17472K)
[29.659s][info ][gc,heap        ] GC(2076) Tenured: 3959K(349568K)->3959K(349568K)
[29.659s][info ][gc,metaspace   ] GC(2076) Metaspace: 9890K(10176K)->9890K(10176K) NonClass: 8755K(8896K)->8755K(8896K) Class: 1134K(1280K)->1134K(1280K)
[29.659s][info ][gc             ] GC(2076) Pause Young (Allocation Failure) 140M->4M(495M) 0.165ms
[29.659s][info ][gc,cpu         ] GC(2076) User=0.00s Sys=0.00s Real=0.00s
[29.669s][info ][gc,start       ] GC(2077) Pause Young (Allocation Failure)
[29.669s][debug][gc,age         ] GC(2077) Desired survivor size 8945664 bytes, new threshold 15 (max threshold 15)
[29.669s][trace][gc,age         ] GC(2077) Age table with threshold 15 (max threshold 15)
[29.669s][trace][gc,age         ] GC(2077) - age   1:     400208 bytes,     400208 total
[29.669s][info ][gc,heap        ] GC(2077) DefNew: 140294K(157376K)->390K(157376K) Eden: 139904K(139904K)->0K(139904K) From: 390K(17472K)->390K(17472K)
[29.669s][info ][gc,heap        ] GC(2077) Tenured: 3959K(349568K)->3959K(349568K)
[29.669s][info ][gc,metaspace   ] GC(2077) Metaspace: 9890K(10176K)->9890K(10176K) NonClass: 8755K(8896K)->8755K(8896K) Class: 1134K(1280K)->1134K(1280K)
[29.669s][info ][gc             ] GC(2077) Pause Young (Allocation Failure) 140M->4M(495M) 0.163ms
[29.669s][info ][gc,cpu         ] GC(2077) User=0.00s Sys=0.00s Real=0.00s
[29.679s][info ][gc,start       ] GC(2078) Pause Young (Allocation Failure)
[29.680s][debug][gc,age         ] GC(2078) Desired survivor size 8945664 bytes, new threshold 15 (max threshold 15)
[29.680s][trace][gc,age         ] GC(2078) Age table with threshold 15 (max threshold 15)
[29.680s][trace][gc,age         ] GC(2078) - age   1:     400208 bytes,     400208 total
[29.680s][info ][gc,heap        ] GC(2078) DefNew: 140294K(157376K)->390K(157376K) Eden: 139904K(139904K)->0K(139904K) From: 390K(17472K)->390K(17472K)
[29.680s][info ][gc,heap        ] GC(2078) Tenured: 3959K(349568K)->3959K(349568K)
[29.680s][info ][gc,metaspace   ] GC(2078) Metaspace: 9890K(10176K)->9890K(10176K) NonClass: 8755K(8896K)->8755K(8896K) Class: 1134K(1280K)->1134K(1280K)
[29.680s][info ][gc             ] GC(2078) Pause Young (Allocation Failure) 140M->4M(495M) 0.161ms
[29.680s][info ][gc,cpu         ] GC(2078) User=0.00s Sys=0.00s Real=0.00s
[29.690s][info ][gc,start       ] GC(2079) Pause Young (Allocation Failure)
[29.690s][debug][gc,age         ] GC(2079) Desired survivor size 8945664 bytes, new threshold 15 (max threshold 15)
[29.690s][trace][gc,age         ] GC(2079) Age table with threshold 15 (max threshold 15)
[29.690s][trace][gc,age         ] GC(2079) - age   1:     400208 bytes,     400208 total
[29.690s][info ][gc,heap        ] GC(2079) DefNew: 140294K(157376K)->390K(157376K) Eden: 139904K(139904K)->0K(139904K) From: 390K(17472K)->390K(17472K)
[29.690s][info ][gc,heap        ] GC(2079) Tenured: 3959K(349568K)->3959K(349568K)
[29.690s][info ][gc,metaspace   ] GC(2079) Metaspace: 9890K(10176K)->9890K(10176K) NonClass: 8755K(8896K)->8755K(8896K) Class: 1134K(1280K)->1134K(1280K)
[29.690s][info ][gc             ] GC(2079) Pause Young (Allocation Failure) 140M->4M(495M) 0.164ms
[29.690s][info ][gc,cpu         ] GC(2079) User=0.00s Sys=0.00s Real=0.00s
[29.700s][info ][gc,start       ] GC(2080) Pause Young (Allocation Failure)
[29.700s][debug][gc,age         ] GC(2080) Desired survivor size 8945664 bytes, new threshold 15 (max threshold 15)
[29.700s][trace][gc,age         ] GC(2080) Age table with threshold 15 (max threshold 15)
[29.700s][trace][gc,age         ] GC(2080) - age   1:     400208 bytes,     400208 total
[29.700s][info ][gc,heap        ] GC(2080) DefNew: 140294K(157376K)->390K(157376K) Eden: 139904K(139904K)->0K(139904K) From: 390K(17472K)->390K(17472K)
[29.700s][info ][gc,heap        ] GC(2080) Tenured: 3959K(349568K)->3959K(349568K)
[29.700s][info ][gc,metaspace   ] GC(2080) Metaspace: 9890K(10176K)->9890K(10176K) NonClass: 8755K(8896K)->8755K(8896K) Class: 1134K(1280K)->1134K(1280K)
[29.700s][info ][gc             ] GC(2080) Pause Young (Allocation Failure) 140M->4M(495M) 0.162ms
[29.700s][info ][gc,cpu         ] GC(2080) User=0.00s Sys=0.00s Real=0.00s
[29.710s][info ][gc,start       ] GC(2081) Pause Young (Allocation Failure)
[29.710s][debug][gc,age         ] GC(2081) Desired survivor size 8945664 bytes, new threshold 15 (max threshold 15)
[29.710s][trace][gc,age         ] GC(2081) Age table with threshold 15 (max threshold 15)
[29.710s][trace][gc,age         ] GC(2081) - age   1:     400208 bytes,     400208 total
[29.710s][info ][gc,heap        ] GC(2081) DefNew: 140294K(157376K)->390K(157376K) Eden: 139904K(139904K)->0K(139904K) From: 390K(17472K)->390K(17472K)
[29.710s][info ][gc,heap        ] GC(2081) Tenured: 3959K(349568K)->3959K(349568K)
[29.710s][info ][gc,metaspace   ] GC(2081) Metaspace: 9890K(10176K)->9890K(10176K) NonClass: 8755K(8896K)->8755K(8896K) Class: 1134K(1280K)->1134K(1280K)
[29.710s][info ][gc             ] GC(2081) Pause Young (Allocation Failure) 140M->4M(495M) 0.162ms
[29.710s][info ][gc,cpu         ] GC(2081) User=0.00s Sys=0.00s Real=0.01s
[29.720s][info ][gc,start       ] GC(2082) Pause Young (Allocation Failure)
[29.720s][debug][gc,age         ] GC(2082) Desired survivor size 8945664 bytes, new threshold 15 (max threshold 15)
[29.720s][trace][gc,age         ] GC(2082) Age table with threshold 15 (max threshold 15)
[29.720s][trace][gc,age         ] GC(2082) - age   1:     400208 bytes,     400208 total
[29.720s][info ][gc,heap        ] GC(2082) DefNew: 140294K(157376K)->390K(157376K) Eden: 139904K(139904K)->0K(139904K) From: 390K(17472K)->390K(17472K)
[29.720s][info ][gc,heap        ] GC(2082) Tenured: 3959K(349568K)->3959K(349568K)
[29.720s][info ][gc,metaspace   ] GC(2082) Metaspace: 9890K(10176K)->9890K(10176K) NonClass: 8755K(8896K)->8755K(8896K) Class: 1134K(1280K)->1134K(1280K)
[29.720s][info ][gc             ] GC(2082) Pause Young (Allocation Failure) 140M->4M(495M) 0.169ms
[29.720s][info ][gc,cpu         ] GC(2082) User=0.00s Sys=0.00s Real=0.00s
[29.730s][info ][gc,start       ] GC(2083) Pause Young (Allocation Failure)
[29.731s][debug][gc,age         ] GC(2083) Desired survivor size 8945664 bytes, new threshold 15 (max threshold 15)
[29.731s][trace][gc,age         ] GC(2083) Age table with threshold 15 (max threshold 15)
[29.731s][trace][gc,age         ] GC(2083) - age   1:     400208 bytes,     400208 total
[29.731s][info ][gc,heap        ] GC(2083) DefNew: 140294K(157376K)->390K(157376K) Eden: 139904K(139904K)->0K(139904K) From: 390K(17472K)->390K(17472K)
[29.731s][info ][gc,heap        ] GC(2083) Tenured: 3959K(349568K)->3959K(349568K)
[29.731s][info ][gc,metaspace   ] GC(2083) Metaspace: 9890K(10176K)->9890K(10176K) NonClass: 8755K(8896K)->8755K(8896K) Class: 1134K(1280K)->1134K(1280K)
[29.731s][info ][gc             ] GC(2083) Pause Young (Allocation Failure) 140M->4M(495M) 0.165ms
[29.731s][info ][gc,cpu         ] GC(2083) User=0.00s Sys=0.00s Real=0.00s
[29.741s][info ][gc,start       ] GC(2084) Pause Young (Allocation Failure)
[29.741s][debug][gc,age         ] GC(2084) Desired survivor size 8945664 bytes, new threshold 15 (max threshold 15)
[29.741s][trace][gc,age         ] GC(2084) Age table with threshold 15 (max threshold 15)
[29.741s][trace][gc,age         ] GC(2084) - age   1:     400208 bytes,     400208 total
[29.741s][info ][gc,heap        ] GC(2084) DefNew: 140294K(157376K)->390K(157376K) Eden: 139904K(139904K)->0K(139904K) From: 390K(17472K)->390K(17472K)
[29.741s][info ][gc,heap        ] GC(2084) Tenured: 3959K(349568K)->3959K(349568K)
[29.741s][info ][gc,metaspace   ] GC(2084) Metaspace: 9890K(10176K)->9890K(10176K) NonClass: 8755K(8896K)->8755K(8896K) Class: 1134K(1280K)->1134K(1280K)
[29.741s][info ][gc             ] GC(2084) Pause Young (Allocation Failure) 140M->4M(495M) 0.164ms
[29.741s][info ][gc,cpu         ] GC(2084) User=0.00s Sys=0.00s Real=0.00s
[29.751s][info ][gc,start       ] GC(2085) Pause Young (Allocation Failure)
[29.751s][debug][gc,age         ] GC(2085) Desired survivor size 8945664 bytes, new threshold 15 (max threshold 15)
[29.751s][trace][gc,age         ] GC(2085) Age table with threshold 15 (max threshold 15)
[29.751s][trace][gc,age         ] GC(2085) - age   1:     400208 bytes,     400208 total
[29.751s][info ][gc,heap        ] GC(2085) DefNew: 140294K(157376K)->390K(157376K) Eden: 139904K(139904K)->0K(139904K) From: 390K(17472K)->390K(17472K)
[29.751s][info ][gc,heap        ] GC(2085) Tenured: 3959K(349568K)->3959K(349568K)
[29.751s][info ][gc,metaspace   ] GC(2085) Metaspace: 9890K(10176K)->9890K(10176K) NonClass: 8755K(8896K)->8755K(8896K) Class: 1134K(1280K)->1134K(1280K)
[29.751s][info ][gc             ] GC(2085) Pause Young (Allocation Failure) 140M->4M(495M) 0.169ms
[29.751s][info ][gc,cpu         ] GC(2085) User=0.00s Sys=0.00s Real=0.00s
[29.761s][info ][gc,start       ] GC(2086) Pause Young (Allocation Failure)
[29.761s][debug][gc,age         ] GC(2086) Desired survivor size 8945664 bytes, new threshold 15 (max threshold 15)
[29.761s][trace][gc,age         ] GC(2086) Age table with threshold 15 (max threshold 15)
[29.761s][trace][gc,age         ] GC(2086) - age   1:     400208 bytes,     400208 total
[29.761s][info ][gc,heap        ] GC(2086) DefNew: 140294K(157376K)->390K(157376K) Eden: 139904K(139904K)->0K(139904K) From: 390K(17472K)->390K(17472K)
[29.761s][info ][gc,heap        ] GC(2086) Tenured: 3959K(349568K)->3959K(349568K)
[29.761s][info ][gc,metaspace   ] GC(2086) Metaspace: 9890K(10176K)->9890K(10176K) NonClass: 8755K(8896K)->8755K(8896K) Class: 1134K(1280K)->1134K(1280K)
[29.761s][info ][gc             ] GC(2086) Pause Young (Allocation Failure) 140M->4M(495M) 0.165ms
[29.761s][info ][gc,cpu         ] GC(2086) User=0.00s Sys=0.00s Real=0.00s
[29.771s][info ][gc,start       ] GC(2087) Pause Young (Allocation Failure)
[29.771s][debug][gc,age         ] GC(2087) Desired survivor size 8945664 bytes, new threshold 15 (max threshold 15)
[29.771s][trace][gc,age         ] GC(2087) Age table with threshold 15 (max threshold 15)
[29.771s][trace][gc,age         ] GC(2087) - age   1:     400208 bytes,     400208 total
[29.771s][info ][gc,heap        ] GC(2087) DefNew: 140294K(157376K)->390K(157376K) Eden: 139904K(139904K)->0K(139904K) From: 390K(17472K)->390K(17472K)
[29.771s][info ][gc,heap        ] GC(2087) Tenured: 3959K(349568K)->3959K(349568K)
[29.771s][info ][gc,metaspace   ] GC(2087) Metaspace: 9890K(10176K)->9890K(10176K) NonClass: 8755K(8896K)->8755K(8896K) Class: 1134K(1280K)->1134K(1280K)
[29.771s][info ][gc             ] GC(2087) Pause Young (Allocation Failure) 140M->4M(495M) 0.167ms
[29.771s][info ][gc,cpu         ] GC(2087) User=0.00s Sys=0.00s Real=0.00s
[29.782s][info ][gc,start       ] GC(2088) Pause Young (Allocation Failure)
[29.782s][debug][gc,age         ] GC(2088) Desired survivor size 8945664 bytes, new threshold 15 (max threshold 15)
[29.782s][trace][gc,age         ] GC(2088) Age table with threshold 15 (max threshold 15)
[29.782s][trace][gc,age         ] GC(2088) - age   1:     400208 bytes,     400208 total
[29.782s][info ][gc,heap        ] GC(2088) DefNew: 140294K(157376K)->390K(157376K) Eden: 139904K(139904K)->0K(139904K) From: 390K(17472K)->390K(17472K)
[29.782s][info ][gc,heap        ] GC(2088) Tenured: 3959K(349568K)->3959K(349568K)
[29.782s][info ][gc,metaspace   ] GC(2088) Metaspace: 9890K(10176K)->9890K(10176K) NonClass: 8755K(8896K)->8755K(8896K) Class: 1134K(1280K)->1134K(1280K)
[29.782s][info ][gc             ] GC(2088) Pause Young (Allocation Failure) 140M->4M(495M) 0.164ms
[29.782s][info ][gc,cpu         ] GC(2088) User=0.00s Sys=0.00s Real=0.00s
[29.792s][info ][gc,start       ] GC(2089) Pause Young (Allocation Failure)
[29.792s][debug][gc,age         ] GC(2089) Desired survivor size 8945664 bytes, new threshold 15 (max threshold 15)
[29.792s][trace][gc,age         ] GC(2089) Age table with threshold 15 (max threshold 15)
[29.792s][trace][gc,age         ] GC(2089) - age   1:     400208 bytes,     400208 total
[29.792s][info ][gc,heap        ] GC(2089) DefNew: 140294K(157376K)->390K(157376K) Eden: 139904K(139904K)->0K(139904K) From: 390K(17472K)->390K(17472K)
[29.792s][info ][gc,heap        ] GC(2089) Tenured: 3959K(349568K)->3959K(349568K)
[29.792s][info ][gc,metaspace   ] GC(2089) Metaspace: 9890K(10176K)->9890K(10176K) NonClass: 8755K(8896K)->8755K(8896K) Class: 1134K(1280K)->1134K(1280K)
[29.792s][info ][gc             ] GC(2089) Pause Young (Allocation Failure) 140M->4M(495M) 0.165ms
[29.792s][info ][gc,cpu         ] GC(2089) User=0.00s Sys=0.00s Real=0.00s
[29.802s][info ][gc,start       ] GC(2090) Pause Young (Allocation Failure)
[29.802s][debug][gc,age         ] GC(2090) Desired survivor size 8945664 bytes, new threshold 15 (max threshold 15)
[29.802s][trace][gc,age         ] GC(2090) Age table with threshold 15 (max threshold 15)
[29.802s][trace][gc,age         ] GC(2090) - age   1:     400208 bytes,     400208 total
[29.802s][info ][gc,heap        ] GC(2090) DefNew: 140294K(157376K)->390K(157376K) Eden: 139904K(139904K)->0K(139904K) From: 390K(17472K)->390K(17472K)
[29.802s][info ][gc,heap        ] GC(2090) Tenured: 3959K(349568K)->3959K(349568K)
[29.802s][info ][gc,metaspace   ] GC(2090) Metaspace: 9890K(10176K)->9890K(10176K) NonClass: 8755K(8896K)->8755K(8896K) Class: 1134K(1280K)->1134K(1280K)
[29.802s][info ][gc             ] GC(2090) Pause Young (Allocation Failure) 140M->4M(495M) 0.164ms
[29.802s][info ][gc,cpu         ] GC(2090) User=0.00s Sys=0.00s Real=0.00s
[29.812s][info ][gc,start       ] GC(2091) Pause Young (Allocation Failure)
[29.812s][debug][gc,age         ] GC(2091) Desired survivor size 8945664 bytes, new threshold 15 (max threshold 15)
[29.812s][trace][gc,age         ] GC(2091) Age table with threshold 15 (max threshold 15)
[29.812s][trace][gc,age         ] GC(2091) - age   1:     400208 bytes,     400208 total
[29.812s][info ][gc,heap        ] GC(2091) DefNew: 140294K(157376K)->390K(157376K) Eden: 139904K(139904K)->0K(139904K) From: 390K(17472K)->390K(17472K)
[29.812s][info ][gc,heap        ] GC(2091) Tenured: 3959K(349568K)->3959K(349568K)
[29.812s][info ][gc,metaspace   ] GC(2091) Metaspace: 9890K(10176K)->9890K(10176K) NonClass: 8755K(8896K)->8755K(8896K) Class: 1134K(1280K)->1134K(1280K)
[29.812s][info ][gc             ] GC(2091) Pause Young (Allocation Failure) 140M->4M(495M) 0.172ms
[29.812s][info ][gc,cpu         ] GC(2091) User=0.00s Sys=0.00s Real=0.00s
[29.822s][info ][gc,start       ] GC(2092) Pause Young (Allocation Failure)
[29.822s][debug][gc,age         ] GC(2092) Desired survivor size 8945664 bytes, new threshold 15 (max threshold 15)
[29.822s][trace][gc,age         ] GC(2092) Age table with threshold 15 (max threshold 15)
[29.822s][trace][gc,age         ] GC(2092) - age   1:     400208 bytes,     400208 total
[29.823s][info ][gc,heap        ] GC(2092) DefNew: 140294K(157376K)->390K(157376K) Eden: 139904K(139904K)->0K(139904K) From: 390K(17472K)->390K(17472K)
[29.823s][info ][gc,heap        ] GC(2092) Tenured: 3959K(349568K)->3959K(349568K)
[29.823s][info ][gc,metaspace   ] GC(2092) Metaspace: 9890K(10176K)->9890K(10176K) NonClass: 8755K(8896K)->8755K(8896K) Class: 1134K(1280K)->1134K(1280K)
[29.823s][info ][gc             ] GC(2092) Pause Young (Allocation Failure) 140M->4M(495M) 0.161ms
[29.823s][info ][gc,cpu         ] GC(2092) User=0.00s Sys=0.00s Real=0.00s
[29.833s][info ][gc,start       ] GC(2093) Pause Young (Allocation Failure)
[29.833s][debug][gc,age         ] GC(2093) Desired survivor size 8945664 bytes, new threshold 15 (max threshold 15)
[29.833s][trace][gc,age         ] GC(2093) Age table with threshold 15 (max threshold 15)
[29.833s][trace][gc,age         ] GC(2093) - age   1:     400208 bytes,     400208 total
[29.833s][info ][gc,heap        ] GC(2093) DefNew: 140294K(157376K)->390K(157376K) Eden: 139904K(139904K)->0K(139904K) From: 390K(17472K)->390K(17472K)
[29.833s][info ][gc,heap        ] GC(2093) Tenured: 3959K(349568K)->3959K(349568K)
[29.833s][info ][gc,metaspace   ] GC(2093) Metaspace: 9890K(10176K)->9890K(10176K) NonClass: 8755K(8896K)->8755K(8896K) Class: 1134K(1280K)->1134K(1280K)
[29.833s][info ][gc             ] GC(2093) Pause Young (Allocation Failure) 140M->4M(495M) 0.166ms
[29.833s][info ][gc,cpu         ] GC(2093) User=0.00s Sys=0.00s Real=0.00s
[29.843s][info ][gc,start       ] GC(2094) Pause Young (Allocation Failure)
[29.843s][debug][gc,age         ] GC(2094) Desired survivor size 8945664 bytes, new threshold 15 (max threshold 15)
[29.843s][trace][gc,age         ] GC(2094) Age table with threshold 15 (max threshold 15)
[29.843s][trace][gc,age         ] GC(2094) - age   1:     400208 bytes,     400208 total
[29.843s][info ][gc,heap        ] GC(2094) DefNew: 140294K(157376K)->390K(157376K) Eden: 139904K(139904K)->0K(139904K) From: 390K(17472K)->390K(17472K)
[29.843s][info ][gc,heap        ] GC(2094) Tenured: 3959K(349568K)->3959K(349568K)
[29.843s][info ][gc,metaspace   ] GC(2094) Metaspace: 9890K(10176K)->9890K(10176K) NonClass: 8755K(8896K)->8755K(8896K) Class: 1134K(1280K)->1134K(1280K)
[29.843s][info ][gc             ] GC(2094) Pause Young (Allocation Failure) 140M->4M(495M) 0.163ms
[29.843s][info ][gc,cpu         ] GC(2094) User=0.00s Sys=0.00s Real=0.00s
[29.853s][info ][gc,start       ] GC(2095) Pause Young (Allocation Failure)
[29.853s][debug][gc,age         ] GC(2095) Desired survivor size 8945664 bytes, new threshold 15 (max threshold 15)
[29.853s][trace][gc,age         ] GC(2095) Age table with threshold 15 (max threshold 15)
[29.853s][trace][gc,age         ] GC(2095) - age   1:     400208 bytes,     400208 total
[29.853s][info ][gc,heap        ] GC(2095) DefNew: 140294K(157376K)->390K(157376K) Eden: 139904K(139904K)->0K(139904K) From: 390K(17472K)->390K(17472K)
[29.853s][info ][gc,heap        ] GC(2095) Tenured: 3959K(349568K)->3959K(349568K)
[29.853s][info ][gc,metaspace   ] GC(2095) Metaspace: 9890K(10176K)->9890K(10176K) NonClass: 8755K(8896K)->8755K(8896K) Class: 1134K(1280K)->1134K(1280K)
[29.853s][info ][gc             ] GC(2095) Pause Young (Allocation Failure) 140M->4M(495M) 0.162ms
[29.853s][info ][gc,cpu         ] GC(2095) User=0.00s Sys=0.00s Real=0.00s
[29.863s][info ][gc,start       ] GC(2096) Pause Young (Allocation Failure)
[29.863s][debug][gc,age         ] GC(2096) Desired survivor size 8945664 bytes, new threshold 15 (max threshold 15)
[29.863s][trace][gc,age         ] GC(2096) Age table with threshold 15 (max threshold 15)
[29.863s][trace][gc,age         ] GC(2096) - age   1:     400208 bytes,     400208 total
[29.863s][info ][gc,heap        ] GC(2096) DefNew: 140294K(157376K)->390K(157376K) Eden: 139904K(139904K)->0K(139904K) From: 390K(17472K)->390K(17472K)
[29.863s][info ][gc,heap        ] GC(2096) Tenured: 3959K(349568K)->3959K(349568K)
[29.863s][info ][gc,metaspace   ] GC(2096) Metaspace: 9890K(10176K)->9890K(10176K) NonClass: 8755K(8896K)->8755K(8896K) Class: 1134K(1280K)->1134K(1280K)
[29.863s][info ][gc             ] GC(2096) Pause Young (Allocation Failure) 140M->4M(495M) 0.167ms
[29.863s][info ][gc,cpu         ] GC(2096) User=0.00s Sys=0.00s Real=0.00s
[29.873s][info ][gc,start       ] GC(2097) Pause Young (Allocation Failure)
[29.874s][debug][gc,age         ] GC(2097) Desired survivor size 8945664 bytes, new threshold 15 (max threshold 15)
[29.874s][trace][gc,age         ] GC(2097) Age table with threshold 15 (max threshold 15)
[29.874s][trace][gc,age         ] GC(2097) - age   1:     400208 bytes,     400208 total
[29.874s][info ][gc,heap        ] GC(2097) DefNew: 140294K(157376K)->390K(157376K) Eden: 139904K(139904K)->0K(139904K) From: 390K(17472K)->390K(17472K)
[29.874s][info ][gc,heap        ] GC(2097) Tenured: 3959K(349568K)->3959K(349568K)
[29.874s][info ][gc,metaspace   ] GC(2097) Metaspace: 9890K(10176K)->9890K(10176K) NonClass: 8755K(8896K)->8755K(8896K) Class: 1134K(1280K)->1134K(1280K)
[29.874s][info ][gc             ] GC(2097) Pause Young (Allocation Failure) 140M->4M(495M) 0.163ms
[29.874s][info ][gc,cpu         ] GC(2097) User=0.00s Sys=0.00s Real=0.00s
[29.884s][info ][gc,start       ] GC(2098) Pause Young (Allocation Failure)
[29.884s][debug][gc,age         ] GC(2098) Desired survivor size 8945664 bytes, new threshold 15 (max threshold 15)
[29.884s][trace][gc,age         ] GC(2098) Age table with threshold 15 (max threshold 15)
[29.884s][trace][gc,age         ] GC(2098) - age   1:     400208 bytes,     400208 total
[29.884s][info ][gc,heap        ] GC(2098) DefNew: 140294K(157376K)->390K(157376K) Eden: 139904K(139904K)->0K(139904K) From: 390K(17472K)->390K(17472K)
[29.884s][info ][gc,heap        ] GC(2098) Tenured: 3959K(349568K)->3959K(349568K)
[29.884s][info ][gc,metaspace   ] GC(2098) Metaspace: 9890K(10176K)->9890K(10176K) NonClass: 8755K(8896K)->8755K(8896K) Class: 1134K(1280K)->1134K(1280K)
[29.884s][info ][gc             ] GC(2098) Pause Young (Allocation Failure) 140M->4M(495M) 0.161ms
[29.884s][info ][gc,cpu         ] GC(2098) User=0.00s Sys=0.00s Real=0.00s
[29.894s][info ][gc,start       ] GC(2099) Pause Young (Allocation Failure)
[29.894s][debug][gc,age         ] GC(2099) Desired survivor size 8945664 bytes, new threshold 15 (max threshold 15)
[29.894s][trace][gc,age         ] GC(2099) Age table with threshold 15 (max threshold 15)
[29.894s][trace][gc,age         ] GC(2099) - age   1:     400208 bytes,     400208 total
[29.894s][info ][gc,heap        ] GC(2099) DefNew: 140294K(157376K)->390K(157376K) Eden: 139904K(139904K)->0K(139904K) From: 390K(17472K)->390K(17472K)
[29.894s][info ][gc,heap        ] GC(2099) Tenured: 3959K(349568K)->3959K(349568K)
[29.894s][info ][gc,metaspace   ] GC(2099) Metaspace: 9890K(10176K)->9890K(10176K) NonClass: 8755K(8896K)->8755K(8896K) Class: 1134K(1280K)->1134K(1280K)
[29.894s][info ][gc             ] GC(2099) Pause Young (Allocation Failure) 140M->4M(495M) 0.166ms
[29.894s][info ][gc,cpu         ] GC(2099) User=0.00s Sys=0.00s Real=0.00s
[29.904s][info ][gc,start       ] GC(2100) Pause Young (Allocation Failure)
[29.904s][debug][gc,age         ] GC(2100) Desired survivor size 8945664 bytes, new threshold 15 (max threshold 15)
[29.904s][trace][gc,age         ] GC(2100) Age table with threshold 15 (max threshold 15)
[29.904s][trace][gc,age         ] GC(2100) - age   1:     400208 bytes,     400208 total
[29.904s][info ][gc,heap        ] GC(2100) DefNew: 140294K(157376K)->390K(157376K) Eden: 139904K(139904K)->0K(139904K) From: 390K(17472K)->390K(17472K)
[29.904s][info ][gc,heap        ] GC(2100) Tenured: 3959K(349568K)->3959K(349568K)
[29.904s][info ][gc,metaspace   ] GC(2100) Metaspace: 9890K(10176K)->9890K(10176K) NonClass: 8755K(8896K)->8755K(8896K) Class: 1134K(1280K)->1134K(1280K)
[29.904s][info ][gc             ] GC(2100) Pause Young (Allocation Failure) 140M->4M(495M) 0.163ms
[29.904s][info ][gc,cpu         ] GC(2100) User=0.00s Sys=0.00s Real=0.00s
[29.914s][info ][gc,start       ] GC(2101) Pause Young (Allocation Failure)
[29.914s][debug][gc,age         ] GC(2101) Desired survivor size 8945664 bytes, new threshold 15 (max threshold 15)
[29.914s][trace][gc,age         ] GC(2101) Age table with threshold 15 (max threshold 15)
[29.914s][trace][gc,age         ] GC(2101) - age   1:     400208 bytes,     400208 total
[29.914s][info ][gc,heap        ] GC(2101) DefNew: 140294K(157376K)->390K(157376K) Eden: 139904K(139904K)->0K(139904K) From: 390K(17472K)->390K(17472K)
[29.914s][info ][gc,heap        ] GC(2101) Tenured: 3959K(349568K)->3959K(349568K)
[29.914s][info ][gc,metaspace   ] GC(2101) Metaspace: 9890K(10176K)->9890K(10176K) NonClass: 8755K(8896K)->8755K(8896K) Class: 1134K(1280K)->1134K(1280K)
[29.914s][info ][gc             ] GC(2101) Pause Young (Allocation Failure) 140M->4M(495M) 0.164ms
[29.914s][info ][gc,cpu         ] GC(2101) User=0.00s Sys=0.00s Real=0.00s
[29.924s][info ][gc,start       ] GC(2102) Pause Young (Allocation Failure)
[29.925s][debug][gc,age         ] GC(2102) Desired survivor size 8945664 bytes, new threshold 15 (max threshold 15)
[29.925s][trace][gc,age         ] GC(2102) Age table with threshold 15 (max threshold 15)
[29.925s][trace][gc,age         ] GC(2102) - age   1:     400208 bytes,     400208 total
[29.925s][info ][gc,heap        ] GC(2102) DefNew: 140294K(157376K)->390K(157376K) Eden: 139904K(139904K)->0K(139904K) From: 390K(17472K)->390K(17472K)
[29.925s][info ][gc,heap        ] GC(2102) Tenured: 3959K(349568K)->3959K(349568K)
[29.925s][info ][gc,metaspace   ] GC(2102) Metaspace: 9890K(10176K)->9890K(10176K) NonClass: 8755K(8896K)->8755K(8896K) Class: 1134K(1280K)->1134K(1280K)
[29.925s][info ][gc             ] GC(2102) Pause Young (Allocation Failure) 140M->4M(495M) 0.164ms
[29.925s][info ][gc,cpu         ] GC(2102) User=0.00s Sys=0.00s Real=0.00s
[29.935s][info ][gc,start       ] GC(2103) Pause Young (Allocation Failure)
[29.935s][debug][gc,age         ] GC(2103) Desired survivor size 8945664 bytes, new threshold 15 (max threshold 15)
[29.935s][trace][gc,age         ] GC(2103) Age table with threshold 15 (max threshold 15)
[29.935s][trace][gc,age         ] GC(2103) - age   1:     400208 bytes,     400208 total
[29.935s][info ][gc,heap        ] GC(2103) DefNew: 140294K(157376K)->390K(157376K) Eden: 139904K(139904K)->0K(139904K) From: 390K(17472K)->390K(17472K)
[29.935s][info ][gc,heap        ] GC(2103) Tenured: 3959K(349568K)->3959K(349568K)
[29.935s][info ][gc,metaspace   ] GC(2103) Metaspace: 9890K(10176K)->9890K(10176K) NonClass: 8755K(8896K)->8755K(8896K) Class: 1134K(1280K)->1134K(1280K)
[29.935s][info ][gc             ] GC(2103) Pause Young (Allocation Failure) 140M->4M(495M) 0.165ms
[29.935s][info ][gc,cpu         ] GC(2103) User=0.00s Sys=0.00s Real=0.00s
[29.945s][info ][gc,start       ] GC(2104) Pause Young (Allocation Failure)
[29.945s][debug][gc,age         ] GC(2104) Desired survivor size 8945664 bytes, new threshold 15 (max threshold 15)
[29.945s][trace][gc,age         ] GC(2104) Age table with threshold 15 (max threshold 15)
[29.945s][trace][gc,age         ] GC(2104) - age   1:     400208 bytes,     400208 total
[29.945s][info ][gc,heap        ] GC(2104) DefNew: 140294K(157376K)->390K(157376K) Eden: 139904K(139904K)->0K(139904K) From: 390K(17472K)->390K(17472K)
[29.945s][info ][gc,heap        ] GC(2104) Tenured: 3959K(349568K)->3959K(349568K)
[29.945s][info ][gc,metaspace   ] GC(2104) Metaspace: 9890K(10176K)->9890K(10176K) NonClass: 8755K(8896K)->8755K(8896K) Class: 1134K(1280K)->1134K(1280K)
[29.945s][info ][gc             ] GC(2104) Pause Young (Allocation Failure) 140M->4M(495M) 0.161ms
[29.945s][info ][gc,cpu         ] GC(2104) User=0.00s Sys=0.00s Real=0.00s
[29.955s][info ][gc,start       ] GC(2105) Pause Young (Allocation Failure)
[29.955s][debug][gc,age         ] GC(2105) Desired survivor size 8945664 bytes, new threshold 15 (max threshold 15)
[29.955s][trace][gc,age         ] GC(2105) Age table with threshold 15 (max threshold 15)
[29.955s][trace][gc,age         ] GC(2105) - age   1:     400208 bytes,     400208 total
[29.955s][info ][gc,heap        ] GC(2105) DefNew: 140294K(157376K)->390K(157376K) Eden: 139904K(139904K)->0K(139904K) From: 390K(17472K)->390K(17472K)
[29.955s][info ][gc,heap        ] GC(2105) Tenured: 3959K(349568K)->3959K(349568K)
[29.955s][info ][gc,metaspace   ] GC(2105) Metaspace: 9890K(10176K)->9890K(10176K) NonClass: 8755K(8896K)->8755K(8896K) Class: 1134K(1280K)->1134K(1280K)
[29.955s][info ][gc             ] GC(2105) Pause Young (Allocation Failure) 140M->4M(495M) 0.173ms
[29.955s][info ][gc,cpu         ] GC(2105) User=0.00s Sys=0.00s Real=0.00s
[29.965s][info ][gc,start       ] GC(2106) Pause Young (Allocation Failure)
[29.965s][debug][gc,age         ] GC(2106) Desired survivor size 8945664 bytes, new threshold 15 (max threshold 15)
[29.965s][trace][gc,age         ] GC(2106) Age table with threshold 15 (max threshold 15)
[29.965s][trace][gc,age         ] GC(2106) - age   1:     400208 bytes,     400208 total
[29.965s][info ][gc,heap        ] GC(2106) DefNew: 140294K(157376K)->390K(157376K) Eden: 139904K(139904K)->0K(139904K) From: 390K(17472K)->390K(17472K)
[29.965s][info ][gc,heap        ] GC(2106) Tenured: 3959K(349568K)->3959K(349568K)
[29.965s][info ][gc,metaspace   ] GC(2106) Metaspace: 9890K(10176K)->9890K(10176K) NonClass: 8755K(8896K)->8755K(8896K) Class: 1134K(1280K)->1134K(1280K)
[29.966s][info ][gc             ] GC(2106) Pause Young (Allocation Failure) 140M->4M(495M) 0.163ms
[29.966s][info ][gc,cpu         ] GC(2106) User=0.00s Sys=0.00s Real=0.00s
[29.976s][info ][gc,start       ] GC(2107) Pause Young (Allocation Failure)
[29.976s][debug][gc,age         ] GC(2107) Desired survivor size 8945664 bytes, new threshold 15 (max threshold 15)
[29.976s][trace][gc,age         ] GC(2107) Age table with threshold 15 (max threshold 15)
[29.976s][trace][gc,age         ] GC(2107) - age   1:     400208 bytes,     400208 total
[29.976s][info ][gc,heap        ] GC(2107) DefNew: 140294K(157376K)->390K(157376K) Eden: 139904K(139904K)->0K(139904K) From: 390K(17472K)->390K(17472K)
[29.976s][info ][gc,heap        ] GC(2107) Tenured: 3959K(349568K)->3959K(349568K)
[29.976s][info ][gc,metaspace   ] GC(2107) Metaspace: 9890K(10176K)->9890K(10176K) NonClass: 8755K(8896K)->8755K(8896K) Class: 1134K(1280K)->1134K(1280K)
[29.976s][info ][gc             ] GC(2107) Pause Young (Allocation Failure) 140M->4M(495M) 0.167ms
[29.976s][info ][gc,cpu         ] GC(2107) User=0.00s Sys=0.00s Real=0.00s
[29.986s][info ][gc,start       ] GC(2108) Pause Young (Allocation Failure)
[29.986s][debug][gc,age         ] GC(2108) Desired survivor size 8945664 bytes, new threshold 15 (max threshold 15)
[29.986s][trace][gc,age         ] GC(2108) Age table with threshold 15 (max threshold 15)
[29.986s][trace][gc,age         ] GC(2108) - age   1:     400208 bytes,     400208 total
[29.986s][info ][gc,heap        ] GC(2108) DefNew: 140294K(157376K)->390K(157376K) Eden: 139904K(139904K)->0K(139904K) From: 390K(17472K)->390K(17472K)
[29.986s][info ][gc,heap        ] GC(2108) Tenured: 3959K(349568K)->3959K(349568K)
[29.986s][info ][gc,metaspace   ] GC(2108) Metaspace: 9890K(10176K)->9890K(10176K) NonClass: 8755K(8896K)->8755K(8896K) Class: 1134K(1280K)->1134K(1280K)
[29.986s][info ][gc             ] GC(2108) Pause Young (Allocation Failure) 140M->4M(495M) 0.166ms
[29.986s][info ][gc,cpu         ] GC(2108) User=0.00s Sys=0.00s Real=0.00s
[29.996s][info ][gc,start       ] GC(2109) Pause Young (Allocation Failure)
[29.996s][debug][gc,age         ] GC(2109) Desired survivor size 8945664 bytes, new threshold 15 (max threshold 15)
[29.996s][trace][gc,age         ] GC(2109) Age table with threshold 15 (max threshold 15)
[29.996s][trace][gc,age         ] GC(2109) - age   1:     400208 bytes,     400208 total
[29.996s][info ][gc,heap        ] GC(2109) DefNew: 140294K(157376K)->390K(157376K) Eden: 139904K(139904K)->0K(139904K) From: 390K(17472K)->390K(17472K)
[29.996s][info ][gc,heap        ] GC(2109) Tenured: 3959K(349568K)->3959K(349568K)
[29.996s][info ][gc,metaspace   ] GC(2109) Metaspace: 9890K(10176K)->9890K(10176K) NonClass: 8755K(8896K)->8755K(8896K) Class: 1134K(1280K)->1134K(1280K)
[29.996s][info ][gc             ] GC(2109) Pause Young (Allocation Failure) 140M->4M(495M) 0.162ms
[29.996s][info ][gc,cpu         ] GC(2109) User=0.00s Sys=0.00s Real=0.00s
[30.006s][info ][gc,start       ] GC(2110) Pause Young (Allocation Failure)
[30.006s][debug][gc,age         ] GC(2110) Desired survivor size 8945664 bytes, new threshold 15 (max threshold 15)
[30.006s][trace][gc,age         ] GC(2110) Age table with threshold 15 (max threshold 15)
[30.006s][trace][gc,age         ] GC(2110) - age   1:     400208 bytes,     400208 total
[30.006s][info ][gc,heap        ] GC(2110) DefNew: 140294K(157376K)->390K(157376K) Eden: 139904K(139904K)->0K(139904K) From: 390K(17472K)->390K(17472K)
[30.006s][info ][gc,heap        ] GC(2110) Tenured: 3959K(349568K)->3959K(349568K)
[30.006s][info ][gc,metaspace   ] GC(2110) Metaspace: 9890K(10176K)->9890K(10176K) NonClass: 8755K(8896K)->8755K(8896K) Class: 1134K(1280K)->1134K(1280K)
[30.006s][info ][gc             ] GC(2110) Pause Young (Allocation Failure) 140M->4M(495M) 0.163ms
[30.006s][info ][gc,cpu         ] GC(2110) User=0.00s Sys=0.00s Real=0.00s
[30.016s][info ][gc,start       ] GC(2111) Pause Young (Allocation Failure)
[30.017s][debug][gc,age         ] GC(2111) Desired survivor size 8945664 bytes, new threshold 15 (max threshold 15)
[30.017s][trace][gc,age         ] GC(2111) Age table with threshold 15 (max threshold 15)
[30.017s][trace][gc,age         ] GC(2111) - age   1:     400208 bytes,     400208 total
[30.017s][info ][gc,heap        ] GC(2111) DefNew: 140294K(157376K)->390K(157376K) Eden: 139904K(139904K)->0K(139904K) From: 390K(17472K)->390K(17472K)
[30.017s][info ][gc,heap        ] GC(2111) Tenured: 3959K(349568K)->3959K(349568K)
[30.017s][info ][gc,metaspace   ] GC(2111) Metaspace: 9890K(10176K)->9890K(10176K) NonClass: 8755K(8896K)->8755K(8896K) Class: 1134K(1280K)->1134K(1280K)
[30.017s][info ][gc             ] GC(2111) Pause Young (Allocation Failure) 140M->4M(495M) 0.163ms
[30.017s][info ][gc,cpu         ] GC(2111) User=0.00s Sys=0.00s Real=0.00s
[30.027s][info ][gc,start       ] GC(2112) Pause Young (Allocation Failure)
[30.027s][debug][gc,age         ] GC(2112) Desired survivor size 8945664 bytes, new threshold 15 (max threshold 15)
[30.027s][trace][gc,age         ] GC(2112) Age table with threshold 15 (max threshold 15)
[30.027s][trace][gc,age         ] GC(2112) - age   1:     400208 bytes,     400208 total
[30.027s][info ][gc,heap        ] GC(2112) DefNew: 140294K(157376K)->390K(157376K) Eden: 139904K(139904K)->0K(139904K) From: 390K(17472K)->390K(17472K)
[30.027s][info ][gc,heap        ] GC(2112) Tenured: 3959K(349568K)->3959K(349568K)
[30.027s][info ][gc,metaspace   ] GC(2112) Metaspace: 9890K(10176K)->9890K(10176K) NonClass: 8755K(8896K)->8755K(8896K) Class: 1134K(1280K)->1134K(1280K)
[30.027s][info ][gc             ] GC(2112) Pause Young (Allocation Failure) 140M->4M(495M) 0.162ms
[30.027s][info ][gc,cpu         ] GC(2112) User=0.01s Sys=0.01s Real=0.00s
[30.037s][info ][gc,start       ] GC(2113) Pause Young (Allocation Failure)
[30.037s][debug][gc,age         ] GC(2113) Desired survivor size 8945664 bytes, new threshold 15 (max threshold 15)
[30.037s][trace][gc,age         ] GC(2113) Age table with threshold 15 (max threshold 15)
[30.037s][trace][gc,age         ] GC(2113) - age   1:     400208 bytes,     400208 total
[30.037s][info ][gc,heap        ] GC(2113) DefNew: 140294K(157376K)->390K(157376K) Eden: 139904K(139904K)->0K(139904K) From: 390K(17472K)->390K(17472K)
[30.037s][info ][gc,heap        ] GC(2113) Tenured: 3959K(349568K)->3959K(349568K)
[30.037s][info ][gc,metaspace   ] GC(2113) Metaspace: 9890K(10176K)->9890K(10176K) NonClass: 8755K(8896K)->8755K(8896K) Class: 1134K(1280K)->1134K(1280K)
[30.037s][info ][gc             ] GC(2113) Pause Young (Allocation Failure) 140M->4M(495M) 0.167ms
[30.037s][info ][gc,cpu         ] GC(2113) User=0.00s Sys=0.00s Real=0.00s
[30.047s][info ][gc,start       ] GC(2114) Pause Young (Allocation Failure)
[30.047s][debug][gc,age         ] GC(2114) Desired survivor size 8945664 bytes, new threshold 15 (max threshold 15)
[30.047s][trace][gc,age         ] GC(2114) Age table with threshold 15 (max threshold 15)
[30.047s][trace][gc,age         ] GC(2114) - age   1:     400208 bytes,     400208 total
[30.047s][info ][gc,heap        ] GC(2114) DefNew: 140294K(157376K)->390K(157376K) Eden: 139904K(139904K)->0K(139904K) From: 390K(17472K)->390K(17472K)
[30.047s][info ][gc,heap        ] GC(2114) Tenured: 3959K(349568K)->3959K(349568K)
[30.047s][info ][gc,metaspace   ] GC(2114) Metaspace: 9890K(10176K)->9890K(10176K) NonClass: 8755K(8896K)->8755K(8896K) Class: 1134K(1280K)->1134K(1280K)
[30.047s][info ][gc             ] GC(2114) Pause Young (Allocation Failure) 140M->4M(495M) 0.162ms
[30.047s][info ][gc,cpu         ] GC(2114) User=0.00s Sys=0.00s Real=0.00s
[30.057s][info ][gc,start       ] GC(2115) Pause Young (Allocation Failure)
[30.057s][debug][gc,age         ] GC(2115) Desired survivor size 8945664 bytes, new threshold 15 (max threshold 15)
[30.057s][trace][gc,age         ] GC(2115) Age table with threshold 15 (max threshold 15)
[30.057s][trace][gc,age         ] GC(2115) - age   1:     400208 bytes,     400208 total
[30.057s][info ][gc,heap        ] GC(2115) DefNew: 140294K(157376K)->390K(157376K) Eden: 139904K(139904K)->0K(139904K) From: 390K(17472K)->390K(17472K)
[30.057s][info ][gc,heap        ] GC(2115) Tenured: 3959K(349568K)->3959K(349568K)
[30.057s][info ][gc,metaspace   ] GC(2115) Metaspace: 9890K(10176K)->9890K(10176K) NonClass: 8755K(8896K)->8755K(8896K) Class: 1134K(1280K)->1134K(1280K)
[30.057s][info ][gc             ] GC(2115) Pause Young (Allocation Failure) 140M->4M(495M) 0.165ms
[30.057s][info ][gc,cpu         ] GC(2115) User=0.00s Sys=0.00s Real=0.00s
[30.067s][info ][gc,start       ] GC(2116) Pause Young (Allocation Failure)
[30.068s][debug][gc,age         ] GC(2116) Desired survivor size 8945664 bytes, new threshold 15 (max threshold 15)
[30.068s][trace][gc,age         ] GC(2116) Age table with threshold 15 (max threshold 15)
[30.068s][trace][gc,age         ] GC(2116) - age   1:     400208 bytes,     400208 total
[30.068s][info ][gc,heap        ] GC(2116) DefNew: 140294K(157376K)->390K(157376K) Eden: 139904K(139904K)->0K(139904K) From: 390K(17472K)->390K(17472K)
[30.068s][info ][gc,heap        ] GC(2116) Tenured: 3959K(349568K)->3959K(349568K)
[30.068s][info ][gc,metaspace   ] GC(2116) Metaspace: 9890K(10176K)->9890K(10176K) NonClass: 8755K(8896K)->8755K(8896K) Class: 1134K(1280K)->1134K(1280K)
[30.068s][info ][gc             ] GC(2116) Pause Young (Allocation Failure) 140M->4M(495M) 0.164ms
[30.068s][info ][gc,cpu         ] GC(2116) User=0.00s Sys=0.00s Real=0.00s
[30.078s][info ][gc,start       ] GC(2117) Pause Young (Allocation Failure)
[30.078s][debug][gc,age         ] GC(2117) Desired survivor size 8945664 bytes, new threshold 15 (max threshold 15)
[30.078s][trace][gc,age         ] GC(2117) Age table with threshold 15 (max threshold 15)
[30.078s][trace][gc,age         ] GC(2117) - age   1:     400208 bytes,     400208 total
[30.078s][info ][gc,heap        ] GC(2117) DefNew: 140294K(157376K)->390K(157376K) Eden: 139904K(139904K)->0K(139904K) From: 390K(17472K)->390K(17472K)
[30.078s][info ][gc,heap        ] GC(2117) Tenured: 3959K(349568K)->3959K(349568K)
[30.078s][info ][gc,metaspace   ] GC(2117) Metaspace: 9890K(10176K)->9890K(10176K) NonClass: 8755K(8896K)->8755K(8896K) Class: 1134K(1280K)->1134K(1280K)
[30.078s][info ][gc             ] GC(2117) Pause Young (Allocation Failure) 140M->4M(495M) 0.163ms
[30.078s][info ][gc,cpu         ] GC(2117) User=0.00s Sys=0.00s Real=0.00s
[30.088s][info ][gc,start       ] GC(2118) Pause Young (Allocation Failure)
[30.088s][debug][gc,age         ] GC(2118) Desired survivor size 8945664 bytes, new threshold 15 (max threshold 15)
[30.088s][trace][gc,age         ] GC(2118) Age table with threshold 15 (max threshold 15)
[30.088s][trace][gc,age         ] GC(2118) - age   1:     400208 bytes,     400208 total
[30.088s][info ][gc,heap        ] GC(2118) DefNew: 140294K(157376K)->390K(157376K) Eden: 139904K(139904K)->0K(139904K) From: 390K(17472K)->390K(17472K)
[30.088s][info ][gc,heap        ] GC(2118) Tenured: 3959K(349568K)->3959K(349568K)
[30.088s][info ][gc,metaspace   ] GC(2118) Metaspace: 9890K(10176K)->9890K(10176K) NonClass: 8755K(8896K)->8755K(8896K) Class: 1134K(1280K)->1134K(1280K)
[30.088s][info ][gc             ] GC(2118) Pause Young (Allocation Failure) 140M->4M(495M) 0.167ms
[30.088s][info ][gc,cpu         ] GC(2118) User=0.00s Sys=0.00s Real=0.00s
[30.098s][info ][gc,start       ] GC(2119) Pause Young (Allocation Failure)
[30.098s][debug][gc,age         ] GC(2119) Desired survivor size 8945664 bytes, new threshold 15 (max threshold 15)
[30.098s][trace][gc,age         ] GC(2119) Age table with threshold 15 (max threshold 15)
[30.098s][trace][gc,age         ] GC(2119) - age   1:     400208 bytes,     400208 total
[30.098s][info ][gc,heap        ] GC(2119) DefNew: 140294K(157376K)->390K(157376K) Eden: 139904K(139904K)->0K(139904K) From: 390K(17472K)->390K(17472K)
[30.098s][info ][gc,heap        ] GC(2119) Tenured: 3959K(349568K)->3959K(349568K)
[30.098s][info ][gc,metaspace   ] GC(2119) Metaspace: 9890K(10176K)->9890K(10176K) NonClass: 8755K(8896K)->8755K(8896K) Class: 1134K(1280K)->1134K(1280K)
[30.098s][info ][gc             ] GC(2119) Pause Young (Allocation Failure) 140M->4M(495M) 0.168ms
[30.098s][info ][gc,cpu         ] GC(2119) User=0.00s Sys=0.00s Real=0.00s
[30.108s][info ][gc,start       ] GC(2120) Pause Young (Allocation Failure)
[30.108s][debug][gc,age         ] GC(2120) Desired survivor size 8945664 bytes, new threshold 15 (max threshold 15)
[30.108s][trace][gc,age         ] GC(2120) Age table with threshold 15 (max threshold 15)
[30.108s][trace][gc,age         ] GC(2120) - age   1:     400208 bytes,     400208 total
[30.108s][info ][gc,heap        ] GC(2120) DefNew: 140294K(157376K)->390K(157376K) Eden: 139904K(139904K)->0K(139904K) From: 390K(17472K)->390K(17472K)
[30.108s][info ][gc,heap        ] GC(2120) Tenured: 3959K(349568K)->3959K(349568K)
[30.108s][info ][gc,metaspace   ] GC(2120) Metaspace: 9890K(10176K)->9890K(10176K) NonClass: 8755K(8896K)->8755K(8896K) Class: 1134K(1280K)->1134K(1280K)
[30.108s][info ][gc             ] GC(2120) Pause Young (Allocation Failure) 140M->4M(495M) 0.165ms
[30.108s][info ][gc,cpu         ] GC(2120) User=0.00s Sys=0.00s Real=0.00s
[30.119s][info ][gc,start       ] GC(2121) Pause Young (Allocation Failure)
[30.119s][debug][gc,age         ] GC(2121) Desired survivor size 8945664 bytes, new threshold 15 (max threshold 15)
[30.119s][trace][gc,age         ] GC(2121) Age table with threshold 15 (max threshold 15)
[30.119s][trace][gc,age         ] GC(2121) - age   1:     400208 bytes,     400208 total
[30.119s][info ][gc,heap        ] GC(2121) DefNew: 140294K(157376K)->390K(157376K) Eden: 139904K(139904K)->0K(139904K) From: 390K(17472K)->390K(17472K)
[30.119s][info ][gc,heap        ] GC(2121) Tenured: 3959K(349568K)->3959K(349568K)
[30.119s][info ][gc,metaspace   ] GC(2121) Metaspace: 9890K(10176K)->9890K(10176K) NonClass: 8755K(8896K)->8755K(8896K) Class: 1134K(1280K)->1134K(1280K)
[30.119s][info ][gc             ] GC(2121) Pause Young (Allocation Failure) 140M->4M(495M) 0.170ms
[30.119s][info ][gc,cpu         ] GC(2121) User=0.00s Sys=0.00s Real=0.00s
[30.129s][info ][gc,start       ] GC(2122) Pause Young (Allocation Failure)
[30.129s][debug][gc,age         ] GC(2122) Desired survivor size 8945664 bytes, new threshold 15 (max threshold 15)
[30.129s][trace][gc,age         ] GC(2122) Age table with threshold 15 (max threshold 15)
[30.129s][trace][gc,age         ] GC(2122) - age   1:     400208 bytes,     400208 total
[30.129s][info ][gc,heap        ] GC(2122) DefNew: 140294K(157376K)->390K(157376K) Eden: 139904K(139904K)->0K(139904K) From: 390K(17472K)->390K(17472K)
[30.129s][info ][gc,heap        ] GC(2122) Tenured: 3959K(349568K)->3959K(349568K)
[30.129s][info ][gc,metaspace   ] GC(2122) Metaspace: 9890K(10176K)->9890K(10176K) NonClass: 8755K(8896K)->8755K(8896K) Class: 1134K(1280K)->1134K(1280K)
[30.129s][info ][gc             ] GC(2122) Pause Young (Allocation Failure) 140M->4M(495M) 0.160ms
[30.129s][info ][gc,cpu         ] GC(2122) User=0.00s Sys=0.00s Real=0.00s
[30.139s][info ][gc,start       ] GC(2123) Pause Young (Allocation Failure)
[30.139s][debug][gc,age         ] GC(2123) Desired survivor size 8945664 bytes, new threshold 15 (max threshold 15)
[30.139s][trace][gc,age         ] GC(2123) Age table with threshold 15 (max threshold 15)
[30.139s][trace][gc,age         ] GC(2123) - age   1:     400208 bytes,     400208 total
[30.139s][info ][gc,heap        ] GC(2123) DefNew: 140294K(157376K)->390K(157376K) Eden: 139904K(139904K)->0K(139904K) From: 390K(17472K)->390K(17472K)
[30.139s][info ][gc,heap        ] GC(2123) Tenured: 3959K(349568K)->3959K(349568K)
[30.139s][info ][gc,metaspace   ] GC(2123) Metaspace: 9890K(10176K)->9890K(10176K) NonClass: 8755K(8896K)->8755K(8896K) Class: 1134K(1280K)->1134K(1280K)
[30.139s][info ][gc             ] GC(2123) Pause Young (Allocation Failure) 140M->4M(495M) 0.168ms
[30.139s][info ][gc,cpu         ] GC(2123) User=0.00s Sys=0.00s Real=0.00s
[30.149s][info ][gc,start       ] GC(2124) Pause Young (Allocation Failure)
[30.149s][debug][gc,age         ] GC(2124) Desired survivor size 8945664 bytes, new threshold 15 (max threshold 15)
[30.149s][trace][gc,age         ] GC(2124) Age table with threshold 15 (max threshold 15)
[30.149s][trace][gc,age         ] GC(2124) - age   1:     400208 bytes,     400208 total
[30.149s][info ][gc,heap        ] GC(2124) DefNew: 140294K(157376K)->390K(157376K) Eden: 139904K(139904K)->0K(139904K) From: 390K(17472K)->390K(17472K)
[30.149s][info ][gc,heap        ] GC(2124) Tenured: 3959K(349568K)->3959K(349568K)
[30.149s][info ][gc,metaspace   ] GC(2124) Metaspace: 9890K(10176K)->9890K(10176K) NonClass: 8755K(8896K)->8755K(8896K) Class: 1134K(1280K)->1134K(1280K)
[30.149s][info ][gc             ] GC(2124) Pause Young (Allocation Failure) 140M->4M(495M) 0.161ms
[30.149s][info ][gc,cpu         ] GC(2124) User=0.00s Sys=0.00s Real=0.00s
[30.159s][info ][gc,start       ] GC(2125) Pause Young (Allocation Failure)
[30.160s][debug][gc,age         ] GC(2125) Desired survivor size 8945664 bytes, new threshold 15 (max threshold 15)
[30.160s][trace][gc,age         ] GC(2125) Age table with threshold 15 (max threshold 15)
[30.160s][trace][gc,age         ] GC(2125) - age   1:     400208 bytes,     400208 total
[30.160s][info ][gc,heap        ] GC(2125) DefNew: 140294K(157376K)->390K(157376K) Eden: 139904K(139904K)->0K(139904K) From: 390K(17472K)->390K(17472K)
[30.160s][info ][gc,heap        ] GC(2125) Tenured: 3959K(349568K)->3959K(349568K)
[30.160s][info ][gc,metaspace   ] GC(2125) Metaspace: 9890K(10176K)->9890K(10176K) NonClass: 8755K(8896K)->8755K(8896K) Class: 1134K(1280K)->1134K(1280K)
[30.160s][info ][gc             ] GC(2125) Pause Young (Allocation Failure) 140M->4M(495M) 0.171ms
[30.160s][info ][gc,cpu         ] GC(2125) User=0.00s Sys=0.00s Real=0.00s
[30.170s][info ][gc,start       ] GC(2126) Pause Young (Allocation Failure)
[30.170s][debug][gc,age         ] GC(2126) Desired survivor size 8945664 bytes, new threshold 15 (max threshold 15)
[30.170s][trace][gc,age         ] GC(2126) Age table with threshold 15 (max threshold 15)
[30.170s][trace][gc,age         ] GC(2126) - age   1:     400208 bytes,     400208 total
[30.170s][info ][gc,heap        ] GC(2126) DefNew: 140294K(157376K)->390K(157376K) Eden: 139904K(139904K)->0K(139904K) From: 390K(17472K)->390K(17472K)
[30.170s][info ][gc,heap        ] GC(2126) Tenured: 3959K(349568K)->3959K(349568K)
[30.170s][info ][gc,metaspace   ] GC(2126) Metaspace: 9890K(10176K)->9890K(10176K) NonClass: 8755K(8896K)->8755K(8896K) Class: 1134K(1280K)->1134K(1280K)
[30.170s][info ][gc             ] GC(2126) Pause Young (Allocation Failure) 140M->4M(495M) 0.172ms
[30.170s][info ][gc,cpu         ] GC(2126) User=0.00s Sys=0.00s Real=0.00s
[30.180s][info ][gc,start       ] GC(2127) Pause Young (Allocation Failure)
[30.180s][debug][gc,age         ] GC(2127) Desired survivor size 8945664 bytes, new threshold 15 (max threshold 15)
[30.180s][trace][gc,age         ] GC(2127) Age table with threshold 15 (max threshold 15)
[30.180s][trace][gc,age         ] GC(2127) - age   1:     400208 bytes,     400208 total
[30.180s][info ][gc,heap        ] GC(2127) DefNew: 140294K(157376K)->390K(157376K) Eden: 139904K(139904K)->0K(139904K) From: 390K(17472K)->390K(17472K)
[30.180s][info ][gc,heap        ] GC(2127) Tenured: 3959K(349568K)->3959K(349568K)
[30.180s][info ][gc,metaspace   ] GC(2127) Metaspace: 9890K(10176K)->9890K(10176K) NonClass: 8755K(8896K)->8755K(8896K) Class: 1134K(1280K)->1134K(1280K)
[30.180s][info ][gc             ] GC(2127) Pause Young (Allocation Failure) 140M->4M(495M) 0.163ms
[30.180s][info ][gc,cpu         ] GC(2127) User=0.00s Sys=0.00s Real=0.00s
[30.190s][info ][gc,start       ] GC(2128) Pause Young (Allocation Failure)
[30.190s][debug][gc,age         ] GC(2128) Desired survivor size 8945664 bytes, new threshold 15 (max threshold 15)
[30.190s][trace][gc,age         ] GC(2128) Age table with threshold 15 (max threshold 15)
[30.190s][trace][gc,age         ] GC(2128) - age   1:     400208 bytes,     400208 total
[30.190s][info ][gc,heap        ] GC(2128) DefNew: 140294K(157376K)->390K(157376K) Eden: 139904K(139904K)->0K(139904K) From: 390K(17472K)->390K(17472K)
[30.190s][info ][gc,heap        ] GC(2128) Tenured: 3959K(349568K)->3959K(349568K)
[30.190s][info ][gc,metaspace   ] GC(2128) Metaspace: 9890K(10176K)->9890K(10176K) NonClass: 8755K(8896K)->8755K(8896K) Class: 1134K(1280K)->1134K(1280K)
[30.190s][info ][gc             ] GC(2128) Pause Young (Allocation Failure) 140M->4M(495M) 0.170ms
[30.190s][info ][gc,cpu         ] GC(2128) User=0.00s Sys=0.00s Real=0.00s
[30.200s][info ][gc,start       ] GC(2129) Pause Young (Allocation Failure)
[30.201s][debug][gc,age         ] GC(2129) Desired survivor size 8945664 bytes, new threshold 15 (max threshold 15)
[30.201s][trace][gc,age         ] GC(2129) Age table with threshold 15 (max threshold 15)
[30.201s][trace][gc,age         ] GC(2129) - age   1:     400208 bytes,     400208 total
[30.201s][info ][gc,heap        ] GC(2129) DefNew: 140294K(157376K)->390K(157376K) Eden: 139904K(139904K)->0K(139904K) From: 390K(17472K)->390K(17472K)
[30.201s][info ][gc,heap        ] GC(2129) Tenured: 3959K(349568K)->3959K(349568K)
[30.201s][info ][gc,metaspace   ] GC(2129) Metaspace: 9890K(10176K)->9890K(10176K) NonClass: 8755K(8896K)->8755K(8896K) Class: 1134K(1280K)->1134K(1280K)
[30.201s][info ][gc             ] GC(2129) Pause Young (Allocation Failure) 140M->4M(495M) 0.165ms
[30.201s][info ][gc,cpu         ] GC(2129) User=0.00s Sys=0.00s Real=0.00s
[30.211s][info ][gc,start       ] GC(2130) Pause Young (Allocation Failure)
[30.211s][debug][gc,age         ] GC(2130) Desired survivor size 8945664 bytes, new threshold 15 (max threshold 15)
[30.211s][trace][gc,age         ] GC(2130) Age table with threshold 15 (max threshold 15)
[30.211s][trace][gc,age         ] GC(2130) - age   1:     400208 bytes,     400208 total
[30.211s][info ][gc,heap        ] GC(2130) DefNew: 140294K(157376K)->390K(157376K) Eden: 139904K(139904K)->0K(139904K) From: 390K(17472K)->390K(17472K)
[30.211s][info ][gc,heap        ] GC(2130) Tenured: 3959K(349568K)->3959K(349568K)
[30.211s][info ][gc,metaspace   ] GC(2130) Metaspace: 9890K(10176K)->9890K(10176K) NonClass: 8755K(8896K)->8755K(8896K) Class: 1134K(1280K)->1134K(1280K)
[30.211s][info ][gc             ] GC(2130) Pause Young (Allocation Failure) 140M->4M(495M) 0.167ms
[30.211s][info ][gc,cpu         ] GC(2130) User=0.00s Sys=0.00s Real=0.00s
[30.221s][info ][gc,start       ] GC(2131) Pause Young (Allocation Failure)
[30.221s][debug][gc,age         ] GC(2131) Desired survivor size 8945664 bytes, new threshold 15 (max threshold 15)
[30.221s][trace][gc,age         ] GC(2131) Age table with threshold 15 (max threshold 15)
[30.221s][trace][gc,age         ] GC(2131) - age   1:     400208 bytes,     400208 total
[30.221s][info ][gc,heap        ] GC(2131) DefNew: 140294K(157376K)->390K(157376K) Eden: 139904K(139904K)->0K(139904K) From: 390K(17472K)->390K(17472K)
[30.221s][info ][gc,heap        ] GC(2131) Tenured: 3959K(349568K)->3959K(349568K)
[30.221s][info ][gc,metaspace   ] GC(2131) Metaspace: 9890K(10176K)->9890K(10176K) NonClass: 8755K(8896K)->8755K(8896K) Class: 1134K(1280K)->1134K(1280K)
[30.221s][info ][gc             ] GC(2131) Pause Young (Allocation Failure) 140M->4M(495M) 0.167ms
[30.221s][info ][gc,cpu         ] GC(2131) User=0.00s Sys=0.00s Real=0.00s
[30.231s][info ][gc,start       ] GC(2132) Pause Young (Allocation Failure)
[30.231s][debug][gc,age         ] GC(2132) Desired survivor size 8945664 bytes, new threshold 15 (max threshold 15)
[30.231s][trace][gc,age         ] GC(2132) Age table with threshold 15 (max threshold 15)
[30.231s][trace][gc,age         ] GC(2132) - age   1:     400208 bytes,     400208 total
[30.231s][info ][gc,heap        ] GC(2132) DefNew: 140294K(157376K)->390K(157376K) Eden: 139904K(139904K)->0K(139904K) From: 390K(17472K)->390K(17472K)
[30.231s][info ][gc,heap        ] GC(2132) Tenured: 3959K(349568K)->3959K(349568K)
[30.231s][info ][gc,metaspace   ] GC(2132) Metaspace: 9890K(10176K)->9890K(10176K) NonClass: 8755K(8896K)->8755K(8896K) Class: 1134K(1280K)->1134K(1280K)
[30.231s][info ][gc             ] GC(2132) Pause Young (Allocation Failure) 140M->4M(495M) 0.161ms
[30.231s][info ][gc,cpu         ] GC(2132) User=0.00s Sys=0.00s Real=0.00s
[30.241s][info ][gc,start       ] GC(2133) Pause Young (Allocation Failure)
[30.241s][debug][gc,age         ] GC(2133) Desired survivor size 8945664 bytes, new threshold 15 (max threshold 15)
[30.241s][trace][gc,age         ] GC(2133) Age table with threshold 15 (max threshold 15)
[30.241s][trace][gc,age         ] GC(2133) - age   1:     400208 bytes,     400208 total
[30.241s][info ][gc,heap        ] GC(2133) DefNew: 140294K(157376K)->390K(157376K) Eden: 139904K(139904K)->0K(139904K) From: 390K(17472K)->390K(17472K)
[30.241s][info ][gc,heap        ] GC(2133) Tenured: 3959K(349568K)->3959K(349568K)
[30.241s][info ][gc,metaspace   ] GC(2133) Metaspace: 9890K(10176K)->9890K(10176K) NonClass: 8755K(8896K)->8755K(8896K) Class: 1134K(1280K)->1134K(1280K)
[30.241s][info ][gc             ] GC(2133) Pause Young (Allocation Failure) 140M->4M(495M) 0.166ms
[30.241s][info ][gc,cpu         ] GC(2133) User=0.00s Sys=0.00s Real=0.00s
[30.251s][info ][gc,start       ] GC(2134) Pause Young (Allocation Failure)
[30.252s][debug][gc,age         ] GC(2134) Desired survivor size 8945664 bytes, new threshold 15 (max threshold 15)
[30.252s][trace][gc,age         ] GC(2134) Age table with threshold 15 (max threshold 15)
[30.252s][trace][gc,age         ] GC(2134) - age   1:     400208 bytes,     400208 total
[30.252s][info ][gc,heap        ] GC(2134) DefNew: 140294K(157376K)->390K(157376K) Eden: 139904K(139904K)->0K(139904K) From: 390K(17472K)->390K(17472K)
[30.252s][info ][gc,heap        ] GC(2134) Tenured: 3959K(349568K)->3959K(349568K)
[30.252s][info ][gc,metaspace   ] GC(2134) Metaspace: 9890K(10176K)->9890K(10176K) NonClass: 8755K(8896K)->8755K(8896K) Class: 1134K(1280K)->1134K(1280K)
[30.252s][info ][gc             ] GC(2134) Pause Young (Allocation Failure) 140M->4M(495M) 0.163ms
[30.252s][info ][gc,cpu         ] GC(2134) User=0.00s Sys=0.00s Real=0.00s
[30.262s][info ][gc,start       ] GC(2135) Pause Young (Allocation Failure)
[30.262s][debug][gc,age         ] GC(2135) Desired survivor size 8945664 bytes, new threshold 15 (max threshold 15)
[30.262s][trace][gc,age         ] GC(2135) Age table with threshold 15 (max threshold 15)
[30.262s][trace][gc,age         ] GC(2135) - age   1:     400208 bytes,     400208 total
[30.262s][info ][gc,heap        ] GC(2135) DefNew: 140294K(157376K)->390K(157376K) Eden: 139904K(139904K)->0K(139904K) From: 390K(17472K)->390K(17472K)
[30.262s][info ][gc,heap        ] GC(2135) Tenured: 3959K(349568K)->3959K(349568K)
[30.262s][info ][gc,metaspace   ] GC(2135) Metaspace: 9890K(10176K)->9890K(10176K) NonClass: 8755K(8896K)->8755K(8896K) Class: 1134K(1280K)->1134K(1280K)
[30.262s][info ][gc             ] GC(2135) Pause Young (Allocation Failure) 140M->4M(495M) 0.167ms
[30.262s][info ][gc,cpu         ] GC(2135) User=0.00s Sys=0.00s Real=0.00s
[30.272s][info ][gc,start       ] GC(2136) Pause Young (Allocation Failure)
[30.272s][debug][gc,age         ] GC(2136) Desired survivor size 8945664 bytes, new threshold 15 (max threshold 15)
[30.272s][trace][gc,age         ] GC(2136) Age table with threshold 15 (max threshold 15)
[30.272s][trace][gc,age         ] GC(2136) - age   1:     400208 bytes,     400208 total
[30.272s][info ][gc,heap        ] GC(2136) DefNew: 140294K(157376K)->390K(157376K) Eden: 139904K(139904K)->0K(139904K) From: 390K(17472K)->390K(17472K)
[30.272s][info ][gc,heap        ] GC(2136) Tenured: 3959K(349568K)->3959K(349568K)
[30.272s][info ][gc,metaspace   ] GC(2136) Metaspace: 9890K(10176K)->9890K(10176K) NonClass: 8755K(8896K)->8755K(8896K) Class: 1134K(1280K)->1134K(1280K)
[30.272s][info ][gc             ] GC(2136) Pause Young (Allocation Failure) 140M->4M(495M) 0.163ms
[30.272s][info ][gc,cpu         ] GC(2136) User=0.00s Sys=0.00s Real=0.00s
[30.282s][info ][gc,start       ] GC(2137) Pause Young (Allocation Failure)
[30.282s][debug][gc,age         ] GC(2137) Desired survivor size 8945664 bytes, new threshold 15 (max threshold 15)
[30.282s][trace][gc,age         ] GC(2137) Age table with threshold 15 (max threshold 15)
[30.282s][trace][gc,age         ] GC(2137) - age   1:     400208 bytes,     400208 total
[30.282s][info ][gc,heap        ] GC(2137) DefNew: 140294K(157376K)->390K(157376K) Eden: 139904K(139904K)->0K(139904K) From: 390K(17472K)->390K(17472K)
[30.282s][info ][gc,heap        ] GC(2137) Tenured: 3959K(349568K)->3959K(349568K)
[30.282s][info ][gc,metaspace   ] GC(2137) Metaspace: 9890K(10176K)->9890K(10176K) NonClass: 8755K(8896K)->8755K(8896K) Class: 1134K(1280K)->1134K(1280K)
[30.282s][info ][gc             ] GC(2137) Pause Young (Allocation Failure) 140M->4M(495M) 0.166ms
[30.282s][info ][gc,cpu         ] GC(2137) User=0.00s Sys=0.00s Real=0.00s
[30.292s][info ][gc,start       ] GC(2138) Pause Young (Allocation Failure)
[30.292s][debug][gc,age         ] GC(2138) Desired survivor size 8945664 bytes, new threshold 15 (max threshold 15)
[30.292s][trace][gc,age         ] GC(2138) Age table with threshold 15 (max threshold 15)
[30.292s][trace][gc,age         ] GC(2138) - age   1:     400208 bytes,     400208 total
[30.292s][info ][gc,heap        ] GC(2138) DefNew: 140294K(157376K)->390K(157376K) Eden: 139904K(139904K)->0K(139904K) From: 390K(17472K)->390K(17472K)
[30.292s][info ][gc,heap        ] GC(2138) Tenured: 3959K(349568K)->3959K(349568K)
[30.292s][info ][gc,metaspace   ] GC(2138) Metaspace: 9890K(10176K)->9890K(10176K) NonClass: 8755K(8896K)->8755K(8896K) Class: 1134K(1280K)->1134K(1280K)
[30.292s][info ][gc             ] GC(2138) Pause Young (Allocation Failure) 140M->4M(495M) 0.164ms
[30.292s][info ][gc,cpu         ] GC(2138) User=0.00s Sys=0.00s Real=0.00s
[30.302s][info ][gc,start       ] GC(2139) Pause Young (Allocation Failure)
[30.303s][debug][gc,age         ] GC(2139) Desired survivor size 8945664 bytes, new threshold 15 (max threshold 15)
[30.303s][trace][gc,age         ] GC(2139) Age table with threshold 15 (max threshold 15)
[30.303s][trace][gc,age         ] GC(2139) - age   1:     400208 bytes,     400208 total
[30.303s][info ][gc,heap        ] GC(2139) DefNew: 140294K(157376K)->390K(157376K) Eden: 139904K(139904K)->0K(139904K) From: 390K(17472K)->390K(17472K)
[30.303s][info ][gc,heap        ] GC(2139) Tenured: 3959K(349568K)->3959K(349568K)
[30.303s][info ][gc,metaspace   ] GC(2139) Metaspace: 9890K(10176K)->9890K(10176K) NonClass: 8755K(8896K)->8755K(8896K) Class: 1134K(1280K)->1134K(1280K)
[30.303s][info ][gc             ] GC(2139) Pause Young (Allocation Failure) 140M->4M(495M) 0.167ms
[30.303s][info ][gc,cpu         ] GC(2139) User=0.00s Sys=0.00s Real=0.00s
[30.313s][info ][gc,start       ] GC(2140) Pause Young (Allocation Failure)
[30.313s][debug][gc,age         ] GC(2140) Desired survivor size 8945664 bytes, new threshold 15 (max threshold 15)
[30.313s][trace][gc,age         ] GC(2140) Age table with threshold 15 (max threshold 15)
[30.313s][trace][gc,age         ] GC(2140) - age   1:     400208 bytes,     400208 total
[30.313s][info ][gc,heap        ] GC(2140) DefNew: 140294K(157376K)->390K(157376K) Eden: 139904K(139904K)->0K(139904K) From: 390K(17472K)->390K(17472K)
[30.313s][info ][gc,heap        ] GC(2140) Tenured: 3959K(349568K)->3959K(349568K)
[30.313s][info ][gc,metaspace   ] GC(2140) Metaspace: 9890K(10176K)->9890K(10176K) NonClass: 8755K(8896K)->8755K(8896K) Class: 1134K(1280K)->1134K(1280K)
[30.313s][info ][gc             ] GC(2140) Pause Young (Allocation Failure) 140M->4M(495M) 0.168ms
[30.313s][info ][gc,cpu         ] GC(2140) User=0.00s Sys=0.00s Real=0.00s
[30.323s][info ][gc,start       ] GC(2141) Pause Young (Allocation Failure)
[30.323s][debug][gc,age         ] GC(2141) Desired survivor size 8945664 bytes, new threshold 15 (max threshold 15)
[30.323s][trace][gc,age         ] GC(2141) Age table with threshold 15 (max threshold 15)
[30.323s][trace][gc,age         ] GC(2141) - age   1:     400208 bytes,     400208 total
[30.323s][info ][gc,heap        ] GC(2141) DefNew: 140294K(157376K)->390K(157376K) Eden: 139904K(139904K)->0K(139904K) From: 390K(17472K)->390K(17472K)
