[0.011s][info][gc] Using Concurrent Mark Sweep
[0.011s][info][gc,heap,coops] Heap address: 0x0000000780000000, size: 1024 MB, Compressed Oops mode: Zero based, Oop shift amount: 3
[11.400s][info][gc,start     ] GC(0) Pause Full (System.gc())
[11.400s][info][gc,phases,start] GC(0) Phase 1: Mark live objects
[11.404s][info][gc,phases      ] GC(0) Phase 1: Mark live objects 3.850ms
[11.404s][info][gc,phases,start] GC(0) Phase 2: Compute new object addresses
[11.406s][info][gc,phases      ] GC(0) Phase 2: Compute new object addresses 2.196ms
[11.406s][info][gc,phases,start] GC(0) Phase 3: Adjust pointers
[11.409s][info][gc,phases      ] GC(0) Phase 3: Adjust pointers 2.711ms
[11.409s][info][gc,phases,start] GC(0) Phase 4: Move objects
[11.410s][info][gc,phases      ] GC(0) Phase 4: Move objects 1.165ms
[11.411s][info][gc,heap        ] GC(0) ParNew: 30752K->0K(157248K)
[11.411s][info][gc,heap        ] GC(0) CMS: 0K->3090K(349568K)
[11.411s][info][gc,metaspace   ] GC(0) Metaspace: 15297K(16000K)->15297K(16000K) NonClass: 13656K(14080K)->13656K(14080K) Class: 1640K(1920K)->1640K(1920K)
[11.411s][info][gc             ] GC(0) Pause Full (System.gc()) 30M->3M(495M) 11.338ms
[11.411s][info][gc,cpu         ] GC(0) User=0.01s Sys=0.00s Real=0.01s
[11.523s][info][gc,start       ] GC(1) Pause Young (Allocation Failure)
[11.523s][info][gc,task        ] GC(1) Using 9 workers of 9 for evacuation
[11.524s][debug][gc,age         ] GC(1) Desired survivor size 8945664 bytes, new threshold 6 (max threshold 6)
[11.524s][trace][gc,age         ] GC(1) Age table with threshold 6 (max threshold 6)
[11.524s][trace][gc,age         ] GC(1) - age   1:     560592 bytes,     560592 total
[11.524s][info ][gc,heap        ] GC(1) ParNew: 139575K->559K(157376K)
[11.524s][info ][gc,heap        ] GC(1) CMS: 3090K->3090K(349568K)
[11.524s][info ][gc,metaspace   ] GC(1) Metaspace: 15692K(16256K)->15692K(16256K) NonClass: 14005K(14336K)->14005K(14336K) Class: 1686K(1920K)->1686K(1920K)
[11.524s][info ][gc             ] GC(1) Pause Young (Allocation Failure) 139M->3M(495M) 0.835ms
[11.524s][info ][gc,cpu         ] GC(1) User=0.01s Sys=0.00s Real=0.00s
[11.542s][info ][gc,start       ] GC(2) Pause Young (Allocation Failure)
[11.542s][info ][gc,task        ] GC(2) Using 9 workers of 9 for evacuation
[11.542s][debug][gc,age         ] GC(2) Desired survivor size 8945664 bytes, new threshold 6 (max threshold 6)
[11.542s][trace][gc,age         ] GC(2) Age table with threshold 6 (max threshold 6)
[11.542s][trace][gc,age         ] GC(2) - age   1:        728 bytes,        728 total
[11.542s][trace][gc,age         ] GC(2) - age   2:     607856 bytes,     608584 total
[11.542s][info ][gc,heap        ] GC(2) ParNew: 140124K->634K(157376K)
[11.542s][info ][gc,heap        ] GC(2) CMS: 3090K->3090K(349568K)
[11.542s][info ][gc,metaspace   ] GC(2) Metaspace: 15703K(16256K)->15703K(16256K) NonClass: 14017K(14336K)->14017K(14336K) Class: 1686K(1920K)->1686K(1920K)
[11.542s][info ][gc             ] GC(2) Pause Young (Allocation Failure) 139M->3M(495M) 0.499ms
[11.542s][info ][gc,cpu         ] GC(2) User=0.00s Sys=0.00s Real=0.00s
[11.551s][info ][gc,start       ] GC(3) Pause Young (Allocation Failure)
[11.552s][info ][gc,task        ] GC(3) Using 9 workers of 9 for evacuation
[11.552s][debug][gc,age         ] GC(3) Desired survivor size 8945664 bytes, new threshold 6 (max threshold 6)
[11.552s][trace][gc,age         ] GC(3) Age table with threshold 6 (max threshold 6)
[11.552s][trace][gc,age         ] GC(3) - age   1:        608 bytes,        608 total
[11.552s][trace][gc,age         ] GC(3) - age   2:        456 bytes,       1064 total
[11.552s][trace][gc,age         ] GC(3) - age   3:     559456 bytes,     560520 total
[11.552s][info ][gc,heap        ] GC(3) ParNew: 140257K->597K(157376K)
[11.552s][info ][gc,heap        ] GC(3) CMS: 3090K->3090K(349568K)
[11.552s][info ][gc,metaspace   ] GC(3) Metaspace: 15714K(16256K)->15714K(16256K) NonClass: 14027K(14336K)->14027K(14336K) Class: 1686K(1920K)->1686K(1920K)
[11.552s][info ][gc             ] GC(3) Pause Young (Allocation Failure) 139M->3M(495M) 0.408ms
[11.552s][info ][gc,cpu         ] GC(3) User=0.00s Sys=0.00s Real=0.00s
[11.560s][info ][gc,start       ] GC(4) Pause Young (Allocation Failure)
[11.560s][info ][gc,task        ] GC(4) Using 9 workers of 9 for evacuation
[11.561s][debug][gc,age         ] GC(4) Desired survivor size 8945664 bytes, new threshold 6 (max threshold 6)
[11.561s][trace][gc,age         ] GC(4) Age table with threshold 6 (max threshold 6)
[11.561s][trace][gc,age         ] GC(4) - age   1:        192 bytes,        192 total
[11.561s][trace][gc,age         ] GC(4) - age   2:        416 bytes,        608 total
[11.561s][trace][gc,age         ] GC(4) - age   3:        456 bytes,       1064 total
[11.561s][trace][gc,age         ] GC(4) - age   4:     559480 bytes,     560544 total
[11.561s][info ][gc,heap        ] GC(4) ParNew: 140378K->577K(157376K)
[11.561s][info ][gc,heap        ] GC(4) CMS: 3090K->3090K(349568K)
[11.561s][info ][gc,metaspace   ] GC(4) Metaspace: 15714K(16256K)->15714K(16256K) NonClass: 14027K(14336K)->14027K(14336K) Class: 1686K(1920K)->1686K(1920K)
[11.561s][info ][gc             ] GC(4) Pause Young (Allocation Failure) 140M->3M(495M) 0.485ms
[11.561s][info ][gc,cpu         ] GC(4) User=0.00s Sys=0.00s Real=0.00s
[11.570s][info ][gc,start       ] GC(5) Pause Young (Allocation Failure)
[11.570s][info ][gc,task        ] GC(5) Using 9 workers of 9 for evacuation
[11.570s][debug][gc,age         ] GC(5) Desired survivor size 8945664 bytes, new threshold 6 (max threshold 6)
[11.570s][trace][gc,age         ] GC(5) Age table with threshold 6 (max threshold 6)
[11.570s][trace][gc,age         ] GC(5) - age   1:       2232 bytes,       2232 total
[11.570s][trace][gc,age         ] GC(5) - age   3:        416 bytes,       2648 total
[11.570s][trace][gc,age         ] GC(5) - age   4:        456 bytes,       3104 total
[11.570s][trace][gc,age         ] GC(5) - age   5:     603872 bytes,     606976 total
[11.570s][info ][gc,heap        ] GC(5) ParNew: 140167K->624K(157376K)
[11.570s][info ][gc,heap        ] GC(5) CMS: 3090K->3090K(349568K)
[11.570s][info ][gc,metaspace   ] GC(5) Metaspace: 15714K(16256K)->15714K(16256K) NonClass: 14027K(14336K)->14027K(14336K) Class: 1686K(1920K)->1686K(1920K)
[11.570s][info ][gc             ] GC(5) Pause Young (Allocation Failure) 139M->3M(495M) 0.462ms
[11.570s][info ][gc,cpu         ] GC(5) User=0.00s Sys=0.00s Real=0.00s
[11.579s][info ][gc,start       ] GC(6) Pause Young (Allocation Failure)
[11.579s][info ][gc,task        ] GC(6) Using 9 workers of 9 for evacuation
[11.580s][debug][gc,age         ] GC(6) Desired survivor size 8945664 bytes, new threshold 6 (max threshold 6)
[11.580s][trace][gc,age         ] GC(6) Age table with threshold 6 (max threshold 6)
[11.580s][trace][gc,age         ] GC(6) - age   1:        192 bytes,        192 total
[11.580s][trace][gc,age         ] GC(6) - age   2:       2040 bytes,       2232 total
[11.580s][trace][gc,age         ] GC(6) - age   4:        416 bytes,       2648 total
[11.580s][trace][gc,age         ] GC(6) - age   5:        456 bytes,       3104 total
[11.580s][trace][gc,age         ] GC(6) - age   6:     559456 bytes,     562560 total
[11.580s][info ][gc,heap        ] GC(6) ParNew: 140201K->591K(157376K)
[11.580s][info ][gc,heap        ] GC(6) CMS: 3090K->3090K(349568K)
[11.580s][info ][gc,metaspace   ] GC(6) Metaspace: 15714K(16256K)->15714K(16256K) NonClass: 14027K(14336K)->14027K(14336K) Class: 1686K(1920K)->1686K(1920K)
[11.580s][info ][gc             ] GC(6) Pause Young (Allocation Failure) 139M->3M(495M) 0.549ms
[11.580s][info ][gc,cpu         ] GC(6) User=0.00s Sys=0.00s Real=0.00s
[11.589s][info ][gc,start       ] GC(7) Pause Young (Allocation Failure)
[11.589s][info ][gc,task        ] GC(7) Using 9 workers of 9 for evacuation
[11.589s][debug][gc,age         ] GC(7) Desired survivor size 8945664 bytes, new threshold 6 (max threshold 6)
[11.589s][trace][gc,age         ] GC(7) Age table with threshold 6 (max threshold 6)
[11.589s][trace][gc,age         ] GC(7) - age   1:        496 bytes,        496 total
[11.589s][trace][gc,age         ] GC(7) - age   3:       2040 bytes,       2536 total
[11.589s][trace][gc,age         ] GC(7) - age   5:        416 bytes,       2952 total
[11.589s][trace][gc,age         ] GC(7) - age   6:        456 bytes,       3408 total
[11.589s][info ][gc,heap        ] GC(7) ParNew: 140286K->22K(157376K)
[11.589s][info ][gc,heap        ] GC(7) CMS: 3090K->3659K(349568K)
[11.589s][info ][gc,metaspace   ] GC(7) Metaspace: 15714K(16256K)->15714K(16256K) NonClass: 14027K(14336K)->14027K(14336K) Class: 1686K(1920K)->1686K(1920K)
[11.589s][info ][gc             ] GC(7) Pause Young (Allocation Failure) 140M->3M(495M) 0.714ms
[11.589s][info ][gc,cpu         ] GC(7) User=0.00s Sys=0.00s Real=0.01s
[11.598s][info ][gc,start       ] GC(8) Pause Young (Allocation Failure)
[11.598s][info ][gc,task        ] GC(8) Using 9 workers of 9 for evacuation
[11.598s][debug][gc,age         ] GC(8) Desired survivor size 8945664 bytes, new threshold 6 (max threshold 6)
[11.598s][trace][gc,age         ] GC(8) Age table with threshold 6 (max threshold 6)
[11.598s][trace][gc,age         ] GC(8) - age   1:        192 bytes,        192 total
[11.598s][trace][gc,age         ] GC(8) - age   2:        304 bytes,        496 total
[11.598s][trace][gc,age         ] GC(8) - age   4:       2040 bytes,       2536 total
[11.598s][trace][gc,age         ] GC(8) - age   6:        416 bytes,       2952 total
[11.598s][info ][gc,heap        ] GC(8) ParNew: 139699K->12K(157376K)
[11.598s][info ][gc,heap        ] GC(8) CMS: 3659K->3659K(349568K)
[11.598s][info ][gc,metaspace   ] GC(8) Metaspace: 15714K(16256K)->15714K(16256K) NonClass: 14027K(14336K)->14027K(14336K) Class: 1686K(1920K)->1686K(1920K)
[11.598s][info ][gc             ] GC(8) Pause Young (Allocation Failure) 139M->3M(495M) 0.445ms
[11.598s][info ][gc,cpu         ] GC(8) User=0.01s Sys=0.00s Real=0.00s
[11.606s][info ][gc,start       ] GC(9) Pause Young (Allocation Failure)
[11.607s][info ][gc,task        ] GC(9) Using 9 workers of 9 for evacuation
[11.607s][debug][gc,age         ] GC(9) Desired survivor size 8945664 bytes, new threshold 6 (max threshold 6)
[11.607s][trace][gc,age         ] GC(9) Age table with threshold 6 (max threshold 6)
[11.607s][trace][gc,age         ] GC(9) - age   1:        192 bytes,        192 total
[11.607s][trace][gc,age         ] GC(9) - age   3:        304 bytes,        496 total
[11.607s][trace][gc,age         ] GC(9) - age   5:       2040 bytes,       2536 total
[11.607s][info ][gc,heap        ] GC(9) ParNew: 139606K->8K(157376K)
[11.607s][info ][gc,heap        ] GC(9) CMS: 3659K->3660K(349568K)
[11.607s][info ][gc,metaspace   ] GC(9) Metaspace: 15714K(16256K)->15714K(16256K) NonClass: 14027K(14336K)->14027K(14336K) Class: 1686K(1920K)->1686K(1920K)
[11.607s][info ][gc             ] GC(9) Pause Young (Allocation Failure) 139M->3M(495M) 0.360ms
[11.607s][info ][gc,cpu         ] GC(9) User=0.01s Sys=0.00s Real=0.00s
[11.615s][info ][gc,start       ] GC(10) Pause Young (Allocation Failure)
[11.615s][info ][gc,task        ] GC(10) Using 9 workers of 9 for evacuation
[11.616s][debug][gc,age         ] GC(10) Desired survivor size 8945664 bytes, new threshold 6 (max threshold 6)
[11.616s][trace][gc,age         ] GC(10) Age table with threshold 6 (max threshold 6)
[11.616s][trace][gc,age         ] GC(10) - age   1:        192 bytes,        192 total
[11.616s][trace][gc,age         ] GC(10) - age   4:        304 bytes,        496 total
[11.616s][trace][gc,age         ] GC(10) - age   6:       2040 bytes,       2536 total
[11.616s][info ][gc,heap        ] GC(10) ParNew: 139817K->12K(157376K)
[11.616s][info ][gc,heap        ] GC(10) CMS: 3660K->3660K(349568K)
[11.616s][info ][gc,metaspace   ] GC(10) Metaspace: 15714K(16256K)->15714K(16256K) NonClass: 14027K(14336K)->14027K(14336K) Class: 1686K(1920K)->1686K(1920K)
[11.616s][info ][gc             ] GC(10) Pause Young (Allocation Failure) 140M->3M(495M) 0.395ms
[11.616s][info ][gc,cpu         ] GC(10) User=0.00s Sys=0.00s Real=0.00s
[11.624s][info ][gc,start       ] GC(11) Pause Young (Allocation Failure)
[11.625s][info ][gc,task        ] GC(11) Using 9 workers of 9 for evacuation
[11.625s][debug][gc,age         ] GC(11) Desired survivor size 8945664 bytes, new threshold 6 (max threshold 6)
[11.625s][trace][gc,age         ] GC(11) Age table with threshold 6 (max threshold 6)
[11.625s][trace][gc,age         ] GC(11) - age   1:     400208 bytes,     400208 total
[11.625s][trace][gc,age         ] GC(11) - age   5:        304 bytes,     400512 total
[11.625s][info ][gc,heap        ] GC(11) ParNew: 139876K->402K(157376K)
[11.625s][info ][gc,heap        ] GC(11) CMS: 3660K->3662K(349568K)
[11.625s][info ][gc,metaspace   ] GC(11) Metaspace: 15714K(16256K)->15714K(16256K) NonClass: 14027K(14336K)->14027K(14336K) Class: 1686K(1920K)->1686K(1920K)
[11.625s][info ][gc             ] GC(11) Pause Young (Allocation Failure) 140M->3M(495M) 0.357ms
[11.625s][info ][gc,cpu         ] GC(11) User=0.00s Sys=0.00s Real=0.00s
[11.633s][info ][gc,start       ] GC(12) Pause Young (Allocation Failure)
[11.633s][info ][gc,task        ] GC(12) Using 9 workers of 9 for evacuation
[11.634s][debug][gc,age         ] GC(12) Desired survivor size 8945664 bytes, new threshold 6 (max threshold 6)
[11.634s][trace][gc,age         ] GC(12) Age table with threshold 6 (max threshold 6)
[11.634s][trace][gc,age         ] GC(12) - age   1:     400208 bytes,     400208 total
[11.634s][trace][gc,age         ] GC(12) - age   6:        304 bytes,     400512 total
[11.634s][info ][gc,heap        ] GC(12) ParNew: 140026K->398K(157376K)
[11.634s][info ][gc,heap        ] GC(12) CMS: 3662K->3662K(349568K)
[11.634s][info ][gc,metaspace   ] GC(12) Metaspace: 15714K(16256K)->15714K(16256K) NonClass: 14027K(14336K)->14027K(14336K) Class: 1686K(1920K)->1686K(1920K)
[11.634s][info ][gc             ] GC(12) Pause Young (Allocation Failure) 140M->3M(495M) 0.430ms
[11.634s][info ][gc,cpu         ] GC(12) User=0.00s Sys=0.00s Real=0.00s
[11.642s][info ][gc,start       ] GC(13) Pause Young (Allocation Failure)
[11.642s][info ][gc,task        ] GC(13) Using 9 workers of 9 for evacuation
[11.643s][debug][gc,age         ] GC(13) Desired survivor size 8945664 bytes, new threshold 6 (max threshold 6)
[11.643s][trace][gc,age         ] GC(13) Age table with threshold 6 (max threshold 6)
[11.643s][trace][gc,age         ] GC(13) - age   1:     400208 bytes,     400208 total
[11.643s][info ][gc,heap        ] GC(13) ParNew: 140059K->396K(157376K)
[11.643s][info ][gc,heap        ] GC(13) CMS: 3662K->3662K(349568K)
[11.643s][info ][gc,metaspace   ] GC(13) Metaspace: 15714K(16256K)->15714K(16256K) NonClass: 14027K(14336K)->14027K(14336K) Class: 1686K(1920K)->1686K(1920K)
[11.643s][info ][gc             ] GC(13) Pause Young (Allocation Failure) 140M->3M(495M) 0.500ms
[11.643s][info ][gc,cpu         ] GC(13) User=0.01s Sys=0.00s Real=0.00s
[11.651s][info ][gc,start       ] GC(14) Pause Young (Allocation Failure)
[11.651s][info ][gc,task        ] GC(14) Using 9 workers of 9 for evacuation
[11.652s][debug][gc,age         ] GC(14) Desired survivor size 8945664 bytes, new threshold 6 (max threshold 6)
[11.652s][trace][gc,age         ] GC(14) Age table with threshold 6 (max threshold 6)
[11.652s][trace][gc,age         ] GC(14) - age   1:     400208 bytes,     400208 total
[11.652s][info ][gc,heap        ] GC(14) ParNew: 139956K->396K(157376K)
[11.652s][info ][gc,heap        ] GC(14) CMS: 3662K->3662K(349568K)
[11.652s][info ][gc,metaspace   ] GC(14) Metaspace: 15714K(16256K)->15714K(16256K) NonClass: 14027K(14336K)->14027K(14336K) Class: 1686K(1920K)->1686K(1920K)
[11.652s][info ][gc             ] GC(14) Pause Young (Allocation Failure) 140M->3M(495M) 0.459ms
[11.652s][info ][gc,cpu         ] GC(14) User=0.00s Sys=0.00s Real=0.00s
[11.660s][info ][gc,start       ] GC(15) Pause Young (Allocation Failure)
[11.660s][info ][gc,task        ] GC(15) Using 9 workers of 9 for evacuation
[11.661s][debug][gc,age         ] GC(15) Desired survivor size 8945664 bytes, new threshold 6 (max threshold 6)
[11.661s][trace][gc,age         ] GC(15) Age table with threshold 6 (max threshold 6)
[11.661s][trace][gc,age         ] GC(15) - age   1:     400208 bytes,     400208 total
[11.661s][info ][gc,heap        ] GC(15) ParNew: 140161K->396K(157376K)
[11.661s][info ][gc,heap        ] GC(15) CMS: 3662K->3662K(349568K)
[11.661s][info ][gc,metaspace   ] GC(15) Metaspace: 15714K(16256K)->15714K(16256K) NonClass: 14027K(14336K)->14027K(14336K) Class: 1686K(1920K)->1686K(1920K)
[11.661s][info ][gc             ] GC(15) Pause Young (Allocation Failure) 140M->3M(495M) 0.493ms
[11.661s][info ][gc,cpu         ] GC(15) User=0.00s Sys=0.00s Real=0.00s
[11.669s][info ][gc,start       ] GC(16) Pause Young (Allocation Failure)
[11.669s][info ][gc,task        ] GC(16) Using 9 workers of 9 for evacuation
[11.670s][debug][gc,age         ] GC(16) Desired survivor size 8945664 bytes, new threshold 6 (max threshold 6)
[11.670s][trace][gc,age         ] GC(16) Age table with threshold 6 (max threshold 6)
[11.670s][trace][gc,age         ] GC(16) - age   1:     400208 bytes,     400208 total
[11.670s][info ][gc,heap        ] GC(16) ParNew: 139964K->394K(157376K)
[11.670s][info ][gc,heap        ] GC(16) CMS: 3662K->3662K(349568K)
[11.670s][info ][gc,metaspace   ] GC(16) Metaspace: 15714K(16256K)->15714K(16256K) NonClass: 14027K(14336K)->14027K(14336K) Class: 1686K(1920K)->1686K(1920K)
[11.670s][info ][gc             ] GC(16) Pause Young (Allocation Failure) 140M->3M(495M) 0.431ms
[11.670s][info ][gc,cpu         ] GC(16) User=0.00s Sys=0.00s Real=0.00s
[11.678s][info ][gc,start       ] GC(17) Pause Young (Allocation Failure)
[11.678s][info ][gc,task        ] GC(17) Using 9 workers of 9 for evacuation
[11.679s][debug][gc,age         ] GC(17) Desired survivor size 8945664 bytes, new threshold 6 (max threshold 6)
[11.679s][trace][gc,age         ] GC(17) Age table with threshold 6 (max threshold 6)
[11.679s][trace][gc,age         ] GC(17) - age   1:       1168 bytes,       1168 total
[11.679s][info ][gc,heap        ] GC(17) ParNew: 139942K->12K(157376K)
[11.679s][info ][gc,heap        ] GC(17) CMS: 3662K->3662K(349568K)
[11.679s][info ][gc,metaspace   ] GC(17) Metaspace: 15714K(16256K)->15714K(16256K) NonClass: 14027K(14336K)->14027K(14336K) Class: 1686K(1920K)->1686K(1920K)
[11.679s][info ][gc             ] GC(17) Pause Young (Allocation Failure) 140M->3M(495M) 0.447ms
[11.679s][info ][gc,cpu         ] GC(17) User=0.01s Sys=0.00s Real=0.01s
[11.687s][info ][gc,start       ] GC(18) Pause Young (Allocation Failure)
[11.688s][info ][gc,task        ] GC(18) Using 9 workers of 9 for evacuation
[11.688s][debug][gc,age         ] GC(18) Desired survivor size 8945664 bytes, new threshold 6 (max threshold 6)
[11.688s][trace][gc,age         ] GC(18) Age table with threshold 6 (max threshold 6)
[11.688s][trace][gc,age         ] GC(18) - age   1:        464 bytes,        464 total
[11.688s][trace][gc,age         ] GC(18) - age   2:        816 bytes,       1280 total
[11.688s][info ][gc,heap        ] GC(18) ParNew: 139699K->14K(157376K)
[11.688s][info ][gc,heap        ] GC(18) CMS: 3662K->3662K(349568K)
[11.688s][info ][gc,metaspace   ] GC(18) Metaspace: 15714K(16256K)->15714K(16256K) NonClass: 14027K(14336K)->14027K(14336K) Class: 1686K(1920K)->1686K(1920K)
[11.688s][info ][gc             ] GC(18) Pause Young (Allocation Failure) 140M->3M(495M) 0.394ms
[11.688s][info ][gc,cpu         ] GC(18) User=0.00s Sys=0.00s Real=0.00s
[11.697s][info ][gc,start       ] GC(19) Pause Young (Allocation Failure)
[11.697s][info ][gc,task        ] GC(19) Using 9 workers of 9 for evacuation
[11.697s][debug][gc,age         ] GC(19) Desired survivor size 8945664 bytes, new threshold 6 (max threshold 6)
[11.697s][trace][gc,age         ] GC(19) Age table with threshold 6 (max threshold 6)
[11.697s][trace][gc,age         ] GC(19) - age   1:     400768 bytes,     400768 total
[11.697s][trace][gc,age         ] GC(19) - age   3:        816 bytes,     401584 total
[11.697s][info ][gc,heap        ] GC(19) ParNew: 139681K->402K(157376K)
[11.697s][info ][gc,heap        ] GC(19) CMS: 3662K->3662K(349568K)
[11.697s][info ][gc,metaspace   ] GC(19) Metaspace: 15714K(16256K)->15714K(16256K) NonClass: 14028K(14336K)->14028K(14336K) Class: 1686K(1920K)->1686K(1920K)
[11.697s][info ][gc             ] GC(19) Pause Young (Allocation Failure) 139M->3M(495M) 0.464ms
[11.697s][info ][gc,cpu         ] GC(19) User=0.00s Sys=0.00s Real=0.00s
[11.706s][info ][gc,start       ] GC(20) Pause Young (Allocation Failure)
[11.706s][info ][gc,task        ] GC(20) Using 9 workers of 9 for evacuation
[11.706s][debug][gc,age         ] GC(20) Desired survivor size 8945664 bytes, new threshold 6 (max threshold 6)
[11.706s][trace][gc,age         ] GC(20) Age table with threshold 6 (max threshold 6)
[11.706s][trace][gc,age         ] GC(20) - age   1:     400480 bytes,     400480 total
[11.706s][trace][gc,age         ] GC(20) - age   4:        816 bytes,     401296 total
[11.706s][info ][gc,heap        ] GC(20) ParNew: 140179K->402K(157376K)
[11.706s][info ][gc,heap        ] GC(20) CMS: 3662K->3662K(349568K)
[11.706s][info ][gc,metaspace   ] GC(20) Metaspace: 15714K(16256K)->15714K(16256K) NonClass: 14028K(14336K)->14028K(14336K) Class: 1686K(1920K)->1686K(1920K)
[11.706s][info ][gc             ] GC(20) Pause Young (Allocation Failure) 140M->3M(495M) 0.388ms
[11.706s][info ][gc,cpu         ] GC(20) User=0.00s Sys=0.00s Real=0.00s
[11.715s][info ][gc,start       ] GC(21) Pause Young (Allocation Failure)
[11.715s][info ][gc,task        ] GC(21) Using 9 workers of 9 for evacuation
[11.716s][debug][gc,age         ] GC(21) Desired survivor size 8945664 bytes, new threshold 6 (max threshold 6)
[11.716s][trace][gc,age         ] GC(21) Age table with threshold 6 (max threshold 6)
[11.716s][trace][gc,age         ] GC(21) - age   1:        352 bytes,        352 total
[11.716s][trace][gc,age         ] GC(21) - age   5:        816 bytes,       1168 total
[11.716s][info ][gc,heap        ] GC(21) ParNew: 139964K->14K(157376K)
[11.716s][info ][gc,heap        ] GC(21) CMS: 3662K->3662K(349568K)
[11.716s][info ][gc,metaspace   ] GC(21) Metaspace: 15714K(16256K)->15714K(16256K) NonClass: 14028K(14336K)->14028K(14336K) Class: 1686K(1920K)->1686K(1920K)
[11.716s][info ][gc             ] GC(21) Pause Young (Allocation Failure) 140M->3M(495M) 0.447ms
[11.716s][info ][gc,cpu         ] GC(21) User=0.01s Sys=0.00s Real=0.00s
[11.725s][info ][gc,start       ] GC(22) Pause Young (Allocation Failure)
[11.725s][info ][gc,task        ] GC(22) Using 9 workers of 9 for evacuation
[11.725s][debug][gc,age         ] GC(22) Desired survivor size 8945664 bytes, new threshold 6 (max threshold 6)
[11.725s][trace][gc,age         ] GC(22) Age table with threshold 6 (max threshold 6)
[11.725s][trace][gc,age         ] GC(22) - age   1:        352 bytes,        352 total
[11.725s][trace][gc,age         ] GC(22) - age   6:        816 bytes,       1168 total
[11.725s][info ][gc,heap        ] GC(22) ParNew: 139799K->10K(157376K)
[11.725s][info ][gc,heap        ] GC(22) CMS: 3662K->3662K(349568K)
[11.725s][info ][gc,metaspace   ] GC(22) Metaspace: 15714K(16256K)->15714K(16256K) NonClass: 14028K(14336K)->14028K(14336K) Class: 1686K(1920K)->1686K(1920K)
[11.725s][info ][gc             ] GC(22) Pause Young (Allocation Failure) 140M->3M(495M) 0.420ms
[11.725s][info ][gc,cpu         ] GC(22) User=0.00s Sys=0.00s Real=0.00s
[11.734s][info ][gc,start       ] GC(23) Pause Young (Allocation Failure)
[11.734s][info ][gc,task        ] GC(23) Using 9 workers of 9 for evacuation
[11.735s][debug][gc,age         ] GC(23) Desired survivor size 8945664 bytes, new threshold 6 (max threshold 6)
[11.735s][trace][gc,age         ] GC(23) Age table with threshold 6 (max threshold 6)
[11.735s][trace][gc,age         ] GC(23) - age   1:     400368 bytes,     400368 total
[11.735s][info ][gc,heap        ] GC(23) ParNew: 139752K->402K(157376K)
[11.735s][info ][gc,heap        ] GC(23) CMS: 3662K->3663K(349568K)
[11.735s][info ][gc,metaspace   ] GC(23) Metaspace: 15714K(16256K)->15714K(16256K) NonClass: 14028K(14336K)->14028K(14336K) Class: 1686K(1920K)->1686K(1920K)
[11.735s][info ][gc             ] GC(23) Pause Young (Allocation Failure) 140M->3M(495M) 0.451ms
[11.735s][info ][gc,cpu         ] GC(23) User=0.00s Sys=0.00s Real=0.00s
[11.744s][info ][gc,start       ] GC(24) Pause Young (Allocation Failure)
[11.744s][info ][gc,task        ] GC(24) Using 9 workers of 9 for evacuation
[11.744s][debug][gc,age         ] GC(24) Desired survivor size 8945664 bytes, new threshold 6 (max threshold 6)
[11.744s][trace][gc,age         ] GC(24) Age table with threshold 6 (max threshold 6)
[11.744s][trace][gc,age         ] GC(24) - age   1:     400480 bytes,     400480 total
[11.744s][info ][gc,heap        ] GC(24) ParNew: 140176K->400K(157376K)
[11.744s][info ][gc,heap        ] GC(24) CMS: 3663K->3663K(349568K)
[11.744s][info ][gc,metaspace   ] GC(24) Metaspace: 15714K(16256K)->15714K(16256K) NonClass: 14028K(14336K)->14028K(14336K) Class: 1686K(1920K)->1686K(1920K)
[11.744s][info ][gc             ] GC(24) Pause Young (Allocation Failure) 140M->3M(495M) 0.443ms
[11.744s][info ][gc,cpu         ] GC(24) User=0.00s Sys=0.00s Real=0.00s
[11.753s][info ][gc,start       ] GC(25) Pause Young (Allocation Failure)
[11.753s][info ][gc,task        ] GC(25) Using 9 workers of 9 for evacuation
[11.754s][debug][gc,age         ] GC(25) Desired survivor size 8945664 bytes, new threshold 6 (max threshold 6)
[11.754s][trace][gc,age         ] GC(25) Age table with threshold 6 (max threshold 6)
[11.754s][trace][gc,age         ] GC(25) - age   1:     400480 bytes,     400480 total
[11.754s][info ][gc,heap        ] GC(25) ParNew: 139944K->404K(157376K)
[11.754s][info ][gc,heap        ] GC(25) CMS: 3663K->3663K(349568K)
[11.754s][info ][gc,metaspace   ] GC(25) Metaspace: 15714K(16256K)->15714K(16256K) NonClass: 14028K(14336K)->14028K(14336K) Class: 1686K(1920K)->1686K(1920K)
[11.754s][info ][gc             ] GC(25) Pause Young (Allocation Failure) 140M->3M(495M) 0.469ms
[11.754s][info ][gc,cpu         ] GC(25) User=0.00s Sys=0.00s Real=0.00s
[11.763s][info ][gc,start       ] GC(26) Pause Young (Allocation Failure)
[11.763s][info ][gc,task        ] GC(26) Using 9 workers of 9 for evacuation
[11.763s][debug][gc,age         ] GC(26) Desired survivor size 8945664 bytes, new threshold 6 (max threshold 6)
[11.763s][trace][gc,age         ] GC(26) Age table with threshold 6 (max threshold 6)
[11.763s][trace][gc,age         ] GC(26) - age   1:     400368 bytes,     400368 total
[11.763s][info ][gc,heap        ] GC(26) ParNew: 139980K->396K(157376K)
[11.763s][info ][gc,heap        ] GC(26) CMS: 3663K->3663K(349568K)
[11.763s][info ][gc,metaspace   ] GC(26) Metaspace: 15714K(16256K)->15714K(16256K) NonClass: 14028K(14336K)->14028K(14336K) Class: 1686K(1920K)->1686K(1920K)
[11.763s][info ][gc             ] GC(26) Pause Young (Allocation Failure) 140M->3M(495M) 0.439ms
[11.763s][info ][gc,cpu         ] GC(26) User=0.00s Sys=0.00s Real=0.00s
[11.772s][info ][gc,start       ] GC(27) Pause Young (Allocation Failure)
[11.772s][info ][gc,task        ] GC(27) Using 9 workers of 9 for evacuation
[11.773s][debug][gc,age         ] GC(27) Desired survivor size 8945664 bytes, new threshold 6 (max threshold 6)
[11.773s][trace][gc,age         ] GC(27) Age table with threshold 6 (max threshold 6)
[11.773s][trace][gc,age         ] GC(27) - age   1:        352 bytes,        352 total
[11.773s][info ][gc,heap        ] GC(27) ParNew: 140245K->6K(157376K)
[11.773s][info ][gc,heap        ] GC(27) CMS: 3663K->3663K(349568K)
[11.773s][info ][gc,metaspace   ] GC(27) Metaspace: 15714K(16256K)->15714K(16256K) NonClass: 14028K(14336K)->14028K(14336K) Class: 1686K(1920K)->1686K(1920K)
[11.773s][info ][gc             ] GC(27) Pause Young (Allocation Failure) 140M->3M(495M) 0.510ms
[11.773s][info ][gc,cpu         ] GC(27) User=0.00s Sys=0.00s Real=0.00s
[11.782s][info ][gc,start       ] GC(28) Pause Young (Allocation Failure)
[11.782s][info ][gc,task        ] GC(28) Using 9 workers of 9 for evacuation
[11.782s][debug][gc,age         ] GC(28) Desired survivor size 8945664 bytes, new threshold 6 (max threshold 6)
[11.782s][trace][gc,age         ] GC(28) Age table with threshold 6 (max threshold 6)
[11.782s][trace][gc,age         ] GC(28) - age   1:     400624 bytes,     400624 total
[11.782s][info ][gc,heap        ] GC(28) ParNew: 139741K->400K(157376K)
[11.782s][info ][gc,heap        ] GC(28) CMS: 3663K->3663K(349568K)
[11.782s][info ][gc,metaspace   ] GC(28) Metaspace: 15714K(16256K)->15714K(16256K) NonClass: 14028K(14336K)->14028K(14336K) Class: 1686K(1920K)->1686K(1920K)
[11.782s][info ][gc             ] GC(28) Pause Young (Allocation Failure) 140M->3M(495M) 0.695ms
[11.782s][info ][gc,cpu         ] GC(28) User=0.00s Sys=0.00s Real=0.00s
[11.791s][info ][gc,start       ] GC(29) Pause Young (Allocation Failure)
[11.791s][info ][gc,task        ] GC(29) Using 9 workers of 9 for evacuation
[11.791s][debug][gc,age         ] GC(29) Desired survivor size 8945664 bytes, new threshold 6 (max threshold 6)
[11.791s][trace][gc,age         ] GC(29) Age table with threshold 6 (max threshold 6)
[11.792s][trace][gc,age         ] GC(29) - age   1:     400736 bytes,     400736 total
[11.792s][info ][gc,heap        ] GC(29) ParNew: 140034K->402K(157376K)
[11.792s][info ][gc,heap        ] GC(29) CMS: 3663K->3663K(349568K)
[11.792s][info ][gc,metaspace   ] GC(29) Metaspace: 15714K(16256K)->15714K(16256K) NonClass: 14028K(14336K)->14028K(14336K) Class: 1686K(1920K)->1686K(1920K)
[11.792s][info ][gc             ] GC(29) Pause Young (Allocation Failure) 140M->3M(495M) 0.502ms
[11.792s][info ][gc,cpu         ] GC(29) User=0.00s Sys=0.00s Real=0.00s
[11.800s][info ][gc,start       ] GC(30) Pause Young (Allocation Failure)
[11.800s][info ][gc,task        ] GC(30) Using 9 workers of 9 for evacuation
[11.801s][debug][gc,age         ] GC(30) Desired survivor size 8945664 bytes, new threshold 6 (max threshold 6)
[11.801s][trace][gc,age         ] GC(30) Age table with threshold 6 (max threshold 6)
[11.801s][trace][gc,age         ] GC(30) - age   1:        720 bytes,        720 total
[11.801s][info ][gc,heap        ] GC(30) ParNew: 140026K->10K(157376K)
[11.801s][info ][gc,heap        ] GC(30) CMS: 3663K->3663K(349568K)
[11.801s][info ][gc,metaspace   ] GC(30) Metaspace: 15714K(16256K)->15714K(16256K) NonClass: 14028K(14336K)->14028K(14336K) Class: 1686K(1920K)->1686K(1920K)
[11.801s][info ][gc             ] GC(30) Pause Young (Allocation Failure) 140M->3M(495M) 0.394ms
[11.801s][info ][gc,cpu         ] GC(30) User=0.00s Sys=0.00s Real=0.00s
[11.810s][info ][gc,start       ] GC(31) Pause Young (Allocation Failure)
[11.810s][info ][gc,task        ] GC(31) Using 9 workers of 9 for evacuation
[11.811s][debug][gc,age         ] GC(31) Desired survivor size 8945664 bytes, new threshold 6 (max threshold 6)
[11.811s][trace][gc,age         ] GC(31) Age table with threshold 6 (max threshold 6)
[11.811s][trace][gc,age         ] GC(31) - age   1:        608 bytes,        608 total
[11.811s][info ][gc,heap        ] GC(31) ParNew: 139842K->12K(157376K)
[11.811s][info ][gc,heap        ] GC(31) CMS: 3663K->3663K(349568K)
[11.811s][info ][gc,metaspace   ] GC(31) Metaspace: 15714K(16256K)->15714K(16256K) NonClass: 14028K(14336K)->14028K(14336K) Class: 1686K(1920K)->1686K(1920K)
[11.811s][info ][gc             ] GC(31) Pause Young (Allocation Failure) 140M->3M(495M) 0.400ms
[11.811s][info ][gc,cpu         ] GC(31) User=0.00s Sys=0.00s Real=0.00s
[11.821s][info ][gc,start       ] GC(32) Pause Young (Allocation Failure)
[11.821s][info ][gc,task        ] GC(32) Using 9 workers of 9 for evacuation
[11.821s][debug][gc,age         ] GC(32) Desired survivor size 8945664 bytes, new threshold 6 (max threshold 6)
[11.821s][trace][gc,age         ] GC(32) Age table with threshold 6 (max threshold 6)
[11.821s][trace][gc,age         ] GC(32) - age   1:        608 bytes,        608 total
[11.821s][info ][gc,heap        ] GC(32) ParNew: 139669K->10K(157376K)
[11.821s][info ][gc,heap        ] GC(32) CMS: 3663K->3663K(349568K)
[11.821s][info ][gc,metaspace   ] GC(32) Metaspace: 15714K(16256K)->15714K(16256K) NonClass: 14028K(14336K)->14028K(14336K) Class: 1686K(1920K)->1686K(1920K)
[11.821s][info ][gc             ] GC(32) Pause Young (Allocation Failure) 139M->3M(495M) 0.500ms
[11.821s][info ][gc,cpu         ] GC(32) User=0.00s Sys=0.00s Real=0.00s
[11.832s][info ][gc,start       ] GC(33) Pause Young (Allocation Failure)
[11.832s][info ][gc,task        ] GC(33) Using 9 workers of 9 for evacuation
[11.832s][debug][gc,age         ] GC(33) Desired survivor size 8945664 bytes, new threshold 6 (max threshold 6)
[11.832s][trace][gc,age         ] GC(33) Age table with threshold 6 (max threshold 6)
[11.832s][trace][gc,age         ] GC(33) - age   1:        720 bytes,        720 total
[11.832s][info ][gc,heap        ] GC(33) ParNew: 139611K->8K(157376K)
[11.832s][info ][gc,heap        ] GC(33) CMS: 3663K->3663K(349568K)
[11.832s][info ][gc,metaspace   ] GC(33) Metaspace: 15714K(16256K)->15714K(16256K) NonClass: 14028K(14336K)->14028K(14336K) Class: 1686K(1920K)->1686K(1920K)
[11.832s][info ][gc             ] GC(33) Pause Young (Allocation Failure) 139M->3M(495M) 0.594ms
[11.832s][info ][gc,cpu         ] GC(33) User=0.00s Sys=0.00s Real=0.00s
[11.842s][info ][gc,start       ] GC(34) Pause Young (Allocation Failure)
[11.842s][info ][gc,task        ] GC(34) Using 9 workers of 9 for evacuation
[11.842s][debug][gc,age         ] GC(34) Desired survivor size 8945664 bytes, new threshold 6 (max threshold 6)
[11.842s][trace][gc,age         ] GC(34) Age table with threshold 6 (max threshold 6)
[11.842s][trace][gc,age         ] GC(34) - age   1:        608 bytes,        608 total
[11.842s][info ][gc,heap        ] GC(34) ParNew: 139615K->10K(157376K)
[11.842s][info ][gc,heap        ] GC(34) CMS: 3663K->3663K(349568K)
[11.842s][info ][gc,metaspace   ] GC(34) Metaspace: 15714K(16256K)->15714K(16256K) NonClass: 14028K(14336K)->14028K(14336K) Class: 1686K(1920K)->1686K(1920K)
[11.842s][info ][gc             ] GC(34) Pause Young (Allocation Failure) 139M->3M(495M) 0.352ms
[11.842s][info ][gc,cpu         ] GC(34) User=0.01s Sys=0.00s Real=0.00s
[11.852s][info ][gc,start       ] GC(35) Pause Young (Allocation Failure)
[11.852s][info ][gc,task        ] GC(35) Using 9 workers of 9 for evacuation
[11.852s][debug][gc,age         ] GC(35) Desired survivor size 8945664 bytes, new threshold 6 (max threshold 6)
[11.852s][trace][gc,age         ] GC(35) Age table with threshold 6 (max threshold 6)
[11.852s][trace][gc,age         ] GC(35) - age   1:     400624 bytes,     400624 total
[11.852s][info ][gc,heap        ] GC(35) ParNew: 139905K->404K(157376K)
[11.852s][info ][gc,heap        ] GC(35) CMS: 3663K->3663K(349568K)
[11.852s][info ][gc,metaspace   ] GC(35) Metaspace: 15714K(16256K)->15714K(16256K) NonClass: 14028K(14336K)->14028K(14336K) Class: 1686K(1920K)->1686K(1920K)
[11.852s][info ][gc             ] GC(35) Pause Young (Allocation Failure) 140M->3M(495M) 0.499ms
[11.852s][info ][gc,cpu         ] GC(35) User=0.00s Sys=0.00s Real=0.00s
[11.862s][info ][gc,start       ] GC(36) Pause Young (Allocation Failure)
[11.862s][info ][gc,task        ] GC(36) Using 9 workers of 9 for evacuation
[11.863s][debug][gc,age         ] GC(36) Desired survivor size 8945664 bytes, new threshold 6 (max threshold 6)
[11.863s][trace][gc,age         ] GC(36) Age table with threshold 6 (max threshold 6)
[11.863s][trace][gc,age         ] GC(36) - age   1:     400624 bytes,     400624 total
[11.863s][info ][gc,heap        ] GC(36) ParNew: 139932K->404K(157376K)
[11.863s][info ][gc,heap        ] GC(36) CMS: 3663K->3663K(349568K)
[11.863s][info ][gc,metaspace   ] GC(36) Metaspace: 15715K(16256K)->15715K(16256K) NonClass: 14029K(14336K)->14029K(14336K) Class: 1686K(1920K)->1686K(1920K)
[11.863s][info ][gc             ] GC(36) Pause Young (Allocation Failure) 140M->3M(495M) 0.480ms
[11.863s][info ][gc,cpu         ] GC(36) User=0.01s Sys=0.00s Real=0.00s
[11.873s][info ][gc,start       ] GC(37) Pause Young (Allocation Failure)
[11.873s][info ][gc,task        ] GC(37) Using 9 workers of 9 for evacuation
[11.873s][debug][gc,age         ] GC(37) Desired survivor size 8945664 bytes, new threshold 6 (max threshold 6)
[11.873s][trace][gc,age         ] GC(37) Age table with threshold 6 (max threshold 6)
[11.873s][trace][gc,age         ] GC(37) - age   1:        720 bytes,        720 total
[11.873s][info ][gc,heap        ] GC(37) ParNew: 140288K->12K(157376K)
[11.873s][info ][gc,heap        ] GC(37) CMS: 3663K->3663K(349568K)
[11.873s][info ][gc,metaspace   ] GC(37) Metaspace: 15715K(16256K)->15715K(16256K) NonClass: 14029K(14336K)->14029K(14336K) Class: 1686K(1920K)->1686K(1920K)
[11.873s][info ][gc             ] GC(37) Pause Young (Allocation Failure) 140M->3M(495M) 0.483ms
[11.873s][info ][gc,cpu         ] GC(37) User=0.00s Sys=0.00s Real=0.00s
[11.883s][info ][gc,start       ] GC(38) Pause Young (Allocation Failure)
[11.883s][info ][gc,task        ] GC(38) Using 9 workers of 9 for evacuation
[11.884s][debug][gc,age         ] GC(38) Desired survivor size 8945664 bytes, new threshold 6 (max threshold 6)
[11.884s][trace][gc,age         ] GC(38) Age table with threshold 6 (max threshold 6)
[11.884s][trace][gc,age         ] GC(38) - age   1:     400624 bytes,     400624 total
[11.884s][info ][gc,heap        ] GC(38) ParNew: 139853K->402K(157376K)
[11.884s][info ][gc,heap        ] GC(38) CMS: 3663K->3663K(349568K)
[11.884s][info ][gc,metaspace   ] GC(38) Metaspace: 15715K(16256K)->15715K(16256K) NonClass: 14029K(14336K)->14029K(14336K) Class: 1686K(1920K)->1686K(1920K)
[11.884s][info ][gc             ] GC(38) Pause Young (Allocation Failure) 140M->3M(495M) 0.397ms
[11.884s][info ][gc,cpu         ] GC(38) User=0.00s Sys=0.00s Real=0.00s
[11.893s][info ][gc,start       ] GC(39) Pause Young (Allocation Failure)
[11.893s][info ][gc,task        ] GC(39) Using 9 workers of 9 for evacuation
[11.894s][debug][gc,age         ] GC(39) Desired survivor size 8945664 bytes, new threshold 6 (max threshold 6)
[11.894s][trace][gc,age         ] GC(39) Age table with threshold 6 (max threshold 6)
[11.894s][trace][gc,age         ] GC(39) - age   1:        608 bytes,        608 total
[11.894s][info ][gc,heap        ] GC(39) ParNew: 140259K->12K(157376K)
[11.894s][info ][gc,heap        ] GC(39) CMS: 3663K->3663K(349568K)
[11.894s][info ][gc,metaspace   ] GC(39) Metaspace: 15715K(16256K)->15715K(16256K) NonClass: 14029K(14336K)->14029K(14336K) Class: 1686K(1920K)->1686K(1920K)
[11.894s][info ][gc             ] GC(39) Pause Young (Allocation Failure) 140M->3M(495M) 0.542ms
[11.894s][info ][gc,cpu         ] GC(39) User=0.01s Sys=0.00s Real=0.00s
[11.904s][info ][gc,start       ] GC(40) Pause Young (Allocation Failure)
[11.904s][info ][gc,task        ] GC(40) Using 9 workers of 9 for evacuation
[11.904s][debug][gc,age         ] GC(40) Desired survivor size 8945664 bytes, new threshold 6 (max threshold 6)
[11.904s][trace][gc,age         ] GC(40) Age table with threshold 6 (max threshold 6)
[11.904s][trace][gc,age         ] GC(40) - age   1:     400736 bytes,     400736 total
[11.904s][info ][gc,heap        ] GC(40) ParNew: 139902K->406K(157376K)
[11.904s][info ][gc,heap        ] GC(40) CMS: 3663K->3663K(349568K)
[11.904s][info ][gc,metaspace   ] GC(40) Metaspace: 15715K(16256K)->15715K(16256K) NonClass: 14029K(14336K)->14029K(14336K) Class: 1686K(1920K)->1686K(1920K)
[11.904s][info ][gc             ] GC(40) Pause Young (Allocation Failure) 140M->3M(495M) 0.396ms
[11.904s][info ][gc,cpu         ] GC(40) User=0.00s Sys=0.00s Real=0.00s
[11.914s][info ][gc,start       ] GC(41) Pause Young (Allocation Failure)
[11.914s][info ][gc,task        ] GC(41) Using 9 workers of 9 for evacuation
[11.914s][debug][gc,age         ] GC(41) Desired survivor size 8945664 bytes, new threshold 6 (max threshold 6)
[11.914s][trace][gc,age         ] GC(41) Age table with threshold 6 (max threshold 6)
[11.914s][trace][gc,age         ] GC(41) - age   1:     400544 bytes,     400544 total
[11.914s][trace][gc,age         ] GC(41) - age   2:         32 bytes,     400576 total
[11.914s][info ][gc,heap        ] GC(41) ParNew: 140027K->400K(157376K)
[11.914s][info ][gc,heap        ] GC(41) CMS: 3663K->3663K(349568K)
[11.914s][info ][gc,metaspace   ] GC(41) Metaspace: 15715K(16256K)->15715K(16256K) NonClass: 14029K(14336K)->14029K(14336K) Class: 1686K(1920K)->1686K(1920K)
[11.914s][info ][gc             ] GC(41) Pause Young (Allocation Failure) 140M->3M(495M) 0.441ms
[11.914s][info ][gc,cpu         ] GC(41) User=0.00s Sys=0.00s Real=0.00s
[11.924s][info ][gc,start       ] GC(42) Pause Young (Allocation Failure)
[11.924s][info ][gc,task        ] GC(42) Using 9 workers of 9 for evacuation
[11.924s][debug][gc,age         ] GC(42) Desired survivor size 8945664 bytes, new threshold 6 (max threshold 6)
[11.924s][trace][gc,age         ] GC(42) Age table with threshold 6 (max threshold 6)
[11.924s][trace][gc,age         ] GC(42) - age   1:     400440 bytes,     400440 total
[11.924s][trace][gc,age         ] GC(42) - age   2:         64 bytes,     400504 total
[11.924s][trace][gc,age         ] GC(42) - age   3:         32 bytes,     400536 total
[11.924s][info ][gc,heap        ] GC(42) ParNew: 140173K->402K(157376K)
[11.924s][info ][gc,heap        ] GC(42) CMS: 3663K->3663K(349568K)
[11.924s][info ][gc,metaspace   ] GC(42) Metaspace: 15715K(16256K)->15715K(16256K) NonClass: 14029K(14336K)->14029K(14336K) Class: 1686K(1920K)->1686K(1920K)
[11.924s][info ][gc             ] GC(42) Pause Young (Allocation Failure) 140M->3M(495M) 0.438ms
[11.924s][info ][gc,cpu         ] GC(42) User=0.00s Sys=0.00s Real=0.00s
[11.934s][info ][gc,start       ] GC(43) Pause Young (Allocation Failure)
[11.934s][info ][gc,task        ] GC(43) Using 9 workers of 9 for evacuation
[11.934s][debug][gc,age         ] GC(43) Desired survivor size 8945664 bytes, new threshold 6 (max threshold 6)
[11.934s][trace][gc,age         ] GC(43) Age table with threshold 6 (max threshold 6)
[11.934s][trace][gc,age         ] GC(43) - age   1:     400624 bytes,     400624 total
[11.934s][trace][gc,age         ] GC(43) - age   2:         72 bytes,     400696 total
[11.934s][info ][gc,heap        ] GC(43) ParNew: 140090K->402K(157376K)
[11.934s][info ][gc,heap        ] GC(43) CMS: 3663K->3663K(349568K)
[11.934s][info ][gc,metaspace   ] GC(43) Metaspace: 15715K(16256K)->15715K(16256K) NonClass: 14029K(14336K)->14029K(14336K) Class: 1686K(1920K)->1686K(1920K)
[11.934s][info ][gc             ] GC(43) Pause Young (Allocation Failure) 140M->3M(495M) 0.481ms
[11.934s][info ][gc,cpu         ] GC(43) User=0.01s Sys=0.00s Real=0.00s
[11.945s][info ][gc,start       ] GC(44) Pause Young (Allocation Failure)
[11.945s][info ][gc,task        ] GC(44) Using 9 workers of 9 for evacuation
[11.945s][debug][gc,age         ] GC(44) Desired survivor size 8945664 bytes, new threshold 6 (max threshold 6)
[11.945s][trace][gc,age         ] GC(44) Age table with threshold 6 (max threshold 6)
[11.945s][trace][gc,age         ] GC(44) - age   1:        720 bytes,        720 total
[11.945s][trace][gc,age         ] GC(44) - age   3:         72 bytes,        792 total
[11.945s][info ][gc,heap        ] GC(44) ParNew: 140247K->12K(157376K)
[11.945s][info ][gc,heap        ] GC(44) CMS: 3663K->3663K(349568K)
[11.945s][info ][gc,metaspace   ] GC(44) Metaspace: 15715K(16256K)->15715K(16256K) NonClass: 14029K(14336K)->14029K(14336K) Class: 1686K(1920K)->1686K(1920K)
[11.945s][info ][gc             ] GC(44) Pause Young (Allocation Failure) 140M->3M(495M) 0.467ms
[11.945s][info ][gc,cpu         ] GC(44) User=0.00s Sys=0.00s Real=0.00s
[11.955s][info ][gc,start       ] GC(45) Pause Young (Allocation Failure)
[11.955s][info ][gc,task        ] GC(45) Using 9 workers of 9 for evacuation
[11.955s][debug][gc,age         ] GC(45) Desired survivor size 8945664 bytes, new threshold 6 (max threshold 6)
[11.955s][trace][gc,age         ] GC(45) Age table with threshold 6 (max threshold 6)
[11.955s][trace][gc,age         ] GC(45) - age   1:     400624 bytes,     400624 total
[11.955s][trace][gc,age         ] GC(45) - age   4:         72 bytes,     400696 total
[11.955s][info ][gc,heap        ] GC(45) ParNew: 139810K->402K(157376K)
[11.955s][info ][gc,heap        ] GC(45) CMS: 3663K->3663K(349568K)
[11.955s][info ][gc,metaspace   ] GC(45) Metaspace: 15719K(16256K)->15719K(16256K) NonClass: 14032K(14336K)->14032K(14336K) Class: 1686K(1920K)->1686K(1920K)
[11.955s][info ][gc             ] GC(45) Pause Young (Allocation Failure) 140M->3M(495M) 0.419ms
[11.955s][info ][gc,cpu         ] GC(45) User=0.00s Sys=0.00s Real=0.00s
[11.965s][info ][gc,start       ] GC(46) Pause Young (Allocation Failure)
[11.965s][info ][gc,task        ] GC(46) Using 9 workers of 9 for evacuation
[11.966s][debug][gc,age         ] GC(46) Desired survivor size 8945664 bytes, new threshold 6 (max threshold 6)
[11.966s][trace][gc,age         ] GC(46) Age table with threshold 6 (max threshold 6)
[11.966s][trace][gc,age         ] GC(46) - age   1:        608 bytes,        608 total
[11.966s][trace][gc,age         ] GC(46) - age   5:         72 bytes,        680 total
[11.966s][info ][gc,heap        ] GC(46) ParNew: 140231K->14K(157376K)
[11.966s][info ][gc,heap        ] GC(46) CMS: 3663K->3663K(349568K)
[11.966s][info ][gc,metaspace   ] GC(46) Metaspace: 15719K(16256K)->15719K(16256K) NonClass: 14032K(14336K)->14032K(14336K) Class: 1686K(1920K)->1686K(1920K)
[11.966s][info ][gc             ] GC(46) Pause Young (Allocation Failure) 140M->3M(495M) 0.524ms
[11.966s][info ][gc,cpu         ] GC(46) User=0.01s Sys=0.00s Real=0.00s
[11.976s][info ][gc,start       ] GC(47) Pause Young (Allocation Failure)
[11.976s][info ][gc,task        ] GC(47) Using 9 workers of 9 for evacuation
[11.976s][debug][gc,age         ] GC(47) Desired survivor size 8945664 bytes, new threshold 6 (max threshold 6)
[11.976s][trace][gc,age         ] GC(47) Age table with threshold 6 (max threshold 6)
[11.976s][trace][gc,age         ] GC(47) - age   1:     400736 bytes,     400736 total
[11.976s][trace][gc,age         ] GC(47) - age   6:         72 bytes,     400808 total
[11.976s][info ][gc,heap        ] GC(47) ParNew: 139880K->406K(157376K)
[11.976s][info ][gc,heap        ] GC(47) CMS: 3663K->3663K(349568K)
[11.976s][info ][gc,metaspace   ] GC(47) Metaspace: 15719K(16256K)->15719K(16256K) NonClass: 14032K(14336K)->14032K(14336K) Class: 1686K(1920K)->1686K(1920K)
[11.976s][info ][gc             ] GC(47) Pause Young (Allocation Failure) 140M->3M(495M) 0.408ms
[11.976s][info ][gc,cpu         ] GC(47) User=0.00s Sys=0.00s Real=0.00s
[11.986s][info ][gc,start       ] GC(48) Pause Young (Allocation Failure)
[11.986s][info ][gc,task        ] GC(48) Using 9 workers of 9 for evacuation
[11.986s][debug][gc,age         ] GC(48) Desired survivor size 8945664 bytes, new threshold 6 (max threshold 6)
[11.986s][trace][gc,age         ] GC(48) Age table with threshold 6 (max threshold 6)
[11.986s][trace][gc,age         ] GC(48) - age   1:        528 bytes,        528 total
[11.986s][trace][gc,age         ] GC(48) - age   2:         32 bytes,        560 total
[11.986s][info ][gc,heap        ] GC(48) ParNew: 140287K->10K(157376K)
[11.986s][info ][gc,heap        ] GC(48) CMS: 3663K->3663K(349568K)
[11.986s][info ][gc,metaspace   ] GC(48) Metaspace: 15719K(16256K)->15719K(16256K) NonClass: 14032K(14336K)->14032K(14336K) Class: 1686K(1920K)->1686K(1920K)
[11.986s][info ][gc             ] GC(48) Pause Young (Allocation Failure) 140M->3M(495M) 0.400ms
[11.986s][info ][gc,cpu         ] GC(48) User=0.00s Sys=0.00s Real=0.00s
[11.996s][info ][gc,start       ] GC(49) Pause Young (Allocation Failure)
[11.996s][info ][gc,task        ] GC(49) Using 9 workers of 9 for evacuation
[11.996s][debug][gc,age         ] GC(49) Desired survivor size 8945664 bytes, new threshold 6 (max threshold 6)
[11.996s][trace][gc,age         ] GC(49) Age table with threshold 6 (max threshold 6)
[11.996s][trace][gc,age         ] GC(49) - age   1:     400624 bytes,     400624 total
[11.996s][info ][gc,heap        ] GC(49) ParNew: 139834K->402K(157376K)
[11.996s][info ][gc,heap        ] GC(49) CMS: 3663K->3663K(349568K)
[11.996s][info ][gc,metaspace   ] GC(49) Metaspace: 15719K(16256K)->15719K(16256K) NonClass: 14033K(14336K)->14033K(14336K) Class: 1686K(1920K)->1686K(1920K)
[11.996s][info ][gc             ] GC(49) Pause Young (Allocation Failure) 140M->3M(495M) 0.446ms
[11.996s][info ][gc,cpu         ] GC(49) User=0.01s Sys=0.00s Real=0.00s
[12.006s][info ][gc,start       ] GC(50) Pause Young (Allocation Failure)
[12.006s][info ][gc,task        ] GC(50) Using 9 workers of 9 for evacuation
[12.007s][debug][gc,age         ] GC(50) Desired survivor size 8945664 bytes, new threshold 6 (max threshold 6)
[12.007s][trace][gc,age         ] GC(50) Age table with threshold 6 (max threshold 6)
[12.007s][trace][gc,age         ] GC(50) - age   1:        608 bytes,        608 total
[12.007s][info ][gc,heap        ] GC(50) ParNew: 140215K->10K(157376K)
[12.007s][info ][gc,heap        ] GC(50) CMS: 3663K->3663K(349568K)
[12.007s][info ][gc,metaspace   ] GC(50) Metaspace: 15719K(16256K)->15719K(16256K) NonClass: 14033K(14336K)->14033K(14336K) Class: 1686K(1920K)->1686K(1920K)
[12.007s][info ][gc             ] GC(50) Pause Young (Allocation Failure) 140M->3M(495M) 0.431ms
[12.007s][info ][gc,cpu         ] GC(50) User=0.00s Sys=0.00s Real=0.00s
[12.016s][info ][gc,start       ] GC(51) Pause Young (Allocation Failure)
[12.016s][info ][gc,task        ] GC(51) Using 9 workers of 9 for evacuation
[12.017s][debug][gc,age         ] GC(51) Desired survivor size 8945664 bytes, new threshold 6 (max threshold 6)
[12.017s][trace][gc,age         ] GC(51) Age table with threshold 6 (max threshold 6)
[12.017s][trace][gc,age         ] GC(51) - age   1:     400736 bytes,     400736 total
[12.017s][info ][gc,heap        ] GC(51) ParNew: 139825K->400K(157376K)
[12.017s][info ][gc,heap        ] GC(51) CMS: 3663K->3663K(349568K)
[12.017s][info ][gc,metaspace   ] GC(51) Metaspace: 15719K(16256K)->15719K(16256K) NonClass: 14033K(14336K)->14033K(14336K) Class: 1686K(1920K)->1686K(1920K)
[12.017s][info ][gc             ] GC(51) Pause Young (Allocation Failure) 140M->3M(495M) 0.429ms
[12.017s][info ][gc,cpu         ] GC(51) User=0.00s Sys=0.00s Real=0.00s
[12.027s][info ][gc,start       ] GC(52) Pause Young (Allocation Failure)
[12.027s][info ][gc,task        ] GC(52) Using 9 workers of 9 for evacuation
[12.027s][debug][gc,age         ] GC(52) Desired survivor size 8945664 bytes, new threshold 6 (max threshold 6)
[12.027s][trace][gc,age         ] GC(52) Age table with threshold 6 (max threshold 6)
[12.027s][trace][gc,age         ] GC(52) - age   1:        608 bytes,        608 total
[12.027s][info ][gc,heap        ] GC(52) ParNew: 140249K->14K(157376K)
[12.027s][info ][gc,heap        ] GC(52) CMS: 3663K->3663K(349568K)
[12.027s][info ][gc,metaspace   ] GC(52) Metaspace: 15720K(16256K)->15720K(16256K) NonClass: 14034K(14336K)->14034K(14336K) Class: 1686K(1920K)->1686K(1920K)
[12.027s][info ][gc             ] GC(52) Pause Young (Allocation Failure) 140M->3M(495M) 0.519ms
[12.027s][info ][gc,cpu         ] GC(52) User=0.01s Sys=0.00s Real=0.00s
[12.037s][info ][gc,start       ] GC(53) Pause Young (Allocation Failure)
[12.037s][info ][gc,task        ] GC(53) Using 9 workers of 9 for evacuation
[12.037s][debug][gc,age         ] GC(53) Desired survivor size 8945664 bytes, new threshold 6 (max threshold 6)
[12.037s][trace][gc,age         ] GC(53) Age table with threshold 6 (max threshold 6)
[12.037s][trace][gc,age         ] GC(53) - age   1:     400624 bytes,     400624 total
[12.037s][info ][gc,heap        ] GC(53) ParNew: 139872K->400K(157376K)
[12.037s][info ][gc,heap        ] GC(53) CMS: 3663K->3663K(349568K)
[12.037s][info ][gc,metaspace   ] GC(53) Metaspace: 15720K(16256K)->15720K(16256K) NonClass: 14034K(14336K)->14034K(14336K) Class: 1686K(1920K)->1686K(1920K)
[12.037s][info ][gc             ] GC(53) Pause Young (Allocation Failure) 140M->3M(495M) 0.458ms
[12.037s][info ][gc,cpu         ] GC(53) User=0.00s Sys=0.00s Real=0.00s
[12.047s][info ][gc,start       ] GC(54) Pause Young (Allocation Failure)
[12.047s][info ][gc,task        ] GC(54) Using 9 workers of 9 for evacuation
[12.048s][debug][gc,age         ] GC(54) Desired survivor size 8945664 bytes, new threshold 6 (max threshold 6)
[12.048s][trace][gc,age         ] GC(54) Age table with threshold 6 (max threshold 6)
[12.048s][trace][gc,age         ] GC(54) - age   1:        720 bytes,        720 total
[12.048s][info ][gc,heap        ] GC(54) ParNew: 140249K->8K(157376K)
[12.048s][info ][gc,heap        ] GC(54) CMS: 3663K->3663K(349568K)
[12.048s][info ][gc,metaspace   ] GC(54) Metaspace: 15720K(16256K)->15720K(16256K) NonClass: 14034K(14336K)->14034K(14336K) Class: 1686K(1920K)->1686K(1920K)
[12.048s][info ][gc             ] GC(54) Pause Young (Allocation Failure) 140M->3M(495M) 0.395ms
[12.048s][info ][gc,cpu         ] GC(54) User=0.00s Sys=0.00s Real=0.00s
[12.057s][info ][gc,start       ] GC(55) Pause Young (Allocation Failure)
[12.057s][info ][gc,task        ] GC(55) Using 9 workers of 9 for evacuation
[12.058s][debug][gc,age         ] GC(55) Desired survivor size 8945664 bytes, new threshold 6 (max threshold 6)
[12.058s][trace][gc,age         ] GC(55) Age table with threshold 6 (max threshold 6)
[12.058s][trace][gc,age         ] GC(55) - age   1:     400624 bytes,     400624 total
[12.058s][info ][gc,heap        ] GC(55) ParNew: 139889K->404K(157376K)
[12.058s][info ][gc,heap        ] GC(55) CMS: 3663K->3663K(349568K)
[12.058s][info ][gc,metaspace   ] GC(55) Metaspace: 15720K(16256K)->15720K(16256K) NonClass: 14034K(14336K)->14034K(14336K) Class: 1686K(1920K)->1686K(1920K)
[12.058s][info ][gc             ] GC(55) Pause Young (Allocation Failure) 140M->3M(495M) 0.381ms
[12.058s][info ][gc,cpu         ] GC(55) User=0.00s Sys=0.00s Real=0.00s
[12.068s][info ][gc,start       ] GC(56) Pause Young (Allocation Failure)
[12.068s][info ][gc,task        ] GC(56) Using 9 workers of 9 for evacuation
[12.068s][debug][gc,age         ] GC(56) Desired survivor size 8945664 bytes, new threshold 6 (max threshold 6)
[12.068s][trace][gc,age         ] GC(56) Age table with threshold 6 (max threshold 6)
[12.068s][trace][gc,age         ] GC(56) - age   1:        192 bytes,        192 total
[12.068s][trace][gc,age         ] GC(56) - age   2:        416 bytes,        608 total
[12.068s][info ][gc,heap        ] GC(56) ParNew: 140275K->10K(157376K)
[12.068s][info ][gc,heap        ] GC(56) CMS: 3663K->3663K(349568K)
[12.068s][info ][gc,metaspace   ] GC(56) Metaspace: 15720K(16256K)->15720K(16256K) NonClass: 14034K(14336K)->14034K(14336K) Class: 1686K(1920K)->1686K(1920K)
[12.068s][info ][gc             ] GC(56) Pause Young (Allocation Failure) 140M->3M(495M) 0.468ms
[12.068s][info ][gc,cpu         ] GC(56) User=0.00s Sys=0.00s Real=0.00s
[12.078s][info ][gc,start       ] GC(57) Pause Young (Allocation Failure)
[12.078s][info ][gc,task        ] GC(57) Using 9 workers of 9 for evacuation
[12.078s][debug][gc,age         ] GC(57) Desired survivor size 8945664 bytes, new threshold 6 (max threshold 6)
[12.078s][trace][gc,age         ] GC(57) Age table with threshold 6 (max threshold 6)
[12.078s][trace][gc,age         ] GC(57) - age   1:     400208 bytes,     400208 total
[12.078s][trace][gc,age         ] GC(57) - age   3:        416 bytes,     400624 total
[12.078s][info ][gc,heap        ] GC(57) ParNew: 139888K->402K(157376K)
[12.078s][info ][gc,heap        ] GC(57) CMS: 3663K->3663K(349568K)
[12.078s][info ][gc,metaspace   ] GC(57) Metaspace: 15720K(16256K)->15720K(16256K) NonClass: 14034K(14336K)->14034K(14336K) Class: 1686K(1920K)->1686K(1920K)
[12.078s][info ][gc             ] GC(57) Pause Young (Allocation Failure) 140M->3M(495M) 0.517ms
[12.078s][info ][gc,cpu         ] GC(57) User=0.01s Sys=0.00s Real=0.00s
[12.088s][info ][gc,start       ] GC(58) Pause Young (Allocation Failure)
[12.088s][info ][gc,task        ] GC(58) Using 9 workers of 9 for evacuation
[12.088s][debug][gc,age         ] GC(58) Desired survivor size 8945664 bytes, new threshold 6 (max threshold 6)
[12.088s][trace][gc,age         ] GC(58) Age table with threshold 6 (max threshold 6)
[12.088s][trace][gc,age         ] GC(58) - age   1:        192 bytes,        192 total
[12.088s][trace][gc,age         ] GC(58) - age   4:        416 bytes,        608 total
[12.088s][info ][gc,heap        ] GC(58) ParNew: 140271K->12K(157376K)
[12.088s][info ][gc,heap        ] GC(58) CMS: 3663K->3663K(349568K)
[12.088s][info ][gc,metaspace   ] GC(58) Metaspace: 15720K(16256K)->15720K(16256K) NonClass: 14034K(14336K)->14034K(14336K) Class: 1686K(1920K)->1686K(1920K)
[12.088s][info ][gc             ] GC(58) Pause Young (Allocation Failure) 140M->3M(495M) 0.452ms
[12.088s][info ][gc,cpu         ] GC(58) User=0.00s Sys=0.00s Real=0.00s
[12.098s][info ][gc,start       ] GC(59) Pause Young (Allocation Failure)
[12.098s][info ][gc,task        ] GC(59) Using 9 workers of 9 for evacuation
[12.098s][debug][gc,age         ] GC(59) Desired survivor size 8945664 bytes, new threshold 6 (max threshold 6)
[12.098s][trace][gc,age         ] GC(59) Age table with threshold 6 (max threshold 6)
[12.098s][trace][gc,age         ] GC(59) - age   1:     400208 bytes,     400208 total
[12.098s][trace][gc,age         ] GC(59) - age   5:        416 bytes,     400624 total
[12.098s][info ][gc,heap        ] GC(59) ParNew: 139883K->402K(157376K)
[12.098s][info ][gc,heap        ] GC(59) CMS: 3663K->3663K(349568K)
[12.098s][info ][gc,metaspace   ] GC(59) Metaspace: 15720K(16256K)->15720K(16256K) NonClass: 14034K(14336K)->14034K(14336K) Class: 1686K(1920K)->1686K(1920K)
[12.098s][info ][gc             ] GC(59) Pause Young (Allocation Failure) 140M->3M(495M) 0.457ms
[12.098s][info ][gc,cpu         ] GC(59) User=0.00s Sys=0.00s Real=0.00s
[12.108s][info ][gc,start       ] GC(60) Pause Young (Allocation Failure)
[12.108s][info ][gc,task        ] GC(60) Using 9 workers of 9 for evacuation
[12.108s][debug][gc,age         ] GC(60) Desired survivor size 8945664 bytes, new threshold 6 (max threshold 6)
[12.108s][trace][gc,age         ] GC(60) Age table with threshold 6 (max threshold 6)
[12.108s][trace][gc,age         ] GC(60) - age   1:        192 bytes,        192 total
[12.108s][trace][gc,age         ] GC(60) - age   6:        416 bytes,        608 total
[12.108s][info ][gc,heap        ] GC(60) ParNew: 140277K->12K(157376K)
[12.108s][info ][gc,heap        ] GC(60) CMS: 3663K->3663K(349568K)
[12.108s][info ][gc,metaspace   ] GC(60) Metaspace: 15720K(16256K)->15720K(16256K) NonClass: 14034K(14336K)->14034K(14336K) Class: 1686K(1920K)->1686K(1920K)
[12.108s][info ][gc             ] GC(60) Pause Young (Allocation Failure) 140M->3M(495M) 0.356ms
[12.108s][info ][gc,cpu         ] GC(60) User=0.00s Sys=0.00s Real=0.00s
[12.118s][info ][gc,start       ] GC(61) Pause Young (Allocation Failure)
[12.118s][info ][gc,task        ] GC(61) Using 9 workers of 9 for evacuation
[12.118s][debug][gc,age         ] GC(61) Desired survivor size 8945664 bytes, new threshold 6 (max threshold 6)
[12.118s][trace][gc,age         ] GC(61) Age table with threshold 6 (max threshold 6)
[12.118s][trace][gc,age         ] GC(61) - age   1:     400208 bytes,     400208 total
[12.118s][info ][gc,heap        ] GC(61) ParNew: 139879K->394K(157376K)
[12.118s][info ][gc,heap        ] GC(61) CMS: 3663K->3663K(349568K)
[12.118s][info ][gc,metaspace   ] GC(61) Metaspace: 15720K(16256K)->15720K(16256K) NonClass: 14034K(14336K)->14034K(14336K) Class: 1686K(1920K)->1686K(1920K)
[12.118s][info ][gc             ] GC(61) Pause Young (Allocation Failure) 140M->3M(495M) 0.526ms
[12.118s][info ][gc,cpu         ] GC(61) User=0.00s Sys=0.00s Real=0.00s
[12.128s][info ][gc,start       ] GC(62) Pause Young (Allocation Failure)
[12.128s][info ][gc,task        ] GC(62) Using 9 workers of 9 for evacuation
[12.128s][debug][gc,age         ] GC(62) Desired survivor size 8945664 bytes, new threshold 6 (max threshold 6)
[12.128s][trace][gc,age         ] GC(62) Age table with threshold 6 (max threshold 6)
[12.128s][trace][gc,age         ] GC(62) - age   1:        192 bytes,        192 total
[12.128s][info ][gc,heap        ] GC(62) ParNew: 140265K->4K(157376K)
[12.128s][info ][gc,heap        ] GC(62) CMS: 3663K->3663K(349568K)
[12.128s][info ][gc,metaspace   ] GC(62) Metaspace: 15720K(16256K)->15720K(16256K) NonClass: 14034K(14336K)->14034K(14336K) Class: 1686K(1920K)->1686K(1920K)
[12.128s][info ][gc             ] GC(62) Pause Young (Allocation Failure) 140M->3M(495M) 0.390ms
[12.128s][info ][gc,cpu         ] GC(62) User=0.00s Sys=0.00s Real=0.00s
[12.138s][info ][gc,start       ] GC(63) Pause Young (Allocation Failure)
[12.138s][info ][gc,task        ] GC(63) Using 9 workers of 9 for evacuation
[12.138s][debug][gc,age         ] GC(63) Desired survivor size 8945664 bytes, new threshold 6 (max threshold 6)
[12.138s][trace][gc,age         ] GC(63) Age table with threshold 6 (max threshold 6)
[12.138s][trace][gc,age         ] GC(63) - age   1:     400208 bytes,     400208 total
[12.138s][info ][gc,heap        ] GC(63) ParNew: 139880K->396K(157376K)
[12.138s][info ][gc,heap        ] GC(63) CMS: 3663K->3663K(349568K)
[12.138s][info ][gc,metaspace   ] GC(63) Metaspace: 15720K(16256K)->15720K(16256K) NonClass: 14034K(14336K)->14034K(14336K) Class: 1686K(1920K)->1686K(1920K)
[12.138s][info ][gc             ] GC(63) Pause Young (Allocation Failure) 140M->3M(495M) 0.409ms
[12.138s][info ][gc,cpu         ] GC(63) User=0.00s Sys=0.00s Real=0.00s
[12.148s][info ][gc,start       ] GC(64) Pause Young (Allocation Failure)
[12.148s][info ][gc,task        ] GC(64) Using 9 workers of 9 for evacuation
[12.148s][debug][gc,age         ] GC(64) Desired survivor size 8945664 bytes, new threshold 6 (max threshold 6)
[12.148s][trace][gc,age         ] GC(64) Age table with threshold 6 (max threshold 6)
[12.148s][trace][gc,age         ] GC(64) - age   1:        192 bytes,        192 total
[12.148s][info ][gc,heap        ] GC(64) ParNew: 140276K->6K(157376K)
[12.148s][info ][gc,heap        ] GC(64) CMS: 3663K->3663K(349568K)
[12.148s][info ][gc,metaspace   ] GC(64) Metaspace: 15720K(16256K)->15720K(16256K) NonClass: 14034K(14336K)->14034K(14336K) Class: 1686K(1920K)->1686K(1920K)
[12.148s][info ][gc             ] GC(64) Pause Young (Allocation Failure) 140M->3M(495M) 0.439ms
[12.148s][info ][gc,cpu         ] GC(64) User=0.00s Sys=0.00s Real=0.00s
[12.158s][info ][gc,start       ] GC(65) Pause Young (Allocation Failure)
[12.158s][info ][gc,task        ] GC(65) Using 9 workers of 9 for evacuation
[12.158s][debug][gc,age         ] GC(65) Desired survivor size 8945664 bytes, new threshold 6 (max threshold 6)
[12.158s][trace][gc,age         ] GC(65) Age table with threshold 6 (max threshold 6)
[12.158s][trace][gc,age         ] GC(65) - age   1:     400208 bytes,     400208 total
[12.158s][info ][gc,heap        ] GC(65) ParNew: 139880K->396K(157376K)
[12.158s][info ][gc,heap        ] GC(65) CMS: 3663K->3663K(349568K)
[12.158s][info ][gc,metaspace   ] GC(65) Metaspace: 15720K(16256K)->15720K(16256K) NonClass: 14034K(14336K)->14034K(14336K) Class: 1686K(1920K)->1686K(1920K)
[12.158s][info ][gc             ] GC(65) Pause Young (Allocation Failure) 140M->3M(495M) 0.417ms
[12.158s][info ][gc,cpu         ] GC(65) User=0.01s Sys=0.00s Real=0.00s
[12.168s][info ][gc,start       ] GC(66) Pause Young (Allocation Failure)
[12.168s][info ][gc,task        ] GC(66) Using 9 workers of 9 for evacuation
[12.168s][debug][gc,age         ] GC(66) Desired survivor size 8945664 bytes, new threshold 6 (max threshold 6)
[12.168s][trace][gc,age         ] GC(66) Age table with threshold 6 (max threshold 6)
[12.168s][trace][gc,age         ] GC(66) - age   1:        192 bytes,        192 total
[12.168s][info ][gc,heap        ] GC(66) ParNew: 140265K->6K(157376K)
[12.168s][info ][gc,heap        ] GC(66) CMS: 3663K->3663K(349568K)
[12.168s][info ][gc,metaspace   ] GC(66) Metaspace: 15720K(16256K)->15720K(16256K) NonClass: 14034K(14336K)->14034K(14336K) Class: 1686K(1920K)->1686K(1920K)
[12.168s][info ][gc             ] GC(66) Pause Young (Allocation Failure) 140M->3M(495M) 0.459ms
[12.168s][info ][gc,cpu         ] GC(66) User=0.01s Sys=0.00s Real=0.00s
[12.178s][info ][gc,start       ] GC(67) Pause Young (Allocation Failure)
[12.178s][info ][gc,task        ] GC(67) Using 9 workers of 9 for evacuation
[12.178s][debug][gc,age         ] GC(67) Desired survivor size 8945664 bytes, new threshold 6 (max threshold 6)
[12.178s][trace][gc,age         ] GC(67) Age table with threshold 6 (max threshold 6)
[12.178s][trace][gc,age         ] GC(67) - age   1:     400208 bytes,     400208 total
[12.178s][info ][gc,heap        ] GC(67) ParNew: 139878K->398K(157376K)
[12.178s][info ][gc,heap        ] GC(67) CMS: 3663K->3663K(349568K)
[12.178s][info ][gc,metaspace   ] GC(67) Metaspace: 15720K(16256K)->15720K(16256K) NonClass: 14034K(14336K)->14034K(14336K) Class: 1686K(1920K)->1686K(1920K)
[12.178s][info ][gc             ] GC(67) Pause Young (Allocation Failure) 140M->3M(495M) 0.406ms
[12.178s][info ][gc,cpu         ] GC(67) User=0.00s Sys=0.00s Real=0.00s
[12.188s][info ][gc,start       ] GC(68) Pause Young (Allocation Failure)
[12.188s][info ][gc,task        ] GC(68) Using 9 workers of 9 for evacuation
[12.188s][debug][gc,age         ] GC(68) Desired survivor size 8945664 bytes, new threshold 6 (max threshold 6)
[12.188s][trace][gc,age         ] GC(68) Age table with threshold 6 (max threshold 6)
[12.188s][trace][gc,age         ] GC(68) - age   1:        192 bytes,        192 total
[12.188s][info ][gc,heap        ] GC(68) ParNew: 140287K->6K(157376K)
[12.188s][info ][gc,heap        ] GC(68) CMS: 3663K->3663K(349568K)
[12.188s][info ][gc,metaspace   ] GC(68) Metaspace: 15720K(16256K)->15720K(16256K) NonClass: 14034K(14336K)->14034K(14336K) Class: 1686K(1920K)->1686K(1920K)
[12.188s][info ][gc             ] GC(68) Pause Young (Allocation Failure) 140M->3M(495M) 0.633ms
[12.188s][info ][gc,cpu         ] GC(68) User=0.00s Sys=0.00s Real=0.00s
[12.198s][info ][gc,start       ] GC(69) Pause Young (Allocation Failure)
[12.198s][info ][gc,task        ] GC(69) Using 9 workers of 9 for evacuation
[12.198s][debug][gc,age         ] GC(69) Desired survivor size 8945664 bytes, new threshold 6 (max threshold 6)
[12.198s][trace][gc,age         ] GC(69) Age table with threshold 6 (max threshold 6)
[12.198s][trace][gc,age         ] GC(69) - age   1:     400208 bytes,     400208 total
[12.198s][info ][gc,heap        ] GC(69) ParNew: 139886K->396K(157376K)
[12.198s][info ][gc,heap        ] GC(69) CMS: 3663K->3663K(349568K)
[12.198s][info ][gc,metaspace   ] GC(69) Metaspace: 15720K(16256K)->15720K(16256K) NonClass: 14034K(14336K)->14034K(14336K) Class: 1686K(1920K)->1686K(1920K)
[12.198s][info ][gc             ] GC(69) Pause Young (Allocation Failure) 140M->3M(495M) 0.425ms
[12.198s][info ][gc,cpu         ] GC(69) User=0.00s Sys=0.00s Real=0.00s
[12.208s][info ][gc,start       ] GC(70) Pause Young (Allocation Failure)
[12.208s][info ][gc,task        ] GC(70) Using 9 workers of 9 for evacuation
[12.208s][debug][gc,age         ] GC(70) Desired survivor size 8945664 bytes, new threshold 6 (max threshold 6)
[12.208s][trace][gc,age         ] GC(70) Age table with threshold 6 (max threshold 6)
[12.208s][trace][gc,age         ] GC(70) - age   1:        192 bytes,        192 total
[12.208s][info ][gc,heap        ] GC(70) ParNew: 140266K->6K(157376K)
[12.208s][info ][gc,heap        ] GC(70) CMS: 3663K->3663K(349568K)
[12.208s][info ][gc,metaspace   ] GC(70) Metaspace: 15720K(16256K)->15720K(16256K) NonClass: 14034K(14336K)->14034K(14336K) Class: 1686K(1920K)->1686K(1920K)
[12.208s][info ][gc             ] GC(70) Pause Young (Allocation Failure) 140M->3M(495M) 0.407ms
[12.208s][info ][gc,cpu         ] GC(70) User=0.00s Sys=0.00s Real=0.00s
[12.218s][info ][gc,start       ] GC(71) Pause Young (Allocation Failure)
[12.218s][info ][gc,task        ] GC(71) Using 9 workers of 9 for evacuation
[12.218s][debug][gc,age         ] GC(71) Desired survivor size 8945664 bytes, new threshold 6 (max threshold 6)
[12.218s][trace][gc,age         ] GC(71) Age table with threshold 6 (max threshold 6)
[12.218s][trace][gc,age         ] GC(71) - age   1:     400208 bytes,     400208 total
[12.218s][info ][gc,heap        ] GC(71) ParNew: 139882K->396K(157376K)
[12.218s][info ][gc,heap        ] GC(71) CMS: 3663K->3663K(349568K)
[12.218s][info ][gc,metaspace   ] GC(71) Metaspace: 15720K(16256K)->15720K(16256K) NonClass: 14034K(14336K)->14034K(14336K) Class: 1686K(1920K)->1686K(1920K)
[12.218s][info ][gc             ] GC(71) Pause Young (Allocation Failure) 140M->3M(495M) 0.449ms
[12.218s][info ][gc,cpu         ] GC(71) User=0.00s Sys=0.00s Real=0.00s
[12.228s][info ][gc,start       ] GC(72) Pause Young (Allocation Failure)
[12.228s][info ][gc,task        ] GC(72) Using 9 workers of 9 for evacuation
[12.228s][debug][gc,age         ] GC(72) Desired survivor size 8945664 bytes, new threshold 6 (max threshold 6)
[12.228s][trace][gc,age         ] GC(72) Age table with threshold 6 (max threshold 6)
[12.228s][trace][gc,age         ] GC(72) - age   1:        192 bytes,        192 total
[12.228s][info ][gc,heap        ] GC(72) ParNew: 140272K->6K(157376K)
[12.228s][info ][gc,heap        ] GC(72) CMS: 3663K->3663K(349568K)
[12.228s][info ][gc,metaspace   ] GC(72) Metaspace: 15720K(16256K)->15720K(16256K) NonClass: 14034K(14336K)->14034K(14336K) Class: 1686K(1920K)->1686K(1920K)
[12.228s][info ][gc             ] GC(72) Pause Young (Allocation Failure) 140M->3M(495M) 0.436ms
[12.228s][info ][gc,cpu         ] GC(72) User=0.01s Sys=0.00s Real=0.00s
[12.237s][info ][gc,start       ] GC(73) Pause Young (Allocation Failure)
[12.238s][info ][gc,task        ] GC(73) Using 9 workers of 9 for evacuation
[12.238s][debug][gc,age         ] GC(73) Desired survivor size 8945664 bytes, new threshold 6 (max threshold 6)
[12.238s][trace][gc,age         ] GC(73) Age table with threshold 6 (max threshold 6)
[12.238s][trace][gc,age         ] GC(73) - age   1:     400208 bytes,     400208 total
[12.238s][info ][gc,heap        ] GC(73) ParNew: 139895K->398K(157376K)
[12.238s][info ][gc,heap        ] GC(73) CMS: 3663K->3663K(349568K)
[12.238s][info ][gc,metaspace   ] GC(73) Metaspace: 15720K(16256K)->15720K(16256K) NonClass: 14034K(14336K)->14034K(14336K) Class: 1686K(1920K)->1686K(1920K)
[12.238s][info ][gc             ] GC(73) Pause Young (Allocation Failure) 140M->3M(495M) 0.388ms
[12.238s][info ][gc,cpu         ] GC(73) User=0.01s Sys=0.00s Real=0.00s
[12.247s][info ][gc,start       ] GC(74) Pause Young (Allocation Failure)
[12.247s][info ][gc,task        ] GC(74) Using 9 workers of 9 for evacuation
[12.248s][debug][gc,age         ] GC(74) Desired survivor size 8945664 bytes, new threshold 6 (max threshold 6)
[12.248s][trace][gc,age         ] GC(74) Age table with threshold 6 (max threshold 6)
[12.248s][trace][gc,age         ] GC(74) - age   1:        192 bytes,        192 total
[12.248s][info ][gc,heap        ] GC(74) ParNew: 140284K->6K(157376K)
[12.248s][info ][gc,heap        ] GC(74) CMS: 3663K->3663K(349568K)
[12.248s][info ][gc,metaspace   ] GC(74) Metaspace: 15720K(16256K)->15720K(16256K) NonClass: 14034K(14336K)->14034K(14336K) Class: 1686K(1920K)->1686K(1920K)
[12.248s][info ][gc             ] GC(74) Pause Young (Allocation Failure) 140M->3M(495M) 0.414ms
[12.248s][info ][gc,cpu         ] GC(74) User=0.00s Sys=0.00s Real=0.00s
[12.257s][info ][gc,start       ] GC(75) Pause Young (Allocation Failure)
[12.257s][info ][gc,task        ] GC(75) Using 9 workers of 9 for evacuation
[12.258s][debug][gc,age         ] GC(75) Desired survivor size 8945664 bytes, new threshold 6 (max threshold 6)
[12.258s][trace][gc,age         ] GC(75) Age table with threshold 6 (max threshold 6)
[12.258s][trace][gc,age         ] GC(75) - age   1:     400208 bytes,     400208 total
[12.258s][info ][gc,heap        ] GC(75) ParNew: 139897K->394K(157376K)
[12.258s][info ][gc,heap        ] GC(75) CMS: 3663K->3663K(349568K)
[12.258s][info ][gc,metaspace   ] GC(75) Metaspace: 15720K(16256K)->15720K(16256K) NonClass: 14034K(14336K)->14034K(14336K) Class: 1686K(1920K)->1686K(1920K)
[12.258s][info ][gc             ] GC(75) Pause Young (Allocation Failure) 140M->3M(495M) 0.337ms
[12.258s][info ][gc,cpu         ] GC(75) User=0.00s Sys=0.00s Real=0.00s
[12.267s][info ][gc,start       ] GC(76) Pause Young (Allocation Failure)
[12.267s][info ][gc,task        ] GC(76) Using 9 workers of 9 for evacuation
[12.268s][debug][gc,age         ] GC(76) Desired survivor size 8945664 bytes, new threshold 6 (max threshold 6)
[12.268s][trace][gc,age         ] GC(76) Age table with threshold 6 (max threshold 6)
[12.268s][trace][gc,age         ] GC(76) - age   1:        192 bytes,        192 total
[12.268s][info ][gc,heap        ] GC(76) ParNew: 140273K->6K(157376K)
[12.268s][info ][gc,heap        ] GC(76) CMS: 3663K->3663K(349568K)
[12.268s][info ][gc,metaspace   ] GC(76) Metaspace: 15720K(16256K)->15720K(16256K) NonClass: 14034K(14336K)->14034K(14336K) Class: 1686K(1920K)->1686K(1920K)
[12.268s][info ][gc             ] GC(76) Pause Young (Allocation Failure) 140M->3M(495M) 0.426ms
[12.268s][info ][gc,cpu         ] GC(76) User=0.00s Sys=0.00s Real=0.00s
[12.277s][info ][gc,start       ] GC(77) Pause Young (Allocation Failure)
[12.277s][info ][gc,task        ] GC(77) Using 9 workers of 9 for evacuation
[12.277s][debug][gc,age         ] GC(77) Desired survivor size 8945664 bytes, new threshold 6 (max threshold 6)
[12.277s][trace][gc,age         ] GC(77) Age table with threshold 6 (max threshold 6)
[12.277s][trace][gc,age         ] GC(77) - age   1:     400208 bytes,     400208 total
[12.277s][info ][gc,heap        ] GC(77) ParNew: 139880K->396K(157376K)
[12.277s][info ][gc,heap        ] GC(77) CMS: 3663K->3663K(349568K)
[12.277s][info ][gc,metaspace   ] GC(77) Metaspace: 15720K(16256K)->15720K(16256K) NonClass: 14034K(14336K)->14034K(14336K) Class: 1686K(1920K)->1686K(1920K)
[12.277s][info ][gc             ] GC(77) Pause Young (Allocation Failure) 140M->3M(495M) 0.403ms
[12.277s][info ][gc,cpu         ] GC(77) User=0.00s Sys=0.00s Real=0.00s
[12.287s][info ][gc,start       ] GC(78) Pause Young (Allocation Failure)
[12.287s][info ][gc,task        ] GC(78) Using 9 workers of 9 for evacuation
[12.287s][debug][gc,age         ] GC(78) Desired survivor size 8945664 bytes, new threshold 6 (max threshold 6)
[12.287s][trace][gc,age         ] GC(78) Age table with threshold 6 (max threshold 6)
[12.287s][trace][gc,age         ] GC(78) - age   1:        192 bytes,        192 total
[12.287s][info ][gc,heap        ] GC(78) ParNew: 140276K->6K(157376K)
[12.287s][info ][gc,heap        ] GC(78) CMS: 3663K->3663K(349568K)
[12.287s][info ][gc,metaspace   ] GC(78) Metaspace: 15720K(16256K)->15720K(16256K) NonClass: 14034K(14336K)->14034K(14336K) Class: 1686K(1920K)->1686K(1920K)
[12.287s][info ][gc             ] GC(78) Pause Young (Allocation Failure) 140M->3M(495M) 0.382ms
[12.287s][info ][gc,cpu         ] GC(78) User=0.00s Sys=0.00s Real=0.00s
[12.297s][info ][gc,start       ] GC(79) Pause Young (Allocation Failure)
[12.297s][info ][gc,task        ] GC(79) Using 9 workers of 9 for evacuation
[12.297s][debug][gc,age         ] GC(79) Desired survivor size 8945664 bytes, new threshold 6 (max threshold 6)
[12.297s][trace][gc,age         ] GC(79) Age table with threshold 6 (max threshold 6)
[12.297s][trace][gc,age         ] GC(79) - age   1:     400208 bytes,     400208 total
[12.297s][info ][gc,heap        ] GC(79) ParNew: 139886K->396K(157376K)
[12.297s][info ][gc,heap        ] GC(79) CMS: 3663K->3663K(349568K)
[12.297s][info ][gc,metaspace   ] GC(79) Metaspace: 15720K(16256K)->15720K(16256K) NonClass: 14034K(14336K)->14034K(14336K) Class: 1686K(1920K)->1686K(1920K)
[12.297s][info ][gc             ] GC(79) Pause Young (Allocation Failure) 140M->3M(495M) 0.506ms
[12.297s][info ][gc,cpu         ] GC(79) User=0.00s Sys=0.00s Real=0.00s
[12.307s][info ][gc,start       ] GC(80) Pause Young (Allocation Failure)
[12.307s][info ][gc,task        ] GC(80) Using 9 workers of 9 for evacuation
[12.307s][debug][gc,age         ] GC(80) Desired survivor size 8945664 bytes, new threshold 6 (max threshold 6)
[12.307s][trace][gc,age         ] GC(80) Age table with threshold 6 (max threshold 6)
[12.307s][trace][gc,age         ] GC(80) - age   1:        192 bytes,        192 total
[12.307s][info ][gc,heap        ] GC(80) ParNew: 140275K->6K(157376K)
[12.307s][info ][gc,heap        ] GC(80) CMS: 3663K->3663K(349568K)
[12.307s][info ][gc,metaspace   ] GC(80) Metaspace: 15720K(16256K)->15720K(16256K) NonClass: 14034K(14336K)->14034K(14336K) Class: 1686K(1920K)->1686K(1920K)
[12.307s][info ][gc             ] GC(80) Pause Young (Allocation Failure) 140M->3M(495M) 0.447ms
[12.307s][info ][gc,cpu         ] GC(80) User=0.00s Sys=0.00s Real=0.00s
[12.317s][info ][gc,start       ] GC(81) Pause Young (Allocation Failure)
[12.317s][info ][gc,task        ] GC(81) Using 9 workers of 9 for evacuation
[12.317s][debug][gc,age         ] GC(81) Desired survivor size 8945664 bytes, new threshold 6 (max threshold 6)
[12.317s][trace][gc,age         ] GC(81) Age table with threshold 6 (max threshold 6)
[12.317s][trace][gc,age         ] GC(81) - age   1:     400208 bytes,     400208 total
[12.317s][info ][gc,heap        ] GC(81) ParNew: 139885K->398K(157376K)
[12.317s][info ][gc,heap        ] GC(81) CMS: 3663K->3663K(349568K)
[12.317s][info ][gc,metaspace   ] GC(81) Metaspace: 15720K(16256K)->15720K(16256K) NonClass: 14034K(14336K)->14034K(14336K) Class: 1686K(1920K)->1686K(1920K)
[12.317s][info ][gc             ] GC(81) Pause Young (Allocation Failure) 140M->3M(495M) 0.456ms
[12.317s][info ][gc,cpu         ] GC(81) User=0.01s Sys=0.00s Real=0.00s
[12.327s][info ][gc,start       ] GC(82) Pause Young (Allocation Failure)
[12.327s][info ][gc,task        ] GC(82) Using 9 workers of 9 for evacuation
[12.327s][debug][gc,age         ] GC(82) Desired survivor size 8945664 bytes, new threshold 6 (max threshold 6)
[12.327s][trace][gc,age         ] GC(82) Age table with threshold 6 (max threshold 6)
[12.327s][trace][gc,age         ] GC(82) - age   1:        192 bytes,        192 total
[12.327s][info ][gc,heap        ] GC(82) ParNew: 140285K->6K(157376K)
[12.327s][info ][gc,heap        ] GC(82) CMS: 3663K->3663K(349568K)
[12.327s][info ][gc,metaspace   ] GC(82) Metaspace: 15720K(16256K)->15720K(16256K) NonClass: 14034K(14336K)->14034K(14336K) Class: 1686K(1920K)->1686K(1920K)
[12.327s][info ][gc             ] GC(82) Pause Young (Allocation Failure) 140M->3M(495M) 0.448ms
[12.327s][info ][gc,cpu         ] GC(82) User=0.00s Sys=0.00s Real=0.00s
[12.337s][info ][gc,start       ] GC(83) Pause Young (Allocation Failure)
[12.337s][info ][gc,task        ] GC(83) Using 9 workers of 9 for evacuation
[12.337s][debug][gc,age         ] GC(83) Desired survivor size 8945664 bytes, new threshold 6 (max threshold 6)
[12.337s][trace][gc,age         ] GC(83) Age table with threshold 6 (max threshold 6)
[12.337s][trace][gc,age         ] GC(83) - age   1:     400208 bytes,     400208 total
[12.337s][info ][gc,heap        ] GC(83) ParNew: 139893K->396K(157376K)
[12.337s][info ][gc,heap        ] GC(83) CMS: 3663K->3663K(349568K)
[12.337s][info ][gc,metaspace   ] GC(83) Metaspace: 15720K(16256K)->15720K(16256K) NonClass: 14034K(14336K)->14034K(14336K) Class: 1686K(1920K)->1686K(1920K)
[12.337s][info ][gc             ] GC(83) Pause Young (Allocation Failure) 140M->3M(495M) 0.375ms
[12.337s][info ][gc,cpu         ] GC(83) User=0.00s Sys=0.00s Real=0.00s
[12.346s][info ][gc,start       ] GC(84) Pause Young (Allocation Failure)
[12.347s][info ][gc,task        ] GC(84) Using 9 workers of 9 for evacuation
[12.347s][debug][gc,age         ] GC(84) Desired survivor size 8945664 bytes, new threshold 6 (max threshold 6)
[12.347s][trace][gc,age         ] GC(84) Age table with threshold 6 (max threshold 6)
[12.347s][trace][gc,age         ] GC(84) - age   1:        192 bytes,        192 total
[12.347s][info ][gc,heap        ] GC(84) ParNew: 140278K->8K(157376K)
[12.347s][info ][gc,heap        ] GC(84) CMS: 3663K->3663K(349568K)
[12.347s][info ][gc,metaspace   ] GC(84) Metaspace: 15720K(16256K)->15720K(16256K) NonClass: 14034K(14336K)->14034K(14336K) Class: 1686K(1920K)->1686K(1920K)
[12.347s][info ][gc             ] GC(84) Pause Young (Allocation Failure) 140M->3M(495M) 0.418ms
[12.347s][info ][gc,cpu         ] GC(84) User=0.00s Sys=0.00s Real=0.00s
[12.356s][info ][gc,start       ] GC(85) Pause Young (Allocation Failure)
[12.356s][info ][gc,task        ] GC(85) Using 9 workers of 9 for evacuation
[12.357s][debug][gc,age         ] GC(85) Desired survivor size 8945664 bytes, new threshold 6 (max threshold 6)
[12.357s][trace][gc,age         ] GC(85) Age table with threshold 6 (max threshold 6)
[12.357s][trace][gc,age         ] GC(85) - age   1:     400208 bytes,     400208 total
[12.357s][info ][gc,heap        ] GC(85) ParNew: 139888K->394K(157376K)
[12.357s][info ][gc,heap        ] GC(85) CMS: 3663K->3663K(349568K)
[12.357s][info ][gc,metaspace   ] GC(85) Metaspace: 15720K(16256K)->15720K(16256K) NonClass: 14034K(14336K)->14034K(14336K) Class: 1686K(1920K)->1686K(1920K)
[12.357s][info ][gc             ] GC(85) Pause Young (Allocation Failure) 140M->3M(495M) 0.373ms
[12.357s][info ][gc,cpu         ] GC(85) User=0.00s Sys=0.00s Real=0.00s
[12.366s][info ][gc,start       ] GC(86) Pause Young (Allocation Failure)
[12.366s][info ][gc,task        ] GC(86) Using 9 workers of 9 for evacuation
[12.367s][debug][gc,age         ] GC(86) Desired survivor size 8945664 bytes, new threshold 6 (max threshold 6)
[12.367s][trace][gc,age         ] GC(86) Age table with threshold 6 (max threshold 6)
[12.367s][trace][gc,age         ] GC(86) - age   1:        192 bytes,        192 total
[12.367s][info ][gc,heap        ] GC(86) ParNew: 140283K->4K(157376K)
[12.367s][info ][gc,heap        ] GC(86) CMS: 3663K->3663K(349568K)
[12.367s][info ][gc,metaspace   ] GC(86) Metaspace: 15720K(16256K)->15720K(16256K) NonClass: 14034K(14336K)->14034K(14336K) Class: 1686K(1920K)->1686K(1920K)
[12.367s][info ][gc             ] GC(86) Pause Young (Allocation Failure) 140M->3M(495M) 0.438ms
[12.367s][info ][gc,cpu         ] GC(86) User=0.00s Sys=0.00s Real=0.00s
[12.376s][info ][gc,start       ] GC(87) Pause Young (Allocation Failure)
[12.376s][info ][gc,task        ] GC(87) Using 9 workers of 9 for evacuation
[12.377s][debug][gc,age         ] GC(87) Desired survivor size 8945664 bytes, new threshold 6 (max threshold 6)
[12.377s][trace][gc,age         ] GC(87) Age table with threshold 6 (max threshold 6)
[12.377s][trace][gc,age         ] GC(87) - age   1:     400208 bytes,     400208 total
[12.377s][info ][gc,heap        ] GC(87) ParNew: 139889K->394K(157376K)
[12.377s][info ][gc,heap        ] GC(87) CMS: 3663K->3663K(349568K)
[12.377s][info ][gc,metaspace   ] GC(87) Metaspace: 15720K(16256K)->15720K(16256K) NonClass: 14034K(14336K)->14034K(14336K) Class: 1686K(1920K)->1686K(1920K)
[12.377s][info ][gc             ] GC(87) Pause Young (Allocation Failure) 140M->3M(495M) 0.494ms
[12.377s][info ][gc,cpu         ] GC(87) User=0.00s Sys=0.00s Real=0.00s
[12.386s][info ][gc,start       ] GC(88) Pause Young (Allocation Failure)
[12.386s][info ][gc,task        ] GC(88) Using 9 workers of 9 for evacuation
[12.387s][debug][gc,age         ] GC(88) Desired survivor size 8945664 bytes, new threshold 6 (max threshold 6)
[12.387s][trace][gc,age         ] GC(88) Age table with threshold 6 (max threshold 6)
[12.387s][trace][gc,age         ] GC(88) - age   1:        192 bytes,        192 total
[12.387s][info ][gc,heap        ] GC(88) ParNew: 140278K->4K(157376K)
[12.387s][info ][gc,heap        ] GC(88) CMS: 3663K->3663K(349568K)
[12.387s][info ][gc,metaspace   ] GC(88) Metaspace: 15720K(16256K)->15720K(16256K) NonClass: 14034K(14336K)->14034K(14336K) Class: 1686K(1920K)->1686K(1920K)
[12.387s][info ][gc             ] GC(88) Pause Young (Allocation Failure) 140M->3M(495M) 0.408ms
[12.387s][info ][gc,cpu         ] GC(88) User=0.00s Sys=0.00s Real=0.00s
[12.396s][info ][gc,start       ] GC(89) Pause Young (Allocation Failure)
[12.396s][info ][gc,task        ] GC(89) Using 9 workers of 9 for evacuation
[12.396s][debug][gc,age         ] GC(89) Desired survivor size 8945664 bytes, new threshold 6 (max threshold 6)
[12.396s][trace][gc,age         ] GC(89) Age table with threshold 6 (max threshold 6)
[12.396s][trace][gc,age         ] GC(89) - age   1:     400208 bytes,     400208 total
[12.396s][info ][gc,heap        ] GC(89) ParNew: 139884K->394K(157376K)
[12.396s][info ][gc,heap        ] GC(89) CMS: 3663K->3663K(349568K)
[12.396s][info ][gc,metaspace   ] GC(89) Metaspace: 15720K(16256K)->15720K(16256K) NonClass: 14034K(14336K)->14034K(14336K) Class: 1686K(1920K)->1686K(1920K)
[12.396s][info ][gc             ] GC(89) Pause Young (Allocation Failure) 140M->3M(495M) 0.365ms
[12.396s][info ][gc,cpu         ] GC(89) User=0.00s Sys=0.00s Real=0.00s
[12.406s][info ][gc,start       ] GC(90) Pause Young (Allocation Failure)
[12.406s][info ][gc,task        ] GC(90) Using 9 workers of 9 for evacuation
[12.406s][debug][gc,age         ] GC(90) Desired survivor size 8945664 bytes, new threshold 6 (max threshold 6)
[12.406s][trace][gc,age         ] GC(90) Age table with threshold 6 (max threshold 6)
[12.406s][trace][gc,age         ] GC(90) - age   1:        192 bytes,        192 total
[12.406s][info ][gc,heap        ] GC(90) ParNew: 140275K->6K(157376K)
[12.406s][info ][gc,heap        ] GC(90) CMS: 3663K->3663K(349568K)
[12.406s][info ][gc,metaspace   ] GC(90) Metaspace: 15720K(16256K)->15720K(16256K) NonClass: 14034K(14336K)->14034K(14336K) Class: 1686K(1920K)->1686K(1920K)
[12.406s][info ][gc             ] GC(90) Pause Young (Allocation Failure) 140M->3M(495M) 0.432ms
[12.406s][info ][gc,cpu         ] GC(90) User=0.01s Sys=0.00s Real=0.00s
[12.416s][info ][gc,start       ] GC(91) Pause Young (Allocation Failure)
[12.416s][info ][gc,task        ] GC(91) Using 9 workers of 9 for evacuation
[12.416s][debug][gc,age         ] GC(91) Desired survivor size 8945664 bytes, new threshold 6 (max threshold 6)
[12.416s][trace][gc,age         ] GC(91) Age table with threshold 6 (max threshold 6)
[12.416s][trace][gc,age         ] GC(91) - age   1:     400208 bytes,     400208 total
[12.416s][info ][gc,heap        ] GC(91) ParNew: 139886K->398K(157376K)
[12.416s][info ][gc,heap        ] GC(91) CMS: 3663K->3663K(349568K)
[12.416s][info ][gc,metaspace   ] GC(91) Metaspace: 15720K(16256K)->15720K(16256K) NonClass: 14034K(14336K)->14034K(14336K) Class: 1686K(1920K)->1686K(1920K)
[12.416s][info ][gc             ] GC(91) Pause Young (Allocation Failure) 140M->3M(495M) 0.400ms
[12.416s][info ][gc,cpu         ] GC(91) User=0.01s Sys=0.00s Real=0.00s
[12.426s][info ][gc,start       ] GC(92) Pause Young (Allocation Failure)
[12.426s][info ][gc,task        ] GC(92) Using 9 workers of 9 for evacuation
[12.426s][debug][gc,age         ] GC(92) Desired survivor size 8945664 bytes, new threshold 6 (max threshold 6)
[12.426s][trace][gc,age         ] GC(92) Age table with threshold 6 (max threshold 6)
[12.426s][trace][gc,age         ] GC(92) - age   1:        192 bytes,        192 total
[12.426s][info ][gc,heap        ] GC(92) ParNew: 140282K->8K(157376K)
[12.426s][info ][gc,heap        ] GC(92) CMS: 3663K->3663K(349568K)
[12.426s][info ][gc,metaspace   ] GC(92) Metaspace: 15720K(16256K)->15720K(16256K) NonClass: 14034K(14336K)->14034K(14336K) Class: 1686K(1920K)->1686K(1920K)
[12.426s][info ][gc             ] GC(92) Pause Young (Allocation Failure) 140M->3M(495M) 0.398ms
[12.426s][info ][gc,cpu         ] GC(92) User=0.00s Sys=0.00s Real=0.00s
[12.436s][info ][gc,start       ] GC(93) Pause Young (Allocation Failure)
[12.436s][info ][gc,task        ] GC(93) Using 9 workers of 9 for evacuation
[12.436s][debug][gc,age         ] GC(93) Desired survivor size 8945664 bytes, new threshold 6 (max threshold 6)
[12.436s][trace][gc,age         ] GC(93) Age table with threshold 6 (max threshold 6)
[12.436s][trace][gc,age         ] GC(93) - age   1:     400208 bytes,     400208 total
[12.436s][info ][gc,heap        ] GC(93) ParNew: 139887K->394K(157376K)
[12.436s][info ][gc,heap        ] GC(93) CMS: 3663K->3663K(349568K)
[12.436s][info ][gc,metaspace   ] GC(93) Metaspace: 15720K(16256K)->15720K(16256K) NonClass: 14034K(14336K)->14034K(14336K) Class: 1686K(1920K)->1686K(1920K)
[12.436s][info ][gc             ] GC(93) Pause Young (Allocation Failure) 140M->3M(495M) 0.417ms
[12.436s][info ][gc,cpu         ] GC(93) User=0.00s Sys=0.00s Real=0.00s
[12.445s][info ][gc,start       ] GC(94) Pause Young (Allocation Failure)
[12.446s][info ][gc,task        ] GC(94) Using 9 workers of 9 for evacuation
[12.446s][debug][gc,age         ] GC(94) Desired survivor size 8945664 bytes, new threshold 6 (max threshold 6)
[12.446s][trace][gc,age         ] GC(94) Age table with threshold 6 (max threshold 6)
[12.446s][trace][gc,age         ] GC(94) - age   1:        192 bytes,        192 total
[12.446s][info ][gc,heap        ] GC(94) ParNew: 140275K->6K(157376K)
[12.446s][info ][gc,heap        ] GC(94) CMS: 3663K->3663K(349568K)
[12.446s][info ][gc,metaspace   ] GC(94) Metaspace: 15720K(16256K)->15720K(16256K) NonClass: 14034K(14336K)->14034K(14336K) Class: 1686K(1920K)->1686K(1920K)
[12.446s][info ][gc             ] GC(94) Pause Young (Allocation Failure) 140M->3M(495M) 0.396ms
[12.446s][info ][gc,cpu         ] GC(94) User=0.00s Sys=0.00s Real=0.00s
[12.455s][info ][gc,start       ] GC(95) Pause Young (Allocation Failure)
[12.455s][info ][gc,task        ] GC(95) Using 9 workers of 9 for evacuation
[12.456s][debug][gc,age         ] GC(95) Desired survivor size 8945664 bytes, new threshold 6 (max threshold 6)
[12.456s][trace][gc,age         ] GC(95) Age table with threshold 6 (max threshold 6)
[12.456s][trace][gc,age         ] GC(95) - age   1:     400208 bytes,     400208 total
[12.456s][info ][gc,heap        ] GC(95) ParNew: 139886K->398K(157376K)
[12.456s][info ][gc,heap        ] GC(95) CMS: 3663K->3663K(349568K)
[12.456s][info ][gc,metaspace   ] GC(95) Metaspace: 15720K(16256K)->15720K(16256K) NonClass: 14034K(14336K)->14034K(14336K) Class: 1686K(1920K)->1686K(1920K)
[12.456s][info ][gc             ] GC(95) Pause Young (Allocation Failure) 140M->3M(495M) 0.338ms
[12.456s][info ][gc,cpu         ] GC(95) User=0.00s Sys=0.00s Real=0.00s
[12.465s][info ][gc,start       ] GC(96) Pause Young (Allocation Failure)
[12.465s][info ][gc,task        ] GC(96) Using 9 workers of 9 for evacuation
[12.466s][debug][gc,age         ] GC(96) Desired survivor size 8945664 bytes, new threshold 6 (max threshold 6)
[12.466s][trace][gc,age         ] GC(96) Age table with threshold 6 (max threshold 6)
[12.466s][trace][gc,age         ] GC(96) - age   1:        192 bytes,        192 total
[12.466s][info ][gc,heap        ] GC(96) ParNew: 140287K->6K(157376K)
[12.466s][info ][gc,heap        ] GC(96) CMS: 3663K->3663K(349568K)
[12.466s][info ][gc,metaspace   ] GC(96) Metaspace: 15720K(16256K)->15720K(16256K) NonClass: 14034K(14336K)->14034K(14336K) Class: 1686K(1920K)->1686K(1920K)
[12.466s][info ][gc             ] GC(96) Pause Young (Allocation Failure) 140M->3M(495M) 0.397ms
[12.466s][info ][gc,cpu         ] GC(96) User=0.00s Sys=0.00s Real=0.00s
[12.475s][info ][gc,start       ] GC(97) Pause Young (Allocation Failure)
[12.475s][info ][gc,task        ] GC(97) Using 9 workers of 9 for evacuation
[12.475s][debug][gc,age         ] GC(97) Desired survivor size 8945664 bytes, new threshold 6 (max threshold 6)
[12.475s][trace][gc,age         ] GC(97) Age table with threshold 6 (max threshold 6)
[12.475s][trace][gc,age         ] GC(97) - age   1:     400208 bytes,     400208 total
[12.475s][info ][gc,heap        ] GC(97) ParNew: 139894K->396K(157376K)
[12.475s][info ][gc,heap        ] GC(97) CMS: 3663K->3663K(349568K)
[12.476s][info ][gc,metaspace   ] GC(97) Metaspace: 15720K(16256K)->15720K(16256K) NonClass: 14034K(14336K)->14034K(14336K) Class: 1686K(1920K)->1686K(1920K)
[12.476s][info ][gc             ] GC(97) Pause Young (Allocation Failure) 140M->3M(495M) 0.388ms
[12.476s][info ][gc,cpu         ] GC(97) User=0.00s Sys=0.00s Real=0.00s
[12.485s][info ][gc,start       ] GC(98) Pause Young (Allocation Failure)
[12.485s][info ][gc,task        ] GC(98) Using 9 workers of 9 for evacuation
[12.485s][debug][gc,age         ] GC(98) Desired survivor size 8945664 bytes, new threshold 6 (max threshold 6)
[12.485s][trace][gc,age         ] GC(98) Age table with threshold 6 (max threshold 6)
[12.485s][trace][gc,age         ] GC(98) - age   1:        192 bytes,        192 total
[12.485s][info ][gc,heap        ] GC(98) ParNew: 140278K->8K(157376K)
[12.485s][info ][gc,heap        ] GC(98) CMS: 3663K->3663K(349568K)
[12.485s][info ][gc,metaspace   ] GC(98) Metaspace: 15720K(16256K)->15720K(16256K) NonClass: 14034K(14336K)->14034K(14336K) Class: 1686K(1920K)->1686K(1920K)
[12.485s][info ][gc             ] GC(98) Pause Young (Allocation Failure) 140M->3M(495M) 0.468ms
[12.485s][info ][gc,cpu         ] GC(98) User=0.00s Sys=0.00s Real=0.00s
[12.495s][info ][gc,start       ] GC(99) Pause Young (Allocation Failure)
[12.495s][info ][gc,task        ] GC(99) Using 9 workers of 9 for evacuation
[12.495s][debug][gc,age         ] GC(99) Desired survivor size 8945664 bytes, new threshold 6 (max threshold 6)
[12.495s][trace][gc,age         ] GC(99) Age table with threshold 6 (max threshold 6)
[12.495s][trace][gc,age         ] GC(99) - age   1:     400208 bytes,     400208 total
[12.495s][info ][gc,heap        ] GC(99) ParNew: 139888K->394K(157376K)
[12.495s][info ][gc,heap        ] GC(99) CMS: 3663K->3663K(349568K)
[12.495s][info ][gc,metaspace   ] GC(99) Metaspace: 15720K(16256K)->15720K(16256K) NonClass: 14034K(14336K)->14034K(14336K) Class: 1686K(1920K)->1686K(1920K)
[12.495s][info ][gc             ] GC(99) Pause Young (Allocation Failure) 140M->3M(495M) 0.404ms
[12.495s][info ][gc,cpu         ] GC(99) User=0.00s Sys=0.00s Real=0.00s
[12.505s][info ][gc,start       ] GC(100) Pause Young (Allocation Failure)
[12.505s][info ][gc,task        ] GC(100) Using 9 workers of 9 for evacuation
[12.505s][debug][gc,age         ] GC(100) Desired survivor size 8945664 bytes, new threshold 6 (max threshold 6)
[12.505s][trace][gc,age         ] GC(100) Age table with threshold 6 (max threshold 6)
[12.505s][trace][gc,age         ] GC(100) - age   1:        192 bytes,        192 total
[12.505s][info ][gc,heap        ] GC(100) ParNew: 140275K->8K(157376K)
[12.505s][info ][gc,heap        ] GC(100) CMS: 3663K->3663K(349568K)
[12.505s][info ][gc,metaspace   ] GC(100) Metaspace: 15720K(16256K)->15720K(16256K) NonClass: 14034K(14336K)->14034K(14336K) Class: 1686K(1920K)->1686K(1920K)
[12.505s][info ][gc             ] GC(100) Pause Young (Allocation Failure) 140M->3M(495M) 0.453ms
[12.505s][info ][gc,cpu         ] GC(100) User=0.01s Sys=0.00s Real=0.00s
[12.515s][info ][gc,start       ] GC(101) Pause Young (Allocation Failure)
[12.515s][info ][gc,task        ] GC(101) Using 9 workers of 9 for evacuation
[12.515s][debug][gc,age         ] GC(101) Desired survivor size 8945664 bytes, new threshold 6 (max threshold 6)
[12.515s][trace][gc,age         ] GC(101) Age table with threshold 6 (max threshold 6)
[12.515s][trace][gc,age         ] GC(101) - age   1:     400208 bytes,     400208 total
[12.515s][info ][gc,heap        ] GC(101) ParNew: 139893K->394K(157376K)
[12.515s][info ][gc,heap        ] GC(101) CMS: 3663K->3663K(349568K)
[12.515s][info ][gc,metaspace   ] GC(101) Metaspace: 15720K(16256K)->15720K(16256K) NonClass: 14034K(14336K)->14034K(14336K) Class: 1686K(1920K)->1686K(1920K)
[12.515s][info ][gc             ] GC(101) Pause Young (Allocation Failure) 140M->3M(495M) 0.447ms
[12.515s][info ][gc,cpu         ] GC(101) User=0.00s Sys=0.00s Real=0.00s
[12.525s][info ][gc,start       ] GC(102) Pause Young (Allocation Failure)
[12.525s][info ][gc,task        ] GC(102) Using 9 workers of 9 for evacuation
[12.525s][debug][gc,age         ] GC(102) Desired survivor size 8945664 bytes, new threshold 6 (max threshold 6)
[12.525s][trace][gc,age         ] GC(102) Age table with threshold 6 (max threshold 6)
[12.525s][trace][gc,age         ] GC(102) - age   1:        192 bytes,        192 total
[12.525s][info ][gc,heap        ] GC(102) ParNew: 140278K->6K(157376K)
[12.525s][info ][gc,heap        ] GC(102) CMS: 3663K->3663K(349568K)
[12.525s][info ][gc,metaspace   ] GC(102) Metaspace: 15720K(16256K)->15720K(16256K) NonClass: 14034K(14336K)->14034K(14336K) Class: 1686K(1920K)->1686K(1920K)
[12.525s][info ][gc             ] GC(102) Pause Young (Allocation Failure) 140M->3M(495M) 0.333ms
[12.525s][info ][gc,cpu         ] GC(102) User=0.00s Sys=0.00s Real=0.00s
[12.535s][info ][gc,start       ] GC(103) Pause Young (Allocation Failure)
[12.535s][info ][gc,task        ] GC(103) Using 9 workers of 9 for evacuation
[12.535s][debug][gc,age         ] GC(103) Desired survivor size 8945664 bytes, new threshold 6 (max threshold 6)
[12.535s][trace][gc,age         ] GC(103) Age table with threshold 6 (max threshold 6)
[12.535s][trace][gc,age         ] GC(103) - age   1:     400208 bytes,     400208 total
[12.535s][info ][gc,heap        ] GC(103) ParNew: 139897K->398K(157376K)
[12.535s][info ][gc,heap        ] GC(103) CMS: 3663K->3663K(349568K)
[12.535s][info ][gc,metaspace   ] GC(103) Metaspace: 15720K(16256K)->15720K(16256K) NonClass: 14034K(14336K)->14034K(14336K) Class: 1686K(1920K)->1686K(1920K)
[12.535s][info ][gc             ] GC(103) Pause Young (Allocation Failure) 140M->3M(495M) 0.480ms
[12.535s][info ][gc,cpu         ] GC(103) User=0.00s Sys=0.00s Real=0.00s
[12.545s][info ][gc,start       ] GC(104) Pause Young (Allocation Failure)
[12.545s][info ][gc,task        ] GC(104) Using 9 workers of 9 for evacuation
[12.545s][debug][gc,age         ] GC(104) Desired survivor size 8945664 bytes, new threshold 6 (max threshold 6)
[12.545s][trace][gc,age         ] GC(104) Age table with threshold 6 (max threshold 6)
[12.545s][trace][gc,age         ] GC(104) - age   1:        192 bytes,        192 total
[12.545s][info ][gc,heap        ] GC(104) ParNew: 140283K->6K(157376K)
[12.545s][info ][gc,heap        ] GC(104) CMS: 3663K->3663K(349568K)
[12.545s][info ][gc,metaspace   ] GC(104) Metaspace: 15720K(16256K)->15720K(16256K) NonClass: 14034K(14336K)->14034K(14336K) Class: 1686K(1920K)->1686K(1920K)
[12.545s][info ][gc             ] GC(104) Pause Young (Allocation Failure) 140M->3M(495M) 0.463ms
[12.545s][info ][gc,cpu         ] GC(104) User=0.00s Sys=0.00s Real=0.00s
[12.555s][info ][gc,start       ] GC(105) Pause Young (Allocation Failure)
[12.555s][info ][gc,task        ] GC(105) Using 9 workers of 9 for evacuation
[12.555s][debug][gc,age         ] GC(105) Desired survivor size 8945664 bytes, new threshold 6 (max threshold 6)
[12.555s][trace][gc,age         ] GC(105) Age table with threshold 6 (max threshold 6)
[12.555s][trace][gc,age         ] GC(105) - age   1:     400208 bytes,     400208 total
[12.555s][info ][gc,heap        ] GC(105) ParNew: 139890K->396K(157376K)
[12.555s][info ][gc,heap        ] GC(105) CMS: 3663K->3663K(349568K)
[12.555s][info ][gc,metaspace   ] GC(105) Metaspace: 15720K(16256K)->15720K(16256K) NonClass: 14034K(14336K)->14034K(14336K) Class: 1686K(1920K)->1686K(1920K)
[12.555s][info ][gc             ] GC(105) Pause Young (Allocation Failure) 140M->3M(495M) 0.407ms
[12.555s][info ][gc,cpu         ] GC(105) User=0.00s Sys=0.00s Real=0.00s
[12.565s][info ][gc,start       ] GC(106) Pause Young (Allocation Failure)
[12.565s][info ][gc,task        ] GC(106) Using 9 workers of 9 for evacuation
[12.565s][debug][gc,age         ] GC(106) Desired survivor size 8945664 bytes, new threshold 6 (max threshold 6)
[12.565s][trace][gc,age         ] GC(106) Age table with threshold 6 (max threshold 6)
[12.565s][trace][gc,age         ] GC(106) - age   1:        192 bytes,        192 total
[12.565s][info ][gc,heap        ] GC(106) ParNew: 140291K->8K(157376K)
[12.565s][info ][gc,heap        ] GC(106) CMS: 3663K->3663K(349568K)
[12.565s][info ][gc,metaspace   ] GC(106) Metaspace: 15720K(16256K)->15720K(16256K) NonClass: 14034K(14336K)->14034K(14336K) Class: 1686K(1920K)->1686K(1920K)
[12.565s][info ][gc             ] GC(106) Pause Young (Allocation Failure) 140M->3M(495M) 0.381ms
[12.565s][info ][gc,cpu         ] GC(106) User=0.00s Sys=0.00s Real=0.00s
[12.574s][info ][gc,start       ] GC(107) Pause Young (Allocation Failure)
[12.574s][info ][gc,task        ] GC(107) Using 9 workers of 9 for evacuation
[12.575s][debug][gc,age         ] GC(107) Desired survivor size 8945664 bytes, new threshold 6 (max threshold 6)
[12.575s][trace][gc,age         ] GC(107) Age table with threshold 6 (max threshold 6)
[12.575s][trace][gc,age         ] GC(107) - age   1:     400208 bytes,     400208 total
[12.575s][info ][gc,heap        ] GC(107) ParNew: 139895K->398K(157376K)
[12.575s][info ][gc,heap        ] GC(107) CMS: 3663K->3663K(349568K)
[12.575s][info ][gc,metaspace   ] GC(107) Metaspace: 15720K(16256K)->15720K(16256K) NonClass: 14034K(14336K)->14034K(14336K) Class: 1686K(1920K)->1686K(1920K)
[12.575s][info ][gc             ] GC(107) Pause Young (Allocation Failure) 140M->3M(495M) 0.443ms
[12.575s][info ][gc,cpu         ] GC(107) User=0.00s Sys=0.00s Real=0.00s
[12.585s][info ][gc,start       ] GC(108) Pause Young (Allocation Failure)
[12.585s][info ][gc,task        ] GC(108) Using 9 workers of 9 for evacuation
[12.585s][debug][gc,age         ] GC(108) Desired survivor size 8945664 bytes, new threshold 6 (max threshold 6)
[12.585s][trace][gc,age         ] GC(108) Age table with threshold 6 (max threshold 6)
[12.585s][trace][gc,age         ] GC(108) - age   1:        192 bytes,        192 total
[12.585s][info ][gc,heap        ] GC(108) ParNew: 140279K->6K(157376K)
[12.585s][info ][gc,heap        ] GC(108) CMS: 3663K->3663K(349568K)
[12.585s][info ][gc,metaspace   ] GC(108) Metaspace: 15720K(16256K)->15720K(16256K) NonClass: 14034K(14336K)->14034K(14336K) Class: 1686K(1920K)->1686K(1920K)
[12.585s][info ][gc             ] GC(108) Pause Young (Allocation Failure) 140M->3M(495M) 0.474ms
[12.585s][info ][gc,cpu         ] GC(108) User=0.01s Sys=0.00s Real=0.00s
[12.595s][info ][gc,start       ] GC(109) Pause Young (Allocation Failure)
[12.595s][info ][gc,task        ] GC(109) Using 9 workers of 9 for evacuation
[12.595s][debug][gc,age         ] GC(109) Desired survivor size 8945664 bytes, new threshold 6 (max threshold 6)
[12.595s][trace][gc,age         ] GC(109) Age table with threshold 6 (max threshold 6)
[12.595s][trace][gc,age         ] GC(109) - age   1:     400208 bytes,     400208 total
[12.595s][info ][gc,heap        ] GC(109) ParNew: 139886K->396K(157376K)
[12.595s][info ][gc,heap        ] GC(109) CMS: 3663K->3663K(349568K)
[12.595s][info ][gc,metaspace   ] GC(109) Metaspace: 15720K(16256K)->15720K(16256K) NonClass: 14034K(14336K)->14034K(14336K) Class: 1686K(1920K)->1686K(1920K)
[12.595s][info ][gc             ] GC(109) Pause Young (Allocation Failure) 140M->3M(495M) 0.421ms
[12.595s][info ][gc,cpu         ] GC(109) User=0.01s Sys=0.00s Real=0.00s
[12.605s][info ][gc,start       ] GC(110) Pause Young (Allocation Failure)
[12.605s][info ][gc,task        ] GC(110) Using 9 workers of 9 for evacuation
[12.605s][debug][gc,age         ] GC(110) Desired survivor size 8945664 bytes, new threshold 6 (max threshold 6)
[12.605s][trace][gc,age         ] GC(110) Age table with threshold 6 (max threshold 6)
[12.605s][trace][gc,age         ] GC(110) - age   1:        192 bytes,        192 total
[12.605s][info ][gc,heap        ] GC(110) ParNew: 140290K->6K(157376K)
[12.605s][info ][gc,heap        ] GC(110) CMS: 3663K->3663K(349568K)
[12.605s][info ][gc,metaspace   ] GC(110) Metaspace: 15720K(16256K)->15720K(16256K) NonClass: 14034K(14336K)->14034K(14336K) Class: 1686K(1920K)->1686K(1920K)
[12.605s][info ][gc             ] GC(110) Pause Young (Allocation Failure) 140M->3M(495M) 0.366ms
[12.605s][info ][gc,cpu         ] GC(110) User=0.00s Sys=0.00s Real=0.00s
[12.615s][info ][gc,start       ] GC(111) Pause Young (Allocation Failure)
[12.615s][info ][gc,task        ] GC(111) Using 9 workers of 9 for evacuation
[12.615s][debug][gc,age         ] GC(111) Desired survivor size 8945664 bytes, new threshold 6 (max threshold 6)
[12.615s][trace][gc,age         ] GC(111) Age table with threshold 6 (max threshold 6)
[12.615s][trace][gc,age         ] GC(111) - age   1:     400208 bytes,     400208 total
[12.615s][info ][gc,heap        ] GC(111) ParNew: 139891K->396K(157376K)
[12.615s][info ][gc,heap        ] GC(111) CMS: 3663K->3663K(349568K)
[12.615s][info ][gc,metaspace   ] GC(111) Metaspace: 15720K(16256K)->15720K(16256K) NonClass: 14034K(14336K)->14034K(14336K) Class: 1686K(1920K)->1686K(1920K)
[12.615s][info ][gc             ] GC(111) Pause Young (Allocation Failure) 140M->3M(495M) 0.446ms
[12.615s][info ][gc,cpu         ] GC(111) User=0.00s Sys=0.00s Real=0.00s
[12.624s][info ][gc,start       ] GC(112) Pause Young (Allocation Failure)
[12.624s][info ][gc,task        ] GC(112) Using 9 workers of 9 for evacuation
[12.625s][debug][gc,age         ] GC(112) Desired survivor size 8945664 bytes, new threshold 6 (max threshold 6)
[12.625s][trace][gc,age         ] GC(112) Age table with threshold 6 (max threshold 6)
[12.625s][trace][gc,age         ] GC(112) - age   1:        192 bytes,        192 total
[12.625s][info ][gc,heap        ] GC(112) ParNew: 140270K->4K(157376K)
[12.625s][info ][gc,heap        ] GC(112) CMS: 3663K->3663K(349568K)
[12.625s][info ][gc,metaspace   ] GC(112) Metaspace: 15720K(16256K)->15720K(16256K) NonClass: 14034K(14336K)->14034K(14336K) Class: 1686K(1920K)->1686K(1920K)
[12.625s][info ][gc             ] GC(112) Pause Young (Allocation Failure) 140M->3M(495M) 0.353ms
[12.625s][info ][gc,cpu         ] GC(112) User=0.00s Sys=0.00s Real=0.00s
[12.634s][info ][gc,start       ] GC(113) Pause Young (Allocation Failure)
[12.634s][info ][gc,task        ] GC(113) Using 9 workers of 9 for evacuation
[12.635s][debug][gc,age         ] GC(113) Desired survivor size 8945664 bytes, new threshold 6 (max threshold 6)
[12.635s][trace][gc,age         ] GC(113) Age table with threshold 6 (max threshold 6)
[12.635s][trace][gc,age         ] GC(113) - age   1:     400208 bytes,     400208 total
[12.635s][info ][gc,heap        ] GC(113) ParNew: 139885K->396K(157376K)
[12.635s][info ][gc,heap        ] GC(113) CMS: 3663K->3663K(349568K)
[12.635s][info ][gc,metaspace   ] GC(113) Metaspace: 15720K(16256K)->15720K(16256K) NonClass: 14034K(14336K)->14034K(14336K) Class: 1686K(1920K)->1686K(1920K)
[12.635s][info ][gc             ] GC(113) Pause Young (Allocation Failure) 140M->3M(495M) 0.423ms
[12.635s][info ][gc,cpu         ] GC(113) User=0.00s Sys=0.00s Real=0.00s
[12.644s][info ][gc,start       ] GC(114) Pause Young (Allocation Failure)
[12.644s][info ][gc,task        ] GC(114) Using 9 workers of 9 for evacuation
[12.645s][debug][gc,age         ] GC(114) Desired survivor size 8945664 bytes, new threshold 6 (max threshold 6)
[12.645s][trace][gc,age         ] GC(114) Age table with threshold 6 (max threshold 6)
[12.645s][trace][gc,age         ] GC(114) - age   1:        192 bytes,        192 total
[12.645s][info ][gc,heap        ] GC(114) ParNew: 140280K->6K(157376K)
[12.645s][info ][gc,heap        ] GC(114) CMS: 3663K->3663K(349568K)
[12.645s][info ][gc,metaspace   ] GC(114) Metaspace: 15720K(16256K)->15720K(16256K) NonClass: 14034K(14336K)->14034K(14336K) Class: 1686K(1920K)->1686K(1920K)
[12.645s][info ][gc             ] GC(114) Pause Young (Allocation Failure) 140M->3M(495M) 0.410ms
[12.645s][info ][gc,cpu         ] GC(114) User=0.00s Sys=0.00s Real=0.00s
[12.654s][info ][gc,start       ] GC(115) Pause Young (Allocation Failure)
[12.654s][info ][gc,task        ] GC(115) Using 9 workers of 9 for evacuation
[12.655s][debug][gc,age         ] GC(115) Desired survivor size 8945664 bytes, new threshold 6 (max threshold 6)
[12.655s][trace][gc,age         ] GC(115) Age table with threshold 6 (max threshold 6)
[12.655s][trace][gc,age         ] GC(115) - age   1:     400208 bytes,     400208 total
[12.655s][info ][gc,heap        ] GC(115) ParNew: 139892K->396K(157376K)
[12.655s][info ][gc,heap        ] GC(115) CMS: 3663K->3663K(349568K)
[12.655s][info ][gc,metaspace   ] GC(115) Metaspace: 15720K(16256K)->15720K(16256K) NonClass: 14034K(14336K)->14034K(14336K) Class: 1686K(1920K)->1686K(1920K)
[12.655s][info ][gc             ] GC(115) Pause Young (Allocation Failure) 140M->3M(495M) 0.424ms
[12.655s][info ][gc,cpu         ] GC(115) User=0.00s Sys=0.00s Real=0.00s
[12.664s][info ][gc,start       ] GC(116) Pause Young (Allocation Failure)
[12.664s][info ][gc,task        ] GC(116) Using 9 workers of 9 for evacuation
[12.664s][debug][gc,age         ] GC(116) Desired survivor size 8945664 bytes, new threshold 6 (max threshold 6)
[12.664s][trace][gc,age         ] GC(116) Age table with threshold 6 (max threshold 6)
[12.664s][trace][gc,age         ] GC(116) - age   1:        192 bytes,        192 total
[12.664s][info ][gc,heap        ] GC(116) ParNew: 140281K->6K(157376K)
[12.664s][info ][gc,heap        ] GC(116) CMS: 3663K->3663K(349568K)
[12.664s][info ][gc,metaspace   ] GC(116) Metaspace: 15720K(16256K)->15720K(16256K) NonClass: 14034K(14336K)->14034K(14336K) Class: 1686K(1920K)->1686K(1920K)
[12.664s][info ][gc             ] GC(116) Pause Young (Allocation Failure) 140M->3M(495M) 0.404ms
[12.664s][info ][gc,cpu         ] GC(116) User=0.00s Sys=0.00s Real=0.00s
[12.674s][info ][gc,start       ] GC(117) Pause Young (Allocation Failure)
[12.674s][info ][gc,task        ] GC(117) Using 9 workers of 9 for evacuation
[12.674s][debug][gc,age         ] GC(117) Desired survivor size 8945664 bytes, new threshold 6 (max threshold 6)
[12.674s][trace][gc,age         ] GC(117) Age table with threshold 6 (max threshold 6)
[12.674s][trace][gc,age         ] GC(117) - age   1:     400208 bytes,     400208 total
[12.674s][info ][gc,heap        ] GC(117) ParNew: 139891K->398K(157376K)
[12.674s][info ][gc,heap        ] GC(117) CMS: 3663K->3663K(349568K)
[12.674s][info ][gc,metaspace   ] GC(117) Metaspace: 15720K(16256K)->15720K(16256K) NonClass: 14034K(14336K)->14034K(14336K) Class: 1686K(1920K)->1686K(1920K)
[12.674s][info ][gc             ] GC(117) Pause Young (Allocation Failure) 140M->3M(495M) 0.394ms
[12.674s][info ][gc,cpu         ] GC(117) User=0.00s Sys=0.01s Real=0.00s
[12.684s][info ][gc,start       ] GC(118) Pause Young (Allocation Failure)
[12.684s][info ][gc,task        ] GC(118) Using 9 workers of 9 for evacuation
[12.684s][debug][gc,age         ] GC(118) Desired survivor size 8945664 bytes, new threshold 6 (max threshold 6)
[12.684s][trace][gc,age         ] GC(118) Age table with threshold 6 (max threshold 6)
[12.684s][trace][gc,age         ] GC(118) - age   1:        192 bytes,        192 total
[12.685s][info ][gc,heap        ] GC(118) ParNew: 140281K->6K(157376K)
[12.685s][info ][gc,heap        ] GC(118) CMS: 3663K->3663K(349568K)
[12.685s][info ][gc,metaspace   ] GC(118) Metaspace: 15720K(16256K)->15720K(16256K) NonClass: 14034K(14336K)->14034K(14336K) Class: 1686K(1920K)->1686K(1920K)
[12.685s][info ][gc             ] GC(118) Pause Young (Allocation Failure) 140M->3M(495M) 0.432ms
[12.685s][info ][gc,cpu         ] GC(118) User=0.01s Sys=0.00s Real=0.00s
[12.694s][info ][gc,start       ] GC(119) Pause Young (Allocation Failure)
[12.694s][info ][gc,task        ] GC(119) Using 9 workers of 9 for evacuation
[12.694s][debug][gc,age         ] GC(119) Desired survivor size 8945664 bytes, new threshold 6 (max threshold 6)
[12.694s][trace][gc,age         ] GC(119) Age table with threshold 6 (max threshold 6)
[12.694s][trace][gc,age         ] GC(119) - age   1:     400208 bytes,     400208 total
[12.694s][info ][gc,heap        ] GC(119) ParNew: 139882K->394K(157376K)
[12.694s][info ][gc,heap        ] GC(119) CMS: 3663K->3663K(349568K)
[12.694s][info ][gc,metaspace   ] GC(119) Metaspace: 15720K(16256K)->15720K(16256K) NonClass: 14034K(14336K)->14034K(14336K) Class: 1686K(1920K)->1686K(1920K)
[12.694s][info ][gc             ] GC(119) Pause Young (Allocation Failure) 140M->3M(495M) 0.397ms
[12.694s][info ][gc,cpu         ] GC(119) User=0.01s Sys=0.00s Real=0.00s
[12.704s][info ][gc,start       ] GC(120) Pause Young (Allocation Failure)
[12.704s][info ][gc,task        ] GC(120) Using 9 workers of 9 for evacuation
[12.704s][debug][gc,age         ] GC(120) Desired survivor size 8945664 bytes, new threshold 6 (max threshold 6)
[12.704s][trace][gc,age         ] GC(120) Age table with threshold 6 (max threshold 6)
[12.704s][trace][gc,age         ] GC(120) - age   1:        192 bytes,        192 total
[12.704s][info ][gc,heap        ] GC(120) ParNew: 140273K->6K(157376K)
[12.704s][info ][gc,heap        ] GC(120) CMS: 3663K->3663K(349568K)
[12.704s][info ][gc,metaspace   ] GC(120) Metaspace: 15720K(16256K)->15720K(16256K) NonClass: 14034K(14336K)->14034K(14336K) Class: 1686K(1920K)->1686K(1920K)
[12.704s][info ][gc             ] GC(120) Pause Young (Allocation Failure) 140M->3M(495M) 0.423ms
[12.704s][info ][gc,cpu         ] GC(120) User=0.00s Sys=0.00s Real=0.00s
[12.714s][info ][gc,start       ] GC(121) Pause Young (Allocation Failure)
[12.714s][info ][gc,task        ] GC(121) Using 9 workers of 9 for evacuation
[12.714s][debug][gc,age         ] GC(121) Desired survivor size 8945664 bytes, new threshold 6 (max threshold 6)
[12.714s][trace][gc,age         ] GC(121) Age table with threshold 6 (max threshold 6)
[12.714s][trace][gc,age         ] GC(121) - age   1:     400208 bytes,     400208 total
[12.714s][info ][gc,heap        ] GC(121) ParNew: 139890K->396K(157376K)
[12.714s][info ][gc,heap        ] GC(121) CMS: 3663K->3663K(349568K)
[12.714s][info ][gc,metaspace   ] GC(121) Metaspace: 15720K(16256K)->15720K(16256K) NonClass: 14034K(14336K)->14034K(14336K) Class: 1686K(1920K)->1686K(1920K)
[12.714s][info ][gc             ] GC(121) Pause Young (Allocation Failure) 140M->3M(495M) 0.429ms
[12.714s][info ][gc,cpu         ] GC(121) User=0.00s Sys=0.00s Real=0.00s
[12.724s][info ][gc,start       ] GC(122) Pause Young (Allocation Failure)
[12.724s][info ][gc,task        ] GC(122) Using 9 workers of 9 for evacuation
[12.724s][debug][gc,age         ] GC(122) Desired survivor size 8945664 bytes, new threshold 6 (max threshold 6)
[12.724s][trace][gc,age         ] GC(122) Age table with threshold 6 (max threshold 6)
[12.724s][trace][gc,age         ] GC(122) - age   1:        192 bytes,        192 total
[12.724s][info ][gc,heap        ] GC(122) ParNew: 140290K->8K(157376K)
[12.724s][info ][gc,heap        ] GC(122) CMS: 3663K->3663K(349568K)
[12.724s][info ][gc,metaspace   ] GC(122) Metaspace: 15720K(16256K)->15720K(16256K) NonClass: 14034K(14336K)->14034K(14336K) Class: 1686K(1920K)->1686K(1920K)
[12.724s][info ][gc             ] GC(122) Pause Young (Allocation Failure) 140M->3M(495M) 0.381ms
[12.724s][info ][gc,cpu         ] GC(122) User=0.00s Sys=0.00s Real=0.00s
[12.734s][info ][gc,start       ] GC(123) Pause Young (Allocation Failure)
[12.734s][info ][gc,task        ] GC(123) Using 9 workers of 9 for evacuation
[12.735s][debug][gc,age         ] GC(123) Desired survivor size 8945664 bytes, new threshold 6 (max threshold 6)
[12.735s][trace][gc,age         ] GC(123) Age table with threshold 6 (max threshold 6)
[12.735s][trace][gc,age         ] GC(123) - age   1:     400208 bytes,     400208 total
[12.735s][info ][gc,heap        ] GC(123) ParNew: 139897K->394K(157376K)
[12.735s][info ][gc,heap        ] GC(123) CMS: 3663K->3663K(349568K)
[12.735s][info ][gc,metaspace   ] GC(123) Metaspace: 15720K(16256K)->15720K(16256K) NonClass: 14034K(14336K)->14034K(14336K) Class: 1686K(1920K)->1686K(1920K)
[12.735s][info ][gc             ] GC(123) Pause Young (Allocation Failure) 140M->3M(495M) 0.439ms
[12.735s][info ][gc,cpu         ] GC(123) User=0.00s Sys=0.00s Real=0.00s
[12.744s][info ][gc,start       ] GC(124) Pause Young (Allocation Failure)
[12.744s][info ][gc,task        ] GC(124) Using 9 workers of 9 for evacuation
[12.745s][debug][gc,age         ] GC(124) Desired survivor size 8945664 bytes, new threshold 6 (max threshold 6)
[12.745s][trace][gc,age         ] GC(124) Age table with threshold 6 (max threshold 6)
[12.745s][trace][gc,age         ] GC(124) - age   1:        192 bytes,        192 total
[12.745s][info ][gc,heap        ] GC(124) ParNew: 140268K->8K(157376K)
[12.745s][info ][gc,heap        ] GC(124) CMS: 3663K->3663K(349568K)
[12.745s][info ][gc,metaspace   ] GC(124) Metaspace: 15720K(16256K)->15720K(16256K) NonClass: 14034K(14336K)->14034K(14336K) Class: 1686K(1920K)->1686K(1920K)
[12.745s][info ][gc             ] GC(124) Pause Young (Allocation Failure) 140M->3M(495M) 0.437ms
[12.745s][info ][gc,cpu         ] GC(124) User=0.00s Sys=0.00s Real=0.00s
[12.755s][info ][gc,start       ] GC(125) Pause Young (Allocation Failure)
[12.755s][info ][gc,task        ] GC(125) Using 9 workers of 9 for evacuation
[12.755s][debug][gc,age         ] GC(125) Desired survivor size 8945664 bytes, new threshold 6 (max threshold 6)
[12.755s][trace][gc,age         ] GC(125) Age table with threshold 6 (max threshold 6)
[12.755s][trace][gc,age         ] GC(125) - age   1:     400208 bytes,     400208 total
[12.755s][info ][gc,heap        ] GC(125) ParNew: 139875K->396K(157376K)
[12.755s][info ][gc,heap        ] GC(125) CMS: 3663K->3663K(349568K)
[12.755s][info ][gc,metaspace   ] GC(125) Metaspace: 15720K(16256K)->15720K(16256K) NonClass: 14034K(14336K)->14034K(14336K) Class: 1686K(1920K)->1686K(1920K)
[12.755s][info ][gc             ] GC(125) Pause Young (Allocation Failure) 140M->3M(495M) 0.379ms
[12.755s][info ][gc,cpu         ] GC(125) User=0.00s Sys=0.00s Real=0.00s
[12.765s][info ][gc,start       ] GC(126) Pause Young (Allocation Failure)
[12.765s][info ][gc,task        ] GC(126) Using 9 workers of 9 for evacuation
[12.765s][debug][gc,age         ] GC(126) Desired survivor size 8945664 bytes, new threshold 6 (max threshold 6)
[12.765s][trace][gc,age         ] GC(126) Age table with threshold 6 (max threshold 6)
[12.765s][trace][gc,age         ] GC(126) - age   1:        192 bytes,        192 total
[12.765s][info ][gc,heap        ] GC(126) ParNew: 140262K->8K(157376K)
[12.765s][info ][gc,heap        ] GC(126) CMS: 3663K->3663K(349568K)
[12.765s][info ][gc,metaspace   ] GC(126) Metaspace: 15720K(16256K)->15720K(16256K) NonClass: 14034K(14336K)->14034K(14336K) Class: 1686K(1920K)->1686K(1920K)
[12.765s][info ][gc             ] GC(126) Pause Young (Allocation Failure) 140M->3M(495M) 0.430ms
[12.765s][info ][gc,cpu         ] GC(126) User=0.00s Sys=0.00s Real=0.00s
[12.775s][info ][gc,start       ] GC(127) Pause Young (Allocation Failure)
[12.775s][info ][gc,task        ] GC(127) Using 9 workers of 9 for evacuation
[12.775s][debug][gc,age         ] GC(127) Desired survivor size 8945664 bytes, new threshold 6 (max threshold 6)
[12.775s][trace][gc,age         ] GC(127) Age table with threshold 6 (max threshold 6)
[12.775s][trace][gc,age         ] GC(127) - age   1:     400208 bytes,     400208 total
[12.775s][info ][gc,heap        ] GC(127) ParNew: 139900K->396K(157376K)
[12.775s][info ][gc,heap        ] GC(127) CMS: 3663K->3663K(349568K)
[12.775s][info ][gc,metaspace   ] GC(127) Metaspace: 15720K(16256K)->15720K(16256K) NonClass: 14034K(14336K)->14034K(14336K) Class: 1686K(1920K)->1686K(1920K)
[12.775s][info ][gc             ] GC(127) Pause Young (Allocation Failure) 140M->3M(495M) 0.376ms
[12.775s][info ][gc,cpu         ] GC(127) User=0.01s Sys=0.00s Real=0.00s
[12.785s][info ][gc,start       ] GC(128) Pause Young (Allocation Failure)
[12.785s][info ][gc,task        ] GC(128) Using 9 workers of 9 for evacuation
[12.785s][debug][gc,age         ] GC(128) Desired survivor size 8945664 bytes, new threshold 6 (max threshold 6)
[12.785s][trace][gc,age         ] GC(128) Age table with threshold 6 (max threshold 6)
[12.785s][trace][gc,age         ] GC(128) - age   1:        192 bytes,        192 total
[12.785s][info ][gc,heap        ] GC(128) ParNew: 140279K->4K(157376K)
[12.785s][info ][gc,heap        ] GC(128) CMS: 3663K->3663K(349568K)
[12.785s][info ][gc,metaspace   ] GC(128) Metaspace: 15720K(16256K)->15720K(16256K) NonClass: 14034K(14336K)->14034K(14336K) Class: 1686K(1920K)->1686K(1920K)
[12.785s][info ][gc             ] GC(128) Pause Young (Allocation Failure) 140M->3M(495M) 0.388ms
[12.785s][info ][gc,cpu         ] GC(128) User=0.01s Sys=0.00s Real=0.00s
[12.795s][info ][gc,start       ] GC(129) Pause Young (Allocation Failure)
[12.795s][info ][gc,task        ] GC(129) Using 9 workers of 9 for evacuation
[12.795s][debug][gc,age         ] GC(129) Desired survivor size 8945664 bytes, new threshold 6 (max threshold 6)
[12.795s][trace][gc,age         ] GC(129) Age table with threshold 6 (max threshold 6)
[12.795s][trace][gc,age         ] GC(129) - age   1:     400208 bytes,     400208 total
[12.795s][info ][gc,heap        ] GC(129) ParNew: 139893K->394K(157376K)
[12.795s][info ][gc,heap        ] GC(129) CMS: 3663K->3663K(349568K)
[12.795s][info ][gc,metaspace   ] GC(129) Metaspace: 15720K(16256K)->15720K(16256K) NonClass: 14034K(14336K)->14034K(14336K) Class: 1686K(1920K)->1686K(1920K)
[12.795s][info ][gc             ] GC(129) Pause Young (Allocation Failure) 140M->3M(495M) 0.398ms
[12.795s][info ][gc,cpu         ] GC(129) User=0.00s Sys=0.00s Real=0.00s
[12.805s][info ][gc,start       ] GC(130) Pause Young (Allocation Failure)
[12.805s][info ][gc,task        ] GC(130) Using 9 workers of 9 for evacuation
[12.805s][debug][gc,age         ] GC(130) Desired survivor size 8945664 bytes, new threshold 6 (max threshold 6)
[12.805s][trace][gc,age         ] GC(130) Age table with threshold 6 (max threshold 6)
[12.805s][trace][gc,age         ] GC(130) - age   1:        192 bytes,        192 total
[12.805s][info ][gc,heap        ] GC(130) ParNew: 140281K->8K(157376K)
[12.805s][info ][gc,heap        ] GC(130) CMS: 3663K->3663K(349568K)
[12.805s][info ][gc,metaspace   ] GC(130) Metaspace: 15720K(16256K)->15720K(16256K) NonClass: 14034K(14336K)->14034K(14336K) Class: 1686K(1920K)->1686K(1920K)
[12.805s][info ][gc             ] GC(130) Pause Young (Allocation Failure) 140M->3M(495M) 0.365ms
[12.805s][info ][gc,cpu         ] GC(130) User=0.00s Sys=0.00s Real=0.00s
[12.815s][info ][gc,start       ] GC(131) Pause Young (Allocation Failure)
[12.815s][info ][gc,task        ] GC(131) Using 9 workers of 9 for evacuation
[12.816s][debug][gc,age         ] GC(131) Desired survivor size 8945664 bytes, new threshold 6 (max threshold 6)
[12.816s][trace][gc,age         ] GC(131) Age table with threshold 6 (max threshold 6)
[12.816s][trace][gc,age         ] GC(131) - age   1:      27152 bytes,      27152 total
[12.816s][info ][gc,heap        ] GC(131) ParNew: 139766K->39K(157376K)
[12.816s][info ][gc,heap        ] GC(131) CMS: 3663K->3663K(349568K)
[12.816s][info ][gc,metaspace   ] GC(131) Metaspace: 15860K(16256K)->15860K(16256K) NonClass: 14145K(14336K)->14145K(14336K) Class: 1715K(1920K)->1715K(1920K)
[12.816s][info ][gc             ] GC(131) Pause Young (Allocation Failure) 140M->3M(495M) 0.417ms
[12.816s][info ][gc,cpu         ] GC(131) User=0.00s Sys=0.00s Real=0.00s
[12.825s][info ][gc,start       ] GC(132) Pause Young (Allocation Failure)
[12.825s][info ][gc,task        ] GC(132) Using 9 workers of 9 for evacuation
[12.826s][debug][gc,age         ] GC(132) Desired survivor size 8945664 bytes, new threshold 6 (max threshold 6)
[12.826s][trace][gc,age         ] GC(132) Age table with threshold 6 (max threshold 6)
[12.826s][trace][gc,age         ] GC(132) - age   1:      48456 bytes,      48456 total
[12.826s][trace][gc,age         ] GC(132) - age   2:      26392 bytes,      74848 total
[12.826s][info ][gc,heap        ] GC(132) ParNew: 139754K->85K(157376K)
[12.826s][info ][gc,heap        ] GC(132) CMS: 3663K->3663K(349568K)
[12.826s][info ][gc,metaspace   ] GC(132) Metaspace: 15943K(16640K)->15943K(16640K) NonClass: 14219K(14592K)->14219K(14592K) Class: 1723K(2048K)->1723K(2048K)
[12.826s][info ][gc             ] GC(132) Pause Young (Allocation Failure) 140M->3M(495M) 0.419ms
[12.826s][info ][gc,cpu         ] GC(132) User=0.00s Sys=0.00s Real=0.00s
[12.836s][info ][gc,start       ] GC(133) Pause Young (Allocation Failure)
[12.836s][info ][gc,task        ] GC(133) Using 9 workers of 9 for evacuation
[12.836s][debug][gc,age         ] GC(133) Desired survivor size 8945664 bytes, new threshold 6 (max threshold 6)
[12.836s][trace][gc,age         ] GC(133) Age table with threshold 6 (max threshold 6)
[12.836s][trace][gc,age         ] GC(133) - age   1:      18216 bytes,      18216 total
[12.836s][trace][gc,age         ] GC(133) - age   2:      47552 bytes,      65768 total
[12.836s][trace][gc,age         ] GC(133) - age   3:      25304 bytes,      91072 total
[12.836s][info ][gc,heap        ] GC(133) ParNew: 139644K->123K(157376K)
[12.836s][info ][gc,heap        ] GC(133) CMS: 3663K->3663K(349568K)
[12.836s][info ][gc,metaspace   ] GC(133) Metaspace: 16007K(16640K)->16007K(16640K) NonClass: 14272K(14592K)->14272K(14592K) Class: 1734K(2048K)->1734K(2048K)
[12.836s][info ][gc             ] GC(133) Pause Young (Allocation Failure) 139M->3M(495M) 0.480ms
[12.836s][info ][gc,cpu         ] GC(133) User=0.01s Sys=0.00s Real=0.00s
[12.846s][info ][gc,start       ] GC(134) Pause Young (Allocation Failure)
[12.846s][info ][gc,task        ] GC(134) Using 9 workers of 9 for evacuation
[12.847s][debug][gc,age         ] GC(134) Desired survivor size 8945664 bytes, new threshold 6 (max threshold 6)
[12.847s][trace][gc,age         ] GC(134) Age table with threshold 6 (max threshold 6)
[12.847s][trace][gc,age         ] GC(134) - age   1:        192 bytes,        192 total
[12.847s][trace][gc,age         ] GC(134) - age   2:      17664 bytes,      17856 total
[12.847s][trace][gc,age         ] GC(134) - age   3:      47632 bytes,      65488 total
[12.847s][trace][gc,age         ] GC(134) - age   4:      25240 bytes,      90728 total
[12.847s][info ][gc,heap        ] GC(134) ParNew: 139989K->137K(157376K)
[12.847s][info ][gc,heap        ] GC(134) CMS: 3663K->3663K(349568K)
[12.847s][info ][gc,metaspace   ] GC(134) Metaspace: 16007K(16640K)->16007K(16640K) NonClass: 14272K(14592K)->14272K(14592K) Class: 1734K(2048K)->1734K(2048K)
[12.847s][info ][gc             ] GC(134) Pause Young (Allocation Failure) 140M->3M(495M) 0.483ms
[12.847s][info ][gc,cpu         ] GC(134) User=0.00s Sys=0.00s Real=0.00s
[12.856s][info ][gc,start       ] GC(135) Pause Young (Allocation Failure)
[12.856s][info ][gc,task        ] GC(135) Using 9 workers of 9 for evacuation
[12.857s][debug][gc,age         ] GC(135) Desired survivor size 8945664 bytes, new threshold 6 (max threshold 6)
[12.857s][trace][gc,age         ] GC(135) Age table with threshold 6 (max threshold 6)
[12.857s][trace][gc,age         ] GC(135) - age   1:        192 bytes,        192 total
[12.857s][trace][gc,age         ] GC(135) - age   3:      17664 bytes,      17856 total
[12.857s][trace][gc,age         ] GC(135) - age   4:      47552 bytes,      65408 total
[12.857s][trace][gc,age         ] GC(135) - age   5:      25192 bytes,      90600 total
[12.857s][info ][gc,heap        ] GC(135) ParNew: 139811K->143K(157376K)
[12.857s][info ][gc,heap        ] GC(135) CMS: 3663K->3663K(349568K)
[12.857s][info ][gc,metaspace   ] GC(135) Metaspace: 16007K(16640K)->16007K(16640K) NonClass: 14272K(14592K)->14272K(14592K) Class: 1734K(2048K)->1734K(2048K)
[12.857s][info ][gc             ] GC(135) Pause Young (Allocation Failure) 140M->3M(495M) 0.415ms
[12.857s][info ][gc,cpu         ] GC(135) User=0.00s Sys=0.00s Real=0.00s
[12.866s][info ][gc,start       ] GC(136) Pause Young (Allocation Failure)
[12.866s][info ][gc,task        ] GC(136) Using 9 workers of 9 for evacuation
[12.867s][debug][gc,age         ] GC(136) Desired survivor size 8945664 bytes, new threshold 6 (max threshold 6)
[12.867s][trace][gc,age         ] GC(136) Age table with threshold 6 (max threshold 6)
[12.867s][trace][gc,age         ] GC(136) - age   1:        192 bytes,        192 total
[12.867s][trace][gc,age         ] GC(136) - age   4:      17664 bytes,      17856 total
[12.867s][trace][gc,age         ] GC(136) - age   5:      47552 bytes,      65408 total
[12.867s][trace][gc,age         ] GC(136) - age   6:      25192 bytes,      90600 total
[12.867s][info ][gc,heap        ] GC(136) ParNew: 139745K->142K(157376K)
[12.867s][info ][gc,heap        ] GC(136) CMS: 3663K->3663K(349568K)
[12.867s][info ][gc,metaspace   ] GC(136) Metaspace: 16007K(16640K)->16007K(16640K) NonClass: 14272K(14592K)->14272K(14592K) Class: 1734K(2048K)->1734K(2048K)
[12.867s][info ][gc             ] GC(136) Pause Young (Allocation Failure) 140M->3M(495M) 0.463ms
[12.867s][info ][gc,cpu         ] GC(136) User=0.00s Sys=0.00s Real=0.00s
[12.877s][info ][gc,start       ] GC(137) Pause Young (Allocation Failure)
[12.877s][info ][gc,task        ] GC(137) Using 9 workers of 9 for evacuation
[12.877s][debug][gc,age         ] GC(137) Desired survivor size 8945664 bytes, new threshold 6 (max threshold 6)
[12.877s][trace][gc,age         ] GC(137) Age table with threshold 6 (max threshold 6)
[12.877s][trace][gc,age         ] GC(137) - age   1:     400208 bytes,     400208 total
[12.877s][trace][gc,age         ] GC(137) - age   5:      17664 bytes,     417872 total
[12.877s][trace][gc,age         ] GC(137) - age   6:      47552 bytes,     465424 total
[12.877s][info ][gc,heap        ] GC(137) ParNew: 139754K->490K(157376K)
[12.877s][info ][gc,heap        ] GC(137) CMS: 3663K->3688K(349568K)
[12.877s][info ][gc,metaspace   ] GC(137) Metaspace: 16007K(16640K)->16007K(16640K) NonClass: 14272K(14592K)->14272K(14592K) Class: 1734K(2048K)->1734K(2048K)
[12.877s][info ][gc             ] GC(137) Pause Young (Allocation Failure) 140M->4M(495M) 0.469ms
[12.877s][info ][gc,cpu         ] GC(137) User=0.00s Sys=0.00s Real=0.00s
[12.887s][info ][gc,start       ] GC(138) Pause Young (Allocation Failure)
[12.887s][info ][gc,task        ] GC(138) Using 9 workers of 9 for evacuation
[12.887s][debug][gc,age         ] GC(138) Desired survivor size 8945664 bytes, new threshold 6 (max threshold 6)
[12.887s][trace][gc,age         ] GC(138) Age table with threshold 6 (max threshold 6)
[12.887s][trace][gc,age         ] GC(138) - age   1:        192 bytes,        192 total
[12.887s][trace][gc,age         ] GC(138) - age   6:      17664 bytes,      17856 total
[12.887s][info ][gc,heap        ] GC(138) ParNew: 140240K->76K(157376K)
[12.887s][info ][gc,heap        ] GC(138) CMS: 3688K->3735K(349568K)
[12.887s][info ][gc,metaspace   ] GC(138) Metaspace: 16007K(16640K)->16007K(16640K) NonClass: 14272K(14592K)->14272K(14592K) Class: 1734K(2048K)->1734K(2048K)
[12.887s][info ][gc             ] GC(138) Pause Young (Allocation Failure) 140M->3M(495M) 0.456ms
[12.887s][info ][gc,cpu         ] GC(138) User=0.01s Sys=0.00s Real=0.00s
[12.897s][info ][gc,start       ] GC(139) Pause Young (Allocation Failure)
[12.897s][info ][gc,task        ] GC(139) Using 9 workers of 9 for evacuation
[12.897s][debug][gc,age         ] GC(139) Desired survivor size 8945664 bytes, new threshold 6 (max threshold 6)
[12.897s][trace][gc,age         ] GC(139) Age table with threshold 6 (max threshold 6)
[12.897s][trace][gc,age         ] GC(139) - age   1:     400208 bytes,     400208 total
[12.897s][info ][gc,heap        ] GC(139) ParNew: 139843K->395K(157376K)
[12.897s][info ][gc,heap        ] GC(139) CMS: 3735K->3752K(349568K)
[12.897s][info ][gc,metaspace   ] GC(139) Metaspace: 16007K(16640K)->16007K(16640K) NonClass: 14272K(14592K)->14272K(14592K) Class: 1734K(2048K)->1734K(2048K)
[12.897s][info ][gc             ] GC(139) Pause Young (Allocation Failure) 140M->4M(495M) 0.432ms
[12.897s][info ][gc,cpu         ] GC(139) User=0.01s Sys=0.00s Real=0.00s
[12.907s][info ][gc,start       ] GC(140) Pause Young (Allocation Failure)
[12.907s][info ][gc,task        ] GC(140) Using 9 workers of 9 for evacuation
[12.907s][debug][gc,age         ] GC(140) Desired survivor size 8945664 bytes, new threshold 6 (max threshold 6)
[12.907s][trace][gc,age         ] GC(140) Age table with threshold 6 (max threshold 6)
[12.907s][trace][gc,age         ] GC(140) - age   1:        192 bytes,        192 total
[12.907s][info ][gc,heap        ] GC(140) ParNew: 139989K->8K(157376K)
[12.907s][info ][gc,heap        ] GC(140) CMS: 3752K->3752K(349568K)
[12.907s][info ][gc,metaspace   ] GC(140) Metaspace: 16007K(16640K)->16007K(16640K) NonClass: 14272K(14592K)->14272K(14592K) Class: 1734K(2048K)->1734K(2048K)
[12.907s][info ][gc             ] GC(140) Pause Young (Allocation Failure) 140M->3M(495M) 0.440ms
[12.907s][info ][gc,cpu         ] GC(140) User=0.00s Sys=0.00s Real=0.00s
[12.917s][info ][gc,start       ] GC(141) Pause Young (Allocation Failure)
[12.917s][info ][gc,task        ] GC(141) Using 9 workers of 9 for evacuation
[12.917s][debug][gc,age         ] GC(141) Desired survivor size 8945664 bytes, new threshold 6 (max threshold 6)
[12.917s][trace][gc,age         ] GC(141) Age table with threshold 6 (max threshold 6)
[12.917s][trace][gc,age         ] GC(141) - age   1:     400208 bytes,     400208 total
[12.917s][info ][gc,heap        ] GC(141) ParNew: 139850K->396K(157376K)
[12.917s][info ][gc,heap        ] GC(141) CMS: 3752K->3752K(349568K)
[12.917s][info ][gc,metaspace   ] GC(141) Metaspace: 16007K(16640K)->16007K(16640K) NonClass: 14272K(14592K)->14272K(14592K) Class: 1734K(2048K)->1734K(2048K)
[12.917s][info ][gc             ] GC(141) Pause Young (Allocation Failure) 140M->4M(495M) 0.376ms
[12.917s][info ][gc,cpu         ] GC(141) User=0.00s Sys=0.00s Real=0.00s
[12.926s][info ][gc,start       ] GC(142) Pause Young (Allocation Failure)
[12.927s][info ][gc,task        ] GC(142) Using 9 workers of 9 for evacuation
[12.927s][debug][gc,age         ] GC(142) Desired survivor size 8945664 bytes, new threshold 6 (max threshold 6)
[12.927s][trace][gc,age         ] GC(142) Age table with threshold 6 (max threshold 6)
[12.927s][trace][gc,age         ] GC(142) - age   1:     400208 bytes,     400208 total
[12.927s][info ][gc,heap        ] GC(142) ParNew: 140000K->394K(157376K)
[12.927s][info ][gc,heap        ] GC(142) CMS: 3752K->3752K(349568K)
[12.927s][info ][gc,metaspace   ] GC(142) Metaspace: 16007K(16640K)->16007K(16640K) NonClass: 14272K(14592K)->14272K(14592K) Class: 1734K(2048K)->1734K(2048K)
[12.927s][info ][gc             ] GC(142) Pause Young (Allocation Failure) 140M->4M(495M) 0.466ms
[12.927s][info ][gc,cpu         ] GC(142) User=0.00s Sys=0.00s Real=0.00s
[12.936s][info ][gc,start       ] GC(143) Pause Young (Allocation Failure)
[12.937s][info ][gc,task        ] GC(143) Using 9 workers of 9 for evacuation
[12.937s][debug][gc,age         ] GC(143) Desired survivor size 8945664 bytes, new threshold 6 (max threshold 6)
[12.937s][trace][gc,age         ] GC(143) Age table with threshold 6 (max threshold 6)
[12.937s][trace][gc,age         ] GC(143) - age   1:        192 bytes,        192 total
[12.937s][info ][gc,heap        ] GC(143) ParNew: 140270K->4K(157376K)
[12.937s][info ][gc,heap        ] GC(143) CMS: 3752K->3752K(349568K)
[12.937s][info ][gc,metaspace   ] GC(143) Metaspace: 16007K(16640K)->16007K(16640K) NonClass: 14272K(14592K)->14272K(14592K) Class: 1734K(2048K)->1734K(2048K)
[12.937s][info ][gc             ] GC(143) Pause Young (Allocation Failure) 140M->3M(495M) 0.434ms
[12.937s][info ][gc,cpu         ] GC(143) User=0.00s Sys=0.00s Real=0.00s
[12.947s][info ][gc,start       ] GC(144) Pause Young (Allocation Failure)
[12.947s][info ][gc,task        ] GC(144) Using 9 workers of 9 for evacuation
[12.947s][debug][gc,age         ] GC(144) Desired survivor size 8945664 bytes, new threshold 6 (max threshold 6)
[12.947s][trace][gc,age         ] GC(144) Age table with threshold 6 (max threshold 6)
[12.947s][trace][gc,age         ] GC(144) - age   1:     400208 bytes,     400208 total
[12.947s][info ][gc,heap        ] GC(144) ParNew: 139819K->396K(157376K)
[12.947s][info ][gc,heap        ] GC(144) CMS: 3752K->3752K(349568K)
[12.947s][info ][gc,metaspace   ] GC(144) Metaspace: 16007K(16640K)->16007K(16640K) NonClass: 14272K(14592K)->14272K(14592K) Class: 1734K(2048K)->1734K(2048K)
[12.947s][info ][gc             ] GC(144) Pause Young (Allocation Failure) 140M->4M(495M) 0.438ms
[12.947s][info ][gc,cpu         ] GC(144) User=0.00s Sys=0.00s Real=0.00s
[12.957s][info ][gc,start       ] GC(145) Pause Young (Allocation Failure)
[12.957s][info ][gc,task        ] GC(145) Using 9 workers of 9 for evacuation
[12.957s][debug][gc,age         ] GC(145) Desired survivor size 8945664 bytes, new threshold 6 (max threshold 6)
[12.957s][trace][gc,age         ] GC(145) Age table with threshold 6 (max threshold 6)
[12.957s][trace][gc,age         ] GC(145) - age   1:        192 bytes,        192 total
[12.957s][info ][gc,heap        ] GC(145) ParNew: 140183K->4K(157376K)
[12.957s][info ][gc,heap        ] GC(145) CMS: 3752K->3752K(349568K)
[12.957s][info ][gc,metaspace   ] GC(145) Metaspace: 16007K(16640K)->16007K(16640K) NonClass: 14272K(14592K)->14272K(14592K) Class: 1734K(2048K)->1734K(2048K)
[12.957s][info ][gc             ] GC(145) Pause Young (Allocation Failure) 140M->3M(495M) 0.405ms
[12.957s][info ][gc,cpu         ] GC(145) User=0.00s Sys=0.00s Real=0.00s
[12.967s][info ][gc,start       ] GC(146) Pause Young (Allocation Failure)
[12.967s][info ][gc,task        ] GC(146) Using 9 workers of 9 for evacuation
[12.967s][debug][gc,age         ] GC(146) Desired survivor size 8945664 bytes, new threshold 6 (max threshold 6)
[12.967s][trace][gc,age         ] GC(146) Age table with threshold 6 (max threshold 6)
[12.967s][trace][gc,age         ] GC(146) - age   1:        192 bytes,        192 total
[12.967s][info ][gc,heap        ] GC(146) ParNew: 139579K->8K(157376K)
[12.967s][info ][gc,heap        ] GC(146) CMS: 3752K->3752K(349568K)
[12.967s][info ][gc,metaspace   ] GC(146) Metaspace: 16007K(16640K)->16007K(16640K) NonClass: 14272K(14592K)->14272K(14592K) Class: 1734K(2048K)->1734K(2048K)
[12.967s][info ][gc             ] GC(146) Pause Young (Allocation Failure) 139M->3M(495M) 0.458ms
[12.967s][info ][gc,cpu         ] GC(146) User=0.01s Sys=0.00s Real=0.00s
[12.977s][info ][gc,start       ] GC(147) Pause Young (Allocation Failure)
[12.977s][info ][gc,task        ] GC(147) Using 9 workers of 9 for evacuation
[12.977s][debug][gc,age         ] GC(147) Desired survivor size 8945664 bytes, new threshold 6 (max threshold 6)
[12.977s][trace][gc,age         ] GC(147) Age table with threshold 6 (max threshold 6)
[12.977s][trace][gc,age         ] GC(147) - age   1:     400208 bytes,     400208 total
[12.977s][info ][gc,heap        ] GC(147) ParNew: 139811K->396K(157376K)
[12.977s][info ][gc,heap        ] GC(147) CMS: 3752K->3752K(349568K)
[12.977s][info ][gc,metaspace   ] GC(147) Metaspace: 16007K(16640K)->16007K(16640K) NonClass: 14272K(14592K)->14272K(14592K) Class: 1734K(2048K)->1734K(2048K)
[12.977s][info ][gc             ] GC(147) Pause Young (Allocation Failure) 140M->4M(495M) 0.534ms
[12.977s][info ][gc,cpu         ] GC(147) User=0.01s Sys=0.00s Real=0.00s
[12.987s][info ][gc,start       ] GC(148) Pause Young (Allocation Failure)
[12.987s][info ][gc,task        ] GC(148) Using 9 workers of 9 for evacuation
[12.987s][debug][gc,age         ] GC(148) Desired survivor size 8945664 bytes, new threshold 6 (max threshold 6)
[12.987s][trace][gc,age         ] GC(148) Age table with threshold 6 (max threshold 6)
[12.987s][trace][gc,age         ] GC(148) - age   1:     400208 bytes,     400208 total
[12.987s][info ][gc,heap        ] GC(148) ParNew: 139928K->394K(157376K)
[12.987s][info ][gc,heap        ] GC(148) CMS: 3752K->3752K(349568K)
[12.987s][info ][gc,metaspace   ] GC(148) Metaspace: 16007K(16640K)->16007K(16640K) NonClass: 14272K(14592K)->14272K(14592K) Class: 1734K(2048K)->1734K(2048K)
[12.987s][info ][gc             ] GC(148) Pause Young (Allocation Failure) 140M->4M(495M) 0.346ms
[12.987s][info ][gc,cpu         ] GC(148) User=0.00s Sys=0.00s Real=0.00s
[12.996s][info ][gc,start       ] GC(149) Pause Young (Allocation Failure)
[12.996s][info ][gc,task        ] GC(149) Using 9 workers of 9 for evacuation
[12.997s][debug][gc,age         ] GC(149) Desired survivor size 8945664 bytes, new threshold 6 (max threshold 6)
[12.997s][trace][gc,age         ] GC(149) Age table with threshold 6 (max threshold 6)
[12.997s][trace][gc,age         ] GC(149) - age   1:        192 bytes,        192 total
[12.997s][info ][gc,heap        ] GC(149) ParNew: 140131K->8K(157376K)
[12.997s][info ][gc,heap        ] GC(149) CMS: 3752K->3752K(349568K)
[12.997s][info ][gc,metaspace   ] GC(149) Metaspace: 16007K(16640K)->16007K(16640K) NonClass: 14272K(14592K)->14272K(14592K) Class: 1734K(2048K)->1734K(2048K)
[12.997s][info ][gc             ] GC(149) Pause Young (Allocation Failure) 140M->3M(495M) 0.392ms
[12.997s][info ][gc,cpu         ] GC(149) User=0.00s Sys=0.00s Real=0.00s
[13.006s][info ][gc,start       ] GC(150) Pause Young (Allocation Failure)
[13.006s][info ][gc,task        ] GC(150) Using 9 workers of 9 for evacuation
[13.007s][debug][gc,age         ] GC(150) Desired survivor size 8945664 bytes, new threshold 6 (max threshold 6)
[13.007s][trace][gc,age         ] GC(150) Age table with threshold 6 (max threshold 6)
[13.007s][trace][gc,age         ] GC(150) - age   1:     400208 bytes,     400208 total
[13.007s][info ][gc,heap        ] GC(150) ParNew: 139789K->398K(157376K)
[13.007s][info ][gc,heap        ] GC(150) CMS: 3752K->3752K(349568K)
[13.007s][info ][gc,metaspace   ] GC(150) Metaspace: 16007K(16640K)->16007K(16640K) NonClass: 14272K(14592K)->14272K(14592K) Class: 1734K(2048K)->1734K(2048K)
[13.007s][info ][gc             ] GC(150) Pause Young (Allocation Failure) 140M->4M(495M) 0.342ms
[13.007s][info ][gc,cpu         ] GC(150) User=0.00s Sys=0.00s Real=0.00s
[13.016s][info ][gc,start       ] GC(151) Pause Young (Allocation Failure)
[13.016s][info ][gc,task        ] GC(151) Using 9 workers of 9 for evacuation
[13.016s][debug][gc,age         ] GC(151) Desired survivor size 8945664 bytes, new threshold 6 (max threshold 6)
[13.016s][trace][gc,age         ] GC(151) Age table with threshold 6 (max threshold 6)
[13.016s][trace][gc,age         ] GC(151) - age   1:        192 bytes,        192 total
[13.017s][info ][gc,heap        ] GC(151) ParNew: 140198K->4K(157376K)
[13.017s][info ][gc,heap        ] GC(151) CMS: 3752K->3752K(349568K)
[13.017s][info ][gc,metaspace   ] GC(151) Metaspace: 16007K(16640K)->16007K(16640K) NonClass: 14272K(14592K)->14272K(14592K) Class: 1734K(2048K)->1734K(2048K)
[13.017s][info ][gc             ] GC(151) Pause Young (Allocation Failure) 140M->3M(495M) 0.432ms
[13.017s][info ][gc,cpu         ] GC(151) User=0.00s Sys=0.00s Real=0.00s
[13.026s][info ][gc,start       ] GC(152) Pause Young (Allocation Failure)
[13.026s][info ][gc,task        ] GC(152) Using 9 workers of 9 for evacuation
[13.026s][debug][gc,age         ] GC(152) Desired survivor size 8945664 bytes, new threshold 6 (max threshold 6)
[13.026s][trace][gc,age         ] GC(152) Age table with threshold 6 (max threshold 6)
[13.026s][trace][gc,age         ] GC(152) - age   1:     400208 bytes,     400208 total
[13.026s][info ][gc,heap        ] GC(152) ParNew: 139832K->394K(157376K)
[13.026s][info ][gc,heap        ] GC(152) CMS: 3752K->3752K(349568K)
[13.026s][info ][gc,metaspace   ] GC(152) Metaspace: 16007K(16640K)->16007K(16640K) NonClass: 14272K(14592K)->14272K(14592K) Class: 1734K(2048K)->1734K(2048K)
[13.026s][info ][gc             ] GC(152) Pause Young (Allocation Failure) 140M->4M(495M) 0.377ms
[13.026s][info ][gc,cpu         ] GC(152) User=0.00s Sys=0.00s Real=0.00s
[13.036s][info ][gc,start       ] GC(153) Pause Young (Allocation Failure)
[13.036s][info ][gc,task        ] GC(153) Using 9 workers of 9 for evacuation
[13.036s][debug][gc,age         ] GC(153) Desired survivor size 8945664 bytes, new threshold 6 (max threshold 6)
[13.036s][trace][gc,age         ] GC(153) Age table with threshold 6 (max threshold 6)
[13.036s][trace][gc,age         ] GC(153) - age   1:        192 bytes,        192 total
[13.036s][info ][gc,heap        ] GC(153) ParNew: 140179K->6K(157376K)
[13.036s][info ][gc,heap        ] GC(153) CMS: 3752K->3752K(349568K)
[13.036s][info ][gc,metaspace   ] GC(153) Metaspace: 16007K(16640K)->16007K(16640K) NonClass: 14272K(14592K)->14272K(14592K) Class: 1734K(2048K)->1734K(2048K)
[13.036s][info ][gc             ] GC(153) Pause Young (Allocation Failure) 140M->3M(495M) 0.454ms
[13.036s][info ][gc,cpu         ] GC(153) User=0.00s Sys=0.01s Real=0.00s
[13.046s][info ][gc,start       ] GC(154) Pause Young (Allocation Failure)
[13.046s][info ][gc,task        ] GC(154) Using 9 workers of 9 for evacuation
[13.046s][debug][gc,age         ] GC(154) Desired survivor size 8945664 bytes, new threshold 6 (max threshold 6)
[13.046s][trace][gc,age         ] GC(154) Age table with threshold 6 (max threshold 6)
[13.046s][trace][gc,age         ] GC(154) - age   1:     400208 bytes,     400208 total
[13.046s][info ][gc,heap        ] GC(154) ParNew: 139772K->396K(157376K)
[13.046s][info ][gc,heap        ] GC(154) CMS: 3752K->3752K(349568K)
[13.046s][info ][gc,metaspace   ] GC(154) Metaspace: 16007K(16640K)->16007K(16640K) NonClass: 14272K(14592K)->14272K(14592K) Class: 1734K(2048K)->1734K(2048K)
[13.046s][info ][gc             ] GC(154) Pause Young (Allocation Failure) 140M->4M(495M) 0.463ms
[13.046s][info ][gc,cpu         ] GC(154) User=0.00s Sys=0.00s Real=0.00s
[13.056s][info ][gc,start       ] GC(155) Pause Young (Allocation Failure)
[13.056s][info ][gc,task        ] GC(155) Using 9 workers of 9 for evacuation
[13.056s][debug][gc,age         ] GC(155) Desired survivor size 8945664 bytes, new threshold 6 (max threshold 6)
[13.056s][trace][gc,age         ] GC(155) Age table with threshold 6 (max threshold 6)
[13.056s][trace][gc,age         ] GC(155) - age   1:        192 bytes,        192 total
[13.056s][info ][gc,heap        ] GC(155) ParNew: 140154K->8K(157376K)
[13.056s][info ][gc,heap        ] GC(155) CMS: 3752K->3752K(349568K)
[13.056s][info ][gc,metaspace   ] GC(155) Metaspace: 16007K(16640K)->16007K(16640K) NonClass: 14272K(14592K)->14272K(14592K) Class: 1734K(2048K)->1734K(2048K)
[13.056s][info ][gc             ] GC(155) Pause Young (Allocation Failure) 140M->3M(495M) 0.345ms
[13.056s][info ][gc,cpu         ] GC(155) User=0.00s Sys=0.00s Real=0.00s
[13.066s][info ][gc,start       ] GC(156) Pause Young (Allocation Failure)
[13.066s][info ][gc,task        ] GC(156) Using 9 workers of 9 for evacuation
[13.066s][debug][gc,age         ] GC(156) Desired survivor size 8945664 bytes, new threshold 6 (max threshold 6)
[13.066s][trace][gc,age         ] GC(156) Age table with threshold 6 (max threshold 6)
[13.066s][trace][gc,age         ] GC(156) - age   1:     400208 bytes,     400208 total
[13.066s][info ][gc,heap        ] GC(156) ParNew: 139840K->394K(157376K)
[13.066s][info ][gc,heap        ] GC(156) CMS: 3752K->3752K(349568K)
[13.066s][info ][gc,metaspace   ] GC(156) Metaspace: 16007K(16640K)->16007K(16640K) NonClass: 14272K(14592K)->14272K(14592K) Class: 1734K(2048K)->1734K(2048K)
[13.066s][info ][gc             ] GC(156) Pause Young (Allocation Failure) 140M->4M(495M) 0.496ms
[13.066s][info ][gc,cpu         ] GC(156) User=0.01s Sys=0.00s Real=0.00s
[13.076s][info ][gc,start       ] GC(157) Pause Young (Allocation Failure)
[13.076s][info ][gc,task        ] GC(157) Using 9 workers of 9 for evacuation
[13.076s][debug][gc,age         ] GC(157) Desired survivor size 8945664 bytes, new threshold 6 (max threshold 6)
[13.076s][trace][gc,age         ] GC(157) Age table with threshold 6 (max threshold 6)
[13.076s][trace][gc,age         ] GC(157) - age   1:        192 bytes,        192 total
[13.076s][info ][gc,heap        ] GC(157) ParNew: 140176K->6K(157376K)
[13.076s][info ][gc,heap        ] GC(157) CMS: 3752K->3752K(349568K)
[13.076s][info ][gc,metaspace   ] GC(157) Metaspace: 16007K(16640K)->16007K(16640K) NonClass: 14272K(14592K)->14272K(14592K) Class: 1734K(2048K)->1734K(2048K)
[13.076s][info ][gc             ] GC(157) Pause Young (Allocation Failure) 140M->3M(495M) 0.426ms
[13.076s][info ][gc,cpu         ] GC(157) User=0.01s Sys=0.00s Real=0.00s
[13.086s][info ][gc,start       ] GC(158) Pause Young (Allocation Failure)
[13.086s][info ][gc,task        ] GC(158) Using 9 workers of 9 for evacuation
[13.086s][debug][gc,age         ] GC(158) Desired survivor size 8945664 bytes, new threshold 6 (max threshold 6)
[13.086s][trace][gc,age         ] GC(158) Age table with threshold 6 (max threshold 6)
[13.086s][trace][gc,age         ] GC(158) - age   1:     400208 bytes,     400208 total
[13.086s][info ][gc,heap        ] GC(158) ParNew: 139890K->394K(157376K)
[13.086s][info ][gc,heap        ] GC(158) CMS: 3752K->3752K(349568K)
[13.086s][info ][gc,metaspace   ] GC(158) Metaspace: 16007K(16640K)->16007K(16640K) NonClass: 14272K(14592K)->14272K(14592K) Class: 1734K(2048K)->1734K(2048K)
[13.086s][info ][gc             ] GC(158) Pause Young (Allocation Failure) 140M->4M(495M) 0.441ms
[13.086s][info ][gc,cpu         ] GC(158) User=0.00s Sys=0.00s Real=0.00s
[13.096s][info ][gc,start       ] GC(159) Pause Young (Allocation Failure)
[13.096s][info ][gc,task        ] GC(159) Using 9 workers of 9 for evacuation
[13.096s][debug][gc,age         ] GC(159) Desired survivor size 8945664 bytes, new threshold 6 (max threshold 6)
[13.096s][trace][gc,age         ] GC(159) Age table with threshold 6 (max threshold 6)
[13.096s][trace][gc,age         ] GC(159) - age   1:        192 bytes,        192 total
[13.096s][info ][gc,heap        ] GC(159) ParNew: 140277K->6K(157376K)
[13.096s][info ][gc,heap        ] GC(159) CMS: 3752K->3752K(349568K)
[13.096s][info ][gc,metaspace   ] GC(159) Metaspace: 16007K(16640K)->16007K(16640K) NonClass: 14272K(14592K)->14272K(14592K) Class: 1734K(2048K)->1734K(2048K)
[13.096s][info ][gc             ] GC(159) Pause Young (Allocation Failure) 140M->3M(495M) 0.324ms
[13.096s][info ][gc,cpu         ] GC(159) User=0.00s Sys=0.00s Real=0.00s
[13.105s][info ][gc,start       ] GC(160) Pause Young (Allocation Failure)
[13.105s][info ][gc,task        ] GC(160) Using 9 workers of 9 for evacuation
[13.106s][debug][gc,age         ] GC(160) Desired survivor size 8945664 bytes, new threshold 6 (max threshold 6)
[13.106s][trace][gc,age         ] GC(160) Age table with threshold 6 (max threshold 6)
[13.106s][trace][gc,age         ] GC(160) - age   1:     400208 bytes,     400208 total
[13.106s][info ][gc,heap        ] GC(160) ParNew: 139771K->398K(157376K)
[13.106s][info ][gc,heap        ] GC(160) CMS: 3752K->3752K(349568K)
[13.106s][info ][gc,metaspace   ] GC(160) Metaspace: 16007K(16640K)->16007K(16640K) NonClass: 14272K(14592K)->14272K(14592K) Class: 1734K(2048K)->1734K(2048K)
[13.106s][info ][gc             ] GC(160) Pause Young (Allocation Failure) 140M->4M(495M) 0.451ms
[13.106s][info ][gc,cpu         ] GC(160) User=0.00s Sys=0.00s Real=0.00s
[13.115s][info ][gc,start       ] GC(161) Pause Young (Allocation Failure)
[13.115s][info ][gc,task        ] GC(161) Using 9 workers of 9 for evacuation
[13.116s][debug][gc,age         ] GC(161) Desired survivor size 8945664 bytes, new threshold 6 (max threshold 6)
[13.116s][trace][gc,age         ] GC(161) Age table with threshold 6 (max threshold 6)
[13.116s][trace][gc,age         ] GC(161) - age   1:        192 bytes,        192 total
[13.116s][info ][gc,heap        ] GC(161) ParNew: 140275K->6K(157376K)
[13.116s][info ][gc,heap        ] GC(161) CMS: 3752K->3752K(349568K)
[13.116s][info ][gc,metaspace   ] GC(161) Metaspace: 16007K(16640K)->16007K(16640K) NonClass: 14272K(14592K)->14272K(14592K) Class: 1734K(2048K)->1734K(2048K)
[13.116s][info ][gc             ] GC(161) Pause Young (Allocation Failure) 140M->3M(495M) 0.369ms
[13.116s][info ][gc,cpu         ] GC(161) User=0.00s Sys=0.00s Real=0.00s
[13.125s][info ][gc,start       ] GC(162) Pause Young (Allocation Failure)
[13.125s][info ][gc,task        ] GC(162) Using 9 workers of 9 for evacuation
[13.126s][debug][gc,age         ] GC(162) Desired survivor size 8945664 bytes, new threshold 6 (max threshold 6)
[13.126s][trace][gc,age         ] GC(162) Age table with threshold 6 (max threshold 6)
[13.126s][trace][gc,age         ] GC(162) - age   1:     400208 bytes,     400208 total
[13.126s][info ][gc,heap        ] GC(162) ParNew: 139861K->394K(157376K)
[13.126s][info ][gc,heap        ] GC(162) CMS: 3752K->3752K(349568K)
[13.126s][info ][gc,metaspace   ] GC(162) Metaspace: 16007K(16640K)->16007K(16640K) NonClass: 14272K(14592K)->14272K(14592K) Class: 1734K(2048K)->1734K(2048K)
[13.126s][info ][gc             ] GC(162) Pause Young (Allocation Failure) 140M->4M(495M) 0.352ms
[13.126s][info ][gc,cpu         ] GC(162) User=0.00s Sys=0.00s Real=0.00s
[13.135s][info ][gc,start       ] GC(163) Pause Young (Allocation Failure)
[13.135s][info ][gc,task        ] GC(163) Using 9 workers of 9 for evacuation
[13.135s][debug][gc,age         ] GC(163) Desired survivor size 8945664 bytes, new threshold 6 (max threshold 6)
[13.135s][trace][gc,age         ] GC(163) Age table with threshold 6 (max threshold 6)
[13.135s][trace][gc,age         ] GC(163) - age   1:        192 bytes,        192 total
[13.135s][info ][gc,heap        ] GC(163) ParNew: 140238K->6K(157376K)
[13.135s][info ][gc,heap        ] GC(163) CMS: 3752K->3752K(349568K)
[13.135s][info ][gc,metaspace   ] GC(163) Metaspace: 16007K(16640K)->16007K(16640K) NonClass: 14272K(14592K)->14272K(14592K) Class: 1734K(2048K)->1734K(2048K)
[13.135s][info ][gc             ] GC(163) Pause Young (Allocation Failure) 140M->3M(495M) 0.413ms
[13.135s][info ][gc,cpu         ] GC(163) User=0.00s Sys=0.00s Real=0.00s
[13.145s][info ][gc,start       ] GC(164) Pause Young (Allocation Failure)
[13.145s][info ][gc,task        ] GC(164) Using 9 workers of 9 for evacuation
[13.145s][debug][gc,age         ] GC(164) Desired survivor size 8945664 bytes, new threshold 6 (max threshold 6)
[13.145s][trace][gc,age         ] GC(164) Age table with threshold 6 (max threshold 6)
[13.145s][trace][gc,age         ] GC(164) - age   1:     400208 bytes,     400208 total
[13.145s][info ][gc,heap        ] GC(164) ParNew: 139826K->396K(157376K)
[13.145s][info ][gc,heap        ] GC(164) CMS: 3752K->3752K(349568K)
[13.145s][info ][gc,metaspace   ] GC(164) Metaspace: 16007K(16640K)->16007K(16640K) NonClass: 14272K(14592K)->14272K(14592K) Class: 1734K(2048K)->1734K(2048K)
[13.145s][info ][gc             ] GC(164) Pause Young (Allocation Failure) 140M->4M(495M) 0.459ms
[13.145s][info ][gc,cpu         ] GC(164) User=0.00s Sys=0.00s Real=0.00s
[13.155s][info ][gc,start       ] GC(165) Pause Young (Allocation Failure)
[13.155s][info ][gc,task        ] GC(165) Using 9 workers of 9 for evacuation
[13.155s][debug][gc,age         ] GC(165) Desired survivor size 8945664 bytes, new threshold 6 (max threshold 6)
[13.155s][trace][gc,age         ] GC(165) Age table with threshold 6 (max threshold 6)
[13.155s][trace][gc,age         ] GC(165) - age   1:        192 bytes,        192 total
[13.155s][info ][gc,heap        ] GC(165) ParNew: 140252K->6K(157376K)
[13.155s][info ][gc,heap        ] GC(165) CMS: 3752K->3752K(349568K)
[13.155s][info ][gc,metaspace   ] GC(165) Metaspace: 16007K(16640K)->16007K(16640K) NonClass: 14272K(14592K)->14272K(14592K) Class: 1734K(2048K)->1734K(2048K)
[13.155s][info ][gc             ] GC(165) Pause Young (Allocation Failure) 140M->3M(495M) 0.401ms
[13.155s][info ][gc,cpu         ] GC(165) User=0.00s Sys=0.00s Real=0.00s
[13.165s][info ][gc,start       ] GC(166) Pause Young (Allocation Failure)
[13.165s][info ][gc,task        ] GC(166) Using 9 workers of 9 for evacuation
[13.165s][debug][gc,age         ] GC(166) Desired survivor size 8945664 bytes, new threshold 6 (max threshold 6)
[13.165s][trace][gc,age         ] GC(166) Age table with threshold 6 (max threshold 6)
[13.165s][trace][gc,age         ] GC(166) - age   1:     400208 bytes,     400208 total
[13.165s][info ][gc,heap        ] GC(166) ParNew: 139870K->398K(157376K)
[13.165s][info ][gc,heap        ] GC(166) CMS: 3752K->3752K(349568K)
[13.165s][info ][gc,metaspace   ] GC(166) Metaspace: 16007K(16640K)->16007K(16640K) NonClass: 14272K(14592K)->14272K(14592K) Class: 1734K(2048K)->1734K(2048K)
[13.165s][info ][gc             ] GC(166) Pause Young (Allocation Failure) 140M->4M(495M) 0.459ms
[13.165s][info ][gc,cpu         ] GC(166) User=0.01s Sys=0.00s Real=0.00s
[13.175s][info ][gc,start       ] GC(167) Pause Young (Allocation Failure)
[13.175s][info ][gc,task        ] GC(167) Using 9 workers of 9 for evacuation
[13.175s][debug][gc,age         ] GC(167) Desired survivor size 8945664 bytes, new threshold 6 (max threshold 6)
[13.175s][trace][gc,age         ] GC(167) Age table with threshold 6 (max threshold 6)
[13.175s][trace][gc,age         ] GC(167) - age   1:        192 bytes,        192 total
[13.175s][info ][gc,heap        ] GC(167) ParNew: 140279K->6K(157376K)
[13.175s][info ][gc,heap        ] GC(167) CMS: 3752K->3752K(349568K)
[13.175s][info ][gc,metaspace   ] GC(167) Metaspace: 16007K(16640K)->16007K(16640K) NonClass: 14272K(14592K)->14272K(14592K) Class: 1734K(2048K)->1734K(2048K)
[13.175s][info ][gc             ] GC(167) Pause Young (Allocation Failure) 140M->3M(495M) 0.407ms
[13.175s][info ][gc,cpu         ] GC(167) User=0.01s Sys=0.00s Real=0.00s
[13.185s][info ][gc,start       ] GC(168) Pause Young (Allocation Failure)
[13.185s][info ][gc,task        ] GC(168) Using 9 workers of 9 for evacuation
[13.185s][debug][gc,age         ] GC(168) Desired survivor size 8945664 bytes, new threshold 6 (max threshold 6)
[13.185s][trace][gc,age         ] GC(168) Age table with threshold 6 (max threshold 6)
[13.185s][trace][gc,age         ] GC(168) - age   1:     400208 bytes,     400208 total
[13.185s][info ][gc,heap        ] GC(168) ParNew: 139886K->396K(157376K)
[13.185s][info ][gc,heap        ] GC(168) CMS: 3752K->3752K(349568K)
[13.185s][info ][gc,metaspace   ] GC(168) Metaspace: 16007K(16640K)->16007K(16640K) NonClass: 14272K(14592K)->14272K(14592K) Class: 1734K(2048K)->1734K(2048K)
[13.185s][info ][gc             ] GC(168) Pause Young (Allocation Failure) 140M->4M(495M) 0.397ms
[13.185s][info ][gc,cpu         ] GC(168) User=0.00s Sys=0.00s Real=0.00s
[13.195s][info ][gc,start       ] GC(169) Pause Young (Allocation Failure)
[13.195s][info ][gc,task        ] GC(169) Using 9 workers of 9 for evacuation
[13.195s][debug][gc,age         ] GC(169) Desired survivor size 8945664 bytes, new threshold 6 (max threshold 6)
[13.195s][trace][gc,age         ] GC(169) Age table with threshold 6 (max threshold 6)
[13.195s][trace][gc,age         ] GC(169) - age   1:        192 bytes,        192 total
[13.195s][info ][gc,heap        ] GC(169) ParNew: 140282K->4K(157376K)
[13.195s][info ][gc,heap        ] GC(169) CMS: 3752K->3752K(349568K)
[13.195s][info ][gc,metaspace   ] GC(169) Metaspace: 16007K(16640K)->16007K(16640K) NonClass: 14272K(14592K)->14272K(14592K) Class: 1734K(2048K)->1734K(2048K)
[13.195s][info ][gc             ] GC(169) Pause Young (Allocation Failure) 140M->3M(495M) 0.387ms
[13.195s][info ][gc,cpu         ] GC(169) User=0.00s Sys=0.00s Real=0.00s
[13.204s][info ][gc,start       ] GC(170) Pause Young (Allocation Failure)
[13.204s][info ][gc,task        ] GC(170) Using 9 workers of 9 for evacuation
[13.205s][debug][gc,age         ] GC(170) Desired survivor size 8945664 bytes, new threshold 6 (max threshold 6)
[13.205s][trace][gc,age         ] GC(170) Age table with threshold 6 (max threshold 6)
[13.205s][trace][gc,age         ] GC(170) - age   1:     400208 bytes,     400208 total
[13.205s][info ][gc,heap        ] GC(170) ParNew: 139865K->396K(157376K)
[13.205s][info ][gc,heap        ] GC(170) CMS: 3752K->3752K(349568K)
[13.205s][info ][gc,metaspace   ] GC(170) Metaspace: 16007K(16640K)->16007K(16640K) NonClass: 14272K(14592K)->14272K(14592K) Class: 1734K(2048K)->1734K(2048K)
[13.205s][info ][gc             ] GC(170) Pause Young (Allocation Failure) 140M->4M(495M) 0.325ms
[13.205s][info ][gc,cpu         ] GC(170) User=0.00s Sys=0.00s Real=0.00s
[13.214s][info ][gc,start       ] GC(171) Pause Young (Allocation Failure)
[13.214s][info ][gc,task        ] GC(171) Using 9 workers of 9 for evacuation
[13.215s][debug][gc,age         ] GC(171) Desired survivor size 8945664 bytes, new threshold 6 (max threshold 6)
[13.215s][trace][gc,age         ] GC(171) Age table with threshold 6 (max threshold 6)
[13.215s][trace][gc,age         ] GC(171) - age   1:        192 bytes,        192 total
[13.215s][info ][gc,heap        ] GC(171) ParNew: 140170K->6K(157376K)
[13.215s][info ][gc,heap        ] GC(171) CMS: 3752K->3752K(349568K)
[13.215s][info ][gc,metaspace   ] GC(171) Metaspace: 16007K(16640K)->16007K(16640K) NonClass: 14272K(14592K)->14272K(14592K) Class: 1734K(2048K)->1734K(2048K)
[13.215s][info ][gc             ] GC(171) Pause Young (Allocation Failure) 140M->3M(495M) 0.444ms
[13.215s][info ][gc,cpu         ] GC(171) User=0.00s Sys=0.00s Real=0.00s
[13.224s][info ][gc,start       ] GC(172) Pause Young (Allocation Failure)
[13.224s][info ][gc,task        ] GC(172) Using 9 workers of 9 for evacuation
[13.225s][debug][gc,age         ] GC(172) Desired survivor size 8945664 bytes, new threshold 6 (max threshold 6)
[13.225s][trace][gc,age         ] GC(172) Age table with threshold 6 (max threshold 6)
[13.225s][trace][gc,age         ] GC(172) - age   1:     400208 bytes,     400208 total
[13.225s][info ][gc,heap        ] GC(172) ParNew: 139826K->398K(157376K)
[13.225s][info ][gc,heap        ] GC(172) CMS: 3752K->3752K(349568K)
[13.225s][info ][gc,metaspace   ] GC(172) Metaspace: 16007K(16640K)->16007K(16640K) NonClass: 14272K(14592K)->14272K(14592K) Class: 1734K(2048K)->1734K(2048K)
[13.225s][info ][gc             ] GC(172) Pause Young (Allocation Failure) 140M->4M(495M) 0.463ms
[13.225s][info ][gc,cpu         ] GC(172) User=0.00s Sys=0.00s Real=0.00s
[13.234s][info ][gc,start       ] GC(173) Pause Young (Allocation Failure)
[13.234s][info ][gc,task        ] GC(173) Using 9 workers of 9 for evacuation
[13.235s][debug][gc,age         ] GC(173) Desired survivor size 8945664 bytes, new threshold 6 (max threshold 6)
[13.235s][trace][gc,age         ] GC(173) Age table with threshold 6 (max threshold 6)
[13.235s][trace][gc,age         ] GC(173) - age   1:        192 bytes,        192 total
[13.235s][info ][gc,heap        ] GC(173) ParNew: 140240K->6K(157376K)
[13.235s][info ][gc,heap        ] GC(173) CMS: 3752K->3752K(349568K)
[13.235s][info ][gc,metaspace   ] GC(173) Metaspace: 16007K(16640K)->16007K(16640K) NonClass: 14272K(14592K)->14272K(14592K) Class: 1734K(2048K)->1734K(2048K)
[13.235s][info ][gc             ] GC(173) Pause Young (Allocation Failure) 140M->3M(495M) 0.407ms
[13.235s][info ][gc,cpu         ] GC(173) User=0.00s Sys=0.00s Real=0.00s
[13.244s][info ][gc,start       ] GC(174) Pause Young (Allocation Failure)
[13.244s][info ][gc,task        ] GC(174) Using 9 workers of 9 for evacuation
[13.245s][debug][gc,age         ] GC(174) Desired survivor size 8945664 bytes, new threshold 6 (max threshold 6)
[13.245s][trace][gc,age         ] GC(174) Age table with threshold 6 (max threshold 6)
[13.245s][trace][gc,age         ] GC(174) - age   1:     400208 bytes,     400208 total
[13.245s][info ][gc,heap        ] GC(174) ParNew: 139889K->396K(157376K)
[13.245s][info ][gc,heap        ] GC(174) CMS: 3752K->3752K(349568K)
[13.245s][info ][gc,metaspace   ] GC(174) Metaspace: 16007K(16640K)->16007K(16640K) NonClass: 14272K(14592K)->14272K(14592K) Class: 1734K(2048K)->1734K(2048K)
[13.245s][info ][gc             ] GC(174) Pause Young (Allocation Failure) 140M->4M(495M) 0.418ms
[13.245s][info ][gc,cpu         ] GC(174) User=0.00s Sys=0.00s Real=0.00s
[13.254s][info ][gc,start       ] GC(175) Pause Young (Allocation Failure)
[13.254s][info ][gc,task        ] GC(175) Using 9 workers of 9 for evacuation
[13.254s][debug][gc,age         ] GC(175) Desired survivor size 8945664 bytes, new threshold 6 (max threshold 6)
[13.254s][trace][gc,age         ] GC(175) Age table with threshold 6 (max threshold 6)
[13.254s][trace][gc,age         ] GC(175) - age   1:        192 bytes,        192 total
[13.254s][info ][gc,heap        ] GC(175) ParNew: 140275K->8K(157376K)
[13.254s][info ][gc,heap        ] GC(175) CMS: 3752K->3752K(349568K)
[13.255s][info ][gc,metaspace   ] GC(175) Metaspace: 16007K(16640K)->16007K(16640K) NonClass: 14272K(14592K)->14272K(14592K) Class: 1734K(2048K)->1734K(2048K)
[13.255s][info ][gc             ] GC(175) Pause Young (Allocation Failure) 140M->3M(495M) 0.483ms
[13.255s][info ][gc,cpu         ] GC(175) User=0.01s Sys=0.00s Real=0.00s
[13.264s][info ][gc,start       ] GC(176) Pause Young (Allocation Failure)
[13.264s][info ][gc,task        ] GC(176) Using 9 workers of 9 for evacuation
[13.264s][debug][gc,age         ] GC(176) Desired survivor size 8945664 bytes, new threshold 6 (max threshold 6)
[13.264s][trace][gc,age         ] GC(176) Age table with threshold 6 (max threshold 6)
[13.264s][trace][gc,age         ] GC(176) - age   1:     400208 bytes,     400208 total
[13.264s][info ][gc,heap        ] GC(176) ParNew: 139894K->396K(157376K)
[13.264s][info ][gc,heap        ] GC(176) CMS: 3752K->3752K(349568K)
[13.264s][info ][gc,metaspace   ] GC(176) Metaspace: 16007K(16640K)->16007K(16640K) NonClass: 14272K(14592K)->14272K(14592K) Class: 1734K(2048K)->1734K(2048K)
[13.264s][info ][gc             ] GC(176) Pause Young (Allocation Failure) 140M->4M(495M) 0.344ms
[13.264s][info ][gc,cpu         ] GC(176) User=0.01s Sys=0.00s Real=0.00s
[13.274s][info ][gc,start       ] GC(177) Pause Young (Allocation Failure)
[13.274s][info ][gc,task        ] GC(177) Using 9 workers of 9 for evacuation
[13.274s][debug][gc,age         ] GC(177) Desired survivor size 8945664 bytes, new threshold 6 (max threshold 6)
[13.274s][trace][gc,age         ] GC(177) Age table with threshold 6 (max threshold 6)
[13.274s][trace][gc,age         ] GC(177) - age   1:        192 bytes,        192 total
[13.274s][info ][gc,heap        ] GC(177) ParNew: 140285K->6K(157376K)
[13.274s][info ][gc,heap        ] GC(177) CMS: 3752K->3752K(349568K)
[13.274s][info ][gc,metaspace   ] GC(177) Metaspace: 16007K(16640K)->16007K(16640K) NonClass: 14272K(14592K)->14272K(14592K) Class: 1734K(2048K)->1734K(2048K)
[13.274s][info ][gc             ] GC(177) Pause Young (Allocation Failure) 140M->3M(495M) 0.384ms
[13.274s][info ][gc,cpu         ] GC(177) User=0.01s Sys=0.00s Real=0.00s
[13.284s][info ][gc,start       ] GC(178) Pause Young (Allocation Failure)
[13.284s][info ][gc,task        ] GC(178) Using 9 workers of 9 for evacuation
[13.284s][debug][gc,age         ] GC(178) Desired survivor size 8945664 bytes, new threshold 6 (max threshold 6)
[13.284s][trace][gc,age         ] GC(178) Age table with threshold 6 (max threshold 6)
[13.284s][trace][gc,age         ] GC(178) - age   1:     400208 bytes,     400208 total
[13.284s][info ][gc,heap        ] GC(178) ParNew: 139882K->396K(157376K)
[13.284s][info ][gc,heap        ] GC(178) CMS: 3752K->3752K(349568K)
[13.284s][info ][gc,metaspace   ] GC(178) Metaspace: 16007K(16640K)->16007K(16640K) NonClass: 14272K(14592K)->14272K(14592K) Class: 1734K(2048K)->1734K(2048K)
[13.284s][info ][gc             ] GC(178) Pause Young (Allocation Failure) 140M->4M(495M) 0.374ms
[13.284s][info ][gc,cpu         ] GC(178) User=0.00s Sys=0.00s Real=0.00s
[13.294s][info ][gc,start       ] GC(179) Pause Young (Allocation Failure)
[13.294s][info ][gc,task        ] GC(179) Using 9 workers of 9 for evacuation
[13.294s][debug][gc,age         ] GC(179) Desired survivor size 8945664 bytes, new threshold 6 (max threshold 6)
[13.294s][trace][gc,age         ] GC(179) Age table with threshold 6 (max threshold 6)
[13.294s][trace][gc,age         ] GC(179) - age   1:        192 bytes,        192 total
[13.294s][info ][gc,heap        ] GC(179) ParNew: 140261K->6K(157376K)
[13.294s][info ][gc,heap        ] GC(179) CMS: 3752K->3752K(349568K)
[13.294s][info ][gc,metaspace   ] GC(179) Metaspace: 16007K(16640K)->16007K(16640K) NonClass: 14272K(14592K)->14272K(14592K) Class: 1734K(2048K)->1734K(2048K)
[13.294s][info ][gc             ] GC(179) Pause Young (Allocation Failure) 140M->3M(495M) 0.415ms
[13.294s][info ][gc,cpu         ] GC(179) User=0.00s Sys=0.00s Real=0.00s
[13.304s][info ][gc,start       ] GC(180) Pause Young (Allocation Failure)
[13.304s][info ][gc,task        ] GC(180) Using 9 workers of 9 for evacuation
[13.304s][debug][gc,age         ] GC(180) Desired survivor size 8945664 bytes, new threshold 6 (max threshold 6)
[13.304s][trace][gc,age         ] GC(180) Age table with threshold 6 (max threshold 6)
[13.304s][trace][gc,age         ] GC(180) - age   1:     400208 bytes,     400208 total
[13.304s][info ][gc,heap        ] GC(180) ParNew: 139876K->394K(157376K)
[13.304s][info ][gc,heap        ] GC(180) CMS: 3752K->3752K(349568K)
[13.304s][info ][gc,metaspace   ] GC(180) Metaspace: 16007K(16640K)->16007K(16640K) NonClass: 14272K(14592K)->14272K(14592K) Class: 1734K(2048K)->1734K(2048K)
[13.304s][info ][gc             ] GC(180) Pause Young (Allocation Failure) 140M->4M(495M) 0.472ms
[13.304s][info ][gc,cpu         ] GC(180) User=0.00s Sys=0.00s Real=0.00s
[13.314s][info ][gc,start       ] GC(181) Pause Young (Allocation Failure)
[13.314s][info ][gc,task        ] GC(181) Using 9 workers of 9 for evacuation
[13.314s][debug][gc,age         ] GC(181) Desired survivor size 8945664 bytes, new threshold 6 (max threshold 6)
[13.314s][trace][gc,age         ] GC(181) Age table with threshold 6 (max threshold 6)
[13.314s][trace][gc,age         ] GC(181) - age   1:        192 bytes,        192 total
[13.314s][info ][gc,heap        ] GC(181) ParNew: 140284K->6K(157376K)
[13.314s][info ][gc,heap        ] GC(181) CMS: 3752K->3752K(349568K)
[13.314s][info ][gc,metaspace   ] GC(181) Metaspace: 16007K(16640K)->16007K(16640K) NonClass: 14272K(14592K)->14272K(14592K) Class: 1734K(2048K)->1734K(2048K)
[13.314s][info ][gc             ] GC(181) Pause Young (Allocation Failure) 140M->3M(495M) 0.487ms
[13.314s][info ][gc,cpu         ] GC(181) User=0.00s Sys=0.00s Real=0.00s
[13.324s][info ][gc,start       ] GC(182) Pause Young (Allocation Failure)
[13.324s][info ][gc,task        ] GC(182) Using 9 workers of 9 for evacuation
[13.324s][debug][gc,age         ] GC(182) Desired survivor size 8945664 bytes, new threshold 6 (max threshold 6)
[13.324s][trace][gc,age         ] GC(182) Age table with threshold 6 (max threshold 6)
[13.324s][trace][gc,age         ] GC(182) - age   1:     400208 bytes,     400208 total
[13.324s][info ][gc,heap        ] GC(182) ParNew: 139894K->398K(157376K)
[13.324s][info ][gc,heap        ] GC(182) CMS: 3752K->3752K(349568K)
[13.324s][info ][gc,metaspace   ] GC(182) Metaspace: 16007K(16640K)->16007K(16640K) NonClass: 14272K(14592K)->14272K(14592K) Class: 1734K(2048K)->1734K(2048K)
[13.324s][info ][gc             ] GC(182) Pause Young (Allocation Failure) 140M->4M(495M) 0.379ms
[13.324s][info ][gc,cpu         ] GC(182) User=0.00s Sys=0.00s Real=0.00s
[13.334s][info ][gc,start       ] GC(183) Pause Young (Allocation Failure)
[13.334s][info ][gc,task        ] GC(183) Using 9 workers of 9 for evacuation
[13.334s][debug][gc,age         ] GC(183) Desired survivor size 8945664 bytes, new threshold 6 (max threshold 6)
[13.334s][trace][gc,age         ] GC(183) Age table with threshold 6 (max threshold 6)
[13.334s][trace][gc,age         ] GC(183) - age   1:        192 bytes,        192 total
[13.334s][info ][gc,heap        ] GC(183) ParNew: 140281K->6K(157376K)
[13.334s][info ][gc,heap        ] GC(183) CMS: 3752K->3752K(349568K)
[13.334s][info ][gc,metaspace   ] GC(183) Metaspace: 16007K(16640K)->16007K(16640K) NonClass: 14272K(14592K)->14272K(14592K) Class: 1734K(2048K)->1734K(2048K)
[13.334s][info ][gc             ] GC(183) Pause Young (Allocation Failure) 140M->3M(495M) 0.416ms
[13.334s][info ][gc,cpu         ] GC(183) User=0.00s Sys=0.00s Real=0.00s
[13.344s][info ][gc,start       ] GC(184) Pause Young (Allocation Failure)
[13.344s][info ][gc,task        ] GC(184) Using 9 workers of 9 for evacuation
[13.344s][debug][gc,age         ] GC(184) Desired survivor size 8945664 bytes, new threshold 6 (max threshold 6)
[13.344s][trace][gc,age         ] GC(184) Age table with threshold 6 (max threshold 6)
[13.344s][trace][gc,age         ] GC(184) - age   1:     400208 bytes,     400208 total
[13.344s][info ][gc,heap        ] GC(184) ParNew: 139886K->396K(157376K)
[13.344s][info ][gc,heap        ] GC(184) CMS: 3752K->3752K(349568K)
[13.344s][info ][gc,metaspace   ] GC(184) Metaspace: 16007K(16640K)->16007K(16640K) NonClass: 14272K(14592K)->14272K(14592K) Class: 1734K(2048K)->1734K(2048K)
[13.344s][info ][gc             ] GC(184) Pause Young (Allocation Failure) 140M->4M(495M) 0.362ms
[13.344s][info ][gc,cpu         ] GC(184) User=0.00s Sys=0.00s Real=0.00s
[13.353s][info ][gc,start       ] GC(185) Pause Young (Allocation Failure)
[13.353s][info ][gc,task        ] GC(185) Using 9 workers of 9 for evacuation
[13.354s][debug][gc,age         ] GC(185) Desired survivor size 8945664 bytes, new threshold 6 (max threshold 6)
[13.354s][trace][gc,age         ] GC(185) Age table with threshold 6 (max threshold 6)
[13.354s][trace][gc,age         ] GC(185) - age   1:        192 bytes,        192 total
[13.354s][info ][gc,heap        ] GC(185) ParNew: 140294K->8K(157376K)
[13.354s][info ][gc,heap        ] GC(185) CMS: 3752K->3752K(349568K)
[13.354s][info ][gc,metaspace   ] GC(185) Metaspace: 16007K(16640K)->16007K(16640K) NonClass: 14272K(14592K)->14272K(14592K) Class: 1734K(2048K)->1734K(2048K)
[13.354s][info ][gc             ] GC(185) Pause Young (Allocation Failure) 140M->3M(495M) 0.517ms
[13.354s][info ][gc,cpu         ] GC(185) User=0.01s Sys=0.00s Real=0.00s
[13.363s][info ][gc,start       ] GC(186) Pause Young (Allocation Failure)
[13.363s][info ][gc,task        ] GC(186) Using 9 workers of 9 for evacuation
[13.364s][debug][gc,age         ] GC(186) Desired survivor size 8945664 bytes, new threshold 6 (max threshold 6)
[13.364s][trace][gc,age         ] GC(186) Age table with threshold 6 (max threshold 6)
[13.364s][trace][gc,age         ] GC(186) - age   1:     400208 bytes,     400208 total
[13.364s][info ][gc,heap        ] GC(186) ParNew: 139870K->396K(157376K)
[13.364s][info ][gc,heap        ] GC(186) CMS: 3752K->3752K(349568K)
[13.364s][info ][gc,metaspace   ] GC(186) Metaspace: 16007K(16640K)->16007K(16640K) NonClass: 14272K(14592K)->14272K(14592K) Class: 1734K(2048K)->1734K(2048K)
[13.364s][info ][gc             ] GC(186) Pause Young (Allocation Failure) 140M->4M(495M) 0.472ms
[13.364s][info ][gc,cpu         ] GC(186) User=0.01s Sys=0.00s Real=0.00s
[13.373s][info ][gc,start       ] GC(187) Pause Young (Allocation Failure)
[13.373s][info ][gc,task        ] GC(187) Using 9 workers of 9 for evacuation
[13.374s][debug][gc,age         ] GC(187) Desired survivor size 8945664 bytes, new threshold 6 (max threshold 6)
[13.374s][trace][gc,age         ] GC(187) Age table with threshold 6 (max threshold 6)
[13.374s][trace][gc,age         ] GC(187) - age   1:        192 bytes,        192 total
[13.374s][info ][gc,heap        ] GC(187) ParNew: 140265K->4K(157376K)
[13.374s][info ][gc,heap        ] GC(187) CMS: 3752K->3752K(349568K)
[13.374s][info ][gc,metaspace   ] GC(187) Metaspace: 16007K(16640K)->16007K(16640K) NonClass: 14272K(14592K)->14272K(14592K) Class: 1734K(2048K)->1734K(2048K)
[13.374s][info ][gc             ] GC(187) Pause Young (Allocation Failure) 140M->3M(495M) 0.423ms
[13.374s][info ][gc,cpu         ] GC(187) User=0.00s Sys=0.00s Real=0.00s
[13.383s][info ][gc,start       ] GC(188) Pause Young (Allocation Failure)
[13.383s][info ][gc,task        ] GC(188) Using 9 workers of 9 for evacuation
[13.384s][debug][gc,age         ] GC(188) Desired survivor size 8945664 bytes, new threshold 6 (max threshold 6)
[13.384s][trace][gc,age         ] GC(188) Age table with threshold 6 (max threshold 6)
[13.384s][trace][gc,age         ] GC(188) - age   1:     400208 bytes,     400208 total
[13.384s][info ][gc,heap        ] GC(188) ParNew: 139886K->396K(157376K)
[13.384s][info ][gc,heap        ] GC(188) CMS: 3752K->3752K(349568K)
[13.384s][info ][gc,metaspace   ] GC(188) Metaspace: 16007K(16640K)->16007K(16640K) NonClass: 14272K(14592K)->14272K(14592K) Class: 1734K(2048K)->1734K(2048K)
[13.384s][info ][gc             ] GC(188) Pause Young (Allocation Failure) 140M->4M(495M) 0.421ms
[13.384s][info ][gc,cpu         ] GC(188) User=0.00s Sys=0.00s Real=0.00s
[13.393s][info ][gc,start       ] GC(189) Pause Young (Allocation Failure)
[13.393s][info ][gc,task        ] GC(189) Using 9 workers of 9 for evacuation
[13.394s][debug][gc,age         ] GC(189) Desired survivor size 8945664 bytes, new threshold 6 (max threshold 6)
[13.394s][trace][gc,age         ] GC(189) Age table with threshold 6 (max threshold 6)
[13.394s][trace][gc,age         ] GC(189) - age   1:        192 bytes,        192 total
[13.394s][info ][gc,heap        ] GC(189) ParNew: 140268K->6K(157376K)
[13.394s][info ][gc,heap        ] GC(189) CMS: 3752K->3752K(349568K)
[13.394s][info ][gc,metaspace   ] GC(189) Metaspace: 16007K(16640K)->16007K(16640K) NonClass: 14272K(14592K)->14272K(14592K) Class: 1734K(2048K)->1734K(2048K)
[13.394s][info ][gc             ] GC(189) Pause Young (Allocation Failure) 140M->3M(495M) 0.501ms
[13.394s][info ][gc,cpu         ] GC(189) User=0.00s Sys=0.00s Real=0.00s
[13.403s][info ][gc,start       ] GC(190) Pause Young (Allocation Failure)
[13.403s][info ][gc,task        ] GC(190) Using 9 workers of 9 for evacuation
[13.404s][debug][gc,age         ] GC(190) Desired survivor size 8945664 bytes, new threshold 6 (max threshold 6)
[13.404s][trace][gc,age         ] GC(190) Age table with threshold 6 (max threshold 6)
[13.404s][trace][gc,age         ] GC(190) - age   1:     400208 bytes,     400208 total
[13.404s][info ][gc,heap        ] GC(190) ParNew: 139890K->396K(157376K)
[13.404s][info ][gc,heap        ] GC(190) CMS: 3752K->3752K(349568K)
[13.404s][info ][gc,metaspace   ] GC(190) Metaspace: 16007K(16640K)->16007K(16640K) NonClass: 14272K(14592K)->14272K(14592K) Class: 1734K(2048K)->1734K(2048K)
[13.404s][info ][gc             ] GC(190) Pause Young (Allocation Failure) 140M->4M(495M) 0.444ms
[13.404s][info ][gc,cpu         ] GC(190) User=0.00s Sys=0.00s Real=0.00s
[13.413s][info ][gc,start       ] GC(191) Pause Young (Allocation Failure)
[13.413s][info ][gc,task        ] GC(191) Using 9 workers of 9 for evacuation
[13.413s][debug][gc,age         ] GC(191) Desired survivor size 8945664 bytes, new threshold 6 (max threshold 6)
[13.413s][trace][gc,age         ] GC(191) Age table with threshold 6 (max threshold 6)
[13.413s][trace][gc,age         ] GC(191) - age   1:        192 bytes,        192 total
[13.413s][info ][gc,heap        ] GC(191) ParNew: 140280K->6K(157376K)
[13.413s][info ][gc,heap        ] GC(191) CMS: 3752K->3752K(349568K)
[13.413s][info ][gc,metaspace   ] GC(191) Metaspace: 16007K(16640K)->16007K(16640K) NonClass: 14272K(14592K)->14272K(14592K) Class: 1734K(2048K)->1734K(2048K)
[13.413s][info ][gc             ] GC(191) Pause Young (Allocation Failure) 140M->3M(495M) 0.368ms
[13.413s][info ][gc,cpu         ] GC(191) User=0.00s Sys=0.00s Real=0.00s
[13.424s][info ][gc,start       ] GC(192) Pause Young (Allocation Failure)
[13.424s][info ][gc,task        ] GC(192) Using 9 workers of 9 for evacuation
[13.424s][debug][gc,age         ] GC(192) Desired survivor size 8945664 bytes, new threshold 6 (max threshold 6)
[13.424s][trace][gc,age         ] GC(192) Age table with threshold 6 (max threshold 6)
[13.424s][trace][gc,age         ] GC(192) - age   1:     400208 bytes,     400208 total
[13.424s][info ][gc,heap        ] GC(192) ParNew: 139887K->398K(157376K)
[13.424s][info ][gc,heap        ] GC(192) CMS: 3752K->3752K(349568K)
[13.424s][info ][gc,metaspace   ] GC(192) Metaspace: 16007K(16640K)->16007K(16640K) NonClass: 14272K(14592K)->14272K(14592K) Class: 1734K(2048K)->1734K(2048K)
[13.424s][info ][gc             ] GC(192) Pause Young (Allocation Failure) 140M->4M(495M) 0.469ms
[13.424s][info ][gc,cpu         ] GC(192) User=0.01s Sys=0.00s Real=0.00s
[13.434s][info ][gc,start       ] GC(193) Pause Young (Allocation Failure)
[13.434s][info ][gc,task        ] GC(193) Using 9 workers of 9 for evacuation
[13.434s][debug][gc,age         ] GC(193) Desired survivor size 8945664 bytes, new threshold 6 (max threshold 6)
[13.434s][trace][gc,age         ] GC(193) Age table with threshold 6 (max threshold 6)
[13.434s][trace][gc,age         ] GC(193) - age   1:        192 bytes,        192 total
[13.434s][info ][gc,heap        ] GC(193) ParNew: 140286K->4K(157376K)
[13.434s][info ][gc,heap        ] GC(193) CMS: 3752K->3752K(349568K)
[13.434s][info ][gc,metaspace   ] GC(193) Metaspace: 16007K(16640K)->16007K(16640K) NonClass: 14272K(14592K)->14272K(14592K) Class: 1734K(2048K)->1734K(2048K)
[13.434s][info ][gc             ] GC(193) Pause Young (Allocation Failure) 140M->3M(495M) 0.424ms
[13.434s][info ][gc,cpu         ] GC(193) User=0.01s Sys=0.00s Real=0.00s
[13.445s][info ][gc,start       ] GC(194) Pause Young (Allocation Failure)
[13.445s][info ][gc,task        ] GC(194) Using 9 workers of 9 for evacuation
[13.445s][debug][gc,age         ] GC(194) Desired survivor size 8945664 bytes, new threshold 6 (max threshold 6)
[13.445s][trace][gc,age         ] GC(194) Age table with threshold 6 (max threshold 6)
[13.445s][trace][gc,age         ] GC(194) - age   1:     400208 bytes,     400208 total
[13.445s][info ][gc,heap        ] GC(194) ParNew: 139889K->394K(157376K)
[13.445s][info ][gc,heap        ] GC(194) CMS: 3752K->3752K(349568K)
[13.445s][info ][gc,metaspace   ] GC(194) Metaspace: 16007K(16640K)->16007K(16640K) NonClass: 14272K(14592K)->14272K(14592K) Class: 1734K(2048K)->1734K(2048K)
[13.445s][info ][gc             ] GC(194) Pause Young (Allocation Failure) 140M->4M(495M) 0.434ms
[13.445s][info ][gc,cpu         ] GC(194) User=0.01s Sys=0.00s Real=0.00s
[13.455s][info ][gc,start       ] GC(195) Pause Young (Allocation Failure)
[13.455s][info ][gc,task        ] GC(195) Using 9 workers of 9 for evacuation
[13.463s][debug][gc,age         ] GC(195) Desired survivor size 8945664 bytes, new threshold 6 (max threshold 6)
[13.463s][trace][gc,age         ] GC(195) Age table with threshold 6 (max threshold 6)
[13.463s][trace][gc,age         ] GC(195) - age   1:     400208 bytes,     400208 total
[13.463s][info ][gc,heap        ] GC(195) ParNew: 139909K->396K(157376K)
[13.463s][info ][gc,heap        ] GC(195) CMS: 3752K->3752K(349568K)
[13.463s][info ][gc,metaspace   ] GC(195) Metaspace: 16007K(16640K)->16007K(16640K) NonClass: 14272K(14592K)->14272K(14592K) Class: 1734K(2048K)->1734K(2048K)
[13.463s][info ][gc             ] GC(195) Pause Young (Allocation Failure) 140M->4M(495M) 7.969ms
[13.463s][info ][gc,cpu         ] GC(195) User=0.01s Sys=0.00s Real=0.01s
[13.472s][info ][gc,start       ] GC(196) Pause Young (Allocation Failure)
[13.472s][info ][gc,task        ] GC(196) Using 9 workers of 9 for evacuation
[13.473s][debug][gc,age         ] GC(196) Desired survivor size 8945664 bytes, new threshold 6 (max threshold 6)
[13.473s][trace][gc,age         ] GC(196) Age table with threshold 6 (max threshold 6)
[13.473s][trace][gc,age         ] GC(196) - age   1:        192 bytes,        192 total
[13.473s][info ][gc,heap        ] GC(196) ParNew: 140292K->6K(157376K)
[13.473s][info ][gc,heap        ] GC(196) CMS: 3752K->3752K(349568K)
[13.473s][info ][gc,metaspace   ] GC(196) Metaspace: 16007K(16640K)->16007K(16640K) NonClass: 14272K(14592K)->14272K(14592K) Class: 1734K(2048K)->1734K(2048K)
[13.473s][info ][gc             ] GC(196) Pause Young (Allocation Failure) 140M->3M(495M) 0.444ms
[13.473s][info ][gc,cpu         ] GC(196) User=0.00s Sys=0.00s Real=0.00s
[13.482s][info ][gc,start       ] GC(197) Pause Young (Allocation Failure)
[13.482s][info ][gc,task        ] GC(197) Using 9 workers of 9 for evacuation
[13.483s][debug][gc,age         ] GC(197) Desired survivor size 8945664 bytes, new threshold 6 (max threshold 6)
[13.483s][trace][gc,age         ] GC(197) Age table with threshold 6 (max threshold 6)
[13.483s][trace][gc,age         ] GC(197) - age   1:        192 bytes,        192 total
[13.483s][info ][gc,heap        ] GC(197) ParNew: 139521K->6K(157376K)
[13.483s][info ][gc,heap        ] GC(197) CMS: 3752K->3752K(349568K)
[13.483s][info ][gc,metaspace   ] GC(197) Metaspace: 16007K(16640K)->16007K(16640K) NonClass: 14272K(14592K)->14272K(14592K) Class: 1734K(2048K)->1734K(2048K)
[13.483s][info ][gc             ] GC(197) Pause Young (Allocation Failure) 139M->3M(495M) 0.437ms
[13.483s][info ][gc,cpu         ] GC(197) User=0.00s Sys=0.00s Real=0.00s
[13.492s][info ][gc,start       ] GC(198) Pause Young (Allocation Failure)
[13.492s][info ][gc,task        ] GC(198) Using 9 workers of 9 for evacuation
[13.492s][debug][gc,age         ] GC(198) Desired survivor size 8945664 bytes, new threshold 6 (max threshold 6)
[13.492s][trace][gc,age         ] GC(198) Age table with threshold 6 (max threshold 6)
[13.492s][trace][gc,age         ] GC(198) - age   1:     400208 bytes,     400208 total
[13.492s][info ][gc,heap        ] GC(198) ParNew: 139874K->396K(157376K)
[13.492s][info ][gc,heap        ] GC(198) CMS: 3752K->3752K(349568K)
[13.492s][info ][gc,metaspace   ] GC(198) Metaspace: 16007K(16640K)->16007K(16640K) NonClass: 14272K(14592K)->14272K(14592K) Class: 1734K(2048K)->1734K(2048K)
[13.493s][info ][gc             ] GC(198) Pause Young (Allocation Failure) 140M->4M(495M) 0.345ms
[13.493s][info ][gc,cpu         ] GC(198) User=0.00s Sys=0.00s Real=0.00s
[13.502s][info ][gc,start       ] GC(199) Pause Young (Allocation Failure)
[13.502s][info ][gc,task        ] GC(199) Using 9 workers of 9 for evacuation
[13.502s][debug][gc,age         ] GC(199) Desired survivor size 8945664 bytes, new threshold 6 (max threshold 6)
[13.502s][trace][gc,age         ] GC(199) Age table with threshold 6 (max threshold 6)
[13.502s][trace][gc,age         ] GC(199) - age   1:        192 bytes,        192 total
[13.502s][info ][gc,heap        ] GC(199) ParNew: 140265K->8K(157376K)
[13.502s][info ][gc,heap        ] GC(199) CMS: 3752K->3752K(349568K)
[13.502s][info ][gc,metaspace   ] GC(199) Metaspace: 16007K(16640K)->16007K(16640K) NonClass: 14272K(14592K)->14272K(14592K) Class: 1734K(2048K)->1734K(2048K)
[13.502s][info ][gc             ] GC(199) Pause Young (Allocation Failure) 140M->3M(495M) 0.432ms
[13.502s][info ][gc,cpu         ] GC(199) User=0.00s Sys=0.00s Real=0.00s
[13.512s][info ][gc,start       ] GC(200) Pause Young (Allocation Failure)
[13.512s][info ][gc,task        ] GC(200) Using 9 workers of 9 for evacuation
[13.512s][debug][gc,age         ] GC(200) Desired survivor size 8945664 bytes, new threshold 6 (max threshold 6)
[13.512s][trace][gc,age         ] GC(200) Age table with threshold 6 (max threshold 6)
[13.512s][trace][gc,age         ] GC(200) - age   1:     400208 bytes,     400208 total
[13.512s][info ][gc,heap        ] GC(200) ParNew: 139893K->396K(157376K)
[13.512s][info ][gc,heap        ] GC(200) CMS: 3752K->3752K(349568K)
[13.512s][info ][gc,metaspace   ] GC(200) Metaspace: 16007K(16640K)->16007K(16640K) NonClass: 14272K(14592K)->14272K(14592K) Class: 1734K(2048K)->1734K(2048K)
[13.512s][info ][gc             ] GC(200) Pause Young (Allocation Failure) 140M->4M(495M) 0.481ms
[13.512s][info ][gc,cpu         ] GC(200) User=0.00s Sys=0.00s Real=0.00s
[13.522s][info ][gc,start       ] GC(201) Pause Young (Allocation Failure)
[13.522s][info ][gc,task        ] GC(201) Using 9 workers of 9 for evacuation
[13.522s][debug][gc,age         ] GC(201) Desired survivor size 8945664 bytes, new threshold 6 (max threshold 6)
[13.522s][trace][gc,age         ] GC(201) Age table with threshold 6 (max threshold 6)
[13.522s][trace][gc,age         ] GC(201) - age   1:        192 bytes,        192 total
[13.522s][info ][gc,heap        ] GC(201) ParNew: 140280K->8K(157376K)
[13.522s][info ][gc,heap        ] GC(201) CMS: 3752K->3752K(349568K)
[13.522s][info ][gc,metaspace   ] GC(201) Metaspace: 16007K(16640K)->16007K(16640K) NonClass: 14272K(14592K)->14272K(14592K) Class: 1734K(2048K)->1734K(2048K)
[13.522s][info ][gc             ] GC(201) Pause Young (Allocation Failure) 140M->3M(495M) 0.371ms
[13.522s][info ][gc,cpu         ] GC(201) User=0.00s Sys=0.00s Real=0.00s
[13.532s][info ][gc,start       ] GC(202) Pause Young (Allocation Failure)
[13.532s][info ][gc,task        ] GC(202) Using 9 workers of 9 for evacuation
[13.532s][debug][gc,age         ] GC(202) Desired survivor size 8945664 bytes, new threshold 6 (max threshold 6)
[13.532s][trace][gc,age         ] GC(202) Age table with threshold 6 (max threshold 6)
[13.532s][trace][gc,age         ] GC(202) - age   1:     400208 bytes,     400208 total
[13.532s][info ][gc,heap        ] GC(202) ParNew: 139889K->398K(157376K)
[13.532s][info ][gc,heap        ] GC(202) CMS: 3752K->3752K(349568K)
[13.532s][info ][gc,metaspace   ] GC(202) Metaspace: 16007K(16640K)->16007K(16640K) NonClass: 14272K(14592K)->14272K(14592K) Class: 1734K(2048K)->1734K(2048K)
[13.532s][info ][gc             ] GC(202) Pause Young (Allocation Failure) 140M->4M(495M) 0.503ms
[13.532s][info ][gc,cpu         ] GC(202) User=0.00s Sys=0.00s Real=0.00s
[13.542s][info ][gc,start       ] GC(203) Pause Young (Allocation Failure)
[13.542s][info ][gc,task        ] GC(203) Using 9 workers of 9 for evacuation
[13.542s][debug][gc,age         ] GC(203) Desired survivor size 8945664 bytes, new threshold 6 (max threshold 6)
[13.542s][trace][gc,age         ] GC(203) Age table with threshold 6 (max threshold 6)
[13.542s][trace][gc,age         ] GC(203) - age   1:        192 bytes,        192 total
[13.542s][info ][gc,heap        ] GC(203) ParNew: 140275K->6K(157376K)
[13.542s][info ][gc,heap        ] GC(203) CMS: 3752K->3752K(349568K)
[13.542s][info ][gc,metaspace   ] GC(203) Metaspace: 16007K(16640K)->16007K(16640K) NonClass: 14272K(14592K)->14272K(14592K) Class: 1734K(2048K)->1734K(2048K)
[13.542s][info ][gc             ] GC(203) Pause Young (Allocation Failure) 140M->3M(495M) 0.417ms
[13.542s][info ][gc,cpu         ] GC(203) User=0.01s Sys=0.00s Real=0.00s
[13.552s][info ][gc,start       ] GC(204) Pause Young (Allocation Failure)
[13.552s][info ][gc,task        ] GC(204) Using 9 workers of 9 for evacuation
[13.552s][debug][gc,age         ] GC(204) Desired survivor size 8945664 bytes, new threshold 6 (max threshold 6)
[13.552s][trace][gc,age         ] GC(204) Age table with threshold 6 (max threshold 6)
[13.552s][trace][gc,age         ] GC(204) - age   1:     400208 bytes,     400208 total
[13.552s][info ][gc,heap        ] GC(204) ParNew: 139904K->396K(157376K)
[13.552s][info ][gc,heap        ] GC(204) CMS: 3752K->3752K(349568K)
[13.552s][info ][gc,metaspace   ] GC(204) Metaspace: 16007K(16640K)->16007K(16640K) NonClass: 14272K(14592K)->14272K(14592K) Class: 1734K(2048K)->1734K(2048K)
[13.552s][info ][gc             ] GC(204) Pause Young (Allocation Failure) 140M->4M(495M) 0.412ms
[13.552s][info ][gc,cpu         ] GC(204) User=0.01s Sys=0.00s Real=0.00s
[13.562s][info ][gc,start       ] GC(205) Pause Young (Allocation Failure)
[13.562s][info ][gc,task        ] GC(205) Using 9 workers of 9 for evacuation
[13.562s][debug][gc,age         ] GC(205) Desired survivor size 8945664 bytes, new threshold 6 (max threshold 6)
[13.562s][trace][gc,age         ] GC(205) Age table with threshold 6 (max threshold 6)
[13.562s][trace][gc,age         ] GC(205) - age   1:        192 bytes,        192 total
[13.562s][info ][gc,heap        ] GC(205) ParNew: 140276K->6K(157376K)
[13.562s][info ][gc,heap        ] GC(205) CMS: 3752K->3752K(349568K)
[13.562s][info ][gc,metaspace   ] GC(205) Metaspace: 16007K(16640K)->16007K(16640K) NonClass: 14272K(14592K)->14272K(14592K) Class: 1734K(2048K)->1734K(2048K)
[13.562s][info ][gc             ] GC(205) Pause Young (Allocation Failure) 140M->3M(495M) 0.402ms
[13.562s][info ][gc,cpu         ] GC(205) User=0.00s Sys=0.00s Real=0.00s
[13.571s][info ][gc,start       ] GC(206) Pause Young (Allocation Failure)
[13.571s][info ][gc,task        ] GC(206) Using 9 workers of 9 for evacuation
[13.572s][debug][gc,age         ] GC(206) Desired survivor size 8945664 bytes, new threshold 6 (max threshold 6)
[13.572s][trace][gc,age         ] GC(206) Age table with threshold 6 (max threshold 6)
[13.572s][trace][gc,age         ] GC(206) - age   1:     400208 bytes,     400208 total
[13.572s][info ][gc,heap        ] GC(206) ParNew: 139881K->398K(157376K)
[13.572s][info ][gc,heap        ] GC(206) CMS: 3752K->3752K(349568K)
[13.572s][info ][gc,metaspace   ] GC(206) Metaspace: 16007K(16640K)->16007K(16640K) NonClass: 14272K(14592K)->14272K(14592K) Class: 1734K(2048K)->1734K(2048K)
[13.572s][info ][gc             ] GC(206) Pause Young (Allocation Failure) 140M->4M(495M) 0.501ms
[13.572s][info ][gc,cpu         ] GC(206) User=0.00s Sys=0.00s Real=0.00s
[13.581s][info ][gc,start       ] GC(207) Pause Young (Allocation Failure)
[13.581s][info ][gc,task        ] GC(207) Using 9 workers of 9 for evacuation
[13.582s][debug][gc,age         ] GC(207) Desired survivor size 8945664 bytes, new threshold 6 (max threshold 6)
[13.582s][trace][gc,age         ] GC(207) Age table with threshold 6 (max threshold 6)
[13.582s][trace][gc,age         ] GC(207) - age   1:        192 bytes,        192 total
[13.582s][info ][gc,heap        ] GC(207) ParNew: 140256K->6K(157376K)
[13.582s][info ][gc,heap        ] GC(207) CMS: 3752K->3752K(349568K)
[13.582s][info ][gc,metaspace   ] GC(207) Metaspace: 16007K(16640K)->16007K(16640K) NonClass: 14272K(14592K)->14272K(14592K) Class: 1734K(2048K)->1734K(2048K)
[13.582s][info ][gc             ] GC(207) Pause Young (Allocation Failure) 140M->3M(495M) 0.474ms
[13.582s][info ][gc,cpu         ] GC(207) User=0.00s Sys=0.01s Real=0.00s
[13.591s][info ][gc,start       ] GC(208) Pause Young (Allocation Failure)
[13.591s][info ][gc,task        ] GC(208) Using 9 workers of 9 for evacuation
[13.592s][debug][gc,age         ] GC(208) Desired survivor size 8945664 bytes, new threshold 6 (max threshold 6)
[13.592s][trace][gc,age         ] GC(208) Age table with threshold 6 (max threshold 6)
[13.592s][trace][gc,age         ] GC(208) - age   1:     400208 bytes,     400208 total
[13.592s][info ][gc,heap        ] GC(208) ParNew: 139872K->394K(157376K)
[13.592s][info ][gc,heap        ] GC(208) CMS: 3752K->3752K(349568K)
[13.592s][info ][gc,metaspace   ] GC(208) Metaspace: 16007K(16640K)->16007K(16640K) NonClass: 14272K(14592K)->14272K(14592K) Class: 1734K(2048K)->1734K(2048K)
[13.592s][info ][gc             ] GC(208) Pause Young (Allocation Failure) 140M->4M(495M) 0.413ms
[13.592s][info ][gc,cpu         ] GC(208) User=0.00s Sys=0.00s Real=0.00s
[13.601s][info ][gc,start       ] GC(209) Pause Young (Allocation Failure)
[13.601s][info ][gc,task        ] GC(209) Using 9 workers of 9 for evacuation
[13.602s][debug][gc,age         ] GC(209) Desired survivor size 8945664 bytes, new threshold 6 (max threshold 6)
[13.602s][trace][gc,age         ] GC(209) Age table with threshold 6 (max threshold 6)
[13.602s][trace][gc,age         ] GC(209) - age   1:        192 bytes,        192 total
[13.602s][info ][gc,heap        ] GC(209) ParNew: 140268K->8K(157376K)
[13.602s][info ][gc,heap        ] GC(209) CMS: 3752K->3752K(349568K)
[13.602s][info ][gc,metaspace   ] GC(209) Metaspace: 16007K(16640K)->16007K(16640K) NonClass: 14272K(14592K)->14272K(14592K) Class: 1734K(2048K)->1734K(2048K)
[13.602s][info ][gc             ] GC(209) Pause Young (Allocation Failure) 140M->3M(495M) 0.458ms
[13.602s][info ][gc,cpu         ] GC(209) User=0.00s Sys=0.00s Real=0.00s
[13.611s][info ][gc,start       ] GC(210) Pause Young (Allocation Failure)
[13.611s][info ][gc,task        ] GC(210) Using 9 workers of 9 for evacuation
[13.612s][debug][gc,age         ] GC(210) Desired survivor size 8945664 bytes, new threshold 6 (max threshold 6)
[13.612s][trace][gc,age         ] GC(210) Age table with threshold 6 (max threshold 6)
[13.612s][trace][gc,age         ] GC(210) - age   1:     400208 bytes,     400208 total
[13.612s][info ][gc,heap        ] GC(210) ParNew: 139896K->398K(157376K)
[13.612s][info ][gc,heap        ] GC(210) CMS: 3752K->3752K(349568K)
[13.612s][info ][gc,metaspace   ] GC(210) Metaspace: 16007K(16640K)->16007K(16640K) NonClass: 14272K(14592K)->14272K(14592K) Class: 1734K(2048K)->1734K(2048K)
[13.612s][info ][gc             ] GC(210) Pause Young (Allocation Failure) 140M->4M(495M) 0.455ms
[13.612s][info ][gc,cpu         ] GC(210) User=0.00s Sys=0.00s Real=0.00s
[13.621s][info ][gc,start       ] GC(211) Pause Young (Allocation Failure)
[13.621s][info ][gc,task        ] GC(211) Using 9 workers of 9 for evacuation
[13.622s][debug][gc,age         ] GC(211) Desired survivor size 8945664 bytes, new threshold 6 (max threshold 6)
[13.622s][trace][gc,age         ] GC(211) Age table with threshold 6 (max threshold 6)
[13.622s][trace][gc,age         ] GC(211) - age   1:        192 bytes,        192 total
[13.622s][info ][gc,heap        ] GC(211) ParNew: 140283K->6K(157376K)
[13.622s][info ][gc,heap        ] GC(211) CMS: 3752K->3752K(349568K)
[13.622s][info ][gc,metaspace   ] GC(211) Metaspace: 16007K(16640K)->16007K(16640K) NonClass: 14272K(14592K)->14272K(14592K) Class: 1734K(2048K)->1734K(2048K)
[13.622s][info ][gc             ] GC(211) Pause Young (Allocation Failure) 140M->3M(495M) 0.335ms
[13.622s][info ][gc,cpu         ] GC(211) User=0.00s Sys=0.00s Real=0.00s
[13.631s][info ][gc,start       ] GC(212) Pause Young (Allocation Failure)
[13.631s][info ][gc,task        ] GC(212) Using 9 workers of 9 for evacuation
[13.631s][debug][gc,age         ] GC(212) Desired survivor size 8945664 bytes, new threshold 6 (max threshold 6)
[13.631s][trace][gc,age         ] GC(212) Age table with threshold 6 (max threshold 6)
[13.631s][trace][gc,age         ] GC(212) - age   1:     400208 bytes,     400208 total
[13.631s][info ][gc,heap        ] GC(212) ParNew: 139889K->394K(157376K)
[13.631s][info ][gc,heap        ] GC(212) CMS: 3752K->3752K(349568K)
[13.631s][info ][gc,metaspace   ] GC(212) Metaspace: 16007K(16640K)->16007K(16640K) NonClass: 14272K(14592K)->14272K(14592K) Class: 1734K(2048K)->1734K(2048K)
[13.631s][info ][gc             ] GC(212) Pause Young (Allocation Failure) 140M->4M(495M) 0.390ms
[13.631s][info ][gc,cpu         ] GC(212) User=0.01s Sys=0.00s Real=0.00s
[13.641s][info ][gc,start       ] GC(213) Pause Young (Allocation Failure)
[13.641s][info ][gc,task        ] GC(213) Using 9 workers of 9 for evacuation
[13.641s][debug][gc,age         ] GC(213) Desired survivor size 8945664 bytes, new threshold 6 (max threshold 6)
[13.641s][trace][gc,age         ] GC(213) Age table with threshold 6 (max threshold 6)
[13.642s][trace][gc,age         ] GC(213) - age   1:        192 bytes,        192 total
[13.642s][info ][gc,heap        ] GC(213) ParNew: 140277K->8K(157376K)
[13.642s][info ][gc,heap        ] GC(213) CMS: 3752K->3752K(349568K)
[13.642s][info ][gc,metaspace   ] GC(213) Metaspace: 16007K(16640K)->16007K(16640K) NonClass: 14272K(14592K)->14272K(14592K) Class: 1734K(2048K)->1734K(2048K)
[13.642s][info ][gc             ] GC(213) Pause Young (Allocation Failure) 140M->3M(495M) 0.378ms
[13.642s][info ][gc,cpu         ] GC(213) User=0.00s Sys=0.00s Real=0.00s
[13.651s][info ][gc,start       ] GC(214) Pause Young (Allocation Failure)
[13.651s][info ][gc,task        ] GC(214) Using 9 workers of 9 for evacuation
[13.651s][debug][gc,age         ] GC(214) Desired survivor size 8945664 bytes, new threshold 6 (max threshold 6)
[13.651s][trace][gc,age         ] GC(214) Age table with threshold 6 (max threshold 6)
[13.651s][trace][gc,age         ] GC(214) - age   1:     400208 bytes,     400208 total
[13.651s][info ][gc,heap        ] GC(214) ParNew: 139895K->394K(157376K)
[13.651s][info ][gc,heap        ] GC(214) CMS: 3752K->3752K(349568K)
[13.651s][info ][gc,metaspace   ] GC(214) Metaspace: 16007K(16640K)->16007K(16640K) NonClass: 14272K(14592K)->14272K(14592K) Class: 1734K(2048K)->1734K(2048K)
[13.651s][info ][gc             ] GC(214) Pause Young (Allocation Failure) 140M->4M(495M) 0.427ms
[13.651s][info ][gc,cpu         ] GC(214) User=0.00s Sys=0.00s Real=0.00s
[13.661s][info ][gc,start       ] GC(215) Pause Young (Allocation Failure)
[13.661s][info ][gc,task        ] GC(215) Using 9 workers of 9 for evacuation
[13.661s][debug][gc,age         ] GC(215) Desired survivor size 8945664 bytes, new threshold 6 (max threshold 6)
[13.661s][trace][gc,age         ] GC(215) Age table with threshold 6 (max threshold 6)
[13.661s][trace][gc,age         ] GC(215) - age   1:        192 bytes,        192 total
[13.661s][info ][gc,heap        ] GC(215) ParNew: 140279K->8K(157376K)
[13.661s][info ][gc,heap        ] GC(215) CMS: 3752K->3752K(349568K)
[13.661s][info ][gc,metaspace   ] GC(215) Metaspace: 16007K(16640K)->16007K(16640K) NonClass: 14272K(14592K)->14272K(14592K) Class: 1734K(2048K)->1734K(2048K)
[13.661s][info ][gc             ] GC(215) Pause Young (Allocation Failure) 140M->3M(495M) 0.459ms
[13.661s][info ][gc,cpu         ] GC(215) User=0.00s Sys=0.00s Real=0.00s
[13.671s][info ][gc,start       ] GC(216) Pause Young (Allocation Failure)
[13.671s][info ][gc,task        ] GC(216) Using 9 workers of 9 for evacuation
[13.672s][debug][gc,age         ] GC(216) Desired survivor size 8945664 bytes, new threshold 6 (max threshold 6)
[13.672s][trace][gc,age         ] GC(216) Age table with threshold 6 (max threshold 6)
[13.672s][trace][gc,age         ] GC(216) - age   1:     400208 bytes,     400208 total
[13.672s][info ][gc,heap        ] GC(216) ParNew: 139893K->398K(157376K)
[13.672s][info ][gc,heap        ] GC(216) CMS: 3752K->3752K(349568K)
[13.672s][info ][gc,metaspace   ] GC(216) Metaspace: 16007K(16640K)->16007K(16640K) NonClass: 14272K(14592K)->14272K(14592K) Class: 1734K(2048K)->1734K(2048K)
[13.672s][info ][gc             ] GC(216) Pause Young (Allocation Failure) 140M->4M(495M) 0.484ms
[13.672s][info ][gc,cpu         ] GC(216) User=0.00s Sys=0.00s Real=0.00s
[13.681s][info ][gc,start       ] GC(217) Pause Young (Allocation Failure)
[13.681s][info ][gc,task        ] GC(217) Using 9 workers of 9 for evacuation
[13.682s][debug][gc,age         ] GC(217) Desired survivor size 8945664 bytes, new threshold 6 (max threshold 6)
[13.682s][trace][gc,age         ] GC(217) Age table with threshold 6 (max threshold 6)
[13.682s][trace][gc,age         ] GC(217) - age   1:        192 bytes,        192 total
[13.682s][info ][gc,heap        ] GC(217) ParNew: 140282K->4K(157376K)
[13.682s][info ][gc,heap        ] GC(217) CMS: 3752K->3752K(349568K)
[13.682s][info ][gc,metaspace   ] GC(217) Metaspace: 16007K(16640K)->16007K(16640K) NonClass: 14272K(14592K)->14272K(14592K) Class: 1734K(2048K)->1734K(2048K)
[13.682s][info ][gc             ] GC(217) Pause Young (Allocation Failure) 140M->3M(495M) 0.545ms
[13.682s][info ][gc,cpu         ] GC(217) User=0.00s Sys=0.00s Real=0.00s
[13.691s][info ][gc,start       ] GC(218) Pause Young (Allocation Failure)
[13.691s][info ][gc,task        ] GC(218) Using 9 workers of 9 for evacuation
[13.692s][debug][gc,age         ] GC(218) Desired survivor size 8945664 bytes, new threshold 6 (max threshold 6)
[13.692s][trace][gc,age         ] GC(218) Age table with threshold 6 (max threshold 6)
[13.692s][trace][gc,age         ] GC(218) - age   1:     400208 bytes,     400208 total
[13.692s][info ][gc,heap        ] GC(218) ParNew: 139884K->394K(157376K)
[13.692s][info ][gc,heap        ] GC(218) CMS: 3752K->3752K(349568K)
[13.692s][info ][gc,metaspace   ] GC(218) Metaspace: 16007K(16640K)->16007K(16640K) NonClass: 14272K(14592K)->14272K(14592K) Class: 1734K(2048K)->1734K(2048K)
[13.692s][info ][gc             ] GC(218) Pause Young (Allocation Failure) 140M->4M(495M) 0.366ms
[13.692s][info ][gc,cpu         ] GC(218) User=0.00s Sys=0.00s Real=0.00s
[13.701s][info ][gc,start       ] GC(219) Pause Young (Allocation Failure)
[13.701s][info ][gc,task        ] GC(219) Using 9 workers of 9 for evacuation
[13.701s][debug][gc,age         ] GC(219) Desired survivor size 8945664 bytes, new threshold 6 (max threshold 6)
[13.701s][trace][gc,age         ] GC(219) Age table with threshold 6 (max threshold 6)
[13.701s][trace][gc,age         ] GC(219) - age   1:        192 bytes,        192 total
[13.701s][info ][gc,heap        ] GC(219) ParNew: 140274K->6K(157376K)
[13.701s][info ][gc,heap        ] GC(219) CMS: 3752K->3752K(349568K)
[13.701s][info ][gc,metaspace   ] GC(219) Metaspace: 16007K(16640K)->16007K(16640K) NonClass: 14272K(14592K)->14272K(14592K) Class: 1734K(2048K)->1734K(2048K)
[13.701s][info ][gc             ] GC(219) Pause Young (Allocation Failure) 140M->3M(495M) 0.392ms
[13.701s][info ][gc,cpu         ] GC(219) User=0.00s Sys=0.00s Real=0.00s
[13.711s][info ][gc,start       ] GC(220) Pause Young (Allocation Failure)
[13.711s][info ][gc,task        ] GC(220) Using 9 workers of 9 for evacuation
[13.711s][debug][gc,age         ] GC(220) Desired survivor size 8945664 bytes, new threshold 6 (max threshold 6)
[13.711s][trace][gc,age         ] GC(220) Age table with threshold 6 (max threshold 6)
[13.711s][trace][gc,age         ] GC(220) - age   1:     400208 bytes,     400208 total
[13.711s][info ][gc,heap        ] GC(220) ParNew: 139882K->398K(157376K)
[13.711s][info ][gc,heap        ] GC(220) CMS: 3752K->3752K(349568K)
[13.711s][info ][gc,metaspace   ] GC(220) Metaspace: 16007K(16640K)->16007K(16640K) NonClass: 14272K(14592K)->14272K(14592K) Class: 1734K(2048K)->1734K(2048K)
[13.711s][info ][gc             ] GC(220) Pause Young (Allocation Failure) 140M->4M(495M) 0.439ms
[13.711s][info ][gc,cpu         ] GC(220) User=0.01s Sys=0.00s Real=0.00s
[13.721s][info ][gc,start       ] GC(221) Pause Young (Allocation Failure)
[13.721s][info ][gc,task        ] GC(221) Using 9 workers of 9 for evacuation
[13.721s][debug][gc,age         ] GC(221) Desired survivor size 8945664 bytes, new threshold 6 (max threshold 6)
[13.721s][trace][gc,age         ] GC(221) Age table with threshold 6 (max threshold 6)
[13.721s][trace][gc,age         ] GC(221) - age   1:        192 bytes,        192 total
[13.721s][info ][gc,heap        ] GC(221) ParNew: 140278K->8K(157376K)
[13.721s][info ][gc,heap        ] GC(221) CMS: 3752K->3752K(349568K)
[13.721s][info ][gc,metaspace   ] GC(221) Metaspace: 16007K(16640K)->16007K(16640K) NonClass: 14272K(14592K)->14272K(14592K) Class: 1734K(2048K)->1734K(2048K)
[13.721s][info ][gc             ] GC(221) Pause Young (Allocation Failure) 140M->3M(495M) 0.351ms
[13.721s][info ][gc,cpu         ] GC(221) User=0.01s Sys=0.00s Real=0.00s
[13.731s][info ][gc,start       ] GC(222) Pause Young (Allocation Failure)
[13.731s][info ][gc,task        ] GC(222) Using 9 workers of 9 for evacuation
[13.731s][debug][gc,age         ] GC(222) Desired survivor size 8945664 bytes, new threshold 6 (max threshold 6)
[13.731s][trace][gc,age         ] GC(222) Age table with threshold 6 (max threshold 6)
[13.731s][trace][gc,age         ] GC(222) - age   1:     400208 bytes,     400208 total
[13.731s][info ][gc,heap        ] GC(222) ParNew: 139887K->398K(157376K)
[13.731s][info ][gc,heap        ] GC(222) CMS: 3752K->3752K(349568K)
[13.731s][info ][gc,metaspace   ] GC(222) Metaspace: 16007K(16640K)->16007K(16640K) NonClass: 14272K(14592K)->14272K(14592K) Class: 1734K(2048K)->1734K(2048K)
[13.731s][info ][gc             ] GC(222) Pause Young (Allocation Failure) 140M->4M(495M) 0.392ms
[13.731s][info ][gc,cpu         ] GC(222) User=0.00s Sys=0.00s Real=0.00s
[13.741s][info ][gc,start       ] GC(223) Pause Young (Allocation Failure)
[13.741s][info ][gc,task        ] GC(223) Using 9 workers of 9 for evacuation
[13.741s][debug][gc,age         ] GC(223) Desired survivor size 8945664 bytes, new threshold 6 (max threshold 6)
[13.741s][trace][gc,age         ] GC(223) Age table with threshold 6 (max threshold 6)
[13.741s][trace][gc,age         ] GC(223) - age   1:        192 bytes,        192 total
[13.741s][info ][gc,heap        ] GC(223) ParNew: 140288K->6K(157376K)
[13.741s][info ][gc,heap        ] GC(223) CMS: 3752K->3752K(349568K)
[13.741s][info ][gc,metaspace   ] GC(223) Metaspace: 16007K(16640K)->16007K(16640K) NonClass: 14272K(14592K)->14272K(14592K) Class: 1734K(2048K)->1734K(2048K)
[13.741s][info ][gc             ] GC(223) Pause Young (Allocation Failure) 140M->3M(495M) 0.375ms
[13.741s][info ][gc,cpu         ] GC(223) User=0.00s Sys=0.00s Real=0.00s
[13.751s][info ][gc,start       ] GC(224) Pause Young (Allocation Failure)
[13.751s][info ][gc,task        ] GC(224) Using 9 workers of 9 for evacuation
[13.751s][debug][gc,age         ] GC(224) Desired survivor size 8945664 bytes, new threshold 6 (max threshold 6)
[13.751s][trace][gc,age         ] GC(224) Age table with threshold 6 (max threshold 6)
[13.751s][trace][gc,age         ] GC(224) - age   1:     400208 bytes,     400208 total
[13.751s][info ][gc,heap        ] GC(224) ParNew: 139892K->396K(157376K)
[13.751s][info ][gc,heap        ] GC(224) CMS: 3752K->3752K(349568K)
[13.751s][info ][gc,metaspace   ] GC(224) Metaspace: 16007K(16640K)->16007K(16640K) NonClass: 14272K(14592K)->14272K(14592K) Class: 1734K(2048K)->1734K(2048K)
[13.751s][info ][gc             ] GC(224) Pause Young (Allocation Failure) 140M->4M(495M) 0.441ms
[13.751s][info ][gc,cpu         ] GC(224) User=0.00s Sys=0.00s Real=0.00s
[13.760s][info ][gc,start       ] GC(225) Pause Young (Allocation Failure)
[13.760s][info ][gc,task        ] GC(225) Using 9 workers of 9 for evacuation
[13.761s][debug][gc,age         ] GC(225) Desired survivor size 8945664 bytes, new threshold 6 (max threshold 6)
[13.761s][trace][gc,age         ] GC(225) Age table with threshold 6 (max threshold 6)
[13.761s][trace][gc,age         ] GC(225) - age   1:        192 bytes,        192 total
[13.761s][info ][gc,heap        ] GC(225) ParNew: 140277K->6K(157376K)
[13.761s][info ][gc,heap        ] GC(225) CMS: 3752K->3752K(349568K)
[13.761s][info ][gc,metaspace   ] GC(225) Metaspace: 16007K(16640K)->16007K(16640K) NonClass: 14272K(14592K)->14272K(14592K) Class: 1734K(2048K)->1734K(2048K)
[13.761s][info ][gc             ] GC(225) Pause Young (Allocation Failure) 140M->3M(495M) 0.416ms
[13.761s][info ][gc,cpu         ] GC(225) User=0.00s Sys=0.00s Real=0.00s
[13.770s][info ][gc,start       ] GC(226) Pause Young (Allocation Failure)
[13.770s][info ][gc,task        ] GC(226) Using 9 workers of 9 for evacuation
[13.771s][debug][gc,age         ] GC(226) Desired survivor size 8945664 bytes, new threshold 6 (max threshold 6)
[13.771s][trace][gc,age         ] GC(226) Age table with threshold 6 (max threshold 6)
[13.771s][trace][gc,age         ] GC(226) - age   1:     400208 bytes,     400208 total
[13.771s][info ][gc,heap        ] GC(226) ParNew: 139888K->396K(157376K)
[13.771s][info ][gc,heap        ] GC(226) CMS: 3752K->3752K(349568K)
[13.771s][info ][gc,metaspace   ] GC(226) Metaspace: 16007K(16640K)->16007K(16640K) NonClass: 14272K(14592K)->14272K(14592K) Class: 1734K(2048K)->1734K(2048K)
[13.771s][info ][gc             ] GC(226) Pause Young (Allocation Failure) 140M->4M(495M) 0.366ms
[13.771s][info ][gc,cpu         ] GC(226) User=0.00s Sys=0.00s Real=0.00s
[13.780s][info ][gc,start       ] GC(227) Pause Young (Allocation Failure)
[13.780s][info ][gc,task        ] GC(227) Using 9 workers of 9 for evacuation
[13.781s][debug][gc,age         ] GC(227) Desired survivor size 8945664 bytes, new threshold 6 (max threshold 6)
[13.781s][trace][gc,age         ] GC(227) Age table with threshold 6 (max threshold 6)
[13.781s][trace][gc,age         ] GC(227) - age   1:        192 bytes,        192 total
[13.781s][info ][gc,heap        ] GC(227) ParNew: 140280K->6K(157376K)
[13.781s][info ][gc,heap        ] GC(227) CMS: 3752K->3752K(349568K)
[13.781s][info ][gc,metaspace   ] GC(227) Metaspace: 16007K(16640K)->16007K(16640K) NonClass: 14272K(14592K)->14272K(14592K) Class: 1734K(2048K)->1734K(2048K)
[13.781s][info ][gc             ] GC(227) Pause Young (Allocation Failure) 140M->3M(495M) 0.471ms
[13.781s][info ][gc,cpu         ] GC(227) User=0.00s Sys=0.00s Real=0.00s
[13.790s][info ][gc,start       ] GC(228) Pause Young (Allocation Failure)
[13.790s][info ][gc,task        ] GC(228) Using 9 workers of 9 for evacuation
[13.791s][debug][gc,age         ] GC(228) Desired survivor size 8945664 bytes, new threshold 6 (max threshold 6)
[13.791s][trace][gc,age         ] GC(228) Age table with threshold 6 (max threshold 6)
[13.791s][trace][gc,age         ] GC(228) - age   1:     400208 bytes,     400208 total
[13.791s][info ][gc,heap        ] GC(228) ParNew: 139895K->396K(157376K)
[13.791s][info ][gc,heap        ] GC(228) CMS: 3752K->3752K(349568K)
[13.791s][info ][gc,metaspace   ] GC(228) Metaspace: 16007K(16640K)->16007K(16640K) NonClass: 14272K(14592K)->14272K(14592K) Class: 1734K(2048K)->1734K(2048K)
[13.791s][info ][gc             ] GC(228) Pause Young (Allocation Failure) 140M->4M(495M) 0.373ms
[13.791s][info ][gc,cpu         ] GC(228) User=0.00s Sys=0.00s Real=0.00s
[13.800s][info ][gc,start       ] GC(229) Pause Young (Allocation Failure)
[13.800s][info ][gc,task        ] GC(229) Using 9 workers of 9 for evacuation
[13.800s][debug][gc,age         ] GC(229) Desired survivor size 8945664 bytes, new threshold 6 (max threshold 6)
[13.801s][trace][gc,age         ] GC(229) Age table with threshold 6 (max threshold 6)
[13.801s][trace][gc,age         ] GC(229) - age   1:        192 bytes,        192 total
[13.801s][info ][gc,heap        ] GC(229) ParNew: 140283K->8K(157376K)
[13.801s][info ][gc,heap        ] GC(229) CMS: 3752K->3752K(349568K)
[13.801s][info ][gc,metaspace   ] GC(229) Metaspace: 16007K(16640K)->16007K(16640K) NonClass: 14272K(14592K)->14272K(14592K) Class: 1734K(2048K)->1734K(2048K)
[13.801s][info ][gc             ] GC(229) Pause Young (Allocation Failure) 140M->3M(495M) 0.495ms
[13.801s][info ][gc,cpu         ] GC(229) User=0.00s Sys=0.00s Real=0.00s
[13.810s][info ][gc,start       ] GC(230) Pause Young (Allocation Failure)
[13.810s][info ][gc,task        ] GC(230) Using 9 workers of 9 for evacuation
[13.811s][debug][gc,age         ] GC(230) Desired survivor size 8945664 bytes, new threshold 6 (max threshold 6)
[13.811s][trace][gc,age         ] GC(230) Age table with threshold 6 (max threshold 6)
[13.811s][trace][gc,age         ] GC(230) - age   1:     400208 bytes,     400208 total
[13.811s][info ][gc,heap        ] GC(230) ParNew: 139893K->396K(157376K)
[13.811s][info ][gc,heap        ] GC(230) CMS: 3752K->3752K(349568K)
[13.811s][info ][gc,metaspace   ] GC(230) Metaspace: 16007K(16640K)->16007K(16640K) NonClass: 14272K(14592K)->14272K(14592K) Class: 1734K(2048K)->1734K(2048K)
[13.811s][info ][gc             ] GC(230) Pause Young (Allocation Failure) 140M->4M(495M) 0.511ms
[13.811s][info ][gc,cpu         ] GC(230) User=0.01s Sys=0.00s Real=0.00s
[13.820s][info ][gc,start       ] GC(231) Pause Young (Allocation Failure)
[13.820s][info ][gc,task        ] GC(231) Using 9 workers of 9 for evacuation
[13.820s][debug][gc,age         ] GC(231) Desired survivor size 8945664 bytes, new threshold 6 (max threshold 6)
[13.820s][trace][gc,age         ] GC(231) Age table with threshold 6 (max threshold 6)
[13.820s][trace][gc,age         ] GC(231) - age   1:        192 bytes,        192 total
[13.820s][info ][gc,heap        ] GC(231) ParNew: 140278K->6K(157376K)
[13.820s][info ][gc,heap        ] GC(231) CMS: 3752K->3752K(349568K)
[13.820s][info ][gc,metaspace   ] GC(231) Metaspace: 16007K(16640K)->16007K(16640K) NonClass: 14272K(14592K)->14272K(14592K) Class: 1734K(2048K)->1734K(2048K)
[13.820s][info ][gc             ] GC(231) Pause Young (Allocation Failure) 140M->3M(495M) 0.400ms
[13.820s][info ][gc,cpu         ] GC(231) User=0.01s Sys=0.00s Real=0.00s
[13.830s][info ][gc,start       ] GC(232) Pause Young (Allocation Failure)
[13.830s][info ][gc,task        ] GC(232) Using 9 workers of 9 for evacuation
[13.830s][debug][gc,age         ] GC(232) Desired survivor size 8945664 bytes, new threshold 6 (max threshold 6)
[13.830s][trace][gc,age         ] GC(232) Age table with threshold 6 (max threshold 6)
[13.830s][trace][gc,age         ] GC(232) - age   1:     400208 bytes,     400208 total
[13.830s][info ][gc,heap        ] GC(232) ParNew: 139887K->394K(157376K)
[13.830s][info ][gc,heap        ] GC(232) CMS: 3752K->3752K(349568K)
[13.830s][info ][gc,metaspace   ] GC(232) Metaspace: 16007K(16640K)->16007K(16640K) NonClass: 14272K(14592K)->14272K(14592K) Class: 1734K(2048K)->1734K(2048K)
[13.830s][info ][gc             ] GC(232) Pause Young (Allocation Failure) 140M->4M(495M) 0.441ms
[13.830s][info ][gc,cpu         ] GC(232) User=0.00s Sys=0.00s Real=0.00s
[13.840s][info ][gc,start       ] GC(233) Pause Young (Allocation Failure)
[13.840s][info ][gc,task        ] GC(233) Using 9 workers of 9 for evacuation
[13.840s][debug][gc,age         ] GC(233) Desired survivor size 8945664 bytes, new threshold 6 (max threshold 6)
[13.840s][trace][gc,age         ] GC(233) Age table with threshold 6 (max threshold 6)
[13.840s][trace][gc,age         ] GC(233) - age   1:        192 bytes,        192 total
[13.840s][info ][gc,heap        ] GC(233) ParNew: 140279K->6K(157376K)
[13.840s][info ][gc,heap        ] GC(233) CMS: 3752K->3752K(349568K)
[13.840s][info ][gc,metaspace   ] GC(233) Metaspace: 16007K(16640K)->16007K(16640K) NonClass: 14272K(14592K)->14272K(14592K) Class: 1734K(2048K)->1734K(2048K)
[13.840s][info ][gc             ] GC(233) Pause Young (Allocation Failure) 140M->3M(495M) 0.392ms
[13.840s][info ][gc,cpu         ] GC(233) User=0.00s Sys=0.00s Real=0.00s
[13.850s][info ][gc,start       ] GC(234) Pause Young (Allocation Failure)
[13.850s][info ][gc,task        ] GC(234) Using 9 workers of 9 for evacuation
[13.850s][debug][gc,age         ] GC(234) Desired survivor size 8945664 bytes, new threshold 6 (max threshold 6)
[13.850s][trace][gc,age         ] GC(234) Age table with threshold 6 (max threshold 6)
[13.850s][trace][gc,age         ] GC(234) - age   1:     400208 bytes,     400208 total
[13.850s][info ][gc,heap        ] GC(234) ParNew: 139886K->394K(157376K)
[13.850s][info ][gc,heap        ] GC(234) CMS: 3752K->3752K(349568K)
[13.850s][info ][gc,metaspace   ] GC(234) Metaspace: 16007K(16640K)->16007K(16640K) NonClass: 14272K(14592K)->14272K(14592K) Class: 1734K(2048K)->1734K(2048K)
[13.850s][info ][gc             ] GC(234) Pause Young (Allocation Failure) 140M->4M(495M) 0.424ms
[13.850s][info ][gc,cpu         ] GC(234) User=0.00s Sys=0.00s Real=0.00s
[13.860s][info ][gc,start       ] GC(235) Pause Young (Allocation Failure)
[13.860s][info ][gc,task        ] GC(235) Using 9 workers of 9 for evacuation
[13.860s][debug][gc,age         ] GC(235) Desired survivor size 8945664 bytes, new threshold 6 (max threshold 6)
[13.860s][trace][gc,age         ] GC(235) Age table with threshold 6 (max threshold 6)
[13.860s][trace][gc,age         ] GC(235) - age   1:        192 bytes,        192 total
[13.860s][info ][gc,heap        ] GC(235) ParNew: 140274K->6K(157376K)
[13.860s][info ][gc,heap        ] GC(235) CMS: 3752K->3752K(349568K)
[13.860s][info ][gc,metaspace   ] GC(235) Metaspace: 16007K(16640K)->16007K(16640K) NonClass: 14272K(14592K)->14272K(14592K) Class: 1734K(2048K)->1734K(2048K)
[13.860s][info ][gc             ] GC(235) Pause Young (Allocation Failure) 140M->3M(495M) 0.507ms
[13.860s][info ][gc,cpu         ] GC(235) User=0.00s Sys=0.00s Real=0.00s
[13.870s][info ][gc,start       ] GC(236) Pause Young (Allocation Failure)
[13.870s][info ][gc,task        ] GC(236) Using 9 workers of 9 for evacuation
[13.870s][debug][gc,age         ] GC(236) Desired survivor size 8945664 bytes, new threshold 6 (max threshold 6)
[13.870s][trace][gc,age         ] GC(236) Age table with threshold 6 (max threshold 6)
[13.870s][trace][gc,age         ] GC(236) - age   1:     400208 bytes,     400208 total
[13.870s][info ][gc,heap        ] GC(236) ParNew: 139886K->394K(157376K)
[13.870s][info ][gc,heap        ] GC(236) CMS: 3752K->3752K(349568K)
[13.870s][info ][gc,metaspace   ] GC(236) Metaspace: 16007K(16640K)->16007K(16640K) NonClass: 14272K(14592K)->14272K(14592K) Class: 1734K(2048K)->1734K(2048K)
[13.870s][info ][gc             ] GC(236) Pause Young (Allocation Failure) 140M->4M(495M) 0.383ms
[13.870s][info ][gc,cpu         ] GC(236) User=0.00s Sys=0.00s Real=0.00s
[13.880s][info ][gc,start       ] GC(237) Pause Young (Allocation Failure)
[13.880s][info ][gc,task        ] GC(237) Using 9 workers of 9 for evacuation
[13.880s][debug][gc,age         ] GC(237) Desired survivor size 8945664 bytes, new threshold 6 (max threshold 6)
[13.880s][trace][gc,age         ] GC(237) Age table with threshold 6 (max threshold 6)
[13.880s][trace][gc,age         ] GC(237) - age   1:        192 bytes,        192 total
[13.880s][info ][gc,heap        ] GC(237) ParNew: 140294K->6K(157376K)
[13.880s][info ][gc,heap        ] GC(237) CMS: 3752K->3752K(349568K)
[13.880s][info ][gc,metaspace   ] GC(237) Metaspace: 16007K(16640K)->16007K(16640K) NonClass: 14272K(14592K)->14272K(14592K) Class: 1734K(2048K)->1734K(2048K)
[13.880s][info ][gc             ] GC(237) Pause Young (Allocation Failure) 140M->3M(495M) 0.430ms
[13.880s][info ][gc,cpu         ] GC(237) User=0.00s Sys=0.00s Real=0.00s
[13.890s][info ][gc,start       ] GC(238) Pause Young (Allocation Failure)
[13.890s][info ][gc,task        ] GC(238) Using 9 workers of 9 for evacuation
[13.890s][debug][gc,age         ] GC(238) Desired survivor size 8945664 bytes, new threshold 6 (max threshold 6)
[13.890s][trace][gc,age         ] GC(238) Age table with threshold 6 (max threshold 6)
[13.890s][trace][gc,age         ] GC(238) - age   1:     400208 bytes,     400208 total
[13.890s][info ][gc,heap        ] GC(238) ParNew: 139901K->396K(157376K)
[13.890s][info ][gc,heap        ] GC(238) CMS: 3752K->3752K(349568K)
[13.890s][info ][gc,metaspace   ] GC(238) Metaspace: 16007K(16640K)->16007K(16640K) NonClass: 14272K(14592K)->14272K(14592K) Class: 1734K(2048K)->1734K(2048K)
[13.890s][info ][gc             ] GC(238) Pause Young (Allocation Failure) 140M->4M(495M) 0.408ms
[13.890s][info ][gc,cpu         ] GC(238) User=0.01s Sys=0.00s Real=0.00s
[13.899s][info ][gc,start       ] GC(239) Pause Young (Allocation Failure)
[13.900s][info ][gc,task        ] GC(239) Using 9 workers of 9 for evacuation
[13.900s][debug][gc,age         ] GC(239) Desired survivor size 8945664 bytes, new threshold 6 (max threshold 6)
[13.900s][trace][gc,age         ] GC(239) Age table with threshold 6 (max threshold 6)
[13.900s][trace][gc,age         ] GC(239) - age   1:        192 bytes,        192 total
[13.900s][info ][gc,heap        ] GC(239) ParNew: 140279K->6K(157376K)
[13.900s][info ][gc,heap        ] GC(239) CMS: 3752K->3752K(349568K)
[13.900s][info ][gc,metaspace   ] GC(239) Metaspace: 16007K(16640K)->16007K(16640K) NonClass: 14272K(14592K)->14272K(14592K) Class: 1734K(2048K)->1734K(2048K)
[13.900s][info ][gc             ] GC(239) Pause Young (Allocation Failure) 140M->3M(495M) 0.482ms
[13.900s][info ][gc,cpu         ] GC(239) User=0.01s Sys=0.00s Real=0.00s
[13.909s][info ][gc,start       ] GC(240) Pause Young (Allocation Failure)
[13.909s][info ][gc,task        ] GC(240) Using 9 workers of 9 for evacuation
[13.910s][debug][gc,age         ] GC(240) Desired survivor size 8945664 bytes, new threshold 6 (max threshold 6)
[13.910s][trace][gc,age         ] GC(240) Age table with threshold 6 (max threshold 6)
[13.910s][trace][gc,age         ] GC(240) - age   1:     400208 bytes,     400208 total
[13.910s][info ][gc,heap        ] GC(240) ParNew: 139887K->398K(157376K)
[13.910s][info ][gc,heap        ] GC(240) CMS: 3752K->3752K(349568K)
[13.910s][info ][gc,metaspace   ] GC(240) Metaspace: 16007K(16640K)->16007K(16640K) NonClass: 14272K(14592K)->14272K(14592K) Class: 1734K(2048K)->1734K(2048K)
[13.910s][info ][gc             ] GC(240) Pause Young (Allocation Failure) 140M->4M(495M) 0.437ms
[13.910s][info ][gc,cpu         ] GC(240) User=0.01s Sys=0.00s Real=0.00s
[13.919s][info ][gc,start       ] GC(241) Pause Young (Allocation Failure)
[13.919s][info ][gc,task        ] GC(241) Using 9 workers of 9 for evacuation
[13.920s][debug][gc,age         ] GC(241) Desired survivor size 8945664 bytes, new threshold 6 (max threshold 6)
[13.920s][trace][gc,age         ] GC(241) Age table with threshold 6 (max threshold 6)
[13.920s][trace][gc,age         ] GC(241) - age   1:        192 bytes,        192 total
[13.920s][info ][gc,heap        ] GC(241) ParNew: 140281K->6K(157376K)
[13.920s][info ][gc,heap        ] GC(241) CMS: 3752K->3752K(349568K)
[13.920s][info ][gc,metaspace   ] GC(241) Metaspace: 16007K(16640K)->16007K(16640K) NonClass: 14272K(14592K)->14272K(14592K) Class: 1734K(2048K)->1734K(2048K)
[13.920s][info ][gc             ] GC(241) Pause Young (Allocation Failure) 140M->3M(495M) 0.414ms
[13.920s][info ][gc,cpu         ] GC(241) User=0.00s Sys=0.01s Real=0.00s
[13.929s][info ][gc,start       ] GC(242) Pause Young (Allocation Failure)
[13.929s][info ][gc,task        ] GC(242) Using 9 workers of 9 for evacuation
[13.930s][debug][gc,age         ] GC(242) Desired survivor size 8945664 bytes, new threshold 6 (max threshold 6)
[13.930s][trace][gc,age         ] GC(242) Age table with threshold 6 (max threshold 6)
[13.930s][trace][gc,age         ] GC(242) - age   1:     400208 bytes,     400208 total
[13.930s][info ][gc,heap        ] GC(242) ParNew: 139895K->394K(157376K)
[13.930s][info ][gc,heap        ] GC(242) CMS: 3752K->3752K(349568K)
[13.930s][info ][gc,metaspace   ] GC(242) Metaspace: 16007K(16640K)->16007K(16640K) NonClass: 14272K(14592K)->14272K(14592K) Class: 1734K(2048K)->1734K(2048K)
[13.930s][info ][gc             ] GC(242) Pause Young (Allocation Failure) 140M->4M(495M) 0.420ms
[13.930s][info ][gc,cpu         ] GC(242) User=0.00s Sys=0.00s Real=0.00s
[13.939s][info ][gc,start       ] GC(243) Pause Young (Allocation Failure)
[13.939s][info ][gc,task        ] GC(243) Using 9 workers of 9 for evacuation
[13.940s][debug][gc,age         ] GC(243) Desired survivor size 8945664 bytes, new threshold 6 (max threshold 6)
[13.940s][trace][gc,age         ] GC(243) Age table with threshold 6 (max threshold 6)
[13.940s][trace][gc,age         ] GC(243) - age   1:        192 bytes,        192 total
[13.940s][info ][gc,heap        ] GC(243) ParNew: 140281K->6K(157376K)
[13.940s][info ][gc,heap        ] GC(243) CMS: 3752K->3752K(349568K)
[13.940s][info ][gc,metaspace   ] GC(243) Metaspace: 16007K(16640K)->16007K(16640K) NonClass: 14272K(14592K)->14272K(14592K) Class: 1734K(2048K)->1734K(2048K)
[13.940s][info ][gc             ] GC(243) Pause Young (Allocation Failure) 140M->3M(495M) 0.367ms
[13.940s][info ][gc,cpu         ] GC(243) User=0.00s Sys=0.00s Real=0.00s
[13.949s][info ][gc,start       ] GC(244) Pause Young (Allocation Failure)
[13.949s][info ][gc,task        ] GC(244) Using 9 workers of 9 for evacuation
[13.949s][debug][gc,age         ] GC(244) Desired survivor size 8945664 bytes, new threshold 6 (max threshold 6)
[13.949s][trace][gc,age         ] GC(244) Age table with threshold 6 (max threshold 6)
[13.949s][trace][gc,age         ] GC(244) - age   1:     400208 bytes,     400208 total
[13.949s][info ][gc,heap        ] GC(244) ParNew: 139896K->394K(157376K)
[13.949s][info ][gc,heap        ] GC(244) CMS: 3752K->3752K(349568K)
[13.949s][info ][gc,metaspace   ] GC(244) Metaspace: 16007K(16640K)->16007K(16640K) NonClass: 14272K(14592K)->14272K(14592K) Class: 1734K(2048K)->1734K(2048K)
[13.949s][info ][gc             ] GC(244) Pause Young (Allocation Failure) 140M->4M(495M) 0.420ms
[13.950s][info ][gc,cpu         ] GC(244) User=0.00s Sys=0.00s Real=0.00s
[13.959s][info ][gc,start       ] GC(245) Pause Young (Allocation Failure)
[13.959s][info ][gc,task        ] GC(245) Using 9 workers of 9 for evacuation
[13.960s][debug][gc,age         ] GC(245) Desired survivor size 8945664 bytes, new threshold 6 (max threshold 6)
[13.960s][trace][gc,age         ] GC(245) Age table with threshold 6 (max threshold 6)
[13.960s][trace][gc,age         ] GC(245) - age   1:        192 bytes,        192 total
[13.960s][info ][gc,heap        ] GC(245) ParNew: 140277K->8K(157376K)
[13.960s][info ][gc,heap        ] GC(245) CMS: 3752K->3752K(349568K)
[13.960s][info ][gc,metaspace   ] GC(245) Metaspace: 16007K(16640K)->16007K(16640K) NonClass: 14272K(14592K)->14272K(14592K) Class: 1734K(2048K)->1734K(2048K)
[13.960s][info ][gc             ] GC(245) Pause Young (Allocation Failure) 140M->3M(495M) 0.406ms
[13.960s][info ][gc,cpu         ] GC(245) User=0.00s Sys=0.00s Real=0.00s
[13.969s][info ][gc,start       ] GC(246) Pause Young (Allocation Failure)
[13.969s][info ][gc,task        ] GC(246) Using 9 workers of 9 for evacuation
[13.970s][debug][gc,age         ] GC(246) Desired survivor size 8945664 bytes, new threshold 6 (max threshold 6)
[13.970s][trace][gc,age         ] GC(246) Age table with threshold 6 (max threshold 6)
[13.970s][trace][gc,age         ] GC(246) - age   1:     400208 bytes,     400208 total
[13.970s][info ][gc,heap        ] GC(246) ParNew: 139889K->398K(157376K)
[13.970s][info ][gc,heap        ] GC(246) CMS: 3752K->3752K(349568K)
[13.970s][info ][gc,metaspace   ] GC(246) Metaspace: 16007K(16640K)->16007K(16640K) NonClass: 14272K(14592K)->14272K(14592K) Class: 1734K(2048K)->1734K(2048K)
[13.970s][info ][gc             ] GC(246) Pause Young (Allocation Failure) 140M->4M(495M) 0.510ms
[13.970s][info ][gc,cpu         ] GC(246) User=0.00s Sys=0.00s Real=0.00s
[13.979s][info ][gc,start       ] GC(247) Pause Young (Allocation Failure)
[13.979s][info ][gc,task        ] GC(247) Using 9 workers of 9 for evacuation
[13.980s][debug][gc,age         ] GC(247) Desired survivor size 8945664 bytes, new threshold 6 (max threshold 6)
[13.980s][trace][gc,age         ] GC(247) Age table with threshold 6 (max threshold 6)
[13.980s][trace][gc,age         ] GC(247) - age   1:        192 bytes,        192 total
[13.980s][info ][gc,heap        ] GC(247) ParNew: 140287K->6K(157376K)
[13.980s][info ][gc,heap        ] GC(247) CMS: 3752K->3752K(349568K)
[13.980s][info ][gc,metaspace   ] GC(247) Metaspace: 16007K(16640K)->16007K(16640K) NonClass: 14272K(14592K)->14272K(14592K) Class: 1734K(2048K)->1734K(2048K)
[13.980s][info ][gc             ] GC(247) Pause Young (Allocation Failure) 140M->3M(495M) 0.427ms
[13.980s][info ][gc,cpu         ] GC(247) User=0.01s Sys=0.00s Real=0.00s
[13.989s][info ][gc,start       ] GC(248) Pause Young (Allocation Failure)
[13.989s][info ][gc,task        ] GC(248) Using 9 workers of 9 for evacuation
[13.990s][debug][gc,age         ] GC(248) Desired survivor size 8945664 bytes, new threshold 6 (max threshold 6)
[13.990s][trace][gc,age         ] GC(248) Age table with threshold 6 (max threshold 6)
[13.990s][trace][gc,age         ] GC(248) - age   1:     400208 bytes,     400208 total
[13.990s][info ][gc,heap        ] GC(248) ParNew: 139886K->396K(157376K)
[13.990s][info ][gc,heap        ] GC(248) CMS: 3752K->3752K(349568K)
[13.990s][info ][gc,metaspace   ] GC(248) Metaspace: 16007K(16640K)->16007K(16640K) NonClass: 14272K(14592K)->14272K(14592K) Class: 1734K(2048K)->1734K(2048K)
[13.990s][info ][gc             ] GC(248) Pause Young (Allocation Failure) 140M->4M(495M) 0.450ms
[13.990s][info ][gc,cpu         ] GC(248) User=0.01s Sys=0.00s Real=0.00s
[13.999s][info ][gc,start       ] GC(249) Pause Young (Allocation Failure)
[13.999s][info ][gc,task        ] GC(249) Using 9 workers of 9 for evacuation
[14.000s][debug][gc,age         ] GC(249) Desired survivor size 8945664 bytes, new threshold 6 (max threshold 6)
[14.000s][trace][gc,age         ] GC(249) Age table with threshold 6 (max threshold 6)
[14.000s][trace][gc,age         ] GC(249) - age   1:        192 bytes,        192 total
[14.000s][info ][gc,heap        ] GC(249) ParNew: 140266K->4K(157376K)
[14.000s][info ][gc,heap        ] GC(249) CMS: 3752K->3752K(349568K)
[14.000s][info ][gc,metaspace   ] GC(249) Metaspace: 16007K(16640K)->16007K(16640K) NonClass: 14272K(14592K)->14272K(14592K) Class: 1734K(2048K)->1734K(2048K)
[14.000s][info ][gc             ] GC(249) Pause Young (Allocation Failure) 140M->3M(495M) 0.456ms
[14.000s][info ][gc,cpu         ] GC(249) User=0.00s Sys=0.00s Real=0.00s
[14.009s][info ][gc,start       ] GC(250) Pause Young (Allocation Failure)
[14.009s][info ][gc,task        ] GC(250) Using 9 workers of 9 for evacuation
[14.009s][debug][gc,age         ] GC(250) Desired survivor size 8945664 bytes, new threshold 6 (max threshold 6)
[14.009s][trace][gc,age         ] GC(250) Age table with threshold 6 (max threshold 6)
[14.009s][trace][gc,age         ] GC(250) - age   1:     400208 bytes,     400208 total
[14.009s][info ][gc,heap        ] GC(250) ParNew: 139877K->394K(157376K)
[14.009s][info ][gc,heap        ] GC(250) CMS: 3752K->3752K(349568K)
[14.009s][info ][gc,metaspace   ] GC(250) Metaspace: 16007K(16640K)->16007K(16640K) NonClass: 14272K(14592K)->14272K(14592K) Class: 1734K(2048K)->1734K(2048K)
[14.009s][info ][gc             ] GC(250) Pause Young (Allocation Failure) 140M->4M(495M) 0.345ms
[14.009s][info ][gc,cpu         ] GC(250) User=0.00s Sys=0.00s Real=0.00s
[14.019s][info ][gc,start       ] GC(251) Pause Young (Allocation Failure)
[14.019s][info ][gc,task        ] GC(251) Using 9 workers of 9 for evacuation
[14.019s][debug][gc,age         ] GC(251) Desired survivor size 8945664 bytes, new threshold 6 (max threshold 6)
[14.019s][trace][gc,age         ] GC(251) Age table with threshold 6 (max threshold 6)
[14.019s][trace][gc,age         ] GC(251) - age   1:        192 bytes,        192 total
[14.019s][info ][gc,heap        ] GC(251) ParNew: 140279K->8K(157376K)
[14.019s][info ][gc,heap        ] GC(251) CMS: 3752K->3752K(349568K)
[14.019s][info ][gc,metaspace   ] GC(251) Metaspace: 16007K(16640K)->16007K(16640K) NonClass: 14272K(14592K)->14272K(14592K) Class: 1734K(2048K)->1734K(2048K)
[14.019s][info ][gc             ] GC(251) Pause Young (Allocation Failure) 140M->3M(495M) 0.452ms
[14.019s][info ][gc,cpu         ] GC(251) User=0.00s Sys=0.00s Real=0.00s
[14.029s][info ][gc,start       ] GC(252) Pause Young (Allocation Failure)
[14.029s][info ][gc,task        ] GC(252) Using 9 workers of 9 for evacuation
[14.029s][debug][gc,age         ] GC(252) Desired survivor size 8945664 bytes, new threshold 6 (max threshold 6)
[14.029s][trace][gc,age         ] GC(252) Age table with threshold 6 (max threshold 6)
[14.029s][trace][gc,age         ] GC(252) - age   1:     400208 bytes,     400208 total
[14.029s][info ][gc,heap        ] GC(252) ParNew: 139896K->394K(157376K)
[14.029s][info ][gc,heap        ] GC(252) CMS: 3752K->3752K(349568K)
[14.029s][info ][gc,metaspace   ] GC(252) Metaspace: 16007K(16640K)->16007K(16640K) NonClass: 14272K(14592K)->14272K(14592K) Class: 1734K(2048K)->1734K(2048K)
[14.029s][info ][gc             ] GC(252) Pause Young (Allocation Failure) 140M->4M(495M) 0.448ms
[14.029s][info ][gc,cpu         ] GC(252) User=0.00s Sys=0.00s Real=0.00s
[14.039s][info ][gc,start       ] GC(253) Pause Young (Allocation Failure)
[14.039s][info ][gc,task        ] GC(253) Using 9 workers of 9 for evacuation
[14.039s][debug][gc,age         ] GC(253) Desired survivor size 8945664 bytes, new threshold 6 (max threshold 6)
[14.039s][trace][gc,age         ] GC(253) Age table with threshold 6 (max threshold 6)
[14.039s][trace][gc,age         ] GC(253) - age   1:        192 bytes,        192 total
[14.039s][info ][gc,heap        ] GC(253) ParNew: 140279K->8K(157376K)
[14.039s][info ][gc,heap        ] GC(253) CMS: 3752K->3752K(349568K)
[14.039s][info ][gc,metaspace   ] GC(253) Metaspace: 16007K(16640K)->16007K(16640K) NonClass: 14272K(14592K)->14272K(14592K) Class: 1734K(2048K)->1734K(2048K)
[14.039s][info ][gc             ] GC(253) Pause Young (Allocation Failure) 140M->3M(495M) 0.364ms
[14.039s][info ][gc,cpu         ] GC(253) User=0.00s Sys=0.00s Real=0.00s
[14.049s][info ][gc,start       ] GC(254) Pause Young (Allocation Failure)
[14.049s][info ][gc,task        ] GC(254) Using 9 workers of 9 for evacuation
[14.049s][debug][gc,age         ] GC(254) Desired survivor size 8945664 bytes, new threshold 6 (max threshold 6)
[14.049s][trace][gc,age         ] GC(254) Age table with threshold 6 (max threshold 6)
[14.049s][trace][gc,age         ] GC(254) - age   1:     400208 bytes,     400208 total
[14.049s][info ][gc,heap        ] GC(254) ParNew: 139891K->396K(157376K)
[14.049s][info ][gc,heap        ] GC(254) CMS: 3752K->3752K(349568K)
[14.049s][info ][gc,metaspace   ] GC(254) Metaspace: 16007K(16640K)->16007K(16640K) NonClass: 14272K(14592K)->14272K(14592K) Class: 1734K(2048K)->1734K(2048K)
[14.049s][info ][gc             ] GC(254) Pause Young (Allocation Failure) 140M->4M(495M) 0.405ms
[14.049s][info ][gc,cpu         ] GC(254) User=0.00s Sys=0.00s Real=0.01s
[14.059s][info ][gc,start       ] GC(255) Pause Young (Allocation Failure)
[14.059s][info ][gc,task        ] GC(255) Using 9 workers of 9 for evacuation
[14.059s][debug][gc,age         ] GC(255) Desired survivor size 8945664 bytes, new threshold 6 (max threshold 6)
[14.059s][trace][gc,age         ] GC(255) Age table with threshold 6 (max threshold 6)
[14.059s][trace][gc,age         ] GC(255) - age   1:        192 bytes,        192 total
[14.059s][info ][gc,heap        ] GC(255) ParNew: 140283K->8K(157376K)
[14.059s][info ][gc,heap        ] GC(255) CMS: 3752K->3752K(349568K)
[14.059s][info ][gc,metaspace   ] GC(255) Metaspace: 16007K(16640K)->16007K(16640K) NonClass: 14272K(14592K)->14272K(14592K) Class: 1734K(2048K)->1734K(2048K)
[14.059s][info ][gc             ] GC(255) Pause Young (Allocation Failure) 140M->3M(495M) 0.362ms
[14.059s][info ][gc,cpu         ] GC(255) User=0.00s Sys=0.00s Real=0.01s
[14.068s][info ][gc,start       ] GC(256) Pause Young (Allocation Failure)
[14.068s][info ][gc,task        ] GC(256) Using 9 workers of 9 for evacuation
[14.069s][debug][gc,age         ] GC(256) Desired survivor size 8945664 bytes, new threshold 6 (max threshold 6)
[14.069s][trace][gc,age         ] GC(256) Age table with threshold 6 (max threshold 6)
[14.069s][trace][gc,age         ] GC(256) - age   1:     400208 bytes,     400208 total
[14.069s][info ][gc,heap        ] GC(256) ParNew: 139893K->394K(157376K)
[14.069s][info ][gc,heap        ] GC(256) CMS: 3752K->3752K(349568K)
[14.069s][info ][gc,metaspace   ] GC(256) Metaspace: 16007K(16640K)->16007K(16640K) NonClass: 14272K(14592K)->14272K(14592K) Class: 1734K(2048K)->1734K(2048K)
[14.069s][info ][gc             ] GC(256) Pause Young (Allocation Failure) 140M->4M(495M) 0.390ms
[14.069s][info ][gc,cpu         ] GC(256) User=0.00s Sys=0.00s Real=0.01s
[14.078s][info ][gc,start       ] GC(257) Pause Young (Allocation Failure)
[14.079s][info ][gc,task        ] GC(257) Using 9 workers of 9 for evacuation
[14.079s][debug][gc,age         ] GC(257) Desired survivor size 8945664 bytes, new threshold 6 (max threshold 6)
[14.079s][trace][gc,age         ] GC(257) Age table with threshold 6 (max threshold 6)
[14.079s][trace][gc,age         ] GC(257) - age   1:        192 bytes,        192 total
[14.079s][info ][gc,heap        ] GC(257) ParNew: 140278K->8K(157376K)
[14.079s][info ][gc,heap        ] GC(257) CMS: 3752K->3752K(349568K)
[14.079s][info ][gc,metaspace   ] GC(257) Metaspace: 16007K(16640K)->16007K(16640K) NonClass: 14272K(14592K)->14272K(14592K) Class: 1734K(2048K)->1734K(2048K)
[14.079s][info ][gc             ] GC(257) Pause Young (Allocation Failure) 140M->3M(495M) 0.411ms
[14.079s][info ][gc,cpu         ] GC(257) User=0.01s Sys=0.00s Real=0.01s
[14.088s][info ][gc,start       ] GC(258) Pause Young (Allocation Failure)
[14.088s][info ][gc,task        ] GC(258) Using 9 workers of 9 for evacuation
[14.089s][debug][gc,age         ] GC(258) Desired survivor size 8945664 bytes, new threshold 6 (max threshold 6)
[14.089s][trace][gc,age         ] GC(258) Age table with threshold 6 (max threshold 6)
[14.089s][trace][gc,age         ] GC(258) - age   1:     400208 bytes,     400208 total
[14.089s][info ][gc,heap        ] GC(258) ParNew: 139894K->396K(157376K)
[14.089s][info ][gc,heap        ] GC(258) CMS: 3752K->3752K(349568K)
[14.089s][info ][gc,metaspace   ] GC(258) Metaspace: 16007K(16640K)->16007K(16640K) NonClass: 14272K(14592K)->14272K(14592K) Class: 1734K(2048K)->1734K(2048K)
[14.089s][info ][gc             ] GC(258) Pause Young (Allocation Failure) 140M->4M(495M) 0.399ms
[14.089s][info ][gc,cpu         ] GC(258) User=0.01s Sys=0.00s Real=0.01s
[14.098s][info ][gc,start       ] GC(259) Pause Young (Allocation Failure)
[14.098s][info ][gc,task        ] GC(259) Using 9 workers of 9 for evacuation
[14.099s][debug][gc,age         ] GC(259) Desired survivor size 8945664 bytes, new threshold 6 (max threshold 6)
[14.099s][trace][gc,age         ] GC(259) Age table with threshold 6 (max threshold 6)
[14.099s][trace][gc,age         ] GC(259) - age   1:        192 bytes,        192 total
[14.099s][info ][gc,heap        ] GC(259) ParNew: 140281K->6K(157376K)
[14.099s][info ][gc,heap        ] GC(259) CMS: 3752K->3752K(349568K)
[14.099s][info ][gc,metaspace   ] GC(259) Metaspace: 16007K(16640K)->16007K(16640K) NonClass: 14272K(14592K)->14272K(14592K) Class: 1734K(2048K)->1734K(2048K)
[14.099s][info ][gc             ] GC(259) Pause Young (Allocation Failure) 140M->3M(495M) 0.468ms
[14.099s][info ][gc,cpu         ] GC(259) User=0.00s Sys=0.00s Real=0.01s
[14.108s][info ][gc,start       ] GC(260) Pause Young (Allocation Failure)
[14.108s][info ][gc,task        ] GC(260) Using 9 workers of 9 for evacuation
[14.109s][debug][gc,age         ] GC(260) Desired survivor size 8945664 bytes, new threshold 6 (max threshold 6)
[14.109s][trace][gc,age         ] GC(260) Age table with threshold 6 (max threshold 6)
[14.109s][trace][gc,age         ] GC(260) - age   1:     400208 bytes,     400208 total
[14.109s][info ][gc,heap        ] GC(260) ParNew: 139888K->396K(157376K)
[14.109s][info ][gc,heap        ] GC(260) CMS: 3752K->3752K(349568K)
[14.109s][info ][gc,metaspace   ] GC(260) Metaspace: 16007K(16640K)->16007K(16640K) NonClass: 14272K(14592K)->14272K(14592K) Class: 1734K(2048K)->1734K(2048K)
[14.109s][info ][gc             ] GC(260) Pause Young (Allocation Failure) 140M->4M(495M) 0.363ms
[14.109s][info ][gc,cpu         ] GC(260) User=0.00s Sys=0.00s Real=0.00s
[14.118s][info ][gc,start       ] GC(261) Pause Young (Allocation Failure)
[14.118s][info ][gc,task        ] GC(261) Using 9 workers of 9 for evacuation
[14.119s][debug][gc,age         ] GC(261) Desired survivor size 8945664 bytes, new threshold 6 (max threshold 6)
[14.119s][trace][gc,age         ] GC(261) Age table with threshold 6 (max threshold 6)
[14.119s][trace][gc,age         ] GC(261) - age   1:        192 bytes,        192 total
[14.119s][info ][gc,heap        ] GC(261) ParNew: 140279K->6K(157376K)
[14.119s][info ][gc,heap        ] GC(261) CMS: 3752K->3752K(349568K)
[14.119s][info ][gc,metaspace   ] GC(261) Metaspace: 16007K(16640K)->16007K(16640K) NonClass: 14272K(14592K)->14272K(14592K) Class: 1734K(2048K)->1734K(2048K)
[14.119s][info ][gc             ] GC(261) Pause Young (Allocation Failure) 140M->3M(495M) 0.461ms
[14.119s][info ][gc,cpu         ] GC(261) User=0.00s Sys=0.00s Real=0.00s
[14.128s][info ][gc,start       ] GC(262) Pause Young (Allocation Failure)
[14.128s][info ][gc,task        ] GC(262) Using 9 workers of 9 for evacuation
[14.129s][debug][gc,age         ] GC(262) Desired survivor size 8945664 bytes, new threshold 6 (max threshold 6)
[14.129s][trace][gc,age         ] GC(262) Age table with threshold 6 (max threshold 6)
[14.129s][trace][gc,age         ] GC(262) - age   1:     400208 bytes,     400208 total
[14.129s][info ][gc,heap        ] GC(262) ParNew: 139886K->398K(157376K)
[14.129s][info ][gc,heap        ] GC(262) CMS: 3752K->3752K(349568K)
[14.129s][info ][gc,metaspace   ] GC(262) Metaspace: 16007K(16640K)->16007K(16640K) NonClass: 14272K(14592K)->14272K(14592K) Class: 1734K(2048K)->1734K(2048K)
[14.129s][info ][gc             ] GC(262) Pause Young (Allocation Failure) 140M->4M(495M) 0.441ms
[14.129s][info ][gc,cpu         ] GC(262) User=0.00s Sys=0.00s Real=0.00s
[14.138s][info ][gc,start       ] GC(263) Pause Young (Allocation Failure)
[14.138s][info ][gc,task        ] GC(263) Using 9 workers of 9 for evacuation
[14.138s][debug][gc,age         ] GC(263) Desired survivor size 8945664 bytes, new threshold 6 (max threshold 6)
[14.138s][trace][gc,age         ] GC(263) Age table with threshold 6 (max threshold 6)
[14.138s][trace][gc,age         ] GC(263) - age   1:        192 bytes,        192 total
[14.138s][info ][gc,heap        ] GC(263) ParNew: 140279K->4K(157376K)
[14.138s][info ][gc,heap        ] GC(263) CMS: 3752K->3752K(349568K)
[14.138s][info ][gc,metaspace   ] GC(263) Metaspace: 16007K(16640K)->16007K(16640K) NonClass: 14272K(14592K)->14272K(14592K) Class: 1734K(2048K)->1734K(2048K)
[14.138s][info ][gc             ] GC(263) Pause Young (Allocation Failure) 140M->3M(495M) 0.372ms
[14.138s][info ][gc,cpu         ] GC(263) User=0.00s Sys=0.00s Real=0.00s
[14.148s][info ][gc,start       ] GC(264) Pause Young (Allocation Failure)
[14.148s][info ][gc,task        ] GC(264) Using 9 workers of 9 for evacuation
[14.148s][debug][gc,age         ] GC(264) Desired survivor size 8945664 bytes, new threshold 6 (max threshold 6)
[14.148s][trace][gc,age         ] GC(264) Age table with threshold 6 (max threshold 6)
[14.148s][trace][gc,age         ] GC(264) - age   1:     400208 bytes,     400208 total
[14.148s][info ][gc,heap        ] GC(264) ParNew: 139884K->396K(157376K)
[14.148s][info ][gc,heap        ] GC(264) CMS: 3752K->3752K(349568K)
[14.148s][info ][gc,metaspace   ] GC(264) Metaspace: 16007K(16640K)->16007K(16640K) NonClass: 14272K(14592K)->14272K(14592K) Class: 1734K(2048K)->1734K(2048K)
[14.148s][info ][gc             ] GC(264) Pause Young (Allocation Failure) 140M->4M(495M) 0.484ms
[14.148s][info ][gc,cpu         ] GC(264) User=0.00s Sys=0.00s Real=0.00s
[14.158s][info ][gc,start       ] GC(265) Pause Young (Allocation Failure)
[14.158s][info ][gc,task        ] GC(265) Using 9 workers of 9 for evacuation
[14.158s][debug][gc,age         ] GC(265) Desired survivor size 8945664 bytes, new threshold 6 (max threshold 6)
[14.158s][trace][gc,age         ] GC(265) Age table with threshold 6 (max threshold 6)
[14.158s][trace][gc,age         ] GC(265) - age   1:        192 bytes,        192 total
[14.158s][info ][gc,heap        ] GC(265) ParNew: 140286K->8K(157376K)
[14.158s][info ][gc,heap        ] GC(265) CMS: 3752K->3752K(349568K)
[14.158s][info ][gc,metaspace   ] GC(265) Metaspace: 16007K(16640K)->16007K(16640K) NonClass: 14272K(14592K)->14272K(14592K) Class: 1734K(2048K)->1734K(2048K)
[14.158s][info ][gc             ] GC(265) Pause Young (Allocation Failure) 140M->3M(495M) 0.386ms
[14.158s][info ][gc,cpu         ] GC(265) User=0.00s Sys=0.00s Real=0.00s
[14.168s][info ][gc,start       ] GC(266) Pause Young (Allocation Failure)
[14.168s][info ][gc,task        ] GC(266) Using 9 workers of 9 for evacuation
[14.168s][debug][gc,age         ] GC(266) Desired survivor size 8945664 bytes, new threshold 6 (max threshold 6)
[14.168s][trace][gc,age         ] GC(266) Age table with threshold 6 (max threshold 6)
[14.168s][trace][gc,age         ] GC(266) - age   1:     400208 bytes,     400208 total
[14.168s][info ][gc,heap        ] GC(266) ParNew: 139895K->396K(157376K)
[14.168s][info ][gc,heap        ] GC(266) CMS: 3752K->3752K(349568K)
[14.168s][info ][gc,metaspace   ] GC(266) Metaspace: 16007K(16640K)->16007K(16640K) NonClass: 14272K(14592K)->14272K(14592K) Class: 1734K(2048K)->1734K(2048K)
[14.168s][info ][gc             ] GC(266) Pause Young (Allocation Failure) 140M->4M(495M) 0.421ms
[14.168s][info ][gc,cpu         ] GC(266) User=0.01s Sys=0.00s Real=0.00s
[14.178s][info ][gc,start       ] GC(267) Pause Young (Allocation Failure)
[14.178s][info ][gc,task        ] GC(267) Using 9 workers of 9 for evacuation
[14.178s][debug][gc,age         ] GC(267) Desired survivor size 8945664 bytes, new threshold 6 (max threshold 6)
[14.178s][trace][gc,age         ] GC(267) Age table with threshold 6 (max threshold 6)
[14.178s][trace][gc,age         ] GC(267) - age   1:        192 bytes,        192 total
[14.178s][info ][gc,heap        ] GC(267) ParNew: 140279K->8K(157376K)
[14.178s][info ][gc,heap        ] GC(267) CMS: 3752K->3752K(349568K)
[14.178s][info ][gc,metaspace   ] GC(267) Metaspace: 16007K(16640K)->16007K(16640K) NonClass: 14272K(14592K)->14272K(14592K) Class: 1734K(2048K)->1734K(2048K)
[14.178s][info ][gc             ] GC(267) Pause Young (Allocation Failure) 140M->3M(495M) 0.436ms
[14.178s][info ][gc,cpu         ] GC(267) User=0.01s Sys=0.00s Real=0.00s
[14.188s][info ][gc,start       ] GC(268) Pause Young (Allocation Failure)
[14.188s][info ][gc,task        ] GC(268) Using 9 workers of 9 for evacuation
[14.188s][debug][gc,age         ] GC(268) Desired survivor size 8945664 bytes, new threshold 6 (max threshold 6)
[14.188s][trace][gc,age         ] GC(268) Age table with threshold 6 (max threshold 6)
[14.188s][trace][gc,age         ] GC(268) - age   1:     400208 bytes,     400208 total
[14.188s][info ][gc,heap        ] GC(268) ParNew: 139890K->398K(157376K)
[14.188s][info ][gc,heap        ] GC(268) CMS: 3752K->3752K(349568K)
[14.188s][info ][gc,metaspace   ] GC(268) Metaspace: 16007K(16640K)->16007K(16640K) NonClass: 14272K(14592K)->14272K(14592K) Class: 1734K(2048K)->1734K(2048K)
[14.188s][info ][gc             ] GC(268) Pause Young (Allocation Failure) 140M->4M(495M) 0.401ms
[14.188s][info ][gc,cpu         ] GC(268) User=0.00s Sys=0.00s Real=0.00s
[14.198s][info ][gc,start       ] GC(269) Pause Young (Allocation Failure)
[14.198s][info ][gc,task        ] GC(269) Using 9 workers of 9 for evacuation
[14.198s][debug][gc,age         ] GC(269) Desired survivor size 8945664 bytes, new threshold 6 (max threshold 6)
[14.198s][trace][gc,age         ] GC(269) Age table with threshold 6 (max threshold 6)
[14.198s][trace][gc,age         ] GC(269) - age   1:        192 bytes,        192 total
[14.198s][info ][gc,heap        ] GC(269) ParNew: 140281K->8K(157376K)
[14.198s][info ][gc,heap        ] GC(269) CMS: 3752K->3752K(349568K)
[14.198s][info ][gc,metaspace   ] GC(269) Metaspace: 16007K(16640K)->16007K(16640K) NonClass: 14272K(14592K)->14272K(14592K) Class: 1734K(2048K)->1734K(2048K)
[14.198s][info ][gc             ] GC(269) Pause Young (Allocation Failure) 140M->3M(495M) 0.426ms
[14.198s][info ][gc,cpu         ] GC(269) User=0.00s Sys=0.00s Real=0.00s
[14.207s][info ][gc,start       ] GC(270) Pause Young (Allocation Failure)
[14.207s][info ][gc,task        ] GC(270) Using 9 workers of 9 for evacuation
[14.208s][debug][gc,age         ] GC(270) Desired survivor size 8945664 bytes, new threshold 6 (max threshold 6)
[14.208s][trace][gc,age         ] GC(270) Age table with threshold 6 (max threshold 6)
[14.208s][trace][gc,age         ] GC(270) - age   1:     400208 bytes,     400208 total
[14.208s][info ][gc,heap        ] GC(270) ParNew: 139897K->398K(157376K)
[14.208s][info ][gc,heap        ] GC(270) CMS: 3752K->3752K(349568K)
[14.208s][info ][gc,metaspace   ] GC(270) Metaspace: 16007K(16640K)->16007K(16640K) NonClass: 14272K(14592K)->14272K(14592K) Class: 1734K(2048K)->1734K(2048K)
[14.208s][info ][gc             ] GC(270) Pause Young (Allocation Failure) 140M->4M(495M) 0.343ms
[14.208s][info ][gc,cpu         ] GC(270) User=0.00s Sys=0.00s Real=0.00s
[14.218s][info ][gc,start       ] GC(271) Pause Young (Allocation Failure)
[14.218s][info ][gc,task        ] GC(271) Using 9 workers of 9 for evacuation
[14.218s][debug][gc,age         ] GC(271) Desired survivor size 8945664 bytes, new threshold 6 (max threshold 6)
[14.218s][trace][gc,age         ] GC(271) Age table with threshold 6 (max threshold 6)
[14.218s][trace][gc,age         ] GC(271) - age   1:        192 bytes,        192 total
[14.218s][info ][gc,heap        ] GC(271) ParNew: 140285K->6K(157376K)
[14.218s][info ][gc,heap        ] GC(271) CMS: 3752K->3752K(349568K)
[14.218s][info ][gc,metaspace   ] GC(271) Metaspace: 16007K(16640K)->16007K(16640K) NonClass: 14272K(14592K)->14272K(14592K) Class: 1734K(2048K)->1734K(2048K)
[14.218s][info ][gc             ] GC(271) Pause Young (Allocation Failure) 140M->3M(495M) 0.406ms
[14.218s][info ][gc,cpu         ] GC(271) User=0.00s Sys=0.00s Real=0.00s
[14.228s][info ][gc,start       ] GC(272) Pause Young (Allocation Failure)
[14.228s][info ][gc,task        ] GC(272) Using 9 workers of 9 for evacuation
[14.228s][debug][gc,age         ] GC(272) Desired survivor size 8945664 bytes, new threshold 6 (max threshold 6)
[14.228s][trace][gc,age         ] GC(272) Age table with threshold 6 (max threshold 6)
[14.228s][trace][gc,age         ] GC(272) - age   1:     400208 bytes,     400208 total
[14.228s][info ][gc,heap        ] GC(272) ParNew: 139891K->398K(157376K)
[14.228s][info ][gc,heap        ] GC(272) CMS: 3752K->3752K(349568K)
[14.228s][info ][gc,metaspace   ] GC(272) Metaspace: 16007K(16640K)->16007K(16640K) NonClass: 14272K(14592K)->14272K(14592K) Class: 1734K(2048K)->1734K(2048K)
[14.228s][info ][gc             ] GC(272) Pause Young (Allocation Failure) 140M->4M(495M) 0.418ms
[14.228s][info ][gc,cpu         ] GC(272) User=0.00s Sys=0.00s Real=0.00s
[14.238s][info ][gc,start       ] GC(273) Pause Young (Allocation Failure)
[14.238s][info ][gc,task        ] GC(273) Using 9 workers of 9 for evacuation
[14.238s][debug][gc,age         ] GC(273) Desired survivor size 8945664 bytes, new threshold 6 (max threshold 6)
[14.238s][trace][gc,age         ] GC(273) Age table with threshold 6 (max threshold 6)
[14.238s][trace][gc,age         ] GC(273) - age   1:        192 bytes,        192 total
[14.238s][info ][gc,heap        ] GC(273) ParNew: 140296K->8K(157376K)
[14.238s][info ][gc,heap        ] GC(273) CMS: 3752K->3752K(349568K)
[14.238s][info ][gc,metaspace   ] GC(273) Metaspace: 16007K(16640K)->16007K(16640K) NonClass: 14272K(14592K)->14272K(14592K) Class: 1734K(2048K)->1734K(2048K)
[14.238s][info ][gc             ] GC(273) Pause Young (Allocation Failure) 140M->3M(495M) 0.409ms
[14.238s][info ][gc,cpu         ] GC(273) User=0.00s Sys=0.00s Real=0.00s
[14.248s][info ][gc,start       ] GC(274) Pause Young (Allocation Failure)
[14.248s][info ][gc,task        ] GC(274) Using 9 workers of 9 for evacuation
[14.248s][debug][gc,age         ] GC(274) Desired survivor size 8945664 bytes, new threshold 6 (max threshold 6)
[14.248s][trace][gc,age         ] GC(274) Age table with threshold 6 (max threshold 6)
[14.248s][trace][gc,age         ] GC(274) - age   1:     400208 bytes,     400208 total
[14.248s][info ][gc,heap        ] GC(274) ParNew: 139900K->396K(157376K)
[14.248s][info ][gc,heap        ] GC(274) CMS: 3752K->3752K(349568K)
[14.248s][info ][gc,metaspace   ] GC(274) Metaspace: 16007K(16640K)->16007K(16640K) NonClass: 14272K(14592K)->14272K(14592K) Class: 1734K(2048K)->1734K(2048K)
[14.248s][info ][gc             ] GC(274) Pause Young (Allocation Failure) 140M->4M(495M) 0.436ms
[14.248s][info ][gc,cpu         ] GC(274) User=0.01s Sys=0.00s Real=0.00s
[14.258s][info ][gc,start       ] GC(275) Pause Young (Allocation Failure)
[14.258s][info ][gc,task        ] GC(275) Using 9 workers of 9 for evacuation
[14.258s][debug][gc,age         ] GC(275) Desired survivor size 8945664 bytes, new threshold 6 (max threshold 6)
[14.258s][trace][gc,age         ] GC(275) Age table with threshold 6 (max threshold 6)
[14.258s][trace][gc,age         ] GC(275) - age   1:        192 bytes,        192 total
[14.258s][info ][gc,heap        ] GC(275) ParNew: 140281K->4K(157376K)
[14.258s][info ][gc,heap        ] GC(275) CMS: 3752K->3752K(349568K)
[14.258s][info ][gc,metaspace   ] GC(275) Metaspace: 16007K(16640K)->16007K(16640K) NonClass: 14272K(14592K)->14272K(14592K) Class: 1734K(2048K)->1734K(2048K)
[14.258s][info ][gc             ] GC(275) Pause Young (Allocation Failure) 140M->3M(495M) 0.406ms
[14.258s][info ][gc,cpu         ] GC(275) User=0.01s Sys=0.00s Real=0.00s
[14.268s][info ][gc,start       ] GC(276) Pause Young (Allocation Failure)
[14.268s][info ][gc,task        ] GC(276) Using 9 workers of 9 for evacuation
[14.268s][debug][gc,age         ] GC(276) Desired survivor size 8945664 bytes, new threshold 6 (max threshold 6)
[14.268s][trace][gc,age         ] GC(276) Age table with threshold 6 (max threshold 6)
[14.268s][trace][gc,age         ] GC(276) - age   1:     400208 bytes,     400208 total
[14.268s][info ][gc,heap        ] GC(276) ParNew: 139885K->396K(157376K)
[14.268s][info ][gc,heap        ] GC(276) CMS: 3752K->3752K(349568K)
[14.268s][info ][gc,metaspace   ] GC(276) Metaspace: 16007K(16640K)->16007K(16640K) NonClass: 14272K(14592K)->14272K(14592K) Class: 1734K(2048K)->1734K(2048K)
[14.268s][info ][gc             ] GC(276) Pause Young (Allocation Failure) 140M->4M(495M) 0.391ms
[14.268s][info ][gc,cpu         ] GC(276) User=0.01s Sys=0.00s Real=0.00s
[14.278s][info ][gc,start       ] GC(277) Pause Young (Allocation Failure)
[14.278s][info ][gc,task        ] GC(277) Using 9 workers of 9 for evacuation
[14.278s][debug][gc,age         ] GC(277) Desired survivor size 8945664 bytes, new threshold 6 (max threshold 6)
[14.278s][trace][gc,age         ] GC(277) Age table with threshold 6 (max threshold 6)
[14.278s][trace][gc,age         ] GC(277) - age   1:        192 bytes,        192 total
[14.278s][info ][gc,heap        ] GC(277) ParNew: 140291K->6K(157376K)
[14.278s][info ][gc,heap        ] GC(277) CMS: 3752K->3752K(349568K)
[14.278s][info ][gc,metaspace   ] GC(277) Metaspace: 16007K(16640K)->16007K(16640K) NonClass: 14272K(14592K)->14272K(14592K) Class: 1734K(2048K)->1734K(2048K)
[14.278s][info ][gc             ] GC(277) Pause Young (Allocation Failure) 140M->3M(495M) 0.434ms
[14.278s][info ][gc,cpu         ] GC(277) User=0.00s Sys=0.00s Real=0.00s
[14.288s][info ][gc,start       ] GC(278) Pause Young (Allocation Failure)
[14.288s][info ][gc,task        ] GC(278) Using 9 workers of 9 for evacuation
[14.288s][debug][gc,age         ] GC(278) Desired survivor size 8945664 bytes, new threshold 6 (max threshold 6)
[14.288s][trace][gc,age         ] GC(278) Age table with threshold 6 (max threshold 6)
[14.288s][trace][gc,age         ] GC(278) - age   1:     400208 bytes,     400208 total
[14.288s][info ][gc,heap        ] GC(278) ParNew: 139896K->394K(157376K)
[14.288s][info ][gc,heap        ] GC(278) CMS: 3752K->3752K(349568K)
[14.288s][info ][gc,metaspace   ] GC(278) Metaspace: 16007K(16640K)->16007K(16640K) NonClass: 14272K(14592K)->14272K(14592K) Class: 1734K(2048K)->1734K(2048K)
[14.288s][info ][gc             ] GC(278) Pause Young (Allocation Failure) 140M->4M(495M) 0.375ms
[14.288s][info ][gc,cpu         ] GC(278) User=0.00s Sys=0.00s Real=0.00s
[14.298s][info ][gc,start       ] GC(279) Pause Young (Allocation Failure)
[14.298s][info ][gc,task        ] GC(279) Using 9 workers of 9 for evacuation
[14.298s][debug][gc,age         ] GC(279) Desired survivor size 8945664 bytes, new threshold 6 (max threshold 6)
[14.298s][trace][gc,age         ] GC(279) Age table with threshold 6 (max threshold 6)
[14.298s][trace][gc,age         ] GC(279) - age   1:        192 bytes,        192 total
[14.298s][info ][gc,heap        ] GC(279) ParNew: 140269K->6K(157376K)
[14.298s][info ][gc,heap        ] GC(279) CMS: 3752K->3752K(349568K)
[14.298s][info ][gc,metaspace   ] GC(279) Metaspace: 16007K(16640K)->16007K(16640K) NonClass: 14272K(14592K)->14272K(14592K) Class: 1734K(2048K)->1734K(2048K)
[14.298s][info ][gc             ] GC(279) Pause Young (Allocation Failure) 140M->3M(495M) 0.444ms
[14.298s][info ][gc,cpu         ] GC(279) User=0.00s Sys=0.00s Real=0.00s
[14.307s][info ][gc,start       ] GC(280) Pause Young (Allocation Failure)
[14.307s][info ][gc,task        ] GC(280) Using 9 workers of 9 for evacuation
[14.308s][debug][gc,age         ] GC(280) Desired survivor size 8945664 bytes, new threshold 6 (max threshold 6)
[14.308s][trace][gc,age         ] GC(280) Age table with threshold 6 (max threshold 6)
[14.308s][trace][gc,age         ] GC(280) - age   1:     400208 bytes,     400208 total
[14.308s][info ][gc,heap        ] GC(280) ParNew: 139894K->396K(157376K)
[14.308s][info ][gc,heap        ] GC(280) CMS: 3752K->3752K(349568K)
[14.308s][info ][gc,metaspace   ] GC(280) Metaspace: 16007K(16640K)->16007K(16640K) NonClass: 14272K(14592K)->14272K(14592K) Class: 1734K(2048K)->1734K(2048K)
[14.308s][info ][gc             ] GC(280) Pause Young (Allocation Failure) 140M->4M(495M) 0.453ms
[14.308s][info ][gc,cpu         ] GC(280) User=0.00s Sys=0.00s Real=0.00s
[14.317s][info ][gc,start       ] GC(281) Pause Young (Allocation Failure)
[14.317s][info ][gc,task        ] GC(281) Using 9 workers of 9 for evacuation
[14.318s][debug][gc,age         ] GC(281) Desired survivor size 8945664 bytes, new threshold 6 (max threshold 6)
[14.318s][trace][gc,age         ] GC(281) Age table with threshold 6 (max threshold 6)
[14.318s][trace][gc,age         ] GC(281) - age   1:        192 bytes,        192 total
[14.318s][info ][gc,heap        ] GC(281) ParNew: 140285K->4K(157376K)
[14.318s][info ][gc,heap        ] GC(281) CMS: 3752K->3752K(349568K)
[14.318s][info ][gc,metaspace   ] GC(281) Metaspace: 16007K(16640K)->16007K(16640K) NonClass: 14272K(14592K)->14272K(14592K) Class: 1734K(2048K)->1734K(2048K)
[14.318s][info ][gc             ] GC(281) Pause Young (Allocation Failure) 140M->3M(495M) 0.498ms
[14.318s][info ][gc,cpu         ] GC(281) User=0.00s Sys=0.00s Real=0.00s
[14.327s][info ][gc,start       ] GC(282) Pause Young (Allocation Failure)
[14.327s][info ][gc,task        ] GC(282) Using 9 workers of 9 for evacuation
[14.328s][debug][gc,age         ] GC(282) Desired survivor size 8945664 bytes, new threshold 6 (max threshold 6)
[14.328s][trace][gc,age         ] GC(282) Age table with threshold 6 (max threshold 6)
[14.328s][trace][gc,age         ] GC(282) - age   1:     400208 bytes,     400208 total
[14.328s][info ][gc,heap        ] GC(282) ParNew: 139889K->398K(157376K)
[14.328s][info ][gc,heap        ] GC(282) CMS: 3752K->3752K(349568K)
[14.328s][info ][gc,metaspace   ] GC(282) Metaspace: 16007K(16640K)->16007K(16640K) NonClass: 14272K(14592K)->14272K(14592K) Class: 1734K(2048K)->1734K(2048K)
[14.328s][info ][gc             ] GC(282) Pause Young (Allocation Failure) 140M->4M(495M) 0.440ms
[14.328s][info ][gc,cpu         ] GC(282) User=0.00s Sys=0.00s Real=0.00s
[14.337s][info ][gc,start       ] GC(283) Pause Young (Allocation Failure)
[14.337s][info ][gc,task        ] GC(283) Using 9 workers of 9 for evacuation
[14.338s][debug][gc,age         ] GC(283) Desired survivor size 8945664 bytes, new threshold 6 (max threshold 6)
[14.338s][trace][gc,age         ] GC(283) Age table with threshold 6 (max threshold 6)
[14.338s][trace][gc,age         ] GC(283) - age   1:        192 bytes,        192 total
[14.338s][info ][gc,heap        ] GC(283) ParNew: 140282K->8K(157376K)
[14.338s][info ][gc,heap        ] GC(283) CMS: 3752K->3752K(349568K)
[14.338s][info ][gc,metaspace   ] GC(283) Metaspace: 16007K(16640K)->16007K(16640K) NonClass: 14272K(14592K)->14272K(14592K) Class: 1734K(2048K)->1734K(2048K)
[14.338s][info ][gc             ] GC(283) Pause Young (Allocation Failure) 140M->3M(495M) 0.474ms
[14.338s][info ][gc,cpu         ] GC(283) User=0.01s Sys=0.00s Real=0.00s
[14.347s][info ][gc,start       ] GC(284) Pause Young (Allocation Failure)
[14.347s][info ][gc,task        ] GC(284) Using 9 workers of 9 for evacuation
[14.348s][debug][gc,age         ] GC(284) Desired survivor size 8945664 bytes, new threshold 6 (max threshold 6)
[14.348s][trace][gc,age         ] GC(284) Age table with threshold 6 (max threshold 6)
[14.348s][trace][gc,age         ] GC(284) - age   1:     400208 bytes,     400208 total
[14.348s][info ][gc,heap        ] GC(284) ParNew: 139888K->398K(157376K)
[14.348s][info ][gc,heap        ] GC(284) CMS: 3752K->3752K(349568K)
[14.348s][info ][gc,metaspace   ] GC(284) Metaspace: 16007K(16640K)->16007K(16640K) NonClass: 14272K(14592K)->14272K(14592K) Class: 1734K(2048K)->1734K(2048K)
[14.348s][info ][gc             ] GC(284) Pause Young (Allocation Failure) 140M->4M(495M) 0.427ms
[14.348s][info ][gc,cpu         ] GC(284) User=0.01s Sys=0.00s Real=0.00s
[14.357s][info ][gc,start       ] GC(285) Pause Young (Allocation Failure)
[14.357s][info ][gc,task        ] GC(285) Using 9 workers of 9 for evacuation
[14.358s][debug][gc,age         ] GC(285) Desired survivor size 8945664 bytes, new threshold 6 (max threshold 6)
[14.358s][trace][gc,age         ] GC(285) Age table with threshold 6 (max threshold 6)
[14.358s][trace][gc,age         ] GC(285) - age   1:        192 bytes,        192 total
[14.358s][info ][gc,heap        ] GC(285) ParNew: 140279K->6K(157376K)
[14.358s][info ][gc,heap        ] GC(285) CMS: 3752K->3752K(349568K)
[14.358s][info ][gc,metaspace   ] GC(285) Metaspace: 16007K(16640K)->16007K(16640K) NonClass: 14272K(14592K)->14272K(14592K) Class: 1734K(2048K)->1734K(2048K)
[14.358s][info ][gc             ] GC(285) Pause Young (Allocation Failure) 140M->3M(495M) 0.439ms
[14.358s][info ][gc,cpu         ] GC(285) User=0.00s Sys=0.00s Real=0.00s
[14.367s][info ][gc,start       ] GC(286) Pause Young (Allocation Failure)
[14.367s][info ][gc,task        ] GC(286) Using 9 workers of 9 for evacuation
[14.368s][debug][gc,age         ] GC(286) Desired survivor size 8945664 bytes, new threshold 6 (max threshold 6)
[14.368s][trace][gc,age         ] GC(286) Age table with threshold 6 (max threshold 6)
[14.368s][trace][gc,age         ] GC(286) - age   1:     400208 bytes,     400208 total
[14.368s][info ][gc,heap        ] GC(286) ParNew: 139901K->396K(157376K)
[14.368s][info ][gc,heap        ] GC(286) CMS: 3752K->3752K(349568K)
[14.368s][info ][gc,metaspace   ] GC(286) Metaspace: 16007K(16640K)->16007K(16640K) NonClass: 14272K(14592K)->14272K(14592K) Class: 1734K(2048K)->1734K(2048K)
[14.368s][info ][gc             ] GC(286) Pause Young (Allocation Failure) 140M->4M(495M) 0.495ms
[14.368s][info ][gc,cpu         ] GC(286) User=0.00s Sys=0.00s Real=0.00s
[14.377s][info ][gc,start       ] GC(287) Pause Young (Allocation Failure)
[14.377s][info ][gc,task        ] GC(287) Using 9 workers of 9 for evacuation
[14.377s][debug][gc,age         ] GC(287) Desired survivor size 8945664 bytes, new threshold 6 (max threshold 6)
[14.377s][trace][gc,age         ] GC(287) Age table with threshold 6 (max threshold 6)
[14.378s][trace][gc,age         ] GC(287) - age   1:        192 bytes,        192 total
[14.378s][info ][gc,heap        ] GC(287) ParNew: 140270K->6K(157376K)
[14.378s][info ][gc,heap        ] GC(287) CMS: 3752K->3752K(349568K)
[14.378s][info ][gc,metaspace   ] GC(287) Metaspace: 16007K(16640K)->16007K(16640K) NonClass: 14272K(14592K)->14272K(14592K) Class: 1734K(2048K)->1734K(2048K)
[14.378s][info ][gc             ] GC(287) Pause Young (Allocation Failure) 140M->3M(495M) 0.377ms
[14.378s][info ][gc,cpu         ] GC(287) User=0.00s Sys=0.00s Real=0.00s
[14.387s][info ][gc,start       ] GC(288) Pause Young (Allocation Failure)
[14.387s][info ][gc,task        ] GC(288) Using 9 workers of 9 for evacuation
[14.387s][debug][gc,age         ] GC(288) Desired survivor size 8945664 bytes, new threshold 6 (max threshold 6)
[14.387s][trace][gc,age         ] GC(288) Age table with threshold 6 (max threshold 6)
[14.387s][trace][gc,age         ] GC(288) - age   1:     400208 bytes,     400208 total
[14.387s][info ][gc,heap        ] GC(288) ParNew: 139892K->396K(157376K)
[14.387s][info ][gc,heap        ] GC(288) CMS: 3752K->3752K(349568K)
[14.387s][info ][gc,metaspace   ] GC(288) Metaspace: 16007K(16640K)->16007K(16640K) NonClass: 14272K(14592K)->14272K(14592K) Class: 1734K(2048K)->1734K(2048K)
[14.387s][info ][gc             ] GC(288) Pause Young (Allocation Failure) 140M->4M(495M) 0.335ms
[14.387s][info ][gc,cpu         ] GC(288) User=0.00s Sys=0.00s Real=0.00s
[14.397s][info ][gc,start       ] GC(289) Pause Young (Allocation Failure)
[14.397s][info ][gc,task        ] GC(289) Using 9 workers of 9 for evacuation
[14.397s][debug][gc,age         ] GC(289) Desired survivor size 8945664 bytes, new threshold 6 (max threshold 6)
[14.397s][trace][gc,age         ] GC(289) Age table with threshold 6 (max threshold 6)
[14.397s][trace][gc,age         ] GC(289) - age   1:        192 bytes,        192 total
[14.397s][info ][gc,heap        ] GC(289) ParNew: 140281K->4K(157376K)
[14.397s][info ][gc,heap        ] GC(289) CMS: 3752K->3752K(349568K)
[14.397s][info ][gc,metaspace   ] GC(289) Metaspace: 16007K(16640K)->16007K(16640K) NonClass: 14272K(14592K)->14272K(14592K) Class: 1734K(2048K)->1734K(2048K)
[14.397s][info ][gc             ] GC(289) Pause Young (Allocation Failure) 140M->3M(495M) 0.401ms
[14.397s][info ][gc,cpu         ] GC(289) User=0.00s Sys=0.00s Real=0.00s
[14.407s][info ][gc,start       ] GC(290) Pause Young (Allocation Failure)
[14.407s][info ][gc,task        ] GC(290) Using 9 workers of 9 for evacuation
[14.407s][debug][gc,age         ] GC(290) Desired survivor size 8945664 bytes, new threshold 6 (max threshold 6)
[14.407s][trace][gc,age         ] GC(290) Age table with threshold 6 (max threshold 6)
[14.407s][trace][gc,age         ] GC(290) - age   1:     400208 bytes,     400208 total
[14.407s][info ][gc,heap        ] GC(290) ParNew: 139876K->396K(157376K)
[14.407s][info ][gc,heap        ] GC(290) CMS: 3752K->3752K(349568K)
[14.407s][info ][gc,metaspace   ] GC(290) Metaspace: 16007K(16640K)->16007K(16640K) NonClass: 14272K(14592K)->14272K(14592K) Class: 1734K(2048K)->1734K(2048K)
[14.407s][info ][gc             ] GC(290) Pause Young (Allocation Failure) 140M->4M(495M) 0.354ms
[14.407s][info ][gc,cpu         ] GC(290) User=0.00s Sys=0.00s Real=0.00s
[14.417s][info ][gc,start       ] GC(291) Pause Young (Allocation Failure)
[14.417s][info ][gc,task        ] GC(291) Using 9 workers of 9 for evacuation
[14.417s][debug][gc,age         ] GC(291) Desired survivor size 8945664 bytes, new threshold 6 (max threshold 6)
[14.417s][trace][gc,age         ] GC(291) Age table with threshold 6 (max threshold 6)
[14.417s][trace][gc,age         ] GC(291) - age   1:        192 bytes,        192 total
[14.417s][info ][gc,heap        ] GC(291) ParNew: 140277K->8K(157376K)
[14.417s][info ][gc,heap        ] GC(291) CMS: 3752K->3752K(349568K)
[14.417s][info ][gc,metaspace   ] GC(291) Metaspace: 16007K(16640K)->16007K(16640K) NonClass: 14272K(14592K)->14272K(14592K) Class: 1734K(2048K)->1734K(2048K)
[14.417s][info ][gc             ] GC(291) Pause Young (Allocation Failure) 140M->3M(495M) 0.464ms
[14.417s][info ][gc,cpu         ] GC(291) User=0.00s Sys=0.00s Real=0.00s
[14.427s][info ][gc,start       ] GC(292) Pause Young (Allocation Failure)
[14.427s][info ][gc,task        ] GC(292) Using 9 workers of 9 for evacuation
[14.427s][debug][gc,age         ] GC(292) Desired survivor size 8945664 bytes, new threshold 6 (max threshold 6)
[14.427s][trace][gc,age         ] GC(292) Age table with threshold 6 (max threshold 6)
[14.427s][trace][gc,age         ] GC(292) - age   1:     400208 bytes,     400208 total
[14.427s][info ][gc,heap        ] GC(292) ParNew: 139888K->398K(157376K)
[14.427s][info ][gc,heap        ] GC(292) CMS: 3752K->3752K(349568K)
[14.427s][info ][gc,metaspace   ] GC(292) Metaspace: 16007K(16640K)->16007K(16640K) NonClass: 14272K(14592K)->14272K(14592K) Class: 1734K(2048K)->1734K(2048K)
[14.427s][info ][gc             ] GC(292) Pause Young (Allocation Failure) 140M->4M(495M) 0.495ms
[14.427s][info ][gc,cpu         ] GC(292) User=0.00s Sys=0.00s Real=0.00s
[14.437s][info ][gc,start       ] GC(293) Pause Young (Allocation Failure)
[14.437s][info ][gc,task        ] GC(293) Using 9 workers of 9 for evacuation
[14.437s][debug][gc,age         ] GC(293) Desired survivor size 8945664 bytes, new threshold 6 (max threshold 6)
[14.437s][trace][gc,age         ] GC(293) Age table with threshold 6 (max threshold 6)
[14.437s][trace][gc,age         ] GC(293) - age   1:        192 bytes,        192 total
[14.437s][info ][gc,heap        ] GC(293) ParNew: 140291K->6K(157376K)
[14.437s][info ][gc,heap        ] GC(293) CMS: 3752K->3752K(349568K)
[14.437s][info ][gc,metaspace   ] GC(293) Metaspace: 16007K(16640K)->16007K(16640K) NonClass: 14272K(14592K)->14272K(14592K) Class: 1734K(2048K)->1734K(2048K)
[14.437s][info ][gc             ] GC(293) Pause Young (Allocation Failure) 140M->3M(495M) 0.396ms
[14.437s][info ][gc,cpu         ] GC(293) User=0.01s Sys=0.00s Real=0.00s
[14.446s][info ][gc,start       ] GC(294) Pause Young (Allocation Failure)
[14.447s][info ][gc,task        ] GC(294) Using 9 workers of 9 for evacuation
[14.447s][debug][gc,age         ] GC(294) Desired survivor size 8945664 bytes, new threshold 6 (max threshold 6)
[14.447s][trace][gc,age         ] GC(294) Age table with threshold 6 (max threshold 6)
[14.447s][trace][gc,age         ] GC(294) - age   1:     400208 bytes,     400208 total
[14.447s][info ][gc,heap        ] GC(294) ParNew: 139896K->396K(157376K)
[14.447s][info ][gc,heap        ] GC(294) CMS: 3752K->3752K(349568K)
[14.447s][info ][gc,metaspace   ] GC(294) Metaspace: 16007K(16640K)->16007K(16640K) NonClass: 14272K(14592K)->14272K(14592K) Class: 1734K(2048K)->1734K(2048K)
[14.447s][info ][gc             ] GC(294) Pause Young (Allocation Failure) 140M->4M(495M) 0.442ms
[14.447s][info ][gc,cpu         ] GC(294) User=0.01s Sys=0.00s Real=0.00s
[14.456s][info ][gc,start       ] GC(295) Pause Young (Allocation Failure)
[14.456s][info ][gc,task        ] GC(295) Using 9 workers of 9 for evacuation
[14.457s][debug][gc,age         ] GC(295) Desired survivor size 8945664 bytes, new threshold 6 (max threshold 6)
[14.457s][trace][gc,age         ] GC(295) Age table with threshold 6 (max threshold 6)
[14.457s][trace][gc,age         ] GC(295) - age   1:        192 bytes,        192 total
[14.457s][info ][gc,heap        ] GC(295) ParNew: 140282K->8K(157376K)
[14.457s][info ][gc,heap        ] GC(295) CMS: 3752K->3752K(349568K)
[14.457s][info ][gc,metaspace   ] GC(295) Metaspace: 16007K(16640K)->16007K(16640K) NonClass: 14272K(14592K)->14272K(14592K) Class: 1734K(2048K)->1734K(2048K)
[14.457s][info ][gc             ] GC(295) Pause Young (Allocation Failure) 140M->3M(495M) 0.323ms
[14.457s][info ][gc,cpu         ] GC(295) User=0.00s Sys=0.00s Real=0.00s
[14.466s][info ][gc,start       ] GC(296) Pause Young (Allocation Failure)
[14.466s][info ][gc,task        ] GC(296) Using 9 workers of 9 for evacuation
[14.467s][debug][gc,age         ] GC(296) Desired survivor size 8945664 bytes, new threshold 6 (max threshold 6)
[14.467s][trace][gc,age         ] GC(296) Age table with threshold 6 (max threshold 6)
[14.467s][trace][gc,age         ] GC(296) - age   1:     400208 bytes,     400208 total
[14.467s][info ][gc,heap        ] GC(296) ParNew: 139880K->396K(157376K)
[14.467s][info ][gc,heap        ] GC(296) CMS: 3752K->3752K(349568K)
[14.467s][info ][gc,metaspace   ] GC(296) Metaspace: 16007K(16640K)->16007K(16640K) NonClass: 14272K(14592K)->14272K(14592K) Class: 1734K(2048K)->1734K(2048K)
[14.467s][info ][gc             ] GC(296) Pause Young (Allocation Failure) 140M->4M(495M) 0.416ms
[14.467s][info ][gc,cpu         ] GC(296) User=0.00s Sys=0.00s Real=0.00s
[14.476s][info ][gc,start       ] GC(297) Pause Young (Allocation Failure)
[14.476s][info ][gc,task        ] GC(297) Using 9 workers of 9 for evacuation
[14.477s][debug][gc,age         ] GC(297) Desired survivor size 8945664 bytes, new threshold 6 (max threshold 6)
[14.477s][trace][gc,age         ] GC(297) Age table with threshold 6 (max threshold 6)
[14.477s][trace][gc,age         ] GC(297) - age   1:        192 bytes,        192 total
[14.477s][info ][gc,heap        ] GC(297) ParNew: 140273K->8K(157376K)
[14.477s][info ][gc,heap        ] GC(297) CMS: 3752K->3752K(349568K)
[14.477s][info ][gc,metaspace   ] GC(297) Metaspace: 16007K(16640K)->16007K(16640K) NonClass: 14272K(14592K)->14272K(14592K) Class: 1734K(2048K)->1734K(2048K)
[14.477s][info ][gc             ] GC(297) Pause Young (Allocation Failure) 140M->3M(495M) 0.391ms
[14.477s][info ][gc,cpu         ] GC(297) User=0.00s Sys=0.00s Real=0.00s
[14.486s][info ][gc,start       ] GC(298) Pause Young (Allocation Failure)
[14.486s][info ][gc,task        ] GC(298) Using 9 workers of 9 for evacuation
[14.486s][debug][gc,age         ] GC(298) Desired survivor size 8945664 bytes, new threshold 6 (max threshold 6)
[14.486s][trace][gc,age         ] GC(298) Age table with threshold 6 (max threshold 6)
[14.486s][trace][gc,age         ] GC(298) - age   1:     400208 bytes,     400208 total
[14.486s][info ][gc,heap        ] GC(298) ParNew: 139889K->398K(157376K)
[14.486s][info ][gc,heap        ] GC(298) CMS: 3752K->3752K(349568K)
[14.486s][info ][gc,metaspace   ] GC(298) Metaspace: 16007K(16640K)->16007K(16640K) NonClass: 14272K(14592K)->14272K(14592K) Class: 1734K(2048K)->1734K(2048K)
[14.486s][info ][gc             ] GC(298) Pause Young (Allocation Failure) 140M->4M(495M) 0.406ms
[14.486s][info ][gc,cpu         ] GC(298) User=0.00s Sys=0.00s Real=0.00s
[14.496s][info ][gc,start       ] GC(299) Pause Young (Allocation Failure)
[14.496s][info ][gc,task        ] GC(299) Using 9 workers of 9 for evacuation
[14.496s][debug][gc,age         ] GC(299) Desired survivor size 8945664 bytes, new threshold 6 (max threshold 6)
[14.496s][trace][gc,age         ] GC(299) Age table with threshold 6 (max threshold 6)
[14.496s][trace][gc,age         ] GC(299) - age   1:        192 bytes,        192 total
[14.496s][info ][gc,heap        ] GC(299) ParNew: 140280K->8K(157376K)
[14.496s][info ][gc,heap        ] GC(299) CMS: 3752K->3752K(349568K)
[14.496s][info ][gc,metaspace   ] GC(299) Metaspace: 16007K(16640K)->16007K(16640K) NonClass: 14272K(14592K)->14272K(14592K) Class: 1734K(2048K)->1734K(2048K)
[14.496s][info ][gc             ] GC(299) Pause Young (Allocation Failure) 140M->3M(495M) 0.390ms
[14.496s][info ][gc,cpu         ] GC(299) User=0.00s Sys=0.00s Real=0.00s
[14.506s][info ][gc,start       ] GC(300) Pause Young (Allocation Failure)
[14.506s][info ][gc,task        ] GC(300) Using 9 workers of 9 for evacuation
[14.506s][debug][gc,age         ] GC(300) Desired survivor size 8945664 bytes, new threshold 6 (max threshold 6)
[14.506s][trace][gc,age         ] GC(300) Age table with threshold 6 (max threshold 6)
[14.506s][trace][gc,age         ] GC(300) - age   1:     400208 bytes,     400208 total
[14.506s][info ][gc,heap        ] GC(300) ParNew: 139892K->396K(157376K)
[14.506s][info ][gc,heap        ] GC(300) CMS: 3752K->3752K(349568K)
[14.506s][info ][gc,metaspace   ] GC(300) Metaspace: 16007K(16640K)->16007K(16640K) NonClass: 14272K(14592K)->14272K(14592K) Class: 1734K(2048K)->1734K(2048K)
[14.506s][info ][gc             ] GC(300) Pause Young (Allocation Failure) 140M->4M(495M) 0.388ms
[14.506s][info ][gc,cpu         ] GC(300) User=0.00s Sys=0.00s Real=0.00s
[14.516s][info ][gc,start       ] GC(301) Pause Young (Allocation Failure)
[14.516s][info ][gc,task        ] GC(301) Using 9 workers of 9 for evacuation
[14.516s][debug][gc,age         ] GC(301) Desired survivor size 8945664 bytes, new threshold 6 (max threshold 6)
[14.516s][trace][gc,age         ] GC(301) Age table with threshold 6 (max threshold 6)
[14.516s][trace][gc,age         ] GC(301) - age   1:        192 bytes,        192 total
[14.516s][info ][gc,heap        ] GC(301) ParNew: 140279K->8K(157376K)
[14.516s][info ][gc,heap        ] GC(301) CMS: 3752K->3752K(349568K)
[14.516s][info ][gc,metaspace   ] GC(301) Metaspace: 16007K(16640K)->16007K(16640K) NonClass: 14272K(14592K)->14272K(14592K) Class: 1734K(2048K)->1734K(2048K)
[14.516s][info ][gc             ] GC(301) Pause Young (Allocation Failure) 140M->3M(495M) 0.466ms
[14.516s][info ][gc,cpu         ] GC(301) User=0.00s Sys=0.00s Real=0.00s
[14.526s][info ][gc,start       ] GC(302) Pause Young (Allocation Failure)
[14.526s][info ][gc,task        ] GC(302) Using 9 workers of 9 for evacuation
[14.526s][debug][gc,age         ] GC(302) Desired survivor size 8945664 bytes, new threshold 6 (max threshold 6)
[14.526s][trace][gc,age         ] GC(302) Age table with threshold 6 (max threshold 6)
[14.526s][trace][gc,age         ] GC(302) - age   1:     400208 bytes,     400208 total
[14.526s][info ][gc,heap        ] GC(302) ParNew: 139891K->398K(157376K)
[14.526s][info ][gc,heap        ] GC(302) CMS: 3752K->3752K(349568K)
[14.526s][info ][gc,metaspace   ] GC(302) Metaspace: 16007K(16640K)->16007K(16640K) NonClass: 14272K(14592K)->14272K(14592K) Class: 1734K(2048K)->1734K(2048K)
[14.526s][info ][gc             ] GC(302) Pause Young (Allocation Failure) 140M->4M(495M) 0.361ms
[14.526s][info ][gc,cpu         ] GC(302) User=0.00s Sys=0.00s Real=0.00s
[14.536s][info ][gc,start       ] GC(303) Pause Young (Allocation Failure)
[14.536s][info ][gc,task        ] GC(303) Using 9 workers of 9 for evacuation
[14.536s][debug][gc,age         ] GC(303) Desired survivor size 8945664 bytes, new threshold 6 (max threshold 6)
[14.536s][trace][gc,age         ] GC(303) Age table with threshold 6 (max threshold 6)
[14.536s][trace][gc,age         ] GC(303) - age   1:        192 bytes,        192 total
[14.536s][info ][gc,heap        ] GC(303) ParNew: 140285K->6K(157376K)
[14.536s][info ][gc,heap        ] GC(303) CMS: 3752K->3752K(349568K)
[14.536s][info ][gc,metaspace   ] GC(303) Metaspace: 16007K(16640K)->16007K(16640K) NonClass: 14272K(14592K)->14272K(14592K) Class: 1734K(2048K)->1734K(2048K)
[14.536s][info ][gc             ] GC(303) Pause Young (Allocation Failure) 140M->3M(495M) 0.361ms
[14.536s][info ][gc,cpu         ] GC(303) User=0.01s Sys=0.00s Real=0.00s
[14.546s][info ][gc,start       ] GC(304) Pause Young (Allocation Failure)
[14.546s][info ][gc,task        ] GC(304) Using 9 workers of 9 for evacuation
[14.546s][debug][gc,age         ] GC(304) Desired survivor size 8945664 bytes, new threshold 6 (max threshold 6)
[14.546s][trace][gc,age         ] GC(304) Age table with threshold 6 (max threshold 6)
[14.546s][trace][gc,age         ] GC(304) - age   1:     400208 bytes,     400208 total
[14.546s][info ][gc,heap        ] GC(304) ParNew: 139887K->396K(157376K)
[14.546s][info ][gc,heap        ] GC(304) CMS: 3752K->3752K(349568K)
[14.546s][info ][gc,metaspace   ] GC(304) Metaspace: 16007K(16640K)->16007K(16640K) NonClass: 14272K(14592K)->14272K(14592K) Class: 1734K(2048K)->1734K(2048K)
[14.546s][info ][gc             ] GC(304) Pause Young (Allocation Failure) 140M->4M(495M) 0.433ms
[14.546s][info ][gc,cpu         ] GC(304) User=0.01s Sys=0.00s Real=0.00s
[14.556s][info ][gc,start       ] GC(305) Pause Young (Allocation Failure)
[14.556s][info ][gc,task        ] GC(305) Using 9 workers of 9 for evacuation
[14.556s][debug][gc,age         ] GC(305) Desired survivor size 8945664 bytes, new threshold 6 (max threshold 6)
[14.556s][trace][gc,age         ] GC(305) Age table with threshold 6 (max threshold 6)
[14.556s][trace][gc,age         ] GC(305) - age   1:        192 bytes,        192 total
[14.556s][info ][gc,heap        ] GC(305) ParNew: 140275K->6K(157376K)
[14.556s][info ][gc,heap        ] GC(305) CMS: 3752K->3752K(349568K)
[14.556s][info ][gc,metaspace   ] GC(305) Metaspace: 16007K(16640K)->16007K(16640K) NonClass: 14272K(14592K)->14272K(14592K) Class: 1734K(2048K)->1734K(2048K)
[14.556s][info ][gc             ] GC(305) Pause Young (Allocation Failure) 140M->3M(495M) 0.436ms
[14.556s][info ][gc,cpu         ] GC(305) User=0.01s Sys=0.00s Real=0.00s
[14.566s][info ][gc,start       ] GC(306) Pause Young (Allocation Failure)
[14.566s][info ][gc,task        ] GC(306) Using 9 workers of 9 for evacuation
[14.566s][debug][gc,age         ] GC(306) Desired survivor size 8945664 bytes, new threshold 6 (max threshold 6)
[14.566s][trace][gc,age         ] GC(306) Age table with threshold 6 (max threshold 6)
[14.566s][trace][gc,age         ] GC(306) - age   1:     400208 bytes,     400208 total
[14.566s][info ][gc,heap        ] GC(306) ParNew: 139885K->396K(157376K)
[14.566s][info ][gc,heap        ] GC(306) CMS: 3752K->3752K(349568K)
[14.566s][info ][gc,metaspace   ] GC(306) Metaspace: 16007K(16640K)->16007K(16640K) NonClass: 14272K(14592K)->14272K(14592K) Class: 1734K(2048K)->1734K(2048K)
[14.566s][info ][gc             ] GC(306) Pause Young (Allocation Failure) 140M->4M(495M) 0.449ms
[14.566s][info ][gc,cpu         ] GC(306) User=0.00s Sys=0.00s Real=0.00s
[14.575s][info ][gc,start       ] GC(307) Pause Young (Allocation Failure)
[14.575s][info ][gc,task        ] GC(307) Using 9 workers of 9 for evacuation
[14.576s][debug][gc,age         ] GC(307) Desired survivor size 8945664 bytes, new threshold 6 (max threshold 6)
[14.576s][trace][gc,age         ] GC(307) Age table with threshold 6 (max threshold 6)
[14.576s][trace][gc,age         ] GC(307) - age   1:        192 bytes,        192 total
[14.576s][info ][gc,heap        ] GC(307) ParNew: 140285K->6K(157376K)
[14.576s][info ][gc,heap        ] GC(307) CMS: 3752K->3752K(349568K)
[14.576s][info ][gc,metaspace   ] GC(307) Metaspace: 16007K(16640K)->16007K(16640K) NonClass: 14272K(14592K)->14272K(14592K) Class: 1734K(2048K)->1734K(2048K)
[14.576s][info ][gc             ] GC(307) Pause Young (Allocation Failure) 140M->3M(495M) 0.413ms
[14.576s][info ][gc,cpu         ] GC(307) User=0.00s Sys=0.01s Real=0.00s
[14.585s][info ][gc,start       ] GC(308) Pause Young (Allocation Failure)
[14.585s][info ][gc,task        ] GC(308) Using 9 workers of 9 for evacuation
[14.586s][debug][gc,age         ] GC(308) Desired survivor size 8945664 bytes, new threshold 6 (max threshold 6)
[14.586s][trace][gc,age         ] GC(308) Age table with threshold 6 (max threshold 6)
[14.586s][trace][gc,age         ] GC(308) - age   1:     400208 bytes,     400208 total
[14.586s][info ][gc,heap        ] GC(308) ParNew: 139894K->396K(157376K)
[14.586s][info ][gc,heap        ] GC(308) CMS: 3752K->3752K(349568K)
[14.586s][info ][gc,metaspace   ] GC(308) Metaspace: 16007K(16640K)->16007K(16640K) NonClass: 14272K(14592K)->14272K(14592K) Class: 1734K(2048K)->1734K(2048K)
[14.586s][info ][gc             ] GC(308) Pause Young (Allocation Failure) 140M->4M(495M) 0.385ms
[14.586s][info ][gc,cpu         ] GC(308) User=0.00s Sys=0.00s Real=0.00s
[14.595s][info ][gc,start       ] GC(309) Pause Young (Allocation Failure)
[14.595s][info ][gc,task        ] GC(309) Using 9 workers of 9 for evacuation
[14.596s][debug][gc,age         ] GC(309) Desired survivor size 8945664 bytes, new threshold 6 (max threshold 6)
[14.596s][trace][gc,age         ] GC(309) Age table with threshold 6 (max threshold 6)
[14.596s][trace][gc,age         ] GC(309) - age   1:        192 bytes,        192 total
[14.596s][info ][gc,heap        ] GC(309) ParNew: 140279K->8K(157376K)
[14.596s][info ][gc,heap        ] GC(309) CMS: 3752K->3752K(349568K)
[14.596s][info ][gc,metaspace   ] GC(309) Metaspace: 16007K(16640K)->16007K(16640K) NonClass: 14272K(14592K)->14272K(14592K) Class: 1734K(2048K)->1734K(2048K)
[14.596s][info ][gc             ] GC(309) Pause Young (Allocation Failure) 140M->3M(495M) 0.471ms
[14.596s][info ][gc,cpu         ] GC(309) User=0.00s Sys=0.00s Real=0.00s
[14.605s][info ][gc,start       ] GC(310) Pause Young (Allocation Failure)
[14.605s][info ][gc,task        ] GC(310) Using 9 workers of 9 for evacuation
[14.606s][debug][gc,age         ] GC(310) Desired survivor size 8945664 bytes, new threshold 6 (max threshold 6)
[14.606s][trace][gc,age         ] GC(310) Age table with threshold 6 (max threshold 6)
[14.606s][trace][gc,age         ] GC(310) - age   1:     400208 bytes,     400208 total
[14.606s][info ][gc,heap        ] GC(310) ParNew: 139890K->398K(157376K)
[14.606s][info ][gc,heap        ] GC(310) CMS: 3752K->3752K(349568K)
[14.606s][info ][gc,metaspace   ] GC(310) Metaspace: 16007K(16640K)->16007K(16640K) NonClass: 14272K(14592K)->14272K(14592K) Class: 1734K(2048K)->1734K(2048K)
[14.606s][info ][gc             ] GC(310) Pause Young (Allocation Failure) 140M->4M(495M) 0.380ms
[14.606s][info ][gc,cpu         ] GC(310) User=0.00s Sys=0.00s Real=0.00s
[14.615s][info ][gc,start       ] GC(311) Pause Young (Allocation Failure)
[14.615s][info ][gc,task        ] GC(311) Using 9 workers of 9 for evacuation
[14.616s][debug][gc,age         ] GC(311) Desired survivor size 8945664 bytes, new threshold 6 (max threshold 6)
[14.616s][trace][gc,age         ] GC(311) Age table with threshold 6 (max threshold 6)
[14.616s][trace][gc,age         ] GC(311) - age   1:        192 bytes,        192 total
[14.616s][info ][gc,heap        ] GC(311) ParNew: 140281K->6K(157376K)
[14.616s][info ][gc,heap        ] GC(311) CMS: 3752K->3752K(349568K)
[14.616s][info ][gc,metaspace   ] GC(311) Metaspace: 16007K(16640K)->16007K(16640K) NonClass: 14272K(14592K)->14272K(14592K) Class: 1734K(2048K)->1734K(2048K)
[14.616s][info ][gc             ] GC(311) Pause Young (Allocation Failure) 140M->3M(495M) 0.459ms
[14.616s][info ][gc,cpu         ] GC(311) User=0.00s Sys=0.00s Real=0.00s
[14.625s][info ][gc,start       ] GC(312) Pause Young (Allocation Failure)
[14.625s][info ][gc,task        ] GC(312) Using 9 workers of 9 for evacuation
[14.625s][debug][gc,age         ] GC(312) Desired survivor size 8945664 bytes, new threshold 6 (max threshold 6)
[14.625s][trace][gc,age         ] GC(312) Age table with threshold 6 (max threshold 6)
[14.625s][trace][gc,age         ] GC(312) - age   1:     400208 bytes,     400208 total
[14.625s][info ][gc,heap        ] GC(312) ParNew: 139894K->396K(157376K)
[14.625s][info ][gc,heap        ] GC(312) CMS: 3752K->3752K(349568K)
[14.625s][info ][gc,metaspace   ] GC(312) Metaspace: 16007K(16640K)->16007K(16640K) NonClass: 14272K(14592K)->14272K(14592K) Class: 1734K(2048K)->1734K(2048K)
[14.625s][info ][gc             ] GC(312) Pause Young (Allocation Failure) 140M->4M(495M) 0.363ms
[14.625s][info ][gc,cpu         ] GC(312) User=0.00s Sys=0.00s Real=0.00s
[14.635s][info ][gc,start       ] GC(313) Pause Young (Allocation Failure)
[14.635s][info ][gc,task        ] GC(313) Using 9 workers of 9 for evacuation
[14.635s][debug][gc,age         ] GC(313) Desired survivor size 8945664 bytes, new threshold 6 (max threshold 6)
[14.635s][trace][gc,age         ] GC(313) Age table with threshold 6 (max threshold 6)
[14.635s][trace][gc,age         ] GC(313) - age   1:        192 bytes,        192 total
[14.635s][info ][gc,heap        ] GC(313) ParNew: 140282K->6K(157376K)
[14.635s][info ][gc,heap        ] GC(313) CMS: 3752K->3752K(349568K)
[14.635s][info ][gc,metaspace   ] GC(313) Metaspace: 16007K(16640K)->16007K(16640K) NonClass: 14272K(14592K)->14272K(14592K) Class: 1734K(2048K)->1734K(2048K)
[14.635s][info ][gc             ] GC(313) Pause Young (Allocation Failure) 140M->3M(495M) 0.407ms
[14.635s][info ][gc,cpu         ] GC(313) User=0.01s Sys=0.00s Real=0.00s
[14.645s][info ][gc,start       ] GC(314) Pause Young (Allocation Failure)
[14.645s][info ][gc,task        ] GC(314) Using 9 workers of 9 for evacuation
[14.645s][debug][gc,age         ] GC(314) Desired survivor size 8945664 bytes, new threshold 6 (max threshold 6)
[14.645s][trace][gc,age         ] GC(314) Age table with threshold 6 (max threshold 6)
[14.645s][trace][gc,age         ] GC(314) - age   1:     400208 bytes,     400208 total
[14.645s][info ][gc,heap        ] GC(314) ParNew: 139890K->396K(157376K)
[14.645s][info ][gc,heap        ] GC(314) CMS: 3752K->3752K(349568K)
[14.645s][info ][gc,metaspace   ] GC(314) Metaspace: 16007K(16640K)->16007K(16640K) NonClass: 14272K(14592K)->14272K(14592K) Class: 1734K(2048K)->1734K(2048K)
[14.645s][info ][gc             ] GC(314) Pause Young (Allocation Failure) 140M->4M(495M) 0.423ms
[14.645s][info ][gc,cpu         ] GC(314) User=0.01s Sys=0.00s Real=0.00s
[14.655s][info ][gc,start       ] GC(315) Pause Young (Allocation Failure)
[14.655s][info ][gc,task        ] GC(315) Using 9 workers of 9 for evacuation
[14.655s][debug][gc,age         ] GC(315) Desired survivor size 8945664 bytes, new threshold 6 (max threshold 6)
[14.655s][trace][gc,age         ] GC(315) Age table with threshold 6 (max threshold 6)
[14.655s][trace][gc,age         ] GC(315) - age   1:        192 bytes,        192 total
[14.655s][info ][gc,heap        ] GC(315) ParNew: 140278K->6K(157376K)
[14.655s][info ][gc,heap        ] GC(315) CMS: 3752K->3752K(349568K)
[14.655s][info ][gc,metaspace   ] GC(315) Metaspace: 16007K(16640K)->16007K(16640K) NonClass: 14272K(14592K)->14272K(14592K) Class: 1734K(2048K)->1734K(2048K)
[14.655s][info ][gc             ] GC(315) Pause Young (Allocation Failure) 140M->3M(495M) 0.366ms
[14.655s][info ][gc,cpu         ] GC(315) User=0.00s Sys=0.00s Real=0.00s
[14.665s][info ][gc,start       ] GC(316) Pause Young (Allocation Failure)
[14.665s][info ][gc,task        ] GC(316) Using 9 workers of 9 for evacuation
[14.665s][debug][gc,age         ] GC(316) Desired survivor size 8945664 bytes, new threshold 6 (max threshold 6)
[14.665s][trace][gc,age         ] GC(316) Age table with threshold 6 (max threshold 6)
[14.665s][trace][gc,age         ] GC(316) - age   1:     400208 bytes,     400208 total
[14.665s][info ][gc,heap        ] GC(316) ParNew: 139887K->398K(157376K)
[14.665s][info ][gc,heap        ] GC(316) CMS: 3752K->3752K(349568K)
[14.665s][info ][gc,metaspace   ] GC(316) Metaspace: 16007K(16640K)->16007K(16640K) NonClass: 14272K(14592K)->14272K(14592K) Class: 1734K(2048K)->1734K(2048K)
[14.665s][info ][gc             ] GC(316) Pause Young (Allocation Failure) 140M->4M(495M) 0.428ms
[14.665s][info ][gc,cpu         ] GC(316) User=0.00s Sys=0.00s Real=0.00s
[14.675s][info ][gc,start       ] GC(317) Pause Young (Allocation Failure)
[14.675s][info ][gc,task        ] GC(317) Using 9 workers of 9 for evacuation
[14.675s][debug][gc,age         ] GC(317) Desired survivor size 8945664 bytes, new threshold 6 (max threshold 6)
[14.675s][trace][gc,age         ] GC(317) Age table with threshold 6 (max threshold 6)
[14.675s][trace][gc,age         ] GC(317) - age   1:        192 bytes,        192 total
[14.675s][info ][gc,heap        ] GC(317) ParNew: 140282K->6K(157376K)
[14.675s][info ][gc,heap        ] GC(317) CMS: 3752K->3752K(349568K)
[14.675s][info ][gc,metaspace   ] GC(317) Metaspace: 16007K(16640K)->16007K(16640K) NonClass: 14272K(14592K)->14272K(14592K) Class: 1734K(2048K)->1734K(2048K)
[14.675s][info ][gc             ] GC(317) Pause Young (Allocation Failure) 140M->3M(495M) 0.371ms
[14.675s][info ][gc,cpu         ] GC(317) User=0.00s Sys=0.00s Real=0.00s
[14.684s][info ][gc,start       ] GC(318) Pause Young (Allocation Failure)
[14.684s][info ][gc,task        ] GC(318) Using 9 workers of 9 for evacuation
[14.685s][debug][gc,age         ] GC(318) Desired survivor size 8945664 bytes, new threshold 6 (max threshold 6)
[14.685s][trace][gc,age         ] GC(318) Age table with threshold 6 (max threshold 6)
[14.685s][trace][gc,age         ] GC(318) - age   1:     400208 bytes,     400208 total
[14.685s][info ][gc,heap        ] GC(318) ParNew: 139887K->396K(157376K)
[14.685s][info ][gc,heap        ] GC(318) CMS: 3752K->3752K(349568K)
[14.685s][info ][gc,metaspace   ] GC(318) Metaspace: 16007K(16640K)->16007K(16640K) NonClass: 14272K(14592K)->14272K(14592K) Class: 1734K(2048K)->1734K(2048K)
[14.685s][info ][gc             ] GC(318) Pause Young (Allocation Failure) 140M->4M(495M) 0.441ms
[14.685s][info ][gc,cpu         ] GC(318) User=0.00s Sys=0.00s Real=0.00s
[14.694s][info ][gc,start       ] GC(319) Pause Young (Allocation Failure)
[14.694s][info ][gc,task        ] GC(319) Using 9 workers of 9 for evacuation
[14.696s][debug][gc,age         ] GC(319) Desired survivor size 8945664 bytes, new threshold 6 (max threshold 6)
[14.696s][trace][gc,age         ] GC(319) Age table with threshold 6 (max threshold 6)
[14.696s][trace][gc,age         ] GC(319) - age   1:        192 bytes,        192 total
[14.696s][info ][gc,heap        ] GC(319) ParNew: 140297K->8K(157376K)
[14.696s][info ][gc,heap        ] GC(319) CMS: 3752K->3752K(349568K)
[14.696s][info ][gc,metaspace   ] GC(319) Metaspace: 16007K(16640K)->16007K(16640K) NonClass: 14272K(14592K)->14272K(14592K) Class: 1734K(2048K)->1734K(2048K)
[14.696s][info ][gc             ] GC(319) Pause Young (Allocation Failure) 140M->3M(495M) 1.895ms
[14.696s][info ][gc,cpu         ] GC(319) User=0.00s Sys=0.00s Real=0.00s
[14.706s][info ][gc,start       ] GC(320) Pause Young (Allocation Failure)
[14.706s][info ][gc,task        ] GC(320) Using 9 workers of 9 for evacuation
[14.706s][debug][gc,age         ] GC(320) Desired survivor size 8945664 bytes, new threshold 6 (max threshold 6)
[14.706s][trace][gc,age         ] GC(320) Age table with threshold 6 (max threshold 6)
[14.706s][trace][gc,age         ] GC(320) - age   1:     400208 bytes,     400208 total
[14.706s][info ][gc,heap        ] GC(320) ParNew: 139901K->396K(157376K)
[14.706s][info ][gc,heap        ] GC(320) CMS: 3752K->3752K(349568K)
[14.706s][info ][gc,metaspace   ] GC(320) Metaspace: 16007K(16640K)->16007K(16640K) NonClass: 14272K(14592K)->14272K(14592K) Class: 1734K(2048K)->1734K(2048K)
[14.706s][info ][gc             ] GC(320) Pause Young (Allocation Failure) 140M->4M(495M) 0.457ms
[14.706s][info ][gc,cpu         ] GC(320) User=0.00s Sys=0.00s Real=0.00s
[14.716s][info ][gc,start       ] GC(321) Pause Young (Allocation Failure)
[14.716s][info ][gc,task        ] GC(321) Using 9 workers of 9 for evacuation
[14.718s][debug][gc,age         ] GC(321) Desired survivor size 8945664 bytes, new threshold 6 (max threshold 6)
[14.718s][trace][gc,age         ] GC(321) Age table with threshold 6 (max threshold 6)
[14.718s][trace][gc,age         ] GC(321) - age   1:        192 bytes,        192 total
[14.718s][info ][gc,heap        ] GC(321) ParNew: 140266K->6K(157376K)
[14.718s][info ][gc,heap        ] GC(321) CMS: 3752K->3752K(349568K)
[14.718s][info ][gc,metaspace   ] GC(321) Metaspace: 16007K(16640K)->16007K(16640K) NonClass: 14272K(14592K)->14272K(14592K) Class: 1734K(2048K)->1734K(2048K)
[14.718s][info ][gc             ] GC(321) Pause Young (Allocation Failure) 140M->3M(495M) 2.212ms
[14.718s][info ][gc,cpu         ] GC(321) User=0.00s Sys=0.00s Real=0.00s
[14.727s][info ][gc,start       ] GC(322) Pause Young (Allocation Failure)
[14.727s][info ][gc,task        ] GC(322) Using 9 workers of 9 for evacuation
[14.728s][debug][gc,age         ] GC(322) Desired survivor size 8945664 bytes, new threshold 6 (max threshold 6)
[14.728s][trace][gc,age         ] GC(322) Age table with threshold 6 (max threshold 6)
[14.728s][trace][gc,age         ] GC(322) - age   1:     400208 bytes,     400208 total
[14.728s][info ][gc,heap        ] GC(322) ParNew: 139894K->396K(157376K)
[14.728s][info ][gc,heap        ] GC(322) CMS: 3752K->3752K(349568K)
[14.728s][info ][gc,metaspace   ] GC(322) Metaspace: 16007K(16640K)->16007K(16640K) NonClass: 14272K(14592K)->14272K(14592K) Class: 1734K(2048K)->1734K(2048K)
[14.728s][info ][gc             ] GC(322) Pause Young (Allocation Failure) 140M->4M(495M) 0.480ms
[14.728s][info ][gc,cpu         ] GC(322) User=0.01s Sys=0.00s Real=0.00s
[14.737s][info ][gc,start       ] GC(323) Pause Young (Allocation Failure)
[14.737s][info ][gc,task        ] GC(323) Using 9 workers of 9 for evacuation
[14.738s][debug][gc,age         ] GC(323) Desired survivor size 8945664 bytes, new threshold 6 (max threshold 6)
[14.738s][trace][gc,age         ] GC(323) Age table with threshold 6 (max threshold 6)
[14.738s][trace][gc,age         ] GC(323) - age   1:        192 bytes,        192 total
[14.738s][info ][gc,heap        ] GC(323) ParNew: 140279K->8K(157376K)
[14.738s][info ][gc,heap        ] GC(323) CMS: 3752K->3752K(349568K)
[14.738s][info ][gc,metaspace   ] GC(323) Metaspace: 16007K(16640K)->16007K(16640K) NonClass: 14272K(14592K)->14272K(14592K) Class: 1734K(2048K)->1734K(2048K)
[14.738s][info ][gc             ] GC(323) Pause Young (Allocation Failure) 140M->3M(495M) 0.384ms
[14.738s][info ][gc,cpu         ] GC(323) User=0.01s Sys=0.00s Real=0.00s
[14.747s][info ][gc,start       ] GC(324) Pause Young (Allocation Failure)
[14.747s][info ][gc,task        ] GC(324) Using 9 workers of 9 for evacuation
[14.748s][debug][gc,age         ] GC(324) Desired survivor size 8945664 bytes, new threshold 6 (max threshold 6)
[14.748s][trace][gc,age         ] GC(324) Age table with threshold 6 (max threshold 6)
[14.748s][trace][gc,age         ] GC(324) - age   1:     400208 bytes,     400208 total
[14.748s][info ][gc,heap        ] GC(324) ParNew: 139890K->398K(157376K)
[14.748s][info ][gc,heap        ] GC(324) CMS: 3752K->3752K(349568K)
[14.748s][info ][gc,metaspace   ] GC(324) Metaspace: 16007K(16640K)->16007K(16640K) NonClass: 14272K(14592K)->14272K(14592K) Class: 1734K(2048K)->1734K(2048K)
[14.748s][info ][gc             ] GC(324) Pause Young (Allocation Failure) 140M->4M(495M) 0.466ms
[14.748s][info ][gc,cpu         ] GC(324) User=0.00s Sys=0.00s Real=0.00s
[14.757s][info ][gc,start       ] GC(325) Pause Young (Allocation Failure)
[14.757s][info ][gc,task        ] GC(325) Using 9 workers of 9 for evacuation
[14.758s][debug][gc,age         ] GC(325) Desired survivor size 8945664 bytes, new threshold 6 (max threshold 6)
[14.758s][trace][gc,age         ] GC(325) Age table with threshold 6 (max threshold 6)
[14.758s][trace][gc,age         ] GC(325) - age   1:        192 bytes,        192 total
[14.758s][info ][gc,heap        ] GC(325) ParNew: 140281K->8K(157376K)
[14.758s][info ][gc,heap        ] GC(325) CMS: 3752K->3752K(349568K)
[14.758s][info ][gc,metaspace   ] GC(325) Metaspace: 16007K(16640K)->16007K(16640K) NonClass: 14272K(14592K)->14272K(14592K) Class: 1734K(2048K)->1734K(2048K)
[14.758s][info ][gc             ] GC(325) Pause Young (Allocation Failure) 140M->3M(495M) 0.336ms
[14.758s][info ][gc,cpu         ] GC(325) User=0.00s Sys=0.00s Real=0.00s
[14.767s][info ][gc,start       ] GC(326) Pause Young (Allocation Failure)
[14.767s][info ][gc,task        ] GC(326) Using 9 workers of 9 for evacuation
[14.767s][debug][gc,age         ] GC(326) Desired survivor size 8945664 bytes, new threshold 6 (max threshold 6)
[14.767s][trace][gc,age         ] GC(326) Age table with threshold 6 (max threshold 6)
[14.767s][trace][gc,age         ] GC(326) - age   1:     400208 bytes,     400208 total
[14.767s][info ][gc,heap        ] GC(326) ParNew: 139897K->398K(157376K)
[14.767s][info ][gc,heap        ] GC(326) CMS: 3752K->3752K(349568K)
[14.767s][info ][gc,metaspace   ] GC(326) Metaspace: 16007K(16640K)->16007K(16640K) NonClass: 14272K(14592K)->14272K(14592K) Class: 1734K(2048K)->1734K(2048K)
[14.767s][info ][gc             ] GC(326) Pause Young (Allocation Failure) 140M->4M(495M) 0.388ms
[14.767s][info ][gc,cpu         ] GC(326) User=0.00s Sys=0.00s Real=0.00s
[14.777s][info ][gc,start       ] GC(327) Pause Young (Allocation Failure)
[14.777s][info ][gc,task        ] GC(327) Using 9 workers of 9 for evacuation
[14.777s][debug][gc,age         ] GC(327) Desired survivor size 8945664 bytes, new threshold 6 (max threshold 6)
[14.777s][trace][gc,age         ] GC(327) Age table with threshold 6 (max threshold 6)
[14.777s][trace][gc,age         ] GC(327) - age   1:        192 bytes,        192 total
[14.777s][info ][gc,heap        ] GC(327) ParNew: 140285K->8K(157376K)
[14.777s][info ][gc,heap        ] GC(327) CMS: 3752K->3752K(349568K)
[14.777s][info ][gc,metaspace   ] GC(327) Metaspace: 16007K(16640K)->16007K(16640K) NonClass: 14272K(14592K)->14272K(14592K) Class: 1734K(2048K)->1734K(2048K)
[14.777s][info ][gc             ] GC(327) Pause Young (Allocation Failure) 140M->3M(495M) 0.418ms
[14.777s][info ][gc,cpu         ] GC(327) User=0.00s Sys=0.00s Real=0.00s
[14.787s][info ][gc,start       ] GC(328) Pause Young (Allocation Failure)
[14.787s][info ][gc,task        ] GC(328) Using 9 workers of 9 for evacuation
[14.787s][debug][gc,age         ] GC(328) Desired survivor size 8945664 bytes, new threshold 6 (max threshold 6)
[14.787s][trace][gc,age         ] GC(328) Age table with threshold 6 (max threshold 6)
[14.787s][trace][gc,age         ] GC(328) - age   1:     400208 bytes,     400208 total
[14.787s][info ][gc,heap        ] GC(328) ParNew: 139893K->396K(157376K)
[14.787s][info ][gc,heap        ] GC(328) CMS: 3752K->3752K(349568K)
[14.787s][info ][gc,metaspace   ] GC(328) Metaspace: 16007K(16640K)->16007K(16640K) NonClass: 14272K(14592K)->14272K(14592K) Class: 1734K(2048K)->1734K(2048K)
[14.787s][info ][gc             ] GC(328) Pause Young (Allocation Failure) 140M->4M(495M) 0.362ms
[14.787s][info ][gc,cpu         ] GC(328) User=0.00s Sys=0.00s Real=0.00s
[14.797s][info ][gc,start       ] GC(329) Pause Young (Allocation Failure)
[14.797s][info ][gc,task        ] GC(329) Using 9 workers of 9 for evacuation
[14.797s][debug][gc,age         ] GC(329) Desired survivor size 8945664 bytes, new threshold 6 (max threshold 6)
[14.797s][trace][gc,age         ] GC(329) Age table with threshold 6 (max threshold 6)
[14.797s][trace][gc,age         ] GC(329) - age   1:        192 bytes,        192 total
[14.797s][info ][gc,heap        ] GC(329) ParNew: 140278K->8K(157376K)
[14.797s][info ][gc,heap        ] GC(329) CMS: 3752K->3752K(349568K)
[14.797s][info ][gc,metaspace   ] GC(329) Metaspace: 16007K(16640K)->16007K(16640K) NonClass: 14272K(14592K)->14272K(14592K) Class: 1734K(2048K)->1734K(2048K)
[14.797s][info ][gc             ] GC(329) Pause Young (Allocation Failure) 140M->3M(495M) 0.396ms
[14.797s][info ][gc,cpu         ] GC(329) User=0.00s Sys=0.00s Real=0.00s
[14.807s][info ][gc,start       ] GC(330) Pause Young (Allocation Failure)
[14.807s][info ][gc,task        ] GC(330) Using 9 workers of 9 for evacuation
[14.807s][debug][gc,age         ] GC(330) Desired survivor size 8945664 bytes, new threshold 6 (max threshold 6)
[14.807s][trace][gc,age         ] GC(330) Age table with threshold 6 (max threshold 6)
[14.807s][trace][gc,age         ] GC(330) - age   1:     400208 bytes,     400208 total
[14.807s][info ][gc,heap        ] GC(330) ParNew: 139889K->396K(157376K)
[14.807s][info ][gc,heap        ] GC(330) CMS: 3752K->3752K(349568K)
[14.807s][info ][gc,metaspace   ] GC(330) Metaspace: 16007K(16640K)->16007K(16640K) NonClass: 14272K(14592K)->14272K(14592K) Class: 1734K(2048K)->1734K(2048K)
[14.807s][info ][gc             ] GC(330) Pause Young (Allocation Failure) 140M->4M(495M) 0.319ms
[14.807s][info ][gc,cpu         ] GC(330) User=0.00s Sys=0.00s Real=0.00s
[14.817s][info ][gc,start       ] GC(331) Pause Young (Allocation Failure)
[14.817s][info ][gc,task        ] GC(331) Using 9 workers of 9 for evacuation
[14.817s][debug][gc,age         ] GC(331) Desired survivor size 8945664 bytes, new threshold 6 (max threshold 6)
[14.817s][trace][gc,age         ] GC(331) Age table with threshold 6 (max threshold 6)
[14.817s][trace][gc,age         ] GC(331) - age   1:        192 bytes,        192 total
[14.817s][info ][gc,heap        ] GC(331) ParNew: 140281K->6K(157376K)
[14.817s][info ][gc,heap        ] GC(331) CMS: 3752K->3752K(349568K)
[14.817s][info ][gc,metaspace   ] GC(331) Metaspace: 16007K(16640K)->16007K(16640K) NonClass: 14272K(14592K)->14272K(14592K) Class: 1734K(2048K)->1734K(2048K)
[14.817s][info ][gc             ] GC(331) Pause Young (Allocation Failure) 140M->3M(495M) 0.357ms
[14.817s][info ][gc,cpu         ] GC(331) User=0.00s Sys=0.00s Real=0.00s
[14.827s][info ][gc,start       ] GC(332) Pause Young (Allocation Failure)
[14.827s][info ][gc,task        ] GC(332) Using 9 workers of 9 for evacuation
[14.827s][debug][gc,age         ] GC(332) Desired survivor size 8945664 bytes, new threshold 6 (max threshold 6)
[14.827s][trace][gc,age         ] GC(332) Age table with threshold 6 (max threshold 6)
[14.827s][trace][gc,age         ] GC(332) - age   1:     400208 bytes,     400208 total
[14.827s][info ][gc,heap        ] GC(332) ParNew: 139874K->398K(157376K)
[14.827s][info ][gc,heap        ] GC(332) CMS: 3752K->3752K(349568K)
[14.827s][info ][gc,metaspace   ] GC(332) Metaspace: 16007K(16640K)->16007K(16640K) NonClass: 14272K(14592K)->14272K(14592K) Class: 1734K(2048K)->1734K(2048K)
[14.827s][info ][gc             ] GC(332) Pause Young (Allocation Failure) 140M->4M(495M) 0.588ms
[14.827s][info ][gc,cpu         ] GC(332) User=0.01s Sys=0.00s Real=0.00s
[14.837s][info ][gc,start       ] GC(333) Pause Young (Allocation Failure)
[14.837s][info ][gc,task        ] GC(333) Using 9 workers of 9 for evacuation
[14.837s][debug][gc,age         ] GC(333) Desired survivor size 8945664 bytes, new threshold 6 (max threshold 6)
[14.837s][trace][gc,age         ] GC(333) Age table with threshold 6 (max threshold 6)
[14.837s][trace][gc,age         ] GC(333) - age   1:        192 bytes,        192 total
[14.837s][info ][gc,heap        ] GC(333) ParNew: 140279K->8K(157376K)
[14.837s][info ][gc,heap        ] GC(333) CMS: 3752K->3752K(349568K)
[14.837s][info ][gc,metaspace   ] GC(333) Metaspace: 16007K(16640K)->16007K(16640K) NonClass: 14272K(14592K)->14272K(14592K) Class: 1734K(2048K)->1734K(2048K)
[14.837s][info ][gc             ] GC(333) Pause Young (Allocation Failure) 140M->3M(495M) 0.358ms
[14.837s][info ][gc,cpu         ] GC(333) User=0.00s Sys=0.00s Real=0.00s
[14.847s][info ][gc,start       ] GC(334) Pause Young (Allocation Failure)
[14.847s][info ][gc,task        ] GC(334) Using 9 workers of 9 for evacuation
[14.847s][debug][gc,age         ] GC(334) Desired survivor size 8945664 bytes, new threshold 6 (max threshold 6)
[14.847s][trace][gc,age         ] GC(334) Age table with threshold 6 (max threshold 6)
[14.847s][trace][gc,age         ] GC(334) - age   1:     400208 bytes,     400208 total
[14.847s][info ][gc,heap        ] GC(334) ParNew: 139888K->396K(157376K)
[14.847s][info ][gc,heap        ] GC(334) CMS: 3752K->3752K(349568K)
[14.847s][info ][gc,metaspace   ] GC(334) Metaspace: 16007K(16640K)->16007K(16640K) NonClass: 14272K(14592K)->14272K(14592K) Class: 1734K(2048K)->1734K(2048K)
[14.847s][info ][gc             ] GC(334) Pause Young (Allocation Failure) 140M->4M(495M) 0.383ms
[14.847s][info ][gc,cpu         ] GC(334) User=0.00s Sys=0.00s Real=0.00s
[14.856s][info ][gc,start       ] GC(335) Pause Young (Allocation Failure)
[14.856s][info ][gc,task        ] GC(335) Using 9 workers of 9 for evacuation
[14.857s][debug][gc,age         ] GC(335) Desired survivor size 8945664 bytes, new threshold 6 (max threshold 6)
[14.857s][trace][gc,age         ] GC(335) Age table with threshold 6 (max threshold 6)
[14.857s][trace][gc,age         ] GC(335) - age   1:        192 bytes,        192 total
[14.857s][info ][gc,heap        ] GC(335) ParNew: 140289K->8K(157376K)
[14.857s][info ][gc,heap        ] GC(335) CMS: 3752K->3752K(349568K)
[14.857s][info ][gc,metaspace   ] GC(335) Metaspace: 16007K(16640K)->16007K(16640K) NonClass: 14272K(14592K)->14272K(14592K) Class: 1734K(2048K)->1734K(2048K)
[14.857s][info ][gc             ] GC(335) Pause Young (Allocation Failure) 140M->3M(495M) 0.379ms
[14.857s][info ][gc,cpu         ] GC(335) User=0.00s Sys=0.00s Real=0.00s
[14.866s][info ][gc,start       ] GC(336) Pause Young (Allocation Failure)
[14.866s][info ][gc,task        ] GC(336) Using 9 workers of 9 for evacuation
[14.867s][debug][gc,age         ] GC(336) Desired survivor size 8945664 bytes, new threshold 6 (max threshold 6)
[14.867s][trace][gc,age         ] GC(336) Age table with threshold 6 (max threshold 6)
[14.867s][trace][gc,age         ] GC(336) - age   1:     400208 bytes,     400208 total
[14.867s][info ][gc,heap        ] GC(336) ParNew: 139899K->396K(157376K)
[14.867s][info ][gc,heap        ] GC(336) CMS: 3752K->3752K(349568K)
[14.867s][info ][gc,metaspace   ] GC(336) Metaspace: 16007K(16640K)->16007K(16640K) NonClass: 14272K(14592K)->14272K(14592K) Class: 1734K(2048K)->1734K(2048K)
[14.867s][info ][gc             ] GC(336) Pause Young (Allocation Failure) 140M->4M(495M) 0.463ms
[14.867s][info ][gc,cpu         ] GC(336) User=0.00s Sys=0.00s Real=0.00s
[14.876s][info ][gc,start       ] GC(337) Pause Young (Allocation Failure)
[14.876s][info ][gc,task        ] GC(337) Using 9 workers of 9 for evacuation
[14.877s][debug][gc,age         ] GC(337) Desired survivor size 8945664 bytes, new threshold 6 (max threshold 6)
[14.877s][trace][gc,age         ] GC(337) Age table with threshold 6 (max threshold 6)
[14.877s][trace][gc,age         ] GC(337) - age   1:        192 bytes,        192 total
[14.877s][info ][gc,heap        ] GC(337) ParNew: 140279K->6K(157376K)
[14.877s][info ][gc,heap        ] GC(337) CMS: 3752K->3752K(349568K)
[14.877s][info ][gc,metaspace   ] GC(337) Metaspace: 16007K(16640K)->16007K(16640K) NonClass: 14272K(14592K)->14272K(14592K) Class: 1734K(2048K)->1734K(2048K)
[14.877s][info ][gc             ] GC(337) Pause Young (Allocation Failure) 140M->3M(495M) 0.406ms
[14.877s][info ][gc,cpu         ] GC(337) User=0.00s Sys=0.00s Real=0.00s
[14.886s][info ][gc,start       ] GC(338) Pause Young (Allocation Failure)
[14.886s][info ][gc,task        ] GC(338) Using 9 workers of 9 for evacuation
[14.886s][debug][gc,age         ] GC(338) Desired survivor size 8945664 bytes, new threshold 6 (max threshold 6)
[14.886s][trace][gc,age         ] GC(338) Age table with threshold 6 (max threshold 6)
[14.886s][trace][gc,age         ] GC(338) - age   1:     400208 bytes,     400208 total
[14.886s][info ][gc,heap        ] GC(338) ParNew: 139887K->396K(157376K)
[14.886s][info ][gc,heap        ] GC(338) CMS: 3752K->3752K(349568K)
[14.886s][info ][gc,metaspace   ] GC(338) Metaspace: 16007K(16640K)->16007K(16640K) NonClass: 14272K(14592K)->14272K(14592K) Class: 1734K(2048K)->1734K(2048K)
[14.886s][info ][gc             ] GC(338) Pause Young (Allocation Failure) 140M->4M(495M) 0.364ms
[14.886s][info ][gc,cpu         ] GC(338) User=0.00s Sys=0.00s Real=0.00s
[14.896s][info ][gc,start       ] GC(339) Pause Young (Allocation Failure)
[14.896s][info ][gc,task        ] GC(339) Using 9 workers of 9 for evacuation
[14.896s][debug][gc,age         ] GC(339) Desired survivor size 8945664 bytes, new threshold 6 (max threshold 6)
[14.896s][trace][gc,age         ] GC(339) Age table with threshold 6 (max threshold 6)
[14.896s][trace][gc,age         ] GC(339) - age   1:        192 bytes,        192 total
[14.896s][info ][gc,heap        ] GC(339) ParNew: 140280K->4K(157376K)
[14.896s][info ][gc,heap        ] GC(339) CMS: 3752K->3752K(349568K)
[14.896s][info ][gc,metaspace   ] GC(339) Metaspace: 16008K(16640K)->16008K(16640K) NonClass: 14273K(14592K)->14273K(14592K) Class: 1734K(2048K)->1734K(2048K)
[14.896s][info ][gc             ] GC(339) Pause Young (Allocation Failure) 140M->3M(495M) 0.313ms
[14.896s][info ][gc,cpu         ] GC(339) User=0.00s Sys=0.00s Real=0.00s
[14.906s][info ][gc,start       ] GC(340) Pause Young (Allocation Failure)
[14.906s][info ][gc,task        ] GC(340) Using 9 workers of 9 for evacuation
[14.906s][debug][gc,age         ] GC(340) Desired survivor size 8945664 bytes, new threshold 6 (max threshold 6)
[14.906s][trace][gc,age         ] GC(340) Age table with threshold 6 (max threshold 6)
[14.906s][trace][gc,age         ] GC(340) - age   1:     400208 bytes,     400208 total
[14.906s][info ][gc,heap        ] GC(340) ParNew: 139893K->396K(157376K)
[14.906s][info ][gc,heap        ] GC(340) CMS: 3752K->3752K(349568K)
[14.906s][info ][gc,metaspace   ] GC(340) Metaspace: 16008K(16640K)->16008K(16640K) NonClass: 14273K(14592K)->14273K(14592K) Class: 1734K(2048K)->1734K(2048K)
[14.906s][info ][gc             ] GC(340) Pause Young (Allocation Failure) 140M->4M(495M) 0.445ms
[14.906s][info ][gc,cpu         ] GC(340) User=0.00s Sys=0.00s Real=0.00s
[14.916s][info ][gc,start       ] GC(341) Pause Young (Allocation Failure)
[14.916s][info ][gc,task        ] GC(341) Using 9 workers of 9 for evacuation
[14.916s][debug][gc,age         ] GC(341) Desired survivor size 8945664 bytes, new threshold 6 (max threshold 6)
[14.916s][trace][gc,age         ] GC(341) Age table with threshold 6 (max threshold 6)
[14.916s][trace][gc,age         ] GC(341) - age   1:        192 bytes,        192 total
[14.916s][info ][gc,heap        ] GC(341) ParNew: 140283K->6K(157376K)
[14.916s][info ][gc,heap        ] GC(341) CMS: 3752K->3752K(349568K)
[14.916s][info ][gc,metaspace   ] GC(341) Metaspace: 16008K(16640K)->16008K(16640K) NonClass: 14273K(14592K)->14273K(14592K) Class: 1734K(2048K)->1734K(2048K)
[14.916s][info ][gc             ] GC(341) Pause Young (Allocation Failure) 140M->3M(495M) 0.396ms
[14.916s][info ][gc,cpu         ] GC(341) User=0.01s Sys=0.01s Real=0.00s
[14.926s][info ][gc,start       ] GC(342) Pause Young (Allocation Failure)
[14.926s][info ][gc,task        ] GC(342) Using 9 workers of 9 for evacuation
[14.926s][debug][gc,age         ] GC(342) Desired survivor size 8945664 bytes, new threshold 6 (max threshold 6)
[14.926s][trace][gc,age         ] GC(342) Age table with threshold 6 (max threshold 6)
[14.926s][trace][gc,age         ] GC(342) - age   1:     400208 bytes,     400208 total
[14.926s][info ][gc,heap        ] GC(342) ParNew: 139892K->396K(157376K)
[14.926s][info ][gc,heap        ] GC(342) CMS: 3752K->3752K(349568K)
[14.926s][info ][gc,metaspace   ] GC(342) Metaspace: 16008K(16640K)->16008K(16640K) NonClass: 14273K(14592K)->14273K(14592K) Class: 1734K(2048K)->1734K(2048K)
[14.926s][info ][gc             ] GC(342) Pause Young (Allocation Failure) 140M->4M(495M) 0.468ms
[14.926s][info ][gc,cpu         ] GC(342) User=0.01s Sys=0.00s Real=0.00s
[14.936s][info ][gc,start       ] GC(343) Pause Young (Allocation Failure)
[14.936s][info ][gc,task        ] GC(343) Using 9 workers of 9 for evacuation
[14.936s][debug][gc,age         ] GC(343) Desired survivor size 8945664 bytes, new threshold 6 (max threshold 6)
[14.936s][trace][gc,age         ] GC(343) Age table with threshold 6 (max threshold 6)
[14.936s][trace][gc,age         ] GC(343) - age   1:        192 bytes,        192 total
[14.936s][info ][gc,heap        ] GC(343) ParNew: 140278K->4K(157376K)
[14.936s][info ][gc,heap        ] GC(343) CMS: 3752K->3752K(349568K)
[14.936s][info ][gc,metaspace   ] GC(343) Metaspace: 16008K(16640K)->16008K(16640K) NonClass: 14273K(14592K)->14273K(14592K) Class: 1734K(2048K)->1734K(2048K)
[14.936s][info ][gc             ] GC(343) Pause Young (Allocation Failure) 140M->3M(495M) 0.508ms
[14.936s][info ][gc,cpu         ] GC(343) User=0.00s Sys=0.00s Real=0.00s
[14.946s][info ][gc,start       ] GC(344) Pause Young (Allocation Failure)
[14.946s][info ][gc,task        ] GC(344) Using 9 workers of 9 for evacuation
[14.946s][debug][gc,age         ] GC(344) Desired survivor size 8945664 bytes, new threshold 6 (max threshold 6)
[14.946s][trace][gc,age         ] GC(344) Age table with threshold 6 (max threshold 6)
[14.946s][trace][gc,age         ] GC(344) - age   1:     400208 bytes,     400208 total
[14.946s][info ][gc,heap        ] GC(344) ParNew: 139885K->394K(157376K)
[14.946s][info ][gc,heap        ] GC(344) CMS: 3752K->3752K(349568K)
[14.946s][info ][gc,metaspace   ] GC(344) Metaspace: 16008K(16640K)->16008K(16640K) NonClass: 14273K(14592K)->14273K(14592K) Class: 1734K(2048K)->1734K(2048K)
[14.946s][info ][gc             ] GC(344) Pause Young (Allocation Failure) 140M->4M(495M) 0.423ms
[14.946s][info ][gc,cpu         ] GC(344) User=0.00s Sys=0.00s Real=0.00s
[14.956s][info ][gc,start       ] GC(345) Pause Young (Allocation Failure)
[14.956s][info ][gc,task        ] GC(345) Using 9 workers of 9 for evacuation
[14.956s][debug][gc,age         ] GC(345) Desired survivor size 8945664 bytes, new threshold 6 (max threshold 6)
[14.956s][trace][gc,age         ] GC(345) Age table with threshold 6 (max threshold 6)
[14.956s][trace][gc,age         ] GC(345) - age   1:        192 bytes,        192 total
[14.956s][info ][gc,heap        ] GC(345) ParNew: 140281K->4K(157376K)
[14.956s][info ][gc,heap        ] GC(345) CMS: 3752K->3752K(349568K)
[14.956s][info ][gc,metaspace   ] GC(345) Metaspace: 16008K(16640K)->16008K(16640K) NonClass: 14273K(14592K)->14273K(14592K) Class: 1734K(2048K)->1734K(2048K)
[14.956s][info ][gc             ] GC(345) Pause Young (Allocation Failure) 140M->3M(495M) 0.370ms
[14.956s][info ][gc,cpu         ] GC(345) User=0.00s Sys=0.00s Real=0.00s
[14.965s][info ][gc,start       ] GC(346) Pause Young (Allocation Failure)
[14.965s][info ][gc,task        ] GC(346) Using 9 workers of 9 for evacuation
[14.966s][debug][gc,age         ] GC(346) Desired survivor size 8945664 bytes, new threshold 6 (max threshold 6)
[14.966s][trace][gc,age         ] GC(346) Age table with threshold 6 (max threshold 6)
[14.966s][trace][gc,age         ] GC(346) - age   1:     400208 bytes,     400208 total
[14.966s][info ][gc,heap        ] GC(346) ParNew: 139885K->396K(157376K)
[14.966s][info ][gc,heap        ] GC(346) CMS: 3752K->3752K(349568K)
[14.966s][info ][gc,metaspace   ] GC(346) Metaspace: 16008K(16640K)->16008K(16640K) NonClass: 14273K(14592K)->14273K(14592K) Class: 1734K(2048K)->1734K(2048K)
[14.966s][info ][gc             ] GC(346) Pause Young (Allocation Failure) 140M->4M(495M) 0.401ms
[14.966s][info ][gc,cpu         ] GC(346) User=0.00s Sys=0.00s Real=0.00s
[14.975s][info ][gc,start       ] GC(347) Pause Young (Allocation Failure)
[14.975s][info ][gc,task        ] GC(347) Using 9 workers of 9 for evacuation
[14.976s][debug][gc,age         ] GC(347) Desired survivor size 8945664 bytes, new threshold 6 (max threshold 6)
[14.976s][trace][gc,age         ] GC(347) Age table with threshold 6 (max threshold 6)
[14.976s][trace][gc,age         ] GC(347) - age   1:        192 bytes,        192 total
[14.976s][info ][gc,heap        ] GC(347) ParNew: 140274K->4K(157376K)
[14.976s][info ][gc,heap        ] GC(347) CMS: 3752K->3752K(349568K)
[14.976s][info ][gc,metaspace   ] GC(347) Metaspace: 16008K(16640K)->16008K(16640K) NonClass: 14273K(14592K)->14273K(14592K) Class: 1734K(2048K)->1734K(2048K)
[14.976s][info ][gc             ] GC(347) Pause Young (Allocation Failure) 140M->3M(495M) 0.390ms
[14.976s][info ][gc,cpu         ] GC(347) User=0.00s Sys=0.00s Real=0.00s
[14.985s][info ][gc,start       ] GC(348) Pause Young (Allocation Failure)
[14.985s][info ][gc,task        ] GC(348) Using 9 workers of 9 for evacuation
[14.986s][debug][gc,age         ] GC(348) Desired survivor size 8945664 bytes, new threshold 6 (max threshold 6)
[14.986s][trace][gc,age         ] GC(348) Age table with threshold 6 (max threshold 6)
[14.986s][trace][gc,age         ] GC(348) - age   1:     400208 bytes,     400208 total
[14.986s][info ][gc,heap        ] GC(348) ParNew: 139882K->396K(157376K)
[14.986s][info ][gc,heap        ] GC(348) CMS: 3752K->3752K(349568K)
[14.986s][info ][gc,metaspace   ] GC(348) Metaspace: 16008K(16640K)->16008K(16640K) NonClass: 14273K(14592K)->14273K(14592K) Class: 1734K(2048K)->1734K(2048K)
[14.986s][info ][gc             ] GC(348) Pause Young (Allocation Failure) 140M->4M(495M) 0.381ms
[14.986s][info ][gc,cpu         ] GC(348) User=0.00s Sys=0.00s Real=0.00s
[14.995s][info ][gc,start       ] GC(349) Pause Young (Allocation Failure)
[14.995s][info ][gc,task        ] GC(349) Using 9 workers of 9 for evacuation
[14.995s][debug][gc,age         ] GC(349) Desired survivor size 8945664 bytes, new threshold 6 (max threshold 6)
[14.995s][trace][gc,age         ] GC(349) Age table with threshold 6 (max threshold 6)
[14.995s][trace][gc,age         ] GC(349) - age   1:        192 bytes,        192 total
[14.995s][info ][gc,heap        ] GC(349) ParNew: 140285K->4K(157376K)
[14.995s][info ][gc,heap        ] GC(349) CMS: 3752K->3752K(349568K)
[14.995s][info ][gc,metaspace   ] GC(349) Metaspace: 16008K(16640K)->16008K(16640K) NonClass: 14273K(14592K)->14273K(14592K) Class: 1734K(2048K)->1734K(2048K)
[14.995s][info ][gc             ] GC(349) Pause Young (Allocation Failure) 140M->3M(495M) 0.373ms
[14.995s][info ][gc,cpu         ] GC(349) User=0.00s Sys=0.00s Real=0.00s
[15.005s][info ][gc,start       ] GC(350) Pause Young (Allocation Failure)
[15.005s][info ][gc,task        ] GC(350) Using 9 workers of 9 for evacuation
[15.005s][debug][gc,age         ] GC(350) Desired survivor size 8945664 bytes, new threshold 6 (max threshold 6)
[15.005s][trace][gc,age         ] GC(350) Age table with threshold 6 (max threshold 6)
[15.005s][trace][gc,age         ] GC(350) - age   1:     400208 bytes,     400208 total
[15.005s][info ][gc,heap        ] GC(350) ParNew: 139892K->396K(157376K)
[15.005s][info ][gc,heap        ] GC(350) CMS: 3752K->3752K(349568K)
[15.005s][info ][gc,metaspace   ] GC(350) Metaspace: 16008K(16640K)->16008K(16640K) NonClass: 14273K(14592K)->14273K(14592K) Class: 1734K(2048K)->1734K(2048K)
[15.005s][info ][gc             ] GC(350) Pause Young (Allocation Failure) 140M->4M(495M) 0.334ms
[15.005s][info ][gc,cpu         ] GC(350) User=0.01s Sys=0.00s Real=0.00s
[15.015s][info ][gc,start       ] GC(351) Pause Young (Allocation Failure)
[15.015s][info ][gc,task        ] GC(351) Using 9 workers of 9 for evacuation
[15.015s][debug][gc,age         ] GC(351) Desired survivor size 8945664 bytes, new threshold 6 (max threshold 6)
[15.015s][trace][gc,age         ] GC(351) Age table with threshold 6 (max threshold 6)
[15.015s][trace][gc,age         ] GC(351) - age   1:        192 bytes,        192 total
[15.015s][info ][gc,heap        ] GC(351) ParNew: 140279K->6K(157376K)
[15.015s][info ][gc,heap        ] GC(351) CMS: 3752K->3752K(349568K)
[15.015s][info ][gc,metaspace   ] GC(351) Metaspace: 16008K(16640K)->16008K(16640K) NonClass: 14273K(14592K)->14273K(14592K) Class: 1734K(2048K)->1734K(2048K)
[15.015s][info ][gc             ] GC(351) Pause Young (Allocation Failure) 140M->3M(495M) 0.504ms
[15.015s][info ][gc,cpu         ] GC(351) User=0.01s Sys=0.00s Real=0.00s
[15.025s][info ][gc,start       ] GC(352) Pause Young (Allocation Failure)
[15.025s][info ][gc,task        ] GC(352) Using 9 workers of 9 for evacuation
[15.025s][debug][gc,age         ] GC(352) Desired survivor size 8945664 bytes, new threshold 6 (max threshold 6)
[15.025s][trace][gc,age         ] GC(352) Age table with threshold 6 (max threshold 6)
[15.025s][trace][gc,age         ] GC(352) - age   1:     400208 bytes,     400208 total
[15.025s][info ][gc,heap        ] GC(352) ParNew: 139889K->396K(157376K)
[15.025s][info ][gc,heap        ] GC(352) CMS: 3752K->3752K(349568K)
[15.025s][info ][gc,metaspace   ] GC(352) Metaspace: 16008K(16640K)->16008K(16640K) NonClass: 14273K(14592K)->14273K(14592K) Class: 1734K(2048K)->1734K(2048K)
[15.025s][info ][gc             ] GC(352) Pause Young (Allocation Failure) 140M->4M(495M) 0.341ms
[15.025s][info ][gc,cpu         ] GC(352) User=0.00s Sys=0.00s Real=0.00s
[15.035s][info ][gc,start       ] GC(353) Pause Young (Allocation Failure)
[15.035s][info ][gc,task        ] GC(353) Using 9 workers of 9 for evacuation
[15.035s][debug][gc,age         ] GC(353) Desired survivor size 8945664 bytes, new threshold 6 (max threshold 6)
[15.035s][trace][gc,age         ] GC(353) Age table with threshold 6 (max threshold 6)
[15.035s][trace][gc,age         ] GC(353) - age   1:        192 bytes,        192 total
[15.035s][info ][gc,heap        ] GC(353) ParNew: 140280K->6K(157376K)
[15.035s][info ][gc,heap        ] GC(353) CMS: 3752K->3752K(349568K)
[15.035s][info ][gc,metaspace   ] GC(353) Metaspace: 16008K(16640K)->16008K(16640K) NonClass: 14273K(14592K)->14273K(14592K) Class: 1734K(2048K)->1734K(2048K)
[15.035s][info ][gc             ] GC(353) Pause Young (Allocation Failure) 140M->3M(495M) 0.458ms
[15.035s][info ][gc,cpu         ] GC(353) User=0.00s Sys=0.00s Real=0.00s
[15.045s][info ][gc,start       ] GC(354) Pause Young (Allocation Failure)
[15.045s][info ][gc,task        ] GC(354) Using 9 workers of 9 for evacuation
[15.045s][debug][gc,age         ] GC(354) Desired survivor size 8945664 bytes, new threshold 6 (max threshold 6)
[15.045s][trace][gc,age         ] GC(354) Age table with threshold 6 (max threshold 6)
[15.045s][trace][gc,age         ] GC(354) - age   1:     400208 bytes,     400208 total
[15.045s][info ][gc,heap        ] GC(354) ParNew: 139895K->396K(157376K)
[15.045s][info ][gc,heap        ] GC(354) CMS: 3752K->3752K(349568K)
[15.045s][info ][gc,metaspace   ] GC(354) Metaspace: 16008K(16640K)->16008K(16640K) NonClass: 14273K(14592K)->14273K(14592K) Class: 1734K(2048K)->1734K(2048K)
[15.045s][info ][gc             ] GC(354) Pause Young (Allocation Failure) 140M->4M(495M) 0.410ms
[15.045s][info ][gc,cpu         ] GC(354) User=0.00s Sys=0.00s Real=0.00s
[15.055s][info ][gc,start       ] GC(355) Pause Young (Allocation Failure)
[15.055s][info ][gc,task        ] GC(355) Using 9 workers of 9 for evacuation
[15.055s][debug][gc,age         ] GC(355) Desired survivor size 8945664 bytes, new threshold 6 (max threshold 6)
[15.055s][trace][gc,age         ] GC(355) Age table with threshold 6 (max threshold 6)
[15.055s][trace][gc,age         ] GC(355) - age   1:        192 bytes,        192 total
[15.055s][info ][gc,heap        ] GC(355) ParNew: 140283K->6K(157376K)
[15.055s][info ][gc,heap        ] GC(355) CMS: 3752K->3752K(349568K)
[15.055s][info ][gc,metaspace   ] GC(355) Metaspace: 16008K(16640K)->16008K(16640K) NonClass: 14273K(14592K)->14273K(14592K) Class: 1734K(2048K)->1734K(2048K)
[15.055s][info ][gc             ] GC(355) Pause Young (Allocation Failure) 140M->3M(495M) 0.336ms
[15.055s][info ][gc,cpu         ] GC(355) User=0.00s Sys=0.00s Real=0.00s
[15.064s][info ][gc,start       ] GC(356) Pause Young (Allocation Failure)
[15.064s][info ][gc,task        ] GC(356) Using 9 workers of 9 for evacuation
[15.065s][debug][gc,age         ] GC(356) Desired survivor size 8945664 bytes, new threshold 6 (max threshold 6)
[15.065s][trace][gc,age         ] GC(356) Age table with threshold 6 (max threshold 6)
[15.065s][trace][gc,age         ] GC(356) - age   1:     400208 bytes,     400208 total
[15.065s][info ][gc,heap        ] GC(356) ParNew: 139891K->396K(157376K)
[15.065s][info ][gc,heap        ] GC(356) CMS: 3752K->3752K(349568K)
[15.065s][info ][gc,metaspace   ] GC(356) Metaspace: 16008K(16640K)->16008K(16640K) NonClass: 14273K(14592K)->14273K(14592K) Class: 1734K(2048K)->1734K(2048K)
[15.065s][info ][gc             ] GC(356) Pause Young (Allocation Failure) 140M->4M(495M) 0.430ms
[15.065s][info ][gc,cpu         ] GC(356) User=0.00s Sys=0.00s Real=0.00s
[15.074s][info ][gc,start       ] GC(357) Pause Young (Allocation Failure)
[15.074s][info ][gc,task        ] GC(357) Using 9 workers of 9 for evacuation
[15.075s][debug][gc,age         ] GC(357) Desired survivor size 8945664 bytes, new threshold 6 (max threshold 6)
[15.075s][trace][gc,age         ] GC(357) Age table with threshold 6 (max threshold 6)
[15.075s][trace][gc,age         ] GC(357) - age   1:        192 bytes,        192 total
[15.075s][info ][gc,heap        ] GC(357) ParNew: 140279K->8K(157376K)
[15.075s][info ][gc,heap        ] GC(357) CMS: 3752K->3752K(349568K)
[15.075s][info ][gc,metaspace   ] GC(357) Metaspace: 16008K(16640K)->16008K(16640K) NonClass: 14273K(14592K)->14273K(14592K) Class: 1734K(2048K)->1734K(2048K)
[15.075s][info ][gc             ] GC(357) Pause Young (Allocation Failure) 140M->3M(495M) 0.491ms
[15.075s][info ][gc,cpu         ] GC(357) User=0.00s Sys=0.00s Real=0.00s
[15.084s][info ][gc,start       ] GC(358) Pause Young (Allocation Failure)
[15.084s][info ][gc,task        ] GC(358) Using 9 workers of 9 for evacuation
[15.085s][debug][gc,age         ] GC(358) Desired survivor size 8945664 bytes, new threshold 6 (max threshold 6)
[15.085s][trace][gc,age         ] GC(358) Age table with threshold 6 (max threshold 6)
[15.085s][trace][gc,age         ] GC(358) - age   1:     400208 bytes,     400208 total
[15.085s][info ][gc,heap        ] GC(358) ParNew: 139889K->396K(157376K)
[15.085s][info ][gc,heap        ] GC(358) CMS: 3752K->3752K(349568K)
[15.085s][info ][gc,metaspace   ] GC(358) Metaspace: 16008K(16640K)->16008K(16640K) NonClass: 14273K(14592K)->14273K(14592K) Class: 1734K(2048K)->1734K(2048K)
[15.085s][info ][gc             ] GC(358) Pause Young (Allocation Failure) 140M->4M(495M) 0.468ms
[15.085s][info ][gc,cpu         ] GC(358) User=0.00s Sys=0.00s Real=0.00s
[15.094s][info ][gc,start       ] GC(359) Pause Young (Allocation Failure)
[15.094s][info ][gc,task        ] GC(359) Using 9 workers of 9 for evacuation
[15.095s][debug][gc,age         ] GC(359) Desired survivor size 8945664 bytes, new threshold 6 (max threshold 6)
[15.095s][trace][gc,age         ] GC(359) Age table with threshold 6 (max threshold 6)
[15.095s][trace][gc,age         ] GC(359) - age   1:        192 bytes,        192 total
[15.095s][info ][gc,heap        ] GC(359) ParNew: 140280K->6K(157376K)
[15.095s][info ][gc,heap        ] GC(359) CMS: 3752K->3752K(349568K)
[15.095s][info ][gc,metaspace   ] GC(359) Metaspace: 16008K(16640K)->16008K(16640K) NonClass: 14273K(14592K)->14273K(14592K) Class: 1734K(2048K)->1734K(2048K)
[15.095s][info ][gc             ] GC(359) Pause Young (Allocation Failure) 140M->3M(495M) 0.571ms
[15.095s][info ][gc,cpu         ] GC(359) User=0.01s Sys=0.00s Real=0.00s
[15.104s][info ][gc,start       ] GC(360) Pause Young (Allocation Failure)
[15.104s][info ][gc,task        ] GC(360) Using 9 workers of 9 for evacuation
[15.105s][debug][gc,age         ] GC(360) Desired survivor size 8945664 bytes, new threshold 6 (max threshold 6)
[15.105s][trace][gc,age         ] GC(360) Age table with threshold 6 (max threshold 6)
[15.105s][trace][gc,age         ] GC(360) - age   1:     400208 bytes,     400208 total
[15.105s][info ][gc,heap        ] GC(360) ParNew: 139886K->396K(157376K)
[15.105s][info ][gc,heap        ] GC(360) CMS: 3752K->3752K(349568K)
[15.105s][info ][gc,metaspace   ] GC(360) Metaspace: 16008K(16640K)->16008K(16640K) NonClass: 14273K(14592K)->14273K(14592K) Class: 1734K(2048K)->1734K(2048K)
[15.105s][info ][gc             ] GC(360) Pause Young (Allocation Failure) 140M->4M(495M) 0.499ms
[15.105s][info ][gc,cpu         ] GC(360) User=0.00s Sys=0.00s Real=0.00s
[15.114s][info ][gc,start       ] GC(361) Pause Young (Allocation Failure)
[15.114s][info ][gc,task        ] GC(361) Using 9 workers of 9 for evacuation
[15.115s][debug][gc,age         ] GC(361) Desired survivor size 8945664 bytes, new threshold 6 (max threshold 6)
[15.115s][trace][gc,age         ] GC(361) Age table with threshold 6 (max threshold 6)
[15.115s][trace][gc,age         ] GC(361) - age   1:        192 bytes,        192 total
[15.115s][info ][gc,heap        ] GC(361) ParNew: 140277K->6K(157376K)
[15.115s][info ][gc,heap        ] GC(361) CMS: 3752K->3752K(349568K)
[15.115s][info ][gc,metaspace   ] GC(361) Metaspace: 16008K(16640K)->16008K(16640K) NonClass: 14273K(14592K)->14273K(14592K) Class: 1734K(2048K)->1734K(2048K)
[15.115s][info ][gc             ] GC(361) Pause Young (Allocation Failure) 140M->3M(495M) 0.427ms
[15.115s][info ][gc,cpu         ] GC(361) User=0.00s Sys=0.00s Real=0.00s
[15.124s][info ][gc,start       ] GC(362) Pause Young (Allocation Failure)
[15.124s][info ][gc,task        ] GC(362) Using 9 workers of 9 for evacuation
[15.125s][debug][gc,age         ] GC(362) Desired survivor size 8945664 bytes, new threshold 6 (max threshold 6)
[15.125s][trace][gc,age         ] GC(362) Age table with threshold 6 (max threshold 6)
[15.125s][trace][gc,age         ] GC(362) - age   1:     400208 bytes,     400208 total
[15.125s][info ][gc,heap        ] GC(362) ParNew: 139886K->394K(157376K)
[15.125s][info ][gc,heap        ] GC(362) CMS: 3752K->3752K(349568K)
[15.125s][info ][gc,metaspace   ] GC(362) Metaspace: 16008K(16640K)->16008K(16640K) NonClass: 14273K(14592K)->14273K(14592K) Class: 1734K(2048K)->1734K(2048K)
[15.125s][info ][gc             ] GC(362) Pause Young (Allocation Failure) 140M->4M(495M) 0.406ms
[15.125s][info ][gc,cpu         ] GC(362) User=0.00s Sys=0.00s Real=0.00s
[15.134s][info ][gc,start       ] GC(363) Pause Young (Allocation Failure)
[15.134s][info ][gc,task        ] GC(363) Using 9 workers of 9 for evacuation
[15.135s][debug][gc,age         ] GC(363) Desired survivor size 8945664 bytes, new threshold 6 (max threshold 6)
[15.135s][trace][gc,age         ] GC(363) Age table with threshold 6 (max threshold 6)
[15.135s][trace][gc,age         ] GC(363) - age   1:        192 bytes,        192 total
[15.135s][info ][gc,heap        ] GC(363) ParNew: 140284K->4K(157376K)
[15.135s][info ][gc,heap        ] GC(363) CMS: 3752K->3752K(349568K)
[15.135s][info ][gc,metaspace   ] GC(363) Metaspace: 16008K(16640K)->16008K(16640K) NonClass: 14273K(14592K)->14273K(14592K) Class: 1734K(2048K)->1734K(2048K)
[15.135s][info ][gc             ] GC(363) Pause Young (Allocation Failure) 140M->3M(495M) 0.428ms
[15.135s][info ][gc,cpu         ] GC(363) User=0.00s Sys=0.00s Real=0.00s
[15.144s][info ][gc,start       ] GC(364) Pause Young (Allocation Failure)
[15.144s][info ][gc,task        ] GC(364) Using 9 workers of 9 for evacuation
[15.145s][debug][gc,age         ] GC(364) Desired survivor size 8945664 bytes, new threshold 6 (max threshold 6)
[15.145s][trace][gc,age         ] GC(364) Age table with threshold 6 (max threshold 6)
[15.145s][trace][gc,age         ] GC(364) - age   1:     400208 bytes,     400208 total
[15.145s][info ][gc,heap        ] GC(364) ParNew: 139892K->396K(157376K)
[15.145s][info ][gc,heap        ] GC(364) CMS: 3752K->3752K(349568K)
[15.145s][info ][gc,metaspace   ] GC(364) Metaspace: 16008K(16640K)->16008K(16640K) NonClass: 14273K(14592K)->14273K(14592K) Class: 1734K(2048K)->1734K(2048K)
[15.145s][info ][gc             ] GC(364) Pause Young (Allocation Failure) 140M->4M(495M) 0.460ms
[15.145s][info ][gc,cpu         ] GC(364) User=0.00s Sys=0.00s Real=0.00s
[15.154s][info ][gc,start       ] GC(365) Pause Young (Allocation Failure)
[15.154s][info ][gc,task        ] GC(365) Using 9 workers of 9 for evacuation
[15.155s][debug][gc,age         ] GC(365) Desired survivor size 8945664 bytes, new threshold 6 (max threshold 6)
[15.155s][trace][gc,age         ] GC(365) Age table with threshold 6 (max threshold 6)
[15.155s][trace][gc,age         ] GC(365) - age   1:        192 bytes,        192 total
[15.155s][info ][gc,heap        ] GC(365) ParNew: 140279K->8K(157376K)
[15.155s][info ][gc,heap        ] GC(365) CMS: 3752K->3752K(349568K)
[15.155s][info ][gc,metaspace   ] GC(365) Metaspace: 16008K(16640K)->16008K(16640K) NonClass: 14273K(14592K)->14273K(14592K) Class: 1734K(2048K)->1734K(2048K)
[15.155s][info ][gc             ] GC(365) Pause Young (Allocation Failure) 140M->3M(495M) 0.375ms
[15.155s][info ][gc,cpu         ] GC(365) User=0.00s Sys=0.00s Real=0.00s
[15.164s][info ][gc,start       ] GC(366) Pause Young (Allocation Failure)
[15.164s][info ][gc,task        ] GC(366) Using 9 workers of 9 for evacuation
[15.164s][debug][gc,age         ] GC(366) Desired survivor size 8945664 bytes, new threshold 6 (max threshold 6)
[15.165s][trace][gc,age         ] GC(366) Age table with threshold 6 (max threshold 6)
[15.165s][trace][gc,age         ] GC(366) - age   1:     400208 bytes,     400208 total
[15.165s][info ][gc,heap        ] GC(366) ParNew: 139890K->396K(157376K)
[15.165s][info ][gc,heap        ] GC(366) CMS: 3752K->3752K(349568K)
[15.165s][info ][gc,metaspace   ] GC(366) Metaspace: 16008K(16640K)->16008K(16640K) NonClass: 14273K(14592K)->14273K(14592K) Class: 1734K(2048K)->1734K(2048K)
[15.165s][info ][gc             ] GC(366) Pause Young (Allocation Failure) 140M->4M(495M) 0.419ms
[15.165s][info ][gc,cpu         ] GC(366) User=0.01s Sys=0.00s Real=0.00s
[15.174s][info ][gc,start       ] GC(367) Pause Young (Allocation Failure)
[15.174s][info ][gc,task        ] GC(367) Using 9 workers of 9 for evacuation
[15.174s][debug][gc,age         ] GC(367) Desired survivor size 8945664 bytes, new threshold 6 (max threshold 6)
[15.174s][trace][gc,age         ] GC(367) Age table with threshold 6 (max threshold 6)
[15.174s][trace][gc,age         ] GC(367) - age   1:        192 bytes,        192 total
[15.174s][info ][gc,heap        ] GC(367) ParNew: 140280K->4K(157376K)
[15.174s][info ][gc,heap        ] GC(367) CMS: 3752K->3752K(349568K)
[15.174s][info ][gc,metaspace   ] GC(367) Metaspace: 16008K(16640K)->16008K(16640K) NonClass: 14273K(14592K)->14273K(14592K) Class: 1734K(2048K)->1734K(2048K)
[15.174s][info ][gc             ] GC(367) Pause Young (Allocation Failure) 140M->3M(495M) 0.349ms
[15.174s][info ][gc,cpu         ] GC(367) User=0.01s Sys=0.00s Real=0.00s
[15.184s][info ][gc,start       ] GC(368) Pause Young (Allocation Failure)
[15.184s][info ][gc,task        ] GC(368) Using 9 workers of 9 for evacuation
[15.186s][debug][gc,age         ] GC(368) Desired survivor size 8945664 bytes, new threshold 6 (max threshold 6)
[15.186s][trace][gc,age         ] GC(368) Age table with threshold 6 (max threshold 6)
[15.186s][trace][gc,age         ] GC(368) - age   1:     400208 bytes,     400208 total
[15.186s][info ][gc,heap        ] GC(368) ParNew: 139893K->396K(157376K)
[15.186s][info ][gc,heap        ] GC(368) CMS: 3752K->3752K(349568K)
[15.186s][info ][gc,metaspace   ] GC(368) Metaspace: 16008K(16640K)->16008K(16640K) NonClass: 14273K(14592K)->14273K(14592K) Class: 1734K(2048K)->1734K(2048K)
[15.186s][info ][gc             ] GC(368) Pause Young (Allocation Failure) 140M->4M(495M) 1.480ms
[15.186s][info ][gc,cpu         ] GC(368) User=0.00s Sys=0.00s Real=0.00s
[15.195s][info ][gc,start       ] GC(369) Pause Young (Allocation Failure)
[15.195s][info ][gc,task        ] GC(369) Using 9 workers of 9 for evacuation
[15.196s][debug][gc,age         ] GC(369) Desired survivor size 8945664 bytes, new threshold 6 (max threshold 6)
[15.196s][trace][gc,age         ] GC(369) Age table with threshold 6 (max threshold 6)
[15.196s][trace][gc,age         ] GC(369) - age   1:        192 bytes,        192 total
[15.196s][info ][gc,heap        ] GC(369) ParNew: 140283K->6K(157376K)
[15.196s][info ][gc,heap        ] GC(369) CMS: 3752K->3752K(349568K)
[15.196s][info ][gc,metaspace   ] GC(369) Metaspace: 16008K(16640K)->16008K(16640K) NonClass: 14273K(14592K)->14273K(14592K) Class: 1734K(2048K)->1734K(2048K)
[15.196s][info ][gc             ] GC(369) Pause Young (Allocation Failure) 140M->3M(495M) 0.495ms
[15.196s][info ][gc,cpu         ] GC(369) User=0.01s Sys=0.00s Real=0.00s
[15.205s][info ][gc,start       ] GC(370) Pause Young (Allocation Failure)
[15.205s][info ][gc,task        ] GC(370) Using 9 workers of 9 for evacuation
[15.206s][debug][gc,age         ] GC(370) Desired survivor size 8945664 bytes, new threshold 6 (max threshold 6)
[15.206s][trace][gc,age         ] GC(370) Age table with threshold 6 (max threshold 6)
[15.206s][trace][gc,age         ] GC(370) - age   1:     400208 bytes,     400208 total
[15.206s][info ][gc,heap        ] GC(370) ParNew: 139892K->396K(157376K)
[15.206s][info ][gc,heap        ] GC(370) CMS: 3752K->3752K(349568K)
[15.206s][info ][gc,metaspace   ] GC(370) Metaspace: 16008K(16640K)->16008K(16640K) NonClass: 14273K(14592K)->14273K(14592K) Class: 1734K(2048K)->1734K(2048K)
[15.206s][info ][gc             ] GC(370) Pause Young (Allocation Failure) 140M->4M(495M) 0.371ms
[15.206s][info ][gc,cpu         ] GC(370) User=0.01s Sys=0.00s Real=0.00s
[15.215s][info ][gc,start       ] GC(371) Pause Young (Allocation Failure)
[15.215s][info ][gc,task        ] GC(371) Using 9 workers of 9 for evacuation
[15.215s][debug][gc,age         ] GC(371) Desired survivor size 8945664 bytes, new threshold 6 (max threshold 6)
[15.215s][trace][gc,age         ] GC(371) Age table with threshold 6 (max threshold 6)
[15.215s][trace][gc,age         ] GC(371) - age   1:        192 bytes,        192 total
[15.215s][info ][gc,heap        ] GC(371) ParNew: 140278K->6K(157376K)
[15.215s][info ][gc,heap        ] GC(371) CMS: 3752K->3752K(349568K)
[15.215s][info ][gc,metaspace   ] GC(371) Metaspace: 16008K(16640K)->16008K(16640K) NonClass: 14273K(14592K)->14273K(14592K) Class: 1734K(2048K)->1734K(2048K)
[15.215s][info ][gc             ] GC(371) Pause Young (Allocation Failure) 140M->3M(495M) 0.420ms
[15.215s][info ][gc,cpu         ] GC(371) User=0.00s Sys=0.00s Real=0.00s
[15.225s][info ][gc,start       ] GC(372) Pause Young (Allocation Failure)
[15.225s][info ][gc,task        ] GC(372) Using 9 workers of 9 for evacuation
[15.225s][debug][gc,age         ] GC(372) Desired survivor size 8945664 bytes, new threshold 6 (max threshold 6)
[15.225s][trace][gc,age         ] GC(372) Age table with threshold 6 (max threshold 6)
[15.225s][trace][gc,age         ] GC(372) - age   1:     400208 bytes,     400208 total
[15.225s][info ][gc,heap        ] GC(372) ParNew: 139887K->396K(157376K)
[15.225s][info ][gc,heap        ] GC(372) CMS: 3752K->3752K(349568K)
[15.225s][info ][gc,metaspace   ] GC(372) Metaspace: 16008K(16640K)->16008K(16640K) NonClass: 14273K(14592K)->14273K(14592K) Class: 1734K(2048K)->1734K(2048K)
[15.225s][info ][gc             ] GC(372) Pause Young (Allocation Failure) 140M->4M(495M) 0.404ms
[15.225s][info ][gc,cpu         ] GC(372) User=0.00s Sys=0.00s Real=0.00s
[15.235s][info ][gc,start       ] GC(373) Pause Young (Allocation Failure)
[15.235s][info ][gc,task        ] GC(373) Using 9 workers of 9 for evacuation
[15.235s][debug][gc,age         ] GC(373) Desired survivor size 8945664 bytes, new threshold 6 (max threshold 6)
[15.235s][trace][gc,age         ] GC(373) Age table with threshold 6 (max threshold 6)
[15.235s][trace][gc,age         ] GC(373) - age   1:        192 bytes,        192 total
[15.235s][info ][gc,heap        ] GC(373) ParNew: 140281K->6K(157376K)
[15.235s][info ][gc,heap        ] GC(373) CMS: 3752K->3752K(349568K)
[15.235s][info ][gc,metaspace   ] GC(373) Metaspace: 16008K(16640K)->16008K(16640K) NonClass: 14273K(14592K)->14273K(14592K) Class: 1734K(2048K)->1734K(2048K)
[15.235s][info ][gc             ] GC(373) Pause Young (Allocation Failure) 140M->3M(495M) 0.461ms
[15.235s][info ][gc,cpu         ] GC(373) User=0.00s Sys=0.00s Real=0.00s
[15.245s][info ][gc,start       ] GC(374) Pause Young (Allocation Failure)
[15.245s][info ][gc,task        ] GC(374) Using 9 workers of 9 for evacuation
[15.245s][debug][gc,age         ] GC(374) Desired survivor size 8945664 bytes, new threshold 6 (max threshold 6)
[15.245s][trace][gc,age         ] GC(374) Age table with threshold 6 (max threshold 6)
[15.245s][trace][gc,age         ] GC(374) - age   1:     400208 bytes,     400208 total
[15.245s][info ][gc,heap        ] GC(374) ParNew: 139886K->394K(157376K)
[15.245s][info ][gc,heap        ] GC(374) CMS: 3752K->3752K(349568K)
[15.245s][info ][gc,metaspace   ] GC(374) Metaspace: 16008K(16640K)->16008K(16640K) NonClass: 14273K(14592K)->14273K(14592K) Class: 1734K(2048K)->1734K(2048K)
[15.245s][info ][gc             ] GC(374) Pause Young (Allocation Failure) 140M->4M(495M) 0.531ms
[15.245s][info ][gc,cpu         ] GC(374) User=0.00s Sys=0.01s Real=0.00s
[15.255s][info ][gc,start       ] GC(375) Pause Young (Allocation Failure)
[15.255s][info ][gc,task        ] GC(375) Using 9 workers of 9 for evacuation
[15.255s][debug][gc,age         ] GC(375) Desired survivor size 8945664 bytes, new threshold 6 (max threshold 6)
[15.255s][trace][gc,age         ] GC(375) Age table with threshold 6 (max threshold 6)
[15.255s][trace][gc,age         ] GC(375) - age   1:        192 bytes,        192 total
[15.255s][info ][gc,heap        ] GC(375) ParNew: 140275K->6K(157376K)
[15.255s][info ][gc,heap        ] GC(375) CMS: 3752K->3752K(349568K)
[15.255s][info ][gc,metaspace   ] GC(375) Metaspace: 16008K(16640K)->16008K(16640K) NonClass: 14273K(14592K)->14273K(14592K) Class: 1734K(2048K)->1734K(2048K)
[15.255s][info ][gc             ] GC(375) Pause Young (Allocation Failure) 140M->3M(495M) 0.377ms
[15.255s][info ][gc,cpu         ] GC(375) User=0.00s Sys=0.00s Real=0.00s
[15.265s][info ][gc,start       ] GC(376) Pause Young (Allocation Failure)
[15.265s][info ][gc,task        ] GC(376) Using 9 workers of 9 for evacuation
[15.265s][debug][gc,age         ] GC(376) Desired survivor size 8945664 bytes, new threshold 6 (max threshold 6)
[15.265s][trace][gc,age         ] GC(376) Age table with threshold 6 (max threshold 6)
[15.265s][trace][gc,age         ] GC(376) - age   1:     400208 bytes,     400208 total
[15.265s][info ][gc,heap        ] GC(376) ParNew: 139886K->394K(157376K)
[15.265s][info ][gc,heap        ] GC(376) CMS: 3752K->3752K(349568K)
[15.265s][info ][gc,metaspace   ] GC(376) Metaspace: 16008K(16640K)->16008K(16640K) NonClass: 14273K(14592K)->14273K(14592K) Class: 1734K(2048K)->1734K(2048K)
[15.265s][info ][gc             ] GC(376) Pause Young (Allocation Failure) 140M->4M(495M) 0.410ms
[15.265s][info ][gc,cpu         ] GC(376) User=0.00s Sys=0.00s Real=0.00s
[15.275s][info ][gc,start       ] GC(377) Pause Young (Allocation Failure)
[15.275s][info ][gc,task        ] GC(377) Using 9 workers of 9 for evacuation
[15.275s][debug][gc,age         ] GC(377) Desired survivor size 8945664 bytes, new threshold 6 (max threshold 6)
[15.275s][trace][gc,age         ] GC(377) Age table with threshold 6 (max threshold 6)
[15.275s][trace][gc,age         ] GC(377) - age   1:        192 bytes,        192 total
[15.275s][info ][gc,heap        ] GC(377) ParNew: 140284K->6K(157376K)
[15.275s][info ][gc,heap        ] GC(377) CMS: 3752K->3752K(349568K)
[15.275s][info ][gc,metaspace   ] GC(377) Metaspace: 16008K(16640K)->16008K(16640K) NonClass: 14273K(14592K)->14273K(14592K) Class: 1734K(2048K)->1734K(2048K)
[15.275s][info ][gc             ] GC(377) Pause Young (Allocation Failure) 140M->3M(495M) 0.384ms
[15.275s][info ][gc,cpu         ] GC(377) User=0.00s Sys=0.00s Real=0.00s
[15.285s][info ][gc,start       ] GC(378) Pause Young (Allocation Failure)
[15.285s][info ][gc,task        ] GC(378) Using 9 workers of 9 for evacuation
[15.285s][debug][gc,age         ] GC(378) Desired survivor size 8945664 bytes, new threshold 6 (max threshold 6)
[15.285s][trace][gc,age         ] GC(378) Age table with threshold 6 (max threshold 6)
[15.285s][trace][gc,age         ] GC(378) - age   1:     400208 bytes,     400208 total
[15.285s][info ][gc,heap        ] GC(378) ParNew: 139894K->398K(157376K)
[15.285s][info ][gc,heap        ] GC(378) CMS: 3752K->3752K(349568K)
[15.285s][info ][gc,metaspace   ] GC(378) Metaspace: 16008K(16640K)->16008K(16640K) NonClass: 14273K(14592K)->14273K(14592K) Class: 1734K(2048K)->1734K(2048K)
[15.285s][info ][gc             ] GC(378) Pause Young (Allocation Failure) 140M->4M(495M) 0.455ms
[15.285s][info ][gc,cpu         ] GC(378) User=0.01s Sys=0.00s Real=0.00s
[15.295s][info ][gc,start       ] GC(379) Pause Young (Allocation Failure)
[15.295s][info ][gc,task        ] GC(379) Using 9 workers of 9 for evacuation
[15.295s][debug][gc,age         ] GC(379) Desired survivor size 8945664 bytes, new threshold 6 (max threshold 6)
[15.295s][trace][gc,age         ] GC(379) Age table with threshold 6 (max threshold 6)
[15.295s][trace][gc,age         ] GC(379) - age   1:        192 bytes,        192 total
[15.295s][info ][gc,heap        ] GC(379) ParNew: 140281K->4K(157376K)
[15.295s][info ][gc,heap        ] GC(379) CMS: 3752K->3752K(349568K)
[15.295s][info ][gc,metaspace   ] GC(379) Metaspace: 16008K(16640K)->16008K(16640K) NonClass: 14273K(14592K)->14273K(14592K) Class: 1734K(2048K)->1734K(2048K)
[15.295s][info ][gc             ] GC(379) Pause Young (Allocation Failure) 140M->3M(495M) 0.370ms
[15.295s][info ][gc,cpu         ] GC(379) User=0.00s Sys=0.00s Real=0.00s
[15.304s][info ][gc,start       ] GC(380) Pause Young (Allocation Failure)
[15.305s][info ][gc,task        ] GC(380) Using 9 workers of 9 for evacuation
[15.305s][debug][gc,age         ] GC(380) Desired survivor size 8945664 bytes, new threshold 6 (max threshold 6)
[15.305s][trace][gc,age         ] GC(380) Age table with threshold 6 (max threshold 6)
[15.305s][trace][gc,age         ] GC(380) - age   1:     400208 bytes,     400208 total
[15.305s][info ][gc,heap        ] GC(380) ParNew: 139886K->398K(157376K)
[15.305s][info ][gc,heap        ] GC(380) CMS: 3752K->3752K(349568K)
[15.305s][info ][gc,metaspace   ] GC(380) Metaspace: 16008K(16640K)->16008K(16640K) NonClass: 14273K(14592K)->14273K(14592K) Class: 1734K(2048K)->1734K(2048K)
[15.305s][info ][gc             ] GC(380) Pause Young (Allocation Failure) 140M->4M(495M) 0.386ms
[15.305s][info ][gc,cpu         ] GC(380) User=0.00s Sys=0.00s Real=0.00s
[15.314s][info ][gc,start       ] GC(381) Pause Young (Allocation Failure)
[15.314s][info ][gc,task        ] GC(381) Using 9 workers of 9 for evacuation
[15.315s][debug][gc,age         ] GC(381) Desired survivor size 8945664 bytes, new threshold 6 (max threshold 6)
[15.315s][trace][gc,age         ] GC(381) Age table with threshold 6 (max threshold 6)
[15.315s][trace][gc,age         ] GC(381) - age   1:        192 bytes,        192 total
[15.315s][info ][gc,heap        ] GC(381) ParNew: 140282K->6K(157376K)
[15.315s][info ][gc,heap        ] GC(381) CMS: 3752K->3752K(349568K)
[15.315s][info ][gc,metaspace   ] GC(381) Metaspace: 16008K(16640K)->16008K(16640K) NonClass: 14273K(14592K)->14273K(14592K) Class: 1734K(2048K)->1734K(2048K)
[15.315s][info ][gc             ] GC(381) Pause Young (Allocation Failure) 140M->3M(495M) 0.369ms
[15.315s][info ][gc,cpu         ] GC(381) User=0.00s Sys=0.00s Real=0.00s
[15.324s][info ][gc,start       ] GC(382) Pause Young (Allocation Failure)
[15.324s][info ][gc,task        ] GC(382) Using 9 workers of 9 for evacuation
[15.325s][debug][gc,age         ] GC(382) Desired survivor size 8945664 bytes, new threshold 6 (max threshold 6)
[15.325s][trace][gc,age         ] GC(382) Age table with threshold 6 (max threshold 6)
[15.325s][trace][gc,age         ] GC(382) - age   1:     400208 bytes,     400208 total
[15.325s][info ][gc,heap        ] GC(382) ParNew: 139895K->396K(157376K)
[15.325s][info ][gc,heap        ] GC(382) CMS: 3752K->3752K(349568K)
[15.325s][info ][gc,metaspace   ] GC(382) Metaspace: 16008K(16640K)->16008K(16640K) NonClass: 14273K(14592K)->14273K(14592K) Class: 1734K(2048K)->1734K(2048K)
[15.325s][info ][gc             ] GC(382) Pause Young (Allocation Failure) 140M->4M(495M) 0.431ms
[15.325s][info ][gc,cpu         ] GC(382) User=0.00s Sys=0.00s Real=0.00s
[15.334s][info ][gc,start       ] GC(383) Pause Young (Allocation Failure)
[15.334s][info ][gc,task        ] GC(383) Using 9 workers of 9 for evacuation
[15.335s][debug][gc,age         ] GC(383) Desired survivor size 8945664 bytes, new threshold 6 (max threshold 6)
[15.335s][trace][gc,age         ] GC(383) Age table with threshold 6 (max threshold 6)
[15.335s][trace][gc,age         ] GC(383) - age   1:        192 bytes,        192 total
[15.335s][info ][gc,heap        ] GC(383) ParNew: 140283K->6K(157376K)
[15.335s][info ][gc,heap        ] GC(383) CMS: 3752K->3752K(349568K)
[15.335s][info ][gc,metaspace   ] GC(383) Metaspace: 16008K(16640K)->16008K(16640K) NonClass: 14273K(14592K)->14273K(14592K) Class: 1734K(2048K)->1734K(2048K)
[15.335s][info ][gc             ] GC(383) Pause Young (Allocation Failure) 140M->3M(495M) 0.417ms
[15.335s][info ][gc,cpu         ] GC(383) User=0.00s Sys=0.00s Real=0.00s
[15.344s][info ][gc,start       ] GC(384) Pause Young (Allocation Failure)
[15.344s][info ][gc,task        ] GC(384) Using 9 workers of 9 for evacuation
[15.345s][debug][gc,age         ] GC(384) Desired survivor size 8945664 bytes, new threshold 6 (max threshold 6)
[15.345s][trace][gc,age         ] GC(384) Age table with threshold 6 (max threshold 6)
[15.345s][trace][gc,age         ] GC(384) - age   1:     400208 bytes,     400208 total
[15.345s][info ][gc,heap        ] GC(384) ParNew: 139892K->398K(157376K)
[15.345s][info ][gc,heap        ] GC(384) CMS: 3752K->3752K(349568K)
[15.345s][info ][gc,metaspace   ] GC(384) Metaspace: 16008K(16640K)->16008K(16640K) NonClass: 14273K(14592K)->14273K(14592K) Class: 1734K(2048K)->1734K(2048K)
[15.345s][info ][gc             ] GC(384) Pause Young (Allocation Failure) 140M->4M(495M) 0.489ms
[15.345s][info ][gc,cpu         ] GC(384) User=0.00s Sys=0.00s Real=0.00s
[15.354s][info ][gc,start       ] GC(385) Pause Young (Allocation Failure)
[15.354s][info ][gc,task        ] GC(385) Using 9 workers of 9 for evacuation
[15.355s][debug][gc,age         ] GC(385) Desired survivor size 8945664 bytes, new threshold 6 (max threshold 6)
[15.355s][trace][gc,age         ] GC(385) Age table with threshold 6 (max threshold 6)
[15.355s][trace][gc,age         ] GC(385) - age   1:        192 bytes,        192 total
[15.355s][info ][gc,heap        ] GC(385) ParNew: 140281K->8K(157376K)
[15.355s][info ][gc,heap        ] GC(385) CMS: 3752K->3752K(349568K)
[15.355s][info ][gc,metaspace   ] GC(385) Metaspace: 16008K(16640K)->16008K(16640K) NonClass: 14273K(14592K)->14273K(14592K) Class: 1734K(2048K)->1734K(2048K)
[15.355s][info ][gc             ] GC(385) Pause Young (Allocation Failure) 140M->3M(495M) 0.465ms
[15.355s][info ][gc,cpu         ] GC(385) User=0.00s Sys=0.00s Real=0.00s
[15.364s][info ][gc,start       ] GC(386) Pause Young (Allocation Failure)
[15.364s][info ][gc,task        ] GC(386) Using 9 workers of 9 for evacuation
[15.365s][debug][gc,age         ] GC(386) Desired survivor size 8945664 bytes, new threshold 6 (max threshold 6)
[15.365s][trace][gc,age         ] GC(386) Age table with threshold 6 (max threshold 6)
[15.365s][trace][gc,age         ] GC(386) - age   1:     400208 bytes,     400208 total
[15.365s][info ][gc,heap        ] GC(386) ParNew: 139889K->394K(157376K)
[15.365s][info ][gc,heap        ] GC(386) CMS: 3752K->3752K(349568K)
[15.365s][info ][gc,metaspace   ] GC(386) Metaspace: 16008K(16640K)->16008K(16640K) NonClass: 14273K(14592K)->14273K(14592K) Class: 1734K(2048K)->1734K(2048K)
[15.365s][info ][gc             ] GC(386) Pause Young (Allocation Failure) 140M->4M(495M) 0.420ms
[15.365s][info ][gc,cpu         ] GC(386) User=0.01s Sys=0.00s Real=0.00s
[15.374s][info ][gc,start       ] GC(387) Pause Young (Allocation Failure)
[15.374s][info ][gc,task        ] GC(387) Using 9 workers of 9 for evacuation
[15.374s][debug][gc,age         ] GC(387) Desired survivor size 8945664 bytes, new threshold 6 (max threshold 6)
[15.374s][trace][gc,age         ] GC(387) Age table with threshold 6 (max threshold 6)
[15.374s][trace][gc,age         ] GC(387) - age   1:        192 bytes,        192 total
[15.374s][info ][gc,heap        ] GC(387) ParNew: 140279K->8K(157376K)
[15.374s][info ][gc,heap        ] GC(387) CMS: 3752K->3752K(349568K)
[15.374s][info ][gc,metaspace   ] GC(387) Metaspace: 16008K(16640K)->16008K(16640K) NonClass: 14273K(14592K)->14273K(14592K) Class: 1734K(2048K)->1734K(2048K)
[15.374s][info ][gc             ] GC(387) Pause Young (Allocation Failure) 140M->3M(495M) 0.380ms
[15.374s][info ][gc,cpu         ] GC(387) User=0.01s Sys=0.00s Real=0.00s
[15.384s][info ][gc,start       ] GC(388) Pause Young (Allocation Failure)
[15.384s][info ][gc,task        ] GC(388) Using 9 workers of 9 for evacuation
[15.384s][debug][gc,age         ] GC(388) Desired survivor size 8945664 bytes, new threshold 6 (max threshold 6)
[15.384s][trace][gc,age         ] GC(388) Age table with threshold 6 (max threshold 6)
[15.384s][trace][gc,age         ] GC(388) - age   1:     400208 bytes,     400208 total
[15.384s][info ][gc,heap        ] GC(388) ParNew: 139888K->394K(157376K)
[15.384s][info ][gc,heap        ] GC(388) CMS: 3752K->3752K(349568K)
[15.384s][info ][gc,metaspace   ] GC(388) Metaspace: 16008K(16640K)->16008K(16640K) NonClass: 14273K(14592K)->14273K(14592K) Class: 1734K(2048K)->1734K(2048K)
[15.384s][info ][gc             ] GC(388) Pause Young (Allocation Failure) 140M->4M(495M) 0.398ms
[15.384s][info ][gc,cpu         ] GC(388) User=0.00s Sys=0.00s Real=0.00s
[15.394s][info ][gc,start       ] GC(389) Pause Young (Allocation Failure)
[15.394s][info ][gc,task        ] GC(389) Using 9 workers of 9 for evacuation
[15.394s][debug][gc,age         ] GC(389) Desired survivor size 8945664 bytes, new threshold 6 (max threshold 6)
[15.394s][trace][gc,age         ] GC(389) Age table with threshold 6 (max threshold 6)
[15.394s][trace][gc,age         ] GC(389) - age   1:        192 bytes,        192 total
[15.394s][info ][gc,heap        ] GC(389) ParNew: 140275K->6K(157376K)
[15.394s][info ][gc,heap        ] GC(389) CMS: 3752K->3752K(349568K)
[15.394s][info ][gc,metaspace   ] GC(389) Metaspace: 16008K(16640K)->16008K(16640K) NonClass: 14273K(14592K)->14273K(14592K) Class: 1734K(2048K)->1734K(2048K)
[15.394s][info ][gc             ] GC(389) Pause Young (Allocation Failure) 140M->3M(495M) 0.381ms
[15.394s][info ][gc,cpu         ] GC(389) User=0.00s Sys=0.00s Real=0.00s
[15.404s][info ][gc,start       ] GC(390) Pause Young (Allocation Failure)
[15.404s][info ][gc,task        ] GC(390) Using 9 workers of 9 for evacuation
[15.404s][debug][gc,age         ] GC(390) Desired survivor size 8945664 bytes, new threshold 6 (max threshold 6)
[15.404s][trace][gc,age         ] GC(390) Age table with threshold 6 (max threshold 6)
[15.404s][trace][gc,age         ] GC(390) - age   1:     400208 bytes,     400208 total
[15.404s][info ][gc,heap        ] GC(390) ParNew: 139886K->396K(157376K)
[15.404s][info ][gc,heap        ] GC(390) CMS: 3752K->3752K(349568K)
[15.404s][info ][gc,metaspace   ] GC(390) Metaspace: 16008K(16640K)->16008K(16640K) NonClass: 14273K(14592K)->14273K(14592K) Class: 1734K(2048K)->1734K(2048K)
[15.404s][info ][gc             ] GC(390) Pause Young (Allocation Failure) 140M->4M(495M) 0.308ms
[15.404s][info ][gc,cpu         ] GC(390) User=0.00s Sys=0.00s Real=0.00s
[15.414s][info ][gc,start       ] GC(391) Pause Young (Allocation Failure)
[15.414s][info ][gc,task        ] GC(391) Using 9 workers of 9 for evacuation
[15.414s][debug][gc,age         ] GC(391) Desired survivor size 8945664 bytes, new threshold 6 (max threshold 6)
[15.414s][trace][gc,age         ] GC(391) Age table with threshold 6 (max threshold 6)
[15.414s][trace][gc,age         ] GC(391) - age   1:        192 bytes,        192 total
[15.414s][info ][gc,heap        ] GC(391) ParNew: 140286K->6K(157376K)
[15.414s][info ][gc,heap        ] GC(391) CMS: 3752K->3752K(349568K)
[15.414s][info ][gc,metaspace   ] GC(391) Metaspace: 16008K(16640K)->16008K(16640K) NonClass: 14273K(14592K)->14273K(14592K) Class: 1734K(2048K)->1734K(2048K)
[15.414s][info ][gc             ] GC(391) Pause Young (Allocation Failure) 140M->3M(495M) 0.398ms
[15.414s][info ][gc,cpu         ] GC(391) User=0.00s Sys=0.00s Real=0.00s
[15.423s][info ][gc,start       ] GC(392) Pause Young (Allocation Failure)
[15.424s][info ][gc,task        ] GC(392) Using 9 workers of 9 for evacuation
[15.424s][debug][gc,age         ] GC(392) Desired survivor size 8945664 bytes, new threshold 6 (max threshold 6)
[15.424s][trace][gc,age         ] GC(392) Age table with threshold 6 (max threshold 6)
[15.424s][trace][gc,age         ] GC(392) - age   1:     400208 bytes,     400208 total
[15.424s][info ][gc,heap        ] GC(392) ParNew: 139894K->398K(157376K)
[15.424s][info ][gc,heap        ] GC(392) CMS: 3752K->3752K(349568K)
[15.424s][info ][gc,metaspace   ] GC(392) Metaspace: 16008K(16640K)->16008K(16640K) NonClass: 14273K(14592K)->14273K(14592K) Class: 1734K(2048K)->1734K(2048K)
[15.424s][info ][gc             ] GC(392) Pause Young (Allocation Failure) 140M->4M(495M) 0.371ms
[15.424s][info ][gc,cpu         ] GC(392) User=0.00s Sys=0.00s Real=0.00s
[15.433s][info ][gc,start       ] GC(393) Pause Young (Allocation Failure)
[15.433s][info ][gc,task        ] GC(393) Using 9 workers of 9 for evacuation
[15.434s][debug][gc,age         ] GC(393) Desired survivor size 8945664 bytes, new threshold 6 (max threshold 6)
[15.434s][trace][gc,age         ] GC(393) Age table with threshold 6 (max threshold 6)
[15.434s][trace][gc,age         ] GC(393) - age   1:        192 bytes,        192 total
[15.434s][info ][gc,heap        ] GC(393) ParNew: 140281K->6K(157376K)
[15.434s][info ][gc,heap        ] GC(393) CMS: 3752K->3752K(349568K)
[15.434s][info ][gc,metaspace   ] GC(393) Metaspace: 16008K(16640K)->16008K(16640K) NonClass: 14273K(14592K)->14273K(14592K) Class: 1734K(2048K)->1734K(2048K)
[15.434s][info ][gc             ] GC(393) Pause Young (Allocation Failure) 140M->3M(495M) 0.435ms
[15.434s][info ][gc,cpu         ] GC(393) User=0.00s Sys=0.00s Real=0.00s
[15.443s][info ][gc,start       ] GC(394) Pause Young (Allocation Failure)
[15.443s][info ][gc,task        ] GC(394) Using 9 workers of 9 for evacuation
[15.444s][debug][gc,age         ] GC(394) Desired survivor size 8945664 bytes, new threshold 6 (max threshold 6)
[15.444s][trace][gc,age         ] GC(394) Age table with threshold 6 (max threshold 6)
[15.444s][trace][gc,age         ] GC(394) - age   1:     400208 bytes,     400208 total
[15.444s][info ][gc,heap        ] GC(394) ParNew: 139888K->396K(157376K)
[15.444s][info ][gc,heap        ] GC(394) CMS: 3752K->3752K(349568K)
[15.444s][info ][gc,metaspace   ] GC(394) Metaspace: 16008K(16640K)->16008K(16640K) NonClass: 14273K(14592K)->14273K(14592K) Class: 1734K(2048K)->1734K(2048K)
[15.444s][info ][gc             ] GC(394) Pause Young (Allocation Failure) 140M->4M(495M) 0.399ms
[15.444s][info ][gc,cpu         ] GC(394) User=0.00s Sys=0.00s Real=0.00s
[15.453s][info ][gc,start       ] GC(395) Pause Young (Allocation Failure)
[15.453s][info ][gc,task        ] GC(395) Using 9 workers of 9 for evacuation
[15.454s][debug][gc,age         ] GC(395) Desired survivor size 8945664 bytes, new threshold 6 (max threshold 6)
[15.454s][trace][gc,age         ] GC(395) Age table with threshold 6 (max threshold 6)
[15.454s][trace][gc,age         ] GC(395) - age   1:        192 bytes,        192 total
[15.454s][info ][gc,heap        ] GC(395) ParNew: 140280K->6K(157376K)
[15.454s][info ][gc,heap        ] GC(395) CMS: 3752K->3752K(349568K)
[15.454s][info ][gc,metaspace   ] GC(395) Metaspace: 16008K(16640K)->16008K(16640K) NonClass: 14273K(14592K)->14273K(14592K) Class: 1734K(2048K)->1734K(2048K)
[15.454s][info ][gc             ] GC(395) Pause Young (Allocation Failure) 140M->3M(495M) 0.450ms
[15.454s][info ][gc,cpu         ] GC(395) User=0.00s Sys=0.00s Real=0.00s
[15.463s][info ][gc,start       ] GC(396) Pause Young (Allocation Failure)
[15.463s][info ][gc,task        ] GC(396) Using 9 workers of 9 for evacuation
[15.464s][debug][gc,age         ] GC(396) Desired survivor size 8945664 bytes, new threshold 6 (max threshold 6)
[15.464s][trace][gc,age         ] GC(396) Age table with threshold 6 (max threshold 6)
[15.464s][trace][gc,age         ] GC(396) - age   1:     400208 bytes,     400208 total
[15.464s][info ][gc,heap        ] GC(396) ParNew: 139896K->394K(157376K)
[15.464s][info ][gc,heap        ] GC(396) CMS: 3752K->3752K(349568K)
[15.464s][info ][gc,metaspace   ] GC(396) Metaspace: 16008K(16640K)->16008K(16640K) NonClass: 14273K(14592K)->14273K(14592K) Class: 1734K(2048K)->1734K(2048K)
[15.464s][info ][gc             ] GC(396) Pause Young (Allocation Failure) 140M->4M(495M) 0.377ms
[15.464s][info ][gc,cpu         ] GC(396) User=0.00s Sys=0.00s Real=0.00s
[15.473s][info ][gc,start       ] GC(397) Pause Young (Allocation Failure)
[15.473s][info ][gc,task        ] GC(397) Using 9 workers of 9 for evacuation
[15.474s][debug][gc,age         ] GC(397) Desired survivor size 8945664 bytes, new threshold 6 (max threshold 6)
[15.474s][trace][gc,age         ] GC(397) Age table with threshold 6 (max threshold 6)
[15.474s][trace][gc,age         ] GC(397) - age   1:        192 bytes,        192 total
[15.474s][info ][gc,heap        ] GC(397) ParNew: 140281K->4K(157376K)
[15.474s][info ][gc,heap        ] GC(397) CMS: 3752K->3752K(349568K)
[15.474s][info ][gc,metaspace   ] GC(397) Metaspace: 16008K(16640K)->16008K(16640K) NonClass: 14273K(14592K)->14273K(14592K) Class: 1734K(2048K)->1734K(2048K)
[15.474s][info ][gc             ] GC(397) Pause Young (Allocation Failure) 140M->3M(495M) 0.376ms
[15.474s][info ][gc,cpu         ] GC(397) User=0.01s Sys=0.00s Real=0.00s
[15.483s][info ][gc,start       ] GC(398) Pause Young (Allocation Failure)
[15.483s][info ][gc,task        ] GC(398) Using 9 workers of 9 for evacuation
[15.484s][debug][gc,age         ] GC(398) Desired survivor size 8945664 bytes, new threshold 6 (max threshold 6)
[15.484s][trace][gc,age         ] GC(398) Age table with threshold 6 (max threshold 6)
[15.484s][trace][gc,age         ] GC(398) - age   1:     400208 bytes,     400208 total
[15.484s][info ][gc,heap        ] GC(398) ParNew: 139888K->396K(157376K)
[15.484s][info ][gc,heap        ] GC(398) CMS: 3752K->3752K(349568K)
[15.484s][info ][gc,metaspace   ] GC(398) Metaspace: 16008K(16640K)->16008K(16640K) NonClass: 14273K(14592K)->14273K(14592K) Class: 1734K(2048K)->1734K(2048K)
[15.484s][info ][gc             ] GC(398) Pause Young (Allocation Failure) 140M->4M(495M) 0.416ms
[15.484s][info ][gc,cpu         ] GC(398) User=0.00s Sys=0.00s Real=0.00s
[15.493s][info ][gc,start       ] GC(399) Pause Young (Allocation Failure)
[15.493s][info ][gc,task        ] GC(399) Using 9 workers of 9 for evacuation
[15.494s][debug][gc,age         ] GC(399) Desired survivor size 8945664 bytes, new threshold 6 (max threshold 6)
[15.494s][trace][gc,age         ] GC(399) Age table with threshold 6 (max threshold 6)
[15.494s][trace][gc,age         ] GC(399) - age   1:        192 bytes,        192 total
[15.494s][info ][gc,heap        ] GC(399) ParNew: 140278K->4K(157376K)
[15.494s][info ][gc,heap        ] GC(399) CMS: 3752K->3752K(349568K)
[15.494s][info ][gc,metaspace   ] GC(399) Metaspace: 16008K(16640K)->16008K(16640K) NonClass: 14273K(14592K)->14273K(14592K) Class: 1734K(2048K)->1734K(2048K)
[15.494s][info ][gc             ] GC(399) Pause Young (Allocation Failure) 140M->3M(495M) 0.399ms
[15.494s][info ][gc,cpu         ] GC(399) User=0.00s Sys=0.00s Real=0.00s
[15.503s][info ][gc,start       ] GC(400) Pause Young (Allocation Failure)
[15.503s][info ][gc,task        ] GC(400) Using 9 workers of 9 for evacuation
[15.503s][debug][gc,age         ] GC(400) Desired survivor size 8945664 bytes, new threshold 6 (max threshold 6)
[15.503s][trace][gc,age         ] GC(400) Age table with threshold 6 (max threshold 6)
[15.503s][trace][gc,age         ] GC(400) - age   1:     400208 bytes,     400208 total
[15.503s][info ][gc,heap        ] GC(400) ParNew: 139885K->396K(157376K)
[15.503s][info ][gc,heap        ] GC(400) CMS: 3752K->3752K(349568K)
[15.503s][info ][gc,metaspace   ] GC(400) Metaspace: 16008K(16640K)->16008K(16640K) NonClass: 14273K(14592K)->14273K(14592K) Class: 1734K(2048K)->1734K(2048K)
[15.503s][info ][gc             ] GC(400) Pause Young (Allocation Failure) 140M->4M(495M) 0.304ms
[15.503s][info ][gc,cpu         ] GC(400) User=0.00s Sys=0.00s Real=0.00s
[15.513s][info ][gc,start       ] GC(401) Pause Young (Allocation Failure)
[15.513s][info ][gc,task        ] GC(401) Using 9 workers of 9 for evacuation
[15.513s][debug][gc,age         ] GC(401) Desired survivor size 8945664 bytes, new threshold 6 (max threshold 6)
[15.513s][trace][gc,age         ] GC(401) Age table with threshold 6 (max threshold 6)
[15.513s][trace][gc,age         ] GC(401) - age   1:     400208 bytes,     400208 total
[15.513s][info ][gc,heap        ] GC(401) ParNew: 139910K->394K(157376K)
[15.513s][info ][gc,heap        ] GC(401) CMS: 3752K->3752K(349568K)
[15.513s][info ][gc,metaspace   ] GC(401) Metaspace: 16008K(16640K)->16008K(16640K) NonClass: 14273K(14592K)->14273K(14592K) Class: 1734K(2048K)->1734K(2048K)
[15.513s][info ][gc             ] GC(401) Pause Young (Allocation Failure) 140M->4M(495M) 0.366ms
[15.513s][info ][gc,cpu         ] GC(401) User=0.00s Sys=0.00s Real=0.00s
[15.523s][info ][gc,start       ] GC(402) Pause Young (Allocation Failure)
[15.523s][info ][gc,task        ] GC(402) Using 9 workers of 9 for evacuation
[15.524s][debug][gc,age         ] GC(402) Desired survivor size 8945664 bytes, new threshold 6 (max threshold 6)
[15.524s][trace][gc,age         ] GC(402) Age table with threshold 6 (max threshold 6)
[15.524s][trace][gc,age         ] GC(402) - age   1:        192 bytes,        192 total
[15.524s][info ][gc,heap        ] GC(402) ParNew: 140265K->8K(157376K)
[15.524s][info ][gc,heap        ] GC(402) CMS: 3752K->3752K(349568K)
[15.524s][info ][gc,metaspace   ] GC(402) Metaspace: 16008K(16640K)->16008K(16640K) NonClass: 14273K(14592K)->14273K(14592K) Class: 1734K(2048K)->1734K(2048K)
[15.524s][info ][gc             ] GC(402) Pause Young (Allocation Failure) 140M->3M(495M) 0.519ms
[15.524s][info ][gc,cpu         ] GC(402) User=0.00s Sys=0.00s Real=0.00s
[15.533s][info ][gc,start       ] GC(403) Pause Young (Allocation Failure)
[15.533s][info ][gc,task        ] GC(403) Using 9 workers of 9 for evacuation
[15.534s][debug][gc,age         ] GC(403) Desired survivor size 8945664 bytes, new threshold 6 (max threshold 6)
[15.534s][trace][gc,age         ] GC(403) Age table with threshold 6 (max threshold 6)
[15.534s][trace][gc,age         ] GC(403) - age   1:     400208 bytes,     400208 total
[15.534s][info ][gc,heap        ] GC(403) ParNew: 139891K->394K(157376K)
[15.534s][info ][gc,heap        ] GC(403) CMS: 3752K->3752K(349568K)
[15.534s][info ][gc,metaspace   ] GC(403) Metaspace: 16008K(16640K)->16008K(16640K) NonClass: 14273K(14592K)->14273K(14592K) Class: 1734K(2048K)->1734K(2048K)
[15.534s][info ][gc             ] GC(403) Pause Young (Allocation Failure) 140M->4M(495M) 0.424ms
[15.534s][info ][gc,cpu         ] GC(403) User=0.00s Sys=0.00s Real=0.00s
[15.543s][info ][gc,start       ] GC(404) Pause Young (Allocation Failure)
[15.543s][info ][gc,task        ] GC(404) Using 9 workers of 9 for evacuation
[15.543s][debug][gc,age         ] GC(404) Desired survivor size 8945664 bytes, new threshold 6 (max threshold 6)
[15.543s][trace][gc,age         ] GC(404) Age table with threshold 6 (max threshold 6)
[15.543s][trace][gc,age         ] GC(404) - age   1:        192 bytes,        192 total
[15.543s][info ][gc,heap        ] GC(404) ParNew: 140277K->4K(157376K)
[15.543s][info ][gc,heap        ] GC(404) CMS: 3752K->3752K(349568K)
[15.543s][info ][gc,metaspace   ] GC(404) Metaspace: 16008K(16640K)->16008K(16640K) NonClass: 14273K(14592K)->14273K(14592K) Class: 1734K(2048K)->1734K(2048K)
[15.543s][info ][gc             ] GC(404) Pause Young (Allocation Failure) 140M->3M(495M) 0.383ms
[15.543s][info ][gc,cpu         ] GC(404) User=0.00s Sys=0.00s Real=0.00s
[15.553s][info ][gc,start       ] GC(405) Pause Young (Allocation Failure)
[15.553s][info ][gc,task        ] GC(405) Using 9 workers of 9 for evacuation
[15.553s][debug][gc,age         ] GC(405) Desired survivor size 8945664 bytes, new threshold 6 (max threshold 6)
[15.553s][trace][gc,age         ] GC(405) Age table with threshold 6 (max threshold 6)
[15.553s][trace][gc,age         ] GC(405) - age   1:     400208 bytes,     400208 total
[15.553s][info ][gc,heap        ] GC(405) ParNew: 139887K->398K(157376K)
[15.553s][info ][gc,heap        ] GC(405) CMS: 3752K->3752K(349568K)
[15.553s][info ][gc,metaspace   ] GC(405) Metaspace: 16008K(16640K)->16008K(16640K) NonClass: 14273K(14592K)->14273K(14592K) Class: 1734K(2048K)->1734K(2048K)
[15.553s][info ][gc             ] GC(405) Pause Young (Allocation Failure) 140M->4M(495M) 0.354ms
[15.553s][info ][gc,cpu         ] GC(405) User=0.01s Sys=0.00s Real=0.00s
[15.563s][info ][gc,start       ] GC(406) Pause Young (Allocation Failure)
[15.566s][info ][gc,task        ] GC(406) Using 9 workers of 9 for evacuation
[15.567s][debug][gc,age         ] GC(406) Desired survivor size 8945664 bytes, new threshold 6 (max threshold 6)
[15.570s][trace][gc,age         ] GC(406) Age table with threshold 6 (max threshold 6)
[15.570s][trace][gc,age         ] GC(406) - age   1:        192 bytes,        192 total
[15.570s][info ][gc,heap        ] GC(406) ParNew: 140295K->4K(157376K)
[15.570s][info ][gc,heap        ] GC(406) CMS: 3752K->3752K(349568K)
[15.570s][info ][gc,metaspace   ] GC(406) Metaspace: 16008K(16640K)->16008K(16640K) NonClass: 14273K(14592K)->14273K(14592K) Class: 1734K(2048K)->1734K(2048K)
[15.570s][info ][gc             ] GC(406) Pause Young (Allocation Failure) 140M->3M(495M) 7.306ms
[15.570s][info ][gc,cpu         ] GC(406) User=0.01s Sys=0.00s Real=0.01s
[15.580s][info ][gc,start       ] GC(407) Pause Young (Allocation Failure)
[15.580s][info ][gc,task        ] GC(407) Using 9 workers of 9 for evacuation
[15.581s][debug][gc,age         ] GC(407) Desired survivor size 8945664 bytes, new threshold 6 (max threshold 6)
[15.581s][trace][gc,age         ] GC(407) Age table with threshold 6 (max threshold 6)
[15.581s][trace][gc,age         ] GC(407) - age   1:     400208 bytes,     400208 total
[15.581s][info ][gc,heap        ] GC(407) ParNew: 139884K->396K(157376K)
[15.581s][info ][gc,heap        ] GC(407) CMS: 3752K->3752K(349568K)
[15.581s][info ][gc,metaspace   ] GC(407) Metaspace: 16008K(16640K)->16008K(16640K) NonClass: 14273K(14592K)->14273K(14592K) Class: 1734K(2048K)->1734K(2048K)
[15.581s][info ][gc             ] GC(407) Pause Young (Allocation Failure) 140M->4M(495M) 0.477ms
[15.581s][info ][gc,cpu         ] GC(407) User=0.00s Sys=0.00s Real=0.00s
[15.591s][info ][gc,start       ] GC(408) Pause Young (Allocation Failure)
[15.591s][info ][gc,task        ] GC(408) Using 9 workers of 9 for evacuation
[15.591s][debug][gc,age         ] GC(408) Desired survivor size 8945664 bytes, new threshold 6 (max threshold 6)
[15.591s][trace][gc,age         ] GC(408) Age table with threshold 6 (max threshold 6)
[15.591s][trace][gc,age         ] GC(408) - age   1:        192 bytes,        192 total
[15.591s][info ][gc,heap        ] GC(408) ParNew: 140251K->6K(157376K)
[15.591s][info ][gc,heap        ] GC(408) CMS: 3752K->3752K(349568K)
[15.591s][info ][gc,metaspace   ] GC(408) Metaspace: 16008K(16640K)->16008K(16640K) NonClass: 14273K(14592K)->14273K(14592K) Class: 1734K(2048K)->1734K(2048K)
[15.591s][info ][gc             ] GC(408) Pause Young (Allocation Failure) 140M->3M(495M) 0.437ms
[15.591s][info ][gc,cpu         ] GC(408) User=0.00s Sys=0.00s Real=0.00s
[15.601s][info ][gc,start       ] GC(409) Pause Young (Allocation Failure)
[15.601s][info ][gc,task        ] GC(409) Using 9 workers of 9 for evacuation
[15.601s][debug][gc,age         ] GC(409) Desired survivor size 8945664 bytes, new threshold 6 (max threshold 6)
[15.601s][trace][gc,age         ] GC(409) Age table with threshold 6 (max threshold 6)
[15.601s][trace][gc,age         ] GC(409) - age   1:     400208 bytes,     400208 total
[15.601s][info ][gc,heap        ] GC(409) ParNew: 139886K->398K(157376K)
[15.601s][info ][gc,heap        ] GC(409) CMS: 3752K->3752K(349568K)
[15.601s][info ][gc,metaspace   ] GC(409) Metaspace: 16008K(16640K)->16008K(16640K) NonClass: 14273K(14592K)->14273K(14592K) Class: 1734K(2048K)->1734K(2048K)
[15.601s][info ][gc             ] GC(409) Pause Young (Allocation Failure) 140M->4M(495M) 0.456ms
[15.601s][info ][gc,cpu         ] GC(409) User=0.00s Sys=0.00s Real=0.00s
[15.611s][info ][gc,start       ] GC(410) Pause Young (Allocation Failure)
[15.611s][info ][gc,task        ] GC(410) Using 9 workers of 9 for evacuation
[15.612s][debug][gc,age         ] GC(410) Desired survivor size 8945664 bytes, new threshold 6 (max threshold 6)
[15.612s][trace][gc,age         ] GC(410) Age table with threshold 6 (max threshold 6)
[15.612s][trace][gc,age         ] GC(410) - age   1:        192 bytes,        192 total
[15.612s][info ][gc,heap        ] GC(410) ParNew: 140286K->8K(157376K)
[15.612s][info ][gc,heap        ] GC(410) CMS: 3752K->3752K(349568K)
[15.612s][info ][gc,metaspace   ] GC(410) Metaspace: 16008K(16640K)->16008K(16640K) NonClass: 14273K(14592K)->14273K(14592K) Class: 1734K(2048K)->1734K(2048K)
[15.612s][info ][gc             ] GC(410) Pause Young (Allocation Failure) 140M->3M(495M) 0.400ms
[15.612s][info ][gc,cpu         ] GC(410) User=0.01s Sys=0.01s Real=0.00s
[15.621s][info ][gc,start       ] GC(411) Pause Young (Allocation Failure)
[15.621s][info ][gc,task        ] GC(411) Using 9 workers of 9 for evacuation
[15.622s][debug][gc,age         ] GC(411) Desired survivor size 8945664 bytes, new threshold 6 (max threshold 6)
[15.622s][trace][gc,age         ] GC(411) Age table with threshold 6 (max threshold 6)
[15.622s][trace][gc,age         ] GC(411) - age   1:     400208 bytes,     400208 total
[15.622s][info ][gc,heap        ] GC(411) ParNew: 139893K->394K(157376K)
[15.622s][info ][gc,heap        ] GC(411) CMS: 3752K->3752K(349568K)
[15.622s][info ][gc,metaspace   ] GC(411) Metaspace: 16008K(16640K)->16008K(16640K) NonClass: 14273K(14592K)->14273K(14592K) Class: 1734K(2048K)->1734K(2048K)
[15.622s][info ][gc             ] GC(411) Pause Young (Allocation Failure) 140M->4M(495M) 0.362ms
[15.622s][info ][gc,cpu         ] GC(411) User=0.01s Sys=0.00s Real=0.00s
[15.631s][info ][gc,start       ] GC(412) Pause Young (Allocation Failure)
[15.631s][info ][gc,task        ] GC(412) Using 9 workers of 9 for evacuation
[15.631s][debug][gc,age         ] GC(412) Desired survivor size 8945664 bytes, new threshold 6 (max threshold 6)
[15.632s][trace][gc,age         ] GC(412) Age table with threshold 6 (max threshold 6)
[15.632s][trace][gc,age         ] GC(412) - age   1:        192 bytes,        192 total
[15.632s][info ][gc,heap        ] GC(412) ParNew: 140277K->8K(157376K)
[15.632s][info ][gc,heap        ] GC(412) CMS: 3752K->3752K(349568K)
[15.632s][info ][gc,metaspace   ] GC(412) Metaspace: 16008K(16640K)->16008K(16640K) NonClass: 14273K(14592K)->14273K(14592K) Class: 1734K(2048K)->1734K(2048K)
[15.632s][info ][gc             ] GC(412) Pause Young (Allocation Failure) 140M->3M(495M) 0.401ms
[15.632s][info ][gc,cpu         ] GC(412) User=0.00s Sys=0.00s Real=0.00s
[15.641s][info ][gc,start       ] GC(413) Pause Young (Allocation Failure)
[15.641s][info ][gc,task        ] GC(413) Using 9 workers of 9 for evacuation
[15.641s][debug][gc,age         ] GC(413) Desired survivor size 8945664 bytes, new threshold 6 (max threshold 6)
[15.641s][trace][gc,age         ] GC(413) Age table with threshold 6 (max threshold 6)
[15.641s][trace][gc,age         ] GC(413) - age   1:     400208 bytes,     400208 total
[15.641s][info ][gc,heap        ] GC(413) ParNew: 139889K->394K(157376K)
[15.641s][info ][gc,heap        ] GC(413) CMS: 3752K->3752K(349568K)
[15.641s][info ][gc,metaspace   ] GC(413) Metaspace: 16008K(16640K)->16008K(16640K) NonClass: 14273K(14592K)->14273K(14592K) Class: 1734K(2048K)->1734K(2048K)
[15.641s][info ][gc             ] GC(413) Pause Young (Allocation Failure) 140M->4M(495M) 0.354ms
[15.641s][info ][gc,cpu         ] GC(413) User=0.00s Sys=0.00s Real=0.00s
[15.651s][info ][gc,start       ] GC(414) Pause Young (Allocation Failure)
[15.651s][info ][gc,task        ] GC(414) Using 9 workers of 9 for evacuation
[15.651s][debug][gc,age         ] GC(414) Desired survivor size 8945664 bytes, new threshold 6 (max threshold 6)
[15.651s][trace][gc,age         ] GC(414) Age table with threshold 6 (max threshold 6)
[15.651s][trace][gc,age         ] GC(414) - age   1:        192 bytes,        192 total
[15.651s][info ][gc,heap        ] GC(414) ParNew: 140289K->8K(157376K)
[15.651s][info ][gc,heap        ] GC(414) CMS: 3752K->3752K(349568K)
[15.651s][info ][gc,metaspace   ] GC(414) Metaspace: 16008K(16640K)->16008K(16640K) NonClass: 14273K(14592K)->14273K(14592K) Class: 1734K(2048K)->1734K(2048K)
[15.651s][info ][gc             ] GC(414) Pause Young (Allocation Failure) 140M->3M(495M) 0.394ms
[15.651s][info ][gc,cpu         ] GC(414) User=0.00s Sys=0.00s Real=0.00s
[15.661s][info ][gc,start       ] GC(415) Pause Young (Allocation Failure)
[15.661s][info ][gc,task        ] GC(415) Using 9 workers of 9 for evacuation
[15.661s][debug][gc,age         ] GC(415) Desired survivor size 8945664 bytes, new threshold 6 (max threshold 6)
[15.661s][trace][gc,age         ] GC(415) Age table with threshold 6 (max threshold 6)
[15.661s][trace][gc,age         ] GC(415) - age   1:     400208 bytes,     400208 total
[15.661s][info ][gc,heap        ] GC(415) ParNew: 139886K->396K(157376K)
[15.661s][info ][gc,heap        ] GC(415) CMS: 3752K->3752K(349568K)
[15.661s][info ][gc,metaspace   ] GC(415) Metaspace: 16008K(16640K)->16008K(16640K) NonClass: 14273K(14592K)->14273K(14592K) Class: 1734K(2048K)->1734K(2048K)
[15.661s][info ][gc             ] GC(415) Pause Young (Allocation Failure) 140M->4M(495M) 0.453ms
[15.661s][info ][gc,cpu         ] GC(415) User=0.00s Sys=0.00s Real=0.00s
[15.671s][info ][gc,start       ] GC(416) Pause Young (Allocation Failure)
[15.671s][info ][gc,task        ] GC(416) Using 9 workers of 9 for evacuation
[15.671s][debug][gc,age         ] GC(416) Desired survivor size 8945664 bytes, new threshold 6 (max threshold 6)
[15.671s][trace][gc,age         ] GC(416) Age table with threshold 6 (max threshold 6)
[15.671s][trace][gc,age         ] GC(416) - age   1:        192 bytes,        192 total
[15.671s][info ][gc,heap        ] GC(416) ParNew: 140279K->6K(157376K)
[15.671s][info ][gc,heap        ] GC(416) CMS: 3752K->3752K(349568K)
[15.671s][info ][gc,metaspace   ] GC(416) Metaspace: 16008K(16640K)->16008K(16640K) NonClass: 14273K(14592K)->14273K(14592K) Class: 1734K(2048K)->1734K(2048K)
[15.671s][info ][gc             ] GC(416) Pause Young (Allocation Failure) 140M->3M(495M) 0.450ms
[15.671s][info ][gc,cpu         ] GC(416) User=0.00s Sys=0.00s Real=0.00s
[15.681s][info ][gc,start       ] GC(417) Pause Young (Allocation Failure)
[15.681s][info ][gc,task        ] GC(417) Using 9 workers of 9 for evacuation
[15.681s][debug][gc,age         ] GC(417) Desired survivor size 8945664 bytes, new threshold 6 (max threshold 6)
[15.681s][trace][gc,age         ] GC(417) Age table with threshold 6 (max threshold 6)
[15.681s][trace][gc,age         ] GC(417) - age   1:     400208 bytes,     400208 total
[15.681s][info ][gc,heap        ] GC(417) ParNew: 139892K->394K(157376K)
[15.681s][info ][gc,heap        ] GC(417) CMS: 3752K->3752K(349568K)
[15.681s][info ][gc,metaspace   ] GC(417) Metaspace: 16008K(16640K)->16008K(16640K) NonClass: 14273K(14592K)->14273K(14592K) Class: 1734K(2048K)->1734K(2048K)
[15.681s][info ][gc             ] GC(417) Pause Young (Allocation Failure) 140M->4M(495M) 0.404ms
[15.681s][info ][gc,cpu         ] GC(417) User=0.00s Sys=0.00s Real=0.00s
[15.691s][info ][gc,start       ] GC(418) Pause Young (Allocation Failure)
[15.691s][info ][gc,task        ] GC(418) Using 9 workers of 9 for evacuation
[15.691s][debug][gc,age         ] GC(418) Desired survivor size 8945664 bytes, new threshold 6 (max threshold 6)
[15.691s][trace][gc,age         ] GC(418) Age table with threshold 6 (max threshold 6)
[15.691s][trace][gc,age         ] GC(418) - age   1:        192 bytes,        192 total
[15.691s][info ][gc,heap        ] GC(418) ParNew: 140279K->6K(157376K)
[15.691s][info ][gc,heap        ] GC(418) CMS: 3752K->3752K(349568K)
[15.691s][info ][gc,metaspace   ] GC(418) Metaspace: 16008K(16640K)->16008K(16640K) NonClass: 14273K(14592K)->14273K(14592K) Class: 1734K(2048K)->1734K(2048K)
[15.691s][info ][gc             ] GC(418) Pause Young (Allocation Failure) 140M->3M(495M) 0.418ms
[15.691s][info ][gc,cpu         ] GC(418) User=0.00s Sys=0.00s Real=0.00s
[15.701s][info ][gc,start       ] GC(419) Pause Young (Allocation Failure)
[15.701s][info ][gc,task        ] GC(419) Using 9 workers of 9 for evacuation
[15.701s][debug][gc,age         ] GC(419) Desired survivor size 8945664 bytes, new threshold 6 (max threshold 6)
[15.701s][trace][gc,age         ] GC(419) Age table with threshold 6 (max threshold 6)
[15.701s][trace][gc,age         ] GC(419) - age   1:     400208 bytes,     400208 total
[15.701s][info ][gc,heap        ] GC(419) ParNew: 139891K->396K(157376K)
[15.701s][info ][gc,heap        ] GC(419) CMS: 3752K->3752K(349568K)
[15.701s][info ][gc,metaspace   ] GC(419) Metaspace: 16008K(16640K)->16008K(16640K) NonClass: 14273K(14592K)->14273K(14592K) Class: 1734K(2048K)->1734K(2048K)
[15.701s][info ][gc             ] GC(419) Pause Young (Allocation Failure) 140M->4M(495M) 0.440ms
[15.701s][info ][gc,cpu         ] GC(419) User=0.01s Sys=0.00s Real=0.00s
[15.711s][info ][gc,start       ] GC(420) Pause Young (Allocation Failure)
[15.711s][info ][gc,task        ] GC(420) Using 9 workers of 9 for evacuation
[15.711s][debug][gc,age         ] GC(420) Desired survivor size 8945664 bytes, new threshold 6 (max threshold 6)
[15.711s][trace][gc,age         ] GC(420) Age table with threshold 6 (max threshold 6)
[15.711s][trace][gc,age         ] GC(420) - age   1:        192 bytes,        192 total
[15.711s][info ][gc,heap        ] GC(420) ParNew: 140277K->6K(157376K)
[15.711s][info ][gc,heap        ] GC(420) CMS: 3752K->3752K(349568K)
[15.711s][info ][gc,metaspace   ] GC(420) Metaspace: 16008K(16640K)->16008K(16640K) NonClass: 14273K(14592K)->14273K(14592K) Class: 1734K(2048K)->1734K(2048K)
[15.711s][info ][gc             ] GC(420) Pause Young (Allocation Failure) 140M->3M(495M) 0.426ms
[15.711s][info ][gc,cpu         ] GC(420) User=0.01s Sys=0.00s Real=0.00s
[15.721s][info ][gc,start       ] GC(421) Pause Young (Allocation Failure)
[15.721s][info ][gc,task        ] GC(421) Using 9 workers of 9 for evacuation
[15.721s][debug][gc,age         ] GC(421) Desired survivor size 8945664 bytes, new threshold 6 (max threshold 6)
[15.721s][trace][gc,age         ] GC(421) Age table with threshold 6 (max threshold 6)
[15.721s][trace][gc,age         ] GC(421) - age   1:     400208 bytes,     400208 total
[15.721s][info ][gc,heap        ] GC(421) ParNew: 139899K->394K(157376K)
[15.721s][info ][gc,heap        ] GC(421) CMS: 3752K->3752K(349568K)
[15.721s][info ][gc,metaspace   ] GC(421) Metaspace: 16008K(16640K)->16008K(16640K) NonClass: 14273K(14592K)->14273K(14592K) Class: 1734K(2048K)->1734K(2048K)
[15.721s][info ][gc             ] GC(421) Pause Young (Allocation Failure) 140M->4M(495M) 0.341ms
[15.721s][info ][gc,cpu         ] GC(421) User=0.00s Sys=0.00s Real=0.00s
[15.731s][info ][gc,start       ] GC(422) Pause Young (Allocation Failure)
[15.731s][info ][gc,task        ] GC(422) Using 9 workers of 9 for evacuation
[15.731s][debug][gc,age         ] GC(422) Desired survivor size 8945664 bytes, new threshold 6 (max threshold 6)
[15.731s][trace][gc,age         ] GC(422) Age table with threshold 6 (max threshold 6)
[15.731s][trace][gc,age         ] GC(422) - age   1:        192 bytes,        192 total
[15.731s][info ][gc,heap        ] GC(422) ParNew: 140286K->6K(157376K)
[15.731s][info ][gc,heap        ] GC(422) CMS: 3752K->3752K(349568K)
[15.731s][info ][gc,metaspace   ] GC(422) Metaspace: 16008K(16640K)->16008K(16640K) NonClass: 14273K(14592K)->14273K(14592K) Class: 1734K(2048K)->1734K(2048K)
[15.731s][info ][gc             ] GC(422) Pause Young (Allocation Failure) 140M->3M(495M) 0.450ms
[15.731s][info ][gc,cpu         ] GC(422) User=0.00s Sys=0.00s Real=0.00s
[15.741s][info ][gc,start       ] GC(423) Pause Young (Allocation Failure)
[15.741s][info ][gc,task        ] GC(423) Using 9 workers of 9 for evacuation
[15.741s][debug][gc,age         ] GC(423) Desired survivor size 8945664 bytes, new threshold 6 (max threshold 6)
[15.741s][trace][gc,age         ] GC(423) Age table with threshold 6 (max threshold 6)
[15.741s][trace][gc,age         ] GC(423) - age   1:     400208 bytes,     400208 total
[15.741s][info ][gc,heap        ] GC(423) ParNew: 139887K->394K(157376K)
[15.741s][info ][gc,heap        ] GC(423) CMS: 3752K->3752K(349568K)
[15.741s][info ][gc,metaspace   ] GC(423) Metaspace: 16008K(16640K)->16008K(16640K) NonClass: 14273K(14592K)->14273K(14592K) Class: 1734K(2048K)->1734K(2048K)
[15.741s][info ][gc             ] GC(423) Pause Young (Allocation Failure) 140M->4M(495M) 0.376ms
[15.741s][info ][gc,cpu         ] GC(423) User=0.00s Sys=0.00s Real=0.00s
[15.751s][info ][gc,start       ] GC(424) Pause Young (Allocation Failure)
[15.751s][info ][gc,task        ] GC(424) Using 9 workers of 9 for evacuation
[15.751s][debug][gc,age         ] GC(424) Desired survivor size 8945664 bytes, new threshold 6 (max threshold 6)
[15.751s][trace][gc,age         ] GC(424) Age table with threshold 6 (max threshold 6)
[15.751s][trace][gc,age         ] GC(424) - age   1:        192 bytes,        192 total
[15.751s][info ][gc,heap        ] GC(424) ParNew: 140275K->8K(157376K)
[15.751s][info ][gc,heap        ] GC(424) CMS: 3752K->3752K(349568K)
[15.751s][info ][gc,metaspace   ] GC(424) Metaspace: 16008K(16640K)->16008K(16640K) NonClass: 14273K(14592K)->14273K(14592K) Class: 1734K(2048K)->1734K(2048K)
[15.751s][info ][gc             ] GC(424) Pause Young (Allocation Failure) 140M->3M(495M) 0.464ms
[15.751s][info ][gc,cpu         ] GC(424) User=0.00s Sys=0.00s Real=0.00s
[15.760s][info ][gc,start       ] GC(425) Pause Young (Allocation Failure)
[15.761s][info ][gc,task        ] GC(425) Using 9 workers of 9 for evacuation
[15.761s][debug][gc,age         ] GC(425) Desired survivor size 8945664 bytes, new threshold 6 (max threshold 6)
[15.761s][trace][gc,age         ] GC(425) Age table with threshold 6 (max threshold 6)
[15.761s][trace][gc,age         ] GC(425) - age   1:     400208 bytes,     400208 total
[15.761s][info ][gc,heap        ] GC(425) ParNew: 139888K->396K(157376K)
[15.761s][info ][gc,heap        ] GC(425) CMS: 3752K->3752K(349568K)
[15.761s][info ][gc,metaspace   ] GC(425) Metaspace: 16008K(16640K)->16008K(16640K) NonClass: 14273K(14592K)->14273K(14592K) Class: 1734K(2048K)->1734K(2048K)
[15.761s][info ][gc             ] GC(425) Pause Young (Allocation Failure) 140M->4M(495M) 0.411ms
[15.761s][info ][gc,cpu         ] GC(425) User=0.00s Sys=0.00s Real=0.00s
[15.770s][info ][gc,start       ] GC(426) Pause Young (Allocation Failure)
[15.770s][info ][gc,task        ] GC(426) Using 9 workers of 9 for evacuation
[15.771s][debug][gc,age         ] GC(426) Desired survivor size 8945664 bytes, new threshold 6 (max threshold 6)
[15.771s][trace][gc,age         ] GC(426) Age table with threshold 6 (max threshold 6)
[15.771s][trace][gc,age         ] GC(426) - age   1:        192 bytes,        192 total
[15.771s][info ][gc,heap        ] GC(426) ParNew: 140290K->6K(157376K)
[15.771s][info ][gc,heap        ] GC(426) CMS: 3752K->3752K(349568K)
[15.771s][info ][gc,metaspace   ] GC(426) Metaspace: 16008K(16640K)->16008K(16640K) NonClass: 14273K(14592K)->14273K(14592K) Class: 1734K(2048K)->1734K(2048K)
[15.771s][info ][gc             ] GC(426) Pause Young (Allocation Failure) 140M->3M(495M) 0.359ms
[15.771s][info ][gc,cpu         ] GC(426) User=0.00s Sys=0.00s Real=0.00s
[15.780s][info ][gc,start       ] GC(427) Pause Young (Allocation Failure)
[15.780s][info ][gc,task        ] GC(427) Using 9 workers of 9 for evacuation
[15.781s][debug][gc,age         ] GC(427) Desired survivor size 8945664 bytes, new threshold 6 (max threshold 6)
[15.781s][trace][gc,age         ] GC(427) Age table with threshold 6 (max threshold 6)
[15.781s][trace][gc,age         ] GC(427) - age   1:     400208 bytes,     400208 total
[15.781s][info ][gc,heap        ] GC(427) ParNew: 139895K->396K(157376K)
[15.781s][info ][gc,heap        ] GC(427) CMS: 3752K->3752K(349568K)
[15.781s][info ][gc,metaspace   ] GC(427) Metaspace: 16008K(16640K)->16008K(16640K) NonClass: 14273K(14592K)->14273K(14592K) Class: 1734K(2048K)->1734K(2048K)
[15.781s][info ][gc             ] GC(427) Pause Young (Allocation Failure) 140M->4M(495M) 0.445ms
[15.781s][info ][gc,cpu         ] GC(427) User=0.00s Sys=0.00s Real=0.00s
[15.790s][info ][gc,start       ] GC(428) Pause Young (Allocation Failure)
[15.790s][info ][gc,task        ] GC(428) Using 9 workers of 9 for evacuation
[15.791s][debug][gc,age         ] GC(428) Desired survivor size 8945664 bytes, new threshold 6 (max threshold 6)
[15.791s][trace][gc,age         ] GC(428) Age table with threshold 6 (max threshold 6)
[15.791s][trace][gc,age         ] GC(428) - age   1:        192 bytes,        192 total
[15.791s][info ][gc,heap        ] GC(428) ParNew: 140279K->4K(157376K)
[15.791s][info ][gc,heap        ] GC(428) CMS: 3752K->3752K(349568K)
[15.791s][info ][gc,metaspace   ] GC(428) Metaspace: 16008K(16640K)->16008K(16640K) NonClass: 14273K(14592K)->14273K(14592K) Class: 1734K(2048K)->1734K(2048K)
[15.791s][info ][gc             ] GC(428) Pause Young (Allocation Failure) 140M->3M(495M) 0.375ms
[15.791s][info ][gc,cpu         ] GC(428) User=0.01s Sys=0.00s Real=0.00s
[15.800s][info ][gc,start       ] GC(429) Pause Young (Allocation Failure)
[15.800s][info ][gc,task        ] GC(429) Using 9 workers of 9 for evacuation
[15.801s][debug][gc,age         ] GC(429) Desired survivor size 8945664 bytes, new threshold 6 (max threshold 6)
[15.801s][trace][gc,age         ] GC(429) Age table with threshold 6 (max threshold 6)
[15.801s][trace][gc,age         ] GC(429) - age   1:     400208 bytes,     400208 total
[15.801s][info ][gc,heap        ] GC(429) ParNew: 139884K->396K(157376K)
[15.801s][info ][gc,heap        ] GC(429) CMS: 3752K->3752K(349568K)
[15.801s][info ][gc,metaspace   ] GC(429) Metaspace: 16008K(16640K)->16008K(16640K) NonClass: 14273K(14592K)->14273K(14592K) Class: 1734K(2048K)->1734K(2048K)
[15.801s][info ][gc             ] GC(429) Pause Young (Allocation Failure) 140M->4M(495M) 0.396ms
[15.801s][info ][gc,cpu         ] GC(429) User=0.01s Sys=0.00s Real=0.00s
[15.810s][info ][gc,start       ] GC(430) Pause Young (Allocation Failure)
[15.810s][info ][gc,task        ] GC(430) Using 9 workers of 9 for evacuation
[15.810s][debug][gc,age         ] GC(430) Desired survivor size 8945664 bytes, new threshold 6 (max threshold 6)
[15.810s][trace][gc,age         ] GC(430) Age table with threshold 6 (max threshold 6)
[15.810s][trace][gc,age         ] GC(430) - age   1:        192 bytes,        192 total
[15.811s][info ][gc,heap        ] GC(430) ParNew: 140278K->6K(157376K)
[15.811s][info ][gc,heap        ] GC(430) CMS: 3752K->3752K(349568K)
[15.811s][info ][gc,metaspace   ] GC(430) Metaspace: 16008K(16640K)->16008K(16640K) NonClass: 14273K(14592K)->14273K(14592K) Class: 1734K(2048K)->1734K(2048K)
[15.811s][info ][gc             ] GC(430) Pause Young (Allocation Failure) 140M->3M(495M) 0.438ms
[15.811s][info ][gc,cpu         ] GC(430) User=0.01s Sys=0.00s Real=0.00s
[15.820s][info ][gc,start       ] GC(431) Pause Young (Allocation Failure)
[15.820s][info ][gc,task        ] GC(431) Using 9 workers of 9 for evacuation
[15.820s][debug][gc,age         ] GC(431) Desired survivor size 8945664 bytes, new threshold 6 (max threshold 6)
[15.820s][trace][gc,age         ] GC(431) Age table with threshold 6 (max threshold 6)
[15.820s][trace][gc,age         ] GC(431) - age   1:     400208 bytes,     400208 total
[15.820s][info ][gc,heap        ] GC(431) ParNew: 139889K->396K(157376K)
[15.820s][info ][gc,heap        ] GC(431) CMS: 3752K->3752K(349568K)
[15.820s][info ][gc,metaspace   ] GC(431) Metaspace: 16008K(16640K)->16008K(16640K) NonClass: 14273K(14592K)->14273K(14592K) Class: 1734K(2048K)->1734K(2048K)
[15.820s][info ][gc             ] GC(431) Pause Young (Allocation Failure) 140M->4M(495M) 0.389ms
[15.820s][info ][gc,cpu         ] GC(431) User=0.00s Sys=0.00s Real=0.00s
[15.830s][info ][gc,start       ] GC(432) Pause Young (Allocation Failure)
[15.830s][info ][gc,task        ] GC(432) Using 9 workers of 9 for evacuation
[15.830s][debug][gc,age         ] GC(432) Desired survivor size 8945664 bytes, new threshold 6 (max threshold 6)
[15.830s][trace][gc,age         ] GC(432) Age table with threshold 6 (max threshold 6)
[15.830s][trace][gc,age         ] GC(432) - age   1:        192 bytes,        192 total
[15.830s][info ][gc,heap        ] GC(432) ParNew: 140279K->6K(157376K)
[15.830s][info ][gc,heap        ] GC(432) CMS: 3752K->3752K(349568K)
[15.830s][info ][gc,metaspace   ] GC(432) Metaspace: 16008K(16640K)->16008K(16640K) NonClass: 14273K(14592K)->14273K(14592K) Class: 1734K(2048K)->1734K(2048K)
[15.830s][info ][gc             ] GC(432) Pause Young (Allocation Failure) 140M->3M(495M) 0.461ms
[15.830s][info ][gc,cpu         ] GC(432) User=0.00s Sys=0.00s Real=0.00s
[15.840s][info ][gc,start       ] GC(433) Pause Young (Allocation Failure)
[15.840s][info ][gc,task        ] GC(433) Using 9 workers of 9 for evacuation
[15.840s][debug][gc,age         ] GC(433) Desired survivor size 8945664 bytes, new threshold 6 (max threshold 6)
[15.840s][trace][gc,age         ] GC(433) Age table with threshold 6 (max threshold 6)
[15.840s][trace][gc,age         ] GC(433) - age   1:     400208 bytes,     400208 total
[15.840s][info ][gc,heap        ] GC(433) ParNew: 139897K->396K(157376K)
[15.840s][info ][gc,heap        ] GC(433) CMS: 3752K->3752K(349568K)
[15.840s][info ][gc,metaspace   ] GC(433) Metaspace: 16008K(16640K)->16008K(16640K) NonClass: 14273K(14592K)->14273K(14592K) Class: 1734K(2048K)->1734K(2048K)
[15.840s][info ][gc             ] GC(433) Pause Young (Allocation Failure) 140M->4M(495M) 0.392ms
[15.840s][info ][gc,cpu         ] GC(433) User=0.00s Sys=0.00s Real=0.00s
[15.850s][info ][gc,start       ] GC(434) Pause Young (Allocation Failure)
[15.850s][info ][gc,task        ] GC(434) Using 9 workers of 9 for evacuation
[15.850s][debug][gc,age         ] GC(434) Desired survivor size 8945664 bytes, new threshold 6 (max threshold 6)
[15.850s][trace][gc,age         ] GC(434) Age table with threshold 6 (max threshold 6)
[15.850s][trace][gc,age         ] GC(434) - age   1:        192 bytes,        192 total
[15.850s][info ][gc,heap        ] GC(434) ParNew: 140282K->4K(157376K)
[15.850s][info ][gc,heap        ] GC(434) CMS: 3752K->3752K(349568K)
[15.850s][info ][gc,metaspace   ] GC(434) Metaspace: 16008K(16640K)->16008K(16640K) NonClass: 14273K(14592K)->14273K(14592K) Class: 1734K(2048K)->1734K(2048K)
[15.850s][info ][gc             ] GC(434) Pause Young (Allocation Failure) 140M->3M(495M) 0.463ms
[15.850s][info ][gc,cpu         ] GC(434) User=0.00s Sys=0.00s Real=0.00s
[15.860s][info ][gc,start       ] GC(435) Pause Young (Allocation Failure)
[15.860s][info ][gc,task        ] GC(435) Using 9 workers of 9 for evacuation
[15.860s][debug][gc,age         ] GC(435) Desired survivor size 8945664 bytes, new threshold 6 (max threshold 6)
[15.860s][trace][gc,age         ] GC(435) Age table with threshold 6 (max threshold 6)
[15.860s][trace][gc,age         ] GC(435) - age   1:     400208 bytes,     400208 total
[15.860s][info ][gc,heap        ] GC(435) ParNew: 139887K->396K(157376K)
[15.860s][info ][gc,heap        ] GC(435) CMS: 3752K->3752K(349568K)
[15.860s][info ][gc,metaspace   ] GC(435) Metaspace: 16008K(16640K)->16008K(16640K) NonClass: 14273K(14592K)->14273K(14592K) Class: 1734K(2048K)->1734K(2048K)
[15.860s][info ][gc             ] GC(435) Pause Young (Allocation Failure) 140M->4M(495M) 0.612ms
[15.860s][info ][gc,cpu         ] GC(435) User=0.00s Sys=0.00s Real=0.00s
[15.870s][info ][gc,start       ] GC(436) Pause Young (Allocation Failure)
[15.870s][info ][gc,task        ] GC(436) Using 9 workers of 9 for evacuation
[15.871s][debug][gc,age         ] GC(436) Desired survivor size 8945664 bytes, new threshold 6 (max threshold 6)
[15.871s][trace][gc,age         ] GC(436) Age table with threshold 6 (max threshold 6)
[15.871s][trace][gc,age         ] GC(436) - age   1:        192 bytes,        192 total
[15.871s][info ][gc,heap        ] GC(436) ParNew: 140281K->8K(157376K)
[15.871s][info ][gc,heap        ] GC(436) CMS: 3752K->3752K(349568K)
[15.871s][info ][gc,metaspace   ] GC(436) Metaspace: 16008K(16640K)->16008K(16640K) NonClass: 14273K(14592K)->14273K(14592K) Class: 1734K(2048K)->1734K(2048K)
[15.871s][info ][gc             ] GC(436) Pause Young (Allocation Failure) 140M->3M(495M) 1.640ms
[15.871s][info ][gc,cpu         ] GC(436) User=0.00s Sys=0.00s Real=0.00s
[15.881s][info ][gc,start       ] GC(437) Pause Young (Allocation Failure)
[15.881s][info ][gc,task        ] GC(437) Using 9 workers of 9 for evacuation
[15.882s][debug][gc,age         ] GC(437) Desired survivor size 8945664 bytes, new threshold 6 (max threshold 6)
[15.882s][trace][gc,age         ] GC(437) Age table with threshold 6 (max threshold 6)
[15.882s][trace][gc,age         ] GC(437) - age   1:     400208 bytes,     400208 total
[15.882s][info ][gc,heap        ] GC(437) ParNew: 139891K->398K(157376K)
[15.882s][info ][gc,heap        ] GC(437) CMS: 3752K->3752K(349568K)
[15.882s][info ][gc,metaspace   ] GC(437) Metaspace: 16008K(16640K)->16008K(16640K) NonClass: 14273K(14592K)->14273K(14592K) Class: 1734K(2048K)->1734K(2048K)
[15.882s][info ][gc             ] GC(437) Pause Young (Allocation Failure) 140M->4M(495M) 0.735ms
[15.882s][info ][gc,cpu         ] GC(437) User=0.01s Sys=0.00s Real=0.00s
[15.891s][info ][gc,start       ] GC(438) Pause Young (Allocation Failure)
[15.891s][info ][gc,task        ] GC(438) Using 9 workers of 9 for evacuation
[15.892s][debug][gc,age         ] GC(438) Desired survivor size 8945664 bytes, new threshold 6 (max threshold 6)
[15.892s][trace][gc,age         ] GC(438) Age table with threshold 6 (max threshold 6)
[15.892s][trace][gc,age         ] GC(438) - age   1:        192 bytes,        192 total
[15.892s][info ][gc,heap        ] GC(438) ParNew: 140279K->6K(157376K)
[15.892s][info ][gc,heap        ] GC(438) CMS: 3752K->3752K(349568K)
[15.892s][info ][gc,metaspace   ] GC(438) Metaspace: 16008K(16640K)->16008K(16640K) NonClass: 14273K(14592K)->14273K(14592K) Class: 1734K(2048K)->1734K(2048K)
[15.892s][info ][gc             ] GC(438) Pause Young (Allocation Failure) 140M->3M(495M) 0.490ms
[15.892s][info ][gc,cpu         ] GC(438) User=0.00s Sys=0.00s Real=0.00s
[15.901s][info ][gc,start       ] GC(439) Pause Young (Allocation Failure)
[15.901s][info ][gc,task        ] GC(439) Using 9 workers of 9 for evacuation
[15.902s][debug][gc,age         ] GC(439) Desired survivor size 8945664 bytes, new threshold 6 (max threshold 6)
[15.902s][trace][gc,age         ] GC(439) Age table with threshold 6 (max threshold 6)
[15.902s][trace][gc,age         ] GC(439) - age   1:     400208 bytes,     400208 total
[15.902s][info ][gc,heap        ] GC(439) ParNew: 139886K->396K(157376K)
[15.902s][info ][gc,heap        ] GC(439) CMS: 3752K->3752K(349568K)
[15.902s][info ][gc,metaspace   ] GC(439) Metaspace: 16008K(16640K)->16008K(16640K) NonClass: 14273K(14592K)->14273K(14592K) Class: 1734K(2048K)->1734K(2048K)
[15.902s][info ][gc             ] GC(439) Pause Young (Allocation Failure) 140M->4M(495M) 0.450ms
[15.902s][info ][gc,cpu         ] GC(439) User=0.00s Sys=0.00s Real=0.00s
[15.911s][info ][gc,start       ] GC(440) Pause Young (Allocation Failure)
[15.911s][info ][gc,task        ] GC(440) Using 9 workers of 9 for evacuation
[15.912s][debug][gc,age         ] GC(440) Desired survivor size 8945664 bytes, new threshold 6 (max threshold 6)
[15.912s][trace][gc,age         ] GC(440) Age table with threshold 6 (max threshold 6)
[15.912s][trace][gc,age         ] GC(440) - age   1:        192 bytes,        192 total
[15.912s][info ][gc,heap        ] GC(440) ParNew: 140290K->8K(157376K)
[15.912s][info ][gc,heap        ] GC(440) CMS: 3752K->3752K(349568K)
[15.912s][info ][gc,metaspace   ] GC(440) Metaspace: 16008K(16640K)->16008K(16640K) NonClass: 14273K(14592K)->14273K(14592K) Class: 1734K(2048K)->1734K(2048K)
[15.912s][info ][gc             ] GC(440) Pause Young (Allocation Failure) 140M->3M(495M) 0.393ms
[15.912s][info ][gc,cpu         ] GC(440) User=0.00s Sys=0.00s Real=0.00s
[15.921s][info ][gc,start       ] GC(441) Pause Young (Allocation Failure)
[15.921s][info ][gc,task        ] GC(441) Using 9 workers of 9 for evacuation
[15.921s][debug][gc,age         ] GC(441) Desired survivor size 8945664 bytes, new threshold 6 (max threshold 6)
[15.921s][trace][gc,age         ] GC(441) Age table with threshold 6 (max threshold 6)
[15.921s][trace][gc,age         ] GC(441) - age   1:     400208 bytes,     400208 total
[15.921s][info ][gc,heap        ] GC(441) ParNew: 139899K->394K(157376K)
[15.921s][info ][gc,heap        ] GC(441) CMS: 3752K->3752K(349568K)
[15.921s][info ][gc,metaspace   ] GC(441) Metaspace: 16008K(16640K)->16008K(16640K) NonClass: 14273K(14592K)->14273K(14592K) Class: 1734K(2048K)->1734K(2048K)
[15.921s][info ][gc             ] GC(441) Pause Young (Allocation Failure) 140M->4M(495M) 0.365ms
[15.921s][info ][gc,cpu         ] GC(441) User=0.00s Sys=0.00s Real=0.00s
[15.931s][info ][gc,start       ] GC(442) Pause Young (Allocation Failure)
[15.931s][info ][gc,task        ] GC(442) Using 9 workers of 9 for evacuation
[15.931s][debug][gc,age         ] GC(442) Desired survivor size 8945664 bytes, new threshold 6 (max threshold 6)
[15.931s][trace][gc,age         ] GC(442) Age table with threshold 6 (max threshold 6)
[15.931s][trace][gc,age         ] GC(442) - age   1:        192 bytes,        192 total
[15.931s][info ][gc,heap        ] GC(442) ParNew: 140278K->6K(157376K)
[15.931s][info ][gc,heap        ] GC(442) CMS: 3752K->3752K(349568K)
[15.931s][info ][gc,metaspace   ] GC(442) Metaspace: 16008K(16640K)->16008K(16640K) NonClass: 14273K(14592K)->14273K(14592K) Class: 1734K(2048K)->1734K(2048K)
[15.931s][info ][gc             ] GC(442) Pause Young (Allocation Failure) 140M->3M(495M) 0.461ms
[15.931s][info ][gc,cpu         ] GC(442) User=0.00s Sys=0.00s Real=0.00s
[15.941s][info ][gc,start       ] GC(443) Pause Young (Allocation Failure)
[15.941s][info ][gc,task        ] GC(443) Using 9 workers of 9 for evacuation
[15.941s][debug][gc,age         ] GC(443) Desired survivor size 8945664 bytes, new threshold 6 (max threshold 6)
[15.941s][trace][gc,age         ] GC(443) Age table with threshold 6 (max threshold 6)
[15.941s][trace][gc,age         ] GC(443) - age   1:     400208 bytes,     400208 total
[15.941s][info ][gc,heap        ] GC(443) ParNew: 139888K->396K(157376K)
[15.941s][info ][gc,heap        ] GC(443) CMS: 3752K->3752K(349568K)
[15.941s][info ][gc,metaspace   ] GC(443) Metaspace: 16008K(16640K)->16008K(16640K) NonClass: 14273K(14592K)->14273K(14592K) Class: 1734K(2048K)->1734K(2048K)
[15.941s][info ][gc             ] GC(443) Pause Young (Allocation Failure) 140M->4M(495M) 0.338ms
[15.941s][info ][gc,cpu         ] GC(443) User=0.00s Sys=0.01s Real=0.00s
[15.951s][info ][gc,start       ] GC(444) Pause Young (Allocation Failure)
[15.951s][info ][gc,task        ] GC(444) Using 9 workers of 9 for evacuation
[15.951s][debug][gc,age         ] GC(444) Desired survivor size 8945664 bytes, new threshold 6 (max threshold 6)
[15.951s][trace][gc,age         ] GC(444) Age table with threshold 6 (max threshold 6)
[15.951s][trace][gc,age         ] GC(444) - age   1:        192 bytes,        192 total
[15.951s][info ][gc,heap        ] GC(444) ParNew: 140280K->6K(157376K)
[15.951s][info ][gc,heap        ] GC(444) CMS: 3752K->3752K(349568K)
[15.951s][info ][gc,metaspace   ] GC(444) Metaspace: 16008K(16640K)->16008K(16640K) NonClass: 14273K(14592K)->14273K(14592K) Class: 1734K(2048K)->1734K(2048K)
[15.951s][info ][gc             ] GC(444) Pause Young (Allocation Failure) 140M->3M(495M) 0.470ms
[15.951s][info ][gc,cpu         ] GC(444) User=0.00s Sys=0.00s Real=0.00s
[15.961s][info ][gc,start       ] GC(445) Pause Young (Allocation Failure)
[15.961s][info ][gc,task        ] GC(445) Using 9 workers of 9 for evacuation
[15.962s][debug][gc,age         ] GC(445) Desired survivor size 8945664 bytes, new threshold 6 (max threshold 6)
[15.962s][trace][gc,age         ] GC(445) Age table with threshold 6 (max threshold 6)
[15.962s][trace][gc,age         ] GC(445) - age   1:     400208 bytes,     400208 total
[15.962s][info ][gc,heap        ] GC(445) ParNew: 139893K->394K(157376K)
[15.962s][info ][gc,heap        ] GC(445) CMS: 3752K->3752K(349568K)
[15.962s][info ][gc,metaspace   ] GC(445) Metaspace: 16008K(16640K)->16008K(16640K) NonClass: 14273K(14592K)->14273K(14592K) Class: 1734K(2048K)->1734K(2048K)
[15.962s][info ][gc             ] GC(445) Pause Young (Allocation Failure) 140M->4M(495M) 0.409ms
[15.962s][info ][gc,cpu         ] GC(445) User=0.01s Sys=0.00s Real=0.00s
[15.971s][info ][gc,start       ] GC(446) Pause Young (Allocation Failure)
[15.971s][info ][gc,task        ] GC(446) Using 9 workers of 9 for evacuation
[15.971s][debug][gc,age         ] GC(446) Desired survivor size 8945664 bytes, new threshold 6 (max threshold 6)
[15.971s][trace][gc,age         ] GC(446) Age table with threshold 6 (max threshold 6)
[15.971s][trace][gc,age         ] GC(446) - age   1:        192 bytes,        192 total
[15.971s][info ][gc,heap        ] GC(446) ParNew: 140279K->8K(157376K)
[15.971s][info ][gc,heap        ] GC(446) CMS: 3752K->3752K(349568K)
[15.971s][info ][gc,metaspace   ] GC(446) Metaspace: 16008K(16640K)->16008K(16640K) NonClass: 14273K(14592K)->14273K(14592K) Class: 1734K(2048K)->1734K(2048K)
[15.971s][info ][gc             ] GC(446) Pause Young (Allocation Failure) 140M->3M(495M) 0.361ms
[15.971s][info ][gc,cpu         ] GC(446) User=0.00s Sys=0.00s Real=0.00s
[15.981s][info ][gc,start       ] GC(447) Pause Young (Allocation Failure)
[15.981s][info ][gc,task        ] GC(447) Using 9 workers of 9 for evacuation
[15.981s][debug][gc,age         ] GC(447) Desired survivor size 8945664 bytes, new threshold 6 (max threshold 6)
[15.981s][trace][gc,age         ] GC(447) Age table with threshold 6 (max threshold 6)
[15.981s][trace][gc,age         ] GC(447) - age   1:     400208 bytes,     400208 total
[15.981s][info ][gc,heap        ] GC(447) ParNew: 139893K->396K(157376K)
[15.981s][info ][gc,heap        ] GC(447) CMS: 3752K->3752K(349568K)
[15.981s][info ][gc,metaspace   ] GC(447) Metaspace: 16008K(16640K)->16008K(16640K) NonClass: 14273K(14592K)->14273K(14592K) Class: 1734K(2048K)->1734K(2048K)
[15.981s][info ][gc             ] GC(447) Pause Young (Allocation Failure) 140M->4M(495M) 0.465ms
[15.981s][info ][gc,cpu         ] GC(447) User=0.00s Sys=0.00s Real=0.00s
[15.991s][info ][gc,start       ] GC(448) Pause Young (Allocation Failure)
[15.991s][info ][gc,task        ] GC(448) Using 9 workers of 9 for evacuation
[15.991s][debug][gc,age         ] GC(448) Desired survivor size 8945664 bytes, new threshold 6 (max threshold 6)
[15.991s][trace][gc,age         ] GC(448) Age table with threshold 6 (max threshold 6)
[15.991s][trace][gc,age         ] GC(448) - age   1:        192 bytes,        192 total
[15.991s][info ][gc,heap        ] GC(448) ParNew: 140279K->6K(157376K)
[15.991s][info ][gc,heap        ] GC(448) CMS: 3752K->3752K(349568K)
[15.991s][info ][gc,metaspace   ] GC(448) Metaspace: 16008K(16640K)->16008K(16640K) NonClass: 14273K(14592K)->14273K(14592K) Class: 1734K(2048K)->1734K(2048K)
[15.991s][info ][gc             ] GC(448) Pause Young (Allocation Failure) 140M->3M(495M) 0.402ms
[15.991s][info ][gc,cpu         ] GC(448) User=0.00s Sys=0.00s Real=0.00s
[16.001s][info ][gc,start       ] GC(449) Pause Young (Allocation Failure)
[16.001s][info ][gc,task        ] GC(449) Using 9 workers of 9 for evacuation
[16.001s][debug][gc,age         ] GC(449) Desired survivor size 8945664 bytes, new threshold 6 (max threshold 6)
[16.001s][trace][gc,age         ] GC(449) Age table with threshold 6 (max threshold 6)
[16.001s][trace][gc,age         ] GC(449) - age   1:     400208 bytes,     400208 total
[16.001s][info ][gc,heap        ] GC(449) ParNew: 139888K->396K(157376K)
[16.001s][info ][gc,heap        ] GC(449) CMS: 3752K->3752K(349568K)
[16.001s][info ][gc,metaspace   ] GC(449) Metaspace: 16008K(16640K)->16008K(16640K) NonClass: 14273K(14592K)->14273K(14592K) Class: 1734K(2048K)->1734K(2048K)
[16.001s][info ][gc             ] GC(449) Pause Young (Allocation Failure) 140M->4M(495M) 0.387ms
[16.001s][info ][gc,cpu         ] GC(449) User=0.00s Sys=0.00s Real=0.00s
[16.011s][info ][gc,start       ] GC(450) Pause Young (Allocation Failure)
[16.011s][info ][gc,task        ] GC(450) Using 9 workers of 9 for evacuation
[16.011s][debug][gc,age         ] GC(450) Desired survivor size 8945664 bytes, new threshold 6 (max threshold 6)
[16.011s][trace][gc,age         ] GC(450) Age table with threshold 6 (max threshold 6)
[16.011s][trace][gc,age         ] GC(450) - age   1:        192 bytes,        192 total
[16.011s][info ][gc,heap        ] GC(450) ParNew: 140283K->4K(157376K)
[16.011s][info ][gc,heap        ] GC(450) CMS: 3752K->3752K(349568K)
[16.011s][info ][gc,metaspace   ] GC(450) Metaspace: 16008K(16640K)->16008K(16640K) NonClass: 14273K(14592K)->14273K(14592K) Class: 1734K(2048K)->1734K(2048K)
[16.011s][info ][gc             ] GC(450) Pause Young (Allocation Failure) 140M->3M(495M) 0.475ms
[16.011s][info ][gc,cpu         ] GC(450) User=0.00s Sys=0.00s Real=0.00s
[16.021s][info ][gc,start       ] GC(451) Pause Young (Allocation Failure)
[16.021s][info ][gc,task        ] GC(451) Using 9 workers of 9 for evacuation
[16.021s][debug][gc,age         ] GC(451) Desired survivor size 8945664 bytes, new threshold 6 (max threshold 6)
[16.021s][trace][gc,age         ] GC(451) Age table with threshold 6 (max threshold 6)
[16.021s][trace][gc,age         ] GC(451) - age   1:     400208 bytes,     400208 total
[16.021s][info ][gc,heap        ] GC(451) ParNew: 139885K->394K(157376K)
[16.021s][info ][gc,heap        ] GC(451) CMS: 3752K->3752K(349568K)
[16.021s][info ][gc,metaspace   ] GC(451) Metaspace: 16008K(16640K)->16008K(16640K) NonClass: 14273K(14592K)->14273K(14592K) Class: 1734K(2048K)->1734K(2048K)
[16.021s][info ][gc             ] GC(451) Pause Young (Allocation Failure) 140M->4M(495M) 0.377ms
[16.021s][info ][gc,cpu         ] GC(451) User=0.00s Sys=0.00s Real=0.00s
[16.031s][info ][gc,start       ] GC(452) Pause Young (Allocation Failure)
[16.031s][info ][gc,task        ] GC(452) Using 9 workers of 9 for evacuation
[16.031s][debug][gc,age         ] GC(452) Desired survivor size 8945664 bytes, new threshold 6 (max threshold 6)
[16.031s][trace][gc,age         ] GC(452) Age table with threshold 6 (max threshold 6)
[16.031s][trace][gc,age         ] GC(452) - age   1:        192 bytes,        192 total
[16.031s][info ][gc,heap        ] GC(452) ParNew: 140271K->6K(157376K)
[16.031s][info ][gc,heap        ] GC(452) CMS: 3752K->3752K(349568K)
[16.031s][info ][gc,metaspace   ] GC(452) Metaspace: 16008K(16640K)->16008K(16640K) NonClass: 14273K(14592K)->14273K(14592K) Class: 1734K(2048K)->1734K(2048K)
[16.031s][info ][gc             ] GC(452) Pause Young (Allocation Failure) 140M->3M(495M) 0.414ms
[16.031s][info ][gc,cpu         ] GC(452) User=0.00s Sys=0.00s Real=0.00s
[16.040s][info ][gc,start       ] GC(453) Pause Young (Allocation Failure)
[16.041s][info ][gc,task        ] GC(453) Using 9 workers of 9 for evacuation
[16.041s][debug][gc,age         ] GC(453) Desired survivor size 8945664 bytes, new threshold 6 (max threshold 6)
[16.041s][trace][gc,age         ] GC(453) Age table with threshold 6 (max threshold 6)
[16.041s][trace][gc,age         ] GC(453) - age   1:     400208 bytes,     400208 total
[16.041s][info ][gc,heap        ] GC(453) ParNew: 139884K->394K(157376K)
[16.041s][info ][gc,heap        ] GC(453) CMS: 3752K->3752K(349568K)
[16.041s][info ][gc,metaspace   ] GC(453) Metaspace: 16008K(16640K)->16008K(16640K) NonClass: 14273K(14592K)->14273K(14592K) Class: 1734K(2048K)->1734K(2048K)
[16.041s][info ][gc             ] GC(453) Pause Young (Allocation Failure) 140M->4M(495M) 0.366ms
[16.041s][info ][gc,cpu         ] GC(453) User=0.00s Sys=0.00s Real=0.00s
[16.050s][info ][gc,start       ] GC(454) Pause Young (Allocation Failure)
[16.050s][info ][gc,task        ] GC(454) Using 9 workers of 9 for evacuation
[16.051s][debug][gc,age         ] GC(454) Desired survivor size 8945664 bytes, new threshold 6 (max threshold 6)
[16.051s][trace][gc,age         ] GC(454) Age table with threshold 6 (max threshold 6)
[16.051s][trace][gc,age         ] GC(454) - age   1:        192 bytes,        192 total
[16.051s][info ][gc,heap        ] GC(454) ParNew: 140290K->6K(157376K)
[16.051s][info ][gc,heap        ] GC(454) CMS: 3752K->3752K(349568K)
[16.051s][info ][gc,metaspace   ] GC(454) Metaspace: 16008K(16640K)->16008K(16640K) NonClass: 14273K(14592K)->14273K(14592K) Class: 1734K(2048K)->1734K(2048K)
[16.051s][info ][gc             ] GC(454) Pause Young (Allocation Failure) 140M->3M(495M) 0.374ms
[16.051s][info ][gc,cpu         ] GC(454) User=0.01s Sys=0.00s Real=0.00s
[16.060s][info ][gc,start       ] GC(455) Pause Young (Allocation Failure)
[16.060s][info ][gc,task        ] GC(455) Using 9 workers of 9 for evacuation
[16.063s][debug][gc,age         ] GC(455) Desired survivor size 8945664 bytes, new threshold 6 (max threshold 6)
[16.063s][trace][gc,age         ] GC(455) Age table with threshold 6 (max threshold 6)
[16.063s][trace][gc,age         ] GC(455) - age   1:     400208 bytes,     400208 total
[16.063s][info ][gc,heap        ] GC(455) ParNew: 139899K->398K(157376K)
[16.063s][info ][gc,heap        ] GC(455) CMS: 3752K->3752K(349568K)
[16.063s][info ][gc,metaspace   ] GC(455) Metaspace: 16008K(16640K)->16008K(16640K) NonClass: 14273K(14592K)->14273K(14592K) Class: 1734K(2048K)->1734K(2048K)
[16.063s][info ][gc             ] GC(455) Pause Young (Allocation Failure) 140M->4M(495M) 2.673ms
[16.063s][info ][gc,cpu         ] GC(455) User=0.01s Sys=0.00s Real=0.00s
[16.072s][info ][gc,start       ] GC(456) Pause Young (Allocation Failure)
[16.072s][info ][gc,task        ] GC(456) Using 9 workers of 9 for evacuation
[16.073s][debug][gc,age         ] GC(456) Desired survivor size 8945664 bytes, new threshold 6 (max threshold 6)
[16.073s][trace][gc,age         ] GC(456) Age table with threshold 6 (max threshold 6)
[16.073s][trace][gc,age         ] GC(456) - age   1:        192 bytes,        192 total
[16.073s][info ][gc,heap        ] GC(456) ParNew: 140282K->8K(157376K)
[16.073s][info ][gc,heap        ] GC(456) CMS: 3752K->3752K(349568K)
[16.073s][info ][gc,metaspace   ] GC(456) Metaspace: 16008K(16640K)->16008K(16640K) NonClass: 14273K(14592K)->14273K(14592K) Class: 1734K(2048K)->1734K(2048K)
[16.073s][info ][gc             ] GC(456) Pause Young (Allocation Failure) 140M->3M(495M) 0.526ms
[16.073s][info ][gc,cpu         ] GC(456) User=0.01s Sys=0.00s Real=0.00s
[16.082s][info ][gc,start       ] GC(457) Pause Young (Allocation Failure)
[16.082s][info ][gc,task        ] GC(457) Using 9 workers of 9 for evacuation
[16.083s][debug][gc,age         ] GC(457) Desired survivor size 8945664 bytes, new threshold 6 (max threshold 6)
[16.083s][trace][gc,age         ] GC(457) Age table with threshold 6 (max threshold 6)
[16.083s][trace][gc,age         ] GC(457) - age   1:     400208 bytes,     400208 total
[16.083s][info ][gc,heap        ] GC(457) ParNew: 139890K->398K(157376K)
[16.083s][info ][gc,heap        ] GC(457) CMS: 3752K->3752K(349568K)
[16.083s][info ][gc,metaspace   ] GC(457) Metaspace: 16008K(16640K)->16008K(16640K) NonClass: 14273K(14592K)->14273K(14592K) Class: 1734K(2048K)->1734K(2048K)
[16.083s][info ][gc             ] GC(457) Pause Young (Allocation Failure) 140M->4M(495M) 0.515ms
[16.083s][info ][gc,cpu         ] GC(457) User=0.00s Sys=0.00s Real=0.00s
[16.092s][info ][gc,start       ] GC(458) Pause Young (Allocation Failure)
[16.092s][info ][gc,task        ] GC(458) Using 9 workers of 9 for evacuation
[16.093s][debug][gc,age         ] GC(458) Desired survivor size 8945664 bytes, new threshold 6 (max threshold 6)
[16.093s][trace][gc,age         ] GC(458) Age table with threshold 6 (max threshold 6)
[16.093s][trace][gc,age         ] GC(458) - age   1:        192 bytes,        192 total
[16.093s][info ][gc,heap        ] GC(458) ParNew: 140281K->4K(157376K)
[16.093s][info ][gc,heap        ] GC(458) CMS: 3752K->3752K(349568K)
[16.093s][info ][gc,metaspace   ] GC(458) Metaspace: 16008K(16640K)->16008K(16640K) NonClass: 14273K(14592K)->14273K(14592K) Class: 1734K(2048K)->1734K(2048K)
[16.093s][info ][gc             ] GC(458) Pause Young (Allocation Failure) 140M->3M(495M) 0.909ms
[16.093s][info ][gc,cpu         ] GC(458) User=0.00s Sys=0.00s Real=0.00s
[16.103s][info ][gc,start       ] GC(459) Pause Young (Allocation Failure)
[16.103s][info ][gc,task        ] GC(459) Using 9 workers of 9 for evacuation
[16.103s][debug][gc,age         ] GC(459) Desired survivor size 8945664 bytes, new threshold 6 (max threshold 6)
[16.103s][trace][gc,age         ] GC(459) Age table with threshold 6 (max threshold 6)
[16.103s][trace][gc,age         ] GC(459) - age   1:     400208 bytes,     400208 total
[16.103s][info ][gc,heap        ] GC(459) ParNew: 139893K->396K(157376K)
[16.103s][info ][gc,heap        ] GC(459) CMS: 3752K->3752K(349568K)
[16.103s][info ][gc,metaspace   ] GC(459) Metaspace: 16008K(16640K)->16008K(16640K) NonClass: 14273K(14592K)->14273K(14592K) Class: 1734K(2048K)->1734K(2048K)
[16.103s][info ][gc             ] GC(459) Pause Young (Allocation Failure) 140M->4M(495M) 0.462ms
[16.103s][info ][gc,cpu         ] GC(459) User=0.00s Sys=0.00s Real=0.00s
[16.113s][info ][gc,start       ] GC(460) Pause Young (Allocation Failure)
[16.113s][info ][gc,task        ] GC(460) Using 9 workers of 9 for evacuation
[16.113s][debug][gc,age         ] GC(460) Desired survivor size 8945664 bytes, new threshold 6 (max threshold 6)
[16.113s][trace][gc,age         ] GC(460) Age table with threshold 6 (max threshold 6)
[16.113s][trace][gc,age         ] GC(460) - age   1:        192 bytes,        192 total
[16.113s][info ][gc,heap        ] GC(460) ParNew: 140283K->8K(157376K)
[16.113s][info ][gc,heap        ] GC(460) CMS: 3752K->3752K(349568K)
[16.113s][info ][gc,metaspace   ] GC(460) Metaspace: 16008K(16640K)->16008K(16640K) NonClass: 14273K(14592K)->14273K(14592K) Class: 1734K(2048K)->1734K(2048K)
[16.113s][info ][gc             ] GC(460) Pause Young (Allocation Failure) 140M->3M(495M) 0.449ms
[16.113s][info ][gc,cpu         ] GC(460) User=0.01s Sys=0.00s Real=0.00s
[16.123s][info ][gc,start       ] GC(461) Pause Young (Allocation Failure)
[16.123s][info ][gc,task        ] GC(461) Using 9 workers of 9 for evacuation
[16.123s][debug][gc,age         ] GC(461) Desired survivor size 8945664 bytes, new threshold 6 (max threshold 6)
[16.123s][trace][gc,age         ] GC(461) Age table with threshold 6 (max threshold 6)
[16.123s][trace][gc,age         ] GC(461) - age   1:     400208 bytes,     400208 total
[16.123s][info ][gc,heap        ] GC(461) ParNew: 139893K->394K(157376K)
[16.123s][info ][gc,heap        ] GC(461) CMS: 3752K->3752K(349568K)
[16.123s][info ][gc,metaspace   ] GC(461) Metaspace: 16008K(16640K)->16008K(16640K) NonClass: 14273K(14592K)->14273K(14592K) Class: 1734K(2048K)->1734K(2048K)
[16.123s][info ][gc             ] GC(461) Pause Young (Allocation Failure) 140M->4M(495M) 0.352ms
[16.123s][info ][gc,cpu         ] GC(461) User=0.01s Sys=0.00s Real=0.00s
[16.133s][info ][gc,start       ] GC(462) Pause Young (Allocation Failure)
[16.133s][info ][gc,task        ] GC(462) Using 9 workers of 9 for evacuation
[16.133s][debug][gc,age         ] GC(462) Desired survivor size 8945664 bytes, new threshold 6 (max threshold 6)
[16.133s][trace][gc,age         ] GC(462) Age table with threshold 6 (max threshold 6)
[16.133s][trace][gc,age         ] GC(462) - age   1:        192 bytes,        192 total
[16.133s][info ][gc,heap        ] GC(462) ParNew: 140277K->6K(157376K)
[16.133s][info ][gc,heap        ] GC(462) CMS: 3752K->3752K(349568K)
[16.133s][info ][gc,metaspace   ] GC(462) Metaspace: 16008K(16640K)->16008K(16640K) NonClass: 14273K(14592K)->14273K(14592K) Class: 1734K(2048K)->1734K(2048K)
[16.133s][info ][gc             ] GC(462) Pause Young (Allocation Failure) 140M->3M(495M) 0.456ms
[16.133s][info ][gc,cpu         ] GC(462) User=0.00s Sys=0.00s Real=0.00s
[16.143s][info ][gc,start       ] GC(463) Pause Young (Allocation Failure)
[16.143s][info ][gc,task        ] GC(463) Using 9 workers of 9 for evacuation
[16.143s][debug][gc,age         ] GC(463) Desired survivor size 8945664 bytes, new threshold 6 (max threshold 6)
[16.143s][trace][gc,age         ] GC(463) Age table with threshold 6 (max threshold 6)
[16.143s][trace][gc,age         ] GC(463) - age   1:     400208 bytes,     400208 total
[16.143s][info ][gc,heap        ] GC(463) ParNew: 139887K->396K(157376K)
[16.143s][info ][gc,heap        ] GC(463) CMS: 3752K->3752K(349568K)
[16.143s][info ][gc,metaspace   ] GC(463) Metaspace: 16008K(16640K)->16008K(16640K) NonClass: 14273K(14592K)->14273K(14592K) Class: 1734K(2048K)->1734K(2048K)
[16.143s][info ][gc             ] GC(463) Pause Young (Allocation Failure) 140M->4M(495M) 0.577ms
[16.143s][info ][gc,cpu         ] GC(463) User=0.00s Sys=0.00s Real=0.00s
[16.153s][info ][gc,start       ] GC(464) Pause Young (Allocation Failure)
[16.153s][info ][gc,task        ] GC(464) Using 9 workers of 9 for evacuation
[16.153s][debug][gc,age         ] GC(464) Desired survivor size 8945664 bytes, new threshold 6 (max threshold 6)
[16.153s][trace][gc,age         ] GC(464) Age table with threshold 6 (max threshold 6)
[16.153s][trace][gc,age         ] GC(464) - age   1:        192 bytes,        192 total
[16.153s][info ][gc,heap        ] GC(464) ParNew: 140283K->6K(157376K)
[16.153s][info ][gc,heap        ] GC(464) CMS: 3752K->3752K(349568K)
[16.153s][info ][gc,metaspace   ] GC(464) Metaspace: 16008K(16640K)->16008K(16640K) NonClass: 14273K(14592K)->14273K(14592K) Class: 1734K(2048K)->1734K(2048K)
[16.153s][info ][gc             ] GC(464) Pause Young (Allocation Failure) 140M->3M(495M) 0.461ms
[16.153s][info ][gc,cpu         ] GC(464) User=0.00s Sys=0.00s Real=0.00s
[16.163s][info ][gc,start       ] GC(465) Pause Young (Allocation Failure)
[16.163s][info ][gc,task        ] GC(465) Using 9 workers of 9 for evacuation
[16.163s][debug][gc,age         ] GC(465) Desired survivor size 8945664 bytes, new threshold 6 (max threshold 6)
[16.163s][trace][gc,age         ] GC(465) Age table with threshold 6 (max threshold 6)
[16.163s][trace][gc,age         ] GC(465) - age   1:     400208 bytes,     400208 total
[16.163s][info ][gc,heap        ] GC(465) ParNew: 139887K->398K(157376K)
[16.163s][info ][gc,heap        ] GC(465) CMS: 3752K->3752K(349568K)
[16.163s][info ][gc,metaspace   ] GC(465) Metaspace: 16008K(16640K)->16008K(16640K) NonClass: 14273K(14592K)->14273K(14592K) Class: 1734K(2048K)->1734K(2048K)
[16.163s][info ][gc             ] GC(465) Pause Young (Allocation Failure) 140M->4M(495M) 0.469ms
[16.163s][info ][gc,cpu         ] GC(465) User=0.00s Sys=0.00s Real=0.00s
[16.173s][info ][gc,start       ] GC(466) Pause Young (Allocation Failure)
[16.173s][info ][gc,task        ] GC(466) Using 9 workers of 9 for evacuation
[16.173s][debug][gc,age         ] GC(466) Desired survivor size 8945664 bytes, new threshold 6 (max threshold 6)
[16.173s][trace][gc,age         ] GC(466) Age table with threshold 6 (max threshold 6)
[16.173s][trace][gc,age         ] GC(466) - age   1:        192 bytes,        192 total
[16.173s][info ][gc,heap        ] GC(466) ParNew: 140272K->8K(157376K)
[16.173s][info ][gc,heap        ] GC(466) CMS: 3752K->3752K(349568K)
[16.173s][info ][gc,metaspace   ] GC(466) Metaspace: 16008K(16640K)->16008K(16640K) NonClass: 14273K(14592K)->14273K(14592K) Class: 1734K(2048K)->1734K(2048K)
[16.173s][info ][gc             ] GC(466) Pause Young (Allocation Failure) 140M->3M(495M) 0.337ms
[16.173s][info ][gc,cpu         ] GC(466) User=0.00s Sys=0.00s Real=0.00s
[16.183s][info ][gc,start       ] GC(467) Pause Young (Allocation Failure)
[16.183s][info ][gc,task        ] GC(467) Using 9 workers of 9 for evacuation
[16.183s][debug][gc,age         ] GC(467) Desired survivor size 8945664 bytes, new threshold 6 (max threshold 6)
[16.183s][trace][gc,age         ] GC(467) Age table with threshold 6 (max threshold 6)
[16.183s][trace][gc,age         ] GC(467) - age   1:     400208 bytes,     400208 total
[16.183s][info ][gc,heap        ] GC(467) ParNew: 139884K->396K(157376K)
[16.183s][info ][gc,heap        ] GC(467) CMS: 3752K->3752K(349568K)
[16.183s][info ][gc,metaspace   ] GC(467) Metaspace: 16008K(16640K)->16008K(16640K) NonClass: 14273K(14592K)->14273K(14592K) Class: 1734K(2048K)->1734K(2048K)
[16.183s][info ][gc             ] GC(467) Pause Young (Allocation Failure) 140M->4M(495M) 0.423ms
[16.183s][info ][gc,cpu         ] GC(467) User=0.00s Sys=0.00s Real=0.00s
[16.193s][info ][gc,start       ] GC(468) Pause Young (Allocation Failure)
[16.193s][info ][gc,task        ] GC(468) Using 9 workers of 9 for evacuation
[16.193s][debug][gc,age         ] GC(468) Desired survivor size 8945664 bytes, new threshold 6 (max threshold 6)
[16.193s][trace][gc,age         ] GC(468) Age table with threshold 6 (max threshold 6)
[16.193s][trace][gc,age         ] GC(468) - age   1:        192 bytes,        192 total
[16.193s][info ][gc,heap        ] GC(468) ParNew: 140283K->6K(157376K)
[16.193s][info ][gc,heap        ] GC(468) CMS: 3752K->3752K(349568K)
[16.193s][info ][gc,metaspace   ] GC(468) Metaspace: 16008K(16640K)->16008K(16640K) NonClass: 14273K(14592K)->14273K(14592K) Class: 1734K(2048K)->1734K(2048K)
[16.193s][info ][gc             ] GC(468) Pause Young (Allocation Failure) 140M->3M(495M) 0.456ms
[16.193s][info ][gc,cpu         ] GC(468) User=0.00s Sys=0.00s Real=0.00s
[16.203s][info ][gc,start       ] GC(469) Pause Young (Allocation Failure)
[16.203s][info ][gc,task        ] GC(469) Using 9 workers of 9 for evacuation
[16.203s][debug][gc,age         ] GC(469) Desired survivor size 8945664 bytes, new threshold 6 (max threshold 6)
[16.203s][trace][gc,age         ] GC(469) Age table with threshold 6 (max threshold 6)
[16.203s][trace][gc,age         ] GC(469) - age   1:     400208 bytes,     400208 total
[16.203s][info ][gc,heap        ] GC(469) ParNew: 139894K->398K(157376K)
[16.203s][info ][gc,heap        ] GC(469) CMS: 3752K->3752K(349568K)
[16.203s][info ][gc,metaspace   ] GC(469) Metaspace: 16008K(16640K)->16008K(16640K) NonClass: 14273K(14592K)->14273K(14592K) Class: 1734K(2048K)->1734K(2048K)
[16.203s][info ][gc             ] GC(469) Pause Young (Allocation Failure) 140M->4M(495M) 0.428ms
[16.203s][info ][gc,cpu         ] GC(469) User=0.01s Sys=0.00s Real=0.00s
[16.212s][info ][gc,start       ] GC(470) Pause Young (Allocation Failure)
[16.212s][info ][gc,task        ] GC(470) Using 9 workers of 9 for evacuation
[16.213s][debug][gc,age         ] GC(470) Desired survivor size 8945664 bytes, new threshold 6 (max threshold 6)
[16.213s][trace][gc,age         ] GC(470) Age table with threshold 6 (max threshold 6)
[16.213s][trace][gc,age         ] GC(470) - age   1:        192 bytes,        192 total
[16.213s][info ][gc,heap        ] GC(470) ParNew: 140301K->4K(157376K)
[16.213s][info ][gc,heap        ] GC(470) CMS: 3752K->3752K(349568K)
[16.213s][info ][gc,metaspace   ] GC(470) Metaspace: 16008K(16640K)->16008K(16640K) NonClass: 14273K(14592K)->14273K(14592K) Class: 1734K(2048K)->1734K(2048K)
[16.213s][info ][gc             ] GC(470) Pause Young (Allocation Failure) 140M->3M(495M) 0.324ms
[16.213s][info ][gc,cpu         ] GC(470) User=0.01s Sys=0.00s Real=0.00s
[16.222s][info ][gc,start       ] GC(471) Pause Young (Allocation Failure)
[16.222s][info ][gc,task        ] GC(471) Using 9 workers of 9 for evacuation
[16.223s][debug][gc,age         ] GC(471) Desired survivor size 8945664 bytes, new threshold 6 (max threshold 6)
[16.223s][trace][gc,age         ] GC(471) Age table with threshold 6 (max threshold 6)
[16.223s][trace][gc,age         ] GC(471) - age   1:     400208 bytes,     400208 total
[16.223s][info ][gc,heap        ] GC(471) ParNew: 139899K->394K(157376K)
[16.223s][info ][gc,heap        ] GC(471) CMS: 3752K->3752K(349568K)
[16.223s][info ][gc,metaspace   ] GC(471) Metaspace: 16008K(16640K)->16008K(16640K) NonClass: 14273K(14592K)->14273K(14592K) Class: 1734K(2048K)->1734K(2048K)
[16.223s][info ][gc             ] GC(471) Pause Young (Allocation Failure) 140M->4M(495M) 0.434ms
[16.223s][info ][gc,cpu         ] GC(471) User=0.01s Sys=0.00s Real=0.00s
[16.232s][info ][gc,start       ] GC(472) Pause Young (Allocation Failure)
[16.232s][info ][gc,task        ] GC(472) Using 9 workers of 9 for evacuation
[16.233s][debug][gc,age         ] GC(472) Desired survivor size 8945664 bytes, new threshold 6 (max threshold 6)
[16.233s][trace][gc,age         ] GC(472) Age table with threshold 6 (max threshold 6)
[16.233s][trace][gc,age         ] GC(472) - age   1:        192 bytes,        192 total
[16.233s][info ][gc,heap        ] GC(472) ParNew: 140278K->8K(157376K)
[16.233s][info ][gc,heap        ] GC(472) CMS: 3752K->3752K(349568K)
[16.233s][info ][gc,metaspace   ] GC(472) Metaspace: 16008K(16640K)->16008K(16640K) NonClass: 14273K(14592K)->14273K(14592K) Class: 1734K(2048K)->1734K(2048K)
[16.233s][info ][gc             ] GC(472) Pause Young (Allocation Failure) 140M->3M(495M) 0.353ms
[16.233s][info ][gc,cpu         ] GC(472) User=0.00s Sys=0.00s Real=0.00s
[16.242s][info ][gc,start       ] GC(473) Pause Young (Allocation Failure)
[16.242s][info ][gc,task        ] GC(473) Using 9 workers of 9 for evacuation
[16.243s][debug][gc,age         ] GC(473) Desired survivor size 8945664 bytes, new threshold 6 (max threshold 6)
[16.243s][trace][gc,age         ] GC(473) Age table with threshold 6 (max threshold 6)
[16.243s][trace][gc,age         ] GC(473) - age   1:     400208 bytes,     400208 total
[16.243s][info ][gc,heap        ] GC(473) ParNew: 139897K->396K(157376K)
[16.243s][info ][gc,heap        ] GC(473) CMS: 3752K->3752K(349568K)
[16.243s][info ][gc,metaspace   ] GC(473) Metaspace: 16008K(16640K)->16008K(16640K) NonClass: 14273K(14592K)->14273K(14592K) Class: 1734K(2048K)->1734K(2048K)
[16.243s][info ][gc             ] GC(473) Pause Young (Allocation Failure) 140M->4M(495M) 0.463ms
[16.243s][info ][gc,cpu         ] GC(473) User=0.00s Sys=0.00s Real=0.00s
[16.252s][info ][gc,start       ] GC(474) Pause Young (Allocation Failure)
[16.252s][info ][gc,task        ] GC(474) Using 9 workers of 9 for evacuation
[16.252s][debug][gc,age         ] GC(474) Desired survivor size 8945664 bytes, new threshold 6 (max threshold 6)
[16.252s][trace][gc,age         ] GC(474) Age table with threshold 6 (max threshold 6)
[16.252s][trace][gc,age         ] GC(474) - age   1:        192 bytes,        192 total
[16.252s][info ][gc,heap        ] GC(474) ParNew: 140283K->6K(157376K)
[16.252s][info ][gc,heap        ] GC(474) CMS: 3752K->3752K(349568K)
[16.252s][info ][gc,metaspace   ] GC(474) Metaspace: 16008K(16640K)->16008K(16640K) NonClass: 14273K(14592K)->14273K(14592K) Class: 1734K(2048K)->1734K(2048K)
[16.253s][info ][gc             ] GC(474) Pause Young (Allocation Failure) 140M->3M(495M) 0.419ms
[16.253s][info ][gc,cpu         ] GC(474) User=0.00s Sys=0.00s Real=0.00s
[16.262s][info ][gc,start       ] GC(475) Pause Young (Allocation Failure)
[16.262s][info ][gc,task        ] GC(475) Using 9 workers of 9 for evacuation
[16.262s][debug][gc,age         ] GC(475) Desired survivor size 8945664 bytes, new threshold 6 (max threshold 6)
[16.262s][trace][gc,age         ] GC(475) Age table with threshold 6 (max threshold 6)
[16.262s][trace][gc,age         ] GC(475) - age   1:     400208 bytes,     400208 total
[16.262s][info ][gc,heap        ] GC(475) ParNew: 139892K->394K(157376K)
[16.262s][info ][gc,heap        ] GC(475) CMS: 3752K->3752K(349568K)
[16.262s][info ][gc,metaspace   ] GC(475) Metaspace: 16008K(16640K)->16008K(16640K) NonClass: 14273K(14592K)->14273K(14592K) Class: 1734K(2048K)->1734K(2048K)
[16.262s][info ][gc             ] GC(475) Pause Young (Allocation Failure) 140M->4M(495M) 0.411ms
[16.262s][info ][gc,cpu         ] GC(475) User=0.00s Sys=0.00s Real=0.00s
[16.272s][info ][gc,start       ] GC(476) Pause Young (Allocation Failure)
[16.272s][info ][gc,task        ] GC(476) Using 9 workers of 9 for evacuation
[16.272s][debug][gc,age         ] GC(476) Desired survivor size 8945664 bytes, new threshold 6 (max threshold 6)
[16.272s][trace][gc,age         ] GC(476) Age table with threshold 6 (max threshold 6)
[16.272s][trace][gc,age         ] GC(476) - age   1:     400208 bytes,     400208 total
[16.272s][info ][gc,heap        ] GC(476) ParNew: 139916K->398K(157376K)
[16.272s][info ][gc,heap        ] GC(476) CMS: 3752K->3752K(349568K)
[16.272s][info ][gc,metaspace   ] GC(476) Metaspace: 16008K(16640K)->16008K(16640K) NonClass: 14273K(14592K)->14273K(14592K) Class: 1734K(2048K)->1734K(2048K)
[16.272s][info ][gc             ] GC(476) Pause Young (Allocation Failure) 140M->4M(495M) 0.415ms
[16.272s][info ][gc,cpu         ] GC(476) User=0.00s Sys=0.01s Real=0.00s
[16.282s][info ][gc,start       ] GC(477) Pause Young (Allocation Failure)
[16.282s][info ][gc,task        ] GC(477) Using 9 workers of 9 for evacuation
[16.282s][debug][gc,age         ] GC(477) Desired survivor size 8945664 bytes, new threshold 6 (max threshold 6)
[16.282s][trace][gc,age         ] GC(477) Age table with threshold 6 (max threshold 6)
[16.282s][trace][gc,age         ] GC(477) - age   1:        192 bytes,        192 total
[16.282s][info ][gc,heap        ] GC(477) ParNew: 140283K->6K(157376K)
[16.282s][info ][gc,heap        ] GC(477) CMS: 3752K->3752K(349568K)
[16.282s][info ][gc,metaspace   ] GC(477) Metaspace: 16008K(16640K)->16008K(16640K) NonClass: 14273K(14592K)->14273K(14592K) Class: 1734K(2048K)->1734K(2048K)
[16.282s][info ][gc             ] GC(477) Pause Young (Allocation Failure) 140M->3M(495M) 0.454ms
[16.282s][info ][gc,cpu         ] GC(477) User=0.00s Sys=0.00s Real=0.00s
[16.292s][info ][gc,start       ] GC(478) Pause Young (Allocation Failure)
[16.292s][info ][gc,task        ] GC(478) Using 9 workers of 9 for evacuation
[16.292s][debug][gc,age         ] GC(478) Desired survivor size 8945664 bytes, new threshold 6 (max threshold 6)
[16.292s][trace][gc,age         ] GC(478) Age table with threshold 6 (max threshold 6)
[16.292s][trace][gc,age         ] GC(478) - age   1:     400208 bytes,     400208 total
[16.292s][info ][gc,heap        ] GC(478) ParNew: 139886K->394K(157376K)
[16.292s][info ][gc,heap        ] GC(478) CMS: 3752K->3752K(349568K)
[16.292s][info ][gc,metaspace   ] GC(478) Metaspace: 16008K(16640K)->16008K(16640K) NonClass: 14273K(14592K)->14273K(14592K) Class: 1734K(2048K)->1734K(2048K)
[16.292s][info ][gc             ] GC(478) Pause Young (Allocation Failure) 140M->4M(495M) 0.447ms
[16.292s][info ][gc,cpu         ] GC(478) User=0.01s Sys=0.00s Real=0.00s
[16.302s][info ][gc,start       ] GC(479) Pause Young (Allocation Failure)
[16.302s][info ][gc,task        ] GC(479) Using 9 workers of 9 for evacuation
[16.302s][debug][gc,age         ] GC(479) Desired survivor size 8945664 bytes, new threshold 6 (max threshold 6)
[16.302s][trace][gc,age         ] GC(479) Age table with threshold 6 (max threshold 6)
[16.302s][trace][gc,age         ] GC(479) - age   1:        192 bytes,        192 total
[16.302s][info ][gc,heap        ] GC(479) ParNew: 140261K->6K(157376K)
[16.302s][info ][gc,heap        ] GC(479) CMS: 3752K->3752K(349568K)
[16.302s][info ][gc,metaspace   ] GC(479) Metaspace: 16008K(16640K)->16008K(16640K) NonClass: 14273K(14592K)->14273K(14592K) Class: 1734K(2048K)->1734K(2048K)
[16.302s][info ][gc             ] GC(479) Pause Young (Allocation Failure) 140M->3M(495M) 0.414ms
[16.302s][info ][gc,cpu         ] GC(479) User=0.01s Sys=0.00s Real=0.00s
[16.312s][info ][gc,start       ] GC(480) Pause Young (Allocation Failure)
[16.312s][info ][gc,task        ] GC(480) Using 9 workers of 9 for evacuation
[16.312s][debug][gc,age         ] GC(480) Desired survivor size 8945664 bytes, new threshold 6 (max threshold 6)
[16.312s][trace][gc,age         ] GC(480) Age table with threshold 6 (max threshold 6)
[16.312s][trace][gc,age         ] GC(480) - age   1:     400208 bytes,     400208 total
[16.312s][info ][gc,heap        ] GC(480) ParNew: 139892K->398K(157376K)
[16.312s][info ][gc,heap        ] GC(480) CMS: 3752K->3752K(349568K)
[16.312s][info ][gc,metaspace   ] GC(480) Metaspace: 16008K(16640K)->16008K(16640K) NonClass: 14273K(14592K)->14273K(14592K) Class: 1734K(2048K)->1734K(2048K)
[16.312s][info ][gc             ] GC(480) Pause Young (Allocation Failure) 140M->4M(495M) 0.315ms
[16.312s][info ][gc,cpu         ] GC(480) User=0.00s Sys=0.00s Real=0.00s
[16.322s][info ][gc,start       ] GC(481) Pause Young (Allocation Failure)
[16.322s][info ][gc,task        ] GC(481) Using 9 workers of 9 for evacuation
[16.322s][debug][gc,age         ] GC(481) Desired survivor size 8945664 bytes, new threshold 6 (max threshold 6)
[16.322s][trace][gc,age         ] GC(481) Age table with threshold 6 (max threshold 6)
[16.322s][trace][gc,age         ] GC(481) - age   1:        192 bytes,        192 total
[16.322s][info ][gc,heap        ] GC(481) ParNew: 140282K->6K(157376K)
[16.322s][info ][gc,heap        ] GC(481) CMS: 3752K->3752K(349568K)
[16.322s][info ][gc,metaspace   ] GC(481) Metaspace: 16008K(16640K)->16008K(16640K) NonClass: 14273K(14592K)->14273K(14592K) Class: 1734K(2048K)->1734K(2048K)
[16.322s][info ][gc             ] GC(481) Pause Young (Allocation Failure) 140M->3M(495M) 0.387ms
[16.322s][info ][gc,cpu         ] GC(481) User=0.00s Sys=0.00s Real=0.00s
[16.332s][info ][gc,start       ] GC(482) Pause Young (Allocation Failure)
[16.332s][info ][gc,task        ] GC(482) Using 9 workers of 9 for evacuation
[16.332s][debug][gc,age         ] GC(482) Desired survivor size 8945664 bytes, new threshold 6 (max threshold 6)
[16.332s][trace][gc,age         ] GC(482) Age table with threshold 6 (max threshold 6)
[16.332s][trace][gc,age         ] GC(482) - age   1:     400208 bytes,     400208 total
[16.332s][info ][gc,heap        ] GC(482) ParNew: 139892K->396K(157376K)
[16.332s][info ][gc,heap        ] GC(482) CMS: 3752K->3752K(349568K)
[16.332s][info ][gc,metaspace   ] GC(482) Metaspace: 16008K(16640K)->16008K(16640K) NonClass: 14273K(14592K)->14273K(14592K) Class: 1734K(2048K)->1734K(2048K)
[16.332s][info ][gc             ] GC(482) Pause Young (Allocation Failure) 140M->4M(495M) 0.462ms
[16.332s][info ][gc,cpu         ] GC(482) User=0.00s Sys=0.00s Real=0.00s
[16.342s][info ][gc,start       ] GC(483) Pause Young (Allocation Failure)
[16.342s][info ][gc,task        ] GC(483) Using 9 workers of 9 for evacuation
[16.342s][debug][gc,age         ] GC(483) Desired survivor size 8945664 bytes, new threshold 6 (max threshold 6)
[16.342s][trace][gc,age         ] GC(483) Age table with threshold 6 (max threshold 6)
[16.342s][trace][gc,age         ] GC(483) - age   1:     400208 bytes,     400208 total
[16.342s][info ][gc,heap        ] GC(483) ParNew: 139914K->396K(157376K)
[16.342s][info ][gc,heap        ] GC(483) CMS: 3752K->3752K(349568K)
[16.342s][info ][gc,metaspace   ] GC(483) Metaspace: 16008K(16640K)->16008K(16640K) NonClass: 14273K(14592K)->14273K(14592K) Class: 1734K(2048K)->1734K(2048K)
[16.342s][info ][gc             ] GC(483) Pause Young (Allocation Failure) 140M->4M(495M) 0.391ms
[16.342s][info ][gc,cpu         ] GC(483) User=0.00s Sys=0.00s Real=0.00s
[16.351s][info ][gc,start       ] GC(484) Pause Young (Allocation Failure)
[16.352s][info ][gc,task        ] GC(484) Using 9 workers of 9 for evacuation
[16.352s][debug][gc,age         ] GC(484) Desired survivor size 8945664 bytes, new threshold 6 (max threshold 6)
[16.352s][trace][gc,age         ] GC(484) Age table with threshold 6 (max threshold 6)
[16.352s][trace][gc,age         ] GC(484) - age   1:        192 bytes,        192 total
[16.352s][info ][gc,heap        ] GC(484) ParNew: 140273K->8K(157376K)
[16.352s][info ][gc,heap        ] GC(484) CMS: 3752K->3752K(349568K)
[16.352s][info ][gc,metaspace   ] GC(484) Metaspace: 16008K(16640K)->16008K(16640K) NonClass: 14273K(14592K)->14273K(14592K) Class: 1734K(2048K)->1734K(2048K)
[16.352s][info ][gc             ] GC(484) Pause Young (Allocation Failure) 140M->3M(495M) 0.383ms
[16.352s][info ][gc,cpu         ] GC(484) User=0.00s Sys=0.00s Real=0.00s
[16.362s][info ][gc,start       ] GC(485) Pause Young (Allocation Failure)
[16.362s][info ][gc,task        ] GC(485) Using 9 workers of 9 for evacuation
[16.362s][debug][gc,age         ] GC(485) Desired survivor size 8945664 bytes, new threshold 6 (max threshold 6)
[16.362s][trace][gc,age         ] GC(485) Age table with threshold 6 (max threshold 6)
[16.362s][trace][gc,age         ] GC(485) - age   1:     400208 bytes,     400208 total
[16.362s][info ][gc,heap        ] GC(485) ParNew: 139862K->398K(157376K)
[16.362s][info ][gc,heap        ] GC(485) CMS: 3752K->3752K(349568K)
[16.362s][info ][gc,metaspace   ] GC(485) Metaspace: 16008K(16640K)->16008K(16640K) NonClass: 14273K(14592K)->14273K(14592K) Class: 1734K(2048K)->1734K(2048K)
[16.362s][info ][gc             ] GC(485) Pause Young (Allocation Failure) 140M->4M(495M) 0.425ms
[16.362s][info ][gc,cpu         ] GC(485) User=0.00s Sys=0.00s Real=0.00s
[16.372s][info ][gc,start       ] GC(486) Pause Young (Allocation Failure)
[16.372s][info ][gc,task        ] GC(486) Using 9 workers of 9 for evacuation
[16.372s][debug][gc,age         ] GC(486) Desired survivor size 8945664 bytes, new threshold 6 (max threshold 6)
[16.372s][trace][gc,age         ] GC(486) Age table with threshold 6 (max threshold 6)
[16.372s][trace][gc,age         ] GC(486) - age   1:        192 bytes,        192 total
[16.372s][info ][gc,heap        ] GC(486) ParNew: 140271K->4K(157376K)
[16.372s][info ][gc,heap        ] GC(486) CMS: 3752K->3752K(349568K)
[16.372s][info ][gc,metaspace   ] GC(486) Metaspace: 16008K(16640K)->16008K(16640K) NonClass: 14273K(14592K)->14273K(14592K) Class: 1734K(2048K)->1734K(2048K)
[16.372s][info ][gc             ] GC(486) Pause Young (Allocation Failure) 140M->3M(495M) 0.356ms
[16.372s][info ][gc,cpu         ] GC(486) User=0.00s Sys=0.00s Real=0.00s
[16.382s][info ][gc,start       ] GC(487) Pause Young (Allocation Failure)
[16.382s][info ][gc,task        ] GC(487) Using 9 workers of 9 for evacuation
[16.382s][debug][gc,age         ] GC(487) Desired survivor size 8945664 bytes, new threshold 6 (max threshold 6)
[16.382s][trace][gc,age         ] GC(487) Age table with threshold 6 (max threshold 6)
[16.382s][trace][gc,age         ] GC(487) - age   1:     400208 bytes,     400208 total
[16.382s][info ][gc,heap        ] GC(487) ParNew: 139900K->396K(157376K)
[16.382s][info ][gc,heap        ] GC(487) CMS: 3752K->3752K(349568K)
[16.382s][info ][gc,metaspace   ] GC(487) Metaspace: 16008K(16640K)->16008K(16640K) NonClass: 14273K(14592K)->14273K(14592K) Class: 1734K(2048K)->1734K(2048K)
[16.382s][info ][gc             ] GC(487) Pause Young (Allocation Failure) 140M->4M(495M) 0.431ms
[16.382s][info ][gc,cpu         ] GC(487) User=0.01s Sys=0.00s Real=0.00s
[16.391s][info ][gc,start       ] GC(488) Pause Young (Allocation Failure)
[16.391s][info ][gc,task        ] GC(488) Using 9 workers of 9 for evacuation
[16.392s][debug][gc,age         ] GC(488) Desired survivor size 8945664 bytes, new threshold 6 (max threshold 6)
[16.392s][trace][gc,age         ] GC(488) Age table with threshold 6 (max threshold 6)
[16.392s][trace][gc,age         ] GC(488) - age   1:        192 bytes,        192 total
[16.392s][info ][gc,heap        ] GC(488) ParNew: 140287K->8K(157376K)
[16.392s][info ][gc,heap        ] GC(488) CMS: 3752K->3752K(349568K)
[16.392s][info ][gc,metaspace   ] GC(488) Metaspace: 16008K(16640K)->16008K(16640K) NonClass: 14273K(14592K)->14273K(14592K) Class: 1734K(2048K)->1734K(2048K)
[16.392s][info ][gc             ] GC(488) Pause Young (Allocation Failure) 140M->3M(495M) 0.404ms
[16.392s][info ][gc,cpu         ] GC(488) User=0.01s Sys=0.00s Real=0.00s
[16.401s][info ][gc,start       ] GC(489) Pause Young (Allocation Failure)
[16.401s][info ][gc,task        ] GC(489) Using 9 workers of 9 for evacuation
[16.402s][debug][gc,age         ] GC(489) Desired survivor size 8945664 bytes, new threshold 6 (max threshold 6)
[16.402s][trace][gc,age         ] GC(489) Age table with threshold 6 (max threshold 6)
[16.402s][trace][gc,age         ] GC(489) - age   1:     400208 bytes,     400208 total
[16.402s][info ][gc,heap        ] GC(489) ParNew: 139880K->398K(157376K)
[16.402s][info ][gc,heap        ] GC(489) CMS: 3752K->3752K(349568K)
[16.402s][info ][gc,metaspace   ] GC(489) Metaspace: 16008K(16640K)->16008K(16640K) NonClass: 14273K(14592K)->14273K(14592K) Class: 1734K(2048K)->1734K(2048K)
[16.402s][info ][gc             ] GC(489) Pause Young (Allocation Failure) 140M->4M(495M) 0.436ms
[16.402s][info ][gc,cpu         ] GC(489) User=0.00s Sys=0.00s Real=0.00s
[16.411s][info ][gc,start       ] GC(490) Pause Young (Allocation Failure)
[16.411s][info ][gc,task        ] GC(490) Using 9 workers of 9 for evacuation
[16.412s][debug][gc,age         ] GC(490) Desired survivor size 8945664 bytes, new threshold 6 (max threshold 6)
[16.412s][trace][gc,age         ] GC(490) Age table with threshold 6 (max threshold 6)
[16.412s][trace][gc,age         ] GC(490) - age   1:        192 bytes,        192 total
[16.412s][info ][gc,heap        ] GC(490) ParNew: 140244K->6K(157376K)
[16.412s][info ][gc,heap        ] GC(490) CMS: 3752K->3752K(349568K)
[16.412s][info ][gc,metaspace   ] GC(490) Metaspace: 16008K(16640K)->16008K(16640K) NonClass: 14273K(14592K)->14273K(14592K) Class: 1734K(2048K)->1734K(2048K)
[16.412s][info ][gc             ] GC(490) Pause Young (Allocation Failure) 140M->3M(495M) 0.396ms
[16.412s][info ][gc,cpu         ] GC(490) User=0.00s Sys=0.00s Real=0.00s
[16.421s][info ][gc,start       ] GC(491) Pause Young (Allocation Failure)
[16.421s][info ][gc,task        ] GC(491) Using 9 workers of 9 for evacuation
[16.421s][debug][gc,age         ] GC(491) Desired survivor size 8945664 bytes, new threshold 6 (max threshold 6)
[16.422s][trace][gc,age         ] GC(491) Age table with threshold 6 (max threshold 6)
[16.422s][trace][gc,age         ] GC(491) - age   1:        192 bytes,        192 total
[16.422s][info ][gc,heap        ] GC(491) ParNew: 139531K->6K(157376K)
[16.422s][info ][gc,heap        ] GC(491) CMS: 3752K->3752K(349568K)
[16.422s][info ][gc,metaspace   ] GC(491) Metaspace: 16008K(16640K)->16008K(16640K) NonClass: 14273K(14592K)->14273K(14592K) Class: 1734K(2048K)->1734K(2048K)
[16.422s][info ][gc             ] GC(491) Pause Young (Allocation Failure) 139M->3M(495M) 0.331ms
[16.422s][info ][gc,cpu         ] GC(491) User=0.00s Sys=0.00s Real=0.00s
[16.431s][info ][gc,start       ] GC(492) Pause Young (Allocation Failure)
[16.431s][info ][gc,task        ] GC(492) Using 9 workers of 9 for evacuation
[16.431s][debug][gc,age         ] GC(492) Desired survivor size 8945664 bytes, new threshold 6 (max threshold 6)
[16.431s][trace][gc,age         ] GC(492) Age table with threshold 6 (max threshold 6)
[16.431s][trace][gc,age         ] GC(492) - age   1:        192 bytes,        192 total
[16.431s][info ][gc,heap        ] GC(492) ParNew: 139527K->8K(157376K)
[16.431s][info ][gc,heap        ] GC(492) CMS: 3752K->3752K(349568K)
[16.431s][info ][gc,metaspace   ] GC(492) Metaspace: 16008K(16640K)->16008K(16640K) NonClass: 14273K(14592K)->14273K(14592K) Class: 1734K(2048K)->1734K(2048K)
[16.431s][info ][gc             ] GC(492) Pause Young (Allocation Failure) 139M->3M(495M) 0.378ms
[16.431s][info ][gc,cpu         ] GC(492) User=0.00s Sys=0.00s Real=0.00s
[16.441s][info ][gc,start       ] GC(493) Pause Young (Allocation Failure)
[16.441s][info ][gc,task        ] GC(493) Using 9 workers of 9 for evacuation
[16.444s][debug][gc,age         ] GC(493) Desired survivor size 8945664 bytes, new threshold 6 (max threshold 6)
[16.444s][trace][gc,age         ] GC(493) Age table with threshold 6 (max threshold 6)
[16.444s][trace][gc,age         ] GC(493) - age   1:     400208 bytes,     400208 total
[16.444s][info ][gc,heap        ] GC(493) ParNew: 139879K->396K(157376K)
[16.444s][info ][gc,heap        ] GC(493) CMS: 3752K->3752K(349568K)
[16.444s][info ][gc,metaspace   ] GC(493) Metaspace: 16008K(16640K)->16008K(16640K) NonClass: 14273K(14592K)->14273K(14592K) Class: 1734K(2048K)->1734K(2048K)
[16.444s][info ][gc             ] GC(493) Pause Young (Allocation Failure) 140M->4M(495M) 3.167ms
[16.444s][info ][gc,cpu         ] GC(493) User=0.01s Sys=0.00s Real=0.00s
[16.454s][info ][gc,start       ] GC(494) Pause Young (Allocation Failure)
[16.454s][info ][gc,task        ] GC(494) Using 9 workers of 9 for evacuation
[16.454s][debug][gc,age         ] GC(494) Desired survivor size 8945664 bytes, new threshold 6 (max threshold 6)
[16.454s][trace][gc,age         ] GC(494) Age table with threshold 6 (max threshold 6)
[16.454s][trace][gc,age         ] GC(494) - age   1:        192 bytes,        192 total
[16.454s][info ][gc,heap        ] GC(494) ParNew: 140262K->6K(157376K)
[16.454s][info ][gc,heap        ] GC(494) CMS: 3752K->3752K(349568K)
[16.454s][info ][gc,metaspace   ] GC(494) Metaspace: 16008K(16640K)->16008K(16640K) NonClass: 14273K(14592K)->14273K(14592K) Class: 1734K(2048K)->1734K(2048K)
[16.454s][info ][gc             ] GC(494) Pause Young (Allocation Failure) 140M->3M(495M) 0.477ms
[16.454s][info ][gc,cpu         ] GC(494) User=0.00s Sys=0.00s Real=0.00s
[16.464s][info ][gc,start       ] GC(495) Pause Young (Allocation Failure)
[16.464s][info ][gc,task        ] GC(495) Using 9 workers of 9 for evacuation
[16.464s][debug][gc,age         ] GC(495) Desired survivor size 8945664 bytes, new threshold 6 (max threshold 6)
[16.464s][trace][gc,age         ] GC(495) Age table with threshold 6 (max threshold 6)
[16.464s][trace][gc,age         ] GC(495) - age   1:     400208 bytes,     400208 total
[16.464s][info ][gc,heap        ] GC(495) ParNew: 139877K->398K(157376K)
[16.464s][info ][gc,heap        ] GC(495) CMS: 3752K->3752K(349568K)
[16.464s][info ][gc,metaspace   ] GC(495) Metaspace: 16008K(16640K)->16008K(16640K) NonClass: 14273K(14592K)->14273K(14592K) Class: 1734K(2048K)->1734K(2048K)
[16.464s][info ][gc             ] GC(495) Pause Young (Allocation Failure) 140M->4M(495M) 0.367ms
[16.464s][info ][gc,cpu         ] GC(495) User=0.00s Sys=0.00s Real=0.00s
[16.473s][info ][gc,start       ] GC(496) Pause Young (Allocation Failure)
[16.474s][info ][gc,task        ] GC(496) Using 9 workers of 9 for evacuation
[16.474s][debug][gc,age         ] GC(496) Desired survivor size 8945664 bytes, new threshold 6 (max threshold 6)
[16.474s][trace][gc,age         ] GC(496) Age table with threshold 6 (max threshold 6)
[16.474s][trace][gc,age         ] GC(496) - age   1:        192 bytes,        192 total
[16.474s][info ][gc,heap        ] GC(496) ParNew: 140284K->6K(157376K)
[16.474s][info ][gc,heap        ] GC(496) CMS: 3752K->3752K(349568K)
[16.474s][info ][gc,metaspace   ] GC(496) Metaspace: 16008K(16640K)->16008K(16640K) NonClass: 14273K(14592K)->14273K(14592K) Class: 1734K(2048K)->1734K(2048K)
[16.474s][info ][gc             ] GC(496) Pause Young (Allocation Failure) 140M->3M(495M) 0.382ms
[16.474s][info ][gc,cpu         ] GC(496) User=0.00s Sys=0.00s Real=0.00s
[16.483s][info ][gc,start       ] GC(497) Pause Young (Allocation Failure)
[16.483s][info ][gc,task        ] GC(497) Using 9 workers of 9 for evacuation
[16.484s][debug][gc,age         ] GC(497) Desired survivor size 8945664 bytes, new threshold 6 (max threshold 6)
[16.484s][trace][gc,age         ] GC(497) Age table with threshold 6 (max threshold 6)
[16.484s][trace][gc,age         ] GC(497) - age   1:        192 bytes,        192 total
[16.484s][info ][gc,heap        ] GC(497) ParNew: 139519K->8K(157376K)
[16.484s][info ][gc,heap        ] GC(497) CMS: 3752K->3752K(349568K)
[16.484s][info ][gc,metaspace   ] GC(497) Metaspace: 16008K(16640K)->16008K(16640K) NonClass: 14273K(14592K)->14273K(14592K) Class: 1734K(2048K)->1734K(2048K)
[16.484s][info ][gc             ] GC(497) Pause Young (Allocation Failure) 139M->3M(495M) 0.526ms
[16.484s][info ][gc,cpu         ] GC(497) User=0.00s Sys=0.00s Real=0.00s
[16.493s][info ][gc,start       ] GC(498) Pause Young (Allocation Failure)
[16.493s][info ][gc,task        ] GC(498) Using 9 workers of 9 for evacuation
[16.494s][debug][gc,age         ] GC(498) Desired survivor size 8945664 bytes, new threshold 6 (max threshold 6)
[16.494s][trace][gc,age         ] GC(498) Age table with threshold 6 (max threshold 6)
[16.494s][trace][gc,age         ] GC(498) - age   1:     400208 bytes,     400208 total
[16.494s][info ][gc,heap        ] GC(498) ParNew: 139898K->396K(157376K)
[16.494s][info ][gc,heap        ] GC(498) CMS: 3752K->3752K(349568K)
[16.494s][info ][gc,metaspace   ] GC(498) Metaspace: 16008K(16640K)->16008K(16640K) NonClass: 14273K(14592K)->14273K(14592K) Class: 1734K(2048K)->1734K(2048K)
[16.494s][info ][gc             ] GC(498) Pause Young (Allocation Failure) 140M->4M(495M) 0.321ms
[16.494s][info ][gc,cpu         ] GC(498) User=0.00s Sys=0.00s Real=0.00s
[16.503s][info ][gc,start       ] GC(499) Pause Young (Allocation Failure)
[16.503s][info ][gc,task        ] GC(499) Using 9 workers of 9 for evacuation
[16.504s][debug][gc,age         ] GC(499) Desired survivor size 8945664 bytes, new threshold 6 (max threshold 6)
[16.504s][trace][gc,age         ] GC(499) Age table with threshold 6 (max threshold 6)
[16.504s][trace][gc,age         ] GC(499) - age   1:        192 bytes,        192 total
[16.504s][info ][gc,heap        ] GC(499) ParNew: 140255K->6K(157376K)
[16.504s][info ][gc,heap        ] GC(499) CMS: 3752K->3752K(349568K)
[16.504s][info ][gc,metaspace   ] GC(499) Metaspace: 16008K(16640K)->16008K(16640K) NonClass: 14273K(14592K)->14273K(14592K) Class: 1734K(2048K)->1734K(2048K)
[16.504s][info ][gc             ] GC(499) Pause Young (Allocation Failure) 140M->3M(495M) 0.510ms
[16.504s][info ][gc,cpu         ] GC(499) User=0.00s Sys=0.00s Real=0.00s
[16.513s][info ][gc,start       ] GC(500) Pause Young (Allocation Failure)
[16.513s][info ][gc,task        ] GC(500) Using 9 workers of 9 for evacuation
[16.514s][debug][gc,age         ] GC(500) Desired survivor size 8945664 bytes, new threshold 6 (max threshold 6)
[16.514s][trace][gc,age         ] GC(500) Age table with threshold 6 (max threshold 6)
[16.514s][trace][gc,age         ] GC(500) - age   1:     400208 bytes,     400208 total
[16.514s][info ][gc,heap        ] GC(500) ParNew: 139875K->396K(157376K)
[16.514s][info ][gc,heap        ] GC(500) CMS: 3752K->3752K(349568K)
[16.514s][info ][gc,metaspace   ] GC(500) Metaspace: 16008K(16640K)->16008K(16640K) NonClass: 14273K(14592K)->14273K(14592K) Class: 1734K(2048K)->1734K(2048K)
[16.514s][info ][gc             ] GC(500) Pause Young (Allocation Failure) 140M->4M(495M) 0.360ms
[16.514s][info ][gc,cpu         ] GC(500) User=0.00s Sys=0.00s Real=0.00s
[16.523s][info ][gc,start       ] GC(501) Pause Young (Allocation Failure)
[16.523s][info ][gc,task        ] GC(501) Using 9 workers of 9 for evacuation
[16.524s][debug][gc,age         ] GC(501) Desired survivor size 8945664 bytes, new threshold 6 (max threshold 6)
[16.524s][trace][gc,age         ] GC(501) Age table with threshold 6 (max threshold 6)
[16.524s][trace][gc,age         ] GC(501) - age   1:        192 bytes,        192 total
[16.524s][info ][gc,heap        ] GC(501) ParNew: 140287K->8K(157376K)
[16.524s][info ][gc,heap        ] GC(501) CMS: 3752K->3752K(349568K)
[16.524s][info ][gc,metaspace   ] GC(501) Metaspace: 16008K(16640K)->16008K(16640K) NonClass: 14273K(14592K)->14273K(14592K) Class: 1734K(2048K)->1734K(2048K)
[16.524s][info ][gc             ] GC(501) Pause Young (Allocation Failure) 140M->3M(495M) 0.431ms
[16.524s][info ][gc,cpu         ] GC(501) User=0.00s Sys=0.00s Real=0.00s
[16.533s][info ][gc,start       ] GC(502) Pause Young (Allocation Failure)
[16.533s][info ][gc,task        ] GC(502) Using 9 workers of 9 for evacuation
[16.534s][debug][gc,age         ] GC(502) Desired survivor size 8945664 bytes, new threshold 6 (max threshold 6)
[16.534s][trace][gc,age         ] GC(502) Age table with threshold 6 (max threshold 6)
[16.534s][trace][gc,age         ] GC(502) - age   1:     400208 bytes,     400208 total
[16.534s][info ][gc,heap        ] GC(502) ParNew: 139895K->394K(157376K)
[16.534s][info ][gc,heap        ] GC(502) CMS: 3752K->3752K(349568K)
[16.534s][info ][gc,metaspace   ] GC(502) Metaspace: 16008K(16640K)->16008K(16640K) NonClass: 14273K(14592K)->14273K(14592K) Class: 1734K(2048K)->1734K(2048K)
[16.534s][info ][gc             ] GC(502) Pause Young (Allocation Failure) 140M->4M(495M) 0.446ms
[16.534s][info ][gc,cpu         ] GC(502) User=0.01s Sys=0.00s Real=0.00s
[16.543s][info ][gc,start       ] GC(503) Pause Young (Allocation Failure)
[16.543s][info ][gc,task        ] GC(503) Using 9 workers of 9 for evacuation
[16.543s][debug][gc,age         ] GC(503) Desired survivor size 8945664 bytes, new threshold 6 (max threshold 6)
[16.543s][trace][gc,age         ] GC(503) Age table with threshold 6 (max threshold 6)
[16.543s][trace][gc,age         ] GC(503) - age   1:        192 bytes,        192 total
[16.543s][info ][gc,heap        ] GC(503) ParNew: 140270K->4K(157376K)
[16.543s][info ][gc,heap        ] GC(503) CMS: 3752K->3752K(349568K)
[16.543s][info ][gc,metaspace   ] GC(503) Metaspace: 16008K(16640K)->16008K(16640K) NonClass: 14273K(14592K)->14273K(14592K) Class: 1734K(2048K)->1734K(2048K)
[16.543s][info ][gc             ] GC(503) Pause Young (Allocation Failure) 140M->3M(495M) 0.431ms
[16.543s][info ][gc,cpu         ] GC(503) User=0.01s Sys=0.00s Real=0.00s
[16.553s][info ][gc,start       ] GC(504) Pause Young (Allocation Failure)
[16.553s][info ][gc,task        ] GC(504) Using 9 workers of 9 for evacuation
[16.553s][debug][gc,age         ] GC(504) Desired survivor size 8945664 bytes, new threshold 6 (max threshold 6)
[16.553s][trace][gc,age         ] GC(504) Age table with threshold 6 (max threshold 6)
[16.553s][trace][gc,age         ] GC(504) - age   1:     400208 bytes,     400208 total
[16.553s][info ][gc,heap        ] GC(504) ParNew: 139899K->396K(157376K)
[16.553s][info ][gc,heap        ] GC(504) CMS: 3752K->3752K(349568K)
[16.553s][info ][gc,metaspace   ] GC(504) Metaspace: 16008K(16640K)->16008K(16640K) NonClass: 14273K(14592K)->14273K(14592K) Class: 1734K(2048K)->1734K(2048K)
[16.553s][info ][gc             ] GC(504) Pause Young (Allocation Failure) 140M->4M(495M) 0.316ms
[16.553s][info ][gc,cpu         ] GC(504) User=0.00s Sys=0.00s Real=0.00s
[16.563s][info ][gc,start       ] GC(505) Pause Young (Allocation Failure)
[16.563s][info ][gc,task        ] GC(505) Using 9 workers of 9 for evacuation
[16.563s][debug][gc,age         ] GC(505) Desired survivor size 8945664 bytes, new threshold 6 (max threshold 6)
[16.563s][trace][gc,age         ] GC(505) Age table with threshold 6 (max threshold 6)
[16.563s][trace][gc,age         ] GC(505) - age   1:        192 bytes,        192 total
[16.563s][info ][gc,heap        ] GC(505) ParNew: 140297K->6K(157376K)
[16.563s][info ][gc,heap        ] GC(505) CMS: 3752K->3752K(349568K)
[16.563s][info ][gc,metaspace   ] GC(505) Metaspace: 16008K(16640K)->16008K(16640K) NonClass: 14273K(14592K)->14273K(14592K) Class: 1734K(2048K)->1734K(2048K)
[16.563s][info ][gc             ] GC(505) Pause Young (Allocation Failure) 140M->3M(495M) 0.398ms
[16.563s][info ][gc,cpu         ] GC(505) User=0.00s Sys=0.00s Real=0.00s
[16.573s][info ][gc,start       ] GC(506) Pause Young (Allocation Failure)
[16.573s][info ][gc,task        ] GC(506) Using 9 workers of 9 for evacuation
[16.573s][debug][gc,age         ] GC(506) Desired survivor size 8945664 bytes, new threshold 6 (max threshold 6)
[16.573s][trace][gc,age         ] GC(506) Age table with threshold 6 (max threshold 6)
[16.573s][trace][gc,age         ] GC(506) - age   1:        192 bytes,        192 total
[16.573s][info ][gc,heap        ] GC(506) ParNew: 139520K->6K(157376K)
[16.573s][info ][gc,heap        ] GC(506) CMS: 3752K->3752K(349568K)
[16.573s][info ][gc,metaspace   ] GC(506) Metaspace: 16008K(16640K)->16008K(16640K) NonClass: 14273K(14592K)->14273K(14592K) Class: 1734K(2048K)->1734K(2048K)
[16.573s][info ][gc             ] GC(506) Pause Young (Allocation Failure) 139M->3M(495M) 0.406ms
[16.573s][info ][gc,cpu         ] GC(506) User=0.00s Sys=0.00s Real=0.00s
[16.583s][info ][gc,start       ] GC(507) Pause Young (Allocation Failure)
[16.583s][info ][gc,task        ] GC(507) Using 9 workers of 9 for evacuation
[16.583s][debug][gc,age         ] GC(507) Desired survivor size 8945664 bytes, new threshold 6 (max threshold 6)
[16.583s][trace][gc,age         ] GC(507) Age table with threshold 6 (max threshold 6)
[16.583s][trace][gc,age         ] GC(507) - age   1:     400208 bytes,     400208 total
[16.583s][info ][gc,heap        ] GC(507) ParNew: 139884K->394K(157376K)
[16.583s][info ][gc,heap        ] GC(507) CMS: 3752K->3752K(349568K)
[16.583s][info ][gc,metaspace   ] GC(507) Metaspace: 16008K(16640K)->16008K(16640K) NonClass: 14273K(14592K)->14273K(14592K) Class: 1734K(2048K)->1734K(2048K)
[16.583s][info ][gc             ] GC(507) Pause Young (Allocation Failure) 140M->4M(495M) 0.468ms
[16.583s][info ][gc,cpu         ] GC(507) User=0.00s Sys=0.00s Real=0.00s
[16.593s][info ][gc,start       ] GC(508) Pause Young (Allocation Failure)
[16.593s][info ][gc,task        ] GC(508) Using 9 workers of 9 for evacuation
[16.593s][debug][gc,age         ] GC(508) Desired survivor size 8945664 bytes, new threshold 6 (max threshold 6)
[16.593s][trace][gc,age         ] GC(508) Age table with threshold 6 (max threshold 6)
[16.593s][trace][gc,age         ] GC(508) - age   1:        192 bytes,        192 total
[16.593s][info ][gc,heap        ] GC(508) ParNew: 140273K->6K(157376K)
[16.593s][info ][gc,heap        ] GC(508) CMS: 3752K->3752K(349568K)
[16.593s][info ][gc,metaspace   ] GC(508) Metaspace: 16008K(16640K)->16008K(16640K) NonClass: 14273K(14592K)->14273K(14592K) Class: 1734K(2048K)->1734K(2048K)
[16.593s][info ][gc             ] GC(508) Pause Young (Allocation Failure) 140M->3M(495M) 0.545ms
[16.593s][info ][gc,cpu         ] GC(508) User=0.00s Sys=0.00s Real=0.00s
[16.603s][info ][gc,start       ] GC(509) Pause Young (Allocation Failure)
[16.603s][info ][gc,task        ] GC(509) Using 9 workers of 9 for evacuation
[16.603s][debug][gc,age         ] GC(509) Desired survivor size 8945664 bytes, new threshold 6 (max threshold 6)
[16.603s][trace][gc,age         ] GC(509) Age table with threshold 6 (max threshold 6)
[16.603s][trace][gc,age         ] GC(509) - age   1:     400208 bytes,     400208 total
[16.603s][info ][gc,heap        ] GC(509) ParNew: 139885K->396K(157376K)
[16.603s][info ][gc,heap        ] GC(509) CMS: 3752K->3752K(349568K)
[16.603s][info ][gc,metaspace   ] GC(509) Metaspace: 16008K(16640K)->16008K(16640K) NonClass: 14273K(14592K)->14273K(14592K) Class: 1734K(2048K)->1734K(2048K)
[16.603s][info ][gc             ] GC(509) Pause Young (Allocation Failure) 140M->4M(495M) 0.430ms
[16.603s][info ][gc,cpu         ] GC(509) User=0.00s Sys=0.00s Real=0.00s
[16.613s][info ][gc,start       ] GC(510) Pause Young (Allocation Failure)
[16.613s][info ][gc,task        ] GC(510) Using 9 workers of 9 for evacuation
[16.613s][debug][gc,age         ] GC(510) Desired survivor size 8945664 bytes, new threshold 6 (max threshold 6)
[16.613s][trace][gc,age         ] GC(510) Age table with threshold 6 (max threshold 6)
[16.613s][trace][gc,age         ] GC(510) - age   1:        192 bytes,        192 total
[16.613s][info ][gc,heap        ] GC(510) ParNew: 140284K->8K(157376K)
[16.613s][info ][gc,heap        ] GC(510) CMS: 3752K->3752K(349568K)
[16.613s][info ][gc,metaspace   ] GC(510) Metaspace: 16008K(16640K)->16008K(16640K) NonClass: 14273K(14592K)->14273K(14592K) Class: 1734K(2048K)->1734K(2048K)
[16.613s][info ][gc             ] GC(510) Pause Young (Allocation Failure) 140M->3M(495M) 0.428ms
[16.613s][info ][gc,cpu         ] GC(510) User=0.01s Sys=0.00s Real=0.00s
[16.622s][info ][gc,start       ] GC(511) Pause Young (Allocation Failure)
[16.623s][info ][gc,task        ] GC(511) Using 9 workers of 9 for evacuation
[16.623s][debug][gc,age         ] GC(511) Desired survivor size 8945664 bytes, new threshold 6 (max threshold 6)
[16.623s][trace][gc,age         ] GC(511) Age table with threshold 6 (max threshold 6)
[16.623s][trace][gc,age         ] GC(511) - age   1:        192 bytes,        192 total
[16.623s][info ][gc,heap        ] GC(511) ParNew: 139521K->8K(157376K)
[16.623s][info ][gc,heap        ] GC(511) CMS: 3752K->3752K(349568K)
[16.623s][info ][gc,metaspace   ] GC(511) Metaspace: 16008K(16640K)->16008K(16640K) NonClass: 14273K(14592K)->14273K(14592K) Class: 1734K(2048K)->1734K(2048K)
[16.623s][info ][gc             ] GC(511) Pause Young (Allocation Failure) 139M->3M(495M) 0.344ms
[16.623s][info ][gc,cpu         ] GC(511) User=0.00s Sys=0.01s Real=0.00s
[16.632s][info ][gc,start       ] GC(512) Pause Young (Allocation Failure)
[16.632s][info ][gc,task        ] GC(512) Using 9 workers of 9 for evacuation
[16.633s][debug][gc,age         ] GC(512) Desired survivor size 8945664 bytes, new threshold 6 (max threshold 6)
[16.633s][trace][gc,age         ] GC(512) Age table with threshold 6 (max threshold 6)
[16.633s][trace][gc,age         ] GC(512) - age   1:     400208 bytes,     400208 total
[16.633s][info ][gc,heap        ] GC(512) ParNew: 139891K->396K(157376K)
[16.633s][info ][gc,heap        ] GC(512) CMS: 3752K->3752K(349568K)
[16.633s][info ][gc,metaspace   ] GC(512) Metaspace: 16008K(16640K)->16008K(16640K) NonClass: 14273K(14592K)->14273K(14592K) Class: 1734K(2048K)->1734K(2048K)
[16.633s][info ][gc             ] GC(512) Pause Young (Allocation Failure) 140M->4M(495M) 0.399ms
[16.633s][info ][gc,cpu         ] GC(512) User=0.00s Sys=0.00s Real=0.00s
[16.642s][info ][gc,start       ] GC(513) Pause Young (Allocation Failure)
[16.642s][info ][gc,task        ] GC(513) Using 9 workers of 9 for evacuation
[16.643s][debug][gc,age         ] GC(513) Desired survivor size 8945664 bytes, new threshold 6 (max threshold 6)
[16.643s][trace][gc,age         ] GC(513) Age table with threshold 6 (max threshold 6)
[16.643s][trace][gc,age         ] GC(513) - age   1:        192 bytes,        192 total
[16.643s][info ][gc,heap        ] GC(513) ParNew: 140269K->6K(157376K)
[16.643s][info ][gc,heap        ] GC(513) CMS: 3752K->3752K(349568K)
[16.643s][info ][gc,metaspace   ] GC(513) Metaspace: 16008K(16640K)->16008K(16640K) NonClass: 14273K(14592K)->14273K(14592K) Class: 1734K(2048K)->1734K(2048K)
[16.643s][info ][gc             ] GC(513) Pause Young (Allocation Failure) 140M->3M(495M) 0.371ms
[16.643s][info ][gc,cpu         ] GC(513) User=0.00s Sys=0.00s Real=0.00s
[16.652s][info ][gc,start       ] GC(514) Pause Young (Allocation Failure)
[16.652s][info ][gc,task        ] GC(514) Using 9 workers of 9 for evacuation
[16.652s][debug][gc,age         ] GC(514) Desired survivor size 8945664 bytes, new threshold 6 (max threshold 6)
[16.652s][trace][gc,age         ] GC(514) Age table with threshold 6 (max threshold 6)
[16.652s][trace][gc,age         ] GC(514) - age   1:     400208 bytes,     400208 total
[16.653s][info ][gc,heap        ] GC(514) ParNew: 139877K->398K(157376K)
[16.653s][info ][gc,heap        ] GC(514) CMS: 3752K->3752K(349568K)
[16.653s][info ][gc,metaspace   ] GC(514) Metaspace: 16008K(16640K)->16008K(16640K) NonClass: 14273K(14592K)->14273K(14592K) Class: 1734K(2048K)->1734K(2048K)
[16.653s][info ][gc             ] GC(514) Pause Young (Allocation Failure) 140M->4M(495M) 0.395ms
[16.653s][info ][gc,cpu         ] GC(514) User=0.00s Sys=0.00s Real=0.00s
[16.662s][info ][gc,start       ] GC(515) Pause Young (Allocation Failure)
[16.662s][info ][gc,task        ] GC(515) Using 9 workers of 9 for evacuation
[16.662s][debug][gc,age         ] GC(515) Desired survivor size 8945664 bytes, new threshold 6 (max threshold 6)
[16.662s][trace][gc,age         ] GC(515) Age table with threshold 6 (max threshold 6)
[16.662s][trace][gc,age         ] GC(515) - age   1:        192 bytes,        192 total
[16.662s][info ][gc,heap        ] GC(515) ParNew: 140276K->6K(157376K)
[16.662s][info ][gc,heap        ] GC(515) CMS: 3752K->3752K(349568K)
[16.662s][info ][gc,metaspace   ] GC(515) Metaspace: 16008K(16640K)->16008K(16640K) NonClass: 14273K(14592K)->14273K(14592K) Class: 1734K(2048K)->1734K(2048K)
[16.662s][info ][gc             ] GC(515) Pause Young (Allocation Failure) 140M->3M(495M) 0.347ms
[16.662s][info ][gc,cpu         ] GC(515) User=0.00s Sys=0.00s Real=0.00s
[16.672s][info ][gc,start       ] GC(516) Pause Young (Allocation Failure)
[16.672s][info ][gc,task        ] GC(516) Using 9 workers of 9 for evacuation
[16.672s][debug][gc,age         ] GC(516) Desired survivor size 8945664 bytes, new threshold 6 (max threshold 6)
[16.672s][trace][gc,age         ] GC(516) Age table with threshold 6 (max threshold 6)
[16.672s][trace][gc,age         ] GC(516) - age   1:     400208 bytes,     400208 total
[16.672s][info ][gc,heap        ] GC(516) ParNew: 139884K->396K(157376K)
[16.672s][info ][gc,heap        ] GC(516) CMS: 3752K->3752K(349568K)
[16.672s][info ][gc,metaspace   ] GC(516) Metaspace: 16008K(16640K)->16008K(16640K) NonClass: 14273K(14592K)->14273K(14592K) Class: 1734K(2048K)->1734K(2048K)
[16.672s][info ][gc             ] GC(516) Pause Young (Allocation Failure) 140M->4M(495M) 0.407ms
[16.672s][info ][gc,cpu         ] GC(516) User=0.00s Sys=0.00s Real=0.00s
[16.682s][info ][gc,start       ] GC(517) Pause Young (Allocation Failure)
[16.682s][info ][gc,task        ] GC(517) Using 9 workers of 9 for evacuation
[16.682s][debug][gc,age         ] GC(517) Desired survivor size 8945664 bytes, new threshold 6 (max threshold 6)
[16.682s][trace][gc,age         ] GC(517) Age table with threshold 6 (max threshold 6)
[16.682s][trace][gc,age         ] GC(517) - age   1:        192 bytes,        192 total
[16.682s][info ][gc,heap        ] GC(517) ParNew: 140287K->4K(157376K)
[16.682s][info ][gc,heap        ] GC(517) CMS: 3752K->3752K(349568K)
[16.682s][info ][gc,metaspace   ] GC(517) Metaspace: 16008K(16640K)->16008K(16640K) NonClass: 14273K(14592K)->14273K(14592K) Class: 1734K(2048K)->1734K(2048K)
[16.682s][info ][gc             ] GC(517) Pause Young (Allocation Failure) 140M->3M(495M) 0.500ms
[16.682s][info ][gc,cpu         ] GC(517) User=0.00s Sys=0.00s Real=0.00s
[16.692s][info ][gc,start       ] GC(518) Pause Young (Allocation Failure)
[16.692s][info ][gc,task        ] GC(518) Using 9 workers of 9 for evacuation
[16.692s][debug][gc,age         ] GC(518) Desired survivor size 8945664 bytes, new threshold 6 (max threshold 6)
[16.692s][trace][gc,age         ] GC(518) Age table with threshold 6 (max threshold 6)
[16.692s][trace][gc,age         ] GC(518) - age   1:     400208 bytes,     400208 total
[16.692s][info ][gc,heap        ] GC(518) ParNew: 139885K->398K(157376K)
[16.692s][info ][gc,heap        ] GC(518) CMS: 3752K->3752K(349568K)
[16.692s][info ][gc,metaspace   ] GC(518) Metaspace: 16008K(16640K)->16008K(16640K) NonClass: 14273K(14592K)->14273K(14592K) Class: 1734K(2048K)->1734K(2048K)
[16.692s][info ][gc             ] GC(518) Pause Young (Allocation Failure) 140M->4M(495M) 0.383ms
[16.692s][info ][gc,cpu         ] GC(518) User=0.00s Sys=0.00s Real=0.00s
[16.702s][info ][gc,start       ] GC(519) Pause Young (Allocation Failure)
[16.702s][info ][gc,task        ] GC(519) Using 9 workers of 9 for evacuation
[16.702s][debug][gc,age         ] GC(519) Desired survivor size 8945664 bytes, new threshold 6 (max threshold 6)
[16.702s][trace][gc,age         ] GC(519) Age table with threshold 6 (max threshold 6)
[16.702s][trace][gc,age         ] GC(519) - age   1:        192 bytes,        192 total
[16.702s][info ][gc,heap        ] GC(519) ParNew: 140276K->6K(157376K)
[16.702s][info ][gc,heap        ] GC(519) CMS: 3752K->3752K(349568K)
[16.702s][info ][gc,metaspace   ] GC(519) Metaspace: 16008K(16640K)->16008K(16640K) NonClass: 14273K(14592K)->14273K(14592K) Class: 1734K(2048K)->1734K(2048K)
[16.702s][info ][gc             ] GC(519) Pause Young (Allocation Failure) 140M->3M(495M) 0.413ms
[16.702s][info ][gc,cpu         ] GC(519) User=0.00s Sys=0.00s Real=0.00s
[16.712s][info ][gc,start       ] GC(520) Pause Young (Allocation Failure)
[16.712s][info ][gc,task        ] GC(520) Using 9 workers of 9 for evacuation
[16.712s][debug][gc,age         ] GC(520) Desired survivor size 8945664 bytes, new threshold 6 (max threshold 6)
[16.712s][trace][gc,age         ] GC(520) Age table with threshold 6 (max threshold 6)
[16.712s][trace][gc,age         ] GC(520) - age   1:     400208 bytes,     400208 total
[16.712s][info ][gc,heap        ] GC(520) ParNew: 139898K->396K(157376K)
[16.712s][info ][gc,heap        ] GC(520) CMS: 3752K->3752K(349568K)
[16.712s][info ][gc,metaspace   ] GC(520) Metaspace: 16008K(16640K)->16008K(16640K) NonClass: 14273K(14592K)->14273K(14592K) Class: 1734K(2048K)->1734K(2048K)
[16.712s][info ][gc             ] GC(520) Pause Young (Allocation Failure) 140M->4M(495M) 0.449ms
[16.712s][info ][gc,cpu         ] GC(520) User=0.01s Sys=0.00s Real=0.00s
[16.722s][info ][gc,start       ] GC(521) Pause Young (Allocation Failure)
[16.722s][info ][gc,task        ] GC(521) Using 9 workers of 9 for evacuation
[16.722s][debug][gc,age         ] GC(521) Desired survivor size 8945664 bytes, new threshold 6 (max threshold 6)
[16.722s][trace][gc,age         ] GC(521) Age table with threshold 6 (max threshold 6)
[16.722s][trace][gc,age         ] GC(521) - age   1:        192 bytes,        192 total
[16.722s][info ][gc,heap        ] GC(521) ParNew: 140276K->6K(157376K)
[16.722s][info ][gc,heap        ] GC(521) CMS: 3752K->3752K(349568K)
[16.722s][info ][gc,metaspace   ] GC(521) Metaspace: 16008K(16640K)->16008K(16640K) NonClass: 14273K(14592K)->14273K(14592K) Class: 1734K(2048K)->1734K(2048K)
[16.722s][info ][gc             ] GC(521) Pause Young (Allocation Failure) 140M->3M(495M) 0.441ms
[16.722s][info ][gc,cpu         ] GC(521) User=0.00s Sys=0.00s Real=0.00s
[16.732s][info ][gc,start       ] GC(522) Pause Young (Allocation Failure)
[16.732s][info ][gc,task        ] GC(522) Using 9 workers of 9 for evacuation
[16.732s][debug][gc,age         ] GC(522) Desired survivor size 8945664 bytes, new threshold 6 (max threshold 6)
[16.732s][trace][gc,age         ] GC(522) Age table with threshold 6 (max threshold 6)
[16.732s][trace][gc,age         ] GC(522) - age   1:     400208 bytes,     400208 total
[16.732s][info ][gc,heap        ] GC(522) ParNew: 139900K->398K(157376K)
[16.732s][info ][gc,heap        ] GC(522) CMS: 3752K->3752K(349568K)
[16.732s][info ][gc,metaspace   ] GC(522) Metaspace: 16008K(16640K)->16008K(16640K) NonClass: 14273K(14592K)->14273K(14592K) Class: 1734K(2048K)->1734K(2048K)
[16.732s][info ][gc             ] GC(522) Pause Young (Allocation Failure) 140M->4M(495M) 0.384ms
[16.732s][info ][gc,cpu         ] GC(522) User=0.00s Sys=0.00s Real=0.00s
[16.742s][info ][gc,start       ] GC(523) Pause Young (Allocation Failure)
[16.742s][info ][gc,task        ] GC(523) Using 9 workers of 9 for evacuation
[16.743s][debug][gc,age         ] GC(523) Desired survivor size 8945664 bytes, new threshold 6 (max threshold 6)
[16.743s][trace][gc,age         ] GC(523) Age table with threshold 6 (max threshold 6)
[16.743s][trace][gc,age         ] GC(523) - age   1:        192 bytes,        192 total
[16.743s][info ][gc,heap        ] GC(523) ParNew: 140288K->4K(157376K)
[16.743s][info ][gc,heap        ] GC(523) CMS: 3752K->3752K(349568K)
[16.743s][info ][gc,metaspace   ] GC(523) Metaspace: 16008K(16640K)->16008K(16640K) NonClass: 14273K(14592K)->14273K(14592K) Class: 1734K(2048K)->1734K(2048K)
[16.743s][info ][gc             ] GC(523) Pause Young (Allocation Failure) 140M->3M(495M) 0.717ms
[16.743s][info ][gc,cpu         ] GC(523) User=0.00s Sys=0.00s Real=0.00s
[16.752s][info ][gc,start       ] GC(524) Pause Young (Allocation Failure)
[16.752s][info ][gc,task        ] GC(524) Using 9 workers of 9 for evacuation
[16.753s][debug][gc,age         ] GC(524) Desired survivor size 8945664 bytes, new threshold 6 (max threshold 6)
[16.753s][trace][gc,age         ] GC(524) Age table with threshold 6 (max threshold 6)
[16.753s][trace][gc,age         ] GC(524) - age   1:     400208 bytes,     400208 total
[16.753s][info ][gc,heap        ] GC(524) ParNew: 139881K->394K(157376K)
[16.753s][info ][gc,heap        ] GC(524) CMS: 3752K->3752K(349568K)
[16.753s][info ][gc,metaspace   ] GC(524) Metaspace: 16008K(16640K)->16008K(16640K) NonClass: 14273K(14592K)->14273K(14592K) Class: 1734K(2048K)->1734K(2048K)
[16.753s][info ][gc             ] GC(524) Pause Young (Allocation Failure) 140M->4M(495M) 0.433ms
[16.753s][info ][gc,cpu         ] GC(524) User=0.00s Sys=0.00s Real=0.00s
[16.762s][info ][gc,start       ] GC(525) Pause Young (Allocation Failure)
[16.762s][info ][gc,task        ] GC(525) Using 9 workers of 9 for evacuation
[16.763s][debug][gc,age         ] GC(525) Desired survivor size 8945664 bytes, new threshold 6 (max threshold 6)
[16.763s][trace][gc,age         ] GC(525) Age table with threshold 6 (max threshold 6)
[16.763s][trace][gc,age         ] GC(525) - age   1:        192 bytes,        192 total
[16.763s][info ][gc,heap        ] GC(525) ParNew: 140269K->6K(157376K)
[16.763s][info ][gc,heap        ] GC(525) CMS: 3752K->3752K(349568K)
[16.763s][info ][gc,metaspace   ] GC(525) Metaspace: 16008K(16640K)->16008K(16640K) NonClass: 14273K(14592K)->14273K(14592K) Class: 1734K(2048K)->1734K(2048K)
[16.763s][info ][gc             ] GC(525) Pause Young (Allocation Failure) 140M->3M(495M) 0.444ms
[16.763s][info ][gc,cpu         ] GC(525) User=0.00s Sys=0.00s Real=0.00s
[16.772s][info ][gc,start       ] GC(526) Pause Young (Allocation Failure)
[16.772s][info ][gc,task        ] GC(526) Using 9 workers of 9 for evacuation
[16.772s][debug][gc,age         ] GC(526) Desired survivor size 8945664 bytes, new threshold 6 (max threshold 6)
[16.772s][trace][gc,age         ] GC(526) Age table with threshold 6 (max threshold 6)
[16.772s][trace][gc,age         ] GC(526) - age   1:     400208 bytes,     400208 total
[16.772s][info ][gc,heap        ] GC(526) ParNew: 139884K->396K(157376K)
[16.772s][info ][gc,heap        ] GC(526) CMS: 3752K->3752K(349568K)
[16.772s][info ][gc,metaspace   ] GC(526) Metaspace: 16008K(16640K)->16008K(16640K) NonClass: 14273K(14592K)->14273K(14592K) Class: 1734K(2048K)->1734K(2048K)
[16.772s][info ][gc             ] GC(526) Pause Young (Allocation Failure) 140M->4M(495M) 0.361ms
[16.772s][info ][gc,cpu         ] GC(526) User=0.00s Sys=0.00s Real=0.00s
[16.782s][info ][gc,start       ] GC(527) Pause Young (Allocation Failure)
[16.782s][info ][gc,task        ] GC(527) Using 9 workers of 9 for evacuation
[16.782s][debug][gc,age         ] GC(527) Desired survivor size 8945664 bytes, new threshold 6 (max threshold 6)
[16.782s][trace][gc,age         ] GC(527) Age table with threshold 6 (max threshold 6)
[16.782s][trace][gc,age         ] GC(527) - age   1:        192 bytes,        192 total
[16.782s][info ][gc,heap        ] GC(527) ParNew: 140282K->6K(157376K)
[16.782s][info ][gc,heap        ] GC(527) CMS: 3752K->3752K(349568K)
[16.782s][info ][gc,metaspace   ] GC(527) Metaspace: 16008K(16640K)->16008K(16640K) NonClass: 14273K(14592K)->14273K(14592K) Class: 1734K(2048K)->1734K(2048K)
[16.782s][info ][gc             ] GC(527) Pause Young (Allocation Failure) 140M->3M(495M) 0.343ms
[16.782s][info ][gc,cpu         ] GC(527) User=0.00s Sys=0.00s Real=0.00s
[16.792s][info ][gc,start       ] GC(528) Pause Young (Allocation Failure)
[16.792s][info ][gc,task        ] GC(528) Using 9 workers of 9 for evacuation
[16.792s][debug][gc,age         ] GC(528) Desired survivor size 8945664 bytes, new threshold 6 (max threshold 6)
[16.792s][trace][gc,age         ] GC(528) Age table with threshold 6 (max threshold 6)
[16.792s][trace][gc,age         ] GC(528) - age   1:     400208 bytes,     400208 total
[16.792s][info ][gc,heap        ] GC(528) ParNew: 139887K->394K(157376K)
[16.792s][info ][gc,heap        ] GC(528) CMS: 3752K->3752K(349568K)
[16.792s][info ][gc,metaspace   ] GC(528) Metaspace: 16008K(16640K)->16008K(16640K) NonClass: 14273K(14592K)->14273K(14592K) Class: 1734K(2048K)->1734K(2048K)
[16.792s][info ][gc             ] GC(528) Pause Young (Allocation Failure) 140M->4M(495M) 0.438ms
[16.792s][info ][gc,cpu         ] GC(528) User=0.00s Sys=0.00s Real=0.00s
[16.802s][info ][gc,start       ] GC(529) Pause Young (Allocation Failure)
[16.802s][info ][gc,task        ] GC(529) Using 9 workers of 9 for evacuation
[16.802s][debug][gc,age         ] GC(529) Desired survivor size 8945664 bytes, new threshold 6 (max threshold 6)
[16.802s][trace][gc,age         ] GC(529) Age table with threshold 6 (max threshold 6)
[16.802s][trace][gc,age         ] GC(529) - age   1:        192 bytes,        192 total
[16.802s][info ][gc,heap        ] GC(529) ParNew: 140273K->6K(157376K)
[16.802s][info ][gc,heap        ] GC(529) CMS: 3752K->3752K(349568K)
[16.802s][info ][gc,metaspace   ] GC(529) Metaspace: 16008K(16640K)->16008K(16640K) NonClass: 14273K(14592K)->14273K(14592K) Class: 1734K(2048K)->1734K(2048K)
[16.802s][info ][gc             ] GC(529) Pause Young (Allocation Failure) 140M->3M(495M) 0.426ms
[16.802s][info ][gc,cpu         ] GC(529) User=0.01s Sys=0.00s Real=0.00s
[16.812s][info ][gc,start       ] GC(530) Pause Young (Allocation Failure)
[16.812s][info ][gc,task        ] GC(530) Using 9 workers of 9 for evacuation
[16.812s][debug][gc,age         ] GC(530) Desired survivor size 8945664 bytes, new threshold 6 (max threshold 6)
[16.812s][trace][gc,age         ] GC(530) Age table with threshold 6 (max threshold 6)
[16.812s][trace][gc,age         ] GC(530) - age   1:     400208 bytes,     400208 total
[16.812s][info ][gc,heap        ] GC(530) ParNew: 139885K->396K(157376K)
[16.812s][info ][gc,heap        ] GC(530) CMS: 3752K->3752K(349568K)
[16.812s][info ][gc,metaspace   ] GC(530) Metaspace: 16008K(16640K)->16008K(16640K) NonClass: 14273K(14592K)->14273K(14592K) Class: 1734K(2048K)->1734K(2048K)
[16.812s][info ][gc             ] GC(530) Pause Young (Allocation Failure) 140M->4M(495M) 0.457ms
[16.812s][info ][gc,cpu         ] GC(530) User=0.01s Sys=0.00s Real=0.00s
[16.822s][info ][gc,start       ] GC(531) Pause Young (Allocation Failure)
[16.822s][info ][gc,task        ] GC(531) Using 9 workers of 9 for evacuation
[16.822s][debug][gc,age         ] GC(531) Desired survivor size 8945664 bytes, new threshold 6 (max threshold 6)
[16.822s][trace][gc,age         ] GC(531) Age table with threshold 6 (max threshold 6)
[16.822s][trace][gc,age         ] GC(531) - age   1:        192 bytes,        192 total
[16.822s][info ][gc,heap        ] GC(531) ParNew: 140285K->4K(157376K)
[16.822s][info ][gc,heap        ] GC(531) CMS: 3752K->3752K(349568K)
[16.822s][info ][gc,metaspace   ] GC(531) Metaspace: 16008K(16640K)->16008K(16640K) NonClass: 14273K(14592K)->14273K(14592K) Class: 1734K(2048K)->1734K(2048K)
[16.822s][info ][gc             ] GC(531) Pause Young (Allocation Failure) 140M->3M(495M) 0.374ms
[16.822s][info ][gc,cpu         ] GC(531) User=0.00s Sys=0.00s Real=0.00s
[16.832s][info ][gc,start       ] GC(532) Pause Young (Allocation Failure)
[16.832s][info ][gc,task        ] GC(532) Using 9 workers of 9 for evacuation
[16.832s][debug][gc,age         ] GC(532) Desired survivor size 8945664 bytes, new threshold 6 (max threshold 6)
[16.832s][trace][gc,age         ] GC(532) Age table with threshold 6 (max threshold 6)
[16.832s][trace][gc,age         ] GC(532) - age   1:     400208 bytes,     400208 total
[16.832s][info ][gc,heap        ] GC(532) ParNew: 139892K->398K(157376K)
[16.832s][info ][gc,heap        ] GC(532) CMS: 3752K->3752K(349568K)
[16.832s][info ][gc,metaspace   ] GC(532) Metaspace: 16008K(16640K)->16008K(16640K) NonClass: 14273K(14592K)->14273K(14592K) Class: 1734K(2048K)->1734K(2048K)
[16.832s][info ][gc             ] GC(532) Pause Young (Allocation Failure) 140M->4M(495M) 0.398ms
[16.832s][info ][gc,cpu         ] GC(532) User=0.00s Sys=0.00s Real=0.00s
[16.842s][info ][gc,start       ] GC(533) Pause Young (Allocation Failure)
[16.842s][info ][gc,task        ] GC(533) Using 9 workers of 9 for evacuation
[16.842s][debug][gc,age         ] GC(533) Desired survivor size 8945664 bytes, new threshold 6 (max threshold 6)
[16.842s][trace][gc,age         ] GC(533) Age table with threshold 6 (max threshold 6)
[16.842s][trace][gc,age         ] GC(533) - age   1:       1344 bytes,       1344 total
[16.842s][info ][gc,heap        ] GC(533) ParNew: 140295K->10K(157376K)
[16.842s][info ][gc,heap        ] GC(533) CMS: 3752K->3752K(349568K)
[16.842s][info ][gc,metaspace   ] GC(533) Metaspace: 16011K(16640K)->16011K(16640K) NonClass: 14275K(14592K)->14275K(14592K) Class: 1735K(2048K)->1735K(2048K)
[16.842s][info ][gc             ] GC(533) Pause Young (Allocation Failure) 140M->3M(495M) 0.453ms
[16.842s][info ][gc,cpu         ] GC(533) User=0.00s Sys=0.00s Real=0.00s
[16.852s][info ][gc,start       ] GC(534) Pause Young (Allocation Failure)
[16.852s][info ][gc,task        ] GC(534) Using 9 workers of 9 for evacuation
[16.853s][debug][gc,age         ] GC(534) Desired survivor size 8945664 bytes, new threshold 6 (max threshold 6)
[16.853s][trace][gc,age         ] GC(534) Age table with threshold 6 (max threshold 6)
[16.853s][trace][gc,age         ] GC(534) - age   1:     400208 bytes,     400208 total
[16.853s][trace][gc,age         ] GC(534) - age   2:       1080 bytes,     401288 total
[16.853s][info ][gc,heap        ] GC(534) ParNew: 139891K->402K(157376K)
[16.853s][info ][gc,heap        ] GC(534) CMS: 3752K->3752K(349568K)
[16.853s][info ][gc,metaspace   ] GC(534) Metaspace: 16011K(16640K)->16011K(16640K) NonClass: 14275K(14592K)->14275K(14592K) Class: 1735K(2048K)->1735K(2048K)
[16.853s][info ][gc             ] GC(534) Pause Young (Allocation Failure) 140M->4M(495M) 1.569ms
[16.853s][info ][gc,cpu         ] GC(534) User=0.01s Sys=0.00s Real=0.00s
[16.863s][info ][gc,start       ] GC(535) Pause Young (Allocation Failure)
[16.863s][info ][gc,task        ] GC(535) Using 9 workers of 9 for evacuation
[16.864s][debug][gc,age         ] GC(535) Desired survivor size 8945664 bytes, new threshold 6 (max threshold 6)
[16.864s][trace][gc,age         ] GC(535) Age table with threshold 6 (max threshold 6)
[16.864s][trace][gc,age         ] GC(535) - age   1:        824 bytes,        824 total
[16.864s][trace][gc,age         ] GC(535) - age   3:        784 bytes,       1608 total
[16.864s][info ][gc,heap        ] GC(535) ParNew: 140291K->14K(157376K)
[16.864s][info ][gc,heap        ] GC(535) CMS: 3752K->3752K(349568K)
[16.864s][info ][gc,metaspace   ] GC(535) Metaspace: 16022K(16640K)->16022K(16640K) NonClass: 14282K(14592K)->14282K(14592K) Class: 1740K(2048K)->1740K(2048K)
[16.864s][info ][gc             ] GC(535) Pause Young (Allocation Failure) 140M->3M(495M) 0.478ms
[16.864s][info ][gc,cpu         ] GC(535) User=0.00s Sys=0.00s Real=0.00s
[16.873s][info ][gc,start       ] GC(536) Pause Young (Allocation Failure)
[16.873s][info ][gc,task        ] GC(536) Using 9 workers of 9 for evacuation
[16.874s][debug][gc,age         ] GC(536) Desired survivor size 8945664 bytes, new threshold 6 (max threshold 6)
[16.874s][trace][gc,age         ] GC(536) Age table with threshold 6 (max threshold 6)
[16.874s][trace][gc,age         ] GC(536) - age   1:     400208 bytes,     400208 total
[16.874s][trace][gc,age         ] GC(536) - age   2:        632 bytes,     400840 total
[16.874s][trace][gc,age         ] GC(536) - age   4:        784 bytes,     401624 total
[16.874s][info ][gc,heap        ] GC(536) ParNew: 139905K->404K(157376K)
[16.874s][info ][gc,heap        ] GC(536) CMS: 3752K->3752K(349568K)
[16.874s][info ][gc,metaspace   ] GC(536) Metaspace: 16022K(16640K)->16022K(16640K) NonClass: 14282K(14592K)->14282K(14592K) Class: 1740K(2048K)->1740K(2048K)
[16.874s][info ][gc             ] GC(536) Pause Young (Allocation Failure) 140M->4M(495M) 0.431ms
[16.874s][info ][gc,cpu         ] GC(536) User=0.01s Sys=0.00s Real=0.00s
[16.883s][info ][gc,start       ] GC(537) Pause Young (Allocation Failure)
[16.883s][info ][gc,task        ] GC(537) Using 9 workers of 9 for evacuation
[16.884s][debug][gc,age         ] GC(537) Desired survivor size 8945664 bytes, new threshold 6 (max threshold 6)
[16.884s][trace][gc,age         ] GC(537) Age table with threshold 6 (max threshold 6)
[16.884s][trace][gc,age         ] GC(537) - age   1:        192 bytes,        192 total
[16.884s][trace][gc,age         ] GC(537) - age   3:        632 bytes,        824 total
[16.884s][trace][gc,age         ] GC(537) - age   5:        784 bytes,       1608 total
[16.884s][info ][gc,heap        ] GC(537) ParNew: 140292K->14K(157376K)
[16.884s][info ][gc,heap        ] GC(537) CMS: 3752K->3752K(349568K)
[16.884s][info ][gc,metaspace   ] GC(537) Metaspace: 16022K(16640K)->16022K(16640K) NonClass: 14282K(14592K)->14282K(14592K) Class: 1740K(2048K)->1740K(2048K)
[16.884s][info ][gc             ] GC(537) Pause Young (Allocation Failure) 140M->3M(495M) 0.424ms
[16.884s][info ][gc,cpu         ] GC(537) User=0.00s Sys=0.00s Real=0.00s
[16.893s][info ][gc,start       ] GC(538) Pause Young (Allocation Failure)
[16.893s][info ][gc,task        ] GC(538) Using 9 workers of 9 for evacuation
[16.894s][debug][gc,age         ] GC(538) Desired survivor size 8945664 bytes, new threshold 6 (max threshold 6)
[16.894s][trace][gc,age         ] GC(538) Age table with threshold 6 (max threshold 6)
[16.894s][trace][gc,age         ] GC(538) - age   1:     400208 bytes,     400208 total
[16.894s][trace][gc,age         ] GC(538) - age   4:        632 bytes,     400840 total
[16.894s][trace][gc,age         ] GC(538) - age   6:        784 bytes,     401624 total
[16.894s][info ][gc,heap        ] GC(538) ParNew: 139904K->402K(157376K)
[16.894s][info ][gc,heap        ] GC(538) CMS: 3752K->3752K(349568K)
[16.894s][info ][gc,metaspace   ] GC(538) Metaspace: 16022K(16640K)->16022K(16640K) NonClass: 14282K(14592K)->14282K(14592K) Class: 1740K(2048K)->1740K(2048K)
[16.894s][info ][gc             ] GC(538) Pause Young (Allocation Failure) 140M->4M(495M) 0.473ms
[16.894s][info ][gc,cpu         ] GC(538) User=0.00s Sys=0.00s Real=0.00s
[16.903s][info ][gc,start       ] GC(539) Pause Young (Allocation Failure)
[16.903s][info ][gc,task        ] GC(539) Using 9 workers of 9 for evacuation
[16.904s][debug][gc,age         ] GC(539) Desired survivor size 8945664 bytes, new threshold 6 (max threshold 6)
[16.904s][trace][gc,age         ] GC(539) Age table with threshold 6 (max threshold 6)
[16.904s][trace][gc,age         ] GC(539) - age   1:     400208 bytes,     400208 total
[16.904s][trace][gc,age         ] GC(539) - age   5:        632 bytes,     400840 total
[16.904s][info ][gc,heap        ] GC(539) ParNew: 139924K->404K(157376K)
[16.904s][info ][gc,heap        ] GC(539) CMS: 3752K->3753K(349568K)
[16.904s][info ][gc,metaspace   ] GC(539) Metaspace: 16022K(16640K)->16022K(16640K) NonClass: 14282K(14592K)->14282K(14592K) Class: 1740K(2048K)->1740K(2048K)
[16.904s][info ][gc             ] GC(539) Pause Young (Allocation Failure) 140M->4M(495M) 0.366ms
[16.904s][info ][gc,cpu         ] GC(539) User=0.00s Sys=0.00s Real=0.00s
[16.913s][info ][gc,start       ] GC(540) Pause Young (Allocation Failure)
[16.913s][info ][gc,task        ] GC(540) Using 9 workers of 9 for evacuation
[16.914s][debug][gc,age         ] GC(540) Desired survivor size 8945664 bytes, new threshold 6 (max threshold 6)
[16.914s][trace][gc,age         ] GC(540) Age table with threshold 6 (max threshold 6)
[16.914s][trace][gc,age         ] GC(540) - age   1:        192 bytes,        192 total
[16.914s][trace][gc,age         ] GC(540) - age   6:        632 bytes,        824 total
[16.914s][info ][gc,heap        ] GC(540) ParNew: 140283K->12K(157376K)
[16.914s][info ][gc,heap        ] GC(540) CMS: 3753K->3753K(349568K)
[16.914s][info ][gc,metaspace   ] GC(540) Metaspace: 16022K(16640K)->16022K(16640K) NonClass: 14282K(14592K)->14282K(14592K) Class: 1740K(2048K)->1740K(2048K)
[16.914s][info ][gc             ] GC(540) Pause Young (Allocation Failure) 140M->3M(495M) 0.427ms
[16.914s][info ][gc,cpu         ] GC(540) User=0.00s Sys=0.00s Real=0.00s
[16.923s][info ][gc,start       ] GC(541) Pause Young (Allocation Failure)
[16.923s][info ][gc,task        ] GC(541) Using 9 workers of 9 for evacuation
[16.924s][debug][gc,age         ] GC(541) Desired survivor size 8945664 bytes, new threshold 6 (max threshold 6)
[16.924s][trace][gc,age         ] GC(541) Age table with threshold 6 (max threshold 6)
[16.924s][trace][gc,age         ] GC(541) - age   1:     400208 bytes,     400208 total
[16.924s][info ][gc,heap        ] GC(541) ParNew: 139909K->396K(157376K)
[16.924s][info ][gc,heap        ] GC(541) CMS: 3753K->3753K(349568K)
[16.924s][info ][gc,metaspace   ] GC(541) Metaspace: 16022K(16640K)->16022K(16640K) NonClass: 14282K(14592K)->14282K(14592K) Class: 1740K(2048K)->1740K(2048K)
[16.924s][info ][gc             ] GC(541) Pause Young (Allocation Failure) 140M->4M(495M) 0.441ms
[16.924s][info ][gc,cpu         ] GC(541) User=0.00s Sys=0.01s Real=0.00s
[16.933s][info ][gc,start       ] GC(542) Pause Young (Allocation Failure)
[16.933s][info ][gc,task        ] GC(542) Using 9 workers of 9 for evacuation
[16.934s][debug][gc,age         ] GC(542) Desired survivor size 8945664 bytes, new threshold 6 (max threshold 6)
[16.934s][trace][gc,age         ] GC(542) Age table with threshold 6 (max threshold 6)
[16.934s][trace][gc,age         ] GC(542) - age   1:        192 bytes,        192 total
[16.934s][info ][gc,heap        ] GC(542) ParNew: 140276K->6K(157376K)
[16.934s][info ][gc,heap        ] GC(542) CMS: 3753K->3753K(349568K)
[16.934s][info ][gc,metaspace   ] GC(542) Metaspace: 16022K(16640K)->16022K(16640K) NonClass: 14282K(14592K)->14282K(14592K) Class: 1740K(2048K)->1740K(2048K)
[16.934s][info ][gc             ] GC(542) Pause Young (Allocation Failure) 140M->3M(495M) 0.382ms
[16.934s][info ][gc,cpu         ] GC(542) User=0.00s Sys=0.00s Real=0.00s
[16.943s][info ][gc,start       ] GC(543) Pause Young (Allocation Failure)
[16.943s][info ][gc,task        ] GC(543) Using 9 workers of 9 for evacuation
[16.944s][debug][gc,age         ] GC(543) Desired survivor size 8945664 bytes, new threshold 6 (max threshold 6)
[16.944s][trace][gc,age         ] GC(543) Age table with threshold 6 (max threshold 6)
[16.944s][trace][gc,age         ] GC(543) - age   1:     400208 bytes,     400208 total
[16.944s][info ][gc,heap        ] GC(543) ParNew: 139900K->396K(157376K)
[16.944s][info ][gc,heap        ] GC(543) CMS: 3753K->3753K(349568K)
[16.944s][info ][gc,metaspace   ] GC(543) Metaspace: 16022K(16640K)->16022K(16640K) NonClass: 14282K(14592K)->14282K(14592K) Class: 1740K(2048K)->1740K(2048K)
[16.944s][info ][gc             ] GC(543) Pause Young (Allocation Failure) 140M->4M(495M) 0.498ms
[16.944s][info ][gc,cpu         ] GC(543) User=0.01s Sys=0.00s Real=0.00s
[16.953s][info ][gc,start       ] GC(544) Pause Young (Allocation Failure)
[16.953s][info ][gc,task        ] GC(544) Using 9 workers of 9 for evacuation
[16.954s][debug][gc,age         ] GC(544) Desired survivor size 8945664 bytes, new threshold 6 (max threshold 6)
[16.954s][trace][gc,age         ] GC(544) Age table with threshold 6 (max threshold 6)
[16.954s][trace][gc,age         ] GC(544) - age   1:        192 bytes,        192 total
[16.954s][info ][gc,heap        ] GC(544) ParNew: 140286K->6K(157376K)
[16.954s][info ][gc,heap        ] GC(544) CMS: 3753K->3753K(349568K)
[16.954s][info ][gc,metaspace   ] GC(544) Metaspace: 16022K(16640K)->16022K(16640K) NonClass: 14282K(14592K)->14282K(14592K) Class: 1740K(2048K)->1740K(2048K)
[16.954s][info ][gc             ] GC(544) Pause Young (Allocation Failure) 140M->3M(495M) 0.396ms
[16.954s][info ][gc,cpu         ] GC(544) User=0.01s Sys=0.00s Real=0.00s
[16.963s][info ][gc,start       ] GC(545) Pause Young (Allocation Failure)
[16.963s][info ][gc,task        ] GC(545) Using 9 workers of 9 for evacuation
[16.964s][debug][gc,age         ] GC(545) Desired survivor size 8945664 bytes, new threshold 6 (max threshold 6)
[16.964s][trace][gc,age         ] GC(545) Age table with threshold 6 (max threshold 6)
[16.964s][trace][gc,age         ] GC(545) - age   1:     400208 bytes,     400208 total
[16.964s][info ][gc,heap        ] GC(545) ParNew: 139885K->394K(157376K)
[16.964s][info ][gc,heap        ] GC(545) CMS: 3753K->3753K(349568K)
[16.964s][info ][gc,metaspace   ] GC(545) Metaspace: 16022K(16640K)->16022K(16640K) NonClass: 14282K(14592K)->14282K(14592K) Class: 1740K(2048K)->1740K(2048K)
[16.964s][info ][gc             ] GC(545) Pause Young (Allocation Failure) 140M->4M(495M) 0.504ms
[16.964s][info ][gc,cpu         ] GC(545) User=0.00s Sys=0.00s Real=0.00s
[16.973s][info ][gc,start       ] GC(546) Pause Young (Allocation Failure)
[16.973s][info ][gc,task        ] GC(546) Using 9 workers of 9 for evacuation
[16.974s][debug][gc,age         ] GC(546) Desired survivor size 8945664 bytes, new threshold 6 (max threshold 6)
[16.974s][trace][gc,age         ] GC(546) Age table with threshold 6 (max threshold 6)
[16.974s][trace][gc,age         ] GC(546) - age   1:        192 bytes,        192 total
[16.974s][info ][gc,heap        ] GC(546) ParNew: 140275K->4K(157376K)
[16.974s][info ][gc,heap        ] GC(546) CMS: 3753K->3753K(349568K)
[16.974s][info ][gc,metaspace   ] GC(546) Metaspace: 16022K(16640K)->16022K(16640K) NonClass: 14282K(14592K)->14282K(14592K) Class: 1740K(2048K)->1740K(2048K)
[16.974s][info ][gc             ] GC(546) Pause Young (Allocation Failure) 140M->3M(495M) 0.453ms
[16.974s][info ][gc,cpu         ] GC(546) User=0.00s Sys=0.00s Real=0.00s
[16.983s][info ][gc,start       ] GC(547) Pause Young (Allocation Failure)
[16.983s][info ][gc,task        ] GC(547) Using 9 workers of 9 for evacuation
[16.984s][debug][gc,age         ] GC(547) Desired survivor size 8945664 bytes, new threshold 6 (max threshold 6)
[16.984s][trace][gc,age         ] GC(547) Age table with threshold 6 (max threshold 6)
[16.984s][trace][gc,age         ] GC(547) - age   1:     400208 bytes,     400208 total
[16.984s][info ][gc,heap        ] GC(547) ParNew: 139876K->396K(157376K)
[16.984s][info ][gc,heap        ] GC(547) CMS: 3753K->3753K(349568K)
[16.984s][info ][gc,metaspace   ] GC(547) Metaspace: 16022K(16640K)->16022K(16640K) NonClass: 14282K(14592K)->14282K(14592K) Class: 1740K(2048K)->1740K(2048K)
[16.984s][info ][gc             ] GC(547) Pause Young (Allocation Failure) 140M->4M(495M) 0.488ms
[16.984s][info ][gc,cpu         ] GC(547) User=0.00s Sys=0.00s Real=0.00s
[16.993s][info ][gc,start       ] GC(548) Pause Young (Allocation Failure)
[16.993s][info ][gc,task        ] GC(548) Using 9 workers of 9 for evacuation
[16.994s][debug][gc,age         ] GC(548) Desired survivor size 8945664 bytes, new threshold 6 (max threshold 6)
[16.994s][trace][gc,age         ] GC(548) Age table with threshold 6 (max threshold 6)
[16.994s][trace][gc,age         ] GC(548) - age   1:        192 bytes,        192 total
[16.994s][info ][gc,heap        ] GC(548) ParNew: 140286K->8K(157376K)
[16.994s][info ][gc,heap        ] GC(548) CMS: 3753K->3753K(349568K)
[16.994s][info ][gc,metaspace   ] GC(548) Metaspace: 16022K(16640K)->16022K(16640K) NonClass: 14282K(14592K)->14282K(14592K) Class: 1740K(2048K)->1740K(2048K)
[16.994s][info ][gc             ] GC(548) Pause Young (Allocation Failure) 140M->3M(495M) 0.512ms
[16.994s][info ][gc,cpu         ] GC(548) User=0.00s Sys=0.00s Real=0.00s
[17.003s][info ][gc,start       ] GC(549) Pause Young (Allocation Failure)
[17.003s][info ][gc,task        ] GC(549) Using 9 workers of 9 for evacuation
[17.004s][debug][gc,age         ] GC(549) Desired survivor size 8945664 bytes, new threshold 6 (max threshold 6)
[17.004s][trace][gc,age         ] GC(549) Age table with threshold 6 (max threshold 6)
[17.004s][trace][gc,age         ] GC(549) - age   1:     400208 bytes,     400208 total
[17.004s][info ][gc,heap        ] GC(549) ParNew: 139870K->396K(157376K)
[17.004s][info ][gc,heap        ] GC(549) CMS: 3753K->3753K(349568K)
[17.004s][info ][gc,metaspace   ] GC(549) Metaspace: 16022K(16640K)->16022K(16640K) NonClass: 14282K(14592K)->14282K(14592K) Class: 1740K(2048K)->1740K(2048K)
[17.004s][info ][gc             ] GC(549) Pause Young (Allocation Failure) 140M->4M(495M) 0.357ms
[17.004s][info ][gc,cpu         ] GC(549) User=0.00s Sys=0.00s Real=0.00s
[17.013s][info ][gc,start       ] GC(550) Pause Young (Allocation Failure)
[17.013s][info ][gc,task        ] GC(550) Using 9 workers of 9 for evacuation
[17.013s][debug][gc,age         ] GC(550) Desired survivor size 8945664 bytes, new threshold 6 (max threshold 6)
[17.013s][trace][gc,age         ] GC(550) Age table with threshold 6 (max threshold 6)
[17.013s][trace][gc,age         ] GC(550) - age   1:        192 bytes,        192 total
[17.013s][info ][gc,heap        ] GC(550) ParNew: 140263K->8K(157376K)
[17.013s][info ][gc,heap        ] GC(550) CMS: 3753K->3753K(349568K)
[17.013s][info ][gc,metaspace   ] GC(550) Metaspace: 16022K(16640K)->16022K(16640K) NonClass: 14282K(14592K)->14282K(14592K) Class: 1740K(2048K)->1740K(2048K)
[17.013s][info ][gc             ] GC(550) Pause Young (Allocation Failure) 140M->3M(495M) 0.420ms
[17.013s][info ][gc,cpu         ] GC(550) User=0.00s Sys=0.00s Real=0.00s
[17.023s][info ][gc,start       ] GC(551) Pause Young (Allocation Failure)
[17.023s][info ][gc,task        ] GC(551) Using 9 workers of 9 for evacuation
[17.023s][debug][gc,age         ] GC(551) Desired survivor size 8945664 bytes, new threshold 6 (max threshold 6)
[17.023s][trace][gc,age         ] GC(551) Age table with threshold 6 (max threshold 6)
[17.023s][trace][gc,age         ] GC(551) - age   1:     400208 bytes,     400208 total
[17.023s][info ][gc,heap        ] GC(551) ParNew: 139880K->394K(157376K)
[17.023s][info ][gc,heap        ] GC(551) CMS: 3753K->3753K(349568K)
[17.023s][info ][gc,metaspace   ] GC(551) Metaspace: 16022K(16640K)->16022K(16640K) NonClass: 14282K(14592K)->14282K(14592K) Class: 1740K(2048K)->1740K(2048K)
[17.023s][info ][gc             ] GC(551) Pause Young (Allocation Failure) 140M->4M(495M) 0.494ms
[17.023s][info ][gc,cpu         ] GC(551) User=0.01s Sys=0.00s Real=0.00s
[17.033s][info ][gc,start       ] GC(552) Pause Young (Allocation Failure)
[17.033s][info ][gc,task        ] GC(552) Using 9 workers of 9 for evacuation
[17.033s][debug][gc,age         ] GC(552) Desired survivor size 8945664 bytes, new threshold 6 (max threshold 6)
[17.033s][trace][gc,age         ] GC(552) Age table with threshold 6 (max threshold 6)
[17.033s][trace][gc,age         ] GC(552) - age   1:        192 bytes,        192 total
[17.033s][info ][gc,heap        ] GC(552) ParNew: 140281K->6K(157376K)
[17.033s][info ][gc,heap        ] GC(552) CMS: 3753K->3753K(349568K)
[17.033s][info ][gc,metaspace   ] GC(552) Metaspace: 16022K(16640K)->16022K(16640K) NonClass: 14282K(14592K)->14282K(14592K) Class: 1740K(2048K)->1740K(2048K)
[17.033s][info ][gc             ] GC(552) Pause Young (Allocation Failure) 140M->3M(495M) 0.421ms
[17.033s][info ][gc,cpu         ] GC(552) User=0.01s Sys=0.00s Real=0.00s
[17.043s][info ][gc,start       ] GC(553) Pause Young (Allocation Failure)
[17.043s][info ][gc,task        ] GC(553) Using 9 workers of 9 for evacuation
[17.044s][debug][gc,age         ] GC(553) Desired survivor size 8945664 bytes, new threshold 6 (max threshold 6)
[17.044s][trace][gc,age         ] GC(553) Age table with threshold 6 (max threshold 6)
[17.044s][trace][gc,age         ] GC(553) - age   1:     400208 bytes,     400208 total
[17.044s][info ][gc,heap        ] GC(553) ParNew: 139899K->398K(157376K)
[17.044s][info ][gc,heap        ] GC(553) CMS: 3753K->3753K(349568K)
[17.044s][info ][gc,metaspace   ] GC(553) Metaspace: 16022K(16640K)->16022K(16640K) NonClass: 14282K(14592K)->14282K(14592K) Class: 1740K(2048K)->1740K(2048K)
[17.044s][info ][gc             ] GC(553) Pause Young (Allocation Failure) 140M->4M(495M) 1.080ms
[17.044s][info ][gc,cpu         ] GC(553) User=0.00s Sys=0.00s Real=0.00s
[17.053s][info ][gc,start       ] GC(554) Pause Young (Allocation Failure)
[17.054s][info ][gc,task        ] GC(554) Using 9 workers of 9 for evacuation
[17.054s][debug][gc,age         ] GC(554) Desired survivor size 8945664 bytes, new threshold 6 (max threshold 6)
[17.054s][trace][gc,age         ] GC(554) Age table with threshold 6 (max threshold 6)
[17.054s][trace][gc,age         ] GC(554) - age   1:        192 bytes,        192 total
[17.054s][info ][gc,heap        ] GC(554) ParNew: 140283K->4K(157376K)
[17.054s][info ][gc,heap        ] GC(554) CMS: 3753K->3753K(349568K)
[17.054s][info ][gc,metaspace   ] GC(554) Metaspace: 16022K(16640K)->16022K(16640K) NonClass: 14282K(14592K)->14282K(14592K) Class: 1740K(2048K)->1740K(2048K)
[17.054s][info ][gc             ] GC(554) Pause Young (Allocation Failure) 140M->3M(495M) 0.462ms
[17.054s][info ][gc,cpu         ] GC(554) User=0.00s Sys=0.00s Real=0.00s
[17.063s][info ][gc,start       ] GC(555) Pause Young (Allocation Failure)
[17.064s][info ][gc,task        ] GC(555) Using 9 workers of 9 for evacuation
[17.064s][debug][gc,age         ] GC(555) Desired survivor size 8945664 bytes, new threshold 6 (max threshold 6)
[17.064s][trace][gc,age         ] GC(555) Age table with threshold 6 (max threshold 6)
[17.064s][trace][gc,age         ] GC(555) - age   1:     400208 bytes,     400208 total
[17.064s][info ][gc,heap        ] GC(555) ParNew: 139890K->394K(157376K)
[17.064s][info ][gc,heap        ] GC(555) CMS: 3753K->3753K(349568K)
[17.064s][info ][gc,metaspace   ] GC(555) Metaspace: 16022K(16640K)->16022K(16640K) NonClass: 14282K(14592K)->14282K(14592K) Class: 1740K(2048K)->1740K(2048K)
[17.064s][info ][gc             ] GC(555) Pause Young (Allocation Failure) 140M->4M(495M) 0.471ms
[17.064s][info ][gc,cpu         ] GC(555) User=0.00s Sys=0.00s Real=0.00s
[17.073s][info ][gc,start       ] GC(556) Pause Young (Allocation Failure)
[17.073s][info ][gc,task        ] GC(556) Using 9 workers of 9 for evacuation
[17.074s][debug][gc,age         ] GC(556) Desired survivor size 8945664 bytes, new threshold 6 (max threshold 6)
[17.074s][trace][gc,age         ] GC(556) Age table with threshold 6 (max threshold 6)
[17.074s][trace][gc,age         ] GC(556) - age   1:        192 bytes,        192 total
[17.074s][info ][gc,heap        ] GC(556) ParNew: 140279K->8K(157376K)
[17.074s][info ][gc,heap        ] GC(556) CMS: 3753K->3753K(349568K)
[17.074s][info ][gc,metaspace   ] GC(556) Metaspace: 16022K(16640K)->16022K(16640K) NonClass: 14282K(14592K)->14282K(14592K) Class: 1740K(2048K)->1740K(2048K)
[17.074s][info ][gc             ] GC(556) Pause Young (Allocation Failure) 140M->3M(495M) 0.333ms
[17.074s][info ][gc,cpu         ] GC(556) User=0.00s Sys=0.00s Real=0.00s
[17.083s][info ][gc,start       ] GC(557) Pause Young (Allocation Failure)
[17.083s][info ][gc,task        ] GC(557) Using 9 workers of 9 for evacuation
[17.084s][debug][gc,age         ] GC(557) Desired survivor size 8945664 bytes, new threshold 6 (max threshold 6)
[17.084s][trace][gc,age         ] GC(557) Age table with threshold 6 (max threshold 6)
[17.084s][trace][gc,age         ] GC(557) - age   1:     400208 bytes,     400208 total
[17.084s][info ][gc,heap        ] GC(557) ParNew: 139900K->398K(157376K)
[17.084s][info ][gc,heap        ] GC(557) CMS: 3753K->3753K(349568K)
[17.084s][info ][gc,metaspace   ] GC(557) Metaspace: 16022K(16640K)->16022K(16640K) NonClass: 14282K(14592K)->14282K(14592K) Class: 1740K(2048K)->1740K(2048K)
[17.084s][info ][gc             ] GC(557) Pause Young (Allocation Failure) 140M->4M(495M) 0.398ms
[17.084s][info ][gc,cpu         ] GC(557) User=0.01s Sys=0.00s Real=0.00s
[17.093s][info ][gc,start       ] GC(558) Pause Young (Allocation Failure)
[17.093s][info ][gc,task        ] GC(558) Using 9 workers of 9 for evacuation
[17.094s][debug][gc,age         ] GC(558) Desired survivor size 8945664 bytes, new threshold 6 (max threshold 6)
[17.094s][trace][gc,age         ] GC(558) Age table with threshold 6 (max threshold 6)
[17.094s][trace][gc,age         ] GC(558) - age   1:        192 bytes,        192 total
[17.094s][info ][gc,heap        ] GC(558) ParNew: 140287K->6K(157376K)
[17.094s][info ][gc,heap        ] GC(558) CMS: 3753K->3753K(349568K)
[17.094s][info ][gc,metaspace   ] GC(558) Metaspace: 16022K(16640K)->16022K(16640K) NonClass: 14282K(14592K)->14282K(14592K) Class: 1740K(2048K)->1740K(2048K)
[17.094s][info ][gc             ] GC(558) Pause Young (Allocation Failure) 140M->3M(495M) 0.498ms
[17.094s][info ][gc,cpu         ] GC(558) User=0.01s Sys=0.00s Real=0.00s
[17.103s][info ][gc,start       ] GC(559) Pause Young (Allocation Failure)
[17.103s][info ][gc,task        ] GC(559) Using 9 workers of 9 for evacuation
[17.104s][debug][gc,age         ] GC(559) Desired survivor size 8945664 bytes, new threshold 6 (max threshold 6)
[17.104s][trace][gc,age         ] GC(559) Age table with threshold 6 (max threshold 6)
[17.104s][trace][gc,age         ] GC(559) - age   1:     400208 bytes,     400208 total
[17.104s][info ][gc,heap        ] GC(559) ParNew: 139892K->394K(157376K)
[17.104s][info ][gc,heap        ] GC(559) CMS: 3753K->3753K(349568K)
[17.104s][info ][gc,metaspace   ] GC(559) Metaspace: 16022K(16640K)->16022K(16640K) NonClass: 14282K(14592K)->14282K(14592K) Class: 1740K(2048K)->1740K(2048K)
[17.104s][info ][gc             ] GC(559) Pause Young (Allocation Failure) 140M->4M(495M) 0.373ms
[17.104s][info ][gc,cpu         ] GC(559) User=0.00s Sys=0.00s Real=0.00s
[17.113s][info ][gc,start       ] GC(560) Pause Young (Allocation Failure)
[17.113s][info ][gc,task        ] GC(560) Using 9 workers of 9 for evacuation
[17.114s][debug][gc,age         ] GC(560) Desired survivor size 8945664 bytes, new threshold 6 (max threshold 6)
[17.114s][trace][gc,age         ] GC(560) Age table with threshold 6 (max threshold 6)
[17.114s][trace][gc,age         ] GC(560) - age   1:        192 bytes,        192 total
[17.114s][info ][gc,heap        ] GC(560) ParNew: 140278K->4K(157376K)
[17.114s][info ][gc,heap        ] GC(560) CMS: 3753K->3753K(349568K)
[17.114s][info ][gc,metaspace   ] GC(560) Metaspace: 16022K(16640K)->16022K(16640K) NonClass: 14282K(14592K)->14282K(14592K) Class: 1740K(2048K)->1740K(2048K)
[17.114s][info ][gc             ] GC(560) Pause Young (Allocation Failure) 140M->3M(495M) 0.451ms
[17.114s][info ][gc,cpu         ] GC(560) User=0.00s Sys=0.00s Real=0.00s
[17.123s][info ][gc,start       ] GC(561) Pause Young (Allocation Failure)
[17.123s][info ][gc,task        ] GC(561) Using 9 workers of 9 for evacuation
[17.124s][debug][gc,age         ] GC(561) Desired survivor size 8945664 bytes, new threshold 6 (max threshold 6)
[17.124s][trace][gc,age         ] GC(561) Age table with threshold 6 (max threshold 6)
[17.124s][trace][gc,age         ] GC(561) - age   1:        192 bytes,        192 total
[17.124s][info ][gc,heap        ] GC(561) ParNew: 139717K->8K(157376K)
[17.124s][info ][gc,heap        ] GC(561) CMS: 3753K->3753K(349568K)
[17.124s][info ][gc,metaspace   ] GC(561) Metaspace: 16022K(16640K)->16022K(16640K) NonClass: 14282K(14592K)->14282K(14592K) Class: 1740K(2048K)->1740K(2048K)
[17.124s][info ][gc             ] GC(561) Pause Young (Allocation Failure) 140M->3M(495M) 0.472ms
[17.124s][info ][gc,cpu         ] GC(561) User=0.01s Sys=0.00s Real=0.00s
[17.132s][info ][gc,start       ] GC(562) Pause Young (Allocation Failure)
[17.132s][info ][gc,task        ] GC(562) Using 9 workers of 9 for evacuation
[17.133s][debug][gc,age         ] GC(562) Desired survivor size 8945664 bytes, new threshold 6 (max threshold 6)
[17.133s][trace][gc,age         ] GC(562) Age table with threshold 6 (max threshold 6)
[17.133s][trace][gc,age         ] GC(562) - age   1:     400208 bytes,     400208 total
[17.133s][info ][gc,heap        ] GC(562) ParNew: 139897K->398K(157376K)
[17.133s][info ][gc,heap        ] GC(562) CMS: 3753K->3753K(349568K)
[17.133s][info ][gc,metaspace   ] GC(562) Metaspace: 16023K(16640K)->16023K(16640K) NonClass: 14283K(14592K)->14283K(14592K) Class: 1740K(2048K)->1740K(2048K)
[17.133s][info ][gc             ] GC(562) Pause Young (Allocation Failure) 140M->4M(495M) 0.490ms
[17.133s][info ][gc,cpu         ] GC(562) User=0.01s Sys=0.00s Real=0.00s
[17.141s][info ][gc,start       ] GC(563) Pause Young (Allocation Failure)
[17.141s][info ][gc,task        ] GC(563) Using 9 workers of 9 for evacuation
[17.141s][debug][gc,age         ] GC(563) Desired survivor size 8945664 bytes, new threshold 6 (max threshold 6)
[17.141s][trace][gc,age         ] GC(563) Age table with threshold 6 (max threshold 6)
[17.141s][trace][gc,age         ] GC(563) - age   1:        192 bytes,        192 total
[17.141s][info ][gc,heap        ] GC(563) ParNew: 140274K->8K(157376K)
[17.141s][info ][gc,heap        ] GC(563) CMS: 3753K->3753K(349568K)
[17.141s][info ][gc,metaspace   ] GC(563) Metaspace: 16023K(16640K)->16023K(16640K) NonClass: 14283K(14592K)->14283K(14592K) Class: 1740K(2048K)->1740K(2048K)
[17.141s][info ][gc             ] GC(563) Pause Young (Allocation Failure) 140M->3M(495M) 0.450ms
[17.141s][info ][gc,cpu         ] GC(563) User=0.01s Sys=0.00s Real=0.00s
[17.150s][info ][gc,start       ] GC(564) Pause Young (Allocation Failure)
[17.150s][info ][gc,task        ] GC(564) Using 9 workers of 9 for evacuation
[17.150s][debug][gc,age         ] GC(564) Desired survivor size 8945664 bytes, new threshold 6 (max threshold 6)
[17.150s][trace][gc,age         ] GC(564) Age table with threshold 6 (max threshold 6)
[17.150s][trace][gc,age         ] GC(564) - age   1:     400208 bytes,     400208 total
[17.150s][info ][gc,heap        ] GC(564) ParNew: 139886K->398K(157376K)
[17.150s][info ][gc,heap        ] GC(564) CMS: 3753K->3753K(349568K)
[17.150s][info ][gc,metaspace   ] GC(564) Metaspace: 16023K(16640K)->16023K(16640K) NonClass: 14283K(14592K)->14283K(14592K) Class: 1740K(2048K)->1740K(2048K)
[17.150s][info ][gc             ] GC(564) Pause Young (Allocation Failure) 140M->4M(495M) 0.396ms
[17.150s][info ][gc,cpu         ] GC(564) User=0.01s Sys=0.00s Real=0.00s
[17.159s][info ][gc,start       ] GC(565) Pause Young (Allocation Failure)
[17.159s][info ][gc,task        ] GC(565) Using 9 workers of 9 for evacuation
[17.159s][debug][gc,age         ] GC(565) Desired survivor size 8945664 bytes, new threshold 6 (max threshold 6)
[17.159s][trace][gc,age         ] GC(565) Age table with threshold 6 (max threshold 6)
[17.159s][trace][gc,age         ] GC(565) - age   1:        192 bytes,        192 total
[17.159s][info ][gc,heap        ] GC(565) ParNew: 140293K->6K(157376K)
[17.159s][info ][gc,heap        ] GC(565) CMS: 3753K->3753K(349568K)
[17.159s][info ][gc,metaspace   ] GC(565) Metaspace: 16023K(16640K)->16023K(16640K) NonClass: 14283K(14592K)->14283K(14592K) Class: 1740K(2048K)->1740K(2048K)
[17.159s][info ][gc             ] GC(565) Pause Young (Allocation Failure) 140M->3M(495M) 0.442ms
[17.159s][info ][gc,cpu         ] GC(565) User=0.00s Sys=0.00s Real=0.01s
[17.168s][info ][gc,start       ] GC(566) Pause Young (Allocation Failure)
[17.168s][info ][gc,task        ] GC(566) Using 9 workers of 9 for evacuation
[17.168s][debug][gc,age         ] GC(566) Desired survivor size 8945664 bytes, new threshold 6 (max threshold 6)
[17.168s][trace][gc,age         ] GC(566) Age table with threshold 6 (max threshold 6)
[17.168s][trace][gc,age         ] GC(566) - age   1:     400208 bytes,     400208 total
[17.168s][info ][gc,heap        ] GC(566) ParNew: 139891K->396K(157376K)
[17.168s][info ][gc,heap        ] GC(566) CMS: 3753K->3753K(349568K)
[17.168s][info ][gc,metaspace   ] GC(566) Metaspace: 16023K(16640K)->16023K(16640K) NonClass: 14283K(14592K)->14283K(14592K) Class: 1740K(2048K)->1740K(2048K)
[17.168s][info ][gc             ] GC(566) Pause Young (Allocation Failure) 140M->4M(495M) 0.520ms
[17.168s][info ][gc,cpu         ] GC(566) User=0.00s Sys=0.00s Real=0.00s
[17.176s][info ][gc,start       ] GC(567) Pause Young (Allocation Failure)
[17.176s][info ][gc,task        ] GC(567) Using 9 workers of 9 for evacuation
[17.177s][debug][gc,age         ] GC(567) Desired survivor size 8945664 bytes, new threshold 6 (max threshold 6)
[17.177s][trace][gc,age         ] GC(567) Age table with threshold 6 (max threshold 6)
[17.177s][trace][gc,age         ] GC(567) - age   1:        192 bytes,        192 total
[17.177s][info ][gc,heap        ] GC(567) ParNew: 140296K->6K(157376K)
[17.177s][info ][gc,heap        ] GC(567) CMS: 3753K->3753K(349568K)
[17.177s][info ][gc,metaspace   ] GC(567) Metaspace: 16023K(16640K)->16023K(16640K) NonClass: 14283K(14592K)->14283K(14592K) Class: 1740K(2048K)->1740K(2048K)
[17.177s][info ][gc             ] GC(567) Pause Young (Allocation Failure) 140M->3M(495M) 0.458ms
[17.177s][info ][gc,cpu         ] GC(567) User=0.00s Sys=0.00s Real=0.00s
[17.185s][info ][gc,start       ] GC(568) Pause Young (Allocation Failure)
[17.185s][info ][gc,task        ] GC(568) Using 9 workers of 9 for evacuation
[17.186s][debug][gc,age         ] GC(568) Desired survivor size 8945664 bytes, new threshold 6 (max threshold 6)
[17.186s][trace][gc,age         ] GC(568) Age table with threshold 6 (max threshold 6)
[17.186s][trace][gc,age         ] GC(568) - age   1:        192 bytes,        192 total
[17.186s][info ][gc,heap        ] GC(568) ParNew: 139557K->6K(157376K)
[17.186s][info ][gc,heap        ] GC(568) CMS: 3753K->3753K(349568K)
[17.186s][info ][gc,metaspace   ] GC(568) Metaspace: 16023K(16640K)->16023K(16640K) NonClass: 14283K(14592K)->14283K(14592K) Class: 1740K(2048K)->1740K(2048K)
[17.186s][info ][gc             ] GC(568) Pause Young (Allocation Failure) 139M->3M(495M) 0.379ms
[17.186s][info ][gc,cpu         ] GC(568) User=0.01s Sys=0.00s Real=0.00s
[17.194s][info ][gc,start       ] GC(569) Pause Young (Allocation Failure)
[17.194s][info ][gc,task        ] GC(569) Using 9 workers of 9 for evacuation
[17.194s][debug][gc,age         ] GC(569) Desired survivor size 8945664 bytes, new threshold 6 (max threshold 6)
[17.194s][trace][gc,age         ] GC(569) Age table with threshold 6 (max threshold 6)
[17.194s][trace][gc,age         ] GC(569) - age   1:     400208 bytes,     400208 total
[17.194s][info ][gc,heap        ] GC(569) ParNew: 139888K->396K(157376K)
[17.194s][info ][gc,heap        ] GC(569) CMS: 3753K->3753K(349568K)
[17.194s][info ][gc,metaspace   ] GC(569) Metaspace: 16023K(16640K)->16023K(16640K) NonClass: 14283K(14592K)->14283K(14592K) Class: 1740K(2048K)->1740K(2048K)
[17.194s][info ][gc             ] GC(569) Pause Young (Allocation Failure) 140M->4M(495M) 0.356ms
[17.195s][info ][gc,cpu         ] GC(569) User=0.00s Sys=0.00s Real=0.00s
[17.203s][info ][gc,start       ] GC(570) Pause Young (Allocation Failure)
[17.203s][info ][gc,task        ] GC(570) Using 9 workers of 9 for evacuation
[17.203s][debug][gc,age         ] GC(570) Desired survivor size 8945664 bytes, new threshold 6 (max threshold 6)
[17.203s][trace][gc,age         ] GC(570) Age table with threshold 6 (max threshold 6)
[17.203s][trace][gc,age         ] GC(570) - age   1:        192 bytes,        192 total
[17.203s][info ][gc,heap        ] GC(570) ParNew: 140285K->6K(157376K)
[17.203s][info ][gc,heap        ] GC(570) CMS: 3753K->3753K(349568K)
[17.203s][info ][gc,metaspace   ] GC(570) Metaspace: 16023K(16640K)->16023K(16640K) NonClass: 14283K(14592K)->14283K(14592K) Class: 1740K(2048K)->1740K(2048K)
[17.203s][info ][gc             ] GC(570) Pause Young (Allocation Failure) 140M->3M(495M) 0.361ms
[17.203s][info ][gc,cpu         ] GC(570) User=0.00s Sys=0.01s Real=0.00s
[17.212s][info ][gc,start       ] GC(571) Pause Young (Allocation Failure)
[17.212s][info ][gc,task        ] GC(571) Using 9 workers of 9 for evacuation
[17.212s][debug][gc,age         ] GC(571) Desired survivor size 8945664 bytes, new threshold 6 (max threshold 6)
[17.212s][trace][gc,age         ] GC(571) Age table with threshold 6 (max threshold 6)
[17.212s][trace][gc,age         ] GC(571) - age   1:     400208 bytes,     400208 total
[17.212s][info ][gc,heap        ] GC(571) ParNew: 139892K->398K(157376K)
[17.212s][info ][gc,heap        ] GC(571) CMS: 3753K->3753K(349568K)
[17.212s][info ][gc,metaspace   ] GC(571) Metaspace: 16023K(16640K)->16023K(16640K) NonClass: 14283K(14592K)->14283K(14592K) Class: 1740K(2048K)->1740K(2048K)
[17.212s][info ][gc             ] GC(571) Pause Young (Allocation Failure) 140M->4M(495M) 0.386ms
[17.212s][info ][gc,cpu         ] GC(571) User=0.00s Sys=0.00s Real=0.00s
[17.221s][info ][gc,start       ] GC(572) Pause Young (Allocation Failure)
[17.221s][info ][gc,task        ] GC(572) Using 9 workers of 9 for evacuation
[17.221s][debug][gc,age         ] GC(572) Desired survivor size 8945664 bytes, new threshold 6 (max threshold 6)
[17.221s][trace][gc,age         ] GC(572) Age table with threshold 6 (max threshold 6)
[17.221s][trace][gc,age         ] GC(572) - age   1:        192 bytes,        192 total
[17.221s][info ][gc,heap        ] GC(572) ParNew: 140283K->4K(157376K)
[17.221s][info ][gc,heap        ] GC(572) CMS: 3753K->3753K(349568K)
[17.221s][info ][gc,metaspace   ] GC(572) Metaspace: 16023K(16640K)->16023K(16640K) NonClass: 14283K(14592K)->14283K(14592K) Class: 1740K(2048K)->1740K(2048K)
[17.221s][info ][gc             ] GC(572) Pause Young (Allocation Failure) 140M->3M(495M) 0.405ms
[17.221s][info ][gc,cpu         ] GC(572) User=0.00s Sys=0.00s Real=0.00s
[17.230s][info ][gc,start       ] GC(573) Pause Young (Allocation Failure)
[17.230s][info ][gc,task        ] GC(573) Using 9 workers of 9 for evacuation
[17.230s][debug][gc,age         ] GC(573) Desired survivor size 8945664 bytes, new threshold 6 (max threshold 6)
[17.230s][trace][gc,age         ] GC(573) Age table with threshold 6 (max threshold 6)
[17.230s][trace][gc,age         ] GC(573) - age   1:        192 bytes,        192 total
[17.230s][info ][gc,heap        ] GC(573) ParNew: 139635K->6K(157376K)
[17.230s][info ][gc,heap        ] GC(573) CMS: 3753K->3753K(349568K)
[17.230s][info ][gc,metaspace   ] GC(573) Metaspace: 16023K(16640K)->16023K(16640K) NonClass: 14283K(14592K)->14283K(14592K) Class: 1740K(2048K)->1740K(2048K)
[17.230s][info ][gc             ] GC(573) Pause Young (Allocation Failure) 140M->3M(495M) 0.410ms
[17.230s][info ][gc,cpu         ] GC(573) User=0.00s Sys=0.00s Real=0.00s
[17.239s][info ][gc,start       ] GC(574) Pause Young (Allocation Failure)
[17.239s][info ][gc,task        ] GC(574) Using 9 workers of 9 for evacuation
[17.239s][debug][gc,age         ] GC(574) Desired survivor size 8945664 bytes, new threshold 6 (max threshold 6)
[17.239s][trace][gc,age         ] GC(574) Age table with threshold 6 (max threshold 6)
[17.239s][trace][gc,age         ] GC(574) - age   1:        192 bytes,        192 total
[17.239s][info ][gc,heap        ] GC(574) ParNew: 139910K->6K(157376K)
[17.239s][info ][gc,heap        ] GC(574) CMS: 3753K->3753K(349568K)
[17.239s][info ][gc,metaspace   ] GC(574) Metaspace: 16023K(16640K)->16023K(16640K) NonClass: 14283K(14592K)->14283K(14592K) Class: 1740K(2048K)->1740K(2048K)
[17.239s][info ][gc             ] GC(574) Pause Young (Allocation Failure) 140M->3M(495M) 0.431ms
[17.239s][info ][gc,cpu         ] GC(574) User=0.01s Sys=0.00s Real=0.00s
[17.248s][info ][gc,start       ] GC(575) Pause Young (Allocation Failure)
[17.248s][info ][gc,task        ] GC(575) Using 9 workers of 9 for evacuation
[17.248s][debug][gc,age         ] GC(575) Desired survivor size 8945664 bytes, new threshold 6 (max threshold 6)
[17.248s][trace][gc,age         ] GC(575) Age table with threshold 6 (max threshold 6)
[17.248s][trace][gc,age         ] GC(575) - age   1:        192 bytes,        192 total
[17.248s][info ][gc,heap        ] GC(575) ParNew: 139623K->6K(157376K)
[17.248s][info ][gc,heap        ] GC(575) CMS: 3753K->3753K(349568K)
[17.248s][info ][gc,metaspace   ] GC(575) Metaspace: 16023K(16640K)->16023K(16640K) NonClass: 14283K(14592K)->14283K(14592K) Class: 1740K(2048K)->1740K(2048K)
[17.248s][info ][gc             ] GC(575) Pause Young (Allocation Failure) 140M->3M(495M) 0.377ms
[17.248s][info ][gc,cpu         ] GC(575) User=0.00s Sys=0.00s Real=0.00s
[17.256s][info ][gc,start       ] GC(576) Pause Young (Allocation Failure)
[17.257s][info ][gc,task        ] GC(576) Using 9 workers of 9 for evacuation
[17.257s][debug][gc,age         ] GC(576) Desired survivor size 8945664 bytes, new threshold 6 (max threshold 6)
[17.257s][trace][gc,age         ] GC(576) Age table with threshold 6 (max threshold 6)
[17.257s][trace][gc,age         ] GC(576) - age   1:        192 bytes,        192 total
[17.257s][info ][gc,heap        ] GC(576) ParNew: 139686K->8K(157376K)
[17.257s][info ][gc,heap        ] GC(576) CMS: 3753K->3753K(349568K)
[17.257s][info ][gc,metaspace   ] GC(576) Metaspace: 16023K(16640K)->16023K(16640K) NonClass: 14283K(14592K)->14283K(14592K) Class: 1740K(2048K)->1740K(2048K)
[17.257s][info ][gc             ] GC(576) Pause Young (Allocation Failure) 140M->3M(495M) 0.367ms
[17.257s][info ][gc,cpu         ] GC(576) User=0.00s Sys=0.00s Real=0.00s
[17.265s][info ][gc,start       ] GC(577) Pause Young (Allocation Failure)
[17.265s][info ][gc,task        ] GC(577) Using 9 workers of 9 for evacuation
[17.266s][debug][gc,age         ] GC(577) Desired survivor size 8945664 bytes, new threshold 6 (max threshold 6)
[17.266s][trace][gc,age         ] GC(577) Age table with threshold 6 (max threshold 6)
[17.266s][trace][gc,age         ] GC(577) - age   1:     400208 bytes,     400208 total
[17.266s][info ][gc,heap        ] GC(577) ParNew: 139890K->394K(157376K)
[17.266s][info ][gc,heap        ] GC(577) CMS: 3753K->3753K(349568K)
[17.266s][info ][gc,metaspace   ] GC(577) Metaspace: 16023K(16640K)->16023K(16640K) NonClass: 14283K(14592K)->14283K(14592K) Class: 1740K(2048K)->1740K(2048K)
[17.266s][info ][gc             ] GC(577) Pause Young (Allocation Failure) 140M->4M(495M) 0.447ms
[17.266s][info ][gc,cpu         ] GC(577) User=0.00s Sys=0.00s Real=0.00s
[17.274s][info ][gc,start       ] GC(578) Pause Young (Allocation Failure)
[17.274s][info ][gc,task        ] GC(578) Using 9 workers of 9 for evacuation
[17.275s][debug][gc,age         ] GC(578) Desired survivor size 8945664 bytes, new threshold 6 (max threshold 6)
[17.275s][trace][gc,age         ] GC(578) Age table with threshold 6 (max threshold 6)
[17.275s][trace][gc,age         ] GC(578) - age   1:        192 bytes,        192 total
[17.275s][info ][gc,heap        ] GC(578) ParNew: 140277K->6K(157376K)
[17.275s][info ][gc,heap        ] GC(578) CMS: 3753K->3753K(349568K)
[17.275s][info ][gc,metaspace   ] GC(578) Metaspace: 16023K(16640K)->16023K(16640K) NonClass: 14283K(14592K)->14283K(14592K) Class: 1740K(2048K)->1740K(2048K)
[17.275s][info ][gc             ] GC(578) Pause Young (Allocation Failure) 140M->3M(495M) 0.363ms
[17.275s][info ][gc,cpu         ] GC(578) User=0.01s Sys=0.00s Real=0.00s
[17.283s][info ][gc,start       ] GC(579) Pause Young (Allocation Failure)
[17.283s][info ][gc,task        ] GC(579) Using 9 workers of 9 for evacuation
[17.283s][debug][gc,age         ] GC(579) Desired survivor size 8945664 bytes, new threshold 6 (max threshold 6)
[17.283s][trace][gc,age         ] GC(579) Age table with threshold 6 (max threshold 6)
[17.283s][trace][gc,age         ] GC(579) - age   1:     400208 bytes,     400208 total
[17.283s][info ][gc,heap        ] GC(579) ParNew: 139881K->396K(157376K)
[17.283s][info ][gc,heap        ] GC(579) CMS: 3753K->3753K(349568K)
[17.283s][info ][gc,metaspace   ] GC(579) Metaspace: 16023K(16640K)->16023K(16640K) NonClass: 14283K(14592K)->14283K(14592K) Class: 1740K(2048K)->1740K(2048K)
[17.283s][info ][gc             ] GC(579) Pause Young (Allocation Failure) 140M->4M(495M) 0.372ms
[17.284s][info ][gc,cpu         ] GC(579) User=0.00s Sys=0.00s Real=0.00s
[17.292s][info ][gc,start       ] GC(580) Pause Young (Allocation Failure)
[17.292s][info ][gc,task        ] GC(580) Using 9 workers of 9 for evacuation
[17.293s][debug][gc,age         ] GC(580) Desired survivor size 8945664 bytes, new threshold 6 (max threshold 6)
[17.293s][trace][gc,age         ] GC(580) Age table with threshold 6 (max threshold 6)
[17.293s][trace][gc,age         ] GC(580) - age   1:     400208 bytes,     400208 total
[17.293s][info ][gc,heap        ] GC(580) ParNew: 139943K->396K(157376K)
[17.293s][info ][gc,heap        ] GC(580) CMS: 3753K->3753K(349568K)
[17.293s][info ][gc,metaspace   ] GC(580) Metaspace: 16023K(16640K)->16023K(16640K) NonClass: 14283K(14592K)->14283K(14592K) Class: 1740K(2048K)->1740K(2048K)
[17.293s][info ][gc             ] GC(580) Pause Young (Allocation Failure) 140M->4M(495M) 0.460ms
[17.293s][info ][gc,cpu         ] GC(580) User=0.00s Sys=0.00s Real=0.00s
[17.301s][info ][gc,start       ] GC(581) Pause Young (Allocation Failure)
[17.301s][info ][gc,task        ] GC(581) Using 9 workers of 9 for evacuation
[17.302s][debug][gc,age         ] GC(581) Desired survivor size 8945664 bytes, new threshold 6 (max threshold 6)
[17.302s][trace][gc,age         ] GC(581) Age table with threshold 6 (max threshold 6)
[17.302s][trace][gc,age         ] GC(581) - age   1:        192 bytes,        192 total
[17.302s][info ][gc,heap        ] GC(581) ParNew: 140266K->6K(157376K)
[17.302s][info ][gc,heap        ] GC(581) CMS: 3753K->3753K(349568K)
[17.302s][info ][gc,metaspace   ] GC(581) Metaspace: 16023K(16640K)->16023K(16640K) NonClass: 14283K(14592K)->14283K(14592K) Class: 1740K(2048K)->1740K(2048K)
[17.302s][info ][gc             ] GC(581) Pause Young (Allocation Failure) 140M->3M(495M) 0.469ms
[17.302s][info ][gc,cpu         ] GC(581) User=0.00s Sys=0.00s Real=0.00s
[17.310s][info ][gc,start       ] GC(582) Pause Young (Allocation Failure)
[17.310s][info ][gc,task        ] GC(582) Using 9 workers of 9 for evacuation
[17.311s][debug][gc,age         ] GC(582) Desired survivor size 8945664 bytes, new threshold 6 (max threshold 6)
[17.311s][trace][gc,age         ] GC(582) Age table with threshold 6 (max threshold 6)
[17.311s][trace][gc,age         ] GC(582) - age   1:     400208 bytes,     400208 total
[17.311s][info ][gc,heap        ] GC(582) ParNew: 139907K->396K(157376K)
[17.311s][info ][gc,heap        ] GC(582) CMS: 3753K->3753K(349568K)
[17.311s][info ][gc,metaspace   ] GC(582) Metaspace: 16023K(16640K)->16023K(16640K) NonClass: 14283K(14592K)->14283K(14592K) Class: 1740K(2048K)->1740K(2048K)
[17.311s][info ][gc             ] GC(582) Pause Young (Allocation Failure) 140M->4M(495M) 0.390ms
[17.311s][info ][gc,cpu         ] GC(582) User=0.00s Sys=0.00s Real=0.00s
[17.319s][info ][gc,start       ] GC(583) Pause Young (Allocation Failure)
[17.319s][info ][gc,task        ] GC(583) Using 9 workers of 9 for evacuation
[17.319s][debug][gc,age         ] GC(583) Desired survivor size 8945664 bytes, new threshold 6 (max threshold 6)
[17.319s][trace][gc,age         ] GC(583) Age table with threshold 6 (max threshold 6)
[17.319s][trace][gc,age         ] GC(583) - age   1:        192 bytes,        192 total
[17.319s][info ][gc,heap        ] GC(583) ParNew: 140274K->4K(157376K)
[17.319s][info ][gc,heap        ] GC(583) CMS: 3753K->3753K(349568K)
[17.319s][info ][gc,metaspace   ] GC(583) Metaspace: 16023K(16640K)->16023K(16640K) NonClass: 14283K(14592K)->14283K(14592K) Class: 1740K(2048K)->1740K(2048K)
[17.319s][info ][gc             ] GC(583) Pause Young (Allocation Failure) 140M->3M(495M) 0.357ms
[17.319s][info ][gc,cpu         ] GC(583) User=0.00s Sys=0.00s Real=0.00s
[17.328s][info ][gc,start       ] GC(584) Pause Young (Allocation Failure)
[17.328s][info ][gc,task        ] GC(584) Using 9 workers of 9 for evacuation
[17.328s][debug][gc,age         ] GC(584) Desired survivor size 8945664 bytes, new threshold 6 (max threshold 6)
[17.328s][trace][gc,age         ] GC(584) Age table with threshold 6 (max threshold 6)
[17.328s][trace][gc,age         ] GC(584) - age   1:     400208 bytes,     400208 total
[17.328s][info ][gc,heap        ] GC(584) ParNew: 139904K->398K(157376K)
[17.328s][info ][gc,heap        ] GC(584) CMS: 3753K->3753K(349568K)
[17.328s][info ][gc,metaspace   ] GC(584) Metaspace: 16023K(16640K)->16023K(16640K) NonClass: 14283K(14592K)->14283K(14592K) Class: 1740K(2048K)->1740K(2048K)
[17.328s][info ][gc             ] GC(584) Pause Young (Allocation Failure) 140M->4M(495M) 0.492ms
[17.328s][info ][gc,cpu         ] GC(584) User=0.00s Sys=0.00s Real=0.00s
[17.337s][info ][gc,start       ] GC(585) Pause Young (Allocation Failure)
[17.337s][info ][gc,task        ] GC(585) Using 9 workers of 9 for evacuation
[17.337s][debug][gc,age         ] GC(585) Desired survivor size 8945664 bytes, new threshold 6 (max threshold 6)
[17.337s][trace][gc,age         ] GC(585) Age table with threshold 6 (max threshold 6)
[17.337s][trace][gc,age         ] GC(585) - age   1:        192 bytes,        192 total
[17.337s][info ][gc,heap        ] GC(585) ParNew: 140292K->6K(157376K)
[17.337s][info ][gc,heap        ] GC(585) CMS: 3753K->3753K(349568K)
[17.337s][info ][gc,metaspace   ] GC(585) Metaspace: 16023K(16640K)->16023K(16640K) NonClass: 14283K(14592K)->14283K(14592K) Class: 1740K(2048K)->1740K(2048K)
[17.337s][info ][gc             ] GC(585) Pause Young (Allocation Failure) 140M->3M(495M) 0.428ms
[17.337s][info ][gc,cpu         ] GC(585) User=0.00s Sys=0.00s Real=0.00s
[17.346s][info ][gc,start       ] GC(586) Pause Young (Allocation Failure)
[17.346s][info ][gc,task        ] GC(586) Using 9 workers of 9 for evacuation
[17.346s][debug][gc,age         ] GC(586) Desired survivor size 8945664 bytes, new threshold 6 (max threshold 6)
[17.346s][trace][gc,age         ] GC(586) Age table with threshold 6 (max threshold 6)
[17.346s][trace][gc,age         ] GC(586) - age   1:     400208 bytes,     400208 total
[17.346s][info ][gc,heap        ] GC(586) ParNew: 139884K->398K(157376K)
[17.346s][info ][gc,heap        ] GC(586) CMS: 3753K->3753K(349568K)
[17.346s][info ][gc,metaspace   ] GC(586) Metaspace: 16023K(16640K)->16023K(16640K) NonClass: 14283K(14592K)->14283K(14592K) Class: 1740K(2048K)->1740K(2048K)
[17.346s][info ][gc             ] GC(586) Pause Young (Allocation Failure) 140M->4M(495M) 0.471ms
[17.346s][info ][gc,cpu         ] GC(586) User=0.00s Sys=0.00s Real=0.00s
[17.355s][info ][gc,start       ] GC(587) Pause Young (Allocation Failure)
[17.355s][info ][gc,task        ] GC(587) Using 9 workers of 9 for evacuation
[17.355s][debug][gc,age         ] GC(587) Desired survivor size 8945664 bytes, new threshold 6 (max threshold 6)
[17.355s][trace][gc,age         ] GC(587) Age table with threshold 6 (max threshold 6)
[17.355s][trace][gc,age         ] GC(587) - age   1:        192 bytes,        192 total
[17.355s][info ][gc,heap        ] GC(587) ParNew: 140278K->6K(157376K)
[17.355s][info ][gc,heap        ] GC(587) CMS: 3753K->3753K(349568K)
[17.355s][info ][gc,metaspace   ] GC(587) Metaspace: 16023K(16640K)->16023K(16640K) NonClass: 14283K(14592K)->14283K(14592K) Class: 1740K(2048K)->1740K(2048K)
[17.355s][info ][gc             ] GC(587) Pause Young (Allocation Failure) 140M->3M(495M) 0.349ms
[17.355s][info ][gc,cpu         ] GC(587) User=0.00s Sys=0.00s Real=0.00s
[17.364s][info ][gc,start       ] GC(588) Pause Young (Allocation Failure)
[17.364s][info ][gc,task        ] GC(588) Using 9 workers of 9 for evacuation
[17.364s][debug][gc,age         ] GC(588) Desired survivor size 8945664 bytes, new threshold 6 (max threshold 6)
[17.364s][trace][gc,age         ] GC(588) Age table with threshold 6 (max threshold 6)
[17.364s][trace][gc,age         ] GC(588) - age   1:     400208 bytes,     400208 total
[17.364s][info ][gc,heap        ] GC(588) ParNew: 139872K->396K(157376K)
[17.364s][info ][gc,heap        ] GC(588) CMS: 3753K->3753K(349568K)
[17.364s][info ][gc,metaspace   ] GC(588) Metaspace: 16023K(16640K)->16023K(16640K) NonClass: 14283K(14592K)->14283K(14592K) Class: 1740K(2048K)->1740K(2048K)
[17.364s][info ][gc             ] GC(588) Pause Young (Allocation Failure) 140M->4M(495M) 0.442ms
[17.364s][info ][gc,cpu         ] GC(588) User=0.01s Sys=0.00s Real=0.00s
[17.373s][info ][gc,start       ] GC(589) Pause Young (Allocation Failure)
[17.373s][info ][gc,task        ] GC(589) Using 9 workers of 9 for evacuation
[17.373s][debug][gc,age         ] GC(589) Desired survivor size 8945664 bytes, new threshold 6 (max threshold 6)
[17.373s][trace][gc,age         ] GC(589) Age table with threshold 6 (max threshold 6)
[17.373s][trace][gc,age         ] GC(589) - age   1:     400208 bytes,     400208 total
[17.373s][info ][gc,heap        ] GC(589) ParNew: 139990K->396K(157376K)
[17.373s][info ][gc,heap        ] GC(589) CMS: 3753K->3753K(349568K)
[17.373s][info ][gc,metaspace   ] GC(589) Metaspace: 16023K(16640K)->16023K(16640K) NonClass: 14283K(14592K)->14283K(14592K) Class: 1740K(2048K)->1740K(2048K)
[17.373s][info ][gc             ] GC(589) Pause Young (Allocation Failure) 140M->4M(495M) 0.411ms
[17.373s][info ][gc,cpu         ] GC(589) User=0.01s Sys=0.00s Real=0.00s
[17.382s][info ][gc,start       ] GC(590) Pause Young (Allocation Failure)
[17.382s][info ][gc,task        ] GC(590) Using 9 workers of 9 for evacuation
[17.382s][debug][gc,age         ] GC(590) Desired survivor size 8945664 bytes, new threshold 6 (max threshold 6)
[17.382s][trace][gc,age         ] GC(590) Age table with threshold 6 (max threshold 6)
[17.382s][trace][gc,age         ] GC(590) - age   1:     400208 bytes,     400208 total
[17.382s][info ][gc,heap        ] GC(590) ParNew: 140021K->394K(157376K)
[17.382s][info ][gc,heap        ] GC(590) CMS: 3753K->3753K(349568K)
[17.382s][info ][gc,metaspace   ] GC(590) Metaspace: 16023K(16640K)->16023K(16640K) NonClass: 14283K(14592K)->14283K(14592K) Class: 1740K(2048K)->1740K(2048K)
[17.382s][info ][gc             ] GC(590) Pause Young (Allocation Failure) 140M->4M(495M) 0.380ms
[17.382s][info ][gc,cpu         ] GC(590) User=0.00s Sys=0.00s Real=0.00s
[17.391s][info ][gc,start       ] GC(591) Pause Young (Allocation Failure)
[17.391s][info ][gc,task        ] GC(591) Using 9 workers of 9 for evacuation
[17.391s][debug][gc,age         ] GC(591) Desired survivor size 8945664 bytes, new threshold 6 (max threshold 6)
[17.391s][trace][gc,age         ] GC(591) Age table with threshold 6 (max threshold 6)
[17.391s][trace][gc,age         ] GC(591) - age   1:        192 bytes,        192 total
[17.391s][info ][gc,heap        ] GC(591) ParNew: 140282K->6K(157376K)
[17.391s][info ][gc,heap        ] GC(591) CMS: 3753K->3753K(349568K)
[17.391s][info ][gc,metaspace   ] GC(591) Metaspace: 16023K(16640K)->16023K(16640K) NonClass: 14283K(14592K)->14283K(14592K) Class: 1740K(2048K)->1740K(2048K)
[17.391s][info ][gc             ] GC(591) Pause Young (Allocation Failure) 140M->3M(495M) 0.433ms
[17.391s][info ][gc,cpu         ] GC(591) User=0.01s Sys=0.00s Real=0.00s
[17.400s][info ][gc,start       ] GC(592) Pause Young (Allocation Failure)
[17.400s][info ][gc,task        ] GC(592) Using 9 workers of 9 for evacuation
[17.400s][debug][gc,age         ] GC(592) Desired survivor size 8945664 bytes, new threshold 6 (max threshold 6)
[17.400s][trace][gc,age         ] GC(592) Age table with threshold 6 (max threshold 6)
[17.400s][trace][gc,age         ] GC(592) - age   1:     400208 bytes,     400208 total
[17.400s][info ][gc,heap        ] GC(592) ParNew: 139891K->396K(157376K)
[17.400s][info ][gc,heap        ] GC(592) CMS: 3753K->3753K(349568K)
[17.400s][info ][gc,metaspace   ] GC(592) Metaspace: 16023K(16640K)->16023K(16640K) NonClass: 14283K(14592K)->14283K(14592K) Class: 1740K(2048K)->1740K(2048K)
[17.400s][info ][gc             ] GC(592) Pause Young (Allocation Failure) 140M->4M(495M) 0.353ms
[17.400s][info ][gc,cpu         ] GC(592) User=0.01s Sys=0.00s Real=0.00s
[17.409s][info ][gc,start       ] GC(593) Pause Young (Allocation Failure)
[17.409s][info ][gc,task        ] GC(593) Using 9 workers of 9 for evacuation
[17.409s][debug][gc,age         ] GC(593) Desired survivor size 8945664 bytes, new threshold 6 (max threshold 6)
[17.409s][trace][gc,age         ] GC(593) Age table with threshold 6 (max threshold 6)
[17.409s][trace][gc,age         ] GC(593) - age   1:        192 bytes,        192 total
[17.409s][info ][gc,heap        ] GC(593) ParNew: 140255K->8K(157376K)
[17.409s][info ][gc,heap        ] GC(593) CMS: 3753K->3753K(349568K)
[17.409s][info ][gc,metaspace   ] GC(593) Metaspace: 16023K(16640K)->16023K(16640K) NonClass: 14283K(14592K)->14283K(14592K) Class: 1740K(2048K)->1740K(2048K)
[17.409s][info ][gc             ] GC(593) Pause Young (Allocation Failure) 140M->3M(495M) 0.462ms
[17.409s][info ][gc,cpu         ] GC(593) User=0.00s Sys=0.00s Real=0.01s
[17.418s][info ][gc,start       ] GC(594) Pause Young (Allocation Failure)
[17.418s][info ][gc,task        ] GC(594) Using 9 workers of 9 for evacuation
[17.418s][debug][gc,age         ] GC(594) Desired survivor size 8945664 bytes, new threshold 6 (max threshold 6)
[17.418s][trace][gc,age         ] GC(594) Age table with threshold 6 (max threshold 6)
[17.418s][trace][gc,age         ] GC(594) - age   1:     400208 bytes,     400208 total
[17.418s][info ][gc,heap        ] GC(594) ParNew: 139897K->396K(157376K)
[17.418s][info ][gc,heap        ] GC(594) CMS: 3753K->3753K(349568K)
[17.418s][info ][gc,metaspace   ] GC(594) Metaspace: 16023K(16640K)->16023K(16640K) NonClass: 14283K(14592K)->14283K(14592K) Class: 1740K(2048K)->1740K(2048K)
[17.418s][info ][gc             ] GC(594) Pause Young (Allocation Failure) 140M->4M(495M) 0.361ms
[17.418s][info ][gc,cpu         ] GC(594) User=0.00s Sys=0.00s Real=0.00s
[17.426s][info ][gc,start       ] GC(595) Pause Young (Allocation Failure)
[17.426s][info ][gc,task        ] GC(595) Using 9 workers of 9 for evacuation
[17.427s][debug][gc,age         ] GC(595) Desired survivor size 8945664 bytes, new threshold 6 (max threshold 6)
[17.427s][trace][gc,age         ] GC(595) Age table with threshold 6 (max threshold 6)
[17.427s][trace][gc,age         ] GC(595) - age   1:        192 bytes,        192 total
[17.427s][info ][gc,heap        ] GC(595) ParNew: 140277K->6K(157376K)
[17.427s][info ][gc,heap        ] GC(595) CMS: 3753K->3753K(349568K)
[17.427s][info ][gc,metaspace   ] GC(595) Metaspace: 16023K(16640K)->16023K(16640K) NonClass: 14283K(14592K)->14283K(14592K) Class: 1740K(2048K)->1740K(2048K)
[17.427s][info ][gc             ] GC(595) Pause Young (Allocation Failure) 140M->3M(495M) 0.429ms
[17.427s][info ][gc,cpu         ] GC(595) User=0.01s Sys=0.00s Real=0.00s
[17.435s][info ][gc,start       ] GC(596) Pause Young (Allocation Failure)
[17.435s][info ][gc,task        ] GC(596) Using 9 workers of 9 for evacuation
[17.436s][debug][gc,age         ] GC(596) Desired survivor size 8945664 bytes, new threshold 6 (max threshold 6)
[17.436s][trace][gc,age         ] GC(596) Age table with threshold 6 (max threshold 6)
[17.436s][trace][gc,age         ] GC(596) - age   1:     400208 bytes,     400208 total
[17.436s][info ][gc,heap        ] GC(596) ParNew: 139891K->396K(157376K)
[17.436s][info ][gc,heap        ] GC(596) CMS: 3753K->3753K(349568K)
[17.436s][info ][gc,metaspace   ] GC(596) Metaspace: 16023K(16640K)->16023K(16640K) NonClass: 14283K(14592K)->14283K(14592K) Class: 1740K(2048K)->1740K(2048K)
[17.436s][info ][gc             ] GC(596) Pause Young (Allocation Failure) 140M->4M(495M) 0.440ms
[17.436s][info ][gc,cpu         ] GC(596) User=0.00s Sys=0.00s Real=0.00s
[17.444s][info ][gc,start       ] GC(597) Pause Young (Allocation Failure)
[17.444s][info ][gc,task        ] GC(597) Using 9 workers of 9 for evacuation
[17.445s][debug][gc,age         ] GC(597) Desired survivor size 8945664 bytes, new threshold 6 (max threshold 6)
[17.445s][trace][gc,age         ] GC(597) Age table with threshold 6 (max threshold 6)
[17.445s][trace][gc,age         ] GC(597) - age   1:        192 bytes,        192 total
[17.445s][info ][gc,heap        ] GC(597) ParNew: 140283K->6K(157376K)
[17.445s][info ][gc,heap        ] GC(597) CMS: 3753K->3753K(349568K)
[17.445s][info ][gc,metaspace   ] GC(597) Metaspace: 16023K(16640K)->16023K(16640K) NonClass: 14283K(14592K)->14283K(14592K) Class: 1740K(2048K)->1740K(2048K)
[17.445s][info ][gc             ] GC(597) Pause Young (Allocation Failure) 140M->3M(495M) 0.426ms
[17.445s][info ][gc,cpu         ] GC(597) User=0.00s Sys=0.01s Real=0.00s
[17.453s][info ][gc,start       ] GC(598) Pause Young (Allocation Failure)
[17.453s][info ][gc,task        ] GC(598) Using 9 workers of 9 for evacuation
[17.453s][debug][gc,age         ] GC(598) Desired survivor size 8945664 bytes, new threshold 6 (max threshold 6)
[17.453s][trace][gc,age         ] GC(598) Age table with threshold 6 (max threshold 6)
[17.453s][trace][gc,age         ] GC(598) - age   1:     400208 bytes,     400208 total
[17.453s][info ][gc,heap        ] GC(598) ParNew: 139901K->396K(157376K)
[17.453s][info ][gc,heap        ] GC(598) CMS: 3753K->3753K(349568K)
[17.453s][info ][gc,metaspace   ] GC(598) Metaspace: 16023K(16640K)->16023K(16640K) NonClass: 14283K(14592K)->14283K(14592K) Class: 1740K(2048K)->1740K(2048K)
[17.453s][info ][gc             ] GC(598) Pause Young (Allocation Failure) 140M->4M(495M) 0.338ms
[17.453s][info ][gc,cpu         ] GC(598) User=0.00s Sys=0.00s Real=0.00s
[17.462s][info ][gc,start       ] GC(599) Pause Young (Allocation Failure)
[17.462s][info ][gc,task        ] GC(599) Using 9 workers of 9 for evacuation
[17.462s][debug][gc,age         ] GC(599) Desired survivor size 8945664 bytes, new threshold 6 (max threshold 6)
[17.462s][trace][gc,age         ] GC(599) Age table with threshold 6 (max threshold 6)
[17.462s][trace][gc,age         ] GC(599) - age   1:        192 bytes,        192 total
[17.462s][info ][gc,heap        ] GC(599) ParNew: 140287K->4K(157376K)
[17.462s][info ][gc,heap        ] GC(599) CMS: 3753K->3753K(349568K)
[17.462s][info ][gc,metaspace   ] GC(599) Metaspace: 16023K(16640K)->16023K(16640K) NonClass: 14283K(14592K)->14283K(14592K) Class: 1740K(2048K)->1740K(2048K)
[17.462s][info ][gc             ] GC(599) Pause Young (Allocation Failure) 140M->3M(495M) 0.436ms
[17.462s][info ][gc,cpu         ] GC(599) User=0.01s Sys=0.00s Real=0.00s
[17.471s][info ][gc,start       ] GC(600) Pause Young (Allocation Failure)
[17.471s][info ][gc,task        ] GC(600) Using 9 workers of 9 for evacuation
[17.471s][debug][gc,age         ] GC(600) Desired survivor size 8945664 bytes, new threshold 6 (max threshold 6)
[17.471s][trace][gc,age         ] GC(600) Age table with threshold 6 (max threshold 6)
[17.471s][trace][gc,age         ] GC(600) - age   1:     400208 bytes,     400208 total
[17.471s][info ][gc,heap        ] GC(600) ParNew: 139893K->396K(157376K)
[17.471s][info ][gc,heap        ] GC(600) CMS: 3753K->3753K(349568K)
[17.471s][info ][gc,metaspace   ] GC(600) Metaspace: 16023K(16640K)->16023K(16640K) NonClass: 14283K(14592K)->14283K(14592K) Class: 1740K(2048K)->1740K(2048K)
[17.471s][info ][gc             ] GC(600) Pause Young (Allocation Failure) 140M->4M(495M) 0.409ms
[17.471s][info ][gc,cpu         ] GC(600) User=0.01s Sys=0.00s Real=0.00s
[17.480s][info ][gc,start       ] GC(601) Pause Young (Allocation Failure)
[17.480s][info ][gc,task        ] GC(601) Using 9 workers of 9 for evacuation
[17.481s][debug][gc,age         ] GC(601) Desired survivor size 8945664 bytes, new threshold 6 (max threshold 6)
[17.481s][trace][gc,age         ] GC(601) Age table with threshold 6 (max threshold 6)
[17.481s][trace][gc,age         ] GC(601) - age   1:        192 bytes,        192 total
[17.481s][info ][gc,heap        ] GC(601) ParNew: 140281K->6K(157376K)
[17.481s][info ][gc,heap        ] GC(601) CMS: 3753K->3753K(349568K)
[17.481s][info ][gc,metaspace   ] GC(601) Metaspace: 16023K(16640K)->16023K(16640K) NonClass: 14283K(14592K)->14283K(14592K) Class: 1740K(2048K)->1740K(2048K)
[17.481s][info ][gc             ] GC(601) Pause Young (Allocation Failure) 140M->3M(495M) 0.387ms
[17.481s][info ][gc,cpu         ] GC(601) User=0.01s Sys=0.00s Real=0.00s
[17.489s][info ][gc,start       ] GC(602) Pause Young (Allocation Failure)
[17.489s][info ][gc,task        ] GC(602) Using 9 workers of 9 for evacuation
[17.489s][debug][gc,age         ] GC(602) Desired survivor size 8945664 bytes, new threshold 6 (max threshold 6)
[17.490s][trace][gc,age         ] GC(602) Age table with threshold 6 (max threshold 6)
[17.490s][trace][gc,age         ] GC(602) - age   1:     400208 bytes,     400208 total
[17.490s][info ][gc,heap        ] GC(602) ParNew: 139888K->396K(157376K)
[17.490s][info ][gc,heap        ] GC(602) CMS: 3753K->3753K(349568K)
[17.490s][info ][gc,metaspace   ] GC(602) Metaspace: 16023K(16640K)->16023K(16640K) NonClass: 14283K(14592K)->14283K(14592K) Class: 1740K(2048K)->1740K(2048K)
[17.490s][info ][gc             ] GC(602) Pause Young (Allocation Failure) 140M->4M(495M) 0.428ms
[17.490s][info ][gc,cpu         ] GC(602) User=0.01s Sys=0.00s Real=0.00s
[17.498s][info ][gc,start       ] GC(603) Pause Young (Allocation Failure)
[17.498s][info ][gc,task        ] GC(603) Using 9 workers of 9 for evacuation
[17.498s][debug][gc,age         ] GC(603) Desired survivor size 8945664 bytes, new threshold 6 (max threshold 6)
[17.498s][trace][gc,age         ] GC(603) Age table with threshold 6 (max threshold 6)
[17.498s][trace][gc,age         ] GC(603) - age   1:        192 bytes,        192 total
[17.498s][info ][gc,heap        ] GC(603) ParNew: 140281K->8K(157376K)
[17.498s][info ][gc,heap        ] GC(603) CMS: 3753K->3753K(349568K)
[17.498s][info ][gc,metaspace   ] GC(603) Metaspace: 16023K(16640K)->16023K(16640K) NonClass: 14283K(14592K)->14283K(14592K) Class: 1740K(2048K)->1740K(2048K)
[17.498s][info ][gc             ] GC(603) Pause Young (Allocation Failure) 140M->3M(495M) 0.385ms
[17.498s][info ][gc,cpu         ] GC(603) User=0.00s Sys=0.00s Real=0.00s
[17.507s][info ][gc,start       ] GC(604) Pause Young (Allocation Failure)
[17.507s][info ][gc,task        ] GC(604) Using 9 workers of 9 for evacuation
[17.508s][debug][gc,age         ] GC(604) Desired survivor size 8945664 bytes, new threshold 6 (max threshold 6)
[17.508s][trace][gc,age         ] GC(604) Age table with threshold 6 (max threshold 6)
[17.508s][trace][gc,age         ] GC(604) - age   1:     400208 bytes,     400208 total
[17.508s][info ][gc,heap        ] GC(604) ParNew: 139869K->396K(157376K)
[17.508s][info ][gc,heap        ] GC(604) CMS: 3753K->3753K(349568K)
[17.508s][info ][gc,metaspace   ] GC(604) Metaspace: 16023K(16640K)->16023K(16640K) NonClass: 14283K(14592K)->14283K(14592K) Class: 1740K(2048K)->1740K(2048K)
[17.508s][info ][gc             ] GC(604) Pause Young (Allocation Failure) 140M->4M(495M) 0.388ms
[17.508s][info ][gc,cpu         ] GC(604) User=0.00s Sys=0.00s Real=0.00s
[17.516s][info ][gc,start       ] GC(605) Pause Young (Allocation Failure)
[17.516s][info ][gc,task        ] GC(605) Using 9 workers of 9 for evacuation
[17.516s][debug][gc,age         ] GC(605) Desired survivor size 8945664 bytes, new threshold 6 (max threshold 6)
[17.516s][trace][gc,age         ] GC(605) Age table with threshold 6 (max threshold 6)
[17.516s][trace][gc,age         ] GC(605) - age   1:        192 bytes,        192 total
[17.516s][info ][gc,heap        ] GC(605) ParNew: 140297K->6K(157376K)
[17.516s][info ][gc,heap        ] GC(605) CMS: 3753K->3753K(349568K)
[17.516s][info ][gc,metaspace   ] GC(605) Metaspace: 16023K(16640K)->16023K(16640K) NonClass: 14283K(14592K)->14283K(14592K) Class: 1740K(2048K)->1740K(2048K)
[17.517s][info ][gc             ] GC(605) Pause Young (Allocation Failure) 140M->3M(495M) 0.392ms
[17.517s][info ][gc,cpu         ] GC(605) User=0.00s Sys=0.00s Real=0.00s
[17.525s][info ][gc,start       ] GC(606) Pause Young (Allocation Failure)
[17.525s][info ][gc,task        ] GC(606) Using 9 workers of 9 for evacuation
[17.525s][debug][gc,age         ] GC(606) Desired survivor size 8945664 bytes, new threshold 6 (max threshold 6)
[17.525s][trace][gc,age         ] GC(606) Age table with threshold 6 (max threshold 6)
[17.525s][trace][gc,age         ] GC(606) - age   1:     400208 bytes,     400208 total
[17.525s][info ][gc,heap        ] GC(606) ParNew: 139900K->398K(157376K)
[17.525s][info ][gc,heap        ] GC(606) CMS: 3753K->3753K(349568K)
[17.525s][info ][gc,metaspace   ] GC(606) Metaspace: 16023K(16640K)->16023K(16640K) NonClass: 14283K(14592K)->14283K(14592K) Class: 1740K(2048K)->1740K(2048K)
[17.525s][info ][gc             ] GC(606) Pause Young (Allocation Failure) 140M->4M(495M) 0.427ms
[17.525s][info ][gc,cpu         ] GC(606) User=0.00s Sys=0.00s Real=0.00s
[17.534s][info ][gc,start       ] GC(607) Pause Young (Allocation Failure)
[17.534s][info ][gc,task        ] GC(607) Using 9 workers of 9 for evacuation
[17.535s][debug][gc,age         ] GC(607) Desired survivor size 8945664 bytes, new threshold 6 (max threshold 6)
[17.535s][trace][gc,age         ] GC(607) Age table with threshold 6 (max threshold 6)
[17.535s][trace][gc,age         ] GC(607) - age   1:        192 bytes,        192 total
[17.535s][info ][gc,heap        ] GC(607) ParNew: 140263K->6K(157376K)
[17.535s][info ][gc,heap        ] GC(607) CMS: 3753K->3753K(349568K)
[17.535s][info ][gc,metaspace   ] GC(607) Metaspace: 16023K(16640K)->16023K(16640K) NonClass: 14283K(14592K)->14283K(14592K) Class: 1740K(2048K)->1740K(2048K)
[17.535s][info ][gc             ] GC(607) Pause Young (Allocation Failure) 140M->3M(495M) 0.340ms
[17.535s][info ][gc,cpu         ] GC(607) User=0.00s Sys=0.00s Real=0.00s
[17.543s][info ][gc,start       ] GC(608) Pause Young (Allocation Failure)
[17.543s][info ][gc,task        ] GC(608) Using 9 workers of 9 for evacuation
[17.543s][debug][gc,age         ] GC(608) Desired survivor size 8945664 bytes, new threshold 6 (max threshold 6)
[17.544s][trace][gc,age         ] GC(608) Age table with threshold 6 (max threshold 6)
[17.544s][trace][gc,age         ] GC(608) - age   1:     400208 bytes,     400208 total
[17.544s][info ][gc,heap        ] GC(608) ParNew: 139897K->396K(157376K)
[17.544s][info ][gc,heap        ] GC(608) CMS: 3753K->3753K(349568K)
[17.544s][info ][gc,metaspace   ] GC(608) Metaspace: 16023K(16640K)->16023K(16640K) NonClass: 14283K(14592K)->14283K(14592K) Class: 1740K(2048K)->1740K(2048K)
[17.544s][info ][gc             ] GC(608) Pause Young (Allocation Failure) 140M->4M(495M) 0.452ms
[17.544s][info ][gc,cpu         ] GC(608) User=0.00s Sys=0.00s Real=0.00s
[17.552s][info ][gc,start       ] GC(609) Pause Young (Allocation Failure)
[17.552s][info ][gc,task        ] GC(609) Using 9 workers of 9 for evacuation
[17.552s][debug][gc,age         ] GC(609) Desired survivor size 8945664 bytes, new threshold 6 (max threshold 6)
[17.552s][trace][gc,age         ] GC(609) Age table with threshold 6 (max threshold 6)
[17.552s][trace][gc,age         ] GC(609) - age   1:        192 bytes,        192 total
[17.552s][info ][gc,heap        ] GC(609) ParNew: 140281K->6K(157376K)
[17.552s][info ][gc,heap        ] GC(609) CMS: 3753K->3753K(349568K)
[17.552s][info ][gc,metaspace   ] GC(609) Metaspace: 16023K(16640K)->16023K(16640K) NonClass: 14283K(14592K)->14283K(14592K) Class: 1740K(2048K)->1740K(2048K)
[17.552s][info ][gc             ] GC(609) Pause Young (Allocation Failure) 140M->3M(495M) 0.447ms
[17.552s][info ][gc,cpu         ] GC(609) User=0.00s Sys=0.00s Real=0.00s
[17.561s][info ][gc,start       ] GC(610) Pause Young (Allocation Failure)
[17.561s][info ][gc,task        ] GC(610) Using 9 workers of 9 for evacuation
[17.561s][debug][gc,age         ] GC(610) Desired survivor size 8945664 bytes, new threshold 6 (max threshold 6)
[17.561s][trace][gc,age         ] GC(610) Age table with threshold 6 (max threshold 6)
[17.561s][trace][gc,age         ] GC(610) - age   1:     400208 bytes,     400208 total
[17.561s][info ][gc,heap        ] GC(610) ParNew: 139889K->398K(157376K)
[17.561s][info ][gc,heap        ] GC(610) CMS: 3753K->3753K(349568K)
[17.561s][info ][gc,metaspace   ] GC(610) Metaspace: 16023K(16640K)->16023K(16640K) NonClass: 14283K(14592K)->14283K(14592K) Class: 1740K(2048K)->1740K(2048K)
[17.561s][info ][gc             ] GC(610) Pause Young (Allocation Failure) 140M->4M(495M) 0.397ms
[17.561s][info ][gc,cpu         ] GC(610) User=0.01s Sys=0.00s Real=0.00s
[17.570s][info ][gc,start       ] GC(611) Pause Young (Allocation Failure)
[17.570s][info ][gc,task        ] GC(611) Using 9 workers of 9 for evacuation
[17.570s][debug][gc,age         ] GC(611) Desired survivor size 8945664 bytes, new threshold 6 (max threshold 6)
[17.570s][trace][gc,age         ] GC(611) Age table with threshold 6 (max threshold 6)
[17.570s][trace][gc,age         ] GC(611) - age   1:        192 bytes,        192 total
[17.570s][info ][gc,heap        ] GC(611) ParNew: 140284K->4K(157376K)
[17.570s][info ][gc,heap        ] GC(611) CMS: 3753K->3753K(349568K)
[17.570s][info ][gc,metaspace   ] GC(611) Metaspace: 16023K(16640K)->16023K(16640K) NonClass: 14283K(14592K)->14283K(14592K) Class: 1740K(2048K)->1740K(2048K)
[17.570s][info ][gc             ] GC(611) Pause Young (Allocation Failure) 140M->3M(495M) 0.403ms
[17.570s][info ][gc,cpu         ] GC(611) User=0.00s Sys=0.00s Real=0.00s
[17.579s][info ][gc,start       ] GC(612) Pause Young (Allocation Failure)
[17.579s][info ][gc,task        ] GC(612) Using 9 workers of 9 for evacuation
[17.579s][debug][gc,age         ] GC(612) Desired survivor size 8945664 bytes, new threshold 6 (max threshold 6)
[17.579s][trace][gc,age         ] GC(612) Age table with threshold 6 (max threshold 6)
[17.579s][trace][gc,age         ] GC(612) - age   1:     400208 bytes,     400208 total
[17.579s][info ][gc,heap        ] GC(612) ParNew: 139896K->394K(157376K)
[17.579s][info ][gc,heap        ] GC(612) CMS: 3753K->3753K(349568K)
[17.579s][info ][gc,metaspace   ] GC(612) Metaspace: 16023K(16640K)->16023K(16640K) NonClass: 14283K(14592K)->14283K(14592K) Class: 1740K(2048K)->1740K(2048K)
[17.579s][info ][gc             ] GC(612) Pause Young (Allocation Failure) 140M->4M(495M) 0.390ms
[17.579s][info ][gc,cpu         ] GC(612) User=0.00s Sys=0.00s Real=0.01s
[17.587s][info ][gc,start       ] GC(613) Pause Young (Allocation Failure)
[17.587s][info ][gc,task        ] GC(613) Using 9 workers of 9 for evacuation
[17.588s][debug][gc,age         ] GC(613) Desired survivor size 8945664 bytes, new threshold 6 (max threshold 6)
[17.588s][trace][gc,age         ] GC(613) Age table with threshold 6 (max threshold 6)
[17.588s][trace][gc,age         ] GC(613) - age   1:        192 bytes,        192 total
[17.588s][info ][gc,heap        ] GC(613) ParNew: 140283K->6K(157376K)
[17.588s][info ][gc,heap        ] GC(613) CMS: 3753K->3753K(349568K)
[17.588s][info ][gc,metaspace   ] GC(613) Metaspace: 16023K(16640K)->16023K(16640K) NonClass: 14283K(14592K)->14283K(14592K) Class: 1740K(2048K)->1740K(2048K)
[17.588s][info ][gc             ] GC(613) Pause Young (Allocation Failure) 140M->3M(495M) 0.366ms
[17.588s][info ][gc,cpu         ] GC(613) User=0.00s Sys=0.00s Real=0.00s
[17.596s][info ][gc,start       ] GC(614) Pause Young (Allocation Failure)
[17.596s][info ][gc,task        ] GC(614) Using 9 workers of 9 for evacuation
[17.597s][debug][gc,age         ] GC(614) Desired survivor size 8945664 bytes, new threshold 6 (max threshold 6)
[17.597s][trace][gc,age         ] GC(614) Age table with threshold 6 (max threshold 6)
[17.597s][trace][gc,age         ] GC(614) - age   1:     400208 bytes,     400208 total
[17.597s][info ][gc,heap        ] GC(614) ParNew: 139894K->396K(157376K)
[17.597s][info ][gc,heap        ] GC(614) CMS: 3753K->3753K(349568K)
[17.597s][info ][gc,metaspace   ] GC(614) Metaspace: 16023K(16640K)->16023K(16640K) NonClass: 14283K(14592K)->14283K(14592K) Class: 1740K(2048K)->1740K(2048K)
[17.597s][info ][gc             ] GC(614) Pause Young (Allocation Failure) 140M->4M(495M) 0.392ms
[17.597s][info ][gc,cpu         ] GC(614) User=0.00s Sys=0.00s Real=0.00s
[17.605s][info ][gc,start       ] GC(615) Pause Young (Allocation Failure)
[17.605s][info ][gc,task        ] GC(615) Using 9 workers of 9 for evacuation
[17.606s][debug][gc,age         ] GC(615) Desired survivor size 8945664 bytes, new threshold 6 (max threshold 6)
[17.606s][trace][gc,age         ] GC(615) Age table with threshold 6 (max threshold 6)
[17.606s][trace][gc,age         ] GC(615) - age   1:        192 bytes,        192 total
[17.606s][info ][gc,heap        ] GC(615) ParNew: 140281K->8K(157376K)
[17.606s][info ][gc,heap        ] GC(615) CMS: 3753K->3753K(349568K)
[17.606s][info ][gc,metaspace   ] GC(615) Metaspace: 16024K(16640K)->16024K(16640K) NonClass: 14283K(14592K)->14283K(14592K) Class: 1740K(2048K)->1740K(2048K)
[17.606s][info ][gc             ] GC(615) Pause Young (Allocation Failure) 140M->3M(495M) 0.726ms
[17.606s][info ][gc,cpu         ] GC(615) User=0.00s Sys=0.00s Real=0.00s
[17.614s][info ][gc,start       ] GC(616) Pause Young (Allocation Failure)
[17.614s][info ][gc,task        ] GC(616) Using 9 workers of 9 for evacuation
[17.615s][debug][gc,age         ] GC(616) Desired survivor size 8945664 bytes, new threshold 6 (max threshold 6)
[17.615s][trace][gc,age         ] GC(616) Age table with threshold 6 (max threshold 6)
[17.615s][trace][gc,age         ] GC(616) - age   1:     400208 bytes,     400208 total
[17.615s][info ][gc,heap        ] GC(616) ParNew: 139891K->396K(157376K)
[17.615s][info ][gc,heap        ] GC(616) CMS: 3753K->3753K(349568K)
[17.615s][info ][gc,metaspace   ] GC(616) Metaspace: 16024K(16640K)->16024K(16640K) NonClass: 14283K(14592K)->14283K(14592K) Class: 1740K(2048K)->1740K(2048K)
[17.615s][info ][gc             ] GC(616) Pause Young (Allocation Failure) 140M->4M(495M) 0.487ms
[17.615s][info ][gc,cpu         ] GC(616) User=0.00s Sys=0.00s Real=0.00s
[17.623s][info ][gc,start       ] GC(617) Pause Young (Allocation Failure)
[17.623s][info ][gc,task        ] GC(617) Using 9 workers of 9 for evacuation
[17.624s][debug][gc,age         ] GC(617) Desired survivor size 8945664 bytes, new threshold 6 (max threshold 6)
[17.624s][trace][gc,age         ] GC(617) Age table with threshold 6 (max threshold 6)
[17.624s][trace][gc,age         ] GC(617) - age   1:        192 bytes,        192 total
[17.624s][info ][gc,heap        ] GC(617) ParNew: 140284K->8K(157376K)
[17.624s][info ][gc,heap        ] GC(617) CMS: 3753K->3753K(349568K)
[17.624s][info ][gc,metaspace   ] GC(617) Metaspace: 16024K(16640K)->16024K(16640K) NonClass: 14283K(14592K)->14283K(14592K) Class: 1740K(2048K)->1740K(2048K)
[17.624s][info ][gc             ] GC(617) Pause Young (Allocation Failure) 140M->3M(495M) 0.387ms
[17.624s][info ][gc,cpu         ] GC(617) User=0.01s Sys=0.00s Real=0.00s
[17.633s][info ][gc,start       ] GC(618) Pause Young (Allocation Failure)
[17.633s][info ][gc,task        ] GC(618) Using 9 workers of 9 for evacuation
[17.633s][debug][gc,age         ] GC(618) Desired survivor size 8945664 bytes, new threshold 6 (max threshold 6)
[17.633s][trace][gc,age         ] GC(618) Age table with threshold 6 (max threshold 6)
[17.633s][trace][gc,age         ] GC(618) - age   1:     400208 bytes,     400208 total
[17.633s][info ][gc,heap        ] GC(618) ParNew: 139872K->396K(157376K)
[17.633s][info ][gc,heap        ] GC(618) CMS: 3753K->3753K(349568K)
[17.633s][info ][gc,metaspace   ] GC(618) Metaspace: 16024K(16640K)->16024K(16640K) NonClass: 14283K(14592K)->14283K(14592K) Class: 1740K(2048K)->1740K(2048K)
[17.633s][info ][gc             ] GC(618) Pause Young (Allocation Failure) 140M->4M(495M) 0.388ms
[17.633s][info ][gc,cpu         ] GC(618) User=0.00s Sys=0.00s Real=0.00s
[17.641s][info ][gc,start       ] GC(619) Pause Young (Allocation Failure)
[17.641s][info ][gc,task        ] GC(619) Using 9 workers of 9 for evacuation
[17.642s][debug][gc,age         ] GC(619) Desired survivor size 8945664 bytes, new threshold 6 (max threshold 6)
[17.642s][trace][gc,age         ] GC(619) Age table with threshold 6 (max threshold 6)
[17.642s][trace][gc,age         ] GC(619) - age   1:        192 bytes,        192 total
[17.642s][info ][gc,heap        ] GC(619) ParNew: 140273K->8K(157376K)
[17.642s][info ][gc,heap        ] GC(619) CMS: 3753K->3753K(349568K)
[17.642s][info ][gc,metaspace   ] GC(619) Metaspace: 16024K(16640K)->16024K(16640K) NonClass: 14283K(14592K)->14283K(14592K) Class: 1740K(2048K)->1740K(2048K)
[17.642s][info ][gc             ] GC(619) Pause Young (Allocation Failure) 140M->3M(495M) 0.324ms
[17.642s][info ][gc,cpu         ] GC(619) User=0.00s Sys=0.00s Real=0.00s
[17.650s][info ][gc,start       ] GC(620) Pause Young (Allocation Failure)
[17.650s][info ][gc,task        ] GC(620) Using 9 workers of 9 for evacuation
[17.651s][debug][gc,age         ] GC(620) Desired survivor size 8945664 bytes, new threshold 6 (max threshold 6)
[17.651s][trace][gc,age         ] GC(620) Age table with threshold 6 (max threshold 6)
[17.651s][trace][gc,age         ] GC(620) - age   1:     400208 bytes,     400208 total
[17.651s][info ][gc,heap        ] GC(620) ParNew: 139887K->396K(157376K)
[17.651s][info ][gc,heap        ] GC(620) CMS: 3753K->3753K(349568K)
[17.651s][info ][gc,metaspace   ] GC(620) Metaspace: 16024K(16640K)->16024K(16640K) NonClass: 14283K(14592K)->14283K(14592K) Class: 1740K(2048K)->1740K(2048K)
[17.651s][info ][gc             ] GC(620) Pause Young (Allocation Failure) 140M->4M(495M) 1.301ms
[17.651s][info ][gc,cpu         ] GC(620) User=0.00s Sys=0.00s Real=0.00s
[17.660s][info ][gc,start       ] GC(621) Pause Young (Allocation Failure)
[17.660s][info ][gc,task        ] GC(621) Using 9 workers of 9 for evacuation
[17.660s][debug][gc,age         ] GC(621) Desired survivor size 8945664 bytes, new threshold 6 (max threshold 6)
[17.660s][trace][gc,age         ] GC(621) Age table with threshold 6 (max threshold 6)
[17.660s][trace][gc,age         ] GC(621) - age   1:        192 bytes,        192 total
[17.660s][info ][gc,heap        ] GC(621) ParNew: 140291K->6K(157376K)
[17.660s][info ][gc,heap        ] GC(621) CMS: 3753K->3753K(349568K)
[17.660s][info ][gc,metaspace   ] GC(621) Metaspace: 16024K(16640K)->16024K(16640K) NonClass: 14283K(14592K)->14283K(14592K) Class: 1740K(2048K)->1740K(2048K)
[17.660s][info ][gc             ] GC(621) Pause Young (Allocation Failure) 140M->3M(495M) 0.522ms
[17.660s][info ][gc,cpu         ] GC(621) User=0.00s Sys=0.00s Real=0.00s
[17.669s][info ][gc,start       ] GC(622) Pause Young (Allocation Failure)
[17.669s][info ][gc,task        ] GC(622) Using 9 workers of 9 for evacuation
[17.669s][debug][gc,age         ] GC(622) Desired survivor size 8945664 bytes, new threshold 6 (max threshold 6)
[17.669s][trace][gc,age         ] GC(622) Age table with threshold 6 (max threshold 6)
[17.669s][trace][gc,age         ] GC(622) - age   1:     400208 bytes,     400208 total
[17.669s][info ][gc,heap        ] GC(622) ParNew: 139899K->396K(157376K)
[17.669s][info ][gc,heap        ] GC(622) CMS: 3753K->3753K(349568K)
[17.669s][info ][gc,metaspace   ] GC(622) Metaspace: 16024K(16640K)->16024K(16640K) NonClass: 14283K(14592K)->14283K(14592K) Class: 1740K(2048K)->1740K(2048K)
[17.669s][info ][gc             ] GC(622) Pause Young (Allocation Failure) 140M->4M(495M) 0.370ms
[17.669s][info ][gc,cpu         ] GC(622) User=0.00s Sys=0.00s Real=0.00s
[17.678s][info ][gc,start       ] GC(623) Pause Young (Allocation Failure)
[17.678s][info ][gc,task        ] GC(623) Using 9 workers of 9 for evacuation
[17.678s][debug][gc,age         ] GC(623) Desired survivor size 8945664 bytes, new threshold 6 (max threshold 6)
[17.678s][trace][gc,age         ] GC(623) Age table with threshold 6 (max threshold 6)
[17.678s][trace][gc,age         ] GC(623) - age   1:        192 bytes,        192 total
[17.678s][info ][gc,heap        ] GC(623) ParNew: 140281K->6K(157376K)
[17.678s][info ][gc,heap        ] GC(623) CMS: 3753K->3753K(349568K)
[17.678s][info ][gc,metaspace   ] GC(623) Metaspace: 16024K(16640K)->16024K(16640K) NonClass: 14283K(14592K)->14283K(14592K) Class: 1740K(2048K)->1740K(2048K)
[17.678s][info ][gc             ] GC(623) Pause Young (Allocation Failure) 140M->3M(495M) 0.448ms
[17.678s][info ][gc,cpu         ] GC(623) User=0.00s Sys=0.00s Real=0.00s
[17.687s][info ][gc,start       ] GC(624) Pause Young (Allocation Failure)
[17.687s][info ][gc,task        ] GC(624) Using 9 workers of 9 for evacuation
[17.687s][debug][gc,age         ] GC(624) Desired survivor size 8945664 bytes, new threshold 6 (max threshold 6)
[17.687s][trace][gc,age         ] GC(624) Age table with threshold 6 (max threshold 6)
[17.687s][trace][gc,age         ] GC(624) - age   1:     400208 bytes,     400208 total
[17.687s][info ][gc,heap        ] GC(624) ParNew: 139890K->396K(157376K)
[17.687s][info ][gc,heap        ] GC(624) CMS: 3753K->3753K(349568K)
[17.687s][info ][gc,metaspace   ] GC(624) Metaspace: 16024K(16640K)->16024K(16640K) NonClass: 14283K(14592K)->14283K(14592K) Class: 1740K(2048K)->1740K(2048K)
[17.687s][info ][gc             ] GC(624) Pause Young (Allocation Failure) 140M->4M(495M) 0.341ms
[17.687s][info ][gc,cpu         ] GC(624) User=0.01s Sys=0.00s Real=0.00s
[17.695s][info ][gc,start       ] GC(625) Pause Young (Allocation Failure)
[17.695s][info ][gc,task        ] GC(625) Using 9 workers of 9 for evacuation
[17.696s][debug][gc,age         ] GC(625) Desired survivor size 8945664 bytes, new threshold 6 (max threshold 6)
[17.696s][trace][gc,age         ] GC(625) Age table with threshold 6 (max threshold 6)
[17.696s][trace][gc,age         ] GC(625) - age   1:        192 bytes,        192 total
[17.696s][info ][gc,heap        ] GC(625) ParNew: 140282K->4K(157376K)
[17.696s][info ][gc,heap        ] GC(625) CMS: 3753K->3753K(349568K)
[17.696s][info ][gc,metaspace   ] GC(625) Metaspace: 16024K(16640K)->16024K(16640K) NonClass: 14283K(14592K)->14283K(14592K) Class: 1740K(2048K)->1740K(2048K)
[17.696s][info ][gc             ] GC(625) Pause Young (Allocation Failure) 140M->3M(495M) 0.356ms
[17.696s][info ][gc,cpu         ] GC(625) User=0.01s Sys=0.00s Real=0.00s
[17.704s][info ][gc,start       ] GC(626) Pause Young (Allocation Failure)
[17.704s][info ][gc,task        ] GC(626) Using 9 workers of 9 for evacuation
[17.705s][debug][gc,age         ] GC(626) Desired survivor size 8945664 bytes, new threshold 6 (max threshold 6)
[17.705s][trace][gc,age         ] GC(626) Age table with threshold 6 (max threshold 6)
[17.705s][trace][gc,age         ] GC(626) - age   1:     400208 bytes,     400208 total
[17.705s][info ][gc,heap        ] GC(626) ParNew: 139895K->398K(157376K)
[17.705s][info ][gc,heap        ] GC(626) CMS: 3753K->3753K(349568K)
[17.705s][info ][gc,metaspace   ] GC(626) Metaspace: 16024K(16640K)->16024K(16640K) NonClass: 14283K(14592K)->14283K(14592K) Class: 1740K(2048K)->1740K(2048K)
[17.705s][info ][gc             ] GC(626) Pause Young (Allocation Failure) 140M->4M(495M) 0.345ms
[17.705s][info ][gc,cpu         ] GC(626) User=0.01s Sys=0.01s Real=0.00s
[17.713s][info ][gc,start       ] GC(627) Pause Young (Allocation Failure)
[17.713s][info ][gc,task        ] GC(627) Using 9 workers of 9 for evacuation
[17.713s][debug][gc,age         ] GC(627) Desired survivor size 8945664 bytes, new threshold 6 (max threshold 6)
[17.713s][trace][gc,age         ] GC(627) Age table with threshold 6 (max threshold 6)
[17.713s][trace][gc,age         ] GC(627) - age   1:        192 bytes,        192 total
[17.713s][info ][gc,heap        ] GC(627) ParNew: 140287K->6K(157376K)
[17.713s][info ][gc,heap        ] GC(627) CMS: 3753K->3753K(349568K)
[17.713s][info ][gc,metaspace   ] GC(627) Metaspace: 16024K(16640K)->16024K(16640K) NonClass: 14283K(14592K)->14283K(14592K) Class: 1740K(2048K)->1740K(2048K)
[17.713s][info ][gc             ] GC(627) Pause Young (Allocation Failure) 140M->3M(495M) 0.428ms
[17.713s][info ][gc,cpu         ] GC(627) User=0.00s Sys=0.00s Real=0.00s
[17.722s][info ][gc,start       ] GC(628) Pause Young (Allocation Failure)
[17.722s][info ][gc,task        ] GC(628) Using 9 workers of 9 for evacuation
[17.722s][debug][gc,age         ] GC(628) Desired survivor size 8945664 bytes, new threshold 6 (max threshold 6)
[17.722s][trace][gc,age         ] GC(628) Age table with threshold 6 (max threshold 6)
[17.722s][trace][gc,age         ] GC(628) - age   1:     400208 bytes,     400208 total
[17.722s][info ][gc,heap        ] GC(628) ParNew: 139884K->396K(157376K)
[17.722s][info ][gc,heap        ] GC(628) CMS: 3753K->3753K(349568K)
[17.722s][info ][gc,metaspace   ] GC(628) Metaspace: 16024K(16640K)->16024K(16640K) NonClass: 14283K(14592K)->14283K(14592K) Class: 1740K(2048K)->1740K(2048K)
[17.722s][info ][gc             ] GC(628) Pause Young (Allocation Failure) 140M->4M(495M) 0.334ms
[17.722s][info ][gc,cpu         ] GC(628) User=0.00s Sys=0.00s Real=0.00s
[17.731s][info ][gc,start       ] GC(629) Pause Young (Allocation Failure)
[17.731s][info ][gc,task        ] GC(629) Using 9 workers of 9 for evacuation
[17.731s][debug][gc,age         ] GC(629) Desired survivor size 8945664 bytes, new threshold 6 (max threshold 6)
[17.731s][trace][gc,age         ] GC(629) Age table with threshold 6 (max threshold 6)
[17.731s][trace][gc,age         ] GC(629) - age   1:        192 bytes,        192 total
[17.731s][info ][gc,heap        ] GC(629) ParNew: 140281K->6K(157376K)
[17.731s][info ][gc,heap        ] GC(629) CMS: 3753K->3753K(349568K)
[17.731s][info ][gc,metaspace   ] GC(629) Metaspace: 16024K(16640K)->16024K(16640K) NonClass: 14283K(14592K)->14283K(14592K) Class: 1740K(2048K)->1740K(2048K)
[17.731s][info ][gc             ] GC(629) Pause Young (Allocation Failure) 140M->3M(495M) 0.415ms
[17.731s][info ][gc,cpu         ] GC(629) User=0.01s Sys=0.00s Real=0.00s
[17.740s][info ][gc,start       ] GC(630) Pause Young (Allocation Failure)
[17.740s][info ][gc,task        ] GC(630) Using 9 workers of 9 for evacuation
[17.740s][debug][gc,age         ] GC(630) Desired survivor size 8945664 bytes, new threshold 6 (max threshold 6)
[17.740s][trace][gc,age         ] GC(630) Age table with threshold 6 (max threshold 6)
[17.740s][trace][gc,age         ] GC(630) - age   1:     400208 bytes,     400208 total
[17.740s][info ][gc,heap        ] GC(630) ParNew: 139889K->396K(157376K)
[17.740s][info ][gc,heap        ] GC(630) CMS: 3753K->3753K(349568K)
[17.740s][info ][gc,metaspace   ] GC(630) Metaspace: 16024K(16640K)->16024K(16640K) NonClass: 14283K(14592K)->14283K(14592K) Class: 1740K(2048K)->1740K(2048K)
[17.740s][info ][gc             ] GC(630) Pause Young (Allocation Failure) 140M->4M(495M) 0.360ms
[17.740s][info ][gc,cpu         ] GC(630) User=0.01s Sys=0.00s Real=0.00s
[17.749s][info ][gc,start       ] GC(631) Pause Young (Allocation Failure)
[17.749s][info ][gc,task        ] GC(631) Using 9 workers of 9 for evacuation
[17.749s][debug][gc,age         ] GC(631) Desired survivor size 8945664 bytes, new threshold 6 (max threshold 6)
[17.749s][trace][gc,age         ] GC(631) Age table with threshold 6 (max threshold 6)
[17.749s][trace][gc,age         ] GC(631) - age   1:        192 bytes,        192 total
[17.749s][info ][gc,heap        ] GC(631) ParNew: 140284K->8K(157376K)
[17.749s][info ][gc,heap        ] GC(631) CMS: 3753K->3753K(349568K)
[17.749s][info ][gc,metaspace   ] GC(631) Metaspace: 16024K(16640K)->16024K(16640K) NonClass: 14283K(14592K)->14283K(14592K) Class: 1740K(2048K)->1740K(2048K)
[17.749s][info ][gc             ] GC(631) Pause Young (Allocation Failure) 140M->3M(495M) 0.423ms
[17.749s][info ][gc,cpu         ] GC(631) User=0.00s Sys=0.00s Real=0.01s
[17.758s][info ][gc,start       ] GC(632) Pause Young (Allocation Failure)
[17.758s][info ][gc,task        ] GC(632) Using 9 workers of 9 for evacuation
[17.758s][debug][gc,age         ] GC(632) Desired survivor size 8945664 bytes, new threshold 6 (max threshold 6)
[17.758s][trace][gc,age         ] GC(632) Age table with threshold 6 (max threshold 6)
[17.758s][trace][gc,age         ] GC(632) - age   1:     400208 bytes,     400208 total
[17.758s][info ][gc,heap        ] GC(632) ParNew: 139890K->394K(157376K)
[17.758s][info ][gc,heap        ] GC(632) CMS: 3753K->3753K(349568K)
[17.758s][info ][gc,metaspace   ] GC(632) Metaspace: 16024K(16640K)->16024K(16640K) NonClass: 14283K(14592K)->14283K(14592K) Class: 1740K(2048K)->1740K(2048K)
[17.758s][info ][gc             ] GC(632) Pause Young (Allocation Failure) 140M->4M(495M) 0.459ms
[17.758s][info ][gc,cpu         ] GC(632) User=0.00s Sys=0.00s Real=0.00s
[17.767s][info ][gc,start       ] GC(633) Pause Young (Allocation Failure)
[17.767s][info ][gc,task        ] GC(633) Using 9 workers of 9 for evacuation
[17.767s][debug][gc,age         ] GC(633) Desired survivor size 8945664 bytes, new threshold 6 (max threshold 6)
[17.767s][trace][gc,age         ] GC(633) Age table with threshold 6 (max threshold 6)
[17.767s][trace][gc,age         ] GC(633) - age   1:        192 bytes,        192 total
[17.767s][info ][gc,heap        ] GC(633) ParNew: 140272K->4K(157376K)
[17.767s][info ][gc,heap        ] GC(633) CMS: 3753K->3753K(349568K)
[17.767s][info ][gc,metaspace   ] GC(633) Metaspace: 16024K(16640K)->16024K(16640K) NonClass: 14283K(14592K)->14283K(14592K) Class: 1740K(2048K)->1740K(2048K)
[17.767s][info ][gc             ] GC(633) Pause Young (Allocation Failure) 140M->3M(495M) 0.476ms
[17.767s][info ][gc,cpu         ] GC(633) User=0.00s Sys=0.00s Real=0.00s
[17.776s][info ][gc,start       ] GC(634) Pause Young (Allocation Failure)
[17.776s][info ][gc,task        ] GC(634) Using 9 workers of 9 for evacuation
[17.777s][debug][gc,age         ] GC(634) Desired survivor size 8945664 bytes, new threshold 6 (max threshold 6)
[17.777s][trace][gc,age         ] GC(634) Age table with threshold 6 (max threshold 6)
[17.777s][trace][gc,age         ] GC(634) - age   1:     400208 bytes,     400208 total
[17.777s][info ][gc,heap        ] GC(634) ParNew: 139883K->394K(157376K)
[17.777s][info ][gc,heap        ] GC(634) CMS: 3753K->3753K(349568K)
[17.777s][info ][gc,metaspace   ] GC(634) Metaspace: 16024K(16640K)->16024K(16640K) NonClass: 14283K(14592K)->14283K(14592K) Class: 1740K(2048K)->1740K(2048K)
[17.777s][info ][gc             ] GC(634) Pause Young (Allocation Failure) 140M->4M(495M) 0.452ms
[17.777s][info ][gc,cpu         ] GC(634) User=0.00s Sys=0.00s Real=0.00s
[17.785s][info ][gc,start       ] GC(635) Pause Young (Allocation Failure)
[17.785s][info ][gc,task        ] GC(635) Using 9 workers of 9 for evacuation
[17.786s][debug][gc,age         ] GC(635) Desired survivor size 8945664 bytes, new threshold 6 (max threshold 6)
[17.786s][trace][gc,age         ] GC(635) Age table with threshold 6 (max threshold 6)
[17.786s][trace][gc,age         ] GC(635) - age   1:        192 bytes,        192 total
[17.786s][info ][gc,heap        ] GC(635) ParNew: 140280K->6K(157376K)
[17.786s][info ][gc,heap        ] GC(635) CMS: 3753K->3753K(349568K)
[17.786s][info ][gc,metaspace   ] GC(635) Metaspace: 16024K(16640K)->16024K(16640K) NonClass: 14283K(14592K)->14283K(14592K) Class: 1740K(2048K)->1740K(2048K)
[17.786s][info ][gc             ] GC(635) Pause Young (Allocation Failure) 140M->3M(495M) 0.929ms
[17.786s][info ][gc,cpu         ] GC(635) User=0.00s Sys=0.00s Real=0.00s
[17.795s][info ][gc,start       ] GC(636) Pause Young (Allocation Failure)
[17.795s][info ][gc,task        ] GC(636) Using 9 workers of 9 for evacuation
[17.795s][debug][gc,age         ] GC(636) Desired survivor size 8945664 bytes, new threshold 6 (max threshold 6)
[17.795s][trace][gc,age         ] GC(636) Age table with threshold 6 (max threshold 6)
[17.795s][trace][gc,age         ] GC(636) - age   1:     400208 bytes,     400208 total
[17.795s][info ][gc,heap        ] GC(636) ParNew: 139894K->396K(157376K)
[17.795s][info ][gc,heap        ] GC(636) CMS: 3753K->3753K(349568K)
[17.795s][info ][gc,metaspace   ] GC(636) Metaspace: 16024K(16640K)->16024K(16640K) NonClass: 14283K(14592K)->14283K(14592K) Class: 1740K(2048K)->1740K(2048K)
[17.795s][info ][gc             ] GC(636) Pause Young (Allocation Failure) 140M->4M(495M) 0.412ms
[17.795s][info ][gc,cpu         ] GC(636) User=0.00s Sys=0.00s Real=0.00s
[17.803s][info ][gc,start       ] GC(637) Pause Young (Allocation Failure)
[17.803s][info ][gc,task        ] GC(637) Using 9 workers of 9 for evacuation
[17.804s][debug][gc,age         ] GC(637) Desired survivor size 8945664 bytes, new threshold 6 (max threshold 6)
[17.804s][trace][gc,age         ] GC(637) Age table with threshold 6 (max threshold 6)
[17.804s][trace][gc,age         ] GC(637) - age   1:        192 bytes,        192 total
[17.804s][info ][gc,heap        ] GC(637) ParNew: 140281K->6K(157376K)
[17.804s][info ][gc,heap        ] GC(637) CMS: 3753K->3753K(349568K)
[17.804s][info ][gc,metaspace   ] GC(637) Metaspace: 16024K(16640K)->16024K(16640K) NonClass: 14283K(14592K)->14283K(14592K) Class: 1740K(2048K)->1740K(2048K)
[17.804s][info ][gc             ] GC(637) Pause Young (Allocation Failure) 140M->3M(495M) 0.399ms
[17.804s][info ][gc,cpu         ] GC(637) User=0.01s Sys=0.00s Real=0.00s
[17.812s][info ][gc,start       ] GC(638) Pause Young (Allocation Failure)
[17.812s][info ][gc,task        ] GC(638) Using 9 workers of 9 for evacuation
[17.813s][debug][gc,age         ] GC(638) Desired survivor size 8945664 bytes, new threshold 6 (max threshold 6)
[17.813s][trace][gc,age         ] GC(638) Age table with threshold 6 (max threshold 6)
[17.813s][trace][gc,age         ] GC(638) - age   1:     400208 bytes,     400208 total
[17.813s][info ][gc,heap        ] GC(638) ParNew: 139890K->398K(157376K)
[17.813s][info ][gc,heap        ] GC(638) CMS: 3753K->3753K(349568K)
[17.813s][info ][gc,metaspace   ] GC(638) Metaspace: 16024K(16640K)->16024K(16640K) NonClass: 14283K(14592K)->14283K(14592K) Class: 1740K(2048K)->1740K(2048K)
[17.813s][info ][gc             ] GC(638) Pause Young (Allocation Failure) 140M->4M(495M) 0.430ms
[17.813s][info ][gc,cpu         ] GC(638) User=0.00s Sys=0.00s Real=0.00s
[17.821s][info ][gc,start       ] GC(639) Pause Young (Allocation Failure)
[17.821s][info ][gc,task        ] GC(639) Using 9 workers of 9 for evacuation
[17.822s][debug][gc,age         ] GC(639) Desired survivor size 8945664 bytes, new threshold 6 (max threshold 6)
[17.822s][trace][gc,age         ] GC(639) Age table with threshold 6 (max threshold 6)
[17.822s][trace][gc,age         ] GC(639) - age   1:        192 bytes,        192 total
[17.822s][info ][gc,heap        ] GC(639) ParNew: 140277K->8K(157376K)
[17.822s][info ][gc,heap        ] GC(639) CMS: 3753K->3753K(349568K)
[17.822s][info ][gc,metaspace   ] GC(639) Metaspace: 16024K(16640K)->16024K(16640K) NonClass: 14283K(14592K)->14283K(14592K) Class: 1740K(2048K)->1740K(2048K)
[17.822s][info ][gc             ] GC(639) Pause Young (Allocation Failure) 140M->3M(495M) 0.382ms
[17.822s][info ][gc,cpu         ] GC(639) User=0.00s Sys=0.00s Real=0.00s
[17.831s][info ][gc,start       ] GC(640) Pause Young (Allocation Failure)
[17.831s][info ][gc,task        ] GC(640) Using 9 workers of 9 for evacuation
[17.831s][debug][gc,age         ] GC(640) Desired survivor size 8945664 bytes, new threshold 6 (max threshold 6)
[17.831s][trace][gc,age         ] GC(640) Age table with threshold 6 (max threshold 6)
[17.831s][trace][gc,age         ] GC(640) - age   1:     400208 bytes,     400208 total
[17.831s][info ][gc,heap        ] GC(640) ParNew: 139909K->396K(157376K)
[17.831s][info ][gc,heap        ] GC(640) CMS: 3753K->3753K(349568K)
[17.831s][info ][gc,metaspace   ] GC(640) Metaspace: 16024K(16640K)->16024K(16640K) NonClass: 14283K(14592K)->14283K(14592K) Class: 1740K(2048K)->1740K(2048K)
[17.831s][info ][gc             ] GC(640) Pause Young (Allocation Failure) 140M->4M(495M) 0.370ms
[17.831s][info ][gc,cpu         ] GC(640) User=0.00s Sys=0.00s Real=0.00s
[17.839s][info ][gc,start       ] GC(641) Pause Young (Allocation Failure)
[17.839s][info ][gc,task        ] GC(641) Using 9 workers of 9 for evacuation
[17.840s][debug][gc,age         ] GC(641) Desired survivor size 8945664 bytes, new threshold 6 (max threshold 6)
[17.840s][trace][gc,age         ] GC(641) Age table with threshold 6 (max threshold 6)
[17.840s][trace][gc,age         ] GC(641) - age   1:        192 bytes,        192 total
[17.840s][info ][gc,heap        ] GC(641) ParNew: 140291K->8K(157376K)
[17.840s][info ][gc,heap        ] GC(641) CMS: 3753K->3753K(349568K)
[17.840s][info ][gc,metaspace   ] GC(641) Metaspace: 16024K(16640K)->16024K(16640K) NonClass: 14283K(14592K)->14283K(14592K) Class: 1740K(2048K)->1740K(2048K)
[17.840s][info ][gc             ] GC(641) Pause Young (Allocation Failure) 140M->3M(495M) 0.368ms
[17.840s][info ][gc,cpu         ] GC(641) User=0.00s Sys=0.00s Real=0.00s
[17.848s][info ][gc,start       ] GC(642) Pause Young (Allocation Failure)
[17.848s][info ][gc,task        ] GC(642) Using 9 workers of 9 for evacuation
[17.849s][debug][gc,age         ] GC(642) Desired survivor size 8945664 bytes, new threshold 6 (max threshold 6)
[17.849s][trace][gc,age         ] GC(642) Age table with threshold 6 (max threshold 6)
[17.849s][trace][gc,age         ] GC(642) - age   1:     400208 bytes,     400208 total
[17.849s][info ][gc,heap        ] GC(642) ParNew: 139904K->394K(157376K)
[17.849s][info ][gc,heap        ] GC(642) CMS: 3753K->3753K(349568K)
[17.849s][info ][gc,metaspace   ] GC(642) Metaspace: 16024K(16640K)->16024K(16640K) NonClass: 14283K(14592K)->14283K(14592K) Class: 1740K(2048K)->1740K(2048K)
[17.849s][info ][gc             ] GC(642) Pause Young (Allocation Failure) 140M->4M(495M) 0.440ms
[17.849s][info ][gc,cpu         ] GC(642) User=0.01s Sys=0.00s Real=0.00s
[17.857s][info ][gc,start       ] GC(643) Pause Young (Allocation Failure)
[17.857s][info ][gc,task        ] GC(643) Using 9 workers of 9 for evacuation
[17.857s][debug][gc,age         ] GC(643) Desired survivor size 8945664 bytes, new threshold 6 (max threshold 6)
[17.857s][trace][gc,age         ] GC(643) Age table with threshold 6 (max threshold 6)
[17.857s][trace][gc,age         ] GC(643) - age   1:     400208 bytes,     400208 total
[17.857s][info ][gc,heap        ] GC(643) ParNew: 140209K->396K(157376K)
[17.857s][info ][gc,heap        ] GC(643) CMS: 3753K->3753K(349568K)
[17.857s][info ][gc,metaspace   ] GC(643) Metaspace: 16024K(16640K)->16024K(16640K) NonClass: 14283K(14592K)->14283K(14592K) Class: 1740K(2048K)->1740K(2048K)
[17.857s][info ][gc             ] GC(643) Pause Young (Allocation Failure) 140M->4M(495M) 0.413ms
[17.857s][info ][gc,cpu         ] GC(643) User=0.00s Sys=0.00s Real=0.00s
[17.866s][info ][gc,start       ] GC(644) Pause Young (Allocation Failure)
[17.866s][info ][gc,task        ] GC(644) Using 9 workers of 9 for evacuation
[17.867s][debug][gc,age         ] GC(644) Desired survivor size 8945664 bytes, new threshold 6 (max threshold 6)
[17.867s][trace][gc,age         ] GC(644) Age table with threshold 6 (max threshold 6)
[17.867s][trace][gc,age         ] GC(644) - age   1:        192 bytes,        192 total
[17.867s][info ][gc,heap        ] GC(644) ParNew: 140003K->6K(157376K)
[17.867s][info ][gc,heap        ] GC(644) CMS: 3753K->3753K(349568K)
[17.867s][info ][gc,metaspace   ] GC(644) Metaspace: 16024K(16640K)->16024K(16640K) NonClass: 14283K(14592K)->14283K(14592K) Class: 1740K(2048K)->1740K(2048K)
[17.867s][info ][gc             ] GC(644) Pause Young (Allocation Failure) 140M->3M(495M) 0.454ms
[17.867s][info ][gc,cpu         ] GC(644) User=0.01s Sys=0.00s Real=0.00s
[17.875s][info ][gc,start       ] GC(645) Pause Young (Allocation Failure)
[17.875s][info ][gc,task        ] GC(645) Using 9 workers of 9 for evacuation
[17.876s][debug][gc,age         ] GC(645) Desired survivor size 8945664 bytes, new threshold 6 (max threshold 6)
[17.876s][trace][gc,age         ] GC(645) Age table with threshold 6 (max threshold 6)
[17.876s][trace][gc,age         ] GC(645) - age   1:        192 bytes,        192 total
[17.876s][info ][gc,heap        ] GC(645) ParNew: 139626K->6K(157376K)
[17.876s][info ][gc,heap        ] GC(645) CMS: 3753K->3753K(349568K)
[17.876s][info ][gc,metaspace   ] GC(645) Metaspace: 16024K(16640K)->16024K(16640K) NonClass: 14283K(14592K)->14283K(14592K) Class: 1740K(2048K)->1740K(2048K)
[17.876s][info ][gc             ] GC(645) Pause Young (Allocation Failure) 140M->3M(495M) 1.160ms
[17.876s][info ][gc,cpu         ] GC(645) User=0.01s Sys=0.00s Real=0.00s
[17.885s][info ][gc,start       ] GC(646) Pause Young (Allocation Failure)
[17.885s][info ][gc,task        ] GC(646) Using 9 workers of 9 for evacuation
[17.885s][debug][gc,age         ] GC(646) Desired survivor size 8945664 bytes, new threshold 6 (max threshold 6)
[17.885s][trace][gc,age         ] GC(646) Age table with threshold 6 (max threshold 6)
[17.885s][trace][gc,age         ] GC(646) - age   1:        192 bytes,        192 total
[17.885s][info ][gc,heap        ] GC(646) ParNew: 139670K->6K(157376K)
[17.885s][info ][gc,heap        ] GC(646) CMS: 3753K->3753K(349568K)
[17.885s][info ][gc,metaspace   ] GC(646) Metaspace: 16024K(16640K)->16024K(16640K) NonClass: 14283K(14592K)->14283K(14592K) Class: 1740K(2048K)->1740K(2048K)
[17.885s][info ][gc             ] GC(646) Pause Young (Allocation Failure) 140M->3M(495M) 0.401ms
[17.885s][info ][gc,cpu         ] GC(646) User=0.01s Sys=0.00s Real=0.00s
[17.893s][info ][gc,start       ] GC(647) Pause Young (Allocation Failure)
[17.893s][info ][gc,task        ] GC(647) Using 9 workers of 9 for evacuation
[17.894s][debug][gc,age         ] GC(647) Desired survivor size 8945664 bytes, new threshold 6 (max threshold 6)
[17.894s][trace][gc,age         ] GC(647) Age table with threshold 6 (max threshold 6)
[17.894s][trace][gc,age         ] GC(647) - age   1:        192 bytes,        192 total
[17.894s][info ][gc,heap        ] GC(647) ParNew: 139624K->8K(157376K)
[17.894s][info ][gc,heap        ] GC(647) CMS: 3753K->3753K(349568K)
[17.894s][info ][gc,metaspace   ] GC(647) Metaspace: 16024K(16640K)->16024K(16640K) NonClass: 14283K(14592K)->14283K(14592K) Class: 1740K(2048K)->1740K(2048K)
[17.894s][info ][gc             ] GC(647) Pause Young (Allocation Failure) 140M->3M(495M) 0.420ms
[17.894s][info ][gc,cpu         ] GC(647) User=0.00s Sys=0.00s Real=0.00s
[17.902s][info ][gc,start       ] GC(648) Pause Young (Allocation Failure)
[17.902s][info ][gc,task        ] GC(648) Using 9 workers of 9 for evacuation
[17.903s][debug][gc,age         ] GC(648) Desired survivor size 8945664 bytes, new threshold 6 (max threshold 6)
[17.903s][trace][gc,age         ] GC(648) Age table with threshold 6 (max threshold 6)
[17.903s][trace][gc,age         ] GC(648) - age   1:        192 bytes,        192 total
[17.903s][info ][gc,heap        ] GC(648) ParNew: 139531K->6K(157376K)
[17.903s][info ][gc,heap        ] GC(648) CMS: 3753K->3753K(349568K)
[17.903s][info ][gc,metaspace   ] GC(648) Metaspace: 16024K(16640K)->16024K(16640K) NonClass: 14283K(14592K)->14283K(14592K) Class: 1740K(2048K)->1740K(2048K)
[17.903s][info ][gc             ] GC(648) Pause Young (Allocation Failure) 139M->3M(495M) 0.430ms
[17.903s][info ][gc,cpu         ] GC(648) User=0.00s Sys=0.00s Real=0.00s
[17.911s][info ][gc,start       ] GC(649) Pause Young (Allocation Failure)
[17.911s][info ][gc,task        ] GC(649) Using 9 workers of 9 for evacuation
[17.912s][debug][gc,age         ] GC(649) Desired survivor size 8945664 bytes, new threshold 6 (max threshold 6)
[17.912s][trace][gc,age         ] GC(649) Age table with threshold 6 (max threshold 6)
[17.912s][trace][gc,age         ] GC(649) - age   1:        192 bytes,        192 total
[17.912s][info ][gc,heap        ] GC(649) ParNew: 139595K->8K(157376K)
[17.912s][info ][gc,heap        ] GC(649) CMS: 3753K->3753K(349568K)
[17.912s][info ][gc,metaspace   ] GC(649) Metaspace: 16024K(16640K)->16024K(16640K) NonClass: 14283K(14592K)->14283K(14592K) Class: 1740K(2048K)->1740K(2048K)
[17.912s][info ][gc             ] GC(649) Pause Young (Allocation Failure) 139M->3M(495M) 0.391ms
[17.912s][info ][gc,cpu         ] GC(649) User=0.01s Sys=0.00s Real=0.00s
[17.920s][info ][gc,start       ] GC(650) Pause Young (Allocation Failure)
[17.920s][info ][gc,task        ] GC(650) Using 9 workers of 9 for evacuation
[17.920s][debug][gc,age         ] GC(650) Desired survivor size 8945664 bytes, new threshold 6 (max threshold 6)
[17.920s][trace][gc,age         ] GC(650) Age table with threshold 6 (max threshold 6)
[17.920s][trace][gc,age         ] GC(650) - age   1:        192 bytes,        192 total
[17.920s][info ][gc,heap        ] GC(650) ParNew: 139701K->8K(157376K)
[17.920s][info ][gc,heap        ] GC(650) CMS: 3753K->3753K(349568K)
[17.920s][info ][gc,metaspace   ] GC(650) Metaspace: 16024K(16640K)->16024K(16640K) NonClass: 14283K(14592K)->14283K(14592K) Class: 1740K(2048K)->1740K(2048K)
[17.920s][info ][gc             ] GC(650) Pause Young (Allocation Failure) 140M->3M(495M) 0.387ms
[17.920s][info ][gc,cpu         ] GC(650) User=0.00s Sys=0.00s Real=0.00s
[17.929s][info ][gc,start       ] GC(651) Pause Young (Allocation Failure)
[17.929s][info ][gc,task        ] GC(651) Using 9 workers of 9 for evacuation
[17.929s][debug][gc,age         ] GC(651) Desired survivor size 8945664 bytes, new threshold 6 (max threshold 6)
[17.929s][trace][gc,age         ] GC(651) Age table with threshold 6 (max threshold 6)
[17.929s][trace][gc,age         ] GC(651) - age   1:        192 bytes,        192 total
[17.929s][info ][gc,heap        ] GC(651) ParNew: 139697K->6K(157376K)
[17.929s][info ][gc,heap        ] GC(651) CMS: 3753K->3753K(349568K)
[17.929s][info ][gc,metaspace   ] GC(651) Metaspace: 16024K(16640K)->16024K(16640K) NonClass: 14283K(14592K)->14283K(14592K) Class: 1740K(2048K)->1740K(2048K)
[17.929s][info ][gc             ] GC(651) Pause Young (Allocation Failure) 140M->3M(495M) 0.441ms
[17.929s][info ][gc,cpu         ] GC(651) User=0.00s Sys=0.00s Real=0.00s
[17.938s][info ][gc,start       ] GC(652) Pause Young (Allocation Failure)
[17.938s][info ][gc,task        ] GC(652) Using 9 workers of 9 for evacuation
[17.938s][debug][gc,age         ] GC(652) Desired survivor size 8945664 bytes, new threshold 6 (max threshold 6)
[17.938s][trace][gc,age         ] GC(652) Age table with threshold 6 (max threshold 6)
[17.938s][trace][gc,age         ] GC(652) - age   1:     400208 bytes,     400208 total
[17.938s][info ][gc,heap        ] GC(652) ParNew: 139572K->396K(157376K)
[17.938s][info ][gc,heap        ] GC(652) CMS: 3753K->3753K(349568K)
[17.938s][info ][gc,metaspace   ] GC(652) Metaspace: 16024K(16640K)->16024K(16640K) NonClass: 14283K(14592K)->14283K(14592K) Class: 1740K(2048K)->1740K(2048K)
[17.938s][info ][gc             ] GC(652) Pause Young (Allocation Failure) 139M->4M(495M) 0.376ms
[17.938s][info ][gc,cpu         ] GC(652) User=0.01s Sys=0.00s Real=0.00s
[17.948s][info ][gc,start       ] GC(653) Pause Young (Allocation Failure)
[17.948s][info ][gc,task        ] GC(653) Using 9 workers of 9 for evacuation
[17.948s][debug][gc,age         ] GC(653) Desired survivor size 8945664 bytes, new threshold 6 (max threshold 6)
[17.948s][trace][gc,age         ] GC(653) Age table with threshold 6 (max threshold 6)
[17.948s][trace][gc,age         ] GC(653) - age   1:        192 bytes,        192 total
[17.948s][info ][gc,heap        ] GC(653) ParNew: 140220K->6K(157376K)
[17.948s][info ][gc,heap        ] GC(653) CMS: 3753K->3753K(349568K)
[17.948s][info ][gc,metaspace   ] GC(653) Metaspace: 16024K(16640K)->16024K(16640K) NonClass: 14283K(14592K)->14283K(14592K) Class: 1740K(2048K)->1740K(2048K)
[17.948s][info ][gc             ] GC(653) Pause Young (Allocation Failure) 140M->3M(495M) 0.470ms
[17.948s][info ][gc,cpu         ] GC(653) User=0.01s Sys=0.00s Real=0.00s
[17.958s][info ][gc,start       ] GC(654) Pause Young (Allocation Failure)
[17.958s][info ][gc,task        ] GC(654) Using 9 workers of 9 for evacuation
[17.958s][debug][gc,age         ] GC(654) Desired survivor size 8945664 bytes, new threshold 6 (max threshold 6)
[17.958s][trace][gc,age         ] GC(654) Age table with threshold 6 (max threshold 6)
[17.958s][trace][gc,age         ] GC(654) - age   1:     400208 bytes,     400208 total
[17.958s][info ][gc,heap        ] GC(654) ParNew: 139863K->396K(157376K)
[17.958s][info ][gc,heap        ] GC(654) CMS: 3753K->3753K(349568K)
[17.958s][info ][gc,metaspace   ] GC(654) Metaspace: 16024K(16640K)->16024K(16640K) NonClass: 14283K(14592K)->14283K(14592K) Class: 1740K(2048K)->1740K(2048K)
[17.958s][info ][gc             ] GC(654) Pause Young (Allocation Failure) 140M->4M(495M) 0.421ms
[17.958s][info ][gc,cpu         ] GC(654) User=0.00s Sys=0.00s Real=0.00s
[17.968s][info ][gc,start       ] GC(655) Pause Young (Allocation Failure)
[17.968s][info ][gc,task        ] GC(655) Using 9 workers of 9 for evacuation
[17.969s][debug][gc,age         ] GC(655) Desired survivor size 8945664 bytes, new threshold 6 (max threshold 6)
[17.969s][trace][gc,age         ] GC(655) Age table with threshold 6 (max threshold 6)
[17.969s][trace][gc,age         ] GC(655) - age   1:        192 bytes,        192 total
[17.969s][info ][gc,heap        ] GC(655) ParNew: 140294K->6K(157376K)
[17.969s][info ][gc,heap        ] GC(655) CMS: 3753K->3753K(349568K)
[17.969s][info ][gc,metaspace   ] GC(655) Metaspace: 16024K(16640K)->16024K(16640K) NonClass: 14283K(14592K)->14283K(14592K) Class: 1740K(2048K)->1740K(2048K)
[17.969s][info ][gc             ] GC(655) Pause Young (Allocation Failure) 140M->3M(495M) 0.836ms
[17.969s][info ][gc,cpu         ] GC(655) User=0.01s Sys=0.00s Real=0.01s
[17.979s][info ][gc,start       ] GC(656) Pause Young (Allocation Failure)
[17.979s][info ][gc,task        ] GC(656) Using 9 workers of 9 for evacuation
[17.979s][debug][gc,age         ] GC(656) Desired survivor size 8945664 bytes, new threshold 6 (max threshold 6)
[17.979s][trace][gc,age         ] GC(656) Age table with threshold 6 (max threshold 6)
[17.979s][trace][gc,age         ] GC(656) - age   1:        192 bytes,        192 total
[17.979s][info ][gc,heap        ] GC(656) ParNew: 139624K->8K(157376K)
[17.979s][info ][gc,heap        ] GC(656) CMS: 3753K->3753K(349568K)
[17.979s][info ][gc,metaspace   ] GC(656) Metaspace: 16024K(16640K)->16024K(16640K) NonClass: 14283K(14592K)->14283K(14592K) Class: 1740K(2048K)->1740K(2048K)
[17.979s][info ][gc             ] GC(656) Pause Young (Allocation Failure) 140M->3M(495M) 0.510ms
[17.979s][info ][gc,cpu         ] GC(656) User=0.00s Sys=0.00s Real=0.01s
[17.989s][info ][gc,start       ] GC(657) Pause Young (Allocation Failure)
[17.989s][info ][gc,task        ] GC(657) Using 9 workers of 9 for evacuation
[17.989s][debug][gc,age         ] GC(657) Desired survivor size 8945664 bytes, new threshold 6 (max threshold 6)
[17.989s][trace][gc,age         ] GC(657) Age table with threshold 6 (max threshold 6)
[17.989s][trace][gc,age         ] GC(657) - age   1:        192 bytes,        192 total
[17.989s][info ][gc,heap        ] GC(657) ParNew: 139912K->4K(157376K)
[17.989s][info ][gc,heap        ] GC(657) CMS: 3753K->3753K(349568K)
[17.989s][info ][gc,metaspace   ] GC(657) Metaspace: 16024K(16640K)->16024K(16640K) NonClass: 14283K(14592K)->14283K(14592K) Class: 1740K(2048K)->1740K(2048K)
[17.989s][info ][gc             ] GC(657) Pause Young (Allocation Failure) 140M->3M(495M) 0.453ms
[17.989s][info ][gc,cpu         ] GC(657) User=0.00s Sys=0.00s Real=0.01s
[17.999s][info ][gc,start       ] GC(658) Pause Young (Allocation Failure)
[17.999s][info ][gc,task        ] GC(658) Using 9 workers of 9 for evacuation
[17.999s][debug][gc,age         ] GC(658) Desired survivor size 8945664 bytes, new threshold 6 (max threshold 6)
[17.999s][trace][gc,age         ] GC(658) Age table with threshold 6 (max threshold 6)
[17.999s][trace][gc,age         ] GC(658) - age   1:        192 bytes,        192 total
[17.999s][info ][gc,heap        ] GC(658) ParNew: 139908K->6K(157376K)
[17.999s][info ][gc,heap        ] GC(658) CMS: 3753K->3753K(349568K)
[17.999s][info ][gc,metaspace   ] GC(658) Metaspace: 16024K(16640K)->16024K(16640K) NonClass: 14283K(14592K)->14283K(14592K) Class: 1740K(2048K)->1740K(2048K)
[17.999s][info ][gc             ] GC(658) Pause Young (Allocation Failure) 140M->3M(495M) 0.414ms
[17.999s][info ][gc,cpu         ] GC(658) User=0.00s Sys=0.00s Real=0.01s
[18.008s][info ][gc,start       ] GC(659) Pause Young (Allocation Failure)
[18.009s][info ][gc,task        ] GC(659) Using 9 workers of 9 for evacuation
[18.009s][debug][gc,age         ] GC(659) Desired survivor size 8945664 bytes, new threshold 6 (max threshold 6)
[18.009s][trace][gc,age         ] GC(659) Age table with threshold 6 (max threshold 6)
[18.009s][trace][gc,age         ] GC(659) - age   1:     400208 bytes,     400208 total
[18.009s][info ][gc,heap        ] GC(659) ParNew: 139841K->398K(157376K)
[18.009s][info ][gc,heap        ] GC(659) CMS: 3753K->3753K(349568K)
[18.009s][info ][gc,metaspace   ] GC(659) Metaspace: 16024K(16640K)->16024K(16640K) NonClass: 14283K(14592K)->14283K(14592K) Class: 1740K(2048K)->1740K(2048K)
[18.009s][info ][gc             ] GC(659) Pause Young (Allocation Failure) 140M->4M(495M) 0.424ms
[18.009s][info ][gc,cpu         ] GC(659) User=0.00s Sys=0.00s Real=0.01s
[18.018s][info ][gc,start       ] GC(660) Pause Young (Allocation Failure)
[18.018s][info ][gc,task        ] GC(660) Using 9 workers of 9 for evacuation
[18.019s][debug][gc,age         ] GC(660) Desired survivor size 8945664 bytes, new threshold 6 (max threshold 6)
[18.019s][trace][gc,age         ] GC(660) Age table with threshold 6 (max threshold 6)
[18.019s][trace][gc,age         ] GC(660) - age   1:        192 bytes,        192 total
[18.019s][info ][gc,heap        ] GC(660) ParNew: 140244K->6K(157376K)
[18.019s][info ][gc,heap        ] GC(660) CMS: 3753K->3753K(349568K)
[18.019s][info ][gc,metaspace   ] GC(660) Metaspace: 16024K(16640K)->16024K(16640K) NonClass: 14283K(14592K)->14283K(14592K) Class: 1740K(2048K)->1740K(2048K)
[18.019s][info ][gc             ] GC(660) Pause Young (Allocation Failure) 140M->3M(495M) 0.448ms
[18.019s][info ][gc,cpu         ] GC(660) User=0.00s Sys=0.00s Real=0.01s
[18.028s][info ][gc,start       ] GC(661) Pause Young (Allocation Failure)
[18.028s][info ][gc,task        ] GC(661) Using 9 workers of 9 for evacuation
[18.029s][debug][gc,age         ] GC(661) Desired survivor size 8945664 bytes, new threshold 6 (max threshold 6)
[18.029s][trace][gc,age         ] GC(661) Age table with threshold 6 (max threshold 6)
[18.029s][trace][gc,age         ] GC(661) - age   1:     400208 bytes,     400208 total
[18.029s][info ][gc,heap        ] GC(661) ParNew: 139848K->396K(157376K)
[18.029s][info ][gc,heap        ] GC(661) CMS: 3753K->3753K(349568K)
[18.029s][info ][gc,metaspace   ] GC(661) Metaspace: 16024K(16640K)->16024K(16640K) NonClass: 14283K(14592K)->14283K(14592K) Class: 1740K(2048K)->1740K(2048K)
[18.029s][info ][gc             ] GC(661) Pause Young (Allocation Failure) 140M->4M(495M) 0.449ms
[18.029s][info ][gc,cpu         ] GC(661) User=0.01s Sys=0.00s Real=0.01s
[18.038s][info ][gc,start       ] GC(662) Pause Young (Allocation Failure)
[18.038s][info ][gc,task        ] GC(662) Using 9 workers of 9 for evacuation
[18.039s][debug][gc,age         ] GC(662) Desired survivor size 8945664 bytes, new threshold 6 (max threshold 6)
[18.039s][trace][gc,age         ] GC(662) Age table with threshold 6 (max threshold 6)
[18.039s][trace][gc,age         ] GC(662) - age   1:        192 bytes,        192 total
[18.039s][info ][gc,heap        ] GC(662) ParNew: 140274K->6K(157376K)
[18.039s][info ][gc,heap        ] GC(662) CMS: 3753K->3753K(349568K)
[18.039s][info ][gc,metaspace   ] GC(662) Metaspace: 16024K(16640K)->16024K(16640K) NonClass: 14283K(14592K)->14283K(14592K) Class: 1740K(2048K)->1740K(2048K)
[18.039s][info ][gc             ] GC(662) Pause Young (Allocation Failure) 140M->3M(495M) 0.380ms
[18.039s][info ][gc,cpu         ] GC(662) User=0.00s Sys=0.00s Real=0.01s
[18.048s][info ][gc,start       ] GC(663) Pause Young (Allocation Failure)
[18.048s][info ][gc,task        ] GC(663) Using 9 workers of 9 for evacuation
[18.049s][debug][gc,age         ] GC(663) Desired survivor size 8945664 bytes, new threshold 6 (max threshold 6)
[18.049s][trace][gc,age         ] GC(663) Age table with threshold 6 (max threshold 6)
[18.049s][trace][gc,age         ] GC(663) - age   1:        192 bytes,        192 total
[18.049s][info ][gc,heap        ] GC(663) ParNew: 139624K->8K(157376K)
[18.049s][info ][gc,heap        ] GC(663) CMS: 3753K->3753K(349568K)
[18.049s][info ][gc,metaspace   ] GC(663) Metaspace: 16024K(16640K)->16024K(16640K) NonClass: 14283K(14592K)->14283K(14592K) Class: 1740K(2048K)->1740K(2048K)
[18.049s][info ][gc             ] GC(663) Pause Young (Allocation Failure) 140M->3M(495M) 0.423ms
[18.049s][info ][gc,cpu         ] GC(663) User=0.00s Sys=0.00s Real=0.01s
[18.058s][info ][gc,start       ] GC(664) Pause Young (Allocation Failure)
[18.058s][info ][gc,task        ] GC(664) Using 9 workers of 9 for evacuation
[18.059s][debug][gc,age         ] GC(664) Desired survivor size 8945664 bytes, new threshold 6 (max threshold 6)
[18.059s][trace][gc,age         ] GC(664) Age table with threshold 6 (max threshold 6)
[18.059s][trace][gc,age         ] GC(664) - age   1:        192 bytes,        192 total
[18.059s][info ][gc,heap        ] GC(664) ParNew: 139592K->4K(157376K)
[18.059s][info ][gc,heap        ] GC(664) CMS: 3753K->3753K(349568K)
[18.059s][info ][gc,metaspace   ] GC(664) Metaspace: 16024K(16640K)->16024K(16640K) NonClass: 14283K(14592K)->14283K(14592K) Class: 1740K(2048K)->1740K(2048K)
[18.059s][info ][gc             ] GC(664) Pause Young (Allocation Failure) 139M->3M(495M) 0.387ms
[18.059s][info ][gc,cpu         ] GC(664) User=0.00s Sys=0.00s Real=0.00s
[18.068s][info ][gc,start       ] GC(665) Pause Young (Allocation Failure)
[18.068s][info ][gc,task        ] GC(665) Using 9 workers of 9 for evacuation
[18.069s][debug][gc,age         ] GC(665) Desired survivor size 8945664 bytes, new threshold 6 (max threshold 6)
[18.069s][trace][gc,age         ] GC(665) Age table with threshold 6 (max threshold 6)
[18.069s][trace][gc,age         ] GC(665) - age   1:        192 bytes,        192 total
[18.069s][info ][gc,heap        ] GC(665) ParNew: 139525K->8K(157376K)
[18.069s][info ][gc,heap        ] GC(665) CMS: 3753K->3753K(349568K)
[18.069s][info ][gc,metaspace   ] GC(665) Metaspace: 16024K(16640K)->16024K(16640K) NonClass: 14283K(14592K)->14283K(14592K) Class: 1740K(2048K)->1740K(2048K)
[18.069s][info ][gc             ] GC(665) Pause Young (Allocation Failure) 139M->3M(495M) 0.470ms
[18.069s][info ][gc,cpu         ] GC(665) User=0.00s Sys=0.00s Real=0.00s
[18.078s][info ][gc,start       ] GC(666) Pause Young (Allocation Failure)
[18.078s][info ][gc,task        ] GC(666) Using 9 workers of 9 for evacuation
[18.078s][debug][gc,age         ] GC(666) Desired survivor size 8945664 bytes, new threshold 6 (max threshold 6)
[18.078s][trace][gc,age         ] GC(666) Age table with threshold 6 (max threshold 6)
[18.078s][trace][gc,age         ] GC(666) - age   1:        192 bytes,        192 total
[18.078s][info ][gc,heap        ] GC(666) ParNew: 139529K->6K(157376K)
[18.078s][info ][gc,heap        ] GC(666) CMS: 3753K->3753K(349568K)
[18.078s][info ][gc,metaspace   ] GC(666) Metaspace: 16024K(16640K)->16024K(16640K) NonClass: 14283K(14592K)->14283K(14592K) Class: 1740K(2048K)->1740K(2048K)
[18.078s][info ][gc             ] GC(666) Pause Young (Allocation Failure) 139M->3M(495M) 0.461ms
[18.078s][info ][gc,cpu         ] GC(666) User=0.00s Sys=0.00s Real=0.00s
[18.088s][info ][gc,start       ] GC(667) Pause Young (Allocation Failure)
[18.088s][info ][gc,task        ] GC(667) Using 9 workers of 9 for evacuation
[18.088s][debug][gc,age         ] GC(667) Desired survivor size 8945664 bytes, new threshold 6 (max threshold 6)
[18.088s][trace][gc,age         ] GC(667) Age table with threshold 6 (max threshold 6)
[18.088s][trace][gc,age         ] GC(667) - age   1:     400208 bytes,     400208 total
[18.088s][info ][gc,heap        ] GC(667) ParNew: 139831K->396K(157376K)
[18.088s][info ][gc,heap        ] GC(667) CMS: 3753K->3753K(349568K)
[18.088s][info ][gc,metaspace   ] GC(667) Metaspace: 16024K(16640K)->16024K(16640K) NonClass: 14283K(14592K)->14283K(14592K) Class: 1740K(2048K)->1740K(2048K)
[18.088s][info ][gc             ] GC(667) Pause Young (Allocation Failure) 140M->4M(495M) 0.454ms
[18.088s][info ][gc,cpu         ] GC(667) User=0.00s Sys=0.00s Real=0.00s
[18.098s][info ][gc,start       ] GC(668) Pause Young (Allocation Failure)
[18.098s][info ][gc,task        ] GC(668) Using 9 workers of 9 for evacuation
[18.098s][debug][gc,age         ] GC(668) Desired survivor size 8945664 bytes, new threshold 6 (max threshold 6)
[18.098s][trace][gc,age         ] GC(668) Age table with threshold 6 (max threshold 6)
[18.098s][trace][gc,age         ] GC(668) - age   1:     400208 bytes,     400208 total
[18.098s][info ][gc,heap        ] GC(668) ParNew: 140007K->398K(157376K)
[18.098s][info ][gc,heap        ] GC(668) CMS: 3753K->3753K(349568K)
[18.098s][info ][gc,metaspace   ] GC(668) Metaspace: 16024K(16640K)->16024K(16640K) NonClass: 14283K(14592K)->14283K(14592K) Class: 1740K(2048K)->1740K(2048K)
[18.098s][info ][gc             ] GC(668) Pause Young (Allocation Failure) 140M->4M(495M) 0.450ms
[18.098s][info ][gc,cpu         ] GC(668) User=0.00s Sys=0.00s Real=0.00s
[18.108s][info ][gc,start       ] GC(669) Pause Young (Allocation Failure)
[18.108s][info ][gc,task        ] GC(669) Using 9 workers of 9 for evacuation
[18.108s][debug][gc,age         ] GC(669) Desired survivor size 8945664 bytes, new threshold 6 (max threshold 6)
[18.108s][trace][gc,age         ] GC(669) Age table with threshold 6 (max threshold 6)
[18.108s][trace][gc,age         ] GC(669) - age   1:        192 bytes,        192 total
[18.108s][info ][gc,heap        ] GC(669) ParNew: 140272K->8K(157376K)
[18.108s][info ][gc,heap        ] GC(669) CMS: 3753K->3753K(349568K)
[18.108s][info ][gc,metaspace   ] GC(669) Metaspace: 16024K(16640K)->16024K(16640K) NonClass: 14283K(14592K)->14283K(14592K) Class: 1740K(2048K)->1740K(2048K)
[18.108s][info ][gc             ] GC(669) Pause Young (Allocation Failure) 140M->3M(495M) 0.356ms
[18.108s][info ][gc,cpu         ] GC(669) User=0.00s Sys=0.00s Real=0.00s
[18.118s][info ][gc,start       ] GC(670) Pause Young (Allocation Failure)
[18.118s][info ][gc,task        ] GC(670) Using 9 workers of 9 for evacuation
[18.118s][debug][gc,age         ] GC(670) Desired survivor size 8945664 bytes, new threshold 6 (max threshold 6)
[18.118s][trace][gc,age         ] GC(670) Age table with threshold 6 (max threshold 6)
[18.118s][trace][gc,age         ] GC(670) - age   1:        192 bytes,        192 total
[18.118s][info ][gc,heap        ] GC(670) ParNew: 139527K->6K(157376K)
[18.118s][info ][gc,heap        ] GC(670) CMS: 3753K->3753K(349568K)
[18.118s][info ][gc,metaspace   ] GC(670) Metaspace: 16024K(16640K)->16024K(16640K) NonClass: 14283K(14592K)->14283K(14592K) Class: 1740K(2048K)->1740K(2048K)
[18.118s][info ][gc             ] GC(670) Pause Young (Allocation Failure) 139M->3M(495M) 0.355ms
[18.118s][info ][gc,cpu         ] GC(670) User=0.00s Sys=0.01s Real=0.00s
[18.128s][info ][gc,start       ] GC(671) Pause Young (Allocation Failure)
[18.128s][info ][gc,task        ] GC(671) Using 9 workers of 9 for evacuation
[18.128s][debug][gc,age         ] GC(671) Desired survivor size 8945664 bytes, new threshold 6 (max threshold 6)
[18.128s][trace][gc,age         ] GC(671) Age table with threshold 6 (max threshold 6)
[18.128s][trace][gc,age         ] GC(671) - age   1:     400208 bytes,     400208 total
[18.128s][info ][gc,heap        ] GC(671) ParNew: 139859K->396K(157376K)
[18.128s][info ][gc,heap        ] GC(671) CMS: 3753K->3753K(349568K)
[18.128s][info ][gc,metaspace   ] GC(671) Metaspace: 16024K(16640K)->16024K(16640K) NonClass: 14283K(14592K)->14283K(14592K) Class: 1740K(2048K)->1740K(2048K)
[18.128s][info ][gc             ] GC(671) Pause Young (Allocation Failure) 140M->4M(495M) 0.450ms
[18.128s][info ][gc,cpu         ] GC(671) User=0.01s Sys=0.00s Real=0.00s
[18.138s][info ][gc,start       ] GC(672) Pause Young (Allocation Failure)
[18.138s][info ][gc,task        ] GC(672) Using 9 workers of 9 for evacuation
[18.138s][debug][gc,age         ] GC(672) Desired survivor size 8945664 bytes, new threshold 6 (max threshold 6)
[18.138s][trace][gc,age         ] GC(672) Age table with threshold 6 (max threshold 6)
[18.138s][trace][gc,age         ] GC(672) - age   1:        192 bytes,        192 total
[18.138s][info ][gc,heap        ] GC(672) ParNew: 140177K->4K(157376K)
[18.138s][info ][gc,heap        ] GC(672) CMS: 3753K->3753K(349568K)
[18.138s][info ][gc,metaspace   ] GC(672) Metaspace: 16024K(16640K)->16024K(16640K) NonClass: 14283K(14592K)->14283K(14592K) Class: 1740K(2048K)->1740K(2048K)
[18.138s][info ][gc             ] GC(672) Pause Young (Allocation Failure) 140M->3M(495M) 0.364ms
[18.138s][info ][gc,cpu         ] GC(672) User=0.01s Sys=0.00s Real=0.00s
[18.147s][info ][gc,start       ] GC(673) Pause Young (Allocation Failure)
[18.148s][info ][gc,task        ] GC(673) Using 9 workers of 9 for evacuation
[18.148s][debug][gc,age         ] GC(673) Desired survivor size 8945664 bytes, new threshold 6 (max threshold 6)
[18.148s][trace][gc,age         ] GC(673) Age table with threshold 6 (max threshold 6)
[18.148s][trace][gc,age         ] GC(673) - age   1:     400208 bytes,     400208 total
[18.148s][info ][gc,heap        ] GC(673) ParNew: 139856K->396K(157376K)
[18.148s][info ][gc,heap        ] GC(673) CMS: 3753K->3753K(349568K)
[18.148s][info ][gc,metaspace   ] GC(673) Metaspace: 16024K(16640K)->16024K(16640K) NonClass: 14283K(14592K)->14283K(14592K) Class: 1740K(2048K)->1740K(2048K)
[18.148s][info ][gc             ] GC(673) Pause Young (Allocation Failure) 140M->4M(495M) 0.327ms
[18.148s][info ][gc,cpu         ] GC(673) User=0.00s Sys=0.00s Real=0.00s
[18.157s][info ][gc,start       ] GC(674) Pause Young (Allocation Failure)
[18.157s][info ][gc,task        ] GC(674) Using 9 workers of 9 for evacuation
[18.158s][debug][gc,age         ] GC(674) Desired survivor size 8945664 bytes, new threshold 6 (max threshold 6)
[18.158s][trace][gc,age         ] GC(674) Age table with threshold 6 (max threshold 6)
[18.158s][trace][gc,age         ] GC(674) - age   1:        192 bytes,        192 total
[18.158s][info ][gc,heap        ] GC(674) ParNew: 140275K->6K(157376K)
[18.158s][info ][gc,heap        ] GC(674) CMS: 3753K->3753K(349568K)
[18.158s][info ][gc,metaspace   ] GC(674) Metaspace: 16024K(16640K)->16024K(16640K) NonClass: 14283K(14592K)->14283K(14592K) Class: 1740K(2048K)->1740K(2048K)
[18.158s][info ][gc             ] GC(674) Pause Young (Allocation Failure) 140M->3M(495M) 0.461ms
[18.158s][info ][gc,cpu         ] GC(674) User=0.00s Sys=0.00s Real=0.00s
[18.167s][info ][gc,start       ] GC(675) Pause Young (Allocation Failure)
[18.167s][info ][gc,task        ] GC(675) Using 9 workers of 9 for evacuation
[18.168s][debug][gc,age         ] GC(675) Desired survivor size 8945664 bytes, new threshold 6 (max threshold 6)
[18.168s][trace][gc,age         ] GC(675) Age table with threshold 6 (max threshold 6)
[18.168s][trace][gc,age         ] GC(675) - age   1:     400208 bytes,     400208 total
[18.168s][info ][gc,heap        ] GC(675) ParNew: 139897K->394K(157376K)
[18.168s][info ][gc,heap        ] GC(675) CMS: 3753K->3753K(349568K)
[18.168s][info ][gc,metaspace   ] GC(675) Metaspace: 16024K(16640K)->16024K(16640K) NonClass: 14283K(14592K)->14283K(14592K) Class: 1740K(2048K)->1740K(2048K)
[18.168s][info ][gc             ] GC(675) Pause Young (Allocation Failure) 140M->4M(495M) 0.435ms
[18.168s][info ][gc,cpu         ] GC(675) User=0.00s Sys=0.00s Real=0.00s
[18.177s][info ][gc,start       ] GC(676) Pause Young (Allocation Failure)
[18.177s][info ][gc,task        ] GC(676) Using 9 workers of 9 for evacuation
[18.178s][debug][gc,age         ] GC(676) Desired survivor size 8945664 bytes, new threshold 6 (max threshold 6)
[18.178s][trace][gc,age         ] GC(676) Age table with threshold 6 (max threshold 6)
[18.178s][trace][gc,age         ] GC(676) - age   1:        192 bytes,        192 total
[18.178s][info ][gc,heap        ] GC(676) ParNew: 140256K->6K(157376K)
[18.178s][info ][gc,heap        ] GC(676) CMS: 3753K->3753K(349568K)
[18.178s][info ][gc,metaspace   ] GC(676) Metaspace: 16024K(16640K)->16024K(16640K) NonClass: 14283K(14592K)->14283K(14592K) Class: 1740K(2048K)->1740K(2048K)
[18.178s][info ][gc             ] GC(676) Pause Young (Allocation Failure) 140M->3M(495M) 0.545ms
[18.178s][info ][gc,cpu         ] GC(676) User=0.00s Sys=0.00s Real=0.00s
[18.187s][info ][gc,start       ] GC(677) Pause Young (Allocation Failure)
[18.187s][info ][gc,task        ] GC(677) Using 9 workers of 9 for evacuation
[18.188s][debug][gc,age         ] GC(677) Desired survivor size 8945664 bytes, new threshold 6 (max threshold 6)
[18.188s][trace][gc,age         ] GC(677) Age table with threshold 6 (max threshold 6)
[18.188s][trace][gc,age         ] GC(677) - age   1:        192 bytes,        192 total
[18.188s][info ][gc,heap        ] GC(677) ParNew: 139530K->6K(157376K)
[18.188s][info ][gc,heap        ] GC(677) CMS: 3753K->3753K(349568K)
[18.188s][info ][gc,metaspace   ] GC(677) Metaspace: 16024K(16640K)->16024K(16640K) NonClass: 14283K(14592K)->14283K(14592K) Class: 1740K(2048K)->1740K(2048K)
[18.188s][info ][gc             ] GC(677) Pause Young (Allocation Failure) 139M->3M(495M) 0.399ms
[18.188s][info ][gc,cpu         ] GC(677) User=0.00s Sys=0.00s Real=0.00s
[18.197s][info ][gc,start       ] GC(678) Pause Young (Allocation Failure)
[18.197s][info ][gc,task        ] GC(678) Using 9 workers of 9 for evacuation
[18.198s][debug][gc,age         ] GC(678) Desired survivor size 8945664 bytes, new threshold 6 (max threshold 6)
[18.198s][trace][gc,age         ] GC(678) Age table with threshold 6 (max threshold 6)
[18.198s][trace][gc,age         ] GC(678) - age   1:     400208 bytes,     400208 total
[18.198s][info ][gc,heap        ] GC(678) ParNew: 139852K->394K(157376K)
[18.198s][info ][gc,heap        ] GC(678) CMS: 3753K->3753K(349568K)
[18.198s][info ][gc,metaspace   ] GC(678) Metaspace: 16024K(16640K)->16024K(16640K) NonClass: 14283K(14592K)->14283K(14592K) Class: 1740K(2048K)->1740K(2048K)
[18.198s][info ][gc             ] GC(678) Pause Young (Allocation Failure) 140M->4M(495M) 0.439ms
[18.198s][info ][gc,cpu         ] GC(678) User=0.00s Sys=0.00s Real=0.00s
[18.207s][info ][gc,start       ] GC(679) Pause Young (Allocation Failure)
[18.207s][info ][gc,task        ] GC(679) Using 9 workers of 9 for evacuation
[18.207s][debug][gc,age         ] GC(679) Desired survivor size 8945664 bytes, new threshold 6 (max threshold 6)
[18.207s][trace][gc,age         ] GC(679) Age table with threshold 6 (max threshold 6)
[18.207s][trace][gc,age         ] GC(679) - age   1:        192 bytes,        192 total
[18.207s][info ][gc,heap        ] GC(679) ParNew: 140253K->6K(157376K)
[18.207s][info ][gc,heap        ] GC(679) CMS: 3753K->3753K(349568K)
[18.207s][info ][gc,metaspace   ] GC(679) Metaspace: 16024K(16640K)->16024K(16640K) NonClass: 14283K(14592K)->14283K(14592K) Class: 1740K(2048K)->1740K(2048K)
[18.207s][info ][gc             ] GC(679) Pause Young (Allocation Failure) 140M->3M(495M) 0.348ms
[18.207s][info ][gc,cpu         ] GC(679) User=0.00s Sys=0.00s Real=0.00s
[18.217s][info ][gc,start       ] GC(680) Pause Young (Allocation Failure)
[18.217s][info ][gc,task        ] GC(680) Using 9 workers of 9 for evacuation
[18.217s][debug][gc,age         ] GC(680) Desired survivor size 8945664 bytes, new threshold 6 (max threshold 6)
[18.217s][trace][gc,age         ] GC(680) Age table with threshold 6 (max threshold 6)
[18.217s][trace][gc,age         ] GC(680) - age   1:        192 bytes,        192 total
[18.217s][info ][gc,heap        ] GC(680) ParNew: 139527K->2K(157376K)
[18.217s][info ][gc,heap        ] GC(680) CMS: 3753K->3753K(349568K)
[18.217s][info ][gc,metaspace   ] GC(680) Metaspace: 16024K(16640K)->16024K(16640K) NonClass: 14283K(14592K)->14283K(14592K) Class: 1740K(2048K)->1740K(2048K)
[18.217s][info ][gc             ] GC(680) Pause Young (Allocation Failure) 139M->3M(495M) 0.491ms
[18.217s][info ][gc,cpu         ] GC(680) User=0.00s Sys=0.00s Real=0.00s
[18.227s][info ][gc,start       ] GC(681) Pause Young (Allocation Failure)
[18.227s][info ][gc,task        ] GC(681) Using 9 workers of 9 for evacuation
[18.227s][debug][gc,age         ] GC(681) Desired survivor size 8945664 bytes, new threshold 6 (max threshold 6)
[18.227s][trace][gc,age         ] GC(681) Age table with threshold 6 (max threshold 6)
[18.227s][trace][gc,age         ] GC(681) - age   1:     400208 bytes,     400208 total
[18.227s][info ][gc,heap        ] GC(681) ParNew: 139886K->396K(157376K)
[18.227s][info ][gc,heap        ] GC(681) CMS: 3753K->3753K(349568K)
[18.227s][info ][gc,metaspace   ] GC(681) Metaspace: 16024K(16640K)->16024K(16640K) NonClass: 14283K(14592K)->14283K(14592K) Class: 1740K(2048K)->1740K(2048K)
[18.227s][info ][gc             ] GC(681) Pause Young (Allocation Failure) 140M->4M(495M) 0.412ms
[18.227s][info ][gc,cpu         ] GC(681) User=0.01s Sys=0.00s Real=0.00s
[18.237s][info ][gc,start       ] GC(682) Pause Young (Allocation Failure)
[18.237s][info ][gc,task        ] GC(682) Using 9 workers of 9 for evacuation
[18.237s][debug][gc,age         ] GC(682) Desired survivor size 8945664 bytes, new threshold 6 (max threshold 6)
[18.237s][trace][gc,age         ] GC(682) Age table with threshold 6 (max threshold 6)
[18.237s][trace][gc,age         ] GC(682) - age   1:        192 bytes,        192 total
[18.237s][info ][gc,heap        ] GC(682) ParNew: 140290K->6K(157376K)
[18.237s][info ][gc,heap        ] GC(682) CMS: 3753K->3753K(349568K)
[18.237s][info ][gc,metaspace   ] GC(682) Metaspace: 16024K(16640K)->16024K(16640K) NonClass: 14283K(14592K)->14283K(14592K) Class: 1740K(2048K)->1740K(2048K)
[18.237s][info ][gc             ] GC(682) Pause Young (Allocation Failure) 140M->3M(495M) 0.377ms
[18.237s][info ][gc,cpu         ] GC(682) User=0.01s Sys=0.00s Real=0.00s
[18.247s][info ][gc,start       ] GC(683) Pause Young (Allocation Failure)
[18.247s][info ][gc,task        ] GC(683) Using 9 workers of 9 for evacuation
[18.247s][debug][gc,age         ] GC(683) Desired survivor size 8945664 bytes, new threshold 6 (max threshold 6)
[18.247s][trace][gc,age         ] GC(683) Age table with threshold 6 (max threshold 6)
[18.247s][trace][gc,age         ] GC(683) - age   1:        192 bytes,        192 total
[18.247s][info ][gc,heap        ] GC(683) ParNew: 139527K->8K(157376K)
[18.247s][info ][gc,heap        ] GC(683) CMS: 3753K->3753K(349568K)
[18.247s][info ][gc,metaspace   ] GC(683) Metaspace: 16024K(16640K)->16024K(16640K) NonClass: 14283K(14592K)->14283K(14592K) Class: 1740K(2048K)->1740K(2048K)
[18.247s][info ][gc             ] GC(683) Pause Young (Allocation Failure) 139M->3M(495M) 0.445ms
[18.247s][info ][gc,cpu         ] GC(683) User=0.00s Sys=0.00s Real=0.00s
[18.257s][info ][gc,start       ] GC(684) Pause Young (Allocation Failure)
[18.257s][info ][gc,task        ] GC(684) Using 9 workers of 9 for evacuation
[18.257s][debug][gc,age         ] GC(684) Desired survivor size 8945664 bytes, new threshold 6 (max threshold 6)
[18.257s][trace][gc,age         ] GC(684) Age table with threshold 6 (max threshold 6)
[18.257s][trace][gc,age         ] GC(684) - age   1:     400208 bytes,     400208 total
[18.257s][info ][gc,heap        ] GC(684) ParNew: 139862K->398K(157376K)
[18.257s][info ][gc,heap        ] GC(684) CMS: 3753K->3753K(349568K)
[18.257s][info ][gc,metaspace   ] GC(684) Metaspace: 16024K(16640K)->16024K(16640K) NonClass: 14283K(14592K)->14283K(14592K) Class: 1740K(2048K)->1740K(2048K)
[18.257s][info ][gc             ] GC(684) Pause Young (Allocation Failure) 140M->4M(495M) 0.370ms
[18.257s][info ][gc,cpu         ] GC(684) User=0.00s Sys=0.00s Real=0.00s
[18.267s][info ][gc,start       ] GC(685) Pause Young (Allocation Failure)
[18.267s][info ][gc,task        ] GC(685) Using 9 workers of 9 for evacuation
[18.267s][debug][gc,age         ] GC(685) Desired survivor size 8945664 bytes, new threshold 6 (max threshold 6)
[18.267s][trace][gc,age         ] GC(685) Age table with threshold 6 (max threshold 6)
[18.267s][trace][gc,age         ] GC(685) - age   1:        192 bytes,        192 total
[18.267s][info ][gc,heap        ] GC(685) ParNew: 140244K->6K(157376K)
[18.267s][info ][gc,heap        ] GC(685) CMS: 3753K->3753K(349568K)
[18.267s][info ][gc,metaspace   ] GC(685) Metaspace: 16024K(16640K)->16024K(16640K) NonClass: 14283K(14592K)->14283K(14592K) Class: 1740K(2048K)->1740K(2048K)
[18.267s][info ][gc             ] GC(685) Pause Young (Allocation Failure) 140M->3M(495M) 0.439ms
[18.267s][info ][gc,cpu         ] GC(685) User=0.00s Sys=0.00s Real=0.00s
[18.277s][info ][gc,start       ] GC(686) Pause Young (Allocation Failure)
[18.277s][info ][gc,task        ] GC(686) Using 9 workers of 9 for evacuation
[18.277s][debug][gc,age         ] GC(686) Desired survivor size 8945664 bytes, new threshold 6 (max threshold 6)
[18.278s][trace][gc,age         ] GC(686) Age table with threshold 6 (max threshold 6)
[18.278s][trace][gc,age         ] GC(686) - age   1:     400208 bytes,     400208 total
[18.278s][info ][gc,heap        ] GC(686) ParNew: 139864K->394K(157376K)
[18.278s][info ][gc,heap        ] GC(686) CMS: 3753K->3753K(349568K)
[18.278s][info ][gc,metaspace   ] GC(686) Metaspace: 16024K(16640K)->16024K(16640K) NonClass: 14283K(14592K)->14283K(14592K) Class: 1740K(2048K)->1740K(2048K)
[18.278s][info ][gc             ] GC(686) Pause Young (Allocation Failure) 140M->4M(495M) 1.011ms
[18.278s][info ][gc,cpu         ] GC(686) User=0.00s Sys=0.00s Real=0.00s
[18.287s][info ][gc,start       ] GC(687) Pause Young (Allocation Failure)
[18.287s][info ][gc,task        ] GC(687) Using 9 workers of 9 for evacuation
[18.287s][debug][gc,age         ] GC(687) Desired survivor size 8945664 bytes, new threshold 6 (max threshold 6)
[18.287s][trace][gc,age         ] GC(687) Age table with threshold 6 (max threshold 6)
[18.287s][trace][gc,age         ] GC(687) - age   1:        192 bytes,        192 total
[18.287s][info ][gc,heap        ] GC(687) ParNew: 140265K->6K(157376K)
[18.287s][info ][gc,heap        ] GC(687) CMS: 3753K->3753K(349568K)
[18.287s][info ][gc,metaspace   ] GC(687) Metaspace: 16024K(16640K)->16024K(16640K) NonClass: 14283K(14592K)->14283K(14592K) Class: 1740K(2048K)->1740K(2048K)
[18.287s][info ][gc             ] GC(687) Pause Young (Allocation Failure) 140M->3M(495M) 0.440ms
[18.287s][info ][gc,cpu         ] GC(687) User=0.00s Sys=0.00s Real=0.00s
[18.297s][info ][gc,start       ] GC(688) Pause Young (Allocation Failure)
[18.297s][info ][gc,task        ] GC(688) Using 9 workers of 9 for evacuation
[18.297s][debug][gc,age         ] GC(688) Desired survivor size 8945664 bytes, new threshold 6 (max threshold 6)
[18.297s][trace][gc,age         ] GC(688) Age table with threshold 6 (max threshold 6)
[18.297s][trace][gc,age         ] GC(688) - age   1:     400208 bytes,     400208 total
[18.297s][info ][gc,heap        ] GC(688) ParNew: 139838K->398K(157376K)
[18.297s][info ][gc,heap        ] GC(688) CMS: 3753K->3753K(349568K)
[18.297s][info ][gc,metaspace   ] GC(688) Metaspace: 16024K(16640K)->16024K(16640K) NonClass: 14283K(14592K)->14283K(14592K) Class: 1740K(2048K)->1740K(2048K)
[18.297s][info ][gc             ] GC(688) Pause Young (Allocation Failure) 140M->4M(495M) 0.384ms
[18.297s][info ][gc,cpu         ] GC(688) User=0.00s Sys=0.00s Real=0.00s
[18.307s][info ][gc,start       ] GC(689) Pause Young (Allocation Failure)
[18.307s][info ][gc,task        ] GC(689) Using 9 workers of 9 for evacuation
[18.307s][debug][gc,age         ] GC(689) Desired survivor size 8945664 bytes, new threshold 6 (max threshold 6)
[18.307s][trace][gc,age         ] GC(689) Age table with threshold 6 (max threshold 6)
[18.307s][trace][gc,age         ] GC(689) - age   1:     400208 bytes,     400208 total
[18.307s][info ][gc,heap        ] GC(689) ParNew: 140065K->396K(157376K)
[18.307s][info ][gc,heap        ] GC(689) CMS: 3753K->3753K(349568K)
[18.307s][info ][gc,metaspace   ] GC(689) Metaspace: 16024K(16640K)->16024K(16640K) NonClass: 14283K(14592K)->14283K(14592K) Class: 1740K(2048K)->1740K(2048K)
[18.307s][info ][gc             ] GC(689) Pause Young (Allocation Failure) 140M->4M(495M) 0.390ms
[18.307s][info ][gc,cpu         ] GC(689) User=0.00s Sys=0.00s Real=0.00s
[18.317s][info ][gc,start       ] GC(690) Pause Young (Allocation Failure)
[18.317s][info ][gc,task        ] GC(690) Using 9 workers of 9 for evacuation
[18.317s][debug][gc,age         ] GC(690) Desired survivor size 8945664 bytes, new threshold 6 (max threshold 6)
[18.317s][trace][gc,age         ] GC(690) Age table with threshold 6 (max threshold 6)
[18.317s][trace][gc,age         ] GC(690) - age   1:        192 bytes,        192 total
[18.317s][info ][gc,heap        ] GC(690) ParNew: 140284K->6K(157376K)
[18.317s][info ][gc,heap        ] GC(690) CMS: 3753K->3753K(349568K)
[18.317s][info ][gc,metaspace   ] GC(690) Metaspace: 16024K(16640K)->16024K(16640K) NonClass: 14283K(14592K)->14283K(14592K) Class: 1740K(2048K)->1740K(2048K)
[18.317s][info ][gc             ] GC(690) Pause Young (Allocation Failure) 140M->3M(495M) 0.441ms
[18.317s][info ][gc,cpu         ] GC(690) User=0.01s Sys=0.00s Real=0.00s
[18.327s][info ][gc,start       ] GC(691) Pause Young (Allocation Failure)
[18.327s][info ][gc,task        ] GC(691) Using 9 workers of 9 for evacuation
[18.327s][debug][gc,age         ] GC(691) Desired survivor size 8945664 bytes, new threshold 6 (max threshold 6)
[18.327s][trace][gc,age         ] GC(691) Age table with threshold 6 (max threshold 6)
[18.327s][trace][gc,age         ] GC(691) - age   1:     400208 bytes,     400208 total
[18.327s][info ][gc,heap        ] GC(691) ParNew: 139793K->396K(157376K)
[18.327s][info ][gc,heap        ] GC(691) CMS: 3753K->3753K(349568K)
[18.327s][info ][gc,metaspace   ] GC(691) Metaspace: 16024K(16640K)->16024K(16640K) NonClass: 14283K(14592K)->14283K(14592K) Class: 1740K(2048K)->1740K(2048K)
[18.327s][info ][gc             ] GC(691) Pause Young (Allocation Failure) 140M->4M(495M) 0.352ms
[18.327s][info ][gc,cpu         ] GC(691) User=0.01s Sys=0.00s Real=0.00s
[18.337s][info ][gc,start       ] GC(692) Pause Young (Allocation Failure)
[18.337s][info ][gc,task        ] GC(692) Using 9 workers of 9 for evacuation
[18.337s][debug][gc,age         ] GC(692) Desired survivor size 8945664 bytes, new threshold 6 (max threshold 6)
[18.337s][trace][gc,age         ] GC(692) Age table with threshold 6 (max threshold 6)
[18.337s][trace][gc,age         ] GC(692) - age   1:        192 bytes,        192 total
[18.337s][info ][gc,heap        ] GC(692) ParNew: 140220K->8K(157376K)
[18.337s][info ][gc,heap        ] GC(692) CMS: 3753K->3753K(349568K)
[18.337s][info ][gc,metaspace   ] GC(692) Metaspace: 16024K(16640K)->16024K(16640K) NonClass: 14283K(14592K)->14283K(14592K) Class: 1740K(2048K)->1740K(2048K)
[18.337s][info ][gc             ] GC(692) Pause Young (Allocation Failure) 140M->3M(495M) 0.481ms
[18.337s][info ][gc,cpu         ] GC(692) User=0.01s Sys=0.00s Real=0.00s
[18.347s][info ][gc,start       ] GC(693) Pause Young (Allocation Failure)
[18.347s][info ][gc,task        ] GC(693) Using 9 workers of 9 for evacuation
[18.347s][debug][gc,age         ] GC(693) Desired survivor size 8945664 bytes, new threshold 6 (max threshold 6)
[18.347s][trace][gc,age         ] GC(693) Age table with threshold 6 (max threshold 6)
[18.347s][trace][gc,age         ] GC(693) - age   1:     400208 bytes,     400208 total
[18.347s][info ][gc,heap        ] GC(693) ParNew: 139871K->396K(157376K)
[18.347s][info ][gc,heap        ] GC(693) CMS: 3753K->3753K(349568K)
[18.347s][info ][gc,metaspace   ] GC(693) Metaspace: 16024K(16640K)->16024K(16640K) NonClass: 14283K(14592K)->14283K(14592K) Class: 1740K(2048K)->1740K(2048K)
[18.347s][info ][gc             ] GC(693) Pause Young (Allocation Failure) 140M->4M(495M) 0.440ms
[18.347s][info ][gc,cpu         ] GC(693) User=0.00s Sys=0.00s Real=0.00s
[18.357s][info ][gc,start       ] GC(694) Pause Young (Allocation Failure)
[18.357s][info ][gc,task        ] GC(694) Using 9 workers of 9 for evacuation
[18.357s][debug][gc,age         ] GC(694) Desired survivor size 8945664 bytes, new threshold 6 (max threshold 6)
[18.357s][trace][gc,age         ] GC(694) Age table with threshold 6 (max threshold 6)
[18.357s][trace][gc,age         ] GC(694) - age   1:     400208 bytes,     400208 total
[18.357s][info ][gc,heap        ] GC(694) ParNew: 139922K->394K(157376K)
[18.357s][info ][gc,heap        ] GC(694) CMS: 3753K->3753K(349568K)
[18.357s][info ][gc,metaspace   ] GC(694) Metaspace: 16024K(16640K)->16024K(16640K) NonClass: 14283K(14592K)->14283K(14592K) Class: 1740K(2048K)->1740K(2048K)
[18.357s][info ][gc             ] GC(694) Pause Young (Allocation Failure) 140M->4M(495M) 0.452ms
[18.357s][info ][gc,cpu         ] GC(694) User=0.00s Sys=0.00s Real=0.00s
[18.367s][info ][gc,start       ] GC(695) Pause Young (Allocation Failure)
[18.367s][info ][gc,task        ] GC(695) Using 9 workers of 9 for evacuation
[18.367s][debug][gc,age         ] GC(695) Desired survivor size 8945664 bytes, new threshold 6 (max threshold 6)
[18.367s][trace][gc,age         ] GC(695) Age table with threshold 6 (max threshold 6)
[18.367s][trace][gc,age         ] GC(695) - age   1:        192 bytes,        192 total
[18.367s][info ][gc,heap        ] GC(695) ParNew: 140221K->8K(157376K)
[18.367s][info ][gc,heap        ] GC(695) CMS: 3753K->3753K(349568K)
[18.367s][info ][gc,metaspace   ] GC(695) Metaspace: 16024K(16640K)->16024K(16640K) NonClass: 14283K(14592K)->14283K(14592K) Class: 1740K(2048K)->1740K(2048K)
[18.367s][info ][gc             ] GC(695) Pause Young (Allocation Failure) 140M->3M(495M) 0.423ms
[18.367s][info ][gc,cpu         ] GC(695) User=0.00s Sys=0.00s Real=0.00s
[18.377s][info ][gc,start       ] GC(696) Pause Young (Allocation Failure)
[18.377s][info ][gc,task        ] GC(696) Using 9 workers of 9 for evacuation
[18.377s][debug][gc,age         ] GC(696) Desired survivor size 8945664 bytes, new threshold 6 (max threshold 6)
[18.377s][trace][gc,age         ] GC(696) Age table with threshold 6 (max threshold 6)
[18.377s][trace][gc,age         ] GC(696) - age   1:        192 bytes,        192 total
[18.377s][info ][gc,heap        ] GC(696) ParNew: 139531K->6K(157376K)
[18.377s][info ][gc,heap        ] GC(696) CMS: 3753K->3753K(349568K)
[18.377s][info ][gc,metaspace   ] GC(696) Metaspace: 16024K(16640K)->16024K(16640K) NonClass: 14283K(14592K)->14283K(14592K) Class: 1740K(2048K)->1740K(2048K)
[18.377s][info ][gc             ] GC(696) Pause Young (Allocation Failure) 139M->3M(495M) 0.396ms
[18.377s][info ][gc,cpu         ] GC(696) User=0.00s Sys=0.00s Real=0.00s
[18.386s][info ][gc,start       ] GC(697) Pause Young (Allocation Failure)
[18.386s][info ][gc,task        ] GC(697) Using 9 workers of 9 for evacuation
[18.387s][debug][gc,age         ] GC(697) Desired survivor size 8945664 bytes, new threshold 6 (max threshold 6)
[18.387s][trace][gc,age         ] GC(697) Age table with threshold 6 (max threshold 6)
[18.387s][trace][gc,age         ] GC(697) - age   1:     400208 bytes,     400208 total
[18.387s][info ][gc,heap        ] GC(697) ParNew: 139907K->396K(157376K)
[18.387s][info ][gc,heap        ] GC(697) CMS: 3753K->3753K(349568K)
[18.387s][info ][gc,metaspace   ] GC(697) Metaspace: 16024K(16640K)->16024K(16640K) NonClass: 14283K(14592K)->14283K(14592K) Class: 1740K(2048K)->1740K(2048K)
[18.387s][info ][gc             ] GC(697) Pause Young (Allocation Failure) 140M->4M(495M) 0.413ms
[18.387s][info ][gc,cpu         ] GC(697) User=0.00s Sys=0.00s Real=0.00s
[18.396s][info ][gc,start       ] GC(698) Pause Young (Allocation Failure)
[18.396s][info ][gc,task        ] GC(698) Using 9 workers of 9 for evacuation
[18.397s][debug][gc,age         ] GC(698) Desired survivor size 8945664 bytes, new threshold 6 (max threshold 6)
[18.397s][trace][gc,age         ] GC(698) Age table with threshold 6 (max threshold 6)
[18.397s][trace][gc,age         ] GC(698) - age   1:        192 bytes,        192 total
[18.397s][info ][gc,heap        ] GC(698) ParNew: 140271K->4K(157376K)
[18.397s][info ][gc,heap        ] GC(698) CMS: 3753K->3753K(349568K)
[18.397s][info ][gc,metaspace   ] GC(698) Metaspace: 16024K(16640K)->16024K(16640K) NonClass: 14283K(14592K)->14283K(14592K) Class: 1740K(2048K)->1740K(2048K)
[18.397s][info ][gc             ] GC(698) Pause Young (Allocation Failure) 140M->3M(495M) 0.443ms
[18.397s][info ][gc,cpu         ] GC(698) User=0.00s Sys=0.00s Real=0.00s
[18.406s][info ][gc,start       ] GC(699) Pause Young (Allocation Failure)
[18.406s][info ][gc,task        ] GC(699) Using 9 workers of 9 for evacuation
[18.407s][debug][gc,age         ] GC(699) Desired survivor size 8945664 bytes, new threshold 6 (max threshold 6)
[18.407s][trace][gc,age         ] GC(699) Age table with threshold 6 (max threshold 6)
[18.407s][trace][gc,age         ] GC(699) - age   1:     400208 bytes,     400208 total
[18.407s][info ][gc,heap        ] GC(699) ParNew: 139881K->394K(157376K)
[18.407s][info ][gc,heap        ] GC(699) CMS: 3753K->3753K(349568K)
[18.407s][info ][gc,metaspace   ] GC(699) Metaspace: 16024K(16640K)->16024K(16640K) NonClass: 14283K(14592K)->14283K(14592K) Class: 1740K(2048K)->1740K(2048K)
[18.407s][info ][gc             ] GC(699) Pause Young (Allocation Failure) 140M->4M(495M) 0.399ms
[18.407s][info ][gc,cpu         ] GC(699) User=0.00s Sys=0.00s Real=0.00s
[18.416s][info ][gc,start       ] GC(700) Pause Young (Allocation Failure)
[18.416s][info ][gc,task        ] GC(700) Using 9 workers of 9 for evacuation
[18.417s][debug][gc,age         ] GC(700) Desired survivor size 8945664 bytes, new threshold 6 (max threshold 6)
[18.417s][trace][gc,age         ] GC(700) Age table with threshold 6 (max threshold 6)
[18.417s][trace][gc,age         ] GC(700) - age   1:     400208 bytes,     400208 total
[18.417s][info ][gc,heap        ] GC(700) ParNew: 139909K->396K(157376K)
[18.417s][info ][gc,heap        ] GC(700) CMS: 3753K->3753K(349568K)
[18.417s][info ][gc,metaspace   ] GC(700) Metaspace: 16024K(16640K)->16024K(16640K) NonClass: 14283K(14592K)->14283K(14592K) Class: 1740K(2048K)->1740K(2048K)
[18.417s][info ][gc             ] GC(700) Pause Young (Allocation Failure) 140M->4M(495M) 0.418ms
[18.417s][info ][gc,cpu         ] GC(700) User=0.01s Sys=0.00s Real=0.00s
[18.426s][info ][gc,start       ] GC(701) Pause Young (Allocation Failure)
[18.426s][info ][gc,task        ] GC(701) Using 9 workers of 9 for evacuation
[18.426s][debug][gc,age         ] GC(701) Desired survivor size 8945664 bytes, new threshold 6 (max threshold 6)
[18.426s][trace][gc,age         ] GC(701) Age table with threshold 6 (max threshold 6)
[18.426s][trace][gc,age         ] GC(701) - age   1:        192 bytes,        192 total
[18.426s][info ][gc,heap        ] GC(701) ParNew: 140282K->6K(157376K)
[18.426s][info ][gc,heap        ] GC(701) CMS: 3753K->3753K(349568K)
[18.426s][info ][gc,metaspace   ] GC(701) Metaspace: 16024K(16640K)->16024K(16640K) NonClass: 14283K(14592K)->14283K(14592K) Class: 1740K(2048K)->1740K(2048K)
[18.426s][info ][gc             ] GC(701) Pause Young (Allocation Failure) 140M->3M(495M) 0.316ms
[18.426s][info ][gc,cpu         ] GC(701) User=0.01s Sys=0.00s Real=0.00s
[18.436s][info ][gc,start       ] GC(702) Pause Young (Allocation Failure)
[18.436s][info ][gc,task        ] GC(702) Using 9 workers of 9 for evacuation
[18.436s][debug][gc,age         ] GC(702) Desired survivor size 8945664 bytes, new threshold 6 (max threshold 6)
[18.436s][trace][gc,age         ] GC(702) Age table with threshold 6 (max threshold 6)
[18.436s][trace][gc,age         ] GC(702) - age   1:        192 bytes,        192 total
[18.436s][info ][gc,heap        ] GC(702) ParNew: 139599K->6K(157376K)
[18.436s][info ][gc,heap        ] GC(702) CMS: 3753K->3753K(349568K)
[18.436s][info ][gc,metaspace   ] GC(702) Metaspace: 16024K(16640K)->16024K(16640K) NonClass: 14283K(14592K)->14283K(14592K) Class: 1740K(2048K)->1740K(2048K)
[18.436s][info ][gc             ] GC(702) Pause Young (Allocation Failure) 139M->3M(495M) 0.373ms
[18.436s][info ][gc,cpu         ] GC(702) User=0.01s Sys=0.01s Real=0.00s
[18.446s][info ][gc,start       ] GC(703) Pause Young (Allocation Failure)
[18.446s][info ][gc,task        ] GC(703) Using 9 workers of 9 for evacuation
[18.446s][debug][gc,age         ] GC(703) Desired survivor size 8945664 bytes, new threshold 6 (max threshold 6)
[18.446s][trace][gc,age         ] GC(703) Age table with threshold 6 (max threshold 6)
[18.446s][trace][gc,age         ] GC(703) - age   1:        192 bytes,        192 total
[18.446s][info ][gc,heap        ] GC(703) ParNew: 139735K->4K(157376K)
[18.446s][info ][gc,heap        ] GC(703) CMS: 3753K->3753K(349568K)
[18.446s][info ][gc,metaspace   ] GC(703) Metaspace: 16024K(16640K)->16024K(16640K) NonClass: 14283K(14592K)->14283K(14592K) Class: 1740K(2048K)->1740K(2048K)
[18.446s][info ][gc             ] GC(703) Pause Young (Allocation Failure) 140M->3M(495M) 0.540ms
[18.446s][info ][gc,cpu         ] GC(703) User=0.00s Sys=0.00s Real=0.00s
[18.456s][info ][gc,start       ] GC(704) Pause Young (Allocation Failure)
[18.456s][info ][gc,task        ] GC(704) Using 9 workers of 9 for evacuation
[18.456s][debug][gc,age         ] GC(704) Desired survivor size 8945664 bytes, new threshold 6 (max threshold 6)
[18.456s][trace][gc,age         ] GC(704) Age table with threshold 6 (max threshold 6)
[18.456s][trace][gc,age         ] GC(704) - age   1:        192 bytes,        192 total
[18.456s][info ][gc,heap        ] GC(704) ParNew: 139577K->6K(157376K)
[18.456s][info ][gc,heap        ] GC(704) CMS: 3753K->3753K(349568K)
[18.456s][info ][gc,metaspace   ] GC(704) Metaspace: 16024K(16640K)->16024K(16640K) NonClass: 14283K(14592K)->14283K(14592K) Class: 1740K(2048K)->1740K(2048K)
[18.456s][info ][gc             ] GC(704) Pause Young (Allocation Failure) 139M->3M(495M) 0.381ms
[18.456s][info ][gc,cpu         ] GC(704) User=0.00s Sys=0.00s Real=0.00s
[18.466s][info ][gc,start       ] GC(705) Pause Young (Allocation Failure)
[18.466s][info ][gc,task        ] GC(705) Using 9 workers of 9 for evacuation
[18.466s][debug][gc,age         ] GC(705) Desired survivor size 8945664 bytes, new threshold 6 (max threshold 6)
[18.466s][trace][gc,age         ] GC(705) Age table with threshold 6 (max threshold 6)
[18.466s][trace][gc,age         ] GC(705) - age   1:        192 bytes,        192 total
[18.466s][info ][gc,heap        ] GC(705) ParNew: 139544K->8K(157376K)
[18.466s][info ][gc,heap        ] GC(705) CMS: 3753K->3753K(349568K)
[18.466s][info ][gc,metaspace   ] GC(705) Metaspace: 16024K(16640K)->16024K(16640K) NonClass: 14283K(14592K)->14283K(14592K) Class: 1740K(2048K)->1740K(2048K)
[18.466s][info ][gc             ] GC(705) Pause Young (Allocation Failure) 139M->3M(495M) 0.485ms
[18.466s][info ][gc,cpu         ] GC(705) User=0.00s Sys=0.00s Real=0.00s
[18.476s][info ][gc,start       ] GC(706) Pause Young (Allocation Failure)
[18.476s][info ][gc,task        ] GC(706) Using 9 workers of 9 for evacuation
[18.476s][debug][gc,age         ] GC(706) Desired survivor size 8945664 bytes, new threshold 6 (max threshold 6)
[18.476s][trace][gc,age         ] GC(706) Age table with threshold 6 (max threshold 6)
[18.476s][trace][gc,age         ] GC(706) - age   1:     400208 bytes,     400208 total
[18.476s][info ][gc,heap        ] GC(706) ParNew: 139872K->398K(157376K)
[18.476s][info ][gc,heap        ] GC(706) CMS: 3753K->3753K(349568K)
[18.476s][info ][gc,metaspace   ] GC(706) Metaspace: 16024K(16640K)->16024K(16640K) NonClass: 14283K(14592K)->14283K(14592K) Class: 1740K(2048K)->1740K(2048K)
[18.476s][info ][gc             ] GC(706) Pause Young (Allocation Failure) 140M->4M(495M) 0.323ms
[18.476s][info ][gc,cpu         ] GC(706) User=0.00s Sys=0.00s Real=0.00s
[18.485s][info ][gc,start       ] GC(707) Pause Young (Allocation Failure)
[18.485s][info ][gc,task        ] GC(707) Using 9 workers of 9 for evacuation
[18.486s][debug][gc,age         ] GC(707) Desired survivor size 8945664 bytes, new threshold 6 (max threshold 6)
[18.486s][trace][gc,age         ] GC(707) Age table with threshold 6 (max threshold 6)
[18.486s][trace][gc,age         ] GC(707) - age   1:        192 bytes,        192 total
[18.486s][info ][gc,heap        ] GC(707) ParNew: 140181K->8K(157376K)
[18.486s][info ][gc,heap        ] GC(707) CMS: 3753K->3753K(349568K)
[18.486s][info ][gc,metaspace   ] GC(707) Metaspace: 16024K(16640K)->16024K(16640K) NonClass: 14283K(14592K)->14283K(14592K) Class: 1740K(2048K)->1740K(2048K)
[18.486s][info ][gc             ] GC(707) Pause Young (Allocation Failure) 140M->3M(495M) 0.402ms
[18.486s][info ][gc,cpu         ] GC(707) User=0.00s Sys=0.00s Real=0.00s
[18.495s][info ][gc,start       ] GC(708) Pause Young (Allocation Failure)
[18.495s][info ][gc,task        ] GC(708) Using 9 workers of 9 for evacuation
[18.496s][debug][gc,age         ] GC(708) Desired survivor size 8945664 bytes, new threshold 6 (max threshold 6)
[18.496s][trace][gc,age         ] GC(708) Age table with threshold 6 (max threshold 6)
[18.496s][trace][gc,age         ] GC(708) - age   1:        192 bytes,        192 total
[18.496s][info ][gc,heap        ] GC(708) ParNew: 139624K->8K(157376K)
[18.496s][info ][gc,heap        ] GC(708) CMS: 3753K->3753K(349568K)
[18.496s][info ][gc,metaspace   ] GC(708) Metaspace: 16024K(16640K)->16024K(16640K) NonClass: 14283K(14592K)->14283K(14592K) Class: 1740K(2048K)->1740K(2048K)
[18.496s][info ][gc             ] GC(708) Pause Young (Allocation Failure) 140M->3M(495M) 0.460ms
[18.496s][info ][gc,cpu         ] GC(708) User=0.00s Sys=0.00s Real=0.00s
[18.505s][info ][gc,start       ] GC(709) Pause Young (Allocation Failure)
[18.505s][info ][gc,task        ] GC(709) Using 9 workers of 9 for evacuation
[18.506s][debug][gc,age         ] GC(709) Desired survivor size 8945664 bytes, new threshold 6 (max threshold 6)
[18.506s][trace][gc,age         ] GC(709) Age table with threshold 6 (max threshold 6)
[18.506s][trace][gc,age         ] GC(709) - age   1:     400208 bytes,     400208 total
[18.506s][info ][gc,heap        ] GC(709) ParNew: 139862K->396K(157376K)
[18.506s][info ][gc,heap        ] GC(709) CMS: 3753K->3753K(349568K)
[18.506s][info ][gc,metaspace   ] GC(709) Metaspace: 16024K(16640K)->16024K(16640K) NonClass: 14283K(14592K)->14283K(14592K) Class: 1740K(2048K)->1740K(2048K)
[18.506s][info ][gc             ] GC(709) Pause Young (Allocation Failure) 140M->4M(495M) 0.353ms
[18.506s][info ][gc,cpu         ] GC(709) User=0.00s Sys=0.00s Real=0.00s
[18.515s][info ][gc,start       ] GC(710) Pause Young (Allocation Failure)
[18.515s][info ][gc,task        ] GC(710) Using 9 workers of 9 for evacuation
[18.515s][debug][gc,age         ] GC(710) Desired survivor size 8945664 bytes, new threshold 6 (max threshold 6)
[18.515s][trace][gc,age         ] GC(710) Age table with threshold 6 (max threshold 6)
[18.515s][trace][gc,age         ] GC(710) - age   1:        192 bytes,        192 total
[18.515s][info ][gc,heap        ] GC(710) ParNew: 140263K->6K(157376K)
[18.515s][info ][gc,heap        ] GC(710) CMS: 3753K->3753K(349568K)
[18.515s][info ][gc,metaspace   ] GC(710) Metaspace: 16024K(16640K)->16024K(16640K) NonClass: 14283K(14592K)->14283K(14592K) Class: 1740K(2048K)->1740K(2048K)
[18.515s][info ][gc             ] GC(710) Pause Young (Allocation Failure) 140M->3M(495M) 0.378ms
[18.515s][info ][gc,cpu         ] GC(710) User=0.00s Sys=0.00s Real=0.00s
[18.525s][info ][gc,start       ] GC(711) Pause Young (Allocation Failure)
[18.525s][info ][gc,task        ] GC(711) Using 9 workers of 9 for evacuation
[18.525s][debug][gc,age         ] GC(711) Desired survivor size 8945664 bytes, new threshold 6 (max threshold 6)
[18.525s][trace][gc,age         ] GC(711) Age table with threshold 6 (max threshold 6)
[18.525s][trace][gc,age         ] GC(711) - age   1:     400208 bytes,     400208 total
[18.525s][info ][gc,heap        ] GC(711) ParNew: 139887K->396K(157376K)
[18.525s][info ][gc,heap        ] GC(711) CMS: 3753K->3753K(349568K)
[18.525s][info ][gc,metaspace   ] GC(711) Metaspace: 16024K(16640K)->16024K(16640K) NonClass: 14283K(14592K)->14283K(14592K) Class: 1740K(2048K)->1740K(2048K)
[18.525s][info ][gc             ] GC(711) Pause Young (Allocation Failure) 140M->4M(495M) 0.369ms
[18.525s][info ][gc,cpu         ] GC(711) User=0.00s Sys=0.00s Real=0.00s
[18.535s][info ][gc,start       ] GC(712) Pause Young (Allocation Failure)
[18.535s][info ][gc,task        ] GC(712) Using 9 workers of 9 for evacuation
[18.536s][debug][gc,age         ] GC(712) Desired survivor size 8945664 bytes, new threshold 6 (max threshold 6)
[18.536s][trace][gc,age         ] GC(712) Age table with threshold 6 (max threshold 6)
[18.536s][trace][gc,age         ] GC(712) - age   1:        192 bytes,        192 total
[18.536s][info ][gc,heap        ] GC(712) ParNew: 140277K->6K(157376K)
[18.536s][info ][gc,heap        ] GC(712) CMS: 3753K->3753K(349568K)
[18.536s][info ][gc,metaspace   ] GC(712) Metaspace: 16024K(16640K)->16024K(16640K) NonClass: 14283K(14592K)->14283K(14592K) Class: 1740K(2048K)->1740K(2048K)
[18.536s][info ][gc             ] GC(712) Pause Young (Allocation Failure) 140M->3M(495M) 0.466ms
[18.536s][info ][gc,cpu         ] GC(712) User=0.01s Sys=0.00s Real=0.00s
[18.545s][info ][gc,start       ] GC(713) Pause Young (Allocation Failure)
[18.545s][info ][gc,task        ] GC(713) Using 9 workers of 9 for evacuation
[18.546s][debug][gc,age         ] GC(713) Desired survivor size 8945664 bytes, new threshold 6 (max threshold 6)
[18.546s][trace][gc,age         ] GC(713) Age table with threshold 6 (max threshold 6)
[18.546s][trace][gc,age         ] GC(713) - age   1:     400208 bytes,     400208 total
[18.546s][info ][gc,heap        ] GC(713) ParNew: 139889K->396K(157376K)
[18.546s][info ][gc,heap        ] GC(713) CMS: 3753K->3753K(349568K)
[18.546s][info ][gc,metaspace   ] GC(713) Metaspace: 16024K(16640K)->16024K(16640K) NonClass: 14283K(14592K)->14283K(14592K) Class: 1740K(2048K)->1740K(2048K)
[18.546s][info ][gc             ] GC(713) Pause Young (Allocation Failure) 140M->4M(495M) 0.452ms
[18.546s][info ][gc,cpu         ] GC(713) User=0.00s Sys=0.00s Real=0.00s
[18.555s][info ][gc,start       ] GC(714) Pause Young (Allocation Failure)
[18.555s][info ][gc,task        ] GC(714) Using 9 workers of 9 for evacuation
[18.556s][debug][gc,age         ] GC(714) Desired survivor size 8945664 bytes, new threshold 6 (max threshold 6)
[18.556s][trace][gc,age         ] GC(714) Age table with threshold 6 (max threshold 6)
[18.556s][trace][gc,age         ] GC(714) - age   1:     400208 bytes,     400208 total
[18.556s][info ][gc,heap        ] GC(714) ParNew: 139934K->396K(157376K)
[18.556s][info ][gc,heap        ] GC(714) CMS: 3753K->3753K(349568K)
[18.556s][info ][gc,metaspace   ] GC(714) Metaspace: 16024K(16640K)->16024K(16640K) NonClass: 14283K(14592K)->14283K(14592K) Class: 1740K(2048K)->1740K(2048K)
[18.556s][info ][gc             ] GC(714) Pause Young (Allocation Failure) 140M->4M(495M) 0.409ms
[18.556s][info ][gc,cpu         ] GC(714) User=0.00s Sys=0.00s Real=0.00s
[18.565s][info ][gc,start       ] GC(715) Pause Young (Allocation Failure)
[18.565s][info ][gc,task        ] GC(715) Using 9 workers of 9 for evacuation
[18.566s][debug][gc,age         ] GC(715) Desired survivor size 8945664 bytes, new threshold 6 (max threshold 6)
[18.566s][trace][gc,age         ] GC(715) Age table with threshold 6 (max threshold 6)
[18.566s][trace][gc,age         ] GC(715) - age   1:        192 bytes,        192 total
[18.566s][info ][gc,heap        ] GC(715) ParNew: 140265K->4K(157376K)
[18.566s][info ][gc,heap        ] GC(715) CMS: 3753K->3753K(349568K)
[18.566s][info ][gc,metaspace   ] GC(715) Metaspace: 16024K(16640K)->16024K(16640K) NonClass: 14283K(14592K)->14283K(14592K) Class: 1740K(2048K)->1740K(2048K)
[18.566s][info ][gc             ] GC(715) Pause Young (Allocation Failure) 140M->3M(495M) 0.407ms
[18.566s][info ][gc,cpu         ] GC(715) User=0.00s Sys=0.00s Real=0.00s
[18.575s][info ][gc,start       ] GC(716) Pause Young (Allocation Failure)
[18.575s][info ][gc,task        ] GC(716) Using 9 workers of 9 for evacuation
[18.576s][debug][gc,age         ] GC(716) Desired survivor size 8945664 bytes, new threshold 6 (max threshold 6)
[18.576s][trace][gc,age         ] GC(716) Age table with threshold 6 (max threshold 6)
[18.576s][trace][gc,age         ] GC(716) - age   1:     400208 bytes,     400208 total
[18.576s][info ][gc,heap        ] GC(716) ParNew: 139865K->396K(157376K)
[18.576s][info ][gc,heap        ] GC(716) CMS: 3753K->3753K(349568K)
[18.576s][info ][gc,metaspace   ] GC(716) Metaspace: 16024K(16640K)->16024K(16640K) NonClass: 14283K(14592K)->14283K(14592K) Class: 1740K(2048K)->1740K(2048K)
[18.576s][info ][gc             ] GC(716) Pause Young (Allocation Failure) 140M->4M(495M) 0.427ms
[18.576s][info ][gc,cpu         ] GC(716) User=0.00s Sys=0.00s Real=0.00s
[18.585s][info ][gc,start       ] GC(717) Pause Young (Allocation Failure)
[18.585s][info ][gc,task        ] GC(717) Using 9 workers of 9 for evacuation
[18.585s][debug][gc,age         ] GC(717) Desired survivor size 8945664 bytes, new threshold 6 (max threshold 6)
[18.585s][trace][gc,age         ] GC(717) Age table with threshold 6 (max threshold 6)
[18.585s][trace][gc,age         ] GC(717) - age   1:     400208 bytes,     400208 total
[18.585s][info ][gc,heap        ] GC(717) ParNew: 139920K->396K(157376K)
[18.585s][info ][gc,heap        ] GC(717) CMS: 3753K->3753K(349568K)
[18.585s][info ][gc,metaspace   ] GC(717) Metaspace: 16024K(16640K)->16024K(16640K) NonClass: 14283K(14592K)->14283K(14592K) Class: 1740K(2048K)->1740K(2048K)
[18.585s][info ][gc             ] GC(717) Pause Young (Allocation Failure) 140M->4M(495M) 0.377ms
[18.585s][info ][gc,cpu         ] GC(717) User=0.00s Sys=0.00s Real=0.00s
[18.595s][info ][gc,start       ] GC(718) Pause Young (Allocation Failure)
[18.595s][info ][gc,task        ] GC(718) Using 9 workers of 9 for evacuation
[18.595s][debug][gc,age         ] GC(718) Desired survivor size 8945664 bytes, new threshold 6 (max threshold 6)
[18.595s][trace][gc,age         ] GC(718) Age table with threshold 6 (max threshold 6)
[18.595s][trace][gc,age         ] GC(718) - age   1:        192 bytes,        192 total
[18.595s][info ][gc,heap        ] GC(718) ParNew: 140274K->8K(157376K)
[18.595s][info ][gc,heap        ] GC(718) CMS: 3753K->3753K(349568K)
[18.595s][info ][gc,metaspace   ] GC(718) Metaspace: 16024K(16640K)->16024K(16640K) NonClass: 14283K(14592K)->14283K(14592K) Class: 1740K(2048K)->1740K(2048K)
[18.595s][info ][gc             ] GC(718) Pause Young (Allocation Failure) 140M->3M(495M) 0.437ms
[18.595s][info ][gc,cpu         ] GC(718) User=0.00s Sys=0.00s Real=0.00s
[18.605s][info ][gc,start       ] GC(719) Pause Young (Allocation Failure)
[18.605s][info ][gc,task        ] GC(719) Using 9 workers of 9 for evacuation
[18.605s][debug][gc,age         ] GC(719) Desired survivor size 8945664 bytes, new threshold 6 (max threshold 6)
[18.605s][trace][gc,age         ] GC(719) Age table with threshold 6 (max threshold 6)
[18.605s][trace][gc,age         ] GC(719) - age   1:        192 bytes,        192 total
[18.605s][info ][gc,heap        ] GC(719) ParNew: 139651K->8K(157376K)
[18.605s][info ][gc,heap        ] GC(719) CMS: 3753K->3753K(349568K)
[18.605s][info ][gc,metaspace   ] GC(719) Metaspace: 16024K(16640K)->16024K(16640K) NonClass: 14283K(14592K)->14283K(14592K) Class: 1740K(2048K)->1740K(2048K)
[18.605s][info ][gc             ] GC(719) Pause Young (Allocation Failure) 140M->3M(495M) 0.450ms
[18.605s][info ][gc,cpu         ] GC(719) User=0.00s Sys=0.00s Real=0.00s
[18.615s][info ][gc,start       ] GC(720) Pause Young (Allocation Failure)
[18.615s][info ][gc,task        ] GC(720) Using 9 workers of 9 for evacuation
[18.615s][debug][gc,age         ] GC(720) Desired survivor size 8945664 bytes, new threshold 6 (max threshold 6)
[18.615s][trace][gc,age         ] GC(720) Age table with threshold 6 (max threshold 6)
[18.615s][trace][gc,age         ] GC(720) - age   1:        192 bytes,        192 total
[18.615s][info ][gc,heap        ] GC(720) ParNew: 139561K->4K(157376K)
[18.615s][info ][gc,heap        ] GC(720) CMS: 3753K->3753K(349568K)
[18.615s][info ][gc,metaspace   ] GC(720) Metaspace: 16024K(16640K)->16024K(16640K) NonClass: 14283K(14592K)->14283K(14592K) Class: 1740K(2048K)->1740K(2048K)
[18.615s][info ][gc             ] GC(720) Pause Young (Allocation Failure) 139M->3M(495M) 0.488ms
[18.615s][info ][gc,cpu         ] GC(720) User=0.00s Sys=0.00s Real=0.00s
[18.625s][info ][gc,start       ] GC(721) Pause Young (Allocation Failure)
[18.625s][info ][gc,task        ] GC(721) Using 9 workers of 9 for evacuation
[18.625s][debug][gc,age         ] GC(721) Desired survivor size 8945664 bytes, new threshold 6 (max threshold 6)
[18.625s][trace][gc,age         ] GC(721) Age table with threshold 6 (max threshold 6)
[18.625s][trace][gc,age         ] GC(721) - age   1:     400208 bytes,     400208 total
[18.625s][info ][gc,heap        ] GC(721) ParNew: 139858K->394K(157376K)
[18.625s][info ][gc,heap        ] GC(721) CMS: 3753K->3753K(349568K)
[18.625s][info ][gc,metaspace   ] GC(721) Metaspace: 16024K(16640K)->16024K(16640K) NonClass: 14283K(14592K)->14283K(14592K) Class: 1740K(2048K)->1740K(2048K)
[18.625s][info ][gc             ] GC(721) Pause Young (Allocation Failure) 140M->4M(495M) 0.403ms
[18.625s][info ][gc,cpu         ] GC(721) User=0.01s Sys=0.00s Real=0.00s
[18.635s][info ][gc,start       ] GC(722) Pause Young (Allocation Failure)
[18.635s][info ][gc,task        ] GC(722) Using 9 workers of 9 for evacuation
[18.635s][debug][gc,age         ] GC(722) Desired survivor size 8945664 bytes, new threshold 6 (max threshold 6)
[18.635s][trace][gc,age         ] GC(722) Age table with threshold 6 (max threshold 6)
[18.635s][trace][gc,age         ] GC(722) - age   1:        192 bytes,        192 total
[18.635s][info ][gc,heap        ] GC(722) ParNew: 140187K->6K(157376K)
[18.635s][info ][gc,heap        ] GC(722) CMS: 3753K->3753K(349568K)
[18.635s][info ][gc,metaspace   ] GC(722) Metaspace: 16024K(16640K)->16024K(16640K) NonClass: 14283K(14592K)->14283K(14592K) Class: 1740K(2048K)->1740K(2048K)
[18.635s][info ][gc             ] GC(722) Pause Young (Allocation Failure) 140M->3M(495M) 0.401ms
[18.635s][info ][gc,cpu         ] GC(722) User=0.01s Sys=0.00s Real=0.00s
[18.645s][info ][gc,start       ] GC(723) Pause Young (Allocation Failure)
[18.645s][info ][gc,task        ] GC(723) Using 9 workers of 9 for evacuation
[18.645s][debug][gc,age         ] GC(723) Desired survivor size 8945664 bytes, new threshold 6 (max threshold 6)
[18.645s][trace][gc,age         ] GC(723) Age table with threshold 6 (max threshold 6)
[18.645s][trace][gc,age         ] GC(723) - age   1:     400208 bytes,     400208 total
[18.645s][info ][gc,heap        ] GC(723) ParNew: 139866K->396K(157376K)
[18.645s][info ][gc,heap        ] GC(723) CMS: 3753K->3753K(349568K)
[18.645s][info ][gc,metaspace   ] GC(723) Metaspace: 16024K(16640K)->16024K(16640K) NonClass: 14283K(14592K)->14283K(14592K) Class: 1740K(2048K)->1740K(2048K)
[18.645s][info ][gc             ] GC(723) Pause Young (Allocation Failure) 140M->4M(495M) 0.444ms
[18.645s][info ][gc,cpu         ] GC(723) User=0.00s Sys=0.00s Real=0.00s
[18.655s][info ][gc,start       ] GC(724) Pause Young (Allocation Failure)
[18.655s][info ][gc,task        ] GC(724) Using 9 workers of 9 for evacuation
[18.655s][debug][gc,age         ] GC(724) Desired survivor size 8945664 bytes, new threshold 6 (max threshold 6)
[18.655s][trace][gc,age         ] GC(724) Age table with threshold 6 (max threshold 6)
[18.655s][trace][gc,age         ] GC(724) - age   1:        192 bytes,        192 total
[18.655s][info ][gc,heap        ] GC(724) ParNew: 140267K->8K(157376K)
[18.655s][info ][gc,heap        ] GC(724) CMS: 3753K->3753K(349568K)
[18.655s][info ][gc,metaspace   ] GC(724) Metaspace: 16024K(16640K)->16024K(16640K) NonClass: 14283K(14592K)->14283K(14592K) Class: 1740K(2048K)->1740K(2048K)
[18.655s][info ][gc             ] GC(724) Pause Young (Allocation Failure) 140M->3M(495M) 0.359ms
[18.655s][info ][gc,cpu         ] GC(724) User=0.00s Sys=0.00s Real=0.00s
[18.665s][info ][gc,start       ] GC(725) Pause Young (Allocation Failure)
[18.665s][info ][gc,task        ] GC(725) Using 9 workers of 9 for evacuation
[18.665s][debug][gc,age         ] GC(725) Desired survivor size 8945664 bytes, new threshold 6 (max threshold 6)
[18.665s][trace][gc,age         ] GC(725) Age table with threshold 6 (max threshold 6)
[18.665s][trace][gc,age         ] GC(725) - age   1:     400208 bytes,     400208 total
[18.665s][info ][gc,heap        ] GC(725) ParNew: 139882K->398K(157376K)
[18.665s][info ][gc,heap        ] GC(725) CMS: 3753K->3753K(349568K)
[18.665s][info ][gc,metaspace   ] GC(725) Metaspace: 16024K(16640K)->16024K(16640K) NonClass: 14283K(14592K)->14283K(14592K) Class: 1740K(2048K)->1740K(2048K)
[18.665s][info ][gc             ] GC(725) Pause Young (Allocation Failure) 140M->4M(495M) 0.380ms
[18.665s][info ][gc,cpu         ] GC(725) User=0.00s Sys=0.00s Real=0.00s
[18.675s][info ][gc,start       ] GC(726) Pause Young (Allocation Failure)
[18.675s][info ][gc,task        ] GC(726) Using 9 workers of 9 for evacuation
[18.675s][debug][gc,age         ] GC(726) Desired survivor size 8945664 bytes, new threshold 6 (max threshold 6)
[18.675s][trace][gc,age         ] GC(726) Age table with threshold 6 (max threshold 6)
[18.675s][trace][gc,age         ] GC(726) - age   1:        192 bytes,        192 total
[18.675s][info ][gc,heap        ] GC(726) ParNew: 140282K->8K(157376K)
[18.675s][info ][gc,heap        ] GC(726) CMS: 3753K->3753K(349568K)
[18.675s][info ][gc,metaspace   ] GC(726) Metaspace: 16024K(16640K)->16024K(16640K) NonClass: 14283K(14592K)->14283K(14592K) Class: 1740K(2048K)->1740K(2048K)
[18.675s][info ][gc             ] GC(726) Pause Young (Allocation Failure) 140M->3M(495M) 0.364ms
[18.675s][info ][gc,cpu         ] GC(726) User=0.00s Sys=0.00s Real=0.00s
[18.684s][info ][gc,start       ] GC(727) Pause Young (Allocation Failure)
[18.684s][info ][gc,task        ] GC(727) Using 9 workers of 9 for evacuation
[18.685s][debug][gc,age         ] GC(727) Desired survivor size 8945664 bytes, new threshold 6 (max threshold 6)
[18.685s][trace][gc,age         ] GC(727) Age table with threshold 6 (max threshold 6)
[18.685s][trace][gc,age         ] GC(727) - age   1:     400208 bytes,     400208 total
[18.685s][info ][gc,heap        ] GC(727) ParNew: 139832K->396K(157376K)
[18.685s][info ][gc,heap        ] GC(727) CMS: 3753K->3753K(349568K)
[18.685s][info ][gc,metaspace   ] GC(727) Metaspace: 16024K(16640K)->16024K(16640K) NonClass: 14283K(14592K)->14283K(14592K) Class: 1740K(2048K)->1740K(2048K)
[18.685s][info ][gc             ] GC(727) Pause Young (Allocation Failure) 140M->4M(495M) 0.496ms
[18.685s][info ][gc,cpu         ] GC(727) User=0.00s Sys=0.00s Real=0.00s
[18.694s][info ][gc,start       ] GC(728) Pause Young (Allocation Failure)
[18.694s][info ][gc,task        ] GC(728) Using 9 workers of 9 for evacuation
[18.695s][debug][gc,age         ] GC(728) Desired survivor size 8945664 bytes, new threshold 6 (max threshold 6)
[18.695s][trace][gc,age         ] GC(728) Age table with threshold 6 (max threshold 6)
[18.695s][trace][gc,age         ] GC(728) - age   1:        192 bytes,        192 total
[18.695s][info ][gc,heap        ] GC(728) ParNew: 140245K->8K(157376K)
[18.695s][info ][gc,heap        ] GC(728) CMS: 3753K->3753K(349568K)
[18.695s][info ][gc,metaspace   ] GC(728) Metaspace: 16024K(16640K)->16024K(16640K) NonClass: 14283K(14592K)->14283K(14592K) Class: 1740K(2048K)->1740K(2048K)
[18.695s][info ][gc             ] GC(728) Pause Young (Allocation Failure) 140M->3M(495M) 0.478ms
[18.695s][info ][gc,cpu         ] GC(728) User=0.00s Sys=0.00s Real=0.00s
[18.705s][info ][gc,start       ] GC(729) Pause Young (Allocation Failure)
[18.705s][info ][gc,task        ] GC(729) Using 9 workers of 9 for evacuation
[18.705s][debug][gc,age         ] GC(729) Desired survivor size 8945664 bytes, new threshold 6 (max threshold 6)
[18.705s][trace][gc,age         ] GC(729) Age table with threshold 6 (max threshold 6)
[18.705s][trace][gc,age         ] GC(729) - age   1:        192 bytes,        192 total
[18.705s][info ][gc,heap        ] GC(729) ParNew: 139528K->6K(157376K)
[18.705s][info ][gc,heap        ] GC(729) CMS: 3753K->3753K(349568K)
[18.705s][info ][gc,metaspace   ] GC(729) Metaspace: 16024K(16640K)->16024K(16640K) NonClass: 14283K(14592K)->14283K(14592K) Class: 1740K(2048K)->1740K(2048K)
[18.705s][info ][gc             ] GC(729) Pause Young (Allocation Failure) 139M->3M(495M) 0.431ms
[18.705s][info ][gc,cpu         ] GC(729) User=0.01s Sys=0.00s Real=0.00s
[18.715s][info ][gc,start       ] GC(730) Pause Young (Allocation Failure)
[18.715s][info ][gc,task        ] GC(730) Using 9 workers of 9 for evacuation
[18.715s][debug][gc,age         ] GC(730) Desired survivor size 8945664 bytes, new threshold 6 (max threshold 6)
[18.715s][trace][gc,age         ] GC(730) Age table with threshold 6 (max threshold 6)
[18.715s][trace][gc,age         ] GC(730) - age   1:     400208 bytes,     400208 total
[18.715s][info ][gc,heap        ] GC(730) ParNew: 139527K->396K(157376K)
[18.715s][info ][gc,heap        ] GC(730) CMS: 3753K->3753K(349568K)
[18.715s][info ][gc,metaspace   ] GC(730) Metaspace: 16024K(16640K)->16024K(16640K) NonClass: 14283K(14592K)->14283K(14592K) Class: 1740K(2048K)->1740K(2048K)
[18.715s][info ][gc             ] GC(730) Pause Young (Allocation Failure) 139M->4M(495M) 0.460ms
[18.715s][info ][gc,cpu         ] GC(730) User=0.01s Sys=0.00s Real=0.00s
[18.725s][info ][gc,start       ] GC(731) Pause Young (Allocation Failure)
[18.725s][info ][gc,task        ] GC(731) Using 9 workers of 9 for evacuation
[18.725s][debug][gc,age         ] GC(731) Desired survivor size 8945664 bytes, new threshold 6 (max threshold 6)
[18.725s][trace][gc,age         ] GC(731) Age table with threshold 6 (max threshold 6)
[18.725s][trace][gc,age         ] GC(731) - age   1:     400208 bytes,     400208 total
[18.725s][info ][gc,heap        ] GC(731) ParNew: 140017K->398K(157376K)
[18.725s][info ][gc,heap        ] GC(731) CMS: 3753K->3753K(349568K)
[18.725s][info ][gc,metaspace   ] GC(731) Metaspace: 16024K(16640K)->16024K(16640K) NonClass: 14283K(14592K)->14283K(14592K) Class: 1740K(2048K)->1740K(2048K)
[18.725s][info ][gc             ] GC(731) Pause Young (Allocation Failure) 140M->4M(495M) 0.348ms
[18.725s][info ][gc,cpu         ] GC(731) User=0.00s Sys=0.00s Real=0.00s
[18.735s][info ][gc,start       ] GC(732) Pause Young (Allocation Failure)
[18.735s][info ][gc,task        ] GC(732) Using 9 workers of 9 for evacuation
[18.735s][debug][gc,age         ] GC(732) Desired survivor size 8945664 bytes, new threshold 6 (max threshold 6)
[18.735s][trace][gc,age         ] GC(732) Age table with threshold 6 (max threshold 6)
[18.735s][trace][gc,age         ] GC(732) - age   1:     400208 bytes,     400208 total
[18.735s][info ][gc,heap        ] GC(732) ParNew: 140152K->398K(157376K)
[18.735s][info ][gc,heap        ] GC(732) CMS: 3753K->3753K(349568K)
[18.735s][info ][gc,metaspace   ] GC(732) Metaspace: 16024K(16640K)->16024K(16640K) NonClass: 14283K(14592K)->14283K(14592K) Class: 1740K(2048K)->1740K(2048K)
[18.735s][info ][gc             ] GC(732) Pause Young (Allocation Failure) 140M->4M(495M) 0.365ms
[18.735s][info ][gc,cpu         ] GC(732) User=0.00s Sys=0.00s Real=0.00s
[18.745s][info ][gc,start       ] GC(733) Pause Young (Allocation Failure)
[18.745s][info ][gc,task        ] GC(733) Using 9 workers of 9 for evacuation
[18.745s][debug][gc,age         ] GC(733) Desired survivor size 8945664 bytes, new threshold 6 (max threshold 6)
[18.745s][trace][gc,age         ] GC(733) Age table with threshold 6 (max threshold 6)
[18.745s][trace][gc,age         ] GC(733) - age   1:        192 bytes,        192 total
[18.745s][info ][gc,heap        ] GC(733) ParNew: 140219K->4K(157376K)
[18.745s][info ][gc,heap        ] GC(733) CMS: 3753K->3753K(349568K)
[18.745s][info ][gc,metaspace   ] GC(733) Metaspace: 16024K(16640K)->16024K(16640K) NonClass: 14283K(14592K)->14283K(14592K) Class: 1740K(2048K)->1740K(2048K)
[18.745s][info ][gc             ] GC(733) Pause Young (Allocation Failure) 140M->3M(495M) 0.395ms
[18.745s][info ][gc,cpu         ] GC(733) User=0.00s Sys=0.00s Real=0.00s
[18.755s][info ][gc,start       ] GC(734) Pause Young (Allocation Failure)
[18.755s][info ][gc,task        ] GC(734) Using 9 workers of 9 for evacuation
[18.755s][debug][gc,age         ] GC(734) Desired survivor size 8945664 bytes, new threshold 6 (max threshold 6)
[18.755s][trace][gc,age         ] GC(734) Age table with threshold 6 (max threshold 6)
[18.755s][trace][gc,age         ] GC(734) - age   1:     400208 bytes,     400208 total
[18.755s][info ][gc,heap        ] GC(734) ParNew: 139887K->396K(157376K)
[18.755s][info ][gc,heap        ] GC(734) CMS: 3753K->3753K(349568K)
[18.755s][info ][gc,metaspace   ] GC(734) Metaspace: 16024K(16640K)->16024K(16640K) NonClass: 14283K(14592K)->14283K(14592K) Class: 1740K(2048K)->1740K(2048K)
[18.755s][info ][gc             ] GC(734) Pause Young (Allocation Failure) 140M->4M(495M) 0.473ms
[18.755s][info ][gc,cpu         ] GC(734) User=0.00s Sys=0.00s Real=0.00s
[18.765s][info ][gc,start       ] GC(735) Pause Young (Allocation Failure)
[18.765s][info ][gc,task        ] GC(735) Using 9 workers of 9 for evacuation
[18.765s][debug][gc,age         ] GC(735) Desired survivor size 8945664 bytes, new threshold 6 (max threshold 6)
[18.765s][trace][gc,age         ] GC(735) Age table with threshold 6 (max threshold 6)
[18.765s][trace][gc,age         ] GC(735) - age   1:        192 bytes,        192 total
[18.765s][info ][gc,heap        ] GC(735) ParNew: 140282K->6K(157376K)
[18.765s][info ][gc,heap        ] GC(735) CMS: 3753K->3753K(349568K)
[18.765s][info ][gc,metaspace   ] GC(735) Metaspace: 16024K(16640K)->16024K(16640K) NonClass: 14283K(14592K)->14283K(14592K) Class: 1740K(2048K)->1740K(2048K)
[18.765s][info ][gc             ] GC(735) Pause Young (Allocation Failure) 140M->3M(495M) 0.402ms
[18.765s][info ][gc,cpu         ] GC(735) User=0.00s Sys=0.00s Real=0.00s
[18.775s][info ][gc,start       ] GC(736) Pause Young (Allocation Failure)
[18.775s][info ][gc,task        ] GC(736) Using 9 workers of 9 for evacuation
[18.775s][debug][gc,age         ] GC(736) Desired survivor size 8945664 bytes, new threshold 6 (max threshold 6)
[18.775s][trace][gc,age         ] GC(736) Age table with threshold 6 (max threshold 6)
[18.775s][trace][gc,age         ] GC(736) - age   1:     400208 bytes,     400208 total
[18.775s][info ][gc,heap        ] GC(736) ParNew: 139890K->396K(157376K)
[18.775s][info ][gc,heap        ] GC(736) CMS: 3753K->3753K(349568K)
[18.775s][info ][gc,metaspace   ] GC(736) Metaspace: 16024K(16640K)->16024K(16640K) NonClass: 14283K(14592K)->14283K(14592K) Class: 1740K(2048K)->1740K(2048K)
[18.775s][info ][gc             ] GC(736) Pause Young (Allocation Failure) 140M->4M(495M) 0.411ms
[18.775s][info ][gc,cpu         ] GC(736) User=0.00s Sys=0.00s Real=0.00s
[18.785s][info ][gc,start       ] GC(737) Pause Young (Allocation Failure)
[18.785s][info ][gc,task        ] GC(737) Using 9 workers of 9 for evacuation
[18.785s][debug][gc,age         ] GC(737) Desired survivor size 8945664 bytes, new threshold 6 (max threshold 6)
[18.785s][trace][gc,age         ] GC(737) Age table with threshold 6 (max threshold 6)
[18.785s][trace][gc,age         ] GC(737) - age   1:        192 bytes,        192 total
[18.785s][info ][gc,heap        ] GC(737) ParNew: 140279K->6K(157376K)
[18.785s][info ][gc,heap        ] GC(737) CMS: 3753K->3753K(349568K)
[18.785s][info ][gc,metaspace   ] GC(737) Metaspace: 16024K(16640K)->16024K(16640K) NonClass: 14283K(14592K)->14283K(14592K) Class: 1740K(2048K)->1740K(2048K)
[18.785s][info ][gc             ] GC(737) Pause Young (Allocation Failure) 140M->3M(495M) 0.411ms
[18.785s][info ][gc,cpu         ] GC(737) User=0.00s Sys=0.00s Real=0.00s
[18.794s][info ][gc,start       ] GC(738) Pause Young (Allocation Failure)
[18.795s][info ][gc,task        ] GC(738) Using 9 workers of 9 for evacuation
[18.795s][debug][gc,age         ] GC(738) Desired survivor size 8945664 bytes, new threshold 6 (max threshold 6)
[18.795s][trace][gc,age         ] GC(738) Age table with threshold 6 (max threshold 6)
[18.795s][trace][gc,age         ] GC(738) - age   1:     400208 bytes,     400208 total
[18.795s][info ][gc,heap        ] GC(738) ParNew: 139862K->396K(157376K)
[18.795s][info ][gc,heap        ] GC(738) CMS: 3753K->3753K(349568K)
[18.795s][info ][gc,metaspace   ] GC(738) Metaspace: 16024K(16640K)->16024K(16640K) NonClass: 14283K(14592K)->14283K(14592K) Class: 1740K(2048K)->1740K(2048K)
[18.795s][info ][gc             ] GC(738) Pause Young (Allocation Failure) 140M->4M(495M) 0.425ms
[18.795s][info ][gc,cpu         ] GC(738) User=0.00s Sys=0.00s Real=0.00s
[18.804s][info ][gc,start       ] GC(739) Pause Young (Allocation Failure)
[18.804s][info ][gc,task        ] GC(739) Using 9 workers of 9 for evacuation
[18.805s][debug][gc,age         ] GC(739) Desired survivor size 8945664 bytes, new threshold 6 (max threshold 6)
[18.805s][trace][gc,age         ] GC(739) Age table with threshold 6 (max threshold 6)
[18.805s][trace][gc,age         ] GC(739) - age   1:        192 bytes,        192 total
[18.805s][info ][gc,heap        ] GC(739) ParNew: 140271K->8K(157376K)
[18.805s][info ][gc,heap        ] GC(739) CMS: 3753K->3753K(349568K)
[18.805s][info ][gc,metaspace   ] GC(739) Metaspace: 16024K(16640K)->16024K(16640K) NonClass: 14283K(14592K)->14283K(14592K) Class: 1740K(2048K)->1740K(2048K)
[18.805s][info ][gc             ] GC(739) Pause Young (Allocation Failure) 140M->3M(495M) 0.427ms
[18.805s][info ][gc,cpu         ] GC(739) User=0.01s Sys=0.00s Real=0.00s
[18.814s][info ][gc,start       ] GC(740) Pause Young (Allocation Failure)
[18.814s][info ][gc,task        ] GC(740) Using 9 workers of 9 for evacuation
[18.815s][debug][gc,age         ] GC(740) Desired survivor size 8945664 bytes, new threshold 6 (max threshold 6)
[18.815s][trace][gc,age         ] GC(740) Age table with threshold 6 (max threshold 6)
[18.815s][trace][gc,age         ] GC(740) - age   1:     400208 bytes,     400208 total
[18.815s][info ][gc,heap        ] GC(740) ParNew: 139864K->398K(157376K)
[18.815s][info ][gc,heap        ] GC(740) CMS: 3753K->3753K(349568K)
[18.815s][info ][gc,metaspace   ] GC(740) Metaspace: 16024K(16640K)->16024K(16640K) NonClass: 14283K(14592K)->14283K(14592K) Class: 1740K(2048K)->1740K(2048K)
[18.815s][info ][gc             ] GC(740) Pause Young (Allocation Failure) 140M->4M(495M) 0.441ms
[18.815s][info ][gc,cpu         ] GC(740) User=0.01s Sys=0.00s Real=0.00s
[18.824s][info ][gc,start       ] GC(741) Pause Young (Allocation Failure)
[18.824s][info ][gc,task        ] GC(741) Using 9 workers of 9 for evacuation
[18.825s][debug][gc,age         ] GC(741) Desired survivor size 8945664 bytes, new threshold 6 (max threshold 6)
[18.825s][trace][gc,age         ] GC(741) Age table with threshold 6 (max threshold 6)
[18.825s][trace][gc,age         ] GC(741) - age   1:     400208 bytes,     400208 total
[18.825s][info ][gc,heap        ] GC(741) ParNew: 139949K->394K(157376K)
[18.825s][info ][gc,heap        ] GC(741) CMS: 3753K->3753K(349568K)
[18.825s][info ][gc,metaspace   ] GC(741) Metaspace: 16024K(16640K)->16024K(16640K) NonClass: 14283K(14592K)->14283K(14592K) Class: 1740K(2048K)->1740K(2048K)
[18.825s][info ][gc             ] GC(741) Pause Young (Allocation Failure) 140M->4M(495M) 0.361ms
[18.825s][info ][gc,cpu         ] GC(741) User=0.00s Sys=0.00s Real=0.00s
[18.834s][info ][gc,start       ] GC(742) Pause Young (Allocation Failure)
[18.834s][info ][gc,task        ] GC(742) Using 9 workers of 9 for evacuation
[18.835s][debug][gc,age         ] GC(742) Desired survivor size 8945664 bytes, new threshold 6 (max threshold 6)
[18.835s][trace][gc,age         ] GC(742) Age table with threshold 6 (max threshold 6)
[18.835s][trace][gc,age         ] GC(742) - age   1:        192 bytes,        192 total
[18.835s][info ][gc,heap        ] GC(742) ParNew: 140255K->4K(157376K)
[18.835s][info ][gc,heap        ] GC(742) CMS: 3753K->3753K(349568K)
[18.835s][info ][gc,metaspace   ] GC(742) Metaspace: 16024K(16640K)->16024K(16640K) NonClass: 14283K(14592K)->14283K(14592K) Class: 1740K(2048K)->1740K(2048K)
[18.835s][info ][gc             ] GC(742) Pause Young (Allocation Failure) 140M->3M(495M) 0.478ms
[18.835s][info ][gc,cpu         ] GC(742) User=0.00s Sys=0.00s Real=0.00s
[18.844s][info ][gc,start       ] GC(743) Pause Young (Allocation Failure)
[18.844s][info ][gc,task        ] GC(743) Using 9 workers of 9 for evacuation
[18.844s][debug][gc,age         ] GC(743) Desired survivor size 8945664 bytes, new threshold 6 (max threshold 6)
[18.844s][trace][gc,age         ] GC(743) Age table with threshold 6 (max threshold 6)
[18.845s][trace][gc,age         ] GC(743) - age   1:     400208 bytes,     400208 total
[18.845s][info ][gc,heap        ] GC(743) ParNew: 139897K->396K(157376K)
[18.845s][info ][gc,heap        ] GC(743) CMS: 3753K->3753K(349568K)
[18.845s][info ][gc,metaspace   ] GC(743) Metaspace: 16024K(16640K)->16024K(16640K) NonClass: 14283K(14592K)->14283K(14592K) Class: 1740K(2048K)->1740K(2048K)
[18.845s][info ][gc             ] GC(743) Pause Young (Allocation Failure) 140M->4M(495M) 0.329ms
[18.845s][info ][gc,cpu         ] GC(743) User=0.00s Sys=0.00s Real=0.00s
[18.854s][info ][gc,start       ] GC(744) Pause Young (Allocation Failure)
[18.854s][info ][gc,task        ] GC(744) Using 9 workers of 9 for evacuation
[18.854s][debug][gc,age         ] GC(744) Desired survivor size 8945664 bytes, new threshold 6 (max threshold 6)
[18.854s][trace][gc,age         ] GC(744) Age table with threshold 6 (max threshold 6)
[18.854s][trace][gc,age         ] GC(744) - age   1:     400208 bytes,     400208 total
[18.854s][info ][gc,heap        ] GC(744) ParNew: 139936K->398K(157376K)
[18.854s][info ][gc,heap        ] GC(744) CMS: 3753K->3753K(349568K)
[18.854s][info ][gc,metaspace   ] GC(744) Metaspace: 16024K(16640K)->16024K(16640K) NonClass: 14283K(14592K)->14283K(14592K) Class: 1740K(2048K)->1740K(2048K)
[18.854s][info ][gc             ] GC(744) Pause Young (Allocation Failure) 140M->4M(495M) 0.433ms
[18.854s][info ][gc,cpu         ] GC(744) User=0.00s Sys=0.00s Real=0.00s
[18.864s][info ][gc,start       ] GC(745) Pause Young (Allocation Failure)
[18.864s][info ][gc,task        ] GC(745) Using 9 workers of 9 for evacuation
[18.864s][debug][gc,age         ] GC(745) Desired survivor size 8945664 bytes, new threshold 6 (max threshold 6)
[18.864s][trace][gc,age         ] GC(745) Age table with threshold 6 (max threshold 6)
[18.864s][trace][gc,age         ] GC(745) - age   1:     400208 bytes,     400208 total
[18.864s][info ][gc,heap        ] GC(745) ParNew: 140072K->398K(157376K)
[18.864s][info ][gc,heap        ] GC(745) CMS: 3753K->3753K(349568K)
[18.864s][info ][gc,metaspace   ] GC(745) Metaspace: 16024K(16640K)->16024K(16640K) NonClass: 14283K(14592K)->14283K(14592K) Class: 1740K(2048K)->1740K(2048K)
[18.864s][info ][gc             ] GC(745) Pause Young (Allocation Failure) 140M->4M(495M) 0.480ms
[18.864s][info ][gc,cpu         ] GC(745) User=0.00s Sys=0.00s Real=0.00s
[18.874s][info ][gc,start       ] GC(746) Pause Young (Allocation Failure)
[18.874s][info ][gc,task        ] GC(746) Using 9 workers of 9 for evacuation
[18.874s][debug][gc,age         ] GC(746) Desired survivor size 8945664 bytes, new threshold 6 (max threshold 6)
[18.874s][trace][gc,age         ] GC(746) Age table with threshold 6 (max threshold 6)
[18.874s][trace][gc,age         ] GC(746) - age   1:     400208 bytes,     400208 total
[18.874s][info ][gc,heap        ] GC(746) ParNew: 139921K->394K(157376K)
[18.874s][info ][gc,heap        ] GC(746) CMS: 3753K->3753K(349568K)
[18.874s][info ][gc,metaspace   ] GC(746) Metaspace: 16024K(16640K)->16024K(16640K) NonClass: 14283K(14592K)->14283K(14592K) Class: 1740K(2048K)->1740K(2048K)
[18.874s][info ][gc             ] GC(746) Pause Young (Allocation Failure) 140M->4M(495M) 0.420ms
[18.874s][info ][gc,cpu         ] GC(746) User=0.00s Sys=0.00s Real=0.00s
[18.884s][info ][gc,start       ] GC(747) Pause Young (Allocation Failure)
[18.884s][info ][gc,task        ] GC(747) Using 9 workers of 9 for evacuation
[18.884s][debug][gc,age         ] GC(747) Desired survivor size 8945664 bytes, new threshold 6 (max threshold 6)
[18.884s][trace][gc,age         ] GC(747) Age table with threshold 6 (max threshold 6)
[18.884s][trace][gc,age         ] GC(747) - age   1:        192 bytes,        192 total
[18.884s][info ][gc,heap        ] GC(747) ParNew: 140179K->4K(157376K)
[18.884s][info ][gc,heap        ] GC(747) CMS: 3753K->3753K(349568K)
[18.884s][info ][gc,metaspace   ] GC(747) Metaspace: 16024K(16640K)->16024K(16640K) NonClass: 14283K(14592K)->14283K(14592K) Class: 1740K(2048K)->1740K(2048K)
[18.884s][info ][gc             ] GC(747) Pause Young (Allocation Failure) 140M->3M(495M) 0.398ms
[18.884s][info ][gc,cpu         ] GC(747) User=0.00s Sys=0.00s Real=0.00s
[18.894s][info ][gc,start       ] GC(748) Pause Young (Allocation Failure)
[18.894s][info ][gc,task        ] GC(748) Using 9 workers of 9 for evacuation
[18.894s][debug][gc,age         ] GC(748) Desired survivor size 8945664 bytes, new threshold 6 (max threshold 6)
[18.894s][trace][gc,age         ] GC(748) Age table with threshold 6 (max threshold 6)
[18.894s][trace][gc,age         ] GC(748) - age   1:     400208 bytes,     400208 total
[18.894s][info ][gc,heap        ] GC(748) ParNew: 139876K->396K(157376K)
[18.894s][info ][gc,heap        ] GC(748) CMS: 3753K->3753K(349568K)
[18.894s][info ][gc,metaspace   ] GC(748) Metaspace: 16024K(16640K)->16024K(16640K) NonClass: 14283K(14592K)->14283K(14592K) Class: 1740K(2048K)->1740K(2048K)
[18.894s][info ][gc             ] GC(748) Pause Young (Allocation Failure) 140M->4M(495M) 0.345ms
[18.894s][info ][gc,cpu         ] GC(748) User=0.00s Sys=0.00s Real=0.00s
[18.904s][info ][gc,start       ] GC(749) Pause Young (Allocation Failure)
[18.904s][info ][gc,task        ] GC(749) Using 9 workers of 9 for evacuation
[18.904s][debug][gc,age         ] GC(749) Desired survivor size 8945664 bytes, new threshold 6 (max threshold 6)
[18.904s][trace][gc,age         ] GC(749) Age table with threshold 6 (max threshold 6)
[18.904s][trace][gc,age         ] GC(749) - age   1:        192 bytes,        192 total
[18.904s][info ][gc,heap        ] GC(749) ParNew: 140273K->6K(157376K)
[18.904s][info ][gc,heap        ] GC(749) CMS: 3753K->3753K(349568K)
[18.904s][info ][gc,metaspace   ] GC(749) Metaspace: 16024K(16640K)->16024K(16640K) NonClass: 14283K(14592K)->14283K(14592K) Class: 1740K(2048K)->1740K(2048K)
[18.904s][info ][gc             ] GC(749) Pause Young (Allocation Failure) 140M->3M(495M) 0.357ms
[18.904s][info ][gc,cpu         ] GC(749) User=0.01s Sys=0.00s Real=0.00s
[18.913s][info ][gc,start       ] GC(750) Pause Young (Allocation Failure)
[18.914s][info ][gc,task        ] GC(750) Using 9 workers of 9 for evacuation
[18.914s][debug][gc,age         ] GC(750) Desired survivor size 8945664 bytes, new threshold 6 (max threshold 6)
[18.914s][trace][gc,age         ] GC(750) Age table with threshold 6 (max threshold 6)
[18.914s][trace][gc,age         ] GC(750) - age   1:     400208 bytes,     400208 total
[18.914s][info ][gc,heap        ] GC(750) ParNew: 139884K->394K(157376K)
[18.914s][info ][gc,heap        ] GC(750) CMS: 3753K->3753K(349568K)
[18.914s][info ][gc,metaspace   ] GC(750) Metaspace: 16024K(16640K)->16024K(16640K) NonClass: 14283K(14592K)->14283K(14592K) Class: 1740K(2048K)->1740K(2048K)
[18.914s][info ][gc             ] GC(750) Pause Young (Allocation Failure) 140M->4M(495M) 0.468ms
[18.914s][info ][gc,cpu         ] GC(750) User=0.01s Sys=0.00s Real=0.00s
[18.923s][info ][gc,start       ] GC(751) Pause Young (Allocation Failure)
[18.924s][info ][gc,task        ] GC(751) Using 9 workers of 9 for evacuation
[18.924s][debug][gc,age         ] GC(751) Desired survivor size 8945664 bytes, new threshold 6 (max threshold 6)
[18.924s][trace][gc,age         ] GC(751) Age table with threshold 6 (max threshold 6)
[18.924s][trace][gc,age         ] GC(751) - age   1:        192 bytes,        192 total
[18.924s][info ][gc,heap        ] GC(751) ParNew: 140288K->6K(157376K)
[18.924s][info ][gc,heap        ] GC(751) CMS: 3753K->3753K(349568K)
[18.924s][info ][gc,metaspace   ] GC(751) Metaspace: 16024K(16640K)->16024K(16640K) NonClass: 14283K(14592K)->14283K(14592K) Class: 1740K(2048K)->1740K(2048K)
[18.924s][info ][gc             ] GC(751) Pause Young (Allocation Failure) 140M->3M(495M) 0.407ms
[18.924s][info ][gc,cpu         ] GC(751) User=0.00s Sys=0.00s Real=0.00s
[18.933s][info ][gc,start       ] GC(752) Pause Young (Allocation Failure)
[18.933s][info ][gc,task        ] GC(752) Using 9 workers of 9 for evacuation
[18.934s][debug][gc,age         ] GC(752) Desired survivor size 8945664 bytes, new threshold 6 (max threshold 6)
[18.934s][trace][gc,age         ] GC(752) Age table with threshold 6 (max threshold 6)
[18.934s][trace][gc,age         ] GC(752) - age   1:     400208 bytes,     400208 total
[18.934s][info ][gc,heap        ] GC(752) ParNew: 139837K->398K(157376K)
[18.934s][info ][gc,heap        ] GC(752) CMS: 3753K->3753K(349568K)
[18.934s][info ][gc,metaspace   ] GC(752) Metaspace: 16024K(16640K)->16024K(16640K) NonClass: 14283K(14592K)->14283K(14592K) Class: 1740K(2048K)->1740K(2048K)
[18.934s][info ][gc             ] GC(752) Pause Young (Allocation Failure) 140M->4M(495M) 0.495ms
[18.934s][info ][gc,cpu         ] GC(752) User=0.00s Sys=0.00s Real=0.00s
[18.943s][info ][gc,start       ] GC(753) Pause Young (Allocation Failure)
[18.943s][info ][gc,task        ] GC(753) Using 9 workers of 9 for evacuation
[18.944s][debug][gc,age         ] GC(753) Desired survivor size 8945664 bytes, new threshold 6 (max threshold 6)
[18.944s][trace][gc,age         ] GC(753) Age table with threshold 6 (max threshold 6)
[18.944s][trace][gc,age         ] GC(753) - age   1:        192 bytes,        192 total
[18.944s][info ][gc,heap        ] GC(753) ParNew: 140292K->6K(157376K)
[18.944s][info ][gc,heap        ] GC(753) CMS: 3753K->3753K(349568K)
[18.944s][info ][gc,metaspace   ] GC(753) Metaspace: 16024K(16640K)->16024K(16640K) NonClass: 14283K(14592K)->14283K(14592K) Class: 1740K(2048K)->1740K(2048K)
[18.944s][info ][gc             ] GC(753) Pause Young (Allocation Failure) 140M->3M(495M) 0.544ms
[18.944s][info ][gc,cpu         ] GC(753) User=0.00s Sys=0.00s Real=0.00s
[18.953s][info ][gc,start       ] GC(754) Pause Young (Allocation Failure)
[18.953s][info ][gc,task        ] GC(754) Using 9 workers of 9 for evacuation
[18.954s][debug][gc,age         ] GC(754) Desired survivor size 8945664 bytes, new threshold 6 (max threshold 6)
[18.954s][trace][gc,age         ] GC(754) Age table with threshold 6 (max threshold 6)
[18.954s][trace][gc,age         ] GC(754) - age   1:     400208 bytes,     400208 total
[18.954s][info ][gc,heap        ] GC(754) ParNew: 139626K->396K(157376K)
[18.954s][info ][gc,heap        ] GC(754) CMS: 3753K->3753K(349568K)
[18.954s][info ][gc,metaspace   ] GC(754) Metaspace: 16024K(16640K)->16024K(16640K) NonClass: 14283K(14592K)->14283K(14592K) Class: 1740K(2048K)->1740K(2048K)
[18.954s][info ][gc             ] GC(754) Pause Young (Allocation Failure) 140M->4M(495M) 0.383ms
[18.954s][info ][gc,cpu         ] GC(754) User=0.00s Sys=0.00s Real=0.00s
[18.963s][info ][gc,start       ] GC(755) Pause Young (Allocation Failure)
[18.963s][info ][gc,task        ] GC(755) Using 9 workers of 9 for evacuation
[18.964s][debug][gc,age         ] GC(755) Desired survivor size 8945664 bytes, new threshold 6 (max threshold 6)
[18.964s][trace][gc,age         ] GC(755) Age table with threshold 6 (max threshold 6)
[18.964s][trace][gc,age         ] GC(755) - age   1:        192 bytes,        192 total
[18.964s][info ][gc,heap        ] GC(755) ParNew: 140260K->6K(157376K)
[18.964s][info ][gc,heap        ] GC(755) CMS: 3753K->3753K(349568K)
[18.964s][info ][gc,metaspace   ] GC(755) Metaspace: 16024K(16640K)->16024K(16640K) NonClass: 14283K(14592K)->14283K(14592K) Class: 1740K(2048K)->1740K(2048K)
[18.964s][info ][gc             ] GC(755) Pause Young (Allocation Failure) 140M->3M(495M) 0.448ms
[18.964s][info ][gc,cpu         ] GC(755) User=0.00s Sys=0.00s Real=0.00s
[18.973s][info ][gc,start       ] GC(756) Pause Young (Allocation Failure)
[18.973s][info ][gc,task        ] GC(756) Using 9 workers of 9 for evacuation
[18.973s][debug][gc,age         ] GC(756) Desired survivor size 8945664 bytes, new threshold 6 (max threshold 6)
[18.973s][trace][gc,age         ] GC(756) Age table with threshold 6 (max threshold 6)
[18.973s][trace][gc,age         ] GC(756) - age   1:     400208 bytes,     400208 total
[18.973s][info ][gc,heap        ] GC(756) ParNew: 139818K->396K(157376K)
[18.973s][info ][gc,heap        ] GC(756) CMS: 3753K->3753K(349568K)
[18.973s][info ][gc,metaspace   ] GC(756) Metaspace: 16024K(16640K)->16024K(16640K) NonClass: 14283K(14592K)->14283K(14592K) Class: 1740K(2048K)->1740K(2048K)
[18.973s][info ][gc             ] GC(756) Pause Young (Allocation Failure) 140M->4M(495M) 0.368ms
[18.973s][info ][gc,cpu         ] GC(756) User=0.00s Sys=0.00s Real=0.00s
[18.983s][info ][gc,start       ] GC(757) Pause Young (Allocation Failure)
[18.983s][info ][gc,task        ] GC(757) Using 9 workers of 9 for evacuation
[18.984s][debug][gc,age         ] GC(757) Desired survivor size 8945664 bytes, new threshold 6 (max threshold 6)
[18.984s][trace][gc,age         ] GC(757) Age table with threshold 6 (max threshold 6)
[18.984s][trace][gc,age         ] GC(757) - age   1:        192 bytes,        192 total
[18.984s][info ][gc,heap        ] GC(757) ParNew: 140234K->6K(157376K)
[18.984s][info ][gc,heap        ] GC(757) CMS: 3753K->3753K(349568K)
[18.984s][info ][gc,metaspace   ] GC(757) Metaspace: 16024K(16640K)->16024K(16640K) NonClass: 14283K(14592K)->14283K(14592K) Class: 1740K(2048K)->1740K(2048K)
[18.984s][info ][gc             ] GC(757) Pause Young (Allocation Failure) 140M->3M(495M) 0.385ms
[18.984s][info ][gc,cpu         ] GC(757) User=0.01s Sys=0.00s Real=0.00s
[18.993s][info ][gc,start       ] GC(758) Pause Young (Allocation Failure)
[18.993s][info ][gc,task        ] GC(758) Using 9 workers of 9 for evacuation
[18.994s][debug][gc,age         ] GC(758) Desired survivor size 8945664 bytes, new threshold 6 (max threshold 6)
[18.994s][trace][gc,age         ] GC(758) Age table with threshold 6 (max threshold 6)
[18.994s][trace][gc,age         ] GC(758) - age   1:     400208 bytes,     400208 total
[18.994s][info ][gc,heap        ] GC(758) ParNew: 139889K->394K(157376K)
[18.994s][info ][gc,heap        ] GC(758) CMS: 3753K->3753K(349568K)
[18.994s][info ][gc,metaspace   ] GC(758) Metaspace: 16024K(16640K)->16024K(16640K) NonClass: 14283K(14592K)->14283K(14592K) Class: 1740K(2048K)->1740K(2048K)
[18.994s][info ][gc             ] GC(758) Pause Young (Allocation Failure) 140M->4M(495M) 0.477ms
[18.994s][info ][gc,cpu         ] GC(758) User=0.00s Sys=0.00s Real=0.00s
[19.003s][info ][gc,start       ] GC(759) Pause Young (Allocation Failure)
[19.003s][info ][gc,task        ] GC(759) Using 9 workers of 9 for evacuation
[19.004s][debug][gc,age         ] GC(759) Desired survivor size 8945664 bytes, new threshold 6 (max threshold 6)
[19.004s][trace][gc,age         ] GC(759) Age table with threshold 6 (max threshold 6)
[19.004s][trace][gc,age         ] GC(759) - age   1:        192 bytes,        192 total
[19.004s][info ][gc,heap        ] GC(759) ParNew: 140254K->6K(157376K)
[19.004s][info ][gc,heap        ] GC(759) CMS: 3753K->3753K(349568K)
[19.004s][info ][gc,metaspace   ] GC(759) Metaspace: 16024K(16640K)->16024K(16640K) NonClass: 14283K(14592K)->14283K(14592K) Class: 1740K(2048K)->1740K(2048K)
[19.004s][info ][gc             ] GC(759) Pause Young (Allocation Failure) 140M->3M(495M) 0.336ms
[19.004s][info ][gc,cpu         ] GC(759) User=0.00s Sys=0.00s Real=0.00s
[19.013s][info ][gc,start       ] GC(760) Pause Young (Allocation Failure)
[19.013s][info ][gc,task        ] GC(760) Using 9 workers of 9 for evacuation
[19.013s][debug][gc,age         ] GC(760) Desired survivor size 8945664 bytes, new threshold 6 (max threshold 6)
[19.013s][trace][gc,age         ] GC(760) Age table with threshold 6 (max threshold 6)
[19.014s][trace][gc,age         ] GC(760) - age   1:     400208 bytes,     400208 total
[19.014s][info ][gc,heap        ] GC(760) ParNew: 139902K->394K(157376K)
[19.014s][info ][gc,heap        ] GC(760) CMS: 3753K->3753K(349568K)
[19.014s][info ][gc,metaspace   ] GC(760) Metaspace: 16024K(16640K)->16024K(16640K) NonClass: 14283K(14592K)->14283K(14592K) Class: 1740K(2048K)->1740K(2048K)
[19.014s][info ][gc             ] GC(760) Pause Young (Allocation Failure) 140M->4M(495M) 0.440ms
[19.014s][info ][gc,cpu         ] GC(760) User=0.00s Sys=0.00s Real=0.00s
[19.023s][info ][gc,start       ] GC(761) Pause Young (Allocation Failure)
[19.023s][info ][gc,task        ] GC(761) Using 9 workers of 9 for evacuation
[19.023s][debug][gc,age         ] GC(761) Desired survivor size 8945664 bytes, new threshold 6 (max threshold 6)
[19.023s][trace][gc,age         ] GC(761) Age table with threshold 6 (max threshold 6)
[19.023s][trace][gc,age         ] GC(761) - age   1:        192 bytes,        192 total
[19.023s][info ][gc,heap        ] GC(761) ParNew: 140249K->6K(157376K)
[19.023s][info ][gc,heap        ] GC(761) CMS: 3753K->3753K(349568K)
[19.023s][info ][gc,metaspace   ] GC(761) Metaspace: 16024K(16640K)->16024K(16640K) NonClass: 14283K(14592K)->14283K(14592K) Class: 1740K(2048K)->1740K(2048K)
[19.023s][info ][gc             ] GC(761) Pause Young (Allocation Failure) 140M->3M(495M) 0.446ms
[19.023s][info ][gc,cpu         ] GC(761) User=0.00s Sys=0.00s Real=0.00s
[19.033s][info ][gc,start       ] GC(762) Pause Young (Allocation Failure)
[19.033s][info ][gc,task        ] GC(762) Using 9 workers of 9 for evacuation
[19.033s][debug][gc,age         ] GC(762) Desired survivor size 8945664 bytes, new threshold 6 (max threshold 6)
[19.033s][trace][gc,age         ] GC(762) Age table with threshold 6 (max threshold 6)
[19.033s][trace][gc,age         ] GC(762) - age   1:     400208 bytes,     400208 total
[19.033s][info ][gc,heap        ] GC(762) ParNew: 139850K->396K(157376K)
[19.033s][info ][gc,heap        ] GC(762) CMS: 3753K->3753K(349568K)
[19.033s][info ][gc,metaspace   ] GC(762) Metaspace: 16024K(16640K)->16024K(16640K) NonClass: 14283K(14592K)->14283K(14592K) Class: 1740K(2048K)->1740K(2048K)
[19.033s][info ][gc             ] GC(762) Pause Young (Allocation Failure) 140M->4M(495M) 0.429ms
[19.033s][info ][gc,cpu         ] GC(762) User=0.00s Sys=0.00s Real=0.00s
[19.043s][info ][gc,start       ] GC(763) Pause Young (Allocation Failure)
[19.043s][info ][gc,task        ] GC(763) Using 9 workers of 9 for evacuation
[19.043s][debug][gc,age         ] GC(763) Desired survivor size 8945664 bytes, new threshold 6 (max threshold 6)
[19.043s][trace][gc,age         ] GC(763) Age table with threshold 6 (max threshold 6)
[19.043s][trace][gc,age         ] GC(763) - age   1:        192 bytes,        192 total
[19.043s][info ][gc,heap        ] GC(763) ParNew: 140276K->6K(157376K)
[19.043s][info ][gc,heap        ] GC(763) CMS: 3753K->3753K(349568K)
[19.043s][info ][gc,metaspace   ] GC(763) Metaspace: 16024K(16640K)->16024K(16640K) NonClass: 14283K(14592K)->14283K(14592K) Class: 1740K(2048K)->1740K(2048K)
[19.043s][info ][gc             ] GC(763) Pause Young (Allocation Failure) 140M->3M(495M) 0.444ms
[19.043s][info ][gc,cpu         ] GC(763) User=0.00s Sys=0.00s Real=0.00s
[19.053s][info ][gc,start       ] GC(764) Pause Young (Allocation Failure)
[19.053s][info ][gc,task        ] GC(764) Using 9 workers of 9 for evacuation
[19.053s][debug][gc,age         ] GC(764) Desired survivor size 8945664 bytes, new threshold 6 (max threshold 6)
[19.053s][trace][gc,age         ] GC(764) Age table with threshold 6 (max threshold 6)
[19.053s][trace][gc,age         ] GC(764) - age   1:     400208 bytes,     400208 total
[19.053s][info ][gc,heap        ] GC(764) ParNew: 139886K->396K(157376K)
[19.053s][info ][gc,heap        ] GC(764) CMS: 3753K->3753K(349568K)
[19.053s][info ][gc,metaspace   ] GC(764) Metaspace: 16024K(16640K)->16024K(16640K) NonClass: 14283K(14592K)->14283K(14592K) Class: 1740K(2048K)->1740K(2048K)
[19.053s][info ][gc             ] GC(764) Pause Young (Allocation Failure) 140M->4M(495M) 0.375ms
[19.053s][info ][gc,cpu         ] GC(764) User=0.00s Sys=0.00s Real=0.00s
[19.063s][info ][gc,start       ] GC(765) Pause Young (Allocation Failure)
[19.063s][info ][gc,task        ] GC(765) Using 9 workers of 9 for evacuation
[19.063s][debug][gc,age         ] GC(765) Desired survivor size 8945664 bytes, new threshold 6 (max threshold 6)
[19.063s][trace][gc,age         ] GC(765) Age table with threshold 6 (max threshold 6)
[19.063s][trace][gc,age         ] GC(765) - age   1:        192 bytes,        192 total
[19.063s][info ][gc,heap        ] GC(765) ParNew: 140260K->6K(157376K)
[19.063s][info ][gc,heap        ] GC(765) CMS: 3753K->3753K(349568K)
[19.063s][info ][gc,metaspace   ] GC(765) Metaspace: 16024K(16640K)->16024K(16640K) NonClass: 14283K(14592K)->14283K(14592K) Class: 1740K(2048K)->1740K(2048K)
[19.063s][info ][gc             ] GC(765) Pause Young (Allocation Failure) 140M->3M(495M) 0.450ms
[19.063s][info ][gc,cpu         ] GC(765) User=0.01s Sys=0.00s Real=0.00s
[19.073s][info ][gc,start       ] GC(766) Pause Young (Allocation Failure)
[19.073s][info ][gc,task        ] GC(766) Using 9 workers of 9 for evacuation
[19.073s][debug][gc,age         ] GC(766) Desired survivor size 8945664 bytes, new threshold 6 (max threshold 6)
[19.073s][trace][gc,age         ] GC(766) Age table with threshold 6 (max threshold 6)
[19.073s][trace][gc,age         ] GC(766) - age   1:        192 bytes,        192 total
[19.073s][info ][gc,heap        ] GC(766) ParNew: 139524K->6K(157376K)
[19.073s][info ][gc,heap        ] GC(766) CMS: 3753K->3753K(349568K)
[19.073s][info ][gc,metaspace   ] GC(766) Metaspace: 16024K(16640K)->16024K(16640K) NonClass: 14283K(14592K)->14283K(14592K) Class: 1740K(2048K)->1740K(2048K)
[19.073s][info ][gc             ] GC(766) Pause Young (Allocation Failure) 139M->3M(495M) 0.369ms
[19.073s][info ][gc,cpu         ] GC(766) User=0.01s Sys=0.00s Real=0.00s
[19.083s][info ][gc,start       ] GC(767) Pause Young (Allocation Failure)
[19.083s][info ][gc,task        ] GC(767) Using 9 workers of 9 for evacuation
[19.083s][debug][gc,age         ] GC(767) Desired survivor size 8945664 bytes, new threshold 6 (max threshold 6)
[19.083s][trace][gc,age         ] GC(767) Age table with threshold 6 (max threshold 6)
[19.083s][trace][gc,age         ] GC(767) - age   1:     400208 bytes,     400208 total
[19.083s][info ][gc,heap        ] GC(767) ParNew: 139885K->396K(157376K)
[19.083s][info ][gc,heap        ] GC(767) CMS: 3753K->3753K(349568K)
[19.083s][info ][gc,metaspace   ] GC(767) Metaspace: 16024K(16640K)->16024K(16640K) NonClass: 14283K(14592K)->14283K(14592K) Class: 1740K(2048K)->1740K(2048K)
[19.083s][info ][gc             ] GC(767) Pause Young (Allocation Failure) 140M->4M(495M) 0.373ms
[19.083s][info ][gc,cpu         ] GC(767) User=0.01s Sys=0.00s Real=0.00s
[19.093s][info ][gc,start       ] GC(768) Pause Young (Allocation Failure)
[19.093s][info ][gc,task        ] GC(768) Using 9 workers of 9 for evacuation
[19.093s][debug][gc,age         ] GC(768) Desired survivor size 8945664 bytes, new threshold 6 (max threshold 6)
[19.093s][trace][gc,age         ] GC(768) Age table with threshold 6 (max threshold 6)
[19.093s][trace][gc,age         ] GC(768) - age   1:        192 bytes,        192 total
[19.093s][info ][gc,heap        ] GC(768) ParNew: 140275K->8K(157376K)
[19.093s][info ][gc,heap        ] GC(768) CMS: 3753K->3753K(349568K)
[19.093s][info ][gc,metaspace   ] GC(768) Metaspace: 16024K(16640K)->16024K(16640K) NonClass: 14283K(14592K)->14283K(14592K) Class: 1740K(2048K)->1740K(2048K)
[19.093s][info ][gc             ] GC(768) Pause Young (Allocation Failure) 140M->3M(495M) 0.357ms
[19.093s][info ][gc,cpu         ] GC(768) User=0.00s Sys=0.01s Real=0.00s
[19.102s][info ][gc,start       ] GC(769) Pause Young (Allocation Failure)
[19.102s][info ][gc,task        ] GC(769) Using 9 workers of 9 for evacuation
[19.103s][debug][gc,age         ] GC(769) Desired survivor size 8945664 bytes, new threshold 6 (max threshold 6)
[19.103s][trace][gc,age         ] GC(769) Age table with threshold 6 (max threshold 6)
[19.103s][trace][gc,age         ] GC(769) - age   1:        192 bytes,        192 total
[19.103s][info ][gc,heap        ] GC(769) ParNew: 139527K->6K(157376K)
[19.103s][info ][gc,heap        ] GC(769) CMS: 3753K->3753K(349568K)
[19.103s][info ][gc,metaspace   ] GC(769) Metaspace: 16024K(16640K)->16024K(16640K) NonClass: 14283K(14592K)->14283K(14592K) Class: 1740K(2048K)->1740K(2048K)
[19.103s][info ][gc             ] GC(769) Pause Young (Allocation Failure) 139M->3M(495M) 0.472ms
[19.103s][info ][gc,cpu         ] GC(769) User=0.00s Sys=0.00s Real=0.00s
[19.112s][info ][gc,start       ] GC(770) Pause Young (Allocation Failure)
[19.112s][info ][gc,task        ] GC(770) Using 9 workers of 9 for evacuation
[19.113s][debug][gc,age         ] GC(770) Desired survivor size 8945664 bytes, new threshold 6 (max threshold 6)
[19.113s][trace][gc,age         ] GC(770) Age table with threshold 6 (max threshold 6)
[19.113s][trace][gc,age         ] GC(770) - age   1:     400208 bytes,     400208 total
[19.113s][info ][gc,heap        ] GC(770) ParNew: 139856K->394K(157376K)
[19.113s][info ][gc,heap        ] GC(770) CMS: 3753K->3753K(349568K)
[19.113s][info ][gc,metaspace   ] GC(770) Metaspace: 16024K(16640K)->16024K(16640K) NonClass: 14283K(14592K)->14283K(14592K) Class: 1740K(2048K)->1740K(2048K)
[19.113s][info ][gc             ] GC(770) Pause Young (Allocation Failure) 140M->4M(495M) 0.400ms
[19.113s][info ][gc,cpu         ] GC(770) User=0.00s Sys=0.00s Real=0.00s
[19.122s][info ][gc,start       ] GC(771) Pause Young (Allocation Failure)
[19.122s][info ][gc,task        ] GC(771) Using 9 workers of 9 for evacuation
[19.123s][debug][gc,age         ] GC(771) Desired survivor size 8945664 bytes, new threshold 6 (max threshold 6)
[19.123s][trace][gc,age         ] GC(771) Age table with threshold 6 (max threshold 6)
[19.123s][trace][gc,age         ] GC(771) - age   1:        192 bytes,        192 total
[19.123s][info ][gc,heap        ] GC(771) ParNew: 140256K->6K(157376K)
[19.123s][info ][gc,heap        ] GC(771) CMS: 3753K->3753K(349568K)
[19.123s][info ][gc,metaspace   ] GC(771) Metaspace: 16024K(16640K)->16024K(16640K) NonClass: 14283K(14592K)->14283K(14592K) Class: 1740K(2048K)->1740K(2048K)
[19.123s][info ][gc             ] GC(771) Pause Young (Allocation Failure) 140M->3M(495M) 0.481ms
[19.123s][info ][gc,cpu         ] GC(771) User=0.00s Sys=0.00s Real=0.00s
[19.132s][info ][gc,start       ] GC(772) Pause Young (Allocation Failure)
[19.132s][info ][gc,task        ] GC(772) Using 9 workers of 9 for evacuation
[19.133s][debug][gc,age         ] GC(772) Desired survivor size 8945664 bytes, new threshold 6 (max threshold 6)
[19.133s][trace][gc,age         ] GC(772) Age table with threshold 6 (max threshold 6)
[19.133s][trace][gc,age         ] GC(772) - age   1:     400208 bytes,     400208 total
[19.133s][info ][gc,heap        ] GC(772) ParNew: 139825K->396K(157376K)
[19.133s][info ][gc,heap        ] GC(772) CMS: 3753K->3753K(349568K)
[19.133s][info ][gc,metaspace   ] GC(772) Metaspace: 16024K(16640K)->16024K(16640K) NonClass: 14283K(14592K)->14283K(14592K) Class: 1740K(2048K)->1740K(2048K)
[19.133s][info ][gc             ] GC(772) Pause Young (Allocation Failure) 140M->4M(495M) 0.466ms
[19.133s][info ][gc,cpu         ] GC(772) User=0.00s Sys=0.00s Real=0.00s
[19.142s][info ][gc,start       ] GC(773) Pause Young (Allocation Failure)
[19.142s][info ][gc,task        ] GC(773) Using 9 workers of 9 for evacuation
[19.143s][debug][gc,age         ] GC(773) Desired survivor size 8945664 bytes, new threshold 6 (max threshold 6)
[19.143s][trace][gc,age         ] GC(773) Age table with threshold 6 (max threshold 6)
[19.143s][trace][gc,age         ] GC(773) - age   1:        192 bytes,        192 total
[19.143s][info ][gc,heap        ] GC(773) ParNew: 140260K->6K(157376K)
[19.143s][info ][gc,heap        ] GC(773) CMS: 3753K->3753K(349568K)
[19.143s][info ][gc,metaspace   ] GC(773) Metaspace: 16024K(16640K)->16024K(16640K) NonClass: 14283K(14592K)->14283K(14592K) Class: 1740K(2048K)->1740K(2048K)
[19.143s][info ][gc             ] GC(773) Pause Young (Allocation Failure) 140M->3M(495M) 0.365ms
[19.143s][info ][gc,cpu         ] GC(773) User=0.00s Sys=0.00s Real=0.00s
[19.152s][info ][gc,start       ] GC(774) Pause Young (Allocation Failure)
[19.152s][info ][gc,task        ] GC(774) Using 9 workers of 9 for evacuation
[19.152s][debug][gc,age         ] GC(774) Desired survivor size 8945664 bytes, new threshold 6 (max threshold 6)
[19.152s][trace][gc,age         ] GC(774) Age table with threshold 6 (max threshold 6)
[19.152s][trace][gc,age         ] GC(774) - age   1:     400208 bytes,     400208 total
[19.153s][info ][gc,heap        ] GC(774) ParNew: 139856K->396K(157376K)
[19.153s][info ][gc,heap        ] GC(774) CMS: 3753K->3753K(349568K)
[19.153s][info ][gc,metaspace   ] GC(774) Metaspace: 16024K(16640K)->16024K(16640K) NonClass: 14283K(14592K)->14283K(14592K) Class: 1740K(2048K)->1740K(2048K)
[19.153s][info ][gc             ] GC(774) Pause Young (Allocation Failure) 140M->4M(495M) 0.393ms
[19.153s][info ][gc,cpu         ] GC(774) User=0.00s Sys=0.00s Real=0.00s
[19.162s][info ][gc,start       ] GC(775) Pause Young (Allocation Failure)
[19.162s][info ][gc,task        ] GC(775) Using 9 workers of 9 for evacuation
[19.163s][debug][gc,age         ] GC(775) Desired survivor size 8945664 bytes, new threshold 6 (max threshold 6)
[19.163s][trace][gc,age         ] GC(775) Age table with threshold 6 (max threshold 6)
[19.163s][trace][gc,age         ] GC(775) - age   1:        192 bytes,        192 total
[19.163s][info ][gc,heap        ] GC(775) ParNew: 140291K->4K(157376K)
[19.163s][info ][gc,heap        ] GC(775) CMS: 3753K->3753K(349568K)
[19.163s][info ][gc,metaspace   ] GC(775) Metaspace: 16024K(16640K)->16024K(16640K) NonClass: 14283K(14592K)->14283K(14592K) Class: 1740K(2048K)->1740K(2048K)
[19.163s][info ][gc             ] GC(775) Pause Young (Allocation Failure) 140M->3M(495M) 0.516ms
[19.163s][info ][gc,cpu         ] GC(775) User=0.01s Sys=0.00s Real=0.00s
[19.172s][info ][gc,start       ] GC(776) Pause Young (Allocation Failure)
[19.172s][info ][gc,task        ] GC(776) Using 9 workers of 9 for evacuation
[19.172s][debug][gc,age         ] GC(776) Desired survivor size 8945664 bytes, new threshold 6 (max threshold 6)
[19.172s][trace][gc,age         ] GC(776) Age table with threshold 6 (max threshold 6)
[19.172s][trace][gc,age         ] GC(776) - age   1:     400208 bytes,     400208 total
[19.172s][info ][gc,heap        ] GC(776) ParNew: 139874K->396K(157376K)
[19.172s][info ][gc,heap        ] GC(776) CMS: 3753K->3753K(349568K)
[19.172s][info ][gc,metaspace   ] GC(776) Metaspace: 16024K(16640K)->16024K(16640K) NonClass: 14283K(14592K)->14283K(14592K) Class: 1740K(2048K)->1740K(2048K)
[19.172s][info ][gc             ] GC(776) Pause Young (Allocation Failure) 140M->4M(495M) 0.379ms
[19.172s][info ][gc,cpu         ] GC(776) User=0.01s Sys=0.00s Real=0.00s
[19.182s][info ][gc,start       ] GC(777) Pause Young (Allocation Failure)
[19.182s][info ][gc,task        ] GC(777) Using 9 workers of 9 for evacuation
[19.182s][debug][gc,age         ] GC(777) Desired survivor size 8945664 bytes, new threshold 6 (max threshold 6)
[19.182s][trace][gc,age         ] GC(777) Age table with threshold 6 (max threshold 6)
[19.182s][trace][gc,age         ] GC(777) - age   1:        192 bytes,        192 total
[19.182s][info ][gc,heap        ] GC(777) ParNew: 140268K->4K(157376K)
[19.182s][info ][gc,heap        ] GC(777) CMS: 3753K->3753K(349568K)
[19.182s][info ][gc,metaspace   ] GC(777) Metaspace: 16024K(16640K)->16024K(16640K) NonClass: 14283K(14592K)->14283K(14592K) Class: 1740K(2048K)->1740K(2048K)
[19.182s][info ][gc             ] GC(777) Pause Young (Allocation Failure) 140M->3M(495M) 0.467ms
[19.182s][info ][gc,cpu         ] GC(777) User=0.00s Sys=0.00s Real=0.00s
[19.192s][info ][gc,start       ] GC(778) Pause Young (Allocation Failure)
[19.192s][info ][gc,task        ] GC(778) Using 9 workers of 9 for evacuation
[19.192s][debug][gc,age         ] GC(778) Desired survivor size 8945664 bytes, new threshold 6 (max threshold 6)
[19.192s][trace][gc,age         ] GC(778) Age table with threshold 6 (max threshold 6)
[19.192s][trace][gc,age         ] GC(778) - age   1:     400208 bytes,     400208 total
[19.192s][info ][gc,heap        ] GC(778) ParNew: 139879K->396K(157376K)
[19.192s][info ][gc,heap        ] GC(778) CMS: 3753K->3753K(349568K)
[19.192s][info ][gc,metaspace   ] GC(778) Metaspace: 16024K(16640K)->16024K(16640K) NonClass: 14283K(14592K)->14283K(14592K) Class: 1740K(2048K)->1740K(2048K)
[19.192s][info ][gc             ] GC(778) Pause Young (Allocation Failure) 140M->4M(495M) 0.467ms
[19.192s][info ][gc,cpu         ] GC(778) User=0.00s Sys=0.00s Real=0.00s
[19.202s][info ][gc,start       ] GC(779) Pause Young (Allocation Failure)
[19.202s][info ][gc,task        ] GC(779) Using 9 workers of 9 for evacuation
[19.202s][debug][gc,age         ] GC(779) Desired survivor size 8945664 bytes, new threshold 6 (max threshold 6)
[19.202s][trace][gc,age         ] GC(779) Age table with threshold 6 (max threshold 6)
[19.202s][trace][gc,age         ] GC(779) - age   1:        192 bytes,        192 total
[19.202s][info ][gc,heap        ] GC(779) ParNew: 140292K->8K(157376K)
[19.202s][info ][gc,heap        ] GC(779) CMS: 3753K->3753K(349568K)
[19.202s][info ][gc,metaspace   ] GC(779) Metaspace: 16024K(16640K)->16024K(16640K) NonClass: 14283K(14592K)->14283K(14592K) Class: 1740K(2048K)->1740K(2048K)
[19.202s][info ][gc             ] GC(779) Pause Young (Allocation Failure) 140M->3M(495M) 0.406ms
[19.202s][info ][gc,cpu         ] GC(779) User=0.00s Sys=0.00s Real=0.00s
[19.212s][info ][gc,start       ] GC(780) Pause Young (Allocation Failure)
[19.212s][info ][gc,task        ] GC(780) Using 9 workers of 9 for evacuation
[19.212s][debug][gc,age         ] GC(780) Desired survivor size 8945664 bytes, new threshold 6 (max threshold 6)
[19.212s][trace][gc,age         ] GC(780) Age table with threshold 6 (max threshold 6)
[19.212s][trace][gc,age         ] GC(780) - age   1:     400208 bytes,     400208 total
[19.212s][info ][gc,heap        ] GC(780) ParNew: 139894K->394K(157376K)
[19.212s][info ][gc,heap        ] GC(780) CMS: 3753K->3753K(349568K)
[19.212s][info ][gc,metaspace   ] GC(780) Metaspace: 16024K(16640K)->16024K(16640K) NonClass: 14283K(14592K)->14283K(14592K) Class: 1740K(2048K)->1740K(2048K)
[19.212s][info ][gc             ] GC(780) Pause Young (Allocation Failure) 140M->4M(495M) 0.462ms
[19.212s][info ][gc,cpu         ] GC(780) User=0.00s Sys=0.00s Real=0.00s
[19.222s][info ][gc,start       ] GC(781) Pause Young (Allocation Failure)
[19.222s][info ][gc,task        ] GC(781) Using 9 workers of 9 for evacuation
[19.222s][debug][gc,age         ] GC(781) Desired survivor size 8945664 bytes, new threshold 6 (max threshold 6)
[19.222s][trace][gc,age         ] GC(781) Age table with threshold 6 (max threshold 6)
[19.222s][trace][gc,age         ] GC(781) - age   1:        192 bytes,        192 total
[19.222s][info ][gc,heap        ] GC(781) ParNew: 140249K->6K(157376K)
[19.222s][info ][gc,heap        ] GC(781) CMS: 3753K->3753K(349568K)
[19.222s][info ][gc,metaspace   ] GC(781) Metaspace: 16024K(16640K)->16024K(16640K) NonClass: 14283K(14592K)->14283K(14592K) Class: 1740K(2048K)->1740K(2048K)
[19.222s][info ][gc             ] GC(781) Pause Young (Allocation Failure) 140M->3M(495M) 0.416ms
[19.222s][info ][gc,cpu         ] GC(781) User=0.00s Sys=0.00s Real=0.00s
[19.232s][info ][gc,start       ] GC(782) Pause Young (Allocation Failure)
[19.232s][info ][gc,task        ] GC(782) Using 9 workers of 9 for evacuation
[19.232s][debug][gc,age         ] GC(782) Desired survivor size 8945664 bytes, new threshold 6 (max threshold 6)
[19.232s][trace][gc,age         ] GC(782) Age table with threshold 6 (max threshold 6)
[19.232s][trace][gc,age         ] GC(782) - age   1:     400208 bytes,     400208 total
[19.232s][info ][gc,heap        ] GC(782) ParNew: 139904K->394K(157376K)
[19.232s][info ][gc,heap        ] GC(782) CMS: 3753K->3753K(349568K)
[19.232s][info ][gc,metaspace   ] GC(782) Metaspace: 16024K(16640K)->16024K(16640K) NonClass: 14283K(14592K)->14283K(14592K) Class: 1740K(2048K)->1740K(2048K)
[19.232s][info ][gc             ] GC(782) Pause Young (Allocation Failure) 140M->4M(495M) 0.520ms
[19.232s][info ][gc,cpu         ] GC(782) User=0.01s Sys=0.00s Real=0.00s
[19.242s][info ][gc,start       ] GC(783) Pause Young (Allocation Failure)
[19.242s][info ][gc,task        ] GC(783) Using 9 workers of 9 for evacuation
[19.242s][debug][gc,age         ] GC(783) Desired survivor size 8945664 bytes, new threshold 6 (max threshold 6)
[19.242s][trace][gc,age         ] GC(783) Age table with threshold 6 (max threshold 6)
[19.242s][trace][gc,age         ] GC(783) - age   1:        192 bytes,        192 total
[19.242s][info ][gc,heap        ] GC(783) ParNew: 140285K->4K(157376K)
[19.242s][info ][gc,heap        ] GC(783) CMS: 3753K->3753K(349568K)
[19.242s][info ][gc,metaspace   ] GC(783) Metaspace: 16024K(16640K)->16024K(16640K) NonClass: 14283K(14592K)->14283K(14592K) Class: 1740K(2048K)->1740K(2048K)
[19.242s][info ][gc             ] GC(783) Pause Young (Allocation Failure) 140M->3M(495M) 0.338ms
[19.242s][info ][gc,cpu         ] GC(783) User=0.01s Sys=0.00s Real=0.00s
[19.252s][info ][gc,start       ] GC(784) Pause Young (Allocation Failure)
[19.252s][info ][gc,task        ] GC(784) Using 9 workers of 9 for evacuation
[19.252s][debug][gc,age         ] GC(784) Desired survivor size 8945664 bytes, new threshold 6 (max threshold 6)
[19.252s][trace][gc,age         ] GC(784) Age table with threshold 6 (max threshold 6)
[19.252s][trace][gc,age         ] GC(784) - age   1:     400208 bytes,     400208 total
[19.252s][info ][gc,heap        ] GC(784) ParNew: 139902K->398K(157376K)
[19.252s][info ][gc,heap        ] GC(784) CMS: 3753K->3753K(349568K)
[19.252s][info ][gc,metaspace   ] GC(784) Metaspace: 16024K(16640K)->16024K(16640K) NonClass: 14283K(14592K)->14283K(14592K) Class: 1740K(2048K)->1740K(2048K)
[19.252s][info ][gc             ] GC(784) Pause Young (Allocation Failure) 140M->4M(495M) 0.433ms
[19.252s][info ][gc,cpu         ] GC(784) User=0.01s Sys=0.00s Real=0.00s
[19.262s][info ][gc,start       ] GC(785) Pause Young (Allocation Failure)
[19.262s][info ][gc,task        ] GC(785) Using 9 workers of 9 for evacuation
[19.262s][debug][gc,age         ] GC(785) Desired survivor size 8945664 bytes, new threshold 6 (max threshold 6)
[19.262s][trace][gc,age         ] GC(785) Age table with threshold 6 (max threshold 6)
[19.262s][trace][gc,age         ] GC(785) - age   1:        192 bytes,        192 total
[19.262s][info ][gc,heap        ] GC(785) ParNew: 140291K->8K(157376K)
[19.262s][info ][gc,heap        ] GC(785) CMS: 3753K->3753K(349568K)
[19.262s][info ][gc,metaspace   ] GC(785) Metaspace: 16024K(16640K)->16024K(16640K) NonClass: 14283K(14592K)->14283K(14592K) Class: 1740K(2048K)->1740K(2048K)
[19.262s][info ][gc             ] GC(785) Pause Young (Allocation Failure) 140M->3M(495M) 0.408ms
[19.262s][info ][gc,cpu         ] GC(785) User=0.00s Sys=0.00s Real=0.00s
[19.272s][info ][gc,start       ] GC(786) Pause Young (Allocation Failure)
[19.272s][info ][gc,task        ] GC(786) Using 9 workers of 9 for evacuation
[19.272s][debug][gc,age         ] GC(786) Desired survivor size 8945664 bytes, new threshold 6 (max threshold 6)
[19.272s][trace][gc,age         ] GC(786) Age table with threshold 6 (max threshold 6)
[19.272s][trace][gc,age         ] GC(786) - age   1:     400208 bytes,     400208 total
[19.272s][info ][gc,heap        ] GC(786) ParNew: 139888K->398K(157376K)
[19.272s][info ][gc,heap        ] GC(786) CMS: 3753K->3753K(349568K)
[19.272s][info ][gc,metaspace   ] GC(786) Metaspace: 16024K(16640K)->16024K(16640K) NonClass: 14283K(14592K)->14283K(14592K) Class: 1740K(2048K)->1740K(2048K)
[19.272s][info ][gc             ] GC(786) Pause Young (Allocation Failure) 140M->4M(495M) 0.422ms
[19.272s][info ][gc,cpu         ] GC(786) User=0.00s Sys=0.00s Real=0.00s
[19.282s][info ][gc,start       ] GC(787) Pause Young (Allocation Failure)
[19.282s][info ][gc,task        ] GC(787) Using 9 workers of 9 for evacuation
[19.282s][debug][gc,age         ] GC(787) Desired survivor size 8945664 bytes, new threshold 6 (max threshold 6)
[19.282s][trace][gc,age         ] GC(787) Age table with threshold 6 (max threshold 6)
[19.282s][trace][gc,age         ] GC(787) - age   1:        192 bytes,        192 total
[19.282s][info ][gc,heap        ] GC(787) ParNew: 140273K->6K(157376K)
[19.282s][info ][gc,heap        ] GC(787) CMS: 3753K->3753K(349568K)
[19.282s][info ][gc,metaspace   ] GC(787) Metaspace: 16024K(16640K)->16024K(16640K) NonClass: 14283K(14592K)->14283K(14592K) Class: 1740K(2048K)->1740K(2048K)
[19.282s][info ][gc             ] GC(787) Pause Young (Allocation Failure) 140M->3M(495M) 0.388ms
[19.282s][info ][gc,cpu         ] GC(787) User=0.00s Sys=0.00s Real=0.00s
[19.291s][info ][gc,start       ] GC(788) Pause Young (Allocation Failure)
[19.291s][info ][gc,task        ] GC(788) Using 9 workers of 9 for evacuation
[19.292s][debug][gc,age         ] GC(788) Desired survivor size 8945664 bytes, new threshold 6 (max threshold 6)
[19.292s][trace][gc,age         ] GC(788) Age table with threshold 6 (max threshold 6)
[19.292s][trace][gc,age         ] GC(788) - age   1:     400208 bytes,     400208 total
[19.292s][info ][gc,heap        ] GC(788) ParNew: 139867K->396K(157376K)
[19.292s][info ][gc,heap        ] GC(788) CMS: 3753K->3753K(349568K)
[19.292s][info ][gc,metaspace   ] GC(788) Metaspace: 16024K(16640K)->16024K(16640K) NonClass: 14283K(14592K)->14283K(14592K) Class: 1740K(2048K)->1740K(2048K)
[19.292s][info ][gc             ] GC(788) Pause Young (Allocation Failure) 140M->4M(495M) 0.399ms
[19.292s][info ][gc,cpu         ] GC(788) User=0.00s Sys=0.00s Real=0.00s
[19.301s][info ][gc,start       ] GC(789) Pause Young (Allocation Failure)
[19.301s][info ][gc,task        ] GC(789) Using 9 workers of 9 for evacuation
[19.302s][debug][gc,age         ] GC(789) Desired survivor size 8945664 bytes, new threshold 6 (max threshold 6)
[19.302s][trace][gc,age         ] GC(789) Age table with threshold 6 (max threshold 6)
[19.302s][trace][gc,age         ] GC(789) - age   1:        192 bytes,        192 total
[19.302s][info ][gc,heap        ] GC(789) ParNew: 140267K->8K(157376K)
[19.302s][info ][gc,heap        ] GC(789) CMS: 3753K->3753K(349568K)
[19.302s][info ][gc,metaspace   ] GC(789) Metaspace: 16024K(16640K)->16024K(16640K) NonClass: 14283K(14592K)->14283K(14592K) Class: 1740K(2048K)->1740K(2048K)
[19.302s][info ][gc             ] GC(789) Pause Young (Allocation Failure) 140M->3M(495M) 0.406ms
[19.302s][info ][gc,cpu         ] GC(789) User=0.00s Sys=0.00s Real=0.00s
[19.311s][info ][gc,start       ] GC(790) Pause Young (Allocation Failure)
[19.311s][info ][gc,task        ] GC(790) Using 9 workers of 9 for evacuation
[19.312s][debug][gc,age         ] GC(790) Desired survivor size 8945664 bytes, new threshold 6 (max threshold 6)
[19.312s][trace][gc,age         ] GC(790) Age table with threshold 6 (max threshold 6)
[19.312s][trace][gc,age         ] GC(790) - age   1:     400208 bytes,     400208 total
[19.312s][info ][gc,heap        ] GC(790) ParNew: 139889K->396K(157376K)
[19.312s][info ][gc,heap        ] GC(790) CMS: 3753K->3753K(349568K)
[19.312s][info ][gc,metaspace   ] GC(790) Metaspace: 16024K(16640K)->16024K(16640K) NonClass: 14283K(14592K)->14283K(14592K) Class: 1740K(2048K)->1740K(2048K)
[19.312s][info ][gc             ] GC(790) Pause Young (Allocation Failure) 140M->4M(495M) 0.413ms
[19.312s][info ][gc,cpu         ] GC(790) User=0.00s Sys=0.00s Real=0.00s
[19.321s][info ][gc,start       ] GC(791) Pause Young (Allocation Failure)
[19.321s][info ][gc,task        ] GC(791) Using 9 workers of 9 for evacuation
[19.321s][debug][gc,age         ] GC(791) Desired survivor size 8945664 bytes, new threshold 6 (max threshold 6)
[19.322s][trace][gc,age         ] GC(791) Age table with threshold 6 (max threshold 6)
[19.322s][trace][gc,age         ] GC(791) - age   1:        192 bytes,        192 total
[19.322s][info ][gc,heap        ] GC(791) ParNew: 140276K->8K(157376K)
[19.322s][info ][gc,heap        ] GC(791) CMS: 3753K->3753K(349568K)
[19.322s][info ][gc,metaspace   ] GC(791) Metaspace: 16024K(16640K)->16024K(16640K) NonClass: 14283K(14592K)->14283K(14592K) Class: 1740K(2048K)->1740K(2048K)
[19.322s][info ][gc             ] GC(791) Pause Young (Allocation Failure) 140M->3M(495M) 0.361ms
[19.322s][info ][gc,cpu         ] GC(791) User=0.00s Sys=0.00s Real=0.00s
[19.331s][info ][gc,start       ] GC(792) Pause Young (Allocation Failure)
[19.331s][info ][gc,task        ] GC(792) Using 9 workers of 9 for evacuation
[19.331s][debug][gc,age         ] GC(792) Desired survivor size 8945664 bytes, new threshold 6 (max threshold 6)
[19.331s][trace][gc,age         ] GC(792) Age table with threshold 6 (max threshold 6)
[19.331s][trace][gc,age         ] GC(792) - age   1:        192 bytes,        192 total
[19.331s][info ][gc,heap        ] GC(792) ParNew: 139714K->6K(157376K)
[19.331s][info ][gc,heap        ] GC(792) CMS: 3753K->3753K(349568K)
[19.331s][info ][gc,metaspace   ] GC(792) Metaspace: 16024K(16640K)->16024K(16640K) NonClass: 14283K(14592K)->14283K(14592K) Class: 1740K(2048K)->1740K(2048K)
[19.331s][info ][gc             ] GC(792) Pause Young (Allocation Failure) 140M->3M(495M) 0.458ms
[19.332s][info ][gc,cpu         ] GC(792) User=0.01s Sys=0.00s Real=0.00s
[19.341s][info ][gc,start       ] GC(793) Pause Young (Allocation Failure)
[19.341s][info ][gc,task        ] GC(793) Using 9 workers of 9 for evacuation
[19.342s][debug][gc,age         ] GC(793) Desired survivor size 8945664 bytes, new threshold 6 (max threshold 6)
[19.342s][trace][gc,age         ] GC(793) Age table with threshold 6 (max threshold 6)
[19.342s][trace][gc,age         ] GC(793) - age   1:     400208 bytes,     400208 total
[19.342s][info ][gc,heap        ] GC(793) ParNew: 139860K->396K(157376K)
[19.342s][info ][gc,heap        ] GC(793) CMS: 3753K->3753K(349568K)
[19.342s][info ][gc,metaspace   ] GC(793) Metaspace: 16024K(16640K)->16024K(16640K) NonClass: 14283K(14592K)->14283K(14592K) Class: 1740K(2048K)->1740K(2048K)
[19.342s][info ][gc             ] GC(793) Pause Young (Allocation Failure) 140M->4M(495M) 0.390ms
[19.342s][info ][gc,cpu         ] GC(793) User=0.01s Sys=0.00s Real=0.00s
[19.351s][info ][gc,start       ] GC(794) Pause Young (Allocation Failure)
[19.351s][info ][gc,task        ] GC(794) Using 9 workers of 9 for evacuation
[19.352s][debug][gc,age         ] GC(794) Desired survivor size 8945664 bytes, new threshold 6 (max threshold 6)
[19.352s][trace][gc,age         ] GC(794) Age table with threshold 6 (max threshold 6)
[19.352s][trace][gc,age         ] GC(794) - age   1:        192 bytes,        192 total
[19.352s][info ][gc,heap        ] GC(794) ParNew: 140279K->4K(157376K)
[19.352s][info ][gc,heap        ] GC(794) CMS: 3753K->3753K(349568K)
[19.352s][info ][gc,metaspace   ] GC(794) Metaspace: 16024K(16640K)->16024K(16640K) NonClass: 14283K(14592K)->14283K(14592K) Class: 1740K(2048K)->1740K(2048K)
[19.352s][info ][gc             ] GC(794) Pause Young (Allocation Failure) 140M->3M(495M) 0.443ms
[19.352s][info ][gc,cpu         ] GC(794) User=0.00s Sys=0.00s Real=0.00s
[19.361s][info ][gc,start       ] GC(795) Pause Young (Allocation Failure)
[19.361s][info ][gc,task        ] GC(795) Using 9 workers of 9 for evacuation
[19.362s][debug][gc,age         ] GC(795) Desired survivor size 8945664 bytes, new threshold 6 (max threshold 6)
[19.362s][trace][gc,age         ] GC(795) Age table with threshold 6 (max threshold 6)
[19.362s][trace][gc,age         ] GC(795) - age   1:     400208 bytes,     400208 total
[19.362s][info ][gc,heap        ] GC(795) ParNew: 139883K->396K(157376K)
[19.362s][info ][gc,heap        ] GC(795) CMS: 3753K->3753K(349568K)
[19.362s][info ][gc,metaspace   ] GC(795) Metaspace: 16024K(16640K)->16024K(16640K) NonClass: 14283K(14592K)->14283K(14592K) Class: 1740K(2048K)->1740K(2048K)
[19.362s][info ][gc             ] GC(795) Pause Young (Allocation Failure) 140M->4M(495M) 0.427ms
[19.362s][info ][gc,cpu         ] GC(795) User=0.00s Sys=0.00s Real=0.00s
[19.371s][info ][gc,start       ] GC(796) Pause Young (Allocation Failure)
[19.371s][info ][gc,task        ] GC(796) Using 9 workers of 9 for evacuation
[19.371s][debug][gc,age         ] GC(796) Desired survivor size 8945664 bytes, new threshold 6 (max threshold 6)
[19.371s][trace][gc,age         ] GC(796) Age table with threshold 6 (max threshold 6)
[19.371s][trace][gc,age         ] GC(796) - age   1:     400208 bytes,     400208 total
[19.371s][info ][gc,heap        ] GC(796) ParNew: 139910K->398K(157376K)
[19.371s][info ][gc,heap        ] GC(796) CMS: 3753K->3753K(349568K)
[19.371s][info ][gc,metaspace   ] GC(796) Metaspace: 16024K(16640K)->16024K(16640K) NonClass: 14283K(14592K)->14283K(14592K) Class: 1740K(2048K)->1740K(2048K)
[19.371s][info ][gc             ] GC(796) Pause Young (Allocation Failure) 140M->4M(495M) 0.388ms
[19.371s][info ][gc,cpu         ] GC(796) User=0.00s Sys=0.00s Real=0.00s
[19.381s][info ][gc,start       ] GC(797) Pause Young (Allocation Failure)
[19.381s][info ][gc,task        ] GC(797) Using 9 workers of 9 for evacuation
[19.381s][debug][gc,age         ] GC(797) Desired survivor size 8945664 bytes, new threshold 6 (max threshold 6)
[19.381s][trace][gc,age         ] GC(797) Age table with threshold 6 (max threshold 6)
[19.381s][trace][gc,age         ] GC(797) - age   1:        192 bytes,        192 total
[19.381s][info ][gc,heap        ] GC(797) ParNew: 140287K->6K(157376K)
[19.381s][info ][gc,heap        ] GC(797) CMS: 3753K->3753K(349568K)
[19.381s][info ][gc,metaspace   ] GC(797) Metaspace: 16024K(16640K)->16024K(16640K) NonClass: 14283K(14592K)->14283K(14592K) Class: 1740K(2048K)->1740K(2048K)
[19.381s][info ][gc             ] GC(797) Pause Young (Allocation Failure) 140M->3M(495M) 0.394ms
[19.381s][info ][gc,cpu         ] GC(797) User=0.00s Sys=0.00s Real=0.00s
[19.391s][info ][gc,start       ] GC(798) Pause Young (Allocation Failure)
[19.391s][info ][gc,task        ] GC(798) Using 9 workers of 9 for evacuation
[19.391s][debug][gc,age         ] GC(798) Desired survivor size 8945664 bytes, new threshold 6 (max threshold 6)
[19.391s][trace][gc,age         ] GC(798) Age table with threshold 6 (max threshold 6)
[19.391s][trace][gc,age         ] GC(798) - age   1:     400208 bytes,     400208 total
[19.391s][info ][gc,heap        ] GC(798) ParNew: 139892K->396K(157376K)
[19.391s][info ][gc,heap        ] GC(798) CMS: 3753K->3753K(349568K)
[19.391s][info ][gc,metaspace   ] GC(798) Metaspace: 16024K(16640K)->16024K(16640K) NonClass: 14283K(14592K)->14283K(14592K) Class: 1740K(2048K)->1740K(2048K)
[19.391s][info ][gc             ] GC(798) Pause Young (Allocation Failure) 140M->4M(495M) 0.345ms
[19.391s][info ][gc,cpu         ] GC(798) User=0.00s Sys=0.00s Real=0.00s
[19.401s][info ][gc,start       ] GC(799) Pause Young (Allocation Failure)
[19.401s][info ][gc,task        ] GC(799) Using 9 workers of 9 for evacuation
[19.401s][debug][gc,age         ] GC(799) Desired survivor size 8945664 bytes, new threshold 6 (max threshold 6)
[19.401s][trace][gc,age         ] GC(799) Age table with threshold 6 (max threshold 6)
[19.401s][trace][gc,age         ] GC(799) - age   1:     400208 bytes,     400208 total
[19.401s][info ][gc,heap        ] GC(799) ParNew: 140109K->396K(157376K)
[19.401s][info ][gc,heap        ] GC(799) CMS: 3753K->3753K(349568K)
[19.401s][info ][gc,metaspace   ] GC(799) Metaspace: 16024K(16640K)->16024K(16640K) NonClass: 14283K(14592K)->14283K(14592K) Class: 1740K(2048K)->1740K(2048K)
[19.401s][info ][gc             ] GC(799) Pause Young (Allocation Failure) 140M->4M(495M) 0.426ms
[19.401s][info ][gc,cpu         ] GC(799) User=0.00s Sys=0.00s Real=0.00s
[19.411s][info ][gc,start       ] GC(800) Pause Young (Allocation Failure)
[19.411s][info ][gc,task        ] GC(800) Using 9 workers of 9 for evacuation
[19.411s][debug][gc,age         ] GC(800) Desired survivor size 8945664 bytes, new threshold 6 (max threshold 6)
[19.411s][trace][gc,age         ] GC(800) Age table with threshold 6 (max threshold 6)
[19.411s][trace][gc,age         ] GC(800) - age   1:        192 bytes,        192 total
[19.411s][info ][gc,heap        ] GC(800) ParNew: 140244K->6K(157376K)
[19.411s][info ][gc,heap        ] GC(800) CMS: 3753K->3753K(349568K)
[19.411s][info ][gc,metaspace   ] GC(800) Metaspace: 16024K(16640K)->16024K(16640K) NonClass: 14283K(14592K)->14283K(14592K) Class: 1740K(2048K)->1740K(2048K)
[19.411s][info ][gc             ] GC(800) Pause Young (Allocation Failure) 140M->3M(495M) 0.366ms
[19.411s][info ][gc,cpu         ] GC(800) User=0.00s Sys=0.00s Real=0.00s
[19.420s][info ][gc,start       ] GC(801) Pause Young (Allocation Failure)
[19.421s][info ][gc,task        ] GC(801) Using 9 workers of 9 for evacuation
[19.421s][debug][gc,age         ] GC(801) Desired survivor size 8945664 bytes, new threshold 6 (max threshold 6)
[19.421s][trace][gc,age         ] GC(801) Age table with threshold 6 (max threshold 6)
[19.421s][trace][gc,age         ] GC(801) - age   1:     400208 bytes,     400208 total
[19.421s][info ][gc,heap        ] GC(801) ParNew: 139866K->396K(157376K)
[19.421s][info ][gc,heap        ] GC(801) CMS: 3753K->3753K(349568K)
[19.421s][info ][gc,metaspace   ] GC(801) Metaspace: 16024K(16640K)->16024K(16640K) NonClass: 14283K(14592K)->14283K(14592K) Class: 1740K(2048K)->1740K(2048K)
[19.421s][info ][gc             ] GC(801) Pause Young (Allocation Failure) 140M->4M(495M) 0.330ms
[19.421s][info ][gc,cpu         ] GC(801) User=0.00s Sys=0.00s Real=0.00s
[19.430s][info ][gc,start       ] GC(802) Pause Young (Allocation Failure)
[19.430s][info ][gc,task        ] GC(802) Using 9 workers of 9 for evacuation
[19.431s][debug][gc,age         ] GC(802) Desired survivor size 8945664 bytes, new threshold 6 (max threshold 6)
[19.431s][trace][gc,age         ] GC(802) Age table with threshold 6 (max threshold 6)
[19.431s][trace][gc,age         ] GC(802) - age   1:        192 bytes,        192 total
[19.431s][info ][gc,heap        ] GC(802) ParNew: 140199K->6K(157376K)
[19.431s][info ][gc,heap        ] GC(802) CMS: 3753K->3753K(349568K)
[19.431s][info ][gc,metaspace   ] GC(802) Metaspace: 16024K(16640K)->16024K(16640K) NonClass: 14283K(14592K)->14283K(14592K) Class: 1740K(2048K)->1740K(2048K)
[19.431s][info ][gc             ] GC(802) Pause Young (Allocation Failure) 140M->3M(495M) 0.417ms
[19.431s][info ][gc,cpu         ] GC(802) User=0.01s Sys=0.00s Real=0.00s
[19.440s][info ][gc,start       ] GC(803) Pause Young (Allocation Failure)
[19.440s][info ][gc,task        ] GC(803) Using 9 workers of 9 for evacuation
[19.441s][debug][gc,age         ] GC(803) Desired survivor size 8945664 bytes, new threshold 6 (max threshold 6)
[19.441s][trace][gc,age         ] GC(803) Age table with threshold 6 (max threshold 6)
[19.441s][trace][gc,age         ] GC(803) - age   1:     400208 bytes,     400208 total
[19.441s][info ][gc,heap        ] GC(803) ParNew: 139873K->396K(157376K)
[19.441s][info ][gc,heap        ] GC(803) CMS: 3753K->3753K(349568K)
[19.441s][info ][gc,metaspace   ] GC(803) Metaspace: 16024K(16640K)->16024K(16640K) NonClass: 14283K(14592K)->14283K(14592K) Class: 1740K(2048K)->1740K(2048K)
[19.441s][info ][gc             ] GC(803) Pause Young (Allocation Failure) 140M->4M(495M) 0.491ms
[19.441s][info ][gc,cpu         ] GC(803) User=0.01s Sys=0.00s Real=0.00s
[19.450s][info ][gc,start       ] GC(804) Pause Young (Allocation Failure)
[19.450s][info ][gc,task        ] GC(804) Using 9 workers of 9 for evacuation
[19.451s][debug][gc,age         ] GC(804) Desired survivor size 8945664 bytes, new threshold 6 (max threshold 6)
[19.451s][trace][gc,age         ] GC(804) Age table with threshold 6 (max threshold 6)
[19.451s][trace][gc,age         ] GC(804) - age   1:     400208 bytes,     400208 total
[19.451s][info ][gc,heap        ] GC(804) ParNew: 140017K->394K(157376K)
[19.451s][info ][gc,heap        ] GC(804) CMS: 3753K->3753K(349568K)
[19.451s][info ][gc,metaspace   ] GC(804) Metaspace: 16024K(16640K)->16024K(16640K) NonClass: 14283K(14592K)->14283K(14592K) Class: 1740K(2048K)->1740K(2048K)
[19.451s][info ][gc             ] GC(804) Pause Young (Allocation Failure) 140M->4M(495M) 0.406ms
[19.451s][info ][gc,cpu         ] GC(804) User=0.00s Sys=0.00s Real=0.00s
[19.460s][info ][gc,start       ] GC(805) Pause Young (Allocation Failure)
[19.460s][info ][gc,task        ] GC(805) Using 9 workers of 9 for evacuation
[19.461s][debug][gc,age         ] GC(805) Desired survivor size 8945664 bytes, new threshold 6 (max threshold 6)
[19.461s][trace][gc,age         ] GC(805) Age table with threshold 6 (max threshold 6)
[19.461s][trace][gc,age         ] GC(805) - age   1:        192 bytes,        192 total
[19.461s][info ][gc,heap        ] GC(805) ParNew: 140231K->4K(157376K)
[19.461s][info ][gc,heap        ] GC(805) CMS: 3753K->3753K(349568K)
[19.461s][info ][gc,metaspace   ] GC(805) Metaspace: 16024K(16640K)->16024K(16640K) NonClass: 14283K(14592K)->14283K(14592K) Class: 1740K(2048K)->1740K(2048K)
[19.461s][info ][gc             ] GC(805) Pause Young (Allocation Failure) 140M->3M(495M) 0.462ms
[19.461s][info ][gc,cpu         ] GC(805) User=0.00s Sys=0.00s Real=0.00s
[19.470s][info ][gc,start       ] GC(806) Pause Young (Allocation Failure)
[19.470s][info ][gc,task        ] GC(806) Using 9 workers of 9 for evacuation
[19.471s][debug][gc,age         ] GC(806) Desired survivor size 8945664 bytes, new threshold 6 (max threshold 6)
[19.471s][trace][gc,age         ] GC(806) Age table with threshold 6 (max threshold 6)
[19.471s][trace][gc,age         ] GC(806) - age   1:     400208 bytes,     400208 total
[19.471s][info ][gc,heap        ] GC(806) ParNew: 139898K->396K(157376K)
[19.471s][info ][gc,heap        ] GC(806) CMS: 3753K->3753K(349568K)
[19.471s][info ][gc,metaspace   ] GC(806) Metaspace: 16024K(16640K)->16024K(16640K) NonClass: 14283K(14592K)->14283K(14592K) Class: 1740K(2048K)->1740K(2048K)
[19.471s][info ][gc             ] GC(806) Pause Young (Allocation Failure) 140M->4M(495M) 0.432ms
[19.471s][info ][gc,cpu         ] GC(806) User=0.00s Sys=0.00s Real=0.00s
[19.480s][info ][gc,start       ] GC(807) Pause Young (Allocation Failure)
[19.480s][info ][gc,task        ] GC(807) Using 9 workers of 9 for evacuation
[19.480s][debug][gc,age         ] GC(807) Desired survivor size 8945664 bytes, new threshold 6 (max threshold 6)
[19.480s][trace][gc,age         ] GC(807) Age table with threshold 6 (max threshold 6)
[19.480s][trace][gc,age         ] GC(807) - age   1:        192 bytes,        192 total
[19.480s][info ][gc,heap        ] GC(807) ParNew: 140268K->6K(157376K)
[19.480s][info ][gc,heap        ] GC(807) CMS: 3753K->3753K(349568K)
[19.480s][info ][gc,metaspace   ] GC(807) Metaspace: 16024K(16640K)->16024K(16640K) NonClass: 14283K(14592K)->14283K(14592K) Class: 1740K(2048K)->1740K(2048K)
[19.481s][info ][gc             ] GC(807) Pause Young (Allocation Failure) 140M->3M(495M) 0.449ms
[19.481s][info ][gc,cpu         ] GC(807) User=0.00s Sys=0.00s Real=0.00s
[19.490s][info ][gc,start       ] GC(808) Pause Young (Allocation Failure)
[19.490s][info ][gc,task        ] GC(808) Using 9 workers of 9 for evacuation
[19.490s][debug][gc,age         ] GC(808) Desired survivor size 8945664 bytes, new threshold 6 (max threshold 6)
[19.490s][trace][gc,age         ] GC(808) Age table with threshold 6 (max threshold 6)
[19.490s][trace][gc,age         ] GC(808) - age   1:        192 bytes,        192 total
[19.490s][info ][gc,heap        ] GC(808) ParNew: 139651K->8K(157376K)
[19.490s][info ][gc,heap        ] GC(808) CMS: 3753K->3753K(349568K)
[19.490s][info ][gc,metaspace   ] GC(808) Metaspace: 16024K(16640K)->16024K(16640K) NonClass: 14283K(14592K)->14283K(14592K) Class: 1740K(2048K)->1740K(2048K)
[19.490s][info ][gc             ] GC(808) Pause Young (Allocation Failure) 140M->3M(495M) 0.385ms
[19.490s][info ][gc,cpu         ] GC(808) User=0.00s Sys=0.00s Real=0.00s
[19.500s][info ][gc,start       ] GC(809) Pause Young (Allocation Failure)
[19.500s][info ][gc,task        ] GC(809) Using 9 workers of 9 for evacuation
[19.500s][debug][gc,age         ] GC(809) Desired survivor size 8945664 bytes, new threshold 6 (max threshold 6)
[19.500s][trace][gc,age         ] GC(809) Age table with threshold 6 (max threshold 6)
[19.500s][trace][gc,age         ] GC(809) - age   1:        192 bytes,        192 total
[19.500s][info ][gc,heap        ] GC(809) ParNew: 139671K->8K(157376K)
[19.500s][info ][gc,heap        ] GC(809) CMS: 3753K->3753K(349568K)
[19.500s][info ][gc,metaspace   ] GC(809) Metaspace: 16024K(16640K)->16024K(16640K) NonClass: 14283K(14592K)->14283K(14592K) Class: 1740K(2048K)->1740K(2048K)
[19.500s][info ][gc             ] GC(809) Pause Young (Allocation Failure) 140M->3M(495M) 0.379ms
[19.500s][info ][gc,cpu         ] GC(809) User=0.00s Sys=0.00s Real=0.00s
[19.510s][info ][gc,start       ] GC(810) Pause Young (Allocation Failure)
[19.510s][info ][gc,task        ] GC(810) Using 9 workers of 9 for evacuation
[19.510s][debug][gc,age         ] GC(810) Desired survivor size 8945664 bytes, new threshold 6 (max threshold 6)
[19.510s][trace][gc,age         ] GC(810) Age table with threshold 6 (max threshold 6)
[19.510s][trace][gc,age         ] GC(810) - age   1:     400208 bytes,     400208 total
[19.510s][info ][gc,heap        ] GC(810) ParNew: 139885K->396K(157376K)
[19.510s][info ][gc,heap        ] GC(810) CMS: 3753K->3753K(349568K)
[19.510s][info ][gc,metaspace   ] GC(810) Metaspace: 16024K(16640K)->16024K(16640K) NonClass: 14283K(14592K)->14283K(14592K) Class: 1740K(2048K)->1740K(2048K)
[19.510s][info ][gc             ] GC(810) Pause Young (Allocation Failure) 140M->4M(495M) 0.418ms
[19.510s][info ][gc,cpu         ] GC(810) User=0.00s Sys=0.00s Real=0.00s
[19.520s][info ][gc,start       ] GC(811) Pause Young (Allocation Failure)
[19.520s][info ][gc,task        ] GC(811) Using 9 workers of 9 for evacuation
[19.520s][debug][gc,age         ] GC(811) Desired survivor size 8945664 bytes, new threshold 6 (max threshold 6)
[19.520s][trace][gc,age         ] GC(811) Age table with threshold 6 (max threshold 6)
[19.520s][trace][gc,age         ] GC(811) - age   1:     400208 bytes,     400208 total
[19.520s][info ][gc,heap        ] GC(811) ParNew: 140046K->396K(157376K)
[19.520s][info ][gc,heap        ] GC(811) CMS: 3753K->3753K(349568K)
[19.520s][info ][gc,metaspace   ] GC(811) Metaspace: 16024K(16640K)->16024K(16640K) NonClass: 14283K(14592K)->14283K(14592K) Class: 1740K(2048K)->1740K(2048K)
[19.520s][info ][gc             ] GC(811) Pause Young (Allocation Failure) 140M->4M(495M) 0.329ms
[19.520s][info ][gc,cpu         ] GC(811) User=0.00s Sys=0.00s Real=0.00s
[19.529s][info ][gc,start       ] GC(812) Pause Young (Allocation Failure)
[19.530s][info ][gc,task        ] GC(812) Using 9 workers of 9 for evacuation
[19.530s][debug][gc,age         ] GC(812) Desired survivor size 8945664 bytes, new threshold 6 (max threshold 6)
[19.530s][trace][gc,age         ] GC(812) Age table with threshold 6 (max threshold 6)
[19.530s][trace][gc,age         ] GC(812) - age   1:     400208 bytes,     400208 total
[19.530s][info ][gc,heap        ] GC(812) ParNew: 140300K->396K(157376K)
[19.530s][info ][gc,heap        ] GC(812) CMS: 3753K->3753K(349568K)
[19.530s][info ][gc,metaspace   ] GC(812) Metaspace: 16024K(16640K)->16024K(16640K) NonClass: 14283K(14592K)->14283K(14592K) Class: 1740K(2048K)->1740K(2048K)
[19.530s][info ][gc             ] GC(812) Pause Young (Allocation Failure) 140M->4M(495M) 0.381ms
[19.530s][info ][gc,cpu         ] GC(812) User=0.01s Sys=0.00s Real=0.00s
[19.539s][info ][gc,start       ] GC(813) Pause Young (Allocation Failure)
[19.539s][info ][gc,task        ] GC(813) Using 9 workers of 9 for evacuation
[19.540s][debug][gc,age         ] GC(813) Desired survivor size 8945664 bytes, new threshold 6 (max threshold 6)
[19.540s][trace][gc,age         ] GC(813) Age table with threshold 6 (max threshold 6)
[19.540s][trace][gc,age         ] GC(813) - age   1:        192 bytes,        192 total
[19.540s][info ][gc,heap        ] GC(813) ParNew: 140233K->6K(157376K)
[19.540s][info ][gc,heap        ] GC(813) CMS: 3753K->3753K(349568K)
[19.540s][info ][gc,metaspace   ] GC(813) Metaspace: 16024K(16640K)->16024K(16640K) NonClass: 14283K(14592K)->14283K(14592K) Class: 1740K(2048K)->1740K(2048K)
[19.540s][info ][gc             ] GC(813) Pause Young (Allocation Failure) 140M->3M(495M) 0.452ms
[19.540s][info ][gc,cpu         ] GC(813) User=0.01s Sys=0.00s Real=0.00s
[19.549s][info ][gc,start       ] GC(814) Pause Young (Allocation Failure)
[19.549s][info ][gc,task        ] GC(814) Using 9 workers of 9 for evacuation
[19.550s][debug][gc,age         ] GC(814) Desired survivor size 8945664 bytes, new threshold 6 (max threshold 6)
[19.550s][trace][gc,age         ] GC(814) Age table with threshold 6 (max threshold 6)
[19.550s][trace][gc,age         ] GC(814) - age   1:     400208 bytes,     400208 total
[19.550s][info ][gc,heap        ] GC(814) ParNew: 139874K->396K(157376K)
[19.550s][info ][gc,heap        ] GC(814) CMS: 3753K->3753K(349568K)
[19.550s][info ][gc,metaspace   ] GC(814) Metaspace: 16024K(16640K)->16024K(16640K) NonClass: 14283K(14592K)->14283K(14592K) Class: 1740K(2048K)->1740K(2048K)
[19.550s][info ][gc             ] GC(814) Pause Young (Allocation Failure) 140M->4M(495M) 0.402ms
[19.550s][info ][gc,cpu         ] GC(814) User=0.00s Sys=0.00s Real=0.00s
[19.559s][info ][gc,start       ] GC(815) Pause Young (Allocation Failure)
[19.559s][info ][gc,task        ] GC(815) Using 9 workers of 9 for evacuation
[19.560s][debug][gc,age         ] GC(815) Desired survivor size 8945664 bytes, new threshold 6 (max threshold 6)
[19.560s][trace][gc,age         ] GC(815) Age table with threshold 6 (max threshold 6)
[19.560s][trace][gc,age         ] GC(815) - age   1:        192 bytes,        192 total
[19.560s][info ][gc,heap        ] GC(815) ParNew: 140240K->6K(157376K)
[19.560s][info ][gc,heap        ] GC(815) CMS: 3753K->3753K(349568K)
[19.560s][info ][gc,metaspace   ] GC(815) Metaspace: 16024K(16640K)->16024K(16640K) NonClass: 14283K(14592K)->14283K(14592K) Class: 1740K(2048K)->1740K(2048K)
[19.560s][info ][gc             ] GC(815) Pause Young (Allocation Failure) 140M->3M(495M) 0.374ms
[19.560s][info ][gc,cpu         ] GC(815) User=0.00s Sys=0.00s Real=0.00s
[19.569s][info ][gc,start       ] GC(816) Pause Young (Allocation Failure)
[19.569s][info ][gc,task        ] GC(816) Using 9 workers of 9 for evacuation
[19.570s][debug][gc,age         ] GC(816) Desired survivor size 8945664 bytes, new threshold 6 (max threshold 6)
[19.570s][trace][gc,age         ] GC(816) Age table with threshold 6 (max threshold 6)
[19.570s][trace][gc,age         ] GC(816) - age   1:     400208 bytes,     400208 total
[19.570s][info ][gc,heap        ] GC(816) ParNew: 139889K->396K(157376K)
[19.570s][info ][gc,heap        ] GC(816) CMS: 3753K->3753K(349568K)
[19.570s][info ][gc,metaspace   ] GC(816) Metaspace: 16024K(16640K)->16024K(16640K) NonClass: 14283K(14592K)->14283K(14592K) Class: 1740K(2048K)->1740K(2048K)
[19.570s][info ][gc             ] GC(816) Pause Young (Allocation Failure) 140M->4M(495M) 0.452ms
[19.570s][info ][gc,cpu         ] GC(816) User=0.00s Sys=0.00s Real=0.00s
[19.579s][info ][gc,start       ] GC(817) Pause Young (Allocation Failure)
[19.579s][info ][gc,task        ] GC(817) Using 9 workers of 9 for evacuation
[19.580s][debug][gc,age         ] GC(817) Desired survivor size 8945664 bytes, new threshold 6 (max threshold 6)
[19.580s][trace][gc,age         ] GC(817) Age table with threshold 6 (max threshold 6)
[19.580s][trace][gc,age         ] GC(817) - age   1:        192 bytes,        192 total
[19.580s][info ][gc,heap        ] GC(817) ParNew: 140275K->8K(157376K)
[19.580s][info ][gc,heap        ] GC(817) CMS: 3753K->3753K(349568K)
[19.580s][info ][gc,metaspace   ] GC(817) Metaspace: 16024K(16640K)->16024K(16640K) NonClass: 14283K(14592K)->14283K(14592K) Class: 1740K(2048K)->1740K(2048K)
[19.580s][info ][gc             ] GC(817) Pause Young (Allocation Failure) 140M->3M(495M) 0.434ms
[19.580s][info ][gc,cpu         ] GC(817) User=0.00s Sys=0.00s Real=0.00s
[19.589s][info ][gc,start       ] GC(818) Pause Young (Allocation Failure)
[19.589s][info ][gc,task        ] GC(818) Using 9 workers of 9 for evacuation
[19.590s][debug][gc,age         ] GC(818) Desired survivor size 8945664 bytes, new threshold 6 (max threshold 6)
[19.590s][trace][gc,age         ] GC(818) Age table with threshold 6 (max threshold 6)
[19.590s][trace][gc,age         ] GC(818) - age   1:     400208 bytes,     400208 total
[19.590s][info ][gc,heap        ] GC(818) ParNew: 139798K->394K(157376K)
[19.590s][info ][gc,heap        ] GC(818) CMS: 3753K->3753K(349568K)
[19.590s][info ][gc,metaspace   ] GC(818) Metaspace: 16024K(16640K)->16024K(16640K) NonClass: 14283K(14592K)->14283K(14592K) Class: 1740K(2048K)->1740K(2048K)
[19.590s][info ][gc             ] GC(818) Pause Young (Allocation Failure) 140M->4M(495M) 0.474ms
[19.590s][info ][gc,cpu         ] GC(818) User=0.00s Sys=0.00s Real=0.00s
[19.599s][info ][gc,start       ] GC(819) Pause Young (Allocation Failure)
[19.599s][info ][gc,task        ] GC(819) Using 9 workers of 9 for evacuation
[19.600s][debug][gc,age         ] GC(819) Desired survivor size 8945664 bytes, new threshold 6 (max threshold 6)
[19.600s][trace][gc,age         ] GC(819) Age table with threshold 6 (max threshold 6)
[19.600s][trace][gc,age         ] GC(819) - age   1:        192 bytes,        192 total
[19.600s][info ][gc,heap        ] GC(819) ParNew: 140260K->6K(157376K)
[19.600s][info ][gc,heap        ] GC(819) CMS: 3753K->3753K(349568K)
[19.600s][info ][gc,metaspace   ] GC(819) Metaspace: 16024K(16640K)->16024K(16640K) NonClass: 14283K(14592K)->14283K(14592K) Class: 1740K(2048K)->1740K(2048K)
[19.600s][info ][gc             ] GC(819) Pause Young (Allocation Failure) 140M->3M(495M) 0.467ms
[19.600s][info ][gc,cpu         ] GC(819) User=0.00s Sys=0.00s Real=0.00s
[19.609s][info ][gc,start       ] GC(820) Pause Young (Allocation Failure)
[19.609s][info ][gc,task        ] GC(820) Using 9 workers of 9 for evacuation
[19.610s][debug][gc,age         ] GC(820) Desired survivor size 8945664 bytes, new threshold 6 (max threshold 6)
[19.610s][trace][gc,age         ] GC(820) Age table with threshold 6 (max threshold 6)
[19.610s][trace][gc,age         ] GC(820) - age   1:        192 bytes,        192 total
[19.610s][info ][gc,heap        ] GC(820) ParNew: 139597K->6K(157376K)
[19.610s][info ][gc,heap        ] GC(820) CMS: 3753K->3753K(349568K)
[19.610s][info ][gc,metaspace   ] GC(820) Metaspace: 16024K(16640K)->16024K(16640K) NonClass: 14283K(14592K)->14283K(14592K) Class: 1740K(2048K)->1740K(2048K)
[19.610s][info ][gc             ] GC(820) Pause Young (Allocation Failure) 139M->3M(495M) 0.416ms
[19.610s][info ][gc,cpu         ] GC(820) User=0.01s Sys=0.00s Real=0.00s
[19.619s][info ][gc,start       ] GC(821) Pause Young (Allocation Failure)
[19.619s][info ][gc,task        ] GC(821) Using 9 workers of 9 for evacuation
[19.620s][debug][gc,age         ] GC(821) Desired survivor size 8945664 bytes, new threshold 6 (max threshold 6)
[19.620s][trace][gc,age         ] GC(821) Age table with threshold 6 (max threshold 6)
[19.620s][trace][gc,age         ] GC(821) - age   1:     400208 bytes,     400208 total
[19.620s][info ][gc,heap        ] GC(821) ParNew: 139896K->398K(157376K)
[19.620s][info ][gc,heap        ] GC(821) CMS: 3753K->3753K(349568K)
[19.620s][info ][gc,metaspace   ] GC(821) Metaspace: 16024K(16640K)->16024K(16640K) NonClass: 14283K(14592K)->14283K(14592K) Class: 1740K(2048K)->1740K(2048K)
[19.620s][info ][gc             ] GC(821) Pause Young (Allocation Failure) 140M->4M(495M) 0.448ms
[19.620s][info ][gc,cpu         ] GC(821) User=0.01s Sys=0.00s Real=0.00s
[19.629s][info ][gc,start       ] GC(822) Pause Young (Allocation Failure)
[19.629s][info ][gc,task        ] GC(822) Using 9 workers of 9 for evacuation
[19.630s][debug][gc,age         ] GC(822) Desired survivor size 8945664 bytes, new threshold 6 (max threshold 6)
[19.630s][trace][gc,age         ] GC(822) Age table with threshold 6 (max threshold 6)
[19.630s][trace][gc,age         ] GC(822) - age   1:     400208 bytes,     400208 total
[19.630s][info ][gc,heap        ] GC(822) ParNew: 139927K->396K(157376K)
[19.630s][info ][gc,heap        ] GC(822) CMS: 3753K->3753K(349568K)
[19.630s][info ][gc,metaspace   ] GC(822) Metaspace: 16024K(16640K)->16024K(16640K) NonClass: 14283K(14592K)->14283K(14592K) Class: 1740K(2048K)->1740K(2048K)
[19.630s][info ][gc             ] GC(822) Pause Young (Allocation Failure) 140M->4M(495M) 0.462ms
[19.630s][info ][gc,cpu         ] GC(822) User=0.00s Sys=0.00s Real=0.00s
[19.639s][info ][gc,start       ] GC(823) Pause Young (Allocation Failure)
[19.639s][info ][gc,task        ] GC(823) Using 9 workers of 9 for evacuation
[19.640s][debug][gc,age         ] GC(823) Desired survivor size 8945664 bytes, new threshold 6 (max threshold 6)
[19.640s][trace][gc,age         ] GC(823) Age table with threshold 6 (max threshold 6)
[19.640s][trace][gc,age         ] GC(823) - age   1:        192 bytes,        192 total
[19.640s][info ][gc,heap        ] GC(823) ParNew: 140223K->6K(157376K)
[19.640s][info ][gc,heap        ] GC(823) CMS: 3753K->3753K(349568K)
[19.640s][info ][gc,metaspace   ] GC(823) Metaspace: 16024K(16640K)->16024K(16640K) NonClass: 14283K(14592K)->14283K(14592K) Class: 1740K(2048K)->1740K(2048K)
[19.640s][info ][gc             ] GC(823) Pause Young (Allocation Failure) 140M->3M(495M) 0.325ms
[19.640s][info ][gc,cpu         ] GC(823) User=0.00s Sys=0.00s Real=0.00s
[19.649s][info ][gc,start       ] GC(824) Pause Young (Allocation Failure)
[19.649s][info ][gc,task        ] GC(824) Using 9 workers of 9 for evacuation
[19.650s][debug][gc,age         ] GC(824) Desired survivor size 8945664 bytes, new threshold 6 (max threshold 6)
[19.650s][trace][gc,age         ] GC(824) Age table with threshold 6 (max threshold 6)
[19.650s][trace][gc,age         ] GC(824) - age   1:        656 bytes,        656 total
[19.650s][info ][gc,heap        ] GC(824) ParNew: 139522K->10K(157376K)
[19.650s][info ][gc,heap        ] GC(824) CMS: 3753K->3753K(349568K)
[19.650s][info ][gc,metaspace   ] GC(824) Metaspace: 16024K(16640K)->16024K(16640K) NonClass: 14283K(14592K)->14283K(14592K) Class: 1740K(2048K)->1740K(2048K)
[19.650s][info ][gc             ] GC(824) Pause Young (Allocation Failure) 139M->3M(495M) 0.462ms
[19.650s][info ][gc,cpu         ] GC(824) User=0.00s Sys=0.00s Real=0.00s
[19.659s][info ][gc,start       ] GC(825) Pause Young (Allocation Failure)
[19.659s][info ][gc,task        ] GC(825) Using 9 workers of 9 for evacuation
[19.660s][debug][gc,age         ] GC(825) Desired survivor size 8945664 bytes, new threshold 6 (max threshold 6)
[19.660s][trace][gc,age         ] GC(825) Age table with threshold 6 (max threshold 6)
[19.660s][trace][gc,age         ] GC(825) - age   1:     400208 bytes,     400208 total
[19.660s][trace][gc,age         ] GC(825) - age   2:        464 bytes,     400672 total
[19.660s][info ][gc,heap        ] GC(825) ParNew: 139866K->398K(157376K)
[19.660s][info ][gc,heap        ] GC(825) CMS: 3753K->3753K(349568K)
[19.660s][info ][gc,metaspace   ] GC(825) Metaspace: 16024K(16640K)->16024K(16640K) NonClass: 14283K(14592K)->14283K(14592K) Class: 1740K(2048K)->1740K(2048K)
[19.660s][info ][gc             ] GC(825) Pause Young (Allocation Failure) 140M->4M(495M) 0.550ms
[19.660s][info ][gc,cpu         ] GC(825) User=0.00s Sys=0.00s Real=0.00s
[19.669s][info ][gc,start       ] GC(826) Pause Young (Allocation Failure)
[19.669s][info ][gc,task        ] GC(826) Using 9 workers of 9 for evacuation
[19.670s][debug][gc,age         ] GC(826) Desired survivor size 8945664 bytes, new threshold 6 (max threshold 6)
[19.670s][trace][gc,age         ] GC(826) Age table with threshold 6 (max threshold 6)
[19.670s][trace][gc,age         ] GC(826) - age   1:        656 bytes,        656 total
[19.670s][trace][gc,age         ] GC(826) - age   3:         64 bytes,        720 total
[19.670s][info ][gc,heap        ] GC(826) ParNew: 140069K->10K(157376K)
[19.670s][info ][gc,heap        ] GC(826) CMS: 3753K->3753K(349568K)
[19.670s][info ][gc,metaspace   ] GC(826) Metaspace: 16024K(16640K)->16024K(16640K) NonClass: 14283K(14592K)->14283K(14592K) Class: 1740K(2048K)->1740K(2048K)
[19.670s][info ][gc             ] GC(826) Pause Young (Allocation Failure) 140M->3M(495M) 0.505ms
[19.670s][info ][gc,cpu         ] GC(826) User=0.00s Sys=0.00s Real=0.00s
[19.680s][info ][gc,start       ] GC(827) Pause Young (Allocation Failure)
[19.680s][info ][gc,task        ] GC(827) Using 9 workers of 9 for evacuation
[19.680s][debug][gc,age         ] GC(827) Desired survivor size 8945664 bytes, new threshold 6 (max threshold 6)
[19.680s][trace][gc,age         ] GC(827) Age table with threshold 6 (max threshold 6)
[19.680s][trace][gc,age         ] GC(827) - age   1:        720 bytes,        720 total
[19.680s][info ][gc,heap        ] GC(827) ParNew: 139531K->10K(157376K)
[19.680s][info ][gc,heap        ] GC(827) CMS: 3753K->3753K(349568K)
[19.680s][info ][gc,metaspace   ] GC(827) Metaspace: 16024K(16640K)->16024K(16640K) NonClass: 14283K(14592K)->14283K(14592K) Class: 1740K(2048K)->1740K(2048K)
[19.680s][info ][gc             ] GC(827) Pause Young (Allocation Failure) 139M->3M(495M) 0.469ms
[19.680s][info ][gc,cpu         ] GC(827) User=0.00s Sys=0.01s Real=0.00s
[19.690s][info ][gc,start       ] GC(828) Pause Young (Allocation Failure)
[19.690s][info ][gc,task        ] GC(828) Using 9 workers of 9 for evacuation
[19.691s][debug][gc,age         ] GC(828) Desired survivor size 8945664 bytes, new threshold 6 (max threshold 6)
[19.691s][trace][gc,age         ] GC(828) Age table with threshold 6 (max threshold 6)
[19.691s][trace][gc,age         ] GC(828) - age   1:        720 bytes,        720 total
[19.691s][info ][gc,heap        ] GC(828) ParNew: 139586K->12K(157376K)
[19.691s][info ][gc,heap        ] GC(828) CMS: 3753K->3753K(349568K)
[19.691s][info ][gc,metaspace   ] GC(828) Metaspace: 16024K(16640K)->16024K(16640K) NonClass: 14283K(14592K)->14283K(14592K) Class: 1740K(2048K)->1740K(2048K)
[19.691s][info ][gc             ] GC(828) Pause Young (Allocation Failure) 139M->3M(495M) 0.664ms
[19.691s][info ][gc,cpu         ] GC(828) User=0.00s Sys=0.00s Real=0.00s
[19.700s][info ][gc,start       ] GC(829) Pause Young (Allocation Failure)
[19.701s][info ][gc,task        ] GC(829) Using 9 workers of 9 for evacuation
[19.701s][debug][gc,age         ] GC(829) Desired survivor size 8945664 bytes, new threshold 6 (max threshold 6)
[19.701s][trace][gc,age         ] GC(829) Age table with threshold 6 (max threshold 6)
[19.701s][trace][gc,age         ] GC(829) - age   1:     400464 bytes,     400464 total
[19.701s][info ][gc,heap        ] GC(829) ParNew: 139916K->402K(157376K)
[19.701s][info ][gc,heap        ] GC(829) CMS: 3753K->3753K(349568K)
[19.701s][info ][gc,metaspace   ] GC(829) Metaspace: 16024K(16640K)->16024K(16640K) NonClass: 14283K(14592K)->14283K(14592K) Class: 1740K(2048K)->1740K(2048K)
[19.701s][info ][gc             ] GC(829) Pause Young (Allocation Failure) 140M->4M(495M) 0.514ms
[19.701s][info ][gc,cpu         ] GC(829) User=0.00s Sys=0.00s Real=0.00s
[19.711s][info ][gc,start       ] GC(830) Pause Young (Allocation Failure)
[19.711s][info ][gc,task        ] GC(830) Using 9 workers of 9 for evacuation
[19.711s][debug][gc,age         ] GC(830) Desired survivor size 8945664 bytes, new threshold 6 (max threshold 6)
[19.711s][trace][gc,age         ] GC(830) Age table with threshold 6 (max threshold 6)
[19.711s][trace][gc,age         ] GC(830) - age   1:        720 bytes,        720 total
[19.711s][info ][gc,heap        ] GC(830) ParNew: 140113K->12K(157376K)
[19.711s][info ][gc,heap        ] GC(830) CMS: 3753K->3753K(349568K)
[19.711s][info ][gc,metaspace   ] GC(830) Metaspace: 16025K(16640K)->16025K(16640K) NonClass: 14284K(14592K)->14284K(14592K) Class: 1740K(2048K)->1740K(2048K)
[19.711s][info ][gc             ] GC(830) Pause Young (Allocation Failure) 140M->3M(495M) 0.469ms
[19.711s][info ][gc,cpu         ] GC(830) User=0.00s Sys=0.00s Real=0.00s
[19.722s][info ][gc,start       ] GC(831) Pause Young (Allocation Failure)
[19.722s][info ][gc,task        ] GC(831) Using 9 workers of 9 for evacuation
[19.722s][debug][gc,age         ] GC(831) Desired survivor size 8945664 bytes, new threshold 6 (max threshold 6)
[19.722s][trace][gc,age         ] GC(831) Age table with threshold 6 (max threshold 6)
[19.722s][trace][gc,age         ] GC(831) - age   1:        720 bytes,        720 total
[19.722s][info ][gc,heap        ] GC(831) ParNew: 139729K->12K(157376K)
[19.722s][info ][gc,heap        ] GC(831) CMS: 3753K->3753K(349568K)
[19.722s][info ][gc,metaspace   ] GC(831) Metaspace: 16025K(16640K)->16025K(16640K) NonClass: 14284K(14592K)->14284K(14592K) Class: 1740K(2048K)->1740K(2048K)
[19.722s][info ][gc             ] GC(831) Pause Young (Allocation Failure) 140M->3M(495M) 0.442ms
[19.722s][info ][gc,cpu         ] GC(831) User=0.00s Sys=0.00s Real=0.00s
[19.732s][info ][gc,start       ] GC(832) Pause Young (Allocation Failure)
[19.732s][info ][gc,task        ] GC(832) Using 9 workers of 9 for evacuation
[19.732s][debug][gc,age         ] GC(832) Desired survivor size 8945664 bytes, new threshold 6 (max threshold 6)
[19.732s][trace][gc,age         ] GC(832) Age table with threshold 6 (max threshold 6)
[19.732s][trace][gc,age         ] GC(832) - age   1:        608 bytes,        608 total
[19.732s][info ][gc,heap        ] GC(832) ParNew: 139826K->10K(157376K)
[19.732s][info ][gc,heap        ] GC(832) CMS: 3753K->3753K(349568K)
[19.732s][info ][gc,metaspace   ] GC(832) Metaspace: 16025K(16640K)->16025K(16640K) NonClass: 14284K(14592K)->14284K(14592K) Class: 1740K(2048K)->1740K(2048K)
[19.732s][info ][gc             ] GC(832) Pause Young (Allocation Failure) 140M->3M(495M) 0.427ms
[19.732s][info ][gc,cpu         ] GC(832) User=0.00s Sys=0.00s Real=0.00s
[19.742s][info ][gc,start       ] GC(833) Pause Young (Allocation Failure)
[19.742s][info ][gc,task        ] GC(833) Using 9 workers of 9 for evacuation
[19.743s][debug][gc,age         ] GC(833) Desired survivor size 8945664 bytes, new threshold 6 (max threshold 6)
[19.743s][trace][gc,age         ] GC(833) Age table with threshold 6 (max threshold 6)
[19.743s][trace][gc,age         ] GC(833) - age   1:     400624 bytes,     400624 total
[19.743s][info ][gc,heap        ] GC(833) ParNew: 139592K->400K(157376K)
[19.743s][info ][gc,heap        ] GC(833) CMS: 3753K->3753K(349568K)
[19.743s][info ][gc,metaspace   ] GC(833) Metaspace: 16025K(16640K)->16025K(16640K) NonClass: 14284K(14592K)->14284K(14592K) Class: 1740K(2048K)->1740K(2048K)
[19.743s][info ][gc             ] GC(833) Pause Young (Allocation Failure) 139M->4M(495M) 0.424ms
[19.743s][info ][gc,cpu         ] GC(833) User=0.00s Sys=0.00s Real=0.00s
[19.753s][info ][gc,start       ] GC(834) Pause Young (Allocation Failure)
[19.753s][info ][gc,task        ] GC(834) Using 9 workers of 9 for evacuation
[19.753s][debug][gc,age         ] GC(834) Desired survivor size 8945664 bytes, new threshold 6 (max threshold 6)
[19.753s][trace][gc,age         ] GC(834) Age table with threshold 6 (max threshold 6)
[19.753s][trace][gc,age         ] GC(834) - age   1:        528 bytes,        528 total
[19.753s][trace][gc,age         ] GC(834) - age   2:         32 bytes,        560 total
[19.753s][info ][gc,heap        ] GC(834) ParNew: 140304K->12K(157376K)
[19.753s][info ][gc,heap        ] GC(834) CMS: 3753K->3753K(349568K)
[19.753s][info ][gc,metaspace   ] GC(834) Metaspace: 16025K(16640K)->16025K(16640K) NonClass: 14284K(14592K)->14284K(14592K) Class: 1740K(2048K)->1740K(2048K)
[19.753s][info ][gc             ] GC(834) Pause Young (Allocation Failure) 140M->3M(495M) 0.453ms
[19.753s][info ][gc,cpu         ] GC(834) User=0.00s Sys=0.00s Real=0.00s
[19.763s][info ][gc,start       ] GC(835) Pause Young (Allocation Failure)
[19.763s][info ][gc,task        ] GC(835) Using 9 workers of 9 for evacuation
[19.763s][debug][gc,age         ] GC(835) Desired survivor size 8945664 bytes, new threshold 6 (max threshold 6)
[19.763s][trace][gc,age         ] GC(835) Age table with threshold 6 (max threshold 6)
[19.763s][trace][gc,age         ] GC(835) - age   1:        352 bytes,        352 total
[19.763s][trace][gc,age         ] GC(835) - age   2:         64 bytes,        416 total
[19.763s][trace][gc,age         ] GC(835) - age   3:         32 bytes,        448 total
[19.763s][info ][gc,heap        ] GC(835) ParNew: 139750K->8K(157376K)
[19.763s][info ][gc,heap        ] GC(835) CMS: 3753K->3753K(349568K)
[19.763s][info ][gc,metaspace   ] GC(835) Metaspace: 16025K(16640K)->16025K(16640K) NonClass: 14284K(14592K)->14284K(14592K) Class: 1740K(2048K)->1740K(2048K)
[19.763s][info ][gc             ] GC(835) Pause Young (Allocation Failure) 140M->3M(495M) 0.417ms
[19.763s][info ][gc,cpu         ] GC(835) User=0.00s Sys=0.00s Real=0.00s
[19.773s][info ][gc,start       ] GC(836) Pause Young (Allocation Failure)
[19.773s][info ][gc,task        ] GC(836) Using 9 workers of 9 for evacuation
[19.773s][debug][gc,age         ] GC(836) Desired survivor size 8945664 bytes, new threshold 6 (max threshold 6)
[19.773s][trace][gc,age         ] GC(836) Age table with threshold 6 (max threshold 6)
[19.773s][trace][gc,age         ] GC(836) - age   1:     400368 bytes,     400368 total
[19.773s][trace][gc,age         ] GC(836) - age   3:         64 bytes,     400432 total
[19.773s][trace][gc,age         ] GC(836) - age   4:         32 bytes,     400464 total
[19.773s][info ][gc,heap        ] GC(836) ParNew: 139644K->404K(157376K)
[19.773s][info ][gc,heap        ] GC(836) CMS: 3753K->3753K(349568K)
[19.773s][info ][gc,metaspace   ] GC(836) Metaspace: 16025K(16640K)->16025K(16640K) NonClass: 14284K(14592K)->14284K(14592K) Class: 1740K(2048K)->1740K(2048K)
[19.773s][info ][gc             ] GC(836) Pause Young (Allocation Failure) 140M->4M(495M) 0.400ms
[19.773s][info ][gc,cpu         ] GC(836) User=0.00s Sys=0.00s Real=0.00s
[19.783s][info ][gc,start       ] GC(837) Pause Young (Allocation Failure)
[19.783s][info ][gc,task        ] GC(837) Using 9 workers of 9 for evacuation
[19.783s][debug][gc,age         ] GC(837) Desired survivor size 8945664 bytes, new threshold 6 (max threshold 6)
[19.783s][trace][gc,age         ] GC(837) Age table with threshold 6 (max threshold 6)
[19.783s][trace][gc,age         ] GC(837) - age   1:        464 bytes,        464 total
[19.783s][trace][gc,age         ] GC(837) - age   4:         64 bytes,        528 total
[19.783s][trace][gc,age         ] GC(837) - age   5:         32 bytes,        560 total
[19.783s][info ][gc,heap        ] GC(837) ParNew: 140220K->10K(157376K)
[19.783s][info ][gc,heap        ] GC(837) CMS: 3753K->3753K(349568K)
[19.783s][info ][gc,metaspace   ] GC(837) Metaspace: 16025K(16640K)->16025K(16640K) NonClass: 14284K(14592K)->14284K(14592K) Class: 1740K(2048K)->1740K(2048K)
[19.783s][info ][gc             ] GC(837) Pause Young (Allocation Failure) 140M->3M(495M) 0.478ms
[19.783s][info ][gc,cpu         ] GC(837) User=0.00s Sys=0.00s Real=0.00s
[19.793s][info ][gc,start       ] GC(838) Pause Young (Allocation Failure)
[19.793s][info ][gc,task        ] GC(838) Using 9 workers of 9 for evacuation
[19.794s][debug][gc,age         ] GC(838) Desired survivor size 8945664 bytes, new threshold 6 (max threshold 6)
[19.794s][trace][gc,age         ] GC(838) Age table with threshold 6 (max threshold 6)
[19.794s][trace][gc,age         ] GC(838) - age   1:        464 bytes,        464 total
[19.794s][trace][gc,age         ] GC(838) - age   5:         64 bytes,        528 total
[19.794s][trace][gc,age         ] GC(838) - age   6:         32 bytes,        560 total
[19.794s][info ][gc,heap        ] GC(838) ParNew: 139803K->14K(157376K)
[19.794s][info ][gc,heap        ] GC(838) CMS: 3753K->3753K(349568K)
[19.794s][info ][gc,metaspace   ] GC(838) Metaspace: 16025K(16640K)->16025K(16640K) NonClass: 14284K(14592K)->14284K(14592K) Class: 1740K(2048K)->1740K(2048K)
[19.794s][info ][gc             ] GC(838) Pause Young (Allocation Failure) 140M->3M(495M) 0.397ms
[19.794s][info ][gc,cpu         ] GC(838) User=0.00s Sys=0.00s Real=0.00s
[19.804s][info ][gc,start       ] GC(839) Pause Young (Allocation Failure)
[19.804s][info ][gc,task        ] GC(839) Using 9 workers of 9 for evacuation
[19.804s][debug][gc,age         ] GC(839) Desired survivor size 8945664 bytes, new threshold 6 (max threshold 6)
[19.804s][trace][gc,age         ] GC(839) Age table with threshold 6 (max threshold 6)
[19.804s][trace][gc,age         ] GC(839) - age   1:        352 bytes,        352 total
[19.804s][trace][gc,age         ] GC(839) - age   6:         64 bytes,        416 total
[19.804s][info ][gc,heap        ] GC(839) ParNew: 139789K->12K(157376K)
[19.804s][info ][gc,heap        ] GC(839) CMS: 3753K->3753K(349568K)
[19.804s][info ][gc,metaspace   ] GC(839) Metaspace: 16025K(16640K)->16025K(16640K) NonClass: 14284K(14592K)->14284K(14592K) Class: 1740K(2048K)->1740K(2048K)
[19.804s][info ][gc             ] GC(839) Pause Young (Allocation Failure) 140M->3M(495M) 0.390ms
[19.804s][info ][gc,cpu         ] GC(839) User=0.00s Sys=0.00s Real=0.00s
[19.814s][info ][gc,start       ] GC(840) Pause Young (Allocation Failure)
[19.814s][info ][gc,task        ] GC(840) Using 9 workers of 9 for evacuation
[19.814s][debug][gc,age         ] GC(840) Desired survivor size 8945664 bytes, new threshold 6 (max threshold 6)
[19.814s][trace][gc,age         ] GC(840) Age table with threshold 6 (max threshold 6)
[19.814s][trace][gc,age         ] GC(840) - age   1:        192 bytes,        192 total
[19.814s][trace][gc,age         ] GC(840) - age   2:        160 bytes,        352 total
[19.814s][info ][gc,heap        ] GC(840) ParNew: 139583K->10K(157376K)
[19.814s][info ][gc,heap        ] GC(840) CMS: 3753K->3753K(349568K)
[19.815s][info ][gc,metaspace   ] GC(840) Metaspace: 16025K(16640K)->16025K(16640K) NonClass: 14284K(14592K)->14284K(14592K) Class: 1740K(2048K)->1740K(2048K)
[19.815s][info ][gc             ] GC(840) Pause Young (Allocation Failure) 139M->3M(495M) 0.469ms
[19.815s][info ][gc,cpu         ] GC(840) User=0.01s Sys=0.00s Real=0.00s
[19.824s][info ][gc,start       ] GC(841) Pause Young (Allocation Failure)
[19.824s][info ][gc,task        ] GC(841) Using 9 workers of 9 for evacuation
[19.824s][debug][gc,age         ] GC(841) Desired survivor size 8945664 bytes, new threshold 6 (max threshold 6)
[19.824s][trace][gc,age         ] GC(841) Age table with threshold 6 (max threshold 6)
[19.825s][trace][gc,age         ] GC(841) - age   1:        192 bytes,        192 total
[19.825s][trace][gc,age         ] GC(841) - age   3:        160 bytes,        352 total
[19.825s][info ][gc,heap        ] GC(841) ParNew: 139572K->12K(157376K)
[19.825s][info ][gc,heap        ] GC(841) CMS: 3753K->3753K(349568K)
[19.825s][info ][gc,metaspace   ] GC(841) Metaspace: 16025K(16640K)->16025K(16640K) NonClass: 14284K(14592K)->14284K(14592K) Class: 1740K(2048K)->1740K(2048K)
[19.825s][info ][gc             ] GC(841) Pause Young (Allocation Failure) 139M->3M(495M) 0.433ms
[19.825s][info ][gc,cpu         ] GC(841) User=0.01s Sys=0.00s Real=0.00s
[19.834s][info ][gc,start       ] GC(842) Pause Young (Allocation Failure)
[19.834s][info ][gc,task        ] GC(842) Using 9 workers of 9 for evacuation
[19.834s][debug][gc,age         ] GC(842) Desired survivor size 8945664 bytes, new threshold 6 (max threshold 6)
[19.834s][trace][gc,age         ] GC(842) Age table with threshold 6 (max threshold 6)
[19.834s][trace][gc,age         ] GC(842) - age   1:        192 bytes,        192 total
[19.834s][trace][gc,age         ] GC(842) - age   4:        160 bytes,        352 total
[19.834s][info ][gc,heap        ] GC(842) ParNew: 139527K->10K(157376K)
[19.834s][info ][gc,heap        ] GC(842) CMS: 3753K->3753K(349568K)
[19.834s][info ][gc,metaspace   ] GC(842) Metaspace: 16025K(16640K)->16025K(16640K) NonClass: 14284K(14592K)->14284K(14592K) Class: 1740K(2048K)->1740K(2048K)
[19.834s][info ][gc             ] GC(842) Pause Young (Allocation Failure) 139M->3M(495M) 0.413ms
[19.834s][info ][gc,cpu         ] GC(842) User=0.00s Sys=0.00s Real=0.00s
[19.844s][info ][gc,start       ] GC(843) Pause Young (Allocation Failure)
[19.844s][info ][gc,task        ] GC(843) Using 9 workers of 9 for evacuation
[19.844s][debug][gc,age         ] GC(843) Desired survivor size 8945664 bytes, new threshold 6 (max threshold 6)
[19.844s][trace][gc,age         ] GC(843) Age table with threshold 6 (max threshold 6)
[19.844s][trace][gc,age         ] GC(843) - age   1:     400208 bytes,     400208 total
[19.844s][trace][gc,age         ] GC(843) - age   5:        160 bytes,     400368 total
[19.844s][info ][gc,heap        ] GC(843) ParNew: 139892K->400K(157376K)
[19.844s][info ][gc,heap        ] GC(843) CMS: 3753K->3753K(349568K)
[19.844s][info ][gc,metaspace   ] GC(843) Metaspace: 16025K(16640K)->16025K(16640K) NonClass: 14284K(14592K)->14284K(14592K) Class: 1740K(2048K)->1740K(2048K)
[19.844s][info ][gc             ] GC(843) Pause Young (Allocation Failure) 140M->4M(495M) 0.418ms
[19.844s][info ][gc,cpu         ] GC(843) User=0.00s Sys=0.00s Real=0.00s
[19.854s][info ][gc,start       ] GC(844) Pause Young (Allocation Failure)
[19.854s][info ][gc,task        ] GC(844) Using 9 workers of 9 for evacuation
[19.854s][debug][gc,age         ] GC(844) Desired survivor size 8945664 bytes, new threshold 6 (max threshold 6)
[19.854s][trace][gc,age         ] GC(844) Age table with threshold 6 (max threshold 6)
[19.854s][trace][gc,age         ] GC(844) - age   1:     400208 bytes,     400208 total
[19.854s][trace][gc,age         ] GC(844) - age   6:        160 bytes,     400368 total
[19.854s][info ][gc,heap        ] GC(844) ParNew: 139987K->400K(157376K)
[19.854s][info ][gc,heap        ] GC(844) CMS: 3753K->3753K(349568K)
[19.854s][info ][gc,metaspace   ] GC(844) Metaspace: 16025K(16640K)->16025K(16640K) NonClass: 14284K(14592K)->14284K(14592K) Class: 1740K(2048K)->1740K(2048K)
[19.854s][info ][gc             ] GC(844) Pause Young (Allocation Failure) 140M->4M(495M) 0.377ms
[19.854s][info ][gc,cpu         ] GC(844) User=0.00s Sys=0.00s Real=0.00s
[19.864s][info ][gc,start       ] GC(845) Pause Young (Allocation Failure)
[19.864s][info ][gc,task        ] GC(845) Using 9 workers of 9 for evacuation
[19.864s][debug][gc,age         ] GC(845) Desired survivor size 8945664 bytes, new threshold 6 (max threshold 6)
[19.864s][trace][gc,age         ] GC(845) Age table with threshold 6 (max threshold 6)
[19.864s][trace][gc,age         ] GC(845) - age   1:        192 bytes,        192 total
[19.864s][info ][gc,heap        ] GC(845) ParNew: 140241K->6K(157376K)
[19.864s][info ][gc,heap        ] GC(845) CMS: 3753K->3754K(349568K)
[19.864s][info ][gc,metaspace   ] GC(845) Metaspace: 16025K(16640K)->16025K(16640K) NonClass: 14284K(14592K)->14284K(14592K) Class: 1740K(2048K)->1740K(2048K)
[19.864s][info ][gc             ] GC(845) Pause Young (Allocation Failure) 140M->3M(495M) 0.427ms
[19.864s][info ][gc,cpu         ] GC(845) User=0.00s Sys=0.00s Real=0.00s
[19.874s][info ][gc,start       ] GC(846) Pause Young (Allocation Failure)
[19.874s][info ][gc,task        ] GC(846) Using 9 workers of 9 for evacuation
[19.874s][debug][gc,age         ] GC(846) Desired survivor size 8945664 bytes, new threshold 6 (max threshold 6)
[19.874s][trace][gc,age         ] GC(846) Age table with threshold 6 (max threshold 6)
[19.874s][trace][gc,age         ] GC(846) - age   1:     400208 bytes,     400208 total
[19.874s][info ][gc,heap        ] GC(846) ParNew: 139901K->398K(157376K)
[19.874s][info ][gc,heap        ] GC(846) CMS: 3754K->3754K(349568K)
[19.874s][info ][gc,metaspace   ] GC(846) Metaspace: 16025K(16640K)->16025K(16640K) NonClass: 14284K(14592K)->14284K(14592K) Class: 1740K(2048K)->1740K(2048K)
[19.874s][info ][gc             ] GC(846) Pause Young (Allocation Failure) 140M->4M(495M) 0.360ms
[19.874s][info ][gc,cpu         ] GC(846) User=0.00s Sys=0.00s Real=0.00s
[19.884s][info ][gc,start       ] GC(847) Pause Young (Allocation Failure)
[19.884s][info ][gc,task        ] GC(847) Using 9 workers of 9 for evacuation
[19.884s][debug][gc,age         ] GC(847) Desired survivor size 8945664 bytes, new threshold 6 (max threshold 6)
[19.884s][trace][gc,age         ] GC(847) Age table with threshold 6 (max threshold 6)
[19.884s][trace][gc,age         ] GC(847) - age   1:     400208 bytes,     400208 total
[19.884s][info ][gc,heap        ] GC(847) ParNew: 139917K->398K(157376K)
[19.884s][info ][gc,heap        ] GC(847) CMS: 3754K->3754K(349568K)
[19.884s][info ][gc,metaspace   ] GC(847) Metaspace: 16025K(16640K)->16025K(16640K) NonClass: 14284K(14592K)->14284K(14592K) Class: 1740K(2048K)->1740K(2048K)
[19.884s][info ][gc             ] GC(847) Pause Young (Allocation Failure) 140M->4M(495M) 0.514ms
[19.884s][info ][gc,cpu         ] GC(847) User=0.00s Sys=0.00s Real=0.00s
[19.894s][info ][gc,start       ] GC(848) Pause Young (Allocation Failure)
[19.894s][info ][gc,task        ] GC(848) Using 9 workers of 9 for evacuation
[19.894s][debug][gc,age         ] GC(848) Desired survivor size 8945664 bytes, new threshold 6 (max threshold 6)
[19.894s][trace][gc,age         ] GC(848) Age table with threshold 6 (max threshold 6)
[19.894s][trace][gc,age         ] GC(848) - age   1:     400208 bytes,     400208 total
[19.894s][info ][gc,heap        ] GC(848) ParNew: 140057K->396K(157376K)
[19.894s][info ][gc,heap        ] GC(848) CMS: 3754K->3754K(349568K)
[19.894s][info ][gc,metaspace   ] GC(848) Metaspace: 16025K(16640K)->16025K(16640K) NonClass: 14284K(14592K)->14284K(14592K) Class: 1740K(2048K)->1740K(2048K)
[19.894s][info ][gc             ] GC(848) Pause Young (Allocation Failure) 140M->4M(495M) 0.487ms
[19.894s][info ][gc,cpu         ] GC(848) User=0.00s Sys=0.00s Real=0.00s
[19.904s][info ][gc,start       ] GC(849) Pause Young (Allocation Failure)
[19.904s][info ][gc,task        ] GC(849) Using 9 workers of 9 for evacuation
[19.904s][debug][gc,age         ] GC(849) Desired survivor size 8945664 bytes, new threshold 6 (max threshold 6)
[19.904s][trace][gc,age         ] GC(849) Age table with threshold 6 (max threshold 6)
[19.904s][trace][gc,age         ] GC(849) - age   1:     400208 bytes,     400208 total
[19.904s][info ][gc,heap        ] GC(849) ParNew: 139917K->398K(157376K)
[19.904s][info ][gc,heap        ] GC(849) CMS: 3754K->3754K(349568K)
[19.904s][info ][gc,metaspace   ] GC(849) Metaspace: 16025K(16640K)->16025K(16640K) NonClass: 14284K(14592K)->14284K(14592K) Class: 1740K(2048K)->1740K(2048K)
[19.904s][info ][gc             ] GC(849) Pause Young (Allocation Failure) 140M->4M(495M) 0.372ms
[19.904s][info ][gc,cpu         ] GC(849) User=0.01s Sys=0.00s Real=0.00s
[19.914s][info ][gc,start       ] GC(850) Pause Young (Allocation Failure)
[19.914s][info ][gc,task        ] GC(850) Using 9 workers of 9 for evacuation
[19.914s][debug][gc,age         ] GC(850) Desired survivor size 8945664 bytes, new threshold 6 (max threshold 6)
[19.914s][trace][gc,age         ] GC(850) Age table with threshold 6 (max threshold 6)
[19.914s][trace][gc,age         ] GC(850) - age   1:     400208 bytes,     400208 total
[19.914s][info ][gc,heap        ] GC(850) ParNew: 140070K->398K(157376K)
[19.914s][info ][gc,heap        ] GC(850) CMS: 3754K->3754K(349568K)
[19.914s][info ][gc,metaspace   ] GC(850) Metaspace: 16025K(16640K)->16025K(16640K) NonClass: 14284K(14592K)->14284K(14592K) Class: 1740K(2048K)->1740K(2048K)
[19.914s][info ][gc             ] GC(850) Pause Young (Allocation Failure) 140M->4M(495M) 0.452ms
[19.914s][info ][gc,cpu         ] GC(850) User=0.01s Sys=0.00s Real=0.00s
[19.924s][info ][gc,start       ] GC(851) Pause Young (Allocation Failure)
[19.924s][info ][gc,task        ] GC(851) Using 9 workers of 9 for evacuation
[19.924s][debug][gc,age         ] GC(851) Desired survivor size 8945664 bytes, new threshold 6 (max threshold 6)
[19.924s][trace][gc,age         ] GC(851) Age table with threshold 6 (max threshold 6)
[19.924s][trace][gc,age         ] GC(851) - age   1:        192 bytes,        192 total
[19.924s][info ][gc,heap        ] GC(851) ParNew: 140298K->8K(157376K)
[19.924s][info ][gc,heap        ] GC(851) CMS: 3754K->3754K(349568K)
[19.924s][info ][gc,metaspace   ] GC(851) Metaspace: 16025K(16640K)->16025K(16640K) NonClass: 14284K(14592K)->14284K(14592K) Class: 1740K(2048K)->1740K(2048K)
[19.924s][info ][gc             ] GC(851) Pause Young (Allocation Failure) 140M->3M(495M) 0.450ms
[19.924s][info ][gc,cpu         ] GC(851) User=0.00s Sys=0.00s Real=0.00s
[19.934s][info ][gc,start       ] GC(852) Pause Young (Allocation Failure)
[19.934s][info ][gc,task        ] GC(852) Using 9 workers of 9 for evacuation
[19.934s][debug][gc,age         ] GC(852) Desired survivor size 8945664 bytes, new threshold 6 (max threshold 6)
[19.934s][trace][gc,age         ] GC(852) Age table with threshold 6 (max threshold 6)
[19.934s][trace][gc,age         ] GC(852) - age   1:        192 bytes,        192 total
[19.934s][info ][gc,heap        ] GC(852) ParNew: 139592K->6K(157376K)
[19.934s][info ][gc,heap        ] GC(852) CMS: 3754K->3754K(349568K)
[19.934s][info ][gc,metaspace   ] GC(852) Metaspace: 16025K(16640K)->16025K(16640K) NonClass: 14284K(14592K)->14284K(14592K) Class: 1740K(2048K)->1740K(2048K)
[19.934s][info ][gc             ] GC(852) Pause Young (Allocation Failure) 139M->3M(495M) 0.445ms
[19.934s][info ][gc,cpu         ] GC(852) User=0.00s Sys=0.00s Real=0.00s
[19.943s][info ][gc,start       ] GC(853) Pause Young (Allocation Failure)
[19.943s][info ][gc,task        ] GC(853) Using 9 workers of 9 for evacuation
[19.944s][debug][gc,age         ] GC(853) Desired survivor size 8945664 bytes, new threshold 6 (max threshold 6)
[19.944s][trace][gc,age         ] GC(853) Age table with threshold 6 (max threshold 6)
[19.944s][trace][gc,age         ] GC(853) - age   1:     400208 bytes,     400208 total
[19.944s][info ][gc,heap        ] GC(853) ParNew: 139650K->396K(157376K)
[19.944s][info ][gc,heap        ] GC(853) CMS: 3754K->3754K(349568K)
[19.944s][info ][gc,metaspace   ] GC(853) Metaspace: 16025K(16640K)->16025K(16640K) NonClass: 14284K(14592K)->14284K(14592K) Class: 1740K(2048K)->1740K(2048K)
[19.944s][info ][gc             ] GC(853) Pause Young (Allocation Failure) 140M->4M(495M) 0.427ms
[19.944s][info ][gc,cpu         ] GC(853) User=0.00s Sys=0.00s Real=0.00s
[19.953s][info ][gc,start       ] GC(854) Pause Young (Allocation Failure)
[19.953s][info ][gc,task        ] GC(854) Using 9 workers of 9 for evacuation
[19.954s][debug][gc,age         ] GC(854) Desired survivor size 8945664 bytes, new threshold 6 (max threshold 6)
[19.954s][trace][gc,age         ] GC(854) Age table with threshold 6 (max threshold 6)
[19.954s][trace][gc,age         ] GC(854) - age   1:        192 bytes,        192 total
[19.954s][info ][gc,heap        ] GC(854) ParNew: 140274K->6K(157376K)
[19.954s][info ][gc,heap        ] GC(854) CMS: 3754K->3754K(349568K)
[19.954s][info ][gc,metaspace   ] GC(854) Metaspace: 16025K(16640K)->16025K(16640K) NonClass: 14284K(14592K)->14284K(14592K) Class: 1740K(2048K)->1740K(2048K)
[19.954s][info ][gc             ] GC(854) Pause Young (Allocation Failure) 140M->3M(495M) 0.516ms
[19.954s][info ][gc,cpu         ] GC(854) User=0.00s Sys=0.00s Real=0.00s
[19.963s][info ][gc,start       ] GC(855) Pause Young (Allocation Failure)
[19.963s][info ][gc,task        ] GC(855) Using 9 workers of 9 for evacuation
[19.964s][debug][gc,age         ] GC(855) Desired survivor size 8945664 bytes, new threshold 6 (max threshold 6)
[19.964s][trace][gc,age         ] GC(855) Age table with threshold 6 (max threshold 6)
[19.964s][trace][gc,age         ] GC(855) - age   1:     400208 bytes,     400208 total
[19.964s][info ][gc,heap        ] GC(855) ParNew: 139892K->394K(157376K)
[19.964s][info ][gc,heap        ] GC(855) CMS: 3754K->3754K(349568K)
[19.964s][info ][gc,metaspace   ] GC(855) Metaspace: 16025K(16640K)->16025K(16640K) NonClass: 14284K(14592K)->14284K(14592K) Class: 1740K(2048K)->1740K(2048K)
[19.964s][info ][gc             ] GC(855) Pause Young (Allocation Failure) 140M->4M(495M) 0.456ms
[19.964s][info ][gc,cpu         ] GC(855) User=0.00s Sys=0.00s Real=0.00s
[19.974s][info ][gc,start       ] GC(856) Pause Young (Allocation Failure)
[19.974s][info ][gc,task        ] GC(856) Using 9 workers of 9 for evacuation
[19.974s][debug][gc,age         ] GC(856) Desired survivor size 8945664 bytes, new threshold 6 (max threshold 6)
[19.974s][trace][gc,age         ] GC(856) Age table with threshold 6 (max threshold 6)
[19.974s][trace][gc,age         ] GC(856) - age   1:        600 bytes,        600 total
[19.974s][info ][gc,heap        ] GC(856) ParNew: 140247K->14K(157376K)
[19.974s][info ][gc,heap        ] GC(856) CMS: 3754K->3754K(349568K)
[19.974s][info ][gc,metaspace   ] GC(856) Metaspace: 16025K(16640K)->16025K(16640K) NonClass: 14284K(14592K)->14284K(14592K) Class: 1740K(2048K)->1740K(2048K)
[19.974s][info ][gc             ] GC(856) Pause Young (Allocation Failure) 140M->3M(495M) 0.413ms
[19.974s][info ][gc,cpu         ] GC(856) User=0.01s Sys=0.00s Real=0.00s
[19.984s][info ][gc,start       ] GC(857) Pause Young (Allocation Failure)
[19.984s][info ][gc,task        ] GC(857) Using 9 workers of 9 for evacuation
[19.984s][debug][gc,age         ] GC(857) Desired survivor size 8945664 bytes, new threshold 6 (max threshold 6)
[19.984s][trace][gc,age         ] GC(857) Age table with threshold 6 (max threshold 6)
[19.984s][trace][gc,age         ] GC(857) - age   1:     400480 bytes,     400480 total
[19.984s][info ][gc,heap        ] GC(857) ParNew: 139617K->400K(157376K)
[19.984s][info ][gc,heap        ] GC(857) CMS: 3754K->3754K(349568K)
[19.984s][info ][gc,metaspace   ] GC(857) Metaspace: 16025K(16640K)->16025K(16640K) NonClass: 14284K(14592K)->14284K(14592K) Class: 1740K(2048K)->1740K(2048K)
[19.984s][info ][gc             ] GC(857) Pause Young (Allocation Failure) 140M->4M(495M) 0.431ms
[19.984s][info ][gc,cpu         ] GC(857) User=0.00s Sys=0.00s Real=0.00s
[19.994s][info ][gc,start       ] GC(858) Pause Young (Allocation Failure)
[19.994s][info ][gc,task        ] GC(858) Using 9 workers of 9 for evacuation
[19.994s][debug][gc,age         ] GC(858) Desired survivor size 8945664 bytes, new threshold 6 (max threshold 6)
[19.994s][trace][gc,age         ] GC(858) Age table with threshold 6 (max threshold 6)
[19.994s][trace][gc,age         ] GC(858) - age   1:        352 bytes,        352 total
[19.994s][info ][gc,heap        ] GC(858) ParNew: 140052K->10K(157376K)
[19.994s][info ][gc,heap        ] GC(858) CMS: 3754K->3754K(349568K)
[19.994s][info ][gc,metaspace   ] GC(858) Metaspace: 16025K(16640K)->16025K(16640K) NonClass: 14284K(14592K)->14284K(14592K) Class: 1740K(2048K)->1740K(2048K)
[19.995s][info ][gc             ] GC(858) Pause Young (Allocation Failure) 140M->3M(495M) 0.497ms
[19.995s][info ][gc,cpu         ] GC(858) User=0.01s Sys=0.00s Real=0.00s
[20.006s][info ][gc,start       ] GC(859) Pause Young (Allocation Failure)
[20.006s][info ][gc,task        ] GC(859) Using 9 workers of 9 for evacuation
[20.006s][debug][gc,age         ] GC(859) Desired survivor size 8945664 bytes, new threshold 6 (max threshold 6)
[20.006s][trace][gc,age         ] GC(859) Age table with threshold 6 (max threshold 6)
[20.006s][trace][gc,age         ] GC(859) - age   1:     400368 bytes,     400368 total
[20.006s][info ][gc,heap        ] GC(859) ParNew: 139523K->400K(157376K)
[20.007s][info ][gc,heap        ] GC(859) CMS: 3754K->3754K(349568K)
[20.007s][info ][gc,metaspace   ] GC(859) Metaspace: 16025K(16640K)->16025K(16640K) NonClass: 14284K(14592K)->14284K(14592K) Class: 1740K(2048K)->1740K(2048K)
[20.007s][info ][gc             ] GC(859) Pause Young (Allocation Failure) 139M->4M(495M) 0.457ms
[20.007s][info ][gc,cpu         ] GC(859) User=0.00s Sys=0.00s Real=0.00s
[20.016s][info ][gc,start       ] GC(860) Pause Young (Allocation Failure)
[20.016s][info ][gc,task        ] GC(860) Using 9 workers of 9 for evacuation
[20.017s][debug][gc,age         ] GC(860) Desired survivor size 8945664 bytes, new threshold 6 (max threshold 6)
[20.017s][trace][gc,age         ] GC(860) Age table with threshold 6 (max threshold 6)
[20.017s][trace][gc,age         ] GC(860) - age   1:     400480 bytes,     400480 total
[20.017s][info ][gc,heap        ] GC(860) ParNew: 140126K->400K(157376K)
[20.017s][info ][gc,heap        ] GC(860) CMS: 3754K->3754K(349568K)
[20.017s][info ][gc,metaspace   ] GC(860) Metaspace: 16025K(16640K)->16025K(16640K) NonClass: 14284K(14592K)->14284K(14592K) Class: 1740K(2048K)->1740K(2048K)
[20.017s][info ][gc             ] GC(860) Pause Young (Allocation Failure) 140M->4M(495M) 0.409ms
[20.017s][info ][gc,cpu         ] GC(860) User=0.00s Sys=0.00s Real=0.00s
[20.027s][info ][gc,start       ] GC(861) Pause Young (Allocation Failure)
[20.027s][info ][gc,task        ] GC(861) Using 9 workers of 9 for evacuation
[20.027s][debug][gc,age         ] GC(861) Desired survivor size 8945664 bytes, new threshold 6 (max threshold 6)
[20.027s][trace][gc,age         ] GC(861) Age table with threshold 6 (max threshold 6)
[20.027s][trace][gc,age         ] GC(861) - age   1:        352 bytes,        352 total
[20.027s][info ][gc,heap        ] GC(861) ParNew: 139979K->10K(157376K)
[20.027s][info ][gc,heap        ] GC(861) CMS: 3754K->3754K(349568K)
[20.027s][info ][gc,metaspace   ] GC(861) Metaspace: 16025K(16640K)->16025K(16640K) NonClass: 14284K(14592K)->14284K(14592K) Class: 1740K(2048K)->1740K(2048K)
[20.027s][info ][gc             ] GC(861) Pause Young (Allocation Failure) 140M->3M(495M) 0.441ms
[20.027s][info ][gc,cpu         ] GC(861) User=0.00s Sys=0.00s Real=0.00s
[20.037s][info ][gc,start       ] GC(862) Pause Young (Allocation Failure)
[20.037s][info ][gc,task        ] GC(862) Using 9 workers of 9 for evacuation
[20.038s][debug][gc,age         ] GC(862) Desired survivor size 8945664 bytes, new threshold 6 (max threshold 6)
[20.038s][trace][gc,age         ] GC(862) Age table with threshold 6 (max threshold 6)
[20.038s][trace][gc,age         ] GC(862) - age   1:     400368 bytes,     400368 total
[20.038s][info ][gc,heap        ] GC(862) ParNew: 139683K->400K(157376K)
[20.038s][info ][gc,heap        ] GC(862) CMS: 3754K->3754K(349568K)
[20.038s][info ][gc,metaspace   ] GC(862) Metaspace: 16025K(16640K)->16025K(16640K) NonClass: 14284K(14592K)->14284K(14592K) Class: 1740K(2048K)->1740K(2048K)
[20.038s][info ][gc             ] GC(862) Pause Young (Allocation Failure) 140M->4M(495M) 0.385ms
[20.038s][info ][gc,cpu         ] GC(862) User=0.00s Sys=0.00s Real=0.00s
[20.048s][info ][gc,start       ] GC(863) Pause Young (Allocation Failure)
[20.048s][info ][gc,task        ] GC(863) Using 9 workers of 9 for evacuation
[20.048s][debug][gc,age         ] GC(863) Desired survivor size 8945664 bytes, new threshold 6 (max threshold 6)
[20.048s][trace][gc,age         ] GC(863) Age table with threshold 6 (max threshold 6)
[20.048s][trace][gc,age         ] GC(863) - age   1:     400480 bytes,     400480 total
[20.048s][info ][gc,heap        ] GC(863) ParNew: 140294K->400K(157376K)
[20.048s][info ][gc,heap        ] GC(863) CMS: 3754K->3754K(349568K)
[20.048s][info ][gc,metaspace   ] GC(863) Metaspace: 16025K(16640K)->16025K(16640K) NonClass: 14284K(14592K)->14284K(14592K) Class: 1740K(2048K)->1740K(2048K)
[20.048s][info ][gc             ] GC(863) Pause Young (Allocation Failure) 140M->4M(495M) 0.394ms
[20.048s][info ][gc,cpu         ] GC(863) User=0.00s Sys=0.00s Real=0.00s
[20.058s][info ][gc,start       ] GC(864) Pause Young (Allocation Failure)
[20.058s][info ][gc,task        ] GC(864) Using 9 workers of 9 for evacuation
[20.059s][debug][gc,age         ] GC(864) Desired survivor size 8945664 bytes, new threshold 6 (max threshold 6)
[20.059s][trace][gc,age         ] GC(864) Age table with threshold 6 (max threshold 6)
[20.059s][trace][gc,age         ] GC(864) - age   1:        352 bytes,        352 total
[20.059s][info ][gc,heap        ] GC(864) ParNew: 140267K->12K(157376K)
[20.059s][info ][gc,heap        ] GC(864) CMS: 3754K->3754K(349568K)
[20.059s][info ][gc,metaspace   ] GC(864) Metaspace: 16025K(16640K)->16025K(16640K) NonClass: 14284K(14592K)->14284K(14592K) Class: 1740K(2048K)->1740K(2048K)
[20.059s][info ][gc             ] GC(864) Pause Young (Allocation Failure) 140M->3M(495M) 0.482ms
[20.059s][info ][gc,cpu         ] GC(864) User=0.01s Sys=0.00s Real=0.01s
[20.069s][info ][gc,start       ] GC(865) Pause Young (Allocation Failure)
[20.069s][info ][gc,task        ] GC(865) Using 9 workers of 9 for evacuation
[20.069s][debug][gc,age         ] GC(865) Desired survivor size 8945664 bytes, new threshold 6 (max threshold 6)
[20.069s][trace][gc,age         ] GC(865) Age table with threshold 6 (max threshold 6)
[20.069s][trace][gc,age         ] GC(865) - age   1:     400368 bytes,     400368 total
[20.069s][info ][gc,heap        ] GC(865) ParNew: 139906K->404K(157376K)
[20.069s][info ][gc,heap        ] GC(865) CMS: 3754K->3754K(349568K)
[20.069s][info ][gc,metaspace   ] GC(865) Metaspace: 16025K(16640K)->16025K(16640K) NonClass: 14284K(14592K)->14284K(14592K) Class: 1740K(2048K)->1740K(2048K)
[20.069s][info ][gc             ] GC(865) Pause Young (Allocation Failure) 140M->4M(495M) 0.455ms
[20.069s][info ][gc,cpu         ] GC(865) User=0.00s Sys=0.00s Real=0.00s
[20.079s][info ][gc,start       ] GC(866) Pause Young (Allocation Failure)
[20.079s][info ][gc,task        ] GC(866) Using 9 workers of 9 for evacuation
[20.080s][debug][gc,age         ] GC(866) Desired survivor size 8945664 bytes, new threshold 6 (max threshold 6)
[20.080s][trace][gc,age         ] GC(866) Age table with threshold 6 (max threshold 6)
[20.080s][trace][gc,age         ] GC(866) - age   1:     400480 bytes,     400480 total
[20.080s][info ][gc,heap        ] GC(866) ParNew: 139978K->400K(157376K)
[20.080s][info ][gc,heap        ] GC(866) CMS: 3754K->3754K(349568K)
[20.080s][info ][gc,metaspace   ] GC(866) Metaspace: 16025K(16640K)->16025K(16640K) NonClass: 14284K(14592K)->14284K(14592K) Class: 1740K(2048K)->1740K(2048K)
[20.080s][info ][gc             ] GC(866) Pause Young (Allocation Failure) 140M->4M(495M) 0.595ms
[20.080s][info ][gc,cpu         ] GC(866) User=0.00s Sys=0.00s Real=0.00s
[20.090s][info ][gc,start       ] GC(867) Pause Young (Allocation Failure)
[20.090s][info ][gc,task        ] GC(867) Using 9 workers of 9 for evacuation
[20.090s][debug][gc,age         ] GC(867) Desired survivor size 8945664 bytes, new threshold 6 (max threshold 6)
[20.090s][trace][gc,age         ] GC(867) Age table with threshold 6 (max threshold 6)
[20.090s][trace][gc,age         ] GC(867) - age   1:     400368 bytes,     400368 total
[20.090s][info ][gc,heap        ] GC(867) ParNew: 140199K->400K(157376K)
[20.090s][info ][gc,heap        ] GC(867) CMS: 3754K->3754K(349568K)
[20.090s][info ][gc,metaspace   ] GC(867) Metaspace: 16025K(16640K)->16025K(16640K) NonClass: 14284K(14592K)->14284K(14592K) Class: 1740K(2048K)->1740K(2048K)
[20.090s][info ][gc             ] GC(867) Pause Young (Allocation Failure) 140M->4M(495M) 0.477ms
[20.090s][info ][gc,cpu         ] GC(867) User=0.01s Sys=0.00s Real=0.00s
[20.100s][info ][gc,start       ] GC(868) Pause Young (Allocation Failure)
[20.100s][info ][gc,task        ] GC(868) Using 9 workers of 9 for evacuation
[20.100s][debug][gc,age         ] GC(868) Desired survivor size 8945664 bytes, new threshold 6 (max threshold 6)
[20.100s][trace][gc,age         ] GC(868) Age table with threshold 6 (max threshold 6)
[20.100s][trace][gc,age         ] GC(868) - age   1:        192 bytes,        192 total
[20.100s][trace][gc,age         ] GC(868) - age   2:        160 bytes,        352 total
[20.100s][info ][gc,heap        ] GC(868) ParNew: 140227K->10K(157376K)
[20.100s][info ][gc,heap        ] GC(868) CMS: 3754K->3754K(349568K)
[20.100s][info ][gc,metaspace   ] GC(868) Metaspace: 16025K(16640K)->16025K(16640K) NonClass: 14284K(14592K)->14284K(14592K) Class: 1740K(2048K)->1740K(2048K)
[20.100s][info ][gc             ] GC(868) Pause Young (Allocation Failure) 140M->3M(495M) 0.508ms
[20.100s][info ][gc,cpu         ] GC(868) User=0.00s Sys=0.00s Real=0.00s
[20.110s][info ][gc,start       ] GC(869) Pause Young (Allocation Failure)
[20.110s][info ][gc,task        ] GC(869) Using 9 workers of 9 for evacuation
[20.110s][debug][gc,age         ] GC(869) Desired survivor size 8945664 bytes, new threshold 6 (max threshold 6)
[20.110s][trace][gc,age         ] GC(869) Age table with threshold 6 (max threshold 6)
[20.110s][trace][gc,age         ] GC(869) - age   1:        192 bytes,        192 total
[20.110s][trace][gc,age         ] GC(869) - age   3:        160 bytes,        352 total
[20.110s][info ][gc,heap        ] GC(869) ParNew: 139606K->8K(157376K)
[20.110s][info ][gc,heap        ] GC(869) CMS: 3754K->3754K(349568K)
[20.110s][info ][gc,metaspace   ] GC(869) Metaspace: 16025K(16640K)->16025K(16640K) NonClass: 14284K(14592K)->14284K(14592K) Class: 1740K(2048K)->1740K(2048K)
[20.111s][info ][gc             ] GC(869) Pause Young (Allocation Failure) 140M->3M(495M) 0.465ms
[20.111s][info ][gc,cpu         ] GC(869) User=0.00s Sys=0.00s Real=0.00s
[20.120s][info ][gc,start       ] GC(870) Pause Young (Allocation Failure)
[20.120s][info ][gc,task        ] GC(870) Using 9 workers of 9 for evacuation
[20.120s][debug][gc,age         ] GC(870) Desired survivor size 8945664 bytes, new threshold 6 (max threshold 6)
[20.120s][trace][gc,age         ] GC(870) Age table with threshold 6 (max threshold 6)
[20.120s][trace][gc,age         ] GC(870) - age   1:     400208 bytes,     400208 total
[20.120s][trace][gc,age         ] GC(870) - age   4:        160 bytes,     400368 total
[20.120s][info ][gc,heap        ] GC(870) ParNew: 139853K->396K(157376K)
[20.120s][info ][gc,heap        ] GC(870) CMS: 3754K->3754K(349568K)
[20.120s][info ][gc,metaspace   ] GC(870) Metaspace: 16025K(16640K)->16025K(16640K) NonClass: 14284K(14592K)->14284K(14592K) Class: 1740K(2048K)->1740K(2048K)
[20.120s][info ][gc             ] GC(870) Pause Young (Allocation Failure) 140M->4M(495M) 0.328ms
[20.120s][info ][gc,cpu         ] GC(870) User=0.00s Sys=0.00s Real=0.00s
[20.130s][info ][gc,start       ] GC(871) Pause Young (Allocation Failure)
[20.130s][info ][gc,task        ] GC(871) Using 9 workers of 9 for evacuation
[20.130s][debug][gc,age         ] GC(871) Desired survivor size 8945664 bytes, new threshold 6 (max threshold 6)
[20.130s][trace][gc,age         ] GC(871) Age table with threshold 6 (max threshold 6)
[20.130s][trace][gc,age         ] GC(871) - age   1:        192 bytes,        192 total
[20.130s][trace][gc,age         ] GC(871) - age   5:        160 bytes,        352 total
[20.130s][info ][gc,heap        ] GC(871) ParNew: 140051K->10K(157376K)
[20.130s][info ][gc,heap        ] GC(871) CMS: 3754K->3754K(349568K)
[20.130s][info ][gc,metaspace   ] GC(871) Metaspace: 16025K(16640K)->16025K(16640K) NonClass: 14284K(14592K)->14284K(14592K) Class: 1740K(2048K)->1740K(2048K)
[20.130s][info ][gc             ] GC(871) Pause Young (Allocation Failure) 140M->3M(495M) 0.463ms
[20.130s][info ][gc,cpu         ] GC(871) User=0.00s Sys=0.00s Real=0.00s
[20.140s][info ][gc,start       ] GC(872) Pause Young (Allocation Failure)
[20.140s][info ][gc,task        ] GC(872) Using 9 workers of 9 for evacuation
[20.140s][debug][gc,age         ] GC(872) Desired survivor size 8945664 bytes, new threshold 6 (max threshold 6)
[20.140s][trace][gc,age         ] GC(872) Age table with threshold 6 (max threshold 6)
[20.140s][trace][gc,age         ] GC(872) - age   1:        192 bytes,        192 total
[20.140s][trace][gc,age         ] GC(872) - age   6:        160 bytes,        352 total
[20.140s][info ][gc,heap        ] GC(872) ParNew: 139658K->8K(157376K)
[20.140s][info ][gc,heap        ] GC(872) CMS: 3754K->3754K(349568K)
[20.140s][info ][gc,metaspace   ] GC(872) Metaspace: 16025K(16640K)->16025K(16640K) NonClass: 14284K(14592K)->14284K(14592K) Class: 1740K(2048K)->1740K(2048K)
[20.140s][info ][gc             ] GC(872) Pause Young (Allocation Failure) 140M->3M(495M) 0.354ms
[20.140s][info ][gc,cpu         ] GC(872) User=0.00s Sys=0.00s Real=0.00s
[20.150s][info ][gc,start       ] GC(873) Pause Young (Allocation Failure)
[20.150s][info ][gc,task        ] GC(873) Using 9 workers of 9 for evacuation
[20.150s][debug][gc,age         ] GC(873) Desired survivor size 8945664 bytes, new threshold 6 (max threshold 6)
[20.150s][trace][gc,age         ] GC(873) Age table with threshold 6 (max threshold 6)
[20.150s][trace][gc,age         ] GC(873) - age   1:        192 bytes,        192 total
[20.150s][info ][gc,heap        ] GC(873) ParNew: 139806K->4K(157376K)
[20.150s][info ][gc,heap        ] GC(873) CMS: 3754K->3754K(349568K)
[20.150s][info ][gc,metaspace   ] GC(873) Metaspace: 16025K(16640K)->16025K(16640K) NonClass: 14284K(14592K)->14284K(14592K) Class: 1740K(2048K)->1740K(2048K)
[20.150s][info ][gc             ] GC(873) Pause Young (Allocation Failure) 140M->3M(495M) 0.366ms
[20.150s][info ][gc,cpu         ] GC(873) User=0.00s Sys=0.00s Real=0.00s
[20.160s][info ][gc,start       ] GC(874) Pause Young (Allocation Failure)
[20.160s][info ][gc,task        ] GC(874) Using 9 workers of 9 for evacuation
[20.160s][debug][gc,age         ] GC(874) Desired survivor size 8945664 bytes, new threshold 6 (max threshold 6)
[20.160s][trace][gc,age         ] GC(874) Age table with threshold 6 (max threshold 6)
[20.160s][trace][gc,age         ] GC(874) - age   1:        192 bytes,        192 total
[20.160s][info ][gc,heap        ] GC(874) ParNew: 139578K->6K(157376K)
[20.160s][info ][gc,heap        ] GC(874) CMS: 3754K->3754K(349568K)
[20.160s][info ][gc,metaspace   ] GC(874) Metaspace: 16025K(16640K)->16025K(16640K) NonClass: 14284K(14592K)->14284K(14592K) Class: 1740K(2048K)->1740K(2048K)
[20.160s][info ][gc             ] GC(874) Pause Young (Allocation Failure) 139M->3M(495M) 0.429ms
[20.160s][info ][gc,cpu         ] GC(874) User=0.00s Sys=0.00s Real=0.00s
[20.170s][info ][gc,start       ] GC(875) Pause Young (Allocation Failure)
[20.170s][info ][gc,task        ] GC(875) Using 9 workers of 9 for evacuation
[20.170s][debug][gc,age         ] GC(875) Desired survivor size 8945664 bytes, new threshold 6 (max threshold 6)
[20.170s][trace][gc,age         ] GC(875) Age table with threshold 6 (max threshold 6)
[20.170s][trace][gc,age         ] GC(875) - age   1:        192 bytes,        192 total
[20.170s][info ][gc,heap        ] GC(875) ParNew: 139688K->4K(157376K)
[20.170s][info ][gc,heap        ] GC(875) CMS: 3754K->3754K(349568K)
[20.170s][info ][gc,metaspace   ] GC(875) Metaspace: 16025K(16640K)->16025K(16640K) NonClass: 14284K(14592K)->14284K(14592K) Class: 1740K(2048K)->1740K(2048K)
[20.170s][info ][gc             ] GC(875) Pause Young (Allocation Failure) 140M->3M(495M) 0.478ms
[20.170s][info ][gc,cpu         ] GC(875) User=0.01s Sys=0.00s Real=0.00s
[20.180s][info ][gc,start       ] GC(876) Pause Young (Allocation Failure)
[20.180s][info ][gc,task        ] GC(876) Using 9 workers of 9 for evacuation
[20.180s][debug][gc,age         ] GC(876) Desired survivor size 8945664 bytes, new threshold 6 (max threshold 6)
[20.180s][trace][gc,age         ] GC(876) Age table with threshold 6 (max threshold 6)
[20.180s][trace][gc,age         ] GC(876) - age   1:        192 bytes,        192 total
[20.180s][info ][gc,heap        ] GC(876) ParNew: 139540K->6K(157376K)
[20.180s][info ][gc,heap        ] GC(876) CMS: 3754K->3754K(349568K)
[20.180s][info ][gc,metaspace   ] GC(876) Metaspace: 16025K(16640K)->16025K(16640K) NonClass: 14284K(14592K)->14284K(14592K) Class: 1740K(2048K)->1740K(2048K)
[20.180s][info ][gc             ] GC(876) Pause Young (Allocation Failure) 139M->3M(495M) 0.391ms
[20.180s][info ][gc,cpu         ] GC(876) User=0.01s Sys=0.00s Real=0.00s
[20.190s][info ][gc,start       ] GC(877) Pause Young (Allocation Failure)
[20.190s][info ][gc,task        ] GC(877) Using 9 workers of 9 for evacuation
[20.190s][debug][gc,age         ] GC(877) Desired survivor size 8945664 bytes, new threshold 6 (max threshold 6)
[20.190s][trace][gc,age         ] GC(877) Age table with threshold 6 (max threshold 6)
[20.190s][trace][gc,age         ] GC(877) - age   1:        192 bytes,        192 total
[20.190s][info ][gc,heap        ] GC(877) ParNew: 139707K->4K(157376K)
[20.190s][info ][gc,heap        ] GC(877) CMS: 3754K->3754K(349568K)
[20.190s][info ][gc,metaspace   ] GC(877) Metaspace: 16025K(16640K)->16025K(16640K) NonClass: 14284K(14592K)->14284K(14592K) Class: 1740K(2048K)->1740K(2048K)
[20.190s][info ][gc             ] GC(877) Pause Young (Allocation Failure) 140M->3M(495M) 0.334ms
[20.190s][info ][gc,cpu         ] GC(877) User=0.00s Sys=0.00s Real=0.00s
[20.199s][info ][gc,start       ] GC(878) Pause Young (Allocation Failure)
[20.199s][info ][gc,task        ] GC(878) Using 9 workers of 9 for evacuation
[20.200s][debug][gc,age         ] GC(878) Desired survivor size 8945664 bytes, new threshold 6 (max threshold 6)
[20.200s][trace][gc,age         ] GC(878) Age table with threshold 6 (max threshold 6)
[20.200s][trace][gc,age         ] GC(878) - age   1:     400208 bytes,     400208 total
[20.200s][info ][gc,heap        ] GC(878) ParNew: 139865K->396K(157376K)
[20.200s][info ][gc,heap        ] GC(878) CMS: 3754K->3754K(349568K)
[20.200s][info ][gc,metaspace   ] GC(878) Metaspace: 16025K(16640K)->16025K(16640K) NonClass: 14284K(14592K)->14284K(14592K) Class: 1740K(2048K)->1740K(2048K)
[20.200s][info ][gc             ] GC(878) Pause Young (Allocation Failure) 140M->4M(495M) 0.396ms
[20.200s][info ][gc,cpu         ] GC(878) User=0.00s Sys=0.00s Real=0.00s
[20.209s][info ][gc,start       ] GC(879) Pause Young (Allocation Failure)
[20.209s][info ][gc,task        ] GC(879) Using 9 workers of 9 for evacuation
[20.210s][debug][gc,age         ] GC(879) Desired survivor size 8945664 bytes, new threshold 6 (max threshold 6)
[20.210s][trace][gc,age         ] GC(879) Age table with threshold 6 (max threshold 6)
[20.210s][trace][gc,age         ] GC(879) - age   1:        192 bytes,        192 total
[20.210s][info ][gc,heap        ] GC(879) ParNew: 140295K->8K(157376K)
[20.210s][info ][gc,heap        ] GC(879) CMS: 3754K->3754K(349568K)
[20.210s][info ][gc,metaspace   ] GC(879) Metaspace: 16025K(16640K)->16025K(16640K) NonClass: 14284K(14592K)->14284K(14592K) Class: 1740K(2048K)->1740K(2048K)
[20.210s][info ][gc             ] GC(879) Pause Young (Allocation Failure) 140M->3M(495M) 0.418ms
[20.210s][info ][gc,cpu         ] GC(879) User=0.00s Sys=0.00s Real=0.00s
[20.219s][info ][gc,start       ] GC(880) Pause Young (Allocation Failure)
[20.219s][info ][gc,task        ] GC(880) Using 9 workers of 9 for evacuation
[20.220s][debug][gc,age         ] GC(880) Desired survivor size 8945664 bytes, new threshold 6 (max threshold 6)
[20.220s][trace][gc,age         ] GC(880) Age table with threshold 6 (max threshold 6)
[20.220s][trace][gc,age         ] GC(880) - age   1:        192 bytes,        192 total
[20.220s][info ][gc,heap        ] GC(880) ParNew: 139585K->4K(157376K)
[20.220s][info ][gc,heap        ] GC(880) CMS: 3754K->3754K(349568K)
[20.220s][info ][gc,metaspace   ] GC(880) Metaspace: 16025K(16640K)->16025K(16640K) NonClass: 14284K(14592K)->14284K(14592K) Class: 1740K(2048K)->1740K(2048K)
[20.220s][info ][gc             ] GC(880) Pause Young (Allocation Failure) 139M->3M(495M) 0.432ms
[20.220s][info ][gc,cpu         ] GC(880) User=0.00s Sys=0.00s Real=0.00s
[20.229s][info ][gc,start       ] GC(881) Pause Young (Allocation Failure)
[20.229s][info ][gc,task        ] GC(881) Using 9 workers of 9 for evacuation
[20.230s][debug][gc,age         ] GC(881) Desired survivor size 8945664 bytes, new threshold 6 (max threshold 6)
[20.230s][trace][gc,age         ] GC(881) Age table with threshold 6 (max threshold 6)
[20.230s][trace][gc,age         ] GC(881) - age   1:     400208 bytes,     400208 total
[20.230s][info ][gc,heap        ] GC(881) ParNew: 139908K->394K(157376K)
[20.230s][info ][gc,heap        ] GC(881) CMS: 3754K->3754K(349568K)
[20.230s][info ][gc,metaspace   ] GC(881) Metaspace: 16025K(16640K)->16025K(16640K) NonClass: 14284K(14592K)->14284K(14592K) Class: 1740K(2048K)->1740K(2048K)
[20.230s][info ][gc             ] GC(881) Pause Young (Allocation Failure) 140M->4M(495M) 0.469ms
[20.230s][info ][gc,cpu         ] GC(881) User=0.00s Sys=0.01s Real=0.00s
[20.239s][info ][gc,start       ] GC(882) Pause Young (Allocation Failure)
[20.239s][info ][gc,task        ] GC(882) Using 9 workers of 9 for evacuation
[20.239s][debug][gc,age         ] GC(882) Desired survivor size 8945664 bytes, new threshold 6 (max threshold 6)
[20.239s][trace][gc,age         ] GC(882) Age table with threshold 6 (max threshold 6)
[20.239s][trace][gc,age         ] GC(882) - age   1:        192 bytes,        192 total
[20.239s][info ][gc,heap        ] GC(882) ParNew: 140214K->4K(157376K)
[20.239s][info ][gc,heap        ] GC(882) CMS: 3754K->3754K(349568K)
[20.239s][info ][gc,metaspace   ] GC(882) Metaspace: 16025K(16640K)->16025K(16640K) NonClass: 14284K(14592K)->14284K(14592K) Class: 1740K(2048K)->1740K(2048K)
[20.239s][info ][gc             ] GC(882) Pause Young (Allocation Failure) 140M->3M(495M) 0.366ms
[20.239s][info ][gc,cpu         ] GC(882) User=0.00s Sys=0.00s Real=0.00s
[20.249s][info ][gc,start       ] GC(883) Pause Young (Allocation Failure)
[20.249s][info ][gc,task        ] GC(883) Using 9 workers of 9 for evacuation
[20.249s][debug][gc,age         ] GC(883) Desired survivor size 8945664 bytes, new threshold 6 (max threshold 6)
[20.249s][trace][gc,age         ] GC(883) Age table with threshold 6 (max threshold 6)
[20.249s][trace][gc,age         ] GC(883) - age   1:        192 bytes,        192 total
[20.249s][info ][gc,heap        ] GC(883) ParNew: 139571K->8K(157376K)
[20.249s][info ][gc,heap        ] GC(883) CMS: 3754K->3754K(349568K)
[20.249s][info ][gc,metaspace   ] GC(883) Metaspace: 16025K(16640K)->16025K(16640K) NonClass: 14284K(14592K)->14284K(14592K) Class: 1740K(2048K)->1740K(2048K)
[20.249s][info ][gc             ] GC(883) Pause Young (Allocation Failure) 139M->3M(495M) 0.446ms
[20.249s][info ][gc,cpu         ] GC(883) User=0.00s Sys=0.00s Real=0.00s
[20.259s][info ][gc,start       ] GC(884) Pause Young (Allocation Failure)
[20.259s][info ][gc,task        ] GC(884) Using 9 workers of 9 for evacuation
[20.260s][debug][gc,age         ] GC(884) Desired survivor size 8945664 bytes, new threshold 6 (max threshold 6)
[20.260s][trace][gc,age         ] GC(884) Age table with threshold 6 (max threshold 6)
[20.260s][trace][gc,age         ] GC(884) - age   1:     400336 bytes,     400336 total
[20.260s][info ][gc,heap        ] GC(884) ParNew: 139876K->400K(157376K)
[20.260s][info ][gc,heap        ] GC(884) CMS: 3754K->3754K(349568K)
[20.260s][info ][gc,metaspace   ] GC(884) Metaspace: 16025K(16640K)->16025K(16640K) NonClass: 14284K(14592K)->14284K(14592K) Class: 1740K(2048K)->1740K(2048K)
[20.260s][info ][gc             ] GC(884) Pause Young (Allocation Failure) 140M->4M(495M) 0.656ms
[20.260s][info ][gc,cpu         ] GC(884) User=0.01s Sys=0.00s Real=0.00s
[20.269s][info ][gc,start       ] GC(885) Pause Young (Allocation Failure)
[20.269s][info ][gc,task        ] GC(885) Using 9 workers of 9 for evacuation
[20.269s][debug][gc,age         ] GC(885) Desired survivor size 8945664 bytes, new threshold 6 (max threshold 6)
[20.269s][trace][gc,age         ] GC(885) Age table with threshold 6 (max threshold 6)
[20.269s][trace][gc,age         ] GC(885) - age   1:        192 bytes,        192 total
[20.269s][trace][gc,age         ] GC(885) - age   2:        128 bytes,        320 total
[20.270s][info ][gc,heap        ] GC(885) ParNew: 140284K->8K(157376K)
[20.270s][info ][gc,heap        ] GC(885) CMS: 3754K->3754K(349568K)
[20.270s][info ][gc,metaspace   ] GC(885) Metaspace: 16025K(16640K)->16025K(16640K) NonClass: 14284K(14592K)->14284K(14592K) Class: 1740K(2048K)->1740K(2048K)
[20.270s][info ][gc             ] GC(885) Pause Young (Allocation Failure) 140M->3M(495M) 0.445ms
[20.270s][info ][gc,cpu         ] GC(885) User=0.01s Sys=0.00s Real=0.00s
[20.279s][info ][gc,start       ] GC(886) Pause Young (Allocation Failure)
[20.279s][info ][gc,task        ] GC(886) Using 9 workers of 9 for evacuation
[20.279s][debug][gc,age         ] GC(886) Desired survivor size 8945664 bytes, new threshold 6 (max threshold 6)
[20.279s][trace][gc,age         ] GC(886) Age table with threshold 6 (max threshold 6)
[20.279s][trace][gc,age         ] GC(886) - age   1:        192 bytes,        192 total
[20.279s][trace][gc,age         ] GC(886) - age   3:        128 bytes,        320 total
[20.279s][info ][gc,heap        ] GC(886) ParNew: 139697K->12K(157376K)
[20.279s][info ][gc,heap        ] GC(886) CMS: 3754K->3754K(349568K)
[20.279s][info ][gc,metaspace   ] GC(886) Metaspace: 16025K(16640K)->16025K(16640K) NonClass: 14284K(14592K)->14284K(14592K) Class: 1740K(2048K)->1740K(2048K)
[20.279s][info ][gc             ] GC(886) Pause Young (Allocation Failure) 140M->3M(495M) 0.393ms
[20.279s][info ][gc,cpu         ] GC(886) User=0.00s Sys=0.00s Real=0.00s
[20.289s][info ][gc,start       ] GC(887) Pause Young (Allocation Failure)
[20.289s][info ][gc,task        ] GC(887) Using 9 workers of 9 for evacuation
[20.289s][debug][gc,age         ] GC(887) Desired survivor size 8945664 bytes, new threshold 6 (max threshold 6)
[20.289s][trace][gc,age         ] GC(887) Age table with threshold 6 (max threshold 6)
[20.289s][trace][gc,age         ] GC(887) - age   1:        192 bytes,        192 total
[20.289s][trace][gc,age         ] GC(887) - age   4:        128 bytes,        320 total
[20.289s][info ][gc,heap        ] GC(887) ParNew: 139916K->12K(157376K)
[20.289s][info ][gc,heap        ] GC(887) CMS: 3754K->3754K(349568K)
[20.289s][info ][gc,metaspace   ] GC(887) Metaspace: 16025K(16640K)->16025K(16640K) NonClass: 14284K(14592K)->14284K(14592K) Class: 1740K(2048K)->1740K(2048K)
[20.289s][info ][gc             ] GC(887) Pause Young (Allocation Failure) 140M->3M(495M) 0.447ms
[20.289s][info ][gc,cpu         ] GC(887) User=0.00s Sys=0.00s Real=0.00s
[20.299s][info ][gc,start       ] GC(888) Pause Young (Allocation Failure)
[20.299s][info ][gc,task        ] GC(888) Using 9 workers of 9 for evacuation
[20.299s][debug][gc,age         ] GC(888) Desired survivor size 8945664 bytes, new threshold 6 (max threshold 6)
[20.299s][trace][gc,age         ] GC(888) Age table with threshold 6 (max threshold 6)
[20.299s][trace][gc,age         ] GC(888) - age   1:        192 bytes,        192 total
[20.299s][trace][gc,age         ] GC(888) - age   5:        128 bytes,        320 total
[20.299s][info ][gc,heap        ] GC(888) ParNew: 139605K->14K(157376K)
[20.299s][info ][gc,heap        ] GC(888) CMS: 3754K->3754K(349568K)
[20.299s][info ][gc,metaspace   ] GC(888) Metaspace: 16025K(16640K)->16025K(16640K) NonClass: 14284K(14592K)->14284K(14592K) Class: 1740K(2048K)->1740K(2048K)
[20.299s][info ][gc             ] GC(888) Pause Young (Allocation Failure) 139M->3M(495M) 0.488ms
[20.299s][info ][gc,cpu         ] GC(888) User=0.00s Sys=0.00s Real=0.00s
[20.309s][info ][gc,start       ] GC(889) Pause Young (Allocation Failure)
[20.309s][info ][gc,task        ] GC(889) Using 9 workers of 9 for evacuation
[20.309s][debug][gc,age         ] GC(889) Desired survivor size 8945664 bytes, new threshold 6 (max threshold 6)
[20.309s][trace][gc,age         ] GC(889) Age table with threshold 6 (max threshold 6)
[20.309s][trace][gc,age         ] GC(889) - age   1:     400208 bytes,     400208 total
[20.309s][trace][gc,age         ] GC(889) - age   6:        128 bytes,     400336 total
[20.309s][info ][gc,heap        ] GC(889) ParNew: 139839K->400K(157376K)
[20.309s][info ][gc,heap        ] GC(889) CMS: 3754K->3754K(349568K)
[20.309s][info ][gc,metaspace   ] GC(889) Metaspace: 16025K(16640K)->16025K(16640K) NonClass: 14284K(14592K)->14284K(14592K) Class: 1740K(2048K)->1740K(2048K)
[20.309s][info ][gc             ] GC(889) Pause Young (Allocation Failure) 140M->4M(495M) 0.453ms
[20.309s][info ][gc,cpu         ] GC(889) User=0.00s Sys=0.00s Real=0.00s
[20.319s][info ][gc,start       ] GC(890) Pause Young (Allocation Failure)
[20.319s][info ][gc,task        ] GC(890) Using 9 workers of 9 for evacuation
[20.319s][debug][gc,age         ] GC(890) Desired survivor size 8945664 bytes, new threshold 6 (max threshold 6)
[20.319s][trace][gc,age         ] GC(890) Age table with threshold 6 (max threshold 6)
[20.319s][trace][gc,age         ] GC(890) - age   1:        192 bytes,        192 total
[20.319s][info ][gc,heap        ] GC(890) ParNew: 140188K->8K(157376K)
[20.319s][info ][gc,heap        ] GC(890) CMS: 3754K->3754K(349568K)
[20.319s][info ][gc,metaspace   ] GC(890) Metaspace: 16025K(16640K)->16025K(16640K) NonClass: 14284K(14592K)->14284K(14592K) Class: 1740K(2048K)->1740K(2048K)
[20.319s][info ][gc             ] GC(890) Pause Young (Allocation Failure) 140M->3M(495M) 0.412ms
[20.319s][info ][gc,cpu         ] GC(890) User=0.00s Sys=0.00s Real=0.00s
[20.329s][info ][gc,start       ] GC(891) Pause Young (Allocation Failure)
[20.329s][info ][gc,task        ] GC(891) Using 9 workers of 9 for evacuation
[20.329s][debug][gc,age         ] GC(891) Desired survivor size 8945664 bytes, new threshold 6 (max threshold 6)
[20.329s][trace][gc,age         ] GC(891) Age table with threshold 6 (max threshold 6)
[20.329s][trace][gc,age         ] GC(891) - age   1:        192 bytes,        192 total
[20.329s][info ][gc,heap        ] GC(891) ParNew: 139577K->6K(157376K)
[20.329s][info ][gc,heap        ] GC(891) CMS: 3754K->3754K(349568K)
[20.329s][info ][gc,metaspace   ] GC(891) Metaspace: 16025K(16640K)->16025K(16640K) NonClass: 14284K(14592K)->14284K(14592K) Class: 1740K(2048K)->1740K(2048K)
[20.329s][info ][gc             ] GC(891) Pause Young (Allocation Failure) 139M->3M(495M) 0.491ms
[20.329s][info ][gc,cpu         ] GC(891) User=0.00s Sys=0.00s Real=0.00s
[20.339s][info ][gc,start       ] GC(892) Pause Young (Allocation Failure)
[20.339s][info ][gc,task        ] GC(892) Using 9 workers of 9 for evacuation
[20.339s][debug][gc,age         ] GC(892) Desired survivor size 8945664 bytes, new threshold 6 (max threshold 6)
[20.339s][trace][gc,age         ] GC(892) Age table with threshold 6 (max threshold 6)
[20.339s][trace][gc,age         ] GC(892) - age   1:     400208 bytes,     400208 total
[20.339s][info ][gc,heap        ] GC(892) ParNew: 139888K->398K(157376K)
[20.339s][info ][gc,heap        ] GC(892) CMS: 3754K->3754K(349568K)
[20.339s][info ][gc,metaspace   ] GC(892) Metaspace: 16025K(16640K)->16025K(16640K) NonClass: 14284K(14592K)->14284K(14592K) Class: 1740K(2048K)->1740K(2048K)
[20.339s][info ][gc             ] GC(892) Pause Young (Allocation Failure) 140M->4M(495M) 0.431ms
[20.339s][info ][gc,cpu         ] GC(892) User=0.01s Sys=0.00s Real=0.00s
[20.349s][info ][gc,start       ] GC(893) Pause Young (Allocation Failure)
[20.349s][info ][gc,task        ] GC(893) Using 9 workers of 9 for evacuation
[20.349s][debug][gc,age         ] GC(893) Desired survivor size 8945664 bytes, new threshold 6 (max threshold 6)
[20.349s][trace][gc,age         ] GC(893) Age table with threshold 6 (max threshold 6)
[20.349s][trace][gc,age         ] GC(893) - age   1:        192 bytes,        192 total
[20.349s][info ][gc,heap        ] GC(893) ParNew: 140262K->6K(157376K)
[20.349s][info ][gc,heap        ] GC(893) CMS: 3754K->3754K(349568K)
[20.349s][info ][gc,metaspace   ] GC(893) Metaspace: 16025K(16640K)->16025K(16640K) NonClass: 14284K(14592K)->14284K(14592K) Class: 1740K(2048K)->1740K(2048K)
[20.349s][info ][gc             ] GC(893) Pause Young (Allocation Failure) 140M->3M(495M) 0.438ms
[20.349s][info ][gc,cpu         ] GC(893) User=0.01s Sys=0.00s Real=0.00s
[20.359s][info ][gc,start       ] GC(894) Pause Young (Allocation Failure)
[20.359s][info ][gc,task        ] GC(894) Using 9 workers of 9 for evacuation
[20.359s][debug][gc,age         ] GC(894) Desired survivor size 8945664 bytes, new threshold 6 (max threshold 6)
[20.359s][trace][gc,age         ] GC(894) Age table with threshold 6 (max threshold 6)
[20.359s][trace][gc,age         ] GC(894) - age   1:     400208 bytes,     400208 total
[20.359s][info ][gc,heap        ] GC(894) ParNew: 139785K->396K(157376K)
[20.359s][info ][gc,heap        ] GC(894) CMS: 3754K->3754K(349568K)
[20.359s][info ][gc,metaspace   ] GC(894) Metaspace: 16025K(16640K)->16025K(16640K) NonClass: 14284K(14592K)->14284K(14592K) Class: 1740K(2048K)->1740K(2048K)
[20.359s][info ][gc             ] GC(894) Pause Young (Allocation Failure) 140M->4M(495M) 0.409ms
[20.359s][info ][gc,cpu         ] GC(894) User=0.00s Sys=0.00s Real=0.00s
[20.369s][info ][gc,start       ] GC(895) Pause Young (Allocation Failure)
[20.369s][info ][gc,task        ] GC(895) Using 9 workers of 9 for evacuation
[20.369s][debug][gc,age         ] GC(895) Desired survivor size 8945664 bytes, new threshold 6 (max threshold 6)
[20.369s][trace][gc,age         ] GC(895) Age table with threshold 6 (max threshold 6)
[20.369s][trace][gc,age         ] GC(895) - age   1:        192 bytes,        192 total
[20.369s][info ][gc,heap        ] GC(895) ParNew: 140252K->4K(157376K)
[20.369s][info ][gc,heap        ] GC(895) CMS: 3754K->3754K(349568K)
[20.369s][info ][gc,metaspace   ] GC(895) Metaspace: 16025K(16640K)->16025K(16640K) NonClass: 14284K(14592K)->14284K(14592K) Class: 1740K(2048K)->1740K(2048K)
[20.369s][info ][gc             ] GC(895) Pause Young (Allocation Failure) 140M->3M(495M) 0.432ms
[20.369s][info ][gc,cpu         ] GC(895) User=0.00s Sys=0.00s Real=0.01s
[20.379s][info ][gc,start       ] GC(896) Pause Young (Allocation Failure)
[20.379s][info ][gc,task        ] GC(896) Using 9 workers of 9 for evacuation
[20.379s][debug][gc,age         ] GC(896) Desired survivor size 8945664 bytes, new threshold 6 (max threshold 6)
[20.379s][trace][gc,age         ] GC(896) Age table with threshold 6 (max threshold 6)
[20.379s][trace][gc,age         ] GC(896) - age   1:        192 bytes,        192 total
[20.379s][info ][gc,heap        ] GC(896) ParNew: 139618K->4K(157376K)
[20.379s][info ][gc,heap        ] GC(896) CMS: 3754K->3754K(349568K)
[20.379s][info ][gc,metaspace   ] GC(896) Metaspace: 16025K(16640K)->16025K(16640K) NonClass: 14284K(14592K)->14284K(14592K) Class: 1740K(2048K)->1740K(2048K)
[20.379s][info ][gc             ] GC(896) Pause Young (Allocation Failure) 140M->3M(495M) 0.458ms
[20.379s][info ][gc,cpu         ] GC(896) User=0.00s Sys=0.00s Real=0.01s
[20.389s][info ][gc,start       ] GC(897) Pause Young (Allocation Failure)
[20.389s][info ][gc,task        ] GC(897) Using 9 workers of 9 for evacuation
[20.389s][debug][gc,age         ] GC(897) Desired survivor size 8945664 bytes, new threshold 6 (max threshold 6)
[20.389s][trace][gc,age         ] GC(897) Age table with threshold 6 (max threshold 6)
[20.389s][trace][gc,age         ] GC(897) - age   1:     400208 bytes,     400208 total
[20.389s][info ][gc,heap        ] GC(897) ParNew: 139864K->394K(157376K)
[20.389s][info ][gc,heap        ] GC(897) CMS: 3754K->3754K(349568K)
[20.389s][info ][gc,metaspace   ] GC(897) Metaspace: 16025K(16640K)->16025K(16640K) NonClass: 14284K(14592K)->14284K(14592K) Class: 1740K(2048K)->1740K(2048K)
[20.389s][info ][gc             ] GC(897) Pause Young (Allocation Failure) 140M->4M(495M) 0.326ms
[20.389s][info ][gc,cpu         ] GC(897) User=0.00s Sys=0.00s Real=0.01s
[20.398s][info ][gc,start       ] GC(898) Pause Young (Allocation Failure)
[20.398s][info ][gc,task        ] GC(898) Using 9 workers of 9 for evacuation
[20.399s][debug][gc,age         ] GC(898) Desired survivor size 8945664 bytes, new threshold 6 (max threshold 6)
[20.399s][trace][gc,age         ] GC(898) Age table with threshold 6 (max threshold 6)
[20.399s][trace][gc,age         ] GC(898) - age   1:        192 bytes,        192 total
[20.399s][info ][gc,heap        ] GC(898) ParNew: 140097K->6K(157376K)
[20.399s][info ][gc,heap        ] GC(898) CMS: 3754K->3754K(349568K)
[20.399s][info ][gc,metaspace   ] GC(898) Metaspace: 16025K(16640K)->16025K(16640K) NonClass: 14284K(14592K)->14284K(14592K) Class: 1740K(2048K)->1740K(2048K)
[20.399s][info ][gc             ] GC(898) Pause Young (Allocation Failure) 140M->3M(495M) 0.415ms
[20.399s][info ][gc,cpu         ] GC(898) User=0.00s Sys=0.00s Real=0.00s
[20.408s][info ][gc,start       ] GC(899) Pause Young (Allocation Failure)
[20.408s][info ][gc,task        ] GC(899) Using 9 workers of 9 for evacuation
[20.409s][debug][gc,age         ] GC(899) Desired survivor size 8945664 bytes, new threshold 6 (max threshold 6)
[20.409s][trace][gc,age         ] GC(899) Age table with threshold 6 (max threshold 6)
[20.409s][trace][gc,age         ] GC(899) - age   1:     400208 bytes,     400208 total
[20.409s][info ][gc,heap        ] GC(899) ParNew: 139884K->396K(157376K)
[20.409s][info ][gc,heap        ] GC(899) CMS: 3754K->3754K(349568K)
[20.409s][info ][gc,metaspace   ] GC(899) Metaspace: 16025K(16640K)->16025K(16640K) NonClass: 14284K(14592K)->14284K(14592K) Class: 1740K(2048K)->1740K(2048K)
[20.409s][info ][gc             ] GC(899) Pause Young (Allocation Failure) 140M->4M(495M) 0.344ms
[20.409s][info ][gc,cpu         ] GC(899) User=0.00s Sys=0.00s Real=0.01s
[20.418s][info ][gc,start       ] GC(900) Pause Young (Allocation Failure)
[20.418s][info ][gc,task        ] GC(900) Using 9 workers of 9 for evacuation
[20.419s][debug][gc,age         ] GC(900) Desired survivor size 8945664 bytes, new threshold 6 (max threshold 6)
[20.419s][trace][gc,age         ] GC(900) Age table with threshold 6 (max threshold 6)
[20.419s][trace][gc,age         ] GC(900) - age   1:        192 bytes,        192 total
[20.419s][info ][gc,heap        ] GC(900) ParNew: 140051K->8K(157376K)
[20.419s][info ][gc,heap        ] GC(900) CMS: 3754K->3754K(349568K)
[20.419s][info ][gc,metaspace   ] GC(900) Metaspace: 16025K(16640K)->16025K(16640K) NonClass: 14284K(14592K)->14284K(14592K) Class: 1740K(2048K)->1740K(2048K)
[20.419s][info ][gc             ] GC(900) Pause Young (Allocation Failure) 140M->3M(495M) 0.481ms
[20.419s][info ][gc,cpu         ] GC(900) User=0.00s Sys=0.00s Real=0.01s
[20.428s][info ][gc,start       ] GC(901) Pause Young (Allocation Failure)
[20.428s][info ][gc,task        ] GC(901) Using 9 workers of 9 for evacuation
[20.429s][debug][gc,age         ] GC(901) Desired survivor size 8945664 bytes, new threshold 6 (max threshold 6)
[20.429s][trace][gc,age         ] GC(901) Age table with threshold 6 (max threshold 6)
[20.429s][trace][gc,age         ] GC(901) - age   1:        192 bytes,        192 total
[20.429s][info ][gc,heap        ] GC(901) ParNew: 139560K->6K(157376K)
[20.429s][info ][gc,heap        ] GC(901) CMS: 3754K->3754K(349568K)
[20.429s][info ][gc,metaspace   ] GC(901) Metaspace: 16025K(16640K)->16025K(16640K) NonClass: 14284K(14592K)->14284K(14592K) Class: 1740K(2048K)->1740K(2048K)
[20.429s][info ][gc             ] GC(901) Pause Young (Allocation Failure) 139M->3M(495M) 0.438ms
[20.429s][info ][gc,cpu         ] GC(901) User=0.00s Sys=0.00s Real=0.01s
[20.438s][info ][gc,start       ] GC(902) Pause Young (Allocation Failure)
[20.438s][info ][gc,task        ] GC(902) Using 9 workers of 9 for evacuation
[20.439s][debug][gc,age         ] GC(902) Desired survivor size 8945664 bytes, new threshold 6 (max threshold 6)
[20.439s][trace][gc,age         ] GC(902) Age table with threshold 6 (max threshold 6)
[20.439s][trace][gc,age         ] GC(902) - age   1:        192 bytes,        192 total
[20.439s][info ][gc,heap        ] GC(902) ParNew: 139569K->8K(157376K)
[20.439s][info ][gc,heap        ] GC(902) CMS: 3754K->3754K(349568K)
[20.439s][info ][gc,metaspace   ] GC(902) Metaspace: 16025K(16640K)->16025K(16640K) NonClass: 14284K(14592K)->14284K(14592K) Class: 1740K(2048K)->1740K(2048K)
[20.439s][info ][gc             ] GC(902) Pause Young (Allocation Failure) 139M->3M(495M) 0.478ms
[20.439s][info ][gc,cpu         ] GC(902) User=0.01s Sys=0.00s Real=0.01s
[20.448s][info ][gc,start       ] GC(903) Pause Young (Allocation Failure)
[20.448s][info ][gc,task        ] GC(903) Using 9 workers of 9 for evacuation
[20.449s][debug][gc,age         ] GC(903) Desired survivor size 8945664 bytes, new threshold 6 (max threshold 6)
[20.449s][trace][gc,age         ] GC(903) Age table with threshold 6 (max threshold 6)
[20.449s][trace][gc,age         ] GC(903) - age   1:     400208 bytes,     400208 total
[20.449s][info ][gc,heap        ] GC(903) ParNew: 139849K->398K(157376K)
[20.449s][info ][gc,heap        ] GC(903) CMS: 3754K->3754K(349568K)
[20.449s][info ][gc,metaspace   ] GC(903) Metaspace: 16025K(16640K)->16025K(16640K) NonClass: 14284K(14592K)->14284K(14592K) Class: 1740K(2048K)->1740K(2048K)
[20.449s][info ][gc             ] GC(903) Pause Young (Allocation Failure) 140M->4M(495M) 0.382ms
[20.449s][info ][gc,cpu         ] GC(903) User=0.01s Sys=0.00s Real=0.01s
[20.458s][info ][gc,start       ] GC(904) Pause Young (Allocation Failure)
[20.458s][info ][gc,task        ] GC(904) Using 9 workers of 9 for evacuation
[20.459s][debug][gc,age         ] GC(904) Desired survivor size 8945664 bytes, new threshold 6 (max threshold 6)
[20.459s][trace][gc,age         ] GC(904) Age table with threshold 6 (max threshold 6)
[20.459s][trace][gc,age         ] GC(904) - age   1:        192 bytes,        192 total
[20.459s][info ][gc,heap        ] GC(904) ParNew: 140252K->6K(157376K)
[20.459s][info ][gc,heap        ] GC(904) CMS: 3754K->3754K(349568K)
[20.459s][info ][gc,metaspace   ] GC(904) Metaspace: 16025K(16640K)->16025K(16640K) NonClass: 14284K(14592K)->14284K(14592K) Class: 1740K(2048K)->1740K(2048K)
[20.459s][info ][gc             ] GC(904) Pause Young (Allocation Failure) 140M->3M(495M) 0.380ms
[20.459s][info ][gc,cpu         ] GC(904) User=0.00s Sys=0.00s Real=0.00s
[20.468s][info ][gc,start       ] GC(905) Pause Young (Allocation Failure)
[20.468s][info ][gc,task        ] GC(905) Using 9 workers of 9 for evacuation
[20.469s][debug][gc,age         ] GC(905) Desired survivor size 8945664 bytes, new threshold 6 (max threshold 6)
[20.469s][trace][gc,age         ] GC(905) Age table with threshold 6 (max threshold 6)
[20.469s][trace][gc,age         ] GC(905) - age   1:     400208 bytes,     400208 total
[20.469s][info ][gc,heap        ] GC(905) ParNew: 139906K->398K(157376K)
[20.469s][info ][gc,heap        ] GC(905) CMS: 3754K->3754K(349568K)
[20.469s][info ][gc,metaspace   ] GC(905) Metaspace: 16025K(16640K)->16025K(16640K) NonClass: 14284K(14592K)->14284K(14592K) Class: 1740K(2048K)->1740K(2048K)
[20.469s][info ][gc             ] GC(905) Pause Young (Allocation Failure) 140M->4M(495M) 0.402ms
[20.469s][info ][gc,cpu         ] GC(905) User=0.00s Sys=0.00s Real=0.00s
[20.478s][info ][gc,start       ] GC(906) Pause Young (Allocation Failure)
[20.478s][info ][gc,task        ] GC(906) Using 9 workers of 9 for evacuation
[20.478s][debug][gc,age         ] GC(906) Desired survivor size 8945664 bytes, new threshold 6 (max threshold 6)
[20.478s][trace][gc,age         ] GC(906) Age table with threshold 6 (max threshold 6)
[20.478s][trace][gc,age         ] GC(906) - age   1:        192 bytes,        192 total
[20.479s][info ][gc,heap        ] GC(906) ParNew: 140214K->6K(157376K)
[20.479s][info ][gc,heap        ] GC(906) CMS: 3754K->3754K(349568K)
[20.479s][info ][gc,metaspace   ] GC(906) Metaspace: 16025K(16640K)->16025K(16640K) NonClass: 14284K(14592K)->14284K(14592K) Class: 1740K(2048K)->1740K(2048K)
[20.479s][info ][gc             ] GC(906) Pause Young (Allocation Failure) 140M->3M(495M) 0.427ms
[20.479s][info ][gc,cpu         ] GC(906) User=0.00s Sys=0.00s Real=0.00s
[20.488s][info ][gc,start       ] GC(907) Pause Young (Allocation Failure)
[20.488s][info ][gc,task        ] GC(907) Using 9 workers of 9 for evacuation
[20.488s][debug][gc,age         ] GC(907) Desired survivor size 8945664 bytes, new threshold 6 (max threshold 6)
[20.488s][trace][gc,age         ] GC(907) Age table with threshold 6 (max threshold 6)
[20.488s][trace][gc,age         ] GC(907) - age   1:     400208 bytes,     400208 total
[20.488s][info ][gc,heap        ] GC(907) ParNew: 139886K->396K(157376K)
[20.488s][info ][gc,heap        ] GC(907) CMS: 3754K->3754K(349568K)
[20.488s][info ][gc,metaspace   ] GC(907) Metaspace: 16025K(16640K)->16025K(16640K) NonClass: 14284K(14592K)->14284K(14592K) Class: 1740K(2048K)->1740K(2048K)
[20.488s][info ][gc             ] GC(907) Pause Young (Allocation Failure) 140M->4M(495M) 0.415ms
[20.488s][info ][gc,cpu         ] GC(907) User=0.00s Sys=0.00s Real=0.00s
[20.498s][info ][gc,start       ] GC(908) Pause Young (Allocation Failure)
[20.498s][info ][gc,task        ] GC(908) Using 9 workers of 9 for evacuation
[20.498s][debug][gc,age         ] GC(908) Desired survivor size 8945664 bytes, new threshold 6 (max threshold 6)
[20.498s][trace][gc,age         ] GC(908) Age table with threshold 6 (max threshold 6)
[20.498s][trace][gc,age         ] GC(908) - age   1:     400208 bytes,     400208 total
[20.498s][info ][gc,heap        ] GC(908) ParNew: 139944K->396K(157376K)
[20.498s][info ][gc,heap        ] GC(908) CMS: 3754K->3754K(349568K)
[20.498s][info ][gc,metaspace   ] GC(908) Metaspace: 16025K(16640K)->16025K(16640K) NonClass: 14284K(14592K)->14284K(14592K) Class: 1740K(2048K)->1740K(2048K)
[20.498s][info ][gc             ] GC(908) Pause Young (Allocation Failure) 140M->4M(495M) 0.412ms
[20.498s][info ][gc,cpu         ] GC(908) User=0.00s Sys=0.00s Real=0.00s
[20.508s][info ][gc,start       ] GC(909) Pause Young (Allocation Failure)
[20.508s][info ][gc,task        ] GC(909) Using 9 workers of 9 for evacuation
[20.508s][debug][gc,age         ] GC(909) Desired survivor size 8945664 bytes, new threshold 6 (max threshold 6)
[20.508s][trace][gc,age         ] GC(909) Age table with threshold 6 (max threshold 6)
[20.508s][trace][gc,age         ] GC(909) - age   1:        192 bytes,        192 total
[20.508s][info ][gc,heap        ] GC(909) ParNew: 140220K->8K(157376K)
[20.508s][info ][gc,heap        ] GC(909) CMS: 3754K->3754K(349568K)
[20.508s][info ][gc,metaspace   ] GC(909) Metaspace: 16025K(16640K)->16025K(16640K) NonClass: 14284K(14592K)->14284K(14592K) Class: 1740K(2048K)->1740K(2048K)
[20.508s][info ][gc             ] GC(909) Pause Young (Allocation Failure) 140M->3M(495M) 0.360ms
[20.508s][info ][gc,cpu         ] GC(909) User=0.00s Sys=0.00s Real=0.00s
[20.518s][info ][gc,start       ] GC(910) Pause Young (Allocation Failure)
[20.518s][info ][gc,task        ] GC(910) Using 9 workers of 9 for evacuation
[20.518s][debug][gc,age         ] GC(910) Desired survivor size 8945664 bytes, new threshold 6 (max threshold 6)
[20.518s][trace][gc,age         ] GC(910) Age table with threshold 6 (max threshold 6)
[20.518s][trace][gc,age         ] GC(910) - age   1:        192 bytes,        192 total
[20.518s][info ][gc,heap        ] GC(910) ParNew: 139582K->6K(157376K)
[20.518s][info ][gc,heap        ] GC(910) CMS: 3754K->3754K(349568K)
[20.518s][info ][gc,metaspace   ] GC(910) Metaspace: 16025K(16640K)->16025K(16640K) NonClass: 14284K(14592K)->14284K(14592K) Class: 1740K(2048K)->1740K(2048K)
[20.518s][info ][gc             ] GC(910) Pause Young (Allocation Failure) 139M->3M(495M) 0.370ms
[20.518s][info ][gc,cpu         ] GC(910) User=0.01s Sys=0.00s Real=0.00s
[20.527s][info ][gc,start       ] GC(911) Pause Young (Allocation Failure)
[20.527s][info ][gc,task        ] GC(911) Using 9 workers of 9 for evacuation
[20.528s][debug][gc,age         ] GC(911) Desired survivor size 8945664 bytes, new threshold 6 (max threshold 6)
[20.528s][trace][gc,age         ] GC(911) Age table with threshold 6 (max threshold 6)
[20.528s][trace][gc,age         ] GC(911) - age   1:        192 bytes,        192 total
[20.528s][info ][gc,heap        ] GC(911) ParNew: 139910K->8K(157376K)
[20.528s][info ][gc,heap        ] GC(911) CMS: 3754K->3754K(349568K)
[20.528s][info ][gc,metaspace   ] GC(911) Metaspace: 16025K(16640K)->16025K(16640K) NonClass: 14284K(14592K)->14284K(14592K) Class: 1740K(2048K)->1740K(2048K)
[20.528s][info ][gc             ] GC(911) Pause Young (Allocation Failure) 140M->3M(495M) 0.388ms
[20.528s][info ][gc,cpu         ] GC(911) User=0.00s Sys=0.00s Real=0.00s
[20.537s][info ][gc,start       ] GC(912) Pause Young (Allocation Failure)
[20.537s][info ][gc,task        ] GC(912) Using 9 workers of 9 for evacuation
[20.538s][debug][gc,age         ] GC(912) Desired survivor size 8945664 bytes, new threshold 6 (max threshold 6)
[20.538s][trace][gc,age         ] GC(912) Age table with threshold 6 (max threshold 6)
[20.538s][trace][gc,age         ] GC(912) - age   1:        192 bytes,        192 total
[20.538s][info ][gc,heap        ] GC(912) ParNew: 139544K->8K(157376K)
[20.538s][info ][gc,heap        ] GC(912) CMS: 3754K->3754K(349568K)
[20.538s][info ][gc,metaspace   ] GC(912) Metaspace: 16025K(16640K)->16025K(16640K) NonClass: 14284K(14592K)->14284K(14592K) Class: 1740K(2048K)->1740K(2048K)
[20.538s][info ][gc             ] GC(912) Pause Young (Allocation Failure) 139M->3M(495M) 0.367ms
[20.538s][info ][gc,cpu         ] GC(912) User=0.00s Sys=0.00s Real=0.00s
[20.547s][info ][gc,start       ] GC(913) Pause Young (Allocation Failure)
[20.547s][info ][gc,task        ] GC(913) Using 9 workers of 9 for evacuation
[20.548s][debug][gc,age         ] GC(913) Desired survivor size 8945664 bytes, new threshold 6 (max threshold 6)
[20.548s][trace][gc,age         ] GC(913) Age table with threshold 6 (max threshold 6)
[20.548s][trace][gc,age         ] GC(913) - age   1:     400208 bytes,     400208 total
[20.548s][info ][gc,heap        ] GC(913) ParNew: 139882K->394K(157376K)
[20.548s][info ][gc,heap        ] GC(913) CMS: 3754K->3754K(349568K)
[20.548s][info ][gc,metaspace   ] GC(913) Metaspace: 16025K(16640K)->16025K(16640K) NonClass: 14284K(14592K)->14284K(14592K) Class: 1740K(2048K)->1740K(2048K)
[20.548s][info ][gc             ] GC(913) Pause Young (Allocation Failure) 140M->4M(495M) 0.425ms
[20.548s][info ][gc,cpu         ] GC(913) User=0.00s Sys=0.01s Real=0.00s
[20.557s][info ][gc,start       ] GC(914) Pause Young (Allocation Failure)
[20.557s][info ][gc,task        ] GC(914) Using 9 workers of 9 for evacuation
[20.557s][debug][gc,age         ] GC(914) Desired survivor size 8945664 bytes, new threshold 6 (max threshold 6)
[20.557s][trace][gc,age         ] GC(914) Age table with threshold 6 (max threshold 6)
[20.557s][trace][gc,age         ] GC(914) - age   1:     400208 bytes,     400208 total
[20.557s][info ][gc,heap        ] GC(914) ParNew: 139918K->396K(157376K)
[20.557s][info ][gc,heap        ] GC(914) CMS: 3754K->3754K(349568K)
[20.558s][info ][gc,metaspace   ] GC(914) Metaspace: 16025K(16640K)->16025K(16640K) NonClass: 14284K(14592K)->14284K(14592K) Class: 1740K(2048K)->1740K(2048K)
[20.558s][info ][gc             ] GC(914) Pause Young (Allocation Failure) 140M->4M(495M) 0.427ms
[20.558s][info ][gc,cpu         ] GC(914) User=0.00s Sys=0.00s Real=0.00s
[20.567s][info ][gc,start       ] GC(915) Pause Young (Allocation Failure)
[20.567s][info ][gc,task        ] GC(915) Using 9 workers of 9 for evacuation
[20.567s][debug][gc,age         ] GC(915) Desired survivor size 8945664 bytes, new threshold 6 (max threshold 6)
[20.567s][trace][gc,age         ] GC(915) Age table with threshold 6 (max threshold 6)
[20.567s][trace][gc,age         ] GC(915) - age   1:        192 bytes,        192 total
[20.567s][info ][gc,heap        ] GC(915) ParNew: 140216K->6K(157376K)
[20.567s][info ][gc,heap        ] GC(915) CMS: 3754K->3754K(349568K)
[20.567s][info ][gc,metaspace   ] GC(915) Metaspace: 16025K(16640K)->16025K(16640K) NonClass: 14284K(14592K)->14284K(14592K) Class: 1740K(2048K)->1740K(2048K)
[20.567s][info ][gc             ] GC(915) Pause Young (Allocation Failure) 140M->3M(495M) 0.494ms
[20.567s][info ][gc,cpu         ] GC(915) User=0.00s Sys=0.00s Real=0.00s
[20.577s][info ][gc,start       ] GC(916) Pause Young (Allocation Failure)
[20.577s][info ][gc,task        ] GC(916) Using 9 workers of 9 for evacuation
[20.577s][debug][gc,age         ] GC(916) Desired survivor size 8945664 bytes, new threshold 6 (max threshold 6)
[20.577s][trace][gc,age         ] GC(916) Age table with threshold 6 (max threshold 6)
[20.577s][trace][gc,age         ] GC(916) - age   1:     400208 bytes,     400208 total
[20.577s][info ][gc,heap        ] GC(916) ParNew: 139869K->398K(157376K)
[20.577s][info ][gc,heap        ] GC(916) CMS: 3754K->3754K(349568K)
[20.577s][info ][gc,metaspace   ] GC(916) Metaspace: 16025K(16640K)->16025K(16640K) NonClass: 14284K(14592K)->14284K(14592K) Class: 1740K(2048K)->1740K(2048K)
[20.578s][info ][gc             ] GC(916) Pause Young (Allocation Failure) 140M->4M(495M) 0.500ms
[20.578s][info ][gc,cpu         ] GC(916) User=0.00s Sys=0.00s Real=0.00s
[20.587s][info ][gc,start       ] GC(917) Pause Young (Allocation Failure)
[20.587s][info ][gc,task        ] GC(917) Using 9 workers of 9 for evacuation
[20.587s][debug][gc,age         ] GC(917) Desired survivor size 8945664 bytes, new threshold 6 (max threshold 6)
[20.587s][trace][gc,age         ] GC(917) Age table with threshold 6 (max threshold 6)
[20.587s][trace][gc,age         ] GC(917) - age   1:        192 bytes,        192 total
[20.587s][info ][gc,heap        ] GC(917) ParNew: 140268K->8K(157376K)
[20.587s][info ][gc,heap        ] GC(917) CMS: 3754K->3754K(349568K)
[20.587s][info ][gc,metaspace   ] GC(917) Metaspace: 16025K(16640K)->16025K(16640K) NonClass: 14284K(14592K)->14284K(14592K) Class: 1740K(2048K)->1740K(2048K)
[20.587s][info ][gc             ] GC(917) Pause Young (Allocation Failure) 140M->3M(495M) 0.472ms
[20.587s][info ][gc,cpu         ] GC(917) User=0.01s Sys=0.00s Real=0.00s
[20.597s][info ][gc,start       ] GC(918) Pause Young (Allocation Failure)
[20.597s][info ][gc,task        ] GC(918) Using 9 workers of 9 for evacuation
[20.597s][debug][gc,age         ] GC(918) Desired survivor size 8945664 bytes, new threshold 6 (max threshold 6)
[20.597s][trace][gc,age         ] GC(918) Age table with threshold 6 (max threshold 6)
[20.597s][trace][gc,age         ] GC(918) - age   1:        192 bytes,        192 total
[20.597s][info ][gc,heap        ] GC(918) ParNew: 139536K->8K(157376K)
[20.597s][info ][gc,heap        ] GC(918) CMS: 3754K->3754K(349568K)
[20.597s][info ][gc,metaspace   ] GC(918) Metaspace: 16025K(16640K)->16025K(16640K) NonClass: 14284K(14592K)->14284K(14592K) Class: 1740K(2048K)->1740K(2048K)
[20.597s][info ][gc             ] GC(918) Pause Young (Allocation Failure) 139M->3M(495M) 0.412ms
[20.597s][info ][gc,cpu         ] GC(918) User=0.01s Sys=0.00s Real=0.00s
[20.607s][info ][gc,start       ] GC(919) Pause Young (Allocation Failure)
[20.607s][info ][gc,task        ] GC(919) Using 9 workers of 9 for evacuation
[20.607s][debug][gc,age         ] GC(919) Desired survivor size 8945664 bytes, new threshold 6 (max threshold 6)
[20.607s][trace][gc,age         ] GC(919) Age table with threshold 6 (max threshold 6)
[20.607s][trace][gc,age         ] GC(919) - age   1:        192 bytes,        192 total
[20.607s][info ][gc,heap        ] GC(919) ParNew: 139525K->8K(157376K)
[20.607s][info ][gc,heap        ] GC(919) CMS: 3754K->3754K(349568K)
[20.607s][info ][gc,metaspace   ] GC(919) Metaspace: 16025K(16640K)->16025K(16640K) NonClass: 14284K(14592K)->14284K(14592K) Class: 1740K(2048K)->1740K(2048K)
[20.607s][info ][gc             ] GC(919) Pause Young (Allocation Failure) 139M->3M(495M) 0.430ms
[20.607s][info ][gc,cpu         ] GC(919) User=0.00s Sys=0.00s Real=0.00s
[20.617s][info ][gc,start       ] GC(920) Pause Young (Allocation Failure)
[20.617s][info ][gc,task        ] GC(920) Using 9 workers of 9 for evacuation
[20.618s][debug][gc,age         ] GC(920) Desired survivor size 8945664 bytes, new threshold 6 (max threshold 6)
[20.618s][trace][gc,age         ] GC(920) Age table with threshold 6 (max threshold 6)
[20.618s][trace][gc,age         ] GC(920) - age   1:        192 bytes,        192 total
[20.618s][info ][gc,heap        ] GC(920) ParNew: 139570K->8K(157376K)
[20.618s][info ][gc,heap        ] GC(920) CMS: 3754K->3754K(349568K)
[20.618s][info ][gc,metaspace   ] GC(920) Metaspace: 16025K(16640K)->16025K(16640K) NonClass: 14284K(14592K)->14284K(14592K) Class: 1740K(2048K)->1740K(2048K)
[20.618s][info ][gc             ] GC(920) Pause Young (Allocation Failure) 139M->3M(495M) 0.447ms
[20.618s][info ][gc,cpu         ] GC(920) User=0.00s Sys=0.00s Real=0.00s
[20.627s][info ][gc,start       ] GC(921) Pause Young (Allocation Failure)
[20.627s][info ][gc,task        ] GC(921) Using 9 workers of 9 for evacuation
[20.627s][debug][gc,age         ] GC(921) Desired survivor size 8945664 bytes, new threshold 6 (max threshold 6)
[20.627s][trace][gc,age         ] GC(921) Age table with threshold 6 (max threshold 6)
[20.627s][trace][gc,age         ] GC(921) - age   1:     400208 bytes,     400208 total
[20.627s][info ][gc,heap        ] GC(921) ParNew: 139803K->396K(157376K)
[20.627s][info ][gc,heap        ] GC(921) CMS: 3754K->3754K(349568K)
[20.627s][info ][gc,metaspace   ] GC(921) Metaspace: 16025K(16640K)->16025K(16640K) NonClass: 14284K(14592K)->14284K(14592K) Class: 1740K(2048K)->1740K(2048K)
[20.627s][info ][gc             ] GC(921) Pause Young (Allocation Failure) 140M->4M(495M) 0.395ms
[20.627s][info ][gc,cpu         ] GC(921) User=0.00s Sys=0.00s Real=0.00s
[20.637s][info ][gc,start       ] GC(922) Pause Young (Allocation Failure)
[20.637s][info ][gc,task        ] GC(922) Using 9 workers of 9 for evacuation
[20.637s][debug][gc,age         ] GC(922) Desired survivor size 8945664 bytes, new threshold 6 (max threshold 6)
[20.637s][trace][gc,age         ] GC(922) Age table with threshold 6 (max threshold 6)
[20.637s][trace][gc,age         ] GC(922) - age   1:        192 bytes,        192 total
[20.637s][info ][gc,heap        ] GC(922) ParNew: 139953K->8K(157376K)
[20.637s][info ][gc,heap        ] GC(922) CMS: 3754K->3754K(349568K)
[20.637s][info ][gc,metaspace   ] GC(922) Metaspace: 16025K(16640K)->16025K(16640K) NonClass: 14284K(14592K)->14284K(14592K) Class: 1740K(2048K)->1740K(2048K)
[20.637s][info ][gc             ] GC(922) Pause Young (Allocation Failure) 140M->3M(495M) 0.337ms
[20.637s][info ][gc,cpu         ] GC(922) User=0.00s Sys=0.00s Real=0.00s
[20.647s][info ][gc,start       ] GC(923) Pause Young (Allocation Failure)
[20.647s][info ][gc,task        ] GC(923) Using 9 workers of 9 for evacuation
[20.647s][debug][gc,age         ] GC(923) Desired survivor size 8945664 bytes, new threshold 6 (max threshold 6)
[20.647s][trace][gc,age         ] GC(923) Age table with threshold 6 (max threshold 6)
[20.647s][trace][gc,age         ] GC(923) - age   1:     400208 bytes,     400208 total
[20.647s][info ][gc,heap        ] GC(923) ParNew: 139815K->398K(157376K)
[20.647s][info ][gc,heap        ] GC(923) CMS: 3754K->3754K(349568K)
[20.647s][info ][gc,metaspace   ] GC(923) Metaspace: 16025K(16640K)->16025K(16640K) NonClass: 14284K(14592K)->14284K(14592K) Class: 1740K(2048K)->1740K(2048K)
[20.647s][info ][gc             ] GC(923) Pause Young (Allocation Failure) 140M->4M(495M) 0.387ms
[20.647s][info ][gc,cpu         ] GC(923) User=0.00s Sys=0.00s Real=0.00s
[20.657s][info ][gc,start       ] GC(924) Pause Young (Allocation Failure)
[20.657s][info ][gc,task        ] GC(924) Using 9 workers of 9 for evacuation
[20.657s][debug][gc,age         ] GC(924) Desired survivor size 8945664 bytes, new threshold 6 (max threshold 6)
[20.657s][trace][gc,age         ] GC(924) Age table with threshold 6 (max threshold 6)
[20.657s][trace][gc,age         ] GC(924) - age   1:        192 bytes,        192 total
[20.657s][info ][gc,heap        ] GC(924) ParNew: 140302K->8K(157376K)
[20.657s][info ][gc,heap        ] GC(924) CMS: 3754K->3754K(349568K)
[20.657s][info ][gc,metaspace   ] GC(924) Metaspace: 16025K(16640K)->16025K(16640K) NonClass: 14284K(14592K)->14284K(14592K) Class: 1740K(2048K)->1740K(2048K)
[20.657s][info ][gc             ] GC(924) Pause Young (Allocation Failure) 140M->3M(495M) 0.425ms
[20.657s][info ][gc,cpu         ] GC(924) User=0.00s Sys=0.00s Real=0.00s
[20.666s][info ][gc,start       ] GC(925) Pause Young (Allocation Failure)
[20.666s][info ][gc,task        ] GC(925) Using 9 workers of 9 for evacuation
[20.667s][debug][gc,age         ] GC(925) Desired survivor size 8945664 bytes, new threshold 6 (max threshold 6)
[20.667s][trace][gc,age         ] GC(925) Age table with threshold 6 (max threshold 6)
[20.667s][trace][gc,age         ] GC(925) - age   1:     400208 bytes,     400208 total
[20.667s][info ][gc,heap        ] GC(925) ParNew: 139899K->394K(157376K)
[20.667s][info ][gc,heap        ] GC(925) CMS: 3754K->3754K(349568K)
[20.667s][info ][gc,metaspace   ] GC(925) Metaspace: 16025K(16640K)->16025K(16640K) NonClass: 14284K(14592K)->14284K(14592K) Class: 1740K(2048K)->1740K(2048K)
[20.667s][info ][gc             ] GC(925) Pause Young (Allocation Failure) 140M->4M(495M) 0.395ms
[20.667s][info ][gc,cpu         ] GC(925) User=0.00s Sys=0.00s Real=0.00s
[20.676s][info ][gc,start       ] GC(926) Pause Young (Allocation Failure)
[20.676s][info ][gc,task        ] GC(926) Using 9 workers of 9 for evacuation
[20.677s][debug][gc,age         ] GC(926) Desired survivor size 8945664 bytes, new threshold 6 (max threshold 6)
[20.677s][trace][gc,age         ] GC(926) Age table with threshold 6 (max threshold 6)
[20.677s][trace][gc,age         ] GC(926) - age   1:        192 bytes,        192 total
[20.677s][info ][gc,heap        ] GC(926) ParNew: 140217K->8K(157376K)
[20.677s][info ][gc,heap        ] GC(926) CMS: 3754K->3754K(349568K)
[20.677s][info ][gc,metaspace   ] GC(926) Metaspace: 16025K(16640K)->16025K(16640K) NonClass: 14284K(14592K)->14284K(14592K) Class: 1740K(2048K)->1740K(2048K)
[20.677s][info ][gc             ] GC(926) Pause Young (Allocation Failure) 140M->3M(495M) 0.370ms
[20.677s][info ][gc,cpu         ] GC(926) User=0.00s Sys=0.00s Real=0.00s
[20.686s][info ][gc,start       ] GC(927) Pause Young (Allocation Failure)
[20.686s][info ][gc,task        ] GC(927) Using 9 workers of 9 for evacuation
[20.687s][debug][gc,age         ] GC(927) Desired survivor size 8945664 bytes, new threshold 6 (max threshold 6)
[20.687s][trace][gc,age         ] GC(927) Age table with threshold 6 (max threshold 6)
[20.687s][trace][gc,age         ] GC(927) - age   1:     400208 bytes,     400208 total
[20.687s][info ][gc,heap        ] GC(927) ParNew: 139852K->398K(157376K)
[20.687s][info ][gc,heap        ] GC(927) CMS: 3754K->3754K(349568K)
[20.687s][info ][gc,metaspace   ] GC(927) Metaspace: 16025K(16640K)->16025K(16640K) NonClass: 14284K(14592K)->14284K(14592K) Class: 1740K(2048K)->1740K(2048K)
[20.687s][info ][gc             ] GC(927) Pause Young (Allocation Failure) 140M->4M(495M) 0.348ms
[20.687s][info ][gc,cpu         ] GC(927) User=0.00s Sys=0.00s Real=0.00s
[20.696s][info ][gc,start       ] GC(928) Pause Young (Allocation Failure)
[20.696s][info ][gc,task        ] GC(928) Using 9 workers of 9 for evacuation
[20.696s][debug][gc,age         ] GC(928) Desired survivor size 8945664 bytes, new threshold 6 (max threshold 6)
[20.696s][trace][gc,age         ] GC(928) Age table with threshold 6 (max threshold 6)
[20.696s][trace][gc,age         ] GC(928) - age   1:        192 bytes,        192 total
[20.696s][info ][gc,heap        ] GC(928) ParNew: 140261K->8K(157376K)
[20.696s][info ][gc,heap        ] GC(928) CMS: 3754K->3754K(349568K)
[20.696s][info ][gc,metaspace   ] GC(928) Metaspace: 16025K(16640K)->16025K(16640K) NonClass: 14284K(14592K)->14284K(14592K) Class: 1740K(2048K)->1740K(2048K)
[20.696s][info ][gc             ] GC(928) Pause Young (Allocation Failure) 140M->3M(495M) 0.430ms
[20.696s][info ][gc,cpu         ] GC(928) User=0.01s Sys=0.00s Real=0.00s
[20.706s][info ][gc,start       ] GC(929) Pause Young (Allocation Failure)
[20.706s][info ][gc,task        ] GC(929) Using 9 workers of 9 for evacuation
[20.706s][debug][gc,age         ] GC(929) Desired survivor size 8945664 bytes, new threshold 6 (max threshold 6)
[20.706s][trace][gc,age         ] GC(929) Age table with threshold 6 (max threshold 6)
[20.706s][trace][gc,age         ] GC(929) - age   1:     400208 bytes,     400208 total
[20.706s][info ][gc,heap        ] GC(929) ParNew: 139893K->394K(157376K)
[20.706s][info ][gc,heap        ] GC(929) CMS: 3754K->3754K(349568K)
[20.706s][info ][gc,metaspace   ] GC(929) Metaspace: 16025K(16640K)->16025K(16640K) NonClass: 14284K(14592K)->14284K(14592K) Class: 1740K(2048K)->1740K(2048K)
[20.706s][info ][gc             ] GC(929) Pause Young (Allocation Failure) 140M->4M(495M) 0.351ms
[20.706s][info ][gc,cpu         ] GC(929) User=0.00s Sys=0.00s Real=0.00s
[20.716s][info ][gc,start       ] GC(930) Pause Young (Allocation Failure)
[20.716s][info ][gc,task        ] GC(930) Using 9 workers of 9 for evacuation
[20.716s][debug][gc,age         ] GC(930) Desired survivor size 8945664 bytes, new threshold 6 (max threshold 6)
[20.716s][trace][gc,age         ] GC(930) Age table with threshold 6 (max threshold 6)
[20.716s][trace][gc,age         ] GC(930) - age   1:     400208 bytes,     400208 total
[20.716s][info ][gc,heap        ] GC(930) ParNew: 140072K->396K(157376K)
[20.716s][info ][gc,heap        ] GC(930) CMS: 3754K->3754K(349568K)
[20.716s][info ][gc,metaspace   ] GC(930) Metaspace: 16025K(16640K)->16025K(16640K) NonClass: 14284K(14592K)->14284K(14592K) Class: 1740K(2048K)->1740K(2048K)
[20.716s][info ][gc             ] GC(930) Pause Young (Allocation Failure) 140M->4M(495M) 0.432ms
[20.716s][info ][gc,cpu         ] GC(930) User=0.00s Sys=0.00s Real=0.00s
[20.726s][info ][gc,start       ] GC(931) Pause Young (Allocation Failure)
[20.726s][info ][gc,task        ] GC(931) Using 9 workers of 9 for evacuation
[20.726s][debug][gc,age         ] GC(931) Desired survivor size 8945664 bytes, new threshold 6 (max threshold 6)
[20.726s][trace][gc,age         ] GC(931) Age table with threshold 6 (max threshold 6)
[20.726s][trace][gc,age         ] GC(931) - age   1:     400208 bytes,     400208 total
[20.726s][info ][gc,heap        ] GC(931) ParNew: 140016K->394K(157376K)
[20.726s][info ][gc,heap        ] GC(931) CMS: 3754K->3754K(349568K)
[20.726s][info ][gc,metaspace   ] GC(931) Metaspace: 16025K(16640K)->16025K(16640K) NonClass: 14284K(14592K)->14284K(14592K) Class: 1740K(2048K)->1740K(2048K)
[20.726s][info ][gc             ] GC(931) Pause Young (Allocation Failure) 140M->4M(495M) 0.351ms
[20.726s][info ][gc,cpu         ] GC(931) User=0.00s Sys=0.00s Real=0.00s
[20.736s][info ][gc,start       ] GC(932) Pause Young (Allocation Failure)
[20.736s][info ][gc,task        ] GC(932) Using 9 workers of 9 for evacuation
[20.736s][debug][gc,age         ] GC(932) Desired survivor size 8945664 bytes, new threshold 6 (max threshold 6)
[20.736s][trace][gc,age         ] GC(932) Age table with threshold 6 (max threshold 6)
[20.736s][trace][gc,age         ] GC(932) - age   1:     400208 bytes,     400208 total
[20.736s][info ][gc,heap        ] GC(932) ParNew: 140296K->396K(157376K)
[20.736s][info ][gc,heap        ] GC(932) CMS: 3754K->3754K(349568K)
[20.736s][info ][gc,metaspace   ] GC(932) Metaspace: 16025K(16640K)->16025K(16640K) NonClass: 14284K(14592K)->14284K(14592K) Class: 1740K(2048K)->1740K(2048K)
[20.736s][info ][gc             ] GC(932) Pause Young (Allocation Failure) 140M->4M(495M) 0.439ms
[20.736s][info ][gc,cpu         ] GC(932) User=0.00s Sys=0.00s Real=0.00s
[20.746s][info ][gc,start       ] GC(933) Pause Young (Allocation Failure)
[20.746s][info ][gc,task        ] GC(933) Using 9 workers of 9 for evacuation
[20.747s][debug][gc,age         ] GC(933) Desired survivor size 8945664 bytes, new threshold 6 (max threshold 6)
[20.747s][trace][gc,age         ] GC(933) Age table with threshold 6 (max threshold 6)
[20.747s][trace][gc,age         ] GC(933) - age   1:        192 bytes,        192 total
[20.747s][info ][gc,heap        ] GC(933) ParNew: 140242K->8K(157376K)
[20.747s][info ][gc,heap        ] GC(933) CMS: 3754K->3754K(349568K)
[20.747s][info ][gc,metaspace   ] GC(933) Metaspace: 16025K(16640K)->16025K(16640K) NonClass: 14284K(14592K)->14284K(14592K) Class: 1740K(2048K)->1740K(2048K)
[20.747s][info ][gc             ] GC(933) Pause Young (Allocation Failure) 140M->3M(495M) 0.462ms
[20.747s][info ][gc,cpu         ] GC(933) User=0.00s Sys=0.00s Real=0.00s
[20.756s][info ][gc,start       ] GC(934) Pause Young (Allocation Failure)
[20.756s][info ][gc,task        ] GC(934) Using 9 workers of 9 for evacuation
[20.756s][debug][gc,age         ] GC(934) Desired survivor size 8945664 bytes, new threshold 6 (max threshold 6)
[20.756s][trace][gc,age         ] GC(934) Age table with threshold 6 (max threshold 6)
[20.756s][trace][gc,age         ] GC(934) - age   1:        192 bytes,        192 total
[20.756s][info ][gc,heap        ] GC(934) ParNew: 139667K->6K(157376K)
[20.756s][info ][gc,heap        ] GC(934) CMS: 3754K->3754K(349568K)
[20.756s][info ][gc,metaspace   ] GC(934) Metaspace: 16025K(16640K)->16025K(16640K) NonClass: 14284K(14592K)->14284K(14592K) Class: 1740K(2048K)->1740K(2048K)
[20.757s][info ][gc             ] GC(934) Pause Young (Allocation Failure) 140M->3M(495M) 0.378ms
[20.757s][info ][gc,cpu         ] GC(934) User=0.00s Sys=0.00s Real=0.00s
[20.766s][info ][gc,start       ] GC(935) Pause Young (Allocation Failure)
[20.766s][info ][gc,task        ] GC(935) Using 9 workers of 9 for evacuation
[20.766s][debug][gc,age         ] GC(935) Desired survivor size 8945664 bytes, new threshold 6 (max threshold 6)
[20.766s][trace][gc,age         ] GC(935) Age table with threshold 6 (max threshold 6)
[20.766s][trace][gc,age         ] GC(935) - age   1:        192 bytes,        192 total
[20.766s][info ][gc,heap        ] GC(935) ParNew: 139542K->8K(157376K)
[20.766s][info ][gc,heap        ] GC(935) CMS: 3754K->3754K(349568K)
[20.766s][info ][gc,metaspace   ] GC(935) Metaspace: 16025K(16640K)->16025K(16640K) NonClass: 14284K(14592K)->14284K(14592K) Class: 1740K(2048K)->1740K(2048K)
[20.766s][info ][gc             ] GC(935) Pause Young (Allocation Failure) 139M->3M(495M) 0.368ms
[20.766s][info ][gc,cpu         ] GC(935) User=0.00s Sys=0.00s Real=0.00s
[20.776s][info ][gc,start       ] GC(936) Pause Young (Allocation Failure)
[20.776s][info ][gc,task        ] GC(936) Using 9 workers of 9 for evacuation
[20.776s][debug][gc,age         ] GC(936) Desired survivor size 8945664 bytes, new threshold 6 (max threshold 6)
[20.776s][trace][gc,age         ] GC(936) Age table with threshold 6 (max threshold 6)
[20.776s][trace][gc,age         ] GC(936) - age   1:     400208 bytes,     400208 total
[20.776s][info ][gc,heap        ] GC(936) ParNew: 139791K->396K(157376K)
[20.776s][info ][gc,heap        ] GC(936) CMS: 3754K->3754K(349568K)
[20.776s][info ][gc,metaspace   ] GC(936) Metaspace: 16025K(16640K)->16025K(16640K) NonClass: 14284K(14592K)->14284K(14592K) Class: 1740K(2048K)->1740K(2048K)
[20.776s][info ][gc             ] GC(936) Pause Young (Allocation Failure) 140M->4M(495M) 0.474ms
[20.776s][info ][gc,cpu         ] GC(936) User=0.00s Sys=0.00s Real=0.00s
[20.786s][info ][gc,start       ] GC(937) Pause Young (Allocation Failure)
[20.786s][info ][gc,task        ] GC(937) Using 9 workers of 9 for evacuation
[20.786s][debug][gc,age         ] GC(937) Desired survivor size 8945664 bytes, new threshold 6 (max threshold 6)
[20.786s][trace][gc,age         ] GC(937) Age table with threshold 6 (max threshold 6)
[20.786s][trace][gc,age         ] GC(937) - age   1:     400208 bytes,     400208 total
[20.786s][info ][gc,heap        ] GC(937) ParNew: 140032K->394K(157376K)
[20.786s][info ][gc,heap        ] GC(937) CMS: 3754K->3754K(349568K)
[20.786s][info ][gc,metaspace   ] GC(937) Metaspace: 16025K(16640K)->16025K(16640K) NonClass: 14284K(14592K)->14284K(14592K) Class: 1740K(2048K)->1740K(2048K)
[20.786s][info ][gc             ] GC(937) Pause Young (Allocation Failure) 140M->4M(495M) 0.458ms
[20.786s][info ][gc,cpu         ] GC(937) User=0.00s Sys=0.00s Real=0.00s
[20.796s][info ][gc,start       ] GC(938) Pause Young (Allocation Failure)
[20.796s][info ][gc,task        ] GC(938) Using 9 workers of 9 for evacuation
[20.796s][debug][gc,age         ] GC(938) Desired survivor size 8945664 bytes, new threshold 6 (max threshold 6)
[20.796s][trace][gc,age         ] GC(938) Age table with threshold 6 (max threshold 6)
[20.796s][trace][gc,age         ] GC(938) - age   1:     400208 bytes,     400208 total
[20.796s][info ][gc,heap        ] GC(938) ParNew: 140184K->396K(157376K)
[20.796s][info ][gc,heap        ] GC(938) CMS: 3754K->3754K(349568K)
[20.796s][info ][gc,metaspace   ] GC(938) Metaspace: 16025K(16640K)->16025K(16640K) NonClass: 14284K(14592K)->14284K(14592K) Class: 1740K(2048K)->1740K(2048K)
[20.796s][info ][gc             ] GC(938) Pause Young (Allocation Failure) 140M->4M(495M) 0.443ms
[20.796s][info ][gc,cpu         ] GC(938) User=0.01s Sys=0.00s Real=0.00s
[20.806s][info ][gc,start       ] GC(939) Pause Young (Allocation Failure)
[20.806s][info ][gc,task        ] GC(939) Using 9 workers of 9 for evacuation
[20.806s][debug][gc,age         ] GC(939) Desired survivor size 8945664 bytes, new threshold 6 (max threshold 6)
[20.806s][trace][gc,age         ] GC(939) Age table with threshold 6 (max threshold 6)
[20.806s][trace][gc,age         ] GC(939) - age   1:        192 bytes,        192 total
[20.806s][info ][gc,heap        ] GC(939) ParNew: 140263K->6K(157376K)
[20.806s][info ][gc,heap        ] GC(939) CMS: 3754K->3754K(349568K)
[20.806s][info ][gc,metaspace   ] GC(939) Metaspace: 16025K(16640K)->16025K(16640K) NonClass: 14284K(14592K)->14284K(14592K) Class: 1740K(2048K)->1740K(2048K)
[20.806s][info ][gc             ] GC(939) Pause Young (Allocation Failure) 140M->3M(495M) 0.412ms
[20.806s][info ][gc,cpu         ] GC(939) User=0.01s Sys=0.00s Real=0.00s
[20.816s][info ][gc,start       ] GC(940) Pause Young (Allocation Failure)
[20.816s][info ][gc,task        ] GC(940) Using 9 workers of 9 for evacuation
[20.816s][debug][gc,age         ] GC(940) Desired survivor size 8945664 bytes, new threshold 6 (max threshold 6)
[20.816s][trace][gc,age         ] GC(940) Age table with threshold 6 (max threshold 6)
[20.816s][trace][gc,age         ] GC(940) - age   1:        192 bytes,        192 total
[20.816s][info ][gc,heap        ] GC(940) ParNew: 139532K->8K(157376K)
[20.816s][info ][gc,heap        ] GC(940) CMS: 3754K->3754K(349568K)
[20.816s][info ][gc,metaspace   ] GC(940) Metaspace: 16025K(16640K)->16025K(16640K) NonClass: 14284K(14592K)->14284K(14592K) Class: 1740K(2048K)->1740K(2048K)
[20.816s][info ][gc             ] GC(940) Pause Young (Allocation Failure) 139M->3M(495M) 0.426ms
[20.816s][info ][gc,cpu         ] GC(940) User=0.00s Sys=0.00s Real=0.00s
[20.826s][info ][gc,start       ] GC(941) Pause Young (Allocation Failure)
[20.826s][info ][gc,task        ] GC(941) Using 9 workers of 9 for evacuation
[20.826s][debug][gc,age         ] GC(941) Desired survivor size 8945664 bytes, new threshold 6 (max threshold 6)
[20.826s][trace][gc,age         ] GC(941) Age table with threshold 6 (max threshold 6)
[20.826s][trace][gc,age         ] GC(941) - age   1:        192 bytes,        192 total
[20.826s][info ][gc,heap        ] GC(941) ParNew: 139683K->4K(157376K)
[20.826s][info ][gc,heap        ] GC(941) CMS: 3754K->3754K(349568K)
[20.826s][info ][gc,metaspace   ] GC(941) Metaspace: 16025K(16640K)->16025K(16640K) NonClass: 14284K(14592K)->14284K(14592K) Class: 1740K(2048K)->1740K(2048K)
[20.826s][info ][gc             ] GC(941) Pause Young (Allocation Failure) 140M->3M(495M) 0.634ms
[20.826s][info ][gc,cpu         ] GC(941) User=0.00s Sys=0.00s Real=0.00s
[20.836s][info ][gc,start       ] GC(942) Pause Young (Allocation Failure)
[20.836s][info ][gc,task        ] GC(942) Using 9 workers of 9 for evacuation
[20.836s][debug][gc,age         ] GC(942) Desired survivor size 8945664 bytes, new threshold 6 (max threshold 6)
[20.836s][trace][gc,age         ] GC(942) Age table with threshold 6 (max threshold 6)
[20.836s][trace][gc,age         ] GC(942) - age   1:        192 bytes,        192 total
[20.836s][info ][gc,heap        ] GC(942) ParNew: 139680K->6K(157376K)
[20.836s][info ][gc,heap        ] GC(942) CMS: 3754K->3754K(349568K)
[20.836s][info ][gc,metaspace   ] GC(942) Metaspace: 16025K(16640K)->16025K(16640K) NonClass: 14284K(14592K)->14284K(14592K) Class: 1740K(2048K)->1740K(2048K)
[20.836s][info ][gc             ] GC(942) Pause Young (Allocation Failure) 140M->3M(495M) 0.432ms
[20.836s][info ][gc,cpu         ] GC(942) User=0.00s Sys=0.00s Real=0.00s
[20.846s][info ][gc,start       ] GC(943) Pause Young (Allocation Failure)
[20.846s][info ][gc,task        ] GC(943) Using 9 workers of 9 for evacuation
[20.846s][debug][gc,age         ] GC(943) Desired survivor size 8945664 bytes, new threshold 6 (max threshold 6)
[20.846s][trace][gc,age         ] GC(943) Age table with threshold 6 (max threshold 6)
[20.846s][trace][gc,age         ] GC(943) - age   1:     400208 bytes,     400208 total
[20.846s][info ][gc,heap        ] GC(943) ParNew: 139825K->398K(157376K)
[20.846s][info ][gc,heap        ] GC(943) CMS: 3754K->3754K(349568K)
[20.846s][info ][gc,metaspace   ] GC(943) Metaspace: 16025K(16640K)->16025K(16640K) NonClass: 14284K(14592K)->14284K(14592K) Class: 1740K(2048K)->1740K(2048K)
[20.846s][info ][gc             ] GC(943) Pause Young (Allocation Failure) 140M->4M(495M) 0.446ms
[20.846s][info ][gc,cpu         ] GC(943) User=0.00s Sys=0.00s Real=0.00s
[20.856s][info ][gc,start       ] GC(944) Pause Young (Allocation Failure)
[20.856s][info ][gc,task        ] GC(944) Using 9 workers of 9 for evacuation
[20.856s][debug][gc,age         ] GC(944) Desired survivor size 8945664 bytes, new threshold 6 (max threshold 6)
[20.856s][trace][gc,age         ] GC(944) Age table with threshold 6 (max threshold 6)
[20.856s][trace][gc,age         ] GC(944) - age   1:     400208 bytes,     400208 total
[20.856s][info ][gc,heap        ] GC(944) ParNew: 139982K->396K(157376K)
[20.856s][info ][gc,heap        ] GC(944) CMS: 3754K->3754K(349568K)
[20.856s][info ][gc,metaspace   ] GC(944) Metaspace: 16025K(16640K)->16025K(16640K) NonClass: 14284K(14592K)->14284K(14592K) Class: 1740K(2048K)->1740K(2048K)
[20.856s][info ][gc             ] GC(944) Pause Young (Allocation Failure) 140M->4M(495M) 0.373ms
[20.856s][info ][gc,cpu         ] GC(944) User=0.00s Sys=0.00s Real=0.00s
[20.865s][info ][gc,start       ] GC(945) Pause Young (Allocation Failure)
[20.865s][info ][gc,task        ] GC(945) Using 9 workers of 9 for evacuation
[20.866s][debug][gc,age         ] GC(945) Desired survivor size 8945664 bytes, new threshold 6 (max threshold 6)
[20.866s][trace][gc,age         ] GC(945) Age table with threshold 6 (max threshold 6)
[20.866s][trace][gc,age         ] GC(945) - age   1:        192 bytes,        192 total
[20.866s][info ][gc,heap        ] GC(945) ParNew: 140082K->8K(157376K)
[20.866s][info ][gc,heap        ] GC(945) CMS: 3754K->3754K(349568K)
[20.866s][info ][gc,metaspace   ] GC(945) Metaspace: 16025K(16640K)->16025K(16640K) NonClass: 14284K(14592K)->14284K(14592K) Class: 1740K(2048K)->1740K(2048K)
[20.866s][info ][gc             ] GC(945) Pause Young (Allocation Failure) 140M->3M(495M) 0.461ms
[20.866s][info ][gc,cpu         ] GC(945) User=0.00s Sys=0.00s Real=0.00s
[20.875s][info ][gc,start       ] GC(946) Pause Young (Allocation Failure)
[20.875s][info ][gc,task        ] GC(946) Using 9 workers of 9 for evacuation
[20.876s][debug][gc,age         ] GC(946) Desired survivor size 8945664 bytes, new threshold 6 (max threshold 6)
[20.876s][trace][gc,age         ] GC(946) Age table with threshold 6 (max threshold 6)
[20.876s][trace][gc,age         ] GC(946) - age   1:     400208 bytes,     400208 total
[20.876s][info ][gc,heap        ] GC(946) ParNew: 139640K->396K(157376K)
[20.876s][info ][gc,heap        ] GC(946) CMS: 3754K->3754K(349568K)
[20.876s][info ][gc,metaspace   ] GC(946) Metaspace: 16025K(16640K)->16025K(16640K) NonClass: 14284K(14592K)->14284K(14592K) Class: 1740K(2048K)->1740K(2048K)
[20.876s][info ][gc             ] GC(946) Pause Young (Allocation Failure) 140M->4M(495M) 0.427ms
[20.876s][info ][gc,cpu         ] GC(946) User=0.00s Sys=0.01s Real=0.00s
[20.885s][info ][gc,start       ] GC(947) Pause Young (Allocation Failure)
[20.885s][info ][gc,task        ] GC(947) Using 9 workers of 9 for evacuation
[20.886s][debug][gc,age         ] GC(947) Desired survivor size 8945664 bytes, new threshold 6 (max threshold 6)
[20.886s][trace][gc,age         ] GC(947) Age table with threshold 6 (max threshold 6)
[20.886s][trace][gc,age         ] GC(947) - age   1:        192 bytes,        192 total
[20.886s][info ][gc,heap        ] GC(947) ParNew: 140300K->8K(157376K)
[20.886s][info ][gc,heap        ] GC(947) CMS: 3754K->3754K(349568K)
[20.886s][info ][gc,metaspace   ] GC(947) Metaspace: 16025K(16640K)->16025K(16640K) NonClass: 14284K(14592K)->14284K(14592K) Class: 1740K(2048K)->1740K(2048K)
[20.886s][info ][gc             ] GC(947) Pause Young (Allocation Failure) 140M->3M(495M) 0.386ms
[20.886s][info ][gc,cpu         ] GC(947) User=0.00s Sys=0.00s Real=0.00s
[20.895s][info ][gc,start       ] GC(948) Pause Young (Allocation Failure)
[20.895s][info ][gc,task        ] GC(948) Using 9 workers of 9 for evacuation
[20.896s][debug][gc,age         ] GC(948) Desired survivor size 8945664 bytes, new threshold 6 (max threshold 6)
[20.896s][trace][gc,age         ] GC(948) Age table with threshold 6 (max threshold 6)
[20.896s][trace][gc,age         ] GC(948) - age   1:     400208 bytes,     400208 total
[20.896s][info ][gc,heap        ] GC(948) ParNew: 139819K->396K(157376K)
[20.896s][info ][gc,heap        ] GC(948) CMS: 3754K->3754K(349568K)
[20.896s][info ][gc,metaspace   ] GC(948) Metaspace: 16025K(16640K)->16025K(16640K) NonClass: 14284K(14592K)->14284K(14592K) Class: 1740K(2048K)->1740K(2048K)
[20.896s][info ][gc             ] GC(948) Pause Young (Allocation Failure) 140M->4M(495M) 0.472ms
[20.896s][info ][gc,cpu         ] GC(948) User=0.01s Sys=0.00s Real=0.00s
[20.905s][info ][gc,start       ] GC(949) Pause Young (Allocation Failure)
[20.905s][info ][gc,task        ] GC(949) Using 9 workers of 9 for evacuation
[20.906s][debug][gc,age         ] GC(949) Desired survivor size 8945664 bytes, new threshold 6 (max threshold 6)
[20.906s][trace][gc,age         ] GC(949) Age table with threshold 6 (max threshold 6)
[20.906s][trace][gc,age         ] GC(949) - age   1:        192 bytes,        192 total
[20.906s][info ][gc,heap        ] GC(949) ParNew: 140290K->6K(157376K)
[20.906s][info ][gc,heap        ] GC(949) CMS: 3754K->3754K(349568K)
[20.906s][info ][gc,metaspace   ] GC(949) Metaspace: 16025K(16640K)->16025K(16640K) NonClass: 14284K(14592K)->14284K(14592K) Class: 1740K(2048K)->1740K(2048K)
[20.906s][info ][gc             ] GC(949) Pause Young (Allocation Failure) 140M->3M(495M) 0.405ms
[20.906s][info ][gc,cpu         ] GC(949) User=0.01s Sys=0.00s Real=0.00s
[20.915s][info ][gc,start       ] GC(950) Pause Young (Allocation Failure)
[20.915s][info ][gc,task        ] GC(950) Using 9 workers of 9 for evacuation
[20.916s][debug][gc,age         ] GC(950) Desired survivor size 8945664 bytes, new threshold 6 (max threshold 6)
[20.916s][trace][gc,age         ] GC(950) Age table with threshold 6 (max threshold 6)
[20.916s][trace][gc,age         ] GC(950) - age   1:     400208 bytes,     400208 total
[20.916s][info ][gc,heap        ] GC(950) ParNew: 139782K->396K(157376K)
[20.916s][info ][gc,heap        ] GC(950) CMS: 3754K->3754K(349568K)
[20.916s][info ][gc,metaspace   ] GC(950) Metaspace: 16025K(16640K)->16025K(16640K) NonClass: 14284K(14592K)->14284K(14592K) Class: 1740K(2048K)->1740K(2048K)
[20.916s][info ][gc             ] GC(950) Pause Young (Allocation Failure) 140M->4M(495M) 0.578ms
[20.916s][info ][gc,cpu         ] GC(950) User=0.00s Sys=0.00s Real=0.00s
[20.925s][info ][gc,start       ] GC(951) Pause Young (Allocation Failure)
[20.925s][info ][gc,task        ] GC(951) Using 9 workers of 9 for evacuation
[20.926s][debug][gc,age         ] GC(951) Desired survivor size 8945664 bytes, new threshold 6 (max threshold 6)
[20.926s][trace][gc,age         ] GC(951) Age table with threshold 6 (max threshold 6)
[20.926s][trace][gc,age         ] GC(951) - age   1:     400208 bytes,     400208 total
[20.926s][info ][gc,heap        ] GC(951) ParNew: 139937K->398K(157376K)
[20.926s][info ][gc,heap        ] GC(951) CMS: 3754K->3754K(349568K)
[20.926s][info ][gc,metaspace   ] GC(951) Metaspace: 16025K(16640K)->16025K(16640K) NonClass: 14284K(14592K)->14284K(14592K) Class: 1740K(2048K)->1740K(2048K)
[20.926s][info ][gc             ] GC(951) Pause Young (Allocation Failure) 140M->4M(495M) 0.457ms
[20.926s][info ][gc,cpu         ] GC(951) User=0.00s Sys=0.00s Real=0.00s
[20.935s][info ][gc,start       ] GC(952) Pause Young (Allocation Failure)
[20.935s][info ][gc,task        ] GC(952) Using 9 workers of 9 for evacuation
[20.936s][debug][gc,age         ] GC(952) Desired survivor size 8945664 bytes, new threshold 6 (max threshold 6)
[20.936s][trace][gc,age         ] GC(952) Age table with threshold 6 (max threshold 6)
[20.936s][trace][gc,age         ] GC(952) - age   1:     400208 bytes,     400208 total
[20.936s][info ][gc,heap        ] GC(952) ParNew: 139976K->398K(157376K)
[20.936s][info ][gc,heap        ] GC(952) CMS: 3754K->3754K(349568K)
[20.936s][info ][gc,metaspace   ] GC(952) Metaspace: 16025K(16640K)->16025K(16640K) NonClass: 14284K(14592K)->14284K(14592K) Class: 1740K(2048K)->1740K(2048K)
[20.936s][info ][gc             ] GC(952) Pause Young (Allocation Failure) 140M->4M(495M) 0.386ms
[20.936s][info ][gc,cpu         ] GC(952) User=0.00s Sys=0.00s Real=0.00s
[20.945s][info ][gc,start       ] GC(953) Pause Young (Allocation Failure)
[20.945s][info ][gc,task        ] GC(953) Using 9 workers of 9 for evacuation
[20.945s][debug][gc,age         ] GC(953) Desired survivor size 8945664 bytes, new threshold 6 (max threshold 6)
[20.945s][trace][gc,age         ] GC(953) Age table with threshold 6 (max threshold 6)
[20.945s][trace][gc,age         ] GC(953) - age   1:        192 bytes,        192 total
[20.945s][info ][gc,heap        ] GC(953) ParNew: 140302K->6K(157376K)
[20.945s][info ][gc,heap        ] GC(953) CMS: 3754K->3754K(349568K)
[20.945s][info ][gc,metaspace   ] GC(953) Metaspace: 16025K(16640K)->16025K(16640K) NonClass: 14284K(14592K)->14284K(14592K) Class: 1740K(2048K)->1740K(2048K)
[20.946s][info ][gc             ] GC(953) Pause Young (Allocation Failure) 140M->3M(495M) 0.424ms
[20.946s][info ][gc,cpu         ] GC(953) User=0.00s Sys=0.00s Real=0.00s
[20.955s][info ][gc,start       ] GC(954) Pause Young (Allocation Failure)
[20.955s][info ][gc,task        ] GC(954) Using 9 workers of 9 for evacuation
[20.955s][debug][gc,age         ] GC(954) Desired survivor size 8945664 bytes, new threshold 6 (max threshold 6)
[20.955s][trace][gc,age         ] GC(954) Age table with threshold 6 (max threshold 6)
[20.955s][trace][gc,age         ] GC(954) - age   1:     400208 bytes,     400208 total
[20.955s][info ][gc,heap        ] GC(954) ParNew: 139822K->394K(157376K)
[20.955s][info ][gc,heap        ] GC(954) CMS: 3754K->3754K(349568K)
[20.955s][info ][gc,metaspace   ] GC(954) Metaspace: 16025K(16640K)->16025K(16640K) NonClass: 14284K(14592K)->14284K(14592K) Class: 1740K(2048K)->1740K(2048K)
[20.955s][info ][gc             ] GC(954) Pause Young (Allocation Failure) 140M->4M(495M) 0.346ms
[20.955s][info ][gc,cpu         ] GC(954) User=0.00s Sys=0.00s Real=0.00s
[20.965s][info ][gc,start       ] GC(955) Pause Young (Allocation Failure)
[20.965s][info ][gc,task        ] GC(955) Using 9 workers of 9 for evacuation
[20.965s][debug][gc,age         ] GC(955) Desired survivor size 8945664 bytes, new threshold 6 (max threshold 6)
[20.965s][trace][gc,age         ] GC(955) Age table with threshold 6 (max threshold 6)
[20.965s][trace][gc,age         ] GC(955) - age   1:        192 bytes,        192 total
[20.965s][info ][gc,heap        ] GC(955) ParNew: 140234K->8K(157376K)
[20.965s][info ][gc,heap        ] GC(955) CMS: 3754K->3754K(349568K)
[20.965s][info ][gc,metaspace   ] GC(955) Metaspace: 16025K(16640K)->16025K(16640K) NonClass: 14284K(14592K)->14284K(14592K) Class: 1740K(2048K)->1740K(2048K)
[20.965s][info ][gc             ] GC(955) Pause Young (Allocation Failure) 140M->3M(495M) 0.419ms
[20.965s][info ][gc,cpu         ] GC(955) User=0.00s Sys=0.00s Real=0.00s
[20.975s][info ][gc,start       ] GC(956) Pause Young (Allocation Failure)
[20.975s][info ][gc,task        ] GC(956) Using 9 workers of 9 for evacuation
[20.975s][debug][gc,age         ] GC(956) Desired survivor size 8945664 bytes, new threshold 6 (max threshold 6)
[20.975s][trace][gc,age         ] GC(956) Age table with threshold 6 (max threshold 6)
[20.975s][trace][gc,age         ] GC(956) - age   1:        192 bytes,        192 total
[20.975s][info ][gc,heap        ] GC(956) ParNew: 139605K->8K(157376K)
[20.975s][info ][gc,heap        ] GC(956) CMS: 3754K->3754K(349568K)
[20.975s][info ][gc,metaspace   ] GC(956) Metaspace: 16025K(16640K)->16025K(16640K) NonClass: 14284K(14592K)->14284K(14592K) Class: 1740K(2048K)->1740K(2048K)
[20.975s][info ][gc             ] GC(956) Pause Young (Allocation Failure) 140M->3M(495M) 0.341ms
[20.975s][info ][gc,cpu         ] GC(956) User=0.01s Sys=0.00s Real=0.00s
[20.985s][info ][gc,start       ] GC(957) Pause Young (Allocation Failure)
[20.985s][info ][gc,task        ] GC(957) Using 9 workers of 9 for evacuation
[20.985s][debug][gc,age         ] GC(957) Desired survivor size 8945664 bytes, new threshold 6 (max threshold 6)
[20.985s][trace][gc,age         ] GC(957) Age table with threshold 6 (max threshold 6)
[20.985s][trace][gc,age         ] GC(957) - age   1:        192 bytes,        192 total
[20.985s][info ][gc,heap        ] GC(957) ParNew: 139703K->4K(157376K)
[20.985s][info ][gc,heap        ] GC(957) CMS: 3754K->3754K(349568K)
[20.985s][info ][gc,metaspace   ] GC(957) Metaspace: 16025K(16640K)->16025K(16640K) NonClass: 14284K(14592K)->14284K(14592K) Class: 1740K(2048K)->1740K(2048K)
[20.985s][info ][gc             ] GC(957) Pause Young (Allocation Failure) 140M->3M(495M) 0.438ms
[20.985s][info ][gc,cpu         ] GC(957) User=0.01s Sys=0.00s Real=0.00s
[20.994s][info ][gc,start       ] GC(958) Pause Young (Allocation Failure)
[20.994s][info ][gc,task        ] GC(958) Using 9 workers of 9 for evacuation
[20.995s][debug][gc,age         ] GC(958) Desired survivor size 8945664 bytes, new threshold 6 (max threshold 6)
[20.995s][trace][gc,age         ] GC(958) Age table with threshold 6 (max threshold 6)
[20.995s][trace][gc,age         ] GC(958) - age   1:        192 bytes,        192 total
[20.995s][info ][gc,heap        ] GC(958) ParNew: 139559K->6K(157376K)
[20.995s][info ][gc,heap        ] GC(958) CMS: 3754K->3754K(349568K)
[20.995s][info ][gc,metaspace   ] GC(958) Metaspace: 16025K(16640K)->16025K(16640K) NonClass: 14284K(14592K)->14284K(14592K) Class: 1740K(2048K)->1740K(2048K)
[20.995s][info ][gc             ] GC(958) Pause Young (Allocation Failure) 139M->3M(495M) 0.377ms
[20.995s][info ][gc,cpu         ] GC(958) User=0.00s Sys=0.00s Real=0.00s
[21.004s][info ][gc,start       ] GC(959) Pause Young (Allocation Failure)
[21.004s][info ][gc,task        ] GC(959) Using 9 workers of 9 for evacuation
[21.005s][debug][gc,age         ] GC(959) Desired survivor size 8945664 bytes, new threshold 6 (max threshold 6)
[21.005s][trace][gc,age         ] GC(959) Age table with threshold 6 (max threshold 6)
[21.005s][trace][gc,age         ] GC(959) - age   1:     400208 bytes,     400208 total
[21.005s][info ][gc,heap        ] GC(959) ParNew: 139812K->398K(157376K)
[21.005s][info ][gc,heap        ] GC(959) CMS: 3754K->3754K(349568K)
[21.005s][info ][gc,metaspace   ] GC(959) Metaspace: 16025K(16640K)->16025K(16640K) NonClass: 14284K(14592K)->14284K(14592K) Class: 1740K(2048K)->1740K(2048K)
[21.005s][info ][gc             ] GC(959) Pause Young (Allocation Failure) 140M->4M(495M) 0.442ms
[21.005s][info ][gc,cpu         ] GC(959) User=0.00s Sys=0.00s Real=0.00s
[21.014s][info ][gc,start       ] GC(960) Pause Young (Allocation Failure)
[21.014s][info ][gc,task        ] GC(960) Using 9 workers of 9 for evacuation
[21.015s][debug][gc,age         ] GC(960) Desired survivor size 8945664 bytes, new threshold 6 (max threshold 6)
[21.015s][trace][gc,age         ] GC(960) Age table with threshold 6 (max threshold 6)
[21.015s][trace][gc,age         ] GC(960) - age   1:        192 bytes,        192 total
[21.015s][info ][gc,heap        ] GC(960) ParNew: 140120K->6K(157376K)
[21.015s][info ][gc,heap        ] GC(960) CMS: 3754K->3754K(349568K)
[21.015s][info ][gc,metaspace   ] GC(960) Metaspace: 16025K(16640K)->16025K(16640K) NonClass: 14284K(14592K)->14284K(14592K) Class: 1740K(2048K)->1740K(2048K)
[21.015s][info ][gc             ] GC(960) Pause Young (Allocation Failure) 140M->3M(495M) 0.397ms
[21.015s][info ][gc,cpu         ] GC(960) User=0.00s Sys=0.00s Real=0.00s
[21.024s][info ][gc,start       ] GC(961) Pause Young (Allocation Failure)
[21.024s][info ][gc,task        ] GC(961) Using 9 workers of 9 for evacuation
[21.024s][debug][gc,age         ] GC(961) Desired survivor size 8945664 bytes, new threshold 6 (max threshold 6)
[21.024s][trace][gc,age         ] GC(961) Age table with threshold 6 (max threshold 6)
[21.024s][trace][gc,age         ] GC(961) - age   1:     400208 bytes,     400208 total
[21.024s][info ][gc,heap        ] GC(961) ParNew: 139765K->396K(157376K)
[21.024s][info ][gc,heap        ] GC(961) CMS: 3754K->3754K(349568K)
[21.025s][info ][gc,metaspace   ] GC(961) Metaspace: 16025K(16640K)->16025K(16640K) NonClass: 14284K(14592K)->14284K(14592K) Class: 1740K(2048K)->1740K(2048K)
[21.025s][info ][gc             ] GC(961) Pause Young (Allocation Failure) 140M->4M(495M) 0.356ms
[21.025s][info ][gc,cpu         ] GC(961) User=0.00s Sys=0.00s Real=0.00s
[21.034s][info ][gc,start       ] GC(962) Pause Young (Allocation Failure)
[21.034s][info ][gc,task        ] GC(962) Using 9 workers of 9 for evacuation
[21.034s][debug][gc,age         ] GC(962) Desired survivor size 8945664 bytes, new threshold 6 (max threshold 6)
[21.034s][trace][gc,age         ] GC(962) Age table with threshold 6 (max threshold 6)
[21.034s][trace][gc,age         ] GC(962) - age   1:        192 bytes,        192 total
[21.034s][info ][gc,heap        ] GC(962) ParNew: 140199K->4K(157376K)
[21.034s][info ][gc,heap        ] GC(962) CMS: 3754K->3754K(349568K)
[21.034s][info ][gc,metaspace   ] GC(962) Metaspace: 16025K(16640K)->16025K(16640K) NonClass: 14284K(14592K)->14284K(14592K) Class: 1740K(2048K)->1740K(2048K)
[21.034s][info ][gc             ] GC(962) Pause Young (Allocation Failure) 140M->3M(495M) 0.448ms
[21.034s][info ][gc,cpu         ] GC(962) User=0.00s Sys=0.00s Real=0.00s
[21.044s][info ][gc,start       ] GC(963) Pause Young (Allocation Failure)
[21.044s][info ][gc,task        ] GC(963) Using 9 workers of 9 for evacuation
[21.044s][debug][gc,age         ] GC(963) Desired survivor size 8945664 bytes, new threshold 6 (max threshold 6)
[21.044s][trace][gc,age         ] GC(963) Age table with threshold 6 (max threshold 6)
[21.044s][trace][gc,age         ] GC(963) - age   1:     400208 bytes,     400208 total
[21.044s][info ][gc,heap        ] GC(963) ParNew: 139811K->396K(157376K)
[21.044s][info ][gc,heap        ] GC(963) CMS: 3754K->3754K(349568K)
[21.044s][info ][gc,metaspace   ] GC(963) Metaspace: 16025K(16640K)->16025K(16640K) NonClass: 14284K(14592K)->14284K(14592K) Class: 1740K(2048K)->1740K(2048K)
[21.044s][info ][gc             ] GC(963) Pause Young (Allocation Failure) 140M->4M(495M) 0.456ms
[21.044s][info ][gc,cpu         ] GC(963) User=0.00s Sys=0.00s Real=0.00s
[21.054s][info ][gc,start       ] GC(964) Pause Young (Allocation Failure)
[21.054s][info ][gc,task        ] GC(964) Using 9 workers of 9 for evacuation
[21.054s][debug][gc,age         ] GC(964) Desired survivor size 8945664 bytes, new threshold 6 (max threshold 6)
[21.054s][trace][gc,age         ] GC(964) Age table with threshold 6 (max threshold 6)
[21.054s][trace][gc,age         ] GC(964) - age   1:        192 bytes,        192 total
[21.054s][info ][gc,heap        ] GC(964) ParNew: 140225K->8K(157376K)
[21.054s][info ][gc,heap        ] GC(964) CMS: 3754K->3754K(349568K)
[21.054s][info ][gc,metaspace   ] GC(964) Metaspace: 16025K(16640K)->16025K(16640K) NonClass: 14284K(14592K)->14284K(14592K) Class: 1740K(2048K)->1740K(2048K)
[21.054s][info ][gc             ] GC(964) Pause Young (Allocation Failure) 140M->3M(495M) 0.444ms
[21.054s][info ][gc,cpu         ] GC(964) User=0.00s Sys=0.00s Real=0.00s
[21.064s][info ][gc,start       ] GC(965) Pause Young (Allocation Failure)
[21.064s][info ][gc,task        ] GC(965) Using 9 workers of 9 for evacuation
[21.064s][debug][gc,age         ] GC(965) Desired survivor size 8945664 bytes, new threshold 6 (max threshold 6)
[21.064s][trace][gc,age         ] GC(965) Age table with threshold 6 (max threshold 6)
[21.064s][trace][gc,age         ] GC(965) - age   1:     400208 bytes,     400208 total
[21.064s][info ][gc,heap        ] GC(965) ParNew: 139893K->398K(157376K)
[21.064s][info ][gc,heap        ] GC(965) CMS: 3754K->3754K(349568K)
[21.064s][info ][gc,metaspace   ] GC(965) Metaspace: 16025K(16640K)->16025K(16640K) NonClass: 14284K(14592K)->14284K(14592K) Class: 1740K(2048K)->1740K(2048K)
[21.064s][info ][gc             ] GC(965) Pause Young (Allocation Failure) 140M->4M(495M) 0.456ms
[21.064s][info ][gc,cpu         ] GC(965) User=0.01s Sys=0.00s Real=0.00s
[21.074s][info ][gc,start       ] GC(966) Pause Young (Allocation Failure)
[21.074s][info ][gc,task        ] GC(966) Using 9 workers of 9 for evacuation
[21.074s][debug][gc,age         ] GC(966) Desired survivor size 8945664 bytes, new threshold 6 (max threshold 6)
[21.074s][trace][gc,age         ] GC(966) Age table with threshold 6 (max threshold 6)
[21.074s][trace][gc,age         ] GC(966) - age   1:        192 bytes,        192 total
[21.074s][info ][gc,heap        ] GC(966) ParNew: 140218K->8K(157376K)
[21.074s][info ][gc,heap        ] GC(966) CMS: 3754K->3754K(349568K)
[21.074s][info ][gc,metaspace   ] GC(966) Metaspace: 16025K(16640K)->16025K(16640K) NonClass: 14284K(14592K)->14284K(14592K) Class: 1740K(2048K)->1740K(2048K)
[21.074s][info ][gc             ] GC(966) Pause Young (Allocation Failure) 140M->3M(495M) 0.418ms
[21.074s][info ][gc,cpu         ] GC(966) User=0.01s Sys=0.00s Real=0.00s
[21.084s][info ][gc,start       ] GC(967) Pause Young (Allocation Failure)
[21.084s][info ][gc,task        ] GC(967) Using 9 workers of 9 for evacuation
[21.084s][debug][gc,age         ] GC(967) Desired survivor size 8945664 bytes, new threshold 6 (max threshold 6)
[21.084s][trace][gc,age         ] GC(967) Age table with threshold 6 (max threshold 6)
[21.084s][trace][gc,age         ] GC(967) - age   1:     400208 bytes,     400208 total
[21.084s][info ][gc,heap        ] GC(967) ParNew: 139833K->394K(157376K)
[21.084s][info ][gc,heap        ] GC(967) CMS: 3754K->3754K(349568K)
[21.084s][info ][gc,metaspace   ] GC(967) Metaspace: 16025K(16640K)->16025K(16640K) NonClass: 14284K(14592K)->14284K(14592K) Class: 1740K(2048K)->1740K(2048K)
[21.084s][info ][gc             ] GC(967) Pause Young (Allocation Failure) 140M->4M(495M) 0.477ms
[21.084s][info ][gc,cpu         ] GC(967) User=0.00s Sys=0.00s Real=0.00s
[21.094s][info ][gc,start       ] GC(968) Pause Young (Allocation Failure)
[21.094s][info ][gc,task        ] GC(968) Using 9 workers of 9 for evacuation
[21.094s][debug][gc,age         ] GC(968) Desired survivor size 8945664 bytes, new threshold 6 (max threshold 6)
[21.094s][trace][gc,age         ] GC(968) Age table with threshold 6 (max threshold 6)
[21.094s][trace][gc,age         ] GC(968) - age   1:        192 bytes,        192 total
[21.094s][info ][gc,heap        ] GC(968) ParNew: 140281K->4K(157376K)
[21.094s][info ][gc,heap        ] GC(968) CMS: 3754K->3754K(349568K)
[21.094s][info ][gc,metaspace   ] GC(968) Metaspace: 16025K(16640K)->16025K(16640K) NonClass: 14284K(14592K)->14284K(14592K) Class: 1740K(2048K)->1740K(2048K)
[21.094s][info ][gc             ] GC(968) Pause Young (Allocation Failure) 140M->3M(495M) 0.410ms
[21.094s][info ][gc,cpu         ] GC(968) User=0.00s Sys=0.00s Real=0.00s
[21.104s][info ][gc,start       ] GC(969) Pause Young (Allocation Failure)
[21.104s][info ][gc,task        ] GC(969) Using 9 workers of 9 for evacuation
[21.104s][debug][gc,age         ] GC(969) Desired survivor size 8945664 bytes, new threshold 6 (max threshold 6)
[21.104s][trace][gc,age         ] GC(969) Age table with threshold 6 (max threshold 6)
[21.104s][trace][gc,age         ] GC(969) - age   1:     400208 bytes,     400208 total
[21.104s][info ][gc,heap        ] GC(969) ParNew: 139889K->398K(157376K)
[21.104s][info ][gc,heap        ] GC(969) CMS: 3754K->3754K(349568K)
[21.104s][info ][gc,metaspace   ] GC(969) Metaspace: 16025K(16640K)->16025K(16640K) NonClass: 14284K(14592K)->14284K(14592K) Class: 1740K(2048K)->1740K(2048K)
[21.104s][info ][gc             ] GC(969) Pause Young (Allocation Failure) 140M->4M(495M) 0.415ms
[21.104s][info ][gc,cpu         ] GC(969) User=0.00s Sys=0.00s Real=0.00s
[21.114s][info ][gc,start       ] GC(970) Pause Young (Allocation Failure)
[21.114s][info ][gc,task        ] GC(970) Using 9 workers of 9 for evacuation
[21.114s][debug][gc,age         ] GC(970) Desired survivor size 8945664 bytes, new threshold 6 (max threshold 6)
[21.114s][trace][gc,age         ] GC(970) Age table with threshold 6 (max threshold 6)
[21.114s][trace][gc,age         ] GC(970) - age   1:        192 bytes,        192 total
[21.114s][info ][gc,heap        ] GC(970) ParNew: 140283K->6K(157376K)
[21.114s][info ][gc,heap        ] GC(970) CMS: 3754K->3754K(349568K)
[21.114s][info ][gc,metaspace   ] GC(970) Metaspace: 16025K(16640K)->16025K(16640K) NonClass: 14284K(14592K)->14284K(14592K) Class: 1740K(2048K)->1740K(2048K)
[21.114s][info ][gc             ] GC(970) Pause Young (Allocation Failure) 140M->3M(495M) 0.488ms
[21.114s][info ][gc,cpu         ] GC(970) User=0.00s Sys=0.00s Real=0.00s
[21.124s][info ][gc,start       ] GC(971) Pause Young (Allocation Failure)
[21.124s][info ][gc,task        ] GC(971) Using 9 workers of 9 for evacuation
[21.124s][debug][gc,age         ] GC(971) Desired survivor size 8945664 bytes, new threshold 6 (max threshold 6)
[21.124s][trace][gc,age         ] GC(971) Age table with threshold 6 (max threshold 6)
[21.124s][trace][gc,age         ] GC(971) - age   1:     400208 bytes,     400208 total
[21.124s][info ][gc,heap        ] GC(971) ParNew: 139792K->396K(157376K)
[21.124s][info ][gc,heap        ] GC(971) CMS: 3754K->3754K(349568K)
[21.124s][info ][gc,metaspace   ] GC(971) Metaspace: 16025K(16640K)->16025K(16640K) NonClass: 14284K(14592K)->14284K(14592K) Class: 1740K(2048K)->1740K(2048K)
[21.124s][info ][gc             ] GC(971) Pause Young (Allocation Failure) 140M->4M(495M) 0.344ms
[21.124s][info ][gc,cpu         ] GC(971) User=0.00s Sys=0.00s Real=0.00s
[21.133s][info ][gc,start       ] GC(972) Pause Young (Allocation Failure)
[21.133s][info ][gc,task        ] GC(972) Using 9 workers of 9 for evacuation
[21.134s][debug][gc,age         ] GC(972) Desired survivor size 8945664 bytes, new threshold 6 (max threshold 6)
[21.134s][trace][gc,age         ] GC(972) Age table with threshold 6 (max threshold 6)
[21.134s][trace][gc,age         ] GC(972) - age   1:        192 bytes,        192 total
[21.134s][info ][gc,heap        ] GC(972) ParNew: 140214K->6K(157376K)
[21.134s][info ][gc,heap        ] GC(972) CMS: 3754K->3754K(349568K)
[21.134s][info ][gc,metaspace   ] GC(972) Metaspace: 16025K(16640K)->16025K(16640K) NonClass: 14284K(14592K)->14284K(14592K) Class: 1740K(2048K)->1740K(2048K)
[21.134s][info ][gc             ] GC(972) Pause Young (Allocation Failure) 140M->3M(495M) 0.478ms
[21.134s][info ][gc,cpu         ] GC(972) User=0.00s Sys=0.00s Real=0.00s
[21.143s][info ][gc,start       ] GC(973) Pause Young (Allocation Failure)
[21.143s][info ][gc,task        ] GC(973) Using 9 workers of 9 for evacuation
[21.144s][debug][gc,age         ] GC(973) Desired survivor size 8945664 bytes, new threshold 6 (max threshold 6)
[21.144s][trace][gc,age         ] GC(973) Age table with threshold 6 (max threshold 6)
[21.144s][trace][gc,age         ] GC(973) - age   1:     400208 bytes,     400208 total
[21.144s][info ][gc,heap        ] GC(973) ParNew: 139848K->396K(157376K)
[21.144s][info ][gc,heap        ] GC(973) CMS: 3754K->3754K(349568K)
[21.144s][info ][gc,metaspace   ] GC(973) Metaspace: 16025K(16640K)->16025K(16640K) NonClass: 14284K(14592K)->14284K(14592K) Class: 1740K(2048K)->1740K(2048K)
[21.144s][info ][gc             ] GC(973) Pause Young (Allocation Failure) 140M->4M(495M) 0.382ms
[21.144s][info ][gc,cpu         ] GC(973) User=0.01s Sys=0.00s Real=0.00s
[21.153s][info ][gc,start       ] GC(974) Pause Young (Allocation Failure)
[21.153s][info ][gc,task        ] GC(974) Using 9 workers of 9 for evacuation
[21.154s][debug][gc,age         ] GC(974) Desired survivor size 8945664 bytes, new threshold 6 (max threshold 6)
[21.154s][trace][gc,age         ] GC(974) Age table with threshold 6 (max threshold 6)
[21.154s][trace][gc,age         ] GC(974) - age   1:        192 bytes,        192 total
[21.154s][info ][gc,heap        ] GC(974) ParNew: 140247K->6K(157376K)
[21.154s][info ][gc,heap        ] GC(974) CMS: 3754K->3754K(349568K)
[21.154s][info ][gc,metaspace   ] GC(974) Metaspace: 16025K(16640K)->16025K(16640K) NonClass: 14284K(14592K)->14284K(14592K) Class: 1740K(2048K)->1740K(2048K)
[21.154s][info ][gc             ] GC(974) Pause Young (Allocation Failure) 140M->3M(495M) 0.403ms
[21.154s][info ][gc,cpu         ] GC(974) User=0.01s Sys=0.00s Real=0.00s
[21.163s][info ][gc,start       ] GC(975) Pause Young (Allocation Failure)
[21.163s][info ][gc,task        ] GC(975) Using 9 workers of 9 for evacuation
[21.164s][debug][gc,age         ] GC(975) Desired survivor size 8945664 bytes, new threshold 6 (max threshold 6)
[21.164s][trace][gc,age         ] GC(975) Age table with threshold 6 (max threshold 6)
[21.164s][trace][gc,age         ] GC(975) - age   1:     400208 bytes,     400208 total
[21.164s][info ][gc,heap        ] GC(975) ParNew: 139860K->394K(157376K)
[21.164s][info ][gc,heap        ] GC(975) CMS: 3754K->3754K(349568K)
[21.164s][info ][gc,metaspace   ] GC(975) Metaspace: 16025K(16640K)->16025K(16640K) NonClass: 14284K(14592K)->14284K(14592K) Class: 1740K(2048K)->1740K(2048K)
[21.164s][info ][gc             ] GC(975) Pause Young (Allocation Failure) 140M->4M(495M) 0.457ms
[21.164s][info ][gc,cpu         ] GC(975) User=0.00s Sys=0.00s Real=0.00s
[21.173s][info ][gc,start       ] GC(976) Pause Young (Allocation Failure)
[21.173s][info ][gc,task        ] GC(976) Using 9 workers of 9 for evacuation
[21.173s][debug][gc,age         ] GC(976) Desired survivor size 8945664 bytes, new threshold 6 (max threshold 6)
[21.173s][trace][gc,age         ] GC(976) Age table with threshold 6 (max threshold 6)
[21.173s][trace][gc,age         ] GC(976) - age   1:        192 bytes,        192 total
[21.173s][info ][gc,heap        ] GC(976) ParNew: 140258K->6K(157376K)
[21.173s][info ][gc,heap        ] GC(976) CMS: 3754K->3754K(349568K)
[21.173s][info ][gc,metaspace   ] GC(976) Metaspace: 16025K(16640K)->16025K(16640K) NonClass: 14284K(14592K)->14284K(14592K) Class: 1740K(2048K)->1740K(2048K)
[21.173s][info ][gc             ] GC(976) Pause Young (Allocation Failure) 140M->3M(495M) 0.349ms
[21.173s][info ][gc,cpu         ] GC(976) User=0.00s Sys=0.00s Real=0.00s
[21.183s][info ][gc,start       ] GC(977) Pause Young (Allocation Failure)
[21.183s][info ][gc,task        ] GC(977) Using 9 workers of 9 for evacuation
[21.183s][debug][gc,age         ] GC(977) Desired survivor size 8945664 bytes, new threshold 6 (max threshold 6)
[21.183s][trace][gc,age         ] GC(977) Age table with threshold 6 (max threshold 6)
[21.183s][trace][gc,age         ] GC(977) - age   1:     400208 bytes,     400208 total
[21.183s][info ][gc,heap        ] GC(977) ParNew: 139756K->396K(157376K)
[21.183s][info ][gc,heap        ] GC(977) CMS: 3754K->3754K(349568K)
[21.183s][info ][gc,metaspace   ] GC(977) Metaspace: 16025K(16640K)->16025K(16640K) NonClass: 14284K(14592K)->14284K(14592K) Class: 1740K(2048K)->1740K(2048K)
[21.183s][info ][gc             ] GC(977) Pause Young (Allocation Failure) 140M->4M(495M) 0.491ms
[21.183s][info ][gc,cpu         ] GC(977) User=0.00s Sys=0.00s Real=0.00s
[21.193s][info ][gc,start       ] GC(978) Pause Young (Allocation Failure)
[21.193s][info ][gc,task        ] GC(978) Using 9 workers of 9 for evacuation
[21.194s][debug][gc,age         ] GC(978) Desired survivor size 8945664 bytes, new threshold 6 (max threshold 6)
[21.194s][trace][gc,age         ] GC(978) Age table with threshold 6 (max threshold 6)
[21.194s][trace][gc,age         ] GC(978) - age   1:        192 bytes,        192 total
[21.194s][info ][gc,heap        ] GC(978) ParNew: 140290K->6K(157376K)
[21.194s][info ][gc,heap        ] GC(978) CMS: 3754K->3754K(349568K)
[21.194s][info ][gc,metaspace   ] GC(978) Metaspace: 16025K(16640K)->16025K(16640K) NonClass: 14284K(14592K)->14284K(14592K) Class: 1740K(2048K)->1740K(2048K)
[21.194s][info ][gc             ] GC(978) Pause Young (Allocation Failure) 140M->3M(495M) 0.572ms
[21.194s][info ][gc,cpu         ] GC(978) User=0.00s Sys=0.00s Real=0.00s
[21.203s][info ][gc,start       ] GC(979) Pause Young (Allocation Failure)
[21.203s][info ][gc,task        ] GC(979) Using 9 workers of 9 for evacuation
[21.203s][debug][gc,age         ] GC(979) Desired survivor size 8945664 bytes, new threshold 6 (max threshold 6)
[21.203s][trace][gc,age         ] GC(979) Age table with threshold 6 (max threshold 6)
[21.203s][trace][gc,age         ] GC(979) - age   1:        192 bytes,        192 total
[21.204s][info ][gc,heap        ] GC(979) ParNew: 139533K->6K(157376K)
[21.204s][info ][gc,heap        ] GC(979) CMS: 3754K->3754K(349568K)
[21.204s][info ][gc,metaspace   ] GC(979) Metaspace: 16025K(16640K)->16025K(16640K) NonClass: 14284K(14592K)->14284K(14592K) Class: 1740K(2048K)->1740K(2048K)
[21.204s][info ][gc             ] GC(979) Pause Young (Allocation Failure) 139M->3M(495M) 0.367ms
[21.204s][info ][gc,cpu         ] GC(979) User=0.00s Sys=0.00s Real=0.00s
[21.213s][info ][gc,start       ] GC(980) Pause Young (Allocation Failure)
[21.213s][info ][gc,task        ] GC(980) Using 9 workers of 9 for evacuation
[21.213s][debug][gc,age         ] GC(980) Desired survivor size 8945664 bytes, new threshold 6 (max threshold 6)
[21.213s][trace][gc,age         ] GC(980) Age table with threshold 6 (max threshold 6)
[21.213s][trace][gc,age         ] GC(980) - age   1:     400208 bytes,     400208 total
[21.213s][info ][gc,heap        ] GC(980) ParNew: 139778K->398K(157376K)
[21.213s][info ][gc,heap        ] GC(980) CMS: 3754K->3754K(349568K)
[21.213s][info ][gc,metaspace   ] GC(980) Metaspace: 16025K(16640K)->16025K(16640K) NonClass: 14284K(14592K)->14284K(14592K) Class: 1740K(2048K)->1740K(2048K)
[21.213s][info ][gc             ] GC(980) Pause Young (Allocation Failure) 140M->4M(495M) 0.447ms
[21.213s][info ][gc,cpu         ] GC(980) User=0.00s Sys=0.01s Real=0.00s
[21.223s][info ][gc,start       ] GC(981) Pause Young (Allocation Failure)
[21.223s][info ][gc,task        ] GC(981) Using 9 workers of 9 for evacuation
[21.223s][debug][gc,age         ] GC(981) Desired survivor size 8945664 bytes, new threshold 6 (max threshold 6)
[21.223s][trace][gc,age         ] GC(981) Age table with threshold 6 (max threshold 6)
[21.223s][trace][gc,age         ] GC(981) - age   1:        192 bytes,        192 total
[21.223s][info ][gc,heap        ] GC(981) ParNew: 140188K->8K(157376K)
[21.223s][info ][gc,heap        ] GC(981) CMS: 3754K->3754K(349568K)
[21.223s][info ][gc,metaspace   ] GC(981) Metaspace: 16025K(16640K)->16025K(16640K) NonClass: 14284K(14592K)->14284K(14592K) Class: 1740K(2048K)->1740K(2048K)
[21.223s][info ][gc             ] GC(981) Pause Young (Allocation Failure) 140M->3M(495M) 0.456ms
[21.223s][info ][gc,cpu         ] GC(981) User=0.01s Sys=0.00s Real=0.00s
[21.233s][info ][gc,start       ] GC(982) Pause Young (Allocation Failure)
[21.233s][info ][gc,task        ] GC(982) Using 9 workers of 9 for evacuation
[21.233s][debug][gc,age         ] GC(982) Desired survivor size 8945664 bytes, new threshold 6 (max threshold 6)
[21.233s][trace][gc,age         ] GC(982) Age table with threshold 6 (max threshold 6)
[21.233s][trace][gc,age         ] GC(982) - age   1:        192 bytes,        192 total
[21.233s][info ][gc,heap        ] GC(982) ParNew: 139577K->4K(157376K)
[21.233s][info ][gc,heap        ] GC(982) CMS: 3754K->3754K(349568K)
[21.233s][info ][gc,metaspace   ] GC(982) Metaspace: 16025K(16640K)->16025K(16640K) NonClass: 14284K(14592K)->14284K(14592K) Class: 1740K(2048K)->1740K(2048K)
[21.233s][info ][gc             ] GC(982) Pause Young (Allocation Failure) 139M->3M(495M) 0.408ms
[21.233s][info ][gc,cpu         ] GC(982) User=0.01s Sys=0.00s Real=0.00s
[21.243s][info ][gc,start       ] GC(983) Pause Young (Allocation Failure)
[21.243s][info ][gc,task        ] GC(983) Using 9 workers of 9 for evacuation
[21.243s][debug][gc,age         ] GC(983) Desired survivor size 8945664 bytes, new threshold 6 (max threshold 6)
[21.243s][trace][gc,age         ] GC(983) Age table with threshold 6 (max threshold 6)
[21.243s][trace][gc,age         ] GC(983) - age   1:     400208 bytes,     400208 total
[21.243s][info ][gc,heap        ] GC(983) ParNew: 139859K->398K(157376K)
[21.243s][info ][gc,heap        ] GC(983) CMS: 3754K->3754K(349568K)
[21.243s][info ][gc,metaspace   ] GC(983) Metaspace: 16025K(16640K)->16025K(16640K) NonClass: 14284K(14592K)->14284K(14592K) Class: 1740K(2048K)->1740K(2048K)
[21.243s][info ][gc             ] GC(983) Pause Young (Allocation Failure) 140M->4M(495M) 0.428ms
[21.243s][info ][gc,cpu         ] GC(983) User=0.01s Sys=0.00s Real=0.00s
[21.253s][info ][gc,start       ] GC(984) Pause Young (Allocation Failure)
[21.253s][info ][gc,task        ] GC(984) Using 9 workers of 9 for evacuation
[21.253s][debug][gc,age         ] GC(984) Desired survivor size 8945664 bytes, new threshold 6 (max threshold 6)
[21.253s][trace][gc,age         ] GC(984) Age table with threshold 6 (max threshold 6)
[21.253s][trace][gc,age         ] GC(984) - age   1:        192 bytes,        192 total
[21.253s][info ][gc,heap        ] GC(984) ParNew: 140302K->6K(157376K)
[21.253s][info ][gc,heap        ] GC(984) CMS: 3754K->3754K(349568K)
[21.253s][info ][gc,metaspace   ] GC(984) Metaspace: 16025K(16640K)->16025K(16640K) NonClass: 14284K(14592K)->14284K(14592K) Class: 1740K(2048K)->1740K(2048K)
[21.253s][info ][gc             ] GC(984) Pause Young (Allocation Failure) 140M->3M(495M) 0.360ms
[21.253s][info ][gc,cpu         ] GC(984) User=0.00s Sys=0.00s Real=0.00s
[21.262s][info ][gc,start       ] GC(985) Pause Young (Allocation Failure)
[21.263s][info ][gc,task        ] GC(985) Using 9 workers of 9 for evacuation
[21.263s][debug][gc,age         ] GC(985) Desired survivor size 8945664 bytes, new threshold 6 (max threshold 6)
[21.263s][trace][gc,age         ] GC(985) Age table with threshold 6 (max threshold 6)
[21.263s][trace][gc,age         ] GC(985) - age   1:     400208 bytes,     400208 total
[21.263s][info ][gc,heap        ] GC(985) ParNew: 139798K->398K(157376K)
[21.263s][info ][gc,heap        ] GC(985) CMS: 3754K->3754K(349568K)
[21.263s][info ][gc,metaspace   ] GC(985) Metaspace: 16025K(16640K)->16025K(16640K) NonClass: 14284K(14592K)->14284K(14592K) Class: 1740K(2048K)->1740K(2048K)
[21.263s][info ][gc             ] GC(985) Pause Young (Allocation Failure) 140M->4M(495M) 0.426ms
[21.263s][info ][gc,cpu         ] GC(985) User=0.00s Sys=0.00s Real=0.00s
[21.273s][info ][gc,start       ] GC(986) Pause Young (Allocation Failure)
[21.273s][info ][gc,task        ] GC(986) Using 9 workers of 9 for evacuation
[21.273s][debug][gc,age         ] GC(986) Desired survivor size 8945664 bytes, new threshold 6 (max threshold 6)
[21.273s][trace][gc,age         ] GC(986) Age table with threshold 6 (max threshold 6)
[21.273s][trace][gc,age         ] GC(986) - age   1:     400208 bytes,     400208 total
[21.273s][info ][gc,heap        ] GC(986) ParNew: 140066K->398K(157376K)
[21.273s][info ][gc,heap        ] GC(986) CMS: 3754K->3754K(349568K)
[21.273s][info ][gc,metaspace   ] GC(986) Metaspace: 16025K(16640K)->16025K(16640K) NonClass: 14284K(14592K)->14284K(14592K) Class: 1740K(2048K)->1740K(2048K)
[21.273s][info ][gc             ] GC(986) Pause Young (Allocation Failure) 140M->4M(495M) 0.422ms
[21.273s][info ][gc,cpu         ] GC(986) User=0.00s Sys=0.00s Real=0.00s
[21.283s][info ][gc,start       ] GC(987) Pause Young (Allocation Failure)
[21.283s][info ][gc,task        ] GC(987) Using 9 workers of 9 for evacuation
[21.283s][debug][gc,age         ] GC(987) Desired survivor size 8945664 bytes, new threshold 6 (max threshold 6)
[21.283s][trace][gc,age         ] GC(987) Age table with threshold 6 (max threshold 6)
[21.283s][trace][gc,age         ] GC(987) - age   1:        192 bytes,        192 total
[21.283s][info ][gc,heap        ] GC(987) ParNew: 140302K->8K(157376K)
[21.283s][info ][gc,heap        ] GC(987) CMS: 3754K->3754K(349568K)
[21.283s][info ][gc,metaspace   ] GC(987) Metaspace: 16025K(16640K)->16025K(16640K) NonClass: 14284K(14592K)->14284K(14592K) Class: 1740K(2048K)->1740K(2048K)
[21.283s][info ][gc             ] GC(987) Pause Young (Allocation Failure) 140M->3M(495M) 0.471ms
[21.283s][info ][gc,cpu         ] GC(987) User=0.00s Sys=0.00s Real=0.00s
[21.293s][info ][gc,start       ] GC(988) Pause Young (Allocation Failure)
[21.293s][info ][gc,task        ] GC(988) Using 9 workers of 9 for evacuation
[21.293s][debug][gc,age         ] GC(988) Desired survivor size 8945664 bytes, new threshold 6 (max threshold 6)
[21.293s][trace][gc,age         ] GC(988) Age table with threshold 6 (max threshold 6)
[21.293s][trace][gc,age         ] GC(988) - age   1:        192 bytes,        192 total
[21.293s][info ][gc,heap        ] GC(988) ParNew: 139584K->8K(157376K)
[21.293s][info ][gc,heap        ] GC(988) CMS: 3754K->3754K(349568K)
[21.293s][info ][gc,metaspace   ] GC(988) Metaspace: 16025K(16640K)->16025K(16640K) NonClass: 14284K(14592K)->14284K(14592K) Class: 1740K(2048K)->1740K(2048K)
[21.293s][info ][gc             ] GC(988) Pause Young (Allocation Failure) 139M->3M(495M) 0.344ms
[21.293s][info ][gc,cpu         ] GC(988) User=0.00s Sys=0.00s Real=0.00s
[21.302s][info ][gc,start       ] GC(989) Pause Young (Allocation Failure)
[21.302s][info ][gc,task        ] GC(989) Using 9 workers of 9 for evacuation
[21.303s][debug][gc,age         ] GC(989) Desired survivor size 8945664 bytes, new threshold 6 (max threshold 6)
[21.303s][trace][gc,age         ] GC(989) Age table with threshold 6 (max threshold 6)
[21.303s][trace][gc,age         ] GC(989) - age   1:     400208 bytes,     400208 total
[21.303s][info ][gc,heap        ] GC(989) ParNew: 139755K->398K(157376K)
[21.303s][info ][gc,heap        ] GC(989) CMS: 3754K->3754K(349568K)
[21.303s][info ][gc,metaspace   ] GC(989) Metaspace: 16025K(16640K)->16025K(16640K) NonClass: 14284K(14592K)->14284K(14592K) Class: 1740K(2048K)->1740K(2048K)
[21.303s][info ][gc             ] GC(989) Pause Young (Allocation Failure) 140M->4M(495M) 0.386ms
[21.303s][info ][gc,cpu         ] GC(989) User=0.00s Sys=0.00s Real=0.00s
[21.312s][info ][gc,start       ] GC(990) Pause Young (Allocation Failure)
[21.312s][info ][gc,task        ] GC(990) Using 9 workers of 9 for evacuation
[21.313s][debug][gc,age         ] GC(990) Desired survivor size 8945664 bytes, new threshold 6 (max threshold 6)
[21.313s][trace][gc,age         ] GC(990) Age table with threshold 6 (max threshold 6)
[21.313s][trace][gc,age         ] GC(990) - age   1:     400208 bytes,     400208 total
[21.313s][info ][gc,heap        ] GC(990) ParNew: 140302K->396K(157376K)
[21.313s][info ][gc,heap        ] GC(990) CMS: 3754K->3754K(349568K)
[21.313s][info ][gc,metaspace   ] GC(990) Metaspace: 16025K(16640K)->16025K(16640K) NonClass: 14284K(14592K)->14284K(14592K) Class: 1740K(2048K)->1740K(2048K)
[21.313s][info ][gc             ] GC(990) Pause Young (Allocation Failure) 140M->4M(495M) 0.413ms
[21.313s][info ][gc,cpu         ] GC(990) User=0.00s Sys=0.00s Real=0.00s
[21.322s][info ][gc,start       ] GC(991) Pause Young (Allocation Failure)
[21.322s][info ][gc,task        ] GC(991) Using 9 workers of 9 for evacuation
[21.323s][debug][gc,age         ] GC(991) Desired survivor size 8945664 bytes, new threshold 6 (max threshold 6)
[21.323s][trace][gc,age         ] GC(991) Age table with threshold 6 (max threshold 6)
[21.323s][trace][gc,age         ] GC(991) - age   1:     400208 bytes,     400208 total
[21.323s][info ][gc,heap        ] GC(991) ParNew: 139981K->396K(157376K)
[21.323s][info ][gc,heap        ] GC(991) CMS: 3754K->3754K(349568K)
[21.323s][info ][gc,metaspace   ] GC(991) Metaspace: 16025K(16640K)->16025K(16640K) NonClass: 14284K(14592K)->14284K(14592K) Class: 1740K(2048K)->1740K(2048K)
[21.323s][info ][gc             ] GC(991) Pause Young (Allocation Failure) 140M->4M(495M) 0.444ms
[21.323s][info ][gc,cpu         ] GC(991) User=0.00s Sys=0.00s Real=0.00s
[21.332s][info ][gc,start       ] GC(992) Pause Young (Allocation Failure)
[21.332s][info ][gc,task        ] GC(992) Using 9 workers of 9 for evacuation
[21.332s][debug][gc,age         ] GC(992) Desired survivor size 8945664 bytes, new threshold 6 (max threshold 6)
[21.333s][trace][gc,age         ] GC(992) Age table with threshold 6 (max threshold 6)
[21.333s][trace][gc,age         ] GC(992) - age   1:        192 bytes,        192 total
[21.333s][info ][gc,heap        ] GC(992) ParNew: 140215K->4K(157376K)
[21.333s][info ][gc,heap        ] GC(992) CMS: 3754K->3754K(349568K)
[21.333s][info ][gc,metaspace   ] GC(992) Metaspace: 16025K(16640K)->16025K(16640K) NonClass: 14284K(14592K)->14284K(14592K) Class: 1740K(2048K)->1740K(2048K)
[21.333s][info ][gc             ] GC(992) Pause Young (Allocation Failure) 140M->3M(495M) 0.440ms
[21.333s][info ][gc,cpu         ] GC(992) User=0.01s Sys=0.00s Real=0.00s
[21.342s][info ][gc,start       ] GC(993) Pause Young (Allocation Failure)
[21.342s][info ][gc,task        ] GC(993) Using 9 workers of 9 for evacuation
[21.342s][debug][gc,age         ] GC(993) Desired survivor size 8945664 bytes, new threshold 6 (max threshold 6)
[21.342s][trace][gc,age         ] GC(993) Age table with threshold 6 (max threshold 6)
[21.342s][trace][gc,age         ] GC(993) - age   1:        192 bytes,        192 total
[21.342s][info ][gc,heap        ] GC(993) ParNew: 139606K->8K(157376K)
[21.342s][info ][gc,heap        ] GC(993) CMS: 3754K->3754K(349568K)
[21.342s][info ][gc,metaspace   ] GC(993) Metaspace: 16025K(16640K)->16025K(16640K) NonClass: 14284K(14592K)->14284K(14592K) Class: 1740K(2048K)->1740K(2048K)
[21.342s][info ][gc             ] GC(993) Pause Young (Allocation Failure) 140M->3M(495M) 0.361ms
[21.342s][info ][gc,cpu         ] GC(993) User=0.01s Sys=0.00s Real=0.00s
[21.352s][info ][gc,start       ] GC(994) Pause Young (Allocation Failure)
[21.352s][info ][gc,task        ] GC(994) Using 9 workers of 9 for evacuation
[21.352s][debug][gc,age         ] GC(994) Desired survivor size 8945664 bytes, new threshold 6 (max threshold 6)
[21.352s][trace][gc,age         ] GC(994) Age table with threshold 6 (max threshold 6)
[21.352s][trace][gc,age         ] GC(994) - age   1:        192 bytes,        192 total
[21.352s][info ][gc,heap        ] GC(994) ParNew: 139579K->8K(157376K)
[21.352s][info ][gc,heap        ] GC(994) CMS: 3754K->3754K(349568K)
[21.352s][info ][gc,metaspace   ] GC(994) Metaspace: 16025K(16640K)->16025K(16640K) NonClass: 14284K(14592K)->14284K(14592K) Class: 1740K(2048K)->1740K(2048K)
[21.352s][info ][gc             ] GC(994) Pause Young (Allocation Failure) 139M->3M(495M) 0.405ms
[21.352s][info ][gc,cpu         ] GC(994) User=0.00s Sys=0.00s Real=0.00s
[21.362s][info ][gc,start       ] GC(995) Pause Young (Allocation Failure)
[21.362s][info ][gc,task        ] GC(995) Using 9 workers of 9 for evacuation
[21.362s][debug][gc,age         ] GC(995) Desired survivor size 8945664 bytes, new threshold 6 (max threshold 6)
[21.362s][trace][gc,age         ] GC(995) Age table with threshold 6 (max threshold 6)
[21.362s][trace][gc,age         ] GC(995) - age   1:        192 bytes,        192 total
[21.362s][info ][gc,heap        ] GC(995) ParNew: 139565K->6K(157376K)
[21.362s][info ][gc,heap        ] GC(995) CMS: 3754K->3754K(349568K)
[21.362s][info ][gc,metaspace   ] GC(995) Metaspace: 16025K(16640K)->16025K(16640K) NonClass: 14284K(14592K)->14284K(14592K) Class: 1740K(2048K)->1740K(2048K)
[21.362s][info ][gc             ] GC(995) Pause Young (Allocation Failure) 139M->3M(495M) 0.432ms
[21.362s][info ][gc,cpu         ] GC(995) User=0.00s Sys=0.00s Real=0.00s
[21.372s][info ][gc,start       ] GC(996) Pause Young (Allocation Failure)
[21.372s][info ][gc,task        ] GC(996) Using 9 workers of 9 for evacuation
[21.372s][debug][gc,age         ] GC(996) Desired survivor size 8945664 bytes, new threshold 6 (max threshold 6)
[21.372s][trace][gc,age         ] GC(996) Age table with threshold 6 (max threshold 6)
[21.372s][trace][gc,age         ] GC(996) - age   1:        192 bytes,        192 total
[21.372s][info ][gc,heap        ] GC(996) ParNew: 139533K->6K(157376K)
[21.372s][info ][gc,heap        ] GC(996) CMS: 3754K->3754K(349568K)
[21.372s][info ][gc,metaspace   ] GC(996) Metaspace: 16025K(16640K)->16025K(16640K) NonClass: 14284K(14592K)->14284K(14592K) Class: 1740K(2048K)->1740K(2048K)
[21.372s][info ][gc             ] GC(996) Pause Young (Allocation Failure) 139M->3M(495M) 0.461ms
[21.372s][info ][gc,cpu         ] GC(996) User=0.00s Sys=0.00s Real=0.00s
[21.382s][info ][gc,start       ] GC(997) Pause Young (Allocation Failure)
[21.382s][info ][gc,task        ] GC(997) Using 9 workers of 9 for evacuation
[21.382s][debug][gc,age         ] GC(997) Desired survivor size 8945664 bytes, new threshold 6 (max threshold 6)
[21.382s][trace][gc,age         ] GC(997) Age table with threshold 6 (max threshold 6)
[21.382s][trace][gc,age         ] GC(997) - age   1:     400208 bytes,     400208 total
[21.382s][info ][gc,heap        ] GC(997) ParNew: 139877K->394K(157376K)
[21.382s][info ][gc,heap        ] GC(997) CMS: 3754K->3754K(349568K)
[21.382s][info ][gc,metaspace   ] GC(997) Metaspace: 16025K(16640K)->16025K(16640K) NonClass: 14284K(14592K)->14284K(14592K) Class: 1740K(2048K)->1740K(2048K)
[21.382s][info ][gc             ] GC(997) Pause Young (Allocation Failure) 140M->4M(495M) 0.467ms
[21.382s][info ][gc,cpu         ] GC(997) User=0.00s Sys=0.00s Real=0.00s
[21.392s][info ][gc,start       ] GC(998) Pause Young (Allocation Failure)
[21.392s][info ][gc,task        ] GC(998) Using 9 workers of 9 for evacuation
[21.392s][debug][gc,age         ] GC(998) Desired survivor size 8945664 bytes, new threshold 6 (max threshold 6)
[21.392s][trace][gc,age         ] GC(998) Age table with threshold 6 (max threshold 6)
[21.392s][trace][gc,age         ] GC(998) - age   1:        192 bytes,        192 total
[21.392s][info ][gc,heap        ] GC(998) ParNew: 140203K->4K(157376K)
[21.392s][info ][gc,heap        ] GC(998) CMS: 3754K->3754K(349568K)
[21.392s][info ][gc,metaspace   ] GC(998) Metaspace: 16025K(16640K)->16025K(16640K) NonClass: 14284K(14592K)->14284K(14592K) Class: 1740K(2048K)->1740K(2048K)
[21.392s][info ][gc             ] GC(998) Pause Young (Allocation Failure) 140M->3M(495M) 0.377ms
[21.392s][info ][gc,cpu         ] GC(998) User=0.00s Sys=0.00s Real=0.00s
[21.401s][info ][gc,start       ] GC(999) Pause Young (Allocation Failure)
[21.401s][info ][gc,task        ] GC(999) Using 9 workers of 9 for evacuation
[21.402s][debug][gc,age         ] GC(999) Desired survivor size 8945664 bytes, new threshold 6 (max threshold 6)
[21.402s][trace][gc,age         ] GC(999) Age table with threshold 6 (max threshold 6)
[21.402s][trace][gc,age         ] GC(999) - age   1:     400208 bytes,     400208 total
[21.402s][info ][gc,heap        ] GC(999) ParNew: 139565K->398K(157376K)
[21.402s][info ][gc,heap        ] GC(999) CMS: 3754K->3754K(349568K)
[21.402s][info ][gc,metaspace   ] GC(999) Metaspace: 16025K(16640K)->16025K(16640K) NonClass: 14284K(14592K)->14284K(14592K) Class: 1740K(2048K)->1740K(2048K)
[21.402s][info ][gc             ] GC(999) Pause Young (Allocation Failure) 139M->4M(495M) 0.454ms
[21.402s][info ][gc,cpu         ] GC(999) User=0.00s Sys=0.00s Real=0.00s
[21.411s][info ][gc,start       ] GC(1000) Pause Young (Allocation Failure)
[21.411s][info ][gc,task        ] GC(1000) Using 9 workers of 9 for evacuation
[21.412s][debug][gc,age         ] GC(1000) Desired survivor size 8945664 bytes, new threshold 6 (max threshold 6)
[21.412s][trace][gc,age         ] GC(1000) Age table with threshold 6 (max threshold 6)
[21.412s][trace][gc,age         ] GC(1000) - age   1:        192 bytes,        192 total
[21.412s][info ][gc,heap        ] GC(1000) ParNew: 140178K->6K(157376K)
[21.412s][info ][gc,heap        ] GC(1000) CMS: 3754K->3754K(349568K)
[21.412s][info ][gc,metaspace   ] GC(1000) Metaspace: 16025K(16640K)->16025K(16640K) NonClass: 14284K(14592K)->14284K(14592K) Class: 1740K(2048K)->1740K(2048K)
[21.412s][info ][gc             ] GC(1000) Pause Young (Allocation Failure) 140M->3M(495M) 0.418ms
[21.412s][info ][gc,cpu         ] GC(1000) User=0.00s Sys=0.00s Real=0.00s
[21.421s][info ][gc,start       ] GC(1001) Pause Young (Allocation Failure)
[21.421s][info ][gc,task        ] GC(1001) Using 9 workers of 9 for evacuation
[21.422s][debug][gc,age         ] GC(1001) Desired survivor size 8945664 bytes, new threshold 6 (max threshold 6)
[21.422s][trace][gc,age         ] GC(1001) Age table with threshold 6 (max threshold 6)
[21.422s][trace][gc,age         ] GC(1001) - age   1:     400208 bytes,     400208 total
[21.422s][info ][gc,heap        ] GC(1001) ParNew: 139868K->394K(157376K)
[21.422s][info ][gc,heap        ] GC(1001) CMS: 3754K->3754K(349568K)
[21.422s][info ][gc,metaspace   ] GC(1001) Metaspace: 16025K(16640K)->16025K(16640K) NonClass: 14284K(14592K)->14284K(14592K) Class: 1740K(2048K)->1740K(2048K)
[21.422s][info ][gc             ] GC(1001) Pause Young (Allocation Failure) 140M->4M(495M) 0.483ms
[21.422s][info ][gc,cpu         ] GC(1001) User=0.01s Sys=0.00s Real=0.00s
[21.431s][info ][gc,start       ] GC(1002) Pause Young (Allocation Failure)
[21.431s][info ][gc,task        ] GC(1002) Using 9 workers of 9 for evacuation
[21.431s][debug][gc,age         ] GC(1002) Desired survivor size 8945664 bytes, new threshold 6 (max threshold 6)
[21.432s][trace][gc,age         ] GC(1002) Age table with threshold 6 (max threshold 6)
[21.432s][trace][gc,age         ] GC(1002) - age   1:        192 bytes,        192 total
[21.432s][info ][gc,heap        ] GC(1002) ParNew: 139983K->8K(157376K)
[21.432s][info ][gc,heap        ] GC(1002) CMS: 3754K->3754K(349568K)
[21.432s][info ][gc,metaspace   ] GC(1002) Metaspace: 16025K(16640K)->16025K(16640K) NonClass: 14284K(14592K)->14284K(14592K) Class: 1740K(2048K)->1740K(2048K)
[21.432s][info ][gc             ] GC(1002) Pause Young (Allocation Failure) 140M->3M(495M) 0.414ms
[21.432s][info ][gc,cpu         ] GC(1002) User=0.01s Sys=0.00s Real=0.00s
[21.441s][info ][gc,start       ] GC(1003) Pause Young (Allocation Failure)
[21.441s][info ][gc,task        ] GC(1003) Using 9 workers of 9 for evacuation
[21.441s][debug][gc,age         ] GC(1003) Desired survivor size 8945664 bytes, new threshold 6 (max threshold 6)
[21.441s][trace][gc,age         ] GC(1003) Age table with threshold 6 (max threshold 6)
[21.441s][trace][gc,age         ] GC(1003) - age   1:     400208 bytes,     400208 total
[21.441s][info ][gc,heap        ] GC(1003) ParNew: 139792K->396K(157376K)
[21.441s][info ][gc,heap        ] GC(1003) CMS: 3754K->3754K(349568K)
[21.441s][info ][gc,metaspace   ] GC(1003) Metaspace: 16025K(16640K)->16025K(16640K) NonClass: 14284K(14592K)->14284K(14592K) Class: 1740K(2048K)->1740K(2048K)
[21.441s][info ][gc             ] GC(1003) Pause Young (Allocation Failure) 140M->4M(495M) 0.397ms
[21.441s][info ][gc,cpu         ] GC(1003) User=0.01s Sys=0.00s Real=0.00s
[21.451s][info ][gc,start       ] GC(1004) Pause Young (Allocation Failure)
[21.451s][info ][gc,task        ] GC(1004) Using 9 workers of 9 for evacuation
[21.451s][debug][gc,age         ] GC(1004) Desired survivor size 8945664 bytes, new threshold 6 (max threshold 6)
[21.451s][trace][gc,age         ] GC(1004) Age table with threshold 6 (max threshold 6)
[21.451s][trace][gc,age         ] GC(1004) - age   1:     400208 bytes,     400208 total
[21.451s][info ][gc,heap        ] GC(1004) ParNew: 140300K->396K(157376K)
[21.451s][info ][gc,heap        ] GC(1004) CMS: 3754K->3754K(349568K)
[21.451s][info ][gc,metaspace   ] GC(1004) Metaspace: 16025K(16640K)->16025K(16640K) NonClass: 14284K(14592K)->14284K(14592K) Class: 1740K(2048K)->1740K(2048K)
[21.451s][info ][gc             ] GC(1004) Pause Young (Allocation Failure) 140M->4M(495M) 0.437ms
[21.451s][info ][gc,cpu         ] GC(1004) User=0.00s Sys=0.00s Real=0.00s
[21.461s][info ][gc,start       ] GC(1005) Pause Young (Allocation Failure)
[21.461s][info ][gc,task        ] GC(1005) Using 9 workers of 9 for evacuation
[21.461s][debug][gc,age         ] GC(1005) Desired survivor size 8945664 bytes, new threshold 6 (max threshold 6)
[21.461s][trace][gc,age         ] GC(1005) Age table with threshold 6 (max threshold 6)
[21.461s][trace][gc,age         ] GC(1005) - age   1:        192 bytes,        192 total
[21.461s][info ][gc,heap        ] GC(1005) ParNew: 140271K->6K(157376K)
[21.461s][info ][gc,heap        ] GC(1005) CMS: 3754K->3754K(349568K)
[21.461s][info ][gc,metaspace   ] GC(1005) Metaspace: 16025K(16640K)->16025K(16640K) NonClass: 14284K(14592K)->14284K(14592K) Class: 1740K(2048K)->1740K(2048K)
[21.461s][info ][gc             ] GC(1005) Pause Young (Allocation Failure) 140M->3M(495M) 0.385ms
[21.461s][info ][gc,cpu         ] GC(1005) User=0.00s Sys=0.00s Real=0.00s
[21.471s][info ][gc,start       ] GC(1006) Pause Young (Allocation Failure)
[21.471s][info ][gc,task        ] GC(1006) Using 9 workers of 9 for evacuation
[21.471s][debug][gc,age         ] GC(1006) Desired survivor size 8945664 bytes, new threshold 6 (max threshold 6)
[21.471s][trace][gc,age         ] GC(1006) Age table with threshold 6 (max threshold 6)
[21.471s][trace][gc,age         ] GC(1006) - age   1:     400208 bytes,     400208 total
[21.471s][info ][gc,heap        ] GC(1006) ParNew: 139730K->398K(157376K)
[21.471s][info ][gc,heap        ] GC(1006) CMS: 3754K->3754K(349568K)
[21.471s][info ][gc,metaspace   ] GC(1006) Metaspace: 16025K(16640K)->16025K(16640K) NonClass: 14284K(14592K)->14284K(14592K) Class: 1740K(2048K)->1740K(2048K)
[21.471s][info ][gc             ] GC(1006) Pause Young (Allocation Failure) 140M->4M(495M) 0.369ms
[21.471s][info ][gc,cpu         ] GC(1006) User=0.00s Sys=0.00s Real=0.00s
[21.481s][info ][gc,start       ] GC(1007) Pause Young (Allocation Failure)
[21.481s][info ][gc,task        ] GC(1007) Using 9 workers of 9 for evacuation
[21.481s][debug][gc,age         ] GC(1007) Desired survivor size 8945664 bytes, new threshold 6 (max threshold 6)
[21.481s][trace][gc,age         ] GC(1007) Age table with threshold 6 (max threshold 6)
[21.481s][trace][gc,age         ] GC(1007) - age   1:     400208 bytes,     400208 total
[21.481s][info ][gc,heap        ] GC(1007) ParNew: 140012K->394K(157376K)
[21.481s][info ][gc,heap        ] GC(1007) CMS: 3754K->3754K(349568K)
[21.481s][info ][gc,metaspace   ] GC(1007) Metaspace: 16025K(16640K)->16025K(16640K) NonClass: 14284K(14592K)->14284K(14592K) Class: 1740K(2048K)->1740K(2048K)
[21.481s][info ][gc             ] GC(1007) Pause Young (Allocation Failure) 140M->4M(495M) 0.403ms
[21.481s][info ][gc,cpu         ] GC(1007) User=0.00s Sys=0.00s Real=0.00s
[21.491s][info ][gc,start       ] GC(1008) Pause Young (Allocation Failure)
[21.491s][info ][gc,task        ] GC(1008) Using 9 workers of 9 for evacuation
[21.491s][debug][gc,age         ] GC(1008) Desired survivor size 8945664 bytes, new threshold 6 (max threshold 6)
[21.491s][trace][gc,age         ] GC(1008) Age table with threshold 6 (max threshold 6)
[21.491s][trace][gc,age         ] GC(1008) - age   1:        192 bytes,        192 total
[21.491s][info ][gc,heap        ] GC(1008) ParNew: 140219K->6K(157376K)
[21.491s][info ][gc,heap        ] GC(1008) CMS: 3754K->3754K(349568K)
[21.491s][info ][gc,metaspace   ] GC(1008) Metaspace: 16025K(16640K)->16025K(16640K) NonClass: 14284K(14592K)->14284K(14592K) Class: 1740K(2048K)->1740K(2048K)
[21.491s][info ][gc             ] GC(1008) Pause Young (Allocation Failure) 140M->3M(495M) 0.312ms
[21.491s][info ][gc,cpu         ] GC(1008) User=0.00s Sys=0.00s Real=0.00s
[21.500s][info ][gc,start       ] GC(1009) Pause Young (Allocation Failure)
[21.500s][info ][gc,task        ] GC(1009) Using 9 workers of 9 for evacuation
[21.501s][debug][gc,age         ] GC(1009) Desired survivor size 8945664 bytes, new threshold 6 (max threshold 6)
[21.501s][trace][gc,age         ] GC(1009) Age table with threshold 6 (max threshold 6)
[21.501s][trace][gc,age         ] GC(1009) - age   1:     400208 bytes,     400208 total
[21.501s][info ][gc,heap        ] GC(1009) ParNew: 139899K->398K(157376K)
[21.501s][info ][gc,heap        ] GC(1009) CMS: 3754K->3754K(349568K)
[21.501s][info ][gc,metaspace   ] GC(1009) Metaspace: 16025K(16640K)->16025K(16640K) NonClass: 14284K(14592K)->14284K(14592K) Class: 1740K(2048K)->1740K(2048K)
[21.501s][info ][gc             ] GC(1009) Pause Young (Allocation Failure) 140M->4M(495M) 0.400ms
[21.501s][info ][gc,cpu         ] GC(1009) User=0.00s Sys=0.00s Real=0.00s
[21.510s][info ][gc,start       ] GC(1010) Pause Young (Allocation Failure)
[21.510s][info ][gc,task        ] GC(1010) Using 9 workers of 9 for evacuation
[21.511s][debug][gc,age         ] GC(1010) Desired survivor size 8945664 bytes, new threshold 6 (max threshold 6)
[21.511s][trace][gc,age         ] GC(1010) Age table with threshold 6 (max threshold 6)
[21.511s][trace][gc,age         ] GC(1010) - age   1:        192 bytes,        192 total
[21.511s][info ][gc,heap        ] GC(1010) ParNew: 140164K->6K(157376K)
[21.511s][info ][gc,heap        ] GC(1010) CMS: 3754K->3754K(349568K)
[21.511s][info ][gc,metaspace   ] GC(1010) Metaspace: 16025K(16640K)->16025K(16640K) NonClass: 14284K(14592K)->14284K(14592K) Class: 1740K(2048K)->1740K(2048K)
[21.511s][info ][gc             ] GC(1010) Pause Young (Allocation Failure) 140M->3M(495M) 0.416ms
[21.511s][info ][gc,cpu         ] GC(1010) User=0.00s Sys=0.00s Real=0.00s
[21.520s][info ][gc,start       ] GC(1011) Pause Young (Allocation Failure)
[21.520s][info ][gc,task        ] GC(1011) Using 9 workers of 9 for evacuation
[21.520s][debug][gc,age         ] GC(1011) Desired survivor size 8945664 bytes, new threshold 6 (max threshold 6)
[21.520s][trace][gc,age         ] GC(1011) Age table with threshold 6 (max threshold 6)
[21.520s][trace][gc,age         ] GC(1011) - age   1:        192 bytes,        192 total
[21.520s][info ][gc,heap        ] GC(1011) ParNew: 139812K->4K(157376K)
[21.520s][info ][gc,heap        ] GC(1011) CMS: 3754K->3754K(349568K)
[21.520s][info ][gc,metaspace   ] GC(1011) Metaspace: 16025K(16640K)->16025K(16640K) NonClass: 14284K(14592K)->14284K(14592K) Class: 1740K(2048K)->1740K(2048K)
[21.521s][info ][gc             ] GC(1011) Pause Young (Allocation Failure) 140M->3M(495M) 0.433ms
[21.521s][info ][gc,cpu         ] GC(1011) User=0.00s Sys=0.00s Real=0.00s
[21.530s][info ][gc,start       ] GC(1012) Pause Young (Allocation Failure)
[21.530s][info ][gc,task        ] GC(1012) Using 9 workers of 9 for evacuation
[21.530s][debug][gc,age         ] GC(1012) Desired survivor size 8945664 bytes, new threshold 6 (max threshold 6)
[21.530s][trace][gc,age         ] GC(1012) Age table with threshold 6 (max threshold 6)
[21.530s][trace][gc,age         ] GC(1012) - age   1:     400208 bytes,     400208 total
[21.530s][info ][gc,heap        ] GC(1012) ParNew: 139823K->394K(157376K)
[21.530s][info ][gc,heap        ] GC(1012) CMS: 3754K->3754K(349568K)
[21.530s][info ][gc,metaspace   ] GC(1012) Metaspace: 16025K(16640K)->16025K(16640K) NonClass: 14284K(14592K)->14284K(14592K) Class: 1740K(2048K)->1740K(2048K)
[21.530s][info ][gc             ] GC(1012) Pause Young (Allocation Failure) 140M->4M(495M) 0.466ms
[21.530s][info ][gc,cpu         ] GC(1012) User=0.00s Sys=0.01s Real=0.00s
[21.540s][info ][gc,start       ] GC(1013) Pause Young (Allocation Failure)
[21.540s][info ][gc,task        ] GC(1013) Using 9 workers of 9 for evacuation
[21.540s][debug][gc,age         ] GC(1013) Desired survivor size 8945664 bytes, new threshold 6 (max threshold 6)
[21.540s][trace][gc,age         ] GC(1013) Age table with threshold 6 (max threshold 6)
[21.540s][trace][gc,age         ] GC(1013) - age   1:     400208 bytes,     400208 total
[21.540s][info ][gc,heap        ] GC(1013) ParNew: 139945K->396K(157376K)
[21.540s][info ][gc,heap        ] GC(1013) CMS: 3754K->3754K(349568K)
[21.540s][info ][gc,metaspace   ] GC(1013) Metaspace: 16025K(16640K)->16025K(16640K) NonClass: 14284K(14592K)->14284K(14592K) Class: 1740K(2048K)->1740K(2048K)
[21.540s][info ][gc             ] GC(1013) Pause Young (Allocation Failure) 140M->4M(495M) 0.320ms
[21.540s][info ][gc,cpu         ] GC(1013) User=0.00s Sys=0.00s Real=0.00s
[21.550s][info ][gc,start       ] GC(1014) Pause Young (Allocation Failure)
[21.550s][info ][gc,task        ] GC(1014) Using 9 workers of 9 for evacuation
[21.550s][debug][gc,age         ] GC(1014) Desired survivor size 8945664 bytes, new threshold 6 (max threshold 6)
[21.550s][trace][gc,age         ] GC(1014) Age table with threshold 6 (max threshold 6)
[21.550s][trace][gc,age         ] GC(1014) - age   1:     400208 bytes,     400208 total
[21.550s][info ][gc,heap        ] GC(1014) ParNew: 140076K->396K(157376K)
[21.550s][info ][gc,heap        ] GC(1014) CMS: 3754K->3754K(349568K)
[21.550s][info ][gc,metaspace   ] GC(1014) Metaspace: 16025K(16640K)->16025K(16640K) NonClass: 14284K(14592K)->14284K(14592K) Class: 1740K(2048K)->1740K(2048K)
[21.550s][info ][gc             ] GC(1014) Pause Young (Allocation Failure) 140M->4M(495M) 0.381ms
[21.550s][info ][gc,cpu         ] GC(1014) User=0.01s Sys=0.00s Real=0.00s
[21.560s][info ][gc,start       ] GC(1015) Pause Young (Allocation Failure)
[21.560s][info ][gc,task        ] GC(1015) Using 9 workers of 9 for evacuation
[21.560s][debug][gc,age         ] GC(1015) Desired survivor size 8945664 bytes, new threshold 6 (max threshold 6)
[21.560s][trace][gc,age         ] GC(1015) Age table with threshold 6 (max threshold 6)
[21.560s][trace][gc,age         ] GC(1015) - age   1:     400208 bytes,     400208 total
[21.560s][info ][gc,heap        ] GC(1015) ParNew: 140086K->396K(157376K)
[21.560s][info ][gc,heap        ] GC(1015) CMS: 3754K->3754K(349568K)
[21.560s][info ][gc,metaspace   ] GC(1015) Metaspace: 16025K(16640K)->16025K(16640K) NonClass: 14284K(14592K)->14284K(14592K) Class: 1740K(2048K)->1740K(2048K)
[21.560s][info ][gc             ] GC(1015) Pause Young (Allocation Failure) 140M->4M(495M) 0.319ms
[21.560s][info ][gc,cpu         ] GC(1015) User=0.01s Sys=0.00s Real=0.00s
[21.569s][info ][gc,start       ] GC(1016) Pause Young (Allocation Failure)
[21.569s][info ][gc,task        ] GC(1016) Using 9 workers of 9 for evacuation
[21.570s][debug][gc,age         ] GC(1016) Desired survivor size 8945664 bytes, new threshold 6 (max threshold 6)
[21.570s][trace][gc,age         ] GC(1016) Age table with threshold 6 (max threshold 6)
[21.570s][trace][gc,age         ] GC(1016) - age   1:        192 bytes,        192 total
[21.570s][info ][gc,heap        ] GC(1016) ParNew: 140291K->6K(157376K)
[21.570s][info ][gc,heap        ] GC(1016) CMS: 3754K->3754K(349568K)
[21.570s][info ][gc,metaspace   ] GC(1016) Metaspace: 16025K(16640K)->16025K(16640K) NonClass: 14284K(14592K)->14284K(14592K) Class: 1740K(2048K)->1740K(2048K)
[21.570s][info ][gc             ] GC(1016) Pause Young (Allocation Failure) 140M->3M(495M) 0.429ms
[21.570s][info ][gc,cpu         ] GC(1016) User=0.01s Sys=0.00s Real=0.00s
[21.579s][info ][gc,start       ] GC(1017) Pause Young (Allocation Failure)
[21.579s][info ][gc,task        ] GC(1017) Using 9 workers of 9 for evacuation
[21.580s][debug][gc,age         ] GC(1017) Desired survivor size 8945664 bytes, new threshold 6 (max threshold 6)
[21.580s][trace][gc,age         ] GC(1017) Age table with threshold 6 (max threshold 6)
[21.580s][trace][gc,age         ] GC(1017) - age   1:        192 bytes,        192 total
[21.580s][info ][gc,heap        ] GC(1017) ParNew: 139543K->4K(157376K)
[21.580s][info ][gc,heap        ] GC(1017) CMS: 3754K->3754K(349568K)
[21.580s][info ][gc,metaspace   ] GC(1017) Metaspace: 16025K(16640K)->16025K(16640K) NonClass: 14284K(14592K)->14284K(14592K) Class: 1740K(2048K)->1740K(2048K)
[21.580s][info ][gc             ] GC(1017) Pause Young (Allocation Failure) 139M->3M(495M) 0.454ms
[21.580s][info ][gc,cpu         ] GC(1017) User=0.00s Sys=0.00s Real=0.00s
[21.589s][info ][gc,start       ] GC(1018) Pause Young (Allocation Failure)
[21.589s][info ][gc,task        ] GC(1018) Using 9 workers of 9 for evacuation
[21.590s][debug][gc,age         ] GC(1018) Desired survivor size 8945664 bytes, new threshold 6 (max threshold 6)
[21.590s][trace][gc,age         ] GC(1018) Age table with threshold 6 (max threshold 6)
[21.590s][trace][gc,age         ] GC(1018) - age   1:     400208 bytes,     400208 total
[21.590s][info ][gc,heap        ] GC(1018) ParNew: 139884K->394K(157376K)
[21.590s][info ][gc,heap        ] GC(1018) CMS: 3754K->3754K(349568K)
[21.590s][info ][gc,metaspace   ] GC(1018) Metaspace: 16025K(16640K)->16025K(16640K) NonClass: 14284K(14592K)->14284K(14592K) Class: 1740K(2048K)->1740K(2048K)
[21.590s][info ][gc             ] GC(1018) Pause Young (Allocation Failure) 140M->4M(495M) 0.337ms
[21.590s][info ][gc,cpu         ] GC(1018) User=0.00s Sys=0.00s Real=0.00s
[21.599s][info ][gc,start       ] GC(1019) Pause Young (Allocation Failure)
[21.599s][info ][gc,task        ] GC(1019) Using 9 workers of 9 for evacuation
[21.600s][debug][gc,age         ] GC(1019) Desired survivor size 8945664 bytes, new threshold 6 (max threshold 6)
[21.600s][trace][gc,age         ] GC(1019) Age table with threshold 6 (max threshold 6)
[21.600s][trace][gc,age         ] GC(1019) - age   1:        192 bytes,        192 total
[21.600s][info ][gc,heap        ] GC(1019) ParNew: 140238K->6K(157376K)
[21.600s][info ][gc,heap        ] GC(1019) CMS: 3754K->3754K(349568K)
[21.600s][info ][gc,metaspace   ] GC(1019) Metaspace: 16025K(16640K)->16025K(16640K) NonClass: 14284K(14592K)->14284K(14592K) Class: 1740K(2048K)->1740K(2048K)
[21.600s][info ][gc             ] GC(1019) Pause Young (Allocation Failure) 140M->3M(495M) 0.439ms
[21.600s][info ][gc,cpu         ] GC(1019) User=0.00s Sys=0.00s Real=0.00s
[21.609s][info ][gc,start       ] GC(1020) Pause Young (Allocation Failure)
[21.609s][info ][gc,task        ] GC(1020) Using 9 workers of 9 for evacuation
[21.609s][debug][gc,age         ] GC(1020) Desired survivor size 8945664 bytes, new threshold 6 (max threshold 6)
[21.609s][trace][gc,age         ] GC(1020) Age table with threshold 6 (max threshold 6)
[21.609s][trace][gc,age         ] GC(1020) - age   1:     400208 bytes,     400208 total
[21.610s][info ][gc,heap        ] GC(1020) ParNew: 139842K->396K(157376K)
[21.610s][info ][gc,heap        ] GC(1020) CMS: 3754K->3754K(349568K)
[21.610s][info ][gc,metaspace   ] GC(1020) Metaspace: 16025K(16640K)->16025K(16640K) NonClass: 14284K(14592K)->14284K(14592K) Class: 1740K(2048K)->1740K(2048K)
[21.610s][info ][gc             ] GC(1020) Pause Young (Allocation Failure) 140M->4M(495M) 0.353ms
[21.610s][info ][gc,cpu         ] GC(1020) User=0.00s Sys=0.00s Real=0.00s
[21.619s][info ][gc,start       ] GC(1021) Pause Young (Allocation Failure)
[21.619s][info ][gc,task        ] GC(1021) Using 9 workers of 9 for evacuation
[21.619s][debug][gc,age         ] GC(1021) Desired survivor size 8945664 bytes, new threshold 6 (max threshold 6)
[21.619s][trace][gc,age         ] GC(1021) Age table with threshold 6 (max threshold 6)
[21.619s][trace][gc,age         ] GC(1021) - age   1:        192 bytes,        192 total
[21.619s][info ][gc,heap        ] GC(1021) ParNew: 140275K->8K(157376K)
[21.619s][info ][gc,heap        ] GC(1021) CMS: 3754K->3754K(349568K)
[21.619s][info ][gc,metaspace   ] GC(1021) Metaspace: 16025K(16640K)->16025K(16640K) NonClass: 14284K(14592K)->14284K(14592K) Class: 1740K(2048K)->1740K(2048K)
[21.619s][info ][gc             ] GC(1021) Pause Young (Allocation Failure) 140M->3M(495M) 0.411ms
[21.619s][info ][gc,cpu         ] GC(1021) User=0.00s Sys=0.00s Real=0.00s
[21.629s][info ][gc,start       ] GC(1022) Pause Young (Allocation Failure)
[21.629s][info ][gc,task        ] GC(1022) Using 9 workers of 9 for evacuation
[21.629s][debug][gc,age         ] GC(1022) Desired survivor size 8945664 bytes, new threshold 6 (max threshold 6)
[21.629s][trace][gc,age         ] GC(1022) Age table with threshold 6 (max threshold 6)
[21.629s][trace][gc,age         ] GC(1022) - age   1:     400208 bytes,     400208 total
[21.629s][info ][gc,heap        ] GC(1022) ParNew: 139852K->394K(157376K)
[21.629s][info ][gc,heap        ] GC(1022) CMS: 3754K->3754K(349568K)
[21.629s][info ][gc,metaspace   ] GC(1022) Metaspace: 16025K(16640K)->16025K(16640K) NonClass: 14284K(14592K)->14284K(14592K) Class: 1740K(2048K)->1740K(2048K)
[21.629s][info ][gc             ] GC(1022) Pause Young (Allocation Failure) 140M->4M(495M) 0.423ms
[21.629s][info ][gc,cpu         ] GC(1022) User=0.00s Sys=0.00s Real=0.00s
[21.639s][info ][gc,start       ] GC(1023) Pause Young (Allocation Failure)
[21.639s][info ][gc,task        ] GC(1023) Using 9 workers of 9 for evacuation
[21.639s][debug][gc,age         ] GC(1023) Desired survivor size 8945664 bytes, new threshold 6 (max threshold 6)
[21.639s][trace][gc,age         ] GC(1023) Age table with threshold 6 (max threshold 6)
[21.639s][trace][gc,age         ] GC(1023) - age   1:        192 bytes,        192 total
[21.639s][info ][gc,heap        ] GC(1023) ParNew: 140252K->8K(157376K)
[21.639s][info ][gc,heap        ] GC(1023) CMS: 3754K->3754K(349568K)
[21.639s][info ][gc,metaspace   ] GC(1023) Metaspace: 16025K(16640K)->16025K(16640K) NonClass: 14284K(14592K)->14284K(14592K) Class: 1740K(2048K)->1740K(2048K)
[21.639s][info ][gc             ] GC(1023) Pause Young (Allocation Failure) 140M->3M(495M) 0.374ms
[21.639s][info ][gc,cpu         ] GC(1023) User=0.00s Sys=0.00s Real=0.00s
[21.649s][info ][gc,start       ] GC(1024) Pause Young (Allocation Failure)
[21.649s][info ][gc,task        ] GC(1024) Using 9 workers of 9 for evacuation
[21.649s][debug][gc,age         ] GC(1024) Desired survivor size 8945664 bytes, new threshold 6 (max threshold 6)
[21.649s][trace][gc,age         ] GC(1024) Age table with threshold 6 (max threshold 6)
[21.649s][trace][gc,age         ] GC(1024) - age   1:     400208 bytes,     400208 total
[21.649s][info ][gc,heap        ] GC(1024) ParNew: 139816K->394K(157376K)
[21.649s][info ][gc,heap        ] GC(1024) CMS: 3754K->3754K(349568K)
[21.649s][info ][gc,metaspace   ] GC(1024) Metaspace: 16025K(16640K)->16025K(16640K) NonClass: 14284K(14592K)->14284K(14592K) Class: 1740K(2048K)->1740K(2048K)
[21.649s][info ][gc             ] GC(1024) Pause Young (Allocation Failure) 140M->4M(495M) 0.426ms
[21.649s][info ][gc,cpu         ] GC(1024) User=0.01s Sys=0.00s Real=0.00s
[21.659s][info ][gc,start       ] GC(1025) Pause Young (Allocation Failure)
[21.659s][info ][gc,task        ] GC(1025) Using 9 workers of 9 for evacuation
[21.659s][debug][gc,age         ] GC(1025) Desired survivor size 8945664 bytes, new threshold 6 (max threshold 6)
[21.659s][trace][gc,age         ] GC(1025) Age table with threshold 6 (max threshold 6)
[21.659s][trace][gc,age         ] GC(1025) - age   1:        192 bytes,        192 total
[21.659s][info ][gc,heap        ] GC(1025) ParNew: 140268K->6K(157376K)
[21.659s][info ][gc,heap        ] GC(1025) CMS: 3754K->3754K(349568K)
[21.659s][info ][gc,metaspace   ] GC(1025) Metaspace: 16025K(16640K)->16025K(16640K) NonClass: 14284K(14592K)->14284K(14592K) Class: 1740K(2048K)->1740K(2048K)
[21.659s][info ][gc             ] GC(1025) Pause Young (Allocation Failure) 140M->3M(495M) 0.406ms
[21.659s][info ][gc,cpu         ] GC(1025) User=0.01s Sys=0.00s Real=0.00s
[21.669s][info ][gc,start       ] GC(1026) Pause Young (Allocation Failure)
[21.669s][info ][gc,task        ] GC(1026) Using 9 workers of 9 for evacuation
[21.669s][debug][gc,age         ] GC(1026) Desired survivor size 8945664 bytes, new threshold 6 (max threshold 6)
[21.669s][trace][gc,age         ] GC(1026) Age table with threshold 6 (max threshold 6)
[21.669s][trace][gc,age         ] GC(1026) - age   1:     400208 bytes,     400208 total
[21.669s][info ][gc,heap        ] GC(1026) ParNew: 139860K->398K(157376K)
[21.669s][info ][gc,heap        ] GC(1026) CMS: 3754K->3754K(349568K)
[21.669s][info ][gc,metaspace   ] GC(1026) Metaspace: 16025K(16640K)->16025K(16640K) NonClass: 14284K(14592K)->14284K(14592K) Class: 1740K(2048K)->1740K(2048K)
[21.669s][info ][gc             ] GC(1026) Pause Young (Allocation Failure) 140M->4M(495M) 0.397ms
[21.669s][info ][gc,cpu         ] GC(1026) User=0.00s Sys=0.00s Real=0.01s
[21.678s][info ][gc,start       ] GC(1027) Pause Young (Allocation Failure)
[21.678s][info ][gc,task        ] GC(1027) Using 9 workers of 9 for evacuation
[21.679s][debug][gc,age         ] GC(1027) Desired survivor size 8945664 bytes, new threshold 6 (max threshold 6)
[21.679s][trace][gc,age         ] GC(1027) Age table with threshold 6 (max threshold 6)
[21.679s][trace][gc,age         ] GC(1027) - age   1:        192 bytes,        192 total
[21.679s][info ][gc,heap        ] GC(1027) ParNew: 140199K->8K(157376K)
[21.679s][info ][gc,heap        ] GC(1027) CMS: 3754K->3754K(349568K)
[21.679s][info ][gc,metaspace   ] GC(1027) Metaspace: 16025K(16640K)->16025K(16640K) NonClass: 14284K(14592K)->14284K(14592K) Class: 1740K(2048K)->1740K(2048K)
[21.679s][info ][gc             ] GC(1027) Pause Young (Allocation Failure) 140M->3M(495M) 0.439ms
[21.679s][info ][gc,cpu         ] GC(1027) User=0.00s Sys=0.00s Real=0.01s
[21.688s][info ][gc,start       ] GC(1028) Pause Young (Allocation Failure)
[21.688s][info ][gc,task        ] GC(1028) Using 9 workers of 9 for evacuation
[21.689s][debug][gc,age         ] GC(1028) Desired survivor size 8945664 bytes, new threshold 6 (max threshold 6)
[21.689s][trace][gc,age         ] GC(1028) Age table with threshold 6 (max threshold 6)
[21.689s][trace][gc,age         ] GC(1028) - age   1:     400208 bytes,     400208 total
[21.689s][info ][gc,heap        ] GC(1028) ParNew: 139846K->396K(157376K)
[21.689s][info ][gc,heap        ] GC(1028) CMS: 3754K->3754K(349568K)
[21.689s][info ][gc,metaspace   ] GC(1028) Metaspace: 16025K(16640K)->16025K(16640K) NonClass: 14284K(14592K)->14284K(14592K) Class: 1740K(2048K)->1740K(2048K)
[21.689s][info ][gc             ] GC(1028) Pause Young (Allocation Failure) 140M->4M(495M) 0.371ms
[21.689s][info ][gc,cpu         ] GC(1028) User=0.00s Sys=0.00s Real=0.01s
[21.698s][info ][gc,start       ] GC(1029) Pause Young (Allocation Failure)
[21.698s][info ][gc,task        ] GC(1029) Using 9 workers of 9 for evacuation
[21.699s][debug][gc,age         ] GC(1029) Desired survivor size 8945664 bytes, new threshold 6 (max threshold 6)
[21.699s][trace][gc,age         ] GC(1029) Age table with threshold 6 (max threshold 6)
[21.699s][trace][gc,age         ] GC(1029) - age   1:        192 bytes,        192 total
[21.699s][info ][gc,heap        ] GC(1029) ParNew: 140258K->6K(157376K)
[21.699s][info ][gc,heap        ] GC(1029) CMS: 3754K->3754K(349568K)
[21.699s][info ][gc,metaspace   ] GC(1029) Metaspace: 16025K(16640K)->16025K(16640K) NonClass: 14284K(14592K)->14284K(14592K) Class: 1740K(2048K)->1740K(2048K)
[21.699s][info ][gc             ] GC(1029) Pause Young (Allocation Failure) 140M->3M(495M) 0.454ms
[21.699s][info ][gc,cpu         ] GC(1029) User=0.00s Sys=0.00s Real=0.01s
[21.708s][info ][gc,start       ] GC(1030) Pause Young (Allocation Failure)
[21.708s][info ][gc,task        ] GC(1030) Using 9 workers of 9 for evacuation
[21.709s][debug][gc,age         ] GC(1030) Desired survivor size 8945664 bytes, new threshold 6 (max threshold 6)
[21.709s][trace][gc,age         ] GC(1030) Age table with threshold 6 (max threshold 6)
[21.709s][trace][gc,age         ] GC(1030) - age   1:     400208 bytes,     400208 total
[21.709s][info ][gc,heap        ] GC(1030) ParNew: 139870K->396K(157376K)
[21.709s][info ][gc,heap        ] GC(1030) CMS: 3754K->3754K(349568K)
[21.709s][info ][gc,metaspace   ] GC(1030) Metaspace: 16025K(16640K)->16025K(16640K) NonClass: 14284K(14592K)->14284K(14592K) Class: 1740K(2048K)->1740K(2048K)
[21.709s][info ][gc             ] GC(1030) Pause Young (Allocation Failure) 140M->4M(495M) 0.388ms
[21.709s][info ][gc,cpu         ] GC(1030) User=0.00s Sys=0.00s Real=0.01s
[21.718s][info ][gc,start       ] GC(1031) Pause Young (Allocation Failure)
[21.718s][info ][gc,task        ] GC(1031) Using 9 workers of 9 for evacuation
[21.719s][debug][gc,age         ] GC(1031) Desired survivor size 8945664 bytes, new threshold 6 (max threshold 6)
[21.719s][trace][gc,age         ] GC(1031) Age table with threshold 6 (max threshold 6)
[21.719s][trace][gc,age         ] GC(1031) - age   1:        192 bytes,        192 total
[21.719s][info ][gc,heap        ] GC(1031) ParNew: 140209K->4K(157376K)
[21.719s][info ][gc,heap        ] GC(1031) CMS: 3754K->3754K(349568K)
[21.719s][info ][gc,metaspace   ] GC(1031) Metaspace: 16025K(16640K)->16025K(16640K) NonClass: 14284K(14592K)->14284K(14592K) Class: 1740K(2048K)->1740K(2048K)
[21.719s][info ][gc             ] GC(1031) Pause Young (Allocation Failure) 140M->3M(495M) 0.428ms
[21.719s][info ][gc,cpu         ] GC(1031) User=0.00s Sys=0.00s Real=0.00s
[21.728s][info ][gc,start       ] GC(1032) Pause Young (Allocation Failure)
[21.728s][info ][gc,task        ] GC(1032) Using 9 workers of 9 for evacuation
[21.729s][debug][gc,age         ] GC(1032) Desired survivor size 8945664 bytes, new threshold 6 (max threshold 6)
[21.729s][trace][gc,age         ] GC(1032) Age table with threshold 6 (max threshold 6)
[21.729s][trace][gc,age         ] GC(1032) - age   1:     400208 bytes,     400208 total
[21.729s][info ][gc,heap        ] GC(1032) ParNew: 139882K->398K(157376K)
[21.729s][info ][gc,heap        ] GC(1032) CMS: 3754K->3754K(349568K)
[21.729s][info ][gc,metaspace   ] GC(1032) Metaspace: 16025K(16640K)->16025K(16640K) NonClass: 14284K(14592K)->14284K(14592K) Class: 1740K(2048K)->1740K(2048K)
[21.729s][info ][gc             ] GC(1032) Pause Young (Allocation Failure) 140M->4M(495M) 0.489ms
[21.729s][info ][gc,cpu         ] GC(1032) User=0.00s Sys=0.00s Real=0.00s
[21.738s][info ][gc,start       ] GC(1033) Pause Young (Allocation Failure)
[21.738s][info ][gc,task        ] GC(1033) Using 9 workers of 9 for evacuation
[21.739s][debug][gc,age         ] GC(1033) Desired survivor size 8945664 bytes, new threshold 6 (max threshold 6)
[21.739s][trace][gc,age         ] GC(1033) Age table with threshold 6 (max threshold 6)
[21.739s][trace][gc,age         ] GC(1033) - age   1:        192 bytes,        192 total
[21.739s][info ][gc,heap        ] GC(1033) ParNew: 140269K->8K(157376K)
[21.739s][info ][gc,heap        ] GC(1033) CMS: 3754K->3754K(349568K)
[21.739s][info ][gc,metaspace   ] GC(1033) Metaspace: 16025K(16640K)->16025K(16640K) NonClass: 14284K(14592K)->14284K(14592K) Class: 1740K(2048K)->1740K(2048K)
[21.739s][info ][gc             ] GC(1033) Pause Young (Allocation Failure) 140M->3M(495M) 0.444ms
[21.739s][info ][gc,cpu         ] GC(1033) User=0.01s Sys=0.00s Real=0.00s
[21.748s][info ][gc,start       ] GC(1034) Pause Young (Allocation Failure)
[21.748s][info ][gc,task        ] GC(1034) Using 9 workers of 9 for evacuation
[21.748s][debug][gc,age         ] GC(1034) Desired survivor size 8945664 bytes, new threshold 6 (max threshold 6)
[21.748s][trace][gc,age         ] GC(1034) Age table with threshold 6 (max threshold 6)
[21.748s][trace][gc,age         ] GC(1034) - age   1:     400208 bytes,     400208 total
[21.748s][info ][gc,heap        ] GC(1034) ParNew: 139846K->396K(157376K)
[21.748s][info ][gc,heap        ] GC(1034) CMS: 3754K->3754K(349568K)
[21.748s][info ][gc,metaspace   ] GC(1034) Metaspace: 16025K(16640K)->16025K(16640K) NonClass: 14284K(14592K)->14284K(14592K) Class: 1740K(2048K)->1740K(2048K)
[21.748s][info ][gc             ] GC(1034) Pause Young (Allocation Failure) 140M->4M(495M) 0.412ms
[21.748s][info ][gc,cpu         ] GC(1034) User=0.01s Sys=0.00s Real=0.00s
[21.758s][info ][gc,start       ] GC(1035) Pause Young (Allocation Failure)
[21.758s][info ][gc,task        ] GC(1035) Using 9 workers of 9 for evacuation
[21.758s][debug][gc,age         ] GC(1035) Desired survivor size 8945664 bytes, new threshold 6 (max threshold 6)
[21.758s][trace][gc,age         ] GC(1035) Age table with threshold 6 (max threshold 6)
[21.758s][trace][gc,age         ] GC(1035) - age   1:        192 bytes,        192 total
[21.758s][info ][gc,heap        ] GC(1035) ParNew: 140272K->6K(157376K)
[21.758s][info ][gc,heap        ] GC(1035) CMS: 3754K->3754K(349568K)
[21.758s][info ][gc,metaspace   ] GC(1035) Metaspace: 16025K(16640K)->16025K(16640K) NonClass: 14284K(14592K)->14284K(14592K) Class: 1740K(2048K)->1740K(2048K)
[21.758s][info ][gc             ] GC(1035) Pause Young (Allocation Failure) 140M->3M(495M) 0.342ms
[21.758s][info ][gc,cpu         ] GC(1035) User=0.00s Sys=0.00s Real=0.00s
[21.768s][info ][gc,start       ] GC(1036) Pause Young (Allocation Failure)
[21.768s][info ][gc,task        ] GC(1036) Using 9 workers of 9 for evacuation
[21.768s][debug][gc,age         ] GC(1036) Desired survivor size 8945664 bytes, new threshold 6 (max threshold 6)
[21.768s][trace][gc,age         ] GC(1036) Age table with threshold 6 (max threshold 6)
[21.768s][trace][gc,age         ] GC(1036) - age   1:     400208 bytes,     400208 total
[21.768s][info ][gc,heap        ] GC(1036) ParNew: 139884K->396K(157376K)
[21.768s][info ][gc,heap        ] GC(1036) CMS: 3754K->3754K(349568K)
[21.768s][info ][gc,metaspace   ] GC(1036) Metaspace: 16025K(16640K)->16025K(16640K) NonClass: 14284K(14592K)->14284K(14592K) Class: 1740K(2048K)->1740K(2048K)
[21.768s][info ][gc             ] GC(1036) Pause Young (Allocation Failure) 140M->4M(495M) 0.420ms
[21.768s][info ][gc,cpu         ] GC(1036) User=0.00s Sys=0.00s Real=0.00s
[21.778s][info ][gc,start       ] GC(1037) Pause Young (Allocation Failure)
[21.778s][info ][gc,task        ] GC(1037) Using 9 workers of 9 for evacuation
[21.778s][debug][gc,age         ] GC(1037) Desired survivor size 8945664 bytes, new threshold 6 (max threshold 6)
[21.778s][trace][gc,age         ] GC(1037) Age table with threshold 6 (max threshold 6)
[21.778s][trace][gc,age         ] GC(1037) - age   1:     400208 bytes,     400208 total
[21.778s][info ][gc,heap        ] GC(1037) ParNew: 140145K->398K(157376K)
[21.778s][info ][gc,heap        ] GC(1037) CMS: 3754K->3754K(349568K)
[21.778s][info ][gc,metaspace   ] GC(1037) Metaspace: 16025K(16640K)->16025K(16640K) NonClass: 14284K(14592K)->14284K(14592K) Class: 1740K(2048K)->1740K(2048K)
[21.778s][info ][gc             ] GC(1037) Pause Young (Allocation Failure) 140M->4M(495M) 0.411ms
[21.778s][info ][gc,cpu         ] GC(1037) User=0.00s Sys=0.00s Real=0.00s
[21.788s][info ][gc,start       ] GC(1038) Pause Young (Allocation Failure)
[21.788s][info ][gc,task        ] GC(1038) Using 9 workers of 9 for evacuation
[21.788s][debug][gc,age         ] GC(1038) Desired survivor size 8945664 bytes, new threshold 6 (max threshold 6)
[21.788s][trace][gc,age         ] GC(1038) Age table with threshold 6 (max threshold 6)
[21.788s][trace][gc,age         ] GC(1038) - age   1:        192 bytes,        192 total
[21.788s][info ][gc,heap        ] GC(1038) ParNew: 140155K->8K(157376K)
[21.788s][info ][gc,heap        ] GC(1038) CMS: 3754K->3754K(349568K)
[21.788s][info ][gc,metaspace   ] GC(1038) Metaspace: 16025K(16640K)->16025K(16640K) NonClass: 14284K(14592K)->14284K(14592K) Class: 1740K(2048K)->1740K(2048K)
[21.788s][info ][gc             ] GC(1038) Pause Young (Allocation Failure) 140M->3M(495M) 0.445ms
[21.788s][info ][gc,cpu         ] GC(1038) User=0.00s Sys=0.00s Real=0.00s
[21.798s][info ][gc,start       ] GC(1039) Pause Young (Allocation Failure)
[21.798s][info ][gc,task        ] GC(1039) Using 9 workers of 9 for evacuation
[21.798s][debug][gc,age         ] GC(1039) Desired survivor size 8945664 bytes, new threshold 6 (max threshold 6)
[21.798s][trace][gc,age         ] GC(1039) Age table with threshold 6 (max threshold 6)
[21.798s][trace][gc,age         ] GC(1039) - age   1:        192 bytes,        192 total
[21.798s][info ][gc,heap        ] GC(1039) ParNew: 139560K->8K(157376K)
[21.798s][info ][gc,heap        ] GC(1039) CMS: 3754K->3754K(349568K)
[21.798s][info ][gc,metaspace   ] GC(1039) Metaspace: 16025K(16640K)->16025K(16640K) NonClass: 14284K(14592K)->14284K(14592K) Class: 1740K(2048K)->1740K(2048K)
[21.798s][info ][gc             ] GC(1039) Pause Young (Allocation Failure) 139M->3M(495M) 0.443ms
[21.798s][info ][gc,cpu         ] GC(1039) User=0.00s Sys=0.00s Real=0.00s
[21.808s][info ][gc,start       ] GC(1040) Pause Young (Allocation Failure)
[21.808s][info ][gc,task        ] GC(1040) Using 9 workers of 9 for evacuation
[21.808s][debug][gc,age         ] GC(1040) Desired survivor size 8945664 bytes, new threshold 6 (max threshold 6)
[21.808s][trace][gc,age         ] GC(1040) Age table with threshold 6 (max threshold 6)
[21.808s][trace][gc,age         ] GC(1040) - age   1:     400208 bytes,     400208 total
[21.808s][info ][gc,heap        ] GC(1040) ParNew: 139854K->396K(157376K)
[21.808s][info ][gc,heap        ] GC(1040) CMS: 3754K->3754K(349568K)
[21.808s][info ][gc,metaspace   ] GC(1040) Metaspace: 16025K(16640K)->16025K(16640K) NonClass: 14284K(14592K)->14284K(14592K) Class: 1740K(2048K)->1740K(2048K)
[21.808s][info ][gc             ] GC(1040) Pause Young (Allocation Failure) 140M->4M(495M) 0.369ms
[21.808s][info ][gc,cpu         ] GC(1040) User=0.00s Sys=0.00s Real=0.00s
[21.818s][info ][gc,start       ] GC(1041) Pause Young (Allocation Failure)
[21.818s][info ][gc,task        ] GC(1041) Using 9 workers of 9 for evacuation
[21.819s][debug][gc,age         ] GC(1041) Desired survivor size 8945664 bytes, new threshold 6 (max threshold 6)
[21.819s][trace][gc,age         ] GC(1041) Age table with threshold 6 (max threshold 6)
[21.819s][trace][gc,age         ] GC(1041) - age   1:     400208 bytes,     400208 total
[21.819s][info ][gc,heap        ] GC(1041) ParNew: 140111K->396K(157376K)
[21.819s][info ][gc,heap        ] GC(1041) CMS: 3754K->3754K(349568K)
[21.819s][info ][gc,metaspace   ] GC(1041) Metaspace: 16025K(16640K)->16025K(16640K) NonClass: 14284K(14592K)->14284K(14592K) Class: 1740K(2048K)->1740K(2048K)
[21.819s][info ][gc             ] GC(1041) Pause Young (Allocation Failure) 140M->4M(495M) 0.892ms
[21.819s][info ][gc,cpu         ] GC(1041) User=0.00s Sys=0.00s Real=0.01s
[21.828s][info ][gc,start       ] GC(1042) Pause Young (Allocation Failure)
[21.828s][info ][gc,task        ] GC(1042) Using 9 workers of 9 for evacuation
[21.829s][debug][gc,age         ] GC(1042) Desired survivor size 8945664 bytes, new threshold 6 (max threshold 6)
[21.829s][trace][gc,age         ] GC(1042) Age table with threshold 6 (max threshold 6)
[21.829s][trace][gc,age         ] GC(1042) - age   1:     400208 bytes,     400208 total
[21.829s][info ][gc,heap        ] GC(1042) ParNew: 139989K->398K(157376K)
[21.829s][info ][gc,heap        ] GC(1042) CMS: 3754K->3754K(349568K)
[21.829s][info ][gc,metaspace   ] GC(1042) Metaspace: 16025K(16640K)->16025K(16640K) NonClass: 14284K(14592K)->14284K(14592K) Class: 1740K(2048K)->1740K(2048K)
[21.829s][info ][gc             ] GC(1042) Pause Young (Allocation Failure) 140M->4M(495M) 0.525ms
[21.829s][info ][gc,cpu         ] GC(1042) User=0.01s Sys=0.00s Real=0.01s
[21.838s][info ][gc,start       ] GC(1043) Pause Young (Allocation Failure)
[21.838s][info ][gc,task        ] GC(1043) Using 9 workers of 9 for evacuation
[21.839s][debug][gc,age         ] GC(1043) Desired survivor size 8945664 bytes, new threshold 6 (max threshold 6)
[21.839s][trace][gc,age         ] GC(1043) Age table with threshold 6 (max threshold 6)
[21.839s][trace][gc,age         ] GC(1043) - age   1:     400208 bytes,     400208 total
[21.839s][info ][gc,heap        ] GC(1043) ParNew: 139967K->396K(157376K)
[21.839s][info ][gc,heap        ] GC(1043) CMS: 3754K->3754K(349568K)
[21.839s][info ][gc,metaspace   ] GC(1043) Metaspace: 16025K(16640K)->16025K(16640K) NonClass: 14284K(14592K)->14284K(14592K) Class: 1740K(2048K)->1740K(2048K)
[21.839s][info ][gc             ] GC(1043) Pause Young (Allocation Failure) 140M->4M(495M) 0.446ms
[21.839s][info ][gc,cpu         ] GC(1043) User=0.01s Sys=0.00s Real=0.00s
[21.848s][info ][gc,start       ] GC(1044) Pause Young (Allocation Failure)
[21.848s][info ][gc,task        ] GC(1044) Using 9 workers of 9 for evacuation
[21.848s][debug][gc,age         ] GC(1044) Desired survivor size 8945664 bytes, new threshold 6 (max threshold 6)
[21.848s][trace][gc,age         ] GC(1044) Age table with threshold 6 (max threshold 6)
[21.848s][trace][gc,age         ] GC(1044) - age   1:        192 bytes,        192 total
[21.848s][info ][gc,heap        ] GC(1044) ParNew: 140300K->4K(157376K)
[21.848s][info ][gc,heap        ] GC(1044) CMS: 3754K->3754K(349568K)
[21.848s][info ][gc,metaspace   ] GC(1044) Metaspace: 16025K(16640K)->16025K(16640K) NonClass: 14284K(14592K)->14284K(14592K) Class: 1740K(2048K)->1740K(2048K)
[21.848s][info ][gc             ] GC(1044) Pause Young (Allocation Failure) 140M->3M(495M) 0.387ms
[21.848s][info ][gc,cpu         ] GC(1044) User=0.00s Sys=0.00s Real=0.00s
[21.858s][info ][gc,start       ] GC(1045) Pause Young (Allocation Failure)
[21.858s][info ][gc,task        ] GC(1045) Using 9 workers of 9 for evacuation
[21.858s][debug][gc,age         ] GC(1045) Desired survivor size 8945664 bytes, new threshold 6 (max threshold 6)
[21.858s][trace][gc,age         ] GC(1045) Age table with threshold 6 (max threshold 6)
[21.858s][trace][gc,age         ] GC(1045) - age   1:        192 bytes,        192 total
[21.858s][info ][gc,heap        ] GC(1045) ParNew: 139908K->8K(157376K)
[21.858s][info ][gc,heap        ] GC(1045) CMS: 3754K->3754K(349568K)
[21.858s][info ][gc,metaspace   ] GC(1045) Metaspace: 16025K(16640K)->16025K(16640K) NonClass: 14284K(14592K)->14284K(14592K) Class: 1740K(2048K)->1740K(2048K)
[21.858s][info ][gc             ] GC(1045) Pause Young (Allocation Failure) 140M->3M(495M) 0.357ms
[21.858s][info ][gc,cpu         ] GC(1045) User=0.00s Sys=0.00s Real=0.00s
[21.868s][info ][gc,start       ] GC(1046) Pause Young (Allocation Failure)
[21.868s][info ][gc,task        ] GC(1046) Using 9 workers of 9 for evacuation
[21.868s][debug][gc,age         ] GC(1046) Desired survivor size 8945664 bytes, new threshold 6 (max threshold 6)
[21.868s][trace][gc,age         ] GC(1046) Age table with threshold 6 (max threshold 6)
[21.868s][trace][gc,age         ] GC(1046) - age   1:     400208 bytes,     400208 total
[21.868s][info ][gc,heap        ] GC(1046) ParNew: 139850K->398K(157376K)
[21.868s][info ][gc,heap        ] GC(1046) CMS: 3754K->3754K(349568K)
[21.868s][info ][gc,metaspace   ] GC(1046) Metaspace: 16025K(16640K)->16025K(16640K) NonClass: 14284K(14592K)->14284K(14592K) Class: 1740K(2048K)->1740K(2048K)
[21.868s][info ][gc             ] GC(1046) Pause Young (Allocation Failure) 140M->4M(495M) 0.386ms
[21.868s][info ][gc,cpu         ] GC(1046) User=0.00s Sys=0.01s Real=0.00s
[21.877s][info ][gc,start       ] GC(1047) Pause Young (Allocation Failure)
[21.877s][info ][gc,task        ] GC(1047) Using 9 workers of 9 for evacuation
[21.878s][debug][gc,age         ] GC(1047) Desired survivor size 8945664 bytes, new threshold 6 (max threshold 6)
[21.878s][trace][gc,age         ] GC(1047) Age table with threshold 6 (max threshold 6)
[21.878s][trace][gc,age         ] GC(1047) - age   1:     400208 bytes,     400208 total
[21.878s][info ][gc,heap        ] GC(1047) ParNew: 139981K->394K(157376K)
[21.878s][info ][gc,heap        ] GC(1047) CMS: 3754K->3754K(349568K)
[21.878s][info ][gc,metaspace   ] GC(1047) Metaspace: 16025K(16640K)->16025K(16640K) NonClass: 14284K(14592K)->14284K(14592K) Class: 1740K(2048K)->1740K(2048K)
[21.878s][info ][gc             ] GC(1047) Pause Young (Allocation Failure) 140M->4M(495M) 0.413ms
[21.878s][info ][gc,cpu         ] GC(1047) User=0.00s Sys=0.00s Real=0.00s
[21.887s][info ][gc,start       ] GC(1048) Pause Young (Allocation Failure)
[21.887s][info ][gc,task        ] GC(1048) Using 9 workers of 9 for evacuation
[21.888s][debug][gc,age         ] GC(1048) Desired survivor size 8945664 bytes, new threshold 6 (max threshold 6)
[21.888s][trace][gc,age         ] GC(1048) Age table with threshold 6 (max threshold 6)
[21.888s][trace][gc,age         ] GC(1048) - age   1:        192 bytes,        192 total
[21.888s][info ][gc,heap        ] GC(1048) ParNew: 140298K->8K(157376K)
[21.888s][info ][gc,heap        ] GC(1048) CMS: 3754K->3754K(349568K)
[21.888s][info ][gc,metaspace   ] GC(1048) Metaspace: 16025K(16640K)->16025K(16640K) NonClass: 14284K(14592K)->14284K(14592K) Class: 1740K(2048K)->1740K(2048K)
[21.888s][info ][gc             ] GC(1048) Pause Young (Allocation Failure) 140M->3M(495M) 0.398ms
[21.888s][info ][gc,cpu         ] GC(1048) User=0.00s Sys=0.00s Real=0.00s
[21.897s][info ][gc,start       ] GC(1049) Pause Young (Allocation Failure)
[21.897s][info ][gc,task        ] GC(1049) Using 9 workers of 9 for evacuation
[21.897s][debug][gc,age         ] GC(1049) Desired survivor size 8945664 bytes, new threshold 6 (max threshold 6)
[21.897s][trace][gc,age         ] GC(1049) Age table with threshold 6 (max threshold 6)
[21.897s][trace][gc,age         ] GC(1049) - age   1:     400208 bytes,     400208 total
[21.897s][info ][gc,heap        ] GC(1049) ParNew: 139756K->398K(157376K)
[21.897s][info ][gc,heap        ] GC(1049) CMS: 3754K->3754K(349568K)
[21.897s][info ][gc,metaspace   ] GC(1049) Metaspace: 16025K(16640K)->16025K(16640K) NonClass: 14284K(14592K)->14284K(14592K) Class: 1740K(2048K)->1740K(2048K)
[21.897s][info ][gc             ] GC(1049) Pause Young (Allocation Failure) 140M->4M(495M) 0.384ms
[21.897s][info ][gc,cpu         ] GC(1049) User=0.00s Sys=0.00s Real=0.00s
[21.907s][info ][gc,start       ] GC(1050) Pause Young (Allocation Failure)
[21.907s][info ][gc,task        ] GC(1050) Using 9 workers of 9 for evacuation
[21.907s][debug][gc,age         ] GC(1050) Desired survivor size 8945664 bytes, new threshold 6 (max threshold 6)
[21.907s][trace][gc,age         ] GC(1050) Age table with threshold 6 (max threshold 6)
[21.907s][trace][gc,age         ] GC(1050) - age   1:        192 bytes,        192 total
[21.907s][info ][gc,heap        ] GC(1050) ParNew: 140295K->6K(157376K)
[21.907s][info ][gc,heap        ] GC(1050) CMS: 3754K->3754K(349568K)
[21.907s][info ][gc,metaspace   ] GC(1050) Metaspace: 16025K(16640K)->16025K(16640K) NonClass: 14284K(14592K)->14284K(14592K) Class: 1740K(2048K)->1740K(2048K)
[21.907s][info ][gc             ] GC(1050) Pause Young (Allocation Failure) 140M->3M(495M) 0.399ms
[21.907s][info ][gc,cpu         ] GC(1050) User=0.00s Sys=0.00s Real=0.00s
[21.917s][info ][gc,start       ] GC(1051) Pause Young (Allocation Failure)
[21.917s][info ][gc,task        ] GC(1051) Using 9 workers of 9 for evacuation
[21.917s][debug][gc,age         ] GC(1051) Desired survivor size 8945664 bytes, new threshold 6 (max threshold 6)
[21.917s][trace][gc,age         ] GC(1051) Age table with threshold 6 (max threshold 6)
[21.917s][trace][gc,age         ] GC(1051) - age   1:     400208 bytes,     400208 total
[21.917s][info ][gc,heap        ] GC(1051) ParNew: 139907K->396K(157376K)
[21.917s][info ][gc,heap        ] GC(1051) CMS: 3754K->3754K(349568K)
[21.917s][info ][gc,metaspace   ] GC(1051) Metaspace: 16025K(16640K)->16025K(16640K) NonClass: 14284K(14592K)->14284K(14592K) Class: 1740K(2048K)->1740K(2048K)
[21.917s][info ][gc             ] GC(1051) Pause Young (Allocation Failure) 140M->4M(495M) 0.394ms
[21.917s][info ][gc,cpu         ] GC(1051) User=0.00s Sys=0.00s Real=0.00s
[21.927s][info ][gc,start       ] GC(1052) Pause Young (Allocation Failure)
[21.927s][info ][gc,task        ] GC(1052) Using 9 workers of 9 for evacuation
[21.927s][debug][gc,age         ] GC(1052) Desired survivor size 8945664 bytes, new threshold 6 (max threshold 6)
[21.927s][trace][gc,age         ] GC(1052) Age table with threshold 6 (max threshold 6)
[21.927s][trace][gc,age         ] GC(1052) - age   1:        192 bytes,        192 total
[21.927s][info ][gc,heap        ] GC(1052) ParNew: 140228K->8K(157376K)
[21.927s][info ][gc,heap        ] GC(1052) CMS: 3754K->3754K(349568K)
[21.927s][info ][gc,metaspace   ] GC(1052) Metaspace: 16025K(16640K)->16025K(16640K) NonClass: 14284K(14592K)->14284K(14592K) Class: 1740K(2048K)->1740K(2048K)
[21.927s][info ][gc             ] GC(1052) Pause Young (Allocation Failure) 140M->3M(495M) 0.495ms
[21.927s][info ][gc,cpu         ] GC(1052) User=0.00s Sys=0.00s Real=0.00s
[21.937s][info ][gc,start       ] GC(1053) Pause Young (Allocation Failure)
[21.937s][info ][gc,task        ] GC(1053) Using 9 workers of 9 for evacuation
[21.937s][debug][gc,age         ] GC(1053) Desired survivor size 8945664 bytes, new threshold 6 (max threshold 6)
[21.937s][trace][gc,age         ] GC(1053) Age table with threshold 6 (max threshold 6)
[21.937s][trace][gc,age         ] GC(1053) - age   1:        192 bytes,        192 total
[21.937s][info ][gc,heap        ] GC(1053) ParNew: 139522K->6K(157376K)
[21.937s][info ][gc,heap        ] GC(1053) CMS: 3754K->3754K(349568K)
[21.937s][info ][gc,metaspace   ] GC(1053) Metaspace: 16025K(16640K)->16025K(16640K) NonClass: 14284K(14592K)->14284K(14592K) Class: 1740K(2048K)->1740K(2048K)
[21.937s][info ][gc             ] GC(1053) Pause Young (Allocation Failure) 139M->3M(495M) 0.413ms
[21.937s][info ][gc,cpu         ] GC(1053) User=0.01s Sys=0.00s Real=0.00s
[21.947s][info ][gc,start       ] GC(1054) Pause Young (Allocation Failure)
[21.947s][info ][gc,task        ] GC(1054) Using 9 workers of 9 for evacuation
[21.947s][debug][gc,age         ] GC(1054) Desired survivor size 8945664 bytes, new threshold 6 (max threshold 6)
[21.947s][trace][gc,age         ] GC(1054) Age table with threshold 6 (max threshold 6)
[21.947s][trace][gc,age         ] GC(1054) - age   1:     400208 bytes,     400208 total
[21.947s][info ][gc,heap        ] GC(1054) ParNew: 139845K->396K(157376K)
[21.947s][info ][gc,heap        ] GC(1054) CMS: 3754K->3754K(349568K)
[21.947s][info ][gc,metaspace   ] GC(1054) Metaspace: 16025K(16640K)->16025K(16640K) NonClass: 14284K(14592K)->14284K(14592K) Class: 1740K(2048K)->1740K(2048K)
[21.947s][info ][gc             ] GC(1054) Pause Young (Allocation Failure) 140M->4M(495M) 0.426ms
[21.947s][info ][gc,cpu         ] GC(1054) User=0.01s Sys=0.00s Real=0.00s
[21.956s][info ][gc,start       ] GC(1055) Pause Young (Allocation Failure)
[21.956s][info ][gc,task        ] GC(1055) Using 9 workers of 9 for evacuation
[21.957s][debug][gc,age         ] GC(1055) Desired survivor size 8945664 bytes, new threshold 6 (max threshold 6)
[21.957s][trace][gc,age         ] GC(1055) Age table with threshold 6 (max threshold 6)
[21.957s][trace][gc,age         ] GC(1055) - age   1:        192 bytes,        192 total
[21.957s][info ][gc,heap        ] GC(1055) ParNew: 140199K->6K(157376K)
[21.957s][info ][gc,heap        ] GC(1055) CMS: 3754K->3754K(349568K)
[21.957s][info ][gc,metaspace   ] GC(1055) Metaspace: 16025K(16640K)->16025K(16640K) NonClass: 14284K(14592K)->14284K(14592K) Class: 1740K(2048K)->1740K(2048K)
[21.957s][info ][gc             ] GC(1055) Pause Young (Allocation Failure) 140M->3M(495M) 0.442ms
[21.957s][info ][gc,cpu         ] GC(1055) User=0.00s Sys=0.00s Real=0.00s
[21.966s][info ][gc,start       ] GC(1056) Pause Young (Allocation Failure)
[21.966s][info ][gc,task        ] GC(1056) Using 9 workers of 9 for evacuation
[21.967s][debug][gc,age         ] GC(1056) Desired survivor size 8945664 bytes, new threshold 6 (max threshold 6)
[21.967s][trace][gc,age         ] GC(1056) Age table with threshold 6 (max threshold 6)
[21.967s][trace][gc,age         ] GC(1056) - age   1:     400208 bytes,     400208 total
[21.967s][info ][gc,heap        ] GC(1056) ParNew: 139831K->394K(157376K)
[21.967s][info ][gc,heap        ] GC(1056) CMS: 3754K->3754K(349568K)
[21.967s][info ][gc,metaspace   ] GC(1056) Metaspace: 16025K(16640K)->16025K(16640K) NonClass: 14284K(14592K)->14284K(14592K) Class: 1740K(2048K)->1740K(2048K)
[21.967s][info ][gc             ] GC(1056) Pause Young (Allocation Failure) 140M->4M(495M) 0.373ms
[21.967s][info ][gc,cpu         ] GC(1056) User=0.00s Sys=0.00s Real=0.00s
[21.976s][info ][gc,start       ] GC(1057) Pause Young (Allocation Failure)
[21.976s][info ][gc,task        ] GC(1057) Using 9 workers of 9 for evacuation
[21.977s][debug][gc,age         ] GC(1057) Desired survivor size 8945664 bytes, new threshold 6 (max threshold 6)
[21.977s][trace][gc,age         ] GC(1057) Age table with threshold 6 (max threshold 6)
[21.977s][trace][gc,age         ] GC(1057) - age   1:     400208 bytes,     400208 total
[21.977s][info ][gc,heap        ] GC(1057) ParNew: 139910K->398K(157376K)
[21.977s][info ][gc,heap        ] GC(1057) CMS: 3754K->3754K(349568K)
[21.977s][info ][gc,metaspace   ] GC(1057) Metaspace: 16025K(16640K)->16025K(16640K) NonClass: 14284K(14592K)->14284K(14592K) Class: 1740K(2048K)->1740K(2048K)
[21.977s][info ][gc             ] GC(1057) Pause Young (Allocation Failure) 140M->4M(495M) 0.422ms
[21.977s][info ][gc,cpu         ] GC(1057) User=0.00s Sys=0.00s Real=0.00s
[21.986s][info ][gc,start       ] GC(1058) Pause Young (Allocation Failure)
[21.986s][info ][gc,task        ] GC(1058) Using 9 workers of 9 for evacuation
[21.987s][debug][gc,age         ] GC(1058) Desired survivor size 8945664 bytes, new threshold 6 (max threshold 6)
[21.987s][trace][gc,age         ] GC(1058) Age table with threshold 6 (max threshold 6)
[21.987s][trace][gc,age         ] GC(1058) - age   1:        192 bytes,        192 total
[21.987s][info ][gc,heap        ] GC(1058) ParNew: 140298K->8K(157376K)
[21.987s][info ][gc,heap        ] GC(1058) CMS: 3754K->3754K(349568K)
[21.987s][info ][gc,metaspace   ] GC(1058) Metaspace: 16025K(16640K)->16025K(16640K) NonClass: 14284K(14592K)->14284K(14592K) Class: 1740K(2048K)->1740K(2048K)
[21.987s][info ][gc             ] GC(1058) Pause Young (Allocation Failure) 140M->3M(495M) 0.466ms
[21.987s][info ][gc,cpu         ] GC(1058) User=0.00s Sys=0.00s Real=0.00s
[21.996s][info ][gc,start       ] GC(1059) Pause Young (Allocation Failure)
[21.996s][info ][gc,task        ] GC(1059) Using 9 workers of 9 for evacuation
[21.996s][debug][gc,age         ] GC(1059) Desired survivor size 8945664 bytes, new threshold 6 (max threshold 6)
[21.996s][trace][gc,age         ] GC(1059) Age table with threshold 6 (max threshold 6)
[21.996s][trace][gc,age         ] GC(1059) - age   1:        192 bytes,        192 total
[21.996s][info ][gc,heap        ] GC(1059) ParNew: 139612K->8K(157376K)
[21.997s][info ][gc,heap        ] GC(1059) CMS: 3754K->3754K(349568K)
[21.997s][info ][gc,metaspace   ] GC(1059) Metaspace: 16025K(16640K)->16025K(16640K) NonClass: 14284K(14592K)->14284K(14592K) Class: 1740K(2048K)->1740K(2048K)
[21.997s][info ][gc             ] GC(1059) Pause Young (Allocation Failure) 140M->3M(495M) 0.400ms
[21.997s][info ][gc,cpu         ] GC(1059) User=0.00s Sys=0.00s Real=0.00s
[22.006s][info ][gc,start       ] GC(1060) Pause Young (Allocation Failure)
[22.006s][info ][gc,task        ] GC(1060) Using 9 workers of 9 for evacuation
[22.006s][debug][gc,age         ] GC(1060) Desired survivor size 8945664 bytes, new threshold 6 (max threshold 6)
[22.006s][trace][gc,age         ] GC(1060) Age table with threshold 6 (max threshold 6)
[22.006s][trace][gc,age         ] GC(1060) - age   1:     400208 bytes,     400208 total
[22.006s][info ][gc,heap        ] GC(1060) ParNew: 139848K->396K(157376K)
[22.006s][info ][gc,heap        ] GC(1060) CMS: 3754K->3754K(349568K)
[22.006s][info ][gc,metaspace   ] GC(1060) Metaspace: 16025K(16640K)->16025K(16640K) NonClass: 14284K(14592K)->14284K(14592K) Class: 1740K(2048K)->1740K(2048K)
[22.006s][info ][gc             ] GC(1060) Pause Young (Allocation Failure) 140M->4M(495M) 0.404ms
[22.006s][info ][gc,cpu         ] GC(1060) User=0.00s Sys=0.00s Real=0.00s
[22.016s][info ][gc,start       ] GC(1061) Pause Young (Allocation Failure)
[22.016s][info ][gc,task        ] GC(1061) Using 9 workers of 9 for evacuation
[22.016s][debug][gc,age         ] GC(1061) Desired survivor size 8945664 bytes, new threshold 6 (max threshold 6)
[22.016s][trace][gc,age         ] GC(1061) Age table with threshold 6 (max threshold 6)
[22.016s][trace][gc,age         ] GC(1061) - age   1:        192 bytes,        192 total
[22.016s][info ][gc,heap        ] GC(1061) ParNew: 140266K->4K(157376K)
[22.016s][info ][gc,heap        ] GC(1061) CMS: 3754K->3754K(349568K)
[22.016s][info ][gc,metaspace   ] GC(1061) Metaspace: 16025K(16640K)->16025K(16640K) NonClass: 14284K(14592K)->14284K(14592K) Class: 1740K(2048K)->1740K(2048K)
[22.016s][info ][gc             ] GC(1061) Pause Young (Allocation Failure) 140M->3M(495M) 0.407ms
[22.016s][info ][gc,cpu         ] GC(1061) User=0.01s Sys=0.00s Real=0.00s
[22.026s][info ][gc,start       ] GC(1062) Pause Young (Allocation Failure)
[22.026s][info ][gc,task        ] GC(1062) Using 9 workers of 9 for evacuation
[22.026s][debug][gc,age         ] GC(1062) Desired survivor size 8945664 bytes, new threshold 6 (max threshold 6)
[22.026s][trace][gc,age         ] GC(1062) Age table with threshold 6 (max threshold 6)
[22.026s][trace][gc,age         ] GC(1062) - age   1:     400208 bytes,     400208 total
[22.026s][info ][gc,heap        ] GC(1062) ParNew: 139820K->396K(157376K)
[22.026s][info ][gc,heap        ] GC(1062) CMS: 3754K->3754K(349568K)
[22.026s][info ][gc,metaspace   ] GC(1062) Metaspace: 16025K(16640K)->16025K(16640K) NonClass: 14284K(14592K)->14284K(14592K) Class: 1740K(2048K)->1740K(2048K)
[22.026s][info ][gc             ] GC(1062) Pause Young (Allocation Failure) 140M->4M(495M) 0.309ms
[22.026s][info ][gc,cpu         ] GC(1062) User=0.01s Sys=0.00s Real=0.00s
[22.036s][info ][gc,start       ] GC(1063) Pause Young (Allocation Failure)
[22.036s][info ][gc,task        ] GC(1063) Using 9 workers of 9 for evacuation
[22.036s][debug][gc,age         ] GC(1063) Desired survivor size 8945664 bytes, new threshold 6 (max threshold 6)
[22.036s][trace][gc,age         ] GC(1063) Age table with threshold 6 (max threshold 6)
[22.036s][trace][gc,age         ] GC(1063) - age   1:     400208 bytes,     400208 total
[22.036s][info ][gc,heap        ] GC(1063) ParNew: 140074K->398K(157376K)
[22.036s][info ][gc,heap        ] GC(1063) CMS: 3754K->3754K(349568K)
[22.036s][info ][gc,metaspace   ] GC(1063) Metaspace: 16025K(16640K)->16025K(16640K) NonClass: 14284K(14592K)->14284K(14592K) Class: 1740K(2048K)->1740K(2048K)
[22.036s][info ][gc             ] GC(1063) Pause Young (Allocation Failure) 140M->4M(495M) 0.414ms
[22.036s][info ][gc,cpu         ] GC(1063) User=0.01s Sys=0.00s Real=0.00s
[22.046s][info ][gc,start       ] GC(1064) Pause Young (Allocation Failure)
[22.046s][info ][gc,task        ] GC(1064) Using 9 workers of 9 for evacuation
[22.046s][debug][gc,age         ] GC(1064) Desired survivor size 8945664 bytes, new threshold 6 (max threshold 6)
[22.046s][trace][gc,age         ] GC(1064) Age table with threshold 6 (max threshold 6)
[22.046s][trace][gc,age         ] GC(1064) - age   1:        192 bytes,        192 total
[22.046s][info ][gc,heap        ] GC(1064) ParNew: 140227K->4K(157376K)
[22.046s][info ][gc,heap        ] GC(1064) CMS: 3754K->3754K(349568K)
[22.046s][info ][gc,metaspace   ] GC(1064) Metaspace: 16025K(16640K)->16025K(16640K) NonClass: 14284K(14592K)->14284K(14592K) Class: 1740K(2048K)->1740K(2048K)
[22.046s][info ][gc             ] GC(1064) Pause Young (Allocation Failure) 140M->3M(495M) 0.454ms
[22.046s][info ][gc,cpu         ] GC(1064) User=0.00s Sys=0.00s Real=0.00s
[22.056s][info ][gc,start       ] GC(1065) Pause Young (Allocation Failure)
[22.056s][info ][gc,task        ] GC(1065) Using 9 workers of 9 for evacuation
[22.056s][debug][gc,age         ] GC(1065) Desired survivor size 8945664 bytes, new threshold 6 (max threshold 6)
[22.056s][trace][gc,age         ] GC(1065) Age table with threshold 6 (max threshold 6)
[22.056s][trace][gc,age         ] GC(1065) - age   1:     400208 bytes,     400208 total
[22.056s][info ][gc,heap        ] GC(1065) ParNew: 139875K->398K(157376K)
[22.056s][info ][gc,heap        ] GC(1065) CMS: 3754K->3754K(349568K)
[22.056s][info ][gc,metaspace   ] GC(1065) Metaspace: 16025K(16640K)->16025K(16640K) NonClass: 14284K(14592K)->14284K(14592K) Class: 1740K(2048K)->1740K(2048K)
[22.056s][info ][gc             ] GC(1065) Pause Young (Allocation Failure) 140M->4M(495M) 0.359ms
[22.056s][info ][gc,cpu         ] GC(1065) User=0.00s Sys=0.00s Real=0.00s
[22.066s][info ][gc,start       ] GC(1066) Pause Young (Allocation Failure)
[22.066s][info ][gc,task        ] GC(1066) Using 9 workers of 9 for evacuation
[22.066s][debug][gc,age         ] GC(1066) Desired survivor size 8945664 bytes, new threshold 6 (max threshold 6)
[22.066s][trace][gc,age         ] GC(1066) Age table with threshold 6 (max threshold 6)
[22.066s][trace][gc,age         ] GC(1066) - age   1:        192 bytes,        192 total
[22.066s][info ][gc,heap        ] GC(1066) ParNew: 140231K->8K(157376K)
[22.066s][info ][gc,heap        ] GC(1066) CMS: 3754K->3754K(349568K)
[22.066s][info ][gc,metaspace   ] GC(1066) Metaspace: 16025K(16640K)->16025K(16640K) NonClass: 14284K(14592K)->14284K(14592K) Class: 1740K(2048K)->1740K(2048K)
[22.066s][info ][gc             ] GC(1066) Pause Young (Allocation Failure) 140M->3M(495M) 0.441ms
[22.066s][info ][gc,cpu         ] GC(1066) User=0.00s Sys=0.00s Real=0.00s
[22.075s][info ][gc,start       ] GC(1067) Pause Young (Allocation Failure)
[22.075s][info ][gc,task        ] GC(1067) Using 9 workers of 9 for evacuation
[22.076s][debug][gc,age         ] GC(1067) Desired survivor size 8945664 bytes, new threshold 6 (max threshold 6)
[22.076s][trace][gc,age         ] GC(1067) Age table with threshold 6 (max threshold 6)
[22.076s][trace][gc,age         ] GC(1067) - age   1:     400208 bytes,     400208 total
[22.076s][info ][gc,heap        ] GC(1067) ParNew: 139856K->398K(157376K)
[22.076s][info ][gc,heap        ] GC(1067) CMS: 3754K->3754K(349568K)
[22.076s][info ][gc,metaspace   ] GC(1067) Metaspace: 16025K(16640K)->16025K(16640K) NonClass: 14284K(14592K)->14284K(14592K) Class: 1740K(2048K)->1740K(2048K)
[22.076s][info ][gc             ] GC(1067) Pause Young (Allocation Failure) 140M->4M(495M) 0.477ms
[22.076s][info ][gc,cpu         ] GC(1067) User=0.00s Sys=0.00s Real=0.00s
[22.085s][info ][gc,start       ] GC(1068) Pause Young (Allocation Failure)
[22.085s][info ][gc,task        ] GC(1068) Using 9 workers of 9 for evacuation
[22.086s][debug][gc,age         ] GC(1068) Desired survivor size 8945664 bytes, new threshold 6 (max threshold 6)
[22.086s][trace][gc,age         ] GC(1068) Age table with threshold 6 (max threshold 6)
[22.086s][trace][gc,age         ] GC(1068) - age   1:        192 bytes,        192 total
[22.086s][info ][gc,heap        ] GC(1068) ParNew: 140231K->8K(157376K)
[22.086s][info ][gc,heap        ] GC(1068) CMS: 3754K->3754K(349568K)
[22.086s][info ][gc,metaspace   ] GC(1068) Metaspace: 16025K(16640K)->16025K(16640K) NonClass: 14284K(14592K)->14284K(14592K) Class: 1740K(2048K)->1740K(2048K)
[22.086s][info ][gc             ] GC(1068) Pause Young (Allocation Failure) 140M->3M(495M) 0.413ms
[22.086s][info ][gc,cpu         ] GC(1068) User=0.00s Sys=0.00s Real=0.00s
[22.095s][info ][gc,start       ] GC(1069) Pause Young (Allocation Failure)
[22.095s][info ][gc,task        ] GC(1069) Using 9 workers of 9 for evacuation
[22.096s][debug][gc,age         ] GC(1069) Desired survivor size 8945664 bytes, new threshold 6 (max threshold 6)
[22.096s][trace][gc,age         ] GC(1069) Age table with threshold 6 (max threshold 6)
[22.096s][trace][gc,age         ] GC(1069) - age   1:     400208 bytes,     400208 total
[22.096s][info ][gc,heap        ] GC(1069) ParNew: 139858K->396K(157376K)
[22.096s][info ][gc,heap        ] GC(1069) CMS: 3754K->3754K(349568K)
[22.096s][info ][gc,metaspace   ] GC(1069) Metaspace: 16025K(16640K)->16025K(16640K) NonClass: 14284K(14592K)->14284K(14592K) Class: 1740K(2048K)->1740K(2048K)
[22.096s][info ][gc             ] GC(1069) Pause Young (Allocation Failure) 140M->4M(495M) 0.456ms
[22.096s][info ][gc,cpu         ] GC(1069) User=0.00s Sys=0.00s Real=0.00s
[22.105s][info ][gc,start       ] GC(1070) Pause Young (Allocation Failure)
[22.105s][info ][gc,task        ] GC(1070) Using 9 workers of 9 for evacuation
[22.106s][debug][gc,age         ] GC(1070) Desired survivor size 8945664 bytes, new threshold 6 (max threshold 6)
[22.106s][trace][gc,age         ] GC(1070) Age table with threshold 6 (max threshold 6)
[22.106s][trace][gc,age         ] GC(1070) - age   1:        192 bytes,        192 total
[22.106s][info ][gc,heap        ] GC(1070) ParNew: 140273K->6K(157376K)
[22.106s][info ][gc,heap        ] GC(1070) CMS: 3754K->3754K(349568K)
[22.106s][info ][gc,metaspace   ] GC(1070) Metaspace: 16025K(16640K)->16025K(16640K) NonClass: 14284K(14592K)->14284K(14592K) Class: 1740K(2048K)->1740K(2048K)
[22.106s][info ][gc             ] GC(1070) Pause Young (Allocation Failure) 140M->3M(495M) 0.357ms
[22.106s][info ][gc,cpu         ] GC(1070) User=0.00s Sys=0.00s Real=0.00s
[22.115s][info ][gc,start       ] GC(1071) Pause Young (Allocation Failure)
[22.115s][info ][gc,task        ] GC(1071) Using 9 workers of 9 for evacuation
[22.116s][debug][gc,age         ] GC(1071) Desired survivor size 8945664 bytes, new threshold 6 (max threshold 6)
[22.116s][trace][gc,age         ] GC(1071) Age table with threshold 6 (max threshold 6)
[22.116s][trace][gc,age         ] GC(1071) - age   1:        192 bytes,        192 total
[22.116s][info ][gc,heap        ] GC(1071) ParNew: 139534K->6K(157376K)
[22.116s][info ][gc,heap        ] GC(1071) CMS: 3754K->3754K(349568K)
[22.116s][info ][gc,metaspace   ] GC(1071) Metaspace: 16025K(16640K)->16025K(16640K) NonClass: 14284K(14592K)->14284K(14592K) Class: 1740K(2048K)->1740K(2048K)
[22.116s][info ][gc             ] GC(1071) Pause Young (Allocation Failure) 139M->3M(495M) 0.407ms
[22.116s][info ][gc,cpu         ] GC(1071) User=0.01s Sys=0.00s Real=0.00s
[22.125s][info ][gc,start       ] GC(1072) Pause Young (Allocation Failure)
[22.125s][info ][gc,task        ] GC(1072) Using 9 workers of 9 for evacuation
[22.125s][debug][gc,age         ] GC(1072) Desired survivor size 8945664 bytes, new threshold 6 (max threshold 6)
[22.125s][trace][gc,age         ] GC(1072) Age table with threshold 6 (max threshold 6)
[22.125s][trace][gc,age         ] GC(1072) - age   1:     400208 bytes,     400208 total
[22.125s][info ][gc,heap        ] GC(1072) ParNew: 139896K->396K(157376K)
[22.125s][info ][gc,heap        ] GC(1072) CMS: 3754K->3754K(349568K)
[22.125s][info ][gc,metaspace   ] GC(1072) Metaspace: 16025K(16640K)->16025K(16640K) NonClass: 14284K(14592K)->14284K(14592K) Class: 1740K(2048K)->1740K(2048K)
[22.125s][info ][gc             ] GC(1072) Pause Young (Allocation Failure) 140M->4M(495M) 0.338ms
[22.125s][info ][gc,cpu         ] GC(1072) User=0.01s Sys=0.00s Real=0.00s
[22.135s][info ][gc,start       ] GC(1073) Pause Young (Allocation Failure)
[22.135s][info ][gc,task        ] GC(1073) Using 9 workers of 9 for evacuation
[22.135s][debug][gc,age         ] GC(1073) Desired survivor size 8945664 bytes, new threshold 6 (max threshold 6)
[22.135s][trace][gc,age         ] GC(1073) Age table with threshold 6 (max threshold 6)
[22.135s][trace][gc,age         ] GC(1073) - age   1:        192 bytes,        192 total
[22.135s][info ][gc,heap        ] GC(1073) ParNew: 140289K->8K(157376K)
[22.135s][info ][gc,heap        ] GC(1073) CMS: 3754K->3754K(349568K)
[22.135s][info ][gc,metaspace   ] GC(1073) Metaspace: 16025K(16640K)->16025K(16640K) NonClass: 14284K(14592K)->14284K(14592K) Class: 1740K(2048K)->1740K(2048K)
[22.135s][info ][gc             ] GC(1073) Pause Young (Allocation Failure) 140M->3M(495M) 0.375ms
[22.135s][info ][gc,cpu         ] GC(1073) User=0.01s Sys=0.00s Real=0.00s
[22.145s][info ][gc,start       ] GC(1074) Pause Young (Allocation Failure)
[22.145s][info ][gc,task        ] GC(1074) Using 9 workers of 9 for evacuation
[22.145s][debug][gc,age         ] GC(1074) Desired survivor size 8945664 bytes, new threshold 6 (max threshold 6)
[22.145s][trace][gc,age         ] GC(1074) Age table with threshold 6 (max threshold 6)
[22.145s][trace][gc,age         ] GC(1074) - age   1:     400208 bytes,     400208 total
[22.145s][info ][gc,heap        ] GC(1074) ParNew: 139862K->394K(157376K)
[22.145s][info ][gc,heap        ] GC(1074) CMS: 3754K->3754K(349568K)
[22.145s][info ][gc,metaspace   ] GC(1074) Metaspace: 16025K(16640K)->16025K(16640K) NonClass: 14284K(14592K)->14284K(14592K) Class: 1740K(2048K)->1740K(2048K)
[22.145s][info ][gc             ] GC(1074) Pause Young (Allocation Failure) 140M->4M(495M) 0.438ms
[22.145s][info ][gc,cpu         ] GC(1074) User=0.00s Sys=0.00s Real=0.00s
[22.155s][info ][gc,start       ] GC(1075) Pause Young (Allocation Failure)
[22.155s][info ][gc,task        ] GC(1075) Using 9 workers of 9 for evacuation
[22.155s][debug][gc,age         ] GC(1075) Desired survivor size 8945664 bytes, new threshold 6 (max threshold 6)
[22.155s][trace][gc,age         ] GC(1075) Age table with threshold 6 (max threshold 6)
[22.155s][trace][gc,age         ] GC(1075) - age   1:        192 bytes,        192 total
[22.155s][info ][gc,heap        ] GC(1075) ParNew: 140194K->6K(157376K)
[22.155s][info ][gc,heap        ] GC(1075) CMS: 3754K->3754K(349568K)
[22.155s][info ][gc,metaspace   ] GC(1075) Metaspace: 16025K(16640K)->16025K(16640K) NonClass: 14284K(14592K)->14284K(14592K) Class: 1740K(2048K)->1740K(2048K)
[22.155s][info ][gc             ] GC(1075) Pause Young (Allocation Failure) 140M->3M(495M) 0.484ms
[22.155s][info ][gc,cpu         ] GC(1075) User=0.00s Sys=0.00s Real=0.00s
[22.165s][info ][gc,start       ] GC(1076) Pause Young (Allocation Failure)
[22.165s][info ][gc,task        ] GC(1076) Using 9 workers of 9 for evacuation
[22.165s][debug][gc,age         ] GC(1076) Desired survivor size 8945664 bytes, new threshold 6 (max threshold 6)
[22.165s][trace][gc,age         ] GC(1076) Age table with threshold 6 (max threshold 6)
[22.165s][trace][gc,age         ] GC(1076) - age   1:     400208 bytes,     400208 total
[22.165s][info ][gc,heap        ] GC(1076) ParNew: 139631K->396K(157376K)
[22.165s][info ][gc,heap        ] GC(1076) CMS: 3754K->3754K(349568K)
[22.165s][info ][gc,metaspace   ] GC(1076) Metaspace: 16025K(16640K)->16025K(16640K) NonClass: 14284K(14592K)->14284K(14592K) Class: 1740K(2048K)->1740K(2048K)
[22.165s][info ][gc             ] GC(1076) Pause Young (Allocation Failure) 140M->4M(495M) 0.402ms
[22.165s][info ][gc,cpu         ] GC(1076) User=0.00s Sys=0.00s Real=0.00s
[22.175s][info ][gc,start       ] GC(1077) Pause Young (Allocation Failure)
[22.175s][info ][gc,task        ] GC(1077) Using 9 workers of 9 for evacuation
[22.175s][debug][gc,age         ] GC(1077) Desired survivor size 8945664 bytes, new threshold 6 (max threshold 6)
[22.175s][trace][gc,age         ] GC(1077) Age table with threshold 6 (max threshold 6)
[22.175s][trace][gc,age         ] GC(1077) - age   1:     400208 bytes,     400208 total
[22.175s][info ][gc,heap        ] GC(1077) ParNew: 140020K->398K(157376K)
[22.175s][info ][gc,heap        ] GC(1077) CMS: 3754K->3754K(349568K)
[22.175s][info ][gc,metaspace   ] GC(1077) Metaspace: 16025K(16640K)->16025K(16640K) NonClass: 14284K(14592K)->14284K(14592K) Class: 1740K(2048K)->1740K(2048K)
[22.175s][info ][gc             ] GC(1077) Pause Young (Allocation Failure) 140M->4M(495M) 0.375ms
[22.175s][info ][gc,cpu         ] GC(1077) User=0.00s Sys=0.00s Real=0.00s
[22.185s][info ][gc,start       ] GC(1078) Pause Young (Allocation Failure)
[22.185s][info ][gc,task        ] GC(1078) Using 9 workers of 9 for evacuation
[22.185s][debug][gc,age         ] GC(1078) Desired survivor size 8945664 bytes, new threshold 6 (max threshold 6)
[22.185s][trace][gc,age         ] GC(1078) Age table with threshold 6 (max threshold 6)
[22.185s][trace][gc,age         ] GC(1078) - age   1:     400208 bytes,     400208 total
[22.185s][info ][gc,heap        ] GC(1078) ParNew: 140136K->398K(157376K)
[22.185s][info ][gc,heap        ] GC(1078) CMS: 3754K->3754K(349568K)
[22.185s][info ][gc,metaspace   ] GC(1078) Metaspace: 16025K(16640K)->16025K(16640K) NonClass: 14284K(14592K)->14284K(14592K) Class: 1740K(2048K)->1740K(2048K)
[22.185s][info ][gc             ] GC(1078) Pause Young (Allocation Failure) 140M->4M(495M) 0.357ms
[22.185s][info ][gc,cpu         ] GC(1078) User=0.00s Sys=0.00s Real=0.00s
[22.195s][info ][gc,start       ] GC(1079) Pause Young (Allocation Failure)
[22.195s][info ][gc,task        ] GC(1079) Using 9 workers of 9 for evacuation
[22.195s][debug][gc,age         ] GC(1079) Desired survivor size 8945664 bytes, new threshold 6 (max threshold 6)
[22.195s][trace][gc,age         ] GC(1079) Age table with threshold 6 (max threshold 6)
[22.195s][trace][gc,age         ] GC(1079) - age   1:        192 bytes,        192 total
[22.195s][info ][gc,heap        ] GC(1079) ParNew: 140181K->8K(157376K)
[22.195s][info ][gc,heap        ] GC(1079) CMS: 3754K->3754K(349568K)
[22.195s][info ][gc,metaspace   ] GC(1079) Metaspace: 16025K(16640K)->16025K(16640K) NonClass: 14284K(14592K)->14284K(14592K) Class: 1740K(2048K)->1740K(2048K)
[22.195s][info ][gc             ] GC(1079) Pause Young (Allocation Failure) 140M->3M(495M) 0.473ms
[22.195s][info ][gc,cpu         ] GC(1079) User=0.00s Sys=0.01s Real=0.00s
[22.205s][info ][gc,start       ] GC(1080) Pause Young (Allocation Failure)
[22.205s][info ][gc,task        ] GC(1080) Using 9 workers of 9 for evacuation
[22.205s][debug][gc,age         ] GC(1080) Desired survivor size 8945664 bytes, new threshold 6 (max threshold 6)
[22.205s][trace][gc,age         ] GC(1080) Age table with threshold 6 (max threshold 6)
[22.205s][trace][gc,age         ] GC(1080) - age   1:        192 bytes,        192 total
[22.205s][info ][gc,heap        ] GC(1080) ParNew: 139610K->6K(157376K)
[22.205s][info ][gc,heap        ] GC(1080) CMS: 3754K->3754K(349568K)
[22.205s][info ][gc,metaspace   ] GC(1080) Metaspace: 16025K(16640K)->16025K(16640K) NonClass: 14284K(14592K)->14284K(14592K) Class: 1740K(2048K)->1740K(2048K)
[22.205s][info ][gc             ] GC(1080) Pause Young (Allocation Failure) 140M->3M(495M) 0.393ms
[22.205s][info ][gc,cpu         ] GC(1080) User=0.00s Sys=0.00s Real=0.00s
[22.215s][info ][gc,start       ] GC(1081) Pause Young (Allocation Failure)
[22.215s][info ][gc,task        ] GC(1081) Using 9 workers of 9 for evacuation
[22.215s][debug][gc,age         ] GC(1081) Desired survivor size 8945664 bytes, new threshold 6 (max threshold 6)
[22.215s][trace][gc,age         ] GC(1081) Age table with threshold 6 (max threshold 6)
[22.215s][trace][gc,age         ] GC(1081) - age   1:     400208 bytes,     400208 total
[22.215s][info ][gc,heap        ] GC(1081) ParNew: 139865K->398K(157376K)
[22.215s][info ][gc,heap        ] GC(1081) CMS: 3754K->3754K(349568K)
[22.215s][info ][gc,metaspace   ] GC(1081) Metaspace: 16025K(16640K)->16025K(16640K) NonClass: 14284K(14592K)->14284K(14592K) Class: 1740K(2048K)->1740K(2048K)
[22.215s][info ][gc             ] GC(1081) Pause Young (Allocation Failure) 140M->4M(495M) 0.421ms
[22.215s][info ][gc,cpu         ] GC(1081) User=0.01s Sys=0.00s Real=0.00s
[22.225s][info ][gc,start       ] GC(1082) Pause Young (Allocation Failure)
[22.225s][info ][gc,task        ] GC(1082) Using 9 workers of 9 for evacuation
[22.225s][debug][gc,age         ] GC(1082) Desired survivor size 8945664 bytes, new threshold 6 (max threshold 6)
[22.225s][trace][gc,age         ] GC(1082) Age table with threshold 6 (max threshold 6)
[22.225s][trace][gc,age         ] GC(1082) - age   1:        192 bytes,        192 total
[22.225s][info ][gc,heap        ] GC(1082) ParNew: 140295K->6K(157376K)
[22.225s][info ][gc,heap        ] GC(1082) CMS: 3754K->3754K(349568K)
[22.225s][info ][gc,metaspace   ] GC(1082) Metaspace: 16025K(16640K)->16025K(16640K) NonClass: 14284K(14592K)->14284K(14592K) Class: 1740K(2048K)->1740K(2048K)
[22.225s][info ][gc             ] GC(1082) Pause Young (Allocation Failure) 140M->3M(495M) 0.435ms
[22.225s][info ][gc,cpu         ] GC(1082) User=0.01s Sys=0.00s Real=0.00s
[22.234s][info ][gc,start       ] GC(1083) Pause Young (Allocation Failure)
[22.235s][info ][gc,task        ] GC(1083) Using 9 workers of 9 for evacuation
[22.235s][debug][gc,age         ] GC(1083) Desired survivor size 8945664 bytes, new threshold 6 (max threshold 6)
[22.235s][trace][gc,age         ] GC(1083) Age table with threshold 6 (max threshold 6)
[22.235s][trace][gc,age         ] GC(1083) - age   1:        192 bytes,        192 total
[22.235s][info ][gc,heap        ] GC(1083) ParNew: 139594K->8K(157376K)
[22.235s][info ][gc,heap        ] GC(1083) CMS: 3754K->3754K(349568K)
[22.235s][info ][gc,metaspace   ] GC(1083) Metaspace: 16025K(16640K)->16025K(16640K) NonClass: 14284K(14592K)->14284K(14592K) Class: 1740K(2048K)->1740K(2048K)
[22.235s][info ][gc             ] GC(1083) Pause Young (Allocation Failure) 139M->3M(495M) 0.416ms
[22.235s][info ][gc,cpu         ] GC(1083) User=0.00s Sys=0.00s Real=0.00s
[22.244s][info ][gc,start       ] GC(1084) Pause Young (Allocation Failure)
[22.244s][info ][gc,task        ] GC(1084) Using 9 workers of 9 for evacuation
[22.245s][debug][gc,age         ] GC(1084) Desired survivor size 8945664 bytes, new threshold 6 (max threshold 6)
[22.245s][trace][gc,age         ] GC(1084) Age table with threshold 6 (max threshold 6)
[22.245s][trace][gc,age         ] GC(1084) - age   1:        192 bytes,        192 total
[22.245s][info ][gc,heap        ] GC(1084) ParNew: 139751K->6K(157376K)
[22.245s][info ][gc,heap        ] GC(1084) CMS: 3754K->3754K(349568K)
[22.245s][info ][gc,metaspace   ] GC(1084) Metaspace: 16025K(16640K)->16025K(16640K) NonClass: 14284K(14592K)->14284K(14592K) Class: 1740K(2048K)->1740K(2048K)
[22.245s][info ][gc             ] GC(1084) Pause Young (Allocation Failure) 140M->3M(495M) 0.387ms
[22.245s][info ][gc,cpu         ] GC(1084) User=0.00s Sys=0.00s Real=0.00s
[22.254s][info ][gc,start       ] GC(1085) Pause Young (Allocation Failure)
[22.254s][info ][gc,task        ] GC(1085) Using 9 workers of 9 for evacuation
[22.254s][debug][gc,age         ] GC(1085) Desired survivor size 8945664 bytes, new threshold 6 (max threshold 6)
[22.254s][trace][gc,age         ] GC(1085) Age table with threshold 6 (max threshold 6)
[22.254s][trace][gc,age         ] GC(1085) - age   1:        192 bytes,        192 total
[22.254s][info ][gc,heap        ] GC(1085) ParNew: 139910K->8K(157376K)
[22.254s][info ][gc,heap        ] GC(1085) CMS: 3754K->3754K(349568K)
[22.254s][info ][gc,metaspace   ] GC(1085) Metaspace: 16025K(16640K)->16025K(16640K) NonClass: 14284K(14592K)->14284K(14592K) Class: 1740K(2048K)->1740K(2048K)
[22.255s][info ][gc             ] GC(1085) Pause Young (Allocation Failure) 140M->3M(495M) 0.437ms
[22.255s][info ][gc,cpu         ] GC(1085) User=0.00s Sys=0.00s Real=0.00s
[22.264s][info ][gc,start       ] GC(1086) Pause Young (Allocation Failure)
[22.264s][info ][gc,task        ] GC(1086) Using 9 workers of 9 for evacuation
[22.264s][debug][gc,age         ] GC(1086) Desired survivor size 8945664 bytes, new threshold 6 (max threshold 6)
[22.264s][trace][gc,age         ] GC(1086) Age table with threshold 6 (max threshold 6)
[22.264s][trace][gc,age         ] GC(1086) - age   1:        192 bytes,        192 total
[22.264s][info ][gc,heap        ] GC(1086) ParNew: 139536K->8K(157376K)
[22.264s][info ][gc,heap        ] GC(1086) CMS: 3754K->3754K(349568K)
[22.264s][info ][gc,metaspace   ] GC(1086) Metaspace: 16025K(16640K)->16025K(16640K) NonClass: 14284K(14592K)->14284K(14592K) Class: 1740K(2048K)->1740K(2048K)
[22.264s][info ][gc             ] GC(1086) Pause Young (Allocation Failure) 139M->3M(495M) 0.416ms
[22.264s][info ][gc,cpu         ] GC(1086) User=0.00s Sys=0.00s Real=0.00s
[22.274s][info ][gc,start       ] GC(1087) Pause Young (Allocation Failure)
[22.274s][info ][gc,task        ] GC(1087) Using 9 workers of 9 for evacuation
[22.274s][debug][gc,age         ] GC(1087) Desired survivor size 8945664 bytes, new threshold 6 (max threshold 6)
[22.274s][trace][gc,age         ] GC(1087) Age table with threshold 6 (max threshold 6)
[22.274s][trace][gc,age         ] GC(1087) - age   1:     400208 bytes,     400208 total
[22.274s][info ][gc,heap        ] GC(1087) ParNew: 139871K->396K(157376K)
[22.274s][info ][gc,heap        ] GC(1087) CMS: 3754K->3754K(349568K)
[22.274s][info ][gc,metaspace   ] GC(1087) Metaspace: 16025K(16640K)->16025K(16640K) NonClass: 14284K(14592K)->14284K(14592K) Class: 1740K(2048K)->1740K(2048K)
[22.274s][info ][gc             ] GC(1087) Pause Young (Allocation Failure) 140M->4M(495M) 0.367ms
[22.274s][info ][gc,cpu         ] GC(1087) User=0.00s Sys=0.00s Real=0.00s
[22.284s][info ][gc,start       ] GC(1088) Pause Young (Allocation Failure)
[22.284s][info ][gc,task        ] GC(1088) Using 9 workers of 9 for evacuation
[22.284s][debug][gc,age         ] GC(1088) Desired survivor size 8945664 bytes, new threshold 6 (max threshold 6)
[22.284s][trace][gc,age         ] GC(1088) Age table with threshold 6 (max threshold 6)
[22.284s][trace][gc,age         ] GC(1088) - age   1:        192 bytes,        192 total
[22.284s][info ][gc,heap        ] GC(1088) ParNew: 140162K->8K(157376K)
[22.284s][info ][gc,heap        ] GC(1088) CMS: 3754K->3754K(349568K)
[22.284s][info ][gc,metaspace   ] GC(1088) Metaspace: 16025K(16640K)->16025K(16640K) NonClass: 14284K(14592K)->14284K(14592K) Class: 1740K(2048K)->1740K(2048K)
[22.284s][info ][gc             ] GC(1088) Pause Young (Allocation Failure) 140M->3M(495M) 0.431ms
[22.284s][info ][gc,cpu         ] GC(1088) User=0.00s Sys=0.00s Real=0.00s
[22.294s][info ][gc,start       ] GC(1089) Pause Young (Allocation Failure)
[22.294s][info ][gc,task        ] GC(1089) Using 9 workers of 9 for evacuation
[22.294s][debug][gc,age         ] GC(1089) Desired survivor size 8945664 bytes, new threshold 6 (max threshold 6)
[22.294s][trace][gc,age         ] GC(1089) Age table with threshold 6 (max threshold 6)
[22.294s][trace][gc,age         ] GC(1089) - age   1:     400208 bytes,     400208 total
[22.294s][info ][gc,heap        ] GC(1089) ParNew: 139811K->398K(157376K)
[22.294s][info ][gc,heap        ] GC(1089) CMS: 3754K->3754K(349568K)
[22.294s][info ][gc,metaspace   ] GC(1089) Metaspace: 16025K(16640K)->16025K(16640K) NonClass: 14284K(14592K)->14284K(14592K) Class: 1740K(2048K)->1740K(2048K)
[22.294s][info ][gc             ] GC(1089) Pause Young (Allocation Failure) 140M->4M(495M) 0.389ms
[22.294s][info ][gc,cpu         ] GC(1089) User=0.00s Sys=0.00s Real=0.00s
[22.303s][info ][gc,start       ] GC(1090) Pause Young (Allocation Failure)
[22.303s][info ][gc,task        ] GC(1090) Using 9 workers of 9 for evacuation
[22.304s][debug][gc,age         ] GC(1090) Desired survivor size 8945664 bytes, new threshold 6 (max threshold 6)
[22.304s][trace][gc,age         ] GC(1090) Age table with threshold 6 (max threshold 6)
[22.304s][trace][gc,age         ] GC(1090) - age   1:     400208 bytes,     400208 total
[22.304s][info ][gc,heap        ] GC(1090) ParNew: 140057K->396K(157376K)
[22.304s][info ][gc,heap        ] GC(1090) CMS: 3754K->3754K(349568K)
[22.304s][info ][gc,metaspace   ] GC(1090) Metaspace: 16025K(16640K)->16025K(16640K) NonClass: 14284K(14592K)->14284K(14592K) Class: 1740K(2048K)->1740K(2048K)
[22.304s][info ][gc             ] GC(1090) Pause Young (Allocation Failure) 140M->4M(495M) 0.366ms
[22.304s][info ][gc,cpu         ] GC(1090) User=0.00s Sys=0.00s Real=0.00s
[22.313s][info ][gc,start       ] GC(1091) Pause Young (Allocation Failure)
[22.313s][info ][gc,task        ] GC(1091) Using 9 workers of 9 for evacuation
[22.314s][debug][gc,age         ] GC(1091) Desired survivor size 8945664 bytes, new threshold 6 (max threshold 6)
[22.314s][trace][gc,age         ] GC(1091) Age table with threshold 6 (max threshold 6)
[22.314s][trace][gc,age         ] GC(1091) - age   1:        192 bytes,        192 total
[22.314s][info ][gc,heap        ] GC(1091) ParNew: 140227K->8K(157376K)
[22.314s][info ][gc,heap        ] GC(1091) CMS: 3754K->3754K(349568K)
[22.314s][info ][gc,metaspace   ] GC(1091) Metaspace: 16025K(16640K)->16025K(16640K) NonClass: 14284K(14592K)->14284K(14592K) Class: 1740K(2048K)->1740K(2048K)
[22.314s][info ][gc             ] GC(1091) Pause Young (Allocation Failure) 140M->3M(495M) 0.381ms
[22.314s][info ][gc,cpu         ] GC(1091) User=0.01s Sys=0.00s Real=0.00s
[22.323s][info ][gc,start       ] GC(1092) Pause Young (Allocation Failure)
[22.323s][info ][gc,task        ] GC(1092) Using 9 workers of 9 for evacuation
[22.323s][debug][gc,age         ] GC(1092) Desired survivor size 8945664 bytes, new threshold 6 (max threshold 6)
[22.323s][trace][gc,age         ] GC(1092) Age table with threshold 6 (max threshold 6)
[22.323s][trace][gc,age         ] GC(1092) - age   1:     400208 bytes,     400208 total
[22.323s][info ][gc,heap        ] GC(1092) ParNew: 139828K->396K(157376K)
[22.323s][info ][gc,heap        ] GC(1092) CMS: 3754K->3754K(349568K)
[22.323s][info ][gc,metaspace   ] GC(1092) Metaspace: 16025K(16640K)->16025K(16640K) NonClass: 14284K(14592K)->14284K(14592K) Class: 1740K(2048K)->1740K(2048K)
[22.323s][info ][gc             ] GC(1092) Pause Young (Allocation Failure) 140M->4M(495M) 0.350ms
[22.323s][info ][gc,cpu         ] GC(1092) User=0.00s Sys=0.00s Real=0.00s
[22.333s][info ][gc,start       ] GC(1093) Pause Young (Allocation Failure)
[22.333s][info ][gc,task        ] GC(1093) Using 9 workers of 9 for evacuation
[22.334s][debug][gc,age         ] GC(1093) Desired survivor size 8945664 bytes, new threshold 6 (max threshold 6)
[22.334s][trace][gc,age         ] GC(1093) Age table with threshold 6 (max threshold 6)
[22.334s][trace][gc,age         ] GC(1093) - age   1:     400208 bytes,     400208 total
[22.334s][info ][gc,heap        ] GC(1093) ParNew: 140101K->394K(157376K)
[22.334s][info ][gc,heap        ] GC(1093) CMS: 3754K->3754K(349568K)
[22.334s][info ][gc,metaspace   ] GC(1093) Metaspace: 16025K(16640K)->16025K(16640K) NonClass: 14284K(14592K)->14284K(14592K) Class: 1740K(2048K)->1740K(2048K)
[22.334s][info ][gc             ] GC(1093) Pause Young (Allocation Failure) 140M->4M(495M) 0.425ms
[22.334s][info ][gc,cpu         ] GC(1093) User=0.01s Sys=0.00s Real=0.00s
[22.343s][info ][gc,start       ] GC(1094) Pause Young (Allocation Failure)
[22.343s][info ][gc,task        ] GC(1094) Using 9 workers of 9 for evacuation
[22.343s][debug][gc,age         ] GC(1094) Desired survivor size 8945664 bytes, new threshold 6 (max threshold 6)
[22.343s][trace][gc,age         ] GC(1094) Age table with threshold 6 (max threshold 6)
[22.343s][trace][gc,age         ] GC(1094) - age   1:     400208 bytes,     400208 total
[22.343s][info ][gc,heap        ] GC(1094) ParNew: 140022K->396K(157376K)
[22.343s][info ][gc,heap        ] GC(1094) CMS: 3754K->3754K(349568K)
[22.343s][info ][gc,metaspace   ] GC(1094) Metaspace: 16025K(16640K)->16025K(16640K) NonClass: 14284K(14592K)->14284K(14592K) Class: 1740K(2048K)->1740K(2048K)
[22.343s][info ][gc             ] GC(1094) Pause Young (Allocation Failure) 140M->4M(495M) 0.381ms
[22.343s][info ][gc,cpu         ] GC(1094) User=0.01s Sys=0.00s Real=0.00s
[22.353s][info ][gc,start       ] GC(1095) Pause Young (Allocation Failure)
[22.353s][info ][gc,task        ] GC(1095) Using 9 workers of 9 for evacuation
[22.353s][debug][gc,age         ] GC(1095) Desired survivor size 8945664 bytes, new threshold 6 (max threshold 6)
[22.353s][trace][gc,age         ] GC(1095) Age table with threshold 6 (max threshold 6)
[22.353s][trace][gc,age         ] GC(1095) - age   1:        192 bytes,        192 total
[22.353s][info ][gc,heap        ] GC(1095) ParNew: 140262K->6K(157376K)
[22.353s][info ][gc,heap        ] GC(1095) CMS: 3754K->3754K(349568K)
[22.353s][info ][gc,metaspace   ] GC(1095) Metaspace: 16025K(16640K)->16025K(16640K) NonClass: 14284K(14592K)->14284K(14592K) Class: 1740K(2048K)->1740K(2048K)
[22.353s][info ][gc             ] GC(1095) Pause Young (Allocation Failure) 140M->3M(495M) 0.390ms
[22.353s][info ][gc,cpu         ] GC(1095) User=0.00s Sys=0.00s Real=0.00s
[22.363s][info ][gc,start       ] GC(1096) Pause Young (Allocation Failure)
[22.363s][info ][gc,task        ] GC(1096) Using 9 workers of 9 for evacuation
[22.363s][debug][gc,age         ] GC(1096) Desired survivor size 8945664 bytes, new threshold 6 (max threshold 6)
[22.363s][trace][gc,age         ] GC(1096) Age table with threshold 6 (max threshold 6)
[22.363s][trace][gc,age         ] GC(1096) - age   1:        192 bytes,        192 total
[22.363s][info ][gc,heap        ] GC(1096) ParNew: 139553K->6K(157376K)
[22.363s][info ][gc,heap        ] GC(1096) CMS: 3754K->3754K(349568K)
[22.363s][info ][gc,metaspace   ] GC(1096) Metaspace: 16025K(16640K)->16025K(16640K) NonClass: 14284K(14592K)->14284K(14592K) Class: 1740K(2048K)->1740K(2048K)
[22.363s][info ][gc             ] GC(1096) Pause Young (Allocation Failure) 139M->3M(495M) 0.313ms
[22.363s][info ][gc,cpu         ] GC(1096) User=0.00s Sys=0.00s Real=0.00s
[22.373s][info ][gc,start       ] GC(1097) Pause Young (Allocation Failure)
[22.373s][info ][gc,task        ] GC(1097) Using 9 workers of 9 for evacuation
[22.373s][debug][gc,age         ] GC(1097) Desired survivor size 8945664 bytes, new threshold 6 (max threshold 6)
[22.373s][trace][gc,age         ] GC(1097) Age table with threshold 6 (max threshold 6)
[22.373s][trace][gc,age         ] GC(1097) - age   1:        192 bytes,        192 total
[22.373s][info ][gc,heap        ] GC(1097) ParNew: 139595K->6K(157376K)
[22.373s][info ][gc,heap        ] GC(1097) CMS: 3754K->3754K(349568K)
[22.373s][info ][gc,metaspace   ] GC(1097) Metaspace: 16025K(16640K)->16025K(16640K) NonClass: 14284K(14592K)->14284K(14592K) Class: 1740K(2048K)->1740K(2048K)
[22.373s][info ][gc             ] GC(1097) Pause Young (Allocation Failure) 139M->3M(495M) 0.432ms
[22.373s][info ][gc,cpu         ] GC(1097) User=0.00s Sys=0.00s Real=0.00s
[22.382s][info ][gc,start       ] GC(1098) Pause Young (Allocation Failure)
[22.383s][info ][gc,task        ] GC(1098) Using 9 workers of 9 for evacuation
[22.383s][debug][gc,age         ] GC(1098) Desired survivor size 8945664 bytes, new threshold 6 (max threshold 6)
[22.383s][trace][gc,age         ] GC(1098) Age table with threshold 6 (max threshold 6)
[22.383s][trace][gc,age         ] GC(1098) - age   1:        192 bytes,        192 total
[22.383s][info ][gc,heap        ] GC(1098) ParNew: 139910K->6K(157376K)
[22.383s][info ][gc,heap        ] GC(1098) CMS: 3754K->3754K(349568K)
[22.383s][info ][gc,metaspace   ] GC(1098) Metaspace: 16025K(16640K)->16025K(16640K) NonClass: 14284K(14592K)->14284K(14592K) Class: 1740K(2048K)->1740K(2048K)
[22.383s][info ][gc             ] GC(1098) Pause Young (Allocation Failure) 140M->3M(495M) 0.410ms
[22.383s][info ][gc,cpu         ] GC(1098) User=0.00s Sys=0.00s Real=0.00s
[22.392s][info ][gc,start       ] GC(1099) Pause Young (Allocation Failure)
[22.392s][info ][gc,task        ] GC(1099) Using 9 workers of 9 for evacuation
[22.393s][debug][gc,age         ] GC(1099) Desired survivor size 8945664 bytes, new threshold 6 (max threshold 6)
[22.393s][trace][gc,age         ] GC(1099) Age table with threshold 6 (max threshold 6)
[22.393s][trace][gc,age         ] GC(1099) - age   1:     400208 bytes,     400208 total
[22.393s][info ][gc,heap        ] GC(1099) ParNew: 139819K->398K(157376K)
[22.393s][info ][gc,heap        ] GC(1099) CMS: 3754K->3754K(349568K)
[22.393s][info ][gc,metaspace   ] GC(1099) Metaspace: 16025K(16640K)->16025K(16640K) NonClass: 14284K(14592K)->14284K(14592K) Class: 1740K(2048K)->1740K(2048K)
[22.393s][info ][gc             ] GC(1099) Pause Young (Allocation Failure) 140M->4M(495M) 0.438ms
[22.393s][info ][gc,cpu         ] GC(1099) User=0.00s Sys=0.00s Real=0.00s
[22.402s][info ][gc,start       ] GC(1100) Pause Young (Allocation Failure)
[22.402s][info ][gc,task        ] GC(1100) Using 9 workers of 9 for evacuation
[22.403s][debug][gc,age         ] GC(1100) Desired survivor size 8945664 bytes, new threshold 6 (max threshold 6)
[22.403s][trace][gc,age         ] GC(1100) Age table with threshold 6 (max threshold 6)
[22.403s][trace][gc,age         ] GC(1100) - age   1:        192 bytes,        192 total
[22.403s][info ][gc,heap        ] GC(1100) ParNew: 140281K->4K(157376K)
[22.403s][info ][gc,heap        ] GC(1100) CMS: 3754K->3754K(349568K)
[22.403s][info ][gc,metaspace   ] GC(1100) Metaspace: 16025K(16640K)->16025K(16640K) NonClass: 14284K(14592K)->14284K(14592K) Class: 1740K(2048K)->1740K(2048K)
[22.403s][info ][gc             ] GC(1100) Pause Young (Allocation Failure) 140M->3M(495M) 0.412ms
[22.403s][info ][gc,cpu         ] GC(1100) User=0.00s Sys=0.00s Real=0.00s
[22.412s][info ][gc,start       ] GC(1101) Pause Young (Allocation Failure)
[22.412s][info ][gc,task        ] GC(1101) Using 9 workers of 9 for evacuation
[22.413s][debug][gc,age         ] GC(1101) Desired survivor size 8945664 bytes, new threshold 6 (max threshold 6)
[22.413s][trace][gc,age         ] GC(1101) Age table with threshold 6 (max threshold 6)
[22.413s][trace][gc,age         ] GC(1101) - age   1:        192 bytes,        192 total
[22.413s][info ][gc,heap        ] GC(1101) ParNew: 139699K->6K(157376K)
[22.413s][info ][gc,heap        ] GC(1101) CMS: 3754K->3754K(349568K)
[22.413s][info ][gc,metaspace   ] GC(1101) Metaspace: 16025K(16640K)->16025K(16640K) NonClass: 14284K(14592K)->14284K(14592K) Class: 1740K(2048K)->1740K(2048K)
[22.413s][info ][gc             ] GC(1101) Pause Young (Allocation Failure) 140M->3M(495M) 0.440ms
[22.413s][info ][gc,cpu         ] GC(1101) User=0.00s Sys=0.00s Real=0.00s
[22.422s][info ][gc,start       ] GC(1102) Pause Young (Allocation Failure)
[22.422s][info ][gc,task        ] GC(1102) Using 9 workers of 9 for evacuation
[22.422s][debug][gc,age         ] GC(1102) Desired survivor size 8945664 bytes, new threshold 6 (max threshold 6)
[22.422s][trace][gc,age         ] GC(1102) Age table with threshold 6 (max threshold 6)
[22.422s][trace][gc,age         ] GC(1102) - age   1:     400208 bytes,     400208 total
[22.422s][info ][gc,heap        ] GC(1102) ParNew: 139824K->394K(157376K)
[22.422s][info ][gc,heap        ] GC(1102) CMS: 3754K->3754K(349568K)
[22.422s][info ][gc,metaspace   ] GC(1102) Metaspace: 16025K(16640K)->16025K(16640K) NonClass: 14284K(14592K)->14284K(14592K) Class: 1740K(2048K)->1740K(2048K)
[22.423s][info ][gc             ] GC(1102) Pause Young (Allocation Failure) 140M->4M(495M) 0.376ms
[22.423s][info ][gc,cpu         ] GC(1102) User=0.01s Sys=0.00s Real=0.00s
[22.432s][info ][gc,start       ] GC(1103) Pause Young (Allocation Failure)
[22.432s][info ][gc,task        ] GC(1103) Using 9 workers of 9 for evacuation
[22.432s][debug][gc,age         ] GC(1103) Desired survivor size 8945664 bytes, new threshold 6 (max threshold 6)
[22.432s][trace][gc,age         ] GC(1103) Age table with threshold 6 (max threshold 6)
[22.432s][trace][gc,age         ] GC(1103) - age   1:     400208 bytes,     400208 total
[22.432s][info ][gc,heap        ] GC(1103) ParNew: 140298K->394K(157376K)
[22.432s][info ][gc,heap        ] GC(1103) CMS: 3754K->3754K(349568K)
[22.432s][info ][gc,metaspace   ] GC(1103) Metaspace: 16025K(16640K)->16025K(16640K) NonClass: 14284K(14592K)->14284K(14592K) Class: 1740K(2048K)->1740K(2048K)
[22.432s][info ][gc             ] GC(1103) Pause Young (Allocation Failure) 140M->4M(495M) 0.451ms
[22.432s][info ][gc,cpu         ] GC(1103) User=0.01s Sys=0.00s Real=0.00s
[22.442s][info ][gc,start       ] GC(1104) Pause Young (Allocation Failure)
[22.442s][info ][gc,task        ] GC(1104) Using 9 workers of 9 for evacuation
[22.442s][debug][gc,age         ] GC(1104) Desired survivor size 8945664 bytes, new threshold 6 (max threshold 6)
[22.442s][trace][gc,age         ] GC(1104) Age table with threshold 6 (max threshold 6)
[22.442s][trace][gc,age         ] GC(1104) - age   1:        192 bytes,        192 total
[22.442s][info ][gc,heap        ] GC(1104) ParNew: 140224K->6K(157376K)
[22.442s][info ][gc,heap        ] GC(1104) CMS: 3754K->3754K(349568K)
[22.442s][info ][gc,metaspace   ] GC(1104) Metaspace: 16025K(16640K)->16025K(16640K) NonClass: 14284K(14592K)->14284K(14592K) Class: 1740K(2048K)->1740K(2048K)
[22.442s][info ][gc             ] GC(1104) Pause Young (Allocation Failure) 140M->3M(495M) 0.360ms
[22.442s][info ][gc,cpu         ] GC(1104) User=0.01s Sys=0.00s Real=0.00s
[22.452s][info ][gc,start       ] GC(1105) Pause Young (Allocation Failure)
[22.452s][info ][gc,task        ] GC(1105) Using 9 workers of 9 for evacuation
[22.452s][debug][gc,age         ] GC(1105) Desired survivor size 8945664 bytes, new threshold 6 (max threshold 6)
[22.452s][trace][gc,age         ] GC(1105) Age table with threshold 6 (max threshold 6)
[22.452s][trace][gc,age         ] GC(1105) - age   1:     400208 bytes,     400208 total
[22.452s][info ][gc,heap        ] GC(1105) ParNew: 139832K->398K(157376K)
[22.452s][info ][gc,heap        ] GC(1105) CMS: 3754K->3754K(349568K)
[22.452s][info ][gc,metaspace   ] GC(1105) Metaspace: 16025K(16640K)->16025K(16640K) NonClass: 14284K(14592K)->14284K(14592K) Class: 1740K(2048K)->1740K(2048K)
[22.452s][info ][gc             ] GC(1105) Pause Young (Allocation Failure) 140M->4M(495M) 0.433ms
[22.452s][info ][gc,cpu         ] GC(1105) User=0.00s Sys=0.00s Real=0.00s
[22.462s][info ][gc,start       ] GC(1106) Pause Young (Allocation Failure)
[22.462s][info ][gc,task        ] GC(1106) Using 9 workers of 9 for evacuation
[22.462s][debug][gc,age         ] GC(1106) Desired survivor size 8945664 bytes, new threshold 6 (max threshold 6)
[22.462s][trace][gc,age         ] GC(1106) Age table with threshold 6 (max threshold 6)
[22.462s][trace][gc,age         ] GC(1106) - age   1:        192 bytes,        192 total
[22.462s][info ][gc,heap        ] GC(1106) ParNew: 140066K->6K(157376K)
[22.462s][info ][gc,heap        ] GC(1106) CMS: 3754K->3754K(349568K)
[22.462s][info ][gc,metaspace   ] GC(1106) Metaspace: 16025K(16640K)->16025K(16640K) NonClass: 14284K(14592K)->14284K(14592K) Class: 1740K(2048K)->1740K(2048K)
[22.462s][info ][gc             ] GC(1106) Pause Young (Allocation Failure) 140M->3M(495M) 0.422ms
[22.462s][info ][gc,cpu         ] GC(1106) User=0.00s Sys=0.00s Real=0.00s
[22.472s][info ][gc,start       ] GC(1107) Pause Young (Allocation Failure)
[22.472s][info ][gc,task        ] GC(1107) Using 9 workers of 9 for evacuation
[22.472s][debug][gc,age         ] GC(1107) Desired survivor size 8945664 bytes, new threshold 6 (max threshold 6)
[22.472s][trace][gc,age         ] GC(1107) Age table with threshold 6 (max threshold 6)
[22.472s][trace][gc,age         ] GC(1107) - age   1:     400208 bytes,     400208 total
[22.472s][info ][gc,heap        ] GC(1107) ParNew: 139867K->394K(157376K)
[22.472s][info ][gc,heap        ] GC(1107) CMS: 3754K->3754K(349568K)
[22.472s][info ][gc,metaspace   ] GC(1107) Metaspace: 16025K(16640K)->16025K(16640K) NonClass: 14284K(14592K)->14284K(14592K) Class: 1740K(2048K)->1740K(2048K)
[22.472s][info ][gc             ] GC(1107) Pause Young (Allocation Failure) 140M->4M(495M) 0.487ms
[22.472s][info ][gc,cpu         ] GC(1107) User=0.00s Sys=0.00s Real=0.00s
[22.481s][info ][gc,start       ] GC(1108) Pause Young (Allocation Failure)
[22.482s][info ][gc,task        ] GC(1108) Using 9 workers of 9 for evacuation
[22.482s][debug][gc,age         ] GC(1108) Desired survivor size 8945664 bytes, new threshold 6 (max threshold 6)
[22.482s][trace][gc,age         ] GC(1108) Age table with threshold 6 (max threshold 6)
[22.482s][trace][gc,age         ] GC(1108) - age   1:        192 bytes,        192 total
[22.482s][info ][gc,heap        ] GC(1108) ParNew: 140287K->6K(157376K)
[22.482s][info ][gc,heap        ] GC(1108) CMS: 3754K->3754K(349568K)
[22.482s][info ][gc,metaspace   ] GC(1108) Metaspace: 16025K(16640K)->16025K(16640K) NonClass: 14284K(14592K)->14284K(14592K) Class: 1740K(2048K)->1740K(2048K)
[22.482s][info ][gc             ] GC(1108) Pause Young (Allocation Failure) 140M->3M(495M) 0.454ms
[22.482s][info ][gc,cpu         ] GC(1108) User=0.00s Sys=0.00s Real=0.00s
[22.491s][info ][gc,start       ] GC(1109) Pause Young (Allocation Failure)
[22.491s][info ][gc,task        ] GC(1109) Using 9 workers of 9 for evacuation
[22.492s][debug][gc,age         ] GC(1109) Desired survivor size 8945664 bytes, new threshold 6 (max threshold 6)
[22.492s][trace][gc,age         ] GC(1109) Age table with threshold 6 (max threshold 6)
[22.492s][trace][gc,age         ] GC(1109) - age   1:     400208 bytes,     400208 total
[22.492s][info ][gc,heap        ] GC(1109) ParNew: 139632K->396K(157376K)
[22.492s][info ][gc,heap        ] GC(1109) CMS: 3754K->3754K(349568K)
[22.492s][info ][gc,metaspace   ] GC(1109) Metaspace: 16025K(16640K)->16025K(16640K) NonClass: 14284K(14592K)->14284K(14592K) Class: 1740K(2048K)->1740K(2048K)
[22.492s][info ][gc             ] GC(1109) Pause Young (Allocation Failure) 140M->4M(495M) 0.368ms
[22.492s][info ][gc,cpu         ] GC(1109) User=0.00s Sys=0.00s Real=0.00s
[22.501s][info ][gc,start       ] GC(1110) Pause Young (Allocation Failure)
[22.501s][info ][gc,task        ] GC(1110) Using 9 workers of 9 for evacuation
[22.502s][debug][gc,age         ] GC(1110) Desired survivor size 8945664 bytes, new threshold 6 (max threshold 6)
[22.502s][trace][gc,age         ] GC(1110) Age table with threshold 6 (max threshold 6)
[22.502s][trace][gc,age         ] GC(1110) - age   1:        192 bytes,        192 total
[22.502s][info ][gc,heap        ] GC(1110) ParNew: 140280K->4K(157376K)
[22.502s][info ][gc,heap        ] GC(1110) CMS: 3754K->3754K(349568K)
[22.502s][info ][gc,metaspace   ] GC(1110) Metaspace: 16025K(16640K)->16025K(16640K) NonClass: 14284K(14592K)->14284K(14592K) Class: 1740K(2048K)->1740K(2048K)
[22.502s][info ][gc             ] GC(1110) Pause Young (Allocation Failure) 140M->3M(495M) 0.381ms
[22.502s][info ][gc,cpu         ] GC(1110) User=0.00s Sys=0.00s Real=0.00s
[22.511s][info ][gc,start       ] GC(1111) Pause Young (Allocation Failure)
[22.511s][info ][gc,task        ] GC(1111) Using 9 workers of 9 for evacuation
[22.512s][debug][gc,age         ] GC(1111) Desired survivor size 8945664 bytes, new threshold 6 (max threshold 6)
[22.512s][trace][gc,age         ] GC(1111) Age table with threshold 6 (max threshold 6)
[22.512s][trace][gc,age         ] GC(1111) - age   1:     400208 bytes,     400208 total
[22.512s][info ][gc,heap        ] GC(1111) ParNew: 139553K->398K(157376K)
[22.512s][info ][gc,heap        ] GC(1111) CMS: 3754K->3754K(349568K)
[22.512s][info ][gc,metaspace   ] GC(1111) Metaspace: 16025K(16640K)->16025K(16640K) NonClass: 14284K(14592K)->14284K(14592K) Class: 1740K(2048K)->1740K(2048K)
[22.512s][info ][gc             ] GC(1111) Pause Young (Allocation Failure) 139M->4M(495M) 0.438ms
[22.512s][info ][gc,cpu         ] GC(1111) User=0.00s Sys=0.00s Real=0.00s
[22.521s][info ][gc,start       ] GC(1112) Pause Young (Allocation Failure)
[22.521s][info ][gc,task        ] GC(1112) Using 9 workers of 9 for evacuation
[22.521s][debug][gc,age         ] GC(1112) Desired survivor size 8945664 bytes, new threshold 6 (max threshold 6)
[22.521s][trace][gc,age         ] GC(1112) Age table with threshold 6 (max threshold 6)
[22.521s][trace][gc,age         ] GC(1112) - age   1:     400208 bytes,     400208 total
[22.521s][info ][gc,heap        ] GC(1112) ParNew: 140071K->396K(157376K)
[22.521s][info ][gc,heap        ] GC(1112) CMS: 3754K->3754K(349568K)
[22.521s][info ][gc,metaspace   ] GC(1112) Metaspace: 16025K(16640K)->16025K(16640K) NonClass: 14284K(14592K)->14284K(14592K) Class: 1740K(2048K)->1740K(2048K)
[22.521s][info ][gc             ] GC(1112) Pause Young (Allocation Failure) 140M->4M(495M) 0.389ms
[22.521s][info ][gc,cpu         ] GC(1112) User=0.01s Sys=0.01s Real=0.00s
[22.531s][info ][gc,start       ] GC(1113) Pause Young (Allocation Failure)
[22.531s][info ][gc,task        ] GC(1113) Using 9 workers of 9 for evacuation
[22.531s][debug][gc,age         ] GC(1113) Desired survivor size 8945664 bytes, new threshold 6 (max threshold 6)
[22.531s][trace][gc,age         ] GC(1113) Age table with threshold 6 (max threshold 6)
[22.531s][trace][gc,age         ] GC(1113) - age   1:        192 bytes,        192 total
[22.531s][info ][gc,heap        ] GC(1113) ParNew: 140300K->4K(157376K)
[22.531s][info ][gc,heap        ] GC(1113) CMS: 3754K->3754K(349568K)
[22.531s][info ][gc,metaspace   ] GC(1113) Metaspace: 16025K(16640K)->16025K(16640K) NonClass: 14284K(14592K)->14284K(14592K) Class: 1740K(2048K)->1740K(2048K)
[22.531s][info ][gc             ] GC(1113) Pause Young (Allocation Failure) 140M->3M(495M) 0.412ms
[22.531s][info ][gc,cpu         ] GC(1113) User=0.01s Sys=0.00s Real=0.00s
[22.541s][info ][gc,start       ] GC(1114) Pause Young (Allocation Failure)
[22.541s][info ][gc,task        ] GC(1114) Using 9 workers of 9 for evacuation
[22.542s][debug][gc,age         ] GC(1114) Desired survivor size 8945664 bytes, new threshold 6 (max threshold 6)
[22.542s][trace][gc,age         ] GC(1114) Age table with threshold 6 (max threshold 6)
[22.542s][trace][gc,age         ] GC(1114) - age   1:        192 bytes,        192 total
[22.542s][info ][gc,heap        ] GC(1114) ParNew: 139563K->8K(157376K)
[22.542s][info ][gc,heap        ] GC(1114) CMS: 3754K->3754K(349568K)
[22.542s][info ][gc,metaspace   ] GC(1114) Metaspace: 16025K(16640K)->16025K(16640K) NonClass: 14284K(14592K)->14284K(14592K) Class: 1740K(2048K)->1740K(2048K)
[22.542s][info ][gc             ] GC(1114) Pause Young (Allocation Failure) 139M->3M(495M) 0.738ms
[22.542s][info ][gc,cpu         ] GC(1114) User=0.00s Sys=0.00s Real=0.00s
[22.551s][info ][gc,start       ] GC(1115) Pause Young (Allocation Failure)
[22.551s][info ][gc,task        ] GC(1115) Using 9 workers of 9 for evacuation
[22.551s][debug][gc,age         ] GC(1115) Desired survivor size 8945664 bytes, new threshold 6 (max threshold 6)
[22.551s][trace][gc,age         ] GC(1115) Age table with threshold 6 (max threshold 6)
[22.551s][trace][gc,age         ] GC(1115) - age   1:        192 bytes,        192 total
[22.551s][info ][gc,heap        ] GC(1115) ParNew: 139677K->6K(157376K)
[22.551s][info ][gc,heap        ] GC(1115) CMS: 3754K->3754K(349568K)
[22.551s][info ][gc,metaspace   ] GC(1115) Metaspace: 16025K(16640K)->16025K(16640K) NonClass: 14284K(14592K)->14284K(14592K) Class: 1740K(2048K)->1740K(2048K)
[22.552s][info ][gc             ] GC(1115) Pause Young (Allocation Failure) 140M->3M(495M) 0.436ms
[22.552s][info ][gc,cpu         ] GC(1115) User=0.00s Sys=0.00s Real=0.00s
[22.561s][info ][gc,start       ] GC(1116) Pause Young (Allocation Failure)
[22.561s][info ][gc,task        ] GC(1116) Using 9 workers of 9 for evacuation
[22.561s][debug][gc,age         ] GC(1116) Desired survivor size 8945664 bytes, new threshold 6 (max threshold 6)
[22.561s][trace][gc,age         ] GC(1116) Age table with threshold 6 (max threshold 6)
[22.561s][trace][gc,age         ] GC(1116) - age   1:     400208 bytes,     400208 total
[22.561s][info ][gc,heap        ] GC(1116) ParNew: 139777K->394K(157376K)
[22.561s][info ][gc,heap        ] GC(1116) CMS: 3754K->3754K(349568K)
[22.561s][info ][gc,metaspace   ] GC(1116) Metaspace: 16025K(16640K)->16025K(16640K) NonClass: 14284K(14592K)->14284K(14592K) Class: 1740K(2048K)->1740K(2048K)
[22.561s][info ][gc             ] GC(1116) Pause Young (Allocation Failure) 140M->4M(495M) 0.460ms
[22.561s][info ][gc,cpu         ] GC(1116) User=0.00s Sys=0.00s Real=0.00s
[22.571s][info ][gc,start       ] GC(1117) Pause Young (Allocation Failure)
[22.571s][info ][gc,task        ] GC(1117) Using 9 workers of 9 for evacuation
[22.571s][debug][gc,age         ] GC(1117) Desired survivor size 8945664 bytes, new threshold 6 (max threshold 6)
[22.571s][trace][gc,age         ] GC(1117) Age table with threshold 6 (max threshold 6)
[22.571s][trace][gc,age         ] GC(1117) - age   1:        192 bytes,        192 total
[22.571s][info ][gc,heap        ] GC(1117) ParNew: 140298K->4K(157376K)
[22.571s][info ][gc,heap        ] GC(1117) CMS: 3754K->3754K(349568K)
[22.571s][info ][gc,metaspace   ] GC(1117) Metaspace: 16025K(16640K)->16025K(16640K) NonClass: 14284K(14592K)->14284K(14592K) Class: 1740K(2048K)->1740K(2048K)
[22.571s][info ][gc             ] GC(1117) Pause Young (Allocation Failure) 140M->3M(495M) 0.429ms
[22.571s][info ][gc,cpu         ] GC(1117) User=0.00s Sys=0.00s Real=0.00s
[22.581s][info ][gc,start       ] GC(1118) Pause Young (Allocation Failure)
[22.581s][info ][gc,task        ] GC(1118) Using 9 workers of 9 for evacuation
[22.581s][debug][gc,age         ] GC(1118) Desired survivor size 8945664 bytes, new threshold 6 (max threshold 6)
[22.581s][trace][gc,age         ] GC(1118) Age table with threshold 6 (max threshold 6)
[22.581s][trace][gc,age         ] GC(1118) - age   1:     400208 bytes,     400208 total
[22.581s][info ][gc,heap        ] GC(1118) ParNew: 139847K->396K(157376K)
[22.581s][info ][gc,heap        ] GC(1118) CMS: 3754K->3754K(349568K)
[22.581s][info ][gc,metaspace   ] GC(1118) Metaspace: 16025K(16640K)->16025K(16640K) NonClass: 14284K(14592K)->14284K(14592K) Class: 1740K(2048K)->1740K(2048K)
[22.581s][info ][gc             ] GC(1118) Pause Young (Allocation Failure) 140M->4M(495M) 0.485ms
[22.581s][info ][gc,cpu         ] GC(1118) User=0.00s Sys=0.00s Real=0.00s
[22.591s][info ][gc,start       ] GC(1119) Pause Young (Allocation Failure)
[22.591s][info ][gc,task        ] GC(1119) Using 9 workers of 9 for evacuation
[22.591s][debug][gc,age         ] GC(1119) Desired survivor size 8945664 bytes, new threshold 6 (max threshold 6)
[22.591s][trace][gc,age         ] GC(1119) Age table with threshold 6 (max threshold 6)
[22.591s][trace][gc,age         ] GC(1119) - age   1:        192 bytes,        192 total
[22.591s][info ][gc,heap        ] GC(1119) ParNew: 140228K->4K(157376K)
[22.591s][info ][gc,heap        ] GC(1119) CMS: 3754K->3754K(349568K)
[22.591s][info ][gc,metaspace   ] GC(1119) Metaspace: 16025K(16640K)->16025K(16640K) NonClass: 14284K(14592K)->14284K(14592K) Class: 1740K(2048K)->1740K(2048K)
[22.591s][info ][gc             ] GC(1119) Pause Young (Allocation Failure) 140M->3M(495M) 0.429ms
[22.591s][info ][gc,cpu         ] GC(1119) User=0.01s Sys=0.00s Real=0.00s
[22.601s][info ][gc,start       ] GC(1120) Pause Young (Allocation Failure)
[22.601s][info ][gc,task        ] GC(1120) Using 9 workers of 9 for evacuation
[22.601s][debug][gc,age         ] GC(1120) Desired survivor size 8945664 bytes, new threshold 6 (max threshold 6)
[22.601s][trace][gc,age         ] GC(1120) Age table with threshold 6 (max threshold 6)
[22.601s][trace][gc,age         ] GC(1120) - age   1:        192 bytes,        192 total
[22.601s][info ][gc,heap        ] GC(1120) ParNew: 139522K->6K(157376K)
[22.601s][info ][gc,heap        ] GC(1120) CMS: 3754K->3754K(349568K)
[22.601s][info ][gc,metaspace   ] GC(1120) Metaspace: 16025K(16640K)->16025K(16640K) NonClass: 14284K(14592K)->14284K(14592K) Class: 1740K(2048K)->1740K(2048K)
[22.601s][info ][gc             ] GC(1120) Pause Young (Allocation Failure) 139M->3M(495M) 0.438ms
[22.601s][info ][gc,cpu         ] GC(1120) User=0.01s Sys=0.00s Real=0.00s
[22.611s][info ][gc,start       ] GC(1121) Pause Young (Allocation Failure)
[22.611s][info ][gc,task        ] GC(1121) Using 9 workers of 9 for evacuation
[22.611s][debug][gc,age         ] GC(1121) Desired survivor size 8945664 bytes, new threshold 6 (max threshold 6)
[22.611s][trace][gc,age         ] GC(1121) Age table with threshold 6 (max threshold 6)
[22.611s][trace][gc,age         ] GC(1121) - age   1:     400208 bytes,     400208 total
[22.611s][info ][gc,heap        ] GC(1121) ParNew: 139548K->396K(157376K)
[22.611s][info ][gc,heap        ] GC(1121) CMS: 3754K->3754K(349568K)
[22.611s][info ][gc,metaspace   ] GC(1121) Metaspace: 16025K(16640K)->16025K(16640K) NonClass: 14284K(14592K)->14284K(14592K) Class: 1740K(2048K)->1740K(2048K)
[22.611s][info ][gc             ] GC(1121) Pause Young (Allocation Failure) 139M->4M(495M) 0.416ms
[22.611s][info ][gc,cpu         ] GC(1121) User=0.00s Sys=0.00s Real=0.00s
[22.620s][info ][gc,start       ] GC(1122) Pause Young (Allocation Failure)
[22.620s][info ][gc,task        ] GC(1122) Using 9 workers of 9 for evacuation
[22.621s][debug][gc,age         ] GC(1122) Desired survivor size 8945664 bytes, new threshold 6 (max threshold 6)
[22.621s][trace][gc,age         ] GC(1122) Age table with threshold 6 (max threshold 6)
[22.621s][trace][gc,age         ] GC(1122) - age   1:        272 bytes,        272 total
[22.621s][info ][gc,heap        ] GC(1122) ParNew: 140219K->8K(157376K)
[22.621s][info ][gc,heap        ] GC(1122) CMS: 3754K->3754K(349568K)
[22.621s][info ][gc,metaspace   ] GC(1122) Metaspace: 16025K(16640K)->16025K(16640K) NonClass: 14284K(14592K)->14284K(14592K) Class: 1740K(2048K)->1740K(2048K)
[22.621s][info ][gc             ] GC(1122) Pause Young (Allocation Failure) 140M->3M(495M) 0.363ms
[22.621s][info ][gc,cpu         ] GC(1122) User=0.00s Sys=0.00s Real=0.00s
[22.629s][info ][gc,start       ] GC(1123) Pause Young (Allocation Failure)
[22.629s][info ][gc,task        ] GC(1123) Using 9 workers of 9 for evacuation
[22.630s][debug][gc,age         ] GC(1123) Desired survivor size 8945664 bytes, new threshold 6 (max threshold 6)
[22.630s][trace][gc,age         ] GC(1123) Age table with threshold 6 (max threshold 6)
[22.630s][trace][gc,age         ] GC(1123) - age   1:        192 bytes,        192 total
[22.630s][info ][gc,heap        ] GC(1123) ParNew: 139586K->6K(157376K)
[22.630s][info ][gc,heap        ] GC(1123) CMS: 3754K->3754K(349568K)
[22.630s][info ][gc,metaspace   ] GC(1123) Metaspace: 16025K(16640K)->16025K(16640K) NonClass: 14284K(14592K)->14284K(14592K) Class: 1740K(2048K)->1740K(2048K)
[22.630s][info ][gc             ] GC(1123) Pause Young (Allocation Failure) 139M->3M(495M) 0.421ms
[22.630s][info ][gc,cpu         ] GC(1123) User=0.00s Sys=0.00s Real=0.00s
[22.638s][info ][gc,start       ] GC(1124) Pause Young (Allocation Failure)
[22.638s][info ][gc,task        ] GC(1124) Using 9 workers of 9 for evacuation
[22.638s][debug][gc,age         ] GC(1124) Desired survivor size 8945664 bytes, new threshold 6 (max threshold 6)
[22.638s][trace][gc,age         ] GC(1124) Age table with threshold 6 (max threshold 6)
[22.638s][trace][gc,age         ] GC(1124) - age   1:        192 bytes,        192 total
[22.638s][info ][gc,heap        ] GC(1124) ParNew: 139611K->8K(157376K)
[22.638s][info ][gc,heap        ] GC(1124) CMS: 3754K->3754K(349568K)
[22.638s][info ][gc,metaspace   ] GC(1124) Metaspace: 16025K(16640K)->16025K(16640K) NonClass: 14284K(14592K)->14284K(14592K) Class: 1740K(2048K)->1740K(2048K)
[22.638s][info ][gc             ] GC(1124) Pause Young (Allocation Failure) 140M->3M(495M) 0.375ms
[22.638s][info ][gc,cpu         ] GC(1124) User=0.00s Sys=0.00s Real=0.00s
[22.646s][info ][gc,start       ] GC(1125) Pause Young (Allocation Failure)
[22.646s][info ][gc,task        ] GC(1125) Using 9 workers of 9 for evacuation
[22.647s][debug][gc,age         ] GC(1125) Desired survivor size 8945664 bytes, new threshold 6 (max threshold 6)
[22.647s][trace][gc,age         ] GC(1125) Age table with threshold 6 (max threshold 6)
[22.647s][trace][gc,age         ] GC(1125) - age   1:        192 bytes,        192 total
[22.647s][info ][gc,heap        ] GC(1125) ParNew: 139582K->8K(157376K)
[22.647s][info ][gc,heap        ] GC(1125) CMS: 3754K->3754K(349568K)
[22.647s][info ][gc,metaspace   ] GC(1125) Metaspace: 16025K(16640K)->16025K(16640K) NonClass: 14284K(14592K)->14284K(14592K) Class: 1740K(2048K)->1740K(2048K)
[22.647s][info ][gc             ] GC(1125) Pause Young (Allocation Failure) 139M->3M(495M) 0.455ms
[22.647s][info ][gc,cpu         ] GC(1125) User=0.00s Sys=0.00s Real=0.00s
[22.655s][info ][gc,start       ] GC(1126) Pause Young (Allocation Failure)
[22.655s][info ][gc,task        ] GC(1126) Using 9 workers of 9 for evacuation
[22.655s][debug][gc,age         ] GC(1126) Desired survivor size 8945664 bytes, new threshold 6 (max threshold 6)
[22.655s][trace][gc,age         ] GC(1126) Age table with threshold 6 (max threshold 6)
[22.655s][trace][gc,age         ] GC(1126) - age   1:        192 bytes,        192 total
[22.655s][info ][gc,heap        ] GC(1126) ParNew: 139623K->4K(157376K)
[22.655s][info ][gc,heap        ] GC(1126) CMS: 3754K->3754K(349568K)
[22.655s][info ][gc,metaspace   ] GC(1126) Metaspace: 16025K(16640K)->16025K(16640K) NonClass: 14284K(14592K)->14284K(14592K) Class: 1740K(2048K)->1740K(2048K)
[22.655s][info ][gc             ] GC(1126) Pause Young (Allocation Failure) 140M->3M(495M) 0.397ms
[22.655s][info ][gc,cpu         ] GC(1126) User=0.00s Sys=0.00s Real=0.00s
[22.664s][info ][gc,start       ] GC(1127) Pause Young (Allocation Failure)
[22.664s][info ][gc,task        ] GC(1127) Using 9 workers of 9 for evacuation
[22.664s][debug][gc,age         ] GC(1127) Desired survivor size 8945664 bytes, new threshold 6 (max threshold 6)
[22.664s][trace][gc,age         ] GC(1127) Age table with threshold 6 (max threshold 6)
[22.664s][trace][gc,age         ] GC(1127) - age   1:     400208 bytes,     400208 total
[22.664s][info ][gc,heap        ] GC(1127) ParNew: 139841K->398K(157376K)
[22.664s][info ][gc,heap        ] GC(1127) CMS: 3754K->3754K(349568K)
[22.664s][info ][gc,metaspace   ] GC(1127) Metaspace: 16025K(16640K)->16025K(16640K) NonClass: 14284K(14592K)->14284K(14592K) Class: 1740K(2048K)->1740K(2048K)
[22.664s][info ][gc             ] GC(1127) Pause Young (Allocation Failure) 140M->4M(495M) 0.420ms
[22.664s][info ][gc,cpu         ] GC(1127) User=0.00s Sys=0.00s Real=0.00s
[22.672s][info ][gc,start       ] GC(1128) Pause Young (Allocation Failure)
[22.672s][info ][gc,task        ] GC(1128) Using 9 workers of 9 for evacuation
[22.673s][debug][gc,age         ] GC(1128) Desired survivor size 8945664 bytes, new threshold 6 (max threshold 6)
[22.673s][trace][gc,age         ] GC(1128) Age table with threshold 6 (max threshold 6)
[22.673s][trace][gc,age         ] GC(1128) - age   1:     400208 bytes,     400208 total
[22.673s][info ][gc,heap        ] GC(1128) ParNew: 140032K->396K(157376K)
[22.673s][info ][gc,heap        ] GC(1128) CMS: 3754K->3754K(349568K)
[22.673s][info ][gc,metaspace   ] GC(1128) Metaspace: 16025K(16640K)->16025K(16640K) NonClass: 14284K(14592K)->14284K(14592K) Class: 1740K(2048K)->1740K(2048K)
[22.673s][info ][gc             ] GC(1128) Pause Young (Allocation Failure) 140M->4M(495M) 0.417ms
[22.673s][info ][gc,cpu         ] GC(1128) User=0.01s Sys=0.00s Real=0.00s
[22.681s][info ][gc,start       ] GC(1129) Pause Young (Allocation Failure)
[22.681s][info ][gc,task        ] GC(1129) Using 9 workers of 9 for evacuation
[22.681s][debug][gc,age         ] GC(1129) Desired survivor size 8945664 bytes, new threshold 6 (max threshold 6)
[22.681s][trace][gc,age         ] GC(1129) Age table with threshold 6 (max threshold 6)
[22.681s][trace][gc,age         ] GC(1129) - age   1:        192 bytes,        192 total
[22.681s][info ][gc,heap        ] GC(1129) ParNew: 140034K->8K(157376K)
[22.681s][info ][gc,heap        ] GC(1129) CMS: 3754K->3754K(349568K)
[22.681s][info ][gc,metaspace   ] GC(1129) Metaspace: 16025K(16640K)->16025K(16640K) NonClass: 14284K(14592K)->14284K(14592K) Class: 1740K(2048K)->1740K(2048K)
[22.681s][info ][gc             ] GC(1129) Pause Young (Allocation Failure) 140M->3M(495M) 0.457ms
[22.681s][info ][gc,cpu         ] GC(1129) User=0.01s Sys=0.00s Real=0.00s
[22.689s][info ][gc,start       ] GC(1130) Pause Young (Allocation Failure)
[22.690s][info ][gc,task        ] GC(1130) Using 9 workers of 9 for evacuation
[22.690s][debug][gc,age         ] GC(1130) Desired survivor size 8945664 bytes, new threshold 6 (max threshold 6)
[22.690s][trace][gc,age         ] GC(1130) Age table with threshold 6 (max threshold 6)
[22.690s][trace][gc,age         ] GC(1130) - age   1:     400208 bytes,     400208 total
[22.690s][info ][gc,heap        ] GC(1130) ParNew: 139690K->394K(157376K)
[22.690s][info ][gc,heap        ] GC(1130) CMS: 3754K->3754K(349568K)
[22.690s][info ][gc,metaspace   ] GC(1130) Metaspace: 16025K(16640K)->16025K(16640K) NonClass: 14284K(14592K)->14284K(14592K) Class: 1740K(2048K)->1740K(2048K)
[22.690s][info ][gc             ] GC(1130) Pause Young (Allocation Failure) 140M->4M(495M) 0.447ms
[22.690s][info ][gc,cpu         ] GC(1130) User=0.00s Sys=0.00s Real=0.00s
[22.698s][info ][gc,start       ] GC(1131) Pause Young (Allocation Failure)
[22.698s][info ][gc,task        ] GC(1131) Using 9 workers of 9 for evacuation
[22.699s][debug][gc,age         ] GC(1131) Desired survivor size 8945664 bytes, new threshold 6 (max threshold 6)
[22.699s][trace][gc,age         ] GC(1131) Age table with threshold 6 (max threshold 6)
[22.699s][trace][gc,age         ] GC(1131) - age   1:        192 bytes,        192 total
[22.699s][info ][gc,heap        ] GC(1131) ParNew: 140225K->8K(157376K)
[22.699s][info ][gc,heap        ] GC(1131) CMS: 3754K->3754K(349568K)
[22.699s][info ][gc,metaspace   ] GC(1131) Metaspace: 16025K(16640K)->16025K(16640K) NonClass: 14284K(14592K)->14284K(14592K) Class: 1740K(2048K)->1740K(2048K)
[22.699s][info ][gc             ] GC(1131) Pause Young (Allocation Failure) 140M->3M(495M) 0.463ms
[22.699s][info ][gc,cpu         ] GC(1131) User=0.00s Sys=0.00s Real=0.00s
[22.707s][info ][gc,start       ] GC(1132) Pause Young (Allocation Failure)
[22.707s][info ][gc,task        ] GC(1132) Using 9 workers of 9 for evacuation
[22.710s][debug][gc,age         ] GC(1132) Desired survivor size 8945664 bytes, new threshold 6 (max threshold 6)
[22.710s][trace][gc,age         ] GC(1132) Age table with threshold 6 (max threshold 6)
[22.710s][trace][gc,age         ] GC(1132) - age   1:     400208 bytes,     400208 total
[22.710s][info ][gc,heap        ] GC(1132) ParNew: 139552K->394K(157376K)
[22.710s][info ][gc,heap        ] GC(1132) CMS: 3754K->3754K(349568K)
[22.710s][info ][gc,metaspace   ] GC(1132) Metaspace: 16025K(16640K)->16025K(16640K) NonClass: 14284K(14592K)->14284K(14592K) Class: 1740K(2048K)->1740K(2048K)
[22.710s][info ][gc             ] GC(1132) Pause Young (Allocation Failure) 139M->4M(495M) 3.196ms
[22.710s][info ][gc,cpu         ] GC(1132) User=0.02s Sys=0.00s Real=0.01s
[22.719s][info ][gc,start       ] GC(1133) Pause Young (Allocation Failure)
[22.719s][info ][gc,task        ] GC(1133) Using 9 workers of 9 for evacuation
[22.719s][debug][gc,age         ] GC(1133) Desired survivor size 8945664 bytes, new threshold 6 (max threshold 6)
[22.719s][trace][gc,age         ] GC(1133) Age table with threshold 6 (max threshold 6)
[22.719s][trace][gc,age         ] GC(1133) - age   1:     400208 bytes,     400208 total
[22.719s][info ][gc,heap        ] GC(1133) ParNew: 140019K->396K(157376K)
[22.719s][info ][gc,heap        ] GC(1133) CMS: 3754K->3754K(349568K)
[22.719s][info ][gc,metaspace   ] GC(1133) Metaspace: 16025K(16640K)->16025K(16640K) NonClass: 14284K(14592K)->14284K(14592K) Class: 1740K(2048K)->1740K(2048K)
[22.719s][info ][gc             ] GC(1133) Pause Young (Allocation Failure) 140M->4M(495M) 0.512ms
[22.719s][info ][gc,cpu         ] GC(1133) User=0.00s Sys=0.00s Real=0.01s
[22.728s][info ][gc,start       ] GC(1134) Pause Young (Allocation Failure)
[22.728s][info ][gc,task        ] GC(1134) Using 9 workers of 9 for evacuation
[22.728s][debug][gc,age         ] GC(1134) Desired survivor size 8945664 bytes, new threshold 6 (max threshold 6)
[22.728s][trace][gc,age         ] GC(1134) Age table with threshold 6 (max threshold 6)
[22.728s][trace][gc,age         ] GC(1134) - age   1:     400208 bytes,     400208 total
[22.728s][info ][gc,heap        ] GC(1134) ParNew: 139984K->396K(157376K)
[22.728s][info ][gc,heap        ] GC(1134) CMS: 3754K->3754K(349568K)
[22.728s][info ][gc,metaspace   ] GC(1134) Metaspace: 16025K(16640K)->16025K(16640K) NonClass: 14284K(14592K)->14284K(14592K) Class: 1740K(2048K)->1740K(2048K)
[22.728s][info ][gc             ] GC(1134) Pause Young (Allocation Failure) 140M->4M(495M) 0.389ms
[22.728s][info ][gc,cpu         ] GC(1134) User=0.00s Sys=0.00s Real=0.00s
[22.736s][info ][gc,start       ] GC(1135) Pause Young (Allocation Failure)
[22.736s][info ][gc,task        ] GC(1135) Using 9 workers of 9 for evacuation
[22.737s][debug][gc,age         ] GC(1135) Desired survivor size 8945664 bytes, new threshold 6 (max threshold 6)
[22.737s][trace][gc,age         ] GC(1135) Age table with threshold 6 (max threshold 6)
[22.737s][trace][gc,age         ] GC(1135) - age   1:     400208 bytes,     400208 total
[22.737s][info ][gc,heap        ] GC(1135) ParNew: 140142K->396K(157376K)
[22.737s][info ][gc,heap        ] GC(1135) CMS: 3754K->3754K(349568K)
[22.737s][info ][gc,metaspace   ] GC(1135) Metaspace: 16025K(16640K)->16025K(16640K) NonClass: 14284K(14592K)->14284K(14592K) Class: 1740K(2048K)->1740K(2048K)
[22.737s][info ][gc             ] GC(1135) Pause Young (Allocation Failure) 140M->4M(495M) 0.346ms
[22.737s][info ][gc,cpu         ] GC(1135) User=0.00s Sys=0.00s Real=0.00s
[22.745s][info ][gc,start       ] GC(1136) Pause Young (Allocation Failure)
[22.745s][info ][gc,task        ] GC(1136) Using 9 workers of 9 for evacuation
[22.745s][debug][gc,age         ] GC(1136) Desired survivor size 8945664 bytes, new threshold 6 (max threshold 6)
[22.745s][trace][gc,age         ] GC(1136) Age table with threshold 6 (max threshold 6)
[22.745s][trace][gc,age         ] GC(1136) - age   1:        192 bytes,        192 total
[22.745s][info ][gc,heap        ] GC(1136) ParNew: 139955K->8K(157376K)
[22.745s][info ][gc,heap        ] GC(1136) CMS: 3754K->3754K(349568K)
[22.745s][info ][gc,metaspace   ] GC(1136) Metaspace: 16025K(16640K)->16025K(16640K) NonClass: 14284K(14592K)->14284K(14592K) Class: 1740K(2048K)->1740K(2048K)
[22.745s][info ][gc             ] GC(1136) Pause Young (Allocation Failure) 140M->3M(495M) 0.321ms
[22.745s][info ][gc,cpu         ] GC(1136) User=0.00s Sys=0.00s Real=0.00s
[22.754s][info ][gc,start       ] GC(1137) Pause Young (Allocation Failure)
[22.754s][info ][gc,task        ] GC(1137) Using 9 workers of 9 for evacuation
[22.754s][debug][gc,age         ] GC(1137) Desired survivor size 8945664 bytes, new threshold 6 (max threshold 6)
[22.754s][trace][gc,age         ] GC(1137) Age table with threshold 6 (max threshold 6)
[22.754s][trace][gc,age         ] GC(1137) - age   1:     400208 bytes,     400208 total
[22.754s][info ][gc,heap        ] GC(1137) ParNew: 139848K->394K(157376K)
[22.754s][info ][gc,heap        ] GC(1137) CMS: 3754K->3754K(349568K)
[22.754s][info ][gc,metaspace   ] GC(1137) Metaspace: 16025K(16640K)->16025K(16640K) NonClass: 14284K(14592K)->14284K(14592K) Class: 1740K(2048K)->1740K(2048K)
[22.754s][info ][gc             ] GC(1137) Pause Young (Allocation Failure) 140M->4M(495M) 0.387ms
[22.754s][info ][gc,cpu         ] GC(1137) User=0.00s Sys=0.00s Real=0.00s
[22.763s][info ][gc,start       ] GC(1138) Pause Young (Allocation Failure)
[22.763s][info ][gc,task        ] GC(1138) Using 9 workers of 9 for evacuation
[22.763s][debug][gc,age         ] GC(1138) Desired survivor size 8945664 bytes, new threshold 6 (max threshold 6)
[22.763s][trace][gc,age         ] GC(1138) Age table with threshold 6 (max threshold 6)
[22.763s][trace][gc,age         ] GC(1138) - age   1:        192 bytes,        192 total
[22.763s][info ][gc,heap        ] GC(1138) ParNew: 140246K->8K(157376K)
[22.763s][info ][gc,heap        ] GC(1138) CMS: 3754K->3754K(349568K)
[22.763s][info ][gc,metaspace   ] GC(1138) Metaspace: 16025K(16640K)->16025K(16640K) NonClass: 14284K(14592K)->14284K(14592K) Class: 1740K(2048K)->1740K(2048K)
[22.763s][info ][gc             ] GC(1138) Pause Young (Allocation Failure) 140M->3M(495M) 0.432ms
[22.763s][info ][gc,cpu         ] GC(1138) User=0.01s Sys=0.00s Real=0.00s
[22.772s][info ][gc,start       ] GC(1139) Pause Young (Allocation Failure)
[22.772s][info ][gc,task        ] GC(1139) Using 9 workers of 9 for evacuation
[22.772s][debug][gc,age         ] GC(1139) Desired survivor size 8945664 bytes, new threshold 6 (max threshold 6)
[22.772s][trace][gc,age         ] GC(1139) Age table with threshold 6 (max threshold 6)
[22.772s][trace][gc,age         ] GC(1139) - age   1:     400208 bytes,     400208 total
[22.772s][info ][gc,heap        ] GC(1139) ParNew: 139823K->396K(157376K)
[22.772s][info ][gc,heap        ] GC(1139) CMS: 3754K->3754K(349568K)
[22.772s][info ][gc,metaspace   ] GC(1139) Metaspace: 16025K(16640K)->16025K(16640K) NonClass: 14284K(14592K)->14284K(14592K) Class: 1740K(2048K)->1740K(2048K)
[22.772s][info ][gc             ] GC(1139) Pause Young (Allocation Failure) 140M->4M(495M) 0.349ms
[22.772s][info ][gc,cpu         ] GC(1139) User=0.01s Sys=0.00s Real=0.00s
[22.780s][info ][gc,start       ] GC(1140) Pause Young (Allocation Failure)
[22.780s][info ][gc,task        ] GC(1140) Using 9 workers of 9 for evacuation
[22.781s][debug][gc,age         ] GC(1140) Desired survivor size 8945664 bytes, new threshold 6 (max threshold 6)
[22.781s][trace][gc,age         ] GC(1140) Age table with threshold 6 (max threshold 6)
[22.781s][trace][gc,age         ] GC(1140) - age   1:     400208 bytes,     400208 total
[22.781s][info ][gc,heap        ] GC(1140) ParNew: 140049K->394K(157376K)
[22.781s][info ][gc,heap        ] GC(1140) CMS: 3754K->3754K(349568K)
[22.781s][info ][gc,metaspace   ] GC(1140) Metaspace: 16025K(16640K)->16025K(16640K) NonClass: 14284K(14592K)->14284K(14592K) Class: 1740K(2048K)->1740K(2048K)
[22.781s][info ][gc             ] GC(1140) Pause Young (Allocation Failure) 140M->4M(495M) 0.423ms
[22.781s][info ][gc,cpu         ] GC(1140) User=0.01s Sys=0.00s Real=0.00s
[22.790s][info ][gc,start       ] GC(1141) Pause Young (Allocation Failure)
[22.790s][info ][gc,task        ] GC(1141) Using 9 workers of 9 for evacuation
[22.790s][debug][gc,age         ] GC(1141) Desired survivor size 8945664 bytes, new threshold 6 (max threshold 6)
[22.790s][trace][gc,age         ] GC(1141) Age table with threshold 6 (max threshold 6)
[22.790s][trace][gc,age         ] GC(1141) - age   1:     400208 bytes,     400208 total
[22.790s][info ][gc,heap        ] GC(1141) ParNew: 140047K->398K(157376K)
[22.790s][info ][gc,heap        ] GC(1141) CMS: 3754K->3754K(349568K)
[22.790s][info ][gc,metaspace   ] GC(1141) Metaspace: 16025K(16640K)->16025K(16640K) NonClass: 14284K(14592K)->14284K(14592K) Class: 1740K(2048K)->1740K(2048K)
[22.790s][info ][gc             ] GC(1141) Pause Young (Allocation Failure) 140M->4M(495M) 0.426ms
[22.790s][info ][gc,cpu         ] GC(1141) User=0.01s Sys=0.00s Real=0.00s
[22.799s][info ][gc,start       ] GC(1142) Pause Young (Allocation Failure)
[22.799s][info ][gc,task        ] GC(1142) Using 9 workers of 9 for evacuation
[22.799s][debug][gc,age         ] GC(1142) Desired survivor size 8945664 bytes, new threshold 6 (max threshold 6)
[22.799s][trace][gc,age         ] GC(1142) Age table with threshold 6 (max threshold 6)
[22.799s][trace][gc,age         ] GC(1142) - age   1:     400208 bytes,     400208 total
[22.799s][info ][gc,heap        ] GC(1142) ParNew: 140243K->398K(157376K)
[22.799s][info ][gc,heap        ] GC(1142) CMS: 3754K->3754K(349568K)
[22.799s][info ][gc,metaspace   ] GC(1142) Metaspace: 16025K(16640K)->16025K(16640K) NonClass: 14284K(14592K)->14284K(14592K) Class: 1740K(2048K)->1740K(2048K)
[22.799s][info ][gc             ] GC(1142) Pause Young (Allocation Failure) 140M->4M(495M) 0.442ms
[22.799s][info ][gc,cpu         ] GC(1142) User=0.00s Sys=0.00s Real=0.01s
[22.807s][info ][gc,start       ] GC(1143) Pause Young (Allocation Failure)
[22.807s][info ][gc,task        ] GC(1143) Using 9 workers of 9 for evacuation
[22.808s][debug][gc,age         ] GC(1143) Desired survivor size 8945664 bytes, new threshold 6 (max threshold 6)
[22.808s][trace][gc,age         ] GC(1143) Age table with threshold 6 (max threshold 6)
[22.808s][trace][gc,age         ] GC(1143) - age   1:     400208 bytes,     400208 total
[22.808s][info ][gc,heap        ] GC(1143) ParNew: 140101K->396K(157376K)
[22.808s][info ][gc,heap        ] GC(1143) CMS: 3754K->3754K(349568K)
[22.808s][info ][gc,metaspace   ] GC(1143) Metaspace: 16025K(16640K)->16025K(16640K) NonClass: 14284K(14592K)->14284K(14592K) Class: 1740K(2048K)->1740K(2048K)
[22.808s][info ][gc             ] GC(1143) Pause Young (Allocation Failure) 140M->4M(495M) 0.375ms
[22.808s][info ][gc,cpu         ] GC(1143) User=0.00s Sys=0.00s Real=0.00s
[22.816s][info ][gc,start       ] GC(1144) Pause Young (Allocation Failure)
[22.816s][info ][gc,task        ] GC(1144) Using 9 workers of 9 for evacuation
[22.817s][debug][gc,age         ] GC(1144) Desired survivor size 8945664 bytes, new threshold 6 (max threshold 6)
[22.817s][trace][gc,age         ] GC(1144) Age table with threshold 6 (max threshold 6)
[22.817s][trace][gc,age         ] GC(1144) - age   1:        192 bytes,        192 total
[22.817s][info ][gc,heap        ] GC(1144) ParNew: 139995K->8K(157376K)
[22.817s][info ][gc,heap        ] GC(1144) CMS: 3754K->3754K(349568K)
[22.817s][info ][gc,metaspace   ] GC(1144) Metaspace: 16025K(16640K)->16025K(16640K) NonClass: 14284K(14592K)->14284K(14592K) Class: 1740K(2048K)->1740K(2048K)
[22.817s][info ][gc             ] GC(1144) Pause Young (Allocation Failure) 140M->3M(495M) 0.388ms
[22.817s][info ][gc,cpu         ] GC(1144) User=0.00s Sys=0.00s Real=0.00s
[22.825s][info ][gc,start       ] GC(1145) Pause Young (Allocation Failure)
[22.825s][info ][gc,task        ] GC(1145) Using 9 workers of 9 for evacuation
[22.825s][debug][gc,age         ] GC(1145) Desired survivor size 8945664 bytes, new threshold 6 (max threshold 6)
[22.825s][trace][gc,age         ] GC(1145) Age table with threshold 6 (max threshold 6)
[22.825s][trace][gc,age         ] GC(1145) - age   1:        192 bytes,        192 total
[22.825s][info ][gc,heap        ] GC(1145) ParNew: 139912K->4K(157376K)
[22.825s][info ][gc,heap        ] GC(1145) CMS: 3754K->3754K(349568K)
[22.825s][info ][gc,metaspace   ] GC(1145) Metaspace: 16025K(16640K)->16025K(16640K) NonClass: 14284K(14592K)->14284K(14592K) Class: 1740K(2048K)->1740K(2048K)
[22.825s][info ][gc             ] GC(1145) Pause Young (Allocation Failure) 140M->3M(495M) 0.400ms
[22.825s][info ][gc,cpu         ] GC(1145) User=0.00s Sys=0.00s Real=0.00s
[22.834s][info ][gc,start       ] GC(1146) Pause Young (Allocation Failure)
[22.834s][info ][gc,task        ] GC(1146) Using 9 workers of 9 for evacuation
[22.834s][debug][gc,age         ] GC(1146) Desired survivor size 8945664 bytes, new threshold 6 (max threshold 6)
[22.834s][trace][gc,age         ] GC(1146) Age table with threshold 6 (max threshold 6)
[22.834s][trace][gc,age         ] GC(1146) - age   1:        192 bytes,        192 total
[22.834s][info ][gc,heap        ] GC(1146) ParNew: 139517K->6K(157376K)
[22.834s][info ][gc,heap        ] GC(1146) CMS: 3754K->3754K(349568K)
[22.834s][info ][gc,metaspace   ] GC(1146) Metaspace: 16025K(16640K)->16025K(16640K) NonClass: 14284K(14592K)->14284K(14592K) Class: 1740K(2048K)->1740K(2048K)
[22.834s][info ][gc             ] GC(1146) Pause Young (Allocation Failure) 139M->3M(495M) 0.394ms
[22.834s][info ][gc,cpu         ] GC(1146) User=0.00s Sys=0.00s Real=0.00s
[22.843s][info ][gc,start       ] GC(1147) Pause Young (Allocation Failure)
[22.843s][info ][gc,task        ] GC(1147) Using 9 workers of 9 for evacuation
[22.843s][debug][gc,age         ] GC(1147) Desired survivor size 8945664 bytes, new threshold 6 (max threshold 6)
[22.843s][trace][gc,age         ] GC(1147) Age table with threshold 6 (max threshold 6)
[22.843s][trace][gc,age         ] GC(1147) - age   1:     400208 bytes,     400208 total
[22.843s][info ][gc,heap        ] GC(1147) ParNew: 139601K->394K(157376K)
[22.843s][info ][gc,heap        ] GC(1147) CMS: 3754K->3754K(349568K)
[22.843s][info ][gc,metaspace   ] GC(1147) Metaspace: 16025K(16640K)->16025K(16640K) NonClass: 14284K(14592K)->14284K(14592K) Class: 1740K(2048K)->1740K(2048K)
[22.843s][info ][gc             ] GC(1147) Pause Young (Allocation Failure) 139M->4M(495M) 0.472ms
[22.843s][info ][gc,cpu         ] GC(1147) User=0.00s Sys=0.00s Real=0.00s
[22.852s][info ][gc,start       ] GC(1148) Pause Young (Allocation Failure)
[22.852s][info ][gc,task        ] GC(1148) Using 9 workers of 9 for evacuation
[22.852s][debug][gc,age         ] GC(1148) Desired survivor size 8945664 bytes, new threshold 6 (max threshold 6)
[22.852s][trace][gc,age         ] GC(1148) Age table with threshold 6 (max threshold 6)
[22.852s][trace][gc,age         ] GC(1148) - age   1:        192 bytes,        192 total
[22.852s][info ][gc,heap        ] GC(1148) ParNew: 140068K->4K(157376K)
[22.852s][info ][gc,heap        ] GC(1148) CMS: 3754K->3754K(349568K)
[22.852s][info ][gc,metaspace   ] GC(1148) Metaspace: 16025K(16640K)->16025K(16640K) NonClass: 14284K(14592K)->14284K(14592K) Class: 1740K(2048K)->1740K(2048K)
[22.852s][info ][gc             ] GC(1148) Pause Young (Allocation Failure) 140M->3M(495M) 0.362ms
[22.852s][info ][gc,cpu         ] GC(1148) User=0.01s Sys=0.00s Real=0.00s
[22.860s][info ][gc,start       ] GC(1149) Pause Young (Allocation Failure)
[22.860s][info ][gc,task        ] GC(1149) Using 9 workers of 9 for evacuation
[22.861s][debug][gc,age         ] GC(1149) Desired survivor size 8945664 bytes, new threshold 6 (max threshold 6)
[22.861s][trace][gc,age         ] GC(1149) Age table with threshold 6 (max threshold 6)
[22.861s][trace][gc,age         ] GC(1149) - age   1:        192 bytes,        192 total
[22.861s][info ][gc,heap        ] GC(1149) ParNew: 139818K->6K(157376K)
[22.861s][info ][gc,heap        ] GC(1149) CMS: 3754K->3754K(349568K)
[22.861s][info ][gc,metaspace   ] GC(1149) Metaspace: 16025K(16640K)->16025K(16640K) NonClass: 14284K(14592K)->14284K(14592K) Class: 1740K(2048K)->1740K(2048K)
[22.861s][info ][gc             ] GC(1149) Pause Young (Allocation Failure) 140M->3M(495M) 0.459ms
[22.861s][info ][gc,cpu         ] GC(1149) User=0.01s Sys=0.00s Real=0.00s
[22.869s][info ][gc,start       ] GC(1150) Pause Young (Allocation Failure)
[22.869s][info ][gc,task        ] GC(1150) Using 9 workers of 9 for evacuation
[22.869s][debug][gc,age         ] GC(1150) Desired survivor size 8945664 bytes, new threshold 6 (max threshold 6)
[22.869s][trace][gc,age         ] GC(1150) Age table with threshold 6 (max threshold 6)
[22.869s][trace][gc,age         ] GC(1150) - age   1:        192 bytes,        192 total
[22.870s][info ][gc,heap        ] GC(1150) ParNew: 139715K->6K(157376K)
[22.870s][info ][gc,heap        ] GC(1150) CMS: 3754K->3754K(349568K)
[22.870s][info ][gc,metaspace   ] GC(1150) Metaspace: 16025K(16640K)->16025K(16640K) NonClass: 14284K(14592K)->14284K(14592K) Class: 1740K(2048K)->1740K(2048K)
[22.870s][info ][gc             ] GC(1150) Pause Young (Allocation Failure) 140M->3M(495M) 0.400ms
[22.870s][info ][gc,cpu         ] GC(1150) User=0.01s Sys=0.00s Real=0.00s
[22.878s][info ][gc,start       ] GC(1151) Pause Young (Allocation Failure)
[22.878s][info ][gc,task        ] GC(1151) Using 9 workers of 9 for evacuation
[22.878s][debug][gc,age         ] GC(1151) Desired survivor size 8945664 bytes, new threshold 6 (max threshold 6)
[22.878s][trace][gc,age         ] GC(1151) Age table with threshold 6 (max threshold 6)
[22.878s][trace][gc,age         ] GC(1151) - age   1:        192 bytes,        192 total
[22.878s][info ][gc,heap        ] GC(1151) ParNew: 139766K->6K(157376K)
[22.878s][info ][gc,heap        ] GC(1151) CMS: 3754K->3754K(349568K)
[22.878s][info ][gc,metaspace   ] GC(1151) Metaspace: 16025K(16640K)->16025K(16640K) NonClass: 14284K(14592K)->14284K(14592K) Class: 1740K(2048K)->1740K(2048K)
[22.878s][info ][gc             ] GC(1151) Pause Young (Allocation Failure) 140M->3M(495M) 0.391ms
[22.878s][info ][gc,cpu         ] GC(1151) User=0.00s Sys=0.00s Real=0.00s
[22.887s][info ][gc,start       ] GC(1152) Pause Young (Allocation Failure)
[22.887s][info ][gc,task        ] GC(1152) Using 9 workers of 9 for evacuation
[22.887s][debug][gc,age         ] GC(1152) Desired survivor size 8945664 bytes, new threshold 6 (max threshold 6)
[22.887s][trace][gc,age         ] GC(1152) Age table with threshold 6 (max threshold 6)
[22.887s][trace][gc,age         ] GC(1152) - age   1:     400208 bytes,     400208 total
[22.887s][info ][gc,heap        ] GC(1152) ParNew: 139817K->396K(157376K)
[22.887s][info ][gc,heap        ] GC(1152) CMS: 3754K->3754K(349568K)
[22.887s][info ][gc,metaspace   ] GC(1152) Metaspace: 16025K(16640K)->16025K(16640K) NonClass: 14284K(14592K)->14284K(14592K) Class: 1740K(2048K)->1740K(2048K)
[22.887s][info ][gc             ] GC(1152) Pause Young (Allocation Failure) 140M->4M(495M) 0.424ms
[22.887s][info ][gc,cpu         ] GC(1152) User=0.00s Sys=0.00s Real=0.00s
[22.896s][info ][gc,start       ] GC(1153) Pause Young (Allocation Failure)
[22.896s][info ][gc,task        ] GC(1153) Using 9 workers of 9 for evacuation
[22.896s][debug][gc,age         ] GC(1153) Desired survivor size 8945664 bytes, new threshold 6 (max threshold 6)
[22.896s][trace][gc,age         ] GC(1153) Age table with threshold 6 (max threshold 6)
[22.896s][trace][gc,age         ] GC(1153) - age   1:     400208 bytes,     400208 total
[22.896s][info ][gc,heap        ] GC(1153) ParNew: 140086K->396K(157376K)
[22.896s][info ][gc,heap        ] GC(1153) CMS: 3754K->3754K(349568K)
[22.896s][info ][gc,metaspace   ] GC(1153) Metaspace: 16025K(16640K)->16025K(16640K) NonClass: 14284K(14592K)->14284K(14592K) Class: 1740K(2048K)->1740K(2048K)
[22.896s][info ][gc             ] GC(1153) Pause Young (Allocation Failure) 140M->4M(495M) 0.375ms
[22.896s][info ][gc,cpu         ] GC(1153) User=0.01s Sys=0.00s Real=0.00s
[22.905s][info ][gc,start       ] GC(1154) Pause Young (Allocation Failure)
[22.905s][info ][gc,task        ] GC(1154) Using 9 workers of 9 for evacuation
[22.905s][debug][gc,age         ] GC(1154) Desired survivor size 8945664 bytes, new threshold 6 (max threshold 6)
[22.905s][trace][gc,age         ] GC(1154) Age table with threshold 6 (max threshold 6)
[22.905s][trace][gc,age         ] GC(1154) - age   1:        192 bytes,        192 total
[22.905s][info ][gc,heap        ] GC(1154) ParNew: 140290K->6K(157376K)
[22.905s][info ][gc,heap        ] GC(1154) CMS: 3754K->3754K(349568K)
[22.905s][info ][gc,metaspace   ] GC(1154) Metaspace: 16025K(16640K)->16025K(16640K) NonClass: 14284K(14592K)->14284K(14592K) Class: 1740K(2048K)->1740K(2048K)
[22.905s][info ][gc             ] GC(1154) Pause Young (Allocation Failure) 140M->3M(495M) 0.347ms
[22.905s][info ][gc,cpu         ] GC(1154) User=0.00s Sys=0.00s Real=0.00s
[22.914s][info ][gc,start       ] GC(1155) Pause Young (Allocation Failure)
[22.914s][info ][gc,task        ] GC(1155) Using 9 workers of 9 for evacuation
[22.914s][debug][gc,age         ] GC(1155) Desired survivor size 8945664 bytes, new threshold 6 (max threshold 6)
[22.914s][trace][gc,age         ] GC(1155) Age table with threshold 6 (max threshold 6)
[22.914s][trace][gc,age         ] GC(1155) - age   1:        192 bytes,        192 total
[22.914s][info ][gc,heap        ] GC(1155) ParNew: 139853K->6K(157376K)
[22.914s][info ][gc,heap        ] GC(1155) CMS: 3754K->3754K(349568K)
[22.914s][info ][gc,metaspace   ] GC(1155) Metaspace: 16025K(16640K)->16025K(16640K) NonClass: 14284K(14592K)->14284K(14592K) Class: 1740K(2048K)->1740K(2048K)
[22.914s][info ][gc             ] GC(1155) Pause Young (Allocation Failure) 140M->3M(495M) 0.372ms
[22.914s][info ][gc,cpu         ] GC(1155) User=0.00s Sys=0.00s Real=0.00s
[22.923s][info ][gc,start       ] GC(1156) Pause Young (Allocation Failure)
[22.923s][info ][gc,task        ] GC(1156) Using 9 workers of 9 for evacuation
[22.923s][debug][gc,age         ] GC(1156) Desired survivor size 8945664 bytes, new threshold 6 (max threshold 6)
[22.923s][trace][gc,age         ] GC(1156) Age table with threshold 6 (max threshold 6)
[22.923s][trace][gc,age         ] GC(1156) - age   1:        192 bytes,        192 total
[22.923s][info ][gc,heap        ] GC(1156) ParNew: 139521K->6K(157376K)
[22.923s][info ][gc,heap        ] GC(1156) CMS: 3754K->3754K(349568K)
[22.923s][info ][gc,metaspace   ] GC(1156) Metaspace: 16025K(16640K)->16025K(16640K) NonClass: 14284K(14592K)->14284K(14592K) Class: 1740K(2048K)->1740K(2048K)
[22.923s][info ][gc             ] GC(1156) Pause Young (Allocation Failure) 139M->3M(495M) 0.409ms
[22.923s][info ][gc,cpu         ] GC(1156) User=0.01s Sys=0.00s Real=0.00s
[22.931s][info ][gc,start       ] GC(1157) Pause Young (Allocation Failure)
[22.931s][info ][gc,task        ] GC(1157) Using 9 workers of 9 for evacuation
[22.932s][debug][gc,age         ] GC(1157) Desired survivor size 8945664 bytes, new threshold 6 (max threshold 6)
[22.932s][trace][gc,age         ] GC(1157) Age table with threshold 6 (max threshold 6)
[22.932s][trace][gc,age         ] GC(1157) - age   1:        192 bytes,        192 total
[22.932s][info ][gc,heap        ] GC(1157) ParNew: 139674K->4K(157376K)
[22.932s][info ][gc,heap        ] GC(1157) CMS: 3754K->3754K(349568K)
[22.932s][info ][gc,metaspace   ] GC(1157) Metaspace: 16025K(16640K)->16025K(16640K) NonClass: 14284K(14592K)->14284K(14592K) Class: 1740K(2048K)->1740K(2048K)
[22.932s][info ][gc             ] GC(1157) Pause Young (Allocation Failure) 140M->3M(495M) 0.454ms
[22.932s][info ][gc,cpu         ] GC(1157) User=0.00s Sys=0.00s Real=0.00s
[22.940s][info ][gc,start       ] GC(1158) Pause Young (Allocation Failure)
[22.940s][info ][gc,task        ] GC(1158) Using 9 workers of 9 for evacuation
[22.941s][debug][gc,age         ] GC(1158) Desired survivor size 8945664 bytes, new threshold 6 (max threshold 6)
[22.941s][trace][gc,age         ] GC(1158) Age table with threshold 6 (max threshold 6)
[22.941s][trace][gc,age         ] GC(1158) - age   1:        192 bytes,        192 total
[22.941s][info ][gc,heap        ] GC(1158) ParNew: 139633K->6K(157376K)
[22.941s][info ][gc,heap        ] GC(1158) CMS: 3754K->3754K(349568K)
[22.941s][info ][gc,metaspace   ] GC(1158) Metaspace: 16025K(16640K)->16025K(16640K) NonClass: 14284K(14592K)->14284K(14592K) Class: 1740K(2048K)->1740K(2048K)
[22.941s][info ][gc             ] GC(1158) Pause Young (Allocation Failure) 140M->3M(495M) 0.338ms
[22.941s][info ][gc,cpu         ] GC(1158) User=0.00s Sys=0.00s Real=0.00s
[22.949s][info ][gc,start       ] GC(1159) Pause Young (Allocation Failure)
[22.949s][info ][gc,task        ] GC(1159) Using 9 workers of 9 for evacuation
[22.949s][debug][gc,age         ] GC(1159) Desired survivor size 8945664 bytes, new threshold 6 (max threshold 6)
[22.949s][trace][gc,age         ] GC(1159) Age table with threshold 6 (max threshold 6)
[22.949s][trace][gc,age         ] GC(1159) - age   1:        192 bytes,        192 total
[22.949s][info ][gc,heap        ] GC(1159) ParNew: 139653K->6K(157376K)
[22.949s][info ][gc,heap        ] GC(1159) CMS: 3754K->3754K(349568K)
[22.949s][info ][gc,metaspace   ] GC(1159) Metaspace: 16025K(16640K)->16025K(16640K) NonClass: 14284K(14592K)->14284K(14592K) Class: 1740K(2048K)->1740K(2048K)
[22.949s][info ][gc             ] GC(1159) Pause Young (Allocation Failure) 140M->3M(495M) 0.384ms
[22.949s][info ][gc,cpu         ] GC(1159) User=0.00s Sys=0.00s Real=0.00s
[22.958s][info ][gc,start       ] GC(1160) Pause Young (Allocation Failure)
[22.958s][info ][gc,task        ] GC(1160) Using 9 workers of 9 for evacuation
[22.958s][debug][gc,age         ] GC(1160) Desired survivor size 8945664 bytes, new threshold 6 (max threshold 6)
[22.958s][trace][gc,age         ] GC(1160) Age table with threshold 6 (max threshold 6)
[22.958s][trace][gc,age         ] GC(1160) - age   1:     400208 bytes,     400208 total
[22.958s][info ][gc,heap        ] GC(1160) ParNew: 139875K->396K(157376K)
[22.958s][info ][gc,heap        ] GC(1160) CMS: 3754K->3754K(349568K)
[22.958s][info ][gc,metaspace   ] GC(1160) Metaspace: 16025K(16640K)->16025K(16640K) NonClass: 14284K(14592K)->14284K(14592K) Class: 1740K(2048K)->1740K(2048K)
[22.958s][info ][gc             ] GC(1160) Pause Young (Allocation Failure) 140M->4M(495M) 0.394ms
[22.958s][info ][gc,cpu         ] GC(1160) User=0.00s Sys=0.00s Real=0.00s
[22.967s][info ][gc,start       ] GC(1161) Pause Young (Allocation Failure)
[22.967s][info ][gc,task        ] GC(1161) Using 9 workers of 9 for evacuation
[22.967s][debug][gc,age         ] GC(1161) Desired survivor size 8945664 bytes, new threshold 6 (max threshold 6)
[22.967s][trace][gc,age         ] GC(1161) Age table with threshold 6 (max threshold 6)
[22.967s][trace][gc,age         ] GC(1161) - age   1:        192 bytes,        192 total
[22.967s][info ][gc,heap        ] GC(1161) ParNew: 140259K->8K(157376K)
[22.967s][info ][gc,heap        ] GC(1161) CMS: 3754K->3754K(349568K)
[22.967s][info ][gc,metaspace   ] GC(1161) Metaspace: 16025K(16640K)->16025K(16640K) NonClass: 14284K(14592K)->14284K(14592K) Class: 1740K(2048K)->1740K(2048K)
[22.967s][info ][gc             ] GC(1161) Pause Young (Allocation Failure) 140M->3M(495M) 0.386ms
[22.967s][info ][gc,cpu         ] GC(1161) User=0.00s Sys=0.00s Real=0.00s
[22.975s][info ][gc,start       ] GC(1162) Pause Young (Allocation Failure)
[22.975s][info ][gc,task        ] GC(1162) Using 9 workers of 9 for evacuation
[22.976s][debug][gc,age         ] GC(1162) Desired survivor size 8945664 bytes, new threshold 6 (max threshold 6)
[22.976s][trace][gc,age         ] GC(1162) Age table with threshold 6 (max threshold 6)
[22.976s][trace][gc,age         ] GC(1162) - age   1:     400208 bytes,     400208 total
[22.976s][info ][gc,heap        ] GC(1162) ParNew: 139882K->396K(157376K)
[22.976s][info ][gc,heap        ] GC(1162) CMS: 3754K->3754K(349568K)
[22.976s][info ][gc,metaspace   ] GC(1162) Metaspace: 16025K(16640K)->16025K(16640K) NonClass: 14284K(14592K)->14284K(14592K) Class: 1740K(2048K)->1740K(2048K)
[22.976s][info ][gc             ] GC(1162) Pause Young (Allocation Failure) 140M->4M(495M) 0.333ms
[22.976s][info ][gc,cpu         ] GC(1162) User=0.00s Sys=0.00s Real=0.00s
[22.984s][info ][gc,start       ] GC(1163) Pause Young (Allocation Failure)
[22.984s][info ][gc,task        ] GC(1163) Using 9 workers of 9 for evacuation
[22.985s][debug][gc,age         ] GC(1163) Desired survivor size 8945664 bytes, new threshold 6 (max threshold 6)
[22.985s][trace][gc,age         ] GC(1163) Age table with threshold 6 (max threshold 6)
[22.985s][trace][gc,age         ] GC(1163) - age   1:        192 bytes,        192 total
[22.985s][info ][gc,heap        ] GC(1163) ParNew: 140285K->6K(157376K)
[22.985s][info ][gc,heap        ] GC(1163) CMS: 3754K->3754K(349568K)
[22.985s][info ][gc,metaspace   ] GC(1163) Metaspace: 16025K(16640K)->16025K(16640K) NonClass: 14284K(14592K)->14284K(14592K) Class: 1740K(2048K)->1740K(2048K)
[22.985s][info ][gc             ] GC(1163) Pause Young (Allocation Failure) 140M->3M(495M) 0.463ms
[22.985s][info ][gc,cpu         ] GC(1163) User=0.00s Sys=0.00s Real=0.00s
[22.993s][info ][gc,start       ] GC(1164) Pause Young (Allocation Failure)
[22.993s][info ][gc,task        ] GC(1164) Using 9 workers of 9 for evacuation
[22.994s][debug][gc,age         ] GC(1164) Desired survivor size 8945664 bytes, new threshold 6 (max threshold 6)
[22.994s][trace][gc,age         ] GC(1164) Age table with threshold 6 (max threshold 6)
[22.994s][trace][gc,age         ] GC(1164) - age   1:        192 bytes,        192 total
[22.994s][info ][gc,heap        ] GC(1164) ParNew: 139651K->6K(157376K)
[22.994s][info ][gc,heap        ] GC(1164) CMS: 3754K->3754K(349568K)
[22.994s][info ][gc,metaspace   ] GC(1164) Metaspace: 16025K(16640K)->16025K(16640K) NonClass: 14284K(14592K)->14284K(14592K) Class: 1740K(2048K)->1740K(2048K)
[22.994s][info ][gc             ] GC(1164) Pause Young (Allocation Failure) 140M->3M(495M) 0.684ms
[22.994s][info ][gc,cpu         ] GC(1164) User=0.00s Sys=0.01s Real=0.00s
[23.002s][info ][gc,start       ] GC(1165) Pause Young (Allocation Failure)
[23.002s][info ][gc,task        ] GC(1165) Using 9 workers of 9 for evacuation
[23.003s][debug][gc,age         ] GC(1165) Desired survivor size 8945664 bytes, new threshold 6 (max threshold 6)
[23.003s][trace][gc,age         ] GC(1165) Age table with threshold 6 (max threshold 6)
[23.003s][trace][gc,age         ] GC(1165) - age   1:        192 bytes,        192 total
[23.003s][info ][gc,heap        ] GC(1165) ParNew: 139718K->6K(157376K)
[23.003s][info ][gc,heap        ] GC(1165) CMS: 3754K->3754K(349568K)
[23.003s][info ][gc,metaspace   ] GC(1165) Metaspace: 16025K(16640K)->16025K(16640K) NonClass: 14284K(14592K)->14284K(14592K) Class: 1740K(2048K)->1740K(2048K)
[23.003s][info ][gc             ] GC(1165) Pause Young (Allocation Failure) 140M->3M(495M) 0.332ms
[23.003s][info ][gc,cpu         ] GC(1165) User=0.00s Sys=0.00s Real=0.00s
[23.011s][info ][gc,start       ] GC(1166) Pause Young (Allocation Failure)
[23.011s][info ][gc,task        ] GC(1166) Using 9 workers of 9 for evacuation
[23.011s][debug][gc,age         ] GC(1166) Desired survivor size 8945664 bytes, new threshold 6 (max threshold 6)
[23.011s][trace][gc,age         ] GC(1166) Age table with threshold 6 (max threshold 6)
[23.011s][trace][gc,age         ] GC(1166) - age   1:     400208 bytes,     400208 total
[23.011s][info ][gc,heap        ] GC(1166) ParNew: 139752K->396K(157376K)
[23.011s][info ][gc,heap        ] GC(1166) CMS: 3754K->3754K(349568K)
[23.011s][info ][gc,metaspace   ] GC(1166) Metaspace: 16025K(16640K)->16025K(16640K) NonClass: 14284K(14592K)->14284K(14592K) Class: 1740K(2048K)->1740K(2048K)
[23.011s][info ][gc             ] GC(1166) Pause Young (Allocation Failure) 140M->4M(495M) 0.403ms
[23.011s][info ][gc,cpu         ] GC(1166) User=0.00s Sys=0.00s Real=0.00s
[23.020s][info ][gc,start       ] GC(1167) Pause Young (Allocation Failure)
[23.020s][info ][gc,task        ] GC(1167) Using 9 workers of 9 for evacuation
[23.020s][debug][gc,age         ] GC(1167) Desired survivor size 8945664 bytes, new threshold 6 (max threshold 6)
[23.020s][trace][gc,age         ] GC(1167) Age table with threshold 6 (max threshold 6)
[23.020s][trace][gc,age         ] GC(1167) - age   1:        192 bytes,        192 total
[23.020s][info ][gc,heap        ] GC(1167) ParNew: 140067K->8K(157376K)
[23.020s][info ][gc,heap        ] GC(1167) CMS: 3754K->3754K(349568K)
[23.020s][info ][gc,metaspace   ] GC(1167) Metaspace: 16025K(16640K)->16025K(16640K) NonClass: 14284K(14592K)->14284K(14592K) Class: 1740K(2048K)->1740K(2048K)
[23.020s][info ][gc             ] GC(1167) Pause Young (Allocation Failure) 140M->3M(495M) 0.348ms
[23.020s][info ][gc,cpu         ] GC(1167) User=0.00s Sys=0.00s Real=0.00s
[23.029s][info ][gc,start       ] GC(1168) Pause Young (Allocation Failure)
[23.029s][info ][gc,task        ] GC(1168) Using 9 workers of 9 for evacuation
[23.029s][debug][gc,age         ] GC(1168) Desired survivor size 8945664 bytes, new threshold 6 (max threshold 6)
[23.029s][trace][gc,age         ] GC(1168) Age table with threshold 6 (max threshold 6)
[23.029s][trace][gc,age         ] GC(1168) - age   1:     400208 bytes,     400208 total
[23.029s][info ][gc,heap        ] GC(1168) ParNew: 139580K->396K(157376K)
[23.029s][info ][gc,heap        ] GC(1168) CMS: 3754K->3754K(349568K)
[23.029s][info ][gc,metaspace   ] GC(1168) Metaspace: 16025K(16640K)->16025K(16640K) NonClass: 14284K(14592K)->14284K(14592K) Class: 1740K(2048K)->1740K(2048K)
[23.029s][info ][gc             ] GC(1168) Pause Young (Allocation Failure) 139M->4M(495M) 0.373ms
[23.029s][info ][gc,cpu         ] GC(1168) User=0.00s Sys=0.00s Real=0.01s
[23.037s][info ][gc,start       ] GC(1169) Pause Young (Allocation Failure)
[23.037s][info ][gc,task        ] GC(1169) Using 9 workers of 9 for evacuation
[23.038s][debug][gc,age         ] GC(1169) Desired survivor size 8945664 bytes, new threshold 6 (max threshold 6)
[23.038s][trace][gc,age         ] GC(1169) Age table with threshold 6 (max threshold 6)
[23.038s][trace][gc,age         ] GC(1169) - age   1:        192 bytes,        192 total
[23.038s][info ][gc,heap        ] GC(1169) ParNew: 139976K->8K(157376K)
[23.038s][info ][gc,heap        ] GC(1169) CMS: 3754K->3754K(349568K)
[23.038s][info ][gc,metaspace   ] GC(1169) Metaspace: 16025K(16640K)->16025K(16640K) NonClass: 14284K(14592K)->14284K(14592K) Class: 1740K(2048K)->1740K(2048K)
[23.038s][info ][gc             ] GC(1169) Pause Young (Allocation Failure) 140M->3M(495M) 0.389ms
[23.038s][info ][gc,cpu         ] GC(1169) User=0.01s Sys=0.00s Real=0.00s
[23.046s][info ][gc,start       ] GC(1170) Pause Young (Allocation Failure)
[23.046s][info ][gc,task        ] GC(1170) Using 9 workers of 9 for evacuation
[23.047s][debug][gc,age         ] GC(1170) Desired survivor size 8945664 bytes, new threshold 6 (max threshold 6)
[23.047s][trace][gc,age         ] GC(1170) Age table with threshold 6 (max threshold 6)
[23.047s][trace][gc,age         ] GC(1170) - age   1:        192 bytes,        192 total
[23.047s][info ][gc,heap        ] GC(1170) ParNew: 139740K->6K(157376K)
[23.047s][info ][gc,heap        ] GC(1170) CMS: 3754K->3754K(349568K)
[23.047s][info ][gc,metaspace   ] GC(1170) Metaspace: 16025K(16640K)->16025K(16640K) NonClass: 14284K(14592K)->14284K(14592K) Class: 1740K(2048K)->1740K(2048K)
[23.047s][info ][gc             ] GC(1170) Pause Young (Allocation Failure) 140M->3M(495M) 0.378ms
[23.047s][info ][gc,cpu         ] GC(1170) User=0.00s Sys=0.00s Real=0.00s
[23.055s][info ][gc,start       ] GC(1171) Pause Young (Allocation Failure)
[23.055s][info ][gc,task        ] GC(1171) Using 9 workers of 9 for evacuation
[23.055s][debug][gc,age         ] GC(1171) Desired survivor size 8945664 bytes, new threshold 6 (max threshold 6)
[23.055s][trace][gc,age         ] GC(1171) Age table with threshold 6 (max threshold 6)
[23.055s][trace][gc,age         ] GC(1171) - age   1:     400208 bytes,     400208 total
[23.055s][info ][gc,heap        ] GC(1171) ParNew: 139698K->398K(157376K)
[23.055s][info ][gc,heap        ] GC(1171) CMS: 3754K->3754K(349568K)
[23.055s][info ][gc,metaspace   ] GC(1171) Metaspace: 16025K(16640K)->16025K(16640K) NonClass: 14284K(14592K)->14284K(14592K) Class: 1740K(2048K)->1740K(2048K)
[23.055s][info ][gc             ] GC(1171) Pause Young (Allocation Failure) 140M->4M(495M) 0.369ms
[23.055s][info ][gc,cpu         ] GC(1171) User=0.00s Sys=0.00s Real=0.00s
[23.064s][info ][gc,start       ] GC(1172) Pause Young (Allocation Failure)
[23.064s][info ][gc,task        ] GC(1172) Using 9 workers of 9 for evacuation
[23.064s][debug][gc,age         ] GC(1172) Desired survivor size 8945664 bytes, new threshold 6 (max threshold 6)
[23.064s][trace][gc,age         ] GC(1172) Age table with threshold 6 (max threshold 6)
[23.064s][trace][gc,age         ] GC(1172) - age   1:     400208 bytes,     400208 total
[23.064s][info ][gc,heap        ] GC(1172) ParNew: 140058K->396K(157376K)
[23.064s][info ][gc,heap        ] GC(1172) CMS: 3754K->3754K(349568K)
[23.064s][info ][gc,metaspace   ] GC(1172) Metaspace: 16025K(16640K)->16025K(16640K) NonClass: 14284K(14592K)->14284K(14592K) Class: 1740K(2048K)->1740K(2048K)
[23.064s][info ][gc             ] GC(1172) Pause Young (Allocation Failure) 140M->4M(495M) 0.390ms
[23.064s][info ][gc,cpu         ] GC(1172) User=0.01s Sys=0.00s Real=0.00s
[23.073s][info ][gc,start       ] GC(1173) Pause Young (Allocation Failure)
[23.073s][info ][gc,task        ] GC(1173) Using 9 workers of 9 for evacuation
[23.073s][debug][gc,age         ] GC(1173) Desired survivor size 8945664 bytes, new threshold 6 (max threshold 6)
[23.073s][trace][gc,age         ] GC(1173) Age table with threshold 6 (max threshold 6)
[23.073s][trace][gc,age         ] GC(1173) - age   1:        192 bytes,        192 total
[23.073s][info ][gc,heap        ] GC(1173) ParNew: 140120K->8K(157376K)
[23.073s][info ][gc,heap        ] GC(1173) CMS: 3754K->3754K(349568K)
[23.073s][info ][gc,metaspace   ] GC(1173) Metaspace: 16025K(16640K)->16025K(16640K) NonClass: 14284K(14592K)->14284K(14592K) Class: 1740K(2048K)->1740K(2048K)
[23.073s][info ][gc             ] GC(1173) Pause Young (Allocation Failure) 140M->3M(495M) 0.457ms
[23.073s][info ][gc,cpu         ] GC(1173) User=0.00s Sys=0.00s Real=0.00s
[23.082s][info ][gc,start       ] GC(1174) Pause Young (Allocation Failure)
[23.082s][info ][gc,task        ] GC(1174) Using 9 workers of 9 for evacuation
[23.082s][debug][gc,age         ] GC(1174) Desired survivor size 8945664 bytes, new threshold 6 (max threshold 6)
[23.082s][trace][gc,age         ] GC(1174) Age table with threshold 6 (max threshold 6)
[23.082s][trace][gc,age         ] GC(1174) - age   1:        192 bytes,        192 total
[23.082s][info ][gc,heap        ] GC(1174) ParNew: 139881K->4K(157376K)
[23.082s][info ][gc,heap        ] GC(1174) CMS: 3754K->3754K(349568K)
[23.082s][info ][gc,metaspace   ] GC(1174) Metaspace: 16025K(16640K)->16025K(16640K) NonClass: 14284K(14592K)->14284K(14592K) Class: 1740K(2048K)->1740K(2048K)
[23.082s][info ][gc             ] GC(1174) Pause Young (Allocation Failure) 140M->3M(495M) 0.394ms
[23.082s][info ][gc,cpu         ] GC(1174) User=0.00s Sys=0.00s Real=0.00s
[23.091s][info ][gc,start       ] GC(1175) Pause Young (Allocation Failure)
[23.091s][info ][gc,task        ] GC(1175) Using 9 workers of 9 for evacuation
[23.091s][debug][gc,age         ] GC(1175) Desired survivor size 8945664 bytes, new threshold 6 (max threshold 6)
[23.091s][trace][gc,age         ] GC(1175) Age table with threshold 6 (max threshold 6)
[23.091s][trace][gc,age         ] GC(1175) - age   1:     400208 bytes,     400208 total
[23.091s][info ][gc,heap        ] GC(1175) ParNew: 139845K->398K(157376K)
[23.091s][info ][gc,heap        ] GC(1175) CMS: 3754K->3754K(349568K)
[23.091s][info ][gc,metaspace   ] GC(1175) Metaspace: 16025K(16640K)->16025K(16640K) NonClass: 14284K(14592K)->14284K(14592K) Class: 1740K(2048K)->1740K(2048K)
[23.091s][info ][gc             ] GC(1175) Pause Young (Allocation Failure) 140M->4M(495M) 0.389ms
[23.091s][info ][gc,cpu         ] GC(1175) User=0.00s Sys=0.00s Real=0.00s
[23.099s][info ][gc,start       ] GC(1176) Pause Young (Allocation Failure)
[23.100s][info ][gc,task        ] GC(1176) Using 9 workers of 9 for evacuation
[23.100s][debug][gc,age         ] GC(1176) Desired survivor size 8945664 bytes, new threshold 6 (max threshold 6)
[23.100s][trace][gc,age         ] GC(1176) Age table with threshold 6 (max threshold 6)
[23.100s][trace][gc,age         ] GC(1176) - age   1:        192 bytes,        192 total
[23.100s][info ][gc,heap        ] GC(1176) ParNew: 140018K->6K(157376K)
[23.100s][info ][gc,heap        ] GC(1176) CMS: 3754K->3754K(349568K)
[23.100s][info ][gc,metaspace   ] GC(1176) Metaspace: 16025K(16640K)->16025K(16640K) NonClass: 14284K(14592K)->14284K(14592K) Class: 1740K(2048K)->1740K(2048K)
[23.100s][info ][gc             ] GC(1176) Pause Young (Allocation Failure) 140M->3M(495M) 0.412ms
[23.100s][info ][gc,cpu         ] GC(1176) User=0.01s Sys=0.00s Real=0.00s
[23.108s][info ][gc,start       ] GC(1177) Pause Young (Allocation Failure)
[23.108s][info ][gc,task        ] GC(1177) Using 9 workers of 9 for evacuation
[23.109s][debug][gc,age         ] GC(1177) Desired survivor size 8945664 bytes, new threshold 6 (max threshold 6)
[23.109s][trace][gc,age         ] GC(1177) Age table with threshold 6 (max threshold 6)
[23.109s][trace][gc,age         ] GC(1177) - age   1:     400208 bytes,     400208 total
[23.109s][info ][gc,heap        ] GC(1177) ParNew: 139866K->396K(157376K)
[23.109s][info ][gc,heap        ] GC(1177) CMS: 3754K->3754K(349568K)
[23.109s][info ][gc,metaspace   ] GC(1177) Metaspace: 16025K(16640K)->16025K(16640K) NonClass: 14284K(14592K)->14284K(14592K) Class: 1740K(2048K)->1740K(2048K)
[23.109s][info ][gc             ] GC(1177) Pause Young (Allocation Failure) 140M->4M(495M) 0.353ms
[23.109s][info ][gc,cpu         ] GC(1177) User=0.00s Sys=0.00s Real=0.01s
[23.117s][info ][gc,start       ] GC(1178) Pause Young (Allocation Failure)
[23.117s][info ][gc,task        ] GC(1178) Using 9 workers of 9 for evacuation
[23.117s][debug][gc,age         ] GC(1178) Desired survivor size 8945664 bytes, new threshold 6 (max threshold 6)
[23.117s][trace][gc,age         ] GC(1178) Age table with threshold 6 (max threshold 6)
[23.117s][trace][gc,age         ] GC(1178) - age   1:     400208 bytes,     400208 total
[23.117s][info ][gc,heap        ] GC(1178) ParNew: 140029K->396K(157376K)
[23.117s][info ][gc,heap        ] GC(1178) CMS: 3754K->3754K(349568K)
[23.117s][info ][gc,metaspace   ] GC(1178) Metaspace: 16025K(16640K)->16025K(16640K) NonClass: 14284K(14592K)->14284K(14592K) Class: 1740K(2048K)->1740K(2048K)
[23.118s][info ][gc             ] GC(1178) Pause Young (Allocation Failure) 140M->4M(495M) 0.437ms
[23.118s][info ][gc,cpu         ] GC(1178) User=0.00s Sys=0.00s Real=0.00s
[23.126s][info ][gc,start       ] GC(1179) Pause Young (Allocation Failure)
[23.126s][info ][gc,task        ] GC(1179) Using 9 workers of 9 for evacuation
[23.126s][debug][gc,age         ] GC(1179) Desired survivor size 8945664 bytes, new threshold 6 (max threshold 6)
[23.126s][trace][gc,age         ] GC(1179) Age table with threshold 6 (max threshold 6)
[23.126s][trace][gc,age         ] GC(1179) - age   1:     400208 bytes,     400208 total
[23.126s][info ][gc,heap        ] GC(1179) ParNew: 140175K->396K(157376K)
[23.126s][info ][gc,heap        ] GC(1179) CMS: 3754K->3754K(349568K)
[23.126s][info ][gc,metaspace   ] GC(1179) Metaspace: 16025K(16640K)->16025K(16640K) NonClass: 14284K(14592K)->14284K(14592K) Class: 1740K(2048K)->1740K(2048K)
[23.126s][info ][gc             ] GC(1179) Pause Young (Allocation Failure) 140M->4M(495M) 0.400ms
[23.126s][info ][gc,cpu         ] GC(1179) User=0.01s Sys=0.00s Real=0.00s
[23.135s][info ][gc,start       ] GC(1180) Pause Young (Allocation Failure)
[23.135s][info ][gc,task        ] GC(1180) Using 9 workers of 9 for evacuation
[23.135s][debug][gc,age         ] GC(1180) Desired survivor size 8945664 bytes, new threshold 6 (max threshold 6)
[23.135s][trace][gc,age         ] GC(1180) Age table with threshold 6 (max threshold 6)
[23.135s][trace][gc,age         ] GC(1180) - age   1:     400208 bytes,     400208 total
[23.135s][info ][gc,heap        ] GC(1180) ParNew: 140090K->396K(157376K)
[23.135s][info ][gc,heap        ] GC(1180) CMS: 3754K->3754K(349568K)
[23.135s][info ][gc,metaspace   ] GC(1180) Metaspace: 16025K(16640K)->16025K(16640K) NonClass: 14284K(14592K)->14284K(14592K) Class: 1740K(2048K)->1740K(2048K)
[23.135s][info ][gc             ] GC(1180) Pause Young (Allocation Failure) 140M->4M(495M) 0.430ms
[23.135s][info ][gc,cpu         ] GC(1180) User=0.00s Sys=0.00s Real=0.00s
[23.144s][info ][gc,start       ] GC(1181) Pause Young (Allocation Failure)
[23.144s][info ][gc,task        ] GC(1181) Using 9 workers of 9 for evacuation
[23.144s][debug][gc,age         ] GC(1181) Desired survivor size 8945664 bytes, new threshold 6 (max threshold 6)
[23.144s][trace][gc,age         ] GC(1181) Age table with threshold 6 (max threshold 6)
[23.144s][trace][gc,age         ] GC(1181) - age   1:     400208 bytes,     400208 total
[23.144s][info ][gc,heap        ] GC(1181) ParNew: 140098K->396K(157376K)
[23.144s][info ][gc,heap        ] GC(1181) CMS: 3754K->3754K(349568K)
[23.144s][info ][gc,metaspace   ] GC(1181) Metaspace: 16025K(16640K)->16025K(16640K) NonClass: 14284K(14592K)->14284K(14592K) Class: 1740K(2048K)->1740K(2048K)
[23.144s][info ][gc             ] GC(1181) Pause Young (Allocation Failure) 140M->4M(495M) 0.365ms
[23.144s][info ][gc,cpu         ] GC(1181) User=0.00s Sys=0.00s Real=0.00s
[23.152s][info ][gc,start       ] GC(1182) Pause Young (Allocation Failure)
[23.152s][info ][gc,task        ] GC(1182) Using 9 workers of 9 for evacuation
[23.153s][debug][gc,age         ] GC(1182) Desired survivor size 8945664 bytes, new threshold 6 (max threshold 6)
[23.153s][trace][gc,age         ] GC(1182) Age table with threshold 6 (max threshold 6)
[23.153s][trace][gc,age         ] GC(1182) - age   1:     400208 bytes,     400208 total
[23.153s][info ][gc,heap        ] GC(1182) ParNew: 140233K->396K(157376K)
[23.153s][info ][gc,heap        ] GC(1182) CMS: 3754K->3754K(349568K)
[23.153s][info ][gc,metaspace   ] GC(1182) Metaspace: 16025K(16640K)->16025K(16640K) NonClass: 14284K(14592K)->14284K(14592K) Class: 1740K(2048K)->1740K(2048K)
[23.153s][info ][gc             ] GC(1182) Pause Young (Allocation Failure) 140M->4M(495M) 0.396ms
[23.153s][info ][gc,cpu         ] GC(1182) User=0.00s Sys=0.00s Real=0.00s
[23.161s][info ][gc,start       ] GC(1183) Pause Young (Allocation Failure)
[23.161s][info ][gc,task        ] GC(1183) Using 9 workers of 9 for evacuation
[23.162s][debug][gc,age         ] GC(1183) Desired survivor size 8945664 bytes, new threshold 6 (max threshold 6)
[23.162s][trace][gc,age         ] GC(1183) Age table with threshold 6 (max threshold 6)
[23.162s][trace][gc,age         ] GC(1183) - age   1:        192 bytes,        192 total
[23.162s][info ][gc,heap        ] GC(1183) ParNew: 140016K->4K(157376K)
[23.162s][info ][gc,heap        ] GC(1183) CMS: 3754K->3754K(349568K)
[23.162s][info ][gc,metaspace   ] GC(1183) Metaspace: 16025K(16640K)->16025K(16640K) NonClass: 14284K(14592K)->14284K(14592K) Class: 1740K(2048K)->1740K(2048K)
[23.162s][info ][gc             ] GC(1183) Pause Young (Allocation Failure) 140M->3M(495M) 0.360ms
[23.162s][info ][gc,cpu         ] GC(1183) User=0.01s Sys=0.00s Real=0.00s
[23.170s][info ][gc,start       ] GC(1184) Pause Young (Allocation Failure)
[23.170s][info ][gc,task        ] GC(1184) Using 9 workers of 9 for evacuation
[23.170s][debug][gc,age         ] GC(1184) Desired survivor size 8945664 bytes, new threshold 6 (max threshold 6)
[23.170s][trace][gc,age         ] GC(1184) Age table with threshold 6 (max threshold 6)
[23.170s][trace][gc,age         ] GC(1184) - age   1:        192 bytes,        192 total
[23.170s][info ][gc,heap        ] GC(1184) ParNew: 139727K->8K(157376K)
[23.170s][info ][gc,heap        ] GC(1184) CMS: 3754K->3754K(349568K)
[23.170s][info ][gc,metaspace   ] GC(1184) Metaspace: 16025K(16640K)->16025K(16640K) NonClass: 14284K(14592K)->14284K(14592K) Class: 1740K(2048K)->1740K(2048K)
[23.170s][info ][gc             ] GC(1184) Pause Young (Allocation Failure) 140M->3M(495M) 0.368ms
[23.170s][info ][gc,cpu         ] GC(1184) User=0.00s Sys=0.00s Real=0.00s
[23.179s][info ][gc,start       ] GC(1185) Pause Young (Allocation Failure)
[23.179s][info ][gc,task        ] GC(1185) Using 9 workers of 9 for evacuation
[23.179s][debug][gc,age         ] GC(1185) Desired survivor size 8945664 bytes, new threshold 6 (max threshold 6)
[23.179s][trace][gc,age         ] GC(1185) Age table with threshold 6 (max threshold 6)
[23.179s][trace][gc,age         ] GC(1185) - age   1:     400208 bytes,     400208 total
[23.179s][info ][gc,heap        ] GC(1185) ParNew: 139537K->396K(157376K)
[23.179s][info ][gc,heap        ] GC(1185) CMS: 3754K->3754K(349568K)
[23.179s][info ][gc,metaspace   ] GC(1185) Metaspace: 16025K(16640K)->16025K(16640K) NonClass: 14284K(14592K)->14284K(14592K) Class: 1740K(2048K)->1740K(2048K)
[23.179s][info ][gc             ] GC(1185) Pause Young (Allocation Failure) 139M->4M(495M) 0.392ms
[23.179s][info ][gc,cpu         ] GC(1185) User=0.00s Sys=0.00s Real=0.00s
[23.188s][info ][gc,start       ] GC(1186) Pause Young (Allocation Failure)
[23.188s][info ][gc,task        ] GC(1186) Using 9 workers of 9 for evacuation
[23.188s][debug][gc,age         ] GC(1186) Desired survivor size 8945664 bytes, new threshold 6 (max threshold 6)
[23.188s][trace][gc,age         ] GC(1186) Age table with threshold 6 (max threshold 6)
[23.188s][trace][gc,age         ] GC(1186) - age   1:     400208 bytes,     400208 total
[23.188s][info ][gc,heap        ] GC(1186) ParNew: 139959K->396K(157376K)
[23.188s][info ][gc,heap        ] GC(1186) CMS: 3754K->3754K(349568K)
[23.188s][info ][gc,metaspace   ] GC(1186) Metaspace: 16025K(16640K)->16025K(16640K) NonClass: 14284K(14592K)->14284K(14592K) Class: 1740K(2048K)->1740K(2048K)
[23.188s][info ][gc             ] GC(1186) Pause Young (Allocation Failure) 140M->4M(495M) 0.415ms
[23.188s][info ][gc,cpu         ] GC(1186) User=0.00s Sys=0.00s Real=0.00s
[23.197s][info ][gc,start       ] GC(1187) Pause Young (Allocation Failure)
[23.197s][info ][gc,task        ] GC(1187) Using 9 workers of 9 for evacuation
[23.197s][debug][gc,age         ] GC(1187) Desired survivor size 8945664 bytes, new threshold 6 (max threshold 6)
[23.197s][trace][gc,age         ] GC(1187) Age table with threshold 6 (max threshold 6)
[23.197s][trace][gc,age         ] GC(1187) - age   1:        192 bytes,        192 total
[23.197s][info ][gc,heap        ] GC(1187) ParNew: 140256K->6K(157376K)
[23.197s][info ][gc,heap        ] GC(1187) CMS: 3754K->3754K(349568K)
[23.197s][info ][gc,metaspace   ] GC(1187) Metaspace: 16025K(16640K)->16025K(16640K) NonClass: 14284K(14592K)->14284K(14592K) Class: 1740K(2048K)->1740K(2048K)
[23.197s][info ][gc             ] GC(1187) Pause Young (Allocation Failure) 140M->3M(495M) 0.434ms
[23.197s][info ][gc,cpu         ] GC(1187) User=0.01s Sys=0.00s Real=0.00s
[23.206s][info ][gc,start       ] GC(1188) Pause Young (Allocation Failure)
[23.206s][info ][gc,task        ] GC(1188) Using 9 workers of 9 for evacuation
[23.206s][debug][gc,age         ] GC(1188) Desired survivor size 8945664 bytes, new threshold 6 (max threshold 6)
[23.206s][trace][gc,age         ] GC(1188) Age table with threshold 6 (max threshold 6)
[23.206s][trace][gc,age         ] GC(1188) - age   1:        192 bytes,        192 total
[23.206s][info ][gc,heap        ] GC(1188) ParNew: 139602K->6K(157376K)
[23.206s][info ][gc,heap        ] GC(1188) CMS: 3754K->3754K(349568K)
[23.206s][info ][gc,metaspace   ] GC(1188) Metaspace: 16025K(16640K)->16025K(16640K) NonClass: 14284K(14592K)->14284K(14592K) Class: 1740K(2048K)->1740K(2048K)
[23.206s][info ][gc             ] GC(1188) Pause Young (Allocation Failure) 139M->3M(495M) 0.394ms
[23.206s][info ][gc,cpu         ] GC(1188) User=0.00s Sys=0.00s Real=0.00s
[23.215s][info ][gc,start       ] GC(1189) Pause Young (Allocation Failure)
[23.215s][info ][gc,task        ] GC(1189) Using 9 workers of 9 for evacuation
[23.215s][debug][gc,age         ] GC(1189) Desired survivor size 8945664 bytes, new threshold 6 (max threshold 6)
[23.215s][trace][gc,age         ] GC(1189) Age table with threshold 6 (max threshold 6)
[23.215s][trace][gc,age         ] GC(1189) - age   1:     400208 bytes,     400208 total
[23.215s][info ][gc,heap        ] GC(1189) ParNew: 139762K->396K(157376K)
[23.215s][info ][gc,heap        ] GC(1189) CMS: 3754K->3754K(349568K)
[23.215s][info ][gc,metaspace   ] GC(1189) Metaspace: 16025K(16640K)->16025K(16640K) NonClass: 14284K(14592K)->14284K(14592K) Class: 1740K(2048K)->1740K(2048K)
[23.215s][info ][gc             ] GC(1189) Pause Young (Allocation Failure) 140M->4M(495M) 0.730ms
[23.215s][info ][gc,cpu         ] GC(1189) User=0.01s Sys=0.00s Real=0.00s
[23.224s][info ][gc,start       ] GC(1190) Pause Young (Allocation Failure)
[23.224s][info ][gc,task        ] GC(1190) Using 9 workers of 9 for evacuation
[23.224s][debug][gc,age         ] GC(1190) Desired survivor size 8945664 bytes, new threshold 6 (max threshold 6)
[23.224s][trace][gc,age         ] GC(1190) Age table with threshold 6 (max threshold 6)
[23.224s][trace][gc,age         ] GC(1190) - age   1:        352 bytes,        352 total
[23.224s][info ][gc,heap        ] GC(1190) ParNew: 140082K->8K(157376K)
[23.224s][info ][gc,heap        ] GC(1190) CMS: 3754K->3754K(349568K)
[23.224s][info ][gc,metaspace   ] GC(1190) Metaspace: 16025K(16640K)->16025K(16640K) NonClass: 14284K(14592K)->14284K(14592K) Class: 1740K(2048K)->1740K(2048K)
[23.224s][info ][gc             ] GC(1190) Pause Young (Allocation Failure) 140M->3M(495M) 0.396ms
[23.224s][info ][gc,cpu         ] GC(1190) User=0.01s Sys=0.00s Real=0.00s
[23.233s][info ][gc,start       ] GC(1191) Pause Young (Allocation Failure)
[23.233s][info ][gc,task        ] GC(1191) Using 9 workers of 9 for evacuation
[23.233s][debug][gc,age         ] GC(1191) Desired survivor size 8945664 bytes, new threshold 6 (max threshold 6)
[23.233s][trace][gc,age         ] GC(1191) Age table with threshold 6 (max threshold 6)
[23.233s][trace][gc,age         ] GC(1191) - age   1:     400480 bytes,     400480 total
[23.233s][info ][gc,heap        ] GC(1191) ParNew: 139779K->402K(157376K)
[23.233s][info ][gc,heap        ] GC(1191) CMS: 3754K->3754K(349568K)
[23.233s][info ][gc,metaspace   ] GC(1191) Metaspace: 16025K(16640K)->16025K(16640K) NonClass: 14284K(14592K)->14284K(14592K) Class: 1740K(2048K)->1740K(2048K)
[23.233s][info ][gc             ] GC(1191) Pause Young (Allocation Failure) 140M->4M(495M) 0.540ms
[23.233s][info ][gc,cpu         ] GC(1191) User=0.01s Sys=0.00s Real=0.00s
[23.242s][info ][gc,start       ] GC(1192) Pause Young (Allocation Failure)
[23.242s][info ][gc,task        ] GC(1192) Using 9 workers of 9 for evacuation
[23.242s][debug][gc,age         ] GC(1192) Desired survivor size 8945664 bytes, new threshold 6 (max threshold 6)
[23.242s][trace][gc,age         ] GC(1192) Age table with threshold 6 (max threshold 6)
[23.242s][trace][gc,age         ] GC(1192) - age   1:        464 bytes,        464 total
[23.242s][info ][gc,heap        ] GC(1192) ParNew: 140180K->10K(157376K)
[23.242s][info ][gc,heap        ] GC(1192) CMS: 3754K->3754K(349568K)
[23.242s][info ][gc,metaspace   ] GC(1192) Metaspace: 16025K(16640K)->16025K(16640K) NonClass: 14284K(14592K)->14284K(14592K) Class: 1740K(2048K)->1740K(2048K)
[23.242s][info ][gc             ] GC(1192) Pause Young (Allocation Failure) 140M->3M(495M) 0.467ms
[23.242s][info ][gc,cpu         ] GC(1192) User=0.00s Sys=0.00s Real=0.00s
[23.251s][info ][gc,start       ] GC(1193) Pause Young (Allocation Failure)
[23.251s][info ][gc,task        ] GC(1193) Using 9 workers of 9 for evacuation
[23.252s][debug][gc,age         ] GC(1193) Desired survivor size 8945664 bytes, new threshold 6 (max threshold 6)
[23.252s][trace][gc,age         ] GC(1193) Age table with threshold 6 (max threshold 6)
[23.252s][trace][gc,age         ] GC(1193) - age   1:        464 bytes,        464 total
[23.252s][info ][gc,heap        ] GC(1193) ParNew: 139646K->12K(157376K)
[23.252s][info ][gc,heap        ] GC(1193) CMS: 3754K->3754K(349568K)
[23.252s][info ][gc,metaspace   ] GC(1193) Metaspace: 16025K(16640K)->16025K(16640K) NonClass: 14284K(14592K)->14284K(14592K) Class: 1740K(2048K)->1740K(2048K)
[23.252s][info ][gc             ] GC(1193) Pause Young (Allocation Failure) 140M->3M(495M) 0.438ms
[23.252s][info ][gc,cpu         ] GC(1193) User=0.00s Sys=0.00s Real=0.00s
[23.260s][info ][gc,start       ] GC(1194) Pause Young (Allocation Failure)
[23.260s][info ][gc,task        ] GC(1194) Using 9 workers of 9 for evacuation
[23.260s][debug][gc,age         ] GC(1194) Desired survivor size 8945664 bytes, new threshold 6 (max threshold 6)
[23.260s][trace][gc,age         ] GC(1194) Age table with threshold 6 (max threshold 6)
[23.260s][trace][gc,age         ] GC(1194) - age   1:        464 bytes,        464 total
[23.260s][info ][gc,heap        ] GC(1194) ParNew: 139803K->12K(157376K)
[23.260s][info ][gc,heap        ] GC(1194) CMS: 3754K->3754K(349568K)
[23.260s][info ][gc,metaspace   ] GC(1194) Metaspace: 16025K(16640K)->16025K(16640K) NonClass: 14284K(14592K)->14284K(14592K) Class: 1740K(2048K)->1740K(2048K)
[23.260s][info ][gc             ] GC(1194) Pause Young (Allocation Failure) 140M->3M(495M) 0.443ms
[23.260s][info ][gc,cpu         ] GC(1194) User=0.00s Sys=0.00s Real=0.00s
[23.269s][info ][gc,start       ] GC(1195) Pause Young (Allocation Failure)
[23.269s][info ][gc,task        ] GC(1195) Using 9 workers of 9 for evacuation
[23.269s][debug][gc,age         ] GC(1195) Desired survivor size 8945664 bytes, new threshold 6 (max threshold 6)
[23.269s][trace][gc,age         ] GC(1195) Age table with threshold 6 (max threshold 6)
[23.269s][trace][gc,age         ] GC(1195) - age   1:        352 bytes,        352 total
[23.269s][info ][gc,heap        ] GC(1195) ParNew: 139633K->8K(157376K)
[23.269s][info ][gc,heap        ] GC(1195) CMS: 3754K->3754K(349568K)
[23.269s][info ][gc,metaspace   ] GC(1195) Metaspace: 16025K(16640K)->16025K(16640K) NonClass: 14284K(14592K)->14284K(14592K) Class: 1740K(2048K)->1740K(2048K)
[23.269s][info ][gc             ] GC(1195) Pause Young (Allocation Failure) 140M->3M(495M) 0.373ms
[23.269s][info ][gc,cpu         ] GC(1195) User=0.00s Sys=0.00s Real=0.00s
[23.278s][info ][gc,start       ] GC(1196) Pause Young (Allocation Failure)
[23.278s][info ][gc,task        ] GC(1196) Using 9 workers of 9 for evacuation
[23.278s][debug][gc,age         ] GC(1196) Desired survivor size 8945664 bytes, new threshold 6 (max threshold 6)
[23.279s][trace][gc,age         ] GC(1196) Age table with threshold 6 (max threshold 6)
[23.279s][trace][gc,age         ] GC(1196) - age   1:        352 bytes,        352 total
[23.279s][info ][gc,heap        ] GC(1196) ParNew: 139547K->6K(157376K)
[23.279s][info ][gc,heap        ] GC(1196) CMS: 3754K->3754K(349568K)
[23.279s][info ][gc,metaspace   ] GC(1196) Metaspace: 16025K(16640K)->16025K(16640K) NonClass: 14284K(14592K)->14284K(14592K) Class: 1740K(2048K)->1740K(2048K)
[23.279s][info ][gc             ] GC(1196) Pause Young (Allocation Failure) 139M->3M(495M) 0.462ms
[23.279s][info ][gc,cpu         ] GC(1196) User=0.01s Sys=0.00s Real=0.00s
[23.287s][info ][gc,start       ] GC(1197) Pause Young (Allocation Failure)
[23.287s][info ][gc,task        ] GC(1197) Using 9 workers of 9 for evacuation
[23.287s][debug][gc,age         ] GC(1197) Desired survivor size 8945664 bytes, new threshold 6 (max threshold 6)
[23.288s][trace][gc,age         ] GC(1197) Age table with threshold 6 (max threshold 6)
[23.288s][trace][gc,age         ] GC(1197) - age   1:     400368 bytes,     400368 total
[23.288s][info ][gc,heap        ] GC(1197) ParNew: 139908K->400K(157376K)
[23.288s][info ][gc,heap        ] GC(1197) CMS: 3754K->3754K(349568K)
[23.288s][info ][gc,metaspace   ] GC(1197) Metaspace: 16025K(16640K)->16025K(16640K) NonClass: 14284K(14592K)->14284K(14592K) Class: 1740K(2048K)->1740K(2048K)
[23.288s][info ][gc             ] GC(1197) Pause Young (Allocation Failure) 140M->4M(495M) 0.409ms
[23.288s][info ][gc,cpu         ] GC(1197) User=0.01s Sys=0.00s Real=0.00s
[23.296s][info ][gc,start       ] GC(1198) Pause Young (Allocation Failure)
[23.296s][info ][gc,task        ] GC(1198) Using 9 workers of 9 for evacuation
[23.297s][debug][gc,age         ] GC(1198) Desired survivor size 8945664 bytes, new threshold 6 (max threshold 6)
[23.297s][trace][gc,age         ] GC(1198) Age table with threshold 6 (max threshold 6)
[23.297s][trace][gc,age         ] GC(1198) - age   1:        608 bytes,        608 total
[23.297s][info ][gc,heap        ] GC(1198) ParNew: 140292K->10K(157376K)
[23.297s][info ][gc,heap        ] GC(1198) CMS: 3754K->3754K(349568K)
[23.297s][info ][gc,metaspace   ] GC(1198) Metaspace: 16025K(16640K)->16025K(16640K) NonClass: 14284K(14592K)->14284K(14592K) Class: 1740K(2048K)->1740K(2048K)
[23.297s][info ][gc             ] GC(1198) Pause Young (Allocation Failure) 140M->3M(495M) 0.526ms
[23.297s][info ][gc,cpu         ] GC(1198) User=0.01s Sys=0.00s Real=0.00s
[23.305s][info ][gc,start       ] GC(1199) Pause Young (Allocation Failure)
[23.305s][info ][gc,task        ] GC(1199) Using 9 workers of 9 for evacuation
[23.306s][debug][gc,age         ] GC(1199) Desired survivor size 8945664 bytes, new threshold 6 (max threshold 6)
[23.306s][trace][gc,age         ] GC(1199) Age table with threshold 6 (max threshold 6)
[23.306s][trace][gc,age         ] GC(1199) - age   1:     400544 bytes,     400544 total
[23.306s][trace][gc,age         ] GC(1199) - age   2:         32 bytes,     400576 total
[23.306s][info ][gc,heap        ] GC(1199) ParNew: 139720K->400K(157376K)
[23.306s][info ][gc,heap        ] GC(1199) CMS: 3754K->3754K(349568K)
[23.306s][info ][gc,metaspace   ] GC(1199) Metaspace: 16025K(16640K)->16025K(16640K) NonClass: 14284K(14592K)->14284K(14592K) Class: 1740K(2048K)->1740K(2048K)
[23.306s][info ][gc             ] GC(1199) Pause Young (Allocation Failure) 140M->4M(495M) 0.462ms
[23.306s][info ][gc,cpu         ] GC(1199) User=0.00s Sys=0.00s Real=0.00s
[23.314s][info ][gc,start       ] GC(1200) Pause Young (Allocation Failure)
[23.315s][info ][gc,task        ] GC(1200) Using 9 workers of 9 for evacuation
[23.315s][debug][gc,age         ] GC(1200) Desired survivor size 8945664 bytes, new threshold 6 (max threshold 6)
[23.315s][trace][gc,age         ] GC(1200) Age table with threshold 6 (max threshold 6)
[23.315s][trace][gc,age         ] GC(1200) - age   1:       1120 bytes,       1120 total
[23.315s][info ][gc,heap        ] GC(1200) ParNew: 140153K->12K(157376K)
[23.315s][info ][gc,heap        ] GC(1200) CMS: 3754K->3754K(349568K)
[23.315s][info ][gc,metaspace   ] GC(1200) Metaspace: 16025K(16640K)->16025K(16640K) NonClass: 14284K(14592K)->14284K(14592K) Class: 1740K(2048K)->1740K(2048K)
[23.315s][info ][gc             ] GC(1200) Pause Young (Allocation Failure) 140M->3M(495M) 0.439ms
[23.315s][info ][gc,cpu         ] GC(1200) User=0.00s Sys=0.00s Real=0.00s
[23.323s][info ][gc,start       ] GC(1201) Pause Young (Allocation Failure)
[23.323s][info ][gc,task        ] GC(1201) Using 9 workers of 9 for evacuation
[23.324s][debug][gc,age         ] GC(1201) Desired survivor size 8945664 bytes, new threshold 6 (max threshold 6)
[23.324s][trace][gc,age         ] GC(1201) Age table with threshold 6 (max threshold 6)
[23.324s][trace][gc,age         ] GC(1201) - age   1:     400736 bytes,     400736 total
[23.324s][info ][gc,heap        ] GC(1201) ParNew: 139672K->402K(157376K)
[23.324s][info ][gc,heap        ] GC(1201) CMS: 3754K->3754K(349568K)
[23.324s][info ][gc,metaspace   ] GC(1201) Metaspace: 16025K(16640K)->16025K(16640K) NonClass: 14284K(14592K)->14284K(14592K) Class: 1740K(2048K)->1740K(2048K)
[23.324s][info ][gc             ] GC(1201) Pause Young (Allocation Failure) 140M->4M(495M) 0.547ms
[23.324s][info ][gc,cpu         ] GC(1201) User=0.00s Sys=0.00s Real=0.00s
[23.332s][info ][gc,start       ] GC(1202) Pause Young (Allocation Failure)
[23.332s][info ][gc,task        ] GC(1202) Using 9 workers of 9 for evacuation
[23.333s][debug][gc,age         ] GC(1202) Desired survivor size 8945664 bytes, new threshold 6 (max threshold 6)
[23.333s][trace][gc,age         ] GC(1202) Age table with threshold 6 (max threshold 6)
[23.333s][trace][gc,age         ] GC(1202) - age   1:     400464 bytes,     400464 total
[23.333s][info ][gc,heap        ] GC(1202) ParNew: 140031K->400K(157376K)
[23.333s][info ][gc,heap        ] GC(1202) CMS: 3754K->3754K(349568K)
[23.333s][info ][gc,metaspace   ] GC(1202) Metaspace: 16025K(16640K)->16025K(16640K) NonClass: 14284K(14592K)->14284K(14592K) Class: 1740K(2048K)->1740K(2048K)
[23.333s][info ][gc             ] GC(1202) Pause Young (Allocation Failure) 140M->4M(495M) 0.487ms
[23.333s][info ][gc,cpu         ] GC(1202) User=0.01s Sys=0.00s Real=0.00s
[23.341s][info ][gc,start       ] GC(1203) Pause Young (Allocation Failure)
[23.341s][info ][gc,task        ] GC(1203) Using 9 workers of 9 for evacuation
[23.341s][debug][gc,age         ] GC(1203) Desired survivor size 8945664 bytes, new threshold 6 (max threshold 6)
[23.341s][trace][gc,age         ] GC(1203) Age table with threshold 6 (max threshold 6)
[23.341s][trace][gc,age         ] GC(1203) - age   1:        608 bytes,        608 total
[23.342s][info ][gc,heap        ] GC(1203) ParNew: 140202K->12K(157376K)
[23.342s][info ][gc,heap        ] GC(1203) CMS: 3754K->3754K(349568K)
[23.342s][info ][gc,metaspace   ] GC(1203) Metaspace: 16025K(16640K)->16025K(16640K) NonClass: 14284K(14592K)->14284K(14592K) Class: 1740K(2048K)->1740K(2048K)
[23.342s][info ][gc             ] GC(1203) Pause Young (Allocation Failure) 140M->3M(495M) 0.432ms
[23.342s][info ][gc,cpu         ] GC(1203) User=0.00s Sys=0.00s Real=0.00s
[23.350s][info ][gc,start       ] GC(1204) Pause Young (Allocation Failure)
[23.350s][info ][gc,task        ] GC(1204) Using 9 workers of 9 for evacuation
[23.350s][debug][gc,age         ] GC(1204) Desired survivor size 8945664 bytes, new threshold 6 (max threshold 6)
[23.350s][trace][gc,age         ] GC(1204) Age table with threshold 6 (max threshold 6)
[23.350s][trace][gc,age         ] GC(1204) - age   1:        608 bytes,        608 total
[23.350s][info ][gc,heap        ] GC(1204) ParNew: 139712K->12K(157376K)
[23.350s][info ][gc,heap        ] GC(1204) CMS: 3754K->3754K(349568K)
[23.350s][info ][gc,metaspace   ] GC(1204) Metaspace: 16025K(16640K)->16025K(16640K) NonClass: 14284K(14592K)->14284K(14592K) Class: 1740K(2048K)->1740K(2048K)
[23.350s][info ][gc             ] GC(1204) Pause Young (Allocation Failure) 140M->3M(495M) 0.386ms
[23.350s][info ][gc,cpu         ] GC(1204) User=0.00s Sys=0.00s Real=0.00s
[23.359s][info ][gc,start       ] GC(1205) Pause Young (Allocation Failure)
[23.359s][info ][gc,task        ] GC(1205) Using 9 workers of 9 for evacuation
[23.359s][debug][gc,age         ] GC(1205) Desired survivor size 8945664 bytes, new threshold 6 (max threshold 6)
[23.359s][trace][gc,age         ] GC(1205) Age table with threshold 6 (max threshold 6)
[23.359s][trace][gc,age         ] GC(1205) - age   1:     400624 bytes,     400624 total
[23.359s][info ][gc,heap        ] GC(1205) ParNew: 139575K->398K(157376K)
[23.359s][info ][gc,heap        ] GC(1205) CMS: 3754K->3754K(349568K)
[23.359s][info ][gc,metaspace   ] GC(1205) Metaspace: 16025K(16640K)->16025K(16640K) NonClass: 14284K(14592K)->14284K(14592K) Class: 1740K(2048K)->1740K(2048K)
[23.359s][info ][gc             ] GC(1205) Pause Young (Allocation Failure) 139M->4M(495M) 0.386ms
[23.359s][info ][gc,cpu         ] GC(1205) User=0.01s Sys=0.00s Real=0.00s
[23.368s][info ][gc,start       ] GC(1206) Pause Young (Allocation Failure)
[23.368s][info ][gc,task        ] GC(1206) Using 9 workers of 9 for evacuation
[23.369s][debug][gc,age         ] GC(1206) Desired survivor size 8945664 bytes, new threshold 6 (max threshold 6)
[23.369s][trace][gc,age         ] GC(1206) Age table with threshold 6 (max threshold 6)
[23.369s][trace][gc,age         ] GC(1206) - age   1:        608 bytes,        608 total
[23.369s][info ][gc,heap        ] GC(1206) ParNew: 140130K->10K(157376K)
[23.369s][info ][gc,heap        ] GC(1206) CMS: 3754K->3754K(349568K)
[23.369s][info ][gc,metaspace   ] GC(1206) Metaspace: 16025K(16640K)->16025K(16640K) NonClass: 14284K(14592K)->14284K(14592K) Class: 1740K(2048K)->1740K(2048K)
[23.369s][info ][gc             ] GC(1206) Pause Young (Allocation Failure) 140M->3M(495M) 0.471ms
[23.369s][info ][gc,cpu         ] GC(1206) User=0.00s Sys=0.00s Real=0.00s
[23.377s][info ][gc,start       ] GC(1207) Pause Young (Allocation Failure)
[23.377s][info ][gc,task        ] GC(1207) Using 9 workers of 9 for evacuation
[23.377s][debug][gc,age         ] GC(1207) Desired survivor size 8945664 bytes, new threshold 6 (max threshold 6)
[23.377s][trace][gc,age         ] GC(1207) Age table with threshold 6 (max threshold 6)
[23.377s][trace][gc,age         ] GC(1207) - age   1:        720 bytes,        720 total
[23.377s][info ][gc,heap        ] GC(1207) ParNew: 139707K->12K(157376K)
[23.377s][info ][gc,heap        ] GC(1207) CMS: 3754K->3754K(349568K)
[23.377s][info ][gc,metaspace   ] GC(1207) Metaspace: 16025K(16640K)->16025K(16640K) NonClass: 14284K(14592K)->14284K(14592K) Class: 1740K(2048K)->1740K(2048K)
[23.377s][info ][gc             ] GC(1207) Pause Young (Allocation Failure) 140M->3M(495M) 0.449ms
[23.377s][info ][gc,cpu         ] GC(1207) User=0.01s Sys=0.00s Real=0.00s
[23.386s][info ][gc,start       ] GC(1208) Pause Young (Allocation Failure)
[23.386s][info ][gc,task        ] GC(1208) Using 9 workers of 9 for evacuation
[23.386s][debug][gc,age         ] GC(1208) Desired survivor size 8945664 bytes, new threshold 6 (max threshold 6)
[23.386s][trace][gc,age         ] GC(1208) Age table with threshold 6 (max threshold 6)
[23.386s][trace][gc,age         ] GC(1208) - age   1:     400736 bytes,     400736 total
[23.386s][info ][gc,heap        ] GC(1208) ParNew: 139637K->404K(157376K)
[23.386s][info ][gc,heap        ] GC(1208) CMS: 3754K->3754K(349568K)
[23.386s][info ][gc,metaspace   ] GC(1208) Metaspace: 16025K(16640K)->16025K(16640K) NonClass: 14284K(14592K)->14284K(14592K) Class: 1740K(2048K)->1740K(2048K)
[23.386s][info ][gc             ] GC(1208) Pause Young (Allocation Failure) 140M->4M(495M) 0.494ms
[23.386s][info ][gc,cpu         ] GC(1208) User=0.00s Sys=0.00s Real=0.00s
[23.395s][info ][gc,start       ] GC(1209) Pause Young (Allocation Failure)
[23.395s][info ][gc,task        ] GC(1209) Using 9 workers of 9 for evacuation
[23.395s][debug][gc,age         ] GC(1209) Desired survivor size 8945664 bytes, new threshold 6 (max threshold 6)
[23.395s][trace][gc,age         ] GC(1209) Age table with threshold 6 (max threshold 6)
[23.395s][trace][gc,age         ] GC(1209) - age   1:        720 bytes,        720 total
[23.395s][info ][gc,heap        ] GC(1209) ParNew: 139950K->12K(157376K)
[23.395s][info ][gc,heap        ] GC(1209) CMS: 3754K->3754K(349568K)
[23.395s][info ][gc,metaspace   ] GC(1209) Metaspace: 16025K(16640K)->16025K(16640K) NonClass: 14284K(14592K)->14284K(14592K) Class: 1740K(2048K)->1740K(2048K)
[23.395s][info ][gc             ] GC(1209) Pause Young (Allocation Failure) 140M->3M(495M) 0.413ms
[23.395s][info ][gc,cpu         ] GC(1209) User=0.00s Sys=0.00s Real=0.00s
[23.404s][info ][gc,start       ] GC(1210) Pause Young (Allocation Failure)
[23.404s][info ][gc,task        ] GC(1210) Using 9 workers of 9 for evacuation
[23.404s][debug][gc,age         ] GC(1210) Desired survivor size 8945664 bytes, new threshold 6 (max threshold 6)
[23.404s][trace][gc,age         ] GC(1210) Age table with threshold 6 (max threshold 6)
[23.404s][trace][gc,age         ] GC(1210) - age   1:        720 bytes,        720 total
[23.404s][info ][gc,heap        ] GC(1210) ParNew: 139807K->8K(157376K)
[23.404s][info ][gc,heap        ] GC(1210) CMS: 3754K->3754K(349568K)
[23.404s][info ][gc,metaspace   ] GC(1210) Metaspace: 16025K(16640K)->16025K(16640K) NonClass: 14284K(14592K)->14284K(14592K) Class: 1740K(2048K)->1740K(2048K)
[23.404s][info ][gc             ] GC(1210) Pause Young (Allocation Failure) 140M->3M(495M) 0.432ms
[23.404s][info ][gc,cpu         ] GC(1210) User=0.00s Sys=0.00s Real=0.00s
[23.413s][info ][gc,start       ] GC(1211) Pause Young (Allocation Failure)
[23.413s][info ][gc,task        ] GC(1211) Using 9 workers of 9 for evacuation
[23.413s][debug][gc,age         ] GC(1211) Desired survivor size 8945664 bytes, new threshold 6 (max threshold 6)
[23.413s][trace][gc,age         ] GC(1211) Age table with threshold 6 (max threshold 6)
[23.413s][trace][gc,age         ] GC(1211) - age   1:        608 bytes,        608 total
[23.413s][info ][gc,heap        ] GC(1211) ParNew: 139841K->12K(157376K)
[23.413s][info ][gc,heap        ] GC(1211) CMS: 3754K->3754K(349568K)
[23.413s][info ][gc,metaspace   ] GC(1211) Metaspace: 16025K(16640K)->16025K(16640K) NonClass: 14284K(14592K)->14284K(14592K) Class: 1740K(2048K)->1740K(2048K)
[23.413s][info ][gc             ] GC(1211) Pause Young (Allocation Failure) 140M->3M(495M) 0.431ms
[23.413s][info ][gc,cpu         ] GC(1211) User=0.00s Sys=0.00s Real=0.00s
[23.422s][info ][gc,start       ] GC(1212) Pause Young (Allocation Failure)
[23.422s][info ][gc,task        ] GC(1212) Using 9 workers of 9 for evacuation
[23.423s][debug][gc,age         ] GC(1212) Desired survivor size 8945664 bytes, new threshold 6 (max threshold 6)
[23.423s][trace][gc,age         ] GC(1212) Age table with threshold 6 (max threshold 6)
[23.423s][trace][gc,age         ] GC(1212) - age   1:     400624 bytes,     400624 total
[23.423s][info ][gc,heap        ] GC(1212) ParNew: 139621K->400K(157376K)
[23.423s][info ][gc,heap        ] GC(1212) CMS: 3754K->3754K(349568K)
[23.423s][info ][gc,metaspace   ] GC(1212) Metaspace: 16025K(16640K)->16025K(16640K) NonClass: 14284K(14592K)->14284K(14592K) Class: 1740K(2048K)->1740K(2048K)
[23.423s][info ][gc             ] GC(1212) Pause Young (Allocation Failure) 140M->4M(495M) 0.642ms
[23.423s][info ][gc,cpu         ] GC(1212) User=0.00s Sys=0.00s Real=0.00s
[23.431s][info ][gc,start       ] GC(1213) Pause Young (Allocation Failure)
[23.431s][info ][gc,task        ] GC(1213) Using 9 workers of 9 for evacuation
[23.432s][debug][gc,age         ] GC(1213) Desired survivor size 8945664 bytes, new threshold 6 (max threshold 6)
[23.432s][trace][gc,age         ] GC(1213) Age table with threshold 6 (max threshold 6)
[23.432s][trace][gc,age         ] GC(1213) - age   1:     400624 bytes,     400624 total
[23.432s][info ][gc,heap        ] GC(1213) ParNew: 140211K->404K(157376K)
[23.432s][info ][gc,heap        ] GC(1213) CMS: 3754K->3754K(349568K)
[23.432s][info ][gc,metaspace   ] GC(1213) Metaspace: 16025K(16640K)->16025K(16640K) NonClass: 14284K(14592K)->14284K(14592K) Class: 1740K(2048K)->1740K(2048K)
[23.432s][info ][gc             ] GC(1213) Pause Young (Allocation Failure) 140M->4M(495M) 0.427ms
[23.432s][info ][gc,cpu         ] GC(1213) User=0.00s Sys=0.00s Real=0.00s
[23.440s][info ][gc,start       ] GC(1214) Pause Young (Allocation Failure)
[23.440s][info ][gc,task        ] GC(1214) Using 9 workers of 9 for evacuation
[23.441s][debug][gc,age         ] GC(1214) Desired survivor size 8945664 bytes, new threshold 6 (max threshold 6)
[23.441s][trace][gc,age         ] GC(1214) Age table with threshold 6 (max threshold 6)
[23.441s][trace][gc,age         ] GC(1214) - age   1:     400432 bytes,     400432 total
[23.441s][trace][gc,age         ] GC(1214) - age   2:         32 bytes,     400464 total
[23.441s][info ][gc,heap        ] GC(1214) ParNew: 140285K->398K(157376K)
[23.441s][info ][gc,heap        ] GC(1214) CMS: 3754K->3754K(349568K)
[23.441s][info ][gc,metaspace   ] GC(1214) Metaspace: 16025K(16640K)->16025K(16640K) NonClass: 14284K(14592K)->14284K(14592K) Class: 1740K(2048K)->1740K(2048K)
[23.441s][info ][gc             ] GC(1214) Pause Young (Allocation Failure) 140M->4M(495M) 0.425ms
[23.441s][info ][gc,cpu         ] GC(1214) User=0.00s Sys=0.00s Real=0.00s
[23.450s][info ][gc,start       ] GC(1215) Pause Young (Allocation Failure)
[23.450s][info ][gc,task        ] GC(1215) Using 9 workers of 9 for evacuation
[23.450s][debug][gc,age         ] GC(1215) Desired survivor size 8945664 bytes, new threshold 6 (max threshold 6)
[23.450s][trace][gc,age         ] GC(1215) Age table with threshold 6 (max threshold 6)
[23.450s][trace][gc,age         ] GC(1215) - age   1:     400480 bytes,     400480 total
[23.450s][trace][gc,age         ] GC(1215) - age   2:         64 bytes,     400544 total
[23.450s][trace][gc,age         ] GC(1215) - age   3:         32 bytes,     400576 total
[23.450s][info ][gc,heap        ] GC(1215) ParNew: 140221K->402K(157376K)
[23.450s][info ][gc,heap        ] GC(1215) CMS: 3754K->3754K(349568K)
[23.450s][info ][gc,metaspace   ] GC(1215) Metaspace: 16025K(16640K)->16025K(16640K) NonClass: 14284K(14592K)->14284K(14592K) Class: 1740K(2048K)->1740K(2048K)
[23.450s][info ][gc             ] GC(1215) Pause Young (Allocation Failure) 140M->4M(495M) 0.469ms
[23.450s][info ][gc,cpu         ] GC(1215) User=0.01s Sys=0.00s Real=0.00s
[23.459s][info ][gc,start       ] GC(1216) Pause Young (Allocation Failure)
[23.459s][info ][gc,task        ] GC(1216) Using 9 workers of 9 for evacuation
[23.459s][debug][gc,age         ] GC(1216) Desired survivor size 8945664 bytes, new threshold 6 (max threshold 6)
[23.459s][trace][gc,age         ] GC(1216) Age table with threshold 6 (max threshold 6)
[23.459s][trace][gc,age         ] GC(1216) - age   1:     400368 bytes,     400368 total
[23.459s][trace][gc,age         ] GC(1216) - age   3:         64 bytes,     400432 total
[23.459s][trace][gc,age         ] GC(1216) - age   4:         32 bytes,     400464 total
[23.459s][info ][gc,heap        ] GC(1216) ParNew: 140269K->404K(157376K)
[23.459s][info ][gc,heap        ] GC(1216) CMS: 3754K->3754K(349568K)
[23.459s][info ][gc,metaspace   ] GC(1216) Metaspace: 16025K(16640K)->16025K(16640K) NonClass: 14284K(14592K)->14284K(14592K) Class: 1740K(2048K)->1740K(2048K)
[23.459s][info ][gc             ] GC(1216) Pause Young (Allocation Failure) 140M->4M(495M) 0.401ms
[23.459s][info ][gc,cpu         ] GC(1216) User=0.00s Sys=0.00s Real=0.01s
[23.468s][info ][gc,start       ] GC(1217) Pause Young (Allocation Failure)
[23.468s][info ][gc,task        ] GC(1217) Using 9 workers of 9 for evacuation
[23.468s][debug][gc,age         ] GC(1217) Desired survivor size 8945664 bytes, new threshold 6 (max threshold 6)
[23.468s][trace][gc,age         ] GC(1217) Age table with threshold 6 (max threshold 6)
[23.468s][trace][gc,age         ] GC(1217) - age   1:     400208 bytes,     400208 total
[23.468s][trace][gc,age         ] GC(1217) - age   2:        160 bytes,     400368 total
[23.468s][trace][gc,age         ] GC(1217) - age   4:         64 bytes,     400432 total
[23.468s][trace][gc,age         ] GC(1217) - age   5:         32 bytes,     400464 total
[23.468s][info ][gc,heap        ] GC(1217) ParNew: 140208K->400K(157376K)
[23.468s][info ][gc,heap        ] GC(1217) CMS: 3754K->3754K(349568K)
[23.468s][info ][gc,metaspace   ] GC(1217) Metaspace: 16025K(16640K)->16025K(16640K) NonClass: 14284K(14592K)->14284K(14592K) Class: 1740K(2048K)->1740K(2048K)
[23.468s][info ][gc             ] GC(1217) Pause Young (Allocation Failure) 140M->4M(495M) 0.416ms
[23.468s][info ][gc,cpu         ] GC(1217) User=0.00s Sys=0.00s Real=0.00s
[23.477s][info ][gc,start       ] GC(1218) Pause Young (Allocation Failure)
[23.477s][info ][gc,task        ] GC(1218) Using 9 workers of 9 for evacuation
[23.477s][debug][gc,age         ] GC(1218) Desired survivor size 8945664 bytes, new threshold 6 (max threshold 6)
[23.477s][trace][gc,age         ] GC(1218) Age table with threshold 6 (max threshold 6)
[23.477s][trace][gc,age         ] GC(1218) - age   1:     400208 bytes,     400208 total
[23.477s][trace][gc,age         ] GC(1218) - age   3:        160 bytes,     400368 total
[23.477s][trace][gc,age         ] GC(1218) - age   5:         64 bytes,     400432 total
[23.477s][trace][gc,age         ] GC(1218) - age   6:         32 bytes,     400464 total
[23.477s][info ][gc,heap        ] GC(1218) ParNew: 140258K->402K(157376K)
[23.477s][info ][gc,heap        ] GC(1218) CMS: 3754K->3754K(349568K)
[23.477s][info ][gc,metaspace   ] GC(1218) Metaspace: 16025K(16640K)->16025K(16640K) NonClass: 14284K(14592K)->14284K(14592K) Class: 1740K(2048K)->1740K(2048K)
[23.477s][info ][gc             ] GC(1218) Pause Young (Allocation Failure) 140M->4M(495M) 0.363ms
[23.477s][info ][gc,cpu         ] GC(1218) User=0.01s Sys=0.00s Real=0.00s
[23.485s][info ][gc,start       ] GC(1219) Pause Young (Allocation Failure)
[23.485s][info ][gc,task        ] GC(1219) Using 9 workers of 9 for evacuation
[23.486s][debug][gc,age         ] GC(1219) Desired survivor size 8945664 bytes, new threshold 6 (max threshold 6)
[23.486s][trace][gc,age         ] GC(1219) Age table with threshold 6 (max threshold 6)
[23.486s][trace][gc,age         ] GC(1219) - age   1:        192 bytes,        192 total
[23.486s][trace][gc,age         ] GC(1219) - age   4:        160 bytes,        352 total
[23.486s][trace][gc,age         ] GC(1219) - age   6:         64 bytes,        416 total
[23.486s][info ][gc,heap        ] GC(1219) ParNew: 140154K->10K(157376K)
[23.486s][info ][gc,heap        ] GC(1219) CMS: 3754K->3754K(349568K)
[23.486s][info ][gc,metaspace   ] GC(1219) Metaspace: 16025K(16640K)->16025K(16640K) NonClass: 14284K(14592K)->14284K(14592K) Class: 1740K(2048K)->1740K(2048K)
[23.486s][info ][gc             ] GC(1219) Pause Young (Allocation Failure) 140M->3M(495M) 0.337ms
[23.486s][info ][gc,cpu         ] GC(1219) User=0.00s Sys=0.00s Real=0.00s
[23.494s][info ][gc,start       ] GC(1220) Pause Young (Allocation Failure)
[23.494s][info ][gc,task        ] GC(1220) Using 9 workers of 9 for evacuation
[23.495s][debug][gc,age         ] GC(1220) Desired survivor size 8945664 bytes, new threshold 6 (max threshold 6)
[23.495s][trace][gc,age         ] GC(1220) Age table with threshold 6 (max threshold 6)
[23.495s][trace][gc,age         ] GC(1220) - age   1:        192 bytes,        192 total
[23.495s][trace][gc,age         ] GC(1220) - age   5:        160 bytes,        352 total
[23.495s][info ][gc,heap        ] GC(1220) ParNew: 139804K->6K(157376K)
[23.495s][info ][gc,heap        ] GC(1220) CMS: 3754K->3754K(349568K)
[23.495s][info ][gc,metaspace   ] GC(1220) Metaspace: 16025K(16640K)->16025K(16640K) NonClass: 14284K(14592K)->14284K(14592K) Class: 1740K(2048K)->1740K(2048K)
[23.495s][info ][gc             ] GC(1220) Pause Young (Allocation Failure) 140M->3M(495M) 0.967ms
[23.495s][info ][gc,cpu         ] GC(1220) User=0.00s Sys=0.00s Real=0.00s
[23.503s][info ][gc,start       ] GC(1221) Pause Young (Allocation Failure)
[23.503s][info ][gc,task        ] GC(1221) Using 9 workers of 9 for evacuation
[23.504s][debug][gc,age         ] GC(1221) Desired survivor size 8945664 bytes, new threshold 6 (max threshold 6)
[23.504s][trace][gc,age         ] GC(1221) Age table with threshold 6 (max threshold 6)
[23.504s][trace][gc,age         ] GC(1221) - age   1:     400208 bytes,     400208 total
[23.504s][trace][gc,age         ] GC(1221) - age   6:        160 bytes,     400368 total
[23.504s][info ][gc,heap        ] GC(1221) ParNew: 139753K->400K(157376K)
[23.504s][info ][gc,heap        ] GC(1221) CMS: 3754K->3754K(349568K)
[23.504s][info ][gc,metaspace   ] GC(1221) Metaspace: 16025K(16640K)->16025K(16640K) NonClass: 14284K(14592K)->14284K(14592K) Class: 1740K(2048K)->1740K(2048K)
[23.504s][info ][gc             ] GC(1221) Pause Young (Allocation Failure) 140M->4M(495M) 0.413ms
[23.504s][info ][gc,cpu         ] GC(1221) User=0.00s Sys=0.00s Real=0.00s
[23.513s][info ][gc,start       ] GC(1222) Pause Young (Allocation Failure)
[23.513s][info ][gc,task        ] GC(1222) Using 9 workers of 9 for evacuation
[23.513s][debug][gc,age         ] GC(1222) Desired survivor size 8945664 bytes, new threshold 6 (max threshold 6)
[23.513s][trace][gc,age         ] GC(1222) Age table with threshold 6 (max threshold 6)
[23.513s][trace][gc,age         ] GC(1222) - age   1:     400208 bytes,     400208 total
[23.513s][info ][gc,heap        ] GC(1222) ParNew: 140198K->396K(157376K)
[23.513s][info ][gc,heap        ] GC(1222) CMS: 3754K->3754K(349568K)
[23.513s][info ][gc,metaspace   ] GC(1222) Metaspace: 16025K(16640K)->16025K(16640K) NonClass: 14284K(14592K)->14284K(14592K) Class: 1740K(2048K)->1740K(2048K)
[23.513s][info ][gc             ] GC(1222) Pause Young (Allocation Failure) 140M->4M(495M) 0.423ms
[23.513s][info ][gc,cpu         ] GC(1222) User=0.00s Sys=0.00s Real=0.00s
[23.522s][info ][gc,start       ] GC(1223) Pause Young (Allocation Failure)
[23.522s][info ][gc,task        ] GC(1223) Using 9 workers of 9 for evacuation
[23.522s][debug][gc,age         ] GC(1223) Desired survivor size 8945664 bytes, new threshold 6 (max threshold 6)
[23.522s][trace][gc,age         ] GC(1223) Age table with threshold 6 (max threshold 6)
[23.522s][trace][gc,age         ] GC(1223) - age   1:        192 bytes,        192 total
[23.522s][info ][gc,heap        ] GC(1223) ParNew: 140210K->6K(157376K)
[23.522s][info ][gc,heap        ] GC(1223) CMS: 3754K->3754K(349568K)
[23.522s][info ][gc,metaspace   ] GC(1223) Metaspace: 16025K(16640K)->16025K(16640K) NonClass: 14284K(14592K)->14284K(14592K) Class: 1740K(2048K)->1740K(2048K)
[23.522s][info ][gc             ] GC(1223) Pause Young (Allocation Failure) 140M->3M(495M) 0.344ms
[23.522s][info ][gc,cpu         ] GC(1223) User=0.00s Sys=0.00s Real=0.00s
[23.530s][info ][gc,start       ] GC(1224) Pause Young (Allocation Failure)
[23.530s][info ][gc,task        ] GC(1224) Using 9 workers of 9 for evacuation
[23.531s][debug][gc,age         ] GC(1224) Desired survivor size 8945664 bytes, new threshold 6 (max threshold 6)
[23.531s][trace][gc,age         ] GC(1224) Age table with threshold 6 (max threshold 6)
[23.531s][trace][gc,age         ] GC(1224) - age   1:        192 bytes,        192 total
[23.531s][info ][gc,heap        ] GC(1224) ParNew: 139867K->6K(157376K)
[23.531s][info ][gc,heap        ] GC(1224) CMS: 3754K->3754K(349568K)
[23.531s][info ][gc,metaspace   ] GC(1224) Metaspace: 16025K(16640K)->16025K(16640K) NonClass: 14284K(14592K)->14284K(14592K) Class: 1740K(2048K)->1740K(2048K)
[23.531s][info ][gc             ] GC(1224) Pause Young (Allocation Failure) 140M->3M(495M) 0.423ms
[23.531s][info ][gc,cpu         ] GC(1224) User=0.00s Sys=0.00s Real=0.00s
[23.539s][info ][gc,start       ] GC(1225) Pause Young (Allocation Failure)
[23.539s][info ][gc,task        ] GC(1225) Using 9 workers of 9 for evacuation
[23.539s][debug][gc,age         ] GC(1225) Desired survivor size 8945664 bytes, new threshold 6 (max threshold 6)
[23.539s][trace][gc,age         ] GC(1225) Age table with threshold 6 (max threshold 6)
[23.539s][trace][gc,age         ] GC(1225) - age   1:     400208 bytes,     400208 total
[23.539s][info ][gc,heap        ] GC(1225) ParNew: 139859K->398K(157376K)
[23.539s][info ][gc,heap        ] GC(1225) CMS: 3754K->3754K(349568K)
[23.539s][info ][gc,metaspace   ] GC(1225) Metaspace: 16025K(16640K)->16025K(16640K) NonClass: 14284K(14592K)->14284K(14592K) Class: 1740K(2048K)->1740K(2048K)
[23.539s][info ][gc             ] GC(1225) Pause Young (Allocation Failure) 140M->4M(495M) 0.384ms
[23.539s][info ][gc,cpu         ] GC(1225) User=0.01s Sys=0.00s Real=0.00s
[23.548s][info ][gc,start       ] GC(1226) Pause Young (Allocation Failure)
[23.548s][info ][gc,task        ] GC(1226) Using 9 workers of 9 for evacuation
[23.548s][debug][gc,age         ] GC(1226) Desired survivor size 8945664 bytes, new threshold 6 (max threshold 6)
[23.548s][trace][gc,age         ] GC(1226) Age table with threshold 6 (max threshold 6)
[23.548s][trace][gc,age         ] GC(1226) - age   1:        192 bytes,        192 total
[23.548s][info ][gc,heap        ] GC(1226) ParNew: 140119K->6K(157376K)
[23.548s][info ][gc,heap        ] GC(1226) CMS: 3754K->3754K(349568K)
[23.548s][info ][gc,metaspace   ] GC(1226) Metaspace: 16025K(16640K)->16025K(16640K) NonClass: 14284K(14592K)->14284K(14592K) Class: 1740K(2048K)->1740K(2048K)
[23.548s][info ][gc             ] GC(1226) Pause Young (Allocation Failure) 140M->3M(495M) 0.439ms
[23.548s][info ][gc,cpu         ] GC(1226) User=0.00s Sys=0.00s Real=0.00s
[23.557s][info ][gc,start       ] GC(1227) Pause Young (Allocation Failure)
[23.557s][info ][gc,task        ] GC(1227) Using 9 workers of 9 for evacuation
[23.557s][debug][gc,age         ] GC(1227) Desired survivor size 8945664 bytes, new threshold 6 (max threshold 6)
[23.557s][trace][gc,age         ] GC(1227) Age table with threshold 6 (max threshold 6)
[23.557s][trace][gc,age         ] GC(1227) - age   1:        192 bytes,        192 total
[23.557s][info ][gc,heap        ] GC(1227) ParNew: 139585K->8K(157376K)
[23.557s][info ][gc,heap        ] GC(1227) CMS: 3754K->3754K(349568K)
[23.557s][info ][gc,metaspace   ] GC(1227) Metaspace: 16025K(16640K)->16025K(16640K) NonClass: 14284K(14592K)->14284K(14592K) Class: 1740K(2048K)->1740K(2048K)
[23.557s][info ][gc             ] GC(1227) Pause Young (Allocation Failure) 139M->3M(495M) 0.436ms
[23.557s][info ][gc,cpu         ] GC(1227) User=0.01s Sys=0.00s Real=0.00s
[23.566s][info ][gc,start       ] GC(1228) Pause Young (Allocation Failure)
[23.566s][info ][gc,task        ] GC(1228) Using 9 workers of 9 for evacuation
[23.566s][debug][gc,age         ] GC(1228) Desired survivor size 8945664 bytes, new threshold 6 (max threshold 6)
[23.566s][trace][gc,age         ] GC(1228) Age table with threshold 6 (max threshold 6)
[23.566s][trace][gc,age         ] GC(1228) - age   1:        192 bytes,        192 total
[23.566s][info ][gc,heap        ] GC(1228) ParNew: 139829K->6K(157376K)
[23.566s][info ][gc,heap        ] GC(1228) CMS: 3754K->3754K(349568K)
[23.566s][info ][gc,metaspace   ] GC(1228) Metaspace: 16025K(16640K)->16025K(16640K) NonClass: 14284K(14592K)->14284K(14592K) Class: 1740K(2048K)->1740K(2048K)
[23.566s][info ][gc             ] GC(1228) Pause Young (Allocation Failure) 140M->3M(495M) 0.394ms
[23.566s][info ][gc,cpu         ] GC(1228) User=0.00s Sys=0.00s Real=0.00s
[23.575s][info ][gc,start       ] GC(1229) Pause Young (Allocation Failure)
[23.575s][info ][gc,task        ] GC(1229) Using 9 workers of 9 for evacuation
[23.575s][debug][gc,age         ] GC(1229) Desired survivor size 8945664 bytes, new threshold 6 (max threshold 6)
[23.575s][trace][gc,age         ] GC(1229) Age table with threshold 6 (max threshold 6)
[23.575s][trace][gc,age         ] GC(1229) - age   1:     400208 bytes,     400208 total
[23.575s][info ][gc,heap        ] GC(1229) ParNew: 139545K->396K(157376K)
[23.575s][info ][gc,heap        ] GC(1229) CMS: 3754K->3754K(349568K)
[23.575s][info ][gc,metaspace   ] GC(1229) Metaspace: 16025K(16640K)->16025K(16640K) NonClass: 14284K(14592K)->14284K(14592K) Class: 1740K(2048K)->1740K(2048K)
[23.575s][info ][gc             ] GC(1229) Pause Young (Allocation Failure) 139M->4M(495M) 0.454ms
[23.575s][info ][gc,cpu         ] GC(1229) User=0.01s Sys=0.00s Real=0.00s
[23.584s][info ][gc,start       ] GC(1230) Pause Young (Allocation Failure)
[23.584s][info ][gc,task        ] GC(1230) Using 9 workers of 9 for evacuation
[23.584s][debug][gc,age         ] GC(1230) Desired survivor size 8945664 bytes, new threshold 6 (max threshold 6)
[23.584s][trace][gc,age         ] GC(1230) Age table with threshold 6 (max threshold 6)
[23.584s][trace][gc,age         ] GC(1230) - age   1:        192 bytes,        192 total
[23.584s][info ][gc,heap        ] GC(1230) ParNew: 140037K->6K(157376K)
[23.584s][info ][gc,heap        ] GC(1230) CMS: 3754K->3754K(349568K)
[23.584s][info ][gc,metaspace   ] GC(1230) Metaspace: 16025K(16640K)->16025K(16640K) NonClass: 14284K(14592K)->14284K(14592K) Class: 1740K(2048K)->1740K(2048K)
[23.584s][info ][gc             ] GC(1230) Pause Young (Allocation Failure) 140M->3M(495M) 0.424ms
[23.584s][info ][gc,cpu         ] GC(1230) User=0.00s Sys=0.01s Real=0.00s
[23.593s][info ][gc,start       ] GC(1231) Pause Young (Allocation Failure)
[23.593s][info ][gc,task        ] GC(1231) Using 9 workers of 9 for evacuation
[23.593s][debug][gc,age         ] GC(1231) Desired survivor size 8945664 bytes, new threshold 6 (max threshold 6)
[23.593s][trace][gc,age         ] GC(1231) Age table with threshold 6 (max threshold 6)
[23.593s][trace][gc,age         ] GC(1231) - age   1:        192 bytes,        192 total
[23.593s][info ][gc,heap        ] GC(1231) ParNew: 139788K->6K(157376K)
[23.593s][info ][gc,heap        ] GC(1231) CMS: 3754K->3754K(349568K)
[23.593s][info ][gc,metaspace   ] GC(1231) Metaspace: 16025K(16640K)->16025K(16640K) NonClass: 14284K(14592K)->14284K(14592K) Class: 1740K(2048K)->1740K(2048K)
[23.593s][info ][gc             ] GC(1231) Pause Young (Allocation Failure) 140M->3M(495M) 0.378ms
[23.593s][info ][gc,cpu         ] GC(1231) User=0.00s Sys=0.00s Real=0.00s
[23.602s][info ][gc,start       ] GC(1232) Pause Young (Allocation Failure)
[23.602s][info ][gc,task        ] GC(1232) Using 9 workers of 9 for evacuation
[23.602s][debug][gc,age         ] GC(1232) Desired survivor size 8945664 bytes, new threshold 6 (max threshold 6)
[23.602s][trace][gc,age         ] GC(1232) Age table with threshold 6 (max threshold 6)
[23.602s][trace][gc,age         ] GC(1232) - age   1:        192 bytes,        192 total
[23.602s][info ][gc,heap        ] GC(1232) ParNew: 139573K->8K(157376K)
[23.602s][info ][gc,heap        ] GC(1232) CMS: 3754K->3754K(349568K)
[23.602s][info ][gc,metaspace   ] GC(1232) Metaspace: 16025K(16640K)->16025K(16640K) NonClass: 14284K(14592K)->14284K(14592K) Class: 1740K(2048K)->1740K(2048K)
[23.602s][info ][gc             ] GC(1232) Pause Young (Allocation Failure) 139M->3M(495M) 0.561ms
[23.602s][info ][gc,cpu         ] GC(1232) User=0.00s Sys=0.00s Real=0.00s
[23.610s][info ][gc,start       ] GC(1233) Pause Young (Allocation Failure)
[23.610s][info ][gc,task        ] GC(1233) Using 9 workers of 9 for evacuation
[23.611s][debug][gc,age         ] GC(1233) Desired survivor size 8945664 bytes, new threshold 6 (max threshold 6)
[23.611s][trace][gc,age         ] GC(1233) Age table with threshold 6 (max threshold 6)
[23.611s][trace][gc,age         ] GC(1233) - age   1:        192 bytes,        192 total
[23.611s][info ][gc,heap        ] GC(1233) ParNew: 139632K->6K(157376K)
[23.611s][info ][gc,heap        ] GC(1233) CMS: 3754K->3754K(349568K)
[23.611s][info ][gc,metaspace   ] GC(1233) Metaspace: 16025K(16640K)->16025K(16640K) NonClass: 14284K(14592K)->14284K(14592K) Class: 1740K(2048K)->1740K(2048K)
[23.611s][info ][gc             ] GC(1233) Pause Young (Allocation Failure) 140M->3M(495M) 0.850ms
[23.611s][info ][gc,cpu         ] GC(1233) User=0.01s Sys=0.00s Real=0.00s
[23.620s][info ][gc,start       ] GC(1234) Pause Young (Allocation Failure)
[23.620s][info ][gc,task        ] GC(1234) Using 9 workers of 9 for evacuation
[23.620s][debug][gc,age         ] GC(1234) Desired survivor size 8945664 bytes, new threshold 6 (max threshold 6)
[23.620s][trace][gc,age         ] GC(1234) Age table with threshold 6 (max threshold 6)
[23.620s][trace][gc,age         ] GC(1234) - age   1:     400208 bytes,     400208 total
[23.620s][info ][gc,heap        ] GC(1234) ParNew: 139836K->396K(157376K)
[23.620s][info ][gc,heap        ] GC(1234) CMS: 3754K->3754K(349568K)
[23.620s][info ][gc,metaspace   ] GC(1234) Metaspace: 16025K(16640K)->16025K(16640K) NonClass: 14284K(14592K)->14284K(14592K) Class: 1740K(2048K)->1740K(2048K)
[23.620s][info ][gc             ] GC(1234) Pause Young (Allocation Failure) 140M->4M(495M) 0.379ms
[23.620s][info ][gc,cpu         ] GC(1234) User=0.00s Sys=0.00s Real=0.00s
[23.629s][info ][gc,start       ] GC(1235) Pause Young (Allocation Failure)
[23.629s][info ][gc,task        ] GC(1235) Using 9 workers of 9 for evacuation
[23.629s][debug][gc,age         ] GC(1235) Desired survivor size 8945664 bytes, new threshold 6 (max threshold 6)
[23.629s][trace][gc,age         ] GC(1235) Age table with threshold 6 (max threshold 6)
[23.629s][trace][gc,age         ] GC(1235) - age   1:     400208 bytes,     400208 total
[23.629s][info ][gc,heap        ] GC(1235) ParNew: 139988K->398K(157376K)
[23.629s][info ][gc,heap        ] GC(1235) CMS: 3754K->3754K(349568K)
[23.629s][info ][gc,metaspace   ] GC(1235) Metaspace: 16025K(16640K)->16025K(16640K) NonClass: 14284K(14592K)->14284K(14592K) Class: 1740K(2048K)->1740K(2048K)
[23.629s][info ][gc             ] GC(1235) Pause Young (Allocation Failure) 140M->4M(495M) 0.503ms
[23.629s][info ][gc,cpu         ] GC(1235) User=0.00s Sys=0.00s Real=0.00s
[23.639s][info ][gc,start       ] GC(1236) Pause Young (Allocation Failure)
[23.639s][info ][gc,task        ] GC(1236) Using 9 workers of 9 for evacuation
[23.640s][debug][gc,age         ] GC(1236) Desired survivor size 8945664 bytes, new threshold 6 (max threshold 6)
[23.640s][trace][gc,age         ] GC(1236) Age table with threshold 6 (max threshold 6)
[23.640s][trace][gc,age         ] GC(1236) - age   1:     400208 bytes,     400208 total
[23.640s][info ][gc,heap        ] GC(1236) ParNew: 140175K->396K(157376K)
[23.640s][info ][gc,heap        ] GC(1236) CMS: 3754K->3754K(349568K)
[23.640s][info ][gc,metaspace   ] GC(1236) Metaspace: 16025K(16640K)->16025K(16640K) NonClass: 14284K(14592K)->14284K(14592K) Class: 1740K(2048K)->1740K(2048K)
[23.640s][info ][gc             ] GC(1236) Pause Young (Allocation Failure) 140M->4M(495M) 0.391ms
[23.640s][info ][gc,cpu         ] GC(1236) User=0.00s Sys=0.00s Real=0.00s
[23.649s][info ][gc,start       ] GC(1237) Pause Young (Allocation Failure)
[23.649s][info ][gc,task        ] GC(1237) Using 9 workers of 9 for evacuation
[23.650s][debug][gc,age         ] GC(1237) Desired survivor size 8945664 bytes, new threshold 6 (max threshold 6)
[23.650s][trace][gc,age         ] GC(1237) Age table with threshold 6 (max threshold 6)
[23.650s][trace][gc,age         ] GC(1237) - age   1:        192 bytes,        192 total
[23.650s][info ][gc,heap        ] GC(1237) ParNew: 139933K->6K(157376K)
[23.650s][info ][gc,heap        ] GC(1237) CMS: 3754K->3754K(349568K)
[23.650s][info ][gc,metaspace   ] GC(1237) Metaspace: 16025K(16640K)->16025K(16640K) NonClass: 14284K(14592K)->14284K(14592K) Class: 1740K(2048K)->1740K(2048K)
[23.650s][info ][gc             ] GC(1237) Pause Young (Allocation Failure) 140M->3M(495M) 0.411ms
[23.650s][info ][gc,cpu         ] GC(1237) User=0.00s Sys=0.00s Real=0.00s
[23.659s][info ][gc,start       ] GC(1238) Pause Young (Allocation Failure)
[23.659s][info ][gc,task        ] GC(1238) Using 9 workers of 9 for evacuation
[23.659s][debug][gc,age         ] GC(1238) Desired survivor size 8945664 bytes, new threshold 6 (max threshold 6)
[23.659s][trace][gc,age         ] GC(1238) Age table with threshold 6 (max threshold 6)
[23.659s][trace][gc,age         ] GC(1238) - age   1:     400208 bytes,     400208 total
[23.659s][info ][gc,heap        ] GC(1238) ParNew: 139890K->394K(157376K)
[23.659s][info ][gc,heap        ] GC(1238) CMS: 3754K->3754K(349568K)
[23.659s][info ][gc,metaspace   ] GC(1238) Metaspace: 16025K(16640K)->16025K(16640K) NonClass: 14284K(14592K)->14284K(14592K) Class: 1740K(2048K)->1740K(2048K)
[23.659s][info ][gc             ] GC(1238) Pause Young (Allocation Failure) 140M->4M(495M) 0.356ms
[23.660s][info ][gc,cpu         ] GC(1238) User=0.00s Sys=0.00s Real=0.00s
[23.669s][info ][gc,start       ] GC(1239) Pause Young (Allocation Failure)
[23.669s][info ][gc,task        ] GC(1239) Using 9 workers of 9 for evacuation
[23.669s][debug][gc,age         ] GC(1239) Desired survivor size 8945664 bytes, new threshold 6 (max threshold 6)
[23.669s][trace][gc,age         ] GC(1239) Age table with threshold 6 (max threshold 6)
[23.669s][trace][gc,age         ] GC(1239) - age   1:        192 bytes,        192 total
[23.669s][info ][gc,heap        ] GC(1239) ParNew: 140040K->8K(157376K)
[23.669s][info ][gc,heap        ] GC(1239) CMS: 3754K->3754K(349568K)
[23.669s][info ][gc,metaspace   ] GC(1239) Metaspace: 16025K(16640K)->16025K(16640K) NonClass: 14284K(14592K)->14284K(14592K) Class: 1740K(2048K)->1740K(2048K)
[23.669s][info ][gc             ] GC(1239) Pause Young (Allocation Failure) 140M->3M(495M) 0.429ms
[23.669s][info ][gc,cpu         ] GC(1239) User=0.00s Sys=0.00s Real=0.00s
[23.679s][info ][gc,start       ] GC(1240) Pause Young (Allocation Failure)
[23.679s][info ][gc,task        ] GC(1240) Using 9 workers of 9 for evacuation
[23.679s][debug][gc,age         ] GC(1240) Desired survivor size 8945664 bytes, new threshold 6 (max threshold 6)
[23.679s][trace][gc,age         ] GC(1240) Age table with threshold 6 (max threshold 6)
[23.679s][trace][gc,age         ] GC(1240) - age   1:     400208 bytes,     400208 total
[23.679s][info ][gc,heap        ] GC(1240) ParNew: 139635K->398K(157376K)
[23.679s][info ][gc,heap        ] GC(1240) CMS: 3754K->3754K(349568K)
[23.679s][info ][gc,metaspace   ] GC(1240) Metaspace: 16025K(16640K)->16025K(16640K) NonClass: 14284K(14592K)->14284K(14592K) Class: 1740K(2048K)->1740K(2048K)
[23.679s][info ][gc             ] GC(1240) Pause Young (Allocation Failure) 140M->4M(495M) 0.429ms
[23.679s][info ][gc,cpu         ] GC(1240) User=0.00s Sys=0.00s Real=0.00s
[23.689s][info ][gc,start       ] GC(1241) Pause Young (Allocation Failure)
[23.689s][info ][gc,task        ] GC(1241) Using 9 workers of 9 for evacuation
[23.689s][debug][gc,age         ] GC(1241) Desired survivor size 8945664 bytes, new threshold 6 (max threshold 6)
[23.689s][trace][gc,age         ] GC(1241) Age table with threshold 6 (max threshold 6)
[23.689s][trace][gc,age         ] GC(1241) - age   1:        192 bytes,        192 total
[23.689s][info ][gc,heap        ] GC(1241) ParNew: 140003K->4K(157376K)
[23.689s][info ][gc,heap        ] GC(1241) CMS: 3754K->3754K(349568K)
[23.689s][info ][gc,metaspace   ] GC(1241) Metaspace: 16025K(16640K)->16025K(16640K) NonClass: 14284K(14592K)->14284K(14592K) Class: 1740K(2048K)->1740K(2048K)
[23.689s][info ][gc             ] GC(1241) Pause Young (Allocation Failure) 140M->3M(495M) 0.428ms
[23.689s][info ][gc,cpu         ] GC(1241) User=0.00s Sys=0.00s Real=0.00s
[23.699s][info ][gc,start       ] GC(1242) Pause Young (Allocation Failure)
[23.699s][info ][gc,task        ] GC(1242) Using 9 workers of 9 for evacuation
[23.700s][debug][gc,age         ] GC(1242) Desired survivor size 8945664 bytes, new threshold 6 (max threshold 6)
[23.700s][trace][gc,age         ] GC(1242) Age table with threshold 6 (max threshold 6)
[23.700s][trace][gc,age         ] GC(1242) - age   1:        192 bytes,        192 total
[23.700s][info ][gc,heap        ] GC(1242) ParNew: 139804K->6K(157376K)
[23.700s][info ][gc,heap        ] GC(1242) CMS: 3754K->3754K(349568K)
[23.700s][info ][gc,metaspace   ] GC(1242) Metaspace: 16025K(16640K)->16025K(16640K) NonClass: 14284K(14592K)->14284K(14592K) Class: 1740K(2048K)->1740K(2048K)
[23.700s][info ][gc             ] GC(1242) Pause Young (Allocation Failure) 140M->3M(495M) 0.562ms
[23.700s][info ][gc,cpu         ] GC(1242) User=0.01s Sys=0.00s Real=0.00s
[23.709s][info ][gc,start       ] GC(1243) Pause Young (Allocation Failure)
[23.709s][info ][gc,task        ] GC(1243) Using 9 workers of 9 for evacuation
[23.710s][debug][gc,age         ] GC(1243) Desired survivor size 8945664 bytes, new threshold 6 (max threshold 6)
[23.710s][trace][gc,age         ] GC(1243) Age table with threshold 6 (max threshold 6)
[23.710s][trace][gc,age         ] GC(1243) - age   1:     400208 bytes,     400208 total
[23.710s][info ][gc,heap        ] GC(1243) ParNew: 139871K->396K(157376K)
[23.710s][info ][gc,heap        ] GC(1243) CMS: 3754K->3754K(349568K)
[23.710s][info ][gc,metaspace   ] GC(1243) Metaspace: 16025K(16640K)->16025K(16640K) NonClass: 14284K(14592K)->14284K(14592K) Class: 1740K(2048K)->1740K(2048K)
[23.710s][info ][gc             ] GC(1243) Pause Young (Allocation Failure) 140M->4M(495M) 0.780ms
[23.710s][info ][gc,cpu         ] GC(1243) User=0.01s Sys=0.00s Real=0.00s
[23.720s][info ][gc,start       ] GC(1244) Pause Young (Allocation Failure)
[23.720s][info ][gc,task        ] GC(1244) Using 9 workers of 9 for evacuation
[23.720s][debug][gc,age         ] GC(1244) Desired survivor size 8945664 bytes, new threshold 6 (max threshold 6)
[23.720s][trace][gc,age         ] GC(1244) Age table with threshold 6 (max threshold 6)
[23.720s][trace][gc,age         ] GC(1244) - age   1:     400208 bytes,     400208 total
[23.720s][info ][gc,heap        ] GC(1244) ParNew: 139939K->398K(157376K)
[23.720s][info ][gc,heap        ] GC(1244) CMS: 3754K->3754K(349568K)
[23.720s][info ][gc,metaspace   ] GC(1244) Metaspace: 16025K(16640K)->16025K(16640K) NonClass: 14284K(14592K)->14284K(14592K) Class: 1740K(2048K)->1740K(2048K)
[23.720s][info ][gc             ] GC(1244) Pause Young (Allocation Failure) 140M->4M(495M) 0.423ms
[23.720s][info ][gc,cpu         ] GC(1244) User=0.00s Sys=0.00s Real=0.00s
[23.730s][info ][gc,start       ] GC(1245) Pause Young (Allocation Failure)
[23.730s][info ][gc,task        ] GC(1245) Using 9 workers of 9 for evacuation
[23.730s][debug][gc,age         ] GC(1245) Desired survivor size 8945664 bytes, new threshold 6 (max threshold 6)
[23.730s][trace][gc,age         ] GC(1245) Age table with threshold 6 (max threshold 6)
[23.730s][trace][gc,age         ] GC(1245) - age   1:     400208 bytes,     400208 total
[23.730s][info ][gc,heap        ] GC(1245) ParNew: 140216K->396K(157376K)
[23.730s][info ][gc,heap        ] GC(1245) CMS: 3754K->3754K(349568K)
[23.730s][info ][gc,metaspace   ] GC(1245) Metaspace: 16025K(16640K)->16025K(16640K) NonClass: 14284K(14592K)->14284K(14592K) Class: 1740K(2048K)->1740K(2048K)
[23.730s][info ][gc             ] GC(1245) Pause Young (Allocation Failure) 140M->4M(495M) 0.409ms
[23.730s][info ][gc,cpu         ] GC(1245) User=0.00s Sys=0.00s Real=0.00s
[23.740s][info ][gc,start       ] GC(1246) Pause Young (Allocation Failure)
[23.740s][info ][gc,task        ] GC(1246) Using 9 workers of 9 for evacuation
[23.740s][debug][gc,age         ] GC(1246) Desired survivor size 8945664 bytes, new threshold 6 (max threshold 6)
[23.740s][trace][gc,age         ] GC(1246) Age table with threshold 6 (max threshold 6)
[23.740s][trace][gc,age         ] GC(1246) - age   1:        192 bytes,        192 total
[23.740s][info ][gc,heap        ] GC(1246) ParNew: 140185K->4K(157376K)
[23.740s][info ][gc,heap        ] GC(1246) CMS: 3754K->3754K(349568K)
[23.740s][info ][gc,metaspace   ] GC(1246) Metaspace: 16025K(16640K)->16025K(16640K) NonClass: 14284K(14592K)->14284K(14592K) Class: 1740K(2048K)->1740K(2048K)
[23.740s][info ][gc             ] GC(1246) Pause Young (Allocation Failure) 140M->3M(495M) 0.398ms
[23.740s][info ][gc,cpu         ] GC(1246) User=0.00s Sys=0.00s Real=0.00s
[23.750s][info ][gc,start       ] GC(1247) Pause Young (Allocation Failure)
[23.750s][info ][gc,task        ] GC(1247) Using 9 workers of 9 for evacuation
[23.750s][debug][gc,age         ] GC(1247) Desired survivor size 8945664 bytes, new threshold 6 (max threshold 6)
[23.750s][trace][gc,age         ] GC(1247) Age table with threshold 6 (max threshold 6)
[23.750s][trace][gc,age         ] GC(1247) - age   1:        192 bytes,        192 total
[23.750s][info ][gc,heap        ] GC(1247) ParNew: 139889K->4K(157376K)
[23.750s][info ][gc,heap        ] GC(1247) CMS: 3754K->3754K(349568K)
[23.750s][info ][gc,metaspace   ] GC(1247) Metaspace: 16025K(16640K)->16025K(16640K) NonClass: 14284K(14592K)->14284K(14592K) Class: 1740K(2048K)->1740K(2048K)
[23.750s][info ][gc             ] GC(1247) Pause Young (Allocation Failure) 140M->3M(495M) 0.443ms
[23.750s][info ][gc,cpu         ] GC(1247) User=0.00s Sys=0.00s Real=0.00s
[23.760s][info ][gc,start       ] GC(1248) Pause Young (Allocation Failure)
[23.760s][info ][gc,task        ] GC(1248) Using 9 workers of 9 for evacuation
[23.760s][debug][gc,age         ] GC(1248) Desired survivor size 8945664 bytes, new threshold 6 (max threshold 6)
[23.760s][trace][gc,age         ] GC(1248) Age table with threshold 6 (max threshold 6)
[23.760s][trace][gc,age         ] GC(1248) - age   1:     400208 bytes,     400208 total
[23.760s][info ][gc,heap        ] GC(1248) ParNew: 139592K->396K(157376K)
[23.760s][info ][gc,heap        ] GC(1248) CMS: 3754K->3754K(349568K)
[23.760s][info ][gc,metaspace   ] GC(1248) Metaspace: 16025K(16640K)->16025K(16640K) NonClass: 14284K(14592K)->14284K(14592K) Class: 1740K(2048K)->1740K(2048K)
[23.760s][info ][gc             ] GC(1248) Pause Young (Allocation Failure) 139M->4M(495M) 0.444ms
[23.760s][info ][gc,cpu         ] GC(1248) User=0.00s Sys=0.00s Real=0.00s
[23.770s][info ][gc,start       ] GC(1249) Pause Young (Allocation Failure)
[23.770s][info ][gc,task        ] GC(1249) Using 9 workers of 9 for evacuation
[23.770s][debug][gc,age         ] GC(1249) Desired survivor size 8945664 bytes, new threshold 6 (max threshold 6)
[23.770s][trace][gc,age         ] GC(1249) Age table with threshold 6 (max threshold 6)
[23.770s][trace][gc,age         ] GC(1249) - age   1:        192 bytes,        192 total
[23.770s][info ][gc,heap        ] GC(1249) ParNew: 140136K->8K(157376K)
[23.770s][info ][gc,heap        ] GC(1249) CMS: 3754K->3754K(349568K)
[23.770s][info ][gc,metaspace   ] GC(1249) Metaspace: 16025K(16640K)->16025K(16640K) NonClass: 14284K(14592K)->14284K(14592K) Class: 1740K(2048K)->1740K(2048K)
[23.770s][info ][gc             ] GC(1249) Pause Young (Allocation Failure) 140M->3M(495M) 0.412ms
[23.770s][info ][gc,cpu         ] GC(1249) User=0.00s Sys=0.00s Real=0.00s
[23.780s][info ][gc,start       ] GC(1250) Pause Young (Allocation Failure)
[23.780s][info ][gc,task        ] GC(1250) Using 9 workers of 9 for evacuation
[23.780s][debug][gc,age         ] GC(1250) Desired survivor size 8945664 bytes, new threshold 6 (max threshold 6)
[23.780s][trace][gc,age         ] GC(1250) Age table with threshold 6 (max threshold 6)
[23.780s][trace][gc,age         ] GC(1250) - age   1:     400208 bytes,     400208 total
[23.780s][info ][gc,heap        ] GC(1250) ParNew: 139555K->394K(157376K)
[23.780s][info ][gc,heap        ] GC(1250) CMS: 3754K->3754K(349568K)
[23.780s][info ][gc,metaspace   ] GC(1250) Metaspace: 16025K(16640K)->16025K(16640K) NonClass: 14284K(14592K)->14284K(14592K) Class: 1740K(2048K)->1740K(2048K)
[23.780s][info ][gc             ] GC(1250) Pause Young (Allocation Failure) 139M->4M(495M) 0.513ms
[23.781s][info ][gc,cpu         ] GC(1250) User=0.00s Sys=0.00s Real=0.00s
[23.790s][info ][gc,start       ] GC(1251) Pause Young (Allocation Failure)
[23.790s][info ][gc,task        ] GC(1251) Using 9 workers of 9 for evacuation
[23.790s][debug][gc,age         ] GC(1251) Desired survivor size 8945664 bytes, new threshold 6 (max threshold 6)
[23.790s][trace][gc,age         ] GC(1251) Age table with threshold 6 (max threshold 6)
[23.790s][trace][gc,age         ] GC(1251) - age   1:     400208 bytes,     400208 total
[23.790s][info ][gc,heap        ] GC(1251) ParNew: 140066K->398K(157376K)
[23.790s][info ][gc,heap        ] GC(1251) CMS: 3754K->3754K(349568K)
[23.790s][info ][gc,metaspace   ] GC(1251) Metaspace: 16025K(16640K)->16025K(16640K) NonClass: 14284K(14592K)->14284K(14592K) Class: 1740K(2048K)->1740K(2048K)
[23.790s][info ][gc             ] GC(1251) Pause Young (Allocation Failure) 140M->4M(495M) 0.397ms
[23.790s][info ][gc,cpu         ] GC(1251) User=0.00s Sys=0.00s Real=0.00s
[23.800s][info ][gc,start       ] GC(1252) Pause Young (Allocation Failure)
[23.800s][info ][gc,task        ] GC(1252) Using 9 workers of 9 for evacuation
[23.800s][debug][gc,age         ] GC(1252) Desired survivor size 8945664 bytes, new threshold 6 (max threshold 6)
[23.800s][trace][gc,age         ] GC(1252) Age table with threshold 6 (max threshold 6)
[23.800s][trace][gc,age         ] GC(1252) - age   1:     400208 bytes,     400208 total
[23.800s][info ][gc,heap        ] GC(1252) ParNew: 140132K->398K(157376K)
[23.800s][info ][gc,heap        ] GC(1252) CMS: 3754K->3754K(349568K)
[23.800s][info ][gc,metaspace   ] GC(1252) Metaspace: 16025K(16640K)->16025K(16640K) NonClass: 14284K(14592K)->14284K(14592K) Class: 1740K(2048K)->1740K(2048K)
[23.800s][info ][gc             ] GC(1252) Pause Young (Allocation Failure) 140M->4M(495M) 0.456ms
[23.800s][info ][gc,cpu         ] GC(1252) User=0.00s Sys=0.00s Real=0.00s
[23.810s][info ][gc,start       ] GC(1253) Pause Young (Allocation Failure)
[23.810s][info ][gc,task        ] GC(1253) Using 9 workers of 9 for evacuation
[23.810s][debug][gc,age         ] GC(1253) Desired survivor size 8945664 bytes, new threshold 6 (max threshold 6)
[23.810s][trace][gc,age         ] GC(1253) Age table with threshold 6 (max threshold 6)
[23.810s][trace][gc,age         ] GC(1253) - age   1:        192 bytes,        192 total
[23.810s][info ][gc,heap        ] GC(1253) ParNew: 139969K->6K(157376K)
[23.810s][info ][gc,heap        ] GC(1253) CMS: 3754K->3754K(349568K)
[23.810s][info ][gc,metaspace   ] GC(1253) Metaspace: 16025K(16640K)->16025K(16640K) NonClass: 14284K(14592K)->14284K(14592K) Class: 1740K(2048K)->1740K(2048K)
[23.810s][info ][gc             ] GC(1253) Pause Young (Allocation Failure) 140M->3M(495M) 0.455ms
[23.810s][info ][gc,cpu         ] GC(1253) User=0.01s Sys=0.00s Real=0.00s
[23.820s][info ][gc,start       ] GC(1254) Pause Young (Allocation Failure)
[23.820s][info ][gc,task        ] GC(1254) Using 9 workers of 9 for evacuation
[23.820s][debug][gc,age         ] GC(1254) Desired survivor size 8945664 bytes, new threshold 6 (max threshold 6)
[23.820s][trace][gc,age         ] GC(1254) Age table with threshold 6 (max threshold 6)
[23.820s][trace][gc,age         ] GC(1254) - age   1:     400208 bytes,     400208 total
[23.820s][info ][gc,heap        ] GC(1254) ParNew: 139700K->396K(157376K)
[23.820s][info ][gc,heap        ] GC(1254) CMS: 3754K->3754K(349568K)
[23.820s][info ][gc,metaspace   ] GC(1254) Metaspace: 16025K(16640K)->16025K(16640K) NonClass: 14284K(14592K)->14284K(14592K) Class: 1740K(2048K)->1740K(2048K)
[23.820s][info ][gc             ] GC(1254) Pause Young (Allocation Failure) 140M->4M(495M) 0.462ms
[23.820s][info ][gc,cpu         ] GC(1254) User=0.01s Sys=0.00s Real=0.00s
[23.830s][info ][gc,start       ] GC(1255) Pause Young (Allocation Failure)
[23.830s][info ][gc,task        ] GC(1255) Using 9 workers of 9 for evacuation
[23.840s][debug][gc,age         ] GC(1255) Desired survivor size 8945664 bytes, new threshold 6 (max threshold 6)
[23.840s][trace][gc,age         ] GC(1255) Age table with threshold 6 (max threshold 6)
[23.840s][trace][gc,age         ] GC(1255) - age   1:        192 bytes,        192 total
[23.840s][info ][gc,heap        ] GC(1255) ParNew: 140295K->6K(157376K)
[23.840s][info ][gc,heap        ] GC(1255) CMS: 3754K->3754K(349568K)
[23.840s][info ][gc,metaspace   ] GC(1255) Metaspace: 16025K(16640K)->16025K(16640K) NonClass: 14284K(14592K)->14284K(14592K) Class: 1740K(2048K)->1740K(2048K)
[23.840s][info ][gc             ] GC(1255) Pause Young (Allocation Failure) 140M->3M(495M) 10.405ms
[23.840s][info ][gc,cpu         ] GC(1255) User=0.01s Sys=0.00s Real=0.01s
[23.850s][info ][gc,start       ] GC(1256) Pause Young (Allocation Failure)
[23.850s][info ][gc,task        ] GC(1256) Using 9 workers of 9 for evacuation
[23.850s][debug][gc,age         ] GC(1256) Desired survivor size 8945664 bytes, new threshold 6 (max threshold 6)
[23.850s][trace][gc,age         ] GC(1256) Age table with threshold 6 (max threshold 6)
[23.850s][trace][gc,age         ] GC(1256) - age   1:        192 bytes,        192 total
[23.850s][info ][gc,heap        ] GC(1256) ParNew: 139624K->4K(157376K)
[23.850s][info ][gc,heap        ] GC(1256) CMS: 3754K->3754K(349568K)
[23.850s][info ][gc,metaspace   ] GC(1256) Metaspace: 16025K(16640K)->16025K(16640K) NonClass: 14284K(14592K)->14284K(14592K) Class: 1740K(2048K)->1740K(2048K)
[23.850s][info ][gc             ] GC(1256) Pause Young (Allocation Failure) 140M->3M(495M) 0.455ms
[23.850s][info ][gc,cpu         ] GC(1256) User=0.01s Sys=0.00s Real=0.00s
[23.860s][info ][gc,start       ] GC(1257) Pause Young (Allocation Failure)
[23.860s][info ][gc,task        ] GC(1257) Using 9 workers of 9 for evacuation
[23.861s][debug][gc,age         ] GC(1257) Desired survivor size 8945664 bytes, new threshold 6 (max threshold 6)
[23.861s][trace][gc,age         ] GC(1257) Age table with threshold 6 (max threshold 6)
[23.861s][trace][gc,age         ] GC(1257) - age   1:        192 bytes,        192 total
[23.861s][info ][gc,heap        ] GC(1257) ParNew: 139724K->6K(157376K)
[23.861s][info ][gc,heap        ] GC(1257) CMS: 3754K->3754K(349568K)
[23.861s][info ][gc,metaspace   ] GC(1257) Metaspace: 16025K(16640K)->16025K(16640K) NonClass: 14284K(14592K)->14284K(14592K) Class: 1740K(2048K)->1740K(2048K)
[23.861s][info ][gc             ] GC(1257) Pause Young (Allocation Failure) 140M->3M(495M) 0.599ms
[23.861s][info ][gc,cpu         ] GC(1257) User=0.00s Sys=0.00s Real=0.00s
[23.871s][info ][gc,start       ] GC(1258) Pause Young (Allocation Failure)
[23.871s][info ][gc,task        ] GC(1258) Using 9 workers of 9 for evacuation
[23.871s][debug][gc,age         ] GC(1258) Desired survivor size 8945664 bytes, new threshold 6 (max threshold 6)
[23.871s][trace][gc,age         ] GC(1258) Age table with threshold 6 (max threshold 6)
[23.871s][trace][gc,age         ] GC(1258) - age   1:     400208 bytes,     400208 total
[23.871s][info ][gc,heap        ] GC(1258) ParNew: 139747K->398K(157376K)
[23.871s][info ][gc,heap        ] GC(1258) CMS: 3754K->3754K(349568K)
[23.871s][info ][gc,metaspace   ] GC(1258) Metaspace: 16025K(16640K)->16025K(16640K) NonClass: 14284K(14592K)->14284K(14592K) Class: 1740K(2048K)->1740K(2048K)
[23.871s][info ][gc             ] GC(1258) Pause Young (Allocation Failure) 140M->4M(495M) 0.447ms
[23.871s][info ][gc,cpu         ] GC(1258) User=0.00s Sys=0.00s Real=0.00s
[23.881s][info ][gc,start       ] GC(1259) Pause Young (Allocation Failure)
[23.881s][info ][gc,task        ] GC(1259) Using 9 workers of 9 for evacuation
[23.881s][debug][gc,age         ] GC(1259) Desired survivor size 8945664 bytes, new threshold 6 (max threshold 6)
[23.881s][trace][gc,age         ] GC(1259) Age table with threshold 6 (max threshold 6)
[23.881s][trace][gc,age         ] GC(1259) - age   1:     400208 bytes,     400208 total
[23.881s][info ][gc,heap        ] GC(1259) ParNew: 140012K->394K(157376K)
[23.881s][info ][gc,heap        ] GC(1259) CMS: 3754K->3754K(349568K)
[23.881s][info ][gc,metaspace   ] GC(1259) Metaspace: 16025K(16640K)->16025K(16640K) NonClass: 14284K(14592K)->14284K(14592K) Class: 1740K(2048K)->1740K(2048K)
[23.881s][info ][gc             ] GC(1259) Pause Young (Allocation Failure) 140M->4M(495M) 0.500ms
[23.881s][info ][gc,cpu         ] GC(1259) User=0.00s Sys=0.00s Real=0.00s
[23.891s][info ][gc,start       ] GC(1260) Pause Young (Allocation Failure)
[23.891s][info ][gc,task        ] GC(1260) Using 9 workers of 9 for evacuation
[23.891s][debug][gc,age         ] GC(1260) Desired survivor size 8945664 bytes, new threshold 6 (max threshold 6)
[23.891s][trace][gc,age         ] GC(1260) Age table with threshold 6 (max threshold 6)
[23.891s][trace][gc,age         ] GC(1260) - age   1:        192 bytes,        192 total
[23.891s][info ][gc,heap        ] GC(1260) ParNew: 140218K->8K(157376K)
[23.891s][info ][gc,heap        ] GC(1260) CMS: 3754K->3754K(349568K)
[23.891s][info ][gc,metaspace   ] GC(1260) Metaspace: 16025K(16640K)->16025K(16640K) NonClass: 14284K(14592K)->14284K(14592K) Class: 1740K(2048K)->1740K(2048K)
[23.891s][info ][gc             ] GC(1260) Pause Young (Allocation Failure) 140M->3M(495M) 0.386ms
[23.891s][info ][gc,cpu         ] GC(1260) User=0.00s Sys=0.00s Real=0.00s
[23.901s][info ][gc,start       ] GC(1261) Pause Young (Allocation Failure)
[23.901s][info ][gc,task        ] GC(1261) Using 9 workers of 9 for evacuation
[23.901s][debug][gc,age         ] GC(1261) Desired survivor size 8945664 bytes, new threshold 6 (max threshold 6)
[23.901s][trace][gc,age         ] GC(1261) Age table with threshold 6 (max threshold 6)
[23.901s][trace][gc,age         ] GC(1261) - age   1:        192 bytes,        192 total
[23.901s][info ][gc,heap        ] GC(1261) ParNew: 139591K->4K(157376K)
[23.901s][info ][gc,heap        ] GC(1261) CMS: 3754K->3754K(349568K)
[23.901s][info ][gc,metaspace   ] GC(1261) Metaspace: 16025K(16640K)->16025K(16640K) NonClass: 14284K(14592K)->14284K(14592K) Class: 1740K(2048K)->1740K(2048K)
[23.901s][info ][gc             ] GC(1261) Pause Young (Allocation Failure) 139M->3M(495M) 0.555ms
[23.901s][info ][gc,cpu         ] GC(1261) User=0.00s Sys=0.00s Real=0.00s
[23.911s][info ][gc,start       ] GC(1262) Pause Young (Allocation Failure)
[23.911s][info ][gc,task        ] GC(1262) Using 9 workers of 9 for evacuation
[23.911s][debug][gc,age         ] GC(1262) Desired survivor size 8945664 bytes, new threshold 6 (max threshold 6)
[23.911s][trace][gc,age         ] GC(1262) Age table with threshold 6 (max threshold 6)
[23.911s][trace][gc,age         ] GC(1262) - age   1:     400208 bytes,     400208 total
[23.911s][info ][gc,heap        ] GC(1262) ParNew: 139712K->394K(157376K)
[23.911s][info ][gc,heap        ] GC(1262) CMS: 3754K->3754K(349568K)
[23.911s][info ][gc,metaspace   ] GC(1262) Metaspace: 16025K(16640K)->16025K(16640K) NonClass: 14284K(14592K)->14284K(14592K) Class: 1740K(2048K)->1740K(2048K)
[23.911s][info ][gc             ] GC(1262) Pause Young (Allocation Failure) 140M->4M(495M) 0.505ms
[23.911s][info ][gc,cpu         ] GC(1262) User=0.00s Sys=0.00s Real=0.00s
[23.921s][info ][gc,start       ] GC(1263) Pause Young (Allocation Failure)
[23.921s][info ][gc,task        ] GC(1263) Using 9 workers of 9 for evacuation
[23.921s][debug][gc,age         ] GC(1263) Desired survivor size 8945664 bytes, new threshold 6 (max threshold 6)
[23.921s][trace][gc,age         ] GC(1263) Age table with threshold 6 (max threshold 6)
[23.921s][trace][gc,age         ] GC(1263) - age   1:        192 bytes,        192 total
[23.921s][info ][gc,heap        ] GC(1263) ParNew: 140208K->8K(157376K)
[23.921s][info ][gc,heap        ] GC(1263) CMS: 3754K->3754K(349568K)
[23.921s][info ][gc,metaspace   ] GC(1263) Metaspace: 16025K(16640K)->16025K(16640K) NonClass: 14284K(14592K)->14284K(14592K) Class: 1740K(2048K)->1740K(2048K)
[23.921s][info ][gc             ] GC(1263) Pause Young (Allocation Failure) 140M->3M(495M) 0.364ms
[23.921s][info ][gc,cpu         ] GC(1263) User=0.00s Sys=0.00s Real=0.00s
[23.930s][info ][gc,start       ] GC(1264) Pause Young (Allocation Failure)
[23.930s][info ][gc,task        ] GC(1264) Using 9 workers of 9 for evacuation
[23.931s][debug][gc,age         ] GC(1264) Desired survivor size 8945664 bytes, new threshold 6 (max threshold 6)
[23.931s][trace][gc,age         ] GC(1264) Age table with threshold 6 (max threshold 6)
[23.931s][trace][gc,age         ] GC(1264) - age   1:     400208 bytes,     400208 total
[23.931s][info ][gc,heap        ] GC(1264) ParNew: 139781K->396K(157376K)
[23.931s][info ][gc,heap        ] GC(1264) CMS: 3754K->3754K(349568K)
[23.931s][info ][gc,metaspace   ] GC(1264) Metaspace: 16025K(16640K)->16025K(16640K) NonClass: 14284K(14592K)->14284K(14592K) Class: 1740K(2048K)->1740K(2048K)
[23.931s][info ][gc             ] GC(1264) Pause Young (Allocation Failure) 140M->4M(495M) 0.604ms
[23.931s][info ][gc,cpu         ] GC(1264) User=0.01s Sys=0.00s Real=0.00s
[23.941s][info ][gc,start       ] GC(1265) Pause Young (Allocation Failure)
[23.941s][info ][gc,task        ] GC(1265) Using 9 workers of 9 for evacuation
[23.941s][debug][gc,age         ] GC(1265) Desired survivor size 8945664 bytes, new threshold 6 (max threshold 6)
[23.941s][trace][gc,age         ] GC(1265) Age table with threshold 6 (max threshold 6)
[23.941s][trace][gc,age         ] GC(1265) - age   1:     400336 bytes,     400336 total
[23.941s][info ][gc,heap        ] GC(1265) ParNew: 140182K->400K(157376K)
[23.941s][info ][gc,heap        ] GC(1265) CMS: 3754K->3754K(349568K)
[23.941s][info ][gc,metaspace   ] GC(1265) Metaspace: 16025K(16640K)->16025K(16640K) NonClass: 14284K(14592K)->14284K(14592K) Class: 1740K(2048K)->1740K(2048K)
[23.941s][info ][gc             ] GC(1265) Pause Young (Allocation Failure) 140M->4M(495M) 0.371ms
[23.941s][info ][gc,cpu         ] GC(1265) User=0.00s Sys=0.00s Real=0.00s
[23.950s][info ][gc,start       ] GC(1266) Pause Young (Allocation Failure)
[23.951s][info ][gc,task        ] GC(1266) Using 9 workers of 9 for evacuation
[23.951s][debug][gc,age         ] GC(1266) Desired survivor size 8945664 bytes, new threshold 6 (max threshold 6)
[23.951s][trace][gc,age         ] GC(1266) Age table with threshold 6 (max threshold 6)
[23.951s][trace][gc,age         ] GC(1266) - age   1:        192 bytes,        192 total
[23.951s][trace][gc,age         ] GC(1266) - age   2:        128 bytes,        320 total
[23.951s][info ][gc,heap        ] GC(1266) ParNew: 140113K->10K(157376K)
[23.951s][info ][gc,heap        ] GC(1266) CMS: 3754K->3754K(349568K)
[23.951s][info ][gc,metaspace   ] GC(1266) Metaspace: 16025K(16640K)->16025K(16640K) NonClass: 14284K(14592K)->14284K(14592K) Class: 1740K(2048K)->1740K(2048K)
[23.951s][info ][gc             ] GC(1266) Pause Young (Allocation Failure) 140M->3M(495M) 0.455ms
[23.951s][info ][gc,cpu         ] GC(1266) User=0.00s Sys=0.00s Real=0.00s
[23.960s][info ][gc,start       ] GC(1267) Pause Young (Allocation Failure)
[23.960s][info ][gc,task        ] GC(1267) Using 9 workers of 9 for evacuation
[23.961s][debug][gc,age         ] GC(1267) Desired survivor size 8945664 bytes, new threshold 6 (max threshold 6)
[23.961s][trace][gc,age         ] GC(1267) Age table with threshold 6 (max threshold 6)
[23.961s][trace][gc,age         ] GC(1267) - age   1:     400208 bytes,     400208 total
[23.961s][trace][gc,age         ] GC(1267) - age   3:        128 bytes,     400336 total
[23.961s][info ][gc,heap        ] GC(1267) ParNew: 139791K->402K(157376K)
[23.961s][info ][gc,heap        ] GC(1267) CMS: 3754K->3754K(349568K)
[23.961s][info ][gc,metaspace   ] GC(1267) Metaspace: 16025K(16640K)->16025K(16640K) NonClass: 14284K(14592K)->14284K(14592K) Class: 1740K(2048K)->1740K(2048K)
[23.961s][info ][gc             ] GC(1267) Pause Young (Allocation Failure) 140M->4M(495M) 0.526ms
[23.961s][info ][gc,cpu         ] GC(1267) User=0.00s Sys=0.00s Real=0.00s
[23.970s][info ][gc,start       ] GC(1268) Pause Young (Allocation Failure)
[23.970s][info ][gc,task        ] GC(1268) Using 9 workers of 9 for evacuation
[23.971s][debug][gc,age         ] GC(1268) Desired survivor size 8945664 bytes, new threshold 6 (max threshold 6)
[23.971s][trace][gc,age         ] GC(1268) Age table with threshold 6 (max threshold 6)
[23.971s][trace][gc,age         ] GC(1268) - age   1:     400208 bytes,     400208 total
[23.971s][trace][gc,age         ] GC(1268) - age   4:        128 bytes,     400336 total
[23.971s][info ][gc,heap        ] GC(1268) ParNew: 139985K->404K(157376K)
[23.971s][info ][gc,heap        ] GC(1268) CMS: 3754K->3754K(349568K)
[23.971s][info ][gc,metaspace   ] GC(1268) Metaspace: 16025K(16640K)->16025K(16640K) NonClass: 14284K(14592K)->14284K(14592K) Class: 1740K(2048K)->1740K(2048K)
[23.971s][info ][gc             ] GC(1268) Pause Young (Allocation Failure) 140M->4M(495M) 0.390ms
[23.971s][info ][gc,cpu         ] GC(1268) User=0.00s Sys=0.00s Real=0.00s
[23.980s][info ][gc,start       ] GC(1269) Pause Young (Allocation Failure)
[23.980s][info ][gc,task        ] GC(1269) Using 9 workers of 9 for evacuation
[23.981s][debug][gc,age         ] GC(1269) Desired survivor size 8945664 bytes, new threshold 6 (max threshold 6)
[23.981s][trace][gc,age         ] GC(1269) Age table with threshold 6 (max threshold 6)
[23.981s][trace][gc,age         ] GC(1269) - age   1:        192 bytes,        192 total
[23.981s][trace][gc,age         ] GC(1269) - age   5:        128 bytes,        320 total
[23.981s][info ][gc,heap        ] GC(1269) ParNew: 140248K->12K(157376K)
[23.981s][info ][gc,heap        ] GC(1269) CMS: 3754K->3754K(349568K)
[23.981s][info ][gc,metaspace   ] GC(1269) Metaspace: 16025K(16640K)->16025K(16640K) NonClass: 14284K(14592K)->14284K(14592K) Class: 1740K(2048K)->1740K(2048K)
[23.981s][info ][gc             ] GC(1269) Pause Young (Allocation Failure) 140M->3M(495M) 0.418ms
[23.981s][info ][gc,cpu         ] GC(1269) User=0.00s Sys=0.00s Real=0.00s
[23.991s][info ][gc,start       ] GC(1270) Pause Young (Allocation Failure)
[23.991s][info ][gc,task        ] GC(1270) Using 9 workers of 9 for evacuation
[23.991s][debug][gc,age         ] GC(1270) Desired survivor size 8945664 bytes, new threshold 6 (max threshold 6)
[23.991s][trace][gc,age         ] GC(1270) Age table with threshold 6 (max threshold 6)
[23.991s][trace][gc,age         ] GC(1270) - age   1:     400208 bytes,     400208 total
[23.991s][trace][gc,age         ] GC(1270) - age   6:        128 bytes,     400336 total
[23.991s][info ][gc,heap        ] GC(1270) ParNew: 139891K->404K(157376K)
[23.991s][info ][gc,heap        ] GC(1270) CMS: 3754K->3754K(349568K)
[23.991s][info ][gc,metaspace   ] GC(1270) Metaspace: 16025K(16640K)->16025K(16640K) NonClass: 14284K(14592K)->14284K(14592K) Class: 1740K(2048K)->1740K(2048K)
[23.991s][info ][gc             ] GC(1270) Pause Young (Allocation Failure) 140M->4M(495M) 0.344ms
[23.991s][info ][gc,cpu         ] GC(1270) User=0.00s Sys=0.00s Real=0.00s
[24.000s][info ][gc,start       ] GC(1271) Pause Young (Allocation Failure)
[24.000s][info ][gc,task        ] GC(1271) Using 9 workers of 9 for evacuation
[24.001s][debug][gc,age         ] GC(1271) Desired survivor size 8945664 bytes, new threshold 6 (max threshold 6)
[24.001s][trace][gc,age         ] GC(1271) Age table with threshold 6 (max threshold 6)
[24.001s][trace][gc,age         ] GC(1271) - age   1:        192 bytes,        192 total
[24.001s][info ][gc,heap        ] GC(1271) ParNew: 139937K->8K(157376K)
[24.001s][info ][gc,heap        ] GC(1271) CMS: 3754K->3754K(349568K)
[24.001s][info ][gc,metaspace   ] GC(1271) Metaspace: 16025K(16640K)->16025K(16640K) NonClass: 14284K(14592K)->14284K(14592K) Class: 1740K(2048K)->1740K(2048K)
[24.001s][info ][gc             ] GC(1271) Pause Young (Allocation Failure) 140M->3M(495M) 0.440ms
[24.001s][info ][gc,cpu         ] GC(1271) User=0.00s Sys=0.00s Real=0.00s
[24.010s][info ][gc,start       ] GC(1272) Pause Young (Allocation Failure)
[24.010s][info ][gc,task        ] GC(1272) Using 9 workers of 9 for evacuation
[24.011s][debug][gc,age         ] GC(1272) Desired survivor size 8945664 bytes, new threshold 6 (max threshold 6)
[24.011s][trace][gc,age         ] GC(1272) Age table with threshold 6 (max threshold 6)
[24.011s][trace][gc,age         ] GC(1272) - age   1:     400208 bytes,     400208 total
[24.011s][info ][gc,heap        ] GC(1272) ParNew: 139616K->398K(157376K)
[24.011s][info ][gc,heap        ] GC(1272) CMS: 3754K->3754K(349568K)
[24.011s][info ][gc,metaspace   ] GC(1272) Metaspace: 16025K(16640K)->16025K(16640K) NonClass: 14284K(14592K)->14284K(14592K) Class: 1740K(2048K)->1740K(2048K)
[24.011s][info ][gc             ] GC(1272) Pause Young (Allocation Failure) 140M->4M(495M) 0.413ms
[24.011s][info ][gc,cpu         ] GC(1272) User=0.00s Sys=0.00s Real=0.00s
[24.020s][info ][gc,start       ] GC(1273) Pause Young (Allocation Failure)
[24.020s][info ][gc,task        ] GC(1273) Using 9 workers of 9 for evacuation
[24.021s][debug][gc,age         ] GC(1273) Desired survivor size 8945664 bytes, new threshold 6 (max threshold 6)
[24.021s][trace][gc,age         ] GC(1273) Age table with threshold 6 (max threshold 6)
[24.021s][trace][gc,age         ] GC(1273) - age   1:     400208 bytes,     400208 total
[24.021s][info ][gc,heap        ] GC(1273) ParNew: 140196K->394K(157376K)
[24.021s][info ][gc,heap        ] GC(1273) CMS: 3754K->3754K(349568K)
[24.021s][info ][gc,metaspace   ] GC(1273) Metaspace: 16025K(16640K)->16025K(16640K) NonClass: 14284K(14592K)->14284K(14592K) Class: 1740K(2048K)->1740K(2048K)
[24.021s][info ][gc             ] GC(1273) Pause Young (Allocation Failure) 140M->4M(495M) 0.373ms
[24.021s][info ][gc,cpu         ] GC(1273) User=0.00s Sys=0.00s Real=0.00s
[24.030s][info ][gc,start       ] GC(1274) Pause Young (Allocation Failure)
[24.030s][info ][gc,task        ] GC(1274) Using 9 workers of 9 for evacuation
[24.031s][debug][gc,age         ] GC(1274) Desired survivor size 8945664 bytes, new threshold 6 (max threshold 6)
[24.031s][trace][gc,age         ] GC(1274) Age table with threshold 6 (max threshold 6)
[24.031s][trace][gc,age         ] GC(1274) - age   1:     400208 bytes,     400208 total
[24.031s][info ][gc,heap        ] GC(1274) ParNew: 140024K->398K(157376K)
[24.031s][info ][gc,heap        ] GC(1274) CMS: 3754K->3754K(349568K)
[24.031s][info ][gc,metaspace   ] GC(1274) Metaspace: 16025K(16640K)->16025K(16640K) NonClass: 14284K(14592K)->14284K(14592K) Class: 1740K(2048K)->1740K(2048K)
[24.031s][info ][gc             ] GC(1274) Pause Young (Allocation Failure) 140M->4M(495M) 0.462ms
[24.031s][info ][gc,cpu         ] GC(1274) User=0.00s Sys=0.00s Real=0.00s
[24.040s][info ][gc,start       ] GC(1275) Pause Young (Allocation Failure)
[24.040s][info ][gc,task        ] GC(1275) Using 9 workers of 9 for evacuation
[24.041s][debug][gc,age         ] GC(1275) Desired survivor size 8945664 bytes, new threshold 6 (max threshold 6)
[24.041s][trace][gc,age         ] GC(1275) Age table with threshold 6 (max threshold 6)
[24.041s][trace][gc,age         ] GC(1275) - age   1:     400208 bytes,     400208 total
[24.041s][info ][gc,heap        ] GC(1275) ParNew: 140281K->396K(157376K)
[24.041s][info ][gc,heap        ] GC(1275) CMS: 3754K->3754K(349568K)
[24.041s][info ][gc,metaspace   ] GC(1275) Metaspace: 16025K(16640K)->16025K(16640K) NonClass: 14284K(14592K)->14284K(14592K) Class: 1740K(2048K)->1740K(2048K)
[24.041s][info ][gc             ] GC(1275) Pause Young (Allocation Failure) 140M->4M(495M) 0.424ms
[24.041s][info ][gc,cpu         ] GC(1275) User=0.00s Sys=0.00s Real=0.00s
[24.050s][info ][gc,start       ] GC(1276) Pause Young (Allocation Failure)
[24.050s][info ][gc,task        ] GC(1276) Using 9 workers of 9 for evacuation
[24.050s][debug][gc,age         ] GC(1276) Desired survivor size 8945664 bytes, new threshold 6 (max threshold 6)
[24.050s][trace][gc,age         ] GC(1276) Age table with threshold 6 (max threshold 6)
[24.050s][trace][gc,age         ] GC(1276) - age   1:        192 bytes,        192 total
[24.050s][info ][gc,heap        ] GC(1276) ParNew: 140146K->6K(157376K)
[24.050s][info ][gc,heap        ] GC(1276) CMS: 3754K->3754K(349568K)
[24.050s][info ][gc,metaspace   ] GC(1276) Metaspace: 16025K(16640K)->16025K(16640K) NonClass: 14284K(14592K)->14284K(14592K) Class: 1740K(2048K)->1740K(2048K)
[24.050s][info ][gc             ] GC(1276) Pause Young (Allocation Failure) 140M->3M(495M) 0.394ms
[24.050s][info ][gc,cpu         ] GC(1276) User=0.01s Sys=0.00s Real=0.00s
[24.060s][info ][gc,start       ] GC(1277) Pause Young (Allocation Failure)
[24.060s][info ][gc,task        ] GC(1277) Using 9 workers of 9 for evacuation
[24.060s][debug][gc,age         ] GC(1277) Desired survivor size 8945664 bytes, new threshold 6 (max threshold 6)
[24.060s][trace][gc,age         ] GC(1277) Age table with threshold 6 (max threshold 6)
[24.060s][trace][gc,age         ] GC(1277) - age   1:        192 bytes,        192 total
[24.060s][info ][gc,heap        ] GC(1277) ParNew: 139537K->4K(157376K)
[24.060s][info ][gc,heap        ] GC(1277) CMS: 3754K->3754K(349568K)
[24.060s][info ][gc,metaspace   ] GC(1277) Metaspace: 16025K(16640K)->16025K(16640K) NonClass: 14284K(14592K)->14284K(14592K) Class: 1740K(2048K)->1740K(2048K)
[24.060s][info ][gc             ] GC(1277) Pause Young (Allocation Failure) 139M->3M(495M) 0.399ms
[24.060s][info ][gc,cpu         ] GC(1277) User=0.01s Sys=0.00s Real=0.00s
[24.070s][info ][gc,start       ] GC(1278) Pause Young (Allocation Failure)
[24.070s][info ][gc,task        ] GC(1278) Using 9 workers of 9 for evacuation
[24.070s][debug][gc,age         ] GC(1278) Desired survivor size 8945664 bytes, new threshold 6 (max threshold 6)
[24.070s][trace][gc,age         ] GC(1278) Age table with threshold 6 (max threshold 6)
[24.070s][trace][gc,age         ] GC(1278) - age   1:        192 bytes,        192 total
[24.070s][info ][gc,heap        ] GC(1278) ParNew: 139647K->4K(157376K)
[24.070s][info ][gc,heap        ] GC(1278) CMS: 3754K->3754K(349568K)
[24.070s][info ][gc,metaspace   ] GC(1278) Metaspace: 16025K(16640K)->16025K(16640K) NonClass: 14284K(14592K)->14284K(14592K) Class: 1740K(2048K)->1740K(2048K)
[24.070s][info ][gc             ] GC(1278) Pause Young (Allocation Failure) 140M->3M(495M) 0.330ms
[24.070s][info ][gc,cpu         ] GC(1278) User=0.01s Sys=0.00s Real=0.00s
[24.080s][info ][gc,start       ] GC(1279) Pause Young (Allocation Failure)
[24.080s][info ][gc,task        ] GC(1279) Using 9 workers of 9 for evacuation
[24.080s][debug][gc,age         ] GC(1279) Desired survivor size 8945664 bytes, new threshold 6 (max threshold 6)
[24.080s][trace][gc,age         ] GC(1279) Age table with threshold 6 (max threshold 6)
[24.080s][trace][gc,age         ] GC(1279) - age   1:        192 bytes,        192 total
[24.080s][info ][gc,heap        ] GC(1279) ParNew: 139908K->4K(157376K)
[24.080s][info ][gc,heap        ] GC(1279) CMS: 3754K->3754K(349568K)
[24.080s][info ][gc,metaspace   ] GC(1279) Metaspace: 16025K(16640K)->16025K(16640K) NonClass: 14284K(14592K)->14284K(14592K) Class: 1740K(2048K)->1740K(2048K)
[24.080s][info ][gc             ] GC(1279) Pause Young (Allocation Failure) 140M->3M(495M) 0.483ms
[24.080s][info ][gc,cpu         ] GC(1279) User=0.01s Sys=0.00s Real=0.00s
[24.090s][info ][gc,start       ] GC(1280) Pause Young (Allocation Failure)
[24.090s][info ][gc,task        ] GC(1280) Using 9 workers of 9 for evacuation
[24.090s][debug][gc,age         ] GC(1280) Desired survivor size 8945664 bytes, new threshold 6 (max threshold 6)
[24.090s][trace][gc,age         ] GC(1280) Age table with threshold 6 (max threshold 6)
[24.090s][trace][gc,age         ] GC(1280) - age   1:     400208 bytes,     400208 total
[24.090s][info ][gc,heap        ] GC(1280) ParNew: 139810K->396K(157376K)
[24.090s][info ][gc,heap        ] GC(1280) CMS: 3754K->3754K(349568K)
[24.090s][info ][gc,metaspace   ] GC(1280) Metaspace: 16025K(16640K)->16025K(16640K) NonClass: 14284K(14592K)->14284K(14592K) Class: 1740K(2048K)->1740K(2048K)
[24.090s][info ][gc             ] GC(1280) Pause Young (Allocation Failure) 140M->4M(495M) 0.461ms
[24.090s][info ][gc,cpu         ] GC(1280) User=0.00s Sys=0.00s Real=0.00s
[24.100s][info ][gc,start       ] GC(1281) Pause Young (Allocation Failure)
[24.100s][info ][gc,task        ] GC(1281) Using 9 workers of 9 for evacuation
[24.100s][debug][gc,age         ] GC(1281) Desired survivor size 8945664 bytes, new threshold 6 (max threshold 6)
[24.100s][trace][gc,age         ] GC(1281) Age table with threshold 6 (max threshold 6)
[24.100s][trace][gc,age         ] GC(1281) - age   1:     400208 bytes,     400208 total
[24.100s][info ][gc,heap        ] GC(1281) ParNew: 140203K->396K(157376K)
[24.100s][info ][gc,heap        ] GC(1281) CMS: 3754K->3754K(349568K)
[24.100s][info ][gc,metaspace   ] GC(1281) Metaspace: 16025K(16640K)->16025K(16640K) NonClass: 14284K(14592K)->14284K(14592K) Class: 1740K(2048K)->1740K(2048K)
[24.100s][info ][gc             ] GC(1281) Pause Young (Allocation Failure) 140M->4M(495M) 0.451ms
[24.100s][info ][gc,cpu         ] GC(1281) User=0.00s Sys=0.00s Real=0.00s
[24.110s][info ][gc,start       ] GC(1282) Pause Young (Allocation Failure)
[24.110s][info ][gc,task        ] GC(1282) Using 9 workers of 9 for evacuation
[24.113s][debug][gc,age         ] GC(1282) Desired survivor size 8945664 bytes, new threshold 6 (max threshold 6)
[24.113s][trace][gc,age         ] GC(1282) Age table with threshold 6 (max threshold 6)
[24.113s][trace][gc,age         ] GC(1282) - age   1:     400208 bytes,     400208 total
[24.113s][info ][gc,heap        ] GC(1282) ParNew: 139993K->396K(157376K)
[24.113s][info ][gc,heap        ] GC(1282) CMS: 3754K->3754K(349568K)
[24.113s][info ][gc,metaspace   ] GC(1282) Metaspace: 16025K(16640K)->16025K(16640K) NonClass: 14284K(14592K)->14284K(14592K) Class: 1740K(2048K)->1740K(2048K)
[24.113s][info ][gc             ] GC(1282) Pause Young (Allocation Failure) 140M->4M(495M) 3.001ms
[24.113s][info ][gc,cpu         ] GC(1282) User=0.00s Sys=0.00s Real=0.00s
[24.122s][info ][gc,start       ] GC(1283) Pause Young (Allocation Failure)
[24.122s][info ][gc,task        ] GC(1283) Using 9 workers of 9 for evacuation
[24.123s][debug][gc,age         ] GC(1283) Desired survivor size 8945664 bytes, new threshold 6 (max threshold 6)
[24.123s][trace][gc,age         ] GC(1283) Age table with threshold 6 (max threshold 6)
[24.123s][trace][gc,age         ] GC(1283) - age   1:     400208 bytes,     400208 total
[24.123s][info ][gc,heap        ] GC(1283) ParNew: 140294K->396K(157376K)
[24.123s][info ][gc,heap        ] GC(1283) CMS: 3754K->3754K(349568K)
[24.123s][info ][gc,metaspace   ] GC(1283) Metaspace: 16025K(16640K)->16025K(16640K) NonClass: 14284K(14592K)->14284K(14592K) Class: 1740K(2048K)->1740K(2048K)
[24.123s][info ][gc             ] GC(1283) Pause Young (Allocation Failure) 140M->4M(495M) 0.469ms
[24.123s][info ][gc,cpu         ] GC(1283) User=0.00s Sys=0.00s Real=0.00s
[24.132s][info ][gc,start       ] GC(1284) Pause Young (Allocation Failure)
[24.132s][info ][gc,task        ] GC(1284) Using 9 workers of 9 for evacuation
[24.133s][debug][gc,age         ] GC(1284) Desired survivor size 8945664 bytes, new threshold 6 (max threshold 6)
[24.133s][trace][gc,age         ] GC(1284) Age table with threshold 6 (max threshold 6)
[24.133s][trace][gc,age         ] GC(1284) - age   1:        192 bytes,        192 total
[24.133s][info ][gc,heap        ] GC(1284) ParNew: 140070K->8K(157376K)
[24.133s][info ][gc,heap        ] GC(1284) CMS: 3754K->3754K(349568K)
[24.133s][info ][gc,metaspace   ] GC(1284) Metaspace: 16025K(16640K)->16025K(16640K) NonClass: 14284K(14592K)->14284K(14592K) Class: 1740K(2048K)->1740K(2048K)
[24.133s][info ][gc             ] GC(1284) Pause Young (Allocation Failure) 140M->3M(495M) 0.438ms
[24.133s][info ][gc,cpu         ] GC(1284) User=0.00s Sys=0.00s Real=0.00s
[24.142s][info ][gc,start       ] GC(1285) Pause Young (Allocation Failure)
[24.142s][info ][gc,task        ] GC(1285) Using 9 workers of 9 for evacuation
[24.143s][debug][gc,age         ] GC(1285) Desired survivor size 8945664 bytes, new threshold 6 (max threshold 6)
[24.143s][trace][gc,age         ] GC(1285) Age table with threshold 6 (max threshold 6)
[24.143s][trace][gc,age         ] GC(1285) - age   1:     400208 bytes,     400208 total
[24.143s][info ][gc,heap        ] GC(1285) ParNew: 139776K->394K(157376K)
[24.143s][info ][gc,heap        ] GC(1285) CMS: 3754K->3754K(349568K)
[24.143s][info ][gc,metaspace   ] GC(1285) Metaspace: 16025K(16640K)->16025K(16640K) NonClass: 14284K(14592K)->14284K(14592K) Class: 1740K(2048K)->1740K(2048K)
[24.143s][info ][gc             ] GC(1285) Pause Young (Allocation Failure) 140M->4M(495M) 0.406ms
[24.143s][info ][gc,cpu         ] GC(1285) User=0.00s Sys=0.00s Real=0.00s
[24.152s][info ][gc,start       ] GC(1286) Pause Young (Allocation Failure)
[24.153s][info ][gc,task        ] GC(1286) Using 9 workers of 9 for evacuation
[24.153s][debug][gc,age         ] GC(1286) Desired survivor size 8945664 bytes, new threshold 6 (max threshold 6)
[24.153s][trace][gc,age         ] GC(1286) Age table with threshold 6 (max threshold 6)
[24.153s][trace][gc,age         ] GC(1286) - age   1:     400208 bytes,     400208 total
[24.153s][info ][gc,heap        ] GC(1286) ParNew: 140033K->396K(157376K)
[24.153s][info ][gc,heap        ] GC(1286) CMS: 3754K->3754K(349568K)
[24.153s][info ][gc,metaspace   ] GC(1286) Metaspace: 16025K(16640K)->16025K(16640K) NonClass: 14284K(14592K)->14284K(14592K) Class: 1740K(2048K)->1740K(2048K)
[24.153s][info ][gc             ] GC(1286) Pause Young (Allocation Failure) 140M->4M(495M) 0.454ms
[24.153s][info ][gc,cpu         ] GC(1286) User=0.00s Sys=0.00s Real=0.00s
[24.163s][info ][gc,start       ] GC(1287) Pause Young (Allocation Failure)
[24.163s][info ][gc,task        ] GC(1287) Using 9 workers of 9 for evacuation
[24.163s][debug][gc,age         ] GC(1287) Desired survivor size 8945664 bytes, new threshold 6 (max threshold 6)
[24.163s][trace][gc,age         ] GC(1287) Age table with threshold 6 (max threshold 6)
[24.163s][trace][gc,age         ] GC(1287) - age   1:     400208 bytes,     400208 total
[24.163s][info ][gc,heap        ] GC(1287) ParNew: 140180K->396K(157376K)
[24.163s][info ][gc,heap        ] GC(1287) CMS: 3754K->3754K(349568K)
[24.163s][info ][gc,metaspace   ] GC(1287) Metaspace: 16025K(16640K)->16025K(16640K) NonClass: 14284K(14592K)->14284K(14592K) Class: 1740K(2048K)->1740K(2048K)
[24.163s][info ][gc             ] GC(1287) Pause Young (Allocation Failure) 140M->4M(495M) 0.501ms
[24.163s][info ][gc,cpu         ] GC(1287) User=0.01s Sys=0.00s Real=0.00s
[24.173s][info ][gc,start       ] GC(1288) Pause Young (Allocation Failure)
[24.173s][info ][gc,task        ] GC(1288) Using 9 workers of 9 for evacuation
[24.174s][debug][gc,age         ] GC(1288) Desired survivor size 8945664 bytes, new threshold 6 (max threshold 6)
[24.174s][trace][gc,age         ] GC(1288) Age table with threshold 6 (max threshold 6)
[24.174s][trace][gc,age         ] GC(1288) - age   1:     400208 bytes,     400208 total
[24.174s][info ][gc,heap        ] GC(1288) ParNew: 140100K->398K(157376K)
[24.174s][info ][gc,heap        ] GC(1288) CMS: 3754K->3754K(349568K)
[24.174s][info ][gc,metaspace   ] GC(1288) Metaspace: 16025K(16640K)->16025K(16640K) NonClass: 14284K(14592K)->14284K(14592K) Class: 1740K(2048K)->1740K(2048K)
[24.174s][info ][gc             ] GC(1288) Pause Young (Allocation Failure) 140M->4M(495M) 0.370ms
[24.174s][info ][gc,cpu         ] GC(1288) User=0.00s Sys=0.00s Real=0.00s
[24.183s][info ][gc,start       ] GC(1289) Pause Young (Allocation Failure)
[24.183s][info ][gc,task        ] GC(1289) Using 9 workers of 9 for evacuation
[24.184s][debug][gc,age         ] GC(1289) Desired survivor size 8945664 bytes, new threshold 6 (max threshold 6)
[24.184s][trace][gc,age         ] GC(1289) Age table with threshold 6 (max threshold 6)
[24.184s][trace][gc,age         ] GC(1289) - age   1:        192 bytes,        192 total
[24.184s][info ][gc,heap        ] GC(1289) ParNew: 140232K->8K(157376K)
[24.184s][info ][gc,heap        ] GC(1289) CMS: 3754K->3754K(349568K)
[24.184s][info ][gc,metaspace   ] GC(1289) Metaspace: 16025K(16640K)->16025K(16640K) NonClass: 14284K(14592K)->14284K(14592K) Class: 1740K(2048K)->1740K(2048K)
[24.184s][info ][gc             ] GC(1289) Pause Young (Allocation Failure) 140M->3M(495M) 0.493ms
[24.184s][info ][gc,cpu         ] GC(1289) User=0.00s Sys=0.00s Real=0.00s
[24.193s][info ][gc,start       ] GC(1290) Pause Young (Allocation Failure)
[24.193s][info ][gc,task        ] GC(1290) Using 9 workers of 9 for evacuation
[24.194s][debug][gc,age         ] GC(1290) Desired survivor size 8945664 bytes, new threshold 6 (max threshold 6)
[24.194s][trace][gc,age         ] GC(1290) Age table with threshold 6 (max threshold 6)
[24.194s][trace][gc,age         ] GC(1290) - age   1:     400208 bytes,     400208 total
[24.194s][info ][gc,heap        ] GC(1290) ParNew: 139603K->398K(157376K)
[24.194s][info ][gc,heap        ] GC(1290) CMS: 3754K->3754K(349568K)
[24.194s][info ][gc,metaspace   ] GC(1290) Metaspace: 16025K(16640K)->16025K(16640K) NonClass: 14284K(14592K)->14284K(14592K) Class: 1740K(2048K)->1740K(2048K)
[24.194s][info ][gc             ] GC(1290) Pause Young (Allocation Failure) 139M->4M(495M) 0.458ms
[24.194s][info ][gc,cpu         ] GC(1290) User=0.00s Sys=0.00s Real=0.00s
[24.203s][info ][gc,start       ] GC(1291) Pause Young (Allocation Failure)
[24.203s][info ][gc,task        ] GC(1291) Using 9 workers of 9 for evacuation
[24.204s][debug][gc,age         ] GC(1291) Desired survivor size 8945664 bytes, new threshold 6 (max threshold 6)
[24.204s][trace][gc,age         ] GC(1291) Age table with threshold 6 (max threshold 6)
[24.204s][trace][gc,age         ] GC(1291) - age   1:        192 bytes,        192 total
[24.204s][info ][gc,heap        ] GC(1291) ParNew: 140094K->8K(157376K)
[24.204s][info ][gc,heap        ] GC(1291) CMS: 3754K->3754K(349568K)
[24.204s][info ][gc,metaspace   ] GC(1291) Metaspace: 16025K(16640K)->16025K(16640K) NonClass: 14284K(14592K)->14284K(14592K) Class: 1740K(2048K)->1740K(2048K)
[24.204s][info ][gc             ] GC(1291) Pause Young (Allocation Failure) 140M->3M(495M) 0.431ms
[24.204s][info ][gc,cpu         ] GC(1291) User=0.00s Sys=0.00s Real=0.00s
[24.213s][info ][gc,start       ] GC(1292) Pause Young (Allocation Failure)
[24.213s][info ][gc,task        ] GC(1292) Using 9 workers of 9 for evacuation
[24.213s][debug][gc,age         ] GC(1292) Desired survivor size 8945664 bytes, new threshold 6 (max threshold 6)
[24.213s][trace][gc,age         ] GC(1292) Age table with threshold 6 (max threshold 6)
[24.213s][trace][gc,age         ] GC(1292) - age   1:        192 bytes,        192 total
[24.213s][info ][gc,heap        ] GC(1292) ParNew: 139912K->6K(157376K)
[24.213s][info ][gc,heap        ] GC(1292) CMS: 3754K->3754K(349568K)
[24.213s][info ][gc,metaspace   ] GC(1292) Metaspace: 16025K(16640K)->16025K(16640K) NonClass: 14284K(14592K)->14284K(14592K) Class: 1740K(2048K)->1740K(2048K)
[24.213s][info ][gc             ] GC(1292) Pause Young (Allocation Failure) 140M->3M(495M) 0.456ms
[24.213s][info ][gc,cpu         ] GC(1292) User=0.00s Sys=0.00s Real=0.00s
[24.223s][info ][gc,start       ] GC(1293) Pause Young (Allocation Failure)
[24.223s][info ][gc,task        ] GC(1293) Using 9 workers of 9 for evacuation
[24.223s][debug][gc,age         ] GC(1293) Desired survivor size 8945664 bytes, new threshold 6 (max threshold 6)
[24.223s][trace][gc,age         ] GC(1293) Age table with threshold 6 (max threshold 6)
[24.223s][trace][gc,age         ] GC(1293) - age   1:     400208 bytes,     400208 total
[24.223s][info ][gc,heap        ] GC(1293) ParNew: 139736K->398K(157376K)
[24.223s][info ][gc,heap        ] GC(1293) CMS: 3754K->3754K(349568K)
[24.223s][info ][gc,metaspace   ] GC(1293) Metaspace: 16025K(16640K)->16025K(16640K) NonClass: 14284K(14592K)->14284K(14592K) Class: 1740K(2048K)->1740K(2048K)
[24.223s][info ][gc             ] GC(1293) Pause Young (Allocation Failure) 140M->4M(495M) 0.465ms
[24.223s][info ][gc,cpu         ] GC(1293) User=0.00s Sys=0.00s Real=0.00s
[24.233s][info ][gc,start       ] GC(1294) Pause Young (Allocation Failure)
[24.233s][info ][gc,task        ] GC(1294) Using 9 workers of 9 for evacuation
[24.233s][debug][gc,age         ] GC(1294) Desired survivor size 8945664 bytes, new threshold 6 (max threshold 6)
[24.233s][trace][gc,age         ] GC(1294) Age table with threshold 6 (max threshold 6)
[24.233s][trace][gc,age         ] GC(1294) - age   1:        192 bytes,        192 total
[24.233s][info ][gc,heap        ] GC(1294) ParNew: 140238K->6K(157376K)
[24.233s][info ][gc,heap        ] GC(1294) CMS: 3754K->3754K(349568K)
[24.233s][info ][gc,metaspace   ] GC(1294) Metaspace: 16025K(16640K)->16025K(16640K) NonClass: 14284K(14592K)->14284K(14592K) Class: 1740K(2048K)->1740K(2048K)
[24.233s][info ][gc             ] GC(1294) Pause Young (Allocation Failure) 140M->3M(495M) 0.428ms
[24.233s][info ][gc,cpu         ] GC(1294) User=0.00s Sys=0.00s Real=0.00s
[24.243s][info ][gc,start       ] GC(1295) Pause Young (Allocation Failure)
[24.243s][info ][gc,task        ] GC(1295) Using 9 workers of 9 for evacuation
[24.243s][debug][gc,age         ] GC(1295) Desired survivor size 8945664 bytes, new threshold 6 (max threshold 6)
[24.243s][trace][gc,age         ] GC(1295) Age table with threshold 6 (max threshold 6)
[24.243s][trace][gc,age         ] GC(1295) - age   1:        192 bytes,        192 total
[24.243s][info ][gc,heap        ] GC(1295) ParNew: 139525K->8K(157376K)
[24.244s][info ][gc,heap        ] GC(1295) CMS: 3754K->3754K(349568K)
[24.244s][info ][gc,metaspace   ] GC(1295) Metaspace: 16025K(16640K)->16025K(16640K) NonClass: 14284K(14592K)->14284K(14592K) Class: 1740K(2048K)->1740K(2048K)
[24.244s][info ][gc             ] GC(1295) Pause Young (Allocation Failure) 139M->3M(495M) 0.543ms
[24.244s][info ][gc,cpu         ] GC(1295) User=0.00s Sys=0.00s Real=0.00s
[24.253s][info ][gc,start       ] GC(1296) Pause Young (Allocation Failure)
[24.253s][info ][gc,task        ] GC(1296) Using 9 workers of 9 for evacuation
[24.253s][debug][gc,age         ] GC(1296) Desired survivor size 8945664 bytes, new threshold 6 (max threshold 6)
[24.253s][trace][gc,age         ] GC(1296) Age table with threshold 6 (max threshold 6)
[24.253s][trace][gc,age         ] GC(1296) - age   1:        192 bytes,        192 total
[24.253s][info ][gc,heap        ] GC(1296) ParNew: 139812K->8K(157376K)
[24.253s][info ][gc,heap        ] GC(1296) CMS: 3754K->3754K(349568K)
[24.253s][info ][gc,metaspace   ] GC(1296) Metaspace: 16025K(16640K)->16025K(16640K) NonClass: 14284K(14592K)->14284K(14592K) Class: 1740K(2048K)->1740K(2048K)
[24.254s][info ][gc             ] GC(1296) Pause Young (Allocation Failure) 140M->3M(495M) 0.473ms
[24.254s][info ][gc,cpu         ] GC(1296) User=0.00s Sys=0.00s Real=0.00s
[24.263s][info ][gc,start       ] GC(1297) Pause Young (Allocation Failure)
[24.263s][info ][gc,task        ] GC(1297) Using 9 workers of 9 for evacuation
[24.263s][debug][gc,age         ] GC(1297) Desired survivor size 8945664 bytes, new threshold 6 (max threshold 6)
[24.263s][trace][gc,age         ] GC(1297) Age table with threshold 6 (max threshold 6)
[24.263s][trace][gc,age         ] GC(1297) - age   1:        192 bytes,        192 total
[24.263s][info ][gc,heap        ] GC(1297) ParNew: 139906K->6K(157376K)
[24.263s][info ][gc,heap        ] GC(1297) CMS: 3754K->3754K(349568K)
[24.263s][info ][gc,metaspace   ] GC(1297) Metaspace: 16025K(16640K)->16025K(16640K) NonClass: 14284K(14592K)->14284K(14592K) Class: 1740K(2048K)->1740K(2048K)
[24.263s][info ][gc             ] GC(1297) Pause Young (Allocation Failure) 140M->3M(495M) 0.420ms
[24.263s][info ][gc,cpu         ] GC(1297) User=0.01s Sys=0.00s Real=0.00s
[24.273s][info ][gc,start       ] GC(1298) Pause Young (Allocation Failure)
[24.273s][info ][gc,task        ] GC(1298) Using 9 workers of 9 for evacuation
[24.273s][debug][gc,age         ] GC(1298) Desired survivor size 8945664 bytes, new threshold 6 (max threshold 6)
[24.273s][trace][gc,age         ] GC(1298) Age table with threshold 6 (max threshold 6)
[24.273s][trace][gc,age         ] GC(1298) - age   1:     400208 bytes,     400208 total
[24.273s][info ][gc,heap        ] GC(1298) ParNew: 139522K->396K(157376K)
[24.273s][info ][gc,heap        ] GC(1298) CMS: 3754K->3754K(349568K)
[24.273s][info ][gc,metaspace   ] GC(1298) Metaspace: 16025K(16640K)->16025K(16640K) NonClass: 14284K(14592K)->14284K(14592K) Class: 1740K(2048K)->1740K(2048K)
[24.273s][info ][gc             ] GC(1298) Pause Young (Allocation Failure) 139M->4M(495M) 0.338ms
[24.273s][info ][gc,cpu         ] GC(1298) User=0.01s Sys=0.00s Real=0.00s
[24.283s][info ][gc,start       ] GC(1299) Pause Young (Allocation Failure)
[24.283s][info ][gc,task        ] GC(1299) Using 9 workers of 9 for evacuation
[24.283s][debug][gc,age         ] GC(1299) Desired survivor size 8945664 bytes, new threshold 6 (max threshold 6)
[24.283s][trace][gc,age         ] GC(1299) Age table with threshold 6 (max threshold 6)
[24.283s][trace][gc,age         ] GC(1299) - age   1:     400208 bytes,     400208 total
[24.283s][info ][gc,heap        ] GC(1299) ParNew: 139984K->396K(157376K)
[24.283s][info ][gc,heap        ] GC(1299) CMS: 3754K->3754K(349568K)
[24.283s][info ][gc,metaspace   ] GC(1299) Metaspace: 16025K(16640K)->16025K(16640K) NonClass: 14284K(14592K)->14284K(14592K) Class: 1740K(2048K)->1740K(2048K)
[24.283s][info ][gc             ] GC(1299) Pause Young (Allocation Failure) 140M->4M(495M) 0.517ms
[24.283s][info ][gc,cpu         ] GC(1299) User=0.01s Sys=0.00s Real=0.00s
[24.293s][info ][gc,start       ] GC(1300) Pause Young (Allocation Failure)
[24.293s][info ][gc,task        ] GC(1300) Using 9 workers of 9 for evacuation
[24.295s][debug][gc,age         ] GC(1300) Desired survivor size 8945664 bytes, new threshold 6 (max threshold 6)
[24.295s][trace][gc,age         ] GC(1300) Age table with threshold 6 (max threshold 6)
[24.295s][trace][gc,age         ] GC(1300) - age   1:        192 bytes,        192 total
[24.295s][info ][gc,heap        ] GC(1300) ParNew: 140099K->8K(157376K)
[24.295s][info ][gc,heap        ] GC(1300) CMS: 3754K->3754K(349568K)
[24.295s][info ][gc,metaspace   ] GC(1300) Metaspace: 16025K(16640K)->16025K(16640K) NonClass: 14284K(14592K)->14284K(14592K) Class: 1740K(2048K)->1740K(2048K)
[24.295s][info ][gc             ] GC(1300) Pause Young (Allocation Failure) 140M->3M(495M) 1.652ms
[24.295s][info ][gc,cpu         ] GC(1300) User=0.00s Sys=0.00s Real=0.00s
[24.304s][info ][gc,start       ] GC(1301) Pause Young (Allocation Failure)
[24.304s][info ][gc,task        ] GC(1301) Using 9 workers of 9 for evacuation
[24.305s][debug][gc,age         ] GC(1301) Desired survivor size 8945664 bytes, new threshold 6 (max threshold 6)
[24.305s][trace][gc,age         ] GC(1301) Age table with threshold 6 (max threshold 6)
[24.305s][trace][gc,age         ] GC(1301) - age   1:     400208 bytes,     400208 total
[24.305s][info ][gc,heap        ] GC(1301) ParNew: 139869K->398K(157376K)
[24.305s][info ][gc,heap        ] GC(1301) CMS: 3754K->3754K(349568K)
[24.305s][info ][gc,metaspace   ] GC(1301) Metaspace: 16025K(16640K)->16025K(16640K) NonClass: 14284K(14592K)->14284K(14592K) Class: 1740K(2048K)->1740K(2048K)
[24.305s][info ][gc             ] GC(1301) Pause Young (Allocation Failure) 140M->4M(495M) 0.399ms
[24.305s][info ][gc,cpu         ] GC(1301) User=0.00s Sys=0.00s Real=0.00s
[24.315s][info ][gc,start       ] GC(1302) Pause Young (Allocation Failure)
[24.315s][info ][gc,task        ] GC(1302) Using 9 workers of 9 for evacuation
[24.315s][debug][gc,age         ] GC(1302) Desired survivor size 8945664 bytes, new threshold 6 (max threshold 6)
[24.315s][trace][gc,age         ] GC(1302) Age table with threshold 6 (max threshold 6)
[24.315s][trace][gc,age         ] GC(1302) - age   1:     400208 bytes,     400208 total
[24.315s][info ][gc,heap        ] GC(1302) ParNew: 140130K->396K(157376K)
[24.315s][info ][gc,heap        ] GC(1302) CMS: 3754K->3754K(349568K)
[24.315s][info ][gc,metaspace   ] GC(1302) Metaspace: 16025K(16640K)->16025K(16640K) NonClass: 14284K(14592K)->14284K(14592K) Class: 1740K(2048K)->1740K(2048K)
[24.315s][info ][gc             ] GC(1302) Pause Young (Allocation Failure) 140M->4M(495M) 0.301ms
[24.315s][info ][gc,cpu         ] GC(1302) User=0.00s Sys=0.00s Real=0.00s
[24.325s][info ][gc,start       ] GC(1303) Pause Young (Allocation Failure)
[24.325s][info ][gc,task        ] GC(1303) Using 9 workers of 9 for evacuation
[24.325s][debug][gc,age         ] GC(1303) Desired survivor size 8945664 bytes, new threshold 6 (max threshold 6)
[24.325s][trace][gc,age         ] GC(1303) Age table with threshold 6 (max threshold 6)
[24.325s][trace][gc,age         ] GC(1303) - age   1:     400208 bytes,     400208 total
[24.325s][info ][gc,heap        ] GC(1303) ParNew: 140193K->396K(157376K)
[24.325s][info ][gc,heap        ] GC(1303) CMS: 3754K->3754K(349568K)
[24.325s][info ][gc,metaspace   ] GC(1303) Metaspace: 16025K(16640K)->16025K(16640K) NonClass: 14284K(14592K)->14284K(14592K) Class: 1740K(2048K)->1740K(2048K)
[24.325s][info ][gc             ] GC(1303) Pause Young (Allocation Failure) 140M->4M(495M) 0.432ms
[24.325s][info ][gc,cpu         ] GC(1303) User=0.00s Sys=0.00s Real=0.00s
[24.335s][info ][gc,start       ] GC(1304) Pause Young (Allocation Failure)
[24.335s][info ][gc,task        ] GC(1304) Using 9 workers of 9 for evacuation
[24.335s][debug][gc,age         ] GC(1304) Desired survivor size 8945664 bytes, new threshold 6 (max threshold 6)
[24.335s][trace][gc,age         ] GC(1304) Age table with threshold 6 (max threshold 6)
[24.335s][trace][gc,age         ] GC(1304) - age   1:     400208 bytes,     400208 total
[24.335s][info ][gc,heap        ] GC(1304) ParNew: 139998K->396K(157376K)
[24.335s][info ][gc,heap        ] GC(1304) CMS: 3754K->3754K(349568K)
[24.335s][info ][gc,metaspace   ] GC(1304) Metaspace: 16025K(16640K)->16025K(16640K) NonClass: 14284K(14592K)->14284K(14592K) Class: 1740K(2048K)->1740K(2048K)
[24.335s][info ][gc             ] GC(1304) Pause Young (Allocation Failure) 140M->4M(495M) 0.471ms
[24.335s][info ][gc,cpu         ] GC(1304) User=0.00s Sys=0.00s Real=0.00s
[24.345s][info ][gc,start       ] GC(1305) Pause Young (Allocation Failure)
[24.345s][info ][gc,task        ] GC(1305) Using 9 workers of 9 for evacuation
[24.345s][debug][gc,age         ] GC(1305) Desired survivor size 8945664 bytes, new threshold 6 (max threshold 6)
[24.345s][trace][gc,age         ] GC(1305) Age table with threshold 6 (max threshold 6)
[24.345s][trace][gc,age         ] GC(1305) - age   1:     400208 bytes,     400208 total
[24.345s][info ][gc,heap        ] GC(1305) ParNew: 139928K->398K(157376K)
[24.345s][info ][gc,heap        ] GC(1305) CMS: 3754K->3754K(349568K)
[24.345s][info ][gc,metaspace   ] GC(1305) Metaspace: 16025K(16640K)->16025K(16640K) NonClass: 14284K(14592K)->14284K(14592K) Class: 1740K(2048K)->1740K(2048K)
[24.345s][info ][gc             ] GC(1305) Pause Young (Allocation Failure) 140M->4M(495M) 0.638ms
[24.345s][info ][gc,cpu         ] GC(1305) User=0.00s Sys=0.00s Real=0.00s
[24.355s][info ][gc,start       ] GC(1306) Pause Young (Allocation Failure)
[24.355s][info ][gc,task        ] GC(1306) Using 9 workers of 9 for evacuation
[24.355s][debug][gc,age         ] GC(1306) Desired survivor size 8945664 bytes, new threshold 6 (max threshold 6)
[24.355s][trace][gc,age         ] GC(1306) Age table with threshold 6 (max threshold 6)
[24.355s][trace][gc,age         ] GC(1306) - age   1:     400208 bytes,     400208 total
[24.355s][info ][gc,heap        ] GC(1306) ParNew: 140083K->398K(157376K)
[24.355s][info ][gc,heap        ] GC(1306) CMS: 3754K->3754K(349568K)
[24.355s][info ][gc,metaspace   ] GC(1306) Metaspace: 16025K(16640K)->16025K(16640K) NonClass: 14284K(14592K)->14284K(14592K) Class: 1740K(2048K)->1740K(2048K)
[24.355s][info ][gc             ] GC(1306) Pause Young (Allocation Failure) 140M->4M(495M) 0.435ms
[24.355s][info ][gc,cpu         ] GC(1306) User=0.00s Sys=0.00s Real=0.00s
[24.365s][info ][gc,start       ] GC(1307) Pause Young (Allocation Failure)
[24.365s][info ][gc,task        ] GC(1307) Using 9 workers of 9 for evacuation
[24.365s][debug][gc,age         ] GC(1307) Desired survivor size 8945664 bytes, new threshold 6 (max threshold 6)
[24.365s][trace][gc,age         ] GC(1307) Age table with threshold 6 (max threshold 6)
[24.365s][trace][gc,age         ] GC(1307) - age   1:        192 bytes,        192 total
[24.365s][info ][gc,heap        ] GC(1307) ParNew: 140102K->8K(157376K)
[24.365s][info ][gc,heap        ] GC(1307) CMS: 3754K->3754K(349568K)
[24.365s][info ][gc,metaspace   ] GC(1307) Metaspace: 16025K(16640K)->16025K(16640K) NonClass: 14284K(14592K)->14284K(14592K) Class: 1740K(2048K)->1740K(2048K)
[24.365s][info ][gc             ] GC(1307) Pause Young (Allocation Failure) 140M->3M(495M) 0.428ms
[24.365s][info ][gc,cpu         ] GC(1307) User=0.01s Sys=0.00s Real=0.00s
[24.375s][info ][gc,start       ] GC(1308) Pause Young (Allocation Failure)
[24.375s][info ][gc,task        ] GC(1308) Using 9 workers of 9 for evacuation
[24.375s][debug][gc,age         ] GC(1308) Desired survivor size 8945664 bytes, new threshold 6 (max threshold 6)
[24.375s][trace][gc,age         ] GC(1308) Age table with threshold 6 (max threshold 6)
[24.375s][trace][gc,age         ] GC(1308) - age   1:        192 bytes,        192 total
[24.375s][info ][gc,heap        ] GC(1308) ParNew: 139877K->6K(157376K)
[24.375s][info ][gc,heap        ] GC(1308) CMS: 3754K->3754K(349568K)
[24.375s][info ][gc,metaspace   ] GC(1308) Metaspace: 16025K(16640K)->16025K(16640K) NonClass: 14284K(14592K)->14284K(14592K) Class: 1740K(2048K)->1740K(2048K)
[24.375s][info ][gc             ] GC(1308) Pause Young (Allocation Failure) 140M->3M(495M) 0.404ms
[24.375s][info ][gc,cpu         ] GC(1308) User=0.01s Sys=0.00s Real=0.00s
[24.385s][info ][gc,start       ] GC(1309) Pause Young (Allocation Failure)
[24.385s][info ][gc,task        ] GC(1309) Using 9 workers of 9 for evacuation
[24.385s][debug][gc,age         ] GC(1309) Desired survivor size 8945664 bytes, new threshold 6 (max threshold 6)
[24.385s][trace][gc,age         ] GC(1309) Age table with threshold 6 (max threshold 6)
[24.385s][trace][gc,age         ] GC(1309) - age   1:        192 bytes,        192 total
[24.385s][info ][gc,heap        ] GC(1309) ParNew: 139780K->6K(157376K)
[24.385s][info ][gc,heap        ] GC(1309) CMS: 3754K->3754K(349568K)
[24.385s][info ][gc,metaspace   ] GC(1309) Metaspace: 16025K(16640K)->16025K(16640K) NonClass: 14284K(14592K)->14284K(14592K) Class: 1740K(2048K)->1740K(2048K)
[24.385s][info ][gc             ] GC(1309) Pause Young (Allocation Failure) 140M->3M(495M) 0.436ms
[24.385s][info ][gc,cpu         ] GC(1309) User=0.01s Sys=0.00s Real=0.00s
[24.395s][info ][gc,start       ] GC(1310) Pause Young (Allocation Failure)
[24.395s][info ][gc,task        ] GC(1310) Using 9 workers of 9 for evacuation
[24.395s][debug][gc,age         ] GC(1310) Desired survivor size 8945664 bytes, new threshold 6 (max threshold 6)
[24.395s][trace][gc,age         ] GC(1310) Age table with threshold 6 (max threshold 6)
[24.395s][trace][gc,age         ] GC(1310) - age   1:        192 bytes,        192 total
[24.395s][info ][gc,heap        ] GC(1310) ParNew: 139840K->4K(157376K)
[24.395s][info ][gc,heap        ] GC(1310) CMS: 3754K->3754K(349568K)
[24.395s][info ][gc,metaspace   ] GC(1310) Metaspace: 16025K(16640K)->16025K(16640K) NonClass: 14284K(14592K)->14284K(14592K) Class: 1740K(2048K)->1740K(2048K)
[24.395s][info ][gc             ] GC(1310) Pause Young (Allocation Failure) 140M->3M(495M) 0.405ms
[24.395s][info ][gc,cpu         ] GC(1310) User=0.00s Sys=0.00s Real=0.00s
[24.405s][info ][gc,start       ] GC(1311) Pause Young (Allocation Failure)
[24.405s][info ][gc,task        ] GC(1311) Using 9 workers of 9 for evacuation
[24.405s][debug][gc,age         ] GC(1311) Desired survivor size 8945664 bytes, new threshold 6 (max threshold 6)
[24.405s][trace][gc,age         ] GC(1311) Age table with threshold 6 (max threshold 6)
[24.405s][trace][gc,age         ] GC(1311) - age   1:        192 bytes,        192 total
[24.405s][info ][gc,heap        ] GC(1311) ParNew: 139850K->6K(157376K)
[24.405s][info ][gc,heap        ] GC(1311) CMS: 3754K->3754K(349568K)
[24.405s][info ][gc,metaspace   ] GC(1311) Metaspace: 16025K(16640K)->16025K(16640K) NonClass: 14284K(14592K)->14284K(14592K) Class: 1740K(2048K)->1740K(2048K)
[24.405s][info ][gc             ] GC(1311) Pause Young (Allocation Failure) 140M->3M(495M) 0.411ms
[24.405s][info ][gc,cpu         ] GC(1311) User=0.00s Sys=0.00s Real=0.00s
[24.415s][info ][gc,start       ] GC(1312) Pause Young (Allocation Failure)
[24.415s][info ][gc,task        ] GC(1312) Using 9 workers of 9 for evacuation
[24.415s][debug][gc,age         ] GC(1312) Desired survivor size 8945664 bytes, new threshold 6 (max threshold 6)
[24.415s][trace][gc,age         ] GC(1312) Age table with threshold 6 (max threshold 6)
[24.415s][trace][gc,age         ] GC(1312) - age   1:     400208 bytes,     400208 total
[24.415s][info ][gc,heap        ] GC(1312) ParNew: 139829K->398K(157376K)
[24.415s][info ][gc,heap        ] GC(1312) CMS: 3754K->3754K(349568K)
[24.415s][info ][gc,metaspace   ] GC(1312) Metaspace: 16025K(16640K)->16025K(16640K) NonClass: 14284K(14592K)->14284K(14592K) Class: 1740K(2048K)->1740K(2048K)
[24.415s][info ][gc             ] GC(1312) Pause Young (Allocation Failure) 140M->4M(495M) 0.510ms
[24.415s][info ][gc,cpu         ] GC(1312) User=0.00s Sys=0.00s Real=0.00s
[24.425s][info ][gc,start       ] GC(1313) Pause Young (Allocation Failure)
[24.425s][info ][gc,task        ] GC(1313) Using 9 workers of 9 for evacuation
[24.425s][debug][gc,age         ] GC(1313) Desired survivor size 8945664 bytes, new threshold 6 (max threshold 6)
[24.425s][trace][gc,age         ] GC(1313) Age table with threshold 6 (max threshold 6)
[24.425s][trace][gc,age         ] GC(1313) - age   1:     400208 bytes,     400208 total
[24.425s][info ][gc,heap        ] GC(1313) ParNew: 140034K->398K(157376K)
[24.425s][info ][gc,heap        ] GC(1313) CMS: 3754K->3754K(349568K)
[24.425s][info ][gc,metaspace   ] GC(1313) Metaspace: 16025K(16640K)->16025K(16640K) NonClass: 14284K(14592K)->14284K(14592K) Class: 1740K(2048K)->1740K(2048K)
[24.425s][info ][gc             ] GC(1313) Pause Young (Allocation Failure) 140M->4M(495M) 0.368ms
[24.425s][info ][gc,cpu         ] GC(1313) User=0.00s Sys=0.00s Real=0.00s
[24.434s][info ][gc,start       ] GC(1314) Pause Young (Allocation Failure)
[24.434s][info ][gc,task        ] GC(1314) Using 9 workers of 9 for evacuation
[24.435s][debug][gc,age         ] GC(1314) Desired survivor size 8945664 bytes, new threshold 6 (max threshold 6)
[24.435s][trace][gc,age         ] GC(1314) Age table with threshold 6 (max threshold 6)
[24.435s][trace][gc,age         ] GC(1314) - age   1:        192 bytes,        192 total
[24.435s][info ][gc,heap        ] GC(1314) ParNew: 140220K->6K(157376K)
[24.435s][info ][gc,heap        ] GC(1314) CMS: 3754K->3754K(349568K)
[24.435s][info ][gc,metaspace   ] GC(1314) Metaspace: 16025K(16640K)->16025K(16640K) NonClass: 14284K(14592K)->14284K(14592K) Class: 1740K(2048K)->1740K(2048K)
[24.435s][info ][gc             ] GC(1314) Pause Young (Allocation Failure) 140M->3M(495M) 0.479ms
[24.435s][info ][gc,cpu         ] GC(1314) User=0.00s Sys=0.00s Real=0.00s
[24.444s][info ][gc,start       ] GC(1315) Pause Young (Allocation Failure)
[24.444s][info ][gc,task        ] GC(1315) Using 9 workers of 9 for evacuation
[24.445s][debug][gc,age         ] GC(1315) Desired survivor size 8945664 bytes, new threshold 6 (max threshold 6)
[24.445s][trace][gc,age         ] GC(1315) Age table with threshold 6 (max threshold 6)
[24.445s][trace][gc,age         ] GC(1315) - age   1:     400208 bytes,     400208 total
[24.445s][info ][gc,heap        ] GC(1315) ParNew: 139670K->396K(157376K)
[24.445s][info ][gc,heap        ] GC(1315) CMS: 3754K->3754K(349568K)
[24.445s][info ][gc,metaspace   ] GC(1315) Metaspace: 16025K(16640K)->16025K(16640K) NonClass: 14284K(14592K)->14284K(14592K) Class: 1740K(2048K)->1740K(2048K)
[24.445s][info ][gc             ] GC(1315) Pause Young (Allocation Failure) 140M->4M(495M) 0.405ms
[24.445s][info ][gc,cpu         ] GC(1315) User=0.00s Sys=0.00s Real=0.00s
[24.454s][info ][gc,start       ] GC(1316) Pause Young (Allocation Failure)
[24.454s][info ][gc,task        ] GC(1316) Using 9 workers of 9 for evacuation
[24.455s][debug][gc,age         ] GC(1316) Desired survivor size 8945664 bytes, new threshold 6 (max threshold 6)
[24.455s][trace][gc,age         ] GC(1316) Age table with threshold 6 (max threshold 6)
[24.455s][trace][gc,age         ] GC(1316) - age   1:     400208 bytes,     400208 total
[24.455s][info ][gc,heap        ] GC(1316) ParNew: 139997K->396K(157376K)
[24.455s][info ][gc,heap        ] GC(1316) CMS: 3754K->3754K(349568K)
[24.455s][info ][gc,metaspace   ] GC(1316) Metaspace: 16025K(16640K)->16025K(16640K) NonClass: 14284K(14592K)->14284K(14592K) Class: 1740K(2048K)->1740K(2048K)
[24.455s][info ][gc             ] GC(1316) Pause Young (Allocation Failure) 140M->4M(495M) 0.446ms
[24.455s][info ][gc,cpu         ] GC(1316) User=0.00s Sys=0.01s Real=0.00s
[24.464s][info ][gc,start       ] GC(1317) Pause Young (Allocation Failure)
[24.464s][info ][gc,task        ] GC(1317) Using 9 workers of 9 for evacuation
[24.465s][debug][gc,age         ] GC(1317) Desired survivor size 8945664 bytes, new threshold 6 (max threshold 6)
[24.465s][trace][gc,age         ] GC(1317) Age table with threshold 6 (max threshold 6)
[24.465s][trace][gc,age         ] GC(1317) - age   1:        192 bytes,        192 total
[24.465s][info ][gc,heap        ] GC(1317) ParNew: 139934K->6K(157376K)
[24.465s][info ][gc,heap        ] GC(1317) CMS: 3754K->3754K(349568K)
[24.465s][info ][gc,metaspace   ] GC(1317) Metaspace: 16025K(16640K)->16025K(16640K) NonClass: 14284K(14592K)->14284K(14592K) Class: 1740K(2048K)->1740K(2048K)
[24.465s][info ][gc             ] GC(1317) Pause Young (Allocation Failure) 140M->3M(495M) 0.422ms
[24.465s][info ][gc,cpu         ] GC(1317) User=0.00s Sys=0.00s Real=0.00s
[24.474s][info ][gc,start       ] GC(1318) Pause Young (Allocation Failure)
[24.474s][info ][gc,task        ] GC(1318) Using 9 workers of 9 for evacuation
[24.475s][debug][gc,age         ] GC(1318) Desired survivor size 8945664 bytes, new threshold 6 (max threshold 6)
[24.475s][trace][gc,age         ] GC(1318) Age table with threshold 6 (max threshold 6)
[24.475s][trace][gc,age         ] GC(1318) - age   1:     400208 bytes,     400208 total
[24.475s][info ][gc,heap        ] GC(1318) ParNew: 139631K->396K(157376K)
[24.475s][info ][gc,heap        ] GC(1318) CMS: 3754K->3754K(349568K)
[24.475s][info ][gc,metaspace   ] GC(1318) Metaspace: 16025K(16640K)->16025K(16640K) NonClass: 14284K(14592K)->14284K(14592K) Class: 1740K(2048K)->1740K(2048K)
[24.475s][info ][gc             ] GC(1318) Pause Young (Allocation Failure) 140M->4M(495M) 0.382ms
[24.475s][info ][gc,cpu         ] GC(1318) User=0.00s Sys=0.00s Real=0.00s
[24.485s][info ][gc,start       ] GC(1319) Pause Young (Allocation Failure)
[24.485s][info ][gc,task        ] GC(1319) Using 9 workers of 9 for evacuation
[24.485s][debug][gc,age         ] GC(1319) Desired survivor size 8945664 bytes, new threshold 6 (max threshold 6)
[24.485s][trace][gc,age         ] GC(1319) Age table with threshold 6 (max threshold 6)
[24.485s][trace][gc,age         ] GC(1319) - age   1:        192 bytes,        192 total
[24.485s][info ][gc,heap        ] GC(1319) ParNew: 140190K->6K(157376K)
[24.485s][info ][gc,heap        ] GC(1319) CMS: 3754K->3754K(349568K)
[24.485s][info ][gc,metaspace   ] GC(1319) Metaspace: 16025K(16640K)->16025K(16640K) NonClass: 14284K(14592K)->14284K(14592K) Class: 1740K(2048K)->1740K(2048K)
[24.485s][info ][gc             ] GC(1319) Pause Young (Allocation Failure) 140M->3M(495M) 0.386ms
[24.485s][info ][gc,cpu         ] GC(1319) User=0.00s Sys=0.00s Real=0.00s
[24.494s][info ][gc,start       ] GC(1320) Pause Young (Allocation Failure)
[24.495s][info ][gc,task        ] GC(1320) Using 9 workers of 9 for evacuation
[24.495s][debug][gc,age         ] GC(1320) Desired survivor size 8945664 bytes, new threshold 6 (max threshold 6)
[24.495s][trace][gc,age         ] GC(1320) Age table with threshold 6 (max threshold 6)
[24.495s][trace][gc,age         ] GC(1320) - age   1:        192 bytes,        192 total
[24.495s][info ][gc,heap        ] GC(1320) ParNew: 139520K->8K(157376K)
[24.495s][info ][gc,heap        ] GC(1320) CMS: 3754K->3754K(349568K)
[24.495s][info ][gc,metaspace   ] GC(1320) Metaspace: 16025K(16640K)->16025K(16640K) NonClass: 14284K(14592K)->14284K(14592K) Class: 1740K(2048K)->1740K(2048K)
[24.495s][info ][gc             ] GC(1320) Pause Young (Allocation Failure) 139M->3M(495M) 0.510ms
[24.495s][info ][gc,cpu         ] GC(1320) User=0.00s Sys=0.00s Real=0.00s
[24.505s][info ][gc,start       ] GC(1321) Pause Young (Allocation Failure)
[24.505s][info ][gc,task        ] GC(1321) Using 9 workers of 9 for evacuation
[24.505s][debug][gc,age         ] GC(1321) Desired survivor size 8945664 bytes, new threshold 6 (max threshold 6)
[24.505s][trace][gc,age         ] GC(1321) Age table with threshold 6 (max threshold 6)
[24.505s][trace][gc,age         ] GC(1321) - age   1:     400208 bytes,     400208 total
[24.505s][info ][gc,heap        ] GC(1321) ParNew: 139835K->396K(157376K)
[24.505s][info ][gc,heap        ] GC(1321) CMS: 3754K->3754K(349568K)
[24.505s][info ][gc,metaspace   ] GC(1321) Metaspace: 16025K(16640K)->16025K(16640K) NonClass: 14284K(14592K)->14284K(14592K) Class: 1740K(2048K)->1740K(2048K)
[24.505s][info ][gc             ] GC(1321) Pause Young (Allocation Failure) 140M->4M(495M) 0.475ms
[24.505s][info ][gc,cpu         ] GC(1321) User=0.01s Sys=0.00s Real=0.00s
[24.515s][info ][gc,start       ] GC(1322) Pause Young (Allocation Failure)
[24.515s][info ][gc,task        ] GC(1322) Using 9 workers of 9 for evacuation
[24.515s][debug][gc,age         ] GC(1322) Desired survivor size 8945664 bytes, new threshold 6 (max threshold 6)
[24.515s][trace][gc,age         ] GC(1322) Age table with threshold 6 (max threshold 6)
[24.515s][trace][gc,age         ] GC(1322) - age   1:     400208 bytes,     400208 total
[24.515s][info ][gc,heap        ] GC(1322) ParNew: 140141K->394K(157376K)
[24.515s][info ][gc,heap        ] GC(1322) CMS: 3754K->3754K(349568K)
[24.515s][info ][gc,metaspace   ] GC(1322) Metaspace: 16025K(16640K)->16025K(16640K) NonClass: 14284K(14592K)->14284K(14592K) Class: 1740K(2048K)->1740K(2048K)
[24.515s][info ][gc             ] GC(1322) Pause Young (Allocation Failure) 140M->4M(495M) 0.436ms
[24.515s][info ][gc,cpu         ] GC(1322) User=0.01s Sys=0.00s Real=0.00s
[24.524s][info ][gc,start       ] GC(1323) Pause Young (Allocation Failure)
[24.524s][info ][gc,task        ] GC(1323) Using 9 workers of 9 for evacuation
[24.525s][debug][gc,age         ] GC(1323) Desired survivor size 8945664 bytes, new threshold 6 (max threshold 6)
[24.525s][trace][gc,age         ] GC(1323) Age table with threshold 6 (max threshold 6)
[24.525s][trace][gc,age         ] GC(1323) - age   1:     400208 bytes,     400208 total
[24.525s][info ][gc,heap        ] GC(1323) ParNew: 140083K->398K(157376K)
[24.525s][info ][gc,heap        ] GC(1323) CMS: 3754K->3754K(349568K)
[24.525s][info ][gc,metaspace   ] GC(1323) Metaspace: 16025K(16640K)->16025K(16640K) NonClass: 14284K(14592K)->14284K(14592K) Class: 1740K(2048K)->1740K(2048K)
[24.525s][info ][gc             ] GC(1323) Pause Young (Allocation Failure) 140M->4M(495M) 0.517ms
[24.525s][info ][gc,cpu         ] GC(1323) User=0.00s Sys=0.00s Real=0.00s
[24.535s][info ][gc,start       ] GC(1324) Pause Young (Allocation Failure)
[24.535s][info ][gc,task        ] GC(1324) Using 9 workers of 9 for evacuation
[24.535s][debug][gc,age         ] GC(1324) Desired survivor size 8945664 bytes, new threshold 6 (max threshold 6)
[24.535s][trace][gc,age         ] GC(1324) Age table with threshold 6 (max threshold 6)
[24.535s][trace][gc,age         ] GC(1324) - age   1:     400208 bytes,     400208 total
[24.535s][info ][gc,heap        ] GC(1324) ParNew: 140182K->396K(157376K)
[24.535s][info ][gc,heap        ] GC(1324) CMS: 3754K->3754K(349568K)
[24.535s][info ][gc,metaspace   ] GC(1324) Metaspace: 16025K(16640K)->16025K(16640K) NonClass: 14284K(14592K)->14284K(14592K) Class: 1740K(2048K)->1740K(2048K)
[24.535s][info ][gc             ] GC(1324) Pause Young (Allocation Failure) 140M->4M(495M) 0.422ms
[24.535s][info ][gc,cpu         ] GC(1324) User=0.00s Sys=0.00s Real=0.00s
[24.544s][info ][gc,start       ] GC(1325) Pause Young (Allocation Failure)
[24.544s][info ][gc,task        ] GC(1325) Using 9 workers of 9 for evacuation
[24.545s][debug][gc,age         ] GC(1325) Desired survivor size 8945664 bytes, new threshold 6 (max threshold 6)
[24.545s][trace][gc,age         ] GC(1325) Age table with threshold 6 (max threshold 6)
[24.545s][trace][gc,age         ] GC(1325) - age   1:        192 bytes,        192 total
[24.545s][info ][gc,heap        ] GC(1325) ParNew: 140114K->8K(157376K)
[24.545s][info ][gc,heap        ] GC(1325) CMS: 3754K->3754K(349568K)
[24.545s][info ][gc,metaspace   ] GC(1325) Metaspace: 16025K(16640K)->16025K(16640K) NonClass: 14284K(14592K)->14284K(14592K) Class: 1740K(2048K)->1740K(2048K)
[24.545s][info ][gc             ] GC(1325) Pause Young (Allocation Failure) 140M->3M(495M) 0.435ms
[24.545s][info ][gc,cpu         ] GC(1325) User=0.00s Sys=0.00s Real=0.00s
[24.554s][info ][gc,start       ] GC(1326) Pause Young (Allocation Failure)
[24.554s][info ][gc,task        ] GC(1326) Using 9 workers of 9 for evacuation
[24.555s][debug][gc,age         ] GC(1326) Desired survivor size 8945664 bytes, new threshold 6 (max threshold 6)
[24.555s][trace][gc,age         ] GC(1326) Age table with threshold 6 (max threshold 6)
[24.555s][trace][gc,age         ] GC(1326) - age   1:        192 bytes,        192 total
[24.555s][info ][gc,heap        ] GC(1326) ParNew: 139875K->8K(157376K)
[24.555s][info ][gc,heap        ] GC(1326) CMS: 3754K->3754K(349568K)
[24.555s][info ][gc,metaspace   ] GC(1326) Metaspace: 16025K(16640K)->16025K(16640K) NonClass: 14284K(14592K)->14284K(14592K) Class: 1740K(2048K)->1740K(2048K)
[24.555s][info ][gc             ] GC(1326) Pause Young (Allocation Failure) 140M->3M(495M) 0.446ms
[24.555s][info ][gc,cpu         ] GC(1326) User=0.00s Sys=0.00s Real=0.00s
[24.564s][info ][gc,start       ] GC(1327) Pause Young (Allocation Failure)
[24.564s][info ][gc,task        ] GC(1327) Using 9 workers of 9 for evacuation
[24.565s][debug][gc,age         ] GC(1327) Desired survivor size 8945664 bytes, new threshold 6 (max threshold 6)
[24.565s][trace][gc,age         ] GC(1327) Age table with threshold 6 (max threshold 6)
[24.565s][trace][gc,age         ] GC(1327) - age   1:     400208 bytes,     400208 total
[24.565s][info ][gc,heap        ] GC(1327) ParNew: 139875K->394K(157376K)
[24.565s][info ][gc,heap        ] GC(1327) CMS: 3754K->3754K(349568K)
[24.565s][info ][gc,metaspace   ] GC(1327) Metaspace: 16025K(16640K)->16025K(16640K) NonClass: 14284K(14592K)->14284K(14592K) Class: 1740K(2048K)->1740K(2048K)
[24.565s][info ][gc             ] GC(1327) Pause Young (Allocation Failure) 140M->4M(495M) 0.430ms
[24.565s][info ][gc,cpu         ] GC(1327) User=0.00s Sys=0.00s Real=0.00s
[24.574s][info ][gc,start       ] GC(1328) Pause Young (Allocation Failure)
[24.574s][info ][gc,task        ] GC(1328) Using 9 workers of 9 for evacuation
[24.575s][debug][gc,age         ] GC(1328) Desired survivor size 8945664 bytes, new threshold 6 (max threshold 6)
[24.575s][trace][gc,age         ] GC(1328) Age table with threshold 6 (max threshold 6)
[24.575s][trace][gc,age         ] GC(1328) - age   1:        192 bytes,        192 total
[24.575s][info ][gc,heap        ] GC(1328) ParNew: 140166K->6K(157376K)
[24.575s][info ][gc,heap        ] GC(1328) CMS: 3754K->3754K(349568K)
[24.575s][info ][gc,metaspace   ] GC(1328) Metaspace: 16025K(16640K)->16025K(16640K) NonClass: 14284K(14592K)->14284K(14592K) Class: 1740K(2048K)->1740K(2048K)
[24.575s][info ][gc             ] GC(1328) Pause Young (Allocation Failure) 140M->3M(495M) 0.349ms
[24.575s][info ][gc,cpu         ] GC(1328) User=0.00s Sys=0.00s Real=0.00s
[24.584s][info ][gc,start       ] GC(1329) Pause Young (Allocation Failure)
[24.584s][info ][gc,task        ] GC(1329) Using 9 workers of 9 for evacuation
[24.585s][debug][gc,age         ] GC(1329) Desired survivor size 8945664 bytes, new threshold 6 (max threshold 6)
[24.585s][trace][gc,age         ] GC(1329) Age table with threshold 6 (max threshold 6)
[24.585s][trace][gc,age         ] GC(1329) - age   1:        192 bytes,        192 total
[24.585s][info ][gc,heap        ] GC(1329) ParNew: 139631K->4K(157376K)
[24.585s][info ][gc,heap        ] GC(1329) CMS: 3754K->3754K(349568K)
[24.585s][info ][gc,metaspace   ] GC(1329) Metaspace: 16025K(16640K)->16025K(16640K) NonClass: 14284K(14592K)->14284K(14592K) Class: 1740K(2048K)->1740K(2048K)
[24.585s][info ][gc             ] GC(1329) Pause Young (Allocation Failure) 140M->3M(495M) 0.394ms
[24.585s][info ][gc,cpu         ] GC(1329) User=0.00s Sys=0.00s Real=0.00s
[24.594s][info ][gc,start       ] GC(1330) Pause Young (Allocation Failure)
[24.594s][info ][gc,task        ] GC(1330) Using 9 workers of 9 for evacuation
[24.594s][debug][gc,age         ] GC(1330) Desired survivor size 8945664 bytes, new threshold 6 (max threshold 6)
[24.594s][trace][gc,age         ] GC(1330) Age table with threshold 6 (max threshold 6)
[24.594s][trace][gc,age         ] GC(1330) - age   1:        192 bytes,        192 total
[24.594s][info ][gc,heap        ] GC(1330) ParNew: 139662K->8K(157376K)
[24.594s][info ][gc,heap        ] GC(1330) CMS: 3754K->3754K(349568K)
[24.594s][info ][gc,metaspace   ] GC(1330) Metaspace: 16025K(16640K)->16025K(16640K) NonClass: 14284K(14592K)->14284K(14592K) Class: 1740K(2048K)->1740K(2048K)
[24.594s][info ][gc             ] GC(1330) Pause Young (Allocation Failure) 140M->3M(495M) 0.407ms
[24.594s][info ][gc,cpu         ] GC(1330) User=0.00s Sys=0.00s Real=0.00s
[24.604s][info ][gc,start       ] GC(1331) Pause Young (Allocation Failure)
[24.604s][info ][gc,task        ] GC(1331) Using 9 workers of 9 for evacuation
[24.604s][debug][gc,age         ] GC(1331) Desired survivor size 8945664 bytes, new threshold 6 (max threshold 6)
[24.604s][trace][gc,age         ] GC(1331) Age table with threshold 6 (max threshold 6)
[24.604s][trace][gc,age         ] GC(1331) - age   1:        192 bytes,        192 total
[24.604s][info ][gc,heap        ] GC(1331) ParNew: 139703K->6K(157376K)
[24.604s][info ][gc,heap        ] GC(1331) CMS: 3754K->3754K(349568K)
[24.604s][info ][gc,metaspace   ] GC(1331) Metaspace: 16025K(16640K)->16025K(16640K) NonClass: 14284K(14592K)->14284K(14592K) Class: 1740K(2048K)->1740K(2048K)
[24.604s][info ][gc             ] GC(1331) Pause Young (Allocation Failure) 140M->3M(495M) 0.515ms
[24.604s][info ][gc,cpu         ] GC(1331) User=0.00s Sys=0.00s Real=0.00s
[24.614s][info ][gc,start       ] GC(1332) Pause Young (Allocation Failure)
[24.614s][info ][gc,task        ] GC(1332) Using 9 workers of 9 for evacuation
[24.614s][debug][gc,age         ] GC(1332) Desired survivor size 8945664 bytes, new threshold 6 (max threshold 6)
[24.614s][trace][gc,age         ] GC(1332) Age table with threshold 6 (max threshold 6)
[24.614s][trace][gc,age         ] GC(1332) - age   1:     400208 bytes,     400208 total
[24.614s][info ][gc,heap        ] GC(1332) ParNew: 139536K->396K(157376K)
[24.614s][info ][gc,heap        ] GC(1332) CMS: 3754K->3754K(349568K)
[24.614s][info ][gc,metaspace   ] GC(1332) Metaspace: 16025K(16640K)->16025K(16640K) NonClass: 14284K(14592K)->14284K(14592K) Class: 1740K(2048K)->1740K(2048K)
[24.614s][info ][gc             ] GC(1332) Pause Young (Allocation Failure) 139M->4M(495M) 0.499ms
[24.614s][info ][gc,cpu         ] GC(1332) User=0.00s Sys=0.00s Real=0.00s
[24.624s][info ][gc,start       ] GC(1333) Pause Young (Allocation Failure)
[24.624s][info ][gc,task        ] GC(1333) Using 9 workers of 9 for evacuation
[24.624s][debug][gc,age         ] GC(1333) Desired survivor size 8945664 bytes, new threshold 6 (max threshold 6)
[24.624s][trace][gc,age         ] GC(1333) Age table with threshold 6 (max threshold 6)
[24.624s][trace][gc,age         ] GC(1333) - age   1:        192 bytes,        192 total
[24.624s][info ][gc,heap        ] GC(1333) ParNew: 139917K->8K(157376K)
[24.624s][info ][gc,heap        ] GC(1333) CMS: 3754K->3754K(349568K)
[24.624s][info ][gc,metaspace   ] GC(1333) Metaspace: 16025K(16640K)->16025K(16640K) NonClass: 14284K(14592K)->14284K(14592K) Class: 1740K(2048K)->1740K(2048K)
[24.624s][info ][gc             ] GC(1333) Pause Young (Allocation Failure) 140M->3M(495M) 0.326ms
[24.624s][info ][gc,cpu         ] GC(1333) User=0.00s Sys=0.00s Real=0.00s
[24.634s][info ][gc,start       ] GC(1334) Pause Young (Allocation Failure)
[24.634s][info ][gc,task        ] GC(1334) Using 9 workers of 9 for evacuation
[24.634s][debug][gc,age         ] GC(1334) Desired survivor size 8945664 bytes, new threshold 6 (max threshold 6)
[24.634s][trace][gc,age         ] GC(1334) Age table with threshold 6 (max threshold 6)
[24.634s][trace][gc,age         ] GC(1334) - age   1:     400208 bytes,     400208 total
[24.634s][info ][gc,heap        ] GC(1334) ParNew: 139818K->396K(157376K)
[24.634s][info ][gc,heap        ] GC(1334) CMS: 3754K->3754K(349568K)
[24.634s][info ][gc,metaspace   ] GC(1334) Metaspace: 16025K(16640K)->16025K(16640K) NonClass: 14284K(14592K)->14284K(14592K) Class: 1740K(2048K)->1740K(2048K)
[24.634s][info ][gc             ] GC(1334) Pause Young (Allocation Failure) 140M->4M(495M) 0.403ms
[24.634s][info ][gc,cpu         ] GC(1334) User=0.00s Sys=0.00s Real=0.00s
[24.644s][info ][gc,start       ] GC(1335) Pause Young (Allocation Failure)
[24.644s][info ][gc,task        ] GC(1335) Using 9 workers of 9 for evacuation
[24.644s][debug][gc,age         ] GC(1335) Desired survivor size 8945664 bytes, new threshold 6 (max threshold 6)
[24.644s][trace][gc,age         ] GC(1335) Age table with threshold 6 (max threshold 6)
[24.644s][trace][gc,age         ] GC(1335) - age   1:     400208 bytes,     400208 total
[24.644s][info ][gc,heap        ] GC(1335) ParNew: 139986K->398K(157376K)
[24.644s][info ][gc,heap        ] GC(1335) CMS: 3754K->3754K(349568K)
[24.644s][info ][gc,metaspace   ] GC(1335) Metaspace: 16025K(16640K)->16025K(16640K) NonClass: 14284K(14592K)->14284K(14592K) Class: 1740K(2048K)->1740K(2048K)
[24.644s][info ][gc             ] GC(1335) Pause Young (Allocation Failure) 140M->4M(495M) 0.518ms
[24.644s][info ][gc,cpu         ] GC(1335) User=0.00s Sys=0.00s Real=0.00s
[24.654s][info ][gc,start       ] GC(1336) Pause Young (Allocation Failure)
[24.654s][info ][gc,task        ] GC(1336) Using 9 workers of 9 for evacuation
[24.654s][debug][gc,age         ] GC(1336) Desired survivor size 8945664 bytes, new threshold 6 (max threshold 6)
[24.654s][trace][gc,age         ] GC(1336) Age table with threshold 6 (max threshold 6)
[24.654s][trace][gc,age         ] GC(1336) - age   1:     400208 bytes,     400208 total
[24.654s][info ][gc,heap        ] GC(1336) ParNew: 140047K->394K(157376K)
[24.654s][info ][gc,heap        ] GC(1336) CMS: 3754K->3754K(349568K)
[24.654s][info ][gc,metaspace   ] GC(1336) Metaspace: 16025K(16640K)->16025K(16640K) NonClass: 14284K(14592K)->14284K(14592K) Class: 1740K(2048K)->1740K(2048K)
[24.654s][info ][gc             ] GC(1336) Pause Young (Allocation Failure) 140M->4M(495M) 0.393ms
[24.654s][info ][gc,cpu         ] GC(1336) User=0.01s Sys=0.00s Real=0.00s
[24.664s][info ][gc,start       ] GC(1337) Pause Young (Allocation Failure)
[24.664s][info ][gc,task        ] GC(1337) Using 9 workers of 9 for evacuation
[24.664s][debug][gc,age         ] GC(1337) Desired survivor size 8945664 bytes, new threshold 6 (max threshold 6)
[24.664s][trace][gc,age         ] GC(1337) Age table with threshold 6 (max threshold 6)
[24.664s][trace][gc,age         ] GC(1337) - age   1:        192 bytes,        192 total
[24.664s][info ][gc,heap        ] GC(1337) ParNew: 140217K->8K(157376K)
[24.664s][info ][gc,heap        ] GC(1337) CMS: 3754K->3754K(349568K)
[24.664s][info ][gc,metaspace   ] GC(1337) Metaspace: 16025K(16640K)->16025K(16640K) NonClass: 14284K(14592K)->14284K(14592K) Class: 1740K(2048K)->1740K(2048K)
[24.664s][info ][gc             ] GC(1337) Pause Young (Allocation Failure) 140M->3M(495M) 0.473ms
[24.664s][info ][gc,cpu         ] GC(1337) User=0.01s Sys=0.00s Real=0.00s
[24.674s][info ][gc,start       ] GC(1338) Pause Young (Allocation Failure)
[24.674s][info ][gc,task        ] GC(1338) Using 9 workers of 9 for evacuation
[24.674s][debug][gc,age         ] GC(1338) Desired survivor size 8945664 bytes, new threshold 6 (max threshold 6)
[24.674s][trace][gc,age         ] GC(1338) Age table with threshold 6 (max threshold 6)
[24.674s][trace][gc,age         ] GC(1338) - age   1:     400208 bytes,     400208 total
[24.674s][info ][gc,heap        ] GC(1338) ParNew: 139757K->398K(157376K)
[24.674s][info ][gc,heap        ] GC(1338) CMS: 3754K->3754K(349568K)
[24.674s][info ][gc,metaspace   ] GC(1338) Metaspace: 16025K(16640K)->16025K(16640K) NonClass: 14284K(14592K)->14284K(14592K) Class: 1740K(2048K)->1740K(2048K)
[24.674s][info ][gc             ] GC(1338) Pause Young (Allocation Failure) 140M->4M(495M) 0.322ms
[24.674s][info ][gc,cpu         ] GC(1338) User=0.01s Sys=0.00s Real=0.00s
[24.683s][info ][gc,start       ] GC(1339) Pause Young (Allocation Failure)
[24.684s][info ][gc,task        ] GC(1339) Using 9 workers of 9 for evacuation
[24.684s][debug][gc,age         ] GC(1339) Desired survivor size 8945664 bytes, new threshold 6 (max threshold 6)
[24.684s][trace][gc,age         ] GC(1339) Age table with threshold 6 (max threshold 6)
[24.684s][trace][gc,age         ] GC(1339) - age   1:        192 bytes,        192 total
[24.684s][info ][gc,heap        ] GC(1339) ParNew: 140214K->6K(157376K)
[24.684s][info ][gc,heap        ] GC(1339) CMS: 3754K->3754K(349568K)
[24.684s][info ][gc,metaspace   ] GC(1339) Metaspace: 16025K(16640K)->16025K(16640K) NonClass: 14284K(14592K)->14284K(14592K) Class: 1740K(2048K)->1740K(2048K)
[24.684s][info ][gc             ] GC(1339) Pause Young (Allocation Failure) 140M->3M(495M) 0.405ms
[24.684s][info ][gc,cpu         ] GC(1339) User=0.00s Sys=0.00s Real=0.00s
[24.693s][info ][gc,start       ] GC(1340) Pause Young (Allocation Failure)
[24.693s][info ][gc,task        ] GC(1340) Using 9 workers of 9 for evacuation
[24.694s][debug][gc,age         ] GC(1340) Desired survivor size 8945664 bytes, new threshold 6 (max threshold 6)
[24.694s][trace][gc,age         ] GC(1340) Age table with threshold 6 (max threshold 6)
[24.694s][trace][gc,age         ] GC(1340) - age   1:     400208 bytes,     400208 total
[24.694s][info ][gc,heap        ] GC(1340) ParNew: 139694K->396K(157376K)
[24.694s][info ][gc,heap        ] GC(1340) CMS: 3754K->3754K(349568K)
[24.694s][info ][gc,metaspace   ] GC(1340) Metaspace: 16025K(16640K)->16025K(16640K) NonClass: 14284K(14592K)->14284K(14592K) Class: 1740K(2048K)->1740K(2048K)
[24.694s][info ][gc             ] GC(1340) Pause Young (Allocation Failure) 140M->4M(495M) 0.423ms
[24.694s][info ][gc,cpu         ] GC(1340) User=0.00s Sys=0.00s Real=0.00s
[24.703s][info ][gc,start       ] GC(1341) Pause Young (Allocation Failure)
[24.703s][info ][gc,task        ] GC(1341) Using 9 workers of 9 for evacuation
[24.704s][debug][gc,age         ] GC(1341) Desired survivor size 8945664 bytes, new threshold 6 (max threshold 6)
[24.704s][trace][gc,age         ] GC(1341) Age table with threshold 6 (max threshold 6)
[24.704s][trace][gc,age         ] GC(1341) - age   1:        192 bytes,        192 total
[24.704s][info ][gc,heap        ] GC(1341) ParNew: 139922K->6K(157376K)
[24.704s][info ][gc,heap        ] GC(1341) CMS: 3754K->3754K(349568K)
[24.704s][info ][gc,metaspace   ] GC(1341) Metaspace: 16025K(16640K)->16025K(16640K) NonClass: 14284K(14592K)->14284K(14592K) Class: 1740K(2048K)->1740K(2048K)
[24.704s][info ][gc             ] GC(1341) Pause Young (Allocation Failure) 140M->3M(495M) 0.371ms
[24.704s][info ][gc,cpu         ] GC(1341) User=0.00s Sys=0.00s Real=0.00s
[24.713s][info ][gc,start       ] GC(1342) Pause Young (Allocation Failure)
[24.713s][info ][gc,task        ] GC(1342) Using 9 workers of 9 for evacuation
[24.714s][debug][gc,age         ] GC(1342) Desired survivor size 8945664 bytes, new threshold 6 (max threshold 6)
[24.714s][trace][gc,age         ] GC(1342) Age table with threshold 6 (max threshold 6)
[24.714s][trace][gc,age         ] GC(1342) - age   1:        192 bytes,        192 total
[24.714s][info ][gc,heap        ] GC(1342) ParNew: 139778K->6K(157376K)
[24.714s][info ][gc,heap        ] GC(1342) CMS: 3754K->3754K(349568K)
[24.714s][info ][gc,metaspace   ] GC(1342) Metaspace: 16025K(16640K)->16025K(16640K) NonClass: 14284K(14592K)->14284K(14592K) Class: 1740K(2048K)->1740K(2048K)
[24.714s][info ][gc             ] GC(1342) Pause Young (Allocation Failure) 140M->3M(495M) 0.456ms
[24.714s][info ][gc,cpu         ] GC(1342) User=0.00s Sys=0.00s Real=0.00s
[24.723s][info ][gc,start       ] GC(1343) Pause Young (Allocation Failure)
[24.723s][info ][gc,task        ] GC(1343) Using 9 workers of 9 for evacuation
[24.724s][debug][gc,age         ] GC(1343) Desired survivor size 8945664 bytes, new threshold 6 (max threshold 6)
[24.724s][trace][gc,age         ] GC(1343) Age table with threshold 6 (max threshold 6)
[24.724s][trace][gc,age         ] GC(1343) - age   1:     400208 bytes,     400208 total
[24.724s][info ][gc,heap        ] GC(1343) ParNew: 139586K->398K(157376K)
[24.724s][info ][gc,heap        ] GC(1343) CMS: 3754K->3754K(349568K)
[24.724s][info ][gc,metaspace   ] GC(1343) Metaspace: 16025K(16640K)->16025K(16640K) NonClass: 14284K(14592K)->14284K(14592K) Class: 1740K(2048K)->1740K(2048K)
[24.724s][info ][gc             ] GC(1343) Pause Young (Allocation Failure) 139M->4M(495M) 0.390ms
[24.724s][info ][gc,cpu         ] GC(1343) User=0.00s Sys=0.00s Real=0.00s
[24.733s][info ][gc,start       ] GC(1344) Pause Young (Allocation Failure)
[24.733s][info ][gc,task        ] GC(1344) Using 9 workers of 9 for evacuation
[24.734s][debug][gc,age         ] GC(1344) Desired survivor size 8945664 bytes, new threshold 6 (max threshold 6)
[24.734s][trace][gc,age         ] GC(1344) Age table with threshold 6 (max threshold 6)
[24.734s][trace][gc,age         ] GC(1344) - age   1:        192 bytes,        192 total
[24.734s][info ][gc,heap        ] GC(1344) ParNew: 139990K->4K(157376K)
[24.734s][info ][gc,heap        ] GC(1344) CMS: 3754K->3754K(349568K)
[24.734s][info ][gc,metaspace   ] GC(1344) Metaspace: 16025K(16640K)->16025K(16640K) NonClass: 14284K(14592K)->14284K(14592K) Class: 1740K(2048K)->1740K(2048K)
[24.734s][info ][gc             ] GC(1344) Pause Young (Allocation Failure) 140M->3M(495M) 0.453ms
[24.734s][info ][gc,cpu         ] GC(1344) User=0.00s Sys=0.00s Real=0.00s
[24.743s][info ][gc,start       ] GC(1345) Pause Young (Allocation Failure)
[24.743s][info ][gc,task        ] GC(1345) Using 9 workers of 9 for evacuation
[24.744s][debug][gc,age         ] GC(1345) Desired survivor size 8945664 bytes, new threshold 6 (max threshold 6)
[24.744s][trace][gc,age         ] GC(1345) Age table with threshold 6 (max threshold 6)
[24.744s][trace][gc,age         ] GC(1345) - age   1:     400208 bytes,     400208 total
[24.744s][info ][gc,heap        ] GC(1345) ParNew: 139816K->396K(157376K)
[24.744s][info ][gc,heap        ] GC(1345) CMS: 3754K->3754K(349568K)
[24.744s][info ][gc,metaspace   ] GC(1345) Metaspace: 16025K(16640K)->16025K(16640K) NonClass: 14284K(14592K)->14284K(14592K) Class: 1740K(2048K)->1740K(2048K)
[24.744s][info ][gc             ] GC(1345) Pause Young (Allocation Failure) 140M->4M(495M) 0.345ms
[24.744s][info ][gc,cpu         ] GC(1345) User=0.00s Sys=0.00s Real=0.00s
[24.753s][info ][gc,start       ] GC(1346) Pause Young (Allocation Failure)
[24.753s][info ][gc,task        ] GC(1346) Using 9 workers of 9 for evacuation
[24.754s][debug][gc,age         ] GC(1346) Desired survivor size 8945664 bytes, new threshold 6 (max threshold 6)
[24.754s][trace][gc,age         ] GC(1346) Age table with threshold 6 (max threshold 6)
[24.754s][trace][gc,age         ] GC(1346) - age   1:     400208 bytes,     400208 total
[24.754s][info ][gc,heap        ] GC(1346) ParNew: 139924K->396K(157376K)
[24.754s][info ][gc,heap        ] GC(1346) CMS: 3754K->3754K(349568K)
[24.754s][info ][gc,metaspace   ] GC(1346) Metaspace: 16025K(16640K)->16025K(16640K) NonClass: 14284K(14592K)->14284K(14592K) Class: 1740K(2048K)->1740K(2048K)
[24.754s][info ][gc             ] GC(1346) Pause Young (Allocation Failure) 140M->4M(495M) 0.474ms
[24.754s][info ][gc,cpu         ] GC(1346) User=0.00s Sys=0.01s Real=0.00s
[24.763s][info ][gc,start       ] GC(1347) Pause Young (Allocation Failure)
[24.763s][info ][gc,task        ] GC(1347) Using 9 workers of 9 for evacuation
[24.764s][debug][gc,age         ] GC(1347) Desired survivor size 8945664 bytes, new threshold 6 (max threshold 6)
[24.764s][trace][gc,age         ] GC(1347) Age table with threshold 6 (max threshold 6)
[24.764s][trace][gc,age         ] GC(1347) - age   1:     400208 bytes,     400208 total
[24.764s][info ][gc,heap        ] GC(1347) ParNew: 139943K->396K(157376K)
[24.764s][info ][gc,heap        ] GC(1347) CMS: 3754K->3754K(349568K)
[24.764s][info ][gc,metaspace   ] GC(1347) Metaspace: 16025K(16640K)->16025K(16640K) NonClass: 14284K(14592K)->14284K(14592K) Class: 1740K(2048K)->1740K(2048K)
[24.764s][info ][gc             ] GC(1347) Pause Young (Allocation Failure) 140M->4M(495M) 0.379ms
[24.764s][info ][gc,cpu         ] GC(1347) User=0.00s Sys=0.00s Real=0.00s
[24.773s][info ][gc,start       ] GC(1348) Pause Young (Allocation Failure)
[24.773s][info ][gc,task        ] GC(1348) Using 9 workers of 9 for evacuation
[24.774s][debug][gc,age         ] GC(1348) Desired survivor size 8945664 bytes, new threshold 6 (max threshold 6)
[24.774s][trace][gc,age         ] GC(1348) Age table with threshold 6 (max threshold 6)
[24.774s][trace][gc,age         ] GC(1348) - age   1:        192 bytes,        192 total
[24.774s][info ][gc,heap        ] GC(1348) ParNew: 140188K->6K(157376K)
[24.774s][info ][gc,heap        ] GC(1348) CMS: 3754K->3754K(349568K)
[24.774s][info ][gc,metaspace   ] GC(1348) Metaspace: 16025K(16640K)->16025K(16640K) NonClass: 14284K(14592K)->14284K(14592K) Class: 1740K(2048K)->1740K(2048K)
[24.774s][info ][gc             ] GC(1348) Pause Young (Allocation Failure) 140M->3M(495M) 0.482ms
[24.774s][info ][gc,cpu         ] GC(1348) User=0.00s Sys=0.00s Real=0.00s
[24.783s][info ][gc,start       ] GC(1349) Pause Young (Allocation Failure)
[24.783s][info ][gc,task        ] GC(1349) Using 9 workers of 9 for evacuation
[24.784s][debug][gc,age         ] GC(1349) Desired survivor size 8945664 bytes, new threshold 6 (max threshold 6)
[24.784s][trace][gc,age         ] GC(1349) Age table with threshold 6 (max threshold 6)
[24.784s][trace][gc,age         ] GC(1349) - age   1:     400208 bytes,     400208 total
[24.784s][info ][gc,heap        ] GC(1349) ParNew: 139725K->396K(157376K)
[24.784s][info ][gc,heap        ] GC(1349) CMS: 3754K->3754K(349568K)
[24.784s][info ][gc,metaspace   ] GC(1349) Metaspace: 16025K(16640K)->16025K(16640K) NonClass: 14284K(14592K)->14284K(14592K) Class: 1740K(2048K)->1740K(2048K)
[24.784s][info ][gc             ] GC(1349) Pause Young (Allocation Failure) 140M->4M(495M) 0.477ms
[24.784s][info ][gc,cpu         ] GC(1349) User=0.01s Sys=0.00s Real=0.00s
[24.793s][info ][gc,start       ] GC(1350) Pause Young (Allocation Failure)
[24.793s][info ][gc,task        ] GC(1350) Using 9 workers of 9 for evacuation
[24.794s][debug][gc,age         ] GC(1350) Desired survivor size 8945664 bytes, new threshold 6 (max threshold 6)
[24.794s][trace][gc,age         ] GC(1350) Age table with threshold 6 (max threshold 6)
[24.794s][trace][gc,age         ] GC(1350) - age   1:     400208 bytes,     400208 total
[24.794s][info ][gc,heap        ] GC(1350) ParNew: 140078K->398K(157376K)
[24.794s][info ][gc,heap        ] GC(1350) CMS: 3754K->3754K(349568K)
[24.794s][info ][gc,metaspace   ] GC(1350) Metaspace: 16025K(16640K)->16025K(16640K) NonClass: 14284K(14592K)->14284K(14592K) Class: 1740K(2048K)->1740K(2048K)
[24.794s][info ][gc             ] GC(1350) Pause Young (Allocation Failure) 140M->4M(495M) 0.592ms
[24.794s][info ][gc,cpu         ] GC(1350) User=0.01s Sys=0.00s Real=0.00s
[24.803s][info ][gc,start       ] GC(1351) Pause Young (Allocation Failure)
[24.803s][info ][gc,task        ] GC(1351) Using 9 workers of 9 for evacuation
[24.804s][debug][gc,age         ] GC(1351) Desired survivor size 8945664 bytes, new threshold 6 (max threshold 6)
[24.804s][trace][gc,age         ] GC(1351) Age table with threshold 6 (max threshold 6)
[24.804s][trace][gc,age         ] GC(1351) - age   1:     400208 bytes,     400208 total
[24.804s][info ][gc,heap        ] GC(1351) ParNew: 140152K->398K(157376K)
[24.804s][info ][gc,heap        ] GC(1351) CMS: 3754K->3754K(349568K)
[24.804s][info ][gc,metaspace   ] GC(1351) Metaspace: 16025K(16640K)->16025K(16640K) NonClass: 14284K(14592K)->14284K(14592K) Class: 1740K(2048K)->1740K(2048K)
[24.804s][info ][gc             ] GC(1351) Pause Young (Allocation Failure) 140M->4M(495M) 0.414ms
[24.804s][info ][gc,cpu         ] GC(1351) User=0.01s Sys=0.00s Real=0.00s
[24.813s][info ][gc,start       ] GC(1352) Pause Young (Allocation Failure)
[24.813s][info ][gc,task        ] GC(1352) Using 9 workers of 9 for evacuation
[24.814s][debug][gc,age         ] GC(1352) Desired survivor size 8945664 bytes, new threshold 6 (max threshold 6)
[24.814s][trace][gc,age         ] GC(1352) Age table with threshold 6 (max threshold 6)
[24.814s][trace][gc,age         ] GC(1352) - age   1:        192 bytes,        192 total
[24.814s][info ][gc,heap        ] GC(1352) ParNew: 140239K->4K(157376K)
[24.814s][info ][gc,heap        ] GC(1352) CMS: 3754K->3754K(349568K)
[24.814s][info ][gc,metaspace   ] GC(1352) Metaspace: 16025K(16640K)->16025K(16640K) NonClass: 14284K(14592K)->14284K(14592K) Class: 1740K(2048K)->1740K(2048K)
[24.814s][info ][gc             ] GC(1352) Pause Young (Allocation Failure) 140M->3M(495M) 0.446ms
[24.814s][info ][gc,cpu         ] GC(1352) User=0.00s Sys=0.00s Real=0.00s
[24.823s][info ][gc,start       ] GC(1353) Pause Young (Allocation Failure)
[24.823s][info ][gc,task        ] GC(1353) Using 9 workers of 9 for evacuation
[24.824s][debug][gc,age         ] GC(1353) Desired survivor size 8945664 bytes, new threshold 6 (max threshold 6)
[24.824s][trace][gc,age         ] GC(1353) Age table with threshold 6 (max threshold 6)
[24.824s][trace][gc,age         ] GC(1353) - age   1:     400208 bytes,     400208 total
[24.824s][info ][gc,heap        ] GC(1353) ParNew: 139570K->394K(157376K)
[24.824s][info ][gc,heap        ] GC(1353) CMS: 3754K->3754K(349568K)
[24.824s][info ][gc,metaspace   ] GC(1353) Metaspace: 16025K(16640K)->16025K(16640K) NonClass: 14284K(14592K)->14284K(14592K) Class: 1740K(2048K)->1740K(2048K)
[24.824s][info ][gc             ] GC(1353) Pause Young (Allocation Failure) 139M->4M(495M) 0.450ms
[24.824s][info ][gc,cpu         ] GC(1353) User=0.00s Sys=0.00s Real=0.00s
[24.833s][info ][gc,start       ] GC(1354) Pause Young (Allocation Failure)
[24.833s][info ][gc,task        ] GC(1354) Using 9 workers of 9 for evacuation
[24.833s][debug][gc,age         ] GC(1354) Desired survivor size 8945664 bytes, new threshold 6 (max threshold 6)
[24.833s][trace][gc,age         ] GC(1354) Age table with threshold 6 (max threshold 6)
[24.833s][trace][gc,age         ] GC(1354) - age   1:        192 bytes,        192 total
[24.833s][info ][gc,heap        ] GC(1354) ParNew: 140119K->6K(157376K)
[24.833s][info ][gc,heap        ] GC(1354) CMS: 3754K->3754K(349568K)
[24.833s][info ][gc,metaspace   ] GC(1354) Metaspace: 16025K(16640K)->16025K(16640K) NonClass: 14284K(14592K)->14284K(14592K) Class: 1740K(2048K)->1740K(2048K)
[24.833s][info ][gc             ] GC(1354) Pause Young (Allocation Failure) 140M->3M(495M) 0.459ms
[24.834s][info ][gc,cpu         ] GC(1354) User=0.00s Sys=0.00s Real=0.00s
[24.843s][info ][gc,start       ] GC(1355) Pause Young (Allocation Failure)
[24.843s][info ][gc,task        ] GC(1355) Using 9 workers of 9 for evacuation
[24.844s][debug][gc,age         ] GC(1355) Desired survivor size 8945664 bytes, new threshold 6 (max threshold 6)
[24.844s][trace][gc,age         ] GC(1355) Age table with threshold 6 (max threshold 6)
[24.844s][trace][gc,age         ] GC(1355) - age   1:        192 bytes,        192 total
[24.844s][info ][gc,heap        ] GC(1355) ParNew: 139882K->6K(157376K)
[24.844s][info ][gc,heap        ] GC(1355) CMS: 3754K->3754K(349568K)
[24.844s][info ][gc,metaspace   ] GC(1355) Metaspace: 16025K(16640K)->16025K(16640K) NonClass: 14284K(14592K)->14284K(14592K) Class: 1740K(2048K)->1740K(2048K)
[24.844s][info ][gc             ] GC(1355) Pause Young (Allocation Failure) 140M->3M(495M) 0.476ms
[24.844s][info ][gc,cpu         ] GC(1355) User=0.00s Sys=0.00s Real=0.00s
[24.853s][info ][gc,start       ] GC(1356) Pause Young (Allocation Failure)
[24.853s][info ][gc,task        ] GC(1356) Using 9 workers of 9 for evacuation
[24.854s][debug][gc,age         ] GC(1356) Desired survivor size 8945664 bytes, new threshold 6 (max threshold 6)
[24.854s][trace][gc,age         ] GC(1356) Age table with threshold 6 (max threshold 6)
[24.854s][trace][gc,age         ] GC(1356) - age   1:     400208 bytes,     400208 total
[24.854s][info ][gc,heap        ] GC(1356) ParNew: 139575K->398K(157376K)
[24.854s][info ][gc,heap        ] GC(1356) CMS: 3754K->3754K(349568K)
[24.854s][info ][gc,metaspace   ] GC(1356) Metaspace: 16025K(16640K)->16025K(16640K) NonClass: 14284K(14592K)->14284K(14592K) Class: 1740K(2048K)->1740K(2048K)
[24.854s][info ][gc             ] GC(1356) Pause Young (Allocation Failure) 139M->4M(495M) 0.467ms
[24.854s][info ][gc,cpu         ] GC(1356) User=0.00s Sys=0.00s Real=0.00s
[24.863s][info ][gc,start       ] GC(1357) Pause Young (Allocation Failure)
[24.863s][info ][gc,task        ] GC(1357) Using 9 workers of 9 for evacuation
[24.864s][debug][gc,age         ] GC(1357) Desired survivor size 8945664 bytes, new threshold 6 (max threshold 6)
[24.864s][trace][gc,age         ] GC(1357) Age table with threshold 6 (max threshold 6)
[24.864s][trace][gc,age         ] GC(1357) - age   1:        192 bytes,        192 total
[24.864s][info ][gc,heap        ] GC(1357) ParNew: 140196K->6K(157376K)
[24.864s][info ][gc,heap        ] GC(1357) CMS: 3754K->3754K(349568K)
[24.864s][info ][gc,metaspace   ] GC(1357) Metaspace: 16025K(16640K)->16025K(16640K) NonClass: 14284K(14592K)->14284K(14592K) Class: 1740K(2048K)->1740K(2048K)
[24.864s][info ][gc             ] GC(1357) Pause Young (Allocation Failure) 140M->3M(495M) 0.451ms
[24.864s][info ][gc,cpu         ] GC(1357) User=0.00s Sys=0.00s Real=0.00s
[24.873s][info ][gc,start       ] GC(1358) Pause Young (Allocation Failure)
[24.873s][info ][gc,task        ] GC(1358) Using 9 workers of 9 for evacuation
[24.874s][debug][gc,age         ] GC(1358) Desired survivor size 8945664 bytes, new threshold 6 (max threshold 6)
[24.874s][trace][gc,age         ] GC(1358) Age table with threshold 6 (max threshold 6)
[24.874s][trace][gc,age         ] GC(1358) - age   1:        192 bytes,        192 total
[24.874s][info ][gc,heap        ] GC(1358) ParNew: 139574K->6K(157376K)
[24.874s][info ][gc,heap        ] GC(1358) CMS: 3754K->3754K(349568K)
[24.874s][info ][gc,metaspace   ] GC(1358) Metaspace: 16025K(16640K)->16025K(16640K) NonClass: 14284K(14592K)->14284K(14592K) Class: 1740K(2048K)->1740K(2048K)
[24.874s][info ][gc             ] GC(1358) Pause Young (Allocation Failure) 139M->3M(495M) 0.492ms
[24.874s][info ][gc,cpu         ] GC(1358) User=0.00s Sys=0.00s Real=0.00s
[24.883s][info ][gc,start       ] GC(1359) Pause Young (Allocation Failure)
[24.883s][info ][gc,task        ] GC(1359) Using 9 workers of 9 for evacuation
[24.883s][debug][gc,age         ] GC(1359) Desired survivor size 8945664 bytes, new threshold 6 (max threshold 6)
[24.883s][trace][gc,age         ] GC(1359) Age table with threshold 6 (max threshold 6)
[24.883s][trace][gc,age         ] GC(1359) - age   1:     400208 bytes,     400208 total
[24.883s][info ][gc,heap        ] GC(1359) ParNew: 139528K->398K(157376K)
[24.883s][info ][gc,heap        ] GC(1359) CMS: 3754K->3754K(349568K)
[24.883s][info ][gc,metaspace   ] GC(1359) Metaspace: 16025K(16640K)->16025K(16640K) NonClass: 14284K(14592K)->14284K(14592K) Class: 1740K(2048K)->1740K(2048K)
[24.883s][info ][gc             ] GC(1359) Pause Young (Allocation Failure) 139M->4M(495M) 0.421ms
[24.883s][info ][gc,cpu         ] GC(1359) User=0.01s Sys=0.00s Real=0.00s
[24.893s][info ][gc,start       ] GC(1360) Pause Young (Allocation Failure)
[24.893s][info ][gc,task        ] GC(1360) Using 9 workers of 9 for evacuation
[24.893s][debug][gc,age         ] GC(1360) Desired survivor size 8945664 bytes, new threshold 6 (max threshold 6)
[24.893s][trace][gc,age         ] GC(1360) Age table with threshold 6 (max threshold 6)
[24.893s][trace][gc,age         ] GC(1360) - age   1:     400208 bytes,     400208 total
[24.893s][info ][gc,heap        ] GC(1360) ParNew: 139930K->398K(157376K)
[24.893s][info ][gc,heap        ] GC(1360) CMS: 3754K->3754K(349568K)
[24.893s][info ][gc,metaspace   ] GC(1360) Metaspace: 16025K(16640K)->16025K(16640K) NonClass: 14284K(14592K)->14284K(14592K) Class: 1740K(2048K)->1740K(2048K)
[24.893s][info ][gc             ] GC(1360) Pause Young (Allocation Failure) 140M->4M(495M) 0.374ms
[24.893s][info ][gc,cpu         ] GC(1360) User=0.01s Sys=0.00s Real=0.00s
[24.903s][info ][gc,start       ] GC(1361) Pause Young (Allocation Failure)
[24.903s][info ][gc,task        ] GC(1361) Using 9 workers of 9 for evacuation
[24.903s][debug][gc,age         ] GC(1361) Desired survivor size 8945664 bytes, new threshold 6 (max threshold 6)
[24.903s][trace][gc,age         ] GC(1361) Age table with threshold 6 (max threshold 6)
[24.903s][trace][gc,age         ] GC(1361) - age   1:     400208 bytes,     400208 total
[24.903s][info ][gc,heap        ] GC(1361) ParNew: 139965K->394K(157376K)
[24.903s][info ][gc,heap        ] GC(1361) CMS: 3754K->3754K(349568K)
[24.903s][info ][gc,metaspace   ] GC(1361) Metaspace: 16025K(16640K)->16025K(16640K) NonClass: 14284K(14592K)->14284K(14592K) Class: 1740K(2048K)->1740K(2048K)
[24.903s][info ][gc             ] GC(1361) Pause Young (Allocation Failure) 140M->4M(495M) 0.459ms
[24.903s][info ][gc,cpu         ] GC(1361) User=0.01s Sys=0.00s Real=0.00s
[24.913s][info ][gc,start       ] GC(1362) Pause Young (Allocation Failure)
[24.913s][info ][gc,task        ] GC(1362) Using 9 workers of 9 for evacuation
[24.913s][debug][gc,age         ] GC(1362) Desired survivor size 8945664 bytes, new threshold 6 (max threshold 6)
[24.913s][trace][gc,age         ] GC(1362) Age table with threshold 6 (max threshold 6)
[24.913s][trace][gc,age         ] GC(1362) - age   1:     400208 bytes,     400208 total
[24.913s][info ][gc,heap        ] GC(1362) ParNew: 140152K->396K(157376K)
[24.913s][info ][gc,heap        ] GC(1362) CMS: 3754K->3754K(349568K)
[24.913s][info ][gc,metaspace   ] GC(1362) Metaspace: 16025K(16640K)->16025K(16640K) NonClass: 14284K(14592K)->14284K(14592K) Class: 1740K(2048K)->1740K(2048K)
[24.913s][info ][gc             ] GC(1362) Pause Young (Allocation Failure) 140M->4M(495M) 0.492ms
[24.913s][info ][gc,cpu         ] GC(1362) User=0.00s Sys=0.00s Real=0.00s
[24.923s][info ][gc,start       ] GC(1363) Pause Young (Allocation Failure)
[24.923s][info ][gc,task        ] GC(1363) Using 9 workers of 9 for evacuation
[24.923s][debug][gc,age         ] GC(1363) Desired survivor size 8945664 bytes, new threshold 6 (max threshold 6)
[24.923s][trace][gc,age         ] GC(1363) Age table with threshold 6 (max threshold 6)
[24.923s][trace][gc,age         ] GC(1363) - age   1:        192 bytes,        192 total
[24.923s][info ][gc,heap        ] GC(1363) ParNew: 140165K->6K(157376K)
[24.923s][info ][gc,heap        ] GC(1363) CMS: 3754K->3754K(349568K)
[24.923s][info ][gc,metaspace   ] GC(1363) Metaspace: 16025K(16640K)->16025K(16640K) NonClass: 14284K(14592K)->14284K(14592K) Class: 1740K(2048K)->1740K(2048K)
[24.923s][info ][gc             ] GC(1363) Pause Young (Allocation Failure) 140M->3M(495M) 0.447ms
[24.923s][info ][gc,cpu         ] GC(1363) User=0.00s Sys=0.00s Real=0.00s
[24.933s][info ][gc,start       ] GC(1364) Pause Young (Allocation Failure)
[24.933s][info ][gc,task        ] GC(1364) Using 9 workers of 9 for evacuation
[24.933s][debug][gc,age         ] GC(1364) Desired survivor size 8945664 bytes, new threshold 6 (max threshold 6)
[24.933s][trace][gc,age         ] GC(1364) Age table with threshold 6 (max threshold 6)
[24.933s][trace][gc,age         ] GC(1364) - age   1:        192 bytes,        192 total
[24.933s][info ][gc,heap        ] GC(1364) ParNew: 139723K->6K(157376K)
[24.933s][info ][gc,heap        ] GC(1364) CMS: 3754K->3754K(349568K)
[24.933s][info ][gc,metaspace   ] GC(1364) Metaspace: 16025K(16640K)->16025K(16640K) NonClass: 14284K(14592K)->14284K(14592K) Class: 1740K(2048K)->1740K(2048K)
[24.933s][info ][gc             ] GC(1364) Pause Young (Allocation Failure) 140M->3M(495M) 0.418ms
[24.933s][info ][gc,cpu         ] GC(1364) User=0.00s Sys=0.00s Real=0.00s
[24.943s][info ][gc,start       ] GC(1365) Pause Young (Allocation Failure)
[24.943s][info ][gc,task        ] GC(1365) Using 9 workers of 9 for evacuation
[24.944s][debug][gc,age         ] GC(1365) Desired survivor size 8945664 bytes, new threshold 6 (max threshold 6)
[24.944s][trace][gc,age         ] GC(1365) Age table with threshold 6 (max threshold 6)
[24.944s][trace][gc,age         ] GC(1365) - age   1:        192 bytes,        192 total
[24.944s][info ][gc,heap        ] GC(1365) ParNew: 139677K->4K(157376K)
[24.944s][info ][gc,heap        ] GC(1365) CMS: 3754K->3754K(349568K)
[24.944s][info ][gc,metaspace   ] GC(1365) Metaspace: 16025K(16640K)->16025K(16640K) NonClass: 14284K(14592K)->14284K(14592K) Class: 1740K(2048K)->1740K(2048K)
[24.944s][info ][gc             ] GC(1365) Pause Young (Allocation Failure) 140M->3M(495M) 0.959ms
[24.944s][info ][gc,cpu         ] GC(1365) User=0.00s Sys=0.00s Real=0.00s
[24.953s][info ][gc,start       ] GC(1366) Pause Young (Allocation Failure)
[24.953s][info ][gc,task        ] GC(1366) Using 9 workers of 9 for evacuation
[24.954s][debug][gc,age         ] GC(1366) Desired survivor size 8945664 bytes, new threshold 6 (max threshold 6)
[24.954s][trace][gc,age         ] GC(1366) Age table with threshold 6 (max threshold 6)
[24.954s][trace][gc,age         ] GC(1366) - age   1:        192 bytes,        192 total
[24.954s][info ][gc,heap        ] GC(1366) ParNew: 139872K->8K(157376K)
[24.954s][info ][gc,heap        ] GC(1366) CMS: 3754K->3754K(349568K)
[24.954s][info ][gc,metaspace   ] GC(1366) Metaspace: 16025K(16640K)->16025K(16640K) NonClass: 14284K(14592K)->14284K(14592K) Class: 1740K(2048K)->1740K(2048K)
[24.954s][info ][gc             ] GC(1366) Pause Young (Allocation Failure) 140M->3M(495M) 0.406ms
[24.954s][info ][gc,cpu         ] GC(1366) User=0.00s Sys=0.00s Real=0.00s
[24.963s][info ][gc,start       ] GC(1367) Pause Young (Allocation Failure)
[24.963s][info ][gc,task        ] GC(1367) Using 9 workers of 9 for evacuation
[24.964s][debug][gc,age         ] GC(1367) Desired survivor size 8945664 bytes, new threshold 6 (max threshold 6)
[24.964s][trace][gc,age         ] GC(1367) Age table with threshold 6 (max threshold 6)
[24.964s][trace][gc,age         ] GC(1367) - age   1:     400208 bytes,     400208 total
[24.964s][info ][gc,heap        ] GC(1367) ParNew: 139635K->398K(157376K)
[24.964s][info ][gc,heap        ] GC(1367) CMS: 3754K->3754K(349568K)
[24.964s][info ][gc,metaspace   ] GC(1367) Metaspace: 16025K(16640K)->16025K(16640K) NonClass: 14284K(14592K)->14284K(14592K) Class: 1740K(2048K)->1740K(2048K)
[24.964s][info ][gc             ] GC(1367) Pause Young (Allocation Failure) 140M->4M(495M) 0.428ms
[24.964s][info ][gc,cpu         ] GC(1367) User=0.00s Sys=0.00s Real=0.00s
[24.973s][info ][gc,start       ] GC(1368) Pause Young (Allocation Failure)
[24.973s][info ][gc,task        ] GC(1368) Using 9 workers of 9 for evacuation
[24.973s][debug][gc,age         ] GC(1368) Desired survivor size 8945664 bytes, new threshold 6 (max threshold 6)
[24.973s][trace][gc,age         ] GC(1368) Age table with threshold 6 (max threshold 6)
[24.973s][trace][gc,age         ] GC(1368) - age   1:        192 bytes,        192 total
[24.973s][info ][gc,heap        ] GC(1368) ParNew: 140231K->6K(157376K)
[24.973s][info ][gc,heap        ] GC(1368) CMS: 3754K->3754K(349568K)
[24.973s][info ][gc,metaspace   ] GC(1368) Metaspace: 16025K(16640K)->16025K(16640K) NonClass: 14284K(14592K)->14284K(14592K) Class: 1740K(2048K)->1740K(2048K)
[24.973s][info ][gc             ] GC(1368) Pause Young (Allocation Failure) 140M->3M(495M) 0.431ms
[24.973s][info ][gc,cpu         ] GC(1368) User=0.00s Sys=0.00s Real=0.00s
[24.983s][info ][gc,start       ] GC(1369) Pause Young (Allocation Failure)
[24.983s][info ][gc,task        ] GC(1369) Using 9 workers of 9 for evacuation
[24.983s][debug][gc,age         ] GC(1369) Desired survivor size 8945664 bytes, new threshold 6 (max threshold 6)
[24.983s][trace][gc,age         ] GC(1369) Age table with threshold 6 (max threshold 6)
[24.983s][trace][gc,age         ] GC(1369) - age   1:     400208 bytes,     400208 total
[24.983s][info ][gc,heap        ] GC(1369) ParNew: 139533K->398K(157376K)
[24.983s][info ][gc,heap        ] GC(1369) CMS: 3754K->3754K(349568K)
[24.983s][info ][gc,metaspace   ] GC(1369) Metaspace: 16025K(16640K)->16025K(16640K) NonClass: 14284K(14592K)->14284K(14592K) Class: 1740K(2048K)->1740K(2048K)
[24.983s][info ][gc             ] GC(1369) Pause Young (Allocation Failure) 139M->4M(495M) 0.427ms
[24.983s][info ][gc,cpu         ] GC(1369) User=0.00s Sys=0.00s Real=0.00s
[24.993s][info ][gc,start       ] GC(1370) Pause Young (Allocation Failure)
[24.993s][info ][gc,task        ] GC(1370) Using 9 workers of 9 for evacuation
[24.994s][debug][gc,age         ] GC(1370) Desired survivor size 8945664 bytes, new threshold 6 (max threshold 6)
[24.994s][trace][gc,age         ] GC(1370) Age table with threshold 6 (max threshold 6)
[24.994s][trace][gc,age         ] GC(1370) - age   1:        192 bytes,        192 total
[24.994s][info ][gc,heap        ] GC(1370) ParNew: 140085K->8K(157376K)
[24.994s][info ][gc,heap        ] GC(1370) CMS: 3754K->3754K(349568K)
[24.994s][info ][gc,metaspace   ] GC(1370) Metaspace: 16025K(16640K)->16025K(16640K) NonClass: 14284K(14592K)->14284K(14592K) Class: 1740K(2048K)->1740K(2048K)
[24.994s][info ][gc             ] GC(1370) Pause Young (Allocation Failure) 140M->3M(495M) 0.406ms
[24.994s][info ][gc,cpu         ] GC(1370) User=0.00s Sys=0.00s Real=0.00s
[25.003s][info ][gc,start       ] GC(1371) Pause Young (Allocation Failure)
[25.003s][info ][gc,task        ] GC(1371) Using 9 workers of 9 for evacuation
[25.004s][debug][gc,age         ] GC(1371) Desired survivor size 8945664 bytes, new threshold 6 (max threshold 6)
[25.004s][trace][gc,age         ] GC(1371) Age table with threshold 6 (max threshold 6)
[25.004s][trace][gc,age         ] GC(1371) - age   1:     400208 bytes,     400208 total
[25.004s][info ][gc,heap        ] GC(1371) ParNew: 139713K->396K(157376K)
[25.004s][info ][gc,heap        ] GC(1371) CMS: 3754K->3754K(349568K)
[25.004s][info ][gc,metaspace   ] GC(1371) Metaspace: 16025K(16640K)->16025K(16640K) NonClass: 14284K(14592K)->14284K(14592K) Class: 1740K(2048K)->1740K(2048K)
[25.004s][info ][gc             ] GC(1371) Pause Young (Allocation Failure) 140M->4M(495M) 0.369ms
[25.004s][info ][gc,cpu         ] GC(1371) User=0.00s Sys=0.00s Real=0.00s
[25.013s][info ][gc,start       ] GC(1372) Pause Young (Allocation Failure)
[25.013s][info ][gc,task        ] GC(1372) Using 9 workers of 9 for evacuation
[25.014s][debug][gc,age         ] GC(1372) Desired survivor size 8945664 bytes, new threshold 6 (max threshold 6)
[25.014s][trace][gc,age         ] GC(1372) Age table with threshold 6 (max threshold 6)
[25.014s][trace][gc,age         ] GC(1372) - age   1:     400208 bytes,     400208 total
[25.014s][info ][gc,heap        ] GC(1372) ParNew: 139951K->398K(157376K)
[25.014s][info ][gc,heap        ] GC(1372) CMS: 3754K->3754K(349568K)
[25.014s][info ][gc,metaspace   ] GC(1372) Metaspace: 16025K(16640K)->16025K(16640K) NonClass: 14284K(14592K)->14284K(14592K) Class: 1740K(2048K)->1740K(2048K)
[25.014s][info ][gc             ] GC(1372) Pause Young (Allocation Failure) 140M->4M(495M) 0.465ms
[25.014s][info ][gc,cpu         ] GC(1372) User=0.01s Sys=0.00s Real=0.00s
[25.023s][info ][gc,start       ] GC(1373) Pause Young (Allocation Failure)
[25.023s][info ][gc,task        ] GC(1373) Using 9 workers of 9 for evacuation
[25.023s][debug][gc,age         ] GC(1373) Desired survivor size 8945664 bytes, new threshold 6 (max threshold 6)
[25.023s][trace][gc,age         ] GC(1373) Age table with threshold 6 (max threshold 6)
[25.023s][trace][gc,age         ] GC(1373) - age   1:        192 bytes,        192 total
[25.023s][info ][gc,heap        ] GC(1373) ParNew: 140095K->4K(157376K)
[25.023s][info ][gc,heap        ] GC(1373) CMS: 3754K->3754K(349568K)
[25.023s][info ][gc,metaspace   ] GC(1373) Metaspace: 16025K(16640K)->16025K(16640K) NonClass: 14284K(14592K)->14284K(14592K) Class: 1740K(2048K)->1740K(2048K)
[25.024s][info ][gc             ] GC(1373) Pause Young (Allocation Failure) 140M->3M(495M) 0.410ms
[25.024s][info ][gc,cpu         ] GC(1373) User=0.01s Sys=0.00s Real=0.00s
[25.033s][info ][gc,start       ] GC(1374) Pause Young (Allocation Failure)
[25.033s][info ][gc,task        ] GC(1374) Using 9 workers of 9 for evacuation
[25.033s][debug][gc,age         ] GC(1374) Desired survivor size 8945664 bytes, new threshold 6 (max threshold 6)
[25.033s][trace][gc,age         ] GC(1374) Age table with threshold 6 (max threshold 6)
[25.033s][trace][gc,age         ] GC(1374) - age   1:        192 bytes,        192 total
[25.033s][info ][gc,heap        ] GC(1374) ParNew: 139793K->8K(157376K)
[25.033s][info ][gc,heap        ] GC(1374) CMS: 3754K->3754K(349568K)
[25.033s][info ][gc,metaspace   ] GC(1374) Metaspace: 16025K(16640K)->16025K(16640K) NonClass: 14284K(14592K)->14284K(14592K) Class: 1740K(2048K)->1740K(2048K)
[25.033s][info ][gc             ] GC(1374) Pause Young (Allocation Failure) 140M->3M(495M) 0.417ms
[25.033s][info ][gc,cpu         ] GC(1374) User=0.01s Sys=0.00s Real=0.00s
[25.043s][info ][gc,start       ] GC(1375) Pause Young (Allocation Failure)
[25.043s][info ][gc,task        ] GC(1375) Using 9 workers of 9 for evacuation
[25.043s][debug][gc,age         ] GC(1375) Desired survivor size 8945664 bytes, new threshold 6 (max threshold 6)
[25.043s][trace][gc,age         ] GC(1375) Age table with threshold 6 (max threshold 6)
[25.043s][trace][gc,age         ] GC(1375) - age   1:        192 bytes,        192 total
[25.043s][info ][gc,heap        ] GC(1375) ParNew: 139721K->6K(157376K)
[25.043s][info ][gc,heap        ] GC(1375) CMS: 3754K->3754K(349568K)
[25.043s][info ][gc,metaspace   ] GC(1375) Metaspace: 16025K(16640K)->16025K(16640K) NonClass: 14284K(14592K)->14284K(14592K) Class: 1740K(2048K)->1740K(2048K)
[25.043s][info ][gc             ] GC(1375) Pause Young (Allocation Failure) 140M->3M(495M) 0.368ms
[25.043s][info ][gc,cpu         ] GC(1375) User=0.01s Sys=0.00s Real=0.00s
[25.053s][info ][gc,start       ] GC(1376) Pause Young (Allocation Failure)
[25.053s][info ][gc,task        ] GC(1376) Using 9 workers of 9 for evacuation
[25.054s][debug][gc,age         ] GC(1376) Desired survivor size 8945664 bytes, new threshold 6 (max threshold 6)
[25.054s][trace][gc,age         ] GC(1376) Age table with threshold 6 (max threshold 6)
[25.054s][trace][gc,age         ] GC(1376) - age   1:     400208 bytes,     400208 total
[25.054s][info ][gc,heap        ] GC(1376) ParNew: 139899K->398K(157376K)
[25.054s][info ][gc,heap        ] GC(1376) CMS: 3754K->3754K(349568K)
[25.054s][info ][gc,metaspace   ] GC(1376) Metaspace: 16025K(16640K)->16025K(16640K) NonClass: 14284K(14592K)->14284K(14592K) Class: 1740K(2048K)->1740K(2048K)
[25.054s][info ][gc             ] GC(1376) Pause Young (Allocation Failure) 140M->4M(495M) 0.471ms
[25.054s][info ][gc,cpu         ] GC(1376) User=0.01s Sys=0.00s Real=0.00s
[25.063s][info ][gc,start       ] GC(1377) Pause Young (Allocation Failure)
[25.063s][info ][gc,task        ] GC(1377) Using 9 workers of 9 for evacuation
[25.064s][debug][gc,age         ] GC(1377) Desired survivor size 8945664 bytes, new threshold 6 (max threshold 6)
[25.064s][trace][gc,age         ] GC(1377) Age table with threshold 6 (max threshold 6)
[25.064s][trace][gc,age         ] GC(1377) - age   1:        192 bytes,        192 total
[25.064s][info ][gc,heap        ] GC(1377) ParNew: 139931K->8K(157376K)
[25.064s][info ][gc,heap        ] GC(1377) CMS: 3754K->3754K(349568K)
[25.064s][info ][gc,metaspace   ] GC(1377) Metaspace: 16025K(16640K)->16025K(16640K) NonClass: 14284K(14592K)->14284K(14592K) Class: 1740K(2048K)->1740K(2048K)
[25.064s][info ][gc             ] GC(1377) Pause Young (Allocation Failure) 140M->3M(495M) 0.422ms
[25.064s][info ][gc,cpu         ] GC(1377) User=0.00s Sys=0.00s Real=0.00s
[25.073s][info ][gc,start       ] GC(1378) Pause Young (Allocation Failure)
[25.073s][info ][gc,task        ] GC(1378) Using 9 workers of 9 for evacuation
[25.074s][debug][gc,age         ] GC(1378) Desired survivor size 8945664 bytes, new threshold 6 (max threshold 6)
[25.074s][trace][gc,age         ] GC(1378) Age table with threshold 6 (max threshold 6)
[25.074s][trace][gc,age         ] GC(1378) - age   1:        192 bytes,        192 total
[25.074s][info ][gc,heap        ] GC(1378) ParNew: 139691K->8K(157376K)
[25.074s][info ][gc,heap        ] GC(1378) CMS: 3754K->3754K(349568K)
[25.074s][info ][gc,metaspace   ] GC(1378) Metaspace: 16025K(16640K)->16025K(16640K) NonClass: 14284K(14592K)->14284K(14592K) Class: 1740K(2048K)->1740K(2048K)
[25.074s][info ][gc             ] GC(1378) Pause Young (Allocation Failure) 140M->3M(495M) 0.508ms
[25.074s][info ][gc,cpu         ] GC(1378) User=0.00s Sys=0.00s Real=0.00s
[25.083s][info ][gc,start       ] GC(1379) Pause Young (Allocation Failure)
[25.083s][info ][gc,task        ] GC(1379) Using 9 workers of 9 for evacuation
[25.084s][debug][gc,age         ] GC(1379) Desired survivor size 8945664 bytes, new threshold 6 (max threshold 6)
[25.084s][trace][gc,age         ] GC(1379) Age table with threshold 6 (max threshold 6)
[25.084s][trace][gc,age         ] GC(1379) - age   1:        192 bytes,        192 total
[25.084s][info ][gc,heap        ] GC(1379) ParNew: 139854K->8K(157376K)
[25.084s][info ][gc,heap        ] GC(1379) CMS: 3754K->3754K(349568K)
[25.084s][info ][gc,metaspace   ] GC(1379) Metaspace: 16025K(16640K)->16025K(16640K) NonClass: 14284K(14592K)->14284K(14592K) Class: 1740K(2048K)->1740K(2048K)
[25.084s][info ][gc             ] GC(1379) Pause Young (Allocation Failure) 140M->3M(495M) 0.511ms
[25.084s][info ][gc,cpu         ] GC(1379) User=0.00s Sys=0.00s Real=0.00s
[25.093s][info ][gc,start       ] GC(1380) Pause Young (Allocation Failure)
[25.093s][info ][gc,task        ] GC(1380) Using 9 workers of 9 for evacuation
[25.094s][debug][gc,age         ] GC(1380) Desired survivor size 8945664 bytes, new threshold 6 (max threshold 6)
[25.094s][trace][gc,age         ] GC(1380) Age table with threshold 6 (max threshold 6)
[25.094s][trace][gc,age         ] GC(1380) - age   1:        192 bytes,        192 total
[25.094s][info ][gc,heap        ] GC(1380) ParNew: 139717K->4K(157376K)
[25.094s][info ][gc,heap        ] GC(1380) CMS: 3754K->3754K(349568K)
[25.094s][info ][gc,metaspace   ] GC(1380) Metaspace: 16025K(16640K)->16025K(16640K) NonClass: 14284K(14592K)->14284K(14592K) Class: 1740K(2048K)->1740K(2048K)
[25.094s][info ][gc             ] GC(1380) Pause Young (Allocation Failure) 140M->3M(495M) 0.646ms
[25.094s][info ][gc,cpu         ] GC(1380) User=0.00s Sys=0.00s Real=0.00s
[25.103s][info ][gc,start       ] GC(1381) Pause Young (Allocation Failure)
[25.103s][info ][gc,task        ] GC(1381) Using 9 workers of 9 for evacuation
[25.104s][debug][gc,age         ] GC(1381) Desired survivor size 8945664 bytes, new threshold 6 (max threshold 6)
[25.104s][trace][gc,age         ] GC(1381) Age table with threshold 6 (max threshold 6)
[25.104s][trace][gc,age         ] GC(1381) - age   1:     400208 bytes,     400208 total
[25.104s][info ][gc,heap        ] GC(1381) ParNew: 139741K->394K(157376K)
[25.104s][info ][gc,heap        ] GC(1381) CMS: 3754K->3754K(349568K)
[25.104s][info ][gc,metaspace   ] GC(1381) Metaspace: 16025K(16640K)->16025K(16640K) NonClass: 14284K(14592K)->14284K(14592K) Class: 1740K(2048K)->1740K(2048K)
[25.104s][info ][gc             ] GC(1381) Pause Young (Allocation Failure) 140M->4M(495M) 0.456ms
[25.104s][info ][gc,cpu         ] GC(1381) User=0.00s Sys=0.00s Real=0.00s
[25.113s][info ][gc,start       ] GC(1382) Pause Young (Allocation Failure)
[25.113s][info ][gc,task        ] GC(1382) Using 9 workers of 9 for evacuation
[25.114s][debug][gc,age         ] GC(1382) Desired survivor size 8945664 bytes, new threshold 6 (max threshold 6)
[25.114s][trace][gc,age         ] GC(1382) Age table with threshold 6 (max threshold 6)
[25.114s][trace][gc,age         ] GC(1382) - age   1:     400208 bytes,     400208 total
[25.114s][info ][gc,heap        ] GC(1382) ParNew: 140088K->394K(157376K)
[25.114s][info ][gc,heap        ] GC(1382) CMS: 3754K->3754K(349568K)
[25.114s][info ][gc,metaspace   ] GC(1382) Metaspace: 16025K(16640K)->16025K(16640K) NonClass: 14284K(14592K)->14284K(14592K) Class: 1740K(2048K)->1740K(2048K)
[25.114s][info ][gc             ] GC(1382) Pause Young (Allocation Failure) 140M->4M(495M) 0.402ms
[25.114s][info ][gc,cpu         ] GC(1382) User=0.00s Sys=0.00s Real=0.00s
[25.123s][info ][gc,start       ] GC(1383) Pause Young (Allocation Failure)
[25.123s][info ][gc,task        ] GC(1383) Using 9 workers of 9 for evacuation
[25.123s][debug][gc,age         ] GC(1383) Desired survivor size 8945664 bytes, new threshold 6 (max threshold 6)
[25.123s][trace][gc,age         ] GC(1383) Age table with threshold 6 (max threshold 6)
[25.123s][trace][gc,age         ] GC(1383) - age   1:        192 bytes,        192 total
[25.123s][info ][gc,heap        ] GC(1383) ParNew: 139913K->4K(157376K)
[25.123s][info ][gc,heap        ] GC(1383) CMS: 3754K->3754K(349568K)
[25.123s][info ][gc,metaspace   ] GC(1383) Metaspace: 16025K(16640K)->16025K(16640K) NonClass: 14284K(14592K)->14284K(14592K) Class: 1740K(2048K)->1740K(2048K)
[25.124s][info ][gc             ] GC(1383) Pause Young (Allocation Failure) 140M->3M(495M) 0.379ms
[25.124s][info ][gc,cpu         ] GC(1383) User=0.00s Sys=0.00s Real=0.00s
[25.133s][info ][gc,start       ] GC(1384) Pause Young (Allocation Failure)
[25.133s][info ][gc,task        ] GC(1384) Using 9 workers of 9 for evacuation
[25.133s][debug][gc,age         ] GC(1384) Desired survivor size 8945664 bytes, new threshold 6 (max threshold 6)
[25.133s][trace][gc,age         ] GC(1384) Age table with threshold 6 (max threshold 6)
[25.133s][trace][gc,age         ] GC(1384) - age   1:     400208 bytes,     400208 total
[25.133s][info ][gc,heap        ] GC(1384) ParNew: 139794K->398K(157376K)
[25.133s][info ][gc,heap        ] GC(1384) CMS: 3754K->3754K(349568K)
[25.133s][info ][gc,metaspace   ] GC(1384) Metaspace: 16025K(16640K)->16025K(16640K) NonClass: 14284K(14592K)->14284K(14592K) Class: 1740K(2048K)->1740K(2048K)
[25.133s][info ][gc             ] GC(1384) Pause Young (Allocation Failure) 140M->4M(495M) 0.377ms
[25.133s][info ][gc,cpu         ] GC(1384) User=0.00s Sys=0.00s Real=0.00s
[25.143s][info ][gc,start       ] GC(1385) Pause Young (Allocation Failure)
[25.143s][info ][gc,task        ] GC(1385) Using 9 workers of 9 for evacuation
[25.144s][debug][gc,age         ] GC(1385) Desired survivor size 8945664 bytes, new threshold 6 (max threshold 6)
[25.144s][trace][gc,age         ] GC(1385) Age table with threshold 6 (max threshold 6)
[25.144s][trace][gc,age         ] GC(1385) - age   1:        192 bytes,        192 total
[25.144s][info ][gc,heap        ] GC(1385) ParNew: 140119K->6K(157376K)
[25.144s][info ][gc,heap        ] GC(1385) CMS: 3754K->3754K(349568K)
[25.144s][info ][gc,metaspace   ] GC(1385) Metaspace: 16025K(16640K)->16025K(16640K) NonClass: 14284K(14592K)->14284K(14592K) Class: 1740K(2048K)->1740K(2048K)
[25.144s][info ][gc             ] GC(1385) Pause Young (Allocation Failure) 140M->3M(495M) 0.672ms
[25.144s][info ][gc,cpu         ] GC(1385) User=0.00s Sys=0.00s Real=0.00s
[25.153s][info ][gc,start       ] GC(1386) Pause Young (Allocation Failure)
[25.153s][info ][gc,task        ] GC(1386) Using 9 workers of 9 for evacuation
[25.153s][debug][gc,age         ] GC(1386) Desired survivor size 8945664 bytes, new threshold 6 (max threshold 6)
[25.153s][trace][gc,age         ] GC(1386) Age table with threshold 6 (max threshold 6)
[25.153s][trace][gc,age         ] GC(1386) - age   1:        192 bytes,        192 total
[25.153s][info ][gc,heap        ] GC(1386) ParNew: 139723K->6K(157376K)
[25.154s][info ][gc,heap        ] GC(1386) CMS: 3754K->3754K(349568K)
[25.154s][info ][gc,metaspace   ] GC(1386) Metaspace: 16025K(16640K)->16025K(16640K) NonClass: 14284K(14592K)->14284K(14592K) Class: 1740K(2048K)->1740K(2048K)
[25.154s][info ][gc             ] GC(1386) Pause Young (Allocation Failure) 140M->3M(495M) 0.421ms
[25.154s][info ][gc,cpu         ] GC(1386) User=0.00s Sys=0.00s Real=0.00s
[25.163s][info ][gc,start       ] GC(1387) Pause Young (Allocation Failure)
[25.163s][info ][gc,task        ] GC(1387) Using 9 workers of 9 for evacuation
[25.163s][debug][gc,age         ] GC(1387) Desired survivor size 8945664 bytes, new threshold 6 (max threshold 6)
[25.163s][trace][gc,age         ] GC(1387) Age table with threshold 6 (max threshold 6)
[25.163s][trace][gc,age         ] GC(1387) - age   1:     400208 bytes,     400208 total
[25.163s][info ][gc,heap        ] GC(1387) ParNew: 139577K->398K(157376K)
[25.163s][info ][gc,heap        ] GC(1387) CMS: 3754K->3754K(349568K)
[25.163s][info ][gc,metaspace   ] GC(1387) Metaspace: 16025K(16640K)->16025K(16640K) NonClass: 14284K(14592K)->14284K(14592K) Class: 1740K(2048K)->1740K(2048K)
[25.163s][info ][gc             ] GC(1387) Pause Young (Allocation Failure) 139M->4M(495M) 0.511ms
[25.163s][info ][gc,cpu         ] GC(1387) User=0.00s Sys=0.00s Real=0.00s
[25.173s][info ][gc,start       ] GC(1388) Pause Young (Allocation Failure)
[25.173s][info ][gc,task        ] GC(1388) Using 9 workers of 9 for evacuation
[25.173s][debug][gc,age         ] GC(1388) Desired survivor size 8945664 bytes, new threshold 6 (max threshold 6)
[25.173s][trace][gc,age         ] GC(1388) Age table with threshold 6 (max threshold 6)
[25.173s][trace][gc,age         ] GC(1388) - age   1:     400208 bytes,     400208 total
[25.173s][info ][gc,heap        ] GC(1388) ParNew: 140175K->396K(157376K)
[25.173s][info ][gc,heap        ] GC(1388) CMS: 3754K->3754K(349568K)
[25.173s][info ][gc,metaspace   ] GC(1388) Metaspace: 16025K(16640K)->16025K(16640K) NonClass: 14284K(14592K)->14284K(14592K) Class: 1740K(2048K)->1740K(2048K)
[25.173s][info ][gc             ] GC(1388) Pause Young (Allocation Failure) 140M->4M(495M) 0.349ms
[25.173s][info ][gc,cpu         ] GC(1388) User=0.00s Sys=0.00s Real=0.00s
[25.183s][info ][gc,start       ] GC(1389) Pause Young (Allocation Failure)
[25.183s][info ][gc,task        ] GC(1389) Using 9 workers of 9 for evacuation
[25.183s][debug][gc,age         ] GC(1389) Desired survivor size 8945664 bytes, new threshold 6 (max threshold 6)
[25.183s][trace][gc,age         ] GC(1389) Age table with threshold 6 (max threshold 6)
[25.183s][trace][gc,age         ] GC(1389) - age   1:     400208 bytes,     400208 total
[25.183s][info ][gc,heap        ] GC(1389) ParNew: 140222K->394K(157376K)
[25.183s][info ][gc,heap        ] GC(1389) CMS: 3754K->3754K(349568K)
[25.183s][info ][gc,metaspace   ] GC(1389) Metaspace: 16025K(16640K)->16025K(16640K) NonClass: 14284K(14592K)->14284K(14592K) Class: 1740K(2048K)->1740K(2048K)
[25.183s][info ][gc             ] GC(1389) Pause Young (Allocation Failure) 140M->4M(495M) 0.461ms
[25.183s][info ][gc,cpu         ] GC(1389) User=0.01s Sys=0.00s Real=0.00s
[25.193s][info ][gc,start       ] GC(1390) Pause Young (Allocation Failure)
[25.193s][info ][gc,task        ] GC(1390) Using 9 workers of 9 for evacuation
[25.193s][debug][gc,age         ] GC(1390) Desired survivor size 8945664 bytes, new threshold 6 (max threshold 6)
[25.193s][trace][gc,age         ] GC(1390) Age table with threshold 6 (max threshold 6)
[25.193s][trace][gc,age         ] GC(1390) - age   1:     400208 bytes,     400208 total
[25.193s][info ][gc,heap        ] GC(1390) ParNew: 140226K->398K(157376K)
[25.193s][info ][gc,heap        ] GC(1390) CMS: 3754K->3754K(349568K)
[25.193s][info ][gc,metaspace   ] GC(1390) Metaspace: 16025K(16640K)->16025K(16640K) NonClass: 14284K(14592K)->14284K(14592K) Class: 1740K(2048K)->1740K(2048K)
[25.193s][info ][gc             ] GC(1390) Pause Young (Allocation Failure) 140M->4M(495M) 0.395ms
[25.193s][info ][gc,cpu         ] GC(1390) User=0.01s Sys=0.00s Real=0.00s
[25.203s][info ][gc,start       ] GC(1391) Pause Young (Allocation Failure)
[25.203s][info ][gc,task        ] GC(1391) Using 9 workers of 9 for evacuation
[25.203s][debug][gc,age         ] GC(1391) Desired survivor size 8945664 bytes, new threshold 6 (max threshold 6)
[25.203s][trace][gc,age         ] GC(1391) Age table with threshold 6 (max threshold 6)
[25.203s][trace][gc,age         ] GC(1391) - age   1:     400208 bytes,     400208 total
[25.203s][info ][gc,heap        ] GC(1391) ParNew: 140018K->398K(157376K)
[25.203s][info ][gc,heap        ] GC(1391) CMS: 3754K->3754K(349568K)
[25.203s][info ][gc,metaspace   ] GC(1391) Metaspace: 16025K(16640K)->16025K(16640K) NonClass: 14284K(14592K)->14284K(14592K) Class: 1740K(2048K)->1740K(2048K)
[25.203s][info ][gc             ] GC(1391) Pause Young (Allocation Failure) 140M->4M(495M) 0.434ms
[25.203s][info ][gc,cpu         ] GC(1391) User=0.00s Sys=0.00s Real=0.00s
[25.213s][info ][gc,start       ] GC(1392) Pause Young (Allocation Failure)
[25.213s][info ][gc,task        ] GC(1392) Using 9 workers of 9 for evacuation
[25.213s][debug][gc,age         ] GC(1392) Desired survivor size 8945664 bytes, new threshold 6 (max threshold 6)
[25.213s][trace][gc,age         ] GC(1392) Age table with threshold 6 (max threshold 6)
[25.213s][trace][gc,age         ] GC(1392) - age   1:     400208 bytes,     400208 total
[25.213s][info ][gc,heap        ] GC(1392) ParNew: 139981K->398K(157376K)
[25.213s][info ][gc,heap        ] GC(1392) CMS: 3754K->3754K(349568K)
[25.213s][info ][gc,metaspace   ] GC(1392) Metaspace: 16025K(16640K)->16025K(16640K) NonClass: 14284K(14592K)->14284K(14592K) Class: 1740K(2048K)->1740K(2048K)
[25.213s][info ][gc             ] GC(1392) Pause Young (Allocation Failure) 140M->4M(495M) 0.450ms
[25.213s][info ][gc,cpu         ] GC(1392) User=0.00s Sys=0.00s Real=0.00s
[25.223s][info ][gc,start       ] GC(1393) Pause Young (Allocation Failure)
[25.223s][info ][gc,task        ] GC(1393) Using 9 workers of 9 for evacuation
[25.223s][debug][gc,age         ] GC(1393) Desired survivor size 8945664 bytes, new threshold 6 (max threshold 6)
[25.223s][trace][gc,age         ] GC(1393) Age table with threshold 6 (max threshold 6)
[25.223s][trace][gc,age         ] GC(1393) - age   1:     400208 bytes,     400208 total
[25.223s][info ][gc,heap        ] GC(1393) ParNew: 140168K->394K(157376K)
[25.223s][info ][gc,heap        ] GC(1393) CMS: 3754K->3754K(349568K)
[25.223s][info ][gc,metaspace   ] GC(1393) Metaspace: 16025K(16640K)->16025K(16640K) NonClass: 14284K(14592K)->14284K(14592K) Class: 1740K(2048K)->1740K(2048K)
[25.223s][info ][gc             ] GC(1393) Pause Young (Allocation Failure) 140M->4M(495M) 0.395ms
[25.223s][info ][gc,cpu         ] GC(1393) User=0.00s Sys=0.00s Real=0.00s
[25.233s][info ][gc,start       ] GC(1394) Pause Young (Allocation Failure)
[25.233s][info ][gc,task        ] GC(1394) Using 9 workers of 9 for evacuation
[25.233s][debug][gc,age         ] GC(1394) Desired survivor size 8945664 bytes, new threshold 6 (max threshold 6)
[25.233s][trace][gc,age         ] GC(1394) Age table with threshold 6 (max threshold 6)
[25.233s][trace][gc,age         ] GC(1394) - age   1:     400208 bytes,     400208 total
[25.233s][info ][gc,heap        ] GC(1394) ParNew: 140125K->396K(157376K)
[25.233s][info ][gc,heap        ] GC(1394) CMS: 3754K->3754K(349568K)
[25.233s][info ][gc,metaspace   ] GC(1394) Metaspace: 16025K(16640K)->16025K(16640K) NonClass: 14284K(14592K)->14284K(14592K) Class: 1740K(2048K)->1740K(2048K)
[25.233s][info ][gc             ] GC(1394) Pause Young (Allocation Failure) 140M->4M(495M) 0.453ms
[25.233s][info ][gc,cpu         ] GC(1394) User=0.00s Sys=0.00s Real=0.00s
[25.243s][info ][gc,start       ] GC(1395) Pause Young (Allocation Failure)
[25.243s][info ][gc,task        ] GC(1395) Using 9 workers of 9 for evacuation
[25.243s][debug][gc,age         ] GC(1395) Desired survivor size 8945664 bytes, new threshold 6 (max threshold 6)
[25.243s][trace][gc,age         ] GC(1395) Age table with threshold 6 (max threshold 6)
[25.243s][trace][gc,age         ] GC(1395) - age   1:     400208 bytes,     400208 total
[25.243s][info ][gc,heap        ] GC(1395) ParNew: 140180K->396K(157376K)
[25.243s][info ][gc,heap        ] GC(1395) CMS: 3754K->3754K(349568K)
[25.243s][info ][gc,metaspace   ] GC(1395) Metaspace: 16025K(16640K)->16025K(16640K) NonClass: 14284K(14592K)->14284K(14592K) Class: 1740K(2048K)->1740K(2048K)
[25.243s][info ][gc             ] GC(1395) Pause Young (Allocation Failure) 140M->4M(495M) 0.386ms
[25.243s][info ][gc,cpu         ] GC(1395) User=0.00s Sys=0.00s Real=0.00s
[25.252s][info ][gc,start       ] GC(1396) Pause Young (Allocation Failure)
[25.252s][info ][gc,task        ] GC(1396) Using 9 workers of 9 for evacuation
[25.253s][debug][gc,age         ] GC(1396) Desired survivor size 8945664 bytes, new threshold 6 (max threshold 6)
[25.253s][trace][gc,age         ] GC(1396) Age table with threshold 6 (max threshold 6)
[25.253s][trace][gc,age         ] GC(1396) - age   1:        192 bytes,        192 total
[25.253s][info ][gc,heap        ] GC(1396) ParNew: 140124K->8K(157376K)
[25.253s][info ][gc,heap        ] GC(1396) CMS: 3754K->3754K(349568K)
[25.253s][info ][gc,metaspace   ] GC(1396) Metaspace: 16025K(16640K)->16025K(16640K) NonClass: 14284K(14592K)->14284K(14592K) Class: 1740K(2048K)->1740K(2048K)
[25.253s][info ][gc             ] GC(1396) Pause Young (Allocation Failure) 140M->3M(495M) 0.450ms
[25.253s][info ][gc,cpu         ] GC(1396) User=0.00s Sys=0.00s Real=0.00s
[25.262s][info ][gc,start       ] GC(1397) Pause Young (Allocation Failure)
[25.262s][info ][gc,task        ] GC(1397) Using 9 workers of 9 for evacuation
[25.263s][debug][gc,age         ] GC(1397) Desired survivor size 8945664 bytes, new threshold 6 (max threshold 6)
[25.263s][trace][gc,age         ] GC(1397) Age table with threshold 6 (max threshold 6)
[25.263s][trace][gc,age         ] GC(1397) - age   1:        192 bytes,        192 total
[25.263s][info ][gc,heap        ] GC(1397) ParNew: 139912K->8K(157376K)
[25.263s][info ][gc,heap        ] GC(1397) CMS: 3754K->3754K(349568K)
[25.263s][info ][gc,metaspace   ] GC(1397) Metaspace: 16025K(16640K)->16025K(16640K) NonClass: 14284K(14592K)->14284K(14592K) Class: 1740K(2048K)->1740K(2048K)
[25.263s][info ][gc             ] GC(1397) Pause Young (Allocation Failure) 140M->3M(495M) 0.395ms
[25.263s][info ][gc,cpu         ] GC(1397) User=0.00s Sys=0.00s Real=0.00s
[25.272s][info ][gc,start       ] GC(1398) Pause Young (Allocation Failure)
[25.272s][info ][gc,task        ] GC(1398) Using 9 workers of 9 for evacuation
[25.272s][debug][gc,age         ] GC(1398) Desired survivor size 8945664 bytes, new threshold 6 (max threshold 6)
[25.272s][trace][gc,age         ] GC(1398) Age table with threshold 6 (max threshold 6)
[25.272s][trace][gc,age         ] GC(1398) - age   1:        192 bytes,        192 total
[25.272s][info ][gc,heap        ] GC(1398) ParNew: 139575K->8K(157376K)
[25.272s][info ][gc,heap        ] GC(1398) CMS: 3754K->3754K(349568K)
[25.272s][info ][gc,metaspace   ] GC(1398) Metaspace: 16025K(16640K)->16025K(16640K) NonClass: 14284K(14592K)->14284K(14592K) Class: 1740K(2048K)->1740K(2048K)
[25.272s][info ][gc             ] GC(1398) Pause Young (Allocation Failure) 139M->3M(495M) 0.347ms
[25.272s][info ][gc,cpu         ] GC(1398) User=0.00s Sys=0.00s Real=0.00s
[25.282s][info ][gc,start       ] GC(1399) Pause Young (Allocation Failure)
[25.282s][info ][gc,task        ] GC(1399) Using 9 workers of 9 for evacuation
[25.282s][debug][gc,age         ] GC(1399) Desired survivor size 8945664 bytes, new threshold 6 (max threshold 6)
[25.282s][trace][gc,age         ] GC(1399) Age table with threshold 6 (max threshold 6)
[25.282s][trace][gc,age         ] GC(1399) - age   1:        192 bytes,        192 total
[25.282s][info ][gc,heap        ] GC(1399) ParNew: 139664K->6K(157376K)
[25.282s][info ][gc,heap        ] GC(1399) CMS: 3754K->3754K(349568K)
[25.282s][info ][gc,metaspace   ] GC(1399) Metaspace: 16025K(16640K)->16025K(16640K) NonClass: 14284K(14592K)->14284K(14592K) Class: 1740K(2048K)->1740K(2048K)
[25.282s][info ][gc             ] GC(1399) Pause Young (Allocation Failure) 140M->3M(495M) 0.419ms
[25.282s][info ][gc,cpu         ] GC(1399) User=0.00s Sys=0.00s Real=0.00s
[25.292s][info ][gc,start       ] GC(1400) Pause Young (Allocation Failure)
[25.292s][info ][gc,task        ] GC(1400) Using 9 workers of 9 for evacuation
[25.292s][debug][gc,age         ] GC(1400) Desired survivor size 8945664 bytes, new threshold 6 (max threshold 6)
[25.292s][trace][gc,age         ] GC(1400) Age table with threshold 6 (max threshold 6)
[25.292s][trace][gc,age         ] GC(1400) - age   1:     400208 bytes,     400208 total
[25.292s][info ][gc,heap        ] GC(1400) ParNew: 139701K->398K(157376K)
[25.292s][info ][gc,heap        ] GC(1400) CMS: 3754K->3754K(349568K)
[25.292s][info ][gc,metaspace   ] GC(1400) Metaspace: 16025K(16640K)->16025K(16640K) NonClass: 14284K(14592K)->14284K(14592K) Class: 1740K(2048K)->1740K(2048K)
[25.292s][info ][gc             ] GC(1400) Pause Young (Allocation Failure) 140M->4M(495M) 0.422ms
[25.292s][info ][gc,cpu         ] GC(1400) User=0.00s Sys=0.00s Real=0.00s
[25.302s][info ][gc,start       ] GC(1401) Pause Young (Allocation Failure)
[25.302s][info ][gc,task        ] GC(1401) Using 9 workers of 9 for evacuation
[25.302s][debug][gc,age         ] GC(1401) Desired survivor size 8945664 bytes, new threshold 6 (max threshold 6)
[25.302s][trace][gc,age         ] GC(1401) Age table with threshold 6 (max threshold 6)
[25.302s][trace][gc,age         ] GC(1401) - age   1:        192 bytes,        192 total
[25.302s][info ][gc,heap        ] GC(1401) ParNew: 140085K->6K(157376K)
[25.302s][info ][gc,heap        ] GC(1401) CMS: 3754K->3754K(349568K)
[25.302s][info ][gc,metaspace   ] GC(1401) Metaspace: 16025K(16640K)->16025K(16640K) NonClass: 14284K(14592K)->14284K(14592K) Class: 1740K(2048K)->1740K(2048K)
[25.302s][info ][gc             ] GC(1401) Pause Young (Allocation Failure) 140M->3M(495M) 0.438ms
[25.302s][info ][gc,cpu         ] GC(1401) User=0.00s Sys=0.00s Real=0.00s
[25.312s][info ][gc,start       ] GC(1402) Pause Young (Allocation Failure)
[25.312s][info ][gc,task        ] GC(1402) Using 9 workers of 9 for evacuation
[25.312s][debug][gc,age         ] GC(1402) Desired survivor size 8945664 bytes, new threshold 6 (max threshold 6)
[25.312s][trace][gc,age         ] GC(1402) Age table with threshold 6 (max threshold 6)
[25.312s][trace][gc,age         ] GC(1402) - age   1:     400208 bytes,     400208 total
[25.312s][info ][gc,heap        ] GC(1402) ParNew: 139674K->398K(157376K)
[25.312s][info ][gc,heap        ] GC(1402) CMS: 3754K->3754K(349568K)
[25.312s][info ][gc,metaspace   ] GC(1402) Metaspace: 16025K(16640K)->16025K(16640K) NonClass: 14284K(14592K)->14284K(14592K) Class: 1740K(2048K)->1740K(2048K)
[25.312s][info ][gc             ] GC(1402) Pause Young (Allocation Failure) 140M->4M(495M) 0.408ms
[25.312s][info ][gc,cpu         ] GC(1402) User=0.00s Sys=0.00s Real=0.00s
[25.322s][info ][gc,start       ] GC(1403) Pause Young (Allocation Failure)
[25.322s][info ][gc,task        ] GC(1403) Using 9 workers of 9 for evacuation
[25.322s][debug][gc,age         ] GC(1403) Desired survivor size 8945664 bytes, new threshold 6 (max threshold 6)
[25.322s][trace][gc,age         ] GC(1403) Age table with threshold 6 (max threshold 6)
[25.322s][trace][gc,age         ] GC(1403) - age   1:        192 bytes,        192 total
[25.322s][info ][gc,heap        ] GC(1403) ParNew: 140103K->6K(157376K)
[25.322s][info ][gc,heap        ] GC(1403) CMS: 3754K->3754K(349568K)
[25.322s][info ][gc,metaspace   ] GC(1403) Metaspace: 16025K(16640K)->16025K(16640K) NonClass: 14284K(14592K)->14284K(14592K) Class: 1740K(2048K)->1740K(2048K)
[25.322s][info ][gc             ] GC(1403) Pause Young (Allocation Failure) 140M->3M(495M) 0.388ms
[25.322s][info ][gc,cpu         ] GC(1403) User=0.01s Sys=0.00s Real=0.00s
[25.332s][info ][gc,start       ] GC(1404) Pause Young (Allocation Failure)
[25.332s][info ][gc,task        ] GC(1404) Using 9 workers of 9 for evacuation
[25.332s][debug][gc,age         ] GC(1404) Desired survivor size 8945664 bytes, new threshold 6 (max threshold 6)
[25.332s][trace][gc,age         ] GC(1404) Age table with threshold 6 (max threshold 6)
[25.332s][trace][gc,age         ] GC(1404) - age   1:        192 bytes,        192 total
[25.332s][info ][gc,heap        ] GC(1404) ParNew: 139750K->4K(157376K)
[25.332s][info ][gc,heap        ] GC(1404) CMS: 3754K->3754K(349568K)
[25.332s][info ][gc,metaspace   ] GC(1404) Metaspace: 16025K(16640K)->16025K(16640K) NonClass: 14284K(14592K)->14284K(14592K) Class: 1740K(2048K)->1740K(2048K)
[25.332s][info ][gc             ] GC(1404) Pause Young (Allocation Failure) 140M->3M(495M) 0.408ms
[25.332s][info ][gc,cpu         ] GC(1404) User=0.01s Sys=0.00s Real=0.00s
[25.341s][info ][gc,start       ] GC(1405) Pause Young (Allocation Failure)
[25.341s][info ][gc,task        ] GC(1405) Using 9 workers of 9 for evacuation
[25.342s][debug][gc,age         ] GC(1405) Desired survivor size 8945664 bytes, new threshold 6 (max threshold 6)
[25.342s][trace][gc,age         ] GC(1405) Age table with threshold 6 (max threshold 6)
[25.342s][trace][gc,age         ] GC(1405) - age   1:        192 bytes,        192 total
[25.342s][info ][gc,heap        ] GC(1405) ParNew: 139536K->8K(157376K)
[25.342s][info ][gc,heap        ] GC(1405) CMS: 3754K->3754K(349568K)
[25.342s][info ][gc,metaspace   ] GC(1405) Metaspace: 16025K(16640K)->16025K(16640K) NonClass: 14284K(14592K)->14284K(14592K) Class: 1740K(2048K)->1740K(2048K)
[25.342s][info ][gc             ] GC(1405) Pause Young (Allocation Failure) 139M->3M(495M) 0.326ms
[25.342s][info ][gc,cpu         ] GC(1405) User=0.01s Sys=0.00s Real=0.00s
[25.351s][info ][gc,start       ] GC(1406) Pause Young (Allocation Failure)
[25.351s][info ][gc,task        ] GC(1406) Using 9 workers of 9 for evacuation
[25.352s][debug][gc,age         ] GC(1406) Desired survivor size 8945664 bytes, new threshold 6 (max threshold 6)
[25.352s][trace][gc,age         ] GC(1406) Age table with threshold 6 (max threshold 6)
[25.352s][trace][gc,age         ] GC(1406) - age   1:     400208 bytes,     400208 total
[25.352s][info ][gc,heap        ] GC(1406) ParNew: 139681K->396K(157376K)
[25.352s][info ][gc,heap        ] GC(1406) CMS: 3754K->3754K(349568K)
[25.352s][info ][gc,metaspace   ] GC(1406) Metaspace: 16025K(16640K)->16025K(16640K) NonClass: 14284K(14592K)->14284K(14592K) Class: 1740K(2048K)->1740K(2048K)
[25.352s][info ][gc             ] GC(1406) Pause Young (Allocation Failure) 140M->4M(495M) 0.423ms
[25.352s][info ][gc,cpu         ] GC(1406) User=0.01s Sys=0.00s Real=0.00s
[25.361s][info ][gc,start       ] GC(1407) Pause Young (Allocation Failure)
[25.361s][info ][gc,task        ] GC(1407) Using 9 workers of 9 for evacuation
[25.362s][debug][gc,age         ] GC(1407) Desired survivor size 8945664 bytes, new threshold 6 (max threshold 6)
[25.362s][trace][gc,age         ] GC(1407) Age table with threshold 6 (max threshold 6)
[25.362s][trace][gc,age         ] GC(1407) - age   1:        192 bytes,        192 total
[25.362s][info ][gc,heap        ] GC(1407) ParNew: 140001K->8K(157376K)
[25.362s][info ][gc,heap        ] GC(1407) CMS: 3754K->3754K(349568K)
[25.362s][info ][gc,metaspace   ] GC(1407) Metaspace: 16025K(16640K)->16025K(16640K) NonClass: 14284K(14592K)->14284K(14592K) Class: 1740K(2048K)->1740K(2048K)
[25.362s][info ][gc             ] GC(1407) Pause Young (Allocation Failure) 140M->3M(495M) 0.461ms
[25.362s][info ][gc,cpu         ] GC(1407) User=0.01s Sys=0.00s Real=0.00s
[25.371s][info ][gc,start       ] GC(1408) Pause Young (Allocation Failure)
[25.371s][info ][gc,task        ] GC(1408) Using 9 workers of 9 for evacuation
[25.372s][debug][gc,age         ] GC(1408) Desired survivor size 8945664 bytes, new threshold 6 (max threshold 6)
[25.372s][trace][gc,age         ] GC(1408) Age table with threshold 6 (max threshold 6)
[25.372s][trace][gc,age         ] GC(1408) - age   1:     400208 bytes,     400208 total
[25.372s][info ][gc,heap        ] GC(1408) ParNew: 139731K->394K(157376K)
[25.372s][info ][gc,heap        ] GC(1408) CMS: 3754K->3754K(349568K)
[25.372s][info ][gc,metaspace   ] GC(1408) Metaspace: 16025K(16640K)->16025K(16640K) NonClass: 14284K(14592K)->14284K(14592K) Class: 1740K(2048K)->1740K(2048K)
[25.372s][info ][gc             ] GC(1408) Pause Young (Allocation Failure) 140M->4M(495M) 0.410ms
[25.372s][info ][gc,cpu         ] GC(1408) User=0.00s Sys=0.00s Real=0.00s
[25.381s][info ][gc,start       ] GC(1409) Pause Young (Allocation Failure)
[25.381s][info ][gc,task        ] GC(1409) Using 9 workers of 9 for evacuation
[25.382s][debug][gc,age         ] GC(1409) Desired survivor size 8945664 bytes, new threshold 6 (max threshold 6)
[25.382s][trace][gc,age         ] GC(1409) Age table with threshold 6 (max threshold 6)
[25.382s][trace][gc,age         ] GC(1409) - age   1:     400208 bytes,     400208 total
[25.382s][info ][gc,heap        ] GC(1409) ParNew: 139957K->396K(157376K)
[25.382s][info ][gc,heap        ] GC(1409) CMS: 3754K->3754K(349568K)
[25.382s][info ][gc,metaspace   ] GC(1409) Metaspace: 16025K(16640K)->16025K(16640K) NonClass: 14284K(14592K)->14284K(14592K) Class: 1740K(2048K)->1740K(2048K)
[25.382s][info ][gc             ] GC(1409) Pause Young (Allocation Failure) 140M->4M(495M) 0.384ms
[25.382s][info ][gc,cpu         ] GC(1409) User=0.00s Sys=0.00s Real=0.00s
[25.391s][info ][gc,start       ] GC(1410) Pause Young (Allocation Failure)
[25.391s][info ][gc,task        ] GC(1410) Using 9 workers of 9 for evacuation
[25.392s][debug][gc,age         ] GC(1410) Desired survivor size 8945664 bytes, new threshold 6 (max threshold 6)
[25.392s][trace][gc,age         ] GC(1410) Age table with threshold 6 (max threshold 6)
[25.392s][trace][gc,age         ] GC(1410) - age   1:     400208 bytes,     400208 total
[25.392s][info ][gc,heap        ] GC(1410) ParNew: 140288K->396K(157376K)
[25.392s][info ][gc,heap        ] GC(1410) CMS: 3754K->3754K(349568K)
[25.392s][info ][gc,metaspace   ] GC(1410) Metaspace: 16025K(16640K)->16025K(16640K) NonClass: 14284K(14592K)->14284K(14592K) Class: 1740K(2048K)->1740K(2048K)
[25.392s][info ][gc             ] GC(1410) Pause Young (Allocation Failure) 140M->4M(495M) 0.443ms
[25.392s][info ][gc,cpu         ] GC(1410) User=0.00s Sys=0.00s Real=0.00s
[25.401s][info ][gc,start       ] GC(1411) Pause Young (Allocation Failure)
[25.401s][info ][gc,task        ] GC(1411) Using 9 workers of 9 for evacuation
[25.402s][debug][gc,age         ] GC(1411) Desired survivor size 8945664 bytes, new threshold 6 (max threshold 6)
[25.402s][trace][gc,age         ] GC(1411) Age table with threshold 6 (max threshold 6)
[25.402s][trace][gc,age         ] GC(1411) - age   1:        192 bytes,        192 total
[25.402s][info ][gc,heap        ] GC(1411) ParNew: 140266K->8K(157376K)
[25.402s][info ][gc,heap        ] GC(1411) CMS: 3754K->3754K(349568K)
[25.402s][info ][gc,metaspace   ] GC(1411) Metaspace: 16025K(16640K)->16025K(16640K) NonClass: 14284K(14592K)->14284K(14592K) Class: 1740K(2048K)->1740K(2048K)
[25.402s][info ][gc             ] GC(1411) Pause Young (Allocation Failure) 140M->3M(495M) 0.413ms
[25.402s][info ][gc,cpu         ] GC(1411) User=0.00s Sys=0.00s Real=0.00s
[25.411s][info ][gc,start       ] GC(1412) Pause Young (Allocation Failure)
[25.411s][info ][gc,task        ] GC(1412) Using 9 workers of 9 for evacuation
[25.415s][debug][gc,age         ] GC(1412) Desired survivor size 8945664 bytes, new threshold 6 (max threshold 6)
[25.415s][trace][gc,age         ] GC(1412) Age table with threshold 6 (max threshold 6)
[25.415s][trace][gc,age         ] GC(1412) - age   1:        192 bytes,        192 total
[25.415s][info ][gc,heap        ] GC(1412) ParNew: 139624K->6K(157376K)
[25.415s][info ][gc,heap        ] GC(1412) CMS: 3754K->3754K(349568K)
[25.415s][info ][gc,metaspace   ] GC(1412) Metaspace: 16025K(16640K)->16025K(16640K) NonClass: 14284K(14592K)->14284K(14592K) Class: 1740K(2048K)->1740K(2048K)
[25.415s][info ][gc             ] GC(1412) Pause Young (Allocation Failure) 140M->3M(495M) 3.702ms
[25.415s][info ][gc,cpu         ] GC(1412) User=0.00s Sys=0.00s Real=0.00s
[25.425s][info ][gc,start       ] GC(1413) Pause Young (Allocation Failure)
[25.425s][info ][gc,task        ] GC(1413) Using 9 workers of 9 for evacuation
[25.425s][debug][gc,age         ] GC(1413) Desired survivor size 8945664 bytes, new threshold 6 (max threshold 6)
[25.425s][trace][gc,age         ] GC(1413) Age table with threshold 6 (max threshold 6)
[25.425s][trace][gc,age         ] GC(1413) - age   1:        192 bytes,        192 total
[25.425s][info ][gc,heap        ] GC(1413) ParNew: 139582K->6K(157376K)
[25.425s][info ][gc,heap        ] GC(1413) CMS: 3754K->3754K(349568K)
[25.425s][info ][gc,metaspace   ] GC(1413) Metaspace: 16025K(16640K)->16025K(16640K) NonClass: 14284K(14592K)->14284K(14592K) Class: 1740K(2048K)->1740K(2048K)
[25.425s][info ][gc             ] GC(1413) Pause Young (Allocation Failure) 139M->3M(495M) 0.479ms
[25.425s][info ][gc,cpu         ] GC(1413) User=0.00s Sys=0.00s Real=0.00s
[25.434s][info ][gc,start       ] GC(1414) Pause Young (Allocation Failure)
[25.435s][info ][gc,task        ] GC(1414) Using 9 workers of 9 for evacuation
[25.435s][debug][gc,age         ] GC(1414) Desired survivor size 8945664 bytes, new threshold 6 (max threshold 6)
[25.435s][trace][gc,age         ] GC(1414) Age table with threshold 6 (max threshold 6)
[25.435s][trace][gc,age         ] GC(1414) - age   1:        192 bytes,        192 total
[25.435s][info ][gc,heap        ] GC(1414) ParNew: 139692K->4K(157376K)
[25.435s][info ][gc,heap        ] GC(1414) CMS: 3754K->3754K(349568K)
[25.435s][info ][gc,metaspace   ] GC(1414) Metaspace: 16025K(16640K)->16025K(16640K) NonClass: 14284K(14592K)->14284K(14592K) Class: 1740K(2048K)->1740K(2048K)
[25.435s][info ][gc             ] GC(1414) Pause Young (Allocation Failure) 140M->3M(495M) 0.462ms
[25.435s][info ][gc,cpu         ] GC(1414) User=0.00s Sys=0.00s Real=0.00s
[25.444s][info ][gc,start       ] GC(1415) Pause Young (Allocation Failure)
[25.444s][info ][gc,task        ] GC(1415) Using 9 workers of 9 for evacuation
[25.445s][debug][gc,age         ] GC(1415) Desired survivor size 8945664 bytes, new threshold 6 (max threshold 6)
[25.445s][trace][gc,age         ] GC(1415) Age table with threshold 6 (max threshold 6)
[25.445s][trace][gc,age         ] GC(1415) - age   1:     400208 bytes,     400208 total
[25.445s][info ][gc,heap        ] GC(1415) ParNew: 139829K->394K(157376K)
[25.445s][info ][gc,heap        ] GC(1415) CMS: 3754K->3754K(349568K)
[25.445s][info ][gc,metaspace   ] GC(1415) Metaspace: 16025K(16640K)->16025K(16640K) NonClass: 14284K(14592K)->14284K(14592K) Class: 1740K(2048K)->1740K(2048K)
[25.445s][info ][gc             ] GC(1415) Pause Young (Allocation Failure) 140M->4M(495M) 0.398ms
[25.445s][info ][gc,cpu         ] GC(1415) User=0.00s Sys=0.00s Real=0.00s
[25.454s][info ][gc,start       ] GC(1416) Pause Young (Allocation Failure)
[25.454s][info ][gc,task        ] GC(1416) Using 9 workers of 9 for evacuation
[25.455s][debug][gc,age         ] GC(1416) Desired survivor size 8945664 bytes, new threshold 6 (max threshold 6)
[25.455s][trace][gc,age         ] GC(1416) Age table with threshold 6 (max threshold 6)
[25.455s][trace][gc,age         ] GC(1416) - age   1:        192 bytes,        192 total
[25.455s][info ][gc,heap        ] GC(1416) ParNew: 140130K->4K(157376K)
[25.455s][info ][gc,heap        ] GC(1416) CMS: 3754K->3754K(349568K)
[25.455s][info ][gc,metaspace   ] GC(1416) Metaspace: 16025K(16640K)->16025K(16640K) NonClass: 14284K(14592K)->14284K(14592K) Class: 1740K(2048K)->1740K(2048K)
[25.455s][info ][gc             ] GC(1416) Pause Young (Allocation Failure) 140M->3M(495M) 0.347ms
[25.455s][info ][gc,cpu         ] GC(1416) User=0.00s Sys=0.00s Real=0.00s
[25.464s][info ][gc,start       ] GC(1417) Pause Young (Allocation Failure)
[25.464s][info ][gc,task        ] GC(1417) Using 9 workers of 9 for evacuation
[25.465s][debug][gc,age         ] GC(1417) Desired survivor size 8945664 bytes, new threshold 6 (max threshold 6)
[25.465s][trace][gc,age         ] GC(1417) Age table with threshold 6 (max threshold 6)
[25.465s][trace][gc,age         ] GC(1417) - age   1:     400208 bytes,     400208 total
[25.465s][info ][gc,heap        ] GC(1417) ParNew: 139699K->398K(157376K)
[25.465s][info ][gc,heap        ] GC(1417) CMS: 3754K->3754K(349568K)
[25.465s][info ][gc,metaspace   ] GC(1417) Metaspace: 16025K(16640K)->16025K(16640K) NonClass: 14284K(14592K)->14284K(14592K) Class: 1740K(2048K)->1740K(2048K)
[25.465s][info ][gc             ] GC(1417) Pause Young (Allocation Failure) 140M->4M(495M) 0.621ms
[25.465s][info ][gc,cpu         ] GC(1417) User=0.00s Sys=0.00s Real=0.00s
[25.474s][info ][gc,start       ] GC(1418) Pause Young (Allocation Failure)
[25.474s][info ][gc,task        ] GC(1418) Using 9 workers of 9 for evacuation
[25.475s][debug][gc,age         ] GC(1418) Desired survivor size 8945664 bytes, new threshold 6 (max threshold 6)
[25.475s][trace][gc,age         ] GC(1418) Age table with threshold 6 (max threshold 6)
[25.475s][trace][gc,age         ] GC(1418) - age   1:        192 bytes,        192 total
[25.475s][info ][gc,heap        ] GC(1418) ParNew: 139960K->8K(157376K)
[25.475s][info ][gc,heap        ] GC(1418) CMS: 3754K->3754K(349568K)
[25.475s][info ][gc,metaspace   ] GC(1418) Metaspace: 16025K(16640K)->16025K(16640K) NonClass: 14284K(14592K)->14284K(14592K) Class: 1740K(2048K)->1740K(2048K)
[25.475s][info ][gc             ] GC(1418) Pause Young (Allocation Failure) 140M->3M(495M) 0.384ms
[25.475s][info ][gc,cpu         ] GC(1418) User=0.00s Sys=0.00s Real=0.00s
[25.484s][info ][gc,start       ] GC(1419) Pause Young (Allocation Failure)
[25.484s][info ][gc,task        ] GC(1419) Using 9 workers of 9 for evacuation
[25.485s][debug][gc,age         ] GC(1419) Desired survivor size 8945664 bytes, new threshold 6 (max threshold 6)
[25.485s][trace][gc,age         ] GC(1419) Age table with threshold 6 (max threshold 6)
[25.485s][trace][gc,age         ] GC(1419) - age   1:     400208 bytes,     400208 total
[25.485s][info ][gc,heap        ] GC(1419) ParNew: 139644K->396K(157376K)
[25.485s][info ][gc,heap        ] GC(1419) CMS: 3754K->3754K(349568K)
[25.485s][info ][gc,metaspace   ] GC(1419) Metaspace: 16025K(16640K)->16025K(16640K) NonClass: 14284K(14592K)->14284K(14592K) Class: 1740K(2048K)->1740K(2048K)
[25.485s][info ][gc             ] GC(1419) Pause Young (Allocation Failure) 140M->4M(495M) 0.490ms
[25.485s][info ][gc,cpu         ] GC(1419) User=0.01s Sys=0.00s Real=0.00s
[25.494s][info ][gc,start       ] GC(1420) Pause Young (Allocation Failure)
[25.494s][info ][gc,task        ] GC(1420) Using 9 workers of 9 for evacuation
[25.495s][debug][gc,age         ] GC(1420) Desired survivor size 8945664 bytes, new threshold 6 (max threshold 6)
[25.495s][trace][gc,age         ] GC(1420) Age table with threshold 6 (max threshold 6)
[25.495s][trace][gc,age         ] GC(1420) - age   1:        192 bytes,        192 total
[25.495s][info ][gc,heap        ] GC(1420) ParNew: 140288K->6K(157376K)
[25.495s][info ][gc,heap        ] GC(1420) CMS: 3754K->3754K(349568K)
[25.495s][info ][gc,metaspace   ] GC(1420) Metaspace: 16025K(16640K)->16025K(16640K) NonClass: 14284K(14592K)->14284K(14592K) Class: 1740K(2048K)->1740K(2048K)
[25.495s][info ][gc             ] GC(1420) Pause Young (Allocation Failure) 140M->3M(495M) 0.556ms
[25.495s][info ][gc,cpu         ] GC(1420) User=0.01s Sys=0.00s Real=0.00s
[25.504s][info ][gc,start       ] GC(1421) Pause Young (Allocation Failure)
[25.504s][info ][gc,task        ] GC(1421) Using 9 workers of 9 for evacuation
[25.505s][debug][gc,age         ] GC(1421) Desired survivor size 8945664 bytes, new threshold 6 (max threshold 6)
[25.505s][trace][gc,age         ] GC(1421) Age table with threshold 6 (max threshold 6)
[25.505s][trace][gc,age         ] GC(1421) - age   1:        192 bytes,        192 total
[25.505s][info ][gc,heap        ] GC(1421) ParNew: 139910K->6K(157376K)
[25.505s][info ][gc,heap        ] GC(1421) CMS: 3754K->3754K(349568K)
[25.505s][info ][gc,metaspace   ] GC(1421) Metaspace: 16025K(16640K)->16025K(16640K) NonClass: 14284K(14592K)->14284K(14592K) Class: 1740K(2048K)->1740K(2048K)
[25.505s][info ][gc             ] GC(1421) Pause Young (Allocation Failure) 140M->3M(495M) 0.428ms
[25.505s][info ][gc,cpu         ] GC(1421) User=0.01s Sys=0.00s Real=0.00s
[25.514s][info ][gc,start       ] GC(1422) Pause Young (Allocation Failure)
[25.514s][info ][gc,task        ] GC(1422) Using 9 workers of 9 for evacuation
[25.515s][debug][gc,age         ] GC(1422) Desired survivor size 8945664 bytes, new threshold 6 (max threshold 6)
[25.515s][trace][gc,age         ] GC(1422) Age table with threshold 6 (max threshold 6)
[25.515s][trace][gc,age         ] GC(1422) - age   1:     400208 bytes,     400208 total
[25.515s][info ][gc,heap        ] GC(1422) ParNew: 139906K->398K(157376K)
[25.515s][info ][gc,heap        ] GC(1422) CMS: 3754K->3754K(349568K)
[25.515s][info ][gc,metaspace   ] GC(1422) Metaspace: 16025K(16640K)->16025K(16640K) NonClass: 14284K(14592K)->14284K(14592K) Class: 1740K(2048K)->1740K(2048K)
[25.515s][info ][gc             ] GC(1422) Pause Young (Allocation Failure) 140M->4M(495M) 0.440ms
[25.515s][info ][gc,cpu         ] GC(1422) User=0.00s Sys=0.00s Real=0.00s
[25.524s][info ][gc,start       ] GC(1423) Pause Young (Allocation Failure)
[25.524s][info ][gc,task        ] GC(1423) Using 9 workers of 9 for evacuation
[25.525s][debug][gc,age         ] GC(1423) Desired survivor size 8945664 bytes, new threshold 6 (max threshold 6)
[25.525s][trace][gc,age         ] GC(1423) Age table with threshold 6 (max threshold 6)
[25.525s][trace][gc,age         ] GC(1423) - age   1:        192 bytes,        192 total
[25.525s][info ][gc,heap        ] GC(1423) ParNew: 140229K->6K(157376K)
[25.525s][info ][gc,heap        ] GC(1423) CMS: 3754K->3754K(349568K)
[25.525s][info ][gc,metaspace   ] GC(1423) Metaspace: 16025K(16640K)->16025K(16640K) NonClass: 14284K(14592K)->14284K(14592K) Class: 1740K(2048K)->1740K(2048K)
[25.525s][info ][gc             ] GC(1423) Pause Young (Allocation Failure) 140M->3M(495M) 0.426ms
[25.525s][info ][gc,cpu         ] GC(1423) User=0.01s Sys=0.00s Real=0.00s
[25.535s][info ][gc,start       ] GC(1424) Pause Young (Allocation Failure)
[25.535s][info ][gc,task        ] GC(1424) Using 9 workers of 9 for evacuation
[25.535s][debug][gc,age         ] GC(1424) Desired survivor size 8945664 bytes, new threshold 6 (max threshold 6)
[25.535s][trace][gc,age         ] GC(1424) Age table with threshold 6 (max threshold 6)
[25.535s][trace][gc,age         ] GC(1424) - age   1:        192 bytes,        192 total
[25.535s][info ][gc,heap        ] GC(1424) ParNew: 139815K->4K(157376K)
[25.535s][info ][gc,heap        ] GC(1424) CMS: 3754K->3754K(349568K)
[25.535s][info ][gc,metaspace   ] GC(1424) Metaspace: 16025K(16640K)->16025K(16640K) NonClass: 14284K(14592K)->14284K(14592K) Class: 1740K(2048K)->1740K(2048K)
[25.535s][info ][gc             ] GC(1424) Pause Young (Allocation Failure) 140M->3M(495M) 0.440ms
[25.535s][info ][gc,cpu         ] GC(1424) User=0.00s Sys=0.00s Real=0.00s
[25.545s][info ][gc,start       ] GC(1425) Pause Young (Allocation Failure)
[25.545s][info ][gc,task        ] GC(1425) Using 9 workers of 9 for evacuation
[25.545s][debug][gc,age         ] GC(1425) Desired survivor size 8945664 bytes, new threshold 6 (max threshold 6)
[25.545s][trace][gc,age         ] GC(1425) Age table with threshold 6 (max threshold 6)
[25.545s][trace][gc,age         ] GC(1425) - age   1:     400208 bytes,     400208 total
[25.545s][info ][gc,heap        ] GC(1425) ParNew: 139618K->394K(157376K)
[25.545s][info ][gc,heap        ] GC(1425) CMS: 3754K->3754K(349568K)
[25.545s][info ][gc,metaspace   ] GC(1425) Metaspace: 16025K(16640K)->16025K(16640K) NonClass: 14284K(14592K)->14284K(14592K) Class: 1740K(2048K)->1740K(2048K)
[25.545s][info ][gc             ] GC(1425) Pause Young (Allocation Failure) 140M->4M(495M) 0.407ms
[25.545s][info ][gc,cpu         ] GC(1425) User=0.00s Sys=0.00s Real=0.00s
[25.555s][info ][gc,start       ] GC(1426) Pause Young (Allocation Failure)
[25.555s][info ][gc,task        ] GC(1426) Using 9 workers of 9 for evacuation
[25.555s][debug][gc,age         ] GC(1426) Desired survivor size 8945664 bytes, new threshold 6 (max threshold 6)
[25.555s][trace][gc,age         ] GC(1426) Age table with threshold 6 (max threshold 6)
[25.555s][trace][gc,age         ] GC(1426) - age   1:     400208 bytes,     400208 total
[25.555s][info ][gc,heap        ] GC(1426) ParNew: 139944K->396K(157376K)
[25.555s][info ][gc,heap        ] GC(1426) CMS: 3754K->3754K(349568K)
[25.555s][info ][gc,metaspace   ] GC(1426) Metaspace: 16025K(16640K)->16025K(16640K) NonClass: 14284K(14592K)->14284K(14592K) Class: 1740K(2048K)->1740K(2048K)
[25.555s][info ][gc             ] GC(1426) Pause Young (Allocation Failure) 140M->4M(495M) 0.334ms
[25.555s][info ][gc,cpu         ] GC(1426) User=0.00s Sys=0.00s Real=0.00s
[25.565s][info ][gc,start       ] GC(1427) Pause Young (Allocation Failure)
[25.565s][info ][gc,task        ] GC(1427) Using 9 workers of 9 for evacuation
[25.565s][debug][gc,age         ] GC(1427) Desired survivor size 8945664 bytes, new threshold 6 (max threshold 6)
[25.565s][trace][gc,age         ] GC(1427) Age table with threshold 6 (max threshold 6)
[25.565s][trace][gc,age         ] GC(1427) - age   1:     400208 bytes,     400208 total
[25.565s][info ][gc,heap        ] GC(1427) ParNew: 140191K->398K(157376K)
[25.565s][info ][gc,heap        ] GC(1427) CMS: 3754K->3754K(349568K)
[25.565s][info ][gc,metaspace   ] GC(1427) Metaspace: 16025K(16640K)->16025K(16640K) NonClass: 14284K(14592K)->14284K(14592K) Class: 1740K(2048K)->1740K(2048K)
[25.565s][info ][gc             ] GC(1427) Pause Young (Allocation Failure) 140M->4M(495M) 0.444ms
[25.565s][info ][gc,cpu         ] GC(1427) User=0.00s Sys=0.00s Real=0.00s
[25.575s][info ][gc,start       ] GC(1428) Pause Young (Allocation Failure)
[25.575s][info ][gc,task        ] GC(1428) Using 9 workers of 9 for evacuation
[25.575s][debug][gc,age         ] GC(1428) Desired survivor size 8945664 bytes, new threshold 6 (max threshold 6)
[25.575s][trace][gc,age         ] GC(1428) Age table with threshold 6 (max threshold 6)
[25.575s][trace][gc,age         ] GC(1428) - age   1:        192 bytes,        192 total
[25.575s][info ][gc,heap        ] GC(1428) ParNew: 140302K->6K(157376K)
[25.575s][info ][gc,heap        ] GC(1428) CMS: 3754K->3754K(349568K)
[25.575s][info ][gc,metaspace   ] GC(1428) Metaspace: 16025K(16640K)->16025K(16640K) NonClass: 14284K(14592K)->14284K(14592K) Class: 1740K(2048K)->1740K(2048K)
[25.575s][info ][gc             ] GC(1428) Pause Young (Allocation Failure) 140M->3M(495M) 0.529ms
[25.575s][info ][gc,cpu         ] GC(1428) User=0.00s Sys=0.00s Real=0.00s
[25.585s][info ][gc,start       ] GC(1429) Pause Young (Allocation Failure)
[25.585s][info ][gc,task        ] GC(1429) Using 9 workers of 9 for evacuation
[25.585s][debug][gc,age         ] GC(1429) Desired survivor size 8945664 bytes, new threshold 6 (max threshold 6)
[25.585s][trace][gc,age         ] GC(1429) Age table with threshold 6 (max threshold 6)
[25.585s][trace][gc,age         ] GC(1429) - age   1:     400208 bytes,     400208 total
[25.585s][info ][gc,heap        ] GC(1429) ParNew: 139739K->396K(157376K)
[25.585s][info ][gc,heap        ] GC(1429) CMS: 3754K->3754K(349568K)
[25.585s][info ][gc,metaspace   ] GC(1429) Metaspace: 16025K(16640K)->16025K(16640K) NonClass: 14284K(14592K)->14284K(14592K) Class: 1740K(2048K)->1740K(2048K)
[25.585s][info ][gc             ] GC(1429) Pause Young (Allocation Failure) 140M->4M(495M) 0.461ms
[25.585s][info ][gc,cpu         ] GC(1429) User=0.00s Sys=0.00s Real=0.00s
[25.595s][info ][gc,start       ] GC(1430) Pause Young (Allocation Failure)
[25.595s][info ][gc,task        ] GC(1430) Using 9 workers of 9 for evacuation
[25.595s][debug][gc,age         ] GC(1430) Desired survivor size 8945664 bytes, new threshold 6 (max threshold 6)
[25.595s][trace][gc,age         ] GC(1430) Age table with threshold 6 (max threshold 6)
[25.595s][trace][gc,age         ] GC(1430) - age   1:     400208 bytes,     400208 total
[25.595s][info ][gc,heap        ] GC(1430) ParNew: 139999K->398K(157376K)
[25.595s][info ][gc,heap        ] GC(1430) CMS: 3754K->3754K(349568K)
[25.595s][info ][gc,metaspace   ] GC(1430) Metaspace: 16025K(16640K)->16025K(16640K) NonClass: 14284K(14592K)->14284K(14592K) Class: 1740K(2048K)->1740K(2048K)
[25.595s][info ][gc             ] GC(1430) Pause Young (Allocation Failure) 140M->4M(495M) 0.389ms
[25.595s][info ][gc,cpu         ] GC(1430) User=0.00s Sys=0.00s Real=0.00s
[25.604s][info ][gc,start       ] GC(1431) Pause Young (Allocation Failure)
[25.605s][info ][gc,task        ] GC(1431) Using 9 workers of 9 for evacuation
[25.605s][debug][gc,age         ] GC(1431) Desired survivor size 8945664 bytes, new threshold 6 (max threshold 6)
[25.605s][trace][gc,age         ] GC(1431) Age table with threshold 6 (max threshold 6)
[25.605s][trace][gc,age         ] GC(1431) - age   1:        192 bytes,        192 total
[25.605s][info ][gc,heap        ] GC(1431) ParNew: 140035K->4K(157376K)
[25.605s][info ][gc,heap        ] GC(1431) CMS: 3754K->3754K(349568K)
[25.605s][info ][gc,metaspace   ] GC(1431) Metaspace: 16025K(16640K)->16025K(16640K) NonClass: 14284K(14592K)->14284K(14592K) Class: 1740K(2048K)->1740K(2048K)
[25.605s][info ][gc             ] GC(1431) Pause Young (Allocation Failure) 140M->3M(495M) 0.460ms
[25.605s][info ][gc,cpu         ] GC(1431) User=0.00s Sys=0.00s Real=0.00s
[25.614s][info ][gc,start       ] GC(1432) Pause Young (Allocation Failure)
[25.615s][info ][gc,task        ] GC(1432) Using 9 workers of 9 for evacuation
[25.615s][debug][gc,age         ] GC(1432) Desired survivor size 8945664 bytes, new threshold 6 (max threshold 6)
[25.615s][trace][gc,age         ] GC(1432) Age table with threshold 6 (max threshold 6)
[25.615s][trace][gc,age         ] GC(1432) - age   1:     400208 bytes,     400208 total
[25.615s][info ][gc,heap        ] GC(1432) ParNew: 139839K->398K(157376K)
[25.615s][info ][gc,heap        ] GC(1432) CMS: 3754K->3754K(349568K)
[25.615s][info ][gc,metaspace   ] GC(1432) Metaspace: 16025K(16640K)->16025K(16640K) NonClass: 14284K(14592K)->14284K(14592K) Class: 1740K(2048K)->1740K(2048K)
[25.615s][info ][gc             ] GC(1432) Pause Young (Allocation Failure) 140M->4M(495M) 0.450ms
[25.615s][info ][gc,cpu         ] GC(1432) User=0.00s Sys=0.00s Real=0.00s
[25.624s][info ][gc,start       ] GC(1433) Pause Young (Allocation Failure)
[25.624s][info ][gc,task        ] GC(1433) Using 9 workers of 9 for evacuation
[25.625s][debug][gc,age         ] GC(1433) Desired survivor size 8945664 bytes, new threshold 6 (max threshold 6)
[25.625s][trace][gc,age         ] GC(1433) Age table with threshold 6 (max threshold 6)
[25.625s][trace][gc,age         ] GC(1433) - age   1:        192 bytes,        192 total
[25.625s][info ][gc,heap        ] GC(1433) ParNew: 140121K->8K(157376K)
[25.625s][info ][gc,heap        ] GC(1433) CMS: 3754K->3754K(349568K)
[25.625s][info ][gc,metaspace   ] GC(1433) Metaspace: 16025K(16640K)->16025K(16640K) NonClass: 14284K(14592K)->14284K(14592K) Class: 1740K(2048K)->1740K(2048K)
[25.625s][info ][gc             ] GC(1433) Pause Young (Allocation Failure) 140M->3M(495M) 0.370ms
[25.625s][info ][gc,cpu         ] GC(1433) User=0.00s Sys=0.00s Real=0.00s
[25.634s][info ][gc,start       ] GC(1434) Pause Young (Allocation Failure)
[25.634s][info ][gc,task        ] GC(1434) Using 9 workers of 9 for evacuation
[25.635s][debug][gc,age         ] GC(1434) Desired survivor size 8945664 bytes, new threshold 6 (max threshold 6)
[25.635s][trace][gc,age         ] GC(1434) Age table with threshold 6 (max threshold 6)
[25.635s][trace][gc,age         ] GC(1434) - age   1:     400208 bytes,     400208 total
[25.635s][info ][gc,heap        ] GC(1434) ParNew: 139766K->394K(157376K)
[25.635s][info ][gc,heap        ] GC(1434) CMS: 3754K->3754K(349568K)
[25.635s][info ][gc,metaspace   ] GC(1434) Metaspace: 16025K(16640K)->16025K(16640K) NonClass: 14284K(14592K)->14284K(14592K) Class: 1740K(2048K)->1740K(2048K)
[25.635s][info ][gc             ] GC(1434) Pause Young (Allocation Failure) 140M->4M(495M) 0.444ms
[25.635s][info ][gc,cpu         ] GC(1434) User=0.01s Sys=0.01s Real=0.00s
[25.644s][info ][gc,start       ] GC(1435) Pause Young (Allocation Failure)
[25.644s][info ][gc,task        ] GC(1435) Using 9 workers of 9 for evacuation
[25.645s][debug][gc,age         ] GC(1435) Desired survivor size 8945664 bytes, new threshold 6 (max threshold 6)
[25.645s][trace][gc,age         ] GC(1435) Age table with threshold 6 (max threshold 6)
[25.645s][trace][gc,age         ] GC(1435) - age   1:     400208 bytes,     400208 total
[25.645s][info ][gc,heap        ] GC(1435) ParNew: 140135K->396K(157376K)
[25.645s][info ][gc,heap        ] GC(1435) CMS: 3754K->3754K(349568K)
[25.645s][info ][gc,metaspace   ] GC(1435) Metaspace: 16025K(16640K)->16025K(16640K) NonClass: 14284K(14592K)->14284K(14592K) Class: 1740K(2048K)->1740K(2048K)
[25.645s][info ][gc             ] GC(1435) Pause Young (Allocation Failure) 140M->4M(495M) 0.415ms
[25.645s][info ][gc,cpu         ] GC(1435) User=0.01s Sys=0.00s Real=0.00s
[25.654s][info ][gc,start       ] GC(1436) Pause Young (Allocation Failure)
[25.654s][info ][gc,task        ] GC(1436) Using 9 workers of 9 for evacuation
[25.655s][debug][gc,age         ] GC(1436) Desired survivor size 8945664 bytes, new threshold 6 (max threshold 6)
[25.655s][trace][gc,age         ] GC(1436) Age table with threshold 6 (max threshold 6)
[25.655s][trace][gc,age         ] GC(1436) - age   1:     400208 bytes,     400208 total
[25.655s][info ][gc,heap        ] GC(1436) ParNew: 140272K->396K(157376K)
[25.655s][info ][gc,heap        ] GC(1436) CMS: 3754K->3754K(349568K)
[25.655s][info ][gc,metaspace   ] GC(1436) Metaspace: 16025K(16640K)->16025K(16640K) NonClass: 14284K(14592K)->14284K(14592K) Class: 1740K(2048K)->1740K(2048K)
[25.655s][info ][gc             ] GC(1436) Pause Young (Allocation Failure) 140M->4M(495M) 0.369ms
[25.655s][info ][gc,cpu         ] GC(1436) User=0.01s Sys=0.00s Real=0.00s
[25.664s][info ][gc,start       ] GC(1437) Pause Young (Allocation Failure)
[25.664s][info ][gc,task        ] GC(1437) Using 9 workers of 9 for evacuation
[25.665s][debug][gc,age         ] GC(1437) Desired survivor size 8945664 bytes, new threshold 6 (max threshold 6)
[25.665s][trace][gc,age         ] GC(1437) Age table with threshold 6 (max threshold 6)
[25.665s][trace][gc,age         ] GC(1437) - age   1:        192 bytes,        192 total
[25.665s][info ][gc,heap        ] GC(1437) ParNew: 140183K->6K(157376K)
[25.665s][info ][gc,heap        ] GC(1437) CMS: 3754K->3754K(349568K)
[25.665s][info ][gc,metaspace   ] GC(1437) Metaspace: 16025K(16640K)->16025K(16640K) NonClass: 14284K(14592K)->14284K(14592K) Class: 1740K(2048K)->1740K(2048K)
[25.665s][info ][gc             ] GC(1437) Pause Young (Allocation Failure) 140M->3M(495M) 0.439ms
[25.665s][info ][gc,cpu         ] GC(1437) User=0.00s Sys=0.00s Real=0.00s
[25.675s][info ][gc,start       ] GC(1438) Pause Young (Allocation Failure)
[25.675s][info ][gc,task        ] GC(1438) Using 9 workers of 9 for evacuation
[25.675s][debug][gc,age         ] GC(1438) Desired survivor size 8945664 bytes, new threshold 6 (max threshold 6)
[25.675s][trace][gc,age         ] GC(1438) Age table with threshold 6 (max threshold 6)
[25.675s][trace][gc,age         ] GC(1438) - age   1:        192 bytes,        192 total
[25.675s][info ][gc,heap        ] GC(1438) ParNew: 139787K->8K(157376K)
[25.675s][info ][gc,heap        ] GC(1438) CMS: 3754K->3754K(349568K)
[25.675s][info ][gc,metaspace   ] GC(1438) Metaspace: 16025K(16640K)->16025K(16640K) NonClass: 14284K(14592K)->14284K(14592K) Class: 1740K(2048K)->1740K(2048K)
[25.675s][info ][gc             ] GC(1438) Pause Young (Allocation Failure) 140M->3M(495M) 0.332ms
[25.675s][info ][gc,cpu         ] GC(1438) User=0.00s Sys=0.00s Real=0.00s
[25.685s][info ][gc,start       ] GC(1439) Pause Young (Allocation Failure)
[25.685s][info ][gc,task        ] GC(1439) Using 9 workers of 9 for evacuation
[25.685s][debug][gc,age         ] GC(1439) Desired survivor size 8945664 bytes, new threshold 6 (max threshold 6)
[25.685s][trace][gc,age         ] GC(1439) Age table with threshold 6 (max threshold 6)
[25.685s][trace][gc,age         ] GC(1439) - age   1:        192 bytes,        192 total
[25.685s][info ][gc,heap        ] GC(1439) ParNew: 139800K->6K(157376K)
[25.685s][info ][gc,heap        ] GC(1439) CMS: 3754K->3754K(349568K)
[25.685s][info ][gc,metaspace   ] GC(1439) Metaspace: 16025K(16640K)->16025K(16640K) NonClass: 14284K(14592K)->14284K(14592K) Class: 1740K(2048K)->1740K(2048K)
[25.685s][info ][gc             ] GC(1439) Pause Young (Allocation Failure) 140M->3M(495M) 0.420ms
[25.685s][info ][gc,cpu         ] GC(1439) User=0.00s Sys=0.00s Real=0.00s
[25.694s][info ][gc,start       ] GC(1440) Pause Young (Allocation Failure)
[25.695s][info ][gc,task        ] GC(1440) Using 9 workers of 9 for evacuation
[25.695s][debug][gc,age         ] GC(1440) Desired survivor size 8945664 bytes, new threshold 6 (max threshold 6)
[25.695s][trace][gc,age         ] GC(1440) Age table with threshold 6 (max threshold 6)
[25.695s][trace][gc,age         ] GC(1440) - age   1:     400208 bytes,     400208 total
[25.695s][info ][gc,heap        ] GC(1440) ParNew: 139577K->396K(157376K)
[25.695s][info ][gc,heap        ] GC(1440) CMS: 3754K->3754K(349568K)
[25.695s][info ][gc,metaspace   ] GC(1440) Metaspace: 16025K(16640K)->16025K(16640K) NonClass: 14284K(14592K)->14284K(14592K) Class: 1740K(2048K)->1740K(2048K)
[25.695s][info ][gc             ] GC(1440) Pause Young (Allocation Failure) 139M->4M(495M) 0.512ms
[25.695s][info ][gc,cpu         ] GC(1440) User=0.00s Sys=0.00s Real=0.00s
[25.705s][info ][gc,start       ] GC(1441) Pause Young (Allocation Failure)
[25.705s][info ][gc,task        ] GC(1441) Using 9 workers of 9 for evacuation
[25.705s][debug][gc,age         ] GC(1441) Desired survivor size 8945664 bytes, new threshold 6 (max threshold 6)
[25.705s][trace][gc,age         ] GC(1441) Age table with threshold 6 (max threshold 6)
[25.705s][trace][gc,age         ] GC(1441) - age   1:        192 bytes,        192 total
[25.705s][info ][gc,heap        ] GC(1441) ParNew: 140257K->8K(157376K)
[25.705s][info ][gc,heap        ] GC(1441) CMS: 3754K->3754K(349568K)
[25.705s][info ][gc,metaspace   ] GC(1441) Metaspace: 16025K(16640K)->16025K(16640K) NonClass: 14284K(14592K)->14284K(14592K) Class: 1740K(2048K)->1740K(2048K)
[25.705s][info ][gc             ] GC(1441) Pause Young (Allocation Failure) 140M->3M(495M) 0.429ms
[25.705s][info ][gc,cpu         ] GC(1441) User=0.00s Sys=0.00s Real=0.00s
[25.714s][info ][gc,start       ] GC(1442) Pause Young (Allocation Failure)
[25.714s][info ][gc,task        ] GC(1442) Using 9 workers of 9 for evacuation
[25.715s][debug][gc,age         ] GC(1442) Desired survivor size 8945664 bytes, new threshold 6 (max threshold 6)
[25.715s][trace][gc,age         ] GC(1442) Age table with threshold 6 (max threshold 6)
[25.715s][trace][gc,age         ] GC(1442) - age   1:     400208 bytes,     400208 total
[25.715s][info ][gc,heap        ] GC(1442) ParNew: 139732K->396K(157376K)
[25.715s][info ][gc,heap        ] GC(1442) CMS: 3754K->3754K(349568K)
[25.715s][info ][gc,metaspace   ] GC(1442) Metaspace: 16025K(16640K)->16025K(16640K) NonClass: 14284K(14592K)->14284K(14592K) Class: 1740K(2048K)->1740K(2048K)
[25.715s][info ][gc             ] GC(1442) Pause Young (Allocation Failure) 140M->4M(495M) 0.417ms
[25.715s][info ][gc,cpu         ] GC(1442) User=0.00s Sys=0.00s Real=0.00s
[25.724s][info ][gc,start       ] GC(1443) Pause Young (Allocation Failure)
[25.724s][info ][gc,task        ] GC(1443) Using 9 workers of 9 for evacuation
[25.725s][debug][gc,age         ] GC(1443) Desired survivor size 8945664 bytes, new threshold 6 (max threshold 6)
[25.725s][trace][gc,age         ] GC(1443) Age table with threshold 6 (max threshold 6)
[25.725s][trace][gc,age         ] GC(1443) - age   1:        192 bytes,        192 total
[25.725s][info ][gc,heap        ] GC(1443) ParNew: 140040K->8K(157376K)
[25.725s][info ][gc,heap        ] GC(1443) CMS: 3754K->3754K(349568K)
[25.725s][info ][gc,metaspace   ] GC(1443) Metaspace: 16025K(16640K)->16025K(16640K) NonClass: 14284K(14592K)->14284K(14592K) Class: 1740K(2048K)->1740K(2048K)
[25.725s][info ][gc             ] GC(1443) Pause Young (Allocation Failure) 140M->3M(495M) 0.378ms
[25.725s][info ][gc,cpu         ] GC(1443) User=0.00s Sys=0.00s Real=0.00s
[25.734s][info ][gc,start       ] GC(1444) Pause Young (Allocation Failure)
[25.734s][info ][gc,task        ] GC(1444) Using 9 workers of 9 for evacuation
[25.735s][debug][gc,age         ] GC(1444) Desired survivor size 8945664 bytes, new threshold 6 (max threshold 6)
[25.735s][trace][gc,age         ] GC(1444) Age table with threshold 6 (max threshold 6)
[25.735s][trace][gc,age         ] GC(1444) - age   1:     400208 bytes,     400208 total
[25.735s][info ][gc,heap        ] GC(1444) ParNew: 139743K->396K(157376K)
[25.735s][info ][gc,heap        ] GC(1444) CMS: 3754K->3754K(349568K)
[25.735s][info ][gc,metaspace   ] GC(1444) Metaspace: 16025K(16640K)->16025K(16640K) NonClass: 14284K(14592K)->14284K(14592K) Class: 1740K(2048K)->1740K(2048K)
[25.735s][info ][gc             ] GC(1444) Pause Young (Allocation Failure) 140M->4M(495M) 0.462ms
[25.735s][info ][gc,cpu         ] GC(1444) User=0.00s Sys=0.00s Real=0.00s
[25.744s][info ][gc,start       ] GC(1445) Pause Young (Allocation Failure)
[25.744s][info ][gc,task        ] GC(1445) Using 9 workers of 9 for evacuation
[25.745s][debug][gc,age         ] GC(1445) Desired survivor size 8945664 bytes, new threshold 6 (max threshold 6)
[25.745s][trace][gc,age         ] GC(1445) Age table with threshold 6 (max threshold 6)
[25.745s][trace][gc,age         ] GC(1445) - age   1:     400208 bytes,     400208 total
[25.745s][info ][gc,heap        ] GC(1445) ParNew: 140290K->396K(157376K)
[25.745s][info ][gc,heap        ] GC(1445) CMS: 3754K->3754K(349568K)
[25.745s][info ][gc,metaspace   ] GC(1445) Metaspace: 16025K(16640K)->16025K(16640K) NonClass: 14284K(14592K)->14284K(14592K) Class: 1740K(2048K)->1740K(2048K)
[25.745s][info ][gc             ] GC(1445) Pause Young (Allocation Failure) 140M->4M(495M) 0.512ms
[25.745s][info ][gc,cpu         ] GC(1445) User=0.00s Sys=0.00s Real=0.00s
[25.754s][info ][gc,start       ] GC(1446) Pause Young (Allocation Failure)
[25.754s][info ][gc,task        ] GC(1446) Using 9 workers of 9 for evacuation
[25.755s][debug][gc,age         ] GC(1446) Desired survivor size 8945664 bytes, new threshold 6 (max threshold 6)
[25.755s][trace][gc,age         ] GC(1446) Age table with threshold 6 (max threshold 6)
[25.755s][trace][gc,age         ] GC(1446) - age   1:        192 bytes,        192 total
[25.755s][info ][gc,heap        ] GC(1446) ParNew: 140061K->8K(157376K)
[25.755s][info ][gc,heap        ] GC(1446) CMS: 3754K->3754K(349568K)
[25.755s][info ][gc,metaspace   ] GC(1446) Metaspace: 16025K(16640K)->16025K(16640K) NonClass: 14284K(14592K)->14284K(14592K) Class: 1740K(2048K)->1740K(2048K)
[25.755s][info ][gc             ] GC(1446) Pause Young (Allocation Failure) 140M->3M(495M) 0.365ms
[25.755s][info ][gc,cpu         ] GC(1446) User=0.00s Sys=0.00s Real=0.00s
[25.764s][info ][gc,start       ] GC(1447) Pause Young (Allocation Failure)
[25.764s][info ][gc,task        ] GC(1447) Using 9 workers of 9 for evacuation
[25.764s][debug][gc,age         ] GC(1447) Desired survivor size 8945664 bytes, new threshold 6 (max threshold 6)
[25.764s][trace][gc,age         ] GC(1447) Age table with threshold 6 (max threshold 6)
[25.764s][trace][gc,age         ] GC(1447) - age   1:     400208 bytes,     400208 total
[25.764s][info ][gc,heap        ] GC(1447) ParNew: 139593K->398K(157376K)
[25.764s][info ][gc,heap        ] GC(1447) CMS: 3754K->3754K(349568K)
[25.764s][info ][gc,metaspace   ] GC(1447) Metaspace: 16025K(16640K)->16025K(16640K) NonClass: 14284K(14592K)->14284K(14592K) Class: 1740K(2048K)->1740K(2048K)
[25.764s][info ][gc             ] GC(1447) Pause Young (Allocation Failure) 139M->4M(495M) 0.354ms
[25.764s][info ][gc,cpu         ] GC(1447) User=0.00s Sys=0.00s Real=0.00s
[25.774s][info ][gc,start       ] GC(1448) Pause Young (Allocation Failure)
[25.774s][info ][gc,task        ] GC(1448) Using 9 workers of 9 for evacuation
[25.774s][debug][gc,age         ] GC(1448) Desired survivor size 8945664 bytes, new threshold 6 (max threshold 6)
[25.774s][trace][gc,age         ] GC(1448) Age table with threshold 6 (max threshold 6)
[25.774s][trace][gc,age         ] GC(1448) - age   1:        192 bytes,        192 total
[25.774s][info ][gc,heap        ] GC(1448) ParNew: 140133K->8K(157376K)
[25.774s][info ][gc,heap        ] GC(1448) CMS: 3754K->3754K(349568K)
[25.774s][info ][gc,metaspace   ] GC(1448) Metaspace: 16025K(16640K)->16025K(16640K) NonClass: 14284K(14592K)->14284K(14592K) Class: 1740K(2048K)->1740K(2048K)
[25.774s][info ][gc             ] GC(1448) Pause Young (Allocation Failure) 140M->3M(495M) 0.449ms
[25.774s][info ][gc,cpu         ] GC(1448) User=0.00s Sys=0.00s Real=0.00s
[25.784s][info ][gc,start       ] GC(1449) Pause Young (Allocation Failure)
[25.784s][info ][gc,task        ] GC(1449) Using 9 workers of 9 for evacuation
[25.784s][debug][gc,age         ] GC(1449) Desired survivor size 8945664 bytes, new threshold 6 (max threshold 6)
[25.784s][trace][gc,age         ] GC(1449) Age table with threshold 6 (max threshold 6)
[25.784s][trace][gc,age         ] GC(1449) - age   1:        192 bytes,        192 total
[25.784s][info ][gc,heap        ] GC(1449) ParNew: 139684K->6K(157376K)
[25.784s][info ][gc,heap        ] GC(1449) CMS: 3754K->3754K(349568K)
[25.784s][info ][gc,metaspace   ] GC(1449) Metaspace: 16025K(16640K)->16025K(16640K) NonClass: 14284K(14592K)->14284K(14592K) Class: 1740K(2048K)->1740K(2048K)
[25.784s][info ][gc             ] GC(1449) Pause Young (Allocation Failure) 140M->3M(495M) 0.433ms
[25.784s][info ][gc,cpu         ] GC(1449) User=0.01s Sys=0.00s Real=0.00s
[25.794s][info ][gc,start       ] GC(1450) Pause Young (Allocation Failure)
[25.794s][info ][gc,task        ] GC(1450) Using 9 workers of 9 for evacuation
[25.794s][debug][gc,age         ] GC(1450) Desired survivor size 8945664 bytes, new threshold 6 (max threshold 6)
[25.794s][trace][gc,age         ] GC(1450) Age table with threshold 6 (max threshold 6)
[25.794s][trace][gc,age         ] GC(1450) - age   1:        192 bytes,        192 total
[25.794s][info ][gc,heap        ] GC(1450) ParNew: 139739K->4K(157376K)
[25.794s][info ][gc,heap        ] GC(1450) CMS: 3754K->3754K(349568K)
[25.794s][info ][gc,metaspace   ] GC(1450) Metaspace: 16025K(16640K)->16025K(16640K) NonClass: 14284K(14592K)->14284K(14592K) Class: 1740K(2048K)->1740K(2048K)
[25.794s][info ][gc             ] GC(1450) Pause Young (Allocation Failure) 140M->3M(495M) 0.466ms
[25.794s][info ][gc,cpu         ] GC(1450) User=0.01s Sys=0.00s Real=0.00s
[25.804s][info ][gc,start       ] GC(1451) Pause Young (Allocation Failure)
[25.804s][info ][gc,task        ] GC(1451) Using 9 workers of 9 for evacuation
[25.804s][debug][gc,age         ] GC(1451) Desired survivor size 8945664 bytes, new threshold 6 (max threshold 6)
[25.804s][trace][gc,age         ] GC(1451) Age table with threshold 6 (max threshold 6)
[25.804s][trace][gc,age         ] GC(1451) - age   1:     400208 bytes,     400208 total
[25.804s][info ][gc,heap        ] GC(1451) ParNew: 139603K->398K(157376K)
[25.804s][info ][gc,heap        ] GC(1451) CMS: 3754K->3754K(349568K)
[25.804s][info ][gc,metaspace   ] GC(1451) Metaspace: 16025K(16640K)->16025K(16640K) NonClass: 14284K(14592K)->14284K(14592K) Class: 1740K(2048K)->1740K(2048K)
[25.804s][info ][gc             ] GC(1451) Pause Young (Allocation Failure) 139M->4M(495M) 0.394ms
[25.804s][info ][gc,cpu         ] GC(1451) User=0.01s Sys=0.00s Real=0.00s
[25.814s][info ][gc,start       ] GC(1452) Pause Young (Allocation Failure)
[25.814s][info ][gc,task        ] GC(1452) Using 9 workers of 9 for evacuation
[25.814s][debug][gc,age         ] GC(1452) Desired survivor size 8945664 bytes, new threshold 6 (max threshold 6)
[25.814s][trace][gc,age         ] GC(1452) Age table with threshold 6 (max threshold 6)
[25.814s][trace][gc,age         ] GC(1452) - age   1:        192 bytes,        192 total
[25.814s][info ][gc,heap        ] GC(1452) ParNew: 140219K->6K(157376K)
[25.814s][info ][gc,heap        ] GC(1452) CMS: 3754K->3754K(349568K)
[25.814s][info ][gc,metaspace   ] GC(1452) Metaspace: 16025K(16640K)->16025K(16640K) NonClass: 14284K(14592K)->14284K(14592K) Class: 1740K(2048K)->1740K(2048K)
[25.814s][info ][gc             ] GC(1452) Pause Young (Allocation Failure) 140M->3M(495M) 0.456ms
[25.814s][info ][gc,cpu         ] GC(1452) User=0.00s Sys=0.00s Real=0.00s
[25.824s][info ][gc,start       ] GC(1453) Pause Young (Allocation Failure)
[25.824s][info ][gc,task        ] GC(1453) Using 9 workers of 9 for evacuation
[25.824s][debug][gc,age         ] GC(1453) Desired survivor size 8945664 bytes, new threshold 6 (max threshold 6)
[25.824s][trace][gc,age         ] GC(1453) Age table with threshold 6 (max threshold 6)
[25.824s][trace][gc,age         ] GC(1453) - age   1:        192 bytes,        192 total
[25.824s][info ][gc,heap        ] GC(1453) ParNew: 139800K->8K(157376K)
[25.824s][info ][gc,heap        ] GC(1453) CMS: 3754K->3754K(349568K)
[25.824s][info ][gc,metaspace   ] GC(1453) Metaspace: 16025K(16640K)->16025K(16640K) NonClass: 14284K(14592K)->14284K(14592K) Class: 1740K(2048K)->1740K(2048K)
[25.824s][info ][gc             ] GC(1453) Pause Young (Allocation Failure) 140M->3M(495M) 0.433ms
[25.824s][info ][gc,cpu         ] GC(1453) User=0.00s Sys=0.00s Real=0.00s
[25.834s][info ][gc,start       ] GC(1454) Pause Young (Allocation Failure)
[25.834s][info ][gc,task        ] GC(1454) Using 9 workers of 9 for evacuation
[25.834s][debug][gc,age         ] GC(1454) Desired survivor size 8945664 bytes, new threshold 6 (max threshold 6)
[25.834s][trace][gc,age         ] GC(1454) Age table with threshold 6 (max threshold 6)
[25.834s][trace][gc,age         ] GC(1454) - age   1:        192 bytes,        192 total
[25.834s][info ][gc,heap        ] GC(1454) ParNew: 139569K->6K(157376K)
[25.834s][info ][gc,heap        ] GC(1454) CMS: 3754K->3754K(349568K)
[25.834s][info ][gc,metaspace   ] GC(1454) Metaspace: 16025K(16640K)->16025K(16640K) NonClass: 14284K(14592K)->14284K(14592K) Class: 1740K(2048K)->1740K(2048K)
[25.834s][info ][gc             ] GC(1454) Pause Young (Allocation Failure) 139M->3M(495M) 0.471ms
[25.834s][info ][gc,cpu         ] GC(1454) User=0.00s Sys=0.00s Real=0.00s
[25.844s][info ][gc,start       ] GC(1455) Pause Young (Allocation Failure)
[25.844s][info ][gc,task        ] GC(1455) Using 9 workers of 9 for evacuation
[25.844s][debug][gc,age         ] GC(1455) Desired survivor size 8945664 bytes, new threshold 6 (max threshold 6)
[25.844s][trace][gc,age         ] GC(1455) Age table with threshold 6 (max threshold 6)
[25.844s][trace][gc,age         ] GC(1455) - age   1:     400208 bytes,     400208 total
[25.844s][info ][gc,heap        ] GC(1455) ParNew: 139575K->396K(157376K)
[25.844s][info ][gc,heap        ] GC(1455) CMS: 3754K->3754K(349568K)
[25.844s][info ][gc,metaspace   ] GC(1455) Metaspace: 16025K(16640K)->16025K(16640K) NonClass: 14284K(14592K)->14284K(14592K) Class: 1740K(2048K)->1740K(2048K)
[25.844s][info ][gc             ] GC(1455) Pause Young (Allocation Failure) 139M->4M(495M) 0.314ms
[25.844s][info ][gc,cpu         ] GC(1455) User=0.00s Sys=0.00s Real=0.00s
[25.853s][info ][gc,start       ] GC(1456) Pause Young (Allocation Failure)
[25.853s][info ][gc,task        ] GC(1456) Using 9 workers of 9 for evacuation
[25.854s][debug][gc,age         ] GC(1456) Desired survivor size 8945664 bytes, new threshold 6 (max threshold 6)
[25.854s][trace][gc,age         ] GC(1456) Age table with threshold 6 (max threshold 6)
[25.854s][trace][gc,age         ] GC(1456) - age   1:     400208 bytes,     400208 total
[25.854s][info ][gc,heap        ] GC(1456) ParNew: 139937K->396K(157376K)
[25.854s][info ][gc,heap        ] GC(1456) CMS: 3754K->3754K(349568K)
[25.854s][info ][gc,metaspace   ] GC(1456) Metaspace: 16025K(16640K)->16025K(16640K) NonClass: 14284K(14592K)->14284K(14592K) Class: 1740K(2048K)->1740K(2048K)
[25.854s][info ][gc             ] GC(1456) Pause Young (Allocation Failure) 140M->4M(495M) 0.419ms
[25.854s][info ][gc,cpu         ] GC(1456) User=0.00s Sys=0.00s Real=0.00s
[25.863s][info ][gc,start       ] GC(1457) Pause Young (Allocation Failure)
[25.863s][info ][gc,task        ] GC(1457) Using 9 workers of 9 for evacuation
[25.864s][debug][gc,age         ] GC(1457) Desired survivor size 8945664 bytes, new threshold 6 (max threshold 6)
[25.864s][trace][gc,age         ] GC(1457) Age table with threshold 6 (max threshold 6)
[25.864s][trace][gc,age         ] GC(1457) - age   1:        192 bytes,        192 total
[25.864s][info ][gc,heap        ] GC(1457) ParNew: 140078K->6K(157376K)
[25.864s][info ][gc,heap        ] GC(1457) CMS: 3754K->3754K(349568K)
[25.864s][info ][gc,metaspace   ] GC(1457) Metaspace: 16025K(16640K)->16025K(16640K) NonClass: 14284K(14592K)->14284K(14592K) Class: 1740K(2048K)->1740K(2048K)
[25.864s][info ][gc             ] GC(1457) Pause Young (Allocation Failure) 140M->3M(495M) 0.426ms
[25.864s][info ][gc,cpu         ] GC(1457) User=0.00s Sys=0.00s Real=0.00s
[25.873s][info ][gc,start       ] GC(1458) Pause Young (Allocation Failure)
[25.873s][info ][gc,task        ] GC(1458) Using 9 workers of 9 for evacuation
[25.874s][debug][gc,age         ] GC(1458) Desired survivor size 8945664 bytes, new threshold 6 (max threshold 6)
[25.874s][trace][gc,age         ] GC(1458) Age table with threshold 6 (max threshold 6)
[25.874s][trace][gc,age         ] GC(1458) - age   1:     400208 bytes,     400208 total
[25.874s][info ][gc,heap        ] GC(1458) ParNew: 139524K->396K(157376K)
[25.874s][info ][gc,heap        ] GC(1458) CMS: 3754K->3754K(349568K)
[25.874s][info ][gc,metaspace   ] GC(1458) Metaspace: 16025K(16640K)->16025K(16640K) NonClass: 14284K(14592K)->14284K(14592K) Class: 1740K(2048K)->1740K(2048K)
[25.874s][info ][gc             ] GC(1458) Pause Young (Allocation Failure) 139M->4M(495M) 0.351ms
[25.874s][info ][gc,cpu         ] GC(1458) User=0.00s Sys=0.00s Real=0.00s
[25.883s][info ][gc,start       ] GC(1459) Pause Young (Allocation Failure)
[25.883s][info ][gc,task        ] GC(1459) Using 9 workers of 9 for evacuation
[25.884s][debug][gc,age         ] GC(1459) Desired survivor size 8945664 bytes, new threshold 6 (max threshold 6)
[25.884s][trace][gc,age         ] GC(1459) Age table with threshold 6 (max threshold 6)
[25.884s][trace][gc,age         ] GC(1459) - age   1:        192 bytes,        192 total
[25.884s][info ][gc,heap        ] GC(1459) ParNew: 140104K->8K(157376K)
[25.884s][info ][gc,heap        ] GC(1459) CMS: 3754K->3754K(349568K)
[25.884s][info ][gc,metaspace   ] GC(1459) Metaspace: 16025K(16640K)->16025K(16640K) NonClass: 14284K(14592K)->14284K(14592K) Class: 1740K(2048K)->1740K(2048K)
[25.884s][info ][gc             ] GC(1459) Pause Young (Allocation Failure) 140M->3M(495M) 0.462ms
[25.884s][info ][gc,cpu         ] GC(1459) User=0.00s Sys=0.00s Real=0.00s
[25.893s][info ][gc,start       ] GC(1460) Pause Young (Allocation Failure)
[25.893s][info ][gc,task        ] GC(1460) Using 9 workers of 9 for evacuation
[25.893s][debug][gc,age         ] GC(1460) Desired survivor size 8945664 bytes, new threshold 6 (max threshold 6)
[25.893s][trace][gc,age         ] GC(1460) Age table with threshold 6 (max threshold 6)
[25.893s][trace][gc,age         ] GC(1460) - age   1:     400208 bytes,     400208 total
[25.893s][info ][gc,heap        ] GC(1460) ParNew: 139782K->396K(157376K)
[25.893s][info ][gc,heap        ] GC(1460) CMS: 3754K->3754K(349568K)
[25.893s][info ][gc,metaspace   ] GC(1460) Metaspace: 16025K(16640K)->16025K(16640K) NonClass: 14284K(14592K)->14284K(14592K) Class: 1740K(2048K)->1740K(2048K)
[25.893s][info ][gc             ] GC(1460) Pause Young (Allocation Failure) 140M->4M(495M) 0.331ms
[25.893s][info ][gc,cpu         ] GC(1460) User=0.00s Sys=0.00s Real=0.00s
[25.903s][info ][gc,start       ] GC(1461) Pause Young (Allocation Failure)
[25.903s][info ][gc,task        ] GC(1461) Using 9 workers of 9 for evacuation
[25.903s][debug][gc,age         ] GC(1461) Desired survivor size 8945664 bytes, new threshold 6 (max threshold 6)
[25.903s][trace][gc,age         ] GC(1461) Age table with threshold 6 (max threshold 6)
[25.903s][trace][gc,age         ] GC(1461) - age   1:     400208 bytes,     400208 total
[25.903s][info ][gc,heap        ] GC(1461) ParNew: 139978K->396K(157376K)
[25.903s][info ][gc,heap        ] GC(1461) CMS: 3754K->3754K(349568K)
[25.903s][info ][gc,metaspace   ] GC(1461) Metaspace: 16025K(16640K)->16025K(16640K) NonClass: 14284K(14592K)->14284K(14592K) Class: 1740K(2048K)->1740K(2048K)
[25.903s][info ][gc             ] GC(1461) Pause Young (Allocation Failure) 140M->4M(495M) 0.435ms
[25.903s][info ][gc,cpu         ] GC(1461) User=0.00s Sys=0.00s Real=0.00s
[25.913s][info ][gc,start       ] GC(1462) Pause Young (Allocation Failure)
[25.913s][info ][gc,task        ] GC(1462) Using 9 workers of 9 for evacuation
[25.913s][debug][gc,age         ] GC(1462) Desired survivor size 8945664 bytes, new threshold 6 (max threshold 6)
[25.913s][trace][gc,age         ] GC(1462) Age table with threshold 6 (max threshold 6)
[25.913s][trace][gc,age         ] GC(1462) - age   1:     400208 bytes,     400208 total
[25.913s][info ][gc,heap        ] GC(1462) ParNew: 140079K->396K(157376K)
[25.913s][info ][gc,heap        ] GC(1462) CMS: 3754K->3754K(349568K)
[25.913s][info ][gc,metaspace   ] GC(1462) Metaspace: 16025K(16640K)->16025K(16640K) NonClass: 14284K(14592K)->14284K(14592K) Class: 1740K(2048K)->1740K(2048K)
[25.913s][info ][gc             ] GC(1462) Pause Young (Allocation Failure) 140M->4M(495M) 0.437ms
[25.913s][info ][gc,cpu         ] GC(1462) User=0.00s Sys=0.00s Real=0.00s
[25.923s][info ][gc,start       ] GC(1463) Pause Young (Allocation Failure)
[25.923s][info ][gc,task        ] GC(1463) Using 9 workers of 9 for evacuation
[25.923s][debug][gc,age         ] GC(1463) Desired survivor size 8945664 bytes, new threshold 6 (max threshold 6)
[25.923s][trace][gc,age         ] GC(1463) Age table with threshold 6 (max threshold 6)
[25.923s][trace][gc,age         ] GC(1463) - age   1:     400208 bytes,     400208 total
[25.923s][info ][gc,heap        ] GC(1463) ParNew: 140188K->394K(157376K)
[25.923s][info ][gc,heap        ] GC(1463) CMS: 3754K->3754K(349568K)
[25.923s][info ][gc,metaspace   ] GC(1463) Metaspace: 16025K(16640K)->16025K(16640K) NonClass: 14284K(14592K)->14284K(14592K) Class: 1740K(2048K)->1740K(2048K)
[25.923s][info ][gc             ] GC(1463) Pause Young (Allocation Failure) 140M->4M(495M) 0.470ms
[25.923s][info ][gc,cpu         ] GC(1463) User=0.00s Sys=0.00s Real=0.00s
[25.933s][info ][gc,start       ] GC(1464) Pause Young (Allocation Failure)
[25.933s][info ][gc,task        ] GC(1464) Using 9 workers of 9 for evacuation
[25.933s][debug][gc,age         ] GC(1464) Desired survivor size 8945664 bytes, new threshold 6 (max threshold 6)
[25.933s][trace][gc,age         ] GC(1464) Age table with threshold 6 (max threshold 6)
[25.933s][trace][gc,age         ] GC(1464) - age   1:     400208 bytes,     400208 total
[25.933s][info ][gc,heap        ] GC(1464) ParNew: 139983K->398K(157376K)
[25.933s][info ][gc,heap        ] GC(1464) CMS: 3754K->3754K(349568K)
[25.933s][info ][gc,metaspace   ] GC(1464) Metaspace: 16025K(16640K)->16025K(16640K) NonClass: 14284K(14592K)->14284K(14592K) Class: 1740K(2048K)->1740K(2048K)
[25.933s][info ][gc             ] GC(1464) Pause Young (Allocation Failure) 140M->4M(495M) 0.417ms
[25.933s][info ][gc,cpu         ] GC(1464) User=0.00s Sys=0.00s Real=0.00s
[25.943s][info ][gc,start       ] GC(1465) Pause Young (Allocation Failure)
[25.943s][info ][gc,task        ] GC(1465) Using 9 workers of 9 for evacuation
[25.943s][debug][gc,age         ] GC(1465) Desired survivor size 8945664 bytes, new threshold 6 (max threshold 6)
[25.943s][trace][gc,age         ] GC(1465) Age table with threshold 6 (max threshold 6)
[25.943s][trace][gc,age         ] GC(1465) - age   1:        192 bytes,        192 total
[25.943s][info ][gc,heap        ] GC(1465) ParNew: 140226K->4K(157376K)
[25.943s][info ][gc,heap        ] GC(1465) CMS: 3754K->3754K(349568K)
[25.943s][info ][gc,metaspace   ] GC(1465) Metaspace: 16025K(16640K)->16025K(16640K) NonClass: 14284K(14592K)->14284K(14592K) Class: 1740K(2048K)->1740K(2048K)
[25.943s][info ][gc             ] GC(1465) Pause Young (Allocation Failure) 140M->3M(495M) 0.394ms
[25.943s][info ][gc,cpu         ] GC(1465) User=0.00s Sys=0.01s Real=0.00s
[25.953s][info ][gc,start       ] GC(1466) Pause Young (Allocation Failure)
[25.953s][info ][gc,task        ] GC(1466) Using 9 workers of 9 for evacuation
[25.953s][debug][gc,age         ] GC(1466) Desired survivor size 8945664 bytes, new threshold 6 (max threshold 6)
[25.953s][trace][gc,age         ] GC(1466) Age table with threshold 6 (max threshold 6)
[25.953s][trace][gc,age         ] GC(1466) - age   1:        192 bytes,        192 total
[25.953s][info ][gc,heap        ] GC(1466) ParNew: 139517K->8K(157376K)
[25.953s][info ][gc,heap        ] GC(1466) CMS: 3754K->3754K(349568K)
[25.953s][info ][gc,metaspace   ] GC(1466) Metaspace: 16025K(16640K)->16025K(16640K) NonClass: 14284K(14592K)->14284K(14592K) Class: 1740K(2048K)->1740K(2048K)
[25.953s][info ][gc             ] GC(1466) Pause Young (Allocation Failure) 139M->3M(495M) 0.412ms
[25.953s][info ][gc,cpu         ] GC(1466) User=0.01s Sys=0.00s Real=0.00s
[25.962s][info ][gc,start       ] GC(1467) Pause Young (Allocation Failure)
[25.963s][info ][gc,task        ] GC(1467) Using 9 workers of 9 for evacuation
[25.963s][debug][gc,age         ] GC(1467) Desired survivor size 8945664 bytes, new threshold 6 (max threshold 6)
[25.963s][trace][gc,age         ] GC(1467) Age table with threshold 6 (max threshold 6)
[25.963s][trace][gc,age         ] GC(1467) - age   1:     400208 bytes,     400208 total
[25.963s][info ][gc,heap        ] GC(1467) ParNew: 139716K->398K(157376K)
[25.963s][info ][gc,heap        ] GC(1467) CMS: 3754K->3754K(349568K)
[25.963s][info ][gc,metaspace   ] GC(1467) Metaspace: 16025K(16640K)->16025K(16640K) NonClass: 14284K(14592K)->14284K(14592K) Class: 1740K(2048K)->1740K(2048K)
[25.963s][info ][gc             ] GC(1467) Pause Young (Allocation Failure) 140M->4M(495M) 0.527ms
[25.963s][info ][gc,cpu         ] GC(1467) User=0.01s Sys=0.00s Real=0.00s
[25.972s][info ][gc,start       ] GC(1468) Pause Young (Allocation Failure)
[25.973s][info ][gc,task        ] GC(1468) Using 9 workers of 9 for evacuation
[25.973s][debug][gc,age         ] GC(1468) Desired survivor size 8945664 bytes, new threshold 6 (max threshold 6)
[25.973s][trace][gc,age         ] GC(1468) Age table with threshold 6 (max threshold 6)
[25.973s][trace][gc,age         ] GC(1468) - age   1:        192 bytes,        192 total
[25.973s][info ][gc,heap        ] GC(1468) ParNew: 139970K->6K(157376K)
[25.973s][info ][gc,heap        ] GC(1468) CMS: 3754K->3754K(349568K)
[25.973s][info ][gc,metaspace   ] GC(1468) Metaspace: 16025K(16640K)->16025K(16640K) NonClass: 14284K(14592K)->14284K(14592K) Class: 1740K(2048K)->1740K(2048K)
[25.973s][info ][gc             ] GC(1468) Pause Young (Allocation Failure) 140M->3M(495M) 0.401ms
[25.973s][info ][gc,cpu         ] GC(1468) User=0.01s Sys=0.00s Real=0.00s
[25.982s][info ][gc,start       ] GC(1469) Pause Young (Allocation Failure)
[25.982s][info ][gc,task        ] GC(1469) Using 9 workers of 9 for evacuation
[25.983s][debug][gc,age         ] GC(1469) Desired survivor size 8945664 bytes, new threshold 6 (max threshold 6)
[25.983s][trace][gc,age         ] GC(1469) Age table with threshold 6 (max threshold 6)
[25.983s][trace][gc,age         ] GC(1469) - age   1:     400208 bytes,     400208 total
[25.983s][info ][gc,heap        ] GC(1469) ParNew: 139809K->398K(157376K)
[25.983s][info ][gc,heap        ] GC(1469) CMS: 3754K->3754K(349568K)
[25.983s][info ][gc,metaspace   ] GC(1469) Metaspace: 16025K(16640K)->16025K(16640K) NonClass: 14284K(14592K)->14284K(14592K) Class: 1740K(2048K)->1740K(2048K)
[25.983s][info ][gc             ] GC(1469) Pause Young (Allocation Failure) 140M->4M(495M) 0.335ms
[25.983s][info ][gc,cpu         ] GC(1469) User=0.00s Sys=0.00s Real=0.00s
[25.992s][info ][gc,start       ] GC(1470) Pause Young (Allocation Failure)
[25.992s][info ][gc,task        ] GC(1470) Using 9 workers of 9 for evacuation
[25.993s][debug][gc,age         ] GC(1470) Desired survivor size 8945664 bytes, new threshold 6 (max threshold 6)
[25.993s][trace][gc,age         ] GC(1470) Age table with threshold 6 (max threshold 6)
[25.993s][trace][gc,age         ] GC(1470) - age   1:        192 bytes,        192 total
[25.993s][info ][gc,heap        ] GC(1470) ParNew: 140254K->8K(157376K)
[25.993s][info ][gc,heap        ] GC(1470) CMS: 3754K->3754K(349568K)
[25.993s][info ][gc,metaspace   ] GC(1470) Metaspace: 16025K(16640K)->16025K(16640K) NonClass: 14284K(14592K)->14284K(14592K) Class: 1740K(2048K)->1740K(2048K)
[25.993s][info ][gc             ] GC(1470) Pause Young (Allocation Failure) 140M->3M(495M) 0.417ms
[25.993s][info ][gc,cpu         ] GC(1470) User=0.00s Sys=0.00s Real=0.00s
[26.002s][info ][gc,start       ] GC(1471) Pause Young (Allocation Failure)
[26.002s][info ][gc,task        ] GC(1471) Using 9 workers of 9 for evacuation
[26.002s][debug][gc,age         ] GC(1471) Desired survivor size 8945664 bytes, new threshold 6 (max threshold 6)
[26.002s][trace][gc,age         ] GC(1471) Age table with threshold 6 (max threshold 6)
[26.002s][trace][gc,age         ] GC(1471) - age   1:     400208 bytes,     400208 total
[26.002s][info ][gc,heap        ] GC(1471) ParNew: 139666K->398K(157376K)
[26.002s][info ][gc,heap        ] GC(1471) CMS: 3754K->3754K(349568K)
[26.003s][info ][gc,metaspace   ] GC(1471) Metaspace: 16025K(16640K)->16025K(16640K) NonClass: 14284K(14592K)->14284K(14592K) Class: 1740K(2048K)->1740K(2048K)
[26.003s][info ][gc             ] GC(1471) Pause Young (Allocation Failure) 140M->4M(495M) 0.443ms
[26.003s][info ][gc,cpu         ] GC(1471) User=0.00s Sys=0.00s Real=0.00s
[26.012s][info ][gc,start       ] GC(1472) Pause Young (Allocation Failure)
[26.012s][info ][gc,task        ] GC(1472) Using 9 workers of 9 for evacuation
[26.012s][debug][gc,age         ] GC(1472) Desired survivor size 8945664 bytes, new threshold 6 (max threshold 6)
[26.012s][trace][gc,age         ] GC(1472) Age table with threshold 6 (max threshold 6)
[26.012s][trace][gc,age         ] GC(1472) - age   1:     400208 bytes,     400208 total
[26.012s][info ][gc,heap        ] GC(1472) ParNew: 139963K->398K(157376K)
[26.012s][info ][gc,heap        ] GC(1472) CMS: 3754K->3754K(349568K)
[26.012s][info ][gc,metaspace   ] GC(1472) Metaspace: 16025K(16640K)->16025K(16640K) NonClass: 14284K(14592K)->14284K(14592K) Class: 1740K(2048K)->1740K(2048K)
[26.012s][info ][gc             ] GC(1472) Pause Young (Allocation Failure) 140M->4M(495M) 0.399ms
[26.012s][info ][gc,cpu         ] GC(1472) User=0.00s Sys=0.00s Real=0.00s
[26.022s][info ][gc,start       ] GC(1473) Pause Young (Allocation Failure)
[26.022s][info ][gc,task        ] GC(1473) Using 9 workers of 9 for evacuation
[26.022s][debug][gc,age         ] GC(1473) Desired survivor size 8945664 bytes, new threshold 6 (max threshold 6)
[26.022s][trace][gc,age         ] GC(1473) Age table with threshold 6 (max threshold 6)
[26.022s][trace][gc,age         ] GC(1473) - age   1:        192 bytes,        192 total
[26.022s][info ][gc,heap        ] GC(1473) ParNew: 140087K->8K(157376K)
[26.022s][info ][gc,heap        ] GC(1473) CMS: 3754K->3754K(349568K)
[26.022s][info ][gc,metaspace   ] GC(1473) Metaspace: 16025K(16640K)->16025K(16640K) NonClass: 14284K(14592K)->14284K(14592K) Class: 1740K(2048K)->1740K(2048K)
[26.022s][info ][gc             ] GC(1473) Pause Young (Allocation Failure) 140M->3M(495M) 0.546ms
[26.022s][info ][gc,cpu         ] GC(1473) User=0.00s Sys=0.00s Real=0.00s
[26.032s][info ][gc,start       ] GC(1474) Pause Young (Allocation Failure)
[26.032s][info ][gc,task        ] GC(1474) Using 9 workers of 9 for evacuation
[26.032s][debug][gc,age         ] GC(1474) Desired survivor size 8945664 bytes, new threshold 6 (max threshold 6)
[26.032s][trace][gc,age         ] GC(1474) Age table with threshold 6 (max threshold 6)
[26.032s][trace][gc,age         ] GC(1474) - age   1:        192 bytes,        192 total
[26.032s][info ][gc,heap        ] GC(1474) ParNew: 139789K->6K(157376K)
[26.032s][info ][gc,heap        ] GC(1474) CMS: 3754K->3754K(349568K)
[26.032s][info ][gc,metaspace   ] GC(1474) Metaspace: 16025K(16640K)->16025K(16640K) NonClass: 14284K(14592K)->14284K(14592K) Class: 1740K(2048K)->1740K(2048K)
[26.032s][info ][gc             ] GC(1474) Pause Young (Allocation Failure) 140M->3M(495M) 0.418ms
[26.032s][info ][gc,cpu         ] GC(1474) User=0.00s Sys=0.00s Real=0.00s
[26.042s][info ][gc,start       ] GC(1475) Pause Young (Allocation Failure)
[26.042s][info ][gc,task        ] GC(1475) Using 9 workers of 9 for evacuation
[26.042s][debug][gc,age         ] GC(1475) Desired survivor size 8945664 bytes, new threshold 6 (max threshold 6)
[26.042s][trace][gc,age         ] GC(1475) Age table with threshold 6 (max threshold 6)
[26.042s][trace][gc,age         ] GC(1475) - age   1:        192 bytes,        192 total
[26.042s][info ][gc,heap        ] GC(1475) ParNew: 139626K->6K(157376K)
[26.042s][info ][gc,heap        ] GC(1475) CMS: 3754K->3754K(349568K)
[26.042s][info ][gc,metaspace   ] GC(1475) Metaspace: 16025K(16640K)->16025K(16640K) NonClass: 14284K(14592K)->14284K(14592K) Class: 1740K(2048K)->1740K(2048K)
[26.042s][info ][gc             ] GC(1475) Pause Young (Allocation Failure) 140M->3M(495M) 0.370ms
[26.042s][info ][gc,cpu         ] GC(1475) User=0.00s Sys=0.00s Real=0.00s
[26.052s][info ][gc,start       ] GC(1476) Pause Young (Allocation Failure)
[26.052s][info ][gc,task        ] GC(1476) Using 9 workers of 9 for evacuation
[26.052s][debug][gc,age         ] GC(1476) Desired survivor size 8945664 bytes, new threshold 6 (max threshold 6)
[26.052s][trace][gc,age         ] GC(1476) Age table with threshold 6 (max threshold 6)
[26.052s][trace][gc,age         ] GC(1476) - age   1:     400208 bytes,     400208 total
[26.052s][info ][gc,heap        ] GC(1476) ParNew: 139910K->396K(157376K)
[26.052s][info ][gc,heap        ] GC(1476) CMS: 3754K->3754K(349568K)
[26.052s][info ][gc,metaspace   ] GC(1476) Metaspace: 16025K(16640K)->16025K(16640K) NonClass: 14284K(14592K)->14284K(14592K) Class: 1740K(2048K)->1740K(2048K)
[26.052s][info ][gc             ] GC(1476) Pause Young (Allocation Failure) 140M->4M(495M) 0.473ms
[26.052s][info ][gc,cpu         ] GC(1476) User=0.00s Sys=0.00s Real=0.00s
[26.062s][info ][gc,start       ] GC(1477) Pause Young (Allocation Failure)
[26.062s][info ][gc,task        ] GC(1477) Using 9 workers of 9 for evacuation
[26.063s][debug][gc,age         ] GC(1477) Desired survivor size 8945664 bytes, new threshold 6 (max threshold 6)
[26.063s][trace][gc,age         ] GC(1477) Age table with threshold 6 (max threshold 6)
[26.063s][trace][gc,age         ] GC(1477) - age   1:        192 bytes,        192 total
[26.063s][info ][gc,heap        ] GC(1477) ParNew: 139936K->6K(157376K)
[26.063s][info ][gc,heap        ] GC(1477) CMS: 3754K->3754K(349568K)
[26.063s][info ][gc,metaspace   ] GC(1477) Metaspace: 16025K(16640K)->16025K(16640K) NonClass: 14284K(14592K)->14284K(14592K) Class: 1740K(2048K)->1740K(2048K)
[26.063s][info ][gc             ] GC(1477) Pause Young (Allocation Failure) 140M->3M(495M) 0.391ms
[26.063s][info ][gc,cpu         ] GC(1477) User=0.00s Sys=0.00s Real=0.00s
[26.072s][info ][gc,start       ] GC(1478) Pause Young (Allocation Failure)
[26.072s][info ][gc,task        ] GC(1478) Using 9 workers of 9 for evacuation
[26.073s][debug][gc,age         ] GC(1478) Desired survivor size 8945664 bytes, new threshold 6 (max threshold 6)
[26.073s][trace][gc,age         ] GC(1478) Age table with threshold 6 (max threshold 6)
[26.073s][trace][gc,age         ] GC(1478) - age   1:        192 bytes,        192 total
[26.073s][info ][gc,heap        ] GC(1478) ParNew: 139839K->8K(157376K)
[26.073s][info ][gc,heap        ] GC(1478) CMS: 3754K->3754K(349568K)
[26.073s][info ][gc,metaspace   ] GC(1478) Metaspace: 16025K(16640K)->16025K(16640K) NonClass: 14284K(14592K)->14284K(14592K) Class: 1740K(2048K)->1740K(2048K)
[26.073s][info ][gc             ] GC(1478) Pause Young (Allocation Failure) 140M->3M(495M) 0.375ms
[26.073s][info ][gc,cpu         ] GC(1478) User=0.00s Sys=0.00s Real=0.00s
[26.082s][info ][gc,start       ] GC(1479) Pause Young (Allocation Failure)
[26.082s][info ][gc,task        ] GC(1479) Using 9 workers of 9 for evacuation
[26.083s][debug][gc,age         ] GC(1479) Desired survivor size 8945664 bytes, new threshold 6 (max threshold 6)
[26.083s][trace][gc,age         ] GC(1479) Age table with threshold 6 (max threshold 6)
[26.083s][trace][gc,age         ] GC(1479) - age   1:        192 bytes,        192 total
[26.083s][info ][gc,heap        ] GC(1479) ParNew: 139912K->4K(157376K)
[26.083s][info ][gc,heap        ] GC(1479) CMS: 3754K->3754K(349568K)
[26.083s][info ][gc,metaspace   ] GC(1479) Metaspace: 16025K(16640K)->16025K(16640K) NonClass: 14284K(14592K)->14284K(14592K) Class: 1740K(2048K)->1740K(2048K)
[26.083s][info ][gc             ] GC(1479) Pause Young (Allocation Failure) 140M->3M(495M) 0.447ms
[26.083s][info ][gc,cpu         ] GC(1479) User=0.00s Sys=0.00s Real=0.00s
[26.092s][info ][gc,start       ] GC(1480) Pause Young (Allocation Failure)
[26.092s][info ][gc,task        ] GC(1480) Using 9 workers of 9 for evacuation
[26.092s][debug][gc,age         ] GC(1480) Desired survivor size 8945664 bytes, new threshold 6 (max threshold 6)
[26.092s][trace][gc,age         ] GC(1480) Age table with threshold 6 (max threshold 6)
[26.092s][trace][gc,age         ] GC(1480) - age   1:     400208 bytes,     400208 total
[26.092s][info ][gc,heap        ] GC(1480) ParNew: 139874K->394K(157376K)
[26.092s][info ][gc,heap        ] GC(1480) CMS: 3754K->3754K(349568K)
[26.092s][info ][gc,metaspace   ] GC(1480) Metaspace: 16025K(16640K)->16025K(16640K) NonClass: 14284K(14592K)->14284K(14592K) Class: 1740K(2048K)->1740K(2048K)
[26.093s][info ][gc             ] GC(1480) Pause Young (Allocation Failure) 140M->4M(495M) 0.378ms
[26.093s][info ][gc,cpu         ] GC(1480) User=0.00s Sys=0.00s Real=0.00s
[26.102s][info ][gc,start       ] GC(1481) Pause Young (Allocation Failure)
[26.102s][info ][gc,task        ] GC(1481) Using 9 workers of 9 for evacuation
[26.103s][debug][gc,age         ] GC(1481) Desired survivor size 8945664 bytes, new threshold 6 (max threshold 6)
[26.103s][trace][gc,age         ] GC(1481) Age table with threshold 6 (max threshold 6)
[26.103s][trace][gc,age         ] GC(1481) - age   1:        192 bytes,        192 total
[26.103s][info ][gc,heap        ] GC(1481) ParNew: 139954K->8K(157376K)
[26.103s][info ][gc,heap        ] GC(1481) CMS: 3754K->3754K(349568K)
[26.103s][info ][gc,metaspace   ] GC(1481) Metaspace: 16025K(16640K)->16025K(16640K) NonClass: 14284K(14592K)->14284K(14592K) Class: 1740K(2048K)->1740K(2048K)
[26.103s][info ][gc             ] GC(1481) Pause Young (Allocation Failure) 140M->3M(495M) 0.412ms
[26.103s][info ][gc,cpu         ] GC(1481) User=0.01s Sys=0.00s Real=0.00s
[26.112s][info ][gc,start       ] GC(1482) Pause Young (Allocation Failure)
[26.113s][info ][gc,task        ] GC(1482) Using 9 workers of 9 for evacuation
[26.113s][debug][gc,age         ] GC(1482) Desired survivor size 8945664 bytes, new threshold 6 (max threshold 6)
[26.113s][trace][gc,age         ] GC(1482) Age table with threshold 6 (max threshold 6)
[26.113s][trace][gc,age         ] GC(1482) - age   1:        192 bytes,        192 total
[26.113s][info ][gc,heap        ] GC(1482) ParNew: 139549K->6K(157376K)
[26.113s][info ][gc,heap        ] GC(1482) CMS: 3754K->3754K(349568K)
[26.113s][info ][gc,metaspace   ] GC(1482) Metaspace: 16025K(16640K)->16025K(16640K) NonClass: 14284K(14592K)->14284K(14592K) Class: 1740K(2048K)->1740K(2048K)
[26.113s][info ][gc             ] GC(1482) Pause Young (Allocation Failure) 139M->3M(495M) 0.438ms
[26.113s][info ][gc,cpu         ] GC(1482) User=0.01s Sys=0.00s Real=0.00s
[26.122s][info ][gc,start       ] GC(1483) Pause Young (Allocation Failure)
[26.122s][info ][gc,task        ] GC(1483) Using 9 workers of 9 for evacuation
[26.123s][debug][gc,age         ] GC(1483) Desired survivor size 8945664 bytes, new threshold 6 (max threshold 6)
[26.123s][trace][gc,age         ] GC(1483) Age table with threshold 6 (max threshold 6)
[26.123s][trace][gc,age         ] GC(1483) - age   1:     400208 bytes,     400208 total
[26.123s][info ][gc,heap        ] GC(1483) ParNew: 139686K->396K(157376K)
[26.123s][info ][gc,heap        ] GC(1483) CMS: 3754K->3754K(349568K)
[26.123s][info ][gc,metaspace   ] GC(1483) Metaspace: 16025K(16640K)->16025K(16640K) NonClass: 14284K(14592K)->14284K(14592K) Class: 1740K(2048K)->1740K(2048K)
[26.123s][info ][gc             ] GC(1483) Pause Young (Allocation Failure) 140M->4M(495M) 0.477ms
[26.123s][info ][gc,cpu         ] GC(1483) User=0.01s Sys=0.00s Real=0.00s
[26.132s][info ][gc,start       ] GC(1484) Pause Young (Allocation Failure)
[26.132s][info ][gc,task        ] GC(1484) Using 9 workers of 9 for evacuation
[26.133s][debug][gc,age         ] GC(1484) Desired survivor size 8945664 bytes, new threshold 6 (max threshold 6)
[26.133s][trace][gc,age         ] GC(1484) Age table with threshold 6 (max threshold 6)
[26.133s][trace][gc,age         ] GC(1484) - age   1:     400208 bytes,     400208 total
[26.133s][info ][gc,heap        ] GC(1484) ParNew: 140038K->396K(157376K)
[26.133s][info ][gc,heap        ] GC(1484) CMS: 3754K->3754K(349568K)
[26.133s][info ][gc,metaspace   ] GC(1484) Metaspace: 16025K(16640K)->16025K(16640K) NonClass: 14284K(14592K)->14284K(14592K) Class: 1740K(2048K)->1740K(2048K)
[26.133s][info ][gc             ] GC(1484) Pause Young (Allocation Failure) 140M->4M(495M) 0.450ms
[26.133s][info ][gc,cpu         ] GC(1484) User=0.00s Sys=0.00s Real=0.00s
[26.142s][info ][gc,start       ] GC(1485) Pause Young (Allocation Failure)
[26.142s][info ][gc,task        ] GC(1485) Using 9 workers of 9 for evacuation
[26.143s][debug][gc,age         ] GC(1485) Desired survivor size 8945664 bytes, new threshold 6 (max threshold 6)
[26.143s][trace][gc,age         ] GC(1485) Age table with threshold 6 (max threshold 6)
[26.143s][trace][gc,age         ] GC(1485) - age   1:        192 bytes,        192 total
[26.143s][info ][gc,heap        ] GC(1485) ParNew: 140248K->6K(157376K)
[26.143s][info ][gc,heap        ] GC(1485) CMS: 3754K->3754K(349568K)
[26.143s][info ][gc,metaspace   ] GC(1485) Metaspace: 16025K(16640K)->16025K(16640K) NonClass: 14284K(14592K)->14284K(14592K) Class: 1740K(2048K)->1740K(2048K)
[26.143s][info ][gc             ] GC(1485) Pause Young (Allocation Failure) 140M->3M(495M) 0.398ms
[26.143s][info ][gc,cpu         ] GC(1485) User=0.00s Sys=0.00s Real=0.00s
[26.152s][info ][gc,start       ] GC(1486) Pause Young (Allocation Failure)
[26.152s][info ][gc,task        ] GC(1486) Using 9 workers of 9 for evacuation
[26.153s][debug][gc,age         ] GC(1486) Desired survivor size 8945664 bytes, new threshold 6 (max threshold 6)
[26.153s][trace][gc,age         ] GC(1486) Age table with threshold 6 (max threshold 6)
[26.153s][trace][gc,age         ] GC(1486) - age   1:        192 bytes,        192 total
[26.153s][info ][gc,heap        ] GC(1486) ParNew: 139520K->4K(157376K)
[26.153s][info ][gc,heap        ] GC(1486) CMS: 3754K->3754K(349568K)
[26.153s][info ][gc,metaspace   ] GC(1486) Metaspace: 16025K(16640K)->16025K(16640K) NonClass: 14284K(14592K)->14284K(14592K) Class: 1740K(2048K)->1740K(2048K)
[26.153s][info ][gc             ] GC(1486) Pause Young (Allocation Failure) 139M->3M(495M) 0.445ms
[26.153s][info ][gc,cpu         ] GC(1486) User=0.00s Sys=0.00s Real=0.00s
[26.162s][info ][gc,start       ] GC(1487) Pause Young (Allocation Failure)
[26.162s][info ][gc,task        ] GC(1487) Using 9 workers of 9 for evacuation
[26.163s][debug][gc,age         ] GC(1487) Desired survivor size 8945664 bytes, new threshold 6 (max threshold 6)
[26.163s][trace][gc,age         ] GC(1487) Age table with threshold 6 (max threshold 6)
[26.163s][trace][gc,age         ] GC(1487) - age   1:     400208 bytes,     400208 total
[26.163s][info ][gc,heap        ] GC(1487) ParNew: 139754K->396K(157376K)
[26.163s][info ][gc,heap        ] GC(1487) CMS: 3754K->3754K(349568K)
[26.163s][info ][gc,metaspace   ] GC(1487) Metaspace: 16025K(16640K)->16025K(16640K) NonClass: 14284K(14592K)->14284K(14592K) Class: 1740K(2048K)->1740K(2048K)
[26.163s][info ][gc             ] GC(1487) Pause Young (Allocation Failure) 140M->4M(495M) 0.438ms
[26.163s][info ][gc,cpu         ] GC(1487) User=0.00s Sys=0.00s Real=0.00s
[26.172s][info ][gc,start       ] GC(1488) Pause Young (Allocation Failure)
[26.172s][info ][gc,task        ] GC(1488) Using 9 workers of 9 for evacuation
[26.172s][debug][gc,age         ] GC(1488) Desired survivor size 8945664 bytes, new threshold 6 (max threshold 6)
[26.172s][trace][gc,age         ] GC(1488) Age table with threshold 6 (max threshold 6)
[26.172s][trace][gc,age         ] GC(1488) - age   1:        192 bytes,        192 total
[26.172s][info ][gc,heap        ] GC(1488) ParNew: 139993K->6K(157376K)
[26.172s][info ][gc,heap        ] GC(1488) CMS: 3754K->3754K(349568K)
[26.172s][info ][gc,metaspace   ] GC(1488) Metaspace: 16025K(16640K)->16025K(16640K) NonClass: 14284K(14592K)->14284K(14592K) Class: 1740K(2048K)->1740K(2048K)
[26.172s][info ][gc             ] GC(1488) Pause Young (Allocation Failure) 140M->3M(495M) 0.381ms
[26.172s][info ][gc,cpu         ] GC(1488) User=0.00s Sys=0.00s Real=0.00s
[26.182s][info ][gc,start       ] GC(1489) Pause Young (Allocation Failure)
[26.182s][info ][gc,task        ] GC(1489) Using 9 workers of 9 for evacuation
[26.182s][debug][gc,age         ] GC(1489) Desired survivor size 8945664 bytes, new threshold 6 (max threshold 6)
[26.182s][trace][gc,age         ] GC(1489) Age table with threshold 6 (max threshold 6)
[26.182s][trace][gc,age         ] GC(1489) - age   1:     400208 bytes,     400208 total
[26.182s][info ][gc,heap        ] GC(1489) ParNew: 139623K->398K(157376K)
[26.182s][info ][gc,heap        ] GC(1489) CMS: 3754K->3754K(349568K)
[26.182s][info ][gc,metaspace   ] GC(1489) Metaspace: 16025K(16640K)->16025K(16640K) NonClass: 14284K(14592K)->14284K(14592K) Class: 1740K(2048K)->1740K(2048K)
[26.182s][info ][gc             ] GC(1489) Pause Young (Allocation Failure) 140M->4M(495M) 0.378ms
[26.182s][info ][gc,cpu         ] GC(1489) User=0.00s Sys=0.00s Real=0.00s
[26.192s][info ][gc,start       ] GC(1490) Pause Young (Allocation Failure)
[26.192s][info ][gc,task        ] GC(1490) Using 9 workers of 9 for evacuation
[26.192s][debug][gc,age         ] GC(1490) Desired survivor size 8945664 bytes, new threshold 6 (max threshold 6)
[26.192s][trace][gc,age         ] GC(1490) Age table with threshold 6 (max threshold 6)
[26.192s][trace][gc,age         ] GC(1490) - age   1:     400208 bytes,     400208 total
[26.192s][info ][gc,heap        ] GC(1490) ParNew: 140014K->394K(157376K)
[26.192s][info ][gc,heap        ] GC(1490) CMS: 3754K->3754K(349568K)
[26.192s][info ][gc,metaspace   ] GC(1490) Metaspace: 16025K(16640K)->16025K(16640K) NonClass: 14284K(14592K)->14284K(14592K) Class: 1740K(2048K)->1740K(2048K)
[26.192s][info ][gc             ] GC(1490) Pause Young (Allocation Failure) 140M->4M(495M) 0.429ms
[26.192s][info ][gc,cpu         ] GC(1490) User=0.00s Sys=0.00s Real=0.00s
[26.202s][info ][gc,start       ] GC(1491) Pause Young (Allocation Failure)
[26.202s][info ][gc,task        ] GC(1491) Using 9 workers of 9 for evacuation
[26.202s][debug][gc,age         ] GC(1491) Desired survivor size 8945664 bytes, new threshold 6 (max threshold 6)
[26.202s][trace][gc,age         ] GC(1491) Age table with threshold 6 (max threshold 6)
[26.202s][trace][gc,age         ] GC(1491) - age   1:        192 bytes,        192 total
[26.202s][info ][gc,heap        ] GC(1491) ParNew: 139982K->6K(157376K)
[26.202s][info ][gc,heap        ] GC(1491) CMS: 3754K->3754K(349568K)
[26.202s][info ][gc,metaspace   ] GC(1491) Metaspace: 16025K(16640K)->16025K(16640K) NonClass: 14284K(14592K)->14284K(14592K) Class: 1740K(2048K)->1740K(2048K)
[26.202s][info ][gc             ] GC(1491) Pause Young (Allocation Failure) 140M->3M(495M) 0.429ms
[26.202s][info ][gc,cpu         ] GC(1491) User=0.00s Sys=0.00s Real=0.00s
[26.212s][info ][gc,start       ] GC(1492) Pause Young (Allocation Failure)
[26.212s][info ][gc,task        ] GC(1492) Using 9 workers of 9 for evacuation
[26.212s][debug][gc,age         ] GC(1492) Desired survivor size 8945664 bytes, new threshold 6 (max threshold 6)
[26.212s][trace][gc,age         ] GC(1492) Age table with threshold 6 (max threshold 6)
[26.212s][trace][gc,age         ] GC(1492) - age   1:     400208 bytes,     400208 total
[26.212s][info ][gc,heap        ] GC(1492) ParNew: 139544K->398K(157376K)
[26.212s][info ][gc,heap        ] GC(1492) CMS: 3754K->3754K(349568K)
[26.212s][info ][gc,metaspace   ] GC(1492) Metaspace: 16025K(16640K)->16025K(16640K) NonClass: 14284K(14592K)->14284K(14592K) Class: 1740K(2048K)->1740K(2048K)
[26.212s][info ][gc             ] GC(1492) Pause Young (Allocation Failure) 139M->4M(495M) 0.367ms
[26.212s][info ][gc,cpu         ] GC(1492) User=0.00s Sys=0.00s Real=0.00s
[26.222s][info ][gc,start       ] GC(1493) Pause Young (Allocation Failure)
[26.222s][info ][gc,task        ] GC(1493) Using 9 workers of 9 for evacuation
[26.222s][debug][gc,age         ] GC(1493) Desired survivor size 8945664 bytes, new threshold 6 (max threshold 6)
[26.222s][trace][gc,age         ] GC(1493) Age table with threshold 6 (max threshold 6)
[26.222s][trace][gc,age         ] GC(1493) - age   1:        192 bytes,        192 total
[26.222s][info ][gc,heap        ] GC(1493) ParNew: 140074K->8K(157376K)
[26.222s][info ][gc,heap        ] GC(1493) CMS: 3754K->3754K(349568K)
[26.222s][info ][gc,metaspace   ] GC(1493) Metaspace: 16025K(16640K)->16025K(16640K) NonClass: 14284K(14592K)->14284K(14592K) Class: 1740K(2048K)->1740K(2048K)
[26.222s][info ][gc             ] GC(1493) Pause Young (Allocation Failure) 140M->3M(495M) 0.475ms
[26.222s][info ][gc,cpu         ] GC(1493) User=0.00s Sys=0.00s Real=0.00s
[26.232s][info ][gc,start       ] GC(1494) Pause Young (Allocation Failure)
[26.232s][info ][gc,task        ] GC(1494) Using 9 workers of 9 for evacuation
[26.232s][debug][gc,age         ] GC(1494) Desired survivor size 8945664 bytes, new threshold 6 (max threshold 6)
[26.232s][trace][gc,age         ] GC(1494) Age table with threshold 6 (max threshold 6)
[26.232s][trace][gc,age         ] GC(1494) - age   1:     400208 bytes,     400208 total
[26.232s][info ][gc,heap        ] GC(1494) ParNew: 139767K->398K(157376K)
[26.232s][info ][gc,heap        ] GC(1494) CMS: 3754K->3754K(349568K)
[26.232s][info ][gc,metaspace   ] GC(1494) Metaspace: 16025K(16640K)->16025K(16640K) NonClass: 14284K(14592K)->14284K(14592K) Class: 1740K(2048K)->1740K(2048K)
[26.232s][info ][gc             ] GC(1494) Pause Young (Allocation Failure) 140M->4M(495M) 0.467ms
[26.232s][info ][gc,cpu         ] GC(1494) User=0.00s Sys=0.01s Real=0.00s
[26.242s][info ][gc,start       ] GC(1495) Pause Young (Allocation Failure)
[26.242s][info ][gc,task        ] GC(1495) Using 9 workers of 9 for evacuation
[26.242s][debug][gc,age         ] GC(1495) Desired survivor size 8945664 bytes, new threshold 6 (max threshold 6)
[26.242s][trace][gc,age         ] GC(1495) Age table with threshold 6 (max threshold 6)
[26.242s][trace][gc,age         ] GC(1495) - age   1:        192 bytes,        192 total
[26.242s][info ][gc,heap        ] GC(1495) ParNew: 139954K->4K(157376K)
[26.242s][info ][gc,heap        ] GC(1495) CMS: 3754K->3754K(349568K)
[26.242s][info ][gc,metaspace   ] GC(1495) Metaspace: 16025K(16640K)->16025K(16640K) NonClass: 14284K(14592K)->14284K(14592K) Class: 1740K(2048K)->1740K(2048K)
[26.242s][info ][gc             ] GC(1495) Pause Young (Allocation Failure) 140M->3M(495M) 0.384ms
[26.242s][info ][gc,cpu         ] GC(1495) User=0.00s Sys=0.00s Real=0.00s
[26.252s][info ][gc,start       ] GC(1496) Pause Young (Allocation Failure)
[26.252s][info ][gc,task        ] GC(1496) Using 9 workers of 9 for evacuation
[26.252s][debug][gc,age         ] GC(1496) Desired survivor size 8945664 bytes, new threshold 6 (max threshold 6)
[26.252s][trace][gc,age         ] GC(1496) Age table with threshold 6 (max threshold 6)
[26.252s][trace][gc,age         ] GC(1496) - age   1:        192 bytes,        192 total
[26.252s][info ][gc,heap        ] GC(1496) ParNew: 139908K->6K(157376K)
[26.252s][info ][gc,heap        ] GC(1496) CMS: 3754K->3754K(349568K)
[26.252s][info ][gc,metaspace   ] GC(1496) Metaspace: 16025K(16640K)->16025K(16640K) NonClass: 14284K(14592K)->14284K(14592K) Class: 1740K(2048K)->1740K(2048K)
[26.252s][info ][gc             ] GC(1496) Pause Young (Allocation Failure) 140M->3M(495M) 0.421ms
[26.252s][info ][gc,cpu         ] GC(1496) User=0.00s Sys=0.00s Real=0.00s
[26.262s][info ][gc,start       ] GC(1497) Pause Young (Allocation Failure)
[26.262s][info ][gc,task        ] GC(1497) Using 9 workers of 9 for evacuation
[26.262s][debug][gc,age         ] GC(1497) Desired survivor size 8945664 bytes, new threshold 6 (max threshold 6)
[26.262s][trace][gc,age         ] GC(1497) Age table with threshold 6 (max threshold 6)
[26.262s][trace][gc,age         ] GC(1497) - age   1:        192 bytes,        192 total
[26.262s][info ][gc,heap        ] GC(1497) ParNew: 139821K->8K(157376K)
[26.262s][info ][gc,heap        ] GC(1497) CMS: 3754K->3754K(349568K)
[26.262s][info ][gc,metaspace   ] GC(1497) Metaspace: 16025K(16640K)->16025K(16640K) NonClass: 14284K(14592K)->14284K(14592K) Class: 1740K(2048K)->1740K(2048K)
[26.262s][info ][gc             ] GC(1497) Pause Young (Allocation Failure) 140M->3M(495M) 0.401ms
[26.262s][info ][gc,cpu         ] GC(1497) User=0.01s Sys=0.00s Real=0.00s
[26.272s][info ][gc,start       ] GC(1498) Pause Young (Allocation Failure)
[26.272s][info ][gc,task        ] GC(1498) Using 9 workers of 9 for evacuation
[26.272s][debug][gc,age         ] GC(1498) Desired survivor size 8945664 bytes, new threshold 6 (max threshold 6)
[26.272s][trace][gc,age         ] GC(1498) Age table with threshold 6 (max threshold 6)
[26.272s][trace][gc,age         ] GC(1498) - age   1:     400208 bytes,     400208 total
[26.272s][info ][gc,heap        ] GC(1498) ParNew: 139592K->396K(157376K)
[26.272s][info ][gc,heap        ] GC(1498) CMS: 3754K->3754K(349568K)
[26.272s][info ][gc,metaspace   ] GC(1498) Metaspace: 16025K(16640K)->16025K(16640K) NonClass: 14284K(14592K)->14284K(14592K) Class: 1740K(2048K)->1740K(2048K)
[26.272s][info ][gc             ] GC(1498) Pause Young (Allocation Failure) 139M->4M(495M) 0.331ms
[26.272s][info ][gc,cpu         ] GC(1498) User=0.01s Sys=0.00s Real=0.00s
[26.282s][info ][gc,start       ] GC(1499) Pause Young (Allocation Failure)
[26.282s][info ][gc,task        ] GC(1499) Using 9 workers of 9 for evacuation
[26.282s][debug][gc,age         ] GC(1499) Desired survivor size 8945664 bytes, new threshold 6 (max threshold 6)
[26.282s][trace][gc,age         ] GC(1499) Age table with threshold 6 (max threshold 6)
[26.282s][trace][gc,age         ] GC(1499) - age   1:     400208 bytes,     400208 total
[26.282s][info ][gc,heap        ] GC(1499) ParNew: 139927K->394K(157376K)
[26.282s][info ][gc,heap        ] GC(1499) CMS: 3754K->3754K(349568K)
[26.282s][info ][gc,metaspace   ] GC(1499) Metaspace: 16025K(16640K)->16025K(16640K) NonClass: 14284K(14592K)->14284K(14592K) Class: 1740K(2048K)->1740K(2048K)
[26.282s][info ][gc             ] GC(1499) Pause Young (Allocation Failure) 140M->4M(495M) 0.450ms
[26.282s][info ][gc,cpu         ] GC(1499) User=0.01s Sys=0.00s Real=0.00s
[26.292s][info ][gc,start       ] GC(1500) Pause Young (Allocation Failure)
[26.292s][info ][gc,task        ] GC(1500) Using 9 workers of 9 for evacuation
[26.292s][debug][gc,age         ] GC(1500) Desired survivor size 8945664 bytes, new threshold 6 (max threshold 6)
[26.292s][trace][gc,age         ] GC(1500) Age table with threshold 6 (max threshold 6)
[26.292s][trace][gc,age         ] GC(1500) - age   1:     400208 bytes,     400208 total
[26.292s][info ][gc,heap        ] GC(1500) ParNew: 140210K->398K(157376K)
[26.292s][info ][gc,heap        ] GC(1500) CMS: 3754K->3754K(349568K)
[26.292s][info ][gc,metaspace   ] GC(1500) Metaspace: 16025K(16640K)->16025K(16640K) NonClass: 14284K(14592K)->14284K(14592K) Class: 1740K(2048K)->1740K(2048K)
[26.292s][info ][gc             ] GC(1500) Pause Young (Allocation Failure) 140M->4M(495M) 0.374ms
[26.292s][info ][gc,cpu         ] GC(1500) User=0.00s Sys=0.00s Real=0.00s
[26.302s][info ][gc,start       ] GC(1501) Pause Young (Allocation Failure)
[26.302s][info ][gc,task        ] GC(1501) Using 9 workers of 9 for evacuation
[26.302s][debug][gc,age         ] GC(1501) Desired survivor size 8945664 bytes, new threshold 6 (max threshold 6)
[26.302s][trace][gc,age         ] GC(1501) Age table with threshold 6 (max threshold 6)
[26.302s][trace][gc,age         ] GC(1501) - age   1:        192 bytes,        192 total
[26.302s][info ][gc,heap        ] GC(1501) ParNew: 140172K->8K(157376K)
[26.302s][info ][gc,heap        ] GC(1501) CMS: 3754K->3754K(349568K)
[26.302s][info ][gc,metaspace   ] GC(1501) Metaspace: 16025K(16640K)->16025K(16640K) NonClass: 14284K(14592K)->14284K(14592K) Class: 1740K(2048K)->1740K(2048K)
[26.302s][info ][gc             ] GC(1501) Pause Young (Allocation Failure) 140M->3M(495M) 0.389ms
[26.302s][info ][gc,cpu         ] GC(1501) User=0.00s Sys=0.00s Real=0.00s
[26.312s][info ][gc,start       ] GC(1502) Pause Young (Allocation Failure)
[26.312s][info ][gc,task        ] GC(1502) Using 9 workers of 9 for evacuation
[26.312s][debug][gc,age         ] GC(1502) Desired survivor size 8945664 bytes, new threshold 6 (max threshold 6)
[26.312s][trace][gc,age         ] GC(1502) Age table with threshold 6 (max threshold 6)
[26.312s][trace][gc,age         ] GC(1502) - age   1:        192 bytes,        192 total
[26.312s][info ][gc,heap        ] GC(1502) ParNew: 139750K->6K(157376K)
[26.312s][info ][gc,heap        ] GC(1502) CMS: 3754K->3754K(349568K)
[26.312s][info ][gc,metaspace   ] GC(1502) Metaspace: 16025K(16640K)->16025K(16640K) NonClass: 14284K(14592K)->14284K(14592K) Class: 1740K(2048K)->1740K(2048K)
[26.312s][info ][gc             ] GC(1502) Pause Young (Allocation Failure) 140M->3M(495M) 0.468ms
[26.312s][info ][gc,cpu         ] GC(1502) User=0.00s Sys=0.00s Real=0.00s
[26.322s][info ][gc,start       ] GC(1503) Pause Young (Allocation Failure)
[26.322s][info ][gc,task        ] GC(1503) Using 9 workers of 9 for evacuation
[26.322s][debug][gc,age         ] GC(1503) Desired survivor size 8945664 bytes, new threshold 6 (max threshold 6)
[26.322s][trace][gc,age         ] GC(1503) Age table with threshold 6 (max threshold 6)
[26.322s][trace][gc,age         ] GC(1503) - age   1:        192 bytes,        192 total
[26.322s][info ][gc,heap        ] GC(1503) ParNew: 139615K->8K(157376K)
[26.322s][info ][gc,heap        ] GC(1503) CMS: 3754K->3754K(349568K)
[26.322s][info ][gc,metaspace   ] GC(1503) Metaspace: 16025K(16640K)->16025K(16640K) NonClass: 14284K(14592K)->14284K(14592K) Class: 1740K(2048K)->1740K(2048K)
[26.322s][info ][gc             ] GC(1503) Pause Young (Allocation Failure) 140M->3M(495M) 0.501ms
[26.322s][info ][gc,cpu         ] GC(1503) User=0.00s Sys=0.00s Real=0.00s
[26.332s][info ][gc,start       ] GC(1504) Pause Young (Allocation Failure)
[26.332s][info ][gc,task        ] GC(1504) Using 9 workers of 9 for evacuation
[26.332s][debug][gc,age         ] GC(1504) Desired survivor size 8945664 bytes, new threshold 6 (max threshold 6)
[26.332s][trace][gc,age         ] GC(1504) Age table with threshold 6 (max threshold 6)
[26.332s][trace][gc,age         ] GC(1504) - age   1:     400208 bytes,     400208 total
[26.332s][info ][gc,heap        ] GC(1504) ParNew: 139852K->396K(157376K)
[26.332s][info ][gc,heap        ] GC(1504) CMS: 3754K->3754K(349568K)
[26.332s][info ][gc,metaspace   ] GC(1504) Metaspace: 16025K(16640K)->16025K(16640K) NonClass: 14284K(14592K)->14284K(14592K) Class: 1740K(2048K)->1740K(2048K)
[26.332s][info ][gc             ] GC(1504) Pause Young (Allocation Failure) 140M->4M(495M) 0.323ms
[26.332s][info ][gc,cpu         ] GC(1504) User=0.00s Sys=0.00s Real=0.00s
[26.341s][info ][gc,start       ] GC(1505) Pause Young (Allocation Failure)
[26.341s][info ][gc,task        ] GC(1505) Using 9 workers of 9 for evacuation
[26.342s][debug][gc,age         ] GC(1505) Desired survivor size 8945664 bytes, new threshold 6 (max threshold 6)
[26.342s][trace][gc,age         ] GC(1505) Age table with threshold 6 (max threshold 6)
[26.342s][trace][gc,age         ] GC(1505) - age   1:     400208 bytes,     400208 total
[26.342s][info ][gc,heap        ] GC(1505) ParNew: 140180K->394K(157376K)
[26.342s][info ][gc,heap        ] GC(1505) CMS: 3754K->3754K(349568K)
[26.342s][info ][gc,metaspace   ] GC(1505) Metaspace: 16025K(16640K)->16025K(16640K) NonClass: 14284K(14592K)->14284K(14592K) Class: 1740K(2048K)->1740K(2048K)
[26.342s][info ][gc             ] GC(1505) Pause Young (Allocation Failure) 140M->4M(495M) 0.438ms
[26.342s][info ][gc,cpu         ] GC(1505) User=0.00s Sys=0.00s Real=0.00s
[26.351s][info ][gc,start       ] GC(1506) Pause Young (Allocation Failure)
[26.351s][info ][gc,task        ] GC(1506) Using 9 workers of 9 for evacuation
[26.352s][debug][gc,age         ] GC(1506) Desired survivor size 8945664 bytes, new threshold 6 (max threshold 6)
[26.352s][trace][gc,age         ] GC(1506) Age table with threshold 6 (max threshold 6)
[26.352s][trace][gc,age         ] GC(1506) - age   1:     400208 bytes,     400208 total
[26.352s][info ][gc,heap        ] GC(1506) ParNew: 139982K->394K(157376K)
[26.352s][info ][gc,heap        ] GC(1506) CMS: 3754K->3754K(349568K)
[26.352s][info ][gc,metaspace   ] GC(1506) Metaspace: 16025K(16640K)->16025K(16640K) NonClass: 14284K(14592K)->14284K(14592K) Class: 1740K(2048K)->1740K(2048K)
[26.352s][info ][gc             ] GC(1506) Pause Young (Allocation Failure) 140M->4M(495M) 0.423ms
[26.352s][info ][gc,cpu         ] GC(1506) User=0.00s Sys=0.00s Real=0.00s
[26.361s][info ][gc,start       ] GC(1507) Pause Young (Allocation Failure)
[26.361s][info ][gc,task        ] GC(1507) Using 9 workers of 9 for evacuation
[26.362s][debug][gc,age         ] GC(1507) Desired survivor size 8945664 bytes, new threshold 6 (max threshold 6)
[26.362s][trace][gc,age         ] GC(1507) Age table with threshold 6 (max threshold 6)
[26.362s][trace][gc,age         ] GC(1507) - age   1:     400208 bytes,     400208 total
[26.362s][info ][gc,heap        ] GC(1507) ParNew: 139953K->396K(157376K)
[26.362s][info ][gc,heap        ] GC(1507) CMS: 3754K->3754K(349568K)
[26.362s][info ][gc,metaspace   ] GC(1507) Metaspace: 16025K(16640K)->16025K(16640K) NonClass: 14284K(14592K)->14284K(14592K) Class: 1740K(2048K)->1740K(2048K)
[26.362s][info ][gc             ] GC(1507) Pause Young (Allocation Failure) 140M->4M(495M) 0.451ms
[26.362s][info ][gc,cpu         ] GC(1507) User=0.00s Sys=0.00s Real=0.00s
[26.371s][info ][gc,start       ] GC(1508) Pause Young (Allocation Failure)
[26.371s][info ][gc,task        ] GC(1508) Using 9 workers of 9 for evacuation
[26.372s][debug][gc,age         ] GC(1508) Desired survivor size 8945664 bytes, new threshold 6 (max threshold 6)
[26.372s][trace][gc,age         ] GC(1508) Age table with threshold 6 (max threshold 6)
[26.372s][trace][gc,age         ] GC(1508) - age   1:     400208 bytes,     400208 total
[26.372s][info ][gc,heap        ] GC(1508) ParNew: 140229K->394K(157376K)
[26.372s][info ][gc,heap        ] GC(1508) CMS: 3754K->3754K(349568K)
[26.372s][info ][gc,metaspace   ] GC(1508) Metaspace: 16025K(16640K)->16025K(16640K) NonClass: 14284K(14592K)->14284K(14592K) Class: 1740K(2048K)->1740K(2048K)
[26.372s][info ][gc             ] GC(1508) Pause Young (Allocation Failure) 140M->4M(495M) 0.363ms
[26.372s][info ][gc,cpu         ] GC(1508) User=0.00s Sys=0.00s Real=0.00s
[26.381s][info ][gc,start       ] GC(1509) Pause Young (Allocation Failure)
[26.381s][info ][gc,task        ] GC(1509) Using 9 workers of 9 for evacuation
[26.382s][debug][gc,age         ] GC(1509) Desired survivor size 8945664 bytes, new threshold 6 (max threshold 6)
[26.382s][trace][gc,age         ] GC(1509) Age table with threshold 6 (max threshold 6)
[26.382s][trace][gc,age         ] GC(1509) - age   1:        192 bytes,        192 total
[26.382s][info ][gc,heap        ] GC(1509) ParNew: 139945K->4K(157376K)
[26.382s][info ][gc,heap        ] GC(1509) CMS: 3754K->3754K(349568K)
[26.382s][info ][gc,metaspace   ] GC(1509) Metaspace: 16025K(16640K)->16025K(16640K) NonClass: 14284K(14592K)->14284K(14592K) Class: 1740K(2048K)->1740K(2048K)
[26.382s][info ][gc             ] GC(1509) Pause Young (Allocation Failure) 140M->3M(495M) 0.435ms
[26.382s][info ][gc,cpu         ] GC(1509) User=0.00s Sys=0.00s Real=0.00s
[26.391s][info ][gc,start       ] GC(1510) Pause Young (Allocation Failure)
[26.391s][info ][gc,task        ] GC(1510) Using 9 workers of 9 for evacuation
[26.391s][debug][gc,age         ] GC(1510) Desired survivor size 8945664 bytes, new threshold 6 (max threshold 6)
[26.391s][trace][gc,age         ] GC(1510) Age table with threshold 6 (max threshold 6)
[26.391s][trace][gc,age         ] GC(1510) - age   1:        192 bytes,        192 total
[26.391s][info ][gc,heap        ] GC(1510) ParNew: 139787K->6K(157376K)
[26.391s][info ][gc,heap        ] GC(1510) CMS: 3754K->3754K(349568K)
[26.391s][info ][gc,metaspace   ] GC(1510) Metaspace: 16025K(16640K)->16025K(16640K) NonClass: 14284K(14592K)->14284K(14592K) Class: 1740K(2048K)->1740K(2048K)
[26.391s][info ][gc             ] GC(1510) Pause Young (Allocation Failure) 140M->3M(495M) 0.395ms
[26.391s][info ][gc,cpu         ] GC(1510) User=0.00s Sys=0.00s Real=0.00s
[26.401s][info ][gc,start       ] GC(1511) Pause Young (Allocation Failure)
[26.401s][info ][gc,task        ] GC(1511) Using 9 workers of 9 for evacuation
[26.401s][debug][gc,age         ] GC(1511) Desired survivor size 8945664 bytes, new threshold 6 (max threshold 6)
[26.401s][trace][gc,age         ] GC(1511) Age table with threshold 6 (max threshold 6)
[26.401s][trace][gc,age         ] GC(1511) - age   1:     400208 bytes,     400208 total
[26.401s][info ][gc,heap        ] GC(1511) ParNew: 139880K->396K(157376K)
[26.401s][info ][gc,heap        ] GC(1511) CMS: 3754K->3754K(349568K)
[26.401s][info ][gc,metaspace   ] GC(1511) Metaspace: 16025K(16640K)->16025K(16640K) NonClass: 14284K(14592K)->14284K(14592K) Class: 1740K(2048K)->1740K(2048K)
[26.401s][info ][gc             ] GC(1511) Pause Young (Allocation Failure) 140M->4M(495M) 0.452ms
[26.401s][info ][gc,cpu         ] GC(1511) User=0.00s Sys=0.00s Real=0.00s
[26.411s][info ][gc,start       ] GC(1512) Pause Young (Allocation Failure)
[26.411s][info ][gc,task        ] GC(1512) Using 9 workers of 9 for evacuation
[26.411s][debug][gc,age         ] GC(1512) Desired survivor size 8945664 bytes, new threshold 6 (max threshold 6)
[26.411s][trace][gc,age         ] GC(1512) Age table with threshold 6 (max threshold 6)
[26.411s][trace][gc,age         ] GC(1512) - age   1:     400208 bytes,     400208 total
[26.411s][info ][gc,heap        ] GC(1512) ParNew: 140053K->398K(157376K)
[26.411s][info ][gc,heap        ] GC(1512) CMS: 3754K->3754K(349568K)
[26.411s][info ][gc,metaspace   ] GC(1512) Metaspace: 16025K(16640K)->16025K(16640K) NonClass: 14284K(14592K)->14284K(14592K) Class: 1740K(2048K)->1740K(2048K)
[26.411s][info ][gc             ] GC(1512) Pause Young (Allocation Failure) 140M->4M(495M) 0.381ms
[26.411s][info ][gc,cpu         ] GC(1512) User=0.00s Sys=0.00s Real=0.00s
[26.421s][info ][gc,start       ] GC(1513) Pause Young (Allocation Failure)
[26.421s][info ][gc,task        ] GC(1513) Using 9 workers of 9 for evacuation
[26.421s][debug][gc,age         ] GC(1513) Desired survivor size 8945664 bytes, new threshold 6 (max threshold 6)
[26.421s][trace][gc,age         ] GC(1513) Age table with threshold 6 (max threshold 6)
[26.421s][trace][gc,age         ] GC(1513) - age   1:        192 bytes,        192 total
[26.421s][info ][gc,heap        ] GC(1513) ParNew: 140302K->6K(157376K)
[26.421s][info ][gc,heap        ] GC(1513) CMS: 3754K->3754K(349568K)
[26.421s][info ][gc,metaspace   ] GC(1513) Metaspace: 16025K(16640K)->16025K(16640K) NonClass: 14284K(14592K)->14284K(14592K) Class: 1740K(2048K)->1740K(2048K)
[26.421s][info ][gc             ] GC(1513) Pause Young (Allocation Failure) 140M->3M(495M) 0.457ms
[26.421s][info ][gc,cpu         ] GC(1513) User=0.00s Sys=0.00s Real=0.00s
[26.431s][info ][gc,start       ] GC(1514) Pause Young (Allocation Failure)
[26.431s][info ][gc,task        ] GC(1514) Using 9 workers of 9 for evacuation
[26.431s][debug][gc,age         ] GC(1514) Desired survivor size 8945664 bytes, new threshold 6 (max threshold 6)
[26.431s][trace][gc,age         ] GC(1514) Age table with threshold 6 (max threshold 6)
[26.431s][trace][gc,age         ] GC(1514) - age   1:        192 bytes,        192 total
[26.431s][info ][gc,heap        ] GC(1514) ParNew: 139678K->6K(157376K)
[26.431s][info ][gc,heap        ] GC(1514) CMS: 3754K->3754K(349568K)
[26.431s][info ][gc,metaspace   ] GC(1514) Metaspace: 16025K(16640K)->16025K(16640K) NonClass: 14284K(14592K)->14284K(14592K) Class: 1740K(2048K)->1740K(2048K)
[26.431s][info ][gc             ] GC(1514) Pause Young (Allocation Failure) 140M->3M(495M) 0.453ms
[26.431s][info ][gc,cpu         ] GC(1514) User=0.01s Sys=0.00s Real=0.00s
[26.441s][info ][gc,start       ] GC(1515) Pause Young (Allocation Failure)
[26.441s][info ][gc,task        ] GC(1515) Using 9 workers of 9 for evacuation
[26.441s][debug][gc,age         ] GC(1515) Desired survivor size 8945664 bytes, new threshold 6 (max threshold 6)
[26.441s][trace][gc,age         ] GC(1515) Age table with threshold 6 (max threshold 6)
[26.441s][trace][gc,age         ] GC(1515) - age   1:        192 bytes,        192 total
[26.441s][info ][gc,heap        ] GC(1515) ParNew: 139668K->8K(157376K)
[26.441s][info ][gc,heap        ] GC(1515) CMS: 3754K->3754K(349568K)
[26.441s][info ][gc,metaspace   ] GC(1515) Metaspace: 16025K(16640K)->16025K(16640K) NonClass: 14284K(14592K)->14284K(14592K) Class: 1740K(2048K)->1740K(2048K)
[26.441s][info ][gc             ] GC(1515) Pause Young (Allocation Failure) 140M->3M(495M) 0.421ms
[26.441s][info ][gc,cpu         ] GC(1515) User=0.01s Sys=0.00s Real=0.00s
[26.451s][info ][gc,start       ] GC(1516) Pause Young (Allocation Failure)
[26.451s][info ][gc,task        ] GC(1516) Using 9 workers of 9 for evacuation
[26.451s][debug][gc,age         ] GC(1516) Desired survivor size 8945664 bytes, new threshold 6 (max threshold 6)
[26.451s][trace][gc,age         ] GC(1516) Age table with threshold 6 (max threshold 6)
[26.451s][trace][gc,age         ] GC(1516) - age   1:        192 bytes,        192 total
[26.451s][info ][gc,heap        ] GC(1516) ParNew: 139870K->8K(157376K)
[26.451s][info ][gc,heap        ] GC(1516) CMS: 3754K->3754K(349568K)
[26.451s][info ][gc,metaspace   ] GC(1516) Metaspace: 16025K(16640K)->16025K(16640K) NonClass: 14284K(14592K)->14284K(14592K) Class: 1740K(2048K)->1740K(2048K)
[26.451s][info ][gc             ] GC(1516) Pause Young (Allocation Failure) 140M->3M(495M) 0.446ms
[26.451s][info ][gc,cpu         ] GC(1516) User=0.01s Sys=0.00s Real=0.00s
[26.461s][info ][gc,start       ] GC(1517) Pause Young (Allocation Failure)
[26.461s][info ][gc,task        ] GC(1517) Using 9 workers of 9 for evacuation
[26.461s][debug][gc,age         ] GC(1517) Desired survivor size 8945664 bytes, new threshold 6 (max threshold 6)
[26.461s][trace][gc,age         ] GC(1517) Age table with threshold 6 (max threshold 6)
[26.461s][trace][gc,age         ] GC(1517) - age   1:        192 bytes,        192 total
[26.461s][info ][gc,heap        ] GC(1517) ParNew: 139837K->8K(157376K)
[26.461s][info ][gc,heap        ] GC(1517) CMS: 3754K->3754K(349568K)
[26.461s][info ][gc,metaspace   ] GC(1517) Metaspace: 16025K(16640K)->16025K(16640K) NonClass: 14284K(14592K)->14284K(14592K) Class: 1740K(2048K)->1740K(2048K)
[26.461s][info ][gc             ] GC(1517) Pause Young (Allocation Failure) 140M->3M(495M) 0.454ms
[26.461s][info ][gc,cpu         ] GC(1517) User=0.00s Sys=0.00s Real=0.00s
[26.471s][info ][gc,start       ] GC(1518) Pause Young (Allocation Failure)
[26.471s][info ][gc,task        ] GC(1518) Using 9 workers of 9 for evacuation
[26.471s][debug][gc,age         ] GC(1518) Desired survivor size 8945664 bytes, new threshold 6 (max threshold 6)
[26.471s][trace][gc,age         ] GC(1518) Age table with threshold 6 (max threshold 6)
[26.471s][trace][gc,age         ] GC(1518) - age   1:        192 bytes,        192 total
[26.471s][info ][gc,heap        ] GC(1518) ParNew: 139876K->6K(157376K)
[26.471s][info ][gc,heap        ] GC(1518) CMS: 3754K->3754K(349568K)
[26.471s][info ][gc,metaspace   ] GC(1518) Metaspace: 16025K(16640K)->16025K(16640K) NonClass: 14284K(14592K)->14284K(14592K) Class: 1740K(2048K)->1740K(2048K)
[26.471s][info ][gc             ] GC(1518) Pause Young (Allocation Failure) 140M->3M(495M) 0.438ms
[26.471s][info ][gc,cpu         ] GC(1518) User=0.00s Sys=0.00s Real=0.00s
[26.481s][info ][gc,start       ] GC(1519) Pause Young (Allocation Failure)
[26.481s][info ][gc,task        ] GC(1519) Using 9 workers of 9 for evacuation
[26.481s][debug][gc,age         ] GC(1519) Desired survivor size 8945664 bytes, new threshold 6 (max threshold 6)
[26.481s][trace][gc,age         ] GC(1519) Age table with threshold 6 (max threshold 6)
[26.481s][trace][gc,age         ] GC(1519) - age   1:        192 bytes,        192 total
[26.481s][info ][gc,heap        ] GC(1519) ParNew: 139620K->4K(157376K)
[26.481s][info ][gc,heap        ] GC(1519) CMS: 3754K->3754K(349568K)
[26.481s][info ][gc,metaspace   ] GC(1519) Metaspace: 16025K(16640K)->16025K(16640K) NonClass: 14284K(14592K)->14284K(14592K) Class: 1740K(2048K)->1740K(2048K)
[26.481s][info ][gc             ] GC(1519) Pause Young (Allocation Failure) 140M->3M(495M) 0.403ms
[26.481s][info ][gc,cpu         ] GC(1519) User=0.00s Sys=0.00s Real=0.00s
[26.491s][info ][gc,start       ] GC(1520) Pause Young (Allocation Failure)
[26.491s][info ][gc,task        ] GC(1520) Using 9 workers of 9 for evacuation
[26.491s][debug][gc,age         ] GC(1520) Desired survivor size 8945664 bytes, new threshold 6 (max threshold 6)
[26.491s][trace][gc,age         ] GC(1520) Age table with threshold 6 (max threshold 6)
[26.491s][trace][gc,age         ] GC(1520) - age   1:        192 bytes,        192 total
[26.491s][info ][gc,heap        ] GC(1520) ParNew: 139881K->6K(157376K)
[26.491s][info ][gc,heap        ] GC(1520) CMS: 3754K->3754K(349568K)
[26.491s][info ][gc,metaspace   ] GC(1520) Metaspace: 16025K(16640K)->16025K(16640K) NonClass: 14284K(14592K)->14284K(14592K) Class: 1740K(2048K)->1740K(2048K)
[26.491s][info ][gc             ] GC(1520) Pause Young (Allocation Failure) 140M->3M(495M) 0.352ms
[26.491s][info ][gc,cpu         ] GC(1520) User=0.00s Sys=0.00s Real=0.00s
[26.501s][info ][gc,start       ] GC(1521) Pause Young (Allocation Failure)
[26.501s][info ][gc,task        ] GC(1521) Using 9 workers of 9 for evacuation
[26.501s][debug][gc,age         ] GC(1521) Desired survivor size 8945664 bytes, new threshold 6 (max threshold 6)
[26.501s][trace][gc,age         ] GC(1521) Age table with threshold 6 (max threshold 6)
[26.501s][trace][gc,age         ] GC(1521) - age   1:     400208 bytes,     400208 total
[26.501s][info ][gc,heap        ] GC(1521) ParNew: 139909K->394K(157376K)
[26.501s][info ][gc,heap        ] GC(1521) CMS: 3754K->3754K(349568K)
[26.501s][info ][gc,metaspace   ] GC(1521) Metaspace: 16025K(16640K)->16025K(16640K) NonClass: 14284K(14592K)->14284K(14592K) Class: 1740K(2048K)->1740K(2048K)
[26.501s][info ][gc             ] GC(1521) Pause Young (Allocation Failure) 140M->4M(495M) 0.407ms
[26.501s][info ][gc,cpu         ] GC(1521) User=0.00s Sys=0.00s Real=0.00s
[26.511s][info ][gc,start       ] GC(1522) Pause Young (Allocation Failure)
[26.511s][info ][gc,task        ] GC(1522) Using 9 workers of 9 for evacuation
[26.511s][debug][gc,age         ] GC(1522) Desired survivor size 8945664 bytes, new threshold 6 (max threshold 6)
[26.511s][trace][gc,age         ] GC(1522) Age table with threshold 6 (max threshold 6)
[26.511s][trace][gc,age         ] GC(1522) - age   1:     400208 bytes,     400208 total
[26.511s][info ][gc,heap        ] GC(1522) ParNew: 140221K->396K(157376K)
[26.511s][info ][gc,heap        ] GC(1522) CMS: 3754K->3754K(349568K)
[26.511s][info ][gc,metaspace   ] GC(1522) Metaspace: 16025K(16640K)->16025K(16640K) NonClass: 14284K(14592K)->14284K(14592K) Class: 1740K(2048K)->1740K(2048K)
[26.511s][info ][gc             ] GC(1522) Pause Young (Allocation Failure) 140M->4M(495M) 0.375ms
[26.511s][info ][gc,cpu         ] GC(1522) User=0.00s Sys=0.00s Real=0.00s
[26.520s][info ][gc,start       ] GC(1523) Pause Young (Allocation Failure)
[26.520s][info ][gc,task        ] GC(1523) Using 9 workers of 9 for evacuation
[26.521s][debug][gc,age         ] GC(1523) Desired survivor size 8945664 bytes, new threshold 6 (max threshold 6)
[26.521s][trace][gc,age         ] GC(1523) Age table with threshold 6 (max threshold 6)
[26.521s][trace][gc,age         ] GC(1523) - age   1:        192 bytes,        192 total
[26.521s][info ][gc,heap        ] GC(1523) ParNew: 140142K->8K(157376K)
[26.521s][info ][gc,heap        ] GC(1523) CMS: 3754K->3754K(349568K)
[26.521s][info ][gc,metaspace   ] GC(1523) Metaspace: 16025K(16640K)->16025K(16640K) NonClass: 14284K(14592K)->14284K(14592K) Class: 1740K(2048K)->1740K(2048K)
[26.521s][info ][gc             ] GC(1523) Pause Young (Allocation Failure) 140M->3M(495M) 0.390ms
[26.521s][info ][gc,cpu         ] GC(1523) User=0.00s Sys=0.00s Real=0.00s
[26.530s][info ][gc,start       ] GC(1524) Pause Young (Allocation Failure)
[26.530s][info ][gc,task        ] GC(1524) Using 9 workers of 9 for evacuation
[26.531s][debug][gc,age         ] GC(1524) Desired survivor size 8945664 bytes, new threshold 6 (max threshold 6)
[26.531s][trace][gc,age         ] GC(1524) Age table with threshold 6 (max threshold 6)
[26.531s][trace][gc,age         ] GC(1524) - age   1:     400208 bytes,     400208 total
[26.531s][info ][gc,heap        ] GC(1524) ParNew: 139772K->396K(157376K)
[26.531s][info ][gc,heap        ] GC(1524) CMS: 3754K->3754K(349568K)
[26.531s][info ][gc,metaspace   ] GC(1524) Metaspace: 16025K(16640K)->16025K(16640K) NonClass: 14284K(14592K)->14284K(14592K) Class: 1740K(2048K)->1740K(2048K)
[26.531s][info ][gc             ] GC(1524) Pause Young (Allocation Failure) 140M->4M(495M) 0.412ms
[26.531s][info ][gc,cpu         ] GC(1524) User=0.00s Sys=0.00s Real=0.00s
[26.540s][info ][gc,start       ] GC(1525) Pause Young (Allocation Failure)
[26.540s][info ][gc,task        ] GC(1525) Using 9 workers of 9 for evacuation
[26.541s][debug][gc,age         ] GC(1525) Desired survivor size 8945664 bytes, new threshold 6 (max threshold 6)
[26.541s][trace][gc,age         ] GC(1525) Age table with threshold 6 (max threshold 6)
[26.541s][trace][gc,age         ] GC(1525) - age   1:        192 bytes,        192 total
[26.541s][info ][gc,heap        ] GC(1525) ParNew: 140241K->6K(157376K)
[26.541s][info ][gc,heap        ] GC(1525) CMS: 3754K->3754K(349568K)
[26.541s][info ][gc,metaspace   ] GC(1525) Metaspace: 16025K(16640K)->16025K(16640K) NonClass: 14284K(14592K)->14284K(14592K) Class: 1740K(2048K)->1740K(2048K)
[26.541s][info ][gc             ] GC(1525) Pause Young (Allocation Failure) 140M->3M(495M) 0.347ms
[26.541s][info ][gc,cpu         ] GC(1525) User=0.00s Sys=0.00s Real=0.00s
[26.550s][info ][gc,start       ] GC(1526) Pause Young (Allocation Failure)
[26.550s][info ][gc,task        ] GC(1526) Using 9 workers of 9 for evacuation
[26.550s][debug][gc,age         ] GC(1526) Desired survivor size 8945664 bytes, new threshold 6 (max threshold 6)
[26.551s][trace][gc,age         ] GC(1526) Age table with threshold 6 (max threshold 6)
[26.551s][trace][gc,age         ] GC(1526) - age   1:        192 bytes,        192 total
[26.551s][info ][gc,heap        ] GC(1526) ParNew: 139637K->6K(157376K)
[26.551s][info ][gc,heap        ] GC(1526) CMS: 3754K->3754K(349568K)
[26.551s][info ][gc,metaspace   ] GC(1526) Metaspace: 16025K(16640K)->16025K(16640K) NonClass: 14284K(14592K)->14284K(14592K) Class: 1740K(2048K)->1740K(2048K)
[26.551s][info ][gc             ] GC(1526) Pause Young (Allocation Failure) 140M->3M(495M) 0.465ms
[26.551s][info ][gc,cpu         ] GC(1526) User=0.00s Sys=0.00s Real=0.00s
[26.560s][info ][gc,start       ] GC(1527) Pause Young (Allocation Failure)
[26.560s][info ][gc,task        ] GC(1527) Using 9 workers of 9 for evacuation
[26.561s][debug][gc,age         ] GC(1527) Desired survivor size 8945664 bytes, new threshold 6 (max threshold 6)
[26.561s][trace][gc,age         ] GC(1527) Age table with threshold 6 (max threshold 6)
[26.561s][trace][gc,age         ] GC(1527) - age   1:        192 bytes,        192 total
[26.561s][info ][gc,heap        ] GC(1527) ParNew: 139779K->8K(157376K)
[26.561s][info ][gc,heap        ] GC(1527) CMS: 3754K->3754K(349568K)
[26.561s][info ][gc,metaspace   ] GC(1527) Metaspace: 16025K(16640K)->16025K(16640K) NonClass: 14284K(14592K)->14284K(14592K) Class: 1740K(2048K)->1740K(2048K)
[26.561s][info ][gc             ] GC(1527) Pause Young (Allocation Failure) 140M->3M(495M) 0.582ms
[26.561s][info ][gc,cpu         ] GC(1527) User=0.00s Sys=0.00s Real=0.00s
[26.570s][info ][gc,start       ] GC(1528) Pause Young (Allocation Failure)
[26.570s][info ][gc,task        ] GC(1528) Using 9 workers of 9 for evacuation
[26.571s][debug][gc,age         ] GC(1528) Desired survivor size 8945664 bytes, new threshold 6 (max threshold 6)
[26.571s][trace][gc,age         ] GC(1528) Age table with threshold 6 (max threshold 6)
[26.571s][trace][gc,age         ] GC(1528) - age   1:     400208 bytes,     400208 total
[26.571s][info ][gc,heap        ] GC(1528) ParNew: 139716K->394K(157376K)
[26.571s][info ][gc,heap        ] GC(1528) CMS: 3754K->3754K(349568K)
[26.571s][info ][gc,metaspace   ] GC(1528) Metaspace: 16025K(16640K)->16025K(16640K) NonClass: 14284K(14592K)->14284K(14592K) Class: 1740K(2048K)->1740K(2048K)
[26.571s][info ][gc             ] GC(1528) Pause Young (Allocation Failure) 140M->4M(495M) 0.378ms
[26.571s][info ][gc,cpu         ] GC(1528) User=0.00s Sys=0.00s Real=0.00s
[26.580s][info ][gc,start       ] GC(1529) Pause Young (Allocation Failure)
[26.580s][info ][gc,task        ] GC(1529) Using 9 workers of 9 for evacuation
[26.581s][debug][gc,age         ] GC(1529) Desired survivor size 8945664 bytes, new threshold 6 (max threshold 6)
[26.581s][trace][gc,age         ] GC(1529) Age table with threshold 6 (max threshold 6)
[26.581s][trace][gc,age         ] GC(1529) - age   1:     400208 bytes,     400208 total
[26.581s][info ][gc,heap        ] GC(1529) ParNew: 140120K->396K(157376K)
[26.581s][info ][gc,heap        ] GC(1529) CMS: 3754K->3754K(349568K)
[26.581s][info ][gc,metaspace   ] GC(1529) Metaspace: 16025K(16640K)->16025K(16640K) NonClass: 14284K(14592K)->14284K(14592K) Class: 1740K(2048K)->1740K(2048K)
[26.581s][info ][gc             ] GC(1529) Pause Young (Allocation Failure) 140M->4M(495M) 0.489ms
[26.581s][info ][gc,cpu         ] GC(1529) User=0.00s Sys=0.00s Real=0.00s
[26.590s][info ][gc,start       ] GC(1530) Pause Young (Allocation Failure)
[26.590s][info ][gc,task        ] GC(1530) Using 9 workers of 9 for evacuation
[26.590s][debug][gc,age         ] GC(1530) Desired survivor size 8945664 bytes, new threshold 6 (max threshold 6)
[26.590s][trace][gc,age         ] GC(1530) Age table with threshold 6 (max threshold 6)
[26.590s][trace][gc,age         ] GC(1530) - age   1:     400208 bytes,     400208 total
[26.590s][info ][gc,heap        ] GC(1530) ParNew: 140226K->394K(157376K)
[26.590s][info ][gc,heap        ] GC(1530) CMS: 3754K->3754K(349568K)
[26.590s][info ][gc,metaspace   ] GC(1530) Metaspace: 16025K(16640K)->16025K(16640K) NonClass: 14284K(14592K)->14284K(14592K) Class: 1740K(2048K)->1740K(2048K)
[26.590s][info ][gc             ] GC(1530) Pause Young (Allocation Failure) 140M->4M(495M) 0.376ms
[26.591s][info ][gc,cpu         ] GC(1530) User=0.00s Sys=0.00s Real=0.00s
[26.600s][info ][gc,start       ] GC(1531) Pause Young (Allocation Failure)
[26.600s][info ][gc,task        ] GC(1531) Using 9 workers of 9 for evacuation
[26.600s][debug][gc,age         ] GC(1531) Desired survivor size 8945664 bytes, new threshold 6 (max threshold 6)
[26.600s][trace][gc,age         ] GC(1531) Age table with threshold 6 (max threshold 6)
[26.600s][trace][gc,age         ] GC(1531) - age   1:     400208 bytes,     400208 total
[26.600s][info ][gc,heap        ] GC(1531) ParNew: 140100K->398K(157376K)
[26.600s][info ][gc,heap        ] GC(1531) CMS: 3754K->3754K(349568K)
[26.600s][info ][gc,metaspace   ] GC(1531) Metaspace: 16025K(16640K)->16025K(16640K) NonClass: 14284K(14592K)->14284K(14592K) Class: 1740K(2048K)->1740K(2048K)
[26.600s][info ][gc             ] GC(1531) Pause Young (Allocation Failure) 140M->4M(495M) 0.376ms
[26.600s][info ][gc,cpu         ] GC(1531) User=0.01s Sys=0.00s Real=0.00s
[26.610s][info ][gc,start       ] GC(1532) Pause Young (Allocation Failure)
[26.610s][info ][gc,task        ] GC(1532) Using 9 workers of 9 for evacuation
[26.610s][debug][gc,age         ] GC(1532) Desired survivor size 8945664 bytes, new threshold 6 (max threshold 6)
[26.610s][trace][gc,age         ] GC(1532) Age table with threshold 6 (max threshold 6)
[26.610s][trace][gc,age         ] GC(1532) - age   1:     400208 bytes,     400208 total
[26.610s][info ][gc,heap        ] GC(1532) ParNew: 140012K->396K(157376K)
[26.610s][info ][gc,heap        ] GC(1532) CMS: 3754K->3754K(349568K)
[26.610s][info ][gc,metaspace   ] GC(1532) Metaspace: 16025K(16640K)->16025K(16640K) NonClass: 14284K(14592K)->14284K(14592K) Class: 1740K(2048K)->1740K(2048K)
[26.610s][info ][gc             ] GC(1532) Pause Young (Allocation Failure) 140M->4M(495M) 0.486ms
[26.610s][info ][gc,cpu         ] GC(1532) User=0.01s Sys=0.00s Real=0.00s
[26.620s][info ][gc,start       ] GC(1533) Pause Young (Allocation Failure)
[26.620s][info ][gc,task        ] GC(1533) Using 9 workers of 9 for evacuation
[26.620s][debug][gc,age         ] GC(1533) Desired survivor size 8945664 bytes, new threshold 6 (max threshold 6)
[26.620s][trace][gc,age         ] GC(1533) Age table with threshold 6 (max threshold 6)
[26.620s][trace][gc,age         ] GC(1533) - age   1:        192 bytes,        192 total
[26.620s][info ][gc,heap        ] GC(1533) ParNew: 139993K->6K(157376K)
[26.620s][info ][gc,heap        ] GC(1533) CMS: 3754K->3754K(349568K)
[26.620s][info ][gc,metaspace   ] GC(1533) Metaspace: 16025K(16640K)->16025K(16640K) NonClass: 14284K(14592K)->14284K(14592K) Class: 1740K(2048K)->1740K(2048K)
[26.620s][info ][gc             ] GC(1533) Pause Young (Allocation Failure) 140M->3M(495M) 0.377ms
[26.620s][info ][gc,cpu         ] GC(1533) User=0.01s Sys=0.00s Real=0.00s
[26.630s][info ][gc,start       ] GC(1534) Pause Young (Allocation Failure)
[26.630s][info ][gc,task        ] GC(1534) Using 9 workers of 9 for evacuation
[26.631s][debug][gc,age         ] GC(1534) Desired survivor size 8945664 bytes, new threshold 6 (max threshold 6)
[26.631s][trace][gc,age         ] GC(1534) Age table with threshold 6 (max threshold 6)
[26.631s][trace][gc,age         ] GC(1534) - age   1:        192 bytes,        192 total
[26.631s][info ][gc,heap        ] GC(1534) ParNew: 139608K->6K(157376K)
[26.631s][info ][gc,heap        ] GC(1534) CMS: 3754K->3754K(349568K)
[26.631s][info ][gc,metaspace   ] GC(1534) Metaspace: 16025K(16640K)->16025K(16640K) NonClass: 14284K(14592K)->14284K(14592K) Class: 1740K(2048K)->1740K(2048K)
[26.631s][info ][gc             ] GC(1534) Pause Young (Allocation Failure) 140M->3M(495M) 0.461ms
[26.631s][info ][gc,cpu         ] GC(1534) User=0.00s Sys=0.00s Real=0.00s
[26.640s][info ][gc,start       ] GC(1535) Pause Young (Allocation Failure)
[26.640s][info ][gc,task        ] GC(1535) Using 9 workers of 9 for evacuation
[26.640s][debug][gc,age         ] GC(1535) Desired survivor size 8945664 bytes, new threshold 6 (max threshold 6)
[26.640s][trace][gc,age         ] GC(1535) Age table with threshold 6 (max threshold 6)
[26.640s][trace][gc,age         ] GC(1535) - age   1:     400208 bytes,     400208 total
[26.640s][info ][gc,heap        ] GC(1535) ParNew: 139754K->396K(157376K)
[26.640s][info ][gc,heap        ] GC(1535) CMS: 3754K->3754K(349568K)
[26.640s][info ][gc,metaspace   ] GC(1535) Metaspace: 16025K(16640K)->16025K(16640K) NonClass: 14284K(14592K)->14284K(14592K) Class: 1740K(2048K)->1740K(2048K)
[26.640s][info ][gc             ] GC(1535) Pause Young (Allocation Failure) 140M->4M(495M) 0.370ms
[26.640s][info ][gc,cpu         ] GC(1535) User=0.00s Sys=0.00s Real=0.00s
[26.650s][info ][gc,start       ] GC(1536) Pause Young (Allocation Failure)
[26.650s][info ][gc,task        ] GC(1536) Using 9 workers of 9 for evacuation
[26.650s][debug][gc,age         ] GC(1536) Desired survivor size 8945664 bytes, new threshold 6 (max threshold 6)
[26.650s][trace][gc,age         ] GC(1536) Age table with threshold 6 (max threshold 6)
[26.650s][trace][gc,age         ] GC(1536) - age   1:        192 bytes,        192 total
[26.650s][info ][gc,heap        ] GC(1536) ParNew: 140141K->6K(157376K)
[26.650s][info ][gc,heap        ] GC(1536) CMS: 3754K->3754K(349568K)
[26.650s][info ][gc,metaspace   ] GC(1536) Metaspace: 16025K(16640K)->16025K(16640K) NonClass: 14284K(14592K)->14284K(14592K) Class: 1740K(2048K)->1740K(2048K)
[26.650s][info ][gc             ] GC(1536) Pause Young (Allocation Failure) 140M->3M(495M) 0.468ms
[26.650s][info ][gc,cpu         ] GC(1536) User=0.00s Sys=0.00s Real=0.00s
[26.660s][info ][gc,start       ] GC(1537) Pause Young (Allocation Failure)
[26.660s][info ][gc,task        ] GC(1537) Using 9 workers of 9 for evacuation
[26.662s][debug][gc,age         ] GC(1537) Desired survivor size 8945664 bytes, new threshold 6 (max threshold 6)
[26.662s][trace][gc,age         ] GC(1537) Age table with threshold 6 (max threshold 6)
[26.662s][trace][gc,age         ] GC(1537) - age   1:     400208 bytes,     400208 total
[26.662s][info ][gc,heap        ] GC(1537) ParNew: 139887K->398K(157376K)
[26.662s][info ][gc,heap        ] GC(1537) CMS: 3754K->3754K(349568K)
[26.662s][info ][gc,metaspace   ] GC(1537) Metaspace: 16025K(16640K)->16025K(16640K) NonClass: 14284K(14592K)->14284K(14592K) Class: 1740K(2048K)->1740K(2048K)
[26.662s][info ][gc             ] GC(1537) Pause Young (Allocation Failure) 140M->4M(495M) 1.532ms
[26.662s][info ][gc,cpu         ] GC(1537) User=0.01s Sys=0.00s Real=0.00s
[26.671s][info ][gc,start       ] GC(1538) Pause Young (Allocation Failure)
[26.671s][info ][gc,task        ] GC(1538) Using 9 workers of 9 for evacuation
[26.671s][debug][gc,age         ] GC(1538) Desired survivor size 8945664 bytes, new threshold 6 (max threshold 6)
[26.671s][trace][gc,age         ] GC(1538) Age table with threshold 6 (max threshold 6)
[26.671s][trace][gc,age         ] GC(1538) - age   1:        192 bytes,        192 total
[26.671s][info ][gc,heap        ] GC(1538) ParNew: 140238K->8K(157376K)
[26.672s][info ][gc,heap        ] GC(1538) CMS: 3754K->3754K(349568K)
[26.672s][info ][gc,metaspace   ] GC(1538) Metaspace: 16025K(16640K)->16025K(16640K) NonClass: 14284K(14592K)->14284K(14592K) Class: 1740K(2048K)->1740K(2048K)
[26.672s][info ][gc             ] GC(1538) Pause Young (Allocation Failure) 140M->3M(495M) 0.454ms
[26.672s][info ][gc,cpu         ] GC(1538) User=0.00s Sys=0.00s Real=0.00s
[26.681s][info ][gc,start       ] GC(1539) Pause Young (Allocation Failure)
[26.681s][info ][gc,task        ] GC(1539) Using 9 workers of 9 for evacuation
[26.681s][debug][gc,age         ] GC(1539) Desired survivor size 8945664 bytes, new threshold 6 (max threshold 6)
[26.681s][trace][gc,age         ] GC(1539) Age table with threshold 6 (max threshold 6)
[26.681s][trace][gc,age         ] GC(1539) - age   1:     400208 bytes,     400208 total
[26.681s][info ][gc,heap        ] GC(1539) ParNew: 139602K->398K(157376K)
[26.681s][info ][gc,heap        ] GC(1539) CMS: 3754K->3754K(349568K)
[26.681s][info ][gc,metaspace   ] GC(1539) Metaspace: 16025K(16640K)->16025K(16640K) NonClass: 14284K(14592K)->14284K(14592K) Class: 1740K(2048K)->1740K(2048K)
[26.681s][info ][gc             ] GC(1539) Pause Young (Allocation Failure) 139M->4M(495M) 0.438ms
[26.681s][info ][gc,cpu         ] GC(1539) User=0.00s Sys=0.00s Real=0.00s
[26.691s][info ][gc,start       ] GC(1540) Pause Young (Allocation Failure)
[26.691s][info ][gc,task        ] GC(1540) Using 9 workers of 9 for evacuation
[26.692s][debug][gc,age         ] GC(1540) Desired survivor size 8945664 bytes, new threshold 6 (max threshold 6)
[26.692s][trace][gc,age         ] GC(1540) Age table with threshold 6 (max threshold 6)
[26.692s][trace][gc,age         ] GC(1540) - age   1:     400208 bytes,     400208 total
[26.692s][info ][gc,heap        ] GC(1540) ParNew: 140171K->394K(157376K)
[26.692s][info ][gc,heap        ] GC(1540) CMS: 3754K->3754K(349568K)
[26.692s][info ][gc,metaspace   ] GC(1540) Metaspace: 16025K(16640K)->16025K(16640K) NonClass: 14284K(14592K)->14284K(14592K) Class: 1740K(2048K)->1740K(2048K)
[26.692s][info ][gc             ] GC(1540) Pause Young (Allocation Failure) 140M->4M(495M) 0.442ms
[26.692s][info ][gc,cpu         ] GC(1540) User=0.00s Sys=0.00s Real=0.00s
[26.701s][info ][gc,start       ] GC(1541) Pause Young (Allocation Failure)
[26.701s][info ][gc,task        ] GC(1541) Using 9 workers of 9 for evacuation
[26.702s][debug][gc,age         ] GC(1541) Desired survivor size 8945664 bytes, new threshold 6 (max threshold 6)
[26.702s][trace][gc,age         ] GC(1541) Age table with threshold 6 (max threshold 6)
[26.702s][trace][gc,age         ] GC(1541) - age   1:        192 bytes,        192 total
[26.702s][info ][gc,heap        ] GC(1541) ParNew: 139969K->4K(157376K)
[26.702s][info ][gc,heap        ] GC(1541) CMS: 3754K->3754K(349568K)
[26.702s][info ][gc,metaspace   ] GC(1541) Metaspace: 16025K(16640K)->16025K(16640K) NonClass: 14284K(14592K)->14284K(14592K) Class: 1740K(2048K)->1740K(2048K)
[26.702s][info ][gc             ] GC(1541) Pause Young (Allocation Failure) 140M->3M(495M) 0.438ms
[26.702s][info ][gc,cpu         ] GC(1541) User=0.00s Sys=0.00s Real=0.00s
[26.711s][info ][gc,start       ] GC(1542) Pause Young (Allocation Failure)
[26.711s][info ][gc,task        ] GC(1542) Using 9 workers of 9 for evacuation
[26.712s][debug][gc,age         ] GC(1542) Desired survivor size 8945664 bytes, new threshold 6 (max threshold 6)
[26.712s][trace][gc,age         ] GC(1542) Age table with threshold 6 (max threshold 6)
[26.712s][trace][gc,age         ] GC(1542) - age   1:     400208 bytes,     400208 total
[26.712s][info ][gc,heap        ] GC(1542) ParNew: 139750K->398K(157376K)
[26.712s][info ][gc,heap        ] GC(1542) CMS: 3754K->3754K(349568K)
[26.712s][info ][gc,metaspace   ] GC(1542) Metaspace: 16025K(16640K)->16025K(16640K) NonClass: 14284K(14592K)->14284K(14592K) Class: 1740K(2048K)->1740K(2048K)
[26.712s][info ][gc             ] GC(1542) Pause Young (Allocation Failure) 140M->4M(495M) 0.471ms
[26.712s][info ][gc,cpu         ] GC(1542) User=0.00s Sys=0.00s Real=0.00s
[26.721s][info ][gc,start       ] GC(1543) Pause Young (Allocation Failure)
[26.721s][info ][gc,task        ] GC(1543) Using 9 workers of 9 for evacuation
[26.721s][debug][gc,age         ] GC(1543) Desired survivor size 8945664 bytes, new threshold 6 (max threshold 6)
[26.721s][trace][gc,age         ] GC(1543) Age table with threshold 6 (max threshold 6)
[26.721s][trace][gc,age         ] GC(1543) - age   1:        192 bytes,        192 total
[26.721s][info ][gc,heap        ] GC(1543) ParNew: 140094K->8K(157376K)
[26.721s][info ][gc,heap        ] GC(1543) CMS: 3754K->3754K(349568K)
[26.721s][info ][gc,metaspace   ] GC(1543) Metaspace: 16025K(16640K)->16025K(16640K) NonClass: 14284K(14592K)->14284K(14592K) Class: 1740K(2048K)->1740K(2048K)
[26.721s][info ][gc             ] GC(1543) Pause Young (Allocation Failure) 140M->3M(495M) 0.434ms
[26.721s][info ][gc,cpu         ] GC(1543) User=0.00s Sys=0.00s Real=0.00s
[26.731s][info ][gc,start       ] GC(1544) Pause Young (Allocation Failure)
[26.731s][info ][gc,task        ] GC(1544) Using 9 workers of 9 for evacuation
[26.731s][debug][gc,age         ] GC(1544) Desired survivor size 8945664 bytes, new threshold 6 (max threshold 6)
[26.731s][trace][gc,age         ] GC(1544) Age table with threshold 6 (max threshold 6)
[26.731s][trace][gc,age         ] GC(1544) - age   1:        192 bytes,        192 total
[26.731s][info ][gc,heap        ] GC(1544) ParNew: 139670K->6K(157376K)
[26.731s][info ][gc,heap        ] GC(1544) CMS: 3754K->3754K(349568K)
[26.731s][info ][gc,metaspace   ] GC(1544) Metaspace: 16025K(16640K)->16025K(16640K) NonClass: 14284K(14592K)->14284K(14592K) Class: 1740K(2048K)->1740K(2048K)
[26.731s][info ][gc             ] GC(1544) Pause Young (Allocation Failure) 140M->3M(495M) 0.466ms
[26.731s][info ][gc,cpu         ] GC(1544) User=0.00s Sys=0.00s Real=0.00s
[26.741s][info ][gc,start       ] GC(1545) Pause Young (Allocation Failure)
[26.741s][info ][gc,task        ] GC(1545) Using 9 workers of 9 for evacuation
[26.741s][debug][gc,age         ] GC(1545) Desired survivor size 8945664 bytes, new threshold 6 (max threshold 6)
[26.741s][trace][gc,age         ] GC(1545) Age table with threshold 6 (max threshold 6)
[26.741s][trace][gc,age         ] GC(1545) - age   1:     400208 bytes,     400208 total
[26.741s][info ][gc,heap        ] GC(1545) ParNew: 139671K->394K(157376K)
[26.741s][info ][gc,heap        ] GC(1545) CMS: 3754K->3754K(349568K)
[26.741s][info ][gc,metaspace   ] GC(1545) Metaspace: 16025K(16640K)->16025K(16640K) NonClass: 14284K(14592K)->14284K(14592K) Class: 1740K(2048K)->1740K(2048K)
[26.741s][info ][gc             ] GC(1545) Pause Young (Allocation Failure) 140M->4M(495M) 0.451ms
[26.741s][info ][gc,cpu         ] GC(1545) User=0.00s Sys=0.00s Real=0.00s
[26.751s][info ][gc,start       ] GC(1546) Pause Young (Allocation Failure)
[26.751s][info ][gc,task        ] GC(1546) Using 9 workers of 9 for evacuation
[26.751s][debug][gc,age         ] GC(1546) Desired survivor size 8945664 bytes, new threshold 6 (max threshold 6)
[26.751s][trace][gc,age         ] GC(1546) Age table with threshold 6 (max threshold 6)
[26.751s][trace][gc,age         ] GC(1546) - age   1:        192 bytes,        192 total
[26.751s][info ][gc,heap        ] GC(1546) ParNew: 139930K->6K(157376K)
[26.751s][info ][gc,heap        ] GC(1546) CMS: 3754K->3754K(349568K)
[26.751s][info ][gc,metaspace   ] GC(1546) Metaspace: 16025K(16640K)->16025K(16640K) NonClass: 14284K(14592K)->14284K(14592K) Class: 1740K(2048K)->1740K(2048K)
[26.751s][info ][gc             ] GC(1546) Pause Young (Allocation Failure) 140M->3M(495M) 0.457ms
[26.751s][info ][gc,cpu         ] GC(1546) User=0.01s Sys=0.00s Real=0.00s
[26.761s][info ][gc,start       ] GC(1547) Pause Young (Allocation Failure)
[26.761s][info ][gc,task        ] GC(1547) Using 9 workers of 9 for evacuation
[26.761s][debug][gc,age         ] GC(1547) Desired survivor size 8945664 bytes, new threshold 6 (max threshold 6)
[26.761s][trace][gc,age         ] GC(1547) Age table with threshold 6 (max threshold 6)
[26.761s][trace][gc,age         ] GC(1547) - age   1:     400208 bytes,     400208 total
[26.761s][info ][gc,heap        ] GC(1547) ParNew: 139899K->396K(157376K)
[26.761s][info ][gc,heap        ] GC(1547) CMS: 3754K->3754K(349568K)
[26.761s][info ][gc,metaspace   ] GC(1547) Metaspace: 16025K(16640K)->16025K(16640K) NonClass: 14284K(14592K)->14284K(14592K) Class: 1740K(2048K)->1740K(2048K)
[26.761s][info ][gc             ] GC(1547) Pause Young (Allocation Failure) 140M->4M(495M) 0.455ms
[26.761s][info ][gc,cpu         ] GC(1547) User=0.01s Sys=0.00s Real=0.00s
[26.771s][info ][gc,start       ] GC(1548) Pause Young (Allocation Failure)
[26.771s][info ][gc,task        ] GC(1548) Using 9 workers of 9 for evacuation
[26.771s][debug][gc,age         ] GC(1548) Desired survivor size 8945664 bytes, new threshold 6 (max threshold 6)
[26.771s][trace][gc,age         ] GC(1548) Age table with threshold 6 (max threshold 6)
[26.771s][trace][gc,age         ] GC(1548) - age   1:     400208 bytes,     400208 total
[26.771s][info ][gc,heap        ] GC(1548) ParNew: 140300K->396K(157376K)
[26.771s][info ][gc,heap        ] GC(1548) CMS: 3754K->3754K(349568K)
[26.771s][info ][gc,metaspace   ] GC(1548) Metaspace: 16025K(16640K)->16025K(16640K) NonClass: 14284K(14592K)->14284K(14592K) Class: 1740K(2048K)->1740K(2048K)
[26.771s][info ][gc             ] GC(1548) Pause Young (Allocation Failure) 140M->4M(495M) 0.444ms
[26.771s][info ][gc,cpu         ] GC(1548) User=0.00s Sys=0.00s Real=0.00s
[26.781s][info ][gc,start       ] GC(1549) Pause Young (Allocation Failure)
[26.781s][info ][gc,task        ] GC(1549) Using 9 workers of 9 for evacuation
[26.781s][debug][gc,age         ] GC(1549) Desired survivor size 8945664 bytes, new threshold 6 (max threshold 6)
[26.781s][trace][gc,age         ] GC(1549) Age table with threshold 6 (max threshold 6)
[26.781s][trace][gc,age         ] GC(1549) - age   1:     400208 bytes,     400208 total
[26.781s][info ][gc,heap        ] GC(1549) ParNew: 139919K->398K(157376K)
[26.781s][info ][gc,heap        ] GC(1549) CMS: 3754K->3754K(349568K)
[26.781s][info ][gc,metaspace   ] GC(1549) Metaspace: 16025K(16640K)->16025K(16640K) NonClass: 14284K(14592K)->14284K(14592K) Class: 1740K(2048K)->1740K(2048K)
[26.781s][info ][gc             ] GC(1549) Pause Young (Allocation Failure) 140M->4M(495M) 0.472ms
[26.781s][info ][gc,cpu         ] GC(1549) User=0.00s Sys=0.00s Real=0.00s
[26.791s][info ][gc,start       ] GC(1550) Pause Young (Allocation Failure)
[26.791s][info ][gc,task        ] GC(1550) Using 9 workers of 9 for evacuation
[26.791s][debug][gc,age         ] GC(1550) Desired survivor size 8945664 bytes, new threshold 6 (max threshold 6)
[26.791s][trace][gc,age         ] GC(1550) Age table with threshold 6 (max threshold 6)
[26.791s][trace][gc,age         ] GC(1550) - age   1:     400208 bytes,     400208 total
[26.791s][info ][gc,heap        ] GC(1550) ParNew: 140290K->398K(157376K)
[26.791s][info ][gc,heap        ] GC(1550) CMS: 3754K->3754K(349568K)
[26.791s][info ][gc,metaspace   ] GC(1550) Metaspace: 16025K(16640K)->16025K(16640K) NonClass: 14284K(14592K)->14284K(14592K) Class: 1740K(2048K)->1740K(2048K)
[26.791s][info ][gc             ] GC(1550) Pause Young (Allocation Failure) 140M->4M(495M) 0.447ms
[26.791s][info ][gc,cpu         ] GC(1550) User=0.00s Sys=0.01s Real=0.00s
[26.801s][info ][gc,start       ] GC(1551) Pause Young (Allocation Failure)
[26.801s][info ][gc,task        ] GC(1551) Using 9 workers of 9 for evacuation
[26.801s][debug][gc,age         ] GC(1551) Desired survivor size 8945664 bytes, new threshold 6 (max threshold 6)
[26.801s][trace][gc,age         ] GC(1551) Age table with threshold 6 (max threshold 6)
[26.801s][trace][gc,age         ] GC(1551) - age   1:        192 bytes,        192 total
[26.801s][info ][gc,heap        ] GC(1551) ParNew: 140209K->6K(157376K)
[26.801s][info ][gc,heap        ] GC(1551) CMS: 3754K->3754K(349568K)
[26.801s][info ][gc,metaspace   ] GC(1551) Metaspace: 16025K(16640K)->16025K(16640K) NonClass: 14284K(14592K)->14284K(14592K) Class: 1740K(2048K)->1740K(2048K)
[26.801s][info ][gc             ] GC(1551) Pause Young (Allocation Failure) 140M->3M(495M) 0.369ms
[26.801s][info ][gc,cpu         ] GC(1551) User=0.00s Sys=0.00s Real=0.00s
[26.811s][info ][gc,start       ] GC(1552) Pause Young (Allocation Failure)
[26.811s][info ][gc,task        ] GC(1552) Using 9 workers of 9 for evacuation
[26.811s][debug][gc,age         ] GC(1552) Desired survivor size 8945664 bytes, new threshold 6 (max threshold 6)
[26.811s][trace][gc,age         ] GC(1552) Age table with threshold 6 (max threshold 6)
[26.811s][trace][gc,age         ] GC(1552) - age   1:        192 bytes,        192 total
[26.811s][info ][gc,heap        ] GC(1552) ParNew: 139626K->4K(157376K)
[26.811s][info ][gc,heap        ] GC(1552) CMS: 3754K->3754K(349568K)
[26.811s][info ][gc,metaspace   ] GC(1552) Metaspace: 16025K(16640K)->16025K(16640K) NonClass: 14284K(14592K)->14284K(14592K) Class: 1740K(2048K)->1740K(2048K)
[26.811s][info ][gc             ] GC(1552) Pause Young (Allocation Failure) 140M->3M(495M) 0.415ms
[26.811s][info ][gc,cpu         ] GC(1552) User=0.00s Sys=0.00s Real=0.00s
[26.820s][info ][gc,start       ] GC(1553) Pause Young (Allocation Failure)
[26.820s][info ][gc,task        ] GC(1553) Using 9 workers of 9 for evacuation
[26.821s][debug][gc,age         ] GC(1553) Desired survivor size 8945664 bytes, new threshold 6 (max threshold 6)
[26.821s][trace][gc,age         ] GC(1553) Age table with threshold 6 (max threshold 6)
[26.821s][trace][gc,age         ] GC(1553) - age   1:        192 bytes,        192 total
[26.821s][info ][gc,heap        ] GC(1553) ParNew: 139621K->8K(157376K)
[26.821s][info ][gc,heap        ] GC(1553) CMS: 3754K->3754K(349568K)
[26.821s][info ][gc,metaspace   ] GC(1553) Metaspace: 16025K(16640K)->16025K(16640K) NonClass: 14284K(14592K)->14284K(14592K) Class: 1740K(2048K)->1740K(2048K)
[26.821s][info ][gc             ] GC(1553) Pause Young (Allocation Failure) 140M->3M(495M) 0.422ms
[26.821s][info ][gc,cpu         ] GC(1553) User=0.00s Sys=0.00s Real=0.00s
[26.830s][info ][gc,start       ] GC(1554) Pause Young (Allocation Failure)
[26.830s][info ][gc,task        ] GC(1554) Using 9 workers of 9 for evacuation
[26.831s][debug][gc,age         ] GC(1554) Desired survivor size 8945664 bytes, new threshold 6 (max threshold 6)
[26.831s][trace][gc,age         ] GC(1554) Age table with threshold 6 (max threshold 6)
[26.831s][trace][gc,age         ] GC(1554) - age   1:     400208 bytes,     400208 total
[26.831s][info ][gc,heap        ] GC(1554) ParNew: 139892K->396K(157376K)
[26.831s][info ][gc,heap        ] GC(1554) CMS: 3754K->3754K(349568K)
[26.831s][info ][gc,metaspace   ] GC(1554) Metaspace: 16025K(16640K)->16025K(16640K) NonClass: 14284K(14592K)->14284K(14592K) Class: 1740K(2048K)->1740K(2048K)
[26.831s][info ][gc             ] GC(1554) Pause Young (Allocation Failure) 140M->4M(495M) 0.460ms
[26.831s][info ][gc,cpu         ] GC(1554) User=0.00s Sys=0.00s Real=0.00s
[26.840s][info ][gc,start       ] GC(1555) Pause Young (Allocation Failure)
[26.840s][info ][gc,task        ] GC(1555) Using 9 workers of 9 for evacuation
[26.841s][debug][gc,age         ] GC(1555) Desired survivor size 8945664 bytes, new threshold 6 (max threshold 6)
[26.841s][trace][gc,age         ] GC(1555) Age table with threshold 6 (max threshold 6)
[26.841s][trace][gc,age         ] GC(1555) - age   1:     400208 bytes,     400208 total
[26.841s][info ][gc,heap        ] GC(1555) ParNew: 140195K->396K(157376K)
[26.841s][info ][gc,heap        ] GC(1555) CMS: 3754K->3754K(349568K)
[26.841s][info ][gc,metaspace   ] GC(1555) Metaspace: 16025K(16640K)->16025K(16640K) NonClass: 14284K(14592K)->14284K(14592K) Class: 1740K(2048K)->1740K(2048K)
[26.841s][info ][gc             ] GC(1555) Pause Young (Allocation Failure) 140M->4M(495M) 0.357ms
[26.841s][info ][gc,cpu         ] GC(1555) User=0.00s Sys=0.00s Real=0.00s
[26.850s][info ][gc,start       ] GC(1556) Pause Young (Allocation Failure)
[26.850s][info ][gc,task        ] GC(1556) Using 9 workers of 9 for evacuation
[26.851s][debug][gc,age         ] GC(1556) Desired survivor size 8945664 bytes, new threshold 6 (max threshold 6)
[26.851s][trace][gc,age         ] GC(1556) Age table with threshold 6 (max threshold 6)
[26.851s][trace][gc,age         ] GC(1556) - age   1:        192 bytes,        192 total
[26.851s][info ][gc,heap        ] GC(1556) ParNew: 140087K->8K(157376K)
[26.851s][info ][gc,heap        ] GC(1556) CMS: 3754K->3754K(349568K)
[26.851s][info ][gc,metaspace   ] GC(1556) Metaspace: 16025K(16640K)->16025K(16640K) NonClass: 14284K(14592K)->14284K(14592K) Class: 1740K(2048K)->1740K(2048K)
[26.851s][info ][gc             ] GC(1556) Pause Young (Allocation Failure) 140M->3M(495M) 0.410ms
[26.851s][info ][gc,cpu         ] GC(1556) User=0.00s Sys=0.00s Real=0.00s
[26.860s][info ][gc,start       ] GC(1557) Pause Young (Allocation Failure)
[26.860s][info ][gc,task        ] GC(1557) Using 9 workers of 9 for evacuation
[26.861s][debug][gc,age         ] GC(1557) Desired survivor size 8945664 bytes, new threshold 6 (max threshold 6)
[26.861s][trace][gc,age         ] GC(1557) Age table with threshold 6 (max threshold 6)
[26.861s][trace][gc,age         ] GC(1557) - age   1:        192 bytes,        192 total
[26.861s][info ][gc,heap        ] GC(1557) ParNew: 139824K->8K(157376K)
[26.861s][info ][gc,heap        ] GC(1557) CMS: 3754K->3754K(349568K)
[26.861s][info ][gc,metaspace   ] GC(1557) Metaspace: 16025K(16640K)->16025K(16640K) NonClass: 14284K(14592K)->14284K(14592K) Class: 1740K(2048K)->1740K(2048K)
[26.861s][info ][gc             ] GC(1557) Pause Young (Allocation Failure) 140M->3M(495M) 0.496ms
[26.861s][info ][gc,cpu         ] GC(1557) User=0.00s Sys=0.00s Real=0.00s
[26.870s][info ][gc,start       ] GC(1558) Pause Young (Allocation Failure)
[26.870s][info ][gc,task        ] GC(1558) Using 9 workers of 9 for evacuation
[26.871s][debug][gc,age         ] GC(1558) Desired survivor size 8945664 bytes, new threshold 6 (max threshold 6)
[26.871s][trace][gc,age         ] GC(1558) Age table with threshold 6 (max threshold 6)
[26.871s][trace][gc,age         ] GC(1558) - age   1:        192 bytes,        192 total
[26.871s][info ][gc,heap        ] GC(1558) ParNew: 139823K->8K(157376K)
[26.871s][info ][gc,heap        ] GC(1558) CMS: 3754K->3754K(349568K)
[26.871s][info ][gc,metaspace   ] GC(1558) Metaspace: 16025K(16640K)->16025K(16640K) NonClass: 14284K(14592K)->14284K(14592K) Class: 1740K(2048K)->1740K(2048K)
[26.871s][info ][gc             ] GC(1558) Pause Young (Allocation Failure) 140M->3M(495M) 0.389ms
[26.871s][info ][gc,cpu         ] GC(1558) User=0.01s Sys=0.00s Real=0.00s
[26.880s][info ][gc,start       ] GC(1559) Pause Young (Allocation Failure)
[26.880s][info ][gc,task        ] GC(1559) Using 9 workers of 9 for evacuation
[26.880s][debug][gc,age         ] GC(1559) Desired survivor size 8945664 bytes, new threshold 6 (max threshold 6)
[26.880s][trace][gc,age         ] GC(1559) Age table with threshold 6 (max threshold 6)
[26.880s][trace][gc,age         ] GC(1559) - age   1:        192 bytes,        192 total
[26.881s][info ][gc,heap        ] GC(1559) ParNew: 139709K->8K(157376K)
[26.881s][info ][gc,heap        ] GC(1559) CMS: 3754K->3754K(349568K)
[26.881s][info ][gc,metaspace   ] GC(1559) Metaspace: 16025K(16640K)->16025K(16640K) NonClass: 14284K(14592K)->14284K(14592K) Class: 1740K(2048K)->1740K(2048K)
[26.881s][info ][gc             ] GC(1559) Pause Young (Allocation Failure) 140M->3M(495M) 0.464ms
[26.881s][info ][gc,cpu         ] GC(1559) User=0.01s Sys=0.00s Real=0.00s
[26.890s][info ][gc,start       ] GC(1560) Pause Young (Allocation Failure)
[26.890s][info ][gc,task        ] GC(1560) Using 9 workers of 9 for evacuation
[26.890s][debug][gc,age         ] GC(1560) Desired survivor size 8945664 bytes, new threshold 6 (max threshold 6)
[26.890s][trace][gc,age         ] GC(1560) Age table with threshold 6 (max threshold 6)
[26.890s][trace][gc,age         ] GC(1560) - age   1:     400208 bytes,     400208 total
[26.890s][info ][gc,heap        ] GC(1560) ParNew: 139618K->396K(157376K)
[26.890s][info ][gc,heap        ] GC(1560) CMS: 3754K->3754K(349568K)
[26.890s][info ][gc,metaspace   ] GC(1560) Metaspace: 16025K(16640K)->16025K(16640K) NonClass: 14284K(14592K)->14284K(14592K) Class: 1740K(2048K)->1740K(2048K)
[26.890s][info ][gc             ] GC(1560) Pause Young (Allocation Failure) 140M->4M(495M) 0.340ms
[26.890s][info ][gc,cpu         ] GC(1560) User=0.01s Sys=0.00s Real=0.00s
[26.900s][info ][gc,start       ] GC(1561) Pause Young (Allocation Failure)
[26.900s][info ][gc,task        ] GC(1561) Using 9 workers of 9 for evacuation
[26.900s][debug][gc,age         ] GC(1561) Desired survivor size 8945664 bytes, new threshold 6 (max threshold 6)
[26.900s][trace][gc,age         ] GC(1561) Age table with threshold 6 (max threshold 6)
[26.900s][trace][gc,age         ] GC(1561) - age   1:     400208 bytes,     400208 total
[26.900s][info ][gc,heap        ] GC(1561) ParNew: 139917K->398K(157376K)
[26.900s][info ][gc,heap        ] GC(1561) CMS: 3754K->3754K(349568K)
[26.900s][info ][gc,metaspace   ] GC(1561) Metaspace: 16025K(16640K)->16025K(16640K) NonClass: 14284K(14592K)->14284K(14592K) Class: 1740K(2048K)->1740K(2048K)
[26.900s][info ][gc             ] GC(1561) Pause Young (Allocation Failure) 140M->4M(495M) 0.408ms
[26.900s][info ][gc,cpu         ] GC(1561) User=0.01s Sys=0.00s Real=0.00s
[26.910s][info ][gc,start       ] GC(1562) Pause Young (Allocation Failure)
[26.910s][info ][gc,task        ] GC(1562) Using 9 workers of 9 for evacuation
[26.910s][debug][gc,age         ] GC(1562) Desired survivor size 8945664 bytes, new threshold 6 (max threshold 6)
[26.910s][trace][gc,age         ] GC(1562) Age table with threshold 6 (max threshold 6)
[26.910s][trace][gc,age         ] GC(1562) - age   1:        192 bytes,        192 total
[26.910s][info ][gc,heap        ] GC(1562) ParNew: 140103K->8K(157376K)
[26.910s][info ][gc,heap        ] GC(1562) CMS: 3754K->3754K(349568K)
[26.910s][info ][gc,metaspace   ] GC(1562) Metaspace: 16025K(16640K)->16025K(16640K) NonClass: 14284K(14592K)->14284K(14592K) Class: 1740K(2048K)->1740K(2048K)
[26.910s][info ][gc             ] GC(1562) Pause Young (Allocation Failure) 140M->3M(495M) 0.464ms
[26.910s][info ][gc,cpu         ] GC(1562) User=0.00s Sys=0.00s Real=0.00s
[26.920s][info ][gc,start       ] GC(1563) Pause Young (Allocation Failure)
[26.920s][info ][gc,task        ] GC(1563) Using 9 workers of 9 for evacuation
[26.920s][debug][gc,age         ] GC(1563) Desired survivor size 8945664 bytes, new threshold 6 (max threshold 6)
[26.920s][trace][gc,age         ] GC(1563) Age table with threshold 6 (max threshold 6)
[26.920s][trace][gc,age         ] GC(1563) - age   1:     400208 bytes,     400208 total
[26.920s][info ][gc,heap        ] GC(1563) ParNew: 139651K->396K(157376K)
[26.920s][info ][gc,heap        ] GC(1563) CMS: 3754K->3754K(349568K)
[26.920s][info ][gc,metaspace   ] GC(1563) Metaspace: 16025K(16640K)->16025K(16640K) NonClass: 14284K(14592K)->14284K(14592K) Class: 1740K(2048K)->1740K(2048K)
[26.920s][info ][gc             ] GC(1563) Pause Young (Allocation Failure) 140M->4M(495M) 0.383ms
[26.920s][info ][gc,cpu         ] GC(1563) User=0.00s Sys=0.00s Real=0.00s
[26.930s][info ][gc,start       ] GC(1564) Pause Young (Allocation Failure)
[26.930s][info ][gc,task        ] GC(1564) Using 9 workers of 9 for evacuation
[26.930s][debug][gc,age         ] GC(1564) Desired survivor size 8945664 bytes, new threshold 6 (max threshold 6)
[26.930s][trace][gc,age         ] GC(1564) Age table with threshold 6 (max threshold 6)
[26.930s][trace][gc,age         ] GC(1564) - age   1:     400208 bytes,     400208 total
[26.930s][info ][gc,heap        ] GC(1564) ParNew: 140287K->394K(157376K)
[26.930s][info ][gc,heap        ] GC(1564) CMS: 3754K->3754K(349568K)
[26.930s][info ][gc,metaspace   ] GC(1564) Metaspace: 16025K(16640K)->16025K(16640K) NonClass: 14284K(14592K)->14284K(14592K) Class: 1740K(2048K)->1740K(2048K)
[26.930s][info ][gc             ] GC(1564) Pause Young (Allocation Failure) 140M->4M(495M) 0.398ms
[26.930s][info ][gc,cpu         ] GC(1564) User=0.00s Sys=0.00s Real=0.00s
[26.939s][info ][gc,start       ] GC(1565) Pause Young (Allocation Failure)
[26.940s][info ][gc,task        ] GC(1565) Using 9 workers of 9 for evacuation
[26.940s][debug][gc,age         ] GC(1565) Desired survivor size 8945664 bytes, new threshold 6 (max threshold 6)
[26.940s][trace][gc,age         ] GC(1565) Age table with threshold 6 (max threshold 6)
[26.940s][trace][gc,age         ] GC(1565) - age   1:     400208 bytes,     400208 total
[26.940s][info ][gc,heap        ] GC(1565) ParNew: 139997K->396K(157376K)
[26.940s][info ][gc,heap        ] GC(1565) CMS: 3754K->3754K(349568K)
[26.940s][info ][gc,metaspace   ] GC(1565) Metaspace: 16025K(16640K)->16025K(16640K) NonClass: 14284K(14592K)->14284K(14592K) Class: 1740K(2048K)->1740K(2048K)
[26.940s][info ][gc             ] GC(1565) Pause Young (Allocation Failure) 140M->4M(495M) 0.388ms
[26.940s][info ][gc,cpu         ] GC(1565) User=0.00s Sys=0.00s Real=0.00s
[26.950s][info ][gc,start       ] GC(1566) Pause Young (Allocation Failure)
[26.950s][info ][gc,task        ] GC(1566) Using 9 workers of 9 for evacuation
[26.950s][debug][gc,age         ] GC(1566) Desired survivor size 8945664 bytes, new threshold 6 (max threshold 6)
[26.950s][trace][gc,age         ] GC(1566) Age table with threshold 6 (max threshold 6)
[26.950s][trace][gc,age         ] GC(1566) - age   1:     400208 bytes,     400208 total
[26.950s][info ][gc,heap        ] GC(1566) ParNew: 139971K->396K(157376K)
[26.950s][info ][gc,heap        ] GC(1566) CMS: 3754K->3754K(349568K)
[26.950s][info ][gc,metaspace   ] GC(1566) Metaspace: 16025K(16640K)->16025K(16640K) NonClass: 14284K(14592K)->14284K(14592K) Class: 1740K(2048K)->1740K(2048K)
[26.950s][info ][gc             ] GC(1566) Pause Young (Allocation Failure) 140M->4M(495M) 0.446ms
[26.950s][info ][gc,cpu         ] GC(1566) User=0.00s Sys=0.00s Real=0.00s
[26.960s][info ][gc,start       ] GC(1567) Pause Young (Allocation Failure)
[26.960s][info ][gc,task        ] GC(1567) Using 9 workers of 9 for evacuation
[26.961s][debug][gc,age         ] GC(1567) Desired survivor size 8945664 bytes, new threshold 6 (max threshold 6)
[26.961s][trace][gc,age         ] GC(1567) Age table with threshold 6 (max threshold 6)
[26.961s][trace][gc,age         ] GC(1567) - age   1:     400208 bytes,     400208 total
[26.961s][info ][gc,heap        ] GC(1567) ParNew: 140200K->394K(157376K)
[26.961s][info ][gc,heap        ] GC(1567) CMS: 3754K->3754K(349568K)
[26.961s][info ][gc,metaspace   ] GC(1567) Metaspace: 16025K(16640K)->16025K(16640K) NonClass: 14284K(14592K)->14284K(14592K) Class: 1740K(2048K)->1740K(2048K)
[26.961s][info ][gc             ] GC(1567) Pause Young (Allocation Failure) 140M->4M(495M) 0.854ms
[26.961s][info ][gc,cpu         ] GC(1567) User=0.00s Sys=0.00s Real=0.00s
[26.970s][info ][gc,start       ] GC(1568) Pause Young (Allocation Failure)
[26.970s][info ][gc,task        ] GC(1568) Using 9 workers of 9 for evacuation
[26.971s][debug][gc,age         ] GC(1568) Desired survivor size 8945664 bytes, new threshold 6 (max threshold 6)
[26.971s][trace][gc,age         ] GC(1568) Age table with threshold 6 (max threshold 6)
[26.971s][trace][gc,age         ] GC(1568) - age   1:        192 bytes,        192 total
[26.971s][info ][gc,heap        ] GC(1568) ParNew: 139966K->8K(157376K)
[26.971s][info ][gc,heap        ] GC(1568) CMS: 3754K->3754K(349568K)
[26.971s][info ][gc,metaspace   ] GC(1568) Metaspace: 16025K(16640K)->16025K(16640K) NonClass: 14284K(14592K)->14284K(14592K) Class: 1740K(2048K)->1740K(2048K)
[26.971s][info ][gc             ] GC(1568) Pause Young (Allocation Failure) 140M->3M(495M) 0.489ms
[26.971s][info ][gc,cpu         ] GC(1568) User=0.00s Sys=0.00s Real=0.00s
[26.980s][info ][gc,start       ] GC(1569) Pause Young (Allocation Failure)
[26.980s][info ][gc,task        ] GC(1569) Using 9 workers of 9 for evacuation
[26.980s][debug][gc,age         ] GC(1569) Desired survivor size 8945664 bytes, new threshold 6 (max threshold 6)
[26.980s][trace][gc,age         ] GC(1569) Age table with threshold 6 (max threshold 6)
[26.980s][trace][gc,age         ] GC(1569) - age   1:        192 bytes,        192 total
[26.981s][info ][gc,heap        ] GC(1569) ParNew: 139582K->6K(157376K)
[26.981s][info ][gc,heap        ] GC(1569) CMS: 3754K->3754K(349568K)
[26.981s][info ][gc,metaspace   ] GC(1569) Metaspace: 16025K(16640K)->16025K(16640K) NonClass: 14284K(14592K)->14284K(14592K) Class: 1740K(2048K)->1740K(2048K)
[26.981s][info ][gc             ] GC(1569) Pause Young (Allocation Failure) 139M->3M(495M) 0.404ms
[26.981s][info ][gc,cpu         ] GC(1569) User=0.00s Sys=0.00s Real=0.00s
[26.990s][info ][gc,start       ] GC(1570) Pause Young (Allocation Failure)
[26.990s][info ][gc,task        ] GC(1570) Using 9 workers of 9 for evacuation
[26.990s][debug][gc,age         ] GC(1570) Desired survivor size 8945664 bytes, new threshold 6 (max threshold 6)
[26.990s][trace][gc,age         ] GC(1570) Age table with threshold 6 (max threshold 6)
[26.990s][trace][gc,age         ] GC(1570) - age   1:     400208 bytes,     400208 total
[26.990s][info ][gc,heap        ] GC(1570) ParNew: 139866K->394K(157376K)
[26.990s][info ][gc,heap        ] GC(1570) CMS: 3754K->3754K(349568K)
[26.990s][info ][gc,metaspace   ] GC(1570) Metaspace: 16025K(16640K)->16025K(16640K) NonClass: 14284K(14592K)->14284K(14592K) Class: 1740K(2048K)->1740K(2048K)
[26.990s][info ][gc             ] GC(1570) Pause Young (Allocation Failure) 140M->4M(495M) 0.376ms
[26.990s][info ][gc,cpu         ] GC(1570) User=0.00s Sys=0.00s Real=0.00s
[27.000s][info ][gc,start       ] GC(1571) Pause Young (Allocation Failure)
[27.000s][info ][gc,task        ] GC(1571) Using 9 workers of 9 for evacuation
[27.001s][debug][gc,age         ] GC(1571) Desired survivor size 8945664 bytes, new threshold 6 (max threshold 6)
[27.001s][trace][gc,age         ] GC(1571) Age table with threshold 6 (max threshold 6)
[27.001s][trace][gc,age         ] GC(1571) - age   1:     400208 bytes,     400208 total
[27.001s][info ][gc,heap        ] GC(1571) ParNew: 140187K->396K(157376K)
[27.001s][info ][gc,heap        ] GC(1571) CMS: 3754K->3754K(349568K)
[27.001s][info ][gc,metaspace   ] GC(1571) Metaspace: 16025K(16640K)->16025K(16640K) NonClass: 14284K(14592K)->14284K(14592K) Class: 1740K(2048K)->1740K(2048K)
[27.001s][info ][gc             ] GC(1571) Pause Young (Allocation Failure) 140M->4M(495M) 0.445ms
[27.001s][info ][gc,cpu         ] GC(1571) User=0.00s Sys=0.00s Real=0.00s
[27.010s][info ][gc,start       ] GC(1572) Pause Young (Allocation Failure)
[27.010s][info ][gc,task        ] GC(1572) Using 9 workers of 9 for evacuation
[27.011s][debug][gc,age         ] GC(1572) Desired survivor size 8945664 bytes, new threshold 6 (max threshold 6)
[27.011s][trace][gc,age         ] GC(1572) Age table with threshold 6 (max threshold 6)
[27.011s][trace][gc,age         ] GC(1572) - age   1:        192 bytes,        192 total
[27.011s][info ][gc,heap        ] GC(1572) ParNew: 140106K->6K(157376K)
[27.011s][info ][gc,heap        ] GC(1572) CMS: 3754K->3754K(349568K)
[27.011s][info ][gc,metaspace   ] GC(1572) Metaspace: 16025K(16640K)->16025K(16640K) NonClass: 14284K(14592K)->14284K(14592K) Class: 1740K(2048K)->1740K(2048K)
[27.011s][info ][gc             ] GC(1572) Pause Young (Allocation Failure) 140M->3M(495M) 0.530ms
[27.011s][info ][gc,cpu         ] GC(1572) User=0.01s Sys=0.00s Real=0.00s
[27.021s][info ][gc,start       ] GC(1573) Pause Young (Allocation Failure)
[27.021s][info ][gc,task        ] GC(1573) Using 9 workers of 9 for evacuation
[27.021s][debug][gc,age         ] GC(1573) Desired survivor size 8945664 bytes, new threshold 6 (max threshold 6)
[27.021s][trace][gc,age         ] GC(1573) Age table with threshold 6 (max threshold 6)
[27.021s][trace][gc,age         ] GC(1573) - age   1:     400208 bytes,     400208 total
[27.021s][info ][gc,heap        ] GC(1573) ParNew: 139801K->398K(157376K)
[27.021s][info ][gc,heap        ] GC(1573) CMS: 3754K->3754K(349568K)
[27.021s][info ][gc,metaspace   ] GC(1573) Metaspace: 16025K(16640K)->16025K(16640K) NonClass: 14284K(14592K)->14284K(14592K) Class: 1740K(2048K)->1740K(2048K)
[27.021s][info ][gc             ] GC(1573) Pause Young (Allocation Failure) 140M->4M(495M) 0.350ms
[27.021s][info ][gc,cpu         ] GC(1573) User=0.01s Sys=0.00s Real=0.00s
[27.031s][info ][gc,start       ] GC(1574) Pause Young (Allocation Failure)
[27.031s][info ][gc,task        ] GC(1574) Using 9 workers of 9 for evacuation
[27.031s][debug][gc,age         ] GC(1574) Desired survivor size 8945664 bytes, new threshold 6 (max threshold 6)
[27.031s][trace][gc,age         ] GC(1574) Age table with threshold 6 (max threshold 6)
[27.031s][trace][gc,age         ] GC(1574) - age   1:        192 bytes,        192 total
[27.031s][info ][gc,heap        ] GC(1574) ParNew: 140249K->6K(157376K)
[27.031s][info ][gc,heap        ] GC(1574) CMS: 3754K->3754K(349568K)
[27.031s][info ][gc,metaspace   ] GC(1574) Metaspace: 16025K(16640K)->16025K(16640K) NonClass: 14284K(14592K)->14284K(14592K) Class: 1740K(2048K)->1740K(2048K)
[27.031s][info ][gc             ] GC(1574) Pause Young (Allocation Failure) 140M->3M(495M) 0.446ms
[27.031s][info ][gc,cpu         ] GC(1574) User=0.01s Sys=0.00s Real=0.00s
[27.040s][info ][gc,start       ] GC(1575) Pause Young (Allocation Failure)
[27.041s][info ][gc,task        ] GC(1575) Using 9 workers of 9 for evacuation
[27.041s][debug][gc,age         ] GC(1575) Desired survivor size 8945664 bytes, new threshold 6 (max threshold 6)
[27.041s][trace][gc,age         ] GC(1575) Age table with threshold 6 (max threshold 6)
[27.041s][trace][gc,age         ] GC(1575) - age   1:     400208 bytes,     400208 total
[27.041s][info ][gc,heap        ] GC(1575) ParNew: 139723K->394K(157376K)
[27.041s][info ][gc,heap        ] GC(1575) CMS: 3754K->3754K(349568K)
[27.041s][info ][gc,metaspace   ] GC(1575) Metaspace: 16025K(16640K)->16025K(16640K) NonClass: 14284K(14592K)->14284K(14592K) Class: 1740K(2048K)->1740K(2048K)
[27.041s][info ][gc             ] GC(1575) Pause Young (Allocation Failure) 140M->4M(495M) 0.373ms
[27.041s][info ][gc,cpu         ] GC(1575) User=0.00s Sys=0.00s Real=0.00s
[27.050s][info ][gc,start       ] GC(1576) Pause Young (Allocation Failure)
[27.050s][info ][gc,task        ] GC(1576) Using 9 workers of 9 for evacuation
[27.051s][debug][gc,age         ] GC(1576) Desired survivor size 8945664 bytes, new threshold 6 (max threshold 6)
[27.051s][trace][gc,age         ] GC(1576) Age table with threshold 6 (max threshold 6)
[27.051s][trace][gc,age         ] GC(1576) - age   1:     400208 bytes,     400208 total
[27.051s][info ][gc,heap        ] GC(1576) ParNew: 140042K->396K(157376K)
[27.051s][info ][gc,heap        ] GC(1576) CMS: 3754K->3754K(349568K)
[27.051s][info ][gc,metaspace   ] GC(1576) Metaspace: 16025K(16640K)->16025K(16640K) NonClass: 14284K(14592K)->14284K(14592K) Class: 1740K(2048K)->1740K(2048K)
[27.051s][info ][gc             ] GC(1576) Pause Young (Allocation Failure) 140M->4M(495M) 0.425ms
[27.051s][info ][gc,cpu         ] GC(1576) User=0.00s Sys=0.00s Real=0.00s
[27.060s][info ][gc,start       ] GC(1577) Pause Young (Allocation Failure)
[27.060s][info ][gc,task        ] GC(1577) Using 9 workers of 9 for evacuation
[27.061s][debug][gc,age         ] GC(1577) Desired survivor size 8945664 bytes, new threshold 6 (max threshold 6)
[27.061s][trace][gc,age         ] GC(1577) Age table with threshold 6 (max threshold 6)
[27.061s][trace][gc,age         ] GC(1577) - age   1:        192 bytes,        192 total
[27.061s][info ][gc,heap        ] GC(1577) ParNew: 140025K->6K(157376K)
[27.061s][info ][gc,heap        ] GC(1577) CMS: 3754K->3754K(349568K)
[27.061s][info ][gc,metaspace   ] GC(1577) Metaspace: 16025K(16640K)->16025K(16640K) NonClass: 14284K(14592K)->14284K(14592K) Class: 1740K(2048K)->1740K(2048K)
[27.061s][info ][gc             ] GC(1577) Pause Young (Allocation Failure) 140M->3M(495M) 0.423ms
[27.061s][info ][gc,cpu         ] GC(1577) User=0.00s Sys=0.00s Real=0.00s
[27.070s][info ][gc,start       ] GC(1578) Pause Young (Allocation Failure)
[27.070s][info ][gc,task        ] GC(1578) Using 9 workers of 9 for evacuation
[27.071s][debug][gc,age         ] GC(1578) Desired survivor size 8945664 bytes, new threshold 6 (max threshold 6)
[27.071s][trace][gc,age         ] GC(1578) Age table with threshold 6 (max threshold 6)
[27.071s][trace][gc,age         ] GC(1578) - age   1:     400208 bytes,     400208 total
[27.071s][info ][gc,heap        ] GC(1578) ParNew: 139802K->396K(157376K)
[27.071s][info ][gc,heap        ] GC(1578) CMS: 3754K->3754K(349568K)
[27.071s][info ][gc,metaspace   ] GC(1578) Metaspace: 16025K(16640K)->16025K(16640K) NonClass: 14284K(14592K)->14284K(14592K) Class: 1740K(2048K)->1740K(2048K)
[27.071s][info ][gc             ] GC(1578) Pause Young (Allocation Failure) 140M->4M(495M) 0.347ms
[27.071s][info ][gc,cpu         ] GC(1578) User=0.00s Sys=0.00s Real=0.00s
[27.080s][info ][gc,start       ] GC(1579) Pause Young (Allocation Failure)
[27.080s][info ][gc,task        ] GC(1579) Using 9 workers of 9 for evacuation
[27.083s][debug][gc,age         ] GC(1579) Desired survivor size 8945664 bytes, new threshold 6 (max threshold 6)
[27.083s][trace][gc,age         ] GC(1579) Age table with threshold 6 (max threshold 6)
[27.083s][trace][gc,age         ] GC(1579) - age   1:        192 bytes,        192 total
[27.083s][info ][gc,heap        ] GC(1579) ParNew: 140052K->6K(157376K)
[27.083s][info ][gc,heap        ] GC(1579) CMS: 3754K->3754K(349568K)
[27.083s][info ][gc,metaspace   ] GC(1579) Metaspace: 16025K(16640K)->16025K(16640K) NonClass: 14284K(14592K)->14284K(14592K) Class: 1740K(2048K)->1740K(2048K)
[27.083s][info ][gc             ] GC(1579) Pause Young (Allocation Failure) 140M->3M(495M) 3.398ms
[27.083s][info ][gc,cpu         ] GC(1579) User=0.02s Sys=0.01s Real=0.00s
[27.093s][info ][gc,start       ] GC(1580) Pause Young (Allocation Failure)
[27.093s][info ][gc,task        ] GC(1580) Using 9 workers of 9 for evacuation
[27.095s][debug][gc,age         ] GC(1580) Desired survivor size 8945664 bytes, new threshold 6 (max threshold 6)
[27.095s][trace][gc,age         ] GC(1580) Age table with threshold 6 (max threshold 6)
[27.095s][trace][gc,age         ] GC(1580) - age   1:        192 bytes,        192 total
[27.095s][info ][gc,heap        ] GC(1580) ParNew: 139785K->8K(157376K)
[27.095s][info ][gc,heap        ] GC(1580) CMS: 3754K->3754K(349568K)
[27.095s][info ][gc,metaspace   ] GC(1580) Metaspace: 16025K(16640K)->16025K(16640K) NonClass: 14284K(14592K)->14284K(14592K) Class: 1740K(2048K)->1740K(2048K)
[27.095s][info ][gc             ] GC(1580) Pause Young (Allocation Failure) 140M->3M(495M) 1.667ms
[27.095s][info ][gc,cpu         ] GC(1580) User=0.01s Sys=0.00s Real=0.00s
[27.104s][info ][gc,start       ] GC(1581) Pause Young (Allocation Failure)
[27.104s][info ][gc,task        ] GC(1581) Using 9 workers of 9 for evacuation
[27.105s][debug][gc,age         ] GC(1581) Desired survivor size 8945664 bytes, new threshold 6 (max threshold 6)
[27.105s][trace][gc,age         ] GC(1581) Age table with threshold 6 (max threshold 6)
[27.105s][trace][gc,age         ] GC(1581) - age   1:        192 bytes,        192 total
[27.105s][info ][gc,heap        ] GC(1581) ParNew: 139912K->8K(157376K)
[27.105s][info ][gc,heap        ] GC(1581) CMS: 3754K->3754K(349568K)
[27.105s][info ][gc,metaspace   ] GC(1581) Metaspace: 16025K(16640K)->16025K(16640K) NonClass: 14284K(14592K)->14284K(14592K) Class: 1740K(2048K)->1740K(2048K)
[27.105s][info ][gc             ] GC(1581) Pause Young (Allocation Failure) 140M->3M(495M) 0.605ms
[27.105s][info ][gc,cpu         ] GC(1581) User=0.01s Sys=0.00s Real=0.00s
[27.114s][info ][gc,start       ] GC(1582) Pause Young (Allocation Failure)
[27.114s][info ][gc,task        ] GC(1582) Using 9 workers of 9 for evacuation
[27.115s][debug][gc,age         ] GC(1582) Desired survivor size 8945664 bytes, new threshold 6 (max threshold 6)
[27.115s][trace][gc,age         ] GC(1582) Age table with threshold 6 (max threshold 6)
[27.115s][trace][gc,age         ] GC(1582) - age   1:     400208 bytes,     400208 total
[27.115s][info ][gc,heap        ] GC(1582) ParNew: 139656K->398K(157376K)
[27.115s][info ][gc,heap        ] GC(1582) CMS: 3754K->3754K(349568K)
[27.115s][info ][gc,metaspace   ] GC(1582) Metaspace: 16025K(16640K)->16025K(16640K) NonClass: 14284K(14592K)->14284K(14592K) Class: 1740K(2048K)->1740K(2048K)
[27.115s][info ][gc             ] GC(1582) Pause Young (Allocation Failure) 140M->4M(495M) 0.484ms
[27.115s][info ][gc,cpu         ] GC(1582) User=0.00s Sys=0.00s Real=0.00s
[27.124s][info ][gc,start       ] GC(1583) Pause Young (Allocation Failure)
[27.124s][info ][gc,task        ] GC(1583) Using 9 workers of 9 for evacuation
[27.125s][debug][gc,age         ] GC(1583) Desired survivor size 8945664 bytes, new threshold 6 (max threshold 6)
[27.125s][trace][gc,age         ] GC(1583) Age table with threshold 6 (max threshold 6)
[27.125s][trace][gc,age         ] GC(1583) - age   1:        192 bytes,        192 total
[27.125s][info ][gc,heap        ] GC(1583) ParNew: 140101K->8K(157376K)
[27.125s][info ][gc,heap        ] GC(1583) CMS: 3754K->3754K(349568K)
[27.125s][info ][gc,metaspace   ] GC(1583) Metaspace: 16025K(16640K)->16025K(16640K) NonClass: 14284K(14592K)->14284K(14592K) Class: 1740K(2048K)->1740K(2048K)
[27.125s][info ][gc             ] GC(1583) Pause Young (Allocation Failure) 140M->3M(495M) 0.341ms
[27.125s][info ][gc,cpu         ] GC(1583) User=0.00s Sys=0.00s Real=0.00s
[27.134s][info ][gc,start       ] GC(1584) Pause Young (Allocation Failure)
[27.134s][info ][gc,task        ] GC(1584) Using 9 workers of 9 for evacuation
[27.135s][debug][gc,age         ] GC(1584) Desired survivor size 8945664 bytes, new threshold 6 (max threshold 6)
[27.135s][trace][gc,age         ] GC(1584) Age table with threshold 6 (max threshold 6)
[27.135s][trace][gc,age         ] GC(1584) - age   1:     400208 bytes,     400208 total
[27.135s][info ][gc,heap        ] GC(1584) ParNew: 139557K->396K(157376K)
[27.135s][info ][gc,heap        ] GC(1584) CMS: 3754K->3754K(349568K)
[27.135s][info ][gc,metaspace   ] GC(1584) Metaspace: 16025K(16640K)->16025K(16640K) NonClass: 14284K(14592K)->14284K(14592K) Class: 1740K(2048K)->1740K(2048K)
[27.135s][info ][gc             ] GC(1584) Pause Young (Allocation Failure) 139M->4M(495M) 0.401ms
[27.135s][info ][gc,cpu         ] GC(1584) User=0.00s Sys=0.00s Real=0.00s
[27.144s][info ][gc,start       ] GC(1585) Pause Young (Allocation Failure)
[27.144s][info ][gc,task        ] GC(1585) Using 9 workers of 9 for evacuation
[27.145s][debug][gc,age         ] GC(1585) Desired survivor size 8945664 bytes, new threshold 6 (max threshold 6)
[27.145s][trace][gc,age         ] GC(1585) Age table with threshold 6 (max threshold 6)
[27.145s][trace][gc,age         ] GC(1585) - age   1:     400208 bytes,     400208 total
[27.145s][info ][gc,heap        ] GC(1585) ParNew: 140109K->398K(157376K)
[27.145s][info ][gc,heap        ] GC(1585) CMS: 3754K->3754K(349568K)
[27.145s][info ][gc,metaspace   ] GC(1585) Metaspace: 16025K(16640K)->16025K(16640K) NonClass: 14284K(14592K)->14284K(14592K) Class: 1740K(2048K)->1740K(2048K)
[27.145s][info ][gc             ] GC(1585) Pause Young (Allocation Failure) 140M->4M(495M) 0.371ms
[27.145s][info ][gc,cpu         ] GC(1585) User=0.00s Sys=0.00s Real=0.00s
[27.155s][info ][gc,start       ] GC(1586) Pause Young (Allocation Failure)
[27.155s][info ][gc,task        ] GC(1586) Using 9 workers of 9 for evacuation
[27.155s][debug][gc,age         ] GC(1586) Desired survivor size 8945664 bytes, new threshold 6 (max threshold 6)
[27.155s][trace][gc,age         ] GC(1586) Age table with threshold 6 (max threshold 6)
[27.155s][trace][gc,age         ] GC(1586) - age   1:     400208 bytes,     400208 total
[27.155s][info ][gc,heap        ] GC(1586) ParNew: 140222K->396K(157376K)
[27.155s][info ][gc,heap        ] GC(1586) CMS: 3754K->3754K(349568K)
[27.155s][info ][gc,metaspace   ] GC(1586) Metaspace: 16025K(16640K)->16025K(16640K) NonClass: 14284K(14592K)->14284K(14592K) Class: 1740K(2048K)->1740K(2048K)
[27.155s][info ][gc             ] GC(1586) Pause Young (Allocation Failure) 140M->4M(495M) 0.379ms
[27.155s][info ][gc,cpu         ] GC(1586) User=0.00s Sys=0.00s Real=0.00s
[27.165s][info ][gc,start       ] GC(1587) Pause Young (Allocation Failure)
[27.165s][info ][gc,task        ] GC(1587) Using 9 workers of 9 for evacuation
[27.165s][debug][gc,age         ] GC(1587) Desired survivor size 8945664 bytes, new threshold 6 (max threshold 6)
[27.165s][trace][gc,age         ] GC(1587) Age table with threshold 6 (max threshold 6)
[27.165s][trace][gc,age         ] GC(1587) - age   1:     400208 bytes,     400208 total
[27.165s][info ][gc,heap        ] GC(1587) ParNew: 140258K->396K(157376K)
[27.165s][info ][gc,heap        ] GC(1587) CMS: 3754K->3754K(349568K)
[27.165s][info ][gc,metaspace   ] GC(1587) Metaspace: 16025K(16640K)->16025K(16640K) NonClass: 14284K(14592K)->14284K(14592K) Class: 1740K(2048K)->1740K(2048K)
[27.165s][info ][gc             ] GC(1587) Pause Young (Allocation Failure) 140M->4M(495M) 0.401ms
[27.165s][info ][gc,cpu         ] GC(1587) User=0.00s Sys=0.00s Real=0.00s
[27.175s][info ][gc,start       ] GC(1588) Pause Young (Allocation Failure)
[27.175s][info ][gc,task        ] GC(1588) Using 9 workers of 9 for evacuation
[27.175s][debug][gc,age         ] GC(1588) Desired survivor size 8945664 bytes, new threshold 6 (max threshold 6)
[27.175s][trace][gc,age         ] GC(1588) Age table with threshold 6 (max threshold 6)
[27.175s][trace][gc,age         ] GC(1588) - age   1:     400208 bytes,     400208 total
[27.175s][info ][gc,heap        ] GC(1588) ParNew: 140032K->394K(157376K)
[27.175s][info ][gc,heap        ] GC(1588) CMS: 3754K->3754K(349568K)
[27.175s][info ][gc,metaspace   ] GC(1588) Metaspace: 16025K(16640K)->16025K(16640K) NonClass: 14284K(14592K)->14284K(14592K) Class: 1740K(2048K)->1740K(2048K)
[27.175s][info ][gc             ] GC(1588) Pause Young (Allocation Failure) 140M->4M(495M) 0.449ms
[27.175s][info ][gc,cpu         ] GC(1588) User=0.00s Sys=0.00s Real=0.00s
[27.185s][info ][gc,start       ] GC(1589) Pause Young (Allocation Failure)
[27.185s][info ][gc,task        ] GC(1589) Using 9 workers of 9 for evacuation
[27.185s][debug][gc,age         ] GC(1589) Desired survivor size 8945664 bytes, new threshold 6 (max threshold 6)
[27.185s][trace][gc,age         ] GC(1589) Age table with threshold 6 (max threshold 6)
[27.185s][trace][gc,age         ] GC(1589) - age   1:     400208 bytes,     400208 total
[27.185s][info ][gc,heap        ] GC(1589) ParNew: 140248K->396K(157376K)
[27.185s][info ][gc,heap        ] GC(1589) CMS: 3754K->3754K(349568K)
[27.185s][info ][gc,metaspace   ] GC(1589) Metaspace: 16025K(16640K)->16025K(16640K) NonClass: 14284K(14592K)->14284K(14592K) Class: 1740K(2048K)->1740K(2048K)
[27.185s][info ][gc             ] GC(1589) Pause Young (Allocation Failure) 140M->4M(495M) 0.364ms
[27.185s][info ][gc,cpu         ] GC(1589) User=0.00s Sys=0.00s Real=0.00s
[27.194s][info ][gc,start       ] GC(1590) Pause Young (Allocation Failure)
[27.195s][info ][gc,task        ] GC(1590) Using 9 workers of 9 for evacuation
[27.195s][debug][gc,age         ] GC(1590) Desired survivor size 8945664 bytes, new threshold 6 (max threshold 6)
[27.195s][trace][gc,age         ] GC(1590) Age table with threshold 6 (max threshold 6)
[27.195s][trace][gc,age         ] GC(1590) - age   1:     400208 bytes,     400208 total
[27.195s][info ][gc,heap        ] GC(1590) ParNew: 140023K->396K(157376K)
[27.195s][info ][gc,heap        ] GC(1590) CMS: 3754K->3754K(349568K)
[27.195s][info ][gc,metaspace   ] GC(1590) Metaspace: 16025K(16640K)->16025K(16640K) NonClass: 14284K(14592K)->14284K(14592K) Class: 1740K(2048K)->1740K(2048K)
[27.195s][info ][gc             ] GC(1590) Pause Young (Allocation Failure) 140M->4M(495M) 0.369ms
[27.195s][info ][gc,cpu         ] GC(1590) User=0.00s Sys=0.00s Real=0.00s
[27.204s][info ][gc,start       ] GC(1591) Pause Young (Allocation Failure)
[27.204s][info ][gc,task        ] GC(1591) Using 9 workers of 9 for evacuation
[27.205s][debug][gc,age         ] GC(1591) Desired survivor size 8945664 bytes, new threshold 6 (max threshold 6)
[27.205s][trace][gc,age         ] GC(1591) Age table with threshold 6 (max threshold 6)
[27.205s][trace][gc,age         ] GC(1591) - age   1:        192 bytes,        192 total
[27.205s][info ][gc,heap        ] GC(1591) ParNew: 139913K->8K(157376K)
[27.205s][info ][gc,heap        ] GC(1591) CMS: 3754K->3754K(349568K)
[27.205s][info ][gc,metaspace   ] GC(1591) Metaspace: 16025K(16640K)->16025K(16640K) NonClass: 14284K(14592K)->14284K(14592K) Class: 1740K(2048K)->1740K(2048K)
[27.205s][info ][gc             ] GC(1591) Pause Young (Allocation Failure) 140M->3M(495M) 0.363ms
[27.205s][info ][gc,cpu         ] GC(1591) User=0.00s Sys=0.00s Real=0.00s
[27.214s][info ][gc,start       ] GC(1592) Pause Young (Allocation Failure)
[27.214s][info ][gc,task        ] GC(1592) Using 9 workers of 9 for evacuation
[27.215s][debug][gc,age         ] GC(1592) Desired survivor size 8945664 bytes, new threshold 6 (max threshold 6)
[27.215s][trace][gc,age         ] GC(1592) Age table with threshold 6 (max threshold 6)
[27.215s][trace][gc,age         ] GC(1592) - age   1:     400208 bytes,     400208 total
[27.215s][info ][gc,heap        ] GC(1592) ParNew: 139829K->396K(157376K)
[27.215s][info ][gc,heap        ] GC(1592) CMS: 3754K->3754K(349568K)
[27.215s][info ][gc,metaspace   ] GC(1592) Metaspace: 16025K(16640K)->16025K(16640K) NonClass: 14284K(14592K)->14284K(14592K) Class: 1740K(2048K)->1740K(2048K)
[27.215s][info ][gc             ] GC(1592) Pause Young (Allocation Failure) 140M->4M(495M) 0.449ms
[27.215s][info ][gc,cpu         ] GC(1592) User=0.00s Sys=0.00s Real=0.00s
[27.224s][info ][gc,start       ] GC(1593) Pause Young (Allocation Failure)
[27.224s][info ][gc,task        ] GC(1593) Using 9 workers of 9 for evacuation
[27.225s][debug][gc,age         ] GC(1593) Desired survivor size 8945664 bytes, new threshold 6 (max threshold 6)
[27.225s][trace][gc,age         ] GC(1593) Age table with threshold 6 (max threshold 6)
[27.225s][trace][gc,age         ] GC(1593) - age   1:     400208 bytes,     400208 total
[27.225s][info ][gc,heap        ] GC(1593) ParNew: 139951K->398K(157376K)
[27.225s][info ][gc,heap        ] GC(1593) CMS: 3754K->3754K(349568K)
[27.225s][info ][gc,metaspace   ] GC(1593) Metaspace: 16025K(16640K)->16025K(16640K) NonClass: 14284K(14592K)->14284K(14592K) Class: 1740K(2048K)->1740K(2048K)
[27.225s][info ][gc             ] GC(1593) Pause Young (Allocation Failure) 140M->4M(495M) 0.487ms
[27.225s][info ][gc,cpu         ] GC(1593) User=0.01s Sys=0.00s Real=0.00s
[27.234s][info ][gc,start       ] GC(1594) Pause Young (Allocation Failure)
[27.234s][info ][gc,task        ] GC(1594) Using 9 workers of 9 for evacuation
[27.235s][debug][gc,age         ] GC(1594) Desired survivor size 8945664 bytes, new threshold 6 (max threshold 6)
[27.235s][trace][gc,age         ] GC(1594) Age table with threshold 6 (max threshold 6)
[27.235s][trace][gc,age         ] GC(1594) - age   1:        192 bytes,        192 total
[27.235s][info ][gc,heap        ] GC(1594) ParNew: 140182K->6K(157376K)
[27.235s][info ][gc,heap        ] GC(1594) CMS: 3754K->3754K(349568K)
[27.235s][info ][gc,metaspace   ] GC(1594) Metaspace: 16025K(16640K)->16025K(16640K) NonClass: 14284K(14592K)->14284K(14592K) Class: 1740K(2048K)->1740K(2048K)
[27.235s][info ][gc             ] GC(1594) Pause Young (Allocation Failure) 140M->3M(495M) 0.470ms
[27.235s][info ][gc,cpu         ] GC(1594) User=0.01s Sys=0.00s Real=0.00s
[27.244s][info ][gc,start       ] GC(1595) Pause Young (Allocation Failure)
[27.244s][info ][gc,task        ] GC(1595) Using 9 workers of 9 for evacuation
[27.244s][debug][gc,age         ] GC(1595) Desired survivor size 8945664 bytes, new threshold 6 (max threshold 6)
[27.244s][trace][gc,age         ] GC(1595) Age table with threshold 6 (max threshold 6)
[27.244s][trace][gc,age         ] GC(1595) - age   1:        192 bytes,        192 total
[27.244s][info ][gc,heap        ] GC(1595) ParNew: 139572K->6K(157376K)
[27.244s][info ][gc,heap        ] GC(1595) CMS: 3754K->3754K(349568K)
[27.244s][info ][gc,metaspace   ] GC(1595) Metaspace: 16025K(16640K)->16025K(16640K) NonClass: 14284K(14592K)->14284K(14592K) Class: 1740K(2048K)->1740K(2048K)
[27.244s][info ][gc             ] GC(1595) Pause Young (Allocation Failure) 139M->3M(495M) 0.369ms
[27.244s][info ][gc,cpu         ] GC(1595) User=0.00s Sys=0.00s Real=0.00s
[27.254s][info ][gc,start       ] GC(1596) Pause Young (Allocation Failure)
[27.254s][info ][gc,task        ] GC(1596) Using 9 workers of 9 for evacuation
[27.256s][debug][gc,age         ] GC(1596) Desired survivor size 8945664 bytes, new threshold 6 (max threshold 6)
[27.256s][trace][gc,age         ] GC(1596) Age table with threshold 6 (max threshold 6)
[27.256s][trace][gc,age         ] GC(1596) - age   1:        192 bytes,        192 total
[27.256s][info ][gc,heap        ] GC(1596) ParNew: 139804K->6K(157376K)
[27.256s][info ][gc,heap        ] GC(1596) CMS: 3754K->3754K(349568K)
[27.256s][info ][gc,metaspace   ] GC(1596) Metaspace: 16025K(16640K)->16025K(16640K) NonClass: 14284K(14592K)->14284K(14592K) Class: 1740K(2048K)->1740K(2048K)
[27.256s][info ][gc             ] GC(1596) Pause Young (Allocation Failure) 140M->3M(495M) 1.851ms
[27.256s][info ][gc,cpu         ] GC(1596) User=0.01s Sys=0.00s Real=0.00s
[27.265s][info ][gc,start       ] GC(1597) Pause Young (Allocation Failure)
[27.265s][info ][gc,task        ] GC(1597) Using 9 workers of 9 for evacuation
[27.266s][debug][gc,age         ] GC(1597) Desired survivor size 8945664 bytes, new threshold 6 (max threshold 6)
[27.266s][trace][gc,age         ] GC(1597) Age table with threshold 6 (max threshold 6)
[27.266s][trace][gc,age         ] GC(1597) - age   1:     400208 bytes,     400208 total
[27.266s][info ][gc,heap        ] GC(1597) ParNew: 139735K->396K(157376K)
[27.266s][info ][gc,heap        ] GC(1597) CMS: 3754K->3754K(349568K)
[27.266s][info ][gc,metaspace   ] GC(1597) Metaspace: 16025K(16640K)->16025K(16640K) NonClass: 14284K(14592K)->14284K(14592K) Class: 1740K(2048K)->1740K(2048K)
[27.266s][info ][gc             ] GC(1597) Pause Young (Allocation Failure) 140M->4M(495M) 0.459ms
[27.266s][info ][gc,cpu         ] GC(1597) User=0.00s Sys=0.00s Real=0.00s
[27.275s][info ][gc,start       ] GC(1598) Pause Young (Allocation Failure)
[27.275s][info ][gc,task        ] GC(1598) Using 9 workers of 9 for evacuation
[27.276s][debug][gc,age         ] GC(1598) Desired survivor size 8945664 bytes, new threshold 6 (max threshold 6)
[27.276s][trace][gc,age         ] GC(1598) Age table with threshold 6 (max threshold 6)
[27.276s][trace][gc,age         ] GC(1598) - age   1:     400208 bytes,     400208 total
[27.276s][info ][gc,heap        ] GC(1598) ParNew: 139964K->396K(157376K)
[27.276s][info ][gc,heap        ] GC(1598) CMS: 3754K->3754K(349568K)
[27.276s][info ][gc,metaspace   ] GC(1598) Metaspace: 16025K(16640K)->16025K(16640K) NonClass: 14284K(14592K)->14284K(14592K) Class: 1740K(2048K)->1740K(2048K)
[27.276s][info ][gc             ] GC(1598) Pause Young (Allocation Failure) 140M->4M(495M) 0.339ms
[27.276s][info ][gc,cpu         ] GC(1598) User=0.00s Sys=0.00s Real=0.00s
[27.285s][info ][gc,start       ] GC(1599) Pause Young (Allocation Failure)
[27.285s][info ][gc,task        ] GC(1599) Using 9 workers of 9 for evacuation
[27.286s][debug][gc,age         ] GC(1599) Desired survivor size 8945664 bytes, new threshold 6 (max threshold 6)
[27.286s][trace][gc,age         ] GC(1599) Age table with threshold 6 (max threshold 6)
[27.286s][trace][gc,age         ] GC(1599) - age   1:     400208 bytes,     400208 total
[27.286s][info ][gc,heap        ] GC(1599) ParNew: 140300K->396K(157376K)
[27.286s][info ][gc,heap        ] GC(1599) CMS: 3754K->3754K(349568K)
[27.286s][info ][gc,metaspace   ] GC(1599) Metaspace: 16025K(16640K)->16025K(16640K) NonClass: 14284K(14592K)->14284K(14592K) Class: 1740K(2048K)->1740K(2048K)
[27.286s][info ][gc             ] GC(1599) Pause Young (Allocation Failure) 140M->4M(495M) 0.445ms
[27.286s][info ][gc,cpu         ] GC(1599) User=0.00s Sys=0.00s Real=0.00s
[27.295s][info ][gc,start       ] GC(1600) Pause Young (Allocation Failure)
[27.295s][info ][gc,task        ] GC(1600) Using 9 workers of 9 for evacuation
[27.296s][debug][gc,age         ] GC(1600) Desired survivor size 8945664 bytes, new threshold 6 (max threshold 6)
[27.296s][trace][gc,age         ] GC(1600) Age table with threshold 6 (max threshold 6)
[27.296s][trace][gc,age         ] GC(1600) - age   1:     400208 bytes,     400208 total
[27.296s][info ][gc,heap        ] GC(1600) ParNew: 140104K->398K(157376K)
[27.296s][info ][gc,heap        ] GC(1600) CMS: 3754K->3754K(349568K)
[27.296s][info ][gc,metaspace   ] GC(1600) Metaspace: 16025K(16640K)->16025K(16640K) NonClass: 14284K(14592K)->14284K(14592K) Class: 1740K(2048K)->1740K(2048K)
[27.296s][info ][gc             ] GC(1600) Pause Young (Allocation Failure) 140M->4M(495M) 0.392ms
[27.296s][info ][gc,cpu         ] GC(1600) User=0.00s Sys=0.00s Real=0.00s
[27.305s][info ][gc,start       ] GC(1601) Pause Young (Allocation Failure)
[27.305s][info ][gc,task        ] GC(1601) Using 9 workers of 9 for evacuation
[27.305s][debug][gc,age         ] GC(1601) Desired survivor size 8945664 bytes, new threshold 6 (max threshold 6)
[27.305s][trace][gc,age         ] GC(1601) Age table with threshold 6 (max threshold 6)
[27.305s][trace][gc,age         ] GC(1601) - age   1:     400208 bytes,     400208 total
[27.305s][info ][gc,heap        ] GC(1601) ParNew: 140205K->394K(157376K)
[27.305s][info ][gc,heap        ] GC(1601) CMS: 3754K->3754K(349568K)
[27.305s][info ][gc,metaspace   ] GC(1601) Metaspace: 16025K(16640K)->16025K(16640K) NonClass: 14284K(14592K)->14284K(14592K) Class: 1740K(2048K)->1740K(2048K)
[27.305s][info ][gc             ] GC(1601) Pause Young (Allocation Failure) 140M->4M(495M) 0.370ms
[27.305s][info ][gc,cpu         ] GC(1601) User=0.00s Sys=0.00s Real=0.00s
[27.315s][info ][gc,start       ] GC(1602) Pause Young (Allocation Failure)
[27.315s][info ][gc,task        ] GC(1602) Using 9 workers of 9 for evacuation
[27.315s][debug][gc,age         ] GC(1602) Desired survivor size 8945664 bytes, new threshold 6 (max threshold 6)
[27.315s][trace][gc,age         ] GC(1602) Age table with threshold 6 (max threshold 6)
[27.315s][trace][gc,age         ] GC(1602) - age   1:        192 bytes,        192 total
[27.315s][info ][gc,heap        ] GC(1602) ParNew: 140244K->8K(157376K)
[27.315s][info ][gc,heap        ] GC(1602) CMS: 3754K->3754K(349568K)
[27.315s][info ][gc,metaspace   ] GC(1602) Metaspace: 16025K(16640K)->16025K(16640K) NonClass: 14284K(14592K)->14284K(14592K) Class: 1740K(2048K)->1740K(2048K)
[27.315s][info ][gc             ] GC(1602) Pause Young (Allocation Failure) 140M->3M(495M) 0.386ms
[27.315s][info ][gc,cpu         ] GC(1602) User=0.00s Sys=0.00s Real=0.00s
[27.325s][info ][gc,start       ] GC(1603) Pause Young (Allocation Failure)
[27.325s][info ][gc,task        ] GC(1603) Using 9 workers of 9 for evacuation
[27.325s][debug][gc,age         ] GC(1603) Desired survivor size 8945664 bytes, new threshold 6 (max threshold 6)
[27.325s][trace][gc,age         ] GC(1603) Age table with threshold 6 (max threshold 6)
[27.325s][trace][gc,age         ] GC(1603) - age   1:     400208 bytes,     400208 total
[27.325s][info ][gc,heap        ] GC(1603) ParNew: 139874K->396K(157376K)
[27.325s][info ][gc,heap        ] GC(1603) CMS: 3754K->3754K(349568K)
[27.325s][info ][gc,metaspace   ] GC(1603) Metaspace: 16025K(16640K)->16025K(16640K) NonClass: 14284K(14592K)->14284K(14592K) Class: 1740K(2048K)->1740K(2048K)
[27.325s][info ][gc             ] GC(1603) Pause Young (Allocation Failure) 140M->4M(495M) 0.359ms
[27.325s][info ][gc,cpu         ] GC(1603) User=0.00s Sys=0.00s Real=0.00s
[27.335s][info ][gc,start       ] GC(1604) Pause Young (Allocation Failure)
[27.335s][info ][gc,task        ] GC(1604) Using 9 workers of 9 for evacuation
[27.335s][debug][gc,age         ] GC(1604) Desired survivor size 8945664 bytes, new threshold 6 (max threshold 6)
[27.335s][trace][gc,age         ] GC(1604) Age table with threshold 6 (max threshold 6)
[27.335s][trace][gc,age         ] GC(1604) - age   1:        192 bytes,        192 total
[27.335s][info ][gc,heap        ] GC(1604) ParNew: 140093K->8K(157376K)
[27.335s][info ][gc,heap        ] GC(1604) CMS: 3754K->3754K(349568K)
[27.335s][info ][gc,metaspace   ] GC(1604) Metaspace: 16025K(16640K)->16025K(16640K) NonClass: 14284K(14592K)->14284K(14592K) Class: 1740K(2048K)->1740K(2048K)
[27.335s][info ][gc             ] GC(1604) Pause Young (Allocation Failure) 140M->3M(495M) 0.425ms
[27.335s][info ][gc,cpu         ] GC(1604) User=0.00s Sys=0.00s Real=0.00s
[27.345s][info ][gc,start       ] GC(1605) Pause Young (Allocation Failure)
[27.345s][info ][gc,task        ] GC(1605) Using 9 workers of 9 for evacuation
[27.345s][debug][gc,age         ] GC(1605) Desired survivor size 8945664 bytes, new threshold 6 (max threshold 6)
[27.345s][trace][gc,age         ] GC(1605) Age table with threshold 6 (max threshold 6)
[27.345s][trace][gc,age         ] GC(1605) - age   1:     400208 bytes,     400208 total
[27.345s][info ][gc,heap        ] GC(1605) ParNew: 139694K->398K(157376K)
[27.345s][info ][gc,heap        ] GC(1605) CMS: 3754K->3754K(349568K)
[27.345s][info ][gc,metaspace   ] GC(1605) Metaspace: 16025K(16640K)->16025K(16640K) NonClass: 14284K(14592K)->14284K(14592K) Class: 1740K(2048K)->1740K(2048K)
[27.345s][info ][gc             ] GC(1605) Pause Young (Allocation Failure) 140M->4M(495M) 0.422ms
[27.345s][info ][gc,cpu         ] GC(1605) User=0.00s Sys=0.00s Real=0.00s
[27.355s][info ][gc,start       ] GC(1606) Pause Young (Allocation Failure)
[27.355s][info ][gc,task        ] GC(1606) Using 9 workers of 9 for evacuation
[27.355s][debug][gc,age         ] GC(1606) Desired survivor size 8945664 bytes, new threshold 6 (max threshold 6)
[27.355s][trace][gc,age         ] GC(1606) Age table with threshold 6 (max threshold 6)
[27.355s][trace][gc,age         ] GC(1606) - age   1:        192 bytes,        192 total
[27.355s][info ][gc,heap        ] GC(1606) ParNew: 140249K->6K(157376K)
[27.355s][info ][gc,heap        ] GC(1606) CMS: 3754K->3754K(349568K)
[27.355s][info ][gc,metaspace   ] GC(1606) Metaspace: 16025K(16640K)->16025K(16640K) NonClass: 14284K(14592K)->14284K(14592K) Class: 1740K(2048K)->1740K(2048K)
[27.355s][info ][gc             ] GC(1606) Pause Young (Allocation Failure) 140M->3M(495M) 0.407ms
[27.355s][info ][gc,cpu         ] GC(1606) User=0.01s Sys=0.00s Real=0.00s
[27.365s][info ][gc,start       ] GC(1607) Pause Young (Allocation Failure)
[27.365s][info ][gc,task        ] GC(1607) Using 9 workers of 9 for evacuation
[27.365s][debug][gc,age         ] GC(1607) Desired survivor size 8945664 bytes, new threshold 6 (max threshold 6)
[27.365s][trace][gc,age         ] GC(1607) Age table with threshold 6 (max threshold 6)
[27.365s][trace][gc,age         ] GC(1607) - age   1:     400208 bytes,     400208 total
[27.365s][info ][gc,heap        ] GC(1607) ParNew: 139818K->394K(157376K)
[27.365s][info ][gc,heap        ] GC(1607) CMS: 3754K->3754K(349568K)
[27.365s][info ][gc,metaspace   ] GC(1607) Metaspace: 16025K(16640K)->16025K(16640K) NonClass: 14284K(14592K)->14284K(14592K) Class: 1740K(2048K)->1740K(2048K)
[27.365s][info ][gc             ] GC(1607) Pause Young (Allocation Failure) 140M->4M(495M) 0.409ms
[27.365s][info ][gc,cpu         ] GC(1607) User=0.01s Sys=0.00s Real=0.00s
[27.374s][info ][gc,start       ] GC(1608) Pause Young (Allocation Failure)
[27.375s][info ][gc,task        ] GC(1608) Using 9 workers of 9 for evacuation
[27.375s][debug][gc,age         ] GC(1608) Desired survivor size 8945664 bytes, new threshold 6 (max threshold 6)
[27.375s][trace][gc,age         ] GC(1608) Age table with threshold 6 (max threshold 6)
[27.375s][trace][gc,age         ] GC(1608) - age   1:        192 bytes,        192 total
[27.375s][info ][gc,heap        ] GC(1608) ParNew: 140111K->6K(157376K)
[27.375s][info ][gc,heap        ] GC(1608) CMS: 3754K->3754K(349568K)
[27.375s][info ][gc,metaspace   ] GC(1608) Metaspace: 16025K(16640K)->16025K(16640K) NonClass: 14284K(14592K)->14284K(14592K) Class: 1740K(2048K)->1740K(2048K)
[27.375s][info ][gc             ] GC(1608) Pause Young (Allocation Failure) 140M->3M(495M) 0.337ms
[27.375s][info ][gc,cpu         ] GC(1608) User=0.01s Sys=0.00s Real=0.00s
[27.384s][info ][gc,start       ] GC(1609) Pause Young (Allocation Failure)
[27.384s][info ][gc,task        ] GC(1609) Using 9 workers of 9 for evacuation
[27.385s][debug][gc,age         ] GC(1609) Desired survivor size 8945664 bytes, new threshold 6 (max threshold 6)
[27.385s][trace][gc,age         ] GC(1609) Age table with threshold 6 (max threshold 6)
[27.385s][trace][gc,age         ] GC(1609) - age   1:     400208 bytes,     400208 total
[27.385s][info ][gc,heap        ] GC(1609) ParNew: 139671K->398K(157376K)
[27.385s][info ][gc,heap        ] GC(1609) CMS: 3754K->3754K(349568K)
[27.385s][info ][gc,metaspace   ] GC(1609) Metaspace: 16025K(16640K)->16025K(16640K) NonClass: 14284K(14592K)->14284K(14592K) Class: 1740K(2048K)->1740K(2048K)
[27.385s][info ][gc             ] GC(1609) Pause Young (Allocation Failure) 140M->4M(495M) 0.472ms
[27.385s][info ][gc,cpu         ] GC(1609) User=0.01s Sys=0.01s Real=0.00s
[27.394s][info ][gc,start       ] GC(1610) Pause Young (Allocation Failure)
[27.394s][info ][gc,task        ] GC(1610) Using 9 workers of 9 for evacuation
[27.395s][debug][gc,age         ] GC(1610) Desired survivor size 8945664 bytes, new threshold 6 (max threshold 6)
[27.395s][trace][gc,age         ] GC(1610) Age table with threshold 6 (max threshold 6)
[27.395s][trace][gc,age         ] GC(1610) - age   1:     400208 bytes,     400208 total
[27.395s][info ][gc,heap        ] GC(1610) ParNew: 139941K->396K(157376K)
[27.395s][info ][gc,heap        ] GC(1610) CMS: 3754K->3754K(349568K)
[27.395s][info ][gc,metaspace   ] GC(1610) Metaspace: 16025K(16640K)->16025K(16640K) NonClass: 14284K(14592K)->14284K(14592K) Class: 1740K(2048K)->1740K(2048K)
[27.395s][info ][gc             ] GC(1610) Pause Young (Allocation Failure) 140M->4M(495M) 0.423ms
[27.395s][info ][gc,cpu         ] GC(1610) User=0.00s Sys=0.00s Real=0.00s
[27.404s][info ][gc,start       ] GC(1611) Pause Young (Allocation Failure)
[27.404s][info ][gc,task        ] GC(1611) Using 9 workers of 9 for evacuation
[27.404s][debug][gc,age         ] GC(1611) Desired survivor size 8945664 bytes, new threshold 6 (max threshold 6)
[27.405s][trace][gc,age         ] GC(1611) Age table with threshold 6 (max threshold 6)
[27.405s][trace][gc,age         ] GC(1611) - age   1:     400208 bytes,     400208 total
[27.405s][info ][gc,heap        ] GC(1611) ParNew: 139917K->398K(157376K)
[27.405s][info ][gc,heap        ] GC(1611) CMS: 3754K->3754K(349568K)
[27.405s][info ][gc,metaspace   ] GC(1611) Metaspace: 16025K(16640K)->16025K(16640K) NonClass: 14284K(14592K)->14284K(14592K) Class: 1740K(2048K)->1740K(2048K)
[27.405s][info ][gc             ] GC(1611) Pause Young (Allocation Failure) 140M->4M(495M) 0.350ms
[27.405s][info ][gc,cpu         ] GC(1611) User=0.00s Sys=0.00s Real=0.00s
[27.414s][info ][gc,start       ] GC(1612) Pause Young (Allocation Failure)
[27.414s][info ][gc,task        ] GC(1612) Using 9 workers of 9 for evacuation
[27.414s][debug][gc,age         ] GC(1612) Desired survivor size 8945664 bytes, new threshold 6 (max threshold 6)
[27.414s][trace][gc,age         ] GC(1612) Age table with threshold 6 (max threshold 6)
[27.414s][trace][gc,age         ] GC(1612) - age   1:     400208 bytes,     400208 total
[27.415s][info ][gc,heap        ] GC(1612) ParNew: 140296K->398K(157376K)
[27.415s][info ][gc,heap        ] GC(1612) CMS: 3754K->3754K(349568K)
[27.415s][info ][gc,metaspace   ] GC(1612) Metaspace: 16025K(16640K)->16025K(16640K) NonClass: 14284K(14592K)->14284K(14592K) Class: 1740K(2048K)->1740K(2048K)
[27.415s][info ][gc             ] GC(1612) Pause Young (Allocation Failure) 140M->4M(495M) 0.427ms
[27.415s][info ][gc,cpu         ] GC(1612) User=0.00s Sys=0.00s Real=0.00s
[27.424s][info ][gc,start       ] GC(1613) Pause Young (Allocation Failure)
[27.424s][info ][gc,task        ] GC(1613) Using 9 workers of 9 for evacuation
[27.424s][debug][gc,age         ] GC(1613) Desired survivor size 8945664 bytes, new threshold 6 (max threshold 6)
[27.424s][trace][gc,age         ] GC(1613) Age table with threshold 6 (max threshold 6)
[27.424s][trace][gc,age         ] GC(1613) - age   1:     400208 bytes,     400208 total
[27.424s][info ][gc,heap        ] GC(1613) ParNew: 140237K->394K(157376K)
[27.424s][info ][gc,heap        ] GC(1613) CMS: 3754K->3754K(349568K)
[27.424s][info ][gc,metaspace   ] GC(1613) Metaspace: 16025K(16640K)->16025K(16640K) NonClass: 14284K(14592K)->14284K(14592K) Class: 1740K(2048K)->1740K(2048K)
[27.424s][info ][gc             ] GC(1613) Pause Young (Allocation Failure) 140M->4M(495M) 0.383ms
[27.424s][info ][gc,cpu         ] GC(1613) User=0.00s Sys=0.00s Real=0.00s
[27.434s][info ][gc,start       ] GC(1614) Pause Young (Allocation Failure)
[27.434s][info ][gc,task        ] GC(1614) Using 9 workers of 9 for evacuation
[27.434s][debug][gc,age         ] GC(1614) Desired survivor size 8945664 bytes, new threshold 6 (max threshold 6)
[27.434s][trace][gc,age         ] GC(1614) Age table with threshold 6 (max threshold 6)
[27.434s][trace][gc,age         ] GC(1614) - age   1:     400208 bytes,     400208 total
[27.434s][info ][gc,heap        ] GC(1614) ParNew: 139970K->394K(157376K)
[27.434s][info ][gc,heap        ] GC(1614) CMS: 3754K->3754K(349568K)
[27.434s][info ][gc,metaspace   ] GC(1614) Metaspace: 16025K(16640K)->16025K(16640K) NonClass: 14284K(14592K)->14284K(14592K) Class: 1740K(2048K)->1740K(2048K)
[27.434s][info ][gc             ] GC(1614) Pause Young (Allocation Failure) 140M->4M(495M) 0.463ms
[27.434s][info ][gc,cpu         ] GC(1614) User=0.00s Sys=0.00s Real=0.00s
[27.444s][info ][gc,start       ] GC(1615) Pause Young (Allocation Failure)
[27.444s][info ][gc,task        ] GC(1615) Using 9 workers of 9 for evacuation
[27.444s][debug][gc,age         ] GC(1615) Desired survivor size 8945664 bytes, new threshold 6 (max threshold 6)
[27.444s][trace][gc,age         ] GC(1615) Age table with threshold 6 (max threshold 6)
[27.444s][trace][gc,age         ] GC(1615) - age   1:     400208 bytes,     400208 total
[27.444s][info ][gc,heap        ] GC(1615) ParNew: 140173K->394K(157376K)
[27.444s][info ][gc,heap        ] GC(1615) CMS: 3754K->3754K(349568K)
[27.444s][info ][gc,metaspace   ] GC(1615) Metaspace: 16025K(16640K)->16025K(16640K) NonClass: 14284K(14592K)->14284K(14592K) Class: 1740K(2048K)->1740K(2048K)
[27.444s][info ][gc             ] GC(1615) Pause Young (Allocation Failure) 140M->4M(495M) 0.442ms
[27.444s][info ][gc,cpu         ] GC(1615) User=0.00s Sys=0.00s Real=0.00s
[27.454s][info ][gc,start       ] GC(1616) Pause Young (Allocation Failure)
[27.454s][info ][gc,task        ] GC(1616) Using 9 workers of 9 for evacuation
[27.454s][debug][gc,age         ] GC(1616) Desired survivor size 8945664 bytes, new threshold 6 (max threshold 6)
[27.454s][trace][gc,age         ] GC(1616) Age table with threshold 6 (max threshold 6)
[27.454s][trace][gc,age         ] GC(1616) - age   1:     400208 bytes,     400208 total
[27.454s][info ][gc,heap        ] GC(1616) ParNew: 139979K->396K(157376K)
[27.454s][info ][gc,heap        ] GC(1616) CMS: 3754K->3754K(349568K)
[27.454s][info ][gc,metaspace   ] GC(1616) Metaspace: 16025K(16640K)->16025K(16640K) NonClass: 14284K(14592K)->14284K(14592K) Class: 1740K(2048K)->1740K(2048K)
[27.454s][info ][gc             ] GC(1616) Pause Young (Allocation Failure) 140M->4M(495M) 0.375ms
[27.454s][info ][gc,cpu         ] GC(1616) User=0.00s Sys=0.00s Real=0.00s
[27.464s][info ][gc,start       ] GC(1617) Pause Young (Allocation Failure)
[27.464s][info ][gc,task        ] GC(1617) Using 9 workers of 9 for evacuation
[27.464s][debug][gc,age         ] GC(1617) Desired survivor size 8945664 bytes, new threshold 6 (max threshold 6)
[27.464s][trace][gc,age         ] GC(1617) Age table with threshold 6 (max threshold 6)
[27.464s][trace][gc,age         ] GC(1617) - age   1:        192 bytes,        192 total
[27.464s][info ][gc,heap        ] GC(1617) ParNew: 140050K->6K(157376K)
[27.464s][info ][gc,heap        ] GC(1617) CMS: 3754K->3754K(349568K)
[27.464s][info ][gc,metaspace   ] GC(1617) Metaspace: 16025K(16640K)->16025K(16640K) NonClass: 14284K(14592K)->14284K(14592K) Class: 1740K(2048K)->1740K(2048K)
[27.464s][info ][gc             ] GC(1617) Pause Young (Allocation Failure) 140M->3M(495M) 0.387ms
[27.464s][info ][gc,cpu         ] GC(1617) User=0.00s Sys=0.00s Real=0.00s
[27.474s][info ][gc,start       ] GC(1618) Pause Young (Allocation Failure)
[27.474s][info ][gc,task        ] GC(1618) Using 9 workers of 9 for evacuation
[27.474s][debug][gc,age         ] GC(1618) Desired survivor size 8945664 bytes, new threshold 6 (max threshold 6)
[27.474s][trace][gc,age         ] GC(1618) Age table with threshold 6 (max threshold 6)
[27.474s][trace][gc,age         ] GC(1618) - age   1:        192 bytes,        192 total
[27.474s][info ][gc,heap        ] GC(1618) ParNew: 139609K->6K(157376K)
[27.474s][info ][gc,heap        ] GC(1618) CMS: 3754K->3754K(349568K)
[27.474s][info ][gc,metaspace   ] GC(1618) Metaspace: 16025K(16640K)->16025K(16640K) NonClass: 14284K(14592K)->14284K(14592K) Class: 1740K(2048K)->1740K(2048K)
[27.474s][info ][gc             ] GC(1618) Pause Young (Allocation Failure) 140M->3M(495M) 0.358ms
[27.474s][info ][gc,cpu         ] GC(1618) User=0.00s Sys=0.00s Real=0.00s
[27.484s][info ][gc,start       ] GC(1619) Pause Young (Allocation Failure)
[27.484s][info ][gc,task        ] GC(1619) Using 9 workers of 9 for evacuation
[27.484s][debug][gc,age         ] GC(1619) Desired survivor size 8945664 bytes, new threshold 6 (max threshold 6)
[27.484s][trace][gc,age         ] GC(1619) Age table with threshold 6 (max threshold 6)
[27.484s][trace][gc,age         ] GC(1619) - age   1:     400208 bytes,     400208 total
[27.484s][info ][gc,heap        ] GC(1619) ParNew: 139549K->398K(157376K)
[27.484s][info ][gc,heap        ] GC(1619) CMS: 3754K->3754K(349568K)
[27.484s][info ][gc,metaspace   ] GC(1619) Metaspace: 16025K(16640K)->16025K(16640K) NonClass: 14284K(14592K)->14284K(14592K) Class: 1740K(2048K)->1740K(2048K)
[27.484s][info ][gc             ] GC(1619) Pause Young (Allocation Failure) 139M->4M(495M) 0.458ms
[27.484s][info ][gc,cpu         ] GC(1619) User=0.00s Sys=0.00s Real=0.00s
[27.494s][info ][gc,start       ] GC(1620) Pause Young (Allocation Failure)
[27.494s][info ][gc,task        ] GC(1620) Using 9 workers of 9 for evacuation
[27.494s][debug][gc,age         ] GC(1620) Desired survivor size 8945664 bytes, new threshold 6 (max threshold 6)
[27.494s][trace][gc,age         ] GC(1620) Age table with threshold 6 (max threshold 6)
[27.494s][trace][gc,age         ] GC(1620) - age   1:        192 bytes,        192 total
[27.494s][info ][gc,heap        ] GC(1620) ParNew: 139958K->6K(157376K)
[27.494s][info ][gc,heap        ] GC(1620) CMS: 3754K->3754K(349568K)
[27.494s][info ][gc,metaspace   ] GC(1620) Metaspace: 16025K(16640K)->16025K(16640K) NonClass: 14284K(14592K)->14284K(14592K) Class: 1740K(2048K)->1740K(2048K)
[27.494s][info ][gc             ] GC(1620) Pause Young (Allocation Failure) 140M->3M(495M) 0.500ms
[27.494s][info ][gc,cpu         ] GC(1620) User=0.00s Sys=0.00s Real=0.00s
[27.504s][info ][gc,start       ] GC(1621) Pause Young (Allocation Failure)
[27.504s][info ][gc,task        ] GC(1621) Using 9 workers of 9 for evacuation
[27.504s][debug][gc,age         ] GC(1621) Desired survivor size 8945664 bytes, new threshold 6 (max threshold 6)
[27.504s][trace][gc,age         ] GC(1621) Age table with threshold 6 (max threshold 6)
[27.504s][trace][gc,age         ] GC(1621) - age   1:        192 bytes,        192 total
[27.504s][info ][gc,heap        ] GC(1621) ParNew: 139693K->6K(157376K)
[27.504s][info ][gc,heap        ] GC(1621) CMS: 3754K->3754K(349568K)
[27.504s][info ][gc,metaspace   ] GC(1621) Metaspace: 16025K(16640K)->16025K(16640K) NonClass: 14284K(14592K)->14284K(14592K) Class: 1740K(2048K)->1740K(2048K)
[27.504s][info ][gc             ] GC(1621) Pause Young (Allocation Failure) 140M->3M(495M) 0.385ms
[27.504s][info ][gc,cpu         ] GC(1621) User=0.00s Sys=0.00s Real=0.00s
[27.514s][info ][gc,start       ] GC(1622) Pause Young (Allocation Failure)
[27.514s][info ][gc,task        ] GC(1622) Using 9 workers of 9 for evacuation
[27.514s][debug][gc,age         ] GC(1622) Desired survivor size 8945664 bytes, new threshold 6 (max threshold 6)
[27.514s][trace][gc,age         ] GC(1622) Age table with threshold 6 (max threshold 6)
[27.514s][trace][gc,age         ] GC(1622) - age   1:     400208 bytes,     400208 total
[27.515s][info ][gc,heap        ] GC(1622) ParNew: 139854K->396K(157376K)
[27.515s][info ][gc,heap        ] GC(1622) CMS: 3754K->3754K(349568K)
[27.515s][info ][gc,metaspace   ] GC(1622) Metaspace: 16025K(16640K)->16025K(16640K) NonClass: 14284K(14592K)->14284K(14592K) Class: 1740K(2048K)->1740K(2048K)
[27.515s][info ][gc             ] GC(1622) Pause Young (Allocation Failure) 140M->4M(495M) 0.431ms
[27.515s][info ][gc,cpu         ] GC(1622) User=0.01s Sys=0.00s Real=0.00s
[27.524s][info ][gc,start       ] GC(1623) Pause Young (Allocation Failure)
[27.524s][info ][gc,task        ] GC(1623) Using 9 workers of 9 for evacuation
[27.524s][debug][gc,age         ] GC(1623) Desired survivor size 8945664 bytes, new threshold 6 (max threshold 6)
[27.524s][trace][gc,age         ] GC(1623) Age table with threshold 6 (max threshold 6)
[27.524s][trace][gc,age         ] GC(1623) - age   1:     400208 bytes,     400208 total
[27.524s][info ][gc,heap        ] GC(1623) ParNew: 140133K->398K(157376K)
[27.524s][info ][gc,heap        ] GC(1623) CMS: 3754K->3754K(349568K)
[27.524s][info ][gc,metaspace   ] GC(1623) Metaspace: 16025K(16640K)->16025K(16640K) NonClass: 14284K(14592K)->14284K(14592K) Class: 1740K(2048K)->1740K(2048K)
[27.524s][info ][gc             ] GC(1623) Pause Young (Allocation Failure) 140M->4M(495M) 0.382ms
[27.524s][info ][gc,cpu         ] GC(1623) User=0.01s Sys=0.00s Real=0.00s
[27.534s][info ][gc,start       ] GC(1624) Pause Young (Allocation Failure)
[27.534s][info ][gc,task        ] GC(1624) Using 9 workers of 9 for evacuation
[27.534s][debug][gc,age         ] GC(1624) Desired survivor size 8945664 bytes, new threshold 6 (max threshold 6)
[27.534s][trace][gc,age         ] GC(1624) Age table with threshold 6 (max threshold 6)
[27.534s][trace][gc,age         ] GC(1624) - age   1:     400208 bytes,     400208 total
[27.534s][info ][gc,heap        ] GC(1624) ParNew: 140134K->396K(157376K)
[27.534s][info ][gc,heap        ] GC(1624) CMS: 3754K->3754K(349568K)
[27.534s][info ][gc,metaspace   ] GC(1624) Metaspace: 16025K(16640K)->16025K(16640K) NonClass: 14284K(14592K)->14284K(14592K) Class: 1740K(2048K)->1740K(2048K)
[27.534s][info ][gc             ] GC(1624) Pause Young (Allocation Failure) 140M->4M(495M) 0.404ms
[27.534s][info ][gc,cpu         ] GC(1624) User=0.01s Sys=0.00s Real=0.00s
[27.544s][info ][gc,start       ] GC(1625) Pause Young (Allocation Failure)
[27.544s][info ][gc,task        ] GC(1625) Using 9 workers of 9 for evacuation
[27.544s][debug][gc,age         ] GC(1625) Desired survivor size 8945664 bytes, new threshold 6 (max threshold 6)
[27.544s][trace][gc,age         ] GC(1625) Age table with threshold 6 (max threshold 6)
[27.544s][trace][gc,age         ] GC(1625) - age   1:        192 bytes,        192 total
[27.544s][info ][gc,heap        ] GC(1625) ParNew: 140195K->6K(157376K)
[27.544s][info ][gc,heap        ] GC(1625) CMS: 3754K->3754K(349568K)
[27.544s][info ][gc,metaspace   ] GC(1625) Metaspace: 16025K(16640K)->16025K(16640K) NonClass: 14284K(14592K)->14284K(14592K) Class: 1740K(2048K)->1740K(2048K)
[27.544s][info ][gc             ] GC(1625) Pause Young (Allocation Failure) 140M->3M(495M) 0.463ms
[27.544s][info ][gc,cpu         ] GC(1625) User=0.01s Sys=0.00s Real=0.00s
[27.554s][info ][gc,start       ] GC(1626) Pause Young (Allocation Failure)
[27.554s][info ][gc,task        ] GC(1626) Using 9 workers of 9 for evacuation
[27.554s][debug][gc,age         ] GC(1626) Desired survivor size 8945664 bytes, new threshold 6 (max threshold 6)
[27.554s][trace][gc,age         ] GC(1626) Age table with threshold 6 (max threshold 6)
[27.554s][trace][gc,age         ] GC(1626) - age   1:        192 bytes,        192 total
[27.554s][info ][gc,heap        ] GC(1626) ParNew: 139684K->4K(157376K)
[27.554s][info ][gc,heap        ] GC(1626) CMS: 3754K->3754K(349568K)
[27.554s][info ][gc,metaspace   ] GC(1626) Metaspace: 16025K(16640K)->16025K(16640K) NonClass: 14284K(14592K)->14284K(14592K) Class: 1740K(2048K)->1740K(2048K)
[27.554s][info ][gc             ] GC(1626) Pause Young (Allocation Failure) 140M->3M(495M) 0.318ms
[27.554s][info ][gc,cpu         ] GC(1626) User=0.01s Sys=0.00s Real=0.00s
[27.564s][info ][gc,start       ] GC(1627) Pause Young (Allocation Failure)
[27.564s][info ][gc,task        ] GC(1627) Using 9 workers of 9 for evacuation
[27.564s][debug][gc,age         ] GC(1627) Desired survivor size 8945664 bytes, new threshold 6 (max threshold 6)
[27.564s][trace][gc,age         ] GC(1627) Age table with threshold 6 (max threshold 6)
[27.564s][trace][gc,age         ] GC(1627) - age   1:     400208 bytes,     400208 total
[27.564s][info ][gc,heap        ] GC(1627) ParNew: 139795K->396K(157376K)
[27.564s][info ][gc,heap        ] GC(1627) CMS: 3754K->3754K(349568K)
[27.564s][info ][gc,metaspace   ] GC(1627) Metaspace: 16025K(16640K)->16025K(16640K) NonClass: 14284K(14592K)->14284K(14592K) Class: 1740K(2048K)->1740K(2048K)
[27.564s][info ][gc             ] GC(1627) Pause Young (Allocation Failure) 140M->4M(495M) 0.433ms
[27.564s][info ][gc,cpu         ] GC(1627) User=0.00s Sys=0.00s Real=0.00s
[27.574s][info ][gc,start       ] GC(1628) Pause Young (Allocation Failure)
[27.574s][info ][gc,task        ] GC(1628) Using 9 workers of 9 for evacuation
[27.574s][debug][gc,age         ] GC(1628) Desired survivor size 8945664 bytes, new threshold 6 (max threshold 6)
[27.574s][trace][gc,age         ] GC(1628) Age table with threshold 6 (max threshold 6)
[27.574s][trace][gc,age         ] GC(1628) - age   1:        192 bytes,        192 total
[27.574s][info ][gc,heap        ] GC(1628) ParNew: 140105K->8K(157376K)
[27.574s][info ][gc,heap        ] GC(1628) CMS: 3754K->3754K(349568K)
[27.574s][info ][gc,metaspace   ] GC(1628) Metaspace: 16025K(16640K)->16025K(16640K) NonClass: 14284K(14592K)->14284K(14592K) Class: 1740K(2048K)->1740K(2048K)
[27.574s][info ][gc             ] GC(1628) Pause Young (Allocation Failure) 140M->3M(495M) 0.387ms
[27.574s][info ][gc,cpu         ] GC(1628) User=0.00s Sys=0.00s Real=0.00s
[27.583s][info ][gc,start       ] GC(1629) Pause Young (Allocation Failure)
[27.583s][info ][gc,task        ] GC(1629) Using 9 workers of 9 for evacuation
[27.584s][debug][gc,age         ] GC(1629) Desired survivor size 8945664 bytes, new threshold 6 (max threshold 6)
[27.584s][trace][gc,age         ] GC(1629) Age table with threshold 6 (max threshold 6)
[27.584s][trace][gc,age         ] GC(1629) - age   1:        192 bytes,        192 total
[27.584s][info ][gc,heap        ] GC(1629) ParNew: 139637K->6K(157376K)
[27.584s][info ][gc,heap        ] GC(1629) CMS: 3754K->3754K(349568K)
[27.584s][info ][gc,metaspace   ] GC(1629) Metaspace: 16025K(16640K)->16025K(16640K) NonClass: 14284K(14592K)->14284K(14592K) Class: 1740K(2048K)->1740K(2048K)
[27.584s][info ][gc             ] GC(1629) Pause Young (Allocation Failure) 140M->3M(495M) 0.409ms
[27.584s][info ][gc,cpu         ] GC(1629) User=0.00s Sys=0.00s Real=0.00s
[27.593s][info ][gc,start       ] GC(1630) Pause Young (Allocation Failure)
[27.593s][info ][gc,task        ] GC(1630) Using 9 workers of 9 for evacuation
[27.594s][debug][gc,age         ] GC(1630) Desired survivor size 8945664 bytes, new threshold 6 (max threshold 6)
[27.594s][trace][gc,age         ] GC(1630) Age table with threshold 6 (max threshold 6)
[27.594s][trace][gc,age         ] GC(1630) - age   1:     400208 bytes,     400208 total
[27.594s][info ][gc,heap        ] GC(1630) ParNew: 139677K->396K(157376K)
[27.594s][info ][gc,heap        ] GC(1630) CMS: 3754K->3754K(349568K)
[27.594s][info ][gc,metaspace   ] GC(1630) Metaspace: 16025K(16640K)->16025K(16640K) NonClass: 14284K(14592K)->14284K(14592K) Class: 1740K(2048K)->1740K(2048K)
[27.594s][info ][gc             ] GC(1630) Pause Young (Allocation Failure) 140M->4M(495M) 0.510ms
[27.594s][info ][gc,cpu         ] GC(1630) User=0.00s Sys=0.00s Real=0.00s
[27.603s][info ][gc,start       ] GC(1631) Pause Young (Allocation Failure)
[27.603s][info ][gc,task        ] GC(1631) Using 9 workers of 9 for evacuation
[27.604s][debug][gc,age         ] GC(1631) Desired survivor size 8945664 bytes, new threshold 6 (max threshold 6)
[27.604s][trace][gc,age         ] GC(1631) Age table with threshold 6 (max threshold 6)
[27.604s][trace][gc,age         ] GC(1631) - age   1:        192 bytes,        192 total
[27.604s][info ][gc,heap        ] GC(1631) ParNew: 140287K->8K(157376K)
[27.604s][info ][gc,heap        ] GC(1631) CMS: 3754K->3754K(349568K)
[27.604s][info ][gc,metaspace   ] GC(1631) Metaspace: 16025K(16640K)->16025K(16640K) NonClass: 14284K(14592K)->14284K(14592K) Class: 1740K(2048K)->1740K(2048K)
[27.604s][info ][gc             ] GC(1631) Pause Young (Allocation Failure) 140M->3M(495M) 0.336ms
[27.604s][info ][gc,cpu         ] GC(1631) User=0.00s Sys=0.00s Real=0.00s
[27.614s][info ][gc,start       ] GC(1632) Pause Young (Allocation Failure)
[27.614s][info ][gc,task        ] GC(1632) Using 9 workers of 9 for evacuation
[27.614s][debug][gc,age         ] GC(1632) Desired survivor size 8945664 bytes, new threshold 6 (max threshold 6)
[27.614s][trace][gc,age         ] GC(1632) Age table with threshold 6 (max threshold 6)
[27.614s][trace][gc,age         ] GC(1632) - age   1:     400208 bytes,     400208 total
[27.614s][info ][gc,heap        ] GC(1632) ParNew: 139624K->394K(157376K)
[27.614s][info ][gc,heap        ] GC(1632) CMS: 3754K->3754K(349568K)
[27.614s][info ][gc,metaspace   ] GC(1632) Metaspace: 16025K(16640K)->16025K(16640K) NonClass: 14284K(14592K)->14284K(14592K) Class: 1740K(2048K)->1740K(2048K)
[27.614s][info ][gc             ] GC(1632) Pause Young (Allocation Failure) 140M->4M(495M) 0.411ms
[27.614s][info ][gc,cpu         ] GC(1632) User=0.00s Sys=0.00s Real=0.00s
[27.623s][info ][gc,start       ] GC(1633) Pause Young (Allocation Failure)
[27.623s][info ][gc,task        ] GC(1633) Using 9 workers of 9 for evacuation
[27.624s][debug][gc,age         ] GC(1633) Desired survivor size 8945664 bytes, new threshold 6 (max threshold 6)
[27.624s][trace][gc,age         ] GC(1633) Age table with threshold 6 (max threshold 6)
[27.624s][trace][gc,age         ] GC(1633) - age   1:        192 bytes,        192 total
[27.624s][info ][gc,heap        ] GC(1633) ParNew: 139982K->6K(157376K)
[27.624s][info ][gc,heap        ] GC(1633) CMS: 3754K->3754K(349568K)
[27.624s][info ][gc,metaspace   ] GC(1633) Metaspace: 16025K(16640K)->16025K(16640K) NonClass: 14284K(14592K)->14284K(14592K) Class: 1740K(2048K)->1740K(2048K)
[27.624s][info ][gc             ] GC(1633) Pause Young (Allocation Failure) 140M->3M(495M) 0.393ms
[27.624s][info ][gc,cpu         ] GC(1633) User=0.00s Sys=0.00s Real=0.00s
[27.633s][info ][gc,start       ] GC(1634) Pause Young (Allocation Failure)
[27.633s][info ][gc,task        ] GC(1634) Using 9 workers of 9 for evacuation
[27.634s][debug][gc,age         ] GC(1634) Desired survivor size 8945664 bytes, new threshold 6 (max threshold 6)
[27.634s][trace][gc,age         ] GC(1634) Age table with threshold 6 (max threshold 6)
[27.634s][trace][gc,age         ] GC(1634) - age   1:        192 bytes,        192 total
[27.634s][info ][gc,heap        ] GC(1634) ParNew: 139525K->8K(157376K)
[27.634s][info ][gc,heap        ] GC(1634) CMS: 3754K->3754K(349568K)
[27.634s][info ][gc,metaspace   ] GC(1634) Metaspace: 16025K(16640K)->16025K(16640K) NonClass: 14284K(14592K)->14284K(14592K) Class: 1740K(2048K)->1740K(2048K)
[27.634s][info ][gc             ] GC(1634) Pause Young (Allocation Failure) 139M->3M(495M) 0.450ms
[27.634s][info ][gc,cpu         ] GC(1634) User=0.00s Sys=0.00s Real=0.00s
[27.643s][info ][gc,start       ] GC(1635) Pause Young (Allocation Failure)
[27.643s][info ][gc,task        ] GC(1635) Using 9 workers of 9 for evacuation
[27.644s][debug][gc,age         ] GC(1635) Desired survivor size 8945664 bytes, new threshold 6 (max threshold 6)
[27.644s][trace][gc,age         ] GC(1635) Age table with threshold 6 (max threshold 6)
[27.644s][trace][gc,age         ] GC(1635) - age   1:     400208 bytes,     400208 total
[27.644s][info ][gc,heap        ] GC(1635) ParNew: 139910K->396K(157376K)
[27.644s][info ][gc,heap        ] GC(1635) CMS: 3754K->3754K(349568K)
[27.644s][info ][gc,metaspace   ] GC(1635) Metaspace: 16025K(16640K)->16025K(16640K) NonClass: 14284K(14592K)->14284K(14592K) Class: 1740K(2048K)->1740K(2048K)
[27.644s][info ][gc             ] GC(1635) Pause Young (Allocation Failure) 140M->4M(495M) 0.354ms
[27.644s][info ][gc,cpu         ] GC(1635) User=0.00s Sys=0.00s Real=0.00s
[27.653s][info ][gc,start       ] GC(1636) Pause Young (Allocation Failure)
[27.653s][info ][gc,task        ] GC(1636) Using 9 workers of 9 for evacuation
[27.654s][debug][gc,age         ] GC(1636) Desired survivor size 8945664 bytes, new threshold 6 (max threshold 6)
[27.654s][trace][gc,age         ] GC(1636) Age table with threshold 6 (max threshold 6)
[27.654s][trace][gc,age         ] GC(1636) - age   1:        192 bytes,        192 total
[27.654s][info ][gc,heap        ] GC(1636) ParNew: 140185K->6K(157376K)
[27.654s][info ][gc,heap        ] GC(1636) CMS: 3754K->3754K(349568K)
[27.654s][info ][gc,metaspace   ] GC(1636) Metaspace: 16025K(16640K)->16025K(16640K) NonClass: 14284K(14592K)->14284K(14592K) Class: 1740K(2048K)->1740K(2048K)
[27.654s][info ][gc             ] GC(1636) Pause Young (Allocation Failure) 140M->3M(495M) 0.335ms
[27.654s][info ][gc,cpu         ] GC(1636) User=0.00s Sys=0.00s Real=0.00s
[27.663s][info ][gc,start       ] GC(1637) Pause Young (Allocation Failure)
[27.663s][info ][gc,task        ] GC(1637) Using 9 workers of 9 for evacuation
[27.664s][debug][gc,age         ] GC(1637) Desired survivor size 8945664 bytes, new threshold 6 (max threshold 6)
[27.664s][trace][gc,age         ] GC(1637) Age table with threshold 6 (max threshold 6)
[27.664s][trace][gc,age         ] GC(1637) - age   1:        192 bytes,        192 total
[27.664s][info ][gc,heap        ] GC(1637) ParNew: 139775K->4K(157376K)
[27.664s][info ][gc,heap        ] GC(1637) CMS: 3754K->3754K(349568K)
[27.664s][info ][gc,metaspace   ] GC(1637) Metaspace: 16025K(16640K)->16025K(16640K) NonClass: 14284K(14592K)->14284K(14592K) Class: 1740K(2048K)->1740K(2048K)
[27.664s][info ][gc             ] GC(1637) Pause Young (Allocation Failure) 140M->3M(495M) 0.454ms
[27.664s][info ][gc,cpu         ] GC(1637) User=0.00s Sys=0.00s Real=0.00s
[27.673s][info ][gc,start       ] GC(1638) Pause Young (Allocation Failure)
[27.673s][info ][gc,task        ] GC(1638) Using 9 workers of 9 for evacuation
[27.673s][debug][gc,age         ] GC(1638) Desired survivor size 8945664 bytes, new threshold 6 (max threshold 6)
[27.674s][trace][gc,age         ] GC(1638) Age table with threshold 6 (max threshold 6)
[27.674s][trace][gc,age         ] GC(1638) - age   1:     400208 bytes,     400208 total
[27.674s][info ][gc,heap        ] GC(1638) ParNew: 139618K->394K(157376K)
[27.674s][info ][gc,heap        ] GC(1638) CMS: 3754K->3754K(349568K)
[27.674s][info ][gc,metaspace   ] GC(1638) Metaspace: 16025K(16640K)->16025K(16640K) NonClass: 14284K(14592K)->14284K(14592K) Class: 1740K(2048K)->1740K(2048K)
[27.674s][info ][gc             ] GC(1638) Pause Young (Allocation Failure) 140M->4M(495M) 0.410ms
[27.674s][info ][gc,cpu         ] GC(1638) User=0.00s Sys=0.01s Real=0.00s
[27.683s][info ][gc,start       ] GC(1639) Pause Young (Allocation Failure)
[27.683s][info ][gc,task        ] GC(1639) Using 9 workers of 9 for evacuation
[27.683s][debug][gc,age         ] GC(1639) Desired survivor size 8945664 bytes, new threshold 6 (max threshold 6)
[27.683s][trace][gc,age         ] GC(1639) Age table with threshold 6 (max threshold 6)
[27.683s][trace][gc,age         ] GC(1639) - age   1:        192 bytes,        192 total
[27.683s][info ][gc,heap        ] GC(1639) ParNew: 139995K->4K(157376K)
[27.683s][info ][gc,heap        ] GC(1639) CMS: 3754K->3754K(349568K)
[27.683s][info ][gc,metaspace   ] GC(1639) Metaspace: 16025K(16640K)->16025K(16640K) NonClass: 14284K(14592K)->14284K(14592K) Class: 1740K(2048K)->1740K(2048K)
[27.683s][info ][gc             ] GC(1639) Pause Young (Allocation Failure) 140M->3M(495M) 0.409ms
[27.683s][info ][gc,cpu         ] GC(1639) User=0.01s Sys=0.00s Real=0.00s
[27.693s][info ][gc,start       ] GC(1640) Pause Young (Allocation Failure)
[27.693s][info ][gc,task        ] GC(1640) Using 9 workers of 9 for evacuation
[27.693s][debug][gc,age         ] GC(1640) Desired survivor size 8945664 bytes, new threshold 6 (max threshold 6)
[27.693s][trace][gc,age         ] GC(1640) Age table with threshold 6 (max threshold 6)
[27.693s][trace][gc,age         ] GC(1640) - age   1:     400208 bytes,     400208 total
[27.693s][info ][gc,heap        ] GC(1640) ParNew: 139591K->396K(157376K)
[27.693s][info ][gc,heap        ] GC(1640) CMS: 3754K->3754K(349568K)
[27.693s][info ][gc,metaspace   ] GC(1640) Metaspace: 16025K(16640K)->16025K(16640K) NonClass: 14284K(14592K)->14284K(14592K) Class: 1740K(2048K)->1740K(2048K)
[27.693s][info ][gc             ] GC(1640) Pause Young (Allocation Failure) 139M->4M(495M) 0.442ms
[27.693s][info ][gc,cpu         ] GC(1640) User=0.01s Sys=0.00s Real=0.00s
[27.703s][info ][gc,start       ] GC(1641) Pause Young (Allocation Failure)
[27.703s][info ][gc,task        ] GC(1641) Using 9 workers of 9 for evacuation
[27.703s][debug][gc,age         ] GC(1641) Desired survivor size 8945664 bytes, new threshold 6 (max threshold 6)
[27.703s][trace][gc,age         ] GC(1641) Age table with threshold 6 (max threshold 6)
[27.703s][trace][gc,age         ] GC(1641) - age   1:        192 bytes,        192 total
[27.703s][info ][gc,heap        ] GC(1641) ParNew: 139935K->6K(157376K)
[27.703s][info ][gc,heap        ] GC(1641) CMS: 3754K->3754K(349568K)
[27.703s][info ][gc,metaspace   ] GC(1641) Metaspace: 16025K(16640K)->16025K(16640K) NonClass: 14284K(14592K)->14284K(14592K) Class: 1740K(2048K)->1740K(2048K)
[27.703s][info ][gc             ] GC(1641) Pause Young (Allocation Failure) 140M->3M(495M) 0.455ms
[27.703s][info ][gc,cpu         ] GC(1641) User=0.01s Sys=0.00s Real=0.00s
[27.713s][info ][gc,start       ] GC(1642) Pause Young (Allocation Failure)
[27.713s][info ][gc,task        ] GC(1642) Using 9 workers of 9 for evacuation
[27.713s][debug][gc,age         ] GC(1642) Desired survivor size 8945664 bytes, new threshold 6 (max threshold 6)
[27.713s][trace][gc,age         ] GC(1642) Age table with threshold 6 (max threshold 6)
[27.713s][trace][gc,age         ] GC(1642) - age   1:        192 bytes,        192 total
[27.713s][info ][gc,heap        ] GC(1642) ParNew: 139868K->8K(157376K)
[27.713s][info ][gc,heap        ] GC(1642) CMS: 3754K->3754K(349568K)
[27.713s][info ][gc,metaspace   ] GC(1642) Metaspace: 16025K(16640K)->16025K(16640K) NonClass: 14284K(14592K)->14284K(14592K) Class: 1740K(2048K)->1740K(2048K)
[27.713s][info ][gc             ] GC(1642) Pause Young (Allocation Failure) 140M->3M(495M) 0.365ms
[27.713s][info ][gc,cpu         ] GC(1642) User=0.00s Sys=0.00s Real=0.00s
[27.723s][info ][gc,start       ] GC(1643) Pause Young (Allocation Failure)
[27.723s][info ][gc,task        ] GC(1643) Using 9 workers of 9 for evacuation
[27.723s][debug][gc,age         ] GC(1643) Desired survivor size 8945664 bytes, new threshold 6 (max threshold 6)
[27.723s][trace][gc,age         ] GC(1643) Age table with threshold 6 (max threshold 6)
[27.723s][trace][gc,age         ] GC(1643) - age   1:        192 bytes,        192 total
[27.723s][info ][gc,heap        ] GC(1643) ParNew: 139579K->8K(157376K)
[27.723s][info ][gc,heap        ] GC(1643) CMS: 3754K->3754K(349568K)
[27.723s][info ][gc,metaspace   ] GC(1643) Metaspace: 16025K(16640K)->16025K(16640K) NonClass: 14284K(14592K)->14284K(14592K) Class: 1740K(2048K)->1740K(2048K)
[27.723s][info ][gc             ] GC(1643) Pause Young (Allocation Failure) 139M->3M(495M) 0.373ms
[27.723s][info ][gc,cpu         ] GC(1643) User=0.00s Sys=0.00s Real=0.00s
[27.733s][info ][gc,start       ] GC(1644) Pause Young (Allocation Failure)
[27.733s][info ][gc,task        ] GC(1644) Using 9 workers of 9 for evacuation
[27.733s][debug][gc,age         ] GC(1644) Desired survivor size 8945664 bytes, new threshold 6 (max threshold 6)
[27.733s][trace][gc,age         ] GC(1644) Age table with threshold 6 (max threshold 6)
[27.733s][trace][gc,age         ] GC(1644) - age   1:     400208 bytes,     400208 total
[27.733s][info ][gc,heap        ] GC(1644) ParNew: 139540K->396K(157376K)
[27.733s][info ][gc,heap        ] GC(1644) CMS: 3754K->3754K(349568K)
[27.733s][info ][gc,metaspace   ] GC(1644) Metaspace: 16025K(16640K)->16025K(16640K) NonClass: 14284K(14592K)->14284K(14592K) Class: 1740K(2048K)->1740K(2048K)
[27.733s][info ][gc             ] GC(1644) Pause Young (Allocation Failure) 139M->4M(495M) 0.399ms
[27.733s][info ][gc,cpu         ] GC(1644) User=0.00s Sys=0.00s Real=0.00s
[27.743s][info ][gc,start       ] GC(1645) Pause Young (Allocation Failure)
[27.743s][info ][gc,task        ] GC(1645) Using 9 workers of 9 for evacuation
[27.743s][debug][gc,age         ] GC(1645) Desired survivor size 8945664 bytes, new threshold 6 (max threshold 6)
[27.743s][trace][gc,age         ] GC(1645) Age table with threshold 6 (max threshold 6)
[27.743s][trace][gc,age         ] GC(1645) - age   1:     400208 bytes,     400208 total
[27.743s][info ][gc,heap        ] GC(1645) ParNew: 140197K->398K(157376K)
[27.743s][info ][gc,heap        ] GC(1645) CMS: 3754K->3754K(349568K)
[27.743s][info ][gc,metaspace   ] GC(1645) Metaspace: 16025K(16640K)->16025K(16640K) NonClass: 14284K(14592K)->14284K(14592K) Class: 1740K(2048K)->1740K(2048K)
[27.743s][info ][gc             ] GC(1645) Pause Young (Allocation Failure) 140M->4M(495M) 0.405ms
[27.743s][info ][gc,cpu         ] GC(1645) User=0.00s Sys=0.00s Real=0.00s
[27.752s][info ][gc,start       ] GC(1646) Pause Young (Allocation Failure)
[27.753s][info ][gc,task        ] GC(1646) Using 9 workers of 9 for evacuation
[27.753s][debug][gc,age         ] GC(1646) Desired survivor size 8945664 bytes, new threshold 6 (max threshold 6)
[27.753s][trace][gc,age         ] GC(1646) Age table with threshold 6 (max threshold 6)
[27.753s][trace][gc,age         ] GC(1646) - age   1:        192 bytes,        192 total
[27.753s][info ][gc,heap        ] GC(1646) ParNew: 140261K->4K(157376K)
[27.753s][info ][gc,heap        ] GC(1646) CMS: 3754K->3754K(349568K)
[27.753s][info ][gc,metaspace   ] GC(1646) Metaspace: 16025K(16640K)->16025K(16640K) NonClass: 14284K(14592K)->14284K(14592K) Class: 1740K(2048K)->1740K(2048K)
[27.753s][info ][gc             ] GC(1646) Pause Young (Allocation Failure) 140M->3M(495M) 0.482ms
[27.753s][info ][gc,cpu         ] GC(1646) User=0.00s Sys=0.00s Real=0.00s
[27.762s][info ][gc,start       ] GC(1647) Pause Young (Allocation Failure)
[27.763s][info ][gc,task        ] GC(1647) Using 9 workers of 9 for evacuation
[27.763s][debug][gc,age         ] GC(1647) Desired survivor size 8945664 bytes, new threshold 6 (max threshold 6)
[27.763s][trace][gc,age         ] GC(1647) Age table with threshold 6 (max threshold 6)
[27.763s][trace][gc,age         ] GC(1647) - age   1:     400208 bytes,     400208 total
[27.763s][info ][gc,heap        ] GC(1647) ParNew: 139635K->396K(157376K)
[27.763s][info ][gc,heap        ] GC(1647) CMS: 3754K->3754K(349568K)
[27.763s][info ][gc,metaspace   ] GC(1647) Metaspace: 16025K(16640K)->16025K(16640K) NonClass: 14284K(14592K)->14284K(14592K) Class: 1740K(2048K)->1740K(2048K)
[27.763s][info ][gc             ] GC(1647) Pause Young (Allocation Failure) 140M->4M(495M) 0.465ms
[27.763s][info ][gc,cpu         ] GC(1647) User=0.00s Sys=0.00s Real=0.00s
[27.772s][info ][gc,start       ] GC(1648) Pause Young (Allocation Failure)
[27.773s][info ][gc,task        ] GC(1648) Using 9 workers of 9 for evacuation
[27.773s][debug][gc,age         ] GC(1648) Desired survivor size 8945664 bytes, new threshold 6 (max threshold 6)
[27.773s][trace][gc,age         ] GC(1648) Age table with threshold 6 (max threshold 6)
[27.773s][trace][gc,age         ] GC(1648) - age   1:        192 bytes,        192 total
[27.773s][info ][gc,heap        ] GC(1648) ParNew: 140232K->8K(157376K)
[27.773s][info ][gc,heap        ] GC(1648) CMS: 3754K->3754K(349568K)
[27.773s][info ][gc,metaspace   ] GC(1648) Metaspace: 16025K(16640K)->16025K(16640K) NonClass: 14284K(14592K)->14284K(14592K) Class: 1740K(2048K)->1740K(2048K)
[27.773s][info ][gc             ] GC(1648) Pause Young (Allocation Failure) 140M->3M(495M) 0.353ms
[27.773s][info ][gc,cpu         ] GC(1648) User=0.00s Sys=0.00s Real=0.00s
[27.782s][info ][gc,start       ] GC(1649) Pause Young (Allocation Failure)
[27.782s][info ][gc,task        ] GC(1649) Using 9 workers of 9 for evacuation
[27.783s][debug][gc,age         ] GC(1649) Desired survivor size 8945664 bytes, new threshold 6 (max threshold 6)
[27.783s][trace][gc,age         ] GC(1649) Age table with threshold 6 (max threshold 6)
[27.783s][trace][gc,age         ] GC(1649) - age   1:        192 bytes,        192 total
[27.783s][info ][gc,heap        ] GC(1649) ParNew: 139759K->8K(157376K)
[27.783s][info ][gc,heap        ] GC(1649) CMS: 3754K->3754K(349568K)
[27.783s][info ][gc,metaspace   ] GC(1649) Metaspace: 16025K(16640K)->16025K(16640K) NonClass: 14284K(14592K)->14284K(14592K) Class: 1740K(2048K)->1740K(2048K)
[27.783s][info ][gc             ] GC(1649) Pause Young (Allocation Failure) 140M->3M(495M) 0.364ms
[27.783s][info ][gc,cpu         ] GC(1649) User=0.00s Sys=0.00s Real=0.00s
[27.792s][info ][gc,start       ] GC(1650) Pause Young (Allocation Failure)
[27.792s][info ][gc,task        ] GC(1650) Using 9 workers of 9 for evacuation
[27.793s][debug][gc,age         ] GC(1650) Desired survivor size 8945664 bytes, new threshold 6 (max threshold 6)
[27.793s][trace][gc,age         ] GC(1650) Age table with threshold 6 (max threshold 6)
[27.793s][trace][gc,age         ] GC(1650) - age   1:     400208 bytes,     400208 total
[27.793s][info ][gc,heap        ] GC(1650) ParNew: 139618K->394K(157376K)
[27.793s][info ][gc,heap        ] GC(1650) CMS: 3754K->3754K(349568K)
[27.793s][info ][gc,metaspace   ] GC(1650) Metaspace: 16025K(16640K)->16025K(16640K) NonClass: 14284K(14592K)->14284K(14592K) Class: 1740K(2048K)->1740K(2048K)
[27.793s][info ][gc             ] GC(1650) Pause Young (Allocation Failure) 140M->4M(495M) 0.340ms
[27.793s][info ][gc,cpu         ] GC(1650) User=0.00s Sys=0.00s Real=0.00s
[27.802s][info ][gc,start       ] GC(1651) Pause Young (Allocation Failure)
[27.802s][info ][gc,task        ] GC(1651) Using 9 workers of 9 for evacuation
[27.803s][debug][gc,age         ] GC(1651) Desired survivor size 8945664 bytes, new threshold 6 (max threshold 6)
[27.803s][trace][gc,age         ] GC(1651) Age table with threshold 6 (max threshold 6)
[27.803s][trace][gc,age         ] GC(1651) - age   1:     400208 bytes,     400208 total
[27.803s][info ][gc,heap        ] GC(1651) ParNew: 140146K->398K(157376K)
[27.803s][info ][gc,heap        ] GC(1651) CMS: 3754K->3754K(349568K)
[27.803s][info ][gc,metaspace   ] GC(1651) Metaspace: 16025K(16640K)->16025K(16640K) NonClass: 14284K(14592K)->14284K(14592K) Class: 1740K(2048K)->1740K(2048K)
[27.803s][info ][gc             ] GC(1651) Pause Young (Allocation Failure) 140M->4M(495M) 0.516ms
[27.803s][info ][gc,cpu         ] GC(1651) User=0.00s Sys=0.00s Real=0.00s
[27.812s][info ][gc,start       ] GC(1652) Pause Young (Allocation Failure)
[27.812s][info ][gc,task        ] GC(1652) Using 9 workers of 9 for evacuation
[27.812s][debug][gc,age         ] GC(1652) Desired survivor size 8945664 bytes, new threshold 6 (max threshold 6)
[27.812s][trace][gc,age         ] GC(1652) Age table with threshold 6 (max threshold 6)
[27.812s][trace][gc,age         ] GC(1652) - age   1:        192 bytes,        192 total
[27.812s][info ][gc,heap        ] GC(1652) ParNew: 140250K->4K(157376K)
[27.812s][info ][gc,heap        ] GC(1652) CMS: 3754K->3754K(349568K)
[27.812s][info ][gc,metaspace   ] GC(1652) Metaspace: 16025K(16640K)->16025K(16640K) NonClass: 14284K(14592K)->14284K(14592K) Class: 1740K(2048K)->1740K(2048K)
[27.812s][info ][gc             ] GC(1652) Pause Young (Allocation Failure) 140M->3M(495M) 0.398ms
[27.813s][info ][gc,cpu         ] GC(1652) User=0.00s Sys=0.00s Real=0.00s
[27.822s][info ][gc,start       ] GC(1653) Pause Young (Allocation Failure)
[27.822s][info ][gc,task        ] GC(1653) Using 9 workers of 9 for evacuation
[27.823s][debug][gc,age         ] GC(1653) Desired survivor size 8945664 bytes, new threshold 6 (max threshold 6)
[27.823s][trace][gc,age         ] GC(1653) Age table with threshold 6 (max threshold 6)
[27.823s][trace][gc,age         ] GC(1653) - age   1:        192 bytes,        192 total
[27.823s][info ][gc,heap        ] GC(1653) ParNew: 139739K->6K(157376K)
[27.823s][info ][gc,heap        ] GC(1653) CMS: 3754K->3754K(349568K)
[27.823s][info ][gc,metaspace   ] GC(1653) Metaspace: 16025K(16640K)->16025K(16640K) NonClass: 14284K(14592K)->14284K(14592K) Class: 1740K(2048K)->1740K(2048K)
[27.823s][info ][gc             ] GC(1653) Pause Young (Allocation Failure) 140M->3M(495M) 1.479ms
[27.823s][info ][gc,cpu         ] GC(1653) User=0.01s Sys=0.00s Real=0.00s
[27.833s][info ][gc,start       ] GC(1654) Pause Young (Allocation Failure)
[27.833s][info ][gc,task        ] GC(1654) Using 9 workers of 9 for evacuation
[27.833s][debug][gc,age         ] GC(1654) Desired survivor size 8945664 bytes, new threshold 6 (max threshold 6)
[27.833s][trace][gc,age         ] GC(1654) Age table with threshold 6 (max threshold 6)
[27.833s][trace][gc,age         ] GC(1654) - age   1:        192 bytes,        192 total
[27.833s][info ][gc,heap        ] GC(1654) ParNew: 139740K->6K(157376K)
[27.833s][info ][gc,heap        ] GC(1654) CMS: 3754K->3754K(349568K)
[27.833s][info ][gc,metaspace   ] GC(1654) Metaspace: 16025K(16640K)->16025K(16640K) NonClass: 14284K(14592K)->14284K(14592K) Class: 1740K(2048K)->1740K(2048K)
[27.833s][info ][gc             ] GC(1654) Pause Young (Allocation Failure) 140M->3M(495M) 0.450ms
[27.833s][info ][gc,cpu         ] GC(1654) User=0.00s Sys=0.00s Real=0.00s
[27.843s][info ][gc,start       ] GC(1655) Pause Young (Allocation Failure)
[27.843s][info ][gc,task        ] GC(1655) Using 9 workers of 9 for evacuation
[27.844s][debug][gc,age         ] GC(1655) Desired survivor size 8945664 bytes, new threshold 6 (max threshold 6)
[27.844s][trace][gc,age         ] GC(1655) Age table with threshold 6 (max threshold 6)
[27.844s][trace][gc,age         ] GC(1655) - age   1:        192 bytes,        192 total
[27.844s][info ][gc,heap        ] GC(1655) ParNew: 139703K->6K(157376K)
[27.844s][info ][gc,heap        ] GC(1655) CMS: 3754K->3754K(349568K)
[27.844s][info ][gc,metaspace   ] GC(1655) Metaspace: 16025K(16640K)->16025K(16640K) NonClass: 14284K(14592K)->14284K(14592K) Class: 1740K(2048K)->1740K(2048K)
[27.844s][info ][gc             ] GC(1655) Pause Young (Allocation Failure) 140M->3M(495M) 0.579ms
[27.844s][info ][gc,cpu         ] GC(1655) User=0.00s Sys=0.00s Real=0.00s
[27.853s][info ][gc,start       ] GC(1656) Pause Young (Allocation Failure)
[27.853s][info ][gc,task        ] GC(1656) Using 9 workers of 9 for evacuation
[27.853s][debug][gc,age         ] GC(1656) Desired survivor size 8945664 bytes, new threshold 6 (max threshold 6)
[27.853s][trace][gc,age         ] GC(1656) Age table with threshold 6 (max threshold 6)
[27.853s][trace][gc,age         ] GC(1656) - age   1:        192 bytes,        192 total
[27.853s][info ][gc,heap        ] GC(1656) ParNew: 139910K->4K(157376K)
[27.853s][info ][gc,heap        ] GC(1656) CMS: 3754K->3754K(349568K)
[27.853s][info ][gc,metaspace   ] GC(1656) Metaspace: 16025K(16640K)->16025K(16640K) NonClass: 14284K(14592K)->14284K(14592K) Class: 1740K(2048K)->1740K(2048K)
[27.853s][info ][gc             ] GC(1656) Pause Young (Allocation Failure) 140M->3M(495M) 0.374ms
[27.853s][info ][gc,cpu         ] GC(1656) User=0.00s Sys=0.00s Real=0.00s
[27.863s][info ][gc,start       ] GC(1657) Pause Young (Allocation Failure)
[27.863s][info ][gc,task        ] GC(1657) Using 9 workers of 9 for evacuation
[27.863s][debug][gc,age         ] GC(1657) Desired survivor size 8945664 bytes, new threshold 6 (max threshold 6)
[27.863s][trace][gc,age         ] GC(1657) Age table with threshold 6 (max threshold 6)
[27.863s][trace][gc,age         ] GC(1657) - age   1:     400208 bytes,     400208 total
[27.863s][info ][gc,heap        ] GC(1657) ParNew: 139676K->396K(157376K)
[27.863s][info ][gc,heap        ] GC(1657) CMS: 3754K->3754K(349568K)
[27.863s][info ][gc,metaspace   ] GC(1657) Metaspace: 16025K(16640K)->16025K(16640K) NonClass: 14284K(14592K)->14284K(14592K) Class: 1740K(2048K)->1740K(2048K)
[27.863s][info ][gc             ] GC(1657) Pause Young (Allocation Failure) 140M->4M(495M) 0.485ms
[27.863s][info ][gc,cpu         ] GC(1657) User=0.01s Sys=0.00s Real=0.00s
[27.873s][info ][gc,start       ] GC(1658) Pause Young (Allocation Failure)
[27.873s][info ][gc,task        ] GC(1658) Using 9 workers of 9 for evacuation
[27.873s][debug][gc,age         ] GC(1658) Desired survivor size 8945664 bytes, new threshold 6 (max threshold 6)
[27.873s][trace][gc,age         ] GC(1658) Age table with threshold 6 (max threshold 6)
[27.873s][trace][gc,age         ] GC(1658) - age   1:        192 bytes,        192 total
[27.873s][info ][gc,heap        ] GC(1658) ParNew: 140286K->6K(157376K)
[27.873s][info ][gc,heap        ] GC(1658) CMS: 3754K->3754K(349568K)
[27.873s][info ][gc,metaspace   ] GC(1658) Metaspace: 16025K(16640K)->16025K(16640K) NonClass: 14284K(14592K)->14284K(14592K) Class: 1740K(2048K)->1740K(2048K)
[27.873s][info ][gc             ] GC(1658) Pause Young (Allocation Failure) 140M->3M(495M) 0.393ms
[27.873s][info ][gc,cpu         ] GC(1658) User=0.01s Sys=0.00s Real=0.00s
[27.883s][info ][gc,start       ] GC(1659) Pause Young (Allocation Failure)
[27.883s][info ][gc,task        ] GC(1659) Using 9 workers of 9 for evacuation
[27.883s][debug][gc,age         ] GC(1659) Desired survivor size 8945664 bytes, new threshold 6 (max threshold 6)
[27.883s][trace][gc,age         ] GC(1659) Age table with threshold 6 (max threshold 6)
[27.883s][trace][gc,age         ] GC(1659) - age   1:     400208 bytes,     400208 total
[27.883s][info ][gc,heap        ] GC(1659) ParNew: 139859K->396K(157376K)
[27.883s][info ][gc,heap        ] GC(1659) CMS: 3754K->3754K(349568K)
[27.883s][info ][gc,metaspace   ] GC(1659) Metaspace: 16025K(16640K)->16025K(16640K) NonClass: 14284K(14592K)->14284K(14592K) Class: 1740K(2048K)->1740K(2048K)
[27.883s][info ][gc             ] GC(1659) Pause Young (Allocation Failure) 140M->4M(495M) 0.387ms
[27.883s][info ][gc,cpu         ] GC(1659) User=0.01s Sys=0.00s Real=0.00s
[27.893s][info ][gc,start       ] GC(1660) Pause Young (Allocation Failure)
[27.893s][info ][gc,task        ] GC(1660) Using 9 workers of 9 for evacuation
[27.893s][debug][gc,age         ] GC(1660) Desired survivor size 8945664 bytes, new threshold 6 (max threshold 6)
[27.893s][trace][gc,age         ] GC(1660) Age table with threshold 6 (max threshold 6)
[27.893s][trace][gc,age         ] GC(1660) - age   1:     400208 bytes,     400208 total
[27.893s][info ][gc,heap        ] GC(1660) ParNew: 140300K->396K(157376K)
[27.893s][info ][gc,heap        ] GC(1660) CMS: 3754K->3754K(349568K)
[27.893s][info ][gc,metaspace   ] GC(1660) Metaspace: 16025K(16640K)->16025K(16640K) NonClass: 14284K(14592K)->14284K(14592K) Class: 1740K(2048K)->1740K(2048K)
[27.893s][info ][gc             ] GC(1660) Pause Young (Allocation Failure) 140M->4M(495M) 0.315ms
[27.893s][info ][gc,cpu         ] GC(1660) User=0.00s Sys=0.00s Real=0.00s
[27.903s][info ][gc,start       ] GC(1661) Pause Young (Allocation Failure)
[27.903s][info ][gc,task        ] GC(1661) Using 9 workers of 9 for evacuation
[27.903s][debug][gc,age         ] GC(1661) Desired survivor size 8945664 bytes, new threshold 6 (max threshold 6)
[27.903s][trace][gc,age         ] GC(1661) Age table with threshold 6 (max threshold 6)
[27.903s][trace][gc,age         ] GC(1661) - age   1:     400208 bytes,     400208 total
[27.903s][info ][gc,heap        ] GC(1661) ParNew: 140065K->396K(157376K)
[27.903s][info ][gc,heap        ] GC(1661) CMS: 3754K->3754K(349568K)
[27.903s][info ][gc,metaspace   ] GC(1661) Metaspace: 16025K(16640K)->16025K(16640K) NonClass: 14284K(14592K)->14284K(14592K) Class: 1740K(2048K)->1740K(2048K)
[27.903s][info ][gc             ] GC(1661) Pause Young (Allocation Failure) 140M->4M(495M) 0.461ms
[27.903s][info ][gc,cpu         ] GC(1661) User=0.00s Sys=0.00s Real=0.00s
[27.913s][info ][gc,start       ] GC(1662) Pause Young (Allocation Failure)
[27.913s][info ][gc,task        ] GC(1662) Using 9 workers of 9 for evacuation
[27.913s][debug][gc,age         ] GC(1662) Desired survivor size 8945664 bytes, new threshold 6 (max threshold 6)
[27.913s][trace][gc,age         ] GC(1662) Age table with threshold 6 (max threshold 6)
[27.913s][trace][gc,age         ] GC(1662) - age   1:        192 bytes,        192 total
[27.913s][info ][gc,heap        ] GC(1662) ParNew: 139931K->6K(157376K)
[27.913s][info ][gc,heap        ] GC(1662) CMS: 3754K->3754K(349568K)
[27.913s][info ][gc,metaspace   ] GC(1662) Metaspace: 16025K(16640K)->16025K(16640K) NonClass: 14284K(14592K)->14284K(14592K) Class: 1740K(2048K)->1740K(2048K)
[27.913s][info ][gc             ] GC(1662) Pause Young (Allocation Failure) 140M->3M(495M) 0.493ms
[27.913s][info ][gc,cpu         ] GC(1662) User=0.00s Sys=0.00s Real=0.00s
[27.923s][info ][gc,start       ] GC(1663) Pause Young (Allocation Failure)
[27.923s][info ][gc,task        ] GC(1663) Using 9 workers of 9 for evacuation
[27.923s][debug][gc,age         ] GC(1663) Desired survivor size 8945664 bytes, new threshold 6 (max threshold 6)
[27.923s][trace][gc,age         ] GC(1663) Age table with threshold 6 (max threshold 6)
[27.923s][trace][gc,age         ] GC(1663) - age   1:        192 bytes,        192 total
[27.923s][info ][gc,heap        ] GC(1663) ParNew: 139671K->6K(157376K)
[27.923s][info ][gc,heap        ] GC(1663) CMS: 3754K->3754K(349568K)
[27.923s][info ][gc,metaspace   ] GC(1663) Metaspace: 16025K(16640K)->16025K(16640K) NonClass: 14284K(14592K)->14284K(14592K) Class: 1740K(2048K)->1740K(2048K)
[27.923s][info ][gc             ] GC(1663) Pause Young (Allocation Failure) 140M->3M(495M) 0.298ms
[27.923s][info ][gc,cpu         ] GC(1663) User=0.00s Sys=0.00s Real=0.00s
[27.932s][info ][gc,start       ] GC(1664) Pause Young (Allocation Failure)
[27.932s][info ][gc,task        ] GC(1664) Using 9 workers of 9 for evacuation
[27.933s][debug][gc,age         ] GC(1664) Desired survivor size 8945664 bytes, new threshold 6 (max threshold 6)
[27.933s][trace][gc,age         ] GC(1664) Age table with threshold 6 (max threshold 6)
[27.933s][trace][gc,age         ] GC(1664) - age   1:        192 bytes,        192 total
[27.933s][info ][gc,heap        ] GC(1664) ParNew: 139606K->4K(157376K)
[27.933s][info ][gc,heap        ] GC(1664) CMS: 3754K->3754K(349568K)
[27.933s][info ][gc,metaspace   ] GC(1664) Metaspace: 16025K(16640K)->16025K(16640K) NonClass: 14284K(14592K)->14284K(14592K) Class: 1740K(2048K)->1740K(2048K)
[27.933s][info ][gc             ] GC(1664) Pause Young (Allocation Failure) 140M->3M(495M) 0.617ms
[27.933s][info ][gc,cpu         ] GC(1664) User=0.00s Sys=0.00s Real=0.00s
[27.942s][info ][gc,start       ] GC(1665) Pause Young (Allocation Failure)
[27.942s][info ][gc,task        ] GC(1665) Using 9 workers of 9 for evacuation
[27.943s][debug][gc,age         ] GC(1665) Desired survivor size 8945664 bytes, new threshold 6 (max threshold 6)
[27.943s][trace][gc,age         ] GC(1665) Age table with threshold 6 (max threshold 6)
[27.943s][trace][gc,age         ] GC(1665) - age   1:        192 bytes,        192 total
[27.943s][info ][gc,heap        ] GC(1665) ParNew: 139574K->4K(157376K)
[27.943s][info ][gc,heap        ] GC(1665) CMS: 3754K->3754K(349568K)
[27.943s][info ][gc,metaspace   ] GC(1665) Metaspace: 16025K(16640K)->16025K(16640K) NonClass: 14284K(14592K)->14284K(14592K) Class: 1740K(2048K)->1740K(2048K)
[27.943s][info ][gc             ] GC(1665) Pause Young (Allocation Failure) 139M->3M(495M) 0.399ms
[27.943s][info ][gc,cpu         ] GC(1665) User=0.00s Sys=0.00s Real=0.00s
[27.952s][info ][gc,start       ] GC(1666) Pause Young (Allocation Failure)
[27.952s][info ][gc,task        ] GC(1666) Using 9 workers of 9 for evacuation
[27.953s][debug][gc,age         ] GC(1666) Desired survivor size 8945664 bytes, new threshold 6 (max threshold 6)
[27.953s][trace][gc,age         ] GC(1666) Age table with threshold 6 (max threshold 6)
[27.953s][trace][gc,age         ] GC(1666) - age   1:     400208 bytes,     400208 total
[27.953s][info ][gc,heap        ] GC(1666) ParNew: 139899K->396K(157376K)
[27.953s][info ][gc,heap        ] GC(1666) CMS: 3754K->3754K(349568K)
[27.953s][info ][gc,metaspace   ] GC(1666) Metaspace: 16025K(16640K)->16025K(16640K) NonClass: 14284K(14592K)->14284K(14592K) Class: 1740K(2048K)->1740K(2048K)
[27.953s][info ][gc             ] GC(1666) Pause Young (Allocation Failure) 140M->4M(495M) 0.430ms
[27.953s][info ][gc,cpu         ] GC(1666) User=0.00s Sys=0.01s Real=0.00s
[27.962s][info ][gc,start       ] GC(1667) Pause Young (Allocation Failure)
[27.962s][info ][gc,task        ] GC(1667) Using 9 workers of 9 for evacuation
[27.963s][debug][gc,age         ] GC(1667) Desired survivor size 8945664 bytes, new threshold 6 (max threshold 6)
[27.963s][trace][gc,age         ] GC(1667) Age table with threshold 6 (max threshold 6)
[27.963s][trace][gc,age         ] GC(1667) - age   1:     400208 bytes,     400208 total
[27.963s][info ][gc,heap        ] GC(1667) ParNew: 140013K->396K(157376K)
[27.963s][info ][gc,heap        ] GC(1667) CMS: 3754K->3754K(349568K)
[27.963s][info ][gc,metaspace   ] GC(1667) Metaspace: 16025K(16640K)->16025K(16640K) NonClass: 14284K(14592K)->14284K(14592K) Class: 1740K(2048K)->1740K(2048K)
[27.963s][info ][gc             ] GC(1667) Pause Young (Allocation Failure) 140M->4M(495M) 0.428ms
[27.963s][info ][gc,cpu         ] GC(1667) User=0.00s Sys=0.00s Real=0.00s
[27.972s][info ][gc,start       ] GC(1668) Pause Young (Allocation Failure)
[27.972s][info ][gc,task        ] GC(1668) Using 9 workers of 9 for evacuation
[27.973s][debug][gc,age         ] GC(1668) Desired survivor size 8945664 bytes, new threshold 6 (max threshold 6)
[27.973s][trace][gc,age         ] GC(1668) Age table with threshold 6 (max threshold 6)
[27.973s][trace][gc,age         ] GC(1668) - age   1:        192 bytes,        192 total
[27.973s][info ][gc,heap        ] GC(1668) ParNew: 140112K->6K(157376K)
[27.973s][info ][gc,heap        ] GC(1668) CMS: 3754K->3754K(349568K)
[27.973s][info ][gc,metaspace   ] GC(1668) Metaspace: 16025K(16640K)->16025K(16640K) NonClass: 14284K(14592K)->14284K(14592K) Class: 1740K(2048K)->1740K(2048K)
[27.973s][info ][gc             ] GC(1668) Pause Young (Allocation Failure) 140M->3M(495M) 0.329ms
[27.973s][info ][gc,cpu         ] GC(1668) User=0.00s Sys=0.00s Real=0.00s
[27.982s][info ][gc,start       ] GC(1669) Pause Young (Allocation Failure)
[27.982s][info ][gc,task        ] GC(1669) Using 9 workers of 9 for evacuation
[27.983s][debug][gc,age         ] GC(1669) Desired survivor size 8945664 bytes, new threshold 6 (max threshold 6)
[27.983s][trace][gc,age         ] GC(1669) Age table with threshold 6 (max threshold 6)
[27.983s][trace][gc,age         ] GC(1669) - age   1:     400208 bytes,     400208 total
[27.983s][info ][gc,heap        ] GC(1669) ParNew: 139890K->396K(157376K)
[27.983s][info ][gc,heap        ] GC(1669) CMS: 3754K->3754K(349568K)
[27.983s][info ][gc,metaspace   ] GC(1669) Metaspace: 16025K(16640K)->16025K(16640K) NonClass: 14284K(14592K)->14284K(14592K) Class: 1740K(2048K)->1740K(2048K)
[27.983s][info ][gc             ] GC(1669) Pause Young (Allocation Failure) 140M->4M(495M) 0.405ms
[27.983s][info ][gc,cpu         ] GC(1669) User=0.00s Sys=0.00s Real=0.00s
[27.992s][info ][gc,start       ] GC(1670) Pause Young (Allocation Failure)
[27.992s][info ][gc,task        ] GC(1670) Using 9 workers of 9 for evacuation
[27.992s][debug][gc,age         ] GC(1670) Desired survivor size 8945664 bytes, new threshold 6 (max threshold 6)
[27.992s][trace][gc,age         ] GC(1670) Age table with threshold 6 (max threshold 6)
[27.992s][trace][gc,age         ] GC(1670) - age   1:     400208 bytes,     400208 total
[27.992s][info ][gc,heap        ] GC(1670) ParNew: 140165K->396K(157376K)
[27.992s][info ][gc,heap        ] GC(1670) CMS: 3754K->3754K(349568K)
[27.992s][info ][gc,metaspace   ] GC(1670) Metaspace: 16025K(16640K)->16025K(16640K) NonClass: 14284K(14592K)->14284K(14592K) Class: 1740K(2048K)->1740K(2048K)
[27.992s][info ][gc             ] GC(1670) Pause Young (Allocation Failure) 140M->4M(495M) 0.358ms
[27.992s][info ][gc,cpu         ] GC(1670) User=0.00s Sys=0.00s Real=0.00s
[28.002s][info ][gc,start       ] GC(1671) Pause Young (Allocation Failure)
[28.002s][info ][gc,task        ] GC(1671) Using 9 workers of 9 for evacuation
[28.002s][debug][gc,age         ] GC(1671) Desired survivor size 8945664 bytes, new threshold 6 (max threshold 6)
[28.002s][trace][gc,age         ] GC(1671) Age table with threshold 6 (max threshold 6)
[28.002s][trace][gc,age         ] GC(1671) - age   1:        192 bytes,        192 total
[28.002s][info ][gc,heap        ] GC(1671) ParNew: 140028K->8K(157376K)
[28.002s][info ][gc,heap        ] GC(1671) CMS: 3754K->3754K(349568K)
[28.002s][info ][gc,metaspace   ] GC(1671) Metaspace: 16025K(16640K)->16025K(16640K) NonClass: 14284K(14592K)->14284K(14592K) Class: 1740K(2048K)->1740K(2048K)
[28.002s][info ][gc             ] GC(1671) Pause Young (Allocation Failure) 140M->3M(495M) 0.420ms
[28.002s][info ][gc,cpu         ] GC(1671) User=0.00s Sys=0.00s Real=0.00s
[28.012s][info ][gc,start       ] GC(1672) Pause Young (Allocation Failure)
[28.012s][info ][gc,task        ] GC(1672) Using 9 workers of 9 for evacuation
[28.012s][debug][gc,age         ] GC(1672) Desired survivor size 8945664 bytes, new threshold 6 (max threshold 6)
[28.012s][trace][gc,age         ] GC(1672) Age table with threshold 6 (max threshold 6)
[28.012s][trace][gc,age         ] GC(1672) - age   1:        192 bytes,        192 total
[28.012s][info ][gc,heap        ] GC(1672) ParNew: 139534K->8K(157376K)
[28.012s][info ][gc,heap        ] GC(1672) CMS: 3754K->3754K(349568K)
[28.012s][info ][gc,metaspace   ] GC(1672) Metaspace: 16025K(16640K)->16025K(16640K) NonClass: 14284K(14592K)->14284K(14592K) Class: 1740K(2048K)->1740K(2048K)
[28.012s][info ][gc             ] GC(1672) Pause Young (Allocation Failure) 139M->3M(495M) 0.537ms
[28.012s][info ][gc,cpu         ] GC(1672) User=0.01s Sys=0.00s Real=0.00s
[28.022s][info ][gc,start       ] GC(1673) Pause Young (Allocation Failure)
[28.022s][info ][gc,task        ] GC(1673) Using 9 workers of 9 for evacuation
[28.022s][debug][gc,age         ] GC(1673) Desired survivor size 8945664 bytes, new threshold 6 (max threshold 6)
[28.022s][trace][gc,age         ] GC(1673) Age table with threshold 6 (max threshold 6)
[28.022s][trace][gc,age         ] GC(1673) - age   1:     400208 bytes,     400208 total
[28.022s][info ][gc,heap        ] GC(1673) ParNew: 139620K->396K(157376K)
[28.022s][info ][gc,heap        ] GC(1673) CMS: 3754K->3754K(349568K)
[28.022s][info ][gc,metaspace   ] GC(1673) Metaspace: 16025K(16640K)->16025K(16640K) NonClass: 14284K(14592K)->14284K(14592K) Class: 1740K(2048K)->1740K(2048K)
[28.022s][info ][gc             ] GC(1673) Pause Young (Allocation Failure) 140M->4M(495M) 0.430ms
[28.022s][info ][gc,cpu         ] GC(1673) User=0.01s Sys=0.00s Real=0.00s
[28.032s][info ][gc,start       ] GC(1674) Pause Young (Allocation Failure)
[28.032s][info ][gc,task        ] GC(1674) Using 9 workers of 9 for evacuation
[28.032s][debug][gc,age         ] GC(1674) Desired survivor size 8945664 bytes, new threshold 6 (max threshold 6)
[28.032s][trace][gc,age         ] GC(1674) Age table with threshold 6 (max threshold 6)
[28.032s][trace][gc,age         ] GC(1674) - age   1:     400208 bytes,     400208 total
[28.032s][info ][gc,heap        ] GC(1674) ParNew: 140205K->396K(157376K)
[28.032s][info ][gc,heap        ] GC(1674) CMS: 3754K->3754K(349568K)
[28.032s][info ][gc,metaspace   ] GC(1674) Metaspace: 16025K(16640K)->16025K(16640K) NonClass: 14284K(14592K)->14284K(14592K) Class: 1740K(2048K)->1740K(2048K)
[28.032s][info ][gc             ] GC(1674) Pause Young (Allocation Failure) 140M->4M(495M) 0.436ms
[28.032s][info ][gc,cpu         ] GC(1674) User=0.01s Sys=0.00s Real=0.00s
[28.042s][info ][gc,start       ] GC(1675) Pause Young (Allocation Failure)
[28.042s][info ][gc,task        ] GC(1675) Using 9 workers of 9 for evacuation
[28.042s][debug][gc,age         ] GC(1675) Desired survivor size 8945664 bytes, new threshold 6 (max threshold 6)
[28.042s][trace][gc,age         ] GC(1675) Age table with threshold 6 (max threshold 6)
[28.042s][trace][gc,age         ] GC(1675) - age   1:        192 bytes,        192 total
[28.042s][info ][gc,heap        ] GC(1675) ParNew: 140027K->8K(157376K)
[28.042s][info ][gc,heap        ] GC(1675) CMS: 3754K->3754K(349568K)
[28.042s][info ][gc,metaspace   ] GC(1675) Metaspace: 16025K(16640K)->16025K(16640K) NonClass: 14284K(14592K)->14284K(14592K) Class: 1740K(2048K)->1740K(2048K)
[28.042s][info ][gc             ] GC(1675) Pause Young (Allocation Failure) 140M->3M(495M) 0.466ms
[28.042s][info ][gc,cpu         ] GC(1675) User=0.00s Sys=0.00s Real=0.00s
[28.052s][info ][gc,start       ] GC(1676) Pause Young (Allocation Failure)
[28.052s][info ][gc,task        ] GC(1676) Using 9 workers of 9 for evacuation
[28.052s][debug][gc,age         ] GC(1676) Desired survivor size 8945664 bytes, new threshold 6 (max threshold 6)
[28.052s][trace][gc,age         ] GC(1676) Age table with threshold 6 (max threshold 6)
[28.052s][trace][gc,age         ] GC(1676) - age   1:        192 bytes,        192 total
[28.052s][info ][gc,heap        ] GC(1676) ParNew: 139902K->6K(157376K)
[28.052s][info ][gc,heap        ] GC(1676) CMS: 3754K->3754K(349568K)
[28.052s][info ][gc,metaspace   ] GC(1676) Metaspace: 16025K(16640K)->16025K(16640K) NonClass: 14284K(14592K)->14284K(14592K) Class: 1740K(2048K)->1740K(2048K)
[28.052s][info ][gc             ] GC(1676) Pause Young (Allocation Failure) 140M->3M(495M) 0.415ms
[28.052s][info ][gc,cpu         ] GC(1676) User=0.00s Sys=0.00s Real=0.00s
[28.062s][info ][gc,start       ] GC(1677) Pause Young (Allocation Failure)
[28.062s][info ][gc,task        ] GC(1677) Using 9 workers of 9 for evacuation
[28.062s][debug][gc,age         ] GC(1677) Desired survivor size 8945664 bytes, new threshold 6 (max threshold 6)
[28.062s][trace][gc,age         ] GC(1677) Age table with threshold 6 (max threshold 6)
[28.062s][trace][gc,age         ] GC(1677) - age   1:     400208 bytes,     400208 total
[28.062s][info ][gc,heap        ] GC(1677) ParNew: 139681K->396K(157376K)
[28.062s][info ][gc,heap        ] GC(1677) CMS: 3754K->3754K(349568K)
[28.062s][info ][gc,metaspace   ] GC(1677) Metaspace: 16025K(16640K)->16025K(16640K) NonClass: 14284K(14592K)->14284K(14592K) Class: 1740K(2048K)->1740K(2048K)
[28.062s][info ][gc             ] GC(1677) Pause Young (Allocation Failure) 140M->4M(495M) 0.374ms
[28.062s][info ][gc,cpu         ] GC(1677) User=0.00s Sys=0.00s Real=0.00s
[28.072s][info ][gc,start       ] GC(1678) Pause Young (Allocation Failure)
[28.072s][info ][gc,task        ] GC(1678) Using 9 workers of 9 for evacuation
[28.072s][debug][gc,age         ] GC(1678) Desired survivor size 8945664 bytes, new threshold 6 (max threshold 6)
[28.072s][trace][gc,age         ] GC(1678) Age table with threshold 6 (max threshold 6)
[28.072s][trace][gc,age         ] GC(1678) - age   1:        192 bytes,        192 total
[28.072s][info ][gc,heap        ] GC(1678) ParNew: 140216K->8K(157376K)
[28.072s][info ][gc,heap        ] GC(1678) CMS: 3754K->3754K(349568K)
[28.072s][info ][gc,metaspace   ] GC(1678) Metaspace: 16025K(16640K)->16025K(16640K) NonClass: 14284K(14592K)->14284K(14592K) Class: 1740K(2048K)->1740K(2048K)
[28.072s][info ][gc             ] GC(1678) Pause Young (Allocation Failure) 140M->3M(495M) 0.425ms
[28.072s][info ][gc,cpu         ] GC(1678) User=0.00s Sys=0.00s Real=0.00s
[28.082s][info ][gc,start       ] GC(1679) Pause Young (Allocation Failure)
[28.082s][info ][gc,task        ] GC(1679) Using 9 workers of 9 for evacuation
[28.082s][debug][gc,age         ] GC(1679) Desired survivor size 8945664 bytes, new threshold 6 (max threshold 6)
[28.082s][trace][gc,age         ] GC(1679) Age table with threshold 6 (max threshold 6)
[28.082s][trace][gc,age         ] GC(1679) - age   1:        192 bytes,        192 total
[28.082s][info ][gc,heap        ] GC(1679) ParNew: 139830K->8K(157376K)
[28.082s][info ][gc,heap        ] GC(1679) CMS: 3754K->3754K(349568K)
[28.082s][info ][gc,metaspace   ] GC(1679) Metaspace: 16025K(16640K)->16025K(16640K) NonClass: 14284K(14592K)->14284K(14592K) Class: 1740K(2048K)->1740K(2048K)
[28.082s][info ][gc             ] GC(1679) Pause Young (Allocation Failure) 140M->3M(495M) 0.410ms
[28.082s][info ][gc,cpu         ] GC(1679) User=0.00s Sys=0.00s Real=0.00s
[28.092s][info ][gc,start       ] GC(1680) Pause Young (Allocation Failure)
[28.092s][info ][gc,task        ] GC(1680) Using 9 workers of 9 for evacuation
[28.092s][debug][gc,age         ] GC(1680) Desired survivor size 8945664 bytes, new threshold 6 (max threshold 6)
[28.092s][trace][gc,age         ] GC(1680) Age table with threshold 6 (max threshold 6)
[28.092s][trace][gc,age         ] GC(1680) - age   1:        192 bytes,        192 total
[28.092s][info ][gc,heap        ] GC(1680) ParNew: 139533K->6K(157376K)
[28.092s][info ][gc,heap        ] GC(1680) CMS: 3754K->3754K(349568K)
[28.092s][info ][gc,metaspace   ] GC(1680) Metaspace: 16025K(16640K)->16025K(16640K) NonClass: 14284K(14592K)->14284K(14592K) Class: 1740K(2048K)->1740K(2048K)
[28.092s][info ][gc             ] GC(1680) Pause Young (Allocation Failure) 139M->3M(495M) 0.391ms
[28.092s][info ][gc,cpu         ] GC(1680) User=0.00s Sys=0.00s Real=0.00s
[28.101s][info ][gc,start       ] GC(1681) Pause Young (Allocation Failure)
[28.101s][info ][gc,task        ] GC(1681) Using 9 workers of 9 for evacuation
[28.102s][debug][gc,age         ] GC(1681) Desired survivor size 8945664 bytes, new threshold 6 (max threshold 6)
[28.102s][trace][gc,age         ] GC(1681) Age table with threshold 6 (max threshold 6)
[28.102s][trace][gc,age         ] GC(1681) - age   1:     400208 bytes,     400208 total
[28.102s][info ][gc,heap        ] GC(1681) ParNew: 139891K->396K(157376K)
[28.102s][info ][gc,heap        ] GC(1681) CMS: 3754K->3754K(349568K)
[28.102s][info ][gc,metaspace   ] GC(1681) Metaspace: 16025K(16640K)->16025K(16640K) NonClass: 14284K(14592K)->14284K(14592K) Class: 1740K(2048K)->1740K(2048K)
[28.102s][info ][gc             ] GC(1681) Pause Young (Allocation Failure) 140M->4M(495M) 0.536ms
[28.102s][info ][gc,cpu         ] GC(1681) User=0.00s Sys=0.00s Real=0.00s
[28.111s][info ][gc,start       ] GC(1682) Pause Young (Allocation Failure)
[28.111s][info ][gc,task        ] GC(1682) Using 9 workers of 9 for evacuation
[28.112s][debug][gc,age         ] GC(1682) Desired survivor size 8945664 bytes, new threshold 6 (max threshold 6)
[28.112s][trace][gc,age         ] GC(1682) Age table with threshold 6 (max threshold 6)
[28.112s][trace][gc,age         ] GC(1682) - age   1:        192 bytes,        192 total
[28.112s][info ][gc,heap        ] GC(1682) ParNew: 140079K->6K(157376K)
[28.112s][info ][gc,heap        ] GC(1682) CMS: 3754K->3754K(349568K)
[28.112s][info ][gc,metaspace   ] GC(1682) Metaspace: 16025K(16640K)->16025K(16640K) NonClass: 14284K(14592K)->14284K(14592K) Class: 1740K(2048K)->1740K(2048K)
[28.112s][info ][gc             ] GC(1682) Pause Young (Allocation Failure) 140M->3M(495M) 0.431ms
[28.112s][info ][gc,cpu         ] GC(1682) User=0.00s Sys=0.00s Real=0.00s
[28.121s][info ][gc,start       ] GC(1683) Pause Young (Allocation Failure)
[28.121s][info ][gc,task        ] GC(1683) Using 9 workers of 9 for evacuation
[28.122s][debug][gc,age         ] GC(1683) Desired survivor size 8945664 bytes, new threshold 6 (max threshold 6)
[28.122s][trace][gc,age         ] GC(1683) Age table with threshold 6 (max threshold 6)
[28.122s][trace][gc,age         ] GC(1683) - age   1:     400208 bytes,     400208 total
[28.122s][info ][gc,heap        ] GC(1683) ParNew: 139847K->398K(157376K)
[28.122s][info ][gc,heap        ] GC(1683) CMS: 3754K->3754K(349568K)
[28.122s][info ][gc,metaspace   ] GC(1683) Metaspace: 16025K(16640K)->16025K(16640K) NonClass: 14284K(14592K)->14284K(14592K) Class: 1740K(2048K)->1740K(2048K)
[28.122s][info ][gc             ] GC(1683) Pause Young (Allocation Failure) 140M->4M(495M) 0.507ms
[28.122s][info ][gc,cpu         ] GC(1683) User=0.00s Sys=0.00s Real=0.00s
[28.131s][info ][gc,start       ] GC(1684) Pause Young (Allocation Failure)
[28.131s][info ][gc,task        ] GC(1684) Using 9 workers of 9 for evacuation
[28.132s][debug][gc,age         ] GC(1684) Desired survivor size 8945664 bytes, new threshold 6 (max threshold 6)
[28.132s][trace][gc,age         ] GC(1684) Age table with threshold 6 (max threshold 6)
[28.132s][trace][gc,age         ] GC(1684) - age   1:        192 bytes,        192 total
[28.132s][info ][gc,heap        ] GC(1684) ParNew: 139972K->6K(157376K)
[28.132s][info ][gc,heap        ] GC(1684) CMS: 3754K->3754K(349568K)
[28.132s][info ][gc,metaspace   ] GC(1684) Metaspace: 16025K(16640K)->16025K(16640K) NonClass: 14284K(14592K)->14284K(14592K) Class: 1740K(2048K)->1740K(2048K)
[28.132s][info ][gc             ] GC(1684) Pause Young (Allocation Failure) 140M->3M(495M) 0.446ms
[28.132s][info ][gc,cpu         ] GC(1684) User=0.01s Sys=0.00s Real=0.00s
[28.142s][info ][gc,start       ] GC(1685) Pause Young (Allocation Failure)
[28.142s][info ][gc,task        ] GC(1685) Using 9 workers of 9 for evacuation
[28.142s][debug][gc,age         ] GC(1685) Desired survivor size 8945664 bytes, new threshold 6 (max threshold 6)
[28.142s][trace][gc,age         ] GC(1685) Age table with threshold 6 (max threshold 6)
[28.142s][trace][gc,age         ] GC(1685) - age   1:        192 bytes,        192 total
[28.142s][info ][gc,heap        ] GC(1685) ParNew: 139622K->8K(157376K)
[28.142s][info ][gc,heap        ] GC(1685) CMS: 3754K->3754K(349568K)
[28.142s][info ][gc,metaspace   ] GC(1685) Metaspace: 16025K(16640K)->16025K(16640K) NonClass: 14284K(14592K)->14284K(14592K) Class: 1740K(2048K)->1740K(2048K)
[28.142s][info ][gc             ] GC(1685) Pause Young (Allocation Failure) 140M->3M(495M) 0.405ms
[28.142s][info ][gc,cpu         ] GC(1685) User=0.01s Sys=0.00s Real=0.00s
[28.152s][info ][gc,start       ] GC(1686) Pause Young (Allocation Failure)
[28.152s][info ][gc,task        ] GC(1686) Using 9 workers of 9 for evacuation
[28.152s][debug][gc,age         ] GC(1686) Desired survivor size 8945664 bytes, new threshold 6 (max threshold 6)
[28.152s][trace][gc,age         ] GC(1686) Age table with threshold 6 (max threshold 6)
[28.152s][trace][gc,age         ] GC(1686) - age   1:        192 bytes,        192 total
[28.152s][info ][gc,heap        ] GC(1686) ParNew: 139672K->6K(157376K)
[28.152s][info ][gc,heap        ] GC(1686) CMS: 3754K->3754K(349568K)
[28.152s][info ][gc,metaspace   ] GC(1686) Metaspace: 16025K(16640K)->16025K(16640K) NonClass: 14284K(14592K)->14284K(14592K) Class: 1740K(2048K)->1740K(2048K)
[28.152s][info ][gc             ] GC(1686) Pause Young (Allocation Failure) 140M->3M(495M) 0.345ms
[28.152s][info ][gc,cpu         ] GC(1686) User=0.00s Sys=0.00s Real=0.00s
[28.162s][info ][gc,start       ] GC(1687) Pause Young (Allocation Failure)
[28.162s][info ][gc,task        ] GC(1687) Using 9 workers of 9 for evacuation
[28.163s][debug][gc,age         ] GC(1687) Desired survivor size 8945664 bytes, new threshold 6 (max threshold 6)
[28.163s][trace][gc,age         ] GC(1687) Age table with threshold 6 (max threshold 6)
[28.163s][trace][gc,age         ] GC(1687) - age   1:        192 bytes,        192 total
[28.163s][info ][gc,heap        ] GC(1687) ParNew: 139910K->4K(157376K)
[28.163s][info ][gc,heap        ] GC(1687) CMS: 3754K->3754K(349568K)
[28.163s][info ][gc,metaspace   ] GC(1687) Metaspace: 16025K(16640K)->16025K(16640K) NonClass: 14284K(14592K)->14284K(14592K) Class: 1740K(2048K)->1740K(2048K)
[28.163s][info ][gc             ] GC(1687) Pause Young (Allocation Failure) 140M->3M(495M) 0.463ms
[28.163s][info ][gc,cpu         ] GC(1687) User=0.00s Sys=0.00s Real=0.00s
[28.173s][info ][gc,start       ] GC(1688) Pause Young (Allocation Failure)
[28.173s][info ][gc,task        ] GC(1688) Using 9 workers of 9 for evacuation
[28.175s][debug][gc,age         ] GC(1688) Desired survivor size 8945664 bytes, new threshold 6 (max threshold 6)
[28.175s][trace][gc,age         ] GC(1688) Age table with threshold 6 (max threshold 6)
[28.175s][trace][gc,age         ] GC(1688) - age   1:        192 bytes,        192 total
[28.175s][info ][gc,heap        ] GC(1688) ParNew: 139823K->6K(157376K)
[28.175s][info ][gc,heap        ] GC(1688) CMS: 3754K->3754K(349568K)
[28.175s][info ][gc,metaspace   ] GC(1688) Metaspace: 16025K(16640K)->16025K(16640K) NonClass: 14284K(14592K)->14284K(14592K) Class: 1740K(2048K)->1740K(2048K)
[28.175s][info ][gc             ] GC(1688) Pause Young (Allocation Failure) 140M->3M(495M) 2.449ms
[28.175s][info ][gc,cpu         ] GC(1688) User=0.00s Sys=0.00s Real=0.00s
[28.185s][info ][gc,start       ] GC(1689) Pause Young (Allocation Failure)
[28.185s][info ][gc,task        ] GC(1689) Using 9 workers of 9 for evacuation
[28.185s][debug][gc,age         ] GC(1689) Desired survivor size 8945664 bytes, new threshold 6 (max threshold 6)
[28.185s][trace][gc,age         ] GC(1689) Age table with threshold 6 (max threshold 6)
[28.185s][trace][gc,age         ] GC(1689) - age   1:        192 bytes,        192 total
[28.185s][info ][gc,heap        ] GC(1689) ParNew: 139846K->8K(157376K)
[28.185s][info ][gc,heap        ] GC(1689) CMS: 3754K->3754K(349568K)
[28.185s][info ][gc,metaspace   ] GC(1689) Metaspace: 16025K(16640K)->16025K(16640K) NonClass: 14284K(14592K)->14284K(14592K) Class: 1740K(2048K)->1740K(2048K)
[28.185s][info ][gc             ] GC(1689) Pause Young (Allocation Failure) 140M->3M(495M) 0.469ms
[28.185s][info ][gc,cpu         ] GC(1689) User=0.00s Sys=0.00s Real=0.00s
[28.195s][info ][gc,start       ] GC(1690) Pause Young (Allocation Failure)
[28.195s][info ][gc,task        ] GC(1690) Using 9 workers of 9 for evacuation
[28.195s][debug][gc,age         ] GC(1690) Desired survivor size 8945664 bytes, new threshold 6 (max threshold 6)
[28.195s][trace][gc,age         ] GC(1690) Age table with threshold 6 (max threshold 6)
[28.195s][trace][gc,age         ] GC(1690) - age   1:        192 bytes,        192 total
[28.195s][info ][gc,heap        ] GC(1690) ParNew: 139643K->4K(157376K)
[28.195s][info ][gc,heap        ] GC(1690) CMS: 3754K->3754K(349568K)
[28.195s][info ][gc,metaspace   ] GC(1690) Metaspace: 16025K(16640K)->16025K(16640K) NonClass: 14284K(14592K)->14284K(14592K) Class: 1740K(2048K)->1740K(2048K)
[28.195s][info ][gc             ] GC(1690) Pause Young (Allocation Failure) 140M->3M(495M) 0.432ms
[28.195s][info ][gc,cpu         ] GC(1690) User=0.00s Sys=0.00s Real=0.00s
[28.205s][info ][gc,start       ] GC(1691) Pause Young (Allocation Failure)
[28.205s][info ][gc,task        ] GC(1691) Using 9 workers of 9 for evacuation
[28.205s][debug][gc,age         ] GC(1691) Desired survivor size 8945664 bytes, new threshold 6 (max threshold 6)
[28.205s][trace][gc,age         ] GC(1691) Age table with threshold 6 (max threshold 6)
[28.205s][trace][gc,age         ] GC(1691) - age   1:        192 bytes,        192 total
[28.205s][info ][gc,heap        ] GC(1691) ParNew: 139617K->4K(157376K)
[28.205s][info ][gc,heap        ] GC(1691) CMS: 3754K->3754K(349568K)
[28.205s][info ][gc,metaspace   ] GC(1691) Metaspace: 16025K(16640K)->16025K(16640K) NonClass: 14284K(14592K)->14284K(14592K) Class: 1740K(2048K)->1740K(2048K)
[28.205s][info ][gc             ] GC(1691) Pause Young (Allocation Failure) 140M->3M(495M) 0.402ms
[28.205s][info ][gc,cpu         ] GC(1691) User=0.00s Sys=0.00s Real=0.00s
[28.215s][info ][gc,start       ] GC(1692) Pause Young (Allocation Failure)
[28.215s][info ][gc,task        ] GC(1692) Using 9 workers of 9 for evacuation
[28.215s][debug][gc,age         ] GC(1692) Desired survivor size 8945664 bytes, new threshold 6 (max threshold 6)
[28.215s][trace][gc,age         ] GC(1692) Age table with threshold 6 (max threshold 6)
[28.215s][trace][gc,age         ] GC(1692) - age   1:        192 bytes,        192 total
[28.215s][info ][gc,heap        ] GC(1692) ParNew: 139597K->8K(157376K)
[28.215s][info ][gc,heap        ] GC(1692) CMS: 3754K->3754K(349568K)
[28.215s][info ][gc,metaspace   ] GC(1692) Metaspace: 16025K(16640K)->16025K(16640K) NonClass: 14284K(14592K)->14284K(14592K) Class: 1740K(2048K)->1740K(2048K)
[28.215s][info ][gc             ] GC(1692) Pause Young (Allocation Failure) 139M->3M(495M) 0.437ms
[28.215s][info ][gc,cpu         ] GC(1692) User=0.00s Sys=0.00s Real=0.00s
[28.225s][info ][gc,start       ] GC(1693) Pause Young (Allocation Failure)
[28.225s][info ][gc,task        ] GC(1693) Using 9 workers of 9 for evacuation
[28.225s][debug][gc,age         ] GC(1693) Desired survivor size 8945664 bytes, new threshold 6 (max threshold 6)
[28.225s][trace][gc,age         ] GC(1693) Age table with threshold 6 (max threshold 6)
[28.225s][trace][gc,age         ] GC(1693) - age   1:     400208 bytes,     400208 total
[28.225s][info ][gc,heap        ] GC(1693) ParNew: 139615K->394K(157376K)
[28.225s][info ][gc,heap        ] GC(1693) CMS: 3754K->3754K(349568K)
[28.225s][info ][gc,metaspace   ] GC(1693) Metaspace: 16025K(16640K)->16025K(16640K) NonClass: 14284K(14592K)->14284K(14592K) Class: 1740K(2048K)->1740K(2048K)
[28.225s][info ][gc             ] GC(1693) Pause Young (Allocation Failure) 140M->4M(495M) 0.451ms
[28.225s][info ][gc,cpu         ] GC(1693) User=0.01s Sys=0.00s Real=0.00s
[28.235s][info ][gc,start       ] GC(1694) Pause Young (Allocation Failure)
[28.235s][info ][gc,task        ] GC(1694) Using 9 workers of 9 for evacuation
[28.235s][debug][gc,age         ] GC(1694) Desired survivor size 8945664 bytes, new threshold 6 (max threshold 6)
[28.235s][trace][gc,age         ] GC(1694) Age table with threshold 6 (max threshold 6)
[28.235s][trace][gc,age         ] GC(1694) - age   1:        192 bytes,        192 total
[28.235s][info ][gc,heap        ] GC(1694) ParNew: 140049K->8K(157376K)
[28.235s][info ][gc,heap        ] GC(1694) CMS: 3754K->3754K(349568K)
[28.235s][info ][gc,metaspace   ] GC(1694) Metaspace: 16025K(16640K)->16025K(16640K) NonClass: 14284K(14592K)->14284K(14592K) Class: 1740K(2048K)->1740K(2048K)
[28.235s][info ][gc             ] GC(1694) Pause Young (Allocation Failure) 140M->3M(495M) 0.406ms
[28.235s][info ][gc,cpu         ] GC(1694) User=0.01s Sys=0.00s Real=0.00s
[28.245s][info ][gc,start       ] GC(1695) Pause Young (Allocation Failure)
[28.245s][info ][gc,task        ] GC(1695) Using 9 workers of 9 for evacuation
[28.245s][debug][gc,age         ] GC(1695) Desired survivor size 8945664 bytes, new threshold 6 (max threshold 6)
[28.245s][trace][gc,age         ] GC(1695) Age table with threshold 6 (max threshold 6)
[28.245s][trace][gc,age         ] GC(1695) - age   1:        192 bytes,        192 total
[28.245s][info ][gc,heap        ] GC(1695) ParNew: 139704K->4K(157376K)
[28.245s][info ][gc,heap        ] GC(1695) CMS: 3754K->3754K(349568K)
[28.245s][info ][gc,metaspace   ] GC(1695) Metaspace: 16025K(16640K)->16025K(16640K) NonClass: 14284K(14592K)->14284K(14592K) Class: 1740K(2048K)->1740K(2048K)
[28.245s][info ][gc             ] GC(1695) Pause Young (Allocation Failure) 140M->3M(495M) 0.450ms
[28.245s][info ][gc,cpu         ] GC(1695) User=0.00s Sys=0.00s Real=0.00s
[28.255s][info ][gc,start       ] GC(1696) Pause Young (Allocation Failure)
[28.255s][info ][gc,task        ] GC(1696) Using 9 workers of 9 for evacuation
[28.255s][debug][gc,age         ] GC(1696) Desired survivor size 8945664 bytes, new threshold 6 (max threshold 6)
[28.255s][trace][gc,age         ] GC(1696) Age table with threshold 6 (max threshold 6)
[28.255s][trace][gc,age         ] GC(1696) - age   1:     400208 bytes,     400208 total
[28.255s][info ][gc,heap        ] GC(1696) ParNew: 139525K->396K(157376K)
[28.255s][info ][gc,heap        ] GC(1696) CMS: 3754K->3754K(349568K)
[28.255s][info ][gc,metaspace   ] GC(1696) Metaspace: 16025K(16640K)->16025K(16640K) NonClass: 14284K(14592K)->14284K(14592K) Class: 1740K(2048K)->1740K(2048K)
[28.255s][info ][gc             ] GC(1696) Pause Young (Allocation Failure) 139M->4M(495M) 0.412ms
[28.255s][info ][gc,cpu         ] GC(1696) User=0.00s Sys=0.01s Real=0.00s
[28.265s][info ][gc,start       ] GC(1697) Pause Young (Allocation Failure)
[28.265s][info ][gc,task        ] GC(1697) Using 9 workers of 9 for evacuation
[28.265s][debug][gc,age         ] GC(1697) Desired survivor size 8945664 bytes, new threshold 6 (max threshold 6)
[28.265s][trace][gc,age         ] GC(1697) Age table with threshold 6 (max threshold 6)
[28.265s][trace][gc,age         ] GC(1697) - age   1:     400208 bytes,     400208 total
[28.265s][info ][gc,heap        ] GC(1697) ParNew: 140100K->396K(157376K)
[28.265s][info ][gc,heap        ] GC(1697) CMS: 3754K->3754K(349568K)
[28.265s][info ][gc,metaspace   ] GC(1697) Metaspace: 16025K(16640K)->16025K(16640K) NonClass: 14284K(14592K)->14284K(14592K) Class: 1740K(2048K)->1740K(2048K)
[28.265s][info ][gc             ] GC(1697) Pause Young (Allocation Failure) 140M->4M(495M) 0.415ms
[28.265s][info ][gc,cpu         ] GC(1697) User=0.00s Sys=0.00s Real=0.00s
[28.275s][info ][gc,start       ] GC(1698) Pause Young (Allocation Failure)
[28.275s][info ][gc,task        ] GC(1698) Using 9 workers of 9 for evacuation
[28.275s][debug][gc,age         ] GC(1698) Desired survivor size 8945664 bytes, new threshold 6 (max threshold 6)
[28.275s][trace][gc,age         ] GC(1698) Age table with threshold 6 (max threshold 6)
[28.275s][trace][gc,age         ] GC(1698) - age   1:     400208 bytes,     400208 total
[28.275s][info ][gc,heap        ] GC(1698) ParNew: 139955K->396K(157376K)
[28.275s][info ][gc,heap        ] GC(1698) CMS: 3754K->3754K(349568K)
[28.275s][info ][gc,metaspace   ] GC(1698) Metaspace: 16025K(16640K)->16025K(16640K) NonClass: 14284K(14592K)->14284K(14592K) Class: 1740K(2048K)->1740K(2048K)
[28.275s][info ][gc             ] GC(1698) Pause Young (Allocation Failure) 140M->4M(495M) 0.369ms
[28.275s][info ][gc,cpu         ] GC(1698) User=0.00s Sys=0.00s Real=0.00s
[28.285s][info ][gc,start       ] GC(1699) Pause Young (Allocation Failure)
[28.285s][info ][gc,task        ] GC(1699) Using 9 workers of 9 for evacuation
[28.285s][debug][gc,age         ] GC(1699) Desired survivor size 8945664 bytes, new threshold 6 (max threshold 6)
[28.285s][trace][gc,age         ] GC(1699) Age table with threshold 6 (max threshold 6)
[28.285s][trace][gc,age         ] GC(1699) - age   1:     400208 bytes,     400208 total
[28.285s][info ][gc,heap        ] GC(1699) ParNew: 140238K->398K(157376K)
[28.285s][info ][gc,heap        ] GC(1699) CMS: 3754K->3754K(349568K)
[28.285s][info ][gc,metaspace   ] GC(1699) Metaspace: 16025K(16640K)->16025K(16640K) NonClass: 14284K(14592K)->14284K(14592K) Class: 1740K(2048K)->1740K(2048K)
[28.285s][info ][gc             ] GC(1699) Pause Young (Allocation Failure) 140M->4M(495M) 0.479ms
[28.285s][info ][gc,cpu         ] GC(1699) User=0.00s Sys=0.00s Real=0.00s
[28.295s][info ][gc,start       ] GC(1700) Pause Young (Allocation Failure)
[28.295s][info ][gc,task        ] GC(1700) Using 9 workers of 9 for evacuation
[28.295s][debug][gc,age         ] GC(1700) Desired survivor size 8945664 bytes, new threshold 6 (max threshold 6)
[28.295s][trace][gc,age         ] GC(1700) Age table with threshold 6 (max threshold 6)
[28.295s][trace][gc,age         ] GC(1700) - age   1:        192 bytes,        192 total
[28.295s][info ][gc,heap        ] GC(1700) ParNew: 140302K->8K(157376K)
[28.295s][info ][gc,heap        ] GC(1700) CMS: 3754K->3754K(349568K)
[28.295s][info ][gc,metaspace   ] GC(1700) Metaspace: 16025K(16640K)->16025K(16640K) NonClass: 14284K(14592K)->14284K(14592K) Class: 1740K(2048K)->1740K(2048K)
[28.295s][info ][gc             ] GC(1700) Pause Young (Allocation Failure) 140M->3M(495M) 0.486ms
[28.295s][info ][gc,cpu         ] GC(1700) User=0.00s Sys=0.00s Real=0.00s
[28.305s][info ][gc,start       ] GC(1701) Pause Young (Allocation Failure)
[28.305s][info ][gc,task        ] GC(1701) Using 9 workers of 9 for evacuation
[28.305s][debug][gc,age         ] GC(1701) Desired survivor size 8945664 bytes, new threshold 6 (max threshold 6)
[28.305s][trace][gc,age         ] GC(1701) Age table with threshold 6 (max threshold 6)
[28.305s][trace][gc,age         ] GC(1701) - age   1:     400208 bytes,     400208 total
[28.305s][info ][gc,heap        ] GC(1701) ParNew: 139599K->396K(157376K)
[28.305s][info ][gc,heap        ] GC(1701) CMS: 3754K->3754K(349568K)
[28.305s][info ][gc,metaspace   ] GC(1701) Metaspace: 16025K(16640K)->16025K(16640K) NonClass: 14284K(14592K)->14284K(14592K) Class: 1740K(2048K)->1740K(2048K)
[28.305s][info ][gc             ] GC(1701) Pause Young (Allocation Failure) 139M->4M(495M) 0.374ms
[28.305s][info ][gc,cpu         ] GC(1701) User=0.00s Sys=0.00s Real=0.00s
[28.314s][info ][gc,start       ] GC(1702) Pause Young (Allocation Failure)
[28.315s][info ][gc,task        ] GC(1702) Using 9 workers of 9 for evacuation
[28.315s][debug][gc,age         ] GC(1702) Desired survivor size 8945664 bytes, new threshold 6 (max threshold 6)
[28.315s][trace][gc,age         ] GC(1702) Age table with threshold 6 (max threshold 6)
[28.315s][trace][gc,age         ] GC(1702) - age   1:     400208 bytes,     400208 total
[28.315s][info ][gc,heap        ] GC(1702) ParNew: 140086K->398K(157376K)
[28.315s][info ][gc,heap        ] GC(1702) CMS: 3754K->3754K(349568K)
[28.315s][info ][gc,metaspace   ] GC(1702) Metaspace: 16025K(16640K)->16025K(16640K) NonClass: 14284K(14592K)->14284K(14592K) Class: 1740K(2048K)->1740K(2048K)
[28.315s][info ][gc             ] GC(1702) Pause Young (Allocation Failure) 140M->4M(495M) 0.418ms
[28.315s][info ][gc,cpu         ] GC(1702) User=0.00s Sys=0.00s Real=0.00s
[28.324s][info ][gc,start       ] GC(1703) Pause Young (Allocation Failure)
[28.324s][info ][gc,task        ] GC(1703) Using 9 workers of 9 for evacuation
[28.325s][debug][gc,age         ] GC(1703) Desired survivor size 8945664 bytes, new threshold 6 (max threshold 6)
[28.325s][trace][gc,age         ] GC(1703) Age table with threshold 6 (max threshold 6)
[28.325s][trace][gc,age         ] GC(1703) - age   1:     400208 bytes,     400208 total
[28.325s][info ][gc,heap        ] GC(1703) ParNew: 139984K->394K(157376K)
[28.325s][info ][gc,heap        ] GC(1703) CMS: 3754K->3754K(349568K)
[28.325s][info ][gc,metaspace   ] GC(1703) Metaspace: 16025K(16640K)->16025K(16640K) NonClass: 14284K(14592K)->14284K(14592K) Class: 1740K(2048K)->1740K(2048K)
[28.325s][info ][gc             ] GC(1703) Pause Young (Allocation Failure) 140M->4M(495M) 0.449ms
[28.325s][info ][gc,cpu         ] GC(1703) User=0.01s Sys=0.00s Real=0.00s
[28.334s][info ][gc,start       ] GC(1704) Pause Young (Allocation Failure)
[28.334s][info ][gc,task        ] GC(1704) Using 9 workers of 9 for evacuation
[28.335s][debug][gc,age         ] GC(1704) Desired survivor size 8945664 bytes, new threshold 6 (max threshold 6)
[28.335s][trace][gc,age         ] GC(1704) Age table with threshold 6 (max threshold 6)
[28.335s][trace][gc,age         ] GC(1704) - age   1:     400208 bytes,     400208 total
[28.335s][info ][gc,heap        ] GC(1704) ParNew: 140118K->394K(157376K)
[28.335s][info ][gc,heap        ] GC(1704) CMS: 3754K->3754K(349568K)
[28.335s][info ][gc,metaspace   ] GC(1704) Metaspace: 16025K(16640K)->16025K(16640K) NonClass: 14284K(14592K)->14284K(14592K) Class: 1740K(2048K)->1740K(2048K)
[28.335s][info ][gc             ] GC(1704) Pause Young (Allocation Failure) 140M->4M(495M) 0.421ms
[28.335s][info ][gc,cpu         ] GC(1704) User=0.01s Sys=0.00s Real=0.00s
[28.344s][info ][gc,start       ] GC(1705) Pause Young (Allocation Failure)
[28.344s][info ][gc,task        ] GC(1705) Using 9 workers of 9 for evacuation
[28.345s][debug][gc,age         ] GC(1705) Desired survivor size 8945664 bytes, new threshold 6 (max threshold 6)
[28.345s][trace][gc,age         ] GC(1705) Age table with threshold 6 (max threshold 6)
[28.345s][trace][gc,age         ] GC(1705) - age   1:        192 bytes,        192 total
[28.345s][info ][gc,heap        ] GC(1705) ParNew: 140104K->4K(157376K)
[28.345s][info ][gc,heap        ] GC(1705) CMS: 3754K->3754K(349568K)
[28.345s][info ][gc,metaspace   ] GC(1705) Metaspace: 16025K(16640K)->16025K(16640K) NonClass: 14284K(14592K)->14284K(14592K) Class: 1740K(2048K)->1740K(2048K)
[28.345s][info ][gc             ] GC(1705) Pause Young (Allocation Failure) 140M->3M(495M) 0.498ms
[28.345s][info ][gc,cpu         ] GC(1705) User=0.01s Sys=0.00s Real=0.00s
[28.354s][info ][gc,start       ] GC(1706) Pause Young (Allocation Failure)
[28.354s][info ][gc,task        ] GC(1706) Using 9 workers of 9 for evacuation
[28.355s][debug][gc,age         ] GC(1706) Desired survivor size 8945664 bytes, new threshold 6 (max threshold 6)
[28.355s][trace][gc,age         ] GC(1706) Age table with threshold 6 (max threshold 6)
[28.355s][trace][gc,age         ] GC(1706) - age   1:     400208 bytes,     400208 total
[28.355s][info ][gc,heap        ] GC(1706) ParNew: 139900K->398K(157376K)
[28.355s][info ][gc,heap        ] GC(1706) CMS: 3754K->3754K(349568K)
[28.355s][info ][gc,metaspace   ] GC(1706) Metaspace: 16025K(16640K)->16025K(16640K) NonClass: 14284K(14592K)->14284K(14592K) Class: 1740K(2048K)->1740K(2048K)
[28.355s][info ][gc             ] GC(1706) Pause Young (Allocation Failure) 140M->4M(495M) 0.465ms
[28.355s][info ][gc,cpu         ] GC(1706) User=0.00s Sys=0.00s Real=0.00s
[28.364s][info ][gc,start       ] GC(1707) Pause Young (Allocation Failure)
[28.364s][info ][gc,task        ] GC(1707) Using 9 workers of 9 for evacuation
[28.365s][debug][gc,age         ] GC(1707) Desired survivor size 8945664 bytes, new threshold 6 (max threshold 6)
[28.365s][trace][gc,age         ] GC(1707) Age table with threshold 6 (max threshold 6)
[28.365s][trace][gc,age         ] GC(1707) - age   1:     400208 bytes,     400208 total
[28.365s][info ][gc,heap        ] GC(1707) ParNew: 139977K->394K(157376K)
[28.365s][info ][gc,heap        ] GC(1707) CMS: 3754K->3754K(349568K)
[28.365s][info ][gc,metaspace   ] GC(1707) Metaspace: 16025K(16640K)->16025K(16640K) NonClass: 14284K(14592K)->14284K(14592K) Class: 1740K(2048K)->1740K(2048K)
[28.365s][info ][gc             ] GC(1707) Pause Young (Allocation Failure) 140M->4M(495M) 0.466ms
[28.365s][info ][gc,cpu         ] GC(1707) User=0.00s Sys=0.00s Real=0.00s
[28.374s][info ][gc,start       ] GC(1708) Pause Young (Allocation Failure)
[28.374s][info ][gc,task        ] GC(1708) Using 9 workers of 9 for evacuation
[28.375s][debug][gc,age         ] GC(1708) Desired survivor size 8945664 bytes, new threshold 6 (max threshold 6)
[28.375s][trace][gc,age         ] GC(1708) Age table with threshold 6 (max threshold 6)
[28.375s][trace][gc,age         ] GC(1708) - age   1:     400208 bytes,     400208 total
[28.375s][info ][gc,heap        ] GC(1708) ParNew: 140057K->394K(157376K)
[28.375s][info ][gc,heap        ] GC(1708) CMS: 3754K->3754K(349568K)
[28.375s][info ][gc,metaspace   ] GC(1708) Metaspace: 16025K(16640K)->16025K(16640K) NonClass: 14284K(14592K)->14284K(14592K) Class: 1740K(2048K)->1740K(2048K)
[28.375s][info ][gc             ] GC(1708) Pause Young (Allocation Failure) 140M->4M(495M) 0.451ms
[28.375s][info ][gc,cpu         ] GC(1708) User=0.00s Sys=0.00s Real=0.00s
[28.384s][info ][gc,start       ] GC(1709) Pause Young (Allocation Failure)
[28.384s][info ][gc,task        ] GC(1709) Using 9 workers of 9 for evacuation
[28.385s][debug][gc,age         ] GC(1709) Desired survivor size 8945664 bytes, new threshold 6 (max threshold 6)
[28.385s][trace][gc,age         ] GC(1709) Age table with threshold 6 (max threshold 6)
[28.385s][trace][gc,age         ] GC(1709) - age   1:     400208 bytes,     400208 total
[28.385s][info ][gc,heap        ] GC(1709) ParNew: 140256K->398K(157376K)
[28.385s][info ][gc,heap        ] GC(1709) CMS: 3754K->3754K(349568K)
[28.385s][info ][gc,metaspace   ] GC(1709) Metaspace: 16025K(16640K)->16025K(16640K) NonClass: 14284K(14592K)->14284K(14592K) Class: 1740K(2048K)->1740K(2048K)
[28.385s][info ][gc             ] GC(1709) Pause Young (Allocation Failure) 140M->4M(495M) 0.426ms
[28.385s][info ][gc,cpu         ] GC(1709) User=0.00s Sys=0.00s Real=0.00s
[28.394s][info ][gc,start       ] GC(1710) Pause Young (Allocation Failure)
[28.394s][info ][gc,task        ] GC(1710) Using 9 workers of 9 for evacuation
[28.394s][debug][gc,age         ] GC(1710) Desired survivor size 8945664 bytes, new threshold 6 (max threshold 6)
[28.394s][trace][gc,age         ] GC(1710) Age table with threshold 6 (max threshold 6)
[28.394s][trace][gc,age         ] GC(1710) - age   1:        192 bytes,        192 total
[28.394s][info ][gc,heap        ] GC(1710) ParNew: 140205K->8K(157376K)
[28.394s][info ][gc,heap        ] GC(1710) CMS: 3754K->3754K(349568K)
[28.394s][info ][gc,metaspace   ] GC(1710) Metaspace: 16025K(16640K)->16025K(16640K) NonClass: 14284K(14592K)->14284K(14592K) Class: 1740K(2048K)->1740K(2048K)
[28.395s][info ][gc             ] GC(1710) Pause Young (Allocation Failure) 140M->3M(495M) 0.430ms
[28.395s][info ][gc,cpu         ] GC(1710) User=0.00s Sys=0.00s Real=0.00s
[28.404s][info ][gc,start       ] GC(1711) Pause Young (Allocation Failure)
[28.404s][info ][gc,task        ] GC(1711) Using 9 workers of 9 for evacuation
[28.404s][debug][gc,age         ] GC(1711) Desired survivor size 8945664 bytes, new threshold 6 (max threshold 6)
[28.404s][trace][gc,age         ] GC(1711) Age table with threshold 6 (max threshold 6)
[28.404s][trace][gc,age         ] GC(1711) - age   1:        192 bytes,        192 total
[28.404s][info ][gc,heap        ] GC(1711) ParNew: 139787K->8K(157376K)
[28.404s][info ][gc,heap        ] GC(1711) CMS: 3754K->3754K(349568K)
[28.404s][info ][gc,metaspace   ] GC(1711) Metaspace: 16025K(16640K)->16025K(16640K) NonClass: 14284K(14592K)->14284K(14592K) Class: 1740K(2048K)->1740K(2048K)
[28.404s][info ][gc             ] GC(1711) Pause Young (Allocation Failure) 140M->3M(495M) 0.434ms
[28.404s][info ][gc,cpu         ] GC(1711) User=0.00s Sys=0.00s Real=0.00s
[28.414s][info ][gc,start       ] GC(1712) Pause Young (Allocation Failure)
[28.414s][info ][gc,task        ] GC(1712) Using 9 workers of 9 for evacuation
[28.414s][debug][gc,age         ] GC(1712) Desired survivor size 8945664 bytes, new threshold 6 (max threshold 6)
[28.414s][trace][gc,age         ] GC(1712) Age table with threshold 6 (max threshold 6)
[28.414s][trace][gc,age         ] GC(1712) - age   1:        192 bytes,        192 total
[28.414s][info ][gc,heap        ] GC(1712) ParNew: 139912K->8K(157376K)
[28.414s][info ][gc,heap        ] GC(1712) CMS: 3754K->3754K(349568K)
[28.414s][info ][gc,metaspace   ] GC(1712) Metaspace: 16025K(16640K)->16025K(16640K) NonClass: 14284K(14592K)->14284K(14592K) Class: 1740K(2048K)->1740K(2048K)
[28.414s][info ][gc             ] GC(1712) Pause Young (Allocation Failure) 140M->3M(495M) 0.440ms
[28.414s][info ][gc,cpu         ] GC(1712) User=0.01s Sys=0.00s Real=0.00s
[28.424s][info ][gc,start       ] GC(1713) Pause Young (Allocation Failure)
[28.424s][info ][gc,task        ] GC(1713) Using 9 workers of 9 for evacuation
[28.424s][debug][gc,age         ] GC(1713) Desired survivor size 8945664 bytes, new threshold 6 (max threshold 6)
[28.424s][trace][gc,age         ] GC(1713) Age table with threshold 6 (max threshold 6)
[28.424s][trace][gc,age         ] GC(1713) - age   1:     400208 bytes,     400208 total
[28.424s][info ][gc,heap        ] GC(1713) ParNew: 139810K->398K(157376K)
[28.424s][info ][gc,heap        ] GC(1713) CMS: 3754K->3754K(349568K)
[28.424s][info ][gc,metaspace   ] GC(1713) Metaspace: 16025K(16640K)->16025K(16640K) NonClass: 14284K(14592K)->14284K(14592K) Class: 1740K(2048K)->1740K(2048K)
[28.424s][info ][gc             ] GC(1713) Pause Young (Allocation Failure) 140M->4M(495M) 0.349ms
[28.424s][info ][gc,cpu         ] GC(1713) User=0.01s Sys=0.00s Real=0.00s
[28.434s][info ][gc,start       ] GC(1714) Pause Young (Allocation Failure)
[28.434s][info ][gc,task        ] GC(1714) Using 9 workers of 9 for evacuation
[28.434s][debug][gc,age         ] GC(1714) Desired survivor size 8945664 bytes, new threshold 6 (max threshold 6)
[28.434s][trace][gc,age         ] GC(1714) Age table with threshold 6 (max threshold 6)
[28.434s][trace][gc,age         ] GC(1714) - age   1:        192 bytes,        192 total
[28.434s][info ][gc,heap        ] GC(1714) ParNew: 140224K->8K(157376K)
[28.434s][info ][gc,heap        ] GC(1714) CMS: 3754K->3754K(349568K)
[28.434s][info ][gc,metaspace   ] GC(1714) Metaspace: 16025K(16640K)->16025K(16640K) NonClass: 14284K(14592K)->14284K(14592K) Class: 1740K(2048K)->1740K(2048K)
[28.434s][info ][gc             ] GC(1714) Pause Young (Allocation Failure) 140M->3M(495M) 0.469ms
[28.434s][info ][gc,cpu         ] GC(1714) User=0.01s Sys=0.00s Real=0.00s
[28.444s][info ][gc,start       ] GC(1715) Pause Young (Allocation Failure)
[28.444s][info ][gc,task        ] GC(1715) Using 9 workers of 9 for evacuation
[28.444s][debug][gc,age         ] GC(1715) Desired survivor size 8945664 bytes, new threshold 6 (max threshold 6)
[28.444s][trace][gc,age         ] GC(1715) Age table with threshold 6 (max threshold 6)
[28.444s][trace][gc,age         ] GC(1715) - age   1:        192 bytes,        192 total
[28.444s][info ][gc,heap        ] GC(1715) ParNew: 139656K->6K(157376K)
[28.444s][info ][gc,heap        ] GC(1715) CMS: 3754K->3754K(349568K)
[28.444s][info ][gc,metaspace   ] GC(1715) Metaspace: 16025K(16640K)->16025K(16640K) NonClass: 14284K(14592K)->14284K(14592K) Class: 1740K(2048K)->1740K(2048K)
[28.444s][info ][gc             ] GC(1715) Pause Young (Allocation Failure) 140M->3M(495M) 0.507ms
[28.444s][info ][gc,cpu         ] GC(1715) User=0.00s Sys=0.00s Real=0.00s
[28.454s][info ][gc,start       ] GC(1716) Pause Young (Allocation Failure)
[28.454s][info ][gc,task        ] GC(1716) Using 9 workers of 9 for evacuation
[28.454s][debug][gc,age         ] GC(1716) Desired survivor size 8945664 bytes, new threshold 6 (max threshold 6)
[28.454s][trace][gc,age         ] GC(1716) Age table with threshold 6 (max threshold 6)
[28.454s][trace][gc,age         ] GC(1716) - age   1:        192 bytes,        192 total
[28.454s][info ][gc,heap        ] GC(1716) ParNew: 139693K->4K(157376K)
[28.454s][info ][gc,heap        ] GC(1716) CMS: 3754K->3754K(349568K)
[28.454s][info ][gc,metaspace   ] GC(1716) Metaspace: 16025K(16640K)->16025K(16640K) NonClass: 14284K(14592K)->14284K(14592K) Class: 1740K(2048K)->1740K(2048K)
[28.454s][info ][gc             ] GC(1716) Pause Young (Allocation Failure) 140M->3M(495M) 0.394ms
[28.454s][info ][gc,cpu         ] GC(1716) User=0.00s Sys=0.00s Real=0.00s
[28.464s][info ][gc,start       ] GC(1717) Pause Young (Allocation Failure)
[28.464s][info ][gc,task        ] GC(1717) Using 9 workers of 9 for evacuation
[28.464s][debug][gc,age         ] GC(1717) Desired survivor size 8945664 bytes, new threshold 6 (max threshold 6)
[28.464s][trace][gc,age         ] GC(1717) Age table with threshold 6 (max threshold 6)
[28.464s][trace][gc,age         ] GC(1717) - age   1:        192 bytes,        192 total
[28.464s][info ][gc,heap        ] GC(1717) ParNew: 139643K->8K(157376K)
[28.464s][info ][gc,heap        ] GC(1717) CMS: 3754K->3754K(349568K)
[28.464s][info ][gc,metaspace   ] GC(1717) Metaspace: 16025K(16640K)->16025K(16640K) NonClass: 14284K(14592K)->14284K(14592K) Class: 1740K(2048K)->1740K(2048K)
[28.464s][info ][gc             ] GC(1717) Pause Young (Allocation Failure) 140M->3M(495M) 0.413ms
[28.464s][info ][gc,cpu         ] GC(1717) User=0.00s Sys=0.00s Real=0.00s
[28.474s][info ][gc,start       ] GC(1718) Pause Young (Allocation Failure)
[28.474s][info ][gc,task        ] GC(1718) Using 9 workers of 9 for evacuation
[28.474s][debug][gc,age         ] GC(1718) Desired survivor size 8945664 bytes, new threshold 6 (max threshold 6)
[28.474s][trace][gc,age         ] GC(1718) Age table with threshold 6 (max threshold 6)
[28.474s][trace][gc,age         ] GC(1718) - age   1:        192 bytes,        192 total
[28.474s][info ][gc,heap        ] GC(1718) ParNew: 139860K->6K(157376K)
[28.474s][info ][gc,heap        ] GC(1718) CMS: 3754K->3754K(349568K)
[28.474s][info ][gc,metaspace   ] GC(1718) Metaspace: 16025K(16640K)->16025K(16640K) NonClass: 14284K(14592K)->14284K(14592K) Class: 1740K(2048K)->1740K(2048K)
[28.474s][info ][gc             ] GC(1718) Pause Young (Allocation Failure) 140M->3M(495M) 0.414ms
[28.474s][info ][gc,cpu         ] GC(1718) User=0.00s Sys=0.00s Real=0.00s
[28.484s][info ][gc,start       ] GC(1719) Pause Young (Allocation Failure)
[28.484s][info ][gc,task        ] GC(1719) Using 9 workers of 9 for evacuation
[28.484s][debug][gc,age         ] GC(1719) Desired survivor size 8945664 bytes, new threshold 6 (max threshold 6)
[28.484s][trace][gc,age         ] GC(1719) Age table with threshold 6 (max threshold 6)
[28.484s][trace][gc,age         ] GC(1719) - age   1:        192 bytes,        192 total
[28.484s][info ][gc,heap        ] GC(1719) ParNew: 139888K->6K(157376K)
[28.484s][info ][gc,heap        ] GC(1719) CMS: 3754K->3754K(349568K)
[28.484s][info ][gc,metaspace   ] GC(1719) Metaspace: 16025K(16640K)->16025K(16640K) NonClass: 14284K(14592K)->14284K(14592K) Class: 1740K(2048K)->1740K(2048K)
[28.484s][info ][gc             ] GC(1719) Pause Young (Allocation Failure) 140M->3M(495M) 0.399ms
[28.484s][info ][gc,cpu         ] GC(1719) User=0.00s Sys=0.00s Real=0.00s
[28.495s][info ][gc,start       ] GC(1720) Pause Young (Allocation Failure)
[28.495s][info ][gc,task        ] GC(1720) Using 9 workers of 9 for evacuation
[28.495s][debug][gc,age         ] GC(1720) Desired survivor size 8945664 bytes, new threshold 6 (max threshold 6)
[28.495s][trace][gc,age         ] GC(1720) Age table with threshold 6 (max threshold 6)
[28.495s][trace][gc,age         ] GC(1720) - age   1:        192 bytes,        192 total
[28.495s][info ][gc,heap        ] GC(1720) ParNew: 139659K->6K(157376K)
[28.495s][info ][gc,heap        ] GC(1720) CMS: 3754K->3754K(349568K)
[28.495s][info ][gc,metaspace   ] GC(1720) Metaspace: 16025K(16640K)->16025K(16640K) NonClass: 14284K(14592K)->14284K(14592K) Class: 1740K(2048K)->1740K(2048K)
[28.495s][info ][gc             ] GC(1720) Pause Young (Allocation Failure) 140M->3M(495M) 0.477ms
[28.495s][info ][gc,cpu         ] GC(1720) User=0.00s Sys=0.00s Real=0.00s
[28.505s][info ][gc,start       ] GC(1721) Pause Young (Allocation Failure)
[28.505s][info ][gc,task        ] GC(1721) Using 9 workers of 9 for evacuation
[28.505s][debug][gc,age         ] GC(1721) Desired survivor size 8945664 bytes, new threshold 6 (max threshold 6)
[28.505s][trace][gc,age         ] GC(1721) Age table with threshold 6 (max threshold 6)
[28.505s][trace][gc,age         ] GC(1721) - age   1:        192 bytes,        192 total
[28.505s][info ][gc,heap        ] GC(1721) ParNew: 139684K->6K(157376K)
[28.505s][info ][gc,heap        ] GC(1721) CMS: 3754K->3754K(349568K)
[28.505s][info ][gc,metaspace   ] GC(1721) Metaspace: 16025K(16640K)->16025K(16640K) NonClass: 14284K(14592K)->14284K(14592K) Class: 1740K(2048K)->1740K(2048K)
[28.505s][info ][gc             ] GC(1721) Pause Young (Allocation Failure) 140M->3M(495M) 0.618ms
[28.505s][info ][gc,cpu         ] GC(1721) User=0.01s Sys=0.00s Real=0.00s
[28.515s][info ][gc,start       ] GC(1722) Pause Young (Allocation Failure)
[28.515s][info ][gc,task        ] GC(1722) Using 9 workers of 9 for evacuation
[28.515s][debug][gc,age         ] GC(1722) Desired survivor size 8945664 bytes, new threshold 6 (max threshold 6)
[28.515s][trace][gc,age         ] GC(1722) Age table with threshold 6 (max threshold 6)
[28.515s][trace][gc,age         ] GC(1722) - age   1:        192 bytes,        192 total
[28.515s][info ][gc,heap        ] GC(1722) ParNew: 139705K->4K(157376K)
[28.515s][info ][gc,heap        ] GC(1722) CMS: 3754K->3754K(349568K)
[28.515s][info ][gc,metaspace   ] GC(1722) Metaspace: 16025K(16640K)->16025K(16640K) NonClass: 14284K(14592K)->14284K(14592K) Class: 1740K(2048K)->1740K(2048K)
[28.515s][info ][gc             ] GC(1722) Pause Young (Allocation Failure) 140M->3M(495M) 0.449ms
[28.515s][info ][gc,cpu         ] GC(1722) User=0.00s Sys=0.00s Real=0.00s
[28.525s][info ][gc,start       ] GC(1723) Pause Young (Allocation Failure)
[28.525s][info ][gc,task        ] GC(1723) Using 9 workers of 9 for evacuation
[28.525s][debug][gc,age         ] GC(1723) Desired survivor size 8945664 bytes, new threshold 6 (max threshold 6)
[28.525s][trace][gc,age         ] GC(1723) Age table with threshold 6 (max threshold 6)
[28.525s][trace][gc,age         ] GC(1723) - age   1:        192 bytes,        192 total
[28.525s][info ][gc,heap        ] GC(1723) ParNew: 139839K->6K(157376K)
[28.525s][info ][gc,heap        ] GC(1723) CMS: 3754K->3754K(349568K)
[28.525s][info ][gc,metaspace   ] GC(1723) Metaspace: 16025K(16640K)->16025K(16640K) NonClass: 14284K(14592K)->14284K(14592K) Class: 1740K(2048K)->1740K(2048K)
[28.525s][info ][gc             ] GC(1723) Pause Young (Allocation Failure) 140M->3M(495M) 0.370ms
[28.525s][info ][gc,cpu         ] GC(1723) User=0.00s Sys=0.00s Real=0.00s
[28.535s][info ][gc,start       ] GC(1724) Pause Young (Allocation Failure)
[28.535s][info ][gc,task        ] GC(1724) Using 9 workers of 9 for evacuation
[28.535s][debug][gc,age         ] GC(1724) Desired survivor size 8945664 bytes, new threshold 6 (max threshold 6)
[28.535s][trace][gc,age         ] GC(1724) Age table with threshold 6 (max threshold 6)
[28.535s][trace][gc,age         ] GC(1724) - age   1:        192 bytes,        192 total
[28.535s][info ][gc,heap        ] GC(1724) ParNew: 139520K->6K(157376K)
[28.535s][info ][gc,heap        ] GC(1724) CMS: 3754K->3754K(349568K)
[28.535s][info ][gc,metaspace   ] GC(1724) Metaspace: 16025K(16640K)->16025K(16640K) NonClass: 14284K(14592K)->14284K(14592K) Class: 1740K(2048K)->1740K(2048K)
[28.535s][info ][gc             ] GC(1724) Pause Young (Allocation Failure) 139M->3M(495M) 0.464ms
[28.535s][info ][gc,cpu         ] GC(1724) User=0.00s Sys=0.00s Real=0.00s
[28.545s][info ][gc,start       ] GC(1725) Pause Young (Allocation Failure)
[28.545s][info ][gc,task        ] GC(1725) Using 9 workers of 9 for evacuation
[28.545s][debug][gc,age         ] GC(1725) Desired survivor size 8945664 bytes, new threshold 6 (max threshold 6)
[28.545s][trace][gc,age         ] GC(1725) Age table with threshold 6 (max threshold 6)
[28.545s][trace][gc,age         ] GC(1725) - age   1:        192 bytes,        192 total
[28.545s][info ][gc,heap        ] GC(1725) ParNew: 139748K->4K(157376K)
[28.545s][info ][gc,heap        ] GC(1725) CMS: 3754K->3754K(349568K)
[28.545s][info ][gc,metaspace   ] GC(1725) Metaspace: 16025K(16640K)->16025K(16640K) NonClass: 14284K(14592K)->14284K(14592K) Class: 1740K(2048K)->1740K(2048K)
[28.545s][info ][gc             ] GC(1725) Pause Young (Allocation Failure) 140M->3M(495M) 0.424ms
[28.545s][info ][gc,cpu         ] GC(1725) User=0.00s Sys=0.00s Real=0.00s
[28.555s][info ][gc,start       ] GC(1726) Pause Young (Allocation Failure)
[28.555s][info ][gc,task        ] GC(1726) Using 9 workers of 9 for evacuation
[28.555s][debug][gc,age         ] GC(1726) Desired survivor size 8945664 bytes, new threshold 6 (max threshold 6)
[28.555s][trace][gc,age         ] GC(1726) Age table with threshold 6 (max threshold 6)
[28.555s][trace][gc,age         ] GC(1726) - age   1:     400208 bytes,     400208 total
[28.555s][info ][gc,heap        ] GC(1726) ParNew: 139609K->396K(157376K)
[28.555s][info ][gc,heap        ] GC(1726) CMS: 3754K->3754K(349568K)
[28.555s][info ][gc,metaspace   ] GC(1726) Metaspace: 16025K(16640K)->16025K(16640K) NonClass: 14284K(14592K)->14284K(14592K) Class: 1740K(2048K)->1740K(2048K)
[28.555s][info ][gc             ] GC(1726) Pause Young (Allocation Failure) 140M->4M(495M) 0.517ms
[28.555s][info ][gc,cpu         ] GC(1726) User=0.00s Sys=0.01s Real=0.00s
[28.565s][info ][gc,start       ] GC(1727) Pause Young (Allocation Failure)
[28.565s][info ][gc,task        ] GC(1727) Using 9 workers of 9 for evacuation
[28.565s][debug][gc,age         ] GC(1727) Desired survivor size 8945664 bytes, new threshold 6 (max threshold 6)
[28.565s][trace][gc,age         ] GC(1727) Age table with threshold 6 (max threshold 6)
[28.565s][trace][gc,age         ] GC(1727) - age   1:        192 bytes,        192 total
[28.565s][info ][gc,heap        ] GC(1727) ParNew: 140201K->6K(157376K)
[28.565s][info ][gc,heap        ] GC(1727) CMS: 3754K->3754K(349568K)
[28.565s][info ][gc,metaspace   ] GC(1727) Metaspace: 16025K(16640K)->16025K(16640K) NonClass: 14284K(14592K)->14284K(14592K) Class: 1740K(2048K)->1740K(2048K)
[28.565s][info ][gc             ] GC(1727) Pause Young (Allocation Failure) 140M->3M(495M) 0.432ms
[28.565s][info ][gc,cpu         ] GC(1727) User=0.00s Sys=0.00s Real=0.00s
[28.575s][info ][gc,start       ] GC(1728) Pause Young (Allocation Failure)
[28.575s][info ][gc,task        ] GC(1728) Using 9 workers of 9 for evacuation
[28.575s][debug][gc,age         ] GC(1728) Desired survivor size 8945664 bytes, new threshold 6 (max threshold 6)
[28.575s][trace][gc,age         ] GC(1728) Age table with threshold 6 (max threshold 6)
[28.575s][trace][gc,age         ] GC(1728) - age   1:        192 bytes,        192 total
[28.575s][info ][gc,heap        ] GC(1728) ParNew: 139583K->4K(157376K)
[28.575s][info ][gc,heap        ] GC(1728) CMS: 3754K->3754K(349568K)
[28.575s][info ][gc,metaspace   ] GC(1728) Metaspace: 16025K(16640K)->16025K(16640K) NonClass: 14284K(14592K)->14284K(14592K) Class: 1740K(2048K)->1740K(2048K)
[28.575s][info ][gc             ] GC(1728) Pause Young (Allocation Failure) 139M->3M(495M) 0.440ms
[28.575s][info ][gc,cpu         ] GC(1728) User=0.00s Sys=0.00s Real=0.00s
[28.585s][info ][gc,start       ] GC(1729) Pause Young (Allocation Failure)
[28.585s][info ][gc,task        ] GC(1729) Using 9 workers of 9 for evacuation
[28.585s][debug][gc,age         ] GC(1729) Desired survivor size 8945664 bytes, new threshold 6 (max threshold 6)
[28.585s][trace][gc,age         ] GC(1729) Age table with threshold 6 (max threshold 6)
[28.585s][trace][gc,age         ] GC(1729) - age   1:     400208 bytes,     400208 total
[28.585s][info ][gc,heap        ] GC(1729) ParNew: 139668K->396K(157376K)
[28.585s][info ][gc,heap        ] GC(1729) CMS: 3754K->3754K(349568K)
[28.585s][info ][gc,metaspace   ] GC(1729) Metaspace: 16025K(16640K)->16025K(16640K) NonClass: 14284K(14592K)->14284K(14592K) Class: 1740K(2048K)->1740K(2048K)
[28.585s][info ][gc             ] GC(1729) Pause Young (Allocation Failure) 140M->4M(495M) 0.481ms
[28.585s][info ][gc,cpu         ] GC(1729) User=0.01s Sys=0.00s Real=0.00s
[28.595s][info ][gc,start       ] GC(1730) Pause Young (Allocation Failure)
[28.595s][info ][gc,task        ] GC(1730) Using 9 workers of 9 for evacuation
[28.595s][debug][gc,age         ] GC(1730) Desired survivor size 8945664 bytes, new threshold 6 (max threshold 6)
[28.595s][trace][gc,age         ] GC(1730) Age table with threshold 6 (max threshold 6)
[28.595s][trace][gc,age         ] GC(1730) - age   1:        192 bytes,        192 total
[28.595s][info ][gc,heap        ] GC(1730) ParNew: 139920K->8K(157376K)
[28.595s][info ][gc,heap        ] GC(1730) CMS: 3754K->3754K(349568K)
[28.595s][info ][gc,metaspace   ] GC(1730) Metaspace: 16025K(16640K)->16025K(16640K) NonClass: 14284K(14592K)->14284K(14592K) Class: 1740K(2048K)->1740K(2048K)
[28.595s][info ][gc             ] GC(1730) Pause Young (Allocation Failure) 140M->3M(495M) 0.497ms
[28.595s][info ][gc,cpu         ] GC(1730) User=0.01s Sys=0.00s Real=0.00s
[28.605s][info ][gc,start       ] GC(1731) Pause Young (Allocation Failure)
[28.605s][info ][gc,task        ] GC(1731) Using 9 workers of 9 for evacuation
[28.605s][debug][gc,age         ] GC(1731) Desired survivor size 8945664 bytes, new threshold 6 (max threshold 6)
[28.605s][trace][gc,age         ] GC(1731) Age table with threshold 6 (max threshold 6)
[28.605s][trace][gc,age         ] GC(1731) - age   1:     400208 bytes,     400208 total
[28.605s][info ][gc,heap        ] GC(1731) ParNew: 139785K->396K(157376K)
[28.605s][info ][gc,heap        ] GC(1731) CMS: 3754K->3754K(349568K)
[28.605s][info ][gc,metaspace   ] GC(1731) Metaspace: 16025K(16640K)->16025K(16640K) NonClass: 14284K(14592K)->14284K(14592K) Class: 1740K(2048K)->1740K(2048K)
[28.605s][info ][gc             ] GC(1731) Pause Young (Allocation Failure) 140M->4M(495M) 0.434ms
[28.605s][info ][gc,cpu         ] GC(1731) User=0.00s Sys=0.00s Real=0.00s
[28.615s][info ][gc,start       ] GC(1732) Pause Young (Allocation Failure)
[28.615s][info ][gc,task        ] GC(1732) Using 9 workers of 9 for evacuation
[28.615s][debug][gc,age         ] GC(1732) Desired survivor size 8945664 bytes, new threshold 6 (max threshold 6)
[28.615s][trace][gc,age         ] GC(1732) Age table with threshold 6 (max threshold 6)
[28.615s][trace][gc,age         ] GC(1732) - age   1:     400208 bytes,     400208 total
[28.615s][info ][gc,heap        ] GC(1732) ParNew: 140011K->398K(157376K)
[28.615s][info ][gc,heap        ] GC(1732) CMS: 3754K->3754K(349568K)
[28.615s][info ][gc,metaspace   ] GC(1732) Metaspace: 16025K(16640K)->16025K(16640K) NonClass: 14284K(14592K)->14284K(14592K) Class: 1740K(2048K)->1740K(2048K)
[28.615s][info ][gc             ] GC(1732) Pause Young (Allocation Failure) 140M->4M(495M) 0.429ms
[28.615s][info ][gc,cpu         ] GC(1732) User=0.00s Sys=0.00s Real=0.00s
[28.625s][info ][gc,start       ] GC(1733) Pause Young (Allocation Failure)
[28.625s][info ][gc,task        ] GC(1733) Using 9 workers of 9 for evacuation
[28.625s][debug][gc,age         ] GC(1733) Desired survivor size 8945664 bytes, new threshold 6 (max threshold 6)
[28.625s][trace][gc,age         ] GC(1733) Age table with threshold 6 (max threshold 6)
[28.625s][trace][gc,age         ] GC(1733) - age   1:        192 bytes,        192 total
[28.625s][info ][gc,heap        ] GC(1733) ParNew: 140055K->4K(157376K)
[28.625s][info ][gc,heap        ] GC(1733) CMS: 3754K->3754K(349568K)
[28.625s][info ][gc,metaspace   ] GC(1733) Metaspace: 16025K(16640K)->16025K(16640K) NonClass: 14284K(14592K)->14284K(14592K) Class: 1740K(2048K)->1740K(2048K)
[28.625s][info ][gc             ] GC(1733) Pause Young (Allocation Failure) 140M->3M(495M) 0.348ms
[28.625s][info ][gc,cpu         ] GC(1733) User=0.00s Sys=0.00s Real=0.00s
[28.634s][info ][gc,start       ] GC(1734) Pause Young (Allocation Failure)
[28.635s][info ][gc,task        ] GC(1734) Using 9 workers of 9 for evacuation
[28.635s][debug][gc,age         ] GC(1734) Desired survivor size 8945664 bytes, new threshold 6 (max threshold 6)
[28.635s][trace][gc,age         ] GC(1734) Age table with threshold 6 (max threshold 6)
[28.635s][trace][gc,age         ] GC(1734) - age   1:     400208 bytes,     400208 total
[28.635s][info ][gc,heap        ] GC(1734) ParNew: 139797K->396K(157376K)
[28.635s][info ][gc,heap        ] GC(1734) CMS: 3754K->3754K(349568K)
[28.635s][info ][gc,metaspace   ] GC(1734) Metaspace: 16025K(16640K)->16025K(16640K) NonClass: 14284K(14592K)->14284K(14592K) Class: 1740K(2048K)->1740K(2048K)
[28.635s][info ][gc             ] GC(1734) Pause Young (Allocation Failure) 140M->4M(495M) 0.449ms
[28.635s][info ][gc,cpu         ] GC(1734) User=0.00s Sys=0.00s Real=0.00s
[28.644s][info ][gc,start       ] GC(1735) Pause Young (Allocation Failure)
[28.645s][info ][gc,task        ] GC(1735) Using 9 workers of 9 for evacuation
[28.645s][debug][gc,age         ] GC(1735) Desired survivor size 8945664 bytes, new threshold 6 (max threshold 6)
[28.645s][trace][gc,age         ] GC(1735) Age table with threshold 6 (max threshold 6)
[28.645s][trace][gc,age         ] GC(1735) - age   1:     400208 bytes,     400208 total
[28.645s][info ][gc,heap        ] GC(1735) ParNew: 140238K->396K(157376K)
[28.645s][info ][gc,heap        ] GC(1735) CMS: 3754K->3754K(349568K)
[28.645s][info ][gc,metaspace   ] GC(1735) Metaspace: 16025K(16640K)->16025K(16640K) NonClass: 14284K(14592K)->14284K(14592K) Class: 1740K(2048K)->1740K(2048K)
[28.645s][info ][gc             ] GC(1735) Pause Young (Allocation Failure) 140M->4M(495M) 0.513ms
[28.645s][info ][gc,cpu         ] GC(1735) User=0.00s Sys=0.00s Real=0.00s
[28.655s][info ][gc,start       ] GC(1736) Pause Young (Allocation Failure)
[28.655s][info ][gc,task        ] GC(1736) Using 9 workers of 9 for evacuation
[28.655s][debug][gc,age         ] GC(1736) Desired survivor size 8945664 bytes, new threshold 6 (max threshold 6)
[28.655s][trace][gc,age         ] GC(1736) Age table with threshold 6 (max threshold 6)
[28.655s][trace][gc,age         ] GC(1736) - age   1:        192 bytes,        192 total
[28.655s][info ][gc,heap        ] GC(1736) ParNew: 140106K->8K(157376K)
[28.655s][info ][gc,heap        ] GC(1736) CMS: 3754K->3754K(349568K)
[28.655s][info ][gc,metaspace   ] GC(1736) Metaspace: 16025K(16640K)->16025K(16640K) NonClass: 14284K(14592K)->14284K(14592K) Class: 1740K(2048K)->1740K(2048K)
[28.655s][info ][gc             ] GC(1736) Pause Young (Allocation Failure) 140M->3M(495M) 0.392ms
[28.655s][info ][gc,cpu         ] GC(1736) User=0.00s Sys=0.00s Real=0.00s
[28.664s][info ][gc,start       ] GC(1737) Pause Young (Allocation Failure)
[28.664s][info ][gc,task        ] GC(1737) Using 9 workers of 9 for evacuation
[28.665s][debug][gc,age         ] GC(1737) Desired survivor size 8945664 bytes, new threshold 6 (max threshold 6)
[28.665s][trace][gc,age         ] GC(1737) Age table with threshold 6 (max threshold 6)
[28.665s][trace][gc,age         ] GC(1737) - age   1:        192 bytes,        192 total
[28.665s][info ][gc,heap        ] GC(1737) ParNew: 139719K->6K(157376K)
[28.665s][info ][gc,heap        ] GC(1737) CMS: 3754K->3754K(349568K)
[28.665s][info ][gc,metaspace   ] GC(1737) Metaspace: 16025K(16640K)->16025K(16640K) NonClass: 14284K(14592K)->14284K(14592K) Class: 1740K(2048K)->1740K(2048K)
[28.665s][info ][gc             ] GC(1737) Pause Young (Allocation Failure) 140M->3M(495M) 0.403ms
[28.665s][info ][gc,cpu         ] GC(1737) User=0.00s Sys=0.00s Real=0.00s
[28.675s][info ][gc,start       ] GC(1738) Pause Young (Allocation Failure)
[28.675s][info ][gc,task        ] GC(1738) Using 9 workers of 9 for evacuation
[28.675s][debug][gc,age         ] GC(1738) Desired survivor size 8945664 bytes, new threshold 6 (max threshold 6)
[28.675s][trace][gc,age         ] GC(1738) Age table with threshold 6 (max threshold 6)
[28.675s][trace][gc,age         ] GC(1738) - age   1:        192 bytes,        192 total
[28.675s][info ][gc,heap        ] GC(1738) ParNew: 139824K->6K(157376K)
[28.675s][info ][gc,heap        ] GC(1738) CMS: 3754K->3754K(349568K)
[28.675s][info ][gc,metaspace   ] GC(1738) Metaspace: 16025K(16640K)->16025K(16640K) NonClass: 14284K(14592K)->14284K(14592K) Class: 1740K(2048K)->1740K(2048K)
[28.675s][info ][gc             ] GC(1738) Pause Young (Allocation Failure) 140M->3M(495M) 0.498ms
[28.675s][info ][gc,cpu         ] GC(1738) User=0.01s Sys=0.00s Real=0.00s
[28.685s][info ][gc,start       ] GC(1739) Pause Young (Allocation Failure)
[28.685s][info ][gc,task        ] GC(1739) Using 9 workers of 9 for evacuation
[28.685s][debug][gc,age         ] GC(1739) Desired survivor size 8945664 bytes, new threshold 6 (max threshold 6)
[28.685s][trace][gc,age         ] GC(1739) Age table with threshold 6 (max threshold 6)
[28.685s][trace][gc,age         ] GC(1739) - age   1:     400208 bytes,     400208 total
[28.685s][info ][gc,heap        ] GC(1739) ParNew: 139797K->398K(157376K)
[28.685s][info ][gc,heap        ] GC(1739) CMS: 3754K->3754K(349568K)
[28.685s][info ][gc,metaspace   ] GC(1739) Metaspace: 16025K(16640K)->16025K(16640K) NonClass: 14284K(14592K)->14284K(14592K) Class: 1740K(2048K)->1740K(2048K)
[28.685s][info ][gc             ] GC(1739) Pause Young (Allocation Failure) 140M->4M(495M) 0.452ms
[28.685s][info ][gc,cpu         ] GC(1739) User=0.01s Sys=0.00s Real=0.00s
[28.695s][info ][gc,start       ] GC(1740) Pause Young (Allocation Failure)
[28.695s][info ][gc,task        ] GC(1740) Using 9 workers of 9 for evacuation
[28.705s][debug][gc,age         ] GC(1740) Desired survivor size 8945664 bytes, new threshold 6 (max threshold 6)
[28.705s][trace][gc,age         ] GC(1740) Age table with threshold 6 (max threshold 6)
[28.705s][trace][gc,age         ] GC(1740) - age   1:        192 bytes,        192 total
[28.705s][info ][gc,heap        ] GC(1740) ParNew: 140117K->6K(157376K)
[28.705s][info ][gc,heap        ] GC(1740) CMS: 3754K->3754K(349568K)
[28.705s][info ][gc,metaspace   ] GC(1740) Metaspace: 16025K(16640K)->16025K(16640K) NonClass: 14284K(14592K)->14284K(14592K) Class: 1740K(2048K)->1740K(2048K)
[28.705s][info ][gc             ] GC(1740) Pause Young (Allocation Failure) 140M->3M(495M) 10.476ms
[28.705s][info ][gc,cpu         ] GC(1740) User=0.00s Sys=0.00s Real=0.01s
[28.715s][info ][gc,start       ] GC(1741) Pause Young (Allocation Failure)
[28.715s][info ][gc,task        ] GC(1741) Using 9 workers of 9 for evacuation
[28.715s][debug][gc,age         ] GC(1741) Desired survivor size 8945664 bytes, new threshold 6 (max threshold 6)
[28.715s][trace][gc,age         ] GC(1741) Age table with threshold 6 (max threshold 6)
[28.715s][trace][gc,age         ] GC(1741) - age   1:     400208 bytes,     400208 total
[28.715s][info ][gc,heap        ] GC(1741) ParNew: 139525K->394K(157376K)
[28.715s][info ][gc,heap        ] GC(1741) CMS: 3754K->3754K(349568K)
[28.715s][info ][gc,metaspace   ] GC(1741) Metaspace: 16025K(16640K)->16025K(16640K) NonClass: 14284K(14592K)->14284K(14592K) Class: 1740K(2048K)->1740K(2048K)
[28.715s][info ][gc             ] GC(1741) Pause Young (Allocation Failure) 139M->4M(495M) 0.354ms
[28.715s][info ][gc,cpu         ] GC(1741) User=0.00s Sys=0.00s Real=0.00s
[28.725s][info ][gc,start       ] GC(1742) Pause Young (Allocation Failure)
[28.725s][info ][gc,task        ] GC(1742) Using 9 workers of 9 for evacuation
[28.725s][debug][gc,age         ] GC(1742) Desired survivor size 8945664 bytes, new threshold 6 (max threshold 6)
[28.725s][trace][gc,age         ] GC(1742) Age table with threshold 6 (max threshold 6)
[28.725s][trace][gc,age         ] GC(1742) - age   1:        192 bytes,        192 total
[28.725s][info ][gc,heap        ] GC(1742) ParNew: 140122K->2K(157376K)
[28.725s][info ][gc,heap        ] GC(1742) CMS: 3754K->3754K(349568K)
[28.725s][info ][gc,metaspace   ] GC(1742) Metaspace: 16025K(16640K)->16025K(16640K) NonClass: 14284K(14592K)->14284K(14592K) Class: 1740K(2048K)->1740K(2048K)
[28.725s][info ][gc             ] GC(1742) Pause Young (Allocation Failure) 140M->3M(495M) 0.340ms
[28.725s][info ][gc,cpu         ] GC(1742) User=0.00s Sys=0.00s Real=0.00s
[28.735s][info ][gc,start       ] GC(1743) Pause Young (Allocation Failure)
[28.735s][info ][gc,task        ] GC(1743) Using 9 workers of 9 for evacuation
[28.735s][debug][gc,age         ] GC(1743) Desired survivor size 8945664 bytes, new threshold 6 (max threshold 6)
[28.735s][trace][gc,age         ] GC(1743) Age table with threshold 6 (max threshold 6)
[28.735s][trace][gc,age         ] GC(1743) - age   1:        192 bytes,        192 total
[28.735s][info ][gc,heap        ] GC(1743) ParNew: 139731K->6K(157376K)
[28.735s][info ][gc,heap        ] GC(1743) CMS: 3754K->3754K(349568K)
[28.735s][info ][gc,metaspace   ] GC(1743) Metaspace: 16025K(16640K)->16025K(16640K) NonClass: 14284K(14592K)->14284K(14592K) Class: 1740K(2048K)->1740K(2048K)
[28.735s][info ][gc             ] GC(1743) Pause Young (Allocation Failure) 140M->3M(495M) 0.339ms
[28.735s][info ][gc,cpu         ] GC(1743) User=0.00s Sys=0.00s Real=0.00s
[28.745s][info ][gc,start       ] GC(1744) Pause Young (Allocation Failure)
[28.745s][info ][gc,task        ] GC(1744) Using 9 workers of 9 for evacuation
[28.746s][debug][gc,age         ] GC(1744) Desired survivor size 8945664 bytes, new threshold 6 (max threshold 6)
[28.746s][trace][gc,age         ] GC(1744) Age table with threshold 6 (max threshold 6)
[28.746s][trace][gc,age         ] GC(1744) - age   1:     400208 bytes,     400208 total
[28.746s][info ][gc,heap        ] GC(1744) ParNew: 139835K->396K(157376K)
[28.746s][info ][gc,heap        ] GC(1744) CMS: 3754K->3754K(349568K)
[28.746s][info ][gc,metaspace   ] GC(1744) Metaspace: 16025K(16640K)->16025K(16640K) NonClass: 14284K(14592K)->14284K(14592K) Class: 1740K(2048K)->1740K(2048K)
[28.746s][info ][gc             ] GC(1744) Pause Young (Allocation Failure) 140M->4M(495M) 0.435ms
[28.746s][info ][gc,cpu         ] GC(1744) User=0.00s Sys=0.00s Real=0.00s
[28.755s][info ][gc,start       ] GC(1745) Pause Young (Allocation Failure)
[28.755s][info ][gc,task        ] GC(1745) Using 9 workers of 9 for evacuation
[28.756s][debug][gc,age         ] GC(1745) Desired survivor size 8945664 bytes, new threshold 6 (max threshold 6)
[28.756s][trace][gc,age         ] GC(1745) Age table with threshold 6 (max threshold 6)
[28.756s][trace][gc,age         ] GC(1745) - age   1:        192 bytes,        192 total
[28.756s][info ][gc,heap        ] GC(1745) ParNew: 140172K->6K(157376K)
[28.756s][info ][gc,heap        ] GC(1745) CMS: 3754K->3754K(349568K)
[28.756s][info ][gc,metaspace   ] GC(1745) Metaspace: 16025K(16640K)->16025K(16640K) NonClass: 14284K(14592K)->14284K(14592K) Class: 1740K(2048K)->1740K(2048K)
[28.756s][info ][gc             ] GC(1745) Pause Young (Allocation Failure) 140M->3M(495M) 0.411ms
[28.756s][info ][gc,cpu         ] GC(1745) User=0.00s Sys=0.00s Real=0.00s
[28.766s][info ][gc,start       ] GC(1746) Pause Young (Allocation Failure)
[28.766s][info ][gc,task        ] GC(1746) Using 9 workers of 9 for evacuation
[28.766s][debug][gc,age         ] GC(1746) Desired survivor size 8945664 bytes, new threshold 6 (max threshold 6)
[28.766s][trace][gc,age         ] GC(1746) Age table with threshold 6 (max threshold 6)
[28.766s][trace][gc,age         ] GC(1746) - age   1:        192 bytes,        192 total
[28.766s][info ][gc,heap        ] GC(1746) ParNew: 139820K->8K(157376K)
[28.766s][info ][gc,heap        ] GC(1746) CMS: 3754K->3754K(349568K)
[28.766s][info ][gc,metaspace   ] GC(1746) Metaspace: 16025K(16640K)->16025K(16640K) NonClass: 14284K(14592K)->14284K(14592K) Class: 1740K(2048K)->1740K(2048K)
[28.766s][info ][gc             ] GC(1746) Pause Young (Allocation Failure) 140M->3M(495M) 0.507ms
[28.766s][info ][gc,cpu         ] GC(1746) User=0.00s Sys=0.00s Real=0.00s
[28.776s][info ][gc,start       ] GC(1747) Pause Young (Allocation Failure)
[28.776s][info ][gc,task        ] GC(1747) Using 9 workers of 9 for evacuation
[28.777s][debug][gc,age         ] GC(1747) Desired survivor size 8945664 bytes, new threshold 6 (max threshold 6)
[28.777s][trace][gc,age         ] GC(1747) Age table with threshold 6 (max threshold 6)
[28.777s][trace][gc,age         ] GC(1747) - age   1:        192 bytes,        192 total
[28.777s][info ][gc,heap        ] GC(1747) ParNew: 139742K->6K(157376K)
[28.777s][info ][gc,heap        ] GC(1747) CMS: 3754K->3754K(349568K)
[28.777s][info ][gc,metaspace   ] GC(1747) Metaspace: 16025K(16640K)->16025K(16640K) NonClass: 14284K(14592K)->14284K(14592K) Class: 1740K(2048K)->1740K(2048K)
[28.777s][info ][gc             ] GC(1747) Pause Young (Allocation Failure) 140M->3M(495M) 1.035ms
[28.777s][info ][gc,cpu         ] GC(1747) User=0.01s Sys=0.00s Real=0.00s
[28.787s][info ][gc,start       ] GC(1748) Pause Young (Allocation Failure)
[28.787s][info ][gc,task        ] GC(1748) Using 9 workers of 9 for evacuation
[28.787s][debug][gc,age         ] GC(1748) Desired survivor size 8945664 bytes, new threshold 6 (max threshold 6)
[28.787s][trace][gc,age         ] GC(1748) Age table with threshold 6 (max threshold 6)
[28.787s][trace][gc,age         ] GC(1748) - age   1:     400208 bytes,     400208 total
[28.787s][info ][gc,heap        ] GC(1748) ParNew: 139569K->396K(157376K)
[28.787s][info ][gc,heap        ] GC(1748) CMS: 3754K->3754K(349568K)
[28.787s][info ][gc,metaspace   ] GC(1748) Metaspace: 16025K(16640K)->16025K(16640K) NonClass: 14284K(14592K)->14284K(14592K) Class: 1740K(2048K)->1740K(2048K)
[28.787s][info ][gc             ] GC(1748) Pause Young (Allocation Failure) 139M->4M(495M) 0.354ms
[28.787s][info ][gc,cpu         ] GC(1748) User=0.00s Sys=0.00s Real=0.00s
[28.797s][info ][gc,start       ] GC(1749) Pause Young (Allocation Failure)
[28.797s][info ][gc,task        ] GC(1749) Using 9 workers of 9 for evacuation
[28.798s][debug][gc,age         ] GC(1749) Desired survivor size 8945664 bytes, new threshold 6 (max threshold 6)
[28.798s][trace][gc,age         ] GC(1749) Age table with threshold 6 (max threshold 6)
[28.798s][trace][gc,age         ] GC(1749) - age   1:     400208 bytes,     400208 total
[28.798s][info ][gc,heap        ] GC(1749) ParNew: 140272K->396K(157376K)
[28.798s][info ][gc,heap        ] GC(1749) CMS: 3754K->3754K(349568K)
[28.798s][info ][gc,metaspace   ] GC(1749) Metaspace: 16025K(16640K)->16025K(16640K) NonClass: 14284K(14592K)->14284K(14592K) Class: 1740K(2048K)->1740K(2048K)
[28.798s][info ][gc             ] GC(1749) Pause Young (Allocation Failure) 140M->4M(495M) 0.314ms
[28.798s][info ][gc,cpu         ] GC(1749) User=0.00s Sys=0.00s Real=0.00s
[28.807s][info ][gc,start       ] GC(1750) Pause Young (Allocation Failure)
[28.807s][info ][gc,task        ] GC(1750) Using 9 workers of 9 for evacuation
[28.808s][debug][gc,age         ] GC(1750) Desired survivor size 8945664 bytes, new threshold 6 (max threshold 6)
[28.808s][trace][gc,age         ] GC(1750) Age table with threshold 6 (max threshold 6)
[28.808s][trace][gc,age         ] GC(1750) - age   1:     400208 bytes,     400208 total
[28.808s][info ][gc,heap        ] GC(1750) ParNew: 140172K->396K(157376K)
[28.808s][info ][gc,heap        ] GC(1750) CMS: 3754K->3754K(349568K)
[28.808s][info ][gc,metaspace   ] GC(1750) Metaspace: 16025K(16640K)->16025K(16640K) NonClass: 14284K(14592K)->14284K(14592K) Class: 1740K(2048K)->1740K(2048K)
[28.808s][info ][gc             ] GC(1750) Pause Young (Allocation Failure) 140M->4M(495M) 0.435ms
[28.808s][info ][gc,cpu         ] GC(1750) User=0.00s Sys=0.00s Real=0.00s
[28.818s][info ][gc,start       ] GC(1751) Pause Young (Allocation Failure)
[28.818s][info ][gc,task        ] GC(1751) Using 9 workers of 9 for evacuation
[28.818s][debug][gc,age         ] GC(1751) Desired survivor size 8945664 bytes, new threshold 6 (max threshold 6)
[28.818s][trace][gc,age         ] GC(1751) Age table with threshold 6 (max threshold 6)
[28.818s][trace][gc,age         ] GC(1751) - age   1:        192 bytes,        192 total
[28.818s][info ][gc,heap        ] GC(1751) ParNew: 139912K->8K(157376K)
[28.818s][info ][gc,heap        ] GC(1751) CMS: 3754K->3754K(349568K)
[28.818s][info ][gc,metaspace   ] GC(1751) Metaspace: 16025K(16640K)->16025K(16640K) NonClass: 14284K(14592K)->14284K(14592K) Class: 1740K(2048K)->1740K(2048K)
[28.818s][info ][gc             ] GC(1751) Pause Young (Allocation Failure) 140M->3M(495M) 0.490ms
[28.818s][info ][gc,cpu         ] GC(1751) User=0.00s Sys=0.00s Real=0.00s
[28.828s][info ][gc,start       ] GC(1752) Pause Young (Allocation Failure)
[28.828s][info ][gc,task        ] GC(1752) Using 9 workers of 9 for evacuation
[28.829s][debug][gc,age         ] GC(1752) Desired survivor size 8945664 bytes, new threshold 6 (max threshold 6)
[28.829s][trace][gc,age         ] GC(1752) Age table with threshold 6 (max threshold 6)
[28.829s][trace][gc,age         ] GC(1752) - age   1:     400208 bytes,     400208 total
[28.829s][info ][gc,heap        ] GC(1752) ParNew: 139889K->396K(157376K)
[28.829s][info ][gc,heap        ] GC(1752) CMS: 3754K->3754K(349568K)
[28.829s][info ][gc,metaspace   ] GC(1752) Metaspace: 16025K(16640K)->16025K(16640K) NonClass: 14284K(14592K)->14284K(14592K) Class: 1740K(2048K)->1740K(2048K)
[28.829s][info ][gc             ] GC(1752) Pause Young (Allocation Failure) 140M->4M(495M) 0.458ms
[28.829s][info ][gc,cpu         ] GC(1752) User=0.01s Sys=0.00s Real=0.00s
[28.838s][info ][gc,start       ] GC(1753) Pause Young (Allocation Failure)
[28.838s][info ][gc,task        ] GC(1753) Using 9 workers of 9 for evacuation
[28.839s][debug][gc,age         ] GC(1753) Desired survivor size 8945664 bytes, new threshold 6 (max threshold 6)
[28.839s][trace][gc,age         ] GC(1753) Age table with threshold 6 (max threshold 6)
[28.839s][trace][gc,age         ] GC(1753) - age   1:        192 bytes,        192 total
[28.839s][info ][gc,heap        ] GC(1753) ParNew: 140226K->6K(157376K)
[28.839s][info ][gc,heap        ] GC(1753) CMS: 3754K->3754K(349568K)
[28.839s][info ][gc,metaspace   ] GC(1753) Metaspace: 16025K(16640K)->16025K(16640K) NonClass: 14284K(14592K)->14284K(14592K) Class: 1740K(2048K)->1740K(2048K)
[28.839s][info ][gc             ] GC(1753) Pause Young (Allocation Failure) 140M->3M(495M) 0.391ms
[28.839s][info ][gc,cpu         ] GC(1753) User=0.01s Sys=0.00s Real=0.01s
[28.849s][info ][gc,start       ] GC(1754) Pause Young (Allocation Failure)
[28.849s][info ][gc,task        ] GC(1754) Using 9 workers of 9 for evacuation
[28.849s][debug][gc,age         ] GC(1754) Desired survivor size 8945664 bytes, new threshold 6 (max threshold 6)
[28.849s][trace][gc,age         ] GC(1754) Age table with threshold 6 (max threshold 6)
[28.849s][trace][gc,age         ] GC(1754) - age   1:     400208 bytes,     400208 total
[28.849s][info ][gc,heap        ] GC(1754) ParNew: 139879K->394K(157376K)
[28.849s][info ][gc,heap        ] GC(1754) CMS: 3754K->3754K(349568K)
[28.849s][info ][gc,metaspace   ] GC(1754) Metaspace: 16025K(16640K)->16025K(16640K) NonClass: 14284K(14592K)->14284K(14592K) Class: 1740K(2048K)->1740K(2048K)
[28.849s][info ][gc             ] GC(1754) Pause Young (Allocation Failure) 140M->4M(495M) 0.890ms
[28.850s][info ][gc,cpu         ] GC(1754) User=0.00s Sys=0.00s Real=0.01s
[28.859s][info ][gc,start       ] GC(1755) Pause Young (Allocation Failure)
[28.859s][info ][gc,task        ] GC(1755) Using 9 workers of 9 for evacuation
[28.860s][debug][gc,age         ] GC(1755) Desired survivor size 8945664 bytes, new threshold 6 (max threshold 6)
[28.860s][trace][gc,age         ] GC(1755) Age table with threshold 6 (max threshold 6)
[28.860s][trace][gc,age         ] GC(1755) - age   1:     400208 bytes,     400208 total
[28.860s][info ][gc,heap        ] GC(1755) ParNew: 139961K->396K(157376K)
[28.860s][info ][gc,heap        ] GC(1755) CMS: 3754K->3754K(349568K)
[28.860s][info ][gc,metaspace   ] GC(1755) Metaspace: 16025K(16640K)->16025K(16640K) NonClass: 14284K(14592K)->14284K(14592K) Class: 1740K(2048K)->1740K(2048K)
[28.860s][info ][gc             ] GC(1755) Pause Young (Allocation Failure) 140M->4M(495M) 0.426ms
[28.860s][info ][gc,cpu         ] GC(1755) User=0.00s Sys=0.00s Real=0.00s
[28.869s][info ][gc,start       ] GC(1756) Pause Young (Allocation Failure)
[28.870s][info ][gc,task        ] GC(1756) Using 9 workers of 9 for evacuation
[28.870s][debug][gc,age         ] GC(1756) Desired survivor size 8945664 bytes, new threshold 6 (max threshold 6)
[28.870s][trace][gc,age         ] GC(1756) Age table with threshold 6 (max threshold 6)
[28.870s][trace][gc,age         ] GC(1756) - age   1:        192 bytes,        192 total
[28.870s][info ][gc,heap        ] GC(1756) ParNew: 140242K->4K(157376K)
[28.870s][info ][gc,heap        ] GC(1756) CMS: 3754K->3754K(349568K)
[28.870s][info ][gc,metaspace   ] GC(1756) Metaspace: 16025K(16640K)->16025K(16640K) NonClass: 14284K(14592K)->14284K(14592K) Class: 1740K(2048K)->1740K(2048K)
[28.870s][info ][gc             ] GC(1756) Pause Young (Allocation Failure) 140M->3M(495M) 0.309ms
[28.870s][info ][gc,cpu         ] GC(1756) User=0.00s Sys=0.00s Real=0.00s
[28.880s][info ][gc,start       ] GC(1757) Pause Young (Allocation Failure)
[28.880s][info ][gc,task        ] GC(1757) Using 9 workers of 9 for evacuation
[28.880s][debug][gc,age         ] GC(1757) Desired survivor size 8945664 bytes, new threshold 6 (max threshold 6)
[28.880s][trace][gc,age         ] GC(1757) Age table with threshold 6 (max threshold 6)
[28.880s][trace][gc,age         ] GC(1757) - age   1:     400208 bytes,     400208 total
[28.880s][info ][gc,heap        ] GC(1757) ParNew: 139818K->398K(157376K)
[28.880s][info ][gc,heap        ] GC(1757) CMS: 3754K->3754K(349568K)
[28.880s][info ][gc,metaspace   ] GC(1757) Metaspace: 16025K(16640K)->16025K(16640K) NonClass: 14284K(14592K)->14284K(14592K) Class: 1740K(2048K)->1740K(2048K)
[28.880s][info ][gc             ] GC(1757) Pause Young (Allocation Failure) 140M->4M(495M) 0.441ms
[28.880s][info ][gc,cpu         ] GC(1757) User=0.00s Sys=0.01s Real=0.00s
[28.890s][info ][gc,start       ] GC(1758) Pause Young (Allocation Failure)
[28.890s][info ][gc,task        ] GC(1758) Using 9 workers of 9 for evacuation
[28.890s][debug][gc,age         ] GC(1758) Desired survivor size 8945664 bytes, new threshold 6 (max threshold 6)
[28.890s][trace][gc,age         ] GC(1758) Age table with threshold 6 (max threshold 6)
[28.890s][trace][gc,age         ] GC(1758) - age   1:     400208 bytes,     400208 total
[28.890s][info ][gc,heap        ] GC(1758) ParNew: 140268K->396K(157376K)
[28.890s][info ][gc,heap        ] GC(1758) CMS: 3754K->3754K(349568K)
[28.890s][info ][gc,metaspace   ] GC(1758) Metaspace: 16025K(16640K)->16025K(16640K) NonClass: 14284K(14592K)->14284K(14592K) Class: 1740K(2048K)->1740K(2048K)
[28.890s][info ][gc             ] GC(1758) Pause Young (Allocation Failure) 140M->4M(495M) 0.443ms
[28.890s][info ][gc,cpu         ] GC(1758) User=0.01s Sys=0.00s Real=0.00s
[28.900s][info ][gc,start       ] GC(1759) Pause Young (Allocation Failure)
[28.900s][info ][gc,task        ] GC(1759) Using 9 workers of 9 for evacuation
[28.900s][debug][gc,age         ] GC(1759) Desired survivor size 8945664 bytes, new threshold 6 (max threshold 6)
[28.900s][trace][gc,age         ] GC(1759) Age table with threshold 6 (max threshold 6)
[28.900s][trace][gc,age         ] GC(1759) - age   1:     400208 bytes,     400208 total
[28.900s][info ][gc,heap        ] GC(1759) ParNew: 140196K->396K(157376K)
[28.900s][info ][gc,heap        ] GC(1759) CMS: 3754K->3754K(349568K)
[28.900s][info ][gc,metaspace   ] GC(1759) Metaspace: 16025K(16640K)->16025K(16640K) NonClass: 14284K(14592K)->14284K(14592K) Class: 1740K(2048K)->1740K(2048K)
[28.900s][info ][gc             ] GC(1759) Pause Young (Allocation Failure) 140M->4M(495M) 0.333ms
[28.900s][info ][gc,cpu         ] GC(1759) User=0.00s Sys=0.00s Real=0.00s
[28.910s][info ][gc,start       ] GC(1760) Pause Young (Allocation Failure)
[28.910s][info ][gc,task        ] GC(1760) Using 9 workers of 9 for evacuation
[28.910s][debug][gc,age         ] GC(1760) Desired survivor size 8945664 bytes, new threshold 6 (max threshold 6)
[28.910s][trace][gc,age         ] GC(1760) Age table with threshold 6 (max threshold 6)
[28.910s][trace][gc,age         ] GC(1760) - age   1:        192 bytes,        192 total
[28.910s][info ][gc,heap        ] GC(1760) ParNew: 140034K->6K(157376K)
[28.910s][info ][gc,heap        ] GC(1760) CMS: 3754K->3754K(349568K)
[28.910s][info ][gc,metaspace   ] GC(1760) Metaspace: 16025K(16640K)->16025K(16640K) NonClass: 14284K(14592K)->14284K(14592K) Class: 1740K(2048K)->1740K(2048K)
[28.910s][info ][gc             ] GC(1760) Pause Young (Allocation Failure) 140M->3M(495M) 0.319ms
[28.910s][info ][gc,cpu         ] GC(1760) User=0.00s Sys=0.00s Real=0.00s
[28.920s][info ][gc,start       ] GC(1761) Pause Young (Allocation Failure)
[28.920s][info ][gc,task        ] GC(1761) Using 9 workers of 9 for evacuation
[28.920s][debug][gc,age         ] GC(1761) Desired survivor size 8945664 bytes, new threshold 6 (max threshold 6)
[28.921s][trace][gc,age         ] GC(1761) Age table with threshold 6 (max threshold 6)
[28.921s][trace][gc,age         ] GC(1761) - age   1:        192 bytes,        192 total
[28.921s][info ][gc,heap        ] GC(1761) ParNew: 139602K->4K(157376K)
[28.921s][info ][gc,heap        ] GC(1761) CMS: 3754K->3754K(349568K)
[28.921s][info ][gc,metaspace   ] GC(1761) Metaspace: 16025K(16640K)->16025K(16640K) NonClass: 14284K(14592K)->14284K(14592K) Class: 1740K(2048K)->1740K(2048K)
[28.921s][info ][gc             ] GC(1761) Pause Young (Allocation Failure) 139M->3M(495M) 0.365ms
[28.921s][info ][gc,cpu         ] GC(1761) User=0.00s Sys=0.00s Real=0.00s
[28.930s][info ][gc,start       ] GC(1762) Pause Young (Allocation Failure)
[28.930s][info ][gc,task        ] GC(1762) Using 9 workers of 9 for evacuation
[28.931s][debug][gc,age         ] GC(1762) Desired survivor size 8945664 bytes, new threshold 6 (max threshold 6)
[28.931s][trace][gc,age         ] GC(1762) Age table with threshold 6 (max threshold 6)
[28.931s][trace][gc,age         ] GC(1762) - age   1:     400208 bytes,     400208 total
[28.931s][info ][gc,heap        ] GC(1762) ParNew: 139575K->396K(157376K)
[28.931s][info ][gc,heap        ] GC(1762) CMS: 3754K->3754K(349568K)
[28.931s][info ][gc,metaspace   ] GC(1762) Metaspace: 16025K(16640K)->16025K(16640K) NonClass: 14284K(14592K)->14284K(14592K) Class: 1740K(2048K)->1740K(2048K)
[28.931s][info ][gc             ] GC(1762) Pause Young (Allocation Failure) 139M->4M(495M) 0.343ms
[28.931s][info ][gc,cpu         ] GC(1762) User=0.00s Sys=0.00s Real=0.00s
[28.941s][info ][gc,start       ] GC(1763) Pause Young (Allocation Failure)
[28.941s][info ][gc,task        ] GC(1763) Using 9 workers of 9 for evacuation
[28.941s][debug][gc,age         ] GC(1763) Desired survivor size 8945664 bytes, new threshold 6 (max threshold 6)
[28.941s][trace][gc,age         ] GC(1763) Age table with threshold 6 (max threshold 6)
[28.941s][trace][gc,age         ] GC(1763) - age   1:     400208 bytes,     400208 total
[28.941s][info ][gc,heap        ] GC(1763) ParNew: 139936K->398K(157376K)
[28.941s][info ][gc,heap        ] GC(1763) CMS: 3754K->3754K(349568K)
[28.941s][info ][gc,metaspace   ] GC(1763) Metaspace: 16025K(16640K)->16025K(16640K) NonClass: 14284K(14592K)->14284K(14592K) Class: 1740K(2048K)->1740K(2048K)
[28.941s][info ][gc             ] GC(1763) Pause Young (Allocation Failure) 140M->4M(495M) 0.444ms
[28.941s][info ][gc,cpu         ] GC(1763) User=0.00s Sys=0.00s Real=0.00s
[28.951s][info ][gc,start       ] GC(1764) Pause Young (Allocation Failure)
[28.951s][info ][gc,task        ] GC(1764) Using 9 workers of 9 for evacuation
[28.956s][debug][gc,age         ] GC(1764) Desired survivor size 8945664 bytes, new threshold 6 (max threshold 6)
[28.956s][trace][gc,age         ] GC(1764) Age table with threshold 6 (max threshold 6)
[28.956s][trace][gc,age         ] GC(1764) - age   1:     400208 bytes,     400208 total
[28.956s][info ][gc,heap        ] GC(1764) ParNew: 140168K->396K(157376K)
[28.956s][info ][gc,heap        ] GC(1764) CMS: 3754K->3754K(349568K)
[28.956s][info ][gc,metaspace   ] GC(1764) Metaspace: 16025K(16640K)->16025K(16640K) NonClass: 14284K(14592K)->14284K(14592K) Class: 1740K(2048K)->1740K(2048K)
[28.956s][info ][gc             ] GC(1764) Pause Young (Allocation Failure) 140M->4M(495M) 4.947ms
[28.956s][info ][gc,cpu         ] GC(1764) User=0.03s Sys=0.00s Real=0.00s
[28.966s][info ][gc,start       ] GC(1765) Pause Young (Allocation Failure)
[28.966s][info ][gc,task        ] GC(1765) Using 9 workers of 9 for evacuation
[28.966s][debug][gc,age         ] GC(1765) Desired survivor size 8945664 bytes, new threshold 6 (max threshold 6)
[28.966s][trace][gc,age         ] GC(1765) Age table with threshold 6 (max threshold 6)
[28.966s][trace][gc,age         ] GC(1765) - age   1:     400208 bytes,     400208 total
[28.966s][info ][gc,heap        ] GC(1765) ParNew: 140061K->396K(157376K)
[28.966s][info ][gc,heap        ] GC(1765) CMS: 3754K->3754K(349568K)
[28.966s][info ][gc,metaspace   ] GC(1765) Metaspace: 16025K(16640K)->16025K(16640K) NonClass: 14284K(14592K)->14284K(14592K) Class: 1740K(2048K)->1740K(2048K)
[28.966s][info ][gc             ] GC(1765) Pause Young (Allocation Failure) 140M->4M(495M) 0.318ms
[28.966s][info ][gc,cpu         ] GC(1765) User=0.00s Sys=0.00s Real=0.00s
[28.976s][info ][gc,start       ] GC(1766) Pause Young (Allocation Failure)
[28.976s][info ][gc,task        ] GC(1766) Using 9 workers of 9 for evacuation
[28.976s][debug][gc,age         ] GC(1766) Desired survivor size 8945664 bytes, new threshold 6 (max threshold 6)
[28.976s][trace][gc,age         ] GC(1766) Age table with threshold 6 (max threshold 6)
[28.976s][trace][gc,age         ] GC(1766) - age   1:        192 bytes,        192 total
[28.976s][info ][gc,heap        ] GC(1766) ParNew: 140031K->8K(157376K)
[28.976s][info ][gc,heap        ] GC(1766) CMS: 3754K->3754K(349568K)
[28.976s][info ][gc,metaspace   ] GC(1766) Metaspace: 16025K(16640K)->16025K(16640K) NonClass: 14284K(14592K)->14284K(14592K) Class: 1740K(2048K)->1740K(2048K)
[28.976s][info ][gc             ] GC(1766) Pause Young (Allocation Failure) 140M->3M(495M) 0.355ms
[28.976s][info ][gc,cpu         ] GC(1766) User=0.00s Sys=0.00s Real=0.00s
[28.985s][info ][gc,start       ] GC(1767) Pause Young (Allocation Failure)
[28.986s][info ][gc,task        ] GC(1767) Using 9 workers of 9 for evacuation
[28.986s][debug][gc,age         ] GC(1767) Desired survivor size 8945664 bytes, new threshold 6 (max threshold 6)
[28.986s][trace][gc,age         ] GC(1767) Age table with threshold 6 (max threshold 6)
[28.986s][trace][gc,age         ] GC(1767) - age   1:        192 bytes,        192 total
[28.986s][info ][gc,heap        ] GC(1767) ParNew: 139545K->6K(157376K)
[28.986s][info ][gc,heap        ] GC(1767) CMS: 3754K->3754K(349568K)
[28.986s][info ][gc,metaspace   ] GC(1767) Metaspace: 16025K(16640K)->16025K(16640K) NonClass: 14284K(14592K)->14284K(14592K) Class: 1740K(2048K)->1740K(2048K)
[28.986s][info ][gc             ] GC(1767) Pause Young (Allocation Failure) 139M->3M(495M) 0.350ms
[28.986s][info ][gc,cpu         ] GC(1767) User=0.00s Sys=0.00s Real=0.00s
[28.995s][info ][gc,start       ] GC(1768) Pause Young (Allocation Failure)
[28.995s][info ][gc,task        ] GC(1768) Using 9 workers of 9 for evacuation
[28.996s][debug][gc,age         ] GC(1768) Desired survivor size 8945664 bytes, new threshold 6 (max threshold 6)
[28.996s][trace][gc,age         ] GC(1768) Age table with threshold 6 (max threshold 6)
[28.996s][trace][gc,age         ] GC(1768) - age   1:        192 bytes,        192 total
[28.996s][info ][gc,heap        ] GC(1768) ParNew: 139799K->4K(157376K)
[28.996s][info ][gc,heap        ] GC(1768) CMS: 3754K->3754K(349568K)
[28.996s][info ][gc,metaspace   ] GC(1768) Metaspace: 16025K(16640K)->16025K(16640K) NonClass: 14284K(14592K)->14284K(14592K) Class: 1740K(2048K)->1740K(2048K)
[28.996s][info ][gc             ] GC(1768) Pause Young (Allocation Failure) 140M->3M(495M) 0.517ms
[28.996s][info ][gc,cpu         ] GC(1768) User=0.01s Sys=0.00s Real=0.00s
[29.005s][info ][gc,start       ] GC(1769) Pause Young (Allocation Failure)
[29.005s][info ][gc,task        ] GC(1769) Using 9 workers of 9 for evacuation
[29.006s][debug][gc,age         ] GC(1769) Desired survivor size 8945664 bytes, new threshold 6 (max threshold 6)
[29.006s][trace][gc,age         ] GC(1769) Age table with threshold 6 (max threshold 6)
[29.006s][trace][gc,age         ] GC(1769) - age   1:        192 bytes,        192 total
[29.006s][info ][gc,heap        ] GC(1769) ParNew: 139734K->4K(157376K)
[29.006s][info ][gc,heap        ] GC(1769) CMS: 3754K->3754K(349568K)
[29.006s][info ][gc,metaspace   ] GC(1769) Metaspace: 16025K(16640K)->16025K(16640K) NonClass: 14284K(14592K)->14284K(14592K) Class: 1740K(2048K)->1740K(2048K)
[29.006s][info ][gc             ] GC(1769) Pause Young (Allocation Failure) 140M->3M(495M) 0.881ms
[29.006s][info ][gc,cpu         ] GC(1769) User=0.00s Sys=0.00s Real=0.00s
[29.016s][info ][gc,start       ] GC(1770) Pause Young (Allocation Failure)
[29.016s][info ][gc,task        ] GC(1770) Using 9 workers of 9 for evacuation
[29.016s][debug][gc,age         ] GC(1770) Desired survivor size 8945664 bytes, new threshold 6 (max threshold 6)
[29.016s][trace][gc,age         ] GC(1770) Age table with threshold 6 (max threshold 6)
[29.016s][trace][gc,age         ] GC(1770) - age   1:     400208 bytes,     400208 total
[29.016s][info ][gc,heap        ] GC(1770) ParNew: 139876K->396K(157376K)
[29.016s][info ][gc,heap        ] GC(1770) CMS: 3754K->3754K(349568K)
[29.016s][info ][gc,metaspace   ] GC(1770) Metaspace: 16025K(16640K)->16025K(16640K) NonClass: 14284K(14592K)->14284K(14592K) Class: 1740K(2048K)->1740K(2048K)
[29.016s][info ][gc             ] GC(1770) Pause Young (Allocation Failure) 140M->4M(495M) 0.409ms
[29.016s][info ][gc,cpu         ] GC(1770) User=0.00s Sys=0.00s Real=0.00s
[29.026s][info ][gc,start       ] GC(1771) Pause Young (Allocation Failure)
[29.026s][info ][gc,task        ] GC(1771) Using 9 workers of 9 for evacuation
[29.026s][debug][gc,age         ] GC(1771) Desired survivor size 8945664 bytes, new threshold 6 (max threshold 6)
[29.026s][trace][gc,age         ] GC(1771) Age table with threshold 6 (max threshold 6)
[29.026s][trace][gc,age         ] GC(1771) - age   1:     400208 bytes,     400208 total
[29.026s][info ][gc,heap        ] GC(1771) ParNew: 140248K->396K(157376K)
[29.026s][info ][gc,heap        ] GC(1771) CMS: 3754K->3754K(349568K)
[29.026s][info ][gc,metaspace   ] GC(1771) Metaspace: 16025K(16640K)->16025K(16640K) NonClass: 14284K(14592K)->14284K(14592K) Class: 1740K(2048K)->1740K(2048K)
[29.026s][info ][gc             ] GC(1771) Pause Young (Allocation Failure) 140M->4M(495M) 0.520ms
[29.026s][info ][gc,cpu         ] GC(1771) User=0.00s Sys=0.00s Real=0.00s
[29.036s][info ][gc,start       ] GC(1772) Pause Young (Allocation Failure)
[29.036s][info ][gc,task        ] GC(1772) Using 9 workers of 9 for evacuation
[29.036s][debug][gc,age         ] GC(1772) Desired survivor size 8945664 bytes, new threshold 6 (max threshold 6)
[29.036s][trace][gc,age         ] GC(1772) Age table with threshold 6 (max threshold 6)
[29.036s][trace][gc,age         ] GC(1772) - age   1:     400208 bytes,     400208 total
[29.036s][info ][gc,heap        ] GC(1772) ParNew: 140019K->398K(157376K)
[29.036s][info ][gc,heap        ] GC(1772) CMS: 3754K->3754K(349568K)
[29.036s][info ][gc,metaspace   ] GC(1772) Metaspace: 16025K(16640K)->16025K(16640K) NonClass: 14284K(14592K)->14284K(14592K) Class: 1740K(2048K)->1740K(2048K)
[29.036s][info ][gc             ] GC(1772) Pause Young (Allocation Failure) 140M->4M(495M) 0.326ms
[29.036s][info ][gc,cpu         ] GC(1772) User=0.00s Sys=0.00s Real=0.00s
[29.046s][info ][gc,start       ] GC(1773) Pause Young (Allocation Failure)
[29.046s][info ][gc,task        ] GC(1773) Using 9 workers of 9 for evacuation
[29.046s][debug][gc,age         ] GC(1773) Desired survivor size 8945664 bytes, new threshold 6 (max threshold 6)
[29.046s][trace][gc,age         ] GC(1773) Age table with threshold 6 (max threshold 6)
[29.046s][trace][gc,age         ] GC(1773) - age   1:        192 bytes,        192 total
[29.046s][info ][gc,heap        ] GC(1773) ParNew: 140117K->6K(157376K)
[29.046s][info ][gc,heap        ] GC(1773) CMS: 3754K->3754K(349568K)
[29.046s][info ][gc,metaspace   ] GC(1773) Metaspace: 16025K(16640K)->16025K(16640K) NonClass: 14284K(14592K)->14284K(14592K) Class: 1740K(2048K)->1740K(2048K)
[29.046s][info ][gc             ] GC(1773) Pause Young (Allocation Failure) 140M->3M(495M) 0.371ms
[29.046s][info ][gc,cpu         ] GC(1773) User=0.00s Sys=0.00s Real=0.00s
[29.056s][info ][gc,start       ] GC(1774) Pause Young (Allocation Failure)
[29.056s][info ][gc,task        ] GC(1774) Using 9 workers of 9 for evacuation
[29.056s][debug][gc,age         ] GC(1774) Desired survivor size 8945664 bytes, new threshold 6 (max threshold 6)
[29.056s][trace][gc,age         ] GC(1774) Age table with threshold 6 (max threshold 6)
[29.056s][trace][gc,age         ] GC(1774) - age   1:     400208 bytes,     400208 total
[29.056s][info ][gc,heap        ] GC(1774) ParNew: 139852K->396K(157376K)
[29.056s][info ][gc,heap        ] GC(1774) CMS: 3754K->3754K(349568K)
[29.056s][info ][gc,metaspace   ] GC(1774) Metaspace: 16025K(16640K)->16025K(16640K) NonClass: 14284K(14592K)->14284K(14592K) Class: 1740K(2048K)->1740K(2048K)
[29.056s][info ][gc             ] GC(1774) Pause Young (Allocation Failure) 140M->4M(495M) 0.459ms
[29.056s][info ][gc,cpu         ] GC(1774) User=0.01s Sys=0.00s Real=0.00s
[29.066s][info ][gc,start       ] GC(1775) Pause Young (Allocation Failure)
[29.066s][info ][gc,task        ] GC(1775) Using 9 workers of 9 for evacuation
[29.066s][debug][gc,age         ] GC(1775) Desired survivor size 8945664 bytes, new threshold 6 (max threshold 6)
[29.066s][trace][gc,age         ] GC(1775) Age table with threshold 6 (max threshold 6)
[29.066s][trace][gc,age         ] GC(1775) - age   1:     400208 bytes,     400208 total
[29.066s][info ][gc,heap        ] GC(1775) ParNew: 140020K->396K(157376K)
[29.066s][info ][gc,heap        ] GC(1775) CMS: 3754K->3754K(349568K)
[29.066s][info ][gc,metaspace   ] GC(1775) Metaspace: 16025K(16640K)->16025K(16640K) NonClass: 14284K(14592K)->14284K(14592K) Class: 1740K(2048K)->1740K(2048K)
[29.066s][info ][gc             ] GC(1775) Pause Young (Allocation Failure) 140M->4M(495M) 0.414ms
[29.066s][info ][gc,cpu         ] GC(1775) User=0.00s Sys=0.00s Real=0.00s
[29.076s][info ][gc,start       ] GC(1776) Pause Young (Allocation Failure)
[29.076s][info ][gc,task        ] GC(1776) Using 9 workers of 9 for evacuation
[29.077s][debug][gc,age         ] GC(1776) Desired survivor size 8945664 bytes, new threshold 6 (max threshold 6)
[29.077s][trace][gc,age         ] GC(1776) Age table with threshold 6 (max threshold 6)
[29.077s][trace][gc,age         ] GC(1776) - age   1:     400208 bytes,     400208 total
[29.077s][info ][gc,heap        ] GC(1776) ParNew: 140026K->396K(157376K)
[29.077s][info ][gc,heap        ] GC(1776) CMS: 3754K->3754K(349568K)
[29.077s][info ][gc,metaspace   ] GC(1776) Metaspace: 16025K(16640K)->16025K(16640K) NonClass: 14284K(14592K)->14284K(14592K) Class: 1740K(2048K)->1740K(2048K)
[29.077s][info ][gc             ] GC(1776) Pause Young (Allocation Failure) 140M->4M(495M) 0.800ms
[29.077s][info ][gc,cpu         ] GC(1776) User=0.00s Sys=0.00s Real=0.00s
[29.086s][info ][gc,start       ] GC(1777) Pause Young (Allocation Failure)
[29.086s][info ][gc,task        ] GC(1777) Using 9 workers of 9 for evacuation
[29.087s][debug][gc,age         ] GC(1777) Desired survivor size 8945664 bytes, new threshold 6 (max threshold 6)
[29.087s][trace][gc,age         ] GC(1777) Age table with threshold 6 (max threshold 6)
[29.087s][trace][gc,age         ] GC(1777) - age   1:        192 bytes,        192 total
[29.087s][info ][gc,heap        ] GC(1777) ParNew: 139994K->6K(157376K)
[29.087s][info ][gc,heap        ] GC(1777) CMS: 3754K->3754K(349568K)
[29.087s][info ][gc,metaspace   ] GC(1777) Metaspace: 16025K(16640K)->16025K(16640K) NonClass: 14284K(14592K)->14284K(14592K) Class: 1740K(2048K)->1740K(2048K)
[29.087s][info ][gc             ] GC(1777) Pause Young (Allocation Failure) 140M->3M(495M) 0.978ms
[29.087s][info ][gc,cpu         ] GC(1777) User=0.00s Sys=0.00s Real=0.00s
[29.097s][info ][gc,start       ] GC(1778) Pause Young (Allocation Failure)
[29.097s][info ][gc,task        ] GC(1778) Using 9 workers of 9 for evacuation
[29.097s][debug][gc,age         ] GC(1778) Desired survivor size 8945664 bytes, new threshold 6 (max threshold 6)
[29.097s][trace][gc,age         ] GC(1778) Age table with threshold 6 (max threshold 6)
[29.097s][trace][gc,age         ] GC(1778) - age   1:        192 bytes,        192 total
[29.097s][info ][gc,heap        ] GC(1778) ParNew: 139572K->8K(157376K)
[29.097s][info ][gc,heap        ] GC(1778) CMS: 3754K->3754K(349568K)
[29.097s][info ][gc,metaspace   ] GC(1778) Metaspace: 16025K(16640K)->16025K(16640K) NonClass: 14284K(14592K)->14284K(14592K) Class: 1740K(2048K)->1740K(2048K)
[29.097s][info ][gc             ] GC(1778) Pause Young (Allocation Failure) 139M->3M(495M) 0.485ms
[29.097s][info ][gc,cpu         ] GC(1778) User=0.00s Sys=0.00s Real=0.00s
[29.107s][info ][gc,start       ] GC(1779) Pause Young (Allocation Failure)
[29.107s][info ][gc,task        ] GC(1779) Using 9 workers of 9 for evacuation
[29.107s][debug][gc,age         ] GC(1779) Desired survivor size 8945664 bytes, new threshold 6 (max threshold 6)
[29.107s][trace][gc,age         ] GC(1779) Age table with threshold 6 (max threshold 6)
[29.107s][trace][gc,age         ] GC(1779) - age   1:     400208 bytes,     400208 total
[29.107s][info ][gc,heap        ] GC(1779) ParNew: 139602K->396K(157376K)
[29.107s][info ][gc,heap        ] GC(1779) CMS: 3754K->3754K(349568K)
[29.107s][info ][gc,metaspace   ] GC(1779) Metaspace: 16025K(16640K)->16025K(16640K) NonClass: 14284K(14592K)->14284K(14592K) Class: 1740K(2048K)->1740K(2048K)
[29.107s][info ][gc             ] GC(1779) Pause Young (Allocation Failure) 139M->4M(495M) 0.667ms
[29.107s][info ][gc,cpu         ] GC(1779) User=0.00s Sys=0.00s Real=0.00s
[29.117s][info ][gc,start       ] GC(1780) Pause Young (Allocation Failure)
[29.117s][info ][gc,task        ] GC(1780) Using 9 workers of 9 for evacuation
[29.117s][debug][gc,age         ] GC(1780) Desired survivor size 8945664 bytes, new threshold 6 (max threshold 6)
[29.117s][trace][gc,age         ] GC(1780) Age table with threshold 6 (max threshold 6)
[29.117s][trace][gc,age         ] GC(1780) - age   1:        192 bytes,        192 total
[29.117s][info ][gc,heap        ] GC(1780) ParNew: 140025K->6K(157376K)
[29.117s][info ][gc,heap        ] GC(1780) CMS: 3754K->3754K(349568K)
[29.117s][info ][gc,metaspace   ] GC(1780) Metaspace: 16026K(16640K)->16026K(16640K) NonClass: 14285K(14592K)->14285K(14592K) Class: 1740K(2048K)->1740K(2048K)
[29.117s][info ][gc             ] GC(1780) Pause Young (Allocation Failure) 140M->3M(495M) 0.416ms
[29.117s][info ][gc,cpu         ] GC(1780) User=0.00s Sys=0.00s Real=0.00s
[29.127s][info ][gc,start       ] GC(1781) Pause Young (Allocation Failure)
[29.127s][info ][gc,task        ] GC(1781) Using 9 workers of 9 for evacuation
[29.128s][debug][gc,age         ] GC(1781) Desired survivor size 8945664 bytes, new threshold 6 (max threshold 6)
[29.128s][trace][gc,age         ] GC(1781) Age table with threshold 6 (max threshold 6)
[29.128s][trace][gc,age         ] GC(1781) - age   1:     400208 bytes,     400208 total
[29.128s][info ][gc,heap        ] GC(1781) ParNew: 139801K->394K(157376K)
[29.128s][info ][gc,heap        ] GC(1781) CMS: 3754K->3754K(349568K)
[29.128s][info ][gc,metaspace   ] GC(1781) Metaspace: 16026K(16640K)->16026K(16640K) NonClass: 14285K(14592K)->14285K(14592K) Class: 1740K(2048K)->1740K(2048K)
[29.128s][info ][gc             ] GC(1781) Pause Young (Allocation Failure) 140M->4M(495M) 0.507ms
[29.128s][info ][gc,cpu         ] GC(1781) User=0.01s Sys=0.00s Real=0.00s
[29.137s][info ][gc,start       ] GC(1782) Pause Young (Allocation Failure)
[29.137s][info ][gc,task        ] GC(1782) Using 9 workers of 9 for evacuation
[29.137s][debug][gc,age         ] GC(1782) Desired survivor size 8945664 bytes, new threshold 6 (max threshold 6)
[29.137s][trace][gc,age         ] GC(1782) Age table with threshold 6 (max threshold 6)
[29.137s][trace][gc,age         ] GC(1782) - age   1:     400208 bytes,     400208 total
[29.137s][info ][gc,heap        ] GC(1782) ParNew: 139963K->396K(157376K)
[29.137s][info ][gc,heap        ] GC(1782) CMS: 3754K->3754K(349568K)
[29.137s][info ][gc,metaspace   ] GC(1782) Metaspace: 16026K(16640K)->16026K(16640K) NonClass: 14285K(14592K)->14285K(14592K) Class: 1740K(2048K)->1740K(2048K)
[29.137s][info ][gc             ] GC(1782) Pause Young (Allocation Failure) 140M->4M(495M) 0.344ms
[29.137s][info ][gc,cpu         ] GC(1782) User=0.00s Sys=0.00s Real=0.00s
[29.147s][info ][gc,start       ] GC(1783) Pause Young (Allocation Failure)
[29.147s][info ][gc,task        ] GC(1783) Using 9 workers of 9 for evacuation
[29.148s][debug][gc,age         ] GC(1783) Desired survivor size 8945664 bytes, new threshold 6 (max threshold 6)
[29.148s][trace][gc,age         ] GC(1783) Age table with threshold 6 (max threshold 6)
[29.148s][trace][gc,age         ] GC(1783) - age   1:     400208 bytes,     400208 total
[29.148s][info ][gc,heap        ] GC(1783) ParNew: 139916K->396K(157376K)
[29.148s][info ][gc,heap        ] GC(1783) CMS: 3754K->3754K(349568K)
[29.148s][info ][gc,metaspace   ] GC(1783) Metaspace: 16026K(16640K)->16026K(16640K) NonClass: 14285K(14592K)->14285K(14592K) Class: 1740K(2048K)->1740K(2048K)
[29.148s][info ][gc             ] GC(1783) Pause Young (Allocation Failure) 140M->4M(495M) 0.463ms
[29.148s][info ][gc,cpu         ] GC(1783) User=0.00s Sys=0.00s Real=0.00s
[29.157s][info ][gc,start       ] GC(1784) Pause Young (Allocation Failure)
[29.157s][info ][gc,task        ] GC(1784) Using 9 workers of 9 for evacuation
[29.158s][debug][gc,age         ] GC(1784) Desired survivor size 8945664 bytes, new threshold 6 (max threshold 6)
[29.158s][trace][gc,age         ] GC(1784) Age table with threshold 6 (max threshold 6)
[29.158s][trace][gc,age         ] GC(1784) - age   1:        192 bytes,        192 total
[29.158s][info ][gc,heap        ] GC(1784) ParNew: 139910K->6K(157376K)
[29.158s][info ][gc,heap        ] GC(1784) CMS: 3754K->3754K(349568K)
[29.158s][info ][gc,metaspace   ] GC(1784) Metaspace: 16026K(16640K)->16026K(16640K) NonClass: 14285K(14592K)->14285K(14592K) Class: 1740K(2048K)->1740K(2048K)
[29.158s][info ][gc             ] GC(1784) Pause Young (Allocation Failure) 140M->3M(495M) 0.469ms
[29.158s][info ][gc,cpu         ] GC(1784) User=0.00s Sys=0.00s Real=0.00s
[29.167s][info ][gc,start       ] GC(1785) Pause Young (Allocation Failure)
[29.167s][info ][gc,task        ] GC(1785) Using 9 workers of 9 for evacuation
[29.167s][debug][gc,age         ] GC(1785) Desired survivor size 8945664 bytes, new threshold 6 (max threshold 6)
[29.167s][trace][gc,age         ] GC(1785) Age table with threshold 6 (max threshold 6)
[29.168s][trace][gc,age         ] GC(1785) - age   1:     400208 bytes,     400208 total
[29.168s][info ][gc,heap        ] GC(1785) ParNew: 139792K->398K(157376K)
[29.168s][info ][gc,heap        ] GC(1785) CMS: 3754K->3754K(349568K)
[29.168s][info ][gc,metaspace   ] GC(1785) Metaspace: 16026K(16640K)->16026K(16640K) NonClass: 14285K(14592K)->14285K(14592K) Class: 1740K(2048K)->1740K(2048K)
[29.168s][info ][gc             ] GC(1785) Pause Young (Allocation Failure) 140M->4M(495M) 0.436ms
[29.168s][info ][gc,cpu         ] GC(1785) User=0.00s Sys=0.00s Real=0.00s
[29.177s][info ][gc,start       ] GC(1786) Pause Young (Allocation Failure)
[29.177s][info ][gc,task        ] GC(1786) Using 9 workers of 9 for evacuation
[29.178s][debug][gc,age         ] GC(1786) Desired survivor size 8945664 bytes, new threshold 6 (max threshold 6)
[29.178s][trace][gc,age         ] GC(1786) Age table with threshold 6 (max threshold 6)
[29.178s][trace][gc,age         ] GC(1786) - age   1:     400208 bytes,     400208 total
[29.178s][info ][gc,heap        ] GC(1786) ParNew: 139984K->396K(157376K)
[29.178s][info ][gc,heap        ] GC(1786) CMS: 3754K->3754K(349568K)
[29.178s][info ][gc,metaspace   ] GC(1786) Metaspace: 16026K(16640K)->16026K(16640K) NonClass: 14285K(14592K)->14285K(14592K) Class: 1740K(2048K)->1740K(2048K)
[29.178s][info ][gc             ] GC(1786) Pause Young (Allocation Failure) 140M->4M(495M) 0.497ms
[29.178s][info ][gc,cpu         ] GC(1786) User=0.00s Sys=0.01s Real=0.00s
[29.187s][info ][gc,start       ] GC(1787) Pause Young (Allocation Failure)
[29.187s][info ][gc,task        ] GC(1787) Using 9 workers of 9 for evacuation
[29.188s][debug][gc,age         ] GC(1787) Desired survivor size 8945664 bytes, new threshold 6 (max threshold 6)
[29.188s][trace][gc,age         ] GC(1787) Age table with threshold 6 (max threshold 6)
[29.188s][trace][gc,age         ] GC(1787) - age   1:     400208 bytes,     400208 total
[29.188s][info ][gc,heap        ] GC(1787) ParNew: 140181K->396K(157376K)
[29.188s][info ][gc,heap        ] GC(1787) CMS: 3754K->3754K(349568K)
[29.188s][info ][gc,metaspace   ] GC(1787) Metaspace: 16026K(16640K)->16026K(16640K) NonClass: 14285K(14592K)->14285K(14592K) Class: 1740K(2048K)->1740K(2048K)
[29.188s][info ][gc             ] GC(1787) Pause Young (Allocation Failure) 140M->4M(495M) 0.455ms
[29.188s][info ][gc,cpu         ] GC(1787) User=0.00s Sys=0.00s Real=0.00s
[29.197s][info ][gc,start       ] GC(1788) Pause Young (Allocation Failure)
[29.197s][info ][gc,task        ] GC(1788) Using 9 workers of 9 for evacuation
[29.197s][debug][gc,age         ] GC(1788) Desired survivor size 8945664 bytes, new threshold 6 (max threshold 6)
[29.197s][trace][gc,age         ] GC(1788) Age table with threshold 6 (max threshold 6)
[29.197s][trace][gc,age         ] GC(1788) - age   1:     400208 bytes,     400208 total
[29.197s][info ][gc,heap        ] GC(1788) ParNew: 140119K->396K(157376K)
[29.198s][info ][gc,heap        ] GC(1788) CMS: 3754K->3754K(349568K)
[29.198s][info ][gc,metaspace   ] GC(1788) Metaspace: 16026K(16640K)->16026K(16640K) NonClass: 14285K(14592K)->14285K(14592K) Class: 1740K(2048K)->1740K(2048K)
[29.198s][info ][gc             ] GC(1788) Pause Young (Allocation Failure) 140M->4M(495M) 0.463ms
[29.198s][info ][gc,cpu         ] GC(1788) User=0.01s Sys=0.00s Real=0.00s
[29.207s][info ][gc,start       ] GC(1789) Pause Young (Allocation Failure)
[29.207s][info ][gc,task        ] GC(1789) Using 9 workers of 9 for evacuation
[29.208s][debug][gc,age         ] GC(1789) Desired survivor size 8945664 bytes, new threshold 6 (max threshold 6)
[29.208s][trace][gc,age         ] GC(1789) Age table with threshold 6 (max threshold 6)
[29.208s][trace][gc,age         ] GC(1789) - age   1:        192 bytes,        192 total
[29.208s][info ][gc,heap        ] GC(1789) ParNew: 140044K->4K(157376K)
[29.208s][info ][gc,heap        ] GC(1789) CMS: 3754K->3754K(349568K)
[29.208s][info ][gc,metaspace   ] GC(1789) Metaspace: 16026K(16640K)->16026K(16640K) NonClass: 14285K(14592K)->14285K(14592K) Class: 1740K(2048K)->1740K(2048K)
[29.208s][info ][gc             ] GC(1789) Pause Young (Allocation Failure) 140M->3M(495M) 0.703ms
[29.208s][info ][gc,cpu         ] GC(1789) User=0.01s Sys=0.00s Real=0.00s
[29.217s][info ][gc,start       ] GC(1790) Pause Young (Allocation Failure)
[29.217s][info ][gc,task        ] GC(1790) Using 9 workers of 9 for evacuation
[29.218s][debug][gc,age         ] GC(1790) Desired survivor size 8945664 bytes, new threshold 6 (max threshold 6)
[29.218s][trace][gc,age         ] GC(1790) Age table with threshold 6 (max threshold 6)
[29.218s][trace][gc,age         ] GC(1790) - age   1:     400208 bytes,     400208 total
[29.218s][info ][gc,heap        ] GC(1790) ParNew: 139908K->394K(157376K)
[29.218s][info ][gc,heap        ] GC(1790) CMS: 3754K->3754K(349568K)
[29.218s][info ][gc,metaspace   ] GC(1790) Metaspace: 16026K(16640K)->16026K(16640K) NonClass: 14285K(14592K)->14285K(14592K) Class: 1740K(2048K)->1740K(2048K)
[29.218s][info ][gc             ] GC(1790) Pause Young (Allocation Failure) 140M->4M(495M) 0.506ms
[29.218s][info ][gc,cpu         ] GC(1790) User=0.00s Sys=0.00s Real=0.00s
[29.227s][info ][gc,start       ] GC(1791) Pause Young (Allocation Failure)
[29.227s][info ][gc,task        ] GC(1791) Using 9 workers of 9 for evacuation
[29.228s][debug][gc,age         ] GC(1791) Desired survivor size 8945664 bytes, new threshold 6 (max threshold 6)
[29.228s][trace][gc,age         ] GC(1791) Age table with threshold 6 (max threshold 6)
[29.228s][trace][gc,age         ] GC(1791) - age   1:     400208 bytes,     400208 total
[29.228s][info ][gc,heap        ] GC(1791) ParNew: 140136K->396K(157376K)
[29.228s][info ][gc,heap        ] GC(1791) CMS: 3754K->3754K(349568K)
[29.228s][info ][gc,metaspace   ] GC(1791) Metaspace: 16026K(16640K)->16026K(16640K) NonClass: 14285K(14592K)->14285K(14592K) Class: 1740K(2048K)->1740K(2048K)
[29.228s][info ][gc             ] GC(1791) Pause Young (Allocation Failure) 140M->4M(495M) 0.446ms
[29.228s][info ][gc,cpu         ] GC(1791) User=0.00s Sys=0.00s Real=0.00s
[29.237s][info ][gc,start       ] GC(1792) Pause Young (Allocation Failure)
[29.237s][info ][gc,task        ] GC(1792) Using 9 workers of 9 for evacuation
[29.238s][debug][gc,age         ] GC(1792) Desired survivor size 8945664 bytes, new threshold 6 (max threshold 6)
[29.238s][trace][gc,age         ] GC(1792) Age table with threshold 6 (max threshold 6)
[29.238s][trace][gc,age         ] GC(1792) - age   1:     400208 bytes,     400208 total
[29.238s][info ][gc,heap        ] GC(1792) ParNew: 140218K->396K(157376K)
[29.238s][info ][gc,heap        ] GC(1792) CMS: 3754K->3754K(349568K)
[29.238s][info ][gc,metaspace   ] GC(1792) Metaspace: 16026K(16640K)->16026K(16640K) NonClass: 14285K(14592K)->14285K(14592K) Class: 1740K(2048K)->1740K(2048K)
[29.238s][info ][gc             ] GC(1792) Pause Young (Allocation Failure) 140M->4M(495M) 0.447ms
[29.238s][info ][gc,cpu         ] GC(1792) User=0.00s Sys=0.00s Real=0.00s
[29.247s][info ][gc,start       ] GC(1793) Pause Young (Allocation Failure)
[29.247s][info ][gc,task        ] GC(1793) Using 9 workers of 9 for evacuation
[29.248s][debug][gc,age         ] GC(1793) Desired survivor size 8945664 bytes, new threshold 6 (max threshold 6)
[29.248s][trace][gc,age         ] GC(1793) Age table with threshold 6 (max threshold 6)
[29.248s][trace][gc,age         ] GC(1793) - age   1:     400208 bytes,     400208 total
[29.248s][info ][gc,heap        ] GC(1793) ParNew: 139999K->398K(157376K)
[29.248s][info ][gc,heap        ] GC(1793) CMS: 3754K->3754K(349568K)
[29.248s][info ][gc,metaspace   ] GC(1793) Metaspace: 16026K(16640K)->16026K(16640K) NonClass: 14285K(14592K)->14285K(14592K) Class: 1740K(2048K)->1740K(2048K)
[29.248s][info ][gc             ] GC(1793) Pause Young (Allocation Failure) 140M->4M(495M) 0.577ms
[29.248s][info ][gc,cpu         ] GC(1793) User=0.00s Sys=0.00s Real=0.00s
[29.257s][info ][gc,start       ] GC(1794) Pause Young (Allocation Failure)
[29.257s][info ][gc,task        ] GC(1794) Using 9 workers of 9 for evacuation
[29.258s][debug][gc,age         ] GC(1794) Desired survivor size 8945664 bytes, new threshold 6 (max threshold 6)
[29.258s][trace][gc,age         ] GC(1794) Age table with threshold 6 (max threshold 6)
[29.258s][trace][gc,age         ] GC(1794) - age   1:        192 bytes,        192 total
[29.258s][info ][gc,heap        ] GC(1794) ParNew: 140215K->8K(157376K)
[29.258s][info ][gc,heap        ] GC(1794) CMS: 3754K->3754K(349568K)
[29.258s][info ][gc,metaspace   ] GC(1794) Metaspace: 16026K(16640K)->16026K(16640K) NonClass: 14285K(14592K)->14285K(14592K) Class: 1740K(2048K)->1740K(2048K)
[29.258s][info ][gc             ] GC(1794) Pause Young (Allocation Failure) 140M->3M(495M) 0.434ms
[29.258s][info ][gc,cpu         ] GC(1794) User=0.01s Sys=0.00s Real=0.00s
[29.267s][info ][gc,start       ] GC(1795) Pause Young (Allocation Failure)
[29.267s][info ][gc,task        ] GC(1795) Using 9 workers of 9 for evacuation
[29.268s][debug][gc,age         ] GC(1795) Desired survivor size 8945664 bytes, new threshold 6 (max threshold 6)
[29.268s][trace][gc,age         ] GC(1795) Age table with threshold 6 (max threshold 6)
[29.268s][trace][gc,age         ] GC(1795) - age   1:     400208 bytes,     400208 total
[29.268s][info ][gc,heap        ] GC(1795) ParNew: 139912K->396K(157376K)
[29.268s][info ][gc,heap        ] GC(1795) CMS: 3754K->3754K(349568K)
[29.268s][info ][gc,metaspace   ] GC(1795) Metaspace: 16026K(16640K)->16026K(16640K) NonClass: 14285K(14592K)->14285K(14592K) Class: 1740K(2048K)->1740K(2048K)
[29.268s][info ][gc             ] GC(1795) Pause Young (Allocation Failure) 140M->4M(495M) 0.367ms
[29.268s][info ][gc,cpu         ] GC(1795) User=0.01s Sys=0.00s Real=0.00s
[29.277s][info ][gc,start       ] GC(1796) Pause Young (Allocation Failure)
[29.277s][info ][gc,task        ] GC(1796) Using 9 workers of 9 for evacuation
[29.278s][debug][gc,age         ] GC(1796) Desired survivor size 8945664 bytes, new threshold 6 (max threshold 6)
[29.278s][trace][gc,age         ] GC(1796) Age table with threshold 6 (max threshold 6)
[29.278s][trace][gc,age         ] GC(1796) - age   1:     400208 bytes,     400208 total
[29.278s][info ][gc,heap        ] GC(1796) ParNew: 140084K->396K(157376K)
[29.278s][info ][gc,heap        ] GC(1796) CMS: 3754K->3754K(349568K)
[29.278s][info ][gc,metaspace   ] GC(1796) Metaspace: 16026K(16640K)->16026K(16640K) NonClass: 14285K(14592K)->14285K(14592K) Class: 1740K(2048K)->1740K(2048K)
[29.278s][info ][gc             ] GC(1796) Pause Young (Allocation Failure) 140M->4M(495M) 0.409ms
[29.278s][info ][gc,cpu         ] GC(1796) User=0.01s Sys=0.00s Real=0.00s
[29.287s][info ][gc,start       ] GC(1797) Pause Young (Allocation Failure)
[29.287s][info ][gc,task        ] GC(1797) Using 9 workers of 9 for evacuation
[29.287s][debug][gc,age         ] GC(1797) Desired survivor size 8945664 bytes, new threshold 6 (max threshold 6)
[29.287s][trace][gc,age         ] GC(1797) Age table with threshold 6 (max threshold 6)
[29.287s][trace][gc,age         ] GC(1797) - age   1:     400208 bytes,     400208 total
[29.287s][info ][gc,heap        ] GC(1797) ParNew: 139946K->394K(157376K)
[29.287s][info ][gc,heap        ] GC(1797) CMS: 3754K->3754K(349568K)
[29.287s][info ][gc,metaspace   ] GC(1797) Metaspace: 16026K(16640K)->16026K(16640K) NonClass: 14285K(14592K)->14285K(14592K) Class: 1740K(2048K)->1740K(2048K)
[29.287s][info ][gc             ] GC(1797) Pause Young (Allocation Failure) 140M->4M(495M) 0.459ms
[29.287s][info ][gc,cpu         ] GC(1797) User=0.00s Sys=0.00s Real=0.00s
[29.297s][info ][gc,start       ] GC(1798) Pause Young (Allocation Failure)
[29.297s][info ][gc,task        ] GC(1798) Using 9 workers of 9 for evacuation
[29.297s][debug][gc,age         ] GC(1798) Desired survivor size 8945664 bytes, new threshold 6 (max threshold 6)
[29.297s][trace][gc,age         ] GC(1798) Age table with threshold 6 (max threshold 6)
[29.297s][trace][gc,age         ] GC(1798) - age   1:     400208 bytes,     400208 total
[29.297s][info ][gc,heap        ] GC(1798) ParNew: 140278K->394K(157376K)
[29.297s][info ][gc,heap        ] GC(1798) CMS: 3754K->3754K(349568K)
[29.297s][info ][gc,metaspace   ] GC(1798) Metaspace: 16026K(16640K)->16026K(16640K) NonClass: 14285K(14592K)->14285K(14592K) Class: 1740K(2048K)->1740K(2048K)
[29.297s][info ][gc             ] GC(1798) Pause Young (Allocation Failure) 140M->4M(495M) 0.361ms
[29.297s][info ][gc,cpu         ] GC(1798) User=0.00s Sys=0.00s Real=0.00s
[29.307s][info ][gc,start       ] GC(1799) Pause Young (Allocation Failure)
[29.307s][info ][gc,task        ] GC(1799) Using 9 workers of 9 for evacuation
[29.307s][debug][gc,age         ] GC(1799) Desired survivor size 8945664 bytes, new threshold 6 (max threshold 6)
[29.307s][trace][gc,age         ] GC(1799) Age table with threshold 6 (max threshold 6)
[29.307s][trace][gc,age         ] GC(1799) - age   1:     400208 bytes,     400208 total
[29.307s][info ][gc,heap        ] GC(1799) ParNew: 140060K->394K(157376K)
[29.307s][info ][gc,heap        ] GC(1799) CMS: 3754K->3754K(349568K)
[29.307s][info ][gc,metaspace   ] GC(1799) Metaspace: 16026K(16640K)->16026K(16640K) NonClass: 14285K(14592K)->14285K(14592K) Class: 1740K(2048K)->1740K(2048K)
[29.307s][info ][gc             ] GC(1799) Pause Young (Allocation Failure) 140M->4M(495M) 0.449ms
[29.307s][info ][gc,cpu         ] GC(1799) User=0.00s Sys=0.00s Real=0.00s
[29.317s][info ][gc,start       ] GC(1800) Pause Young (Allocation Failure)
[29.317s][info ][gc,task        ] GC(1800) Using 9 workers of 9 for evacuation
[29.317s][debug][gc,age         ] GC(1800) Desired survivor size 8945664 bytes, new threshold 6 (max threshold 6)
[29.317s][trace][gc,age         ] GC(1800) Age table with threshold 6 (max threshold 6)
[29.317s][trace][gc,age         ] GC(1800) - age   1:        192 bytes,        192 total
[29.317s][info ][gc,heap        ] GC(1800) ParNew: 140138K->6K(157376K)
[29.317s][info ][gc,heap        ] GC(1800) CMS: 3754K->3754K(349568K)
[29.317s][info ][gc,metaspace   ] GC(1800) Metaspace: 16026K(16640K)->16026K(16640K) NonClass: 14285K(14592K)->14285K(14592K) Class: 1740K(2048K)->1740K(2048K)
[29.317s][info ][gc             ] GC(1800) Pause Young (Allocation Failure) 140M->3M(495M) 0.360ms
[29.317s][info ][gc,cpu         ] GC(1800) User=0.00s Sys=0.00s Real=0.00s
[29.327s][info ][gc,start       ] GC(1801) Pause Young (Allocation Failure)
[29.327s][info ][gc,task        ] GC(1801) Using 9 workers of 9 for evacuation
[29.327s][debug][gc,age         ] GC(1801) Desired survivor size 8945664 bytes, new threshold 6 (max threshold 6)
[29.327s][trace][gc,age         ] GC(1801) Age table with threshold 6 (max threshold 6)
[29.327s][trace][gc,age         ] GC(1801) - age   1:        192 bytes,        192 total
[29.327s][info ][gc,heap        ] GC(1801) ParNew: 139668K->4K(157376K)
[29.327s][info ][gc,heap        ] GC(1801) CMS: 3754K->3754K(349568K)
[29.327s][info ][gc,metaspace   ] GC(1801) Metaspace: 16026K(16640K)->16026K(16640K) NonClass: 14285K(14592K)->14285K(14592K) Class: 1740K(2048K)->1740K(2048K)
[29.327s][info ][gc             ] GC(1801) Pause Young (Allocation Failure) 140M->3M(495M) 0.459ms
[29.327s][info ][gc,cpu         ] GC(1801) User=0.00s Sys=0.00s Real=0.00s
[29.337s][info ][gc,start       ] GC(1802) Pause Young (Allocation Failure)
[29.337s][info ][gc,task        ] GC(1802) Using 9 workers of 9 for evacuation
[29.337s][debug][gc,age         ] GC(1802) Desired survivor size 8945664 bytes, new threshold 6 (max threshold 6)
[29.337s][trace][gc,age         ] GC(1802) Age table with threshold 6 (max threshold 6)
[29.337s][trace][gc,age         ] GC(1802) - age   1:        192 bytes,        192 total
[29.337s][info ][gc,heap        ] GC(1802) ParNew: 139858K->6K(157376K)
[29.337s][info ][gc,heap        ] GC(1802) CMS: 3754K->3754K(349568K)
[29.337s][info ][gc,metaspace   ] GC(1802) Metaspace: 16026K(16640K)->16026K(16640K) NonClass: 14285K(14592K)->14285K(14592K) Class: 1740K(2048K)->1740K(2048K)
[29.337s][info ][gc             ] GC(1802) Pause Young (Allocation Failure) 140M->3M(495M) 0.419ms
[29.337s][info ][gc,cpu         ] GC(1802) User=0.00s Sys=0.00s Real=0.00s
[29.347s][info ][gc,start       ] GC(1803) Pause Young (Allocation Failure)
[29.347s][info ][gc,task        ] GC(1803) Using 9 workers of 9 for evacuation
[29.347s][debug][gc,age         ] GC(1803) Desired survivor size 8945664 bytes, new threshold 6 (max threshold 6)
[29.347s][trace][gc,age         ] GC(1803) Age table with threshold 6 (max threshold 6)
[29.347s][trace][gc,age         ] GC(1803) - age   1:        192 bytes,        192 total
[29.347s][info ][gc,heap        ] GC(1803) ParNew: 139866K->4K(157376K)
[29.347s][info ][gc,heap        ] GC(1803) CMS: 3754K->3754K(349568K)
[29.347s][info ][gc,metaspace   ] GC(1803) Metaspace: 16026K(16640K)->16026K(16640K) NonClass: 14285K(14592K)->14285K(14592K) Class: 1740K(2048K)->1740K(2048K)
[29.347s][info ][gc             ] GC(1803) Pause Young (Allocation Failure) 140M->3M(495M) 0.435ms
[29.347s][info ][gc,cpu         ] GC(1803) User=0.00s Sys=0.00s Real=0.00s
[29.357s][info ][gc,start       ] GC(1804) Pause Young (Allocation Failure)
[29.357s][info ][gc,task        ] GC(1804) Using 9 workers of 9 for evacuation
[29.357s][debug][gc,age         ] GC(1804) Desired survivor size 8945664 bytes, new threshold 6 (max threshold 6)
[29.357s][trace][gc,age         ] GC(1804) Age table with threshold 6 (max threshold 6)
[29.357s][trace][gc,age         ] GC(1804) - age   1:     400208 bytes,     400208 total
[29.357s][info ][gc,heap        ] GC(1804) ParNew: 139906K->396K(157376K)
[29.357s][info ][gc,heap        ] GC(1804) CMS: 3754K->3754K(349568K)
[29.357s][info ][gc,metaspace   ] GC(1804) Metaspace: 16026K(16640K)->16026K(16640K) NonClass: 14285K(14592K)->14285K(14592K) Class: 1740K(2048K)->1740K(2048K)
[29.357s][info ][gc             ] GC(1804) Pause Young (Allocation Failure) 140M->4M(495M) 0.347ms
[29.357s][info ][gc,cpu         ] GC(1804) User=0.00s Sys=0.00s Real=0.00s
[29.366s][info ][gc,start       ] GC(1805) Pause Young (Allocation Failure)
[29.366s][info ][gc,task        ] GC(1805) Using 9 workers of 9 for evacuation
[29.367s][debug][gc,age         ] GC(1805) Desired survivor size 8945664 bytes, new threshold 6 (max threshold 6)
[29.367s][trace][gc,age         ] GC(1805) Age table with threshold 6 (max threshold 6)
[29.367s][trace][gc,age         ] GC(1805) - age   1:     400208 bytes,     400208 total
[29.367s][info ][gc,heap        ] GC(1805) ParNew: 140259K->396K(157376K)
[29.367s][info ][gc,heap        ] GC(1805) CMS: 3754K->3754K(349568K)
[29.367s][info ][gc,metaspace   ] GC(1805) Metaspace: 16026K(16640K)->16026K(16640K) NonClass: 14285K(14592K)->14285K(14592K) Class: 1740K(2048K)->1740K(2048K)
[29.367s][info ][gc             ] GC(1805) Pause Young (Allocation Failure) 140M->4M(495M) 0.491ms
[29.367s][info ][gc,cpu         ] GC(1805) User=0.01s Sys=0.00s Real=0.00s
[29.376s][info ][gc,start       ] GC(1806) Pause Young (Allocation Failure)
[29.376s][info ][gc,task        ] GC(1806) Using 9 workers of 9 for evacuation
[29.377s][debug][gc,age         ] GC(1806) Desired survivor size 8945664 bytes, new threshold 6 (max threshold 6)
[29.377s][trace][gc,age         ] GC(1806) Age table with threshold 6 (max threshold 6)
[29.377s][trace][gc,age         ] GC(1806) - age   1:        192 bytes,        192 total
[29.377s][info ][gc,heap        ] GC(1806) ParNew: 140280K->6K(157376K)
[29.377s][info ][gc,heap        ] GC(1806) CMS: 3754K->3754K(349568K)
[29.377s][info ][gc,metaspace   ] GC(1806) Metaspace: 16026K(16640K)->16026K(16640K) NonClass: 14285K(14592K)->14285K(14592K) Class: 1740K(2048K)->1740K(2048K)
[29.377s][info ][gc             ] GC(1806) Pause Young (Allocation Failure) 140M->3M(495M) 0.467ms
[29.377s][info ][gc,cpu         ] GC(1806) User=0.01s Sys=0.00s Real=0.00s
[29.386s][info ][gc,start       ] GC(1807) Pause Young (Allocation Failure)
[29.386s][info ][gc,task        ] GC(1807) Using 9 workers of 9 for evacuation
[29.387s][debug][gc,age         ] GC(1807) Desired survivor size 8945664 bytes, new threshold 6 (max threshold 6)
[29.387s][trace][gc,age         ] GC(1807) Age table with threshold 6 (max threshold 6)
[29.387s][trace][gc,age         ] GC(1807) - age   1:     400208 bytes,     400208 total
[29.387s][info ][gc,heap        ] GC(1807) ParNew: 139839K->398K(157376K)
[29.387s][info ][gc,heap        ] GC(1807) CMS: 3754K->3754K(349568K)
[29.387s][info ][gc,metaspace   ] GC(1807) Metaspace: 16026K(16640K)->16026K(16640K) NonClass: 14285K(14592K)->14285K(14592K) Class: 1740K(2048K)->1740K(2048K)
[29.387s][info ][gc             ] GC(1807) Pause Young (Allocation Failure) 140M->4M(495M) 0.434ms
[29.387s][info ][gc,cpu         ] GC(1807) User=0.00s Sys=0.00s Real=0.00s
[29.396s][info ][gc,start       ] GC(1808) Pause Young (Allocation Failure)
[29.396s][info ][gc,task        ] GC(1808) Using 9 workers of 9 for evacuation
[29.397s][debug][gc,age         ] GC(1808) Desired survivor size 8945664 bytes, new threshold 6 (max threshold 6)
[29.397s][trace][gc,age         ] GC(1808) Age table with threshold 6 (max threshold 6)
[29.397s][trace][gc,age         ] GC(1808) - age   1:     400208 bytes,     400208 total
[29.397s][info ][gc,heap        ] GC(1808) ParNew: 139995K->398K(157376K)
[29.397s][info ][gc,heap        ] GC(1808) CMS: 3754K->3754K(349568K)
[29.397s][info ][gc,metaspace   ] GC(1808) Metaspace: 16026K(16640K)->16026K(16640K) NonClass: 14285K(14592K)->14285K(14592K) Class: 1740K(2048K)->1740K(2048K)
[29.397s][info ][gc             ] GC(1808) Pause Young (Allocation Failure) 140M->4M(495M) 0.440ms
[29.397s][info ][gc,cpu         ] GC(1808) User=0.00s Sys=0.00s Real=0.00s
[29.406s][info ][gc,start       ] GC(1809) Pause Young (Allocation Failure)
[29.406s][info ][gc,task        ] GC(1809) Using 9 workers of 9 for evacuation
[29.407s][debug][gc,age         ] GC(1809) Desired survivor size 8945664 bytes, new threshold 6 (max threshold 6)
[29.407s][trace][gc,age         ] GC(1809) Age table with threshold 6 (max threshold 6)
[29.407s][trace][gc,age         ] GC(1809) - age   1:        192 bytes,        192 total
[29.407s][info ][gc,heap        ] GC(1809) ParNew: 140114K->6K(157376K)
[29.407s][info ][gc,heap        ] GC(1809) CMS: 3754K->3754K(349568K)
[29.407s][info ][gc,metaspace   ] GC(1809) Metaspace: 16026K(16640K)->16026K(16640K) NonClass: 14285K(14592K)->14285K(14592K) Class: 1740K(2048K)->1740K(2048K)
[29.407s][info ][gc             ] GC(1809) Pause Young (Allocation Failure) 140M->3M(495M) 0.455ms
[29.407s][info ][gc,cpu         ] GC(1809) User=0.00s Sys=0.00s Real=0.00s
[29.416s][info ][gc,start       ] GC(1810) Pause Young (Allocation Failure)
[29.416s][info ][gc,task        ] GC(1810) Using 9 workers of 9 for evacuation
[29.417s][debug][gc,age         ] GC(1810) Desired survivor size 8945664 bytes, new threshold 6 (max threshold 6)
[29.417s][trace][gc,age         ] GC(1810) Age table with threshold 6 (max threshold 6)
[29.417s][trace][gc,age         ] GC(1810) - age   1:        192 bytes,        192 total
[29.417s][info ][gc,heap        ] GC(1810) ParNew: 139798K->4K(157376K)
[29.417s][info ][gc,heap        ] GC(1810) CMS: 3754K->3754K(349568K)
[29.417s][info ][gc,metaspace   ] GC(1810) Metaspace: 16026K(16640K)->16026K(16640K) NonClass: 14285K(14592K)->14285K(14592K) Class: 1740K(2048K)->1740K(2048K)
[29.417s][info ][gc             ] GC(1810) Pause Young (Allocation Failure) 140M->3M(495M) 0.477ms
[29.417s][info ][gc,cpu         ] GC(1810) User=0.00s Sys=0.00s Real=0.00s
[29.426s][info ][gc,start       ] GC(1811) Pause Young (Allocation Failure)
[29.426s][info ][gc,task        ] GC(1811) Using 9 workers of 9 for evacuation
[29.427s][debug][gc,age         ] GC(1811) Desired survivor size 8945664 bytes, new threshold 6 (max threshold 6)
[29.427s][trace][gc,age         ] GC(1811) Age table with threshold 6 (max threshold 6)
[29.427s][trace][gc,age         ] GC(1811) - age   1:     400208 bytes,     400208 total
[29.427s][info ][gc,heap        ] GC(1811) ParNew: 139608K->396K(157376K)
[29.427s][info ][gc,heap        ] GC(1811) CMS: 3754K->3754K(349568K)
[29.427s][info ][gc,metaspace   ] GC(1811) Metaspace: 16026K(16640K)->16026K(16640K) NonClass: 14285K(14592K)->14285K(14592K) Class: 1740K(2048K)->1740K(2048K)
[29.427s][info ][gc             ] GC(1811) Pause Young (Allocation Failure) 140M->4M(495M) 0.448ms
[29.427s][info ][gc,cpu         ] GC(1811) User=0.00s Sys=0.00s Real=0.00s
[29.436s][info ][gc,start       ] GC(1812) Pause Young (Allocation Failure)
[29.436s][info ][gc,task        ] GC(1812) Using 9 workers of 9 for evacuation
[29.439s][debug][gc,age         ] GC(1812) Desired survivor size 8945664 bytes, new threshold 6 (max threshold 6)
[29.439s][trace][gc,age         ] GC(1812) Age table with threshold 6 (max threshold 6)
[29.439s][trace][gc,age         ] GC(1812) - age   1:        192 bytes,        192 total
[29.439s][info ][gc,heap        ] GC(1812) ParNew: 139945K->6K(157376K)
[29.439s][info ][gc,heap        ] GC(1812) CMS: 3754K->3754K(349568K)
[29.439s][info ][gc,metaspace   ] GC(1812) Metaspace: 16026K(16640K)->16026K(16640K) NonClass: 14285K(14592K)->14285K(14592K) Class: 1740K(2048K)->1740K(2048K)
[29.439s][info ][gc             ] GC(1812) Pause Young (Allocation Failure) 140M->3M(495M) 2.677ms
[29.439s][info ][gc,cpu         ] GC(1812) User=0.02s Sys=0.00s Real=0.00s
[29.448s][info ][gc,start       ] GC(1813) Pause Young (Allocation Failure)
[29.448s][info ][gc,task        ] GC(1813) Using 9 workers of 9 for evacuation
[29.449s][debug][gc,age         ] GC(1813) Desired survivor size 8945664 bytes, new threshold 6 (max threshold 6)
[29.449s][trace][gc,age         ] GC(1813) Age table with threshold 6 (max threshold 6)
[29.449s][trace][gc,age         ] GC(1813) - age   1:     400208 bytes,     400208 total
[29.449s][info ][gc,heap        ] GC(1813) ParNew: 139853K->394K(157376K)
[29.449s][info ][gc,heap        ] GC(1813) CMS: 3754K->3754K(349568K)
[29.449s][info ][gc,metaspace   ] GC(1813) Metaspace: 16026K(16640K)->16026K(16640K) NonClass: 14285K(14592K)->14285K(14592K) Class: 1740K(2048K)->1740K(2048K)
[29.449s][info ][gc             ] GC(1813) Pause Young (Allocation Failure) 140M->4M(495M) 0.854ms
[29.449s][info ][gc,cpu         ] GC(1813) User=0.00s Sys=0.00s Real=0.01s
[29.459s][info ][gc,start       ] GC(1814) Pause Young (Allocation Failure)
[29.459s][info ][gc,task        ] GC(1814) Using 9 workers of 9 for evacuation
[29.459s][debug][gc,age         ] GC(1814) Desired survivor size 8945664 bytes, new threshold 6 (max threshold 6)
[29.459s][trace][gc,age         ] GC(1814) Age table with threshold 6 (max threshold 6)
[29.459s][trace][gc,age         ] GC(1814) - age   1:     400208 bytes,     400208 total
[29.459s][info ][gc,heap        ] GC(1814) ParNew: 140265K->394K(157376K)
[29.459s][info ][gc,heap        ] GC(1814) CMS: 3754K->3754K(349568K)
[29.459s][info ][gc,metaspace   ] GC(1814) Metaspace: 16026K(16640K)->16026K(16640K) NonClass: 14285K(14592K)->14285K(14592K) Class: 1740K(2048K)->1740K(2048K)
[29.459s][info ][gc             ] GC(1814) Pause Young (Allocation Failure) 140M->4M(495M) 0.451ms
[29.459s][info ][gc,cpu         ] GC(1814) User=0.00s Sys=0.00s Real=0.01s
[29.469s][info ][gc,start       ] GC(1815) Pause Young (Allocation Failure)
[29.469s][info ][gc,task        ] GC(1815) Using 9 workers of 9 for evacuation
[29.469s][debug][gc,age         ] GC(1815) Desired survivor size 8945664 bytes, new threshold 6 (max threshold 6)
[29.469s][trace][gc,age         ] GC(1815) Age table with threshold 6 (max threshold 6)
[29.469s][trace][gc,age         ] GC(1815) - age   1:        192 bytes,        192 total
[29.469s][info ][gc,heap        ] GC(1815) ParNew: 140146K->6K(157376K)
[29.469s][info ][gc,heap        ] GC(1815) CMS: 3754K->3754K(349568K)
[29.469s][info ][gc,metaspace   ] GC(1815) Metaspace: 16026K(16640K)->16026K(16640K) NonClass: 14285K(14592K)->14285K(14592K) Class: 1740K(2048K)->1740K(2048K)
[29.469s][info ][gc             ] GC(1815) Pause Young (Allocation Failure) 140M->3M(495M) 0.462ms
[29.469s][info ][gc,cpu         ] GC(1815) User=0.01s Sys=0.01s Real=0.01s
[29.479s][info ][gc,start       ] GC(1816) Pause Young (Allocation Failure)
[29.479s][info ][gc,task        ] GC(1816) Using 9 workers of 9 for evacuation
[29.479s][debug][gc,age         ] GC(1816) Desired survivor size 8945664 bytes, new threshold 6 (max threshold 6)
[29.479s][trace][gc,age         ] GC(1816) Age table with threshold 6 (max threshold 6)
[29.479s][trace][gc,age         ] GC(1816) - age   1:     400208 bytes,     400208 total
[29.479s][info ][gc,heap        ] GC(1816) ParNew: 139838K->398K(157376K)
[29.479s][info ][gc,heap        ] GC(1816) CMS: 3754K->3754K(349568K)
[29.479s][info ][gc,metaspace   ] GC(1816) Metaspace: 16026K(16640K)->16026K(16640K) NonClass: 14285K(14592K)->14285K(14592K) Class: 1740K(2048K)->1740K(2048K)
[29.479s][info ][gc             ] GC(1816) Pause Young (Allocation Failure) 140M->4M(495M) 0.457ms
[29.479s][info ][gc,cpu         ] GC(1816) User=0.01s Sys=0.00s Real=0.01s
[29.489s][info ][gc,start       ] GC(1817) Pause Young (Allocation Failure)
[29.489s][info ][gc,task        ] GC(1817) Using 9 workers of 9 for evacuation
[29.489s][debug][gc,age         ] GC(1817) Desired survivor size 8945664 bytes, new threshold 6 (max threshold 6)
[29.489s][trace][gc,age         ] GC(1817) Age table with threshold 6 (max threshold 6)
[29.489s][trace][gc,age         ] GC(1817) - age   1:        192 bytes,        192 total
[29.489s][info ][gc,heap        ] GC(1817) ParNew: 140173K->4K(157376K)
[29.489s][info ][gc,heap        ] GC(1817) CMS: 3754K->3754K(349568K)
[29.489s][info ][gc,metaspace   ] GC(1817) Metaspace: 16026K(16640K)->16026K(16640K) NonClass: 14285K(14592K)->14285K(14592K) Class: 1740K(2048K)->1740K(2048K)
[29.489s][info ][gc             ] GC(1817) Pause Young (Allocation Failure) 140M->3M(495M) 0.370ms
[29.489s][info ][gc,cpu         ] GC(1817) User=0.00s Sys=0.00s Real=0.01s
[29.498s][info ][gc,start       ] GC(1818) Pause Young (Allocation Failure)
[29.499s][info ][gc,task        ] GC(1818) Using 9 workers of 9 for evacuation
[29.499s][debug][gc,age         ] GC(1818) Desired survivor size 8945664 bytes, new threshold 6 (max threshold 6)
[29.499s][trace][gc,age         ] GC(1818) Age table with threshold 6 (max threshold 6)
[29.499s][trace][gc,age         ] GC(1818) - age   1:        192 bytes,        192 total
[29.499s][info ][gc,heap        ] GC(1818) ParNew: 139645K->4K(157376K)
[29.499s][info ][gc,heap        ] GC(1818) CMS: 3754K->3754K(349568K)
[29.499s][info ][gc,metaspace   ] GC(1818) Metaspace: 16026K(16640K)->16026K(16640K) NonClass: 14285K(14592K)->14285K(14592K) Class: 1740K(2048K)->1740K(2048K)
[29.499s][info ][gc             ] GC(1818) Pause Young (Allocation Failure) 140M->3M(495M) 0.465ms
[29.499s][info ][gc,cpu         ] GC(1818) User=0.00s Sys=0.00s Real=0.01s
[29.508s][info ][gc,start       ] GC(1819) Pause Young (Allocation Failure)
[29.509s][info ][gc,task        ] GC(1819) Using 9 workers of 9 for evacuation
[29.509s][debug][gc,age         ] GC(1819) Desired survivor size 8945664 bytes, new threshold 6 (max threshold 6)
[29.509s][trace][gc,age         ] GC(1819) Age table with threshold 6 (max threshold 6)
[29.509s][trace][gc,age         ] GC(1819) - age   1:        192 bytes,        192 total
[29.509s][info ][gc,heap        ] GC(1819) ParNew: 139651K->4K(157376K)
[29.509s][info ][gc,heap        ] GC(1819) CMS: 3754K->3754K(349568K)
[29.509s][info ][gc,metaspace   ] GC(1819) Metaspace: 16026K(16640K)->16026K(16640K) NonClass: 14285K(14592K)->14285K(14592K) Class: 1740K(2048K)->1740K(2048K)
[29.509s][info ][gc             ] GC(1819) Pause Young (Allocation Failure) 140M->3M(495M) 0.449ms
[29.509s][info ][gc,cpu         ] GC(1819) User=0.00s Sys=0.00s Real=0.01s
[29.518s][info ][gc,start       ] GC(1820) Pause Young (Allocation Failure)
[29.518s][info ][gc,task        ] GC(1820) Using 9 workers of 9 for evacuation
[29.519s][debug][gc,age         ] GC(1820) Desired survivor size 8945664 bytes, new threshold 6 (max threshold 6)
[29.519s][trace][gc,age         ] GC(1820) Age table with threshold 6 (max threshold 6)
[29.519s][trace][gc,age         ] GC(1820) - age   1:        192 bytes,        192 total
[29.519s][info ][gc,heap        ] GC(1820) ParNew: 139610K->6K(157376K)
[29.519s][info ][gc,heap        ] GC(1820) CMS: 3754K->3754K(349568K)
[29.519s][info ][gc,metaspace   ] GC(1820) Metaspace: 16026K(16640K)->16026K(16640K) NonClass: 14285K(14592K)->14285K(14592K) Class: 1740K(2048K)->1740K(2048K)
[29.519s][info ][gc             ] GC(1820) Pause Young (Allocation Failure) 140M->3M(495M) 0.469ms
[29.519s][info ][gc,cpu         ] GC(1820) User=0.00s Sys=0.00s Real=0.01s
[29.528s][info ][gc,start       ] GC(1821) Pause Young (Allocation Failure)
[29.528s][info ][gc,task        ] GC(1821) Using 9 workers of 9 for evacuation
[29.529s][debug][gc,age         ] GC(1821) Desired survivor size 8945664 bytes, new threshold 6 (max threshold 6)
[29.529s][trace][gc,age         ] GC(1821) Age table with threshold 6 (max threshold 6)
[29.529s][trace][gc,age         ] GC(1821) - age   1:        192 bytes,        192 total
[29.529s][info ][gc,heap        ] GC(1821) ParNew: 139800K->4K(157376K)
[29.529s][info ][gc,heap        ] GC(1821) CMS: 3754K->3754K(349568K)
[29.529s][info ][gc,metaspace   ] GC(1821) Metaspace: 16026K(16640K)->16026K(16640K) NonClass: 14285K(14592K)->14285K(14592K) Class: 1740K(2048K)->1740K(2048K)
[29.529s][info ][gc             ] GC(1821) Pause Young (Allocation Failure) 140M->3M(495M) 0.388ms
[29.529s][info ][gc,cpu         ] GC(1821) User=0.00s Sys=0.00s Real=0.01s
[29.538s][info ][gc,start       ] GC(1822) Pause Young (Allocation Failure)
[29.538s][info ][gc,task        ] GC(1822) Using 9 workers of 9 for evacuation
[29.539s][debug][gc,age         ] GC(1822) Desired survivor size 8945664 bytes, new threshold 6 (max threshold 6)
[29.539s][trace][gc,age         ] GC(1822) Age table with threshold 6 (max threshold 6)
[29.539s][trace][gc,age         ] GC(1822) - age   1:        192 bytes,        192 total
[29.539s][info ][gc,heap        ] GC(1822) ParNew: 139780K->6K(157376K)
[29.539s][info ][gc,heap        ] GC(1822) CMS: 3754K->3754K(349568K)
[29.539s][info ][gc,metaspace   ] GC(1822) Metaspace: 16026K(16640K)->16026K(16640K) NonClass: 14285K(14592K)->14285K(14592K) Class: 1740K(2048K)->1740K(2048K)
[29.539s][info ][gc             ] GC(1822) Pause Young (Allocation Failure) 140M->3M(495M) 0.369ms
[29.539s][info ][gc,cpu         ] GC(1822) User=0.00s Sys=0.00s Real=0.01s
[29.548s][info ][gc,start       ] GC(1823) Pause Young (Allocation Failure)
[29.548s][info ][gc,task        ] GC(1823) Using 9 workers of 9 for evacuation
[29.549s][debug][gc,age         ] GC(1823) Desired survivor size 8945664 bytes, new threshold 6 (max threshold 6)
[29.549s][trace][gc,age         ] GC(1823) Age table with threshold 6 (max threshold 6)
[29.549s][trace][gc,age         ] GC(1823) - age   1:     400208 bytes,     400208 total
[29.549s][info ][gc,heap        ] GC(1823) ParNew: 139901K->396K(157376K)
[29.549s][info ][gc,heap        ] GC(1823) CMS: 3754K->3754K(349568K)
[29.549s][info ][gc,metaspace   ] GC(1823) Metaspace: 16026K(16640K)->16026K(16640K) NonClass: 14285K(14592K)->14285K(14592K) Class: 1740K(2048K)->1740K(2048K)
[29.549s][info ][gc             ] GC(1823) Pause Young (Allocation Failure) 140M->4M(495M) 0.453ms
[29.549s][info ][gc,cpu         ] GC(1823) User=0.00s Sys=0.00s Real=0.01s
[29.558s][info ][gc,start       ] GC(1824) Pause Young (Allocation Failure)
[29.558s][info ][gc,task        ] GC(1824) Using 9 workers of 9 for evacuation
[29.559s][debug][gc,age         ] GC(1824) Desired survivor size 8945664 bytes, new threshold 6 (max threshold 6)
[29.559s][trace][gc,age         ] GC(1824) Age table with threshold 6 (max threshold 6)
[29.559s][trace][gc,age         ] GC(1824) - age   1:     400208 bytes,     400208 total
[29.559s][info ][gc,heap        ] GC(1824) ParNew: 140115K->398K(157376K)
[29.559s][info ][gc,heap        ] GC(1824) CMS: 3754K->3754K(349568K)
[29.559s][info ][gc,metaspace   ] GC(1824) Metaspace: 16026K(16640K)->16026K(16640K) NonClass: 14285K(14592K)->14285K(14592K) Class: 1740K(2048K)->1740K(2048K)
[29.559s][info ][gc             ] GC(1824) Pause Young (Allocation Failure) 140M->4M(495M) 0.428ms
[29.559s][info ][gc,cpu         ] GC(1824) User=0.01s Sys=0.00s Real=0.01s
[29.568s][info ][gc,start       ] GC(1825) Pause Young (Allocation Failure)
[29.568s][info ][gc,task        ] GC(1825) Using 9 workers of 9 for evacuation
[29.569s][debug][gc,age         ] GC(1825) Desired survivor size 8945664 bytes, new threshold 6 (max threshold 6)
[29.569s][trace][gc,age         ] GC(1825) Age table with threshold 6 (max threshold 6)
[29.569s][trace][gc,age         ] GC(1825) - age   1:     400208 bytes,     400208 total
[29.569s][info ][gc,heap        ] GC(1825) ParNew: 140171K->398K(157376K)
[29.569s][info ][gc,heap        ] GC(1825) CMS: 3754K->3754K(349568K)
[29.569s][info ][gc,metaspace   ] GC(1825) Metaspace: 16026K(16640K)->16026K(16640K) NonClass: 14285K(14592K)->14285K(14592K) Class: 1740K(2048K)->1740K(2048K)
[29.569s][info ][gc             ] GC(1825) Pause Young (Allocation Failure) 140M->4M(495M) 0.489ms
[29.569s][info ][gc,cpu         ] GC(1825) User=0.01s Sys=0.00s Real=0.01s
[29.578s][info ][gc,start       ] GC(1826) Pause Young (Allocation Failure)
[29.578s][info ][gc,task        ] GC(1826) Using 9 workers of 9 for evacuation
[29.579s][debug][gc,age         ] GC(1826) Desired survivor size 8945664 bytes, new threshold 6 (max threshold 6)
[29.579s][trace][gc,age         ] GC(1826) Age table with threshold 6 (max threshold 6)
[29.579s][trace][gc,age         ] GC(1826) - age   1:     400208 bytes,     400208 total
[29.579s][info ][gc,heap        ] GC(1826) ParNew: 139991K->394K(157376K)
[29.579s][info ][gc,heap        ] GC(1826) CMS: 3754K->3754K(349568K)
[29.579s][info ][gc,metaspace   ] GC(1826) Metaspace: 16026K(16640K)->16026K(16640K) NonClass: 14285K(14592K)->14285K(14592K) Class: 1740K(2048K)->1740K(2048K)
[29.579s][info ][gc             ] GC(1826) Pause Young (Allocation Failure) 140M->4M(495M) 0.684ms
[29.579s][info ][gc,cpu         ] GC(1826) User=0.00s Sys=0.00s Real=0.01s
[29.589s][info ][gc,start       ] GC(1827) Pause Young (Allocation Failure)
[29.589s][info ][gc,task        ] GC(1827) Using 9 workers of 9 for evacuation
[29.589s][debug][gc,age         ] GC(1827) Desired survivor size 8945664 bytes, new threshold 6 (max threshold 6)
[29.589s][trace][gc,age         ] GC(1827) Age table with threshold 6 (max threshold 6)
[29.589s][trace][gc,age         ] GC(1827) - age   1:     400208 bytes,     400208 total
[29.589s][info ][gc,heap        ] GC(1827) ParNew: 140145K->396K(157376K)
[29.589s][info ][gc,heap        ] GC(1827) CMS: 3754K->3754K(349568K)
[29.589s][info ][gc,metaspace   ] GC(1827) Metaspace: 16026K(16640K)->16026K(16640K) NonClass: 14285K(14592K)->14285K(14592K) Class: 1740K(2048K)->1740K(2048K)
[29.589s][info ][gc             ] GC(1827) Pause Young (Allocation Failure) 140M->4M(495M) 0.645ms
[29.589s][info ][gc,cpu         ] GC(1827) User=0.00s Sys=0.00s Real=0.01s
[29.599s][info ][gc,start       ] GC(1828) Pause Young (Allocation Failure)
[29.599s][info ][gc,task        ] GC(1828) Using 9 workers of 9 for evacuation
[29.599s][debug][gc,age         ] GC(1828) Desired survivor size 8945664 bytes, new threshold 6 (max threshold 6)
[29.599s][trace][gc,age         ] GC(1828) Age table with threshold 6 (max threshold 6)
[29.599s][trace][gc,age         ] GC(1828) - age   1:     400208 bytes,     400208 total
[29.599s][info ][gc,heap        ] GC(1828) ParNew: 139915K->394K(157376K)
[29.599s][info ][gc,heap        ] GC(1828) CMS: 3754K->3754K(349568K)
[29.599s][info ][gc,metaspace   ] GC(1828) Metaspace: 16026K(16640K)->16026K(16640K) NonClass: 14285K(14592K)->14285K(14592K) Class: 1740K(2048K)->1740K(2048K)
[29.599s][info ][gc             ] GC(1828) Pause Young (Allocation Failure) 140M->4M(495M) 0.360ms
[29.599s][info ][gc,cpu         ] GC(1828) User=0.00s Sys=0.00s Real=0.00s
[29.609s][info ][gc,start       ] GC(1829) Pause Young (Allocation Failure)
[29.609s][info ][gc,task        ] GC(1829) Using 9 workers of 9 for evacuation
[29.609s][debug][gc,age         ] GC(1829) Desired survivor size 8945664 bytes, new threshold 6 (max threshold 6)
[29.609s][trace][gc,age         ] GC(1829) Age table with threshold 6 (max threshold 6)
[29.609s][trace][gc,age         ] GC(1829) - age   1:     400208 bytes,     400208 total
[29.609s][info ][gc,heap        ] GC(1829) ParNew: 140264K->394K(157376K)
[29.609s][info ][gc,heap        ] GC(1829) CMS: 3754K->3754K(349568K)
[29.609s][info ][gc,metaspace   ] GC(1829) Metaspace: 16026K(16640K)->16026K(16640K) NonClass: 14285K(14592K)->14285K(14592K) Class: 1740K(2048K)->1740K(2048K)
[29.609s][info ][gc             ] GC(1829) Pause Young (Allocation Failure) 140M->4M(495M) 0.424ms
[29.609s][info ][gc,cpu         ] GC(1829) User=0.00s Sys=0.00s Real=0.01s
[29.619s][info ][gc,start       ] GC(1830) Pause Young (Allocation Failure)
[29.619s][info ][gc,task        ] GC(1830) Using 9 workers of 9 for evacuation
[29.619s][debug][gc,age         ] GC(1830) Desired survivor size 8945664 bytes, new threshold 6 (max threshold 6)
[29.619s][trace][gc,age         ] GC(1830) Age table with threshold 6 (max threshold 6)
[29.619s][trace][gc,age         ] GC(1830) - age   1:     400208 bytes,     400208 total
[29.619s][info ][gc,heap        ] GC(1830) ParNew: 139981K->396K(157376K)
[29.619s][info ][gc,heap        ] GC(1830) CMS: 3754K->3754K(349568K)
[29.619s][info ][gc,metaspace   ] GC(1830) Metaspace: 16026K(16640K)->16026K(16640K) NonClass: 14285K(14592K)->14285K(14592K) Class: 1740K(2048K)->1740K(2048K)
[29.619s][info ][gc             ] GC(1830) Pause Young (Allocation Failure) 140M->4M(495M) 0.435ms
[29.619s][info ][gc,cpu         ] GC(1830) User=0.01s Sys=0.00s Real=0.01s
[29.629s][info ][gc,start       ] GC(1831) Pause Young (Allocation Failure)
[29.629s][info ][gc,task        ] GC(1831) Using 9 workers of 9 for evacuation
[29.629s][debug][gc,age         ] GC(1831) Desired survivor size 8945664 bytes, new threshold 6 (max threshold 6)
[29.629s][trace][gc,age         ] GC(1831) Age table with threshold 6 (max threshold 6)
[29.629s][trace][gc,age         ] GC(1831) - age   1:        192 bytes,        192 total
[29.629s][info ][gc,heap        ] GC(1831) ParNew: 140245K->6K(157376K)
[29.629s][info ][gc,heap        ] GC(1831) CMS: 3754K->3754K(349568K)
[29.629s][info ][gc,metaspace   ] GC(1831) Metaspace: 16026K(16640K)->16026K(16640K) NonClass: 14285K(14592K)->14285K(14592K) Class: 1740K(2048K)->1740K(2048K)
[29.629s][info ][gc             ] GC(1831) Pause Young (Allocation Failure) 140M->3M(495M) 0.463ms
[29.629s][info ][gc,cpu         ] GC(1831) User=0.01s Sys=0.00s Real=0.01s
[29.639s][info ][gc,start       ] GC(1832) Pause Young (Allocation Failure)
[29.639s][info ][gc,task        ] GC(1832) Using 9 workers of 9 for evacuation
[29.639s][debug][gc,age         ] GC(1832) Desired survivor size 8945664 bytes, new threshold 6 (max threshold 6)
[29.639s][trace][gc,age         ] GC(1832) Age table with threshold 6 (max threshold 6)
[29.639s][trace][gc,age         ] GC(1832) - age   1:     400208 bytes,     400208 total
[29.639s][info ][gc,heap        ] GC(1832) ParNew: 139741K->398K(157376K)
[29.639s][info ][gc,heap        ] GC(1832) CMS: 3754K->3754K(349568K)
[29.639s][info ][gc,metaspace   ] GC(1832) Metaspace: 16026K(16640K)->16026K(16640K) NonClass: 14285K(14592K)->14285K(14592K) Class: 1740K(2048K)->1740K(2048K)
[29.639s][info ][gc             ] GC(1832) Pause Young (Allocation Failure) 140M->4M(495M) 0.637ms
[29.639s][info ][gc,cpu         ] GC(1832) User=0.00s Sys=0.00s Real=0.01s
[29.649s][info ][gc,start       ] GC(1833) Pause Young (Allocation Failure)
[29.649s][info ][gc,task        ] GC(1833) Using 9 workers of 9 for evacuation
[29.649s][debug][gc,age         ] GC(1833) Desired survivor size 8945664 bytes, new threshold 6 (max threshold 6)
[29.649s][trace][gc,age         ] GC(1833) Age table with threshold 6 (max threshold 6)
[29.649s][trace][gc,age         ] GC(1833) - age   1:     400208 bytes,     400208 total
[29.649s][info ][gc,heap        ] GC(1833) ParNew: 140269K->396K(157376K)
[29.649s][info ][gc,heap        ] GC(1833) CMS: 3754K->3754K(349568K)
[29.649s][info ][gc,metaspace   ] GC(1833) Metaspace: 16026K(16640K)->16026K(16640K) NonClass: 14285K(14592K)->14285K(14592K) Class: 1740K(2048K)->1740K(2048K)
[29.649s][info ][gc             ] GC(1833) Pause Young (Allocation Failure) 140M->4M(495M) 0.414ms
[29.649s][info ][gc,cpu         ] GC(1833) User=0.00s Sys=0.00s Real=0.00s
[29.659s][info ][gc,start       ] GC(1834) Pause Young (Allocation Failure)
[29.659s][info ][gc,task        ] GC(1834) Using 9 workers of 9 for evacuation
[29.659s][debug][gc,age         ] GC(1834) Desired survivor size 8945664 bytes, new threshold 6 (max threshold 6)
[29.659s][trace][gc,age         ] GC(1834) Age table with threshold 6 (max threshold 6)
[29.659s][trace][gc,age         ] GC(1834) - age   1:        192 bytes,        192 total
[29.659s][info ][gc,heap        ] GC(1834) ParNew: 140300K->4K(157376K)
[29.659s][info ][gc,heap        ] GC(1834) CMS: 3754K->3754K(349568K)
[29.659s][info ][gc,metaspace   ] GC(1834) Metaspace: 16026K(16640K)->16026K(16640K) NonClass: 14285K(14592K)->14285K(14592K) Class: 1740K(2048K)->1740K(2048K)
[29.659s][info ][gc             ] GC(1834) Pause Young (Allocation Failure) 140M->3M(495M) 0.350ms
[29.659s][info ][gc,cpu         ] GC(1834) User=0.00s Sys=0.00s Real=0.00s
[29.669s][info ][gc,start       ] GC(1835) Pause Young (Allocation Failure)
[29.669s][info ][gc,task        ] GC(1835) Using 9 workers of 9 for evacuation
[29.669s][debug][gc,age         ] GC(1835) Desired survivor size 8945664 bytes, new threshold 6 (max threshold 6)
[29.669s][trace][gc,age         ] GC(1835) Age table with threshold 6 (max threshold 6)
[29.669s][trace][gc,age         ] GC(1835) - age   1:        192 bytes,        192 total
[29.669s][info ][gc,heap        ] GC(1835) ParNew: 139897K->4K(157376K)
[29.669s][info ][gc,heap        ] GC(1835) CMS: 3754K->3754K(349568K)
[29.669s][info ][gc,metaspace   ] GC(1835) Metaspace: 16026K(16640K)->16026K(16640K) NonClass: 14285K(14592K)->14285K(14592K) Class: 1740K(2048K)->1740K(2048K)
[29.669s][info ][gc             ] GC(1835) Pause Young (Allocation Failure) 140M->3M(495M) 0.422ms
[29.669s][info ][gc,cpu         ] GC(1835) User=0.00s Sys=0.00s Real=0.00s
[29.679s][info ][gc,start       ] GC(1836) Pause Young (Allocation Failure)
[29.679s][info ][gc,task        ] GC(1836) Using 9 workers of 9 for evacuation
[29.684s][debug][gc,age         ] GC(1836) Desired survivor size 8945664 bytes, new threshold 6 (max threshold 6)
[29.684s][trace][gc,age         ] GC(1836) Age table with threshold 6 (max threshold 6)
[29.684s][trace][gc,age         ] GC(1836) - age   1:        192 bytes,        192 total
[29.684s][info ][gc,heap        ] GC(1836) ParNew: 139893K->6K(157376K)
[29.684s][info ][gc,heap        ] GC(1836) CMS: 3754K->3754K(349568K)
[29.684s][info ][gc,metaspace   ] GC(1836) Metaspace: 16026K(16640K)->16026K(16640K) NonClass: 14285K(14592K)->14285K(14592K) Class: 1740K(2048K)->1740K(2048K)
[29.684s][info ][gc             ] GC(1836) Pause Young (Allocation Failure) 140M->3M(495M) 4.869ms
[29.684s][info ][gc,cpu         ] GC(1836) User=0.00s Sys=0.00s Real=0.00s
[29.694s][info ][gc,start       ] GC(1837) Pause Young (Allocation Failure)
[29.694s][info ][gc,task        ] GC(1837) Using 9 workers of 9 for evacuation
[29.695s][debug][gc,age         ] GC(1837) Desired survivor size 8945664 bytes, new threshold 6 (max threshold 6)
[29.695s][trace][gc,age         ] GC(1837) Age table with threshold 6 (max threshold 6)
[29.695s][trace][gc,age         ] GC(1837) - age   1:     400208 bytes,     400208 total
[29.695s][info ][gc,heap        ] GC(1837) ParNew: 139884K->398K(157376K)
[29.695s][info ][gc,heap        ] GC(1837) CMS: 3754K->3754K(349568K)
[29.695s][info ][gc,metaspace   ] GC(1837) Metaspace: 16026K(16640K)->16026K(16640K) NonClass: 14285K(14592K)->14285K(14592K) Class: 1740K(2048K)->1740K(2048K)
[29.695s][info ][gc             ] GC(1837) Pause Young (Allocation Failure) 140M->4M(495M) 0.569ms
[29.695s][info ][gc,cpu         ] GC(1837) User=0.01s Sys=0.00s Real=0.00s
[29.704s][info ][gc,start       ] GC(1838) Pause Young (Allocation Failure)
[29.704s][info ][gc,task        ] GC(1838) Using 9 workers of 9 for evacuation
[29.705s][debug][gc,age         ] GC(1838) Desired survivor size 8945664 bytes, new threshold 6 (max threshold 6)
[29.705s][trace][gc,age         ] GC(1838) Age table with threshold 6 (max threshold 6)
[29.705s][trace][gc,age         ] GC(1838) - age   1:        192 bytes,        192 total
[29.705s][info ][gc,heap        ] GC(1838) ParNew: 140297K->6K(157376K)
[29.705s][info ][gc,heap        ] GC(1838) CMS: 3754K->3754K(349568K)
[29.705s][info ][gc,metaspace   ] GC(1838) Metaspace: 16026K(16640K)->16026K(16640K) NonClass: 14285K(14592K)->14285K(14592K) Class: 1740K(2048K)->1740K(2048K)
[29.705s][info ][gc             ] GC(1838) Pause Young (Allocation Failure) 140M->3M(495M) 0.498ms
[29.705s][info ][gc,cpu         ] GC(1838) User=0.00s Sys=0.00s Real=0.00s
[29.714s][info ][gc,start       ] GC(1839) Pause Young (Allocation Failure)
[29.714s][info ][gc,task        ] GC(1839) Using 9 workers of 9 for evacuation
[29.714s][debug][gc,age         ] GC(1839) Desired survivor size 8945664 bytes, new threshold 6 (max threshold 6)
[29.714s][trace][gc,age         ] GC(1839) Age table with threshold 6 (max threshold 6)
[29.714s][trace][gc,age         ] GC(1839) - age   1:        192 bytes,        192 total
[29.714s][info ][gc,heap        ] GC(1839) ParNew: 139631K->8K(157376K)
[29.714s][info ][gc,heap        ] GC(1839) CMS: 3754K->3754K(349568K)
[29.714s][info ][gc,metaspace   ] GC(1839) Metaspace: 16026K(16640K)->16026K(16640K) NonClass: 14285K(14592K)->14285K(14592K) Class: 1740K(2048K)->1740K(2048K)
[29.714s][info ][gc             ] GC(1839) Pause Young (Allocation Failure) 140M->3M(495M) 0.323ms
[29.714s][info ][gc,cpu         ] GC(1839) User=0.00s Sys=0.00s Real=0.00s
[29.724s][info ][gc,start       ] GC(1840) Pause Young (Allocation Failure)
[29.724s][info ][gc,task        ] GC(1840) Using 9 workers of 9 for evacuation
[29.724s][debug][gc,age         ] GC(1840) Desired survivor size 8945664 bytes, new threshold 6 (max threshold 6)
[29.724s][trace][gc,age         ] GC(1840) Age table with threshold 6 (max threshold 6)
[29.724s][trace][gc,age         ] GC(1840) - age   1:     400208 bytes,     400208 total
[29.724s][info ][gc,heap        ] GC(1840) ParNew: 139884K->398K(157376K)
[29.724s][info ][gc,heap        ] GC(1840) CMS: 3754K->3754K(349568K)
[29.724s][info ][gc,metaspace   ] GC(1840) Metaspace: 16026K(16640K)->16026K(16640K) NonClass: 14285K(14592K)->14285K(14592K) Class: 1740K(2048K)->1740K(2048K)
[29.724s][info ][gc             ] GC(1840) Pause Young (Allocation Failure) 140M->4M(495M) 0.432ms
[29.724s][info ][gc,cpu         ] GC(1840) User=0.00s Sys=0.00s Real=0.00s
[29.734s][info ][gc,start       ] GC(1841) Pause Young (Allocation Failure)
[29.734s][info ][gc,task        ] GC(1841) Using 9 workers of 9 for evacuation
[29.734s][debug][gc,age         ] GC(1841) Desired survivor size 8945664 bytes, new threshold 6 (max threshold 6)
[29.734s][trace][gc,age         ] GC(1841) Age table with threshold 6 (max threshold 6)
[29.734s][trace][gc,age         ] GC(1841) - age   1:        192 bytes,        192 total
[29.734s][info ][gc,heap        ] GC(1841) ParNew: 140106K->6K(157376K)
[29.734s][info ][gc,heap        ] GC(1841) CMS: 3754K->3754K(349568K)
[29.734s][info ][gc,metaspace   ] GC(1841) Metaspace: 16026K(16640K)->16026K(16640K) NonClass: 14285K(14592K)->14285K(14592K) Class: 1740K(2048K)->1740K(2048K)
[29.734s][info ][gc             ] GC(1841) Pause Young (Allocation Failure) 140M->3M(495M) 0.448ms
[29.734s][info ][gc,cpu         ] GC(1841) User=0.00s Sys=0.00s Real=0.00s
[29.744s][info ][gc,start       ] GC(1842) Pause Young (Allocation Failure)
[29.744s][info ][gc,task        ] GC(1842) Using 9 workers of 9 for evacuation
[29.745s][debug][gc,age         ] GC(1842) Desired survivor size 8945664 bytes, new threshold 6 (max threshold 6)
[29.745s][trace][gc,age         ] GC(1842) Age table with threshold 6 (max threshold 6)
[29.745s][trace][gc,age         ] GC(1842) - age   1:        192 bytes,        192 total
[29.745s][info ][gc,heap        ] GC(1842) ParNew: 139770K->4K(157376K)
[29.745s][info ][gc,heap        ] GC(1842) CMS: 3754K->3754K(349568K)
[29.745s][info ][gc,metaspace   ] GC(1842) Metaspace: 16026K(16640K)->16026K(16640K) NonClass: 14285K(14592K)->14285K(14592K) Class: 1740K(2048K)->1740K(2048K)
[29.745s][info ][gc             ] GC(1842) Pause Young (Allocation Failure) 140M->3M(495M) 1.026ms
[29.745s][info ][gc,cpu         ] GC(1842) User=0.00s Sys=0.00s Real=0.00s
[29.754s][info ][gc,start       ] GC(1843) Pause Young (Allocation Failure)
[29.754s][info ][gc,task        ] GC(1843) Using 9 workers of 9 for evacuation
[29.755s][debug][gc,age         ] GC(1843) Desired survivor size 8945664 bytes, new threshold 6 (max threshold 6)
[29.755s][trace][gc,age         ] GC(1843) Age table with threshold 6 (max threshold 6)
[29.755s][trace][gc,age         ] GC(1843) - age   1:        192 bytes,        192 total
[29.755s][info ][gc,heap        ] GC(1843) ParNew: 139862K->6K(157376K)
[29.755s][info ][gc,heap        ] GC(1843) CMS: 3754K->3754K(349568K)
[29.755s][info ][gc,metaspace   ] GC(1843) Metaspace: 16026K(16640K)->16026K(16640K) NonClass: 14285K(14592K)->14285K(14592K) Class: 1740K(2048K)->1740K(2048K)
[29.755s][info ][gc             ] GC(1843) Pause Young (Allocation Failure) 140M->3M(495M) 0.493ms
[29.755s][info ][gc,cpu         ] GC(1843) User=0.00s Sys=0.00s Real=0.00s
[29.764s][info ][gc,start       ] GC(1844) Pause Young (Allocation Failure)
[29.764s][info ][gc,task        ] GC(1844) Using 9 workers of 9 for evacuation
[29.765s][debug][gc,age         ] GC(1844) Desired survivor size 8945664 bytes, new threshold 6 (max threshold 6)
[29.765s][trace][gc,age         ] GC(1844) Age table with threshold 6 (max threshold 6)
[29.765s][trace][gc,age         ] GC(1844) - age   1:        192 bytes,        192 total
[29.765s][info ][gc,heap        ] GC(1844) ParNew: 139910K->6K(157376K)
[29.765s][info ][gc,heap        ] GC(1844) CMS: 3754K->3754K(349568K)
[29.765s][info ][gc,metaspace   ] GC(1844) Metaspace: 16026K(16640K)->16026K(16640K) NonClass: 14285K(14592K)->14285K(14592K) Class: 1740K(2048K)->1740K(2048K)
[29.765s][info ][gc             ] GC(1844) Pause Young (Allocation Failure) 140M->3M(495M) 0.473ms
[29.765s][info ][gc,cpu         ] GC(1844) User=0.00s Sys=0.00s Real=0.00s
[29.774s][info ][gc,start       ] GC(1845) Pause Young (Allocation Failure)
[29.774s][info ][gc,task        ] GC(1845) Using 9 workers of 9 for evacuation
[29.775s][debug][gc,age         ] GC(1845) Desired survivor size 8945664 bytes, new threshold 6 (max threshold 6)
[29.775s][trace][gc,age         ] GC(1845) Age table with threshold 6 (max threshold 6)
[29.775s][trace][gc,age         ] GC(1845) - age   1:        192 bytes,        192 total
[29.775s][info ][gc,heap        ] GC(1845) ParNew: 139895K->6K(157376K)
[29.775s][info ][gc,heap        ] GC(1845) CMS: 3754K->3754K(349568K)
[29.775s][info ][gc,metaspace   ] GC(1845) Metaspace: 16026K(16640K)->16026K(16640K) NonClass: 14285K(14592K)->14285K(14592K) Class: 1740K(2048K)->1740K(2048K)
[29.775s][info ][gc             ] GC(1845) Pause Young (Allocation Failure) 140M->3M(495M) 0.438ms
[29.775s][info ][gc,cpu         ] GC(1845) User=0.00s Sys=0.00s Real=0.00s
[29.784s][info ][gc,start       ] GC(1846) Pause Young (Allocation Failure)
[29.784s][info ][gc,task        ] GC(1846) Using 9 workers of 9 for evacuation
[29.785s][debug][gc,age         ] GC(1846) Desired survivor size 8945664 bytes, new threshold 6 (max threshold 6)
[29.785s][trace][gc,age         ] GC(1846) Age table with threshold 6 (max threshold 6)
[29.785s][trace][gc,age         ] GC(1846) - age   1:        192 bytes,        192 total
[29.785s][info ][gc,heap        ] GC(1846) ParNew: 139638K->6K(157376K)
[29.785s][info ][gc,heap        ] GC(1846) CMS: 3754K->3754K(349568K)
[29.785s][info ][gc,metaspace   ] GC(1846) Metaspace: 16026K(16640K)->16026K(16640K) NonClass: 14285K(14592K)->14285K(14592K) Class: 1740K(2048K)->1740K(2048K)
[29.785s][info ][gc             ] GC(1846) Pause Young (Allocation Failure) 140M->3M(495M) 0.413ms
[29.785s][info ][gc,cpu         ] GC(1846) User=0.00s Sys=0.01s Real=0.00s
[29.794s][info ][gc,start       ] GC(1847) Pause Young (Allocation Failure)
[29.794s][info ][gc,task        ] GC(1847) Using 9 workers of 9 for evacuation
[29.795s][debug][gc,age         ] GC(1847) Desired survivor size 8945664 bytes, new threshold 6 (max threshold 6)
[29.795s][trace][gc,age         ] GC(1847) Age table with threshold 6 (max threshold 6)
[29.795s][trace][gc,age         ] GC(1847) - age   1:        192 bytes,        192 total
[29.795s][info ][gc,heap        ] GC(1847) ParNew: 139666K->6K(157376K)
[29.795s][info ][gc,heap        ] GC(1847) CMS: 3754K->3754K(349568K)
[29.795s][info ][gc,metaspace   ] GC(1847) Metaspace: 16026K(16640K)->16026K(16640K) NonClass: 14285K(14592K)->14285K(14592K) Class: 1740K(2048K)->1740K(2048K)
[29.795s][info ][gc             ] GC(1847) Pause Young (Allocation Failure) 140M->3M(495M) 0.484ms
[29.795s][info ][gc,cpu         ] GC(1847) User=0.01s Sys=0.00s Real=0.00s
[29.804s][info ][gc,start       ] GC(1848) Pause Young (Allocation Failure)
[29.804s][info ][gc,task        ] GC(1848) Using 9 workers of 9 for evacuation
[29.805s][debug][gc,age         ] GC(1848) Desired survivor size 8945664 bytes, new threshold 6 (max threshold 6)
[29.805s][trace][gc,age         ] GC(1848) Age table with threshold 6 (max threshold 6)
[29.805s][trace][gc,age         ] GC(1848) - age   1:        192 bytes,        192 total
[29.805s][info ][gc,heap        ] GC(1848) ParNew: 139768K->6K(157376K)
[29.805s][info ][gc,heap        ] GC(1848) CMS: 3754K->3754K(349568K)
[29.805s][info ][gc,metaspace   ] GC(1848) Metaspace: 16026K(16640K)->16026K(16640K) NonClass: 14285K(14592K)->14285K(14592K) Class: 1740K(2048K)->1740K(2048K)
[29.805s][info ][gc             ] GC(1848) Pause Young (Allocation Failure) 140M->3M(495M) 0.465ms
[29.805s][info ][gc,cpu         ] GC(1848) User=0.01s Sys=0.00s Real=0.00s
[29.814s][info ][gc,start       ] GC(1849) Pause Young (Allocation Failure)
[29.814s][info ][gc,task        ] GC(1849) Using 9 workers of 9 for evacuation
[29.815s][debug][gc,age         ] GC(1849) Desired survivor size 8945664 bytes, new threshold 6 (max threshold 6)
[29.815s][trace][gc,age         ] GC(1849) Age table with threshold 6 (max threshold 6)
[29.815s][trace][gc,age         ] GC(1849) - age   1:     400208 bytes,     400208 total
[29.815s][info ][gc,heap        ] GC(1849) ParNew: 139910K->398K(157376K)
[29.815s][info ][gc,heap        ] GC(1849) CMS: 3754K->3754K(349568K)
[29.815s][info ][gc,metaspace   ] GC(1849) Metaspace: 16026K(16640K)->16026K(16640K) NonClass: 14285K(14592K)->14285K(14592K) Class: 1740K(2048K)->1740K(2048K)
[29.815s][info ][gc             ] GC(1849) Pause Young (Allocation Failure) 140M->4M(495M) 0.543ms
[29.815s][info ][gc,cpu         ] GC(1849) User=0.00s Sys=0.00s Real=0.00s
[29.824s][info ][gc,start       ] GC(1850) Pause Young (Allocation Failure)
[29.824s][info ][gc,task        ] GC(1850) Using 9 workers of 9 for evacuation
[29.824s][debug][gc,age         ] GC(1850) Desired survivor size 8945664 bytes, new threshold 6 (max threshold 6)
[29.824s][trace][gc,age         ] GC(1850) Age table with threshold 6 (max threshold 6)
[29.824s][trace][gc,age         ] GC(1850) - age   1:        192 bytes,        192 total
[29.824s][info ][gc,heap        ] GC(1850) ParNew: 139975K->4K(157376K)
[29.824s][info ][gc,heap        ] GC(1850) CMS: 3754K->3754K(349568K)
[29.824s][info ][gc,metaspace   ] GC(1850) Metaspace: 16026K(16640K)->16026K(16640K) NonClass: 14285K(14592K)->14285K(14592K) Class: 1740K(2048K)->1740K(2048K)
[29.824s][info ][gc             ] GC(1850) Pause Young (Allocation Failure) 140M->3M(495M) 0.359ms
[29.824s][info ][gc,cpu         ] GC(1850) User=0.00s Sys=0.00s Real=0.00s
[29.834s][info ][gc,start       ] GC(1851) Pause Young (Allocation Failure)
[29.834s][info ][gc,task        ] GC(1851) Using 9 workers of 9 for evacuation
[29.834s][debug][gc,age         ] GC(1851) Desired survivor size 8945664 bytes, new threshold 6 (max threshold 6)
[29.834s][trace][gc,age         ] GC(1851) Age table with threshold 6 (max threshold 6)
[29.834s][trace][gc,age         ] GC(1851) - age   1:        192 bytes,        192 total
[29.834s][info ][gc,heap        ] GC(1851) ParNew: 139809K->8K(157376K)
[29.834s][info ][gc,heap        ] GC(1851) CMS: 3754K->3754K(349568K)
[29.834s][info ][gc,metaspace   ] GC(1851) Metaspace: 16026K(16640K)->16026K(16640K) NonClass: 14285K(14592K)->14285K(14592K) Class: 1740K(2048K)->1740K(2048K)
[29.834s][info ][gc             ] GC(1851) Pause Young (Allocation Failure) 140M->3M(495M) 0.425ms
[29.834s][info ][gc,cpu         ] GC(1851) User=0.00s Sys=0.00s Real=0.00s
[29.844s][info ][gc,start       ] GC(1852) Pause Young (Allocation Failure)
[29.844s][info ][gc,task        ] GC(1852) Using 9 workers of 9 for evacuation
[29.844s][debug][gc,age         ] GC(1852) Desired survivor size 8945664 bytes, new threshold 6 (max threshold 6)
[29.844s][trace][gc,age         ] GC(1852) Age table with threshold 6 (max threshold 6)
[29.844s][trace][gc,age         ] GC(1852) - age   1:        192 bytes,        192 total
[29.844s][info ][gc,heap        ] GC(1852) ParNew: 139604K->6K(157376K)
[29.844s][info ][gc,heap        ] GC(1852) CMS: 3754K->3754K(349568K)
[29.844s][info ][gc,metaspace   ] GC(1852) Metaspace: 16026K(16640K)->16026K(16640K) NonClass: 14285K(14592K)->14285K(14592K) Class: 1740K(2048K)->1740K(2048K)
[29.844s][info ][gc             ] GC(1852) Pause Young (Allocation Failure) 139M->3M(495M) 0.428ms
[29.844s][info ][gc,cpu         ] GC(1852) User=0.00s Sys=0.00s Real=0.00s
[29.854s][info ][gc,start       ] GC(1853) Pause Young (Allocation Failure)
[29.854s][info ][gc,task        ] GC(1853) Using 9 workers of 9 for evacuation
[29.854s][debug][gc,age         ] GC(1853) Desired survivor size 8945664 bytes, new threshold 6 (max threshold 6)
[29.854s][trace][gc,age         ] GC(1853) Age table with threshold 6 (max threshold 6)
[29.854s][trace][gc,age         ] GC(1853) - age   1:     400208 bytes,     400208 total
[29.854s][info ][gc,heap        ] GC(1853) ParNew: 139834K->398K(157376K)
[29.854s][info ][gc,heap        ] GC(1853) CMS: 3754K->3754K(349568K)
[29.854s][info ][gc,metaspace   ] GC(1853) Metaspace: 16026K(16640K)->16026K(16640K) NonClass: 14285K(14592K)->14285K(14592K) Class: 1740K(2048K)->1740K(2048K)
[29.854s][info ][gc             ] GC(1853) Pause Young (Allocation Failure) 140M->4M(495M) 0.451ms
[29.854s][info ][gc,cpu         ] GC(1853) User=0.00s Sys=0.00s Real=0.00s
[29.864s][info ][gc,start       ] GC(1854) Pause Young (Allocation Failure)
[29.864s][info ][gc,task        ] GC(1854) Using 9 workers of 9 for evacuation
[29.864s][debug][gc,age         ] GC(1854) Desired survivor size 8945664 bytes, new threshold 6 (max threshold 6)
[29.864s][trace][gc,age         ] GC(1854) Age table with threshold 6 (max threshold 6)
[29.864s][trace][gc,age         ] GC(1854) - age   1:     400208 bytes,     400208 total
[29.864s][info ][gc,heap        ] GC(1854) ParNew: 140055K->396K(157376K)
[29.864s][info ][gc,heap        ] GC(1854) CMS: 3754K->3754K(349568K)
[29.864s][info ][gc,metaspace   ] GC(1854) Metaspace: 16026K(16640K)->16026K(16640K) NonClass: 14285K(14592K)->14285K(14592K) Class: 1740K(2048K)->1740K(2048K)
[29.864s][info ][gc             ] GC(1854) Pause Young (Allocation Failure) 140M->4M(495M) 0.362ms
[29.864s][info ][gc,cpu         ] GC(1854) User=0.00s Sys=0.00s Real=0.00s
[29.873s][info ][gc,start       ] GC(1855) Pause Young (Allocation Failure)
[29.873s][info ][gc,task        ] GC(1855) Using 9 workers of 9 for evacuation
[29.874s][debug][gc,age         ] GC(1855) Desired survivor size 8945664 bytes, new threshold 6 (max threshold 6)
[29.874s][trace][gc,age         ] GC(1855) Age table with threshold 6 (max threshold 6)
[29.874s][trace][gc,age         ] GC(1855) - age   1:        192 bytes,        192 total
[29.874s][info ][gc,heap        ] GC(1855) ParNew: 140121K->8K(157376K)
[29.874s][info ][gc,heap        ] GC(1855) CMS: 3754K->3754K(349568K)
[29.874s][info ][gc,metaspace   ] GC(1855) Metaspace: 16026K(16640K)->16026K(16640K) NonClass: 14285K(14592K)->14285K(14592K) Class: 1740K(2048K)->1740K(2048K)
[29.874s][info ][gc             ] GC(1855) Pause Young (Allocation Failure) 140M->3M(495M) 0.407ms
[29.874s][info ][gc,cpu         ] GC(1855) User=0.00s Sys=0.00s Real=0.00s
[29.883s][info ][gc,start       ] GC(1856) Pause Young (Allocation Failure)
[29.883s][info ][gc,task        ] GC(1856) Using 9 workers of 9 for evacuation
[29.884s][debug][gc,age         ] GC(1856) Desired survivor size 8945664 bytes, new threshold 6 (max threshold 6)
[29.884s][trace][gc,age         ] GC(1856) Age table with threshold 6 (max threshold 6)
[29.884s][trace][gc,age         ] GC(1856) - age   1:     400208 bytes,     400208 total
[29.884s][info ][gc,heap        ] GC(1856) ParNew: 139898K->398K(157376K)
[29.884s][info ][gc,heap        ] GC(1856) CMS: 3754K->3754K(349568K)
[29.884s][info ][gc,metaspace   ] GC(1856) Metaspace: 16026K(16640K)->16026K(16640K) NonClass: 14285K(14592K)->14285K(14592K) Class: 1740K(2048K)->1740K(2048K)
[29.884s][info ][gc             ] GC(1856) Pause Young (Allocation Failure) 140M->4M(495M) 0.296ms
[29.884s][info ][gc,cpu         ] GC(1856) User=0.00s Sys=0.00s Real=0.00s
[29.893s][info ][gc,start       ] GC(1857) Pause Young (Allocation Failure)
[29.893s][info ][gc,task        ] GC(1857) Using 9 workers of 9 for evacuation
[29.893s][debug][gc,age         ] GC(1857) Desired survivor size 8945664 bytes, new threshold 6 (max threshold 6)
[29.893s][trace][gc,age         ] GC(1857) Age table with threshold 6 (max threshold 6)
[29.893s][trace][gc,age         ] GC(1857) - age   1:        192 bytes,        192 total
[29.893s][info ][gc,heap        ] GC(1857) ParNew: 139970K->4K(157376K)
[29.893s][info ][gc,heap        ] GC(1857) CMS: 3754K->3754K(349568K)
[29.893s][info ][gc,metaspace   ] GC(1857) Metaspace: 16026K(16640K)->16026K(16640K) NonClass: 14285K(14592K)->14285K(14592K) Class: 1740K(2048K)->1740K(2048K)
[29.893s][info ][gc             ] GC(1857) Pause Young (Allocation Failure) 140M->3M(495M) 0.315ms
[29.893s][info ][gc,cpu         ] GC(1857) User=0.00s Sys=0.00s Real=0.00s
[29.903s][info ][gc,start       ] GC(1858) Pause Young (Allocation Failure)
[29.903s][info ][gc,task        ] GC(1858) Using 9 workers of 9 for evacuation
[29.903s][debug][gc,age         ] GC(1858) Desired survivor size 8945664 bytes, new threshold 6 (max threshold 6)
[29.903s][trace][gc,age         ] GC(1858) Age table with threshold 6 (max threshold 6)
[29.903s][trace][gc,age         ] GC(1858) - age   1:        192 bytes,        192 total
[29.903s][info ][gc,heap        ] GC(1858) ParNew: 139831K->6K(157376K)
[29.903s][info ][gc,heap        ] GC(1858) CMS: 3754K->3754K(349568K)
[29.903s][info ][gc,metaspace   ] GC(1858) Metaspace: 16026K(16640K)->16026K(16640K) NonClass: 14285K(14592K)->14285K(14592K) Class: 1740K(2048K)->1740K(2048K)
[29.903s][info ][gc             ] GC(1858) Pause Young (Allocation Failure) 140M->3M(495M) 0.428ms
[29.903s][info ][gc,cpu         ] GC(1858) User=0.01s Sys=0.00s Real=0.00s
[29.913s][info ][gc,start       ] GC(1859) Pause Young (Allocation Failure)
[29.913s][info ][gc,task        ] GC(1859) Using 9 workers of 9 for evacuation
[29.913s][debug][gc,age         ] GC(1859) Desired survivor size 8945664 bytes, new threshold 6 (max threshold 6)
[29.913s][trace][gc,age         ] GC(1859) Age table with threshold 6 (max threshold 6)
[29.913s][trace][gc,age         ] GC(1859) - age   1:        192 bytes,        192 total
[29.913s][info ][gc,heap        ] GC(1859) ParNew: 139691K->4K(157376K)
[29.913s][info ][gc,heap        ] GC(1859) CMS: 3754K->3754K(349568K)
[29.913s][info ][gc,metaspace   ] GC(1859) Metaspace: 16026K(16640K)->16026K(16640K) NonClass: 14285K(14592K)->14285K(14592K) Class: 1740K(2048K)->1740K(2048K)
[29.913s][info ][gc             ] GC(1859) Pause Young (Allocation Failure) 140M->3M(495M) 0.412ms
[29.914s][info ][gc,cpu         ] GC(1859) User=0.01s Sys=0.00s Real=0.00s
[29.923s][info ][gc,start       ] GC(1860) Pause Young (Allocation Failure)
[29.923s][info ][gc,task        ] GC(1860) Using 9 workers of 9 for evacuation
[29.923s][debug][gc,age         ] GC(1860) Desired survivor size 8945664 bytes, new threshold 6 (max threshold 6)
[29.923s][trace][gc,age         ] GC(1860) Age table with threshold 6 (max threshold 6)
[29.923s][trace][gc,age         ] GC(1860) - age   1:     400208 bytes,     400208 total
[29.923s][info ][gc,heap        ] GC(1860) ParNew: 139869K->394K(157376K)
[29.923s][info ][gc,heap        ] GC(1860) CMS: 3754K->3754K(349568K)
[29.923s][info ][gc,metaspace   ] GC(1860) Metaspace: 16026K(16640K)->16026K(16640K) NonClass: 14285K(14592K)->14285K(14592K) Class: 1740K(2048K)->1740K(2048K)
[29.923s][info ][gc             ] GC(1860) Pause Young (Allocation Failure) 140M->4M(495M) 0.430ms
[29.923s][info ][gc,cpu         ] GC(1860) User=0.01s Sys=0.00s Real=0.00s
[29.933s][info ][gc,start       ] GC(1861) Pause Young (Allocation Failure)
[29.933s][info ][gc,task        ] GC(1861) Using 9 workers of 9 for evacuation
[29.933s][debug][gc,age         ] GC(1861) Desired survivor size 8945664 bytes, new threshold 6 (max threshold 6)
[29.933s][trace][gc,age         ] GC(1861) Age table with threshold 6 (max threshold 6)
[29.933s][trace][gc,age         ] GC(1861) - age   1:        192 bytes,        192 total
[29.933s][info ][gc,heap        ] GC(1861) ParNew: 140199K->8K(157376K)
[29.933s][info ][gc,heap        ] GC(1861) CMS: 3754K->3754K(349568K)
[29.933s][info ][gc,metaspace   ] GC(1861) Metaspace: 16026K(16640K)->16026K(16640K) NonClass: 14285K(14592K)->14285K(14592K) Class: 1740K(2048K)->1740K(2048K)
[29.933s][info ][gc             ] GC(1861) Pause Young (Allocation Failure) 140M->3M(495M) 0.458ms
[29.933s][info ][gc,cpu         ] GC(1861) User=0.00s Sys=0.00s Real=0.00s
[29.943s][info ][gc,start       ] GC(1862) Pause Young (Allocation Failure)
[29.943s][info ][gc,task        ] GC(1862) Using 9 workers of 9 for evacuation
[29.943s][debug][gc,age         ] GC(1862) Desired survivor size 8945664 bytes, new threshold 6 (max threshold 6)
[29.943s][trace][gc,age         ] GC(1862) Age table with threshold 6 (max threshold 6)
[29.943s][trace][gc,age         ] GC(1862) - age   1:        192 bytes,        192 total
[29.943s][info ][gc,heap        ] GC(1862) ParNew: 139796K->6K(157376K)
[29.943s][info ][gc,heap        ] GC(1862) CMS: 3754K->3754K(349568K)
[29.943s][info ][gc,metaspace   ] GC(1862) Metaspace: 16026K(16640K)->16026K(16640K) NonClass: 14285K(14592K)->14285K(14592K) Class: 1740K(2048K)->1740K(2048K)
[29.943s][info ][gc             ] GC(1862) Pause Young (Allocation Failure) 140M->3M(495M) 0.428ms
[29.943s][info ][gc,cpu         ] GC(1862) User=0.00s Sys=0.00s Real=0.00s
[29.953s][info ][gc,start       ] GC(1863) Pause Young (Allocation Failure)
[29.953s][info ][gc,task        ] GC(1863) Using 9 workers of 9 for evacuation
[29.953s][debug][gc,age         ] GC(1863) Desired survivor size 8945664 bytes, new threshold 6 (max threshold 6)
[29.953s][trace][gc,age         ] GC(1863) Age table with threshold 6 (max threshold 6)
[29.953s][trace][gc,age         ] GC(1863) - age   1:        192 bytes,        192 total
[29.953s][info ][gc,heap        ] GC(1863) ParNew: 139743K->8K(157376K)
[29.953s][info ][gc,heap        ] GC(1863) CMS: 3754K->3754K(349568K)
[29.953s][info ][gc,metaspace   ] GC(1863) Metaspace: 16026K(16640K)->16026K(16640K) NonClass: 14285K(14592K)->14285K(14592K) Class: 1740K(2048K)->1740K(2048K)
[29.953s][info ][gc             ] GC(1863) Pause Young (Allocation Failure) 140M->3M(495M) 0.353ms
[29.953s][info ][gc,cpu         ] GC(1863) User=0.00s Sys=0.00s Real=0.00s
[29.963s][info ][gc,start       ] GC(1864) Pause Young (Allocation Failure)
[29.963s][info ][gc,task        ] GC(1864) Using 9 workers of 9 for evacuation
[29.963s][debug][gc,age         ] GC(1864) Desired survivor size 8945664 bytes, new threshold 6 (max threshold 6)
[29.963s][trace][gc,age         ] GC(1864) Age table with threshold 6 (max threshold 6)
[29.963s][trace][gc,age         ] GC(1864) - age   1:     400208 bytes,     400208 total
[29.963s][info ][gc,heap        ] GC(1864) ParNew: 139694K->398K(157376K)
[29.963s][info ][gc,heap        ] GC(1864) CMS: 3754K->3754K(349568K)
[29.963s][info ][gc,metaspace   ] GC(1864) Metaspace: 16026K(16640K)->16026K(16640K) NonClass: 14285K(14592K)->14285K(14592K) Class: 1740K(2048K)->1740K(2048K)
[29.963s][info ][gc             ] GC(1864) Pause Young (Allocation Failure) 140M->4M(495M) 0.473ms
[29.963s][info ][gc,cpu         ] GC(1864) User=0.00s Sys=0.00s Real=0.00s
[29.973s][info ][gc,start       ] GC(1865) Pause Young (Allocation Failure)
[29.973s][info ][gc,task        ] GC(1865) Using 9 workers of 9 for evacuation
[29.973s][debug][gc,age         ] GC(1865) Desired survivor size 8945664 bytes, new threshold 6 (max threshold 6)
[29.973s][trace][gc,age         ] GC(1865) Age table with threshold 6 (max threshold 6)
[29.973s][trace][gc,age         ] GC(1865) - age   1:     400208 bytes,     400208 total
[29.973s][info ][gc,heap        ] GC(1865) ParNew: 139938K->396K(157376K)
[29.973s][info ][gc,heap        ] GC(1865) CMS: 3754K->3754K(349568K)
[29.973s][info ][gc,metaspace   ] GC(1865) Metaspace: 16026K(16640K)->16026K(16640K) NonClass: 14285K(14592K)->14285K(14592K) Class: 1740K(2048K)->1740K(2048K)
[29.973s][info ][gc             ] GC(1865) Pause Young (Allocation Failure) 140M->4M(495M) 0.399ms
[29.973s][info ][gc,cpu         ] GC(1865) User=0.00s Sys=0.00s Real=0.00s
[29.983s][info ][gc,start       ] GC(1866) Pause Young (Allocation Failure)
[29.983s][info ][gc,task        ] GC(1866) Using 9 workers of 9 for evacuation
[29.983s][debug][gc,age         ] GC(1866) Desired survivor size 8945664 bytes, new threshold 6 (max threshold 6)
[29.983s][trace][gc,age         ] GC(1866) Age table with threshold 6 (max threshold 6)
[29.983s][trace][gc,age         ] GC(1866) - age   1:        192 bytes,        192 total
[29.983s][info ][gc,heap        ] GC(1866) ParNew: 140030K->6K(157376K)
[29.983s][info ][gc,heap        ] GC(1866) CMS: 3754K->3754K(349568K)
[29.983s][info ][gc,metaspace   ] GC(1866) Metaspace: 16026K(16640K)->16026K(16640K) NonClass: 14285K(14592K)->14285K(14592K) Class: 1740K(2048K)->1740K(2048K)
[29.983s][info ][gc             ] GC(1866) Pause Young (Allocation Failure) 140M->3M(495M) 0.388ms
[29.983s][info ][gc,cpu         ] GC(1866) User=0.00s Sys=0.00s Real=0.00s
[29.993s][info ][gc,start       ] GC(1867) Pause Young (Allocation Failure)
[29.993s][info ][gc,task        ] GC(1867) Using 9 workers of 9 for evacuation
[29.993s][debug][gc,age         ] GC(1867) Desired survivor size 8945664 bytes, new threshold 6 (max threshold 6)
[29.993s][trace][gc,age         ] GC(1867) Age table with threshold 6 (max threshold 6)
[29.993s][trace][gc,age         ] GC(1867) - age   1:        192 bytes,        192 total
[29.993s][info ][gc,heap        ] GC(1867) ParNew: 139673K->6K(157376K)
[29.993s][info ][gc,heap        ] GC(1867) CMS: 3754K->3754K(349568K)
[29.993s][info ][gc,metaspace   ] GC(1867) Metaspace: 16026K(16640K)->16026K(16640K) NonClass: 14285K(14592K)->14285K(14592K) Class: 1740K(2048K)->1740K(2048K)
[29.993s][info ][gc             ] GC(1867) Pause Young (Allocation Failure) 140M->3M(495M) 0.451ms
[29.993s][info ][gc,cpu         ] GC(1867) User=0.00s Sys=0.00s Real=0.00s
[30.003s][info ][gc,start       ] GC(1868) Pause Young (Allocation Failure)
[30.003s][info ][gc,task        ] GC(1868) Using 9 workers of 9 for evacuation
[30.004s][debug][gc,age         ] GC(1868) Desired survivor size 8945664 bytes, new threshold 6 (max threshold 6)
[30.004s][trace][gc,age         ] GC(1868) Age table with threshold 6 (max threshold 6)
[30.004s][trace][gc,age         ] GC(1868) - age   1:        192 bytes,        192 total
[30.004s][info ][gc,heap        ] GC(1868) ParNew: 139584K->4K(157376K)
[30.004s][info ][gc,heap        ] GC(1868) CMS: 3754K->3754K(349568K)
[30.004s][info ][gc,metaspace   ] GC(1868) Metaspace: 16026K(16640K)->16026K(16640K) NonClass: 14285K(14592K)->14285K(14592K) Class: 1740K(2048K)->1740K(2048K)
[30.004s][info ][gc             ] GC(1868) Pause Young (Allocation Failure) 139M->3M(495M) 0.437ms
[30.004s][info ][gc,cpu         ] GC(1868) User=0.01s Sys=0.00s Real=0.00s
[30.013s][info ][gc,start       ] GC(1869) Pause Young (Allocation Failure)
[30.013s][info ][gc,task        ] GC(1869) Using 9 workers of 9 for evacuation
[30.013s][debug][gc,age         ] GC(1869) Desired survivor size 8945664 bytes, new threshold 6 (max threshold 6)
[30.013s][trace][gc,age         ] GC(1869) Age table with threshold 6 (max threshold 6)
[30.013s][trace][gc,age         ] GC(1869) - age   1:        192 bytes,        192 total
[30.013s][info ][gc,heap        ] GC(1869) ParNew: 139652K->6K(157376K)
[30.013s][info ][gc,heap        ] GC(1869) CMS: 3754K->3754K(349568K)
[30.013s][info ][gc,metaspace   ] GC(1869) Metaspace: 16026K(16640K)->16026K(16640K) NonClass: 14285K(14592K)->14285K(14592K) Class: 1740K(2048K)->1740K(2048K)
[30.013s][info ][gc             ] GC(1869) Pause Young (Allocation Failure) 140M->3M(495M) 0.428ms
[30.014s][info ][gc,cpu         ] GC(1869) User=0.01s Sys=0.00s Real=0.00s
[30.023s][info ][gc,start       ] GC(1870) Pause Young (Allocation Failure)
[30.023s][info ][gc,task        ] GC(1870) Using 9 workers of 9 for evacuation
[30.023s][debug][gc,age         ] GC(1870) Desired survivor size 8945664 bytes, new threshold 6 (max threshold 6)
[30.023s][trace][gc,age         ] GC(1870) Age table with threshold 6 (max threshold 6)
[30.023s][trace][gc,age         ] GC(1870) - age   1:        192 bytes,        192 total
[30.023s][info ][gc,heap        ] GC(1870) ParNew: 139845K->6K(157376K)
[30.023s][info ][gc,heap        ] GC(1870) CMS: 3754K->3754K(349568K)
[30.023s][info ][gc,metaspace   ] GC(1870) Metaspace: 16026K(16640K)->16026K(16640K) NonClass: 14285K(14592K)->14285K(14592K) Class: 1740K(2048K)->1740K(2048K)
[30.023s][info ][gc             ] GC(1870) Pause Young (Allocation Failure) 140M->3M(495M) 0.464ms
[30.023s][info ][gc,cpu         ] GC(1870) User=0.01s Sys=0.00s Real=0.00s
[30.033s][info ][gc,start       ] GC(1871) Pause Young (Allocation Failure)
[30.033s][info ][gc,task        ] GC(1871) Using 9 workers of 9 for evacuation
[30.033s][debug][gc,age         ] GC(1871) Desired survivor size 8945664 bytes, new threshold 6 (max threshold 6)
[30.033s][trace][gc,age         ] GC(1871) Age table with threshold 6 (max threshold 6)
[30.033s][trace][gc,age         ] GC(1871) - age   1:     400208 bytes,     400208 total
[30.033s][info ][gc,heap        ] GC(1871) ParNew: 139787K->398K(157376K)
[30.033s][info ][gc,heap        ] GC(1871) CMS: 3754K->3754K(349568K)
[30.033s][info ][gc,metaspace   ] GC(1871) Metaspace: 16026K(16640K)->16026K(16640K) NonClass: 14285K(14592K)->14285K(14592K) Class: 1740K(2048K)->1740K(2048K)
[30.033s][info ][gc             ] GC(1871) Pause Young (Allocation Failure) 140M->4M(495M) 0.394ms
[30.033s][info ][gc,cpu         ] GC(1871) User=0.00s Sys=0.00s Real=0.00s
[30.043s][info ][gc,start       ] GC(1872) Pause Young (Allocation Failure)
[30.043s][info ][gc,task        ] GC(1872) Using 9 workers of 9 for evacuation
[30.043s][debug][gc,age         ] GC(1872) Desired survivor size 8945664 bytes, new threshold 6 (max threshold 6)
[30.043s][trace][gc,age         ] GC(1872) Age table with threshold 6 (max threshold 6)
[30.043s][trace][gc,age         ] GC(1872) - age   1:        192 bytes,        192 total
[30.043s][info ][gc,heap        ] GC(1872) ParNew: 139966K->6K(157376K)
[30.043s][info ][gc,heap        ] GC(1872) CMS: 3754K->3754K(349568K)
[30.043s][info ][gc,metaspace   ] GC(1872) Metaspace: 16026K(16640K)->16026K(16640K) NonClass: 14285K(14592K)->14285K(14592K) Class: 1740K(2048K)->1740K(2048K)
[30.043s][info ][gc             ] GC(1872) Pause Young (Allocation Failure) 140M->3M(495M) 0.509ms
[30.043s][info ][gc,cpu         ] GC(1872) User=0.00s Sys=0.00s Real=0.00s
[30.053s][info ][gc,start       ] GC(1873) Pause Young (Allocation Failure)
[30.053s][info ][gc,task        ] GC(1873) Using 9 workers of 9 for evacuation
[30.054s][debug][gc,age         ] GC(1873) Desired survivor size 8945664 bytes, new threshold 6 (max threshold 6)
[30.054s][trace][gc,age         ] GC(1873) Age table with threshold 6 (max threshold 6)
[30.054s][trace][gc,age         ] GC(1873) - age   1:        192 bytes,        192 total
[30.054s][info ][gc,heap        ] GC(1873) ParNew: 139692K->6K(157376K)
[30.054s][info ][gc,heap        ] GC(1873) CMS: 3754K->3754K(349568K)
[30.054s][info ][gc,metaspace   ] GC(1873) Metaspace: 16026K(16640K)->16026K(16640K) NonClass: 14285K(14592K)->14285K(14592K) Class: 1740K(2048K)->1740K(2048K)
[30.054s][info ][gc             ] GC(1873) Pause Young (Allocation Failure) 140M->3M(495M) 0.452ms
[30.054s][info ][gc,cpu         ] GC(1873) User=0.00s Sys=0.00s Real=0.00s
[30.063s][info ][gc,start       ] GC(1874) Pause Young (Allocation Failure)
[30.063s][info ][gc,task        ] GC(1874) Using 9 workers of 9 for evacuation
[30.064s][debug][gc,age         ] GC(1874) Desired survivor size 8945664 bytes, new threshold 6 (max threshold 6)
[30.064s][trace][gc,age         ] GC(1874) Age table with threshold 6 (max threshold 6)
[30.064s][trace][gc,age         ] GC(1874) - age   1:     400208 bytes,     400208 total
[30.064s][info ][gc,heap        ] GC(1874) ParNew: 139883K->396K(157376K)
[30.064s][info ][gc,heap        ] GC(1874) CMS: 3754K->3754K(349568K)
[30.064s][info ][gc,metaspace   ] GC(1874) Metaspace: 16026K(16640K)->16026K(16640K) NonClass: 14285K(14592K)->14285K(14592K) Class: 1740K(2048K)->1740K(2048K)
[30.064s][info ][gc             ] GC(1874) Pause Young (Allocation Failure) 140M->4M(495M) 0.434ms
[30.064s][info ][gc,cpu         ] GC(1874) User=0.00s Sys=0.00s Real=0.00s
[30.073s][info ][gc,start       ] GC(1875) Pause Young (Allocation Failure)
[30.073s][info ][gc,task        ] GC(1875) Using 9 workers of 9 for evacuation
[30.074s][debug][gc,age         ] GC(1875) Desired survivor size 8945664 bytes, new threshold 6 (max threshold 6)
[30.074s][trace][gc,age         ] GC(1875) Age table with threshold 6 (max threshold 6)
[30.074s][trace][gc,age         ] GC(1875) - age   1:     400208 bytes,     400208 total
[30.074s][info ][gc,heap        ] GC(1875) ParNew: 140092K->394K(157376K)
[30.074s][info ][gc,heap        ] GC(1875) CMS: 3754K->3754K(349568K)
[30.074s][info ][gc,metaspace   ] GC(1875) Metaspace: 16026K(16640K)->16026K(16640K) NonClass: 14285K(14592K)->14285K(14592K) Class: 1740K(2048K)->1740K(2048K)
[30.074s][info ][gc             ] GC(1875) Pause Young (Allocation Failure) 140M->4M(495M) 0.428ms
[30.074s][info ][gc,cpu         ] GC(1875) User=0.00s Sys=0.00s Real=0.00s
[30.083s][info ][gc,start       ] GC(1876) Pause Young (Allocation Failure)
[30.083s][info ][gc,task        ] GC(1876) Using 9 workers of 9 for evacuation
[30.084s][debug][gc,age         ] GC(1876) Desired survivor size 8945664 bytes, new threshold 6 (max threshold 6)
[30.084s][trace][gc,age         ] GC(1876) Age table with threshold 6 (max threshold 6)
[30.084s][trace][gc,age         ] GC(1876) - age   1:        192 bytes,        192 total
[30.084s][info ][gc,heap        ] GC(1876) ParNew: 140176K->6K(157376K)
[30.084s][info ][gc,heap        ] GC(1876) CMS: 3754K->3754K(349568K)
[30.084s][info ][gc,metaspace   ] GC(1876) Metaspace: 16026K(16640K)->16026K(16640K) NonClass: 14285K(14592K)->14285K(14592K) Class: 1740K(2048K)->1740K(2048K)
[30.084s][info ][gc             ] GC(1876) Pause Young (Allocation Failure) 140M->3M(495M) 0.457ms
[30.084s][info ][gc,cpu         ] GC(1876) User=0.01s Sys=0.00s Real=0.00s
[30.093s][info ][gc,start       ] GC(1877) Pause Young (Allocation Failure)
[30.093s][info ][gc,task        ] GC(1877) Using 9 workers of 9 for evacuation
[30.094s][debug][gc,age         ] GC(1877) Desired survivor size 8945664 bytes, new threshold 6 (max threshold 6)
[30.094s][trace][gc,age         ] GC(1877) Age table with threshold 6 (max threshold 6)
[30.094s][trace][gc,age         ] GC(1877) - age   1:        192 bytes,        192 total
[30.094s][info ][gc,heap        ] GC(1877) ParNew: 139763K->6K(157376K)
[30.094s][info ][gc,heap        ] GC(1877) CMS: 3754K->3754K(349568K)
[30.094s][info ][gc,metaspace   ] GC(1877) Metaspace: 16026K(16640K)->16026K(16640K) NonClass: 14285K(14592K)->14285K(14592K) Class: 1740K(2048K)->1740K(2048K)
[30.094s][info ][gc             ] GC(1877) Pause Young (Allocation Failure) 140M->3M(495M) 1.087ms
[30.094s][info ][gc,cpu         ] GC(1877) User=0.01s Sys=0.01s Real=0.00s
[30.104s][info ][gc,start       ] GC(1878) Pause Young (Allocation Failure)
[30.104s][info ][gc,task        ] GC(1878) Using 9 workers of 9 for evacuation
[30.105s][debug][gc,age         ] GC(1878) Desired survivor size 8945664 bytes, new threshold 6 (max threshold 6)
[30.105s][trace][gc,age         ] GC(1878) Age table with threshold 6 (max threshold 6)
[30.105s][trace][gc,age         ] GC(1878) - age   1:     400208 bytes,     400208 total
[30.105s][info ][gc,heap        ] GC(1878) ParNew: 139839K->396K(157376K)
[30.105s][info ][gc,heap        ] GC(1878) CMS: 3754K->3754K(349568K)
[30.105s][info ][gc,metaspace   ] GC(1878) Metaspace: 16026K(16640K)->16026K(16640K) NonClass: 14285K(14592K)->14285K(14592K) Class: 1740K(2048K)->1740K(2048K)
[30.105s][info ][gc             ] GC(1878) Pause Young (Allocation Failure) 140M->4M(495M) 0.487ms
[30.105s][info ][gc,cpu         ] GC(1878) User=0.00s Sys=0.00s Real=0.00s
[30.114s][info ][gc,start       ] GC(1879) Pause Young (Allocation Failure)
[30.114s][info ][gc,task        ] GC(1879) Using 9 workers of 9 for evacuation
[30.114s][debug][gc,age         ] GC(1879) Desired survivor size 8945664 bytes, new threshold 6 (max threshold 6)
[30.114s][trace][gc,age         ] GC(1879) Age table with threshold 6 (max threshold 6)
[30.114s][trace][gc,age         ] GC(1879) - age   1:     400208 bytes,     400208 total
[30.114s][info ][gc,heap        ] GC(1879) ParNew: 140190K->398K(157376K)
[30.114s][info ][gc,heap        ] GC(1879) CMS: 3754K->3754K(349568K)
[30.114s][info ][gc,metaspace   ] GC(1879) Metaspace: 16026K(16640K)->16026K(16640K) NonClass: 14285K(14592K)->14285K(14592K) Class: 1740K(2048K)->1740K(2048K)
[30.114s][info ][gc             ] GC(1879) Pause Young (Allocation Failure) 140M->4M(495M) 0.396ms
[30.114s][info ][gc,cpu         ] GC(1879) User=0.00s Sys=0.00s Real=0.00s
[30.124s][info ][gc,start       ] GC(1880) Pause Young (Allocation Failure)
[30.124s][info ][gc,task        ] GC(1880) Using 9 workers of 9 for evacuation
[30.124s][debug][gc,age         ] GC(1880) Desired survivor size 8945664 bytes, new threshold 6 (max threshold 6)
[30.124s][trace][gc,age         ] GC(1880) Age table with threshold 6 (max threshold 6)
[30.124s][trace][gc,age         ] GC(1880) - age   1:        192 bytes,        192 total
[30.124s][info ][gc,heap        ] GC(1880) ParNew: 140160K->8K(157376K)
[30.124s][info ][gc,heap        ] GC(1880) CMS: 3754K->3754K(349568K)
[30.124s][info ][gc,metaspace   ] GC(1880) Metaspace: 16026K(16640K)->16026K(16640K) NonClass: 14285K(14592K)->14285K(14592K) Class: 1740K(2048K)->1740K(2048K)
[30.124s][info ][gc             ] GC(1880) Pause Young (Allocation Failure) 140M->3M(495M) 0.430ms
[30.124s][info ][gc,cpu         ] GC(1880) User=0.00s Sys=0.00s Real=0.00s
[30.134s][info ][gc,start       ] GC(1881) Pause Young (Allocation Failure)
[30.134s][info ][gc,task        ] GC(1881) Using 9 workers of 9 for evacuation
[30.134s][debug][gc,age         ] GC(1881) Desired survivor size 8945664 bytes, new threshold 6 (max threshold 6)
[30.134s][trace][gc,age         ] GC(1881) Age table with threshold 6 (max threshold 6)
[30.134s][trace][gc,age         ] GC(1881) - age   1:     400208 bytes,     400208 total
[30.134s][info ][gc,heap        ] GC(1881) ParNew: 139781K->396K(157376K)
[30.134s][info ][gc,heap        ] GC(1881) CMS: 3754K->3754K(349568K)
[30.134s][info ][gc,metaspace   ] GC(1881) Metaspace: 16026K(16640K)->16026K(16640K) NonClass: 14285K(14592K)->14285K(14592K) Class: 1740K(2048K)->1740K(2048K)
[30.134s][info ][gc             ] GC(1881) Pause Young (Allocation Failure) 140M->4M(495M) 0.461ms
[30.134s][info ][gc,cpu         ] GC(1881) User=0.01s Sys=0.00s Real=0.00s
[30.144s][info ][gc,start       ] GC(1882) Pause Young (Allocation Failure)
[30.144s][info ][gc,task        ] GC(1882) Using 9 workers of 9 for evacuation
[30.144s][debug][gc,age         ] GC(1882) Desired survivor size 8945664 bytes, new threshold 6 (max threshold 6)
[30.144s][trace][gc,age         ] GC(1882) Age table with threshold 6 (max threshold 6)
[30.144s][trace][gc,age         ] GC(1882) - age   1:        192 bytes,        192 total
[30.144s][info ][gc,heap        ] GC(1882) ParNew: 139998K->4K(157376K)
[30.144s][info ][gc,heap        ] GC(1882) CMS: 3754K->3754K(349568K)
[30.144s][info ][gc,metaspace   ] GC(1882) Metaspace: 16026K(16640K)->16026K(16640K) NonClass: 14285K(14592K)->14285K(14592K) Class: 1740K(2048K)->1740K(2048K)
[30.144s][info ][gc             ] GC(1882) Pause Young (Allocation Failure) 140M->3M(495M) 0.440ms
[30.144s][info ][gc,cpu         ] GC(1882) User=0.01s Sys=0.00s Real=0.00s
[30.154s][info ][gc,start       ] GC(1883) Pause Young (Allocation Failure)
[30.154s][info ][gc,task        ] GC(1883) Using 9 workers of 9 for evacuation
[30.154s][debug][gc,age         ] GC(1883) Desired survivor size 8945664 bytes, new threshold 6 (max threshold 6)
[30.154s][trace][gc,age         ] GC(1883) Age table with threshold 6 (max threshold 6)
[30.154s][trace][gc,age         ] GC(1883) - age   1:        192 bytes,        192 total
[30.154s][info ][gc,heap        ] GC(1883) ParNew: 139611K->6K(157376K)
[30.154s][info ][gc,heap        ] GC(1883) CMS: 3754K->3754K(349568K)
[30.154s][info ][gc,metaspace   ] GC(1883) Metaspace: 16026K(16640K)->16026K(16640K) NonClass: 14285K(14592K)->14285K(14592K) Class: 1740K(2048K)->1740K(2048K)
[30.154s][info ][gc             ] GC(1883) Pause Young (Allocation Failure) 140M->3M(495M) 0.433ms
[30.154s][info ][gc,cpu         ] GC(1883) User=0.00s Sys=0.00s Real=0.00s
[30.164s][info ][gc,start       ] GC(1884) Pause Young (Allocation Failure)
[30.164s][info ][gc,task        ] GC(1884) Using 9 workers of 9 for evacuation
[30.165s][debug][gc,age         ] GC(1884) Desired survivor size 8945664 bytes, new threshold 6 (max threshold 6)
[30.165s][trace][gc,age         ] GC(1884) Age table with threshold 6 (max threshold 6)
[30.165s][trace][gc,age         ] GC(1884) - age   1:     400208 bytes,     400208 total
[30.165s][info ][gc,heap        ] GC(1884) ParNew: 139894K->396K(157376K)
[30.165s][info ][gc,heap        ] GC(1884) CMS: 3754K->3754K(349568K)
[30.165s][info ][gc,metaspace   ] GC(1884) Metaspace: 16026K(16640K)->16026K(16640K) NonClass: 14285K(14592K)->14285K(14592K) Class: 1740K(2048K)->1740K(2048K)
[30.165s][info ][gc             ] GC(1884) Pause Young (Allocation Failure) 140M->4M(495M) 1.296ms
[30.165s][info ][gc,cpu         ] GC(1884) User=0.00s Sys=0.00s Real=0.00s
[30.174s][info ][gc,start       ] GC(1885) Pause Young (Allocation Failure)
[30.175s][info ][gc,task        ] GC(1885) Using 9 workers of 9 for evacuation
[30.175s][debug][gc,age         ] GC(1885) Desired survivor size 8945664 bytes, new threshold 6 (max threshold 6)
[30.175s][trace][gc,age         ] GC(1885) Age table with threshold 6 (max threshold 6)
[30.175s][trace][gc,age         ] GC(1885) - age   1:        192 bytes,        192 total
[30.175s][info ][gc,heap        ] GC(1885) ParNew: 140300K->6K(157376K)
[30.175s][info ][gc,heap        ] GC(1885) CMS: 3754K->3754K(349568K)
[30.175s][info ][gc,metaspace   ] GC(1885) Metaspace: 16026K(16640K)->16026K(16640K) NonClass: 14285K(14592K)->14285K(14592K) Class: 1740K(2048K)->1740K(2048K)
[30.175s][info ][gc             ] GC(1885) Pause Young (Allocation Failure) 140M->3M(495M) 0.387ms
[30.175s][info ][gc,cpu         ] GC(1885) User=0.00s Sys=0.00s Real=0.00s
[30.184s][info ][gc,start       ] GC(1886) Pause Young (Allocation Failure)
[30.184s][info ][gc,task        ] GC(1886) Using 9 workers of 9 for evacuation
[30.185s][debug][gc,age         ] GC(1886) Desired survivor size 8945664 bytes, new threshold 6 (max threshold 6)
[30.185s][trace][gc,age         ] GC(1886) Age table with threshold 6 (max threshold 6)
[30.185s][trace][gc,age         ] GC(1886) - age   1:     400208 bytes,     400208 total
[30.185s][info ][gc,heap        ] GC(1886) ParNew: 139836K->396K(157376K)
[30.185s][info ][gc,heap        ] GC(1886) CMS: 3754K->3754K(349568K)
[30.185s][info ][gc,metaspace   ] GC(1886) Metaspace: 16026K(16640K)->16026K(16640K) NonClass: 14285K(14592K)->14285K(14592K) Class: 1740K(2048K)->1740K(2048K)
[30.185s][info ][gc             ] GC(1886) Pause Young (Allocation Failure) 140M->4M(495M) 0.424ms
[30.185s][info ][gc,cpu         ] GC(1886) User=0.00s Sys=0.00s Real=0.00s
[30.194s][info ][gc,start       ] GC(1887) Pause Young (Allocation Failure)
[30.194s][info ][gc,task        ] GC(1887) Using 9 workers of 9 for evacuation
[30.195s][debug][gc,age         ] GC(1887) Desired survivor size 8945664 bytes, new threshold 6 (max threshold 6)
[30.195s][trace][gc,age         ] GC(1887) Age table with threshold 6 (max threshold 6)
[30.195s][trace][gc,age         ] GC(1887) - age   1:        192 bytes,        192 total
[30.195s][info ][gc,heap        ] GC(1887) ParNew: 140183K->6K(157376K)
[30.195s][info ][gc,heap        ] GC(1887) CMS: 3754K->3754K(349568K)
[30.195s][info ][gc,metaspace   ] GC(1887) Metaspace: 16026K(16640K)->16026K(16640K) NonClass: 14285K(14592K)->14285K(14592K) Class: 1740K(2048K)->1740K(2048K)
[30.195s][info ][gc             ] GC(1887) Pause Young (Allocation Failure) 140M->3M(495M) 0.383ms
[30.195s][info ][gc,cpu         ] GC(1887) User=0.00s Sys=0.00s Real=0.00s
[30.204s][info ][gc,start       ] GC(1888) Pause Young (Allocation Failure)
[30.204s][info ][gc,task        ] GC(1888) Using 9 workers of 9 for evacuation
[30.204s][debug][gc,age         ] GC(1888) Desired survivor size 8945664 bytes, new threshold 6 (max threshold 6)
[30.204s][trace][gc,age         ] GC(1888) Age table with threshold 6 (max threshold 6)
[30.204s][trace][gc,age         ] GC(1888) - age   1:        192 bytes,        192 total
[30.204s][info ][gc,heap        ] GC(1888) ParNew: 139616K->6K(157376K)
[30.204s][info ][gc,heap        ] GC(1888) CMS: 3754K->3754K(349568K)
[30.204s][info ][gc,metaspace   ] GC(1888) Metaspace: 16026K(16640K)->16026K(16640K) NonClass: 14285K(14592K)->14285K(14592K) Class: 1740K(2048K)->1740K(2048K)
[30.204s][info ][gc             ] GC(1888) Pause Young (Allocation Failure) 140M->3M(495M) 0.340ms
[30.204s][info ][gc,cpu         ] GC(1888) User=0.00s Sys=0.00s Real=0.00s
[30.214s][info ][gc,start       ] GC(1889) Pause Young (Allocation Failure)
[30.214s][info ][gc,task        ] GC(1889) Using 9 workers of 9 for evacuation
[30.214s][debug][gc,age         ] GC(1889) Desired survivor size 8945664 bytes, new threshold 6 (max threshold 6)
[30.214s][trace][gc,age         ] GC(1889) Age table with threshold 6 (max threshold 6)
[30.214s][trace][gc,age         ] GC(1889) - age   1:     400208 bytes,     400208 total
[30.214s][info ][gc,heap        ] GC(1889) ParNew: 139812K->396K(157376K)
[30.214s][info ][gc,heap        ] GC(1889) CMS: 3754K->3754K(349568K)
[30.214s][info ][gc,metaspace   ] GC(1889) Metaspace: 16026K(16640K)->16026K(16640K) NonClass: 14285K(14592K)->14285K(14592K) Class: 1740K(2048K)->1740K(2048K)
[30.214s][info ][gc             ] GC(1889) Pause Young (Allocation Failure) 140M->4M(495M) 0.397ms
[30.214s][info ][gc,cpu         ] GC(1889) User=0.00s Sys=0.00s Real=0.00s
[30.224s][info ][gc,start       ] GC(1890) Pause Young (Allocation Failure)
[30.224s][info ][gc,task        ] GC(1890) Using 9 workers of 9 for evacuation
[30.224s][debug][gc,age         ] GC(1890) Desired survivor size 8945664 bytes, new threshold 6 (max threshold 6)
[30.224s][trace][gc,age         ] GC(1890) Age table with threshold 6 (max threshold 6)
[30.224s][trace][gc,age         ] GC(1890) - age   1:        192 bytes,        192 total
[30.224s][info ][gc,heap        ] GC(1890) ParNew: 140099K->8K(157376K)
[30.224s][info ][gc,heap        ] GC(1890) CMS: 3754K->3754K(349568K)
[30.224s][info ][gc,metaspace   ] GC(1890) Metaspace: 16026K(16640K)->16026K(16640K) NonClass: 14285K(14592K)->14285K(14592K) Class: 1740K(2048K)->1740K(2048K)
[30.224s][info ][gc             ] GC(1890) Pause Young (Allocation Failure) 140M->3M(495M) 0.449ms
[30.224s][info ][gc,cpu         ] GC(1890) User=0.00s Sys=0.00s Real=0.00s
[30.234s][info ][gc,start       ] GC(1891) Pause Young (Allocation Failure)
[30.234s][info ][gc,task        ] GC(1891) Using 9 workers of 9 for evacuation
[30.234s][debug][gc,age         ] GC(1891) Desired survivor size 8945664 bytes, new threshold 6 (max threshold 6)
[30.234s][trace][gc,age         ] GC(1891) Age table with threshold 6 (max threshold 6)
[30.234s][trace][gc,age         ] GC(1891) - age   1:        192 bytes,        192 total
[30.234s][info ][gc,heap        ] GC(1891) ParNew: 139812K->6K(157376K)
[30.234s][info ][gc,heap        ] GC(1891) CMS: 3754K->3754K(349568K)
[30.234s][info ][gc,metaspace   ] GC(1891) Metaspace: 16026K(16640K)->16026K(16640K) NonClass: 14285K(14592K)->14285K(14592K) Class: 1740K(2048K)->1740K(2048K)
[30.234s][info ][gc             ] GC(1891) Pause Young (Allocation Failure) 140M->3M(495M) 0.460ms
[30.234s][info ][gc,cpu         ] GC(1891) User=0.01s Sys=0.00s Real=0.00s
[30.244s][info ][gc,start       ] GC(1892) Pause Young (Allocation Failure)
[30.244s][info ][gc,task        ] GC(1892) Using 9 workers of 9 for evacuation
[30.244s][debug][gc,age         ] GC(1892) Desired survivor size 8945664 bytes, new threshold 6 (max threshold 6)
[30.244s][trace][gc,age         ] GC(1892) Age table with threshold 6 (max threshold 6)
[30.244s][trace][gc,age         ] GC(1892) - age   1:     400208 bytes,     400208 total
[30.244s][info ][gc,heap        ] GC(1892) ParNew: 139534K->398K(157376K)
[30.244s][info ][gc,heap        ] GC(1892) CMS: 3754K->3754K(349568K)
[30.244s][info ][gc,metaspace   ] GC(1892) Metaspace: 16026K(16640K)->16026K(16640K) NonClass: 14285K(14592K)->14285K(14592K) Class: 1740K(2048K)->1740K(2048K)
[30.244s][info ][gc             ] GC(1892) Pause Young (Allocation Failure) 139M->4M(495M) 0.657ms
[30.244s][info ][gc,cpu         ] GC(1892) User=0.01s Sys=0.00s Real=0.00s
[30.254s][info ][gc,start       ] GC(1893) Pause Young (Allocation Failure)
[30.254s][info ][gc,task        ] GC(1893) Using 9 workers of 9 for evacuation
[30.254s][debug][gc,age         ] GC(1893) Desired survivor size 8945664 bytes, new threshold 6 (max threshold 6)
[30.254s][trace][gc,age         ] GC(1893) Age table with threshold 6 (max threshold 6)
[30.254s][trace][gc,age         ] GC(1893) - age   1:     400208 bytes,     400208 total
[30.254s][info ][gc,heap        ] GC(1893) ParNew: 140160K->396K(157376K)
[30.254s][info ][gc,heap        ] GC(1893) CMS: 3754K->3754K(349568K)
[30.254s][info ][gc,metaspace   ] GC(1893) Metaspace: 16026K(16640K)->16026K(16640K) NonClass: 14285K(14592K)->14285K(14592K) Class: 1740K(2048K)->1740K(2048K)
[30.254s][info ][gc             ] GC(1893) Pause Young (Allocation Failure) 140M->4M(495M) 0.439ms
[30.254s][info ][gc,cpu         ] GC(1893) User=0.00s Sys=0.00s Real=0.00s
[30.264s][info ][gc,start       ] GC(1894) Pause Young (Allocation Failure)
[30.264s][info ][gc,task        ] GC(1894) Using 9 workers of 9 for evacuation
[30.264s][debug][gc,age         ] GC(1894) Desired survivor size 8945664 bytes, new threshold 6 (max threshold 6)
[30.264s][trace][gc,age         ] GC(1894) Age table with threshold 6 (max threshold 6)
[30.264s][trace][gc,age         ] GC(1894) - age   1:     400208 bytes,     400208 total
[30.264s][info ][gc,heap        ] GC(1894) ParNew: 140071K->396K(157376K)
[30.264s][info ][gc,heap        ] GC(1894) CMS: 3754K->3754K(349568K)
[30.264s][info ][gc,metaspace   ] GC(1894) Metaspace: 16026K(16640K)->16026K(16640K) NonClass: 14285K(14592K)->14285K(14592K) Class: 1740K(2048K)->1740K(2048K)
[30.264s][info ][gc             ] GC(1894) Pause Young (Allocation Failure) 140M->4M(495M) 0.445ms
[30.264s][info ][gc,cpu         ] GC(1894) User=0.00s Sys=0.00s Real=0.00s
[30.274s][info ][gc,start       ] GC(1895) Pause Young (Allocation Failure)
[30.274s][info ][gc,task        ] GC(1895) Using 9 workers of 9 for evacuation
[30.274s][debug][gc,age         ] GC(1895) Desired survivor size 8945664 bytes, new threshold 6 (max threshold 6)
[30.274s][trace][gc,age         ] GC(1895) Age table with threshold 6 (max threshold 6)
[30.274s][trace][gc,age         ] GC(1895) - age   1:        192 bytes,        192 total
[30.274s][info ][gc,heap        ] GC(1895) ParNew: 140270K->6K(157376K)
[30.274s][info ][gc,heap        ] GC(1895) CMS: 3754K->3754K(349568K)
[30.274s][info ][gc,metaspace   ] GC(1895) Metaspace: 16026K(16640K)->16026K(16640K) NonClass: 14285K(14592K)->14285K(14592K) Class: 1740K(2048K)->1740K(2048K)
[30.274s][info ][gc             ] GC(1895) Pause Young (Allocation Failure) 140M->3M(495M) 0.373ms
[30.274s][info ][gc,cpu         ] GC(1895) User=0.00s Sys=0.00s Real=0.00s
[30.284s][info ][gc,start       ] GC(1896) Pause Young (Allocation Failure)
[30.284s][info ][gc,task        ] GC(1896) Using 9 workers of 9 for evacuation
[30.284s][debug][gc,age         ] GC(1896) Desired survivor size 8945664 bytes, new threshold 6 (max threshold 6)
[30.284s][trace][gc,age         ] GC(1896) Age table with threshold 6 (max threshold 6)
[30.284s][trace][gc,age         ] GC(1896) - age   1:        192 bytes,        192 total
[30.284s][info ][gc,heap        ] GC(1896) ParNew: 139824K->6K(157376K)
[30.284s][info ][gc,heap        ] GC(1896) CMS: 3754K->3754K(349568K)
[30.284s][info ][gc,metaspace   ] GC(1896) Metaspace: 16026K(16640K)->16026K(16640K) NonClass: 14285K(14592K)->14285K(14592K) Class: 1740K(2048K)->1740K(2048K)
[30.284s][info ][gc             ] GC(1896) Pause Young (Allocation Failure) 140M->3M(495M) 0.440ms
[30.284s][info ][gc,cpu         ] GC(1896) User=0.00s Sys=0.00s Real=0.00s
[30.294s][info ][gc,start       ] GC(1897) Pause Young (Allocation Failure)
[30.294s][info ][gc,task        ] GC(1897) Using 9 workers of 9 for evacuation
[30.294s][debug][gc,age         ] GC(1897) Desired survivor size 8945664 bytes, new threshold 6 (max threshold 6)
[30.294s][trace][gc,age         ] GC(1897) Age table with threshold 6 (max threshold 6)
[30.294s][trace][gc,age         ] GC(1897) - age   1:     400208 bytes,     400208 total
[30.294s][info ][gc,heap        ] GC(1897) ParNew: 139520K->396K(157376K)
[30.294s][info ][gc,heap        ] GC(1897) CMS: 3754K->3754K(349568K)
[30.294s][info ][gc,metaspace   ] GC(1897) Metaspace: 16026K(16640K)->16026K(16640K) NonClass: 14285K(14592K)->14285K(14592K) Class: 1740K(2048K)->1740K(2048K)
[30.294s][info ][gc             ] GC(1897) Pause Young (Allocation Failure) 139M->4M(495M) 0.343ms
[30.294s][info ][gc,cpu         ] GC(1897) User=0.00s Sys=0.00s Real=0.00s
[30.304s][info ][gc,start       ] GC(1898) Pause Young (Allocation Failure)
[30.304s][info ][gc,task        ] GC(1898) Using 9 workers of 9 for evacuation
[30.304s][debug][gc,age         ] GC(1898) Desired survivor size 8945664 bytes, new threshold 6 (max threshold 6)
[30.304s][trace][gc,age         ] GC(1898) Age table with threshold 6 (max threshold 6)
[30.304s][trace][gc,age         ] GC(1898) - age   1:     400208 bytes,     400208 total
[30.304s][info ][gc,heap        ] GC(1898) ParNew: 140046K->398K(157376K)
[30.304s][info ][gc,heap        ] GC(1898) CMS: 3754K->3754K(349568K)
[30.304s][info ][gc,metaspace   ] GC(1898) Metaspace: 16026K(16640K)->16026K(16640K) NonClass: 14285K(14592K)->14285K(14592K) Class: 1740K(2048K)->1740K(2048K)
[30.304s][info ][gc             ] GC(1898) Pause Young (Allocation Failure) 140M->4M(495M) 0.522ms
[30.304s][info ][gc,cpu         ] GC(1898) User=0.01s Sys=0.00s Real=0.00s
[30.314s][info ][gc,start       ] GC(1899) Pause Young (Allocation Failure)
[30.314s][info ][gc,task        ] GC(1899) Using 9 workers of 9 for evacuation
[30.314s][debug][gc,age         ] GC(1899) Desired survivor size 8945664 bytes, new threshold 6 (max threshold 6)
[30.314s][trace][gc,age         ] GC(1899) Age table with threshold 6 (max threshold 6)
[30.314s][trace][gc,age         ] GC(1899) - age   1:     400208 bytes,     400208 total
[30.314s][info ][gc,heap        ] GC(1899) ParNew: 140074K->396K(157376K)
[30.314s][info ][gc,heap        ] GC(1899) CMS: 3754K->3754K(349568K)
[30.314s][info ][gc,metaspace   ] GC(1899) Metaspace: 16026K(16640K)->16026K(16640K) NonClass: 14285K(14592K)->14285K(14592K) Class: 1740K(2048K)->1740K(2048K)
[30.314s][info ][gc             ] GC(1899) Pause Young (Allocation Failure) 140M->4M(495M) 0.443ms
[30.314s][info ][gc,cpu         ] GC(1899) User=0.01s Sys=0.00s Real=0.00s
[30.323s][info ][gc,start       ] GC(1900) Pause Young (Allocation Failure)
[30.323s][info ][gc,task        ] GC(1900) Using 9 workers of 9 for evacuation
[30.324s][debug][gc,age         ] GC(1900) Desired survivor size 8945664 bytes, new threshold 6 (max threshold 6)
[30.324s][trace][gc,age         ] GC(1900) Age table with threshold 6 (max threshold 6)
[30.324s][trace][gc,age         ] GC(1900) - age   1:     400208 bytes,     400208 total
[30.324s][info ][gc,heap        ] GC(1900) ParNew: 140115K->394K(157376K)
[30.324s][info ][gc,heap        ] GC(1900) CMS: 3754K->3754K(349568K)
[30.324s][info ][gc,metaspace   ] GC(1900) Metaspace: 16026K(16640K)->16026K(16640K) NonClass: 14285K(14592K)->14285K(14592K) Class: 1740K(2048K)->1740K(2048K)
[30.324s][info ][gc             ] GC(1900) Pause Young (Allocation Failure) 140M->4M(495M) 0.384ms
[30.324s][info ][gc,cpu         ] GC(1900) User=0.01s Sys=0.00s Real=0.00s
[30.333s][info ][gc,start       ] GC(1901) Pause Young (Allocation Failure)
[30.333s][info ][gc,task        ] GC(1901) Using 9 workers of 9 for evacuation
[30.334s][debug][gc,age         ] GC(1901) Desired survivor size 8945664 bytes, new threshold 6 (max threshold 6)
[30.334s][trace][gc,age         ] GC(1901) Age table with threshold 6 (max threshold 6)
[30.334s][trace][gc,age         ] GC(1901) - age   1:     400208 bytes,     400208 total
[30.334s][info ][gc,heap        ] GC(1901) ParNew: 139967K->396K(157376K)
[30.334s][info ][gc,heap        ] GC(1901) CMS: 3754K->3754K(349568K)
[30.334s][info ][gc,metaspace   ] GC(1901) Metaspace: 16026K(16640K)->16026K(16640K) NonClass: 14285K(14592K)->14285K(14592K) Class: 1740K(2048K)->1740K(2048K)
[30.334s][info ][gc             ] GC(1901) Pause Young (Allocation Failure) 140M->4M(495M) 0.440ms
[30.334s][info ][gc,cpu         ] GC(1901) User=0.00s Sys=0.00s Real=0.00s
[30.343s][info ][gc,start       ] GC(1902) Pause Young (Allocation Failure)
[30.343s][info ][gc,task        ] GC(1902) Using 9 workers of 9 for evacuation
[30.344s][debug][gc,age         ] GC(1902) Desired survivor size 8945664 bytes, new threshold 6 (max threshold 6)
[30.344s][trace][gc,age         ] GC(1902) Age table with threshold 6 (max threshold 6)
[30.344s][trace][gc,age         ] GC(1902) - age   1:     400208 bytes,     400208 total
[30.344s][info ][gc,heap        ] GC(1902) ParNew: 140193K->396K(157376K)
[30.344s][info ][gc,heap        ] GC(1902) CMS: 3754K->3754K(349568K)
[30.344s][info ][gc,metaspace   ] GC(1902) Metaspace: 16026K(16640K)->16026K(16640K) NonClass: 14285K(14592K)->14285K(14592K) Class: 1740K(2048K)->1740K(2048K)
[30.344s][info ][gc             ] GC(1902) Pause Young (Allocation Failure) 140M->4M(495M) 0.464ms
[30.344s][info ][gc,cpu         ] GC(1902) User=0.00s Sys=0.00s Real=0.00s
[30.353s][info ][gc,start       ] GC(1903) Pause Young (Allocation Failure)
[30.353s][info ][gc,task        ] GC(1903) Using 9 workers of 9 for evacuation
[30.354s][debug][gc,age         ] GC(1903) Desired survivor size 8945664 bytes, new threshold 6 (max threshold 6)
[30.354s][trace][gc,age         ] GC(1903) Age table with threshold 6 (max threshold 6)
[30.354s][trace][gc,age         ] GC(1903) - age   1:     400208 bytes,     400208 total
[30.354s][info ][gc,heap        ] GC(1903) ParNew: 139986K->396K(157376K)
[30.354s][info ][gc,heap        ] GC(1903) CMS: 3754K->3754K(349568K)
[30.354s][info ][gc,metaspace   ] GC(1903) Metaspace: 16026K(16640K)->16026K(16640K) NonClass: 14285K(14592K)->14285K(14592K) Class: 1740K(2048K)->1740K(2048K)
[30.354s][info ][gc             ] GC(1903) Pause Young (Allocation Failure) 140M->4M(495M) 0.472ms
[30.354s][info ][gc,cpu         ] GC(1903) User=0.00s Sys=0.00s Real=0.00s
[30.363s][info ][gc,start       ] GC(1904) Pause Young (Allocation Failure)
[30.363s][info ][gc,task        ] GC(1904) Using 9 workers of 9 for evacuation
[30.364s][debug][gc,age         ] GC(1904) Desired survivor size 8945664 bytes, new threshold 6 (max threshold 6)
[30.364s][trace][gc,age         ] GC(1904) Age table with threshold 6 (max threshold 6)
[30.364s][trace][gc,age         ] GC(1904) - age   1:        192 bytes,        192 total
[30.364s][info ][gc,heap        ] GC(1904) ParNew: 140293K->6K(157376K)
[30.364s][info ][gc,heap        ] GC(1904) CMS: 3754K->3754K(349568K)
[30.364s][info ][gc,metaspace   ] GC(1904) Metaspace: 16026K(16640K)->16026K(16640K) NonClass: 14285K(14592K)->14285K(14592K) Class: 1740K(2048K)->1740K(2048K)
[30.364s][info ][gc             ] GC(1904) Pause Young (Allocation Failure) 140M->3M(495M) 0.463ms
[30.364s][info ][gc,cpu         ] GC(1904) User=0.00s Sys=0.00s Real=0.00s
[30.373s][info ][gc,start       ] GC(1905) Pause Young (Allocation Failure)
[30.373s][info ][gc,task        ] GC(1905) Using 9 workers of 9 for evacuation
[30.374s][debug][gc,age         ] GC(1905) Desired survivor size 8945664 bytes, new threshold 6 (max threshold 6)
[30.374s][trace][gc,age         ] GC(1905) Age table with threshold 6 (max threshold 6)
[30.374s][trace][gc,age         ] GC(1905) - age   1:        192 bytes,        192 total
[30.374s][info ][gc,heap        ] GC(1905) ParNew: 139734K->6K(157376K)
[30.374s][info ][gc,heap        ] GC(1905) CMS: 3754K->3754K(349568K)
[30.374s][info ][gc,metaspace   ] GC(1905) Metaspace: 16026K(16640K)->16026K(16640K) NonClass: 14285K(14592K)->14285K(14592K) Class: 1740K(2048K)->1740K(2048K)
[30.374s][info ][gc             ] GC(1905) Pause Young (Allocation Failure) 140M->3M(495M) 0.340ms
[30.374s][info ][gc,cpu         ] GC(1905) User=0.00s Sys=0.00s Real=0.00s
[30.383s][info ][gc,start       ] GC(1906) Pause Young (Allocation Failure)
[30.383s][info ][gc,task        ] GC(1906) Using 9 workers of 9 for evacuation
[30.384s][debug][gc,age         ] GC(1906) Desired survivor size 8945664 bytes, new threshold 6 (max threshold 6)
[30.384s][trace][gc,age         ] GC(1906) Age table with threshold 6 (max threshold 6)
[30.384s][trace][gc,age         ] GC(1906) - age   1:        192 bytes,        192 total
[30.384s][info ][gc,heap        ] GC(1906) ParNew: 139678K->4K(157376K)
[30.384s][info ][gc,heap        ] GC(1906) CMS: 3754K->3754K(349568K)
[30.384s][info ][gc,metaspace   ] GC(1906) Metaspace: 16026K(16640K)->16026K(16640K) NonClass: 14285K(14592K)->14285K(14592K) Class: 1740K(2048K)->1740K(2048K)
[30.384s][info ][gc             ] GC(1906) Pause Young (Allocation Failure) 140M->3M(495M) 0.462ms
[30.384s][info ][gc,cpu         ] GC(1906) User=0.00s Sys=0.00s Real=0.00s
[30.393s][info ][gc,start       ] GC(1907) Pause Young (Allocation Failure)
[30.393s][info ][gc,task        ] GC(1907) Using 9 workers of 9 for evacuation
[30.393s][debug][gc,age         ] GC(1907) Desired survivor size 8945664 bytes, new threshold 6 (max threshold 6)
[30.393s][trace][gc,age         ] GC(1907) Age table with threshold 6 (max threshold 6)
[30.393s][trace][gc,age         ] GC(1907) - age   1:        192 bytes,        192 total
[30.393s][info ][gc,heap        ] GC(1907) ParNew: 139820K->4K(157376K)
[30.393s][info ][gc,heap        ] GC(1907) CMS: 3754K->3754K(349568K)
[30.393s][info ][gc,metaspace   ] GC(1907) Metaspace: 16026K(16640K)->16026K(16640K) NonClass: 14285K(14592K)->14285K(14592K) Class: 1740K(2048K)->1740K(2048K)
[30.393s][info ][gc             ] GC(1907) Pause Young (Allocation Failure) 140M->3M(495M) 0.400ms
[30.393s][info ][gc,cpu         ] GC(1907) User=0.00s Sys=0.00s Real=0.00s
[30.403s][info ][gc,start       ] GC(1908) Pause Young (Allocation Failure)
[30.403s][info ][gc,task        ] GC(1908) Using 9 workers of 9 for evacuation
[30.403s][debug][gc,age         ] GC(1908) Desired survivor size 8945664 bytes, new threshold 6 (max threshold 6)
[30.403s][trace][gc,age         ] GC(1908) Age table with threshold 6 (max threshold 6)
[30.403s][trace][gc,age         ] GC(1908) - age   1:     400208 bytes,     400208 total
[30.403s][info ][gc,heap        ] GC(1908) ParNew: 139906K->396K(157376K)
[30.403s][info ][gc,heap        ] GC(1908) CMS: 3754K->3754K(349568K)
[30.403s][info ][gc,metaspace   ] GC(1908) Metaspace: 16026K(16640K)->16026K(16640K) NonClass: 14285K(14592K)->14285K(14592K) Class: 1740K(2048K)->1740K(2048K)
[30.403s][info ][gc             ] GC(1908) Pause Young (Allocation Failure) 140M->4M(495M) 0.416ms
[30.403s][info ][gc,cpu         ] GC(1908) User=0.01s Sys=0.00s Real=0.00s
[30.413s][info ][gc,start       ] GC(1909) Pause Young (Allocation Failure)
[30.413s][info ][gc,task        ] GC(1909) Using 9 workers of 9 for evacuation
[30.413s][debug][gc,age         ] GC(1909) Desired survivor size 8945664 bytes, new threshold 6 (max threshold 6)
[30.413s][trace][gc,age         ] GC(1909) Age table with threshold 6 (max threshold 6)
[30.413s][trace][gc,age         ] GC(1909) - age   1:     400208 bytes,     400208 total
[30.413s][info ][gc,heap        ] GC(1909) ParNew: 140012K->394K(157376K)
[30.413s][info ][gc,heap        ] GC(1909) CMS: 3754K->3754K(349568K)
[30.413s][info ][gc,metaspace   ] GC(1909) Metaspace: 16026K(16640K)->16026K(16640K) NonClass: 14285K(14592K)->14285K(14592K) Class: 1740K(2048K)->1740K(2048K)
[30.413s][info ][gc             ] GC(1909) Pause Young (Allocation Failure) 140M->4M(495M) 0.460ms
[30.413s][info ][gc,cpu         ] GC(1909) User=0.01s Sys=0.00s Real=0.00s
[30.423s][info ][gc,start       ] GC(1910) Pause Young (Allocation Failure)
[30.423s][info ][gc,task        ] GC(1910) Using 9 workers of 9 for evacuation
[30.423s][debug][gc,age         ] GC(1910) Desired survivor size 8945664 bytes, new threshold 6 (max threshold 6)
[30.423s][trace][gc,age         ] GC(1910) Age table with threshold 6 (max threshold 6)
[30.423s][trace][gc,age         ] GC(1910) - age   1:     400208 bytes,     400208 total
[30.423s][info ][gc,heap        ] GC(1910) ParNew: 140127K->396K(157376K)
[30.423s][info ][gc,heap        ] GC(1910) CMS: 3754K->3754K(349568K)
[30.423s][info ][gc,metaspace   ] GC(1910) Metaspace: 16026K(16640K)->16026K(16640K) NonClass: 14285K(14592K)->14285K(14592K) Class: 1740K(2048K)->1740K(2048K)
[30.423s][info ][gc             ] GC(1910) Pause Young (Allocation Failure) 140M->4M(495M) 0.394ms
[30.423s][info ][gc,cpu         ] GC(1910) User=0.00s Sys=0.01s Real=0.00s
[30.433s][info ][gc,start       ] GC(1911) Pause Young (Allocation Failure)
[30.433s][info ][gc,task        ] GC(1911) Using 9 workers of 9 for evacuation
[30.433s][debug][gc,age         ] GC(1911) Desired survivor size 8945664 bytes, new threshold 6 (max threshold 6)
[30.433s][trace][gc,age         ] GC(1911) Age table with threshold 6 (max threshold 6)
[30.433s][trace][gc,age         ] GC(1911) - age   1:     400208 bytes,     400208 total
[30.433s][info ][gc,heap        ] GC(1911) ParNew: 139938K->396K(157376K)
[30.433s][info ][gc,heap        ] GC(1911) CMS: 3754K->3754K(349568K)
[30.433s][info ][gc,metaspace   ] GC(1911) Metaspace: 16026K(16640K)->16026K(16640K) NonClass: 14285K(14592K)->14285K(14592K) Class: 1740K(2048K)->1740K(2048K)
[30.433s][info ][gc             ] GC(1911) Pause Young (Allocation Failure) 140M->4M(495M) 0.390ms
[30.433s][info ][gc,cpu         ] GC(1911) User=0.00s Sys=0.00s Real=0.00s
[30.443s][info ][gc,start       ] GC(1912) Pause Young (Allocation Failure)
[30.443s][info ][gc,task        ] GC(1912) Using 9 workers of 9 for evacuation
[30.443s][debug][gc,age         ] GC(1912) Desired survivor size 8945664 bytes, new threshold 6 (max threshold 6)
[30.443s][trace][gc,age         ] GC(1912) Age table with threshold 6 (max threshold 6)
[30.443s][trace][gc,age         ] GC(1912) - age   1:     400208 bytes,     400208 total
[30.443s][info ][gc,heap        ] GC(1912) ParNew: 139961K->396K(157376K)
[30.443s][info ][gc,heap        ] GC(1912) CMS: 3754K->3754K(349568K)
[30.443s][info ][gc,metaspace   ] GC(1912) Metaspace: 16026K(16640K)->16026K(16640K) NonClass: 14285K(14592K)->14285K(14592K) Class: 1740K(2048K)->1740K(2048K)
[30.443s][info ][gc             ] GC(1912) Pause Young (Allocation Failure) 140M->4M(495M) 0.524ms
[30.443s][info ][gc,cpu         ] GC(1912) User=0.00s Sys=0.00s Real=0.00s
[30.453s][info ][gc,start       ] GC(1913) Pause Young (Allocation Failure)
[30.453s][info ][gc,task        ] GC(1913) Using 9 workers of 9 for evacuation
[30.453s][debug][gc,age         ] GC(1913) Desired survivor size 8945664 bytes, new threshold 6 (max threshold 6)
[30.453s][trace][gc,age         ] GC(1913) Age table with threshold 6 (max threshold 6)
[30.453s][trace][gc,age         ] GC(1913) - age   1:        192 bytes,        192 total
[30.453s][info ][gc,heap        ] GC(1913) ParNew: 140122K->8K(157376K)
[30.453s][info ][gc,heap        ] GC(1913) CMS: 3754K->3754K(349568K)
[30.453s][info ][gc,metaspace   ] GC(1913) Metaspace: 16026K(16640K)->16026K(16640K) NonClass: 14285K(14592K)->14285K(14592K) Class: 1740K(2048K)->1740K(2048K)
[30.453s][info ][gc             ] GC(1913) Pause Young (Allocation Failure) 140M->3M(495M) 0.582ms
[30.453s][info ][gc,cpu         ] GC(1913) User=0.00s Sys=0.00s Real=0.00s
[30.463s][info ][gc,start       ] GC(1914) Pause Young (Allocation Failure)
[30.463s][info ][gc,task        ] GC(1914) Using 9 workers of 9 for evacuation
[30.464s][debug][gc,age         ] GC(1914) Desired survivor size 8945664 bytes, new threshold 6 (max threshold 6)
[30.464s][trace][gc,age         ] GC(1914) Age table with threshold 6 (max threshold 6)
[30.464s][trace][gc,age         ] GC(1914) - age   1:     400208 bytes,     400208 total
[30.464s][info ][gc,heap        ] GC(1914) ParNew: 139693K->396K(157376K)
[30.464s][info ][gc,heap        ] GC(1914) CMS: 3754K->3754K(349568K)
[30.464s][info ][gc,metaspace   ] GC(1914) Metaspace: 16026K(16640K)->16026K(16640K) NonClass: 14285K(14592K)->14285K(14592K) Class: 1740K(2048K)->1740K(2048K)
[30.464s][info ][gc             ] GC(1914) Pause Young (Allocation Failure) 140M->4M(495M) 0.424ms
[30.464s][info ][gc,cpu         ] GC(1914) User=0.00s Sys=0.00s Real=0.00s
[30.474s][info ][gc,start       ] GC(1915) Pause Young (Allocation Failure)
[30.474s][info ][gc,task        ] GC(1915) Using 9 workers of 9 for evacuation
[30.474s][debug][gc,age         ] GC(1915) Desired survivor size 8945664 bytes, new threshold 6 (max threshold 6)
[30.474s][trace][gc,age         ] GC(1915) Age table with threshold 6 (max threshold 6)
[30.474s][trace][gc,age         ] GC(1915) - age   1:     400208 bytes,     400208 total
[30.474s][info ][gc,heap        ] GC(1915) ParNew: 140259K->396K(157376K)
[30.474s][info ][gc,heap        ] GC(1915) CMS: 3754K->3754K(349568K)
[30.474s][info ][gc,metaspace   ] GC(1915) Metaspace: 16026K(16640K)->16026K(16640K) NonClass: 14285K(14592K)->14285K(14592K) Class: 1740K(2048K)->1740K(2048K)
[30.474s][info ][gc             ] GC(1915) Pause Young (Allocation Failure) 140M->4M(495M) 0.460ms
[30.474s][info ][gc,cpu         ] GC(1915) User=0.01s Sys=0.00s Real=0.00s
[30.484s][info ][gc,start       ] GC(1916) Pause Young (Allocation Failure)
[30.484s][info ][gc,task        ] GC(1916) Using 9 workers of 9 for evacuation
[30.484s][debug][gc,age         ] GC(1916) Desired survivor size 8945664 bytes, new threshold 6 (max threshold 6)
[30.484s][trace][gc,age         ] GC(1916) Age table with threshold 6 (max threshold 6)
[30.484s][trace][gc,age         ] GC(1916) - age   1:     400208 bytes,     400208 total
[30.484s][info ][gc,heap        ] GC(1916) ParNew: 139949K->396K(157376K)
[30.484s][info ][gc,heap        ] GC(1916) CMS: 3754K->3754K(349568K)
[30.484s][info ][gc,metaspace   ] GC(1916) Metaspace: 16026K(16640K)->16026K(16640K) NonClass: 14285K(14592K)->14285K(14592K) Class: 1740K(2048K)->1740K(2048K)
[30.484s][info ][gc             ] GC(1916) Pause Young (Allocation Failure) 140M->4M(495M) 0.552ms
[30.484s][info ][gc,cpu         ] GC(1916) User=0.01s Sys=0.00s Real=0.00s
[30.493s][info ][gc,start       ] GC(1917) Pause Young (Allocation Failure)
[30.493s][info ][gc,task        ] GC(1917) Using 9 workers of 9 for evacuation
[30.494s][debug][gc,age         ] GC(1917) Desired survivor size 8945664 bytes, new threshold 6 (max threshold 6)
[30.494s][trace][gc,age         ] GC(1917) Age table with threshold 6 (max threshold 6)
[30.494s][trace][gc,age         ] GC(1917) - age   1:        192 bytes,        192 total
[30.494s][info ][gc,heap        ] GC(1917) ParNew: 140212K->6K(157376K)
[30.494s][info ][gc,heap        ] GC(1917) CMS: 3754K->3754K(349568K)
[30.494s][info ][gc,metaspace   ] GC(1917) Metaspace: 16026K(16640K)->16026K(16640K) NonClass: 14285K(14592K)->14285K(14592K) Class: 1740K(2048K)->1740K(2048K)
[30.494s][info ][gc             ] GC(1917) Pause Young (Allocation Failure) 140M->3M(495M) 0.460ms
[30.494s][info ][gc,cpu         ] GC(1917) User=0.00s Sys=0.00s Real=0.00s
[30.504s][info ][gc,start       ] GC(1918) Pause Young (Allocation Failure)
[30.504s][info ][gc,task        ] GC(1918) Using 9 workers of 9 for evacuation
[30.504s][debug][gc,age         ] GC(1918) Desired survivor size 8945664 bytes, new threshold 6 (max threshold 6)
[30.504s][trace][gc,age         ] GC(1918) Age table with threshold 6 (max threshold 6)
[30.504s][trace][gc,age         ] GC(1918) - age   1:     400208 bytes,     400208 total
[30.504s][info ][gc,heap        ] GC(1918) ParNew: 139878K->396K(157376K)
[30.504s][info ][gc,heap        ] GC(1918) CMS: 3754K->3754K(349568K)
[30.504s][info ][gc,metaspace   ] GC(1918) Metaspace: 16026K(16640K)->16026K(16640K) NonClass: 14285K(14592K)->14285K(14592K) Class: 1740K(2048K)->1740K(2048K)
[30.504s][info ][gc             ] GC(1918) Pause Young (Allocation Failure) 140M->4M(495M) 0.390ms
[30.504s][info ][gc,cpu         ] GC(1918) User=0.00s Sys=0.00s Real=0.00s
[30.513s][info ][gc,start       ] GC(1919) Pause Young (Allocation Failure)
[30.513s][info ][gc,task        ] GC(1919) Using 9 workers of 9 for evacuation
[30.514s][debug][gc,age         ] GC(1919) Desired survivor size 8945664 bytes, new threshold 6 (max threshold 6)
[30.514s][trace][gc,age         ] GC(1919) Age table with threshold 6 (max threshold 6)
[30.514s][trace][gc,age         ] GC(1919) - age   1:        192 bytes,        192 total
[30.514s][info ][gc,heap        ] GC(1919) ParNew: 140173K->6K(157376K)
[30.514s][info ][gc,heap        ] GC(1919) CMS: 3754K->3754K(349568K)
[30.514s][info ][gc,metaspace   ] GC(1919) Metaspace: 16026K(16640K)->16026K(16640K) NonClass: 14285K(14592K)->14285K(14592K) Class: 1740K(2048K)->1740K(2048K)
[30.514s][info ][gc             ] GC(1919) Pause Young (Allocation Failure) 140M->3M(495M) 0.440ms
[30.514s][info ][gc,cpu         ] GC(1919) User=0.00s Sys=0.00s Real=0.00s
[30.523s][info ][gc,start       ] GC(1920) Pause Young (Allocation Failure)
[30.523s][info ][gc,task        ] GC(1920) Using 9 workers of 9 for evacuation
[30.524s][debug][gc,age         ] GC(1920) Desired survivor size 8945664 bytes, new threshold 6 (max threshold 6)
[30.524s][trace][gc,age         ] GC(1920) Age table with threshold 6 (max threshold 6)
[30.524s][trace][gc,age         ] GC(1920) - age   1:     400208 bytes,     400208 total
[30.524s][info ][gc,heap        ] GC(1920) ParNew: 139591K->396K(157376K)
[30.524s][info ][gc,heap        ] GC(1920) CMS: 3754K->3754K(349568K)
[30.524s][info ][gc,metaspace   ] GC(1920) Metaspace: 16026K(16640K)->16026K(16640K) NonClass: 14285K(14592K)->14285K(14592K) Class: 1740K(2048K)->1740K(2048K)
[30.524s][info ][gc             ] GC(1920) Pause Young (Allocation Failure) 139M->4M(495M) 0.384ms
[30.524s][info ][gc,cpu         ] GC(1920) User=0.00s Sys=0.00s Real=0.00s
[30.533s][info ][gc,start       ] GC(1921) Pause Young (Allocation Failure)
[30.533s][info ][gc,task        ] GC(1921) Using 9 workers of 9 for evacuation
[30.534s][debug][gc,age         ] GC(1921) Desired survivor size 8945664 bytes, new threshold 6 (max threshold 6)
[30.534s][trace][gc,age         ] GC(1921) Age table with threshold 6 (max threshold 6)
[30.534s][trace][gc,age         ] GC(1921) - age   1:     400208 bytes,     400208 total
[30.534s][info ][gc,heap        ] GC(1921) ParNew: 140246K->396K(157376K)
[30.534s][info ][gc,heap        ] GC(1921) CMS: 3754K->3754K(349568K)
[30.534s][info ][gc,metaspace   ] GC(1921) Metaspace: 16026K(16640K)->16026K(16640K) NonClass: 14285K(14592K)->14285K(14592K) Class: 1740K(2048K)->1740K(2048K)
[30.534s][info ][gc             ] GC(1921) Pause Young (Allocation Failure) 140M->4M(495M) 0.524ms
[30.534s][info ][gc,cpu         ] GC(1921) User=0.00s Sys=0.00s Real=0.00s
[30.543s][info ][gc,start       ] GC(1922) Pause Young (Allocation Failure)
[30.543s][info ][gc,task        ] GC(1922) Using 9 workers of 9 for evacuation
[30.544s][debug][gc,age         ] GC(1922) Desired survivor size 8945664 bytes, new threshold 6 (max threshold 6)
[30.544s][trace][gc,age         ] GC(1922) Age table with threshold 6 (max threshold 6)
[30.544s][trace][gc,age         ] GC(1922) - age   1:        192 bytes,        192 total
[30.544s][info ][gc,heap        ] GC(1922) ParNew: 139981K->6K(157376K)
[30.544s][info ][gc,heap        ] GC(1922) CMS: 3754K->3754K(349568K)
[30.544s][info ][gc,metaspace   ] GC(1922) Metaspace: 16026K(16640K)->16026K(16640K) NonClass: 14285K(14592K)->14285K(14592K) Class: 1740K(2048K)->1740K(2048K)
[30.544s][info ][gc             ] GC(1922) Pause Young (Allocation Failure) 140M->3M(495M) 1.199ms
[30.544s][info ][gc,cpu         ] GC(1922) User=0.01s Sys=0.00s Real=0.00s
[30.554s][info ][gc,start       ] GC(1923) Pause Young (Allocation Failure)
[30.554s][info ][gc,task        ] GC(1923) Using 9 workers of 9 for evacuation
[30.554s][debug][gc,age         ] GC(1923) Desired survivor size 8945664 bytes, new threshold 6 (max threshold 6)
[30.554s][trace][gc,age         ] GC(1923) Age table with threshold 6 (max threshold 6)
[30.554s][trace][gc,age         ] GC(1923) - age   1:        192 bytes,        192 total
[30.554s][info ][gc,heap        ] GC(1923) ParNew: 139611K->8K(157376K)
[30.554s][info ][gc,heap        ] GC(1923) CMS: 3754K->3754K(349568K)
[30.554s][info ][gc,metaspace   ] GC(1923) Metaspace: 16026K(16640K)->16026K(16640K) NonClass: 14285K(14592K)->14285K(14592K) Class: 1740K(2048K)->1740K(2048K)
[30.554s][info ][gc             ] GC(1923) Pause Young (Allocation Failure) 140M->3M(495M) 0.463ms
[30.554s][info ][gc,cpu         ] GC(1923) User=0.00s Sys=0.00s Real=0.00s
[30.564s][info ][gc,start       ] GC(1924) Pause Young (Allocation Failure)
[30.564s][info ][gc,task        ] GC(1924) Using 9 workers of 9 for evacuation
[30.564s][debug][gc,age         ] GC(1924) Desired survivor size 8945664 bytes, new threshold 6 (max threshold 6)
[30.564s][trace][gc,age         ] GC(1924) Age table with threshold 6 (max threshold 6)
[30.564s][trace][gc,age         ] GC(1924) - age   1:     400208 bytes,     400208 total
[30.564s][info ][gc,heap        ] GC(1924) ParNew: 139774K->396K(157376K)
[30.564s][info ][gc,heap        ] GC(1924) CMS: 3754K->3754K(349568K)
[30.564s][info ][gc,metaspace   ] GC(1924) Metaspace: 16026K(16640K)->16026K(16640K) NonClass: 14285K(14592K)->14285K(14592K) Class: 1740K(2048K)->1740K(2048K)
[30.564s][info ][gc             ] GC(1924) Pause Young (Allocation Failure) 140M->4M(495M) 0.492ms
[30.564s][info ][gc,cpu         ] GC(1924) User=0.00s Sys=0.00s Real=0.00s
[30.574s][info ][gc,start       ] GC(1925) Pause Young (Allocation Failure)
[30.574s][info ][gc,task        ] GC(1925) Using 9 workers of 9 for evacuation
[30.574s][debug][gc,age         ] GC(1925) Desired survivor size 8945664 bytes, new threshold 6 (max threshold 6)
[30.574s][trace][gc,age         ] GC(1925) Age table with threshold 6 (max threshold 6)
[30.574s][trace][gc,age         ] GC(1925) - age   1:     400208 bytes,     400208 total
[30.574s][info ][gc,heap        ] GC(1925) ParNew: 140144K->398K(157376K)
[30.574s][info ][gc,heap        ] GC(1925) CMS: 3754K->3754K(349568K)
[30.574s][info ][gc,metaspace   ] GC(1925) Metaspace: 16026K(16640K)->16026K(16640K) NonClass: 14285K(14592K)->14285K(14592K) Class: 1740K(2048K)->1740K(2048K)
[30.574s][info ][gc             ] GC(1925) Pause Young (Allocation Failure) 140M->4M(495M) 0.413ms
[30.574s][info ][gc,cpu         ] GC(1925) User=0.00s Sys=0.00s Real=0.00s
[30.584s][info ][gc,start       ] GC(1926) Pause Young (Allocation Failure)
[30.584s][info ][gc,task        ] GC(1926) Using 9 workers of 9 for evacuation
[30.585s][debug][gc,age         ] GC(1926) Desired survivor size 8945664 bytes, new threshold 6 (max threshold 6)
[30.585s][trace][gc,age         ] GC(1926) Age table with threshold 6 (max threshold 6)
[30.585s][trace][gc,age         ] GC(1926) - age   1:     400208 bytes,     400208 total
[30.585s][info ][gc,heap        ] GC(1926) ParNew: 139944K->394K(157376K)
[30.585s][info ][gc,heap        ] GC(1926) CMS: 3754K->3754K(349568K)
[30.585s][info ][gc,metaspace   ] GC(1926) Metaspace: 16026K(16640K)->16026K(16640K) NonClass: 14285K(14592K)->14285K(14592K) Class: 1740K(2048K)->1740K(2048K)
[30.585s][info ][gc             ] GC(1926) Pause Young (Allocation Failure) 140M->4M(495M) 0.511ms
[30.585s][info ][gc,cpu         ] GC(1926) User=0.00s Sys=0.00s Real=0.00s
[30.594s][info ][gc,start       ] GC(1927) Pause Young (Allocation Failure)
[30.595s][info ][gc,task        ] GC(1927) Using 9 workers of 9 for evacuation
[30.595s][debug][gc,age         ] GC(1927) Desired survivor size 8945664 bytes, new threshold 6 (max threshold 6)
[30.595s][trace][gc,age         ] GC(1927) Age table with threshold 6 (max threshold 6)
[30.595s][trace][gc,age         ] GC(1927) - age   1:     400208 bytes,     400208 total
[30.595s][info ][gc,heap        ] GC(1927) ParNew: 140276K->398K(157376K)
[30.595s][info ][gc,heap        ] GC(1927) CMS: 3754K->3754K(349568K)
[30.595s][info ][gc,metaspace   ] GC(1927) Metaspace: 16026K(16640K)->16026K(16640K) NonClass: 14285K(14592K)->14285K(14592K) Class: 1740K(2048K)->1740K(2048K)
[30.595s][info ][gc             ] GC(1927) Pause Young (Allocation Failure) 140M->4M(495M) 0.506ms
[30.595s][info ][gc,cpu         ] GC(1927) User=0.00s Sys=0.00s Real=0.00s
[30.604s][info ][gc,start       ] GC(1928) Pause Young (Allocation Failure)
[30.605s][info ][gc,task        ] GC(1928) Using 9 workers of 9 for evacuation
[30.605s][debug][gc,age         ] GC(1928) Desired survivor size 8945664 bytes, new threshold 6 (max threshold 6)
[30.605s][trace][gc,age         ] GC(1928) Age table with threshold 6 (max threshold 6)
[30.605s][trace][gc,age         ] GC(1928) - age   1:     400208 bytes,     400208 total
[30.605s][info ][gc,heap        ] GC(1928) ParNew: 140104K->398K(157376K)
[30.605s][info ][gc,heap        ] GC(1928) CMS: 3754K->3754K(349568K)
[30.605s][info ][gc,metaspace   ] GC(1928) Metaspace: 16026K(16640K)->16026K(16640K) NonClass: 14285K(14592K)->14285K(14592K) Class: 1740K(2048K)->1740K(2048K)
[30.605s][info ][gc             ] GC(1928) Pause Young (Allocation Failure) 140M->4M(495M) 0.459ms
[30.605s][info ][gc,cpu         ] GC(1928) User=0.00s Sys=0.00s Real=0.00s
[30.614s][info ][gc,start       ] GC(1929) Pause Young (Allocation Failure)
[30.614s][info ][gc,task        ] GC(1929) Using 9 workers of 9 for evacuation
[30.615s][debug][gc,age         ] GC(1929) Desired survivor size 8945664 bytes, new threshold 6 (max threshold 6)
[30.615s][trace][gc,age         ] GC(1929) Age table with threshold 6 (max threshold 6)
[30.615s][trace][gc,age         ] GC(1929) - age   1:     400208 bytes,     400208 total
[30.615s][info ][gc,heap        ] GC(1929) ParNew: 139945K->396K(157376K)
[30.615s][info ][gc,heap        ] GC(1929) CMS: 3754K->3754K(349568K)
[30.615s][info ][gc,metaspace   ] GC(1929) Metaspace: 16026K(16640K)->16026K(16640K) NonClass: 14285K(14592K)->14285K(14592K) Class: 1740K(2048K)->1740K(2048K)
[30.615s][info ][gc             ] GC(1929) Pause Young (Allocation Failure) 140M->4M(495M) 0.525ms
[30.615s][info ][gc,cpu         ] GC(1929) User=0.01s Sys=0.00s Real=0.00s
[30.624s][info ][gc,start       ] GC(1930) Pause Young (Allocation Failure)
[30.624s][info ][gc,task        ] GC(1930) Using 9 workers of 9 for evacuation
[30.625s][debug][gc,age         ] GC(1930) Desired survivor size 8945664 bytes, new threshold 6 (max threshold 6)
[30.625s][trace][gc,age         ] GC(1930) Age table with threshold 6 (max threshold 6)
[30.625s][trace][gc,age         ] GC(1930) - age   1:     400208 bytes,     400208 total
[30.625s][info ][gc,heap        ] GC(1930) ParNew: 139929K->396K(157376K)
[30.625s][info ][gc,heap        ] GC(1930) CMS: 3754K->3754K(349568K)
[30.625s][info ][gc,metaspace   ] GC(1930) Metaspace: 16026K(16640K)->16026K(16640K) NonClass: 14285K(14592K)->14285K(14592K) Class: 1740K(2048K)->1740K(2048K)
[30.625s][info ][gc             ] GC(1930) Pause Young (Allocation Failure) 140M->4M(495M) 0.576ms
[30.625s][info ][gc,cpu         ] GC(1930) User=0.00s Sys=0.00s Real=0.00s
[30.634s][info ][gc,start       ] GC(1931) Pause Young (Allocation Failure)
[30.635s][info ][gc,task        ] GC(1931) Using 9 workers of 9 for evacuation
[30.635s][debug][gc,age         ] GC(1931) Desired survivor size 8945664 bytes, new threshold 6 (max threshold 6)
[30.635s][trace][gc,age         ] GC(1931) Age table with threshold 6 (max threshold 6)
[30.635s][trace][gc,age         ] GC(1931) - age   1:        192 bytes,        192 total
[30.635s][info ][gc,heap        ] GC(1931) ParNew: 140144K->4K(157376K)
[30.635s][info ][gc,heap        ] GC(1931) CMS: 3754K->3754K(349568K)
[30.635s][info ][gc,metaspace   ] GC(1931) Metaspace: 16026K(16640K)->16026K(16640K) NonClass: 14285K(14592K)->14285K(14592K) Class: 1740K(2048K)->1740K(2048K)
[30.635s][info ][gc             ] GC(1931) Pause Young (Allocation Failure) 140M->3M(495M) 0.483ms
[30.635s][info ][gc,cpu         ] GC(1931) User=0.00s Sys=0.00s Real=0.00s
[30.644s][info ][gc,start       ] GC(1932) Pause Young (Allocation Failure)
[30.645s][info ][gc,task        ] GC(1932) Using 9 workers of 9 for evacuation
[30.645s][debug][gc,age         ] GC(1932) Desired survivor size 8945664 bytes, new threshold 6 (max threshold 6)
[30.645s][trace][gc,age         ] GC(1932) Age table with threshold 6 (max threshold 6)
[30.645s][trace][gc,age         ] GC(1932) - age   1:        192 bytes,        192 total
[30.645s][info ][gc,heap        ] GC(1932) ParNew: 139696K->6K(157376K)
[30.645s][info ][gc,heap        ] GC(1932) CMS: 3754K->3754K(349568K)
[30.645s][info ][gc,metaspace   ] GC(1932) Metaspace: 16026K(16640K)->16026K(16640K) NonClass: 14285K(14592K)->14285K(14592K) Class: 1740K(2048K)->1740K(2048K)
[30.645s][info ][gc             ] GC(1932) Pause Young (Allocation Failure) 140M->3M(495M) 0.421ms
[30.645s][info ][gc,cpu         ] GC(1932) User=0.00s Sys=0.00s Real=0.00s
[30.654s][info ][gc,start       ] GC(1933) Pause Young (Allocation Failure)
[30.654s][info ][gc,task        ] GC(1933) Using 9 workers of 9 for evacuation
[30.655s][debug][gc,age         ] GC(1933) Desired survivor size 8945664 bytes, new threshold 6 (max threshold 6)
[30.655s][trace][gc,age         ] GC(1933) Age table with threshold 6 (max threshold 6)
[30.655s][trace][gc,age         ] GC(1933) - age   1:        192 bytes,        192 total
[30.655s][info ][gc,heap        ] GC(1933) ParNew: 139635K->6K(157376K)
[30.655s][info ][gc,heap        ] GC(1933) CMS: 3754K->3754K(349568K)
[30.655s][info ][gc,metaspace   ] GC(1933) Metaspace: 16026K(16640K)->16026K(16640K) NonClass: 14285K(14592K)->14285K(14592K) Class: 1740K(2048K)->1740K(2048K)
[30.655s][info ][gc             ] GC(1933) Pause Young (Allocation Failure) 140M->3M(495M) 0.388ms
[30.655s][info ][gc,cpu         ] GC(1933) User=0.00s Sys=0.00s Real=0.00s
[30.664s][info ][gc,start       ] GC(1934) Pause Young (Allocation Failure)
[30.664s][info ][gc,task        ] GC(1934) Using 9 workers of 9 for evacuation
[30.665s][debug][gc,age         ] GC(1934) Desired survivor size 8945664 bytes, new threshold 6 (max threshold 6)
[30.665s][trace][gc,age         ] GC(1934) Age table with threshold 6 (max threshold 6)
[30.665s][trace][gc,age         ] GC(1934) - age   1:        192 bytes,        192 total
[30.665s][info ][gc,heap        ] GC(1934) ParNew: 139866K->6K(157376K)
[30.665s][info ][gc,heap        ] GC(1934) CMS: 3754K->3754K(349568K)
[30.665s][info ][gc,metaspace   ] GC(1934) Metaspace: 16026K(16640K)->16026K(16640K) NonClass: 14285K(14592K)->14285K(14592K) Class: 1740K(2048K)->1740K(2048K)
[30.665s][info ][gc             ] GC(1934) Pause Young (Allocation Failure) 140M->3M(495M) 0.454ms
[30.665s][info ][gc,cpu         ] GC(1934) User=0.00s Sys=0.00s Real=0.00s
[30.674s][info ][gc,start       ] GC(1935) Pause Young (Allocation Failure)
[30.674s][info ][gc,task        ] GC(1935) Using 9 workers of 9 for evacuation
[30.675s][debug][gc,age         ] GC(1935) Desired survivor size 8945664 bytes, new threshold 6 (max threshold 6)
[30.675s][trace][gc,age         ] GC(1935) Age table with threshold 6 (max threshold 6)
[30.675s][trace][gc,age         ] GC(1935) - age   1:        192 bytes,        192 total
[30.675s][info ][gc,heap        ] GC(1935) ParNew: 139526K->6K(157376K)
[30.675s][info ][gc,heap        ] GC(1935) CMS: 3754K->3754K(349568K)
[30.675s][info ][gc,metaspace   ] GC(1935) Metaspace: 16026K(16640K)->16026K(16640K) NonClass: 14285K(14592K)->14285K(14592K) Class: 1740K(2048K)->1740K(2048K)
[30.675s][info ][gc             ] GC(1935) Pause Young (Allocation Failure) 139M->3M(495M) 0.423ms
[30.675s][info ][gc,cpu         ] GC(1935) User=0.00s Sys=0.00s Real=0.00s
[30.684s][info ][gc,start       ] GC(1936) Pause Young (Allocation Failure)
[30.684s][info ][gc,task        ] GC(1936) Using 9 workers of 9 for evacuation
[30.685s][debug][gc,age         ] GC(1936) Desired survivor size 8945664 bytes, new threshold 6 (max threshold 6)
[30.685s][trace][gc,age         ] GC(1936) Age table with threshold 6 (max threshold 6)
[30.685s][trace][gc,age         ] GC(1936) - age   1:     400208 bytes,     400208 total
[30.685s][info ][gc,heap        ] GC(1936) ParNew: 139851K->396K(157376K)
[30.685s][info ][gc,heap        ] GC(1936) CMS: 3754K->3754K(349568K)
[30.685s][info ][gc,metaspace   ] GC(1936) Metaspace: 16026K(16640K)->16026K(16640K) NonClass: 14285K(14592K)->14285K(14592K) Class: 1740K(2048K)->1740K(2048K)
[30.685s][info ][gc             ] GC(1936) Pause Young (Allocation Failure) 140M->4M(495M) 0.486ms
[30.685s][info ][gc,cpu         ] GC(1936) User=0.00s Sys=0.00s Real=0.00s
[30.694s][info ][gc,start       ] GC(1937) Pause Young (Allocation Failure)
[30.694s][info ][gc,task        ] GC(1937) Using 9 workers of 9 for evacuation
[30.695s][debug][gc,age         ] GC(1937) Desired survivor size 8945664 bytes, new threshold 6 (max threshold 6)
[30.695s][trace][gc,age         ] GC(1937) Age table with threshold 6 (max threshold 6)
[30.695s][trace][gc,age         ] GC(1937) - age   1:     400208 bytes,     400208 total
[30.695s][info ][gc,heap        ] GC(1937) ParNew: 140219K->396K(157376K)
[30.695s][info ][gc,heap        ] GC(1937) CMS: 3754K->3754K(349568K)
[30.695s][info ][gc,metaspace   ] GC(1937) Metaspace: 16026K(16640K)->16026K(16640K) NonClass: 14285K(14592K)->14285K(14592K) Class: 1740K(2048K)->1740K(2048K)
[30.695s][info ][gc             ] GC(1937) Pause Young (Allocation Failure) 140M->4M(495M) 0.678ms
[30.695s][info ][gc,cpu         ] GC(1937) User=0.01s Sys=0.00s Real=0.00s
[30.704s][info ][gc,start       ] GC(1938) Pause Young (Allocation Failure)
[30.704s][info ][gc,task        ] GC(1938) Using 9 workers of 9 for evacuation
[30.705s][debug][gc,age         ] GC(1938) Desired survivor size 8945664 bytes, new threshold 6 (max threshold 6)
[30.705s][trace][gc,age         ] GC(1938) Age table with threshold 6 (max threshold 6)
[30.705s][trace][gc,age         ] GC(1938) - age   1:     400208 bytes,     400208 total
[30.705s][info ][gc,heap        ] GC(1938) ParNew: 140088K->396K(157376K)
[30.705s][info ][gc,heap        ] GC(1938) CMS: 3754K->3754K(349568K)
[30.705s][info ][gc,metaspace   ] GC(1938) Metaspace: 16026K(16640K)->16026K(16640K) NonClass: 14285K(14592K)->14285K(14592K) Class: 1740K(2048K)->1740K(2048K)
[30.705s][info ][gc             ] GC(1938) Pause Young (Allocation Failure) 140M->4M(495M) 0.462ms
[30.705s][info ][gc,cpu         ] GC(1938) User=0.01s Sys=0.00s Real=0.00s
[30.714s][info ][gc,start       ] GC(1939) Pause Young (Allocation Failure)
[30.714s][info ][gc,task        ] GC(1939) Using 9 workers of 9 for evacuation
[30.715s][debug][gc,age         ] GC(1939) Desired survivor size 8945664 bytes, new threshold 6 (max threshold 6)
[30.715s][trace][gc,age         ] GC(1939) Age table with threshold 6 (max threshold 6)
[30.715s][trace][gc,age         ] GC(1939) - age   1:     400208 bytes,     400208 total
[30.715s][info ][gc,heap        ] GC(1939) ParNew: 140275K->396K(157376K)
[30.715s][info ][gc,heap        ] GC(1939) CMS: 3754K->3754K(349568K)
[30.715s][info ][gc,metaspace   ] GC(1939) Metaspace: 16026K(16640K)->16026K(16640K) NonClass: 14285K(14592K)->14285K(14592K) Class: 1740K(2048K)->1740K(2048K)
[30.715s][info ][gc             ] GC(1939) Pause Young (Allocation Failure) 140M->4M(495M) 0.632ms
[30.715s][info ][gc,cpu         ] GC(1939) User=0.00s Sys=0.01s Real=0.00s
[30.725s][info ][gc,start       ] GC(1940) Pause Young (Allocation Failure)
[30.725s][info ][gc,task        ] GC(1940) Using 9 workers of 9 for evacuation
[30.725s][debug][gc,age         ] GC(1940) Desired survivor size 8945664 bytes, new threshold 6 (max threshold 6)
[30.725s][trace][gc,age         ] GC(1940) Age table with threshold 6 (max threshold 6)
[30.725s][trace][gc,age         ] GC(1940) - age   1:     400208 bytes,     400208 total
[30.725s][info ][gc,heap        ] GC(1940) ParNew: 139956K->398K(157376K)
[30.725s][info ][gc,heap        ] GC(1940) CMS: 3754K->3754K(349568K)
[30.725s][info ][gc,metaspace   ] GC(1940) Metaspace: 16026K(16640K)->16026K(16640K) NonClass: 14285K(14592K)->14285K(14592K) Class: 1740K(2048K)->1740K(2048K)
[30.725s][info ][gc             ] GC(1940) Pause Young (Allocation Failure) 140M->4M(495M) 0.544ms
[30.725s][info ][gc,cpu         ] GC(1940) User=0.00s Sys=0.00s Real=0.00s
[30.735s][info ][gc,start       ] GC(1941) Pause Young (Allocation Failure)
[30.735s][info ][gc,task        ] GC(1941) Using 9 workers of 9 for evacuation
[30.735s][debug][gc,age         ] GC(1941) Desired survivor size 8945664 bytes, new threshold 6 (max threshold 6)
[30.735s][trace][gc,age         ] GC(1941) Age table with threshold 6 (max threshold 6)
[30.735s][trace][gc,age         ] GC(1941) - age   1:        192 bytes,        192 total
[30.735s][info ][gc,heap        ] GC(1941) ParNew: 139983K->6K(157376K)
[30.735s][info ][gc,heap        ] GC(1941) CMS: 3754K->3754K(349568K)
[30.735s][info ][gc,metaspace   ] GC(1941) Metaspace: 16026K(16640K)->16026K(16640K) NonClass: 14285K(14592K)->14285K(14592K) Class: 1740K(2048K)->1740K(2048K)
[30.735s][info ][gc             ] GC(1941) Pause Young (Allocation Failure) 140M->3M(495M) 0.461ms
[30.735s][info ][gc,cpu         ] GC(1941) User=0.00s Sys=0.00s Real=0.00s
[30.745s][info ][gc,start       ] GC(1942) Pause Young (Allocation Failure)
[30.745s][info ][gc,task        ] GC(1942) Using 9 workers of 9 for evacuation
[30.745s][debug][gc,age         ] GC(1942) Desired survivor size 8945664 bytes, new threshold 6 (max threshold 6)
[30.745s][trace][gc,age         ] GC(1942) Age table with threshold 6 (max threshold 6)
[30.745s][trace][gc,age         ] GC(1942) - age   1:     400208 bytes,     400208 total
[30.745s][info ][gc,heap        ] GC(1942) ParNew: 139859K->396K(157376K)
[30.745s][info ][gc,heap        ] GC(1942) CMS: 3754K->3754K(349568K)
[30.745s][info ][gc,metaspace   ] GC(1942) Metaspace: 16026K(16640K)->16026K(16640K) NonClass: 14285K(14592K)->14285K(14592K) Class: 1740K(2048K)->1740K(2048K)
[30.745s][info ][gc             ] GC(1942) Pause Young (Allocation Failure) 140M->4M(495M) 0.472ms
[30.745s][info ][gc,cpu         ] GC(1942) User=0.00s Sys=0.00s Real=0.00s
[30.754s][info ][gc,start       ] GC(1943) Pause Young (Allocation Failure)
[30.755s][info ][gc,task        ] GC(1943) Using 9 workers of 9 for evacuation
[30.755s][debug][gc,age         ] GC(1943) Desired survivor size 8945664 bytes, new threshold 6 (max threshold 6)
[30.755s][trace][gc,age         ] GC(1943) Age table with threshold 6 (max threshold 6)
[30.755s][trace][gc,age         ] GC(1943) - age   1:     400208 bytes,     400208 total
[30.755s][info ][gc,heap        ] GC(1943) ParNew: 139918K->396K(157376K)
[30.755s][info ][gc,heap        ] GC(1943) CMS: 3754K->3754K(349568K)
[30.755s][info ][gc,metaspace   ] GC(1943) Metaspace: 16026K(16640K)->16026K(16640K) NonClass: 14285K(14592K)->14285K(14592K) Class: 1740K(2048K)->1740K(2048K)
[30.755s][info ][gc             ] GC(1943) Pause Young (Allocation Failure) 140M->4M(495M) 0.448ms
[30.755s][info ][gc,cpu         ] GC(1943) User=0.00s Sys=0.00s Real=0.00s
[30.764s][info ][gc,start       ] GC(1944) Pause Young (Allocation Failure)
[30.764s][info ][gc,task        ] GC(1944) Using 9 workers of 9 for evacuation
[30.765s][debug][gc,age         ] GC(1944) Desired survivor size 8945664 bytes, new threshold 6 (max threshold 6)
[30.765s][trace][gc,age         ] GC(1944) Age table with threshold 6 (max threshold 6)
[30.765s][trace][gc,age         ] GC(1944) - age   1:     400208 bytes,     400208 total
[30.765s][info ][gc,heap        ] GC(1944) ParNew: 139976K->398K(157376K)
[30.765s][info ][gc,heap        ] GC(1944) CMS: 3754K->3754K(349568K)
[30.765s][info ][gc,metaspace   ] GC(1944) Metaspace: 16026K(16640K)->16026K(16640K) NonClass: 14285K(14592K)->14285K(14592K) Class: 1740K(2048K)->1740K(2048K)
[30.765s][info ][gc             ] GC(1944) Pause Young (Allocation Failure) 140M->4M(495M) 0.492ms
[30.765s][info ][gc,cpu         ] GC(1944) User=0.00s Sys=0.00s Real=0.00s
[30.775s][info ][gc,start       ] GC(1945) Pause Young (Allocation Failure)
[30.775s][info ][gc,task        ] GC(1945) Using 9 workers of 9 for evacuation
[30.775s][debug][gc,age         ] GC(1945) Desired survivor size 8945664 bytes, new threshold 6 (max threshold 6)
[30.775s][trace][gc,age         ] GC(1945) Age table with threshold 6 (max threshold 6)
[30.775s][trace][gc,age         ] GC(1945) - age   1:     400208 bytes,     400208 total
[30.775s][info ][gc,heap        ] GC(1945) ParNew: 140288K->396K(157376K)
[30.775s][info ][gc,heap        ] GC(1945) CMS: 3754K->3754K(349568K)
[30.775s][info ][gc,metaspace   ] GC(1945) Metaspace: 16026K(16640K)->16026K(16640K) NonClass: 14285K(14592K)->14285K(14592K) Class: 1740K(2048K)->1740K(2048K)
[30.775s][info ][gc             ] GC(1945) Pause Young (Allocation Failure) 140M->4M(495M) 0.429ms
[30.775s][info ][gc,cpu         ] GC(1945) User=0.00s Sys=0.00s Real=0.00s
[30.785s][info ][gc,start       ] GC(1946) Pause Young (Allocation Failure)
[30.785s][info ][gc,task        ] GC(1946) Using 9 workers of 9 for evacuation
[30.785s][debug][gc,age         ] GC(1946) Desired survivor size 8945664 bytes, new threshold 6 (max threshold 6)
[30.785s][trace][gc,age         ] GC(1946) Age table with threshold 6 (max threshold 6)
[30.785s][trace][gc,age         ] GC(1946) - age   1:     400208 bytes,     400208 total
[30.785s][info ][gc,heap        ] GC(1946) ParNew: 140218K->396K(157376K)
[30.785s][info ][gc,heap        ] GC(1946) CMS: 3754K->3754K(349568K)
[30.785s][info ][gc,metaspace   ] GC(1946) Metaspace: 16026K(16640K)->16026K(16640K) NonClass: 14285K(14592K)->14285K(14592K) Class: 1740K(2048K)->1740K(2048K)
[30.785s][info ][gc             ] GC(1946) Pause Young (Allocation Failure) 140M->4M(495M) 0.484ms
[30.785s][info ][gc,cpu         ] GC(1946) User=0.01s Sys=0.00s Real=0.00s
[30.795s][info ][gc,start       ] GC(1947) Pause Young (Allocation Failure)
[30.795s][info ][gc,task        ] GC(1947) Using 9 workers of 9 for evacuation
[30.795s][debug][gc,age         ] GC(1947) Desired survivor size 8945664 bytes, new threshold 6 (max threshold 6)
[30.795s][trace][gc,age         ] GC(1947) Age table with threshold 6 (max threshold 6)
[30.795s][trace][gc,age         ] GC(1947) - age   1:     400208 bytes,     400208 total
[30.795s][info ][gc,heap        ] GC(1947) ParNew: 140021K->396K(157376K)
[30.795s][info ][gc,heap        ] GC(1947) CMS: 3754K->3754K(349568K)
[30.795s][info ][gc,metaspace   ] GC(1947) Metaspace: 16026K(16640K)->16026K(16640K) NonClass: 14285K(14592K)->14285K(14592K) Class: 1740K(2048K)->1740K(2048K)
[30.795s][info ][gc             ] GC(1947) Pause Young (Allocation Failure) 140M->4M(495M) 0.394ms
[30.795s][info ][gc,cpu         ] GC(1947) User=0.00s Sys=0.00s Real=0.00s
[30.805s][info ][gc,start       ] GC(1948) Pause Young (Allocation Failure)
[30.805s][info ][gc,task        ] GC(1948) Using 9 workers of 9 for evacuation
[30.806s][debug][gc,age         ] GC(1948) Desired survivor size 8945664 bytes, new threshold 6 (max threshold 6)
[30.806s][trace][gc,age         ] GC(1948) Age table with threshold 6 (max threshold 6)
[30.806s][trace][gc,age         ] GC(1948) - age   1:     400208 bytes,     400208 total
[30.806s][info ][gc,heap        ] GC(1948) ParNew: 140221K->396K(157376K)
[30.806s][info ][gc,heap        ] GC(1948) CMS: 3754K->3754K(349568K)
[30.806s][info ][gc,metaspace   ] GC(1948) Metaspace: 16026K(16640K)->16026K(16640K) NonClass: 14285K(14592K)->14285K(14592K) Class: 1740K(2048K)->1740K(2048K)
[30.806s][info ][gc             ] GC(1948) Pause Young (Allocation Failure) 140M->4M(495M) 0.498ms
[30.806s][info ][gc,cpu         ] GC(1948) User=0.00s Sys=0.00s Real=0.00s
[30.815s][info ][gc,start       ] GC(1949) Pause Young (Allocation Failure)
[30.815s][info ][gc,task        ] GC(1949) Using 9 workers of 9 for evacuation
[30.815s][debug][gc,age         ] GC(1949) Desired survivor size 8945664 bytes, new threshold 6 (max threshold 6)
[30.816s][trace][gc,age         ] GC(1949) Age table with threshold 6 (max threshold 6)
[30.816s][trace][gc,age         ] GC(1949) - age   1:        192 bytes,        192 total
[30.816s][info ][gc,heap        ] GC(1949) ParNew: 140283K->8K(157376K)
[30.816s][info ][gc,heap        ] GC(1949) CMS: 3754K->3754K(349568K)
[30.816s][info ][gc,metaspace   ] GC(1949) Metaspace: 16026K(16640K)->16026K(16640K) NonClass: 14285K(14592K)->14285K(14592K) Class: 1740K(2048K)->1740K(2048K)
[30.816s][info ][gc             ] GC(1949) Pause Young (Allocation Failure) 140M->3M(495M) 0.427ms
[30.816s][info ][gc,cpu         ] GC(1949) User=0.00s Sys=0.00s Real=0.00s
[30.825s][info ][gc,start       ] GC(1950) Pause Young (Allocation Failure)
[30.825s][info ][gc,task        ] GC(1950) Using 9 workers of 9 for evacuation
[30.825s][debug][gc,age         ] GC(1950) Desired survivor size 8945664 bytes, new threshold 6 (max threshold 6)
[30.825s][trace][gc,age         ] GC(1950) Age table with threshold 6 (max threshold 6)
[30.825s][trace][gc,age         ] GC(1950) - age   1:        192 bytes,        192 total
[30.825s][info ][gc,heap        ] GC(1950) ParNew: 139634K->4K(157376K)
[30.825s][info ][gc,heap        ] GC(1950) CMS: 3754K->3754K(349568K)
[30.825s][info ][gc,metaspace   ] GC(1950) Metaspace: 16026K(16640K)->16026K(16640K) NonClass: 14285K(14592K)->14285K(14592K) Class: 1740K(2048K)->1740K(2048K)
[30.825s][info ][gc             ] GC(1950) Pause Young (Allocation Failure) 140M->3M(495M) 0.334ms
[30.825s][info ][gc,cpu         ] GC(1950) User=0.00s Sys=0.00s Real=0.00s
[30.835s][info ][gc,start       ] GC(1951) Pause Young (Allocation Failure)
[30.835s][info ][gc,task        ] GC(1951) Using 9 workers of 9 for evacuation
[30.835s][debug][gc,age         ] GC(1951) Desired survivor size 8945664 bytes, new threshold 6 (max threshold 6)
[30.835s][trace][gc,age         ] GC(1951) Age table with threshold 6 (max threshold 6)
[30.835s][trace][gc,age         ] GC(1951) - age   1:        192 bytes,        192 total
[30.835s][info ][gc,heap        ] GC(1951) ParNew: 139783K->6K(157376K)
[30.835s][info ][gc,heap        ] GC(1951) CMS: 3754K->3754K(349568K)
[30.835s][info ][gc,metaspace   ] GC(1951) Metaspace: 16026K(16640K)->16026K(16640K) NonClass: 14285K(14592K)->14285K(14592K) Class: 1740K(2048K)->1740K(2048K)
[30.835s][info ][gc             ] GC(1951) Pause Young (Allocation Failure) 140M->3M(495M) 0.361ms
[30.835s][info ][gc,cpu         ] GC(1951) User=0.00s Sys=0.00s Real=0.00s
[30.845s][info ][gc,start       ] GC(1952) Pause Young (Allocation Failure)
[30.845s][info ][gc,task        ] GC(1952) Using 9 workers of 9 for evacuation
[30.845s][debug][gc,age         ] GC(1952) Desired survivor size 8945664 bytes, new threshold 6 (max threshold 6)
[30.845s][trace][gc,age         ] GC(1952) Age table with threshold 6 (max threshold 6)
[30.845s][trace][gc,age         ] GC(1952) - age   1:        192 bytes,        192 total
[30.845s][info ][gc,heap        ] GC(1952) ParNew: 139574K->6K(157376K)
[30.845s][info ][gc,heap        ] GC(1952) CMS: 3754K->3754K(349568K)
[30.845s][info ][gc,metaspace   ] GC(1952) Metaspace: 16026K(16640K)->16026K(16640K) NonClass: 14285K(14592K)->14285K(14592K) Class: 1740K(2048K)->1740K(2048K)
[30.845s][info ][gc             ] GC(1952) Pause Young (Allocation Failure) 139M->3M(495M) 0.362ms
[30.845s][info ][gc,cpu         ] GC(1952) User=0.00s Sys=0.00s Real=0.00s
[30.855s][info ][gc,start       ] GC(1953) Pause Young (Allocation Failure)
[30.855s][info ][gc,task        ] GC(1953) Using 9 workers of 9 for evacuation
[30.855s][debug][gc,age         ] GC(1953) Desired survivor size 8945664 bytes, new threshold 6 (max threshold 6)
[30.855s][trace][gc,age         ] GC(1953) Age table with threshold 6 (max threshold 6)
[30.855s][trace][gc,age         ] GC(1953) - age   1:        192 bytes,        192 total
[30.855s][info ][gc,heap        ] GC(1953) ParNew: 139835K->6K(157376K)
[30.855s][info ][gc,heap        ] GC(1953) CMS: 3754K->3754K(349568K)
[30.855s][info ][gc,metaspace   ] GC(1953) Metaspace: 16026K(16640K)->16026K(16640K) NonClass: 14285K(14592K)->14285K(14592K) Class: 1740K(2048K)->1740K(2048K)
[30.855s][info ][gc             ] GC(1953) Pause Young (Allocation Failure) 140M->3M(495M) 0.460ms
[30.855s][info ][gc,cpu         ] GC(1953) User=0.00s Sys=0.00s Real=0.00s
[30.865s][info ][gc,start       ] GC(1954) Pause Young (Allocation Failure)
[30.865s][info ][gc,task        ] GC(1954) Using 9 workers of 9 for evacuation
[30.865s][debug][gc,age         ] GC(1954) Desired survivor size 8945664 bytes, new threshold 6 (max threshold 6)
[30.865s][trace][gc,age         ] GC(1954) Age table with threshold 6 (max threshold 6)
[30.865s][trace][gc,age         ] GC(1954) - age   1:     400208 bytes,     400208 total
[30.865s][info ][gc,heap        ] GC(1954) ParNew: 139860K->396K(157376K)
[30.865s][info ][gc,heap        ] GC(1954) CMS: 3754K->3754K(349568K)
[30.865s][info ][gc,metaspace   ] GC(1954) Metaspace: 16026K(16640K)->16026K(16640K) NonClass: 14285K(14592K)->14285K(14592K) Class: 1740K(2048K)->1740K(2048K)
[30.865s][info ][gc             ] GC(1954) Pause Young (Allocation Failure) 140M->4M(495M) 0.443ms
[30.865s][info ][gc,cpu         ] GC(1954) User=0.00s Sys=0.00s Real=0.00s
[30.875s][info ][gc,start       ] GC(1955) Pause Young (Allocation Failure)
[30.875s][info ][gc,task        ] GC(1955) Using 9 workers of 9 for evacuation
[30.875s][debug][gc,age         ] GC(1955) Desired survivor size 8945664 bytes, new threshold 6 (max threshold 6)
[30.875s][trace][gc,age         ] GC(1955) Age table with threshold 6 (max threshold 6)
[30.875s][trace][gc,age         ] GC(1955) - age   1:        192 bytes,        192 total
[30.875s][info ][gc,heap        ] GC(1955) ParNew: 139955K->6K(157376K)
[30.875s][info ][gc,heap        ] GC(1955) CMS: 3754K->3754K(349568K)
[30.875s][info ][gc,metaspace   ] GC(1955) Metaspace: 16026K(16640K)->16026K(16640K) NonClass: 14285K(14592K)->14285K(14592K) Class: 1740K(2048K)->1740K(2048K)
[30.875s][info ][gc             ] GC(1955) Pause Young (Allocation Failure) 140M->3M(495M) 0.515ms
[30.875s][info ][gc,cpu         ] GC(1955) User=0.00s Sys=0.00s Real=0.00s
[30.885s][info ][gc,start       ] GC(1956) Pause Young (Allocation Failure)
[30.885s][info ][gc,task        ] GC(1956) Using 9 workers of 9 for evacuation
[30.885s][debug][gc,age         ] GC(1956) Desired survivor size 8945664 bytes, new threshold 6 (max threshold 6)
[30.885s][trace][gc,age         ] GC(1956) Age table with threshold 6 (max threshold 6)
[30.885s][trace][gc,age         ] GC(1956) - age   1:     400208 bytes,     400208 total
[30.885s][info ][gc,heap        ] GC(1956) ParNew: 139681K->396K(157376K)
[30.885s][info ][gc,heap        ] GC(1956) CMS: 3754K->3754K(349568K)
[30.885s][info ][gc,metaspace   ] GC(1956) Metaspace: 16026K(16640K)->16026K(16640K) NonClass: 14285K(14592K)->14285K(14592K) Class: 1740K(2048K)->1740K(2048K)
[30.885s][info ][gc             ] GC(1956) Pause Young (Allocation Failure) 140M->4M(495M) 0.485ms
[30.885s][info ][gc,cpu         ] GC(1956) User=0.01s Sys=0.00s Real=0.00s
[30.895s][info ][gc,start       ] GC(1957) Pause Young (Allocation Failure)
[30.895s][info ][gc,task        ] GC(1957) Using 9 workers of 9 for evacuation
[30.895s][debug][gc,age         ] GC(1957) Desired survivor size 8945664 bytes, new threshold 6 (max threshold 6)
[30.895s][trace][gc,age         ] GC(1957) Age table with threshold 6 (max threshold 6)
[30.895s][trace][gc,age         ] GC(1957) - age   1:     400208 bytes,     400208 total
[30.895s][info ][gc,heap        ] GC(1957) ParNew: 139937K->394K(157376K)
[30.895s][info ][gc,heap        ] GC(1957) CMS: 3754K->3754K(349568K)
[30.895s][info ][gc,metaspace   ] GC(1957) Metaspace: 16026K(16640K)->16026K(16640K) NonClass: 14285K(14592K)->14285K(14592K) Class: 1740K(2048K)->1740K(2048K)
[30.895s][info ][gc             ] GC(1957) Pause Young (Allocation Failure) 140M->4M(495M) 0.448ms
[30.895s][info ][gc,cpu         ] GC(1957) User=0.00s Sys=0.00s Real=0.00s
[30.905s][info ][gc,start       ] GC(1958) Pause Young (Allocation Failure)
[30.905s][info ][gc,task        ] GC(1958) Using 9 workers of 9 for evacuation
[30.905s][debug][gc,age         ] GC(1958) Desired survivor size 8945664 bytes, new threshold 6 (max threshold 6)
[30.905s][trace][gc,age         ] GC(1958) Age table with threshold 6 (max threshold 6)
[30.905s][trace][gc,age         ] GC(1958) - age   1:     400208 bytes,     400208 total
[30.905s][info ][gc,heap        ] GC(1958) ParNew: 140057K->396K(157376K)
[30.905s][info ][gc,heap        ] GC(1958) CMS: 3754K->3754K(349568K)
[30.905s][info ][gc,metaspace   ] GC(1958) Metaspace: 16026K(16640K)->16026K(16640K) NonClass: 14285K(14592K)->14285K(14592K) Class: 1740K(2048K)->1740K(2048K)
[30.905s][info ][gc             ] GC(1958) Pause Young (Allocation Failure) 140M->4M(495M) 0.563ms
[30.905s][info ][gc,cpu         ] GC(1958) User=0.00s Sys=0.00s Real=0.00s
[30.915s][info ][gc,start       ] GC(1959) Pause Young (Allocation Failure)
[30.915s][info ][gc,task        ] GC(1959) Using 9 workers of 9 for evacuation
[30.915s][debug][gc,age         ] GC(1959) Desired survivor size 8945664 bytes, new threshold 6 (max threshold 6)
[30.915s][trace][gc,age         ] GC(1959) Age table with threshold 6 (max threshold 6)
[30.915s][trace][gc,age         ] GC(1959) - age   1:     400208 bytes,     400208 total
[30.915s][info ][gc,heap        ] GC(1959) ParNew: 140127K->398K(157376K)
[30.915s][info ][gc,heap        ] GC(1959) CMS: 3754K->3754K(349568K)
[30.915s][info ][gc,metaspace   ] GC(1959) Metaspace: 16026K(16640K)->16026K(16640K) NonClass: 14285K(14592K)->14285K(14592K) Class: 1740K(2048K)->1740K(2048K)
[30.915s][info ][gc             ] GC(1959) Pause Young (Allocation Failure) 140M->4M(495M) 0.534ms
[30.915s][info ][gc,cpu         ] GC(1959) User=0.00s Sys=0.00s Real=0.00s
[30.925s][info ][gc,start       ] GC(1960) Pause Young (Allocation Failure)
[30.925s][info ][gc,task        ] GC(1960) Using 9 workers of 9 for evacuation
[30.925s][debug][gc,age         ] GC(1960) Desired survivor size 8945664 bytes, new threshold 6 (max threshold 6)
[30.925s][trace][gc,age         ] GC(1960) Age table with threshold 6 (max threshold 6)
[30.925s][trace][gc,age         ] GC(1960) - age   1:        192 bytes,        192 total
[30.925s][info ][gc,heap        ] GC(1960) ParNew: 140127K->4K(157376K)
[30.925s][info ][gc,heap        ] GC(1960) CMS: 3754K->3754K(349568K)
[30.925s][info ][gc,metaspace   ] GC(1960) Metaspace: 16026K(16640K)->16026K(16640K) NonClass: 14285K(14592K)->14285K(14592K) Class: 1740K(2048K)->1740K(2048K)
[30.925s][info ][gc             ] GC(1960) Pause Young (Allocation Failure) 140M->3M(495M) 0.445ms
[30.925s][info ][gc,cpu         ] GC(1960) User=0.00s Sys=0.00s Real=0.00s
[30.935s][info ][gc,start       ] GC(1961) Pause Young (Allocation Failure)
[30.935s][info ][gc,task        ] GC(1961) Using 9 workers of 9 for evacuation
[30.935s][debug][gc,age         ] GC(1961) Desired survivor size 8945664 bytes, new threshold 6 (max threshold 6)
[30.935s][trace][gc,age         ] GC(1961) Age table with threshold 6 (max threshold 6)
[30.935s][trace][gc,age         ] GC(1961) - age   1:        192 bytes,        192 total
[30.935s][info ][gc,heap        ] GC(1961) ParNew: 139810K->6K(157376K)
[30.935s][info ][gc,heap        ] GC(1961) CMS: 3754K->3754K(349568K)
[30.935s][info ][gc,metaspace   ] GC(1961) Metaspace: 16026K(16640K)->16026K(16640K) NonClass: 14285K(14592K)->14285K(14592K) Class: 1740K(2048K)->1740K(2048K)
[30.935s][info ][gc             ] GC(1961) Pause Young (Allocation Failure) 140M->3M(495M) 0.456ms
[30.935s][info ][gc,cpu         ] GC(1961) User=0.00s Sys=0.00s Real=0.00s
[30.945s][info ][gc,start       ] GC(1962) Pause Young (Allocation Failure)
[30.945s][info ][gc,task        ] GC(1962) Using 9 workers of 9 for evacuation
[30.945s][debug][gc,age         ] GC(1962) Desired survivor size 8945664 bytes, new threshold 6 (max threshold 6)
[30.945s][trace][gc,age         ] GC(1962) Age table with threshold 6 (max threshold 6)
[30.945s][trace][gc,age         ] GC(1962) - age   1:     400208 bytes,     400208 total
[30.945s][info ][gc,heap        ] GC(1962) ParNew: 139836K->396K(157376K)
[30.945s][info ][gc,heap        ] GC(1962) CMS: 3754K->3754K(349568K)
[30.945s][info ][gc,metaspace   ] GC(1962) Metaspace: 16026K(16640K)->16026K(16640K) NonClass: 14285K(14592K)->14285K(14592K) Class: 1740K(2048K)->1740K(2048K)
[30.945s][info ][gc             ] GC(1962) Pause Young (Allocation Failure) 140M->4M(495M) 0.458ms
[30.945s][info ][gc,cpu         ] GC(1962) User=0.00s Sys=0.00s Real=0.00s
[30.954s][info ][gc,start       ] GC(1963) Pause Young (Allocation Failure)
[30.954s][info ][gc,task        ] GC(1963) Using 9 workers of 9 for evacuation
[30.955s][debug][gc,age         ] GC(1963) Desired survivor size 8945664 bytes, new threshold 6 (max threshold 6)
[30.955s][trace][gc,age         ] GC(1963) Age table with threshold 6 (max threshold 6)
[30.955s][trace][gc,age         ] GC(1963) - age   1:     400208 bytes,     400208 total
[30.955s][info ][gc,heap        ] GC(1963) ParNew: 140209K->396K(157376K)
[30.955s][info ][gc,heap        ] GC(1963) CMS: 3754K->3754K(349568K)
[30.955s][info ][gc,metaspace   ] GC(1963) Metaspace: 16026K(16640K)->16026K(16640K) NonClass: 14285K(14592K)->14285K(14592K) Class: 1740K(2048K)->1740K(2048K)
[30.955s][info ][gc             ] GC(1963) Pause Young (Allocation Failure) 140M->4M(495M) 0.422ms
[30.955s][info ][gc,cpu         ] GC(1963) User=0.01s Sys=0.00s Real=0.00s
[30.964s][info ][gc,start       ] GC(1964) Pause Young (Allocation Failure)
[30.964s][info ][gc,task        ] GC(1964) Using 9 workers of 9 for evacuation
[30.965s][debug][gc,age         ] GC(1964) Desired survivor size 8945664 bytes, new threshold 6 (max threshold 6)
[30.965s][trace][gc,age         ] GC(1964) Age table with threshold 6 (max threshold 6)
[30.965s][trace][gc,age         ] GC(1964) - age   1:     400208 bytes,     400208 total
[30.965s][info ][gc,heap        ] GC(1964) ParNew: 140183K->394K(157376K)
[30.965s][info ][gc,heap        ] GC(1964) CMS: 3754K->3754K(349568K)
[30.965s][info ][gc,metaspace   ] GC(1964) Metaspace: 16026K(16640K)->16026K(16640K) NonClass: 14285K(14592K)->14285K(14592K) Class: 1740K(2048K)->1740K(2048K)
[30.965s][info ][gc             ] GC(1964) Pause Young (Allocation Failure) 140M->4M(495M) 0.361ms
[30.965s][info ][gc,cpu         ] GC(1964) User=0.01s Sys=0.00s Real=0.00s
[30.974s][info ][gc,start       ] GC(1965) Pause Young (Allocation Failure)
[30.974s][info ][gc,task        ] GC(1965) Using 9 workers of 9 for evacuation
[30.975s][debug][gc,age         ] GC(1965) Desired survivor size 8945664 bytes, new threshold 6 (max threshold 6)
[30.975s][trace][gc,age         ] GC(1965) Age table with threshold 6 (max threshold 6)
[30.975s][trace][gc,age         ] GC(1965) - age   1:     400208 bytes,     400208 total
[30.975s][info ][gc,heap        ] GC(1965) ParNew: 139961K->398K(157376K)
[30.975s][info ][gc,heap        ] GC(1965) CMS: 3754K->3754K(349568K)
[30.975s][info ][gc,metaspace   ] GC(1965) Metaspace: 16026K(16640K)->16026K(16640K) NonClass: 14285K(14592K)->14285K(14592K) Class: 1740K(2048K)->1740K(2048K)
[30.975s][info ][gc             ] GC(1965) Pause Young (Allocation Failure) 140M->4M(495M) 0.513ms
[30.975s][info ][gc,cpu         ] GC(1965) User=0.01s Sys=0.00s Real=0.00s
[30.984s][info ][gc,start       ] GC(1966) Pause Young (Allocation Failure)
[30.984s][info ][gc,task        ] GC(1966) Using 9 workers of 9 for evacuation
[30.985s][debug][gc,age         ] GC(1966) Desired survivor size 8945664 bytes, new threshold 6 (max threshold 6)
[30.985s][trace][gc,age         ] GC(1966) Age table with threshold 6 (max threshold 6)
[30.985s][trace][gc,age         ] GC(1966) - age   1:     400208 bytes,     400208 total
[30.985s][info ][gc,heap        ] GC(1966) ParNew: 140213K->396K(157376K)
[30.985s][info ][gc,heap        ] GC(1966) CMS: 3754K->3754K(349568K)
[30.985s][info ][gc,metaspace   ] GC(1966) Metaspace: 16026K(16640K)->16026K(16640K) NonClass: 14285K(14592K)->14285K(14592K) Class: 1740K(2048K)->1740K(2048K)
[30.985s][info ][gc             ] GC(1966) Pause Young (Allocation Failure) 140M->4M(495M) 0.509ms
[30.985s][info ][gc,cpu         ] GC(1966) User=0.00s Sys=0.00s Real=0.00s
[30.994s][info ][gc,start       ] GC(1967) Pause Young (Allocation Failure)
[30.994s][info ][gc,task        ] GC(1967) Using 9 workers of 9 for evacuation
[30.995s][debug][gc,age         ] GC(1967) Desired survivor size 8945664 bytes, new threshold 6 (max threshold 6)
[30.995s][trace][gc,age         ] GC(1967) Age table with threshold 6 (max threshold 6)
[30.995s][trace][gc,age         ] GC(1967) - age   1:        192 bytes,        192 total
[30.995s][info ][gc,heap        ] GC(1967) ParNew: 140263K->6K(157376K)
[30.995s][info ][gc,heap        ] GC(1967) CMS: 3754K->3754K(349568K)
[30.995s][info ][gc,metaspace   ] GC(1967) Metaspace: 16026K(16640K)->16026K(16640K) NonClass: 14285K(14592K)->14285K(14592K) Class: 1740K(2048K)->1740K(2048K)
[30.995s][info ][gc             ] GC(1967) Pause Young (Allocation Failure) 140M->3M(495M) 0.350ms
[30.995s][info ][gc,cpu         ] GC(1967) User=0.00s Sys=0.00s Real=0.00s
[31.004s][info ][gc,start       ] GC(1968) Pause Young (Allocation Failure)
[31.004s][info ][gc,task        ] GC(1968) Using 9 workers of 9 for evacuation
[31.005s][debug][gc,age         ] GC(1968) Desired survivor size 8945664 bytes, new threshold 6 (max threshold 6)
[31.005s][trace][gc,age         ] GC(1968) Age table with threshold 6 (max threshold 6)
[31.005s][trace][gc,age         ] GC(1968) - age   1:     400208 bytes,     400208 total
[31.005s][info ][gc,heap        ] GC(1968) ParNew: 139777K->398K(157376K)
[31.005s][info ][gc,heap        ] GC(1968) CMS: 3754K->3754K(349568K)
[31.005s][info ][gc,metaspace   ] GC(1968) Metaspace: 16026K(16640K)->16026K(16640K) NonClass: 14285K(14592K)->14285K(14592K) Class: 1740K(2048K)->1740K(2048K)
[31.005s][info ][gc             ] GC(1968) Pause Young (Allocation Failure) 140M->4M(495M) 0.473ms
[31.005s][info ][gc,cpu         ] GC(1968) User=0.00s Sys=0.00s Real=0.00s
[31.014s][info ][gc,start       ] GC(1969) Pause Young (Allocation Failure)
[31.014s][info ][gc,task        ] GC(1969) Using 9 workers of 9 for evacuation
[31.015s][debug][gc,age         ] GC(1969) Desired survivor size 8945664 bytes, new threshold 6 (max threshold 6)
[31.015s][trace][gc,age         ] GC(1969) Age table with threshold 6 (max threshold 6)
[31.015s][trace][gc,age         ] GC(1969) - age   1:     400208 bytes,     400208 total
[31.015s][info ][gc,heap        ] GC(1969) ParNew: 140003K->398K(157376K)
[31.015s][info ][gc,heap        ] GC(1969) CMS: 3754K->3754K(349568K)
[31.015s][info ][gc,metaspace   ] GC(1969) Metaspace: 16026K(16640K)->16026K(16640K) NonClass: 14285K(14592K)->14285K(14592K) Class: 1740K(2048K)->1740K(2048K)
[31.015s][info ][gc             ] GC(1969) Pause Young (Allocation Failure) 140M->4M(495M) 0.458ms
[31.015s][info ][gc,cpu         ] GC(1969) User=0.00s Sys=0.00s Real=0.00s
[31.024s][info ][gc,start       ] GC(1970) Pause Young (Allocation Failure)
[31.024s][info ][gc,task        ] GC(1970) Using 9 workers of 9 for evacuation
[31.024s][debug][gc,age         ] GC(1970) Desired survivor size 8945664 bytes, new threshold 6 (max threshold 6)
[31.024s][trace][gc,age         ] GC(1970) Age table with threshold 6 (max threshold 6)
[31.024s][trace][gc,age         ] GC(1970) - age   1:     400208 bytes,     400208 total
[31.024s][info ][gc,heap        ] GC(1970) ParNew: 140302K->396K(157376K)
[31.024s][info ][gc,heap        ] GC(1970) CMS: 3754K->3754K(349568K)
[31.024s][info ][gc,metaspace   ] GC(1970) Metaspace: 16026K(16640K)->16026K(16640K) NonClass: 14285K(14592K)->14285K(14592K) Class: 1740K(2048K)->1740K(2048K)
[31.024s][info ][gc             ] GC(1970) Pause Young (Allocation Failure) 140M->4M(495M) 0.462ms
[31.024s][info ][gc,cpu         ] GC(1970) User=0.00s Sys=0.00s Real=0.00s
[31.034s][info ][gc,start       ] GC(1971) Pause Young (Allocation Failure)
[31.034s][info ][gc,task        ] GC(1971) Using 9 workers of 9 for evacuation
[31.034s][debug][gc,age         ] GC(1971) Desired survivor size 8945664 bytes, new threshold 6 (max threshold 6)
[31.034s][trace][gc,age         ] GC(1971) Age table with threshold 6 (max threshold 6)
[31.034s][trace][gc,age         ] GC(1971) - age   1:     400208 bytes,     400208 total
[31.034s][info ][gc,heap        ] GC(1971) ParNew: 139947K->394K(157376K)
[31.034s][info ][gc,heap        ] GC(1971) CMS: 3754K->3754K(349568K)
[31.034s][info ][gc,metaspace   ] GC(1971) Metaspace: 16026K(16640K)->16026K(16640K) NonClass: 14285K(14592K)->14285K(14592K) Class: 1740K(2048K)->1740K(2048K)
[31.034s][info ][gc             ] GC(1971) Pause Young (Allocation Failure) 140M->4M(495M) 0.404ms
[31.034s][info ][gc,cpu         ] GC(1971) User=0.00s Sys=0.00s Real=0.00s
[31.044s][info ][gc,start       ] GC(1972) Pause Young (Allocation Failure)
[31.044s][info ][gc,task        ] GC(1972) Using 9 workers of 9 for evacuation
[31.044s][debug][gc,age         ] GC(1972) Desired survivor size 8945664 bytes, new threshold 6 (max threshold 6)
[31.044s][trace][gc,age         ] GC(1972) Age table with threshold 6 (max threshold 6)
[31.044s][trace][gc,age         ] GC(1972) - age   1:        192 bytes,        192 total
[31.044s][info ][gc,heap        ] GC(1972) ParNew: 139998K->4K(157376K)
[31.044s][info ][gc,heap        ] GC(1972) CMS: 3754K->3754K(349568K)
[31.044s][info ][gc,metaspace   ] GC(1972) Metaspace: 16026K(16640K)->16026K(16640K) NonClass: 14285K(14592K)->14285K(14592K) Class: 1740K(2048K)->1740K(2048K)
[31.044s][info ][gc             ] GC(1972) Pause Young (Allocation Failure) 140M->3M(495M) 0.519ms
[31.044s][info ][gc,cpu         ] GC(1972) User=0.01s Sys=0.00s Real=0.00s
[31.054s][info ][gc,start       ] GC(1973) Pause Young (Allocation Failure)
[31.054s][info ][gc,task        ] GC(1973) Using 9 workers of 9 for evacuation
[31.054s][debug][gc,age         ] GC(1973) Desired survivor size 8945664 bytes, new threshold 6 (max threshold 6)
[31.054s][trace][gc,age         ] GC(1973) Age table with threshold 6 (max threshold 6)
[31.054s][trace][gc,age         ] GC(1973) - age   1:     400208 bytes,     400208 total
[31.054s][info ][gc,heap        ] GC(1973) ParNew: 139519K->394K(157376K)
[31.054s][info ][gc,heap        ] GC(1973) CMS: 3754K->3754K(349568K)
[31.054s][info ][gc,metaspace   ] GC(1973) Metaspace: 16026K(16640K)->16026K(16640K) NonClass: 14285K(14592K)->14285K(14592K) Class: 1740K(2048K)->1740K(2048K)
[31.054s][info ][gc             ] GC(1973) Pause Young (Allocation Failure) 139M->4M(495M) 0.423ms
[31.054s][info ][gc,cpu         ] GC(1973) User=0.01s Sys=0.00s Real=0.00s
[31.064s][info ][gc,start       ] GC(1974) Pause Young (Allocation Failure)
[31.064s][info ][gc,task        ] GC(1974) Using 9 workers of 9 for evacuation
[31.064s][debug][gc,age         ] GC(1974) Desired survivor size 8945664 bytes, new threshold 6 (max threshold 6)
[31.064s][trace][gc,age         ] GC(1974) Age table with threshold 6 (max threshold 6)
[31.064s][trace][gc,age         ] GC(1974) - age   1:     400208 bytes,     400208 total
[31.064s][info ][gc,heap        ] GC(1974) ParNew: 140148K->396K(157376K)
[31.064s][info ][gc,heap        ] GC(1974) CMS: 3754K->3754K(349568K)
[31.064s][info ][gc,metaspace   ] GC(1974) Metaspace: 16026K(16640K)->16026K(16640K) NonClass: 14285K(14592K)->14285K(14592K) Class: 1740K(2048K)->1740K(2048K)
[31.064s][info ][gc             ] GC(1974) Pause Young (Allocation Failure) 140M->4M(495M) 0.499ms
[31.064s][info ][gc,cpu         ] GC(1974) User=0.00s Sys=0.00s Real=0.00s
[31.074s][info ][gc,start       ] GC(1975) Pause Young (Allocation Failure)
[31.074s][info ][gc,task        ] GC(1975) Using 9 workers of 9 for evacuation
[31.074s][debug][gc,age         ] GC(1975) Desired survivor size 8945664 bytes, new threshold 6 (max threshold 6)
[31.074s][trace][gc,age         ] GC(1975) Age table with threshold 6 (max threshold 6)
[31.074s][trace][gc,age         ] GC(1975) - age   1:     400208 bytes,     400208 total
[31.074s][info ][gc,heap        ] GC(1975) ParNew: 140039K->398K(157376K)
[31.074s][info ][gc,heap        ] GC(1975) CMS: 3754K->3754K(349568K)
[31.074s][info ][gc,metaspace   ] GC(1975) Metaspace: 16026K(16640K)->16026K(16640K) NonClass: 14285K(14592K)->14285K(14592K) Class: 1740K(2048K)->1740K(2048K)
[31.074s][info ][gc             ] GC(1975) Pause Young (Allocation Failure) 140M->4M(495M) 0.429ms
[31.074s][info ][gc,cpu         ] GC(1975) User=0.00s Sys=0.00s Real=0.00s
[31.083s][info ][gc,start       ] GC(1976) Pause Young (Allocation Failure)
[31.083s][info ][gc,task        ] GC(1976) Using 9 workers of 9 for evacuation
[31.084s][debug][gc,age         ] GC(1976) Desired survivor size 8945664 bytes, new threshold 6 (max threshold 6)
[31.084s][trace][gc,age         ] GC(1976) Age table with threshold 6 (max threshold 6)
[31.084s][trace][gc,age         ] GC(1976) - age   1:        192 bytes,        192 total
[31.084s][info ][gc,heap        ] GC(1976) ParNew: 140266K->6K(157376K)
[31.084s][info ][gc,heap        ] GC(1976) CMS: 3754K->3754K(349568K)
[31.084s][info ][gc,metaspace   ] GC(1976) Metaspace: 16026K(16640K)->16026K(16640K) NonClass: 14285K(14592K)->14285K(14592K) Class: 1740K(2048K)->1740K(2048K)
[31.084s][info ][gc             ] GC(1976) Pause Young (Allocation Failure) 140M->3M(495M) 0.478ms
[31.084s][info ][gc,cpu         ] GC(1976) User=0.00s Sys=0.00s Real=0.00s
[31.093s][info ][gc,start       ] GC(1977) Pause Young (Allocation Failure)
[31.093s][info ][gc,task        ] GC(1977) Using 9 workers of 9 for evacuation
[31.094s][debug][gc,age         ] GC(1977) Desired survivor size 8945664 bytes, new threshold 6 (max threshold 6)
[31.094s][trace][gc,age         ] GC(1977) Age table with threshold 6 (max threshold 6)
[31.094s][trace][gc,age         ] GC(1977) - age   1:        192 bytes,        192 total
[31.094s][info ][gc,heap        ] GC(1977) ParNew: 139826K->6K(157376K)
[31.094s][info ][gc,heap        ] GC(1977) CMS: 3754K->3754K(349568K)
[31.094s][info ][gc,metaspace   ] GC(1977) Metaspace: 16026K(16640K)->16026K(16640K) NonClass: 14285K(14592K)->14285K(14592K) Class: 1740K(2048K)->1740K(2048K)
[31.094s][info ][gc             ] GC(1977) Pause Young (Allocation Failure) 140M->3M(495M) 0.353ms
[31.094s][info ][gc,cpu         ] GC(1977) User=0.00s Sys=0.00s Real=0.00s
[31.103s][info ][gc,start       ] GC(1978) Pause Young (Allocation Failure)
[31.103s][info ][gc,task        ] GC(1978) Using 9 workers of 9 for evacuation
[31.104s][debug][gc,age         ] GC(1978) Desired survivor size 8945664 bytes, new threshold 6 (max threshold 6)
[31.104s][trace][gc,age         ] GC(1978) Age table with threshold 6 (max threshold 6)
[31.104s][trace][gc,age         ] GC(1978) - age   1:        192 bytes,        192 total
[31.104s][info ][gc,heap        ] GC(1978) ParNew: 139694K->6K(157376K)
[31.104s][info ][gc,heap        ] GC(1978) CMS: 3754K->3754K(349568K)
[31.104s][info ][gc,metaspace   ] GC(1978) Metaspace: 16026K(16640K)->16026K(16640K) NonClass: 14285K(14592K)->14285K(14592K) Class: 1740K(2048K)->1740K(2048K)
[31.104s][info ][gc             ] GC(1978) Pause Young (Allocation Failure) 140M->3M(495M) 0.678ms
[31.104s][info ][gc,cpu         ] GC(1978) User=0.00s Sys=0.00s Real=0.00s
[31.113s][info ][gc,start       ] GC(1979) Pause Young (Allocation Failure)
[31.113s][info ][gc,task        ] GC(1979) Using 9 workers of 9 for evacuation
[31.114s][debug][gc,age         ] GC(1979) Desired survivor size 8945664 bytes, new threshold 6 (max threshold 6)
[31.114s][trace][gc,age         ] GC(1979) Age table with threshold 6 (max threshold 6)
[31.114s][trace][gc,age         ] GC(1979) - age   1:        192 bytes,        192 total
[31.114s][info ][gc,heap        ] GC(1979) ParNew: 139525K->4K(157376K)
[31.114s][info ][gc,heap        ] GC(1979) CMS: 3754K->3754K(349568K)
[31.114s][info ][gc,metaspace   ] GC(1979) Metaspace: 16026K(16640K)->16026K(16640K) NonClass: 14285K(14592K)->14285K(14592K) Class: 1740K(2048K)->1740K(2048K)
[31.114s][info ][gc             ] GC(1979) Pause Young (Allocation Failure) 139M->3M(495M) 0.419ms
[31.114s][info ][gc,cpu         ] GC(1979) User=0.00s Sys=0.00s Real=0.00s
[31.124s][info ][gc,start       ] GC(1980) Pause Young (Allocation Failure)
[31.124s][info ][gc,task        ] GC(1980) Using 9 workers of 9 for evacuation
[31.124s][debug][gc,age         ] GC(1980) Desired survivor size 8945664 bytes, new threshold 6 (max threshold 6)
[31.124s][trace][gc,age         ] GC(1980) Age table with threshold 6 (max threshold 6)
[31.124s][trace][gc,age         ] GC(1980) - age   1:        192 bytes,        192 total
[31.124s][info ][gc,heap        ] GC(1980) ParNew: 139787K->6K(157376K)
[31.124s][info ][gc,heap        ] GC(1980) CMS: 3754K->3754K(349568K)
[31.124s][info ][gc,metaspace   ] GC(1980) Metaspace: 16026K(16640K)->16026K(16640K) NonClass: 14285K(14592K)->14285K(14592K) Class: 1740K(2048K)->1740K(2048K)
[31.124s][info ][gc             ] GC(1980) Pause Young (Allocation Failure) 140M->3M(495M) 0.356ms
[31.124s][info ][gc,cpu         ] GC(1980) User=0.00s Sys=0.00s Real=0.00s
[31.133s][info ][gc,start       ] GC(1981) Pause Young (Allocation Failure)
[31.134s][info ][gc,task        ] GC(1981) Using 9 workers of 9 for evacuation
[31.134s][debug][gc,age         ] GC(1981) Desired survivor size 8945664 bytes, new threshold 6 (max threshold 6)
[31.134s][trace][gc,age         ] GC(1981) Age table with threshold 6 (max threshold 6)
[31.134s][trace][gc,age         ] GC(1981) - age   1:        192 bytes,        192 total
[31.134s][info ][gc,heap        ] GC(1981) ParNew: 139880K->6K(157376K)
[31.134s][info ][gc,heap        ] GC(1981) CMS: 3754K->3754K(349568K)
[31.134s][info ][gc,metaspace   ] GC(1981) Metaspace: 16026K(16640K)->16026K(16640K) NonClass: 14285K(14592K)->14285K(14592K) Class: 1740K(2048K)->1740K(2048K)
[31.134s][info ][gc             ] GC(1981) Pause Young (Allocation Failure) 140M->3M(495M) 0.446ms
[31.134s][info ][gc,cpu         ] GC(1981) User=0.01s Sys=0.00s Real=0.00s
[31.143s][info ][gc,start       ] GC(1982) Pause Young (Allocation Failure)
[31.143s][info ][gc,task        ] GC(1982) Using 9 workers of 9 for evacuation
[31.144s][debug][gc,age         ] GC(1982) Desired survivor size 8945664 bytes, new threshold 6 (max threshold 6)
[31.144s][trace][gc,age         ] GC(1982) Age table with threshold 6 (max threshold 6)
[31.144s][trace][gc,age         ] GC(1982) - age   1:        192 bytes,        192 total
[31.144s][info ][gc,heap        ] GC(1982) ParNew: 139551K->6K(157376K)
[31.144s][info ][gc,heap        ] GC(1982) CMS: 3754K->3754K(349568K)
[31.144s][info ][gc,metaspace   ] GC(1982) Metaspace: 16026K(16640K)->16026K(16640K) NonClass: 14285K(14592K)->14285K(14592K) Class: 1740K(2048K)->1740K(2048K)
[31.144s][info ][gc             ] GC(1982) Pause Young (Allocation Failure) 139M->3M(495M) 0.455ms
[31.144s][info ][gc,cpu         ] GC(1982) User=0.01s Sys=0.00s Real=0.00s
[31.153s][info ][gc,start       ] GC(1983) Pause Young (Allocation Failure)
[31.153s][info ][gc,task        ] GC(1983) Using 9 workers of 9 for evacuation
[31.154s][debug][gc,age         ] GC(1983) Desired survivor size 8945664 bytes, new threshold 6 (max threshold 6)
[31.154s][trace][gc,age         ] GC(1983) Age table with threshold 6 (max threshold 6)
[31.154s][trace][gc,age         ] GC(1983) - age   1:        192 bytes,        192 total
[31.154s][info ][gc,heap        ] GC(1983) ParNew: 139910K->8K(157376K)
[31.154s][info ][gc,heap        ] GC(1983) CMS: 3754K->3754K(349568K)
[31.154s][info ][gc,metaspace   ] GC(1983) Metaspace: 16026K(16640K)->16026K(16640K) NonClass: 14285K(14592K)->14285K(14592K) Class: 1740K(2048K)->1740K(2048K)
[31.154s][info ][gc             ] GC(1983) Pause Young (Allocation Failure) 140M->3M(495M) 0.431ms
[31.154s][info ][gc,cpu         ] GC(1983) User=0.00s Sys=0.00s Real=0.00s
[31.163s][info ][gc,start       ] GC(1984) Pause Young (Allocation Failure)
[31.163s][info ][gc,task        ] GC(1984) Using 9 workers of 9 for evacuation
[31.164s][debug][gc,age         ] GC(1984) Desired survivor size 8945664 bytes, new threshold 6 (max threshold 6)
[31.164s][trace][gc,age         ] GC(1984) Age table with threshold 6 (max threshold 6)
[31.164s][trace][gc,age         ] GC(1984) - age   1:     400208 bytes,     400208 total
[31.164s][info ][gc,heap        ] GC(1984) ParNew: 139733K->396K(157376K)
[31.164s][info ][gc,heap        ] GC(1984) CMS: 3754K->3754K(349568K)
[31.164s][info ][gc,metaspace   ] GC(1984) Metaspace: 16026K(16640K)->16026K(16640K) NonClass: 14285K(14592K)->14285K(14592K) Class: 1740K(2048K)->1740K(2048K)
[31.164s][info ][gc             ] GC(1984) Pause Young (Allocation Failure) 140M->4M(495M) 0.415ms
[31.164s][info ][gc,cpu         ] GC(1984) User=0.00s Sys=0.00s Real=0.00s
[31.173s][info ][gc,start       ] GC(1985) Pause Young (Allocation Failure)
[31.173s][info ][gc,task        ] GC(1985) Using 9 workers of 9 for evacuation
[31.174s][debug][gc,age         ] GC(1985) Desired survivor size 8945664 bytes, new threshold 6 (max threshold 6)
[31.174s][trace][gc,age         ] GC(1985) Age table with threshold 6 (max threshold 6)
[31.174s][trace][gc,age         ] GC(1985) - age   1:     400208 bytes,     400208 total
[31.174s][info ][gc,heap        ] GC(1985) ParNew: 140045K->398K(157376K)
[31.174s][info ][gc,heap        ] GC(1985) CMS: 3754K->3754K(349568K)
[31.174s][info ][gc,metaspace   ] GC(1985) Metaspace: 16026K(16640K)->16026K(16640K) NonClass: 14285K(14592K)->14285K(14592K) Class: 1740K(2048K)->1740K(2048K)
[31.174s][info ][gc             ] GC(1985) Pause Young (Allocation Failure) 140M->4M(495M) 0.445ms
[31.174s][info ][gc,cpu         ] GC(1985) User=0.00s Sys=0.00s Real=0.00s
[31.183s][info ][gc,start       ] GC(1986) Pause Young (Allocation Failure)
[31.183s][info ][gc,task        ] GC(1986) Using 9 workers of 9 for evacuation
[31.184s][debug][gc,age         ] GC(1986) Desired survivor size 8945664 bytes, new threshold 6 (max threshold 6)
[31.184s][trace][gc,age         ] GC(1986) Age table with threshold 6 (max threshold 6)
[31.184s][trace][gc,age         ] GC(1986) - age   1:        192 bytes,        192 total
[31.184s][info ][gc,heap        ] GC(1986) ParNew: 140233K->6K(157376K)
[31.184s][info ][gc,heap        ] GC(1986) CMS: 3754K->3754K(349568K)
[31.184s][info ][gc,metaspace   ] GC(1986) Metaspace: 16026K(16640K)->16026K(16640K) NonClass: 14285K(14592K)->14285K(14592K) Class: 1740K(2048K)->1740K(2048K)
[31.184s][info ][gc             ] GC(1986) Pause Young (Allocation Failure) 140M->3M(495M) 0.445ms
[31.184s][info ][gc,cpu         ] GC(1986) User=0.00s Sys=0.00s Real=0.00s
[31.193s][info ][gc,start       ] GC(1987) Pause Young (Allocation Failure)
[31.193s][info ][gc,task        ] GC(1987) Using 9 workers of 9 for evacuation
[31.194s][debug][gc,age         ] GC(1987) Desired survivor size 8945664 bytes, new threshold 6 (max threshold 6)
[31.194s][trace][gc,age         ] GC(1987) Age table with threshold 6 (max threshold 6)
[31.194s][trace][gc,age         ] GC(1987) - age   1:        192 bytes,        192 total
[31.194s][info ][gc,heap        ] GC(1987) ParNew: 139538K->4K(157376K)
[31.194s][info ][gc,heap        ] GC(1987) CMS: 3754K->3754K(349568K)
[31.194s][info ][gc,metaspace   ] GC(1987) Metaspace: 16026K(16640K)->16026K(16640K) NonClass: 14285K(14592K)->14285K(14592K) Class: 1740K(2048K)->1740K(2048K)
[31.194s][info ][gc             ] GC(1987) Pause Young (Allocation Failure) 139M->3M(495M) 0.394ms
[31.194s][info ][gc,cpu         ] GC(1987) User=0.00s Sys=0.00s Real=0.00s
[31.203s][info ][gc,start       ] GC(1988) Pause Young (Allocation Failure)
[31.203s][info ][gc,task        ] GC(1988) Using 9 workers of 9 for evacuation
[31.203s][debug][gc,age         ] GC(1988) Desired survivor size 8945664 bytes, new threshold 6 (max threshold 6)
[31.203s][trace][gc,age         ] GC(1988) Age table with threshold 6 (max threshold 6)
[31.203s][trace][gc,age         ] GC(1988) - age   1:     400208 bytes,     400208 total
[31.203s][info ][gc,heap        ] GC(1988) ParNew: 139685K->394K(157376K)
[31.203s][info ][gc,heap        ] GC(1988) CMS: 3754K->3754K(349568K)
[31.203s][info ][gc,metaspace   ] GC(1988) Metaspace: 16026K(16640K)->16026K(16640K) NonClass: 14285K(14592K)->14285K(14592K) Class: 1740K(2048K)->1740K(2048K)
[31.203s][info ][gc             ] GC(1988) Pause Young (Allocation Failure) 140M->4M(495M) 0.435ms
[31.203s][info ][gc,cpu         ] GC(1988) User=0.00s Sys=0.00s Real=0.00s
[31.213s][info ][gc,start       ] GC(1989) Pause Young (Allocation Failure)
[31.213s][info ][gc,task        ] GC(1989) Using 9 workers of 9 for evacuation
[31.213s][debug][gc,age         ] GC(1989) Desired survivor size 8945664 bytes, new threshold 6 (max threshold 6)
[31.213s][trace][gc,age         ] GC(1989) Age table with threshold 6 (max threshold 6)
[31.213s][trace][gc,age         ] GC(1989) - age   1:     400208 bytes,     400208 total
[31.213s][info ][gc,heap        ] GC(1989) ParNew: 140013K->398K(157376K)
[31.213s][info ][gc,heap        ] GC(1989) CMS: 3754K->3754K(349568K)
[31.213s][info ][gc,metaspace   ] GC(1989) Metaspace: 16026K(16640K)->16026K(16640K) NonClass: 14285K(14592K)->14285K(14592K) Class: 1740K(2048K)->1740K(2048K)
[31.213s][info ][gc             ] GC(1989) Pause Young (Allocation Failure) 140M->4M(495M) 0.397ms
[31.213s][info ][gc,cpu         ] GC(1989) User=0.00s Sys=0.00s Real=0.00s
[31.223s][info ][gc,start       ] GC(1990) Pause Young (Allocation Failure)
[31.223s][info ][gc,task        ] GC(1990) Using 9 workers of 9 for evacuation
[31.224s][debug][gc,age         ] GC(1990) Desired survivor size 8945664 bytes, new threshold 6 (max threshold 6)
[31.224s][trace][gc,age         ] GC(1990) Age table with threshold 6 (max threshold 6)
[31.224s][trace][gc,age         ] GC(1990) - age   1:     400208 bytes,     400208 total
[31.224s][info ][gc,heap        ] GC(1990) ParNew: 140074K->396K(157376K)
[31.224s][info ][gc,heap        ] GC(1990) CMS: 3754K->3754K(349568K)
[31.224s][info ][gc,metaspace   ] GC(1990) Metaspace: 16026K(16640K)->16026K(16640K) NonClass: 14285K(14592K)->14285K(14592K) Class: 1740K(2048K)->1740K(2048K)
[31.224s][info ][gc             ] GC(1990) Pause Young (Allocation Failure) 140M->4M(495M) 0.444ms
[31.224s][info ][gc,cpu         ] GC(1990) User=0.01s Sys=0.00s Real=0.00s
[31.233s][info ][gc,start       ] GC(1991) Pause Young (Allocation Failure)
[31.233s][info ][gc,task        ] GC(1991) Using 9 workers of 9 for evacuation
[31.234s][debug][gc,age         ] GC(1991) Desired survivor size 8945664 bytes, new threshold 6 (max threshold 6)
[31.234s][trace][gc,age         ] GC(1991) Age table with threshold 6 (max threshold 6)
[31.234s][trace][gc,age         ] GC(1991) - age   1:     400208 bytes,     400208 total
[31.234s][info ][gc,heap        ] GC(1991) ParNew: 140053K->396K(157376K)
[31.234s][info ][gc,heap        ] GC(1991) CMS: 3754K->3754K(349568K)
[31.234s][info ][gc,metaspace   ] GC(1991) Metaspace: 16026K(16640K)->16026K(16640K) NonClass: 14285K(14592K)->14285K(14592K) Class: 1740K(2048K)->1740K(2048K)
[31.234s][info ][gc             ] GC(1991) Pause Young (Allocation Failure) 140M->4M(495M) 0.476ms
[31.234s][info ][gc,cpu         ] GC(1991) User=0.01s Sys=0.00s Real=0.00s
[31.243s][info ][gc,start       ] GC(1992) Pause Young (Allocation Failure)
[31.243s][info ][gc,task        ] GC(1992) Using 9 workers of 9 for evacuation
[31.244s][debug][gc,age         ] GC(1992) Desired survivor size 8945664 bytes, new threshold 6 (max threshold 6)
[31.244s][trace][gc,age         ] GC(1992) Age table with threshold 6 (max threshold 6)
[31.244s][trace][gc,age         ] GC(1992) - age   1:     400208 bytes,     400208 total
[31.244s][info ][gc,heap        ] GC(1992) ParNew: 140056K->396K(157376K)
[31.244s][info ][gc,heap        ] GC(1992) CMS: 3754K->3754K(349568K)
[31.244s][info ][gc,metaspace   ] GC(1992) Metaspace: 16026K(16640K)->16026K(16640K) NonClass: 14285K(14592K)->14285K(14592K) Class: 1740K(2048K)->1740K(2048K)
[31.244s][info ][gc             ] GC(1992) Pause Young (Allocation Failure) 140M->4M(495M) 0.419ms
[31.244s][info ][gc,cpu         ] GC(1992) User=0.00s Sys=0.00s Real=0.00s
[31.253s][info ][gc,start       ] GC(1993) Pause Young (Allocation Failure)
[31.253s][info ][gc,task        ] GC(1993) Using 9 workers of 9 for evacuation
[31.254s][debug][gc,age         ] GC(1993) Desired survivor size 8945664 bytes, new threshold 6 (max threshold 6)
[31.254s][trace][gc,age         ] GC(1993) Age table with threshold 6 (max threshold 6)
[31.254s][trace][gc,age         ] GC(1993) - age   1:     400208 bytes,     400208 total
[31.254s][info ][gc,heap        ] GC(1993) ParNew: 140077K->396K(157376K)
[31.254s][info ][gc,heap        ] GC(1993) CMS: 3754K->3754K(349568K)
[31.254s][info ][gc,metaspace   ] GC(1993) Metaspace: 16026K(16640K)->16026K(16640K) NonClass: 14285K(14592K)->14285K(14592K) Class: 1740K(2048K)->1740K(2048K)
[31.254s][info ][gc             ] GC(1993) Pause Young (Allocation Failure) 140M->4M(495M) 0.473ms
[31.254s][info ][gc,cpu         ] GC(1993) User=0.00s Sys=0.00s Real=0.00s
[31.263s][info ][gc,start       ] GC(1994) Pause Young (Allocation Failure)
[31.263s][info ][gc,task        ] GC(1994) Using 9 workers of 9 for evacuation
[31.264s][debug][gc,age         ] GC(1994) Desired survivor size 8945664 bytes, new threshold 6 (max threshold 6)
[31.264s][trace][gc,age         ] GC(1994) Age table with threshold 6 (max threshold 6)
[31.264s][trace][gc,age         ] GC(1994) - age   1:     400208 bytes,     400208 total
[31.264s][info ][gc,heap        ] GC(1994) ParNew: 140260K->396K(157376K)
[31.264s][info ][gc,heap        ] GC(1994) CMS: 3754K->3754K(349568K)
[31.264s][info ][gc,metaspace   ] GC(1994) Metaspace: 16026K(16640K)->16026K(16640K) NonClass: 14285K(14592K)->14285K(14592K) Class: 1740K(2048K)->1740K(2048K)
[31.264s][info ][gc             ] GC(1994) Pause Young (Allocation Failure) 140M->4M(495M) 0.506ms
[31.264s][info ][gc,cpu         ] GC(1994) User=0.00s Sys=0.00s Real=0.00s
[31.273s][info ][gc,start       ] GC(1995) Pause Young (Allocation Failure)
[31.273s][info ][gc,task        ] GC(1995) Using 9 workers of 9 for evacuation
[31.274s][debug][gc,age         ] GC(1995) Desired survivor size 8945664 bytes, new threshold 6 (max threshold 6)
[31.274s][trace][gc,age         ] GC(1995) Age table with threshold 6 (max threshold 6)
[31.274s][trace][gc,age         ] GC(1995) - age   1:     400208 bytes,     400208 total
[31.274s][info ][gc,heap        ] GC(1995) ParNew: 140123K->398K(157376K)
[31.274s][info ][gc,heap        ] GC(1995) CMS: 3754K->3754K(349568K)
[31.274s][info ][gc,metaspace   ] GC(1995) Metaspace: 16026K(16640K)->16026K(16640K) NonClass: 14285K(14592K)->14285K(14592K) Class: 1740K(2048K)->1740K(2048K)
[31.274s][info ][gc             ] GC(1995) Pause Young (Allocation Failure) 140M->4M(495M) 0.359ms
[31.274s][info ][gc,cpu         ] GC(1995) User=0.00s Sys=0.00s Real=0.00s
[31.283s][info ][gc,start       ] GC(1996) Pause Young (Allocation Failure)
[31.283s][info ][gc,task        ] GC(1996) Using 9 workers of 9 for evacuation
[31.284s][debug][gc,age         ] GC(1996) Desired survivor size 8945664 bytes, new threshold 6 (max threshold 6)
[31.284s][trace][gc,age         ] GC(1996) Age table with threshold 6 (max threshold 6)
[31.284s][trace][gc,age         ] GC(1996) - age   1:        192 bytes,        192 total
[31.284s][info ][gc,heap        ] GC(1996) ParNew: 140131K->6K(157376K)
[31.284s][info ][gc,heap        ] GC(1996) CMS: 3754K->3754K(349568K)
[31.284s][info ][gc,metaspace   ] GC(1996) Metaspace: 16026K(16640K)->16026K(16640K) NonClass: 14285K(14592K)->14285K(14592K) Class: 1740K(2048K)->1740K(2048K)
[31.284s][info ][gc             ] GC(1996) Pause Young (Allocation Failure) 140M->3M(495M) 0.473ms
[31.284s][info ][gc,cpu         ] GC(1996) User=0.00s Sys=0.00s Real=0.00s
[31.293s][info ][gc,start       ] GC(1997) Pause Young (Allocation Failure)
[31.293s][info ][gc,task        ] GC(1997) Using 9 workers of 9 for evacuation
[31.294s][debug][gc,age         ] GC(1997) Desired survivor size 8945664 bytes, new threshold 6 (max threshold 6)
[31.294s][trace][gc,age         ] GC(1997) Age table with threshold 6 (max threshold 6)
[31.294s][trace][gc,age         ] GC(1997) - age   1:        192 bytes,        192 total
[31.294s][info ][gc,heap        ] GC(1997) ParNew: 139783K->4K(157376K)
[31.294s][info ][gc,heap        ] GC(1997) CMS: 3754K->3754K(349568K)
[31.294s][info ][gc,metaspace   ] GC(1997) Metaspace: 16026K(16640K)->16026K(16640K) NonClass: 14285K(14592K)->14285K(14592K) Class: 1740K(2048K)->1740K(2048K)
[31.294s][info ][gc             ] GC(1997) Pause Young (Allocation Failure) 140M->3M(495M) 0.481ms
[31.294s][info ][gc,cpu         ] GC(1997) User=0.00s Sys=0.00s Real=0.00s
[31.303s][info ][gc,start       ] GC(1998) Pause Young (Allocation Failure)
[31.303s][info ][gc,task        ] GC(1998) Using 9 workers of 9 for evacuation
[31.304s][debug][gc,age         ] GC(1998) Desired survivor size 8945664 bytes, new threshold 6 (max threshold 6)
[31.304s][trace][gc,age         ] GC(1998) Age table with threshold 6 (max threshold 6)
[31.304s][trace][gc,age         ] GC(1998) - age   1:     400208 bytes,     400208 total
[31.304s][info ][gc,heap        ] GC(1998) ParNew: 139890K->398K(157376K)
[31.304s][info ][gc,heap        ] GC(1998) CMS: 3754K->3754K(349568K)
[31.304s][info ][gc,metaspace   ] GC(1998) Metaspace: 16026K(16640K)->16026K(16640K) NonClass: 14285K(14592K)->14285K(14592K) Class: 1740K(2048K)->1740K(2048K)
[31.304s][info ][gc             ] GC(1998) Pause Young (Allocation Failure) 140M->4M(495M) 0.425ms
[31.304s][info ][gc,cpu         ] GC(1998) User=0.00s Sys=0.00s Real=0.00s
[31.313s][info ][gc,start       ] GC(1999) Pause Young (Allocation Failure)
[31.313s][info ][gc,task        ] GC(1999) Using 9 workers of 9 for evacuation
[31.314s][debug][gc,age         ] GC(1999) Desired survivor size 8945664 bytes, new threshold 6 (max threshold 6)
[31.314s][trace][gc,age         ] GC(1999) Age table with threshold 6 (max threshold 6)
[31.314s][trace][gc,age         ] GC(1999) - age   1:        192 bytes,        192 total
[31.314s][info ][gc,heap        ] GC(1999) ParNew: 139981K->8K(157376K)
[31.314s][info ][gc,heap        ] GC(1999) CMS: 3754K->3754K(349568K)
[31.314s][info ][gc,metaspace   ] GC(1999) Metaspace: 16026K(16640K)->16026K(16640K) NonClass: 14285K(14592K)->14285K(14592K) Class: 1740K(2048K)->1740K(2048K)
[31.314s][info ][gc             ] GC(1999) Pause Young (Allocation Failure) 140M->3M(495M) 0.533ms
[31.314s][info ][gc,cpu         ] GC(1999) User=0.01s Sys=0.00s Real=0.00s
[31.324s][info ][gc,start       ] GC(2000) Pause Young (Allocation Failure)
[31.324s][info ][gc,task        ] GC(2000) Using 9 workers of 9 for evacuation
[31.324s][debug][gc,age         ] GC(2000) Desired survivor size 8945664 bytes, new threshold 6 (max threshold 6)
[31.324s][trace][gc,age         ] GC(2000) Age table with threshold 6 (max threshold 6)
[31.324s][trace][gc,age         ] GC(2000) - age   1:     400208 bytes,     400208 total
[31.324s][info ][gc,heap        ] GC(2000) ParNew: 139607K->396K(157376K)
[31.324s][info ][gc,heap        ] GC(2000) CMS: 3754K->3754K(349568K)
[31.324s][info ][gc,metaspace   ] GC(2000) Metaspace: 16026K(16640K)->16026K(16640K) NonClass: 14285K(14592K)->14285K(14592K) Class: 1740K(2048K)->1740K(2048K)
[31.324s][info ][gc             ] GC(2000) Pause Young (Allocation Failure) 140M->4M(495M) 0.501ms
[31.324s][info ][gc,cpu         ] GC(2000) User=0.00s Sys=0.01s Real=0.00s
[31.334s][info ][gc,start       ] GC(2001) Pause Young (Allocation Failure)
[31.334s][info ][gc,task        ] GC(2001) Using 9 workers of 9 for evacuation
[31.334s][debug][gc,age         ] GC(2001) Desired survivor size 8945664 bytes, new threshold 6 (max threshold 6)
[31.334s][trace][gc,age         ] GC(2001) Age table with threshold 6 (max threshold 6)
[31.334s][trace][gc,age         ] GC(2001) - age   1:     400208 bytes,     400208 total
[31.334s][info ][gc,heap        ] GC(2001) ParNew: 140055K->396K(157376K)
[31.334s][info ][gc,heap        ] GC(2001) CMS: 3754K->3754K(349568K)
[31.334s][info ][gc,metaspace   ] GC(2001) Metaspace: 16026K(16640K)->16026K(16640K) NonClass: 14285K(14592K)->14285K(14592K) Class: 1740K(2048K)->1740K(2048K)
[31.334s][info ][gc             ] GC(2001) Pause Young (Allocation Failure) 140M->4M(495M) 0.410ms
[31.334s][info ][gc,cpu         ] GC(2001) User=0.00s Sys=0.00s Real=0.00s
[31.344s][info ][gc,start       ] GC(2002) Pause Young (Allocation Failure)
[31.344s][info ][gc,task        ] GC(2002) Using 9 workers of 9 for evacuation
[31.344s][debug][gc,age         ] GC(2002) Desired survivor size 8945664 bytes, new threshold 6 (max threshold 6)
[31.344s][trace][gc,age         ] GC(2002) Age table with threshold 6 (max threshold 6)
[31.344s][trace][gc,age         ] GC(2002) - age   1:        192 bytes,        192 total
[31.344s][info ][gc,heap        ] GC(2002) ParNew: 140043K->6K(157376K)
[31.344s][info ][gc,heap        ] GC(2002) CMS: 3754K->3754K(349568K)
[31.344s][info ][gc,metaspace   ] GC(2002) Metaspace: 16026K(16640K)->16026K(16640K) NonClass: 14285K(14592K)->14285K(14592K) Class: 1740K(2048K)->1740K(2048K)
[31.344s][info ][gc             ] GC(2002) Pause Young (Allocation Failure) 140M->3M(495M) 0.609ms
[31.344s][info ][gc,cpu         ] GC(2002) User=0.00s Sys=0.00s Real=0.00s
[31.354s][info ][gc,start       ] GC(2003) Pause Young (Allocation Failure)
[31.354s][info ][gc,task        ] GC(2003) Using 9 workers of 9 for evacuation
[31.354s][debug][gc,age         ] GC(2003) Desired survivor size 8945664 bytes, new threshold 6 (max threshold 6)
[31.354s][trace][gc,age         ] GC(2003) Age table with threshold 6 (max threshold 6)
[31.354s][trace][gc,age         ] GC(2003) - age   1:        192 bytes,        192 total
[31.354s][info ][gc,heap        ] GC(2003) ParNew: 139583K->6K(157376K)
[31.354s][info ][gc,heap        ] GC(2003) CMS: 3754K->3754K(349568K)
[31.354s][info ][gc,metaspace   ] GC(2003) Metaspace: 16026K(16640K)->16026K(16640K) NonClass: 14285K(14592K)->14285K(14592K) Class: 1740K(2048K)->1740K(2048K)
[31.354s][info ][gc             ] GC(2003) Pause Young (Allocation Failure) 139M->3M(495M) 0.454ms
[31.354s][info ][gc,cpu         ] GC(2003) User=0.00s Sys=0.00s Real=0.00s
[31.364s][info ][gc,start       ] GC(2004) Pause Young (Allocation Failure)
[31.364s][info ][gc,task        ] GC(2004) Using 9 workers of 9 for evacuation
[31.364s][debug][gc,age         ] GC(2004) Desired survivor size 8945664 bytes, new threshold 6 (max threshold 6)
[31.364s][trace][gc,age         ] GC(2004) Age table with threshold 6 (max threshold 6)
[31.364s][trace][gc,age         ] GC(2004) - age   1:     400208 bytes,     400208 total
[31.364s][info ][gc,heap        ] GC(2004) ParNew: 139777K->394K(157376K)
[31.364s][info ][gc,heap        ] GC(2004) CMS: 3754K->3754K(349568K)
[31.364s][info ][gc,metaspace   ] GC(2004) Metaspace: 16026K(16640K)->16026K(16640K) NonClass: 14285K(14592K)->14285K(14592K) Class: 1740K(2048K)->1740K(2048K)
[31.364s][info ][gc             ] GC(2004) Pause Young (Allocation Failure) 140M->4M(495M) 0.410ms
[31.364s][info ][gc,cpu         ] GC(2004) User=0.00s Sys=0.00s Real=0.00s
[31.374s][info ][gc,start       ] GC(2005) Pause Young (Allocation Failure)
[31.374s][info ][gc,task        ] GC(2005) Using 9 workers of 9 for evacuation
[31.374s][debug][gc,age         ] GC(2005) Desired survivor size 8945664 bytes, new threshold 6 (max threshold 6)
[31.374s][trace][gc,age         ] GC(2005) Age table with threshold 6 (max threshold 6)
[31.374s][trace][gc,age         ] GC(2005) - age   1:        192 bytes,        192 total
[31.374s][info ][gc,heap        ] GC(2005) ParNew: 140199K->6K(157376K)
[31.374s][info ][gc,heap        ] GC(2005) CMS: 3754K->3754K(349568K)
[31.374s][info ][gc,metaspace   ] GC(2005) Metaspace: 16026K(16640K)->16026K(16640K) NonClass: 14285K(14592K)->14285K(14592K) Class: 1740K(2048K)->1740K(2048K)
[31.374s][info ][gc             ] GC(2005) Pause Young (Allocation Failure) 140M->3M(495M) 0.476ms
[31.374s][info ][gc,cpu         ] GC(2005) User=0.00s Sys=0.00s Real=0.00s
[31.384s][info ][gc,start       ] GC(2006) Pause Young (Allocation Failure)
[31.384s][info ][gc,task        ] GC(2006) Using 9 workers of 9 for evacuation
[31.384s][debug][gc,age         ] GC(2006) Desired survivor size 8945664 bytes, new threshold 6 (max threshold 6)
[31.384s][trace][gc,age         ] GC(2006) Age table with threshold 6 (max threshold 6)
[31.384s][trace][gc,age         ] GC(2006) - age   1:        192 bytes,        192 total
[31.384s][info ][gc,heap        ] GC(2006) ParNew: 139799K->4K(157376K)
[31.384s][info ][gc,heap        ] GC(2006) CMS: 3754K->3754K(349568K)
[31.384s][info ][gc,metaspace   ] GC(2006) Metaspace: 16026K(16640K)->16026K(16640K) NonClass: 14285K(14592K)->14285K(14592K) Class: 1740K(2048K)->1740K(2048K)
[31.384s][info ][gc             ] GC(2006) Pause Young (Allocation Failure) 140M->3M(495M) 0.480ms
[31.384s][info ][gc,cpu         ] GC(2006) User=0.00s Sys=0.00s Real=0.00s
[31.394s][info ][gc,start       ] GC(2007) Pause Young (Allocation Failure)
[31.394s][info ][gc,task        ] GC(2007) Using 9 workers of 9 for evacuation
[31.394s][debug][gc,age         ] GC(2007) Desired survivor size 8945664 bytes, new threshold 6 (max threshold 6)
[31.394s][trace][gc,age         ] GC(2007) Age table with threshold 6 (max threshold 6)
[31.394s][trace][gc,age         ] GC(2007) - age   1:        192 bytes,        192 total
[31.394s][info ][gc,heap        ] GC(2007) ParNew: 139657K->6K(157376K)
[31.394s][info ][gc,heap        ] GC(2007) CMS: 3754K->3754K(349568K)
[31.394s][info ][gc,metaspace   ] GC(2007) Metaspace: 16026K(16640K)->16026K(16640K) NonClass: 14285K(14592K)->14285K(14592K) Class: 1740K(2048K)->1740K(2048K)
[31.394s][info ][gc             ] GC(2007) Pause Young (Allocation Failure) 140M->3M(495M) 0.409ms
[31.394s][info ][gc,cpu         ] GC(2007) User=0.01s Sys=0.00s Real=0.00s
[31.404s][info ][gc,start       ] GC(2008) Pause Young (Allocation Failure)
[31.404s][info ][gc,task        ] GC(2008) Using 9 workers of 9 for evacuation
[31.404s][debug][gc,age         ] GC(2008) Desired survivor size 8945664 bytes, new threshold 6 (max threshold 6)
[31.404s][trace][gc,age         ] GC(2008) Age table with threshold 6 (max threshold 6)
[31.404s][trace][gc,age         ] GC(2008) - age   1:        192 bytes,        192 total
[31.404s][info ][gc,heap        ] GC(2008) ParNew: 139596K->6K(157376K)
[31.404s][info ][gc,heap        ] GC(2008) CMS: 3754K->3754K(349568K)
[31.404s][info ][gc,metaspace   ] GC(2008) Metaspace: 16026K(16640K)->16026K(16640K) NonClass: 14285K(14592K)->14285K(14592K) Class: 1740K(2048K)->1740K(2048K)
[31.404s][info ][gc             ] GC(2008) Pause Young (Allocation Failure) 139M->3M(495M) 0.512ms
[31.404s][info ][gc,cpu         ] GC(2008) User=0.01s Sys=0.00s Real=0.00s
[31.414s][info ][gc,start       ] GC(2009) Pause Young (Allocation Failure)
[31.414s][info ][gc,task        ] GC(2009) Using 9 workers of 9 for evacuation
[31.414s][debug][gc,age         ] GC(2009) Desired survivor size 8945664 bytes, new threshold 6 (max threshold 6)
[31.414s][trace][gc,age         ] GC(2009) Age table with threshold 6 (max threshold 6)
[31.414s][trace][gc,age         ] GC(2009) - age   1:        192 bytes,        192 total
[31.414s][info ][gc,heap        ] GC(2009) ParNew: 139852K->6K(157376K)
[31.414s][info ][gc,heap        ] GC(2009) CMS: 3754K->3754K(349568K)
[31.414s][info ][gc,metaspace   ] GC(2009) Metaspace: 16026K(16640K)->16026K(16640K) NonClass: 14285K(14592K)->14285K(14592K) Class: 1740K(2048K)->1740K(2048K)
[31.414s][info ][gc             ] GC(2009) Pause Young (Allocation Failure) 140M->3M(495M) 0.486ms
[31.414s][info ][gc,cpu         ] GC(2009) User=0.00s Sys=0.00s Real=0.00s
[31.424s][info ][gc,start       ] GC(2010) Pause Young (Allocation Failure)
[31.424s][info ][gc,task        ] GC(2010) Using 9 workers of 9 for evacuation
[31.426s][debug][gc,age         ] GC(2010) Desired survivor size 8945664 bytes, new threshold 6 (max threshold 6)
[31.426s][trace][gc,age         ] GC(2010) Age table with threshold 6 (max threshold 6)
[31.426s][trace][gc,age         ] GC(2010) - age   1:        192 bytes,        192 total
[31.426s][info ][gc,heap        ] GC(2010) ParNew: 139670K->6K(157376K)
[31.426s][info ][gc,heap        ] GC(2010) CMS: 3754K->3754K(349568K)
[31.426s][info ][gc,metaspace   ] GC(2010) Metaspace: 16026K(16640K)->16026K(16640K) NonClass: 14285K(14592K)->14285K(14592K) Class: 1740K(2048K)->1740K(2048K)
[31.426s][info ][gc             ] GC(2010) Pause Young (Allocation Failure) 140M->3M(495M) 2.042ms
[31.426s][info ][gc,cpu         ] GC(2010) User=0.00s Sys=0.00s Real=0.00s
[31.435s][info ][gc,start       ] GC(2011) Pause Young (Allocation Failure)
[31.435s][info ][gc,task        ] GC(2011) Using 9 workers of 9 for evacuation
[31.436s][debug][gc,age         ] GC(2011) Desired survivor size 8945664 bytes, new threshold 6 (max threshold 6)
[31.436s][trace][gc,age         ] GC(2011) Age table with threshold 6 (max threshold 6)
[31.436s][trace][gc,age         ] GC(2011) - age   1:        192 bytes,        192 total
[31.436s][info ][gc,heap        ] GC(2011) ParNew: 139772K->6K(157376K)
[31.436s][info ][gc,heap        ] GC(2011) CMS: 3754K->3754K(349568K)
[31.436s][info ][gc,metaspace   ] GC(2011) Metaspace: 16026K(16640K)->16026K(16640K) NonClass: 14285K(14592K)->14285K(14592K) Class: 1740K(2048K)->1740K(2048K)
[31.436s][info ][gc             ] GC(2011) Pause Young (Allocation Failure) 140M->3M(495M) 0.502ms
[31.436s][info ][gc,cpu         ] GC(2011) User=0.00s Sys=0.00s Real=0.00s
[31.445s][info ][gc,start       ] GC(2012) Pause Young (Allocation Failure)
[31.445s][info ][gc,task        ] GC(2012) Using 9 workers of 9 for evacuation
[31.446s][debug][gc,age         ] GC(2012) Desired survivor size 8945664 bytes, new threshold 6 (max threshold 6)
[31.446s][trace][gc,age         ] GC(2012) Age table with threshold 6 (max threshold 6)
[31.446s][trace][gc,age         ] GC(2012) - age   1:     400208 bytes,     400208 total
[31.446s][info ][gc,heap        ] GC(2012) ParNew: 139548K->396K(157376K)
[31.446s][info ][gc,heap        ] GC(2012) CMS: 3754K->3754K(349568K)
[31.446s][info ][gc,metaspace   ] GC(2012) Metaspace: 16026K(16640K)->16026K(16640K) NonClass: 14285K(14592K)->14285K(14592K) Class: 1740K(2048K)->1740K(2048K)
[31.446s][info ][gc             ] GC(2012) Pause Young (Allocation Failure) 139M->4M(495M) 0.442ms
[31.446s][info ][gc,cpu         ] GC(2012) User=0.00s Sys=0.00s Real=0.00s
[31.455s][info ][gc,start       ] GC(2013) Pause Young (Allocation Failure)
[31.455s][info ][gc,task        ] GC(2013) Using 9 workers of 9 for evacuation
[31.456s][debug][gc,age         ] GC(2013) Desired survivor size 8945664 bytes, new threshold 6 (max threshold 6)
[31.456s][trace][gc,age         ] GC(2013) Age table with threshold 6 (max threshold 6)
[31.456s][trace][gc,age         ] GC(2013) - age   1:     400208 bytes,     400208 total
[31.456s][info ][gc,heap        ] GC(2013) ParNew: 139998K->398K(157376K)
[31.456s][info ][gc,heap        ] GC(2013) CMS: 3754K->3754K(349568K)
[31.456s][info ][gc,metaspace   ] GC(2013) Metaspace: 16026K(16640K)->16026K(16640K) NonClass: 14285K(14592K)->14285K(14592K) Class: 1740K(2048K)->1740K(2048K)
[31.456s][info ][gc             ] GC(2013) Pause Young (Allocation Failure) 140M->4M(495M) 0.371ms
[31.456s][info ][gc,cpu         ] GC(2013) User=0.00s Sys=0.00s Real=0.00s
[31.465s][info ][gc,start       ] GC(2014) Pause Young (Allocation Failure)
[31.465s][info ][gc,task        ] GC(2014) Using 9 workers of 9 for evacuation
[31.466s][debug][gc,age         ] GC(2014) Desired survivor size 8945664 bytes, new threshold 6 (max threshold 6)
[31.466s][trace][gc,age         ] GC(2014) Age table with threshold 6 (max threshold 6)
[31.466s][trace][gc,age         ] GC(2014) - age   1:     400208 bytes,     400208 total
[31.466s][info ][gc,heap        ] GC(2014) ParNew: 140201K->396K(157376K)
[31.466s][info ][gc,heap        ] GC(2014) CMS: 3754K->3754K(349568K)
[31.466s][info ][gc,metaspace   ] GC(2014) Metaspace: 16026K(16640K)->16026K(16640K) NonClass: 14285K(14592K)->14285K(14592K) Class: 1740K(2048K)->1740K(2048K)
[31.466s][info ][gc             ] GC(2014) Pause Young (Allocation Failure) 140M->4M(495M) 0.456ms
[31.466s][info ][gc,cpu         ] GC(2014) User=0.00s Sys=0.00s Real=0.00s
[31.475s][info ][gc,start       ] GC(2015) Pause Young (Allocation Failure)
[31.475s][info ][gc,task        ] GC(2015) Using 9 workers of 9 for evacuation
[31.475s][debug][gc,age         ] GC(2015) Desired survivor size 8945664 bytes, new threshold 6 (max threshold 6)
[31.475s][trace][gc,age         ] GC(2015) Age table with threshold 6 (max threshold 6)
[31.475s][trace][gc,age         ] GC(2015) - age   1:        192 bytes,        192 total
[31.475s][info ][gc,heap        ] GC(2015) ParNew: 139960K->6K(157376K)
[31.475s][info ][gc,heap        ] GC(2015) CMS: 3754K->3754K(349568K)
[31.475s][info ][gc,metaspace   ] GC(2015) Metaspace: 16026K(16640K)->16026K(16640K) NonClass: 14285K(14592K)->14285K(14592K) Class: 1740K(2048K)->1740K(2048K)
[31.475s][info ][gc             ] GC(2015) Pause Young (Allocation Failure) 140M->3M(495M) 0.395ms
[31.475s][info ][gc,cpu         ] GC(2015) User=0.00s Sys=0.00s Real=0.00s
[31.485s][info ][gc,start       ] GC(2016) Pause Young (Allocation Failure)
[31.485s][info ][gc,task        ] GC(2016) Using 9 workers of 9 for evacuation
[31.485s][debug][gc,age         ] GC(2016) Desired survivor size 8945664 bytes, new threshold 6 (max threshold 6)
[31.485s][trace][gc,age         ] GC(2016) Age table with threshold 6 (max threshold 6)
[31.485s][trace][gc,age         ] GC(2016) - age   1:     400208 bytes,     400208 total
[31.485s][info ][gc,heap        ] GC(2016) ParNew: 139810K->398K(157376K)
[31.485s][info ][gc,heap        ] GC(2016) CMS: 3754K->3754K(349568K)
[31.485s][info ][gc,metaspace   ] GC(2016) Metaspace: 16026K(16640K)->16026K(16640K) NonClass: 14285K(14592K)->14285K(14592K) Class: 1740K(2048K)->1740K(2048K)
[31.485s][info ][gc             ] GC(2016) Pause Young (Allocation Failure) 140M->4M(495M) 0.472ms
[31.485s][info ][gc,cpu         ] GC(2016) User=0.00s Sys=0.00s Real=0.00s
[31.495s][info ][gc,start       ] GC(2017) Pause Young (Allocation Failure)
[31.495s][info ][gc,task        ] GC(2017) Using 9 workers of 9 for evacuation
[31.495s][debug][gc,age         ] GC(2017) Desired survivor size 8945664 bytes, new threshold 6 (max threshold 6)
[31.495s][trace][gc,age         ] GC(2017) Age table with threshold 6 (max threshold 6)
[31.495s][trace][gc,age         ] GC(2017) - age   1:        192 bytes,        192 total
[31.495s][info ][gc,heap        ] GC(2017) ParNew: 140216K->4K(157376K)
[31.495s][info ][gc,heap        ] GC(2017) CMS: 3754K->3754K(349568K)
[31.495s][info ][gc,metaspace   ] GC(2017) Metaspace: 16026K(16640K)->16026K(16640K) NonClass: 14285K(14592K)->14285K(14592K) Class: 1740K(2048K)->1740K(2048K)
[31.495s][info ][gc             ] GC(2017) Pause Young (Allocation Failure) 140M->3M(495M) 0.400ms
[31.495s][info ][gc,cpu         ] GC(2017) User=0.01s Sys=0.00s Real=0.00s
[31.505s][info ][gc,start       ] GC(2018) Pause Young (Allocation Failure)
[31.505s][info ][gc,task        ] GC(2018) Using 9 workers of 9 for evacuation
[31.505s][debug][gc,age         ] GC(2018) Desired survivor size 8945664 bytes, new threshold 6 (max threshold 6)
[31.505s][trace][gc,age         ] GC(2018) Age table with threshold 6 (max threshold 6)
[31.505s][trace][gc,age         ] GC(2018) - age   1:     400208 bytes,     400208 total
[31.505s][info ][gc,heap        ] GC(2018) ParNew: 139608K->394K(157376K)
[31.505s][info ][gc,heap        ] GC(2018) CMS: 3754K->3754K(349568K)
[31.505s][info ][gc,metaspace   ] GC(2018) Metaspace: 16026K(16640K)->16026K(16640K) NonClass: 14285K(14592K)->14285K(14592K) Class: 1740K(2048K)->1740K(2048K)
[31.505s][info ][gc             ] GC(2018) Pause Young (Allocation Failure) 140M->4M(495M) 0.476ms
[31.505s][info ][gc,cpu         ] GC(2018) User=0.01s Sys=0.00s Real=0.00s
[31.515s][info ][gc,start       ] GC(2019) Pause Young (Allocation Failure)
[31.515s][info ][gc,task        ] GC(2019) Using 9 workers of 9 for evacuation
[31.515s][debug][gc,age         ] GC(2019) Desired survivor size 8945664 bytes, new threshold 6 (max threshold 6)
[31.515s][trace][gc,age         ] GC(2019) Age table with threshold 6 (max threshold 6)
[31.515s][trace][gc,age         ] GC(2019) - age   1:        192 bytes,        192 total
[31.515s][info ][gc,heap        ] GC(2019) ParNew: 139940K->8K(157376K)
[31.515s][info ][gc,heap        ] GC(2019) CMS: 3754K->3754K(349568K)
[31.515s][info ][gc,metaspace   ] GC(2019) Metaspace: 16026K(16640K)->16026K(16640K) NonClass: 14285K(14592K)->14285K(14592K) Class: 1740K(2048K)->1740K(2048K)
[31.515s][info ][gc             ] GC(2019) Pause Young (Allocation Failure) 140M->3M(495M) 0.431ms
[31.515s][info ][gc,cpu         ] GC(2019) User=0.00s Sys=0.00s Real=0.00s
[31.525s][info ][gc,start       ] GC(2020) Pause Young (Allocation Failure)
[31.525s][info ][gc,task        ] GC(2020) Using 9 workers of 9 for evacuation
[31.525s][debug][gc,age         ] GC(2020) Desired survivor size 8945664 bytes, new threshold 6 (max threshold 6)
[31.525s][trace][gc,age         ] GC(2020) Age table with threshold 6 (max threshold 6)
[31.525s][trace][gc,age         ] GC(2020) - age   1:     400208 bytes,     400208 total
[31.525s][info ][gc,heap        ] GC(2020) ParNew: 139795K->398K(157376K)
[31.525s][info ][gc,heap        ] GC(2020) CMS: 3754K->3754K(349568K)
[31.525s][info ][gc,metaspace   ] GC(2020) Metaspace: 16026K(16640K)->16026K(16640K) NonClass: 14285K(14592K)->14285K(14592K) Class: 1740K(2048K)->1740K(2048K)
[31.525s][info ][gc             ] GC(2020) Pause Young (Allocation Failure) 140M->4M(495M) 0.383ms
[31.525s][info ][gc,cpu         ] GC(2020) User=0.00s Sys=0.00s Real=0.00s
[31.535s][info ][gc,start       ] GC(2021) Pause Young (Allocation Failure)
[31.535s][info ][gc,task        ] GC(2021) Using 9 workers of 9 for evacuation
[31.535s][debug][gc,age         ] GC(2021) Desired survivor size 8945664 bytes, new threshold 6 (max threshold 6)
[31.535s][trace][gc,age         ] GC(2021) Age table with threshold 6 (max threshold 6)
[31.535s][trace][gc,age         ] GC(2021) - age   1:        192 bytes,        192 total
[31.535s][info ][gc,heap        ] GC(2021) ParNew: 140200K->6K(157376K)
[31.535s][info ][gc,heap        ] GC(2021) CMS: 3754K->3754K(349568K)
[31.535s][info ][gc,metaspace   ] GC(2021) Metaspace: 16026K(16640K)->16026K(16640K) NonClass: 14285K(14592K)->14285K(14592K) Class: 1740K(2048K)->1740K(2048K)
[31.535s][info ][gc             ] GC(2021) Pause Young (Allocation Failure) 140M->3M(495M) 0.496ms
[31.535s][info ][gc,cpu         ] GC(2021) User=0.00s Sys=0.00s Real=0.00s
[31.545s][info ][gc,start       ] GC(2022) Pause Young (Allocation Failure)
[31.545s][info ][gc,task        ] GC(2022) Using 9 workers of 9 for evacuation
[31.545s][debug][gc,age         ] GC(2022) Desired survivor size 8945664 bytes, new threshold 6 (max threshold 6)
[31.545s][trace][gc,age         ] GC(2022) Age table with threshold 6 (max threshold 6)
[31.545s][trace][gc,age         ] GC(2022) - age   1:        192 bytes,        192 total
[31.545s][info ][gc,heap        ] GC(2022) ParNew: 139781K->6K(157376K)
[31.545s][info ][gc,heap        ] GC(2022) CMS: 3754K->3754K(349568K)
[31.545s][info ][gc,metaspace   ] GC(2022) Metaspace: 16026K(16640K)->16026K(16640K) NonClass: 14285K(14592K)->14285K(14592K) Class: 1740K(2048K)->1740K(2048K)
[31.545s][info ][gc             ] GC(2022) Pause Young (Allocation Failure) 140M->3M(495M) 0.440ms
[31.545s][info ][gc,cpu         ] GC(2022) User=0.00s Sys=0.00s Real=0.00s
[31.555s][info ][gc,start       ] GC(2023) Pause Young (Allocation Failure)
[31.555s][info ][gc,task        ] GC(2023) Using 9 workers of 9 for evacuation
[31.555s][debug][gc,age         ] GC(2023) Desired survivor size 8945664 bytes, new threshold 6 (max threshold 6)
[31.555s][trace][gc,age         ] GC(2023) Age table with threshold 6 (max threshold 6)
[31.555s][trace][gc,age         ] GC(2023) - age   1:        192 bytes,        192 total
[31.555s][info ][gc,heap        ] GC(2023) ParNew: 139628K->6K(157376K)
[31.555s][info ][gc,heap        ] GC(2023) CMS: 3754K->3754K(349568K)
[31.555s][info ][gc,metaspace   ] GC(2023) Metaspace: 16026K(16640K)->16026K(16640K) NonClass: 14285K(14592K)->14285K(14592K) Class: 1740K(2048K)->1740K(2048K)
[31.555s][info ][gc             ] GC(2023) Pause Young (Allocation Failure) 140M->3M(495M) 0.398ms
[31.555s][info ][gc,cpu         ] GC(2023) User=0.00s Sys=0.00s Real=0.00s
[31.565s][info ][gc,start       ] GC(2024) Pause Young (Allocation Failure)
[31.565s][info ][gc,task        ] GC(2024) Using 9 workers of 9 for evacuation
[31.565s][debug][gc,age         ] GC(2024) Desired survivor size 8945664 bytes, new threshold 6 (max threshold 6)
[31.565s][trace][gc,age         ] GC(2024) Age table with threshold 6 (max threshold 6)
[31.565s][trace][gc,age         ] GC(2024) - age   1:        192 bytes,        192 total
[31.565s][info ][gc,heap        ] GC(2024) ParNew: 139790K->6K(157376K)
[31.565s][info ][gc,heap        ] GC(2024) CMS: 3754K->3754K(349568K)
[31.565s][info ][gc,metaspace   ] GC(2024) Metaspace: 16026K(16640K)->16026K(16640K) NonClass: 14285K(14592K)->14285K(14592K) Class: 1740K(2048K)->1740K(2048K)
[31.565s][info ][gc             ] GC(2024) Pause Young (Allocation Failure) 140M->3M(495M) 0.435ms
[31.565s][info ][gc,cpu         ] GC(2024) User=0.00s Sys=0.00s Real=0.00s
[31.574s][info ][gc,start       ] GC(2025) Pause Young (Allocation Failure)
[31.575s][info ][gc,task        ] GC(2025) Using 9 workers of 9 for evacuation
[31.575s][debug][gc,age         ] GC(2025) Desired survivor size 8945664 bytes, new threshold 6 (max threshold 6)
[31.575s][trace][gc,age         ] GC(2025) Age table with threshold 6 (max threshold 6)
[31.575s][trace][gc,age         ] GC(2025) - age   1:        192 bytes,        192 total
[31.575s][info ][gc,heap        ] GC(2025) ParNew: 139604K->4K(157376K)
[31.575s][info ][gc,heap        ] GC(2025) CMS: 3754K->3754K(349568K)
[31.575s][info ][gc,metaspace   ] GC(2025) Metaspace: 16026K(16640K)->16026K(16640K) NonClass: 14285K(14592K)->14285K(14592K) Class: 1740K(2048K)->1740K(2048K)
[31.575s][info ][gc             ] GC(2025) Pause Young (Allocation Failure) 139M->3M(495M) 0.439ms
[31.575s][info ][gc,cpu         ] GC(2025) User=0.00s Sys=0.00s Real=0.00s
[31.584s][info ][gc,start       ] GC(2026) Pause Young (Allocation Failure)
[31.584s][info ][gc,task        ] GC(2026) Using 9 workers of 9 for evacuation
[31.585s][debug][gc,age         ] GC(2026) Desired survivor size 8945664 bytes, new threshold 6 (max threshold 6)
[31.585s][trace][gc,age         ] GC(2026) Age table with threshold 6 (max threshold 6)
[31.585s][trace][gc,age         ] GC(2026) - age   1:     400208 bytes,     400208 total
[31.585s][info ][gc,heap        ] GC(2026) ParNew: 139829K->396K(157376K)
[31.585s][info ][gc,heap        ] GC(2026) CMS: 3754K->3754K(349568K)
[31.585s][info ][gc,metaspace   ] GC(2026) Metaspace: 16026K(16640K)->16026K(16640K) NonClass: 14285K(14592K)->14285K(14592K) Class: 1740K(2048K)->1740K(2048K)
[31.585s][info ][gc             ] GC(2026) Pause Young (Allocation Failure) 140M->4M(495M) 0.477ms
[31.585s][info ][gc,cpu         ] GC(2026) User=0.01s Sys=0.00s Real=0.00s
[31.594s][info ][gc,start       ] GC(2027) Pause Young (Allocation Failure)
[31.594s][info ][gc,task        ] GC(2027) Using 9 workers of 9 for evacuation
[31.595s][debug][gc,age         ] GC(2027) Desired survivor size 8945664 bytes, new threshold 6 (max threshold 6)
[31.595s][trace][gc,age         ] GC(2027) Age table with threshold 6 (max threshold 6)
[31.595s][trace][gc,age         ] GC(2027) - age   1:     400208 bytes,     400208 total
[31.595s][info ][gc,heap        ] GC(2027) ParNew: 139922K->396K(157376K)
[31.595s][info ][gc,heap        ] GC(2027) CMS: 3754K->3754K(349568K)
[31.595s][info ][gc,metaspace   ] GC(2027) Metaspace: 16026K(16640K)->16026K(16640K) NonClass: 14285K(14592K)->14285K(14592K) Class: 1740K(2048K)->1740K(2048K)
[31.595s][info ][gc             ] GC(2027) Pause Young (Allocation Failure) 140M->4M(495M) 0.430ms
[31.595s][info ][gc,cpu         ] GC(2027) User=0.01s Sys=0.00s Real=0.00s
[31.604s][info ][gc,start       ] GC(2028) Pause Young (Allocation Failure)
[31.604s][info ][gc,task        ] GC(2028) Using 9 workers of 9 for evacuation
[31.605s][debug][gc,age         ] GC(2028) Desired survivor size 8945664 bytes, new threshold 6 (max threshold 6)
[31.605s][trace][gc,age         ] GC(2028) Age table with threshold 6 (max threshold 6)
[31.605s][trace][gc,age         ] GC(2028) - age   1:        192 bytes,        192 total
[31.605s][info ][gc,heap        ] GC(2028) ParNew: 140085K->4K(157376K)
[31.605s][info ][gc,heap        ] GC(2028) CMS: 3754K->3754K(349568K)
[31.605s][info ][gc,metaspace   ] GC(2028) Metaspace: 16026K(16640K)->16026K(16640K) NonClass: 14285K(14592K)->14285K(14592K) Class: 1740K(2048K)->1740K(2048K)
[31.605s][info ][gc             ] GC(2028) Pause Young (Allocation Failure) 140M->3M(495M) 0.368ms
[31.605s][info ][gc,cpu         ] GC(2028) User=0.00s Sys=0.00s Real=0.00s
[31.614s][info ][gc,start       ] GC(2029) Pause Young (Allocation Failure)
[31.614s][info ][gc,task        ] GC(2029) Using 9 workers of 9 for evacuation
[31.615s][debug][gc,age         ] GC(2029) Desired survivor size 8945664 bytes, new threshold 6 (max threshold 6)
[31.615s][trace][gc,age         ] GC(2029) Age table with threshold 6 (max threshold 6)
[31.615s][trace][gc,age         ] GC(2029) - age   1:        192 bytes,        192 total
[31.615s][info ][gc,heap        ] GC(2029) ParNew: 139801K->4K(157376K)
[31.615s][info ][gc,heap        ] GC(2029) CMS: 3754K->3754K(349568K)
[31.615s][info ][gc,metaspace   ] GC(2029) Metaspace: 16026K(16640K)->16026K(16640K) NonClass: 14285K(14592K)->14285K(14592K) Class: 1740K(2048K)->1740K(2048K)
[31.615s][info ][gc             ] GC(2029) Pause Young (Allocation Failure) 140M->3M(495M) 0.417ms
[31.615s][info ][gc,cpu         ] GC(2029) User=0.00s Sys=0.00s Real=0.00s
[31.624s][info ][gc,start       ] GC(2030) Pause Young (Allocation Failure)
[31.624s][info ][gc,task        ] GC(2030) Using 9 workers of 9 for evacuation
[31.624s][debug][gc,age         ] GC(2030) Desired survivor size 8945664 bytes, new threshold 6 (max threshold 6)
[31.624s][trace][gc,age         ] GC(2030) Age table with threshold 6 (max threshold 6)
[31.624s][trace][gc,age         ] GC(2030) - age   1:     400208 bytes,     400208 total
[31.624s][info ][gc,heap        ] GC(2030) ParNew: 139876K->396K(157376K)
[31.624s][info ][gc,heap        ] GC(2030) CMS: 3754K->3754K(349568K)
[31.624s][info ][gc,metaspace   ] GC(2030) Metaspace: 16026K(16640K)->16026K(16640K) NonClass: 14285K(14592K)->14285K(14592K) Class: 1740K(2048K)->1740K(2048K)
[31.624s][info ][gc             ] GC(2030) Pause Young (Allocation Failure) 140M->4M(495M) 0.403ms
[31.625s][info ][gc,cpu         ] GC(2030) User=0.00s Sys=0.00s Real=0.00s
[31.634s][info ][gc,start       ] GC(2031) Pause Young (Allocation Failure)
[31.634s][info ][gc,task        ] GC(2031) Using 9 workers of 9 for evacuation
[31.634s][debug][gc,age         ] GC(2031) Desired survivor size 8945664 bytes, new threshold 6 (max threshold 6)
[31.634s][trace][gc,age         ] GC(2031) Age table with threshold 6 (max threshold 6)
[31.634s][trace][gc,age         ] GC(2031) - age   1:        192 bytes,        192 total
[31.634s][info ][gc,heap        ] GC(2031) ParNew: 140254K->6K(157376K)
[31.634s][info ][gc,heap        ] GC(2031) CMS: 3754K->3754K(349568K)
[31.634s][info ][gc,metaspace   ] GC(2031) Metaspace: 16026K(16640K)->16026K(16640K) NonClass: 14285K(14592K)->14285K(14592K) Class: 1740K(2048K)->1740K(2048K)
[31.634s][info ][gc             ] GC(2031) Pause Young (Allocation Failure) 140M->3M(495M) 0.454ms
[31.634s][info ][gc,cpu         ] GC(2031) User=0.00s Sys=0.01s Real=0.00s
[31.644s][info ][gc,start       ] GC(2032) Pause Young (Allocation Failure)
[31.644s][info ][gc,task        ] GC(2032) Using 9 workers of 9 for evacuation
[31.646s][debug][gc,age         ] GC(2032) Desired survivor size 8945664 bytes, new threshold 6 (max threshold 6)
[31.646s][trace][gc,age         ] GC(2032) Age table with threshold 6 (max threshold 6)
[31.646s][trace][gc,age         ] GC(2032) - age   1:     400208 bytes,     400208 total
[31.646s][info ][gc,heap        ] GC(2032) ParNew: 139712K->396K(157376K)
[31.646s][info ][gc,heap        ] GC(2032) CMS: 3754K->3754K(349568K)
[31.646s][info ][gc,metaspace   ] GC(2032) Metaspace: 16026K(16640K)->16026K(16640K) NonClass: 14285K(14592K)->14285K(14592K) Class: 1740K(2048K)->1740K(2048K)
[31.646s][info ][gc             ] GC(2032) Pause Young (Allocation Failure) 140M->4M(495M) 1.632ms
[31.646s][info ][gc,cpu         ] GC(2032) User=0.01s Sys=0.00s Real=0.00s
[31.655s][info ][gc,start       ] GC(2033) Pause Young (Allocation Failure)
[31.656s][info ][gc,task        ] GC(2033) Using 9 workers of 9 for evacuation
[31.656s][debug][gc,age         ] GC(2033) Desired survivor size 8945664 bytes, new threshold 6 (max threshold 6)
[31.656s][trace][gc,age         ] GC(2033) Age table with threshold 6 (max threshold 6)
[31.656s][trace][gc,age         ] GC(2033) - age   1:     400208 bytes,     400208 total
[31.656s][info ][gc,heap        ] GC(2033) ParNew: 140294K->396K(157376K)
[31.656s][info ][gc,heap        ] GC(2033) CMS: 3754K->3754K(349568K)
[31.656s][info ][gc,metaspace   ] GC(2033) Metaspace: 16026K(16640K)->16026K(16640K) NonClass: 14285K(14592K)->14285K(14592K) Class: 1740K(2048K)->1740K(2048K)
[31.656s][info ][gc             ] GC(2033) Pause Young (Allocation Failure) 140M->4M(495M) 0.479ms
[31.656s][info ][gc,cpu         ] GC(2033) User=0.00s Sys=0.00s Real=0.00s
[31.665s][info ][gc,start       ] GC(2034) Pause Young (Allocation Failure)
[31.665s][info ][gc,task        ] GC(2034) Using 9 workers of 9 for evacuation
[31.666s][debug][gc,age         ] GC(2034) Desired survivor size 8945664 bytes, new threshold 6 (max threshold 6)
[31.666s][trace][gc,age         ] GC(2034) Age table with threshold 6 (max threshold 6)
[31.666s][trace][gc,age         ] GC(2034) - age   1:     400208 bytes,     400208 total
[31.666s][info ][gc,heap        ] GC(2034) ParNew: 140101K->396K(157376K)
[31.666s][info ][gc,heap        ] GC(2034) CMS: 3754K->3754K(349568K)
[31.666s][info ][gc,metaspace   ] GC(2034) Metaspace: 16026K(16640K)->16026K(16640K) NonClass: 14285K(14592K)->14285K(14592K) Class: 1740K(2048K)->1740K(2048K)
[31.666s][info ][gc             ] GC(2034) Pause Young (Allocation Failure) 140M->4M(495M) 0.766ms
[31.666s][info ][gc,cpu         ] GC(2034) User=0.00s Sys=0.00s Real=0.00s
[31.676s][info ][gc,start       ] GC(2035) Pause Young (Allocation Failure)
[31.676s][info ][gc,task        ] GC(2035) Using 9 workers of 9 for evacuation
[31.676s][debug][gc,age         ] GC(2035) Desired survivor size 8945664 bytes, new threshold 6 (max threshold 6)
[31.676s][trace][gc,age         ] GC(2035) Age table with threshold 6 (max threshold 6)
[31.676s][trace][gc,age         ] GC(2035) - age   1:        192 bytes,        192 total
[31.676s][info ][gc,heap        ] GC(2035) ParNew: 140231K->8K(157376K)
[31.676s][info ][gc,heap        ] GC(2035) CMS: 3754K->3754K(349568K)
[31.676s][info ][gc,metaspace   ] GC(2035) Metaspace: 16026K(16640K)->16026K(16640K) NonClass: 14285K(14592K)->14285K(14592K) Class: 1740K(2048K)->1740K(2048K)
[31.676s][info ][gc             ] GC(2035) Pause Young (Allocation Failure) 140M->3M(495M) 0.427ms
[31.676s][info ][gc,cpu         ] GC(2035) User=0.00s Sys=0.00s Real=0.00s
[31.686s][info ][gc,start       ] GC(2036) Pause Young (Allocation Failure)
[31.686s][info ][gc,task        ] GC(2036) Using 9 workers of 9 for evacuation
[31.686s][debug][gc,age         ] GC(2036) Desired survivor size 8945664 bytes, new threshold 6 (max threshold 6)
[31.686s][trace][gc,age         ] GC(2036) Age table with threshold 6 (max threshold 6)
[31.686s][trace][gc,age         ] GC(2036) - age   1:        192 bytes,        192 total
[31.686s][info ][gc,heap        ] GC(2036) ParNew: 139733K->8K(157376K)
[31.686s][info ][gc,heap        ] GC(2036) CMS: 3754K->3754K(349568K)
[31.686s][info ][gc,metaspace   ] GC(2036) Metaspace: 16026K(16640K)->16026K(16640K) NonClass: 14285K(14592K)->14285K(14592K) Class: 1740K(2048K)->1740K(2048K)
[31.686s][info ][gc             ] GC(2036) Pause Young (Allocation Failure) 140M->3M(495M) 0.399ms
[31.686s][info ][gc,cpu         ] GC(2036) User=0.00s Sys=0.00s Real=0.00s
[31.696s][info ][gc,start       ] GC(2037) Pause Young (Allocation Failure)
[31.696s][info ][gc,task        ] GC(2037) Using 9 workers of 9 for evacuation
[31.696s][debug][gc,age         ] GC(2037) Desired survivor size 8945664 bytes, new threshold 6 (max threshold 6)
[31.696s][trace][gc,age         ] GC(2037) Age table with threshold 6 (max threshold 6)
[31.696s][trace][gc,age         ] GC(2037) - age   1:        192 bytes,        192 total
[31.696s][info ][gc,heap        ] GC(2037) ParNew: 139912K->8K(157376K)
[31.696s][info ][gc,heap        ] GC(2037) CMS: 3754K->3754K(349568K)
[31.696s][info ][gc,metaspace   ] GC(2037) Metaspace: 16026K(16640K)->16026K(16640K) NonClass: 14285K(14592K)->14285K(14592K) Class: 1740K(2048K)->1740K(2048K)
[31.696s][info ][gc             ] GC(2037) Pause Young (Allocation Failure) 140M->3M(495M) 0.468ms
[31.696s][info ][gc,cpu         ] GC(2037) User=0.00s Sys=0.00s Real=0.00s
[31.705s][info ][gc,start       ] GC(2038) Pause Young (Allocation Failure)
[31.706s][info ][gc,task        ] GC(2038) Using 9 workers of 9 for evacuation
[31.706s][debug][gc,age         ] GC(2038) Desired survivor size 8945664 bytes, new threshold 6 (max threshold 6)
[31.706s][trace][gc,age         ] GC(2038) Age table with threshold 6 (max threshold 6)
[31.706s][trace][gc,age         ] GC(2038) - age   1:     400208 bytes,     400208 total
[31.706s][info ][gc,heap        ] GC(2038) ParNew: 139904K->398K(157376K)
[31.706s][info ][gc,heap        ] GC(2038) CMS: 3754K->3754K(349568K)
[31.706s][info ][gc,metaspace   ] GC(2038) Metaspace: 16026K(16640K)->16026K(16640K) NonClass: 14285K(14592K)->14285K(14592K) Class: 1740K(2048K)->1740K(2048K)
[31.706s][info ][gc             ] GC(2038) Pause Young (Allocation Failure) 140M->4M(495M) 0.367ms
[31.706s][info ][gc,cpu         ] GC(2038) User=0.01s Sys=0.00s Real=0.00s
[31.715s][info ][gc,start       ] GC(2039) Pause Young (Allocation Failure)
[31.715s][info ][gc,task        ] GC(2039) Using 9 workers of 9 for evacuation
[31.716s][debug][gc,age         ] GC(2039) Desired survivor size 8945664 bytes, new threshold 6 (max threshold 6)
[31.716s][trace][gc,age         ] GC(2039) Age table with threshold 6 (max threshold 6)
[31.716s][trace][gc,age         ] GC(2039) - age   1:        192 bytes,        192 total
[31.716s][info ][gc,heap        ] GC(2039) ParNew: 139917K->8K(157376K)
[31.716s][info ][gc,heap        ] GC(2039) CMS: 3754K->3754K(349568K)
[31.716s][info ][gc,metaspace   ] GC(2039) Metaspace: 16026K(16640K)->16026K(16640K) NonClass: 14285K(14592K)->14285K(14592K) Class: 1740K(2048K)->1740K(2048K)
[31.716s][info ][gc             ] GC(2039) Pause Young (Allocation Failure) 140M->3M(495M) 0.365ms
[31.716s][info ][gc,cpu         ] GC(2039) User=0.01s Sys=0.00s Real=0.00s
[31.725s][info ][gc,start       ] GC(2040) Pause Young (Allocation Failure)
[31.725s][info ][gc,task        ] GC(2040) Using 9 workers of 9 for evacuation
[31.726s][debug][gc,age         ] GC(2040) Desired survivor size 8945664 bytes, new threshold 6 (max threshold 6)
[31.726s][trace][gc,age         ] GC(2040) Age table with threshold 6 (max threshold 6)
[31.726s][trace][gc,age         ] GC(2040) - age   1:        192 bytes,        192 total
[31.726s][info ][gc,heap        ] GC(2040) ParNew: 139662K->8K(157376K)
[31.726s][info ][gc,heap        ] GC(2040) CMS: 3754K->3754K(349568K)
[31.726s][info ][gc,metaspace   ] GC(2040) Metaspace: 16026K(16640K)->16026K(16640K) NonClass: 14285K(14592K)->14285K(14592K) Class: 1740K(2048K)->1740K(2048K)
[31.726s][info ][gc             ] GC(2040) Pause Young (Allocation Failure) 140M->3M(495M) 0.531ms
[31.726s][info ][gc,cpu         ] GC(2040) User=0.01s Sys=0.00s Real=0.00s
[31.736s][info ][gc,start       ] GC(2041) Pause Young (Allocation Failure)
[31.736s][info ][gc,task        ] GC(2041) Using 9 workers of 9 for evacuation
[31.737s][debug][gc,age         ] GC(2041) Desired survivor size 8945664 bytes, new threshold 6 (max threshold 6)
[31.737s][trace][gc,age         ] GC(2041) Age table with threshold 6 (max threshold 6)
[31.737s][trace][gc,age         ] GC(2041) - age   1:        192 bytes,        192 total
[31.737s][info ][gc,heap        ] GC(2041) ParNew: 139652K->6K(157376K)
[31.737s][info ][gc,heap        ] GC(2041) CMS: 3754K->3754K(349568K)
[31.737s][info ][gc,metaspace   ] GC(2041) Metaspace: 16026K(16640K)->16026K(16640K) NonClass: 14285K(14592K)->14285K(14592K) Class: 1740K(2048K)->1740K(2048K)
[31.737s][info ][gc             ] GC(2041) Pause Young (Allocation Failure) 140M->3M(495M) 1.111ms
[31.737s][info ][gc,cpu         ] GC(2041) User=0.00s Sys=0.00s Real=0.00s
[31.746s][info ][gc,start       ] GC(2042) Pause Young (Allocation Failure)
[31.746s][info ][gc,task        ] GC(2042) Using 9 workers of 9 for evacuation
[31.747s][debug][gc,age         ] GC(2042) Desired survivor size 8945664 bytes, new threshold 6 (max threshold 6)
[31.747s][trace][gc,age         ] GC(2042) Age table with threshold 6 (max threshold 6)
[31.747s][trace][gc,age         ] GC(2042) - age   1:     400208 bytes,     400208 total
[31.747s][info ][gc,heap        ] GC(2042) ParNew: 139879K->396K(157376K)
[31.747s][info ][gc,heap        ] GC(2042) CMS: 3754K->3754K(349568K)
[31.747s][info ][gc,metaspace   ] GC(2042) Metaspace: 16026K(16640K)->16026K(16640K) NonClass: 14285K(14592K)->14285K(14592K) Class: 1740K(2048K)->1740K(2048K)
[31.747s][info ][gc             ] GC(2042) Pause Young (Allocation Failure) 140M->4M(495M) 0.516ms
[31.747s][info ][gc,cpu         ] GC(2042) User=0.01s Sys=0.00s Real=0.00s
[31.756s][info ][gc,start       ] GC(2043) Pause Young (Allocation Failure)
[31.756s][info ][gc,task        ] GC(2043) Using 9 workers of 9 for evacuation
[31.757s][debug][gc,age         ] GC(2043) Desired survivor size 8945664 bytes, new threshold 6 (max threshold 6)
[31.757s][trace][gc,age         ] GC(2043) Age table with threshold 6 (max threshold 6)
[31.757s][trace][gc,age         ] GC(2043) - age   1:        192 bytes,        192 total
[31.757s][info ][gc,heap        ] GC(2043) ParNew: 140138K->6K(157376K)
[31.757s][info ][gc,heap        ] GC(2043) CMS: 3754K->3754K(349568K)
[31.757s][info ][gc,metaspace   ] GC(2043) Metaspace: 16026K(16640K)->16026K(16640K) NonClass: 14285K(14592K)->14285K(14592K) Class: 1740K(2048K)->1740K(2048K)
[31.757s][info ][gc             ] GC(2043) Pause Young (Allocation Failure) 140M->3M(495M) 0.348ms
[31.757s][info ][gc,cpu         ] GC(2043) User=0.01s Sys=0.00s Real=0.00s
[31.766s][info ][gc,start       ] GC(2044) Pause Young (Allocation Failure)
[31.766s][info ][gc,task        ] GC(2044) Using 9 workers of 9 for evacuation
[31.767s][debug][gc,age         ] GC(2044) Desired survivor size 8945664 bytes, new threshold 6 (max threshold 6)
[31.767s][trace][gc,age         ] GC(2044) Age table with threshold 6 (max threshold 6)
[31.767s][trace][gc,age         ] GC(2044) - age   1:        192 bytes,        192 total
[31.767s][info ][gc,heap        ] GC(2044) ParNew: 139520K->6K(157376K)
[31.767s][info ][gc,heap        ] GC(2044) CMS: 3754K->3754K(349568K)
[31.767s][info ][gc,metaspace   ] GC(2044) Metaspace: 16026K(16640K)->16026K(16640K) NonClass: 14285K(14592K)->14285K(14592K) Class: 1740K(2048K)->1740K(2048K)
[31.767s][info ][gc             ] GC(2044) Pause Young (Allocation Failure) 139M->3M(495M) 0.442ms
[31.767s][info ][gc,cpu         ] GC(2044) User=0.01s Sys=0.00s Real=0.00s
[31.776s][info ][gc,start       ] GC(2045) Pause Young (Allocation Failure)
[31.776s][info ][gc,task        ] GC(2045) Using 9 workers of 9 for evacuation
[31.777s][debug][gc,age         ] GC(2045) Desired survivor size 8945664 bytes, new threshold 6 (max threshold 6)
[31.777s][trace][gc,age         ] GC(2045) Age table with threshold 6 (max threshold 6)
[31.777s][trace][gc,age         ] GC(2045) - age   1:        192 bytes,        192 total
[31.777s][info ][gc,heap        ] GC(2045) ParNew: 139614K->6K(157376K)
[31.777s][info ][gc,heap        ] GC(2045) CMS: 3754K->3754K(349568K)
[31.777s][info ][gc,metaspace   ] GC(2045) Metaspace: 16026K(16640K)->16026K(16640K) NonClass: 14285K(14592K)->14285K(14592K) Class: 1740K(2048K)->1740K(2048K)
[31.777s][info ][gc             ] GC(2045) Pause Young (Allocation Failure) 140M->3M(495M) 0.388ms
[31.777s][info ][gc,cpu         ] GC(2045) User=0.00s Sys=0.00s Real=0.00s
[31.786s][info ][gc,start       ] GC(2046) Pause Young (Allocation Failure)
[31.786s][info ][gc,task        ] GC(2046) Using 9 workers of 9 for evacuation
[31.787s][debug][gc,age         ] GC(2046) Desired survivor size 8945664 bytes, new threshold 6 (max threshold 6)
[31.787s][trace][gc,age         ] GC(2046) Age table with threshold 6 (max threshold 6)
[31.787s][trace][gc,age         ] GC(2046) - age   1:        192 bytes,        192 total
[31.787s][info ][gc,heap        ] GC(2046) ParNew: 139667K->6K(157376K)
[31.787s][info ][gc,heap        ] GC(2046) CMS: 3754K->3754K(349568K)
[31.787s][info ][gc,metaspace   ] GC(2046) Metaspace: 16026K(16640K)->16026K(16640K) NonClass: 14285K(14592K)->14285K(14592K) Class: 1740K(2048K)->1740K(2048K)
[31.787s][info ][gc             ] GC(2046) Pause Young (Allocation Failure) 140M->3M(495M) 0.456ms
[31.787s][info ][gc,cpu         ] GC(2046) User=0.00s Sys=0.00s Real=0.00s
[31.796s][info ][gc,start       ] GC(2047) Pause Young (Allocation Failure)
[31.796s][info ][gc,task        ] GC(2047) Using 9 workers of 9 for evacuation
[31.807s][debug][gc,age         ] GC(2047) Desired survivor size 8945664 bytes, new threshold 6 (max threshold 6)
[31.807s][trace][gc,age         ] GC(2047) Age table with threshold 6 (max threshold 6)
[31.807s][trace][gc,age         ] GC(2047) - age   1:        192 bytes,        192 total
[31.807s][info ][gc,heap        ] GC(2047) ParNew: 139726K->6K(157376K)
[31.807s][info ][gc,heap        ] GC(2047) CMS: 3754K->3754K(349568K)
[31.807s][info ][gc,metaspace   ] GC(2047) Metaspace: 16026K(16640K)->16026K(16640K) NonClass: 14285K(14592K)->14285K(14592K) Class: 1740K(2048K)->1740K(2048K)
[31.807s][info ][gc             ] GC(2047) Pause Young (Allocation Failure) 140M->3M(495M) 10.357ms
[31.807s][info ][gc,cpu         ] GC(2047) User=0.00s Sys=0.00s Real=0.01s
[31.816s][info ][gc,start       ] GC(2048) Pause Young (Allocation Failure)
[31.816s][info ][gc,task        ] GC(2048) Using 9 workers of 9 for evacuation
[31.817s][debug][gc,age         ] GC(2048) Desired survivor size 8945664 bytes, new threshold 6 (max threshold 6)
[31.817s][trace][gc,age         ] GC(2048) Age table with threshold 6 (max threshold 6)
[31.817s][trace][gc,age         ] GC(2048) - age   1:        192 bytes,        192 total
[31.817s][info ][gc,heap        ] GC(2048) ParNew: 139780K->8K(157376K)
[31.817s][info ][gc,heap        ] GC(2048) CMS: 3754K->3754K(349568K)
[31.817s][info ][gc,metaspace   ] GC(2048) Metaspace: 16026K(16640K)->16026K(16640K) NonClass: 14285K(14592K)->14285K(14592K) Class: 1740K(2048K)->1740K(2048K)
[31.817s][info ][gc             ] GC(2048) Pause Young (Allocation Failure) 140M->3M(495M) 0.464ms
[31.817s][info ][gc,cpu         ] GC(2048) User=0.00s Sys=0.00s Real=0.00s
[31.826s][info ][gc,start       ] GC(2049) Pause Young (Allocation Failure)
[31.827s][info ][gc,task        ] GC(2049) Using 9 workers of 9 for evacuation
[31.832s][debug][gc,age         ] GC(2049) Desired survivor size 8945664 bytes, new threshold 6 (max threshold 6)
[31.832s][trace][gc,age         ] GC(2049) Age table with threshold 6 (max threshold 6)
[31.832s][trace][gc,age         ] GC(2049) - age   1:        192 bytes,        192 total
[31.832s][info ][gc,heap        ] GC(2049) ParNew: 139730K->6K(157376K)
[31.832s][info ][gc,heap        ] GC(2049) CMS: 3754K->3754K(349568K)
[31.832s][info ][gc,metaspace   ] GC(2049) Metaspace: 16026K(16640K)->16026K(16640K) NonClass: 14285K(14592K)->14285K(14592K) Class: 1740K(2048K)->1740K(2048K)
[31.832s][info ][gc             ] GC(2049) Pause Young (Allocation Failure) 140M->3M(495M) 5.876ms
[31.832s][info ][gc,cpu         ] GC(2049) User=0.00s Sys=0.00s Real=0.01s
[31.842s][info ][gc,start       ] GC(2050) Pause Young (Allocation Failure)
[31.842s][info ][gc,task        ] GC(2050) Using 9 workers of 9 for evacuation
[31.843s][debug][gc,age         ] GC(2050) Desired survivor size 8945664 bytes, new threshold 6 (max threshold 6)
[31.843s][trace][gc,age         ] GC(2050) Age table with threshold 6 (max threshold 6)
[31.843s][trace][gc,age         ] GC(2050) - age   1:     400208 bytes,     400208 total
[31.843s][info ][gc,heap        ] GC(2050) ParNew: 139894K->394K(157376K)
[31.843s][info ][gc,heap        ] GC(2050) CMS: 3754K->3754K(349568K)
[31.843s][info ][gc,metaspace   ] GC(2050) Metaspace: 16026K(16640K)->16026K(16640K) NonClass: 14285K(14592K)->14285K(14592K) Class: 1740K(2048K)->1740K(2048K)
[31.843s][info ][gc             ] GC(2050) Pause Young (Allocation Failure) 140M->4M(495M) 1.083ms
[31.843s][info ][gc,cpu         ] GC(2050) User=0.01s Sys=0.00s Real=0.00s
[31.853s][info ][gc,start       ] GC(2051) Pause Young (Allocation Failure)
[31.853s][info ][gc,task        ] GC(2051) Using 9 workers of 9 for evacuation
[31.853s][debug][gc,age         ] GC(2051) Desired survivor size 8945664 bytes, new threshold 6 (max threshold 6)
[31.853s][trace][gc,age         ] GC(2051) Age table with threshold 6 (max threshold 6)
[31.853s][trace][gc,age         ] GC(2051) - age   1:        192 bytes,        192 total
[31.853s][info ][gc,heap        ] GC(2051) ParNew: 140298K->4K(157376K)
[31.853s][info ][gc,heap        ] GC(2051) CMS: 3754K->3754K(349568K)
[31.853s][info ][gc,metaspace   ] GC(2051) Metaspace: 16026K(16640K)->16026K(16640K) NonClass: 14285K(14592K)->14285K(14592K) Class: 1740K(2048K)->1740K(2048K)
[31.853s][info ][gc             ] GC(2051) Pause Young (Allocation Failure) 140M->3M(495M) 0.456ms
[31.853s][info ][gc,cpu         ] GC(2051) User=0.01s Sys=0.00s Real=0.00s
[31.863s][info ][gc,start       ] GC(2052) Pause Young (Allocation Failure)
[31.863s][info ][gc,task        ] GC(2052) Using 9 workers of 9 for evacuation
[31.863s][debug][gc,age         ] GC(2052) Desired survivor size 8945664 bytes, new threshold 6 (max threshold 6)
[31.863s][trace][gc,age         ] GC(2052) Age table with threshold 6 (max threshold 6)
[31.863s][trace][gc,age         ] GC(2052) - age   1:     400208 bytes,     400208 total
[31.863s][info ][gc,heap        ] GC(2052) ParNew: 139681K->396K(157376K)
[31.863s][info ][gc,heap        ] GC(2052) CMS: 3754K->3754K(349568K)
[31.863s][info ][gc,metaspace   ] GC(2052) Metaspace: 16026K(16640K)->16026K(16640K) NonClass: 14285K(14592K)->14285K(14592K) Class: 1740K(2048K)->1740K(2048K)
[31.863s][info ][gc             ] GC(2052) Pause Young (Allocation Failure) 140M->4M(495M) 0.483ms
[31.863s][info ][gc,cpu         ] GC(2052) User=0.01s Sys=0.00s Real=0.00s
[31.873s][info ][gc,start       ] GC(2053) Pause Young (Allocation Failure)
[31.873s][info ][gc,task        ] GC(2053) Using 9 workers of 9 for evacuation
[31.873s][debug][gc,age         ] GC(2053) Desired survivor size 8945664 bytes, new threshold 6 (max threshold 6)
[31.873s][trace][gc,age         ] GC(2053) Age table with threshold 6 (max threshold 6)
[31.873s][trace][gc,age         ] GC(2053) - age   1:     400208 bytes,     400208 total
[31.873s][info ][gc,heap        ] GC(2053) ParNew: 140011K->396K(157376K)
[31.873s][info ][gc,heap        ] GC(2053) CMS: 3754K->3754K(349568K)
[31.873s][info ][gc,metaspace   ] GC(2053) Metaspace: 16026K(16640K)->16026K(16640K) NonClass: 14285K(14592K)->14285K(14592K) Class: 1740K(2048K)->1740K(2048K)
[31.873s][info ][gc             ] GC(2053) Pause Young (Allocation Failure) 140M->4M(495M) 0.454ms
[31.873s][info ][gc,cpu         ] GC(2053) User=0.00s Sys=0.00s Real=0.00s
[31.883s][info ][gc,start       ] GC(2054) Pause Young (Allocation Failure)
[31.883s][info ][gc,task        ] GC(2054) Using 9 workers of 9 for evacuation
[31.883s][debug][gc,age         ] GC(2054) Desired survivor size 8945664 bytes, new threshold 6 (max threshold 6)
[31.883s][trace][gc,age         ] GC(2054) Age table with threshold 6 (max threshold 6)
[31.883s][trace][gc,age         ] GC(2054) - age   1:     400208 bytes,     400208 total
[31.883s][info ][gc,heap        ] GC(2054) ParNew: 140135K->396K(157376K)
[31.883s][info ][gc,heap        ] GC(2054) CMS: 3754K->3754K(349568K)
[31.883s][info ][gc,metaspace   ] GC(2054) Metaspace: 16026K(16640K)->16026K(16640K) NonClass: 14285K(14592K)->14285K(14592K) Class: 1740K(2048K)->1740K(2048K)
[31.883s][info ][gc             ] GC(2054) Pause Young (Allocation Failure) 140M->4M(495M) 0.436ms
[31.883s][info ][gc,cpu         ] GC(2054) User=0.00s Sys=0.00s Real=0.00s
[31.893s][info ][gc,start       ] GC(2055) Pause Young (Allocation Failure)
[31.893s][info ][gc,task        ] GC(2055) Using 9 workers of 9 for evacuation
[31.893s][debug][gc,age         ] GC(2055) Desired survivor size 8945664 bytes, new threshold 6 (max threshold 6)
[31.893s][trace][gc,age         ] GC(2055) Age table with threshold 6 (max threshold 6)
[31.893s][trace][gc,age         ] GC(2055) - age   1:        192 bytes,        192 total
[31.893s][info ][gc,heap        ] GC(2055) ParNew: 140118K->6K(157376K)
[31.893s][info ][gc,heap        ] GC(2055) CMS: 3754K->3754K(349568K)
[31.893s][info ][gc,metaspace   ] GC(2055) Metaspace: 16026K(16640K)->16026K(16640K) NonClass: 14285K(14592K)->14285K(14592K) Class: 1740K(2048K)->1740K(2048K)
[31.893s][info ][gc             ] GC(2055) Pause Young (Allocation Failure) 140M->3M(495M) 0.353ms
[31.893s][info ][gc,cpu         ] GC(2055) User=0.00s Sys=0.00s Real=0.00s
[31.902s][info ][gc,start       ] GC(2056) Pause Young (Allocation Failure)
[31.902s][info ][gc,task        ] GC(2056) Using 9 workers of 9 for evacuation
[31.903s][debug][gc,age         ] GC(2056) Desired survivor size 8945664 bytes, new threshold 6 (max threshold 6)
[31.903s][trace][gc,age         ] GC(2056) Age table with threshold 6 (max threshold 6)
[31.903s][trace][gc,age         ] GC(2056) - age   1:        192 bytes,        192 total
[31.903s][info ][gc,heap        ] GC(2056) ParNew: 139897K->6K(157376K)
[31.903s][info ][gc,heap        ] GC(2056) CMS: 3754K->3754K(349568K)
[31.903s][info ][gc,metaspace   ] GC(2056) Metaspace: 16026K(16640K)->16026K(16640K) NonClass: 14285K(14592K)->14285K(14592K) Class: 1740K(2048K)->1740K(2048K)
[31.903s][info ][gc             ] GC(2056) Pause Young (Allocation Failure) 140M->3M(495M) 0.451ms
[31.903s][info ][gc,cpu         ] GC(2056) User=0.00s Sys=0.00s Real=0.00s
[31.912s][info ][gc,start       ] GC(2057) Pause Young (Allocation Failure)
[31.913s][info ][gc,task        ] GC(2057) Using 9 workers of 9 for evacuation
[31.913s][debug][gc,age         ] GC(2057) Desired survivor size 8945664 bytes, new threshold 6 (max threshold 6)
[31.913s][trace][gc,age         ] GC(2057) Age table with threshold 6 (max threshold 6)
[31.913s][trace][gc,age         ] GC(2057) - age   1:     400208 bytes,     400208 total
[31.913s][info ][gc,heap        ] GC(2057) ParNew: 139636K->398K(157376K)
[31.913s][info ][gc,heap        ] GC(2057) CMS: 3754K->3754K(349568K)
[31.913s][info ][gc,metaspace   ] GC(2057) Metaspace: 16026K(16640K)->16026K(16640K) NonClass: 14285K(14592K)->14285K(14592K) Class: 1740K(2048K)->1740K(2048K)
[31.913s][info ][gc             ] GC(2057) Pause Young (Allocation Failure) 140M->4M(495M) 0.495ms
[31.913s][info ][gc,cpu         ] GC(2057) User=0.00s Sys=0.00s Real=0.00s
[31.923s][info ][gc,start       ] GC(2058) Pause Young (Allocation Failure)
[31.923s][info ][gc,task        ] GC(2058) Using 9 workers of 9 for evacuation
[31.923s][debug][gc,age         ] GC(2058) Desired survivor size 8945664 bytes, new threshold 6 (max threshold 6)
[31.923s][trace][gc,age         ] GC(2058) Age table with threshold 6 (max threshold 6)
[31.923s][trace][gc,age         ] GC(2058) - age   1:     400208 bytes,     400208 total
[31.923s][info ][gc,heap        ] GC(2058) ParNew: 140122K->398K(157376K)
[31.923s][info ][gc,heap        ] GC(2058) CMS: 3754K->3754K(349568K)
[31.923s][info ][gc,metaspace   ] GC(2058) Metaspace: 16026K(16640K)->16026K(16640K) NonClass: 14285K(14592K)->14285K(14592K) Class: 1740K(2048K)->1740K(2048K)
[31.923s][info ][gc             ] GC(2058) Pause Young (Allocation Failure) 140M->4M(495M) 0.413ms
[31.923s][info ][gc,cpu         ] GC(2058) User=0.00s Sys=0.00s Real=0.00s
[31.933s][info ][gc,start       ] GC(2059) Pause Young (Allocation Failure)
[31.933s][info ][gc,task        ] GC(2059) Using 9 workers of 9 for evacuation
[31.933s][debug][gc,age         ] GC(2059) Desired survivor size 8945664 bytes, new threshold 6 (max threshold 6)
[31.933s][trace][gc,age         ] GC(2059) Age table with threshold 6 (max threshold 6)
[31.933s][trace][gc,age         ] GC(2059) - age   1:     400208 bytes,     400208 total
[31.933s][info ][gc,heap        ] GC(2059) ParNew: 140127K->396K(157376K)
[31.933s][info ][gc,heap        ] GC(2059) CMS: 3754K->3754K(349568K)
[31.933s][info ][gc,metaspace   ] GC(2059) Metaspace: 16026K(16640K)->16026K(16640K) NonClass: 14285K(14592K)->14285K(14592K) Class: 1740K(2048K)->1740K(2048K)
[31.933s][info ][gc             ] GC(2059) Pause Young (Allocation Failure) 140M->4M(495M) 0.587ms
[31.933s][info ][gc,cpu         ] GC(2059) User=0.01s Sys=0.00s Real=0.00s
[31.943s][info ][gc,start       ] GC(2060) Pause Young (Allocation Failure)
[31.943s][info ][gc,task        ] GC(2060) Using 9 workers of 9 for evacuation
[31.943s][debug][gc,age         ] GC(2060) Desired survivor size 8945664 bytes, new threshold 6 (max threshold 6)
[31.943s][trace][gc,age         ] GC(2060) Age table with threshold 6 (max threshold 6)
[31.943s][trace][gc,age         ] GC(2060) - age   1:     400208 bytes,     400208 total
[31.943s][info ][gc,heap        ] GC(2060) ParNew: 140180K->396K(157376K)
[31.943s][info ][gc,heap        ] GC(2060) CMS: 3754K->3754K(349568K)
[31.943s][info ][gc,metaspace   ] GC(2060) Metaspace: 16026K(16640K)->16026K(16640K) NonClass: 14285K(14592K)->14285K(14592K) Class: 1740K(2048K)->1740K(2048K)
[31.943s][info ][gc             ] GC(2060) Pause Young (Allocation Failure) 140M->4M(495M) 0.445ms
[31.943s][info ][gc,cpu         ] GC(2060) User=0.01s Sys=0.00s Real=0.00s
[31.953s][info ][gc,start       ] GC(2061) Pause Young (Allocation Failure)
[31.953s][info ][gc,task        ] GC(2061) Using 9 workers of 9 for evacuation
[31.953s][debug][gc,age         ] GC(2061) Desired survivor size 8945664 bytes, new threshold 6 (max threshold 6)
[31.953s][trace][gc,age         ] GC(2061) Age table with threshold 6 (max threshold 6)
[31.953s][trace][gc,age         ] GC(2061) - age   1:     400208 bytes,     400208 total
[31.953s][info ][gc,heap        ] GC(2061) ParNew: 140123K->398K(157376K)
[31.953s][info ][gc,heap        ] GC(2061) CMS: 3754K->3754K(349568K)
[31.953s][info ][gc,metaspace   ] GC(2061) Metaspace: 16026K(16640K)->16026K(16640K) NonClass: 14285K(14592K)->14285K(14592K) Class: 1740K(2048K)->1740K(2048K)
[31.953s][info ][gc             ] GC(2061) Pause Young (Allocation Failure) 140M->4M(495M) 0.447ms
[31.953s][info ][gc,cpu         ] GC(2061) User=0.00s Sys=0.00s Real=0.00s
[31.963s][info ][gc,start       ] GC(2062) Pause Young (Allocation Failure)
[31.963s][info ][gc,task        ] GC(2062) Using 9 workers of 9 for evacuation
[31.963s][debug][gc,age         ] GC(2062) Desired survivor size 8945664 bytes, new threshold 6 (max threshold 6)
[31.963s][trace][gc,age         ] GC(2062) Age table with threshold 6 (max threshold 6)
[31.963s][trace][gc,age         ] GC(2062) - age   1:     400208 bytes,     400208 total
[31.963s][info ][gc,heap        ] GC(2062) ParNew: 139972K->396K(157376K)
[31.963s][info ][gc,heap        ] GC(2062) CMS: 3754K->3754K(349568K)
[31.963s][info ][gc,metaspace   ] GC(2062) Metaspace: 16026K(16640K)->16026K(16640K) NonClass: 14285K(14592K)->14285K(14592K) Class: 1740K(2048K)->1740K(2048K)
[31.963s][info ][gc             ] GC(2062) Pause Young (Allocation Failure) 140M->4M(495M) 0.494ms
[31.963s][info ][gc,cpu         ] GC(2062) User=0.00s Sys=0.00s Real=0.00s
[31.973s][info ][gc,start       ] GC(2063) Pause Young (Allocation Failure)
[31.973s][info ][gc,task        ] GC(2063) Using 9 workers of 9 for evacuation
[31.973s][debug][gc,age         ] GC(2063) Desired survivor size 8945664 bytes, new threshold 6 (max threshold 6)
[31.973s][trace][gc,age         ] GC(2063) Age table with threshold 6 (max threshold 6)
[31.973s][trace][gc,age         ] GC(2063) - age   1:        192 bytes,        192 total
[31.973s][info ][gc,heap        ] GC(2063) ParNew: 139944K->6K(157376K)
[31.973s][info ][gc,heap        ] GC(2063) CMS: 3754K->3754K(349568K)
[31.973s][info ][gc,metaspace   ] GC(2063) Metaspace: 16026K(16640K)->16026K(16640K) NonClass: 14285K(14592K)->14285K(14592K) Class: 1740K(2048K)->1740K(2048K)
[31.973s][info ][gc             ] GC(2063) Pause Young (Allocation Failure) 140M->3M(495M) 0.493ms
[31.973s][info ][gc,cpu         ] GC(2063) User=0.00s Sys=0.00s Real=0.00s
[31.983s][info ][gc,start       ] GC(2064) Pause Young (Allocation Failure)
[31.983s][info ][gc,task        ] GC(2064) Using 9 workers of 9 for evacuation
[31.983s][debug][gc,age         ] GC(2064) Desired survivor size 8945664 bytes, new threshold 6 (max threshold 6)
[31.983s][trace][gc,age         ] GC(2064) Age table with threshold 6 (max threshold 6)
[31.983s][trace][gc,age         ] GC(2064) - age   1:        192 bytes,        192 total
[31.983s][info ][gc,heap        ] GC(2064) ParNew: 139901K->8K(157376K)
[31.983s][info ][gc,heap        ] GC(2064) CMS: 3754K->3754K(349568K)
[31.983s][info ][gc,metaspace   ] GC(2064) Metaspace: 16026K(16640K)->16026K(16640K) NonClass: 14285K(14592K)->14285K(14592K) Class: 1740K(2048K)->1740K(2048K)
[31.983s][info ][gc             ] GC(2064) Pause Young (Allocation Failure) 140M->3M(495M) 0.386ms
[31.983s][info ][gc,cpu         ] GC(2064) User=0.00s Sys=0.00s Real=0.00s
[31.993s][info ][gc,start       ] GC(2065) Pause Young (Allocation Failure)
[31.993s][info ][gc,task        ] GC(2065) Using 9 workers of 9 for evacuation
[31.993s][debug][gc,age         ] GC(2065) Desired survivor size 8945664 bytes, new threshold 6 (max threshold 6)
[31.993s][trace][gc,age         ] GC(2065) Age table with threshold 6 (max threshold 6)
[31.993s][trace][gc,age         ] GC(2065) - age   1:        192 bytes,        192 total
[31.993s][info ][gc,heap        ] GC(2065) ParNew: 139692K->6K(157376K)
[31.993s][info ][gc,heap        ] GC(2065) CMS: 3754K->3754K(349568K)
[31.993s][info ][gc,metaspace   ] GC(2065) Metaspace: 16026K(16640K)->16026K(16640K) NonClass: 14285K(14592K)->14285K(14592K) Class: 1740K(2048K)->1740K(2048K)
[31.993s][info ][gc             ] GC(2065) Pause Young (Allocation Failure) 140M->3M(495M) 0.459ms
[31.993s][info ][gc,cpu         ] GC(2065) User=0.00s Sys=0.00s Real=0.00s
[32.003s][info ][gc,start       ] GC(2066) Pause Young (Allocation Failure)
[32.003s][info ][gc,task        ] GC(2066) Using 9 workers of 9 for evacuation
[32.003s][debug][gc,age         ] GC(2066) Desired survivor size 8945664 bytes, new threshold 6 (max threshold 6)
[32.003s][trace][gc,age         ] GC(2066) Age table with threshold 6 (max threshold 6)
[32.003s][trace][gc,age         ] GC(2066) - age   1:        192 bytes,        192 total
[32.003s][info ][gc,heap        ] GC(2066) ParNew: 139869K->8K(157376K)
[32.003s][info ][gc,heap        ] GC(2066) CMS: 3754K->3754K(349568K)
[32.003s][info ][gc,metaspace   ] GC(2066) Metaspace: 16026K(16640K)->16026K(16640K) NonClass: 14285K(14592K)->14285K(14592K) Class: 1740K(2048K)->1740K(2048K)
[32.003s][info ][gc             ] GC(2066) Pause Young (Allocation Failure) 140M->3M(495M) 0.441ms
[32.003s][info ][gc,cpu         ] GC(2066) User=0.00s Sys=0.00s Real=0.00s
[32.012s][info ][gc,start       ] GC(2067) Pause Young (Allocation Failure)
[32.013s][info ][gc,task        ] GC(2067) Using 9 workers of 9 for evacuation
[32.013s][debug][gc,age         ] GC(2067) Desired survivor size 8945664 bytes, new threshold 6 (max threshold 6)
[32.013s][trace][gc,age         ] GC(2067) Age table with threshold 6 (max threshold 6)
[32.013s][trace][gc,age         ] GC(2067) - age   1:        192 bytes,        192 total
[32.013s][info ][gc,heap        ] GC(2067) ParNew: 139687K->6K(157376K)
[32.013s][info ][gc,heap        ] GC(2067) CMS: 3754K->3754K(349568K)
[32.013s][info ][gc,metaspace   ] GC(2067) Metaspace: 16026K(16640K)->16026K(16640K) NonClass: 14285K(14592K)->14285K(14592K) Class: 1740K(2048K)->1740K(2048K)
[32.013s][info ][gc             ] GC(2067) Pause Young (Allocation Failure) 140M->3M(495M) 0.456ms
[32.013s][info ][gc,cpu         ] GC(2067) User=0.01s Sys=0.00s Real=0.00s
[32.022s][info ][gc,start       ] GC(2068) Pause Young (Allocation Failure)
[32.022s][info ][gc,task        ] GC(2068) Using 9 workers of 9 for evacuation
[32.023s][debug][gc,age         ] GC(2068) Desired survivor size 8945664 bytes, new threshold 6 (max threshold 6)
[32.023s][trace][gc,age         ] GC(2068) Age table with threshold 6 (max threshold 6)
[32.023s][trace][gc,age         ] GC(2068) - age   1:        192 bytes,        192 total
[32.023s][info ][gc,heap        ] GC(2068) ParNew: 139778K->6K(157376K)
[32.023s][info ][gc,heap        ] GC(2068) CMS: 3754K->3754K(349568K)
[32.023s][info ][gc,metaspace   ] GC(2068) Metaspace: 16026K(16640K)->16026K(16640K) NonClass: 14285K(14592K)->14285K(14592K) Class: 1740K(2048K)->1740K(2048K)
[32.023s][info ][gc             ] GC(2068) Pause Young (Allocation Failure) 140M->3M(495M) 0.420ms
[32.023s][info ][gc,cpu         ] GC(2068) User=0.01s Sys=0.00s Real=0.00s
[32.032s][info ][gc,start       ] GC(2069) Pause Young (Allocation Failure)
[32.032s][info ][gc,task        ] GC(2069) Using 9 workers of 9 for evacuation
[32.033s][debug][gc,age         ] GC(2069) Desired survivor size 8945664 bytes, new threshold 6 (max threshold 6)
[32.033s][trace][gc,age         ] GC(2069) Age table with threshold 6 (max threshold 6)
[32.033s][trace][gc,age         ] GC(2069) - age   1:        192 bytes,        192 total
[32.033s][info ][gc,heap        ] GC(2069) ParNew: 139786K->6K(157376K)
[32.033s][info ][gc,heap        ] GC(2069) CMS: 3754K->3754K(349568K)
[32.033s][info ][gc,metaspace   ] GC(2069) Metaspace: 16026K(16640K)->16026K(16640K) NonClass: 14285K(14592K)->14285K(14592K) Class: 1740K(2048K)->1740K(2048K)
[32.033s][info ][gc             ] GC(2069) Pause Young (Allocation Failure) 140M->3M(495M) 0.400ms
[32.033s][info ][gc,cpu         ] GC(2069) User=0.00s Sys=0.00s Real=0.00s
[32.042s][info ][gc,start       ] GC(2070) Pause Young (Allocation Failure)
[32.042s][info ][gc,task        ] GC(2070) Using 9 workers of 9 for evacuation
[32.043s][debug][gc,age         ] GC(2070) Desired survivor size 8945664 bytes, new threshold 6 (max threshold 6)
[32.043s][trace][gc,age         ] GC(2070) Age table with threshold 6 (max threshold 6)
[32.043s][trace][gc,age         ] GC(2070) - age   1:        192 bytes,        192 total
[32.043s][info ][gc,heap        ] GC(2070) ParNew: 139745K->6K(157376K)
[32.043s][info ][gc,heap        ] GC(2070) CMS: 3754K->3754K(349568K)
[32.043s][info ][gc,metaspace   ] GC(2070) Metaspace: 16026K(16640K)->16026K(16640K) NonClass: 14285K(14592K)->14285K(14592K) Class: 1740K(2048K)->1740K(2048K)
[32.043s][info ][gc             ] GC(2070) Pause Young (Allocation Failure) 140M->3M(495M) 0.439ms
[32.043s][info ][gc,cpu         ] GC(2070) User=0.00s Sys=0.00s Real=0.00s
[32.052s][info ][gc,start       ] GC(2071) Pause Young (Allocation Failure)
[32.052s][info ][gc,task        ] GC(2071) Using 9 workers of 9 for evacuation
[32.053s][debug][gc,age         ] GC(2071) Desired survivor size 8945664 bytes, new threshold 6 (max threshold 6)
[32.053s][trace][gc,age         ] GC(2071) Age table with threshold 6 (max threshold 6)
[32.053s][trace][gc,age         ] GC(2071) - age   1:     400208 bytes,     400208 total
[32.053s][info ][gc,heap        ] GC(2071) ParNew: 139677K->394K(157376K)
[32.053s][info ][gc,heap        ] GC(2071) CMS: 3754K->3754K(349568K)
[32.053s][info ][gc,metaspace   ] GC(2071) Metaspace: 16026K(16640K)->16026K(16640K) NonClass: 14285K(14592K)->14285K(14592K) Class: 1740K(2048K)->1740K(2048K)
[32.053s][info ][gc             ] GC(2071) Pause Young (Allocation Failure) 140M->4M(495M) 0.463ms
[32.053s][info ][gc,cpu         ] GC(2071) User=0.00s Sys=0.00s Real=0.00s
[32.062s][info ][gc,start       ] GC(2072) Pause Young (Allocation Failure)
[32.062s][info ][gc,task        ] GC(2072) Using 9 workers of 9 for evacuation
[32.063s][debug][gc,age         ] GC(2072) Desired survivor size 8945664 bytes, new threshold 6 (max threshold 6)
[32.063s][trace][gc,age         ] GC(2072) Age table with threshold 6 (max threshold 6)
[32.063s][trace][gc,age         ] GC(2072) - age   1:        192 bytes,        192 total
[32.063s][info ][gc,heap        ] GC(2072) ParNew: 139992K->4K(157376K)
[32.063s][info ][gc,heap        ] GC(2072) CMS: 3754K->3754K(349568K)
[32.063s][info ][gc,metaspace   ] GC(2072) Metaspace: 16026K(16640K)->16026K(16640K) NonClass: 14285K(14592K)->14285K(14592K) Class: 1740K(2048K)->1740K(2048K)
[32.063s][info ][gc             ] GC(2072) Pause Young (Allocation Failure) 140M->3M(495M) 0.435ms
[32.063s][info ][gc,cpu         ] GC(2072) User=0.00s Sys=0.00s Real=0.00s
[32.072s][info ][gc,start       ] GC(2073) Pause Young (Allocation Failure)
[32.072s][info ][gc,task        ] GC(2073) Using 9 workers of 9 for evacuation
[32.072s][debug][gc,age         ] GC(2073) Desired survivor size 8945664 bytes, new threshold 6 (max threshold 6)
[32.073s][trace][gc,age         ] GC(2073) Age table with threshold 6 (max threshold 6)
[32.073s][trace][gc,age         ] GC(2073) - age   1:     400208 bytes,     400208 total
[32.073s][info ][gc,heap        ] GC(2073) ParNew: 139743K->398K(157376K)
[32.073s][info ][gc,heap        ] GC(2073) CMS: 3754K->3754K(349568K)
[32.073s][info ][gc,metaspace   ] GC(2073) Metaspace: 16026K(16640K)->16026K(16640K) NonClass: 14285K(14592K)->14285K(14592K) Class: 1740K(2048K)->1740K(2048K)
[32.073s][info ][gc             ] GC(2073) Pause Young (Allocation Failure) 140M->4M(495M) 0.457ms
[32.073s][info ][gc,cpu         ] GC(2073) User=0.00s Sys=0.00s Real=0.00s
[32.082s][info ][gc,start       ] GC(2074) Pause Young (Allocation Failure)
[32.082s][info ][gc,task        ] GC(2074) Using 9 workers of 9 for evacuation
[32.082s][debug][gc,age         ] GC(2074) Desired survivor size 8945664 bytes, new threshold 6 (max threshold 6)
[32.082s][trace][gc,age         ] GC(2074) Age table with threshold 6 (max threshold 6)
[32.082s][trace][gc,age         ] GC(2074) - age   1:     400208 bytes,     400208 total
[32.082s][info ][gc,heap        ] GC(2074) ParNew: 139935K->396K(157376K)
[32.082s][info ][gc,heap        ] GC(2074) CMS: 3754K->3754K(349568K)
[32.082s][info ][gc,metaspace   ] GC(2074) Metaspace: 16026K(16640K)->16026K(16640K) NonClass: 14285K(14592K)->14285K(14592K) Class: 1740K(2048K)->1740K(2048K)
[32.082s][info ][gc             ] GC(2074) Pause Young (Allocation Failure) 140M->4M(495M) 0.450ms
[32.082s][info ][gc,cpu         ] GC(2074) User=0.00s Sys=0.00s Real=0.00s
[32.092s][info ][gc,start       ] GC(2075) Pause Young (Allocation Failure)
[32.092s][info ][gc,task        ] GC(2075) Using 9 workers of 9 for evacuation
[32.092s][debug][gc,age         ] GC(2075) Desired survivor size 8945664 bytes, new threshold 6 (max threshold 6)
[32.092s][trace][gc,age         ] GC(2075) Age table with threshold 6 (max threshold 6)
[32.092s][trace][gc,age         ] GC(2075) - age   1:        192 bytes,        192 total
[32.092s][info ][gc,heap        ] GC(2075) ParNew: 139982K->6K(157376K)
[32.092s][info ][gc,heap        ] GC(2075) CMS: 3754K->3754K(349568K)
[32.092s][info ][gc,metaspace   ] GC(2075) Metaspace: 16026K(16640K)->16026K(16640K) NonClass: 14285K(14592K)->14285K(14592K) Class: 1740K(2048K)->1740K(2048K)
[32.092s][info ][gc             ] GC(2075) Pause Young (Allocation Failure) 140M->3M(495M) 0.449ms
[32.092s][info ][gc,cpu         ] GC(2075) User=0.00s Sys=0.00s Real=0.00s
[32.102s][info ][gc,start       ] GC(2076) Pause Young (Allocation Failure)
[32.102s][info ][gc,task        ] GC(2076) Using 9 workers of 9 for evacuation
[32.102s][debug][gc,age         ] GC(2076) Desired survivor size 8945664 bytes, new threshold 6 (max threshold 6)
[32.102s][trace][gc,age         ] GC(2076) Age table with threshold 6 (max threshold 6)
[32.102s][trace][gc,age         ] GC(2076) - age   1:        192 bytes,        192 total
[32.102s][info ][gc,heap        ] GC(2076) ParNew: 139543K->6K(157376K)
[32.102s][info ][gc,heap        ] GC(2076) CMS: 3754K->3754K(349568K)
[32.102s][info ][gc,metaspace   ] GC(2076) Metaspace: 16026K(16640K)->16026K(16640K) NonClass: 14285K(14592K)->14285K(14592K) Class: 1740K(2048K)->1740K(2048K)
[32.102s][info ][gc             ] GC(2076) Pause Young (Allocation Failure) 139M->3M(495M) 0.436ms
[32.102s][info ][gc,cpu         ] GC(2076) User=0.00s Sys=0.00s Real=0.00s
[32.112s][info ][gc,start       ] GC(2077) Pause Young (Allocation Failure)
[32.112s][info ][gc,task        ] GC(2077) Using 9 workers of 9 for evacuation
[32.112s][debug][gc,age         ] GC(2077) Desired survivor size 8945664 bytes, new threshold 6 (max threshold 6)
[32.112s][trace][gc,age         ] GC(2077) Age table with threshold 6 (max threshold 6)
[32.112s][trace][gc,age         ] GC(2077) - age   1:     400208 bytes,     400208 total
[32.112s][info ][gc,heap        ] GC(2077) ParNew: 139818K->396K(157376K)
[32.112s][info ][gc,heap        ] GC(2077) CMS: 3754K->3754K(349568K)
[32.112s][info ][gc,metaspace   ] GC(2077) Metaspace: 16026K(16640K)->16026K(16640K) NonClass: 14285K(14592K)->14285K(14592K) Class: 1740K(2048K)->1740K(2048K)
[32.112s][info ][gc             ] GC(2077) Pause Young (Allocation Failure) 140M->4M(495M) 0.465ms
[32.112s][info ][gc,cpu         ] GC(2077) User=0.01s Sys=0.00s Real=0.00s
[32.122s][info ][gc,start       ] GC(2078) Pause Young (Allocation Failure)
[32.122s][info ][gc,task        ] GC(2078) Using 9 workers of 9 for evacuation
[32.122s][debug][gc,age         ] GC(2078) Desired survivor size 8945664 bytes, new threshold 6 (max threshold 6)
[32.122s][trace][gc,age         ] GC(2078) Age table with threshold 6 (max threshold 6)
[32.122s][trace][gc,age         ] GC(2078) - age   1:     400208 bytes,     400208 total
[32.122s][info ][gc,heap        ] GC(2078) ParNew: 140167K->396K(157376K)
[32.122s][info ][gc,heap        ] GC(2078) CMS: 3754K->3754K(349568K)
[32.122s][info ][gc,metaspace   ] GC(2078) Metaspace: 16026K(16640K)->16026K(16640K) NonClass: 14285K(14592K)->14285K(14592K) Class: 1740K(2048K)->1740K(2048K)
[32.122s][info ][gc             ] GC(2078) Pause Young (Allocation Failure) 140M->4M(495M) 0.467ms
[32.122s][info ][gc,cpu         ] GC(2078) User=0.00s Sys=0.00s Real=0.00s
[32.132s][info ][gc,start       ] GC(2079) Pause Young (Allocation Failure)
[32.132s][info ][gc,task        ] GC(2079) Using 9 workers of 9 for evacuation
[32.132s][debug][gc,age         ] GC(2079) Desired survivor size 8945664 bytes, new threshold 6 (max threshold 6)
[32.132s][trace][gc,age         ] GC(2079) Age table with threshold 6 (max threshold 6)
[32.132s][trace][gc,age         ] GC(2079) - age   1:     400208 bytes,     400208 total
[32.132s][info ][gc,heap        ] GC(2079) ParNew: 139992K->396K(157376K)
[32.132s][info ][gc,heap        ] GC(2079) CMS: 3754K->3754K(349568K)
[32.132s][info ][gc,metaspace   ] GC(2079) Metaspace: 16026K(16640K)->16026K(16640K) NonClass: 14285K(14592K)->14285K(14592K) Class: 1740K(2048K)->1740K(2048K)
[32.132s][info ][gc             ] GC(2079) Pause Young (Allocation Failure) 140M->4M(495M) 0.520ms
[32.132s][info ][gc,cpu         ] GC(2079) User=0.00s Sys=0.00s Real=0.00s
[32.142s][info ][gc,start       ] GC(2080) Pause Young (Allocation Failure)
[32.142s][info ][gc,task        ] GC(2080) Using 9 workers of 9 for evacuation
[32.142s][debug][gc,age         ] GC(2080) Desired survivor size 8945664 bytes, new threshold 6 (max threshold 6)
[32.142s][trace][gc,age         ] GC(2080) Age table with threshold 6 (max threshold 6)
[32.142s][trace][gc,age         ] GC(2080) - age   1:     400208 bytes,     400208 total
[32.142s][info ][gc,heap        ] GC(2080) ParNew: 140007K->396K(157376K)
[32.142s][info ][gc,heap        ] GC(2080) CMS: 3754K->3754K(349568K)
[32.142s][info ][gc,metaspace   ] GC(2080) Metaspace: 16026K(16640K)->16026K(16640K) NonClass: 14285K(14592K)->14285K(14592K) Class: 1740K(2048K)->1740K(2048K)
[32.142s][info ][gc             ] GC(2080) Pause Young (Allocation Failure) 140M->4M(495M) 0.427ms
[32.142s][info ][gc,cpu         ] GC(2080) User=0.00s Sys=0.00s Real=0.00s
[32.152s][info ][gc,start       ] GC(2081) Pause Young (Allocation Failure)
[32.152s][info ][gc,task        ] GC(2081) Using 9 workers of 9 for evacuation
[32.154s][debug][gc,age         ] GC(2081) Desired survivor size 8945664 bytes, new threshold 6 (max threshold 6)
[32.154s][trace][gc,age         ] GC(2081) Age table with threshold 6 (max threshold 6)
[32.154s][trace][gc,age         ] GC(2081) - age   1:     400208 bytes,     400208 total
[32.154s][info ][gc,heap        ] GC(2081) ParNew: 140156K->396K(157376K)
[32.154s][info ][gc,heap        ] GC(2081) CMS: 3754K->3754K(349568K)
[32.154s][info ][gc,metaspace   ] GC(2081) Metaspace: 16026K(16640K)->16026K(16640K) NonClass: 14285K(14592K)->14285K(14592K) Class: 1740K(2048K)->1740K(2048K)
[32.154s][info ][gc             ] GC(2081) Pause Young (Allocation Failure) 140M->4M(495M) 2.072ms
[32.154s][info ][gc,cpu         ] GC(2081) User=0.00s Sys=0.00s Real=0.00s
[32.163s][info ][gc,start       ] GC(2082) Pause Young (Allocation Failure)
[32.163s][info ][gc,task        ] GC(2082) Using 9 workers of 9 for evacuation
[32.164s][debug][gc,age         ] GC(2082) Desired survivor size 8945664 bytes, new threshold 6 (max threshold 6)
[32.164s][trace][gc,age         ] GC(2082) Age table with threshold 6 (max threshold 6)
[32.164s][trace][gc,age         ] GC(2082) - age   1:        192 bytes,        192 total
[32.164s][info ][gc,heap        ] GC(2082) ParNew: 140167K->6K(157376K)
[32.164s][info ][gc,heap        ] GC(2082) CMS: 3754K->3754K(349568K)
[32.164s][info ][gc,metaspace   ] GC(2082) Metaspace: 16026K(16640K)->16026K(16640K) NonClass: 14285K(14592K)->14285K(14592K) Class: 1740K(2048K)->1740K(2048K)
[32.164s][info ][gc             ] GC(2082) Pause Young (Allocation Failure) 140M->3M(495M) 0.443ms
[32.164s][info ][gc,cpu         ] GC(2082) User=0.00s Sys=0.00s Real=0.00s
[32.173s][info ][gc,start       ] GC(2083) Pause Young (Allocation Failure)
[32.173s][info ][gc,task        ] GC(2083) Using 9 workers of 9 for evacuation
[32.174s][debug][gc,age         ] GC(2083) Desired survivor size 8945664 bytes, new threshold 6 (max threshold 6)
[32.174s][trace][gc,age         ] GC(2083) Age table with threshold 6 (max threshold 6)
[32.174s][trace][gc,age         ] GC(2083) - age   1:        192 bytes,        192 total
[32.174s][info ][gc,heap        ] GC(2083) ParNew: 139877K->6K(157376K)
[32.174s][info ][gc,heap        ] GC(2083) CMS: 3754K->3754K(349568K)
[32.174s][info ][gc,metaspace   ] GC(2083) Metaspace: 16026K(16640K)->16026K(16640K) NonClass: 14285K(14592K)->14285K(14592K) Class: 1740K(2048K)->1740K(2048K)
[32.174s][info ][gc             ] GC(2083) Pause Young (Allocation Failure) 140M->3M(495M) 0.466ms
[32.174s][info ][gc,cpu         ] GC(2083) User=0.00s Sys=0.00s Real=0.00s
[32.183s][info ][gc,start       ] GC(2084) Pause Young (Allocation Failure)
[32.183s][info ][gc,task        ] GC(2084) Using 9 workers of 9 for evacuation
[32.184s][debug][gc,age         ] GC(2084) Desired survivor size 8945664 bytes, new threshold 6 (max threshold 6)
[32.184s][trace][gc,age         ] GC(2084) Age table with threshold 6 (max threshold 6)
[32.184s][trace][gc,age         ] GC(2084) - age   1:        192 bytes,        192 total
[32.184s][info ][gc,heap        ] GC(2084) ParNew: 139879K->4K(157376K)
[32.184s][info ][gc,heap        ] GC(2084) CMS: 3754K->3754K(349568K)
[32.184s][info ][gc,metaspace   ] GC(2084) Metaspace: 16026K(16640K)->16026K(16640K) NonClass: 14285K(14592K)->14285K(14592K) Class: 1740K(2048K)->1740K(2048K)
[32.184s][info ][gc             ] GC(2084) Pause Young (Allocation Failure) 140M->3M(495M) 0.448ms
[32.184s][info ][gc,cpu         ] GC(2084) User=0.01s Sys=0.00s Real=0.00s
[32.193s][info ][gc,start       ] GC(2085) Pause Young (Allocation Failure)
[32.193s][info ][gc,task        ] GC(2085) Using 9 workers of 9 for evacuation
[32.194s][debug][gc,age         ] GC(2085) Desired survivor size 8945664 bytes, new threshold 6 (max threshold 6)
[32.194s][trace][gc,age         ] GC(2085) Age table with threshold 6 (max threshold 6)
[32.194s][trace][gc,age         ] GC(2085) - age   1:     400208 bytes,     400208 total
[32.194s][info ][gc,heap        ] GC(2085) ParNew: 139853K->396K(157376K)
[32.194s][info ][gc,heap        ] GC(2085) CMS: 3754K->3754K(349568K)
[32.194s][info ][gc,metaspace   ] GC(2085) Metaspace: 16026K(16640K)->16026K(16640K) NonClass: 14285K(14592K)->14285K(14592K) Class: 1740K(2048K)->1740K(2048K)
[32.194s][info ][gc             ] GC(2085) Pause Young (Allocation Failure) 140M->4M(495M) 0.353ms
[32.194s][info ][gc,cpu         ] GC(2085) User=0.01s Sys=0.00s Real=0.00s
[32.203s][info ][gc,start       ] GC(2086) Pause Young (Allocation Failure)
[32.203s][info ][gc,task        ] GC(2086) Using 9 workers of 9 for evacuation
[32.204s][debug][gc,age         ] GC(2086) Desired survivor size 8945664 bytes, new threshold 6 (max threshold 6)
[32.204s][trace][gc,age         ] GC(2086) Age table with threshold 6 (max threshold 6)
[32.204s][trace][gc,age         ] GC(2086) - age   1:     400208 bytes,     400208 total
[32.204s][info ][gc,heap        ] GC(2086) ParNew: 140033K->394K(157376K)
[32.204s][info ][gc,heap        ] GC(2086) CMS: 3754K->3754K(349568K)
[32.204s][info ][gc,metaspace   ] GC(2086) Metaspace: 16026K(16640K)->16026K(16640K) NonClass: 14285K(14592K)->14285K(14592K) Class: 1740K(2048K)->1740K(2048K)
[32.204s][info ][gc             ] GC(2086) Pause Young (Allocation Failure) 140M->4M(495M) 0.440ms
[32.204s][info ][gc,cpu         ] GC(2086) User=0.01s Sys=0.00s Real=0.00s
[32.213s][info ][gc,start       ] GC(2087) Pause Young (Allocation Failure)
[32.213s][info ][gc,task        ] GC(2087) Using 9 workers of 9 for evacuation
[32.214s][debug][gc,age         ] GC(2087) Desired survivor size 8945664 bytes, new threshold 6 (max threshold 6)
[32.214s][trace][gc,age         ] GC(2087) Age table with threshold 6 (max threshold 6)
[32.214s][trace][gc,age         ] GC(2087) - age   1:        192 bytes,        192 total
[32.214s][info ][gc,heap        ] GC(2087) ParNew: 140001K->4K(157376K)
[32.214s][info ][gc,heap        ] GC(2087) CMS: 3754K->3754K(349568K)
[32.214s][info ][gc,metaspace   ] GC(2087) Metaspace: 16026K(16640K)->16026K(16640K) NonClass: 14285K(14592K)->14285K(14592K) Class: 1740K(2048K)->1740K(2048K)
[32.214s][info ][gc             ] GC(2087) Pause Young (Allocation Failure) 140M->3M(495M) 0.548ms
[32.214s][info ][gc,cpu         ] GC(2087) User=0.00s Sys=0.00s Real=0.00s
[32.223s][info ][gc,start       ] GC(2088) Pause Young (Allocation Failure)
[32.223s][info ][gc,task        ] GC(2088) Using 9 workers of 9 for evacuation
[32.224s][debug][gc,age         ] GC(2088) Desired survivor size 8945664 bytes, new threshold 6 (max threshold 6)
[32.224s][trace][gc,age         ] GC(2088) Age table with threshold 6 (max threshold 6)
[32.224s][trace][gc,age         ] GC(2088) - age   1:     400208 bytes,     400208 total
[32.224s][info ][gc,heap        ] GC(2088) ParNew: 139781K->396K(157376K)
[32.224s][info ][gc,heap        ] GC(2088) CMS: 3754K->3754K(349568K)
[32.224s][info ][gc,metaspace   ] GC(2088) Metaspace: 16026K(16640K)->16026K(16640K) NonClass: 14285K(14592K)->14285K(14592K) Class: 1740K(2048K)->1740K(2048K)
[32.224s][info ][gc             ] GC(2088) Pause Young (Allocation Failure) 140M->4M(495M) 1.044ms
[32.224s][info ][gc,cpu         ] GC(2088) User=0.00s Sys=0.00s Real=0.00s
[32.234s][info ][gc,start       ] GC(2089) Pause Young (Allocation Failure)
[32.234s][info ][gc,task        ] GC(2089) Using 9 workers of 9 for evacuation
[32.234s][debug][gc,age         ] GC(2089) Desired survivor size 8945664 bytes, new threshold 6 (max threshold 6)
[32.234s][trace][gc,age         ] GC(2089) Age table with threshold 6 (max threshold 6)
[32.234s][trace][gc,age         ] GC(2089) - age   1:     400208 bytes,     400208 total
[32.234s][info ][gc,heap        ] GC(2089) ParNew: 140185K->394K(157376K)
[32.234s][info ][gc,heap        ] GC(2089) CMS: 3754K->3754K(349568K)
[32.234s][info ][gc,metaspace   ] GC(2089) Metaspace: 16026K(16640K)->16026K(16640K) NonClass: 14285K(14592K)->14285K(14592K) Class: 1740K(2048K)->1740K(2048K)
[32.234s][info ][gc             ] GC(2089) Pause Young (Allocation Failure) 140M->4M(495M) 0.375ms
[32.234s][info ][gc,cpu         ] GC(2089) User=0.00s Sys=0.01s Real=0.00s
[32.244s][info ][gc,start       ] GC(2090) Pause Young (Allocation Failure)
[32.244s][info ][gc,task        ] GC(2090) Using 9 workers of 9 for evacuation
[32.244s][debug][gc,age         ] GC(2090) Desired survivor size 8945664 bytes, new threshold 6 (max threshold 6)
[32.244s][trace][gc,age         ] GC(2090) Age table with threshold 6 (max threshold 6)
[32.244s][trace][gc,age         ] GC(2090) - age   1:        192 bytes,        192 total
[32.244s][info ][gc,heap        ] GC(2090) ParNew: 140244K->6K(157376K)
[32.244s][info ][gc,heap        ] GC(2090) CMS: 3754K->3754K(349568K)
[32.244s][info ][gc,metaspace   ] GC(2090) Metaspace: 16026K(16640K)->16026K(16640K) NonClass: 14285K(14592K)->14285K(14592K) Class: 1740K(2048K)->1740K(2048K)
[32.244s][info ][gc             ] GC(2090) Pause Young (Allocation Failure) 140M->3M(495M) 0.672ms
[32.244s][info ][gc,cpu         ] GC(2090) User=0.00s Sys=0.00s Real=0.00s
[32.254s][info ][gc,start       ] GC(2091) Pause Young (Allocation Failure)
[32.254s][info ][gc,task        ] GC(2091) Using 9 workers of 9 for evacuation
[32.254s][debug][gc,age         ] GC(2091) Desired survivor size 8945664 bytes, new threshold 6 (max threshold 6)
[32.254s][trace][gc,age         ] GC(2091) Age table with threshold 6 (max threshold 6)
[32.254s][trace][gc,age         ] GC(2091) - age   1:        192 bytes,        192 total
[32.254s][info ][gc,heap        ] GC(2091) ParNew: 139532K->4K(157376K)
[32.254s][info ][gc,heap        ] GC(2091) CMS: 3754K->3754K(349568K)
[32.254s][info ][gc,metaspace   ] GC(2091) Metaspace: 16026K(16640K)->16026K(16640K) NonClass: 14285K(14592K)->14285K(14592K) Class: 1740K(2048K)->1740K(2048K)
[32.254s][info ][gc             ] GC(2091) Pause Young (Allocation Failure) 139M->3M(495M) 0.497ms
[32.254s][info ][gc,cpu         ] GC(2091) User=0.00s Sys=0.00s Real=0.00s
[32.264s][info ][gc,start       ] GC(2092) Pause Young (Allocation Failure)
[32.264s][info ][gc,task        ] GC(2092) Using 9 workers of 9 for evacuation
[32.264s][debug][gc,age         ] GC(2092) Desired survivor size 8945664 bytes, new threshold 6 (max threshold 6)
[32.264s][trace][gc,age         ] GC(2092) Age table with threshold 6 (max threshold 6)
[32.264s][trace][gc,age         ] GC(2092) - age   1:        192 bytes,        192 total
[32.264s][info ][gc,heap        ] GC(2092) ParNew: 139694K->8K(157376K)
[32.264s][info ][gc,heap        ] GC(2092) CMS: 3754K->3754K(349568K)
[32.264s][info ][gc,metaspace   ] GC(2092) Metaspace: 16026K(16640K)->16026K(16640K) NonClass: 14285K(14592K)->14285K(14592K) Class: 1740K(2048K)->1740K(2048K)
[32.264s][info ][gc             ] GC(2092) Pause Young (Allocation Failure) 140M->3M(495M) 0.455ms
[32.264s][info ][gc,cpu         ] GC(2092) User=0.00s Sys=0.00s Real=0.00s
[32.274s][info ][gc,start       ] GC(2093) Pause Young (Allocation Failure)
[32.274s][info ][gc,task        ] GC(2093) Using 9 workers of 9 for evacuation
[32.274s][debug][gc,age         ] GC(2093) Desired survivor size 8945664 bytes, new threshold 6 (max threshold 6)
[32.274s][trace][gc,age         ] GC(2093) Age table with threshold 6 (max threshold 6)
[32.274s][trace][gc,age         ] GC(2093) - age   1:        192 bytes,        192 total
[32.274s][info ][gc,heap        ] GC(2093) ParNew: 139622K->4K(157376K)
[32.274s][info ][gc,heap        ] GC(2093) CMS: 3754K->3754K(349568K)
[32.274s][info ][gc,metaspace   ] GC(2093) Metaspace: 16026K(16640K)->16026K(16640K) NonClass: 14285K(14592K)->14285K(14592K) Class: 1740K(2048K)->1740K(2048K)
[32.274s][info ][gc             ] GC(2093) Pause Young (Allocation Failure) 140M->3M(495M) 0.399ms
[32.274s][info ][gc,cpu         ] GC(2093) User=0.00s Sys=0.00s Real=0.00s
[32.284s][info ][gc,start       ] GC(2094) Pause Young (Allocation Failure)
[32.284s][info ][gc,task        ] GC(2094) Using 9 workers of 9 for evacuation
[32.284s][debug][gc,age         ] GC(2094) Desired survivor size 8945664 bytes, new threshold 6 (max threshold 6)
[32.284s][trace][gc,age         ] GC(2094) Age table with threshold 6 (max threshold 6)
[32.284s][trace][gc,age         ] GC(2094) - age   1:     400208 bytes,     400208 total
[32.284s][info ][gc,heap        ] GC(2094) ParNew: 139618K->396K(157376K)
[32.284s][info ][gc,heap        ] GC(2094) CMS: 3754K->3754K(349568K)
[32.284s][info ][gc,metaspace   ] GC(2094) Metaspace: 16026K(16640K)->16026K(16640K) NonClass: 14285K(14592K)->14285K(14592K) Class: 1740K(2048K)->1740K(2048K)
[32.284s][info ][gc             ] GC(2094) Pause Young (Allocation Failure) 140M->4M(495M) 0.448ms
[32.284s][info ][gc,cpu         ] GC(2094) User=0.01s Sys=0.00s Real=0.00s
[32.294s][info ][gc,start       ] GC(2095) Pause Young (Allocation Failure)
[32.294s][info ][gc,task        ] GC(2095) Using 9 workers of 9 for evacuation
[32.294s][debug][gc,age         ] GC(2095) Desired survivor size 8945664 bytes, new threshold 6 (max threshold 6)
[32.294s][trace][gc,age         ] GC(2095) Age table with threshold 6 (max threshold 6)
[32.294s][trace][gc,age         ] GC(2095) - age   1:     400208 bytes,     400208 total
[32.294s][info ][gc,heap        ] GC(2095) ParNew: 140154K->396K(157376K)
[32.294s][info ][gc,heap        ] GC(2095) CMS: 3754K->3754K(349568K)
[32.294s][info ][gc,metaspace   ] GC(2095) Metaspace: 16026K(16640K)->16026K(16640K) NonClass: 14285K(14592K)->14285K(14592K) Class: 1740K(2048K)->1740K(2048K)
[32.294s][info ][gc             ] GC(2095) Pause Young (Allocation Failure) 140M->4M(495M) 0.488ms
[32.294s][info ][gc,cpu         ] GC(2095) User=0.01s Sys=0.00s Real=0.00s
[32.304s][info ][gc,start       ] GC(2096) Pause Young (Allocation Failure)
[32.304s][info ][gc,task        ] GC(2096) Using 9 workers of 9 for evacuation
[32.304s][debug][gc,age         ] GC(2096) Desired survivor size 8945664 bytes, new threshold 6 (max threshold 6)
[32.304s][trace][gc,age         ] GC(2096) Age table with threshold 6 (max threshold 6)
[32.304s][trace][gc,age         ] GC(2096) - age   1:        192 bytes,        192 total
[32.304s][info ][gc,heap        ] GC(2096) ParNew: 140252K->4K(157376K)
[32.304s][info ][gc,heap        ] GC(2096) CMS: 3754K->3754K(349568K)
[32.304s][info ][gc,metaspace   ] GC(2096) Metaspace: 16026K(16640K)->16026K(16640K) NonClass: 14285K(14592K)->14285K(14592K) Class: 1740K(2048K)->1740K(2048K)
[32.304s][info ][gc             ] GC(2096) Pause Young (Allocation Failure) 140M->3M(495M) 0.357ms
[32.304s][info ][gc,cpu         ] GC(2096) User=0.00s Sys=0.00s Real=0.00s
[32.314s][info ][gc,start       ] GC(2097) Pause Young (Allocation Failure)
[32.314s][info ][gc,task        ] GC(2097) Using 9 workers of 9 for evacuation
[32.314s][debug][gc,age         ] GC(2097) Desired survivor size 8945664 bytes, new threshold 6 (max threshold 6)
[32.314s][trace][gc,age         ] GC(2097) Age table with threshold 6 (max threshold 6)
[32.314s][trace][gc,age         ] GC(2097) - age   1:     400208 bytes,     400208 total
[32.314s][info ][gc,heap        ] GC(2097) ParNew: 139576K->396K(157376K)
[32.314s][info ][gc,heap        ] GC(2097) CMS: 3754K->3754K(349568K)
[32.314s][info ][gc,metaspace   ] GC(2097) Metaspace: 16026K(16640K)->16026K(16640K) NonClass: 14285K(14592K)->14285K(14592K) Class: 1740K(2048K)->1740K(2048K)
[32.314s][info ][gc             ] GC(2097) Pause Young (Allocation Failure) 139M->4M(495M) 0.387ms
[32.314s][info ][gc,cpu         ] GC(2097) User=0.00s Sys=0.00s Real=0.00s
[32.323s][info ][gc,start       ] GC(2098) Pause Young (Allocation Failure)
[32.324s][info ][gc,task        ] GC(2098) Using 9 workers of 9 for evacuation
[32.324s][debug][gc,age         ] GC(2098) Desired survivor size 8945664 bytes, new threshold 6 (max threshold 6)
[32.324s][trace][gc,age         ] GC(2098) Age table with threshold 6 (max threshold 6)
[32.324s][trace][gc,age         ] GC(2098) - age   1:        192 bytes,        192 total
[32.324s][info ][gc,heap        ] GC(2098) ParNew: 140219K->6K(157376K)
[32.324s][info ][gc,heap        ] GC(2098) CMS: 3754K->3754K(349568K)
[32.324s][info ][gc,metaspace   ] GC(2098) Metaspace: 16026K(16640K)->16026K(16640K) NonClass: 14285K(14592K)->14285K(14592K) Class: 1740K(2048K)->1740K(2048K)
[32.324s][info ][gc             ] GC(2098) Pause Young (Allocation Failure) 140M->3M(495M) 0.524ms
[32.324s][info ][gc,cpu         ] GC(2098) User=0.00s Sys=0.00s Real=0.00s
[32.334s][info ][gc,start       ] GC(2099) Pause Young (Allocation Failure)
[32.334s][info ][gc,task        ] GC(2099) Using 9 workers of 9 for evacuation
[32.334s][debug][gc,age         ] GC(2099) Desired survivor size 8945664 bytes, new threshold 6 (max threshold 6)
[32.334s][trace][gc,age         ] GC(2099) Age table with threshold 6 (max threshold 6)
[32.334s][trace][gc,age         ] GC(2099) - age   1:        192 bytes,        192 total
[32.334s][info ][gc,heap        ] GC(2099) ParNew: 139643K->6K(157376K)
[32.334s][info ][gc,heap        ] GC(2099) CMS: 3754K->3754K(349568K)
[32.334s][info ][gc,metaspace   ] GC(2099) Metaspace: 16026K(16640K)->16026K(16640K) NonClass: 14285K(14592K)->14285K(14592K) Class: 1740K(2048K)->1740K(2048K)
[32.334s][info ][gc             ] GC(2099) Pause Young (Allocation Failure) 140M->3M(495M) 0.467ms
[32.334s][info ][gc,cpu         ] GC(2099) User=0.00s Sys=0.00s Real=0.00s
[32.343s][info ][gc,start       ] GC(2100) Pause Young (Allocation Failure)
[32.344s][info ][gc,task        ] GC(2100) Using 9 workers of 9 for evacuation
[32.344s][debug][gc,age         ] GC(2100) Desired survivor size 8945664 bytes, new threshold 6 (max threshold 6)
[32.344s][trace][gc,age         ] GC(2100) Age table with threshold 6 (max threshold 6)
[32.344s][trace][gc,age         ] GC(2100) - age   1:        192 bytes,        192 total
[32.344s][info ][gc,heap        ] GC(2100) ParNew: 139712K->4K(157376K)
[32.344s][info ][gc,heap        ] GC(2100) CMS: 3754K->3754K(349568K)
[32.344s][info ][gc,metaspace   ] GC(2100) Metaspace: 16026K(16640K)->16026K(16640K) NonClass: 14285K(14592K)->14285K(14592K) Class: 1740K(2048K)->1740K(2048K)
[32.344s][info ][gc             ] GC(2100) Pause Young (Allocation Failure) 140M->3M(495M) 0.399ms
[32.344s][info ][gc,cpu         ] GC(2100) User=0.00s Sys=0.00s Real=0.00s
[32.353s][info ][gc,start       ] GC(2101) Pause Young (Allocation Failure)
[32.353s][info ][gc,task        ] GC(2101) Using 9 workers of 9 for evacuation
[32.354s][debug][gc,age         ] GC(2101) Desired survivor size 8945664 bytes, new threshold 6 (max threshold 6)
[32.354s][trace][gc,age         ] GC(2101) Age table with threshold 6 (max threshold 6)
[32.354s][trace][gc,age         ] GC(2101) - age   1:        192 bytes,        192 total
[32.354s][info ][gc,heap        ] GC(2101) ParNew: 139719K->6K(157376K)
[32.354s][info ][gc,heap        ] GC(2101) CMS: 3754K->3754K(349568K)
[32.354s][info ][gc,metaspace   ] GC(2101) Metaspace: 16026K(16640K)->16026K(16640K) NonClass: 14285K(14592K)->14285K(14592K) Class: 1740K(2048K)->1740K(2048K)
[32.354s][info ][gc             ] GC(2101) Pause Young (Allocation Failure) 140M->3M(495M) 0.434ms
[32.354s][info ][gc,cpu         ] GC(2101) User=0.00s Sys=0.00s Real=0.00s
[32.363s][info ][gc,start       ] GC(2102) Pause Young (Allocation Failure)
[32.363s][info ][gc,task        ] GC(2102) Using 9 workers of 9 for evacuation
[32.364s][debug][gc,age         ] GC(2102) Desired survivor size 8945664 bytes, new threshold 6 (max threshold 6)
[32.364s][trace][gc,age         ] GC(2102) Age table with threshold 6 (max threshold 6)
[32.364s][trace][gc,age         ] GC(2102) - age   1:        192 bytes,        192 total
[32.364s][info ][gc,heap        ] GC(2102) ParNew: 139777K->4K(157376K)
[32.364s][info ][gc,heap        ] GC(2102) CMS: 3754K->3754K(349568K)
[32.364s][info ][gc,metaspace   ] GC(2102) Metaspace: 16026K(16640K)->16026K(16640K) NonClass: 14285K(14592K)->14285K(14592K) Class: 1740K(2048K)->1740K(2048K)
[32.364s][info ][gc             ] GC(2102) Pause Young (Allocation Failure) 140M->3M(495M) 0.355ms
[32.364s][info ][gc,cpu         ] GC(2102) User=0.00s Sys=0.00s Real=0.00s
[32.373s][info ][gc,start       ] GC(2103) Pause Young (Allocation Failure)
[32.373s][info ][gc,task        ] GC(2103) Using 9 workers of 9 for evacuation
[32.374s][debug][gc,age         ] GC(2103) Desired survivor size 8945664 bytes, new threshold 6 (max threshold 6)
[32.374s][trace][gc,age         ] GC(2103) Age table with threshold 6 (max threshold 6)
[32.374s][trace][gc,age         ] GC(2103) - age   1:     400208 bytes,     400208 total
[32.374s][info ][gc,heap        ] GC(2103) ParNew: 139707K->396K(157376K)
[32.374s][info ][gc,heap        ] GC(2103) CMS: 3754K->3754K(349568K)
[32.374s][info ][gc,metaspace   ] GC(2103) Metaspace: 16026K(16640K)->16026K(16640K) NonClass: 14285K(14592K)->14285K(14592K) Class: 1740K(2048K)->1740K(2048K)
[32.374s][info ][gc             ] GC(2103) Pause Young (Allocation Failure) 140M->4M(495M) 0.434ms
[32.374s][info ][gc,cpu         ] GC(2103) User=0.00s Sys=0.00s Real=0.00s
[32.383s][info ][gc,start       ] GC(2104) Pause Young (Allocation Failure)
[32.383s][info ][gc,task        ] GC(2104) Using 9 workers of 9 for evacuation
[32.383s][debug][gc,age         ] GC(2104) Desired survivor size 8945664 bytes, new threshold 6 (max threshold 6)
[32.383s][trace][gc,age         ] GC(2104) Age table with threshold 6 (max threshold 6)
[32.383s][trace][gc,age         ] GC(2104) - age   1:        192 bytes,        192 total
[32.383s][info ][gc,heap        ] GC(2104) ParNew: 139956K->6K(157376K)
[32.383s][info ][gc,heap        ] GC(2104) CMS: 3754K->3754K(349568K)
[32.383s][info ][gc,metaspace   ] GC(2104) Metaspace: 16026K(16640K)->16026K(16640K) NonClass: 14285K(14592K)->14285K(14592K) Class: 1740K(2048K)->1740K(2048K)
[32.383s][info ][gc             ] GC(2104) Pause Young (Allocation Failure) 140M->3M(495M) 0.382ms
[32.383s][info ][gc,cpu         ] GC(2104) User=0.00s Sys=0.00s Real=0.00s
[32.393s][info ][gc,start       ] GC(2105) Pause Young (Allocation Failure)
[32.393s][info ][gc,task        ] GC(2105) Using 9 workers of 9 for evacuation
[32.394s][debug][gc,age         ] GC(2105) Desired survivor size 8945664 bytes, new threshold 6 (max threshold 6)
[32.394s][trace][gc,age         ] GC(2105) Age table with threshold 6 (max threshold 6)
[32.394s][trace][gc,age         ] GC(2105) - age   1:     400208 bytes,     400208 total
[32.394s][info ][gc,heap        ] GC(2105) ParNew: 139606K->394K(157376K)
[32.394s][info ][gc,heap        ] GC(2105) CMS: 3754K->3754K(349568K)
[32.394s][info ][gc,metaspace   ] GC(2105) Metaspace: 16026K(16640K)->16026K(16640K) NonClass: 14285K(14592K)->14285K(14592K) Class: 1740K(2048K)->1740K(2048K)
[32.394s][info ][gc             ] GC(2105) Pause Young (Allocation Failure) 140M->4M(495M) 0.418ms
[32.394s][info ][gc,cpu         ] GC(2105) User=0.01s Sys=0.00s Real=0.00s
[32.403s][info ][gc,start       ] GC(2106) Pause Young (Allocation Failure)
[32.403s][info ][gc,task        ] GC(2106) Using 9 workers of 9 for evacuation
[32.404s][debug][gc,age         ] GC(2106) Desired survivor size 8945664 bytes, new threshold 6 (max threshold 6)
[32.404s][trace][gc,age         ] GC(2106) Age table with threshold 6 (max threshold 6)
[32.404s][trace][gc,age         ] GC(2106) - age   1:        192 bytes,        192 total
[32.404s][info ][gc,heap        ] GC(2106) ParNew: 140298K->8K(157376K)
[32.404s][info ][gc,heap        ] GC(2106) CMS: 3754K->3754K(349568K)
[32.404s][info ][gc,metaspace   ] GC(2106) Metaspace: 16026K(16640K)->16026K(16640K) NonClass: 14285K(14592K)->14285K(14592K) Class: 1740K(2048K)->1740K(2048K)
[32.404s][info ][gc             ] GC(2106) Pause Young (Allocation Failure) 140M->3M(495M) 0.360ms
[32.404s][info ][gc,cpu         ] GC(2106) User=0.01s Sys=0.00s Real=0.00s
[32.413s][info ][gc,start       ] GC(2107) Pause Young (Allocation Failure)
[32.413s][info ][gc,task        ] GC(2107) Using 9 workers of 9 for evacuation
[32.414s][debug][gc,age         ] GC(2107) Desired survivor size 8945664 bytes, new threshold 6 (max threshold 6)
[32.414s][trace][gc,age         ] GC(2107) Age table with threshold 6 (max threshold 6)
[32.414s][trace][gc,age         ] GC(2107) - age   1:     400208 bytes,     400208 total
[32.414s][info ][gc,heap        ] GC(2107) ParNew: 139709K->398K(157376K)
[32.414s][info ][gc,heap        ] GC(2107) CMS: 3754K->3754K(349568K)
[32.414s][info ][gc,metaspace   ] GC(2107) Metaspace: 16026K(16640K)->16026K(16640K) NonClass: 14285K(14592K)->14285K(14592K) Class: 1740K(2048K)->1740K(2048K)
[32.414s][info ][gc             ] GC(2107) Pause Young (Allocation Failure) 140M->4M(495M) 0.479ms
[32.414s][info ][gc,cpu         ] GC(2107) User=0.01s Sys=0.00s Real=0.00s
[32.423s][info ][gc,start       ] GC(2108) Pause Young (Allocation Failure)
[32.423s][info ][gc,task        ] GC(2108) Using 9 workers of 9 for evacuation
[32.423s][debug][gc,age         ] GC(2108) Desired survivor size 8945664 bytes, new threshold 6 (max threshold 6)
[32.423s][trace][gc,age         ] GC(2108) Age table with threshold 6 (max threshold 6)
[32.423s][trace][gc,age         ] GC(2108) - age   1:     400208 bytes,     400208 total
[32.423s][info ][gc,heap        ] GC(2108) ParNew: 140163K->398K(157376K)
[32.423s][info ][gc,heap        ] GC(2108) CMS: 3754K->3754K(349568K)
[32.423s][info ][gc,metaspace   ] GC(2108) Metaspace: 16026K(16640K)->16026K(16640K) NonClass: 14285K(14592K)->14285K(14592K) Class: 1740K(2048K)->1740K(2048K)
[32.423s][info ][gc             ] GC(2108) Pause Young (Allocation Failure) 140M->4M(495M) 0.418ms
[32.423s][info ][gc,cpu         ] GC(2108) User=0.00s Sys=0.00s Real=0.00s
[32.433s][info ][gc,start       ] GC(2109) Pause Young (Allocation Failure)
[32.433s][info ][gc,task        ] GC(2109) Using 9 workers of 9 for evacuation
[32.433s][debug][gc,age         ] GC(2109) Desired survivor size 8945664 bytes, new threshold 6 (max threshold 6)
[32.433s][trace][gc,age         ] GC(2109) Age table with threshold 6 (max threshold 6)
[32.433s][trace][gc,age         ] GC(2109) - age   1:     400208 bytes,     400208 total
[32.433s][info ][gc,heap        ] GC(2109) ParNew: 140299K->394K(157376K)
[32.433s][info ][gc,heap        ] GC(2109) CMS: 3754K->3754K(349568K)
[32.433s][info ][gc,metaspace   ] GC(2109) Metaspace: 16026K(16640K)->16026K(16640K) NonClass: 14285K(14592K)->14285K(14592K) Class: 1740K(2048K)->1740K(2048K)
[32.433s][info ][gc             ] GC(2109) Pause Young (Allocation Failure) 140M->4M(495M) 0.480ms
[32.433s][info ][gc,cpu         ] GC(2109) User=0.00s Sys=0.00s Real=0.00s
[32.443s][info ][gc,start       ] GC(2110) Pause Young (Allocation Failure)
[32.443s][info ][gc,task        ] GC(2110) Using 9 workers of 9 for evacuation
[32.443s][debug][gc,age         ] GC(2110) Desired survivor size 8945664 bytes, new threshold 6 (max threshold 6)
[32.443s][trace][gc,age         ] GC(2110) Age table with threshold 6 (max threshold 6)
[32.443s][trace][gc,age         ] GC(2110) - age   1:     400208 bytes,     400208 total
[32.443s][info ][gc,heap        ] GC(2110) ParNew: 140136K->394K(157376K)
[32.443s][info ][gc,heap        ] GC(2110) CMS: 3754K->3754K(349568K)
[32.443s][info ][gc,metaspace   ] GC(2110) Metaspace: 16026K(16640K)->16026K(16640K) NonClass: 14285K(14592K)->14285K(14592K) Class: 1740K(2048K)->1740K(2048K)
[32.443s][info ][gc             ] GC(2110) Pause Young (Allocation Failure) 140M->4M(495M) 0.537ms
[32.443s][info ][gc,cpu         ] GC(2110) User=0.00s Sys=0.00s Real=0.00s
[32.453s][info ][gc,start       ] GC(2111) Pause Young (Allocation Failure)
[32.453s][info ][gc,task        ] GC(2111) Using 9 workers of 9 for evacuation
[32.453s][debug][gc,age         ] GC(2111) Desired survivor size 8945664 bytes, new threshold 6 (max threshold 6)
[32.453s][trace][gc,age         ] GC(2111) Age table with threshold 6 (max threshold 6)
[32.453s][trace][gc,age         ] GC(2111) - age   1:     400208 bytes,     400208 total
[32.453s][info ][gc,heap        ] GC(2111) ParNew: 140142K->394K(157376K)
[32.453s][info ][gc,heap        ] GC(2111) CMS: 3754K->3754K(349568K)
[32.453s][info ][gc,metaspace   ] GC(2111) Metaspace: 16026K(16640K)->16026K(16640K) NonClass: 14285K(14592K)->14285K(14592K) Class: 1740K(2048K)->1740K(2048K)
[32.453s][info ][gc             ] GC(2111) Pause Young (Allocation Failure) 140M->4M(495M) 0.441ms
[32.453s][info ][gc,cpu         ] GC(2111) User=0.00s Sys=0.00s Real=0.00s
[32.463s][info ][gc,start       ] GC(2112) Pause Young (Allocation Failure)
[32.463s][info ][gc,task        ] GC(2112) Using 9 workers of 9 for evacuation
[32.463s][debug][gc,age         ] GC(2112) Desired survivor size 8945664 bytes, new threshold 6 (max threshold 6)
[32.463s][trace][gc,age         ] GC(2112) Age table with threshold 6 (max threshold 6)
[32.463s][trace][gc,age         ] GC(2112) - age   1:        192 bytes,        192 total
[32.463s][info ][gc,heap        ] GC(2112) ParNew: 140182K->6K(157376K)
[32.463s][info ][gc,heap        ] GC(2112) CMS: 3754K->3754K(349568K)
[32.463s][info ][gc,metaspace   ] GC(2112) Metaspace: 16026K(16640K)->16026K(16640K) NonClass: 14285K(14592K)->14285K(14592K) Class: 1740K(2048K)->1740K(2048K)
[32.463s][info ][gc             ] GC(2112) Pause Young (Allocation Failure) 140M->3M(495M) 0.490ms
[32.463s][info ][gc,cpu         ] GC(2112) User=0.00s Sys=0.00s Real=0.00s
[32.473s][info ][gc,start       ] GC(2113) Pause Young (Allocation Failure)
[32.473s][info ][gc,task        ] GC(2113) Using 9 workers of 9 for evacuation
[32.473s][debug][gc,age         ] GC(2113) Desired survivor size 8945664 bytes, new threshold 6 (max threshold 6)
[32.473s][trace][gc,age         ] GC(2113) Age table with threshold 6 (max threshold 6)
[32.473s][trace][gc,age         ] GC(2113) - age   1:        192 bytes,        192 total
[32.473s][info ][gc,heap        ] GC(2113) ParNew: 139547K->8K(157376K)
[32.473s][info ][gc,heap        ] GC(2113) CMS: 3754K->3754K(349568K)
[32.473s][info ][gc,metaspace   ] GC(2113) Metaspace: 16026K(16640K)->16026K(16640K) NonClass: 14285K(14592K)->14285K(14592K) Class: 1740K(2048K)->1740K(2048K)
[32.473s][info ][gc             ] GC(2113) Pause Young (Allocation Failure) 139M->3M(495M) 0.458ms
[32.473s][info ][gc,cpu         ] GC(2113) User=0.00s Sys=0.00s Real=0.00s
[32.483s][info ][gc,start       ] GC(2114) Pause Young (Allocation Failure)
[32.483s][info ][gc,task        ] GC(2114) Using 9 workers of 9 for evacuation
[32.483s][debug][gc,age         ] GC(2114) Desired survivor size 8945664 bytes, new threshold 6 (max threshold 6)
[32.483s][trace][gc,age         ] GC(2114) Age table with threshold 6 (max threshold 6)
[32.483s][trace][gc,age         ] GC(2114) - age   1:        192 bytes,        192 total
[32.483s][info ][gc,heap        ] GC(2114) ParNew: 139875K->8K(157376K)
[32.483s][info ][gc,heap        ] GC(2114) CMS: 3754K->3754K(349568K)
[32.483s][info ][gc,metaspace   ] GC(2114) Metaspace: 16026K(16640K)->16026K(16640K) NonClass: 14285K(14592K)->14285K(14592K) Class: 1740K(2048K)->1740K(2048K)
[32.483s][info ][gc             ] GC(2114) Pause Young (Allocation Failure) 140M->3M(495M) 0.455ms
[32.483s][info ][gc,cpu         ] GC(2114) User=0.01s Sys=0.00s Real=0.00s
[32.493s][info ][gc,start       ] GC(2115) Pause Young (Allocation Failure)
[32.493s][info ][gc,task        ] GC(2115) Using 9 workers of 9 for evacuation
[32.493s][debug][gc,age         ] GC(2115) Desired survivor size 8945664 bytes, new threshold 6 (max threshold 6)
[32.493s][trace][gc,age         ] GC(2115) Age table with threshold 6 (max threshold 6)
[32.493s][trace][gc,age         ] GC(2115) - age   1:        192 bytes,        192 total
[32.493s][info ][gc,heap        ] GC(2115) ParNew: 139912K->6K(157376K)
[32.493s][info ][gc,heap        ] GC(2115) CMS: 3754K->3754K(349568K)
[32.493s][info ][gc,metaspace   ] GC(2115) Metaspace: 16026K(16640K)->16026K(16640K) NonClass: 14285K(14592K)->14285K(14592K) Class: 1740K(2048K)->1740K(2048K)
[32.493s][info ][gc             ] GC(2115) Pause Young (Allocation Failure) 140M->3M(495M) 0.369ms
[32.493s][info ][gc,cpu         ] GC(2115) User=0.01s Sys=0.00s Real=0.00s
[32.503s][info ][gc,start       ] GC(2116) Pause Young (Allocation Failure)
[32.503s][info ][gc,task        ] GC(2116) Using 9 workers of 9 for evacuation
[32.503s][debug][gc,age         ] GC(2116) Desired survivor size 8945664 bytes, new threshold 6 (max threshold 6)
[32.503s][trace][gc,age         ] GC(2116) Age table with threshold 6 (max threshold 6)
[32.503s][trace][gc,age         ] GC(2116) - age   1:        192 bytes,        192 total
[32.503s][info ][gc,heap        ] GC(2116) ParNew: 139789K->4K(157376K)
[32.503s][info ][gc,heap        ] GC(2116) CMS: 3754K->3754K(349568K)
[32.503s][info ][gc,metaspace   ] GC(2116) Metaspace: 16026K(16640K)->16026K(16640K) NonClass: 14285K(14592K)->14285K(14592K) Class: 1740K(2048K)->1740K(2048K)
[32.503s][info ][gc             ] GC(2116) Pause Young (Allocation Failure) 140M->3M(495M) 0.413ms
[32.503s][info ][gc,cpu         ] GC(2116) User=0.00s Sys=0.00s Real=0.00s
[32.513s][info ][gc,start       ] GC(2117) Pause Young (Allocation Failure)
[32.513s][info ][gc,task        ] GC(2117) Using 9 workers of 9 for evacuation
[32.513s][debug][gc,age         ] GC(2117) Desired survivor size 8945664 bytes, new threshold 6 (max threshold 6)
[32.513s][trace][gc,age         ] GC(2117) Age table with threshold 6 (max threshold 6)
[32.513s][trace][gc,age         ] GC(2117) - age   1:        192 bytes,        192 total
[32.513s][info ][gc,heap        ] GC(2117) ParNew: 139531K->6K(157376K)
[32.513s][info ][gc,heap        ] GC(2117) CMS: 3754K->3754K(349568K)
[32.513s][info ][gc,metaspace   ] GC(2117) Metaspace: 16026K(16640K)->16026K(16640K) NonClass: 14285K(14592K)->14285K(14592K) Class: 1740K(2048K)->1740K(2048K)
[32.513s][info ][gc             ] GC(2117) Pause Young (Allocation Failure) 139M->3M(495M) 0.480ms
[32.513s][info ][gc,cpu         ] GC(2117) User=0.00s Sys=0.00s Real=0.00s
[32.523s][info ][gc,start       ] GC(2118) Pause Young (Allocation Failure)
[32.523s][info ][gc,task        ] GC(2118) Using 9 workers of 9 for evacuation
[32.523s][debug][gc,age         ] GC(2118) Desired survivor size 8945664 bytes, new threshold 6 (max threshold 6)
[32.523s][trace][gc,age         ] GC(2118) Age table with threshold 6 (max threshold 6)
[32.523s][trace][gc,age         ] GC(2118) - age   1:        192 bytes,        192 total
[32.523s][info ][gc,heap        ] GC(2118) ParNew: 139582K->6K(157376K)
[32.523s][info ][gc,heap        ] GC(2118) CMS: 3754K->3754K(349568K)
[32.523s][info ][gc,metaspace   ] GC(2118) Metaspace: 16026K(16640K)->16026K(16640K) NonClass: 14285K(14592K)->14285K(14592K) Class: 1740K(2048K)->1740K(2048K)
[32.523s][info ][gc             ] GC(2118) Pause Young (Allocation Failure) 139M->3M(495M) 0.405ms
[32.523s][info ][gc,cpu         ] GC(2118) User=0.00s Sys=0.00s Real=0.00s
[32.532s][info ][gc,start       ] GC(2119) Pause Young (Allocation Failure)
[32.532s][info ][gc,task        ] GC(2119) Using 9 workers of 9 for evacuation
[32.533s][debug][gc,age         ] GC(2119) Desired survivor size 8945664 bytes, new threshold 6 (max threshold 6)
[32.533s][trace][gc,age         ] GC(2119) Age table with threshold 6 (max threshold 6)
[32.533s][trace][gc,age         ] GC(2119) - age   1:     400208 bytes,     400208 total
[32.533s][info ][gc,heap        ] GC(2119) ParNew: 139583K->396K(157376K)
[32.533s][info ][gc,heap        ] GC(2119) CMS: 3754K->3754K(349568K)
[32.533s][info ][gc,metaspace   ] GC(2119) Metaspace: 16026K(16640K)->16026K(16640K) NonClass: 14285K(14592K)->14285K(14592K) Class: 1740K(2048K)->1740K(2048K)
[32.533s][info ][gc             ] GC(2119) Pause Young (Allocation Failure) 139M->4M(495M) 0.419ms
[32.533s][info ][gc,cpu         ] GC(2119) User=0.00s Sys=0.00s Real=0.00s
[32.542s][info ][gc,start       ] GC(2120) Pause Young (Allocation Failure)
[32.542s][info ][gc,task        ] GC(2120) Using 9 workers of 9 for evacuation
[32.543s][debug][gc,age         ] GC(2120) Desired survivor size 8945664 bytes, new threshold 6 (max threshold 6)
[32.543s][trace][gc,age         ] GC(2120) Age table with threshold 6 (max threshold 6)
[32.543s][trace][gc,age         ] GC(2120) - age   1:     400208 bytes,     400208 total
[32.543s][info ][gc,heap        ] GC(2120) ParNew: 140300K->398K(157376K)
[32.543s][info ][gc,heap        ] GC(2120) CMS: 3754K->3754K(349568K)
[32.543s][info ][gc,metaspace   ] GC(2120) Metaspace: 16026K(16640K)->16026K(16640K) NonClass: 14285K(14592K)->14285K(14592K) Class: 1740K(2048K)->1740K(2048K)
[32.543s][info ][gc             ] GC(2120) Pause Young (Allocation Failure) 140M->4M(495M) 0.427ms
[32.543s][info ][gc,cpu         ] GC(2120) User=0.00s Sys=0.01s Real=0.00s
[32.552s][info ][gc,start       ] GC(2121) Pause Young (Allocation Failure)
[32.552s][info ][gc,task        ] GC(2121) Using 9 workers of 9 for evacuation
[32.553s][debug][gc,age         ] GC(2121) Desired survivor size 8945664 bytes, new threshold 6 (max threshold 6)
[32.553s][trace][gc,age         ] GC(2121) Age table with threshold 6 (max threshold 6)
[32.553s][trace][gc,age         ] GC(2121) - age   1:     400208 bytes,     400208 total
[32.553s][info ][gc,heap        ] GC(2121) ParNew: 139971K->398K(157376K)
[32.553s][info ][gc,heap        ] GC(2121) CMS: 3754K->3754K(349568K)
[32.553s][info ][gc,metaspace   ] GC(2121) Metaspace: 16026K(16640K)->16026K(16640K) NonClass: 14285K(14592K)->14285K(14592K) Class: 1740K(2048K)->1740K(2048K)
[32.553s][info ][gc             ] GC(2121) Pause Young (Allocation Failure) 140M->4M(495M) 0.440ms
[32.553s][info ][gc,cpu         ] GC(2121) User=0.00s Sys=0.00s Real=0.00s
[32.562s][info ][gc,start       ] GC(2122) Pause Young (Allocation Failure)
[32.562s][info ][gc,task        ] GC(2122) Using 9 workers of 9 for evacuation
[32.563s][debug][gc,age         ] GC(2122) Desired survivor size 8945664 bytes, new threshold 6 (max threshold 6)
[32.563s][trace][gc,age         ] GC(2122) Age table with threshold 6 (max threshold 6)
[32.563s][trace][gc,age         ] GC(2122) - age   1:        192 bytes,        192 total
[32.563s][info ][gc,heap        ] GC(2122) ParNew: 140204K->8K(157376K)
[32.563s][info ][gc,heap        ] GC(2122) CMS: 3754K->3754K(349568K)
[32.563s][info ][gc,metaspace   ] GC(2122) Metaspace: 16026K(16640K)->16026K(16640K) NonClass: 14285K(14592K)->14285K(14592K) Class: 1740K(2048K)->1740K(2048K)
[32.563s][info ][gc             ] GC(2122) Pause Young (Allocation Failure) 140M->3M(495M) 0.412ms
[32.563s][info ][gc,cpu         ] GC(2122) User=0.00s Sys=0.00s Real=0.00s
[32.572s][info ][gc,start       ] GC(2123) Pause Young (Allocation Failure)
[32.572s][info ][gc,task        ] GC(2123) Using 9 workers of 9 for evacuation
[32.573s][debug][gc,age         ] GC(2123) Desired survivor size 8945664 bytes, new threshold 6 (max threshold 6)
[32.573s][trace][gc,age         ] GC(2123) Age table with threshold 6 (max threshold 6)
[32.573s][trace][gc,age         ] GC(2123) - age   1:        192 bytes,        192 total
[32.573s][info ][gc,heap        ] GC(2123) ParNew: 139638K->8K(157376K)
[32.573s][info ][gc,heap        ] GC(2123) CMS: 3754K->3754K(349568K)
[32.573s][info ][gc,metaspace   ] GC(2123) Metaspace: 16026K(16640K)->16026K(16640K) NonClass: 14285K(14592K)->14285K(14592K) Class: 1740K(2048K)->1740K(2048K)
[32.573s][info ][gc             ] GC(2123) Pause Young (Allocation Failure) 140M->3M(495M) 0.500ms
[32.573s][info ][gc,cpu         ] GC(2123) User=0.01s Sys=0.00s Real=0.00s
[32.582s][info ][gc,start       ] GC(2124) Pause Young (Allocation Failure)
[32.582s][info ][gc,task        ] GC(2124) Using 9 workers of 9 for evacuation
[32.582s][debug][gc,age         ] GC(2124) Desired survivor size 8945664 bytes, new threshold 6 (max threshold 6)
[32.582s][trace][gc,age         ] GC(2124) Age table with threshold 6 (max threshold 6)
[32.582s][trace][gc,age         ] GC(2124) - age   1:        192 bytes,        192 total
[32.582s][info ][gc,heap        ] GC(2124) ParNew: 139762K->6K(157376K)
[32.582s][info ][gc,heap        ] GC(2124) CMS: 3754K->3754K(349568K)
[32.582s][info ][gc,metaspace   ] GC(2124) Metaspace: 16026K(16640K)->16026K(16640K) NonClass: 14285K(14592K)->14285K(14592K) Class: 1740K(2048K)->1740K(2048K)
[32.582s][info ][gc             ] GC(2124) Pause Young (Allocation Failure) 140M->3M(495M) 0.341ms
[32.582s][info ][gc,cpu         ] GC(2124) User=0.01s Sys=0.00s Real=0.00s
[32.592s][info ][gc,start       ] GC(2125) Pause Young (Allocation Failure)
[32.592s][info ][gc,task        ] GC(2125) Using 9 workers of 9 for evacuation
[32.592s][debug][gc,age         ] GC(2125) Desired survivor size 8945664 bytes, new threshold 6 (max threshold 6)
[32.592s][trace][gc,age         ] GC(2125) Age table with threshold 6 (max threshold 6)
[32.592s][trace][gc,age         ] GC(2125) - age   1:        192 bytes,        192 total
[32.592s][info ][gc,heap        ] GC(2125) ParNew: 139851K->6K(157376K)
[32.592s][info ][gc,heap        ] GC(2125) CMS: 3754K->3754K(349568K)
[32.592s][info ][gc,metaspace   ] GC(2125) Metaspace: 16026K(16640K)->16026K(16640K) NonClass: 14285K(14592K)->14285K(14592K) Class: 1740K(2048K)->1740K(2048K)
[32.592s][info ][gc             ] GC(2125) Pause Young (Allocation Failure) 140M->3M(495M) 0.372ms
[32.592s][info ][gc,cpu         ] GC(2125) User=0.01s Sys=0.00s Real=0.00s
[32.602s][info ][gc,start       ] GC(2126) Pause Young (Allocation Failure)
[32.602s][info ][gc,task        ] GC(2126) Using 9 workers of 9 for evacuation
[32.602s][debug][gc,age         ] GC(2126) Desired survivor size 8945664 bytes, new threshold 6 (max threshold 6)
[32.602s][trace][gc,age         ] GC(2126) Age table with threshold 6 (max threshold 6)
[32.602s][trace][gc,age         ] GC(2126) - age   1:        192 bytes,        192 total
[32.602s][info ][gc,heap        ] GC(2126) ParNew: 139847K->6K(157376K)
[32.602s][info ][gc,heap        ] GC(2126) CMS: 3754K->3754K(349568K)
[32.602s][info ][gc,metaspace   ] GC(2126) Metaspace: 16026K(16640K)->16026K(16640K) NonClass: 14285K(14592K)->14285K(14592K) Class: 1740K(2048K)->1740K(2048K)
[32.602s][info ][gc             ] GC(2126) Pause Young (Allocation Failure) 140M->3M(495M) 0.449ms
[32.602s][info ][gc,cpu         ] GC(2126) User=0.01s Sys=0.00s Real=0.00s
[32.612s][info ][gc,start       ] GC(2127) Pause Young (Allocation Failure)
[32.612s][info ][gc,task        ] GC(2127) Using 9 workers of 9 for evacuation
[32.612s][debug][gc,age         ] GC(2127) Desired survivor size 8945664 bytes, new threshold 6 (max threshold 6)
[32.612s][trace][gc,age         ] GC(2127) Age table with threshold 6 (max threshold 6)
[32.612s][trace][gc,age         ] GC(2127) - age   1:        192 bytes,        192 total
[32.612s][info ][gc,heap        ] GC(2127) ParNew: 139647K->6K(157376K)
[32.612s][info ][gc,heap        ] GC(2127) CMS: 3754K->3754K(349568K)
[32.612s][info ][gc,metaspace   ] GC(2127) Metaspace: 16026K(16640K)->16026K(16640K) NonClass: 14285K(14592K)->14285K(14592K) Class: 1740K(2048K)->1740K(2048K)
[32.612s][info ][gc             ] GC(2127) Pause Young (Allocation Failure) 140M->3M(495M) 0.388ms
[32.612s][info ][gc,cpu         ] GC(2127) User=0.00s Sys=0.00s Real=0.00s
[32.622s][info ][gc,start       ] GC(2128) Pause Young (Allocation Failure)
[32.622s][info ][gc,task        ] GC(2128) Using 9 workers of 9 for evacuation
[32.622s][debug][gc,age         ] GC(2128) Desired survivor size 8945664 bytes, new threshold 6 (max threshold 6)
[32.622s][trace][gc,age         ] GC(2128) Age table with threshold 6 (max threshold 6)
[32.622s][trace][gc,age         ] GC(2128) - age   1:        192 bytes,        192 total
[32.622s][info ][gc,heap        ] GC(2128) ParNew: 139668K->6K(157376K)
[32.622s][info ][gc,heap        ] GC(2128) CMS: 3754K->3754K(349568K)
[32.622s][info ][gc,metaspace   ] GC(2128) Metaspace: 16026K(16640K)->16026K(16640K) NonClass: 14285K(14592K)->14285K(14592K) Class: 1740K(2048K)->1740K(2048K)
[32.622s][info ][gc             ] GC(2128) Pause Young (Allocation Failure) 140M->3M(495M) 0.471ms
[32.622s][info ][gc,cpu         ] GC(2128) User=0.00s Sys=0.00s Real=0.00s
[32.632s][info ][gc,start       ] GC(2129) Pause Young (Allocation Failure)
[32.632s][info ][gc,task        ] GC(2129) Using 9 workers of 9 for evacuation
[32.632s][debug][gc,age         ] GC(2129) Desired survivor size 8945664 bytes, new threshold 6 (max threshold 6)
[32.632s][trace][gc,age         ] GC(2129) Age table with threshold 6 (max threshold 6)
[32.632s][trace][gc,age         ] GC(2129) - age   1:     400208 bytes,     400208 total
[32.632s][info ][gc,heap        ] GC(2129) ParNew: 139885K->396K(157376K)
[32.632s][info ][gc,heap        ] GC(2129) CMS: 3754K->3754K(349568K)
[32.632s][info ][gc,metaspace   ] GC(2129) Metaspace: 16026K(16640K)->16026K(16640K) NonClass: 14285K(14592K)->14285K(14592K) Class: 1740K(2048K)->1740K(2048K)
[32.632s][info ][gc             ] GC(2129) Pause Young (Allocation Failure) 140M->4M(495M) 0.433ms
[32.632s][info ][gc,cpu         ] GC(2129) User=0.00s Sys=0.00s Real=0.00s
[32.642s][info ][gc,start       ] GC(2130) Pause Young (Allocation Failure)
[32.642s][info ][gc,task        ] GC(2130) Using 9 workers of 9 for evacuation
[32.642s][debug][gc,age         ] GC(2130) Desired survivor size 8945664 bytes, new threshold 6 (max threshold 6)
[32.642s][trace][gc,age         ] GC(2130) Age table with threshold 6 (max threshold 6)
[32.642s][trace][gc,age         ] GC(2130) - age   1:        192 bytes,        192 total
[32.642s][info ][gc,heap        ] GC(2130) ParNew: 139943K->6K(157376K)
[32.642s][info ][gc,heap        ] GC(2130) CMS: 3754K->3754K(349568K)
[32.642s][info ][gc,metaspace   ] GC(2130) Metaspace: 16026K(16640K)->16026K(16640K) NonClass: 14285K(14592K)->14285K(14592K) Class: 1740K(2048K)->1740K(2048K)
[32.642s][info ][gc             ] GC(2130) Pause Young (Allocation Failure) 140M->3M(495M) 0.434ms
[32.642s][info ][gc,cpu         ] GC(2130) User=0.00s Sys=0.00s Real=0.00s
[32.652s][info ][gc,start       ] GC(2131) Pause Young (Allocation Failure)
[32.652s][info ][gc,task        ] GC(2131) Using 9 workers of 9 for evacuation
[32.652s][debug][gc,age         ] GC(2131) Desired survivor size 8945664 bytes, new threshold 6 (max threshold 6)
[32.652s][trace][gc,age         ] GC(2131) Age table with threshold 6 (max threshold 6)
[32.652s][trace][gc,age         ] GC(2131) - age   1:     400208 bytes,     400208 total
[32.652s][info ][gc,heap        ] GC(2131) ParNew: 139870K->396K(157376K)
[32.652s][info ][gc,heap        ] GC(2131) CMS: 3754K->3754K(349568K)
[32.652s][info ][gc,metaspace   ] GC(2131) Metaspace: 16026K(16640K)->16026K(16640K) NonClass: 14285K(14592K)->14285K(14592K) Class: 1740K(2048K)->1740K(2048K)
[32.652s][info ][gc             ] GC(2131) Pause Young (Allocation Failure) 140M->4M(495M) 0.379ms
[32.652s][info ][gc,cpu         ] GC(2131) User=0.00s Sys=0.00s Real=0.00s
[32.661s][info ][gc,start       ] GC(2132) Pause Young (Allocation Failure)
[32.661s][info ][gc,task        ] GC(2132) Using 9 workers of 9 for evacuation
[32.662s][debug][gc,age         ] GC(2132) Desired survivor size 8945664 bytes, new threshold 6 (max threshold 6)
[32.662s][trace][gc,age         ] GC(2132) Age table with threshold 6 (max threshold 6)
[32.662s][trace][gc,age         ] GC(2132) - age   1:     400208 bytes,     400208 total
[32.662s][info ][gc,heap        ] GC(2132) ParNew: 139939K->396K(157376K)
[32.662s][info ][gc,heap        ] GC(2132) CMS: 3754K->3754K(349568K)
[32.662s][info ][gc,metaspace   ] GC(2132) Metaspace: 16026K(16640K)->16026K(16640K) NonClass: 14285K(14592K)->14285K(14592K) Class: 1740K(2048K)->1740K(2048K)
[32.662s][info ][gc             ] GC(2132) Pause Young (Allocation Failure) 140M->4M(495M) 0.416ms
[32.662s][info ][gc,cpu         ] GC(2132) User=0.00s Sys=0.00s Real=0.00s
[32.671s][info ][gc,start       ] GC(2133) Pause Young (Allocation Failure)
[32.671s][info ][gc,task        ] GC(2133) Using 9 workers of 9 for evacuation
[32.672s][debug][gc,age         ] GC(2133) Desired survivor size 8945664 bytes, new threshold 6 (max threshold 6)
[32.672s][trace][gc,age         ] GC(2133) Age table with threshold 6 (max threshold 6)
[32.672s][trace][gc,age         ] GC(2133) - age   1:        192 bytes,        192 total
[32.672s][info ][gc,heap        ] GC(2133) ParNew: 140300K->6K(157376K)
[32.672s][info ][gc,heap        ] GC(2133) CMS: 3754K->3754K(349568K)
[32.672s][info ][gc,metaspace   ] GC(2133) Metaspace: 16026K(16640K)->16026K(16640K) NonClass: 14285K(14592K)->14285K(14592K) Class: 1740K(2048K)->1740K(2048K)
[32.672s][info ][gc             ] GC(2133) Pause Young (Allocation Failure) 140M->3M(495M) 0.363ms
[32.672s][info ][gc,cpu         ] GC(2133) User=0.00s Sys=0.00s Real=0.00s
[32.681s][info ][gc,start       ] GC(2134) Pause Young (Allocation Failure)
[32.681s][info ][gc,task        ] GC(2134) Using 9 workers of 9 for evacuation
[32.682s][debug][gc,age         ] GC(2134) Desired survivor size 8945664 bytes, new threshold 6 (max threshold 6)
[32.682s][trace][gc,age         ] GC(2134) Age table with threshold 6 (max threshold 6)
[32.682s][trace][gc,age         ] GC(2134) - age   1:        192 bytes,        192 total
[32.682s][info ][gc,heap        ] GC(2134) ParNew: 139910K->6K(157376K)
[32.682s][info ][gc,heap        ] GC(2134) CMS: 3754K->3754K(349568K)
[32.682s][info ][gc,metaspace   ] GC(2134) Metaspace: 16026K(16640K)->16026K(16640K) NonClass: 14285K(14592K)->14285K(14592K) Class: 1740K(2048K)->1740K(2048K)
[32.682s][info ][gc             ] GC(2134) Pause Young (Allocation Failure) 140M->3M(495M) 0.499ms
[32.682s][info ][gc,cpu         ] GC(2134) User=0.00s Sys=0.00s Real=0.00s
[32.691s][info ][gc,start       ] GC(2135) Pause Young (Allocation Failure)
[32.691s][info ][gc,task        ] GC(2135) Using 9 workers of 9 for evacuation
[32.692s][debug][gc,age         ] GC(2135) Desired survivor size 8945664 bytes, new threshold 6 (max threshold 6)
[32.692s][trace][gc,age         ] GC(2135) Age table with threshold 6 (max threshold 6)
[32.692s][trace][gc,age         ] GC(2135) - age   1:     400208 bytes,     400208 total
[32.692s][info ][gc,heap        ] GC(2135) ParNew: 139592K->394K(157376K)
[32.692s][info ][gc,heap        ] GC(2135) CMS: 3754K->3754K(349568K)
[32.692s][info ][gc,metaspace   ] GC(2135) Metaspace: 16026K(16640K)->16026K(16640K) NonClass: 14285K(14592K)->14285K(14592K) Class: 1740K(2048K)->1740K(2048K)
[32.692s][info ][gc             ] GC(2135) Pause Young (Allocation Failure) 139M->4M(495M) 0.442ms
[32.692s][info ][gc,cpu         ] GC(2135) User=0.01s Sys=0.00s Real=0.00s
[32.701s][info ][gc,start       ] GC(2136) Pause Young (Allocation Failure)
[32.701s][info ][gc,task        ] GC(2136) Using 9 workers of 9 for evacuation
[32.701s][debug][gc,age         ] GC(2136) Desired survivor size 8945664 bytes, new threshold 6 (max threshold 6)
[32.702s][trace][gc,age         ] GC(2136) Age table with threshold 6 (max threshold 6)
[32.702s][trace][gc,age         ] GC(2136) - age   1:        192 bytes,        192 total
[32.702s][info ][gc,heap        ] GC(2136) ParNew: 140204K->4K(157376K)
[32.702s][info ][gc,heap        ] GC(2136) CMS: 3754K->3754K(349568K)
[32.702s][info ][gc,metaspace   ] GC(2136) Metaspace: 16026K(16640K)->16026K(16640K) NonClass: 14285K(14592K)->14285K(14592K) Class: 1740K(2048K)->1740K(2048K)
[32.702s][info ][gc             ] GC(2136) Pause Young (Allocation Failure) 140M->3M(495M) 0.422ms
[32.702s][info ][gc,cpu         ] GC(2136) User=0.01s Sys=0.00s Real=0.00s
[32.711s][info ][gc,start       ] GC(2137) Pause Young (Allocation Failure)
[32.711s][info ][gc,task        ] GC(2137) Using 9 workers of 9 for evacuation
[32.711s][debug][gc,age         ] GC(2137) Desired survivor size 8945664 bytes, new threshold 6 (max threshold 6)
[32.711s][trace][gc,age         ] GC(2137) Age table with threshold 6 (max threshold 6)
[32.711s][trace][gc,age         ] GC(2137) - age   1:        192 bytes,        192 total
[32.711s][info ][gc,heap        ] GC(2137) ParNew: 139828K->6K(157376K)
[32.711s][info ][gc,heap        ] GC(2137) CMS: 3754K->3754K(349568K)
[32.711s][info ][gc,metaspace   ] GC(2137) Metaspace: 16026K(16640K)->16026K(16640K) NonClass: 14285K(14592K)->14285K(14592K) Class: 1740K(2048K)->1740K(2048K)
[32.711s][info ][gc             ] GC(2137) Pause Young (Allocation Failure) 140M->3M(495M) 0.448ms
[32.711s][info ][gc,cpu         ] GC(2137) User=0.00s Sys=0.00s Real=0.00s
[32.721s][info ][gc,start       ] GC(2138) Pause Young (Allocation Failure)
[32.721s][info ][gc,task        ] GC(2138) Using 9 workers of 9 for evacuation
[32.721s][debug][gc,age         ] GC(2138) Desired survivor size 8945664 bytes, new threshold 6 (max threshold 6)
[32.721s][trace][gc,age         ] GC(2138) Age table with threshold 6 (max threshold 6)
[32.721s][trace][gc,age         ] GC(2138) - age   1:        192 bytes,        192 total
[32.721s][info ][gc,heap        ] GC(2138) ParNew: 139790K->8K(157376K)
[32.721s][info ][gc,heap        ] GC(2138) CMS: 3754K->3754K(349568K)
[32.721s][info ][gc,metaspace   ] GC(2138) Metaspace: 16026K(16640K)->16026K(16640K) NonClass: 14285K(14592K)->14285K(14592K) Class: 1740K(2048K)->1740K(2048K)
[32.721s][info ][gc             ] GC(2138) Pause Young (Allocation Failure) 140M->3M(495M) 0.456ms
[32.721s][info ][gc,cpu         ] GC(2138) User=0.00s Sys=0.00s Real=0.00s
[32.731s][info ][gc,start       ] GC(2139) Pause Young (Allocation Failure)
[32.731s][info ][gc,task        ] GC(2139) Using 9 workers of 9 for evacuation
[32.731s][debug][gc,age         ] GC(2139) Desired survivor size 8945664 bytes, new threshold 6 (max threshold 6)
[32.731s][trace][gc,age         ] GC(2139) Age table with threshold 6 (max threshold 6)
[32.731s][trace][gc,age         ] GC(2139) - age   1:        192 bytes,        192 total
[32.731s][info ][gc,heap        ] GC(2139) ParNew: 139733K->6K(157376K)
[32.731s][info ][gc,heap        ] GC(2139) CMS: 3754K->3754K(349568K)
[32.731s][info ][gc,metaspace   ] GC(2139) Metaspace: 16026K(16640K)->16026K(16640K) NonClass: 14285K(14592K)->14285K(14592K) Class: 1740K(2048K)->1740K(2048K)
[32.731s][info ][gc             ] GC(2139) Pause Young (Allocation Failure) 140M->3M(495M) 0.443ms
[32.731s][info ][gc,cpu         ] GC(2139) User=0.00s Sys=0.00s Real=0.00s
[32.741s][info ][gc,start       ] GC(2140) Pause Young (Allocation Failure)
[32.741s][info ][gc,task        ] GC(2140) Using 9 workers of 9 for evacuation
[32.741s][debug][gc,age         ] GC(2140) Desired survivor size 8945664 bytes, new threshold 6 (max threshold 6)
[32.741s][trace][gc,age         ] GC(2140) Age table with threshold 6 (max threshold 6)
[32.741s][trace][gc,age         ] GC(2140) - age   1:        192 bytes,        192 total
[32.741s][info ][gc,heap        ] GC(2140) ParNew: 139646K->6K(157376K)
[32.741s][info ][gc,heap        ] GC(2140) CMS: 3754K->3754K(349568K)
[32.741s][info ][gc,metaspace   ] GC(2140) Metaspace: 16026K(16640K)->16026K(16640K) NonClass: 14285K(14592K)->14285K(14592K) Class: 1740K(2048K)->1740K(2048K)
[32.741s][info ][gc             ] GC(2140) Pause Young (Allocation Failure) 140M->3M(495M) 0.354ms
[32.741s][info ][gc,cpu         ] GC(2140) User=0.00s Sys=0.00s Real=0.00s
[32.751s][info ][gc,start       ] GC(2141) Pause Young (Allocation Failure)
[32.751s][info ][gc,task        ] GC(2141) Using 9 workers of 9 for evacuation
[32.751s][debug][gc,age         ] GC(2141) Desired survivor size 8945664 bytes, new threshold 6 (max threshold 6)
[32.751s][trace][gc,age         ] GC(2141) Age table with threshold 6 (max threshold 6)
[32.751s][trace][gc,age         ] GC(2141) - age   1:        192 bytes,        192 total
[32.751s][info ][gc,heap        ] GC(2141) ParNew: 139654K->6K(157376K)
[32.751s][info ][gc,heap        ] GC(2141) CMS: 3754K->3754K(349568K)
[32.751s][info ][gc,metaspace   ] GC(2141) Metaspace: 16026K(16640K)->16026K(16640K) NonClass: 14285K(14592K)->14285K(14592K) Class: 1740K(2048K)->1740K(2048K)
[32.751s][info ][gc             ] GC(2141) Pause Young (Allocation Failure) 140M->3M(495M) 0.460ms
[32.751s][info ][gc,cpu         ] GC(2141) User=0.00s Sys=0.00s Real=0.00s
[32.761s][info ][gc,start       ] GC(2142) Pause Young (Allocation Failure)
[32.761s][info ][gc,task        ] GC(2142) Using 9 workers of 9 for evacuation
[32.761s][debug][gc,age         ] GC(2142) Desired survivor size 8945664 bytes, new threshold 6 (max threshold 6)
[32.761s][trace][gc,age         ] GC(2142) Age table with threshold 6 (max threshold 6)
[32.761s][trace][gc,age         ] GC(2142) - age   1:     400208 bytes,     400208 total
[32.761s][info ][gc,heap        ] GC(2142) ParNew: 139547K->394K(157376K)
[32.761s][info ][gc,heap        ] GC(2142) CMS: 3754K->3754K(349568K)
[32.761s][info ][gc,metaspace   ] GC(2142) Metaspace: 16026K(16640K)->16026K(16640K) NonClass: 14285K(14592K)->14285K(14592K) Class: 1740K(2048K)->1740K(2048K)
[32.761s][info ][gc             ] GC(2142) Pause Young (Allocation Failure) 139M->4M(495M) 0.449ms
[32.761s][info ][gc,cpu         ] GC(2142) User=0.00s Sys=0.00s Real=0.00s
[32.771s][info ][gc,start       ] GC(2143) Pause Young (Allocation Failure)
[32.771s][info ][gc,task        ] GC(2143) Using 9 workers of 9 for evacuation
[32.771s][debug][gc,age         ] GC(2143) Desired survivor size 8945664 bytes, new threshold 6 (max threshold 6)
[32.771s][trace][gc,age         ] GC(2143) Age table with threshold 6 (max threshold 6)
[32.771s][trace][gc,age         ] GC(2143) - age   1:        192 bytes,        192 total
[32.771s][info ][gc,heap        ] GC(2143) ParNew: 140172K->6K(157376K)
[32.771s][info ][gc,heap        ] GC(2143) CMS: 3754K->3754K(349568K)
[32.771s][info ][gc,metaspace   ] GC(2143) Metaspace: 16026K(16640K)->16026K(16640K) NonClass: 14285K(14592K)->14285K(14592K) Class: 1740K(2048K)->1740K(2048K)
[32.771s][info ][gc             ] GC(2143) Pause Young (Allocation Failure) 140M->3M(495M) 0.395ms
[32.771s][info ][gc,cpu         ] GC(2143) User=0.01s Sys=0.00s Real=0.00s
[32.781s][info ][gc,start       ] GC(2144) Pause Young (Allocation Failure)
[32.781s][info ][gc,task        ] GC(2144) Using 9 workers of 9 for evacuation
[32.781s][debug][gc,age         ] GC(2144) Desired survivor size 8945664 bytes, new threshold 6 (max threshold 6)
[32.781s][trace][gc,age         ] GC(2144) Age table with threshold 6 (max threshold 6)
[32.781s][trace][gc,age         ] GC(2144) - age   1:     400208 bytes,     400208 total
[32.781s][info ][gc,heap        ] GC(2144) ParNew: 139827K->398K(157376K)
[32.781s][info ][gc,heap        ] GC(2144) CMS: 3754K->3754K(349568K)
[32.781s][info ][gc,metaspace   ] GC(2144) Metaspace: 16026K(16640K)->16026K(16640K) NonClass: 14285K(14592K)->14285K(14592K) Class: 1740K(2048K)->1740K(2048K)
[32.781s][info ][gc             ] GC(2144) Pause Young (Allocation Failure) 140M->4M(495M) 0.471ms
[32.781s][info ][gc,cpu         ] GC(2144) User=0.01s Sys=0.00s Real=0.00s
[32.791s][info ][gc,start       ] GC(2145) Pause Young (Allocation Failure)
[32.791s][info ][gc,task        ] GC(2145) Using 9 workers of 9 for evacuation
[32.791s][debug][gc,age         ] GC(2145) Desired survivor size 8945664 bytes, new threshold 6 (max threshold 6)
[32.791s][trace][gc,age         ] GC(2145) Age table with threshold 6 (max threshold 6)
[32.791s][trace][gc,age         ] GC(2145) - age   1:     400208 bytes,     400208 total
[32.791s][info ][gc,heap        ] GC(2145) ParNew: 140012K->398K(157376K)
[32.791s][info ][gc,heap        ] GC(2145) CMS: 3754K->3754K(349568K)
[32.791s][info ][gc,metaspace   ] GC(2145) Metaspace: 16026K(16640K)->16026K(16640K) NonClass: 14285K(14592K)->14285K(14592K) Class: 1740K(2048K)->1740K(2048K)
[32.791s][info ][gc             ] GC(2145) Pause Young (Allocation Failure) 140M->4M(495M) 0.417ms
[32.791s][info ][gc,cpu         ] GC(2145) User=0.00s Sys=0.00s Real=0.00s
[32.800s][info ][gc,start       ] GC(2146) Pause Young (Allocation Failure)
[32.801s][info ][gc,task        ] GC(2146) Using 9 workers of 9 for evacuation
[32.801s][debug][gc,age         ] GC(2146) Desired survivor size 8945664 bytes, new threshold 6 (max threshold 6)
[32.801s][trace][gc,age         ] GC(2146) Age table with threshold 6 (max threshold 6)
[32.801s][trace][gc,age         ] GC(2146) - age   1:     400208 bytes,     400208 total
[32.801s][info ][gc,heap        ] GC(2146) ParNew: 140109K->398K(157376K)
[32.801s][info ][gc,heap        ] GC(2146) CMS: 3754K->3754K(349568K)
[32.801s][info ][gc,metaspace   ] GC(2146) Metaspace: 16026K(16640K)->16026K(16640K) NonClass: 14285K(14592K)->14285K(14592K) Class: 1740K(2048K)->1740K(2048K)
[32.801s][info ][gc             ] GC(2146) Pause Young (Allocation Failure) 140M->4M(495M) 0.455ms
[32.801s][info ][gc,cpu         ] GC(2146) User=0.00s Sys=0.00s Real=0.00s
[32.810s][info ][gc,start       ] GC(2147) Pause Young (Allocation Failure)
[32.810s][info ][gc,task        ] GC(2147) Using 9 workers of 9 for evacuation
[32.811s][debug][gc,age         ] GC(2147) Desired survivor size 8945664 bytes, new threshold 6 (max threshold 6)
[32.811s][trace][gc,age         ] GC(2147) Age table with threshold 6 (max threshold 6)
[32.811s][trace][gc,age         ] GC(2147) - age   1:     400208 bytes,     400208 total
[32.811s][info ][gc,heap        ] GC(2147) ParNew: 140102K->396K(157376K)
[32.811s][info ][gc,heap        ] GC(2147) CMS: 3754K->3754K(349568K)
[32.811s][info ][gc,metaspace   ] GC(2147) Metaspace: 16026K(16640K)->16026K(16640K) NonClass: 14285K(14592K)->14285K(14592K) Class: 1740K(2048K)->1740K(2048K)
[32.811s][info ][gc             ] GC(2147) Pause Young (Allocation Failure) 140M->4M(495M) 0.518ms
[32.811s][info ][gc,cpu         ] GC(2147) User=0.00s Sys=0.00s Real=0.00s
[32.820s][info ][gc,start       ] GC(2148) Pause Young (Allocation Failure)
[32.820s][info ][gc,task        ] GC(2148) Using 9 workers of 9 for evacuation
[32.821s][debug][gc,age         ] GC(2148) Desired survivor size 8945664 bytes, new threshold 6 (max threshold 6)
[32.821s][trace][gc,age         ] GC(2148) Age table with threshold 6 (max threshold 6)
[32.821s][trace][gc,age         ] GC(2148) - age   1:        192 bytes,        192 total
[32.821s][info ][gc,heap        ] GC(2148) ParNew: 139910K->6K(157376K)
[32.821s][info ][gc,heap        ] GC(2148) CMS: 3754K->3754K(349568K)
[32.821s][info ][gc,metaspace   ] GC(2148) Metaspace: 16026K(16640K)->16026K(16640K) NonClass: 14285K(14592K)->14285K(14592K) Class: 1740K(2048K)->1740K(2048K)
[32.821s][info ][gc             ] GC(2148) Pause Young (Allocation Failure) 140M->3M(495M) 0.555ms
[32.821s][info ][gc,cpu         ] GC(2148) User=0.00s Sys=0.00s Real=0.00s
[32.830s][info ][gc,start       ] GC(2149) Pause Young (Allocation Failure)
[32.830s][info ][gc,task        ] GC(2149) Using 9 workers of 9 for evacuation
[32.831s][debug][gc,age         ] GC(2149) Desired survivor size 8945664 bytes, new threshold 6 (max threshold 6)
[32.831s][trace][gc,age         ] GC(2149) Age table with threshold 6 (max threshold 6)
[32.831s][trace][gc,age         ] GC(2149) - age   1:        192 bytes,        192 total
[32.831s][info ][gc,heap        ] GC(2149) ParNew: 139578K->6K(157376K)
[32.831s][info ][gc,heap        ] GC(2149) CMS: 3754K->3754K(349568K)
[32.831s][info ][gc,metaspace   ] GC(2149) Metaspace: 16026K(16640K)->16026K(16640K) NonClass: 14285K(14592K)->14285K(14592K) Class: 1740K(2048K)->1740K(2048K)
[32.831s][info ][gc             ] GC(2149) Pause Young (Allocation Failure) 139M->3M(495M) 0.423ms
[32.831s][info ][gc,cpu         ] GC(2149) User=0.00s Sys=0.00s Real=0.00s
[32.840s][info ][gc,start       ] GC(2150) Pause Young (Allocation Failure)
[32.840s][info ][gc,task        ] GC(2150) Using 9 workers of 9 for evacuation
[32.841s][debug][gc,age         ] GC(2150) Desired survivor size 8945664 bytes, new threshold 6 (max threshold 6)
[32.841s][trace][gc,age         ] GC(2150) Age table with threshold 6 (max threshold 6)
[32.841s][trace][gc,age         ] GC(2150) - age   1:        192 bytes,        192 total
[32.841s][info ][gc,heap        ] GC(2150) ParNew: 139860K->6K(157376K)
[32.841s][info ][gc,heap        ] GC(2150) CMS: 3754K->3754K(349568K)
[32.841s][info ][gc,metaspace   ] GC(2150) Metaspace: 16026K(16640K)->16026K(16640K) NonClass: 14285K(14592K)->14285K(14592K) Class: 1740K(2048K)->1740K(2048K)
[32.841s][info ][gc             ] GC(2150) Pause Young (Allocation Failure) 140M->3M(495M) 0.402ms
[32.841s][info ][gc,cpu         ] GC(2150) User=0.00s Sys=0.00s Real=0.00s
[32.850s][info ][gc,start       ] GC(2151) Pause Young (Allocation Failure)
[32.850s][info ][gc,task        ] GC(2151) Using 9 workers of 9 for evacuation
[32.851s][debug][gc,age         ] GC(2151) Desired survivor size 8945664 bytes, new threshold 6 (max threshold 6)
[32.851s][trace][gc,age         ] GC(2151) Age table with threshold 6 (max threshold 6)
[32.851s][trace][gc,age         ] GC(2151) - age   1:     400208 bytes,     400208 total
[32.851s][info ][gc,heap        ] GC(2151) ParNew: 139728K->396K(157376K)
[32.851s][info ][gc,heap        ] GC(2151) CMS: 3754K->3754K(349568K)
[32.851s][info ][gc,metaspace   ] GC(2151) Metaspace: 16026K(16640K)->16026K(16640K) NonClass: 14285K(14592K)->14285K(14592K) Class: 1740K(2048K)->1740K(2048K)
[32.851s][info ][gc             ] GC(2151) Pause Young (Allocation Failure) 140M->4M(495M) 0.313ms
[32.851s][info ][gc,cpu         ] GC(2151) User=0.00s Sys=0.00s Real=0.00s
[32.860s][info ][gc,start       ] GC(2152) Pause Young (Allocation Failure)
[32.860s][info ][gc,task        ] GC(2152) Using 9 workers of 9 for evacuation
[32.860s][debug][gc,age         ] GC(2152) Desired survivor size 8945664 bytes, new threshold 6 (max threshold 6)
[32.861s][trace][gc,age         ] GC(2152) Age table with threshold 6 (max threshold 6)
[32.861s][trace][gc,age         ] GC(2152) - age   1:        192 bytes,        192 total
[32.861s][info ][gc,heap        ] GC(2152) ParNew: 140269K->6K(157376K)
[32.861s][info ][gc,heap        ] GC(2152) CMS: 3754K->3754K(349568K)
[32.861s][info ][gc,metaspace   ] GC(2152) Metaspace: 16026K(16640K)->16026K(16640K) NonClass: 14285K(14592K)->14285K(14592K) Class: 1740K(2048K)->1740K(2048K)
[32.861s][info ][gc             ] GC(2152) Pause Young (Allocation Failure) 140M->3M(495M) 0.448ms
[32.861s][info ][gc,cpu         ] GC(2152) User=0.01s Sys=0.00s Real=0.00s
[32.870s][info ][gc,start       ] GC(2153) Pause Young (Allocation Failure)
[32.870s][info ][gc,task        ] GC(2153) Using 9 workers of 9 for evacuation
[32.870s][debug][gc,age         ] GC(2153) Desired survivor size 8945664 bytes, new threshold 6 (max threshold 6)
[32.870s][trace][gc,age         ] GC(2153) Age table with threshold 6 (max threshold 6)
[32.871s][trace][gc,age         ] GC(2153) - age   1:     400208 bytes,     400208 total
[32.871s][info ][gc,heap        ] GC(2153) ParNew: 139881K->396K(157376K)
[32.871s][info ][gc,heap        ] GC(2153) CMS: 3754K->3754K(349568K)
[32.871s][info ][gc,metaspace   ] GC(2153) Metaspace: 16026K(16640K)->16026K(16640K) NonClass: 14285K(14592K)->14285K(14592K) Class: 1740K(2048K)->1740K(2048K)
[32.871s][info ][gc             ] GC(2153) Pause Young (Allocation Failure) 140M->4M(495M) 0.439ms
[32.871s][info ][gc,cpu         ] GC(2153) User=0.01s Sys=0.01s Real=0.00s
[32.880s][info ][gc,start       ] GC(2154) Pause Young (Allocation Failure)
[32.880s][info ][gc,task        ] GC(2154) Using 9 workers of 9 for evacuation
[32.880s][debug][gc,age         ] GC(2154) Desired survivor size 8945664 bytes, new threshold 6 (max threshold 6)
[32.880s][trace][gc,age         ] GC(2154) Age table with threshold 6 (max threshold 6)
[32.880s][trace][gc,age         ] GC(2154) - age   1:        192 bytes,        192 total
[32.880s][info ][gc,heap        ] GC(2154) ParNew: 140251K->6K(157376K)
[32.880s][info ][gc,heap        ] GC(2154) CMS: 3754K->3754K(349568K)
[32.880s][info ][gc,metaspace   ] GC(2154) Metaspace: 16026K(16640K)->16026K(16640K) NonClass: 14285K(14592K)->14285K(14592K) Class: 1740K(2048K)->1740K(2048K)
[32.880s][info ][gc             ] GC(2154) Pause Young (Allocation Failure) 140M->3M(495M) 0.349ms
[32.880s][info ][gc,cpu         ] GC(2154) User=0.00s Sys=0.00s Real=0.00s
[32.890s][info ][gc,start       ] GC(2155) Pause Young (Allocation Failure)
[32.890s][info ][gc,task        ] GC(2155) Using 9 workers of 9 for evacuation
[32.890s][debug][gc,age         ] GC(2155) Desired survivor size 8945664 bytes, new threshold 6 (max threshold 6)
[32.890s][trace][gc,age         ] GC(2155) Age table with threshold 6 (max threshold 6)
[32.890s][trace][gc,age         ] GC(2155) - age   1:     400208 bytes,     400208 total
[32.890s][info ][gc,heap        ] GC(2155) ParNew: 139520K->398K(157376K)
[32.890s][info ][gc,heap        ] GC(2155) CMS: 3754K->3754K(349568K)
[32.890s][info ][gc,metaspace   ] GC(2155) Metaspace: 16026K(16640K)->16026K(16640K) NonClass: 14285K(14592K)->14285K(14592K) Class: 1740K(2048K)->1740K(2048K)
[32.890s][info ][gc             ] GC(2155) Pause Young (Allocation Failure) 139M->4M(495M) 0.452ms
[32.890s][info ][gc,cpu         ] GC(2155) User=0.00s Sys=0.00s Real=0.00s
[32.900s][info ][gc,start       ] GC(2156) Pause Young (Allocation Failure)
[32.900s][info ][gc,task        ] GC(2156) Using 9 workers of 9 for evacuation
[32.900s][debug][gc,age         ] GC(2156) Desired survivor size 8945664 bytes, new threshold 6 (max threshold 6)
[32.900s][trace][gc,age         ] GC(2156) Age table with threshold 6 (max threshold 6)
[32.900s][trace][gc,age         ] GC(2156) - age   1:        192 bytes,        192 total
[32.900s][info ][gc,heap        ] GC(2156) ParNew: 140002K->6K(157376K)
[32.900s][info ][gc,heap        ] GC(2156) CMS: 3754K->3754K(349568K)
[32.900s][info ][gc,metaspace   ] GC(2156) Metaspace: 16026K(16640K)->16026K(16640K) NonClass: 14285K(14592K)->14285K(14592K) Class: 1740K(2048K)->1740K(2048K)
[32.900s][info ][gc             ] GC(2156) Pause Young (Allocation Failure) 140M->3M(495M) 0.441ms
[32.900s][info ][gc,cpu         ] GC(2156) User=0.00s Sys=0.00s Real=0.00s
[32.910s][info ][gc,start       ] GC(2157) Pause Young (Allocation Failure)
[32.910s][info ][gc,task        ] GC(2157) Using 9 workers of 9 for evacuation
[32.910s][debug][gc,age         ] GC(2157) Desired survivor size 8945664 bytes, new threshold 6 (max threshold 6)
[32.910s][trace][gc,age         ] GC(2157) Age table with threshold 6 (max threshold 6)
[32.910s][trace][gc,age         ] GC(2157) - age   1:        192 bytes,        192 total
[32.910s][info ][gc,heap        ] GC(2157) ParNew: 139894K->4K(157376K)
[32.910s][info ][gc,heap        ] GC(2157) CMS: 3754K->3754K(349568K)
[32.910s][info ][gc,metaspace   ] GC(2157) Metaspace: 16026K(16640K)->16026K(16640K) NonClass: 14285K(14592K)->14285K(14592K) Class: 1740K(2048K)->1740K(2048K)
[32.910s][info ][gc             ] GC(2157) Pause Young (Allocation Failure) 140M->3M(495M) 0.510ms
[32.910s][info ][gc,cpu         ] GC(2157) User=0.00s Sys=0.00s Real=0.00s
[32.920s][info ][gc,start       ] GC(2158) Pause Young (Allocation Failure)
[32.920s][info ][gc,task        ] GC(2158) Using 9 workers of 9 for evacuation
[32.931s][debug][gc,age         ] GC(2158) Desired survivor size 8945664 bytes, new threshold 6 (max threshold 6)
[32.931s][trace][gc,age         ] GC(2158) Age table with threshold 6 (max threshold 6)
[32.931s][trace][gc,age         ] GC(2158) - age   1:     400208 bytes,     400208 total
[32.931s][info ][gc,heap        ] GC(2158) ParNew: 139801K->396K(157376K)
[32.931s][info ][gc,heap        ] GC(2158) CMS: 3754K->3754K(349568K)
[32.931s][info ][gc,metaspace   ] GC(2158) Metaspace: 16026K(16640K)->16026K(16640K) NonClass: 14285K(14592K)->14285K(14592K) Class: 1740K(2048K)->1740K(2048K)
[32.931s][info ][gc             ] GC(2158) Pause Young (Allocation Failure) 140M->4M(495M) 10.981ms
[32.931s][info ][gc,cpu         ] GC(2158) User=0.01s Sys=0.00s Real=0.01s
[32.941s][info ][gc,start       ] GC(2159) Pause Young (Allocation Failure)
[32.941s][info ][gc,task        ] GC(2159) Using 9 workers of 9 for evacuation
[32.941s][debug][gc,age         ] GC(2159) Desired survivor size 8945664 bytes, new threshold 6 (max threshold 6)
[32.941s][trace][gc,age         ] GC(2159) Age table with threshold 6 (max threshold 6)
[32.941s][trace][gc,age         ] GC(2159) - age   1:        192 bytes,        192 total
[32.941s][info ][gc,heap        ] GC(2159) ParNew: 140031K->4K(157376K)
[32.941s][info ][gc,heap        ] GC(2159) CMS: 3754K->3754K(349568K)
[32.941s][info ][gc,metaspace   ] GC(2159) Metaspace: 16026K(16640K)->16026K(16640K) NonClass: 14285K(14592K)->14285K(14592K) Class: 1740K(2048K)->1740K(2048K)
[32.941s][info ][gc             ] GC(2159) Pause Young (Allocation Failure) 140M->3M(495M) 0.643ms
[32.941s][info ][gc,cpu         ] GC(2159) User=0.01s Sys=0.00s Real=0.00s
[32.951s][info ][gc,start       ] GC(2160) Pause Young (Allocation Failure)
[32.951s][info ][gc,task        ] GC(2160) Using 9 workers of 9 for evacuation
[32.951s][debug][gc,age         ] GC(2160) Desired survivor size 8945664 bytes, new threshold 6 (max threshold 6)
[32.951s][trace][gc,age         ] GC(2160) Age table with threshold 6 (max threshold 6)
[32.951s][trace][gc,age         ] GC(2160) - age   1:        192 bytes,        192 total
[32.951s][info ][gc,heap        ] GC(2160) ParNew: 139908K->4K(157376K)
[32.951s][info ][gc,heap        ] GC(2160) CMS: 3754K->3754K(349568K)
[32.951s][info ][gc,metaspace   ] GC(2160) Metaspace: 16026K(16640K)->16026K(16640K) NonClass: 14285K(14592K)->14285K(14592K) Class: 1740K(2048K)->1740K(2048K)
[32.951s][info ][gc             ] GC(2160) Pause Young (Allocation Failure) 140M->3M(495M) 0.421ms
[32.951s][info ][gc,cpu         ] GC(2160) User=0.00s Sys=0.00s Real=0.00s
[32.961s][info ][gc,start       ] GC(2161) Pause Young (Allocation Failure)
[32.961s][info ][gc,task        ] GC(2161) Using 9 workers of 9 for evacuation
[32.966s][debug][gc,age         ] GC(2161) Desired survivor size 8945664 bytes, new threshold 6 (max threshold 6)
[32.966s][trace][gc,age         ] GC(2161) Age table with threshold 6 (max threshold 6)
[32.966s][trace][gc,age         ] GC(2161) - age   1:        192 bytes,        192 total
[32.966s][info ][gc,heap        ] GC(2161) ParNew: 139538K->6K(157376K)
[32.966s][info ][gc,heap        ] GC(2161) CMS: 3754K->3754K(349568K)
[32.966s][info ][gc,metaspace   ] GC(2161) Metaspace: 16026K(16640K)->16026K(16640K) NonClass: 14285K(14592K)->14285K(14592K) Class: 1740K(2048K)->1740K(2048K)
[32.966s][info ][gc             ] GC(2161) Pause Young (Allocation Failure) 139M->3M(495M) 4.860ms
[32.966s][info ][gc,cpu         ] GC(2161) User=0.00s Sys=0.00s Real=0.00s
[32.976s][info ][gc,start       ] GC(2162) Pause Young (Allocation Failure)
[32.976s][info ][gc,task        ] GC(2162) Using 9 workers of 9 for evacuation
[32.978s][debug][gc,age         ] GC(2162) Desired survivor size 8945664 bytes, new threshold 6 (max threshold 6)
[32.978s][trace][gc,age         ] GC(2162) Age table with threshold 6 (max threshold 6)
[32.978s][trace][gc,age         ] GC(2162) - age   1:        192 bytes,        192 total
[32.978s][info ][gc,heap        ] GC(2162) ParNew: 139663K->6K(157376K)
[32.978s][info ][gc,heap        ] GC(2162) CMS: 3754K->3754K(349568K)
[32.978s][info ][gc,metaspace   ] GC(2162) Metaspace: 16026K(16640K)->16026K(16640K) NonClass: 14285K(14592K)->14285K(14592K) Class: 1740K(2048K)->1740K(2048K)
[32.978s][info ][gc             ] GC(2162) Pause Young (Allocation Failure) 140M->3M(495M) 1.697ms
[32.978s][info ][gc,cpu         ] GC(2162) User=0.00s Sys=0.00s Real=0.00s
[32.988s][info ][gc,start       ] GC(2163) Pause Young (Allocation Failure)
[32.988s][info ][gc,task        ] GC(2163) Using 9 workers of 9 for evacuation
[32.988s][debug][gc,age         ] GC(2163) Desired survivor size 8945664 bytes, new threshold 6 (max threshold 6)
[32.988s][trace][gc,age         ] GC(2163) Age table with threshold 6 (max threshold 6)
[32.988s][trace][gc,age         ] GC(2163) - age   1:     400208 bytes,     400208 total
[32.988s][info ][gc,heap        ] GC(2163) ParNew: 139690K->396K(157376K)
[32.988s][info ][gc,heap        ] GC(2163) CMS: 3754K->3754K(349568K)
[32.988s][info ][gc,metaspace   ] GC(2163) Metaspace: 16026K(16640K)->16026K(16640K) NonClass: 14285K(14592K)->14285K(14592K) Class: 1740K(2048K)->1740K(2048K)
[32.988s][info ][gc             ] GC(2163) Pause Young (Allocation Failure) 140M->4M(495M) 0.457ms
[32.988s][info ][gc,cpu         ] GC(2163) User=0.00s Sys=0.00s Real=0.00s
[32.998s][info ][gc,start       ] GC(2164) Pause Young (Allocation Failure)
[32.998s][info ][gc,task        ] GC(2164) Using 9 workers of 9 for evacuation
[32.999s][debug][gc,age         ] GC(2164) Desired survivor size 8945664 bytes, new threshold 6 (max threshold 6)
[32.999s][trace][gc,age         ] GC(2164) Age table with threshold 6 (max threshold 6)
[32.999s][trace][gc,age         ] GC(2164) - age   1:     400208 bytes,     400208 total
[32.999s][info ][gc,heap        ] GC(2164) ParNew: 140150K->396K(157376K)
[32.999s][info ][gc,heap        ] GC(2164) CMS: 3754K->3754K(349568K)
[32.999s][info ][gc,metaspace   ] GC(2164) Metaspace: 16026K(16640K)->16026K(16640K) NonClass: 14285K(14592K)->14285K(14592K) Class: 1740K(2048K)->1740K(2048K)
[32.999s][info ][gc             ] GC(2164) Pause Young (Allocation Failure) 140M->4M(495M) 0.416ms
[32.999s][info ][gc,cpu         ] GC(2164) User=0.00s Sys=0.00s Real=0.01s
[33.009s][info ][gc,start       ] GC(2165) Pause Young (Allocation Failure)
[33.009s][info ][gc,task        ] GC(2165) Using 9 workers of 9 for evacuation
[33.009s][debug][gc,age         ] GC(2165) Desired survivor size 8945664 bytes, new threshold 6 (max threshold 6)
[33.009s][trace][gc,age         ] GC(2165) Age table with threshold 6 (max threshold 6)
[33.009s][trace][gc,age         ] GC(2165) - age   1:        192 bytes,        192 total
[33.009s][info ][gc,heap        ] GC(2165) ParNew: 140178K->8K(157376K)
[33.009s][info ][gc,heap        ] GC(2165) CMS: 3754K->3754K(349568K)
[33.009s][info ][gc,metaspace   ] GC(2165) Metaspace: 16026K(16640K)->16026K(16640K) NonClass: 14285K(14592K)->14285K(14592K) Class: 1740K(2048K)->1740K(2048K)
[33.009s][info ][gc             ] GC(2165) Pause Young (Allocation Failure) 140M->3M(495M) 0.423ms
[33.009s][info ][gc,cpu         ] GC(2165) User=0.01s Sys=0.00s Real=0.00s
[33.019s][info ][gc,start       ] GC(2166) Pause Young (Allocation Failure)
[33.019s][info ][gc,task        ] GC(2166) Using 9 workers of 9 for evacuation
[33.020s][debug][gc,age         ] GC(2166) Desired survivor size 8945664 bytes, new threshold 6 (max threshold 6)
[33.020s][trace][gc,age         ] GC(2166) Age table with threshold 6 (max threshold 6)
[33.020s][trace][gc,age         ] GC(2166) - age   1:     400208 bytes,     400208 total
[33.020s][info ][gc,heap        ] GC(2166) ParNew: 139657K->394K(157376K)
[33.020s][info ][gc,heap        ] GC(2166) CMS: 3754K->3754K(349568K)
[33.020s][info ][gc,metaspace   ] GC(2166) Metaspace: 16026K(16640K)->16026K(16640K) NonClass: 14285K(14592K)->14285K(14592K) Class: 1740K(2048K)->1740K(2048K)
[33.020s][info ][gc             ] GC(2166) Pause Young (Allocation Failure) 140M->4M(495M) 0.440ms
[33.020s][info ][gc,cpu         ] GC(2166) User=0.00s Sys=0.00s Real=0.00s
[33.030s][info ][gc,start       ] GC(2167) Pause Young (Allocation Failure)
[33.030s][info ][gc,task        ] GC(2167) Using 9 workers of 9 for evacuation
[33.030s][debug][gc,age         ] GC(2167) Desired survivor size 8945664 bytes, new threshold 6 (max threshold 6)
