[0.011s][info][gc,init] CardTable entry size: 512
[0.011s][info][gc     ] Using G1
[0.012s][info][gc,init] Version: 24.0.1+9-30 (release)
[0.012s][info][gc,init] CPUs: 10 total, 10 available
[0.012s][info][gc,init] Memory: 32768M
[0.012s][info][gc,init] Large Page Support: Disabled
[0.012s][info][gc,init] NUMA Support: Disabled
[0.012s][info][gc,init] Compressed Oops: Enabled (Zero based)
[0.012s][info][gc,init] Heap Region Size: 1M
[0.012s][info][gc,init] Heap Min Capacity: 8M
[0.012s][info][gc,init] Heap Initial Capacity: 512M
[0.012s][info][gc,init] Heap Max Capacity: 1G
[0.012s][info][gc,init] Pre-touch: Disabled
[0.012s][info][gc,init] Parallel Workers: 9
[0.012s][info][gc,init] Concurrent Workers: 2
[0.012s][info][gc,init] Concurrent Refinement Workers: 9
[0.012s][info][gc,init] Periodic GC: Disabled
[0.033s][info][gc,metaspace] CDS archive(s) mapped at: [0x0000000600000000-0x0000000600d20000-0x0000000600d20000), size 13762560, SharedBaseAddress: 0x0000000600000000, ArchiveRelocationMode: 1.
[0.033s][info][gc,metaspace] Compressed class space mapped at: 0x0000000601000000-0x0000000641000000, reserved size: 1073741824
[0.033s][info][gc,metaspace] UseCompressedClassPointers 1, UseCompactObjectHeaders 0
[0.033s][info][gc,metaspace] Narrow klass pointer bits 32, Max shift 3
[0.033s][info][gc,metaspace] Narrow klass base: 0x0000000600000000, Narrow klass shift: 0
[0.033s][info][gc,metaspace] Encoding Range: [0x0000000600000000 - 0x0000000700000000), (4294967296 bytes)
[0.033s][info][gc,metaspace] Klass Range:    [0x0000000600000000 - 0x0000000641000000), (1090519040 bytes)
[0.033s][info][gc,metaspace] Klass ID Range:  [8 - 1090519033) (1090519025)
[7.881s][info][gc,start    ] GC(0) Pause Full (System.gc())
[7.881s][info][gc,task     ] GC(0) Using 9 workers of 9 for full compaction
[7.881s][info][gc,phases,start] GC(0) Phase 1: Mark live objects
[7.884s][info][gc,phases      ] GC(0) Phase 1: Mark live objects 2.914ms
[7.884s][info][gc,phases,start] GC(0) Phase 2: Prepare compaction
[7.884s][info][gc,phases      ] GC(0) Phase 2: Prepare compaction 0.298ms
[7.884s][info][gc,phases,start] GC(0) Phase 3: Adjust pointers
[7.886s][info][gc,phases      ] GC(0) Phase 3: Adjust pointers 1.324ms
[7.886s][info][gc,phases,start] GC(0) Phase 4: Compact heap
[7.886s][info][gc,phases      ] GC(0) Phase 4: Compact heap 0.382ms
[7.886s][info][gc,phases,start] GC(0) Phase 5: Reset Metadata
[7.886s][info][gc,phases      ] GC(0) Phase 5: Reset Metadata 0.257ms
[7.888s][trace][gc,age         ] GC(0) Age table:
[7.888s][info ][gc,heap        ] GC(0) Eden regions: 15->0(12)
[7.888s][info ][gc,heap        ] GC(0) Survivor regions: 0->0(0)
[7.888s][info ][gc,heap        ] GC(0) Old regions: 2->10
[7.888s][info ][gc,heap        ] GC(0) Humongous regions: 0->0
[7.888s][info ][gc,metaspace   ] GC(0) Metaspace: 9688K(9984K)->9688K(9984K) NonClass: 8782K(8960K)->8782K(8960K) Class: 905K(1024K)->905K(1024K)
[7.888s][info ][gc             ] GC(0) Pause Full (System.gc()) 15M->3M(34M) 7.687ms
[7.888s][info ][gc,cpu         ] GC(0) User=0.02s Sys=0.02s Real=0.01s
[7.901s][info ][gc,start       ] GC(1) Pause Young (Normal) (G1 Evacuation Pause)
[7.901s][info ][gc,task        ] GC(1) Using 9 workers of 9 for evacuation
[7.901s][debug][gc,age         ] GC(1) Desired survivor size 1048576 bytes, new threshold 15 (max threshold 15)
[7.902s][info ][gc,phases      ] GC(1)   Pre Evacuate Collection Set: 0.06ms
[7.902s][info ][gc,phases      ] GC(1)   Merge Heap Roots: 0.07ms
[7.902s][info ][gc,phases      ] GC(1)   Evacuate Collection Set: 0.44ms
[7.902s][info ][gc,phases      ] GC(1)   Post Evacuate Collection Set: 0.15ms
[7.902s][info ][gc,phases      ] GC(1)   Other: 0.05ms
[7.902s][trace][gc,age         ] GC(1) Age table:
[7.902s][trace][gc,age         ] GC(1) - age   1:     552600 bytes,     552600 total
[7.902s][info ][gc,heap        ] GC(1) Eden regions: 12->0(10)
[7.902s][info ][gc,heap        ] GC(1) Survivor regions: 0->1(2)
[7.902s][info ][gc,heap        ] GC(1) Old regions: 10->10
[7.902s][info ][gc,heap        ] GC(1) Humongous regions: 0->0
[7.902s][info ][gc,metaspace   ] GC(1) Metaspace: 9783K(10048K)->9783K(10048K) NonClass: 8865K(9024K)->8865K(9024K) Class: 918K(1024K)->918K(1024K)
[7.902s][info ][gc             ] GC(1) Pause Young (Normal) (G1 Evacuation Pause) 15M->4M(34M) 0.998ms
[7.902s][info ][gc,cpu         ] GC(1) User=0.00s Sys=0.00s Real=0.00s
[7.904s][info ][gc,start       ] GC(2) Pause Young (Normal) (G1 Evacuation Pause)
[7.904s][info ][gc,task        ] GC(2) Using 9 workers of 9 for evacuation
[7.904s][debug][gc,age         ] GC(2) Desired survivor size 1048576 bytes, new threshold 15 (max threshold 15)
[7.904s][info ][gc,phases      ] GC(2)   Pre Evacuate Collection Set: 0.06ms
[7.904s][info ][gc,phases      ] GC(2)   Merge Heap Roots: 0.03ms
[7.904s][info ][gc,phases      ] GC(2)   Evacuate Collection Set: 0.21ms
[7.904s][info ][gc,phases      ] GC(2)   Post Evacuate Collection Set: 0.14ms
[7.904s][info ][gc,phases      ] GC(2)   Other: 0.05ms
[7.904s][trace][gc,age         ] GC(2) Age table:
[7.904s][trace][gc,age         ] GC(2) - age   1:       1312 bytes,       1312 total
[7.904s][trace][gc,age         ] GC(2) - age   2:     548432 bytes,     549744 total
[7.904s][info ][gc,heap        ] GC(2) Eden regions: 10->0(13)
[7.904s][info ][gc,heap        ] GC(2) Survivor regions: 1->1(2)
[7.904s][info ][gc,heap        ] GC(2) Old regions: 10->10
[7.904s][info ][gc,heap        ] GC(2) Humongous regions: 0->0
[7.904s][info ][gc,metaspace   ] GC(2) Metaspace: 9798K(10048K)->9798K(10048K) NonClass: 8879K(9024K)->8879K(9024K) Class: 919K(1024K)->919K(1024K)
[7.904s][info ][gc             ] GC(2) Pause Young (Normal) (G1 Evacuation Pause) 14M->3M(34M) 0.596ms
[7.904s][info ][gc,cpu         ] GC(2) User=0.00s Sys=0.00s Real=0.00s
[7.905s][info ][gc,start       ] GC(3) Pause Young (Normal) (G1 Evacuation Pause)
[7.905s][info ][gc,task        ] GC(3) Using 9 workers of 9 for evacuation
[7.905s][debug][gc,age         ] GC(3) Desired survivor size 1048576 bytes, new threshold 15 (max threshold 15)
[7.906s][info ][gc,phases      ] GC(3)   Pre Evacuate Collection Set: 0.05ms
[7.906s][info ][gc,phases      ] GC(3)   Merge Heap Roots: 0.03ms
[7.906s][info ][gc,phases      ] GC(3)   Evacuate Collection Set: 0.21ms
[7.906s][info ][gc,phases      ] GC(3)   Post Evacuate Collection Set: 0.17ms
[7.906s][info ][gc,phases      ] GC(3)   Other: 0.06ms
[7.906s][trace][gc,age         ] GC(3) Age table:
[7.906s][trace][gc,age         ] GC(3) - age   1:        744 bytes,        744 total
[7.906s][trace][gc,age         ] GC(3) - age   2:        584 bytes,       1328 total
[7.906s][trace][gc,age         ] GC(3) - age   3:     548432 bytes,     549760 total
[7.906s][info ][gc,heap        ] GC(3) Eden regions: 13->0(13)
[7.906s][info ][gc,heap        ] GC(3) Survivor regions: 1->2(2)
[7.906s][info ][gc,heap        ] GC(3) Old regions: 10->10
[7.906s][info ][gc,heap        ] GC(3) Humongous regions: 0->0
[7.906s][info ][gc,metaspace   ] GC(3) Metaspace: 9806K(10048K)->9806K(10048K) NonClass: 8887K(9024K)->8887K(9024K) Class: 919K(1024K)->919K(1024K)
[7.906s][info ][gc             ] GC(3) Pause Young (Normal) (G1 Evacuation Pause) 16M->4M(34M) 0.672ms
[7.906s][info ][gc,cpu         ] GC(3) User=0.00s Sys=0.00s Real=0.00s
[7.907s][info ][gc,start       ] GC(4) Pause Young (Normal) (G1 Evacuation Pause)
[7.907s][info ][gc,task        ] GC(4) Using 9 workers of 9 for evacuation
[7.907s][debug][gc,age         ] GC(4) Desired survivor size 1048576 bytes, new threshold 15 (max threshold 15)
[7.908s][info ][gc,phases      ] GC(4)   Pre Evacuate Collection Set: 0.06ms
[7.908s][info ][gc,phases      ] GC(4)   Merge Heap Roots: 0.03ms
[7.908s][info ][gc,phases      ] GC(4)   Evacuate Collection Set: 0.17ms
[7.908s][info ][gc,phases      ] GC(4)   Post Evacuate Collection Set: 0.15ms
[7.908s][info ][gc,phases      ] GC(4)   Other: 0.06ms
[7.908s][trace][gc,age         ] GC(4) Age table:
[7.908s][trace][gc,age         ] GC(4) - age   1:        352 bytes,        352 total
[7.908s][trace][gc,age         ] GC(4) - age   2:        392 bytes,        744 total
[7.908s][trace][gc,age         ] GC(4) - age   3:        584 bytes,       1328 total
[7.908s][trace][gc,age         ] GC(4) - age   4:     548432 bytes,     549760 total
[7.908s][info ][gc,heap        ] GC(4) Eden regions: 13->0(15)
[7.908s][info ][gc,heap        ] GC(4) Survivor regions: 2->1(2)
[7.908s][info ][gc,heap        ] GC(4) Old regions: 10->10
[7.908s][info ][gc,heap        ] GC(4) Humongous regions: 0->0
[7.908s][info ][gc,metaspace   ] GC(4) Metaspace: 9807K(10048K)->9807K(10048K) NonClass: 8888K(9024K)->8888K(9024K) Class: 919K(1024K)->919K(1024K)
[7.908s][info ][gc             ] GC(4) Pause Young (Normal) (G1 Evacuation Pause) 17M->3M(34M) 0.598ms
[7.908s][info ][gc,cpu         ] GC(4) User=0.00s Sys=0.00s Real=0.00s
[7.909s][info ][gc,start       ] GC(5) Pause Young (Normal) (G1 Evacuation Pause)
[7.909s][info ][gc,task        ] GC(5) Using 9 workers of 9 for evacuation
[7.909s][debug][gc,age         ] GC(5) Desired survivor size 1048576 bytes, new threshold 15 (max threshold 15)
[7.909s][info ][gc,phases      ] GC(5)   Pre Evacuate Collection Set: 0.05ms
[7.909s][info ][gc,phases      ] GC(5)   Merge Heap Roots: 0.03ms
[7.909s][info ][gc,phases      ] GC(5)   Evacuate Collection Set: 0.20ms
[7.909s][info ][gc,phases      ] GC(5)   Post Evacuate Collection Set: 0.25ms
[7.909s][info ][gc,phases      ] GC(5)   Other: 0.04ms
[7.909s][trace][gc,age         ] GC(5) Age table:
[7.909s][trace][gc,age         ] GC(5) - age   1:        424 bytes,        424 total
[7.909s][trace][gc,age         ] GC(5) - age   3:        392 bytes,        816 total
[7.909s][trace][gc,age         ] GC(5) - age   4:        584 bytes,       1400 total
[7.910s][trace][gc,age         ] GC(5) - age   5:     548432 bytes,     549832 total
[7.910s][info ][gc,heap        ] GC(5) Eden regions: 15->0(130)
[7.910s][info ][gc,heap        ] GC(5) Survivor regions: 1->1(2)
[7.910s][info ][gc,heap        ] GC(5) Old regions: 10->10
[7.910s][info ][gc,heap        ] GC(5) Humongous regions: 0->0
[7.910s][info ][gc,metaspace   ] GC(5) Metaspace: 9819K(10048K)->9819K(10048K) NonClass: 8900K(9024K)->8900K(9024K) Class: 919K(1024K)->919K(1024K)
[7.910s][info ][gc             ] GC(5) Pause Young (Normal) (G1 Evacuation Pause) 18M->4M(273M) 0.685ms
[7.910s][info ][gc,cpu         ] GC(5) User=0.00s Sys=0.00s Real=0.00s
[7.924s][info ][gc,start       ] GC(6) Pause Young (Normal) (G1 Evacuation Pause)
[7.924s][info ][gc,task        ] GC(6) Using 9 workers of 9 for evacuation
[7.924s][debug][gc,age         ] GC(6) Desired survivor size 8912896 bytes, new threshold 15 (max threshold 15)
[7.925s][info ][gc,phases      ] GC(6)   Pre Evacuate Collection Set: 0.08ms
[7.925s][info ][gc,phases      ] GC(6)   Merge Heap Roots: 0.05ms
[7.925s][info ][gc,phases      ] GC(6)   Evacuate Collection Set: 0.22ms
[7.925s][info ][gc,phases      ] GC(6)   Post Evacuate Collection Set: 0.16ms
[7.925s][info ][gc,phases      ] GC(6)   Other: 0.07ms
[7.925s][trace][gc,age         ] GC(6) Age table:
[7.925s][trace][gc,age         ] GC(6) - age   1:        272 bytes,        272 total
[7.925s][trace][gc,age         ] GC(6) - age   2:         72 bytes,        344 total
[7.925s][trace][gc,age         ] GC(6) - age   4:        392 bytes,        736 total
[7.925s][trace][gc,age         ] GC(6) - age   5:        584 bytes,       1320 total
[7.925s][trace][gc,age         ] GC(6) - age   6:     548432 bytes,     549752 total
[7.925s][info ][gc,heap        ] GC(6) Eden regions: 130->0(131)
[7.925s][info ][gc,heap        ] GC(6) Survivor regions: 1->1(17)
[7.925s][info ][gc,heap        ] GC(6) Old regions: 10->10
[7.925s][info ][gc,heap        ] GC(6) Humongous regions: 0->0
[7.925s][info ][gc,metaspace   ] GC(6) Metaspace: 9843K(10048K)->9843K(10048K) NonClass: 8924K(9024K)->8924K(9024K) Class: 919K(1024K)->919K(1024K)
[7.925s][info ][gc             ] GC(6) Pause Young (Normal) (G1 Evacuation Pause) 134M->4M(273M) 0.700ms
[7.925s][info ][gc,cpu         ] GC(6) User=0.00s Sys=0.01s Real=0.00s
[7.934s][info ][gc,start       ] GC(7) Pause Young (Normal) (G1 Evacuation Pause)
[7.934s][info ][gc,task        ] GC(7) Using 9 workers of 9 for evacuation
[7.934s][debug][gc,age         ] GC(7) Desired survivor size 8912896 bytes, new threshold 15 (max threshold 15)
[7.935s][info ][gc,phases      ] GC(7)   Pre Evacuate Collection Set: 0.09ms
[7.935s][info ][gc,phases      ] GC(7)   Merge Heap Roots: 0.05ms
[7.935s][info ][gc,phases      ] GC(7)   Evacuate Collection Set: 0.20ms
[7.935s][info ][gc,phases      ] GC(7)   Post Evacuate Collection Set: 0.16ms
[7.935s][info ][gc,phases      ] GC(7)   Other: 0.07ms
[7.935s][trace][gc,age         ] GC(7) Age table:
[7.935s][trace][gc,age         ] GC(7) - age   1:        272 bytes,        272 total
[7.935s][trace][gc,age         ] GC(7) - age   3:         72 bytes,        344 total
[7.935s][trace][gc,age         ] GC(7) - age   5:        392 bytes,        736 total
[7.935s][trace][gc,age         ] GC(7) - age   6:        584 bytes,       1320 total
[7.935s][trace][gc,age         ] GC(7) - age   7:     548432 bytes,     549752 total
[7.935s][info ][gc,heap        ] GC(7) Eden regions: 131->0(155)
[7.935s][info ][gc,heap        ] GC(7) Survivor regions: 1->1(17)
[7.935s][info ][gc,heap        ] GC(7) Old regions: 10->10
[7.935s][info ][gc,heap        ] GC(7) Humongous regions: 0->0
[7.935s][info ][gc,metaspace   ] GC(7) Metaspace: 9850K(10112K)->9850K(10112K) NonClass: 8931K(9088K)->8931K(9088K) Class: 919K(1024K)->919K(1024K)
[7.935s][info ][gc             ] GC(7) Pause Young (Normal) (G1 Evacuation Pause) 135M->4M(273M) 0.699ms
[7.935s][info ][gc,cpu         ] GC(7) User=0.00s Sys=0.00s Real=0.00s
[7.945s][info ][gc,start       ] GC(8) Pause Young (Normal) (G1 Evacuation Pause)
[7.945s][info ][gc,task        ] GC(8) Using 9 workers of 9 for evacuation
[7.945s][debug][gc,age         ] GC(8) Desired survivor size 10485760 bytes, new threshold 15 (max threshold 15)
[7.945s][info ][gc,phases      ] GC(8)   Pre Evacuate Collection Set: 0.11ms
[7.945s][info ][gc,phases      ] GC(8)   Merge Heap Roots: 0.06ms
[7.945s][info ][gc,phases      ] GC(8)   Evacuate Collection Set: 0.17ms
[7.945s][info ][gc,phases      ] GC(8)   Post Evacuate Collection Set: 0.20ms
[7.945s][info ][gc,phases      ] GC(8)   Other: 0.06ms
[7.945s][trace][gc,age         ] GC(8) Age table:
[7.945s][trace][gc,age         ] GC(8) - age   1:     400208 bytes,     400208 total
[7.945s][trace][gc,age         ] GC(8) - age   4:         72 bytes,     400280 total
[7.945s][trace][gc,age         ] GC(8) - age   6:        392 bytes,     400672 total
[7.945s][trace][gc,age         ] GC(8) - age   7:        584 bytes,     401256 total
[7.945s][trace][gc,age         ] GC(8) - age   8:     548432 bytes,     949688 total
[7.945s][info ][gc,heap        ] GC(8) Eden regions: 155->0(162)
[7.945s][info ][gc,heap        ] GC(8) Survivor regions: 1->1(20)
[7.945s][info ][gc,heap        ] GC(8) Old regions: 10->10
[7.945s][info ][gc,heap        ] GC(8) Humongous regions: 0->0
[7.945s][info ][gc,metaspace   ] GC(8) Metaspace: 9861K(10112K)->9861K(10112K) NonClass: 8942K(9088K)->8942K(9088K) Class: 919K(1024K)->919K(1024K)
[7.945s][info ][gc             ] GC(8) Pause Young (Normal) (G1 Evacuation Pause) 159M->4M(273M) 0.765ms
[7.945s][info ][gc,cpu         ] GC(8) User=0.01s Sys=0.00s Real=0.01s
[7.955s][info ][gc,start       ] GC(9) Pause Young (Normal) (G1 Evacuation Pause)
[7.955s][info ][gc,task        ] GC(9) Using 9 workers of 9 for evacuation
[7.955s][debug][gc,age         ] GC(9) Desired survivor size 11010048 bytes, new threshold 15 (max threshold 15)
[7.956s][info ][gc,phases      ] GC(9)   Pre Evacuate Collection Set: 0.10ms
[7.956s][info ][gc,phases      ] GC(9)   Merge Heap Roots: 0.05ms
[7.956s][info ][gc,phases      ] GC(9)   Evacuate Collection Set: 0.22ms
[7.956s][info ][gc,phases      ] GC(9)   Post Evacuate Collection Set: 0.20ms
[7.956s][info ][gc,phases      ] GC(9)   Other: 0.06ms
[7.956s][trace][gc,age         ] GC(9) Age table:
[7.956s][trace][gc,age         ] GC(9) - age   1:     400208 bytes,     400208 total
[7.956s][trace][gc,age         ] GC(9) - age   5:         72 bytes,     400280 total
[7.956s][trace][gc,age         ] GC(9) - age   7:        392 bytes,     400672 total
[7.956s][trace][gc,age         ] GC(9) - age   8:        584 bytes,     401256 total
[7.956s][trace][gc,age         ] GC(9) - age   9:     548432 bytes,     949688 total
[7.956s][info ][gc,heap        ] GC(9) Eden regions: 162->0(162)
[7.956s][info ][gc,heap        ] GC(9) Survivor regions: 1->1(21)
[7.956s][info ][gc,heap        ] GC(9) Old regions: 10->10
[7.956s][info ][gc,heap        ] GC(9) Humongous regions: 0->0
[7.956s][info ][gc,metaspace   ] GC(9) Metaspace: 9861K(10112K)->9861K(10112K) NonClass: 8942K(9088K)->8942K(9088K) Class: 919K(1024K)->919K(1024K)
[7.956s][info ][gc             ] GC(9) Pause Young (Normal) (G1 Evacuation Pause) 166M->4M(273M) 0.774ms
[7.956s][info ][gc,cpu         ] GC(9) User=0.00s Sys=0.00s Real=0.00s
[7.965s][info ][gc,start       ] GC(10) Pause Young (Normal) (G1 Evacuation Pause)
[7.965s][info ][gc,task        ] GC(10) Using 9 workers of 9 for evacuation
[7.965s][debug][gc,age         ] GC(10) Desired survivor size 11010048 bytes, new threshold 15 (max threshold 15)
[7.966s][info ][gc,phases      ] GC(10)   Pre Evacuate Collection Set: 0.06ms
[7.966s][info ][gc,phases      ] GC(10)   Merge Heap Roots: 0.06ms
[7.966s][info ][gc,phases      ] GC(10)   Evacuate Collection Set: 0.25ms
[7.966s][info ][gc,phases      ] GC(10)   Post Evacuate Collection Set: 0.27ms
[7.966s][info ][gc,phases      ] GC(10)   Other: 0.07ms
[7.966s][trace][gc,age         ] GC(10) Age table:
[7.966s][trace][gc,age         ] GC(10) - age   1:     400208 bytes,     400208 total
[7.966s][trace][gc,age         ] GC(10) - age   6:         72 bytes,     400280 total
[7.966s][trace][gc,age         ] GC(10) - age   8:        392 bytes,     400672 total
[7.966s][trace][gc,age         ] GC(10) - age   9:        584 bytes,     401256 total
[7.966s][trace][gc,age         ] GC(10) - age  10:     548432 bytes,     949688 total
[7.966s][info ][gc,heap        ] GC(10) Eden regions: 162->0(253)
[7.966s][info ][gc,heap        ] GC(10) Survivor regions: 1->1(21)
[7.966s][info ][gc,heap        ] GC(10) Old regions: 10->10
[7.966s][info ][gc,heap        ] GC(10) Humongous regions: 0->0
[7.966s][info ][gc,metaspace   ] GC(10) Metaspace: 9861K(10112K)->9861K(10112K) NonClass: 8942K(9088K)->8942K(9088K) Class: 919K(1024K)->919K(1024K)
[7.966s][info ][gc             ] GC(10) Pause Young (Normal) (G1 Evacuation Pause) 166M->4M(424M) 0.833ms
[7.966s][info ][gc,cpu         ] GC(10) User=0.00s Sys=0.00s Real=0.01s
[7.984s][info ][gc,start       ] GC(11) Pause Young (Normal) (G1 Evacuation Pause)
[7.984s][info ][gc,task        ] GC(11) Using 9 workers of 9 for evacuation
[7.984s][debug][gc,age         ] GC(11) Desired survivor size 16777216 bytes, new threshold 15 (max threshold 15)
[7.985s][info ][gc,phases      ] GC(11)   Pre Evacuate Collection Set: 0.09ms
[7.985s][info ][gc,phases      ] GC(11)   Merge Heap Roots: 0.08ms
[7.985s][info ][gc,phases      ] GC(11)   Evacuate Collection Set: 0.18ms
[7.985s][info ][gc,phases      ] GC(11)   Post Evacuate Collection Set: 0.20ms
[7.985s][info ][gc,phases      ] GC(11)   Other: 0.07ms
[7.985s][trace][gc,age         ] GC(11) Age table:
[7.985s][trace][gc,age         ] GC(11) - age   1:     400208 bytes,     400208 total
[7.985s][trace][gc,age         ] GC(11) - age   7:         72 bytes,     400280 total
[7.985s][trace][gc,age         ] GC(11) - age   9:        392 bytes,     400672 total
[7.985s][trace][gc,age         ] GC(11) - age  10:        584 bytes,     401256 total
[7.985s][trace][gc,age         ] GC(11) - age  11:     548432 bytes,     949688 total
[7.985s][info ][gc,heap        ] GC(11) Eden regions: 253->0(253)
[7.985s][info ][gc,heap        ] GC(11) Survivor regions: 1->1(32)
[7.985s][info ][gc,heap        ] GC(11) Old regions: 10->10
[7.985s][info ][gc,heap        ] GC(11) Humongous regions: 0->0
[7.985s][info ][gc,metaspace   ] GC(11) Metaspace: 9861K(10112K)->9861K(10112K) NonClass: 8942K(9088K)->8942K(9088K) Class: 919K(1024K)->919K(1024K)
[7.985s][info ][gc             ] GC(11) Pause Young (Normal) (G1 Evacuation Pause) 257M->4M(424M) 0.781ms
[7.985s][info ][gc,cpu         ] GC(11) User=0.00s Sys=0.00s Real=0.00s
[8.000s][info ][gc,start       ] GC(12) Pause Young (Normal) (G1 Evacuation Pause)
[8.000s][info ][gc,task        ] GC(12) Using 9 workers of 9 for evacuation
[8.000s][debug][gc,age         ] GC(12) Desired survivor size 16777216 bytes, new threshold 15 (max threshold 15)
[8.000s][info ][gc,phases      ] GC(12)   Pre Evacuate Collection Set: 0.10ms
[8.000s][info ][gc,phases      ] GC(12)   Merge Heap Roots: 0.07ms
[8.000s][info ][gc,phases      ] GC(12)   Evacuate Collection Set: 0.17ms
[8.000s][info ][gc,phases      ] GC(12)   Post Evacuate Collection Set: 0.20ms
[8.000s][info ][gc,phases      ] GC(12)   Other: 0.06ms
[8.000s][trace][gc,age         ] GC(12) Age table:
[8.000s][trace][gc,age         ] GC(12) - age   1:     400472 bytes,     400472 total
[8.000s][trace][gc,age         ] GC(12) - age   8:         72 bytes,     400544 total
[8.000s][trace][gc,age         ] GC(12) - age  10:        392 bytes,     400936 total
[8.000s][trace][gc,age         ] GC(12) - age  11:        584 bytes,     401520 total
[8.000s][trace][gc,age         ] GC(12) - age  12:     548432 bytes,     949952 total
[8.000s][info ][gc,heap        ] GC(12) Eden regions: 253->0(253)
[8.000s][info ][gc,heap        ] GC(12) Survivor regions: 1->1(32)
[8.000s][info ][gc,heap        ] GC(12) Old regions: 10->10
[8.000s][info ][gc,heap        ] GC(12) Humongous regions: 0->0
[8.000s][info ][gc,metaspace   ] GC(12) Metaspace: 9862K(10112K)->9862K(10112K) NonClass: 8943K(9088K)->8943K(9088K) Class: 919K(1024K)->919K(1024K)
[8.000s][info ][gc             ] GC(12) Pause Young (Normal) (G1 Evacuation Pause) 257M->4M(424M) 0.719ms
[8.000s][info ][gc,cpu         ] GC(12) User=0.00s Sys=0.00s Real=0.00s
[8.014s][info ][gc,start       ] GC(13) Pause Young (Normal) (G1 Evacuation Pause)
[8.014s][info ][gc,task        ] GC(13) Using 9 workers of 9 for evacuation
[8.014s][debug][gc,age         ] GC(13) Desired survivor size 16777216 bytes, new threshold 15 (max threshold 15)
[8.015s][info ][gc,phases      ] GC(13)   Pre Evacuate Collection Set: 0.08ms
[8.015s][info ][gc,phases      ] GC(13)   Merge Heap Roots: 0.10ms
[8.015s][info ][gc,phases      ] GC(13)   Evacuate Collection Set: 0.19ms
[8.015s][info ][gc,phases      ] GC(13)   Post Evacuate Collection Set: 0.22ms
[8.015s][info ][gc,phases      ] GC(13)   Other: 0.06ms
[8.015s][trace][gc,age         ] GC(13) Age table:
[8.015s][trace][gc,age         ] GC(13) - age   1:     400208 bytes,     400208 total
[8.015s][trace][gc,age         ] GC(13) - age   2:        264 bytes,     400472 total
[8.015s][trace][gc,age         ] GC(13) - age   9:         72 bytes,     400544 total
[8.015s][trace][gc,age         ] GC(13) - age  11:        392 bytes,     400936 total
[8.015s][trace][gc,age         ] GC(13) - age  12:        584 bytes,     401520 total
[8.015s][trace][gc,age         ] GC(13) - age  13:     548432 bytes,     949952 total
[8.015s][info ][gc,heap        ] GC(13) Eden regions: 253->0(253)
[8.015s][info ][gc,heap        ] GC(13) Survivor regions: 1->1(32)
[8.015s][info ][gc,heap        ] GC(13) Old regions: 10->10
[8.015s][info ][gc,heap        ] GC(13) Humongous regions: 0->0
[8.015s][info ][gc,metaspace   ] GC(13) Metaspace: 9862K(10112K)->9862K(10112K) NonClass: 8943K(9088K)->8943K(9088K) Class: 919K(1024K)->919K(1024K)
[8.015s][info ][gc             ] GC(13) Pause Young (Normal) (G1 Evacuation Pause) 257M->4M(424M) 0.792ms
[8.015s][info ][gc,cpu         ] GC(13) User=0.00s Sys=0.00s Real=0.00s
[8.029s][info ][gc,start       ] GC(14) Pause Young (Normal) (G1 Evacuation Pause)
[8.029s][info ][gc,task        ] GC(14) Using 9 workers of 9 for evacuation
[8.029s][debug][gc,age         ] GC(14) Desired survivor size 16777216 bytes, new threshold 15 (max threshold 15)
[8.029s][info ][gc,phases      ] GC(14)   Pre Evacuate Collection Set: 0.11ms
[8.029s][info ][gc,phases      ] GC(14)   Merge Heap Roots: 0.08ms
[8.029s][info ][gc,phases      ] GC(14)   Evacuate Collection Set: 0.18ms
[8.029s][info ][gc,phases      ] GC(14)   Post Evacuate Collection Set: 0.18ms
[8.029s][info ][gc,phases      ] GC(14)   Other: 0.05ms
[8.029s][trace][gc,age         ] GC(14) Age table:
[8.029s][trace][gc,age         ] GC(14) - age   1:     400208 bytes,     400208 total
[8.029s][trace][gc,age         ] GC(14) - age   3:        264 bytes,     400472 total
[8.029s][trace][gc,age         ] GC(14) - age  10:         72 bytes,     400544 total
[8.029s][trace][gc,age         ] GC(14) - age  12:        392 bytes,     400936 total
[8.029s][trace][gc,age         ] GC(14) - age  13:        584 bytes,     401520 total
[8.029s][trace][gc,age         ] GC(14) - age  14:     548432 bytes,     949952 total
[8.029s][info ][gc,heap        ] GC(14) Eden regions: 253->0(253)
[8.029s][info ][gc,heap        ] GC(14) Survivor regions: 1->1(32)
[8.029s][info ][gc,heap        ] GC(14) Old regions: 10->10
[8.029s][info ][gc,heap        ] GC(14) Humongous regions: 0->0
[8.029s][info ][gc,metaspace   ] GC(14) Metaspace: 9862K(10112K)->9862K(10112K) NonClass: 8943K(9088K)->8943K(9088K) Class: 919K(1024K)->919K(1024K)
[8.029s][info ][gc             ] GC(14) Pause Young (Normal) (G1 Evacuation Pause) 257M->4M(424M) 0.743ms
[8.029s][info ][gc,cpu         ] GC(14) User=0.01s Sys=0.00s Real=0.00s
[8.043s][info ][gc,start       ] GC(15) Pause Young (Normal) (G1 Evacuation Pause)
[8.043s][info ][gc,task        ] GC(15) Using 9 workers of 9 for evacuation
[8.043s][debug][gc,age         ] GC(15) Desired survivor size 16777216 bytes, new threshold 15 (max threshold 15)
[8.044s][info ][gc,phases      ] GC(15)   Pre Evacuate Collection Set: 0.07ms
[8.044s][info ][gc,phases      ] GC(15)   Merge Heap Roots: 0.06ms
[8.044s][info ][gc,phases      ] GC(15)   Evacuate Collection Set: 0.20ms
[8.044s][info ][gc,phases      ] GC(15)   Post Evacuate Collection Set: 0.21ms
[8.044s][info ][gc,phases      ] GC(15)   Other: 0.06ms
[8.044s][trace][gc,age         ] GC(15) Age table:
[8.044s][trace][gc,age         ] GC(15) - age   1:     400208 bytes,     400208 total
[8.044s][trace][gc,age         ] GC(15) - age   4:        264 bytes,     400472 total
[8.044s][trace][gc,age         ] GC(15) - age  11:         72 bytes,     400544 total
[8.044s][trace][gc,age         ] GC(15) - age  13:        392 bytes,     400936 total
[8.044s][trace][gc,age         ] GC(15) - age  14:        584 bytes,     401520 total
[8.044s][trace][gc,age         ] GC(15) - age  15:     548432 bytes,     949952 total
[8.044s][info ][gc,heap        ] GC(15) Eden regions: 253->0(253)
[8.044s][info ][gc,heap        ] GC(15) Survivor regions: 1->1(32)
[8.044s][info ][gc,heap        ] GC(15) Old regions: 10->10
[8.044s][info ][gc,heap        ] GC(15) Humongous regions: 0->0
[8.044s][info ][gc,metaspace   ] GC(15) Metaspace: 9862K(10112K)->9862K(10112K) NonClass: 8943K(9088K)->8943K(9088K) Class: 919K(1024K)->919K(1024K)
[8.044s][info ][gc             ] GC(15) Pause Young (Normal) (G1 Evacuation Pause) 257M->4M(424M) 0.741ms
[8.044s][info ][gc,cpu         ] GC(15) User=0.00s Sys=0.00s Real=0.00s
[8.058s][info ][gc,start       ] GC(16) Pause Young (Normal) (G1 Evacuation Pause)
[8.058s][info ][gc,task        ] GC(16) Using 9 workers of 9 for evacuation
[8.058s][debug][gc,age         ] GC(16) Desired survivor size 16777216 bytes, new threshold 15 (max threshold 15)
[8.059s][info ][gc,phases      ] GC(16)   Pre Evacuate Collection Set: 0.06ms
[8.059s][info ][gc,phases      ] GC(16)   Merge Heap Roots: 0.06ms
[8.059s][info ][gc,phases      ] GC(16)   Evacuate Collection Set: 0.30ms
[8.059s][info ][gc,phases      ] GC(16)   Post Evacuate Collection Set: 0.20ms
[8.059s][info ][gc,phases      ] GC(16)   Other: 0.07ms
[8.059s][trace][gc,age         ] GC(16) Age table:
[8.059s][trace][gc,age         ] GC(16) - age   1:     400208 bytes,     400208 total
[8.059s][trace][gc,age         ] GC(16) - age   5:        264 bytes,     400472 total
[8.059s][trace][gc,age         ] GC(16) - age  12:         72 bytes,     400544 total
[8.059s][trace][gc,age         ] GC(16) - age  14:        392 bytes,     400936 total
[8.059s][trace][gc,age         ] GC(16) - age  15:        584 bytes,     401520 total
[8.059s][info ][gc,heap        ] GC(16) Eden regions: 253->0(253)
[8.059s][info ][gc,heap        ] GC(16) Survivor regions: 1->1(32)
[8.059s][info ][gc,heap        ] GC(16) Old regions: 10->11
[8.059s][info ][gc,heap        ] GC(16) Humongous regions: 0->0
[8.059s][info ][gc,metaspace   ] GC(16) Metaspace: 9862K(10112K)->9862K(10112K) NonClass: 8943K(9088K)->8943K(9088K) Class: 919K(1024K)->919K(1024K)
[8.059s][info ][gc             ] GC(16) Pause Young (Normal) (G1 Evacuation Pause) 257M->4M(424M) 0.839ms
[8.059s][info ][gc,cpu         ] GC(16) User=0.00s Sys=0.00s Real=0.00s
[8.073s][info ][gc,start       ] GC(17) Pause Young (Normal) (G1 Evacuation Pause)
[8.073s][info ][gc,task        ] GC(17) Using 9 workers of 9 for evacuation
[8.073s][debug][gc,age         ] GC(17) Desired survivor size 16777216 bytes, new threshold 15 (max threshold 15)
[8.073s][info ][gc,phases      ] GC(17)   Pre Evacuate Collection Set: 0.07ms
[8.073s][info ][gc,phases      ] GC(17)   Merge Heap Roots: 0.06ms
[8.073s][info ][gc,phases      ] GC(17)   Evacuate Collection Set: 0.12ms
[8.073s][info ][gc,phases      ] GC(17)   Post Evacuate Collection Set: 0.17ms
[8.073s][info ][gc,phases      ] GC(17)   Other: 0.05ms
[8.073s][trace][gc,age         ] GC(17) Age table:
[8.073s][trace][gc,age         ] GC(17) - age   1:     400208 bytes,     400208 total
[8.073s][trace][gc,age         ] GC(17) - age   6:        264 bytes,     400472 total
[8.073s][trace][gc,age         ] GC(17) - age  13:         72 bytes,     400544 total
[8.073s][trace][gc,age         ] GC(17) - age  15:        392 bytes,     400936 total
[8.073s][info ][gc,heap        ] GC(17) Eden regions: 253->0(253)
[8.073s][info ][gc,heap        ] GC(17) Survivor regions: 1->1(32)
[8.073s][info ][gc,heap        ] GC(17) Old regions: 11->11
[8.073s][info ][gc,heap        ] GC(17) Humongous regions: 0->0
[8.073s][info ][gc,metaspace   ] GC(17) Metaspace: 9862K(10112K)->9862K(10112K) NonClass: 8943K(9088K)->8943K(9088K) Class: 919K(1024K)->919K(1024K)
[8.073s][info ][gc             ] GC(17) Pause Young (Normal) (G1 Evacuation Pause) 257M->4M(424M) 0.595ms
[8.073s][info ][gc,cpu         ] GC(17) User=0.00s Sys=0.00s Real=0.00s
[8.087s][info ][gc,start       ] GC(18) Pause Young (Normal) (G1 Evacuation Pause)
[8.087s][info ][gc,task        ] GC(18) Using 9 workers of 9 for evacuation
[8.087s][debug][gc,age         ] GC(18) Desired survivor size 16777216 bytes, new threshold 15 (max threshold 15)
[8.087s][info ][gc,phases      ] GC(18)   Pre Evacuate Collection Set: 0.07ms
[8.087s][info ][gc,phases      ] GC(18)   Merge Heap Roots: 0.05ms
[8.087s][info ][gc,phases      ] GC(18)   Evacuate Collection Set: 0.14ms
[8.087s][info ][gc,phases      ] GC(18)   Post Evacuate Collection Set: 0.17ms
[8.087s][info ][gc,phases      ] GC(18)   Other: 0.06ms
[8.087s][trace][gc,age         ] GC(18) Age table:
[8.087s][trace][gc,age         ] GC(18) - age   1:     400208 bytes,     400208 total
[8.087s][trace][gc,age         ] GC(18) - age   7:        264 bytes,     400472 total
[8.087s][trace][gc,age         ] GC(18) - age  14:         72 bytes,     400544 total
[8.087s][info ][gc,heap        ] GC(18) Eden regions: 253->0(253)
[8.087s][info ][gc,heap        ] GC(18) Survivor regions: 1->1(32)
[8.087s][info ][gc,heap        ] GC(18) Old regions: 11->11
[8.087s][info ][gc,heap        ] GC(18) Humongous regions: 0->0
[8.087s][info ][gc,metaspace   ] GC(18) Metaspace: 9862K(10112K)->9862K(10112K) NonClass: 8943K(9088K)->8943K(9088K) Class: 919K(1024K)->919K(1024K)
[8.087s][info ][gc             ] GC(18) Pause Young (Normal) (G1 Evacuation Pause) 257M->4M(424M) 0.605ms
[8.088s][info ][gc,cpu         ] GC(18) User=0.00s Sys=0.00s Real=0.00s
[8.101s][info ][gc,start       ] GC(19) Pause Young (Normal) (G1 Evacuation Pause)
[8.101s][info ][gc,task        ] GC(19) Using 9 workers of 9 for evacuation
[8.101s][debug][gc,age         ] GC(19) Desired survivor size 16777216 bytes, new threshold 15 (max threshold 15)
[8.102s][info ][gc,phases      ] GC(19)   Pre Evacuate Collection Set: 0.06ms
[8.102s][info ][gc,phases      ] GC(19)   Merge Heap Roots: 0.05ms
[8.102s][info ][gc,phases      ] GC(19)   Evacuate Collection Set: 0.17ms
[8.102s][info ][gc,phases      ] GC(19)   Post Evacuate Collection Set: 0.16ms
[8.102s][info ][gc,phases      ] GC(19)   Other: 0.09ms
[8.102s][trace][gc,age         ] GC(19) Age table:
[8.102s][trace][gc,age         ] GC(19) - age   1:     400208 bytes,     400208 total
[8.102s][trace][gc,age         ] GC(19) - age   8:        264 bytes,     400472 total
[8.102s][trace][gc,age         ] GC(19) - age  15:         72 bytes,     400544 total
[8.102s][info ][gc,heap        ] GC(19) Eden regions: 253->0(253)
[8.102s][info ][gc,heap        ] GC(19) Survivor regions: 1->1(32)
[8.102s][info ][gc,heap        ] GC(19) Old regions: 11->11
[8.102s][info ][gc,heap        ] GC(19) Humongous regions: 0->0
[8.102s][info ][gc,metaspace   ] GC(19) Metaspace: 9862K(10112K)->9862K(10112K) NonClass: 8943K(9088K)->8943K(9088K) Class: 919K(1024K)->919K(1024K)
[8.102s][info ][gc             ] GC(19) Pause Young (Normal) (G1 Evacuation Pause) 257M->4M(424M) 0.731ms
[8.102s][info ][gc,cpu         ] GC(19) User=0.01s Sys=0.00s Real=0.00s
[8.115s][info ][gc,start       ] GC(20) Pause Young (Normal) (G1 Evacuation Pause)
[8.115s][info ][gc,task        ] GC(20) Using 9 workers of 9 for evacuation
[8.115s][debug][gc,age         ] GC(20) Desired survivor size 16777216 bytes, new threshold 15 (max threshold 15)
[8.116s][info ][gc,phases      ] GC(20)   Pre Evacuate Collection Set: 0.12ms
[8.116s][info ][gc,phases      ] GC(20)   Merge Heap Roots: 0.05ms
[8.116s][info ][gc,phases      ] GC(20)   Evacuate Collection Set: 0.12ms
[8.116s][info ][gc,phases      ] GC(20)   Post Evacuate Collection Set: 0.20ms
[8.116s][info ][gc,phases      ] GC(20)   Other: 0.06ms
[8.116s][trace][gc,age         ] GC(20) Age table:
[8.116s][trace][gc,age         ] GC(20) - age   1:     400208 bytes,     400208 total
[8.116s][trace][gc,age         ] GC(20) - age   9:        264 bytes,     400472 total
[8.116s][info ][gc,heap        ] GC(20) Eden regions: 253->0(253)
[8.116s][info ][gc,heap        ] GC(20) Survivor regions: 1->1(32)
[8.116s][info ][gc,heap        ] GC(20) Old regions: 11->11
[8.116s][info ][gc,heap        ] GC(20) Humongous regions: 0->0
[8.116s][info ][gc,metaspace   ] GC(20) Metaspace: 9862K(10112K)->9862K(10112K) NonClass: 8943K(9088K)->8943K(9088K) Class: 919K(1024K)->919K(1024K)
[8.116s][info ][gc             ] GC(20) Pause Young (Normal) (G1 Evacuation Pause) 257M->4M(424M) 0.670ms
[8.116s][info ][gc,cpu         ] GC(20) User=0.01s Sys=0.00s Real=0.01s
[8.130s][info ][gc,start       ] GC(21) Pause Young (Normal) (G1 Evacuation Pause)
[8.130s][info ][gc,task        ] GC(21) Using 9 workers of 9 for evacuation
[8.130s][debug][gc,age         ] GC(21) Desired survivor size 16777216 bytes, new threshold 15 (max threshold 15)
[8.130s][info ][gc,phases      ] GC(21)   Pre Evacuate Collection Set: 0.09ms
[8.130s][info ][gc,phases      ] GC(21)   Merge Heap Roots: 0.11ms
[8.130s][info ][gc,phases      ] GC(21)   Evacuate Collection Set: 0.12ms
[8.130s][info ][gc,phases      ] GC(21)   Post Evacuate Collection Set: 0.20ms
[8.130s][info ][gc,phases      ] GC(21)   Other: 0.06ms
[8.130s][trace][gc,age         ] GC(21) Age table:
[8.130s][trace][gc,age         ] GC(21) - age   1:     400480 bytes,     400480 total
[8.130s][trace][gc,age         ] GC(21) - age  10:        264 bytes,     400744 total
[8.130s][info ][gc,heap        ] GC(21) Eden regions: 253->0(253)
[8.130s][info ][gc,heap        ] GC(21) Survivor regions: 1->1(32)
[8.130s][info ][gc,heap        ] GC(21) Old regions: 11->11
[8.130s][info ][gc,heap        ] GC(21) Humongous regions: 0->0
[8.130s][info ][gc,metaspace   ] GC(21) Metaspace: 9862K(10112K)->9862K(10112K) NonClass: 8943K(9088K)->8943K(9088K) Class: 919K(1024K)->919K(1024K)
[8.130s][info ][gc             ] GC(21) Pause Young (Normal) (G1 Evacuation Pause) 257M->4M(424M) 0.692ms
[8.130s][info ][gc,cpu         ] GC(21) User=0.01s Sys=0.00s Real=0.00s
[8.144s][info ][gc,start       ] GC(22) Pause Young (Normal) (G1 Evacuation Pause)
[8.144s][info ][gc,task        ] GC(22) Using 9 workers of 9 for evacuation
[8.144s][debug][gc,age         ] GC(22) Desired survivor size 16777216 bytes, new threshold 15 (max threshold 15)
[8.145s][info ][gc,phases      ] GC(22)   Pre Evacuate Collection Set: 0.07ms
[8.145s][info ][gc,phases      ] GC(22)   Merge Heap Roots: 0.05ms
[8.145s][info ][gc,phases      ] GC(22)   Evacuate Collection Set: 0.12ms
[8.145s][info ][gc,phases      ] GC(22)   Post Evacuate Collection Set: 0.24ms
[8.145s][info ][gc,phases      ] GC(22)   Other: 0.07ms
[8.145s][trace][gc,age         ] GC(22) Age table:
[8.145s][trace][gc,age         ] GC(22) - age   1:     400480 bytes,     400480 total
[8.145s][trace][gc,age         ] GC(22) - age  11:        264 bytes,     400744 total
[8.145s][info ][gc,heap        ] GC(22) Eden regions: 253->0(253)
[8.145s][info ][gc,heap        ] GC(22) Survivor regions: 1->1(32)
[8.145s][info ][gc,heap        ] GC(22) Old regions: 11->11
[8.145s][info ][gc,heap        ] GC(22) Humongous regions: 0->0
[8.145s][info ][gc,metaspace   ] GC(22) Metaspace: 9862K(10112K)->9862K(10112K) NonClass: 8943K(9088K)->8943K(9088K) Class: 919K(1024K)->919K(1024K)
[8.145s][info ][gc             ] GC(22) Pause Young (Normal) (G1 Evacuation Pause) 257M->4M(424M) 0.660ms
[8.145s][info ][gc,cpu         ] GC(22) User=0.01s Sys=0.00s Real=0.00s
[8.158s][info ][gc,start       ] GC(23) Pause Young (Normal) (G1 Evacuation Pause)
[8.158s][info ][gc,task        ] GC(23) Using 9 workers of 9 for evacuation
[8.158s][debug][gc,age         ] GC(23) Desired survivor size 16777216 bytes, new threshold 15 (max threshold 15)
[8.159s][info ][gc,phases      ] GC(23)   Pre Evacuate Collection Set: 0.09ms
[8.159s][info ][gc,phases      ] GC(23)   Merge Heap Roots: 0.08ms
[8.159s][info ][gc,phases      ] GC(23)   Evacuate Collection Set: 0.11ms
[8.159s][info ][gc,phases      ] GC(23)   Post Evacuate Collection Set: 0.25ms
[8.159s][info ][gc,phases      ] GC(23)   Other: 0.07ms
[8.159s][trace][gc,age         ] GC(23) Age table:
[8.159s][trace][gc,age         ] GC(23) - age   1:     400368 bytes,     400368 total
[8.159s][trace][gc,age         ] GC(23) - age  12:        264 bytes,     400632 total
[8.159s][info ][gc,heap        ] GC(23) Eden regions: 253->0(253)
[8.159s][info ][gc,heap        ] GC(23) Survivor regions: 1->1(32)
[8.159s][info ][gc,heap        ] GC(23) Old regions: 11->11
[8.159s][info ][gc,heap        ] GC(23) Humongous regions: 0->0
[8.159s][info ][gc,metaspace   ] GC(23) Metaspace: 9862K(10112K)->9862K(10112K) NonClass: 8943K(9088K)->8943K(9088K) Class: 919K(1024K)->919K(1024K)
[8.159s][info ][gc             ] GC(23) Pause Young (Normal) (G1 Evacuation Pause) 257M->4M(424M) 0.708ms
[8.159s][info ][gc,cpu         ] GC(23) User=0.00s Sys=0.00s Real=0.00s
[8.173s][info ][gc,start       ] GC(24) Pause Young (Normal) (G1 Evacuation Pause)
[8.173s][info ][gc,task        ] GC(24) Using 9 workers of 9 for evacuation
[8.173s][debug][gc,age         ] GC(24) Desired survivor size 16777216 bytes, new threshold 15 (max threshold 15)
[8.174s][info ][gc,phases      ] GC(24)   Pre Evacuate Collection Set: 0.08ms
[8.174s][info ][gc,phases      ] GC(24)   Merge Heap Roots: 0.05ms
[8.174s][info ][gc,phases      ] GC(24)   Evacuate Collection Set: 0.13ms
[8.174s][info ][gc,phases      ] GC(24)   Post Evacuate Collection Set: 0.18ms
[8.174s][info ][gc,phases      ] GC(24)   Other: 0.06ms
[8.174s][trace][gc,age         ] GC(24) Age table:
[8.174s][trace][gc,age         ] GC(24) - age   1:     400368 bytes,     400368 total
[8.174s][trace][gc,age         ] GC(24) - age  13:        264 bytes,     400632 total
[8.174s][info ][gc,heap        ] GC(24) Eden regions: 253->0(253)
[8.174s][info ][gc,heap        ] GC(24) Survivor regions: 1->1(32)
[8.174s][info ][gc,heap        ] GC(24) Old regions: 11->11
[8.174s][info ][gc,heap        ] GC(24) Humongous regions: 0->0
[8.174s][info ][gc,metaspace   ] GC(24) Metaspace: 9862K(10112K)->9862K(10112K) NonClass: 8943K(9088K)->8943K(9088K) Class: 919K(1024K)->919K(1024K)
[8.174s][info ][gc             ] GC(24) Pause Young (Normal) (G1 Evacuation Pause) 257M->4M(424M) 0.649ms
[8.174s][info ][gc,cpu         ] GC(24) User=0.00s Sys=0.00s Real=0.00s
[8.187s][info ][gc,start       ] GC(25) Pause Young (Normal) (G1 Evacuation Pause)
[8.188s][info ][gc,task        ] GC(25) Using 9 workers of 9 for evacuation
[8.188s][debug][gc,age         ] GC(25) Desired survivor size 16777216 bytes, new threshold 15 (max threshold 15)
[8.188s][info ][gc,phases      ] GC(25)   Pre Evacuate Collection Set: 0.07ms
[8.188s][info ][gc,phases      ] GC(25)   Merge Heap Roots: 0.08ms
[8.188s][info ][gc,phases      ] GC(25)   Evacuate Collection Set: 0.12ms
[8.188s][info ][gc,phases      ] GC(25)   Post Evacuate Collection Set: 0.21ms
[8.188s][info ][gc,phases      ] GC(25)   Other: 0.06ms
[8.188s][trace][gc,age         ] GC(25) Age table:
[8.188s][trace][gc,age         ] GC(25) - age   1:     400480 bytes,     400480 total
[8.188s][trace][gc,age         ] GC(25) - age  14:        264 bytes,     400744 total
[8.188s][info ][gc,heap        ] GC(25) Eden regions: 253->0(253)
[8.188s][info ][gc,heap        ] GC(25) Survivor regions: 1->1(32)
[8.188s][info ][gc,heap        ] GC(25) Old regions: 11->11
[8.188s][info ][gc,heap        ] GC(25) Humongous regions: 0->0
[8.188s][info ][gc,metaspace   ] GC(25) Metaspace: 9862K(10112K)->9862K(10112K) NonClass: 8943K(9088K)->8943K(9088K) Class: 919K(1024K)->919K(1024K)
[8.188s][info ][gc             ] GC(25) Pause Young (Normal) (G1 Evacuation Pause) 257M->4M(424M) 0.691ms
[8.188s][info ][gc,cpu         ] GC(25) User=0.00s Sys=0.00s Real=0.00s
[8.203s][info ][gc,start       ] GC(26) Pause Young (Normal) (G1 Evacuation Pause)
[8.203s][info ][gc,task        ] GC(26) Using 9 workers of 9 for evacuation
[8.203s][debug][gc,age         ] GC(26) Desired survivor size 16777216 bytes, new threshold 15 (max threshold 15)
[8.204s][info ][gc,phases      ] GC(26)   Pre Evacuate Collection Set: 0.12ms
[8.204s][info ][gc,phases      ] GC(26)   Merge Heap Roots: 0.07ms
[8.204s][info ][gc,phases      ] GC(26)   Evacuate Collection Set: 0.10ms
[8.204s][info ][gc,phases      ] GC(26)   Post Evacuate Collection Set: 0.19ms
[8.204s][info ][gc,phases      ] GC(26)   Other: 0.05ms
[8.204s][trace][gc,age         ] GC(26) Age table:
[8.204s][trace][gc,age         ] GC(26) - age   1:     400616 bytes,     400616 total
[8.204s][trace][gc,age         ] GC(26) - age  15:        264 bytes,     400880 total
[8.204s][info ][gc,heap        ] GC(26) Eden regions: 253->0(253)
[8.204s][info ][gc,heap        ] GC(26) Survivor regions: 1->1(32)
[8.204s][info ][gc,heap        ] GC(26) Old regions: 11->11
[8.204s][info ][gc,heap        ] GC(26) Humongous regions: 0->0
[8.204s][info ][gc,metaspace   ] GC(26) Metaspace: 9862K(10112K)->9862K(10112K) NonClass: 8943K(9088K)->8943K(9088K) Class: 919K(1024K)->919K(1024K)
[8.204s][info ][gc             ] GC(26) Pause Young (Normal) (G1 Evacuation Pause) 257M->4M(424M) 0.681ms
[8.204s][info ][gc,cpu         ] GC(26) User=0.01s Sys=0.00s Real=0.00s
[8.220s][info ][gc,start       ] GC(27) Pause Young (Normal) (G1 Evacuation Pause)
[8.220s][info ][gc,task        ] GC(27) Using 9 workers of 9 for evacuation
[8.220s][debug][gc,age         ] GC(27) Desired survivor size 16777216 bytes, new threshold 15 (max threshold 15)
[8.220s][info ][gc,phases      ] GC(27)   Pre Evacuate Collection Set: 0.10ms
[8.220s][info ][gc,phases      ] GC(27)   Merge Heap Roots: 0.08ms
[8.220s][info ][gc,phases      ] GC(27)   Evacuate Collection Set: 0.13ms
[8.220s][info ][gc,phases      ] GC(27)   Post Evacuate Collection Set: 0.19ms
[8.220s][info ][gc,phases      ] GC(27)   Other: 0.06ms
[8.220s][trace][gc,age         ] GC(27) Age table:
[8.220s][trace][gc,age         ] GC(27) - age   1:     400536 bytes,     400536 total
[8.220s][info ][gc,heap        ] GC(27) Eden regions: 253->0(253)
[8.220s][info ][gc,heap        ] GC(27) Survivor regions: 1->1(32)
[8.220s][info ][gc,heap        ] GC(27) Old regions: 11->11
[8.220s][info ][gc,heap        ] GC(27) Humongous regions: 0->0
[8.220s][info ][gc,metaspace   ] GC(27) Metaspace: 9862K(10112K)->9862K(10112K) NonClass: 8943K(9088K)->8943K(9088K) Class: 919K(1024K)->919K(1024K)
[8.220s][info ][gc             ] GC(27) Pause Young (Normal) (G1 Evacuation Pause) 257M->4M(424M) 0.688ms
[8.220s][info ][gc,cpu         ] GC(27) User=0.01s Sys=0.00s Real=0.00s
[8.236s][info ][gc,start       ] GC(28) Pause Young (Normal) (G1 Evacuation Pause)
[8.237s][info ][gc,task        ] GC(28) Using 9 workers of 9 for evacuation
[8.237s][debug][gc,age         ] GC(28) Desired survivor size 16777216 bytes, new threshold 15 (max threshold 15)
[8.237s][info ][gc,phases      ] GC(28)   Pre Evacuate Collection Set: 0.07ms
[8.237s][info ][gc,phases      ] GC(28)   Merge Heap Roots: 0.06ms
[8.237s][info ][gc,phases      ] GC(28)   Evacuate Collection Set: 0.16ms
[8.237s][info ][gc,phases      ] GC(28)   Post Evacuate Collection Set: 0.21ms
[8.237s][info ][gc,phases      ] GC(28)   Other: 0.06ms
[8.237s][trace][gc,age         ] GC(28) Age table:
[8.237s][trace][gc,age         ] GC(28) - age   1:     400536 bytes,     400536 total
[8.237s][info ][gc,heap        ] GC(28) Eden regions: 253->0(253)
[8.237s][info ][gc,heap        ] GC(28) Survivor regions: 1->1(32)
[8.237s][info ][gc,heap        ] GC(28) Old regions: 11->11
[8.237s][info ][gc,heap        ] GC(28) Humongous regions: 0->0
[8.237s][info ][gc,metaspace   ] GC(28) Metaspace: 9862K(10112K)->9862K(10112K) NonClass: 8943K(9088K)->8943K(9088K) Class: 919K(1024K)->919K(1024K)
[8.237s][info ][gc             ] GC(28) Pause Young (Normal) (G1 Evacuation Pause) 257M->4M(424M) 0.662ms
[8.237s][info ][gc,cpu         ] GC(28) User=0.00s Sys=0.00s Real=0.00s
[8.253s][info ][gc,start       ] GC(29) Pause Young (Normal) (G1 Evacuation Pause)
[8.253s][info ][gc,task        ] GC(29) Using 9 workers of 9 for evacuation
[8.253s][debug][gc,age         ] GC(29) Desired survivor size 16777216 bytes, new threshold 15 (max threshold 15)
[8.254s][info ][gc,phases      ] GC(29)   Pre Evacuate Collection Set: 0.08ms
[8.254s][info ][gc,phases      ] GC(29)   Merge Heap Roots: 0.07ms
[8.254s][info ][gc,phases      ] GC(29)   Evacuate Collection Set: 0.14ms
[8.254s][info ][gc,phases      ] GC(29)   Post Evacuate Collection Set: 0.19ms
[8.254s][info ][gc,phases      ] GC(29)   Other: 0.05ms
[8.254s][trace][gc,age         ] GC(29) Age table:
[8.254s][trace][gc,age         ] GC(29) - age   1:     400648 bytes,     400648 total
[8.254s][info ][gc,heap        ] GC(29) Eden regions: 253->0(253)
[8.254s][info ][gc,heap        ] GC(29) Survivor regions: 1->1(32)
[8.254s][info ][gc,heap        ] GC(29) Old regions: 11->11
[8.254s][info ][gc,heap        ] GC(29) Humongous regions: 0->0
[8.254s][info ][gc,metaspace   ] GC(29) Metaspace: 9862K(10112K)->9862K(10112K) NonClass: 8943K(9088K)->8943K(9088K) Class: 919K(1024K)->919K(1024K)
[8.254s][info ][gc             ] GC(29) Pause Young (Normal) (G1 Evacuation Pause) 257M->4M(424M) 0.680ms
[8.254s][info ][gc,cpu         ] GC(29) User=0.00s Sys=0.00s Real=0.00s
[8.270s][info ][gc,start       ] GC(30) Pause Young (Normal) (G1 Evacuation Pause)
[8.270s][info ][gc,task        ] GC(30) Using 9 workers of 9 for evacuation
[8.270s][debug][gc,age         ] GC(30) Desired survivor size 16777216 bytes, new threshold 15 (max threshold 15)
[8.271s][info ][gc,phases      ] GC(30)   Pre Evacuate Collection Set: 0.07ms
[8.271s][info ][gc,phases      ] GC(30)   Merge Heap Roots: 0.09ms
[8.271s][info ][gc,phases      ] GC(30)   Evacuate Collection Set: 0.10ms
[8.271s][info ][gc,phases      ] GC(30)   Post Evacuate Collection Set: 0.18ms
[8.271s][info ][gc,phases      ] GC(30)   Other: 0.06ms
[8.271s][trace][gc,age         ] GC(30) Age table:
[8.271s][trace][gc,age         ] GC(30) - age   1:     400536 bytes,     400536 total
[8.271s][info ][gc,heap        ] GC(30) Eden regions: 253->0(253)
[8.271s][info ][gc,heap        ] GC(30) Survivor regions: 1->1(32)
[8.271s][info ][gc,heap        ] GC(30) Old regions: 11->11
[8.271s][info ][gc,heap        ] GC(30) Humongous regions: 0->0
[8.271s][info ][gc,metaspace   ] GC(30) Metaspace: 9862K(10112K)->9862K(10112K) NonClass: 8943K(9088K)->8943K(9088K) Class: 919K(1024K)->919K(1024K)
[8.271s][info ][gc             ] GC(30) Pause Young (Normal) (G1 Evacuation Pause) 257M->4M(424M) 0.613ms
[8.271s][info ][gc,cpu         ] GC(30) User=0.00s Sys=0.00s Real=0.00s
[8.287s][info ][gc,start       ] GC(31) Pause Young (Normal) (G1 Evacuation Pause)
[8.287s][info ][gc,task        ] GC(31) Using 9 workers of 9 for evacuation
[8.287s][debug][gc,age         ] GC(31) Desired survivor size 16777216 bytes, new threshold 15 (max threshold 15)
[8.288s][info ][gc,phases      ] GC(31)   Pre Evacuate Collection Set: 0.11ms
[8.288s][info ][gc,phases      ] GC(31)   Merge Heap Roots: 0.09ms
[8.288s][info ][gc,phases      ] GC(31)   Evacuate Collection Set: 0.13ms
[8.288s][info ][gc,phases      ] GC(31)   Post Evacuate Collection Set: 0.20ms
[8.288s][info ][gc,phases      ] GC(31)   Other: 0.06ms
[8.288s][trace][gc,age         ] GC(31) Age table:
[8.288s][trace][gc,age         ] GC(31) - age   1:     400576 bytes,     400576 total
[8.288s][info ][gc,heap        ] GC(31) Eden regions: 253->0(253)
[8.288s][info ][gc,heap        ] GC(31) Survivor regions: 1->1(32)
[8.288s][info ][gc,heap        ] GC(31) Old regions: 11->11
[8.288s][info ][gc,heap        ] GC(31) Humongous regions: 0->0
[8.288s][info ][gc,metaspace   ] GC(31) Metaspace: 9862K(10112K)->9862K(10112K) NonClass: 8943K(9088K)->8943K(9088K) Class: 919K(1024K)->919K(1024K)
[8.288s][info ][gc             ] GC(31) Pause Young (Normal) (G1 Evacuation Pause) 257M->4M(424M) 0.717ms
[8.288s][info ][gc,cpu         ] GC(31) User=0.00s Sys=0.00s Real=0.00s
[8.304s][info ][gc,start       ] GC(32) Pause Young (Normal) (G1 Evacuation Pause)
[8.304s][info ][gc,task        ] GC(32) Using 9 workers of 9 for evacuation
[8.304s][debug][gc,age         ] GC(32) Desired survivor size 16777216 bytes, new threshold 15 (max threshold 15)
[8.304s][info ][gc,phases      ] GC(32)   Pre Evacuate Collection Set: 0.07ms
[8.304s][info ][gc,phases      ] GC(32)   Merge Heap Roots: 0.10ms
[8.304s][info ][gc,phases      ] GC(32)   Evacuate Collection Set: 0.11ms
[8.304s][info ][gc,phases      ] GC(32)   Post Evacuate Collection Set: 0.18ms
[8.304s][info ][gc,phases      ] GC(32)   Other: 0.06ms
[8.304s][trace][gc,age         ] GC(32) Age table:
[8.304s][trace][gc,age         ] GC(32) - age   1:     400368 bytes,     400368 total
[8.304s][trace][gc,age         ] GC(32) - age   2:         96 bytes,     400464 total
[8.304s][info ][gc,heap        ] GC(32) Eden regions: 253->0(253)
[8.304s][info ][gc,heap        ] GC(32) Survivor regions: 1->1(32)
[8.304s][info ][gc,heap        ] GC(32) Old regions: 11->11
[8.305s][info ][gc,heap        ] GC(32) Humongous regions: 0->0
[8.305s][info ][gc,metaspace   ] GC(32) Metaspace: 9862K(10112K)->9862K(10112K) NonClass: 8943K(9088K)->8943K(9088K) Class: 919K(1024K)->919K(1024K)
[8.305s][info ][gc             ] GC(32) Pause Young (Normal) (G1 Evacuation Pause) 257M->4M(424M) 0.630ms
[8.305s][info ][gc,cpu         ] GC(32) User=0.00s Sys=0.00s Real=0.00s
[8.320s][info ][gc,start       ] GC(33) Pause Young (Normal) (G1 Evacuation Pause)
[8.320s][info ][gc,task        ] GC(33) Using 9 workers of 9 for evacuation
[8.320s][debug][gc,age         ] GC(33) Desired survivor size 16777216 bytes, new threshold 15 (max threshold 15)
[8.321s][info ][gc,phases      ] GC(33)   Pre Evacuate Collection Set: 0.06ms
[8.321s][info ][gc,phases      ] GC(33)   Merge Heap Roots: 0.06ms
[8.321s][info ][gc,phases      ] GC(33)   Evacuate Collection Set: 0.13ms
[8.321s][info ][gc,phases      ] GC(33)   Post Evacuate Collection Set: 0.17ms
[8.321s][info ][gc,phases      ] GC(33)   Other: 0.07ms
[8.321s][trace][gc,age         ] GC(33) Age table:
[8.321s][trace][gc,age         ] GC(33) - age   1:     400208 bytes,     400208 total
[8.321s][trace][gc,age         ] GC(33) - age   2:        160 bytes,     400368 total
[8.321s][trace][gc,age         ] GC(33) - age   3:         96 bytes,     400464 total
[8.321s][info ][gc,heap        ] GC(33) Eden regions: 253->0(253)
[8.321s][info ][gc,heap        ] GC(33) Survivor regions: 1->1(32)
[8.321s][info ][gc,heap        ] GC(33) Old regions: 11->11
[8.321s][info ][gc,heap        ] GC(33) Humongous regions: 0->0
[8.321s][info ][gc,metaspace   ] GC(33) Metaspace: 9862K(10112K)->9862K(10112K) NonClass: 8943K(9088K)->8943K(9088K) Class: 919K(1024K)->919K(1024K)
[8.321s][info ][gc             ] GC(33) Pause Young (Normal) (G1 Evacuation Pause) 257M->4M(424M) 0.614ms
[8.321s][info ][gc,cpu         ] GC(33) User=0.00s Sys=0.00s Real=0.00s
[8.337s][info ][gc,start       ] GC(34) Pause Young (Normal) (G1 Evacuation Pause)
[8.337s][info ][gc,task        ] GC(34) Using 9 workers of 9 for evacuation
[8.337s][debug][gc,age         ] GC(34) Desired survivor size 16777216 bytes, new threshold 15 (max threshold 15)
[8.337s][info ][gc,phases      ] GC(34)   Pre Evacuate Collection Set: 0.06ms
[8.337s][info ][gc,phases      ] GC(34)   Merge Heap Roots: 0.09ms
[8.337s][info ][gc,phases      ] GC(34)   Evacuate Collection Set: 0.08ms
[8.337s][info ][gc,phases      ] GC(34)   Post Evacuate Collection Set: 0.17ms
[8.337s][info ][gc,phases      ] GC(34)   Other: 0.07ms
[8.337s][trace][gc,age         ] GC(34) Age table:
[8.337s][trace][gc,age         ] GC(34) - age   1:     400208 bytes,     400208 total
[8.337s][trace][gc,age         ] GC(34) - age   3:        160 bytes,     400368 total
[8.337s][trace][gc,age         ] GC(34) - age   4:         96 bytes,     400464 total
[8.337s][info ][gc,heap        ] GC(34) Eden regions: 253->0(253)
[8.337s][info ][gc,heap        ] GC(34) Survivor regions: 1->1(32)
[8.337s][info ][gc,heap        ] GC(34) Old regions: 11->11
[8.337s][info ][gc,heap        ] GC(34) Humongous regions: 0->0
[8.337s][info ][gc,metaspace   ] GC(34) Metaspace: 9862K(10112K)->9862K(10112K) NonClass: 8943K(9088K)->8943K(9088K) Class: 919K(1024K)->919K(1024K)
[8.337s][info ][gc             ] GC(34) Pause Young (Normal) (G1 Evacuation Pause) 257M->4M(424M) 0.601ms
[8.337s][info ][gc,cpu         ] GC(34) User=0.00s Sys=0.00s Real=0.00s
[8.354s][info ][gc,start       ] GC(35) Pause Young (Normal) (G1 Evacuation Pause)
[8.354s][info ][gc,task        ] GC(35) Using 9 workers of 9 for evacuation
[8.354s][debug][gc,age         ] GC(35) Desired survivor size 16777216 bytes, new threshold 15 (max threshold 15)
[8.354s][info ][gc,phases      ] GC(35)   Pre Evacuate Collection Set: 0.08ms
[8.354s][info ][gc,phases      ] GC(35)   Merge Heap Roots: 0.06ms
[8.354s][info ][gc,phases      ] GC(35)   Evacuate Collection Set: 0.09ms
[8.354s][info ][gc,phases      ] GC(35)   Post Evacuate Collection Set: 0.17ms
[8.354s][info ][gc,phases      ] GC(35)   Other: 0.06ms
[8.354s][trace][gc,age         ] GC(35) Age table:
[8.354s][trace][gc,age         ] GC(35) - age   1:     400208 bytes,     400208 total
[8.354s][trace][gc,age         ] GC(35) - age   4:        160 bytes,     400368 total
[8.354s][trace][gc,age         ] GC(35) - age   5:         96 bytes,     400464 total
[8.354s][info ][gc,heap        ] GC(35) Eden regions: 253->0(253)
[8.354s][info ][gc,heap        ] GC(35) Survivor regions: 1->1(32)
[8.354s][info ][gc,heap        ] GC(35) Old regions: 11->11
[8.354s][info ][gc,heap        ] GC(35) Humongous regions: 0->0
[8.354s][info ][gc,metaspace   ] GC(35) Metaspace: 9862K(10112K)->9862K(10112K) NonClass: 8943K(9088K)->8943K(9088K) Class: 919K(1024K)->919K(1024K)
[8.354s][info ][gc             ] GC(35) Pause Young (Normal) (G1 Evacuation Pause) 257M->4M(424M) 0.576ms
[8.354s][info ][gc,cpu         ] GC(35) User=0.00s Sys=0.00s Real=0.00s
[8.370s][info ][gc,start       ] GC(36) Pause Young (Normal) (G1 Evacuation Pause)
[8.370s][info ][gc,task        ] GC(36) Using 9 workers of 9 for evacuation
[8.370s][debug][gc,age         ] GC(36) Desired survivor size 16777216 bytes, new threshold 15 (max threshold 15)
[8.371s][info ][gc,phases      ] GC(36)   Pre Evacuate Collection Set: 0.09ms
[8.371s][info ][gc,phases      ] GC(36)   Merge Heap Roots: 0.14ms
[8.371s][info ][gc,phases      ] GC(36)   Evacuate Collection Set: 0.13ms
[8.371s][info ][gc,phases      ] GC(36)   Post Evacuate Collection Set: 0.21ms
[8.371s][info ][gc,phases      ] GC(36)   Other: 0.07ms
[8.371s][trace][gc,age         ] GC(36) Age table:
[8.371s][trace][gc,age         ] GC(36) - age   1:     400208 bytes,     400208 total
[8.371s][trace][gc,age         ] GC(36) - age   5:        160 bytes,     400368 total
[8.371s][trace][gc,age         ] GC(36) - age   6:         96 bytes,     400464 total
[8.371s][info ][gc,heap        ] GC(36) Eden regions: 253->0(253)
[8.371s][info ][gc,heap        ] GC(36) Survivor regions: 1->1(32)
[8.371s][info ][gc,heap        ] GC(36) Old regions: 11->11
[8.371s][info ][gc,heap        ] GC(36) Humongous regions: 0->0
[8.371s][info ][gc,metaspace   ] GC(36) Metaspace: 9862K(10112K)->9862K(10112K) NonClass: 8943K(9088K)->8943K(9088K) Class: 919K(1024K)->919K(1024K)
[8.371s][info ][gc             ] GC(36) Pause Young (Normal) (G1 Evacuation Pause) 257M->4M(424M) 0.764ms
[8.371s][info ][gc,cpu         ] GC(36) User=0.00s Sys=0.00s Real=0.00s
[8.387s][info ][gc,start       ] GC(37) Pause Young (Normal) (G1 Evacuation Pause)
[8.387s][info ][gc,task        ] GC(37) Using 9 workers of 9 for evacuation
[8.387s][debug][gc,age         ] GC(37) Desired survivor size 16777216 bytes, new threshold 15 (max threshold 15)
[8.388s][info ][gc,phases      ] GC(37)   Pre Evacuate Collection Set: 0.07ms
[8.388s][info ][gc,phases      ] GC(37)   Merge Heap Roots: 0.06ms
[8.388s][info ][gc,phases      ] GC(37)   Evacuate Collection Set: 0.14ms
[8.388s][info ][gc,phases      ] GC(37)   Post Evacuate Collection Set: 0.17ms
[8.388s][info ][gc,phases      ] GC(37)   Other: 0.06ms
[8.388s][trace][gc,age         ] GC(37) Age table:
[8.388s][trace][gc,age         ] GC(37) - age   1:     400208 bytes,     400208 total
[8.388s][trace][gc,age         ] GC(37) - age   6:        160 bytes,     400368 total
[8.388s][trace][gc,age         ] GC(37) - age   7:         96 bytes,     400464 total
[8.388s][info ][gc,heap        ] GC(37) Eden regions: 253->0(253)
[8.388s][info ][gc,heap        ] GC(37) Survivor regions: 1->1(32)
[8.388s][info ][gc,heap        ] GC(37) Old regions: 11->11
[8.388s][info ][gc,heap        ] GC(37) Humongous regions: 0->0
[8.388s][info ][gc,metaspace   ] GC(37) Metaspace: 9862K(10112K)->9862K(10112K) NonClass: 8943K(9088K)->8943K(9088K) Class: 919K(1024K)->919K(1024K)
[8.388s][info ][gc             ] GC(37) Pause Young (Normal) (G1 Evacuation Pause) 257M->4M(424M) 0.605ms
[8.388s][info ][gc,cpu         ] GC(37) User=0.00s Sys=0.00s Real=0.00s
[8.403s][info ][gc,start       ] GC(38) Pause Young (Normal) (G1 Evacuation Pause)
[8.404s][info ][gc,task        ] GC(38) Using 9 workers of 9 for evacuation
[8.404s][debug][gc,age         ] GC(38) Desired survivor size 16777216 bytes, new threshold 15 (max threshold 15)
[8.404s][info ][gc,phases      ] GC(38)   Pre Evacuate Collection Set: 0.09ms
[8.404s][info ][gc,phases      ] GC(38)   Merge Heap Roots: 0.07ms
[8.404s][info ][gc,phases      ] GC(38)   Evacuate Collection Set: 0.10ms
[8.404s][info ][gc,phases      ] GC(38)   Post Evacuate Collection Set: 0.20ms
[8.404s][info ][gc,phases      ] GC(38)   Other: 0.07ms
[8.404s][trace][gc,age         ] GC(38) Age table:
[8.404s][trace][gc,age         ] GC(38) - age   1:     400208 bytes,     400208 total
[8.404s][trace][gc,age         ] GC(38) - age   7:        160 bytes,     400368 total
[8.404s][trace][gc,age         ] GC(38) - age   8:         96 bytes,     400464 total
[8.404s][info ][gc,heap        ] GC(38) Eden regions: 253->0(253)
[8.404s][info ][gc,heap        ] GC(38) Survivor regions: 1->1(32)
[8.404s][info ][gc,heap        ] GC(38) Old regions: 11->11
[8.404s][info ][gc,heap        ] GC(38) Humongous regions: 0->0
[8.404s][info ][gc,metaspace   ] GC(38) Metaspace: 9862K(10112K)->9862K(10112K) NonClass: 8943K(9088K)->8943K(9088K) Class: 919K(1024K)->919K(1024K)
[8.404s][info ][gc             ] GC(38) Pause Young (Normal) (G1 Evacuation Pause) 257M->4M(424M) 0.641ms
[8.404s][info ][gc,cpu         ] GC(38) User=0.01s Sys=0.00s Real=0.00s
[8.420s][info ][gc,start       ] GC(39) Pause Young (Normal) (G1 Evacuation Pause)
[8.420s][info ][gc,task        ] GC(39) Using 9 workers of 9 for evacuation
[8.420s][debug][gc,age         ] GC(39) Desired survivor size 16777216 bytes, new threshold 15 (max threshold 15)
[8.420s][info ][gc,phases      ] GC(39)   Pre Evacuate Collection Set: 0.06ms
[8.420s][info ][gc,phases      ] GC(39)   Merge Heap Roots: 0.06ms
[8.420s][info ][gc,phases      ] GC(39)   Evacuate Collection Set: 0.13ms
[8.420s][info ][gc,phases      ] GC(39)   Post Evacuate Collection Set: 0.17ms
[8.420s][info ][gc,phases      ] GC(39)   Other: 0.08ms
[8.420s][trace][gc,age         ] GC(39) Age table:
[8.420s][trace][gc,age         ] GC(39) - age   1:     400208 bytes,     400208 total
[8.420s][trace][gc,age         ] GC(39) - age   8:        160 bytes,     400368 total
[8.420s][trace][gc,age         ] GC(39) - age   9:         96 bytes,     400464 total
[8.420s][info ][gc,heap        ] GC(39) Eden regions: 253->0(253)
[8.420s][info ][gc,heap        ] GC(39) Survivor regions: 1->1(32)
[8.420s][info ][gc,heap        ] GC(39) Old regions: 11->11
[8.420s][info ][gc,heap        ] GC(39) Humongous regions: 0->0
[8.420s][info ][gc,metaspace   ] GC(39) Metaspace: 9862K(10112K)->9862K(10112K) NonClass: 8943K(9088K)->8943K(9088K) Class: 919K(1024K)->919K(1024K)
[8.420s][info ][gc             ] GC(39) Pause Young (Normal) (G1 Evacuation Pause) 257M->4M(424M) 0.633ms
[8.420s][info ][gc,cpu         ] GC(39) User=0.00s Sys=0.00s Real=0.00s
[8.436s][info ][gc,start       ] GC(40) Pause Young (Normal) (G1 Evacuation Pause)
[8.436s][info ][gc,task        ] GC(40) Using 9 workers of 9 for evacuation
[8.436s][debug][gc,age         ] GC(40) Desired survivor size 16777216 bytes, new threshold 15 (max threshold 15)
[8.437s][info ][gc,phases      ] GC(40)   Pre Evacuate Collection Set: 0.08ms
[8.437s][info ][gc,phases      ] GC(40)   Merge Heap Roots: 0.07ms
[8.437s][info ][gc,phases      ] GC(40)   Evacuate Collection Set: 0.12ms
[8.437s][info ][gc,phases      ] GC(40)   Post Evacuate Collection Set: 0.21ms
[8.437s][info ][gc,phases      ] GC(40)   Other: 0.06ms
[8.437s][trace][gc,age         ] GC(40) Age table:
[8.437s][trace][gc,age         ] GC(40) - age   1:     400208 bytes,     400208 total
[8.437s][trace][gc,age         ] GC(40) - age   9:        160 bytes,     400368 total
[8.437s][trace][gc,age         ] GC(40) - age  10:         96 bytes,     400464 total
[8.437s][info ][gc,heap        ] GC(40) Eden regions: 253->0(253)
[8.437s][info ][gc,heap        ] GC(40) Survivor regions: 1->1(32)
[8.437s][info ][gc,heap        ] GC(40) Old regions: 11->11
[8.437s][info ][gc,heap        ] GC(40) Humongous regions: 0->0
[8.437s][info ][gc,metaspace   ] GC(40) Metaspace: 9862K(10112K)->9862K(10112K) NonClass: 8943K(9088K)->8943K(9088K) Class: 919K(1024K)->919K(1024K)
[8.437s][info ][gc             ] GC(40) Pause Young (Normal) (G1 Evacuation Pause) 257M->4M(424M) 0.662ms
[8.437s][info ][gc,cpu         ] GC(40) User=0.00s Sys=0.00s Real=0.00s
[8.453s][info ][gc,start       ] GC(41) Pause Young (Normal) (G1 Evacuation Pause)
[8.453s][info ][gc,task        ] GC(41) Using 9 workers of 9 for evacuation
[8.453s][debug][gc,age         ] GC(41) Desired survivor size 16777216 bytes, new threshold 15 (max threshold 15)
[8.454s][info ][gc,phases      ] GC(41)   Pre Evacuate Collection Set: 0.07ms
[8.454s][info ][gc,phases      ] GC(41)   Merge Heap Roots: 0.06ms
[8.454s][info ][gc,phases      ] GC(41)   Evacuate Collection Set: 0.11ms
[8.454s][info ][gc,phases      ] GC(41)   Post Evacuate Collection Set: 0.20ms
[8.454s][info ][gc,phases      ] GC(41)   Other: 0.07ms
[8.454s][trace][gc,age         ] GC(41) Age table:
[8.454s][trace][gc,age         ] GC(41) - age   1:     400208 bytes,     400208 total
[8.454s][trace][gc,age         ] GC(41) - age  10:        160 bytes,     400368 total
[8.454s][trace][gc,age         ] GC(41) - age  11:         96 bytes,     400464 total
[8.454s][info ][gc,heap        ] GC(41) Eden regions: 253->0(253)
[8.454s][info ][gc,heap        ] GC(41) Survivor regions: 1->1(32)
[8.454s][info ][gc,heap        ] GC(41) Old regions: 11->11
[8.454s][info ][gc,heap        ] GC(41) Humongous regions: 0->0
[8.454s][info ][gc,metaspace   ] GC(41) Metaspace: 9862K(10112K)->9862K(10112K) NonClass: 8943K(9088K)->8943K(9088K) Class: 919K(1024K)->919K(1024K)
[8.454s][info ][gc             ] GC(41) Pause Young (Normal) (G1 Evacuation Pause) 257M->4M(424M) 0.642ms
[8.454s][info ][gc,cpu         ] GC(41) User=0.00s Sys=0.01s Real=0.00s
[8.470s][info ][gc,start       ] GC(42) Pause Young (Normal) (G1 Evacuation Pause)
[8.470s][info ][gc,task        ] GC(42) Using 9 workers of 9 for evacuation
[8.470s][debug][gc,age         ] GC(42) Desired survivor size 16777216 bytes, new threshold 15 (max threshold 15)
[8.470s][info ][gc,phases      ] GC(42)   Pre Evacuate Collection Set: 0.06ms
[8.470s][info ][gc,phases      ] GC(42)   Merge Heap Roots: 0.06ms
[8.470s][info ][gc,phases      ] GC(42)   Evacuate Collection Set: 0.13ms
[8.470s][info ][gc,phases      ] GC(42)   Post Evacuate Collection Set: 0.19ms
[8.470s][info ][gc,phases      ] GC(42)   Other: 0.06ms
[8.470s][trace][gc,age         ] GC(42) Age table:
[8.470s][trace][gc,age         ] GC(42) - age   1:     400208 bytes,     400208 total
[8.470s][trace][gc,age         ] GC(42) - age  11:        160 bytes,     400368 total
[8.470s][trace][gc,age         ] GC(42) - age  12:         96 bytes,     400464 total
[8.470s][info ][gc,heap        ] GC(42) Eden regions: 253->0(253)
[8.470s][info ][gc,heap        ] GC(42) Survivor regions: 1->1(32)
[8.470s][info ][gc,heap        ] GC(42) Old regions: 11->11
[8.470s][info ][gc,heap        ] GC(42) Humongous regions: 0->0
[8.470s][info ][gc,metaspace   ] GC(42) Metaspace: 9862K(10112K)->9862K(10112K) NonClass: 8943K(9088K)->8943K(9088K) Class: 919K(1024K)->919K(1024K)
[8.470s][info ][gc             ] GC(42) Pause Young (Normal) (G1 Evacuation Pause) 257M->4M(424M) 0.593ms
[8.470s][info ][gc,cpu         ] GC(42) User=0.00s Sys=0.00s Real=0.00s
[8.486s][info ][gc,start       ] GC(43) Pause Young (Normal) (G1 Evacuation Pause)
[8.486s][info ][gc,task        ] GC(43) Using 9 workers of 9 for evacuation
[8.486s][debug][gc,age         ] GC(43) Desired survivor size 16777216 bytes, new threshold 15 (max threshold 15)
[8.487s][info ][gc,phases      ] GC(43)   Pre Evacuate Collection Set: 0.07ms
[8.487s][info ][gc,phases      ] GC(43)   Merge Heap Roots: 0.05ms
[8.487s][info ][gc,phases      ] GC(43)   Evacuate Collection Set: 0.12ms
[8.487s][info ][gc,phases      ] GC(43)   Post Evacuate Collection Set: 0.17ms
[8.487s][info ][gc,phases      ] GC(43)   Other: 0.06ms
[8.487s][trace][gc,age         ] GC(43) Age table:
[8.487s][trace][gc,age         ] GC(43) - age   1:     400208 bytes,     400208 total
[8.487s][trace][gc,age         ] GC(43) - age  12:        160 bytes,     400368 total
[8.487s][trace][gc,age         ] GC(43) - age  13:         96 bytes,     400464 total
[8.487s][info ][gc,heap        ] GC(43) Eden regions: 253->0(253)
[8.487s][info ][gc,heap        ] GC(43) Survivor regions: 1->1(32)
[8.487s][info ][gc,heap        ] GC(43) Old regions: 11->11
[8.487s][info ][gc,heap        ] GC(43) Humongous regions: 0->0
[8.487s][info ][gc,metaspace   ] GC(43) Metaspace: 9862K(10112K)->9862K(10112K) NonClass: 8943K(9088K)->8943K(9088K) Class: 919K(1024K)->919K(1024K)
[8.487s][info ][gc             ] GC(43) Pause Young (Normal) (G1 Evacuation Pause) 257M->4M(424M) 0.576ms
[8.487s][info ][gc,cpu         ] GC(43) User=0.00s Sys=0.00s Real=0.00s
[8.503s][info ][gc,start       ] GC(44) Pause Young (Normal) (G1 Evacuation Pause)
[8.503s][info ][gc,task        ] GC(44) Using 9 workers of 9 for evacuation
[8.503s][debug][gc,age         ] GC(44) Desired survivor size 16777216 bytes, new threshold 15 (max threshold 15)
[8.503s][info ][gc,phases      ] GC(44)   Pre Evacuate Collection Set: 0.07ms
[8.503s][info ][gc,phases      ] GC(44)   Merge Heap Roots: 0.06ms
[8.503s][info ][gc,phases      ] GC(44)   Evacuate Collection Set: 0.13ms
[8.503s][info ][gc,phases      ] GC(44)   Post Evacuate Collection Set: 0.16ms
[8.503s][info ][gc,phases      ] GC(44)   Other: 0.05ms
[8.503s][trace][gc,age         ] GC(44) Age table:
[8.503s][trace][gc,age         ] GC(44) - age   1:     400208 bytes,     400208 total
[8.503s][trace][gc,age         ] GC(44) - age  13:        160 bytes,     400368 total
[8.503s][trace][gc,age         ] GC(44) - age  14:         96 bytes,     400464 total
[8.503s][info ][gc,heap        ] GC(44) Eden regions: 253->0(253)
[8.503s][info ][gc,heap        ] GC(44) Survivor regions: 1->1(32)
[8.503s][info ][gc,heap        ] GC(44) Old regions: 11->11
[8.503s][info ][gc,heap        ] GC(44) Humongous regions: 0->0
[8.503s][info ][gc,metaspace   ] GC(44) Metaspace: 9862K(10112K)->9862K(10112K) NonClass: 8943K(9088K)->8943K(9088K) Class: 919K(1024K)->919K(1024K)
[8.503s][info ][gc             ] GC(44) Pause Young (Normal) (G1 Evacuation Pause) 257M->4M(424M) 0.584ms
[8.503s][info ][gc,cpu         ] GC(44) User=0.00s Sys=0.00s Real=0.00s
[8.519s][info ][gc,start       ] GC(45) Pause Young (Normal) (G1 Evacuation Pause)
[8.519s][info ][gc,task        ] GC(45) Using 9 workers of 9 for evacuation
[8.519s][debug][gc,age         ] GC(45) Desired survivor size 16777216 bytes, new threshold 15 (max threshold 15)
[8.519s][info ][gc,phases      ] GC(45)   Pre Evacuate Collection Set: 0.08ms
[8.519s][info ][gc,phases      ] GC(45)   Merge Heap Roots: 0.09ms
[8.519s][info ][gc,phases      ] GC(45)   Evacuate Collection Set: 0.09ms
[8.519s][info ][gc,phases      ] GC(45)   Post Evacuate Collection Set: 0.19ms
[8.519s][info ][gc,phases      ] GC(45)   Other: 0.05ms
[8.519s][trace][gc,age         ] GC(45) Age table:
[8.519s][trace][gc,age         ] GC(45) - age   1:     400208 bytes,     400208 total
[8.519s][trace][gc,age         ] GC(45) - age  14:        160 bytes,     400368 total
[8.519s][trace][gc,age         ] GC(45) - age  15:         96 bytes,     400464 total
[8.519s][info ][gc,heap        ] GC(45) Eden regions: 253->0(253)
[8.519s][info ][gc,heap        ] GC(45) Survivor regions: 1->1(32)
[8.519s][info ][gc,heap        ] GC(45) Old regions: 11->11
[8.519s][info ][gc,heap        ] GC(45) Humongous regions: 0->0
[8.519s][info ][gc,metaspace   ] GC(45) Metaspace: 9862K(10112K)->9862K(10112K) NonClass: 8943K(9088K)->8943K(9088K) Class: 919K(1024K)->919K(1024K)
[8.519s][info ][gc             ] GC(45) Pause Young (Normal) (G1 Evacuation Pause) 257M->4M(424M) 0.598ms
[8.519s][info ][gc,cpu         ] GC(45) User=0.00s Sys=0.00s Real=0.00s
[8.535s][info ][gc,start       ] GC(46) Pause Young (Normal) (G1 Evacuation Pause)
[8.535s][info ][gc,task        ] GC(46) Using 9 workers of 9 for evacuation
[8.535s][debug][gc,age         ] GC(46) Desired survivor size 16777216 bytes, new threshold 15 (max threshold 15)
[8.536s][info ][gc,phases      ] GC(46)   Pre Evacuate Collection Set: 0.10ms
[8.536s][info ][gc,phases      ] GC(46)   Merge Heap Roots: 0.08ms
[8.536s][info ][gc,phases      ] GC(46)   Evacuate Collection Set: 0.11ms
[8.536s][info ][gc,phases      ] GC(46)   Post Evacuate Collection Set: 0.19ms
[8.536s][info ][gc,phases      ] GC(46)   Other: 0.06ms
[8.536s][trace][gc,age         ] GC(46) Age table:
[8.536s][trace][gc,age         ] GC(46) - age   1:     400208 bytes,     400208 total
[8.536s][trace][gc,age         ] GC(46) - age  15:        160 bytes,     400368 total
[8.536s][info ][gc,heap        ] GC(46) Eden regions: 253->0(253)
[8.536s][info ][gc,heap        ] GC(46) Survivor regions: 1->1(32)
[8.536s][info ][gc,heap        ] GC(46) Old regions: 11->11
[8.536s][info ][gc,heap        ] GC(46) Humongous regions: 0->0
[8.536s][info ][gc,metaspace   ] GC(46) Metaspace: 9862K(10112K)->9862K(10112K) NonClass: 8943K(9088K)->8943K(9088K) Class: 919K(1024K)->919K(1024K)
[8.536s][info ][gc             ] GC(46) Pause Young (Normal) (G1 Evacuation Pause) 257M->4M(424M) 0.639ms
[8.536s][info ][gc,cpu         ] GC(46) User=0.00s Sys=0.00s Real=0.00s
[8.552s][info ][gc,start       ] GC(47) Pause Young (Normal) (G1 Evacuation Pause)
[8.552s][info ][gc,task        ] GC(47) Using 9 workers of 9 for evacuation
[8.552s][debug][gc,age         ] GC(47) Desired survivor size 16777216 bytes, new threshold 15 (max threshold 15)
[8.553s][info ][gc,phases      ] GC(47)   Pre Evacuate Collection Set: 0.07ms
[8.553s][info ][gc,phases      ] GC(47)   Merge Heap Roots: 0.05ms
[8.553s][info ][gc,phases      ] GC(47)   Evacuate Collection Set: 0.11ms
[8.553s][info ][gc,phases      ] GC(47)   Post Evacuate Collection Set: 0.17ms
[8.553s][info ][gc,phases      ] GC(47)   Other: 0.06ms
[8.553s][trace][gc,age         ] GC(47) Age table:
[8.553s][trace][gc,age         ] GC(47) - age   1:     400208 bytes,     400208 total
[8.553s][info ][gc,heap        ] GC(47) Eden regions: 253->0(253)
[8.553s][info ][gc,heap        ] GC(47) Survivor regions: 1->1(32)
[8.553s][info ][gc,heap        ] GC(47) Old regions: 11->11
[8.553s][info ][gc,heap        ] GC(47) Humongous regions: 0->0
[8.553s][info ][gc,metaspace   ] GC(47) Metaspace: 9862K(10112K)->9862K(10112K) NonClass: 8943K(9088K)->8943K(9088K) Class: 919K(1024K)->919K(1024K)
[8.553s][info ][gc             ] GC(47) Pause Young (Normal) (G1 Evacuation Pause) 257M->4M(424M) 0.568ms
[8.553s][info ][gc,cpu         ] GC(47) User=0.00s Sys=0.00s Real=0.00s
[8.569s][info ][gc,start       ] GC(48) Pause Young (Normal) (G1 Evacuation Pause)
[8.569s][info ][gc,task        ] GC(48) Using 9 workers of 9 for evacuation
[8.569s][debug][gc,age         ] GC(48) Desired survivor size 16777216 bytes, new threshold 15 (max threshold 15)
[8.569s][info ][gc,phases      ] GC(48)   Pre Evacuate Collection Set: 0.07ms
[8.569s][info ][gc,phases      ] GC(48)   Merge Heap Roots: 0.06ms
[8.569s][info ][gc,phases      ] GC(48)   Evacuate Collection Set: 0.12ms
[8.569s][info ][gc,phases      ] GC(48)   Post Evacuate Collection Set: 0.19ms
[8.569s][info ][gc,phases      ] GC(48)   Other: 0.05ms
[8.569s][trace][gc,age         ] GC(48) Age table:
[8.569s][trace][gc,age         ] GC(48) - age   1:     400208 bytes,     400208 total
[8.569s][info ][gc,heap        ] GC(48) Eden regions: 253->0(253)
[8.569s][info ][gc,heap        ] GC(48) Survivor regions: 1->1(32)
[8.569s][info ][gc,heap        ] GC(48) Old regions: 11->11
[8.569s][info ][gc,heap        ] GC(48) Humongous regions: 0->0
[8.569s][info ][gc,metaspace   ] GC(48) Metaspace: 9862K(10112K)->9862K(10112K) NonClass: 8943K(9088K)->8943K(9088K) Class: 919K(1024K)->919K(1024K)
[8.569s][info ][gc             ] GC(48) Pause Young (Normal) (G1 Evacuation Pause) 257M->4M(424M) 0.569ms
[8.569s][info ][gc,cpu         ] GC(48) User=0.00s Sys=0.00s Real=0.00s
[8.586s][info ][gc,start       ] GC(49) Pause Young (Normal) (G1 Evacuation Pause)
[8.586s][info ][gc,task        ] GC(49) Using 9 workers of 9 for evacuation
[8.586s][debug][gc,age         ] GC(49) Desired survivor size 16777216 bytes, new threshold 15 (max threshold 15)
[8.586s][info ][gc,phases      ] GC(49)   Pre Evacuate Collection Set: 0.07ms
[8.586s][info ][gc,phases      ] GC(49)   Merge Heap Roots: 0.06ms
[8.586s][info ][gc,phases      ] GC(49)   Evacuate Collection Set: 0.12ms
[8.586s][info ][gc,phases      ] GC(49)   Post Evacuate Collection Set: 0.17ms
[8.586s][info ][gc,phases      ] GC(49)   Other: 0.06ms
[8.586s][trace][gc,age         ] GC(49) Age table:
[8.586s][trace][gc,age         ] GC(49) - age   1:     400208 bytes,     400208 total
[8.586s][info ][gc,heap        ] GC(49) Eden regions: 253->0(253)
[8.586s][info ][gc,heap        ] GC(49) Survivor regions: 1->1(32)
[8.586s][info ][gc,heap        ] GC(49) Old regions: 11->11
[8.586s][info ][gc,heap        ] GC(49) Humongous regions: 0->0
[8.586s][info ][gc,metaspace   ] GC(49) Metaspace: 9862K(10112K)->9862K(10112K) NonClass: 8943K(9088K)->8943K(9088K) Class: 919K(1024K)->919K(1024K)
[8.586s][info ][gc             ] GC(49) Pause Young (Normal) (G1 Evacuation Pause) 257M->4M(424M) 0.576ms
[8.586s][info ][gc,cpu         ] GC(49) User=0.00s Sys=0.01s Real=0.00s
[8.602s][info ][gc,start       ] GC(50) Pause Young (Normal) (G1 Evacuation Pause)
[8.602s][info ][gc,task        ] GC(50) Using 9 workers of 9 for evacuation
[8.602s][debug][gc,age         ] GC(50) Desired survivor size 16777216 bytes, new threshold 15 (max threshold 15)
[8.602s][info ][gc,phases      ] GC(50)   Pre Evacuate Collection Set: 0.07ms
[8.602s][info ][gc,phases      ] GC(50)   Merge Heap Roots: 0.10ms
[8.602s][info ][gc,phases      ] GC(50)   Evacuate Collection Set: 0.13ms
[8.602s][info ][gc,phases      ] GC(50)   Post Evacuate Collection Set: 0.15ms
[8.602s][info ][gc,phases      ] GC(50)   Other: 0.05ms
[8.602s][trace][gc,age         ] GC(50) Age table:
[8.602s][trace][gc,age         ] GC(50) - age   1:     400208 bytes,     400208 total
[8.602s][info ][gc,heap        ] GC(50) Eden regions: 253->0(253)
[8.602s][info ][gc,heap        ] GC(50) Survivor regions: 1->1(32)
[8.602s][info ][gc,heap        ] GC(50) Old regions: 11->11
[8.602s][info ][gc,heap        ] GC(50) Humongous regions: 0->0
[8.602s][info ][gc,metaspace   ] GC(50) Metaspace: 9862K(10112K)->9862K(10112K) NonClass: 8943K(9088K)->8943K(9088K) Class: 919K(1024K)->919K(1024K)
[8.602s][info ][gc             ] GC(50) Pause Young (Normal) (G1 Evacuation Pause) 257M->4M(424M) 0.593ms
[8.602s][info ][gc,cpu         ] GC(50) User=0.00s Sys=0.00s Real=0.00s
[8.618s][info ][gc,start       ] GC(51) Pause Young (Normal) (G1 Evacuation Pause)
[8.618s][info ][gc,task        ] GC(51) Using 9 workers of 9 for evacuation
[8.618s][debug][gc,age         ] GC(51) Desired survivor size 16777216 bytes, new threshold 15 (max threshold 15)
[8.618s][info ][gc,phases      ] GC(51)   Pre Evacuate Collection Set: 0.07ms
[8.619s][info ][gc,phases      ] GC(51)   Merge Heap Roots: 0.08ms
[8.619s][info ][gc,phases      ] GC(51)   Evacuate Collection Set: 0.08ms
[8.619s][info ][gc,phases      ] GC(51)   Post Evacuate Collection Set: 0.18ms
[8.619s][info ][gc,phases      ] GC(51)   Other: 0.05ms
[8.619s][trace][gc,age         ] GC(51) Age table:
[8.619s][trace][gc,age         ] GC(51) - age   1:     400208 bytes,     400208 total
[8.619s][info ][gc,heap        ] GC(51) Eden regions: 253->0(253)
[8.619s][info ][gc,heap        ] GC(51) Survivor regions: 1->1(32)
[8.619s][info ][gc,heap        ] GC(51) Old regions: 11->11
[8.619s][info ][gc,heap        ] GC(51) Humongous regions: 0->0
[8.619s][info ][gc,metaspace   ] GC(51) Metaspace: 9862K(10112K)->9862K(10112K) NonClass: 8943K(9088K)->8943K(9088K) Class: 919K(1024K)->919K(1024K)
[8.619s][info ][gc             ] GC(51) Pause Young (Normal) (G1 Evacuation Pause) 257M->4M(424M) 0.569ms
[8.619s][info ][gc,cpu         ] GC(51) User=0.00s Sys=0.00s Real=0.00s
[8.635s][info ][gc,start       ] GC(52) Pause Young (Normal) (G1 Evacuation Pause)
[8.635s][info ][gc,task        ] GC(52) Using 9 workers of 9 for evacuation
[8.635s][debug][gc,age         ] GC(52) Desired survivor size 16777216 bytes, new threshold 15 (max threshold 15)
[8.635s][info ][gc,phases      ] GC(52)   Pre Evacuate Collection Set: 0.07ms
[8.635s][info ][gc,phases      ] GC(52)   Merge Heap Roots: 0.06ms
[8.635s][info ][gc,phases      ] GC(52)   Evacuate Collection Set: 0.12ms
[8.635s][info ][gc,phases      ] GC(52)   Post Evacuate Collection Set: 0.17ms
[8.635s][info ][gc,phases      ] GC(52)   Other: 0.05ms
[8.635s][trace][gc,age         ] GC(52) Age table:
[8.635s][trace][gc,age         ] GC(52) - age   1:     400208 bytes,     400208 total
[8.635s][info ][gc,heap        ] GC(52) Eden regions: 253->0(253)
[8.635s][info ][gc,heap        ] GC(52) Survivor regions: 1->1(32)
[8.635s][info ][gc,heap        ] GC(52) Old regions: 11->11
[8.635s][info ][gc,heap        ] GC(52) Humongous regions: 0->0
[8.635s][info ][gc,metaspace   ] GC(52) Metaspace: 9862K(10112K)->9862K(10112K) NonClass: 8943K(9088K)->8943K(9088K) Class: 919K(1024K)->919K(1024K)
[8.635s][info ][gc             ] GC(52) Pause Young (Normal) (G1 Evacuation Pause) 257M->4M(424M) 0.555ms
[8.635s][info ][gc,cpu         ] GC(52) User=0.00s Sys=0.00s Real=0.01s
[8.651s][info ][gc,start       ] GC(53) Pause Young (Normal) (G1 Evacuation Pause)
[8.651s][info ][gc,task        ] GC(53) Using 9 workers of 9 for evacuation
[8.651s][debug][gc,age         ] GC(53) Desired survivor size 16777216 bytes, new threshold 15 (max threshold 15)
[8.652s][info ][gc,phases      ] GC(53)   Pre Evacuate Collection Set: 0.05ms
[8.652s][info ][gc,phases      ] GC(53)   Merge Heap Roots: 0.09ms
[8.652s][info ][gc,phases      ] GC(53)   Evacuate Collection Set: 0.09ms
[8.652s][info ][gc,phases      ] GC(53)   Post Evacuate Collection Set: 0.18ms
[8.652s][info ][gc,phases      ] GC(53)   Other: 0.04ms
[8.652s][trace][gc,age         ] GC(53) Age table:
[8.652s][trace][gc,age         ] GC(53) - age   1:     400208 bytes,     400208 total
[8.652s][info ][gc,heap        ] GC(53) Eden regions: 253->0(253)
[8.652s][info ][gc,heap        ] GC(53) Survivor regions: 1->1(32)
[8.652s][info ][gc,heap        ] GC(53) Old regions: 11->11
[8.652s][info ][gc,heap        ] GC(53) Humongous regions: 0->0
[8.652s][info ][gc,metaspace   ] GC(53) Metaspace: 9862K(10112K)->9862K(10112K) NonClass: 8943K(9088K)->8943K(9088K) Class: 919K(1024K)->919K(1024K)
[8.652s][info ][gc             ] GC(53) Pause Young (Normal) (G1 Evacuation Pause) 257M->4M(424M) 0.558ms
[8.652s][info ][gc,cpu         ] GC(53) User=0.00s Sys=0.00s Real=0.00s
[8.668s][info ][gc,start       ] GC(54) Pause Young (Normal) (G1 Evacuation Pause)
[8.668s][info ][gc,task        ] GC(54) Using 9 workers of 9 for evacuation
[8.668s][debug][gc,age         ] GC(54) Desired survivor size 16777216 bytes, new threshold 15 (max threshold 15)
[8.669s][info ][gc,phases      ] GC(54)   Pre Evacuate Collection Set: 0.09ms
[8.669s][info ][gc,phases      ] GC(54)   Merge Heap Roots: 0.11ms
[8.669s][info ][gc,phases      ] GC(54)   Evacuate Collection Set: 0.10ms
[8.669s][info ][gc,phases      ] GC(54)   Post Evacuate Collection Set: 0.20ms
[8.669s][info ][gc,phases      ] GC(54)   Other: 0.05ms
[8.669s][trace][gc,age         ] GC(54) Age table:
[8.669s][trace][gc,age         ] GC(54) - age   1:     400208 bytes,     400208 total
[8.669s][info ][gc,heap        ] GC(54) Eden regions: 253->0(253)
[8.669s][info ][gc,heap        ] GC(54) Survivor regions: 1->1(32)
[8.669s][info ][gc,heap        ] GC(54) Old regions: 11->11
[8.669s][info ][gc,heap        ] GC(54) Humongous regions: 0->0
[8.669s][info ][gc,metaspace   ] GC(54) Metaspace: 9862K(10112K)->9862K(10112K) NonClass: 8943K(9088K)->8943K(9088K) Class: 919K(1024K)->919K(1024K)
[8.669s][info ][gc             ] GC(54) Pause Young (Normal) (G1 Evacuation Pause) 257M->4M(424M) 0.654ms
[8.669s][info ][gc,cpu         ] GC(54) User=0.00s Sys=0.00s Real=0.00s
[8.684s][info ][gc,start       ] GC(55) Pause Young (Normal) (G1 Evacuation Pause)
[8.684s][info ][gc,task        ] GC(55) Using 9 workers of 9 for evacuation
[8.684s][debug][gc,age         ] GC(55) Desired survivor size 16777216 bytes, new threshold 15 (max threshold 15)
[8.685s][info ][gc,phases      ] GC(55)   Pre Evacuate Collection Set: 0.09ms
[8.685s][info ][gc,phases      ] GC(55)   Merge Heap Roots: 0.07ms
[8.685s][info ][gc,phases      ] GC(55)   Evacuate Collection Set: 0.08ms
[8.685s][info ][gc,phases      ] GC(55)   Post Evacuate Collection Set: 0.17ms
[8.685s][info ][gc,phases      ] GC(55)   Other: 0.07ms
[8.685s][trace][gc,age         ] GC(55) Age table:
[8.685s][trace][gc,age         ] GC(55) - age   1:     400208 bytes,     400208 total
[8.685s][info ][gc,heap        ] GC(55) Eden regions: 253->0(253)
[8.685s][info ][gc,heap        ] GC(55) Survivor regions: 1->1(32)
[8.685s][info ][gc,heap        ] GC(55) Old regions: 11->11
[8.685s][info ][gc,heap        ] GC(55) Humongous regions: 0->0
[8.685s][info ][gc,metaspace   ] GC(55) Metaspace: 9862K(10112K)->9862K(10112K) NonClass: 8943K(9088K)->8943K(9088K) Class: 919K(1024K)->919K(1024K)
[8.685s][info ][gc             ] GC(55) Pause Young (Normal) (G1 Evacuation Pause) 257M->4M(424M) 0.565ms
[8.685s][info ][gc,cpu         ] GC(55) User=0.00s Sys=0.00s Real=0.00s
[8.701s][info ][gc,start       ] GC(56) Pause Young (Normal) (G1 Evacuation Pause)
[8.701s][info ][gc,task        ] GC(56) Using 9 workers of 9 for evacuation
[8.701s][debug][gc,age         ] GC(56) Desired survivor size 16777216 bytes, new threshold 15 (max threshold 15)
[8.702s][info ][gc,phases      ] GC(56)   Pre Evacuate Collection Set: 0.07ms
[8.702s][info ][gc,phases      ] GC(56)   Merge Heap Roots: 0.06ms
[8.702s][info ][gc,phases      ] GC(56)   Evacuate Collection Set: 0.09ms
[8.702s][info ][gc,phases      ] GC(56)   Post Evacuate Collection Set: 0.18ms
[8.702s][info ][gc,phases      ] GC(56)   Other: 0.05ms
[8.702s][trace][gc,age         ] GC(56) Age table:
[8.702s][trace][gc,age         ] GC(56) - age   1:     400208 bytes,     400208 total
[8.702s][info ][gc,heap        ] GC(56) Eden regions: 253->0(253)
[8.702s][info ][gc,heap        ] GC(56) Survivor regions: 1->1(32)
[8.702s][info ][gc,heap        ] GC(56) Old regions: 11->11
[8.702s][info ][gc,heap        ] GC(56) Humongous regions: 0->0
[8.702s][info ][gc,metaspace   ] GC(56) Metaspace: 9862K(10112K)->9862K(10112K) NonClass: 8943K(9088K)->8943K(9088K) Class: 919K(1024K)->919K(1024K)
[8.702s][info ][gc             ] GC(56) Pause Young (Normal) (G1 Evacuation Pause) 257M->4M(424M) 0.534ms
[8.702s][info ][gc,cpu         ] GC(56) User=0.00s Sys=0.00s Real=0.00s
[8.718s][info ][gc,start       ] GC(57) Pause Young (Normal) (G1 Evacuation Pause)
[8.718s][info ][gc,task        ] GC(57) Using 9 workers of 9 for evacuation
[8.718s][debug][gc,age         ] GC(57) Desired survivor size 16777216 bytes, new threshold 15 (max threshold 15)
[8.718s][info ][gc,phases      ] GC(57)   Pre Evacuate Collection Set: 0.09ms
[8.718s][info ][gc,phases      ] GC(57)   Merge Heap Roots: 0.08ms
[8.718s][info ][gc,phases      ] GC(57)   Evacuate Collection Set: 0.08ms
[8.718s][info ][gc,phases      ] GC(57)   Post Evacuate Collection Set: 0.18ms
[8.718s][info ][gc,phases      ] GC(57)   Other: 0.05ms
[8.718s][trace][gc,age         ] GC(57) Age table:
[8.718s][trace][gc,age         ] GC(57) - age   1:     400208 bytes,     400208 total
[8.718s][info ][gc,heap        ] GC(57) Eden regions: 253->0(253)
[8.718s][info ][gc,heap        ] GC(57) Survivor regions: 1->1(32)
[8.718s][info ][gc,heap        ] GC(57) Old regions: 11->11
[8.718s][info ][gc,heap        ] GC(57) Humongous regions: 0->0
[8.718s][info ][gc,metaspace   ] GC(57) Metaspace: 9862K(10112K)->9862K(10112K) NonClass: 8943K(9088K)->8943K(9088K) Class: 919K(1024K)->919K(1024K)
[8.718s][info ][gc             ] GC(57) Pause Young (Normal) (G1 Evacuation Pause) 257M->4M(424M) 0.578ms
[8.718s][info ][gc,cpu         ] GC(57) User=0.01s Sys=0.00s Real=0.00s
[8.734s][info ][gc,start       ] GC(58) Pause Young (Normal) (G1 Evacuation Pause)
[8.734s][info ][gc,task        ] GC(58) Using 9 workers of 9 for evacuation
[8.734s][debug][gc,age         ] GC(58) Desired survivor size 16777216 bytes, new threshold 15 (max threshold 15)
[8.735s][info ][gc,phases      ] GC(58)   Pre Evacuate Collection Set: 0.08ms
[8.735s][info ][gc,phases      ] GC(58)   Merge Heap Roots: 0.11ms
[8.735s][info ][gc,phases      ] GC(58)   Evacuate Collection Set: 0.07ms
[8.735s][info ][gc,phases      ] GC(58)   Post Evacuate Collection Set: 0.18ms
[8.735s][info ][gc,phases      ] GC(58)   Other: 0.06ms
[8.735s][trace][gc,age         ] GC(58) Age table:
[8.735s][trace][gc,age         ] GC(58) - age   1:     400208 bytes,     400208 total
[8.735s][info ][gc,heap        ] GC(58) Eden regions: 253->0(253)
[8.735s][info ][gc,heap        ] GC(58) Survivor regions: 1->1(32)
[8.735s][info ][gc,heap        ] GC(58) Old regions: 11->11
[8.735s][info ][gc,heap        ] GC(58) Humongous regions: 0->0
[8.735s][info ][gc,metaspace   ] GC(58) Metaspace: 9862K(10112K)->9862K(10112K) NonClass: 8943K(9088K)->8943K(9088K) Class: 919K(1024K)->919K(1024K)
[8.735s][info ][gc             ] GC(58) Pause Young (Normal) (G1 Evacuation Pause) 257M->4M(424M) 0.603ms
[8.735s][info ][gc,cpu         ] GC(58) User=0.00s Sys=0.00s Real=0.00s
[8.751s][info ][gc,start       ] GC(59) Pause Young (Normal) (G1 Evacuation Pause)
[8.751s][info ][gc,task        ] GC(59) Using 9 workers of 9 for evacuation
[8.751s][debug][gc,age         ] GC(59) Desired survivor size 16777216 bytes, new threshold 15 (max threshold 15)
[8.751s][info ][gc,phases      ] GC(59)   Pre Evacuate Collection Set: 0.07ms
[8.751s][info ][gc,phases      ] GC(59)   Merge Heap Roots: 0.06ms
[8.751s][info ][gc,phases      ] GC(59)   Evacuate Collection Set: 0.13ms
[8.751s][info ][gc,phases      ] GC(59)   Post Evacuate Collection Set: 0.19ms
[8.751s][info ][gc,phases      ] GC(59)   Other: 0.06ms
[8.751s][trace][gc,age         ] GC(59) Age table:
[8.751s][trace][gc,age         ] GC(59) - age   1:     400208 bytes,     400208 total
[8.751s][info ][gc,heap        ] GC(59) Eden regions: 253->0(253)
[8.751s][info ][gc,heap        ] GC(59) Survivor regions: 1->1(32)
[8.751s][info ][gc,heap        ] GC(59) Old regions: 11->11
[8.751s][info ][gc,heap        ] GC(59) Humongous regions: 0->0
[8.751s][info ][gc,metaspace   ] GC(59) Metaspace: 9862K(10112K)->9862K(10112K) NonClass: 8943K(9088K)->8943K(9088K) Class: 919K(1024K)->919K(1024K)
[8.751s][info ][gc             ] GC(59) Pause Young (Normal) (G1 Evacuation Pause) 257M->4M(424M) 0.595ms
[8.751s][info ][gc,cpu         ] GC(59) User=0.00s Sys=0.00s Real=0.00s
[8.768s][info ][gc,start       ] GC(60) Pause Young (Normal) (G1 Evacuation Pause)
[8.768s][info ][gc,task        ] GC(60) Using 9 workers of 9 for evacuation
[8.768s][debug][gc,age         ] GC(60) Desired survivor size 16777216 bytes, new threshold 15 (max threshold 15)
[8.768s][info ][gc,phases      ] GC(60)   Pre Evacuate Collection Set: 0.07ms
[8.768s][info ][gc,phases      ] GC(60)   Merge Heap Roots: 0.07ms
[8.768s][info ][gc,phases      ] GC(60)   Evacuate Collection Set: 0.09ms
[8.768s][info ][gc,phases      ] GC(60)   Post Evacuate Collection Set: 0.18ms
[8.768s][info ][gc,phases      ] GC(60)   Other: 0.05ms
[8.768s][trace][gc,age         ] GC(60) Age table:
[8.768s][trace][gc,age         ] GC(60) - age   1:     400208 bytes,     400208 total
[8.768s][info ][gc,heap        ] GC(60) Eden regions: 253->0(253)
[8.768s][info ][gc,heap        ] GC(60) Survivor regions: 1->1(32)
[8.768s][info ][gc,heap        ] GC(60) Old regions: 11->11
[8.768s][info ][gc,heap        ] GC(60) Humongous regions: 0->0
[8.768s][info ][gc,metaspace   ] GC(60) Metaspace: 9862K(10112K)->9862K(10112K) NonClass: 8943K(9088K)->8943K(9088K) Class: 919K(1024K)->919K(1024K)
[8.768s][info ][gc             ] GC(60) Pause Young (Normal) (G1 Evacuation Pause) 257M->4M(424M) 0.570ms
[8.768s][info ][gc,cpu         ] GC(60) User=0.00s Sys=0.00s Real=0.00s
[8.784s][info ][gc,start       ] GC(61) Pause Young (Normal) (G1 Evacuation Pause)
[8.784s][info ][gc,task        ] GC(61) Using 9 workers of 9 for evacuation
[8.784s][debug][gc,age         ] GC(61) Desired survivor size 16777216 bytes, new threshold 15 (max threshold 15)
[8.784s][info ][gc,phases      ] GC(61)   Pre Evacuate Collection Set: 0.08ms
[8.784s][info ][gc,phases      ] GC(61)   Merge Heap Roots: 0.06ms
[8.784s][info ][gc,phases      ] GC(61)   Evacuate Collection Set: 0.13ms
[8.784s][info ][gc,phases      ] GC(61)   Post Evacuate Collection Set: 0.18ms
[8.784s][info ][gc,phases      ] GC(61)   Other: 0.05ms
[8.784s][trace][gc,age         ] GC(61) Age table:
[8.784s][trace][gc,age         ] GC(61) - age   1:     400208 bytes,     400208 total
[8.784s][info ][gc,heap        ] GC(61) Eden regions: 253->0(253)
[8.784s][info ][gc,heap        ] GC(61) Survivor regions: 1->1(32)
[8.784s][info ][gc,heap        ] GC(61) Old regions: 11->11
[8.784s][info ][gc,heap        ] GC(61) Humongous regions: 0->0
[8.784s][info ][gc,metaspace   ] GC(61) Metaspace: 9862K(10112K)->9862K(10112K) NonClass: 8943K(9088K)->8943K(9088K) Class: 919K(1024K)->919K(1024K)
[8.784s][info ][gc             ] GC(61) Pause Young (Normal) (G1 Evacuation Pause) 257M->4M(424M) 0.599ms
[8.784s][info ][gc,cpu         ] GC(61) User=0.00s Sys=0.00s Real=0.00s
[8.801s][info ][gc,start       ] GC(62) Pause Young (Normal) (G1 Evacuation Pause)
[8.801s][info ][gc,task        ] GC(62) Using 9 workers of 9 for evacuation
[8.801s][debug][gc,age         ] GC(62) Desired survivor size 16777216 bytes, new threshold 15 (max threshold 15)
[8.801s][info ][gc,phases      ] GC(62)   Pre Evacuate Collection Set: 0.07ms
[8.801s][info ][gc,phases      ] GC(62)   Merge Heap Roots: 0.06ms
[8.801s][info ][gc,phases      ] GC(62)   Evacuate Collection Set: 0.12ms
[8.801s][info ][gc,phases      ] GC(62)   Post Evacuate Collection Set: 0.17ms
[8.801s][info ][gc,phases      ] GC(62)   Other: 0.05ms
[8.801s][trace][gc,age         ] GC(62) Age table:
[8.801s][trace][gc,age         ] GC(62) - age   1:     400304 bytes,     400304 total
[8.801s][info ][gc,heap        ] GC(62) Eden regions: 253->0(253)
[8.801s][info ][gc,heap        ] GC(62) Survivor regions: 1->1(32)
[8.801s][info ][gc,heap        ] GC(62) Old regions: 11->11
[8.801s][info ][gc,heap        ] GC(62) Humongous regions: 0->0
[8.801s][info ][gc,metaspace   ] GC(62) Metaspace: 9862K(10112K)->9862K(10112K) NonClass: 8943K(9088K)->8943K(9088K) Class: 919K(1024K)->919K(1024K)
[8.801s][info ][gc             ] GC(62) Pause Young (Normal) (G1 Evacuation Pause) 257M->4M(424M) 0.553ms
[8.801s][info ][gc,cpu         ] GC(62) User=0.00s Sys=0.00s Real=0.00s
[8.817s][info ][gc,start       ] GC(63) Pause Young (Normal) (G1 Evacuation Pause)
[8.817s][info ][gc,task        ] GC(63) Using 9 workers of 9 for evacuation
[8.817s][debug][gc,age         ] GC(63) Desired survivor size 16777216 bytes, new threshold 15 (max threshold 15)
[8.818s][info ][gc,phases      ] GC(63)   Pre Evacuate Collection Set: 0.06ms
[8.818s][info ][gc,phases      ] GC(63)   Merge Heap Roots: 0.10ms
[8.818s][info ][gc,phases      ] GC(63)   Evacuate Collection Set: 0.09ms
[8.818s][info ][gc,phases      ] GC(63)   Post Evacuate Collection Set: 0.16ms
[8.818s][info ][gc,phases      ] GC(63)   Other: 0.06ms
[8.818s][trace][gc,age         ] GC(63) Age table:
[8.818s][trace][gc,age         ] GC(63) - age   1:     400208 bytes,     400208 total
[8.818s][trace][gc,age         ] GC(63) - age   2:         96 bytes,     400304 total
[8.818s][info ][gc,heap        ] GC(63) Eden regions: 253->0(253)
[8.818s][info ][gc,heap        ] GC(63) Survivor regions: 1->1(32)
[8.818s][info ][gc,heap        ] GC(63) Old regions: 11->11
[8.818s][info ][gc,heap        ] GC(63) Humongous regions: 0->0
[8.818s][info ][gc,metaspace   ] GC(63) Metaspace: 9862K(10112K)->9862K(10112K) NonClass: 8943K(9088K)->8943K(9088K) Class: 919K(1024K)->919K(1024K)
[8.818s][info ][gc             ] GC(63) Pause Young (Normal) (G1 Evacuation Pause) 257M->4M(424M) 0.575ms
[8.818s][info ][gc,cpu         ] GC(63) User=0.00s Sys=0.00s Real=0.00s
[8.834s][info ][gc,start       ] GC(64) Pause Young (Normal) (G1 Evacuation Pause)
[8.834s][info ][gc,task        ] GC(64) Using 9 workers of 9 for evacuation
[8.834s][debug][gc,age         ] GC(64) Desired survivor size 16777216 bytes, new threshold 15 (max threshold 15)
[8.834s][info ][gc,phases      ] GC(64)   Pre Evacuate Collection Set: 0.07ms
[8.834s][info ][gc,phases      ] GC(64)   Merge Heap Roots: 0.06ms
[8.834s][info ][gc,phases      ] GC(64)   Evacuate Collection Set: 0.12ms
[8.834s][info ][gc,phases      ] GC(64)   Post Evacuate Collection Set: 0.17ms
[8.834s][info ][gc,phases      ] GC(64)   Other: 0.04ms
[8.834s][trace][gc,age         ] GC(64) Age table:
[8.834s][trace][gc,age         ] GC(64) - age   1:     400208 bytes,     400208 total
[8.834s][trace][gc,age         ] GC(64) - age   3:         96 bytes,     400304 total
[8.834s][info ][gc,heap        ] GC(64) Eden regions: 253->0(253)
[8.834s][info ][gc,heap        ] GC(64) Survivor regions: 1->1(32)
[8.834s][info ][gc,heap        ] GC(64) Old regions: 11->11
[8.834s][info ][gc,heap        ] GC(64) Humongous regions: 0->0
[8.834s][info ][gc,metaspace   ] GC(64) Metaspace: 9862K(10112K)->9862K(10112K) NonClass: 8943K(9088K)->8943K(9088K) Class: 919K(1024K)->919K(1024K)
[8.834s][info ][gc             ] GC(64) Pause Young (Normal) (G1 Evacuation Pause) 257M->4M(424M) 0.542ms
[8.834s][info ][gc,cpu         ] GC(64) User=0.00s Sys=0.00s Real=0.00s
[8.850s][info ][gc,start       ] GC(65) Pause Young (Normal) (G1 Evacuation Pause)
[8.850s][info ][gc,task        ] GC(65) Using 9 workers of 9 for evacuation
[8.850s][debug][gc,age         ] GC(65) Desired survivor size 16777216 bytes, new threshold 15 (max threshold 15)
[8.850s][info ][gc,phases      ] GC(65)   Pre Evacuate Collection Set: 0.06ms
[8.850s][info ][gc,phases      ] GC(65)   Merge Heap Roots: 0.11ms
[8.850s][info ][gc,phases      ] GC(65)   Evacuate Collection Set: 0.10ms
[8.850s][info ][gc,phases      ] GC(65)   Post Evacuate Collection Set: 0.15ms
[8.850s][info ][gc,phases      ] GC(65)   Other: 0.06ms
[8.850s][trace][gc,age         ] GC(65) Age table:
[8.850s][trace][gc,age         ] GC(65) - age   1:     400208 bytes,     400208 total
[8.850s][trace][gc,age         ] GC(65) - age   4:         96 bytes,     400304 total
[8.850s][info ][gc,heap        ] GC(65) Eden regions: 253->0(253)
[8.850s][info ][gc,heap        ] GC(65) Survivor regions: 1->1(32)
[8.850s][info ][gc,heap        ] GC(65) Old regions: 11->11
[8.850s][info ][gc,heap        ] GC(65) Humongous regions: 0->0
[8.850s][info ][gc,metaspace   ] GC(65) Metaspace: 9862K(10112K)->9862K(10112K) NonClass: 8943K(9088K)->8943K(9088K) Class: 919K(1024K)->919K(1024K)
[8.850s][info ][gc             ] GC(65) Pause Young (Normal) (G1 Evacuation Pause) 257M->4M(424M) 0.573ms
[8.850s][info ][gc,cpu         ] GC(65) User=0.00s Sys=0.00s Real=0.00s
[8.866s][info ][gc,start       ] GC(66) Pause Young (Normal) (G1 Evacuation Pause)
[8.866s][info ][gc,task        ] GC(66) Using 9 workers of 9 for evacuation
[8.866s][debug][gc,age         ] GC(66) Desired survivor size 16777216 bytes, new threshold 15 (max threshold 15)
[8.866s][info ][gc,phases      ] GC(66)   Pre Evacuate Collection Set: 0.08ms
[8.866s][info ][gc,phases      ] GC(66)   Merge Heap Roots: 0.08ms
[8.866s][info ][gc,phases      ] GC(66)   Evacuate Collection Set: 0.13ms
[8.866s][info ][gc,phases      ] GC(66)   Post Evacuate Collection Set: 0.16ms
[8.866s][info ][gc,phases      ] GC(66)   Other: 0.06ms
[8.866s][trace][gc,age         ] GC(66) Age table:
[8.866s][trace][gc,age         ] GC(66) - age   1:     400208 bytes,     400208 total
[8.866s][trace][gc,age         ] GC(66) - age   5:         96 bytes,     400304 total
[8.866s][info ][gc,heap        ] GC(66) Eden regions: 253->0(253)
[8.866s][info ][gc,heap        ] GC(66) Survivor regions: 1->1(32)
[8.866s][info ][gc,heap        ] GC(66) Old regions: 11->11
[8.866s][info ][gc,heap        ] GC(66) Humongous regions: 0->0
[8.866s][info ][gc,metaspace   ] GC(66) Metaspace: 9862K(10112K)->9862K(10112K) NonClass: 8943K(9088K)->8943K(9088K) Class: 919K(1024K)->919K(1024K)
[8.866s][info ][gc             ] GC(66) Pause Young (Normal) (G1 Evacuation Pause) 257M->4M(424M) 0.598ms
[8.867s][info ][gc,cpu         ] GC(66) User=0.00s Sys=0.01s Real=0.00s
[8.882s][info ][gc,start       ] GC(67) Pause Young (Normal) (G1 Evacuation Pause)
[8.882s][info ][gc,task        ] GC(67) Using 9 workers of 9 for evacuation
[8.882s][debug][gc,age         ] GC(67) Desired survivor size 16777216 bytes, new threshold 15 (max threshold 15)
[8.883s][info ][gc,phases      ] GC(67)   Pre Evacuate Collection Set: 0.08ms
[8.883s][info ][gc,phases      ] GC(67)   Merge Heap Roots: 0.07ms
[8.883s][info ][gc,phases      ] GC(67)   Evacuate Collection Set: 0.12ms
[8.883s][info ][gc,phases      ] GC(67)   Post Evacuate Collection Set: 0.15ms
[8.883s][info ][gc,phases      ] GC(67)   Other: 0.05ms
[8.883s][trace][gc,age         ] GC(67) Age table:
[8.883s][trace][gc,age         ] GC(67) - age   1:     400208 bytes,     400208 total
[8.883s][trace][gc,age         ] GC(67) - age   6:         96 bytes,     400304 total
[8.883s][info ][gc,heap        ] GC(67) Eden regions: 253->0(253)
[8.883s][info ][gc,heap        ] GC(67) Survivor regions: 1->1(32)
[8.883s][info ][gc,heap        ] GC(67) Old regions: 11->11
[8.883s][info ][gc,heap        ] GC(67) Humongous regions: 0->0
[8.883s][info ][gc,metaspace   ] GC(67) Metaspace: 9862K(10112K)->9862K(10112K) NonClass: 8943K(9088K)->8943K(9088K) Class: 919K(1024K)->919K(1024K)
[8.883s][info ][gc             ] GC(67) Pause Young (Normal) (G1 Evacuation Pause) 257M->4M(424M) 0.562ms
[8.883s][info ][gc,cpu         ] GC(67) User=0.00s Sys=0.00s Real=0.00s
[8.898s][info ][gc,start       ] GC(68) Pause Young (Normal) (G1 Evacuation Pause)
[8.898s][info ][gc,task        ] GC(68) Using 9 workers of 9 for evacuation
[8.898s][debug][gc,age         ] GC(68) Desired survivor size 16777216 bytes, new threshold 15 (max threshold 15)
[8.899s][info ][gc,phases      ] GC(68)   Pre Evacuate Collection Set: 0.08ms
[8.899s][info ][gc,phases      ] GC(68)   Merge Heap Roots: 0.11ms
[8.899s][info ][gc,phases      ] GC(68)   Evacuate Collection Set: 0.10ms
[8.899s][info ][gc,phases      ] GC(68)   Post Evacuate Collection Set: 0.17ms
[8.899s][info ][gc,phases      ] GC(68)   Other: 0.06ms
[8.899s][trace][gc,age         ] GC(68) Age table:
[8.899s][trace][gc,age         ] GC(68) - age   1:     400208 bytes,     400208 total
[8.899s][trace][gc,age         ] GC(68) - age   7:         96 bytes,     400304 total
[8.899s][info ][gc,heap        ] GC(68) Eden regions: 253->0(253)
[8.899s][info ][gc,heap        ] GC(68) Survivor regions: 1->1(32)
[8.899s][info ][gc,heap        ] GC(68) Old regions: 11->11
[8.899s][info ][gc,heap        ] GC(68) Humongous regions: 0->0
[8.899s][info ][gc,metaspace   ] GC(68) Metaspace: 9862K(10112K)->9862K(10112K) NonClass: 8943K(9088K)->8943K(9088K) Class: 919K(1024K)->919K(1024K)
[8.899s][info ][gc             ] GC(68) Pause Young (Normal) (G1 Evacuation Pause) 257M->4M(424M) 0.613ms
[8.899s][info ][gc,cpu         ] GC(68) User=0.00s Sys=0.00s Real=0.00s
[8.915s][info ][gc,start       ] GC(69) Pause Young (Normal) (G1 Evacuation Pause)
[8.915s][info ][gc,task        ] GC(69) Using 9 workers of 9 for evacuation
[8.915s][debug][gc,age         ] GC(69) Desired survivor size 16777216 bytes, new threshold 15 (max threshold 15)
[8.915s][info ][gc,phases      ] GC(69)   Pre Evacuate Collection Set: 0.13ms
[8.915s][info ][gc,phases      ] GC(69)   Merge Heap Roots: 0.06ms
[8.915s][info ][gc,phases      ] GC(69)   Evacuate Collection Set: 0.11ms
[8.915s][info ][gc,phases      ] GC(69)   Post Evacuate Collection Set: 0.19ms
[8.915s][info ][gc,phases      ] GC(69)   Other: 0.05ms
[8.915s][trace][gc,age         ] GC(69) Age table:
[8.915s][trace][gc,age         ] GC(69) - age   1:     400208 bytes,     400208 total
[8.915s][trace][gc,age         ] GC(69) - age   8:         96 bytes,     400304 total
[8.915s][info ][gc,heap        ] GC(69) Eden regions: 253->0(253)
[8.915s][info ][gc,heap        ] GC(69) Survivor regions: 1->1(32)
[8.915s][info ][gc,heap        ] GC(69) Old regions: 11->11
[8.915s][info ][gc,heap        ] GC(69) Humongous regions: 0->0
[8.915s][info ][gc,metaspace   ] GC(69) Metaspace: 9862K(10112K)->9862K(10112K) NonClass: 8943K(9088K)->8943K(9088K) Class: 919K(1024K)->919K(1024K)
[8.915s][info ][gc             ] GC(69) Pause Young (Normal) (G1 Evacuation Pause) 257M->4M(424M) 0.642ms
[8.915s][info ][gc,cpu         ] GC(69) User=0.00s Sys=0.00s Real=0.01s
[8.931s][info ][gc,start       ] GC(70) Pause Young (Normal) (G1 Evacuation Pause)
[8.931s][info ][gc,task        ] GC(70) Using 9 workers of 9 for evacuation
[8.931s][debug][gc,age         ] GC(70) Desired survivor size 16777216 bytes, new threshold 15 (max threshold 15)
[8.932s][info ][gc,phases      ] GC(70)   Pre Evacuate Collection Set: 0.06ms
[8.932s][info ][gc,phases      ] GC(70)   Merge Heap Roots: 0.08ms
[8.932s][info ][gc,phases      ] GC(70)   Evacuate Collection Set: 0.09ms
[8.932s][info ][gc,phases      ] GC(70)   Post Evacuate Collection Set: 0.18ms
[8.932s][info ][gc,phases      ] GC(70)   Other: 0.05ms
[8.932s][trace][gc,age         ] GC(70) Age table:
[8.932s][trace][gc,age         ] GC(70) - age   1:     400208 bytes,     400208 total
[8.932s][trace][gc,age         ] GC(70) - age   9:         96 bytes,     400304 total
[8.932s][info ][gc,heap        ] GC(70) Eden regions: 253->0(253)
[8.932s][info ][gc,heap        ] GC(70) Survivor regions: 1->1(32)
[8.932s][info ][gc,heap        ] GC(70) Old regions: 11->11
[8.932s][info ][gc,heap        ] GC(70) Humongous regions: 0->0
[8.932s][info ][gc,metaspace   ] GC(70) Metaspace: 9862K(10112K)->9862K(10112K) NonClass: 8943K(9088K)->8943K(9088K) Class: 919K(1024K)->919K(1024K)
[8.932s][info ][gc             ] GC(70) Pause Young (Normal) (G1 Evacuation Pause) 257M->4M(424M) 0.571ms
[8.932s][info ][gc,cpu         ] GC(70) User=0.00s Sys=0.00s Real=0.00s
[8.948s][info ][gc,start       ] GC(71) Pause Young (Normal) (G1 Evacuation Pause)
[8.948s][info ][gc,task        ] GC(71) Using 9 workers of 9 for evacuation
[8.948s][debug][gc,age         ] GC(71) Desired survivor size 16777216 bytes, new threshold 15 (max threshold 15)
[8.948s][info ][gc,phases      ] GC(71)   Pre Evacuate Collection Set: 0.06ms
[8.948s][info ][gc,phases      ] GC(71)   Merge Heap Roots: 0.07ms
[8.948s][info ][gc,phases      ] GC(71)   Evacuate Collection Set: 0.08ms
[8.948s][info ][gc,phases      ] GC(71)   Post Evacuate Collection Set: 0.15ms
[8.948s][info ][gc,phases      ] GC(71)   Other: 0.04ms
[8.948s][trace][gc,age         ] GC(71) Age table:
[8.948s][trace][gc,age         ] GC(71) - age   1:     400208 bytes,     400208 total
[8.948s][trace][gc,age         ] GC(71) - age  10:         96 bytes,     400304 total
[8.948s][info ][gc,heap        ] GC(71) Eden regions: 253->0(253)
[8.948s][info ][gc,heap        ] GC(71) Survivor regions: 1->1(32)
[8.948s][info ][gc,heap        ] GC(71) Old regions: 11->11
[8.948s][info ][gc,heap        ] GC(71) Humongous regions: 0->0
[8.948s][info ][gc,metaspace   ] GC(71) Metaspace: 9862K(10112K)->9862K(10112K) NonClass: 8943K(9088K)->8943K(9088K) Class: 919K(1024K)->919K(1024K)
[8.948s][info ][gc             ] GC(71) Pause Young (Normal) (G1 Evacuation Pause) 257M->4M(424M) 0.487ms
[8.948s][info ][gc,cpu         ] GC(71) User=0.00s Sys=0.00s Real=0.00s
[8.963s][info ][gc,start       ] GC(72) Pause Young (Normal) (G1 Evacuation Pause)
[8.963s][info ][gc,task        ] GC(72) Using 9 workers of 9 for evacuation
[8.963s][debug][gc,age         ] GC(72) Desired survivor size 16777216 bytes, new threshold 15 (max threshold 15)
[8.964s][info ][gc,phases      ] GC(72)   Pre Evacuate Collection Set: 0.09ms
[8.964s][info ][gc,phases      ] GC(72)   Merge Heap Roots: 0.08ms
[8.964s][info ][gc,phases      ] GC(72)   Evacuate Collection Set: 0.12ms
[8.964s][info ][gc,phases      ] GC(72)   Post Evacuate Collection Set: 0.20ms
[8.964s][info ][gc,phases      ] GC(72)   Other: 0.05ms
[8.964s][trace][gc,age         ] GC(72) Age table:
[8.964s][trace][gc,age         ] GC(72) - age   1:     400368 bytes,     400368 total
[8.964s][trace][gc,age         ] GC(72) - age  11:         32 bytes,     400400 total
[8.964s][info ][gc,heap        ] GC(72) Eden regions: 253->0(253)
[8.964s][info ][gc,heap        ] GC(72) Survivor regions: 1->1(32)
[8.964s][info ][gc,heap        ] GC(72) Old regions: 11->11
[8.964s][info ][gc,heap        ] GC(72) Humongous regions: 0->0
[8.964s][info ][gc,metaspace   ] GC(72) Metaspace: 9863K(10112K)->9863K(10112K) NonClass: 8944K(9088K)->8944K(9088K) Class: 919K(1024K)->919K(1024K)
[8.964s][info ][gc             ] GC(72) Pause Young (Normal) (G1 Evacuation Pause) 257M->4M(424M) 0.651ms
[8.964s][info ][gc,cpu         ] GC(72) User=0.00s Sys=0.00s Real=0.00s
[8.979s][info ][gc,start       ] GC(73) Pause Young (Normal) (G1 Evacuation Pause)
[8.979s][info ][gc,task        ] GC(73) Using 9 workers of 9 for evacuation
[8.979s][debug][gc,age         ] GC(73) Desired survivor size 16777216 bytes, new threshold 15 (max threshold 15)
[8.980s][info ][gc,phases      ] GC(73)   Pre Evacuate Collection Set: 0.07ms
[8.980s][info ][gc,phases      ] GC(73)   Merge Heap Roots: 0.06ms
[8.980s][info ][gc,phases      ] GC(73)   Evacuate Collection Set: 0.12ms
[8.980s][info ][gc,phases      ] GC(73)   Post Evacuate Collection Set: 0.18ms
[8.980s][info ][gc,phases      ] GC(73)   Other: 0.06ms
[8.980s][trace][gc,age         ] GC(73) Age table:
[8.980s][trace][gc,age         ] GC(73) - age   1:     400368 bytes,     400368 total
[8.980s][trace][gc,age         ] GC(73) - age  12:         32 bytes,     400400 total
[8.980s][info ][gc,heap        ] GC(73) Eden regions: 253->0(253)
[8.980s][info ][gc,heap        ] GC(73) Survivor regions: 1->1(32)
[8.980s][info ][gc,heap        ] GC(73) Old regions: 11->11
[8.980s][info ][gc,heap        ] GC(73) Humongous regions: 0->0
[8.980s][info ][gc,metaspace   ] GC(73) Metaspace: 9863K(10112K)->9863K(10112K) NonClass: 8944K(9088K)->8944K(9088K) Class: 919K(1024K)->919K(1024K)
[8.980s][info ][gc             ] GC(73) Pause Young (Normal) (G1 Evacuation Pause) 257M->4M(424M) 0.654ms
[8.980s][info ][gc,cpu         ] GC(73) User=0.00s Sys=0.00s Real=0.00s
[8.996s][info ][gc,start       ] GC(74) Pause Young (Normal) (G1 Evacuation Pause)
[8.996s][info ][gc,task        ] GC(74) Using 9 workers of 9 for evacuation
[8.996s][debug][gc,age         ] GC(74) Desired survivor size 16777216 bytes, new threshold 15 (max threshold 15)
[8.996s][info ][gc,phases      ] GC(74)   Pre Evacuate Collection Set: 0.09ms
[8.996s][info ][gc,phases      ] GC(74)   Merge Heap Roots: 0.07ms
[8.996s][info ][gc,phases      ] GC(74)   Evacuate Collection Set: 0.12ms
[8.996s][info ][gc,phases      ] GC(74)   Post Evacuate Collection Set: 0.21ms
[8.996s][info ][gc,phases      ] GC(74)   Other: 0.06ms
[8.996s][trace][gc,age         ] GC(74) Age table:
[8.996s][trace][gc,age         ] GC(74) - age   1:     400368 bytes,     400368 total
[8.996s][trace][gc,age         ] GC(74) - age  13:         32 bytes,     400400 total
[8.996s][info ][gc,heap        ] GC(74) Eden regions: 253->0(253)
[8.996s][info ][gc,heap        ] GC(74) Survivor regions: 1->1(32)
[8.996s][info ][gc,heap        ] GC(74) Old regions: 11->11
[8.996s][info ][gc,heap        ] GC(74) Humongous regions: 0->0
[8.996s][info ][gc,metaspace   ] GC(74) Metaspace: 9863K(10112K)->9863K(10112K) NonClass: 8944K(9088K)->8944K(9088K) Class: 919K(1024K)->919K(1024K)
[8.996s][info ][gc             ] GC(74) Pause Young (Normal) (G1 Evacuation Pause) 257M->4M(424M) 0.669ms
[8.996s][info ][gc,cpu         ] GC(74) User=0.00s Sys=0.00s Real=0.00s
[9.013s][info ][gc,start       ] GC(75) Pause Young (Normal) (G1 Evacuation Pause)
[9.013s][info ][gc,task        ] GC(75) Using 9 workers of 9 for evacuation
[9.013s][debug][gc,age         ] GC(75) Desired survivor size 16777216 bytes, new threshold 15 (max threshold 15)
[9.013s][info ][gc,phases      ] GC(75)   Pre Evacuate Collection Set: 0.14ms
[9.013s][info ][gc,phases      ] GC(75)   Merge Heap Roots: 0.06ms
[9.013s][info ][gc,phases      ] GC(75)   Evacuate Collection Set: 0.11ms
[9.013s][info ][gc,phases      ] GC(75)   Post Evacuate Collection Set: 0.19ms
[9.013s][info ][gc,phases      ] GC(75)   Other: 0.06ms
[9.013s][trace][gc,age         ] GC(75) Age table:
[9.013s][trace][gc,age         ] GC(75) - age   1:     400536 bytes,     400536 total
[9.013s][info ][gc,heap        ] GC(75) Eden regions: 253->0(253)
[9.013s][info ][gc,heap        ] GC(75) Survivor regions: 1->1(32)
[9.013s][info ][gc,heap        ] GC(75) Old regions: 11->11
[9.013s][info ][gc,heap        ] GC(75) Humongous regions: 0->0
[9.013s][info ][gc,metaspace   ] GC(75) Metaspace: 9863K(10112K)->9863K(10112K) NonClass: 8944K(9088K)->8944K(9088K) Class: 919K(1024K)->919K(1024K)
[9.013s][info ][gc             ] GC(75) Pause Young (Normal) (G1 Evacuation Pause) 257M->4M(424M) 0.672ms
[9.013s][info ][gc,cpu         ] GC(75) User=0.00s Sys=0.00s Real=0.00s
[9.029s][info ][gc,start       ] GC(76) Pause Young (Normal) (G1 Evacuation Pause)
[9.029s][info ][gc,task        ] GC(76) Using 9 workers of 9 for evacuation
[9.029s][debug][gc,age         ] GC(76) Desired survivor size 16777216 bytes, new threshold 15 (max threshold 15)
[9.030s][info ][gc,phases      ] GC(76)   Pre Evacuate Collection Set: 0.09ms
[9.030s][info ][gc,phases      ] GC(76)   Merge Heap Roots: 0.12ms
[9.030s][info ][gc,phases      ] GC(76)   Evacuate Collection Set: 0.16ms
[9.030s][info ][gc,phases      ] GC(76)   Post Evacuate Collection Set: 0.21ms
[9.030s][info ][gc,phases      ] GC(76)   Other: 0.05ms
[9.030s][trace][gc,age         ] GC(76) Age table:
[9.030s][trace][gc,age         ] GC(76) - age   1:     400648 bytes,     400648 total
[9.030s][info ][gc,heap        ] GC(76) Eden regions: 253->0(253)
[9.030s][info ][gc,heap        ] GC(76) Survivor regions: 1->1(32)
[9.030s][info ][gc,heap        ] GC(76) Old regions: 11->11
[9.030s][info ][gc,heap        ] GC(76) Humongous regions: 0->0
[9.030s][info ][gc,metaspace   ] GC(76) Metaspace: 9863K(10112K)->9863K(10112K) NonClass: 8944K(9088K)->8944K(9088K) Class: 919K(1024K)->919K(1024K)
[9.030s][info ][gc             ] GC(76) Pause Young (Normal) (G1 Evacuation Pause) 257M->4M(424M) 0.726ms
[9.030s][info ][gc,cpu         ] GC(76) User=0.00s Sys=0.00s Real=0.00s
[9.045s][info ][gc,start       ] GC(77) Pause Young (Normal) (G1 Evacuation Pause)
[9.045s][info ][gc,task        ] GC(77) Using 9 workers of 9 for evacuation
[9.045s][debug][gc,age         ] GC(77) Desired survivor size 16777216 bytes, new threshold 15 (max threshold 15)
[9.046s][info ][gc,phases      ] GC(77)   Pre Evacuate Collection Set: 0.14ms
[9.046s][info ][gc,phases      ] GC(77)   Merge Heap Roots: 0.07ms
[9.046s][info ][gc,phases      ] GC(77)   Evacuate Collection Set: 0.09ms
[9.046s][info ][gc,phases      ] GC(77)   Post Evacuate Collection Set: 0.20ms
[9.046s][info ][gc,phases      ] GC(77)   Other: 0.06ms
[9.046s][trace][gc,age         ] GC(77) Age table:
[9.046s][trace][gc,age         ] GC(77) - age   1:     400648 bytes,     400648 total
[9.046s][info ][gc,heap        ] GC(77) Eden regions: 253->0(253)
[9.046s][info ][gc,heap        ] GC(77) Survivor regions: 1->1(32)
[9.046s][info ][gc,heap        ] GC(77) Old regions: 11->11
[9.046s][info ][gc,heap        ] GC(77) Humongous regions: 0->0
[9.046s][info ][gc,metaspace   ] GC(77) Metaspace: 9863K(10112K)->9863K(10112K) NonClass: 8944K(9088K)->8944K(9088K) Class: 919K(1024K)->919K(1024K)
[9.046s][info ][gc             ] GC(77) Pause Young (Normal) (G1 Evacuation Pause) 257M->4M(424M) 0.649ms
[9.046s][info ][gc,cpu         ] GC(77) User=0.00s Sys=0.00s Real=0.00s
[9.062s][info ][gc,start       ] GC(78) Pause Young (Normal) (G1 Evacuation Pause)
[9.062s][info ][gc,task        ] GC(78) Using 9 workers of 9 for evacuation
[9.062s][debug][gc,age         ] GC(78) Desired survivor size 16777216 bytes, new threshold 15 (max threshold 15)
[9.062s][info ][gc,phases      ] GC(78)   Pre Evacuate Collection Set: 0.08ms
[9.062s][info ][gc,phases      ] GC(78)   Merge Heap Roots: 0.07ms
[9.062s][info ][gc,phases      ] GC(78)   Evacuate Collection Set: 0.11ms
[9.062s][info ][gc,phases      ] GC(78)   Post Evacuate Collection Set: 0.22ms
[9.062s][info ][gc,phases      ] GC(78)   Other: 0.06ms
[9.062s][trace][gc,age         ] GC(78) Age table:
[9.062s][trace][gc,age         ] GC(78) - age   1:     400536 bytes,     400536 total
[9.062s][info ][gc,heap        ] GC(78) Eden regions: 253->0(253)
[9.062s][info ][gc,heap        ] GC(78) Survivor regions: 1->1(32)
[9.062s][info ][gc,heap        ] GC(78) Old regions: 11->11
[9.062s][info ][gc,heap        ] GC(78) Humongous regions: 0->0
[9.062s][info ][gc,metaspace   ] GC(78) Metaspace: 9863K(10112K)->9863K(10112K) NonClass: 8944K(9088K)->8944K(9088K) Class: 919K(1024K)->919K(1024K)
[9.062s][info ][gc             ] GC(78) Pause Young (Normal) (G1 Evacuation Pause) 257M->4M(424M) 0.637ms
[9.062s][info ][gc,cpu         ] GC(78) User=0.00s Sys=0.00s Real=0.00s
[9.079s][info ][gc,start       ] GC(79) Pause Young (Normal) (G1 Evacuation Pause)
[9.079s][info ][gc,task        ] GC(79) Using 9 workers of 9 for evacuation
[9.079s][debug][gc,age         ] GC(79) Desired survivor size 16777216 bytes, new threshold 15 (max threshold 15)
[9.079s][info ][gc,phases      ] GC(79)   Pre Evacuate Collection Set: 0.11ms
[9.079s][info ][gc,phases      ] GC(79)   Merge Heap Roots: 0.08ms
[9.079s][info ][gc,phases      ] GC(79)   Evacuate Collection Set: 0.16ms
[9.079s][info ][gc,phases      ] GC(79)   Post Evacuate Collection Set: 0.17ms
[9.079s][info ][gc,phases      ] GC(79)   Other: 0.06ms
[9.079s][trace][gc,age         ] GC(79) Age table:
[9.079s][trace][gc,age         ] GC(79) - age   1:     400208 bytes,     400208 total
[9.079s][trace][gc,age         ] GC(79) - age   2:        328 bytes,     400536 total
[9.079s][info ][gc,heap        ] GC(79) Eden regions: 253->0(253)
[9.079s][info ][gc,heap        ] GC(79) Survivor regions: 1->1(32)
[9.079s][info ][gc,heap        ] GC(79) Old regions: 11->11
[9.079s][info ][gc,heap        ] GC(79) Humongous regions: 0->0
[9.079s][info ][gc,metaspace   ] GC(79) Metaspace: 9863K(10112K)->9863K(10112K) NonClass: 8944K(9088K)->8944K(9088K) Class: 919K(1024K)->919K(1024K)
[9.079s][info ][gc             ] GC(79) Pause Young (Normal) (G1 Evacuation Pause) 257M->4M(424M) 0.698ms
[9.079s][info ][gc,cpu         ] GC(79) User=0.00s Sys=0.00s Real=0.00s
[9.095s][info ][gc,start       ] GC(80) Pause Young (Normal) (G1 Evacuation Pause)
[9.095s][info ][gc,task        ] GC(80) Using 9 workers of 9 for evacuation
[9.095s][debug][gc,age         ] GC(80) Desired survivor size 16777216 bytes, new threshold 15 (max threshold 15)
[9.096s][info ][gc,phases      ] GC(80)   Pre Evacuate Collection Set: 0.11ms
[9.096s][info ][gc,phases      ] GC(80)   Merge Heap Roots: 0.07ms
[9.096s][info ][gc,phases      ] GC(80)   Evacuate Collection Set: 0.13ms
[9.096s][info ][gc,phases      ] GC(80)   Post Evacuate Collection Set: 0.17ms
[9.096s][info ][gc,phases      ] GC(80)   Other: 0.05ms
[9.096s][trace][gc,age         ] GC(80) Age table:
[9.096s][trace][gc,age         ] GC(80) - age   1:     400208 bytes,     400208 total
[9.096s][trace][gc,age         ] GC(80) - age   3:        328 bytes,     400536 total
[9.096s][info ][gc,heap        ] GC(80) Eden regions: 253->0(253)
[9.096s][info ][gc,heap        ] GC(80) Survivor regions: 1->1(32)
[9.096s][info ][gc,heap        ] GC(80) Old regions: 11->11
[9.096s][info ][gc,heap        ] GC(80) Humongous regions: 0->0
[9.096s][info ][gc,metaspace   ] GC(80) Metaspace: 9863K(10112K)->9863K(10112K) NonClass: 8944K(9088K)->8944K(9088K) Class: 919K(1024K)->919K(1024K)
[9.096s][info ][gc             ] GC(80) Pause Young (Normal) (G1 Evacuation Pause) 257M->4M(424M) 0.637ms
[9.096s][info ][gc,cpu         ] GC(80) User=0.01s Sys=0.00s Real=0.00s
[9.114s][info ][gc,start       ] GC(81) Pause Young (Normal) (G1 Evacuation Pause)
[9.114s][info ][gc,task        ] GC(81) Using 9 workers of 9 for evacuation
[9.114s][debug][gc,age         ] GC(81) Desired survivor size 16777216 bytes, new threshold 15 (max threshold 15)
[9.115s][info ][gc,phases      ] GC(81)   Pre Evacuate Collection Set: 0.07ms
[9.115s][info ][gc,phases      ] GC(81)   Merge Heap Roots: 0.08ms
[9.115s][info ][gc,phases      ] GC(81)   Evacuate Collection Set: 0.14ms
[9.115s][info ][gc,phases      ] GC(81)   Post Evacuate Collection Set: 0.19ms
[9.115s][info ][gc,phases      ] GC(81)   Other: 0.06ms
[9.115s][trace][gc,age         ] GC(81) Age table:
[9.115s][trace][gc,age         ] GC(81) - age   1:     400208 bytes,     400208 total
[9.115s][trace][gc,age         ] GC(81) - age   4:        328 bytes,     400536 total
[9.115s][info ][gc,heap        ] GC(81) Eden regions: 253->0(253)
[9.115s][info ][gc,heap        ] GC(81) Survivor regions: 1->1(32)
[9.115s][info ][gc,heap        ] GC(81) Old regions: 11->11
[9.115s][info ][gc,heap        ] GC(81) Humongous regions: 0->0
[9.115s][info ][gc,metaspace   ] GC(81) Metaspace: 9863K(10112K)->9863K(10112K) NonClass: 8944K(9088K)->8944K(9088K) Class: 919K(1024K)->919K(1024K)
[9.115s][info ][gc             ] GC(81) Pause Young (Normal) (G1 Evacuation Pause) 257M->4M(424M) 0.685ms
[9.115s][info ][gc,cpu         ] GC(81) User=0.00s Sys=0.00s Real=0.00s
[9.133s][info ][gc,start       ] GC(82) Pause Young (Normal) (G1 Evacuation Pause)
[9.133s][info ][gc,task        ] GC(82) Using 9 workers of 9 for evacuation
[9.133s][debug][gc,age         ] GC(82) Desired survivor size 16777216 bytes, new threshold 15 (max threshold 15)
[9.134s][info ][gc,phases      ] GC(82)   Pre Evacuate Collection Set: 0.10ms
[9.134s][info ][gc,phases      ] GC(82)   Merge Heap Roots: 0.09ms
[9.134s][info ][gc,phases      ] GC(82)   Evacuate Collection Set: 0.09ms
[9.134s][info ][gc,phases      ] GC(82)   Post Evacuate Collection Set: 0.17ms
[9.134s][info ][gc,phases      ] GC(82)   Other: 0.06ms
[9.134s][trace][gc,age         ] GC(82) Age table:
[9.134s][trace][gc,age         ] GC(82) - age   1:     400208 bytes,     400208 total
[9.134s][trace][gc,age         ] GC(82) - age   5:        328 bytes,     400536 total
[9.134s][info ][gc,heap        ] GC(82) Eden regions: 253->0(253)
[9.134s][info ][gc,heap        ] GC(82) Survivor regions: 1->1(32)
[9.134s][info ][gc,heap        ] GC(82) Old regions: 11->11
[9.134s][info ][gc,heap        ] GC(82) Humongous regions: 0->0
[9.134s][info ][gc,metaspace   ] GC(82) Metaspace: 9863K(10112K)->9863K(10112K) NonClass: 8944K(9088K)->8944K(9088K) Class: 919K(1024K)->919K(1024K)
[9.134s][info ][gc             ] GC(82) Pause Young (Normal) (G1 Evacuation Pause) 257M->4M(424M) 0.638ms
[9.134s][info ][gc,cpu         ] GC(82) User=0.00s Sys=0.00s Real=0.00s
[9.150s][info ][gc,start       ] GC(83) Pause Young (Normal) (G1 Evacuation Pause)
[9.150s][info ][gc,task        ] GC(83) Using 9 workers of 9 for evacuation
[9.150s][debug][gc,age         ] GC(83) Desired survivor size 16777216 bytes, new threshold 15 (max threshold 15)
[9.150s][info ][gc,phases      ] GC(83)   Pre Evacuate Collection Set: 0.07ms
[9.150s][info ][gc,phases      ] GC(83)   Merge Heap Roots: 0.07ms
[9.150s][info ][gc,phases      ] GC(83)   Evacuate Collection Set: 0.09ms
[9.151s][info ][gc,phases      ] GC(83)   Post Evacuate Collection Set: 0.22ms
[9.151s][info ][gc,phases      ] GC(83)   Other: 0.05ms
[9.151s][trace][gc,age         ] GC(83) Age table:
[9.151s][trace][gc,age         ] GC(83) - age   1:     400208 bytes,     400208 total
[9.151s][trace][gc,age         ] GC(83) - age   6:        328 bytes,     400536 total
[9.151s][info ][gc,heap        ] GC(83) Eden regions: 253->0(253)
[9.151s][info ][gc,heap        ] GC(83) Survivor regions: 1->1(32)
[9.151s][info ][gc,heap        ] GC(83) Old regions: 11->11
[9.151s][info ][gc,heap        ] GC(83) Humongous regions: 0->0
[9.151s][info ][gc,metaspace   ] GC(83) Metaspace: 9863K(10112K)->9863K(10112K) NonClass: 8944K(9088K)->8944K(9088K) Class: 919K(1024K)->919K(1024K)
[9.151s][info ][gc             ] GC(83) Pause Young (Normal) (G1 Evacuation Pause) 257M->4M(424M) 0.605ms
[9.151s][info ][gc,cpu         ] GC(83) User=0.00s Sys=0.00s Real=0.00s
[9.167s][info ][gc,start       ] GC(84) Pause Young (Normal) (G1 Evacuation Pause)
[9.167s][info ][gc,task        ] GC(84) Using 9 workers of 9 for evacuation
[9.167s][debug][gc,age         ] GC(84) Desired survivor size 16777216 bytes, new threshold 15 (max threshold 15)
[9.167s][info ][gc,phases      ] GC(84)   Pre Evacuate Collection Set: 0.08ms
[9.167s][info ][gc,phases      ] GC(84)   Merge Heap Roots: 0.07ms
[9.167s][info ][gc,phases      ] GC(84)   Evacuate Collection Set: 0.11ms
[9.167s][info ][gc,phases      ] GC(84)   Post Evacuate Collection Set: 0.19ms
[9.167s][info ][gc,phases      ] GC(84)   Other: 0.07ms
[9.167s][trace][gc,age         ] GC(84) Age table:
[9.167s][trace][gc,age         ] GC(84) - age   1:     400208 bytes,     400208 total
[9.167s][trace][gc,age         ] GC(84) - age   7:        328 bytes,     400536 total
[9.167s][info ][gc,heap        ] GC(84) Eden regions: 253->0(253)
[9.167s][info ][gc,heap        ] GC(84) Survivor regions: 1->1(32)
[9.167s][info ][gc,heap        ] GC(84) Old regions: 11->11
[9.167s][info ][gc,heap        ] GC(84) Humongous regions: 0->0
[9.167s][info ][gc,metaspace   ] GC(84) Metaspace: 9863K(10112K)->9863K(10112K) NonClass: 8944K(9088K)->8944K(9088K) Class: 919K(1024K)->919K(1024K)
[9.167s][info ][gc             ] GC(84) Pause Young (Normal) (G1 Evacuation Pause) 257M->4M(424M) 0.629ms
[9.167s][info ][gc,cpu         ] GC(84) User=0.00s Sys=0.00s Real=0.00s
[9.183s][info ][gc,start       ] GC(85) Pause Young (Normal) (G1 Evacuation Pause)
[9.183s][info ][gc,task        ] GC(85) Using 9 workers of 9 for evacuation
[9.183s][debug][gc,age         ] GC(85) Desired survivor size 16777216 bytes, new threshold 15 (max threshold 15)
[9.183s][info ][gc,phases      ] GC(85)   Pre Evacuate Collection Set: 0.07ms
[9.183s][info ][gc,phases      ] GC(85)   Merge Heap Roots: 0.06ms
[9.183s][info ][gc,phases      ] GC(85)   Evacuate Collection Set: 0.08ms
[9.183s][info ][gc,phases      ] GC(85)   Post Evacuate Collection Set: 0.16ms
[9.183s][info ][gc,phases      ] GC(85)   Other: 0.05ms
[9.183s][trace][gc,age         ] GC(85) Age table:
[9.183s][trace][gc,age         ] GC(85) - age   1:     400208 bytes,     400208 total
[9.183s][trace][gc,age         ] GC(85) - age   8:        328 bytes,     400536 total
[9.183s][info ][gc,heap        ] GC(85) Eden regions: 253->0(253)
[9.183s][info ][gc,heap        ] GC(85) Survivor regions: 1->1(32)
[9.183s][info ][gc,heap        ] GC(85) Old regions: 11->11
[9.183s][info ][gc,heap        ] GC(85) Humongous regions: 0->0
[9.183s][info ][gc,metaspace   ] GC(85) Metaspace: 9863K(10112K)->9863K(10112K) NonClass: 8944K(9088K)->8944K(9088K) Class: 919K(1024K)->919K(1024K)
[9.183s][info ][gc             ] GC(85) Pause Young (Normal) (G1 Evacuation Pause) 257M->4M(424M) 0.528ms
[9.183s][info ][gc,cpu         ] GC(85) User=0.00s Sys=0.00s Real=0.00s
[9.199s][info ][gc,start       ] GC(86) Pause Young (Normal) (G1 Evacuation Pause)
[9.199s][info ][gc,task        ] GC(86) Using 9 workers of 9 for evacuation
[9.199s][debug][gc,age         ] GC(86) Desired survivor size 16777216 bytes, new threshold 15 (max threshold 15)
[9.200s][info ][gc,phases      ] GC(86)   Pre Evacuate Collection Set: 0.08ms
[9.200s][info ][gc,phases      ] GC(86)   Merge Heap Roots: 0.06ms
[9.200s][info ][gc,phases      ] GC(86)   Evacuate Collection Set: 0.10ms
[9.200s][info ][gc,phases      ] GC(86)   Post Evacuate Collection Set: 0.17ms
[9.200s][info ][gc,phases      ] GC(86)   Other: 0.06ms
[9.200s][trace][gc,age         ] GC(86) Age table:
[9.200s][trace][gc,age         ] GC(86) - age   1:     400208 bytes,     400208 total
[9.200s][trace][gc,age         ] GC(86) - age   9:        328 bytes,     400536 total
[9.200s][info ][gc,heap        ] GC(86) Eden regions: 253->0(253)
[9.200s][info ][gc,heap        ] GC(86) Survivor regions: 1->1(32)
[9.200s][info ][gc,heap        ] GC(86) Old regions: 11->11
[9.200s][info ][gc,heap        ] GC(86) Humongous regions: 0->0
[9.200s][info ][gc,metaspace   ] GC(86) Metaspace: 9863K(10112K)->9863K(10112K) NonClass: 8944K(9088K)->8944K(9088K) Class: 919K(1024K)->919K(1024K)
[9.200s][info ][gc             ] GC(86) Pause Young (Normal) (G1 Evacuation Pause) 257M->4M(424M) 0.570ms
[9.200s][info ][gc,cpu         ] GC(86) User=0.00s Sys=0.00s Real=0.00s
[9.216s][info ][gc,start       ] GC(87) Pause Young (Normal) (G1 Evacuation Pause)
[9.216s][info ][gc,task        ] GC(87) Using 9 workers of 9 for evacuation
[9.216s][debug][gc,age         ] GC(87) Desired survivor size 16777216 bytes, new threshold 15 (max threshold 15)
[9.216s][info ][gc,phases      ] GC(87)   Pre Evacuate Collection Set: 0.09ms
[9.216s][info ][gc,phases      ] GC(87)   Merge Heap Roots: 0.07ms
[9.216s][info ][gc,phases      ] GC(87)   Evacuate Collection Set: 0.10ms
[9.216s][info ][gc,phases      ] GC(87)   Post Evacuate Collection Set: 0.19ms
[9.216s][info ][gc,phases      ] GC(87)   Other: 0.06ms
[9.216s][trace][gc,age         ] GC(87) Age table:
[9.216s][trace][gc,age         ] GC(87) - age   1:     400208 bytes,     400208 total
[9.216s][trace][gc,age         ] GC(87) - age  10:        328 bytes,     400536 total
[9.216s][info ][gc,heap        ] GC(87) Eden regions: 253->0(253)
[9.216s][info ][gc,heap        ] GC(87) Survivor regions: 1->1(32)
[9.216s][info ][gc,heap        ] GC(87) Old regions: 11->11
[9.216s][info ][gc,heap        ] GC(87) Humongous regions: 0->0
[9.216s][info ][gc,metaspace   ] GC(87) Metaspace: 9863K(10112K)->9863K(10112K) NonClass: 8944K(9088K)->8944K(9088K) Class: 919K(1024K)->919K(1024K)
[9.216s][info ][gc             ] GC(87) Pause Young (Normal) (G1 Evacuation Pause) 257M->4M(424M) 0.629ms
[9.216s][info ][gc,cpu         ] GC(87) User=0.00s Sys=0.00s Real=0.00s
[9.232s][info ][gc,start       ] GC(88) Pause Young (Normal) (G1 Evacuation Pause)
[9.232s][info ][gc,task        ] GC(88) Using 9 workers of 9 for evacuation
[9.232s][debug][gc,age         ] GC(88) Desired survivor size 16777216 bytes, new threshold 15 (max threshold 15)
[9.232s][info ][gc,phases      ] GC(88)   Pre Evacuate Collection Set: 0.07ms
[9.232s][info ][gc,phases      ] GC(88)   Merge Heap Roots: 0.05ms
[9.232s][info ][gc,phases      ] GC(88)   Evacuate Collection Set: 0.13ms
[9.232s][info ][gc,phases      ] GC(88)   Post Evacuate Collection Set: 0.21ms
[9.232s][info ][gc,phases      ] GC(88)   Other: 0.06ms
[9.232s][trace][gc,age         ] GC(88) Age table:
[9.232s][trace][gc,age         ] GC(88) - age   1:     400208 bytes,     400208 total
[9.232s][trace][gc,age         ] GC(88) - age  11:        328 bytes,     400536 total
[9.232s][info ][gc,heap        ] GC(88) Eden regions: 253->0(253)
[9.232s][info ][gc,heap        ] GC(88) Survivor regions: 1->1(32)
[9.232s][info ][gc,heap        ] GC(88) Old regions: 11->11
[9.232s][info ][gc,heap        ] GC(88) Humongous regions: 0->0
[9.232s][info ][gc,metaspace   ] GC(88) Metaspace: 9863K(10112K)->9863K(10112K) NonClass: 8944K(9088K)->8944K(9088K) Class: 919K(1024K)->919K(1024K)
[9.232s][info ][gc             ] GC(88) Pause Young (Normal) (G1 Evacuation Pause) 257M->4M(424M) 0.638ms
[9.232s][info ][gc,cpu         ] GC(88) User=0.00s Sys=0.00s Real=0.00s
[9.248s][info ][gc,start       ] GC(89) Pause Young (Normal) (G1 Evacuation Pause)
[9.248s][info ][gc,task        ] GC(89) Using 9 workers of 9 for evacuation
[9.248s][debug][gc,age         ] GC(89) Desired survivor size 16777216 bytes, new threshold 15 (max threshold 15)
[9.249s][info ][gc,phases      ] GC(89)   Pre Evacuate Collection Set: 0.09ms
[9.249s][info ][gc,phases      ] GC(89)   Merge Heap Roots: 0.07ms
[9.249s][info ][gc,phases      ] GC(89)   Evacuate Collection Set: 0.11ms
[9.249s][info ][gc,phases      ] GC(89)   Post Evacuate Collection Set: 0.18ms
[9.249s][info ][gc,phases      ] GC(89)   Other: 0.06ms
[9.249s][trace][gc,age         ] GC(89) Age table:
[9.249s][trace][gc,age         ] GC(89) - age   1:     400208 bytes,     400208 total
[9.249s][trace][gc,age         ] GC(89) - age  12:        328 bytes,     400536 total
[9.249s][info ][gc,heap        ] GC(89) Eden regions: 253->0(253)
[9.249s][info ][gc,heap        ] GC(89) Survivor regions: 1->1(32)
[9.249s][info ][gc,heap        ] GC(89) Old regions: 11->11
[9.249s][info ][gc,heap        ] GC(89) Humongous regions: 0->0
[9.249s][info ][gc,metaspace   ] GC(89) Metaspace: 9863K(10112K)->9863K(10112K) NonClass: 8944K(9088K)->8944K(9088K) Class: 919K(1024K)->919K(1024K)
[9.249s][info ][gc             ] GC(89) Pause Young (Normal) (G1 Evacuation Pause) 257M->4M(424M) 0.615ms
[9.249s][info ][gc,cpu         ] GC(89) User=0.00s Sys=0.00s Real=0.00s
[9.265s][info ][gc,start       ] GC(90) Pause Young (Normal) (G1 Evacuation Pause)
[9.265s][info ][gc,task        ] GC(90) Using 9 workers of 9 for evacuation
[9.265s][debug][gc,age         ] GC(90) Desired survivor size 16777216 bytes, new threshold 15 (max threshold 15)
[9.265s][info ][gc,phases      ] GC(90)   Pre Evacuate Collection Set: 0.07ms
[9.265s][info ][gc,phases      ] GC(90)   Merge Heap Roots: 0.06ms
[9.265s][info ][gc,phases      ] GC(90)   Evacuate Collection Set: 0.13ms
[9.265s][info ][gc,phases      ] GC(90)   Post Evacuate Collection Set: 0.17ms
[9.265s][info ][gc,phases      ] GC(90)   Other: 0.06ms
[9.265s][trace][gc,age         ] GC(90) Age table:
[9.265s][trace][gc,age         ] GC(90) - age   1:     400208 bytes,     400208 total
[9.265s][trace][gc,age         ] GC(90) - age  13:        328 bytes,     400536 total
[9.265s][info ][gc,heap        ] GC(90) Eden regions: 253->0(253)
[9.265s][info ][gc,heap        ] GC(90) Survivor regions: 1->1(32)
[9.265s][info ][gc,heap        ] GC(90) Old regions: 11->11
[9.265s][info ][gc,heap        ] GC(90) Humongous regions: 0->0
[9.265s][info ][gc,metaspace   ] GC(90) Metaspace: 9863K(10112K)->9863K(10112K) NonClass: 8944K(9088K)->8944K(9088K) Class: 919K(1024K)->919K(1024K)
[9.265s][info ][gc             ] GC(90) Pause Young (Normal) (G1 Evacuation Pause) 257M->4M(424M) 0.573ms
[9.265s][info ][gc,cpu         ] GC(90) User=0.00s Sys=0.00s Real=0.01s
[9.281s][info ][gc,start       ] GC(91) Pause Young (Normal) (G1 Evacuation Pause)
[9.281s][info ][gc,task        ] GC(91) Using 9 workers of 9 for evacuation
[9.281s][debug][gc,age         ] GC(91) Desired survivor size 16777216 bytes, new threshold 15 (max threshold 15)
[9.282s][info ][gc,phases      ] GC(91)   Pre Evacuate Collection Set: 0.09ms
[9.282s][info ][gc,phases      ] GC(91)   Merge Heap Roots: 0.07ms
[9.282s][info ][gc,phases      ] GC(91)   Evacuate Collection Set: 0.10ms
[9.282s][info ][gc,phases      ] GC(91)   Post Evacuate Collection Set: 0.18ms
[9.282s][info ][gc,phases      ] GC(91)   Other: 0.06ms
[9.282s][trace][gc,age         ] GC(91) Age table:
[9.282s][trace][gc,age         ] GC(91) - age   1:     400208 bytes,     400208 total
[9.282s][trace][gc,age         ] GC(91) - age  14:        328 bytes,     400536 total
[9.282s][info ][gc,heap        ] GC(91) Eden regions: 253->0(253)
[9.282s][info ][gc,heap        ] GC(91) Survivor regions: 1->1(32)
[9.282s][info ][gc,heap        ] GC(91) Old regions: 11->11
[9.282s][info ][gc,heap        ] GC(91) Humongous regions: 0->0
[9.282s][info ][gc,metaspace   ] GC(91) Metaspace: 9863K(10112K)->9863K(10112K) NonClass: 8944K(9088K)->8944K(9088K) Class: 919K(1024K)->919K(1024K)
[9.282s][info ][gc             ] GC(91) Pause Young (Normal) (G1 Evacuation Pause) 257M->4M(424M) 0.617ms
[9.282s][info ][gc,cpu         ] GC(91) User=0.00s Sys=0.00s Real=0.00s
[9.298s][info ][gc,start       ] GC(92) Pause Young (Normal) (G1 Evacuation Pause)
[9.298s][info ][gc,task        ] GC(92) Using 9 workers of 9 for evacuation
[9.298s][debug][gc,age         ] GC(92) Desired survivor size 16777216 bytes, new threshold 15 (max threshold 15)
[9.299s][info ][gc,phases      ] GC(92)   Pre Evacuate Collection Set: 0.07ms
[9.299s][info ][gc,phases      ] GC(92)   Merge Heap Roots: 0.04ms
[9.299s][info ][gc,phases      ] GC(92)   Evacuate Collection Set: 0.16ms
[9.299s][info ][gc,phases      ] GC(92)   Post Evacuate Collection Set: 0.19ms
[9.299s][info ][gc,phases      ] GC(92)   Other: 0.05ms
[9.299s][trace][gc,age         ] GC(92) Age table:
[9.299s][trace][gc,age         ] GC(92) - age   1:     400584 bytes,     400584 total
[9.299s][trace][gc,age         ] GC(92) - age  15:         64 bytes,     400648 total
[9.299s][info ][gc,heap        ] GC(92) Eden regions: 253->0(253)
[9.299s][info ][gc,heap        ] GC(92) Survivor regions: 1->1(32)
[9.299s][info ][gc,heap        ] GC(92) Old regions: 11->11
[9.299s][info ][gc,heap        ] GC(92) Humongous regions: 0->0
[9.299s][info ][gc,metaspace   ] GC(92) Metaspace: 9863K(10112K)->9863K(10112K) NonClass: 8944K(9088K)->8944K(9088K) Class: 919K(1024K)->919K(1024K)
[9.299s][info ][gc             ] GC(92) Pause Young (Normal) (G1 Evacuation Pause) 257M->4M(424M) 0.610ms
[9.299s][info ][gc,cpu         ] GC(92) User=0.00s Sys=0.00s Real=0.00s
[9.314s][info ][gc,start       ] GC(93) Pause Young (Normal) (G1 Evacuation Pause)
[9.314s][info ][gc,task        ] GC(93) Using 9 workers of 9 for evacuation
[9.314s][debug][gc,age         ] GC(93) Desired survivor size 16777216 bytes, new threshold 15 (max threshold 15)
[9.315s][info ][gc,phases      ] GC(93)   Pre Evacuate Collection Set: 0.07ms
[9.315s][info ][gc,phases      ] GC(93)   Merge Heap Roots: 0.06ms
[9.315s][info ][gc,phases      ] GC(93)   Evacuate Collection Set: 0.14ms
[9.315s][info ][gc,phases      ] GC(93)   Post Evacuate Collection Set: 0.20ms
[9.315s][info ][gc,phases      ] GC(93)   Other: 0.06ms
[9.315s][trace][gc,age         ] GC(93) Age table:
[9.315s][trace][gc,age         ] GC(93) - age   1:     400536 bytes,     400536 total
[9.315s][info ][gc,heap        ] GC(93) Eden regions: 253->0(253)
[9.315s][info ][gc,heap        ] GC(93) Survivor regions: 1->1(32)
[9.315s][info ][gc,heap        ] GC(93) Old regions: 11->11
[9.315s][info ][gc,heap        ] GC(93) Humongous regions: 0->0
[9.315s][info ][gc,metaspace   ] GC(93) Metaspace: 9864K(10112K)->9864K(10112K) NonClass: 8945K(9088K)->8945K(9088K) Class: 919K(1024K)->919K(1024K)
[9.315s][info ][gc             ] GC(93) Pause Young (Normal) (G1 Evacuation Pause) 257M->4M(424M) 0.661ms
[9.315s][info ][gc,cpu         ] GC(93) User=0.00s Sys=0.00s Real=0.00s
[9.330s][info ][gc,start       ] GC(94) Pause Young (Normal) (G1 Evacuation Pause)
[9.330s][info ][gc,task        ] GC(94) Using 9 workers of 9 for evacuation
[9.330s][debug][gc,age         ] GC(94) Desired survivor size 16777216 bytes, new threshold 15 (max threshold 15)
[9.331s][info ][gc,phases      ] GC(94)   Pre Evacuate Collection Set: 0.09ms
[9.331s][info ][gc,phases      ] GC(94)   Merge Heap Roots: 0.10ms
[9.331s][info ][gc,phases      ] GC(94)   Evacuate Collection Set: 0.09ms
[9.331s][info ][gc,phases      ] GC(94)   Post Evacuate Collection Set: 0.22ms
[9.331s][info ][gc,phases      ] GC(94)   Other: 0.06ms
[9.331s][trace][gc,age         ] GC(94) Age table:
[9.331s][trace][gc,age         ] GC(94) - age   1:     400536 bytes,     400536 total
[9.331s][info ][gc,heap        ] GC(94) Eden regions: 253->0(253)
[9.331s][info ][gc,heap        ] GC(94) Survivor regions: 1->1(32)
[9.331s][info ][gc,heap        ] GC(94) Old regions: 11->11
[9.331s][info ][gc,heap        ] GC(94) Humongous regions: 0->0
[9.331s][info ][gc,metaspace   ] GC(94) Metaspace: 9864K(10112K)->9864K(10112K) NonClass: 8945K(9088K)->8945K(9088K) Class: 919K(1024K)->919K(1024K)
[9.331s][info ][gc             ] GC(94) Pause Young (Normal) (G1 Evacuation Pause) 257M->4M(424M) 0.676ms
[9.331s][info ][gc,cpu         ] GC(94) User=0.01s Sys=0.01s Real=0.00s
[9.347s][info ][gc,start       ] GC(95) Pause Young (Normal) (G1 Evacuation Pause)
[9.347s][info ][gc,task        ] GC(95) Using 9 workers of 9 for evacuation
[9.347s][debug][gc,age         ] GC(95) Desired survivor size 16777216 bytes, new threshold 15 (max threshold 15)
[9.347s][info ][gc,phases      ] GC(95)   Pre Evacuate Collection Set: 0.07ms
[9.347s][info ][gc,phases      ] GC(95)   Merge Heap Roots: 0.08ms
[9.347s][info ][gc,phases      ] GC(95)   Evacuate Collection Set: 0.13ms
[9.347s][info ][gc,phases      ] GC(95)   Post Evacuate Collection Set: 0.18ms
[9.347s][info ][gc,phases      ] GC(95)   Other: 0.05ms
[9.347s][trace][gc,age         ] GC(95) Age table:
[9.347s][trace][gc,age         ] GC(95) - age   1:     400536 bytes,     400536 total
[9.347s][info ][gc,heap        ] GC(95) Eden regions: 253->0(253)
[9.347s][info ][gc,heap        ] GC(95) Survivor regions: 1->1(32)
[9.347s][info ][gc,heap        ] GC(95) Old regions: 11->11
[9.347s][info ][gc,heap        ] GC(95) Humongous regions: 0->0
[9.347s][info ][gc,metaspace   ] GC(95) Metaspace: 9864K(10112K)->9864K(10112K) NonClass: 8945K(9088K)->8945K(9088K) Class: 919K(1024K)->919K(1024K)
[9.347s][info ][gc             ] GC(95) Pause Young (Normal) (G1 Evacuation Pause) 257M->4M(424M) 0.674ms
[9.347s][info ][gc,cpu         ] GC(95) User=0.00s Sys=0.00s Real=0.00s
[9.363s][info ][gc,start       ] GC(96) Pause Young (Normal) (G1 Evacuation Pause)
[9.363s][info ][gc,task        ] GC(96) Using 9 workers of 9 for evacuation
[9.363s][debug][gc,age         ] GC(96) Desired survivor size 16777216 bytes, new threshold 15 (max threshold 15)
[9.364s][info ][gc,phases      ] GC(96)   Pre Evacuate Collection Set: 0.08ms
[9.364s][info ][gc,phases      ] GC(96)   Merge Heap Roots: 0.06ms
[9.364s][info ][gc,phases      ] GC(96)   Evacuate Collection Set: 0.12ms
[9.364s][info ][gc,phases      ] GC(96)   Post Evacuate Collection Set: 0.15ms
[9.364s][info ][gc,phases      ] GC(96)   Other: 0.05ms
[9.364s][trace][gc,age         ] GC(96) Age table:
[9.364s][trace][gc,age         ] GC(96) - age   1:     400536 bytes,     400536 total
[9.364s][info ][gc,heap        ] GC(96) Eden regions: 253->0(253)
[9.364s][info ][gc,heap        ] GC(96) Survivor regions: 1->1(32)
[9.364s][info ][gc,heap        ] GC(96) Old regions: 11->11
[9.364s][info ][gc,heap        ] GC(96) Humongous regions: 0->0
[9.364s][info ][gc,metaspace   ] GC(96) Metaspace: 9864K(10112K)->9864K(10112K) NonClass: 8945K(9088K)->8945K(9088K) Class: 919K(1024K)->919K(1024K)
[9.364s][info ][gc             ] GC(96) Pause Young (Normal) (G1 Evacuation Pause) 257M->4M(424M) 0.589ms
[9.364s][info ][gc,cpu         ] GC(96) User=0.00s Sys=0.00s Real=0.00s
[9.381s][info ][gc,start       ] GC(97) Pause Young (Normal) (G1 Evacuation Pause)
[9.381s][info ][gc,task        ] GC(97) Using 9 workers of 9 for evacuation
[9.381s][debug][gc,age         ] GC(97) Desired survivor size 16777216 bytes, new threshold 15 (max threshold 15)
[9.381s][info ][gc,phases      ] GC(97)   Pre Evacuate Collection Set: 0.06ms
[9.381s][info ][gc,phases      ] GC(97)   Merge Heap Roots: 0.05ms
[9.381s][info ][gc,phases      ] GC(97)   Evacuate Collection Set: 0.14ms
[9.381s][info ][gc,phases      ] GC(97)   Post Evacuate Collection Set: 0.17ms
[9.381s][info ][gc,phases      ] GC(97)   Other: 0.06ms
[9.381s][trace][gc,age         ] GC(97) Age table:
[9.381s][trace][gc,age         ] GC(97) - age   1:     400536 bytes,     400536 total
[9.381s][info ][gc,heap        ] GC(97) Eden regions: 253->0(253)
[9.381s][info ][gc,heap        ] GC(97) Survivor regions: 1->1(32)
[9.381s][info ][gc,heap        ] GC(97) Old regions: 11->11
[9.381s][info ][gc,heap        ] GC(97) Humongous regions: 0->0
[9.381s][info ][gc,metaspace   ] GC(97) Metaspace: 9867K(10112K)->9867K(10112K) NonClass: 8948K(9088K)->8948K(9088K) Class: 919K(1024K)->919K(1024K)
[9.381s][info ][gc             ] GC(97) Pause Young (Normal) (G1 Evacuation Pause) 257M->4M(424M) 0.597ms
[9.381s][info ][gc,cpu         ] GC(97) User=0.00s Sys=0.00s Real=0.00s
[9.397s][info ][gc,start       ] GC(98) Pause Young (Normal) (G1 Evacuation Pause)
[9.397s][info ][gc,task        ] GC(98) Using 9 workers of 9 for evacuation
[9.397s][debug][gc,age         ] GC(98) Desired survivor size 16777216 bytes, new threshold 15 (max threshold 15)
[9.398s][info ][gc,phases      ] GC(98)   Pre Evacuate Collection Set: 0.11ms
[9.398s][info ][gc,phases      ] GC(98)   Merge Heap Roots: 0.07ms
[9.398s][info ][gc,phases      ] GC(98)   Evacuate Collection Set: 0.12ms
[9.398s][info ][gc,phases      ] GC(98)   Post Evacuate Collection Set: 0.18ms
[9.398s][info ][gc,phases      ] GC(98)   Other: 0.06ms
[9.398s][trace][gc,age         ] GC(98) Age table:
[9.398s][trace][gc,age         ] GC(98) - age   1:     400208 bytes,     400208 total
[9.398s][trace][gc,age         ] GC(98) - age   2:        328 bytes,     400536 total
[9.398s][info ][gc,heap        ] GC(98) Eden regions: 253->0(253)
[9.398s][info ][gc,heap        ] GC(98) Survivor regions: 1->1(32)
[9.398s][info ][gc,heap        ] GC(98) Old regions: 11->11
[9.398s][info ][gc,heap        ] GC(98) Humongous regions: 0->0
[9.398s][info ][gc,metaspace   ] GC(98) Metaspace: 9867K(10112K)->9867K(10112K) NonClass: 8948K(9088K)->8948K(9088K) Class: 919K(1024K)->919K(1024K)
[9.398s][info ][gc             ] GC(98) Pause Young (Normal) (G1 Evacuation Pause) 257M->4M(424M) 0.666ms
[9.398s][info ][gc,cpu         ] GC(98) User=0.00s Sys=0.00s Real=0.00s
[9.414s][info ][gc,start       ] GC(99) Pause Young (Normal) (G1 Evacuation Pause)
[9.414s][info ][gc,task        ] GC(99) Using 9 workers of 9 for evacuation
[9.414s][debug][gc,age         ] GC(99) Desired survivor size 16777216 bytes, new threshold 15 (max threshold 15)
[9.414s][info ][gc,phases      ] GC(99)   Pre Evacuate Collection Set: 0.07ms
[9.414s][info ][gc,phases      ] GC(99)   Merge Heap Roots: 0.06ms
[9.414s][info ][gc,phases      ] GC(99)   Evacuate Collection Set: 0.13ms
[9.414s][info ][gc,phases      ] GC(99)   Post Evacuate Collection Set: 0.18ms
[9.414s][info ][gc,phases      ] GC(99)   Other: 0.07ms
[9.414s][trace][gc,age         ] GC(99) Age table:
[9.414s][trace][gc,age         ] GC(99) - age   1:     400208 bytes,     400208 total
[9.414s][trace][gc,age         ] GC(99) - age   3:        328 bytes,     400536 total
[9.414s][info ][gc,heap        ] GC(99) Eden regions: 253->0(253)
[9.414s][info ][gc,heap        ] GC(99) Survivor regions: 1->1(32)
[9.414s][info ][gc,heap        ] GC(99) Old regions: 11->11
[9.414s][info ][gc,heap        ] GC(99) Humongous regions: 0->0
[9.414s][info ][gc,metaspace   ] GC(99) Metaspace: 9867K(10112K)->9867K(10112K) NonClass: 8948K(9088K)->8948K(9088K) Class: 919K(1024K)->919K(1024K)
[9.414s][info ][gc             ] GC(99) Pause Young (Normal) (G1 Evacuation Pause) 257M->4M(424M) 0.621ms
[9.414s][info ][gc,cpu         ] GC(99) User=0.01s Sys=0.00s Real=0.00s
[9.430s][info ][gc,start       ] GC(100) Pause Young (Normal) (G1 Evacuation Pause)
[9.430s][info ][gc,task        ] GC(100) Using 9 workers of 9 for evacuation
[9.430s][debug][gc,age         ] GC(100) Desired survivor size 16777216 bytes, new threshold 15 (max threshold 15)
[9.431s][info ][gc,phases      ] GC(100)   Pre Evacuate Collection Set: 0.08ms
[9.431s][info ][gc,phases      ] GC(100)   Merge Heap Roots: 0.06ms
[9.431s][info ][gc,phases      ] GC(100)   Evacuate Collection Set: 0.11ms
[9.431s][info ][gc,phases      ] GC(100)   Post Evacuate Collection Set: 0.15ms
[9.431s][info ][gc,phases      ] GC(100)   Other: 0.05ms
[9.431s][trace][gc,age         ] GC(100) Age table:
[9.431s][trace][gc,age         ] GC(100) - age   1:     400208 bytes,     400208 total
[9.431s][trace][gc,age         ] GC(100) - age   4:        328 bytes,     400536 total
[9.431s][info ][gc,heap        ] GC(100) Eden regions: 253->0(253)
[9.431s][info ][gc,heap        ] GC(100) Survivor regions: 1->1(32)
[9.431s][info ][gc,heap        ] GC(100) Old regions: 11->11
[9.431s][info ][gc,heap        ] GC(100) Humongous regions: 0->0
[9.431s][info ][gc,metaspace   ] GC(100) Metaspace: 9867K(10112K)->9867K(10112K) NonClass: 8948K(9088K)->8948K(9088K) Class: 919K(1024K)->919K(1024K)
[9.431s][info ][gc             ] GC(100) Pause Young (Normal) (G1 Evacuation Pause) 257M->4M(424M) 0.566ms
[9.431s][info ][gc,cpu         ] GC(100) User=0.00s Sys=0.00s Real=0.00s
[9.447s][info ][gc,start       ] GC(101) Pause Young (Normal) (G1 Evacuation Pause)
[9.447s][info ][gc,task        ] GC(101) Using 9 workers of 9 for evacuation
[9.447s][debug][gc,age         ] GC(101) Desired survivor size 16777216 bytes, new threshold 15 (max threshold 15)
[9.448s][info ][gc,phases      ] GC(101)   Pre Evacuate Collection Set: 0.06ms
[9.448s][info ][gc,phases      ] GC(101)   Merge Heap Roots: 0.07ms
[9.448s][info ][gc,phases      ] GC(101)   Evacuate Collection Set: 0.12ms
[9.448s][info ][gc,phases      ] GC(101)   Post Evacuate Collection Set: 0.20ms
[9.448s][info ][gc,phases      ] GC(101)   Other: 0.07ms
[9.448s][trace][gc,age         ] GC(101) Age table:
[9.448s][trace][gc,age         ] GC(101) - age   1:     400208 bytes,     400208 total
[9.448s][trace][gc,age         ] GC(101) - age   5:        328 bytes,     400536 total
[9.448s][info ][gc,heap        ] GC(101) Eden regions: 253->0(253)
[9.448s][info ][gc,heap        ] GC(101) Survivor regions: 1->1(32)
[9.448s][info ][gc,heap        ] GC(101) Old regions: 11->11
[9.448s][info ][gc,heap        ] GC(101) Humongous regions: 0->0
[9.448s][info ][gc,metaspace   ] GC(101) Metaspace: 9867K(10112K)->9867K(10112K) NonClass: 8948K(9088K)->8948K(9088K) Class: 919K(1024K)->919K(1024K)
[9.448s][info ][gc             ] GC(101) Pause Young (Normal) (G1 Evacuation Pause) 257M->4M(424M) 0.632ms
[9.448s][info ][gc,cpu         ] GC(101) User=0.00s Sys=0.00s Real=0.00s
[9.463s][info ][gc,start       ] GC(102) Pause Young (Normal) (G1 Evacuation Pause)
[9.463s][info ][gc,task        ] GC(102) Using 9 workers of 9 for evacuation
[9.463s][debug][gc,age         ] GC(102) Desired survivor size 16777216 bytes, new threshold 15 (max threshold 15)
[9.464s][info ][gc,phases      ] GC(102)   Pre Evacuate Collection Set: 0.08ms
[9.464s][info ][gc,phases      ] GC(102)   Merge Heap Roots: 0.09ms
[9.464s][info ][gc,phases      ] GC(102)   Evacuate Collection Set: 0.08ms
[9.464s][info ][gc,phases      ] GC(102)   Post Evacuate Collection Set: 0.17ms
[9.464s][info ][gc,phases      ] GC(102)   Other: 0.05ms
[9.464s][trace][gc,age         ] GC(102) Age table:
[9.464s][trace][gc,age         ] GC(102) - age   1:     400208 bytes,     400208 total
[9.464s][trace][gc,age         ] GC(102) - age   6:        328 bytes,     400536 total
[9.464s][info ][gc,heap        ] GC(102) Eden regions: 253->0(253)
[9.464s][info ][gc,heap        ] GC(102) Survivor regions: 1->1(32)
[9.464s][info ][gc,heap        ] GC(102) Old regions: 11->11
[9.464s][info ][gc,heap        ] GC(102) Humongous regions: 0->0
[9.464s][info ][gc,metaspace   ] GC(102) Metaspace: 9867K(10112K)->9867K(10112K) NonClass: 8948K(9088K)->8948K(9088K) Class: 919K(1024K)->919K(1024K)
[9.464s][info ][gc             ] GC(102) Pause Young (Normal) (G1 Evacuation Pause) 257M->4M(424M) 0.559ms
[9.464s][info ][gc,cpu         ] GC(102) User=0.01s Sys=0.00s Real=0.00s
[9.480s][info ][gc,start       ] GC(103) Pause Young (Normal) (G1 Evacuation Pause)
[9.480s][info ][gc,task        ] GC(103) Using 9 workers of 9 for evacuation
[9.480s][debug][gc,age         ] GC(103) Desired survivor size 16777216 bytes, new threshold 15 (max threshold 15)
[9.480s][info ][gc,phases      ] GC(103)   Pre Evacuate Collection Set: 0.07ms
[9.480s][info ][gc,phases      ] GC(103)   Merge Heap Roots: 0.06ms
[9.480s][info ][gc,phases      ] GC(103)   Evacuate Collection Set: 0.13ms
[9.480s][info ][gc,phases      ] GC(103)   Post Evacuate Collection Set: 0.17ms
[9.480s][info ][gc,phases      ] GC(103)   Other: 0.05ms
[9.480s][trace][gc,age         ] GC(103) Age table:
[9.480s][trace][gc,age         ] GC(103) - age   1:     400208 bytes,     400208 total
[9.480s][trace][gc,age         ] GC(103) - age   7:        328 bytes,     400536 total
[9.480s][info ][gc,heap        ] GC(103) Eden regions: 253->0(253)
[9.480s][info ][gc,heap        ] GC(103) Survivor regions: 1->1(32)
[9.480s][info ][gc,heap        ] GC(103) Old regions: 11->11
[9.480s][info ][gc,heap        ] GC(103) Humongous regions: 0->0
[9.480s][info ][gc,metaspace   ] GC(103) Metaspace: 9867K(10112K)->9867K(10112K) NonClass: 8948K(9088K)->8948K(9088K) Class: 919K(1024K)->919K(1024K)
[9.480s][info ][gc             ] GC(103) Pause Young (Normal) (G1 Evacuation Pause) 257M->4M(424M) 0.593ms
[9.480s][info ][gc,cpu         ] GC(103) User=0.00s Sys=0.00s Real=0.00s
[9.496s][info ][gc,start       ] GC(104) Pause Young (Normal) (G1 Evacuation Pause)
[9.496s][info ][gc,task        ] GC(104) Using 9 workers of 9 for evacuation
[9.496s][debug][gc,age         ] GC(104) Desired survivor size 16777216 bytes, new threshold 15 (max threshold 15)
[9.497s][info ][gc,phases      ] GC(104)   Pre Evacuate Collection Set: 0.09ms
[9.497s][info ][gc,phases      ] GC(104)   Merge Heap Roots: 0.07ms
[9.497s][info ][gc,phases      ] GC(104)   Evacuate Collection Set: 0.11ms
[9.497s][info ][gc,phases      ] GC(104)   Post Evacuate Collection Set: 0.21ms
[9.497s][info ][gc,phases      ] GC(104)   Other: 0.05ms
[9.497s][trace][gc,age         ] GC(104) Age table:
[9.497s][trace][gc,age         ] GC(104) - age   1:     400208 bytes,     400208 total
[9.497s][trace][gc,age         ] GC(104) - age   8:        328 bytes,     400536 total
[9.497s][info ][gc,heap        ] GC(104) Eden regions: 253->0(253)
[9.497s][info ][gc,heap        ] GC(104) Survivor regions: 1->1(32)
[9.497s][info ][gc,heap        ] GC(104) Old regions: 11->11
[9.497s][info ][gc,heap        ] GC(104) Humongous regions: 0->0
[9.497s][info ][gc,metaspace   ] GC(104) Metaspace: 9867K(10112K)->9867K(10112K) NonClass: 8948K(9088K)->8948K(9088K) Class: 919K(1024K)->919K(1024K)
[9.497s][info ][gc             ] GC(104) Pause Young (Normal) (G1 Evacuation Pause) 257M->4M(424M) 0.628ms
[9.497s][info ][gc,cpu         ] GC(104) User=0.00s Sys=0.00s Real=0.00s
[9.513s][info ][gc,start       ] GC(105) Pause Young (Normal) (G1 Evacuation Pause)
[9.513s][info ][gc,task        ] GC(105) Using 9 workers of 9 for evacuation
[9.513s][debug][gc,age         ] GC(105) Desired survivor size 16777216 bytes, new threshold 15 (max threshold 15)
[9.513s][info ][gc,phases      ] GC(105)   Pre Evacuate Collection Set: 0.07ms
[9.514s][info ][gc,phases      ] GC(105)   Merge Heap Roots: 0.09ms
[9.514s][info ][gc,phases      ] GC(105)   Evacuate Collection Set: 0.12ms
[9.514s][info ][gc,phases      ] GC(105)   Post Evacuate Collection Set: 0.19ms
[9.514s][info ][gc,phases      ] GC(105)   Other: 0.06ms
[9.514s][trace][gc,age         ] GC(105) Age table:
[9.514s][trace][gc,age         ] GC(105) - age   1:     400208 bytes,     400208 total
[9.514s][trace][gc,age         ] GC(105) - age   9:        328 bytes,     400536 total
[9.514s][info ][gc,heap        ] GC(105) Eden regions: 253->0(253)
[9.514s][info ][gc,heap        ] GC(105) Survivor regions: 1->1(32)
[9.514s][info ][gc,heap        ] GC(105) Old regions: 11->11
[9.514s][info ][gc,heap        ] GC(105) Humongous regions: 0->0
[9.514s][info ][gc,metaspace   ] GC(105) Metaspace: 9867K(10112K)->9867K(10112K) NonClass: 8948K(9088K)->8948K(9088K) Class: 919K(1024K)->919K(1024K)
[9.514s][info ][gc             ] GC(105) Pause Young (Normal) (G1 Evacuation Pause) 257M->4M(424M) 0.626ms
[9.514s][info ][gc,cpu         ] GC(105) User=0.00s Sys=0.00s Real=0.00s
[9.529s][info ][gc,start       ] GC(106) Pause Young (Normal) (G1 Evacuation Pause)
[9.529s][info ][gc,task        ] GC(106) Using 9 workers of 9 for evacuation
[9.529s][debug][gc,age         ] GC(106) Desired survivor size 16777216 bytes, new threshold 15 (max threshold 15)
[9.530s][info ][gc,phases      ] GC(106)   Pre Evacuate Collection Set: 0.06ms
[9.530s][info ][gc,phases      ] GC(106)   Merge Heap Roots: 0.06ms
[9.530s][info ][gc,phases      ] GC(106)   Evacuate Collection Set: 0.12ms
[9.530s][info ][gc,phases      ] GC(106)   Post Evacuate Collection Set: 0.19ms
[9.530s][info ][gc,phases      ] GC(106)   Other: 0.06ms
[9.530s][trace][gc,age         ] GC(106) Age table:
[9.530s][trace][gc,age         ] GC(106) - age   1:     400208 bytes,     400208 total
[9.530s][trace][gc,age         ] GC(106) - age  10:        328 bytes,     400536 total
[9.530s][info ][gc,heap        ] GC(106) Eden regions: 253->0(253)
[9.530s][info ][gc,heap        ] GC(106) Survivor regions: 1->1(32)
[9.530s][info ][gc,heap        ] GC(106) Old regions: 11->11
[9.530s][info ][gc,heap        ] GC(106) Humongous regions: 0->0
[9.530s][info ][gc,metaspace   ] GC(106) Metaspace: 9867K(10112K)->9867K(10112K) NonClass: 8948K(9088K)->8948K(9088K) Class: 919K(1024K)->919K(1024K)
[9.530s][info ][gc             ] GC(106) Pause Young (Normal) (G1 Evacuation Pause) 257M->4M(424M) 0.598ms
[9.530s][info ][gc,cpu         ] GC(106) User=0.00s Sys=0.00s Real=0.00s
[9.545s][info ][gc,start       ] GC(107) Pause Young (Normal) (G1 Evacuation Pause)
[9.545s][info ][gc,task        ] GC(107) Using 9 workers of 9 for evacuation
[9.545s][debug][gc,age         ] GC(107) Desired survivor size 16777216 bytes, new threshold 15 (max threshold 15)
[9.546s][info ][gc,phases      ] GC(107)   Pre Evacuate Collection Set: 0.09ms
[9.546s][info ][gc,phases      ] GC(107)   Merge Heap Roots: 0.07ms
[9.546s][info ][gc,phases      ] GC(107)   Evacuate Collection Set: 0.12ms
[9.546s][info ][gc,phases      ] GC(107)   Post Evacuate Collection Set: 0.19ms
[9.546s][info ][gc,phases      ] GC(107)   Other: 0.05ms
[9.546s][trace][gc,age         ] GC(107) Age table:
[9.546s][trace][gc,age         ] GC(107) - age   1:     400208 bytes,     400208 total
[9.546s][trace][gc,age         ] GC(107) - age  11:        328 bytes,     400536 total
[9.546s][info ][gc,heap        ] GC(107) Eden regions: 253->0(253)
[9.546s][info ][gc,heap        ] GC(107) Survivor regions: 1->1(32)
[9.546s][info ][gc,heap        ] GC(107) Old regions: 11->11
[9.546s][info ][gc,heap        ] GC(107) Humongous regions: 0->0
[9.546s][info ][gc,metaspace   ] GC(107) Metaspace: 9867K(10112K)->9867K(10112K) NonClass: 8948K(9088K)->8948K(9088K) Class: 919K(1024K)->919K(1024K)
[9.546s][info ][gc             ] GC(107) Pause Young (Normal) (G1 Evacuation Pause) 257M->4M(424M) 0.609ms
[9.546s][info ][gc,cpu         ] GC(107) User=0.00s Sys=0.01s Real=0.00s
[9.562s][info ][gc,start       ] GC(108) Pause Young (Normal) (G1 Evacuation Pause)
[9.562s][info ][gc,task        ] GC(108) Using 9 workers of 9 for evacuation
[9.562s][debug][gc,age         ] GC(108) Desired survivor size 16777216 bytes, new threshold 15 (max threshold 15)
[9.562s][info ][gc,phases      ] GC(108)   Pre Evacuate Collection Set: 0.07ms
[9.562s][info ][gc,phases      ] GC(108)   Merge Heap Roots: 0.07ms
[9.562s][info ][gc,phases      ] GC(108)   Evacuate Collection Set: 0.10ms
[9.562s][info ][gc,phases      ] GC(108)   Post Evacuate Collection Set: 0.16ms
[9.562s][info ][gc,phases      ] GC(108)   Other: 0.05ms
[9.562s][trace][gc,age         ] GC(108) Age table:
[9.562s][trace][gc,age         ] GC(108) - age   1:     400208 bytes,     400208 total
[9.562s][trace][gc,age         ] GC(108) - age  12:        328 bytes,     400536 total
[9.562s][info ][gc,heap        ] GC(108) Eden regions: 253->0(253)
[9.562s][info ][gc,heap        ] GC(108) Survivor regions: 1->1(32)
[9.562s][info ][gc,heap        ] GC(108) Old regions: 11->11
[9.562s][info ][gc,heap        ] GC(108) Humongous regions: 0->0
[9.562s][info ][gc,metaspace   ] GC(108) Metaspace: 9867K(10112K)->9867K(10112K) NonClass: 8948K(9088K)->8948K(9088K) Class: 919K(1024K)->919K(1024K)
[9.562s][info ][gc             ] GC(108) Pause Young (Normal) (G1 Evacuation Pause) 257M->4M(424M) 0.541ms
[9.562s][info ][gc,cpu         ] GC(108) User=0.00s Sys=0.00s Real=0.00s
[9.578s][info ][gc,start       ] GC(109) Pause Young (Normal) (G1 Evacuation Pause)
[9.578s][info ][gc,task        ] GC(109) Using 9 workers of 9 for evacuation
[9.578s][debug][gc,age         ] GC(109) Desired survivor size 16777216 bytes, new threshold 15 (max threshold 15)
[9.579s][info ][gc,phases      ] GC(109)   Pre Evacuate Collection Set: 0.08ms
[9.579s][info ][gc,phases      ] GC(109)   Merge Heap Roots: 0.08ms
[9.579s][info ][gc,phases      ] GC(109)   Evacuate Collection Set: 0.11ms
[9.579s][info ][gc,phases      ] GC(109)   Post Evacuate Collection Set: 0.20ms
[9.579s][info ][gc,phases      ] GC(109)   Other: 0.05ms
[9.579s][trace][gc,age         ] GC(109) Age table:
[9.579s][trace][gc,age         ] GC(109) - age   1:     400208 bytes,     400208 total
[9.579s][trace][gc,age         ] GC(109) - age  13:        328 bytes,     400536 total
[9.579s][info ][gc,heap        ] GC(109) Eden regions: 253->0(253)
[9.579s][info ][gc,heap        ] GC(109) Survivor regions: 1->1(32)
[9.579s][info ][gc,heap        ] GC(109) Old regions: 11->11
[9.579s][info ][gc,heap        ] GC(109) Humongous regions: 0->0
[9.579s][info ][gc,metaspace   ] GC(109) Metaspace: 9867K(10112K)->9867K(10112K) NonClass: 8948K(9088K)->8948K(9088K) Class: 919K(1024K)->919K(1024K)
[9.579s][info ][gc             ] GC(109) Pause Young (Normal) (G1 Evacuation Pause) 257M->4M(424M) 0.606ms
[9.579s][info ][gc,cpu         ] GC(109) User=0.00s Sys=0.00s Real=0.00s
[9.595s][info ][gc,start       ] GC(110) Pause Young (Normal) (G1 Evacuation Pause)
[9.595s][info ][gc,task        ] GC(110) Using 9 workers of 9 for evacuation
[9.595s][debug][gc,age         ] GC(110) Desired survivor size 16777216 bytes, new threshold 15 (max threshold 15)
[9.595s][info ][gc,phases      ] GC(110)   Pre Evacuate Collection Set: 0.10ms
[9.595s][info ][gc,phases      ] GC(110)   Merge Heap Roots: 0.07ms
[9.595s][info ][gc,phases      ] GC(110)   Evacuate Collection Set: 0.13ms
[9.595s][info ][gc,phases      ] GC(110)   Post Evacuate Collection Set: 0.17ms
[9.595s][info ][gc,phases      ] GC(110)   Other: 0.06ms
[9.595s][trace][gc,age         ] GC(110) Age table:
[9.595s][trace][gc,age         ] GC(110) - age   1:     400208 bytes,     400208 total
[9.595s][trace][gc,age         ] GC(110) - age  14:        328 bytes,     400536 total
[9.595s][info ][gc,heap        ] GC(110) Eden regions: 253->0(253)
[9.595s][info ][gc,heap        ] GC(110) Survivor regions: 1->1(32)
[9.595s][info ][gc,heap        ] GC(110) Old regions: 11->11
[9.595s][info ][gc,heap        ] GC(110) Humongous regions: 0->0
[9.595s][info ][gc,metaspace   ] GC(110) Metaspace: 9867K(10112K)->9867K(10112K) NonClass: 8948K(9088K)->8948K(9088K) Class: 919K(1024K)->919K(1024K)
[9.595s][info ][gc             ] GC(110) Pause Young (Normal) (G1 Evacuation Pause) 257M->4M(424M) 0.644ms
[9.595s][info ][gc,cpu         ] GC(110) User=0.00s Sys=0.00s Real=0.01s
[9.611s][info ][gc,start       ] GC(111) Pause Young (Normal) (G1 Evacuation Pause)
[9.611s][info ][gc,task        ] GC(111) Using 9 workers of 9 for evacuation
[9.611s][debug][gc,age         ] GC(111) Desired survivor size 16777216 bytes, new threshold 15 (max threshold 15)
[9.612s][info ][gc,phases      ] GC(111)   Pre Evacuate Collection Set: 0.08ms
[9.612s][info ][gc,phases      ] GC(111)   Merge Heap Roots: 0.09ms
[9.612s][info ][gc,phases      ] GC(111)   Evacuate Collection Set: 0.09ms
[9.612s][info ][gc,phases      ] GC(111)   Post Evacuate Collection Set: 0.18ms
[9.612s][info ][gc,phases      ] GC(111)   Other: 0.06ms
[9.612s][trace][gc,age         ] GC(111) Age table:
[9.612s][trace][gc,age         ] GC(111) - age   1:     400208 bytes,     400208 total
[9.612s][trace][gc,age         ] GC(111) - age  15:        328 bytes,     400536 total
[9.612s][info ][gc,heap        ] GC(111) Eden regions: 253->0(253)
[9.612s][info ][gc,heap        ] GC(111) Survivor regions: 1->1(32)
[9.612s][info ][gc,heap        ] GC(111) Old regions: 11->11
[9.612s][info ][gc,heap        ] GC(111) Humongous regions: 0->0
[9.612s][info ][gc,metaspace   ] GC(111) Metaspace: 9867K(10112K)->9867K(10112K) NonClass: 8948K(9088K)->8948K(9088K) Class: 919K(1024K)->919K(1024K)
[9.612s][info ][gc             ] GC(111) Pause Young (Normal) (G1 Evacuation Pause) 257M->4M(424M) 0.625ms
[9.612s][info ][gc,cpu         ] GC(111) User=0.00s Sys=0.00s Real=0.00s
[9.628s][info ][gc,start       ] GC(112) Pause Young (Normal) (G1 Evacuation Pause)
[9.628s][info ][gc,task        ] GC(112) Using 9 workers of 9 for evacuation
[9.628s][debug][gc,age         ] GC(112) Desired survivor size 16777216 bytes, new threshold 15 (max threshold 15)
[9.628s][info ][gc,phases      ] GC(112)   Pre Evacuate Collection Set: 0.07ms
[9.628s][info ][gc,phases      ] GC(112)   Merge Heap Roots: 0.06ms
[9.628s][info ][gc,phases      ] GC(112)   Evacuate Collection Set: 0.17ms
[9.628s][info ][gc,phases      ] GC(112)   Post Evacuate Collection Set: 0.18ms
[9.628s][info ][gc,phases      ] GC(112)   Other: 0.07ms
[9.628s][trace][gc,age         ] GC(112) Age table:
[9.628s][trace][gc,age         ] GC(112) - age   1:     400208 bytes,     400208 total
[9.628s][info ][gc,heap        ] GC(112) Eden regions: 253->0(253)
[9.628s][info ][gc,heap        ] GC(112) Survivor regions: 1->1(32)
[9.628s][info ][gc,heap        ] GC(112) Old regions: 11->11
[9.628s][info ][gc,heap        ] GC(112) Humongous regions: 0->0
[9.628s][info ][gc,metaspace   ] GC(112) Metaspace: 9867K(10112K)->9867K(10112K) NonClass: 8948K(9088K)->8948K(9088K) Class: 919K(1024K)->919K(1024K)
[9.628s][info ][gc             ] GC(112) Pause Young (Normal) (G1 Evacuation Pause) 257M->4M(424M) 0.630ms
[9.628s][info ][gc,cpu         ] GC(112) User=0.00s Sys=0.00s Real=0.00s
[9.644s][info ][gc,start       ] GC(113) Pause Young (Normal) (G1 Evacuation Pause)
[9.644s][info ][gc,task        ] GC(113) Using 9 workers of 9 for evacuation
[9.644s][debug][gc,age         ] GC(113) Desired survivor size 16777216 bytes, new threshold 15 (max threshold 15)
[9.645s][info ][gc,phases      ] GC(113)   Pre Evacuate Collection Set: 0.08ms
[9.645s][info ][gc,phases      ] GC(113)   Merge Heap Roots: 0.05ms
[9.645s][info ][gc,phases      ] GC(113)   Evacuate Collection Set: 0.11ms
[9.645s][info ][gc,phases      ] GC(113)   Post Evacuate Collection Set: 0.16ms
[9.645s][info ][gc,phases      ] GC(113)   Other: 0.04ms
[9.645s][trace][gc,age         ] GC(113) Age table:
[9.645s][trace][gc,age         ] GC(113) - age   1:     400208 bytes,     400208 total
[9.645s][info ][gc,heap        ] GC(113) Eden regions: 253->0(253)
[9.645s][info ][gc,heap        ] GC(113) Survivor regions: 1->1(32)
[9.645s][info ][gc,heap        ] GC(113) Old regions: 11->11
[9.645s][info ][gc,heap        ] GC(113) Humongous regions: 0->0
[9.645s][info ][gc,metaspace   ] GC(113) Metaspace: 9867K(10112K)->9867K(10112K) NonClass: 8948K(9088K)->8948K(9088K) Class: 919K(1024K)->919K(1024K)
[9.645s][info ][gc             ] GC(113) Pause Young (Normal) (G1 Evacuation Pause) 257M->4M(424M) 0.530ms
[9.645s][info ][gc,cpu         ] GC(113) User=0.00s Sys=0.00s Real=0.00s
[9.661s][info ][gc,start       ] GC(114) Pause Young (Normal) (G1 Evacuation Pause)
[9.661s][info ][gc,task        ] GC(114) Using 9 workers of 9 for evacuation
[9.661s][debug][gc,age         ] GC(114) Desired survivor size 16777216 bytes, new threshold 15 (max threshold 15)
[9.661s][info ][gc,phases      ] GC(114)   Pre Evacuate Collection Set: 0.09ms
[9.661s][info ][gc,phases      ] GC(114)   Merge Heap Roots: 0.09ms
[9.661s][info ][gc,phases      ] GC(114)   Evacuate Collection Set: 0.11ms
[9.661s][info ][gc,phases      ] GC(114)   Post Evacuate Collection Set: 0.18ms
[9.661s][info ][gc,phases      ] GC(114)   Other: 0.07ms
[9.661s][trace][gc,age         ] GC(114) Age table:
[9.661s][trace][gc,age         ] GC(114) - age   1:     400208 bytes,     400208 total
[9.661s][info ][gc,heap        ] GC(114) Eden regions: 253->0(253)
[9.661s][info ][gc,heap        ] GC(114) Survivor regions: 1->1(32)
[9.661s][info ][gc,heap        ] GC(114) Old regions: 11->11
[9.661s][info ][gc,heap        ] GC(114) Humongous regions: 0->0
[9.661s][info ][gc,metaspace   ] GC(114) Metaspace: 9867K(10112K)->9867K(10112K) NonClass: 8948K(9088K)->8948K(9088K) Class: 919K(1024K)->919K(1024K)
[9.661s][info ][gc             ] GC(114) Pause Young (Normal) (G1 Evacuation Pause) 257M->4M(424M) 0.651ms
[9.661s][info ][gc,cpu         ] GC(114) User=0.00s Sys=0.00s Real=0.00s
[9.677s][info ][gc,start       ] GC(115) Pause Young (Normal) (G1 Evacuation Pause)
[9.677s][info ][gc,task        ] GC(115) Using 9 workers of 9 for evacuation
[9.677s][debug][gc,age         ] GC(115) Desired survivor size 16777216 bytes, new threshold 15 (max threshold 15)
[9.678s][info ][gc,phases      ] GC(115)   Pre Evacuate Collection Set: 0.07ms
[9.678s][info ][gc,phases      ] GC(115)   Merge Heap Roots: 0.06ms
[9.678s][info ][gc,phases      ] GC(115)   Evacuate Collection Set: 0.10ms
[9.678s][info ][gc,phases      ] GC(115)   Post Evacuate Collection Set: 0.17ms
[9.678s][info ][gc,phases      ] GC(115)   Other: 0.05ms
[9.678s][trace][gc,age         ] GC(115) Age table:
[9.678s][trace][gc,age         ] GC(115) - age   1:     400208 bytes,     400208 total
[9.678s][info ][gc,heap        ] GC(115) Eden regions: 253->0(253)
[9.678s][info ][gc,heap        ] GC(115) Survivor regions: 1->1(32)
[9.678s][info ][gc,heap        ] GC(115) Old regions: 11->11
[9.678s][info ][gc,heap        ] GC(115) Humongous regions: 0->0
[9.678s][info ][gc,metaspace   ] GC(115) Metaspace: 9867K(10112K)->9867K(10112K) NonClass: 8948K(9088K)->8948K(9088K) Class: 919K(1024K)->919K(1024K)
[9.678s][info ][gc             ] GC(115) Pause Young (Normal) (G1 Evacuation Pause) 257M->4M(424M) 0.548ms
[9.678s][info ][gc,cpu         ] GC(115) User=0.00s Sys=0.01s Real=0.00s
[9.694s][info ][gc,start       ] GC(116) Pause Young (Normal) (G1 Evacuation Pause)
[9.694s][info ][gc,task        ] GC(116) Using 9 workers of 9 for evacuation
[9.694s][debug][gc,age         ] GC(116) Desired survivor size 16777216 bytes, new threshold 15 (max threshold 15)
[9.694s][info ][gc,phases      ] GC(116)   Pre Evacuate Collection Set: 0.07ms
[9.694s][info ][gc,phases      ] GC(116)   Merge Heap Roots: 0.05ms
[9.694s][info ][gc,phases      ] GC(116)   Evacuate Collection Set: 0.12ms
[9.694s][info ][gc,phases      ] GC(116)   Post Evacuate Collection Set: 0.22ms
[9.694s][info ][gc,phases      ] GC(116)   Other: 0.07ms
[9.694s][trace][gc,age         ] GC(116) Age table:
[9.694s][trace][gc,age         ] GC(116) - age   1:     400208 bytes,     400208 total
[9.694s][info ][gc,heap        ] GC(116) Eden regions: 253->0(253)
[9.694s][info ][gc,heap        ] GC(116) Survivor regions: 1->1(32)
[9.694s][info ][gc,heap        ] GC(116) Old regions: 11->11
[9.694s][info ][gc,heap        ] GC(116) Humongous regions: 0->0
[9.694s][info ][gc,metaspace   ] GC(116) Metaspace: 9867K(10112K)->9867K(10112K) NonClass: 8948K(9088K)->8948K(9088K) Class: 919K(1024K)->919K(1024K)
[9.694s][info ][gc             ] GC(116) Pause Young (Normal) (G1 Evacuation Pause) 257M->4M(424M) 0.633ms
[9.694s][info ][gc,cpu         ] GC(116) User=0.00s Sys=0.00s Real=0.00s
[9.710s][info ][gc,start       ] GC(117) Pause Young (Normal) (G1 Evacuation Pause)
[9.710s][info ][gc,task        ] GC(117) Using 9 workers of 9 for evacuation
[9.710s][debug][gc,age         ] GC(117) Desired survivor size 16777216 bytes, new threshold 15 (max threshold 15)
[9.711s][info ][gc,phases      ] GC(117)   Pre Evacuate Collection Set: 0.09ms
[9.711s][info ][gc,phases      ] GC(117)   Merge Heap Roots: 0.07ms
[9.711s][info ][gc,phases      ] GC(117)   Evacuate Collection Set: 0.10ms
[9.711s][info ][gc,phases      ] GC(117)   Post Evacuate Collection Set: 0.20ms
[9.711s][info ][gc,phases      ] GC(117)   Other: 0.05ms
[9.711s][trace][gc,age         ] GC(117) Age table:
[9.711s][trace][gc,age         ] GC(117) - age   1:     400208 bytes,     400208 total
[9.711s][info ][gc,heap        ] GC(117) Eden regions: 253->0(253)
[9.711s][info ][gc,heap        ] GC(117) Survivor regions: 1->1(32)
[9.711s][info ][gc,heap        ] GC(117) Old regions: 11->11
[9.711s][info ][gc,heap        ] GC(117) Humongous regions: 0->0
[9.711s][info ][gc,metaspace   ] GC(117) Metaspace: 9867K(10112K)->9867K(10112K) NonClass: 8948K(9088K)->8948K(9088K) Class: 919K(1024K)->919K(1024K)
[9.711s][info ][gc             ] GC(117) Pause Young (Normal) (G1 Evacuation Pause) 257M->4M(424M) 0.592ms
[9.711s][info ][gc,cpu         ] GC(117) User=0.00s Sys=0.00s Real=0.00s
[9.727s][info ][gc,start       ] GC(118) Pause Young (Normal) (G1 Evacuation Pause)
[9.727s][info ][gc,task        ] GC(118) Using 9 workers of 9 for evacuation
[9.727s][debug][gc,age         ] GC(118) Desired survivor size 16777216 bytes, new threshold 15 (max threshold 15)
[9.727s][info ][gc,phases      ] GC(118)   Pre Evacuate Collection Set: 0.06ms
[9.727s][info ][gc,phases      ] GC(118)   Merge Heap Roots: 0.06ms
[9.727s][info ][gc,phases      ] GC(118)   Evacuate Collection Set: 0.08ms
[9.727s][info ][gc,phases      ] GC(118)   Post Evacuate Collection Set: 0.17ms
[9.727s][info ][gc,phases      ] GC(118)   Other: 0.05ms
[9.727s][trace][gc,age         ] GC(118) Age table:
[9.727s][trace][gc,age         ] GC(118) - age   1:     400208 bytes,     400208 total
[9.727s][info ][gc,heap        ] GC(118) Eden regions: 253->0(253)
[9.727s][info ][gc,heap        ] GC(118) Survivor regions: 1->1(32)
[9.727s][info ][gc,heap        ] GC(118) Old regions: 11->11
[9.727s][info ][gc,heap        ] GC(118) Humongous regions: 0->0
[9.727s][info ][gc,metaspace   ] GC(118) Metaspace: 9867K(10112K)->9867K(10112K) NonClass: 8948K(9088K)->8948K(9088K) Class: 919K(1024K)->919K(1024K)
[9.727s][info ][gc             ] GC(118) Pause Young (Normal) (G1 Evacuation Pause) 257M->4M(424M) 0.515ms
[9.727s][info ][gc,cpu         ] GC(118) User=0.00s Sys=0.00s Real=0.00s
[9.743s][info ][gc,start       ] GC(119) Pause Young (Normal) (G1 Evacuation Pause)
[9.743s][info ][gc,task        ] GC(119) Using 9 workers of 9 for evacuation
[9.743s][debug][gc,age         ] GC(119) Desired survivor size 16777216 bytes, new threshold 15 (max threshold 15)
[9.743s][info ][gc,phases      ] GC(119)   Pre Evacuate Collection Set: 0.06ms
[9.743s][info ][gc,phases      ] GC(119)   Merge Heap Roots: 0.05ms
[9.743s][info ][gc,phases      ] GC(119)   Evacuate Collection Set: 0.11ms
[9.743s][info ][gc,phases      ] GC(119)   Post Evacuate Collection Set: 0.17ms
[9.743s][info ][gc,phases      ] GC(119)   Other: 0.08ms
[9.743s][trace][gc,age         ] GC(119) Age table:
[9.743s][trace][gc,age         ] GC(119) - age   1:     400208 bytes,     400208 total
[9.743s][info ][gc,heap        ] GC(119) Eden regions: 253->0(253)
[9.743s][info ][gc,heap        ] GC(119) Survivor regions: 1->1(32)
[9.743s][info ][gc,heap        ] GC(119) Old regions: 11->11
[9.743s][info ][gc,heap        ] GC(119) Humongous regions: 0->0
[9.743s][info ][gc,metaspace   ] GC(119) Metaspace: 9867K(10112K)->9867K(10112K) NonClass: 8948K(9088K)->8948K(9088K) Class: 919K(1024K)->919K(1024K)
[9.743s][info ][gc             ] GC(119) Pause Young (Normal) (G1 Evacuation Pause) 257M->4M(424M) 0.580ms
[9.743s][info ][gc,cpu         ] GC(119) User=0.00s Sys=0.00s Real=0.00s
[9.759s][info ][gc,start       ] GC(120) Pause Young (Normal) (G1 Evacuation Pause)
[9.759s][info ][gc,task        ] GC(120) Using 9 workers of 9 for evacuation
[9.759s][debug][gc,age         ] GC(120) Desired survivor size 16777216 bytes, new threshold 15 (max threshold 15)
[9.759s][info ][gc,phases      ] GC(120)   Pre Evacuate Collection Set: 0.07ms
[9.759s][info ][gc,phases      ] GC(120)   Merge Heap Roots: 0.08ms
[9.759s][info ][gc,phases      ] GC(120)   Evacuate Collection Set: 0.11ms
[9.759s][info ][gc,phases      ] GC(120)   Post Evacuate Collection Set: 0.18ms
[9.759s][info ][gc,phases      ] GC(120)   Other: 0.06ms
[9.759s][trace][gc,age         ] GC(120) Age table:
[9.759s][trace][gc,age         ] GC(120) - age   1:     400208 bytes,     400208 total
[9.759s][info ][gc,heap        ] GC(120) Eden regions: 253->0(253)
[9.759s][info ][gc,heap        ] GC(120) Survivor regions: 1->1(32)
[9.759s][info ][gc,heap        ] GC(120) Old regions: 11->11
[9.759s][info ][gc,heap        ] GC(120) Humongous regions: 0->0
[9.759s][info ][gc,metaspace   ] GC(120) Metaspace: 9867K(10112K)->9867K(10112K) NonClass: 8948K(9088K)->8948K(9088K) Class: 919K(1024K)->919K(1024K)
[9.759s][info ][gc             ] GC(120) Pause Young (Normal) (G1 Evacuation Pause) 257M->4M(424M) 0.594ms
[9.759s][info ][gc,cpu         ] GC(120) User=0.00s Sys=0.00s Real=0.00s
[9.775s][info ][gc,start       ] GC(121) Pause Young (Normal) (G1 Evacuation Pause)
[9.775s][info ][gc,task        ] GC(121) Using 9 workers of 9 for evacuation
[9.775s][debug][gc,age         ] GC(121) Desired survivor size 16777216 bytes, new threshold 15 (max threshold 15)
[9.776s][info ][gc,phases      ] GC(121)   Pre Evacuate Collection Set: 0.09ms
[9.776s][info ][gc,phases      ] GC(121)   Merge Heap Roots: 0.07ms
[9.776s][info ][gc,phases      ] GC(121)   Evacuate Collection Set: 0.10ms
[9.776s][info ][gc,phases      ] GC(121)   Post Evacuate Collection Set: 0.19ms
[9.776s][info ][gc,phases      ] GC(121)   Other: 0.07ms
[9.776s][trace][gc,age         ] GC(121) Age table:
[9.776s][trace][gc,age         ] GC(121) - age   1:     400208 bytes,     400208 total
[9.776s][info ][gc,heap        ] GC(121) Eden regions: 253->0(253)
[9.776s][info ][gc,heap        ] GC(121) Survivor regions: 1->1(32)
[9.776s][info ][gc,heap        ] GC(121) Old regions: 11->11
[9.776s][info ][gc,heap        ] GC(121) Humongous regions: 0->0
[9.776s][info ][gc,metaspace   ] GC(121) Metaspace: 9867K(10112K)->9867K(10112K) NonClass: 8948K(9088K)->8948K(9088K) Class: 919K(1024K)->919K(1024K)
[9.776s][info ][gc             ] GC(121) Pause Young (Normal) (G1 Evacuation Pause) 257M->4M(424M) 0.613ms
[9.776s][info ][gc,cpu         ] GC(121) User=0.00s Sys=0.00s Real=0.01s
[9.791s][info ][gc,start       ] GC(122) Pause Young (Normal) (G1 Evacuation Pause)
[9.791s][info ][gc,task        ] GC(122) Using 9 workers of 9 for evacuation
[9.791s][debug][gc,age         ] GC(122) Desired survivor size 16777216 bytes, new threshold 15 (max threshold 15)
[9.792s][info ][gc,phases      ] GC(122)   Pre Evacuate Collection Set: 0.09ms
[9.792s][info ][gc,phases      ] GC(122)   Merge Heap Roots: 0.09ms
[9.792s][info ][gc,phases      ] GC(122)   Evacuate Collection Set: 0.10ms
[9.792s][info ][gc,phases      ] GC(122)   Post Evacuate Collection Set: 0.18ms
[9.792s][info ][gc,phases      ] GC(122)   Other: 0.06ms
[9.792s][trace][gc,age         ] GC(122) Age table:
[9.792s][trace][gc,age         ] GC(122) - age   1:     400208 bytes,     400208 total
[9.792s][info ][gc,heap        ] GC(122) Eden regions: 253->0(253)
[9.792s][info ][gc,heap        ] GC(122) Survivor regions: 1->1(32)
[9.792s][info ][gc,heap        ] GC(122) Old regions: 11->11
[9.792s][info ][gc,heap        ] GC(122) Humongous regions: 0->0
[9.792s][info ][gc,metaspace   ] GC(122) Metaspace: 9867K(10112K)->9867K(10112K) NonClass: 8948K(9088K)->8948K(9088K) Class: 919K(1024K)->919K(1024K)
[9.792s][info ][gc             ] GC(122) Pause Young (Normal) (G1 Evacuation Pause) 257M->4M(424M) 0.638ms
[9.792s][info ][gc,cpu         ] GC(122) User=0.00s Sys=0.00s Real=0.00s
[9.808s][info ][gc,start       ] GC(123) Pause Young (Normal) (G1 Evacuation Pause)
[9.808s][info ][gc,task        ] GC(123) Using 9 workers of 9 for evacuation
[9.808s][debug][gc,age         ] GC(123) Desired survivor size 16777216 bytes, new threshold 15 (max threshold 15)
[9.808s][info ][gc,phases      ] GC(123)   Pre Evacuate Collection Set: 0.07ms
[9.808s][info ][gc,phases      ] GC(123)   Merge Heap Roots: 0.05ms
[9.808s][info ][gc,phases      ] GC(123)   Evacuate Collection Set: 0.12ms
[9.808s][info ][gc,phases      ] GC(123)   Post Evacuate Collection Set: 0.18ms
[9.808s][info ][gc,phases      ] GC(123)   Other: 0.05ms
[9.808s][trace][gc,age         ] GC(123) Age table:
[9.808s][trace][gc,age         ] GC(123) - age   1:     400208 bytes,     400208 total
[9.808s][info ][gc,heap        ] GC(123) Eden regions: 253->0(253)
[9.808s][info ][gc,heap        ] GC(123) Survivor regions: 1->1(32)
[9.808s][info ][gc,heap        ] GC(123) Old regions: 11->11
[9.808s][info ][gc,heap        ] GC(123) Humongous regions: 0->0
[9.808s][info ][gc,metaspace   ] GC(123) Metaspace: 9867K(10112K)->9867K(10112K) NonClass: 8948K(9088K)->8948K(9088K) Class: 919K(1024K)->919K(1024K)
[9.808s][info ][gc             ] GC(123) Pause Young (Normal) (G1 Evacuation Pause) 257M->4M(424M) 0.566ms
[9.808s][info ][gc,cpu         ] GC(123) User=0.00s Sys=0.00s Real=0.00s
[9.824s][info ][gc,start       ] GC(124) Pause Young (Normal) (G1 Evacuation Pause)
[9.824s][info ][gc,task        ] GC(124) Using 9 workers of 9 for evacuation
[9.824s][debug][gc,age         ] GC(124) Desired survivor size 16777216 bytes, new threshold 15 (max threshold 15)
[9.824s][info ][gc,phases      ] GC(124)   Pre Evacuate Collection Set: 0.07ms
[9.825s][info ][gc,phases      ] GC(124)   Merge Heap Roots: 0.07ms
[9.825s][info ][gc,phases      ] GC(124)   Evacuate Collection Set: 0.10ms
[9.825s][info ][gc,phases      ] GC(124)   Post Evacuate Collection Set: 0.17ms
[9.825s][info ][gc,phases      ] GC(124)   Other: 0.05ms
[9.825s][trace][gc,age         ] GC(124) Age table:
[9.825s][trace][gc,age         ] GC(124) - age   1:     400208 bytes,     400208 total
[9.825s][info ][gc,heap        ] GC(124) Eden regions: 253->0(253)
[9.825s][info ][gc,heap        ] GC(124) Survivor regions: 1->1(32)
[9.825s][info ][gc,heap        ] GC(124) Old regions: 11->11
[9.825s][info ][gc,heap        ] GC(124) Humongous regions: 0->0
[9.825s][info ][gc,metaspace   ] GC(124) Metaspace: 9867K(10112K)->9867K(10112K) NonClass: 8948K(9088K)->8948K(9088K) Class: 919K(1024K)->919K(1024K)
[9.825s][info ][gc             ] GC(124) Pause Young (Normal) (G1 Evacuation Pause) 257M->4M(424M) 0.568ms
[9.825s][info ][gc,cpu         ] GC(124) User=0.00s Sys=0.00s Real=0.00s
[9.840s][info ][gc,start       ] GC(125) Pause Young (Normal) (G1 Evacuation Pause)
[9.840s][info ][gc,task        ] GC(125) Using 9 workers of 9 for evacuation
[9.840s][debug][gc,age         ] GC(125) Desired survivor size 16777216 bytes, new threshold 15 (max threshold 15)
[9.841s][info ][gc,phases      ] GC(125)   Pre Evacuate Collection Set: 0.06ms
[9.841s][info ][gc,phases      ] GC(125)   Merge Heap Roots: 0.09ms
[9.841s][info ][gc,phases      ] GC(125)   Evacuate Collection Set: 0.11ms
[9.841s][info ][gc,phases      ] GC(125)   Post Evacuate Collection Set: 0.18ms
[9.841s][info ][gc,phases      ] GC(125)   Other: 0.06ms
[9.841s][trace][gc,age         ] GC(125) Age table:
[9.841s][trace][gc,age         ] GC(125) - age   1:     400208 bytes,     400208 total
[9.841s][info ][gc,heap        ] GC(125) Eden regions: 253->0(253)
[9.841s][info ][gc,heap        ] GC(125) Survivor regions: 1->1(32)
[9.841s][info ][gc,heap        ] GC(125) Old regions: 11->11
[9.841s][info ][gc,heap        ] GC(125) Humongous regions: 0->0
[9.841s][info ][gc,metaspace   ] GC(125) Metaspace: 9867K(10112K)->9867K(10112K) NonClass: 8948K(9088K)->8948K(9088K) Class: 919K(1024K)->919K(1024K)
[9.841s][info ][gc             ] GC(125) Pause Young (Normal) (G1 Evacuation Pause) 257M->4M(424M) 0.611ms
[9.841s][info ][gc,cpu         ] GC(125) User=0.00s Sys=0.00s Real=0.00s
[9.857s][info ][gc,start       ] GC(126) Pause Young (Normal) (G1 Evacuation Pause)
[9.857s][info ][gc,task        ] GC(126) Using 9 workers of 9 for evacuation
[9.857s][debug][gc,age         ] GC(126) Desired survivor size 16777216 bytes, new threshold 15 (max threshold 15)
[9.857s][info ][gc,phases      ] GC(126)   Pre Evacuate Collection Set: 0.06ms
[9.857s][info ][gc,phases      ] GC(126)   Merge Heap Roots: 0.07ms
[9.857s][info ][gc,phases      ] GC(126)   Evacuate Collection Set: 0.09ms
[9.857s][info ][gc,phases      ] GC(126)   Post Evacuate Collection Set: 0.17ms
[9.857s][info ][gc,phases      ] GC(126)   Other: 0.05ms
[9.857s][trace][gc,age         ] GC(126) Age table:
[9.857s][trace][gc,age         ] GC(126) - age   1:     400208 bytes,     400208 total
[9.857s][info ][gc,heap        ] GC(126) Eden regions: 253->0(253)
[9.857s][info ][gc,heap        ] GC(126) Survivor regions: 1->1(32)
[9.857s][info ][gc,heap        ] GC(126) Old regions: 11->11
[9.857s][info ][gc,heap        ] GC(126) Humongous regions: 0->0
[9.857s][info ][gc,metaspace   ] GC(126) Metaspace: 9867K(10112K)->9867K(10112K) NonClass: 8948K(9088K)->8948K(9088K) Class: 919K(1024K)->919K(1024K)
[9.857s][info ][gc             ] GC(126) Pause Young (Normal) (G1 Evacuation Pause) 257M->4M(424M) 0.532ms
[9.857s][info ][gc,cpu         ] GC(126) User=0.00s Sys=0.00s Real=0.00s
[9.873s][info ][gc,start       ] GC(127) Pause Young (Normal) (G1 Evacuation Pause)
[9.873s][info ][gc,task        ] GC(127) Using 9 workers of 9 for evacuation
[9.873s][debug][gc,age         ] GC(127) Desired survivor size 16777216 bytes, new threshold 15 (max threshold 15)
[9.873s][info ][gc,phases      ] GC(127)   Pre Evacuate Collection Set: 0.08ms
[9.873s][info ][gc,phases      ] GC(127)   Merge Heap Roots: 0.07ms
[9.873s][info ][gc,phases      ] GC(127)   Evacuate Collection Set: 0.11ms
[9.873s][info ][gc,phases      ] GC(127)   Post Evacuate Collection Set: 0.15ms
[9.873s][info ][gc,phases      ] GC(127)   Other: 0.05ms
[9.873s][trace][gc,age         ] GC(127) Age table:
[9.873s][trace][gc,age         ] GC(127) - age   1:     400208 bytes,     400208 total
[9.873s][info ][gc,heap        ] GC(127) Eden regions: 253->0(253)
[9.873s][info ][gc,heap        ] GC(127) Survivor regions: 1->1(32)
[9.873s][info ][gc,heap        ] GC(127) Old regions: 11->11
[9.873s][info ][gc,heap        ] GC(127) Humongous regions: 0->0
[9.873s][info ][gc,metaspace   ] GC(127) Metaspace: 9867K(10112K)->9867K(10112K) NonClass: 8948K(9088K)->8948K(9088K) Class: 919K(1024K)->919K(1024K)
[9.873s][info ][gc             ] GC(127) Pause Young (Normal) (G1 Evacuation Pause) 257M->4M(424M) 0.559ms
[9.873s][info ][gc,cpu         ] GC(127) User=0.00s Sys=0.00s Real=0.00s
[9.889s][info ][gc,start       ] GC(128) Pause Young (Normal) (G1 Evacuation Pause)
[9.890s][info ][gc,task        ] GC(128) Using 9 workers of 9 for evacuation
[9.890s][debug][gc,age         ] GC(128) Desired survivor size 16777216 bytes, new threshold 15 (max threshold 15)
[9.890s][info ][gc,phases      ] GC(128)   Pre Evacuate Collection Set: 0.06ms
[9.890s][info ][gc,phases      ] GC(128)   Merge Heap Roots: 0.10ms
[9.890s][info ][gc,phases      ] GC(128)   Evacuate Collection Set: 0.09ms
[9.890s][info ][gc,phases      ] GC(128)   Post Evacuate Collection Set: 0.18ms
[9.890s][info ][gc,phases      ] GC(128)   Other: 0.04ms
[9.890s][trace][gc,age         ] GC(128) Age table:
[9.890s][trace][gc,age         ] GC(128) - age   1:     400208 bytes,     400208 total
[9.890s][info ][gc,heap        ] GC(128) Eden regions: 253->0(253)
[9.890s][info ][gc,heap        ] GC(128) Survivor regions: 1->1(32)
[9.890s][info ][gc,heap        ] GC(128) Old regions: 11->11
[9.890s][info ][gc,heap        ] GC(128) Humongous regions: 0->0
[9.890s][info ][gc,metaspace   ] GC(128) Metaspace: 9867K(10112K)->9867K(10112K) NonClass: 8948K(9088K)->8948K(9088K) Class: 919K(1024K)->919K(1024K)
[9.890s][info ][gc             ] GC(128) Pause Young (Normal) (G1 Evacuation Pause) 257M->4M(424M) 0.550ms
[9.890s][info ][gc,cpu         ] GC(128) User=0.00s Sys=0.00s Real=0.00s
[9.906s][info ][gc,start       ] GC(129) Pause Young (Normal) (G1 Evacuation Pause)
[9.906s][info ][gc,task        ] GC(129) Using 9 workers of 9 for evacuation
[9.906s][debug][gc,age         ] GC(129) Desired survivor size 16777216 bytes, new threshold 15 (max threshold 15)
[9.906s][info ][gc,phases      ] GC(129)   Pre Evacuate Collection Set: 0.07ms
[9.906s][info ][gc,phases      ] GC(129)   Merge Heap Roots: 0.07ms
[9.906s][info ][gc,phases      ] GC(129)   Evacuate Collection Set: 0.11ms
[9.906s][info ][gc,phases      ] GC(129)   Post Evacuate Collection Set: 0.19ms
[9.906s][info ][gc,phases      ] GC(129)   Other: 0.06ms
[9.906s][trace][gc,age         ] GC(129) Age table:
[9.906s][trace][gc,age         ] GC(129) - age   1:     400208 bytes,     400208 total
[9.906s][info ][gc,heap        ] GC(129) Eden regions: 253->0(253)
[9.906s][info ][gc,heap        ] GC(129) Survivor regions: 1->1(32)
[9.906s][info ][gc,heap        ] GC(129) Old regions: 11->11
[9.906s][info ][gc,heap        ] GC(129) Humongous regions: 0->0
[9.906s][info ][gc,metaspace   ] GC(129) Metaspace: 9867K(10112K)->9867K(10112K) NonClass: 8948K(9088K)->8948K(9088K) Class: 919K(1024K)->919K(1024K)
[9.906s][info ][gc             ] GC(129) Pause Young (Normal) (G1 Evacuation Pause) 257M->4M(424M) 0.603ms
[9.906s][info ][gc,cpu         ] GC(129) User=0.00s Sys=0.00s Real=0.00s
[9.922s][info ][gc,start       ] GC(130) Pause Young (Normal) (G1 Evacuation Pause)
[9.922s][info ][gc,task        ] GC(130) Using 9 workers of 9 for evacuation
[9.922s][debug][gc,age         ] GC(130) Desired survivor size 16777216 bytes, new threshold 15 (max threshold 15)
[9.923s][info ][gc,phases      ] GC(130)   Pre Evacuate Collection Set: 0.09ms
[9.923s][info ][gc,phases      ] GC(130)   Merge Heap Roots: 0.07ms
[9.923s][info ][gc,phases      ] GC(130)   Evacuate Collection Set: 0.10ms
[9.923s][info ][gc,phases      ] GC(130)   Post Evacuate Collection Set: 0.18ms
[9.923s][info ][gc,phases      ] GC(130)   Other: 0.06ms
[9.923s][trace][gc,age         ] GC(130) Age table:
[9.923s][trace][gc,age         ] GC(130) - age   1:     400208 bytes,     400208 total
[9.923s][info ][gc,heap        ] GC(130) Eden regions: 253->0(253)
[9.923s][info ][gc,heap        ] GC(130) Survivor regions: 1->1(32)
[9.923s][info ][gc,heap        ] GC(130) Old regions: 11->11
[9.923s][info ][gc,heap        ] GC(130) Humongous regions: 0->0
[9.923s][info ][gc,metaspace   ] GC(130) Metaspace: 9867K(10112K)->9867K(10112K) NonClass: 8948K(9088K)->8948K(9088K) Class: 919K(1024K)->919K(1024K)
[9.923s][info ][gc             ] GC(130) Pause Young (Normal) (G1 Evacuation Pause) 257M->4M(424M) 0.606ms
[9.923s][info ][gc,cpu         ] GC(130) User=0.00s Sys=0.00s Real=0.00s
[9.939s][info ][gc,start       ] GC(131) Pause Young (Normal) (G1 Evacuation Pause)
[9.939s][info ][gc,task        ] GC(131) Using 9 workers of 9 for evacuation
[9.939s][debug][gc,age         ] GC(131) Desired survivor size 16777216 bytes, new threshold 15 (max threshold 15)
[9.939s][info ][gc,phases      ] GC(131)   Pre Evacuate Collection Set: 0.08ms
[9.939s][info ][gc,phases      ] GC(131)   Merge Heap Roots: 0.08ms
[9.939s][info ][gc,phases      ] GC(131)   Evacuate Collection Set: 0.08ms
[9.939s][info ][gc,phases      ] GC(131)   Post Evacuate Collection Set: 0.17ms
[9.939s][info ][gc,phases      ] GC(131)   Other: 0.05ms
[9.939s][trace][gc,age         ] GC(131) Age table:
[9.939s][trace][gc,age         ] GC(131) - age   1:     400208 bytes,     400208 total
[9.939s][info ][gc,heap        ] GC(131) Eden regions: 253->0(253)
[9.939s][info ][gc,heap        ] GC(131) Survivor regions: 1->1(32)
[9.939s][info ][gc,heap        ] GC(131) Old regions: 11->11
[9.939s][info ][gc,heap        ] GC(131) Humongous regions: 0->0
[9.939s][info ][gc,metaspace   ] GC(131) Metaspace: 9867K(10112K)->9867K(10112K) NonClass: 8948K(9088K)->8948K(9088K) Class: 919K(1024K)->919K(1024K)
[9.939s][info ][gc             ] GC(131) Pause Young (Normal) (G1 Evacuation Pause) 257M->4M(424M) 0.547ms
[9.939s][info ][gc,cpu         ] GC(131) User=0.00s Sys=0.00s Real=0.00s
[9.955s][info ][gc,start       ] GC(132) Pause Young (Normal) (G1 Evacuation Pause)
[9.955s][info ][gc,task        ] GC(132) Using 9 workers of 9 for evacuation
[9.955s][debug][gc,age         ] GC(132) Desired survivor size 16777216 bytes, new threshold 15 (max threshold 15)
[9.956s][info ][gc,phases      ] GC(132)   Pre Evacuate Collection Set: 0.07ms
[9.956s][info ][gc,phases      ] GC(132)   Merge Heap Roots: 0.06ms
[9.956s][info ][gc,phases      ] GC(132)   Evacuate Collection Set: 0.11ms
[9.956s][info ][gc,phases      ] GC(132)   Post Evacuate Collection Set: 0.17ms
[9.956s][info ][gc,phases      ] GC(132)   Other: 0.05ms
[9.956s][trace][gc,age         ] GC(132) Age table:
[9.956s][trace][gc,age         ] GC(132) - age   1:     400208 bytes,     400208 total
[9.956s][info ][gc,heap        ] GC(132) Eden regions: 253->0(253)
[9.956s][info ][gc,heap        ] GC(132) Survivor regions: 1->1(32)
[9.956s][info ][gc,heap        ] GC(132) Old regions: 11->11
[9.956s][info ][gc,heap        ] GC(132) Humongous regions: 0->0
[9.956s][info ][gc,metaspace   ] GC(132) Metaspace: 9867K(10112K)->9867K(10112K) NonClass: 8948K(9088K)->8948K(9088K) Class: 919K(1024K)->919K(1024K)
[9.956s][info ][gc             ] GC(132) Pause Young (Normal) (G1 Evacuation Pause) 257M->4M(424M) 0.547ms
[9.956s][info ][gc,cpu         ] GC(132) User=0.00s Sys=0.00s Real=0.00s
[9.972s][info ][gc,start       ] GC(133) Pause Young (Normal) (G1 Evacuation Pause)
[9.972s][info ][gc,task        ] GC(133) Using 9 workers of 9 for evacuation
[9.972s][debug][gc,age         ] GC(133) Desired survivor size 16777216 bytes, new threshold 15 (max threshold 15)
[9.972s][info ][gc,phases      ] GC(133)   Pre Evacuate Collection Set: 0.06ms
[9.972s][info ][gc,phases      ] GC(133)   Merge Heap Roots: 0.06ms
[9.972s][info ][gc,phases      ] GC(133)   Evacuate Collection Set: 0.11ms
[9.972s][info ][gc,phases      ] GC(133)   Post Evacuate Collection Set: 0.18ms
[9.972s][info ][gc,phases      ] GC(133)   Other: 0.05ms
[9.972s][trace][gc,age         ] GC(133) Age table:
[9.972s][trace][gc,age         ] GC(133) - age   1:     400208 bytes,     400208 total
[9.972s][info ][gc,heap        ] GC(133) Eden regions: 253->0(253)
[9.972s][info ][gc,heap        ] GC(133) Survivor regions: 1->1(32)
[9.972s][info ][gc,heap        ] GC(133) Old regions: 11->11
[9.972s][info ][gc,heap        ] GC(133) Humongous regions: 0->0
[9.973s][info ][gc,metaspace   ] GC(133) Metaspace: 9867K(10112K)->9867K(10112K) NonClass: 8948K(9088K)->8948K(9088K) Class: 919K(1024K)->919K(1024K)
[9.973s][info ][gc             ] GC(133) Pause Young (Normal) (G1 Evacuation Pause) 257M->4M(424M) 0.568ms
[9.973s][info ][gc,cpu         ] GC(133) User=0.00s Sys=0.00s Real=0.00s
[9.988s][info ][gc,start       ] GC(134) Pause Young (Normal) (G1 Evacuation Pause)
[9.988s][info ][gc,task        ] GC(134) Using 9 workers of 9 for evacuation
[9.988s][debug][gc,age         ] GC(134) Desired survivor size 16777216 bytes, new threshold 15 (max threshold 15)
[9.989s][info ][gc,phases      ] GC(134)   Pre Evacuate Collection Set: 0.08ms
[9.989s][info ][gc,phases      ] GC(134)   Merge Heap Roots: 0.05ms
[9.989s][info ][gc,phases      ] GC(134)   Evacuate Collection Set: 0.12ms
[9.989s][info ][gc,phases      ] GC(134)   Post Evacuate Collection Set: 0.19ms
[9.989s][info ][gc,phases      ] GC(134)   Other: 0.06ms
[9.989s][trace][gc,age         ] GC(134) Age table:
[9.989s][trace][gc,age         ] GC(134) - age   1:     400208 bytes,     400208 total
[9.989s][info ][gc,heap        ] GC(134) Eden regions: 253->0(253)
[9.989s][info ][gc,heap        ] GC(134) Survivor regions: 1->1(32)
[9.989s][info ][gc,heap        ] GC(134) Old regions: 11->11
[9.989s][info ][gc,heap        ] GC(134) Humongous regions: 0->0
[9.989s][info ][gc,metaspace   ] GC(134) Metaspace: 9867K(10112K)->9867K(10112K) NonClass: 8948K(9088K)->8948K(9088K) Class: 919K(1024K)->919K(1024K)
[9.989s][info ][gc             ] GC(134) Pause Young (Normal) (G1 Evacuation Pause) 257M->4M(424M) 0.594ms
[9.989s][info ][gc,cpu         ] GC(134) User=0.00s Sys=0.00s Real=0.00s
[10.004s][info ][gc,start       ] GC(135) Pause Young (Normal) (G1 Evacuation Pause)
[10.004s][info ][gc,task        ] GC(135) Using 9 workers of 9 for evacuation
[10.004s][debug][gc,age         ] GC(135) Desired survivor size 16777216 bytes, new threshold 15 (max threshold 15)
[10.005s][info ][gc,phases      ] GC(135)   Pre Evacuate Collection Set: 0.14ms
[10.005s][info ][gc,phases      ] GC(135)   Merge Heap Roots: 0.06ms
[10.005s][info ][gc,phases      ] GC(135)   Evacuate Collection Set: 0.09ms
[10.005s][info ][gc,phases      ] GC(135)   Post Evacuate Collection Set: 0.18ms
[10.005s][info ][gc,phases      ] GC(135)   Other: 0.04ms
[10.005s][trace][gc,age         ] GC(135) Age table:
[10.005s][trace][gc,age         ] GC(135) - age   1:     400208 bytes,     400208 total
[10.005s][info ][gc,heap        ] GC(135) Eden regions: 253->0(253)
[10.005s][info ][gc,heap        ] GC(135) Survivor regions: 1->1(32)
[10.005s][info ][gc,heap        ] GC(135) Old regions: 11->11
[10.005s][info ][gc,heap        ] GC(135) Humongous regions: 0->0
[10.005s][info ][gc,metaspace   ] GC(135) Metaspace: 9867K(10112K)->9867K(10112K) NonClass: 8948K(9088K)->8948K(9088K) Class: 919K(1024K)->919K(1024K)
[10.005s][info ][gc             ] GC(135) Pause Young (Normal) (G1 Evacuation Pause) 257M->4M(424M) 0.603ms
[10.005s][info ][gc,cpu         ] GC(135) User=0.00s Sys=0.00s Real=0.00s
[10.021s][info ][gc,start       ] GC(136) Pause Young (Normal) (G1 Evacuation Pause)
[10.021s][info ][gc,task        ] GC(136) Using 9 workers of 9 for evacuation
[10.021s][debug][gc,age         ] GC(136) Desired survivor size 16777216 bytes, new threshold 15 (max threshold 15)
[10.021s][info ][gc,phases      ] GC(136)   Pre Evacuate Collection Set: 0.08ms
[10.021s][info ][gc,phases      ] GC(136)   Merge Heap Roots: 0.08ms
[10.021s][info ][gc,phases      ] GC(136)   Evacuate Collection Set: 0.11ms
[10.021s][info ][gc,phases      ] GC(136)   Post Evacuate Collection Set: 0.16ms
[10.021s][info ][gc,phases      ] GC(136)   Other: 0.07ms
[10.021s][trace][gc,age         ] GC(136) Age table:
[10.021s][trace][gc,age         ] GC(136) - age   1:     400208 bytes,     400208 total
[10.021s][info ][gc,heap        ] GC(136) Eden regions: 253->0(253)
[10.021s][info ][gc,heap        ] GC(136) Survivor regions: 1->1(32)
[10.021s][info ][gc,heap        ] GC(136) Old regions: 11->11
[10.021s][info ][gc,heap        ] GC(136) Humongous regions: 0->0
[10.021s][info ][gc,metaspace   ] GC(136) Metaspace: 9867K(10112K)->9867K(10112K) NonClass: 8948K(9088K)->8948K(9088K) Class: 919K(1024K)->919K(1024K)
[10.021s][info ][gc             ] GC(136) Pause Young (Normal) (G1 Evacuation Pause) 257M->4M(424M) 0.582ms
[10.022s][info ][gc,cpu         ] GC(136) User=0.00s Sys=0.00s Real=0.00s
[10.038s][info ][gc,start       ] GC(137) Pause Young (Normal) (G1 Evacuation Pause)
[10.038s][info ][gc,task        ] GC(137) Using 9 workers of 9 for evacuation
[10.038s][debug][gc,age         ] GC(137) Desired survivor size 16777216 bytes, new threshold 15 (max threshold 15)
[10.038s][info ][gc,phases      ] GC(137)   Pre Evacuate Collection Set: 0.06ms
[10.038s][info ][gc,phases      ] GC(137)   Merge Heap Roots: 0.11ms
[10.038s][info ][gc,phases      ] GC(137)   Evacuate Collection Set: 0.10ms
[10.038s][info ][gc,phases      ] GC(137)   Post Evacuate Collection Set: 0.17ms
[10.038s][info ][gc,phases      ] GC(137)   Other: 0.05ms
[10.038s][trace][gc,age         ] GC(137) Age table:
[10.038s][trace][gc,age         ] GC(137) - age   1:     400208 bytes,     400208 total
[10.038s][info ][gc,heap        ] GC(137) Eden regions: 253->0(253)
[10.038s][info ][gc,heap        ] GC(137) Survivor regions: 1->1(32)
[10.038s][info ][gc,heap        ] GC(137) Old regions: 11->11
[10.038s][info ][gc,heap        ] GC(137) Humongous regions: 0->0
[10.038s][info ][gc,metaspace   ] GC(137) Metaspace: 9867K(10112K)->9867K(10112K) NonClass: 8948K(9088K)->8948K(9088K) Class: 919K(1024K)->919K(1024K)
[10.038s][info ][gc             ] GC(137) Pause Young (Normal) (G1 Evacuation Pause) 257M->4M(424M) 0.574ms
[10.038s][info ][gc,cpu         ] GC(137) User=0.00s Sys=0.00s Real=0.00s
[10.054s][info ][gc,start       ] GC(138) Pause Young (Normal) (G1 Evacuation Pause)
[10.054s][info ][gc,task        ] GC(138) Using 9 workers of 9 for evacuation
[10.054s][debug][gc,age         ] GC(138) Desired survivor size 16777216 bytes, new threshold 15 (max threshold 15)
[10.054s][info ][gc,phases      ] GC(138)   Pre Evacuate Collection Set: 0.08ms
[10.054s][info ][gc,phases      ] GC(138)   Merge Heap Roots: 0.06ms
[10.054s][info ][gc,phases      ] GC(138)   Evacuate Collection Set: 0.11ms
[10.054s][info ][gc,phases      ] GC(138)   Post Evacuate Collection Set: 0.20ms
[10.054s][info ][gc,phases      ] GC(138)   Other: 0.05ms
[10.054s][trace][gc,age         ] GC(138) Age table:
[10.054s][trace][gc,age         ] GC(138) - age   1:     400208 bytes,     400208 total
[10.054s][info ][gc,heap        ] GC(138) Eden regions: 253->0(253)
[10.054s][info ][gc,heap        ] GC(138) Survivor regions: 1->1(32)
[10.054s][info ][gc,heap        ] GC(138) Old regions: 11->11
[10.054s][info ][gc,heap        ] GC(138) Humongous regions: 0->0
[10.054s][info ][gc,metaspace   ] GC(138) Metaspace: 9867K(10112K)->9867K(10112K) NonClass: 8948K(9088K)->8948K(9088K) Class: 919K(1024K)->919K(1024K)
[10.054s][info ][gc             ] GC(138) Pause Young (Normal) (G1 Evacuation Pause) 257M->4M(424M) 0.609ms
[10.054s][info ][gc,cpu         ] GC(138) User=0.00s Sys=0.00s Real=0.00s
[10.070s][info ][gc,start       ] GC(139) Pause Young (Normal) (G1 Evacuation Pause)
[10.070s][info ][gc,task        ] GC(139) Using 9 workers of 9 for evacuation
[10.070s][debug][gc,age         ] GC(139) Desired survivor size 16777216 bytes, new threshold 15 (max threshold 15)
[10.071s][info ][gc,phases      ] GC(139)   Pre Evacuate Collection Set: 0.10ms
[10.071s][info ][gc,phases      ] GC(139)   Merge Heap Roots: 0.07ms
[10.071s][info ][gc,phases      ] GC(139)   Evacuate Collection Set: 0.09ms
[10.071s][info ][gc,phases      ] GC(139)   Post Evacuate Collection Set: 0.16ms
[10.071s][info ][gc,phases      ] GC(139)   Other: 0.06ms
[10.071s][trace][gc,age         ] GC(139) Age table:
[10.071s][trace][gc,age         ] GC(139) - age   1:     400208 bytes,     400208 total
[10.071s][info ][gc,heap        ] GC(139) Eden regions: 253->0(253)
[10.071s][info ][gc,heap        ] GC(139) Survivor regions: 1->1(32)
[10.071s][info ][gc,heap        ] GC(139) Old regions: 11->11
[10.071s][info ][gc,heap        ] GC(139) Humongous regions: 0->0
[10.071s][info ][gc,metaspace   ] GC(139) Metaspace: 9867K(10112K)->9867K(10112K) NonClass: 8948K(9088K)->8948K(9088K) Class: 919K(1024K)->919K(1024K)
[10.071s][info ][gc             ] GC(139) Pause Young (Normal) (G1 Evacuation Pause) 257M->4M(424M) 0.558ms
[10.071s][info ][gc,cpu         ] GC(139) User=0.01s Sys=0.00s Real=0.00s
[10.086s][info ][gc,start       ] GC(140) Pause Young (Normal) (G1 Evacuation Pause)
[10.086s][info ][gc,task        ] GC(140) Using 9 workers of 9 for evacuation
[10.086s][debug][gc,age         ] GC(140) Desired survivor size 16777216 bytes, new threshold 15 (max threshold 15)
[10.087s][info ][gc,phases      ] GC(140)   Pre Evacuate Collection Set: 0.08ms
[10.087s][info ][gc,phases      ] GC(140)   Merge Heap Roots: 0.08ms
[10.087s][info ][gc,phases      ] GC(140)   Evacuate Collection Set: 0.11ms
[10.087s][info ][gc,phases      ] GC(140)   Post Evacuate Collection Set: 0.17ms
[10.087s][info ][gc,phases      ] GC(140)   Other: 0.05ms
[10.087s][trace][gc,age         ] GC(140) Age table:
[10.087s][trace][gc,age         ] GC(140) - age   1:     400208 bytes,     400208 total
[10.087s][info ][gc,heap        ] GC(140) Eden regions: 253->0(253)
[10.087s][info ][gc,heap        ] GC(140) Survivor regions: 1->1(32)
[10.087s][info ][gc,heap        ] GC(140) Old regions: 11->11
[10.087s][info ][gc,heap        ] GC(140) Humongous regions: 0->0
[10.087s][info ][gc,metaspace   ] GC(140) Metaspace: 9867K(10112K)->9867K(10112K) NonClass: 8948K(9088K)->8948K(9088K) Class: 919K(1024K)->919K(1024K)
[10.087s][info ][gc             ] GC(140) Pause Young (Normal) (G1 Evacuation Pause) 257M->4M(424M) 0.575ms
[10.087s][info ][gc,cpu         ] GC(140) User=0.00s Sys=0.00s Real=0.00s
[10.103s][info ][gc,start       ] GC(141) Pause Young (Normal) (G1 Evacuation Pause)
[10.103s][info ][gc,task        ] GC(141) Using 9 workers of 9 for evacuation
[10.103s][debug][gc,age         ] GC(141) Desired survivor size 16777216 bytes, new threshold 15 (max threshold 15)
[10.103s][info ][gc,phases      ] GC(141)   Pre Evacuate Collection Set: 0.09ms
[10.103s][info ][gc,phases      ] GC(141)   Merge Heap Roots: 0.08ms
[10.103s][info ][gc,phases      ] GC(141)   Evacuate Collection Set: 0.09ms
[10.103s][info ][gc,phases      ] GC(141)   Post Evacuate Collection Set: 0.16ms
[10.103s][info ][gc,phases      ] GC(141)   Other: 0.06ms
[10.103s][trace][gc,age         ] GC(141) Age table:
[10.103s][trace][gc,age         ] GC(141) - age   1:     400208 bytes,     400208 total
[10.103s][info ][gc,heap        ] GC(141) Eden regions: 253->0(253)
[10.103s][info ][gc,heap        ] GC(141) Survivor regions: 1->1(32)
[10.103s][info ][gc,heap        ] GC(141) Old regions: 11->11
[10.103s][info ][gc,heap        ] GC(141) Humongous regions: 0->0
[10.103s][info ][gc,metaspace   ] GC(141) Metaspace: 9867K(10112K)->9867K(10112K) NonClass: 8948K(9088K)->8948K(9088K) Class: 919K(1024K)->919K(1024K)
[10.104s][info ][gc             ] GC(141) Pause Young (Normal) (G1 Evacuation Pause) 257M->4M(424M) 0.587ms
[10.104s][info ][gc,cpu         ] GC(141) User=0.00s Sys=0.01s Real=0.00s
[10.120s][info ][gc,start       ] GC(142) Pause Young (Normal) (G1 Evacuation Pause)
[10.120s][info ][gc,task        ] GC(142) Using 9 workers of 9 for evacuation
[10.120s][debug][gc,age         ] GC(142) Desired survivor size 16777216 bytes, new threshold 15 (max threshold 15)
[10.120s][info ][gc,phases      ] GC(142)   Pre Evacuate Collection Set: 0.07ms
[10.120s][info ][gc,phases      ] GC(142)   Merge Heap Roots: 0.09ms
[10.120s][info ][gc,phases      ] GC(142)   Evacuate Collection Set: 0.10ms
[10.120s][info ][gc,phases      ] GC(142)   Post Evacuate Collection Set: 0.21ms
[10.120s][info ][gc,phases      ] GC(142)   Other: 0.05ms
[10.120s][trace][gc,age         ] GC(142) Age table:
[10.120s][trace][gc,age         ] GC(142) - age   1:     400208 bytes,     400208 total
[10.120s][info ][gc,heap        ] GC(142) Eden regions: 253->0(253)
[10.120s][info ][gc,heap        ] GC(142) Survivor regions: 1->1(32)
[10.120s][info ][gc,heap        ] GC(142) Old regions: 11->11
[10.120s][info ][gc,heap        ] GC(142) Humongous regions: 0->0
[10.120s][info ][gc,metaspace   ] GC(142) Metaspace: 9867K(10112K)->9867K(10112K) NonClass: 8948K(9088K)->8948K(9088K) Class: 919K(1024K)->919K(1024K)
[10.120s][info ][gc             ] GC(142) Pause Young (Normal) (G1 Evacuation Pause) 257M->4M(424M) 0.618ms
[10.120s][info ][gc,cpu         ] GC(142) User=0.00s Sys=0.00s Real=0.00s
[10.136s][info ][gc,start       ] GC(143) Pause Young (Normal) (G1 Evacuation Pause)
[10.136s][info ][gc,task        ] GC(143) Using 9 workers of 9 for evacuation
[10.136s][debug][gc,age         ] GC(143) Desired survivor size 16777216 bytes, new threshold 15 (max threshold 15)
[10.137s][info ][gc,phases      ] GC(143)   Pre Evacuate Collection Set: 0.08ms
[10.137s][info ][gc,phases      ] GC(143)   Merge Heap Roots: 0.10ms
[10.137s][info ][gc,phases      ] GC(143)   Evacuate Collection Set: 0.19ms
[10.137s][info ][gc,phases      ] GC(143)   Post Evacuate Collection Set: 0.27ms
[10.137s][info ][gc,phases      ] GC(143)   Other: 0.04ms
[10.137s][trace][gc,age         ] GC(143) Age table:
[10.137s][trace][gc,age         ] GC(143) - age   1:     424256 bytes,     424256 total
[10.137s][info ][gc,heap        ] GC(143) Eden regions: 253->0(253)
[10.137s][info ][gc,heap        ] GC(143) Survivor regions: 1->1(32)
[10.137s][info ][gc,heap        ] GC(143) Old regions: 11->11
[10.137s][info ][gc,heap        ] GC(143) Humongous regions: 0->0
[10.137s][info ][gc,metaspace   ] GC(143) Metaspace: 10006K(10240K)->10006K(10240K) NonClass: 9064K(9216K)->9064K(9216K) Class: 941K(1024K)->941K(1024K)
[10.137s][info ][gc             ] GC(143) Pause Young (Normal) (G1 Evacuation Pause) 257M->4M(424M) 0.770ms
[10.137s][info ][gc,cpu         ] GC(143) User=0.00s Sys=0.00s Real=0.00s
[10.152s][info ][gc,start       ] GC(144) Pause Young (Normal) (G1 Evacuation Pause)
[10.152s][info ][gc,task        ] GC(144) Using 9 workers of 9 for evacuation
[10.152s][debug][gc,age         ] GC(144) Desired survivor size 16777216 bytes, new threshold 15 (max threshold 15)
[10.153s][info ][gc,phases      ] GC(144)   Pre Evacuate Collection Set: 0.07ms
[10.153s][info ][gc,phases      ] GC(144)   Merge Heap Roots: 0.06ms
[10.153s][info ][gc,phases      ] GC(144)   Evacuate Collection Set: 0.19ms
[10.153s][info ][gc,phases      ] GC(144)   Post Evacuate Collection Set: 0.30ms
[10.153s][info ][gc,phases      ] GC(144)   Other: 0.06ms
[10.153s][trace][gc,age         ] GC(144) Age table:
[10.153s][trace][gc,age         ] GC(144) - age   1:     426952 bytes,     426952 total
[10.153s][trace][gc,age         ] GC(144) - age   2:      23632 bytes,     450584 total
[10.153s][info ][gc,heap        ] GC(144) Eden regions: 253->0(253)
[10.153s][info ][gc,heap        ] GC(144) Survivor regions: 1->1(32)
[10.153s][info ][gc,heap        ] GC(144) Old regions: 11->11
[10.153s][info ][gc,heap        ] GC(144) Humongous regions: 0->0
[10.153s][info ][gc,metaspace   ] GC(144) Metaspace: 10069K(10304K)->10069K(10304K) NonClass: 9120K(9280K)->9120K(9280K) Class: 948K(1024K)->948K(1024K)
[10.153s][info ][gc             ] GC(144) Pause Young (Normal) (G1 Evacuation Pause) 257M->4M(424M) 0.799ms
[10.153s][info ][gc,cpu         ] GC(144) User=0.00s Sys=0.00s Real=0.00s
[10.169s][info ][gc,start       ] GC(145) Pause Young (Normal) (G1 Evacuation Pause)
[10.169s][info ][gc,task        ] GC(145) Using 9 workers of 9 for evacuation
[10.169s][debug][gc,age         ] GC(145) Desired survivor size 16777216 bytes, new threshold 15 (max threshold 15)
[10.170s][info ][gc,phases      ] GC(145)   Pre Evacuate Collection Set: 0.13ms
[10.170s][info ][gc,phases      ] GC(145)   Merge Heap Roots: 0.08ms
[10.170s][info ][gc,phases      ] GC(145)   Evacuate Collection Set: 0.21ms
[10.170s][info ][gc,phases      ] GC(145)   Post Evacuate Collection Set: 0.34ms
[10.170s][info ][gc,phases      ] GC(145)   Other: 0.06ms
[10.170s][trace][gc,age         ] GC(145) Age table:
[10.170s][trace][gc,age         ] GC(145) - age   1:     411136 bytes,     411136 total
[10.170s][trace][gc,age         ] GC(145) - age   2:      25592 bytes,     436728 total
[10.170s][trace][gc,age         ] GC(145) - age   3:      23136 bytes,     459864 total
[10.170s][info ][gc,heap        ] GC(145) Eden regions: 253->0(253)
[10.170s][info ][gc,heap        ] GC(145) Survivor regions: 1->1(32)
[10.170s][info ][gc,heap        ] GC(145) Old regions: 11->11
[10.170s][info ][gc,heap        ] GC(145) Humongous regions: 0->0
[10.170s][info ][gc,metaspace   ] GC(145) Metaspace: 10100K(10368K)->10100K(10368K) NonClass: 9142K(9344K)->9142K(9344K) Class: 958K(1024K)->958K(1024K)
[10.170s][info ][gc             ] GC(145) Pause Young (Normal) (G1 Evacuation Pause) 257M->4M(424M) 0.981ms
[10.170s][info ][gc,cpu         ] GC(145) User=0.00s Sys=0.00s Real=0.00s
[10.186s][info ][gc,start       ] GC(146) Pause Young (Normal) (G1 Evacuation Pause)
[10.187s][info ][gc,task        ] GC(146) Using 9 workers of 9 for evacuation
[10.187s][debug][gc,age         ] GC(146) Desired survivor size 16777216 bytes, new threshold 15 (max threshold 15)
[10.187s][info ][gc,phases      ] GC(146)   Pre Evacuate Collection Set: 0.08ms
[10.187s][info ][gc,phases      ] GC(146)   Merge Heap Roots: 0.07ms
[10.187s][info ][gc,phases      ] GC(146)   Evacuate Collection Set: 0.19ms
[10.187s][info ][gc,phases      ] GC(146)   Post Evacuate Collection Set: 0.29ms
[10.187s][info ][gc,phases      ] GC(146)   Other: 0.06ms
[10.187s][trace][gc,age         ] GC(146) Age table:
[10.187s][trace][gc,age         ] GC(146) - age   1:     400208 bytes,     400208 total
[10.187s][trace][gc,age         ] GC(146) - age   2:      10928 bytes,     411136 total
[10.187s][trace][gc,age         ] GC(146) - age   3:      25592 bytes,     436728 total
[10.187s][trace][gc,age         ] GC(146) - age   4:      23136 bytes,     459864 total
[10.187s][info ][gc,heap        ] GC(146) Eden regions: 253->0(253)
[10.187s][info ][gc,heap        ] GC(146) Survivor regions: 1->1(32)
[10.187s][info ][gc,heap        ] GC(146) Old regions: 11->11
[10.187s][info ][gc,heap        ] GC(146) Humongous regions: 0->0
[10.187s][info ][gc,metaspace   ] GC(146) Metaspace: 10100K(10368K)->10100K(10368K) NonClass: 9142K(9344K)->9142K(9344K) Class: 958K(1024K)->958K(1024K)
[10.187s][info ][gc             ] GC(146) Pause Young (Normal) (G1 Evacuation Pause) 257M->4M(424M) 0.796ms
[10.187s][info ][gc,cpu         ] GC(146) User=0.00s Sys=0.00s Real=0.00s
[10.203s][info ][gc,start       ] GC(147) Pause Young (Normal) (G1 Evacuation Pause)
[10.203s][info ][gc,task        ] GC(147) Using 9 workers of 9 for evacuation
[10.203s][debug][gc,age         ] GC(147) Desired survivor size 16777216 bytes, new threshold 15 (max threshold 15)
[10.203s][info ][gc,phases      ] GC(147)   Pre Evacuate Collection Set: 0.10ms
[10.203s][info ][gc,phases      ] GC(147)   Merge Heap Roots: 0.07ms
[10.203s][info ][gc,phases      ] GC(147)   Evacuate Collection Set: 0.14ms
[10.203s][info ][gc,phases      ] GC(147)   Post Evacuate Collection Set: 0.23ms
[10.203s][info ][gc,phases      ] GC(147)   Other: 0.07ms
[10.203s][trace][gc,age         ] GC(147) Age table:
[10.203s][trace][gc,age         ] GC(147) - age   1:     400208 bytes,     400208 total
[10.203s][trace][gc,age         ] GC(147) - age   3:      10928 bytes,     411136 total
[10.203s][trace][gc,age         ] GC(147) - age   4:      25592 bytes,     436728 total
[10.203s][trace][gc,age         ] GC(147) - age   5:      23136 bytes,     459864 total
[10.203s][info ][gc,heap        ] GC(147) Eden regions: 253->0(253)
[10.203s][info ][gc,heap        ] GC(147) Survivor regions: 1->1(32)
[10.203s][info ][gc,heap        ] GC(147) Old regions: 11->11
[10.203s][info ][gc,heap        ] GC(147) Humongous regions: 0->0
[10.203s][info ][gc,metaspace   ] GC(147) Metaspace: 10100K(10368K)->10100K(10368K) NonClass: 9142K(9344K)->9142K(9344K) Class: 958K(1024K)->958K(1024K)
[10.203s][info ][gc             ] GC(147) Pause Young (Normal) (G1 Evacuation Pause) 257M->4M(424M) 0.758ms
[10.203s][info ][gc,cpu         ] GC(147) User=0.00s Sys=0.00s Real=0.00s
[10.219s][info ][gc,start       ] GC(148) Pause Young (Normal) (G1 Evacuation Pause)
[10.219s][info ][gc,task        ] GC(148) Using 9 workers of 9 for evacuation
[10.219s][debug][gc,age         ] GC(148) Desired survivor size 16777216 bytes, new threshold 15 (max threshold 15)
[10.220s][info ][gc,phases      ] GC(148)   Pre Evacuate Collection Set: 0.08ms
[10.220s][info ][gc,phases      ] GC(148)   Merge Heap Roots: 0.10ms
[10.220s][info ][gc,phases      ] GC(148)   Evacuate Collection Set: 0.19ms
[10.220s][info ][gc,phases      ] GC(148)   Post Evacuate Collection Set: 0.30ms
[10.220s][info ][gc,phases      ] GC(148)   Other: 0.06ms
[10.220s][trace][gc,age         ] GC(148) Age table:
[10.220s][trace][gc,age         ] GC(148) - age   1:     400208 bytes,     400208 total
[10.220s][trace][gc,age         ] GC(148) - age   4:      10928 bytes,     411136 total
[10.220s][trace][gc,age         ] GC(148) - age   5:      25592 bytes,     436728 total
[10.220s][trace][gc,age         ] GC(148) - age   6:      23136 bytes,     459864 total
[10.220s][info ][gc,heap        ] GC(148) Eden regions: 253->0(253)
[10.220s][info ][gc,heap        ] GC(148) Survivor regions: 1->1(32)
[10.220s][info ][gc,heap        ] GC(148) Old regions: 11->11
[10.220s][info ][gc,heap        ] GC(148) Humongous regions: 0->0
[10.220s][info ][gc,metaspace   ] GC(148) Metaspace: 10100K(10368K)->10100K(10368K) NonClass: 9142K(9344K)->9142K(9344K) Class: 958K(1024K)->958K(1024K)
[10.220s][info ][gc             ] GC(148) Pause Young (Normal) (G1 Evacuation Pause) 257M->4M(424M) 0.869ms
[10.220s][info ][gc,cpu         ] GC(148) User=0.01s Sys=0.00s Real=0.00s
[10.235s][info ][gc,start       ] GC(149) Pause Young (Normal) (G1 Evacuation Pause)
[10.235s][info ][gc,task        ] GC(149) Using 9 workers of 9 for evacuation
[10.235s][debug][gc,age         ] GC(149) Desired survivor size 16777216 bytes, new threshold 15 (max threshold 15)
[10.236s][info ][gc,phases      ] GC(149)   Pre Evacuate Collection Set: 0.07ms
[10.236s][info ][gc,phases      ] GC(149)   Merge Heap Roots: 0.06ms
[10.236s][info ][gc,phases      ] GC(149)   Evacuate Collection Set: 0.19ms
[10.236s][info ][gc,phases      ] GC(149)   Post Evacuate Collection Set: 0.25ms
[10.236s][info ][gc,phases      ] GC(149)   Other: 0.06ms
[10.236s][trace][gc,age         ] GC(149) Age table:
[10.236s][trace][gc,age         ] GC(149) - age   1:     400208 bytes,     400208 total
[10.236s][trace][gc,age         ] GC(149) - age   5:      10928 bytes,     411136 total
[10.236s][trace][gc,age         ] GC(149) - age   6:      25592 bytes,     436728 total
[10.236s][trace][gc,age         ] GC(149) - age   7:      23136 bytes,     459864 total
[10.236s][info ][gc,heap        ] GC(149) Eden regions: 253->0(253)
[10.236s][info ][gc,heap        ] GC(149) Survivor regions: 1->1(32)
[10.236s][info ][gc,heap        ] GC(149) Old regions: 11->11
[10.236s][info ][gc,heap        ] GC(149) Humongous regions: 0->0
[10.236s][info ][gc,metaspace   ] GC(149) Metaspace: 10100K(10368K)->10100K(10368K) NonClass: 9142K(9344K)->9142K(9344K) Class: 958K(1024K)->958K(1024K)
[10.236s][info ][gc             ] GC(149) Pause Young (Normal) (G1 Evacuation Pause) 257M->4M(424M) 0.756ms
[10.236s][info ][gc,cpu         ] GC(149) User=0.00s Sys=0.00s Real=0.00s
[10.252s][info ][gc,start       ] GC(150) Pause Young (Normal) (G1 Evacuation Pause)
[10.252s][info ][gc,task        ] GC(150) Using 9 workers of 9 for evacuation
[10.252s][debug][gc,age         ] GC(150) Desired survivor size 16777216 bytes, new threshold 15 (max threshold 15)
[10.252s][info ][gc,phases      ] GC(150)   Pre Evacuate Collection Set: 0.07ms
[10.252s][info ][gc,phases      ] GC(150)   Merge Heap Roots: 0.08ms
[10.252s][info ][gc,phases      ] GC(150)   Evacuate Collection Set: 0.15ms
[10.252s][info ][gc,phases      ] GC(150)   Post Evacuate Collection Set: 0.21ms
[10.252s][info ][gc,phases      ] GC(150)   Other: 0.06ms
[10.252s][trace][gc,age         ] GC(150) Age table:
[10.252s][trace][gc,age         ] GC(150) - age   1:     400208 bytes,     400208 total
[10.252s][trace][gc,age         ] GC(150) - age   6:      10928 bytes,     411136 total
[10.252s][trace][gc,age         ] GC(150) - age   7:      25592 bytes,     436728 total
[10.252s][trace][gc,age         ] GC(150) - age   8:      23136 bytes,     459864 total
[10.252s][info ][gc,heap        ] GC(150) Eden regions: 253->0(253)
[10.252s][info ][gc,heap        ] GC(150) Survivor regions: 1->1(32)
[10.252s][info ][gc,heap        ] GC(150) Old regions: 11->11
[10.252s][info ][gc,heap        ] GC(150) Humongous regions: 0->0
[10.252s][info ][gc,metaspace   ] GC(150) Metaspace: 10100K(10368K)->10100K(10368K) NonClass: 9142K(9344K)->9142K(9344K) Class: 958K(1024K)->958K(1024K)
[10.252s][info ][gc             ] GC(150) Pause Young (Normal) (G1 Evacuation Pause) 257M->4M(424M) 0.677ms
[10.252s][info ][gc,cpu         ] GC(150) User=0.00s Sys=0.00s Real=0.00s
[10.268s][info ][gc,start       ] GC(151) Pause Young (Normal) (G1 Evacuation Pause)
[10.269s][info ][gc,task        ] GC(151) Using 9 workers of 9 for evacuation
[10.269s][debug][gc,age         ] GC(151) Desired survivor size 16777216 bytes, new threshold 15 (max threshold 15)
[10.269s][info ][gc,phases      ] GC(151)   Pre Evacuate Collection Set: 0.10ms
[10.269s][info ][gc,phases      ] GC(151)   Merge Heap Roots: 0.11ms
[10.269s][info ][gc,phases      ] GC(151)   Evacuate Collection Set: 0.13ms
[10.269s][info ][gc,phases      ] GC(151)   Post Evacuate Collection Set: 0.29ms
[10.269s][info ][gc,phases      ] GC(151)   Other: 0.05ms
[10.269s][trace][gc,age         ] GC(151) Age table:
[10.269s][trace][gc,age         ] GC(151) - age   1:     400208 bytes,     400208 total
[10.269s][trace][gc,age         ] GC(151) - age   7:      10928 bytes,     411136 total
[10.269s][trace][gc,age         ] GC(151) - age   8:      25592 bytes,     436728 total
[10.269s][trace][gc,age         ] GC(151) - age   9:      23136 bytes,     459864 total
[10.269s][info ][gc,heap        ] GC(151) Eden regions: 253->0(253)
[10.269s][info ][gc,heap        ] GC(151) Survivor regions: 1->1(32)
[10.269s][info ][gc,heap        ] GC(151) Old regions: 11->11
[10.269s][info ][gc,heap        ] GC(151) Humongous regions: 0->0
[10.269s][info ][gc,metaspace   ] GC(151) Metaspace: 10100K(10368K)->10100K(10368K) NonClass: 9142K(9344K)->9142K(9344K) Class: 958K(1024K)->958K(1024K)
[10.269s][info ][gc             ] GC(151) Pause Young (Normal) (G1 Evacuation Pause) 257M->4M(424M) 0.775ms
[10.269s][info ][gc,cpu         ] GC(151) User=0.00s Sys=0.00s Real=0.00s
[10.285s][info ][gc,start       ] GC(152) Pause Young (Normal) (G1 Evacuation Pause)
[10.285s][info ][gc,task        ] GC(152) Using 9 workers of 9 for evacuation
[10.285s][debug][gc,age         ] GC(152) Desired survivor size 16777216 bytes, new threshold 15 (max threshold 15)
[10.286s][info ][gc,phases      ] GC(152)   Pre Evacuate Collection Set: 0.08ms
[10.286s][info ][gc,phases      ] GC(152)   Merge Heap Roots: 0.07ms
[10.286s][info ][gc,phases      ] GC(152)   Evacuate Collection Set: 0.13ms
[10.286s][info ][gc,phases      ] GC(152)   Post Evacuate Collection Set: 0.24ms
[10.286s][info ][gc,phases      ] GC(152)   Other: 0.06ms
[10.286s][trace][gc,age         ] GC(152) Age table:
[10.286s][trace][gc,age         ] GC(152) - age   1:     400208 bytes,     400208 total
[10.286s][trace][gc,age         ] GC(152) - age   8:      10928 bytes,     411136 total
[10.286s][trace][gc,age         ] GC(152) - age   9:      25592 bytes,     436728 total
[10.286s][trace][gc,age         ] GC(152) - age  10:      23136 bytes,     459864 total
[10.286s][info ][gc,heap        ] GC(152) Eden regions: 253->0(253)
[10.286s][info ][gc,heap        ] GC(152) Survivor regions: 1->1(32)
[10.286s][info ][gc,heap        ] GC(152) Old regions: 11->11
[10.286s][info ][gc,heap        ] GC(152) Humongous regions: 0->0
[10.286s][info ][gc,metaspace   ] GC(152) Metaspace: 10100K(10368K)->10100K(10368K) NonClass: 9142K(9344K)->9142K(9344K) Class: 958K(1024K)->958K(1024K)
[10.286s][info ][gc             ] GC(152) Pause Young (Normal) (G1 Evacuation Pause) 257M->4M(424M) 0.696ms
[10.286s][info ][gc,cpu         ] GC(152) User=0.01s Sys=0.01s Real=0.00s
[10.302s][info ][gc,start       ] GC(153) Pause Young (Normal) (G1 Evacuation Pause)
[10.302s][info ][gc,task        ] GC(153) Using 9 workers of 9 for evacuation
[10.302s][debug][gc,age         ] GC(153) Desired survivor size 16777216 bytes, new threshold 15 (max threshold 15)
[10.302s][info ][gc,phases      ] GC(153)   Pre Evacuate Collection Set: 0.08ms
[10.302s][info ][gc,phases      ] GC(153)   Merge Heap Roots: 0.10ms
[10.302s][info ][gc,phases      ] GC(153)   Evacuate Collection Set: 0.13ms
[10.302s][info ][gc,phases      ] GC(153)   Post Evacuate Collection Set: 0.27ms
[10.302s][info ][gc,phases      ] GC(153)   Other: 0.05ms
[10.302s][trace][gc,age         ] GC(153) Age table:
[10.302s][trace][gc,age         ] GC(153) - age   1:     400208 bytes,     400208 total
[10.302s][trace][gc,age         ] GC(153) - age   9:      10928 bytes,     411136 total
[10.302s][trace][gc,age         ] GC(153) - age  10:      25592 bytes,     436728 total
[10.302s][trace][gc,age         ] GC(153) - age  11:      23136 bytes,     459864 total
[10.302s][info ][gc,heap        ] GC(153) Eden regions: 253->0(253)
[10.302s][info ][gc,heap        ] GC(153) Survivor regions: 1->1(32)
[10.302s][info ][gc,heap        ] GC(153) Old regions: 11->11
[10.302s][info ][gc,heap        ] GC(153) Humongous regions: 0->0
[10.302s][info ][gc,metaspace   ] GC(153) Metaspace: 10100K(10368K)->10100K(10368K) NonClass: 9142K(9344K)->9142K(9344K) Class: 958K(1024K)->958K(1024K)
[10.302s][info ][gc             ] GC(153) Pause Young (Normal) (G1 Evacuation Pause) 257M->4M(424M) 0.742ms
[10.302s][info ][gc,cpu         ] GC(153) User=0.00s Sys=0.00s Real=0.00s
[10.318s][info ][gc,start       ] GC(154) Pause Young (Normal) (G1 Evacuation Pause)
[10.319s][info ][gc,task        ] GC(154) Using 9 workers of 9 for evacuation
[10.319s][debug][gc,age         ] GC(154) Desired survivor size 16777216 bytes, new threshold 15 (max threshold 15)
[10.319s][info ][gc,phases      ] GC(154)   Pre Evacuate Collection Set: 0.06ms
[10.319s][info ][gc,phases      ] GC(154)   Merge Heap Roots: 0.08ms
[10.319s][info ][gc,phases      ] GC(154)   Evacuate Collection Set: 0.19ms
[10.319s][info ][gc,phases      ] GC(154)   Post Evacuate Collection Set: 0.20ms
[10.319s][info ][gc,phases      ] GC(154)   Other: 0.06ms
[10.319s][trace][gc,age         ] GC(154) Age table:
[10.319s][trace][gc,age         ] GC(154) - age   1:     400208 bytes,     400208 total
[10.319s][trace][gc,age         ] GC(154) - age  10:      10928 bytes,     411136 total
[10.319s][trace][gc,age         ] GC(154) - age  11:      25592 bytes,     436728 total
[10.319s][trace][gc,age         ] GC(154) - age  12:      23136 bytes,     459864 total
[10.319s][info ][gc,heap        ] GC(154) Eden regions: 253->0(253)
[10.319s][info ][gc,heap        ] GC(154) Survivor regions: 1->1(32)
[10.319s][info ][gc,heap        ] GC(154) Old regions: 11->11
[10.319s][info ][gc,heap        ] GC(154) Humongous regions: 0->0
[10.319s][info ][gc,metaspace   ] GC(154) Metaspace: 10101K(10368K)->10101K(10368K) NonClass: 9142K(9344K)->9142K(9344K) Class: 958K(1024K)->958K(1024K)
[10.319s][info ][gc             ] GC(154) Pause Young (Normal) (G1 Evacuation Pause) 257M->4M(424M) 0.715ms
[10.319s][info ][gc,cpu         ] GC(154) User=0.00s Sys=0.00s Real=0.00s
[10.335s][info ][gc,start       ] GC(155) Pause Young (Normal) (G1 Evacuation Pause)
[10.335s][info ][gc,task        ] GC(155) Using 9 workers of 9 for evacuation
[10.335s][debug][gc,age         ] GC(155) Desired survivor size 16777216 bytes, new threshold 15 (max threshold 15)
[10.336s][info ][gc,phases      ] GC(155)   Pre Evacuate Collection Set: 0.11ms
[10.336s][info ][gc,phases      ] GC(155)   Merge Heap Roots: 0.10ms
[10.336s][info ][gc,phases      ] GC(155)   Evacuate Collection Set: 0.10ms
[10.336s][info ][gc,phases      ] GC(155)   Post Evacuate Collection Set: 0.29ms
[10.336s][info ][gc,phases      ] GC(155)   Other: 0.06ms
[10.336s][trace][gc,age         ] GC(155) Age table:
[10.336s][trace][gc,age         ] GC(155) - age   1:     400208 bytes,     400208 total
[10.336s][trace][gc,age         ] GC(155) - age  11:      10928 bytes,     411136 total
[10.336s][trace][gc,age         ] GC(155) - age  12:      25592 bytes,     436728 total
[10.336s][trace][gc,age         ] GC(155) - age  13:      23136 bytes,     459864 total
[10.336s][info ][gc,heap        ] GC(155) Eden regions: 253->0(253)
[10.336s][info ][gc,heap        ] GC(155) Survivor regions: 1->1(32)
[10.336s][info ][gc,heap        ] GC(155) Old regions: 11->11
[10.336s][info ][gc,heap        ] GC(155) Humongous regions: 0->0
[10.336s][info ][gc,metaspace   ] GC(155) Metaspace: 10101K(10368K)->10101K(10368K) NonClass: 9142K(9344K)->9142K(9344K) Class: 958K(1024K)->958K(1024K)
[10.336s][info ][gc             ] GC(155) Pause Young (Normal) (G1 Evacuation Pause) 257M->4M(424M) 0.783ms
[10.336s][info ][gc,cpu         ] GC(155) User=0.00s Sys=0.00s Real=0.01s
[10.352s][info ][gc,start       ] GC(156) Pause Young (Normal) (G1 Evacuation Pause)
[10.352s][info ][gc,task        ] GC(156) Using 9 workers of 9 for evacuation
[10.352s][debug][gc,age         ] GC(156) Desired survivor size 16777216 bytes, new threshold 15 (max threshold 15)
[10.352s][info ][gc,phases      ] GC(156)   Pre Evacuate Collection Set: 0.06ms
[10.352s][info ][gc,phases      ] GC(156)   Merge Heap Roots: 0.06ms
[10.352s][info ][gc,phases      ] GC(156)   Evacuate Collection Set: 0.14ms
[10.352s][info ][gc,phases      ] GC(156)   Post Evacuate Collection Set: 0.22ms
[10.352s][info ][gc,phases      ] GC(156)   Other: 0.06ms
[10.352s][trace][gc,age         ] GC(156) Age table:
[10.352s][trace][gc,age         ] GC(156) - age   1:     400208 bytes,     400208 total
[10.352s][trace][gc,age         ] GC(156) - age  12:      10928 bytes,     411136 total
[10.352s][trace][gc,age         ] GC(156) - age  13:      25592 bytes,     436728 total
[10.352s][trace][gc,age         ] GC(156) - age  14:      23136 bytes,     459864 total
[10.352s][info ][gc,heap        ] GC(156) Eden regions: 253->0(253)
[10.352s][info ][gc,heap        ] GC(156) Survivor regions: 1->1(32)
[10.352s][info ][gc,heap        ] GC(156) Old regions: 11->11
[10.352s][info ][gc,heap        ] GC(156) Humongous regions: 0->0
[10.352s][info ][gc,metaspace   ] GC(156) Metaspace: 10101K(10368K)->10101K(10368K) NonClass: 9142K(9344K)->9142K(9344K) Class: 958K(1024K)->958K(1024K)
[10.352s][info ][gc             ] GC(156) Pause Young (Normal) (G1 Evacuation Pause) 257M->4M(424M) 0.648ms
[10.352s][info ][gc,cpu         ] GC(156) User=0.01s Sys=0.00s Real=0.00s
[10.368s][info ][gc,start       ] GC(157) Pause Young (Normal) (G1 Evacuation Pause)
[10.368s][info ][gc,task        ] GC(157) Using 9 workers of 9 for evacuation
[10.368s][debug][gc,age         ] GC(157) Desired survivor size 16777216 bytes, new threshold 15 (max threshold 15)
[10.369s][info ][gc,phases      ] GC(157)   Pre Evacuate Collection Set: 0.07ms
[10.369s][info ][gc,phases      ] GC(157)   Merge Heap Roots: 0.06ms
[10.369s][info ][gc,phases      ] GC(157)   Evacuate Collection Set: 0.13ms
[10.369s][info ][gc,phases      ] GC(157)   Post Evacuate Collection Set: 0.30ms
[10.369s][info ][gc,phases      ] GC(157)   Other: 0.06ms
[10.369s][trace][gc,age         ] GC(157) Age table:
[10.369s][trace][gc,age         ] GC(157) - age   1:     400208 bytes,     400208 total
[10.369s][trace][gc,age         ] GC(157) - age  13:      10928 bytes,     411136 total
[10.369s][trace][gc,age         ] GC(157) - age  14:      25592 bytes,     436728 total
[10.369s][trace][gc,age         ] GC(157) - age  15:      23136 bytes,     459864 total
[10.369s][info ][gc,heap        ] GC(157) Eden regions: 253->0(253)
[10.369s][info ][gc,heap        ] GC(157) Survivor regions: 1->1(32)
[10.369s][info ][gc,heap        ] GC(157) Old regions: 11->11
[10.369s][info ][gc,heap        ] GC(157) Humongous regions: 0->0
[10.369s][info ][gc,metaspace   ] GC(157) Metaspace: 10101K(10368K)->10101K(10368K) NonClass: 9142K(9344K)->9142K(9344K) Class: 958K(1024K)->958K(1024K)
[10.369s][info ][gc             ] GC(157) Pause Young (Normal) (G1 Evacuation Pause) 257M->4M(424M) 0.757ms
[10.369s][info ][gc,cpu         ] GC(157) User=0.00s Sys=0.00s Real=0.00s
[10.385s][info ][gc,start       ] GC(158) Pause Young (Normal) (G1 Evacuation Pause)
[10.385s][info ][gc,task        ] GC(158) Using 9 workers of 9 for evacuation
[10.385s][debug][gc,age         ] GC(158) Desired survivor size 16777216 bytes, new threshold 15 (max threshold 15)
[10.386s][info ][gc,phases      ] GC(158)   Pre Evacuate Collection Set: 0.07ms
[10.386s][info ][gc,phases      ] GC(158)   Merge Heap Roots: 0.06ms
[10.386s][info ][gc,phases      ] GC(158)   Evacuate Collection Set: 0.16ms
[10.386s][info ][gc,phases      ] GC(158)   Post Evacuate Collection Set: 0.26ms
[10.386s][info ][gc,phases      ] GC(158)   Other: 0.05ms
[10.386s][trace][gc,age         ] GC(158) Age table:
[10.386s][trace][gc,age         ] GC(158) - age   1:     400208 bytes,     400208 total
[10.386s][trace][gc,age         ] GC(158) - age  14:      10928 bytes,     411136 total
[10.386s][trace][gc,age         ] GC(158) - age  15:      25592 bytes,     436728 total
[10.386s][info ][gc,heap        ] GC(158) Eden regions: 253->0(253)
[10.386s][info ][gc,heap        ] GC(158) Survivor regions: 1->1(32)
[10.386s][info ][gc,heap        ] GC(158) Old regions: 11->11
[10.386s][info ][gc,heap        ] GC(158) Humongous regions: 0->0
[10.386s][info ][gc,metaspace   ] GC(158) Metaspace: 10101K(10368K)->10101K(10368K) NonClass: 9142K(9344K)->9142K(9344K) Class: 958K(1024K)->958K(1024K)
[10.386s][info ][gc             ] GC(158) Pause Young (Normal) (G1 Evacuation Pause) 257M->4M(424M) 0.697ms
[10.386s][info ][gc,cpu         ] GC(158) User=0.00s Sys=0.01s Real=0.00s
[10.402s][info ][gc,start       ] GC(159) Pause Young (Normal) (G1 Evacuation Pause)
[10.402s][info ][gc,task        ] GC(159) Using 9 workers of 9 for evacuation
[10.402s][debug][gc,age         ] GC(159) Desired survivor size 16777216 bytes, new threshold 15 (max threshold 15)
[10.402s][info ][gc,phases      ] GC(159)   Pre Evacuate Collection Set: 0.07ms
[10.402s][info ][gc,phases      ] GC(159)   Merge Heap Roots: 0.09ms
[10.402s][info ][gc,phases      ] GC(159)   Evacuate Collection Set: 0.11ms
[10.402s][info ][gc,phases      ] GC(159)   Post Evacuate Collection Set: 0.18ms
[10.402s][info ][gc,phases      ] GC(159)   Other: 0.07ms
[10.402s][trace][gc,age         ] GC(159) Age table:
[10.402s][trace][gc,age         ] GC(159) - age   1:     400208 bytes,     400208 total
[10.402s][trace][gc,age         ] GC(159) - age  15:      10928 bytes,     411136 total
[10.402s][info ][gc,heap        ] GC(159) Eden regions: 253->0(253)
[10.403s][info ][gc,heap        ] GC(159) Survivor regions: 1->1(32)
[10.403s][info ][gc,heap        ] GC(159) Old regions: 11->11
[10.403s][info ][gc,heap        ] GC(159) Humongous regions: 0->0
[10.403s][info ][gc,metaspace   ] GC(159) Metaspace: 10101K(10368K)->10101K(10368K) NonClass: 9142K(9344K)->9142K(9344K) Class: 958K(1024K)->958K(1024K)
[10.403s][info ][gc             ] GC(159) Pause Young (Normal) (G1 Evacuation Pause) 257M->4M(424M) 0.638ms
[10.403s][info ][gc,cpu         ] GC(159) User=0.00s Sys=0.00s Real=0.00s
[10.419s][info ][gc,start       ] GC(160) Pause Young (Normal) (G1 Evacuation Pause)
[10.419s][info ][gc,task        ] GC(160) Using 9 workers of 9 for evacuation
[10.419s][debug][gc,age         ] GC(160) Desired survivor size 16777216 bytes, new threshold 15 (max threshold 15)
[10.419s][info ][gc,phases      ] GC(160)   Pre Evacuate Collection Set: 0.06ms
[10.419s][info ][gc,phases      ] GC(160)   Merge Heap Roots: 0.05ms
[10.419s][info ][gc,phases      ] GC(160)   Evacuate Collection Set: 0.15ms
[10.419s][info ][gc,phases      ] GC(160)   Post Evacuate Collection Set: 0.20ms
[10.419s][info ][gc,phases      ] GC(160)   Other: 0.05ms
[10.419s][trace][gc,age         ] GC(160) Age table:
[10.419s][trace][gc,age         ] GC(160) - age   1:     400208 bytes,     400208 total
[10.419s][info ][gc,heap        ] GC(160) Eden regions: 253->0(253)
[10.419s][info ][gc,heap        ] GC(160) Survivor regions: 1->1(32)
[10.419s][info ][gc,heap        ] GC(160) Old regions: 11->11
[10.419s][info ][gc,heap        ] GC(160) Humongous regions: 0->0
[10.419s][info ][gc,metaspace   ] GC(160) Metaspace: 10101K(10368K)->10101K(10368K) NonClass: 9142K(9344K)->9142K(9344K) Class: 958K(1024K)->958K(1024K)
[10.419s][info ][gc             ] GC(160) Pause Young (Normal) (G1 Evacuation Pause) 257M->4M(424M) 0.607ms
[10.419s][info ][gc,cpu         ] GC(160) User=0.00s Sys=0.00s Real=0.00s
[10.435s][info ][gc,start       ] GC(161) Pause Young (Normal) (G1 Evacuation Pause)
[10.435s][info ][gc,task        ] GC(161) Using 9 workers of 9 for evacuation
[10.435s][debug][gc,age         ] GC(161) Desired survivor size 16777216 bytes, new threshold 15 (max threshold 15)
[10.435s][info ][gc,phases      ] GC(161)   Pre Evacuate Collection Set: 0.08ms
[10.435s][info ][gc,phases      ] GC(161)   Merge Heap Roots: 0.07ms
[10.435s][info ][gc,phases      ] GC(161)   Evacuate Collection Set: 0.09ms
[10.435s][info ][gc,phases      ] GC(161)   Post Evacuate Collection Set: 0.16ms
[10.435s][info ][gc,phases      ] GC(161)   Other: 0.06ms
[10.435s][trace][gc,age         ] GC(161) Age table:
[10.435s][trace][gc,age         ] GC(161) - age   1:     400208 bytes,     400208 total
[10.435s][info ][gc,heap        ] GC(161) Eden regions: 253->0(253)
[10.435s][info ][gc,heap        ] GC(161) Survivor regions: 1->1(32)
[10.435s][info ][gc,heap        ] GC(161) Old regions: 11->11
[10.435s][info ][gc,heap        ] GC(161) Humongous regions: 0->0
[10.435s][info ][gc,metaspace   ] GC(161) Metaspace: 10101K(10368K)->10101K(10368K) NonClass: 9142K(9344K)->9142K(9344K) Class: 958K(1024K)->958K(1024K)
[10.435s][info ][gc             ] GC(161) Pause Young (Normal) (G1 Evacuation Pause) 257M->4M(424M) 0.554ms
[10.435s][info ][gc,cpu         ] GC(161) User=0.00s Sys=0.00s Real=0.01s
[10.451s][info ][gc,start       ] GC(162) Pause Young (Normal) (G1 Evacuation Pause)
[10.451s][info ][gc,task        ] GC(162) Using 9 workers of 9 for evacuation
[10.451s][debug][gc,age         ] GC(162) Desired survivor size 16777216 bytes, new threshold 15 (max threshold 15)
[10.452s][info ][gc,phases      ] GC(162)   Pre Evacuate Collection Set: 0.07ms
[10.452s][info ][gc,phases      ] GC(162)   Merge Heap Roots: 0.06ms
[10.452s][info ][gc,phases      ] GC(162)   Evacuate Collection Set: 0.11ms
[10.452s][info ][gc,phases      ] GC(162)   Post Evacuate Collection Set: 0.19ms
[10.452s][info ][gc,phases      ] GC(162)   Other: 0.06ms
[10.452s][trace][gc,age         ] GC(162) Age table:
[10.452s][trace][gc,age         ] GC(162) - age   1:     400208 bytes,     400208 total
[10.452s][info ][gc,heap        ] GC(162) Eden regions: 253->0(253)
[10.452s][info ][gc,heap        ] GC(162) Survivor regions: 1->1(32)
[10.452s][info ][gc,heap        ] GC(162) Old regions: 11->11
[10.452s][info ][gc,heap        ] GC(162) Humongous regions: 0->0
[10.452s][info ][gc,metaspace   ] GC(162) Metaspace: 10101K(10368K)->10101K(10368K) NonClass: 9142K(9344K)->9142K(9344K) Class: 958K(1024K)->958K(1024K)
[10.452s][info ][gc             ] GC(162) Pause Young (Normal) (G1 Evacuation Pause) 257M->4M(424M) 0.592ms
[10.452s][info ][gc,cpu         ] GC(162) User=0.00s Sys=0.00s Real=0.00s
[10.468s][info ][gc,start       ] GC(163) Pause Young (Normal) (G1 Evacuation Pause)
[10.468s][info ][gc,task        ] GC(163) Using 9 workers of 9 for evacuation
[10.468s][debug][gc,age         ] GC(163) Desired survivor size 16777216 bytes, new threshold 15 (max threshold 15)
[10.468s][info ][gc,phases      ] GC(163)   Pre Evacuate Collection Set: 0.08ms
[10.468s][info ][gc,phases      ] GC(163)   Merge Heap Roots: 0.06ms
[10.468s][info ][gc,phases      ] GC(163)   Evacuate Collection Set: 0.12ms
[10.468s][info ][gc,phases      ] GC(163)   Post Evacuate Collection Set: 0.16ms
[10.469s][info ][gc,phases      ] GC(163)   Other: 0.05ms
[10.469s][trace][gc,age         ] GC(163) Age table:
[10.469s][trace][gc,age         ] GC(163) - age   1:     400208 bytes,     400208 total
[10.469s][info ][gc,heap        ] GC(163) Eden regions: 253->0(253)
[10.469s][info ][gc,heap        ] GC(163) Survivor regions: 1->1(32)
[10.469s][info ][gc,heap        ] GC(163) Old regions: 11->11
[10.469s][info ][gc,heap        ] GC(163) Humongous regions: 0->0
[10.469s][info ][gc,metaspace   ] GC(163) Metaspace: 10101K(10368K)->10101K(10368K) NonClass: 9142K(9344K)->9142K(9344K) Class: 958K(1024K)->958K(1024K)
[10.469s][info ][gc             ] GC(163) Pause Young (Normal) (G1 Evacuation Pause) 257M->4M(424M) 0.561ms
[10.469s][info ][gc,cpu         ] GC(163) User=0.00s Sys=0.00s Real=0.00s
[10.484s][info ][gc,start       ] GC(164) Pause Young (Normal) (G1 Evacuation Pause)
[10.484s][info ][gc,task        ] GC(164) Using 9 workers of 9 for evacuation
[10.484s][debug][gc,age         ] GC(164) Desired survivor size 16777216 bytes, new threshold 15 (max threshold 15)
[10.485s][info ][gc,phases      ] GC(164)   Pre Evacuate Collection Set: 0.06ms
[10.485s][info ][gc,phases      ] GC(164)   Merge Heap Roots: 0.06ms
[10.485s][info ][gc,phases      ] GC(164)   Evacuate Collection Set: 0.11ms
[10.485s][info ][gc,phases      ] GC(164)   Post Evacuate Collection Set: 0.19ms
[10.485s][info ][gc,phases      ] GC(164)   Other: 0.05ms
[10.485s][trace][gc,age         ] GC(164) Age table:
[10.485s][trace][gc,age         ] GC(164) - age   1:     400208 bytes,     400208 total
[10.485s][info ][gc,heap        ] GC(164) Eden regions: 253->0(253)
[10.485s][info ][gc,heap        ] GC(164) Survivor regions: 1->1(32)
[10.485s][info ][gc,heap        ] GC(164) Old regions: 11->11
[10.485s][info ][gc,heap        ] GC(164) Humongous regions: 0->0
[10.485s][info ][gc,metaspace   ] GC(164) Metaspace: 10101K(10368K)->10101K(10368K) NonClass: 9142K(9344K)->9142K(9344K) Class: 958K(1024K)->958K(1024K)
[10.485s][info ][gc             ] GC(164) Pause Young (Normal) (G1 Evacuation Pause) 257M->4M(424M) 0.568ms
[10.485s][info ][gc,cpu         ] GC(164) User=0.00s Sys=0.00s Real=0.00s
[10.501s][info ][gc,start       ] GC(165) Pause Young (Normal) (G1 Evacuation Pause)
[10.501s][info ][gc,task        ] GC(165) Using 9 workers of 9 for evacuation
[10.501s][debug][gc,age         ] GC(165) Desired survivor size 16777216 bytes, new threshold 15 (max threshold 15)
[10.501s][info ][gc,phases      ] GC(165)   Pre Evacuate Collection Set: 0.12ms
[10.501s][info ][gc,phases      ] GC(165)   Merge Heap Roots: 0.07ms
[10.501s][info ][gc,phases      ] GC(165)   Evacuate Collection Set: 0.09ms
[10.501s][info ][gc,phases      ] GC(165)   Post Evacuate Collection Set: 0.18ms
[10.501s][info ][gc,phases      ] GC(165)   Other: 0.05ms
[10.501s][trace][gc,age         ] GC(165) Age table:
[10.501s][trace][gc,age         ] GC(165) - age   1:     400208 bytes,     400208 total
[10.501s][info ][gc,heap        ] GC(165) Eden regions: 253->0(253)
[10.501s][info ][gc,heap        ] GC(165) Survivor regions: 1->1(32)
[10.501s][info ][gc,heap        ] GC(165) Old regions: 11->11
[10.501s][info ][gc,heap        ] GC(165) Humongous regions: 0->0
[10.501s][info ][gc,metaspace   ] GC(165) Metaspace: 10101K(10368K)->10101K(10368K) NonClass: 9142K(9344K)->9142K(9344K) Class: 958K(1024K)->958K(1024K)
[10.501s][info ][gc             ] GC(165) Pause Young (Normal) (G1 Evacuation Pause) 257M->4M(424M) 0.618ms
[10.501s][info ][gc,cpu         ] GC(165) User=0.00s Sys=0.00s Real=0.00s
[10.517s][info ][gc,start       ] GC(166) Pause Young (Normal) (G1 Evacuation Pause)
[10.517s][info ][gc,task        ] GC(166) Using 9 workers of 9 for evacuation
[10.517s][debug][gc,age         ] GC(166) Desired survivor size 16777216 bytes, new threshold 15 (max threshold 15)
[10.518s][info ][gc,phases      ] GC(166)   Pre Evacuate Collection Set: 0.07ms
[10.518s][info ][gc,phases      ] GC(166)   Merge Heap Roots: 0.07ms
[10.518s][info ][gc,phases      ] GC(166)   Evacuate Collection Set: 0.08ms
[10.518s][info ][gc,phases      ] GC(166)   Post Evacuate Collection Set: 0.20ms
[10.518s][info ][gc,phases      ] GC(166)   Other: 0.06ms
[10.518s][trace][gc,age         ] GC(166) Age table:
[10.518s][trace][gc,age         ] GC(166) - age   1:     400208 bytes,     400208 total
[10.518s][info ][gc,heap        ] GC(166) Eden regions: 253->0(253)
[10.518s][info ][gc,heap        ] GC(166) Survivor regions: 1->1(32)
[10.518s][info ][gc,heap        ] GC(166) Old regions: 11->11
[10.518s][info ][gc,heap        ] GC(166) Humongous regions: 0->0
[10.518s][info ][gc,metaspace   ] GC(166) Metaspace: 10101K(10368K)->10101K(10368K) NonClass: 9142K(9344K)->9142K(9344K) Class: 958K(1024K)->958K(1024K)
[10.518s][info ][gc             ] GC(166) Pause Young (Normal) (G1 Evacuation Pause) 257M->4M(424M) 0.579ms
[10.518s][info ][gc,cpu         ] GC(166) User=0.00s Sys=0.00s Real=0.00s
[10.534s][info ][gc,start       ] GC(167) Pause Young (Normal) (G1 Evacuation Pause)
[10.534s][info ][gc,task        ] GC(167) Using 9 workers of 9 for evacuation
[10.534s][debug][gc,age         ] GC(167) Desired survivor size 16777216 bytes, new threshold 15 (max threshold 15)
[10.534s][info ][gc,phases      ] GC(167)   Pre Evacuate Collection Set: 0.09ms
[10.534s][info ][gc,phases      ] GC(167)   Merge Heap Roots: 0.07ms
[10.534s][info ][gc,phases      ] GC(167)   Evacuate Collection Set: 0.10ms
[10.534s][info ][gc,phases      ] GC(167)   Post Evacuate Collection Set: 0.18ms
[10.534s][info ][gc,phases      ] GC(167)   Other: 0.06ms
[10.534s][trace][gc,age         ] GC(167) Age table:
[10.534s][trace][gc,age         ] GC(167) - age   1:     400208 bytes,     400208 total
[10.534s][info ][gc,heap        ] GC(167) Eden regions: 253->0(253)
[10.534s][info ][gc,heap        ] GC(167) Survivor regions: 1->1(32)
[10.534s][info ][gc,heap        ] GC(167) Old regions: 11->11
[10.534s][info ][gc,heap        ] GC(167) Humongous regions: 0->0
[10.534s][info ][gc,metaspace   ] GC(167) Metaspace: 10101K(10368K)->10101K(10368K) NonClass: 9142K(9344K)->9142K(9344K) Class: 958K(1024K)->958K(1024K)
[10.534s][info ][gc             ] GC(167) Pause Young (Normal) (G1 Evacuation Pause) 257M->4M(424M) 0.598ms
[10.534s][info ][gc,cpu         ] GC(167) User=0.00s Sys=0.00s Real=0.00s
[10.550s][info ][gc,start       ] GC(168) Pause Young (Normal) (G1 Evacuation Pause)
[10.550s][info ][gc,task        ] GC(168) Using 9 workers of 9 for evacuation
[10.550s][debug][gc,age         ] GC(168) Desired survivor size 16777216 bytes, new threshold 15 (max threshold 15)
[10.551s][info ][gc,phases      ] GC(168)   Pre Evacuate Collection Set: 0.09ms
[10.551s][info ][gc,phases      ] GC(168)   Merge Heap Roots: 0.09ms
[10.551s][info ][gc,phases      ] GC(168)   Evacuate Collection Set: 0.09ms
[10.551s][info ][gc,phases      ] GC(168)   Post Evacuate Collection Set: 0.17ms
[10.551s][info ][gc,phases      ] GC(168)   Other: 0.05ms
[10.551s][trace][gc,age         ] GC(168) Age table:
[10.551s][trace][gc,age         ] GC(168) - age   1:     400208 bytes,     400208 total
[10.551s][info ][gc,heap        ] GC(168) Eden regions: 253->0(253)
[10.551s][info ][gc,heap        ] GC(168) Survivor regions: 1->1(32)
[10.551s][info ][gc,heap        ] GC(168) Old regions: 11->11
[10.551s][info ][gc,heap        ] GC(168) Humongous regions: 0->0
[10.551s][info ][gc,metaspace   ] GC(168) Metaspace: 10101K(10368K)->10101K(10368K) NonClass: 9142K(9344K)->9142K(9344K) Class: 958K(1024K)->958K(1024K)
[10.551s][info ][gc             ] GC(168) Pause Young (Normal) (G1 Evacuation Pause) 257M->4M(424M) 0.582ms
[10.551s][info ][gc,cpu         ] GC(168) User=0.00s Sys=0.00s Real=0.00s
[10.567s][info ][gc,start       ] GC(169) Pause Young (Normal) (G1 Evacuation Pause)
[10.567s][info ][gc,task        ] GC(169) Using 9 workers of 9 for evacuation
[10.567s][debug][gc,age         ] GC(169) Desired survivor size 16777216 bytes, new threshold 15 (max threshold 15)
[10.567s][info ][gc,phases      ] GC(169)   Pre Evacuate Collection Set: 0.10ms
[10.567s][info ][gc,phases      ] GC(169)   Merge Heap Roots: 0.07ms
[10.567s][info ][gc,phases      ] GC(169)   Evacuate Collection Set: 0.10ms
[10.567s][info ][gc,phases      ] GC(169)   Post Evacuate Collection Set: 0.16ms
[10.567s][info ][gc,phases      ] GC(169)   Other: 0.06ms
[10.567s][trace][gc,age         ] GC(169) Age table:
[10.567s][trace][gc,age         ] GC(169) - age   1:     400208 bytes,     400208 total
[10.567s][info ][gc,heap        ] GC(169) Eden regions: 253->0(253)
[10.567s][info ][gc,heap        ] GC(169) Survivor regions: 1->1(32)
[10.567s][info ][gc,heap        ] GC(169) Old regions: 11->11
[10.567s][info ][gc,heap        ] GC(169) Humongous regions: 0->0
[10.567s][info ][gc,metaspace   ] GC(169) Metaspace: 10101K(10368K)->10101K(10368K) NonClass: 9142K(9344K)->9142K(9344K) Class: 958K(1024K)->958K(1024K)
[10.567s][info ][gc             ] GC(169) Pause Young (Normal) (G1 Evacuation Pause) 257M->4M(424M) 0.565ms
[10.567s][info ][gc,cpu         ] GC(169) User=0.01s Sys=0.00s Real=0.00s
[10.583s][info ][gc,start       ] GC(170) Pause Young (Normal) (G1 Evacuation Pause)
[10.583s][info ][gc,task        ] GC(170) Using 9 workers of 9 for evacuation
[10.583s][debug][gc,age         ] GC(170) Desired survivor size 16777216 bytes, new threshold 15 (max threshold 15)
[10.584s][info ][gc,phases      ] GC(170)   Pre Evacuate Collection Set: 0.08ms
[10.584s][info ][gc,phases      ] GC(170)   Merge Heap Roots: 0.07ms
[10.584s][info ][gc,phases      ] GC(170)   Evacuate Collection Set: 0.13ms
[10.584s][info ][gc,phases      ] GC(170)   Post Evacuate Collection Set: 0.18ms
[10.584s][info ][gc,phases      ] GC(170)   Other: 0.05ms
[10.584s][trace][gc,age         ] GC(170) Age table:
[10.584s][trace][gc,age         ] GC(170) - age   1:     400208 bytes,     400208 total
[10.584s][info ][gc,heap        ] GC(170) Eden regions: 253->0(253)
[10.584s][info ][gc,heap        ] GC(170) Survivor regions: 1->1(32)
[10.584s][info ][gc,heap        ] GC(170) Old regions: 11->11
[10.584s][info ][gc,heap        ] GC(170) Humongous regions: 0->0
[10.584s][info ][gc,metaspace   ] GC(170) Metaspace: 10101K(10368K)->10101K(10368K) NonClass: 9142K(9344K)->9142K(9344K) Class: 958K(1024K)->958K(1024K)
[10.584s][info ][gc             ] GC(170) Pause Young (Normal) (G1 Evacuation Pause) 257M->4M(424M) 0.613ms
[10.584s][info ][gc,cpu         ] GC(170) User=0.00s Sys=0.00s Real=0.00s
[10.600s][info ][gc,start       ] GC(171) Pause Young (Normal) (G1 Evacuation Pause)
[10.600s][info ][gc,task        ] GC(171) Using 9 workers of 9 for evacuation
[10.600s][debug][gc,age         ] GC(171) Desired survivor size 16777216 bytes, new threshold 15 (max threshold 15)
[10.600s][info ][gc,phases      ] GC(171)   Pre Evacuate Collection Set: 0.07ms
[10.600s][info ][gc,phases      ] GC(171)   Merge Heap Roots: 0.07ms
[10.600s][info ][gc,phases      ] GC(171)   Evacuate Collection Set: 0.10ms
[10.600s][info ][gc,phases      ] GC(171)   Post Evacuate Collection Set: 0.18ms
[10.600s][info ][gc,phases      ] GC(171)   Other: 0.05ms
[10.600s][trace][gc,age         ] GC(171) Age table:
[10.600s][trace][gc,age         ] GC(171) - age   1:     400208 bytes,     400208 total
[10.600s][info ][gc,heap        ] GC(171) Eden regions: 253->0(253)
[10.600s][info ][gc,heap        ] GC(171) Survivor regions: 1->1(32)
[10.600s][info ][gc,heap        ] GC(171) Old regions: 11->11
[10.600s][info ][gc,heap        ] GC(171) Humongous regions: 0->0
[10.600s][info ][gc,metaspace   ] GC(171) Metaspace: 10101K(10368K)->10101K(10368K) NonClass: 9142K(9344K)->9142K(9344K) Class: 958K(1024K)->958K(1024K)
[10.600s][info ][gc             ] GC(171) Pause Young (Normal) (G1 Evacuation Pause) 257M->4M(424M) 0.573ms
[10.600s][info ][gc,cpu         ] GC(171) User=0.00s Sys=0.00s Real=0.00s
[10.616s][info ][gc,start       ] GC(172) Pause Young (Normal) (G1 Evacuation Pause)
[10.616s][info ][gc,task        ] GC(172) Using 9 workers of 9 for evacuation
[10.616s][debug][gc,age         ] GC(172) Desired survivor size 16777216 bytes, new threshold 15 (max threshold 15)
[10.617s][info ][gc,phases      ] GC(172)   Pre Evacuate Collection Set: 0.09ms
[10.617s][info ][gc,phases      ] GC(172)   Merge Heap Roots: 0.06ms
[10.617s][info ][gc,phases      ] GC(172)   Evacuate Collection Set: 0.10ms
[10.617s][info ][gc,phases      ] GC(172)   Post Evacuate Collection Set: 0.20ms
[10.617s][info ][gc,phases      ] GC(172)   Other: 0.06ms
[10.617s][trace][gc,age         ] GC(172) Age table:
[10.617s][trace][gc,age         ] GC(172) - age   1:     400208 bytes,     400208 total
[10.617s][info ][gc,heap        ] GC(172) Eden regions: 253->0(253)
[10.617s][info ][gc,heap        ] GC(172) Survivor regions: 1->1(32)
[10.617s][info ][gc,heap        ] GC(172) Old regions: 11->11
[10.617s][info ][gc,heap        ] GC(172) Humongous regions: 0->0
[10.617s][info ][gc,metaspace   ] GC(172) Metaspace: 10101K(10368K)->10101K(10368K) NonClass: 9142K(9344K)->9142K(9344K) Class: 958K(1024K)->958K(1024K)
[10.617s][info ][gc             ] GC(172) Pause Young (Normal) (G1 Evacuation Pause) 257M->4M(424M) 0.598ms
[10.617s][info ][gc,cpu         ] GC(172) User=0.00s Sys=0.00s Real=0.00s
[10.633s][info ][gc,start       ] GC(173) Pause Young (Normal) (G1 Evacuation Pause)
[10.633s][info ][gc,task        ] GC(173) Using 9 workers of 9 for evacuation
[10.633s][debug][gc,age         ] GC(173) Desired survivor size 16777216 bytes, new threshold 15 (max threshold 15)
[10.633s][info ][gc,phases      ] GC(173)   Pre Evacuate Collection Set: 0.08ms
[10.633s][info ][gc,phases      ] GC(173)   Merge Heap Roots: 0.08ms
[10.633s][info ][gc,phases      ] GC(173)   Evacuate Collection Set: 0.11ms
[10.633s][info ][gc,phases      ] GC(173)   Post Evacuate Collection Set: 0.20ms
[10.633s][info ][gc,phases      ] GC(173)   Other: 0.05ms
[10.633s][trace][gc,age         ] GC(173) Age table:
[10.633s][trace][gc,age         ] GC(173) - age   1:     400208 bytes,     400208 total
[10.633s][info ][gc,heap        ] GC(173) Eden regions: 253->0(253)
[10.633s][info ][gc,heap        ] GC(173) Survivor regions: 1->1(32)
[10.633s][info ][gc,heap        ] GC(173) Old regions: 11->11
[10.633s][info ][gc,heap        ] GC(173) Humongous regions: 0->0
[10.633s][info ][gc,metaspace   ] GC(173) Metaspace: 10101K(10368K)->10101K(10368K) NonClass: 9142K(9344K)->9142K(9344K) Class: 958K(1024K)->958K(1024K)
[10.633s][info ][gc             ] GC(173) Pause Young (Normal) (G1 Evacuation Pause) 257M->4M(424M) 0.619ms
[10.633s][info ][gc,cpu         ] GC(173) User=0.00s Sys=0.00s Real=0.00s
[10.649s][info ][gc,start       ] GC(174) Pause Young (Normal) (G1 Evacuation Pause)
[10.649s][info ][gc,task        ] GC(174) Using 9 workers of 9 for evacuation
[10.649s][debug][gc,age         ] GC(174) Desired survivor size 16777216 bytes, new threshold 15 (max threshold 15)
[10.650s][info ][gc,phases      ] GC(174)   Pre Evacuate Collection Set: 0.07ms
[10.650s][info ][gc,phases      ] GC(174)   Merge Heap Roots: 0.07ms
[10.650s][info ][gc,phases      ] GC(174)   Evacuate Collection Set: 0.12ms
[10.650s][info ][gc,phases      ] GC(174)   Post Evacuate Collection Set: 0.17ms
[10.650s][info ][gc,phases      ] GC(174)   Other: 0.05ms
[10.650s][trace][gc,age         ] GC(174) Age table:
[10.650s][trace][gc,age         ] GC(174) - age   1:     400208 bytes,     400208 total
[10.650s][info ][gc,heap        ] GC(174) Eden regions: 253->0(253)
[10.650s][info ][gc,heap        ] GC(174) Survivor regions: 1->1(32)
[10.650s][info ][gc,heap        ] GC(174) Old regions: 11->11
[10.650s][info ][gc,heap        ] GC(174) Humongous regions: 0->0
[10.650s][info ][gc,metaspace   ] GC(174) Metaspace: 10101K(10368K)->10101K(10368K) NonClass: 9142K(9344K)->9142K(9344K) Class: 958K(1024K)->958K(1024K)
[10.650s][info ][gc             ] GC(174) Pause Young (Normal) (G1 Evacuation Pause) 257M->4M(424M) 0.562ms
[10.650s][info ][gc,cpu         ] GC(174) User=0.00s Sys=0.00s Real=0.00s
[10.665s][info ][gc,start       ] GC(175) Pause Young (Normal) (G1 Evacuation Pause)
[10.665s][info ][gc,task        ] GC(175) Using 9 workers of 9 for evacuation
[10.665s][debug][gc,age         ] GC(175) Desired survivor size 16777216 bytes, new threshold 15 (max threshold 15)
[10.666s][info ][gc,phases      ] GC(175)   Pre Evacuate Collection Set: 0.07ms
[10.666s][info ][gc,phases      ] GC(175)   Merge Heap Roots: 0.05ms
[10.666s][info ][gc,phases      ] GC(175)   Evacuate Collection Set: 0.11ms
[10.666s][info ][gc,phases      ] GC(175)   Post Evacuate Collection Set: 0.19ms
[10.666s][info ][gc,phases      ] GC(175)   Other: 0.06ms
[10.666s][trace][gc,age         ] GC(175) Age table:
[10.666s][trace][gc,age         ] GC(175) - age   1:     400208 bytes,     400208 total
[10.666s][info ][gc,heap        ] GC(175) Eden regions: 253->0(253)
[10.666s][info ][gc,heap        ] GC(175) Survivor regions: 1->1(32)
[10.666s][info ][gc,heap        ] GC(175) Old regions: 11->11
[10.666s][info ][gc,heap        ] GC(175) Humongous regions: 0->0
[10.666s][info ][gc,metaspace   ] GC(175) Metaspace: 10101K(10368K)->10101K(10368K) NonClass: 9142K(9344K)->9142K(9344K) Class: 958K(1024K)->958K(1024K)
[10.666s][info ][gc             ] GC(175) Pause Young (Normal) (G1 Evacuation Pause) 257M->4M(424M) 0.583ms
[10.666s][info ][gc,cpu         ] GC(175) User=0.00s Sys=0.01s Real=0.00s
[10.682s][info ][gc,start       ] GC(176) Pause Young (Normal) (G1 Evacuation Pause)
[10.682s][info ][gc,task        ] GC(176) Using 9 workers of 9 for evacuation
[10.682s][debug][gc,age         ] GC(176) Desired survivor size 16777216 bytes, new threshold 15 (max threshold 15)
[10.682s][info ][gc,phases      ] GC(176)   Pre Evacuate Collection Set: 0.09ms
[10.682s][info ][gc,phases      ] GC(176)   Merge Heap Roots: 0.08ms
[10.682s][info ][gc,phases      ] GC(176)   Evacuate Collection Set: 0.10ms
[10.682s][info ][gc,phases      ] GC(176)   Post Evacuate Collection Set: 0.19ms
[10.682s][info ][gc,phases      ] GC(176)   Other: 0.06ms
[10.682s][trace][gc,age         ] GC(176) Age table:
[10.682s][trace][gc,age         ] GC(176) - age   1:     400208 bytes,     400208 total
[10.682s][info ][gc,heap        ] GC(176) Eden regions: 253->0(253)
[10.682s][info ][gc,heap        ] GC(176) Survivor regions: 1->1(32)
[10.682s][info ][gc,heap        ] GC(176) Old regions: 11->11
[10.682s][info ][gc,heap        ] GC(176) Humongous regions: 0->0
[10.682s][info ][gc,metaspace   ] GC(176) Metaspace: 10101K(10368K)->10101K(10368K) NonClass: 9142K(9344K)->9142K(9344K) Class: 958K(1024K)->958K(1024K)
[10.682s][info ][gc             ] GC(176) Pause Young (Normal) (G1 Evacuation Pause) 257M->4M(424M) 0.606ms
[10.682s][info ][gc,cpu         ] GC(176) User=0.00s Sys=0.00s Real=0.00s
[10.698s][info ][gc,start       ] GC(177) Pause Young (Normal) (G1 Evacuation Pause)
[10.698s][info ][gc,task        ] GC(177) Using 9 workers of 9 for evacuation
[10.698s][debug][gc,age         ] GC(177) Desired survivor size 16777216 bytes, new threshold 15 (max threshold 15)
[10.699s][info ][gc,phases      ] GC(177)   Pre Evacuate Collection Set: 0.09ms
[10.699s][info ][gc,phases      ] GC(177)   Merge Heap Roots: 0.07ms
[10.699s][info ][gc,phases      ] GC(177)   Evacuate Collection Set: 0.10ms
[10.699s][info ][gc,phases      ] GC(177)   Post Evacuate Collection Set: 0.17ms
[10.699s][info ][gc,phases      ] GC(177)   Other: 0.06ms
[10.699s][trace][gc,age         ] GC(177) Age table:
[10.699s][trace][gc,age         ] GC(177) - age   1:     400208 bytes,     400208 total
[10.699s][info ][gc,heap        ] GC(177) Eden regions: 253->0(253)
[10.699s][info ][gc,heap        ] GC(177) Survivor regions: 1->1(32)
[10.699s][info ][gc,heap        ] GC(177) Old regions: 11->11
[10.699s][info ][gc,heap        ] GC(177) Humongous regions: 0->0
[10.699s][info ][gc,metaspace   ] GC(177) Metaspace: 10101K(10368K)->10101K(10368K) NonClass: 9142K(9344K)->9142K(9344K) Class: 958K(1024K)->958K(1024K)
[10.699s][info ][gc             ] GC(177) Pause Young (Normal) (G1 Evacuation Pause) 257M->4M(424M) 0.593ms
[10.699s][info ][gc,cpu         ] GC(177) User=0.00s Sys=0.00s Real=0.00s
[10.714s][info ][gc,start       ] GC(178) Pause Young (Normal) (G1 Evacuation Pause)
[10.714s][info ][gc,task        ] GC(178) Using 9 workers of 9 for evacuation
[10.714s][debug][gc,age         ] GC(178) Desired survivor size 16777216 bytes, new threshold 15 (max threshold 15)
[10.715s][info ][gc,phases      ] GC(178)   Pre Evacuate Collection Set: 0.09ms
[10.715s][info ][gc,phases      ] GC(178)   Merge Heap Roots: 0.07ms
[10.715s][info ][gc,phases      ] GC(178)   Evacuate Collection Set: 0.09ms
[10.715s][info ][gc,phases      ] GC(178)   Post Evacuate Collection Set: 0.18ms
[10.715s][info ][gc,phases      ] GC(178)   Other: 0.06ms
[10.715s][trace][gc,age         ] GC(178) Age table:
[10.715s][trace][gc,age         ] GC(178) - age   1:     400208 bytes,     400208 total
[10.715s][info ][gc,heap        ] GC(178) Eden regions: 253->0(253)
[10.715s][info ][gc,heap        ] GC(178) Survivor regions: 1->1(32)
[10.715s][info ][gc,heap        ] GC(178) Old regions: 11->11
[10.715s][info ][gc,heap        ] GC(178) Humongous regions: 0->0
[10.715s][info ][gc,metaspace   ] GC(178) Metaspace: 10101K(10368K)->10101K(10368K) NonClass: 9142K(9344K)->9142K(9344K) Class: 958K(1024K)->958K(1024K)
[10.715s][info ][gc             ] GC(178) Pause Young (Normal) (G1 Evacuation Pause) 257M->4M(424M) 0.591ms
[10.715s][info ][gc,cpu         ] GC(178) User=0.00s Sys=0.00s Real=0.00s
[10.731s][info ][gc,start       ] GC(179) Pause Young (Normal) (G1 Evacuation Pause)
[10.731s][info ][gc,task        ] GC(179) Using 9 workers of 9 for evacuation
[10.731s][debug][gc,age         ] GC(179) Desired survivor size 16777216 bytes, new threshold 15 (max threshold 15)
[10.731s][info ][gc,phases      ] GC(179)   Pre Evacuate Collection Set: 0.12ms
[10.731s][info ][gc,phases      ] GC(179)   Merge Heap Roots: 0.09ms
[10.731s][info ][gc,phases      ] GC(179)   Evacuate Collection Set: 0.09ms
[10.731s][info ][gc,phases      ] GC(179)   Post Evacuate Collection Set: 0.18ms
[10.731s][info ][gc,phases      ] GC(179)   Other: 0.04ms
[10.731s][trace][gc,age         ] GC(179) Age table:
[10.731s][trace][gc,age         ] GC(179) - age   1:     400208 bytes,     400208 total
[10.731s][info ][gc,heap        ] GC(179) Eden regions: 253->0(253)
[10.731s][info ][gc,heap        ] GC(179) Survivor regions: 1->1(32)
[10.731s][info ][gc,heap        ] GC(179) Old regions: 11->11
[10.731s][info ][gc,heap        ] GC(179) Humongous regions: 0->0
[10.731s][info ][gc,metaspace   ] GC(179) Metaspace: 10101K(10368K)->10101K(10368K) NonClass: 9142K(9344K)->9142K(9344K) Class: 958K(1024K)->958K(1024K)
[10.731s][info ][gc             ] GC(179) Pause Young (Normal) (G1 Evacuation Pause) 257M->4M(424M) 0.622ms
[10.731s][info ][gc,cpu         ] GC(179) User=0.00s Sys=0.00s Real=0.00s
[10.747s][info ][gc,start       ] GC(180) Pause Young (Normal) (G1 Evacuation Pause)
[10.747s][info ][gc,task        ] GC(180) Using 9 workers of 9 for evacuation
[10.747s][debug][gc,age         ] GC(180) Desired survivor size 16777216 bytes, new threshold 15 (max threshold 15)
[10.748s][info ][gc,phases      ] GC(180)   Pre Evacuate Collection Set: 0.08ms
[10.748s][info ][gc,phases      ] GC(180)   Merge Heap Roots: 0.07ms
[10.748s][info ][gc,phases      ] GC(180)   Evacuate Collection Set: 0.10ms
[10.748s][info ][gc,phases      ] GC(180)   Post Evacuate Collection Set: 0.21ms
[10.748s][info ][gc,phases      ] GC(180)   Other: 0.05ms
[10.748s][trace][gc,age         ] GC(180) Age table:
[10.748s][trace][gc,age         ] GC(180) - age   1:     400208 bytes,     400208 total
[10.748s][info ][gc,heap        ] GC(180) Eden regions: 253->0(253)
[10.748s][info ][gc,heap        ] GC(180) Survivor regions: 1->1(32)
[10.748s][info ][gc,heap        ] GC(180) Old regions: 11->11
[10.748s][info ][gc,heap        ] GC(180) Humongous regions: 0->0
[10.748s][info ][gc,metaspace   ] GC(180) Metaspace: 10101K(10368K)->10101K(10368K) NonClass: 9142K(9344K)->9142K(9344K) Class: 958K(1024K)->958K(1024K)
[10.748s][info ][gc             ] GC(180) Pause Young (Normal) (G1 Evacuation Pause) 257M->4M(424M) 0.615ms
[10.748s][info ][gc,cpu         ] GC(180) User=0.00s Sys=0.00s Real=0.00s
[10.764s][info ][gc,start       ] GC(181) Pause Young (Normal) (G1 Evacuation Pause)
[10.764s][info ][gc,task        ] GC(181) Using 9 workers of 9 for evacuation
[10.764s][debug][gc,age         ] GC(181) Desired survivor size 16777216 bytes, new threshold 15 (max threshold 15)
[10.764s][info ][gc,phases      ] GC(181)   Pre Evacuate Collection Set: 0.09ms
[10.764s][info ][gc,phases      ] GC(181)   Merge Heap Roots: 0.07ms
[10.764s][info ][gc,phases      ] GC(181)   Evacuate Collection Set: 0.10ms
[10.764s][info ][gc,phases      ] GC(181)   Post Evacuate Collection Set: 0.20ms
[10.764s][info ][gc,phases      ] GC(181)   Other: 0.05ms
[10.764s][trace][gc,age         ] GC(181) Age table:
[10.764s][trace][gc,age         ] GC(181) - age   1:     400208 bytes,     400208 total
[10.764s][info ][gc,heap        ] GC(181) Eden regions: 253->0(253)
[10.764s][info ][gc,heap        ] GC(181) Survivor regions: 1->1(32)
[10.764s][info ][gc,heap        ] GC(181) Old regions: 11->11
[10.764s][info ][gc,heap        ] GC(181) Humongous regions: 0->0
[10.764s][info ][gc,metaspace   ] GC(181) Metaspace: 10101K(10368K)->10101K(10368K) NonClass: 9142K(9344K)->9142K(9344K) Class: 958K(1024K)->958K(1024K)
[10.764s][info ][gc             ] GC(181) Pause Young (Normal) (G1 Evacuation Pause) 257M->4M(424M) 0.603ms
[10.764s][info ][gc,cpu         ] GC(181) User=0.00s Sys=0.00s Real=0.00s
[10.780s][info ][gc,start       ] GC(182) Pause Young (Normal) (G1 Evacuation Pause)
[10.780s][info ][gc,task        ] GC(182) Using 9 workers of 9 for evacuation
[10.780s][debug][gc,age         ] GC(182) Desired survivor size 16777216 bytes, new threshold 15 (max threshold 15)
[10.781s][info ][gc,phases      ] GC(182)   Pre Evacuate Collection Set: 0.09ms
[10.781s][info ][gc,phases      ] GC(182)   Merge Heap Roots: 0.08ms
[10.781s][info ][gc,phases      ] GC(182)   Evacuate Collection Set: 0.10ms
[10.781s][info ][gc,phases      ] GC(182)   Post Evacuate Collection Set: 0.17ms
[10.781s][info ][gc,phases      ] GC(182)   Other: 0.06ms
[10.781s][trace][gc,age         ] GC(182) Age table:
[10.781s][trace][gc,age         ] GC(182) - age   1:     400208 bytes,     400208 total
[10.781s][info ][gc,heap        ] GC(182) Eden regions: 253->0(253)
[10.781s][info ][gc,heap        ] GC(182) Survivor regions: 1->1(32)
[10.781s][info ][gc,heap        ] GC(182) Old regions: 11->11
[10.781s][info ][gc,heap        ] GC(182) Humongous regions: 0->0
[10.781s][info ][gc,metaspace   ] GC(182) Metaspace: 10101K(10368K)->10101K(10368K) NonClass: 9142K(9344K)->9142K(9344K) Class: 958K(1024K)->958K(1024K)
[10.781s][info ][gc             ] GC(182) Pause Young (Normal) (G1 Evacuation Pause) 257M->4M(424M) 0.594ms
[10.781s][info ][gc,cpu         ] GC(182) User=0.01s Sys=0.00s Real=0.00s
[10.796s][info ][gc,start       ] GC(183) Pause Young (Normal) (G1 Evacuation Pause)
[10.796s][info ][gc,task        ] GC(183) Using 9 workers of 9 for evacuation
[10.796s][debug][gc,age         ] GC(183) Desired survivor size 16777216 bytes, new threshold 15 (max threshold 15)
[10.797s][info ][gc,phases      ] GC(183)   Pre Evacuate Collection Set: 0.08ms
[10.797s][info ][gc,phases      ] GC(183)   Merge Heap Roots: 0.06ms
[10.797s][info ][gc,phases      ] GC(183)   Evacuate Collection Set: 0.13ms
[10.797s][info ][gc,phases      ] GC(183)   Post Evacuate Collection Set: 0.19ms
[10.797s][info ][gc,phases      ] GC(183)   Other: 0.07ms
[10.797s][trace][gc,age         ] GC(183) Age table:
[10.797s][trace][gc,age         ] GC(183) - age   1:     400208 bytes,     400208 total
[10.797s][info ][gc,heap        ] GC(183) Eden regions: 253->0(253)
[10.797s][info ][gc,heap        ] GC(183) Survivor regions: 1->1(32)
[10.797s][info ][gc,heap        ] GC(183) Old regions: 11->11
[10.797s][info ][gc,heap        ] GC(183) Humongous regions: 0->0
[10.797s][info ][gc,metaspace   ] GC(183) Metaspace: 10101K(10368K)->10101K(10368K) NonClass: 9142K(9344K)->9142K(9344K) Class: 958K(1024K)->958K(1024K)
[10.797s][info ][gc             ] GC(183) Pause Young (Normal) (G1 Evacuation Pause) 257M->4M(424M) 0.633ms
[10.797s][info ][gc,cpu         ] GC(183) User=0.00s Sys=0.00s Real=0.00s
[10.813s][info ][gc,start       ] GC(184) Pause Young (Normal) (G1 Evacuation Pause)
[10.813s][info ][gc,task        ] GC(184) Using 9 workers of 9 for evacuation
[10.813s][debug][gc,age         ] GC(184) Desired survivor size 16777216 bytes, new threshold 15 (max threshold 15)
[10.814s][info ][gc,phases      ] GC(184)   Pre Evacuate Collection Set: 0.09ms
[10.814s][info ][gc,phases      ] GC(184)   Merge Heap Roots: 0.08ms
[10.814s][info ][gc,phases      ] GC(184)   Evacuate Collection Set: 0.09ms
[10.814s][info ][gc,phases      ] GC(184)   Post Evacuate Collection Set: 0.19ms
[10.814s][info ][gc,phases      ] GC(184)   Other: 0.06ms
[10.814s][trace][gc,age         ] GC(184) Age table:
[10.814s][trace][gc,age         ] GC(184) - age   1:     400208 bytes,     400208 total
[10.814s][info ][gc,heap        ] GC(184) Eden regions: 253->0(253)
[10.814s][info ][gc,heap        ] GC(184) Survivor regions: 1->1(32)
[10.814s][info ][gc,heap        ] GC(184) Old regions: 11->11
[10.814s][info ][gc,heap        ] GC(184) Humongous regions: 0->0
[10.814s][info ][gc,metaspace   ] GC(184) Metaspace: 10101K(10368K)->10101K(10368K) NonClass: 9142K(9344K)->9142K(9344K) Class: 958K(1024K)->958K(1024K)
[10.814s][info ][gc             ] GC(184) Pause Young (Normal) (G1 Evacuation Pause) 257M->4M(424M) 0.601ms
[10.814s][info ][gc,cpu         ] GC(184) User=0.00s Sys=0.00s Real=0.00s
[10.830s][info ][gc,start       ] GC(185) Pause Young (Normal) (G1 Evacuation Pause)
[10.830s][info ][gc,task        ] GC(185) Using 9 workers of 9 for evacuation
[10.830s][debug][gc,age         ] GC(185) Desired survivor size 16777216 bytes, new threshold 15 (max threshold 15)
[10.830s][info ][gc,phases      ] GC(185)   Pre Evacuate Collection Set: 0.07ms
[10.830s][info ][gc,phases      ] GC(185)   Merge Heap Roots: 0.09ms
[10.830s][info ][gc,phases      ] GC(185)   Evacuate Collection Set: 0.09ms
[10.830s][info ][gc,phases      ] GC(185)   Post Evacuate Collection Set: 0.17ms
[10.830s][info ][gc,phases      ] GC(185)   Other: 0.06ms
[10.830s][trace][gc,age         ] GC(185) Age table:
[10.830s][trace][gc,age         ] GC(185) - age   1:     400208 bytes,     400208 total
[10.830s][info ][gc,heap        ] GC(185) Eden regions: 253->0(253)
[10.830s][info ][gc,heap        ] GC(185) Survivor regions: 1->1(32)
[10.830s][info ][gc,heap        ] GC(185) Old regions: 11->11
[10.830s][info ][gc,heap        ] GC(185) Humongous regions: 0->0
[10.830s][info ][gc,metaspace   ] GC(185) Metaspace: 10101K(10368K)->10101K(10368K) NonClass: 9142K(9344K)->9142K(9344K) Class: 958K(1024K)->958K(1024K)
[10.830s][info ][gc             ] GC(185) Pause Young (Normal) (G1 Evacuation Pause) 257M->4M(424M) 0.565ms
[10.830s][info ][gc,cpu         ] GC(185) User=0.01s Sys=0.00s Real=0.00s
[10.846s][info ][gc,start       ] GC(186) Pause Young (Normal) (G1 Evacuation Pause)
[10.846s][info ][gc,task        ] GC(186) Using 9 workers of 9 for evacuation
[10.846s][debug][gc,age         ] GC(186) Desired survivor size 16777216 bytes, new threshold 15 (max threshold 15)
[10.847s][info ][gc,phases      ] GC(186)   Pre Evacuate Collection Set: 0.10ms
[10.847s][info ][gc,phases      ] GC(186)   Merge Heap Roots: 0.08ms
[10.847s][info ][gc,phases      ] GC(186)   Evacuate Collection Set: 0.09ms
[10.847s][info ][gc,phases      ] GC(186)   Post Evacuate Collection Set: 0.23ms
[10.847s][info ][gc,phases      ] GC(186)   Other: 0.06ms
[10.847s][trace][gc,age         ] GC(186) Age table:
[10.847s][trace][gc,age         ] GC(186) - age   1:     400208 bytes,     400208 total
[10.847s][info ][gc,heap        ] GC(186) Eden regions: 253->0(253)
[10.847s][info ][gc,heap        ] GC(186) Survivor regions: 1->1(32)
[10.847s][info ][gc,heap        ] GC(186) Old regions: 11->11
[10.847s][info ][gc,heap        ] GC(186) Humongous regions: 0->0
[10.847s][info ][gc,metaspace   ] GC(186) Metaspace: 10101K(10368K)->10101K(10368K) NonClass: 9142K(9344K)->9142K(9344K) Class: 958K(1024K)->958K(1024K)
[10.847s][info ][gc             ] GC(186) Pause Young (Normal) (G1 Evacuation Pause) 257M->4M(424M) 0.651ms
[10.847s][info ][gc,cpu         ] GC(186) User=0.00s Sys=0.00s Real=0.00s
[10.863s][info ][gc,start       ] GC(187) Pause Young (Normal) (G1 Evacuation Pause)
[10.863s][info ][gc,task        ] GC(187) Using 9 workers of 9 for evacuation
[10.863s][debug][gc,age         ] GC(187) Desired survivor size 16777216 bytes, new threshold 15 (max threshold 15)
[10.863s][info ][gc,phases      ] GC(187)   Pre Evacuate Collection Set: 0.07ms
[10.863s][info ][gc,phases      ] GC(187)   Merge Heap Roots: 0.06ms
[10.863s][info ][gc,phases      ] GC(187)   Evacuate Collection Set: 0.14ms
[10.863s][info ][gc,phases      ] GC(187)   Post Evacuate Collection Set: 0.17ms
[10.864s][info ][gc,phases      ] GC(187)   Other: 0.06ms
[10.864s][trace][gc,age         ] GC(187) Age table:
[10.864s][trace][gc,age         ] GC(187) - age   1:     400208 bytes,     400208 total
[10.864s][info ][gc,heap        ] GC(187) Eden regions: 253->0(253)
[10.864s][info ][gc,heap        ] GC(187) Survivor regions: 1->1(32)
[10.864s][info ][gc,heap        ] GC(187) Old regions: 11->11
[10.864s][info ][gc,heap        ] GC(187) Humongous regions: 0->0
[10.864s][info ][gc,metaspace   ] GC(187) Metaspace: 10101K(10368K)->10101K(10368K) NonClass: 9142K(9344K)->9142K(9344K) Class: 958K(1024K)->958K(1024K)
[10.864s][info ][gc             ] GC(187) Pause Young (Normal) (G1 Evacuation Pause) 257M->4M(424M) 0.597ms
[10.864s][info ][gc,cpu         ] GC(187) User=0.00s Sys=0.00s Real=0.00s
[10.879s][info ][gc,start       ] GC(188) Pause Young (Normal) (G1 Evacuation Pause)
[10.879s][info ][gc,task        ] GC(188) Using 9 workers of 9 for evacuation
[10.879s][debug][gc,age         ] GC(188) Desired survivor size 16777216 bytes, new threshold 15 (max threshold 15)
[10.880s][info ][gc,phases      ] GC(188)   Pre Evacuate Collection Set: 0.09ms
[10.880s][info ][gc,phases      ] GC(188)   Merge Heap Roots: 0.07ms
[10.880s][info ][gc,phases      ] GC(188)   Evacuate Collection Set: 0.10ms
[10.880s][info ][gc,phases      ] GC(188)   Post Evacuate Collection Set: 0.15ms
[10.880s][info ][gc,phases      ] GC(188)   Other: 0.06ms
[10.880s][trace][gc,age         ] GC(188) Age table:
[10.880s][trace][gc,age         ] GC(188) - age   1:     400208 bytes,     400208 total
[10.880s][info ][gc,heap        ] GC(188) Eden regions: 253->0(253)
[10.880s][info ][gc,heap        ] GC(188) Survivor regions: 1->1(32)
[10.880s][info ][gc,heap        ] GC(188) Old regions: 11->11
[10.880s][info ][gc,heap        ] GC(188) Humongous regions: 0->0
[10.880s][info ][gc,metaspace   ] GC(188) Metaspace: 10101K(10368K)->10101K(10368K) NonClass: 9142K(9344K)->9142K(9344K) Class: 958K(1024K)->958K(1024K)
[10.880s][info ][gc             ] GC(188) Pause Young (Normal) (G1 Evacuation Pause) 257M->4M(424M) 0.547ms
[10.880s][info ][gc,cpu         ] GC(188) User=0.00s Sys=0.00s Real=0.00s
[10.896s][info ][gc,start       ] GC(189) Pause Young (Normal) (G1 Evacuation Pause)
[10.896s][info ][gc,task        ] GC(189) Using 9 workers of 9 for evacuation
[10.896s][debug][gc,age         ] GC(189) Desired survivor size 16777216 bytes, new threshold 15 (max threshold 15)
[10.896s][info ][gc,phases      ] GC(189)   Pre Evacuate Collection Set: 0.08ms
[10.896s][info ][gc,phases      ] GC(189)   Merge Heap Roots: 0.05ms
[10.896s][info ][gc,phases      ] GC(189)   Evacuate Collection Set: 0.14ms
[10.896s][info ][gc,phases      ] GC(189)   Post Evacuate Collection Set: 0.19ms
[10.896s][info ][gc,phases      ] GC(189)   Other: 0.04ms
[10.896s][trace][gc,age         ] GC(189) Age table:
[10.896s][trace][gc,age         ] GC(189) - age   1:     400208 bytes,     400208 total
[10.896s][info ][gc,heap        ] GC(189) Eden regions: 253->0(253)
[10.896s][info ][gc,heap        ] GC(189) Survivor regions: 1->1(32)
[10.896s][info ][gc,heap        ] GC(189) Old regions: 11->11
[10.896s][info ][gc,heap        ] GC(189) Humongous regions: 0->0
[10.896s][info ][gc,metaspace   ] GC(189) Metaspace: 10101K(10368K)->10101K(10368K) NonClass: 9142K(9344K)->9142K(9344K) Class: 958K(1024K)->958K(1024K)
[10.896s][info ][gc             ] GC(189) Pause Young (Normal) (G1 Evacuation Pause) 257M->4M(424M) 0.585ms
[10.896s][info ][gc,cpu         ] GC(189) User=0.00s Sys=0.00s Real=0.00s
[10.912s][info ][gc,start       ] GC(190) Pause Young (Normal) (G1 Evacuation Pause)
[10.913s][info ][gc,task        ] GC(190) Using 9 workers of 9 for evacuation
[10.913s][debug][gc,age         ] GC(190) Desired survivor size 16777216 bytes, new threshold 15 (max threshold 15)
[10.913s][info ][gc,phases      ] GC(190)   Pre Evacuate Collection Set: 0.08ms
[10.913s][info ][gc,phases      ] GC(190)   Merge Heap Roots: 0.06ms
[10.913s][info ][gc,phases      ] GC(190)   Evacuate Collection Set: 0.13ms
[10.913s][info ][gc,phases      ] GC(190)   Post Evacuate Collection Set: 0.18ms
[10.913s][info ][gc,phases      ] GC(190)   Other: 0.05ms
[10.913s][trace][gc,age         ] GC(190) Age table:
[10.913s][trace][gc,age         ] GC(190) - age   1:     400208 bytes,     400208 total
[10.913s][info ][gc,heap        ] GC(190) Eden regions: 253->0(253)
[10.913s][info ][gc,heap        ] GC(190) Survivor regions: 1->1(32)
[10.913s][info ][gc,heap        ] GC(190) Old regions: 11->11
[10.913s][info ][gc,heap        ] GC(190) Humongous regions: 0->0
[10.913s][info ][gc,metaspace   ] GC(190) Metaspace: 10101K(10368K)->10101K(10368K) NonClass: 9142K(9344K)->9142K(9344K) Class: 958K(1024K)->958K(1024K)
[10.913s][info ][gc             ] GC(190) Pause Young (Normal) (G1 Evacuation Pause) 257M->4M(424M) 0.592ms
[10.913s][info ][gc,cpu         ] GC(190) User=0.00s Sys=0.00s Real=0.00s
[10.929s][info ][gc,start       ] GC(191) Pause Young (Normal) (G1 Evacuation Pause)
[10.929s][info ][gc,task        ] GC(191) Using 9 workers of 9 for evacuation
[10.929s][debug][gc,age         ] GC(191) Desired survivor size 16777216 bytes, new threshold 15 (max threshold 15)
[10.929s][info ][gc,phases      ] GC(191)   Pre Evacuate Collection Set: 0.09ms
[10.929s][info ][gc,phases      ] GC(191)   Merge Heap Roots: 0.10ms
[10.929s][info ][gc,phases      ] GC(191)   Evacuate Collection Set: 0.08ms
[10.929s][info ][gc,phases      ] GC(191)   Post Evacuate Collection Set: 0.16ms
[10.929s][info ][gc,phases      ] GC(191)   Other: 0.05ms
[10.929s][trace][gc,age         ] GC(191) Age table:
[10.929s][trace][gc,age         ] GC(191) - age   1:     400208 bytes,     400208 total
[10.929s][info ][gc,heap        ] GC(191) Eden regions: 253->0(253)
[10.929s][info ][gc,heap        ] GC(191) Survivor regions: 1->1(32)
[10.929s][info ][gc,heap        ] GC(191) Old regions: 11->11
[10.929s][info ][gc,heap        ] GC(191) Humongous regions: 0->0
[10.929s][info ][gc,metaspace   ] GC(191) Metaspace: 10101K(10368K)->10101K(10368K) NonClass: 9142K(9344K)->9142K(9344K) Class: 958K(1024K)->958K(1024K)
[10.929s][info ][gc             ] GC(191) Pause Young (Normal) (G1 Evacuation Pause) 257M->4M(424M) 0.583ms
[10.929s][info ][gc,cpu         ] GC(191) User=0.00s Sys=0.00s Real=0.00s
[10.945s][info ][gc,start       ] GC(192) Pause Young (Normal) (G1 Evacuation Pause)
[10.945s][info ][gc,task        ] GC(192) Using 9 workers of 9 for evacuation
[10.945s][debug][gc,age         ] GC(192) Desired survivor size 16777216 bytes, new threshold 15 (max threshold 15)
[10.945s][info ][gc,phases      ] GC(192)   Pre Evacuate Collection Set: 0.06ms
[10.946s][info ][gc,phases      ] GC(192)   Merge Heap Roots: 0.07ms
[10.946s][info ][gc,phases      ] GC(192)   Evacuate Collection Set: 0.11ms
[10.946s][info ][gc,phases      ] GC(192)   Post Evacuate Collection Set: 0.17ms
[10.946s][info ][gc,phases      ] GC(192)   Other: 0.05ms
[10.946s][trace][gc,age         ] GC(192) Age table:
[10.946s][trace][gc,age         ] GC(192) - age   1:     400208 bytes,     400208 total
[10.946s][info ][gc,heap        ] GC(192) Eden regions: 253->0(253)
[10.946s][info ][gc,heap        ] GC(192) Survivor regions: 1->1(32)
[10.946s][info ][gc,heap        ] GC(192) Old regions: 11->11
[10.946s][info ][gc,heap        ] GC(192) Humongous regions: 0->0
[10.946s][info ][gc,metaspace   ] GC(192) Metaspace: 10101K(10368K)->10101K(10368K) NonClass: 9142K(9344K)->9142K(9344K) Class: 958K(1024K)->958K(1024K)
[10.946s][info ][gc             ] GC(192) Pause Young (Normal) (G1 Evacuation Pause) 257M->4M(424M) 0.548ms
[10.946s][info ][gc,cpu         ] GC(192) User=0.00s Sys=0.01s Real=0.01s
[10.962s][info ][gc,start       ] GC(193) Pause Young (Normal) (G1 Evacuation Pause)
[10.962s][info ][gc,task        ] GC(193) Using 9 workers of 9 for evacuation
[10.962s][debug][gc,age         ] GC(193) Desired survivor size 16777216 bytes, new threshold 15 (max threshold 15)
[10.962s][info ][gc,phases      ] GC(193)   Pre Evacuate Collection Set: 0.07ms
[10.962s][info ][gc,phases      ] GC(193)   Merge Heap Roots: 0.07ms
[10.962s][info ][gc,phases      ] GC(193)   Evacuate Collection Set: 0.09ms
[10.962s][info ][gc,phases      ] GC(193)   Post Evacuate Collection Set: 0.16ms
[10.962s][info ][gc,phases      ] GC(193)   Other: 0.05ms
[10.962s][trace][gc,age         ] GC(193) Age table:
[10.962s][trace][gc,age         ] GC(193) - age   1:     400208 bytes,     400208 total
[10.962s][info ][gc,heap        ] GC(193) Eden regions: 253->0(253)
[10.962s][info ][gc,heap        ] GC(193) Survivor regions: 1->1(32)
[10.962s][info ][gc,heap        ] GC(193) Old regions: 11->11
[10.962s][info ][gc,heap        ] GC(193) Humongous regions: 0->0
[10.962s][info ][gc,metaspace   ] GC(193) Metaspace: 10101K(10368K)->10101K(10368K) NonClass: 9142K(9344K)->9142K(9344K) Class: 958K(1024K)->958K(1024K)
[10.962s][info ][gc             ] GC(193) Pause Young (Normal) (G1 Evacuation Pause) 257M->4M(424M) 0.536ms
[10.962s][info ][gc,cpu         ] GC(193) User=0.00s Sys=0.00s Real=0.00s
[10.978s][info ][gc,start       ] GC(194) Pause Young (Normal) (G1 Evacuation Pause)
[10.978s][info ][gc,task        ] GC(194) Using 9 workers of 9 for evacuation
[10.978s][debug][gc,age         ] GC(194) Desired survivor size 16777216 bytes, new threshold 15 (max threshold 15)
[10.978s][info ][gc,phases      ] GC(194)   Pre Evacuate Collection Set: 0.10ms
[10.978s][info ][gc,phases      ] GC(194)   Merge Heap Roots: 0.07ms
[10.978s][info ][gc,phases      ] GC(194)   Evacuate Collection Set: 0.09ms
[10.978s][info ][gc,phases      ] GC(194)   Post Evacuate Collection Set: 0.16ms
[10.978s][info ][gc,phases      ] GC(194)   Other: 0.07ms
[10.978s][trace][gc,age         ] GC(194) Age table:
[10.978s][trace][gc,age         ] GC(194) - age   1:     400208 bytes,     400208 total
[10.978s][info ][gc,heap        ] GC(194) Eden regions: 253->0(253)
[10.978s][info ][gc,heap        ] GC(194) Survivor regions: 1->1(32)
[10.978s][info ][gc,heap        ] GC(194) Old regions: 11->11
[10.978s][info ][gc,heap        ] GC(194) Humongous regions: 0->0
[10.978s][info ][gc,metaspace   ] GC(194) Metaspace: 10101K(10368K)->10101K(10368K) NonClass: 9142K(9344K)->9142K(9344K) Class: 958K(1024K)->958K(1024K)
[10.978s][info ][gc             ] GC(194) Pause Young (Normal) (G1 Evacuation Pause) 257M->4M(424M) 0.593ms
[10.978s][info ][gc,cpu         ] GC(194) User=0.00s Sys=0.00s Real=0.00s
[10.994s][info ][gc,start       ] GC(195) Pause Young (Normal) (G1 Evacuation Pause)
[10.994s][info ][gc,task        ] GC(195) Using 9 workers of 9 for evacuation
[10.994s][debug][gc,age         ] GC(195) Desired survivor size 16777216 bytes, new threshold 15 (max threshold 15)
[10.995s][info ][gc,phases      ] GC(195)   Pre Evacuate Collection Set: 0.06ms
[10.995s][info ][gc,phases      ] GC(195)   Merge Heap Roots: 0.07ms
[10.995s][info ][gc,phases      ] GC(195)   Evacuate Collection Set: 0.14ms
[10.995s][info ][gc,phases      ] GC(195)   Post Evacuate Collection Set: 0.19ms
[10.995s][info ][gc,phases      ] GC(195)   Other: 0.07ms
[10.995s][trace][gc,age         ] GC(195) Age table:
[10.995s][trace][gc,age         ] GC(195) - age   1:     400208 bytes,     400208 total
[10.995s][info ][gc,heap        ] GC(195) Eden regions: 253->0(253)
[10.995s][info ][gc,heap        ] GC(195) Survivor regions: 1->1(32)
[10.995s][info ][gc,heap        ] GC(195) Old regions: 11->11
[10.995s][info ][gc,heap        ] GC(195) Humongous regions: 0->0
[10.995s][info ][gc,metaspace   ] GC(195) Metaspace: 10101K(10368K)->10101K(10368K) NonClass: 9142K(9344K)->9142K(9344K) Class: 958K(1024K)->958K(1024K)
[10.995s][info ][gc             ] GC(195) Pause Young (Normal) (G1 Evacuation Pause) 257M->4M(424M) 0.613ms
[10.995s][info ][gc,cpu         ] GC(195) User=0.00s Sys=0.00s Real=0.00s
[11.011s][info ][gc,start       ] GC(196) Pause Young (Normal) (G1 Evacuation Pause)
[11.011s][info ][gc,task        ] GC(196) Using 9 workers of 9 for evacuation
[11.011s][debug][gc,age         ] GC(196) Desired survivor size 16777216 bytes, new threshold 15 (max threshold 15)
[11.011s][info ][gc,phases      ] GC(196)   Pre Evacuate Collection Set: 0.07ms
[11.011s][info ][gc,phases      ] GC(196)   Merge Heap Roots: 0.06ms
[11.011s][info ][gc,phases      ] GC(196)   Evacuate Collection Set: 0.13ms
[11.011s][info ][gc,phases      ] GC(196)   Post Evacuate Collection Set: 0.15ms
[11.011s][info ][gc,phases      ] GC(196)   Other: 0.04ms
[11.011s][trace][gc,age         ] GC(196) Age table:
[11.011s][trace][gc,age         ] GC(196) - age   1:     400208 bytes,     400208 total
[11.011s][info ][gc,heap        ] GC(196) Eden regions: 253->0(253)
[11.011s][info ][gc,heap        ] GC(196) Survivor regions: 1->1(32)
[11.011s][info ][gc,heap        ] GC(196) Old regions: 11->11
[11.011s][info ][gc,heap        ] GC(196) Humongous regions: 0->0
[11.011s][info ][gc,metaspace   ] GC(196) Metaspace: 10101K(10368K)->10101K(10368K) NonClass: 9142K(9344K)->9142K(9344K) Class: 958K(1024K)->958K(1024K)
[11.011s][info ][gc             ] GC(196) Pause Young (Normal) (G1 Evacuation Pause) 257M->4M(424M) 0.532ms
[11.012s][info ][gc,cpu         ] GC(196) User=0.00s Sys=0.00s Real=0.00s
[11.028s][info ][gc,start       ] GC(197) Pause Young (Normal) (G1 Evacuation Pause)
[11.028s][info ][gc,task        ] GC(197) Using 9 workers of 9 for evacuation
[11.028s][debug][gc,age         ] GC(197) Desired survivor size 16777216 bytes, new threshold 15 (max threshold 15)
[11.028s][info ][gc,phases      ] GC(197)   Pre Evacuate Collection Set: 0.07ms
[11.028s][info ][gc,phases      ] GC(197)   Merge Heap Roots: 0.06ms
[11.028s][info ][gc,phases      ] GC(197)   Evacuate Collection Set: 0.13ms
[11.028s][info ][gc,phases      ] GC(197)   Post Evacuate Collection Set: 0.15ms
[11.028s][info ][gc,phases      ] GC(197)   Other: 0.05ms
[11.028s][trace][gc,age         ] GC(197) Age table:
[11.028s][trace][gc,age         ] GC(197) - age   1:     400208 bytes,     400208 total
[11.028s][info ][gc,heap        ] GC(197) Eden regions: 253->0(253)
[11.028s][info ][gc,heap        ] GC(197) Survivor regions: 1->1(32)
[11.028s][info ][gc,heap        ] GC(197) Old regions: 11->11
[11.028s][info ][gc,heap        ] GC(197) Humongous regions: 0->0
[11.028s][info ][gc,metaspace   ] GC(197) Metaspace: 10101K(10368K)->10101K(10368K) NonClass: 9142K(9344K)->9142K(9344K) Class: 958K(1024K)->958K(1024K)
[11.028s][info ][gc             ] GC(197) Pause Young (Normal) (G1 Evacuation Pause) 257M->4M(424M) 0.556ms
[11.028s][info ][gc,cpu         ] GC(197) User=0.00s Sys=0.00s Real=0.00s
[11.044s][info ][gc,start       ] GC(198) Pause Young (Normal) (G1 Evacuation Pause)
[11.044s][info ][gc,task        ] GC(198) Using 9 workers of 9 for evacuation
[11.044s][debug][gc,age         ] GC(198) Desired survivor size 16777216 bytes, new threshold 15 (max threshold 15)
[11.045s][info ][gc,phases      ] GC(198)   Pre Evacuate Collection Set: 0.07ms
[11.045s][info ][gc,phases      ] GC(198)   Merge Heap Roots: 0.07ms
[11.045s][info ][gc,phases      ] GC(198)   Evacuate Collection Set: 0.07ms
[11.045s][info ][gc,phases      ] GC(198)   Post Evacuate Collection Set: 0.17ms
[11.045s][info ][gc,phases      ] GC(198)   Other: 0.07ms
[11.045s][trace][gc,age         ] GC(198) Age table:
[11.045s][trace][gc,age         ] GC(198) - age   1:     400208 bytes,     400208 total
[11.045s][info ][gc,heap        ] GC(198) Eden regions: 253->0(253)
[11.045s][info ][gc,heap        ] GC(198) Survivor regions: 1->1(32)
[11.045s][info ][gc,heap        ] GC(198) Old regions: 11->11
[11.045s][info ][gc,heap        ] GC(198) Humongous regions: 0->0
[11.045s][info ][gc,metaspace   ] GC(198) Metaspace: 10101K(10368K)->10101K(10368K) NonClass: 9142K(9344K)->9142K(9344K) Class: 958K(1024K)->958K(1024K)
[11.045s][info ][gc             ] GC(198) Pause Young (Normal) (G1 Evacuation Pause) 257M->4M(424M) 0.546ms
[11.045s][info ][gc,cpu         ] GC(198) User=0.00s Sys=0.00s Real=0.00s
[11.061s][info ][gc,start       ] GC(199) Pause Young (Normal) (G1 Evacuation Pause)
[11.061s][info ][gc,task        ] GC(199) Using 9 workers of 9 for evacuation
[11.061s][debug][gc,age         ] GC(199) Desired survivor size 16777216 bytes, new threshold 15 (max threshold 15)
[11.061s][info ][gc,phases      ] GC(199)   Pre Evacuate Collection Set: 0.08ms
[11.061s][info ][gc,phases      ] GC(199)   Merge Heap Roots: 0.06ms
[11.061s][info ][gc,phases      ] GC(199)   Evacuate Collection Set: 0.11ms
[11.061s][info ][gc,phases      ] GC(199)   Post Evacuate Collection Set: 0.21ms
[11.061s][info ][gc,phases      ] GC(199)   Other: 0.05ms
[11.061s][trace][gc,age         ] GC(199) Age table:
[11.061s][trace][gc,age         ] GC(199) - age   1:     400208 bytes,     400208 total
[11.061s][info ][gc,heap        ] GC(199) Eden regions: 253->0(253)
[11.061s][info ][gc,heap        ] GC(199) Survivor regions: 1->1(32)
[11.061s][info ][gc,heap        ] GC(199) Old regions: 11->11
[11.061s][info ][gc,heap        ] GC(199) Humongous regions: 0->0
[11.061s][info ][gc,metaspace   ] GC(199) Metaspace: 10101K(10368K)->10101K(10368K) NonClass: 9142K(9344K)->9142K(9344K) Class: 958K(1024K)->958K(1024K)
[11.061s][info ][gc             ] GC(199) Pause Young (Normal) (G1 Evacuation Pause) 257M->4M(424M) 0.595ms
[11.061s][info ][gc,cpu         ] GC(199) User=0.00s Sys=0.00s Real=0.00s
[11.077s][info ][gc,start       ] GC(200) Pause Young (Normal) (G1 Evacuation Pause)
[11.077s][info ][gc,task        ] GC(200) Using 9 workers of 9 for evacuation
[11.077s][debug][gc,age         ] GC(200) Desired survivor size 16777216 bytes, new threshold 15 (max threshold 15)
[11.078s][info ][gc,phases      ] GC(200)   Pre Evacuate Collection Set: 0.06ms
[11.078s][info ][gc,phases      ] GC(200)   Merge Heap Roots: 0.08ms
[11.078s][info ][gc,phases      ] GC(200)   Evacuate Collection Set: 0.09ms
[11.078s][info ][gc,phases      ] GC(200)   Post Evacuate Collection Set: 0.19ms
[11.078s][info ][gc,phases      ] GC(200)   Other: 0.07ms
[11.078s][trace][gc,age         ] GC(200) Age table:
[11.078s][trace][gc,age         ] GC(200) - age   1:     400208 bytes,     400208 total
[11.078s][info ][gc,heap        ] GC(200) Eden regions: 253->0(253)
[11.078s][info ][gc,heap        ] GC(200) Survivor regions: 1->1(32)
[11.078s][info ][gc,heap        ] GC(200) Old regions: 11->11
[11.078s][info ][gc,heap        ] GC(200) Humongous regions: 0->0
[11.078s][info ][gc,metaspace   ] GC(200) Metaspace: 10101K(10368K)->10101K(10368K) NonClass: 9142K(9344K)->9142K(9344K) Class: 958K(1024K)->958K(1024K)
[11.078s][info ][gc             ] GC(200) Pause Young (Normal) (G1 Evacuation Pause) 257M->4M(424M) 0.584ms
[11.078s][info ][gc,cpu         ] GC(200) User=0.00s Sys=0.00s Real=0.00s
[11.094s][info ][gc,start       ] GC(201) Pause Young (Normal) (G1 Evacuation Pause)
[11.094s][info ][gc,task        ] GC(201) Using 9 workers of 9 for evacuation
[11.094s][debug][gc,age         ] GC(201) Desired survivor size 16777216 bytes, new threshold 15 (max threshold 15)
[11.094s][info ][gc,phases      ] GC(201)   Pre Evacuate Collection Set: 0.12ms
[11.094s][info ][gc,phases      ] GC(201)   Merge Heap Roots: 0.10ms
[11.094s][info ][gc,phases      ] GC(201)   Evacuate Collection Set: 0.09ms
[11.094s][info ][gc,phases      ] GC(201)   Post Evacuate Collection Set: 0.17ms
[11.094s][info ][gc,phases      ] GC(201)   Other: 0.06ms
[11.094s][trace][gc,age         ] GC(201) Age table:
[11.094s][trace][gc,age         ] GC(201) - age   1:     400208 bytes,     400208 total
[11.094s][info ][gc,heap        ] GC(201) Eden regions: 253->0(253)
[11.094s][info ][gc,heap        ] GC(201) Survivor regions: 1->1(32)
[11.094s][info ][gc,heap        ] GC(201) Old regions: 11->11
[11.094s][info ][gc,heap        ] GC(201) Humongous regions: 0->0
[11.094s][info ][gc,metaspace   ] GC(201) Metaspace: 10101K(10368K)->10101K(10368K) NonClass: 9142K(9344K)->9142K(9344K) Class: 958K(1024K)->958K(1024K)
[11.094s][info ][gc             ] GC(201) Pause Young (Normal) (G1 Evacuation Pause) 257M->4M(424M) 0.631ms
[11.094s][info ][gc,cpu         ] GC(201) User=0.00s Sys=0.01s Real=0.00s
[11.110s][info ][gc,start       ] GC(202) Pause Young (Normal) (G1 Evacuation Pause)
[11.110s][info ][gc,task        ] GC(202) Using 9 workers of 9 for evacuation
[11.110s][debug][gc,age         ] GC(202) Desired survivor size 16777216 bytes, new threshold 15 (max threshold 15)
[11.111s][info ][gc,phases      ] GC(202)   Pre Evacuate Collection Set: 0.06ms
[11.111s][info ][gc,phases      ] GC(202)   Merge Heap Roots: 0.07ms
[11.111s][info ][gc,phases      ] GC(202)   Evacuate Collection Set: 0.12ms
[11.111s][info ][gc,phases      ] GC(202)   Post Evacuate Collection Set: 0.18ms
[11.111s][info ][gc,phases      ] GC(202)   Other: 0.06ms
[11.111s][trace][gc,age         ] GC(202) Age table:
[11.111s][trace][gc,age         ] GC(202) - age   1:     400208 bytes,     400208 total
[11.111s][info ][gc,heap        ] GC(202) Eden regions: 253->0(253)
[11.111s][info ][gc,heap        ] GC(202) Survivor regions: 1->1(32)
[11.111s][info ][gc,heap        ] GC(202) Old regions: 11->11
[11.111s][info ][gc,heap        ] GC(202) Humongous regions: 0->0
[11.111s][info ][gc,metaspace   ] GC(202) Metaspace: 10101K(10368K)->10101K(10368K) NonClass: 9142K(9344K)->9142K(9344K) Class: 958K(1024K)->958K(1024K)
[11.111s][info ][gc             ] GC(202) Pause Young (Normal) (G1 Evacuation Pause) 257M->4M(424M) 0.581ms
[11.111s][info ][gc,cpu         ] GC(202) User=0.00s Sys=0.00s Real=0.00s
[11.126s][info ][gc,start       ] GC(203) Pause Young (Normal) (G1 Evacuation Pause)
[11.127s][info ][gc,task        ] GC(203) Using 9 workers of 9 for evacuation
[11.127s][debug][gc,age         ] GC(203) Desired survivor size 16777216 bytes, new threshold 15 (max threshold 15)
[11.127s][info ][gc,phases      ] GC(203)   Pre Evacuate Collection Set: 0.07ms
[11.127s][info ][gc,phases      ] GC(203)   Merge Heap Roots: 0.06ms
[11.127s][info ][gc,phases      ] GC(203)   Evacuate Collection Set: 0.12ms
[11.127s][info ][gc,phases      ] GC(203)   Post Evacuate Collection Set: 0.16ms
[11.127s][info ][gc,phases      ] GC(203)   Other: 0.05ms
[11.127s][trace][gc,age         ] GC(203) Age table:
[11.127s][trace][gc,age         ] GC(203) - age   1:     400208 bytes,     400208 total
[11.127s][info ][gc,heap        ] GC(203) Eden regions: 253->0(253)
[11.127s][info ][gc,heap        ] GC(203) Survivor regions: 1->1(32)
[11.127s][info ][gc,heap        ] GC(203) Old regions: 11->11
[11.127s][info ][gc,heap        ] GC(203) Humongous regions: 0->0
[11.127s][info ][gc,metaspace   ] GC(203) Metaspace: 10101K(10368K)->10101K(10368K) NonClass: 9142K(9344K)->9142K(9344K) Class: 958K(1024K)->958K(1024K)
[11.127s][info ][gc             ] GC(203) Pause Young (Normal) (G1 Evacuation Pause) 257M->4M(424M) 0.547ms
[11.127s][info ][gc,cpu         ] GC(203) User=0.00s Sys=0.00s Real=0.00s
[11.143s][info ][gc,start       ] GC(204) Pause Young (Normal) (G1 Evacuation Pause)
[11.143s][info ][gc,task        ] GC(204) Using 9 workers of 9 for evacuation
[11.143s][debug][gc,age         ] GC(204) Desired survivor size 16777216 bytes, new threshold 15 (max threshold 15)
[11.144s][info ][gc,phases      ] GC(204)   Pre Evacuate Collection Set: 0.08ms
[11.144s][info ][gc,phases      ] GC(204)   Merge Heap Roots: 0.07ms
[11.144s][info ][gc,phases      ] GC(204)   Evacuate Collection Set: 0.08ms
[11.144s][info ][gc,phases      ] GC(204)   Post Evacuate Collection Set: 0.16ms
[11.144s][info ][gc,phases      ] GC(204)   Other: 0.05ms
[11.144s][trace][gc,age         ] GC(204) Age table:
[11.144s][trace][gc,age         ] GC(204) - age   1:     400208 bytes,     400208 total
[11.144s][info ][gc,heap        ] GC(204) Eden regions: 253->0(253)
[11.144s][info ][gc,heap        ] GC(204) Survivor regions: 1->1(32)
[11.144s][info ][gc,heap        ] GC(204) Old regions: 11->11
[11.144s][info ][gc,heap        ] GC(204) Humongous regions: 0->0
[11.144s][info ][gc,metaspace   ] GC(204) Metaspace: 10101K(10368K)->10101K(10368K) NonClass: 9142K(9344K)->9142K(9344K) Class: 958K(1024K)->958K(1024K)
[11.144s][info ][gc             ] GC(204) Pause Young (Normal) (G1 Evacuation Pause) 257M->4M(424M) 0.539ms
[11.144s][info ][gc,cpu         ] GC(204) User=0.00s Sys=0.00s Real=0.00s
[11.160s][info ][gc,start       ] GC(205) Pause Young (Normal) (G1 Evacuation Pause)
[11.160s][info ][gc,task        ] GC(205) Using 9 workers of 9 for evacuation
[11.160s][debug][gc,age         ] GC(205) Desired survivor size 16777216 bytes, new threshold 15 (max threshold 15)
[11.160s][info ][gc,phases      ] GC(205)   Pre Evacuate Collection Set: 0.06ms
[11.160s][info ][gc,phases      ] GC(205)   Merge Heap Roots: 0.10ms
[11.160s][info ][gc,phases      ] GC(205)   Evacuate Collection Set: 0.07ms
[11.160s][info ][gc,phases      ] GC(205)   Post Evacuate Collection Set: 0.18ms
[11.160s][info ][gc,phases      ] GC(205)   Other: 0.04ms
[11.160s][trace][gc,age         ] GC(205) Age table:
[11.160s][trace][gc,age         ] GC(205) - age   1:     400208 bytes,     400208 total
[11.160s][info ][gc,heap        ] GC(205) Eden regions: 253->0(253)
[11.160s][info ][gc,heap        ] GC(205) Survivor regions: 1->1(32)
[11.160s][info ][gc,heap        ] GC(205) Old regions: 11->11
[11.160s][info ][gc,heap        ] GC(205) Humongous regions: 0->0
[11.160s][info ][gc,metaspace   ] GC(205) Metaspace: 10101K(10368K)->10101K(10368K) NonClass: 9142K(9344K)->9142K(9344K) Class: 958K(1024K)->958K(1024K)
[11.160s][info ][gc             ] GC(205) Pause Young (Normal) (G1 Evacuation Pause) 257M->4M(424M) 0.538ms
[11.160s][info ][gc,cpu         ] GC(205) User=0.00s Sys=0.00s Real=0.00s
[11.176s][info ][gc,start       ] GC(206) Pause Young (Normal) (G1 Evacuation Pause)
[11.176s][info ][gc,task        ] GC(206) Using 9 workers of 9 for evacuation
[11.176s][debug][gc,age         ] GC(206) Desired survivor size 16777216 bytes, new threshold 15 (max threshold 15)
[11.176s][info ][gc,phases      ] GC(206)   Pre Evacuate Collection Set: 0.06ms
[11.176s][info ][gc,phases      ] GC(206)   Merge Heap Roots: 0.07ms
[11.176s][info ][gc,phases      ] GC(206)   Evacuate Collection Set: 0.09ms
[11.176s][info ][gc,phases      ] GC(206)   Post Evacuate Collection Set: 0.16ms
[11.176s][info ][gc,phases      ] GC(206)   Other: 0.06ms
[11.176s][trace][gc,age         ] GC(206) Age table:
[11.176s][trace][gc,age         ] GC(206) - age   1:     400208 bytes,     400208 total
[11.176s][info ][gc,heap        ] GC(206) Eden regions: 253->0(253)
[11.176s][info ][gc,heap        ] GC(206) Survivor regions: 1->1(32)
[11.176s][info ][gc,heap        ] GC(206) Old regions: 11->11
[11.176s][info ][gc,heap        ] GC(206) Humongous regions: 0->0
[11.176s][info ][gc,metaspace   ] GC(206) Metaspace: 10101K(10368K)->10101K(10368K) NonClass: 9142K(9344K)->9142K(9344K) Class: 958K(1024K)->958K(1024K)
[11.176s][info ][gc             ] GC(206) Pause Young (Normal) (G1 Evacuation Pause) 257M->4M(424M) 0.538ms
[11.176s][info ][gc,cpu         ] GC(206) User=0.00s Sys=0.00s Real=0.00s
[11.192s][info ][gc,start       ] GC(207) Pause Young (Normal) (G1 Evacuation Pause)
[11.192s][info ][gc,task        ] GC(207) Using 9 workers of 9 for evacuation
[11.192s][debug][gc,age         ] GC(207) Desired survivor size 16777216 bytes, new threshold 15 (max threshold 15)
[11.192s][info ][gc,phases      ] GC(207)   Pre Evacuate Collection Set: 0.07ms
[11.192s][info ][gc,phases      ] GC(207)   Merge Heap Roots: 0.07ms
[11.192s][info ][gc,phases      ] GC(207)   Evacuate Collection Set: 0.09ms
[11.192s][info ][gc,phases      ] GC(207)   Post Evacuate Collection Set: 0.20ms
[11.192s][info ][gc,phases      ] GC(207)   Other: 0.06ms
[11.192s][trace][gc,age         ] GC(207) Age table:
[11.192s][trace][gc,age         ] GC(207) - age   1:     400208 bytes,     400208 total
[11.192s][info ][gc,heap        ] GC(207) Eden regions: 253->0(253)
[11.192s][info ][gc,heap        ] GC(207) Survivor regions: 1->1(32)
[11.192s][info ][gc,heap        ] GC(207) Old regions: 11->11
[11.192s][info ][gc,heap        ] GC(207) Humongous regions: 0->0
[11.192s][info ][gc,metaspace   ] GC(207) Metaspace: 10101K(10368K)->10101K(10368K) NonClass: 9142K(9344K)->9142K(9344K) Class: 958K(1024K)->958K(1024K)
[11.193s][info ][gc             ] GC(207) Pause Young (Normal) (G1 Evacuation Pause) 257M->4M(424M) 0.580ms
[11.193s][info ][gc,cpu         ] GC(207) User=0.00s Sys=0.00s Real=0.00s
[11.208s][info ][gc,start       ] GC(208) Pause Young (Normal) (G1 Evacuation Pause)
[11.208s][info ][gc,task        ] GC(208) Using 9 workers of 9 for evacuation
[11.208s][debug][gc,age         ] GC(208) Desired survivor size 16777216 bytes, new threshold 15 (max threshold 15)
[11.209s][info ][gc,phases      ] GC(208)   Pre Evacuate Collection Set: 0.08ms
[11.209s][info ][gc,phases      ] GC(208)   Merge Heap Roots: 0.07ms
[11.209s][info ][gc,phases      ] GC(208)   Evacuate Collection Set: 0.09ms
[11.209s][info ][gc,phases      ] GC(208)   Post Evacuate Collection Set: 0.16ms
[11.209s][info ][gc,phases      ] GC(208)   Other: 0.05ms
[11.209s][trace][gc,age         ] GC(208) Age table:
[11.209s][trace][gc,age         ] GC(208) - age   1:     400208 bytes,     400208 total
[11.209s][info ][gc,heap        ] GC(208) Eden regions: 253->0(253)
[11.209s][info ][gc,heap        ] GC(208) Survivor regions: 1->1(32)
[11.209s][info ][gc,heap        ] GC(208) Old regions: 11->11
[11.209s][info ][gc,heap        ] GC(208) Humongous regions: 0->0
[11.209s][info ][gc,metaspace   ] GC(208) Metaspace: 10101K(10368K)->10101K(10368K) NonClass: 9142K(9344K)->9142K(9344K) Class: 958K(1024K)->958K(1024K)
[11.209s][info ][gc             ] GC(208) Pause Young (Normal) (G1 Evacuation Pause) 257M->4M(424M) 0.548ms
[11.209s][info ][gc,cpu         ] GC(208) User=0.00s Sys=0.00s Real=0.00s
[11.225s][info ][gc,start       ] GC(209) Pause Young (Normal) (G1 Evacuation Pause)
[11.225s][info ][gc,task        ] GC(209) Using 9 workers of 9 for evacuation
[11.225s][debug][gc,age         ] GC(209) Desired survivor size 16777216 bytes, new threshold 15 (max threshold 15)
[11.225s][info ][gc,phases      ] GC(209)   Pre Evacuate Collection Set: 0.05ms
[11.225s][info ][gc,phases      ] GC(209)   Merge Heap Roots: 0.11ms
[11.225s][info ][gc,phases      ] GC(209)   Evacuate Collection Set: 0.09ms
[11.225s][info ][gc,phases      ] GC(209)   Post Evacuate Collection Set: 0.18ms
[11.225s][info ][gc,phases      ] GC(209)   Other: 0.05ms
[11.225s][trace][gc,age         ] GC(209) Age table:
[11.225s][trace][gc,age         ] GC(209) - age   1:     400208 bytes,     400208 total
[11.225s][info ][gc,heap        ] GC(209) Eden regions: 253->0(253)
[11.225s][info ][gc,heap        ] GC(209) Survivor regions: 1->1(32)
[11.225s][info ][gc,heap        ] GC(209) Old regions: 11->11
[11.225s][info ][gc,heap        ] GC(209) Humongous regions: 0->0
[11.225s][info ][gc,metaspace   ] GC(209) Metaspace: 10101K(10368K)->10101K(10368K) NonClass: 9142K(9344K)->9142K(9344K) Class: 958K(1024K)->958K(1024K)
[11.225s][info ][gc             ] GC(209) Pause Young (Normal) (G1 Evacuation Pause) 257M->4M(424M) 0.575ms
[11.226s][info ][gc,cpu         ] GC(209) User=0.00s Sys=0.01s Real=0.01s
[11.242s][info ][gc,start       ] GC(210) Pause Young (Normal) (G1 Evacuation Pause)
[11.242s][info ][gc,task        ] GC(210) Using 9 workers of 9 for evacuation
[11.242s][debug][gc,age         ] GC(210) Desired survivor size 16777216 bytes, new threshold 15 (max threshold 15)
[11.242s][info ][gc,phases      ] GC(210)   Pre Evacuate Collection Set: 0.07ms
[11.242s][info ][gc,phases      ] GC(210)   Merge Heap Roots: 0.06ms
[11.242s][info ][gc,phases      ] GC(210)   Evacuate Collection Set: 0.11ms
[11.242s][info ][gc,phases      ] GC(210)   Post Evacuate Collection Set: 0.17ms
[11.242s][info ][gc,phases      ] GC(210)   Other: 0.05ms
[11.242s][trace][gc,age         ] GC(210) Age table:
[11.242s][trace][gc,age         ] GC(210) - age   1:     400208 bytes,     400208 total
[11.242s][info ][gc,heap        ] GC(210) Eden regions: 253->0(253)
[11.242s][info ][gc,heap        ] GC(210) Survivor regions: 1->1(32)
[11.242s][info ][gc,heap        ] GC(210) Old regions: 11->11
[11.242s][info ][gc,heap        ] GC(210) Humongous regions: 0->0
[11.242s][info ][gc,metaspace   ] GC(210) Metaspace: 10101K(10368K)->10101K(10368K) NonClass: 9142K(9344K)->9142K(9344K) Class: 958K(1024K)->958K(1024K)
[11.242s][info ][gc             ] GC(210) Pause Young (Normal) (G1 Evacuation Pause) 257M->4M(424M) 0.558ms
[11.242s][info ][gc,cpu         ] GC(210) User=0.00s Sys=0.00s Real=0.00s
[11.258s][info ][gc,start       ] GC(211) Pause Young (Normal) (G1 Evacuation Pause)
[11.258s][info ][gc,task        ] GC(211) Using 9 workers of 9 for evacuation
[11.258s][debug][gc,age         ] GC(211) Desired survivor size 16777216 bytes, new threshold 15 (max threshold 15)
[11.258s][info ][gc,phases      ] GC(211)   Pre Evacuate Collection Set: 0.06ms
[11.258s][info ][gc,phases      ] GC(211)   Merge Heap Roots: 0.06ms
[11.258s][info ][gc,phases      ] GC(211)   Evacuate Collection Set: 0.13ms
[11.258s][info ][gc,phases      ] GC(211)   Post Evacuate Collection Set: 0.18ms
[11.258s][info ][gc,phases      ] GC(211)   Other: 0.05ms
[11.258s][trace][gc,age         ] GC(211) Age table:
[11.258s][trace][gc,age         ] GC(211) - age   1:     400208 bytes,     400208 total
[11.258s][info ][gc,heap        ] GC(211) Eden regions: 253->0(253)
[11.258s][info ][gc,heap        ] GC(211) Survivor regions: 1->1(32)
[11.258s][info ][gc,heap        ] GC(211) Old regions: 11->11
[11.258s][info ][gc,heap        ] GC(211) Humongous regions: 0->0
[11.258s][info ][gc,metaspace   ] GC(211) Metaspace: 10101K(10368K)->10101K(10368K) NonClass: 9142K(9344K)->9142K(9344K) Class: 958K(1024K)->958K(1024K)
[11.258s][info ][gc             ] GC(211) Pause Young (Normal) (G1 Evacuation Pause) 257M->4M(424M) 0.578ms
[11.258s][info ][gc,cpu         ] GC(211) User=0.00s Sys=0.00s Real=0.00s
[11.274s][info ][gc,start       ] GC(212) Pause Young (Normal) (G1 Evacuation Pause)
[11.274s][info ][gc,task        ] GC(212) Using 9 workers of 9 for evacuation
[11.274s][debug][gc,age         ] GC(212) Desired survivor size 16777216 bytes, new threshold 15 (max threshold 15)
[11.275s][info ][gc,phases      ] GC(212)   Pre Evacuate Collection Set: 0.09ms
[11.275s][info ][gc,phases      ] GC(212)   Merge Heap Roots: 0.08ms
[11.275s][info ][gc,phases      ] GC(212)   Evacuate Collection Set: 0.09ms
[11.275s][info ][gc,phases      ] GC(212)   Post Evacuate Collection Set: 0.18ms
[11.275s][info ][gc,phases      ] GC(212)   Other: 0.05ms
[11.275s][trace][gc,age         ] GC(212) Age table:
[11.275s][trace][gc,age         ] GC(212) - age   1:     400208 bytes,     400208 total
[11.275s][info ][gc,heap        ] GC(212) Eden regions: 253->0(253)
[11.275s][info ][gc,heap        ] GC(212) Survivor regions: 1->1(32)
[11.275s][info ][gc,heap        ] GC(212) Old regions: 11->11
[11.275s][info ][gc,heap        ] GC(212) Humongous regions: 0->0
[11.275s][info ][gc,metaspace   ] GC(212) Metaspace: 10101K(10368K)->10101K(10368K) NonClass: 9142K(9344K)->9142K(9344K) Class: 958K(1024K)->958K(1024K)
[11.275s][info ][gc             ] GC(212) Pause Young (Normal) (G1 Evacuation Pause) 257M->4M(424M) 0.573ms
[11.275s][info ][gc,cpu         ] GC(212) User=0.00s Sys=0.00s Real=0.00s
[11.290s][info ][gc,start       ] GC(213) Pause Young (Normal) (G1 Evacuation Pause)
[11.290s][info ][gc,task        ] GC(213) Using 9 workers of 9 for evacuation
[11.290s][debug][gc,age         ] GC(213) Desired survivor size 16777216 bytes, new threshold 15 (max threshold 15)
[11.291s][info ][gc,phases      ] GC(213)   Pre Evacuate Collection Set: 0.08ms
[11.291s][info ][gc,phases      ] GC(213)   Merge Heap Roots: 0.08ms
[11.291s][info ][gc,phases      ] GC(213)   Evacuate Collection Set: 0.10ms
[11.291s][info ][gc,phases      ] GC(213)   Post Evacuate Collection Set: 0.17ms
[11.291s][info ][gc,phases      ] GC(213)   Other: 0.04ms
[11.291s][trace][gc,age         ] GC(213) Age table:
[11.291s][trace][gc,age         ] GC(213) - age   1:     400208 bytes,     400208 total
[11.291s][info ][gc,heap        ] GC(213) Eden regions: 253->0(253)
[11.291s][info ][gc,heap        ] GC(213) Survivor regions: 1->1(32)
[11.291s][info ][gc,heap        ] GC(213) Old regions: 11->11
[11.291s][info ][gc,heap        ] GC(213) Humongous regions: 0->0
[11.291s][info ][gc,metaspace   ] GC(213) Metaspace: 10101K(10368K)->10101K(10368K) NonClass: 9142K(9344K)->9142K(9344K) Class: 958K(1024K)->958K(1024K)
[11.291s][info ][gc             ] GC(213) Pause Young (Normal) (G1 Evacuation Pause) 257M->4M(424M) 0.550ms
[11.291s][info ][gc,cpu         ] GC(213) User=0.00s Sys=0.00s Real=0.00s
[11.307s][info ][gc,start       ] GC(214) Pause Young (Normal) (G1 Evacuation Pause)
[11.307s][info ][gc,task        ] GC(214) Using 9 workers of 9 for evacuation
[11.307s][debug][gc,age         ] GC(214) Desired survivor size 16777216 bytes, new threshold 15 (max threshold 15)
[11.307s][info ][gc,phases      ] GC(214)   Pre Evacuate Collection Set: 0.07ms
[11.307s][info ][gc,phases      ] GC(214)   Merge Heap Roots: 0.06ms
[11.307s][info ][gc,phases      ] GC(214)   Evacuate Collection Set: 0.11ms
[11.307s][info ][gc,phases      ] GC(214)   Post Evacuate Collection Set: 0.18ms
[11.307s][info ][gc,phases      ] GC(214)   Other: 0.06ms
[11.307s][trace][gc,age         ] GC(214) Age table:
[11.307s][trace][gc,age         ] GC(214) - age   1:     400208 bytes,     400208 total
[11.307s][info ][gc,heap        ] GC(214) Eden regions: 253->0(253)
[11.307s][info ][gc,heap        ] GC(214) Survivor regions: 1->1(32)
[11.307s][info ][gc,heap        ] GC(214) Old regions: 11->11
[11.307s][info ][gc,heap        ] GC(214) Humongous regions: 0->0
[11.307s][info ][gc,metaspace   ] GC(214) Metaspace: 10101K(10368K)->10101K(10368K) NonClass: 9142K(9344K)->9142K(9344K) Class: 958K(1024K)->958K(1024K)
[11.308s][info ][gc             ] GC(214) Pause Young (Normal) (G1 Evacuation Pause) 257M->4M(424M) 0.568ms
[11.308s][info ][gc,cpu         ] GC(214) User=0.00s Sys=0.00s Real=0.00s
[11.324s][info ][gc,start       ] GC(215) Pause Young (Normal) (G1 Evacuation Pause)
[11.324s][info ][gc,task        ] GC(215) Using 9 workers of 9 for evacuation
[11.324s][debug][gc,age         ] GC(215) Desired survivor size 16777216 bytes, new threshold 15 (max threshold 15)
[11.324s][info ][gc,phases      ] GC(215)   Pre Evacuate Collection Set: 0.06ms
[11.324s][info ][gc,phases      ] GC(215)   Merge Heap Roots: 0.07ms
[11.324s][info ][gc,phases      ] GC(215)   Evacuate Collection Set: 0.09ms
[11.324s][info ][gc,phases      ] GC(215)   Post Evacuate Collection Set: 0.17ms
[11.324s][info ][gc,phases      ] GC(215)   Other: 0.05ms
[11.324s][trace][gc,age         ] GC(215) Age table:
[11.324s][trace][gc,age         ] GC(215) - age   1:     400208 bytes,     400208 total
[11.324s][info ][gc,heap        ] GC(215) Eden regions: 253->0(253)
[11.324s][info ][gc,heap        ] GC(215) Survivor regions: 1->1(32)
[11.324s][info ][gc,heap        ] GC(215) Old regions: 11->11
[11.324s][info ][gc,heap        ] GC(215) Humongous regions: 0->0
[11.324s][info ][gc,metaspace   ] GC(215) Metaspace: 10101K(10368K)->10101K(10368K) NonClass: 9142K(9344K)->9142K(9344K) Class: 958K(1024K)->958K(1024K)
[11.324s][info ][gc             ] GC(215) Pause Young (Normal) (G1 Evacuation Pause) 257M->4M(424M) 0.531ms
[11.324s][info ][gc,cpu         ] GC(215) User=0.00s Sys=0.00s Real=0.00s
[11.340s][info ][gc,start       ] GC(216) Pause Young (Normal) (G1 Evacuation Pause)
[11.340s][info ][gc,task        ] GC(216) Using 9 workers of 9 for evacuation
[11.340s][debug][gc,age         ] GC(216) Desired survivor size 16777216 bytes, new threshold 15 (max threshold 15)
[11.340s][info ][gc,phases      ] GC(216)   Pre Evacuate Collection Set: 0.10ms
[11.340s][info ][gc,phases      ] GC(216)   Merge Heap Roots: 0.08ms
[11.340s][info ][gc,phases      ] GC(216)   Evacuate Collection Set: 0.11ms
[11.340s][info ][gc,phases      ] GC(216)   Post Evacuate Collection Set: 0.21ms
[11.340s][info ][gc,phases      ] GC(216)   Other: 0.06ms
[11.340s][trace][gc,age         ] GC(216) Age table:
[11.340s][trace][gc,age         ] GC(216) - age   1:     400208 bytes,     400208 total
[11.340s][info ][gc,heap        ] GC(216) Eden regions: 253->0(253)
[11.340s][info ][gc,heap        ] GC(216) Survivor regions: 1->1(32)
[11.340s][info ][gc,heap        ] GC(216) Old regions: 11->11
[11.340s][info ][gc,heap        ] GC(216) Humongous regions: 0->0
[11.340s][info ][gc,metaspace   ] GC(216) Metaspace: 10101K(10368K)->10101K(10368K) NonClass: 9142K(9344K)->9142K(9344K) Class: 958K(1024K)->958K(1024K)
[11.340s][info ][gc             ] GC(216) Pause Young (Normal) (G1 Evacuation Pause) 257M->4M(424M) 0.642ms
[11.340s][info ][gc,cpu         ] GC(216) User=0.01s Sys=0.00s Real=0.00s
[11.356s][info ][gc,start       ] GC(217) Pause Young (Normal) (G1 Evacuation Pause)
[11.356s][info ][gc,task        ] GC(217) Using 9 workers of 9 for evacuation
[11.356s][debug][gc,age         ] GC(217) Desired survivor size 16777216 bytes, new threshold 15 (max threshold 15)
[11.356s][info ][gc,phases      ] GC(217)   Pre Evacuate Collection Set: 0.10ms
[11.356s][info ][gc,phases      ] GC(217)   Merge Heap Roots: 0.07ms
[11.356s][info ][gc,phases      ] GC(217)   Evacuate Collection Set: 0.10ms
[11.356s][info ][gc,phases      ] GC(217)   Post Evacuate Collection Set: 0.18ms
[11.356s][info ][gc,phases      ] GC(217)   Other: 0.07ms
[11.356s][trace][gc,age         ] GC(217) Age table:
[11.356s][trace][gc,age         ] GC(217) - age   1:     400208 bytes,     400208 total
[11.356s][info ][gc,heap        ] GC(217) Eden regions: 253->0(253)
[11.356s][info ][gc,heap        ] GC(217) Survivor regions: 1->1(32)
[11.356s][info ][gc,heap        ] GC(217) Old regions: 11->11
[11.356s][info ][gc,heap        ] GC(217) Humongous regions: 0->0
[11.356s][info ][gc,metaspace   ] GC(217) Metaspace: 10101K(10368K)->10101K(10368K) NonClass: 9142K(9344K)->9142K(9344K) Class: 958K(1024K)->958K(1024K)
[11.356s][info ][gc             ] GC(217) Pause Young (Normal) (G1 Evacuation Pause) 257M->4M(424M) 0.646ms
[11.356s][info ][gc,cpu         ] GC(217) User=0.00s Sys=0.00s Real=0.00s
[11.372s][info ][gc,start       ] GC(218) Pause Young (Normal) (G1 Evacuation Pause)
[11.372s][info ][gc,task        ] GC(218) Using 9 workers of 9 for evacuation
[11.372s][debug][gc,age         ] GC(218) Desired survivor size 16777216 bytes, new threshold 15 (max threshold 15)
[11.373s][info ][gc,phases      ] GC(218)   Pre Evacuate Collection Set: 0.08ms
[11.373s][info ][gc,phases      ] GC(218)   Merge Heap Roots: 0.06ms
[11.373s][info ][gc,phases      ] GC(218)   Evacuate Collection Set: 0.10ms
[11.373s][info ][gc,phases      ] GC(218)   Post Evacuate Collection Set: 0.16ms
[11.373s][info ][gc,phases      ] GC(218)   Other: 0.05ms
[11.373s][trace][gc,age         ] GC(218) Age table:
[11.373s][trace][gc,age         ] GC(218) - age   1:     400208 bytes,     400208 total
[11.373s][info ][gc,heap        ] GC(218) Eden regions: 253->0(253)
[11.373s][info ][gc,heap        ] GC(218) Survivor regions: 1->1(32)
[11.373s][info ][gc,heap        ] GC(218) Old regions: 11->11
[11.373s][info ][gc,heap        ] GC(218) Humongous regions: 0->0
[11.373s][info ][gc,metaspace   ] GC(218) Metaspace: 10101K(10368K)->10101K(10368K) NonClass: 9142K(9344K)->9142K(9344K) Class: 958K(1024K)->958K(1024K)
[11.373s][info ][gc             ] GC(218) Pause Young (Normal) (G1 Evacuation Pause) 257M->4M(424M) 0.550ms
[11.373s][info ][gc,cpu         ] GC(218) User=0.00s Sys=0.00s Real=0.00s
[11.389s][info ][gc,start       ] GC(219) Pause Young (Normal) (G1 Evacuation Pause)
[11.389s][info ][gc,task        ] GC(219) Using 9 workers of 9 for evacuation
[11.389s][debug][gc,age         ] GC(219) Desired survivor size 16777216 bytes, new threshold 15 (max threshold 15)
[11.389s][info ][gc,phases      ] GC(219)   Pre Evacuate Collection Set: 0.09ms
[11.389s][info ][gc,phases      ] GC(219)   Merge Heap Roots: 0.09ms
[11.389s][info ][gc,phases      ] GC(219)   Evacuate Collection Set: 0.07ms
[11.389s][info ][gc,phases      ] GC(219)   Post Evacuate Collection Set: 0.18ms
[11.389s][info ][gc,phases      ] GC(219)   Other: 0.05ms
[11.389s][trace][gc,age         ] GC(219) Age table:
[11.389s][trace][gc,age         ] GC(219) - age   1:     400208 bytes,     400208 total
[11.389s][info ][gc,heap        ] GC(219) Eden regions: 253->0(253)
[11.389s][info ][gc,heap        ] GC(219) Survivor regions: 1->1(32)
[11.389s][info ][gc,heap        ] GC(219) Old regions: 11->11
[11.389s][info ][gc,heap        ] GC(219) Humongous regions: 0->0
[11.389s][info ][gc,metaspace   ] GC(219) Metaspace: 10101K(10368K)->10101K(10368K) NonClass: 9142K(9344K)->9142K(9344K) Class: 958K(1024K)->958K(1024K)
[11.389s][info ][gc             ] GC(219) Pause Young (Normal) (G1 Evacuation Pause) 257M->4M(424M) 0.582ms
[11.389s][info ][gc,cpu         ] GC(219) User=0.01s Sys=0.00s Real=0.00s
[11.405s][info ][gc,start       ] GC(220) Pause Young (Normal) (G1 Evacuation Pause)
[11.405s][info ][gc,task        ] GC(220) Using 9 workers of 9 for evacuation
[11.405s][debug][gc,age         ] GC(220) Desired survivor size 16777216 bytes, new threshold 15 (max threshold 15)
[11.406s][info ][gc,phases      ] GC(220)   Pre Evacuate Collection Set: 0.09ms
[11.406s][info ][gc,phases      ] GC(220)   Merge Heap Roots: 0.09ms
[11.406s][info ][gc,phases      ] GC(220)   Evacuate Collection Set: 0.10ms
[11.406s][info ][gc,phases      ] GC(220)   Post Evacuate Collection Set: 0.18ms
[11.406s][info ][gc,phases      ] GC(220)   Other: 0.06ms
[11.406s][trace][gc,age         ] GC(220) Age table:
[11.406s][trace][gc,age         ] GC(220) - age   1:     400208 bytes,     400208 total
[11.406s][info ][gc,heap        ] GC(220) Eden regions: 253->0(253)
[11.406s][info ][gc,heap        ] GC(220) Survivor regions: 1->1(32)
[11.406s][info ][gc,heap        ] GC(220) Old regions: 11->11
[11.406s][info ][gc,heap        ] GC(220) Humongous regions: 0->0
[11.406s][info ][gc,metaspace   ] GC(220) Metaspace: 10101K(10368K)->10101K(10368K) NonClass: 9142K(9344K)->9142K(9344K) Class: 958K(1024K)->958K(1024K)
[11.406s][info ][gc             ] GC(220) Pause Young (Normal) (G1 Evacuation Pause) 257M->4M(424M) 0.617ms
[11.406s][info ][gc,cpu         ] GC(220) User=0.00s Sys=0.00s Real=0.00s
[11.422s][info ][gc,start       ] GC(221) Pause Young (Normal) (G1 Evacuation Pause)
[11.422s][info ][gc,task        ] GC(221) Using 9 workers of 9 for evacuation
[11.422s][debug][gc,age         ] GC(221) Desired survivor size 16777216 bytes, new threshold 15 (max threshold 15)
[11.422s][info ][gc,phases      ] GC(221)   Pre Evacuate Collection Set: 0.06ms
[11.422s][info ][gc,phases      ] GC(221)   Merge Heap Roots: 0.07ms
[11.422s][info ][gc,phases      ] GC(221)   Evacuate Collection Set: 0.10ms
[11.422s][info ][gc,phases      ] GC(221)   Post Evacuate Collection Set: 0.16ms
[11.422s][info ][gc,phases      ] GC(221)   Other: 0.07ms
[11.422s][trace][gc,age         ] GC(221) Age table:
[11.422s][trace][gc,age         ] GC(221) - age   1:     400208 bytes,     400208 total
[11.422s][info ][gc,heap        ] GC(221) Eden regions: 253->0(253)
[11.422s][info ][gc,heap        ] GC(221) Survivor regions: 1->1(32)
[11.422s][info ][gc,heap        ] GC(221) Old regions: 11->11
[11.422s][info ][gc,heap        ] GC(221) Humongous regions: 0->0
[11.422s][info ][gc,metaspace   ] GC(221) Metaspace: 10101K(10368K)->10101K(10368K) NonClass: 9142K(9344K)->9142K(9344K) Class: 958K(1024K)->958K(1024K)
[11.422s][info ][gc             ] GC(221) Pause Young (Normal) (G1 Evacuation Pause) 257M->4M(424M) 0.568ms
[11.422s][info ][gc,cpu         ] GC(221) User=0.00s Sys=0.00s Real=0.00s
[11.438s][info ][gc,start       ] GC(222) Pause Young (Normal) (G1 Evacuation Pause)
[11.438s][info ][gc,task        ] GC(222) Using 9 workers of 9 for evacuation
[11.438s][debug][gc,age         ] GC(222) Desired survivor size 16777216 bytes, new threshold 15 (max threshold 15)
[11.439s][info ][gc,phases      ] GC(222)   Pre Evacuate Collection Set: 0.12ms
[11.439s][info ][gc,phases      ] GC(222)   Merge Heap Roots: 0.09ms
[11.439s][info ][gc,phases      ] GC(222)   Evacuate Collection Set: 0.10ms
[11.439s][info ][gc,phases      ] GC(222)   Post Evacuate Collection Set: 0.17ms
[11.439s][info ][gc,phases      ] GC(222)   Other: 0.05ms
[11.439s][trace][gc,age         ] GC(222) Age table:
[11.439s][trace][gc,age         ] GC(222) - age   1:     400208 bytes,     400208 total
[11.439s][info ][gc,heap        ] GC(222) Eden regions: 253->0(253)
[11.439s][info ][gc,heap        ] GC(222) Survivor regions: 1->1(32)
[11.439s][info ][gc,heap        ] GC(222) Old regions: 11->11
[11.439s][info ][gc,heap        ] GC(222) Humongous regions: 0->0
[11.439s][info ][gc,metaspace   ] GC(222) Metaspace: 10101K(10368K)->10101K(10368K) NonClass: 9142K(9344K)->9142K(9344K) Class: 958K(1024K)->958K(1024K)
[11.439s][info ][gc             ] GC(222) Pause Young (Normal) (G1 Evacuation Pause) 257M->4M(424M) 0.633ms
[11.439s][info ][gc,cpu         ] GC(222) User=0.01s Sys=0.00s Real=0.00s
[11.454s][info ][gc,start       ] GC(223) Pause Young (Normal) (G1 Evacuation Pause)
[11.454s][info ][gc,task        ] GC(223) Using 9 workers of 9 for evacuation
[11.454s][debug][gc,age         ] GC(223) Desired survivor size 16777216 bytes, new threshold 15 (max threshold 15)
[11.455s][info ][gc,phases      ] GC(223)   Pre Evacuate Collection Set: 0.08ms
[11.455s][info ][gc,phases      ] GC(223)   Merge Heap Roots: 0.05ms
[11.455s][info ][gc,phases      ] GC(223)   Evacuate Collection Set: 0.14ms
[11.455s][info ][gc,phases      ] GC(223)   Post Evacuate Collection Set: 0.17ms
[11.455s][info ][gc,phases      ] GC(223)   Other: 0.06ms
[11.455s][trace][gc,age         ] GC(223) Age table:
[11.455s][trace][gc,age         ] GC(223) - age   1:     400208 bytes,     400208 total
[11.455s][info ][gc,heap        ] GC(223) Eden regions: 253->0(253)
[11.455s][info ][gc,heap        ] GC(223) Survivor regions: 1->1(32)
[11.455s][info ][gc,heap        ] GC(223) Old regions: 11->11
[11.455s][info ][gc,heap        ] GC(223) Humongous regions: 0->0
[11.455s][info ][gc,metaspace   ] GC(223) Metaspace: 10101K(10368K)->10101K(10368K) NonClass: 9142K(9344K)->9142K(9344K) Class: 958K(1024K)->958K(1024K)
[11.455s][info ][gc             ] GC(223) Pause Young (Normal) (G1 Evacuation Pause) 257M->4M(424M) 0.596ms
[11.455s][info ][gc,cpu         ] GC(223) User=0.00s Sys=0.00s Real=0.00s
[11.471s][info ][gc,start       ] GC(224) Pause Young (Normal) (G1 Evacuation Pause)
[11.471s][info ][gc,task        ] GC(224) Using 9 workers of 9 for evacuation
[11.471s][debug][gc,age         ] GC(224) Desired survivor size 16777216 bytes, new threshold 15 (max threshold 15)
[11.472s][info ][gc,phases      ] GC(224)   Pre Evacuate Collection Set: 0.06ms
[11.472s][info ][gc,phases      ] GC(224)   Merge Heap Roots: 0.05ms
[11.472s][info ][gc,phases      ] GC(224)   Evacuate Collection Set: 0.12ms
[11.472s][info ][gc,phases      ] GC(224)   Post Evacuate Collection Set: 0.18ms
[11.472s][info ][gc,phases      ] GC(224)   Other: 0.06ms
[11.472s][trace][gc,age         ] GC(224) Age table:
[11.472s][trace][gc,age         ] GC(224) - age   1:     400208 bytes,     400208 total
[11.472s][info ][gc,heap        ] GC(224) Eden regions: 253->0(253)
[11.472s][info ][gc,heap        ] GC(224) Survivor regions: 1->1(32)
[11.472s][info ][gc,heap        ] GC(224) Old regions: 11->11
[11.472s][info ][gc,heap        ] GC(224) Humongous regions: 0->0
[11.472s][info ][gc,metaspace   ] GC(224) Metaspace: 10101K(10368K)->10101K(10368K) NonClass: 9142K(9344K)->9142K(9344K) Class: 958K(1024K)->958K(1024K)
[11.472s][info ][gc             ] GC(224) Pause Young (Normal) (G1 Evacuation Pause) 257M->4M(424M) 0.563ms
[11.472s][info ][gc,cpu         ] GC(224) User=0.00s Sys=0.00s Real=0.00s
[11.487s][info ][gc,start       ] GC(225) Pause Young (Normal) (G1 Evacuation Pause)
[11.487s][info ][gc,task        ] GC(225) Using 9 workers of 9 for evacuation
[11.487s][debug][gc,age         ] GC(225) Desired survivor size 16777216 bytes, new threshold 15 (max threshold 15)
[11.488s][info ][gc,phases      ] GC(225)   Pre Evacuate Collection Set: 0.06ms
[11.488s][info ][gc,phases      ] GC(225)   Merge Heap Roots: 0.07ms
[11.488s][info ][gc,phases      ] GC(225)   Evacuate Collection Set: 0.10ms
[11.488s][info ][gc,phases      ] GC(225)   Post Evacuate Collection Set: 0.18ms
[11.488s][info ][gc,phases      ] GC(225)   Other: 0.05ms
[11.488s][trace][gc,age         ] GC(225) Age table:
[11.488s][trace][gc,age         ] GC(225) - age   1:     400208 bytes,     400208 total
[11.488s][info ][gc,heap        ] GC(225) Eden regions: 253->0(253)
[11.488s][info ][gc,heap        ] GC(225) Survivor regions: 1->1(32)
[11.488s][info ][gc,heap        ] GC(225) Old regions: 11->11
[11.488s][info ][gc,heap        ] GC(225) Humongous regions: 0->0
[11.488s][info ][gc,metaspace   ] GC(225) Metaspace: 10101K(10368K)->10101K(10368K) NonClass: 9142K(9344K)->9142K(9344K) Class: 958K(1024K)->958K(1024K)
[11.488s][info ][gc             ] GC(225) Pause Young (Normal) (G1 Evacuation Pause) 257M->4M(424M) 0.544ms
[11.488s][info ][gc,cpu         ] GC(225) User=0.01s Sys=0.00s Real=0.00s
[11.503s][info ][gc,start       ] GC(226) Pause Young (Normal) (G1 Evacuation Pause)
[11.503s][info ][gc,task        ] GC(226) Using 9 workers of 9 for evacuation
[11.503s][debug][gc,age         ] GC(226) Desired survivor size 16777216 bytes, new threshold 15 (max threshold 15)
[11.504s][info ][gc,phases      ] GC(226)   Pre Evacuate Collection Set: 0.07ms
[11.504s][info ][gc,phases      ] GC(226)   Merge Heap Roots: 0.06ms
[11.504s][info ][gc,phases      ] GC(226)   Evacuate Collection Set: 0.08ms
[11.504s][info ][gc,phases      ] GC(226)   Post Evacuate Collection Set: 0.19ms
[11.504s][info ][gc,phases      ] GC(226)   Other: 0.07ms
[11.504s][trace][gc,age         ] GC(226) Age table:
[11.504s][trace][gc,age         ] GC(226) - age   1:     400208 bytes,     400208 total
[11.504s][info ][gc,heap        ] GC(226) Eden regions: 253->0(253)
[11.504s][info ][gc,heap        ] GC(226) Survivor regions: 1->1(32)
[11.504s][info ][gc,heap        ] GC(226) Old regions: 11->11
[11.504s][info ][gc,heap        ] GC(226) Humongous regions: 0->0
[11.504s][info ][gc,metaspace   ] GC(226) Metaspace: 10101K(10368K)->10101K(10368K) NonClass: 9142K(9344K)->9142K(9344K) Class: 958K(1024K)->958K(1024K)
[11.504s][info ][gc             ] GC(226) Pause Young (Normal) (G1 Evacuation Pause) 257M->4M(424M) 0.565ms
[11.504s][info ][gc,cpu         ] GC(226) User=0.00s Sys=0.01s Real=0.00s
[11.520s][info ][gc,start       ] GC(227) Pause Young (Normal) (G1 Evacuation Pause)
[11.520s][info ][gc,task        ] GC(227) Using 9 workers of 9 for evacuation
[11.520s][debug][gc,age         ] GC(227) Desired survivor size 16777216 bytes, new threshold 15 (max threshold 15)
[11.520s][info ][gc,phases      ] GC(227)   Pre Evacuate Collection Set: 0.07ms
[11.520s][info ][gc,phases      ] GC(227)   Merge Heap Roots: 0.07ms
[11.520s][info ][gc,phases      ] GC(227)   Evacuate Collection Set: 0.11ms
[11.520s][info ][gc,phases      ] GC(227)   Post Evacuate Collection Set: 0.17ms
[11.520s][info ][gc,phases      ] GC(227)   Other: 0.05ms
[11.520s][trace][gc,age         ] GC(227) Age table:
[11.520s][trace][gc,age         ] GC(227) - age   1:     400208 bytes,     400208 total
[11.520s][info ][gc,heap        ] GC(227) Eden regions: 253->0(253)
[11.520s][info ][gc,heap        ] GC(227) Survivor regions: 1->1(32)
[11.520s][info ][gc,heap        ] GC(227) Old regions: 11->11
[11.520s][info ][gc,heap        ] GC(227) Humongous regions: 0->0
[11.520s][info ][gc,metaspace   ] GC(227) Metaspace: 10101K(10368K)->10101K(10368K) NonClass: 9142K(9344K)->9142K(9344K) Class: 958K(1024K)->958K(1024K)
[11.520s][info ][gc             ] GC(227) Pause Young (Normal) (G1 Evacuation Pause) 257M->4M(424M) 0.570ms
[11.520s][info ][gc,cpu         ] GC(227) User=0.00s Sys=0.00s Real=0.00s
[11.536s][info ][gc,start       ] GC(228) Pause Young (Normal) (G1 Evacuation Pause)
[11.536s][info ][gc,task        ] GC(228) Using 9 workers of 9 for evacuation
[11.536s][debug][gc,age         ] GC(228) Desired survivor size 16777216 bytes, new threshold 15 (max threshold 15)
[11.536s][info ][gc,phases      ] GC(228)   Pre Evacuate Collection Set: 0.08ms
[11.536s][info ][gc,phases      ] GC(228)   Merge Heap Roots: 0.06ms
[11.536s][info ][gc,phases      ] GC(228)   Evacuate Collection Set: 0.13ms
[11.536s][info ][gc,phases      ] GC(228)   Post Evacuate Collection Set: 0.17ms
[11.536s][info ][gc,phases      ] GC(228)   Other: 0.04ms
[11.536s][trace][gc,age         ] GC(228) Age table:
[11.536s][trace][gc,age         ] GC(228) - age   1:     400208 bytes,     400208 total
[11.536s][info ][gc,heap        ] GC(228) Eden regions: 253->0(253)
[11.536s][info ][gc,heap        ] GC(228) Survivor regions: 1->1(32)
[11.536s][info ][gc,heap        ] GC(228) Old regions: 11->11
[11.536s][info ][gc,heap        ] GC(228) Humongous regions: 0->0
[11.536s][info ][gc,metaspace   ] GC(228) Metaspace: 10101K(10368K)->10101K(10368K) NonClass: 9142K(9344K)->9142K(9344K) Class: 958K(1024K)->958K(1024K)
[11.537s][info ][gc             ] GC(228) Pause Young (Normal) (G1 Evacuation Pause) 257M->4M(424M) 0.562ms
[11.537s][info ][gc,cpu         ] GC(228) User=0.00s Sys=0.00s Real=0.00s
[11.552s][info ][gc,start       ] GC(229) Pause Young (Normal) (G1 Evacuation Pause)
[11.552s][info ][gc,task        ] GC(229) Using 9 workers of 9 for evacuation
[11.552s][debug][gc,age         ] GC(229) Desired survivor size 16777216 bytes, new threshold 15 (max threshold 15)
[11.553s][info ][gc,phases      ] GC(229)   Pre Evacuate Collection Set: 0.06ms
[11.553s][info ][gc,phases      ] GC(229)   Merge Heap Roots: 0.05ms
[11.553s][info ][gc,phases      ] GC(229)   Evacuate Collection Set: 0.15ms
[11.553s][info ][gc,phases      ] GC(229)   Post Evacuate Collection Set: 0.19ms
[11.553s][info ][gc,phases      ] GC(229)   Other: 0.06ms
[11.553s][trace][gc,age         ] GC(229) Age table:
[11.553s][trace][gc,age         ] GC(229) - age   1:     400208 bytes,     400208 total
[11.553s][info ][gc,heap        ] GC(229) Eden regions: 253->0(253)
[11.553s][info ][gc,heap        ] GC(229) Survivor regions: 1->1(32)
[11.553s][info ][gc,heap        ] GC(229) Old regions: 11->11
[11.553s][info ][gc,heap        ] GC(229) Humongous regions: 0->0
[11.553s][info ][gc,metaspace   ] GC(229) Metaspace: 10101K(10368K)->10101K(10368K) NonClass: 9142K(9344K)->9142K(9344K) Class: 958K(1024K)->958K(1024K)
[11.553s][info ][gc             ] GC(229) Pause Young (Normal) (G1 Evacuation Pause) 257M->4M(424M) 0.597ms
[11.553s][info ][gc,cpu         ] GC(229) User=0.00s Sys=0.00s Real=0.00s
[11.568s][info ][gc,start       ] GC(230) Pause Young (Normal) (G1 Evacuation Pause)
[11.569s][info ][gc,task        ] GC(230) Using 9 workers of 9 for evacuation
[11.569s][debug][gc,age         ] GC(230) Desired survivor size 16777216 bytes, new threshold 15 (max threshold 15)
[11.569s][info ][gc,phases      ] GC(230)   Pre Evacuate Collection Set: 0.08ms
[11.569s][info ][gc,phases      ] GC(230)   Merge Heap Roots: 0.06ms
[11.569s][info ][gc,phases      ] GC(230)   Evacuate Collection Set: 0.11ms
[11.569s][info ][gc,phases      ] GC(230)   Post Evacuate Collection Set: 0.18ms
[11.569s][info ][gc,phases      ] GC(230)   Other: 0.06ms
[11.569s][trace][gc,age         ] GC(230) Age table:
[11.569s][trace][gc,age         ] GC(230) - age   1:     400208 bytes,     400208 total
[11.569s][info ][gc,heap        ] GC(230) Eden regions: 253->0(253)
[11.569s][info ][gc,heap        ] GC(230) Survivor regions: 1->1(32)
[11.569s][info ][gc,heap        ] GC(230) Old regions: 11->11
[11.569s][info ][gc,heap        ] GC(230) Humongous regions: 0->0
[11.569s][info ][gc,metaspace   ] GC(230) Metaspace: 10101K(10368K)->10101K(10368K) NonClass: 9142K(9344K)->9142K(9344K) Class: 958K(1024K)->958K(1024K)
[11.569s][info ][gc             ] GC(230) Pause Young (Normal) (G1 Evacuation Pause) 257M->4M(424M) 0.594ms
[11.569s][info ][gc,cpu         ] GC(230) User=0.00s Sys=0.00s Real=0.00s
[11.585s][info ][gc,start       ] GC(231) Pause Young (Normal) (G1 Evacuation Pause)
[11.585s][info ][gc,task        ] GC(231) Using 9 workers of 9 for evacuation
[11.585s][debug][gc,age         ] GC(231) Desired survivor size 16777216 bytes, new threshold 15 (max threshold 15)
[11.585s][info ][gc,phases      ] GC(231)   Pre Evacuate Collection Set: 0.07ms
[11.585s][info ][gc,phases      ] GC(231)   Merge Heap Roots: 0.07ms
[11.585s][info ][gc,phases      ] GC(231)   Evacuate Collection Set: 0.12ms
[11.585s][info ][gc,phases      ] GC(231)   Post Evacuate Collection Set: 0.15ms
[11.585s][info ][gc,phases      ] GC(231)   Other: 0.05ms
[11.585s][trace][gc,age         ] GC(231) Age table:
[11.585s][trace][gc,age         ] GC(231) - age   1:     400208 bytes,     400208 total
[11.585s][info ][gc,heap        ] GC(231) Eden regions: 253->0(253)
[11.585s][info ][gc,heap        ] GC(231) Survivor regions: 1->1(32)
[11.585s][info ][gc,heap        ] GC(231) Old regions: 11->11
[11.585s][info ][gc,heap        ] GC(231) Humongous regions: 0->0
[11.585s][info ][gc,metaspace   ] GC(231) Metaspace: 10101K(10368K)->10101K(10368K) NonClass: 9142K(9344K)->9142K(9344K) Class: 958K(1024K)->958K(1024K)
[11.585s][info ][gc             ] GC(231) Pause Young (Normal) (G1 Evacuation Pause) 257M->4M(424M) 0.548ms
[11.585s][info ][gc,cpu         ] GC(231) User=0.00s Sys=0.00s Real=0.01s
[11.601s][info ][gc,start       ] GC(232) Pause Young (Normal) (G1 Evacuation Pause)
[11.601s][info ][gc,task        ] GC(232) Using 9 workers of 9 for evacuation
[11.601s][debug][gc,age         ] GC(232) Desired survivor size 16777216 bytes, new threshold 15 (max threshold 15)
[11.601s][info ][gc,phases      ] GC(232)   Pre Evacuate Collection Set: 0.09ms
[11.601s][info ][gc,phases      ] GC(232)   Merge Heap Roots: 0.07ms
[11.601s][info ][gc,phases      ] GC(232)   Evacuate Collection Set: 0.09ms
[11.601s][info ][gc,phases      ] GC(232)   Post Evacuate Collection Set: 0.20ms
[11.601s][info ][gc,phases      ] GC(232)   Other: 0.06ms
[11.601s][trace][gc,age         ] GC(232) Age table:
[11.601s][trace][gc,age         ] GC(232) - age   1:     400208 bytes,     400208 total
[11.601s][info ][gc,heap        ] GC(232) Eden regions: 253->0(253)
[11.601s][info ][gc,heap        ] GC(232) Survivor regions: 1->1(32)
[11.601s][info ][gc,heap        ] GC(232) Old regions: 11->11
[11.601s][info ][gc,heap        ] GC(232) Humongous regions: 0->0
[11.601s][info ][gc,metaspace   ] GC(232) Metaspace: 10101K(10368K)->10101K(10368K) NonClass: 9142K(9344K)->9142K(9344K) Class: 958K(1024K)->958K(1024K)
[11.601s][info ][gc             ] GC(232) Pause Young (Normal) (G1 Evacuation Pause) 257M->4M(424M) 0.610ms
[11.601s][info ][gc,cpu         ] GC(232) User=0.00s Sys=0.00s Real=0.00s
[11.617s][info ][gc,start       ] GC(233) Pause Young (Normal) (G1 Evacuation Pause)
[11.617s][info ][gc,task        ] GC(233) Using 9 workers of 9 for evacuation
[11.617s][debug][gc,age         ] GC(233) Desired survivor size 16777216 bytes, new threshold 15 (max threshold 15)
[11.618s][info ][gc,phases      ] GC(233)   Pre Evacuate Collection Set: 0.07ms
[11.618s][info ][gc,phases      ] GC(233)   Merge Heap Roots: 0.06ms
[11.618s][info ][gc,phases      ] GC(233)   Evacuate Collection Set: 0.11ms
[11.618s][info ][gc,phases      ] GC(233)   Post Evacuate Collection Set: 0.17ms
[11.618s][info ][gc,phases      ] GC(233)   Other: 0.05ms
[11.618s][trace][gc,age         ] GC(233) Age table:
[11.618s][trace][gc,age         ] GC(233) - age   1:     400208 bytes,     400208 total
[11.618s][info ][gc,heap        ] GC(233) Eden regions: 253->0(253)
[11.618s][info ][gc,heap        ] GC(233) Survivor regions: 1->1(32)
[11.618s][info ][gc,heap        ] GC(233) Old regions: 11->11
[11.618s][info ][gc,heap        ] GC(233) Humongous regions: 0->0
[11.618s][info ][gc,metaspace   ] GC(233) Metaspace: 10101K(10368K)->10101K(10368K) NonClass: 9142K(9344K)->9142K(9344K) Class: 958K(1024K)->958K(1024K)
[11.618s][info ][gc             ] GC(233) Pause Young (Normal) (G1 Evacuation Pause) 257M->4M(424M) 0.580ms
[11.618s][info ][gc,cpu         ] GC(233) User=0.00s Sys=0.00s Real=0.00s
[11.634s][info ][gc,start       ] GC(234) Pause Young (Normal) (G1 Evacuation Pause)
[11.634s][info ][gc,task        ] GC(234) Using 9 workers of 9 for evacuation
[11.634s][debug][gc,age         ] GC(234) Desired survivor size 16777216 bytes, new threshold 15 (max threshold 15)
[11.634s][info ][gc,phases      ] GC(234)   Pre Evacuate Collection Set: 0.09ms
[11.634s][info ][gc,phases      ] GC(234)   Merge Heap Roots: 0.12ms
[11.634s][info ][gc,phases      ] GC(234)   Evacuate Collection Set: 0.11ms
[11.634s][info ][gc,phases      ] GC(234)   Post Evacuate Collection Set: 0.18ms
[11.634s][info ][gc,phases      ] GC(234)   Other: 0.05ms
[11.634s][trace][gc,age         ] GC(234) Age table:
[11.634s][trace][gc,age         ] GC(234) - age   1:     400208 bytes,     400208 total
[11.634s][info ][gc,heap        ] GC(234) Eden regions: 253->0(253)
[11.634s][info ][gc,heap        ] GC(234) Survivor regions: 1->1(32)
[11.634s][info ][gc,heap        ] GC(234) Old regions: 11->11
[11.634s][info ][gc,heap        ] GC(234) Humongous regions: 0->0
[11.634s][info ][gc,metaspace   ] GC(234) Metaspace: 10101K(10368K)->10101K(10368K) NonClass: 9142K(9344K)->9142K(9344K) Class: 958K(1024K)->958K(1024K)
[11.634s][info ][gc             ] GC(234) Pause Young (Normal) (G1 Evacuation Pause) 257M->4M(424M) 0.644ms
[11.634s][info ][gc,cpu         ] GC(234) User=0.00s Sys=0.01s Real=0.00s
[11.650s][info ][gc,start       ] GC(235) Pause Young (Normal) (G1 Evacuation Pause)
[11.650s][info ][gc,task        ] GC(235) Using 9 workers of 9 for evacuation
[11.650s][debug][gc,age         ] GC(235) Desired survivor size 16777216 bytes, new threshold 15 (max threshold 15)
[11.651s][info ][gc,phases      ] GC(235)   Pre Evacuate Collection Set: 0.07ms
[11.651s][info ][gc,phases      ] GC(235)   Merge Heap Roots: 0.07ms
[11.651s][info ][gc,phases      ] GC(235)   Evacuate Collection Set: 0.12ms
[11.651s][info ][gc,phases      ] GC(235)   Post Evacuate Collection Set: 0.18ms
[11.651s][info ][gc,phases      ] GC(235)   Other: 0.04ms
[11.651s][trace][gc,age         ] GC(235) Age table:
[11.651s][trace][gc,age         ] GC(235) - age   1:     400208 bytes,     400208 total
[11.651s][info ][gc,heap        ] GC(235) Eden regions: 253->0(253)
[11.651s][info ][gc,heap        ] GC(235) Survivor regions: 1->1(32)
[11.651s][info ][gc,heap        ] GC(235) Old regions: 11->11
[11.651s][info ][gc,heap        ] GC(235) Humongous regions: 0->0
[11.651s][info ][gc,metaspace   ] GC(235) Metaspace: 10101K(10368K)->10101K(10368K) NonClass: 9142K(9344K)->9142K(9344K) Class: 958K(1024K)->958K(1024K)
[11.651s][info ][gc             ] GC(235) Pause Young (Normal) (G1 Evacuation Pause) 257M->4M(424M) 0.578ms
[11.651s][info ][gc,cpu         ] GC(235) User=0.00s Sys=0.00s Real=0.00s
[11.667s][info ][gc,start       ] GC(236) Pause Young (Normal) (G1 Evacuation Pause)
[11.667s][info ][gc,task        ] GC(236) Using 9 workers of 9 for evacuation
[11.667s][debug][gc,age         ] GC(236) Desired survivor size 16777216 bytes, new threshold 15 (max threshold 15)
[11.668s][info ][gc,phases      ] GC(236)   Pre Evacuate Collection Set: 0.06ms
[11.668s][info ][gc,phases      ] GC(236)   Merge Heap Roots: 0.07ms
[11.668s][info ][gc,phases      ] GC(236)   Evacuate Collection Set: 0.11ms
[11.668s][info ][gc,phases      ] GC(236)   Post Evacuate Collection Set: 0.15ms
[11.668s][info ][gc,phases      ] GC(236)   Other: 0.06ms
[11.668s][trace][gc,age         ] GC(236) Age table:
[11.668s][trace][gc,age         ] GC(236) - age   1:     400208 bytes,     400208 total
[11.668s][info ][gc,heap        ] GC(236) Eden regions: 253->0(253)
[11.668s][info ][gc,heap        ] GC(236) Survivor regions: 1->1(32)
[11.668s][info ][gc,heap        ] GC(236) Old regions: 11->11
[11.668s][info ][gc,heap        ] GC(236) Humongous regions: 0->0
[11.668s][info ][gc,metaspace   ] GC(236) Metaspace: 10101K(10368K)->10101K(10368K) NonClass: 9142K(9344K)->9142K(9344K) Class: 958K(1024K)->958K(1024K)
[11.668s][info ][gc             ] GC(236) Pause Young (Normal) (G1 Evacuation Pause) 257M->4M(424M) 0.540ms
[11.668s][info ][gc,cpu         ] GC(236) User=0.00s Sys=0.00s Real=0.00s
[11.684s][info ][gc,start       ] GC(237) Pause Young (Normal) (G1 Evacuation Pause)
[11.684s][info ][gc,task        ] GC(237) Using 9 workers of 9 for evacuation
[11.684s][debug][gc,age         ] GC(237) Desired survivor size 16777216 bytes, new threshold 15 (max threshold 15)
[11.684s][info ][gc,phases      ] GC(237)   Pre Evacuate Collection Set: 0.07ms
[11.684s][info ][gc,phases      ] GC(237)   Merge Heap Roots: 0.06ms
[11.684s][info ][gc,phases      ] GC(237)   Evacuate Collection Set: 0.15ms
[11.684s][info ][gc,phases      ] GC(237)   Post Evacuate Collection Set: 0.17ms
[11.684s][info ][gc,phases      ] GC(237)   Other: 0.06ms
[11.684s][trace][gc,age         ] GC(237) Age table:
[11.684s][trace][gc,age         ] GC(237) - age   1:     400208 bytes,     400208 total
[11.684s][info ][gc,heap        ] GC(237) Eden regions: 253->0(253)
[11.684s][info ][gc,heap        ] GC(237) Survivor regions: 1->1(32)
[11.684s][info ][gc,heap        ] GC(237) Old regions: 11->11
[11.684s][info ][gc,heap        ] GC(237) Humongous regions: 0->0
[11.684s][info ][gc,metaspace   ] GC(237) Metaspace: 10101K(10368K)->10101K(10368K) NonClass: 9142K(9344K)->9142K(9344K) Class: 958K(1024K)->958K(1024K)
[11.684s][info ][gc             ] GC(237) Pause Young (Normal) (G1 Evacuation Pause) 257M->4M(424M) 0.593ms
[11.684s][info ][gc,cpu         ] GC(237) User=0.01s Sys=0.00s Real=0.00s
[11.700s][info ][gc,start       ] GC(238) Pause Young (Normal) (G1 Evacuation Pause)
[11.700s][info ][gc,task        ] GC(238) Using 9 workers of 9 for evacuation
[11.700s][debug][gc,age         ] GC(238) Desired survivor size 16777216 bytes, new threshold 15 (max threshold 15)
[11.700s][info ][gc,phases      ] GC(238)   Pre Evacuate Collection Set: 0.08ms
[11.700s][info ][gc,phases      ] GC(238)   Merge Heap Roots: 0.05ms
[11.700s][info ][gc,phases      ] GC(238)   Evacuate Collection Set: 0.12ms
[11.700s][info ][gc,phases      ] GC(238)   Post Evacuate Collection Set: 0.18ms
[11.700s][info ][gc,phases      ] GC(238)   Other: 0.06ms
[11.700s][trace][gc,age         ] GC(238) Age table:
[11.700s][trace][gc,age         ] GC(238) - age   1:     400208 bytes,     400208 total
[11.700s][info ][gc,heap        ] GC(238) Eden regions: 253->0(253)
[11.700s][info ][gc,heap        ] GC(238) Survivor regions: 1->1(32)
[11.700s][info ][gc,heap        ] GC(238) Old regions: 11->11
[11.700s][info ][gc,heap        ] GC(238) Humongous regions: 0->0
[11.700s][info ][gc,metaspace   ] GC(238) Metaspace: 10101K(10368K)->10101K(10368K) NonClass: 9142K(9344K)->9142K(9344K) Class: 958K(1024K)->958K(1024K)
[11.700s][info ][gc             ] GC(238) Pause Young (Normal) (G1 Evacuation Pause) 257M->4M(424M) 0.574ms
[11.700s][info ][gc,cpu         ] GC(238) User=0.00s Sys=0.00s Real=0.00s
[11.716s][info ][gc,start       ] GC(239) Pause Young (Normal) (G1 Evacuation Pause)
[11.716s][info ][gc,task        ] GC(239) Using 9 workers of 9 for evacuation
[11.716s][debug][gc,age         ] GC(239) Desired survivor size 16777216 bytes, new threshold 15 (max threshold 15)
[11.717s][info ][gc,phases      ] GC(239)   Pre Evacuate Collection Set: 0.07ms
[11.717s][info ][gc,phases      ] GC(239)   Merge Heap Roots: 0.06ms
[11.717s][info ][gc,phases      ] GC(239)   Evacuate Collection Set: 0.11ms
[11.717s][info ][gc,phases      ] GC(239)   Post Evacuate Collection Set: 0.14ms
[11.717s][info ][gc,phases      ] GC(239)   Other: 0.04ms
[11.717s][trace][gc,age         ] GC(239) Age table:
[11.717s][trace][gc,age         ] GC(239) - age   1:     400208 bytes,     400208 total
[11.717s][info ][gc,heap        ] GC(239) Eden regions: 253->0(253)
[11.717s][info ][gc,heap        ] GC(239) Survivor regions: 1->1(32)
[11.717s][info ][gc,heap        ] GC(239) Old regions: 11->11
[11.717s][info ][gc,heap        ] GC(239) Humongous regions: 0->0
[11.717s][info ][gc,metaspace   ] GC(239) Metaspace: 10101K(10368K)->10101K(10368K) NonClass: 9142K(9344K)->9142K(9344K) Class: 958K(1024K)->958K(1024K)
[11.717s][info ][gc             ] GC(239) Pause Young (Normal) (G1 Evacuation Pause) 257M->4M(424M) 0.502ms
[11.717s][info ][gc,cpu         ] GC(239) User=0.00s Sys=0.00s Real=0.00s
[11.733s][info ][gc,start       ] GC(240) Pause Young (Normal) (G1 Evacuation Pause)
[11.733s][info ][gc,task        ] GC(240) Using 9 workers of 9 for evacuation
[11.733s][debug][gc,age         ] GC(240) Desired survivor size 16777216 bytes, new threshold 15 (max threshold 15)
[11.733s][info ][gc,phases      ] GC(240)   Pre Evacuate Collection Set: 0.06ms
[11.733s][info ][gc,phases      ] GC(240)   Merge Heap Roots: 0.07ms
[11.733s][info ][gc,phases      ] GC(240)   Evacuate Collection Set: 0.08ms
[11.733s][info ][gc,phases      ] GC(240)   Post Evacuate Collection Set: 0.18ms
[11.733s][info ][gc,phases      ] GC(240)   Other: 0.05ms
[11.733s][trace][gc,age         ] GC(240) Age table:
[11.733s][trace][gc,age         ] GC(240) - age   1:     400208 bytes,     400208 total
[11.733s][info ][gc,heap        ] GC(240) Eden regions: 253->0(253)
[11.733s][info ][gc,heap        ] GC(240) Survivor regions: 1->1(32)
[11.733s][info ][gc,heap        ] GC(240) Old regions: 11->11
[11.733s][info ][gc,heap        ] GC(240) Humongous regions: 0->0
[11.733s][info ][gc,metaspace   ] GC(240) Metaspace: 10101K(10368K)->10101K(10368K) NonClass: 9142K(9344K)->9142K(9344K) Class: 958K(1024K)->958K(1024K)
[11.733s][info ][gc             ] GC(240) Pause Young (Normal) (G1 Evacuation Pause) 257M->4M(424M) 0.550ms
[11.733s][info ][gc,cpu         ] GC(240) User=0.00s Sys=0.00s Real=0.00s
[11.749s][info ][gc,start       ] GC(241) Pause Young (Normal) (G1 Evacuation Pause)
[11.749s][info ][gc,task        ] GC(241) Using 9 workers of 9 for evacuation
[11.749s][debug][gc,age         ] GC(241) Desired survivor size 16777216 bytes, new threshold 15 (max threshold 15)
[11.750s][info ][gc,phases      ] GC(241)   Pre Evacuate Collection Set: 0.07ms
[11.750s][info ][gc,phases      ] GC(241)   Merge Heap Roots: 0.06ms
[11.750s][info ][gc,phases      ] GC(241)   Evacuate Collection Set: 0.07ms
[11.750s][info ][gc,phases      ] GC(241)   Post Evacuate Collection Set: 0.18ms
[11.750s][info ][gc,phases      ] GC(241)   Other: 0.05ms
[11.750s][trace][gc,age         ] GC(241) Age table:
[11.750s][trace][gc,age         ] GC(241) - age   1:     400208 bytes,     400208 total
[11.750s][info ][gc,heap        ] GC(241) Eden regions: 253->0(253)
[11.750s][info ][gc,heap        ] GC(241) Survivor regions: 1->1(32)
[11.750s][info ][gc,heap        ] GC(241) Old regions: 11->11
[11.750s][info ][gc,heap        ] GC(241) Humongous regions: 0->0
[11.750s][info ][gc,metaspace   ] GC(241) Metaspace: 10101K(10368K)->10101K(10368K) NonClass: 9142K(9344K)->9142K(9344K) Class: 958K(1024K)->958K(1024K)
[11.750s][info ][gc             ] GC(241) Pause Young (Normal) (G1 Evacuation Pause) 257M->4M(424M) 0.532ms
[11.750s][info ][gc,cpu         ] GC(241) User=0.00s Sys=0.00s Real=0.00s
[11.766s][info ][gc,start       ] GC(242) Pause Young (Normal) (G1 Evacuation Pause)
[11.766s][info ][gc,task        ] GC(242) Using 9 workers of 9 for evacuation
[11.766s][debug][gc,age         ] GC(242) Desired survivor size 16777216 bytes, new threshold 15 (max threshold 15)
[11.767s][info ][gc,phases      ] GC(242)   Pre Evacuate Collection Set: 0.08ms
[11.767s][info ][gc,phases      ] GC(242)   Merge Heap Roots: 0.05ms
[11.767s][info ][gc,phases      ] GC(242)   Evacuate Collection Set: 0.13ms
[11.767s][info ][gc,phases      ] GC(242)   Post Evacuate Collection Set: 0.16ms
[11.767s][info ][gc,phases      ] GC(242)   Other: 0.04ms
[11.767s][trace][gc,age         ] GC(242) Age table:
[11.767s][trace][gc,age         ] GC(242) - age   1:     400208 bytes,     400208 total
[11.767s][info ][gc,heap        ] GC(242) Eden regions: 253->0(253)
[11.767s][info ][gc,heap        ] GC(242) Survivor regions: 1->1(32)
[11.767s][info ][gc,heap        ] GC(242) Old regions: 11->11
[11.767s][info ][gc,heap        ] GC(242) Humongous regions: 0->0
[11.767s][info ][gc,metaspace   ] GC(242) Metaspace: 10101K(10368K)->10101K(10368K) NonClass: 9142K(9344K)->9142K(9344K) Class: 958K(1024K)->958K(1024K)
[11.767s][info ][gc             ] GC(242) Pause Young (Normal) (G1 Evacuation Pause) 257M->4M(424M) 0.543ms
[11.767s][info ][gc,cpu         ] GC(242) User=0.00s Sys=0.00s Real=0.00s
[11.783s][info ][gc,start       ] GC(243) Pause Young (Normal) (G1 Evacuation Pause)
[11.783s][info ][gc,task        ] GC(243) Using 9 workers of 9 for evacuation
[11.783s][debug][gc,age         ] GC(243) Desired survivor size 16777216 bytes, new threshold 15 (max threshold 15)
[11.783s][info ][gc,phases      ] GC(243)   Pre Evacuate Collection Set: 0.07ms
[11.783s][info ][gc,phases      ] GC(243)   Merge Heap Roots: 0.06ms
[11.783s][info ][gc,phases      ] GC(243)   Evacuate Collection Set: 0.09ms
[11.783s][info ][gc,phases      ] GC(243)   Post Evacuate Collection Set: 0.18ms
[11.783s][info ][gc,phases      ] GC(243)   Other: 0.06ms
[11.783s][trace][gc,age         ] GC(243) Age table:
[11.783s][trace][gc,age         ] GC(243) - age   1:     400208 bytes,     400208 total
[11.783s][info ][gc,heap        ] GC(243) Eden regions: 253->0(253)
[11.783s][info ][gc,heap        ] GC(243) Survivor regions: 1->1(32)
[11.783s][info ][gc,heap        ] GC(243) Old regions: 11->11
[11.783s][info ][gc,heap        ] GC(243) Humongous regions: 0->0
[11.783s][info ][gc,metaspace   ] GC(243) Metaspace: 10101K(10368K)->10101K(10368K) NonClass: 9142K(9344K)->9142K(9344K) Class: 958K(1024K)->958K(1024K)
[11.783s][info ][gc             ] GC(243) Pause Young (Normal) (G1 Evacuation Pause) 257M->4M(424M) 0.566ms
[11.783s][info ][gc,cpu         ] GC(243) User=0.01s Sys=0.01s Real=0.00s
[11.799s][info ][gc,start       ] GC(244) Pause Young (Normal) (G1 Evacuation Pause)
[11.799s][info ][gc,task        ] GC(244) Using 9 workers of 9 for evacuation
[11.799s][debug][gc,age         ] GC(244) Desired survivor size 16777216 bytes, new threshold 15 (max threshold 15)
[11.800s][info ][gc,phases      ] GC(244)   Pre Evacuate Collection Set: 0.06ms
[11.800s][info ][gc,phases      ] GC(244)   Merge Heap Roots: 0.08ms
[11.800s][info ][gc,phases      ] GC(244)   Evacuate Collection Set: 0.10ms
[11.800s][info ][gc,phases      ] GC(244)   Post Evacuate Collection Set: 0.16ms
[11.800s][info ][gc,phases      ] GC(244)   Other: 0.06ms
[11.800s][trace][gc,age         ] GC(244) Age table:
[11.800s][trace][gc,age         ] GC(244) - age   1:     400208 bytes,     400208 total
[11.800s][info ][gc,heap        ] GC(244) Eden regions: 253->0(253)
[11.800s][info ][gc,heap        ] GC(244) Survivor regions: 1->1(32)
[11.800s][info ][gc,heap        ] GC(244) Old regions: 11->11
[11.800s][info ][gc,heap        ] GC(244) Humongous regions: 0->0
[11.800s][info ][gc,metaspace   ] GC(244) Metaspace: 10101K(10368K)->10101K(10368K) NonClass: 9142K(9344K)->9142K(9344K) Class: 958K(1024K)->958K(1024K)
[11.800s][info ][gc             ] GC(244) Pause Young (Normal) (G1 Evacuation Pause) 257M->4M(424M) 0.550ms
[11.800s][info ][gc,cpu         ] GC(244) User=0.00s Sys=0.00s Real=0.00s
[11.816s][info ][gc,start       ] GC(245) Pause Young (Normal) (G1 Evacuation Pause)
[11.816s][info ][gc,task        ] GC(245) Using 9 workers of 9 for evacuation
[11.816s][debug][gc,age         ] GC(245) Desired survivor size 16777216 bytes, new threshold 15 (max threshold 15)
[11.816s][info ][gc,phases      ] GC(245)   Pre Evacuate Collection Set: 0.07ms
[11.816s][info ][gc,phases      ] GC(245)   Merge Heap Roots: 0.06ms
[11.816s][info ][gc,phases      ] GC(245)   Evacuate Collection Set: 0.08ms
[11.816s][info ][gc,phases      ] GC(245)   Post Evacuate Collection Set: 0.17ms
[11.816s][info ][gc,phases      ] GC(245)   Other: 0.05ms
[11.816s][trace][gc,age         ] GC(245) Age table:
[11.816s][trace][gc,age         ] GC(245) - age   1:     400208 bytes,     400208 total
[11.816s][info ][gc,heap        ] GC(245) Eden regions: 253->0(253)
[11.816s][info ][gc,heap        ] GC(245) Survivor regions: 1->1(32)
[11.816s][info ][gc,heap        ] GC(245) Old regions: 11->11
[11.816s][info ][gc,heap        ] GC(245) Humongous regions: 0->0
[11.816s][info ][gc,metaspace   ] GC(245) Metaspace: 10101K(10368K)->10101K(10368K) NonClass: 9142K(9344K)->9142K(9344K) Class: 958K(1024K)->958K(1024K)
[11.816s][info ][gc             ] GC(245) Pause Young (Normal) (G1 Evacuation Pause) 257M->4M(424M) 0.531ms
[11.816s][info ][gc,cpu         ] GC(245) User=0.00s Sys=0.00s Real=0.00s
[11.832s][info ][gc,start       ] GC(246) Pause Young (Normal) (G1 Evacuation Pause)
[11.832s][info ][gc,task        ] GC(246) Using 9 workers of 9 for evacuation
[11.832s][debug][gc,age         ] GC(246) Desired survivor size 16777216 bytes, new threshold 15 (max threshold 15)
[11.833s][info ][gc,phases      ] GC(246)   Pre Evacuate Collection Set: 0.08ms
[11.833s][info ][gc,phases      ] GC(246)   Merge Heap Roots: 0.07ms
[11.833s][info ][gc,phases      ] GC(246)   Evacuate Collection Set: 0.14ms
[11.833s][info ][gc,phases      ] GC(246)   Post Evacuate Collection Set: 0.16ms
[11.833s][info ][gc,phases      ] GC(246)   Other: 0.05ms
[11.833s][trace][gc,age         ] GC(246) Age table:
[11.833s][trace][gc,age         ] GC(246) - age   1:     400208 bytes,     400208 total
[11.833s][info ][gc,heap        ] GC(246) Eden regions: 253->0(253)
[11.833s][info ][gc,heap        ] GC(246) Survivor regions: 1->1(32)
[11.833s][info ][gc,heap        ] GC(246) Old regions: 11->11
[11.833s][info ][gc,heap        ] GC(246) Humongous regions: 0->0
[11.833s][info ][gc,metaspace   ] GC(246) Metaspace: 10102K(10368K)->10102K(10368K) NonClass: 9143K(9344K)->9143K(9344K) Class: 958K(1024K)->958K(1024K)
[11.833s][info ][gc             ] GC(246) Pause Young (Normal) (G1 Evacuation Pause) 257M->4M(424M) 0.592ms
[11.833s][info ][gc,cpu         ] GC(246) User=0.00s Sys=0.00s Real=0.00s
[11.848s][info ][gc,start       ] GC(247) Pause Young (Normal) (G1 Evacuation Pause)
[11.849s][info ][gc,task        ] GC(247) Using 9 workers of 9 for evacuation
[11.849s][debug][gc,age         ] GC(247) Desired survivor size 16777216 bytes, new threshold 15 (max threshold 15)
[11.849s][info ][gc,phases      ] GC(247)   Pre Evacuate Collection Set: 0.08ms
[11.849s][info ][gc,phases      ] GC(247)   Merge Heap Roots: 0.06ms
[11.849s][info ][gc,phases      ] GC(247)   Evacuate Collection Set: 0.12ms
[11.849s][info ][gc,phases      ] GC(247)   Post Evacuate Collection Set: 0.19ms
[11.849s][info ][gc,phases      ] GC(247)   Other: 0.05ms
[11.849s][trace][gc,age         ] GC(247) Age table:
[11.849s][trace][gc,age         ] GC(247) - age   1:     400208 bytes,     400208 total
[11.849s][info ][gc,heap        ] GC(247) Eden regions: 253->0(253)
[11.849s][info ][gc,heap        ] GC(247) Survivor regions: 1->1(32)
[11.849s][info ][gc,heap        ] GC(247) Old regions: 11->11
[11.849s][info ][gc,heap        ] GC(247) Humongous regions: 0->0
[11.849s][info ][gc,metaspace   ] GC(247) Metaspace: 10102K(10368K)->10102K(10368K) NonClass: 9143K(9344K)->9143K(9344K) Class: 958K(1024K)->958K(1024K)
[11.849s][info ][gc             ] GC(247) Pause Young (Normal) (G1 Evacuation Pause) 257M->4M(424M) 0.580ms
[11.849s][info ][gc,cpu         ] GC(247) User=0.00s Sys=0.00s Real=0.00s
[11.865s][info ][gc,start       ] GC(248) Pause Young (Normal) (G1 Evacuation Pause)
[11.865s][info ][gc,task        ] GC(248) Using 9 workers of 9 for evacuation
[11.865s][debug][gc,age         ] GC(248) Desired survivor size 16777216 bytes, new threshold 15 (max threshold 15)
[11.866s][info ][gc,phases      ] GC(248)   Pre Evacuate Collection Set: 0.10ms
[11.866s][info ][gc,phases      ] GC(248)   Merge Heap Roots: 0.07ms
[11.866s][info ][gc,phases      ] GC(248)   Evacuate Collection Set: 0.12ms
[11.866s][info ][gc,phases      ] GC(248)   Post Evacuate Collection Set: 0.19ms
[11.866s][info ][gc,phases      ] GC(248)   Other: 0.05ms
[11.866s][trace][gc,age         ] GC(248) Age table:
[11.866s][trace][gc,age         ] GC(248) - age   1:     400208 bytes,     400208 total
[11.866s][info ][gc,heap        ] GC(248) Eden regions: 253->0(253)
[11.866s][info ][gc,heap        ] GC(248) Survivor regions: 1->1(32)
[11.866s][info ][gc,heap        ] GC(248) Old regions: 11->11
[11.866s][info ][gc,heap        ] GC(248) Humongous regions: 0->0
[11.866s][info ][gc,metaspace   ] GC(248) Metaspace: 10102K(10368K)->10102K(10368K) NonClass: 9143K(9344K)->9143K(9344K) Class: 958K(1024K)->958K(1024K)
[11.866s][info ][gc             ] GC(248) Pause Young (Normal) (G1 Evacuation Pause) 257M->4M(424M) 0.628ms
[11.866s][info ][gc,cpu         ] GC(248) User=0.00s Sys=0.00s Real=0.01s
[11.881s][info ][gc,start       ] GC(249) Pause Young (Normal) (G1 Evacuation Pause)
[11.881s][info ][gc,task        ] GC(249) Using 9 workers of 9 for evacuation
[11.881s][debug][gc,age         ] GC(249) Desired survivor size 16777216 bytes, new threshold 15 (max threshold 15)
[11.882s][info ][gc,phases      ] GC(249)   Pre Evacuate Collection Set: 0.09ms
[11.882s][info ][gc,phases      ] GC(249)   Merge Heap Roots: 0.07ms
[11.882s][info ][gc,phases      ] GC(249)   Evacuate Collection Set: 0.09ms
[11.882s][info ][gc,phases      ] GC(249)   Post Evacuate Collection Set: 0.18ms
[11.882s][info ][gc,phases      ] GC(249)   Other: 0.05ms
[11.882s][trace][gc,age         ] GC(249) Age table:
[11.882s][trace][gc,age         ] GC(249) - age   1:     400208 bytes,     400208 total
[11.882s][info ][gc,heap        ] GC(249) Eden regions: 253->0(253)
[11.882s][info ][gc,heap        ] GC(249) Survivor regions: 1->1(32)
[11.882s][info ][gc,heap        ] GC(249) Old regions: 11->11
[11.882s][info ][gc,heap        ] GC(249) Humongous regions: 0->0
[11.882s][info ][gc,metaspace   ] GC(249) Metaspace: 10102K(10368K)->10102K(10368K) NonClass: 9143K(9344K)->9143K(9344K) Class: 958K(1024K)->958K(1024K)
[11.882s][info ][gc             ] GC(249) Pause Young (Normal) (G1 Evacuation Pause) 257M->4M(424M) 0.572ms
[11.882s][info ][gc,cpu         ] GC(249) User=0.00s Sys=0.00s Real=0.00s
[11.898s][info ][gc,start       ] GC(250) Pause Young (Normal) (G1 Evacuation Pause)
[11.898s][info ][gc,task        ] GC(250) Using 9 workers of 9 for evacuation
[11.898s][debug][gc,age         ] GC(250) Desired survivor size 16777216 bytes, new threshold 15 (max threshold 15)
[11.898s][info ][gc,phases      ] GC(250)   Pre Evacuate Collection Set: 0.10ms
[11.898s][info ][gc,phases      ] GC(250)   Merge Heap Roots: 0.07ms
[11.898s][info ][gc,phases      ] GC(250)   Evacuate Collection Set: 0.10ms
[11.898s][info ][gc,phases      ] GC(250)   Post Evacuate Collection Set: 0.19ms
[11.898s][info ][gc,phases      ] GC(250)   Other: 0.06ms
[11.898s][trace][gc,age         ] GC(250) Age table:
[11.898s][trace][gc,age         ] GC(250) - age   1:     400208 bytes,     400208 total
[11.898s][info ][gc,heap        ] GC(250) Eden regions: 253->0(253)
[11.898s][info ][gc,heap        ] GC(250) Survivor regions: 1->1(32)
[11.898s][info ][gc,heap        ] GC(250) Old regions: 11->11
[11.898s][info ][gc,heap        ] GC(250) Humongous regions: 0->0
[11.898s][info ][gc,metaspace   ] GC(250) Metaspace: 10102K(10368K)->10102K(10368K) NonClass: 9143K(9344K)->9143K(9344K) Class: 958K(1024K)->958K(1024K)
[11.898s][info ][gc             ] GC(250) Pause Young (Normal) (G1 Evacuation Pause) 257M->4M(424M) 0.620ms
[11.898s][info ][gc,cpu         ] GC(250) User=0.00s Sys=0.00s Real=0.00s
[11.914s][info ][gc,start       ] GC(251) Pause Young (Normal) (G1 Evacuation Pause)
[11.914s][info ][gc,task        ] GC(251) Using 9 workers of 9 for evacuation
[11.914s][debug][gc,age         ] GC(251) Desired survivor size 16777216 bytes, new threshold 15 (max threshold 15)
[11.915s][info ][gc,phases      ] GC(251)   Pre Evacuate Collection Set: 0.09ms
[11.915s][info ][gc,phases      ] GC(251)   Merge Heap Roots: 0.07ms
[11.915s][info ][gc,phases      ] GC(251)   Evacuate Collection Set: 0.11ms
[11.915s][info ][gc,phases      ] GC(251)   Post Evacuate Collection Set: 0.18ms
[11.915s][info ][gc,phases      ] GC(251)   Other: 0.07ms
[11.915s][trace][gc,age         ] GC(251) Age table:
[11.915s][trace][gc,age         ] GC(251) - age   1:     400208 bytes,     400208 total
[11.915s][info ][gc,heap        ] GC(251) Eden regions: 253->0(253)
[11.915s][info ][gc,heap        ] GC(251) Survivor regions: 1->1(32)
[11.915s][info ][gc,heap        ] GC(251) Old regions: 11->11
[11.915s][info ][gc,heap        ] GC(251) Humongous regions: 0->0
[11.915s][info ][gc,metaspace   ] GC(251) Metaspace: 10102K(10368K)->10102K(10368K) NonClass: 9143K(9344K)->9143K(9344K) Class: 958K(1024K)->958K(1024K)
[11.915s][info ][gc             ] GC(251) Pause Young (Normal) (G1 Evacuation Pause) 257M->4M(424M) 0.626ms
[11.915s][info ][gc,cpu         ] GC(251) User=0.00s Sys=0.00s Real=0.00s
[11.930s][info ][gc,start       ] GC(252) Pause Young (Normal) (G1 Evacuation Pause)
[11.930s][info ][gc,task        ] GC(252) Using 9 workers of 9 for evacuation
[11.930s][debug][gc,age         ] GC(252) Desired survivor size 16777216 bytes, new threshold 15 (max threshold 15)
[11.931s][info ][gc,phases      ] GC(252)   Pre Evacuate Collection Set: 0.07ms
[11.931s][info ][gc,phases      ] GC(252)   Merge Heap Roots: 0.07ms
[11.931s][info ][gc,phases      ] GC(252)   Evacuate Collection Set: 0.10ms
[11.931s][info ][gc,phases      ] GC(252)   Post Evacuate Collection Set: 0.16ms
[11.931s][info ][gc,phases      ] GC(252)   Other: 0.05ms
[11.931s][trace][gc,age         ] GC(252) Age table:
[11.931s][trace][gc,age         ] GC(252) - age   1:     400208 bytes,     400208 total
[11.931s][info ][gc,heap        ] GC(252) Eden regions: 253->0(253)
[11.931s][info ][gc,heap        ] GC(252) Survivor regions: 1->1(32)
[11.931s][info ][gc,heap        ] GC(252) Old regions: 11->11
[11.931s][info ][gc,heap        ] GC(252) Humongous regions: 0->0
[11.931s][info ][gc,metaspace   ] GC(252) Metaspace: 10102K(10368K)->10102K(10368K) NonClass: 9143K(9344K)->9143K(9344K) Class: 958K(1024K)->958K(1024K)
[11.931s][info ][gc             ] GC(252) Pause Young (Normal) (G1 Evacuation Pause) 257M->4M(424M) 0.539ms
[11.931s][info ][gc,cpu         ] GC(252) User=0.00s Sys=0.00s Real=0.00s
[11.947s][info ][gc,start       ] GC(253) Pause Young (Normal) (G1 Evacuation Pause)
[11.947s][info ][gc,task        ] GC(253) Using 9 workers of 9 for evacuation
[11.947s][debug][gc,age         ] GC(253) Desired survivor size 16777216 bytes, new threshold 15 (max threshold 15)
[11.947s][info ][gc,phases      ] GC(253)   Pre Evacuate Collection Set: 0.08ms
[11.947s][info ][gc,phases      ] GC(253)   Merge Heap Roots: 0.09ms
[11.947s][info ][gc,phases      ] GC(253)   Evacuate Collection Set: 0.10ms
[11.947s][info ][gc,phases      ] GC(253)   Post Evacuate Collection Set: 0.18ms
[11.947s][info ][gc,phases      ] GC(253)   Other: 0.06ms
[11.947s][trace][gc,age         ] GC(253) Age table:
[11.947s][trace][gc,age         ] GC(253) - age   1:     400208 bytes,     400208 total
[11.947s][info ][gc,heap        ] GC(253) Eden regions: 253->0(253)
[11.947s][info ][gc,heap        ] GC(253) Survivor regions: 1->1(32)
[11.947s][info ][gc,heap        ] GC(253) Old regions: 11->11
[11.947s][info ][gc,heap        ] GC(253) Humongous regions: 0->0
[11.947s][info ][gc,metaspace   ] GC(253) Metaspace: 10102K(10368K)->10102K(10368K) NonClass: 9143K(9344K)->9143K(9344K) Class: 958K(1024K)->958K(1024K)
[11.947s][info ][gc             ] GC(253) Pause Young (Normal) (G1 Evacuation Pause) 257M->4M(424M) 0.626ms
[11.947s][info ][gc,cpu         ] GC(253) User=0.00s Sys=0.00s Real=0.00s
[11.963s][info ][gc,start       ] GC(254) Pause Young (Normal) (G1 Evacuation Pause)
[11.963s][info ][gc,task        ] GC(254) Using 9 workers of 9 for evacuation
[11.963s][debug][gc,age         ] GC(254) Desired survivor size 16777216 bytes, new threshold 15 (max threshold 15)
[11.964s][info ][gc,phases      ] GC(254)   Pre Evacuate Collection Set: 0.07ms
[11.964s][info ][gc,phases      ] GC(254)   Merge Heap Roots: 0.07ms
[11.964s][info ][gc,phases      ] GC(254)   Evacuate Collection Set: 0.10ms
[11.964s][info ][gc,phases      ] GC(254)   Post Evacuate Collection Set: 0.17ms
[11.964s][info ][gc,phases      ] GC(254)   Other: 0.05ms
[11.964s][trace][gc,age         ] GC(254) Age table:
[11.964s][trace][gc,age         ] GC(254) - age   1:     400208 bytes,     400208 total
[11.964s][info ][gc,heap        ] GC(254) Eden regions: 253->0(253)
[11.964s][info ][gc,heap        ] GC(254) Survivor regions: 1->1(32)
[11.964s][info ][gc,heap        ] GC(254) Old regions: 11->11
[11.964s][info ][gc,heap        ] GC(254) Humongous regions: 0->0
[11.964s][info ][gc,metaspace   ] GC(254) Metaspace: 10102K(10368K)->10102K(10368K) NonClass: 9143K(9344K)->9143K(9344K) Class: 958K(1024K)->958K(1024K)
[11.964s][info ][gc             ] GC(254) Pause Young (Normal) (G1 Evacuation Pause) 257M->4M(424M) 0.542ms
[11.964s][info ][gc,cpu         ] GC(254) User=0.00s Sys=0.00s Real=0.00s
[11.979s][info ][gc,start       ] GC(255) Pause Young (Normal) (G1 Evacuation Pause)
[11.979s][info ][gc,task        ] GC(255) Using 9 workers of 9 for evacuation
[11.979s][debug][gc,age         ] GC(255) Desired survivor size 16777216 bytes, new threshold 15 (max threshold 15)
[11.980s][info ][gc,phases      ] GC(255)   Pre Evacuate Collection Set: 0.07ms
[11.980s][info ][gc,phases      ] GC(255)   Merge Heap Roots: 0.09ms
[11.980s][info ][gc,phases      ] GC(255)   Evacuate Collection Set: 0.10ms
[11.980s][info ][gc,phases      ] GC(255)   Post Evacuate Collection Set: 0.17ms
[11.980s][info ][gc,phases      ] GC(255)   Other: 0.06ms
[11.980s][trace][gc,age         ] GC(255) Age table:
[11.980s][trace][gc,age         ] GC(255) - age   1:     400208 bytes,     400208 total
[11.980s][info ][gc,heap        ] GC(255) Eden regions: 253->0(253)
[11.980s][info ][gc,heap        ] GC(255) Survivor regions: 1->1(32)
[11.980s][info ][gc,heap        ] GC(255) Old regions: 11->11
[11.980s][info ][gc,heap        ] GC(255) Humongous regions: 0->0
[11.980s][info ][gc,metaspace   ] GC(255) Metaspace: 10102K(10368K)->10102K(10368K) NonClass: 9143K(9344K)->9143K(9344K) Class: 958K(1024K)->958K(1024K)
[11.980s][info ][gc             ] GC(255) Pause Young (Normal) (G1 Evacuation Pause) 257M->4M(424M) 0.587ms
[11.980s][info ][gc,cpu         ] GC(255) User=0.00s Sys=0.00s Real=0.00s
[11.996s][info ][gc,start       ] GC(256) Pause Young (Normal) (G1 Evacuation Pause)
[11.996s][info ][gc,task        ] GC(256) Using 9 workers of 9 for evacuation
[11.996s][debug][gc,age         ] GC(256) Desired survivor size 16777216 bytes, new threshold 15 (max threshold 15)
[11.996s][info ][gc,phases      ] GC(256)   Pre Evacuate Collection Set: 0.10ms
[11.996s][info ][gc,phases      ] GC(256)   Merge Heap Roots: 0.07ms
[11.996s][info ][gc,phases      ] GC(256)   Evacuate Collection Set: 0.12ms
[11.996s][info ][gc,phases      ] GC(256)   Post Evacuate Collection Set: 0.19ms
[11.996s][info ][gc,phases      ] GC(256)   Other: 0.05ms
[11.996s][trace][gc,age         ] GC(256) Age table:
[11.996s][trace][gc,age         ] GC(256) - age   1:     400208 bytes,     400208 total
[11.996s][info ][gc,heap        ] GC(256) Eden regions: 253->0(253)
[11.996s][info ][gc,heap        ] GC(256) Survivor regions: 1->1(32)
[11.996s][info ][gc,heap        ] GC(256) Old regions: 11->11
[11.996s][info ][gc,heap        ] GC(256) Humongous regions: 0->0
[11.996s][info ][gc,metaspace   ] GC(256) Metaspace: 10102K(10368K)->10102K(10368K) NonClass: 9143K(9344K)->9143K(9344K) Class: 958K(1024K)->958K(1024K)
[11.997s][info ][gc             ] GC(256) Pause Young (Normal) (G1 Evacuation Pause) 257M->4M(424M) 0.616ms
[11.997s][info ][gc,cpu         ] GC(256) User=0.00s Sys=0.00s Real=0.00s
[12.012s][info ][gc,start       ] GC(257) Pause Young (Normal) (G1 Evacuation Pause)
[12.012s][info ][gc,task        ] GC(257) Using 9 workers of 9 for evacuation
[12.012s][debug][gc,age         ] GC(257) Desired survivor size 16777216 bytes, new threshold 15 (max threshold 15)
[12.013s][info ][gc,phases      ] GC(257)   Pre Evacuate Collection Set: 0.10ms
[12.013s][info ][gc,phases      ] GC(257)   Merge Heap Roots: 0.08ms
[12.013s][info ][gc,phases      ] GC(257)   Evacuate Collection Set: 0.10ms
[12.013s][info ][gc,phases      ] GC(257)   Post Evacuate Collection Set: 0.18ms
[12.013s][info ][gc,phases      ] GC(257)   Other: 0.06ms
[12.013s][trace][gc,age         ] GC(257) Age table:
[12.013s][trace][gc,age         ] GC(257) - age   1:     400208 bytes,     400208 total
[12.013s][info ][gc,heap        ] GC(257) Eden regions: 253->0(253)
[12.013s][info ][gc,heap        ] GC(257) Survivor regions: 1->1(32)
[12.013s][info ][gc,heap        ] GC(257) Old regions: 11->11
[12.013s][info ][gc,heap        ] GC(257) Humongous regions: 0->0
[12.013s][info ][gc,metaspace   ] GC(257) Metaspace: 10102K(10368K)->10102K(10368K) NonClass: 9143K(9344K)->9143K(9344K) Class: 958K(1024K)->958K(1024K)
[12.013s][info ][gc             ] GC(257) Pause Young (Normal) (G1 Evacuation Pause) 257M->4M(424M) 0.615ms
[12.013s][info ][gc,cpu         ] GC(257) User=0.00s Sys=0.00s Real=0.00s
[12.029s][info ][gc,start       ] GC(258) Pause Young (Normal) (G1 Evacuation Pause)
[12.029s][info ][gc,task        ] GC(258) Using 9 workers of 9 for evacuation
[12.029s][debug][gc,age         ] GC(258) Desired survivor size 16777216 bytes, new threshold 15 (max threshold 15)
[12.029s][info ][gc,phases      ] GC(258)   Pre Evacuate Collection Set: 0.10ms
[12.029s][info ][gc,phases      ] GC(258)   Merge Heap Roots: 0.07ms
[12.029s][info ][gc,phases      ] GC(258)   Evacuate Collection Set: 0.09ms
[12.029s][info ][gc,phases      ] GC(258)   Post Evacuate Collection Set: 0.21ms
[12.029s][info ][gc,phases      ] GC(258)   Other: 0.06ms
[12.029s][trace][gc,age         ] GC(258) Age table:
[12.029s][trace][gc,age         ] GC(258) - age   1:     400208 bytes,     400208 total
[12.029s][info ][gc,heap        ] GC(258) Eden regions: 253->0(253)
[12.029s][info ][gc,heap        ] GC(258) Survivor regions: 1->1(32)
[12.029s][info ][gc,heap        ] GC(258) Old regions: 11->11
[12.029s][info ][gc,heap        ] GC(258) Humongous regions: 0->0
[12.029s][info ][gc,metaspace   ] GC(258) Metaspace: 10102K(10368K)->10102K(10368K) NonClass: 9143K(9344K)->9143K(9344K) Class: 958K(1024K)->958K(1024K)
[12.029s][info ][gc             ] GC(258) Pause Young (Normal) (G1 Evacuation Pause) 257M->4M(424M) 0.616ms
[12.029s][info ][gc,cpu         ] GC(258) User=0.00s Sys=0.00s Real=0.00s
[12.045s][info ][gc,start       ] GC(259) Pause Young (Normal) (G1 Evacuation Pause)
[12.045s][info ][gc,task        ] GC(259) Using 9 workers of 9 for evacuation
[12.045s][debug][gc,age         ] GC(259) Desired survivor size 16777216 bytes, new threshold 15 (max threshold 15)
[12.045s][info ][gc,phases      ] GC(259)   Pre Evacuate Collection Set: 0.09ms
[12.046s][info ][gc,phases      ] GC(259)   Merge Heap Roots: 0.07ms
[12.046s][info ][gc,phases      ] GC(259)   Evacuate Collection Set: 0.10ms
[12.046s][info ][gc,phases      ] GC(259)   Post Evacuate Collection Set: 0.19ms
[12.046s][info ][gc,phases      ] GC(259)   Other: 0.04ms
[12.046s][trace][gc,age         ] GC(259) Age table:
[12.046s][trace][gc,age         ] GC(259) - age   1:     400208 bytes,     400208 total
[12.046s][info ][gc,heap        ] GC(259) Eden regions: 253->0(253)
[12.046s][info ][gc,heap        ] GC(259) Survivor regions: 1->1(32)
[12.046s][info ][gc,heap        ] GC(259) Old regions: 11->11
[12.046s][info ][gc,heap        ] GC(259) Humongous regions: 0->0
[12.046s][info ][gc,metaspace   ] GC(259) Metaspace: 10102K(10368K)->10102K(10368K) NonClass: 9143K(9344K)->9143K(9344K) Class: 958K(1024K)->958K(1024K)
[12.046s][info ][gc             ] GC(259) Pause Young (Normal) (G1 Evacuation Pause) 257M->4M(424M) 0.560ms
[12.046s][info ][gc,cpu         ] GC(259) User=0.00s Sys=0.00s Real=0.01s
[12.062s][info ][gc,start       ] GC(260) Pause Young (Normal) (G1 Evacuation Pause)
[12.062s][info ][gc,task        ] GC(260) Using 9 workers of 9 for evacuation
[12.062s][debug][gc,age         ] GC(260) Desired survivor size 16777216 bytes, new threshold 15 (max threshold 15)
[12.062s][info ][gc,phases      ] GC(260)   Pre Evacuate Collection Set: 0.07ms
[12.062s][info ][gc,phases      ] GC(260)   Merge Heap Roots: 0.10ms
[12.062s][info ][gc,phases      ] GC(260)   Evacuate Collection Set: 0.12ms
[12.062s][info ][gc,phases      ] GC(260)   Post Evacuate Collection Set: 0.16ms
[12.062s][info ][gc,phases      ] GC(260)   Other: 0.04ms
[12.062s][trace][gc,age         ] GC(260) Age table:
[12.062s][trace][gc,age         ] GC(260) - age   1:     400208 bytes,     400208 total
[12.062s][info ][gc,heap        ] GC(260) Eden regions: 253->0(253)
[12.062s][info ][gc,heap        ] GC(260) Survivor regions: 1->1(32)
[12.062s][info ][gc,heap        ] GC(260) Old regions: 11->11
[12.062s][info ][gc,heap        ] GC(260) Humongous regions: 0->0
[12.062s][info ][gc,metaspace   ] GC(260) Metaspace: 10102K(10368K)->10102K(10368K) NonClass: 9143K(9344K)->9143K(9344K) Class: 958K(1024K)->958K(1024K)
[12.062s][info ][gc             ] GC(260) Pause Young (Normal) (G1 Evacuation Pause) 257M->4M(424M) 0.593ms
[12.062s][info ][gc,cpu         ] GC(260) User=0.00s Sys=0.00s Real=0.00s
[12.078s][info ][gc,start       ] GC(261) Pause Young (Normal) (G1 Evacuation Pause)
[12.078s][info ][gc,task        ] GC(261) Using 9 workers of 9 for evacuation
[12.078s][debug][gc,age         ] GC(261) Desired survivor size 16777216 bytes, new threshold 15 (max threshold 15)
[12.079s][info ][gc,phases      ] GC(261)   Pre Evacuate Collection Set: 0.07ms
[12.079s][info ][gc,phases      ] GC(261)   Merge Heap Roots: 0.06ms
[12.079s][info ][gc,phases      ] GC(261)   Evacuate Collection Set: 0.12ms
[12.079s][info ][gc,phases      ] GC(261)   Post Evacuate Collection Set: 0.14ms
[12.079s][info ][gc,phases      ] GC(261)   Other: 0.05ms
[12.079s][trace][gc,age         ] GC(261) Age table:
[12.079s][trace][gc,age         ] GC(261) - age   1:     400208 bytes,     400208 total
[12.079s][info ][gc,heap        ] GC(261) Eden regions: 253->0(253)
[12.079s][info ][gc,heap        ] GC(261) Survivor regions: 1->1(32)
[12.079s][info ][gc,heap        ] GC(261) Old regions: 11->11
[12.079s][info ][gc,heap        ] GC(261) Humongous regions: 0->0
[12.079s][info ][gc,metaspace   ] GC(261) Metaspace: 10102K(10368K)->10102K(10368K) NonClass: 9143K(9344K)->9143K(9344K) Class: 958K(1024K)->958K(1024K)
[12.079s][info ][gc             ] GC(261) Pause Young (Normal) (G1 Evacuation Pause) 257M->4M(424M) 0.519ms
[12.079s][info ][gc,cpu         ] GC(261) User=0.00s Sys=0.00s Real=0.00s
[12.095s][info ][gc,start       ] GC(262) Pause Young (Normal) (G1 Evacuation Pause)
[12.095s][info ][gc,task        ] GC(262) Using 9 workers of 9 for evacuation
[12.095s][debug][gc,age         ] GC(262) Desired survivor size 16777216 bytes, new threshold 15 (max threshold 15)
[12.095s][info ][gc,phases      ] GC(262)   Pre Evacuate Collection Set: 0.07ms
[12.095s][info ][gc,phases      ] GC(262)   Merge Heap Roots: 0.09ms
[12.095s][info ][gc,phases      ] GC(262)   Evacuate Collection Set: 0.09ms
[12.095s][info ][gc,phases      ] GC(262)   Post Evacuate Collection Set: 0.14ms
[12.095s][info ][gc,phases      ] GC(262)   Other: 0.06ms
[12.095s][trace][gc,age         ] GC(262) Age table:
[12.095s][trace][gc,age         ] GC(262) - age   1:     400208 bytes,     400208 total
[12.095s][info ][gc,heap        ] GC(262) Eden regions: 253->0(253)
[12.095s][info ][gc,heap        ] GC(262) Survivor regions: 1->1(32)
[12.095s][info ][gc,heap        ] GC(262) Old regions: 11->11
[12.095s][info ][gc,heap        ] GC(262) Humongous regions: 0->0
[12.095s][info ][gc,metaspace   ] GC(262) Metaspace: 10102K(10368K)->10102K(10368K) NonClass: 9143K(9344K)->9143K(9344K) Class: 958K(1024K)->958K(1024K)
[12.095s][info ][gc             ] GC(262) Pause Young (Normal) (G1 Evacuation Pause) 257M->4M(424M) 0.542ms
[12.095s][info ][gc,cpu         ] GC(262) User=0.01s Sys=0.00s Real=0.01s
[12.111s][info ][gc,start       ] GC(263) Pause Young (Normal) (G1 Evacuation Pause)
[12.112s][info ][gc,task        ] GC(263) Using 9 workers of 9 for evacuation
[12.112s][debug][gc,age         ] GC(263) Desired survivor size 16777216 bytes, new threshold 15 (max threshold 15)
[12.112s][info ][gc,phases      ] GC(263)   Pre Evacuate Collection Set: 0.07ms
[12.112s][info ][gc,phases      ] GC(263)   Merge Heap Roots: 0.08ms
[12.112s][info ][gc,phases      ] GC(263)   Evacuate Collection Set: 0.09ms
[12.112s][info ][gc,phases      ] GC(263)   Post Evacuate Collection Set: 0.17ms
[12.112s][info ][gc,phases      ] GC(263)   Other: 0.06ms
[12.112s][trace][gc,age         ] GC(263) Age table:
[12.112s][trace][gc,age         ] GC(263) - age   1:     400208 bytes,     400208 total
[12.112s][info ][gc,heap        ] GC(263) Eden regions: 253->0(253)
[12.112s][info ][gc,heap        ] GC(263) Survivor regions: 1->1(32)
[12.112s][info ][gc,heap        ] GC(263) Old regions: 11->11
[12.112s][info ][gc,heap        ] GC(263) Humongous regions: 0->0
[12.112s][info ][gc,metaspace   ] GC(263) Metaspace: 10102K(10368K)->10102K(10368K) NonClass: 9143K(9344K)->9143K(9344K) Class: 958K(1024K)->958K(1024K)
[12.112s][info ][gc             ] GC(263) Pause Young (Normal) (G1 Evacuation Pause) 257M->4M(424M) 0.558ms
[12.112s][info ][gc,cpu         ] GC(263) User=0.00s Sys=0.00s Real=0.00s
[12.128s][info ][gc,start       ] GC(264) Pause Young (Normal) (G1 Evacuation Pause)
[12.128s][info ][gc,task        ] GC(264) Using 9 workers of 9 for evacuation
[12.128s][debug][gc,age         ] GC(264) Desired survivor size 16777216 bytes, new threshold 15 (max threshold 15)
[12.128s][info ][gc,phases      ] GC(264)   Pre Evacuate Collection Set: 0.08ms
[12.128s][info ][gc,phases      ] GC(264)   Merge Heap Roots: 0.05ms
[12.128s][info ][gc,phases      ] GC(264)   Evacuate Collection Set: 0.12ms
[12.128s][info ][gc,phases      ] GC(264)   Post Evacuate Collection Set: 0.19ms
[12.128s][info ][gc,phases      ] GC(264)   Other: 0.07ms
[12.128s][trace][gc,age         ] GC(264) Age table:
[12.128s][trace][gc,age         ] GC(264) - age   1:     400208 bytes,     400208 total
[12.128s][info ][gc,heap        ] GC(264) Eden regions: 253->0(253)
[12.128s][info ][gc,heap        ] GC(264) Survivor regions: 1->1(32)
[12.128s][info ][gc,heap        ] GC(264) Old regions: 11->11
[12.128s][info ][gc,heap        ] GC(264) Humongous regions: 0->0
[12.128s][info ][gc,metaspace   ] GC(264) Metaspace: 10102K(10368K)->10102K(10368K) NonClass: 9143K(9344K)->9143K(9344K) Class: 958K(1024K)->958K(1024K)
[12.128s][info ][gc             ] GC(264) Pause Young (Normal) (G1 Evacuation Pause) 257M->4M(424M) 0.596ms
[12.128s][info ][gc,cpu         ] GC(264) User=0.00s Sys=0.00s Real=0.00s
[12.144s][info ][gc,start       ] GC(265) Pause Young (Normal) (G1 Evacuation Pause)
[12.144s][info ][gc,task        ] GC(265) Using 9 workers of 9 for evacuation
[12.144s][debug][gc,age         ] GC(265) Desired survivor size 16777216 bytes, new threshold 15 (max threshold 15)
[12.145s][info ][gc,phases      ] GC(265)   Pre Evacuate Collection Set: 0.07ms
[12.145s][info ][gc,phases      ] GC(265)   Merge Heap Roots: 0.06ms
[12.145s][info ][gc,phases      ] GC(265)   Evacuate Collection Set: 0.10ms
[12.145s][info ][gc,phases      ] GC(265)   Post Evacuate Collection Set: 0.17ms
[12.145s][info ][gc,phases      ] GC(265)   Other: 0.04ms
[12.145s][trace][gc,age         ] GC(265) Age table:
[12.145s][trace][gc,age         ] GC(265) - age   1:     400208 bytes,     400208 total
[12.145s][info ][gc,heap        ] GC(265) Eden regions: 253->0(253)
[12.145s][info ][gc,heap        ] GC(265) Survivor regions: 1->1(32)
[12.145s][info ][gc,heap        ] GC(265) Old regions: 11->11
[12.145s][info ][gc,heap        ] GC(265) Humongous regions: 0->0
[12.145s][info ][gc,metaspace   ] GC(265) Metaspace: 10102K(10368K)->10102K(10368K) NonClass: 9143K(9344K)->9143K(9344K) Class: 958K(1024K)->958K(1024K)
[12.145s][info ][gc             ] GC(265) Pause Young (Normal) (G1 Evacuation Pause) 257M->4M(424M) 0.528ms
[12.145s][info ][gc,cpu         ] GC(265) User=0.01s Sys=0.00s Real=0.00s
[12.161s][info ][gc,start       ] GC(266) Pause Young (Normal) (G1 Evacuation Pause)
[12.161s][info ][gc,task        ] GC(266) Using 9 workers of 9 for evacuation
[12.161s][debug][gc,age         ] GC(266) Desired survivor size 16777216 bytes, new threshold 15 (max threshold 15)
[12.162s][info ][gc,phases      ] GC(266)   Pre Evacuate Collection Set: 0.07ms
[12.162s][info ][gc,phases      ] GC(266)   Merge Heap Roots: 0.07ms
[12.162s][info ][gc,phases      ] GC(266)   Evacuate Collection Set: 0.11ms
[12.162s][info ][gc,phases      ] GC(266)   Post Evacuate Collection Set: 0.18ms
[12.162s][info ][gc,phases      ] GC(266)   Other: 0.05ms
[12.162s][trace][gc,age         ] GC(266) Age table:
[12.162s][trace][gc,age         ] GC(266) - age   1:     400208 bytes,     400208 total
[12.162s][info ][gc,heap        ] GC(266) Eden regions: 253->0(253)
[12.162s][info ][gc,heap        ] GC(266) Survivor regions: 1->1(32)
[12.162s][info ][gc,heap        ] GC(266) Old regions: 11->11
[12.162s][info ][gc,heap        ] GC(266) Humongous regions: 0->0
[12.162s][info ][gc,metaspace   ] GC(266) Metaspace: 10102K(10368K)->10102K(10368K) NonClass: 9143K(9344K)->9143K(9344K) Class: 958K(1024K)->958K(1024K)
[12.162s][info ][gc             ] GC(266) Pause Young (Normal) (G1 Evacuation Pause) 257M->4M(424M) 0.583ms
[12.162s][info ][gc,cpu         ] GC(266) User=0.00s Sys=0.00s Real=0.00s
[12.177s][info ][gc,start       ] GC(267) Pause Young (Normal) (G1 Evacuation Pause)
[12.177s][info ][gc,task        ] GC(267) Using 9 workers of 9 for evacuation
[12.177s][debug][gc,age         ] GC(267) Desired survivor size 16777216 bytes, new threshold 15 (max threshold 15)
[12.178s][info ][gc,phases      ] GC(267)   Pre Evacuate Collection Set: 0.10ms
[12.178s][info ][gc,phases      ] GC(267)   Merge Heap Roots: 0.07ms
[12.178s][info ][gc,phases      ] GC(267)   Evacuate Collection Set: 0.09ms
[12.178s][info ][gc,phases      ] GC(267)   Post Evacuate Collection Set: 0.18ms
[12.178s][info ][gc,phases      ] GC(267)   Other: 0.04ms
[12.178s][trace][gc,age         ] GC(267) Age table:
[12.178s][trace][gc,age         ] GC(267) - age   1:     400208 bytes,     400208 total
[12.178s][info ][gc,heap        ] GC(267) Eden regions: 253->0(253)
[12.178s][info ][gc,heap        ] GC(267) Survivor regions: 1->1(32)
[12.178s][info ][gc,heap        ] GC(267) Old regions: 11->11
[12.178s][info ][gc,heap        ] GC(267) Humongous regions: 0->0
[12.178s][info ][gc,metaspace   ] GC(267) Metaspace: 10102K(10368K)->10102K(10368K) NonClass: 9143K(9344K)->9143K(9344K) Class: 958K(1024K)->958K(1024K)
[12.178s][info ][gc             ] GC(267) Pause Young (Normal) (G1 Evacuation Pause) 257M->4M(424M) 0.572ms
[12.178s][info ][gc,cpu         ] GC(267) User=0.00s Sys=0.00s Real=0.00s
[12.194s][info ][gc,start       ] GC(268) Pause Young (Normal) (G1 Evacuation Pause)
[12.194s][info ][gc,task        ] GC(268) Using 9 workers of 9 for evacuation
[12.194s][debug][gc,age         ] GC(268) Desired survivor size 16777216 bytes, new threshold 15 (max threshold 15)
[12.195s][info ][gc,phases      ] GC(268)   Pre Evacuate Collection Set: 0.07ms
[12.195s][info ][gc,phases      ] GC(268)   Merge Heap Roots: 0.10ms
[12.195s][info ][gc,phases      ] GC(268)   Evacuate Collection Set: 0.09ms
[12.195s][info ][gc,phases      ] GC(268)   Post Evacuate Collection Set: 0.19ms
[12.195s][info ][gc,phases      ] GC(268)   Other: 0.06ms
[12.195s][trace][gc,age         ] GC(268) Age table:
[12.195s][trace][gc,age         ] GC(268) - age   1:     400208 bytes,     400208 total
[12.195s][info ][gc,heap        ] GC(268) Eden regions: 253->0(253)
[12.195s][info ][gc,heap        ] GC(268) Survivor regions: 1->1(32)
[12.195s][info ][gc,heap        ] GC(268) Old regions: 11->11
[12.195s][info ][gc,heap        ] GC(268) Humongous regions: 0->0
[12.195s][info ][gc,metaspace   ] GC(268) Metaspace: 10102K(10368K)->10102K(10368K) NonClass: 9143K(9344K)->9143K(9344K) Class: 958K(1024K)->958K(1024K)
[12.195s][info ][gc             ] GC(268) Pause Young (Normal) (G1 Evacuation Pause) 257M->4M(424M) 0.632ms
[12.195s][info ][gc,cpu         ] GC(268) User=0.00s Sys=0.01s Real=0.00s
[12.210s][info ][gc,start       ] GC(269) Pause Young (Normal) (G1 Evacuation Pause)
[12.210s][info ][gc,task        ] GC(269) Using 9 workers of 9 for evacuation
[12.210s][debug][gc,age         ] GC(269) Desired survivor size 16777216 bytes, new threshold 15 (max threshold 15)
[12.211s][info ][gc,phases      ] GC(269)   Pre Evacuate Collection Set: 0.08ms
[12.211s][info ][gc,phases      ] GC(269)   Merge Heap Roots: 0.05ms
[12.211s][info ][gc,phases      ] GC(269)   Evacuate Collection Set: 0.13ms
[12.211s][info ][gc,phases      ] GC(269)   Post Evacuate Collection Set: 0.18ms
[12.211s][info ][gc,phases      ] GC(269)   Other: 0.05ms
[12.211s][trace][gc,age         ] GC(269) Age table:
[12.211s][trace][gc,age         ] GC(269) - age   1:     400208 bytes,     400208 total
[12.211s][info ][gc,heap        ] GC(269) Eden regions: 253->0(253)
[12.211s][info ][gc,heap        ] GC(269) Survivor regions: 1->1(32)
[12.211s][info ][gc,heap        ] GC(269) Old regions: 11->11
[12.211s][info ][gc,heap        ] GC(269) Humongous regions: 0->0
[12.211s][info ][gc,metaspace   ] GC(269) Metaspace: 10102K(10368K)->10102K(10368K) NonClass: 9143K(9344K)->9143K(9344K) Class: 958K(1024K)->958K(1024K)
[12.211s][info ][gc             ] GC(269) Pause Young (Normal) (G1 Evacuation Pause) 257M->4M(424M) 0.583ms
[12.211s][info ][gc,cpu         ] GC(269) User=0.00s Sys=0.00s Real=0.00s
[12.227s][info ][gc,start       ] GC(270) Pause Young (Normal) (G1 Evacuation Pause)
[12.227s][info ][gc,task        ] GC(270) Using 9 workers of 9 for evacuation
[12.227s][debug][gc,age         ] GC(270) Desired survivor size 16777216 bytes, new threshold 15 (max threshold 15)
[12.227s][info ][gc,phases      ] GC(270)   Pre Evacuate Collection Set: 0.10ms
[12.227s][info ][gc,phases      ] GC(270)   Merge Heap Roots: 0.11ms
[12.227s][info ][gc,phases      ] GC(270)   Evacuate Collection Set: 0.11ms
[12.227s][info ][gc,phases      ] GC(270)   Post Evacuate Collection Set: 0.18ms
[12.227s][info ][gc,phases      ] GC(270)   Other: 0.06ms
[12.227s][trace][gc,age         ] GC(270) Age table:
[12.227s][trace][gc,age         ] GC(270) - age   1:     400208 bytes,     400208 total
[12.227s][info ][gc,heap        ] GC(270) Eden regions: 253->0(253)
[12.227s][info ][gc,heap        ] GC(270) Survivor regions: 1->1(32)
[12.227s][info ][gc,heap        ] GC(270) Old regions: 11->11
[12.227s][info ][gc,heap        ] GC(270) Humongous regions: 0->0
[12.227s][info ][gc,metaspace   ] GC(270) Metaspace: 10102K(10368K)->10102K(10368K) NonClass: 9143K(9344K)->9143K(9344K) Class: 958K(1024K)->958K(1024K)
[12.227s][info ][gc             ] GC(270) Pause Young (Normal) (G1 Evacuation Pause) 257M->4M(424M) 0.642ms
[12.227s][info ][gc,cpu         ] GC(270) User=0.00s Sys=0.00s Real=0.00s
[12.243s][info ][gc,start       ] GC(271) Pause Young (Normal) (G1 Evacuation Pause)
[12.243s][info ][gc,task        ] GC(271) Using 9 workers of 9 for evacuation
[12.243s][debug][gc,age         ] GC(271) Desired survivor size 16777216 bytes, new threshold 15 (max threshold 15)
[12.244s][info ][gc,phases      ] GC(271)   Pre Evacuate Collection Set: 0.07ms
[12.244s][info ][gc,phases      ] GC(271)   Merge Heap Roots: 0.06ms
[12.244s][info ][gc,phases      ] GC(271)   Evacuate Collection Set: 0.11ms
[12.244s][info ][gc,phases      ] GC(271)   Post Evacuate Collection Set: 0.17ms
[12.244s][info ][gc,phases      ] GC(271)   Other: 0.05ms
[12.244s][trace][gc,age         ] GC(271) Age table:
[12.244s][trace][gc,age         ] GC(271) - age   1:     400208 bytes,     400208 total
[12.244s][info ][gc,heap        ] GC(271) Eden regions: 253->0(253)
[12.244s][info ][gc,heap        ] GC(271) Survivor regions: 1->1(32)
[12.244s][info ][gc,heap        ] GC(271) Old regions: 11->11
[12.244s][info ][gc,heap        ] GC(271) Humongous regions: 0->0
[12.244s][info ][gc,metaspace   ] GC(271) Metaspace: 10102K(10368K)->10102K(10368K) NonClass: 9143K(9344K)->9143K(9344K) Class: 958K(1024K)->958K(1024K)
[12.244s][info ][gc             ] GC(271) Pause Young (Normal) (G1 Evacuation Pause) 257M->4M(424M) 0.568ms
[12.244s][info ][gc,cpu         ] GC(271) User=0.00s Sys=0.00s Real=0.00s
[12.259s][info ][gc,start       ] GC(272) Pause Young (Normal) (G1 Evacuation Pause)
[12.259s][info ][gc,task        ] GC(272) Using 9 workers of 9 for evacuation
[12.259s][debug][gc,age         ] GC(272) Desired survivor size 16777216 bytes, new threshold 15 (max threshold 15)
[12.260s][info ][gc,phases      ] GC(272)   Pre Evacuate Collection Set: 0.08ms
[12.260s][info ][gc,phases      ] GC(272)   Merge Heap Roots: 0.06ms
[12.260s][info ][gc,phases      ] GC(272)   Evacuate Collection Set: 0.09ms
[12.260s][info ][gc,phases      ] GC(272)   Post Evacuate Collection Set: 0.18ms
[12.260s][info ][gc,phases      ] GC(272)   Other: 0.06ms
[12.260s][trace][gc,age         ] GC(272) Age table:
[12.260s][trace][gc,age         ] GC(272) - age   1:     400208 bytes,     400208 total
[12.260s][info ][gc,heap        ] GC(272) Eden regions: 253->0(253)
[12.260s][info ][gc,heap        ] GC(272) Survivor regions: 1->1(32)
[12.260s][info ][gc,heap        ] GC(272) Old regions: 11->11
[12.260s][info ][gc,heap        ] GC(272) Humongous regions: 0->0
[12.260s][info ][gc,metaspace   ] GC(272) Metaspace: 10102K(10368K)->10102K(10368K) NonClass: 9143K(9344K)->9143K(9344K) Class: 958K(1024K)->958K(1024K)
[12.260s][info ][gc             ] GC(272) Pause Young (Normal) (G1 Evacuation Pause) 257M->4M(424M) 0.566ms
[12.260s][info ][gc,cpu         ] GC(272) User=0.00s Sys=0.00s Real=0.00s
[12.276s][info ][gc,start       ] GC(273) Pause Young (Normal) (G1 Evacuation Pause)
[12.276s][info ][gc,task        ] GC(273) Using 9 workers of 9 for evacuation
[12.276s][debug][gc,age         ] GC(273) Desired survivor size 16777216 bytes, new threshold 15 (max threshold 15)
[12.277s][info ][gc,phases      ] GC(273)   Pre Evacuate Collection Set: 0.07ms
[12.277s][info ][gc,phases      ] GC(273)   Merge Heap Roots: 0.06ms
[12.277s][info ][gc,phases      ] GC(273)   Evacuate Collection Set: 0.13ms
[12.277s][info ][gc,phases      ] GC(273)   Post Evacuate Collection Set: 0.17ms
[12.277s][info ][gc,phases      ] GC(273)   Other: 0.05ms
[12.277s][trace][gc,age         ] GC(273) Age table:
[12.277s][trace][gc,age         ] GC(273) - age   1:     400208 bytes,     400208 total
[12.277s][info ][gc,heap        ] GC(273) Eden regions: 253->0(253)
[12.277s][info ][gc,heap        ] GC(273) Survivor regions: 1->1(32)
[12.277s][info ][gc,heap        ] GC(273) Old regions: 11->11
[12.277s][info ][gc,heap        ] GC(273) Humongous regions: 0->0
[12.277s][info ][gc,metaspace   ] GC(273) Metaspace: 10102K(10368K)->10102K(10368K) NonClass: 9143K(9344K)->9143K(9344K) Class: 958K(1024K)->958K(1024K)
[12.277s][info ][gc             ] GC(273) Pause Young (Normal) (G1 Evacuation Pause) 257M->4M(424M) 0.567ms
[12.277s][info ][gc,cpu         ] GC(273) User=0.00s Sys=0.00s Real=0.00s
[12.293s][info ][gc,start       ] GC(274) Pause Young (Normal) (G1 Evacuation Pause)
[12.293s][info ][gc,task        ] GC(274) Using 9 workers of 9 for evacuation
[12.293s][debug][gc,age         ] GC(274) Desired survivor size 16777216 bytes, new threshold 15 (max threshold 15)
[12.293s][info ][gc,phases      ] GC(274)   Pre Evacuate Collection Set: 0.09ms
[12.293s][info ][gc,phases      ] GC(274)   Merge Heap Roots: 0.07ms
[12.293s][info ][gc,phases      ] GC(274)   Evacuate Collection Set: 0.08ms
[12.293s][info ][gc,phases      ] GC(274)   Post Evacuate Collection Set: 0.18ms
[12.293s][info ][gc,phases      ] GC(274)   Other: 0.05ms
[12.293s][trace][gc,age         ] GC(274) Age table:
[12.293s][trace][gc,age         ] GC(274) - age   1:     400208 bytes,     400208 total
[12.293s][info ][gc,heap        ] GC(274) Eden regions: 253->0(253)
[12.293s][info ][gc,heap        ] GC(274) Survivor regions: 1->1(32)
[12.293s][info ][gc,heap        ] GC(274) Old regions: 11->11
[12.293s][info ][gc,heap        ] GC(274) Humongous regions: 0->0
[12.293s][info ][gc,metaspace   ] GC(274) Metaspace: 10102K(10368K)->10102K(10368K) NonClass: 9143K(9344K)->9143K(9344K) Class: 958K(1024K)->958K(1024K)
[12.293s][info ][gc             ] GC(274) Pause Young (Normal) (G1 Evacuation Pause) 257M->4M(424M) 0.563ms
[12.293s][info ][gc,cpu         ] GC(274) User=0.00s Sys=0.00s Real=0.00s
[12.309s][info ][gc,start       ] GC(275) Pause Young (Normal) (G1 Evacuation Pause)
[12.309s][info ][gc,task        ] GC(275) Using 9 workers of 9 for evacuation
[12.309s][debug][gc,age         ] GC(275) Desired survivor size 16777216 bytes, new threshold 15 (max threshold 15)
[12.310s][info ][gc,phases      ] GC(275)   Pre Evacuate Collection Set: 0.11ms
[12.310s][info ][gc,phases      ] GC(275)   Merge Heap Roots: 0.06ms
[12.310s][info ][gc,phases      ] GC(275)   Evacuate Collection Set: 0.10ms
[12.310s][info ][gc,phases      ] GC(275)   Post Evacuate Collection Set: 0.19ms
[12.310s][info ][gc,phases      ] GC(275)   Other: 0.06ms
[12.310s][trace][gc,age         ] GC(275) Age table:
[12.310s][trace][gc,age         ] GC(275) - age   1:     400208 bytes,     400208 total
[12.310s][info ][gc,heap        ] GC(275) Eden regions: 253->0(253)
[12.310s][info ][gc,heap        ] GC(275) Survivor regions: 1->1(32)
[12.310s][info ][gc,heap        ] GC(275) Old regions: 11->11
[12.310s][info ][gc,heap        ] GC(275) Humongous regions: 0->0
[12.310s][info ][gc,metaspace   ] GC(275) Metaspace: 10102K(10368K)->10102K(10368K) NonClass: 9143K(9344K)->9143K(9344K) Class: 958K(1024K)->958K(1024K)
[12.310s][info ][gc             ] GC(275) Pause Young (Normal) (G1 Evacuation Pause) 257M->4M(424M) 0.624ms
[12.310s][info ][gc,cpu         ] GC(275) User=0.00s Sys=0.00s Real=0.00s
[12.325s][info ][gc,start       ] GC(276) Pause Young (Normal) (G1 Evacuation Pause)
[12.325s][info ][gc,task        ] GC(276) Using 9 workers of 9 for evacuation
[12.325s][debug][gc,age         ] GC(276) Desired survivor size 16777216 bytes, new threshold 15 (max threshold 15)
[12.326s][info ][gc,phases      ] GC(276)   Pre Evacuate Collection Set: 0.08ms
[12.326s][info ][gc,phases      ] GC(276)   Merge Heap Roots: 0.09ms
[12.326s][info ][gc,phases      ] GC(276)   Evacuate Collection Set: 0.08ms
[12.326s][info ][gc,phases      ] GC(276)   Post Evacuate Collection Set: 0.17ms
[12.326s][info ][gc,phases      ] GC(276)   Other: 0.05ms
[12.326s][trace][gc,age         ] GC(276) Age table:
[12.326s][trace][gc,age         ] GC(276) - age   1:     400208 bytes,     400208 total
[12.326s][info ][gc,heap        ] GC(276) Eden regions: 253->0(253)
[12.326s][info ][gc,heap        ] GC(276) Survivor regions: 1->1(32)
[12.326s][info ][gc,heap        ] GC(276) Old regions: 11->11
[12.326s][info ][gc,heap        ] GC(276) Humongous regions: 0->0
[12.326s][info ][gc,metaspace   ] GC(276) Metaspace: 10102K(10368K)->10102K(10368K) NonClass: 9143K(9344K)->9143K(9344K) Class: 958K(1024K)->958K(1024K)
[12.326s][info ][gc             ] GC(276) Pause Young (Normal) (G1 Evacuation Pause) 257M->4M(424M) 0.557ms
[12.326s][info ][gc,cpu         ] GC(276) User=0.00s Sys=0.01s Real=0.00s
[12.341s][info ][gc,start       ] GC(277) Pause Young (Normal) (G1 Evacuation Pause)
[12.341s][info ][gc,task        ] GC(277) Using 9 workers of 9 for evacuation
[12.341s][debug][gc,age         ] GC(277) Desired survivor size 16777216 bytes, new threshold 15 (max threshold 15)
[12.342s][info ][gc,phases      ] GC(277)   Pre Evacuate Collection Set: 0.09ms
[12.342s][info ][gc,phases      ] GC(277)   Merge Heap Roots: 0.07ms
[12.342s][info ][gc,phases      ] GC(277)   Evacuate Collection Set: 0.13ms
[12.342s][info ][gc,phases      ] GC(277)   Post Evacuate Collection Set: 0.17ms
[12.342s][info ][gc,phases      ] GC(277)   Other: 0.05ms
[12.342s][trace][gc,age         ] GC(277) Age table:
[12.342s][trace][gc,age         ] GC(277) - age   1:     400208 bytes,     400208 total
[12.342s][info ][gc,heap        ] GC(277) Eden regions: 253->0(253)
[12.342s][info ][gc,heap        ] GC(277) Survivor regions: 1->1(32)
[12.342s][info ][gc,heap        ] GC(277) Old regions: 11->11
[12.342s][info ][gc,heap        ] GC(277) Humongous regions: 0->0
[12.342s][info ][gc,metaspace   ] GC(277) Metaspace: 10102K(10368K)->10102K(10368K) NonClass: 9143K(9344K)->9143K(9344K) Class: 958K(1024K)->958K(1024K)
[12.342s][info ][gc             ] GC(277) Pause Young (Normal) (G1 Evacuation Pause) 257M->4M(424M) 0.613ms
[12.342s][info ][gc,cpu         ] GC(277) User=0.00s Sys=0.00s Real=0.00s
[12.358s][info ][gc,start       ] GC(278) Pause Young (Normal) (G1 Evacuation Pause)
[12.358s][info ][gc,task        ] GC(278) Using 9 workers of 9 for evacuation
[12.358s][debug][gc,age         ] GC(278) Desired survivor size 16777216 bytes, new threshold 15 (max threshold 15)
[12.358s][info ][gc,phases      ] GC(278)   Pre Evacuate Collection Set: 0.11ms
[12.358s][info ][gc,phases      ] GC(278)   Merge Heap Roots: 0.09ms
[12.358s][info ][gc,phases      ] GC(278)   Evacuate Collection Set: 0.08ms
[12.358s][info ][gc,phases      ] GC(278)   Post Evacuate Collection Set: 0.18ms
[12.358s][info ][gc,phases      ] GC(278)   Other: 0.06ms
[12.358s][trace][gc,age         ] GC(278) Age table:
[12.358s][trace][gc,age         ] GC(278) - age   1:     400208 bytes,     400208 total
[12.358s][info ][gc,heap        ] GC(278) Eden regions: 253->0(253)
[12.358s][info ][gc,heap        ] GC(278) Survivor regions: 1->1(32)
[12.358s][info ][gc,heap        ] GC(278) Old regions: 11->11
[12.358s][info ][gc,heap        ] GC(278) Humongous regions: 0->0
[12.358s][info ][gc,metaspace   ] GC(278) Metaspace: 10102K(10368K)->10102K(10368K) NonClass: 9143K(9344K)->9143K(9344K) Class: 958K(1024K)->958K(1024K)
[12.358s][info ][gc             ] GC(278) Pause Young (Normal) (G1 Evacuation Pause) 257M->4M(424M) 0.623ms
[12.358s][info ][gc,cpu         ] GC(278) User=0.00s Sys=0.00s Real=0.00s
[12.374s][info ][gc,start       ] GC(279) Pause Young (Normal) (G1 Evacuation Pause)
[12.374s][info ][gc,task        ] GC(279) Using 9 workers of 9 for evacuation
[12.374s][debug][gc,age         ] GC(279) Desired survivor size 16777216 bytes, new threshold 15 (max threshold 15)
[12.374s][info ][gc,phases      ] GC(279)   Pre Evacuate Collection Set: 0.08ms
[12.374s][info ][gc,phases      ] GC(279)   Merge Heap Roots: 0.10ms
[12.374s][info ][gc,phases      ] GC(279)   Evacuate Collection Set: 0.08ms
[12.374s][info ][gc,phases      ] GC(279)   Post Evacuate Collection Set: 0.20ms
[12.374s][info ][gc,phases      ] GC(279)   Other: 0.05ms
[12.374s][trace][gc,age         ] GC(279) Age table:
[12.374s][trace][gc,age         ] GC(279) - age   1:     400208 bytes,     400208 total
[12.374s][info ][gc,heap        ] GC(279) Eden regions: 253->0(253)
[12.374s][info ][gc,heap        ] GC(279) Survivor regions: 1->1(32)
[12.374s][info ][gc,heap        ] GC(279) Old regions: 11->11
[12.374s][info ][gc,heap        ] GC(279) Humongous regions: 0->0
[12.374s][info ][gc,metaspace   ] GC(279) Metaspace: 10102K(10368K)->10102K(10368K) NonClass: 9143K(9344K)->9143K(9344K) Class: 958K(1024K)->958K(1024K)
[12.374s][info ][gc             ] GC(279) Pause Young (Normal) (G1 Evacuation Pause) 257M->4M(424M) 0.598ms
[12.374s][info ][gc,cpu         ] GC(279) User=0.00s Sys=0.00s Real=0.00s
[12.391s][info ][gc,start       ] GC(280) Pause Young (Normal) (G1 Evacuation Pause)
[12.391s][info ][gc,task        ] GC(280) Using 9 workers of 9 for evacuation
[12.391s][debug][gc,age         ] GC(280) Desired survivor size 16777216 bytes, new threshold 15 (max threshold 15)
[12.391s][info ][gc,phases      ] GC(280)   Pre Evacuate Collection Set: 0.07ms
[12.391s][info ][gc,phases      ] GC(280)   Merge Heap Roots: 0.06ms
[12.391s][info ][gc,phases      ] GC(280)   Evacuate Collection Set: 0.11ms
[12.391s][info ][gc,phases      ] GC(280)   Post Evacuate Collection Set: 0.19ms
[12.391s][info ][gc,phases      ] GC(280)   Other: 0.06ms
[12.391s][trace][gc,age         ] GC(280) Age table:
[12.391s][trace][gc,age         ] GC(280) - age   1:     400208 bytes,     400208 total
[12.391s][info ][gc,heap        ] GC(280) Eden regions: 253->0(253)
[12.391s][info ][gc,heap        ] GC(280) Survivor regions: 1->1(32)
[12.391s][info ][gc,heap        ] GC(280) Old regions: 11->11
[12.391s][info ][gc,heap        ] GC(280) Humongous regions: 0->0
[12.391s][info ][gc,metaspace   ] GC(280) Metaspace: 10102K(10368K)->10102K(10368K) NonClass: 9143K(9344K)->9143K(9344K) Class: 958K(1024K)->958K(1024K)
[12.391s][info ][gc             ] GC(280) Pause Young (Normal) (G1 Evacuation Pause) 257M->4M(424M) 0.584ms
[12.391s][info ][gc,cpu         ] GC(280) User=0.00s Sys=0.00s Real=0.00s
[12.407s][info ][gc,start       ] GC(281) Pause Young (Normal) (G1 Evacuation Pause)
[12.407s][info ][gc,task        ] GC(281) Using 9 workers of 9 for evacuation
[12.407s][debug][gc,age         ] GC(281) Desired survivor size 16777216 bytes, new threshold 15 (max threshold 15)
[12.407s][info ][gc,phases      ] GC(281)   Pre Evacuate Collection Set: 0.08ms
[12.407s][info ][gc,phases      ] GC(281)   Merge Heap Roots: 0.06ms
[12.407s][info ][gc,phases      ] GC(281)   Evacuate Collection Set: 0.12ms
[12.407s][info ][gc,phases      ] GC(281)   Post Evacuate Collection Set: 0.15ms
[12.407s][info ][gc,phases      ] GC(281)   Other: 0.05ms
[12.407s][trace][gc,age         ] GC(281) Age table:
[12.407s][trace][gc,age         ] GC(281) - age   1:     400208 bytes,     400208 total
[12.407s][info ][gc,heap        ] GC(281) Eden regions: 253->0(253)
[12.407s][info ][gc,heap        ] GC(281) Survivor regions: 1->1(32)
[12.407s][info ][gc,heap        ] GC(281) Old regions: 11->11
[12.407s][info ][gc,heap        ] GC(281) Humongous regions: 0->0
[12.407s][info ][gc,metaspace   ] GC(281) Metaspace: 10102K(10368K)->10102K(10368K) NonClass: 9143K(9344K)->9143K(9344K) Class: 958K(1024K)->958K(1024K)
[12.407s][info ][gc             ] GC(281) Pause Young (Normal) (G1 Evacuation Pause) 257M->4M(424M) 0.562ms
[12.408s][info ][gc,cpu         ] GC(281) User=0.00s Sys=0.00s Real=0.00s
[12.424s][info ][gc,start       ] GC(282) Pause Young (Normal) (G1 Evacuation Pause)
[12.424s][info ][gc,task        ] GC(282) Using 9 workers of 9 for evacuation
[12.424s][debug][gc,age         ] GC(282) Desired survivor size 16777216 bytes, new threshold 15 (max threshold 15)
[12.424s][info ][gc,phases      ] GC(282)   Pre Evacuate Collection Set: 0.06ms
[12.424s][info ][gc,phases      ] GC(282)   Merge Heap Roots: 0.09ms
[12.424s][info ][gc,phases      ] GC(282)   Evacuate Collection Set: 0.12ms
[12.424s][info ][gc,phases      ] GC(282)   Post Evacuate Collection Set: 0.16ms
[12.424s][info ][gc,phases      ] GC(282)   Other: 0.05ms
[12.424s][trace][gc,age         ] GC(282) Age table:
[12.424s][trace][gc,age         ] GC(282) - age   1:     400208 bytes,     400208 total
[12.424s][info ][gc,heap        ] GC(282) Eden regions: 253->0(253)
[12.424s][info ][gc,heap        ] GC(282) Survivor regions: 1->1(32)
[12.424s][info ][gc,heap        ] GC(282) Old regions: 11->11
[12.424s][info ][gc,heap        ] GC(282) Humongous regions: 0->0
[12.424s][info ][gc,metaspace   ] GC(282) Metaspace: 10102K(10368K)->10102K(10368K) NonClass: 9143K(9344K)->9143K(9344K) Class: 958K(1024K)->958K(1024K)
[12.424s][info ][gc             ] GC(282) Pause Young (Normal) (G1 Evacuation Pause) 257M->4M(424M) 0.583ms
[12.424s][info ][gc,cpu         ] GC(282) User=0.00s Sys=0.00s Real=0.00s
[12.440s][info ][gc,start       ] GC(283) Pause Young (Normal) (G1 Evacuation Pause)
[12.440s][info ][gc,task        ] GC(283) Using 9 workers of 9 for evacuation
[12.440s][debug][gc,age         ] GC(283) Desired survivor size 16777216 bytes, new threshold 15 (max threshold 15)
[12.441s][info ][gc,phases      ] GC(283)   Pre Evacuate Collection Set: 0.08ms
[12.441s][info ][gc,phases      ] GC(283)   Merge Heap Roots: 0.09ms
[12.441s][info ][gc,phases      ] GC(283)   Evacuate Collection Set: 0.09ms
[12.441s][info ][gc,phases      ] GC(283)   Post Evacuate Collection Set: 0.15ms
[12.441s][info ][gc,phases      ] GC(283)   Other: 0.06ms
[12.441s][trace][gc,age         ] GC(283) Age table:
[12.441s][trace][gc,age         ] GC(283) - age   1:     400208 bytes,     400208 total
[12.441s][info ][gc,heap        ] GC(283) Eden regions: 253->0(253)
[12.441s][info ][gc,heap        ] GC(283) Survivor regions: 1->1(32)
[12.441s][info ][gc,heap        ] GC(283) Old regions: 11->11
[12.441s][info ][gc,heap        ] GC(283) Humongous regions: 0->0
[12.441s][info ][gc,metaspace   ] GC(283) Metaspace: 10102K(10368K)->10102K(10368K) NonClass: 9143K(9344K)->9143K(9344K) Class: 958K(1024K)->958K(1024K)
[12.441s][info ][gc             ] GC(283) Pause Young (Normal) (G1 Evacuation Pause) 257M->4M(424M) 0.546ms
[12.441s][info ][gc,cpu         ] GC(283) User=0.00s Sys=0.00s Real=0.00s
[12.457s][info ][gc,start       ] GC(284) Pause Young (Normal) (G1 Evacuation Pause)
[12.457s][info ][gc,task        ] GC(284) Using 9 workers of 9 for evacuation
[12.457s][debug][gc,age         ] GC(284) Desired survivor size 16777216 bytes, new threshold 15 (max threshold 15)
[12.457s][info ][gc,phases      ] GC(284)   Pre Evacuate Collection Set: 0.10ms
[12.457s][info ][gc,phases      ] GC(284)   Merge Heap Roots: 0.06ms
[12.457s][info ][gc,phases      ] GC(284)   Evacuate Collection Set: 0.07ms
[12.457s][info ][gc,phases      ] GC(284)   Post Evacuate Collection Set: 0.17ms
[12.457s][info ][gc,phases      ] GC(284)   Other: 0.05ms
[12.457s][trace][gc,age         ] GC(284) Age table:
[12.457s][trace][gc,age         ] GC(284) - age   1:     400208 bytes,     400208 total
[12.457s][info ][gc,heap        ] GC(284) Eden regions: 253->0(253)
[12.457s][info ][gc,heap        ] GC(284) Survivor regions: 1->1(32)
[12.457s][info ][gc,heap        ] GC(284) Old regions: 11->11
[12.457s][info ][gc,heap        ] GC(284) Humongous regions: 0->0
[12.457s][info ][gc,metaspace   ] GC(284) Metaspace: 10102K(10368K)->10102K(10368K) NonClass: 9143K(9344K)->9143K(9344K) Class: 958K(1024K)->958K(1024K)
[12.457s][info ][gc             ] GC(284) Pause Young (Normal) (G1 Evacuation Pause) 257M->4M(424M) 0.540ms
[12.457s][info ][gc,cpu         ] GC(284) User=0.00s Sys=0.00s Real=0.00s
[12.473s][info ][gc,start       ] GC(285) Pause Young (Normal) (G1 Evacuation Pause)
[12.473s][info ][gc,task        ] GC(285) Using 9 workers of 9 for evacuation
[12.473s][debug][gc,age         ] GC(285) Desired survivor size 16777216 bytes, new threshold 15 (max threshold 15)
[12.474s][info ][gc,phases      ] GC(285)   Pre Evacuate Collection Set: 0.09ms
[12.474s][info ][gc,phases      ] GC(285)   Merge Heap Roots: 0.11ms
[12.474s][info ][gc,phases      ] GC(285)   Evacuate Collection Set: 0.10ms
[12.474s][info ][gc,phases      ] GC(285)   Post Evacuate Collection Set: 0.18ms
[12.474s][info ][gc,phases      ] GC(285)   Other: 0.06ms
[12.474s][trace][gc,age         ] GC(285) Age table:
[12.474s][trace][gc,age         ] GC(285) - age   1:     400208 bytes,     400208 total
[12.474s][info ][gc,heap        ] GC(285) Eden regions: 253->0(253)
[12.474s][info ][gc,heap        ] GC(285) Survivor regions: 1->1(32)
[12.474s][info ][gc,heap        ] GC(285) Old regions: 11->11
[12.474s][info ][gc,heap        ] GC(285) Humongous regions: 0->0
[12.474s][info ][gc,metaspace   ] GC(285) Metaspace: 10102K(10368K)->10102K(10368K) NonClass: 9143K(9344K)->9143K(9344K) Class: 958K(1024K)->958K(1024K)
[12.474s][info ][gc             ] GC(285) Pause Young (Normal) (G1 Evacuation Pause) 257M->4M(424M) 0.632ms
[12.474s][info ][gc,cpu         ] GC(285) User=0.00s Sys=0.00s Real=0.00s
[12.489s][info ][gc,start       ] GC(286) Pause Young (Normal) (G1 Evacuation Pause)
[12.489s][info ][gc,task        ] GC(286) Using 9 workers of 9 for evacuation
[12.489s][debug][gc,age         ] GC(286) Desired survivor size 16777216 bytes, new threshold 15 (max threshold 15)
[12.490s][info ][gc,phases      ] GC(286)   Pre Evacuate Collection Set: 0.08ms
[12.490s][info ][gc,phases      ] GC(286)   Merge Heap Roots: 0.05ms
[12.490s][info ][gc,phases      ] GC(286)   Evacuate Collection Set: 0.15ms
[12.490s][info ][gc,phases      ] GC(286)   Post Evacuate Collection Set: 0.14ms
[12.490s][info ][gc,phases      ] GC(286)   Other: 0.05ms
[12.490s][trace][gc,age         ] GC(286) Age table:
[12.490s][trace][gc,age         ] GC(286) - age   1:     400208 bytes,     400208 total
[12.490s][info ][gc,heap        ] GC(286) Eden regions: 253->0(253)
[12.490s][info ][gc,heap        ] GC(286) Survivor regions: 1->1(32)
[12.490s][info ][gc,heap        ] GC(286) Old regions: 11->11
[12.490s][info ][gc,heap        ] GC(286) Humongous regions: 0->0
[12.490s][info ][gc,metaspace   ] GC(286) Metaspace: 10102K(10368K)->10102K(10368K) NonClass: 9143K(9344K)->9143K(9344K) Class: 958K(1024K)->958K(1024K)
[12.490s][info ][gc             ] GC(286) Pause Young (Normal) (G1 Evacuation Pause) 257M->4M(424M) 0.573ms
[12.490s][info ][gc,cpu         ] GC(286) User=0.00s Sys=0.00s Real=0.00s
[12.506s][info ][gc,start       ] GC(287) Pause Young (Normal) (G1 Evacuation Pause)
[12.506s][info ][gc,task        ] GC(287) Using 9 workers of 9 for evacuation
[12.506s][debug][gc,age         ] GC(287) Desired survivor size 16777216 bytes, new threshold 15 (max threshold 15)
[12.507s][info ][gc,phases      ] GC(287)   Pre Evacuate Collection Set: 0.10ms
[12.507s][info ][gc,phases      ] GC(287)   Merge Heap Roots: 0.07ms
[12.507s][info ][gc,phases      ] GC(287)   Evacuate Collection Set: 0.08ms
[12.507s][info ][gc,phases      ] GC(287)   Post Evacuate Collection Set: 0.18ms
[12.507s][info ][gc,phases      ] GC(287)   Other: 0.04ms
[12.507s][trace][gc,age         ] GC(287) Age table:
[12.507s][trace][gc,age         ] GC(287) - age   1:     400208 bytes,     400208 total
[12.507s][info ][gc,heap        ] GC(287) Eden regions: 253->0(253)
[12.507s][info ][gc,heap        ] GC(287) Survivor regions: 1->1(32)
[12.507s][info ][gc,heap        ] GC(287) Old regions: 11->11
[12.507s][info ][gc,heap        ] GC(287) Humongous regions: 0->0
[12.507s][info ][gc,metaspace   ] GC(287) Metaspace: 10102K(10368K)->10102K(10368K) NonClass: 9143K(9344K)->9143K(9344K) Class: 958K(1024K)->958K(1024K)
[12.507s][info ][gc             ] GC(287) Pause Young (Normal) (G1 Evacuation Pause) 257M->4M(424M) 0.565ms
[12.507s][info ][gc,cpu         ] GC(287) User=0.00s Sys=0.00s Real=0.00s
[12.522s][info ][gc,start       ] GC(288) Pause Young (Normal) (G1 Evacuation Pause)
[12.522s][info ][gc,task        ] GC(288) Using 9 workers of 9 for evacuation
[12.522s][debug][gc,age         ] GC(288) Desired survivor size 16777216 bytes, new threshold 15 (max threshold 15)
[12.523s][info ][gc,phases      ] GC(288)   Pre Evacuate Collection Set: 0.07ms
[12.523s][info ][gc,phases      ] GC(288)   Merge Heap Roots: 0.10ms
[12.523s][info ][gc,phases      ] GC(288)   Evacuate Collection Set: 0.10ms
[12.523s][info ][gc,phases      ] GC(288)   Post Evacuate Collection Set: 0.15ms
[12.523s][info ][gc,phases      ] GC(288)   Other: 0.07ms
[12.523s][trace][gc,age         ] GC(288) Age table:
[12.523s][trace][gc,age         ] GC(288) - age   1:     400208 bytes,     400208 total
[12.523s][info ][gc,heap        ] GC(288) Eden regions: 253->0(253)
[12.523s][info ][gc,heap        ] GC(288) Survivor regions: 1->1(32)
[12.523s][info ][gc,heap        ] GC(288) Old regions: 11->11
[12.523s][info ][gc,heap        ] GC(288) Humongous regions: 0->0
[12.523s][info ][gc,metaspace   ] GC(288) Metaspace: 10102K(10368K)->10102K(10368K) NonClass: 9143K(9344K)->9143K(9344K) Class: 958K(1024K)->958K(1024K)
[12.523s][info ][gc             ] GC(288) Pause Young (Normal) (G1 Evacuation Pause) 257M->4M(424M) 0.577ms
[12.523s][info ][gc,cpu         ] GC(288) User=0.00s Sys=0.00s Real=0.00s
[12.539s][info ][gc,start       ] GC(289) Pause Young (Normal) (G1 Evacuation Pause)
[12.539s][info ][gc,task        ] GC(289) Using 9 workers of 9 for evacuation
[12.539s][debug][gc,age         ] GC(289) Desired survivor size 16777216 bytes, new threshold 15 (max threshold 15)
[12.540s][info ][gc,phases      ] GC(289)   Pre Evacuate Collection Set: 0.07ms
[12.540s][info ][gc,phases      ] GC(289)   Merge Heap Roots: 0.09ms
[12.540s][info ][gc,phases      ] GC(289)   Evacuate Collection Set: 0.08ms
[12.540s][info ][gc,phases      ] GC(289)   Post Evacuate Collection Set: 0.17ms
[12.540s][info ][gc,phases      ] GC(289)   Other: 0.05ms
[12.540s][trace][gc,age         ] GC(289) Age table:
[12.540s][trace][gc,age         ] GC(289) - age   1:     400208 bytes,     400208 total
[12.540s][info ][gc,heap        ] GC(289) Eden regions: 253->0(253)
[12.540s][info ][gc,heap        ] GC(289) Survivor regions: 1->1(32)
[12.540s][info ][gc,heap        ] GC(289) Old regions: 11->11
[12.540s][info ][gc,heap        ] GC(289) Humongous regions: 0->0
[12.540s][info ][gc,metaspace   ] GC(289) Metaspace: 10102K(10368K)->10102K(10368K) NonClass: 9143K(9344K)->9143K(9344K) Class: 958K(1024K)->958K(1024K)
[12.540s][info ][gc             ] GC(289) Pause Young (Normal) (G1 Evacuation Pause) 257M->4M(424M) 0.548ms
[12.540s][info ][gc,cpu         ] GC(289) User=0.00s Sys=0.00s Real=0.00s
[12.555s][info ][gc,start       ] GC(290) Pause Young (Normal) (G1 Evacuation Pause)
[12.555s][info ][gc,task        ] GC(290) Using 9 workers of 9 for evacuation
[12.555s][debug][gc,age         ] GC(290) Desired survivor size 16777216 bytes, new threshold 15 (max threshold 15)
[12.556s][info ][gc,phases      ] GC(290)   Pre Evacuate Collection Set: 0.07ms
[12.556s][info ][gc,phases      ] GC(290)   Merge Heap Roots: 0.07ms
[12.556s][info ][gc,phases      ] GC(290)   Evacuate Collection Set: 0.12ms
[12.556s][info ][gc,phases      ] GC(290)   Post Evacuate Collection Set: 0.19ms
[12.556s][info ][gc,phases      ] GC(290)   Other: 0.05ms
[12.556s][trace][gc,age         ] GC(290) Age table:
[12.556s][trace][gc,age         ] GC(290) - age   1:     400208 bytes,     400208 total
[12.556s][info ][gc,heap        ] GC(290) Eden regions: 253->0(253)
[12.556s][info ][gc,heap        ] GC(290) Survivor regions: 1->1(32)
[12.556s][info ][gc,heap        ] GC(290) Old regions: 11->11
[12.556s][info ][gc,heap        ] GC(290) Humongous regions: 0->0
[12.556s][info ][gc,metaspace   ] GC(290) Metaspace: 10102K(10368K)->10102K(10368K) NonClass: 9143K(9344K)->9143K(9344K) Class: 958K(1024K)->958K(1024K)
[12.556s][info ][gc             ] GC(290) Pause Young (Normal) (G1 Evacuation Pause) 257M->4M(424M) 0.592ms
[12.556s][info ][gc,cpu         ] GC(290) User=0.01s Sys=0.00s Real=0.00s
[12.571s][info ][gc,start       ] GC(291) Pause Young (Normal) (G1 Evacuation Pause)
[12.572s][info ][gc,task        ] GC(291) Using 9 workers of 9 for evacuation
[12.572s][debug][gc,age         ] GC(291) Desired survivor size 16777216 bytes, new threshold 15 (max threshold 15)
[12.572s][info ][gc,phases      ] GC(291)   Pre Evacuate Collection Set: 0.07ms
[12.572s][info ][gc,phases      ] GC(291)   Merge Heap Roots: 0.05ms
[12.572s][info ][gc,phases      ] GC(291)   Evacuate Collection Set: 0.11ms
[12.572s][info ][gc,phases      ] GC(291)   Post Evacuate Collection Set: 0.15ms
[12.572s][info ][gc,phases      ] GC(291)   Other: 0.05ms
[12.572s][trace][gc,age         ] GC(291) Age table:
[12.572s][trace][gc,age         ] GC(291) - age   1:     400208 bytes,     400208 total
[12.572s][info ][gc,heap        ] GC(291) Eden regions: 253->0(253)
[12.572s][info ][gc,heap        ] GC(291) Survivor regions: 1->1(32)
[12.572s][info ][gc,heap        ] GC(291) Old regions: 11->11
[12.572s][info ][gc,heap        ] GC(291) Humongous regions: 0->0
[12.572s][info ][gc,metaspace   ] GC(291) Metaspace: 10102K(10368K)->10102K(10368K) NonClass: 9143K(9344K)->9143K(9344K) Class: 958K(1024K)->958K(1024K)
[12.572s][info ][gc             ] GC(291) Pause Young (Normal) (G1 Evacuation Pause) 257M->4M(424M) 0.525ms
[12.572s][info ][gc,cpu         ] GC(291) User=0.00s Sys=0.00s Real=0.00s
[12.588s][info ][gc,start       ] GC(292) Pause Young (Normal) (G1 Evacuation Pause)
[12.588s][info ][gc,task        ] GC(292) Using 9 workers of 9 for evacuation
[12.588s][debug][gc,age         ] GC(292) Desired survivor size 16777216 bytes, new threshold 15 (max threshold 15)
[12.588s][info ][gc,phases      ] GC(292)   Pre Evacuate Collection Set: 0.07ms
[12.588s][info ][gc,phases      ] GC(292)   Merge Heap Roots: 0.06ms
[12.588s][info ][gc,phases      ] GC(292)   Evacuate Collection Set: 0.15ms
[12.588s][info ][gc,phases      ] GC(292)   Post Evacuate Collection Set: 0.19ms
[12.588s][info ][gc,phases      ] GC(292)   Other: 0.05ms
[12.588s][trace][gc,age         ] GC(292) Age table:
[12.588s][trace][gc,age         ] GC(292) - age   1:     400208 bytes,     400208 total
[12.588s][info ][gc,heap        ] GC(292) Eden regions: 253->0(253)
[12.588s][info ][gc,heap        ] GC(292) Survivor regions: 1->1(32)
[12.588s][info ][gc,heap        ] GC(292) Old regions: 11->11
[12.588s][info ][gc,heap        ] GC(292) Humongous regions: 0->0
[12.588s][info ][gc,metaspace   ] GC(292) Metaspace: 10102K(10368K)->10102K(10368K) NonClass: 9143K(9344K)->9143K(9344K) Class: 958K(1024K)->958K(1024K)
[12.588s][info ][gc             ] GC(292) Pause Young (Normal) (G1 Evacuation Pause) 257M->4M(424M) 0.606ms
[12.588s][info ][gc,cpu         ] GC(292) User=0.00s Sys=0.00s Real=0.00s
[12.604s][info ][gc,start       ] GC(293) Pause Young (Normal) (G1 Evacuation Pause)
[12.604s][info ][gc,task        ] GC(293) Using 9 workers of 9 for evacuation
[12.604s][debug][gc,age         ] GC(293) Desired survivor size 16777216 bytes, new threshold 15 (max threshold 15)
[12.605s][info ][gc,phases      ] GC(293)   Pre Evacuate Collection Set: 0.06ms
[12.605s][info ][gc,phases      ] GC(293)   Merge Heap Roots: 0.06ms
[12.605s][info ][gc,phases      ] GC(293)   Evacuate Collection Set: 0.12ms
[12.605s][info ][gc,phases      ] GC(293)   Post Evacuate Collection Set: 0.22ms
[12.605s][info ][gc,phases      ] GC(293)   Other: 0.07ms
[12.605s][trace][gc,age         ] GC(293) Age table:
[12.605s][trace][gc,age         ] GC(293) - age   1:     400208 bytes,     400208 total
[12.605s][info ][gc,heap        ] GC(293) Eden regions: 253->0(253)
[12.605s][info ][gc,heap        ] GC(293) Survivor regions: 1->1(32)
[12.605s][info ][gc,heap        ] GC(293) Old regions: 11->11
[12.605s][info ][gc,heap        ] GC(293) Humongous regions: 0->0
[12.605s][info ][gc,metaspace   ] GC(293) Metaspace: 10102K(10368K)->10102K(10368K) NonClass: 9143K(9344K)->9143K(9344K) Class: 958K(1024K)->958K(1024K)
[12.605s][info ][gc             ] GC(293) Pause Young (Normal) (G1 Evacuation Pause) 257M->4M(424M) 0.626ms
[12.605s][info ][gc,cpu         ] GC(293) User=0.00s Sys=0.01s Real=0.00s
[12.621s][info ][gc,start       ] GC(294) Pause Young (Normal) (G1 Evacuation Pause)
[12.621s][info ][gc,task        ] GC(294) Using 9 workers of 9 for evacuation
[12.621s][debug][gc,age         ] GC(294) Desired survivor size 16777216 bytes, new threshold 15 (max threshold 15)
[12.621s][info ][gc,phases      ] GC(294)   Pre Evacuate Collection Set: 0.09ms
[12.621s][info ][gc,phases      ] GC(294)   Merge Heap Roots: 0.08ms
[12.621s][info ][gc,phases      ] GC(294)   Evacuate Collection Set: 0.12ms
[12.621s][info ][gc,phases      ] GC(294)   Post Evacuate Collection Set: 0.17ms
[12.621s][info ][gc,phases      ] GC(294)   Other: 0.06ms
[12.621s][trace][gc,age         ] GC(294) Age table:
[12.621s][trace][gc,age         ] GC(294) - age   1:     400208 bytes,     400208 total
[12.621s][info ][gc,heap        ] GC(294) Eden regions: 253->0(253)
[12.621s][info ][gc,heap        ] GC(294) Survivor regions: 1->1(32)
[12.621s][info ][gc,heap        ] GC(294) Old regions: 11->11
[12.621s][info ][gc,heap        ] GC(294) Humongous regions: 0->0
[12.621s][info ][gc,metaspace   ] GC(294) Metaspace: 10102K(10368K)->10102K(10368K) NonClass: 9143K(9344K)->9143K(9344K) Class: 958K(1024K)->958K(1024K)
[12.621s][info ][gc             ] GC(294) Pause Young (Normal) (G1 Evacuation Pause) 257M->4M(424M) 0.618ms
[12.621s][info ][gc,cpu         ] GC(294) User=0.00s Sys=0.00s Real=0.00s
[12.637s][info ][gc,start       ] GC(295) Pause Young (Normal) (G1 Evacuation Pause)
[12.637s][info ][gc,task        ] GC(295) Using 9 workers of 9 for evacuation
[12.637s][debug][gc,age         ] GC(295) Desired survivor size 16777216 bytes, new threshold 15 (max threshold 15)
[12.638s][info ][gc,phases      ] GC(295)   Pre Evacuate Collection Set: 0.06ms
[12.638s][info ][gc,phases      ] GC(295)   Merge Heap Roots: 0.07ms
[12.638s][info ][gc,phases      ] GC(295)   Evacuate Collection Set: 0.11ms
[12.638s][info ][gc,phases      ] GC(295)   Post Evacuate Collection Set: 0.17ms
[12.638s][info ][gc,phases      ] GC(295)   Other: 0.06ms
[12.638s][trace][gc,age         ] GC(295) Age table:
[12.638s][trace][gc,age         ] GC(295) - age   1:     400208 bytes,     400208 total
[12.638s][info ][gc,heap        ] GC(295) Eden regions: 253->0(253)
[12.638s][info ][gc,heap        ] GC(295) Survivor regions: 1->1(32)
[12.638s][info ][gc,heap        ] GC(295) Old regions: 11->11
[12.638s][info ][gc,heap        ] GC(295) Humongous regions: 0->0
[12.638s][info ][gc,metaspace   ] GC(295) Metaspace: 10102K(10368K)->10102K(10368K) NonClass: 9143K(9344K)->9143K(9344K) Class: 958K(1024K)->958K(1024K)
[12.638s][info ][gc             ] GC(295) Pause Young (Normal) (G1 Evacuation Pause) 257M->4M(424M) 0.569ms
[12.638s][info ][gc,cpu         ] GC(295) User=0.00s Sys=0.00s Real=0.00s
[12.653s][info ][gc,start       ] GC(296) Pause Young (Normal) (G1 Evacuation Pause)
[12.653s][info ][gc,task        ] GC(296) Using 9 workers of 9 for evacuation
[12.653s][debug][gc,age         ] GC(296) Desired survivor size 16777216 bytes, new threshold 15 (max threshold 15)
[12.654s][info ][gc,phases      ] GC(296)   Pre Evacuate Collection Set: 0.08ms
[12.654s][info ][gc,phases      ] GC(296)   Merge Heap Roots: 0.06ms
[12.654s][info ][gc,phases      ] GC(296)   Evacuate Collection Set: 0.09ms
[12.654s][info ][gc,phases      ] GC(296)   Post Evacuate Collection Set: 0.17ms
[12.654s][info ][gc,phases      ] GC(296)   Other: 0.05ms
[12.654s][trace][gc,age         ] GC(296) Age table:
[12.654s][trace][gc,age         ] GC(296) - age   1:     400208 bytes,     400208 total
[12.654s][info ][gc,heap        ] GC(296) Eden regions: 253->0(253)
[12.654s][info ][gc,heap        ] GC(296) Survivor regions: 1->1(32)
[12.654s][info ][gc,heap        ] GC(296) Old regions: 11->11
[12.654s][info ][gc,heap        ] GC(296) Humongous regions: 0->0
[12.654s][info ][gc,metaspace   ] GC(296) Metaspace: 10102K(10368K)->10102K(10368K) NonClass: 9143K(9344K)->9143K(9344K) Class: 958K(1024K)->958K(1024K)
[12.654s][info ][gc             ] GC(296) Pause Young (Normal) (G1 Evacuation Pause) 257M->4M(424M) 0.541ms
[12.654s][info ][gc,cpu         ] GC(296) User=0.00s Sys=0.00s Real=0.00s
[12.670s][info ][gc,start       ] GC(297) Pause Young (Normal) (G1 Evacuation Pause)
[12.670s][info ][gc,task        ] GC(297) Using 9 workers of 9 for evacuation
[12.670s][debug][gc,age         ] GC(297) Desired survivor size 16777216 bytes, new threshold 15 (max threshold 15)
[12.670s][info ][gc,phases      ] GC(297)   Pre Evacuate Collection Set: 0.08ms
[12.670s][info ][gc,phases      ] GC(297)   Merge Heap Roots: 0.09ms
[12.670s][info ][gc,phases      ] GC(297)   Evacuate Collection Set: 0.10ms
[12.670s][info ][gc,phases      ] GC(297)   Post Evacuate Collection Set: 0.14ms
[12.670s][info ][gc,phases      ] GC(297)   Other: 0.04ms
[12.670s][trace][gc,age         ] GC(297) Age table:
[12.670s][trace][gc,age         ] GC(297) - age   1:     400208 bytes,     400208 total
[12.670s][info ][gc,heap        ] GC(297) Eden regions: 253->0(253)
[12.670s][info ][gc,heap        ] GC(297) Survivor regions: 1->1(32)
[12.670s][info ][gc,heap        ] GC(297) Old regions: 11->11
[12.670s][info ][gc,heap        ] GC(297) Humongous regions: 0->0
[12.670s][info ][gc,metaspace   ] GC(297) Metaspace: 10102K(10368K)->10102K(10368K) NonClass: 9143K(9344K)->9143K(9344K) Class: 958K(1024K)->958K(1024K)
[12.670s][info ][gc             ] GC(297) Pause Young (Normal) (G1 Evacuation Pause) 257M->4M(424M) 0.539ms
[12.670s][info ][gc,cpu         ] GC(297) User=0.00s Sys=0.00s Real=0.00s
[12.686s][info ][gc,start       ] GC(298) Pause Young (Normal) (G1 Evacuation Pause)
[12.686s][info ][gc,task        ] GC(298) Using 9 workers of 9 for evacuation
[12.686s][debug][gc,age         ] GC(298) Desired survivor size 16777216 bytes, new threshold 15 (max threshold 15)
[12.687s][info ][gc,phases      ] GC(298)   Pre Evacuate Collection Set: 0.09ms
[12.687s][info ][gc,phases      ] GC(298)   Merge Heap Roots: 0.09ms
[12.687s][info ][gc,phases      ] GC(298)   Evacuate Collection Set: 0.10ms
[12.687s][info ][gc,phases      ] GC(298)   Post Evacuate Collection Set: 0.18ms
[12.687s][info ][gc,phases      ] GC(298)   Other: 0.06ms
[12.687s][trace][gc,age         ] GC(298) Age table:
[12.687s][trace][gc,age         ] GC(298) - age   1:     400208 bytes,     400208 total
[12.687s][info ][gc,heap        ] GC(298) Eden regions: 253->0(253)
[12.687s][info ][gc,heap        ] GC(298) Survivor regions: 1->1(32)
[12.687s][info ][gc,heap        ] GC(298) Old regions: 11->11
[12.687s][info ][gc,heap        ] GC(298) Humongous regions: 0->0
[12.687s][info ][gc,metaspace   ] GC(298) Metaspace: 10102K(10368K)->10102K(10368K) NonClass: 9143K(9344K)->9143K(9344K) Class: 958K(1024K)->958K(1024K)
[12.687s][info ][gc             ] GC(298) Pause Young (Normal) (G1 Evacuation Pause) 257M->4M(424M) 0.629ms
[12.687s][info ][gc,cpu         ] GC(298) User=0.00s Sys=0.00s Real=0.00s
[12.703s][info ][gc,start       ] GC(299) Pause Young (Normal) (G1 Evacuation Pause)
[12.703s][info ][gc,task        ] GC(299) Using 9 workers of 9 for evacuation
[12.703s][debug][gc,age         ] GC(299) Desired survivor size 16777216 bytes, new threshold 15 (max threshold 15)
[12.704s][info ][gc,phases      ] GC(299)   Pre Evacuate Collection Set: 0.10ms
[12.704s][info ][gc,phases      ] GC(299)   Merge Heap Roots: 0.07ms
[12.704s][info ][gc,phases      ] GC(299)   Evacuate Collection Set: 0.11ms
[12.704s][info ][gc,phases      ] GC(299)   Post Evacuate Collection Set: 0.18ms
[12.704s][info ][gc,phases      ] GC(299)   Other: 0.05ms
[12.704s][trace][gc,age         ] GC(299) Age table:
[12.704s][trace][gc,age         ] GC(299) - age   1:     400208 bytes,     400208 total
[12.704s][info ][gc,heap        ] GC(299) Eden regions: 253->0(253)
[12.704s][info ][gc,heap        ] GC(299) Survivor regions: 1->1(32)
[12.704s][info ][gc,heap        ] GC(299) Old regions: 11->11
[12.704s][info ][gc,heap        ] GC(299) Humongous regions: 0->0
[12.704s][info ][gc,metaspace   ] GC(299) Metaspace: 10102K(10368K)->10102K(10368K) NonClass: 9143K(9344K)->9143K(9344K) Class: 958K(1024K)->958K(1024K)
[12.704s][info ][gc             ] GC(299) Pause Young (Normal) (G1 Evacuation Pause) 257M->4M(424M) 0.591ms
[12.704s][info ][gc,cpu         ] GC(299) User=0.00s Sys=0.00s Real=0.00s
[12.720s][info ][gc,start       ] GC(300) Pause Young (Normal) (G1 Evacuation Pause)
[12.720s][info ][gc,task        ] GC(300) Using 9 workers of 9 for evacuation
[12.720s][debug][gc,age         ] GC(300) Desired survivor size 16777216 bytes, new threshold 15 (max threshold 15)
[12.720s][info ][gc,phases      ] GC(300)   Pre Evacuate Collection Set: 0.07ms
[12.720s][info ][gc,phases      ] GC(300)   Merge Heap Roots: 0.06ms
[12.720s][info ][gc,phases      ] GC(300)   Evacuate Collection Set: 0.13ms
[12.720s][info ][gc,phases      ] GC(300)   Post Evacuate Collection Set: 0.18ms
[12.720s][info ][gc,phases      ] GC(300)   Other: 0.05ms
[12.720s][trace][gc,age         ] GC(300) Age table:
[12.720s][trace][gc,age         ] GC(300) - age   1:     400208 bytes,     400208 total
[12.720s][info ][gc,heap        ] GC(300) Eden regions: 253->0(253)
[12.720s][info ][gc,heap        ] GC(300) Survivor regions: 1->1(32)
[12.720s][info ][gc,heap        ] GC(300) Old regions: 11->11
[12.720s][info ][gc,heap        ] GC(300) Humongous regions: 0->0
[12.720s][info ][gc,metaspace   ] GC(300) Metaspace: 10102K(10368K)->10102K(10368K) NonClass: 9143K(9344K)->9143K(9344K) Class: 958K(1024K)->958K(1024K)
[12.720s][info ][gc             ] GC(300) Pause Young (Normal) (G1 Evacuation Pause) 257M->4M(424M) 0.579ms
[12.720s][info ][gc,cpu         ] GC(300) User=0.00s Sys=0.00s Real=0.00s
[12.736s][info ][gc,start       ] GC(301) Pause Young (Normal) (G1 Evacuation Pause)
[12.736s][info ][gc,task        ] GC(301) Using 9 workers of 9 for evacuation
[12.736s][debug][gc,age         ] GC(301) Desired survivor size 16777216 bytes, new threshold 15 (max threshold 15)
[12.736s][info ][gc,phases      ] GC(301)   Pre Evacuate Collection Set: 0.06ms
[12.736s][info ][gc,phases      ] GC(301)   Merge Heap Roots: 0.05ms
[12.736s][info ][gc,phases      ] GC(301)   Evacuate Collection Set: 0.15ms
[12.736s][info ][gc,phases      ] GC(301)   Post Evacuate Collection Set: 0.18ms
[12.736s][info ][gc,phases      ] GC(301)   Other: 0.06ms
[12.736s][trace][gc,age         ] GC(301) Age table:
[12.736s][trace][gc,age         ] GC(301) - age   1:     400208 bytes,     400208 total
[12.736s][info ][gc,heap        ] GC(301) Eden regions: 253->0(253)
[12.736s][info ][gc,heap        ] GC(301) Survivor regions: 1->1(32)
[12.736s][info ][gc,heap        ] GC(301) Old regions: 11->11
[12.736s][info ][gc,heap        ] GC(301) Humongous regions: 0->0
[12.736s][info ][gc,metaspace   ] GC(301) Metaspace: 10102K(10368K)->10102K(10368K) NonClass: 9143K(9344K)->9143K(9344K) Class: 958K(1024K)->958K(1024K)
[12.736s][info ][gc             ] GC(301) Pause Young (Normal) (G1 Evacuation Pause) 257M->4M(424M) 0.608ms
[12.736s][info ][gc,cpu         ] GC(301) User=0.00s Sys=0.00s Real=0.00s
[12.752s][info ][gc,start       ] GC(302) Pause Young (Normal) (G1 Evacuation Pause)
[12.752s][info ][gc,task        ] GC(302) Using 9 workers of 9 for evacuation
[12.752s][debug][gc,age         ] GC(302) Desired survivor size 16777216 bytes, new threshold 15 (max threshold 15)
[12.753s][info ][gc,phases      ] GC(302)   Pre Evacuate Collection Set: 0.08ms
[12.753s][info ][gc,phases      ] GC(302)   Merge Heap Roots: 0.07ms
[12.753s][info ][gc,phases      ] GC(302)   Evacuate Collection Set: 0.09ms
[12.753s][info ][gc,phases      ] GC(302)   Post Evacuate Collection Set: 0.17ms
[12.753s][info ][gc,phases      ] GC(302)   Other: 0.05ms
[12.753s][trace][gc,age         ] GC(302) Age table:
[12.753s][trace][gc,age         ] GC(302) - age   1:     400208 bytes,     400208 total
[12.753s][info ][gc,heap        ] GC(302) Eden regions: 253->0(253)
[12.753s][info ][gc,heap        ] GC(302) Survivor regions: 1->1(32)
[12.753s][info ][gc,heap        ] GC(302) Old regions: 11->11
[12.753s][info ][gc,heap        ] GC(302) Humongous regions: 0->0
[12.753s][info ][gc,metaspace   ] GC(302) Metaspace: 10102K(10368K)->10102K(10368K) NonClass: 9143K(9344K)->9143K(9344K) Class: 958K(1024K)->958K(1024K)
[12.753s][info ][gc             ] GC(302) Pause Young (Normal) (G1 Evacuation Pause) 257M->4M(424M) 0.526ms
[12.753s][info ][gc,cpu         ] GC(302) User=0.00s Sys=0.00s Real=0.00s
[12.769s][info ][gc,start       ] GC(303) Pause Young (Normal) (G1 Evacuation Pause)
[12.769s][info ][gc,task        ] GC(303) Using 9 workers of 9 for evacuation
[12.769s][debug][gc,age         ] GC(303) Desired survivor size 16777216 bytes, new threshold 15 (max threshold 15)
[12.769s][info ][gc,phases      ] GC(303)   Pre Evacuate Collection Set: 0.07ms
[12.769s][info ][gc,phases      ] GC(303)   Merge Heap Roots: 0.06ms
[12.769s][info ][gc,phases      ] GC(303)   Evacuate Collection Set: 0.11ms
[12.769s][info ][gc,phases      ] GC(303)   Post Evacuate Collection Set: 0.21ms
[12.769s][info ][gc,phases      ] GC(303)   Other: 0.06ms
[12.769s][trace][gc,age         ] GC(303) Age table:
[12.769s][trace][gc,age         ] GC(303) - age   1:     400208 bytes,     400208 total
[12.769s][info ][gc,heap        ] GC(303) Eden regions: 253->0(253)
[12.769s][info ][gc,heap        ] GC(303) Survivor regions: 1->1(32)
[12.769s][info ][gc,heap        ] GC(303) Old regions: 11->11
[12.769s][info ][gc,heap        ] GC(303) Humongous regions: 0->0
[12.769s][info ][gc,metaspace   ] GC(303) Metaspace: 10102K(10368K)->10102K(10368K) NonClass: 9143K(9344K)->9143K(9344K) Class: 958K(1024K)->958K(1024K)
[12.769s][info ][gc             ] GC(303) Pause Young (Normal) (G1 Evacuation Pause) 257M->4M(424M) 0.604ms
[12.769s][info ][gc,cpu         ] GC(303) User=0.00s Sys=0.00s Real=0.00s
[12.785s][info ][gc,start       ] GC(304) Pause Young (Normal) (G1 Evacuation Pause)
[12.785s][info ][gc,task        ] GC(304) Using 9 workers of 9 for evacuation
[12.785s][debug][gc,age         ] GC(304) Desired survivor size 16777216 bytes, new threshold 15 (max threshold 15)
[12.786s][info ][gc,phases      ] GC(304)   Pre Evacuate Collection Set: 0.08ms
[12.786s][info ][gc,phases      ] GC(304)   Merge Heap Roots: 0.08ms
[12.786s][info ][gc,phases      ] GC(304)   Evacuate Collection Set: 0.10ms
[12.786s][info ][gc,phases      ] GC(304)   Post Evacuate Collection Set: 0.17ms
[12.786s][info ][gc,phases      ] GC(304)   Other: 0.05ms
[12.786s][trace][gc,age         ] GC(304) Age table:
[12.786s][trace][gc,age         ] GC(304) - age   1:     400208 bytes,     400208 total
[12.786s][info ][gc,heap        ] GC(304) Eden regions: 253->0(253)
[12.786s][info ][gc,heap        ] GC(304) Survivor regions: 1->1(32)
[12.786s][info ][gc,heap        ] GC(304) Old regions: 11->11
[12.786s][info ][gc,heap        ] GC(304) Humongous regions: 0->0
[12.786s][info ][gc,metaspace   ] GC(304) Metaspace: 10102K(10368K)->10102K(10368K) NonClass: 9143K(9344K)->9143K(9344K) Class: 958K(1024K)->958K(1024K)
[12.786s][info ][gc             ] GC(304) Pause Young (Normal) (G1 Evacuation Pause) 257M->4M(424M) 0.557ms
[12.786s][info ][gc,cpu         ] GC(304) User=0.00s Sys=0.00s Real=0.00s
[12.802s][info ][gc,start       ] GC(305) Pause Young (Normal) (G1 Evacuation Pause)
[12.802s][info ][gc,task        ] GC(305) Using 9 workers of 9 for evacuation
[12.802s][debug][gc,age         ] GC(305) Desired survivor size 16777216 bytes, new threshold 15 (max threshold 15)
[12.802s][info ][gc,phases      ] GC(305)   Pre Evacuate Collection Set: 0.11ms
[12.802s][info ][gc,phases      ] GC(305)   Merge Heap Roots: 0.10ms
[12.802s][info ][gc,phases      ] GC(305)   Evacuate Collection Set: 0.10ms
[12.802s][info ][gc,phases      ] GC(305)   Post Evacuate Collection Set: 0.18ms
[12.802s][info ][gc,phases      ] GC(305)   Other: 0.07ms
[12.802s][trace][gc,age         ] GC(305) Age table:
[12.802s][trace][gc,age         ] GC(305) - age   1:     400208 bytes,     400208 total
[12.802s][info ][gc,heap        ] GC(305) Eden regions: 253->0(253)
[12.802s][info ][gc,heap        ] GC(305) Survivor regions: 1->1(32)
[12.802s][info ][gc,heap        ] GC(305) Old regions: 11->11
[12.802s][info ][gc,heap        ] GC(305) Humongous regions: 0->0
[12.802s][info ][gc,metaspace   ] GC(305) Metaspace: 10102K(10368K)->10102K(10368K) NonClass: 9143K(9344K)->9143K(9344K) Class: 958K(1024K)->958K(1024K)
[12.802s][info ][gc             ] GC(305) Pause Young (Normal) (G1 Evacuation Pause) 257M->4M(424M) 0.662ms
[12.802s][info ][gc,cpu         ] GC(305) User=0.00s Sys=0.00s Real=0.00s
[12.818s][info ][gc,start       ] GC(306) Pause Young (Normal) (G1 Evacuation Pause)
[12.818s][info ][gc,task        ] GC(306) Using 9 workers of 9 for evacuation
[12.818s][debug][gc,age         ] GC(306) Desired survivor size 16777216 bytes, new threshold 15 (max threshold 15)
[12.819s][info ][gc,phases      ] GC(306)   Pre Evacuate Collection Set: 0.08ms
[12.819s][info ][gc,phases      ] GC(306)   Merge Heap Roots: 0.07ms
[12.819s][info ][gc,phases      ] GC(306)   Evacuate Collection Set: 0.09ms
[12.819s][info ][gc,phases      ] GC(306)   Post Evacuate Collection Set: 0.19ms
[12.819s][info ][gc,phases      ] GC(306)   Other: 0.06ms
[12.819s][trace][gc,age         ] GC(306) Age table:
[12.819s][trace][gc,age         ] GC(306) - age   1:     400208 bytes,     400208 total
[12.819s][info ][gc,heap        ] GC(306) Eden regions: 253->0(253)
[12.819s][info ][gc,heap        ] GC(306) Survivor regions: 1->1(32)
[12.819s][info ][gc,heap        ] GC(306) Old regions: 11->11
[12.819s][info ][gc,heap        ] GC(306) Humongous regions: 0->0
[12.819s][info ][gc,metaspace   ] GC(306) Metaspace: 10102K(10368K)->10102K(10368K) NonClass: 9143K(9344K)->9143K(9344K) Class: 958K(1024K)->958K(1024K)
[12.819s][info ][gc             ] GC(306) Pause Young (Normal) (G1 Evacuation Pause) 257M->4M(424M) 0.581ms
[12.819s][info ][gc,cpu         ] GC(306) User=0.00s Sys=0.00s Real=0.00s
[12.835s][info ][gc,start       ] GC(307) Pause Young (Normal) (G1 Evacuation Pause)
[12.835s][info ][gc,task        ] GC(307) Using 9 workers of 9 for evacuation
[12.835s][debug][gc,age         ] GC(307) Desired survivor size 16777216 bytes, new threshold 15 (max threshold 15)
[12.835s][info ][gc,phases      ] GC(307)   Pre Evacuate Collection Set: 0.07ms
[12.835s][info ][gc,phases      ] GC(307)   Merge Heap Roots: 0.06ms
[12.835s][info ][gc,phases      ] GC(307)   Evacuate Collection Set: 0.12ms
[12.835s][info ][gc,phases      ] GC(307)   Post Evacuate Collection Set: 0.18ms
[12.835s][info ][gc,phases      ] GC(307)   Other: 0.06ms
[12.835s][trace][gc,age         ] GC(307) Age table:
[12.835s][trace][gc,age         ] GC(307) - age   1:     400208 bytes,     400208 total
[12.835s][info ][gc,heap        ] GC(307) Eden regions: 253->0(253)
[12.835s][info ][gc,heap        ] GC(307) Survivor regions: 1->1(32)
[12.835s][info ][gc,heap        ] GC(307) Old regions: 11->11
[12.835s][info ][gc,heap        ] GC(307) Humongous regions: 0->0
[12.835s][info ][gc,metaspace   ] GC(307) Metaspace: 10102K(10368K)->10102K(10368K) NonClass: 9143K(9344K)->9143K(9344K) Class: 958K(1024K)->958K(1024K)
[12.835s][info ][gc             ] GC(307) Pause Young (Normal) (G1 Evacuation Pause) 257M->4M(424M) 0.581ms
[12.835s][info ][gc,cpu         ] GC(307) User=0.00s Sys=0.00s Real=0.01s
[12.851s][info ][gc,start       ] GC(308) Pause Young (Normal) (G1 Evacuation Pause)
[12.851s][info ][gc,task        ] GC(308) Using 9 workers of 9 for evacuation
[12.851s][debug][gc,age         ] GC(308) Desired survivor size 16777216 bytes, new threshold 15 (max threshold 15)
[12.852s][info ][gc,phases      ] GC(308)   Pre Evacuate Collection Set: 0.10ms
[12.852s][info ][gc,phases      ] GC(308)   Merge Heap Roots: 0.07ms
[12.852s][info ][gc,phases      ] GC(308)   Evacuate Collection Set: 0.08ms
[12.852s][info ][gc,phases      ] GC(308)   Post Evacuate Collection Set: 0.21ms
[12.852s][info ][gc,phases      ] GC(308)   Other: 0.04ms
[12.852s][trace][gc,age         ] GC(308) Age table:
[12.852s][trace][gc,age         ] GC(308) - age   1:     400208 bytes,     400208 total
[12.852s][info ][gc,heap        ] GC(308) Eden regions: 253->0(253)
[12.852s][info ][gc,heap        ] GC(308) Survivor regions: 1->1(32)
[12.852s][info ][gc,heap        ] GC(308) Old regions: 11->11
[12.852s][info ][gc,heap        ] GC(308) Humongous regions: 0->0
[12.852s][info ][gc,metaspace   ] GC(308) Metaspace: 10102K(10368K)->10102K(10368K) NonClass: 9143K(9344K)->9143K(9344K) Class: 958K(1024K)->958K(1024K)
[12.852s][info ][gc             ] GC(308) Pause Young (Normal) (G1 Evacuation Pause) 257M->4M(424M) 0.588ms
[12.852s][info ][gc,cpu         ] GC(308) User=0.00s Sys=0.00s Real=0.00s
[12.868s][info ][gc,start       ] GC(309) Pause Young (Normal) (G1 Evacuation Pause)
[12.868s][info ][gc,task        ] GC(309) Using 9 workers of 9 for evacuation
[12.868s][debug][gc,age         ] GC(309) Desired survivor size 16777216 bytes, new threshold 15 (max threshold 15)
[12.868s][info ][gc,phases      ] GC(309)   Pre Evacuate Collection Set: 0.09ms
[12.868s][info ][gc,phases      ] GC(309)   Merge Heap Roots: 0.06ms
[12.868s][info ][gc,phases      ] GC(309)   Evacuate Collection Set: 0.12ms
[12.868s][info ][gc,phases      ] GC(309)   Post Evacuate Collection Set: 0.17ms
[12.868s][info ][gc,phases      ] GC(309)   Other: 0.06ms
[12.868s][trace][gc,age         ] GC(309) Age table:
[12.868s][trace][gc,age         ] GC(309) - age   1:     400208 bytes,     400208 total
[12.868s][info ][gc,heap        ] GC(309) Eden regions: 253->0(253)
[12.868s][info ][gc,heap        ] GC(309) Survivor regions: 1->1(32)
[12.868s][info ][gc,heap        ] GC(309) Old regions: 11->11
[12.868s][info ][gc,heap        ] GC(309) Humongous regions: 0->0
[12.868s][info ][gc,metaspace   ] GC(309) Metaspace: 10102K(10368K)->10102K(10368K) NonClass: 9143K(9344K)->9143K(9344K) Class: 958K(1024K)->958K(1024K)
[12.868s][info ][gc             ] GC(309) Pause Young (Normal) (G1 Evacuation Pause) 257M->4M(424M) 0.590ms
[12.868s][info ][gc,cpu         ] GC(309) User=0.00s Sys=0.00s Real=0.00s
[12.884s][info ][gc,start       ] GC(310) Pause Young (Normal) (G1 Evacuation Pause)
[12.885s][info ][gc,task        ] GC(310) Using 9 workers of 9 for evacuation
[12.885s][debug][gc,age         ] GC(310) Desired survivor size 16777216 bytes, new threshold 15 (max threshold 15)
[12.885s][info ][gc,phases      ] GC(310)   Pre Evacuate Collection Set: 0.07ms
[12.885s][info ][gc,phases      ] GC(310)   Merge Heap Roots: 0.07ms
[12.885s][info ][gc,phases      ] GC(310)   Evacuate Collection Set: 0.10ms
[12.885s][info ][gc,phases      ] GC(310)   Post Evacuate Collection Set: 0.17ms
[12.885s][info ][gc,phases      ] GC(310)   Other: 0.05ms
[12.885s][trace][gc,age         ] GC(310) Age table:
[12.885s][trace][gc,age         ] GC(310) - age   1:     400208 bytes,     400208 total
[12.885s][info ][gc,heap        ] GC(310) Eden regions: 253->0(253)
[12.885s][info ][gc,heap        ] GC(310) Survivor regions: 1->1(32)
[12.885s][info ][gc,heap        ] GC(310) Old regions: 11->11
[12.885s][info ][gc,heap        ] GC(310) Humongous regions: 0->0
[12.885s][info ][gc,metaspace   ] GC(310) Metaspace: 10102K(10368K)->10102K(10368K) NonClass: 9143K(9344K)->9143K(9344K) Class: 958K(1024K)->958K(1024K)
[12.885s][info ][gc             ] GC(310) Pause Young (Normal) (G1 Evacuation Pause) 257M->4M(424M) 0.560ms
[12.885s][info ][gc,cpu         ] GC(310) User=0.00s Sys=0.00s Real=0.00s
[12.901s][info ][gc,start       ] GC(311) Pause Young (Normal) (G1 Evacuation Pause)
[12.901s][info ][gc,task        ] GC(311) Using 9 workers of 9 for evacuation
[12.901s][debug][gc,age         ] GC(311) Desired survivor size 16777216 bytes, new threshold 15 (max threshold 15)
[12.901s][info ][gc,phases      ] GC(311)   Pre Evacuate Collection Set: 0.10ms
[12.901s][info ][gc,phases      ] GC(311)   Merge Heap Roots: 0.10ms
[12.901s][info ][gc,phases      ] GC(311)   Evacuate Collection Set: 0.11ms
[12.901s][info ][gc,phases      ] GC(311)   Post Evacuate Collection Set: 0.18ms
[12.901s][info ][gc,phases      ] GC(311)   Other: 0.05ms
[12.901s][trace][gc,age         ] GC(311) Age table:
[12.901s][trace][gc,age         ] GC(311) - age   1:     400208 bytes,     400208 total
[12.901s][info ][gc,heap        ] GC(311) Eden regions: 253->0(253)
[12.901s][info ][gc,heap        ] GC(311) Survivor regions: 1->1(32)
[12.901s][info ][gc,heap        ] GC(311) Old regions: 11->11
[12.901s][info ][gc,heap        ] GC(311) Humongous regions: 0->0
[12.901s][info ][gc,metaspace   ] GC(311) Metaspace: 10102K(10368K)->10102K(10368K) NonClass: 9143K(9344K)->9143K(9344K) Class: 958K(1024K)->958K(1024K)
[12.901s][info ][gc             ] GC(311) Pause Young (Normal) (G1 Evacuation Pause) 257M->4M(424M) 0.635ms
[12.901s][info ][gc,cpu         ] GC(311) User=0.00s Sys=0.00s Real=0.00s
[12.918s][info ][gc,start       ] GC(312) Pause Young (Normal) (G1 Evacuation Pause)
[12.918s][info ][gc,task        ] GC(312) Using 9 workers of 9 for evacuation
[12.918s][debug][gc,age         ] GC(312) Desired survivor size 16777216 bytes, new threshold 15 (max threshold 15)
[12.918s][info ][gc,phases      ] GC(312)   Pre Evacuate Collection Set: 0.06ms
[12.918s][info ][gc,phases      ] GC(312)   Merge Heap Roots: 0.04ms
[12.918s][info ][gc,phases      ] GC(312)   Evacuate Collection Set: 0.08ms
[12.918s][info ][gc,phases      ] GC(312)   Post Evacuate Collection Set: 0.18ms
[12.918s][info ][gc,phases      ] GC(312)   Other: 0.06ms
[12.918s][trace][gc,age         ] GC(312) Age table:
[12.918s][trace][gc,age         ] GC(312) - age   1:     400208 bytes,     400208 total
[12.918s][info ][gc,heap        ] GC(312) Eden regions: 253->0(253)
[12.918s][info ][gc,heap        ] GC(312) Survivor regions: 1->1(32)
[12.918s][info ][gc,heap        ] GC(312) Old regions: 11->11
[12.918s][info ][gc,heap        ] GC(312) Humongous regions: 0->0
[12.918s][info ][gc,metaspace   ] GC(312) Metaspace: 10102K(10368K)->10102K(10368K) NonClass: 9143K(9344K)->9143K(9344K) Class: 958K(1024K)->958K(1024K)
[12.918s][info ][gc             ] GC(312) Pause Young (Normal) (G1 Evacuation Pause) 257M->4M(424M) 0.514ms
[12.918s][info ][gc,cpu         ] GC(312) User=0.01s Sys=0.00s Real=0.00s
[12.934s][info ][gc,start       ] GC(313) Pause Young (Normal) (G1 Evacuation Pause)
[12.934s][info ][gc,task        ] GC(313) Using 9 workers of 9 for evacuation
[12.934s][debug][gc,age         ] GC(313) Desired survivor size 16777216 bytes, new threshold 15 (max threshold 15)
[12.934s][info ][gc,phases      ] GC(313)   Pre Evacuate Collection Set: 0.10ms
[12.934s][info ][gc,phases      ] GC(313)   Merge Heap Roots: 0.07ms
[12.934s][info ][gc,phases      ] GC(313)   Evacuate Collection Set: 0.08ms
[12.934s][info ][gc,phases      ] GC(313)   Post Evacuate Collection Set: 0.17ms
[12.934s][info ][gc,phases      ] GC(313)   Other: 0.06ms
[12.934s][trace][gc,age         ] GC(313) Age table:
[12.934s][trace][gc,age         ] GC(313) - age   1:     400208 bytes,     400208 total
[12.934s][info ][gc,heap        ] GC(313) Eden regions: 253->0(253)
[12.934s][info ][gc,heap        ] GC(313) Survivor regions: 1->1(32)
[12.934s][info ][gc,heap        ] GC(313) Old regions: 11->11
[12.934s][info ][gc,heap        ] GC(313) Humongous regions: 0->0
[12.934s][info ][gc,metaspace   ] GC(313) Metaspace: 10102K(10368K)->10102K(10368K) NonClass: 9143K(9344K)->9143K(9344K) Class: 958K(1024K)->958K(1024K)
[12.934s][info ][gc             ] GC(313) Pause Young (Normal) (G1 Evacuation Pause) 257M->4M(424M) 0.561ms
[12.934s][info ][gc,cpu         ] GC(313) User=0.00s Sys=0.00s Real=0.00s
[12.950s][info ][gc,start       ] GC(314) Pause Young (Normal) (G1 Evacuation Pause)
[12.950s][info ][gc,task        ] GC(314) Using 9 workers of 9 for evacuation
[12.950s][debug][gc,age         ] GC(314) Desired survivor size 16777216 bytes, new threshold 15 (max threshold 15)
[12.951s][info ][gc,phases      ] GC(314)   Pre Evacuate Collection Set: 0.09ms
[12.951s][info ][gc,phases      ] GC(314)   Merge Heap Roots: 0.07ms
[12.951s][info ][gc,phases      ] GC(314)   Evacuate Collection Set: 0.09ms
[12.951s][info ][gc,phases      ] GC(314)   Post Evacuate Collection Set: 0.19ms
[12.951s][info ][gc,phases      ] GC(314)   Other: 0.05ms
[12.951s][trace][gc,age         ] GC(314) Age table:
[12.951s][trace][gc,age         ] GC(314) - age   1:     400208 bytes,     400208 total
[12.951s][info ][gc,heap        ] GC(314) Eden regions: 253->0(253)
[12.951s][info ][gc,heap        ] GC(314) Survivor regions: 1->1(32)
[12.951s][info ][gc,heap        ] GC(314) Old regions: 11->11
[12.951s][info ][gc,heap        ] GC(314) Humongous regions: 0->0
[12.951s][info ][gc,metaspace   ] GC(314) Metaspace: 10102K(10368K)->10102K(10368K) NonClass: 9143K(9344K)->9143K(9344K) Class: 958K(1024K)->958K(1024K)
[12.951s][info ][gc             ] GC(314) Pause Young (Normal) (G1 Evacuation Pause) 257M->4M(424M) 0.590ms
[12.951s][info ][gc,cpu         ] GC(314) User=0.00s Sys=0.00s Real=0.00s
[12.967s][info ][gc,start       ] GC(315) Pause Young (Normal) (G1 Evacuation Pause)
[12.967s][info ][gc,task        ] GC(315) Using 9 workers of 9 for evacuation
[12.967s][debug][gc,age         ] GC(315) Desired survivor size 16777216 bytes, new threshold 15 (max threshold 15)
[12.967s][info ][gc,phases      ] GC(315)   Pre Evacuate Collection Set: 0.11ms
[12.967s][info ][gc,phases      ] GC(315)   Merge Heap Roots: 0.08ms
[12.967s][info ][gc,phases      ] GC(315)   Evacuate Collection Set: 0.11ms
[12.967s][info ][gc,phases      ] GC(315)   Post Evacuate Collection Set: 0.15ms
[12.967s][info ][gc,phases      ] GC(315)   Other: 0.05ms
[12.967s][trace][gc,age         ] GC(315) Age table:
[12.967s][trace][gc,age         ] GC(315) - age   1:     400208 bytes,     400208 total
[12.967s][info ][gc,heap        ] GC(315) Eden regions: 253->0(253)
[12.967s][info ][gc,heap        ] GC(315) Survivor regions: 1->1(32)
[12.967s][info ][gc,heap        ] GC(315) Old regions: 11->11
[12.967s][info ][gc,heap        ] GC(315) Humongous regions: 0->0
[12.967s][info ][gc,metaspace   ] GC(315) Metaspace: 10102K(10368K)->10102K(10368K) NonClass: 9143K(9344K)->9143K(9344K) Class: 958K(1024K)->958K(1024K)
[12.967s][info ][gc             ] GC(315) Pause Young (Normal) (G1 Evacuation Pause) 257M->4M(424M) 0.585ms
[12.967s][info ][gc,cpu         ] GC(315) User=0.01s Sys=0.00s Real=0.00s
[12.983s][info ][gc,start       ] GC(316) Pause Young (Normal) (G1 Evacuation Pause)
[12.983s][info ][gc,task        ] GC(316) Using 9 workers of 9 for evacuation
[12.983s][debug][gc,age         ] GC(316) Desired survivor size 16777216 bytes, new threshold 15 (max threshold 15)
[12.984s][info ][gc,phases      ] GC(316)   Pre Evacuate Collection Set: 0.07ms
[12.984s][info ][gc,phases      ] GC(316)   Merge Heap Roots: 0.06ms
[12.984s][info ][gc,phases      ] GC(316)   Evacuate Collection Set: 0.11ms
[12.984s][info ][gc,phases      ] GC(316)   Post Evacuate Collection Set: 0.17ms
[12.984s][info ][gc,phases      ] GC(316)   Other: 0.04ms
[12.984s][trace][gc,age         ] GC(316) Age table:
[12.984s][trace][gc,age         ] GC(316) - age   1:     400208 bytes,     400208 total
[12.984s][info ][gc,heap        ] GC(316) Eden regions: 253->0(253)
[12.984s][info ][gc,heap        ] GC(316) Survivor regions: 1->1(32)
[12.984s][info ][gc,heap        ] GC(316) Old regions: 11->11
[12.984s][info ][gc,heap        ] GC(316) Humongous regions: 0->0
[12.984s][info ][gc,metaspace   ] GC(316) Metaspace: 10102K(10368K)->10102K(10368K) NonClass: 9143K(9344K)->9143K(9344K) Class: 958K(1024K)->958K(1024K)
[12.984s][info ][gc             ] GC(316) Pause Young (Normal) (G1 Evacuation Pause) 257M->4M(424M) 0.541ms
[12.984s][info ][gc,cpu         ] GC(316) User=0.00s Sys=0.00s Real=0.00s
[12.999s][info ][gc,start       ] GC(317) Pause Young (Normal) (G1 Evacuation Pause)
[12.999s][info ][gc,task        ] GC(317) Using 9 workers of 9 for evacuation
[12.999s][debug][gc,age         ] GC(317) Desired survivor size 16777216 bytes, new threshold 15 (max threshold 15)
[13.000s][info ][gc,phases      ] GC(317)   Pre Evacuate Collection Set: 0.07ms
[13.000s][info ][gc,phases      ] GC(317)   Merge Heap Roots: 0.06ms
[13.000s][info ][gc,phases      ] GC(317)   Evacuate Collection Set: 0.11ms
[13.000s][info ][gc,phases      ] GC(317)   Post Evacuate Collection Set: 0.19ms
[13.000s][info ][gc,phases      ] GC(317)   Other: 0.06ms
[13.000s][trace][gc,age         ] GC(317) Age table:
[13.000s][trace][gc,age         ] GC(317) - age   1:     400208 bytes,     400208 total
[13.000s][info ][gc,heap        ] GC(317) Eden regions: 253->0(253)
[13.000s][info ][gc,heap        ] GC(317) Survivor regions: 1->1(32)
[13.000s][info ][gc,heap        ] GC(317) Old regions: 11->11
[13.000s][info ][gc,heap        ] GC(317) Humongous regions: 0->0
[13.000s][info ][gc,metaspace   ] GC(317) Metaspace: 10102K(10368K)->10102K(10368K) NonClass: 9143K(9344K)->9143K(9344K) Class: 958K(1024K)->958K(1024K)
[13.000s][info ][gc             ] GC(317) Pause Young (Normal) (G1 Evacuation Pause) 257M->4M(424M) 0.578ms
[13.000s][info ][gc,cpu         ] GC(317) User=0.00s Sys=0.00s Real=0.00s
[13.016s][info ][gc,start       ] GC(318) Pause Young (Normal) (G1 Evacuation Pause)
[13.016s][info ][gc,task        ] GC(318) Using 9 workers of 9 for evacuation
[13.016s][debug][gc,age         ] GC(318) Desired survivor size 16777216 bytes, new threshold 15 (max threshold 15)
[13.016s][info ][gc,phases      ] GC(318)   Pre Evacuate Collection Set: 0.07ms
[13.016s][info ][gc,phases      ] GC(318)   Merge Heap Roots: 0.05ms
[13.016s][info ][gc,phases      ] GC(318)   Evacuate Collection Set: 0.12ms
[13.016s][info ][gc,phases      ] GC(318)   Post Evacuate Collection Set: 0.17ms
[13.016s][info ][gc,phases      ] GC(318)   Other: 0.06ms
[13.016s][trace][gc,age         ] GC(318) Age table:
[13.016s][trace][gc,age         ] GC(318) - age   1:     400208 bytes,     400208 total
[13.016s][info ][gc,heap        ] GC(318) Eden regions: 253->0(253)
[13.016s][info ][gc,heap        ] GC(318) Survivor regions: 1->1(32)
[13.016s][info ][gc,heap        ] GC(318) Old regions: 11->11
[13.016s][info ][gc,heap        ] GC(318) Humongous regions: 0->0
[13.016s][info ][gc,metaspace   ] GC(318) Metaspace: 10102K(10368K)->10102K(10368K) NonClass: 9143K(9344K)->9143K(9344K) Class: 958K(1024K)->958K(1024K)
[13.016s][info ][gc             ] GC(318) Pause Young (Normal) (G1 Evacuation Pause) 257M->4M(424M) 0.567ms
[13.016s][info ][gc,cpu         ] GC(318) User=0.00s Sys=0.00s Real=0.00s
[13.032s][info ][gc,start       ] GC(319) Pause Young (Normal) (G1 Evacuation Pause)
[13.032s][info ][gc,task        ] GC(319) Using 9 workers of 9 for evacuation
[13.032s][debug][gc,age         ] GC(319) Desired survivor size 16777216 bytes, new threshold 15 (max threshold 15)
[13.033s][info ][gc,phases      ] GC(319)   Pre Evacuate Collection Set: 0.09ms
[13.033s][info ][gc,phases      ] GC(319)   Merge Heap Roots: 0.07ms
[13.033s][info ][gc,phases      ] GC(319)   Evacuate Collection Set: 0.09ms
[13.033s][info ][gc,phases      ] GC(319)   Post Evacuate Collection Set: 0.20ms
[13.033s][info ][gc,phases      ] GC(319)   Other: 0.06ms
[13.033s][trace][gc,age         ] GC(319) Age table:
[13.033s][trace][gc,age         ] GC(319) - age   1:     400208 bytes,     400208 total
[13.033s][info ][gc,heap        ] GC(319) Eden regions: 253->0(253)
[13.033s][info ][gc,heap        ] GC(319) Survivor regions: 1->1(32)
[13.033s][info ][gc,heap        ] GC(319) Old regions: 11->11
[13.033s][info ][gc,heap        ] GC(319) Humongous regions: 0->0
[13.033s][info ][gc,metaspace   ] GC(319) Metaspace: 10102K(10368K)->10102K(10368K) NonClass: 9143K(9344K)->9143K(9344K) Class: 958K(1024K)->958K(1024K)
[13.033s][info ][gc             ] GC(319) Pause Young (Normal) (G1 Evacuation Pause) 257M->4M(424M) 0.616ms
[13.033s][info ][gc,cpu         ] GC(319) User=0.00s Sys=0.01s Real=0.00s
[13.048s][info ][gc,start       ] GC(320) Pause Young (Normal) (G1 Evacuation Pause)
[13.048s][info ][gc,task        ] GC(320) Using 9 workers of 9 for evacuation
[13.048s][debug][gc,age         ] GC(320) Desired survivor size 16777216 bytes, new threshold 15 (max threshold 15)
[13.049s][info ][gc,phases      ] GC(320)   Pre Evacuate Collection Set: 0.07ms
[13.049s][info ][gc,phases      ] GC(320)   Merge Heap Roots: 0.07ms
[13.049s][info ][gc,phases      ] GC(320)   Evacuate Collection Set: 0.07ms
[13.049s][info ][gc,phases      ] GC(320)   Post Evacuate Collection Set: 0.17ms
[13.049s][info ][gc,phases      ] GC(320)   Other: 0.06ms
[13.049s][trace][gc,age         ] GC(320) Age table:
[13.049s][trace][gc,age         ] GC(320) - age   1:     400208 bytes,     400208 total
[13.049s][info ][gc,heap        ] GC(320) Eden regions: 253->0(253)
[13.049s][info ][gc,heap        ] GC(320) Survivor regions: 1->1(32)
[13.049s][info ][gc,heap        ] GC(320) Old regions: 11->11
[13.049s][info ][gc,heap        ] GC(320) Humongous regions: 0->0
[13.049s][info ][gc,metaspace   ] GC(320) Metaspace: 10102K(10368K)->10102K(10368K) NonClass: 9143K(9344K)->9143K(9344K) Class: 958K(1024K)->958K(1024K)
[13.049s][info ][gc             ] GC(320) Pause Young (Normal) (G1 Evacuation Pause) 257M->4M(424M) 0.537ms
[13.049s][info ][gc,cpu         ] GC(320) User=0.00s Sys=0.00s Real=0.00s
[13.065s][info ][gc,start       ] GC(321) Pause Young (Normal) (G1 Evacuation Pause)
[13.065s][info ][gc,task        ] GC(321) Using 9 workers of 9 for evacuation
[13.065s][debug][gc,age         ] GC(321) Desired survivor size 16777216 bytes, new threshold 15 (max threshold 15)
[13.065s][info ][gc,phases      ] GC(321)   Pre Evacuate Collection Set: 0.09ms
[13.065s][info ][gc,phases      ] GC(321)   Merge Heap Roots: 0.07ms
[13.065s][info ][gc,phases      ] GC(321)   Evacuate Collection Set: 0.12ms
[13.065s][info ][gc,phases      ] GC(321)   Post Evacuate Collection Set: 0.20ms
[13.065s][info ][gc,phases      ] GC(321)   Other: 0.04ms
[13.065s][trace][gc,age         ] GC(321) Age table:
[13.065s][trace][gc,age         ] GC(321) - age   1:     400208 bytes,     400208 total
[13.065s][info ][gc,heap        ] GC(321) Eden regions: 253->0(253)
[13.065s][info ][gc,heap        ] GC(321) Survivor regions: 1->1(32)
[13.065s][info ][gc,heap        ] GC(321) Old regions: 11->11
[13.065s][info ][gc,heap        ] GC(321) Humongous regions: 0->0
[13.065s][info ][gc,metaspace   ] GC(321) Metaspace: 10102K(10368K)->10102K(10368K) NonClass: 9143K(9344K)->9143K(9344K) Class: 958K(1024K)->958K(1024K)
[13.065s][info ][gc             ] GC(321) Pause Young (Normal) (G1 Evacuation Pause) 257M->4M(424M) 0.591ms
[13.065s][info ][gc,cpu         ] GC(321) User=0.00s Sys=0.00s Real=0.01s
[13.081s][info ][gc,start       ] GC(322) Pause Young (Normal) (G1 Evacuation Pause)
[13.081s][info ][gc,task        ] GC(322) Using 9 workers of 9 for evacuation
[13.081s][debug][gc,age         ] GC(322) Desired survivor size 16777216 bytes, new threshold 15 (max threshold 15)
[13.082s][info ][gc,phases      ] GC(322)   Pre Evacuate Collection Set: 0.07ms
[13.082s][info ][gc,phases      ] GC(322)   Merge Heap Roots: 0.05ms
[13.082s][info ][gc,phases      ] GC(322)   Evacuate Collection Set: 0.12ms
[13.082s][info ][gc,phases      ] GC(322)   Post Evacuate Collection Set: 0.18ms
[13.082s][info ][gc,phases      ] GC(322)   Other: 0.06ms
[13.082s][trace][gc,age         ] GC(322) Age table:
[13.082s][trace][gc,age         ] GC(322) - age   1:     400208 bytes,     400208 total
[13.082s][info ][gc,heap        ] GC(322) Eden regions: 253->0(253)
[13.082s][info ][gc,heap        ] GC(322) Survivor regions: 1->1(32)
[13.082s][info ][gc,heap        ] GC(322) Old regions: 11->11
[13.082s][info ][gc,heap        ] GC(322) Humongous regions: 0->0
[13.082s][info ][gc,metaspace   ] GC(322) Metaspace: 10102K(10368K)->10102K(10368K) NonClass: 9143K(9344K)->9143K(9344K) Class: 958K(1024K)->958K(1024K)
[13.082s][info ][gc             ] GC(322) Pause Young (Normal) (G1 Evacuation Pause) 257M->4M(424M) 0.587ms
[13.082s][info ][gc,cpu         ] GC(322) User=0.00s Sys=0.00s Real=0.00s
[13.098s][info ][gc,start       ] GC(323) Pause Young (Normal) (G1 Evacuation Pause)
[13.098s][info ][gc,task        ] GC(323) Using 9 workers of 9 for evacuation
[13.098s][debug][gc,age         ] GC(323) Desired survivor size 16777216 bytes, new threshold 15 (max threshold 15)
[13.098s][info ][gc,phases      ] GC(323)   Pre Evacuate Collection Set: 0.07ms
[13.098s][info ][gc,phases      ] GC(323)   Merge Heap Roots: 0.06ms
[13.098s][info ][gc,phases      ] GC(323)   Evacuate Collection Set: 0.09ms
[13.098s][info ][gc,phases      ] GC(323)   Post Evacuate Collection Set: 0.18ms
[13.098s][info ][gc,phases      ] GC(323)   Other: 0.05ms
[13.098s][trace][gc,age         ] GC(323) Age table:
[13.098s][trace][gc,age         ] GC(323) - age   1:     400208 bytes,     400208 total
[13.098s][info ][gc,heap        ] GC(323) Eden regions: 253->0(253)
[13.098s][info ][gc,heap        ] GC(323) Survivor regions: 1->1(32)
[13.098s][info ][gc,heap        ] GC(323) Old regions: 11->11
[13.098s][info ][gc,heap        ] GC(323) Humongous regions: 0->0
[13.098s][info ][gc,metaspace   ] GC(323) Metaspace: 10102K(10368K)->10102K(10368K) NonClass: 9143K(9344K)->9143K(9344K) Class: 958K(1024K)->958K(1024K)
[13.098s][info ][gc             ] GC(323) Pause Young (Normal) (G1 Evacuation Pause) 257M->4M(424M) 0.538ms
[13.098s][info ][gc,cpu         ] GC(323) User=0.00s Sys=0.00s Real=0.00s
[13.114s][info ][gc,start       ] GC(324) Pause Young (Normal) (G1 Evacuation Pause)
[13.114s][info ][gc,task        ] GC(324) Using 9 workers of 9 for evacuation
[13.114s][debug][gc,age         ] GC(324) Desired survivor size 16777216 bytes, new threshold 15 (max threshold 15)
[13.115s][info ][gc,phases      ] GC(324)   Pre Evacuate Collection Set: 0.07ms
[13.115s][info ][gc,phases      ] GC(324)   Merge Heap Roots: 0.06ms
[13.115s][info ][gc,phases      ] GC(324)   Evacuate Collection Set: 0.14ms
[13.115s][info ][gc,phases      ] GC(324)   Post Evacuate Collection Set: 0.17ms
[13.115s][info ][gc,phases      ] GC(324)   Other: 0.05ms
[13.115s][trace][gc,age         ] GC(324) Age table:
[13.115s][trace][gc,age         ] GC(324) - age   1:     400208 bytes,     400208 total
[13.115s][info ][gc,heap        ] GC(324) Eden regions: 253->0(253)
[13.115s][info ][gc,heap        ] GC(324) Survivor regions: 1->1(32)
[13.115s][info ][gc,heap        ] GC(324) Old regions: 11->11
[13.115s][info ][gc,heap        ] GC(324) Humongous regions: 0->0
[13.115s][info ][gc,metaspace   ] GC(324) Metaspace: 10102K(10368K)->10102K(10368K) NonClass: 9143K(9344K)->9143K(9344K) Class: 958K(1024K)->958K(1024K)
[13.115s][info ][gc             ] GC(324) Pause Young (Normal) (G1 Evacuation Pause) 257M->4M(424M) 0.574ms
[13.115s][info ][gc,cpu         ] GC(324) User=0.00s Sys=0.00s Real=0.00s
[13.131s][info ][gc,start       ] GC(325) Pause Young (Normal) (G1 Evacuation Pause)
[13.131s][info ][gc,task        ] GC(325) Using 9 workers of 9 for evacuation
[13.131s][debug][gc,age         ] GC(325) Desired survivor size 16777216 bytes, new threshold 15 (max threshold 15)
[13.131s][info ][gc,phases      ] GC(325)   Pre Evacuate Collection Set: 0.08ms
[13.131s][info ][gc,phases      ] GC(325)   Merge Heap Roots: 0.07ms
[13.131s][info ][gc,phases      ] GC(325)   Evacuate Collection Set: 0.12ms
[13.131s][info ][gc,phases      ] GC(325)   Post Evacuate Collection Set: 0.18ms
[13.131s][info ][gc,phases      ] GC(325)   Other: 0.06ms
[13.131s][trace][gc,age         ] GC(325) Age table:
[13.131s][trace][gc,age         ] GC(325) - age   1:     400208 bytes,     400208 total
[13.131s][info ][gc,heap        ] GC(325) Eden regions: 253->0(253)
[13.131s][info ][gc,heap        ] GC(325) Survivor regions: 1->1(32)
[13.131s][info ][gc,heap        ] GC(325) Old regions: 11->11
[13.131s][info ][gc,heap        ] GC(325) Humongous regions: 0->0
[13.131s][info ][gc,metaspace   ] GC(325) Metaspace: 10102K(10368K)->10102K(10368K) NonClass: 9143K(9344K)->9143K(9344K) Class: 958K(1024K)->958K(1024K)
[13.131s][info ][gc             ] GC(325) Pause Young (Normal) (G1 Evacuation Pause) 257M->4M(424M) 0.592ms
[13.131s][info ][gc,cpu         ] GC(325) User=0.00s Sys=0.00s Real=0.00s
[13.147s][info ][gc,start       ] GC(326) Pause Young (Normal) (G1 Evacuation Pause)
[13.147s][info ][gc,task        ] GC(326) Using 9 workers of 9 for evacuation
[13.147s][debug][gc,age         ] GC(326) Desired survivor size 16777216 bytes, new threshold 15 (max threshold 15)
[13.148s][info ][gc,phases      ] GC(326)   Pre Evacuate Collection Set: 0.07ms
[13.148s][info ][gc,phases      ] GC(326)   Merge Heap Roots: 0.10ms
[13.148s][info ][gc,phases      ] GC(326)   Evacuate Collection Set: 0.09ms
[13.148s][info ][gc,phases      ] GC(326)   Post Evacuate Collection Set: 0.19ms
[13.148s][info ][gc,phases      ] GC(326)   Other: 0.06ms
[13.148s][trace][gc,age         ] GC(326) Age table:
[13.148s][trace][gc,age         ] GC(326) - age   1:     400208 bytes,     400208 total
[13.148s][info ][gc,heap        ] GC(326) Eden regions: 253->0(253)
[13.148s][info ][gc,heap        ] GC(326) Survivor regions: 1->1(32)
[13.148s][info ][gc,heap        ] GC(326) Old regions: 11->11
[13.148s][info ][gc,heap        ] GC(326) Humongous regions: 0->0
[13.148s][info ][gc,metaspace   ] GC(326) Metaspace: 10102K(10368K)->10102K(10368K) NonClass: 9143K(9344K)->9143K(9344K) Class: 958K(1024K)->958K(1024K)
[13.148s][info ][gc             ] GC(326) Pause Young (Normal) (G1 Evacuation Pause) 257M->4M(424M) 0.605ms
[13.148s][info ][gc,cpu         ] GC(326) User=0.00s Sys=0.00s Real=0.00s
[13.164s][info ][gc,start       ] GC(327) Pause Young (Normal) (G1 Evacuation Pause)
[13.164s][info ][gc,task        ] GC(327) Using 9 workers of 9 for evacuation
[13.164s][debug][gc,age         ] GC(327) Desired survivor size 16777216 bytes, new threshold 15 (max threshold 15)
[13.164s][info ][gc,phases      ] GC(327)   Pre Evacuate Collection Set: 0.09ms
[13.164s][info ][gc,phases      ] GC(327)   Merge Heap Roots: 0.07ms
[13.164s][info ][gc,phases      ] GC(327)   Evacuate Collection Set: 0.10ms
[13.164s][info ][gc,phases      ] GC(327)   Post Evacuate Collection Set: 0.18ms
[13.164s][info ][gc,phases      ] GC(327)   Other: 0.04ms
[13.164s][trace][gc,age         ] GC(327) Age table:
[13.164s][trace][gc,age         ] GC(327) - age   1:     400208 bytes,     400208 total
[13.164s][info ][gc,heap        ] GC(327) Eden regions: 253->0(253)
[13.164s][info ][gc,heap        ] GC(327) Survivor regions: 1->1(32)
[13.164s][info ][gc,heap        ] GC(327) Old regions: 11->11
[13.164s][info ][gc,heap        ] GC(327) Humongous regions: 0->0
[13.164s][info ][gc,metaspace   ] GC(327) Metaspace: 10102K(10368K)->10102K(10368K) NonClass: 9143K(9344K)->9143K(9344K) Class: 958K(1024K)->958K(1024K)
[13.164s][info ][gc             ] GC(327) Pause Young (Normal) (G1 Evacuation Pause) 257M->4M(424M) 0.566ms
[13.164s][info ][gc,cpu         ] GC(327) User=0.00s Sys=0.00s Real=0.00s
[13.180s][info ][gc,start       ] GC(328) Pause Young (Normal) (G1 Evacuation Pause)
[13.180s][info ][gc,task        ] GC(328) Using 9 workers of 9 for evacuation
[13.180s][debug][gc,age         ] GC(328) Desired survivor size 16777216 bytes, new threshold 15 (max threshold 15)
[13.180s][info ][gc,phases      ] GC(328)   Pre Evacuate Collection Set: 0.09ms
[13.180s][info ][gc,phases      ] GC(328)   Merge Heap Roots: 0.07ms
[13.180s][info ][gc,phases      ] GC(328)   Evacuate Collection Set: 0.09ms
[13.180s][info ][gc,phases      ] GC(328)   Post Evacuate Collection Set: 0.18ms
[13.180s][info ][gc,phases      ] GC(328)   Other: 0.05ms
[13.180s][trace][gc,age         ] GC(328) Age table:
[13.180s][trace][gc,age         ] GC(328) - age   1:     400208 bytes,     400208 total
[13.180s][info ][gc,heap        ] GC(328) Eden regions: 253->0(253)
[13.180s][info ][gc,heap        ] GC(328) Survivor regions: 1->1(32)
[13.180s][info ][gc,heap        ] GC(328) Old regions: 11->11
[13.180s][info ][gc,heap        ] GC(328) Humongous regions: 0->0
[13.180s][info ][gc,metaspace   ] GC(328) Metaspace: 10102K(10368K)->10102K(10368K) NonClass: 9143K(9344K)->9143K(9344K) Class: 958K(1024K)->958K(1024K)
[13.180s][info ][gc             ] GC(328) Pause Young (Normal) (G1 Evacuation Pause) 257M->4M(424M) 0.555ms
[13.180s][info ][gc,cpu         ] GC(328) User=0.00s Sys=0.00s Real=0.00s
[13.197s][info ][gc,start       ] GC(329) Pause Young (Normal) (G1 Evacuation Pause)
[13.197s][info ][gc,task        ] GC(329) Using 9 workers of 9 for evacuation
[13.197s][debug][gc,age         ] GC(329) Desired survivor size 16777216 bytes, new threshold 15 (max threshold 15)
[13.197s][info ][gc,phases      ] GC(329)   Pre Evacuate Collection Set: 0.07ms
[13.197s][info ][gc,phases      ] GC(329)   Merge Heap Roots: 0.08ms
[13.197s][info ][gc,phases      ] GC(329)   Evacuate Collection Set: 0.10ms
[13.197s][info ][gc,phases      ] GC(329)   Post Evacuate Collection Set: 0.17ms
[13.197s][info ][gc,phases      ] GC(329)   Other: 0.06ms
[13.197s][trace][gc,age         ] GC(329) Age table:
[13.197s][trace][gc,age         ] GC(329) - age   1:     400208 bytes,     400208 total
[13.197s][info ][gc,heap        ] GC(329) Eden regions: 253->0(253)
[13.197s][info ][gc,heap        ] GC(329) Survivor regions: 1->1(32)
[13.197s][info ][gc,heap        ] GC(329) Old regions: 11->11
[13.197s][info ][gc,heap        ] GC(329) Humongous regions: 0->0
[13.197s][info ][gc,metaspace   ] GC(329) Metaspace: 10102K(10368K)->10102K(10368K) NonClass: 9143K(9344K)->9143K(9344K) Class: 958K(1024K)->958K(1024K)
[13.197s][info ][gc             ] GC(329) Pause Young (Normal) (G1 Evacuation Pause) 257M->4M(424M) 0.574ms
[13.197s][info ][gc,cpu         ] GC(329) User=0.00s Sys=0.00s Real=0.00s
[13.213s][info ][gc,start       ] GC(330) Pause Young (Normal) (G1 Evacuation Pause)
[13.213s][info ][gc,task        ] GC(330) Using 9 workers of 9 for evacuation
[13.213s][debug][gc,age         ] GC(330) Desired survivor size 16777216 bytes, new threshold 15 (max threshold 15)
[13.213s][info ][gc,phases      ] GC(330)   Pre Evacuate Collection Set: 0.09ms
[13.213s][info ][gc,phases      ] GC(330)   Merge Heap Roots: 0.07ms
[13.213s][info ][gc,phases      ] GC(330)   Evacuate Collection Set: 0.08ms
[13.213s][info ][gc,phases      ] GC(330)   Post Evacuate Collection Set: 0.16ms
[13.213s][info ][gc,phases      ] GC(330)   Other: 0.05ms
[13.213s][trace][gc,age         ] GC(330) Age table:
[13.213s][trace][gc,age         ] GC(330) - age   1:     400208 bytes,     400208 total
[13.213s][info ][gc,heap        ] GC(330) Eden regions: 253->0(253)
[13.213s][info ][gc,heap        ] GC(330) Survivor regions: 1->1(32)
[13.213s][info ][gc,heap        ] GC(330) Old regions: 11->11
[13.213s][info ][gc,heap        ] GC(330) Humongous regions: 0->0
[13.213s][info ][gc,metaspace   ] GC(330) Metaspace: 10102K(10368K)->10102K(10368K) NonClass: 9143K(9344K)->9143K(9344K) Class: 958K(1024K)->958K(1024K)
[13.213s][info ][gc             ] GC(330) Pause Young (Normal) (G1 Evacuation Pause) 257M->4M(424M) 0.542ms
[13.213s][info ][gc,cpu         ] GC(330) User=0.00s Sys=0.00s Real=0.00s
[13.229s][info ][gc,start       ] GC(331) Pause Young (Normal) (G1 Evacuation Pause)
[13.229s][info ][gc,task        ] GC(331) Using 9 workers of 9 for evacuation
[13.229s][debug][gc,age         ] GC(331) Desired survivor size 16777216 bytes, new threshold 15 (max threshold 15)
[13.229s][info ][gc,phases      ] GC(331)   Pre Evacuate Collection Set: 0.08ms
[13.229s][info ][gc,phases      ] GC(331)   Merge Heap Roots: 0.05ms
[13.229s][info ][gc,phases      ] GC(331)   Evacuate Collection Set: 0.10ms
[13.229s][info ][gc,phases      ] GC(331)   Post Evacuate Collection Set: 0.18ms
[13.229s][info ][gc,phases      ] GC(331)   Other: 0.06ms
[13.229s][trace][gc,age         ] GC(331) Age table:
[13.229s][trace][gc,age         ] GC(331) - age   1:     400208 bytes,     400208 total
[13.229s][info ][gc,heap        ] GC(331) Eden regions: 253->0(253)
[13.229s][info ][gc,heap        ] GC(331) Survivor regions: 1->1(32)
[13.229s][info ][gc,heap        ] GC(331) Old regions: 11->11
[13.229s][info ][gc,heap        ] GC(331) Humongous regions: 0->0
[13.229s][info ][gc,metaspace   ] GC(331) Metaspace: 10102K(10368K)->10102K(10368K) NonClass: 9143K(9344K)->9143K(9344K) Class: 958K(1024K)->958K(1024K)
[13.229s][info ][gc             ] GC(331) Pause Young (Normal) (G1 Evacuation Pause) 257M->4M(424M) 0.550ms
[13.229s][info ][gc,cpu         ] GC(331) User=0.00s Sys=0.00s Real=0.00s
[13.245s][info ][gc,start       ] GC(332) Pause Young (Normal) (G1 Evacuation Pause)
[13.245s][info ][gc,task        ] GC(332) Using 9 workers of 9 for evacuation
[13.245s][debug][gc,age         ] GC(332) Desired survivor size 16777216 bytes, new threshold 15 (max threshold 15)
[13.245s][info ][gc,phases      ] GC(332)   Pre Evacuate Collection Set: 0.08ms
[13.245s][info ][gc,phases      ] GC(332)   Merge Heap Roots: 0.06ms
[13.245s][info ][gc,phases      ] GC(332)   Evacuate Collection Set: 0.10ms
[13.245s][info ][gc,phases      ] GC(332)   Post Evacuate Collection Set: 0.17ms
[13.245s][info ][gc,phases      ] GC(332)   Other: 0.04ms
[13.245s][trace][gc,age         ] GC(332) Age table:
[13.245s][trace][gc,age         ] GC(332) - age   1:     400208 bytes,     400208 total
[13.245s][info ][gc,heap        ] GC(332) Eden regions: 253->0(253)
[13.245s][info ][gc,heap        ] GC(332) Survivor regions: 1->1(32)
[13.245s][info ][gc,heap        ] GC(332) Old regions: 11->11
[13.245s][info ][gc,heap        ] GC(332) Humongous regions: 0->0
[13.245s][info ][gc,metaspace   ] GC(332) Metaspace: 10102K(10368K)->10102K(10368K) NonClass: 9143K(9344K)->9143K(9344K) Class: 958K(1024K)->958K(1024K)
[13.246s][info ][gc             ] GC(332) Pause Young (Normal) (G1 Evacuation Pause) 257M->4M(424M) 0.539ms
[13.246s][info ][gc,cpu         ] GC(332) User=0.00s Sys=0.00s Real=0.01s
[13.262s][info ][gc,start       ] GC(333) Pause Young (Normal) (G1 Evacuation Pause)
[13.262s][info ][gc,task        ] GC(333) Using 9 workers of 9 for evacuation
[13.262s][debug][gc,age         ] GC(333) Desired survivor size 16777216 bytes, new threshold 15 (max threshold 15)
[13.262s][info ][gc,phases      ] GC(333)   Pre Evacuate Collection Set: 0.08ms
[13.262s][info ][gc,phases      ] GC(333)   Merge Heap Roots: 0.07ms
[13.262s][info ][gc,phases      ] GC(333)   Evacuate Collection Set: 0.12ms
[13.262s][info ][gc,phases      ] GC(333)   Post Evacuate Collection Set: 0.18ms
[13.262s][info ][gc,phases      ] GC(333)   Other: 0.05ms
[13.262s][trace][gc,age         ] GC(333) Age table:
[13.262s][trace][gc,age         ] GC(333) - age   1:     400208 bytes,     400208 total
[13.262s][info ][gc,heap        ] GC(333) Eden regions: 253->0(253)
[13.262s][info ][gc,heap        ] GC(333) Survivor regions: 1->1(32)
[13.262s][info ][gc,heap        ] GC(333) Old regions: 11->11
[13.262s][info ][gc,heap        ] GC(333) Humongous regions: 0->0
[13.262s][info ][gc,metaspace   ] GC(333) Metaspace: 10102K(10368K)->10102K(10368K) NonClass: 9143K(9344K)->9143K(9344K) Class: 958K(1024K)->958K(1024K)
[13.262s][info ][gc             ] GC(333) Pause Young (Normal) (G1 Evacuation Pause) 257M->4M(424M) 0.589ms
[13.262s][info ][gc,cpu         ] GC(333) User=0.00s Sys=0.00s Real=0.00s
[13.278s][info ][gc,start       ] GC(334) Pause Young (Normal) (G1 Evacuation Pause)
[13.278s][info ][gc,task        ] GC(334) Using 9 workers of 9 for evacuation
[13.278s][debug][gc,age         ] GC(334) Desired survivor size 16777216 bytes, new threshold 15 (max threshold 15)
[13.279s][info ][gc,phases      ] GC(334)   Pre Evacuate Collection Set: 0.10ms
[13.279s][info ][gc,phases      ] GC(334)   Merge Heap Roots: 0.08ms
[13.279s][info ][gc,phases      ] GC(334)   Evacuate Collection Set: 0.08ms
[13.279s][info ][gc,phases      ] GC(334)   Post Evacuate Collection Set: 0.17ms
[13.279s][info ][gc,phases      ] GC(334)   Other: 0.05ms
[13.279s][trace][gc,age         ] GC(334) Age table:
[13.279s][trace][gc,age         ] GC(334) - age   1:     400208 bytes,     400208 total
[13.279s][info ][gc,heap        ] GC(334) Eden regions: 253->0(253)
[13.279s][info ][gc,heap        ] GC(334) Survivor regions: 1->1(32)
[13.279s][info ][gc,heap        ] GC(334) Old regions: 11->11
[13.279s][info ][gc,heap        ] GC(334) Humongous regions: 0->0
[13.279s][info ][gc,metaspace   ] GC(334) Metaspace: 10102K(10368K)->10102K(10368K) NonClass: 9143K(9344K)->9143K(9344K) Class: 958K(1024K)->958K(1024K)
[13.279s][info ][gc             ] GC(334) Pause Young (Normal) (G1 Evacuation Pause) 257M->4M(424M) 0.586ms
[13.279s][info ][gc,cpu         ] GC(334) User=0.00s Sys=0.00s Real=0.00s
[13.295s][info ][gc,start       ] GC(335) Pause Young (Normal) (G1 Evacuation Pause)
[13.295s][info ][gc,task        ] GC(335) Using 9 workers of 9 for evacuation
[13.295s][debug][gc,age         ] GC(335) Desired survivor size 16777216 bytes, new threshold 15 (max threshold 15)
[13.295s][info ][gc,phases      ] GC(335)   Pre Evacuate Collection Set: 0.08ms
[13.295s][info ][gc,phases      ] GC(335)   Merge Heap Roots: 0.07ms
[13.295s][info ][gc,phases      ] GC(335)   Evacuate Collection Set: 0.09ms
[13.295s][info ][gc,phases      ] GC(335)   Post Evacuate Collection Set: 0.15ms
[13.295s][info ][gc,phases      ] GC(335)   Other: 0.05ms
[13.295s][trace][gc,age         ] GC(335) Age table:
[13.295s][trace][gc,age         ] GC(335) - age   1:        192 bytes,        192 total
[13.295s][info ][gc,heap        ] GC(335) Eden regions: 253->0(253)
[13.295s][info ][gc,heap        ] GC(335) Survivor regions: 1->1(32)
[13.295s][info ][gc,heap        ] GC(335) Old regions: 11->11
[13.295s][info ][gc,heap        ] GC(335) Humongous regions: 0->0
[13.295s][info ][gc,metaspace   ] GC(335) Metaspace: 10102K(10368K)->10102K(10368K) NonClass: 9143K(9344K)->9143K(9344K) Class: 958K(1024K)->958K(1024K)
[13.295s][info ][gc             ] GC(335) Pause Young (Normal) (G1 Evacuation Pause) 257M->4M(424M) 0.543ms
[13.295s][info ][gc,cpu         ] GC(335) User=0.00s Sys=0.00s Real=0.01s
[13.311s][info ][gc,start       ] GC(336) Pause Young (Normal) (G1 Evacuation Pause)
[13.311s][info ][gc,task        ] GC(336) Using 9 workers of 9 for evacuation
[13.311s][debug][gc,age         ] GC(336) Desired survivor size 16777216 bytes, new threshold 15 (max threshold 15)
[13.311s][info ][gc,phases      ] GC(336)   Pre Evacuate Collection Set: 0.08ms
[13.311s][info ][gc,phases      ] GC(336)   Merge Heap Roots: 0.08ms
[13.311s][info ][gc,phases      ] GC(336)   Evacuate Collection Set: 0.09ms
[13.311s][info ][gc,phases      ] GC(336)   Post Evacuate Collection Set: 0.17ms
[13.311s][info ][gc,phases      ] GC(336)   Other: 0.07ms
[13.311s][trace][gc,age         ] GC(336) Age table:
[13.311s][trace][gc,age         ] GC(336) - age   1:        192 bytes,        192 total
[13.311s][info ][gc,heap        ] GC(336) Eden regions: 253->0(253)
[13.311s][info ][gc,heap        ] GC(336) Survivor regions: 1->1(32)
[13.311s][info ][gc,heap        ] GC(336) Old regions: 11->11
[13.311s][info ][gc,heap        ] GC(336) Humongous regions: 0->0
[13.311s][info ][gc,metaspace   ] GC(336) Metaspace: 10102K(10368K)->10102K(10368K) NonClass: 9143K(9344K)->9143K(9344K) Class: 958K(1024K)->958K(1024K)
[13.311s][info ][gc             ] GC(336) Pause Young (Normal) (G1 Evacuation Pause) 256M->4M(424M) 0.600ms
[13.311s][info ][gc,cpu         ] GC(336) User=0.00s Sys=0.01s Real=0.00s
[13.327s][info ][gc,start       ] GC(337) Pause Young (Normal) (G1 Evacuation Pause)
[13.327s][info ][gc,task        ] GC(337) Using 9 workers of 9 for evacuation
[13.327s][debug][gc,age         ] GC(337) Desired survivor size 16777216 bytes, new threshold 15 (max threshold 15)
[13.328s][info ][gc,phases      ] GC(337)   Pre Evacuate Collection Set: 0.09ms
[13.328s][info ][gc,phases      ] GC(337)   Merge Heap Roots: 0.07ms
[13.328s][info ][gc,phases      ] GC(337)   Evacuate Collection Set: 0.08ms
[13.328s][info ][gc,phases      ] GC(337)   Post Evacuate Collection Set: 0.17ms
[13.328s][info ][gc,phases      ] GC(337)   Other: 0.06ms
[13.328s][trace][gc,age         ] GC(337) Age table:
[13.328s][trace][gc,age         ] GC(337) - age   1:        192 bytes,        192 total
[13.328s][info ][gc,heap        ] GC(337) Eden regions: 253->0(253)
[13.328s][info ][gc,heap        ] GC(337) Survivor regions: 1->1(32)
[13.328s][info ][gc,heap        ] GC(337) Old regions: 11->11
[13.328s][info ][gc,heap        ] GC(337) Humongous regions: 0->0
[13.328s][info ][gc,metaspace   ] GC(337) Metaspace: 10102K(10368K)->10102K(10368K) NonClass: 9143K(9344K)->9143K(9344K) Class: 958K(1024K)->958K(1024K)
[13.328s][info ][gc             ] GC(337) Pause Young (Normal) (G1 Evacuation Pause) 256M->4M(424M) 0.556ms
[13.328s][info ][gc,cpu         ] GC(337) User=0.00s Sys=0.00s Real=0.00s
[13.343s][info ][gc,start       ] GC(338) Pause Young (Normal) (G1 Evacuation Pause)
[13.343s][info ][gc,task        ] GC(338) Using 9 workers of 9 for evacuation
[13.343s][debug][gc,age         ] GC(338) Desired survivor size 16777216 bytes, new threshold 15 (max threshold 15)
[13.344s][info ][gc,phases      ] GC(338)   Pre Evacuate Collection Set: 0.07ms
[13.344s][info ][gc,phases      ] GC(338)   Merge Heap Roots: 0.08ms
[13.344s][info ][gc,phases      ] GC(338)   Evacuate Collection Set: 0.09ms
[13.344s][info ][gc,phases      ] GC(338)   Post Evacuate Collection Set: 0.18ms
[13.344s][info ][gc,phases      ] GC(338)   Other: 0.05ms
[13.344s][trace][gc,age         ] GC(338) Age table:
[13.344s][trace][gc,age         ] GC(338) - age   1:        192 bytes,        192 total
[13.344s][info ][gc,heap        ] GC(338) Eden regions: 253->0(253)
[13.344s][info ][gc,heap        ] GC(338) Survivor regions: 1->1(32)
[13.344s][info ][gc,heap        ] GC(338) Old regions: 11->11
[13.344s][info ][gc,heap        ] GC(338) Humongous regions: 0->0
[13.344s][info ][gc,metaspace   ] GC(338) Metaspace: 10102K(10368K)->10102K(10368K) NonClass: 9143K(9344K)->9143K(9344K) Class: 958K(1024K)->958K(1024K)
[13.344s][info ][gc             ] GC(338) Pause Young (Normal) (G1 Evacuation Pause) 256M->4M(424M) 0.546ms
[13.344s][info ][gc,cpu         ] GC(338) User=0.00s Sys=0.00s Real=0.00s
[13.359s][info ][gc,start       ] GC(339) Pause Young (Normal) (G1 Evacuation Pause)
[13.359s][info ][gc,task        ] GC(339) Using 9 workers of 9 for evacuation
[13.359s][debug][gc,age         ] GC(339) Desired survivor size 16777216 bytes, new threshold 15 (max threshold 15)
[13.360s][info ][gc,phases      ] GC(339)   Pre Evacuate Collection Set: 0.09ms
[13.360s][info ][gc,phases      ] GC(339)   Merge Heap Roots: 0.09ms
[13.360s][info ][gc,phases      ] GC(339)   Evacuate Collection Set: 0.11ms
[13.360s][info ][gc,phases      ] GC(339)   Post Evacuate Collection Set: 0.18ms
[13.360s][info ][gc,phases      ] GC(339)   Other: 0.06ms
[13.360s][trace][gc,age         ] GC(339) Age table:
[13.360s][trace][gc,age         ] GC(339) - age   1:        192 bytes,        192 total
[13.360s][info ][gc,heap        ] GC(339) Eden regions: 253->0(253)
[13.360s][info ][gc,heap        ] GC(339) Survivor regions: 1->1(32)
[13.360s][info ][gc,heap        ] GC(339) Old regions: 11->11
[13.360s][info ][gc,heap        ] GC(339) Humongous regions: 0->0
[13.360s][info ][gc,metaspace   ] GC(339) Metaspace: 10102K(10368K)->10102K(10368K) NonClass: 9143K(9344K)->9143K(9344K) Class: 958K(1024K)->958K(1024K)
[13.360s][info ][gc             ] GC(339) Pause Young (Normal) (G1 Evacuation Pause) 256M->4M(424M) 0.616ms
[13.360s][info ][gc,cpu         ] GC(339) User=0.00s Sys=0.00s Real=0.00s
[13.375s][info ][gc,start       ] GC(340) Pause Young (Normal) (G1 Evacuation Pause)
[13.375s][info ][gc,task        ] GC(340) Using 9 workers of 9 for evacuation
[13.375s][debug][gc,age         ] GC(340) Desired survivor size 16777216 bytes, new threshold 15 (max threshold 15)
[13.376s][info ][gc,phases      ] GC(340)   Pre Evacuate Collection Set: 0.08ms
[13.376s][info ][gc,phases      ] GC(340)   Merge Heap Roots: 0.05ms
[13.376s][info ][gc,phases      ] GC(340)   Evacuate Collection Set: 0.12ms
[13.376s][info ][gc,phases      ] GC(340)   Post Evacuate Collection Set: 0.19ms
[13.376s][info ][gc,phases      ] GC(340)   Other: 0.04ms
[13.376s][trace][gc,age         ] GC(340) Age table:
[13.376s][trace][gc,age         ] GC(340) - age   1:        192 bytes,        192 total
[13.376s][info ][gc,heap        ] GC(340) Eden regions: 253->0(253)
[13.376s][info ][gc,heap        ] GC(340) Survivor regions: 1->1(32)
[13.376s][info ][gc,heap        ] GC(340) Old regions: 11->11
[13.376s][info ][gc,heap        ] GC(340) Humongous regions: 0->0
[13.376s][info ][gc,metaspace   ] GC(340) Metaspace: 10102K(10368K)->10102K(10368K) NonClass: 9143K(9344K)->9143K(9344K) Class: 958K(1024K)->958K(1024K)
[13.376s][info ][gc             ] GC(340) Pause Young (Normal) (G1 Evacuation Pause) 256M->4M(424M) 0.573ms
[13.376s][info ][gc,cpu         ] GC(340) User=0.00s Sys=0.00s Real=0.00s
[13.392s][info ][gc,start       ] GC(341) Pause Young (Normal) (G1 Evacuation Pause)
[13.392s][info ][gc,task        ] GC(341) Using 9 workers of 9 for evacuation
[13.392s][debug][gc,age         ] GC(341) Desired survivor size 16777216 bytes, new threshold 15 (max threshold 15)
[13.392s][info ][gc,phases      ] GC(341)   Pre Evacuate Collection Set: 0.07ms
[13.392s][info ][gc,phases      ] GC(341)   Merge Heap Roots: 0.06ms
[13.392s][info ][gc,phases      ] GC(341)   Evacuate Collection Set: 0.13ms
[13.392s][info ][gc,phases      ] GC(341)   Post Evacuate Collection Set: 0.19ms
[13.392s][info ][gc,phases      ] GC(341)   Other: 0.06ms
[13.392s][trace][gc,age         ] GC(341) Age table:
[13.392s][trace][gc,age         ] GC(341) - age   1:        192 bytes,        192 total
[13.392s][info ][gc,heap        ] GC(341) Eden regions: 253->0(253)
[13.392s][info ][gc,heap        ] GC(341) Survivor regions: 1->1(32)
[13.392s][info ][gc,heap        ] GC(341) Old regions: 11->11
[13.392s][info ][gc,heap        ] GC(341) Humongous regions: 0->0
[13.392s][info ][gc,metaspace   ] GC(341) Metaspace: 10102K(10368K)->10102K(10368K) NonClass: 9143K(9344K)->9143K(9344K) Class: 958K(1024K)->958K(1024K)
[13.392s][info ][gc             ] GC(341) Pause Young (Normal) (G1 Evacuation Pause) 256M->4M(424M) 0.606ms
[13.392s][info ][gc,cpu         ] GC(341) User=0.00s Sys=0.00s Real=0.00s
[13.408s][info ][gc,start       ] GC(342) Pause Young (Normal) (G1 Evacuation Pause)
[13.408s][info ][gc,task        ] GC(342) Using 9 workers of 9 for evacuation
[13.408s][debug][gc,age         ] GC(342) Desired survivor size 16777216 bytes, new threshold 15 (max threshold 15)
[13.409s][info ][gc,phases      ] GC(342)   Pre Evacuate Collection Set: 0.08ms
[13.409s][info ][gc,phases      ] GC(342)   Merge Heap Roots: 0.10ms
[13.409s][info ][gc,phases      ] GC(342)   Evacuate Collection Set: 0.08ms
[13.409s][info ][gc,phases      ] GC(342)   Post Evacuate Collection Set: 0.18ms
[13.409s][info ][gc,phases      ] GC(342)   Other: 0.06ms
[13.409s][trace][gc,age         ] GC(342) Age table:
[13.409s][trace][gc,age         ] GC(342) - age   1:        192 bytes,        192 total
[13.409s][info ][gc,heap        ] GC(342) Eden regions: 253->0(253)
[13.409s][info ][gc,heap        ] GC(342) Survivor regions: 1->1(32)
[13.409s][info ][gc,heap        ] GC(342) Old regions: 11->11
[13.409s][info ][gc,heap        ] GC(342) Humongous regions: 0->0
[13.409s][info ][gc,metaspace   ] GC(342) Metaspace: 10102K(10368K)->10102K(10368K) NonClass: 9143K(9344K)->9143K(9344K) Class: 958K(1024K)->958K(1024K)
[13.409s][info ][gc             ] GC(342) Pause Young (Normal) (G1 Evacuation Pause) 256M->4M(424M) 0.592ms
[13.409s][info ][gc,cpu         ] GC(342) User=0.00s Sys=0.00s Real=0.00s
[13.424s][info ][gc,start       ] GC(343) Pause Young (Normal) (G1 Evacuation Pause)
[13.424s][info ][gc,task        ] GC(343) Using 9 workers of 9 for evacuation
[13.424s][debug][gc,age         ] GC(343) Desired survivor size 16777216 bytes, new threshold 15 (max threshold 15)
[13.425s][info ][gc,phases      ] GC(343)   Pre Evacuate Collection Set: 0.07ms
[13.425s][info ][gc,phases      ] GC(343)   Merge Heap Roots: 0.08ms
[13.425s][info ][gc,phases      ] GC(343)   Evacuate Collection Set: 0.10ms
[13.425s][info ][gc,phases      ] GC(343)   Post Evacuate Collection Set: 0.18ms
[13.425s][info ][gc,phases      ] GC(343)   Other: 0.06ms
[13.425s][trace][gc,age         ] GC(343) Age table:
[13.425s][trace][gc,age         ] GC(343) - age   1:        192 bytes,        192 total
[13.425s][info ][gc,heap        ] GC(343) Eden regions: 253->0(253)
[13.425s][info ][gc,heap        ] GC(343) Survivor regions: 1->1(32)
[13.425s][info ][gc,heap        ] GC(343) Old regions: 11->11
[13.425s][info ][gc,heap        ] GC(343) Humongous regions: 0->0
[13.425s][info ][gc,metaspace   ] GC(343) Metaspace: 10102K(10368K)->10102K(10368K) NonClass: 9143K(9344K)->9143K(9344K) Class: 958K(1024K)->958K(1024K)
[13.425s][info ][gc             ] GC(343) Pause Young (Normal) (G1 Evacuation Pause) 256M->4M(424M) 0.581ms
[13.425s][info ][gc,cpu         ] GC(343) User=0.00s Sys=0.00s Real=0.00s
[13.440s][info ][gc,start       ] GC(344) Pause Young (Normal) (G1 Evacuation Pause)
[13.440s][info ][gc,task        ] GC(344) Using 9 workers of 9 for evacuation
[13.440s][debug][gc,age         ] GC(344) Desired survivor size 16777216 bytes, new threshold 15 (max threshold 15)
[13.441s][info ][gc,phases      ] GC(344)   Pre Evacuate Collection Set: 0.09ms
[13.441s][info ][gc,phases      ] GC(344)   Merge Heap Roots: 0.06ms
[13.441s][info ][gc,phases      ] GC(344)   Evacuate Collection Set: 0.11ms
[13.441s][info ][gc,phases      ] GC(344)   Post Evacuate Collection Set: 0.17ms
[13.441s][info ][gc,phases      ] GC(344)   Other: 0.04ms
[13.441s][trace][gc,age         ] GC(344) Age table:
[13.441s][trace][gc,age         ] GC(344) - age   1:        192 bytes,        192 total
[13.441s][info ][gc,heap        ] GC(344) Eden regions: 253->0(253)
[13.441s][info ][gc,heap        ] GC(344) Survivor regions: 1->1(32)
[13.441s][info ][gc,heap        ] GC(344) Old regions: 11->11
[13.441s][info ][gc,heap        ] GC(344) Humongous regions: 0->0
[13.441s][info ][gc,metaspace   ] GC(344) Metaspace: 10102K(10368K)->10102K(10368K) NonClass: 9143K(9344K)->9143K(9344K) Class: 958K(1024K)->958K(1024K)
[13.441s][info ][gc             ] GC(344) Pause Young (Normal) (G1 Evacuation Pause) 256M->4M(424M) 0.563ms
[13.441s][info ][gc,cpu         ] GC(344) User=0.00s Sys=0.00s Real=0.00s
[13.456s][info ][gc,start       ] GC(345) Pause Young (Normal) (G1 Evacuation Pause)
[13.457s][info ][gc,task        ] GC(345) Using 9 workers of 9 for evacuation
[13.457s][debug][gc,age         ] GC(345) Desired survivor size 16777216 bytes, new threshold 15 (max threshold 15)
[13.457s][info ][gc,phases      ] GC(345)   Pre Evacuate Collection Set: 0.07ms
[13.457s][info ][gc,phases      ] GC(345)   Merge Heap Roots: 0.07ms
[13.457s][info ][gc,phases      ] GC(345)   Evacuate Collection Set: 0.11ms
[13.457s][info ][gc,phases      ] GC(345)   Post Evacuate Collection Set: 0.14ms
[13.457s][info ][gc,phases      ] GC(345)   Other: 0.04ms
[13.457s][trace][gc,age         ] GC(345) Age table:
[13.457s][trace][gc,age         ] GC(345) - age   1:        192 bytes,        192 total
[13.457s][info ][gc,heap        ] GC(345) Eden regions: 253->0(253)
[13.457s][info ][gc,heap        ] GC(345) Survivor regions: 1->1(32)
[13.457s][info ][gc,heap        ] GC(345) Old regions: 11->11
[13.457s][info ][gc,heap        ] GC(345) Humongous regions: 0->0
[13.457s][info ][gc,metaspace   ] GC(345) Metaspace: 10102K(10368K)->10102K(10368K) NonClass: 9143K(9344K)->9143K(9344K) Class: 958K(1024K)->958K(1024K)
[13.457s][info ][gc             ] GC(345) Pause Young (Normal) (G1 Evacuation Pause) 256M->4M(424M) 0.507ms
[13.457s][info ][gc,cpu         ] GC(345) User=0.00s Sys=0.00s Real=0.00s
[13.473s][info ][gc,start       ] GC(346) Pause Young (Normal) (G1 Evacuation Pause)
[13.473s][info ][gc,task        ] GC(346) Using 9 workers of 9 for evacuation
[13.473s][debug][gc,age         ] GC(346) Desired survivor size 16777216 bytes, new threshold 15 (max threshold 15)
[13.473s][info ][gc,phases      ] GC(346)   Pre Evacuate Collection Set: 0.07ms
[13.473s][info ][gc,phases      ] GC(346)   Merge Heap Roots: 0.08ms
[13.473s][info ][gc,phases      ] GC(346)   Evacuate Collection Set: 0.09ms
[13.473s][info ][gc,phases      ] GC(346)   Post Evacuate Collection Set: 0.17ms
[13.473s][info ][gc,phases      ] GC(346)   Other: 0.07ms
[13.473s][trace][gc,age         ] GC(346) Age table:
[13.473s][trace][gc,age         ] GC(346) - age   1:        192 bytes,        192 total
[13.473s][info ][gc,heap        ] GC(346) Eden regions: 253->0(253)
[13.473s][info ][gc,heap        ] GC(346) Survivor regions: 1->1(32)
[13.473s][info ][gc,heap        ] GC(346) Old regions: 11->11
[13.473s][info ][gc,heap        ] GC(346) Humongous regions: 0->0
[13.473s][info ][gc,metaspace   ] GC(346) Metaspace: 10102K(10368K)->10102K(10368K) NonClass: 9143K(9344K)->9143K(9344K) Class: 958K(1024K)->958K(1024K)
[13.473s][info ][gc             ] GC(346) Pause Young (Normal) (G1 Evacuation Pause) 256M->4M(424M) 0.572ms
[13.473s][info ][gc,cpu         ] GC(346) User=0.00s Sys=0.00s Real=0.00s
[13.489s][info ][gc,start       ] GC(347) Pause Young (Normal) (G1 Evacuation Pause)
[13.489s][info ][gc,task        ] GC(347) Using 9 workers of 9 for evacuation
[13.489s][debug][gc,age         ] GC(347) Desired survivor size 16777216 bytes, new threshold 15 (max threshold 15)
[13.490s][info ][gc,phases      ] GC(347)   Pre Evacuate Collection Set: 0.06ms
[13.490s][info ][gc,phases      ] GC(347)   Merge Heap Roots: 0.08ms
[13.490s][info ][gc,phases      ] GC(347)   Evacuate Collection Set: 0.10ms
[13.490s][info ][gc,phases      ] GC(347)   Post Evacuate Collection Set: 0.18ms
[13.490s][info ][gc,phases      ] GC(347)   Other: 0.06ms
[13.490s][trace][gc,age         ] GC(347) Age table:
[13.490s][trace][gc,age         ] GC(347) - age   1:        192 bytes,        192 total
[13.490s][info ][gc,heap        ] GC(347) Eden regions: 253->0(253)
[13.490s][info ][gc,heap        ] GC(347) Survivor regions: 1->1(32)
[13.490s][info ][gc,heap        ] GC(347) Old regions: 11->11
[13.490s][info ][gc,heap        ] GC(347) Humongous regions: 0->0
[13.490s][info ][gc,metaspace   ] GC(347) Metaspace: 10102K(10368K)->10102K(10368K) NonClass: 9143K(9344K)->9143K(9344K) Class: 958K(1024K)->958K(1024K)
[13.490s][info ][gc             ] GC(347) Pause Young (Normal) (G1 Evacuation Pause) 256M->4M(424M) 0.555ms
[13.490s][info ][gc,cpu         ] GC(347) User=0.00s Sys=0.00s Real=0.00s
[13.505s][info ][gc,start       ] GC(348) Pause Young (Normal) (G1 Evacuation Pause)
[13.505s][info ][gc,task        ] GC(348) Using 9 workers of 9 for evacuation
[13.505s][debug][gc,age         ] GC(348) Desired survivor size 16777216 bytes, new threshold 15 (max threshold 15)
[13.506s][info ][gc,phases      ] GC(348)   Pre Evacuate Collection Set: 0.07ms
[13.506s][info ][gc,phases      ] GC(348)   Merge Heap Roots: 0.06ms
[13.506s][info ][gc,phases      ] GC(348)   Evacuate Collection Set: 0.12ms
[13.506s][info ][gc,phases      ] GC(348)   Post Evacuate Collection Set: 0.15ms
[13.506s][info ][gc,phases      ] GC(348)   Other: 0.04ms
[13.506s][trace][gc,age         ] GC(348) Age table:
[13.506s][trace][gc,age         ] GC(348) - age   1:        192 bytes,        192 total
[13.506s][info ][gc,heap        ] GC(348) Eden regions: 253->0(253)
[13.506s][info ][gc,heap        ] GC(348) Survivor regions: 1->1(32)
[13.506s][info ][gc,heap        ] GC(348) Old regions: 11->11
[13.506s][info ][gc,heap        ] GC(348) Humongous regions: 0->0
[13.506s][info ][gc,metaspace   ] GC(348) Metaspace: 10102K(10368K)->10102K(10368K) NonClass: 9143K(9344K)->9143K(9344K) Class: 958K(1024K)->958K(1024K)
[13.506s][info ][gc             ] GC(348) Pause Young (Normal) (G1 Evacuation Pause) 256M->4M(424M) 0.512ms
[13.506s][info ][gc,cpu         ] GC(348) User=0.00s Sys=0.00s Real=0.00s
[13.522s][info ][gc,start       ] GC(349) Pause Young (Normal) (G1 Evacuation Pause)
[13.522s][info ][gc,task        ] GC(349) Using 9 workers of 9 for evacuation
[13.522s][debug][gc,age         ] GC(349) Desired survivor size 16777216 bytes, new threshold 15 (max threshold 15)
[13.522s][info ][gc,phases      ] GC(349)   Pre Evacuate Collection Set: 0.08ms
[13.522s][info ][gc,phases      ] GC(349)   Merge Heap Roots: 0.07ms
[13.522s][info ][gc,phases      ] GC(349)   Evacuate Collection Set: 0.07ms
[13.522s][info ][gc,phases      ] GC(349)   Post Evacuate Collection Set: 0.17ms
[13.522s][info ][gc,phases      ] GC(349)   Other: 0.04ms
[13.522s][trace][gc,age         ] GC(349) Age table:
[13.522s][trace][gc,age         ] GC(349) - age   1:        192 bytes,        192 total
[13.522s][info ][gc,heap        ] GC(349) Eden regions: 253->0(253)
[13.522s][info ][gc,heap        ] GC(349) Survivor regions: 1->1(32)
[13.522s][info ][gc,heap        ] GC(349) Old regions: 11->11
[13.522s][info ][gc,heap        ] GC(349) Humongous regions: 0->0
[13.522s][info ][gc,metaspace   ] GC(349) Metaspace: 10102K(10368K)->10102K(10368K) NonClass: 9143K(9344K)->9143K(9344K) Class: 958K(1024K)->958K(1024K)
[13.522s][info ][gc             ] GC(349) Pause Young (Normal) (G1 Evacuation Pause) 256M->4M(424M) 0.513ms
[13.522s][info ][gc,cpu         ] GC(349) User=0.00s Sys=0.00s Real=0.00s
[13.538s][info ][gc,start       ] GC(350) Pause Young (Normal) (G1 Evacuation Pause)
[13.538s][info ][gc,task        ] GC(350) Using 9 workers of 9 for evacuation
[13.538s][debug][gc,age         ] GC(350) Desired survivor size 16777216 bytes, new threshold 15 (max threshold 15)
[13.538s][info ][gc,phases      ] GC(350)   Pre Evacuate Collection Set: 0.10ms
[13.538s][info ][gc,phases      ] GC(350)   Merge Heap Roots: 0.08ms
[13.538s][info ][gc,phases      ] GC(350)   Evacuate Collection Set: 0.09ms
[13.538s][info ][gc,phases      ] GC(350)   Post Evacuate Collection Set: 0.17ms
[13.538s][info ][gc,phases      ] GC(350)   Other: 0.05ms
[13.538s][trace][gc,age         ] GC(350) Age table:
[13.538s][trace][gc,age         ] GC(350) - age   1:        192 bytes,        192 total
[13.538s][info ][gc,heap        ] GC(350) Eden regions: 253->0(253)
[13.538s][info ][gc,heap        ] GC(350) Survivor regions: 1->1(32)
[13.538s][info ][gc,heap        ] GC(350) Old regions: 11->11
[13.538s][info ][gc,heap        ] GC(350) Humongous regions: 0->0
[13.538s][info ][gc,metaspace   ] GC(350) Metaspace: 10102K(10368K)->10102K(10368K) NonClass: 9143K(9344K)->9143K(9344K) Class: 958K(1024K)->958K(1024K)
[13.538s][info ][gc             ] GC(350) Pause Young (Normal) (G1 Evacuation Pause) 256M->4M(424M) 0.568ms
[13.538s][info ][gc,cpu         ] GC(350) User=0.00s Sys=0.00s Real=0.00s
[13.554s][info ][gc,start       ] GC(351) Pause Young (Normal) (G1 Evacuation Pause)
[13.554s][info ][gc,task        ] GC(351) Using 9 workers of 9 for evacuation
[13.554s][debug][gc,age         ] GC(351) Desired survivor size 16777216 bytes, new threshold 15 (max threshold 15)
[13.554s][info ][gc,phases      ] GC(351)   Pre Evacuate Collection Set: 0.11ms
[13.554s][info ][gc,phases      ] GC(351)   Merge Heap Roots: 0.10ms
[13.554s][info ][gc,phases      ] GC(351)   Evacuate Collection Set: 0.09ms
[13.554s][info ][gc,phases      ] GC(351)   Post Evacuate Collection Set: 0.15ms
[13.554s][info ][gc,phases      ] GC(351)   Other: 0.04ms
[13.554s][trace][gc,age         ] GC(351) Age table:
[13.554s][trace][gc,age         ] GC(351) - age   1:        192 bytes,        192 total
[13.554s][info ][gc,heap        ] GC(351) Eden regions: 253->0(253)
[13.554s][info ][gc,heap        ] GC(351) Survivor regions: 1->1(32)
[13.554s][info ][gc,heap        ] GC(351) Old regions: 11->11
[13.554s][info ][gc,heap        ] GC(351) Humongous regions: 0->0
[13.554s][info ][gc,metaspace   ] GC(351) Metaspace: 10102K(10368K)->10102K(10368K) NonClass: 9143K(9344K)->9143K(9344K) Class: 958K(1024K)->958K(1024K)
[13.554s][info ][gc             ] GC(351) Pause Young (Normal) (G1 Evacuation Pause) 256M->4M(424M) 0.570ms
[13.554s][info ][gc,cpu         ] GC(351) User=0.01s Sys=0.00s Real=0.00s
[13.570s][info ][gc,start       ] GC(352) Pause Young (Normal) (G1 Evacuation Pause)
[13.570s][info ][gc,task        ] GC(352) Using 9 workers of 9 for evacuation
[13.570s][debug][gc,age         ] GC(352) Desired survivor size 16777216 bytes, new threshold 15 (max threshold 15)
[13.571s][info ][gc,phases      ] GC(352)   Pre Evacuate Collection Set: 0.10ms
[13.571s][info ][gc,phases      ] GC(352)   Merge Heap Roots: 0.07ms
[13.571s][info ][gc,phases      ] GC(352)   Evacuate Collection Set: 0.10ms
[13.571s][info ][gc,phases      ] GC(352)   Post Evacuate Collection Set: 0.20ms
[13.571s][info ][gc,phases      ] GC(352)   Other: 0.06ms
[13.571s][trace][gc,age         ] GC(352) Age table:
[13.571s][trace][gc,age         ] GC(352) - age   1:        192 bytes,        192 total
[13.571s][info ][gc,heap        ] GC(352) Eden regions: 253->0(253)
[13.571s][info ][gc,heap        ] GC(352) Survivor regions: 1->1(32)
[13.571s][info ][gc,heap        ] GC(352) Old regions: 11->11
[13.571s][info ][gc,heap        ] GC(352) Humongous regions: 0->0
[13.571s][info ][gc,metaspace   ] GC(352) Metaspace: 10102K(10368K)->10102K(10368K) NonClass: 9143K(9344K)->9143K(9344K) Class: 958K(1024K)->958K(1024K)
[13.571s][info ][gc             ] GC(352) Pause Young (Normal) (G1 Evacuation Pause) 256M->4M(424M) 0.621ms
[13.571s][info ][gc,cpu         ] GC(352) User=0.00s Sys=0.00s Real=0.00s
[13.587s][info ][gc,start       ] GC(353) Pause Young (Normal) (G1 Evacuation Pause)
[13.587s][info ][gc,task        ] GC(353) Using 9 workers of 9 for evacuation
[13.587s][debug][gc,age         ] GC(353) Desired survivor size 16777216 bytes, new threshold 15 (max threshold 15)
[13.587s][info ][gc,phases      ] GC(353)   Pre Evacuate Collection Set: 0.07ms
[13.587s][info ][gc,phases      ] GC(353)   Merge Heap Roots: 0.06ms
[13.587s][info ][gc,phases      ] GC(353)   Evacuate Collection Set: 0.15ms
[13.587s][info ][gc,phases      ] GC(353)   Post Evacuate Collection Set: 0.16ms
[13.587s][info ][gc,phases      ] GC(353)   Other: 0.05ms
[13.587s][trace][gc,age         ] GC(353) Age table:
[13.587s][trace][gc,age         ] GC(353) - age   1:        192 bytes,        192 total
[13.587s][info ][gc,heap        ] GC(353) Eden regions: 253->0(253)
[13.587s][info ][gc,heap        ] GC(353) Survivor regions: 1->1(32)
[13.587s][info ][gc,heap        ] GC(353) Old regions: 11->11
[13.587s][info ][gc,heap        ] GC(353) Humongous regions: 0->0
[13.587s][info ][gc,metaspace   ] GC(353) Metaspace: 10102K(10368K)->10102K(10368K) NonClass: 9143K(9344K)->9143K(9344K) Class: 958K(1024K)->958K(1024K)
[13.587s][info ][gc             ] GC(353) Pause Young (Normal) (G1 Evacuation Pause) 256M->4M(424M) 0.586ms
[13.587s][info ][gc,cpu         ] GC(353) User=0.00s Sys=0.00s Real=0.00s
[13.603s][info ][gc,start       ] GC(354) Pause Young (Normal) (G1 Evacuation Pause)
[13.603s][info ][gc,task        ] GC(354) Using 9 workers of 9 for evacuation
[13.603s][debug][gc,age         ] GC(354) Desired survivor size 16777216 bytes, new threshold 15 (max threshold 15)
[13.603s][info ][gc,phases      ] GC(354)   Pre Evacuate Collection Set: 0.06ms
[13.603s][info ][gc,phases      ] GC(354)   Merge Heap Roots: 0.07ms
[13.603s][info ][gc,phases      ] GC(354)   Evacuate Collection Set: 0.11ms
[13.603s][info ][gc,phases      ] GC(354)   Post Evacuate Collection Set: 0.18ms
[13.603s][info ][gc,phases      ] GC(354)   Other: 0.05ms
[13.603s][trace][gc,age         ] GC(354) Age table:
[13.603s][trace][gc,age         ] GC(354) - age   1:        192 bytes,        192 total
[13.603s][info ][gc,heap        ] GC(354) Eden regions: 253->0(253)
[13.603s][info ][gc,heap        ] GC(354) Survivor regions: 1->1(32)
[13.603s][info ][gc,heap        ] GC(354) Old regions: 11->11
[13.603s][info ][gc,heap        ] GC(354) Humongous regions: 0->0
[13.603s][info ][gc,metaspace   ] GC(354) Metaspace: 10102K(10368K)->10102K(10368K) NonClass: 9143K(9344K)->9143K(9344K) Class: 958K(1024K)->958K(1024K)
[13.603s][info ][gc             ] GC(354) Pause Young (Normal) (G1 Evacuation Pause) 256M->4M(424M) 0.554ms
[13.603s][info ][gc,cpu         ] GC(354) User=0.01s Sys=0.00s Real=0.00s
[13.619s][info ][gc,start       ] GC(355) Pause Young (Normal) (G1 Evacuation Pause)
[13.619s][info ][gc,task        ] GC(355) Using 9 workers of 9 for evacuation
[13.619s][debug][gc,age         ] GC(355) Desired survivor size 16777216 bytes, new threshold 15 (max threshold 15)
[13.619s][info ][gc,phases      ] GC(355)   Pre Evacuate Collection Set: 0.06ms
[13.619s][info ][gc,phases      ] GC(355)   Merge Heap Roots: 0.06ms
[13.619s][info ][gc,phases      ] GC(355)   Evacuate Collection Set: 0.13ms
[13.619s][info ][gc,phases      ] GC(355)   Post Evacuate Collection Set: 0.19ms
[13.619s][info ][gc,phases      ] GC(355)   Other: 0.06ms
[13.619s][trace][gc,age         ] GC(355) Age table:
[13.619s][trace][gc,age         ] GC(355) - age   1:        192 bytes,        192 total
[13.619s][info ][gc,heap        ] GC(355) Eden regions: 253->0(253)
[13.619s][info ][gc,heap        ] GC(355) Survivor regions: 1->1(32)
[13.619s][info ][gc,heap        ] GC(355) Old regions: 11->11
[13.619s][info ][gc,heap        ] GC(355) Humongous regions: 0->0
[13.619s][info ][gc,metaspace   ] GC(355) Metaspace: 10102K(10368K)->10102K(10368K) NonClass: 9143K(9344K)->9143K(9344K) Class: 958K(1024K)->958K(1024K)
[13.619s][info ][gc             ] GC(355) Pause Young (Normal) (G1 Evacuation Pause) 256M->4M(424M) 0.576ms
[13.619s][info ][gc,cpu         ] GC(355) User=0.00s Sys=0.00s Real=0.00s
[13.635s][info ][gc,start       ] GC(356) Pause Young (Normal) (G1 Evacuation Pause)
[13.635s][info ][gc,task        ] GC(356) Using 9 workers of 9 for evacuation
[13.635s][debug][gc,age         ] GC(356) Desired survivor size 16777216 bytes, new threshold 15 (max threshold 15)
[13.635s][info ][gc,phases      ] GC(356)   Pre Evacuate Collection Set: 0.07ms
[13.635s][info ][gc,phases      ] GC(356)   Merge Heap Roots: 0.06ms
[13.635s][info ][gc,phases      ] GC(356)   Evacuate Collection Set: 0.12ms
[13.635s][info ][gc,phases      ] GC(356)   Post Evacuate Collection Set: 0.17ms
[13.635s][info ][gc,phases      ] GC(356)   Other: 0.06ms
[13.635s][trace][gc,age         ] GC(356) Age table:
[13.635s][trace][gc,age         ] GC(356) - age   1:        192 bytes,        192 total
[13.635s][info ][gc,heap        ] GC(356) Eden regions: 253->0(253)
[13.635s][info ][gc,heap        ] GC(356) Survivor regions: 1->1(32)
[13.635s][info ][gc,heap        ] GC(356) Old regions: 11->11
[13.635s][info ][gc,heap        ] GC(356) Humongous regions: 0->0
[13.635s][info ][gc,metaspace   ] GC(356) Metaspace: 10102K(10368K)->10102K(10368K) NonClass: 9143K(9344K)->9143K(9344K) Class: 958K(1024K)->958K(1024K)
[13.635s][info ][gc             ] GC(356) Pause Young (Normal) (G1 Evacuation Pause) 256M->4M(424M) 0.557ms
[13.635s][info ][gc,cpu         ] GC(356) User=0.00s Sys=0.00s Real=0.01s
[13.651s][info ][gc,start       ] GC(357) Pause Young (Normal) (G1 Evacuation Pause)
[13.651s][info ][gc,task        ] GC(357) Using 9 workers of 9 for evacuation
[13.651s][debug][gc,age         ] GC(357) Desired survivor size 16777216 bytes, new threshold 15 (max threshold 15)
[13.652s][info ][gc,phases      ] GC(357)   Pre Evacuate Collection Set: 0.06ms
[13.652s][info ][gc,phases      ] GC(357)   Merge Heap Roots: 0.11ms
[13.652s][info ][gc,phases      ] GC(357)   Evacuate Collection Set: 0.11ms
[13.652s][info ][gc,phases      ] GC(357)   Post Evacuate Collection Set: 0.18ms
[13.652s][info ][gc,phases      ] GC(357)   Other: 0.05ms
[13.652s][trace][gc,age         ] GC(357) Age table:
[13.652s][trace][gc,age         ] GC(357) - age   1:        192 bytes,        192 total
[13.652s][info ][gc,heap        ] GC(357) Eden regions: 253->0(253)
[13.652s][info ][gc,heap        ] GC(357) Survivor regions: 1->1(32)
[13.652s][info ][gc,heap        ] GC(357) Old regions: 11->11
[13.652s][info ][gc,heap        ] GC(357) Humongous regions: 0->0
[13.652s][info ][gc,metaspace   ] GC(357) Metaspace: 10102K(10368K)->10102K(10368K) NonClass: 9143K(9344K)->9143K(9344K) Class: 958K(1024K)->958K(1024K)
[13.652s][info ][gc             ] GC(357) Pause Young (Normal) (G1 Evacuation Pause) 256M->4M(424M) 0.605ms
[13.652s][info ][gc,cpu         ] GC(357) User=0.00s Sys=0.00s Real=0.00s
[13.667s][info ][gc,start       ] GC(358) Pause Young (Normal) (G1 Evacuation Pause)
[13.667s][info ][gc,task        ] GC(358) Using 9 workers of 9 for evacuation
[13.667s][debug][gc,age         ] GC(358) Desired survivor size 16777216 bytes, new threshold 15 (max threshold 15)
[13.668s][info ][gc,phases      ] GC(358)   Pre Evacuate Collection Set: 0.07ms
[13.668s][info ][gc,phases      ] GC(358)   Merge Heap Roots: 0.10ms
[13.668s][info ][gc,phases      ] GC(358)   Evacuate Collection Set: 0.10ms
[13.668s][info ][gc,phases      ] GC(358)   Post Evacuate Collection Set: 0.18ms
[13.668s][info ][gc,phases      ] GC(358)   Other: 0.06ms
[13.668s][trace][gc,age         ] GC(358) Age table:
[13.668s][trace][gc,age         ] GC(358) - age   1:        192 bytes,        192 total
[13.668s][info ][gc,heap        ] GC(358) Eden regions: 253->0(253)
[13.668s][info ][gc,heap        ] GC(358) Survivor regions: 1->1(32)
[13.668s][info ][gc,heap        ] GC(358) Old regions: 11->11
[13.668s][info ][gc,heap        ] GC(358) Humongous regions: 0->0
[13.668s][info ][gc,metaspace   ] GC(358) Metaspace: 10102K(10368K)->10102K(10368K) NonClass: 9143K(9344K)->9143K(9344K) Class: 958K(1024K)->958K(1024K)
[13.668s][info ][gc             ] GC(358) Pause Young (Normal) (G1 Evacuation Pause) 256M->4M(424M) 0.611ms
[13.668s][info ][gc,cpu         ] GC(358) User=0.00s Sys=0.00s Real=0.00s
[13.684s][info ][gc,start       ] GC(359) Pause Young (Normal) (G1 Evacuation Pause)
[13.684s][info ][gc,task        ] GC(359) Using 9 workers of 9 for evacuation
[13.684s][debug][gc,age         ] GC(359) Desired survivor size 16777216 bytes, new threshold 15 (max threshold 15)
[13.684s][info ][gc,phases      ] GC(359)   Pre Evacuate Collection Set: 0.09ms
[13.684s][info ][gc,phases      ] GC(359)   Merge Heap Roots: 0.08ms
[13.684s][info ][gc,phases      ] GC(359)   Evacuate Collection Set: 0.10ms
[13.684s][info ][gc,phases      ] GC(359)   Post Evacuate Collection Set: 0.19ms
[13.684s][info ][gc,phases      ] GC(359)   Other: 0.06ms
[13.684s][trace][gc,age         ] GC(359) Age table:
[13.684s][trace][gc,age         ] GC(359) - age   1:        192 bytes,        192 total
[13.684s][info ][gc,heap        ] GC(359) Eden regions: 253->0(253)
[13.684s][info ][gc,heap        ] GC(359) Survivor regions: 1->1(32)
[13.684s][info ][gc,heap        ] GC(359) Old regions: 11->11
[13.684s][info ][gc,heap        ] GC(359) Humongous regions: 0->0
[13.684s][info ][gc,metaspace   ] GC(359) Metaspace: 10102K(10368K)->10102K(10368K) NonClass: 9143K(9344K)->9143K(9344K) Class: 958K(1024K)->958K(1024K)
[13.684s][info ][gc             ] GC(359) Pause Young (Normal) (G1 Evacuation Pause) 256M->4M(424M) 0.604ms
[13.684s][info ][gc,cpu         ] GC(359) User=0.00s Sys=0.00s Real=0.00s
[13.700s][info ][gc,start       ] GC(360) Pause Young (Normal) (G1 Evacuation Pause)
[13.700s][info ][gc,task        ] GC(360) Using 9 workers of 9 for evacuation
[13.700s][debug][gc,age         ] GC(360) Desired survivor size 16777216 bytes, new threshold 15 (max threshold 15)
[13.700s][info ][gc,phases      ] GC(360)   Pre Evacuate Collection Set: 0.07ms
[13.700s][info ][gc,phases      ] GC(360)   Merge Heap Roots: 0.06ms
[13.700s][info ][gc,phases      ] GC(360)   Evacuate Collection Set: 0.08ms
[13.700s][info ][gc,phases      ] GC(360)   Post Evacuate Collection Set: 0.17ms
[13.700s][info ][gc,phases      ] GC(360)   Other: 0.04ms
[13.700s][trace][gc,age         ] GC(360) Age table:
[13.700s][trace][gc,age         ] GC(360) - age   1:        192 bytes,        192 total
[13.700s][info ][gc,heap        ] GC(360) Eden regions: 253->0(253)
[13.700s][info ][gc,heap        ] GC(360) Survivor regions: 1->1(32)
[13.700s][info ][gc,heap        ] GC(360) Old regions: 11->11
[13.700s][info ][gc,heap        ] GC(360) Humongous regions: 0->0
[13.700s][info ][gc,metaspace   ] GC(360) Metaspace: 10102K(10368K)->10102K(10368K) NonClass: 9143K(9344K)->9143K(9344K) Class: 958K(1024K)->958K(1024K)
[13.700s][info ][gc             ] GC(360) Pause Young (Normal) (G1 Evacuation Pause) 256M->4M(424M) 0.517ms
[13.700s][info ][gc,cpu         ] GC(360) User=0.00s Sys=0.00s Real=0.00s
[13.716s][info ][gc,start       ] GC(361) Pause Young (Normal) (G1 Evacuation Pause)
[13.716s][info ][gc,task        ] GC(361) Using 9 workers of 9 for evacuation
[13.716s][debug][gc,age         ] GC(361) Desired survivor size 16777216 bytes, new threshold 15 (max threshold 15)
[13.716s][info ][gc,phases      ] GC(361)   Pre Evacuate Collection Set: 0.09ms
[13.716s][info ][gc,phases      ] GC(361)   Merge Heap Roots: 0.07ms
[13.716s][info ][gc,phases      ] GC(361)   Evacuate Collection Set: 0.11ms
[13.716s][info ][gc,phases      ] GC(361)   Post Evacuate Collection Set: 0.16ms
[13.716s][info ][gc,phases      ] GC(361)   Other: 0.05ms
[13.716s][trace][gc,age         ] GC(361) Age table:
[13.716s][trace][gc,age         ] GC(361) - age   1:        192 bytes,        192 total
[13.716s][info ][gc,heap        ] GC(361) Eden regions: 253->0(253)
[13.716s][info ][gc,heap        ] GC(361) Survivor regions: 1->1(32)
[13.716s][info ][gc,heap        ] GC(361) Old regions: 11->11
[13.716s][info ][gc,heap        ] GC(361) Humongous regions: 0->0
[13.716s][info ][gc,metaspace   ] GC(361) Metaspace: 10102K(10368K)->10102K(10368K) NonClass: 9143K(9344K)->9143K(9344K) Class: 958K(1024K)->958K(1024K)
[13.716s][info ][gc             ] GC(361) Pause Young (Normal) (G1 Evacuation Pause) 256M->4M(424M) 0.581ms
[13.717s][info ][gc,cpu         ] GC(361) User=0.00s Sys=0.00s Real=0.00s
[13.732s][info ][gc,start       ] GC(362) Pause Young (Normal) (G1 Evacuation Pause)
[13.732s][info ][gc,task        ] GC(362) Using 9 workers of 9 for evacuation
[13.732s][debug][gc,age         ] GC(362) Desired survivor size 16777216 bytes, new threshold 15 (max threshold 15)
[13.733s][info ][gc,phases      ] GC(362)   Pre Evacuate Collection Set: 0.07ms
[13.733s][info ][gc,phases      ] GC(362)   Merge Heap Roots: 0.06ms
[13.733s][info ][gc,phases      ] GC(362)   Evacuate Collection Set: 0.11ms
[13.733s][info ][gc,phases      ] GC(362)   Post Evacuate Collection Set: 0.17ms
[13.733s][info ][gc,phases      ] GC(362)   Other: 0.05ms
[13.733s][trace][gc,age         ] GC(362) Age table:
[13.733s][trace][gc,age         ] GC(362) - age   1:        192 bytes,        192 total
[13.733s][info ][gc,heap        ] GC(362) Eden regions: 253->0(253)
[13.733s][info ][gc,heap        ] GC(362) Survivor regions: 1->1(32)
[13.733s][info ][gc,heap        ] GC(362) Old regions: 11->11
[13.733s][info ][gc,heap        ] GC(362) Humongous regions: 0->0
[13.733s][info ][gc,metaspace   ] GC(362) Metaspace: 10102K(10368K)->10102K(10368K) NonClass: 9143K(9344K)->9143K(9344K) Class: 958K(1024K)->958K(1024K)
[13.733s][info ][gc             ] GC(362) Pause Young (Normal) (G1 Evacuation Pause) 256M->4M(424M) 0.546ms
[13.733s][info ][gc,cpu         ] GC(362) User=0.00s Sys=0.01s Real=0.00s
[13.748s][info ][gc,start       ] GC(363) Pause Young (Normal) (G1 Evacuation Pause)
[13.748s][info ][gc,task        ] GC(363) Using 9 workers of 9 for evacuation
[13.748s][debug][gc,age         ] GC(363) Desired survivor size 16777216 bytes, new threshold 15 (max threshold 15)
[13.749s][info ][gc,phases      ] GC(363)   Pre Evacuate Collection Set: 0.07ms
[13.749s][info ][gc,phases      ] GC(363)   Merge Heap Roots: 0.10ms
[13.749s][info ][gc,phases      ] GC(363)   Evacuate Collection Set: 0.10ms
[13.749s][info ][gc,phases      ] GC(363)   Post Evacuate Collection Set: 0.17ms
[13.749s][info ][gc,phases      ] GC(363)   Other: 0.06ms
[13.749s][trace][gc,age         ] GC(363) Age table:
[13.749s][trace][gc,age         ] GC(363) - age   1:        192 bytes,        192 total
[13.749s][info ][gc,heap        ] GC(363) Eden regions: 253->0(253)
[13.749s][info ][gc,heap        ] GC(363) Survivor regions: 1->1(32)
[13.749s][info ][gc,heap        ] GC(363) Old regions: 11->11
[13.749s][info ][gc,heap        ] GC(363) Humongous regions: 0->0
[13.749s][info ][gc,metaspace   ] GC(363) Metaspace: 10102K(10368K)->10102K(10368K) NonClass: 9143K(9344K)->9143K(9344K) Class: 958K(1024K)->958K(1024K)
[13.749s][info ][gc             ] GC(363) Pause Young (Normal) (G1 Evacuation Pause) 256M->4M(424M) 0.598ms
[13.749s][info ][gc,cpu         ] GC(363) User=0.00s Sys=0.00s Real=0.00s
[13.764s][info ][gc,start       ] GC(364) Pause Young (Normal) (G1 Evacuation Pause)
[13.764s][info ][gc,task        ] GC(364) Using 9 workers of 9 for evacuation
[13.764s][debug][gc,age         ] GC(364) Desired survivor size 16777216 bytes, new threshold 15 (max threshold 15)
[13.765s][info ][gc,phases      ] GC(364)   Pre Evacuate Collection Set: 0.13ms
[13.765s][info ][gc,phases      ] GC(364)   Merge Heap Roots: 0.05ms
[13.765s][info ][gc,phases      ] GC(364)   Evacuate Collection Set: 0.14ms
[13.765s][info ][gc,phases      ] GC(364)   Post Evacuate Collection Set: 0.17ms
[13.765s][info ][gc,phases      ] GC(364)   Other: 0.06ms
[13.765s][trace][gc,age         ] GC(364) Age table:
[13.765s][trace][gc,age         ] GC(364) - age   1:        192 bytes,        192 total
[13.765s][info ][gc,heap        ] GC(364) Eden regions: 253->0(253)
[13.765s][info ][gc,heap        ] GC(364) Survivor regions: 1->1(32)
[13.765s][info ][gc,heap        ] GC(364) Old regions: 11->11
[13.765s][info ][gc,heap        ] GC(364) Humongous regions: 0->0
[13.765s][info ][gc,metaspace   ] GC(364) Metaspace: 10102K(10368K)->10102K(10368K) NonClass: 9143K(9344K)->9143K(9344K) Class: 958K(1024K)->958K(1024K)
[13.765s][info ][gc             ] GC(364) Pause Young (Normal) (G1 Evacuation Pause) 256M->4M(424M) 0.646ms
[13.765s][info ][gc,cpu         ] GC(364) User=0.00s Sys=0.00s Real=0.00s
[13.781s][info ][gc,start       ] GC(365) Pause Young (Normal) (G1 Evacuation Pause)
[13.781s][info ][gc,task        ] GC(365) Using 9 workers of 9 for evacuation
[13.781s][debug][gc,age         ] GC(365) Desired survivor size 16777216 bytes, new threshold 15 (max threshold 15)
[13.781s][info ][gc,phases      ] GC(365)   Pre Evacuate Collection Set: 0.10ms
[13.781s][info ][gc,phases      ] GC(365)   Merge Heap Roots: 0.08ms
[13.781s][info ][gc,phases      ] GC(365)   Evacuate Collection Set: 0.08ms
[13.781s][info ][gc,phases      ] GC(365)   Post Evacuate Collection Set: 0.18ms
[13.781s][info ][gc,phases      ] GC(365)   Other: 0.05ms
[13.781s][trace][gc,age         ] GC(365) Age table:
[13.781s][trace][gc,age         ] GC(365) - age   1:        192 bytes,        192 total
[13.781s][info ][gc,heap        ] GC(365) Eden regions: 253->0(253)
[13.781s][info ][gc,heap        ] GC(365) Survivor regions: 1->1(32)
[13.781s][info ][gc,heap        ] GC(365) Old regions: 11->11
[13.781s][info ][gc,heap        ] GC(365) Humongous regions: 0->0
[13.781s][info ][gc,metaspace   ] GC(365) Metaspace: 10102K(10368K)->10102K(10368K) NonClass: 9143K(9344K)->9143K(9344K) Class: 958K(1024K)->958K(1024K)
[13.781s][info ][gc             ] GC(365) Pause Young (Normal) (G1 Evacuation Pause) 256M->4M(424M) 0.575ms
[13.781s][info ][gc,cpu         ] GC(365) User=0.00s Sys=0.00s Real=0.00s
[13.797s][info ][gc,start       ] GC(366) Pause Young (Normal) (G1 Evacuation Pause)
[13.797s][info ][gc,task        ] GC(366) Using 9 workers of 9 for evacuation
[13.797s][debug][gc,age         ] GC(366) Desired survivor size 16777216 bytes, new threshold 15 (max threshold 15)
[13.797s][info ][gc,phases      ] GC(366)   Pre Evacuate Collection Set: 0.13ms
[13.797s][info ][gc,phases      ] GC(366)   Merge Heap Roots: 0.07ms
[13.797s][info ][gc,phases      ] GC(366)   Evacuate Collection Set: 0.11ms
[13.797s][info ][gc,phases      ] GC(366)   Post Evacuate Collection Set: 0.17ms
[13.797s][info ][gc,phases      ] GC(366)   Other: 0.06ms
[13.797s][trace][gc,age         ] GC(366) Age table:
[13.797s][trace][gc,age         ] GC(366) - age   1:        192 bytes,        192 total
[13.797s][info ][gc,heap        ] GC(366) Eden regions: 253->0(253)
[13.797s][info ][gc,heap        ] GC(366) Survivor regions: 1->1(32)
[13.797s][info ][gc,heap        ] GC(366) Old regions: 11->11
[13.797s][info ][gc,heap        ] GC(366) Humongous regions: 0->0
[13.797s][info ][gc,metaspace   ] GC(366) Metaspace: 10102K(10368K)->10102K(10368K) NonClass: 9143K(9344K)->9143K(9344K) Class: 958K(1024K)->958K(1024K)
[13.797s][info ][gc             ] GC(366) Pause Young (Normal) (G1 Evacuation Pause) 256M->4M(424M) 0.626ms
[13.797s][info ][gc,cpu         ] GC(366) User=0.00s Sys=0.00s Real=0.00s
[13.813s][info ][gc,start       ] GC(367) Pause Young (Normal) (G1 Evacuation Pause)
[13.813s][info ][gc,task        ] GC(367) Using 9 workers of 9 for evacuation
[13.813s][debug][gc,age         ] GC(367) Desired survivor size 16777216 bytes, new threshold 15 (max threshold 15)
[13.813s][info ][gc,phases      ] GC(367)   Pre Evacuate Collection Set: 0.08ms
[13.813s][info ][gc,phases      ] GC(367)   Merge Heap Roots: 0.06ms
[13.813s][info ][gc,phases      ] GC(367)   Evacuate Collection Set: 0.10ms
[13.813s][info ][gc,phases      ] GC(367)   Post Evacuate Collection Set: 0.14ms
[13.813s][info ][gc,phases      ] GC(367)   Other: 0.04ms
[13.813s][trace][gc,age         ] GC(367) Age table:
[13.813s][trace][gc,age         ] GC(367) - age   1:        192 bytes,        192 total
[13.813s][info ][gc,heap        ] GC(367) Eden regions: 253->0(253)
[13.813s][info ][gc,heap        ] GC(367) Survivor regions: 1->1(32)
[13.813s][info ][gc,heap        ] GC(367) Old regions: 11->11
[13.813s][info ][gc,heap        ] GC(367) Humongous regions: 0->0
[13.813s][info ][gc,metaspace   ] GC(367) Metaspace: 10102K(10368K)->10102K(10368K) NonClass: 9143K(9344K)->9143K(9344K) Class: 958K(1024K)->958K(1024K)
[13.813s][info ][gc             ] GC(367) Pause Young (Normal) (G1 Evacuation Pause) 256M->4M(424M) 0.496ms
[13.813s][info ][gc,cpu         ] GC(367) User=0.00s Sys=0.00s Real=0.00s
[13.829s][info ][gc,start       ] GC(368) Pause Young (Normal) (G1 Evacuation Pause)
[13.829s][info ][gc,task        ] GC(368) Using 9 workers of 9 for evacuation
[13.829s][debug][gc,age         ] GC(368) Desired survivor size 16777216 bytes, new threshold 15 (max threshold 15)
[13.830s][info ][gc,phases      ] GC(368)   Pre Evacuate Collection Set: 0.09ms
[13.830s][info ][gc,phases      ] GC(368)   Merge Heap Roots: 0.06ms
[13.830s][info ][gc,phases      ] GC(368)   Evacuate Collection Set: 0.11ms
[13.830s][info ][gc,phases      ] GC(368)   Post Evacuate Collection Set: 0.17ms
[13.830s][info ][gc,phases      ] GC(368)   Other: 0.05ms
[13.830s][trace][gc,age         ] GC(368) Age table:
[13.830s][trace][gc,age         ] GC(368) - age   1:        192 bytes,        192 total
[13.830s][info ][gc,heap        ] GC(368) Eden regions: 253->0(253)
[13.830s][info ][gc,heap        ] GC(368) Survivor regions: 1->1(32)
[13.830s][info ][gc,heap        ] GC(368) Old regions: 11->11
[13.830s][info ][gc,heap        ] GC(368) Humongous regions: 0->0
[13.830s][info ][gc,metaspace   ] GC(368) Metaspace: 10102K(10368K)->10102K(10368K) NonClass: 9143K(9344K)->9143K(9344K) Class: 958K(1024K)->958K(1024K)
[13.830s][info ][gc             ] GC(368) Pause Young (Normal) (G1 Evacuation Pause) 256M->4M(424M) 0.586ms
[13.830s][info ][gc,cpu         ] GC(368) User=0.00s Sys=0.00s Real=0.00s
[13.846s][info ][gc,start       ] GC(369) Pause Young (Normal) (G1 Evacuation Pause)
[13.846s][info ][gc,task        ] GC(369) Using 9 workers of 9 for evacuation
[13.846s][debug][gc,age         ] GC(369) Desired survivor size 16777216 bytes, new threshold 15 (max threshold 15)
[13.846s][info ][gc,phases      ] GC(369)   Pre Evacuate Collection Set: 0.08ms
[13.846s][info ][gc,phases      ] GC(369)   Merge Heap Roots: 0.05ms
[13.846s][info ][gc,phases      ] GC(369)   Evacuate Collection Set: 0.11ms
[13.846s][info ][gc,phases      ] GC(369)   Post Evacuate Collection Set: 0.18ms
[13.846s][info ][gc,phases      ] GC(369)   Other: 0.06ms
[13.846s][trace][gc,age         ] GC(369) Age table:
[13.846s][trace][gc,age         ] GC(369) - age   1:        192 bytes,        192 total
[13.846s][info ][gc,heap        ] GC(369) Eden regions: 253->0(253)
[13.846s][info ][gc,heap        ] GC(369) Survivor regions: 1->1(32)
[13.846s][info ][gc,heap        ] GC(369) Old regions: 11->11
[13.846s][info ][gc,heap        ] GC(369) Humongous regions: 0->0
[13.846s][info ][gc,metaspace   ] GC(369) Metaspace: 10102K(10368K)->10102K(10368K) NonClass: 9143K(9344K)->9143K(9344K) Class: 958K(1024K)->958K(1024K)
[13.846s][info ][gc             ] GC(369) Pause Young (Normal) (G1 Evacuation Pause) 256M->4M(424M) 0.576ms
[13.846s][info ][gc,cpu         ] GC(369) User=0.00s Sys=0.00s Real=0.00s
[13.862s][info ][gc,start       ] GC(370) Pause Young (Normal) (G1 Evacuation Pause)
[13.862s][info ][gc,task        ] GC(370) Using 9 workers of 9 for evacuation
[13.862s][debug][gc,age         ] GC(370) Desired survivor size 16777216 bytes, new threshold 15 (max threshold 15)
[13.862s][info ][gc,phases      ] GC(370)   Pre Evacuate Collection Set: 0.07ms
[13.862s][info ][gc,phases      ] GC(370)   Merge Heap Roots: 0.06ms
[13.862s][info ][gc,phases      ] GC(370)   Evacuate Collection Set: 0.11ms
[13.862s][info ][gc,phases      ] GC(370)   Post Evacuate Collection Set: 0.18ms
[13.862s][info ][gc,phases      ] GC(370)   Other: 0.05ms
[13.862s][trace][gc,age         ] GC(370) Age table:
[13.862s][trace][gc,age         ] GC(370) - age   1:        192 bytes,        192 total
[13.862s][info ][gc,heap        ] GC(370) Eden regions: 253->0(253)
[13.862s][info ][gc,heap        ] GC(370) Survivor regions: 1->1(32)
[13.862s][info ][gc,heap        ] GC(370) Old regions: 11->11
[13.862s][info ][gc,heap        ] GC(370) Humongous regions: 0->0
[13.862s][info ][gc,metaspace   ] GC(370) Metaspace: 10102K(10368K)->10102K(10368K) NonClass: 9143K(9344K)->9143K(9344K) Class: 958K(1024K)->958K(1024K)
[13.862s][info ][gc             ] GC(370) Pause Young (Normal) (G1 Evacuation Pause) 256M->4M(424M) 0.545ms
[13.862s][info ][gc,cpu         ] GC(370) User=0.00s Sys=0.00s Real=0.00s
[13.878s][info ][gc,start       ] GC(371) Pause Young (Normal) (G1 Evacuation Pause)
[13.878s][info ][gc,task        ] GC(371) Using 9 workers of 9 for evacuation
[13.878s][debug][gc,age         ] GC(371) Desired survivor size 16777216 bytes, new threshold 15 (max threshold 15)
[13.878s][info ][gc,phases      ] GC(371)   Pre Evacuate Collection Set: 0.12ms
[13.878s][info ][gc,phases      ] GC(371)   Merge Heap Roots: 0.08ms
[13.878s][info ][gc,phases      ] GC(371)   Evacuate Collection Set: 0.12ms
[13.878s][info ][gc,phases      ] GC(371)   Post Evacuate Collection Set: 0.18ms
[13.878s][info ][gc,phases      ] GC(371)   Other: 0.06ms
[13.878s][trace][gc,age         ] GC(371) Age table:
[13.878s][trace][gc,age         ] GC(371) - age   1:        192 bytes,        192 total
[13.878s][info ][gc,heap        ] GC(371) Eden regions: 253->0(253)
[13.878s][info ][gc,heap        ] GC(371) Survivor regions: 1->1(32)
[13.878s][info ][gc,heap        ] GC(371) Old regions: 11->11
[13.878s][info ][gc,heap        ] GC(371) Humongous regions: 0->0
[13.878s][info ][gc,metaspace   ] GC(371) Metaspace: 10102K(10368K)->10102K(10368K) NonClass: 9143K(9344K)->9143K(9344K) Class: 958K(1024K)->958K(1024K)
[13.878s][info ][gc             ] GC(371) Pause Young (Normal) (G1 Evacuation Pause) 256M->4M(424M) 0.649ms
[13.878s][info ][gc,cpu         ] GC(371) User=0.01s Sys=0.01s Real=0.00s
[13.894s][info ][gc,start       ] GC(372) Pause Young (Normal) (G1 Evacuation Pause)
[13.894s][info ][gc,task        ] GC(372) Using 9 workers of 9 for evacuation
[13.894s][debug][gc,age         ] GC(372) Desired survivor size 16777216 bytes, new threshold 15 (max threshold 15)
[13.895s][info ][gc,phases      ] GC(372)   Pre Evacuate Collection Set: 0.09ms
[13.895s][info ][gc,phases      ] GC(372)   Merge Heap Roots: 0.07ms
[13.895s][info ][gc,phases      ] GC(372)   Evacuate Collection Set: 0.09ms
[13.895s][info ][gc,phases      ] GC(372)   Post Evacuate Collection Set: 0.17ms
[13.895s][info ][gc,phases      ] GC(372)   Other: 0.05ms
[13.895s][trace][gc,age         ] GC(372) Age table:
[13.895s][trace][gc,age         ] GC(372) - age   1:        192 bytes,        192 total
[13.895s][info ][gc,heap        ] GC(372) Eden regions: 253->0(253)
[13.895s][info ][gc,heap        ] GC(372) Survivor regions: 1->1(32)
[13.895s][info ][gc,heap        ] GC(372) Old regions: 11->11
[13.895s][info ][gc,heap        ] GC(372) Humongous regions: 0->0
[13.895s][info ][gc,metaspace   ] GC(372) Metaspace: 10102K(10368K)->10102K(10368K) NonClass: 9143K(9344K)->9143K(9344K) Class: 958K(1024K)->958K(1024K)
[13.895s][info ][gc             ] GC(372) Pause Young (Normal) (G1 Evacuation Pause) 256M->4M(424M) 0.595ms
[13.895s][info ][gc,cpu         ] GC(372) User=0.00s Sys=0.00s Real=0.00s
[13.910s][info ][gc,start       ] GC(373) Pause Young (Normal) (G1 Evacuation Pause)
[13.911s][info ][gc,task        ] GC(373) Using 9 workers of 9 for evacuation
[13.911s][debug][gc,age         ] GC(373) Desired survivor size 16777216 bytes, new threshold 15 (max threshold 15)
[13.911s][info ][gc,phases      ] GC(373)   Pre Evacuate Collection Set: 0.07ms
[13.911s][info ][gc,phases      ] GC(373)   Merge Heap Roots: 0.06ms
[13.911s][info ][gc,phases      ] GC(373)   Evacuate Collection Set: 0.11ms
[13.911s][info ][gc,phases      ] GC(373)   Post Evacuate Collection Set: 0.17ms
[13.911s][info ][gc,phases      ] GC(373)   Other: 0.05ms
[13.911s][trace][gc,age         ] GC(373) Age table:
[13.911s][trace][gc,age         ] GC(373) - age   1:        192 bytes,        192 total
[13.911s][info ][gc,heap        ] GC(373) Eden regions: 253->0(253)
[13.911s][info ][gc,heap        ] GC(373) Survivor regions: 1->1(32)
[13.911s][info ][gc,heap        ] GC(373) Old regions: 11->11
[13.911s][info ][gc,heap        ] GC(373) Humongous regions: 0->0
[13.911s][info ][gc,metaspace   ] GC(373) Metaspace: 10102K(10368K)->10102K(10368K) NonClass: 9143K(9344K)->9143K(9344K) Class: 958K(1024K)->958K(1024K)
[13.911s][info ][gc             ] GC(373) Pause Young (Normal) (G1 Evacuation Pause) 256M->4M(424M) 0.555ms
[13.911s][info ][gc,cpu         ] GC(373) User=0.00s Sys=0.00s Real=0.00s
[13.927s][info ][gc,start       ] GC(374) Pause Young (Normal) (G1 Evacuation Pause)
[13.927s][info ][gc,task        ] GC(374) Using 9 workers of 9 for evacuation
[13.927s][debug][gc,age         ] GC(374) Desired survivor size 16777216 bytes, new threshold 15 (max threshold 15)
[13.927s][info ][gc,phases      ] GC(374)   Pre Evacuate Collection Set: 0.09ms
[13.927s][info ][gc,phases      ] GC(374)   Merge Heap Roots: 0.04ms
[13.927s][info ][gc,phases      ] GC(374)   Evacuate Collection Set: 0.14ms
[13.927s][info ][gc,phases      ] GC(374)   Post Evacuate Collection Set: 0.19ms
[13.927s][info ][gc,phases      ] GC(374)   Other: 0.05ms
[13.927s][trace][gc,age         ] GC(374) Age table:
[13.927s][trace][gc,age         ] GC(374) - age   1:        192 bytes,        192 total
[13.927s][info ][gc,heap        ] GC(374) Eden regions: 253->0(253)
[13.927s][info ][gc,heap        ] GC(374) Survivor regions: 1->1(32)
[13.927s][info ][gc,heap        ] GC(374) Old regions: 11->11
[13.927s][info ][gc,heap        ] GC(374) Humongous regions: 0->0
[13.927s][info ][gc,metaspace   ] GC(374) Metaspace: 10102K(10368K)->10102K(10368K) NonClass: 9143K(9344K)->9143K(9344K) Class: 958K(1024K)->958K(1024K)
[13.927s][info ][gc             ] GC(374) Pause Young (Normal) (G1 Evacuation Pause) 256M->4M(424M) 0.581ms
[13.927s][info ][gc,cpu         ] GC(374) User=0.01s Sys=0.00s Real=0.00s
[13.943s][info ][gc,start       ] GC(375) Pause Young (Normal) (G1 Evacuation Pause)
[13.943s][info ][gc,task        ] GC(375) Using 9 workers of 9 for evacuation
[13.943s][debug][gc,age         ] GC(375) Desired survivor size 16777216 bytes, new threshold 15 (max threshold 15)
[13.943s][info ][gc,phases      ] GC(375)   Pre Evacuate Collection Set: 0.06ms
[13.943s][info ][gc,phases      ] GC(375)   Merge Heap Roots: 0.06ms
[13.943s][info ][gc,phases      ] GC(375)   Evacuate Collection Set: 0.13ms
[13.943s][info ][gc,phases      ] GC(375)   Post Evacuate Collection Set: 0.16ms
[13.943s][info ][gc,phases      ] GC(375)   Other: 0.06ms
[13.944s][trace][gc,age         ] GC(375) Age table:
[13.944s][trace][gc,age         ] GC(375) - age   1:        192 bytes,        192 total
[13.944s][info ][gc,heap        ] GC(375) Eden regions: 253->0(253)
[13.944s][info ][gc,heap        ] GC(375) Survivor regions: 1->1(32)
[13.944s][info ][gc,heap        ] GC(375) Old regions: 11->11
[13.944s][info ][gc,heap        ] GC(375) Humongous regions: 0->0
[13.944s][info ][gc,metaspace   ] GC(375) Metaspace: 10102K(10368K)->10102K(10368K) NonClass: 9143K(9344K)->9143K(9344K) Class: 958K(1024K)->958K(1024K)
[13.944s][info ][gc             ] GC(375) Pause Young (Normal) (G1 Evacuation Pause) 256M->4M(424M) 0.579ms
[13.944s][info ][gc,cpu         ] GC(375) User=0.00s Sys=0.00s Real=0.00s
[13.959s][info ][gc,start       ] GC(376) Pause Young (Normal) (G1 Evacuation Pause)
[13.959s][info ][gc,task        ] GC(376) Using 9 workers of 9 for evacuation
[13.959s][debug][gc,age         ] GC(376) Desired survivor size 16777216 bytes, new threshold 15 (max threshold 15)
[13.959s][info ][gc,phases      ] GC(376)   Pre Evacuate Collection Set: 0.07ms
[13.959s][info ][gc,phases      ] GC(376)   Merge Heap Roots: 0.07ms
[13.959s][info ][gc,phases      ] GC(376)   Evacuate Collection Set: 0.09ms
[13.959s][info ][gc,phases      ] GC(376)   Post Evacuate Collection Set: 0.17ms
[13.959s][info ][gc,phases      ] GC(376)   Other: 0.05ms
[13.959s][trace][gc,age         ] GC(376) Age table:
[13.959s][trace][gc,age         ] GC(376) - age   1:        192 bytes,        192 total
[13.959s][info ][gc,heap        ] GC(376) Eden regions: 253->0(253)
[13.959s][info ][gc,heap        ] GC(376) Survivor regions: 1->1(32)
[13.960s][info ][gc,heap        ] GC(376) Old regions: 11->11
[13.960s][info ][gc,heap        ] GC(376) Humongous regions: 0->0
[13.960s][info ][gc,metaspace   ] GC(376) Metaspace: 10102K(10368K)->10102K(10368K) NonClass: 9143K(9344K)->9143K(9344K) Class: 958K(1024K)->958K(1024K)
[13.960s][info ][gc             ] GC(376) Pause Young (Normal) (G1 Evacuation Pause) 256M->4M(424M) 0.547ms
[13.960s][info ][gc,cpu         ] GC(376) User=0.00s Sys=0.00s Real=0.00s
[13.975s][info ][gc,start       ] GC(377) Pause Young (Normal) (G1 Evacuation Pause)
[13.975s][info ][gc,task        ] GC(377) Using 9 workers of 9 for evacuation
[13.975s][debug][gc,age         ] GC(377) Desired survivor size 16777216 bytes, new threshold 15 (max threshold 15)
[13.976s][info ][gc,phases      ] GC(377)   Pre Evacuate Collection Set: 0.10ms
[13.976s][info ][gc,phases      ] GC(377)   Merge Heap Roots: 0.08ms
[13.976s][info ][gc,phases      ] GC(377)   Evacuate Collection Set: 0.10ms
[13.976s][info ][gc,phases      ] GC(377)   Post Evacuate Collection Set: 0.16ms
[13.976s][info ][gc,phases      ] GC(377)   Other: 0.04ms
[13.976s][trace][gc,age         ] GC(377) Age table:
[13.976s][trace][gc,age         ] GC(377) - age   1:        192 bytes,        192 total
[13.976s][info ][gc,heap        ] GC(377) Eden regions: 253->0(253)
[13.976s][info ][gc,heap        ] GC(377) Survivor regions: 1->1(32)
[13.976s][info ][gc,heap        ] GC(377) Old regions: 11->11
[13.976s][info ][gc,heap        ] GC(377) Humongous regions: 0->0
[13.976s][info ][gc,metaspace   ] GC(377) Metaspace: 10102K(10368K)->10102K(10368K) NonClass: 9143K(9344K)->9143K(9344K) Class: 958K(1024K)->958K(1024K)
[13.976s][info ][gc             ] GC(377) Pause Young (Normal) (G1 Evacuation Pause) 256M->4M(424M) 0.550ms
[13.976s][info ][gc,cpu         ] GC(377) User=0.01s Sys=0.00s Real=0.00s
[13.991s][info ][gc,start       ] GC(378) Pause Young (Normal) (G1 Evacuation Pause)
[13.991s][info ][gc,task        ] GC(378) Using 9 workers of 9 for evacuation
[13.991s][debug][gc,age         ] GC(378) Desired survivor size 16777216 bytes, new threshold 15 (max threshold 15)
[13.992s][info ][gc,phases      ] GC(378)   Pre Evacuate Collection Set: 0.10ms
[13.992s][info ][gc,phases      ] GC(378)   Merge Heap Roots: 0.07ms
[13.992s][info ][gc,phases      ] GC(378)   Evacuate Collection Set: 0.12ms
[13.992s][info ][gc,phases      ] GC(378)   Post Evacuate Collection Set: 0.21ms
[13.992s][info ][gc,phases      ] GC(378)   Other: 0.06ms
[13.992s][trace][gc,age         ] GC(378) Age table:
[13.992s][trace][gc,age         ] GC(378) - age   1:        192 bytes,        192 total
[13.992s][info ][gc,heap        ] GC(378) Eden regions: 253->0(253)
[13.992s][info ][gc,heap        ] GC(378) Survivor regions: 1->1(32)
[13.992s][info ][gc,heap        ] GC(378) Old regions: 11->11
[13.992s][info ][gc,heap        ] GC(378) Humongous regions: 0->0
[13.992s][info ][gc,metaspace   ] GC(378) Metaspace: 10102K(10368K)->10102K(10368K) NonClass: 9143K(9344K)->9143K(9344K) Class: 958K(1024K)->958K(1024K)
[13.992s][info ][gc             ] GC(378) Pause Young (Normal) (G1 Evacuation Pause) 256M->4M(424M) 0.647ms
[13.992s][info ][gc,cpu         ] GC(378) User=0.00s Sys=0.00s Real=0.00s
[14.008s][info ][gc,start       ] GC(379) Pause Young (Normal) (G1 Evacuation Pause)
[14.008s][info ][gc,task        ] GC(379) Using 9 workers of 9 for evacuation
[14.008s][debug][gc,age         ] GC(379) Desired survivor size 16777216 bytes, new threshold 15 (max threshold 15)
[14.008s][info ][gc,phases      ] GC(379)   Pre Evacuate Collection Set: 0.07ms
[14.008s][info ][gc,phases      ] GC(379)   Merge Heap Roots: 0.06ms
[14.008s][info ][gc,phases      ] GC(379)   Evacuate Collection Set: 0.12ms
[14.008s][info ][gc,phases      ] GC(379)   Post Evacuate Collection Set: 0.19ms
[14.008s][info ][gc,phases      ] GC(379)   Other: 0.06ms
[14.008s][trace][gc,age         ] GC(379) Age table:
[14.008s][trace][gc,age         ] GC(379) - age   1:        192 bytes,        192 total
[14.008s][info ][gc,heap        ] GC(379) Eden regions: 253->0(253)
[14.008s][info ][gc,heap        ] GC(379) Survivor regions: 1->1(32)
[14.008s][info ][gc,heap        ] GC(379) Old regions: 11->11
[14.008s][info ][gc,heap        ] GC(379) Humongous regions: 0->0
[14.008s][info ][gc,metaspace   ] GC(379) Metaspace: 10102K(10368K)->10102K(10368K) NonClass: 9143K(9344K)->9143K(9344K) Class: 958K(1024K)->958K(1024K)
[14.008s][info ][gc             ] GC(379) Pause Young (Normal) (G1 Evacuation Pause) 256M->4M(424M) 0.598ms
[14.008s][info ][gc,cpu         ] GC(379) User=0.00s Sys=0.00s Real=0.00s
[14.024s][info ][gc,start       ] GC(380) Pause Young (Normal) (G1 Evacuation Pause)
[14.024s][info ][gc,task        ] GC(380) Using 9 workers of 9 for evacuation
[14.024s][debug][gc,age         ] GC(380) Desired survivor size 16777216 bytes, new threshold 15 (max threshold 15)
[14.024s][info ][gc,phases      ] GC(380)   Pre Evacuate Collection Set: 0.07ms
[14.024s][info ][gc,phases      ] GC(380)   Merge Heap Roots: 0.09ms
[14.024s][info ][gc,phases      ] GC(380)   Evacuate Collection Set: 0.10ms
[14.024s][info ][gc,phases      ] GC(380)   Post Evacuate Collection Set: 0.16ms
[14.024s][info ][gc,phases      ] GC(380)   Other: 0.05ms
[14.024s][trace][gc,age         ] GC(380) Age table:
[14.024s][trace][gc,age         ] GC(380) - age   1:        192 bytes,        192 total
[14.024s][info ][gc,heap        ] GC(380) Eden regions: 253->0(253)
[14.024s][info ][gc,heap        ] GC(380) Survivor regions: 1->1(32)
[14.024s][info ][gc,heap        ] GC(380) Old regions: 11->11
[14.024s][info ][gc,heap        ] GC(380) Humongous regions: 0->0
[14.024s][info ][gc,metaspace   ] GC(380) Metaspace: 10102K(10368K)->10102K(10368K) NonClass: 9143K(9344K)->9143K(9344K) Class: 958K(1024K)->958K(1024K)
[14.024s][info ][gc             ] GC(380) Pause Young (Normal) (G1 Evacuation Pause) 256M->4M(424M) 0.558ms
[14.024s][info ][gc,cpu         ] GC(380) User=0.00s Sys=0.00s Real=0.00s
[14.040s][info ][gc,start       ] GC(381) Pause Young (Normal) (G1 Evacuation Pause)
[14.040s][info ][gc,task        ] GC(381) Using 9 workers of 9 for evacuation
[14.040s][debug][gc,age         ] GC(381) Desired survivor size 16777216 bytes, new threshold 15 (max threshold 15)
[14.040s][info ][gc,phases      ] GC(381)   Pre Evacuate Collection Set: 0.09ms
[14.040s][info ][gc,phases      ] GC(381)   Merge Heap Roots: 0.06ms
[14.040s][info ][gc,phases      ] GC(381)   Evacuate Collection Set: 0.07ms
[14.040s][info ][gc,phases      ] GC(381)   Post Evacuate Collection Set: 0.17ms
[14.040s][info ][gc,phases      ] GC(381)   Other: 0.06ms
[14.040s][trace][gc,age         ] GC(381) Age table:
[14.040s][trace][gc,age         ] GC(381) - age   1:        192 bytes,        192 total
[14.040s][info ][gc,heap        ] GC(381) Eden regions: 253->0(253)
[14.040s][info ][gc,heap        ] GC(381) Survivor regions: 1->1(32)
[14.041s][info ][gc,heap        ] GC(381) Old regions: 11->11
[14.041s][info ][gc,heap        ] GC(381) Humongous regions: 0->0
[14.041s][info ][gc,metaspace   ] GC(381) Metaspace: 10102K(10368K)->10102K(10368K) NonClass: 9143K(9344K)->9143K(9344K) Class: 958K(1024K)->958K(1024K)
[14.041s][info ][gc             ] GC(381) Pause Young (Normal) (G1 Evacuation Pause) 256M->4M(424M) 0.565ms
[14.041s][info ][gc,cpu         ] GC(381) User=0.00s Sys=0.00s Real=0.00s
[14.056s][info ][gc,start       ] GC(382) Pause Young (Normal) (G1 Evacuation Pause)
[14.056s][info ][gc,task        ] GC(382) Using 9 workers of 9 for evacuation
[14.056s][debug][gc,age         ] GC(382) Desired survivor size 16777216 bytes, new threshold 15 (max threshold 15)
[14.057s][info ][gc,phases      ] GC(382)   Pre Evacuate Collection Set: 0.06ms
[14.057s][info ][gc,phases      ] GC(382)   Merge Heap Roots: 0.12ms
[14.057s][info ][gc,phases      ] GC(382)   Evacuate Collection Set: 0.07ms
[14.057s][info ][gc,phases      ] GC(382)   Post Evacuate Collection Set: 0.19ms
[14.057s][info ][gc,phases      ] GC(382)   Other: 0.06ms
[14.057s][trace][gc,age         ] GC(382) Age table:
[14.057s][trace][gc,age         ] GC(382) - age   1:        192 bytes,        192 total
[14.057s][info ][gc,heap        ] GC(382) Eden regions: 253->0(253)
[14.057s][info ][gc,heap        ] GC(382) Survivor regions: 1->1(32)
[14.057s][info ][gc,heap        ] GC(382) Old regions: 11->11
[14.057s][info ][gc,heap        ] GC(382) Humongous regions: 0->0
[14.057s][info ][gc,metaspace   ] GC(382) Metaspace: 10102K(10368K)->10102K(10368K) NonClass: 9143K(9344K)->9143K(9344K) Class: 958K(1024K)->958K(1024K)
[14.057s][info ][gc             ] GC(382) Pause Young (Normal) (G1 Evacuation Pause) 256M->4M(424M) 0.600ms
[14.057s][info ][gc,cpu         ] GC(382) User=0.00s Sys=0.00s Real=0.00s
[14.072s][info ][gc,start       ] GC(383) Pause Young (Normal) (G1 Evacuation Pause)
[14.072s][info ][gc,task        ] GC(383) Using 9 workers of 9 for evacuation
[14.072s][debug][gc,age         ] GC(383) Desired survivor size 16777216 bytes, new threshold 15 (max threshold 15)
[14.073s][info ][gc,phases      ] GC(383)   Pre Evacuate Collection Set: 0.07ms
[14.073s][info ][gc,phases      ] GC(383)   Merge Heap Roots: 0.06ms
[14.073s][info ][gc,phases      ] GC(383)   Evacuate Collection Set: 0.13ms
[14.073s][info ][gc,phases      ] GC(383)   Post Evacuate Collection Set: 0.18ms
[14.073s][info ][gc,phases      ] GC(383)   Other: 0.06ms
[14.073s][trace][gc,age         ] GC(383) Age table:
[14.073s][trace][gc,age         ] GC(383) - age   1:        192 bytes,        192 total
[14.073s][info ][gc,heap        ] GC(383) Eden regions: 253->0(253)
[14.073s][info ][gc,heap        ] GC(383) Survivor regions: 1->1(32)
[14.073s][info ][gc,heap        ] GC(383) Old regions: 11->11
[14.073s][info ][gc,heap        ] GC(383) Humongous regions: 0->0
[14.073s][info ][gc,metaspace   ] GC(383) Metaspace: 10102K(10368K)->10102K(10368K) NonClass: 9143K(9344K)->9143K(9344K) Class: 958K(1024K)->958K(1024K)
[14.073s][info ][gc             ] GC(383) Pause Young (Normal) (G1 Evacuation Pause) 256M->4M(424M) 0.577ms
[14.073s][info ][gc,cpu         ] GC(383) User=0.00s Sys=0.00s Real=0.00s
[14.089s][info ][gc,start       ] GC(384) Pause Young (Normal) (G1 Evacuation Pause)
[14.089s][info ][gc,task        ] GC(384) Using 9 workers of 9 for evacuation
[14.089s][debug][gc,age         ] GC(384) Desired survivor size 16777216 bytes, new threshold 15 (max threshold 15)
[14.089s][info ][gc,phases      ] GC(384)   Pre Evacuate Collection Set: 0.08ms
[14.089s][info ][gc,phases      ] GC(384)   Merge Heap Roots: 0.06ms
[14.089s][info ][gc,phases      ] GC(384)   Evacuate Collection Set: 0.10ms
[14.089s][info ][gc,phases      ] GC(384)   Post Evacuate Collection Set: 0.17ms
[14.089s][info ][gc,phases      ] GC(384)   Other: 0.05ms
[14.089s][trace][gc,age         ] GC(384) Age table:
[14.089s][trace][gc,age         ] GC(384) - age   1:        192 bytes,        192 total
[14.089s][info ][gc,heap        ] GC(384) Eden regions: 253->0(253)
[14.089s][info ][gc,heap        ] GC(384) Survivor regions: 1->1(32)
[14.089s][info ][gc,heap        ] GC(384) Old regions: 11->11
[14.089s][info ][gc,heap        ] GC(384) Humongous regions: 0->0
[14.089s][info ][gc,metaspace   ] GC(384) Metaspace: 10102K(10368K)->10102K(10368K) NonClass: 9143K(9344K)->9143K(9344K) Class: 958K(1024K)->958K(1024K)
[14.089s][info ][gc             ] GC(384) Pause Young (Normal) (G1 Evacuation Pause) 256M->4M(424M) 0.531ms
[14.089s][info ][gc,cpu         ] GC(384) User=0.00s Sys=0.00s Real=0.00s
[14.105s][info ][gc,start       ] GC(385) Pause Young (Normal) (G1 Evacuation Pause)
[14.105s][info ][gc,task        ] GC(385) Using 9 workers of 9 for evacuation
[14.105s][debug][gc,age         ] GC(385) Desired survivor size 16777216 bytes, new threshold 15 (max threshold 15)
[14.105s][info ][gc,phases      ] GC(385)   Pre Evacuate Collection Set: 0.06ms
[14.105s][info ][gc,phases      ] GC(385)   Merge Heap Roots: 0.06ms
[14.105s][info ][gc,phases      ] GC(385)   Evacuate Collection Set: 0.10ms
[14.105s][info ][gc,phases      ] GC(385)   Post Evacuate Collection Set: 0.17ms
[14.105s][info ][gc,phases      ] GC(385)   Other: 0.04ms
[14.105s][trace][gc,age         ] GC(385) Age table:
[14.105s][trace][gc,age         ] GC(385) - age   1:        192 bytes,        192 total
[14.105s][info ][gc,heap        ] GC(385) Eden regions: 253->0(253)
[14.105s][info ][gc,heap        ] GC(385) Survivor regions: 1->1(32)
[14.105s][info ][gc,heap        ] GC(385) Old regions: 11->11
[14.105s][info ][gc,heap        ] GC(385) Humongous regions: 0->0
[14.105s][info ][gc,metaspace   ] GC(385) Metaspace: 10102K(10368K)->10102K(10368K) NonClass: 9143K(9344K)->9143K(9344K) Class: 958K(1024K)->958K(1024K)
[14.105s][info ][gc             ] GC(385) Pause Young (Normal) (G1 Evacuation Pause) 256M->4M(424M) 0.528ms
[14.105s][info ][gc,cpu         ] GC(385) User=0.00s Sys=0.00s Real=0.01s
[14.121s][info ][gc,start       ] GC(386) Pause Young (Normal) (G1 Evacuation Pause)
[14.121s][info ][gc,task        ] GC(386) Using 9 workers of 9 for evacuation
[14.121s][debug][gc,age         ] GC(386) Desired survivor size 16777216 bytes, new threshold 15 (max threshold 15)
[14.122s][info ][gc,phases      ] GC(386)   Pre Evacuate Collection Set: 0.06ms
[14.122s][info ][gc,phases      ] GC(386)   Merge Heap Roots: 0.06ms
[14.122s][info ][gc,phases      ] GC(386)   Evacuate Collection Set: 0.10ms
[14.122s][info ][gc,phases      ] GC(386)   Post Evacuate Collection Set: 0.18ms
[14.122s][info ][gc,phases      ] GC(386)   Other: 0.07ms
[14.122s][trace][gc,age         ] GC(386) Age table:
[14.122s][trace][gc,age         ] GC(386) - age   1:        192 bytes,        192 total
[14.122s][info ][gc,heap        ] GC(386) Eden regions: 253->0(253)
[14.122s][info ][gc,heap        ] GC(386) Survivor regions: 1->1(32)
[14.122s][info ][gc,heap        ] GC(386) Old regions: 11->11
[14.122s][info ][gc,heap        ] GC(386) Humongous regions: 0->0
[14.122s][info ][gc,metaspace   ] GC(386) Metaspace: 10102K(10368K)->10102K(10368K) NonClass: 9143K(9344K)->9143K(9344K) Class: 958K(1024K)->958K(1024K)
[14.122s][info ][gc             ] GC(386) Pause Young (Normal) (G1 Evacuation Pause) 256M->4M(424M) 0.565ms
[14.122s][info ][gc,cpu         ] GC(386) User=0.00s Sys=0.00s Real=0.00s
[14.137s][info ][gc,start       ] GC(387) Pause Young (Normal) (G1 Evacuation Pause)
[14.137s][info ][gc,task        ] GC(387) Using 9 workers of 9 for evacuation
[14.137s][debug][gc,age         ] GC(387) Desired survivor size 16777216 bytes, new threshold 15 (max threshold 15)
[14.138s][info ][gc,phases      ] GC(387)   Pre Evacuate Collection Set: 0.07ms
[14.138s][info ][gc,phases      ] GC(387)   Merge Heap Roots: 0.06ms
[14.138s][info ][gc,phases      ] GC(387)   Evacuate Collection Set: 0.10ms
[14.138s][info ][gc,phases      ] GC(387)   Post Evacuate Collection Set: 0.18ms
[14.138s][info ][gc,phases      ] GC(387)   Other: 0.05ms
[14.138s][trace][gc,age         ] GC(387) Age table:
[14.138s][trace][gc,age         ] GC(387) - age   1:        192 bytes,        192 total
[14.138s][info ][gc,heap        ] GC(387) Eden regions: 253->0(253)
[14.138s][info ][gc,heap        ] GC(387) Survivor regions: 1->1(32)
[14.138s][info ][gc,heap        ] GC(387) Old regions: 11->11
[14.138s][info ][gc,heap        ] GC(387) Humongous regions: 0->0
[14.138s][info ][gc,metaspace   ] GC(387) Metaspace: 10102K(10368K)->10102K(10368K) NonClass: 9143K(9344K)->9143K(9344K) Class: 958K(1024K)->958K(1024K)
[14.138s][info ][gc             ] GC(387) Pause Young (Normal) (G1 Evacuation Pause) 256M->4M(424M) 0.558ms
[14.138s][info ][gc,cpu         ] GC(387) User=0.00s Sys=0.00s Real=0.00s
[14.154s][info ][gc,start       ] GC(388) Pause Young (Normal) (G1 Evacuation Pause)
[14.154s][info ][gc,task        ] GC(388) Using 9 workers of 9 for evacuation
[14.154s][debug][gc,age         ] GC(388) Desired survivor size 16777216 bytes, new threshold 15 (max threshold 15)
[14.154s][info ][gc,phases      ] GC(388)   Pre Evacuate Collection Set: 0.06ms
[14.154s][info ][gc,phases      ] GC(388)   Merge Heap Roots: 0.06ms
[14.154s][info ][gc,phases      ] GC(388)   Evacuate Collection Set: 0.11ms
[14.154s][info ][gc,phases      ] GC(388)   Post Evacuate Collection Set: 0.17ms
[14.154s][info ][gc,phases      ] GC(388)   Other: 0.05ms
[14.154s][trace][gc,age         ] GC(388) Age table:
[14.154s][trace][gc,age         ] GC(388) - age   1:        192 bytes,        192 total
[14.154s][info ][gc,heap        ] GC(388) Eden regions: 253->0(253)
[14.154s][info ][gc,heap        ] GC(388) Survivor regions: 1->1(32)
[14.154s][info ][gc,heap        ] GC(388) Old regions: 11->11
[14.154s][info ][gc,heap        ] GC(388) Humongous regions: 0->0
[14.154s][info ][gc,metaspace   ] GC(388) Metaspace: 10102K(10368K)->10102K(10368K) NonClass: 9143K(9344K)->9143K(9344K) Class: 958K(1024K)->958K(1024K)
[14.154s][info ][gc             ] GC(388) Pause Young (Normal) (G1 Evacuation Pause) 256M->4M(424M) 0.547ms
[14.154s][info ][gc,cpu         ] GC(388) User=0.00s Sys=0.00s Real=0.00s
[14.170s][info ][gc,start       ] GC(389) Pause Young (Normal) (G1 Evacuation Pause)
[14.170s][info ][gc,task        ] GC(389) Using 9 workers of 9 for evacuation
[14.170s][debug][gc,age         ] GC(389) Desired survivor size 16777216 bytes, new threshold 15 (max threshold 15)
[14.170s][info ][gc,phases      ] GC(389)   Pre Evacuate Collection Set: 0.07ms
[14.170s][info ][gc,phases      ] GC(389)   Merge Heap Roots: 0.06ms
[14.171s][info ][gc,phases      ] GC(389)   Evacuate Collection Set: 0.19ms
[14.171s][info ][gc,phases      ] GC(389)   Post Evacuate Collection Set: 0.19ms
[14.171s][info ][gc,phases      ] GC(389)   Other: 0.04ms
[14.171s][trace][gc,age         ] GC(389) Age table:
[14.171s][trace][gc,age         ] GC(389) - age   1:       1128 bytes,       1128 total
[14.171s][info ][gc,heap        ] GC(389) Eden regions: 253->0(253)
[14.171s][info ][gc,heap        ] GC(389) Survivor regions: 1->1(32)
[14.171s][info ][gc,heap        ] GC(389) Old regions: 11->11
[14.171s][info ][gc,heap        ] GC(389) Humongous regions: 0->0
[14.171s][info ][gc,metaspace   ] GC(389) Metaspace: 10104K(10368K)->10104K(10368K) NonClass: 9145K(9344K)->9145K(9344K) Class: 959K(1024K)->959K(1024K)
[14.171s][info ][gc             ] GC(389) Pause Young (Normal) (G1 Evacuation Pause) 256M->4M(424M) 0.620ms
[14.171s][info ][gc,cpu         ] GC(389) User=0.01s Sys=0.00s Real=0.00s
[14.187s][info ][gc,start       ] GC(390) Pause Young (Normal) (G1 Evacuation Pause)
[14.187s][info ][gc,task        ] GC(390) Using 9 workers of 9 for evacuation
[14.187s][debug][gc,age         ] GC(390) Desired survivor size 16777216 bytes, new threshold 15 (max threshold 15)
[14.187s][info ][gc,phases      ] GC(390)   Pre Evacuate Collection Set: 0.09ms
[14.187s][info ][gc,phases      ] GC(390)   Merge Heap Roots: 0.06ms
[14.187s][info ][gc,phases      ] GC(390)   Evacuate Collection Set: 0.13ms
[14.187s][info ][gc,phases      ] GC(390)   Post Evacuate Collection Set: 0.21ms
[14.188s][info ][gc,phases      ] GC(390)   Other: 0.06ms
[14.188s][trace][gc,age         ] GC(390) Age table:
[14.188s][trace][gc,age         ] GC(390) - age   1:        824 bytes,        824 total
[14.188s][trace][gc,age         ] GC(390) - age   2:        704 bytes,       1528 total
[14.188s][info ][gc,heap        ] GC(390) Eden regions: 253->0(253)
[14.188s][info ][gc,heap        ] GC(390) Survivor regions: 1->1(32)
[14.188s][info ][gc,heap        ] GC(390) Old regions: 11->11
[14.188s][info ][gc,heap        ] GC(390) Humongous regions: 0->0
[14.188s][info ][gc,metaspace   ] GC(390) Metaspace: 10115K(10368K)->10115K(10368K) NonClass: 9151K(9344K)->9151K(9344K) Class: 963K(1024K)->963K(1024K)
[14.188s][info ][gc             ] GC(390) Pause Young (Normal) (G1 Evacuation Pause) 256M->4M(424M) 0.660ms
[14.188s][info ][gc,cpu         ] GC(390) User=0.00s Sys=0.00s Real=0.00s
[14.203s][info ][gc,start       ] GC(391) Pause Young (Normal) (G1 Evacuation Pause)
[14.203s][info ][gc,task        ] GC(391) Using 9 workers of 9 for evacuation
[14.203s][debug][gc,age         ] GC(391) Desired survivor size 16777216 bytes, new threshold 15 (max threshold 15)
[14.204s][info ][gc,phases      ] GC(391)   Pre Evacuate Collection Set: 0.08ms
[14.204s][info ][gc,phases      ] GC(391)   Merge Heap Roots: 0.08ms
[14.204s][info ][gc,phases      ] GC(391)   Evacuate Collection Set: 0.13ms
[14.204s][info ][gc,phases      ] GC(391)   Post Evacuate Collection Set: 0.17ms
[14.204s][info ][gc,phases      ] GC(391)   Other: 0.06ms
[14.204s][trace][gc,age         ] GC(391) Age table:
[14.204s][trace][gc,age         ] GC(391) - age   1:        192 bytes,        192 total
[14.204s][trace][gc,age         ] GC(391) - age   2:        632 bytes,        824 total
[14.204s][trace][gc,age         ] GC(391) - age   3:        704 bytes,       1528 total
[14.204s][info ][gc,heap        ] GC(391) Eden regions: 253->0(253)
[14.204s][info ][gc,heap        ] GC(391) Survivor regions: 1->1(32)
[14.204s][info ][gc,heap        ] GC(391) Old regions: 11->11
[14.204s][info ][gc,heap        ] GC(391) Humongous regions: 0->0
[14.204s][info ][gc,metaspace   ] GC(391) Metaspace: 10115K(10368K)->10115K(10368K) NonClass: 9151K(9344K)->9151K(9344K) Class: 963K(1024K)->963K(1024K)
[14.204s][info ][gc             ] GC(391) Pause Young (Normal) (G1 Evacuation Pause) 256M->4M(424M) 0.638ms
[14.204s][info ][gc,cpu         ] GC(391) User=0.00s Sys=0.00s Real=0.00s
[14.220s][info ][gc,start       ] GC(392) Pause Young (Normal) (G1 Evacuation Pause)
[14.220s][info ][gc,task        ] GC(392) Using 9 workers of 9 for evacuation
[14.220s][debug][gc,age         ] GC(392) Desired survivor size 16777216 bytes, new threshold 15 (max threshold 15)
[14.220s][info ][gc,phases      ] GC(392)   Pre Evacuate Collection Set: 0.07ms
[14.220s][info ][gc,phases      ] GC(392)   Merge Heap Roots: 0.08ms
[14.220s][info ][gc,phases      ] GC(392)   Evacuate Collection Set: 0.11ms
[14.220s][info ][gc,phases      ] GC(392)   Post Evacuate Collection Set: 0.16ms
[14.220s][info ][gc,phases      ] GC(392)   Other: 0.05ms
[14.220s][trace][gc,age         ] GC(392) Age table:
[14.220s][trace][gc,age         ] GC(392) - age   1:        192 bytes,        192 total
[14.220s][trace][gc,age         ] GC(392) - age   3:        632 bytes,        824 total
[14.220s][trace][gc,age         ] GC(392) - age   4:        704 bytes,       1528 total
[14.220s][info ][gc,heap        ] GC(392) Eden regions: 253->0(253)
[14.220s][info ][gc,heap        ] GC(392) Survivor regions: 1->1(32)
[14.220s][info ][gc,heap        ] GC(392) Old regions: 11->11
[14.220s][info ][gc,heap        ] GC(392) Humongous regions: 0->0
[14.220s][info ][gc,metaspace   ] GC(392) Metaspace: 10115K(10368K)->10115K(10368K) NonClass: 9151K(9344K)->9151K(9344K) Class: 963K(1024K)->963K(1024K)
[14.220s][info ][gc             ] GC(392) Pause Young (Normal) (G1 Evacuation Pause) 256M->4M(424M) 0.563ms
[14.220s][info ][gc,cpu         ] GC(392) User=0.00s Sys=0.00s Real=0.00s
[14.236s][info ][gc,start       ] GC(393) Pause Young (Normal) (G1 Evacuation Pause)
[14.236s][info ][gc,task        ] GC(393) Using 9 workers of 9 for evacuation
[14.236s][debug][gc,age         ] GC(393) Desired survivor size 16777216 bytes, new threshold 15 (max threshold 15)
[14.236s][info ][gc,phases      ] GC(393)   Pre Evacuate Collection Set: 0.06ms
[14.236s][info ][gc,phases      ] GC(393)   Merge Heap Roots: 0.07ms
[14.236s][info ][gc,phases      ] GC(393)   Evacuate Collection Set: 0.09ms
[14.236s][info ][gc,phases      ] GC(393)   Post Evacuate Collection Set: 0.16ms
[14.236s][info ][gc,phases      ] GC(393)   Other: 0.06ms
[14.236s][trace][gc,age         ] GC(393) Age table:
[14.236s][trace][gc,age         ] GC(393) - age   1:        192 bytes,        192 total
[14.236s][trace][gc,age         ] GC(393) - age   4:        632 bytes,        824 total
[14.236s][trace][gc,age         ] GC(393) - age   5:        704 bytes,       1528 total
[14.236s][info ][gc,heap        ] GC(393) Eden regions: 253->0(253)
[14.236s][info ][gc,heap        ] GC(393) Survivor regions: 1->1(32)
[14.236s][info ][gc,heap        ] GC(393) Old regions: 11->11
[14.237s][info ][gc,heap        ] GC(393) Humongous regions: 0->0
[14.237s][info ][gc,metaspace   ] GC(393) Metaspace: 10115K(10368K)->10115K(10368K) NonClass: 9151K(9344K)->9151K(9344K) Class: 963K(1024K)->963K(1024K)
[14.237s][info ][gc             ] GC(393) Pause Young (Normal) (G1 Evacuation Pause) 256M->4M(424M) 0.553ms
[14.237s][info ][gc,cpu         ] GC(393) User=0.00s Sys=0.00s Real=0.00s
[14.252s][info ][gc,start       ] GC(394) Pause Young (Normal) (G1 Evacuation Pause)
[14.252s][info ][gc,task        ] GC(394) Using 9 workers of 9 for evacuation
[14.252s][debug][gc,age         ] GC(394) Desired survivor size 16777216 bytes, new threshold 15 (max threshold 15)
[14.253s][info ][gc,phases      ] GC(394)   Pre Evacuate Collection Set: 0.08ms
[14.253s][info ][gc,phases      ] GC(394)   Merge Heap Roots: 0.06ms
[14.253s][info ][gc,phases      ] GC(394)   Evacuate Collection Set: 0.13ms
[14.253s][info ][gc,phases      ] GC(394)   Post Evacuate Collection Set: 0.19ms
[14.253s][info ][gc,phases      ] GC(394)   Other: 0.06ms
[14.253s][trace][gc,age         ] GC(394) Age table:
[14.253s][trace][gc,age         ] GC(394) - age   1:        192 bytes,        192 total
[14.253s][trace][gc,age         ] GC(394) - age   5:        632 bytes,        824 total
[14.253s][trace][gc,age         ] GC(394) - age   6:        704 bytes,       1528 total
[14.253s][info ][gc,heap        ] GC(394) Eden regions: 253->0(253)
[14.253s][info ][gc,heap        ] GC(394) Survivor regions: 1->1(32)
[14.253s][info ][gc,heap        ] GC(394) Old regions: 11->11
[14.253s][info ][gc,heap        ] GC(394) Humongous regions: 0->0
[14.253s][info ][gc,metaspace   ] GC(394) Metaspace: 10115K(10368K)->10115K(10368K) NonClass: 9151K(9344K)->9151K(9344K) Class: 963K(1024K)->963K(1024K)
[14.253s][info ][gc             ] GC(394) Pause Young (Normal) (G1 Evacuation Pause) 256M->4M(424M) 0.623ms
[14.253s][info ][gc,cpu         ] GC(394) User=0.00s Sys=0.00s Real=0.00s
[14.269s][info ][gc,start       ] GC(395) Pause Young (Normal) (G1 Evacuation Pause)
[14.269s][info ][gc,task        ] GC(395) Using 9 workers of 9 for evacuation
[14.269s][debug][gc,age         ] GC(395) Desired survivor size 16777216 bytes, new threshold 15 (max threshold 15)
[14.269s][info ][gc,phases      ] GC(395)   Pre Evacuate Collection Set: 0.10ms
[14.269s][info ][gc,phases      ] GC(395)   Merge Heap Roots: 0.08ms
[14.269s][info ][gc,phases      ] GC(395)   Evacuate Collection Set: 0.12ms
[14.269s][info ][gc,phases      ] GC(395)   Post Evacuate Collection Set: 0.17ms
[14.269s][info ][gc,phases      ] GC(395)   Other: 0.06ms
[14.269s][trace][gc,age         ] GC(395) Age table:
[14.269s][trace][gc,age         ] GC(395) - age   1:        192 bytes,        192 total
[14.269s][trace][gc,age         ] GC(395) - age   6:        632 bytes,        824 total
[14.269s][trace][gc,age         ] GC(395) - age   7:        704 bytes,       1528 total
[14.269s][info ][gc,heap        ] GC(395) Eden regions: 253->0(253)
[14.269s][info ][gc,heap        ] GC(395) Survivor regions: 1->1(32)
[14.269s][info ][gc,heap        ] GC(395) Old regions: 11->11
[14.269s][info ][gc,heap        ] GC(395) Humongous regions: 0->0
[14.269s][info ][gc,metaspace   ] GC(395) Metaspace: 10115K(10368K)->10115K(10368K) NonClass: 9151K(9344K)->9151K(9344K) Class: 963K(1024K)->963K(1024K)
[14.269s][info ][gc             ] GC(395) Pause Young (Normal) (G1 Evacuation Pause) 256M->4M(424M) 0.632ms
[14.269s][info ][gc,cpu         ] GC(395) User=0.00s Sys=0.00s Real=0.00s
[14.285s][info ][gc,start       ] GC(396) Pause Young (Normal) (G1 Evacuation Pause)
[14.285s][info ][gc,task        ] GC(396) Using 9 workers of 9 for evacuation
[14.285s][debug][gc,age         ] GC(396) Desired survivor size 16777216 bytes, new threshold 15 (max threshold 15)
[14.285s][info ][gc,phases      ] GC(396)   Pre Evacuate Collection Set: 0.07ms
[14.285s][info ][gc,phases      ] GC(396)   Merge Heap Roots: 0.05ms
[14.285s][info ][gc,phases      ] GC(396)   Evacuate Collection Set: 0.13ms
[14.285s][info ][gc,phases      ] GC(396)   Post Evacuate Collection Set: 0.18ms
[14.285s][info ][gc,phases      ] GC(396)   Other: 0.06ms
[14.285s][trace][gc,age         ] GC(396) Age table:
[14.285s][trace][gc,age         ] GC(396) - age   1:        192 bytes,        192 total
[14.285s][trace][gc,age         ] GC(396) - age   7:        632 bytes,        824 total
[14.285s][trace][gc,age         ] GC(396) - age   8:        704 bytes,       1528 total
[14.285s][info ][gc,heap        ] GC(396) Eden regions: 253->0(253)
[14.285s][info ][gc,heap        ] GC(396) Survivor regions: 1->1(32)
[14.285s][info ][gc,heap        ] GC(396) Old regions: 11->11
[14.285s][info ][gc,heap        ] GC(396) Humongous regions: 0->0
[14.285s][info ][gc,metaspace   ] GC(396) Metaspace: 10115K(10368K)->10115K(10368K) NonClass: 9151K(9344K)->9151K(9344K) Class: 963K(1024K)->963K(1024K)
[14.285s][info ][gc             ] GC(396) Pause Young (Normal) (G1 Evacuation Pause) 256M->4M(424M) 0.582ms
[14.285s][info ][gc,cpu         ] GC(396) User=0.00s Sys=0.01s Real=0.01s
[14.301s][info ][gc,start       ] GC(397) Pause Young (Normal) (G1 Evacuation Pause)
[14.301s][info ][gc,task        ] GC(397) Using 9 workers of 9 for evacuation
[14.301s][debug][gc,age         ] GC(397) Desired survivor size 16777216 bytes, new threshold 15 (max threshold 15)
[14.302s][info ][gc,phases      ] GC(397)   Pre Evacuate Collection Set: 0.13ms
[14.302s][info ][gc,phases      ] GC(397)   Merge Heap Roots: 0.06ms
[14.302s][info ][gc,phases      ] GC(397)   Evacuate Collection Set: 0.12ms
[14.302s][info ][gc,phases      ] GC(397)   Post Evacuate Collection Set: 0.18ms
[14.302s][info ][gc,phases      ] GC(397)   Other: 0.06ms
[14.302s][trace][gc,age         ] GC(397) Age table:
[14.302s][trace][gc,age         ] GC(397) - age   1:        192 bytes,        192 total
[14.302s][trace][gc,age         ] GC(397) - age   8:        632 bytes,        824 total
[14.302s][trace][gc,age         ] GC(397) - age   9:        704 bytes,       1528 total
[14.302s][info ][gc,heap        ] GC(397) Eden regions: 253->0(253)
[14.302s][info ][gc,heap        ] GC(397) Survivor regions: 1->1(32)
[14.302s][info ][gc,heap        ] GC(397) Old regions: 11->11
[14.302s][info ][gc,heap        ] GC(397) Humongous regions: 0->0
[14.302s][info ][gc,metaspace   ] GC(397) Metaspace: 10115K(10368K)->10115K(10368K) NonClass: 9151K(9344K)->9151K(9344K) Class: 963K(1024K)->963K(1024K)
[14.302s][info ][gc             ] GC(397) Pause Young (Normal) (G1 Evacuation Pause) 256M->4M(424M) 0.651ms
[14.302s][info ][gc,cpu         ] GC(397) User=0.00s Sys=0.00s Real=0.00s
[14.317s][info ][gc,start       ] GC(398) Pause Young (Normal) (G1 Evacuation Pause)
[14.317s][info ][gc,task        ] GC(398) Using 9 workers of 9 for evacuation
[14.317s][debug][gc,age         ] GC(398) Desired survivor size 16777216 bytes, new threshold 15 (max threshold 15)
[14.318s][info ][gc,phases      ] GC(398)   Pre Evacuate Collection Set: 0.06ms
[14.318s][info ][gc,phases      ] GC(398)   Merge Heap Roots: 0.07ms
[14.318s][info ][gc,phases      ] GC(398)   Evacuate Collection Set: 0.13ms
[14.318s][info ][gc,phases      ] GC(398)   Post Evacuate Collection Set: 0.19ms
[14.318s][info ][gc,phases      ] GC(398)   Other: 0.06ms
[14.318s][trace][gc,age         ] GC(398) Age table:
[14.318s][trace][gc,age         ] GC(398) - age   1:        192 bytes,        192 total
[14.318s][trace][gc,age         ] GC(398) - age   9:        632 bytes,        824 total
[14.318s][trace][gc,age         ] GC(398) - age  10:        704 bytes,       1528 total
[14.318s][info ][gc,heap        ] GC(398) Eden regions: 253->0(253)
[14.318s][info ][gc,heap        ] GC(398) Survivor regions: 1->1(32)
[14.318s][info ][gc,heap        ] GC(398) Old regions: 11->11
[14.318s][info ][gc,heap        ] GC(398) Humongous regions: 0->0
[14.318s][info ][gc,metaspace   ] GC(398) Metaspace: 10115K(10368K)->10115K(10368K) NonClass: 9151K(9344K)->9151K(9344K) Class: 963K(1024K)->963K(1024K)
[14.318s][info ][gc             ] GC(398) Pause Young (Normal) (G1 Evacuation Pause) 256M->4M(424M) 0.606ms
[14.318s][info ][gc,cpu         ] GC(398) User=0.01s Sys=0.00s Real=0.00s
[14.334s][info ][gc,start       ] GC(399) Pause Young (Normal) (G1 Evacuation Pause)
[14.334s][info ][gc,task        ] GC(399) Using 9 workers of 9 for evacuation
[14.334s][debug][gc,age         ] GC(399) Desired survivor size 16777216 bytes, new threshold 15 (max threshold 15)
[14.334s][info ][gc,phases      ] GC(399)   Pre Evacuate Collection Set: 0.05ms
[14.334s][info ][gc,phases      ] GC(399)   Merge Heap Roots: 0.07ms
[14.334s][info ][gc,phases      ] GC(399)   Evacuate Collection Set: 0.12ms
[14.334s][info ][gc,phases      ] GC(399)   Post Evacuate Collection Set: 0.17ms
[14.334s][info ][gc,phases      ] GC(399)   Other: 0.04ms
[14.334s][trace][gc,age         ] GC(399) Age table:
[14.334s][trace][gc,age         ] GC(399) - age   1:        192 bytes,        192 total
[14.334s][trace][gc,age         ] GC(399) - age  10:        632 bytes,        824 total
[14.334s][trace][gc,age         ] GC(399) - age  11:        704 bytes,       1528 total
[14.334s][info ][gc,heap        ] GC(399) Eden regions: 253->0(253)
[14.334s][info ][gc,heap        ] GC(399) Survivor regions: 1->1(32)
[14.334s][info ][gc,heap        ] GC(399) Old regions: 11->11
[14.334s][info ][gc,heap        ] GC(399) Humongous regions: 0->0
[14.334s][info ][gc,metaspace   ] GC(399) Metaspace: 10115K(10368K)->10115K(10368K) NonClass: 9151K(9344K)->9151K(9344K) Class: 963K(1024K)->963K(1024K)
[14.334s][info ][gc             ] GC(399) Pause Young (Normal) (G1 Evacuation Pause) 256M->4M(424M) 0.533ms
[14.334s][info ][gc,cpu         ] GC(399) User=0.00s Sys=0.00s Real=0.00s
[14.350s][info ][gc,start       ] GC(400) Pause Young (Normal) (G1 Evacuation Pause)
[14.350s][info ][gc,task        ] GC(400) Using 9 workers of 9 for evacuation
[14.350s][debug][gc,age         ] GC(400) Desired survivor size 16777216 bytes, new threshold 15 (max threshold 15)
[14.350s][info ][gc,phases      ] GC(400)   Pre Evacuate Collection Set: 0.08ms
[14.350s][info ][gc,phases      ] GC(400)   Merge Heap Roots: 0.06ms
[14.350s][info ][gc,phases      ] GC(400)   Evacuate Collection Set: 0.12ms
[14.350s][info ][gc,phases      ] GC(400)   Post Evacuate Collection Set: 0.15ms
[14.350s][info ][gc,phases      ] GC(400)   Other: 0.04ms
[14.350s][trace][gc,age         ] GC(400) Age table:
[14.350s][trace][gc,age         ] GC(400) - age   1:        192 bytes,        192 total
[14.350s][trace][gc,age         ] GC(400) - age  11:        632 bytes,        824 total
[14.350s][trace][gc,age         ] GC(400) - age  12:        704 bytes,       1528 total
[14.350s][info ][gc,heap        ] GC(400) Eden regions: 253->0(253)
[14.350s][info ][gc,heap        ] GC(400) Survivor regions: 1->1(32)
[14.350s][info ][gc,heap        ] GC(400) Old regions: 11->11
[14.350s][info ][gc,heap        ] GC(400) Humongous regions: 0->0
[14.350s][info ][gc,metaspace   ] GC(400) Metaspace: 10115K(10368K)->10115K(10368K) NonClass: 9151K(9344K)->9151K(9344K) Class: 963K(1024K)->963K(1024K)
[14.350s][info ][gc             ] GC(400) Pause Young (Normal) (G1 Evacuation Pause) 256M->4M(424M) 0.536ms
[14.350s][info ][gc,cpu         ] GC(400) User=0.00s Sys=0.00s Real=0.00s
[14.366s][info ][gc,start       ] GC(401) Pause Young (Normal) (G1 Evacuation Pause)
[14.366s][info ][gc,task        ] GC(401) Using 9 workers of 9 for evacuation
[14.366s][debug][gc,age         ] GC(401) Desired survivor size 16777216 bytes, new threshold 15 (max threshold 15)
[14.366s][info ][gc,phases      ] GC(401)   Pre Evacuate Collection Set: 0.07ms
[14.366s][info ][gc,phases      ] GC(401)   Merge Heap Roots: 0.09ms
[14.366s][info ][gc,phases      ] GC(401)   Evacuate Collection Set: 0.09ms
[14.366s][info ][gc,phases      ] GC(401)   Post Evacuate Collection Set: 0.17ms
[14.366s][info ][gc,phases      ] GC(401)   Other: 0.06ms
[14.366s][trace][gc,age         ] GC(401) Age table:
[14.366s][trace][gc,age         ] GC(401) - age   1:        192 bytes,        192 total
[14.366s][trace][gc,age         ] GC(401) - age  12:        632 bytes,        824 total
[14.366s][trace][gc,age         ] GC(401) - age  13:        704 bytes,       1528 total
[14.366s][info ][gc,heap        ] GC(401) Eden regions: 253->0(253)
[14.366s][info ][gc,heap        ] GC(401) Survivor regions: 1->1(32)
[14.366s][info ][gc,heap        ] GC(401) Old regions: 11->11
[14.366s][info ][gc,heap        ] GC(401) Humongous regions: 0->0
[14.366s][info ][gc,metaspace   ] GC(401) Metaspace: 10115K(10368K)->10115K(10368K) NonClass: 9151K(9344K)->9151K(9344K) Class: 963K(1024K)->963K(1024K)
[14.366s][info ][gc             ] GC(401) Pause Young (Normal) (G1 Evacuation Pause) 256M->4M(424M) 0.595ms
[14.366s][info ][gc,cpu         ] GC(401) User=0.01s Sys=0.00s Real=0.00s
[14.382s][info ][gc,start       ] GC(402) Pause Young (Normal) (G1 Evacuation Pause)
[14.382s][info ][gc,task        ] GC(402) Using 9 workers of 9 for evacuation
[14.382s][debug][gc,age         ] GC(402) Desired survivor size 16777216 bytes, new threshold 15 (max threshold 15)
[14.383s][info ][gc,phases      ] GC(402)   Pre Evacuate Collection Set: 0.08ms
[14.383s][info ][gc,phases      ] GC(402)   Merge Heap Roots: 0.11ms
[14.383s][info ][gc,phases      ] GC(402)   Evacuate Collection Set: 0.12ms
[14.383s][info ][gc,phases      ] GC(402)   Post Evacuate Collection Set: 0.16ms
[14.383s][info ][gc,phases      ] GC(402)   Other: 0.06ms
[14.383s][trace][gc,age         ] GC(402) Age table:
[14.383s][trace][gc,age         ] GC(402) - age   1:        192 bytes,        192 total
[14.383s][trace][gc,age         ] GC(402) - age  13:        632 bytes,        824 total
[14.383s][trace][gc,age         ] GC(402) - age  14:        704 bytes,       1528 total
[14.383s][info ][gc,heap        ] GC(402) Eden regions: 253->0(253)
[14.383s][info ][gc,heap        ] GC(402) Survivor regions: 1->1(32)
[14.383s][info ][gc,heap        ] GC(402) Old regions: 11->11
[14.383s][info ][gc,heap        ] GC(402) Humongous regions: 0->0
[14.383s][info ][gc,metaspace   ] GC(402) Metaspace: 10115K(10368K)->10115K(10368K) NonClass: 9151K(9344K)->9151K(9344K) Class: 963K(1024K)->963K(1024K)
[14.383s][info ][gc             ] GC(402) Pause Young (Normal) (G1 Evacuation Pause) 256M->4M(424M) 0.633ms
[14.383s][info ][gc,cpu         ] GC(402) User=0.00s Sys=0.00s Real=0.00s
[14.397s][info ][gc,start       ] GC(403) Pause Young (Normal) (G1 Evacuation Pause)
[14.397s][info ][gc,task        ] GC(403) Using 9 workers of 9 for evacuation
[14.397s][debug][gc,age         ] GC(403) Desired survivor size 16777216 bytes, new threshold 15 (max threshold 15)
[14.398s][info ][gc,phases      ] GC(403)   Pre Evacuate Collection Set: 0.08ms
[14.398s][info ][gc,phases      ] GC(403)   Merge Heap Roots: 0.07ms
[14.398s][info ][gc,phases      ] GC(403)   Evacuate Collection Set: 0.11ms
[14.398s][info ][gc,phases      ] GC(403)   Post Evacuate Collection Set: 0.16ms
[14.398s][info ][gc,phases      ] GC(403)   Other: 0.07ms
[14.398s][trace][gc,age         ] GC(403) Age table:
[14.398s][trace][gc,age         ] GC(403) - age   1:        192 bytes,        192 total
[14.398s][trace][gc,age         ] GC(403) - age  14:        632 bytes,        824 total
[14.398s][trace][gc,age         ] GC(403) - age  15:        704 bytes,       1528 total
[14.398s][info ][gc,heap        ] GC(403) Eden regions: 253->0(253)
[14.398s][info ][gc,heap        ] GC(403) Survivor regions: 1->1(32)
[14.398s][info ][gc,heap        ] GC(403) Old regions: 11->11
[14.398s][info ][gc,heap        ] GC(403) Humongous regions: 0->0
[14.398s][info ][gc,metaspace   ] GC(403) Metaspace: 10117K(10368K)->10117K(10368K) NonClass: 9153K(9344K)->9153K(9344K) Class: 963K(1024K)->963K(1024K)
[14.398s][info ][gc             ] GC(403) Pause Young (Normal) (G1 Evacuation Pause) 256M->4M(424M) 0.605ms
[14.398s][info ][gc,cpu         ] GC(403) User=0.00s Sys=0.00s Real=0.00s
[14.412s][info ][gc,start       ] GC(404) Pause Young (Normal) (G1 Evacuation Pause)
[14.412s][info ][gc,task        ] GC(404) Using 9 workers of 9 for evacuation
[14.412s][debug][gc,age         ] GC(404) Desired survivor size 16777216 bytes, new threshold 15 (max threshold 15)
[14.412s][info ][gc,phases      ] GC(404)   Pre Evacuate Collection Set: 0.11ms
[14.412s][info ][gc,phases      ] GC(404)   Merge Heap Roots: 0.11ms
[14.412s][info ][gc,phases      ] GC(404)   Evacuate Collection Set: 0.12ms
[14.412s][info ][gc,phases      ] GC(404)   Post Evacuate Collection Set: 0.21ms
[14.412s][info ][gc,phases      ] GC(404)   Other: 0.06ms
[14.412s][trace][gc,age         ] GC(404) Age table:
[14.412s][trace][gc,age         ] GC(404) - age   1:        192 bytes,        192 total
[14.412s][trace][gc,age         ] GC(404) - age  15:        632 bytes,        824 total
[14.412s][info ][gc,heap        ] GC(404) Eden regions: 253->0(253)
[14.412s][info ][gc,heap        ] GC(404) Survivor regions: 1->1(32)
[14.412s][info ][gc,heap        ] GC(404) Old regions: 11->11
[14.412s][info ][gc,heap        ] GC(404) Humongous regions: 0->0
[14.412s][info ][gc,metaspace   ] GC(404) Metaspace: 10117K(10368K)->10117K(10368K) NonClass: 9153K(9344K)->9153K(9344K) Class: 963K(1024K)->963K(1024K)
[14.412s][info ][gc             ] GC(404) Pause Young (Normal) (G1 Evacuation Pause) 256M->4M(424M) 0.725ms
[14.412s][info ][gc,cpu         ] GC(404) User=0.00s Sys=0.01s Real=0.00s
[14.426s][info ][gc,start       ] GC(405) Pause Young (Normal) (G1 Evacuation Pause)
[14.426s][info ][gc,task        ] GC(405) Using 9 workers of 9 for evacuation
[14.426s][debug][gc,age         ] GC(405) Desired survivor size 16777216 bytes, new threshold 15 (max threshold 15)
[14.426s][info ][gc,phases      ] GC(405)   Pre Evacuate Collection Set: 0.09ms
[14.426s][info ][gc,phases      ] GC(405)   Merge Heap Roots: 0.07ms
[14.426s][info ][gc,phases      ] GC(405)   Evacuate Collection Set: 0.07ms
[14.426s][info ][gc,phases      ] GC(405)   Post Evacuate Collection Set: 0.18ms
[14.426s][info ][gc,phases      ] GC(405)   Other: 0.06ms
[14.426s][trace][gc,age         ] GC(405) Age table:
[14.426s][trace][gc,age         ] GC(405) - age   1:        192 bytes,        192 total
[14.426s][info ][gc,heap        ] GC(405) Eden regions: 253->0(253)
[14.426s][info ][gc,heap        ] GC(405) Survivor regions: 1->1(32)
[14.426s][info ][gc,heap        ] GC(405) Old regions: 11->11
[14.426s][info ][gc,heap        ] GC(405) Humongous regions: 0->0
[14.426s][info ][gc,metaspace   ] GC(405) Metaspace: 10117K(10368K)->10117K(10368K) NonClass: 9153K(9344K)->9153K(9344K) Class: 963K(1024K)->963K(1024K)
[14.426s][info ][gc             ] GC(405) Pause Young (Normal) (G1 Evacuation Pause) 256M->4M(424M) 0.574ms
[14.426s][info ][gc,cpu         ] GC(405) User=0.00s Sys=0.00s Real=0.00s
[14.440s][info ][gc,start       ] GC(406) Pause Young (Normal) (G1 Evacuation Pause)
[14.440s][info ][gc,task        ] GC(406) Using 9 workers of 9 for evacuation
[14.440s][debug][gc,age         ] GC(406) Desired survivor size 16777216 bytes, new threshold 15 (max threshold 15)
[14.440s][info ][gc,phases      ] GC(406)   Pre Evacuate Collection Set: 0.09ms
[14.440s][info ][gc,phases      ] GC(406)   Merge Heap Roots: 0.07ms
[14.440s][info ][gc,phases      ] GC(406)   Evacuate Collection Set: 0.11ms
[14.440s][info ][gc,phases      ] GC(406)   Post Evacuate Collection Set: 0.18ms
[14.440s][info ][gc,phases      ] GC(406)   Other: 0.06ms
[14.440s][trace][gc,age         ] GC(406) Age table:
[14.440s][trace][gc,age         ] GC(406) - age   1:        192 bytes,        192 total
[14.440s][info ][gc,heap        ] GC(406) Eden regions: 253->0(253)
[14.440s][info ][gc,heap        ] GC(406) Survivor regions: 1->1(32)
[14.440s][info ][gc,heap        ] GC(406) Old regions: 11->11
[14.440s][info ][gc,heap        ] GC(406) Humongous regions: 0->0
[14.440s][info ][gc,metaspace   ] GC(406) Metaspace: 10117K(10368K)->10117K(10368K) NonClass: 9153K(9344K)->9153K(9344K) Class: 963K(1024K)->963K(1024K)
[14.440s][info ][gc             ] GC(406) Pause Young (Normal) (G1 Evacuation Pause) 256M->4M(424M) 0.593ms
[14.440s][info ][gc,cpu         ] GC(406) User=0.00s Sys=0.00s Real=0.00s
[14.454s][info ][gc,start       ] GC(407) Pause Young (Normal) (G1 Evacuation Pause)
[14.454s][info ][gc,task        ] GC(407) Using 9 workers of 9 for evacuation
[14.454s][debug][gc,age         ] GC(407) Desired survivor size 16777216 bytes, new threshold 15 (max threshold 15)
[14.454s][info ][gc,phases      ] GC(407)   Pre Evacuate Collection Set: 0.09ms
[14.454s][info ][gc,phases      ] GC(407)   Merge Heap Roots: 0.07ms
[14.454s][info ][gc,phases      ] GC(407)   Evacuate Collection Set: 0.12ms
[14.454s][info ][gc,phases      ] GC(407)   Post Evacuate Collection Set: 0.19ms
[14.454s][info ][gc,phases      ] GC(407)   Other: 0.06ms
[14.454s][trace][gc,age         ] GC(407) Age table:
[14.454s][trace][gc,age         ] GC(407) - age   1:        192 bytes,        192 total
[14.454s][info ][gc,heap        ] GC(407) Eden regions: 253->0(253)
[14.454s][info ][gc,heap        ] GC(407) Survivor regions: 1->1(32)
[14.454s][info ][gc,heap        ] GC(407) Old regions: 11->11
[14.454s][info ][gc,heap        ] GC(407) Humongous regions: 0->0
[14.454s][info ][gc,metaspace   ] GC(407) Metaspace: 10117K(10368K)->10117K(10368K) NonClass: 9153K(9344K)->9153K(9344K) Class: 963K(1024K)->963K(1024K)
[14.454s][info ][gc             ] GC(407) Pause Young (Normal) (G1 Evacuation Pause) 256M->4M(424M) 0.627ms
[14.454s][info ][gc,cpu         ] GC(407) User=0.00s Sys=0.00s Real=0.00s
[14.468s][info ][gc,start       ] GC(408) Pause Young (Normal) (G1 Evacuation Pause)
[14.468s][info ][gc,task        ] GC(408) Using 9 workers of 9 for evacuation
[14.468s][debug][gc,age         ] GC(408) Desired survivor size 16777216 bytes, new threshold 15 (max threshold 15)
[14.468s][info ][gc,phases      ] GC(408)   Pre Evacuate Collection Set: 0.10ms
[14.468s][info ][gc,phases      ] GC(408)   Merge Heap Roots: 0.05ms
[14.468s][info ][gc,phases      ] GC(408)   Evacuate Collection Set: 0.13ms
[14.468s][info ][gc,phases      ] GC(408)   Post Evacuate Collection Set: 0.18ms
[14.468s][info ][gc,phases      ] GC(408)   Other: 0.05ms
[14.468s][trace][gc,age         ] GC(408) Age table:
[14.468s][trace][gc,age         ] GC(408) - age   1:        192 bytes,        192 total
[14.468s][info ][gc,heap        ] GC(408) Eden regions: 253->0(253)
[14.468s][info ][gc,heap        ] GC(408) Survivor regions: 1->1(32)
[14.468s][info ][gc,heap        ] GC(408) Old regions: 11->11
[14.468s][info ][gc,heap        ] GC(408) Humongous regions: 0->0
[14.468s][info ][gc,metaspace   ] GC(408) Metaspace: 10117K(10368K)->10117K(10368K) NonClass: 9153K(9344K)->9153K(9344K) Class: 963K(1024K)->963K(1024K)
[14.468s][info ][gc             ] GC(408) Pause Young (Normal) (G1 Evacuation Pause) 256M->4M(424M) 0.593ms
[14.468s][info ][gc,cpu         ] GC(408) User=0.00s Sys=0.00s Real=0.00s
[14.482s][info ][gc,start       ] GC(409) Pause Young (Normal) (G1 Evacuation Pause)
[14.482s][info ][gc,task        ] GC(409) Using 9 workers of 9 for evacuation
[14.482s][debug][gc,age         ] GC(409) Desired survivor size 16777216 bytes, new threshold 15 (max threshold 15)
[14.482s][info ][gc,phases      ] GC(409)   Pre Evacuate Collection Set: 0.06ms
[14.482s][info ][gc,phases      ] GC(409)   Merge Heap Roots: 0.09ms
[14.482s][info ][gc,phases      ] GC(409)   Evacuate Collection Set: 0.10ms
[14.482s][info ][gc,phases      ] GC(409)   Post Evacuate Collection Set: 0.18ms
[14.482s][info ][gc,phases      ] GC(409)   Other: 0.08ms
[14.482s][trace][gc,age         ] GC(409) Age table:
[14.482s][trace][gc,age         ] GC(409) - age   1:        192 bytes,        192 total
[14.482s][info ][gc,heap        ] GC(409) Eden regions: 253->0(253)
[14.482s][info ][gc,heap        ] GC(409) Survivor regions: 1->1(32)
[14.482s][info ][gc,heap        ] GC(409) Old regions: 11->11
[14.482s][info ][gc,heap        ] GC(409) Humongous regions: 0->0
[14.482s][info ][gc,metaspace   ] GC(409) Metaspace: 10117K(10368K)->10117K(10368K) NonClass: 9153K(9344K)->9153K(9344K) Class: 963K(1024K)->963K(1024K)
[14.482s][info ][gc             ] GC(409) Pause Young (Normal) (G1 Evacuation Pause) 256M->4M(424M) 0.627ms
[14.482s][info ][gc,cpu         ] GC(409) User=0.01s Sys=0.00s Real=0.00s
[14.496s][info ][gc,start       ] GC(410) Pause Young (Normal) (G1 Evacuation Pause)
[14.496s][info ][gc,task        ] GC(410) Using 9 workers of 9 for evacuation
[14.496s][debug][gc,age         ] GC(410) Desired survivor size 16777216 bytes, new threshold 15 (max threshold 15)
[14.496s][info ][gc,phases      ] GC(410)   Pre Evacuate Collection Set: 0.06ms
[14.496s][info ][gc,phases      ] GC(410)   Merge Heap Roots: 0.07ms
[14.496s][info ][gc,phases      ] GC(410)   Evacuate Collection Set: 0.11ms
[14.496s][info ][gc,phases      ] GC(410)   Post Evacuate Collection Set: 0.17ms
[14.496s][info ][gc,phases      ] GC(410)   Other: 0.05ms
[14.496s][trace][gc,age         ] GC(410) Age table:
[14.496s][trace][gc,age         ] GC(410) - age   1:        192 bytes,        192 total
[14.496s][info ][gc,heap        ] GC(410) Eden regions: 253->0(253)
[14.496s][info ][gc,heap        ] GC(410) Survivor regions: 1->1(32)
[14.496s][info ][gc,heap        ] GC(410) Old regions: 11->11
[14.496s][info ][gc,heap        ] GC(410) Humongous regions: 0->0
[14.496s][info ][gc,metaspace   ] GC(410) Metaspace: 10117K(10368K)->10117K(10368K) NonClass: 9153K(9344K)->9153K(9344K) Class: 963K(1024K)->963K(1024K)
[14.496s][info ][gc             ] GC(410) Pause Young (Normal) (G1 Evacuation Pause) 256M->4M(424M) 0.543ms
[14.496s][info ][gc,cpu         ] GC(410) User=0.01s Sys=0.00s Real=0.00s
[14.509s][info ][gc,start       ] GC(411) Pause Young (Normal) (G1 Evacuation Pause)
[14.509s][info ][gc,task        ] GC(411) Using 9 workers of 9 for evacuation
[14.509s][debug][gc,age         ] GC(411) Desired survivor size 16777216 bytes, new threshold 15 (max threshold 15)
[14.509s][info ][gc,phases      ] GC(411)   Pre Evacuate Collection Set: 0.08ms
[14.509s][info ][gc,phases      ] GC(411)   Merge Heap Roots: 0.06ms
[14.509s][info ][gc,phases      ] GC(411)   Evacuate Collection Set: 0.11ms
[14.509s][info ][gc,phases      ] GC(411)   Post Evacuate Collection Set: 0.17ms
[14.509s][info ][gc,phases      ] GC(411)   Other: 0.05ms
[14.509s][trace][gc,age         ] GC(411) Age table:
[14.509s][trace][gc,age         ] GC(411) - age   1:        192 bytes,        192 total
[14.509s][info ][gc,heap        ] GC(411) Eden regions: 253->0(253)
[14.509s][info ][gc,heap        ] GC(411) Survivor regions: 1->1(32)
[14.509s][info ][gc,heap        ] GC(411) Old regions: 11->11
[14.509s][info ][gc,heap        ] GC(411) Humongous regions: 0->0
[14.509s][info ][gc,metaspace   ] GC(411) Metaspace: 10117K(10368K)->10117K(10368K) NonClass: 9153K(9344K)->9153K(9344K) Class: 963K(1024K)->963K(1024K)
[14.509s][info ][gc             ] GC(411) Pause Young (Normal) (G1 Evacuation Pause) 256M->4M(424M) 0.574ms
[14.509s][info ][gc,cpu         ] GC(411) User=0.00s Sys=0.00s Real=0.00s
[14.522s][info ][gc,start       ] GC(412) Pause Young (Normal) (G1 Evacuation Pause)
[14.522s][info ][gc,task        ] GC(412) Using 9 workers of 9 for evacuation
[14.522s][debug][gc,age         ] GC(412) Desired survivor size 16777216 bytes, new threshold 15 (max threshold 15)
[14.523s][info ][gc,phases      ] GC(412)   Pre Evacuate Collection Set: 0.10ms
[14.523s][info ][gc,phases      ] GC(412)   Merge Heap Roots: 0.08ms
[14.523s][info ][gc,phases      ] GC(412)   Evacuate Collection Set: 0.11ms
[14.523s][info ][gc,phases      ] GC(412)   Post Evacuate Collection Set: 0.21ms
[14.523s][info ][gc,phases      ] GC(412)   Other: 0.05ms
[14.523s][trace][gc,age         ] GC(412) Age table:
[14.523s][trace][gc,age         ] GC(412) - age   1:        192 bytes,        192 total
[14.523s][info ][gc,heap        ] GC(412) Eden regions: 253->0(253)
[14.523s][info ][gc,heap        ] GC(412) Survivor regions: 1->1(32)
[14.523s][info ][gc,heap        ] GC(412) Old regions: 11->11
[14.523s][info ][gc,heap        ] GC(412) Humongous regions: 0->0
[14.523s][info ][gc,metaspace   ] GC(412) Metaspace: 10117K(10368K)->10117K(10368K) NonClass: 9153K(9344K)->9153K(9344K) Class: 963K(1024K)->963K(1024K)
[14.523s][info ][gc             ] GC(412) Pause Young (Normal) (G1 Evacuation Pause) 256M->4M(424M) 0.656ms
[14.523s][info ][gc,cpu         ] GC(412) User=0.00s Sys=0.00s Real=0.00s
[14.535s][info ][gc,start       ] GC(413) Pause Young (Normal) (G1 Evacuation Pause)
[14.535s][info ][gc,task        ] GC(413) Using 9 workers of 9 for evacuation
[14.535s][debug][gc,age         ] GC(413) Desired survivor size 16777216 bytes, new threshold 15 (max threshold 15)
[14.536s][info ][gc,phases      ] GC(413)   Pre Evacuate Collection Set: 0.10ms
[14.536s][info ][gc,phases      ] GC(413)   Merge Heap Roots: 0.05ms
[14.536s][info ][gc,phases      ] GC(413)   Evacuate Collection Set: 0.11ms
[14.536s][info ][gc,phases      ] GC(413)   Post Evacuate Collection Set: 0.14ms
[14.536s][info ][gc,phases      ] GC(413)   Other: 0.06ms
[14.536s][trace][gc,age         ] GC(413) Age table:
[14.536s][trace][gc,age         ] GC(413) - age   1:        192 bytes,        192 total
[14.536s][info ][gc,heap        ] GC(413) Eden regions: 253->0(253)
[14.536s][info ][gc,heap        ] GC(413) Survivor regions: 1->1(32)
[14.536s][info ][gc,heap        ] GC(413) Old regions: 11->11
[14.536s][info ][gc,heap        ] GC(413) Humongous regions: 0->0
[14.536s][info ][gc,metaspace   ] GC(413) Metaspace: 10117K(10368K)->10117K(10368K) NonClass: 9153K(9344K)->9153K(9344K) Class: 963K(1024K)->963K(1024K)
[14.536s][info ][gc             ] GC(413) Pause Young (Normal) (G1 Evacuation Pause) 256M->4M(424M) 0.551ms
[14.536s][info ][gc,cpu         ] GC(413) User=0.00s Sys=0.00s Real=0.00s
[14.548s][info ][gc,start       ] GC(414) Pause Young (Normal) (G1 Evacuation Pause)
[14.548s][info ][gc,task        ] GC(414) Using 9 workers of 9 for evacuation
[14.548s][debug][gc,age         ] GC(414) Desired survivor size 16777216 bytes, new threshold 15 (max threshold 15)
[14.549s][info ][gc,phases      ] GC(414)   Pre Evacuate Collection Set: 0.07ms
[14.549s][info ][gc,phases      ] GC(414)   Merge Heap Roots: 0.06ms
[14.549s][info ][gc,phases      ] GC(414)   Evacuate Collection Set: 0.12ms
[14.549s][info ][gc,phases      ] GC(414)   Post Evacuate Collection Set: 0.20ms
[14.549s][info ][gc,phases      ] GC(414)   Other: 0.05ms
[14.549s][trace][gc,age         ] GC(414) Age table:
[14.549s][trace][gc,age         ] GC(414) - age   1:        192 bytes,        192 total
[14.549s][info ][gc,heap        ] GC(414) Eden regions: 253->0(253)
[14.549s][info ][gc,heap        ] GC(414) Survivor regions: 1->1(32)
[14.549s][info ][gc,heap        ] GC(414) Old regions: 11->11
[14.549s][info ][gc,heap        ] GC(414) Humongous regions: 0->0
[14.549s][info ][gc,metaspace   ] GC(414) Metaspace: 10117K(10368K)->10117K(10368K) NonClass: 9153K(9344K)->9153K(9344K) Class: 963K(1024K)->963K(1024K)
[14.549s][info ][gc             ] GC(414) Pause Young (Normal) (G1 Evacuation Pause) 256M->4M(424M) 0.591ms
[14.549s][info ][gc,cpu         ] GC(414) User=0.00s Sys=0.00s Real=0.00s
[14.561s][info ][gc,start       ] GC(415) Pause Young (Normal) (G1 Evacuation Pause)
[14.561s][info ][gc,task        ] GC(415) Using 9 workers of 9 for evacuation
[14.561s][debug][gc,age         ] GC(415) Desired survivor size 16777216 bytes, new threshold 15 (max threshold 15)
[14.562s][info ][gc,phases      ] GC(415)   Pre Evacuate Collection Set: 0.07ms
[14.562s][info ][gc,phases      ] GC(415)   Merge Heap Roots: 0.04ms
[14.562s][info ][gc,phases      ] GC(415)   Evacuate Collection Set: 0.13ms
[14.562s][info ][gc,phases      ] GC(415)   Post Evacuate Collection Set: 0.19ms
[14.562s][info ][gc,phases      ] GC(415)   Other: 0.04ms
[14.562s][trace][gc,age         ] GC(415) Age table:
[14.562s][trace][gc,age         ] GC(415) - age   1:        192 bytes,        192 total
[14.562s][info ][gc,heap        ] GC(415) Eden regions: 253->0(253)
[14.562s][info ][gc,heap        ] GC(415) Survivor regions: 1->1(32)
[14.562s][info ][gc,heap        ] GC(415) Old regions: 11->11
[14.562s][info ][gc,heap        ] GC(415) Humongous regions: 0->0
[14.562s][info ][gc,metaspace   ] GC(415) Metaspace: 10117K(10368K)->10117K(10368K) NonClass: 9153K(9344K)->9153K(9344K) Class: 963K(1024K)->963K(1024K)
[14.562s][info ][gc             ] GC(415) Pause Young (Normal) (G1 Evacuation Pause) 256M->4M(424M) 0.555ms
[14.562s][info ][gc,cpu         ] GC(415) User=0.00s Sys=0.00s Real=0.00s
[14.574s][info ][gc,start       ] GC(416) Pause Young (Normal) (G1 Evacuation Pause)
[14.574s][info ][gc,task        ] GC(416) Using 9 workers of 9 for evacuation
[14.574s][debug][gc,age         ] GC(416) Desired survivor size 16777216 bytes, new threshold 15 (max threshold 15)
[14.575s][info ][gc,phases      ] GC(416)   Pre Evacuate Collection Set: 0.10ms
[14.575s][info ][gc,phases      ] GC(416)   Merge Heap Roots: 0.07ms
[14.575s][info ][gc,phases      ] GC(416)   Evacuate Collection Set: 0.12ms
[14.575s][info ][gc,phases      ] GC(416)   Post Evacuate Collection Set: 0.19ms
[14.575s][info ][gc,phases      ] GC(416)   Other: 0.06ms
[14.575s][trace][gc,age         ] GC(416) Age table:
[14.575s][trace][gc,age         ] GC(416) - age   1:        192 bytes,        192 total
[14.575s][info ][gc,heap        ] GC(416) Eden regions: 253->0(253)
[14.575s][info ][gc,heap        ] GC(416) Survivor regions: 1->1(32)
[14.575s][info ][gc,heap        ] GC(416) Old regions: 11->11
[14.575s][info ][gc,heap        ] GC(416) Humongous regions: 0->0
[14.575s][info ][gc,metaspace   ] GC(416) Metaspace: 10117K(10368K)->10117K(10368K) NonClass: 9153K(9344K)->9153K(9344K) Class: 963K(1024K)->963K(1024K)
[14.575s][info ][gc             ] GC(416) Pause Young (Normal) (G1 Evacuation Pause) 256M->4M(424M) 0.627ms
[14.575s][info ][gc,cpu         ] GC(416) User=0.00s Sys=0.00s Real=0.00s
[14.587s][info ][gc,start       ] GC(417) Pause Young (Normal) (G1 Evacuation Pause)
[14.587s][info ][gc,task        ] GC(417) Using 9 workers of 9 for evacuation
[14.587s][debug][gc,age         ] GC(417) Desired survivor size 16777216 bytes, new threshold 15 (max threshold 15)
[14.588s][info ][gc,phases      ] GC(417)   Pre Evacuate Collection Set: 0.09ms
[14.588s][info ][gc,phases      ] GC(417)   Merge Heap Roots: 0.10ms
[14.588s][info ][gc,phases      ] GC(417)   Evacuate Collection Set: 0.09ms
[14.588s][info ][gc,phases      ] GC(417)   Post Evacuate Collection Set: 0.18ms
[14.588s][info ][gc,phases      ] GC(417)   Other: 0.04ms
[14.588s][trace][gc,age         ] GC(417) Age table:
[14.588s][trace][gc,age         ] GC(417) - age   1:        192 bytes,        192 total
[14.588s][info ][gc,heap        ] GC(417) Eden regions: 253->0(253)
[14.588s][info ][gc,heap        ] GC(417) Survivor regions: 1->1(32)
[14.588s][info ][gc,heap        ] GC(417) Old regions: 11->11
[14.588s][info ][gc,heap        ] GC(417) Humongous regions: 0->0
[14.588s][info ][gc,metaspace   ] GC(417) Metaspace: 10117K(10368K)->10117K(10368K) NonClass: 9153K(9344K)->9153K(9344K) Class: 963K(1024K)->963K(1024K)
[14.588s][info ][gc             ] GC(417) Pause Young (Normal) (G1 Evacuation Pause) 256M->4M(424M) 0.586ms
[14.588s][info ][gc,cpu         ] GC(417) User=0.00s Sys=0.00s Real=0.00s
[14.601s][info ][gc,start       ] GC(418) Pause Young (Normal) (G1 Evacuation Pause)
[14.601s][info ][gc,task        ] GC(418) Using 9 workers of 9 for evacuation
[14.601s][debug][gc,age         ] GC(418) Desired survivor size 16777216 bytes, new threshold 15 (max threshold 15)
[14.601s][info ][gc,phases      ] GC(418)   Pre Evacuate Collection Set: 0.08ms
[14.601s][info ][gc,phases      ] GC(418)   Merge Heap Roots: 0.06ms
[14.601s][info ][gc,phases      ] GC(418)   Evacuate Collection Set: 0.11ms
[14.601s][info ][gc,phases      ] GC(418)   Post Evacuate Collection Set: 0.17ms
[14.601s][info ][gc,phases      ] GC(418)   Other: 0.07ms
[14.601s][trace][gc,age         ] GC(418) Age table:
[14.601s][trace][gc,age         ] GC(418) - age   1:        192 bytes,        192 total
[14.601s][info ][gc,heap        ] GC(418) Eden regions: 253->0(253)
[14.601s][info ][gc,heap        ] GC(418) Survivor regions: 1->1(32)
[14.601s][info ][gc,heap        ] GC(418) Old regions: 11->11
[14.601s][info ][gc,heap        ] GC(418) Humongous regions: 0->0
[14.601s][info ][gc,metaspace   ] GC(418) Metaspace: 10117K(10368K)->10117K(10368K) NonClass: 9153K(9344K)->9153K(9344K) Class: 963K(1024K)->963K(1024K)
[14.601s][info ][gc             ] GC(418) Pause Young (Normal) (G1 Evacuation Pause) 256M->4M(424M) 0.581ms
[14.601s][info ][gc,cpu         ] GC(418) User=0.00s Sys=0.00s Real=0.00s
[14.614s][info ][gc,start       ] GC(419) Pause Young (Normal) (G1 Evacuation Pause)
[14.614s][info ][gc,task        ] GC(419) Using 9 workers of 9 for evacuation
[14.614s][debug][gc,age         ] GC(419) Desired survivor size 16777216 bytes, new threshold 15 (max threshold 15)
[14.614s][info ][gc,phases      ] GC(419)   Pre Evacuate Collection Set: 0.07ms
[14.614s][info ][gc,phases      ] GC(419)   Merge Heap Roots: 0.03ms
[14.614s][info ][gc,phases      ] GC(419)   Evacuate Collection Set: 0.13ms
[14.614s][info ][gc,phases      ] GC(419)   Post Evacuate Collection Set: 0.22ms
[14.614s][info ][gc,phases      ] GC(419)   Other: 0.04ms
[14.614s][trace][gc,age         ] GC(419) Age table:
[14.614s][trace][gc,age         ] GC(419) - age   1:        192 bytes,        192 total
[14.614s][info ][gc,heap        ] GC(419) Eden regions: 253->0(253)
[14.614s][info ][gc,heap        ] GC(419) Survivor regions: 1->1(32)
[14.614s][info ][gc,heap        ] GC(419) Old regions: 11->11
[14.614s][info ][gc,heap        ] GC(419) Humongous regions: 0->0
[14.614s][info ][gc,metaspace   ] GC(419) Metaspace: 10117K(10368K)->10117K(10368K) NonClass: 9153K(9344K)->9153K(9344K) Class: 963K(1024K)->963K(1024K)
[14.614s][info ][gc             ] GC(419) Pause Young (Normal) (G1 Evacuation Pause) 256M->4M(424M) 0.594ms
[14.614s][info ][gc,cpu         ] GC(419) User=0.00s Sys=0.00s Real=0.00s
[14.627s][info ][gc,start       ] GC(420) Pause Young (Normal) (G1 Evacuation Pause)
[14.627s][info ][gc,task        ] GC(420) Using 9 workers of 9 for evacuation
[14.627s][debug][gc,age         ] GC(420) Desired survivor size 16777216 bytes, new threshold 15 (max threshold 15)
[14.627s][info ][gc,phases      ] GC(420)   Pre Evacuate Collection Set: 0.10ms
[14.627s][info ][gc,phases      ] GC(420)   Merge Heap Roots: 0.08ms
[14.627s][info ][gc,phases      ] GC(420)   Evacuate Collection Set: 0.10ms
[14.627s][info ][gc,phases      ] GC(420)   Post Evacuate Collection Set: 0.21ms
[14.627s][info ][gc,phases      ] GC(420)   Other: 0.06ms
[14.627s][trace][gc,age         ] GC(420) Age table:
[14.627s][trace][gc,age         ] GC(420) - age   1:        192 bytes,        192 total
[14.627s][info ][gc,heap        ] GC(420) Eden regions: 253->0(253)
[14.627s][info ][gc,heap        ] GC(420) Survivor regions: 1->1(32)
[14.627s][info ][gc,heap        ] GC(420) Old regions: 11->11
[14.627s][info ][gc,heap        ] GC(420) Humongous regions: 0->0
[14.627s][info ][gc,metaspace   ] GC(420) Metaspace: 10117K(10368K)->10117K(10368K) NonClass: 9153K(9344K)->9153K(9344K) Class: 963K(1024K)->963K(1024K)
[14.627s][info ][gc             ] GC(420) Pause Young (Normal) (G1 Evacuation Pause) 256M->4M(424M) 0.641ms
[14.627s][info ][gc,cpu         ] GC(420) User=0.01s Sys=0.00s Real=0.00s
[14.640s][info ][gc,start       ] GC(421) Pause Young (Normal) (G1 Evacuation Pause)
[14.640s][info ][gc,task        ] GC(421) Using 9 workers of 9 for evacuation
[14.640s][debug][gc,age         ] GC(421) Desired survivor size 16777216 bytes, new threshold 15 (max threshold 15)
[14.640s][info ][gc,phases      ] GC(421)   Pre Evacuate Collection Set: 0.11ms
[14.640s][info ][gc,phases      ] GC(421)   Merge Heap Roots: 0.06ms
[14.640s][info ][gc,phases      ] GC(421)   Evacuate Collection Set: 0.09ms
[14.640s][info ][gc,phases      ] GC(421)   Post Evacuate Collection Set: 0.20ms
[14.640s][info ][gc,phases      ] GC(421)   Other: 0.05ms
[14.640s][trace][gc,age         ] GC(421) Age table:
[14.640s][trace][gc,age         ] GC(421) - age   1:        192 bytes,        192 total
[14.640s][info ][gc,heap        ] GC(421) Eden regions: 253->0(253)
[14.640s][info ][gc,heap        ] GC(421) Survivor regions: 1->1(32)
[14.640s][info ][gc,heap        ] GC(421) Old regions: 11->11
[14.640s][info ][gc,heap        ] GC(421) Humongous regions: 0->0
[14.640s][info ][gc,metaspace   ] GC(421) Metaspace: 10117K(10368K)->10117K(10368K) NonClass: 9153K(9344K)->9153K(9344K) Class: 963K(1024K)->963K(1024K)
[14.640s][info ][gc             ] GC(421) Pause Young (Normal) (G1 Evacuation Pause) 256M->4M(424M) 0.587ms
[14.640s][info ][gc,cpu         ] GC(421) User=0.00s Sys=0.00s Real=0.00s
[14.653s][info ][gc,start       ] GC(422) Pause Young (Normal) (G1 Evacuation Pause)
[14.653s][info ][gc,task        ] GC(422) Using 9 workers of 9 for evacuation
[14.653s][debug][gc,age         ] GC(422) Desired survivor size 16777216 bytes, new threshold 15 (max threshold 15)
[14.653s][info ][gc,phases      ] GC(422)   Pre Evacuate Collection Set: 0.07ms
[14.653s][info ][gc,phases      ] GC(422)   Merge Heap Roots: 0.08ms
[14.653s][info ][gc,phases      ] GC(422)   Evacuate Collection Set: 0.09ms
[14.653s][info ][gc,phases      ] GC(422)   Post Evacuate Collection Set: 0.18ms
[14.653s][info ][gc,phases      ] GC(422)   Other: 0.05ms
[14.653s][trace][gc,age         ] GC(422) Age table:
[14.653s][trace][gc,age         ] GC(422) - age   1:        192 bytes,        192 total
[14.653s][info ][gc,heap        ] GC(422) Eden regions: 253->0(253)
[14.653s][info ][gc,heap        ] GC(422) Survivor regions: 1->1(32)
[14.653s][info ][gc,heap        ] GC(422) Old regions: 11->11
[14.653s][info ][gc,heap        ] GC(422) Humongous regions: 0->0
[14.653s][info ][gc,metaspace   ] GC(422) Metaspace: 10117K(10368K)->10117K(10368K) NonClass: 9153K(9344K)->9153K(9344K) Class: 963K(1024K)->963K(1024K)
[14.654s][info ][gc             ] GC(422) Pause Young (Normal) (G1 Evacuation Pause) 256M->4M(424M) 0.565ms
[14.654s][info ][gc,cpu         ] GC(422) User=0.00s Sys=0.01s Real=0.00s
[14.666s][info ][gc,start       ] GC(423) Pause Young (Normal) (G1 Evacuation Pause)
[14.666s][info ][gc,task        ] GC(423) Using 9 workers of 9 for evacuation
[14.666s][debug][gc,age         ] GC(423) Desired survivor size 16777216 bytes, new threshold 15 (max threshold 15)
[14.667s][info ][gc,phases      ] GC(423)   Pre Evacuate Collection Set: 0.08ms
[14.667s][info ][gc,phases      ] GC(423)   Merge Heap Roots: 0.11ms
[14.667s][info ][gc,phases      ] GC(423)   Evacuate Collection Set: 0.08ms
[14.667s][info ][gc,phases      ] GC(423)   Post Evacuate Collection Set: 0.18ms
[14.667s][info ][gc,phases      ] GC(423)   Other: 0.04ms
[14.667s][trace][gc,age         ] GC(423) Age table:
[14.667s][trace][gc,age         ] GC(423) - age   1:        192 bytes,        192 total
[14.667s][info ][gc,heap        ] GC(423) Eden regions: 253->0(253)
[14.667s][info ][gc,heap        ] GC(423) Survivor regions: 1->1(32)
[14.667s][info ][gc,heap        ] GC(423) Old regions: 11->11
[14.667s][info ][gc,heap        ] GC(423) Humongous regions: 0->0
[14.667s][info ][gc,metaspace   ] GC(423) Metaspace: 10117K(10368K)->10117K(10368K) NonClass: 9153K(9344K)->9153K(9344K) Class: 963K(1024K)->963K(1024K)
[14.667s][info ][gc             ] GC(423) Pause Young (Normal) (G1 Evacuation Pause) 256M->4M(424M) 0.581ms
[14.667s][info ][gc,cpu         ] GC(423) User=0.00s Sys=0.00s Real=0.00s
[14.679s][info ][gc,start       ] GC(424) Pause Young (Normal) (G1 Evacuation Pause)
[14.679s][info ][gc,task        ] GC(424) Using 9 workers of 9 for evacuation
[14.679s][debug][gc,age         ] GC(424) Desired survivor size 16777216 bytes, new threshold 15 (max threshold 15)
[14.680s][info ][gc,phases      ] GC(424)   Pre Evacuate Collection Set: 0.10ms
[14.680s][info ][gc,phases      ] GC(424)   Merge Heap Roots: 0.03ms
[14.680s][info ][gc,phases      ] GC(424)   Evacuate Collection Set: 0.13ms
[14.680s][info ][gc,phases      ] GC(424)   Post Evacuate Collection Set: 0.19ms
[14.680s][info ][gc,phases      ] GC(424)   Other: 0.05ms
[14.680s][trace][gc,age         ] GC(424) Age table:
[14.680s][trace][gc,age         ] GC(424) - age   1:        192 bytes,        192 total
[14.680s][info ][gc,heap        ] GC(424) Eden regions: 253->0(253)
[14.680s][info ][gc,heap        ] GC(424) Survivor regions: 1->1(32)
[14.680s][info ][gc,heap        ] GC(424) Old regions: 11->11
[14.680s][info ][gc,heap        ] GC(424) Humongous regions: 0->0
[14.680s][info ][gc,metaspace   ] GC(424) Metaspace: 10117K(10368K)->10117K(10368K) NonClass: 9153K(9344K)->9153K(9344K) Class: 963K(1024K)->963K(1024K)
[14.680s][info ][gc             ] GC(424) Pause Young (Normal) (G1 Evacuation Pause) 256M->4M(424M) 0.589ms
[14.680s][info ][gc,cpu         ] GC(424) User=0.00s Sys=0.00s Real=0.00s
[14.692s][info ][gc,start       ] GC(425) Pause Young (Normal) (G1 Evacuation Pause)
[14.692s][info ][gc,task        ] GC(425) Using 9 workers of 9 for evacuation
[14.692s][debug][gc,age         ] GC(425) Desired survivor size 16777216 bytes, new threshold 15 (max threshold 15)
[14.693s][info ][gc,phases      ] GC(425)   Pre Evacuate Collection Set: 0.11ms
[14.693s][info ][gc,phases      ] GC(425)   Merge Heap Roots: 0.04ms
[14.693s][info ][gc,phases      ] GC(425)   Evacuate Collection Set: 0.11ms
[14.693s][info ][gc,phases      ] GC(425)   Post Evacuate Collection Set: 0.20ms
[14.693s][info ][gc,phases      ] GC(425)   Other: 0.04ms
[14.693s][trace][gc,age         ] GC(425) Age table:
[14.693s][trace][gc,age         ] GC(425) - age   1:        192 bytes,        192 total
[14.693s][info ][gc,heap        ] GC(425) Eden regions: 253->0(253)
[14.693s][info ][gc,heap        ] GC(425) Survivor regions: 1->1(32)
[14.693s][info ][gc,heap        ] GC(425) Old regions: 11->11
[14.693s][info ][gc,heap        ] GC(425) Humongous regions: 0->0
[14.693s][info ][gc,metaspace   ] GC(425) Metaspace: 10117K(10368K)->10117K(10368K) NonClass: 9153K(9344K)->9153K(9344K) Class: 963K(1024K)->963K(1024K)
[14.693s][info ][gc             ] GC(425) Pause Young (Normal) (G1 Evacuation Pause) 256M->4M(424M) 0.596ms
[14.693s][info ][gc,cpu         ] GC(425) User=0.01s Sys=0.00s Real=0.00s
[14.705s][info ][gc,start       ] GC(426) Pause Young (Normal) (G1 Evacuation Pause)
[14.705s][info ][gc,task        ] GC(426) Using 9 workers of 9 for evacuation
[14.705s][debug][gc,age         ] GC(426) Desired survivor size 16777216 bytes, new threshold 15 (max threshold 15)
[14.706s][info ][gc,phases      ] GC(426)   Pre Evacuate Collection Set: 0.10ms
[14.706s][info ][gc,phases      ] GC(426)   Merge Heap Roots: 0.05ms
[14.706s][info ][gc,phases      ] GC(426)   Evacuate Collection Set: 0.11ms
[14.706s][info ][gc,phases      ] GC(426)   Post Evacuate Collection Set: 0.23ms
[14.706s][info ][gc,phases      ] GC(426)   Other: 0.05ms
[14.706s][trace][gc,age         ] GC(426) Age table:
[14.706s][trace][gc,age         ] GC(426) - age   1:        192 bytes,        192 total
[14.706s][info ][gc,heap        ] GC(426) Eden regions: 253->0(253)
[14.706s][info ][gc,heap        ] GC(426) Survivor regions: 1->1(32)
[14.706s][info ][gc,heap        ] GC(426) Old regions: 11->11
[14.706s][info ][gc,heap        ] GC(426) Humongous regions: 0->0
[14.706s][info ][gc,metaspace   ] GC(426) Metaspace: 10117K(10368K)->10117K(10368K) NonClass: 9153K(9344K)->9153K(9344K) Class: 963K(1024K)->963K(1024K)
[14.706s][info ][gc             ] GC(426) Pause Young (Normal) (G1 Evacuation Pause) 256M->4M(424M) 0.626ms
[14.706s][info ][gc,cpu         ] GC(426) User=0.00s Sys=0.00s Real=0.00s
[14.718s][info ][gc,start       ] GC(427) Pause Young (Normal) (G1 Evacuation Pause)
[14.718s][info ][gc,task        ] GC(427) Using 9 workers of 9 for evacuation
[14.718s][debug][gc,age         ] GC(427) Desired survivor size 16777216 bytes, new threshold 15 (max threshold 15)
[14.719s][info ][gc,phases      ] GC(427)   Pre Evacuate Collection Set: 0.10ms
[14.719s][info ][gc,phases      ] GC(427)   Merge Heap Roots: 0.03ms
[14.719s][info ][gc,phases      ] GC(427)   Evacuate Collection Set: 0.12ms
[14.719s][info ][gc,phases      ] GC(427)   Post Evacuate Collection Set: 0.18ms
[14.719s][info ][gc,phases      ] GC(427)   Other: 0.05ms
[14.719s][trace][gc,age         ] GC(427) Age table:
[14.719s][trace][gc,age         ] GC(427) - age   1:        192 bytes,        192 total
[14.719s][info ][gc,heap        ] GC(427) Eden regions: 253->0(253)
[14.719s][info ][gc,heap        ] GC(427) Survivor regions: 1->1(32)
[14.719s][info ][gc,heap        ] GC(427) Old regions: 11->11
[14.719s][info ][gc,heap        ] GC(427) Humongous regions: 0->0
[14.719s][info ][gc,metaspace   ] GC(427) Metaspace: 10117K(10368K)->10117K(10368K) NonClass: 9153K(9344K)->9153K(9344K) Class: 963K(1024K)->963K(1024K)
[14.719s][info ][gc             ] GC(427) Pause Young (Normal) (G1 Evacuation Pause) 256M->4M(424M) 0.595ms
[14.719s][info ][gc,cpu         ] GC(427) User=0.00s Sys=0.00s Real=0.00s
[14.731s][info ][gc,start       ] GC(428) Pause Young (Normal) (G1 Evacuation Pause)
[14.731s][info ][gc,task        ] GC(428) Using 9 workers of 9 for evacuation
[14.731s][debug][gc,age         ] GC(428) Desired survivor size 16777216 bytes, new threshold 15 (max threshold 15)
[14.732s][info ][gc,phases      ] GC(428)   Pre Evacuate Collection Set: 0.07ms
[14.732s][info ][gc,phases      ] GC(428)   Merge Heap Roots: 0.07ms
[14.732s][info ][gc,phases      ] GC(428)   Evacuate Collection Set: 0.09ms
[14.732s][info ][gc,phases      ] GC(428)   Post Evacuate Collection Set: 0.21ms
[14.732s][info ][gc,phases      ] GC(428)   Other: 0.05ms
[14.732s][trace][gc,age         ] GC(428) Age table:
[14.732s][trace][gc,age         ] GC(428) - age   1:        192 bytes,        192 total
[14.732s][info ][gc,heap        ] GC(428) Eden regions: 253->0(253)
[14.732s][info ][gc,heap        ] GC(428) Survivor regions: 1->1(32)
[14.732s][info ][gc,heap        ] GC(428) Old regions: 11->11
[14.732s][info ][gc,heap        ] GC(428) Humongous regions: 0->0
[14.732s][info ][gc,metaspace   ] GC(428) Metaspace: 10117K(10368K)->10117K(10368K) NonClass: 9153K(9344K)->9153K(9344K) Class: 963K(1024K)->963K(1024K)
[14.732s][info ][gc             ] GC(428) Pause Young (Normal) (G1 Evacuation Pause) 256M->4M(424M) 0.581ms
[14.732s][info ][gc,cpu         ] GC(428) User=0.01s Sys=0.00s Real=0.00s
[14.744s][info ][gc,start       ] GC(429) Pause Young (Normal) (G1 Evacuation Pause)
[14.744s][info ][gc,task        ] GC(429) Using 9 workers of 9 for evacuation
[14.744s][debug][gc,age         ] GC(429) Desired survivor size 16777216 bytes, new threshold 15 (max threshold 15)
[14.745s][info ][gc,phases      ] GC(429)   Pre Evacuate Collection Set: 0.07ms
[14.745s][info ][gc,phases      ] GC(429)   Merge Heap Roots: 0.12ms
[14.745s][info ][gc,phases      ] GC(429)   Evacuate Collection Set: 0.13ms
[14.745s][info ][gc,phases      ] GC(429)   Post Evacuate Collection Set: 0.19ms
[14.745s][info ][gc,phases      ] GC(429)   Other: 0.05ms
[14.745s][trace][gc,age         ] GC(429) Age table:
[14.745s][trace][gc,age         ] GC(429) - age   1:        192 bytes,        192 total
[14.745s][info ][gc,heap        ] GC(429) Eden regions: 253->0(253)
[14.745s][info ][gc,heap        ] GC(429) Survivor regions: 1->1(32)
[14.745s][info ][gc,heap        ] GC(429) Old regions: 11->11
[14.745s][info ][gc,heap        ] GC(429) Humongous regions: 0->0
[14.745s][info ][gc,metaspace   ] GC(429) Metaspace: 10117K(10368K)->10117K(10368K) NonClass: 9153K(9344K)->9153K(9344K) Class: 963K(1024K)->963K(1024K)
[14.745s][info ][gc             ] GC(429) Pause Young (Normal) (G1 Evacuation Pause) 256M->4M(424M) 0.661ms
[14.745s][info ][gc,cpu         ] GC(429) User=0.00s Sys=0.00s Real=0.01s
[14.758s][info ][gc,start       ] GC(430) Pause Young (Normal) (G1 Evacuation Pause)
[14.758s][info ][gc,task        ] GC(430) Using 9 workers of 9 for evacuation
[14.758s][debug][gc,age         ] GC(430) Desired survivor size 16777216 bytes, new threshold 15 (max threshold 15)
[14.758s][info ][gc,phases      ] GC(430)   Pre Evacuate Collection Set: 0.14ms
[14.758s][info ][gc,phases      ] GC(430)   Merge Heap Roots: 0.07ms
[14.758s][info ][gc,phases      ] GC(430)   Evacuate Collection Set: 0.08ms
[14.758s][info ][gc,phases      ] GC(430)   Post Evacuate Collection Set: 0.20ms
[14.758s][info ][gc,phases      ] GC(430)   Other: 0.05ms
[14.758s][trace][gc,age         ] GC(430) Age table:
[14.758s][trace][gc,age         ] GC(430) - age   1:        192 bytes,        192 total
[14.758s][info ][gc,heap        ] GC(430) Eden regions: 253->0(253)
[14.758s][info ][gc,heap        ] GC(430) Survivor regions: 1->1(32)
[14.758s][info ][gc,heap        ] GC(430) Old regions: 11->11
[14.758s][info ][gc,heap        ] GC(430) Humongous regions: 0->0
[14.758s][info ][gc,metaspace   ] GC(430) Metaspace: 10117K(10368K)->10117K(10368K) NonClass: 9153K(9344K)->9153K(9344K) Class: 963K(1024K)->963K(1024K)
[14.758s][info ][gc             ] GC(430) Pause Young (Normal) (G1 Evacuation Pause) 256M->4M(424M) 0.620ms
[14.758s][info ][gc,cpu         ] GC(430) User=0.01s Sys=0.00s Real=0.00s
[14.771s][info ][gc,start       ] GC(431) Pause Young (Normal) (G1 Evacuation Pause)
[14.771s][info ][gc,task        ] GC(431) Using 9 workers of 9 for evacuation
[14.771s][debug][gc,age         ] GC(431) Desired survivor size 16777216 bytes, new threshold 15 (max threshold 15)
[14.771s][info ][gc,phases      ] GC(431)   Pre Evacuate Collection Set: 0.07ms
[14.771s][info ][gc,phases      ] GC(431)   Merge Heap Roots: 0.11ms
[14.771s][info ][gc,phases      ] GC(431)   Evacuate Collection Set: 0.11ms
[14.771s][info ][gc,phases      ] GC(431)   Post Evacuate Collection Set: 0.19ms
[14.771s][info ][gc,phases      ] GC(431)   Other: 0.04ms
[14.771s][trace][gc,age         ] GC(431) Age table:
[14.771s][trace][gc,age         ] GC(431) - age   1:        192 bytes,        192 total
[14.771s][info ][gc,heap        ] GC(431) Eden regions: 253->0(253)
[14.771s][info ][gc,heap        ] GC(431) Survivor regions: 1->1(32)
[14.771s][info ][gc,heap        ] GC(431) Old regions: 11->11
[14.771s][info ][gc,heap        ] GC(431) Humongous regions: 0->0
[14.771s][info ][gc,metaspace   ] GC(431) Metaspace: 10117K(10368K)->10117K(10368K) NonClass: 9153K(9344K)->9153K(9344K) Class: 963K(1024K)->963K(1024K)
[14.771s][info ][gc             ] GC(431) Pause Young (Normal) (G1 Evacuation Pause) 256M->4M(424M) 0.623ms
[14.771s][info ][gc,cpu         ] GC(431) User=0.00s Sys=0.00s Real=0.00s
[14.784s][info ][gc,start       ] GC(432) Pause Young (Normal) (G1 Evacuation Pause)
[14.784s][info ][gc,task        ] GC(432) Using 9 workers of 9 for evacuation
[14.784s][debug][gc,age         ] GC(432) Desired survivor size 16777216 bytes, new threshold 15 (max threshold 15)
[14.784s][info ][gc,phases      ] GC(432)   Pre Evacuate Collection Set: 0.08ms
[14.784s][info ][gc,phases      ] GC(432)   Merge Heap Roots: 0.05ms
[14.784s][info ][gc,phases      ] GC(432)   Evacuate Collection Set: 0.12ms
[14.784s][info ][gc,phases      ] GC(432)   Post Evacuate Collection Set: 0.19ms
[14.784s][info ][gc,phases      ] GC(432)   Other: 0.04ms
[14.784s][trace][gc,age         ] GC(432) Age table:
[14.784s][trace][gc,age         ] GC(432) - age   1:        192 bytes,        192 total
[14.784s][info ][gc,heap        ] GC(432) Eden regions: 253->0(253)
[14.784s][info ][gc,heap        ] GC(432) Survivor regions: 1->1(32)
[14.784s][info ][gc,heap        ] GC(432) Old regions: 11->11
[14.784s][info ][gc,heap        ] GC(432) Humongous regions: 0->0
[14.784s][info ][gc,metaspace   ] GC(432) Metaspace: 10117K(10368K)->10117K(10368K) NonClass: 9153K(9344K)->9153K(9344K) Class: 963K(1024K)->963K(1024K)
[14.784s][info ][gc             ] GC(432) Pause Young (Normal) (G1 Evacuation Pause) 256M->4M(424M) 0.581ms
[14.784s][info ][gc,cpu         ] GC(432) User=0.00s Sys=0.00s Real=0.00s
[14.797s][info ][gc,start       ] GC(433) Pause Young (Normal) (G1 Evacuation Pause)
[14.797s][info ][gc,task        ] GC(433) Using 9 workers of 9 for evacuation
[14.797s][debug][gc,age         ] GC(433) Desired survivor size 16777216 bytes, new threshold 15 (max threshold 15)
[14.797s][info ][gc,phases      ] GC(433)   Pre Evacuate Collection Set: 0.09ms
[14.797s][info ][gc,phases      ] GC(433)   Merge Heap Roots: 0.08ms
[14.797s][info ][gc,phases      ] GC(433)   Evacuate Collection Set: 0.09ms
[14.797s][info ][gc,phases      ] GC(433)   Post Evacuate Collection Set: 0.20ms
[14.797s][info ][gc,phases      ] GC(433)   Other: 0.06ms
[14.797s][trace][gc,age         ] GC(433) Age table:
[14.797s][trace][gc,age         ] GC(433) - age   1:        192 bytes,        192 total
[14.797s][info ][gc,heap        ] GC(433) Eden regions: 253->0(253)
[14.797s][info ][gc,heap        ] GC(433) Survivor regions: 1->1(32)
[14.797s][info ][gc,heap        ] GC(433) Old regions: 11->11
[14.797s][info ][gc,heap        ] GC(433) Humongous regions: 0->0
[14.797s][info ][gc,metaspace   ] GC(433) Metaspace: 10117K(10368K)->10117K(10368K) NonClass: 9153K(9344K)->9153K(9344K) Class: 963K(1024K)->963K(1024K)
[14.797s][info ][gc             ] GC(433) Pause Young (Normal) (G1 Evacuation Pause) 256M->4M(424M) 0.634ms
[14.797s][info ][gc,cpu         ] GC(433) User=0.01s Sys=0.00s Real=0.00s
[14.810s][info ][gc,start       ] GC(434) Pause Young (Normal) (G1 Evacuation Pause)
[14.810s][info ][gc,task        ] GC(434) Using 9 workers of 9 for evacuation
[14.810s][debug][gc,age         ] GC(434) Desired survivor size 16777216 bytes, new threshold 15 (max threshold 15)
[14.810s][info ][gc,phases      ] GC(434)   Pre Evacuate Collection Set: 0.14ms
[14.810s][info ][gc,phases      ] GC(434)   Merge Heap Roots: 0.03ms
[14.810s][info ][gc,phases      ] GC(434)   Evacuate Collection Set: 0.09ms
[14.810s][info ][gc,phases      ] GC(434)   Post Evacuate Collection Set: 0.19ms
[14.810s][info ][gc,phases      ] GC(434)   Other: 0.05ms
[14.810s][trace][gc,age         ] GC(434) Age table:
[14.810s][trace][gc,age         ] GC(434) - age   1:        192 bytes,        192 total
[14.810s][info ][gc,heap        ] GC(434) Eden regions: 253->0(253)
[14.810s][info ][gc,heap        ] GC(434) Survivor regions: 1->1(32)
[14.810s][info ][gc,heap        ] GC(434) Old regions: 11->11
[14.810s][info ][gc,heap        ] GC(434) Humongous regions: 0->0
[14.810s][info ][gc,metaspace   ] GC(434) Metaspace: 10117K(10368K)->10117K(10368K) NonClass: 9153K(9344K)->9153K(9344K) Class: 963K(1024K)->963K(1024K)
[14.810s][info ][gc             ] GC(434) Pause Young (Normal) (G1 Evacuation Pause) 256M->4M(424M) 0.584ms
[14.810s][info ][gc,cpu         ] GC(434) User=0.00s Sys=0.00s Real=0.00s
[14.823s][info ][gc,start       ] GC(435) Pause Young (Normal) (G1 Evacuation Pause)
[14.823s][info ][gc,task        ] GC(435) Using 9 workers of 9 for evacuation
[14.823s][debug][gc,age         ] GC(435) Desired survivor size 16777216 bytes, new threshold 15 (max threshold 15)
[14.823s][info ][gc,phases      ] GC(435)   Pre Evacuate Collection Set: 0.07ms
[14.823s][info ][gc,phases      ] GC(435)   Merge Heap Roots: 0.07ms
[14.823s][info ][gc,phases      ] GC(435)   Evacuate Collection Set: 0.09ms
[14.823s][info ][gc,phases      ] GC(435)   Post Evacuate Collection Set: 0.20ms
[14.823s][info ][gc,phases      ] GC(435)   Other: 0.05ms
[14.823s][trace][gc,age         ] GC(435) Age table:
[14.823s][trace][gc,age         ] GC(435) - age   1:        192 bytes,        192 total
[14.823s][info ][gc,heap        ] GC(435) Eden regions: 253->0(253)
[14.823s][info ][gc,heap        ] GC(435) Survivor regions: 1->1(32)
[14.823s][info ][gc,heap        ] GC(435) Old regions: 11->11
[14.823s][info ][gc,heap        ] GC(435) Humongous regions: 0->0
[14.823s][info ][gc,metaspace   ] GC(435) Metaspace: 10117K(10368K)->10117K(10368K) NonClass: 9153K(9344K)->9153K(9344K) Class: 963K(1024K)->963K(1024K)
[14.823s][info ][gc             ] GC(435) Pause Young (Normal) (G1 Evacuation Pause) 256M->4M(424M) 0.554ms
[14.823s][info ][gc,cpu         ] GC(435) User=0.01s Sys=0.00s Real=0.00s
[14.836s][info ][gc,start       ] GC(436) Pause Young (Normal) (G1 Evacuation Pause)
[14.836s][info ][gc,task        ] GC(436) Using 9 workers of 9 for evacuation
[14.836s][debug][gc,age         ] GC(436) Desired survivor size 16777216 bytes, new threshold 15 (max threshold 15)
[14.836s][info ][gc,phases      ] GC(436)   Pre Evacuate Collection Set: 0.09ms
[14.836s][info ][gc,phases      ] GC(436)   Merge Heap Roots: 0.05ms
[14.836s][info ][gc,phases      ] GC(436)   Evacuate Collection Set: 0.12ms
[14.836s][info ][gc,phases      ] GC(436)   Post Evacuate Collection Set: 0.18ms
[14.836s][info ][gc,phases      ] GC(436)   Other: 0.04ms
[14.836s][trace][gc,age         ] GC(436) Age table:
[14.836s][trace][gc,age         ] GC(436) - age   1:        192 bytes,        192 total
[14.836s][info ][gc,heap        ] GC(436) Eden regions: 253->0(253)
[14.836s][info ][gc,heap        ] GC(436) Survivor regions: 1->1(32)
[14.836s][info ][gc,heap        ] GC(436) Old regions: 11->11
[14.836s][info ][gc,heap        ] GC(436) Humongous regions: 0->0
[14.836s][info ][gc,metaspace   ] GC(436) Metaspace: 10117K(10368K)->10117K(10368K) NonClass: 9153K(9344K)->9153K(9344K) Class: 963K(1024K)->963K(1024K)
[14.837s][info ][gc             ] GC(436) Pause Young (Normal) (G1 Evacuation Pause) 256M->4M(424M) 0.567ms
[14.837s][info ][gc,cpu         ] GC(436) User=0.00s Sys=0.00s Real=0.00s
[14.849s][info ][gc,start       ] GC(437) Pause Young (Normal) (G1 Evacuation Pause)
[14.849s][info ][gc,task        ] GC(437) Using 9 workers of 9 for evacuation
[14.849s][debug][gc,age         ] GC(437) Desired survivor size 16777216 bytes, new threshold 15 (max threshold 15)
[14.849s][info ][gc,phases      ] GC(437)   Pre Evacuate Collection Set: 0.07ms
[14.849s][info ][gc,phases      ] GC(437)   Merge Heap Roots: 0.06ms
[14.849s][info ][gc,phases      ] GC(437)   Evacuate Collection Set: 0.10ms
[14.849s][info ][gc,phases      ] GC(437)   Post Evacuate Collection Set: 0.18ms
[14.849s][info ][gc,phases      ] GC(437)   Other: 0.04ms
[14.849s][trace][gc,age         ] GC(437) Age table:
[14.849s][trace][gc,age         ] GC(437) - age   1:        192 bytes,        192 total
[14.849s][info ][gc,heap        ] GC(437) Eden regions: 253->0(253)
[14.849s][info ][gc,heap        ] GC(437) Survivor regions: 1->1(32)
[14.849s][info ][gc,heap        ] GC(437) Old regions: 11->11
[14.849s][info ][gc,heap        ] GC(437) Humongous regions: 0->0
[14.849s][info ][gc,metaspace   ] GC(437) Metaspace: 10117K(10368K)->10117K(10368K) NonClass: 9153K(9344K)->9153K(9344K) Class: 963K(1024K)->963K(1024K)
[14.850s][info ][gc             ] GC(437) Pause Young (Normal) (G1 Evacuation Pause) 256M->4M(424M) 0.534ms
[14.850s][info ][gc,cpu         ] GC(437) User=0.00s Sys=0.00s Real=0.00s
[14.862s][info ][gc,start       ] GC(438) Pause Young (Normal) (G1 Evacuation Pause)
[14.862s][info ][gc,task        ] GC(438) Using 9 workers of 9 for evacuation
[14.862s][debug][gc,age         ] GC(438) Desired survivor size 16777216 bytes, new threshold 15 (max threshold 15)
[14.862s][info ][gc,phases      ] GC(438)   Pre Evacuate Collection Set: 0.08ms
[14.862s][info ][gc,phases      ] GC(438)   Merge Heap Roots: 0.10ms
[14.862s][info ][gc,phases      ] GC(438)   Evacuate Collection Set: 0.11ms
[14.862s][info ][gc,phases      ] GC(438)   Post Evacuate Collection Set: 0.19ms
[14.862s][info ][gc,phases      ] GC(438)   Other: 0.04ms
[14.862s][trace][gc,age         ] GC(438) Age table:
[14.862s][trace][gc,age         ] GC(438) - age   1:        192 bytes,        192 total
[14.862s][info ][gc,heap        ] GC(438) Eden regions: 253->0(253)
[14.862s][info ][gc,heap        ] GC(438) Survivor regions: 1->1(32)
[14.863s][info ][gc,heap        ] GC(438) Old regions: 11->11
[14.863s][info ][gc,heap        ] GC(438) Humongous regions: 0->0
[14.863s][info ][gc,metaspace   ] GC(438) Metaspace: 10117K(10368K)->10117K(10368K) NonClass: 9153K(9344K)->9153K(9344K) Class: 963K(1024K)->963K(1024K)
[14.863s][info ][gc             ] GC(438) Pause Young (Normal) (G1 Evacuation Pause) 256M->4M(424M) 0.603ms
[14.863s][info ][gc,cpu         ] GC(438) User=0.01s Sys=0.00s Real=0.00s
[14.875s][info ][gc,start       ] GC(439) Pause Young (Normal) (G1 Evacuation Pause)
[14.875s][info ][gc,task        ] GC(439) Using 9 workers of 9 for evacuation
[14.875s][debug][gc,age         ] GC(439) Desired survivor size 16777216 bytes, new threshold 15 (max threshold 15)
[14.875s][info ][gc,phases      ] GC(439)   Pre Evacuate Collection Set: 0.07ms
[14.875s][info ][gc,phases      ] GC(439)   Merge Heap Roots: 0.07ms
[14.875s][info ][gc,phases      ] GC(439)   Evacuate Collection Set: 0.11ms
[14.876s][info ][gc,phases      ] GC(439)   Post Evacuate Collection Set: 0.14ms
[14.876s][info ][gc,phases      ] GC(439)   Other: 0.05ms
[14.876s][trace][gc,age         ] GC(439) Age table:
[14.876s][trace][gc,age         ] GC(439) - age   1:        192 bytes,        192 total
[14.876s][info ][gc,heap        ] GC(439) Eden regions: 253->0(253)
[14.876s][info ][gc,heap        ] GC(439) Survivor regions: 1->1(32)
[14.876s][info ][gc,heap        ] GC(439) Old regions: 11->11
[14.876s][info ][gc,heap        ] GC(439) Humongous regions: 0->0
[14.876s][info ][gc,metaspace   ] GC(439) Metaspace: 10117K(10368K)->10117K(10368K) NonClass: 9153K(9344K)->9153K(9344K) Class: 963K(1024K)->963K(1024K)
[14.876s][info ][gc             ] GC(439) Pause Young (Normal) (G1 Evacuation Pause) 256M->4M(424M) 0.529ms
[14.876s][info ][gc,cpu         ] GC(439) User=0.00s Sys=0.00s Real=0.01s
[14.888s][info ][gc,start       ] GC(440) Pause Young (Normal) (G1 Evacuation Pause)
[14.888s][info ][gc,task        ] GC(440) Using 9 workers of 9 for evacuation
[14.888s][debug][gc,age         ] GC(440) Desired survivor size 16777216 bytes, new threshold 15 (max threshold 15)
[14.889s][info ][gc,phases      ] GC(440)   Pre Evacuate Collection Set: 0.09ms
[14.889s][info ][gc,phases      ] GC(440)   Merge Heap Roots: 0.08ms
[14.889s][info ][gc,phases      ] GC(440)   Evacuate Collection Set: 0.09ms
[14.889s][info ][gc,phases      ] GC(440)   Post Evacuate Collection Set: 0.19ms
[14.889s][info ][gc,phases      ] GC(440)   Other: 0.05ms
[14.889s][trace][gc,age         ] GC(440) Age table:
[14.889s][trace][gc,age         ] GC(440) - age   1:        192 bytes,        192 total
[14.889s][info ][gc,heap        ] GC(440) Eden regions: 253->0(253)
[14.889s][info ][gc,heap        ] GC(440) Survivor regions: 1->1(32)
[14.889s][info ][gc,heap        ] GC(440) Old regions: 11->11
[14.889s][info ][gc,heap        ] GC(440) Humongous regions: 0->0
[14.889s][info ][gc,metaspace   ] GC(440) Metaspace: 10117K(10368K)->10117K(10368K) NonClass: 9153K(9344K)->9153K(9344K) Class: 963K(1024K)->963K(1024K)
[14.889s][info ][gc             ] GC(440) Pause Young (Normal) (G1 Evacuation Pause) 256M->4M(424M) 0.599ms
[14.889s][info ][gc,cpu         ] GC(440) User=0.01s Sys=0.00s Real=0.00s
[14.903s][info ][gc,start       ] GC(441) Pause Young (Normal) (G1 Evacuation Pause)
[14.903s][info ][gc,task        ] GC(441) Using 9 workers of 9 for evacuation
[14.903s][debug][gc,age         ] GC(441) Desired survivor size 16777216 bytes, new threshold 15 (max threshold 15)
[14.903s][info ][gc,phases      ] GC(441)   Pre Evacuate Collection Set: 0.12ms
[14.903s][info ][gc,phases      ] GC(441)   Merge Heap Roots: 0.07ms
[14.903s][info ][gc,phases      ] GC(441)   Evacuate Collection Set: 0.09ms
[14.903s][info ][gc,phases      ] GC(441)   Post Evacuate Collection Set: 0.21ms
[14.903s][info ][gc,phases      ] GC(441)   Other: 0.05ms
[14.903s][trace][gc,age         ] GC(441) Age table:
[14.903s][trace][gc,age         ] GC(441) - age   1:        192 bytes,        192 total
[14.903s][info ][gc,heap        ] GC(441) Eden regions: 253->0(253)
[14.903s][info ][gc,heap        ] GC(441) Survivor regions: 1->1(32)
[14.903s][info ][gc,heap        ] GC(441) Old regions: 11->11
[14.903s][info ][gc,heap        ] GC(441) Humongous regions: 0->0
[14.903s][info ][gc,metaspace   ] GC(441) Metaspace: 10117K(10368K)->10117K(10368K) NonClass: 9153K(9344K)->9153K(9344K) Class: 963K(1024K)->963K(1024K)
[14.903s][info ][gc             ] GC(441) Pause Young (Normal) (G1 Evacuation Pause) 256M->4M(424M) 0.644ms
[14.903s][info ][gc,cpu         ] GC(441) User=0.00s Sys=0.00s Real=0.00s
[14.916s][info ][gc,start       ] GC(442) Pause Young (Normal) (G1 Evacuation Pause)
[14.916s][info ][gc,task        ] GC(442) Using 9 workers of 9 for evacuation
[14.916s][debug][gc,age         ] GC(442) Desired survivor size 16777216 bytes, new threshold 15 (max threshold 15)
[14.917s][info ][gc,phases      ] GC(442)   Pre Evacuate Collection Set: 0.07ms
[14.917s][info ][gc,phases      ] GC(442)   Merge Heap Roots: 0.06ms
[14.917s][info ][gc,phases      ] GC(442)   Evacuate Collection Set: 0.11ms
[14.917s][info ][gc,phases      ] GC(442)   Post Evacuate Collection Set: 0.18ms
[14.917s][info ][gc,phases      ] GC(442)   Other: 0.06ms
[14.917s][trace][gc,age         ] GC(442) Age table:
[14.917s][trace][gc,age         ] GC(442) - age   1:        192 bytes,        192 total
[14.917s][info ][gc,heap        ] GC(442) Eden regions: 253->0(253)
[14.917s][info ][gc,heap        ] GC(442) Survivor regions: 1->1(32)
[14.917s][info ][gc,heap        ] GC(442) Old regions: 11->11
[14.917s][info ][gc,heap        ] GC(442) Humongous regions: 0->0
[14.917s][info ][gc,metaspace   ] GC(442) Metaspace: 10117K(10368K)->10117K(10368K) NonClass: 9153K(9344K)->9153K(9344K) Class: 963K(1024K)->963K(1024K)
[14.917s][info ][gc             ] GC(442) Pause Young (Normal) (G1 Evacuation Pause) 256M->4M(424M) 0.586ms
[14.917s][info ][gc,cpu         ] GC(442) User=0.00s Sys=0.00s Real=0.00s
[14.931s][info ][gc,start       ] GC(443) Pause Young (Normal) (G1 Evacuation Pause)
[14.931s][info ][gc,task        ] GC(443) Using 9 workers of 9 for evacuation
[14.931s][debug][gc,age         ] GC(443) Desired survivor size 16777216 bytes, new threshold 15 (max threshold 15)
[14.931s][info ][gc,phases      ] GC(443)   Pre Evacuate Collection Set: 0.09ms
[14.931s][info ][gc,phases      ] GC(443)   Merge Heap Roots: 0.10ms
[14.931s][info ][gc,phases      ] GC(443)   Evacuate Collection Set: 0.11ms
[14.931s][info ][gc,phases      ] GC(443)   Post Evacuate Collection Set: 0.20ms
[14.931s][info ][gc,phases      ] GC(443)   Other: 0.06ms
[14.931s][trace][gc,age         ] GC(443) Age table:
[14.931s][trace][gc,age         ] GC(443) - age   1:        192 bytes,        192 total
[14.931s][info ][gc,heap        ] GC(443) Eden regions: 253->0(253)
[14.931s][info ][gc,heap        ] GC(443) Survivor regions: 1->1(32)
[14.931s][info ][gc,heap        ] GC(443) Old regions: 11->11
[14.931s][info ][gc,heap        ] GC(443) Humongous regions: 0->0
[14.931s][info ][gc,metaspace   ] GC(443) Metaspace: 10117K(10368K)->10117K(10368K) NonClass: 9153K(9344K)->9153K(9344K) Class: 963K(1024K)->963K(1024K)
[14.931s][info ][gc             ] GC(443) Pause Young (Normal) (G1 Evacuation Pause) 256M->4M(424M) 0.657ms
[14.931s][info ][gc,cpu         ] GC(443) User=0.01s Sys=0.00s Real=0.00s
[14.945s][info ][gc,start       ] GC(444) Pause Young (Normal) (G1 Evacuation Pause)
[14.945s][info ][gc,task        ] GC(444) Using 9 workers of 9 for evacuation
[14.945s][debug][gc,age         ] GC(444) Desired survivor size 16777216 bytes, new threshold 15 (max threshold 15)
[14.946s][info ][gc,phases      ] GC(444)   Pre Evacuate Collection Set: 0.11ms
[14.946s][info ][gc,phases      ] GC(444)   Merge Heap Roots: 0.04ms
[14.946s][info ][gc,phases      ] GC(444)   Evacuate Collection Set: 0.11ms
[14.946s][info ][gc,phases      ] GC(444)   Post Evacuate Collection Set: 0.19ms
[14.946s][info ][gc,phases      ] GC(444)   Other: 0.07ms
[14.946s][trace][gc,age         ] GC(444) Age table:
[14.946s][trace][gc,age         ] GC(444) - age   1:        192 bytes,        192 total
[14.946s][info ][gc,heap        ] GC(444) Eden regions: 253->0(253)
[14.946s][info ][gc,heap        ] GC(444) Survivor regions: 1->1(32)
[14.946s][info ][gc,heap        ] GC(444) Old regions: 11->11
[14.946s][info ][gc,heap        ] GC(444) Humongous regions: 0->0
[14.946s][info ][gc,metaspace   ] GC(444) Metaspace: 10117K(10368K)->10117K(10368K) NonClass: 9153K(9344K)->9153K(9344K) Class: 963K(1024K)->963K(1024K)
[14.946s][info ][gc             ] GC(444) Pause Young (Normal) (G1 Evacuation Pause) 256M->4M(424M) 0.640ms
[14.946s][info ][gc,cpu         ] GC(444) User=0.01s Sys=0.00s Real=0.01s
[14.959s][info ][gc,start       ] GC(445) Pause Young (Normal) (G1 Evacuation Pause)
[14.959s][info ][gc,task        ] GC(445) Using 9 workers of 9 for evacuation
[14.959s][debug][gc,age         ] GC(445) Desired survivor size 16777216 bytes, new threshold 15 (max threshold 15)
[14.960s][info ][gc,phases      ] GC(445)   Pre Evacuate Collection Set: 0.08ms
[14.960s][info ][gc,phases      ] GC(445)   Merge Heap Roots: 0.09ms
[14.960s][info ][gc,phases      ] GC(445)   Evacuate Collection Set: 0.11ms
[14.960s][info ][gc,phases      ] GC(445)   Post Evacuate Collection Set: 0.20ms
[14.960s][info ][gc,phases      ] GC(445)   Other: 0.06ms
[14.960s][trace][gc,age         ] GC(445) Age table:
[14.960s][trace][gc,age         ] GC(445) - age   1:        192 bytes,        192 total
[14.960s][info ][gc,heap        ] GC(445) Eden regions: 253->0(253)
[14.960s][info ][gc,heap        ] GC(445) Survivor regions: 1->1(32)
[14.960s][info ][gc,heap        ] GC(445) Old regions: 11->11
[14.960s][info ][gc,heap        ] GC(445) Humongous regions: 0->0
[14.960s][info ][gc,metaspace   ] GC(445) Metaspace: 10117K(10368K)->10117K(10368K) NonClass: 9153K(9344K)->9153K(9344K) Class: 963K(1024K)->963K(1024K)
[14.960s][info ][gc             ] GC(445) Pause Young (Normal) (G1 Evacuation Pause) 256M->4M(424M) 0.648ms
[14.960s][info ][gc,cpu         ] GC(445) User=0.01s Sys=0.00s Real=0.00s
[14.972s][info ][gc,start       ] GC(446) Pause Young (Normal) (G1 Evacuation Pause)
[14.973s][info ][gc,task        ] GC(446) Using 9 workers of 9 for evacuation
[14.973s][debug][gc,age         ] GC(446) Desired survivor size 16777216 bytes, new threshold 15 (max threshold 15)
[14.973s][info ][gc,phases      ] GC(446)   Pre Evacuate Collection Set: 0.08ms
[14.973s][info ][gc,phases      ] GC(446)   Merge Heap Roots: 0.06ms
[14.973s][info ][gc,phases      ] GC(446)   Evacuate Collection Set: 0.10ms
[14.973s][info ][gc,phases      ] GC(446)   Post Evacuate Collection Set: 0.19ms
[14.973s][info ][gc,phases      ] GC(446)   Other: 0.05ms
[14.973s][trace][gc,age         ] GC(446) Age table:
[14.973s][trace][gc,age         ] GC(446) - age   1:        192 bytes,        192 total
[14.973s][info ][gc,heap        ] GC(446) Eden regions: 253->0(253)
[14.973s][info ][gc,heap        ] GC(446) Survivor regions: 1->1(32)
[14.973s][info ][gc,heap        ] GC(446) Old regions: 11->11
[14.973s][info ][gc,heap        ] GC(446) Humongous regions: 0->0
[14.973s][info ][gc,metaspace   ] GC(446) Metaspace: 10117K(10368K)->10117K(10368K) NonClass: 9153K(9344K)->9153K(9344K) Class: 963K(1024K)->963K(1024K)
[14.973s][info ][gc             ] GC(446) Pause Young (Normal) (G1 Evacuation Pause) 256M->4M(424M) 0.589ms
[14.973s][info ][gc,cpu         ] GC(446) User=0.00s Sys=0.00s Real=0.00s
[14.987s][info ][gc,start       ] GC(447) Pause Young (Normal) (G1 Evacuation Pause)
[14.987s][info ][gc,task        ] GC(447) Using 9 workers of 9 for evacuation
[14.987s][debug][gc,age         ] GC(447) Desired survivor size 16777216 bytes, new threshold 15 (max threshold 15)
[14.988s][info ][gc,phases      ] GC(447)   Pre Evacuate Collection Set: 0.10ms
[14.988s][info ][gc,phases      ] GC(447)   Merge Heap Roots: 0.10ms
[14.988s][info ][gc,phases      ] GC(447)   Evacuate Collection Set: 0.10ms
[14.988s][info ][gc,phases      ] GC(447)   Post Evacuate Collection Set: 0.19ms
[14.988s][info ][gc,phases      ] GC(447)   Other: 0.06ms
[14.988s][trace][gc,age         ] GC(447) Age table:
[14.988s][trace][gc,age         ] GC(447) - age   1:        192 bytes,        192 total
[14.988s][info ][gc,heap        ] GC(447) Eden regions: 253->0(253)
[14.988s][info ][gc,heap        ] GC(447) Survivor regions: 1->1(32)
[14.988s][info ][gc,heap        ] GC(447) Old regions: 11->11
[14.988s][info ][gc,heap        ] GC(447) Humongous regions: 0->0
[14.988s][info ][gc,metaspace   ] GC(447) Metaspace: 10117K(10368K)->10117K(10368K) NonClass: 9153K(9344K)->9153K(9344K) Class: 963K(1024K)->963K(1024K)
[14.988s][info ][gc             ] GC(447) Pause Young (Normal) (G1 Evacuation Pause) 256M->4M(424M) 0.658ms
[14.988s][info ][gc,cpu         ] GC(447) User=0.00s Sys=0.00s Real=0.00s
[15.002s][info ][gc,start       ] GC(448) Pause Young (Normal) (G1 Evacuation Pause)
[15.002s][info ][gc,task        ] GC(448) Using 9 workers of 9 for evacuation
[15.002s][debug][gc,age         ] GC(448) Desired survivor size 16777216 bytes, new threshold 15 (max threshold 15)
[15.002s][info ][gc,phases      ] GC(448)   Pre Evacuate Collection Set: 0.09ms
[15.002s][info ][gc,phases      ] GC(448)   Merge Heap Roots: 0.09ms
[15.002s][info ][gc,phases      ] GC(448)   Evacuate Collection Set: 0.10ms
[15.002s][info ][gc,phases      ] GC(448)   Post Evacuate Collection Set: 0.19ms
[15.002s][info ][gc,phases      ] GC(448)   Other: 0.06ms
[15.002s][trace][gc,age         ] GC(448) Age table:
[15.002s][trace][gc,age         ] GC(448) - age   1:        192 bytes,        192 total
[15.002s][info ][gc,heap        ] GC(448) Eden regions: 253->0(253)
[15.002s][info ][gc,heap        ] GC(448) Survivor regions: 1->1(32)
[15.002s][info ][gc,heap        ] GC(448) Old regions: 11->11
[15.002s][info ][gc,heap        ] GC(448) Humongous regions: 0->0
[15.002s][info ][gc,metaspace   ] GC(448) Metaspace: 10117K(10368K)->10117K(10368K) NonClass: 9153K(9344K)->9153K(9344K) Class: 963K(1024K)->963K(1024K)
[15.002s][info ][gc             ] GC(448) Pause Young (Normal) (G1 Evacuation Pause) 256M->4M(424M) 0.626ms
[15.002s][info ][gc,cpu         ] GC(448) User=0.01s Sys=0.00s Real=0.00s
[15.016s][info ][gc,start       ] GC(449) Pause Young (Normal) (G1 Evacuation Pause)
[15.016s][info ][gc,task        ] GC(449) Using 9 workers of 9 for evacuation
[15.016s][debug][gc,age         ] GC(449) Desired survivor size 16777216 bytes, new threshold 15 (max threshold 15)
[15.017s][info ][gc,phases      ] GC(449)   Pre Evacuate Collection Set: 0.09ms
[15.017s][info ][gc,phases      ] GC(449)   Merge Heap Roots: 0.09ms
[15.017s][info ][gc,phases      ] GC(449)   Evacuate Collection Set: 0.12ms
[15.017s][info ][gc,phases      ] GC(449)   Post Evacuate Collection Set: 0.18ms
[15.017s][info ][gc,phases      ] GC(449)   Other: 0.05ms
[15.017s][trace][gc,age         ] GC(449) Age table:
[15.017s][trace][gc,age         ] GC(449) - age   1:        192 bytes,        192 total
[15.017s][info ][gc,heap        ] GC(449) Eden regions: 253->0(253)
[15.017s][info ][gc,heap        ] GC(449) Survivor regions: 1->1(32)
[15.017s][info ][gc,heap        ] GC(449) Old regions: 11->11
[15.017s][info ][gc,heap        ] GC(449) Humongous regions: 0->0
[15.017s][info ][gc,metaspace   ] GC(449) Metaspace: 10117K(10368K)->10117K(10368K) NonClass: 9153K(9344K)->9153K(9344K) Class: 963K(1024K)->963K(1024K)
[15.017s][info ][gc             ] GC(449) Pause Young (Normal) (G1 Evacuation Pause) 256M->4M(424M) 0.625ms
[15.017s][info ][gc,cpu         ] GC(449) User=0.00s Sys=0.00s Real=0.00s
[15.030s][info ][gc,start       ] GC(450) Pause Young (Normal) (G1 Evacuation Pause)
[15.030s][info ][gc,task        ] GC(450) Using 9 workers of 9 for evacuation
[15.030s][debug][gc,age         ] GC(450) Desired survivor size 16777216 bytes, new threshold 15 (max threshold 15)
[15.031s][info ][gc,phases      ] GC(450)   Pre Evacuate Collection Set: 0.12ms
[15.031s][info ][gc,phases      ] GC(450)   Merge Heap Roots: 0.07ms
[15.031s][info ][gc,phases      ] GC(450)   Evacuate Collection Set: 0.12ms
[15.031s][info ][gc,phases      ] GC(450)   Post Evacuate Collection Set: 0.17ms
[15.031s][info ][gc,phases      ] GC(450)   Other: 0.06ms
[15.031s][trace][gc,age         ] GC(450) Age table:
[15.031s][trace][gc,age         ] GC(450) - age   1:        192 bytes,        192 total
[15.031s][info ][gc,heap        ] GC(450) Eden regions: 253->0(253)
[15.031s][info ][gc,heap        ] GC(450) Survivor regions: 1->1(32)
[15.031s][info ][gc,heap        ] GC(450) Old regions: 11->11
[15.031s][info ][gc,heap        ] GC(450) Humongous regions: 0->0
[15.031s][info ][gc,metaspace   ] GC(450) Metaspace: 10117K(10368K)->10117K(10368K) NonClass: 9153K(9344K)->9153K(9344K) Class: 963K(1024K)->963K(1024K)
[15.031s][info ][gc             ] GC(450) Pause Young (Normal) (G1 Evacuation Pause) 256M->4M(424M) 0.652ms
[15.031s][info ][gc,cpu         ] GC(450) User=0.01s Sys=0.00s Real=0.00s
[15.043s][info ][gc,start       ] GC(451) Pause Young (Normal) (G1 Evacuation Pause)
[15.043s][info ][gc,task        ] GC(451) Using 9 workers of 9 for evacuation
[15.043s][debug][gc,age         ] GC(451) Desired survivor size 16777216 bytes, new threshold 15 (max threshold 15)
[15.044s][info ][gc,phases      ] GC(451)   Pre Evacuate Collection Set: 0.10ms
[15.044s][info ][gc,phases      ] GC(451)   Merge Heap Roots: 0.08ms
[15.044s][info ][gc,phases      ] GC(451)   Evacuate Collection Set: 0.09ms
[15.044s][info ][gc,phases      ] GC(451)   Post Evacuate Collection Set: 0.21ms
[15.044s][info ][gc,phases      ] GC(451)   Other: 0.04ms
[15.044s][trace][gc,age         ] GC(451) Age table:
[15.044s][trace][gc,age         ] GC(451) - age   1:        192 bytes,        192 total
[15.044s][info ][gc,heap        ] GC(451) Eden regions: 253->0(253)
[15.044s][info ][gc,heap        ] GC(451) Survivor regions: 1->1(32)
[15.044s][info ][gc,heap        ] GC(451) Old regions: 11->11
[15.044s][info ][gc,heap        ] GC(451) Humongous regions: 0->0
[15.044s][info ][gc,metaspace   ] GC(451) Metaspace: 10117K(10368K)->10117K(10368K) NonClass: 9153K(9344K)->9153K(9344K) Class: 963K(1024K)->963K(1024K)
[15.044s][info ][gc             ] GC(451) Pause Young (Normal) (G1 Evacuation Pause) 256M->4M(424M) 0.625ms
[15.044s][info ][gc,cpu         ] GC(451) User=0.01s Sys=0.00s Real=0.00s
[15.056s][info ][gc,start       ] GC(452) Pause Young (Normal) (G1 Evacuation Pause)
[15.056s][info ][gc,task        ] GC(452) Using 9 workers of 9 for evacuation
[15.056s][debug][gc,age         ] GC(452) Desired survivor size 16777216 bytes, new threshold 15 (max threshold 15)
[15.057s][info ][gc,phases      ] GC(452)   Pre Evacuate Collection Set: 0.11ms
[15.057s][info ][gc,phases      ] GC(452)   Merge Heap Roots: 0.04ms
[15.057s][info ][gc,phases      ] GC(452)   Evacuate Collection Set: 0.12ms
[15.057s][info ][gc,phases      ] GC(452)   Post Evacuate Collection Set: 0.21ms
[15.057s][info ][gc,phases      ] GC(452)   Other: 0.05ms
[15.057s][trace][gc,age         ] GC(452) Age table:
[15.057s][trace][gc,age         ] GC(452) - age   1:        192 bytes,        192 total
[15.057s][info ][gc,heap        ] GC(452) Eden regions: 253->0(253)
[15.057s][info ][gc,heap        ] GC(452) Survivor regions: 1->1(32)
[15.057s][info ][gc,heap        ] GC(452) Old regions: 11->11
[15.057s][info ][gc,heap        ] GC(452) Humongous regions: 0->0
[15.057s][info ][gc,metaspace   ] GC(452) Metaspace: 10117K(10368K)->10117K(10368K) NonClass: 9153K(9344K)->9153K(9344K) Class: 963K(1024K)->963K(1024K)
[15.057s][info ][gc             ] GC(452) Pause Young (Normal) (G1 Evacuation Pause) 256M->4M(424M) 0.622ms
[15.057s][info ][gc,cpu         ] GC(452) User=0.00s Sys=0.01s Real=0.00s
[15.069s][info ][gc,start       ] GC(453) Pause Young (Normal) (G1 Evacuation Pause)
[15.069s][info ][gc,task        ] GC(453) Using 9 workers of 9 for evacuation
[15.069s][debug][gc,age         ] GC(453) Desired survivor size 16777216 bytes, new threshold 15 (max threshold 15)
[15.070s][info ][gc,phases      ] GC(453)   Pre Evacuate Collection Set: 0.09ms
[15.070s][info ][gc,phases      ] GC(453)   Merge Heap Roots: 0.08ms
[15.070s][info ][gc,phases      ] GC(453)   Evacuate Collection Set: 0.12ms
[15.070s][info ][gc,phases      ] GC(453)   Post Evacuate Collection Set: 0.18ms
[15.070s][info ][gc,phases      ] GC(453)   Other: 0.04ms
[15.070s][trace][gc,age         ] GC(453) Age table:
[15.070s][trace][gc,age         ] GC(453) - age   1:        192 bytes,        192 total
[15.070s][info ][gc,heap        ] GC(453) Eden regions: 253->0(253)
[15.070s][info ][gc,heap        ] GC(453) Survivor regions: 1->1(32)
[15.070s][info ][gc,heap        ] GC(453) Old regions: 11->11
[15.070s][info ][gc,heap        ] GC(453) Humongous regions: 0->0
[15.070s][info ][gc,metaspace   ] GC(453) Metaspace: 10117K(10368K)->10117K(10368K) NonClass: 9153K(9344K)->9153K(9344K) Class: 963K(1024K)->963K(1024K)
[15.070s][info ][gc             ] GC(453) Pause Young (Normal) (G1 Evacuation Pause) 256M->4M(424M) 0.601ms
[15.070s][info ][gc,cpu         ] GC(453) User=0.00s Sys=0.00s Real=0.00s
[15.082s][info ][gc,start       ] GC(454) Pause Young (Normal) (G1 Evacuation Pause)
[15.082s][info ][gc,task        ] GC(454) Using 9 workers of 9 for evacuation
[15.082s][debug][gc,age         ] GC(454) Desired survivor size 16777216 bytes, new threshold 15 (max threshold 15)
[15.083s][info ][gc,phases      ] GC(454)   Pre Evacuate Collection Set: 0.08ms
[15.083s][info ][gc,phases      ] GC(454)   Merge Heap Roots: 0.06ms
[15.083s][info ][gc,phases      ] GC(454)   Evacuate Collection Set: 0.12ms
[15.083s][info ][gc,phases      ] GC(454)   Post Evacuate Collection Set: 0.18ms
[15.083s][info ][gc,phases      ] GC(454)   Other: 0.05ms
[15.083s][trace][gc,age         ] GC(454) Age table:
[15.083s][trace][gc,age         ] GC(454) - age   1:        192 bytes,        192 total
[15.083s][info ][gc,heap        ] GC(454) Eden regions: 253->0(253)
[15.083s][info ][gc,heap        ] GC(454) Survivor regions: 1->1(32)
[15.083s][info ][gc,heap        ] GC(454) Old regions: 11->11
[15.083s][info ][gc,heap        ] GC(454) Humongous regions: 0->0
[15.083s][info ][gc,metaspace   ] GC(454) Metaspace: 10117K(10368K)->10117K(10368K) NonClass: 9153K(9344K)->9153K(9344K) Class: 963K(1024K)->963K(1024K)
[15.083s][info ][gc             ] GC(454) Pause Young (Normal) (G1 Evacuation Pause) 256M->4M(424M) 0.579ms
[15.083s][info ][gc,cpu         ] GC(454) User=0.00s Sys=0.00s Real=0.00s
[15.095s][info ][gc,start       ] GC(455) Pause Young (Normal) (G1 Evacuation Pause)
[15.095s][info ][gc,task        ] GC(455) Using 9 workers of 9 for evacuation
[15.095s][debug][gc,age         ] GC(455) Desired survivor size 16777216 bytes, new threshold 15 (max threshold 15)
[15.096s][info ][gc,phases      ] GC(455)   Pre Evacuate Collection Set: 0.10ms
[15.096s][info ][gc,phases      ] GC(455)   Merge Heap Roots: 0.07ms
[15.096s][info ][gc,phases      ] GC(455)   Evacuate Collection Set: 0.11ms
[15.096s][info ][gc,phases      ] GC(455)   Post Evacuate Collection Set: 0.18ms
[15.096s][info ][gc,phases      ] GC(455)   Other: 0.04ms
[15.096s][trace][gc,age         ] GC(455) Age table:
[15.096s][trace][gc,age         ] GC(455) - age   1:        192 bytes,        192 total
[15.096s][info ][gc,heap        ] GC(455) Eden regions: 253->0(253)
[15.096s][info ][gc,heap        ] GC(455) Survivor regions: 1->1(32)
[15.096s][info ][gc,heap        ] GC(455) Old regions: 11->11
[15.096s][info ][gc,heap        ] GC(455) Humongous regions: 0->0
[15.096s][info ][gc,metaspace   ] GC(455) Metaspace: 10117K(10368K)->10117K(10368K) NonClass: 9153K(9344K)->9153K(9344K) Class: 963K(1024K)->963K(1024K)
[15.096s][info ][gc             ] GC(455) Pause Young (Normal) (G1 Evacuation Pause) 256M->4M(424M) 0.609ms
[15.096s][info ][gc,cpu         ] GC(455) User=0.00s Sys=0.00s Real=0.00s
[15.108s][info ][gc,start       ] GC(456) Pause Young (Normal) (G1 Evacuation Pause)
[15.108s][info ][gc,task        ] GC(456) Using 9 workers of 9 for evacuation
[15.108s][debug][gc,age         ] GC(456) Desired survivor size 16777216 bytes, new threshold 15 (max threshold 15)
[15.109s][info ][gc,phases      ] GC(456)   Pre Evacuate Collection Set: 0.07ms
[15.109s][info ][gc,phases      ] GC(456)   Merge Heap Roots: 0.06ms
[15.109s][info ][gc,phases      ] GC(456)   Evacuate Collection Set: 0.11ms
[15.109s][info ][gc,phases      ] GC(456)   Post Evacuate Collection Set: 0.19ms
[15.109s][info ][gc,phases      ] GC(456)   Other: 0.05ms
[15.109s][trace][gc,age         ] GC(456) Age table:
[15.109s][trace][gc,age         ] GC(456) - age   1:        192 bytes,        192 total
[15.109s][info ][gc,heap        ] GC(456) Eden regions: 253->0(253)
[15.109s][info ][gc,heap        ] GC(456) Survivor regions: 1->1(32)
[15.109s][info ][gc,heap        ] GC(456) Old regions: 11->11
[15.109s][info ][gc,heap        ] GC(456) Humongous regions: 0->0
[15.109s][info ][gc,metaspace   ] GC(456) Metaspace: 10117K(10368K)->10117K(10368K) NonClass: 9153K(9344K)->9153K(9344K) Class: 963K(1024K)->963K(1024K)
[15.109s][info ][gc             ] GC(456) Pause Young (Normal) (G1 Evacuation Pause) 256M->4M(424M) 0.577ms
[15.109s][info ][gc,cpu         ] GC(456) User=0.01s Sys=0.00s Real=0.00s
[15.121s][info ][gc,start       ] GC(457) Pause Young (Normal) (G1 Evacuation Pause)
[15.121s][info ][gc,task        ] GC(457) Using 9 workers of 9 for evacuation
[15.121s][debug][gc,age         ] GC(457) Desired survivor size 16777216 bytes, new threshold 15 (max threshold 15)
[15.122s][info ][gc,phases      ] GC(457)   Pre Evacuate Collection Set: 0.09ms
[15.122s][info ][gc,phases      ] GC(457)   Merge Heap Roots: 0.08ms
[15.122s][info ][gc,phases      ] GC(457)   Evacuate Collection Set: 0.09ms
[15.122s][info ][gc,phases      ] GC(457)   Post Evacuate Collection Set: 0.19ms
[15.122s][info ][gc,phases      ] GC(457)   Other: 0.05ms
[15.122s][trace][gc,age         ] GC(457) Age table:
[15.122s][trace][gc,age         ] GC(457) - age   1:        192 bytes,        192 total
[15.122s][info ][gc,heap        ] GC(457) Eden regions: 253->0(253)
[15.122s][info ][gc,heap        ] GC(457) Survivor regions: 1->1(32)
[15.122s][info ][gc,heap        ] GC(457) Old regions: 11->11
[15.122s][info ][gc,heap        ] GC(457) Humongous regions: 0->0
[15.122s][info ][gc,metaspace   ] GC(457) Metaspace: 10117K(10368K)->10117K(10368K) NonClass: 9153K(9344K)->9153K(9344K) Class: 963K(1024K)->963K(1024K)
[15.122s][info ][gc             ] GC(457) Pause Young (Normal) (G1 Evacuation Pause) 256M->4M(424M) 0.599ms
[15.122s][info ][gc,cpu         ] GC(457) User=0.00s Sys=0.00s Real=0.00s
[15.134s][info ][gc,start       ] GC(458) Pause Young (Normal) (G1 Evacuation Pause)
[15.134s][info ][gc,task        ] GC(458) Using 9 workers of 9 for evacuation
[15.134s][debug][gc,age         ] GC(458) Desired survivor size 16777216 bytes, new threshold 15 (max threshold 15)
[15.135s][info ][gc,phases      ] GC(458)   Pre Evacuate Collection Set: 0.08ms
[15.135s][info ][gc,phases      ] GC(458)   Merge Heap Roots: 0.07ms
[15.135s][info ][gc,phases      ] GC(458)   Evacuate Collection Set: 0.10ms
[15.135s][info ][gc,phases      ] GC(458)   Post Evacuate Collection Set: 0.20ms
[15.135s][info ][gc,phases      ] GC(458)   Other: 0.05ms
[15.135s][trace][gc,age         ] GC(458) Age table:
[15.135s][trace][gc,age         ] GC(458) - age   1:        192 bytes,        192 total
[15.135s][info ][gc,heap        ] GC(458) Eden regions: 253->0(253)
[15.135s][info ][gc,heap        ] GC(458) Survivor regions: 1->1(32)
[15.135s][info ][gc,heap        ] GC(458) Old regions: 11->11
[15.135s][info ][gc,heap        ] GC(458) Humongous regions: 0->0
[15.135s][info ][gc,metaspace   ] GC(458) Metaspace: 10117K(10368K)->10117K(10368K) NonClass: 9153K(9344K)->9153K(9344K) Class: 963K(1024K)->963K(1024K)
[15.135s][info ][gc             ] GC(458) Pause Young (Normal) (G1 Evacuation Pause) 256M->4M(424M) 0.595ms
[15.135s][info ][gc,cpu         ] GC(458) User=0.00s Sys=0.00s Real=0.00s
[15.147s][info ][gc,start       ] GC(459) Pause Young (Normal) (G1 Evacuation Pause)
[15.147s][info ][gc,task        ] GC(459) Using 9 workers of 9 for evacuation
[15.147s][debug][gc,age         ] GC(459) Desired survivor size 16777216 bytes, new threshold 15 (max threshold 15)
[15.148s][info ][gc,phases      ] GC(459)   Pre Evacuate Collection Set: 0.08ms
[15.148s][info ][gc,phases      ] GC(459)   Merge Heap Roots: 0.12ms
[15.148s][info ][gc,phases      ] GC(459)   Evacuate Collection Set: 0.11ms
[15.148s][info ][gc,phases      ] GC(459)   Post Evacuate Collection Set: 0.20ms
[15.148s][info ][gc,phases      ] GC(459)   Other: 0.06ms
[15.148s][trace][gc,age         ] GC(459) Age table:
[15.148s][trace][gc,age         ] GC(459) - age   1:        192 bytes,        192 total
[15.148s][info ][gc,heap        ] GC(459) Eden regions: 253->0(253)
[15.148s][info ][gc,heap        ] GC(459) Survivor regions: 1->1(32)
[15.148s][info ][gc,heap        ] GC(459) Old regions: 11->11
[15.148s][info ][gc,heap        ] GC(459) Humongous regions: 0->0
[15.148s][info ][gc,metaspace   ] GC(459) Metaspace: 10117K(10368K)->10117K(10368K) NonClass: 9153K(9344K)->9153K(9344K) Class: 963K(1024K)->963K(1024K)
[15.148s][info ][gc             ] GC(459) Pause Young (Normal) (G1 Evacuation Pause) 256M->4M(424M) 0.662ms
[15.148s][info ][gc,cpu         ] GC(459) User=0.00s Sys=0.00s Real=0.00s
[15.160s][info ][gc,start       ] GC(460) Pause Young (Normal) (G1 Evacuation Pause)
[15.160s][info ][gc,task        ] GC(460) Using 9 workers of 9 for evacuation
[15.160s][debug][gc,age         ] GC(460) Desired survivor size 16777216 bytes, new threshold 15 (max threshold 15)
[15.161s][info ][gc,phases      ] GC(460)   Pre Evacuate Collection Set: 0.11ms
[15.161s][info ][gc,phases      ] GC(460)   Merge Heap Roots: 0.09ms
[15.161s][info ][gc,phases      ] GC(460)   Evacuate Collection Set: 0.11ms
[15.161s][info ][gc,phases      ] GC(460)   Post Evacuate Collection Set: 0.20ms
[15.161s][info ][gc,phases      ] GC(460)   Other: 0.05ms
[15.161s][trace][gc,age         ] GC(460) Age table:
[15.161s][trace][gc,age         ] GC(460) - age   1:        192 bytes,        192 total
[15.161s][info ][gc,heap        ] GC(460) Eden regions: 253->0(253)
[15.161s][info ][gc,heap        ] GC(460) Survivor regions: 1->1(32)
[15.161s][info ][gc,heap        ] GC(460) Old regions: 11->11
[15.161s][info ][gc,heap        ] GC(460) Humongous regions: 0->0
[15.161s][info ][gc,metaspace   ] GC(460) Metaspace: 10117K(10368K)->10117K(10368K) NonClass: 9153K(9344K)->9153K(9344K) Class: 963K(1024K)->963K(1024K)
[15.161s][info ][gc             ] GC(460) Pause Young (Normal) (G1 Evacuation Pause) 256M->4M(424M) 0.665ms
[15.161s][info ][gc,cpu         ] GC(460) User=0.00s Sys=0.00s Real=0.00s
[15.173s][info ][gc,start       ] GC(461) Pause Young (Normal) (G1 Evacuation Pause)
[15.173s][info ][gc,task        ] GC(461) Using 9 workers of 9 for evacuation
[15.173s][debug][gc,age         ] GC(461) Desired survivor size 16777216 bytes, new threshold 15 (max threshold 15)
[15.174s][info ][gc,phases      ] GC(461)   Pre Evacuate Collection Set: 0.09ms
[15.174s][info ][gc,phases      ] GC(461)   Merge Heap Roots: 0.05ms
[15.174s][info ][gc,phases      ] GC(461)   Evacuate Collection Set: 0.14ms
[15.174s][info ][gc,phases      ] GC(461)   Post Evacuate Collection Set: 0.19ms
[15.174s][info ][gc,phases      ] GC(461)   Other: 0.06ms
[15.174s][trace][gc,age         ] GC(461) Age table:
[15.174s][trace][gc,age         ] GC(461) - age   1:        192 bytes,        192 total
[15.174s][info ][gc,heap        ] GC(461) Eden regions: 253->0(253)
[15.174s][info ][gc,heap        ] GC(461) Survivor regions: 1->1(32)
[15.174s][info ][gc,heap        ] GC(461) Old regions: 11->11
[15.174s][info ][gc,heap        ] GC(461) Humongous regions: 0->0
[15.174s][info ][gc,metaspace   ] GC(461) Metaspace: 10117K(10368K)->10117K(10368K) NonClass: 9153K(9344K)->9153K(9344K) Class: 963K(1024K)->963K(1024K)
[15.174s][info ][gc             ] GC(461) Pause Young (Normal) (G1 Evacuation Pause) 256M->4M(424M) 0.622ms
[15.174s][info ][gc,cpu         ] GC(461) User=0.01s Sys=0.00s Real=0.00s
[15.186s][info ][gc,start       ] GC(462) Pause Young (Normal) (G1 Evacuation Pause)
[15.186s][info ][gc,task        ] GC(462) Using 9 workers of 9 for evacuation
[15.186s][debug][gc,age         ] GC(462) Desired survivor size 16777216 bytes, new threshold 15 (max threshold 15)
[15.187s][info ][gc,phases      ] GC(462)   Pre Evacuate Collection Set: 0.07ms
[15.187s][info ][gc,phases      ] GC(462)   Merge Heap Roots: 0.06ms
[15.187s][info ][gc,phases      ] GC(462)   Evacuate Collection Set: 0.14ms
[15.187s][info ][gc,phases      ] GC(462)   Post Evacuate Collection Set: 0.21ms
[15.187s][info ][gc,phases      ] GC(462)   Other: 0.05ms
[15.187s][trace][gc,age         ] GC(462) Age table:
[15.187s][trace][gc,age         ] GC(462) - age   1:        192 bytes,        192 total
[15.187s][info ][gc,heap        ] GC(462) Eden regions: 253->0(253)
[15.187s][info ][gc,heap        ] GC(462) Survivor regions: 1->1(32)
[15.187s][info ][gc,heap        ] GC(462) Old regions: 11->11
[15.187s][info ][gc,heap        ] GC(462) Humongous regions: 0->0
[15.187s][info ][gc,metaspace   ] GC(462) Metaspace: 10117K(10368K)->10117K(10368K) NonClass: 9153K(9344K)->9153K(9344K) Class: 963K(1024K)->963K(1024K)
[15.187s][info ][gc             ] GC(462) Pause Young (Normal) (G1 Evacuation Pause) 256M->4M(424M) 0.640ms
[15.187s][info ][gc,cpu         ] GC(462) User=0.00s Sys=0.00s Real=0.00s
[15.199s][info ][gc,start       ] GC(463) Pause Young (Normal) (G1 Evacuation Pause)
[15.199s][info ][gc,task        ] GC(463) Using 9 workers of 9 for evacuation
[15.199s][debug][gc,age         ] GC(463) Desired survivor size 16777216 bytes, new threshold 15 (max threshold 15)
[15.200s][info ][gc,phases      ] GC(463)   Pre Evacuate Collection Set: 0.13ms
[15.200s][info ][gc,phases      ] GC(463)   Merge Heap Roots: 0.10ms
[15.200s][info ][gc,phases      ] GC(463)   Evacuate Collection Set: 0.13ms
[15.200s][info ][gc,phases      ] GC(463)   Post Evacuate Collection Set: 0.18ms
[15.200s][info ][gc,phases      ] GC(463)   Other: 0.04ms
[15.200s][trace][gc,age         ] GC(463) Age table:
[15.200s][trace][gc,age         ] GC(463) - age   1:        192 bytes,        192 total
[15.200s][info ][gc,heap        ] GC(463) Eden regions: 253->0(253)
[15.200s][info ][gc,heap        ] GC(463) Survivor regions: 1->1(32)
[15.200s][info ][gc,heap        ] GC(463) Old regions: 11->11
[15.200s][info ][gc,heap        ] GC(463) Humongous regions: 0->0
[15.200s][info ][gc,metaspace   ] GC(463) Metaspace: 10117K(10368K)->10117K(10368K) NonClass: 9153K(9344K)->9153K(9344K) Class: 963K(1024K)->963K(1024K)
[15.200s][info ][gc             ] GC(463) Pause Young (Normal) (G1 Evacuation Pause) 256M->4M(424M) 0.669ms
[15.200s][info ][gc,cpu         ] GC(463) User=0.01s Sys=0.00s Real=0.00s
[15.213s][info ][gc,start       ] GC(464) Pause Young (Normal) (G1 Evacuation Pause)
[15.213s][info ][gc,task        ] GC(464) Using 9 workers of 9 for evacuation
[15.213s][debug][gc,age         ] GC(464) Desired survivor size 16777216 bytes, new threshold 15 (max threshold 15)
[15.213s][info ][gc,phases      ] GC(464)   Pre Evacuate Collection Set: 0.08ms
[15.213s][info ][gc,phases      ] GC(464)   Merge Heap Roots: 0.07ms
[15.213s][info ][gc,phases      ] GC(464)   Evacuate Collection Set: 0.11ms
[15.213s][info ][gc,phases      ] GC(464)   Post Evacuate Collection Set: 0.20ms
[15.213s][info ][gc,phases      ] GC(464)   Other: 0.04ms
[15.213s][trace][gc,age         ] GC(464) Age table:
[15.213s][trace][gc,age         ] GC(464) - age   1:        192 bytes,        192 total
[15.213s][info ][gc,heap        ] GC(464) Eden regions: 253->0(253)
[15.213s][info ][gc,heap        ] GC(464) Survivor regions: 1->1(32)
[15.213s][info ][gc,heap        ] GC(464) Old regions: 11->11
[15.213s][info ][gc,heap        ] GC(464) Humongous regions: 0->0
[15.213s][info ][gc,metaspace   ] GC(464) Metaspace: 10117K(10368K)->10117K(10368K) NonClass: 9153K(9344K)->9153K(9344K) Class: 963K(1024K)->963K(1024K)
[15.213s][info ][gc             ] GC(464) Pause Young (Normal) (G1 Evacuation Pause) 256M->4M(424M) 0.587ms
[15.213s][info ][gc,cpu         ] GC(464) User=0.00s Sys=0.00s Real=0.00s
[15.226s][info ][gc,start       ] GC(465) Pause Young (Normal) (G1 Evacuation Pause)
[15.226s][info ][gc,task        ] GC(465) Using 9 workers of 9 for evacuation
[15.226s][debug][gc,age         ] GC(465) Desired survivor size 16777216 bytes, new threshold 15 (max threshold 15)
[15.226s][info ][gc,phases      ] GC(465)   Pre Evacuate Collection Set: 0.07ms
[15.226s][info ][gc,phases      ] GC(465)   Merge Heap Roots: 0.07ms
[15.226s][info ][gc,phases      ] GC(465)   Evacuate Collection Set: 0.10ms
[15.226s][info ][gc,phases      ] GC(465)   Post Evacuate Collection Set: 0.18ms
[15.226s][info ][gc,phases      ] GC(465)   Other: 0.04ms
[15.226s][trace][gc,age         ] GC(465) Age table:
[15.226s][trace][gc,age         ] GC(465) - age   1:        192 bytes,        192 total
[15.226s][info ][gc,heap        ] GC(465) Eden regions: 253->0(253)
[15.226s][info ][gc,heap        ] GC(465) Survivor regions: 1->1(32)
[15.226s][info ][gc,heap        ] GC(465) Old regions: 11->11
[15.226s][info ][gc,heap        ] GC(465) Humongous regions: 0->0
[15.226s][info ][gc,metaspace   ] GC(465) Metaspace: 10117K(10368K)->10117K(10368K) NonClass: 9153K(9344K)->9153K(9344K) Class: 963K(1024K)->963K(1024K)
[15.226s][info ][gc             ] GC(465) Pause Young (Normal) (G1 Evacuation Pause) 256M->4M(424M) 0.579ms
[15.226s][info ][gc,cpu         ] GC(465) User=0.00s Sys=0.00s Real=0.00s
[15.239s][info ][gc,start       ] GC(466) Pause Young (Normal) (G1 Evacuation Pause)
[15.239s][info ][gc,task        ] GC(466) Using 9 workers of 9 for evacuation
[15.239s][debug][gc,age         ] GC(466) Desired survivor size 16777216 bytes, new threshold 15 (max threshold 15)
[15.239s][info ][gc,phases      ] GC(466)   Pre Evacuate Collection Set: 0.07ms
[15.239s][info ][gc,phases      ] GC(466)   Merge Heap Roots: 0.05ms
[15.239s][info ][gc,phases      ] GC(466)   Evacuate Collection Set: 0.13ms
[15.239s][info ][gc,phases      ] GC(466)   Post Evacuate Collection Set: 0.19ms
[15.239s][info ][gc,phases      ] GC(466)   Other: 0.05ms
[15.239s][trace][gc,age         ] GC(466) Age table:
[15.239s][trace][gc,age         ] GC(466) - age   1:        192 bytes,        192 total
[15.239s][info ][gc,heap        ] GC(466) Eden regions: 253->0(253)
[15.239s][info ][gc,heap        ] GC(466) Survivor regions: 1->1(32)
[15.239s][info ][gc,heap        ] GC(466) Old regions: 11->11
[15.239s][info ][gc,heap        ] GC(466) Humongous regions: 0->0
[15.239s][info ][gc,metaspace   ] GC(466) Metaspace: 10117K(10368K)->10117K(10368K) NonClass: 9153K(9344K)->9153K(9344K) Class: 963K(1024K)->963K(1024K)
[15.239s][info ][gc             ] GC(466) Pause Young (Normal) (G1 Evacuation Pause) 256M->4M(424M) 0.581ms
[15.239s][info ][gc,cpu         ] GC(466) User=0.01s Sys=0.00s Real=0.00s
[15.252s][info ][gc,start       ] GC(467) Pause Young (Normal) (G1 Evacuation Pause)
[15.252s][info ][gc,task        ] GC(467) Using 9 workers of 9 for evacuation
[15.252s][debug][gc,age         ] GC(467) Desired survivor size 16777216 bytes, new threshold 15 (max threshold 15)
[15.252s][info ][gc,phases      ] GC(467)   Pre Evacuate Collection Set: 0.10ms
[15.252s][info ][gc,phases      ] GC(467)   Merge Heap Roots: 0.08ms
[15.252s][info ][gc,phases      ] GC(467)   Evacuate Collection Set: 0.09ms
[15.252s][info ][gc,phases      ] GC(467)   Post Evacuate Collection Set: 0.21ms
[15.252s][info ][gc,phases      ] GC(467)   Other: 0.06ms
[15.252s][trace][gc,age         ] GC(467) Age table:
[15.252s][trace][gc,age         ] GC(467) - age   1:        192 bytes,        192 total
[15.252s][info ][gc,heap        ] GC(467) Eden regions: 253->0(253)
[15.252s][info ][gc,heap        ] GC(467) Survivor regions: 1->1(32)
[15.252s][info ][gc,heap        ] GC(467) Old regions: 11->11
[15.252s][info ][gc,heap        ] GC(467) Humongous regions: 0->0
[15.252s][info ][gc,metaspace   ] GC(467) Metaspace: 10117K(10368K)->10117K(10368K) NonClass: 9153K(9344K)->9153K(9344K) Class: 963K(1024K)->963K(1024K)
[15.252s][info ][gc             ] GC(467) Pause Young (Normal) (G1 Evacuation Pause) 256M->4M(424M) 0.633ms
[15.252s][info ][gc,cpu         ] GC(467) User=0.00s Sys=0.00s Real=0.00s
[15.265s][info ][gc,start       ] GC(468) Pause Young (Normal) (G1 Evacuation Pause)
[15.265s][info ][gc,task        ] GC(468) Using 9 workers of 9 for evacuation
[15.265s][debug][gc,age         ] GC(468) Desired survivor size 16777216 bytes, new threshold 15 (max threshold 15)
[15.265s][info ][gc,phases      ] GC(468)   Pre Evacuate Collection Set: 0.09ms
[15.265s][info ][gc,phases      ] GC(468)   Merge Heap Roots: 0.10ms
[15.265s][info ][gc,phases      ] GC(468)   Evacuate Collection Set: 0.09ms
[15.265s][info ][gc,phases      ] GC(468)   Post Evacuate Collection Set: 0.19ms
[15.265s][info ][gc,phases      ] GC(468)   Other: 0.05ms
[15.265s][trace][gc,age         ] GC(468) Age table:
[15.265s][trace][gc,age         ] GC(468) - age   1:        192 bytes,        192 total
[15.265s][info ][gc,heap        ] GC(468) Eden regions: 253->0(253)
[15.265s][info ][gc,heap        ] GC(468) Survivor regions: 1->1(32)
[15.265s][info ][gc,heap        ] GC(468) Old regions: 11->11
[15.265s][info ][gc,heap        ] GC(468) Humongous regions: 0->0
[15.265s][info ][gc,metaspace   ] GC(468) Metaspace: 10117K(10368K)->10117K(10368K) NonClass: 9153K(9344K)->9153K(9344K) Class: 963K(1024K)->963K(1024K)
[15.265s][info ][gc             ] GC(468) Pause Young (Normal) (G1 Evacuation Pause) 256M->4M(424M) 0.633ms
[15.265s][info ][gc,cpu         ] GC(468) User=0.00s Sys=0.00s Real=0.01s
[15.277s][info ][gc,start       ] GC(469) Pause Young (Normal) (G1 Evacuation Pause)
[15.278s][info ][gc,task        ] GC(469) Using 9 workers of 9 for evacuation
[15.278s][debug][gc,age         ] GC(469) Desired survivor size 16777216 bytes, new threshold 15 (max threshold 15)
[15.278s][info ][gc,phases      ] GC(469)   Pre Evacuate Collection Set: 0.12ms
[15.278s][info ][gc,phases      ] GC(469)   Merge Heap Roots: 0.07ms
[15.278s][info ][gc,phases      ] GC(469)   Evacuate Collection Set: 0.13ms
[15.278s][info ][gc,phases      ] GC(469)   Post Evacuate Collection Set: 0.20ms
[15.278s][info ][gc,phases      ] GC(469)   Other: 0.05ms
[15.278s][trace][gc,age         ] GC(469) Age table:
[15.278s][trace][gc,age         ] GC(469) - age   1:        192 bytes,        192 total
[15.278s][info ][gc,heap        ] GC(469) Eden regions: 253->0(253)
[15.278s][info ][gc,heap        ] GC(469) Survivor regions: 1->1(32)
[15.278s][info ][gc,heap        ] GC(469) Old regions: 11->11
[15.278s][info ][gc,heap        ] GC(469) Humongous regions: 0->0
[15.278s][info ][gc,metaspace   ] GC(469) Metaspace: 10117K(10368K)->10117K(10368K) NonClass: 9153K(9344K)->9153K(9344K) Class: 963K(1024K)->963K(1024K)
[15.278s][info ][gc             ] GC(469) Pause Young (Normal) (G1 Evacuation Pause) 256M->4M(424M) 0.665ms
[15.278s][info ][gc,cpu         ] GC(469) User=0.00s Sys=0.00s Real=0.00s
[15.291s][info ][gc,start       ] GC(470) Pause Young (Normal) (G1 Evacuation Pause)
[15.291s][info ][gc,task        ] GC(470) Using 9 workers of 9 for evacuation
[15.291s][debug][gc,age         ] GC(470) Desired survivor size 16777216 bytes, new threshold 15 (max threshold 15)
[15.291s][info ][gc,phases      ] GC(470)   Pre Evacuate Collection Set: 0.07ms
[15.291s][info ][gc,phases      ] GC(470)   Merge Heap Roots: 0.12ms
[15.291s][info ][gc,phases      ] GC(470)   Evacuate Collection Set: 0.10ms
[15.291s][info ][gc,phases      ] GC(470)   Post Evacuate Collection Set: 0.21ms
[15.291s][info ][gc,phases      ] GC(470)   Other: 0.05ms
[15.291s][trace][gc,age         ] GC(470) Age table:
[15.291s][trace][gc,age         ] GC(470) - age   1:        192 bytes,        192 total
[15.291s][info ][gc,heap        ] GC(470) Eden regions: 253->0(253)
[15.291s][info ][gc,heap        ] GC(470) Survivor regions: 1->1(32)
[15.291s][info ][gc,heap        ] GC(470) Old regions: 11->11
[15.291s][info ][gc,heap        ] GC(470) Humongous regions: 0->0
[15.291s][info ][gc,metaspace   ] GC(470) Metaspace: 10117K(10368K)->10117K(10368K) NonClass: 9153K(9344K)->9153K(9344K) Class: 963K(1024K)->963K(1024K)
[15.291s][info ][gc             ] GC(470) Pause Young (Normal) (G1 Evacuation Pause) 256M->4M(424M) 0.639ms
[15.291s][info ][gc,cpu         ] GC(470) User=0.01s Sys=0.00s Real=0.00s
[15.304s][info ][gc,start       ] GC(471) Pause Young (Normal) (G1 Evacuation Pause)
[15.304s][info ][gc,task        ] GC(471) Using 9 workers of 9 for evacuation
[15.304s][debug][gc,age         ] GC(471) Desired survivor size 16777216 bytes, new threshold 15 (max threshold 15)
[15.304s][info ][gc,phases      ] GC(471)   Pre Evacuate Collection Set: 0.07ms
[15.304s][info ][gc,phases      ] GC(471)   Merge Heap Roots: 0.08ms
[15.304s][info ][gc,phases      ] GC(471)   Evacuate Collection Set: 0.11ms
[15.304s][info ][gc,phases      ] GC(471)   Post Evacuate Collection Set: 0.16ms
[15.304s][info ][gc,phases      ] GC(471)   Other: 0.04ms
[15.304s][trace][gc,age         ] GC(471) Age table:
[15.304s][trace][gc,age         ] GC(471) - age   1:        192 bytes,        192 total
[15.304s][info ][gc,heap        ] GC(471) Eden regions: 253->0(253)
[15.304s][info ][gc,heap        ] GC(471) Survivor regions: 1->1(32)
[15.304s][info ][gc,heap        ] GC(471) Old regions: 11->11
[15.304s][info ][gc,heap        ] GC(471) Humongous regions: 0->0
[15.304s][info ][gc,metaspace   ] GC(471) Metaspace: 10117K(10368K)->10117K(10368K) NonClass: 9153K(9344K)->9153K(9344K) Class: 963K(1024K)->963K(1024K)
[15.304s][info ][gc             ] GC(471) Pause Young (Normal) (G1 Evacuation Pause) 256M->4M(424M) 0.550ms
[15.304s][info ][gc,cpu         ] GC(471) User=0.01s Sys=0.00s Real=0.00s
[15.317s][info ][gc,start       ] GC(472) Pause Young (Normal) (G1 Evacuation Pause)
[15.317s][info ][gc,task        ] GC(472) Using 9 workers of 9 for evacuation
[15.317s][debug][gc,age         ] GC(472) Desired survivor size 16777216 bytes, new threshold 15 (max threshold 15)
[15.317s][info ][gc,phases      ] GC(472)   Pre Evacuate Collection Set: 0.07ms
[15.317s][info ][gc,phases      ] GC(472)   Merge Heap Roots: 0.06ms
[15.317s][info ][gc,phases      ] GC(472)   Evacuate Collection Set: 0.14ms
[15.317s][info ][gc,phases      ] GC(472)   Post Evacuate Collection Set: 0.20ms
[15.317s][info ][gc,phases      ] GC(472)   Other: 0.06ms
[15.317s][trace][gc,age         ] GC(472) Age table:
[15.317s][trace][gc,age         ] GC(472) - age   1:        192 bytes,        192 total
[15.317s][info ][gc,heap        ] GC(472) Eden regions: 253->0(253)
[15.317s][info ][gc,heap        ] GC(472) Survivor regions: 1->1(32)
[15.317s][info ][gc,heap        ] GC(472) Old regions: 11->11
[15.317s][info ][gc,heap        ] GC(472) Humongous regions: 0->0
[15.317s][info ][gc,metaspace   ] GC(472) Metaspace: 10117K(10368K)->10117K(10368K) NonClass: 9153K(9344K)->9153K(9344K) Class: 963K(1024K)->963K(1024K)
[15.317s][info ][gc             ] GC(472) Pause Young (Normal) (G1 Evacuation Pause) 256M->4M(424M) 0.628ms
[15.317s][info ][gc,cpu         ] GC(472) User=0.00s Sys=0.00s Real=0.00s
[15.330s][info ][gc,start       ] GC(473) Pause Young (Normal) (G1 Evacuation Pause)
[15.330s][info ][gc,task        ] GC(473) Using 9 workers of 9 for evacuation
[15.330s][debug][gc,age         ] GC(473) Desired survivor size 16777216 bytes, new threshold 15 (max threshold 15)
[15.330s][info ][gc,phases      ] GC(473)   Pre Evacuate Collection Set: 0.10ms
[15.330s][info ][gc,phases      ] GC(473)   Merge Heap Roots: 0.08ms
[15.330s][info ][gc,phases      ] GC(473)   Evacuate Collection Set: 0.11ms
[15.330s][info ][gc,phases      ] GC(473)   Post Evacuate Collection Set: 0.18ms
[15.330s][info ][gc,phases      ] GC(473)   Other: 0.05ms
[15.330s][trace][gc,age         ] GC(473) Age table:
[15.330s][trace][gc,age         ] GC(473) - age   1:        192 bytes,        192 total
[15.330s][info ][gc,heap        ] GC(473) Eden regions: 253->0(253)
[15.330s][info ][gc,heap        ] GC(473) Survivor regions: 1->1(32)
[15.330s][info ][gc,heap        ] GC(473) Old regions: 11->11
[15.330s][info ][gc,heap        ] GC(473) Humongous regions: 0->0
[15.330s][info ][gc,metaspace   ] GC(473) Metaspace: 10117K(10368K)->10117K(10368K) NonClass: 9153K(9344K)->9153K(9344K) Class: 963K(1024K)->963K(1024K)
[15.330s][info ][gc             ] GC(473) Pause Young (Normal) (G1 Evacuation Pause) 256M->4M(424M) 0.621ms
[15.330s][info ][gc,cpu         ] GC(473) User=0.00s Sys=0.01s Real=0.00s
[15.345s][info ][gc,start       ] GC(474) Pause Young (Normal) (G1 Evacuation Pause)
[15.345s][info ][gc,task        ] GC(474) Using 9 workers of 9 for evacuation
[15.345s][debug][gc,age         ] GC(474) Desired survivor size 16777216 bytes, new threshold 15 (max threshold 15)
[15.346s][info ][gc,phases      ] GC(474)   Pre Evacuate Collection Set: 0.07ms
[15.346s][info ][gc,phases      ] GC(474)   Merge Heap Roots: 0.06ms
[15.346s][info ][gc,phases      ] GC(474)   Evacuate Collection Set: 0.15ms
[15.346s][info ][gc,phases      ] GC(474)   Post Evacuate Collection Set: 0.21ms
[15.346s][info ][gc,phases      ] GC(474)   Other: 0.05ms
[15.346s][trace][gc,age         ] GC(474) Age table:
[15.346s][trace][gc,age         ] GC(474) - age   1:        192 bytes,        192 total
[15.346s][info ][gc,heap        ] GC(474) Eden regions: 253->0(253)
[15.346s][info ][gc,heap        ] GC(474) Survivor regions: 1->1(32)
[15.346s][info ][gc,heap        ] GC(474) Old regions: 11->11
[15.346s][info ][gc,heap        ] GC(474) Humongous regions: 0->0
[15.346s][info ][gc,metaspace   ] GC(474) Metaspace: 10117K(10368K)->10117K(10368K) NonClass: 9153K(9344K)->9153K(9344K) Class: 963K(1024K)->963K(1024K)
[15.346s][info ][gc             ] GC(474) Pause Young (Normal) (G1 Evacuation Pause) 256M->4M(424M) 0.649ms
[15.346s][info ][gc,cpu         ] GC(474) User=0.01s Sys=0.00s Real=0.00s
[15.361s][info ][gc,start       ] GC(475) Pause Young (Normal) (G1 Evacuation Pause)
[15.361s][info ][gc,task        ] GC(475) Using 9 workers of 9 for evacuation
[15.361s][debug][gc,age         ] GC(475) Desired survivor size 16777216 bytes, new threshold 15 (max threshold 15)
[15.362s][info ][gc,phases      ] GC(475)   Pre Evacuate Collection Set: 0.07ms
[15.362s][info ][gc,phases      ] GC(475)   Merge Heap Roots: 0.05ms
[15.362s][info ][gc,phases      ] GC(475)   Evacuate Collection Set: 0.10ms
[15.362s][info ][gc,phases      ] GC(475)   Post Evacuate Collection Set: 0.16ms
[15.362s][info ][gc,phases      ] GC(475)   Other: 0.06ms
[15.362s][trace][gc,age         ] GC(475) Age table:
[15.362s][trace][gc,age         ] GC(475) - age   1:        192 bytes,        192 total
[15.362s][info ][gc,heap        ] GC(475) Eden regions: 253->0(253)
[15.362s][info ][gc,heap        ] GC(475) Survivor regions: 1->1(32)
[15.362s][info ][gc,heap        ] GC(475) Old regions: 11->11
[15.362s][info ][gc,heap        ] GC(475) Humongous regions: 0->0
[15.362s][info ][gc,metaspace   ] GC(475) Metaspace: 10117K(10368K)->10117K(10368K) NonClass: 9153K(9344K)->9153K(9344K) Class: 963K(1024K)->963K(1024K)
[15.362s][info ][gc             ] GC(475) Pause Young (Normal) (G1 Evacuation Pause) 256M->4M(424M) 0.533ms
[15.362s][info ][gc,cpu         ] GC(475) User=0.00s Sys=0.00s Real=0.00s
[15.377s][info ][gc,start       ] GC(476) Pause Young (Normal) (G1 Evacuation Pause)
[15.377s][info ][gc,task        ] GC(476) Using 9 workers of 9 for evacuation
[15.377s][debug][gc,age         ] GC(476) Desired survivor size 16777216 bytes, new threshold 15 (max threshold 15)
[15.378s][info ][gc,phases      ] GC(476)   Pre Evacuate Collection Set: 0.09ms
[15.378s][info ][gc,phases      ] GC(476)   Merge Heap Roots: 0.07ms
[15.378s][info ][gc,phases      ] GC(476)   Evacuate Collection Set: 0.10ms
[15.378s][info ][gc,phases      ] GC(476)   Post Evacuate Collection Set: 0.20ms
[15.378s][info ][gc,phases      ] GC(476)   Other: 0.07ms
[15.378s][trace][gc,age         ] GC(476) Age table:
[15.378s][trace][gc,age         ] GC(476) - age   1:        192 bytes,        192 total
[15.378s][info ][gc,heap        ] GC(476) Eden regions: 253->0(253)
[15.378s][info ][gc,heap        ] GC(476) Survivor regions: 1->1(32)
[15.378s][info ][gc,heap        ] GC(476) Old regions: 11->11
[15.378s][info ][gc,heap        ] GC(476) Humongous regions: 0->0
[15.378s][info ][gc,metaspace   ] GC(476) Metaspace: 10117K(10368K)->10117K(10368K) NonClass: 9153K(9344K)->9153K(9344K) Class: 963K(1024K)->963K(1024K)
[15.378s][info ][gc             ] GC(476) Pause Young (Normal) (G1 Evacuation Pause) 256M->4M(424M) 0.638ms
[15.378s][info ][gc,cpu         ] GC(476) User=0.00s Sys=0.00s Real=0.00s
[15.393s][info ][gc,start       ] GC(477) Pause Young (Normal) (G1 Evacuation Pause)
[15.393s][info ][gc,task        ] GC(477) Using 9 workers of 9 for evacuation
[15.393s][debug][gc,age         ] GC(477) Desired survivor size 16777216 bytes, new threshold 15 (max threshold 15)
[15.394s][info ][gc,phases      ] GC(477)   Pre Evacuate Collection Set: 0.14ms
[15.394s][info ][gc,phases      ] GC(477)   Merge Heap Roots: 0.06ms
[15.394s][info ][gc,phases      ] GC(477)   Evacuate Collection Set: 0.12ms
[15.394s][info ][gc,phases      ] GC(477)   Post Evacuate Collection Set: 0.18ms
[15.394s][info ][gc,phases      ] GC(477)   Other: 0.06ms
[15.394s][trace][gc,age         ] GC(477) Age table:
[15.394s][trace][gc,age         ] GC(477) - age   1:        192 bytes,        192 total
[15.394s][info ][gc,heap        ] GC(477) Eden regions: 253->0(253)
[15.394s][info ][gc,heap        ] GC(477) Survivor regions: 1->1(32)
[15.394s][info ][gc,heap        ] GC(477) Old regions: 11->11
[15.394s][info ][gc,heap        ] GC(477) Humongous regions: 0->0
[15.394s][info ][gc,metaspace   ] GC(477) Metaspace: 10117K(10368K)->10117K(10368K) NonClass: 9153K(9344K)->9153K(9344K) Class: 963K(1024K)->963K(1024K)
[15.394s][info ][gc             ] GC(477) Pause Young (Normal) (G1 Evacuation Pause) 256M->4M(424M) 0.644ms
[15.394s][info ][gc,cpu         ] GC(477) User=0.00s Sys=0.00s Real=0.00s
[15.410s][info ][gc,start       ] GC(478) Pause Young (Normal) (G1 Evacuation Pause)
[15.410s][info ][gc,task        ] GC(478) Using 9 workers of 9 for evacuation
[15.410s][debug][gc,age         ] GC(478) Desired survivor size 16777216 bytes, new threshold 15 (max threshold 15)
[15.410s][info ][gc,phases      ] GC(478)   Pre Evacuate Collection Set: 0.11ms
[15.410s][info ][gc,phases      ] GC(478)   Merge Heap Roots: 0.07ms
[15.410s][info ][gc,phases      ] GC(478)   Evacuate Collection Set: 0.10ms
[15.410s][info ][gc,phases      ] GC(478)   Post Evacuate Collection Set: 0.17ms
[15.410s][info ][gc,phases      ] GC(478)   Other: 0.06ms
[15.410s][trace][gc,age         ] GC(478) Age table:
[15.410s][trace][gc,age         ] GC(478) - age   1:        192 bytes,        192 total
[15.410s][info ][gc,heap        ] GC(478) Eden regions: 253->0(253)
[15.410s][info ][gc,heap        ] GC(478) Survivor regions: 1->1(32)
[15.410s][info ][gc,heap        ] GC(478) Old regions: 11->11
[15.410s][info ][gc,heap        ] GC(478) Humongous regions: 0->0
[15.410s][info ][gc,metaspace   ] GC(478) Metaspace: 10117K(10368K)->10117K(10368K) NonClass: 9153K(9344K)->9153K(9344K) Class: 963K(1024K)->963K(1024K)
[15.410s][info ][gc             ] GC(478) Pause Young (Normal) (G1 Evacuation Pause) 256M->4M(424M) 0.602ms
[15.410s][info ][gc,cpu         ] GC(478) User=0.00s Sys=0.00s Real=0.00s
[15.426s][info ][gc,start       ] GC(479) Pause Young (Normal) (G1 Evacuation Pause)
[15.426s][info ][gc,task        ] GC(479) Using 9 workers of 9 for evacuation
[15.426s][debug][gc,age         ] GC(479) Desired survivor size 16777216 bytes, new threshold 15 (max threshold 15)
[15.427s][info ][gc,phases      ] GC(479)   Pre Evacuate Collection Set: 0.07ms
[15.427s][info ][gc,phases      ] GC(479)   Merge Heap Roots: 0.06ms
[15.427s][info ][gc,phases      ] GC(479)   Evacuate Collection Set: 0.12ms
[15.427s][info ][gc,phases      ] GC(479)   Post Evacuate Collection Set: 0.16ms
[15.427s][info ][gc,phases      ] GC(479)   Other: 0.04ms
[15.427s][trace][gc,age         ] GC(479) Age table:
[15.427s][trace][gc,age         ] GC(479) - age   1:        192 bytes,        192 total
[15.427s][info ][gc,heap        ] GC(479) Eden regions: 253->0(253)
[15.427s][info ][gc,heap        ] GC(479) Survivor regions: 1->1(32)
[15.427s][info ][gc,heap        ] GC(479) Old regions: 11->11
[15.427s][info ][gc,heap        ] GC(479) Humongous regions: 0->0
[15.427s][info ][gc,metaspace   ] GC(479) Metaspace: 10117K(10368K)->10117K(10368K) NonClass: 9153K(9344K)->9153K(9344K) Class: 963K(1024K)->963K(1024K)
[15.427s][info ][gc             ] GC(479) Pause Young (Normal) (G1 Evacuation Pause) 256M->4M(424M) 0.538ms
[15.427s][info ][gc,cpu         ] GC(479) User=0.00s Sys=0.00s Real=0.00s
[15.442s][info ][gc,start       ] GC(480) Pause Young (Normal) (G1 Evacuation Pause)
[15.442s][info ][gc,task        ] GC(480) Using 9 workers of 9 for evacuation
[15.442s][debug][gc,age         ] GC(480) Desired survivor size 16777216 bytes, new threshold 15 (max threshold 15)
[15.443s][info ][gc,phases      ] GC(480)   Pre Evacuate Collection Set: 0.11ms
[15.443s][info ][gc,phases      ] GC(480)   Merge Heap Roots: 0.09ms
[15.443s][info ][gc,phases      ] GC(480)   Evacuate Collection Set: 0.11ms
[15.443s][info ][gc,phases      ] GC(480)   Post Evacuate Collection Set: 0.18ms
[15.443s][info ][gc,phases      ] GC(480)   Other: 0.05ms
[15.443s][trace][gc,age         ] GC(480) Age table:
[15.443s][trace][gc,age         ] GC(480) - age   1:        192 bytes,        192 total
[15.443s][info ][gc,heap        ] GC(480) Eden regions: 253->0(253)
[15.443s][info ][gc,heap        ] GC(480) Survivor regions: 1->1(32)
[15.443s][info ][gc,heap        ] GC(480) Old regions: 11->11
[15.443s][info ][gc,heap        ] GC(480) Humongous regions: 0->0
[15.443s][info ][gc,metaspace   ] GC(480) Metaspace: 10117K(10368K)->10117K(10368K) NonClass: 9153K(9344K)->9153K(9344K) Class: 963K(1024K)->963K(1024K)
[15.443s][info ][gc             ] GC(480) Pause Young (Normal) (G1 Evacuation Pause) 256M->4M(424M) 0.623ms
[15.443s][info ][gc,cpu         ] GC(480) User=0.01s Sys=0.00s Real=0.00s
[15.458s][info ][gc,start       ] GC(481) Pause Young (Normal) (G1 Evacuation Pause)
[15.458s][info ][gc,task        ] GC(481) Using 9 workers of 9 for evacuation
[15.458s][debug][gc,age         ] GC(481) Desired survivor size 16777216 bytes, new threshold 15 (max threshold 15)
[15.459s][info ][gc,phases      ] GC(481)   Pre Evacuate Collection Set: 0.07ms
[15.459s][info ][gc,phases      ] GC(481)   Merge Heap Roots: 0.06ms
[15.459s][info ][gc,phases      ] GC(481)   Evacuate Collection Set: 0.10ms
[15.459s][info ][gc,phases      ] GC(481)   Post Evacuate Collection Set: 0.18ms
[15.459s][info ][gc,phases      ] GC(481)   Other: 0.07ms
[15.459s][trace][gc,age         ] GC(481) Age table:
[15.459s][trace][gc,age         ] GC(481) - age   1:        192 bytes,        192 total
[15.459s][info ][gc,heap        ] GC(481) Eden regions: 253->0(253)
[15.459s][info ][gc,heap        ] GC(481) Survivor regions: 1->1(32)
[15.459s][info ][gc,heap        ] GC(481) Old regions: 11->11
[15.459s][info ][gc,heap        ] GC(481) Humongous regions: 0->0
[15.459s][info ][gc,metaspace   ] GC(481) Metaspace: 10117K(10368K)->10117K(10368K) NonClass: 9153K(9344K)->9153K(9344K) Class: 963K(1024K)->963K(1024K)
[15.459s][info ][gc             ] GC(481) Pause Young (Normal) (G1 Evacuation Pause) 256M->4M(424M) 0.579ms
[15.459s][info ][gc,cpu         ] GC(481) User=0.00s Sys=0.00s Real=0.00s
[15.475s][info ][gc,start       ] GC(482) Pause Young (Normal) (G1 Evacuation Pause)
[15.475s][info ][gc,task        ] GC(482) Using 9 workers of 9 for evacuation
[15.475s][debug][gc,age         ] GC(482) Desired survivor size 16777216 bytes, new threshold 15 (max threshold 15)
[15.475s][info ][gc,phases      ] GC(482)   Pre Evacuate Collection Set: 0.09ms
[15.475s][info ][gc,phases      ] GC(482)   Merge Heap Roots: 0.07ms
[15.475s][info ][gc,phases      ] GC(482)   Evacuate Collection Set: 0.09ms
[15.475s][info ][gc,phases      ] GC(482)   Post Evacuate Collection Set: 0.18ms
[15.475s][info ][gc,phases      ] GC(482)   Other: 0.05ms
[15.475s][trace][gc,age         ] GC(482) Age table:
[15.475s][trace][gc,age         ] GC(482) - age   1:        192 bytes,        192 total
[15.475s][info ][gc,heap        ] GC(482) Eden regions: 253->0(253)
[15.475s][info ][gc,heap        ] GC(482) Survivor regions: 1->1(32)
[15.475s][info ][gc,heap        ] GC(482) Old regions: 11->11
[15.475s][info ][gc,heap        ] GC(482) Humongous regions: 0->0
[15.475s][info ][gc,metaspace   ] GC(482) Metaspace: 10117K(10368K)->10117K(10368K) NonClass: 9153K(9344K)->9153K(9344K) Class: 963K(1024K)->963K(1024K)
[15.475s][info ][gc             ] GC(482) Pause Young (Normal) (G1 Evacuation Pause) 256M->4M(424M) 0.575ms
[15.475s][info ][gc,cpu         ] GC(482) User=0.00s Sys=0.00s Real=0.01s
[15.491s][info ][gc,start       ] GC(483) Pause Young (Normal) (G1 Evacuation Pause)
[15.491s][info ][gc,task        ] GC(483) Using 9 workers of 9 for evacuation
[15.491s][debug][gc,age         ] GC(483) Desired survivor size 16777216 bytes, new threshold 15 (max threshold 15)
[15.491s][info ][gc,phases      ] GC(483)   Pre Evacuate Collection Set: 0.07ms
[15.491s][info ][gc,phases      ] GC(483)   Merge Heap Roots: 0.08ms
[15.491s][info ][gc,phases      ] GC(483)   Evacuate Collection Set: 0.13ms
[15.491s][info ][gc,phases      ] GC(483)   Post Evacuate Collection Set: 0.20ms
[15.491s][info ][gc,phases      ] GC(483)   Other: 0.06ms
[15.491s][trace][gc,age         ] GC(483) Age table:
[15.491s][trace][gc,age         ] GC(483) - age   1:        192 bytes,        192 total
[15.491s][info ][gc,heap        ] GC(483) Eden regions: 253->0(253)
[15.491s][info ][gc,heap        ] GC(483) Survivor regions: 1->1(32)
[15.491s][info ][gc,heap        ] GC(483) Old regions: 11->11
[15.491s][info ][gc,heap        ] GC(483) Humongous regions: 0->0
[15.491s][info ][gc,metaspace   ] GC(483) Metaspace: 10117K(10368K)->10117K(10368K) NonClass: 9153K(9344K)->9153K(9344K) Class: 963K(1024K)->963K(1024K)
[15.491s][info ][gc             ] GC(483) Pause Young (Normal) (G1 Evacuation Pause) 256M->4M(424M) 0.631ms
[15.491s][info ][gc,cpu         ] GC(483) User=0.00s Sys=0.00s Real=0.00s
[15.507s][info ][gc,start       ] GC(484) Pause Young (Normal) (G1 Evacuation Pause)
[15.507s][info ][gc,task        ] GC(484) Using 9 workers of 9 for evacuation
[15.507s][debug][gc,age         ] GC(484) Desired survivor size 16777216 bytes, new threshold 15 (max threshold 15)
[15.508s][info ][gc,phases      ] GC(484)   Pre Evacuate Collection Set: 0.10ms
[15.508s][info ][gc,phases      ] GC(484)   Merge Heap Roots: 0.07ms
[15.508s][info ][gc,phases      ] GC(484)   Evacuate Collection Set: 0.12ms
[15.508s][info ][gc,phases      ] GC(484)   Post Evacuate Collection Set: 0.19ms
[15.508s][info ][gc,phases      ] GC(484)   Other: 0.07ms
[15.508s][trace][gc,age         ] GC(484) Age table:
[15.508s][trace][gc,age         ] GC(484) - age   1:        192 bytes,        192 total
[15.508s][info ][gc,heap        ] GC(484) Eden regions: 253->0(253)
[15.508s][info ][gc,heap        ] GC(484) Survivor regions: 1->1(32)
[15.508s][info ][gc,heap        ] GC(484) Old regions: 11->11
[15.508s][info ][gc,heap        ] GC(484) Humongous regions: 0->0
[15.508s][info ][gc,metaspace   ] GC(484) Metaspace: 10117K(10368K)->10117K(10368K) NonClass: 9153K(9344K)->9153K(9344K) Class: 963K(1024K)->963K(1024K)
[15.508s][info ][gc             ] GC(484) Pause Young (Normal) (G1 Evacuation Pause) 256M->4M(424M) 0.650ms
[15.508s][info ][gc,cpu         ] GC(484) User=0.00s Sys=0.00s Real=0.00s
[15.523s][info ][gc,start       ] GC(485) Pause Young (Normal) (G1 Evacuation Pause)
[15.523s][info ][gc,task        ] GC(485) Using 9 workers of 9 for evacuation
[15.523s][debug][gc,age         ] GC(485) Desired survivor size 16777216 bytes, new threshold 15 (max threshold 15)
[15.524s][info ][gc,phases      ] GC(485)   Pre Evacuate Collection Set: 0.09ms
[15.524s][info ][gc,phases      ] GC(485)   Merge Heap Roots: 0.08ms
[15.524s][info ][gc,phases      ] GC(485)   Evacuate Collection Set: 0.09ms
[15.524s][info ][gc,phases      ] GC(485)   Post Evacuate Collection Set: 0.18ms
[15.524s][info ][gc,phases      ] GC(485)   Other: 0.05ms
[15.524s][trace][gc,age         ] GC(485) Age table:
[15.524s][trace][gc,age         ] GC(485) - age   1:        192 bytes,        192 total
[15.524s][info ][gc,heap        ] GC(485) Eden regions: 253->0(253)
[15.524s][info ][gc,heap        ] GC(485) Survivor regions: 1->1(32)
[15.524s][info ][gc,heap        ] GC(485) Old regions: 11->11
[15.524s][info ][gc,heap        ] GC(485) Humongous regions: 0->0
[15.524s][info ][gc,metaspace   ] GC(485) Metaspace: 10117K(10368K)->10117K(10368K) NonClass: 9153K(9344K)->9153K(9344K) Class: 963K(1024K)->963K(1024K)
[15.524s][info ][gc             ] GC(485) Pause Young (Normal) (G1 Evacuation Pause) 256M->4M(424M) 0.575ms
[15.524s][info ][gc,cpu         ] GC(485) User=0.00s Sys=0.00s Real=0.00s
[15.539s][info ][gc,start       ] GC(486) Pause Young (Normal) (G1 Evacuation Pause)
[15.539s][info ][gc,task        ] GC(486) Using 9 workers of 9 for evacuation
[15.539s][debug][gc,age         ] GC(486) Desired survivor size 16777216 bytes, new threshold 15 (max threshold 15)
[15.540s][info ][gc,phases      ] GC(486)   Pre Evacuate Collection Set: 0.08ms
[15.540s][info ][gc,phases      ] GC(486)   Merge Heap Roots: 0.07ms
[15.540s][info ][gc,phases      ] GC(486)   Evacuate Collection Set: 0.10ms
[15.540s][info ][gc,phases      ] GC(486)   Post Evacuate Collection Set: 0.17ms
[15.540s][info ][gc,phases      ] GC(486)   Other: 0.07ms
[15.540s][trace][gc,age         ] GC(486) Age table:
[15.540s][trace][gc,age         ] GC(486) - age   1:        192 bytes,        192 total
[15.540s][info ][gc,heap        ] GC(486) Eden regions: 253->0(253)
[15.540s][info ][gc,heap        ] GC(486) Survivor regions: 1->1(32)
[15.540s][info ][gc,heap        ] GC(486) Old regions: 11->11
[15.540s][info ][gc,heap        ] GC(486) Humongous regions: 0->0
[15.540s][info ][gc,metaspace   ] GC(486) Metaspace: 10117K(10368K)->10117K(10368K) NonClass: 9153K(9344K)->9153K(9344K) Class: 963K(1024K)->963K(1024K)
[15.540s][info ][gc             ] GC(486) Pause Young (Normal) (G1 Evacuation Pause) 256M->4M(424M) 0.593ms
[15.540s][info ][gc,cpu         ] GC(486) User=0.00s Sys=0.00s Real=0.00s
[15.556s][info ][gc,start       ] GC(487) Pause Young (Normal) (G1 Evacuation Pause)
[15.556s][info ][gc,task        ] GC(487) Using 9 workers of 9 for evacuation
[15.556s][debug][gc,age         ] GC(487) Desired survivor size 16777216 bytes, new threshold 15 (max threshold 15)
[15.556s][info ][gc,phases      ] GC(487)   Pre Evacuate Collection Set: 0.10ms
[15.556s][info ][gc,phases      ] GC(487)   Merge Heap Roots: 0.08ms
[15.556s][info ][gc,phases      ] GC(487)   Evacuate Collection Set: 0.10ms
[15.556s][info ][gc,phases      ] GC(487)   Post Evacuate Collection Set: 0.17ms
[15.556s][info ][gc,phases      ] GC(487)   Other: 0.04ms
[15.556s][trace][gc,age         ] GC(487) Age table:
[15.556s][trace][gc,age         ] GC(487) - age   1:        192 bytes,        192 total
[15.556s][info ][gc,heap        ] GC(487) Eden regions: 253->0(253)
[15.556s][info ][gc,heap        ] GC(487) Survivor regions: 1->1(32)
[15.556s][info ][gc,heap        ] GC(487) Old regions: 11->11
[15.556s][info ][gc,heap        ] GC(487) Humongous regions: 0->0
[15.556s][info ][gc,metaspace   ] GC(487) Metaspace: 10117K(10368K)->10117K(10368K) NonClass: 9153K(9344K)->9153K(9344K) Class: 963K(1024K)->963K(1024K)
[15.556s][info ][gc             ] GC(487) Pause Young (Normal) (G1 Evacuation Pause) 256M->4M(424M) 0.583ms
[15.556s][info ][gc,cpu         ] GC(487) User=0.00s Sys=0.00s Real=0.00s
[15.572s][info ][gc,start       ] GC(488) Pause Young (Normal) (G1 Evacuation Pause)
[15.572s][info ][gc,task        ] GC(488) Using 9 workers of 9 for evacuation
[15.572s][debug][gc,age         ] GC(488) Desired survivor size 16777216 bytes, new threshold 15 (max threshold 15)
[15.573s][info ][gc,phases      ] GC(488)   Pre Evacuate Collection Set: 0.08ms
[15.573s][info ][gc,phases      ] GC(488)   Merge Heap Roots: 0.08ms
[15.573s][info ][gc,phases      ] GC(488)   Evacuate Collection Set: 0.09ms
[15.573s][info ][gc,phases      ] GC(488)   Post Evacuate Collection Set: 0.20ms
[15.573s][info ][gc,phases      ] GC(488)   Other: 0.06ms
[15.573s][trace][gc,age         ] GC(488) Age table:
[15.573s][trace][gc,age         ] GC(488) - age   1:        192 bytes,        192 total
[15.573s][info ][gc,heap        ] GC(488) Eden regions: 253->0(253)
[15.573s][info ][gc,heap        ] GC(488) Survivor regions: 1->1(32)
[15.573s][info ][gc,heap        ] GC(488) Old regions: 11->11
[15.573s][info ][gc,heap        ] GC(488) Humongous regions: 0->0
[15.573s][info ][gc,metaspace   ] GC(488) Metaspace: 10117K(10368K)->10117K(10368K) NonClass: 9153K(9344K)->9153K(9344K) Class: 963K(1024K)->963K(1024K)
[15.573s][info ][gc             ] GC(488) Pause Young (Normal) (G1 Evacuation Pause) 256M->4M(424M) 0.621ms
[15.573s][info ][gc,cpu         ] GC(488) User=0.00s Sys=0.00s Real=0.00s
[15.588s][info ][gc,start       ] GC(489) Pause Young (Normal) (G1 Evacuation Pause)
[15.588s][info ][gc,task        ] GC(489) Using 9 workers of 9 for evacuation
[15.588s][debug][gc,age         ] GC(489) Desired survivor size 16777216 bytes, new threshold 15 (max threshold 15)
[15.589s][info ][gc,phases      ] GC(489)   Pre Evacuate Collection Set: 0.09ms
[15.589s][info ][gc,phases      ] GC(489)   Merge Heap Roots: 0.09ms
[15.589s][info ][gc,phases      ] GC(489)   Evacuate Collection Set: 0.11ms
[15.589s][info ][gc,phases      ] GC(489)   Post Evacuate Collection Set: 0.17ms
[15.589s][info ][gc,phases      ] GC(489)   Other: 0.07ms
[15.589s][trace][gc,age         ] GC(489) Age table:
[15.589s][trace][gc,age         ] GC(489) - age   1:        192 bytes,        192 total
[15.589s][info ][gc,heap        ] GC(489) Eden regions: 253->0(253)
[15.589s][info ][gc,heap        ] GC(489) Survivor regions: 1->1(32)
[15.589s][info ][gc,heap        ] GC(489) Old regions: 11->11
[15.589s][info ][gc,heap        ] GC(489) Humongous regions: 0->0
[15.589s][info ][gc,metaspace   ] GC(489) Metaspace: 10117K(10368K)->10117K(10368K) NonClass: 9153K(9344K)->9153K(9344K) Class: 963K(1024K)->963K(1024K)
[15.589s][info ][gc             ] GC(489) Pause Young (Normal) (G1 Evacuation Pause) 256M->4M(424M) 0.626ms
[15.589s][info ][gc,cpu         ] GC(489) User=0.00s Sys=0.01s Real=0.00s
[15.604s][info ][gc,start       ] GC(490) Pause Young (Normal) (G1 Evacuation Pause)
[15.604s][info ][gc,task        ] GC(490) Using 9 workers of 9 for evacuation
[15.604s][debug][gc,age         ] GC(490) Desired survivor size 16777216 bytes, new threshold 15 (max threshold 15)
[15.605s][info ][gc,phases      ] GC(490)   Pre Evacuate Collection Set: 0.07ms
[15.605s][info ][gc,phases      ] GC(490)   Merge Heap Roots: 0.07ms
[15.605s][info ][gc,phases      ] GC(490)   Evacuate Collection Set: 0.13ms
[15.605s][info ][gc,phases      ] GC(490)   Post Evacuate Collection Set: 0.16ms
[15.605s][info ][gc,phases      ] GC(490)   Other: 0.06ms
[15.605s][trace][gc,age         ] GC(490) Age table:
[15.605s][trace][gc,age         ] GC(490) - age   1:        192 bytes,        192 total
[15.605s][info ][gc,heap        ] GC(490) Eden regions: 253->0(253)
[15.605s][info ][gc,heap        ] GC(490) Survivor regions: 1->1(32)
[15.605s][info ][gc,heap        ] GC(490) Old regions: 11->11
[15.605s][info ][gc,heap        ] GC(490) Humongous regions: 0->0
[15.605s][info ][gc,metaspace   ] GC(490) Metaspace: 10117K(10368K)->10117K(10368K) NonClass: 9153K(9344K)->9153K(9344K) Class: 963K(1024K)->963K(1024K)
[15.605s][info ][gc             ] GC(490) Pause Young (Normal) (G1 Evacuation Pause) 256M->4M(424M) 0.590ms
[15.605s][info ][gc,cpu         ] GC(490) User=0.00s Sys=0.00s Real=0.00s
[15.621s][info ][gc,start       ] GC(491) Pause Young (Normal) (G1 Evacuation Pause)
[15.621s][info ][gc,task        ] GC(491) Using 9 workers of 9 for evacuation
[15.621s][debug][gc,age         ] GC(491) Desired survivor size 16777216 bytes, new threshold 15 (max threshold 15)
[15.621s][info ][gc,phases      ] GC(491)   Pre Evacuate Collection Set: 0.08ms
[15.621s][info ][gc,phases      ] GC(491)   Merge Heap Roots: 0.06ms
[15.621s][info ][gc,phases      ] GC(491)   Evacuate Collection Set: 0.11ms
[15.621s][info ][gc,phases      ] GC(491)   Post Evacuate Collection Set: 0.17ms
[15.621s][info ][gc,phases      ] GC(491)   Other: 0.06ms
[15.621s][trace][gc,age         ] GC(491) Age table:
[15.621s][trace][gc,age         ] GC(491) - age   1:        192 bytes,        192 total
[15.621s][info ][gc,heap        ] GC(491) Eden regions: 253->0(253)
[15.621s][info ][gc,heap        ] GC(491) Survivor regions: 1->1(32)
[15.621s][info ][gc,heap        ] GC(491) Old regions: 11->11
[15.621s][info ][gc,heap        ] GC(491) Humongous regions: 0->0
[15.621s][info ][gc,metaspace   ] GC(491) Metaspace: 10117K(10368K)->10117K(10368K) NonClass: 9153K(9344K)->9153K(9344K) Class: 963K(1024K)->963K(1024K)
[15.621s][info ][gc             ] GC(491) Pause Young (Normal) (G1 Evacuation Pause) 256M->4M(424M) 0.569ms
[15.621s][info ][gc,cpu         ] GC(491) User=0.00s Sys=0.00s Real=0.00s
[15.637s][info ][gc,start       ] GC(492) Pause Young (Normal) (G1 Evacuation Pause)
[15.637s][info ][gc,task        ] GC(492) Using 9 workers of 9 for evacuation
[15.637s][debug][gc,age         ] GC(492) Desired survivor size 16777216 bytes, new threshold 15 (max threshold 15)
[15.637s][info ][gc,phases      ] GC(492)   Pre Evacuate Collection Set: 0.09ms
[15.637s][info ][gc,phases      ] GC(492)   Merge Heap Roots: 0.07ms
[15.637s][info ][gc,phases      ] GC(492)   Evacuate Collection Set: 0.11ms
[15.637s][info ][gc,phases      ] GC(492)   Post Evacuate Collection Set: 0.18ms
[15.637s][info ][gc,phases      ] GC(492)   Other: 0.05ms
[15.637s][trace][gc,age         ] GC(492) Age table:
[15.637s][trace][gc,age         ] GC(492) - age   1:        192 bytes,        192 total
[15.637s][info ][gc,heap        ] GC(492) Eden regions: 253->0(253)
[15.637s][info ][gc,heap        ] GC(492) Survivor regions: 1->1(32)
[15.637s][info ][gc,heap        ] GC(492) Old regions: 11->11
[15.637s][info ][gc,heap        ] GC(492) Humongous regions: 0->0
[15.637s][info ][gc,metaspace   ] GC(492) Metaspace: 10117K(10368K)->10117K(10368K) NonClass: 9153K(9344K)->9153K(9344K) Class: 963K(1024K)->963K(1024K)
[15.637s][info ][gc             ] GC(492) Pause Young (Normal) (G1 Evacuation Pause) 256M->4M(424M) 0.585ms
[15.637s][info ][gc,cpu         ] GC(492) User=0.00s Sys=0.00s Real=0.00s
[15.653s][info ][gc,start       ] GC(493) Pause Young (Normal) (G1 Evacuation Pause)
[15.653s][info ][gc,task        ] GC(493) Using 9 workers of 9 for evacuation
[15.653s][debug][gc,age         ] GC(493) Desired survivor size 16777216 bytes, new threshold 15 (max threshold 15)
[15.653s][info ][gc,phases      ] GC(493)   Pre Evacuate Collection Set: 0.09ms
[15.653s][info ][gc,phases      ] GC(493)   Merge Heap Roots: 0.07ms
[15.653s][info ][gc,phases      ] GC(493)   Evacuate Collection Set: 0.09ms
[15.653s][info ][gc,phases      ] GC(493)   Post Evacuate Collection Set: 0.17ms
[15.653s][info ][gc,phases      ] GC(493)   Other: 0.06ms
[15.653s][trace][gc,age         ] GC(493) Age table:
[15.653s][trace][gc,age         ] GC(493) - age   1:        192 bytes,        192 total
[15.653s][info ][gc,heap        ] GC(493) Eden regions: 253->0(253)
[15.653s][info ][gc,heap        ] GC(493) Survivor regions: 1->1(32)
[15.653s][info ][gc,heap        ] GC(493) Old regions: 11->11
[15.653s][info ][gc,heap        ] GC(493) Humongous regions: 0->0
[15.653s][info ][gc,metaspace   ] GC(493) Metaspace: 10117K(10368K)->10117K(10368K) NonClass: 9153K(9344K)->9153K(9344K) Class: 963K(1024K)->963K(1024K)
[15.653s][info ][gc             ] GC(493) Pause Young (Normal) (G1 Evacuation Pause) 256M->4M(424M) 0.587ms
[15.653s][info ][gc,cpu         ] GC(493) User=0.00s Sys=0.00s Real=0.00s
[15.669s][info ][gc,start       ] GC(494) Pause Young (Normal) (G1 Evacuation Pause)
[15.669s][info ][gc,task        ] GC(494) Using 9 workers of 9 for evacuation
[15.669s][debug][gc,age         ] GC(494) Desired survivor size 16777216 bytes, new threshold 15 (max threshold 15)
[15.669s][info ][gc,phases      ] GC(494)   Pre Evacuate Collection Set: 0.09ms
[15.669s][info ][gc,phases      ] GC(494)   Merge Heap Roots: 0.10ms
[15.669s][info ][gc,phases      ] GC(494)   Evacuate Collection Set: 0.12ms
[15.669s][info ][gc,phases      ] GC(494)   Post Evacuate Collection Set: 0.18ms
[15.669s][info ][gc,phases      ] GC(494)   Other: 0.07ms
[15.670s][trace][gc,age         ] GC(494) Age table:
[15.670s][trace][gc,age         ] GC(494) - age   1:        192 bytes,        192 total
[15.670s][info ][gc,heap        ] GC(494) Eden regions: 253->0(253)
[15.670s][info ][gc,heap        ] GC(494) Survivor regions: 1->1(32)
[15.670s][info ][gc,heap        ] GC(494) Old regions: 11->11
[15.670s][info ][gc,heap        ] GC(494) Humongous regions: 0->0
[15.670s][info ][gc,metaspace   ] GC(494) Metaspace: 10117K(10368K)->10117K(10368K) NonClass: 9153K(9344K)->9153K(9344K) Class: 963K(1024K)->963K(1024K)
[15.670s][info ][gc             ] GC(494) Pause Young (Normal) (G1 Evacuation Pause) 256M->4M(424M) 0.649ms
[15.670s][info ][gc,cpu         ] GC(494) User=0.00s Sys=0.00s Real=0.00s
[15.685s][info ][gc,start       ] GC(495) Pause Young (Normal) (G1 Evacuation Pause)
[15.685s][info ][gc,task        ] GC(495) Using 9 workers of 9 for evacuation
[15.685s][debug][gc,age         ] GC(495) Desired survivor size 16777216 bytes, new threshold 15 (max threshold 15)
[15.686s][info ][gc,phases      ] GC(495)   Pre Evacuate Collection Set: 0.07ms
[15.686s][info ][gc,phases      ] GC(495)   Merge Heap Roots: 0.06ms
[15.686s][info ][gc,phases      ] GC(495)   Evacuate Collection Set: 0.12ms
[15.686s][info ][gc,phases      ] GC(495)   Post Evacuate Collection Set: 0.16ms
[15.686s][info ][gc,phases      ] GC(495)   Other: 0.06ms
[15.686s][trace][gc,age         ] GC(495) Age table:
[15.686s][trace][gc,age         ] GC(495) - age   1:        192 bytes,        192 total
[15.686s][info ][gc,heap        ] GC(495) Eden regions: 253->0(253)
[15.686s][info ][gc,heap        ] GC(495) Survivor regions: 1->1(32)
[15.686s][info ][gc,heap        ] GC(495) Old regions: 11->11
[15.686s][info ][gc,heap        ] GC(495) Humongous regions: 0->0
[15.686s][info ][gc,metaspace   ] GC(495) Metaspace: 10117K(10368K)->10117K(10368K) NonClass: 9153K(9344K)->9153K(9344K) Class: 963K(1024K)->963K(1024K)
[15.686s][info ][gc             ] GC(495) Pause Young (Normal) (G1 Evacuation Pause) 256M->4M(424M) 0.560ms
[15.686s][info ][gc,cpu         ] GC(495) User=0.00s Sys=0.00s Real=0.00s
[15.701s][info ][gc,start       ] GC(496) Pause Young (Normal) (G1 Evacuation Pause)
[15.701s][info ][gc,task        ] GC(496) Using 9 workers of 9 for evacuation
[15.701s][debug][gc,age         ] GC(496) Desired survivor size 16777216 bytes, new threshold 15 (max threshold 15)
[15.702s][info ][gc,phases      ] GC(496)   Pre Evacuate Collection Set: 0.09ms
[15.702s][info ][gc,phases      ] GC(496)   Merge Heap Roots: 0.07ms
[15.702s][info ][gc,phases      ] GC(496)   Evacuate Collection Set: 0.10ms
[15.702s][info ][gc,phases      ] GC(496)   Post Evacuate Collection Set: 0.19ms
[15.702s][info ][gc,phases      ] GC(496)   Other: 0.05ms
[15.702s][trace][gc,age         ] GC(496) Age table:
[15.702s][trace][gc,age         ] GC(496) - age   1:        192 bytes,        192 total
[15.702s][info ][gc,heap        ] GC(496) Eden regions: 253->0(253)
[15.702s][info ][gc,heap        ] GC(496) Survivor regions: 1->1(32)
[15.702s][info ][gc,heap        ] GC(496) Old regions: 11->11
[15.702s][info ][gc,heap        ] GC(496) Humongous regions: 0->0
[15.702s][info ][gc,metaspace   ] GC(496) Metaspace: 10117K(10368K)->10117K(10368K) NonClass: 9153K(9344K)->9153K(9344K) Class: 963K(1024K)->963K(1024K)
[15.702s][info ][gc             ] GC(496) Pause Young (Normal) (G1 Evacuation Pause) 256M->4M(424M) 0.577ms
[15.702s][info ][gc,cpu         ] GC(496) User=0.00s Sys=0.00s Real=0.00s
[15.717s][info ][gc,start       ] GC(497) Pause Young (Normal) (G1 Evacuation Pause)
[15.717s][info ][gc,task        ] GC(497) Using 9 workers of 9 for evacuation
[15.717s][debug][gc,age         ] GC(497) Desired survivor size 16777216 bytes, new threshold 15 (max threshold 15)
[15.718s][info ][gc,phases      ] GC(497)   Pre Evacuate Collection Set: 0.08ms
[15.718s][info ][gc,phases      ] GC(497)   Merge Heap Roots: 0.06ms
[15.718s][info ][gc,phases      ] GC(497)   Evacuate Collection Set: 0.10ms
[15.718s][info ][gc,phases      ] GC(497)   Post Evacuate Collection Set: 0.16ms
[15.718s][info ][gc,phases      ] GC(497)   Other: 0.05ms
[15.718s][trace][gc,age         ] GC(497) Age table:
[15.718s][trace][gc,age         ] GC(497) - age   1:        192 bytes,        192 total
[15.718s][info ][gc,heap        ] GC(497) Eden regions: 253->0(253)
[15.718s][info ][gc,heap        ] GC(497) Survivor regions: 1->1(32)
[15.718s][info ][gc,heap        ] GC(497) Old regions: 11->11
[15.718s][info ][gc,heap        ] GC(497) Humongous regions: 0->0
[15.718s][info ][gc,metaspace   ] GC(497) Metaspace: 10117K(10368K)->10117K(10368K) NonClass: 9153K(9344K)->9153K(9344K) Class: 963K(1024K)->963K(1024K)
[15.718s][info ][gc             ] GC(497) Pause Young (Normal) (G1 Evacuation Pause) 256M->4M(424M) 0.542ms
[15.718s][info ][gc,cpu         ] GC(497) User=0.00s Sys=0.00s Real=0.00s
[15.733s][info ][gc,start       ] GC(498) Pause Young (Normal) (G1 Evacuation Pause)
[15.733s][info ][gc,task        ] GC(498) Using 9 workers of 9 for evacuation
[15.733s][debug][gc,age         ] GC(498) Desired survivor size 16777216 bytes, new threshold 15 (max threshold 15)
[15.734s][info ][gc,phases      ] GC(498)   Pre Evacuate Collection Set: 0.07ms
[15.734s][info ][gc,phases      ] GC(498)   Merge Heap Roots: 0.05ms
[15.734s][info ][gc,phases      ] GC(498)   Evacuate Collection Set: 0.13ms
[15.734s][info ][gc,phases      ] GC(498)   Post Evacuate Collection Set: 0.17ms
[15.734s][info ][gc,phases      ] GC(498)   Other: 0.04ms
[15.734s][trace][gc,age         ] GC(498) Age table:
[15.734s][trace][gc,age         ] GC(498) - age   1:        192 bytes,        192 total
[15.734s][info ][gc,heap        ] GC(498) Eden regions: 253->0(253)
[15.734s][info ][gc,heap        ] GC(498) Survivor regions: 1->1(32)
[15.734s][info ][gc,heap        ] GC(498) Old regions: 11->11
[15.734s][info ][gc,heap        ] GC(498) Humongous regions: 0->0
[15.734s][info ][gc,metaspace   ] GC(498) Metaspace: 10117K(10368K)->10117K(10368K) NonClass: 9153K(9344K)->9153K(9344K) Class: 963K(1024K)->963K(1024K)
[15.734s][info ][gc             ] GC(498) Pause Young (Normal) (G1 Evacuation Pause) 256M->4M(424M) 0.562ms
[15.734s][info ][gc,cpu         ] GC(498) User=0.00s Sys=0.00s Real=0.00s
[15.750s][info ][gc,start       ] GC(499) Pause Young (Normal) (G1 Evacuation Pause)
[15.750s][info ][gc,task        ] GC(499) Using 9 workers of 9 for evacuation
[15.750s][debug][gc,age         ] GC(499) Desired survivor size 16777216 bytes, new threshold 15 (max threshold 15)
[15.750s][info ][gc,phases      ] GC(499)   Pre Evacuate Collection Set: 0.07ms
[15.750s][info ][gc,phases      ] GC(499)   Merge Heap Roots: 0.07ms
[15.750s][info ][gc,phases      ] GC(499)   Evacuate Collection Set: 0.08ms
[15.750s][info ][gc,phases      ] GC(499)   Post Evacuate Collection Set: 0.20ms
[15.750s][info ][gc,phases      ] GC(499)   Other: 0.05ms
[15.750s][trace][gc,age         ] GC(499) Age table:
[15.750s][trace][gc,age         ] GC(499) - age   1:        192 bytes,        192 total
[15.750s][info ][gc,heap        ] GC(499) Eden regions: 253->0(253)
[15.750s][info ][gc,heap        ] GC(499) Survivor regions: 1->1(32)
[15.750s][info ][gc,heap        ] GC(499) Old regions: 11->11
[15.750s][info ][gc,heap        ] GC(499) Humongous regions: 0->0
[15.750s][info ][gc,metaspace   ] GC(499) Metaspace: 10117K(10368K)->10117K(10368K) NonClass: 9153K(9344K)->9153K(9344K) Class: 963K(1024K)->963K(1024K)
[15.750s][info ][gc             ] GC(499) Pause Young (Normal) (G1 Evacuation Pause) 256M->4M(424M) 0.560ms
[15.750s][info ][gc,cpu         ] GC(499) User=0.00s Sys=0.00s Real=0.00s
[15.766s][info ][gc,start       ] GC(500) Pause Young (Normal) (G1 Evacuation Pause)
[15.766s][info ][gc,task        ] GC(500) Using 9 workers of 9 for evacuation
[15.766s][debug][gc,age         ] GC(500) Desired survivor size 16777216 bytes, new threshold 15 (max threshold 15)
[15.766s][info ][gc,phases      ] GC(500)   Pre Evacuate Collection Set: 0.08ms
[15.766s][info ][gc,phases      ] GC(500)   Merge Heap Roots: 0.06ms
[15.766s][info ][gc,phases      ] GC(500)   Evacuate Collection Set: 0.11ms
[15.766s][info ][gc,phases      ] GC(500)   Post Evacuate Collection Set: 0.14ms
[15.766s][info ][gc,phases      ] GC(500)   Other: 0.04ms
[15.766s][trace][gc,age         ] GC(500) Age table:
[15.766s][trace][gc,age         ] GC(500) - age   1:        192 bytes,        192 total
[15.766s][info ][gc,heap        ] GC(500) Eden regions: 253->0(253)
[15.766s][info ][gc,heap        ] GC(500) Survivor regions: 1->1(32)
[15.766s][info ][gc,heap        ] GC(500) Old regions: 11->11
[15.766s][info ][gc,heap        ] GC(500) Humongous regions: 0->0
[15.766s][info ][gc,metaspace   ] GC(500) Metaspace: 10117K(10368K)->10117K(10368K) NonClass: 9153K(9344K)->9153K(9344K) Class: 963K(1024K)->963K(1024K)
[15.766s][info ][gc             ] GC(500) Pause Young (Normal) (G1 Evacuation Pause) 256M->4M(424M) 0.519ms
[15.766s][info ][gc,cpu         ] GC(500) User=0.00s Sys=0.00s Real=0.00s
[15.782s][info ][gc,start       ] GC(501) Pause Young (Normal) (G1 Evacuation Pause)
[15.782s][info ][gc,task        ] GC(501) Using 9 workers of 9 for evacuation
[15.782s][debug][gc,age         ] GC(501) Desired survivor size 16777216 bytes, new threshold 15 (max threshold 15)
[15.783s][info ][gc,phases      ] GC(501)   Pre Evacuate Collection Set: 0.08ms
[15.783s][info ][gc,phases      ] GC(501)   Merge Heap Roots: 0.05ms
[15.783s][info ][gc,phases      ] GC(501)   Evacuate Collection Set: 0.12ms
[15.783s][info ][gc,phases      ] GC(501)   Post Evacuate Collection Set: 0.18ms
[15.783s][info ][gc,phases      ] GC(501)   Other: 0.05ms
[15.783s][trace][gc,age         ] GC(501) Age table:
[15.783s][trace][gc,age         ] GC(501) - age   1:        192 bytes,        192 total
[15.783s][info ][gc,heap        ] GC(501) Eden regions: 253->0(253)
[15.783s][info ][gc,heap        ] GC(501) Survivor regions: 1->1(32)
[15.783s][info ][gc,heap        ] GC(501) Old regions: 11->11
[15.783s][info ][gc,heap        ] GC(501) Humongous regions: 0->0
[15.783s][info ][gc,metaspace   ] GC(501) Metaspace: 10117K(10368K)->10117K(10368K) NonClass: 9153K(9344K)->9153K(9344K) Class: 963K(1024K)->963K(1024K)
[15.783s][info ][gc             ] GC(501) Pause Young (Normal) (G1 Evacuation Pause) 256M->4M(424M) 0.579ms
[15.783s][info ][gc,cpu         ] GC(501) User=0.01s Sys=0.00s Real=0.00s
[15.798s][info ][gc,start       ] GC(502) Pause Young (Normal) (G1 Evacuation Pause)
[15.798s][info ][gc,task        ] GC(502) Using 9 workers of 9 for evacuation
[15.798s][debug][gc,age         ] GC(502) Desired survivor size 16777216 bytes, new threshold 15 (max threshold 15)
[15.799s][info ][gc,phases      ] GC(502)   Pre Evacuate Collection Set: 0.07ms
[15.799s][info ][gc,phases      ] GC(502)   Merge Heap Roots: 0.08ms
[15.799s][info ][gc,phases      ] GC(502)   Evacuate Collection Set: 0.08ms
[15.799s][info ][gc,phases      ] GC(502)   Post Evacuate Collection Set: 0.19ms
[15.799s][info ][gc,phases      ] GC(502)   Other: 0.06ms
[15.799s][trace][gc,age         ] GC(502) Age table:
[15.799s][trace][gc,age         ] GC(502) - age   1:        192 bytes,        192 total
[15.799s][info ][gc,heap        ] GC(502) Eden regions: 253->0(253)
[15.799s][info ][gc,heap        ] GC(502) Survivor regions: 1->1(32)
[15.799s][info ][gc,heap        ] GC(502) Old regions: 11->11
[15.799s][info ][gc,heap        ] GC(502) Humongous regions: 0->0
[15.799s][info ][gc,metaspace   ] GC(502) Metaspace: 10117K(10368K)->10117K(10368K) NonClass: 9153K(9344K)->9153K(9344K) Class: 963K(1024K)->963K(1024K)
[15.799s][info ][gc             ] GC(502) Pause Young (Normal) (G1 Evacuation Pause) 256M->4M(424M) 0.581ms
[15.799s][info ][gc,cpu         ] GC(502) User=0.00s Sys=0.00s Real=0.00s
[15.815s][info ][gc,start       ] GC(503) Pause Young (Normal) (G1 Evacuation Pause)
[15.815s][info ][gc,task        ] GC(503) Using 9 workers of 9 for evacuation
[15.815s][debug][gc,age         ] GC(503) Desired survivor size 16777216 bytes, new threshold 15 (max threshold 15)
[15.815s][info ][gc,phases      ] GC(503)   Pre Evacuate Collection Set: 0.09ms
[15.815s][info ][gc,phases      ] GC(503)   Merge Heap Roots: 0.11ms
[15.815s][info ][gc,phases      ] GC(503)   Evacuate Collection Set: 0.08ms
[15.815s][info ][gc,phases      ] GC(503)   Post Evacuate Collection Set: 0.17ms
[15.815s][info ][gc,phases      ] GC(503)   Other: 0.06ms
[15.815s][trace][gc,age         ] GC(503) Age table:
[15.815s][trace][gc,age         ] GC(503) - age   1:        192 bytes,        192 total
[15.815s][info ][gc,heap        ] GC(503) Eden regions: 253->0(253)
[15.815s][info ][gc,heap        ] GC(503) Survivor regions: 1->1(32)
[15.815s][info ][gc,heap        ] GC(503) Old regions: 11->11
[15.815s][info ][gc,heap        ] GC(503) Humongous regions: 0->0
[15.815s][info ][gc,metaspace   ] GC(503) Metaspace: 10117K(10368K)->10117K(10368K) NonClass: 9153K(9344K)->9153K(9344K) Class: 963K(1024K)->963K(1024K)
[15.815s][info ][gc             ] GC(503) Pause Young (Normal) (G1 Evacuation Pause) 256M->4M(424M) 0.597ms
[15.815s][info ][gc,cpu         ] GC(503) User=0.00s Sys=0.00s Real=0.01s
[15.831s][info ][gc,start       ] GC(504) Pause Young (Normal) (G1 Evacuation Pause)
[15.831s][info ][gc,task        ] GC(504) Using 9 workers of 9 for evacuation
[15.831s][debug][gc,age         ] GC(504) Desired survivor size 16777216 bytes, new threshold 15 (max threshold 15)
[15.831s][info ][gc,phases      ] GC(504)   Pre Evacuate Collection Set: 0.08ms
[15.831s][info ][gc,phases      ] GC(504)   Merge Heap Roots: 0.10ms
[15.831s][info ][gc,phases      ] GC(504)   Evacuate Collection Set: 0.11ms
[15.831s][info ][gc,phases      ] GC(504)   Post Evacuate Collection Set: 0.17ms
[15.831s][info ][gc,phases      ] GC(504)   Other: 0.06ms
[15.831s][trace][gc,age         ] GC(504) Age table:
[15.831s][trace][gc,age         ] GC(504) - age   1:        192 bytes,        192 total
[15.832s][info ][gc,heap        ] GC(504) Eden regions: 253->0(253)
[15.832s][info ][gc,heap        ] GC(504) Survivor regions: 1->1(32)
[15.832s][info ][gc,heap        ] GC(504) Old regions: 11->11
[15.832s][info ][gc,heap        ] GC(504) Humongous regions: 0->0
[15.832s][info ][gc,metaspace   ] GC(504) Metaspace: 10117K(10368K)->10117K(10368K) NonClass: 9153K(9344K)->9153K(9344K) Class: 963K(1024K)->963K(1024K)
[15.832s][info ][gc             ] GC(504) Pause Young (Normal) (G1 Evacuation Pause) 256M->4M(424M) 0.606ms
[15.832s][info ][gc,cpu         ] GC(504) User=0.01s Sys=0.00s Real=0.00s
[15.847s][info ][gc,start       ] GC(505) Pause Young (Normal) (G1 Evacuation Pause)
[15.847s][info ][gc,task        ] GC(505) Using 9 workers of 9 for evacuation
[15.847s][debug][gc,age         ] GC(505) Desired survivor size 16777216 bytes, new threshold 15 (max threshold 15)
[15.848s][info ][gc,phases      ] GC(505)   Pre Evacuate Collection Set: 0.08ms
[15.848s][info ][gc,phases      ] GC(505)   Merge Heap Roots: 0.06ms
[15.848s][info ][gc,phases      ] GC(505)   Evacuate Collection Set: 0.12ms
[15.848s][info ][gc,phases      ] GC(505)   Post Evacuate Collection Set: 0.15ms
[15.848s][info ][gc,phases      ] GC(505)   Other: 0.04ms
[15.848s][trace][gc,age         ] GC(505) Age table:
[15.848s][trace][gc,age         ] GC(505) - age   1:        192 bytes,        192 total
[15.848s][info ][gc,heap        ] GC(505) Eden regions: 253->0(253)
[15.848s][info ][gc,heap        ] GC(505) Survivor regions: 1->1(32)
[15.848s][info ][gc,heap        ] GC(505) Old regions: 11->11
[15.848s][info ][gc,heap        ] GC(505) Humongous regions: 0->0
[15.848s][info ][gc,metaspace   ] GC(505) Metaspace: 10117K(10368K)->10117K(10368K) NonClass: 9153K(9344K)->9153K(9344K) Class: 963K(1024K)->963K(1024K)
[15.848s][info ][gc             ] GC(505) Pause Young (Normal) (G1 Evacuation Pause) 256M->4M(424M) 0.541ms
[15.848s][info ][gc,cpu         ] GC(505) User=0.00s Sys=0.00s Real=0.00s
[15.863s][info ][gc,start       ] GC(506) Pause Young (Normal) (G1 Evacuation Pause)
[15.864s][info ][gc,task        ] GC(506) Using 9 workers of 9 for evacuation
[15.864s][debug][gc,age         ] GC(506) Desired survivor size 16777216 bytes, new threshold 15 (max threshold 15)
[15.864s][info ][gc,phases      ] GC(506)   Pre Evacuate Collection Set: 0.08ms
[15.864s][info ][gc,phases      ] GC(506)   Merge Heap Roots: 0.13ms
[15.864s][info ][gc,phases      ] GC(506)   Evacuate Collection Set: 0.09ms
[15.864s][info ][gc,phases      ] GC(506)   Post Evacuate Collection Set: 0.20ms
[15.864s][info ][gc,phases      ] GC(506)   Other: 0.06ms
[15.864s][trace][gc,age         ] GC(506) Age table:
[15.864s][trace][gc,age         ] GC(506) - age   1:        192 bytes,        192 total
[15.864s][info ][gc,heap        ] GC(506) Eden regions: 253->0(253)
[15.864s][info ][gc,heap        ] GC(506) Survivor regions: 1->1(32)
[15.864s][info ][gc,heap        ] GC(506) Old regions: 11->11
[15.864s][info ][gc,heap        ] GC(506) Humongous regions: 0->0
[15.864s][info ][gc,metaspace   ] GC(506) Metaspace: 10117K(10368K)->10117K(10368K) NonClass: 9153K(9344K)->9153K(9344K) Class: 963K(1024K)->963K(1024K)
[15.864s][info ][gc             ] GC(506) Pause Young (Normal) (G1 Evacuation Pause) 256M->4M(424M) 0.658ms
[15.864s][info ][gc,cpu         ] GC(506) User=0.00s Sys=0.01s Real=0.00s
[15.880s][info ][gc,start       ] GC(507) Pause Young (Normal) (G1 Evacuation Pause)
[15.880s][info ][gc,task        ] GC(507) Using 9 workers of 9 for evacuation
[15.880s][debug][gc,age         ] GC(507) Desired survivor size 16777216 bytes, new threshold 15 (max threshold 15)
[15.880s][info ][gc,phases      ] GC(507)   Pre Evacuate Collection Set: 0.13ms
[15.880s][info ][gc,phases      ] GC(507)   Merge Heap Roots: 0.09ms
[15.880s][info ][gc,phases      ] GC(507)   Evacuate Collection Set: 0.09ms
[15.880s][info ][gc,phases      ] GC(507)   Post Evacuate Collection Set: 0.18ms
[15.880s][info ][gc,phases      ] GC(507)   Other: 0.06ms
[15.880s][trace][gc,age         ] GC(507) Age table:
[15.880s][trace][gc,age         ] GC(507) - age   1:        192 bytes,        192 total
[15.880s][info ][gc,heap        ] GC(507) Eden regions: 253->0(253)
[15.880s][info ][gc,heap        ] GC(507) Survivor regions: 1->1(32)
[15.880s][info ][gc,heap        ] GC(507) Old regions: 11->11
[15.880s][info ][gc,heap        ] GC(507) Humongous regions: 0->0
[15.880s][info ][gc,metaspace   ] GC(507) Metaspace: 10117K(10368K)->10117K(10368K) NonClass: 9153K(9344K)->9153K(9344K) Class: 963K(1024K)->963K(1024K)
[15.880s][info ][gc             ] GC(507) Pause Young (Normal) (G1 Evacuation Pause) 256M->4M(424M) 0.650ms
[15.880s][info ][gc,cpu         ] GC(507) User=0.01s Sys=0.00s Real=0.00s
[15.896s][info ][gc,start       ] GC(508) Pause Young (Normal) (G1 Evacuation Pause)
[15.896s][info ][gc,task        ] GC(508) Using 9 workers of 9 for evacuation
[15.896s][debug][gc,age         ] GC(508) Desired survivor size 16777216 bytes, new threshold 15 (max threshold 15)
[15.896s][info ][gc,phases      ] GC(508)   Pre Evacuate Collection Set: 0.13ms
[15.896s][info ][gc,phases      ] GC(508)   Merge Heap Roots: 0.06ms
[15.896s][info ][gc,phases      ] GC(508)   Evacuate Collection Set: 0.10ms
[15.897s][info ][gc,phases      ] GC(508)   Post Evacuate Collection Set: 0.18ms
[15.897s][info ][gc,phases      ] GC(508)   Other: 0.06ms
[15.897s][trace][gc,age         ] GC(508) Age table:
[15.897s][trace][gc,age         ] GC(508) - age   1:        192 bytes,        192 total
[15.897s][info ][gc,heap        ] GC(508) Eden regions: 253->0(253)
[15.897s][info ][gc,heap        ] GC(508) Survivor regions: 1->1(32)
[15.897s][info ][gc,heap        ] GC(508) Old regions: 11->11
[15.897s][info ][gc,heap        ] GC(508) Humongous regions: 0->0
[15.897s][info ][gc,metaspace   ] GC(508) Metaspace: 10117K(10368K)->10117K(10368K) NonClass: 9153K(9344K)->9153K(9344K) Class: 963K(1024K)->963K(1024K)
[15.897s][info ][gc             ] GC(508) Pause Young (Normal) (G1 Evacuation Pause) 256M->4M(424M) 0.625ms
[15.897s][info ][gc,cpu         ] GC(508) User=0.00s Sys=0.00s Real=0.00s
[15.912s][info ][gc,start       ] GC(509) Pause Young (Normal) (G1 Evacuation Pause)
[15.912s][info ][gc,task        ] GC(509) Using 9 workers of 9 for evacuation
[15.912s][debug][gc,age         ] GC(509) Desired survivor size 16777216 bytes, new threshold 15 (max threshold 15)
[15.913s][info ][gc,phases      ] GC(509)   Pre Evacuate Collection Set: 0.09ms
[15.913s][info ][gc,phases      ] GC(509)   Merge Heap Roots: 0.10ms
[15.913s][info ][gc,phases      ] GC(509)   Evacuate Collection Set: 0.08ms
[15.913s][info ][gc,phases      ] GC(509)   Post Evacuate Collection Set: 0.17ms
[15.913s][info ][gc,phases      ] GC(509)   Other: 0.05ms
[15.913s][trace][gc,age         ] GC(509) Age table:
[15.913s][trace][gc,age         ] GC(509) - age   1:        192 bytes,        192 total
[15.913s][info ][gc,heap        ] GC(509) Eden regions: 253->0(253)
[15.913s][info ][gc,heap        ] GC(509) Survivor regions: 1->1(32)
[15.913s][info ][gc,heap        ] GC(509) Old regions: 11->11
[15.913s][info ][gc,heap        ] GC(509) Humongous regions: 0->0
[15.913s][info ][gc,metaspace   ] GC(509) Metaspace: 10117K(10368K)->10117K(10368K) NonClass: 9153K(9344K)->9153K(9344K) Class: 963K(1024K)->963K(1024K)
[15.913s][info ][gc             ] GC(509) Pause Young (Normal) (G1 Evacuation Pause) 256M->4M(424M) 0.588ms
[15.913s][info ][gc,cpu         ] GC(509) User=0.00s Sys=0.00s Real=0.00s
[15.928s][info ][gc,start       ] GC(510) Pause Young (Normal) (G1 Evacuation Pause)
[15.928s][info ][gc,task        ] GC(510) Using 9 workers of 9 for evacuation
[15.928s][debug][gc,age         ] GC(510) Desired survivor size 16777216 bytes, new threshold 15 (max threshold 15)
[15.929s][info ][gc,phases      ] GC(510)   Pre Evacuate Collection Set: 0.08ms
[15.929s][info ][gc,phases      ] GC(510)   Merge Heap Roots: 0.11ms
[15.929s][info ][gc,phases      ] GC(510)   Evacuate Collection Set: 0.09ms
[15.929s][info ][gc,phases      ] GC(510)   Post Evacuate Collection Set: 0.19ms
[15.929s][info ][gc,phases      ] GC(510)   Other: 0.05ms
[15.929s][trace][gc,age         ] GC(510) Age table:
[15.929s][trace][gc,age         ] GC(510) - age   1:        192 bytes,        192 total
[15.929s][info ][gc,heap        ] GC(510) Eden regions: 253->0(253)
[15.929s][info ][gc,heap        ] GC(510) Survivor regions: 1->1(32)
[15.929s][info ][gc,heap        ] GC(510) Old regions: 11->11
[15.929s][info ][gc,heap        ] GC(510) Humongous regions: 0->0
[15.929s][info ][gc,metaspace   ] GC(510) Metaspace: 10117K(10368K)->10117K(10368K) NonClass: 9153K(9344K)->9153K(9344K) Class: 963K(1024K)->963K(1024K)
[15.929s][info ][gc             ] GC(510) Pause Young (Normal) (G1 Evacuation Pause) 256M->4M(424M) 0.590ms
[15.929s][info ][gc,cpu         ] GC(510) User=0.01s Sys=0.00s Real=0.00s
[15.944s][info ][gc,start       ] GC(511) Pause Young (Normal) (G1 Evacuation Pause)
[15.945s][info ][gc,task        ] GC(511) Using 9 workers of 9 for evacuation
[15.945s][debug][gc,age         ] GC(511) Desired survivor size 16777216 bytes, new threshold 15 (max threshold 15)
[15.945s][info ][gc,phases      ] GC(511)   Pre Evacuate Collection Set: 0.08ms
[15.945s][info ][gc,phases      ] GC(511)   Merge Heap Roots: 0.05ms
[15.945s][info ][gc,phases      ] GC(511)   Evacuate Collection Set: 0.09ms
[15.945s][info ][gc,phases      ] GC(511)   Post Evacuate Collection Set: 0.16ms
[15.945s][info ][gc,phases      ] GC(511)   Other: 0.05ms
[15.945s][trace][gc,age         ] GC(511) Age table:
[15.945s][trace][gc,age         ] GC(511) - age   1:        192 bytes,        192 total
[15.945s][info ][gc,heap        ] GC(511) Eden regions: 253->0(253)
[15.945s][info ][gc,heap        ] GC(511) Survivor regions: 1->1(32)
[15.945s][info ][gc,heap        ] GC(511) Old regions: 11->11
[15.945s][info ][gc,heap        ] GC(511) Humongous regions: 0->0
[15.945s][info ][gc,metaspace   ] GC(511) Metaspace: 10117K(10368K)->10117K(10368K) NonClass: 9153K(9344K)->9153K(9344K) Class: 963K(1024K)->963K(1024K)
[15.945s][info ][gc             ] GC(511) Pause Young (Normal) (G1 Evacuation Pause) 256M->4M(424M) 0.529ms
[15.945s][info ][gc,cpu         ] GC(511) User=0.00s Sys=0.00s Real=0.00s
[15.960s][info ][gc,start       ] GC(512) Pause Young (Normal) (G1 Evacuation Pause)
[15.960s][info ][gc,task        ] GC(512) Using 9 workers of 9 for evacuation
[15.960s][debug][gc,age         ] GC(512) Desired survivor size 16777216 bytes, new threshold 15 (max threshold 15)
[15.961s][info ][gc,phases      ] GC(512)   Pre Evacuate Collection Set: 0.07ms
[15.961s][info ][gc,phases      ] GC(512)   Merge Heap Roots: 0.07ms
[15.961s][info ][gc,phases      ] GC(512)   Evacuate Collection Set: 0.13ms
[15.961s][info ][gc,phases      ] GC(512)   Post Evacuate Collection Set: 0.18ms
[15.961s][info ][gc,phases      ] GC(512)   Other: 0.06ms
[15.961s][trace][gc,age         ] GC(512) Age table:
[15.961s][trace][gc,age         ] GC(512) - age   1:        192 bytes,        192 total
[15.961s][info ][gc,heap        ] GC(512) Eden regions: 253->0(253)
[15.961s][info ][gc,heap        ] GC(512) Survivor regions: 1->1(32)
[15.961s][info ][gc,heap        ] GC(512) Old regions: 11->11
[15.961s][info ][gc,heap        ] GC(512) Humongous regions: 0->0
[15.961s][info ][gc,metaspace   ] GC(512) Metaspace: 10117K(10368K)->10117K(10368K) NonClass: 9153K(9344K)->9153K(9344K) Class: 963K(1024K)->963K(1024K)
[15.961s][info ][gc             ] GC(512) Pause Young (Normal) (G1 Evacuation Pause) 256M->4M(424M) 0.622ms
[15.961s][info ][gc,cpu         ] GC(512) User=0.00s Sys=0.00s Real=0.00s
[15.976s][info ][gc,start       ] GC(513) Pause Young (Normal) (G1 Evacuation Pause)
[15.976s][info ][gc,task        ] GC(513) Using 9 workers of 9 for evacuation
[15.976s][debug][gc,age         ] GC(513) Desired survivor size 16777216 bytes, new threshold 15 (max threshold 15)
[15.977s][info ][gc,phases      ] GC(513)   Pre Evacuate Collection Set: 0.10ms
[15.977s][info ][gc,phases      ] GC(513)   Merge Heap Roots: 0.06ms
[15.977s][info ][gc,phases      ] GC(513)   Evacuate Collection Set: 0.07ms
[15.977s][info ][gc,phases      ] GC(513)   Post Evacuate Collection Set: 0.18ms
[15.977s][info ][gc,phases      ] GC(513)   Other: 0.06ms
[15.977s][trace][gc,age         ] GC(513) Age table:
[15.977s][trace][gc,age         ] GC(513) - age   1:        192 bytes,        192 total
[15.977s][info ][gc,heap        ] GC(513) Eden regions: 253->0(253)
[15.977s][info ][gc,heap        ] GC(513) Survivor regions: 1->1(32)
[15.977s][info ][gc,heap        ] GC(513) Old regions: 11->11
[15.977s][info ][gc,heap        ] GC(513) Humongous regions: 0->0
[15.977s][info ][gc,metaspace   ] GC(513) Metaspace: 10117K(10368K)->10117K(10368K) NonClass: 9153K(9344K)->9153K(9344K) Class: 963K(1024K)->963K(1024K)
[15.977s][info ][gc             ] GC(513) Pause Young (Normal) (G1 Evacuation Pause) 256M->4M(424M) 0.553ms
[15.977s][info ][gc,cpu         ] GC(513) User=0.00s Sys=0.00s Real=0.00s
[15.992s][info ][gc,start       ] GC(514) Pause Young (Normal) (G1 Evacuation Pause)
[15.992s][info ][gc,task        ] GC(514) Using 9 workers of 9 for evacuation
[15.992s][debug][gc,age         ] GC(514) Desired survivor size 16777216 bytes, new threshold 15 (max threshold 15)
[15.993s][info ][gc,phases      ] GC(514)   Pre Evacuate Collection Set: 0.07ms
[15.993s][info ][gc,phases      ] GC(514)   Merge Heap Roots: 0.08ms
[15.993s][info ][gc,phases      ] GC(514)   Evacuate Collection Set: 0.09ms
[15.993s][info ][gc,phases      ] GC(514)   Post Evacuate Collection Set: 0.17ms
[15.993s][info ][gc,phases      ] GC(514)   Other: 0.06ms
[15.993s][trace][gc,age         ] GC(514) Age table:
[15.993s][trace][gc,age         ] GC(514) - age   1:        192 bytes,        192 total
[15.993s][info ][gc,heap        ] GC(514) Eden regions: 253->0(253)
[15.993s][info ][gc,heap        ] GC(514) Survivor regions: 1->1(32)
[15.993s][info ][gc,heap        ] GC(514) Old regions: 11->11
[15.993s][info ][gc,heap        ] GC(514) Humongous regions: 0->0
[15.993s][info ][gc,metaspace   ] GC(514) Metaspace: 10117K(10368K)->10117K(10368K) NonClass: 9153K(9344K)->9153K(9344K) Class: 963K(1024K)->963K(1024K)
[15.993s][info ][gc             ] GC(514) Pause Young (Normal) (G1 Evacuation Pause) 256M->4M(424M) 0.559ms
[15.993s][info ][gc,cpu         ] GC(514) User=0.00s Sys=0.00s Real=0.00s
[16.008s][info ][gc,start       ] GC(515) Pause Young (Normal) (G1 Evacuation Pause)
[16.008s][info ][gc,task        ] GC(515) Using 9 workers of 9 for evacuation
[16.008s][debug][gc,age         ] GC(515) Desired survivor size 16777216 bytes, new threshold 15 (max threshold 15)
[16.009s][info ][gc,phases      ] GC(515)   Pre Evacuate Collection Set: 0.08ms
[16.009s][info ][gc,phases      ] GC(515)   Merge Heap Roots: 0.07ms
[16.009s][info ][gc,phases      ] GC(515)   Evacuate Collection Set: 0.11ms
[16.009s][info ][gc,phases      ] GC(515)   Post Evacuate Collection Set: 0.18ms
[16.009s][info ][gc,phases      ] GC(515)   Other: 0.06ms
[16.009s][trace][gc,age         ] GC(515) Age table:
[16.009s][trace][gc,age         ] GC(515) - age   1:        192 bytes,        192 total
[16.009s][info ][gc,heap        ] GC(515) Eden regions: 253->0(253)
[16.009s][info ][gc,heap        ] GC(515) Survivor regions: 1->1(32)
[16.009s][info ][gc,heap        ] GC(515) Old regions: 11->11
[16.009s][info ][gc,heap        ] GC(515) Humongous regions: 0->0
[16.009s][info ][gc,metaspace   ] GC(515) Metaspace: 10117K(10368K)->10117K(10368K) NonClass: 9153K(9344K)->9153K(9344K) Class: 963K(1024K)->963K(1024K)
[16.009s][info ][gc             ] GC(515) Pause Young (Normal) (G1 Evacuation Pause) 256M->4M(424M) 0.585ms
[16.009s][info ][gc,cpu         ] GC(515) User=0.00s Sys=0.00s Real=0.00s
[16.025s][info ][gc,start       ] GC(516) Pause Young (Normal) (G1 Evacuation Pause)
[16.025s][info ][gc,task        ] GC(516) Using 9 workers of 9 for evacuation
[16.025s][debug][gc,age         ] GC(516) Desired survivor size 16777216 bytes, new threshold 15 (max threshold 15)
[16.025s][info ][gc,phases      ] GC(516)   Pre Evacuate Collection Set: 0.07ms
[16.025s][info ][gc,phases      ] GC(516)   Merge Heap Roots: 0.05ms
[16.025s][info ][gc,phases      ] GC(516)   Evacuate Collection Set: 0.10ms
[16.025s][info ][gc,phases      ] GC(516)   Post Evacuate Collection Set: 0.18ms
[16.025s][info ][gc,phases      ] GC(516)   Other: 0.06ms
[16.025s][trace][gc,age         ] GC(516) Age table:
[16.025s][trace][gc,age         ] GC(516) - age   1:        192 bytes,        192 total
[16.025s][info ][gc,heap        ] GC(516) Eden regions: 253->0(253)
[16.025s][info ][gc,heap        ] GC(516) Survivor regions: 1->1(32)
[16.025s][info ][gc,heap        ] GC(516) Old regions: 11->11
[16.025s][info ][gc,heap        ] GC(516) Humongous regions: 0->0
[16.025s][info ][gc,metaspace   ] GC(516) Metaspace: 10117K(10368K)->10117K(10368K) NonClass: 9153K(9344K)->9153K(9344K) Class: 963K(1024K)->963K(1024K)
[16.025s][info ][gc             ] GC(516) Pause Young (Normal) (G1 Evacuation Pause) 256M->4M(424M) 0.557ms
[16.025s][info ][gc,cpu         ] GC(516) User=0.00s Sys=0.00s Real=0.01s
[16.041s][info ][gc,start       ] GC(517) Pause Young (Normal) (G1 Evacuation Pause)
[16.041s][info ][gc,task        ] GC(517) Using 9 workers of 9 for evacuation
[16.041s][debug][gc,age         ] GC(517) Desired survivor size 16777216 bytes, new threshold 15 (max threshold 15)
[16.041s][info ][gc,phases      ] GC(517)   Pre Evacuate Collection Set: 0.08ms
[16.041s][info ][gc,phases      ] GC(517)   Merge Heap Roots: 0.11ms
[16.041s][info ][gc,phases      ] GC(517)   Evacuate Collection Set: 0.09ms
[16.041s][info ][gc,phases      ] GC(517)   Post Evacuate Collection Set: 0.16ms
[16.041s][info ][gc,phases      ] GC(517)   Other: 0.05ms
[16.041s][trace][gc,age         ] GC(517) Age table:
[16.041s][trace][gc,age         ] GC(517) - age   1:        192 bytes,        192 total
[16.041s][info ][gc,heap        ] GC(517) Eden regions: 253->0(253)
[16.041s][info ][gc,heap        ] GC(517) Survivor regions: 1->1(32)
[16.041s][info ][gc,heap        ] GC(517) Old regions: 11->11
[16.041s][info ][gc,heap        ] GC(517) Humongous regions: 0->0
[16.041s][info ][gc,metaspace   ] GC(517) Metaspace: 10117K(10368K)->10117K(10368K) NonClass: 9153K(9344K)->9153K(9344K) Class: 963K(1024K)->963K(1024K)
[16.041s][info ][gc             ] GC(517) Pause Young (Normal) (G1 Evacuation Pause) 256M->4M(424M) 0.582ms
[16.041s][info ][gc,cpu         ] GC(517) User=0.00s Sys=0.00s Real=0.00s
[16.057s][info ][gc,start       ] GC(518) Pause Young (Normal) (G1 Evacuation Pause)
[16.057s][info ][gc,task        ] GC(518) Using 9 workers of 9 for evacuation
[16.057s][debug][gc,age         ] GC(518) Desired survivor size 16777216 bytes, new threshold 15 (max threshold 15)
[16.057s][info ][gc,phases      ] GC(518)   Pre Evacuate Collection Set: 0.08ms
[16.057s][info ][gc,phases      ] GC(518)   Merge Heap Roots: 0.08ms
[16.057s][info ][gc,phases      ] GC(518)   Evacuate Collection Set: 0.09ms
[16.057s][info ][gc,phases      ] GC(518)   Post Evacuate Collection Set: 0.15ms
[16.057s][info ][gc,phases      ] GC(518)   Other: 0.05ms
[16.057s][trace][gc,age         ] GC(518) Age table:
[16.057s][trace][gc,age         ] GC(518) - age   1:        192 bytes,        192 total
[16.057s][info ][gc,heap        ] GC(518) Eden regions: 253->0(253)
[16.057s][info ][gc,heap        ] GC(518) Survivor regions: 1->1(32)
[16.057s][info ][gc,heap        ] GC(518) Old regions: 11->11
[16.057s][info ][gc,heap        ] GC(518) Humongous regions: 0->0
[16.057s][info ][gc,metaspace   ] GC(518) Metaspace: 10117K(10368K)->10117K(10368K) NonClass: 9153K(9344K)->9153K(9344K) Class: 963K(1024K)->963K(1024K)
[16.057s][info ][gc             ] GC(518) Pause Young (Normal) (G1 Evacuation Pause) 256M->4M(424M) 0.552ms
[16.057s][info ][gc,cpu         ] GC(518) User=0.00s Sys=0.00s Real=0.00s
[16.073s][info ][gc,start       ] GC(519) Pause Young (Normal) (G1 Evacuation Pause)
[16.073s][info ][gc,task        ] GC(519) Using 9 workers of 9 for evacuation
[16.073s][debug][gc,age         ] GC(519) Desired survivor size 16777216 bytes, new threshold 15 (max threshold 15)
[16.073s][info ][gc,phases      ] GC(519)   Pre Evacuate Collection Set: 0.06ms
[16.073s][info ][gc,phases      ] GC(519)   Merge Heap Roots: 0.06ms
[16.073s][info ][gc,phases      ] GC(519)   Evacuate Collection Set: 0.14ms
[16.073s][info ][gc,phases      ] GC(519)   Post Evacuate Collection Set: 0.16ms
[16.073s][info ][gc,phases      ] GC(519)   Other: 0.06ms
[16.073s][trace][gc,age         ] GC(519) Age table:
[16.073s][trace][gc,age         ] GC(519) - age   1:        192 bytes,        192 total
[16.073s][info ][gc,heap        ] GC(519) Eden regions: 253->0(253)
[16.073s][info ][gc,heap        ] GC(519) Survivor regions: 1->1(32)
[16.073s][info ][gc,heap        ] GC(519) Old regions: 11->11
[16.073s][info ][gc,heap        ] GC(519) Humongous regions: 0->0
[16.073s][info ][gc,metaspace   ] GC(519) Metaspace: 10117K(10368K)->10117K(10368K) NonClass: 9153K(9344K)->9153K(9344K) Class: 963K(1024K)->963K(1024K)
[16.073s][info ][gc             ] GC(519) Pause Young (Normal) (G1 Evacuation Pause) 256M->4M(424M) 0.574ms
[16.073s][info ][gc,cpu         ] GC(519) User=0.00s Sys=0.00s Real=0.00s
[16.089s][info ][gc,start       ] GC(520) Pause Young (Normal) (G1 Evacuation Pause)
[16.089s][info ][gc,task        ] GC(520) Using 9 workers of 9 for evacuation
[16.089s][debug][gc,age         ] GC(520) Desired survivor size 16777216 bytes, new threshold 15 (max threshold 15)
[16.090s][info ][gc,phases      ] GC(520)   Pre Evacuate Collection Set: 0.08ms
[16.090s][info ][gc,phases      ] GC(520)   Merge Heap Roots: 0.06ms
[16.090s][info ][gc,phases      ] GC(520)   Evacuate Collection Set: 0.11ms
[16.090s][info ][gc,phases      ] GC(520)   Post Evacuate Collection Set: 0.19ms
[16.090s][info ][gc,phases      ] GC(520)   Other: 0.04ms
[16.090s][trace][gc,age         ] GC(520) Age table:
[16.090s][trace][gc,age         ] GC(520) - age   1:        192 bytes,        192 total
[16.090s][info ][gc,heap        ] GC(520) Eden regions: 253->0(253)
[16.090s][info ][gc,heap        ] GC(520) Survivor regions: 1->1(32)
[16.090s][info ][gc,heap        ] GC(520) Old regions: 11->11
[16.090s][info ][gc,heap        ] GC(520) Humongous regions: 0->0
[16.090s][info ][gc,metaspace   ] GC(520) Metaspace: 10117K(10368K)->10117K(10368K) NonClass: 9153K(9344K)->9153K(9344K) Class: 963K(1024K)->963K(1024K)
[16.090s][info ][gc             ] GC(520) Pause Young (Normal) (G1 Evacuation Pause) 256M->4M(424M) 0.561ms
[16.090s][info ][gc,cpu         ] GC(520) User=0.00s Sys=0.00s Real=0.00s
[16.105s][info ][gc,start       ] GC(521) Pause Young (Normal) (G1 Evacuation Pause)
[16.105s][info ][gc,task        ] GC(521) Using 9 workers of 9 for evacuation
[16.105s][debug][gc,age         ] GC(521) Desired survivor size 16777216 bytes, new threshold 15 (max threshold 15)
[16.106s][info ][gc,phases      ] GC(521)   Pre Evacuate Collection Set: 0.08ms
[16.106s][info ][gc,phases      ] GC(521)   Merge Heap Roots: 0.06ms
[16.106s][info ][gc,phases      ] GC(521)   Evacuate Collection Set: 0.11ms
[16.106s][info ][gc,phases      ] GC(521)   Post Evacuate Collection Set: 0.16ms
[16.106s][info ][gc,phases      ] GC(521)   Other: 0.06ms
[16.106s][trace][gc,age         ] GC(521) Age table:
[16.106s][trace][gc,age         ] GC(521) - age   1:        192 bytes,        192 total
[16.106s][info ][gc,heap        ] GC(521) Eden regions: 253->0(253)
[16.106s][info ][gc,heap        ] GC(521) Survivor regions: 1->1(32)
[16.106s][info ][gc,heap        ] GC(521) Old regions: 11->11
[16.106s][info ][gc,heap        ] GC(521) Humongous regions: 0->0
[16.106s][info ][gc,metaspace   ] GC(521) Metaspace: 10117K(10368K)->10117K(10368K) NonClass: 9153K(9344K)->9153K(9344K) Class: 963K(1024K)->963K(1024K)
[16.106s][info ][gc             ] GC(521) Pause Young (Normal) (G1 Evacuation Pause) 256M->4M(424M) 0.582ms
[16.106s][info ][gc,cpu         ] GC(521) User=0.01s Sys=0.00s Real=0.00s
[16.121s][info ][gc,start       ] GC(522) Pause Young (Normal) (G1 Evacuation Pause)
[16.121s][info ][gc,task        ] GC(522) Using 9 workers of 9 for evacuation
[16.121s][debug][gc,age         ] GC(522) Desired survivor size 16777216 bytes, new threshold 15 (max threshold 15)
[16.122s][info ][gc,phases      ] GC(522)   Pre Evacuate Collection Set: 0.11ms
[16.122s][info ][gc,phases      ] GC(522)   Merge Heap Roots: 0.07ms
[16.122s][info ][gc,phases      ] GC(522)   Evacuate Collection Set: 0.12ms
[16.122s][info ][gc,phases      ] GC(522)   Post Evacuate Collection Set: 0.18ms
[16.122s][info ][gc,phases      ] GC(522)   Other: 0.07ms
[16.122s][trace][gc,age         ] GC(522) Age table:
[16.122s][trace][gc,age         ] GC(522) - age   1:        192 bytes,        192 total
[16.122s][info ][gc,heap        ] GC(522) Eden regions: 253->0(253)
[16.122s][info ][gc,heap        ] GC(522) Survivor regions: 1->1(32)
[16.122s][info ][gc,heap        ] GC(522) Old regions: 11->11
[16.122s][info ][gc,heap        ] GC(522) Humongous regions: 0->0
[16.122s][info ][gc,metaspace   ] GC(522) Metaspace: 10117K(10368K)->10117K(10368K) NonClass: 9153K(9344K)->9153K(9344K) Class: 963K(1024K)->963K(1024K)
[16.122s][info ][gc             ] GC(522) Pause Young (Normal) (G1 Evacuation Pause) 256M->4M(424M) 0.643ms
[16.122s][info ][gc,cpu         ] GC(522) User=0.00s Sys=0.00s Real=0.00s
[16.137s][info ][gc,start       ] GC(523) Pause Young (Normal) (G1 Evacuation Pause)
[16.137s][info ][gc,task        ] GC(523) Using 9 workers of 9 for evacuation
[16.137s][debug][gc,age         ] GC(523) Desired survivor size 16777216 bytes, new threshold 15 (max threshold 15)
[16.138s][info ][gc,phases      ] GC(523)   Pre Evacuate Collection Set: 0.07ms
[16.138s][info ][gc,phases      ] GC(523)   Merge Heap Roots: 0.06ms
[16.138s][info ][gc,phases      ] GC(523)   Evacuate Collection Set: 0.15ms
[16.138s][info ][gc,phases      ] GC(523)   Post Evacuate Collection Set: 0.17ms
[16.138s][info ][gc,phases      ] GC(523)   Other: 0.05ms
[16.138s][trace][gc,age         ] GC(523) Age table:
[16.138s][trace][gc,age         ] GC(523) - age   1:        192 bytes,        192 total
[16.138s][info ][gc,heap        ] GC(523) Eden regions: 253->0(253)
[16.138s][info ][gc,heap        ] GC(523) Survivor regions: 1->1(32)
[16.138s][info ][gc,heap        ] GC(523) Old regions: 11->11
[16.138s][info ][gc,heap        ] GC(523) Humongous regions: 0->0
[16.138s][info ][gc,metaspace   ] GC(523) Metaspace: 10117K(10368K)->10117K(10368K) NonClass: 9153K(9344K)->9153K(9344K) Class: 963K(1024K)->963K(1024K)
[16.138s][info ][gc             ] GC(523) Pause Young (Normal) (G1 Evacuation Pause) 256M->4M(424M) 0.587ms
[16.138s][info ][gc,cpu         ] GC(523) User=0.00s Sys=0.01s Real=0.00s
[16.153s][info ][gc,start       ] GC(524) Pause Young (Normal) (G1 Evacuation Pause)
[16.153s][info ][gc,task        ] GC(524) Using 9 workers of 9 for evacuation
[16.153s][debug][gc,age         ] GC(524) Desired survivor size 16777216 bytes, new threshold 15 (max threshold 15)
[16.154s][info ][gc,phases      ] GC(524)   Pre Evacuate Collection Set: 0.08ms
[16.154s][info ][gc,phases      ] GC(524)   Merge Heap Roots: 0.07ms
[16.154s][info ][gc,phases      ] GC(524)   Evacuate Collection Set: 0.15ms
[16.154s][info ][gc,phases      ] GC(524)   Post Evacuate Collection Set: 0.17ms
[16.154s][info ][gc,phases      ] GC(524)   Other: 0.05ms
[16.154s][trace][gc,age         ] GC(524) Age table:
[16.154s][trace][gc,age         ] GC(524) - age   1:        192 bytes,        192 total
[16.154s][info ][gc,heap        ] GC(524) Eden regions: 253->0(253)
[16.154s][info ][gc,heap        ] GC(524) Survivor regions: 1->1(32)
[16.154s][info ][gc,heap        ] GC(524) Old regions: 11->11
[16.154s][info ][gc,heap        ] GC(524) Humongous regions: 0->0
[16.154s][info ][gc,metaspace   ] GC(524) Metaspace: 10117K(10368K)->10117K(10368K) NonClass: 9153K(9344K)->9153K(9344K) Class: 963K(1024K)->963K(1024K)
[16.154s][info ][gc             ] GC(524) Pause Young (Normal) (G1 Evacuation Pause) 256M->4M(424M) 0.604ms
[16.154s][info ][gc,cpu         ] GC(524) User=0.00s Sys=0.00s Real=0.00s
[16.170s][info ][gc,start       ] GC(525) Pause Young (Normal) (G1 Evacuation Pause)
[16.170s][info ][gc,task        ] GC(525) Using 9 workers of 9 for evacuation
[16.170s][debug][gc,age         ] GC(525) Desired survivor size 16777216 bytes, new threshold 15 (max threshold 15)
[16.170s][info ][gc,phases      ] GC(525)   Pre Evacuate Collection Set: 0.11ms
[16.170s][info ][gc,phases      ] GC(525)   Merge Heap Roots: 0.07ms
[16.170s][info ][gc,phases      ] GC(525)   Evacuate Collection Set: 0.09ms
[16.170s][info ][gc,phases      ] GC(525)   Post Evacuate Collection Set: 0.16ms
[16.170s][info ][gc,phases      ] GC(525)   Other: 0.05ms
[16.170s][trace][gc,age         ] GC(525) Age table:
[16.170s][trace][gc,age         ] GC(525) - age   1:        192 bytes,        192 total
[16.170s][info ][gc,heap        ] GC(525) Eden regions: 253->0(253)
[16.170s][info ][gc,heap        ] GC(525) Survivor regions: 1->1(32)
[16.170s][info ][gc,heap        ] GC(525) Old regions: 11->11
[16.170s][info ][gc,heap        ] GC(525) Humongous regions: 0->0
[16.170s][info ][gc,metaspace   ] GC(525) Metaspace: 10117K(10368K)->10117K(10368K) NonClass: 9153K(9344K)->9153K(9344K) Class: 963K(1024K)->963K(1024K)
[16.170s][info ][gc             ] GC(525) Pause Young (Normal) (G1 Evacuation Pause) 256M->4M(424M) 0.563ms
[16.170s][info ][gc,cpu         ] GC(525) User=0.00s Sys=0.00s Real=0.00s
[16.186s][info ][gc,start       ] GC(526) Pause Young (Normal) (G1 Evacuation Pause)
[16.186s][info ][gc,task        ] GC(526) Using 9 workers of 9 for evacuation
[16.186s][debug][gc,age         ] GC(526) Desired survivor size 16777216 bytes, new threshold 15 (max threshold 15)
[16.187s][info ][gc,phases      ] GC(526)   Pre Evacuate Collection Set: 0.07ms
[16.187s][info ][gc,phases      ] GC(526)   Merge Heap Roots: 0.05ms
[16.187s][info ][gc,phases      ] GC(526)   Evacuate Collection Set: 0.13ms
[16.187s][info ][gc,phases      ] GC(526)   Post Evacuate Collection Set: 0.18ms
[16.187s][info ][gc,phases      ] GC(526)   Other: 0.06ms
[16.187s][trace][gc,age         ] GC(526) Age table:
[16.187s][trace][gc,age         ] GC(526) - age   1:        192 bytes,        192 total
[16.187s][info ][gc,heap        ] GC(526) Eden regions: 253->0(253)
[16.187s][info ][gc,heap        ] GC(526) Survivor regions: 1->1(32)
[16.187s][info ][gc,heap        ] GC(526) Old regions: 11->11
[16.187s][info ][gc,heap        ] GC(526) Humongous regions: 0->0
[16.187s][info ][gc,metaspace   ] GC(526) Metaspace: 10117K(10368K)->10117K(10368K) NonClass: 9153K(9344K)->9153K(9344K) Class: 963K(1024K)->963K(1024K)
[16.187s][info ][gc             ] GC(526) Pause Young (Normal) (G1 Evacuation Pause) 256M->4M(424M) 0.589ms
[16.187s][info ][gc,cpu         ] GC(526) User=0.00s Sys=0.00s Real=0.00s
[16.202s][info ][gc,start       ] GC(527) Pause Young (Normal) (G1 Evacuation Pause)
[16.202s][info ][gc,task        ] GC(527) Using 9 workers of 9 for evacuation
[16.202s][debug][gc,age         ] GC(527) Desired survivor size 16777216 bytes, new threshold 15 (max threshold 15)
[16.203s][info ][gc,phases      ] GC(527)   Pre Evacuate Collection Set: 0.08ms
[16.203s][info ][gc,phases      ] GC(527)   Merge Heap Roots: 0.06ms
[16.203s][info ][gc,phases      ] GC(527)   Evacuate Collection Set: 0.11ms
[16.203s][info ][gc,phases      ] GC(527)   Post Evacuate Collection Set: 0.17ms
[16.203s][info ][gc,phases      ] GC(527)   Other: 0.06ms
[16.203s][trace][gc,age         ] GC(527) Age table:
[16.203s][trace][gc,age         ] GC(527) - age   1:        192 bytes,        192 total
[16.203s][info ][gc,heap        ] GC(527) Eden regions: 253->0(253)
[16.203s][info ][gc,heap        ] GC(527) Survivor regions: 1->1(32)
[16.203s][info ][gc,heap        ] GC(527) Old regions: 11->11
[16.203s][info ][gc,heap        ] GC(527) Humongous regions: 0->0
[16.203s][info ][gc,metaspace   ] GC(527) Metaspace: 10117K(10368K)->10117K(10368K) NonClass: 9153K(9344K)->9153K(9344K) Class: 963K(1024K)->963K(1024K)
[16.203s][info ][gc             ] GC(527) Pause Young (Normal) (G1 Evacuation Pause) 256M->4M(424M) 0.568ms
[16.203s][info ][gc,cpu         ] GC(527) User=0.00s Sys=0.00s Real=0.00s
[16.219s][info ][gc,start       ] GC(528) Pause Young (Normal) (G1 Evacuation Pause)
[16.219s][info ][gc,task        ] GC(528) Using 9 workers of 9 for evacuation
[16.219s][debug][gc,age         ] GC(528) Desired survivor size 16777216 bytes, new threshold 15 (max threshold 15)
[16.219s][info ][gc,phases      ] GC(528)   Pre Evacuate Collection Set: 0.07ms
[16.219s][info ][gc,phases      ] GC(528)   Merge Heap Roots: 0.07ms
[16.219s][info ][gc,phases      ] GC(528)   Evacuate Collection Set: 0.10ms
[16.219s][info ][gc,phases      ] GC(528)   Post Evacuate Collection Set: 0.19ms
[16.219s][info ][gc,phases      ] GC(528)   Other: 0.05ms
[16.219s][trace][gc,age         ] GC(528) Age table:
[16.219s][trace][gc,age         ] GC(528) - age   1:        192 bytes,        192 total
[16.219s][info ][gc,heap        ] GC(528) Eden regions: 253->0(253)
[16.219s][info ][gc,heap        ] GC(528) Survivor regions: 1->1(32)
[16.219s][info ][gc,heap        ] GC(528) Old regions: 11->11
[16.219s][info ][gc,heap        ] GC(528) Humongous regions: 0->0
[16.219s][info ][gc,metaspace   ] GC(528) Metaspace: 10117K(10368K)->10117K(10368K) NonClass: 9153K(9344K)->9153K(9344K) Class: 963K(1024K)->963K(1024K)
[16.219s][info ][gc             ] GC(528) Pause Young (Normal) (G1 Evacuation Pause) 256M->4M(424M) 0.580ms
[16.219s][info ][gc,cpu         ] GC(528) User=0.00s Sys=0.00s Real=0.00s
[16.235s][info ][gc,start       ] GC(529) Pause Young (Normal) (G1 Evacuation Pause)
[16.235s][info ][gc,task        ] GC(529) Using 9 workers of 9 for evacuation
[16.235s][debug][gc,age         ] GC(529) Desired survivor size 16777216 bytes, new threshold 15 (max threshold 15)
[16.235s][info ][gc,phases      ] GC(529)   Pre Evacuate Collection Set: 0.08ms
[16.235s][info ][gc,phases      ] GC(529)   Merge Heap Roots: 0.11ms
[16.235s][info ][gc,phases      ] GC(529)   Evacuate Collection Set: 0.10ms
[16.235s][info ][gc,phases      ] GC(529)   Post Evacuate Collection Set: 0.16ms
[16.235s][info ][gc,phases      ] GC(529)   Other: 0.06ms
[16.236s][trace][gc,age         ] GC(529) Age table:
[16.236s][trace][gc,age         ] GC(529) - age   1:        192 bytes,        192 total
[16.236s][info ][gc,heap        ] GC(529) Eden regions: 253->0(253)
[16.236s][info ][gc,heap        ] GC(529) Survivor regions: 1->1(32)
[16.236s][info ][gc,heap        ] GC(529) Old regions: 11->11
[16.236s][info ][gc,heap        ] GC(529) Humongous regions: 0->0
[16.236s][info ][gc,metaspace   ] GC(529) Metaspace: 10117K(10368K)->10117K(10368K) NonClass: 9153K(9344K)->9153K(9344K) Class: 963K(1024K)->963K(1024K)
[16.236s][info ][gc             ] GC(529) Pause Young (Normal) (G1 Evacuation Pause) 256M->4M(424M) 0.606ms
[16.236s][info ][gc,cpu         ] GC(529) User=0.00s Sys=0.00s Real=0.01s
[16.251s][info ][gc,start       ] GC(530) Pause Young (Normal) (G1 Evacuation Pause)
[16.251s][info ][gc,task        ] GC(530) Using 9 workers of 9 for evacuation
[16.251s][debug][gc,age         ] GC(530) Desired survivor size 16777216 bytes, new threshold 15 (max threshold 15)
[16.252s][info ][gc,phases      ] GC(530)   Pre Evacuate Collection Set: 0.11ms
[16.252s][info ][gc,phases      ] GC(530)   Merge Heap Roots: 0.09ms
[16.252s][info ][gc,phases      ] GC(530)   Evacuate Collection Set: 0.11ms
[16.252s][info ][gc,phases      ] GC(530)   Post Evacuate Collection Set: 0.18ms
[16.252s][info ][gc,phases      ] GC(530)   Other: 0.04ms
[16.252s][trace][gc,age         ] GC(530) Age table:
[16.252s][trace][gc,age         ] GC(530) - age   1:        192 bytes,        192 total
[16.252s][info ][gc,heap        ] GC(530) Eden regions: 253->0(253)
[16.252s][info ][gc,heap        ] GC(530) Survivor regions: 1->1(32)
[16.252s][info ][gc,heap        ] GC(530) Old regions: 11->11
[16.252s][info ][gc,heap        ] GC(530) Humongous regions: 0->0
[16.252s][info ][gc,metaspace   ] GC(530) Metaspace: 10117K(10368K)->10117K(10368K) NonClass: 9153K(9344K)->9153K(9344K) Class: 963K(1024K)->963K(1024K)
[16.252s][info ][gc             ] GC(530) Pause Young (Normal) (G1 Evacuation Pause) 256M->4M(424M) 0.619ms
[16.252s][info ][gc,cpu         ] GC(530) User=0.00s Sys=0.00s Real=0.00s
[16.267s][info ][gc,start       ] GC(531) Pause Young (Normal) (G1 Evacuation Pause)
[16.267s][info ][gc,task        ] GC(531) Using 9 workers of 9 for evacuation
[16.267s][debug][gc,age         ] GC(531) Desired survivor size 16777216 bytes, new threshold 15 (max threshold 15)
[16.268s][info ][gc,phases      ] GC(531)   Pre Evacuate Collection Set: 0.06ms
[16.268s][info ][gc,phases      ] GC(531)   Merge Heap Roots: 0.10ms
[16.268s][info ][gc,phases      ] GC(531)   Evacuate Collection Set: 0.11ms
[16.268s][info ][gc,phases      ] GC(531)   Post Evacuate Collection Set: 0.21ms
[16.268s][info ][gc,phases      ] GC(531)   Other: 0.06ms
[16.268s][trace][gc,age         ] GC(531) Age table:
[16.268s][trace][gc,age         ] GC(531) - age   1:        192 bytes,        192 total
[16.268s][info ][gc,heap        ] GC(531) Eden regions: 253->0(253)
[16.268s][info ][gc,heap        ] GC(531) Survivor regions: 1->1(32)
[16.268s][info ][gc,heap        ] GC(531) Old regions: 11->11
[16.268s][info ][gc,heap        ] GC(531) Humongous regions: 0->0
[16.268s][info ][gc,metaspace   ] GC(531) Metaspace: 10117K(10368K)->10117K(10368K) NonClass: 9153K(9344K)->9153K(9344K) Class: 963K(1024K)->963K(1024K)
[16.268s][info ][gc             ] GC(531) Pause Young (Normal) (G1 Evacuation Pause) 256M->4M(424M) 0.632ms
[16.268s][info ][gc,cpu         ] GC(531) User=0.00s Sys=0.01s Real=0.00s
[16.283s][info ][gc,start       ] GC(532) Pause Young (Normal) (G1 Evacuation Pause)
[16.284s][info ][gc,task        ] GC(532) Using 9 workers of 9 for evacuation
[16.284s][debug][gc,age         ] GC(532) Desired survivor size 16777216 bytes, new threshold 15 (max threshold 15)
[16.284s][info ][gc,phases      ] GC(532)   Pre Evacuate Collection Set: 0.11ms
[16.284s][info ][gc,phases      ] GC(532)   Merge Heap Roots: 0.11ms
[16.284s][info ][gc,phases      ] GC(532)   Evacuate Collection Set: 0.09ms
[16.284s][info ][gc,phases      ] GC(532)   Post Evacuate Collection Set: 0.18ms
[16.284s][info ][gc,phases      ] GC(532)   Other: 0.06ms
[16.284s][trace][gc,age         ] GC(532) Age table:
[16.284s][trace][gc,age         ] GC(532) - age   1:        192 bytes,        192 total
[16.284s][info ][gc,heap        ] GC(532) Eden regions: 253->0(253)
[16.284s][info ][gc,heap        ] GC(532) Survivor regions: 1->1(32)
[16.284s][info ][gc,heap        ] GC(532) Old regions: 11->11
[16.284s][info ][gc,heap        ] GC(532) Humongous regions: 0->0
[16.284s][info ][gc,metaspace   ] GC(532) Metaspace: 10117K(10368K)->10117K(10368K) NonClass: 9153K(9344K)->9153K(9344K) Class: 963K(1024K)->963K(1024K)
[16.284s][info ][gc             ] GC(532) Pause Young (Normal) (G1 Evacuation Pause) 256M->4M(424M) 0.643ms
[16.284s][info ][gc,cpu         ] GC(532) User=0.00s Sys=0.00s Real=0.00s
[16.300s][info ][gc,start       ] GC(533) Pause Young (Normal) (G1 Evacuation Pause)
[16.300s][info ][gc,task        ] GC(533) Using 9 workers of 9 for evacuation
[16.300s][debug][gc,age         ] GC(533) Desired survivor size 16777216 bytes, new threshold 15 (max threshold 15)
[16.300s][info ][gc,phases      ] GC(533)   Pre Evacuate Collection Set: 0.07ms
[16.300s][info ][gc,phases      ] GC(533)   Merge Heap Roots: 0.06ms
[16.300s][info ][gc,phases      ] GC(533)   Evacuate Collection Set: 0.10ms
[16.300s][info ][gc,phases      ] GC(533)   Post Evacuate Collection Set: 0.17ms
[16.300s][info ][gc,phases      ] GC(533)   Other: 0.06ms
[16.300s][trace][gc,age         ] GC(533) Age table:
[16.300s][trace][gc,age         ] GC(533) - age   1:        192 bytes,        192 total
[16.300s][info ][gc,heap        ] GC(533) Eden regions: 253->0(253)
[16.300s][info ][gc,heap        ] GC(533) Survivor regions: 1->1(32)
[16.300s][info ][gc,heap        ] GC(533) Old regions: 11->11
[16.300s][info ][gc,heap        ] GC(533) Humongous regions: 0->0
[16.300s][info ][gc,metaspace   ] GC(533) Metaspace: 10117K(10368K)->10117K(10368K) NonClass: 9153K(9344K)->9153K(9344K) Class: 963K(1024K)->963K(1024K)
[16.300s][info ][gc             ] GC(533) Pause Young (Normal) (G1 Evacuation Pause) 256M->4M(424M) 0.552ms
[16.300s][info ][gc,cpu         ] GC(533) User=0.00s Sys=0.00s Real=0.00s
[16.316s][info ][gc,start       ] GC(534) Pause Young (Normal) (G1 Evacuation Pause)
[16.316s][info ][gc,task        ] GC(534) Using 9 workers of 9 for evacuation
[16.316s][debug][gc,age         ] GC(534) Desired survivor size 16777216 bytes, new threshold 15 (max threshold 15)
[16.316s][info ][gc,phases      ] GC(534)   Pre Evacuate Collection Set: 0.09ms
[16.316s][info ][gc,phases      ] GC(534)   Merge Heap Roots: 0.08ms
[16.316s][info ][gc,phases      ] GC(534)   Evacuate Collection Set: 0.08ms
[16.316s][info ][gc,phases      ] GC(534)   Post Evacuate Collection Set: 0.18ms
[16.316s][info ][gc,phases      ] GC(534)   Other: 0.06ms
[16.316s][trace][gc,age         ] GC(534) Age table:
[16.316s][trace][gc,age         ] GC(534) - age   1:        192 bytes,        192 total
[16.316s][info ][gc,heap        ] GC(534) Eden regions: 253->0(253)
[16.316s][info ][gc,heap        ] GC(534) Survivor regions: 1->1(32)
[16.316s][info ][gc,heap        ] GC(534) Old regions: 11->11
[16.316s][info ][gc,heap        ] GC(534) Humongous regions: 0->0
[16.316s][info ][gc,metaspace   ] GC(534) Metaspace: 10117K(10368K)->10117K(10368K) NonClass: 9153K(9344K)->9153K(9344K) Class: 963K(1024K)->963K(1024K)
[16.316s][info ][gc             ] GC(534) Pause Young (Normal) (G1 Evacuation Pause) 256M->4M(424M) 0.590ms
[16.316s][info ][gc,cpu         ] GC(534) User=0.00s Sys=0.00s Real=0.00s
[16.332s][info ][gc,start       ] GC(535) Pause Young (Normal) (G1 Evacuation Pause)
[16.332s][info ][gc,task        ] GC(535) Using 9 workers of 9 for evacuation
[16.332s][debug][gc,age         ] GC(535) Desired survivor size 16777216 bytes, new threshold 15 (max threshold 15)
[16.332s][info ][gc,phases      ] GC(535)   Pre Evacuate Collection Set: 0.06ms
[16.332s][info ][gc,phases      ] GC(535)   Merge Heap Roots: 0.05ms
[16.332s][info ][gc,phases      ] GC(535)   Evacuate Collection Set: 0.14ms
[16.332s][info ][gc,phases      ] GC(535)   Post Evacuate Collection Set: 0.20ms
[16.332s][info ][gc,phases      ] GC(535)   Other: 0.04ms
[16.332s][trace][gc,age         ] GC(535) Age table:
[16.333s][trace][gc,age         ] GC(535) - age   1:        192 bytes,        192 total
[16.333s][info ][gc,heap        ] GC(535) Eden regions: 253->0(253)
[16.333s][info ][gc,heap        ] GC(535) Survivor regions: 1->1(32)
[16.333s][info ][gc,heap        ] GC(535) Old regions: 11->11
[16.333s][info ][gc,heap        ] GC(535) Humongous regions: 0->0
[16.333s][info ][gc,metaspace   ] GC(535) Metaspace: 10117K(10368K)->10117K(10368K) NonClass: 9153K(9344K)->9153K(9344K) Class: 963K(1024K)->963K(1024K)
[16.333s][info ][gc             ] GC(535) Pause Young (Normal) (G1 Evacuation Pause) 256M->4M(424M) 0.579ms
[16.333s][info ][gc,cpu         ] GC(535) User=0.00s Sys=0.00s Real=0.00s
[16.348s][info ][gc,start       ] GC(536) Pause Young (Normal) (G1 Evacuation Pause)
[16.348s][info ][gc,task        ] GC(536) Using 9 workers of 9 for evacuation
[16.348s][debug][gc,age         ] GC(536) Desired survivor size 16777216 bytes, new threshold 15 (max threshold 15)
[16.349s][info ][gc,phases      ] GC(536)   Pre Evacuate Collection Set: 0.08ms
[16.349s][info ][gc,phases      ] GC(536)   Merge Heap Roots: 0.05ms
[16.349s][info ][gc,phases      ] GC(536)   Evacuate Collection Set: 0.13ms
[16.349s][info ][gc,phases      ] GC(536)   Post Evacuate Collection Set: 0.20ms
[16.349s][info ][gc,phases      ] GC(536)   Other: 0.06ms
[16.349s][trace][gc,age         ] GC(536) Age table:
[16.349s][trace][gc,age         ] GC(536) - age   1:        192 bytes,        192 total
[16.349s][info ][gc,heap        ] GC(536) Eden regions: 253->0(253)
[16.349s][info ][gc,heap        ] GC(536) Survivor regions: 1->1(32)
[16.349s][info ][gc,heap        ] GC(536) Old regions: 11->11
[16.349s][info ][gc,heap        ] GC(536) Humongous regions: 0->0
[16.349s][info ][gc,metaspace   ] GC(536) Metaspace: 10117K(10368K)->10117K(10368K) NonClass: 9153K(9344K)->9153K(9344K) Class: 963K(1024K)->963K(1024K)
[16.349s][info ][gc             ] GC(536) Pause Young (Normal) (G1 Evacuation Pause) 256M->4M(424M) 0.608ms
[16.349s][info ][gc,cpu         ] GC(536) User=0.00s Sys=0.00s Real=0.00s
[16.364s][info ][gc,start       ] GC(537) Pause Young (Normal) (G1 Evacuation Pause)
[16.364s][info ][gc,task        ] GC(537) Using 9 workers of 9 for evacuation
[16.364s][debug][gc,age         ] GC(537) Desired survivor size 16777216 bytes, new threshold 15 (max threshold 15)
[16.365s][info ][gc,phases      ] GC(537)   Pre Evacuate Collection Set: 0.10ms
[16.365s][info ][gc,phases      ] GC(537)   Merge Heap Roots: 0.08ms
[16.365s][info ][gc,phases      ] GC(537)   Evacuate Collection Set: 0.09ms
[16.365s][info ][gc,phases      ] GC(537)   Post Evacuate Collection Set: 0.17ms
[16.365s][info ][gc,phases      ] GC(537)   Other: 0.05ms
[16.365s][trace][gc,age         ] GC(537) Age table:
[16.365s][trace][gc,age         ] GC(537) - age   1:        192 bytes,        192 total
[16.365s][info ][gc,heap        ] GC(537) Eden regions: 253->0(253)
[16.365s][info ][gc,heap        ] GC(537) Survivor regions: 1->1(32)
[16.365s][info ][gc,heap        ] GC(537) Old regions: 11->11
[16.365s][info ][gc,heap        ] GC(537) Humongous regions: 0->0
[16.365s][info ][gc,metaspace   ] GC(537) Metaspace: 10117K(10368K)->10117K(10368K) NonClass: 9153K(9344K)->9153K(9344K) Class: 963K(1024K)->963K(1024K)
[16.365s][info ][gc             ] GC(537) Pause Young (Normal) (G1 Evacuation Pause) 256M->4M(424M) 0.582ms
[16.365s][info ][gc,cpu         ] GC(537) User=0.00s Sys=0.00s Real=0.00s
[16.381s][info ][gc,start       ] GC(538) Pause Young (Normal) (G1 Evacuation Pause)
[16.381s][info ][gc,task        ] GC(538) Using 9 workers of 9 for evacuation
[16.381s][debug][gc,age         ] GC(538) Desired survivor size 16777216 bytes, new threshold 15 (max threshold 15)
[16.381s][info ][gc,phases      ] GC(538)   Pre Evacuate Collection Set: 0.08ms
[16.381s][info ][gc,phases      ] GC(538)   Merge Heap Roots: 0.06ms
[16.381s][info ][gc,phases      ] GC(538)   Evacuate Collection Set: 0.11ms
[16.381s][info ][gc,phases      ] GC(538)   Post Evacuate Collection Set: 0.17ms
[16.381s][info ][gc,phases      ] GC(538)   Other: 0.06ms
[16.381s][trace][gc,age         ] GC(538) Age table:
[16.381s][trace][gc,age         ] GC(538) - age   1:        192 bytes,        192 total
[16.381s][info ][gc,heap        ] GC(538) Eden regions: 253->0(253)
[16.381s][info ][gc,heap        ] GC(538) Survivor regions: 1->1(32)
[16.381s][info ][gc,heap        ] GC(538) Old regions: 11->11
[16.381s][info ][gc,heap        ] GC(538) Humongous regions: 0->0
[16.381s][info ][gc,metaspace   ] GC(538) Metaspace: 10117K(10368K)->10117K(10368K) NonClass: 9153K(9344K)->9153K(9344K) Class: 963K(1024K)->963K(1024K)
[16.381s][info ][gc             ] GC(538) Pause Young (Normal) (G1 Evacuation Pause) 256M->4M(424M) 0.577ms
[16.381s][info ][gc,cpu         ] GC(538) User=0.00s Sys=0.00s Real=0.00s
[16.397s][info ][gc,start       ] GC(539) Pause Young (Normal) (G1 Evacuation Pause)
[16.397s][info ][gc,task        ] GC(539) Using 9 workers of 9 for evacuation
[16.397s][debug][gc,age         ] GC(539) Desired survivor size 16777216 bytes, new threshold 15 (max threshold 15)
[16.397s][info ][gc,phases      ] GC(539)   Pre Evacuate Collection Set: 0.09ms
[16.397s][info ][gc,phases      ] GC(539)   Merge Heap Roots: 0.07ms
[16.397s][info ][gc,phases      ] GC(539)   Evacuate Collection Set: 0.11ms
[16.397s][info ][gc,phases      ] GC(539)   Post Evacuate Collection Set: 0.16ms
[16.397s][info ][gc,phases      ] GC(539)   Other: 0.05ms
[16.397s][trace][gc,age         ] GC(539) Age table:
[16.397s][trace][gc,age         ] GC(539) - age   1:        192 bytes,        192 total
[16.397s][info ][gc,heap        ] GC(539) Eden regions: 253->0(253)
[16.397s][info ][gc,heap        ] GC(539) Survivor regions: 1->1(32)
[16.397s][info ][gc,heap        ] GC(539) Old regions: 11->11
[16.397s][info ][gc,heap        ] GC(539) Humongous regions: 0->0
[16.397s][info ][gc,metaspace   ] GC(539) Metaspace: 10117K(10368K)->10117K(10368K) NonClass: 9153K(9344K)->9153K(9344K) Class: 963K(1024K)->963K(1024K)
[16.397s][info ][gc             ] GC(539) Pause Young (Normal) (G1 Evacuation Pause) 256M->4M(424M) 0.566ms
[16.397s][info ][gc,cpu         ] GC(539) User=0.00s Sys=0.00s Real=0.00s
[16.413s][info ][gc,start       ] GC(540) Pause Young (Normal) (G1 Evacuation Pause)
[16.413s][info ][gc,task        ] GC(540) Using 9 workers of 9 for evacuation
[16.413s][debug][gc,age         ] GC(540) Desired survivor size 16777216 bytes, new threshold 15 (max threshold 15)
[16.413s][info ][gc,phases      ] GC(540)   Pre Evacuate Collection Set: 0.07ms
[16.413s][info ][gc,phases      ] GC(540)   Merge Heap Roots: 0.10ms
[16.413s][info ][gc,phases      ] GC(540)   Evacuate Collection Set: 0.09ms
[16.414s][info ][gc,phases      ] GC(540)   Post Evacuate Collection Set: 0.15ms
[16.414s][info ][gc,phases      ] GC(540)   Other: 0.06ms
[16.414s][trace][gc,age         ] GC(540) Age table:
[16.414s][trace][gc,age         ] GC(540) - age   1:        192 bytes,        192 total
[16.414s][info ][gc,heap        ] GC(540) Eden regions: 253->0(253)
[16.414s][info ][gc,heap        ] GC(540) Survivor regions: 1->1(32)
[16.414s][info ][gc,heap        ] GC(540) Old regions: 11->11
[16.414s][info ][gc,heap        ] GC(540) Humongous regions: 0->0
[16.414s][info ][gc,metaspace   ] GC(540) Metaspace: 10117K(10368K)->10117K(10368K) NonClass: 9153K(9344K)->9153K(9344K) Class: 963K(1024K)->963K(1024K)
[16.414s][info ][gc             ] GC(540) Pause Young (Normal) (G1 Evacuation Pause) 256M->4M(424M) 0.575ms
[16.414s][info ][gc,cpu         ] GC(540) User=0.00s Sys=0.00s Real=0.00s
[16.429s][info ][gc,start       ] GC(541) Pause Young (Normal) (G1 Evacuation Pause)
[16.429s][info ][gc,task        ] GC(541) Using 9 workers of 9 for evacuation
[16.429s][debug][gc,age         ] GC(541) Desired survivor size 16777216 bytes, new threshold 15 (max threshold 15)
[16.430s][info ][gc,phases      ] GC(541)   Pre Evacuate Collection Set: 0.07ms
[16.430s][info ][gc,phases      ] GC(541)   Merge Heap Roots: 0.06ms
[16.430s][info ][gc,phases      ] GC(541)   Evacuate Collection Set: 0.11ms
[16.430s][info ][gc,phases      ] GC(541)   Post Evacuate Collection Set: 0.19ms
[16.430s][info ][gc,phases      ] GC(541)   Other: 0.06ms
[16.430s][trace][gc,age         ] GC(541) Age table:
[16.430s][trace][gc,age         ] GC(541) - age   1:        192 bytes,        192 total
[16.430s][info ][gc,heap        ] GC(541) Eden regions: 253->0(253)
[16.430s][info ][gc,heap        ] GC(541) Survivor regions: 1->1(32)
[16.430s][info ][gc,heap        ] GC(541) Old regions: 11->11
[16.430s][info ][gc,heap        ] GC(541) Humongous regions: 0->0
[16.430s][info ][gc,metaspace   ] GC(541) Metaspace: 10117K(10368K)->10117K(10368K) NonClass: 9153K(9344K)->9153K(9344K) Class: 963K(1024K)->963K(1024K)
[16.430s][info ][gc             ] GC(541) Pause Young (Normal) (G1 Evacuation Pause) 256M->4M(424M) 0.580ms
[16.430s][info ][gc,cpu         ] GC(541) User=0.00s Sys=0.00s Real=0.00s
[16.445s][info ][gc,start       ] GC(542) Pause Young (Normal) (G1 Evacuation Pause)
[16.445s][info ][gc,task        ] GC(542) Using 9 workers of 9 for evacuation
[16.445s][debug][gc,age         ] GC(542) Desired survivor size 16777216 bytes, new threshold 15 (max threshold 15)
[16.446s][info ][gc,phases      ] GC(542)   Pre Evacuate Collection Set: 0.07ms
[16.446s][info ][gc,phases      ] GC(542)   Merge Heap Roots: 0.05ms
[16.446s][info ][gc,phases      ] GC(542)   Evacuate Collection Set: 0.11ms
[16.446s][info ][gc,phases      ] GC(542)   Post Evacuate Collection Set: 0.21ms
[16.446s][info ][gc,phases      ] GC(542)   Other: 0.06ms
[16.446s][trace][gc,age         ] GC(542) Age table:
[16.446s][trace][gc,age         ] GC(542) - age   1:        192 bytes,        192 total
[16.446s][info ][gc,heap        ] GC(542) Eden regions: 253->0(253)
[16.446s][info ][gc,heap        ] GC(542) Survivor regions: 1->1(32)
[16.446s][info ][gc,heap        ] GC(542) Old regions: 11->11
[16.446s][info ][gc,heap        ] GC(542) Humongous regions: 0->0
[16.446s][info ][gc,metaspace   ] GC(542) Metaspace: 10117K(10368K)->10117K(10368K) NonClass: 9153K(9344K)->9153K(9344K) Class: 963K(1024K)->963K(1024K)
[16.446s][info ][gc             ] GC(542) Pause Young (Normal) (G1 Evacuation Pause) 256M->4M(424M) 0.603ms
[16.446s][info ][gc,cpu         ] GC(542) User=0.00s Sys=0.00s Real=0.00s
[16.462s][info ][gc,start       ] GC(543) Pause Young (Normal) (G1 Evacuation Pause)
[16.462s][info ][gc,task        ] GC(543) Using 9 workers of 9 for evacuation
[16.462s][debug][gc,age         ] GC(543) Desired survivor size 16777216 bytes, new threshold 15 (max threshold 15)
[16.462s][info ][gc,phases      ] GC(543)   Pre Evacuate Collection Set: 0.07ms
[16.462s][info ][gc,phases      ] GC(543)   Merge Heap Roots: 0.09ms
[16.462s][info ][gc,phases      ] GC(543)   Evacuate Collection Set: 0.08ms
[16.462s][info ][gc,phases      ] GC(543)   Post Evacuate Collection Set: 0.17ms
[16.462s][info ][gc,phases      ] GC(543)   Other: 0.05ms
[16.462s][trace][gc,age         ] GC(543) Age table:
[16.462s][trace][gc,age         ] GC(543) - age   1:        192 bytes,        192 total
[16.462s][info ][gc,heap        ] GC(543) Eden regions: 253->0(253)
[16.462s][info ][gc,heap        ] GC(543) Survivor regions: 1->1(32)
[16.462s][info ][gc,heap        ] GC(543) Old regions: 11->11
[16.462s][info ][gc,heap        ] GC(543) Humongous regions: 0->0
[16.462s][info ][gc,metaspace   ] GC(543) Metaspace: 10117K(10368K)->10117K(10368K) NonClass: 9153K(9344K)->9153K(9344K) Class: 963K(1024K)->963K(1024K)
[16.462s][info ][gc             ] GC(543) Pause Young (Normal) (G1 Evacuation Pause) 256M->4M(424M) 0.542ms
[16.462s][info ][gc,cpu         ] GC(543) User=0.00s Sys=0.00s Real=0.00s
[16.477s][info ][gc,start       ] GC(544) Pause Young (Normal) (G1 Evacuation Pause)
[16.477s][info ][gc,task        ] GC(544) Using 9 workers of 9 for evacuation
[16.477s][debug][gc,age         ] GC(544) Desired survivor size 16777216 bytes, new threshold 15 (max threshold 15)
[16.478s][info ][gc,phases      ] GC(544)   Pre Evacuate Collection Set: 0.09ms
[16.478s][info ][gc,phases      ] GC(544)   Merge Heap Roots: 0.13ms
[16.478s][info ][gc,phases      ] GC(544)   Evacuate Collection Set: 0.11ms
[16.478s][info ][gc,phases      ] GC(544)   Post Evacuate Collection Set: 0.19ms
[16.478s][info ][gc,phases      ] GC(544)   Other: 0.05ms
[16.478s][trace][gc,age         ] GC(544) Age table:
[16.478s][trace][gc,age         ] GC(544) - age   1:        192 bytes,        192 total
[16.478s][info ][gc,heap        ] GC(544) Eden regions: 253->0(253)
[16.478s][info ][gc,heap        ] GC(544) Survivor regions: 1->1(32)
[16.478s][info ][gc,heap        ] GC(544) Old regions: 11->11
[16.478s][info ][gc,heap        ] GC(544) Humongous regions: 0->0
[16.478s][info ][gc,metaspace   ] GC(544) Metaspace: 10117K(10368K)->10117K(10368K) NonClass: 9153K(9344K)->9153K(9344K) Class: 963K(1024K)->963K(1024K)
[16.478s][info ][gc             ] GC(544) Pause Young (Normal) (G1 Evacuation Pause) 256M->4M(424M) 0.656ms
[16.478s][info ][gc,cpu         ] GC(544) User=0.01s Sys=0.00s Real=0.00s
[16.494s][info ][gc,start       ] GC(545) Pause Young (Normal) (G1 Evacuation Pause)
[16.494s][info ][gc,task        ] GC(545) Using 9 workers of 9 for evacuation
[16.494s][debug][gc,age         ] GC(545) Desired survivor size 16777216 bytes, new threshold 15 (max threshold 15)
[16.494s][info ][gc,phases      ] GC(545)   Pre Evacuate Collection Set: 0.06ms
[16.494s][info ][gc,phases      ] GC(545)   Merge Heap Roots: 0.07ms
[16.494s][info ][gc,phases      ] GC(545)   Evacuate Collection Set: 0.07ms
[16.494s][info ][gc,phases      ] GC(545)   Post Evacuate Collection Set: 0.15ms
[16.494s][info ][gc,phases      ] GC(545)   Other: 0.05ms
[16.494s][trace][gc,age         ] GC(545) Age table:
[16.494s][trace][gc,age         ] GC(545) - age   1:        192 bytes,        192 total
[16.494s][info ][gc,heap        ] GC(545) Eden regions: 253->0(253)
[16.494s][info ][gc,heap        ] GC(545) Survivor regions: 1->1(32)
[16.494s][info ][gc,heap        ] GC(545) Old regions: 11->11
[16.494s][info ][gc,heap        ] GC(545) Humongous regions: 0->0
[16.494s][info ][gc,metaspace   ] GC(545) Metaspace: 10117K(10368K)->10117K(10368K) NonClass: 9153K(9344K)->9153K(9344K) Class: 963K(1024K)->963K(1024K)
[16.494s][info ][gc             ] GC(545) Pause Young (Normal) (G1 Evacuation Pause) 256M->4M(424M) 0.494ms
[16.494s][info ][gc,cpu         ] GC(545) User=0.00s Sys=0.00s Real=0.00s
[16.510s][info ][gc,start       ] GC(546) Pause Young (Normal) (G1 Evacuation Pause)
[16.510s][info ][gc,task        ] GC(546) Using 9 workers of 9 for evacuation
[16.510s][debug][gc,age         ] GC(546) Desired survivor size 16777216 bytes, new threshold 15 (max threshold 15)
[16.510s][info ][gc,phases      ] GC(546)   Pre Evacuate Collection Set: 0.15ms
[16.511s][info ][gc,phases      ] GC(546)   Merge Heap Roots: 0.06ms
[16.511s][info ][gc,phases      ] GC(546)   Evacuate Collection Set: 0.12ms
[16.511s][info ][gc,phases      ] GC(546)   Post Evacuate Collection Set: 0.17ms
[16.511s][info ][gc,phases      ] GC(546)   Other: 0.06ms
[16.511s][trace][gc,age         ] GC(546) Age table:
[16.511s][trace][gc,age         ] GC(546) - age   1:        192 bytes,        192 total
[16.511s][info ][gc,heap        ] GC(546) Eden regions: 253->0(253)
[16.511s][info ][gc,heap        ] GC(546) Survivor regions: 1->1(32)
[16.511s][info ][gc,heap        ] GC(546) Old regions: 11->11
[16.511s][info ][gc,heap        ] GC(546) Humongous regions: 0->0
[16.511s][info ][gc,metaspace   ] GC(546) Metaspace: 10117K(10368K)->10117K(10368K) NonClass: 9153K(9344K)->9153K(9344K) Class: 963K(1024K)->963K(1024K)
[16.511s][info ][gc             ] GC(546) Pause Young (Normal) (G1 Evacuation Pause) 256M->4M(424M) 0.651ms
[16.511s][info ][gc,cpu         ] GC(546) User=0.00s Sys=0.00s Real=0.00s
[16.526s][info ][gc,start       ] GC(547) Pause Young (Normal) (G1 Evacuation Pause)
[16.526s][info ][gc,task        ] GC(547) Using 9 workers of 9 for evacuation
[16.526s][debug][gc,age         ] GC(547) Desired survivor size 16777216 bytes, new threshold 15 (max threshold 15)
[16.527s][info ][gc,phases      ] GC(547)   Pre Evacuate Collection Set: 0.09ms
[16.527s][info ][gc,phases      ] GC(547)   Merge Heap Roots: 0.07ms
[16.527s][info ][gc,phases      ] GC(547)   Evacuate Collection Set: 0.09ms
[16.527s][info ][gc,phases      ] GC(547)   Post Evacuate Collection Set: 0.14ms
[16.527s][info ][gc,phases      ] GC(547)   Other: 0.04ms
[16.527s][trace][gc,age         ] GC(547) Age table:
[16.527s][trace][gc,age         ] GC(547) - age   1:        192 bytes,        192 total
[16.527s][info ][gc,heap        ] GC(547) Eden regions: 253->0(253)
[16.527s][info ][gc,heap        ] GC(547) Survivor regions: 1->1(32)
[16.527s][info ][gc,heap        ] GC(547) Old regions: 11->11
[16.527s][info ][gc,heap        ] GC(547) Humongous regions: 0->0
[16.527s][info ][gc,metaspace   ] GC(547) Metaspace: 10117K(10368K)->10117K(10368K) NonClass: 9153K(9344K)->9153K(9344K) Class: 963K(1024K)->963K(1024K)
[16.527s][info ][gc             ] GC(547) Pause Young (Normal) (G1 Evacuation Pause) 256M->4M(424M) 0.527ms
[16.527s][info ][gc,cpu         ] GC(547) User=0.01s Sys=0.00s Real=0.00s
[16.542s][info ][gc,start       ] GC(548) Pause Young (Normal) (G1 Evacuation Pause)
[16.542s][info ][gc,task        ] GC(548) Using 9 workers of 9 for evacuation
[16.542s][debug][gc,age         ] GC(548) Desired survivor size 16777216 bytes, new threshold 15 (max threshold 15)
[16.543s][info ][gc,phases      ] GC(548)   Pre Evacuate Collection Set: 0.07ms
[16.543s][info ][gc,phases      ] GC(548)   Merge Heap Roots: 0.06ms
[16.543s][info ][gc,phases      ] GC(548)   Evacuate Collection Set: 0.14ms
[16.543s][info ][gc,phases      ] GC(548)   Post Evacuate Collection Set: 0.18ms
[16.543s][info ][gc,phases      ] GC(548)   Other: 0.07ms
[16.543s][trace][gc,age         ] GC(548) Age table:
[16.543s][trace][gc,age         ] GC(548) - age   1:        192 bytes,        192 total
[16.543s][info ][gc,heap        ] GC(548) Eden regions: 253->0(253)
[16.543s][info ][gc,heap        ] GC(548) Survivor regions: 1->1(32)
[16.543s][info ][gc,heap        ] GC(548) Old regions: 11->11
[16.543s][info ][gc,heap        ] GC(548) Humongous regions: 0->0
[16.543s][info ][gc,metaspace   ] GC(548) Metaspace: 10117K(10368K)->10117K(10368K) NonClass: 9153K(9344K)->9153K(9344K) Class: 963K(1024K)->963K(1024K)
[16.543s][info ][gc             ] GC(548) Pause Young (Normal) (G1 Evacuation Pause) 256M->4M(424M) 0.611ms
[16.543s][info ][gc,cpu         ] GC(548) User=0.00s Sys=0.01s Real=0.00s
[16.559s][info ][gc,start       ] GC(549) Pause Young (Normal) (G1 Evacuation Pause)
[16.559s][info ][gc,task        ] GC(549) Using 9 workers of 9 for evacuation
[16.559s][debug][gc,age         ] GC(549) Desired survivor size 16777216 bytes, new threshold 15 (max threshold 15)
[16.559s][info ][gc,phases      ] GC(549)   Pre Evacuate Collection Set: 0.09ms
[16.559s][info ][gc,phases      ] GC(549)   Merge Heap Roots: 0.11ms
[16.559s][info ][gc,phases      ] GC(549)   Evacuate Collection Set: 0.09ms
[16.559s][info ][gc,phases      ] GC(549)   Post Evacuate Collection Set: 0.16ms
[16.559s][info ][gc,phases      ] GC(549)   Other: 0.04ms
[16.559s][trace][gc,age         ] GC(549) Age table:
[16.559s][trace][gc,age         ] GC(549) - age   1:        192 bytes,        192 total
[16.559s][info ][gc,heap        ] GC(549) Eden regions: 253->0(253)
[16.559s][info ][gc,heap        ] GC(549) Survivor regions: 1->1(32)
[16.559s][info ][gc,heap        ] GC(549) Old regions: 11->11
[16.559s][info ][gc,heap        ] GC(549) Humongous regions: 0->0
[16.559s][info ][gc,metaspace   ] GC(549) Metaspace: 10117K(10368K)->10117K(10368K) NonClass: 9153K(9344K)->9153K(9344K) Class: 963K(1024K)->963K(1024K)
[16.559s][info ][gc             ] GC(549) Pause Young (Normal) (G1 Evacuation Pause) 256M->4M(424M) 0.574ms
[16.559s][info ][gc,cpu         ] GC(549) User=0.00s Sys=0.00s Real=0.00s
[16.575s][info ][gc,start       ] GC(550) Pause Young (Normal) (G1 Evacuation Pause)
[16.575s][info ][gc,task        ] GC(550) Using 9 workers of 9 for evacuation
[16.575s][debug][gc,age         ] GC(550) Desired survivor size 16777216 bytes, new threshold 15 (max threshold 15)
[16.576s][info ][gc,phases      ] GC(550)   Pre Evacuate Collection Set: 0.09ms
[16.576s][info ][gc,phases      ] GC(550)   Merge Heap Roots: 0.05ms
[16.576s][info ][gc,phases      ] GC(550)   Evacuate Collection Set: 0.12ms
[16.576s][info ][gc,phases      ] GC(550)   Post Evacuate Collection Set: 0.16ms
[16.576s][info ][gc,phases      ] GC(550)   Other: 0.06ms
[16.576s][trace][gc,age         ] GC(550) Age table:
[16.576s][trace][gc,age         ] GC(550) - age   1:        192 bytes,        192 total
[16.576s][info ][gc,heap        ] GC(550) Eden regions: 253->0(253)
[16.576s][info ][gc,heap        ] GC(550) Survivor regions: 1->1(32)
[16.576s][info ][gc,heap        ] GC(550) Old regions: 11->11
[16.576s][info ][gc,heap        ] GC(550) Humongous regions: 0->0
[16.576s][info ][gc,metaspace   ] GC(550) Metaspace: 10117K(10368K)->10117K(10368K) NonClass: 9153K(9344K)->9153K(9344K) Class: 963K(1024K)->963K(1024K)
[16.576s][info ][gc             ] GC(550) Pause Young (Normal) (G1 Evacuation Pause) 256M->4M(424M) 0.574ms
[16.576s][info ][gc,cpu         ] GC(550) User=0.01s Sys=0.00s Real=0.01s
[16.591s][info ][gc,start       ] GC(551) Pause Young (Normal) (G1 Evacuation Pause)
[16.591s][info ][gc,task        ] GC(551) Using 9 workers of 9 for evacuation
[16.591s][debug][gc,age         ] GC(551) Desired survivor size 16777216 bytes, new threshold 15 (max threshold 15)
[16.592s][info ][gc,phases      ] GC(551)   Pre Evacuate Collection Set: 0.09ms
[16.592s][info ][gc,phases      ] GC(551)   Merge Heap Roots: 0.07ms
[16.592s][info ][gc,phases      ] GC(551)   Evacuate Collection Set: 0.11ms
[16.592s][info ][gc,phases      ] GC(551)   Post Evacuate Collection Set: 0.18ms
[16.592s][info ][gc,phases      ] GC(551)   Other: 0.06ms
[16.592s][trace][gc,age         ] GC(551) Age table:
[16.592s][trace][gc,age         ] GC(551) - age   1:        192 bytes,        192 total
[16.592s][info ][gc,heap        ] GC(551) Eden regions: 253->0(253)
[16.592s][info ][gc,heap        ] GC(551) Survivor regions: 1->1(32)
[16.592s][info ][gc,heap        ] GC(551) Old regions: 11->11
[16.592s][info ][gc,heap        ] GC(551) Humongous regions: 0->0
[16.592s][info ][gc,metaspace   ] GC(551) Metaspace: 10117K(10368K)->10117K(10368K) NonClass: 9153K(9344K)->9153K(9344K) Class: 963K(1024K)->963K(1024K)
[16.592s][info ][gc             ] GC(551) Pause Young (Normal) (G1 Evacuation Pause) 256M->4M(424M) 0.621ms
[16.592s][info ][gc,cpu         ] GC(551) User=0.00s Sys=0.00s Real=0.00s
[16.607s][info ][gc,start       ] GC(552) Pause Young (Normal) (G1 Evacuation Pause)
[16.607s][info ][gc,task        ] GC(552) Using 9 workers of 9 for evacuation
[16.607s][debug][gc,age         ] GC(552) Desired survivor size 16777216 bytes, new threshold 15 (max threshold 15)
[16.608s][info ][gc,phases      ] GC(552)   Pre Evacuate Collection Set: 0.07ms
[16.608s][info ][gc,phases      ] GC(552)   Merge Heap Roots: 0.07ms
[16.608s][info ][gc,phases      ] GC(552)   Evacuate Collection Set: 0.10ms
[16.608s][info ][gc,phases      ] GC(552)   Post Evacuate Collection Set: 0.20ms
[16.608s][info ][gc,phases      ] GC(552)   Other: 0.06ms
[16.608s][trace][gc,age         ] GC(552) Age table:
[16.608s][trace][gc,age         ] GC(552) - age   1:        192 bytes,        192 total
[16.608s][info ][gc,heap        ] GC(552) Eden regions: 253->0(253)
[16.608s][info ][gc,heap        ] GC(552) Survivor regions: 1->1(32)
[16.608s][info ][gc,heap        ] GC(552) Old regions: 11->11
[16.608s][info ][gc,heap        ] GC(552) Humongous regions: 0->0
[16.608s][info ][gc,metaspace   ] GC(552) Metaspace: 10117K(10368K)->10117K(10368K) NonClass: 9153K(9344K)->9153K(9344K) Class: 963K(1024K)->963K(1024K)
[16.608s][info ][gc             ] GC(552) Pause Young (Normal) (G1 Evacuation Pause) 256M->4M(424M) 0.597ms
[16.608s][info ][gc,cpu         ] GC(552) User=0.00s Sys=0.00s Real=0.00s
[16.623s][info ][gc,start       ] GC(553) Pause Young (Normal) (G1 Evacuation Pause)
[16.623s][info ][gc,task        ] GC(553) Using 9 workers of 9 for evacuation
[16.623s][debug][gc,age         ] GC(553) Desired survivor size 16777216 bytes, new threshold 15 (max threshold 15)
[16.624s][info ][gc,phases      ] GC(553)   Pre Evacuate Collection Set: 0.06ms
[16.624s][info ][gc,phases      ] GC(553)   Merge Heap Roots: 0.06ms
[16.624s][info ][gc,phases      ] GC(553)   Evacuate Collection Set: 0.11ms
[16.624s][info ][gc,phases      ] GC(553)   Post Evacuate Collection Set: 0.17ms
[16.624s][info ][gc,phases      ] GC(553)   Other: 0.06ms
[16.624s][trace][gc,age         ] GC(553) Age table:
[16.624s][trace][gc,age         ] GC(553) - age   1:        192 bytes,        192 total
[16.624s][info ][gc,heap        ] GC(553) Eden regions: 253->0(253)
[16.624s][info ][gc,heap        ] GC(553) Survivor regions: 1->1(32)
[16.624s][info ][gc,heap        ] GC(553) Old regions: 11->11
[16.624s][info ][gc,heap        ] GC(553) Humongous regions: 0->0
[16.624s][info ][gc,metaspace   ] GC(553) Metaspace: 10117K(10368K)->10117K(10368K) NonClass: 9153K(9344K)->9153K(9344K) Class: 963K(1024K)->963K(1024K)
[16.624s][info ][gc             ] GC(553) Pause Young (Normal) (G1 Evacuation Pause) 256M->4M(424M) 0.561ms
[16.624s][info ][gc,cpu         ] GC(553) User=0.00s Sys=0.00s Real=0.00s
[16.639s][info ][gc,start       ] GC(554) Pause Young (Normal) (G1 Evacuation Pause)
[16.639s][info ][gc,task        ] GC(554) Using 9 workers of 9 for evacuation
[16.639s][debug][gc,age         ] GC(554) Desired survivor size 16777216 bytes, new threshold 15 (max threshold 15)
[16.640s][info ][gc,phases      ] GC(554)   Pre Evacuate Collection Set: 0.10ms
[16.640s][info ][gc,phases      ] GC(554)   Merge Heap Roots: 0.07ms
[16.640s][info ][gc,phases      ] GC(554)   Evacuate Collection Set: 0.10ms
[16.640s][info ][gc,phases      ] GC(554)   Post Evacuate Collection Set: 0.16ms
[16.640s][info ][gc,phases      ] GC(554)   Other: 0.06ms
[16.640s][trace][gc,age         ] GC(554) Age table:
[16.640s][trace][gc,age         ] GC(554) - age   1:        192 bytes,        192 total
[16.640s][info ][gc,heap        ] GC(554) Eden regions: 253->0(253)
[16.640s][info ][gc,heap        ] GC(554) Survivor regions: 1->1(32)
[16.640s][info ][gc,heap        ] GC(554) Old regions: 11->11
[16.640s][info ][gc,heap        ] GC(554) Humongous regions: 0->0
[16.640s][info ][gc,metaspace   ] GC(554) Metaspace: 10117K(10368K)->10117K(10368K) NonClass: 9153K(9344K)->9153K(9344K) Class: 963K(1024K)->963K(1024K)
[16.640s][info ][gc             ] GC(554) Pause Young (Normal) (G1 Evacuation Pause) 256M->4M(424M) 0.598ms
[16.640s][info ][gc,cpu         ] GC(554) User=0.00s Sys=0.00s Real=0.00s
[16.656s][info ][gc,start       ] GC(555) Pause Young (Normal) (G1 Evacuation Pause)
[16.656s][info ][gc,task        ] GC(555) Using 9 workers of 9 for evacuation
[16.656s][debug][gc,age         ] GC(555) Desired survivor size 16777216 bytes, new threshold 15 (max threshold 15)
[16.656s][info ][gc,phases      ] GC(555)   Pre Evacuate Collection Set: 0.08ms
[16.656s][info ][gc,phases      ] GC(555)   Merge Heap Roots: 0.06ms
[16.656s][info ][gc,phases      ] GC(555)   Evacuate Collection Set: 0.12ms
[16.656s][info ][gc,phases      ] GC(555)   Post Evacuate Collection Set: 0.18ms
[16.656s][info ][gc,phases      ] GC(555)   Other: 0.05ms
[16.656s][trace][gc,age         ] GC(555) Age table:
[16.656s][trace][gc,age         ] GC(555) - age   1:        192 bytes,        192 total
[16.656s][info ][gc,heap        ] GC(555) Eden regions: 253->0(253)
[16.656s][info ][gc,heap        ] GC(555) Survivor regions: 1->1(32)
[16.656s][info ][gc,heap        ] GC(555) Old regions: 11->11
[16.656s][info ][gc,heap        ] GC(555) Humongous regions: 0->0
[16.656s][info ][gc,metaspace   ] GC(555) Metaspace: 10117K(10368K)->10117K(10368K) NonClass: 9153K(9344K)->9153K(9344K) Class: 963K(1024K)->963K(1024K)
[16.656s][info ][gc             ] GC(555) Pause Young (Normal) (G1 Evacuation Pause) 256M->4M(424M) 0.584ms
[16.656s][info ][gc,cpu         ] GC(555) User=0.00s Sys=0.00s Real=0.00s
[16.672s][info ][gc,start       ] GC(556) Pause Young (Normal) (G1 Evacuation Pause)
[16.672s][info ][gc,task        ] GC(556) Using 9 workers of 9 for evacuation
[16.672s][debug][gc,age         ] GC(556) Desired survivor size 16777216 bytes, new threshold 15 (max threshold 15)
[16.672s][info ][gc,phases      ] GC(556)   Pre Evacuate Collection Set: 0.07ms
[16.672s][info ][gc,phases      ] GC(556)   Merge Heap Roots: 0.08ms
[16.672s][info ][gc,phases      ] GC(556)   Evacuate Collection Set: 0.10ms
[16.672s][info ][gc,phases      ] GC(556)   Post Evacuate Collection Set: 0.17ms
[16.672s][info ][gc,phases      ] GC(556)   Other: 0.06ms
[16.672s][trace][gc,age         ] GC(556) Age table:
[16.672s][trace][gc,age         ] GC(556) - age   1:        192 bytes,        192 total
[16.672s][info ][gc,heap        ] GC(556) Eden regions: 253->0(253)
[16.672s][info ][gc,heap        ] GC(556) Survivor regions: 1->1(32)
[16.672s][info ][gc,heap        ] GC(556) Old regions: 11->11
[16.672s][info ][gc,heap        ] GC(556) Humongous regions: 0->0
[16.672s][info ][gc,metaspace   ] GC(556) Metaspace: 10117K(10368K)->10117K(10368K) NonClass: 9153K(9344K)->9153K(9344K) Class: 963K(1024K)->963K(1024K)
[16.672s][info ][gc             ] GC(556) Pause Young (Normal) (G1 Evacuation Pause) 256M->4M(424M) 0.553ms
[16.672s][info ][gc,cpu         ] GC(556) User=0.00s Sys=0.00s Real=0.00s
[16.688s][info ][gc,start       ] GC(557) Pause Young (Normal) (G1 Evacuation Pause)
[16.688s][info ][gc,task        ] GC(557) Using 9 workers of 9 for evacuation
[16.688s][debug][gc,age         ] GC(557) Desired survivor size 16777216 bytes, new threshold 15 (max threshold 15)
[16.688s][info ][gc,phases      ] GC(557)   Pre Evacuate Collection Set: 0.08ms
[16.688s][info ][gc,phases      ] GC(557)   Merge Heap Roots: 0.06ms
[16.688s][info ][gc,phases      ] GC(557)   Evacuate Collection Set: 0.13ms
[16.688s][info ][gc,phases      ] GC(557)   Post Evacuate Collection Set: 0.17ms
[16.688s][info ][gc,phases      ] GC(557)   Other: 0.06ms
[16.688s][trace][gc,age         ] GC(557) Age table:
[16.688s][trace][gc,age         ] GC(557) - age   1:        192 bytes,        192 total
[16.688s][info ][gc,heap        ] GC(557) Eden regions: 253->0(253)
[16.688s][info ][gc,heap        ] GC(557) Survivor regions: 1->1(32)
[16.688s][info ][gc,heap        ] GC(557) Old regions: 11->11
[16.688s][info ][gc,heap        ] GC(557) Humongous regions: 0->0
[16.688s][info ][gc,metaspace   ] GC(557) Metaspace: 10117K(10368K)->10117K(10368K) NonClass: 9153K(9344K)->9153K(9344K) Class: 963K(1024K)->963K(1024K)
[16.688s][info ][gc             ] GC(557) Pause Young (Normal) (G1 Evacuation Pause) 256M->4M(424M) 0.598ms
[16.688s][info ][gc,cpu         ] GC(557) User=0.00s Sys=0.00s Real=0.00s
[16.704s][info ][gc,start       ] GC(558) Pause Young (Normal) (G1 Evacuation Pause)
[16.704s][info ][gc,task        ] GC(558) Using 9 workers of 9 for evacuation
[16.704s][debug][gc,age         ] GC(558) Desired survivor size 16777216 bytes, new threshold 15 (max threshold 15)
[16.705s][info ][gc,phases      ] GC(558)   Pre Evacuate Collection Set: 0.07ms
[16.705s][info ][gc,phases      ] GC(558)   Merge Heap Roots: 0.06ms
[16.705s][info ][gc,phases      ] GC(558)   Evacuate Collection Set: 0.13ms
[16.705s][info ][gc,phases      ] GC(558)   Post Evacuate Collection Set: 0.18ms
[16.705s][info ][gc,phases      ] GC(558)   Other: 0.04ms
[16.705s][trace][gc,age         ] GC(558) Age table:
[16.705s][trace][gc,age         ] GC(558) - age   1:        192 bytes,        192 total
[16.705s][info ][gc,heap        ] GC(558) Eden regions: 253->0(253)
[16.705s][info ][gc,heap        ] GC(558) Survivor regions: 1->1(32)
[16.705s][info ][gc,heap        ] GC(558) Old regions: 11->11
[16.705s][info ][gc,heap        ] GC(558) Humongous regions: 0->0
[16.705s][info ][gc,metaspace   ] GC(558) Metaspace: 10117K(10368K)->10117K(10368K) NonClass: 9153K(9344K)->9153K(9344K) Class: 963K(1024K)->963K(1024K)
[16.705s][info ][gc             ] GC(558) Pause Young (Normal) (G1 Evacuation Pause) 256M->4M(424M) 0.567ms
[16.705s][info ][gc,cpu         ] GC(558) User=0.00s Sys=0.00s Real=0.00s
[16.720s][info ][gc,start       ] GC(559) Pause Young (Normal) (G1 Evacuation Pause)
[16.720s][info ][gc,task        ] GC(559) Using 9 workers of 9 for evacuation
[16.720s][debug][gc,age         ] GC(559) Desired survivor size 16777216 bytes, new threshold 15 (max threshold 15)
[16.721s][info ][gc,phases      ] GC(559)   Pre Evacuate Collection Set: 0.06ms
[16.721s][info ][gc,phases      ] GC(559)   Merge Heap Roots: 0.06ms
[16.721s][info ][gc,phases      ] GC(559)   Evacuate Collection Set: 0.11ms
[16.721s][info ][gc,phases      ] GC(559)   Post Evacuate Collection Set: 0.17ms
[16.721s][info ][gc,phases      ] GC(559)   Other: 0.06ms
[16.721s][trace][gc,age         ] GC(559) Age table:
[16.721s][trace][gc,age         ] GC(559) - age   1:        192 bytes,        192 total
[16.721s][info ][gc,heap        ] GC(559) Eden regions: 253->0(253)
[16.721s][info ][gc,heap        ] GC(559) Survivor regions: 1->1(32)
[16.721s][info ][gc,heap        ] GC(559) Old regions: 11->11
[16.721s][info ][gc,heap        ] GC(559) Humongous regions: 0->0
[16.721s][info ][gc,metaspace   ] GC(559) Metaspace: 10117K(10368K)->10117K(10368K) NonClass: 9153K(9344K)->9153K(9344K) Class: 963K(1024K)->963K(1024K)
[16.721s][info ][gc             ] GC(559) Pause Young (Normal) (G1 Evacuation Pause) 256M->4M(424M) 0.561ms
[16.721s][info ][gc,cpu         ] GC(559) User=0.00s Sys=0.00s Real=0.00s
[16.736s][info ][gc,start       ] GC(560) Pause Young (Normal) (G1 Evacuation Pause)
[16.736s][info ][gc,task        ] GC(560) Using 9 workers of 9 for evacuation
[16.736s][debug][gc,age         ] GC(560) Desired survivor size 16777216 bytes, new threshold 15 (max threshold 15)
[16.737s][info ][gc,phases      ] GC(560)   Pre Evacuate Collection Set: 0.10ms
[16.737s][info ][gc,phases      ] GC(560)   Merge Heap Roots: 0.08ms
[16.737s][info ][gc,phases      ] GC(560)   Evacuate Collection Set: 0.09ms
[16.737s][info ][gc,phases      ] GC(560)   Post Evacuate Collection Set: 0.17ms
[16.737s][info ][gc,phases      ] GC(560)   Other: 0.07ms
[16.737s][trace][gc,age         ] GC(560) Age table:
[16.737s][trace][gc,age         ] GC(560) - age   1:        192 bytes,        192 total
[16.737s][info ][gc,heap        ] GC(560) Eden regions: 253->0(253)
[16.737s][info ][gc,heap        ] GC(560) Survivor regions: 1->1(32)
[16.737s][info ][gc,heap        ] GC(560) Old regions: 11->11
[16.737s][info ][gc,heap        ] GC(560) Humongous regions: 0->0
[16.737s][info ][gc,metaspace   ] GC(560) Metaspace: 10117K(10368K)->10117K(10368K) NonClass: 9153K(9344K)->9153K(9344K) Class: 963K(1024K)->963K(1024K)
[16.737s][info ][gc             ] GC(560) Pause Young (Normal) (G1 Evacuation Pause) 256M->4M(424M) 0.601ms
[16.737s][info ][gc,cpu         ] GC(560) User=0.00s Sys=0.00s Real=0.00s
[16.752s][info ][gc,start       ] GC(561) Pause Young (Normal) (G1 Evacuation Pause)
[16.753s][info ][gc,task        ] GC(561) Using 9 workers of 9 for evacuation
[16.753s][debug][gc,age         ] GC(561) Desired survivor size 16777216 bytes, new threshold 15 (max threshold 15)
[16.753s][info ][gc,phases      ] GC(561)   Pre Evacuate Collection Set: 0.07ms
[16.753s][info ][gc,phases      ] GC(561)   Merge Heap Roots: 0.07ms
[16.753s][info ][gc,phases      ] GC(561)   Evacuate Collection Set: 0.08ms
[16.753s][info ][gc,phases      ] GC(561)   Post Evacuate Collection Set: 0.19ms
[16.753s][info ][gc,phases      ] GC(561)   Other: 0.07ms
[16.753s][trace][gc,age         ] GC(561) Age table:
[16.753s][trace][gc,age         ] GC(561) - age   1:        192 bytes,        192 total
[16.753s][info ][gc,heap        ] GC(561) Eden regions: 253->0(253)
[16.753s][info ][gc,heap        ] GC(561) Survivor regions: 1->1(32)
[16.753s][info ][gc,heap        ] GC(561) Old regions: 11->11
[16.753s][info ][gc,heap        ] GC(561) Humongous regions: 0->0
[16.753s][info ][gc,metaspace   ] GC(561) Metaspace: 10117K(10368K)->10117K(10368K) NonClass: 9153K(9344K)->9153K(9344K) Class: 963K(1024K)->963K(1024K)
[16.753s][info ][gc             ] GC(561) Pause Young (Normal) (G1 Evacuation Pause) 256M->4M(424M) 0.593ms
[16.753s][info ][gc,cpu         ] GC(561) User=0.00s Sys=0.00s Real=0.00s
[16.769s][info ][gc,start       ] GC(562) Pause Young (Normal) (G1 Evacuation Pause)
[16.769s][info ][gc,task        ] GC(562) Using 9 workers of 9 for evacuation
[16.769s][debug][gc,age         ] GC(562) Desired survivor size 16777216 bytes, new threshold 15 (max threshold 15)
[16.769s][info ][gc,phases      ] GC(562)   Pre Evacuate Collection Set: 0.08ms
[16.769s][info ][gc,phases      ] GC(562)   Merge Heap Roots: 0.10ms
[16.769s][info ][gc,phases      ] GC(562)   Evacuate Collection Set: 0.09ms
[16.769s][info ][gc,phases      ] GC(562)   Post Evacuate Collection Set: 0.17ms
[16.769s][info ][gc,phases      ] GC(562)   Other: 0.07ms
[16.769s][trace][gc,age         ] GC(562) Age table:
[16.769s][trace][gc,age         ] GC(562) - age   1:        192 bytes,        192 total
[16.769s][info ][gc,heap        ] GC(562) Eden regions: 253->0(253)
[16.769s][info ][gc,heap        ] GC(562) Survivor regions: 1->1(32)
[16.769s][info ][gc,heap        ] GC(562) Old regions: 11->11
[16.769s][info ][gc,heap        ] GC(562) Humongous regions: 0->0
[16.769s][info ][gc,metaspace   ] GC(562) Metaspace: 10117K(10368K)->10117K(10368K) NonClass: 9153K(9344K)->9153K(9344K) Class: 963K(1024K)->963K(1024K)
[16.769s][info ][gc             ] GC(562) Pause Young (Normal) (G1 Evacuation Pause) 256M->4M(424M) 0.609ms
[16.769s][info ][gc,cpu         ] GC(562) User=0.00s Sys=0.00s Real=0.00s
[16.785s][info ][gc,start       ] GC(563) Pause Young (Normal) (G1 Evacuation Pause)
[16.785s][info ][gc,task        ] GC(563) Using 9 workers of 9 for evacuation
[16.785s][debug][gc,age         ] GC(563) Desired survivor size 16777216 bytes, new threshold 15 (max threshold 15)
[16.786s][info ][gc,phases      ] GC(563)   Pre Evacuate Collection Set: 0.10ms
[16.786s][info ][gc,phases      ] GC(563)   Merge Heap Roots: 0.07ms
[16.786s][info ][gc,phases      ] GC(563)   Evacuate Collection Set: 0.08ms
[16.786s][info ][gc,phases      ] GC(563)   Post Evacuate Collection Set: 0.21ms
[16.786s][info ][gc,phases      ] GC(563)   Other: 0.04ms
[16.786s][trace][gc,age         ] GC(563) Age table:
[16.786s][trace][gc,age         ] GC(563) - age   1:        192 bytes,        192 total
[16.786s][info ][gc,heap        ] GC(563) Eden regions: 253->0(253)
[16.786s][info ][gc,heap        ] GC(563) Survivor regions: 1->1(32)
[16.786s][info ][gc,heap        ] GC(563) Old regions: 11->11
[16.786s][info ][gc,heap        ] GC(563) Humongous regions: 0->0
[16.786s][info ][gc,metaspace   ] GC(563) Metaspace: 10117K(10368K)->10117K(10368K) NonClass: 9153K(9344K)->9153K(9344K) Class: 963K(1024K)->963K(1024K)
[16.786s][info ][gc             ] GC(563) Pause Young (Normal) (G1 Evacuation Pause) 256M->4M(424M) 0.583ms
[16.786s][info ][gc,cpu         ] GC(563) User=0.00s Sys=0.00s Real=0.00s
[16.801s][info ][gc,start       ] GC(564) Pause Young (Normal) (G1 Evacuation Pause)
[16.801s][info ][gc,task        ] GC(564) Using 9 workers of 9 for evacuation
[16.801s][debug][gc,age         ] GC(564) Desired survivor size 16777216 bytes, new threshold 15 (max threshold 15)
[16.802s][info ][gc,phases      ] GC(564)   Pre Evacuate Collection Set: 0.07ms
[16.802s][info ][gc,phases      ] GC(564)   Merge Heap Roots: 0.05ms
[16.802s][info ][gc,phases      ] GC(564)   Evacuate Collection Set: 0.13ms
[16.802s][info ][gc,phases      ] GC(564)   Post Evacuate Collection Set: 0.17ms
[16.802s][info ][gc,phases      ] GC(564)   Other: 0.06ms
[16.802s][trace][gc,age         ] GC(564) Age table:
[16.802s][trace][gc,age         ] GC(564) - age   1:        192 bytes,        192 total
[16.802s][info ][gc,heap        ] GC(564) Eden regions: 253->0(253)
[16.802s][info ][gc,heap        ] GC(564) Survivor regions: 1->1(32)
[16.802s][info ][gc,heap        ] GC(564) Old regions: 11->11
[16.802s][info ][gc,heap        ] GC(564) Humongous regions: 0->0
[16.802s][info ][gc,metaspace   ] GC(564) Metaspace: 10117K(10368K)->10117K(10368K) NonClass: 9153K(9344K)->9153K(9344K) Class: 963K(1024K)->963K(1024K)
[16.802s][info ][gc             ] GC(564) Pause Young (Normal) (G1 Evacuation Pause) 256M->4M(424M) 0.576ms
[16.802s][info ][gc,cpu         ] GC(564) User=0.00s Sys=0.00s Real=0.00s
[16.818s][info ][gc,start       ] GC(565) Pause Young (Normal) (G1 Evacuation Pause)
[16.818s][info ][gc,task        ] GC(565) Using 9 workers of 9 for evacuation
[16.818s][debug][gc,age         ] GC(565) Desired survivor size 16777216 bytes, new threshold 15 (max threshold 15)
[16.818s][info ][gc,phases      ] GC(565)   Pre Evacuate Collection Set: 0.09ms
[16.818s][info ][gc,phases      ] GC(565)   Merge Heap Roots: 0.08ms
[16.818s][info ][gc,phases      ] GC(565)   Evacuate Collection Set: 0.08ms
[16.818s][info ][gc,phases      ] GC(565)   Post Evacuate Collection Set: 0.17ms
[16.818s][info ][gc,phases      ] GC(565)   Other: 0.05ms
[16.818s][trace][gc,age         ] GC(565) Age table:
[16.818s][trace][gc,age         ] GC(565) - age   1:        192 bytes,        192 total
[16.818s][info ][gc,heap        ] GC(565) Eden regions: 253->0(253)
[16.818s][info ][gc,heap        ] GC(565) Survivor regions: 1->1(32)
[16.818s][info ][gc,heap        ] GC(565) Old regions: 11->11
[16.818s][info ][gc,heap        ] GC(565) Humongous regions: 0->0
[16.818s][info ][gc,metaspace   ] GC(565) Metaspace: 10117K(10368K)->10117K(10368K) NonClass: 9153K(9344K)->9153K(9344K) Class: 963K(1024K)->963K(1024K)
[16.818s][info ][gc             ] GC(565) Pause Young (Normal) (G1 Evacuation Pause) 256M->4M(424M) 0.563ms
[16.818s][info ][gc,cpu         ] GC(565) User=0.00s Sys=0.01s Real=0.00s
[16.834s][info ][gc,start       ] GC(566) Pause Young (Normal) (G1 Evacuation Pause)
[16.834s][info ][gc,task        ] GC(566) Using 9 workers of 9 for evacuation
[16.834s][debug][gc,age         ] GC(566) Desired survivor size 16777216 bytes, new threshold 15 (max threshold 15)
[16.834s][info ][gc,phases      ] GC(566)   Pre Evacuate Collection Set: 0.11ms
[16.834s][info ][gc,phases      ] GC(566)   Merge Heap Roots: 0.04ms
[16.834s][info ][gc,phases      ] GC(566)   Evacuate Collection Set: 0.09ms
[16.834s][info ][gc,phases      ] GC(566)   Post Evacuate Collection Set: 0.16ms
[16.834s][info ][gc,phases      ] GC(566)   Other: 0.05ms
[16.834s][trace][gc,age         ] GC(566) Age table:
[16.834s][trace][gc,age         ] GC(566) - age   1:        192 bytes,        192 total
[16.834s][info ][gc,heap        ] GC(566) Eden regions: 253->0(253)
[16.834s][info ][gc,heap        ] GC(566) Survivor regions: 1->1(32)
[16.834s][info ][gc,heap        ] GC(566) Old regions: 11->11
[16.834s][info ][gc,heap        ] GC(566) Humongous regions: 0->0
[16.834s][info ][gc,metaspace   ] GC(566) Metaspace: 10117K(10368K)->10117K(10368K) NonClass: 9153K(9344K)->9153K(9344K) Class: 963K(1024K)->963K(1024K)
[16.834s][info ][gc             ] GC(566) Pause Young (Normal) (G1 Evacuation Pause) 256M->4M(424M) 0.548ms
[16.834s][info ][gc,cpu         ] GC(566) User=0.00s Sys=0.00s Real=0.00s
[16.850s][info ][gc,start       ] GC(567) Pause Young (Normal) (G1 Evacuation Pause)
[16.850s][info ][gc,task        ] GC(567) Using 9 workers of 9 for evacuation
[16.850s][debug][gc,age         ] GC(567) Desired survivor size 16777216 bytes, new threshold 15 (max threshold 15)
[16.850s][info ][gc,phases      ] GC(567)   Pre Evacuate Collection Set: 0.08ms
[16.850s][info ][gc,phases      ] GC(567)   Merge Heap Roots: 0.06ms
[16.850s][info ][gc,phases      ] GC(567)   Evacuate Collection Set: 0.11ms
[16.850s][info ][gc,phases      ] GC(567)   Post Evacuate Collection Set: 0.19ms
[16.850s][info ][gc,phases      ] GC(567)   Other: 0.05ms
[16.850s][trace][gc,age         ] GC(567) Age table:
[16.850s][trace][gc,age         ] GC(567) - age   1:        192 bytes,        192 total
[16.850s][info ][gc,heap        ] GC(567) Eden regions: 253->0(253)
[16.850s][info ][gc,heap        ] GC(567) Survivor regions: 1->1(32)
[16.850s][info ][gc,heap        ] GC(567) Old regions: 11->11
[16.850s][info ][gc,heap        ] GC(567) Humongous regions: 0->0
[16.850s][info ][gc,metaspace   ] GC(567) Metaspace: 10117K(10368K)->10117K(10368K) NonClass: 9153K(9344K)->9153K(9344K) Class: 963K(1024K)->963K(1024K)
[16.850s][info ][gc             ] GC(567) Pause Young (Normal) (G1 Evacuation Pause) 256M->4M(424M) 0.571ms
[16.850s][info ][gc,cpu         ] GC(567) User=0.01s Sys=0.00s Real=0.00s
[16.866s][info ][gc,start       ] GC(568) Pause Young (Normal) (G1 Evacuation Pause)
[16.866s][info ][gc,task        ] GC(568) Using 9 workers of 9 for evacuation
[16.866s][debug][gc,age         ] GC(568) Desired survivor size 16777216 bytes, new threshold 15 (max threshold 15)
[16.867s][info ][gc,phases      ] GC(568)   Pre Evacuate Collection Set: 0.09ms
[16.867s][info ][gc,phases      ] GC(568)   Merge Heap Roots: 0.08ms
[16.867s][info ][gc,phases      ] GC(568)   Evacuate Collection Set: 0.08ms
[16.867s][info ][gc,phases      ] GC(568)   Post Evacuate Collection Set: 0.18ms
[16.867s][info ][gc,phases      ] GC(568)   Other: 0.05ms
[16.867s][trace][gc,age         ] GC(568) Age table:
[16.867s][trace][gc,age         ] GC(568) - age   1:        192 bytes,        192 total
[16.867s][info ][gc,heap        ] GC(568) Eden regions: 253->0(253)
[16.867s][info ][gc,heap        ] GC(568) Survivor regions: 1->1(32)
[16.867s][info ][gc,heap        ] GC(568) Old regions: 11->11
[16.867s][info ][gc,heap        ] GC(568) Humongous regions: 0->0
[16.867s][info ][gc,metaspace   ] GC(568) Metaspace: 10117K(10368K)->10117K(10368K) NonClass: 9153K(9344K)->9153K(9344K) Class: 963K(1024K)->963K(1024K)
[16.867s][info ][gc             ] GC(568) Pause Young (Normal) (G1 Evacuation Pause) 256M->4M(424M) 0.574ms
[16.867s][info ][gc,cpu         ] GC(568) User=0.00s Sys=0.00s Real=0.00s
[16.882s][info ][gc,start       ] GC(569) Pause Young (Normal) (G1 Evacuation Pause)
[16.882s][info ][gc,task        ] GC(569) Using 9 workers of 9 for evacuation
[16.882s][debug][gc,age         ] GC(569) Desired survivor size 16777216 bytes, new threshold 15 (max threshold 15)
[16.883s][info ][gc,phases      ] GC(569)   Pre Evacuate Collection Set: 0.07ms
[16.883s][info ][gc,phases      ] GC(569)   Merge Heap Roots: 0.09ms
[16.883s][info ][gc,phases      ] GC(569)   Evacuate Collection Set: 0.10ms
[16.883s][info ][gc,phases      ] GC(569)   Post Evacuate Collection Set: 0.18ms
[16.883s][info ][gc,phases      ] GC(569)   Other: 0.04ms
[16.883s][trace][gc,age         ] GC(569) Age table:
[16.883s][trace][gc,age         ] GC(569) - age   1:        192 bytes,        192 total
[16.883s][info ][gc,heap        ] GC(569) Eden regions: 253->0(253)
[16.883s][info ][gc,heap        ] GC(569) Survivor regions: 1->1(32)
[16.883s][info ][gc,heap        ] GC(569) Old regions: 11->11
[16.883s][info ][gc,heap        ] GC(569) Humongous regions: 0->0
[16.883s][info ][gc,metaspace   ] GC(569) Metaspace: 10117K(10368K)->10117K(10368K) NonClass: 9153K(9344K)->9153K(9344K) Class: 963K(1024K)->963K(1024K)
[16.883s][info ][gc             ] GC(569) Pause Young (Normal) (G1 Evacuation Pause) 256M->4M(424M) 0.579ms
[16.883s][info ][gc,cpu         ] GC(569) User=0.00s Sys=0.00s Real=0.00s
[16.898s][info ][gc,start       ] GC(570) Pause Young (Normal) (G1 Evacuation Pause)
[16.898s][info ][gc,task        ] GC(570) Using 9 workers of 9 for evacuation
[16.898s][debug][gc,age         ] GC(570) Desired survivor size 16777216 bytes, new threshold 15 (max threshold 15)
[16.899s][info ][gc,phases      ] GC(570)   Pre Evacuate Collection Set: 0.10ms
[16.899s][info ][gc,phases      ] GC(570)   Merge Heap Roots: 0.08ms
[16.899s][info ][gc,phases      ] GC(570)   Evacuate Collection Set: 0.08ms
[16.899s][info ][gc,phases      ] GC(570)   Post Evacuate Collection Set: 0.15ms
[16.899s][info ][gc,phases      ] GC(570)   Other: 0.04ms
[16.899s][trace][gc,age         ] GC(570) Age table:
[16.899s][trace][gc,age         ] GC(570) - age   1:        192 bytes,        192 total
[16.899s][info ][gc,heap        ] GC(570) Eden regions: 253->0(253)
[16.899s][info ][gc,heap        ] GC(570) Survivor regions: 1->1(32)
[16.899s][info ][gc,heap        ] GC(570) Old regions: 11->11
[16.899s][info ][gc,heap        ] GC(570) Humongous regions: 0->0
[16.899s][info ][gc,metaspace   ] GC(570) Metaspace: 10117K(10368K)->10117K(10368K) NonClass: 9153K(9344K)->9153K(9344K) Class: 963K(1024K)->963K(1024K)
[16.899s][info ][gc             ] GC(570) Pause Young (Normal) (G1 Evacuation Pause) 256M->4M(424M) 0.537ms
[16.899s][info ][gc,cpu         ] GC(570) User=0.01s Sys=0.00s Real=0.00s
[16.914s][info ][gc,start       ] GC(571) Pause Young (Normal) (G1 Evacuation Pause)
[16.914s][info ][gc,task        ] GC(571) Using 9 workers of 9 for evacuation
[16.914s][debug][gc,age         ] GC(571) Desired survivor size 16777216 bytes, new threshold 15 (max threshold 15)
[16.915s][info ][gc,phases      ] GC(571)   Pre Evacuate Collection Set: 0.06ms
[16.915s][info ][gc,phases      ] GC(571)   Merge Heap Roots: 0.07ms
[16.915s][info ][gc,phases      ] GC(571)   Evacuate Collection Set: 0.09ms
[16.915s][info ][gc,phases      ] GC(571)   Post Evacuate Collection Set: 0.18ms
[16.915s][info ][gc,phases      ] GC(571)   Other: 0.06ms
[16.915s][trace][gc,age         ] GC(571) Age table:
[16.915s][trace][gc,age         ] GC(571) - age   1:        192 bytes,        192 total
[16.915s][info ][gc,heap        ] GC(571) Eden regions: 253->0(253)
[16.915s][info ][gc,heap        ] GC(571) Survivor regions: 1->1(32)
[16.915s][info ][gc,heap        ] GC(571) Old regions: 11->11
[16.915s][info ][gc,heap        ] GC(571) Humongous regions: 0->0
[16.915s][info ][gc,metaspace   ] GC(571) Metaspace: 10117K(10368K)->10117K(10368K) NonClass: 9153K(9344K)->9153K(9344K) Class: 963K(1024K)->963K(1024K)
[16.915s][info ][gc             ] GC(571) Pause Young (Normal) (G1 Evacuation Pause) 256M->4M(424M) 0.563ms
[16.915s][info ][gc,cpu         ] GC(571) User=0.00s Sys=0.00s Real=0.00s
[16.931s][info ][gc,start       ] GC(572) Pause Young (Normal) (G1 Evacuation Pause)
[16.931s][info ][gc,task        ] GC(572) Using 9 workers of 9 for evacuation
[16.931s][debug][gc,age         ] GC(572) Desired survivor size 16777216 bytes, new threshold 15 (max threshold 15)
[16.931s][info ][gc,phases      ] GC(572)   Pre Evacuate Collection Set: 0.08ms
[16.931s][info ][gc,phases      ] GC(572)   Merge Heap Roots: 0.10ms
[16.931s][info ][gc,phases      ] GC(572)   Evacuate Collection Set: 0.12ms
[16.931s][info ][gc,phases      ] GC(572)   Post Evacuate Collection Set: 0.18ms
[16.931s][info ][gc,phases      ] GC(572)   Other: 0.06ms
[16.931s][trace][gc,age         ] GC(572) Age table:
[16.931s][trace][gc,age         ] GC(572) - age   1:        192 bytes,        192 total
[16.931s][info ][gc,heap        ] GC(572) Eden regions: 253->0(253)
[16.931s][info ][gc,heap        ] GC(572) Survivor regions: 1->1(32)
[16.931s][info ][gc,heap        ] GC(572) Old regions: 11->11
[16.931s][info ][gc,heap        ] GC(572) Humongous regions: 0->0
[16.931s][info ][gc,metaspace   ] GC(572) Metaspace: 10117K(10368K)->10117K(10368K) NonClass: 9153K(9344K)->9153K(9344K) Class: 963K(1024K)->963K(1024K)
[16.931s][info ][gc             ] GC(572) Pause Young (Normal) (G1 Evacuation Pause) 256M->4M(424M) 0.632ms
[16.931s][info ][gc,cpu         ] GC(572) User=0.00s Sys=0.00s Real=0.00s
[16.947s][info ][gc,start       ] GC(573) Pause Young (Normal) (G1 Evacuation Pause)
[16.947s][info ][gc,task        ] GC(573) Using 9 workers of 9 for evacuation
[16.947s][debug][gc,age         ] GC(573) Desired survivor size 16777216 bytes, new threshold 15 (max threshold 15)
[16.948s][info ][gc,phases      ] GC(573)   Pre Evacuate Collection Set: 0.08ms
[16.948s][info ][gc,phases      ] GC(573)   Merge Heap Roots: 0.06ms
[16.948s][info ][gc,phases      ] GC(573)   Evacuate Collection Set: 0.13ms
[16.948s][info ][gc,phases      ] GC(573)   Post Evacuate Collection Set: 0.17ms
[16.948s][info ][gc,phases      ] GC(573)   Other: 0.05ms
[16.948s][trace][gc,age         ] GC(573) Age table:
[16.948s][trace][gc,age         ] GC(573) - age   1:        192 bytes,        192 total
[16.948s][info ][gc,heap        ] GC(573) Eden regions: 253->0(253)
[16.948s][info ][gc,heap        ] GC(573) Survivor regions: 1->1(32)
[16.948s][info ][gc,heap        ] GC(573) Old regions: 11->11
[16.948s][info ][gc,heap        ] GC(573) Humongous regions: 0->0
[16.948s][info ][gc,metaspace   ] GC(573) Metaspace: 10117K(10368K)->10117K(10368K) NonClass: 9153K(9344K)->9153K(9344K) Class: 963K(1024K)->963K(1024K)
[16.948s][info ][gc             ] GC(573) Pause Young (Normal) (G1 Evacuation Pause) 256M->4M(424M) 0.594ms
[16.948s][info ][gc,cpu         ] GC(573) User=0.01s Sys=0.00s Real=0.00s
[16.963s][info ][gc,start       ] GC(574) Pause Young (Normal) (G1 Evacuation Pause)
[16.963s][info ][gc,task        ] GC(574) Using 9 workers of 9 for evacuation
[16.963s][debug][gc,age         ] GC(574) Desired survivor size 16777216 bytes, new threshold 15 (max threshold 15)
[16.964s][info ][gc,phases      ] GC(574)   Pre Evacuate Collection Set: 0.09ms
[16.964s][info ][gc,phases      ] GC(574)   Merge Heap Roots: 0.06ms
[16.964s][info ][gc,phases      ] GC(574)   Evacuate Collection Set: 0.11ms
[16.964s][info ][gc,phases      ] GC(574)   Post Evacuate Collection Set: 0.15ms
[16.964s][info ][gc,phases      ] GC(574)   Other: 0.04ms
[16.964s][trace][gc,age         ] GC(574) Age table:
[16.964s][trace][gc,age         ] GC(574) - age   1:        192 bytes,        192 total
[16.964s][info ][gc,heap        ] GC(574) Eden regions: 253->0(253)
[16.964s][info ][gc,heap        ] GC(574) Survivor regions: 1->1(32)
[16.964s][info ][gc,heap        ] GC(574) Old regions: 11->11
[16.964s][info ][gc,heap        ] GC(574) Humongous regions: 0->0
[16.964s][info ][gc,metaspace   ] GC(574) Metaspace: 10117K(10368K)->10117K(10368K) NonClass: 9153K(9344K)->9153K(9344K) Class: 963K(1024K)->963K(1024K)
[16.964s][info ][gc             ] GC(574) Pause Young (Normal) (G1 Evacuation Pause) 256M->4M(424M) 0.539ms
[16.964s][info ][gc,cpu         ] GC(574) User=0.00s Sys=0.00s Real=0.00s
[16.979s][info ][gc,start       ] GC(575) Pause Young (Normal) (G1 Evacuation Pause)
[16.979s][info ][gc,task        ] GC(575) Using 9 workers of 9 for evacuation
[16.979s][debug][gc,age         ] GC(575) Desired survivor size 16777216 bytes, new threshold 15 (max threshold 15)
[16.980s][info ][gc,phases      ] GC(575)   Pre Evacuate Collection Set: 0.08ms
[16.980s][info ][gc,phases      ] GC(575)   Merge Heap Roots: 0.09ms
[16.980s][info ][gc,phases      ] GC(575)   Evacuate Collection Set: 0.12ms
[16.980s][info ][gc,phases      ] GC(575)   Post Evacuate Collection Set: 0.15ms
[16.980s][info ][gc,phases      ] GC(575)   Other: 0.06ms
[16.980s][trace][gc,age         ] GC(575) Age table:
[16.980s][trace][gc,age         ] GC(575) - age   1:        192 bytes,        192 total
[16.980s][info ][gc,heap        ] GC(575) Eden regions: 253->0(253)
[16.980s][info ][gc,heap        ] GC(575) Survivor regions: 1->1(32)
[16.980s][info ][gc,heap        ] GC(575) Old regions: 11->11
[16.980s][info ][gc,heap        ] GC(575) Humongous regions: 0->0
[16.980s][info ][gc,metaspace   ] GC(575) Metaspace: 10117K(10368K)->10117K(10368K) NonClass: 9153K(9344K)->9153K(9344K) Class: 963K(1024K)->963K(1024K)
[16.980s][info ][gc             ] GC(575) Pause Young (Normal) (G1 Evacuation Pause) 256M->4M(424M) 0.602ms
[16.980s][info ][gc,cpu         ] GC(575) User=0.00s Sys=0.00s Real=0.00s
[16.995s][info ][gc,start       ] GC(576) Pause Young (Normal) (G1 Evacuation Pause)
[16.995s][info ][gc,task        ] GC(576) Using 9 workers of 9 for evacuation
[16.995s][debug][gc,age         ] GC(576) Desired survivor size 16777216 bytes, new threshold 15 (max threshold 15)
[16.996s][info ][gc,phases      ] GC(576)   Pre Evacuate Collection Set: 0.07ms
[16.996s][info ][gc,phases      ] GC(576)   Merge Heap Roots: 0.07ms
[16.996s][info ][gc,phases      ] GC(576)   Evacuate Collection Set: 0.09ms
[16.996s][info ][gc,phases      ] GC(576)   Post Evacuate Collection Set: 0.18ms
[16.996s][info ][gc,phases      ] GC(576)   Other: 0.06ms
[16.996s][trace][gc,age         ] GC(576) Age table:
[16.996s][trace][gc,age         ] GC(576) - age   1:        192 bytes,        192 total
[16.996s][info ][gc,heap        ] GC(576) Eden regions: 253->0(253)
[16.996s][info ][gc,heap        ] GC(576) Survivor regions: 1->1(32)
[16.996s][info ][gc,heap        ] GC(576) Old regions: 11->11
[16.996s][info ][gc,heap        ] GC(576) Humongous regions: 0->0
[16.996s][info ][gc,metaspace   ] GC(576) Metaspace: 10117K(10368K)->10117K(10368K) NonClass: 9153K(9344K)->9153K(9344K) Class: 963K(1024K)->963K(1024K)
[16.996s][info ][gc             ] GC(576) Pause Young (Normal) (G1 Evacuation Pause) 256M->4M(424M) 0.563ms
[16.996s][info ][gc,cpu         ] GC(576) User=0.00s Sys=0.00s Real=0.00s
[17.011s][info ][gc,start       ] GC(577) Pause Young (Normal) (G1 Evacuation Pause)
[17.011s][info ][gc,task        ] GC(577) Using 9 workers of 9 for evacuation
[17.011s][debug][gc,age         ] GC(577) Desired survivor size 16777216 bytes, new threshold 15 (max threshold 15)
[17.012s][info ][gc,phases      ] GC(577)   Pre Evacuate Collection Set: 0.07ms
[17.012s][info ][gc,phases      ] GC(577)   Merge Heap Roots: 0.07ms
[17.012s][info ][gc,phases      ] GC(577)   Evacuate Collection Set: 0.11ms
[17.012s][info ][gc,phases      ] GC(577)   Post Evacuate Collection Set: 0.17ms
[17.012s][info ][gc,phases      ] GC(577)   Other: 0.06ms
[17.012s][trace][gc,age         ] GC(577) Age table:
[17.012s][trace][gc,age         ] GC(577) - age   1:        192 bytes,        192 total
[17.012s][info ][gc,heap        ] GC(577) Eden regions: 253->0(253)
[17.012s][info ][gc,heap        ] GC(577) Survivor regions: 1->1(32)
[17.012s][info ][gc,heap        ] GC(577) Old regions: 11->11
[17.012s][info ][gc,heap        ] GC(577) Humongous regions: 0->0
[17.012s][info ][gc,metaspace   ] GC(577) Metaspace: 10117K(10368K)->10117K(10368K) NonClass: 9153K(9344K)->9153K(9344K) Class: 963K(1024K)->963K(1024K)
[17.012s][info ][gc             ] GC(577) Pause Young (Normal) (G1 Evacuation Pause) 256M->4M(424M) 0.577ms
[17.012s][info ][gc,cpu         ] GC(577) User=0.00s Sys=0.00s Real=0.00s
[17.027s][info ][gc,start       ] GC(578) Pause Young (Normal) (G1 Evacuation Pause)
[17.027s][info ][gc,task        ] GC(578) Using 9 workers of 9 for evacuation
[17.027s][debug][gc,age         ] GC(578) Desired survivor size 16777216 bytes, new threshold 15 (max threshold 15)
[17.028s][info ][gc,phases      ] GC(578)   Pre Evacuate Collection Set: 0.07ms
[17.028s][info ][gc,phases      ] GC(578)   Merge Heap Roots: 0.06ms
[17.028s][info ][gc,phases      ] GC(578)   Evacuate Collection Set: 0.11ms
[17.028s][info ][gc,phases      ] GC(578)   Post Evacuate Collection Set: 0.18ms
[17.028s][info ][gc,phases      ] GC(578)   Other: 0.05ms
[17.028s][trace][gc,age         ] GC(578) Age table:
[17.028s][trace][gc,age         ] GC(578) - age   1:        192 bytes,        192 total
[17.028s][info ][gc,heap        ] GC(578) Eden regions: 253->0(253)
[17.028s][info ][gc,heap        ] GC(578) Survivor regions: 1->1(32)
[17.028s][info ][gc,heap        ] GC(578) Old regions: 11->11
[17.028s][info ][gc,heap        ] GC(578) Humongous regions: 0->0
[17.028s][info ][gc,metaspace   ] GC(578) Metaspace: 10117K(10368K)->10117K(10368K) NonClass: 9153K(9344K)->9153K(9344K) Class: 963K(1024K)->963K(1024K)
[17.028s][info ][gc             ] GC(578) Pause Young (Normal) (G1 Evacuation Pause) 256M->4M(424M) 0.548ms
[17.028s][info ][gc,cpu         ] GC(578) User=0.00s Sys=0.00s Real=0.00s
[17.043s][info ][gc,start       ] GC(579) Pause Young (Normal) (G1 Evacuation Pause)
[17.044s][info ][gc,task        ] GC(579) Using 9 workers of 9 for evacuation
[17.044s][debug][gc,age         ] GC(579) Desired survivor size 16777216 bytes, new threshold 15 (max threshold 15)
[17.044s][info ][gc,phases      ] GC(579)   Pre Evacuate Collection Set: 0.07ms
[17.044s][info ][gc,phases      ] GC(579)   Merge Heap Roots: 0.06ms
[17.044s][info ][gc,phases      ] GC(579)   Evacuate Collection Set: 0.09ms
[17.044s][info ][gc,phases      ] GC(579)   Post Evacuate Collection Set: 0.19ms
[17.044s][info ][gc,phases      ] GC(579)   Other: 0.06ms
[17.044s][trace][gc,age         ] GC(579) Age table:
[17.044s][trace][gc,age         ] GC(579) - age   1:        192 bytes,        192 total
[17.044s][info ][gc,heap        ] GC(579) Eden regions: 253->0(253)
[17.044s][info ][gc,heap        ] GC(579) Survivor regions: 1->1(32)
[17.044s][info ][gc,heap        ] GC(579) Old regions: 11->11
[17.044s][info ][gc,heap        ] GC(579) Humongous regions: 0->0
[17.044s][info ][gc,metaspace   ] GC(579) Metaspace: 10117K(10368K)->10117K(10368K) NonClass: 9153K(9344K)->9153K(9344K) Class: 963K(1024K)->963K(1024K)
[17.044s][info ][gc             ] GC(579) Pause Young (Normal) (G1 Evacuation Pause) 256M->4M(424M) 0.561ms
[17.044s][info ][gc,cpu         ] GC(579) User=0.00s Sys=0.00s Real=0.00s
[17.060s][info ][gc,start       ] GC(580) Pause Young (Normal) (G1 Evacuation Pause)
[17.060s][info ][gc,task        ] GC(580) Using 9 workers of 9 for evacuation
[17.060s][debug][gc,age         ] GC(580) Desired survivor size 16777216 bytes, new threshold 15 (max threshold 15)
[17.060s][info ][gc,phases      ] GC(580)   Pre Evacuate Collection Set: 0.08ms
[17.060s][info ][gc,phases      ] GC(580)   Merge Heap Roots: 0.06ms
[17.060s][info ][gc,phases      ] GC(580)   Evacuate Collection Set: 0.11ms
[17.060s][info ][gc,phases      ] GC(580)   Post Evacuate Collection Set: 0.17ms
[17.060s][info ][gc,phases      ] GC(580)   Other: 0.06ms
[17.060s][trace][gc,age         ] GC(580) Age table:
[17.060s][trace][gc,age         ] GC(580) - age   1:        192 bytes,        192 total
[17.060s][info ][gc,heap        ] GC(580) Eden regions: 253->0(253)
[17.060s][info ][gc,heap        ] GC(580) Survivor regions: 1->1(32)
[17.060s][info ][gc,heap        ] GC(580) Old regions: 11->11
[17.060s][info ][gc,heap        ] GC(580) Humongous regions: 0->0
[17.060s][info ][gc,metaspace   ] GC(580) Metaspace: 10117K(10368K)->10117K(10368K) NonClass: 9153K(9344K)->9153K(9344K) Class: 963K(1024K)->963K(1024K)
[17.060s][info ][gc             ] GC(580) Pause Young (Normal) (G1 Evacuation Pause) 256M->4M(424M) 0.580ms
[17.060s][info ][gc,cpu         ] GC(580) User=0.00s Sys=0.00s Real=0.00s
[17.076s][info ][gc,start       ] GC(581) Pause Young (Normal) (G1 Evacuation Pause)
[17.076s][info ][gc,task        ] GC(581) Using 9 workers of 9 for evacuation
[17.076s][debug][gc,age         ] GC(581) Desired survivor size 16777216 bytes, new threshold 15 (max threshold 15)
[17.076s][info ][gc,phases      ] GC(581)   Pre Evacuate Collection Set: 0.09ms
[17.076s][info ][gc,phases      ] GC(581)   Merge Heap Roots: 0.07ms
[17.076s][info ][gc,phases      ] GC(581)   Evacuate Collection Set: 0.10ms
[17.076s][info ][gc,phases      ] GC(581)   Post Evacuate Collection Set: 0.19ms
[17.076s][info ][gc,phases      ] GC(581)   Other: 0.06ms
[17.076s][trace][gc,age         ] GC(581) Age table:
[17.076s][trace][gc,age         ] GC(581) - age   1:        192 bytes,        192 total
[17.076s][info ][gc,heap        ] GC(581) Eden regions: 253->0(253)
[17.076s][info ][gc,heap        ] GC(581) Survivor regions: 1->1(32)
[17.076s][info ][gc,heap        ] GC(581) Old regions: 11->11
[17.076s][info ][gc,heap        ] GC(581) Humongous regions: 0->0
[17.076s][info ][gc,metaspace   ] GC(581) Metaspace: 10117K(10368K)->10117K(10368K) NonClass: 9153K(9344K)->9153K(9344K) Class: 963K(1024K)->963K(1024K)
[17.076s][info ][gc             ] GC(581) Pause Young (Normal) (G1 Evacuation Pause) 256M->4M(424M) 0.595ms
[17.076s][info ][gc,cpu         ] GC(581) User=0.00s Sys=0.00s Real=0.00s
[17.092s][info ][gc,start       ] GC(582) Pause Young (Normal) (G1 Evacuation Pause)
[17.092s][info ][gc,task        ] GC(582) Using 9 workers of 9 for evacuation
[17.092s][debug][gc,age         ] GC(582) Desired survivor size 16777216 bytes, new threshold 15 (max threshold 15)
[17.093s][info ][gc,phases      ] GC(582)   Pre Evacuate Collection Set: 0.07ms
[17.093s][info ][gc,phases      ] GC(582)   Merge Heap Roots: 0.07ms
[17.093s][info ][gc,phases      ] GC(582)   Evacuate Collection Set: 0.10ms
[17.093s][info ][gc,phases      ] GC(582)   Post Evacuate Collection Set: 0.18ms
[17.093s][info ][gc,phases      ] GC(582)   Other: 0.06ms
[17.093s][trace][gc,age         ] GC(582) Age table:
[17.093s][trace][gc,age         ] GC(582) - age   1:        192 bytes,        192 total
[17.093s][info ][gc,heap        ] GC(582) Eden regions: 253->0(253)
[17.093s][info ][gc,heap        ] GC(582) Survivor regions: 1->1(32)
[17.093s][info ][gc,heap        ] GC(582) Old regions: 11->11
[17.093s][info ][gc,heap        ] GC(582) Humongous regions: 0->0
[17.093s][info ][gc,metaspace   ] GC(582) Metaspace: 10117K(10368K)->10117K(10368K) NonClass: 9153K(9344K)->9153K(9344K) Class: 963K(1024K)->963K(1024K)
[17.093s][info ][gc             ] GC(582) Pause Young (Normal) (G1 Evacuation Pause) 256M->4M(424M) 0.576ms
[17.093s][info ][gc,cpu         ] GC(582) User=0.00s Sys=0.00s Real=0.00s
[17.108s][info ][gc,start       ] GC(583) Pause Young (Normal) (G1 Evacuation Pause)
[17.108s][info ][gc,task        ] GC(583) Using 9 workers of 9 for evacuation
[17.108s][debug][gc,age         ] GC(583) Desired survivor size 16777216 bytes, new threshold 15 (max threshold 15)
[17.109s][info ][gc,phases      ] GC(583)   Pre Evacuate Collection Set: 0.06ms
[17.109s][info ][gc,phases      ] GC(583)   Merge Heap Roots: 0.08ms
[17.109s][info ][gc,phases      ] GC(583)   Evacuate Collection Set: 0.10ms
[17.109s][info ][gc,phases      ] GC(583)   Post Evacuate Collection Set: 0.16ms
[17.109s][info ][gc,phases      ] GC(583)   Other: 0.06ms
[17.109s][trace][gc,age         ] GC(583) Age table:
[17.109s][trace][gc,age         ] GC(583) - age   1:        192 bytes,        192 total
[17.109s][info ][gc,heap        ] GC(583) Eden regions: 253->0(253)
[17.109s][info ][gc,heap        ] GC(583) Survivor regions: 1->1(32)
[17.109s][info ][gc,heap        ] GC(583) Old regions: 11->11
[17.109s][info ][gc,heap        ] GC(583) Humongous regions: 0->0
[17.109s][info ][gc,metaspace   ] GC(583) Metaspace: 10117K(10368K)->10117K(10368K) NonClass: 9153K(9344K)->9153K(9344K) Class: 963K(1024K)->963K(1024K)
[17.109s][info ][gc             ] GC(583) Pause Young (Normal) (G1 Evacuation Pause) 256M->4M(424M) 0.533ms
[17.109s][info ][gc,cpu         ] GC(583) User=0.00s Sys=0.00s Real=0.00s
[17.125s][info ][gc,start       ] GC(584) Pause Young (Normal) (G1 Evacuation Pause)
[17.125s][info ][gc,task        ] GC(584) Using 9 workers of 9 for evacuation
[17.125s][debug][gc,age         ] GC(584) Desired survivor size 16777216 bytes, new threshold 15 (max threshold 15)
[17.125s][info ][gc,phases      ] GC(584)   Pre Evacuate Collection Set: 0.07ms
[17.125s][info ][gc,phases      ] GC(584)   Merge Heap Roots: 0.06ms
[17.125s][info ][gc,phases      ] GC(584)   Evacuate Collection Set: 0.13ms
[17.125s][info ][gc,phases      ] GC(584)   Post Evacuate Collection Set: 0.19ms
[17.125s][info ][gc,phases      ] GC(584)   Other: 0.04ms
[17.125s][trace][gc,age         ] GC(584) Age table:
[17.125s][trace][gc,age         ] GC(584) - age   1:        192 bytes,        192 total
[17.125s][info ][gc,heap        ] GC(584) Eden regions: 253->0(253)
[17.125s][info ][gc,heap        ] GC(584) Survivor regions: 1->1(32)
[17.125s][info ][gc,heap        ] GC(584) Old regions: 11->11
[17.125s][info ][gc,heap        ] GC(584) Humongous regions: 0->0
[17.125s][info ][gc,metaspace   ] GC(584) Metaspace: 10117K(10368K)->10117K(10368K) NonClass: 9153K(9344K)->9153K(9344K) Class: 963K(1024K)->963K(1024K)
[17.125s][info ][gc             ] GC(584) Pause Young (Normal) (G1 Evacuation Pause) 256M->4M(424M) 0.578ms
[17.125s][info ][gc,cpu         ] GC(584) User=0.00s Sys=0.00s Real=0.01s
[17.141s][info ][gc,start       ] GC(585) Pause Young (Normal) (G1 Evacuation Pause)
[17.141s][info ][gc,task        ] GC(585) Using 9 workers of 9 for evacuation
[17.141s][debug][gc,age         ] GC(585) Desired survivor size 16777216 bytes, new threshold 15 (max threshold 15)
[17.141s][info ][gc,phases      ] GC(585)   Pre Evacuate Collection Set: 0.07ms
[17.141s][info ][gc,phases      ] GC(585)   Merge Heap Roots: 0.06ms
[17.141s][info ][gc,phases      ] GC(585)   Evacuate Collection Set: 0.09ms
[17.141s][info ][gc,phases      ] GC(585)   Post Evacuate Collection Set: 0.16ms
[17.141s][info ][gc,phases      ] GC(585)   Other: 0.05ms
[17.141s][trace][gc,age         ] GC(585) Age table:
[17.141s][trace][gc,age         ] GC(585) - age   1:        192 bytes,        192 total
[17.141s][info ][gc,heap        ] GC(585) Eden regions: 253->0(253)
[17.141s][info ][gc,heap        ] GC(585) Survivor regions: 1->1(32)
[17.141s][info ][gc,heap        ] GC(585) Old regions: 11->11
[17.141s][info ][gc,heap        ] GC(585) Humongous regions: 0->0
[17.141s][info ][gc,metaspace   ] GC(585) Metaspace: 10117K(10368K)->10117K(10368K) NonClass: 9153K(9344K)->9153K(9344K) Class: 963K(1024K)->963K(1024K)
[17.141s][info ][gc             ] GC(585) Pause Young (Normal) (G1 Evacuation Pause) 256M->4M(424M) 0.522ms
[17.141s][info ][gc,cpu         ] GC(585) User=0.00s Sys=0.00s Real=0.00s
[17.157s][info ][gc,start       ] GC(586) Pause Young (Normal) (G1 Evacuation Pause)
[17.157s][info ][gc,task        ] GC(586) Using 9 workers of 9 for evacuation
[17.157s][debug][gc,age         ] GC(586) Desired survivor size 16777216 bytes, new threshold 15 (max threshold 15)
[17.157s][info ][gc,phases      ] GC(586)   Pre Evacuate Collection Set: 0.08ms
[17.157s][info ][gc,phases      ] GC(586)   Merge Heap Roots: 0.11ms
[17.157s][info ][gc,phases      ] GC(586)   Evacuate Collection Set: 0.11ms
[17.157s][info ][gc,phases      ] GC(586)   Post Evacuate Collection Set: 0.19ms
[17.157s][info ][gc,phases      ] GC(586)   Other: 0.05ms
[17.157s][trace][gc,age         ] GC(586) Age table:
[17.157s][trace][gc,age         ] GC(586) - age   1:        192 bytes,        192 total
[17.157s][info ][gc,heap        ] GC(586) Eden regions: 253->0(253)
[17.157s][info ][gc,heap        ] GC(586) Survivor regions: 1->1(32)
[17.157s][info ][gc,heap        ] GC(586) Old regions: 11->11
[17.157s][info ][gc,heap        ] GC(586) Humongous regions: 0->0
[17.157s][info ][gc,metaspace   ] GC(586) Metaspace: 10117K(10368K)->10117K(10368K) NonClass: 9153K(9344K)->9153K(9344K) Class: 963K(1024K)->963K(1024K)
[17.157s][info ][gc             ] GC(586) Pause Young (Normal) (G1 Evacuation Pause) 256M->4M(424M) 0.635ms
[17.157s][info ][gc,cpu         ] GC(586) User=0.00s Sys=0.00s Real=0.00s
[17.173s][info ][gc,start       ] GC(587) Pause Young (Normal) (G1 Evacuation Pause)
[17.173s][info ][gc,task        ] GC(587) Using 9 workers of 9 for evacuation
[17.173s][debug][gc,age         ] GC(587) Desired survivor size 16777216 bytes, new threshold 15 (max threshold 15)
[17.174s][info ][gc,phases      ] GC(587)   Pre Evacuate Collection Set: 0.08ms
[17.174s][info ][gc,phases      ] GC(587)   Merge Heap Roots: 0.05ms
[17.174s][info ][gc,phases      ] GC(587)   Evacuate Collection Set: 0.12ms
[17.174s][info ][gc,phases      ] GC(587)   Post Evacuate Collection Set: 0.19ms
[17.174s][info ][gc,phases      ] GC(587)   Other: 0.06ms
[17.174s][trace][gc,age         ] GC(587) Age table:
[17.174s][trace][gc,age         ] GC(587) - age   1:        192 bytes,        192 total
[17.174s][info ][gc,heap        ] GC(587) Eden regions: 253->0(253)
[17.174s][info ][gc,heap        ] GC(587) Survivor regions: 1->1(32)
[17.174s][info ][gc,heap        ] GC(587) Old regions: 11->11
[17.174s][info ][gc,heap        ] GC(587) Humongous regions: 0->0
[17.174s][info ][gc,metaspace   ] GC(587) Metaspace: 10117K(10368K)->10117K(10368K) NonClass: 9153K(9344K)->9153K(9344K) Class: 963K(1024K)->963K(1024K)
[17.174s][info ][gc             ] GC(587) Pause Young (Normal) (G1 Evacuation Pause) 256M->4M(424M) 0.594ms
[17.174s][info ][gc,cpu         ] GC(587) User=0.01s Sys=0.00s Real=0.00s
[17.189s][info ][gc,start       ] GC(588) Pause Young (Normal) (G1 Evacuation Pause)
[17.189s][info ][gc,task        ] GC(588) Using 9 workers of 9 for evacuation
[17.189s][debug][gc,age         ] GC(588) Desired survivor size 16777216 bytes, new threshold 15 (max threshold 15)
[17.190s][info ][gc,phases      ] GC(588)   Pre Evacuate Collection Set: 0.08ms
[17.190s][info ][gc,phases      ] GC(588)   Merge Heap Roots: 0.05ms
[17.190s][info ][gc,phases      ] GC(588)   Evacuate Collection Set: 0.10ms
[17.190s][info ][gc,phases      ] GC(588)   Post Evacuate Collection Set: 0.16ms
[17.190s][info ][gc,phases      ] GC(588)   Other: 0.06ms
[17.190s][trace][gc,age         ] GC(588) Age table:
[17.190s][trace][gc,age         ] GC(588) - age   1:        192 bytes,        192 total
[17.190s][info ][gc,heap        ] GC(588) Eden regions: 253->0(253)
[17.190s][info ][gc,heap        ] GC(588) Survivor regions: 1->1(32)
[17.190s][info ][gc,heap        ] GC(588) Old regions: 11->11
[17.190s][info ][gc,heap        ] GC(588) Humongous regions: 0->0
[17.190s][info ][gc,metaspace   ] GC(588) Metaspace: 10117K(10368K)->10117K(10368K) NonClass: 9153K(9344K)->9153K(9344K) Class: 963K(1024K)->963K(1024K)
[17.190s][info ][gc             ] GC(588) Pause Young (Normal) (G1 Evacuation Pause) 256M->4M(424M) 0.540ms
[17.190s][info ][gc,cpu         ] GC(588) User=0.00s Sys=0.00s Real=0.00s
[17.205s][info ][gc,start       ] GC(589) Pause Young (Normal) (G1 Evacuation Pause)
[17.205s][info ][gc,task        ] GC(589) Using 9 workers of 9 for evacuation
[17.205s][debug][gc,age         ] GC(589) Desired survivor size 16777216 bytes, new threshold 15 (max threshold 15)
[17.206s][info ][gc,phases      ] GC(589)   Pre Evacuate Collection Set: 0.09ms
[17.206s][info ][gc,phases      ] GC(589)   Merge Heap Roots: 0.07ms
[17.206s][info ][gc,phases      ] GC(589)   Evacuate Collection Set: 0.12ms
[17.206s][info ][gc,phases      ] GC(589)   Post Evacuate Collection Set: 0.18ms
[17.206s][info ][gc,phases      ] GC(589)   Other: 0.05ms
[17.206s][trace][gc,age         ] GC(589) Age table:
[17.206s][trace][gc,age         ] GC(589) - age   1:        192 bytes,        192 total
[17.206s][info ][gc,heap        ] GC(589) Eden regions: 253->0(253)
[17.206s][info ][gc,heap        ] GC(589) Survivor regions: 1->1(32)
[17.206s][info ][gc,heap        ] GC(589) Old regions: 11->11
[17.206s][info ][gc,heap        ] GC(589) Humongous regions: 0->0
[17.206s][info ][gc,metaspace   ] GC(589) Metaspace: 10117K(10368K)->10117K(10368K) NonClass: 9153K(9344K)->9153K(9344K) Class: 963K(1024K)->963K(1024K)
[17.206s][info ][gc             ] GC(589) Pause Young (Normal) (G1 Evacuation Pause) 256M->4M(424M) 0.598ms
[17.206s][info ][gc,cpu         ] GC(589) User=0.00s Sys=0.00s Real=0.00s
[17.221s][info ][gc,start       ] GC(590) Pause Young (Normal) (G1 Evacuation Pause)
[17.221s][info ][gc,task        ] GC(590) Using 9 workers of 9 for evacuation
[17.221s][debug][gc,age         ] GC(590) Desired survivor size 16777216 bytes, new threshold 15 (max threshold 15)
[17.222s][info ][gc,phases      ] GC(590)   Pre Evacuate Collection Set: 0.07ms
[17.222s][info ][gc,phases      ] GC(590)   Merge Heap Roots: 0.06ms
[17.222s][info ][gc,phases      ] GC(590)   Evacuate Collection Set: 0.13ms
[17.222s][info ][gc,phases      ] GC(590)   Post Evacuate Collection Set: 0.15ms
[17.222s][info ][gc,phases      ] GC(590)   Other: 0.05ms
[17.222s][trace][gc,age         ] GC(590) Age table:
[17.222s][trace][gc,age         ] GC(590) - age   1:        192 bytes,        192 total
[17.222s][info ][gc,heap        ] GC(590) Eden regions: 253->0(253)
[17.222s][info ][gc,heap        ] GC(590) Survivor regions: 1->1(32)
[17.222s][info ][gc,heap        ] GC(590) Old regions: 11->11
[17.222s][info ][gc,heap        ] GC(590) Humongous regions: 0->0
[17.222s][info ][gc,metaspace   ] GC(590) Metaspace: 10117K(10368K)->10117K(10368K) NonClass: 9153K(9344K)->9153K(9344K) Class: 963K(1024K)->963K(1024K)
[17.222s][info ][gc             ] GC(590) Pause Young (Normal) (G1 Evacuation Pause) 256M->4M(424M) 0.548ms
[17.222s][info ][gc,cpu         ] GC(590) User=0.00s Sys=0.00s Real=0.00s
[17.237s][info ][gc,start       ] GC(591) Pause Young (Normal) (G1 Evacuation Pause)
[17.237s][info ][gc,task        ] GC(591) Using 9 workers of 9 for evacuation
[17.237s][debug][gc,age         ] GC(591) Desired survivor size 16777216 bytes, new threshold 15 (max threshold 15)
[17.238s][info ][gc,phases      ] GC(591)   Pre Evacuate Collection Set: 0.07ms
[17.238s][info ][gc,phases      ] GC(591)   Merge Heap Roots: 0.07ms
[17.238s][info ][gc,phases      ] GC(591)   Evacuate Collection Set: 0.10ms
[17.238s][info ][gc,phases      ] GC(591)   Post Evacuate Collection Set: 0.17ms
[17.238s][info ][gc,phases      ] GC(591)   Other: 0.05ms
[17.238s][trace][gc,age         ] GC(591) Age table:
[17.238s][trace][gc,age         ] GC(591) - age   1:        192 bytes,        192 total
[17.238s][info ][gc,heap        ] GC(591) Eden regions: 253->0(253)
[17.238s][info ][gc,heap        ] GC(591) Survivor regions: 1->1(32)
[17.238s][info ][gc,heap        ] GC(591) Old regions: 11->11
[17.238s][info ][gc,heap        ] GC(591) Humongous regions: 0->0
[17.238s][info ][gc,metaspace   ] GC(591) Metaspace: 10117K(10368K)->10117K(10368K) NonClass: 9153K(9344K)->9153K(9344K) Class: 963K(1024K)->963K(1024K)
[17.238s][info ][gc             ] GC(591) Pause Young (Normal) (G1 Evacuation Pause) 256M->4M(424M) 0.550ms
[17.238s][info ][gc,cpu         ] GC(591) User=0.00s Sys=0.01s Real=0.00s
[17.253s][info ][gc,start       ] GC(592) Pause Young (Normal) (G1 Evacuation Pause)
[17.253s][info ][gc,task        ] GC(592) Using 9 workers of 9 for evacuation
[17.254s][debug][gc,age         ] GC(592) Desired survivor size 16777216 bytes, new threshold 15 (max threshold 15)
[17.254s][info ][gc,phases      ] GC(592)   Pre Evacuate Collection Set: 0.11ms
[17.254s][info ][gc,phases      ] GC(592)   Merge Heap Roots: 0.04ms
[17.254s][info ][gc,phases      ] GC(592)   Evacuate Collection Set: 0.11ms
[17.254s][info ][gc,phases      ] GC(592)   Post Evacuate Collection Set: 0.18ms
[17.254s][info ][gc,phases      ] GC(592)   Other: 0.06ms
[17.254s][trace][gc,age         ] GC(592) Age table:
[17.254s][trace][gc,age         ] GC(592) - age   1:        192 bytes,        192 total
[17.254s][info ][gc,heap        ] GC(592) Eden regions: 253->0(253)
[17.254s][info ][gc,heap        ] GC(592) Survivor regions: 1->1(32)
[17.254s][info ][gc,heap        ] GC(592) Old regions: 11->11
[17.254s][info ][gc,heap        ] GC(592) Humongous regions: 0->0
[17.254s][info ][gc,metaspace   ] GC(592) Metaspace: 10117K(10368K)->10117K(10368K) NonClass: 9153K(9344K)->9153K(9344K) Class: 963K(1024K)->963K(1024K)
[17.254s][info ][gc             ] GC(592) Pause Young (Normal) (G1 Evacuation Pause) 256M->4M(424M) 0.586ms
[17.254s][info ][gc,cpu         ] GC(592) User=0.00s Sys=0.00s Real=0.00s
[17.270s][info ][gc,start       ] GC(593) Pause Young (Normal) (G1 Evacuation Pause)
[17.270s][info ][gc,task        ] GC(593) Using 9 workers of 9 for evacuation
[17.270s][debug][gc,age         ] GC(593) Desired survivor size 16777216 bytes, new threshold 15 (max threshold 15)
[17.270s][info ][gc,phases      ] GC(593)   Pre Evacuate Collection Set: 0.07ms
[17.270s][info ][gc,phases      ] GC(593)   Merge Heap Roots: 0.10ms
[17.270s][info ][gc,phases      ] GC(593)   Evacuate Collection Set: 0.08ms
[17.270s][info ][gc,phases      ] GC(593)   Post Evacuate Collection Set: 0.19ms
[17.270s][info ][gc,phases      ] GC(593)   Other: 0.06ms
[17.270s][trace][gc,age         ] GC(593) Age table:
[17.270s][trace][gc,age         ] GC(593) - age   1:        192 bytes,        192 total
[17.270s][info ][gc,heap        ] GC(593) Eden regions: 253->0(253)
[17.270s][info ][gc,heap        ] GC(593) Survivor regions: 1->1(32)
[17.270s][info ][gc,heap        ] GC(593) Old regions: 11->11
[17.270s][info ][gc,heap        ] GC(593) Humongous regions: 0->0
[17.270s][info ][gc,metaspace   ] GC(593) Metaspace: 10117K(10368K)->10117K(10368K) NonClass: 9153K(9344K)->9153K(9344K) Class: 963K(1024K)->963K(1024K)
[17.270s][info ][gc             ] GC(593) Pause Young (Normal) (G1 Evacuation Pause) 256M->4M(424M) 0.603ms
[17.270s][info ][gc,cpu         ] GC(593) User=0.00s Sys=0.00s Real=0.00s
[17.286s][info ][gc,start       ] GC(594) Pause Young (Normal) (G1 Evacuation Pause)
[17.286s][info ][gc,task        ] GC(594) Using 9 workers of 9 for evacuation
[17.286s][debug][gc,age         ] GC(594) Desired survivor size 16777216 bytes, new threshold 15 (max threshold 15)
[17.286s][info ][gc,phases      ] GC(594)   Pre Evacuate Collection Set: 0.06ms
[17.286s][info ][gc,phases      ] GC(594)   Merge Heap Roots: 0.05ms
[17.286s][info ][gc,phases      ] GC(594)   Evacuate Collection Set: 0.11ms
[17.286s][info ][gc,phases      ] GC(594)   Post Evacuate Collection Set: 0.18ms
[17.286s][info ][gc,phases      ] GC(594)   Other: 0.04ms
[17.287s][trace][gc,age         ] GC(594) Age table:
[17.287s][trace][gc,age         ] GC(594) - age   1:        192 bytes,        192 total
[17.287s][info ][gc,heap        ] GC(594) Eden regions: 253->0(253)
[17.287s][info ][gc,heap        ] GC(594) Survivor regions: 1->1(32)
[17.287s][info ][gc,heap        ] GC(594) Old regions: 11->11
[17.287s][info ][gc,heap        ] GC(594) Humongous regions: 0->0
[17.287s][info ][gc,metaspace   ] GC(594) Metaspace: 10117K(10368K)->10117K(10368K) NonClass: 9153K(9344K)->9153K(9344K) Class: 963K(1024K)->963K(1024K)
[17.287s][info ][gc             ] GC(594) Pause Young (Normal) (G1 Evacuation Pause) 256M->4M(424M) 0.539ms
[17.287s][info ][gc,cpu         ] GC(594) User=0.00s Sys=0.00s Real=0.00s
[17.302s][info ][gc,start       ] GC(595) Pause Young (Normal) (G1 Evacuation Pause)
[17.302s][info ][gc,task        ] GC(595) Using 9 workers of 9 for evacuation
[17.302s][debug][gc,age         ] GC(595) Desired survivor size 16777216 bytes, new threshold 15 (max threshold 15)
[17.303s][info ][gc,phases      ] GC(595)   Pre Evacuate Collection Set: 0.07ms
[17.303s][info ][gc,phases      ] GC(595)   Merge Heap Roots: 0.06ms
[17.303s][info ][gc,phases      ] GC(595)   Evacuate Collection Set: 0.12ms
[17.303s][info ][gc,phases      ] GC(595)   Post Evacuate Collection Set: 0.18ms
[17.303s][info ][gc,phases      ] GC(595)   Other: 0.05ms
[17.303s][trace][gc,age         ] GC(595) Age table:
[17.303s][trace][gc,age         ] GC(595) - age   1:        192 bytes,        192 total
[17.303s][info ][gc,heap        ] GC(595) Eden regions: 253->0(253)
[17.303s][info ][gc,heap        ] GC(595) Survivor regions: 1->1(32)
[17.303s][info ][gc,heap        ] GC(595) Old regions: 11->11
[17.303s][info ][gc,heap        ] GC(595) Humongous regions: 0->0
[17.303s][info ][gc,metaspace   ] GC(595) Metaspace: 10117K(10368K)->10117K(10368K) NonClass: 9153K(9344K)->9153K(9344K) Class: 963K(1024K)->963K(1024K)
[17.303s][info ][gc             ] GC(595) Pause Young (Normal) (G1 Evacuation Pause) 256M->4M(424M) 0.574ms
[17.303s][info ][gc,cpu         ] GC(595) User=0.00s Sys=0.00s Real=0.00s
[17.318s][info ][gc,start       ] GC(596) Pause Young (Normal) (G1 Evacuation Pause)
[17.318s][info ][gc,task        ] GC(596) Using 9 workers of 9 for evacuation
[17.318s][debug][gc,age         ] GC(596) Desired survivor size 16777216 bytes, new threshold 15 (max threshold 15)
[17.319s][info ][gc,phases      ] GC(596)   Pre Evacuate Collection Set: 0.07ms
[17.319s][info ][gc,phases      ] GC(596)   Merge Heap Roots: 0.06ms
[17.319s][info ][gc,phases      ] GC(596)   Evacuate Collection Set: 0.13ms
[17.319s][info ][gc,phases      ] GC(596)   Post Evacuate Collection Set: 0.17ms
[17.319s][info ][gc,phases      ] GC(596)   Other: 0.05ms
[17.319s][trace][gc,age         ] GC(596) Age table:
[17.319s][trace][gc,age         ] GC(596) - age   1:        192 bytes,        192 total
[17.319s][info ][gc,heap        ] GC(596) Eden regions: 253->0(253)
[17.319s][info ][gc,heap        ] GC(596) Survivor regions: 1->1(32)
[17.319s][info ][gc,heap        ] GC(596) Old regions: 11->11
[17.319s][info ][gc,heap        ] GC(596) Humongous regions: 0->0
[17.319s][info ][gc,metaspace   ] GC(596) Metaspace: 10117K(10368K)->10117K(10368K) NonClass: 9153K(9344K)->9153K(9344K) Class: 963K(1024K)->963K(1024K)
[17.319s][info ][gc             ] GC(596) Pause Young (Normal) (G1 Evacuation Pause) 256M->4M(424M) 0.565ms
[17.319s][info ][gc,cpu         ] GC(596) User=0.00s Sys=0.00s Real=0.00s
[17.334s][info ][gc,start       ] GC(597) Pause Young (Normal) (G1 Evacuation Pause)
[17.334s][info ][gc,task        ] GC(597) Using 9 workers of 9 for evacuation
[17.334s][debug][gc,age         ] GC(597) Desired survivor size 16777216 bytes, new threshold 15 (max threshold 15)
[17.335s][info ][gc,phases      ] GC(597)   Pre Evacuate Collection Set: 0.09ms
[17.335s][info ][gc,phases      ] GC(597)   Merge Heap Roots: 0.13ms
[17.335s][info ][gc,phases      ] GC(597)   Evacuate Collection Set: 0.10ms
[17.335s][info ][gc,phases      ] GC(597)   Post Evacuate Collection Set: 0.18ms
[17.335s][info ][gc,phases      ] GC(597)   Other: 0.05ms
[17.335s][trace][gc,age         ] GC(597) Age table:
[17.335s][trace][gc,age         ] GC(597) - age   1:        192 bytes,        192 total
[17.335s][info ][gc,heap        ] GC(597) Eden regions: 253->0(253)
[17.335s][info ][gc,heap        ] GC(597) Survivor regions: 1->1(32)
[17.335s][info ][gc,heap        ] GC(597) Old regions: 11->11
[17.335s][info ][gc,heap        ] GC(597) Humongous regions: 0->0
[17.335s][info ][gc,metaspace   ] GC(597) Metaspace: 10117K(10368K)->10117K(10368K) NonClass: 9153K(9344K)->9153K(9344K) Class: 963K(1024K)->963K(1024K)
[17.335s][info ][gc             ] GC(597) Pause Young (Normal) (G1 Evacuation Pause) 256M->4M(424M) 0.636ms
[17.335s][info ][gc,cpu         ] GC(597) User=0.00s Sys=0.00s Real=0.00s
[17.351s][info ][gc,start       ] GC(598) Pause Young (Normal) (G1 Evacuation Pause)
[17.351s][info ][gc,task        ] GC(598) Using 9 workers of 9 for evacuation
[17.351s][debug][gc,age         ] GC(598) Desired survivor size 16777216 bytes, new threshold 15 (max threshold 15)
[17.351s][info ][gc,phases      ] GC(598)   Pre Evacuate Collection Set: 0.08ms
[17.351s][info ][gc,phases      ] GC(598)   Merge Heap Roots: 0.11ms
[17.351s][info ][gc,phases      ] GC(598)   Evacuate Collection Set: 0.11ms
[17.351s][info ][gc,phases      ] GC(598)   Post Evacuate Collection Set: 0.17ms
[17.351s][info ][gc,phases      ] GC(598)   Other: 0.06ms
[17.351s][trace][gc,age         ] GC(598) Age table:
[17.351s][trace][gc,age         ] GC(598) - age   1:        192 bytes,        192 total
[17.351s][info ][gc,heap        ] GC(598) Eden regions: 253->0(253)
[17.351s][info ][gc,heap        ] GC(598) Survivor regions: 1->1(32)
[17.351s][info ][gc,heap        ] GC(598) Old regions: 11->11
[17.351s][info ][gc,heap        ] GC(598) Humongous regions: 0->0
[17.351s][info ][gc,metaspace   ] GC(598) Metaspace: 10117K(10368K)->10117K(10368K) NonClass: 9153K(9344K)->9153K(9344K) Class: 963K(1024K)->963K(1024K)
[17.351s][info ][gc             ] GC(598) Pause Young (Normal) (G1 Evacuation Pause) 256M->4M(424M) 0.620ms
[17.351s][info ][gc,cpu         ] GC(598) User=0.00s Sys=0.00s Real=0.00s
[17.367s][info ][gc,start       ] GC(599) Pause Young (Normal) (G1 Evacuation Pause)
[17.367s][info ][gc,task        ] GC(599) Using 9 workers of 9 for evacuation
[17.367s][debug][gc,age         ] GC(599) Desired survivor size 16777216 bytes, new threshold 15 (max threshold 15)
[17.367s][info ][gc,phases      ] GC(599)   Pre Evacuate Collection Set: 0.09ms
[17.367s][info ][gc,phases      ] GC(599)   Merge Heap Roots: 0.07ms
[17.367s][info ][gc,phases      ] GC(599)   Evacuate Collection Set: 0.08ms
[17.367s][info ][gc,phases      ] GC(599)   Post Evacuate Collection Set: 0.19ms
[17.367s][info ][gc,phases      ] GC(599)   Other: 0.05ms
[17.367s][trace][gc,age         ] GC(599) Age table:
[17.367s][trace][gc,age         ] GC(599) - age   1:        192 bytes,        192 total
[17.367s][info ][gc,heap        ] GC(599) Eden regions: 253->0(253)
[17.367s][info ][gc,heap        ] GC(599) Survivor regions: 1->1(32)
[17.367s][info ][gc,heap        ] GC(599) Old regions: 11->11
[17.367s][info ][gc,heap        ] GC(599) Humongous regions: 0->0
[17.368s][info ][gc,metaspace   ] GC(599) Metaspace: 10117K(10368K)->10117K(10368K) NonClass: 9153K(9344K)->9153K(9344K) Class: 963K(1024K)->963K(1024K)
[17.368s][info ][gc             ] GC(599) Pause Young (Normal) (G1 Evacuation Pause) 256M->4M(424M) 0.578ms
[17.368s][info ][gc,cpu         ] GC(599) User=0.00s Sys=0.01s Real=0.00s
[17.383s][info ][gc,start       ] GC(600) Pause Young (Normal) (G1 Evacuation Pause)
[17.383s][info ][gc,task        ] GC(600) Using 9 workers of 9 for evacuation
[17.383s][debug][gc,age         ] GC(600) Desired survivor size 16777216 bytes, new threshold 15 (max threshold 15)
[17.384s][info ][gc,phases      ] GC(600)   Pre Evacuate Collection Set: 0.09ms
[17.384s][info ][gc,phases      ] GC(600)   Merge Heap Roots: 0.10ms
[17.384s][info ][gc,phases      ] GC(600)   Evacuate Collection Set: 0.09ms
[17.384s][info ][gc,phases      ] GC(600)   Post Evacuate Collection Set: 0.22ms
[17.384s][info ][gc,phases      ] GC(600)   Other: 0.06ms
[17.384s][trace][gc,age         ] GC(600) Age table:
[17.384s][trace][gc,age         ] GC(600) - age   1:        192 bytes,        192 total
[17.384s][info ][gc,heap        ] GC(600) Eden regions: 253->0(253)
[17.384s][info ][gc,heap        ] GC(600) Survivor regions: 1->1(32)
[17.384s][info ][gc,heap        ] GC(600) Old regions: 11->11
[17.384s][info ][gc,heap        ] GC(600) Humongous regions: 0->0
[17.384s][info ][gc,metaspace   ] GC(600) Metaspace: 10117K(10368K)->10117K(10368K) NonClass: 9153K(9344K)->9153K(9344K) Class: 963K(1024K)->963K(1024K)
[17.384s][info ][gc             ] GC(600) Pause Young (Normal) (G1 Evacuation Pause) 256M->4M(424M) 0.665ms
[17.384s][info ][gc,cpu         ] GC(600) User=0.00s Sys=0.00s Real=0.00s
[17.399s][info ][gc,start       ] GC(601) Pause Young (Normal) (G1 Evacuation Pause)
[17.399s][info ][gc,task        ] GC(601) Using 9 workers of 9 for evacuation
[17.399s][debug][gc,age         ] GC(601) Desired survivor size 16777216 bytes, new threshold 15 (max threshold 15)
[17.400s][info ][gc,phases      ] GC(601)   Pre Evacuate Collection Set: 0.07ms
[17.400s][info ][gc,phases      ] GC(601)   Merge Heap Roots: 0.06ms
[17.400s][info ][gc,phases      ] GC(601)   Evacuate Collection Set: 0.10ms
[17.400s][info ][gc,phases      ] GC(601)   Post Evacuate Collection Set: 0.17ms
[17.400s][info ][gc,phases      ] GC(601)   Other: 0.05ms
[17.400s][trace][gc,age         ] GC(601) Age table:
[17.400s][trace][gc,age         ] GC(601) - age   1:        192 bytes,        192 total
[17.400s][info ][gc,heap        ] GC(601) Eden regions: 253->0(253)
[17.400s][info ][gc,heap        ] GC(601) Survivor regions: 1->1(32)
[17.400s][info ][gc,heap        ] GC(601) Old regions: 11->11
[17.400s][info ][gc,heap        ] GC(601) Humongous regions: 0->0
[17.400s][info ][gc,metaspace   ] GC(601) Metaspace: 10117K(10368K)->10117K(10368K) NonClass: 9153K(9344K)->9153K(9344K) Class: 963K(1024K)->963K(1024K)
[17.400s][info ][gc             ] GC(601) Pause Young (Normal) (G1 Evacuation Pause) 256M->4M(424M) 0.536ms
[17.400s][info ][gc,cpu         ] GC(601) User=0.00s Sys=0.00s Real=0.00s
[17.415s][info ][gc,start       ] GC(602) Pause Young (Normal) (G1 Evacuation Pause)
[17.416s][info ][gc,task        ] GC(602) Using 9 workers of 9 for evacuation
[17.416s][debug][gc,age         ] GC(602) Desired survivor size 16777216 bytes, new threshold 15 (max threshold 15)
[17.416s][info ][gc,phases      ] GC(602)   Pre Evacuate Collection Set: 0.07ms
[17.416s][info ][gc,phases      ] GC(602)   Merge Heap Roots: 0.07ms
[17.416s][info ][gc,phases      ] GC(602)   Evacuate Collection Set: 0.09ms
[17.416s][info ][gc,phases      ] GC(602)   Post Evacuate Collection Set: 0.17ms
[17.416s][info ][gc,phases      ] GC(602)   Other: 0.06ms
[17.416s][trace][gc,age         ] GC(602) Age table:
[17.416s][trace][gc,age         ] GC(602) - age   1:        192 bytes,        192 total
[17.416s][info ][gc,heap        ] GC(602) Eden regions: 253->0(253)
[17.416s][info ][gc,heap        ] GC(602) Survivor regions: 1->1(32)
[17.416s][info ][gc,heap        ] GC(602) Old regions: 11->11
[17.416s][info ][gc,heap        ] GC(602) Humongous regions: 0->0
[17.416s][info ][gc,metaspace   ] GC(602) Metaspace: 10117K(10368K)->10117K(10368K) NonClass: 9153K(9344K)->9153K(9344K) Class: 963K(1024K)->963K(1024K)
[17.416s][info ][gc             ] GC(602) Pause Young (Normal) (G1 Evacuation Pause) 256M->4M(424M) 0.564ms
[17.416s][info ][gc,cpu         ] GC(602) User=0.00s Sys=0.00s Real=0.00s
[17.432s][info ][gc,start       ] GC(603) Pause Young (Normal) (G1 Evacuation Pause)
[17.432s][info ][gc,task        ] GC(603) Using 9 workers of 9 for evacuation
[17.432s][debug][gc,age         ] GC(603) Desired survivor size 16777216 bytes, new threshold 15 (max threshold 15)
[17.432s][info ][gc,phases      ] GC(603)   Pre Evacuate Collection Set: 0.07ms
[17.432s][info ][gc,phases      ] GC(603)   Merge Heap Roots: 0.07ms
[17.432s][info ][gc,phases      ] GC(603)   Evacuate Collection Set: 0.08ms
[17.432s][info ][gc,phases      ] GC(603)   Post Evacuate Collection Set: 0.15ms
[17.432s][info ][gc,phases      ] GC(603)   Other: 0.05ms
[17.432s][trace][gc,age         ] GC(603) Age table:
[17.432s][trace][gc,age         ] GC(603) - age   1:        192 bytes,        192 total
[17.432s][info ][gc,heap        ] GC(603) Eden regions: 253->0(253)
[17.432s][info ][gc,heap        ] GC(603) Survivor regions: 1->1(32)
[17.432s][info ][gc,heap        ] GC(603) Old regions: 11->11
[17.432s][info ][gc,heap        ] GC(603) Humongous regions: 0->0
[17.432s][info ][gc,metaspace   ] GC(603) Metaspace: 10117K(10368K)->10117K(10368K) NonClass: 9153K(9344K)->9153K(9344K) Class: 963K(1024K)->963K(1024K)
[17.432s][info ][gc             ] GC(603) Pause Young (Normal) (G1 Evacuation Pause) 256M->4M(424M) 0.509ms
[17.432s][info ][gc,cpu         ] GC(603) User=0.00s Sys=0.00s Real=0.00s
[17.448s][info ][gc,start       ] GC(604) Pause Young (Normal) (G1 Evacuation Pause)
[17.448s][info ][gc,task        ] GC(604) Using 9 workers of 9 for evacuation
[17.448s][debug][gc,age         ] GC(604) Desired survivor size 16777216 bytes, new threshold 15 (max threshold 15)
[17.449s][info ][gc,phases      ] GC(604)   Pre Evacuate Collection Set: 0.07ms
[17.449s][info ][gc,phases      ] GC(604)   Merge Heap Roots: 0.06ms
[17.449s][info ][gc,phases      ] GC(604)   Evacuate Collection Set: 0.11ms
[17.449s][info ][gc,phases      ] GC(604)   Post Evacuate Collection Set: 0.20ms
[17.449s][info ][gc,phases      ] GC(604)   Other: 0.06ms
[17.449s][trace][gc,age         ] GC(604) Age table:
[17.449s][trace][gc,age         ] GC(604) - age   1:        192 bytes,        192 total
[17.449s][info ][gc,heap        ] GC(604) Eden regions: 253->0(253)
[17.449s][info ][gc,heap        ] GC(604) Survivor regions: 1->1(32)
[17.449s][info ][gc,heap        ] GC(604) Old regions: 11->11
[17.449s][info ][gc,heap        ] GC(604) Humongous regions: 0->0
[17.449s][info ][gc,metaspace   ] GC(604) Metaspace: 10117K(10368K)->10117K(10368K) NonClass: 9153K(9344K)->9153K(9344K) Class: 963K(1024K)->963K(1024K)
[17.449s][info ][gc             ] GC(604) Pause Young (Normal) (G1 Evacuation Pause) 256M->4M(424M) 0.602ms
[17.449s][info ][gc,cpu         ] GC(604) User=0.01s Sys=0.00s Real=0.00s
[17.464s][info ][gc,start       ] GC(605) Pause Young (Normal) (G1 Evacuation Pause)
[17.464s][info ][gc,task        ] GC(605) Using 9 workers of 9 for evacuation
[17.464s][debug][gc,age         ] GC(605) Desired survivor size 16777216 bytes, new threshold 15 (max threshold 15)
[17.465s][info ][gc,phases      ] GC(605)   Pre Evacuate Collection Set: 0.07ms
[17.465s][info ][gc,phases      ] GC(605)   Merge Heap Roots: 0.06ms
[17.465s][info ][gc,phases      ] GC(605)   Evacuate Collection Set: 0.11ms
[17.465s][info ][gc,phases      ] GC(605)   Post Evacuate Collection Set: 0.15ms
[17.465s][info ][gc,phases      ] GC(605)   Other: 0.06ms
[17.465s][trace][gc,age         ] GC(605) Age table:
[17.465s][trace][gc,age         ] GC(605) - age   1:        192 bytes,        192 total
[17.465s][info ][gc,heap        ] GC(605) Eden regions: 253->0(253)
[17.465s][info ][gc,heap        ] GC(605) Survivor regions: 1->1(32)
[17.465s][info ][gc,heap        ] GC(605) Old regions: 11->11
[17.465s][info ][gc,heap        ] GC(605) Humongous regions: 0->0
[17.465s][info ][gc,metaspace   ] GC(605) Metaspace: 10117K(10368K)->10117K(10368K) NonClass: 9153K(9344K)->9153K(9344K) Class: 963K(1024K)->963K(1024K)
[17.465s][info ][gc             ] GC(605) Pause Young (Normal) (G1 Evacuation Pause) 256M->4M(424M) 0.552ms
[17.465s][info ][gc,cpu         ] GC(605) User=0.00s Sys=0.00s Real=0.00s
[17.480s][info ][gc,start       ] GC(606) Pause Young (Normal) (G1 Evacuation Pause)
[17.480s][info ][gc,task        ] GC(606) Using 9 workers of 9 for evacuation
[17.480s][debug][gc,age         ] GC(606) Desired survivor size 16777216 bytes, new threshold 15 (max threshold 15)
[17.481s][info ][gc,phases      ] GC(606)   Pre Evacuate Collection Set: 0.10ms
[17.481s][info ][gc,phases      ] GC(606)   Merge Heap Roots: 0.08ms
[17.481s][info ][gc,phases      ] GC(606)   Evacuate Collection Set: 0.10ms
[17.481s][info ][gc,phases      ] GC(606)   Post Evacuate Collection Set: 0.18ms
[17.481s][info ][gc,phases      ] GC(606)   Other: 0.07ms
[17.481s][trace][gc,age         ] GC(606) Age table:
[17.481s][trace][gc,age         ] GC(606) - age   1:        192 bytes,        192 total
[17.481s][info ][gc,heap        ] GC(606) Eden regions: 253->0(253)
[17.481s][info ][gc,heap        ] GC(606) Survivor regions: 1->1(32)
[17.481s][info ][gc,heap        ] GC(606) Old regions: 11->11
[17.481s][info ][gc,heap        ] GC(606) Humongous regions: 0->0
[17.481s][info ][gc,metaspace   ] GC(606) Metaspace: 10117K(10368K)->10117K(10368K) NonClass: 9153K(9344K)->9153K(9344K) Class: 963K(1024K)->963K(1024K)
[17.481s][info ][gc             ] GC(606) Pause Young (Normal) (G1 Evacuation Pause) 256M->4M(424M) 0.615ms
[17.481s][info ][gc,cpu         ] GC(606) User=0.00s Sys=0.00s Real=0.00s
[17.496s][info ][gc,start       ] GC(607) Pause Young (Normal) (G1 Evacuation Pause)
[17.496s][info ][gc,task        ] GC(607) Using 9 workers of 9 for evacuation
[17.496s][debug][gc,age         ] GC(607) Desired survivor size 16777216 bytes, new threshold 15 (max threshold 15)
[17.497s][info ][gc,phases      ] GC(607)   Pre Evacuate Collection Set: 0.07ms
[17.497s][info ][gc,phases      ] GC(607)   Merge Heap Roots: 0.06ms
[17.497s][info ][gc,phases      ] GC(607)   Evacuate Collection Set: 0.12ms
[17.497s][info ][gc,phases      ] GC(607)   Post Evacuate Collection Set: 0.17ms
[17.497s][info ][gc,phases      ] GC(607)   Other: 0.05ms
[17.497s][trace][gc,age         ] GC(607) Age table:
[17.497s][trace][gc,age         ] GC(607) - age   1:        192 bytes,        192 total
[17.497s][info ][gc,heap        ] GC(607) Eden regions: 253->0(253)
[17.497s][info ][gc,heap        ] GC(607) Survivor regions: 1->1(32)
[17.497s][info ][gc,heap        ] GC(607) Old regions: 11->11
[17.497s][info ][gc,heap        ] GC(607) Humongous regions: 0->0
[17.497s][info ][gc,metaspace   ] GC(607) Metaspace: 10117K(10368K)->10117K(10368K) NonClass: 9153K(9344K)->9153K(9344K) Class: 963K(1024K)->963K(1024K)
[17.497s][info ][gc             ] GC(607) Pause Young (Normal) (G1 Evacuation Pause) 256M->4M(424M) 0.586ms
[17.497s][info ][gc,cpu         ] GC(607) User=0.00s Sys=0.00s Real=0.00s
[17.512s][info ][gc,start       ] GC(608) Pause Young (Normal) (G1 Evacuation Pause)
[17.512s][info ][gc,task        ] GC(608) Using 9 workers of 9 for evacuation
[17.512s][debug][gc,age         ] GC(608) Desired survivor size 16777216 bytes, new threshold 15 (max threshold 15)
[17.513s][info ][gc,phases      ] GC(608)   Pre Evacuate Collection Set: 0.07ms
[17.513s][info ][gc,phases      ] GC(608)   Merge Heap Roots: 0.07ms
[17.513s][info ][gc,phases      ] GC(608)   Evacuate Collection Set: 0.09ms
[17.513s][info ][gc,phases      ] GC(608)   Post Evacuate Collection Set: 0.17ms
[17.513s][info ][gc,phases      ] GC(608)   Other: 0.05ms
[17.513s][trace][gc,age         ] GC(608) Age table:
[17.513s][trace][gc,age         ] GC(608) - age   1:        192 bytes,        192 total
[17.513s][info ][gc,heap        ] GC(608) Eden regions: 253->0(253)
[17.513s][info ][gc,heap        ] GC(608) Survivor regions: 1->1(32)
[17.513s][info ][gc,heap        ] GC(608) Old regions: 11->11
[17.513s][info ][gc,heap        ] GC(608) Humongous regions: 0->0
[17.513s][info ][gc,metaspace   ] GC(608) Metaspace: 10117K(10368K)->10117K(10368K) NonClass: 9153K(9344K)->9153K(9344K) Class: 963K(1024K)->963K(1024K)
[17.513s][info ][gc             ] GC(608) Pause Young (Normal) (G1 Evacuation Pause) 256M->4M(424M) 0.547ms
[17.513s][info ][gc,cpu         ] GC(608) User=0.00s Sys=0.01s Real=0.00s
[17.529s][info ][gc,start       ] GC(609) Pause Young (Normal) (G1 Evacuation Pause)
[17.529s][info ][gc,task        ] GC(609) Using 9 workers of 9 for evacuation
[17.529s][debug][gc,age         ] GC(609) Desired survivor size 16777216 bytes, new threshold 15 (max threshold 15)
[17.529s][info ][gc,phases      ] GC(609)   Pre Evacuate Collection Set: 0.11ms
[17.529s][info ][gc,phases      ] GC(609)   Merge Heap Roots: 0.06ms
[17.529s][info ][gc,phases      ] GC(609)   Evacuate Collection Set: 0.12ms
[17.529s][info ][gc,phases      ] GC(609)   Post Evacuate Collection Set: 0.20ms
[17.529s][info ][gc,phases      ] GC(609)   Other: 0.06ms
[17.529s][trace][gc,age         ] GC(609) Age table:
[17.529s][trace][gc,age         ] GC(609) - age   1:        192 bytes,        192 total
[17.529s][info ][gc,heap        ] GC(609) Eden regions: 253->0(253)
[17.529s][info ][gc,heap        ] GC(609) Survivor regions: 1->1(32)
[17.529s][info ][gc,heap        ] GC(609) Old regions: 11->11
[17.529s][info ][gc,heap        ] GC(609) Humongous regions: 0->0
[17.529s][info ][gc,metaspace   ] GC(609) Metaspace: 10117K(10368K)->10117K(10368K) NonClass: 9153K(9344K)->9153K(9344K) Class: 963K(1024K)->963K(1024K)
[17.529s][info ][gc             ] GC(609) Pause Young (Normal) (G1 Evacuation Pause) 256M->4M(424M) 0.650ms
[17.529s][info ][gc,cpu         ] GC(609) User=0.00s Sys=0.00s Real=0.00s
[17.545s][info ][gc,start       ] GC(610) Pause Young (Normal) (G1 Evacuation Pause)
[17.545s][info ][gc,task        ] GC(610) Using 9 workers of 9 for evacuation
[17.545s][debug][gc,age         ] GC(610) Desired survivor size 16777216 bytes, new threshold 15 (max threshold 15)
[17.545s][info ][gc,phases      ] GC(610)   Pre Evacuate Collection Set: 0.13ms
[17.545s][info ][gc,phases      ] GC(610)   Merge Heap Roots: 0.08ms
[17.545s][info ][gc,phases      ] GC(610)   Evacuate Collection Set: 0.12ms
[17.545s][info ][gc,phases      ] GC(610)   Post Evacuate Collection Set: 0.18ms
[17.545s][info ][gc,phases      ] GC(610)   Other: 0.06ms
[17.545s][trace][gc,age         ] GC(610) Age table:
[17.545s][trace][gc,age         ] GC(610) - age   1:        192 bytes,        192 total
[17.545s][info ][gc,heap        ] GC(610) Eden regions: 253->0(253)
[17.545s][info ][gc,heap        ] GC(610) Survivor regions: 1->1(32)
[17.545s][info ][gc,heap        ] GC(610) Old regions: 11->11
[17.545s][info ][gc,heap        ] GC(610) Humongous regions: 0->0
[17.545s][info ][gc,metaspace   ] GC(610) Metaspace: 10117K(10368K)->10117K(10368K) NonClass: 9153K(9344K)->9153K(9344K) Class: 963K(1024K)->963K(1024K)
[17.545s][info ][gc             ] GC(610) Pause Young (Normal) (G1 Evacuation Pause) 256M->4M(424M) 0.668ms
[17.545s][info ][gc,cpu         ] GC(610) User=0.00s Sys=0.00s Real=0.01s
[17.561s][info ][gc,start       ] GC(611) Pause Young (Normal) (G1 Evacuation Pause)
[17.561s][info ][gc,task        ] GC(611) Using 9 workers of 9 for evacuation
[17.561s][debug][gc,age         ] GC(611) Desired survivor size 16777216 bytes, new threshold 15 (max threshold 15)
[17.561s][info ][gc,phases      ] GC(611)   Pre Evacuate Collection Set: 0.08ms
[17.561s][info ][gc,phases      ] GC(611)   Merge Heap Roots: 0.08ms
[17.561s][info ][gc,phases      ] GC(611)   Evacuate Collection Set: 0.09ms
[17.561s][info ][gc,phases      ] GC(611)   Post Evacuate Collection Set: 0.18ms
[17.561s][info ][gc,phases      ] GC(611)   Other: 0.06ms
[17.561s][trace][gc,age         ] GC(611) Age table:
[17.561s][trace][gc,age         ] GC(611) - age   1:        192 bytes,        192 total
[17.561s][info ][gc,heap        ] GC(611) Eden regions: 253->0(253)
[17.561s][info ][gc,heap        ] GC(611) Survivor regions: 1->1(32)
[17.561s][info ][gc,heap        ] GC(611) Old regions: 11->11
[17.561s][info ][gc,heap        ] GC(611) Humongous regions: 0->0
[17.562s][info ][gc,metaspace   ] GC(611) Metaspace: 10117K(10368K)->10117K(10368K) NonClass: 9153K(9344K)->9153K(9344K) Class: 963K(1024K)->963K(1024K)
[17.562s][info ][gc             ] GC(611) Pause Young (Normal) (G1 Evacuation Pause) 256M->4M(424M) 0.601ms
[17.562s][info ][gc,cpu         ] GC(611) User=0.00s Sys=0.00s Real=0.00s
[17.577s][info ][gc,start       ] GC(612) Pause Young (Normal) (G1 Evacuation Pause)
[17.577s][info ][gc,task        ] GC(612) Using 9 workers of 9 for evacuation
[17.577s][debug][gc,age         ] GC(612) Desired survivor size 16777216 bytes, new threshold 15 (max threshold 15)
[17.578s][info ][gc,phases      ] GC(612)   Pre Evacuate Collection Set: 0.07ms
[17.578s][info ][gc,phases      ] GC(612)   Merge Heap Roots: 0.05ms
[17.578s][info ][gc,phases      ] GC(612)   Evacuate Collection Set: 0.14ms
[17.578s][info ][gc,phases      ] GC(612)   Post Evacuate Collection Set: 0.17ms
[17.578s][info ][gc,phases      ] GC(612)   Other: 0.06ms
[17.578s][trace][gc,age         ] GC(612) Age table:
[17.578s][trace][gc,age         ] GC(612) - age   1:        192 bytes,        192 total
[17.578s][info ][gc,heap        ] GC(612) Eden regions: 253->0(253)
[17.578s][info ][gc,heap        ] GC(612) Survivor regions: 1->1(32)
[17.578s][info ][gc,heap        ] GC(612) Old regions: 11->11
[17.578s][info ][gc,heap        ] GC(612) Humongous regions: 0->0
[17.578s][info ][gc,metaspace   ] GC(612) Metaspace: 10117K(10368K)->10117K(10368K) NonClass: 9153K(9344K)->9153K(9344K) Class: 963K(1024K)->963K(1024K)
[17.578s][info ][gc             ] GC(612) Pause Young (Normal) (G1 Evacuation Pause) 256M->4M(424M) 0.587ms
[17.578s][info ][gc,cpu         ] GC(612) User=0.00s Sys=0.00s Real=0.00s
[17.593s][info ][gc,start       ] GC(613) Pause Young (Normal) (G1 Evacuation Pause)
[17.593s][info ][gc,task        ] GC(613) Using 9 workers of 9 for evacuation
[17.593s][debug][gc,age         ] GC(613) Desired survivor size 16777216 bytes, new threshold 15 (max threshold 15)
[17.594s][info ][gc,phases      ] GC(613)   Pre Evacuate Collection Set: 0.07ms
[17.594s][info ][gc,phases      ] GC(613)   Merge Heap Roots: 0.06ms
[17.594s][info ][gc,phases      ] GC(613)   Evacuate Collection Set: 0.10ms
[17.594s][info ][gc,phases      ] GC(613)   Post Evacuate Collection Set: 0.17ms
[17.594s][info ][gc,phases      ] GC(613)   Other: 0.05ms
[17.594s][trace][gc,age         ] GC(613) Age table:
[17.594s][trace][gc,age         ] GC(613) - age   1:        192 bytes,        192 total
[17.594s][info ][gc,heap        ] GC(613) Eden regions: 253->0(253)
[17.594s][info ][gc,heap        ] GC(613) Survivor regions: 1->1(32)
[17.594s][info ][gc,heap        ] GC(613) Old regions: 11->11
[17.594s][info ][gc,heap        ] GC(613) Humongous regions: 0->0
[17.594s][info ][gc,metaspace   ] GC(613) Metaspace: 10117K(10368K)->10117K(10368K) NonClass: 9153K(9344K)->9153K(9344K) Class: 963K(1024K)->963K(1024K)
[17.594s][info ][gc             ] GC(613) Pause Young (Normal) (G1 Evacuation Pause) 256M->4M(424M) 0.544ms
[17.594s][info ][gc,cpu         ] GC(613) User=0.00s Sys=0.00s Real=0.00s
[17.610s][info ][gc,start       ] GC(614) Pause Young (Normal) (G1 Evacuation Pause)
[17.610s][info ][gc,task        ] GC(614) Using 9 workers of 9 for evacuation
[17.610s][debug][gc,age         ] GC(614) Desired survivor size 16777216 bytes, new threshold 15 (max threshold 15)
[17.610s][info ][gc,phases      ] GC(614)   Pre Evacuate Collection Set: 0.08ms
[17.610s][info ][gc,phases      ] GC(614)   Merge Heap Roots: 0.10ms
[17.610s][info ][gc,phases      ] GC(614)   Evacuate Collection Set: 0.09ms
[17.610s][info ][gc,phases      ] GC(614)   Post Evacuate Collection Set: 0.17ms
[17.610s][info ][gc,phases      ] GC(614)   Other: 0.06ms
[17.610s][trace][gc,age         ] GC(614) Age table:
[17.610s][trace][gc,age         ] GC(614) - age   1:        192 bytes,        192 total
[17.610s][info ][gc,heap        ] GC(614) Eden regions: 253->0(253)
[17.610s][info ][gc,heap        ] GC(614) Survivor regions: 1->1(32)
[17.610s][info ][gc,heap        ] GC(614) Old regions: 11->11
[17.610s][info ][gc,heap        ] GC(614) Humongous regions: 0->0
[17.610s][info ][gc,metaspace   ] GC(614) Metaspace: 10117K(10368K)->10117K(10368K) NonClass: 9153K(9344K)->9153K(9344K) Class: 963K(1024K)->963K(1024K)
[17.610s][info ][gc             ] GC(614) Pause Young (Normal) (G1 Evacuation Pause) 256M->4M(424M) 0.587ms
[17.610s][info ][gc,cpu         ] GC(614) User=0.00s Sys=0.00s Real=0.00s
[17.626s][info ][gc,start       ] GC(615) Pause Young (Normal) (G1 Evacuation Pause)
[17.626s][info ][gc,task        ] GC(615) Using 9 workers of 9 for evacuation
[17.626s][debug][gc,age         ] GC(615) Desired survivor size 16777216 bytes, new threshold 15 (max threshold 15)
[17.626s][info ][gc,phases      ] GC(615)   Pre Evacuate Collection Set: 0.08ms
[17.626s][info ][gc,phases      ] GC(615)   Merge Heap Roots: 0.07ms
[17.626s][info ][gc,phases      ] GC(615)   Evacuate Collection Set: 0.13ms
[17.626s][info ][gc,phases      ] GC(615)   Post Evacuate Collection Set: 0.15ms
[17.626s][info ][gc,phases      ] GC(615)   Other: 0.04ms
[17.626s][trace][gc,age         ] GC(615) Age table:
[17.626s][trace][gc,age         ] GC(615) - age   1:        192 bytes,        192 total
[17.626s][info ][gc,heap        ] GC(615) Eden regions: 253->0(253)
[17.626s][info ][gc,heap        ] GC(615) Survivor regions: 1->1(32)
[17.626s][info ][gc,heap        ] GC(615) Old regions: 11->11
[17.626s][info ][gc,heap        ] GC(615) Humongous regions: 0->0
[17.626s][info ][gc,metaspace   ] GC(615) Metaspace: 10117K(10368K)->10117K(10368K) NonClass: 9153K(9344K)->9153K(9344K) Class: 963K(1024K)->963K(1024K)
[17.626s][info ][gc             ] GC(615) Pause Young (Normal) (G1 Evacuation Pause) 256M->4M(424M) 0.555ms
[17.626s][info ][gc,cpu         ] GC(615) User=0.00s Sys=0.00s Real=0.00s
[17.642s][info ][gc,start       ] GC(616) Pause Young (Normal) (G1 Evacuation Pause)
[17.642s][info ][gc,task        ] GC(616) Using 9 workers of 9 for evacuation
[17.642s][debug][gc,age         ] GC(616) Desired survivor size 16777216 bytes, new threshold 15 (max threshold 15)
[17.642s][info ][gc,phases      ] GC(616)   Pre Evacuate Collection Set: 0.07ms
[17.642s][info ][gc,phases      ] GC(616)   Merge Heap Roots: 0.07ms
[17.642s][info ][gc,phases      ] GC(616)   Evacuate Collection Set: 0.10ms
[17.642s][info ][gc,phases      ] GC(616)   Post Evacuate Collection Set: 0.13ms
[17.642s][info ][gc,phases      ] GC(616)   Other: 0.05ms
[17.642s][trace][gc,age         ] GC(616) Age table:
[17.642s][trace][gc,age         ] GC(616) - age   1:        192 bytes,        192 total
[17.642s][info ][gc,heap        ] GC(616) Eden regions: 253->0(253)
[17.642s][info ][gc,heap        ] GC(616) Survivor regions: 1->1(32)
[17.642s][info ][gc,heap        ] GC(616) Old regions: 11->11
[17.642s][info ][gc,heap        ] GC(616) Humongous regions: 0->0
[17.643s][info ][gc,metaspace   ] GC(616) Metaspace: 10117K(10368K)->10117K(10368K) NonClass: 9153K(9344K)->9153K(9344K) Class: 963K(1024K)->963K(1024K)
[17.643s][info ][gc             ] GC(616) Pause Young (Normal) (G1 Evacuation Pause) 256M->4M(424M) 0.506ms
[17.643s][info ][gc,cpu         ] GC(616) User=0.00s Sys=0.01s Real=0.00s
[17.658s][info ][gc,start       ] GC(617) Pause Young (Normal) (G1 Evacuation Pause)
[17.658s][info ][gc,task        ] GC(617) Using 9 workers of 9 for evacuation
[17.658s][debug][gc,age         ] GC(617) Desired survivor size 16777216 bytes, new threshold 15 (max threshold 15)
[17.658s][info ][gc,phases      ] GC(617)   Pre Evacuate Collection Set: 0.08ms
[17.658s][info ][gc,phases      ] GC(617)   Merge Heap Roots: 0.06ms
[17.658s][info ][gc,phases      ] GC(617)   Evacuate Collection Set: 0.14ms
[17.658s][info ][gc,phases      ] GC(617)   Post Evacuate Collection Set: 0.17ms
[17.658s][info ][gc,phases      ] GC(617)   Other: 0.05ms
[17.658s][trace][gc,age         ] GC(617) Age table:
[17.658s][trace][gc,age         ] GC(617) - age   1:        192 bytes,        192 total
[17.658s][info ][gc,heap        ] GC(617) Eden regions: 253->0(253)
[17.658s][info ][gc,heap        ] GC(617) Survivor regions: 1->1(32)
[17.658s][info ][gc,heap        ] GC(617) Old regions: 11->11
[17.658s][info ][gc,heap        ] GC(617) Humongous regions: 0->0
[17.658s][info ][gc,metaspace   ] GC(617) Metaspace: 10117K(10368K)->10117K(10368K) NonClass: 9153K(9344K)->9153K(9344K) Class: 963K(1024K)->963K(1024K)
[17.658s][info ][gc             ] GC(617) Pause Young (Normal) (G1 Evacuation Pause) 256M->4M(424M) 0.589ms
[17.658s][info ][gc,cpu         ] GC(617) User=0.00s Sys=0.00s Real=0.00s
[17.674s][info ][gc,start       ] GC(618) Pause Young (Normal) (G1 Evacuation Pause)
[17.674s][info ][gc,task        ] GC(618) Using 9 workers of 9 for evacuation
[17.674s][debug][gc,age         ] GC(618) Desired survivor size 16777216 bytes, new threshold 15 (max threshold 15)
[17.675s][info ][gc,phases      ] GC(618)   Pre Evacuate Collection Set: 0.11ms
[17.675s][info ][gc,phases      ] GC(618)   Merge Heap Roots: 0.08ms
[17.675s][info ][gc,phases      ] GC(618)   Evacuate Collection Set: 0.12ms
[17.675s][info ][gc,phases      ] GC(618)   Post Evacuate Collection Set: 0.16ms
[17.675s][info ][gc,phases      ] GC(618)   Other: 0.05ms
[17.675s][trace][gc,age         ] GC(618) Age table:
[17.675s][trace][gc,age         ] GC(618) - age   1:        192 bytes,        192 total
[17.675s][info ][gc,heap        ] GC(618) Eden regions: 253->0(253)
[17.675s][info ][gc,heap        ] GC(618) Survivor regions: 1->1(32)
[17.675s][info ][gc,heap        ] GC(618) Old regions: 11->11
[17.675s][info ][gc,heap        ] GC(618) Humongous regions: 0->0
[17.675s][info ][gc,metaspace   ] GC(618) Metaspace: 10117K(10368K)->10117K(10368K) NonClass: 9153K(9344K)->9153K(9344K) Class: 963K(1024K)->963K(1024K)
[17.675s][info ][gc             ] GC(618) Pause Young (Normal) (G1 Evacuation Pause) 256M->4M(424M) 0.599ms
[17.675s][info ][gc,cpu         ] GC(618) User=0.01s Sys=0.00s Real=0.00s
[17.690s][info ][gc,start       ] GC(619) Pause Young (Normal) (G1 Evacuation Pause)
[17.690s][info ][gc,task        ] GC(619) Using 9 workers of 9 for evacuation
[17.690s][debug][gc,age         ] GC(619) Desired survivor size 16777216 bytes, new threshold 15 (max threshold 15)
[17.691s][info ][gc,phases      ] GC(619)   Pre Evacuate Collection Set: 0.08ms
[17.691s][info ][gc,phases      ] GC(619)   Merge Heap Roots: 0.06ms
[17.691s][info ][gc,phases      ] GC(619)   Evacuate Collection Set: 0.09ms
[17.691s][info ][gc,phases      ] GC(619)   Post Evacuate Collection Set: 0.18ms
[17.691s][info ][gc,phases      ] GC(619)   Other: 0.06ms
[17.691s][trace][gc,age         ] GC(619) Age table:
[17.691s][trace][gc,age         ] GC(619) - age   1:        192 bytes,        192 total
[17.691s][info ][gc,heap        ] GC(619) Eden regions: 253->0(253)
[17.691s][info ][gc,heap        ] GC(619) Survivor regions: 1->1(32)
[17.691s][info ][gc,heap        ] GC(619) Old regions: 11->11
[17.691s][info ][gc,heap        ] GC(619) Humongous regions: 0->0
[17.691s][info ][gc,metaspace   ] GC(619) Metaspace: 10117K(10368K)->10117K(10368K) NonClass: 9153K(9344K)->9153K(9344K) Class: 963K(1024K)->963K(1024K)
[17.691s][info ][gc             ] GC(619) Pause Young (Normal) (G1 Evacuation Pause) 256M->4M(424M) 0.563ms
[17.691s][info ][gc,cpu         ] GC(619) User=0.00s Sys=0.00s Real=0.00s
[17.707s][info ][gc,start       ] GC(620) Pause Young (Normal) (G1 Evacuation Pause)
[17.707s][info ][gc,task        ] GC(620) Using 9 workers of 9 for evacuation
[17.707s][debug][gc,age         ] GC(620) Desired survivor size 16777216 bytes, new threshold 15 (max threshold 15)
[17.707s][info ][gc,phases      ] GC(620)   Pre Evacuate Collection Set: 0.10ms
[17.707s][info ][gc,phases      ] GC(620)   Merge Heap Roots: 0.07ms
[17.707s][info ][gc,phases      ] GC(620)   Evacuate Collection Set: 0.09ms
[17.707s][info ][gc,phases      ] GC(620)   Post Evacuate Collection Set: 0.16ms
[17.707s][info ][gc,phases      ] GC(620)   Other: 0.05ms
[17.707s][trace][gc,age         ] GC(620) Age table:
[17.707s][trace][gc,age         ] GC(620) - age   1:        192 bytes,        192 total
[17.707s][info ][gc,heap        ] GC(620) Eden regions: 253->0(253)
[17.707s][info ][gc,heap        ] GC(620) Survivor regions: 1->1(32)
[17.707s][info ][gc,heap        ] GC(620) Old regions: 11->11
[17.707s][info ][gc,heap        ] GC(620) Humongous regions: 0->0
[17.707s][info ][gc,metaspace   ] GC(620) Metaspace: 10117K(10368K)->10117K(10368K) NonClass: 9153K(9344K)->9153K(9344K) Class: 963K(1024K)->963K(1024K)
[17.707s][info ][gc             ] GC(620) Pause Young (Normal) (G1 Evacuation Pause) 256M->4M(424M) 0.561ms
[17.707s][info ][gc,cpu         ] GC(620) User=0.00s Sys=0.00s Real=0.00s
[17.723s][info ][gc,start       ] GC(621) Pause Young (Normal) (G1 Evacuation Pause)
[17.723s][info ][gc,task        ] GC(621) Using 9 workers of 9 for evacuation
[17.723s][debug][gc,age         ] GC(621) Desired survivor size 16777216 bytes, new threshold 15 (max threshold 15)
[17.723s][info ][gc,phases      ] GC(621)   Pre Evacuate Collection Set: 0.07ms
[17.723s][info ][gc,phases      ] GC(621)   Merge Heap Roots: 0.08ms
[17.723s][info ][gc,phases      ] GC(621)   Evacuate Collection Set: 0.10ms
[17.723s][info ][gc,phases      ] GC(621)   Post Evacuate Collection Set: 0.18ms
[17.723s][info ][gc,phases      ] GC(621)   Other: 0.05ms
[17.723s][trace][gc,age         ] GC(621) Age table:
[17.723s][trace][gc,age         ] GC(621) - age   1:        192 bytes,        192 total
[17.723s][info ][gc,heap        ] GC(621) Eden regions: 253->0(253)
[17.724s][info ][gc,heap        ] GC(621) Survivor regions: 1->1(32)
[17.724s][info ][gc,heap        ] GC(621) Old regions: 11->11
[17.724s][info ][gc,heap        ] GC(621) Humongous regions: 0->0
[17.724s][info ][gc,metaspace   ] GC(621) Metaspace: 10117K(10368K)->10117K(10368K) NonClass: 9153K(9344K)->9153K(9344K) Class: 963K(1024K)->963K(1024K)
[17.724s][info ][gc             ] GC(621) Pause Young (Normal) (G1 Evacuation Pause) 256M->4M(424M) 0.573ms
[17.724s][info ][gc,cpu         ] GC(621) User=0.01s Sys=0.00s Real=0.00s
[17.739s][info ][gc,start       ] GC(622) Pause Young (Normal) (G1 Evacuation Pause)
[17.739s][info ][gc,task        ] GC(622) Using 9 workers of 9 for evacuation
[17.739s][debug][gc,age         ] GC(622) Desired survivor size 16777216 bytes, new threshold 15 (max threshold 15)
[17.740s][info ][gc,phases      ] GC(622)   Pre Evacuate Collection Set: 0.08ms
[17.740s][info ][gc,phases      ] GC(622)   Merge Heap Roots: 0.09ms
[17.740s][info ][gc,phases      ] GC(622)   Evacuate Collection Set: 0.09ms
[17.740s][info ][gc,phases      ] GC(622)   Post Evacuate Collection Set: 0.16ms
[17.740s][info ][gc,phases      ] GC(622)   Other: 0.06ms
[17.740s][trace][gc,age         ] GC(622) Age table:
[17.740s][trace][gc,age         ] GC(622) - age   1:        192 bytes,        192 total
[17.740s][info ][gc,heap        ] GC(622) Eden regions: 253->0(253)
[17.740s][info ][gc,heap        ] GC(622) Survivor regions: 1->1(32)
[17.740s][info ][gc,heap        ] GC(622) Old regions: 11->11
[17.740s][info ][gc,heap        ] GC(622) Humongous regions: 0->0
[17.740s][info ][gc,metaspace   ] GC(622) Metaspace: 10117K(10368K)->10117K(10368K) NonClass: 9153K(9344K)->9153K(9344K) Class: 963K(1024K)->963K(1024K)
[17.740s][info ][gc             ] GC(622) Pause Young (Normal) (G1 Evacuation Pause) 256M->4M(424M) 0.574ms
[17.740s][info ][gc,cpu         ] GC(622) User=0.00s Sys=0.00s Real=0.00s
[17.755s][info ][gc,start       ] GC(623) Pause Young (Normal) (G1 Evacuation Pause)
[17.755s][info ][gc,task        ] GC(623) Using 9 workers of 9 for evacuation
[17.755s][debug][gc,age         ] GC(623) Desired survivor size 16777216 bytes, new threshold 15 (max threshold 15)
[17.756s][info ][gc,phases      ] GC(623)   Pre Evacuate Collection Set: 0.07ms
[17.756s][info ][gc,phases      ] GC(623)   Merge Heap Roots: 0.07ms
[17.756s][info ][gc,phases      ] GC(623)   Evacuate Collection Set: 0.12ms
[17.756s][info ][gc,phases      ] GC(623)   Post Evacuate Collection Set: 0.14ms
[17.756s][info ][gc,phases      ] GC(623)   Other: 0.05ms
[17.756s][trace][gc,age         ] GC(623) Age table:
[17.756s][trace][gc,age         ] GC(623) - age   1:        192 bytes,        192 total
[17.756s][info ][gc,heap        ] GC(623) Eden regions: 253->0(253)
[17.756s][info ][gc,heap        ] GC(623) Survivor regions: 1->1(32)
[17.756s][info ][gc,heap        ] GC(623) Old regions: 11->11
[17.756s][info ][gc,heap        ] GC(623) Humongous regions: 0->0
[17.756s][info ][gc,metaspace   ] GC(623) Metaspace: 10117K(10368K)->10117K(10368K) NonClass: 9153K(9344K)->9153K(9344K) Class: 963K(1024K)->963K(1024K)
[17.756s][info ][gc             ] GC(623) Pause Young (Normal) (G1 Evacuation Pause) 256M->4M(424M) 0.534ms
[17.756s][info ][gc,cpu         ] GC(623) User=0.00s Sys=0.00s Real=0.00s
[17.771s][info ][gc,start       ] GC(624) Pause Young (Normal) (G1 Evacuation Pause)
[17.771s][info ][gc,task        ] GC(624) Using 9 workers of 9 for evacuation
[17.771s][debug][gc,age         ] GC(624) Desired survivor size 16777216 bytes, new threshold 15 (max threshold 15)
[17.772s][info ][gc,phases      ] GC(624)   Pre Evacuate Collection Set: 0.12ms
[17.772s][info ][gc,phases      ] GC(624)   Merge Heap Roots: 0.07ms
[17.772s][info ][gc,phases      ] GC(624)   Evacuate Collection Set: 0.14ms
[17.772s][info ][gc,phases      ] GC(624)   Post Evacuate Collection Set: 0.19ms
[17.772s][info ][gc,phases      ] GC(624)   Other: 0.06ms
[17.772s][trace][gc,age         ] GC(624) Age table:
[17.772s][trace][gc,age         ] GC(624) - age   1:        192 bytes,        192 total
[17.772s][info ][gc,heap        ] GC(624) Eden regions: 253->0(253)
[17.772s][info ][gc,heap        ] GC(624) Survivor regions: 1->1(32)
[17.772s][info ][gc,heap        ] GC(624) Old regions: 11->11
[17.772s][info ][gc,heap        ] GC(624) Humongous regions: 0->0
[17.772s][info ][gc,metaspace   ] GC(624) Metaspace: 10117K(10368K)->10117K(10368K) NonClass: 9153K(9344K)->9153K(9344K) Class: 963K(1024K)->963K(1024K)
[17.772s][info ][gc             ] GC(624) Pause Young (Normal) (G1 Evacuation Pause) 256M->4M(424M) 0.665ms
[17.772s][info ][gc,cpu         ] GC(624) User=0.01s Sys=0.00s Real=0.00s
[17.788s][info ][gc,start       ] GC(625) Pause Young (Normal) (G1 Evacuation Pause)
[17.788s][info ][gc,task        ] GC(625) Using 9 workers of 9 for evacuation
[17.788s][debug][gc,age         ] GC(625) Desired survivor size 16777216 bytes, new threshold 15 (max threshold 15)
[17.788s][info ][gc,phases      ] GC(625)   Pre Evacuate Collection Set: 0.09ms
[17.788s][info ][gc,phases      ] GC(625)   Merge Heap Roots: 0.07ms
[17.788s][info ][gc,phases      ] GC(625)   Evacuate Collection Set: 0.10ms
[17.788s][info ][gc,phases      ] GC(625)   Post Evacuate Collection Set: 0.18ms
[17.788s][info ][gc,phases      ] GC(625)   Other: 0.07ms
[17.788s][trace][gc,age         ] GC(625) Age table:
[17.788s][trace][gc,age         ] GC(625) - age   1:        192 bytes,        192 total
[17.788s][info ][gc,heap        ] GC(625) Eden regions: 253->0(253)
[17.788s][info ][gc,heap        ] GC(625) Survivor regions: 1->1(32)
[17.788s][info ][gc,heap        ] GC(625) Old regions: 11->11
[17.788s][info ][gc,heap        ] GC(625) Humongous regions: 0->0
[17.788s][info ][gc,metaspace   ] GC(625) Metaspace: 10117K(10368K)->10117K(10368K) NonClass: 9153K(9344K)->9153K(9344K) Class: 963K(1024K)->963K(1024K)
[17.788s][info ][gc             ] GC(625) Pause Young (Normal) (G1 Evacuation Pause) 256M->4M(424M) 0.598ms
[17.788s][info ][gc,cpu         ] GC(625) User=0.00s Sys=0.00s Real=0.00s
[17.804s][info ][gc,start       ] GC(626) Pause Young (Normal) (G1 Evacuation Pause)
[17.804s][info ][gc,task        ] GC(626) Using 9 workers of 9 for evacuation
[17.804s][debug][gc,age         ] GC(626) Desired survivor size 16777216 bytes, new threshold 15 (max threshold 15)
[17.804s][info ][gc,phases      ] GC(626)   Pre Evacuate Collection Set: 0.07ms
[17.804s][info ][gc,phases      ] GC(626)   Merge Heap Roots: 0.08ms
[17.804s][info ][gc,phases      ] GC(626)   Evacuate Collection Set: 0.08ms
[17.804s][info ][gc,phases      ] GC(626)   Post Evacuate Collection Set: 0.17ms
[17.804s][info ][gc,phases      ] GC(626)   Other: 0.06ms
[17.804s][trace][gc,age         ] GC(626) Age table:
[17.804s][trace][gc,age         ] GC(626) - age   1:        192 bytes,        192 total
[17.804s][info ][gc,heap        ] GC(626) Eden regions: 253->0(253)
[17.804s][info ][gc,heap        ] GC(626) Survivor regions: 1->1(32)
[17.804s][info ][gc,heap        ] GC(626) Old regions: 11->11
[17.804s][info ][gc,heap        ] GC(626) Humongous regions: 0->0
[17.804s][info ][gc,metaspace   ] GC(626) Metaspace: 10117K(10368K)->10117K(10368K) NonClass: 9153K(9344K)->9153K(9344K) Class: 963K(1024K)->963K(1024K)
[17.804s][info ][gc             ] GC(626) Pause Young (Normal) (G1 Evacuation Pause) 256M->4M(424M) 0.554ms
[17.804s][info ][gc,cpu         ] GC(626) User=0.00s Sys=0.00s Real=0.00s
[17.820s][info ][gc,start       ] GC(627) Pause Young (Normal) (G1 Evacuation Pause)
[17.820s][info ][gc,task        ] GC(627) Using 9 workers of 9 for evacuation
[17.820s][debug][gc,age         ] GC(627) Desired survivor size 16777216 bytes, new threshold 15 (max threshold 15)
[17.820s][info ][gc,phases      ] GC(627)   Pre Evacuate Collection Set: 0.11ms
[17.820s][info ][gc,phases      ] GC(627)   Merge Heap Roots: 0.11ms
[17.820s][info ][gc,phases      ] GC(627)   Evacuate Collection Set: 0.09ms
[17.820s][info ][gc,phases      ] GC(627)   Post Evacuate Collection Set: 0.16ms
[17.820s][info ][gc,phases      ] GC(627)   Other: 0.05ms
[17.820s][trace][gc,age         ] GC(627) Age table:
[17.820s][trace][gc,age         ] GC(627) - age   1:        192 bytes,        192 total
[17.820s][info ][gc,heap        ] GC(627) Eden regions: 253->0(253)
[17.820s][info ][gc,heap        ] GC(627) Survivor regions: 1->1(32)
[17.820s][info ][gc,heap        ] GC(627) Old regions: 11->11
[17.820s][info ][gc,heap        ] GC(627) Humongous regions: 0->0
[17.820s][info ][gc,metaspace   ] GC(627) Metaspace: 10117K(10368K)->10117K(10368K) NonClass: 9153K(9344K)->9153K(9344K) Class: 963K(1024K)->963K(1024K)
[17.820s][info ][gc             ] GC(627) Pause Young (Normal) (G1 Evacuation Pause) 256M->4M(424M) 0.604ms
[17.820s][info ][gc,cpu         ] GC(627) User=0.00s Sys=0.00s Real=0.00s
[17.836s][info ][gc,start       ] GC(628) Pause Young (Normal) (G1 Evacuation Pause)
[17.836s][info ][gc,task        ] GC(628) Using 9 workers of 9 for evacuation
[17.836s][debug][gc,age         ] GC(628) Desired survivor size 16777216 bytes, new threshold 15 (max threshold 15)
[17.837s][info ][gc,phases      ] GC(628)   Pre Evacuate Collection Set: 0.08ms
[17.837s][info ][gc,phases      ] GC(628)   Merge Heap Roots: 0.09ms
[17.837s][info ][gc,phases      ] GC(628)   Evacuate Collection Set: 0.09ms
[17.837s][info ][gc,phases      ] GC(628)   Post Evacuate Collection Set: 0.17ms
[17.837s][info ][gc,phases      ] GC(628)   Other: 0.05ms
[17.837s][trace][gc,age         ] GC(628) Age table:
[17.837s][trace][gc,age         ] GC(628) - age   1:        192 bytes,        192 total
[17.837s][info ][gc,heap        ] GC(628) Eden regions: 253->0(253)
[17.837s][info ][gc,heap        ] GC(628) Survivor regions: 1->1(32)
[17.837s][info ][gc,heap        ] GC(628) Old regions: 11->11
[17.837s][info ][gc,heap        ] GC(628) Humongous regions: 0->0
[17.837s][info ][gc,metaspace   ] GC(628) Metaspace: 10117K(10368K)->10117K(10368K) NonClass: 9153K(9344K)->9153K(9344K) Class: 963K(1024K)->963K(1024K)
[17.837s][info ][gc             ] GC(628) Pause Young (Normal) (G1 Evacuation Pause) 256M->4M(424M) 0.577ms
[17.837s][info ][gc,cpu         ] GC(628) User=0.00s Sys=0.00s Real=0.00s
[17.852s][info ][gc,start       ] GC(629) Pause Young (Normal) (G1 Evacuation Pause)
[17.852s][info ][gc,task        ] GC(629) Using 9 workers of 9 for evacuation
[17.852s][debug][gc,age         ] GC(629) Desired survivor size 16777216 bytes, new threshold 15 (max threshold 15)
[17.853s][info ][gc,phases      ] GC(629)   Pre Evacuate Collection Set: 0.08ms
[17.853s][info ][gc,phases      ] GC(629)   Merge Heap Roots: 0.11ms
[17.853s][info ][gc,phases      ] GC(629)   Evacuate Collection Set: 0.09ms
[17.853s][info ][gc,phases      ] GC(629)   Post Evacuate Collection Set: 0.17ms
[17.853s][info ][gc,phases      ] GC(629)   Other: 0.04ms
[17.853s][trace][gc,age         ] GC(629) Age table:
[17.853s][trace][gc,age         ] GC(629) - age   1:        192 bytes,        192 total
[17.853s][info ][gc,heap        ] GC(629) Eden regions: 253->0(253)
[17.853s][info ][gc,heap        ] GC(629) Survivor regions: 1->1(32)
[17.853s][info ][gc,heap        ] GC(629) Old regions: 11->11
[17.853s][info ][gc,heap        ] GC(629) Humongous regions: 0->0
[17.853s][info ][gc,metaspace   ] GC(629) Metaspace: 10117K(10368K)->10117K(10368K) NonClass: 9153K(9344K)->9153K(9344K) Class: 963K(1024K)->963K(1024K)
[17.853s][info ][gc             ] GC(629) Pause Young (Normal) (G1 Evacuation Pause) 256M->4M(424M) 0.587ms
[17.853s][info ][gc,cpu         ] GC(629) User=0.00s Sys=0.00s Real=0.00s
[17.869s][info ][gc,start       ] GC(630) Pause Young (Normal) (G1 Evacuation Pause)
[17.869s][info ][gc,task        ] GC(630) Using 9 workers of 9 for evacuation
[17.869s][debug][gc,age         ] GC(630) Desired survivor size 16777216 bytes, new threshold 15 (max threshold 15)
[17.869s][info ][gc,phases      ] GC(630)   Pre Evacuate Collection Set: 0.06ms
[17.869s][info ][gc,phases      ] GC(630)   Merge Heap Roots: 0.08ms
[17.869s][info ][gc,phases      ] GC(630)   Evacuate Collection Set: 0.14ms
[17.869s][info ][gc,phases      ] GC(630)   Post Evacuate Collection Set: 0.16ms
[17.869s][info ][gc,phases      ] GC(630)   Other: 0.05ms
[17.869s][trace][gc,age         ] GC(630) Age table:
[17.869s][trace][gc,age         ] GC(630) - age   1:        192 bytes,        192 total
[17.869s][info ][gc,heap        ] GC(630) Eden regions: 253->0(253)
[17.869s][info ][gc,heap        ] GC(630) Survivor regions: 1->1(32)
[17.869s][info ][gc,heap        ] GC(630) Old regions: 11->11
[17.869s][info ][gc,heap        ] GC(630) Humongous regions: 0->0
[17.869s][info ][gc,metaspace   ] GC(630) Metaspace: 10117K(10368K)->10117K(10368K) NonClass: 9153K(9344K)->9153K(9344K) Class: 963K(1024K)->963K(1024K)
[17.869s][info ][gc             ] GC(630) Pause Young (Normal) (G1 Evacuation Pause) 256M->4M(424M) 0.581ms
[17.869s][info ][gc,cpu         ] GC(630) User=0.01s Sys=0.00s Real=0.00s
[17.885s][info ][gc,start       ] GC(631) Pause Young (Normal) (G1 Evacuation Pause)
[17.885s][info ][gc,task        ] GC(631) Using 9 workers of 9 for evacuation
[17.885s][debug][gc,age         ] GC(631) Desired survivor size 16777216 bytes, new threshold 15 (max threshold 15)
[17.885s][info ][gc,phases      ] GC(631)   Pre Evacuate Collection Set: 0.07ms
[17.885s][info ][gc,phases      ] GC(631)   Merge Heap Roots: 0.06ms
[17.885s][info ][gc,phases      ] GC(631)   Evacuate Collection Set: 0.13ms
[17.885s][info ][gc,phases      ] GC(631)   Post Evacuate Collection Set: 0.16ms
[17.885s][info ][gc,phases      ] GC(631)   Other: 0.05ms
[17.885s][trace][gc,age         ] GC(631) Age table:
[17.885s][trace][gc,age         ] GC(631) - age   1:        192 bytes,        192 total
[17.885s][info ][gc,heap        ] GC(631) Eden regions: 253->0(253)
[17.885s][info ][gc,heap        ] GC(631) Survivor regions: 1->1(32)
[17.885s][info ][gc,heap        ] GC(631) Old regions: 11->11
[17.885s][info ][gc,heap        ] GC(631) Humongous regions: 0->0
[17.885s][info ][gc,metaspace   ] GC(631) Metaspace: 10117K(10368K)->10117K(10368K) NonClass: 9153K(9344K)->9153K(9344K) Class: 963K(1024K)->963K(1024K)
[17.885s][info ][gc             ] GC(631) Pause Young (Normal) (G1 Evacuation Pause) 256M->4M(424M) 0.569ms
[17.885s][info ][gc,cpu         ] GC(631) User=0.00s Sys=0.00s Real=0.01s
[17.901s][info ][gc,start       ] GC(632) Pause Young (Normal) (G1 Evacuation Pause)
[17.901s][info ][gc,task        ] GC(632) Using 9 workers of 9 for evacuation
[17.901s][debug][gc,age         ] GC(632) Desired survivor size 16777216 bytes, new threshold 15 (max threshold 15)
[17.901s][info ][gc,phases      ] GC(632)   Pre Evacuate Collection Set: 0.07ms
[17.901s][info ][gc,phases      ] GC(632)   Merge Heap Roots: 0.06ms
[17.901s][info ][gc,phases      ] GC(632)   Evacuate Collection Set: 0.14ms
[17.901s][info ][gc,phases      ] GC(632)   Post Evacuate Collection Set: 0.17ms
[17.901s][info ][gc,phases      ] GC(632)   Other: 0.05ms
[17.901s][trace][gc,age         ] GC(632) Age table:
[17.901s][trace][gc,age         ] GC(632) - age   1:        192 bytes,        192 total
[17.901s][info ][gc,heap        ] GC(632) Eden regions: 253->0(253)
[17.901s][info ][gc,heap        ] GC(632) Survivor regions: 1->1(32)
[17.901s][info ][gc,heap        ] GC(632) Old regions: 11->11
[17.901s][info ][gc,heap        ] GC(632) Humongous regions: 0->0
[17.901s][info ][gc,metaspace   ] GC(632) Metaspace: 10117K(10368K)->10117K(10368K) NonClass: 9153K(9344K)->9153K(9344K) Class: 963K(1024K)->963K(1024K)
[17.901s][info ][gc             ] GC(632) Pause Young (Normal) (G1 Evacuation Pause) 256M->4M(424M) 0.585ms
[17.901s][info ][gc,cpu         ] GC(632) User=0.00s Sys=0.00s Real=0.00s
[17.917s][info ][gc,start       ] GC(633) Pause Young (Normal) (G1 Evacuation Pause)
[17.917s][info ][gc,task        ] GC(633) Using 9 workers of 9 for evacuation
[17.917s][debug][gc,age         ] GC(633) Desired survivor size 16777216 bytes, new threshold 15 (max threshold 15)
[17.917s][info ][gc,phases      ] GC(633)   Pre Evacuate Collection Set: 0.07ms
[17.917s][info ][gc,phases      ] GC(633)   Merge Heap Roots: 0.08ms
[17.917s][info ][gc,phases      ] GC(633)   Evacuate Collection Set: 0.07ms
[17.917s][info ][gc,phases      ] GC(633)   Post Evacuate Collection Set: 0.18ms
[17.917s][info ][gc,phases      ] GC(633)   Other: 0.04ms
[17.917s][trace][gc,age         ] GC(633) Age table:
[17.917s][trace][gc,age         ] GC(633) - age   1:        192 bytes,        192 total
[17.917s][info ][gc,heap        ] GC(633) Eden regions: 253->0(253)
[17.917s][info ][gc,heap        ] GC(633) Survivor regions: 1->1(32)
[17.917s][info ][gc,heap        ] GC(633) Old regions: 11->11
[17.917s][info ][gc,heap        ] GC(633) Humongous regions: 0->0
[17.917s][info ][gc,metaspace   ] GC(633) Metaspace: 10117K(10368K)->10117K(10368K) NonClass: 9153K(9344K)->9153K(9344K) Class: 963K(1024K)->963K(1024K)
[17.917s][info ][gc             ] GC(633) Pause Young (Normal) (G1 Evacuation Pause) 256M->4M(424M) 0.517ms
[17.917s][info ][gc,cpu         ] GC(633) User=0.00s Sys=0.01s Real=0.00s
[17.933s][info ][gc,start       ] GC(634) Pause Young (Normal) (G1 Evacuation Pause)
[17.933s][info ][gc,task        ] GC(634) Using 9 workers of 9 for evacuation
[17.933s][debug][gc,age         ] GC(634) Desired survivor size 16777216 bytes, new threshold 15 (max threshold 15)
[17.934s][info ][gc,phases      ] GC(634)   Pre Evacuate Collection Set: 0.07ms
[17.934s][info ][gc,phases      ] GC(634)   Merge Heap Roots: 0.09ms
[17.934s][info ][gc,phases      ] GC(634)   Evacuate Collection Set: 0.11ms
[17.934s][info ][gc,phases      ] GC(634)   Post Evacuate Collection Set: 0.18ms
[17.934s][info ][gc,phases      ] GC(634)   Other: 0.06ms
[17.934s][trace][gc,age         ] GC(634) Age table:
[17.934s][trace][gc,age         ] GC(634) - age   1:        192 bytes,        192 total
[17.934s][info ][gc,heap        ] GC(634) Eden regions: 253->0(253)
[17.934s][info ][gc,heap        ] GC(634) Survivor regions: 1->1(32)
[17.934s][info ][gc,heap        ] GC(634) Old regions: 11->11
[17.934s][info ][gc,heap        ] GC(634) Humongous regions: 0->0
[17.934s][info ][gc,metaspace   ] GC(634) Metaspace: 10117K(10368K)->10117K(10368K) NonClass: 9153K(9344K)->9153K(9344K) Class: 963K(1024K)->963K(1024K)
[17.934s][info ][gc             ] GC(634) Pause Young (Normal) (G1 Evacuation Pause) 256M->4M(424M) 0.606ms
[17.934s][info ][gc,cpu         ] GC(634) User=0.00s Sys=0.00s Real=0.00s
[17.949s][info ][gc,start       ] GC(635) Pause Young (Normal) (G1 Evacuation Pause)
[17.949s][info ][gc,task        ] GC(635) Using 9 workers of 9 for evacuation
[17.949s][debug][gc,age         ] GC(635) Desired survivor size 16777216 bytes, new threshold 15 (max threshold 15)
[17.950s][info ][gc,phases      ] GC(635)   Pre Evacuate Collection Set: 0.07ms
[17.950s][info ][gc,phases      ] GC(635)   Merge Heap Roots: 0.06ms
[17.950s][info ][gc,phases      ] GC(635)   Evacuate Collection Set: 0.11ms
[17.950s][info ][gc,phases      ] GC(635)   Post Evacuate Collection Set: 0.17ms
[17.950s][info ][gc,phases      ] GC(635)   Other: 0.06ms
[17.950s][trace][gc,age         ] GC(635) Age table:
[17.950s][trace][gc,age         ] GC(635) - age   1:        192 bytes,        192 total
[17.950s][info ][gc,heap        ] GC(635) Eden regions: 253->0(253)
[17.950s][info ][gc,heap        ] GC(635) Survivor regions: 1->1(32)
[17.950s][info ][gc,heap        ] GC(635) Old regions: 11->11
[17.950s][info ][gc,heap        ] GC(635) Humongous regions: 0->0
[17.950s][info ][gc,metaspace   ] GC(635) Metaspace: 10117K(10368K)->10117K(10368K) NonClass: 9153K(9344K)->9153K(9344K) Class: 963K(1024K)->963K(1024K)
[17.950s][info ][gc             ] GC(635) Pause Young (Normal) (G1 Evacuation Pause) 256M->4M(424M) 0.553ms
[17.950s][info ][gc,cpu         ] GC(635) User=0.00s Sys=0.00s Real=0.00s
[17.965s][info ][gc,start       ] GC(636) Pause Young (Normal) (G1 Evacuation Pause)
[17.965s][info ][gc,task        ] GC(636) Using 9 workers of 9 for evacuation
[17.965s][debug][gc,age         ] GC(636) Desired survivor size 16777216 bytes, new threshold 15 (max threshold 15)
[17.966s][info ][gc,phases      ] GC(636)   Pre Evacuate Collection Set: 0.07ms
[17.966s][info ][gc,phases      ] GC(636)   Merge Heap Roots: 0.06ms
[17.966s][info ][gc,phases      ] GC(636)   Evacuate Collection Set: 0.13ms
[17.966s][info ][gc,phases      ] GC(636)   Post Evacuate Collection Set: 0.17ms
[17.966s][info ][gc,phases      ] GC(636)   Other: 0.05ms
[17.966s][trace][gc,age         ] GC(636) Age table:
[17.966s][trace][gc,age         ] GC(636) - age   1:        192 bytes,        192 total
[17.966s][info ][gc,heap        ] GC(636) Eden regions: 253->0(253)
[17.966s][info ][gc,heap        ] GC(636) Survivor regions: 1->1(32)
[17.966s][info ][gc,heap        ] GC(636) Old regions: 11->11
[17.966s][info ][gc,heap        ] GC(636) Humongous regions: 0->0
[17.966s][info ][gc,metaspace   ] GC(636) Metaspace: 10117K(10368K)->10117K(10368K) NonClass: 9153K(9344K)->9153K(9344K) Class: 963K(1024K)->963K(1024K)
[17.966s][info ][gc             ] GC(636) Pause Young (Normal) (G1 Evacuation Pause) 256M->4M(424M) 0.562ms
[17.966s][info ][gc,cpu         ] GC(636) User=0.00s Sys=0.00s Real=0.00s
[17.981s][info ][gc,start       ] GC(637) Pause Young (Normal) (G1 Evacuation Pause)
[17.981s][info ][gc,task        ] GC(637) Using 9 workers of 9 for evacuation
[17.981s][debug][gc,age         ] GC(637) Desired survivor size 16777216 bytes, new threshold 15 (max threshold 15)
[17.982s][info ][gc,phases      ] GC(637)   Pre Evacuate Collection Set: 0.09ms
[17.982s][info ][gc,phases      ] GC(637)   Merge Heap Roots: 0.07ms
[17.982s][info ][gc,phases      ] GC(637)   Evacuate Collection Set: 0.10ms
[17.982s][info ][gc,phases      ] GC(637)   Post Evacuate Collection Set: 0.21ms
[17.982s][info ][gc,phases      ] GC(637)   Other: 0.06ms
[17.982s][trace][gc,age         ] GC(637) Age table:
[17.982s][trace][gc,age         ] GC(637) - age   1:        192 bytes,        192 total
[17.982s][info ][gc,heap        ] GC(637) Eden regions: 253->0(253)
[17.982s][info ][gc,heap        ] GC(637) Survivor regions: 1->1(32)
[17.982s][info ][gc,heap        ] GC(637) Old regions: 11->11
[17.982s][info ][gc,heap        ] GC(637) Humongous regions: 0->0
[17.982s][info ][gc,metaspace   ] GC(637) Metaspace: 10117K(10368K)->10117K(10368K) NonClass: 9153K(9344K)->9153K(9344K) Class: 963K(1024K)->963K(1024K)
[17.982s][info ][gc             ] GC(637) Pause Young (Normal) (G1 Evacuation Pause) 256M->4M(424M) 0.623ms
[17.982s][info ][gc,cpu         ] GC(637) User=0.00s Sys=0.00s Real=0.00s
[17.997s][info ][gc,start       ] GC(638) Pause Young (Normal) (G1 Evacuation Pause)
[17.997s][info ][gc,task        ] GC(638) Using 9 workers of 9 for evacuation
[17.997s][debug][gc,age         ] GC(638) Desired survivor size 16777216 bytes, new threshold 15 (max threshold 15)
[17.998s][info ][gc,phases      ] GC(638)   Pre Evacuate Collection Set: 0.07ms
[17.998s][info ][gc,phases      ] GC(638)   Merge Heap Roots: 0.07ms
[17.998s][info ][gc,phases      ] GC(638)   Evacuate Collection Set: 0.10ms
[17.998s][info ][gc,phases      ] GC(638)   Post Evacuate Collection Set: 0.16ms
[17.998s][info ][gc,phases      ] GC(638)   Other: 0.06ms
[17.998s][trace][gc,age         ] GC(638) Age table:
[17.998s][trace][gc,age         ] GC(638) - age   1:        192 bytes,        192 total
[17.998s][info ][gc,heap        ] GC(638) Eden regions: 253->0(253)
[17.998s][info ][gc,heap        ] GC(638) Survivor regions: 1->1(32)
[17.998s][info ][gc,heap        ] GC(638) Old regions: 11->11
[17.998s][info ][gc,heap        ] GC(638) Humongous regions: 0->0
[17.998s][info ][gc,metaspace   ] GC(638) Metaspace: 10117K(10368K)->10117K(10368K) NonClass: 9153K(9344K)->9153K(9344K) Class: 963K(1024K)->963K(1024K)
[17.998s][info ][gc             ] GC(638) Pause Young (Normal) (G1 Evacuation Pause) 256M->4M(424M) 0.546ms
[17.998s][info ][gc,cpu         ] GC(638) User=0.00s Sys=0.00s Real=0.00s
[18.013s][info ][gc,start       ] GC(639) Pause Young (Normal) (G1 Evacuation Pause)
[18.014s][info ][gc,task        ] GC(639) Using 9 workers of 9 for evacuation
[18.014s][debug][gc,age         ] GC(639) Desired survivor size 16777216 bytes, new threshold 15 (max threshold 15)
[18.014s][info ][gc,phases      ] GC(639)   Pre Evacuate Collection Set: 0.07ms
[18.014s][info ][gc,phases      ] GC(639)   Merge Heap Roots: 0.06ms
[18.014s][info ][gc,phases      ] GC(639)   Evacuate Collection Set: 0.14ms
[18.014s][info ][gc,phases      ] GC(639)   Post Evacuate Collection Set: 0.17ms
[18.014s][info ][gc,phases      ] GC(639)   Other: 0.06ms
[18.014s][trace][gc,age         ] GC(639) Age table:
[18.014s][trace][gc,age         ] GC(639) - age   1:        192 bytes,        192 total
[18.014s][info ][gc,heap        ] GC(639) Eden regions: 253->0(253)
[18.014s][info ][gc,heap        ] GC(639) Survivor regions: 1->1(32)
[18.014s][info ][gc,heap        ] GC(639) Old regions: 11->11
[18.014s][info ][gc,heap        ] GC(639) Humongous regions: 0->0
[18.014s][info ][gc,metaspace   ] GC(639) Metaspace: 10117K(10368K)->10117K(10368K) NonClass: 9153K(9344K)->9153K(9344K) Class: 963K(1024K)->963K(1024K)
[18.014s][info ][gc             ] GC(639) Pause Young (Normal) (G1 Evacuation Pause) 256M->4M(424M) 0.592ms
[18.014s][info ][gc,cpu         ] GC(639) User=0.00s Sys=0.00s Real=0.00s
[18.030s][info ][gc,start       ] GC(640) Pause Young (Normal) (G1 Evacuation Pause)
[18.030s][info ][gc,task        ] GC(640) Using 9 workers of 9 for evacuation
[18.030s][debug][gc,age         ] GC(640) Desired survivor size 16777216 bytes, new threshold 15 (max threshold 15)
[18.030s][info ][gc,phases      ] GC(640)   Pre Evacuate Collection Set: 0.08ms
[18.030s][info ][gc,phases      ] GC(640)   Merge Heap Roots: 0.09ms
[18.030s][info ][gc,phases      ] GC(640)   Evacuate Collection Set: 0.09ms
[18.030s][info ][gc,phases      ] GC(640)   Post Evacuate Collection Set: 0.18ms
[18.030s][info ][gc,phases      ] GC(640)   Other: 0.05ms
[18.030s][trace][gc,age         ] GC(640) Age table:
[18.030s][trace][gc,age         ] GC(640) - age   1:        192 bytes,        192 total
[18.030s][info ][gc,heap        ] GC(640) Eden regions: 253->0(253)
[18.030s][info ][gc,heap        ] GC(640) Survivor regions: 1->1(32)
[18.030s][info ][gc,heap        ] GC(640) Old regions: 11->11
[18.030s][info ][gc,heap        ] GC(640) Humongous regions: 0->0
[18.030s][info ][gc,metaspace   ] GC(640) Metaspace: 10117K(10368K)->10117K(10368K) NonClass: 9153K(9344K)->9153K(9344K) Class: 963K(1024K)->963K(1024K)
[18.030s][info ][gc             ] GC(640) Pause Young (Normal) (G1 Evacuation Pause) 256M->4M(424M) 0.580ms
[18.030s][info ][gc,cpu         ] GC(640) User=0.00s Sys=0.00s Real=0.00s
[18.046s][info ][gc,start       ] GC(641) Pause Young (Normal) (G1 Evacuation Pause)
[18.046s][info ][gc,task        ] GC(641) Using 9 workers of 9 for evacuation
[18.046s][debug][gc,age         ] GC(641) Desired survivor size 16777216 bytes, new threshold 15 (max threshold 15)
[18.047s][info ][gc,phases      ] GC(641)   Pre Evacuate Collection Set: 0.06ms
[18.047s][info ][gc,phases      ] GC(641)   Merge Heap Roots: 0.06ms
[18.047s][info ][gc,phases      ] GC(641)   Evacuate Collection Set: 0.15ms
[18.047s][info ][gc,phases      ] GC(641)   Post Evacuate Collection Set: 0.19ms
[18.047s][info ][gc,phases      ] GC(641)   Other: 0.05ms
[18.047s][trace][gc,age         ] GC(641) Age table:
[18.047s][trace][gc,age         ] GC(641) - age   1:        192 bytes,        192 total
[18.047s][info ][gc,heap        ] GC(641) Eden regions: 253->0(253)
[18.047s][info ][gc,heap        ] GC(641) Survivor regions: 1->1(32)
[18.047s][info ][gc,heap        ] GC(641) Old regions: 11->11
[18.047s][info ][gc,heap        ] GC(641) Humongous regions: 0->0
[18.047s][info ][gc,metaspace   ] GC(641) Metaspace: 10117K(10368K)->10117K(10368K) NonClass: 9153K(9344K)->9153K(9344K) Class: 963K(1024K)->963K(1024K)
[18.047s][info ][gc             ] GC(641) Pause Young (Normal) (G1 Evacuation Pause) 256M->4M(424M) 0.606ms
[18.047s][info ][gc,cpu         ] GC(641) User=0.01s Sys=0.00s Real=0.00s
[18.062s][info ][gc,start       ] GC(642) Pause Young (Normal) (G1 Evacuation Pause)
[18.062s][info ][gc,task        ] GC(642) Using 9 workers of 9 for evacuation
[18.062s][debug][gc,age         ] GC(642) Desired survivor size 16777216 bytes, new threshold 15 (max threshold 15)
[18.063s][info ][gc,phases      ] GC(642)   Pre Evacuate Collection Set: 0.06ms
[18.063s][info ][gc,phases      ] GC(642)   Merge Heap Roots: 0.06ms
[18.063s][info ][gc,phases      ] GC(642)   Evacuate Collection Set: 0.11ms
[18.063s][info ][gc,phases      ] GC(642)   Post Evacuate Collection Set: 0.17ms
[18.063s][info ][gc,phases      ] GC(642)   Other: 0.06ms
[18.063s][trace][gc,age         ] GC(642) Age table:
[18.063s][trace][gc,age         ] GC(642) - age   1:        192 bytes,        192 total
[18.063s][info ][gc,heap        ] GC(642) Eden regions: 253->0(253)
[18.063s][info ][gc,heap        ] GC(642) Survivor regions: 1->1(32)
[18.063s][info ][gc,heap        ] GC(642) Old regions: 11->11
[18.063s][info ][gc,heap        ] GC(642) Humongous regions: 0->0
[18.063s][info ][gc,metaspace   ] GC(642) Metaspace: 10117K(10368K)->10117K(10368K) NonClass: 9153K(9344K)->9153K(9344K) Class: 963K(1024K)->963K(1024K)
[18.063s][info ][gc             ] GC(642) Pause Young (Normal) (G1 Evacuation Pause) 256M->4M(424M) 0.559ms
[18.063s][info ][gc,cpu         ] GC(642) User=0.00s Sys=0.00s Real=0.00s
[18.078s][info ][gc,start       ] GC(643) Pause Young (Normal) (G1 Evacuation Pause)
[18.078s][info ][gc,task        ] GC(643) Using 9 workers of 9 for evacuation
[18.078s][debug][gc,age         ] GC(643) Desired survivor size 16777216 bytes, new threshold 15 (max threshold 15)
[18.079s][info ][gc,phases      ] GC(643)   Pre Evacuate Collection Set: 0.12ms
[18.079s][info ][gc,phases      ] GC(643)   Merge Heap Roots: 0.07ms
[18.079s][info ][gc,phases      ] GC(643)   Evacuate Collection Set: 0.09ms
[18.079s][info ][gc,phases      ] GC(643)   Post Evacuate Collection Set: 0.21ms
[18.079s][info ][gc,phases      ] GC(643)   Other: 0.05ms
[18.079s][trace][gc,age         ] GC(643) Age table:
[18.079s][trace][gc,age         ] GC(643) - age   1:        192 bytes,        192 total
[18.079s][info ][gc,heap        ] GC(643) Eden regions: 253->0(253)
[18.079s][info ][gc,heap        ] GC(643) Survivor regions: 1->1(32)
[18.079s][info ][gc,heap        ] GC(643) Old regions: 11->11
[18.079s][info ][gc,heap        ] GC(643) Humongous regions: 0->0
[18.079s][info ][gc,metaspace   ] GC(643) Metaspace: 10117K(10368K)->10117K(10368K) NonClass: 9153K(9344K)->9153K(9344K) Class: 963K(1024K)->963K(1024K)
[18.079s][info ][gc             ] GC(643) Pause Young (Normal) (G1 Evacuation Pause) 256M->4M(424M) 0.643ms
[18.079s][info ][gc,cpu         ] GC(643) User=0.00s Sys=0.00s Real=0.00s
[18.095s][info ][gc,start       ] GC(644) Pause Young (Normal) (G1 Evacuation Pause)
[18.095s][info ][gc,task        ] GC(644) Using 9 workers of 9 for evacuation
[18.095s][debug][gc,age         ] GC(644) Desired survivor size 16777216 bytes, new threshold 15 (max threshold 15)
[18.095s][info ][gc,phases      ] GC(644)   Pre Evacuate Collection Set: 0.07ms
[18.095s][info ][gc,phases      ] GC(644)   Merge Heap Roots: 0.08ms
[18.095s][info ][gc,phases      ] GC(644)   Evacuate Collection Set: 0.10ms
[18.095s][info ][gc,phases      ] GC(644)   Post Evacuate Collection Set: 0.15ms
[18.095s][info ][gc,phases      ] GC(644)   Other: 0.04ms
[18.095s][trace][gc,age         ] GC(644) Age table:
[18.095s][trace][gc,age         ] GC(644) - age   1:        192 bytes,        192 total
[18.095s][info ][gc,heap        ] GC(644) Eden regions: 253->0(253)
[18.095s][info ][gc,heap        ] GC(644) Survivor regions: 1->1(32)
[18.095s][info ][gc,heap        ] GC(644) Old regions: 11->11
[18.095s][info ][gc,heap        ] GC(644) Humongous regions: 0->0
[18.095s][info ][gc,metaspace   ] GC(644) Metaspace: 10117K(10368K)->10117K(10368K) NonClass: 9153K(9344K)->9153K(9344K) Class: 963K(1024K)->963K(1024K)
[18.095s][info ][gc             ] GC(644) Pause Young (Normal) (G1 Evacuation Pause) 256M->4M(424M) 0.535ms
[18.095s][info ][gc,cpu         ] GC(644) User=0.00s Sys=0.00s Real=0.01s
[18.111s][info ][gc,start       ] GC(645) Pause Young (Normal) (G1 Evacuation Pause)
[18.111s][info ][gc,task        ] GC(645) Using 9 workers of 9 for evacuation
[18.111s][debug][gc,age         ] GC(645) Desired survivor size 16777216 bytes, new threshold 15 (max threshold 15)
[18.112s][info ][gc,phases      ] GC(645)   Pre Evacuate Collection Set: 0.08ms
[18.112s][info ][gc,phases      ] GC(645)   Merge Heap Roots: 0.10ms
[18.112s][info ][gc,phases      ] GC(645)   Evacuate Collection Set: 0.10ms
[18.112s][info ][gc,phases      ] GC(645)   Post Evacuate Collection Set: 0.20ms
[18.112s][info ][gc,phases      ] GC(645)   Other: 0.07ms
[18.112s][trace][gc,age         ] GC(645) Age table:
[18.112s][trace][gc,age         ] GC(645) - age   1:        192 bytes,        192 total
[18.112s][info ][gc,heap        ] GC(645) Eden regions: 253->0(253)
[18.112s][info ][gc,heap        ] GC(645) Survivor regions: 1->1(32)
[18.112s][info ][gc,heap        ] GC(645) Old regions: 11->11
[18.112s][info ][gc,heap        ] GC(645) Humongous regions: 0->0
[18.112s][info ][gc,metaspace   ] GC(645) Metaspace: 10117K(10368K)->10117K(10368K) NonClass: 9153K(9344K)->9153K(9344K) Class: 963K(1024K)->963K(1024K)
[18.112s][info ][gc             ] GC(645) Pause Young (Normal) (G1 Evacuation Pause) 256M->4M(424M) 0.637ms
[18.112s][info ][gc,cpu         ] GC(645) User=0.00s Sys=0.00s Real=0.00s
[18.127s][info ][gc,start       ] GC(646) Pause Young (Normal) (G1 Evacuation Pause)
[18.127s][info ][gc,task        ] GC(646) Using 9 workers of 9 for evacuation
[18.127s][debug][gc,age         ] GC(646) Desired survivor size 16777216 bytes, new threshold 15 (max threshold 15)
[18.128s][info ][gc,phases      ] GC(646)   Pre Evacuate Collection Set: 0.06ms
[18.128s][info ][gc,phases      ] GC(646)   Merge Heap Roots: 0.09ms
[18.128s][info ][gc,phases      ] GC(646)   Evacuate Collection Set: 0.10ms
[18.128s][info ][gc,phases      ] GC(646)   Post Evacuate Collection Set: 0.17ms
[18.128s][info ][gc,phases      ] GC(646)   Other: 0.06ms
[18.128s][trace][gc,age         ] GC(646) Age table:
[18.128s][trace][gc,age         ] GC(646) - age   1:        192 bytes,        192 total
[18.128s][info ][gc,heap        ] GC(646) Eden regions: 253->0(253)
[18.128s][info ][gc,heap        ] GC(646) Survivor regions: 1->1(32)
[18.128s][info ][gc,heap        ] GC(646) Old regions: 11->11
[18.128s][info ][gc,heap        ] GC(646) Humongous regions: 0->0
[18.128s][info ][gc,metaspace   ] GC(646) Metaspace: 10117K(10368K)->10117K(10368K) NonClass: 9153K(9344K)->9153K(9344K) Class: 963K(1024K)->963K(1024K)
[18.128s][info ][gc             ] GC(646) Pause Young (Normal) (G1 Evacuation Pause) 256M->4M(424M) 0.567ms
[18.128s][info ][gc,cpu         ] GC(646) User=0.00s Sys=0.00s Real=0.00s
[18.143s][info ][gc,start       ] GC(647) Pause Young (Normal) (G1 Evacuation Pause)
[18.143s][info ][gc,task        ] GC(647) Using 9 workers of 9 for evacuation
[18.143s][debug][gc,age         ] GC(647) Desired survivor size 16777216 bytes, new threshold 15 (max threshold 15)
[18.144s][info ][gc,phases      ] GC(647)   Pre Evacuate Collection Set: 0.09ms
[18.144s][info ][gc,phases      ] GC(647)   Merge Heap Roots: 0.07ms
[18.144s][info ][gc,phases      ] GC(647)   Evacuate Collection Set: 0.08ms
[18.144s][info ][gc,phases      ] GC(647)   Post Evacuate Collection Set: 0.18ms
[18.144s][info ][gc,phases      ] GC(647)   Other: 0.06ms
[18.144s][trace][gc,age         ] GC(647) Age table:
[18.144s][trace][gc,age         ] GC(647) - age   1:        192 bytes,        192 total
[18.144s][info ][gc,heap        ] GC(647) Eden regions: 253->0(253)
[18.144s][info ][gc,heap        ] GC(647) Survivor regions: 1->1(32)
[18.144s][info ][gc,heap        ] GC(647) Old regions: 11->11
[18.144s][info ][gc,heap        ] GC(647) Humongous regions: 0->0
[18.144s][info ][gc,metaspace   ] GC(647) Metaspace: 10117K(10368K)->10117K(10368K) NonClass: 9153K(9344K)->9153K(9344K) Class: 963K(1024K)->963K(1024K)
[18.144s][info ][gc             ] GC(647) Pause Young (Normal) (G1 Evacuation Pause) 256M->4M(424M) 0.570ms
[18.144s][info ][gc,cpu         ] GC(647) User=0.00s Sys=0.00s Real=0.00s
[18.159s][info ][gc,start       ] GC(648) Pause Young (Normal) (G1 Evacuation Pause)
[18.159s][info ][gc,task        ] GC(648) Using 9 workers of 9 for evacuation
[18.159s][debug][gc,age         ] GC(648) Desired survivor size 16777216 bytes, new threshold 15 (max threshold 15)
[18.160s][info ][gc,phases      ] GC(648)   Pre Evacuate Collection Set: 0.07ms
[18.160s][info ][gc,phases      ] GC(648)   Merge Heap Roots: 0.06ms
[18.160s][info ][gc,phases      ] GC(648)   Evacuate Collection Set: 0.10ms
[18.160s][info ][gc,phases      ] GC(648)   Post Evacuate Collection Set: 0.17ms
[18.160s][info ][gc,phases      ] GC(648)   Other: 0.06ms
[18.160s][trace][gc,age         ] GC(648) Age table:
[18.160s][trace][gc,age         ] GC(648) - age   1:        192 bytes,        192 total
[18.160s][info ][gc,heap        ] GC(648) Eden regions: 253->0(253)
[18.160s][info ][gc,heap        ] GC(648) Survivor regions: 1->1(32)
[18.160s][info ][gc,heap        ] GC(648) Old regions: 11->11
[18.160s][info ][gc,heap        ] GC(648) Humongous regions: 0->0
[18.160s][info ][gc,metaspace   ] GC(648) Metaspace: 10117K(10368K)->10117K(10368K) NonClass: 9153K(9344K)->9153K(9344K) Class: 963K(1024K)->963K(1024K)
[18.160s][info ][gc             ] GC(648) Pause Young (Normal) (G1 Evacuation Pause) 256M->4M(424M) 0.535ms
[18.160s][info ][gc,cpu         ] GC(648) User=0.00s Sys=0.00s Real=0.00s
[18.175s][info ][gc,start       ] GC(649) Pause Young (Normal) (G1 Evacuation Pause)
[18.175s][info ][gc,task        ] GC(649) Using 9 workers of 9 for evacuation
[18.175s][debug][gc,age         ] GC(649) Desired survivor size 16777216 bytes, new threshold 15 (max threshold 15)
[18.176s][info ][gc,phases      ] GC(649)   Pre Evacuate Collection Set: 0.12ms
[18.176s][info ][gc,phases      ] GC(649)   Merge Heap Roots: 0.05ms
[18.176s][info ][gc,phases      ] GC(649)   Evacuate Collection Set: 0.10ms
[18.176s][info ][gc,phases      ] GC(649)   Post Evacuate Collection Set: 0.17ms
[18.176s][info ][gc,phases      ] GC(649)   Other: 0.04ms
[18.176s][trace][gc,age         ] GC(649) Age table:
[18.176s][trace][gc,age         ] GC(649) - age   1:        192 bytes,        192 total
[18.176s][info ][gc,heap        ] GC(649) Eden regions: 253->0(253)
[18.176s][info ][gc,heap        ] GC(649) Survivor regions: 1->1(32)
[18.176s][info ][gc,heap        ] GC(649) Old regions: 11->11
[18.176s][info ][gc,heap        ] GC(649) Humongous regions: 0->0
[18.176s][info ][gc,metaspace   ] GC(649) Metaspace: 10117K(10368K)->10117K(10368K) NonClass: 9153K(9344K)->9153K(9344K) Class: 963K(1024K)->963K(1024K)
[18.176s][info ][gc             ] GC(649) Pause Young (Normal) (G1 Evacuation Pause) 256M->4M(424M) 0.565ms
[18.176s][info ][gc,cpu         ] GC(649) User=0.00s Sys=0.00s Real=0.00s
[18.192s][info ][gc,start       ] GC(650) Pause Young (Normal) (G1 Evacuation Pause)
[18.192s][info ][gc,task        ] GC(650) Using 9 workers of 9 for evacuation
[18.192s][debug][gc,age         ] GC(650) Desired survivor size 16777216 bytes, new threshold 15 (max threshold 15)
[18.192s][info ][gc,phases      ] GC(650)   Pre Evacuate Collection Set: 0.08ms
[18.192s][info ][gc,phases      ] GC(650)   Merge Heap Roots: 0.06ms
[18.192s][info ][gc,phases      ] GC(650)   Evacuate Collection Set: 0.11ms
[18.192s][info ][gc,phases      ] GC(650)   Post Evacuate Collection Set: 0.16ms
[18.192s][info ][gc,phases      ] GC(650)   Other: 0.06ms
[18.192s][trace][gc,age         ] GC(650) Age table:
[18.192s][trace][gc,age         ] GC(650) - age   1:        192 bytes,        192 total
[18.192s][info ][gc,heap        ] GC(650) Eden regions: 253->0(253)
[18.192s][info ][gc,heap        ] GC(650) Survivor regions: 1->1(32)
[18.192s][info ][gc,heap        ] GC(650) Old regions: 11->11
[18.192s][info ][gc,heap        ] GC(650) Humongous regions: 0->0
[18.192s][info ][gc,metaspace   ] GC(650) Metaspace: 10117K(10368K)->10117K(10368K) NonClass: 9153K(9344K)->9153K(9344K) Class: 963K(1024K)->963K(1024K)
[18.192s][info ][gc             ] GC(650) Pause Young (Normal) (G1 Evacuation Pause) 256M->4M(424M) 0.569ms
[18.192s][info ][gc,cpu         ] GC(650) User=0.00s Sys=0.00s Real=0.00s
[18.208s][info ][gc,start       ] GC(651) Pause Young (Normal) (G1 Evacuation Pause)
[18.208s][info ][gc,task        ] GC(651) Using 9 workers of 9 for evacuation
[18.208s][debug][gc,age         ] GC(651) Desired survivor size 16777216 bytes, new threshold 15 (max threshold 15)
[18.208s][info ][gc,phases      ] GC(651)   Pre Evacuate Collection Set: 0.10ms
[18.208s][info ][gc,phases      ] GC(651)   Merge Heap Roots: 0.07ms
[18.208s][info ][gc,phases      ] GC(651)   Evacuate Collection Set: 0.10ms
[18.208s][info ][gc,phases      ] GC(651)   Post Evacuate Collection Set: 0.17ms
[18.208s][info ][gc,phases      ] GC(651)   Other: 0.05ms
[18.208s][trace][gc,age         ] GC(651) Age table:
[18.208s][trace][gc,age         ] GC(651) - age   1:        192 bytes,        192 total
[18.208s][info ][gc,heap        ] GC(651) Eden regions: 253->0(253)
[18.208s][info ][gc,heap        ] GC(651) Survivor regions: 1->1(32)
[18.208s][info ][gc,heap        ] GC(651) Old regions: 11->11
[18.208s][info ][gc,heap        ] GC(651) Humongous regions: 0->0
[18.208s][info ][gc,metaspace   ] GC(651) Metaspace: 10117K(10368K)->10117K(10368K) NonClass: 9153K(9344K)->9153K(9344K) Class: 963K(1024K)->963K(1024K)
[18.208s][info ][gc             ] GC(651) Pause Young (Normal) (G1 Evacuation Pause) 256M->4M(424M) 0.591ms
[18.208s][info ][gc,cpu         ] GC(651) User=0.00s Sys=0.00s Real=0.00s
[18.224s][info ][gc,start       ] GC(652) Pause Young (Normal) (G1 Evacuation Pause)
[18.224s][info ][gc,task        ] GC(652) Using 9 workers of 9 for evacuation
[18.224s][debug][gc,age         ] GC(652) Desired survivor size 16777216 bytes, new threshold 15 (max threshold 15)
[18.224s][info ][gc,phases      ] GC(652)   Pre Evacuate Collection Set: 0.08ms
[18.224s][info ][gc,phases      ] GC(652)   Merge Heap Roots: 0.06ms
[18.224s][info ][gc,phases      ] GC(652)   Evacuate Collection Set: 0.12ms
[18.224s][info ][gc,phases      ] GC(652)   Post Evacuate Collection Set: 0.22ms
[18.224s][info ][gc,phases      ] GC(652)   Other: 0.06ms
[18.224s][trace][gc,age         ] GC(652) Age table:
[18.224s][trace][gc,age         ] GC(652) - age   1:        192 bytes,        192 total
[18.224s][info ][gc,heap        ] GC(652) Eden regions: 253->0(253)
[18.224s][info ][gc,heap        ] GC(652) Survivor regions: 1->1(32)
[18.224s][info ][gc,heap        ] GC(652) Old regions: 11->11
[18.224s][info ][gc,heap        ] GC(652) Humongous regions: 0->0
[18.224s][info ][gc,metaspace   ] GC(652) Metaspace: 10117K(10368K)->10117K(10368K) NonClass: 9153K(9344K)->9153K(9344K) Class: 963K(1024K)->963K(1024K)
[18.225s][info ][gc             ] GC(652) Pause Young (Normal) (G1 Evacuation Pause) 256M->4M(424M) 0.614ms
[18.225s][info ][gc,cpu         ] GC(652) User=0.00s Sys=0.00s Real=0.00s
[18.240s][info ][gc,start       ] GC(653) Pause Young (Normal) (G1 Evacuation Pause)
[18.240s][info ][gc,task        ] GC(653) Using 9 workers of 9 for evacuation
[18.240s][debug][gc,age         ] GC(653) Desired survivor size 16777216 bytes, new threshold 15 (max threshold 15)
[18.240s][info ][gc,phases      ] GC(653)   Pre Evacuate Collection Set: 0.07ms
[18.240s][info ][gc,phases      ] GC(653)   Merge Heap Roots: 0.06ms
[18.240s][info ][gc,phases      ] GC(653)   Evacuate Collection Set: 0.13ms
[18.240s][info ][gc,phases      ] GC(653)   Post Evacuate Collection Set: 0.19ms
[18.240s][info ][gc,phases      ] GC(653)   Other: 0.05ms
[18.240s][trace][gc,age         ] GC(653) Age table:
[18.240s][trace][gc,age         ] GC(653) - age   1:        192 bytes,        192 total
[18.240s][info ][gc,heap        ] GC(653) Eden regions: 253->0(253)
[18.240s][info ][gc,heap        ] GC(653) Survivor regions: 1->1(32)
[18.240s][info ][gc,heap        ] GC(653) Old regions: 11->11
[18.240s][info ][gc,heap        ] GC(653) Humongous regions: 0->0
[18.240s][info ][gc,metaspace   ] GC(653) Metaspace: 10117K(10368K)->10117K(10368K) NonClass: 9153K(9344K)->9153K(9344K) Class: 963K(1024K)->963K(1024K)
[18.240s][info ][gc             ] GC(653) Pause Young (Normal) (G1 Evacuation Pause) 256M->4M(424M) 0.581ms
[18.241s][info ][gc,cpu         ] GC(653) User=0.00s Sys=0.00s Real=0.00s
[18.256s][info ][gc,start       ] GC(654) Pause Young (Normal) (G1 Evacuation Pause)
[18.256s][info ][gc,task        ] GC(654) Using 9 workers of 9 for evacuation
[18.256s][debug][gc,age         ] GC(654) Desired survivor size 16777216 bytes, new threshold 15 (max threshold 15)
[18.257s][info ][gc,phases      ] GC(654)   Pre Evacuate Collection Set: 0.08ms
[18.257s][info ][gc,phases      ] GC(654)   Merge Heap Roots: 0.08ms
[18.257s][info ][gc,phases      ] GC(654)   Evacuate Collection Set: 0.12ms
[18.257s][info ][gc,phases      ] GC(654)   Post Evacuate Collection Set: 0.17ms
[18.257s][info ][gc,phases      ] GC(654)   Other: 0.04ms
[18.257s][trace][gc,age         ] GC(654) Age table:
[18.257s][trace][gc,age         ] GC(654) - age   1:        192 bytes,        192 total
[18.257s][info ][gc,heap        ] GC(654) Eden regions: 253->0(253)
[18.257s][info ][gc,heap        ] GC(654) Survivor regions: 1->1(32)
[18.257s][info ][gc,heap        ] GC(654) Old regions: 11->11
[18.257s][info ][gc,heap        ] GC(654) Humongous regions: 0->0
[18.257s][info ][gc,metaspace   ] GC(654) Metaspace: 10117K(10368K)->10117K(10368K) NonClass: 9153K(9344K)->9153K(9344K) Class: 963K(1024K)->963K(1024K)
[18.257s][info ][gc             ] GC(654) Pause Young (Normal) (G1 Evacuation Pause) 256M->4M(424M) 0.581ms
[18.257s][info ][gc,cpu         ] GC(654) User=0.00s Sys=0.00s Real=0.00s
[18.273s][info ][gc,start       ] GC(655) Pause Young (Normal) (G1 Evacuation Pause)
[18.273s][info ][gc,task        ] GC(655) Using 9 workers of 9 for evacuation
[18.273s][debug][gc,age         ] GC(655) Desired survivor size 16777216 bytes, new threshold 15 (max threshold 15)
[18.273s][info ][gc,phases      ] GC(655)   Pre Evacuate Collection Set: 0.07ms
[18.273s][info ][gc,phases      ] GC(655)   Merge Heap Roots: 0.07ms
[18.273s][info ][gc,phases      ] GC(655)   Evacuate Collection Set: 0.08ms
[18.273s][info ][gc,phases      ] GC(655)   Post Evacuate Collection Set: 0.16ms
[18.273s][info ][gc,phases      ] GC(655)   Other: 0.04ms
[18.273s][trace][gc,age         ] GC(655) Age table:
[18.273s][trace][gc,age         ] GC(655) - age   1:        192 bytes,        192 total
[18.273s][info ][gc,heap        ] GC(655) Eden regions: 253->0(253)
[18.273s][info ][gc,heap        ] GC(655) Survivor regions: 1->1(32)
[18.273s][info ][gc,heap        ] GC(655) Old regions: 11->11
[18.273s][info ][gc,heap        ] GC(655) Humongous regions: 0->0
[18.273s][info ][gc,metaspace   ] GC(655) Metaspace: 10117K(10368K)->10117K(10368K) NonClass: 9153K(9344K)->9153K(9344K) Class: 963K(1024K)->963K(1024K)
[18.273s][info ][gc             ] GC(655) Pause Young (Normal) (G1 Evacuation Pause) 256M->4M(424M) 0.502ms
[18.273s][info ][gc,cpu         ] GC(655) User=0.00s Sys=0.00s Real=0.00s
[18.289s][info ][gc,start       ] GC(656) Pause Young (Normal) (G1 Evacuation Pause)
[18.289s][info ][gc,task        ] GC(656) Using 9 workers of 9 for evacuation
[18.289s][debug][gc,age         ] GC(656) Desired survivor size 16777216 bytes, new threshold 15 (max threshold 15)
[18.289s][info ][gc,phases      ] GC(656)   Pre Evacuate Collection Set: 0.09ms
[18.289s][info ][gc,phases      ] GC(656)   Merge Heap Roots: 0.05ms
[18.289s][info ][gc,phases      ] GC(656)   Evacuate Collection Set: 0.14ms
[18.289s][info ][gc,phases      ] GC(656)   Post Evacuate Collection Set: 0.19ms
[18.289s][info ][gc,phases      ] GC(656)   Other: 0.05ms
[18.289s][trace][gc,age         ] GC(656) Age table:
[18.289s][trace][gc,age         ] GC(656) - age   1:        192 bytes,        192 total
[18.289s][info ][gc,heap        ] GC(656) Eden regions: 253->0(253)
[18.289s][info ][gc,heap        ] GC(656) Survivor regions: 1->1(32)
[18.289s][info ][gc,heap        ] GC(656) Old regions: 11->11
[18.289s][info ][gc,heap        ] GC(656) Humongous regions: 0->0
[18.289s][info ][gc,metaspace   ] GC(656) Metaspace: 10117K(10368K)->10117K(10368K) NonClass: 9153K(9344K)->9153K(9344K) Class: 963K(1024K)->963K(1024K)
[18.289s][info ][gc             ] GC(656) Pause Young (Normal) (G1 Evacuation Pause) 256M->4M(424M) 0.607ms
[18.289s][info ][gc,cpu         ] GC(656) User=0.00s Sys=0.00s Real=0.00s
[18.305s][info ][gc,start       ] GC(657) Pause Young (Normal) (G1 Evacuation Pause)
[18.305s][info ][gc,task        ] GC(657) Using 9 workers of 9 for evacuation
[18.305s][debug][gc,age         ] GC(657) Desired survivor size 16777216 bytes, new threshold 15 (max threshold 15)
[18.305s][info ][gc,phases      ] GC(657)   Pre Evacuate Collection Set: 0.09ms
[18.305s][info ][gc,phases      ] GC(657)   Merge Heap Roots: 0.10ms
[18.305s][info ][gc,phases      ] GC(657)   Evacuate Collection Set: 0.10ms
[18.305s][info ][gc,phases      ] GC(657)   Post Evacuate Collection Set: 0.19ms
[18.306s][info ][gc,phases      ] GC(657)   Other: 0.06ms
[18.306s][trace][gc,age         ] GC(657) Age table:
[18.306s][trace][gc,age         ] GC(657) - age   1:        192 bytes,        192 total
[18.306s][info ][gc,heap        ] GC(657) Eden regions: 253->0(253)
[18.306s][info ][gc,heap        ] GC(657) Survivor regions: 1->1(32)
[18.306s][info ][gc,heap        ] GC(657) Old regions: 11->11
[18.306s][info ][gc,heap        ] GC(657) Humongous regions: 0->0
[18.306s][info ][gc,metaspace   ] GC(657) Metaspace: 10117K(10368K)->10117K(10368K) NonClass: 9153K(9344K)->9153K(9344K) Class: 963K(1024K)->963K(1024K)
[18.306s][info ][gc             ] GC(657) Pause Young (Normal) (G1 Evacuation Pause) 256M->4M(424M) 0.631ms
[18.306s][info ][gc,cpu         ] GC(657) User=0.00s Sys=0.00s Real=0.01s
[18.321s][info ][gc,start       ] GC(658) Pause Young (Normal) (G1 Evacuation Pause)
[18.321s][info ][gc,task        ] GC(658) Using 9 workers of 9 for evacuation
[18.321s][debug][gc,age         ] GC(658) Desired survivor size 16777216 bytes, new threshold 15 (max threshold 15)
[18.322s][info ][gc,phases      ] GC(658)   Pre Evacuate Collection Set: 0.08ms
[18.322s][info ][gc,phases      ] GC(658)   Merge Heap Roots: 0.06ms
[18.322s][info ][gc,phases      ] GC(658)   Evacuate Collection Set: 0.14ms
[18.322s][info ][gc,phases      ] GC(658)   Post Evacuate Collection Set: 0.16ms
[18.322s][info ][gc,phases      ] GC(658)   Other: 0.04ms
[18.322s][trace][gc,age         ] GC(658) Age table:
[18.322s][trace][gc,age         ] GC(658) - age   1:        192 bytes,        192 total
[18.322s][info ][gc,heap        ] GC(658) Eden regions: 253->0(253)
[18.322s][info ][gc,heap        ] GC(658) Survivor regions: 1->1(32)
[18.322s][info ][gc,heap        ] GC(658) Old regions: 11->11
[18.322s][info ][gc,heap        ] GC(658) Humongous regions: 0->0
[18.322s][info ][gc,metaspace   ] GC(658) Metaspace: 10117K(10368K)->10117K(10368K) NonClass: 9153K(9344K)->9153K(9344K) Class: 963K(1024K)->963K(1024K)
[18.322s][info ][gc             ] GC(658) Pause Young (Normal) (G1 Evacuation Pause) 256M->4M(424M) 0.561ms
[18.322s][info ][gc,cpu         ] GC(658) User=0.01s Sys=0.00s Real=0.00s
[18.337s][info ][gc,start       ] GC(659) Pause Young (Normal) (G1 Evacuation Pause)
[18.337s][info ][gc,task        ] GC(659) Using 9 workers of 9 for evacuation
[18.337s][debug][gc,age         ] GC(659) Desired survivor size 16777216 bytes, new threshold 15 (max threshold 15)
[18.338s][info ][gc,phases      ] GC(659)   Pre Evacuate Collection Set: 0.07ms
[18.338s][info ][gc,phases      ] GC(659)   Merge Heap Roots: 0.06ms
[18.338s][info ][gc,phases      ] GC(659)   Evacuate Collection Set: 0.14ms
[18.338s][info ][gc,phases      ] GC(659)   Post Evacuate Collection Set: 0.16ms
[18.338s][info ][gc,phases      ] GC(659)   Other: 0.04ms
[18.338s][trace][gc,age         ] GC(659) Age table:
[18.338s][trace][gc,age         ] GC(659) - age   1:        192 bytes,        192 total
[18.338s][info ][gc,heap        ] GC(659) Eden regions: 253->0(253)
[18.338s][info ][gc,heap        ] GC(659) Survivor regions: 1->1(32)
[18.338s][info ][gc,heap        ] GC(659) Old regions: 11->11
[18.338s][info ][gc,heap        ] GC(659) Humongous regions: 0->0
[18.338s][info ][gc,metaspace   ] GC(659) Metaspace: 10117K(10368K)->10117K(10368K) NonClass: 9153K(9344K)->9153K(9344K) Class: 963K(1024K)->963K(1024K)
[18.338s][info ][gc             ] GC(659) Pause Young (Normal) (G1 Evacuation Pause) 256M->4M(424M) 0.573ms
[18.338s][info ][gc,cpu         ] GC(659) User=0.00s Sys=0.00s Real=0.00s
[18.354s][info ][gc,start       ] GC(660) Pause Young (Normal) (G1 Evacuation Pause)
[18.354s][info ][gc,task        ] GC(660) Using 9 workers of 9 for evacuation
[18.354s][debug][gc,age         ] GC(660) Desired survivor size 16777216 bytes, new threshold 15 (max threshold 15)
[18.354s][info ][gc,phases      ] GC(660)   Pre Evacuate Collection Set: 0.09ms
[18.354s][info ][gc,phases      ] GC(660)   Merge Heap Roots: 0.08ms
[18.354s][info ][gc,phases      ] GC(660)   Evacuate Collection Set: 0.10ms
[18.354s][info ][gc,phases      ] GC(660)   Post Evacuate Collection Set: 0.18ms
[18.354s][info ][gc,phases      ] GC(660)   Other: 0.06ms
[18.354s][trace][gc,age         ] GC(660) Age table:
[18.354s][trace][gc,age         ] GC(660) - age   1:        192 bytes,        192 total
[18.354s][info ][gc,heap        ] GC(660) Eden regions: 253->0(253)
[18.354s][info ][gc,heap        ] GC(660) Survivor regions: 1->1(32)
[18.354s][info ][gc,heap        ] GC(660) Old regions: 11->11
[18.354s][info ][gc,heap        ] GC(660) Humongous regions: 0->0
[18.354s][info ][gc,metaspace   ] GC(660) Metaspace: 10117K(10368K)->10117K(10368K) NonClass: 9153K(9344K)->9153K(9344K) Class: 963K(1024K)->963K(1024K)
[18.354s][info ][gc             ] GC(660) Pause Young (Normal) (G1 Evacuation Pause) 256M->4M(424M) 0.609ms
[18.354s][info ][gc,cpu         ] GC(660) User=0.00s Sys=0.00s Real=0.00s
[18.370s][info ][gc,start       ] GC(661) Pause Young (Normal) (G1 Evacuation Pause)
[18.370s][info ][gc,task        ] GC(661) Using 9 workers of 9 for evacuation
[18.370s][debug][gc,age         ] GC(661) Desired survivor size 16777216 bytes, new threshold 15 (max threshold 15)
[18.370s][info ][gc,phases      ] GC(661)   Pre Evacuate Collection Set: 0.07ms
[18.370s][info ][gc,phases      ] GC(661)   Merge Heap Roots: 0.05ms
[18.370s][info ][gc,phases      ] GC(661)   Evacuate Collection Set: 0.11ms
[18.370s][info ][gc,phases      ] GC(661)   Post Evacuate Collection Set: 0.15ms
[18.370s][info ][gc,phases      ] GC(661)   Other: 0.04ms
[18.370s][trace][gc,age         ] GC(661) Age table:
[18.370s][trace][gc,age         ] GC(661) - age   1:        192 bytes,        192 total
[18.370s][info ][gc,heap        ] GC(661) Eden regions: 253->0(253)
[18.370s][info ][gc,heap        ] GC(661) Survivor regions: 1->1(32)
[18.370s][info ][gc,heap        ] GC(661) Old regions: 11->11
[18.370s][info ][gc,heap        ] GC(661) Humongous regions: 0->0
[18.370s][info ][gc,metaspace   ] GC(661) Metaspace: 10117K(10368K)->10117K(10368K) NonClass: 9153K(9344K)->9153K(9344K) Class: 963K(1024K)->963K(1024K)
[18.370s][info ][gc             ] GC(661) Pause Young (Normal) (G1 Evacuation Pause) 256M->4M(424M) 0.508ms
[18.370s][info ][gc,cpu         ] GC(661) User=0.01s Sys=0.00s Real=0.00s
[18.386s][info ][gc,start       ] GC(662) Pause Young (Normal) (G1 Evacuation Pause)
[18.386s][info ][gc,task        ] GC(662) Using 9 workers of 9 for evacuation
[18.386s][debug][gc,age         ] GC(662) Desired survivor size 16777216 bytes, new threshold 15 (max threshold 15)
[18.386s][info ][gc,phases      ] GC(662)   Pre Evacuate Collection Set: 0.12ms
[18.386s][info ][gc,phases      ] GC(662)   Merge Heap Roots: 0.06ms
[18.386s][info ][gc,phases      ] GC(662)   Evacuate Collection Set: 0.11ms
[18.386s][info ][gc,phases      ] GC(662)   Post Evacuate Collection Set: 0.18ms
[18.386s][info ][gc,phases      ] GC(662)   Other: 0.04ms
[18.386s][trace][gc,age         ] GC(662) Age table:
[18.386s][trace][gc,age         ] GC(662) - age   1:        192 bytes,        192 total
[18.386s][info ][gc,heap        ] GC(662) Eden regions: 253->0(253)
[18.386s][info ][gc,heap        ] GC(662) Survivor regions: 1->1(32)
[18.386s][info ][gc,heap        ] GC(662) Old regions: 11->11
[18.386s][info ][gc,heap        ] GC(662) Humongous regions: 0->0
[18.386s][info ][gc,metaspace   ] GC(662) Metaspace: 10117K(10368K)->10117K(10368K) NonClass: 9153K(9344K)->9153K(9344K) Class: 963K(1024K)->963K(1024K)
[18.386s][info ][gc             ] GC(662) Pause Young (Normal) (G1 Evacuation Pause) 256M->4M(424M) 0.584ms
[18.386s][info ][gc,cpu         ] GC(662) User=0.00s Sys=0.00s Real=0.00s
[18.402s][info ][gc,start       ] GC(663) Pause Young (Normal) (G1 Evacuation Pause)
[18.402s][info ][gc,task        ] GC(663) Using 9 workers of 9 for evacuation
[18.402s][debug][gc,age         ] GC(663) Desired survivor size 16777216 bytes, new threshold 15 (max threshold 15)
[18.403s][info ][gc,phases      ] GC(663)   Pre Evacuate Collection Set: 0.07ms
[18.403s][info ][gc,phases      ] GC(663)   Merge Heap Roots: 0.06ms
[18.403s][info ][gc,phases      ] GC(663)   Evacuate Collection Set: 0.12ms
[18.403s][info ][gc,phases      ] GC(663)   Post Evacuate Collection Set: 0.21ms
[18.403s][info ][gc,phases      ] GC(663)   Other: 0.05ms
[18.403s][trace][gc,age         ] GC(663) Age table:
[18.403s][trace][gc,age         ] GC(663) - age   1:        192 bytes,        192 total
[18.403s][info ][gc,heap        ] GC(663) Eden regions: 253->0(253)
[18.403s][info ][gc,heap        ] GC(663) Survivor regions: 1->1(32)
[18.403s][info ][gc,heap        ] GC(663) Old regions: 11->11
[18.403s][info ][gc,heap        ] GC(663) Humongous regions: 0->0
[18.403s][info ][gc,metaspace   ] GC(663) Metaspace: 10117K(10368K)->10117K(10368K) NonClass: 9153K(9344K)->9153K(9344K) Class: 963K(1024K)->963K(1024K)
[18.403s][info ][gc             ] GC(663) Pause Young (Normal) (G1 Evacuation Pause) 256M->4M(424M) 0.606ms
[18.403s][info ][gc,cpu         ] GC(663) User=0.00s Sys=0.00s Real=0.00s
[18.418s][info ][gc,start       ] GC(664) Pause Young (Normal) (G1 Evacuation Pause)
[18.418s][info ][gc,task        ] GC(664) Using 9 workers of 9 for evacuation
[18.418s][debug][gc,age         ] GC(664) Desired survivor size 16777216 bytes, new threshold 15 (max threshold 15)
[18.419s][info ][gc,phases      ] GC(664)   Pre Evacuate Collection Set: 0.08ms
[18.419s][info ][gc,phases      ] GC(664)   Merge Heap Roots: 0.08ms
[18.419s][info ][gc,phases      ] GC(664)   Evacuate Collection Set: 0.10ms
[18.419s][info ][gc,phases      ] GC(664)   Post Evacuate Collection Set: 0.21ms
[18.419s][info ][gc,phases      ] GC(664)   Other: 0.05ms
[18.419s][trace][gc,age         ] GC(664) Age table:
[18.419s][trace][gc,age         ] GC(664) - age   1:        192 bytes,        192 total
[18.419s][info ][gc,heap        ] GC(664) Eden regions: 253->0(253)
[18.419s][info ][gc,heap        ] GC(664) Survivor regions: 1->1(32)
[18.419s][info ][gc,heap        ] GC(664) Old regions: 11->11
[18.419s][info ][gc,heap        ] GC(664) Humongous regions: 0->0
[18.419s][info ][gc,metaspace   ] GC(664) Metaspace: 10117K(10368K)->10117K(10368K) NonClass: 9153K(9344K)->9153K(9344K) Class: 963K(1024K)->963K(1024K)
[18.419s][info ][gc             ] GC(664) Pause Young (Normal) (G1 Evacuation Pause) 256M->4M(424M) 0.601ms
[18.419s][info ][gc,cpu         ] GC(664) User=0.00s Sys=0.00s Real=0.00s
[18.435s][info ][gc,start       ] GC(665) Pause Young (Normal) (G1 Evacuation Pause)
[18.435s][info ][gc,task        ] GC(665) Using 9 workers of 9 for evacuation
[18.435s][debug][gc,age         ] GC(665) Desired survivor size 16777216 bytes, new threshold 15 (max threshold 15)
[18.435s][info ][gc,phases      ] GC(665)   Pre Evacuate Collection Set: 0.09ms
[18.435s][info ][gc,phases      ] GC(665)   Merge Heap Roots: 0.06ms
[18.435s][info ][gc,phases      ] GC(665)   Evacuate Collection Set: 0.08ms
[18.435s][info ][gc,phases      ] GC(665)   Post Evacuate Collection Set: 0.21ms
[18.435s][info ][gc,phases      ] GC(665)   Other: 0.06ms
[18.435s][trace][gc,age         ] GC(665) Age table:
[18.435s][trace][gc,age         ] GC(665) - age   1:        192 bytes,        192 total
[18.435s][info ][gc,heap        ] GC(665) Eden regions: 253->0(253)
[18.435s][info ][gc,heap        ] GC(665) Survivor regions: 1->1(32)
[18.435s][info ][gc,heap        ] GC(665) Old regions: 11->11
[18.435s][info ][gc,heap        ] GC(665) Humongous regions: 0->0
[18.435s][info ][gc,metaspace   ] GC(665) Metaspace: 10117K(10368K)->10117K(10368K) NonClass: 9153K(9344K)->9153K(9344K) Class: 963K(1024K)->963K(1024K)
[18.435s][info ][gc             ] GC(665) Pause Young (Normal) (G1 Evacuation Pause) 256M->4M(424M) 0.583ms
[18.435s][info ][gc,cpu         ] GC(665) User=0.00s Sys=0.00s Real=0.01s
[18.451s][info ][gc,start       ] GC(666) Pause Young (Normal) (G1 Evacuation Pause)
[18.451s][info ][gc,task        ] GC(666) Using 9 workers of 9 for evacuation
[18.451s][debug][gc,age         ] GC(666) Desired survivor size 16777216 bytes, new threshold 15 (max threshold 15)
[18.451s][info ][gc,phases      ] GC(666)   Pre Evacuate Collection Set: 0.07ms
[18.451s][info ][gc,phases      ] GC(666)   Merge Heap Roots: 0.08ms
[18.451s][info ][gc,phases      ] GC(666)   Evacuate Collection Set: 0.12ms
[18.451s][info ][gc,phases      ] GC(666)   Post Evacuate Collection Set: 0.18ms
[18.451s][info ][gc,phases      ] GC(666)   Other: 0.06ms
[18.451s][trace][gc,age         ] GC(666) Age table:
[18.451s][trace][gc,age         ] GC(666) - age   1:        192 bytes,        192 total
[18.451s][info ][gc,heap        ] GC(666) Eden regions: 253->0(253)
[18.451s][info ][gc,heap        ] GC(666) Survivor regions: 1->1(32)
[18.451s][info ][gc,heap        ] GC(666) Old regions: 11->11
[18.451s][info ][gc,heap        ] GC(666) Humongous regions: 0->0
[18.452s][info ][gc,metaspace   ] GC(666) Metaspace: 10117K(10368K)->10117K(10368K) NonClass: 9153K(9344K)->9153K(9344K) Class: 963K(1024K)->963K(1024K)
[18.452s][info ][gc             ] GC(666) Pause Young (Normal) (G1 Evacuation Pause) 256M->4M(424M) 0.608ms
[18.452s][info ][gc,cpu         ] GC(666) User=0.00s Sys=0.00s Real=0.00s
[18.467s][info ][gc,start       ] GC(667) Pause Young (Normal) (G1 Evacuation Pause)
[18.467s][info ][gc,task        ] GC(667) Using 9 workers of 9 for evacuation
[18.467s][debug][gc,age         ] GC(667) Desired survivor size 16777216 bytes, new threshold 15 (max threshold 15)
[18.468s][info ][gc,phases      ] GC(667)   Pre Evacuate Collection Set: 0.07ms
[18.468s][info ][gc,phases      ] GC(667)   Merge Heap Roots: 0.08ms
[18.468s][info ][gc,phases      ] GC(667)   Evacuate Collection Set: 0.12ms
[18.468s][info ][gc,phases      ] GC(667)   Post Evacuate Collection Set: 0.18ms
[18.468s][info ][gc,phases      ] GC(667)   Other: 0.05ms
[18.468s][trace][gc,age         ] GC(667) Age table:
[18.468s][trace][gc,age         ] GC(667) - age   1:        192 bytes,        192 total
[18.468s][info ][gc,heap        ] GC(667) Eden regions: 253->0(253)
[18.468s][info ][gc,heap        ] GC(667) Survivor regions: 1->1(32)
[18.468s][info ][gc,heap        ] GC(667) Old regions: 11->11
[18.468s][info ][gc,heap        ] GC(667) Humongous regions: 0->0
[18.468s][info ][gc,metaspace   ] GC(667) Metaspace: 10117K(10368K)->10117K(10368K) NonClass: 9153K(9344K)->9153K(9344K) Class: 963K(1024K)->963K(1024K)
[18.468s][info ][gc             ] GC(667) Pause Young (Normal) (G1 Evacuation Pause) 256M->4M(424M) 0.596ms
[18.468s][info ][gc,cpu         ] GC(667) User=0.00s Sys=0.01s Real=0.00s
[18.483s][info ][gc,start       ] GC(668) Pause Young (Normal) (G1 Evacuation Pause)
[18.483s][info ][gc,task        ] GC(668) Using 9 workers of 9 for evacuation
[18.483s][debug][gc,age         ] GC(668) Desired survivor size 16777216 bytes, new threshold 15 (max threshold 15)
[18.484s][info ][gc,phases      ] GC(668)   Pre Evacuate Collection Set: 0.08ms
[18.484s][info ][gc,phases      ] GC(668)   Merge Heap Roots: 0.05ms
[18.484s][info ][gc,phases      ] GC(668)   Evacuate Collection Set: 0.13ms
[18.484s][info ][gc,phases      ] GC(668)   Post Evacuate Collection Set: 0.15ms
[18.484s][info ][gc,phases      ] GC(668)   Other: 0.06ms
[18.484s][trace][gc,age         ] GC(668) Age table:
[18.484s][trace][gc,age         ] GC(668) - age   1:        192 bytes,        192 total
[18.484s][info ][gc,heap        ] GC(668) Eden regions: 253->0(253)
[18.484s][info ][gc,heap        ] GC(668) Survivor regions: 1->1(32)
[18.484s][info ][gc,heap        ] GC(668) Old regions: 11->11
[18.484s][info ][gc,heap        ] GC(668) Humongous regions: 0->0
[18.484s][info ][gc,metaspace   ] GC(668) Metaspace: 10117K(10368K)->10117K(10368K) NonClass: 9153K(9344K)->9153K(9344K) Class: 963K(1024K)->963K(1024K)
[18.484s][info ][gc             ] GC(668) Pause Young (Normal) (G1 Evacuation Pause) 256M->4M(424M) 0.560ms
[18.484s][info ][gc,cpu         ] GC(668) User=0.00s Sys=0.00s Real=0.00s
[18.500s][info ][gc,start       ] GC(669) Pause Young (Normal) (G1 Evacuation Pause)
[18.500s][info ][gc,task        ] GC(669) Using 9 workers of 9 for evacuation
[18.500s][debug][gc,age         ] GC(669) Desired survivor size 16777216 bytes, new threshold 15 (max threshold 15)
[18.500s][info ][gc,phases      ] GC(669)   Pre Evacuate Collection Set: 0.09ms
[18.500s][info ][gc,phases      ] GC(669)   Merge Heap Roots: 0.07ms
[18.500s][info ][gc,phases      ] GC(669)   Evacuate Collection Set: 0.09ms
[18.500s][info ][gc,phases      ] GC(669)   Post Evacuate Collection Set: 0.18ms
[18.500s][info ][gc,phases      ] GC(669)   Other: 0.06ms
[18.500s][trace][gc,age         ] GC(669) Age table:
[18.500s][trace][gc,age         ] GC(669) - age   1:        192 bytes,        192 total
[18.500s][info ][gc,heap        ] GC(669) Eden regions: 253->0(253)
[18.500s][info ][gc,heap        ] GC(669) Survivor regions: 1->1(32)
[18.500s][info ][gc,heap        ] GC(669) Old regions: 11->11
[18.500s][info ][gc,heap        ] GC(669) Humongous regions: 0->0
[18.500s][info ][gc,metaspace   ] GC(669) Metaspace: 10117K(10368K)->10117K(10368K) NonClass: 9153K(9344K)->9153K(9344K) Class: 963K(1024K)->963K(1024K)
[18.500s][info ][gc             ] GC(669) Pause Young (Normal) (G1 Evacuation Pause) 256M->4M(424M) 0.591ms
[18.500s][info ][gc,cpu         ] GC(669) User=0.00s Sys=0.00s Real=0.00s
[18.516s][info ][gc,start       ] GC(670) Pause Young (Normal) (G1 Evacuation Pause)
[18.516s][info ][gc,task        ] GC(670) Using 9 workers of 9 for evacuation
[18.516s][debug][gc,age         ] GC(670) Desired survivor size 16777216 bytes, new threshold 15 (max threshold 15)
[18.516s][info ][gc,phases      ] GC(670)   Pre Evacuate Collection Set: 0.08ms
[18.516s][info ][gc,phases      ] GC(670)   Merge Heap Roots: 0.09ms
[18.516s][info ][gc,phases      ] GC(670)   Evacuate Collection Set: 0.10ms
[18.516s][info ][gc,phases      ] GC(670)   Post Evacuate Collection Set: 0.16ms
[18.516s][info ][gc,phases      ] GC(670)   Other: 0.05ms
[18.516s][trace][gc,age         ] GC(670) Age table:
[18.516s][trace][gc,age         ] GC(670) - age   1:        192 bytes,        192 total
[18.516s][info ][gc,heap        ] GC(670) Eden regions: 253->0(253)
[18.516s][info ][gc,heap        ] GC(670) Survivor regions: 1->1(32)
[18.516s][info ][gc,heap        ] GC(670) Old regions: 11->11
[18.516s][info ][gc,heap        ] GC(670) Humongous regions: 0->0
[18.516s][info ][gc,metaspace   ] GC(670) Metaspace: 10117K(10368K)->10117K(10368K) NonClass: 9153K(9344K)->9153K(9344K) Class: 963K(1024K)->963K(1024K)
[18.516s][info ][gc             ] GC(670) Pause Young (Normal) (G1 Evacuation Pause) 256M->4M(424M) 0.563ms
[18.516s][info ][gc,cpu         ] GC(670) User=0.00s Sys=0.00s Real=0.00s
[18.532s][info ][gc,start       ] GC(671) Pause Young (Normal) (G1 Evacuation Pause)
[18.532s][info ][gc,task        ] GC(671) Using 9 workers of 9 for evacuation
[18.532s][debug][gc,age         ] GC(671) Desired survivor size 16777216 bytes, new threshold 15 (max threshold 15)
[18.533s][info ][gc,phases      ] GC(671)   Pre Evacuate Collection Set: 0.08ms
[18.533s][info ][gc,phases      ] GC(671)   Merge Heap Roots: 0.06ms
[18.533s][info ][gc,phases      ] GC(671)   Evacuate Collection Set: 0.10ms
[18.533s][info ][gc,phases      ] GC(671)   Post Evacuate Collection Set: 0.16ms
[18.533s][info ][gc,phases      ] GC(671)   Other: 0.06ms
[18.533s][trace][gc,age         ] GC(671) Age table:
[18.533s][trace][gc,age         ] GC(671) - age   1:        192 bytes,        192 total
[18.533s][info ][gc,heap        ] GC(671) Eden regions: 253->0(253)
[18.533s][info ][gc,heap        ] GC(671) Survivor regions: 1->1(32)
[18.533s][info ][gc,heap        ] GC(671) Old regions: 11->11
[18.533s][info ][gc,heap        ] GC(671) Humongous regions: 0->0
[18.533s][info ][gc,metaspace   ] GC(671) Metaspace: 10117K(10368K)->10117K(10368K) NonClass: 9153K(9344K)->9153K(9344K) Class: 963K(1024K)->963K(1024K)
[18.533s][info ][gc             ] GC(671) Pause Young (Normal) (G1 Evacuation Pause) 256M->4M(424M) 0.536ms
[18.533s][info ][gc,cpu         ] GC(671) User=0.00s Sys=0.00s Real=0.00s
[18.548s][info ][gc,start       ] GC(672) Pause Young (Normal) (G1 Evacuation Pause)
[18.548s][info ][gc,task        ] GC(672) Using 9 workers of 9 for evacuation
[18.548s][debug][gc,age         ] GC(672) Desired survivor size 16777216 bytes, new threshold 15 (max threshold 15)
[18.549s][info ][gc,phases      ] GC(672)   Pre Evacuate Collection Set: 0.08ms
[18.549s][info ][gc,phases      ] GC(672)   Merge Heap Roots: 0.07ms
[18.549s][info ][gc,phases      ] GC(672)   Evacuate Collection Set: 0.09ms
[18.549s][info ][gc,phases      ] GC(672)   Post Evacuate Collection Set: 0.17ms
[18.549s][info ][gc,phases      ] GC(672)   Other: 0.04ms
[18.549s][trace][gc,age         ] GC(672) Age table:
[18.549s][trace][gc,age         ] GC(672) - age   1:        192 bytes,        192 total
[18.549s][info ][gc,heap        ] GC(672) Eden regions: 253->0(253)
[18.549s][info ][gc,heap        ] GC(672) Survivor regions: 1->1(32)
[18.549s][info ][gc,heap        ] GC(672) Old regions: 11->11
[18.549s][info ][gc,heap        ] GC(672) Humongous regions: 0->0
[18.549s][info ][gc,metaspace   ] GC(672) Metaspace: 10117K(10368K)->10117K(10368K) NonClass: 9153K(9344K)->9153K(9344K) Class: 963K(1024K)->963K(1024K)
[18.549s][info ][gc             ] GC(672) Pause Young (Normal) (G1 Evacuation Pause) 256M->4M(424M) 0.535ms
[18.549s][info ][gc,cpu         ] GC(672) User=0.00s Sys=0.00s Real=0.00s
[18.565s][info ][gc,start       ] GC(673) Pause Young (Normal) (G1 Evacuation Pause)
[18.565s][info ][gc,task        ] GC(673) Using 9 workers of 9 for evacuation
[18.565s][debug][gc,age         ] GC(673) Desired survivor size 16777216 bytes, new threshold 15 (max threshold 15)
[18.565s][info ][gc,phases      ] GC(673)   Pre Evacuate Collection Set: 0.08ms
[18.565s][info ][gc,phases      ] GC(673)   Merge Heap Roots: 0.06ms
[18.565s][info ][gc,phases      ] GC(673)   Evacuate Collection Set: 0.08ms
[18.565s][info ][gc,phases      ] GC(673)   Post Evacuate Collection Set: 0.16ms
[18.565s][info ][gc,phases      ] GC(673)   Other: 0.07ms
[18.565s][trace][gc,age         ] GC(673) Age table:
[18.565s][trace][gc,age         ] GC(673) - age   1:        192 bytes,        192 total
[18.565s][info ][gc,heap        ] GC(673) Eden regions: 253->0(253)
[18.565s][info ][gc,heap        ] GC(673) Survivor regions: 1->1(32)
[18.565s][info ][gc,heap        ] GC(673) Old regions: 11->11
[18.565s][info ][gc,heap        ] GC(673) Humongous regions: 0->0
[18.565s][info ][gc,metaspace   ] GC(673) Metaspace: 10117K(10368K)->10117K(10368K) NonClass: 9153K(9344K)->9153K(9344K) Class: 963K(1024K)->963K(1024K)
[18.565s][info ][gc             ] GC(673) Pause Young (Normal) (G1 Evacuation Pause) 256M->4M(424M) 0.551ms
[18.565s][info ][gc,cpu         ] GC(673) User=0.00s Sys=0.00s Real=0.01s
[18.580s][info ][gc,start       ] GC(674) Pause Young (Normal) (G1 Evacuation Pause)
[18.581s][info ][gc,task        ] GC(674) Using 9 workers of 9 for evacuation
[18.581s][debug][gc,age         ] GC(674) Desired survivor size 16777216 bytes, new threshold 15 (max threshold 15)
[18.581s][info ][gc,phases      ] GC(674)   Pre Evacuate Collection Set: 0.06ms
[18.581s][info ][gc,phases      ] GC(674)   Merge Heap Roots: 0.07ms
[18.581s][info ][gc,phases      ] GC(674)   Evacuate Collection Set: 0.07ms
[18.581s][info ][gc,phases      ] GC(674)   Post Evacuate Collection Set: 0.17ms
[18.581s][info ][gc,phases      ] GC(674)   Other: 0.04ms
[18.581s][trace][gc,age         ] GC(674) Age table:
[18.581s][trace][gc,age         ] GC(674) - age   1:        192 bytes,        192 total
[18.581s][info ][gc,heap        ] GC(674) Eden regions: 253->0(253)
[18.581s][info ][gc,heap        ] GC(674) Survivor regions: 1->1(32)
[18.581s][info ][gc,heap        ] GC(674) Old regions: 11->11
[18.581s][info ][gc,heap        ] GC(674) Humongous regions: 0->0
[18.581s][info ][gc,metaspace   ] GC(674) Metaspace: 10117K(10368K)->10117K(10368K) NonClass: 9153K(9344K)->9153K(9344K) Class: 963K(1024K)->963K(1024K)
[18.581s][info ][gc             ] GC(674) Pause Young (Normal) (G1 Evacuation Pause) 256M->4M(424M) 0.494ms
[18.581s][info ][gc,cpu         ] GC(674) User=0.00s Sys=0.00s Real=0.00s
[18.597s][info ][gc,start       ] GC(675) Pause Young (Normal) (G1 Evacuation Pause)
[18.597s][info ][gc,task        ] GC(675) Using 9 workers of 9 for evacuation
[18.597s][debug][gc,age         ] GC(675) Desired survivor size 16777216 bytes, new threshold 15 (max threshold 15)
[18.597s][info ][gc,phases      ] GC(675)   Pre Evacuate Collection Set: 0.08ms
[18.597s][info ][gc,phases      ] GC(675)   Merge Heap Roots: 0.07ms
[18.597s][info ][gc,phases      ] GC(675)   Evacuate Collection Set: 0.10ms
[18.597s][info ][gc,phases      ] GC(675)   Post Evacuate Collection Set: 0.17ms
[18.597s][info ][gc,phases      ] GC(675)   Other: 0.06ms
[18.597s][trace][gc,age         ] GC(675) Age table:
[18.597s][trace][gc,age         ] GC(675) - age   1:        192 bytes,        192 total
[18.597s][info ][gc,heap        ] GC(675) Eden regions: 253->0(253)
[18.597s][info ][gc,heap        ] GC(675) Survivor regions: 1->1(32)
[18.597s][info ][gc,heap        ] GC(675) Old regions: 11->11
[18.597s][info ][gc,heap        ] GC(675) Humongous regions: 0->0
[18.597s][info ][gc,metaspace   ] GC(675) Metaspace: 10117K(10368K)->10117K(10368K) NonClass: 9153K(9344K)->9153K(9344K) Class: 963K(1024K)->963K(1024K)
[18.597s][info ][gc             ] GC(675) Pause Young (Normal) (G1 Evacuation Pause) 256M->4M(424M) 0.569ms
[18.597s][info ][gc,cpu         ] GC(675) User=0.00s Sys=0.00s Real=0.00s
[18.613s][info ][gc,start       ] GC(676) Pause Young (Normal) (G1 Evacuation Pause)
[18.613s][info ][gc,task        ] GC(676) Using 9 workers of 9 for evacuation
[18.613s][debug][gc,age         ] GC(676) Desired survivor size 16777216 bytes, new threshold 15 (max threshold 15)
[18.613s][info ][gc,phases      ] GC(676)   Pre Evacuate Collection Set: 0.09ms
[18.613s][info ][gc,phases      ] GC(676)   Merge Heap Roots: 0.07ms
[18.613s][info ][gc,phases      ] GC(676)   Evacuate Collection Set: 0.10ms
[18.613s][info ][gc,phases      ] GC(676)   Post Evacuate Collection Set: 0.19ms
[18.613s][info ][gc,phases      ] GC(676)   Other: 0.05ms
[18.613s][trace][gc,age         ] GC(676) Age table:
[18.613s][trace][gc,age         ] GC(676) - age   1:        192 bytes,        192 total
[18.613s][info ][gc,heap        ] GC(676) Eden regions: 253->0(253)
[18.613s][info ][gc,heap        ] GC(676) Survivor regions: 1->1(32)
[18.613s][info ][gc,heap        ] GC(676) Old regions: 11->11
[18.613s][info ][gc,heap        ] GC(676) Humongous regions: 0->0
[18.613s][info ][gc,metaspace   ] GC(676) Metaspace: 10117K(10368K)->10117K(10368K) NonClass: 9153K(9344K)->9153K(9344K) Class: 963K(1024K)->963K(1024K)
[18.613s][info ][gc             ] GC(676) Pause Young (Normal) (G1 Evacuation Pause) 256M->4M(424M) 0.580ms
[18.613s][info ][gc,cpu         ] GC(676) User=0.00s Sys=0.00s Real=0.00s
[18.629s][info ][gc,start       ] GC(677) Pause Young (Normal) (G1 Evacuation Pause)
[18.629s][info ][gc,task        ] GC(677) Using 9 workers of 9 for evacuation
[18.629s][debug][gc,age         ] GC(677) Desired survivor size 16777216 bytes, new threshold 15 (max threshold 15)
[18.629s][info ][gc,phases      ] GC(677)   Pre Evacuate Collection Set: 0.07ms
[18.629s][info ][gc,phases      ] GC(677)   Merge Heap Roots: 0.08ms
[18.629s][info ][gc,phases      ] GC(677)   Evacuate Collection Set: 0.10ms
[18.629s][info ][gc,phases      ] GC(677)   Post Evacuate Collection Set: 0.17ms
[18.629s][info ][gc,phases      ] GC(677)   Other: 0.04ms
[18.629s][trace][gc,age         ] GC(677) Age table:
[18.629s][trace][gc,age         ] GC(677) - age   1:        192 bytes,        192 total
[18.629s][info ][gc,heap        ] GC(677) Eden regions: 253->0(253)
[18.629s][info ][gc,heap        ] GC(677) Survivor regions: 1->1(32)
[18.629s][info ][gc,heap        ] GC(677) Old regions: 11->11
[18.629s][info ][gc,heap        ] GC(677) Humongous regions: 0->0
[18.629s][info ][gc,metaspace   ] GC(677) Metaspace: 10117K(10368K)->10117K(10368K) NonClass: 9153K(9344K)->9153K(9344K) Class: 963K(1024K)->963K(1024K)
[18.629s][info ][gc             ] GC(677) Pause Young (Normal) (G1 Evacuation Pause) 256M->4M(424M) 0.549ms
[18.629s][info ][gc,cpu         ] GC(677) User=0.00s Sys=0.00s Real=0.00s
[18.645s][info ][gc,start       ] GC(678) Pause Young (Normal) (G1 Evacuation Pause)
[18.645s][info ][gc,task        ] GC(678) Using 9 workers of 9 for evacuation
[18.645s][debug][gc,age         ] GC(678) Desired survivor size 16777216 bytes, new threshold 15 (max threshold 15)
[18.646s][info ][gc,phases      ] GC(678)   Pre Evacuate Collection Set: 0.08ms
[18.646s][info ][gc,phases      ] GC(678)   Merge Heap Roots: 0.07ms
[18.646s][info ][gc,phases      ] GC(678)   Evacuate Collection Set: 0.10ms
[18.646s][info ][gc,phases      ] GC(678)   Post Evacuate Collection Set: 0.18ms
[18.646s][info ][gc,phases      ] GC(678)   Other: 0.04ms
[18.646s][trace][gc,age         ] GC(678) Age table:
[18.646s][trace][gc,age         ] GC(678) - age   1:        192 bytes,        192 total
[18.646s][info ][gc,heap        ] GC(678) Eden regions: 253->0(253)
[18.646s][info ][gc,heap        ] GC(678) Survivor regions: 1->1(32)
[18.646s][info ][gc,heap        ] GC(678) Old regions: 11->11
[18.646s][info ][gc,heap        ] GC(678) Humongous regions: 0->0
[18.646s][info ][gc,metaspace   ] GC(678) Metaspace: 10117K(10368K)->10117K(10368K) NonClass: 9153K(9344K)->9153K(9344K) Class: 963K(1024K)->963K(1024K)
[18.646s][info ][gc             ] GC(678) Pause Young (Normal) (G1 Evacuation Pause) 256M->4M(424M) 0.568ms
[18.646s][info ][gc,cpu         ] GC(678) User=0.00s Sys=0.00s Real=0.00s
[18.661s][info ][gc,start       ] GC(679) Pause Young (Normal) (G1 Evacuation Pause)
[18.661s][info ][gc,task        ] GC(679) Using 9 workers of 9 for evacuation
[18.661s][debug][gc,age         ] GC(679) Desired survivor size 16777216 bytes, new threshold 15 (max threshold 15)
[18.662s][info ][gc,phases      ] GC(679)   Pre Evacuate Collection Set: 0.09ms
[18.662s][info ][gc,phases      ] GC(679)   Merge Heap Roots: 0.07ms
[18.662s][info ][gc,phases      ] GC(679)   Evacuate Collection Set: 0.07ms
[18.662s][info ][gc,phases      ] GC(679)   Post Evacuate Collection Set: 0.20ms
[18.662s][info ][gc,phases      ] GC(679)   Other: 0.06ms
[18.662s][trace][gc,age         ] GC(679) Age table:
[18.662s][trace][gc,age         ] GC(679) - age   1:        192 bytes,        192 total
[18.662s][info ][gc,heap        ] GC(679) Eden regions: 253->0(253)
[18.662s][info ][gc,heap        ] GC(679) Survivor regions: 1->1(32)
[18.662s][info ][gc,heap        ] GC(679) Old regions: 11->11
[18.662s][info ][gc,heap        ] GC(679) Humongous regions: 0->0
[18.662s][info ][gc,metaspace   ] GC(679) Metaspace: 10117K(10368K)->10117K(10368K) NonClass: 9153K(9344K)->9153K(9344K) Class: 963K(1024K)->963K(1024K)
[18.662s][info ][gc             ] GC(679) Pause Young (Normal) (G1 Evacuation Pause) 256M->4M(424M) 0.591ms
[18.662s][info ][gc,cpu         ] GC(679) User=0.00s Sys=0.00s Real=0.00s
[18.678s][info ][gc,start       ] GC(680) Pause Young (Normal) (G1 Evacuation Pause)
[18.678s][info ][gc,task        ] GC(680) Using 9 workers of 9 for evacuation
[18.678s][debug][gc,age         ] GC(680) Desired survivor size 16777216 bytes, new threshold 15 (max threshold 15)
[18.678s][info ][gc,phases      ] GC(680)   Pre Evacuate Collection Set: 0.07ms
[18.678s][info ][gc,phases      ] GC(680)   Merge Heap Roots: 0.06ms
[18.678s][info ][gc,phases      ] GC(680)   Evacuate Collection Set: 0.12ms
[18.678s][info ][gc,phases      ] GC(680)   Post Evacuate Collection Set: 0.17ms
[18.678s][info ][gc,phases      ] GC(680)   Other: 0.06ms
[18.678s][trace][gc,age         ] GC(680) Age table:
[18.678s][trace][gc,age         ] GC(680) - age   1:        192 bytes,        192 total
[18.678s][info ][gc,heap        ] GC(680) Eden regions: 253->0(253)
[18.678s][info ][gc,heap        ] GC(680) Survivor regions: 1->1(32)
[18.678s][info ][gc,heap        ] GC(680) Old regions: 11->11
[18.678s][info ][gc,heap        ] GC(680) Humongous regions: 0->0
[18.678s][info ][gc,metaspace   ] GC(680) Metaspace: 10117K(10368K)->10117K(10368K) NonClass: 9153K(9344K)->9153K(9344K) Class: 963K(1024K)->963K(1024K)
[18.678s][info ][gc             ] GC(680) Pause Young (Normal) (G1 Evacuation Pause) 256M->4M(424M) 0.584ms
[18.678s][info ][gc,cpu         ] GC(680) User=0.00s Sys=0.00s Real=0.00s
[18.694s][info ][gc,start       ] GC(681) Pause Young (Normal) (G1 Evacuation Pause)
[18.694s][info ][gc,task        ] GC(681) Using 9 workers of 9 for evacuation
[18.694s][debug][gc,age         ] GC(681) Desired survivor size 16777216 bytes, new threshold 15 (max threshold 15)
[18.694s][info ][gc,phases      ] GC(681)   Pre Evacuate Collection Set: 0.12ms
[18.694s][info ][gc,phases      ] GC(681)   Merge Heap Roots: 0.09ms
[18.694s][info ][gc,phases      ] GC(681)   Evacuate Collection Set: 0.10ms
[18.694s][info ][gc,phases      ] GC(681)   Post Evacuate Collection Set: 0.16ms
[18.694s][info ][gc,phases      ] GC(681)   Other: 0.05ms
[18.694s][trace][gc,age         ] GC(681) Age table:
[18.694s][trace][gc,age         ] GC(681) - age   1:        192 bytes,        192 total
[18.694s][info ][gc,heap        ] GC(681) Eden regions: 253->0(253)
[18.694s][info ][gc,heap        ] GC(681) Survivor regions: 1->1(32)
[18.694s][info ][gc,heap        ] GC(681) Old regions: 11->11
[18.694s][info ][gc,heap        ] GC(681) Humongous regions: 0->0
[18.694s][info ][gc,metaspace   ] GC(681) Metaspace: 10117K(10368K)->10117K(10368K) NonClass: 9153K(9344K)->9153K(9344K) Class: 963K(1024K)->963K(1024K)
[18.694s][info ][gc             ] GC(681) Pause Young (Normal) (G1 Evacuation Pause) 256M->4M(424M) 0.606ms
[18.694s][info ][gc,cpu         ] GC(681) User=0.01s Sys=0.00s Real=0.00s
[18.710s][info ][gc,start       ] GC(682) Pause Young (Normal) (G1 Evacuation Pause)
[18.710s][info ][gc,task        ] GC(682) Using 9 workers of 9 for evacuation
[18.710s][debug][gc,age         ] GC(682) Desired survivor size 16777216 bytes, new threshold 15 (max threshold 15)
[18.710s][info ][gc,phases      ] GC(682)   Pre Evacuate Collection Set: 0.11ms
[18.710s][info ][gc,phases      ] GC(682)   Merge Heap Roots: 0.06ms
[18.710s][info ][gc,phases      ] GC(682)   Evacuate Collection Set: 0.12ms
[18.710s][info ][gc,phases      ] GC(682)   Post Evacuate Collection Set: 0.16ms
[18.710s][info ][gc,phases      ] GC(682)   Other: 0.04ms
[18.710s][trace][gc,age         ] GC(682) Age table:
[18.710s][trace][gc,age         ] GC(682) - age   1:        192 bytes,        192 total
[18.710s][info ][gc,heap        ] GC(682) Eden regions: 253->0(253)
[18.710s][info ][gc,heap        ] GC(682) Survivor regions: 1->1(32)
[18.710s][info ][gc,heap        ] GC(682) Old regions: 11->11
[18.710s][info ][gc,heap        ] GC(682) Humongous regions: 0->0
[18.710s][info ][gc,metaspace   ] GC(682) Metaspace: 10117K(10368K)->10117K(10368K) NonClass: 9153K(9344K)->9153K(9344K) Class: 963K(1024K)->963K(1024K)
[18.710s][info ][gc             ] GC(682) Pause Young (Normal) (G1 Evacuation Pause) 256M->4M(424M) 0.568ms
[18.710s][info ][gc,cpu         ] GC(682) User=0.00s Sys=0.00s Real=0.00s
[18.726s][info ][gc,start       ] GC(683) Pause Young (Normal) (G1 Evacuation Pause)
[18.726s][info ][gc,task        ] GC(683) Using 9 workers of 9 for evacuation
[18.726s][debug][gc,age         ] GC(683) Desired survivor size 16777216 bytes, new threshold 15 (max threshold 15)
[18.727s][info ][gc,phases      ] GC(683)   Pre Evacuate Collection Set: 0.07ms
[18.727s][info ][gc,phases      ] GC(683)   Merge Heap Roots: 0.07ms
[18.727s][info ][gc,phases      ] GC(683)   Evacuate Collection Set: 0.08ms
[18.727s][info ][gc,phases      ] GC(683)   Post Evacuate Collection Set: 0.19ms
[18.727s][info ][gc,phases      ] GC(683)   Other: 0.06ms
[18.727s][trace][gc,age         ] GC(683) Age table:
[18.727s][trace][gc,age         ] GC(683) - age   1:        192 bytes,        192 total
[18.727s][info ][gc,heap        ] GC(683) Eden regions: 253->0(253)
[18.727s][info ][gc,heap        ] GC(683) Survivor regions: 1->1(32)
[18.727s][info ][gc,heap        ] GC(683) Old regions: 11->11
[18.727s][info ][gc,heap        ] GC(683) Humongous regions: 0->0
[18.727s][info ][gc,metaspace   ] GC(683) Metaspace: 10117K(10368K)->10117K(10368K) NonClass: 9153K(9344K)->9153K(9344K) Class: 963K(1024K)->963K(1024K)
[18.727s][info ][gc             ] GC(683) Pause Young (Normal) (G1 Evacuation Pause) 256M->4M(424M) 0.563ms
[18.727s][info ][gc,cpu         ] GC(683) User=0.00s Sys=0.00s Real=0.00s
[18.742s][info ][gc,start       ] GC(684) Pause Young (Normal) (G1 Evacuation Pause)
[18.742s][info ][gc,task        ] GC(684) Using 9 workers of 9 for evacuation
[18.742s][debug][gc,age         ] GC(684) Desired survivor size 16777216 bytes, new threshold 15 (max threshold 15)
[18.743s][info ][gc,phases      ] GC(684)   Pre Evacuate Collection Set: 0.08ms
[18.743s][info ][gc,phases      ] GC(684)   Merge Heap Roots: 0.10ms
[18.743s][info ][gc,phases      ] GC(684)   Evacuate Collection Set: 0.11ms
[18.743s][info ][gc,phases      ] GC(684)   Post Evacuate Collection Set: 0.15ms
[18.743s][info ][gc,phases      ] GC(684)   Other: 0.05ms
[18.743s][trace][gc,age         ] GC(684) Age table:
[18.743s][trace][gc,age         ] GC(684) - age   1:        192 bytes,        192 total
[18.743s][info ][gc,heap        ] GC(684) Eden regions: 253->0(253)
[18.743s][info ][gc,heap        ] GC(684) Survivor regions: 1->1(32)
[18.743s][info ][gc,heap        ] GC(684) Old regions: 11->11
[18.743s][info ][gc,heap        ] GC(684) Humongous regions: 0->0
[18.743s][info ][gc,metaspace   ] GC(684) Metaspace: 10117K(10368K)->10117K(10368K) NonClass: 9153K(9344K)->9153K(9344K) Class: 963K(1024K)->963K(1024K)
[18.743s][info ][gc             ] GC(684) Pause Young (Normal) (G1 Evacuation Pause) 256M->4M(424M) 0.577ms
[18.743s][info ][gc,cpu         ] GC(684) User=0.00s Sys=0.01s Real=0.00s
[18.759s][info ][gc,start       ] GC(685) Pause Young (Normal) (G1 Evacuation Pause)
[18.759s][info ][gc,task        ] GC(685) Using 9 workers of 9 for evacuation
[18.759s][debug][gc,age         ] GC(685) Desired survivor size 16777216 bytes, new threshold 15 (max threshold 15)
[18.759s][info ][gc,phases      ] GC(685)   Pre Evacuate Collection Set: 0.07ms
[18.759s][info ][gc,phases      ] GC(685)   Merge Heap Roots: 0.07ms
[18.759s][info ][gc,phases      ] GC(685)   Evacuate Collection Set: 0.09ms
[18.759s][info ][gc,phases      ] GC(685)   Post Evacuate Collection Set: 0.18ms
[18.759s][info ][gc,phases      ] GC(685)   Other: 0.06ms
[18.759s][trace][gc,age         ] GC(685) Age table:
[18.759s][trace][gc,age         ] GC(685) - age   1:        192 bytes,        192 total
[18.759s][info ][gc,heap        ] GC(685) Eden regions: 253->0(253)
[18.759s][info ][gc,heap        ] GC(685) Survivor regions: 1->1(32)
[18.759s][info ][gc,heap        ] GC(685) Old regions: 11->11
[18.759s][info ][gc,heap        ] GC(685) Humongous regions: 0->0
[18.759s][info ][gc,metaspace   ] GC(685) Metaspace: 10117K(10368K)->10117K(10368K) NonClass: 9153K(9344K)->9153K(9344K) Class: 963K(1024K)->963K(1024K)
[18.759s][info ][gc             ] GC(685) Pause Young (Normal) (G1 Evacuation Pause) 256M->4M(424M) 0.563ms
[18.759s][info ][gc,cpu         ] GC(685) User=0.00s Sys=0.00s Real=0.00s
[18.775s][info ][gc,start       ] GC(686) Pause Young (Normal) (G1 Evacuation Pause)
[18.775s][info ][gc,task        ] GC(686) Using 9 workers of 9 for evacuation
[18.775s][debug][gc,age         ] GC(686) Desired survivor size 16777216 bytes, new threshold 15 (max threshold 15)
[18.775s][info ][gc,phases      ] GC(686)   Pre Evacuate Collection Set: 0.07ms
[18.775s][info ][gc,phases      ] GC(686)   Merge Heap Roots: 0.05ms
[18.775s][info ][gc,phases      ] GC(686)   Evacuate Collection Set: 0.11ms
[18.775s][info ][gc,phases      ] GC(686)   Post Evacuate Collection Set: 0.16ms
[18.775s][info ][gc,phases      ] GC(686)   Other: 0.05ms
[18.775s][trace][gc,age         ] GC(686) Age table:
[18.775s][trace][gc,age         ] GC(686) - age   1:        192 bytes,        192 total
[18.775s][info ][gc,heap        ] GC(686) Eden regions: 253->0(253)
[18.775s][info ][gc,heap        ] GC(686) Survivor regions: 1->1(32)
[18.775s][info ][gc,heap        ] GC(686) Old regions: 11->11
[18.775s][info ][gc,heap        ] GC(686) Humongous regions: 0->0
[18.775s][info ][gc,metaspace   ] GC(686) Metaspace: 10117K(10368K)->10117K(10368K) NonClass: 9153K(9344K)->9153K(9344K) Class: 963K(1024K)->963K(1024K)
[18.775s][info ][gc             ] GC(686) Pause Young (Normal) (G1 Evacuation Pause) 256M->4M(424M) 0.519ms
[18.775s][info ][gc,cpu         ] GC(686) User=0.00s Sys=0.00s Real=0.01s
[18.791s][info ][gc,start       ] GC(687) Pause Young (Normal) (G1 Evacuation Pause)
[18.791s][info ][gc,task        ] GC(687) Using 9 workers of 9 for evacuation
[18.791s][debug][gc,age         ] GC(687) Desired survivor size 16777216 bytes, new threshold 15 (max threshold 15)
[18.792s][info ][gc,phases      ] GC(687)   Pre Evacuate Collection Set: 0.07ms
[18.792s][info ][gc,phases      ] GC(687)   Merge Heap Roots: 0.05ms
[18.792s][info ][gc,phases      ] GC(687)   Evacuate Collection Set: 0.10ms
[18.792s][info ][gc,phases      ] GC(687)   Post Evacuate Collection Set: 0.19ms
[18.792s][info ][gc,phases      ] GC(687)   Other: 0.04ms
[18.792s][trace][gc,age         ] GC(687) Age table:
[18.792s][trace][gc,age         ] GC(687) - age   1:        192 bytes,        192 total
[18.792s][info ][gc,heap        ] GC(687) Eden regions: 253->0(253)
[18.792s][info ][gc,heap        ] GC(687) Survivor regions: 1->1(32)
[18.792s][info ][gc,heap        ] GC(687) Old regions: 11->11
[18.792s][info ][gc,heap        ] GC(687) Humongous regions: 0->0
[18.792s][info ][gc,metaspace   ] GC(687) Metaspace: 10117K(10368K)->10117K(10368K) NonClass: 9153K(9344K)->9153K(9344K) Class: 963K(1024K)->963K(1024K)
[18.792s][info ][gc             ] GC(687) Pause Young (Normal) (G1 Evacuation Pause) 256M->4M(424M) 0.555ms
[18.792s][info ][gc,cpu         ] GC(687) User=0.00s Sys=0.00s Real=0.00s
[18.807s][info ][gc,start       ] GC(688) Pause Young (Normal) (G1 Evacuation Pause)
[18.807s][info ][gc,task        ] GC(688) Using 9 workers of 9 for evacuation
[18.807s][debug][gc,age         ] GC(688) Desired survivor size 16777216 bytes, new threshold 15 (max threshold 15)
[18.808s][info ][gc,phases      ] GC(688)   Pre Evacuate Collection Set: 0.07ms
[18.808s][info ][gc,phases      ] GC(688)   Merge Heap Roots: 0.05ms
[18.808s][info ][gc,phases      ] GC(688)   Evacuate Collection Set: 0.12ms
[18.808s][info ][gc,phases      ] GC(688)   Post Evacuate Collection Set: 0.17ms
[18.808s][info ][gc,phases      ] GC(688)   Other: 0.04ms
[18.808s][trace][gc,age         ] GC(688) Age table:
[18.808s][trace][gc,age         ] GC(688) - age   1:        192 bytes,        192 total
[18.808s][info ][gc,heap        ] GC(688) Eden regions: 253->0(253)
[18.808s][info ][gc,heap        ] GC(688) Survivor regions: 1->1(32)
[18.808s][info ][gc,heap        ] GC(688) Old regions: 11->11
[18.808s][info ][gc,heap        ] GC(688) Humongous regions: 0->0
[18.808s][info ][gc,metaspace   ] GC(688) Metaspace: 10117K(10368K)->10117K(10368K) NonClass: 9153K(9344K)->9153K(9344K) Class: 963K(1024K)->963K(1024K)
[18.808s][info ][gc             ] GC(688) Pause Young (Normal) (G1 Evacuation Pause) 256M->4M(424M) 0.535ms
[18.808s][info ][gc,cpu         ] GC(688) User=0.00s Sys=0.00s Real=0.00s
[18.823s][info ][gc,start       ] GC(689) Pause Young (Normal) (G1 Evacuation Pause)
[18.823s][info ][gc,task        ] GC(689) Using 9 workers of 9 for evacuation
[18.823s][debug][gc,age         ] GC(689) Desired survivor size 16777216 bytes, new threshold 15 (max threshold 15)
[18.824s][info ][gc,phases      ] GC(689)   Pre Evacuate Collection Set: 0.06ms
[18.824s][info ][gc,phases      ] GC(689)   Merge Heap Roots: 0.05ms
[18.824s][info ][gc,phases      ] GC(689)   Evacuate Collection Set: 0.13ms
[18.824s][info ][gc,phases      ] GC(689)   Post Evacuate Collection Set: 0.18ms
[18.824s][info ][gc,phases      ] GC(689)   Other: 0.05ms
[18.824s][trace][gc,age         ] GC(689) Age table:
[18.824s][trace][gc,age         ] GC(689) - age   1:        192 bytes,        192 total
[18.824s][info ][gc,heap        ] GC(689) Eden regions: 253->0(253)
[18.824s][info ][gc,heap        ] GC(689) Survivor regions: 1->1(32)
[18.824s][info ][gc,heap        ] GC(689) Old regions: 11->11
[18.824s][info ][gc,heap        ] GC(689) Humongous regions: 0->0
[18.824s][info ][gc,metaspace   ] GC(689) Metaspace: 10117K(10368K)->10117K(10368K) NonClass: 9153K(9344K)->9153K(9344K) Class: 963K(1024K)->963K(1024K)
[18.824s][info ][gc             ] GC(689) Pause Young (Normal) (G1 Evacuation Pause) 256M->4M(424M) 0.577ms
[18.824s][info ][gc,cpu         ] GC(689) User=0.00s Sys=0.00s Real=0.00s
[18.839s][info ][gc,start       ] GC(690) Pause Young (Normal) (G1 Evacuation Pause)
[18.839s][info ][gc,task        ] GC(690) Using 9 workers of 9 for evacuation
[18.839s][debug][gc,age         ] GC(690) Desired survivor size 16777216 bytes, new threshold 15 (max threshold 15)
[18.840s][info ][gc,phases      ] GC(690)   Pre Evacuate Collection Set: 0.06ms
[18.840s][info ][gc,phases      ] GC(690)   Merge Heap Roots: 0.06ms
[18.840s][info ][gc,phases      ] GC(690)   Evacuate Collection Set: 0.14ms
[18.840s][info ][gc,phases      ] GC(690)   Post Evacuate Collection Set: 0.18ms
[18.840s][info ][gc,phases      ] GC(690)   Other: 0.04ms
[18.840s][trace][gc,age         ] GC(690) Age table:
[18.840s][trace][gc,age         ] GC(690) - age   1:        192 bytes,        192 total
[18.840s][info ][gc,heap        ] GC(690) Eden regions: 253->0(253)
[18.840s][info ][gc,heap        ] GC(690) Survivor regions: 1->1(32)
[18.840s][info ][gc,heap        ] GC(690) Old regions: 11->11
[18.840s][info ][gc,heap        ] GC(690) Humongous regions: 0->0
[18.840s][info ][gc,metaspace   ] GC(690) Metaspace: 10117K(10368K)->10117K(10368K) NonClass: 9153K(9344K)->9153K(9344K) Class: 963K(1024K)->963K(1024K)
[18.840s][info ][gc             ] GC(690) Pause Young (Normal) (G1 Evacuation Pause) 256M->4M(424M) 0.562ms
[18.840s][info ][gc,cpu         ] GC(690) User=0.00s Sys=0.00s Real=0.00s
[18.856s][info ][gc,start       ] GC(691) Pause Young (Normal) (G1 Evacuation Pause)
[18.856s][info ][gc,task        ] GC(691) Using 9 workers of 9 for evacuation
[18.856s][debug][gc,age         ] GC(691) Desired survivor size 16777216 bytes, new threshold 15 (max threshold 15)
[18.856s][info ][gc,phases      ] GC(691)   Pre Evacuate Collection Set: 0.07ms
[18.856s][info ][gc,phases      ] GC(691)   Merge Heap Roots: 0.08ms
[18.856s][info ][gc,phases      ] GC(691)   Evacuate Collection Set: 0.08ms
[18.856s][info ][gc,phases      ] GC(691)   Post Evacuate Collection Set: 0.18ms
[18.856s][info ][gc,phases      ] GC(691)   Other: 0.05ms
[18.856s][trace][gc,age         ] GC(691) Age table:
[18.856s][trace][gc,age         ] GC(691) - age   1:        192 bytes,        192 total
[18.856s][info ][gc,heap        ] GC(691) Eden regions: 253->0(253)
[18.856s][info ][gc,heap        ] GC(691) Survivor regions: 1->1(32)
[18.856s][info ][gc,heap        ] GC(691) Old regions: 11->11
[18.856s][info ][gc,heap        ] GC(691) Humongous regions: 0->0
[18.856s][info ][gc,metaspace   ] GC(691) Metaspace: 10117K(10368K)->10117K(10368K) NonClass: 9153K(9344K)->9153K(9344K) Class: 963K(1024K)->963K(1024K)
[18.856s][info ][gc             ] GC(691) Pause Young (Normal) (G1 Evacuation Pause) 256M->4M(424M) 0.541ms
[18.856s][info ][gc,cpu         ] GC(691) User=0.00s Sys=0.00s Real=0.00s
[18.872s][info ][gc,start       ] GC(692) Pause Young (Normal) (G1 Evacuation Pause)
[18.872s][info ][gc,task        ] GC(692) Using 9 workers of 9 for evacuation
[18.872s][debug][gc,age         ] GC(692) Desired survivor size 16777216 bytes, new threshold 15 (max threshold 15)
[18.872s][info ][gc,phases      ] GC(692)   Pre Evacuate Collection Set: 0.06ms
[18.872s][info ][gc,phases      ] GC(692)   Merge Heap Roots: 0.05ms
[18.872s][info ][gc,phases      ] GC(692)   Evacuate Collection Set: 0.16ms
[18.872s][info ][gc,phases      ] GC(692)   Post Evacuate Collection Set: 0.17ms
[18.872s][info ][gc,phases      ] GC(692)   Other: 0.07ms
[18.872s][trace][gc,age         ] GC(692) Age table:
[18.872s][trace][gc,age         ] GC(692) - age   1:        192 bytes,        192 total
[18.872s][info ][gc,heap        ] GC(692) Eden regions: 253->0(253)
[18.872s][info ][gc,heap        ] GC(692) Survivor regions: 1->1(32)
[18.872s][info ][gc,heap        ] GC(692) Old regions: 11->11
[18.872s][info ][gc,heap        ] GC(692) Humongous regions: 0->0
[18.872s][info ][gc,metaspace   ] GC(692) Metaspace: 10117K(10368K)->10117K(10368K) NonClass: 9153K(9344K)->9153K(9344K) Class: 963K(1024K)->963K(1024K)
[18.872s][info ][gc             ] GC(692) Pause Young (Normal) (G1 Evacuation Pause) 256M->4M(424M) 0.602ms
[18.872s][info ][gc,cpu         ] GC(692) User=0.00s Sys=0.00s Real=0.00s
[18.888s][info ][gc,start       ] GC(693) Pause Young (Normal) (G1 Evacuation Pause)
[18.888s][info ][gc,task        ] GC(693) Using 9 workers of 9 for evacuation
[18.888s][debug][gc,age         ] GC(693) Desired survivor size 16777216 bytes, new threshold 15 (max threshold 15)
[18.889s][info ][gc,phases      ] GC(693)   Pre Evacuate Collection Set: 0.06ms
[18.889s][info ][gc,phases      ] GC(693)   Merge Heap Roots: 0.12ms
[18.889s][info ][gc,phases      ] GC(693)   Evacuate Collection Set: 0.11ms
[18.889s][info ][gc,phases      ] GC(693)   Post Evacuate Collection Set: 0.18ms
[18.889s][info ][gc,phases      ] GC(693)   Other: 0.06ms
[18.889s][trace][gc,age         ] GC(693) Age table:
[18.889s][trace][gc,age         ] GC(693) - age   1:        192 bytes,        192 total
[18.889s][info ][gc,heap        ] GC(693) Eden regions: 253->0(253)
[18.889s][info ][gc,heap        ] GC(693) Survivor regions: 1->1(32)
[18.889s][info ][gc,heap        ] GC(693) Old regions: 11->11
[18.889s][info ][gc,heap        ] GC(693) Humongous regions: 0->0
[18.889s][info ][gc,metaspace   ] GC(693) Metaspace: 10117K(10368K)->10117K(10368K) NonClass: 9153K(9344K)->9153K(9344K) Class: 963K(1024K)->963K(1024K)
[18.889s][info ][gc             ] GC(693) Pause Young (Normal) (G1 Evacuation Pause) 256M->4M(424M) 0.615ms
[18.889s][info ][gc,cpu         ] GC(693) User=0.00s Sys=0.01s Real=0.00s
[18.904s][info ][gc,start       ] GC(694) Pause Young (Normal) (G1 Evacuation Pause)
[18.904s][info ][gc,task        ] GC(694) Using 9 workers of 9 for evacuation
[18.904s][debug][gc,age         ] GC(694) Desired survivor size 16777216 bytes, new threshold 15 (max threshold 15)
[18.905s][info ][gc,phases      ] GC(694)   Pre Evacuate Collection Set: 0.08ms
[18.905s][info ][gc,phases      ] GC(694)   Merge Heap Roots: 0.08ms
[18.905s][info ][gc,phases      ] GC(694)   Evacuate Collection Set: 0.09ms
[18.905s][info ][gc,phases      ] GC(694)   Post Evacuate Collection Set: 0.17ms
[18.905s][info ][gc,phases      ] GC(694)   Other: 0.04ms
[18.905s][trace][gc,age         ] GC(694) Age table:
[18.905s][trace][gc,age         ] GC(694) - age   1:        192 bytes,        192 total
[18.905s][info ][gc,heap        ] GC(694) Eden regions: 253->0(253)
[18.905s][info ][gc,heap        ] GC(694) Survivor regions: 1->1(32)
[18.905s][info ][gc,heap        ] GC(694) Old regions: 11->11
[18.905s][info ][gc,heap        ] GC(694) Humongous regions: 0->0
[18.905s][info ][gc,metaspace   ] GC(694) Metaspace: 10117K(10368K)->10117K(10368K) NonClass: 9153K(9344K)->9153K(9344K) Class: 963K(1024K)->963K(1024K)
[18.905s][info ][gc             ] GC(694) Pause Young (Normal) (G1 Evacuation Pause) 256M->4M(424M) 0.549ms
[18.905s][info ][gc,cpu         ] GC(694) User=0.00s Sys=0.00s Real=0.00s
[18.920s][info ][gc,start       ] GC(695) Pause Young (Normal) (G1 Evacuation Pause)
[18.920s][info ][gc,task        ] GC(695) Using 9 workers of 9 for evacuation
[18.920s][debug][gc,age         ] GC(695) Desired survivor size 16777216 bytes, new threshold 15 (max threshold 15)
[18.921s][info ][gc,phases      ] GC(695)   Pre Evacuate Collection Set: 0.08ms
[18.921s][info ][gc,phases      ] GC(695)   Merge Heap Roots: 0.06ms
[18.921s][info ][gc,phases      ] GC(695)   Evacuate Collection Set: 0.10ms
[18.921s][info ][gc,phases      ] GC(695)   Post Evacuate Collection Set: 0.20ms
[18.921s][info ][gc,phases      ] GC(695)   Other: 0.06ms
[18.921s][trace][gc,age         ] GC(695) Age table:
[18.921s][trace][gc,age         ] GC(695) - age   1:        192 bytes,        192 total
[18.921s][info ][gc,heap        ] GC(695) Eden regions: 253->0(253)
[18.921s][info ][gc,heap        ] GC(695) Survivor regions: 1->1(32)
[18.921s][info ][gc,heap        ] GC(695) Old regions: 11->11
[18.921s][info ][gc,heap        ] GC(695) Humongous regions: 0->0
[18.921s][info ][gc,metaspace   ] GC(695) Metaspace: 10117K(10368K)->10117K(10368K) NonClass: 9153K(9344K)->9153K(9344K) Class: 963K(1024K)->963K(1024K)
[18.921s][info ][gc             ] GC(695) Pause Young (Normal) (G1 Evacuation Pause) 256M->4M(424M) 0.585ms
[18.921s][info ][gc,cpu         ] GC(695) User=0.00s Sys=0.00s Real=0.00s
[18.937s][info ][gc,start       ] GC(696) Pause Young (Normal) (G1 Evacuation Pause)
[18.937s][info ][gc,task        ] GC(696) Using 9 workers of 9 for evacuation
[18.937s][debug][gc,age         ] GC(696) Desired survivor size 16777216 bytes, new threshold 15 (max threshold 15)
[18.937s][info ][gc,phases      ] GC(696)   Pre Evacuate Collection Set: 0.07ms
[18.937s][info ][gc,phases      ] GC(696)   Merge Heap Roots: 0.09ms
[18.937s][info ][gc,phases      ] GC(696)   Evacuate Collection Set: 0.13ms
[18.937s][info ][gc,phases      ] GC(696)   Post Evacuate Collection Set: 0.16ms
[18.937s][info ][gc,phases      ] GC(696)   Other: 0.06ms
[18.937s][trace][gc,age         ] GC(696) Age table:
[18.937s][trace][gc,age         ] GC(696) - age   1:        192 bytes,        192 total
[18.937s][info ][gc,heap        ] GC(696) Eden regions: 253->0(253)
[18.937s][info ][gc,heap        ] GC(696) Survivor regions: 1->1(32)
[18.937s][info ][gc,heap        ] GC(696) Old regions: 11->11
[18.937s][info ][gc,heap        ] GC(696) Humongous regions: 0->0
[18.937s][info ][gc,metaspace   ] GC(696) Metaspace: 10117K(10368K)->10117K(10368K) NonClass: 9153K(9344K)->9153K(9344K) Class: 963K(1024K)->963K(1024K)
[18.937s][info ][gc             ] GC(696) Pause Young (Normal) (G1 Evacuation Pause) 256M->4M(424M) 0.606ms
[18.937s][info ][gc,cpu         ] GC(696) User=0.00s Sys=0.00s Real=0.00s
[18.953s][info ][gc,start       ] GC(697) Pause Young (Normal) (G1 Evacuation Pause)
[18.953s][info ][gc,task        ] GC(697) Using 9 workers of 9 for evacuation
[18.953s][debug][gc,age         ] GC(697) Desired survivor size 16777216 bytes, new threshold 15 (max threshold 15)
[18.953s][info ][gc,phases      ] GC(697)   Pre Evacuate Collection Set: 0.10ms
[18.953s][info ][gc,phases      ] GC(697)   Merge Heap Roots: 0.07ms
[18.953s][info ][gc,phases      ] GC(697)   Evacuate Collection Set: 0.09ms
[18.953s][info ][gc,phases      ] GC(697)   Post Evacuate Collection Set: 0.18ms
[18.954s][info ][gc,phases      ] GC(697)   Other: 0.07ms
[18.954s][trace][gc,age         ] GC(697) Age table:
[18.954s][trace][gc,age         ] GC(697) - age   1:        192 bytes,        192 total
[18.954s][info ][gc,heap        ] GC(697) Eden regions: 253->0(253)
[18.954s][info ][gc,heap        ] GC(697) Survivor regions: 1->1(32)
[18.954s][info ][gc,heap        ] GC(697) Old regions: 11->11
[18.954s][info ][gc,heap        ] GC(697) Humongous regions: 0->0
[18.954s][info ][gc,metaspace   ] GC(697) Metaspace: 10117K(10368K)->10117K(10368K) NonClass: 9153K(9344K)->9153K(9344K) Class: 963K(1024K)->963K(1024K)
[18.954s][info ][gc             ] GC(697) Pause Young (Normal) (G1 Evacuation Pause) 256M->4M(424M) 0.596ms
[18.954s][info ][gc,cpu         ] GC(697) User=0.00s Sys=0.00s Real=0.00s
[18.969s][info ][gc,start       ] GC(698) Pause Young (Normal) (G1 Evacuation Pause)
[18.969s][info ][gc,task        ] GC(698) Using 9 workers of 9 for evacuation
[18.969s][debug][gc,age         ] GC(698) Desired survivor size 16777216 bytes, new threshold 15 (max threshold 15)
[18.970s][info ][gc,phases      ] GC(698)   Pre Evacuate Collection Set: 0.06ms
[18.970s][info ][gc,phases      ] GC(698)   Merge Heap Roots: 0.07ms
[18.970s][info ][gc,phases      ] GC(698)   Evacuate Collection Set: 0.09ms
[18.970s][info ][gc,phases      ] GC(698)   Post Evacuate Collection Set: 0.19ms
[18.970s][info ][gc,phases      ] GC(698)   Other: 0.06ms
[18.970s][trace][gc,age         ] GC(698) Age table:
[18.970s][trace][gc,age         ] GC(698) - age   1:        192 bytes,        192 total
[18.970s][info ][gc,heap        ] GC(698) Eden regions: 253->0(253)
[18.970s][info ][gc,heap        ] GC(698) Survivor regions: 1->1(32)
[18.970s][info ][gc,heap        ] GC(698) Old regions: 11->11
[18.970s][info ][gc,heap        ] GC(698) Humongous regions: 0->0
[18.970s][info ][gc,metaspace   ] GC(698) Metaspace: 10117K(10368K)->10117K(10368K) NonClass: 9153K(9344K)->9153K(9344K) Class: 963K(1024K)->963K(1024K)
[18.970s][info ][gc             ] GC(698) Pause Young (Normal) (G1 Evacuation Pause) 256M->4M(424M) 0.562ms
[18.970s][info ][gc,cpu         ] GC(698) User=0.00s Sys=0.00s Real=0.00s
[18.985s][info ][gc,start       ] GC(699) Pause Young (Normal) (G1 Evacuation Pause)
[18.985s][info ][gc,task        ] GC(699) Using 9 workers of 9 for evacuation
[18.985s][debug][gc,age         ] GC(699) Desired survivor size 16777216 bytes, new threshold 15 (max threshold 15)
[18.986s][info ][gc,phases      ] GC(699)   Pre Evacuate Collection Set: 0.09ms
[18.986s][info ][gc,phases      ] GC(699)   Merge Heap Roots: 0.08ms
[18.986s][info ][gc,phases      ] GC(699)   Evacuate Collection Set: 0.08ms
[18.986s][info ][gc,phases      ] GC(699)   Post Evacuate Collection Set: 0.19ms
[18.986s][info ][gc,phases      ] GC(699)   Other: 0.04ms
[18.986s][trace][gc,age         ] GC(699) Age table:
[18.986s][trace][gc,age         ] GC(699) - age   1:        192 bytes,        192 total
[18.986s][info ][gc,heap        ] GC(699) Eden regions: 253->0(253)
[18.986s][info ][gc,heap        ] GC(699) Survivor regions: 1->1(32)
[18.986s][info ][gc,heap        ] GC(699) Old regions: 11->11
[18.986s][info ][gc,heap        ] GC(699) Humongous regions: 0->0
[18.986s][info ][gc,metaspace   ] GC(699) Metaspace: 10117K(10368K)->10117K(10368K) NonClass: 9153K(9344K)->9153K(9344K) Class: 963K(1024K)->963K(1024K)
[18.986s][info ][gc             ] GC(699) Pause Young (Normal) (G1 Evacuation Pause) 256M->4M(424M) 0.578ms
[18.986s][info ][gc,cpu         ] GC(699) User=0.00s Sys=0.00s Real=0.00s
[19.002s][info ][gc,start       ] GC(700) Pause Young (Normal) (G1 Evacuation Pause)
[19.002s][info ][gc,task        ] GC(700) Using 9 workers of 9 for evacuation
[19.002s][debug][gc,age         ] GC(700) Desired survivor size 16777216 bytes, new threshold 15 (max threshold 15)
[19.002s][info ][gc,phases      ] GC(700)   Pre Evacuate Collection Set: 0.09ms
[19.002s][info ][gc,phases      ] GC(700)   Merge Heap Roots: 0.09ms
[19.002s][info ][gc,phases      ] GC(700)   Evacuate Collection Set: 0.09ms
[19.002s][info ][gc,phases      ] GC(700)   Post Evacuate Collection Set: 0.16ms
[19.002s][info ][gc,phases      ] GC(700)   Other: 0.05ms
[19.002s][trace][gc,age         ] GC(700) Age table:
[19.002s][trace][gc,age         ] GC(700) - age   1:        192 bytes,        192 total
[19.002s][info ][gc,heap        ] GC(700) Eden regions: 253->0(253)
[19.002s][info ][gc,heap        ] GC(700) Survivor regions: 1->1(32)
[19.002s][info ][gc,heap        ] GC(700) Old regions: 11->11
[19.002s][info ][gc,heap        ] GC(700) Humongous regions: 0->0
[19.002s][info ][gc,metaspace   ] GC(700) Metaspace: 10117K(10368K)->10117K(10368K) NonClass: 9153K(9344K)->9153K(9344K) Class: 963K(1024K)->963K(1024K)
[19.002s][info ][gc             ] GC(700) Pause Young (Normal) (G1 Evacuation Pause) 256M->4M(424M) 0.574ms
[19.002s][info ][gc,cpu         ] GC(700) User=0.00s Sys=0.00s Real=0.00s
[19.018s][info ][gc,start       ] GC(701) Pause Young (Normal) (G1 Evacuation Pause)
[19.018s][info ][gc,task        ] GC(701) Using 9 workers of 9 for evacuation
[19.018s][debug][gc,age         ] GC(701) Desired survivor size 16777216 bytes, new threshold 15 (max threshold 15)
[19.018s][info ][gc,phases      ] GC(701)   Pre Evacuate Collection Set: 0.09ms
[19.018s][info ][gc,phases      ] GC(701)   Merge Heap Roots: 0.06ms
[19.018s][info ][gc,phases      ] GC(701)   Evacuate Collection Set: 0.11ms
[19.018s][info ][gc,phases      ] GC(701)   Post Evacuate Collection Set: 0.16ms
[19.018s][info ][gc,phases      ] GC(701)   Other: 0.05ms
[19.018s][trace][gc,age         ] GC(701) Age table:
[19.018s][trace][gc,age         ] GC(701) - age   1:        192 bytes,        192 total
[19.018s][info ][gc,heap        ] GC(701) Eden regions: 253->0(253)
[19.018s][info ][gc,heap        ] GC(701) Survivor regions: 1->1(32)
[19.018s][info ][gc,heap        ] GC(701) Old regions: 11->11
[19.018s][info ][gc,heap        ] GC(701) Humongous regions: 0->0
[19.018s][info ][gc,metaspace   ] GC(701) Metaspace: 10117K(10368K)->10117K(10368K) NonClass: 9153K(9344K)->9153K(9344K) Class: 963K(1024K)->963K(1024K)
[19.018s][info ][gc             ] GC(701) Pause Young (Normal) (G1 Evacuation Pause) 256M->4M(424M) 0.563ms
[19.018s][info ][gc,cpu         ] GC(701) User=0.01s Sys=0.00s Real=0.00s
[19.034s][info ][gc,start       ] GC(702) Pause Young (Normal) (G1 Evacuation Pause)
[19.034s][info ][gc,task        ] GC(702) Using 9 workers of 9 for evacuation
[19.034s][debug][gc,age         ] GC(702) Desired survivor size 16777216 bytes, new threshold 15 (max threshold 15)
[19.034s][info ][gc,phases      ] GC(702)   Pre Evacuate Collection Set: 0.12ms
[19.034s][info ][gc,phases      ] GC(702)   Merge Heap Roots: 0.06ms
[19.034s][info ][gc,phases      ] GC(702)   Evacuate Collection Set: 0.07ms
[19.034s][info ][gc,phases      ] GC(702)   Post Evacuate Collection Set: 0.16ms
[19.034s][info ][gc,phases      ] GC(702)   Other: 0.06ms
[19.034s][trace][gc,age         ] GC(702) Age table:
[19.034s][trace][gc,age         ] GC(702) - age   1:        192 bytes,        192 total
[19.034s][info ][gc,heap        ] GC(702) Eden regions: 253->0(253)
[19.034s][info ][gc,heap        ] GC(702) Survivor regions: 1->1(32)
[19.034s][info ][gc,heap        ] GC(702) Old regions: 11->11
[19.034s][info ][gc,heap        ] GC(702) Humongous regions: 0->0
[19.034s][info ][gc,metaspace   ] GC(702) Metaspace: 10117K(10368K)->10117K(10368K) NonClass: 9153K(9344K)->9153K(9344K) Class: 963K(1024K)->963K(1024K)
[19.034s][info ][gc             ] GC(702) Pause Young (Normal) (G1 Evacuation Pause) 256M->4M(424M) 0.580ms
[19.034s][info ][gc,cpu         ] GC(702) User=0.00s Sys=0.00s Real=0.00s
[19.050s][info ][gc,start       ] GC(703) Pause Young (Normal) (G1 Evacuation Pause)
[19.050s][info ][gc,task        ] GC(703) Using 9 workers of 9 for evacuation
[19.050s][debug][gc,age         ] GC(703) Desired survivor size 16777216 bytes, new threshold 15 (max threshold 15)
[19.051s][info ][gc,phases      ] GC(703)   Pre Evacuate Collection Set: 0.08ms
[19.051s][info ][gc,phases      ] GC(703)   Merge Heap Roots: 0.07ms
[19.051s][info ][gc,phases      ] GC(703)   Evacuate Collection Set: 0.09ms
[19.051s][info ][gc,phases      ] GC(703)   Post Evacuate Collection Set: 0.17ms
[19.051s][info ][gc,phases      ] GC(703)   Other: 0.05ms
[19.051s][trace][gc,age         ] GC(703) Age table:
[19.051s][trace][gc,age         ] GC(703) - age   1:        192 bytes,        192 total
[19.051s][info ][gc,heap        ] GC(703) Eden regions: 253->0(253)
[19.051s][info ][gc,heap        ] GC(703) Survivor regions: 1->1(32)
[19.051s][info ][gc,heap        ] GC(703) Old regions: 11->11
[19.051s][info ][gc,heap        ] GC(703) Humongous regions: 0->0
[19.051s][info ][gc,metaspace   ] GC(703) Metaspace: 10117K(10368K)->10117K(10368K) NonClass: 9153K(9344K)->9153K(9344K) Class: 963K(1024K)->963K(1024K)
[19.051s][info ][gc             ] GC(703) Pause Young (Normal) (G1 Evacuation Pause) 256M->4M(424M) 0.553ms
[19.051s][info ][gc,cpu         ] GC(703) User=0.00s Sys=0.00s Real=0.00s
[19.066s][info ][gc,start       ] GC(704) Pause Young (Normal) (G1 Evacuation Pause)
[19.066s][info ][gc,task        ] GC(704) Using 9 workers of 9 for evacuation
[19.066s][debug][gc,age         ] GC(704) Desired survivor size 16777216 bytes, new threshold 15 (max threshold 15)
[19.067s][info ][gc,phases      ] GC(704)   Pre Evacuate Collection Set: 0.08ms
[19.067s][info ][gc,phases      ] GC(704)   Merge Heap Roots: 0.04ms
[19.067s][info ][gc,phases      ] GC(704)   Evacuate Collection Set: 0.13ms
[19.067s][info ][gc,phases      ] GC(704)   Post Evacuate Collection Set: 0.17ms
[19.067s][info ][gc,phases      ] GC(704)   Other: 0.04ms
[19.067s][trace][gc,age         ] GC(704) Age table:
[19.067s][trace][gc,age         ] GC(704) - age   1:        192 bytes,        192 total
[19.067s][info ][gc,heap        ] GC(704) Eden regions: 253->0(253)
[19.067s][info ][gc,heap        ] GC(704) Survivor regions: 1->1(32)
[19.067s][info ][gc,heap        ] GC(704) Old regions: 11->11
[19.067s][info ][gc,heap        ] GC(704) Humongous regions: 0->0
[19.067s][info ][gc,metaspace   ] GC(704) Metaspace: 10117K(10368K)->10117K(10368K) NonClass: 9153K(9344K)->9153K(9344K) Class: 963K(1024K)->963K(1024K)
[19.067s][info ][gc             ] GC(704) Pause Young (Normal) (G1 Evacuation Pause) 256M->4M(424M) 0.554ms
[19.067s][info ][gc,cpu         ] GC(704) User=0.01s Sys=0.00s Real=0.00s
[19.082s][info ][gc,start       ] GC(705) Pause Young (Normal) (G1 Evacuation Pause)
[19.082s][info ][gc,task        ] GC(705) Using 9 workers of 9 for evacuation
[19.082s][debug][gc,age         ] GC(705) Desired survivor size 16777216 bytes, new threshold 15 (max threshold 15)
[19.083s][info ][gc,phases      ] GC(705)   Pre Evacuate Collection Set: 0.10ms
[19.083s][info ][gc,phases      ] GC(705)   Merge Heap Roots: 0.06ms
[19.083s][info ][gc,phases      ] GC(705)   Evacuate Collection Set: 0.13ms
[19.083s][info ][gc,phases      ] GC(705)   Post Evacuate Collection Set: 0.21ms
[19.083s][info ][gc,phases      ] GC(705)   Other: 0.06ms
[19.083s][trace][gc,age         ] GC(705) Age table:
[19.083s][trace][gc,age         ] GC(705) - age   1:        192 bytes,        192 total
[19.083s][info ][gc,heap        ] GC(705) Eden regions: 253->0(253)
[19.083s][info ][gc,heap        ] GC(705) Survivor regions: 1->1(32)
[19.083s][info ][gc,heap        ] GC(705) Old regions: 11->11
[19.083s][info ][gc,heap        ] GC(705) Humongous regions: 0->0
[19.083s][info ][gc,metaspace   ] GC(705) Metaspace: 10117K(10368K)->10117K(10368K) NonClass: 9153K(9344K)->9153K(9344K) Class: 963K(1024K)->963K(1024K)
[19.083s][info ][gc             ] GC(705) Pause Young (Normal) (G1 Evacuation Pause) 256M->4M(424M) 0.640ms
[19.083s][info ][gc,cpu         ] GC(705) User=0.00s Sys=0.00s Real=0.00s
[19.099s][info ][gc,start       ] GC(706) Pause Young (Normal) (G1 Evacuation Pause)
[19.099s][info ][gc,task        ] GC(706) Using 9 workers of 9 for evacuation
[19.099s][debug][gc,age         ] GC(706) Desired survivor size 16777216 bytes, new threshold 15 (max threshold 15)
[19.099s][info ][gc,phases      ] GC(706)   Pre Evacuate Collection Set: 0.10ms
[19.099s][info ][gc,phases      ] GC(706)   Merge Heap Roots: 0.07ms
[19.099s][info ][gc,phases      ] GC(706)   Evacuate Collection Set: 0.07ms
[19.099s][info ][gc,phases      ] GC(706)   Post Evacuate Collection Set: 0.16ms
[19.099s][info ][gc,phases      ] GC(706)   Other: 0.06ms
[19.099s][trace][gc,age         ] GC(706) Age table:
[19.099s][trace][gc,age         ] GC(706) - age   1:        192 bytes,        192 total
[19.099s][info ][gc,heap        ] GC(706) Eden regions: 253->0(253)
[19.099s][info ][gc,heap        ] GC(706) Survivor regions: 1->1(32)
[19.099s][info ][gc,heap        ] GC(706) Old regions: 11->11
[19.099s][info ][gc,heap        ] GC(706) Humongous regions: 0->0
[19.099s][info ][gc,metaspace   ] GC(706) Metaspace: 10117K(10368K)->10117K(10368K) NonClass: 9153K(9344K)->9153K(9344K) Class: 963K(1024K)->963K(1024K)
[19.099s][info ][gc             ] GC(706) Pause Young (Normal) (G1 Evacuation Pause) 256M->4M(424M) 0.551ms
[19.099s][info ][gc,cpu         ] GC(706) User=0.00s Sys=0.00s Real=0.00s
[19.115s][info ][gc,start       ] GC(707) Pause Young (Normal) (G1 Evacuation Pause)
[19.115s][info ][gc,task        ] GC(707) Using 9 workers of 9 for evacuation
[19.115s][debug][gc,age         ] GC(707) Desired survivor size 16777216 bytes, new threshold 15 (max threshold 15)
[19.115s][info ][gc,phases      ] GC(707)   Pre Evacuate Collection Set: 0.07ms
[19.115s][info ][gc,phases      ] GC(707)   Merge Heap Roots: 0.06ms
[19.115s][info ][gc,phases      ] GC(707)   Evacuate Collection Set: 0.13ms
[19.115s][info ][gc,phases      ] GC(707)   Post Evacuate Collection Set: 0.16ms
[19.115s][info ][gc,phases      ] GC(707)   Other: 0.04ms
[19.115s][trace][gc,age         ] GC(707) Age table:
[19.115s][trace][gc,age         ] GC(707) - age   1:        192 bytes,        192 total
[19.115s][info ][gc,heap        ] GC(707) Eden regions: 253->0(253)
[19.115s][info ][gc,heap        ] GC(707) Survivor regions: 1->1(32)
[19.115s][info ][gc,heap        ] GC(707) Old regions: 11->11
[19.115s][info ][gc,heap        ] GC(707) Humongous regions: 0->0
[19.115s][info ][gc,metaspace   ] GC(707) Metaspace: 10117K(10368K)->10117K(10368K) NonClass: 9153K(9344K)->9153K(9344K) Class: 963K(1024K)->963K(1024K)
[19.115s][info ][gc             ] GC(707) Pause Young (Normal) (G1 Evacuation Pause) 256M->4M(424M) 0.535ms
[19.115s][info ][gc,cpu         ] GC(707) User=0.00s Sys=0.00s Real=0.01s
[19.131s][info ][gc,start       ] GC(708) Pause Young (Normal) (G1 Evacuation Pause)
[19.131s][info ][gc,task        ] GC(708) Using 9 workers of 9 for evacuation
[19.131s][debug][gc,age         ] GC(708) Desired survivor size 16777216 bytes, new threshold 15 (max threshold 15)
[19.131s][info ][gc,phases      ] GC(708)   Pre Evacuate Collection Set: 0.09ms
[19.131s][info ][gc,phases      ] GC(708)   Merge Heap Roots: 0.06ms
[19.131s][info ][gc,phases      ] GC(708)   Evacuate Collection Set: 0.13ms
[19.131s][info ][gc,phases      ] GC(708)   Post Evacuate Collection Set: 0.18ms
[19.131s][info ][gc,phases      ] GC(708)   Other: 0.06ms
[19.131s][trace][gc,age         ] GC(708) Age table:
[19.131s][trace][gc,age         ] GC(708) - age   1:        192 bytes,        192 total
[19.131s][info ][gc,heap        ] GC(708) Eden regions: 253->0(253)
[19.131s][info ][gc,heap        ] GC(708) Survivor regions: 1->1(32)
[19.131s][info ][gc,heap        ] GC(708) Old regions: 11->11
[19.131s][info ][gc,heap        ] GC(708) Humongous regions: 0->0
[19.131s][info ][gc,metaspace   ] GC(708) Metaspace: 10117K(10368K)->10117K(10368K) NonClass: 9153K(9344K)->9153K(9344K) Class: 963K(1024K)->963K(1024K)
[19.132s][info ][gc             ] GC(708) Pause Young (Normal) (G1 Evacuation Pause) 256M->4M(424M) 0.619ms
[19.132s][info ][gc,cpu         ] GC(708) User=0.00s Sys=0.00s Real=0.00s
[19.147s][info ][gc,start       ] GC(709) Pause Young (Normal) (G1 Evacuation Pause)
[19.147s][info ][gc,task        ] GC(709) Using 9 workers of 9 for evacuation
[19.147s][debug][gc,age         ] GC(709) Desired survivor size 16777216 bytes, new threshold 15 (max threshold 15)
[19.147s][info ][gc,phases      ] GC(709)   Pre Evacuate Collection Set: 0.09ms
[19.147s][info ][gc,phases      ] GC(709)   Merge Heap Roots: 0.07ms
[19.147s][info ][gc,phases      ] GC(709)   Evacuate Collection Set: 0.11ms
[19.147s][info ][gc,phases      ] GC(709)   Post Evacuate Collection Set: 0.16ms
[19.148s][info ][gc,phases      ] GC(709)   Other: 0.04ms
[19.148s][trace][gc,age         ] GC(709) Age table:
[19.148s][trace][gc,age         ] GC(709) - age   1:        192 bytes,        192 total
[19.148s][info ][gc,heap        ] GC(709) Eden regions: 253->0(253)
[19.148s][info ][gc,heap        ] GC(709) Survivor regions: 1->1(32)
[19.148s][info ][gc,heap        ] GC(709) Old regions: 11->11
[19.148s][info ][gc,heap        ] GC(709) Humongous regions: 0->0
[19.148s][info ][gc,metaspace   ] GC(709) Metaspace: 10117K(10368K)->10117K(10368K) NonClass: 9153K(9344K)->9153K(9344K) Class: 963K(1024K)->963K(1024K)
[19.148s][info ][gc             ] GC(709) Pause Young (Normal) (G1 Evacuation Pause) 256M->4M(424M) 0.563ms
[19.148s][info ][gc,cpu         ] GC(709) User=0.00s Sys=0.00s Real=0.00s
[19.163s][info ][gc,start       ] GC(710) Pause Young (Normal) (G1 Evacuation Pause)
[19.163s][info ][gc,task        ] GC(710) Using 9 workers of 9 for evacuation
[19.163s][debug][gc,age         ] GC(710) Desired survivor size 16777216 bytes, new threshold 15 (max threshold 15)
[19.164s][info ][gc,phases      ] GC(710)   Pre Evacuate Collection Set: 0.07ms
[19.164s][info ][gc,phases      ] GC(710)   Merge Heap Roots: 0.06ms
[19.164s][info ][gc,phases      ] GC(710)   Evacuate Collection Set: 0.11ms
[19.164s][info ][gc,phases      ] GC(710)   Post Evacuate Collection Set: 0.14ms
[19.164s][info ][gc,phases      ] GC(710)   Other: 0.04ms
[19.164s][trace][gc,age         ] GC(710) Age table:
[19.164s][trace][gc,age         ] GC(710) - age   1:        192 bytes,        192 total
[19.164s][info ][gc,heap        ] GC(710) Eden regions: 253->0(253)
[19.164s][info ][gc,heap        ] GC(710) Survivor regions: 1->1(32)
[19.164s][info ][gc,heap        ] GC(710) Old regions: 11->11
[19.164s][info ][gc,heap        ] GC(710) Humongous regions: 0->0
[19.164s][info ][gc,metaspace   ] GC(710) Metaspace: 10117K(10368K)->10117K(10368K) NonClass: 9153K(9344K)->9153K(9344K) Class: 963K(1024K)->963K(1024K)
[19.164s][info ][gc             ] GC(710) Pause Young (Normal) (G1 Evacuation Pause) 256M->4M(424M) 0.496ms
[19.164s][info ][gc,cpu         ] GC(710) User=0.00s Sys=0.00s Real=0.00s
[19.179s][info ][gc,start       ] GC(711) Pause Young (Normal) (G1 Evacuation Pause)
[19.180s][info ][gc,task        ] GC(711) Using 9 workers of 9 for evacuation
[19.180s][debug][gc,age         ] GC(711) Desired survivor size 16777216 bytes, new threshold 15 (max threshold 15)
[19.180s][info ][gc,phases      ] GC(711)   Pre Evacuate Collection Set: 0.06ms
[19.180s][info ][gc,phases      ] GC(711)   Merge Heap Roots: 0.09ms
[19.180s][info ][gc,phases      ] GC(711)   Evacuate Collection Set: 0.09ms
[19.180s][info ][gc,phases      ] GC(711)   Post Evacuate Collection Set: 0.18ms
[19.180s][info ][gc,phases      ] GC(711)   Other: 0.07ms
[19.180s][trace][gc,age         ] GC(711) Age table:
[19.180s][trace][gc,age         ] GC(711) - age   1:        192 bytes,        192 total
[19.180s][info ][gc,heap        ] GC(711) Eden regions: 253->0(253)
[19.180s][info ][gc,heap        ] GC(711) Survivor regions: 1->1(32)
[19.180s][info ][gc,heap        ] GC(711) Old regions: 11->11
[19.180s][info ][gc,heap        ] GC(711) Humongous regions: 0->0
[19.180s][info ][gc,metaspace   ] GC(711) Metaspace: 10117K(10368K)->10117K(10368K) NonClass: 9153K(9344K)->9153K(9344K) Class: 963K(1024K)->963K(1024K)
[19.180s][info ][gc             ] GC(711) Pause Young (Normal) (G1 Evacuation Pause) 256M->4M(424M) 0.585ms
[19.180s][info ][gc,cpu         ] GC(711) User=0.00s Sys=0.00s Real=0.00s
[19.196s][info ][gc,start       ] GC(712) Pause Young (Normal) (G1 Evacuation Pause)
[19.196s][info ][gc,task        ] GC(712) Using 9 workers of 9 for evacuation
[19.196s][debug][gc,age         ] GC(712) Desired survivor size 16777216 bytes, new threshold 15 (max threshold 15)
[19.196s][info ][gc,phases      ] GC(712)   Pre Evacuate Collection Set: 0.07ms
[19.196s][info ][gc,phases      ] GC(712)   Merge Heap Roots: 0.10ms
[19.196s][info ][gc,phases      ] GC(712)   Evacuate Collection Set: 0.10ms
[19.196s][info ][gc,phases      ] GC(712)   Post Evacuate Collection Set: 0.19ms
[19.196s][info ][gc,phases      ] GC(712)   Other: 0.05ms
[19.196s][trace][gc,age         ] GC(712) Age table:
[19.196s][trace][gc,age         ] GC(712) - age   1:        192 bytes,        192 total
[19.196s][info ][gc,heap        ] GC(712) Eden regions: 253->0(253)
[19.196s][info ][gc,heap        ] GC(712) Survivor regions: 1->1(32)
[19.196s][info ][gc,heap        ] GC(712) Old regions: 11->11
[19.196s][info ][gc,heap        ] GC(712) Humongous regions: 0->0
[19.196s][info ][gc,metaspace   ] GC(712) Metaspace: 10117K(10368K)->10117K(10368K) NonClass: 9153K(9344K)->9153K(9344K) Class: 963K(1024K)->963K(1024K)
[19.196s][info ][gc             ] GC(712) Pause Young (Normal) (G1 Evacuation Pause) 256M->4M(424M) 0.587ms
[19.196s][info ][gc,cpu         ] GC(712) User=0.00s Sys=0.00s Real=0.00s
[19.212s][info ][gc,start       ] GC(713) Pause Young (Normal) (G1 Evacuation Pause)
[19.212s][info ][gc,task        ] GC(713) Using 9 workers of 9 for evacuation
[19.212s][debug][gc,age         ] GC(713) Desired survivor size 16777216 bytes, new threshold 15 (max threshold 15)
[19.213s][info ][gc,phases      ] GC(713)   Pre Evacuate Collection Set: 0.07ms
[19.213s][info ][gc,phases      ] GC(713)   Merge Heap Roots: 0.07ms
[19.213s][info ][gc,phases      ] GC(713)   Evacuate Collection Set: 0.11ms
[19.213s][info ][gc,phases      ] GC(713)   Post Evacuate Collection Set: 0.18ms
[19.213s][info ][gc,phases      ] GC(713)   Other: 0.05ms
[19.213s][trace][gc,age         ] GC(713) Age table:
[19.213s][trace][gc,age         ] GC(713) - age   1:        192 bytes,        192 total
[19.213s][info ][gc,heap        ] GC(713) Eden regions: 253->0(253)
[19.213s][info ][gc,heap        ] GC(713) Survivor regions: 1->1(32)
[19.213s][info ][gc,heap        ] GC(713) Old regions: 11->11
[19.213s][info ][gc,heap        ] GC(713) Humongous regions: 0->0
[19.213s][info ][gc,metaspace   ] GC(713) Metaspace: 10117K(10368K)->10117K(10368K) NonClass: 9153K(9344K)->9153K(9344K) Class: 963K(1024K)->963K(1024K)
[19.213s][info ][gc             ] GC(713) Pause Young (Normal) (G1 Evacuation Pause) 256M->4M(424M) 0.572ms
[19.213s][info ][gc,cpu         ] GC(713) User=0.00s Sys=0.00s Real=0.00s
[19.228s][info ][gc,start       ] GC(714) Pause Young (Normal) (G1 Evacuation Pause)
[19.228s][info ][gc,task        ] GC(714) Using 9 workers of 9 for evacuation
[19.228s][debug][gc,age         ] GC(714) Desired survivor size 16777216 bytes, new threshold 15 (max threshold 15)
[19.229s][info ][gc,phases      ] GC(714)   Pre Evacuate Collection Set: 0.09ms
[19.229s][info ][gc,phases      ] GC(714)   Merge Heap Roots: 0.07ms
[19.229s][info ][gc,phases      ] GC(714)   Evacuate Collection Set: 0.10ms
[19.229s][info ][gc,phases      ] GC(714)   Post Evacuate Collection Set: 0.17ms
[19.229s][info ][gc,phases      ] GC(714)   Other: 0.04ms
[19.229s][trace][gc,age         ] GC(714) Age table:
[19.229s][trace][gc,age         ] GC(714) - age   1:        192 bytes,        192 total
[19.229s][info ][gc,heap        ] GC(714) Eden regions: 253->0(253)
[19.229s][info ][gc,heap        ] GC(714) Survivor regions: 1->1(32)
[19.229s][info ][gc,heap        ] GC(714) Old regions: 11->11
[19.229s][info ][gc,heap        ] GC(714) Humongous regions: 0->0
[19.229s][info ][gc,metaspace   ] GC(714) Metaspace: 10117K(10368K)->10117K(10368K) NonClass: 9153K(9344K)->9153K(9344K) Class: 963K(1024K)->963K(1024K)
[19.229s][info ][gc             ] GC(714) Pause Young (Normal) (G1 Evacuation Pause) 256M->4M(424M) 0.553ms
[19.229s][info ][gc,cpu         ] GC(714) User=0.00s Sys=0.00s Real=0.00s
[19.244s][info ][gc,start       ] GC(715) Pause Young (Normal) (G1 Evacuation Pause)
[19.245s][info ][gc,task        ] GC(715) Using 9 workers of 9 for evacuation
[19.245s][debug][gc,age         ] GC(715) Desired survivor size 16777216 bytes, new threshold 15 (max threshold 15)
[19.245s][info ][gc,phases      ] GC(715)   Pre Evacuate Collection Set: 0.08ms
[19.245s][info ][gc,phases      ] GC(715)   Merge Heap Roots: 0.05ms
[19.245s][info ][gc,phases      ] GC(715)   Evacuate Collection Set: 0.13ms
[19.245s][info ][gc,phases      ] GC(715)   Post Evacuate Collection Set: 0.20ms
[19.245s][info ][gc,phases      ] GC(715)   Other: 0.07ms
[19.245s][trace][gc,age         ] GC(715) Age table:
[19.245s][trace][gc,age         ] GC(715) - age   1:        192 bytes,        192 total
[19.245s][info ][gc,heap        ] GC(715) Eden regions: 253->0(253)
[19.245s][info ][gc,heap        ] GC(715) Survivor regions: 1->1(32)
[19.245s][info ][gc,heap        ] GC(715) Old regions: 11->11
[19.245s][info ][gc,heap        ] GC(715) Humongous regions: 0->0
[19.245s][info ][gc,metaspace   ] GC(715) Metaspace: 10117K(10368K)->10117K(10368K) NonClass: 9153K(9344K)->9153K(9344K) Class: 963K(1024K)->963K(1024K)
[19.245s][info ][gc             ] GC(715) Pause Young (Normal) (G1 Evacuation Pause) 256M->4M(424M) 0.632ms
[19.245s][info ][gc,cpu         ] GC(715) User=0.00s Sys=0.00s Real=0.01s
[19.261s][info ][gc,start       ] GC(716) Pause Young (Normal) (G1 Evacuation Pause)
[19.261s][info ][gc,task        ] GC(716) Using 9 workers of 9 for evacuation
[19.261s][debug][gc,age         ] GC(716) Desired survivor size 16777216 bytes, new threshold 15 (max threshold 15)
[19.261s][info ][gc,phases      ] GC(716)   Pre Evacuate Collection Set: 0.06ms
[19.261s][info ][gc,phases      ] GC(716)   Merge Heap Roots: 0.06ms
[19.261s][info ][gc,phases      ] GC(716)   Evacuate Collection Set: 0.13ms
[19.261s][info ][gc,phases      ] GC(716)   Post Evacuate Collection Set: 0.17ms
[19.261s][info ][gc,phases      ] GC(716)   Other: 0.06ms
[19.261s][trace][gc,age         ] GC(716) Age table:
[19.261s][trace][gc,age         ] GC(716) - age   1:        192 bytes,        192 total
[19.261s][info ][gc,heap        ] GC(716) Eden regions: 253->0(253)
[19.261s][info ][gc,heap        ] GC(716) Survivor regions: 1->1(32)
[19.261s][info ][gc,heap        ] GC(716) Old regions: 11->11
[19.261s][info ][gc,heap        ] GC(716) Humongous regions: 0->0
[19.261s][info ][gc,metaspace   ] GC(716) Metaspace: 10117K(10368K)->10117K(10368K) NonClass: 9153K(9344K)->9153K(9344K) Class: 963K(1024K)->963K(1024K)
[19.261s][info ][gc             ] GC(716) Pause Young (Normal) (G1 Evacuation Pause) 256M->4M(424M) 0.566ms
[19.261s][info ][gc,cpu         ] GC(716) User=0.00s Sys=0.00s Real=0.00s
[19.277s][info ][gc,start       ] GC(717) Pause Young (Normal) (G1 Evacuation Pause)
[19.277s][info ][gc,task        ] GC(717) Using 9 workers of 9 for evacuation
[19.277s][debug][gc,age         ] GC(717) Desired survivor size 16777216 bytes, new threshold 15 (max threshold 15)
[19.277s][info ][gc,phases      ] GC(717)   Pre Evacuate Collection Set: 0.07ms
[19.277s][info ][gc,phases      ] GC(717)   Merge Heap Roots: 0.07ms
[19.277s][info ][gc,phases      ] GC(717)   Evacuate Collection Set: 0.10ms
[19.277s][info ][gc,phases      ] GC(717)   Post Evacuate Collection Set: 0.20ms
[19.277s][info ][gc,phases      ] GC(717)   Other: 0.05ms
[19.277s][trace][gc,age         ] GC(717) Age table:
[19.277s][trace][gc,age         ] GC(717) - age   1:        192 bytes,        192 total
[19.277s][info ][gc,heap        ] GC(717) Eden regions: 253->0(253)
[19.277s][info ][gc,heap        ] GC(717) Survivor regions: 1->1(32)
[19.277s][info ][gc,heap        ] GC(717) Old regions: 11->11
[19.277s][info ][gc,heap        ] GC(717) Humongous regions: 0->0
[19.277s][info ][gc,metaspace   ] GC(717) Metaspace: 10117K(10368K)->10117K(10368K) NonClass: 9153K(9344K)->9153K(9344K) Class: 963K(1024K)->963K(1024K)
[19.277s][info ][gc             ] GC(717) Pause Young (Normal) (G1 Evacuation Pause) 256M->4M(424M) 0.575ms
[19.277s][info ][gc,cpu         ] GC(717) User=0.00s Sys=0.00s Real=0.00s
[19.293s][info ][gc,start       ] GC(718) Pause Young (Normal) (G1 Evacuation Pause)
[19.293s][info ][gc,task        ] GC(718) Using 9 workers of 9 for evacuation
[19.293s][debug][gc,age         ] GC(718) Desired survivor size 16777216 bytes, new threshold 15 (max threshold 15)
[19.293s][info ][gc,phases      ] GC(718)   Pre Evacuate Collection Set: 0.07ms
[19.293s][info ][gc,phases      ] GC(718)   Merge Heap Roots: 0.06ms
[19.293s][info ][gc,phases      ] GC(718)   Evacuate Collection Set: 0.12ms
[19.293s][info ][gc,phases      ] GC(718)   Post Evacuate Collection Set: 0.17ms
[19.293s][info ][gc,phases      ] GC(718)   Other: 0.06ms
[19.293s][trace][gc,age         ] GC(718) Age table:
[19.293s][trace][gc,age         ] GC(718) - age   1:        192 bytes,        192 total
[19.293s][info ][gc,heap        ] GC(718) Eden regions: 253->0(253)
[19.293s][info ][gc,heap        ] GC(718) Survivor regions: 1->1(32)
[19.293s][info ][gc,heap        ] GC(718) Old regions: 11->11
[19.293s][info ][gc,heap        ] GC(718) Humongous regions: 0->0
[19.293s][info ][gc,metaspace   ] GC(718) Metaspace: 10117K(10368K)->10117K(10368K) NonClass: 9153K(9344K)->9153K(9344K) Class: 963K(1024K)->963K(1024K)
[19.293s][info ][gc             ] GC(718) Pause Young (Normal) (G1 Evacuation Pause) 256M->4M(424M) 0.572ms
[19.293s][info ][gc,cpu         ] GC(718) User=0.00s Sys=0.01s Real=0.00s
[19.309s][info ][gc,start       ] GC(719) Pause Young (Normal) (G1 Evacuation Pause)
[19.309s][info ][gc,task        ] GC(719) Using 9 workers of 9 for evacuation
[19.309s][debug][gc,age         ] GC(719) Desired survivor size 16777216 bytes, new threshold 15 (max threshold 15)
[19.310s][info ][gc,phases      ] GC(719)   Pre Evacuate Collection Set: 0.07ms
[19.310s][info ][gc,phases      ] GC(719)   Merge Heap Roots: 0.08ms
[19.310s][info ][gc,phases      ] GC(719)   Evacuate Collection Set: 0.10ms
[19.310s][info ][gc,phases      ] GC(719)   Post Evacuate Collection Set: 0.19ms
[19.310s][info ][gc,phases      ] GC(719)   Other: 0.07ms
[19.310s][trace][gc,age         ] GC(719) Age table:
[19.310s][trace][gc,age         ] GC(719) - age   1:        192 bytes,        192 total
[19.310s][info ][gc,heap        ] GC(719) Eden regions: 253->0(253)
[19.310s][info ][gc,heap        ] GC(719) Survivor regions: 1->1(32)
[19.310s][info ][gc,heap        ] GC(719) Old regions: 11->11
[19.310s][info ][gc,heap        ] GC(719) Humongous regions: 0->0
[19.310s][info ][gc,metaspace   ] GC(719) Metaspace: 10117K(10368K)->10117K(10368K) NonClass: 9153K(9344K)->9153K(9344K) Class: 963K(1024K)->963K(1024K)
[19.310s][info ][gc             ] GC(719) Pause Young (Normal) (G1 Evacuation Pause) 256M->4M(424M) 0.599ms
[19.310s][info ][gc,cpu         ] GC(719) User=0.00s Sys=0.00s Real=0.00s
[19.325s][info ][gc,start       ] GC(720) Pause Young (Normal) (G1 Evacuation Pause)
[19.325s][info ][gc,task        ] GC(720) Using 9 workers of 9 for evacuation
[19.325s][debug][gc,age         ] GC(720) Desired survivor size 16777216 bytes, new threshold 15 (max threshold 15)
[19.326s][info ][gc,phases      ] GC(720)   Pre Evacuate Collection Set: 0.14ms
[19.326s][info ][gc,phases      ] GC(720)   Merge Heap Roots: 0.09ms
[19.326s][info ][gc,phases      ] GC(720)   Evacuate Collection Set: 0.10ms
[19.326s][info ][gc,phases      ] GC(720)   Post Evacuate Collection Set: 0.19ms
[19.326s][info ][gc,phases      ] GC(720)   Other: 0.04ms
[19.326s][trace][gc,age         ] GC(720) Age table:
[19.326s][trace][gc,age         ] GC(720) - age   1:        192 bytes,        192 total
[19.326s][info ][gc,heap        ] GC(720) Eden regions: 253->0(253)
[19.326s][info ][gc,heap        ] GC(720) Survivor regions: 1->1(32)
[19.326s][info ][gc,heap        ] GC(720) Old regions: 11->11
[19.326s][info ][gc,heap        ] GC(720) Humongous regions: 0->0
[19.326s][info ][gc,metaspace   ] GC(720) Metaspace: 10117K(10368K)->10117K(10368K) NonClass: 9153K(9344K)->9153K(9344K) Class: 963K(1024K)->963K(1024K)
[19.326s][info ][gc             ] GC(720) Pause Young (Normal) (G1 Evacuation Pause) 256M->4M(424M) 0.643ms
[19.326s][info ][gc,cpu         ] GC(720) User=0.00s Sys=0.00s Real=0.00s
[19.342s][info ][gc,start       ] GC(721) Pause Young (Normal) (G1 Evacuation Pause)
[19.342s][info ][gc,task        ] GC(721) Using 9 workers of 9 for evacuation
[19.342s][debug][gc,age         ] GC(721) Desired survivor size 16777216 bytes, new threshold 15 (max threshold 15)
[19.342s][info ][gc,phases      ] GC(721)   Pre Evacuate Collection Set: 0.10ms
[19.342s][info ][gc,phases      ] GC(721)   Merge Heap Roots: 0.07ms
[19.342s][info ][gc,phases      ] GC(721)   Evacuate Collection Set: 0.08ms
[19.342s][info ][gc,phases      ] GC(721)   Post Evacuate Collection Set: 0.19ms
[19.342s][info ][gc,phases      ] GC(721)   Other: 0.04ms
[19.342s][trace][gc,age         ] GC(721) Age table:
[19.342s][trace][gc,age         ] GC(721) - age   1:        192 bytes,        192 total
[19.342s][info ][gc,heap        ] GC(721) Eden regions: 253->0(253)
[19.342s][info ][gc,heap        ] GC(721) Survivor regions: 1->1(32)
[19.342s][info ][gc,heap        ] GC(721) Old regions: 11->11
[19.342s][info ][gc,heap        ] GC(721) Humongous regions: 0->0
[19.342s][info ][gc,metaspace   ] GC(721) Metaspace: 10117K(10368K)->10117K(10368K) NonClass: 9153K(9344K)->9153K(9344K) Class: 963K(1024K)->963K(1024K)
[19.342s][info ][gc             ] GC(721) Pause Young (Normal) (G1 Evacuation Pause) 256M->4M(424M) 0.563ms
[19.342s][info ][gc,cpu         ] GC(721) User=0.00s Sys=0.00s Real=0.00s
[19.358s][info ][gc,start       ] GC(722) Pause Young (Normal) (G1 Evacuation Pause)
[19.358s][info ][gc,task        ] GC(722) Using 9 workers of 9 for evacuation
[19.358s][debug][gc,age         ] GC(722) Desired survivor size 16777216 bytes, new threshold 15 (max threshold 15)
[19.358s][info ][gc,phases      ] GC(722)   Pre Evacuate Collection Set: 0.06ms
[19.358s][info ][gc,phases      ] GC(722)   Merge Heap Roots: 0.08ms
[19.358s][info ][gc,phases      ] GC(722)   Evacuate Collection Set: 0.14ms
[19.358s][info ][gc,phases      ] GC(722)   Post Evacuate Collection Set: 0.17ms
[19.358s][info ][gc,phases      ] GC(722)   Other: 0.05ms
[19.358s][trace][gc,age         ] GC(722) Age table:
[19.358s][trace][gc,age         ] GC(722) - age   1:        192 bytes,        192 total
[19.358s][info ][gc,heap        ] GC(722) Eden regions: 253->0(253)
[19.358s][info ][gc,heap        ] GC(722) Survivor regions: 1->1(32)
[19.358s][info ][gc,heap        ] GC(722) Old regions: 11->11
[19.358s][info ][gc,heap        ] GC(722) Humongous regions: 0->0
[19.358s][info ][gc,metaspace   ] GC(722) Metaspace: 10117K(10368K)->10117K(10368K) NonClass: 9153K(9344K)->9153K(9344K) Class: 963K(1024K)->963K(1024K)
[19.358s][info ][gc             ] GC(722) Pause Young (Normal) (G1 Evacuation Pause) 256M->4M(424M) 0.591ms
[19.358s][info ][gc,cpu         ] GC(722) User=0.00s Sys=0.00s Real=0.00s
[19.374s][info ][gc,start       ] GC(723) Pause Young (Normal) (G1 Evacuation Pause)
[19.374s][info ][gc,task        ] GC(723) Using 9 workers of 9 for evacuation
[19.374s][debug][gc,age         ] GC(723) Desired survivor size 16777216 bytes, new threshold 15 (max threshold 15)
[19.375s][info ][gc,phases      ] GC(723)   Pre Evacuate Collection Set: 0.07ms
[19.375s][info ][gc,phases      ] GC(723)   Merge Heap Roots: 0.06ms
[19.375s][info ][gc,phases      ] GC(723)   Evacuate Collection Set: 0.15ms
[19.375s][info ][gc,phases      ] GC(723)   Post Evacuate Collection Set: 0.19ms
[19.375s][info ][gc,phases      ] GC(723)   Other: 0.05ms
[19.375s][trace][gc,age         ] GC(723) Age table:
[19.375s][trace][gc,age         ] GC(723) - age   1:        192 bytes,        192 total
[19.375s][info ][gc,heap        ] GC(723) Eden regions: 253->0(253)
[19.375s][info ][gc,heap        ] GC(723) Survivor regions: 1->1(32)
[19.375s][info ][gc,heap        ] GC(723) Old regions: 11->11
[19.375s][info ][gc,heap        ] GC(723) Humongous regions: 0->0
[19.375s][info ][gc,metaspace   ] GC(723) Metaspace: 10117K(10368K)->10117K(10368K) NonClass: 9153K(9344K)->9153K(9344K) Class: 963K(1024K)->963K(1024K)
[19.375s][info ][gc             ] GC(723) Pause Young (Normal) (G1 Evacuation Pause) 256M->4M(424M) 0.610ms
[19.375s][info ][gc,cpu         ] GC(723) User=0.00s Sys=0.00s Real=0.00s
[19.390s][info ][gc,start       ] GC(724) Pause Young (Normal) (G1 Evacuation Pause)
[19.390s][info ][gc,task        ] GC(724) Using 9 workers of 9 for evacuation
[19.390s][debug][gc,age         ] GC(724) Desired survivor size 16777216 bytes, new threshold 15 (max threshold 15)
[19.391s][info ][gc,phases      ] GC(724)   Pre Evacuate Collection Set: 0.07ms
[19.391s][info ][gc,phases      ] GC(724)   Merge Heap Roots: 0.06ms
[19.391s][info ][gc,phases      ] GC(724)   Evacuate Collection Set: 0.09ms
[19.391s][info ][gc,phases      ] GC(724)   Post Evacuate Collection Set: 0.19ms
[19.391s][info ][gc,phases      ] GC(724)   Other: 0.05ms
[19.391s][trace][gc,age         ] GC(724) Age table:
[19.391s][trace][gc,age         ] GC(724) - age   1:        192 bytes,        192 total
[19.391s][info ][gc,heap        ] GC(724) Eden regions: 253->0(253)
[19.391s][info ][gc,heap        ] GC(724) Survivor regions: 1->1(32)
[19.391s][info ][gc,heap        ] GC(724) Old regions: 11->11
[19.391s][info ][gc,heap        ] GC(724) Humongous regions: 0->0
[19.391s][info ][gc,metaspace   ] GC(724) Metaspace: 10117K(10368K)->10117K(10368K) NonClass: 9153K(9344K)->9153K(9344K) Class: 963K(1024K)->963K(1024K)
[19.391s][info ][gc             ] GC(724) Pause Young (Normal) (G1 Evacuation Pause) 256M->4M(424M) 0.561ms
[19.391s][info ][gc,cpu         ] GC(724) User=0.00s Sys=0.00s Real=0.00s
[19.406s][info ][gc,start       ] GC(725) Pause Young (Normal) (G1 Evacuation Pause)
[19.406s][info ][gc,task        ] GC(725) Using 9 workers of 9 for evacuation
[19.406s][debug][gc,age         ] GC(725) Desired survivor size 16777216 bytes, new threshold 15 (max threshold 15)
[19.407s][info ][gc,phases      ] GC(725)   Pre Evacuate Collection Set: 0.07ms
[19.407s][info ][gc,phases      ] GC(725)   Merge Heap Roots: 0.05ms
[19.407s][info ][gc,phases      ] GC(725)   Evacuate Collection Set: 0.12ms
[19.407s][info ][gc,phases      ] GC(725)   Post Evacuate Collection Set: 0.18ms
[19.407s][info ][gc,phases      ] GC(725)   Other: 0.04ms
[19.407s][trace][gc,age         ] GC(725) Age table:
[19.407s][trace][gc,age         ] GC(725) - age   1:        192 bytes,        192 total
[19.407s][info ][gc,heap        ] GC(725) Eden regions: 253->0(253)
[19.407s][info ][gc,heap        ] GC(725) Survivor regions: 1->1(32)
[19.407s][info ][gc,heap        ] GC(725) Old regions: 11->11
[19.407s][info ][gc,heap        ] GC(725) Humongous regions: 0->0
[19.407s][info ][gc,metaspace   ] GC(725) Metaspace: 10117K(10368K)->10117K(10368K) NonClass: 9153K(9344K)->9153K(9344K) Class: 963K(1024K)->963K(1024K)
[19.407s][info ][gc             ] GC(725) Pause Young (Normal) (G1 Evacuation Pause) 256M->4M(424M) 0.547ms
[19.407s][info ][gc,cpu         ] GC(725) User=0.00s Sys=0.00s Real=0.00s
[19.423s][info ][gc,start       ] GC(726) Pause Young (Normal) (G1 Evacuation Pause)
[19.423s][info ][gc,task        ] GC(726) Using 9 workers of 9 for evacuation
[19.423s][debug][gc,age         ] GC(726) Desired survivor size 16777216 bytes, new threshold 15 (max threshold 15)
[19.423s][info ][gc,phases      ] GC(726)   Pre Evacuate Collection Set: 0.10ms
[19.423s][info ][gc,phases      ] GC(726)   Merge Heap Roots: 0.07ms
[19.423s][info ][gc,phases      ] GC(726)   Evacuate Collection Set: 0.12ms
[19.423s][info ][gc,phases      ] GC(726)   Post Evacuate Collection Set: 0.18ms
[19.423s][info ][gc,phases      ] GC(726)   Other: 0.06ms
[19.423s][trace][gc,age         ] GC(726) Age table:
[19.423s][trace][gc,age         ] GC(726) - age   1:        192 bytes,        192 total
[19.423s][info ][gc,heap        ] GC(726) Eden regions: 253->0(253)
[19.423s][info ][gc,heap        ] GC(726) Survivor regions: 1->1(32)
[19.423s][info ][gc,heap        ] GC(726) Old regions: 11->11
[19.423s][info ][gc,heap        ] GC(726) Humongous regions: 0->0
[19.423s][info ][gc,metaspace   ] GC(726) Metaspace: 10117K(10368K)->10117K(10368K) NonClass: 9153K(9344K)->9153K(9344K) Class: 963K(1024K)->963K(1024K)
[19.423s][info ][gc             ] GC(726) Pause Young (Normal) (G1 Evacuation Pause) 256M->4M(424M) 0.609ms
[19.423s][info ][gc,cpu         ] GC(726) User=0.00s Sys=0.00s Real=0.00s
[19.439s][info ][gc,start       ] GC(727) Pause Young (Normal) (G1 Evacuation Pause)
[19.439s][info ][gc,task        ] GC(727) Using 9 workers of 9 for evacuation
[19.439s][debug][gc,age         ] GC(727) Desired survivor size 16777216 bytes, new threshold 15 (max threshold 15)
[19.439s][info ][gc,phases      ] GC(727)   Pre Evacuate Collection Set: 0.07ms
[19.439s][info ][gc,phases      ] GC(727)   Merge Heap Roots: 0.07ms
[19.439s][info ][gc,phases      ] GC(727)   Evacuate Collection Set: 0.10ms
[19.439s][info ][gc,phases      ] GC(727)   Post Evacuate Collection Set: 0.17ms
[19.439s][info ][gc,phases      ] GC(727)   Other: 0.04ms
[19.439s][trace][gc,age         ] GC(727) Age table:
[19.439s][trace][gc,age         ] GC(727) - age   1:        192 bytes,        192 total
[19.439s][info ][gc,heap        ] GC(727) Eden regions: 253->0(253)
[19.439s][info ][gc,heap        ] GC(727) Survivor regions: 1->1(32)
[19.439s][info ][gc,heap        ] GC(727) Old regions: 11->11
[19.439s][info ][gc,heap        ] GC(727) Humongous regions: 0->0
[19.439s][info ][gc,metaspace   ] GC(727) Metaspace: 10117K(10368K)->10117K(10368K) NonClass: 9153K(9344K)->9153K(9344K) Class: 963K(1024K)->963K(1024K)
[19.439s][info ][gc             ] GC(727) Pause Young (Normal) (G1 Evacuation Pause) 256M->4M(424M) 0.522ms
[19.439s][info ][gc,cpu         ] GC(727) User=0.00s Sys=0.00s Real=0.00s
[19.455s][info ][gc,start       ] GC(728) Pause Young (Normal) (G1 Evacuation Pause)
[19.455s][info ][gc,task        ] GC(728) Using 9 workers of 9 for evacuation
[19.455s][debug][gc,age         ] GC(728) Desired survivor size 16777216 bytes, new threshold 15 (max threshold 15)
[19.455s][info ][gc,phases      ] GC(728)   Pre Evacuate Collection Set: 0.08ms
[19.455s][info ][gc,phases      ] GC(728)   Merge Heap Roots: 0.07ms
[19.455s][info ][gc,phases      ] GC(728)   Evacuate Collection Set: 0.10ms
[19.455s][info ][gc,phases      ] GC(728)   Post Evacuate Collection Set: 0.19ms
[19.455s][info ][gc,phases      ] GC(728)   Other: 0.04ms
[19.455s][trace][gc,age         ] GC(728) Age table:
[19.455s][trace][gc,age         ] GC(728) - age   1:        192 bytes,        192 total
[19.455s][info ][gc,heap        ] GC(728) Eden regions: 253->0(253)
[19.455s][info ][gc,heap        ] GC(728) Survivor regions: 1->1(32)
[19.455s][info ][gc,heap        ] GC(728) Old regions: 11->11
[19.455s][info ][gc,heap        ] GC(728) Humongous regions: 0->0
[19.455s][info ][gc,metaspace   ] GC(728) Metaspace: 10117K(10368K)->10117K(10368K) NonClass: 9153K(9344K)->9153K(9344K) Class: 963K(1024K)->963K(1024K)
[19.456s][info ][gc             ] GC(728) Pause Young (Normal) (G1 Evacuation Pause) 256M->4M(424M) 0.557ms
[19.456s][info ][gc,cpu         ] GC(728) User=0.00s Sys=0.00s Real=0.01s
[19.471s][info ][gc,start       ] GC(729) Pause Young (Normal) (G1 Evacuation Pause)
[19.471s][info ][gc,task        ] GC(729) Using 9 workers of 9 for evacuation
[19.471s][debug][gc,age         ] GC(729) Desired survivor size 16777216 bytes, new threshold 15 (max threshold 15)
[19.471s][info ][gc,phases      ] GC(729)   Pre Evacuate Collection Set: 0.06ms
[19.471s][info ][gc,phases      ] GC(729)   Merge Heap Roots: 0.06ms
[19.471s][info ][gc,phases      ] GC(729)   Evacuate Collection Set: 0.13ms
[19.471s][info ][gc,phases      ] GC(729)   Post Evacuate Collection Set: 0.17ms
[19.471s][info ][gc,phases      ] GC(729)   Other: 0.04ms
[19.471s][trace][gc,age         ] GC(729) Age table:
[19.471s][trace][gc,age         ] GC(729) - age   1:        192 bytes,        192 total
[19.471s][info ][gc,heap        ] GC(729) Eden regions: 253->0(253)
[19.471s][info ][gc,heap        ] GC(729) Survivor regions: 1->1(32)
[19.471s][info ][gc,heap        ] GC(729) Old regions: 11->11
[19.471s][info ][gc,heap        ] GC(729) Humongous regions: 0->0
[19.472s][info ][gc,metaspace   ] GC(729) Metaspace: 10117K(10368K)->10117K(10368K) NonClass: 9153K(9344K)->9153K(9344K) Class: 963K(1024K)->963K(1024K)
[19.472s][info ][gc             ] GC(729) Pause Young (Normal) (G1 Evacuation Pause) 256M->4M(424M) 0.554ms
[19.472s][info ][gc,cpu         ] GC(729) User=0.00s Sys=0.00s Real=0.00s
[19.487s][info ][gc,start       ] GC(730) Pause Young (Normal) (G1 Evacuation Pause)
[19.487s][info ][gc,task        ] GC(730) Using 9 workers of 9 for evacuation
[19.487s][debug][gc,age         ] GC(730) Desired survivor size 16777216 bytes, new threshold 15 (max threshold 15)
[19.488s][info ][gc,phases      ] GC(730)   Pre Evacuate Collection Set: 0.07ms
[19.488s][info ][gc,phases      ] GC(730)   Merge Heap Roots: 0.06ms
[19.488s][info ][gc,phases      ] GC(730)   Evacuate Collection Set: 0.10ms
[19.488s][info ][gc,phases      ] GC(730)   Post Evacuate Collection Set: 0.16ms
[19.488s][info ][gc,phases      ] GC(730)   Other: 0.04ms
[19.488s][trace][gc,age         ] GC(730) Age table:
[19.488s][trace][gc,age         ] GC(730) - age   1:        192 bytes,        192 total
[19.488s][info ][gc,heap        ] GC(730) Eden regions: 253->0(253)
[19.488s][info ][gc,heap        ] GC(730) Survivor regions: 1->1(32)
[19.488s][info ][gc,heap        ] GC(730) Old regions: 11->11
[19.488s][info ][gc,heap        ] GC(730) Humongous regions: 0->0
[19.488s][info ][gc,metaspace   ] GC(730) Metaspace: 10117K(10368K)->10117K(10368K) NonClass: 9153K(9344K)->9153K(9344K) Class: 963K(1024K)->963K(1024K)
[19.488s][info ][gc             ] GC(730) Pause Young (Normal) (G1 Evacuation Pause) 256M->4M(424M) 0.513ms
[19.488s][info ][gc,cpu         ] GC(730) User=0.00s Sys=0.00s Real=0.00s
[19.503s][info ][gc,start       ] GC(731) Pause Young (Normal) (G1 Evacuation Pause)
[19.503s][info ][gc,task        ] GC(731) Using 9 workers of 9 for evacuation
[19.503s][debug][gc,age         ] GC(731) Desired survivor size 16777216 bytes, new threshold 15 (max threshold 15)
[19.504s][info ][gc,phases      ] GC(731)   Pre Evacuate Collection Set: 0.09ms
[19.504s][info ][gc,phases      ] GC(731)   Merge Heap Roots: 0.11ms
[19.504s][info ][gc,phases      ] GC(731)   Evacuate Collection Set: 0.11ms
[19.504s][info ][gc,phases      ] GC(731)   Post Evacuate Collection Set: 0.18ms
[19.504s][info ][gc,phases      ] GC(731)   Other: 0.06ms
[19.504s][trace][gc,age         ] GC(731) Age table:
[19.504s][trace][gc,age         ] GC(731) - age   1:        192 bytes,        192 total
[19.504s][info ][gc,heap        ] GC(731) Eden regions: 253->0(253)
[19.504s][info ][gc,heap        ] GC(731) Survivor regions: 1->1(32)
[19.504s][info ][gc,heap        ] GC(731) Old regions: 11->11
[19.504s][info ][gc,heap        ] GC(731) Humongous regions: 0->0
[19.504s][info ][gc,metaspace   ] GC(731) Metaspace: 10117K(10368K)->10117K(10368K) NonClass: 9153K(9344K)->9153K(9344K) Class: 963K(1024K)->963K(1024K)
[19.504s][info ][gc             ] GC(731) Pause Young (Normal) (G1 Evacuation Pause) 256M->4M(424M) 0.655ms
[19.504s][info ][gc,cpu         ] GC(731) User=0.00s Sys=0.00s Real=0.00s
[19.519s][info ][gc,start       ] GC(732) Pause Young (Normal) (G1 Evacuation Pause)
[19.520s][info ][gc,task        ] GC(732) Using 9 workers of 9 for evacuation
[19.520s][debug][gc,age         ] GC(732) Desired survivor size 16777216 bytes, new threshold 15 (max threshold 15)
[19.520s][info ][gc,phases      ] GC(732)   Pre Evacuate Collection Set: 0.09ms
[19.520s][info ][gc,phases      ] GC(732)   Merge Heap Roots: 0.07ms
[19.520s][info ][gc,phases      ] GC(732)   Evacuate Collection Set: 0.10ms
[19.520s][info ][gc,phases      ] GC(732)   Post Evacuate Collection Set: 0.20ms
[19.520s][info ][gc,phases      ] GC(732)   Other: 0.06ms
[19.520s][trace][gc,age         ] GC(732) Age table:
[19.520s][trace][gc,age         ] GC(732) - age   1:        192 bytes,        192 total
[19.520s][info ][gc,heap        ] GC(732) Eden regions: 253->0(253)
[19.520s][info ][gc,heap        ] GC(732) Survivor regions: 1->1(32)
[19.520s][info ][gc,heap        ] GC(732) Old regions: 11->11
[19.520s][info ][gc,heap        ] GC(732) Humongous regions: 0->0
[19.520s][info ][gc,metaspace   ] GC(732) Metaspace: 10117K(10368K)->10117K(10368K) NonClass: 9153K(9344K)->9153K(9344K) Class: 963K(1024K)->963K(1024K)
[19.520s][info ][gc             ] GC(732) Pause Young (Normal) (G1 Evacuation Pause) 256M->4M(424M) 0.610ms
[19.520s][info ][gc,cpu         ] GC(732) User=0.00s Sys=0.00s Real=0.00s
[19.536s][info ][gc,start       ] GC(733) Pause Young (Normal) (G1 Evacuation Pause)
[19.536s][info ][gc,task        ] GC(733) Using 9 workers of 9 for evacuation
[19.536s][debug][gc,age         ] GC(733) Desired survivor size 16777216 bytes, new threshold 15 (max threshold 15)
[19.536s][info ][gc,phases      ] GC(733)   Pre Evacuate Collection Set: 0.06ms
[19.536s][info ][gc,phases      ] GC(733)   Merge Heap Roots: 0.08ms
[19.536s][info ][gc,phases      ] GC(733)   Evacuate Collection Set: 0.07ms
[19.536s][info ][gc,phases      ] GC(733)   Post Evacuate Collection Set: 0.18ms
[19.536s][info ][gc,phases      ] GC(733)   Other: 0.06ms
[19.536s][trace][gc,age         ] GC(733) Age table:
[19.536s][trace][gc,age         ] GC(733) - age   1:        192 bytes,        192 total
[19.536s][info ][gc,heap        ] GC(733) Eden regions: 253->0(253)
[19.536s][info ][gc,heap        ] GC(733) Survivor regions: 1->1(32)
[19.536s][info ][gc,heap        ] GC(733) Old regions: 11->11
[19.536s][info ][gc,heap        ] GC(733) Humongous regions: 0->0
[19.536s][info ][gc,metaspace   ] GC(733) Metaspace: 10117K(10368K)->10117K(10368K) NonClass: 9153K(9344K)->9153K(9344K) Class: 963K(1024K)->963K(1024K)
[19.536s][info ][gc             ] GC(733) Pause Young (Normal) (G1 Evacuation Pause) 256M->4M(424M) 0.535ms
[19.536s][info ][gc,cpu         ] GC(733) User=0.00s Sys=0.00s Real=0.00s
[19.552s][info ][gc,start       ] GC(734) Pause Young (Normal) (G1 Evacuation Pause)
[19.552s][info ][gc,task        ] GC(734) Using 9 workers of 9 for evacuation
[19.552s][debug][gc,age         ] GC(734) Desired survivor size 16777216 bytes, new threshold 15 (max threshold 15)
[19.552s][info ][gc,phases      ] GC(734)   Pre Evacuate Collection Set: 0.07ms
[19.552s][info ][gc,phases      ] GC(734)   Merge Heap Roots: 0.08ms
[19.552s][info ][gc,phases      ] GC(734)   Evacuate Collection Set: 0.09ms
[19.552s][info ][gc,phases      ] GC(734)   Post Evacuate Collection Set: 0.18ms
[19.552s][info ][gc,phases      ] GC(734)   Other: 0.06ms
[19.552s][trace][gc,age         ] GC(734) Age table:
[19.552s][trace][gc,age         ] GC(734) - age   1:        192 bytes,        192 total
[19.552s][info ][gc,heap        ] GC(734) Eden regions: 253->0(253)
[19.552s][info ][gc,heap        ] GC(734) Survivor regions: 1->1(32)
[19.552s][info ][gc,heap        ] GC(734) Old regions: 11->11
[19.552s][info ][gc,heap        ] GC(734) Humongous regions: 0->0
[19.552s][info ][gc,metaspace   ] GC(734) Metaspace: 10117K(10368K)->10117K(10368K) NonClass: 9153K(9344K)->9153K(9344K) Class: 963K(1024K)->963K(1024K)
[19.552s][info ][gc             ] GC(734) Pause Young (Normal) (G1 Evacuation Pause) 256M->4M(424M) 0.580ms
[19.552s][info ][gc,cpu         ] GC(734) User=0.00s Sys=0.00s Real=0.00s
[19.568s][info ][gc,start       ] GC(735) Pause Young (Normal) (G1 Evacuation Pause)
[19.568s][info ][gc,task        ] GC(735) Using 9 workers of 9 for evacuation
[19.568s][debug][gc,age         ] GC(735) Desired survivor size 16777216 bytes, new threshold 15 (max threshold 15)
[19.569s][info ][gc,phases      ] GC(735)   Pre Evacuate Collection Set: 0.10ms
[19.569s][info ][gc,phases      ] GC(735)   Merge Heap Roots: 0.10ms
[19.569s][info ][gc,phases      ] GC(735)   Evacuate Collection Set: 0.09ms
[19.569s][info ][gc,phases      ] GC(735)   Post Evacuate Collection Set: 0.18ms
[19.569s][info ][gc,phases      ] GC(735)   Other: 0.05ms
[19.569s][trace][gc,age         ] GC(735) Age table:
[19.569s][trace][gc,age         ] GC(735) - age   1:        192 bytes,        192 total
[19.569s][info ][gc,heap        ] GC(735) Eden regions: 253->0(253)
[19.569s][info ][gc,heap        ] GC(735) Survivor regions: 1->1(32)
[19.569s][info ][gc,heap        ] GC(735) Old regions: 11->11
[19.569s][info ][gc,heap        ] GC(735) Humongous regions: 0->0
[19.569s][info ][gc,metaspace   ] GC(735) Metaspace: 10117K(10368K)->10117K(10368K) NonClass: 9153K(9344K)->9153K(9344K) Class: 963K(1024K)->963K(1024K)
[19.569s][info ][gc             ] GC(735) Pause Young (Normal) (G1 Evacuation Pause) 256M->4M(424M) 0.612ms
[19.569s][info ][gc,cpu         ] GC(735) User=0.00s Sys=0.01s Real=0.00s
[19.584s][info ][gc,start       ] GC(736) Pause Young (Normal) (G1 Evacuation Pause)
[19.584s][info ][gc,task        ] GC(736) Using 9 workers of 9 for evacuation
[19.584s][debug][gc,age         ] GC(736) Desired survivor size 16777216 bytes, new threshold 15 (max threshold 15)
[19.585s][info ][gc,phases      ] GC(736)   Pre Evacuate Collection Set: 0.08ms
[19.585s][info ][gc,phases      ] GC(736)   Merge Heap Roots: 0.08ms
[19.585s][info ][gc,phases      ] GC(736)   Evacuate Collection Set: 0.11ms
[19.585s][info ][gc,phases      ] GC(736)   Post Evacuate Collection Set: 0.18ms
[19.585s][info ][gc,phases      ] GC(736)   Other: 0.05ms
[19.585s][trace][gc,age         ] GC(736) Age table:
[19.585s][trace][gc,age         ] GC(736) - age   1:        192 bytes,        192 total
[19.585s][info ][gc,heap        ] GC(736) Eden regions: 253->0(253)
[19.585s][info ][gc,heap        ] GC(736) Survivor regions: 1->1(32)
[19.585s][info ][gc,heap        ] GC(736) Old regions: 11->11
[19.585s][info ][gc,heap        ] GC(736) Humongous regions: 0->0
[19.585s][info ][gc,metaspace   ] GC(736) Metaspace: 10117K(10368K)->10117K(10368K) NonClass: 9153K(9344K)->9153K(9344K) Class: 963K(1024K)->963K(1024K)
[19.585s][info ][gc             ] GC(736) Pause Young (Normal) (G1 Evacuation Pause) 256M->4M(424M) 0.589ms
[19.585s][info ][gc,cpu         ] GC(736) User=0.00s Sys=0.00s Real=0.00s
[19.600s][info ][gc,start       ] GC(737) Pause Young (Normal) (G1 Evacuation Pause)
[19.600s][info ][gc,task        ] GC(737) Using 9 workers of 9 for evacuation
[19.600s][debug][gc,age         ] GC(737) Desired survivor size 16777216 bytes, new threshold 15 (max threshold 15)
[19.601s][info ][gc,phases      ] GC(737)   Pre Evacuate Collection Set: 0.09ms
[19.601s][info ][gc,phases      ] GC(737)   Merge Heap Roots: 0.06ms
[19.601s][info ][gc,phases      ] GC(737)   Evacuate Collection Set: 0.13ms
[19.601s][info ][gc,phases      ] GC(737)   Post Evacuate Collection Set: 0.19ms
[19.601s][info ][gc,phases      ] GC(737)   Other: 0.06ms
[19.601s][trace][gc,age         ] GC(737) Age table:
[19.601s][trace][gc,age         ] GC(737) - age   1:        192 bytes,        192 total
[19.601s][info ][gc,heap        ] GC(737) Eden regions: 253->0(253)
[19.601s][info ][gc,heap        ] GC(737) Survivor regions: 1->1(32)
[19.601s][info ][gc,heap        ] GC(737) Old regions: 11->11
[19.601s][info ][gc,heap        ] GC(737) Humongous regions: 0->0
[19.601s][info ][gc,metaspace   ] GC(737) Metaspace: 10117K(10368K)->10117K(10368K) NonClass: 9153K(9344K)->9153K(9344K) Class: 963K(1024K)->963K(1024K)
[19.601s][info ][gc             ] GC(737) Pause Young (Normal) (G1 Evacuation Pause) 256M->4M(424M) 0.631ms
[19.601s][info ][gc,cpu         ] GC(737) User=0.00s Sys=0.00s Real=0.00s
[19.617s][info ][gc,start       ] GC(738) Pause Young (Normal) (G1 Evacuation Pause)
[19.617s][info ][gc,task        ] GC(738) Using 9 workers of 9 for evacuation
[19.617s][debug][gc,age         ] GC(738) Desired survivor size 16777216 bytes, new threshold 15 (max threshold 15)
[19.617s][info ][gc,phases      ] GC(738)   Pre Evacuate Collection Set: 0.06ms
[19.617s][info ][gc,phases      ] GC(738)   Merge Heap Roots: 0.10ms
[19.617s][info ][gc,phases      ] GC(738)   Evacuate Collection Set: 0.09ms
[19.617s][info ][gc,phases      ] GC(738)   Post Evacuate Collection Set: 0.18ms
[19.617s][info ][gc,phases      ] GC(738)   Other: 0.07ms
[19.617s][trace][gc,age         ] GC(738) Age table:
[19.617s][trace][gc,age         ] GC(738) - age   1:        192 bytes,        192 total
[19.617s][info ][gc,heap        ] GC(738) Eden regions: 253->0(253)
[19.617s][info ][gc,heap        ] GC(738) Survivor regions: 1->1(32)
[19.617s][info ][gc,heap        ] GC(738) Old regions: 11->11
[19.617s][info ][gc,heap        ] GC(738) Humongous regions: 0->0
[19.617s][info ][gc,metaspace   ] GC(738) Metaspace: 10117K(10368K)->10117K(10368K) NonClass: 9153K(9344K)->9153K(9344K) Class: 963K(1024K)->963K(1024K)
[19.617s][info ][gc             ] GC(738) Pause Young (Normal) (G1 Evacuation Pause) 256M->4M(424M) 0.592ms
[19.617s][info ][gc,cpu         ] GC(738) User=0.00s Sys=0.00s Real=0.00s
[19.633s][info ][gc,start       ] GC(739) Pause Young (Normal) (G1 Evacuation Pause)
[19.633s][info ][gc,task        ] GC(739) Using 9 workers of 9 for evacuation
[19.633s][debug][gc,age         ] GC(739) Desired survivor size 16777216 bytes, new threshold 15 (max threshold 15)
[19.633s][info ][gc,phases      ] GC(739)   Pre Evacuate Collection Set: 0.07ms
[19.633s][info ][gc,phases      ] GC(739)   Merge Heap Roots: 0.05ms
[19.633s][info ][gc,phases      ] GC(739)   Evacuate Collection Set: 0.13ms
[19.633s][info ][gc,phases      ] GC(739)   Post Evacuate Collection Set: 0.15ms
[19.633s][info ][gc,phases      ] GC(739)   Other: 0.05ms
[19.633s][trace][gc,age         ] GC(739) Age table:
[19.633s][trace][gc,age         ] GC(739) - age   1:        192 bytes,        192 total
[19.633s][info ][gc,heap        ] GC(739) Eden regions: 253->0(253)
[19.633s][info ][gc,heap        ] GC(739) Survivor regions: 1->1(32)
[19.633s][info ][gc,heap        ] GC(739) Old regions: 11->11
[19.633s][info ][gc,heap        ] GC(739) Humongous regions: 0->0
[19.633s][info ][gc,metaspace   ] GC(739) Metaspace: 10117K(10368K)->10117K(10368K) NonClass: 9153K(9344K)->9153K(9344K) Class: 963K(1024K)->963K(1024K)
[19.633s][info ][gc             ] GC(739) Pause Young (Normal) (G1 Evacuation Pause) 256M->4M(424M) 0.535ms
[19.633s][info ][gc,cpu         ] GC(739) User=0.00s Sys=0.00s Real=0.00s
[19.649s][info ][gc,start       ] GC(740) Pause Young (Normal) (G1 Evacuation Pause)
[19.649s][info ][gc,task        ] GC(740) Using 9 workers of 9 for evacuation
[19.649s][debug][gc,age         ] GC(740) Desired survivor size 16777216 bytes, new threshold 15 (max threshold 15)
[19.649s][info ][gc,phases      ] GC(740)   Pre Evacuate Collection Set: 0.11ms
[19.649s][info ][gc,phases      ] GC(740)   Merge Heap Roots: 0.07ms
[19.649s][info ][gc,phases      ] GC(740)   Evacuate Collection Set: 0.11ms
[19.649s][info ][gc,phases      ] GC(740)   Post Evacuate Collection Set: 0.17ms
[19.649s][info ][gc,phases      ] GC(740)   Other: 0.05ms
[19.649s][trace][gc,age         ] GC(740) Age table:
[19.649s][trace][gc,age         ] GC(740) - age   1:        192 bytes,        192 total
[19.649s][info ][gc,heap        ] GC(740) Eden regions: 253->0(253)
[19.649s][info ][gc,heap        ] GC(740) Survivor regions: 1->1(32)
[19.649s][info ][gc,heap        ] GC(740) Old regions: 11->11
[19.649s][info ][gc,heap        ] GC(740) Humongous regions: 0->0
[19.649s][info ][gc,metaspace   ] GC(740) Metaspace: 10117K(10368K)->10117K(10368K) NonClass: 9153K(9344K)->9153K(9344K) Class: 963K(1024K)->963K(1024K)
[19.649s][info ][gc             ] GC(740) Pause Young (Normal) (G1 Evacuation Pause) 256M->4M(424M) 0.600ms
[19.649s][info ][gc,cpu         ] GC(740) User=0.00s Sys=0.00s Real=0.00s
[19.664s][info ][gc,start       ] GC(741) Pause Young (Normal) (G1 Evacuation Pause)
[19.665s][info ][gc,task        ] GC(741) Using 9 workers of 9 for evacuation
[19.665s][debug][gc,age         ] GC(741) Desired survivor size 16777216 bytes, new threshold 15 (max threshold 15)
[19.665s][info ][gc,phases      ] GC(741)   Pre Evacuate Collection Set: 0.08ms
[19.665s][info ][gc,phases      ] GC(741)   Merge Heap Roots: 0.10ms
[19.665s][info ][gc,phases      ] GC(741)   Evacuate Collection Set: 0.08ms
[19.665s][info ][gc,phases      ] GC(741)   Post Evacuate Collection Set: 0.18ms
[19.665s][info ][gc,phases      ] GC(741)   Other: 0.06ms
[19.665s][trace][gc,age         ] GC(741) Age table:
[19.665s][trace][gc,age         ] GC(741) - age   1:        192 bytes,        192 total
[19.665s][info ][gc,heap        ] GC(741) Eden regions: 253->0(253)
[19.665s][info ][gc,heap        ] GC(741) Survivor regions: 1->1(32)
[19.665s][info ][gc,heap        ] GC(741) Old regions: 11->11
[19.665s][info ][gc,heap        ] GC(741) Humongous regions: 0->0
[19.665s][info ][gc,metaspace   ] GC(741) Metaspace: 10117K(10368K)->10117K(10368K) NonClass: 9153K(9344K)->9153K(9344K) Class: 963K(1024K)->963K(1024K)
[19.665s][info ][gc             ] GC(741) Pause Young (Normal) (G1 Evacuation Pause) 256M->4M(424M) 0.590ms
[19.665s][info ][gc,cpu         ] GC(741) User=0.00s Sys=0.00s Real=0.01s
[19.681s][info ][gc,start       ] GC(742) Pause Young (Normal) (G1 Evacuation Pause)
[19.681s][info ][gc,task        ] GC(742) Using 9 workers of 9 for evacuation
[19.681s][debug][gc,age         ] GC(742) Desired survivor size 16777216 bytes, new threshold 15 (max threshold 15)
[19.681s][info ][gc,phases      ] GC(742)   Pre Evacuate Collection Set: 0.13ms
[19.681s][info ][gc,phases      ] GC(742)   Merge Heap Roots: 0.07ms
[19.681s][info ][gc,phases      ] GC(742)   Evacuate Collection Set: 0.10ms
[19.681s][info ][gc,phases      ] GC(742)   Post Evacuate Collection Set: 0.17ms
[19.681s][info ][gc,phases      ] GC(742)   Other: 0.05ms
[19.681s][trace][gc,age         ] GC(742) Age table:
[19.681s][trace][gc,age         ] GC(742) - age   1:        192 bytes,        192 total
[19.681s][info ][gc,heap        ] GC(742) Eden regions: 253->0(253)
[19.681s][info ][gc,heap        ] GC(742) Survivor regions: 1->1(32)
[19.681s][info ][gc,heap        ] GC(742) Old regions: 11->11
[19.681s][info ][gc,heap        ] GC(742) Humongous regions: 0->0
[19.681s][info ][gc,metaspace   ] GC(742) Metaspace: 10117K(10368K)->10117K(10368K) NonClass: 9153K(9344K)->9153K(9344K) Class: 963K(1024K)->963K(1024K)
[19.681s][info ][gc             ] GC(742) Pause Young (Normal) (G1 Evacuation Pause) 256M->4M(424M) 0.595ms
[19.681s][info ][gc,cpu         ] GC(742) User=0.00s Sys=0.00s Real=0.00s
[19.697s][info ][gc,start       ] GC(743) Pause Young (Normal) (G1 Evacuation Pause)
[19.697s][info ][gc,task        ] GC(743) Using 9 workers of 9 for evacuation
[19.697s][debug][gc,age         ] GC(743) Desired survivor size 16777216 bytes, new threshold 15 (max threshold 15)
[19.697s][info ][gc,phases      ] GC(743)   Pre Evacuate Collection Set: 0.08ms
[19.697s][info ][gc,phases      ] GC(743)   Merge Heap Roots: 0.06ms
[19.697s][info ][gc,phases      ] GC(743)   Evacuate Collection Set: 0.12ms
[19.697s][info ][gc,phases      ] GC(743)   Post Evacuate Collection Set: 0.17ms
[19.697s][info ][gc,phases      ] GC(743)   Other: 0.06ms
[19.697s][trace][gc,age         ] GC(743) Age table:
[19.697s][trace][gc,age         ] GC(743) - age   1:        192 bytes,        192 total
[19.697s][info ][gc,heap        ] GC(743) Eden regions: 253->0(253)
[19.697s][info ][gc,heap        ] GC(743) Survivor regions: 1->1(32)
[19.697s][info ][gc,heap        ] GC(743) Old regions: 11->11
[19.697s][info ][gc,heap        ] GC(743) Humongous regions: 0->0
[19.697s][info ][gc,metaspace   ] GC(743) Metaspace: 10117K(10368K)->10117K(10368K) NonClass: 9153K(9344K)->9153K(9344K) Class: 963K(1024K)->963K(1024K)
[19.697s][info ][gc             ] GC(743) Pause Young (Normal) (G1 Evacuation Pause) 256M->4M(424M) 0.588ms
[19.697s][info ][gc,cpu         ] GC(743) User=0.00s Sys=0.00s Real=0.00s
[19.713s][info ][gc,start       ] GC(744) Pause Young (Normal) (G1 Evacuation Pause)
[19.713s][info ][gc,task        ] GC(744) Using 9 workers of 9 for evacuation
[19.713s][debug][gc,age         ] GC(744) Desired survivor size 16777216 bytes, new threshold 15 (max threshold 15)
[19.713s][info ][gc,phases      ] GC(744)   Pre Evacuate Collection Set: 0.08ms
[19.713s][info ][gc,phases      ] GC(744)   Merge Heap Roots: 0.05ms
[19.713s][info ][gc,phases      ] GC(744)   Evacuate Collection Set: 0.10ms
[19.713s][info ][gc,phases      ] GC(744)   Post Evacuate Collection Set: 0.18ms
[19.713s][info ][gc,phases      ] GC(744)   Other: 0.07ms
[19.713s][trace][gc,age         ] GC(744) Age table:
[19.713s][trace][gc,age         ] GC(744) - age   1:        192 bytes,        192 total
[19.713s][info ][gc,heap        ] GC(744) Eden regions: 253->0(253)
[19.713s][info ][gc,heap        ] GC(744) Survivor regions: 1->1(32)
[19.713s][info ][gc,heap        ] GC(744) Old regions: 11->11
[19.713s][info ][gc,heap        ] GC(744) Humongous regions: 0->0
[19.713s][info ][gc,metaspace   ] GC(744) Metaspace: 10117K(10368K)->10117K(10368K) NonClass: 9153K(9344K)->9153K(9344K) Class: 963K(1024K)->963K(1024K)
[19.713s][info ][gc             ] GC(744) Pause Young (Normal) (G1 Evacuation Pause) 256M->4M(424M) 0.577ms
[19.713s][info ][gc,cpu         ] GC(744) User=0.00s Sys=0.00s Real=0.00s
[19.729s][info ][gc,start       ] GC(745) Pause Young (Normal) (G1 Evacuation Pause)
[19.729s][info ][gc,task        ] GC(745) Using 9 workers of 9 for evacuation
[19.729s][debug][gc,age         ] GC(745) Desired survivor size 16777216 bytes, new threshold 15 (max threshold 15)
[19.729s][info ][gc,phases      ] GC(745)   Pre Evacuate Collection Set: 0.07ms
[19.729s][info ][gc,phases      ] GC(745)   Merge Heap Roots: 0.09ms
[19.729s][info ][gc,phases      ] GC(745)   Evacuate Collection Set: 0.10ms
[19.729s][info ][gc,phases      ] GC(745)   Post Evacuate Collection Set: 0.18ms
[19.729s][info ][gc,phases      ] GC(745)   Other: 0.05ms
[19.729s][trace][gc,age         ] GC(745) Age table:
[19.729s][trace][gc,age         ] GC(745) - age   1:        192 bytes,        192 total
[19.729s][info ][gc,heap        ] GC(745) Eden regions: 253->0(253)
[19.729s][info ][gc,heap        ] GC(745) Survivor regions: 1->1(32)
[19.729s][info ][gc,heap        ] GC(745) Old regions: 11->11
[19.729s][info ][gc,heap        ] GC(745) Humongous regions: 0->0
[19.729s][info ][gc,metaspace   ] GC(745) Metaspace: 10117K(10368K)->10117K(10368K) NonClass: 9153K(9344K)->9153K(9344K) Class: 963K(1024K)->963K(1024K)
[19.729s][info ][gc             ] GC(745) Pause Young (Normal) (G1 Evacuation Pause) 256M->4M(424M) 0.577ms
[19.729s][info ][gc,cpu         ] GC(745) User=0.00s Sys=0.00s Real=0.00s
[19.745s][info ][gc,start       ] GC(746) Pause Young (Normal) (G1 Evacuation Pause)
[19.745s][info ][gc,task        ] GC(746) Using 9 workers of 9 for evacuation
[19.745s][debug][gc,age         ] GC(746) Desired survivor size 16777216 bytes, new threshold 15 (max threshold 15)
[19.745s][info ][gc,phases      ] GC(746)   Pre Evacuate Collection Set: 0.06ms
[19.746s][info ][gc,phases      ] GC(746)   Merge Heap Roots: 0.05ms
[19.746s][info ][gc,phases      ] GC(746)   Evacuate Collection Set: 0.12ms
[19.746s][info ][gc,phases      ] GC(746)   Post Evacuate Collection Set: 0.17ms
[19.746s][info ][gc,phases      ] GC(746)   Other: 0.05ms
[19.746s][trace][gc,age         ] GC(746) Age table:
[19.746s][trace][gc,age         ] GC(746) - age   1:        192 bytes,        192 total
[19.746s][info ][gc,heap        ] GC(746) Eden regions: 253->0(253)
[19.746s][info ][gc,heap        ] GC(746) Survivor regions: 1->1(32)
[19.746s][info ][gc,heap        ] GC(746) Old regions: 11->11
[19.746s][info ][gc,heap        ] GC(746) Humongous regions: 0->0
[19.746s][info ][gc,metaspace   ] GC(746) Metaspace: 10117K(10368K)->10117K(10368K) NonClass: 9153K(9344K)->9153K(9344K) Class: 963K(1024K)->963K(1024K)
[19.746s][info ][gc             ] GC(746) Pause Young (Normal) (G1 Evacuation Pause) 256M->4M(424M) 0.560ms
[19.746s][info ][gc,cpu         ] GC(746) User=0.00s Sys=0.00s Real=0.01s
[19.761s][info ][gc,start       ] GC(747) Pause Young (Normal) (G1 Evacuation Pause)
[19.761s][info ][gc,task        ] GC(747) Using 9 workers of 9 for evacuation
[19.761s][debug][gc,age         ] GC(747) Desired survivor size 16777216 bytes, new threshold 15 (max threshold 15)
[19.762s][info ][gc,phases      ] GC(747)   Pre Evacuate Collection Set: 0.09ms
[19.762s][info ][gc,phases      ] GC(747)   Merge Heap Roots: 0.07ms
[19.762s][info ][gc,phases      ] GC(747)   Evacuate Collection Set: 0.10ms
[19.762s][info ][gc,phases      ] GC(747)   Post Evacuate Collection Set: 0.15ms
[19.762s][info ][gc,phases      ] GC(747)   Other: 0.04ms
[19.762s][trace][gc,age         ] GC(747) Age table:
[19.762s][trace][gc,age         ] GC(747) - age   1:        192 bytes,        192 total
[19.762s][info ][gc,heap        ] GC(747) Eden regions: 253->0(253)
[19.762s][info ][gc,heap        ] GC(747) Survivor regions: 1->1(32)
[19.762s][info ][gc,heap        ] GC(747) Old regions: 11->11
[19.762s][info ][gc,heap        ] GC(747) Humongous regions: 0->0
[19.762s][info ][gc,metaspace   ] GC(747) Metaspace: 10117K(10368K)->10117K(10368K) NonClass: 9153K(9344K)->9153K(9344K) Class: 963K(1024K)->963K(1024K)
[19.762s][info ][gc             ] GC(747) Pause Young (Normal) (G1 Evacuation Pause) 256M->4M(424M) 0.544ms
[19.762s][info ][gc,cpu         ] GC(747) User=0.01s Sys=0.00s Real=0.00s
[19.777s][info ][gc,start       ] GC(748) Pause Young (Normal) (G1 Evacuation Pause)
[19.777s][info ][gc,task        ] GC(748) Using 9 workers of 9 for evacuation
[19.777s][debug][gc,age         ] GC(748) Desired survivor size 16777216 bytes, new threshold 15 (max threshold 15)
[19.778s][info ][gc,phases      ] GC(748)   Pre Evacuate Collection Set: 0.07ms
[19.778s][info ][gc,phases      ] GC(748)   Merge Heap Roots: 0.06ms
[19.778s][info ][gc,phases      ] GC(748)   Evacuate Collection Set: 0.11ms
[19.778s][info ][gc,phases      ] GC(748)   Post Evacuate Collection Set: 0.17ms
[19.778s][info ][gc,phases      ] GC(748)   Other: 0.05ms
[19.778s][trace][gc,age         ] GC(748) Age table:
[19.778s][trace][gc,age         ] GC(748) - age   1:        192 bytes,        192 total
[19.778s][info ][gc,heap        ] GC(748) Eden regions: 253->0(253)
[19.778s][info ][gc,heap        ] GC(748) Survivor regions: 1->1(32)
[19.778s][info ][gc,heap        ] GC(748) Old regions: 11->11
[19.778s][info ][gc,heap        ] GC(748) Humongous regions: 0->0
[19.778s][info ][gc,metaspace   ] GC(748) Metaspace: 10117K(10368K)->10117K(10368K) NonClass: 9153K(9344K)->9153K(9344K) Class: 963K(1024K)->963K(1024K)
[19.778s][info ][gc             ] GC(748) Pause Young (Normal) (G1 Evacuation Pause) 256M->4M(424M) 0.556ms
[19.778s][info ][gc,cpu         ] GC(748) User=0.00s Sys=0.00s Real=0.00s
[19.794s][info ][gc,start       ] GC(749) Pause Young (Normal) (G1 Evacuation Pause)
[19.794s][info ][gc,task        ] GC(749) Using 9 workers of 9 for evacuation
[19.794s][debug][gc,age         ] GC(749) Desired survivor size 16777216 bytes, new threshold 15 (max threshold 15)
[19.794s][info ][gc,phases      ] GC(749)   Pre Evacuate Collection Set: 0.09ms
[19.794s][info ][gc,phases      ] GC(749)   Merge Heap Roots: 0.07ms
[19.794s][info ][gc,phases      ] GC(749)   Evacuate Collection Set: 0.09ms
[19.794s][info ][gc,phases      ] GC(749)   Post Evacuate Collection Set: 0.19ms
[19.794s][info ][gc,phases      ] GC(749)   Other: 0.06ms
[19.794s][trace][gc,age         ] GC(749) Age table:
[19.794s][trace][gc,age         ] GC(749) - age   1:        192 bytes,        192 total
[19.794s][info ][gc,heap        ] GC(749) Eden regions: 253->0(253)
[19.794s][info ][gc,heap        ] GC(749) Survivor regions: 1->1(32)
[19.794s][info ][gc,heap        ] GC(749) Old regions: 11->11
[19.794s][info ][gc,heap        ] GC(749) Humongous regions: 0->0
[19.794s][info ][gc,metaspace   ] GC(749) Metaspace: 10117K(10368K)->10117K(10368K) NonClass: 9153K(9344K)->9153K(9344K) Class: 963K(1024K)->963K(1024K)
[19.794s][info ][gc             ] GC(749) Pause Young (Normal) (G1 Evacuation Pause) 256M->4M(424M) 0.613ms
[19.794s][info ][gc,cpu         ] GC(749) User=0.00s Sys=0.00s Real=0.00s
[19.810s][info ][gc,start       ] GC(750) Pause Young (Normal) (G1 Evacuation Pause)
[19.810s][info ][gc,task        ] GC(750) Using 9 workers of 9 for evacuation
[19.810s][debug][gc,age         ] GC(750) Desired survivor size 16777216 bytes, new threshold 15 (max threshold 15)
[19.810s][info ][gc,phases      ] GC(750)   Pre Evacuate Collection Set: 0.06ms
[19.810s][info ][gc,phases      ] GC(750)   Merge Heap Roots: 0.07ms
[19.810s][info ][gc,phases      ] GC(750)   Evacuate Collection Set: 0.12ms
[19.810s][info ][gc,phases      ] GC(750)   Post Evacuate Collection Set: 0.17ms
[19.810s][info ][gc,phases      ] GC(750)   Other: 0.04ms
[19.810s][trace][gc,age         ] GC(750) Age table:
[19.810s][trace][gc,age         ] GC(750) - age   1:        192 bytes,        192 total
[19.810s][info ][gc,heap        ] GC(750) Eden regions: 253->0(253)
[19.810s][info ][gc,heap        ] GC(750) Survivor regions: 1->1(32)
[19.810s][info ][gc,heap        ] GC(750) Old regions: 11->11
[19.810s][info ][gc,heap        ] GC(750) Humongous regions: 0->0
[19.810s][info ][gc,metaspace   ] GC(750) Metaspace: 10117K(10368K)->10117K(10368K) NonClass: 9153K(9344K)->9153K(9344K) Class: 963K(1024K)->963K(1024K)
[19.810s][info ][gc             ] GC(750) Pause Young (Normal) (G1 Evacuation Pause) 256M->4M(424M) 0.542ms
[19.810s][info ][gc,cpu         ] GC(750) User=0.01s Sys=0.00s Real=0.00s
[19.826s][info ][gc,start       ] GC(751) Pause Young (Normal) (G1 Evacuation Pause)
[19.826s][info ][gc,task        ] GC(751) Using 9 workers of 9 for evacuation
[19.826s][debug][gc,age         ] GC(751) Desired survivor size 16777216 bytes, new threshold 15 (max threshold 15)
[19.827s][info ][gc,phases      ] GC(751)   Pre Evacuate Collection Set: 0.09ms
[19.827s][info ][gc,phases      ] GC(751)   Merge Heap Roots: 0.06ms
[19.827s][info ][gc,phases      ] GC(751)   Evacuate Collection Set: 0.17ms
[19.827s][info ][gc,phases      ] GC(751)   Post Evacuate Collection Set: 0.18ms
[19.827s][info ][gc,phases      ] GC(751)   Other: 0.05ms
[19.827s][trace][gc,age         ] GC(751) Age table:
[19.827s][trace][gc,age         ] GC(751) - age   1:        192 bytes,        192 total
[19.827s][info ][gc,heap        ] GC(751) Eden regions: 253->0(253)
[19.827s][info ][gc,heap        ] GC(751) Survivor regions: 1->1(32)
[19.827s][info ][gc,heap        ] GC(751) Old regions: 11->11
[19.827s][info ][gc,heap        ] GC(751) Humongous regions: 0->0
[19.827s][info ][gc,metaspace   ] GC(751) Metaspace: 10117K(10368K)->10117K(10368K) NonClass: 9153K(9344K)->9153K(9344K) Class: 963K(1024K)->963K(1024K)
[19.827s][info ][gc             ] GC(751) Pause Young (Normal) (G1 Evacuation Pause) 256M->4M(424M) 0.633ms
[19.827s][info ][gc,cpu         ] GC(751) User=0.00s Sys=0.00s Real=0.00s
[19.842s][info ][gc,start       ] GC(752) Pause Young (Normal) (G1 Evacuation Pause)
[19.842s][info ][gc,task        ] GC(752) Using 9 workers of 9 for evacuation
[19.842s][debug][gc,age         ] GC(752) Desired survivor size 16777216 bytes, new threshold 15 (max threshold 15)
[19.843s][info ][gc,phases      ] GC(752)   Pre Evacuate Collection Set: 0.09ms
[19.843s][info ][gc,phases      ] GC(752)   Merge Heap Roots: 0.07ms
[19.843s][info ][gc,phases      ] GC(752)   Evacuate Collection Set: 0.11ms
[19.843s][info ][gc,phases      ] GC(752)   Post Evacuate Collection Set: 0.18ms
[19.843s][info ][gc,phases      ] GC(752)   Other: 0.05ms
[19.843s][trace][gc,age         ] GC(752) Age table:
[19.843s][trace][gc,age         ] GC(752) - age   1:        192 bytes,        192 total
[19.843s][info ][gc,heap        ] GC(752) Eden regions: 253->0(253)
[19.843s][info ][gc,heap        ] GC(752) Survivor regions: 1->1(32)
[19.843s][info ][gc,heap        ] GC(752) Old regions: 11->11
[19.843s][info ][gc,heap        ] GC(752) Humongous regions: 0->0
[19.843s][info ][gc,metaspace   ] GC(752) Metaspace: 10117K(10368K)->10117K(10368K) NonClass: 9153K(9344K)->9153K(9344K) Class: 963K(1024K)->963K(1024K)
[19.843s][info ][gc             ] GC(752) Pause Young (Normal) (G1 Evacuation Pause) 256M->4M(424M) 0.592ms
[19.843s][info ][gc,cpu         ] GC(752) User=0.00s Sys=0.01s Real=0.00s
[19.859s][info ][gc,start       ] GC(753) Pause Young (Normal) (G1 Evacuation Pause)
[19.859s][info ][gc,task        ] GC(753) Using 9 workers of 9 for evacuation
[19.859s][debug][gc,age         ] GC(753) Desired survivor size 16777216 bytes, new threshold 15 (max threshold 15)
[19.859s][info ][gc,phases      ] GC(753)   Pre Evacuate Collection Set: 0.08ms
[19.859s][info ][gc,phases      ] GC(753)   Merge Heap Roots: 0.07ms
[19.859s][info ][gc,phases      ] GC(753)   Evacuate Collection Set: 0.09ms
[19.859s][info ][gc,phases      ] GC(753)   Post Evacuate Collection Set: 0.16ms
[19.859s][info ][gc,phases      ] GC(753)   Other: 0.05ms
[19.859s][trace][gc,age         ] GC(753) Age table:
[19.859s][trace][gc,age         ] GC(753) - age   1:        192 bytes,        192 total
[19.859s][info ][gc,heap        ] GC(753) Eden regions: 253->0(253)
[19.859s][info ][gc,heap        ] GC(753) Survivor regions: 1->1(32)
[19.859s][info ][gc,heap        ] GC(753) Old regions: 11->11
[19.859s][info ][gc,heap        ] GC(753) Humongous regions: 0->0
[19.859s][info ][gc,metaspace   ] GC(753) Metaspace: 10117K(10368K)->10117K(10368K) NonClass: 9153K(9344K)->9153K(9344K) Class: 963K(1024K)->963K(1024K)
[19.859s][info ][gc             ] GC(753) Pause Young (Normal) (G1 Evacuation Pause) 256M->4M(424M) 0.534ms
[19.859s][info ][gc,cpu         ] GC(753) User=0.01s Sys=0.00s Real=0.00s
[19.874s][info ][gc,start       ] GC(754) Pause Young (Normal) (G1 Evacuation Pause)
[19.875s][info ][gc,task        ] GC(754) Using 9 workers of 9 for evacuation
[19.875s][debug][gc,age         ] GC(754) Desired survivor size 16777216 bytes, new threshold 15 (max threshold 15)
[19.875s][info ][gc,phases      ] GC(754)   Pre Evacuate Collection Set: 0.09ms
[19.875s][info ][gc,phases      ] GC(754)   Merge Heap Roots: 0.07ms
[19.875s][info ][gc,phases      ] GC(754)   Evacuate Collection Set: 0.13ms
[19.875s][info ][gc,phases      ] GC(754)   Post Evacuate Collection Set: 0.16ms
[19.875s][info ][gc,phases      ] GC(754)   Other: 0.04ms
[19.875s][trace][gc,age         ] GC(754) Age table:
[19.875s][trace][gc,age         ] GC(754) - age   1:        192 bytes,        192 total
[19.875s][info ][gc,heap        ] GC(754) Eden regions: 253->0(253)
[19.875s][info ][gc,heap        ] GC(754) Survivor regions: 1->1(32)
[19.875s][info ][gc,heap        ] GC(754) Old regions: 11->11
[19.875s][info ][gc,heap        ] GC(754) Humongous regions: 0->0
[19.875s][info ][gc,metaspace   ] GC(754) Metaspace: 10117K(10368K)->10117K(10368K) NonClass: 9153K(9344K)->9153K(9344K) Class: 963K(1024K)->963K(1024K)
[19.875s][info ][gc             ] GC(754) Pause Young (Normal) (G1 Evacuation Pause) 256M->4M(424M) 0.585ms
[19.875s][info ][gc,cpu         ] GC(754) User=0.00s Sys=0.00s Real=0.01s
[19.891s][info ][gc,start       ] GC(755) Pause Young (Normal) (G1 Evacuation Pause)
[19.891s][info ][gc,task        ] GC(755) Using 9 workers of 9 for evacuation
[19.891s][debug][gc,age         ] GC(755) Desired survivor size 16777216 bytes, new threshold 15 (max threshold 15)
[19.891s][info ][gc,phases      ] GC(755)   Pre Evacuate Collection Set: 0.12ms
[19.891s][info ][gc,phases      ] GC(755)   Merge Heap Roots: 0.09ms
[19.891s][info ][gc,phases      ] GC(755)   Evacuate Collection Set: 0.11ms
[19.891s][info ][gc,phases      ] GC(755)   Post Evacuate Collection Set: 0.18ms
[19.891s][info ][gc,phases      ] GC(755)   Other: 0.06ms
[19.891s][trace][gc,age         ] GC(755) Age table:
[19.891s][trace][gc,age         ] GC(755) - age   1:        192 bytes,        192 total
[19.891s][info ][gc,heap        ] GC(755) Eden regions: 253->0(253)
[19.891s][info ][gc,heap        ] GC(755) Survivor regions: 1->1(32)
[19.891s][info ][gc,heap        ] GC(755) Old regions: 11->11
[19.891s][info ][gc,heap        ] GC(755) Humongous regions: 0->0
[19.891s][info ][gc,metaspace   ] GC(755) Metaspace: 10117K(10368K)->10117K(10368K) NonClass: 9153K(9344K)->9153K(9344K) Class: 963K(1024K)->963K(1024K)
[19.891s][info ][gc             ] GC(755) Pause Young (Normal) (G1 Evacuation Pause) 256M->4M(424M) 0.635ms
[19.891s][info ][gc,cpu         ] GC(755) User=0.00s Sys=0.00s Real=0.00s
[19.907s][info ][gc,start       ] GC(756) Pause Young (Normal) (G1 Evacuation Pause)
[19.907s][info ][gc,task        ] GC(756) Using 9 workers of 9 for evacuation
[19.907s][debug][gc,age         ] GC(756) Desired survivor size 16777216 bytes, new threshold 15 (max threshold 15)
[19.907s][info ][gc,phases      ] GC(756)   Pre Evacuate Collection Set: 0.07ms
[19.907s][info ][gc,phases      ] GC(756)   Merge Heap Roots: 0.06ms
[19.907s][info ][gc,phases      ] GC(756)   Evacuate Collection Set: 0.09ms
[19.907s][info ][gc,phases      ] GC(756)   Post Evacuate Collection Set: 0.17ms
[19.907s][info ][gc,phases      ] GC(756)   Other: 0.05ms
[19.907s][trace][gc,age         ] GC(756) Age table:
[19.907s][trace][gc,age         ] GC(756) - age   1:        192 bytes,        192 total
[19.907s][info ][gc,heap        ] GC(756) Eden regions: 253->0(253)
[19.907s][info ][gc,heap        ] GC(756) Survivor regions: 1->1(32)
[19.907s][info ][gc,heap        ] GC(756) Old regions: 11->11
[19.907s][info ][gc,heap        ] GC(756) Humongous regions: 0->0
[19.907s][info ][gc,metaspace   ] GC(756) Metaspace: 10117K(10368K)->10117K(10368K) NonClass: 9153K(9344K)->9153K(9344K) Class: 963K(1024K)->963K(1024K)
[19.907s][info ][gc             ] GC(756) Pause Young (Normal) (G1 Evacuation Pause) 256M->4M(424M) 0.540ms
[19.907s][info ][gc,cpu         ] GC(756) User=0.01s Sys=0.00s Real=0.00s
[19.923s][info ][gc,start       ] GC(757) Pause Young (Normal) (G1 Evacuation Pause)
[19.923s][info ][gc,task        ] GC(757) Using 9 workers of 9 for evacuation
[19.923s][debug][gc,age         ] GC(757) Desired survivor size 16777216 bytes, new threshold 15 (max threshold 15)
[19.924s][info ][gc,phases      ] GC(757)   Pre Evacuate Collection Set: 0.08ms
[19.924s][info ][gc,phases      ] GC(757)   Merge Heap Roots: 0.07ms
[19.924s][info ][gc,phases      ] GC(757)   Evacuate Collection Set: 0.09ms
[19.924s][info ][gc,phases      ] GC(757)   Post Evacuate Collection Set: 0.19ms
[19.924s][info ][gc,phases      ] GC(757)   Other: 0.06ms
[19.924s][trace][gc,age         ] GC(757) Age table:
[19.924s][trace][gc,age         ] GC(757) - age   1:        192 bytes,        192 total
[19.924s][info ][gc,heap        ] GC(757) Eden regions: 253->0(253)
[19.924s][info ][gc,heap        ] GC(757) Survivor regions: 1->1(32)
[19.924s][info ][gc,heap        ] GC(757) Old regions: 11->11
[19.924s][info ][gc,heap        ] GC(757) Humongous regions: 0->0
[19.924s][info ][gc,metaspace   ] GC(757) Metaspace: 10117K(10368K)->10117K(10368K) NonClass: 9153K(9344K)->9153K(9344K) Class: 963K(1024K)->963K(1024K)
[19.924s][info ][gc             ] GC(757) Pause Young (Normal) (G1 Evacuation Pause) 256M->4M(424M) 0.578ms
[19.924s][info ][gc,cpu         ] GC(757) User=0.00s Sys=0.00s Real=0.00s
[19.939s][info ][gc,start       ] GC(758) Pause Young (Normal) (G1 Evacuation Pause)
[19.939s][info ][gc,task        ] GC(758) Using 9 workers of 9 for evacuation
[19.939s][debug][gc,age         ] GC(758) Desired survivor size 16777216 bytes, new threshold 15 (max threshold 15)
[19.940s][info ][gc,phases      ] GC(758)   Pre Evacuate Collection Set: 0.10ms
[19.940s][info ][gc,phases      ] GC(758)   Merge Heap Roots: 0.11ms
[19.940s][info ][gc,phases      ] GC(758)   Evacuate Collection Set: 0.10ms
[19.940s][info ][gc,phases      ] GC(758)   Post Evacuate Collection Set: 0.17ms
[19.940s][info ][gc,phases      ] GC(758)   Other: 0.05ms
[19.940s][trace][gc,age         ] GC(758) Age table:
[19.940s][trace][gc,age         ] GC(758) - age   1:        192 bytes,        192 total
[19.940s][info ][gc,heap        ] GC(758) Eden regions: 253->0(253)
[19.940s][info ][gc,heap        ] GC(758) Survivor regions: 1->1(32)
[19.940s][info ][gc,heap        ] GC(758) Old regions: 11->11
[19.940s][info ][gc,heap        ] GC(758) Humongous regions: 0->0
[19.940s][info ][gc,metaspace   ] GC(758) Metaspace: 10117K(10368K)->10117K(10368K) NonClass: 9153K(9344K)->9153K(9344K) Class: 963K(1024K)->963K(1024K)
[19.940s][info ][gc             ] GC(758) Pause Young (Normal) (G1 Evacuation Pause) 256M->4M(424M) 0.631ms
[19.940s][info ][gc,cpu         ] GC(758) User=0.00s Sys=0.00s Real=0.00s
[19.956s][info ][gc,start       ] GC(759) Pause Young (Normal) (G1 Evacuation Pause)
[19.956s][info ][gc,task        ] GC(759) Using 9 workers of 9 for evacuation
[19.956s][debug][gc,age         ] GC(759) Desired survivor size 16777216 bytes, new threshold 15 (max threshold 15)
[19.956s][info ][gc,phases      ] GC(759)   Pre Evacuate Collection Set: 0.09ms
[19.956s][info ][gc,phases      ] GC(759)   Merge Heap Roots: 0.07ms
[19.956s][info ][gc,phases      ] GC(759)   Evacuate Collection Set: 0.10ms
[19.956s][info ][gc,phases      ] GC(759)   Post Evacuate Collection Set: 0.16ms
[19.956s][info ][gc,phases      ] GC(759)   Other: 0.06ms
[19.956s][trace][gc,age         ] GC(759) Age table:
[19.956s][trace][gc,age         ] GC(759) - age   1:        192 bytes,        192 total
[19.956s][info ][gc,heap        ] GC(759) Eden regions: 253->0(253)
[19.956s][info ][gc,heap        ] GC(759) Survivor regions: 1->1(32)
[19.956s][info ][gc,heap        ] GC(759) Old regions: 11->11
[19.956s][info ][gc,heap        ] GC(759) Humongous regions: 0->0
[19.956s][info ][gc,metaspace   ] GC(759) Metaspace: 10117K(10368K)->10117K(10368K) NonClass: 9153K(9344K)->9153K(9344K) Class: 963K(1024K)->963K(1024K)
[19.956s][info ][gc             ] GC(759) Pause Young (Normal) (G1 Evacuation Pause) 256M->4M(424M) 0.577ms
[19.956s][info ][gc,cpu         ] GC(759) User=0.01s Sys=0.00s Real=0.00s
[19.972s][info ][gc,start       ] GC(760) Pause Young (Normal) (G1 Evacuation Pause)
[19.972s][info ][gc,task        ] GC(760) Using 9 workers of 9 for evacuation
[19.972s][debug][gc,age         ] GC(760) Desired survivor size 16777216 bytes, new threshold 15 (max threshold 15)
[19.972s][info ][gc,phases      ] GC(760)   Pre Evacuate Collection Set: 0.07ms
[19.972s][info ][gc,phases      ] GC(760)   Merge Heap Roots: 0.06ms
[19.972s][info ][gc,phases      ] GC(760)   Evacuate Collection Set: 0.13ms
[19.972s][info ][gc,phases      ] GC(760)   Post Evacuate Collection Set: 0.18ms
[19.972s][info ][gc,phases      ] GC(760)   Other: 0.05ms
[19.972s][trace][gc,age         ] GC(760) Age table:
[19.972s][trace][gc,age         ] GC(760) - age   1:        192 bytes,        192 total
[19.972s][info ][gc,heap        ] GC(760) Eden regions: 253->0(253)
[19.972s][info ][gc,heap        ] GC(760) Survivor regions: 1->1(32)
[19.972s][info ][gc,heap        ] GC(760) Old regions: 11->11
[19.972s][info ][gc,heap        ] GC(760) Humongous regions: 0->0
[19.972s][info ][gc,metaspace   ] GC(760) Metaspace: 10117K(10368K)->10117K(10368K) NonClass: 9153K(9344K)->9153K(9344K) Class: 963K(1024K)->963K(1024K)
[19.972s][info ][gc             ] GC(760) Pause Young (Normal) (G1 Evacuation Pause) 256M->4M(424M) 0.579ms
[19.972s][info ][gc,cpu         ] GC(760) User=0.00s Sys=0.00s Real=0.00s
[19.988s][info ][gc,start       ] GC(761) Pause Young (Normal) (G1 Evacuation Pause)
[19.988s][info ][gc,task        ] GC(761) Using 9 workers of 9 for evacuation
[19.988s][debug][gc,age         ] GC(761) Desired survivor size 16777216 bytes, new threshold 15 (max threshold 15)
[19.988s][info ][gc,phases      ] GC(761)   Pre Evacuate Collection Set: 0.10ms
[19.988s][info ][gc,phases      ] GC(761)   Merge Heap Roots: 0.09ms
[19.988s][info ][gc,phases      ] GC(761)   Evacuate Collection Set: 0.09ms
[19.988s][info ][gc,phases      ] GC(761)   Post Evacuate Collection Set: 0.17ms
[19.988s][info ][gc,phases      ] GC(761)   Other: 0.05ms
[19.988s][trace][gc,age         ] GC(761) Age table:
[19.988s][trace][gc,age         ] GC(761) - age   1:        192 bytes,        192 total
[19.988s][info ][gc,heap        ] GC(761) Eden regions: 253->0(253)
[19.988s][info ][gc,heap        ] GC(761) Survivor regions: 1->1(32)
[19.988s][info ][gc,heap        ] GC(761) Old regions: 11->11
[19.988s][info ][gc,heap        ] GC(761) Humongous regions: 0->0
[19.988s][info ][gc,metaspace   ] GC(761) Metaspace: 10117K(10368K)->10117K(10368K) NonClass: 9153K(9344K)->9153K(9344K) Class: 963K(1024K)->963K(1024K)
[19.988s][info ][gc             ] GC(761) Pause Young (Normal) (G1 Evacuation Pause) 256M->4M(424M) 0.586ms
[19.988s][info ][gc,cpu         ] GC(761) User=0.00s Sys=0.01s Real=0.00s
[20.004s][info ][gc,start       ] GC(762) Pause Young (Normal) (G1 Evacuation Pause)
[20.004s][info ][gc,task        ] GC(762) Using 9 workers of 9 for evacuation
[20.004s][debug][gc,age         ] GC(762) Desired survivor size 16777216 bytes, new threshold 15 (max threshold 15)
[20.005s][info ][gc,phases      ] GC(762)   Pre Evacuate Collection Set: 0.10ms
[20.005s][info ][gc,phases      ] GC(762)   Merge Heap Roots: 0.10ms
[20.005s][info ][gc,phases      ] GC(762)   Evacuate Collection Set: 0.09ms
[20.005s][info ][gc,phases      ] GC(762)   Post Evacuate Collection Set: 0.19ms
[20.005s][info ][gc,phases      ] GC(762)   Other: 0.06ms
[20.005s][trace][gc,age         ] GC(762) Age table:
[20.005s][trace][gc,age         ] GC(762) - age   1:        192 bytes,        192 total
[20.005s][info ][gc,heap        ] GC(762) Eden regions: 253->0(253)
[20.005s][info ][gc,heap        ] GC(762) Survivor regions: 1->1(32)
[20.005s][info ][gc,heap        ] GC(762) Old regions: 11->11
[20.005s][info ][gc,heap        ] GC(762) Humongous regions: 0->0
[20.005s][info ][gc,metaspace   ] GC(762) Metaspace: 10117K(10368K)->10117K(10368K) NonClass: 9153K(9344K)->9153K(9344K) Class: 963K(1024K)->963K(1024K)
[20.005s][info ][gc             ] GC(762) Pause Young (Normal) (G1 Evacuation Pause) 256M->4M(424M) 0.632ms
[20.005s][info ][gc,cpu         ] GC(762) User=0.00s Sys=0.00s Real=0.00s
[20.020s][info ][gc,start       ] GC(763) Pause Young (Normal) (G1 Evacuation Pause)
[20.020s][info ][gc,task        ] GC(763) Using 9 workers of 9 for evacuation
[20.020s][debug][gc,age         ] GC(763) Desired survivor size 16777216 bytes, new threshold 15 (max threshold 15)
[20.021s][info ][gc,phases      ] GC(763)   Pre Evacuate Collection Set: 0.06ms
[20.021s][info ][gc,phases      ] GC(763)   Merge Heap Roots: 0.06ms
[20.021s][info ][gc,phases      ] GC(763)   Evacuate Collection Set: 0.12ms
[20.021s][info ][gc,phases      ] GC(763)   Post Evacuate Collection Set: 0.19ms
[20.021s][info ][gc,phases      ] GC(763)   Other: 0.07ms
[20.021s][trace][gc,age         ] GC(763) Age table:
[20.021s][trace][gc,age         ] GC(763) - age   1:        192 bytes,        192 total
[20.021s][info ][gc,heap        ] GC(763) Eden regions: 253->0(253)
[20.021s][info ][gc,heap        ] GC(763) Survivor regions: 1->1(32)
[20.021s][info ][gc,heap        ] GC(763) Old regions: 11->11
[20.021s][info ][gc,heap        ] GC(763) Humongous regions: 0->0
[20.021s][info ][gc,metaspace   ] GC(763) Metaspace: 10117K(10368K)->10117K(10368K) NonClass: 9153K(9344K)->9153K(9344K) Class: 963K(1024K)->963K(1024K)
[20.021s][info ][gc             ] GC(763) Pause Young (Normal) (G1 Evacuation Pause) 256M->4M(424M) 0.585ms
[20.021s][info ][gc,cpu         ] GC(763) User=0.00s Sys=0.00s Real=0.00s
[20.036s][info ][gc,start       ] GC(764) Pause Young (Normal) (G1 Evacuation Pause)
[20.036s][info ][gc,task        ] GC(764) Using 9 workers of 9 for evacuation
[20.036s][debug][gc,age         ] GC(764) Desired survivor size 16777216 bytes, new threshold 15 (max threshold 15)
[20.037s][info ][gc,phases      ] GC(764)   Pre Evacuate Collection Set: 0.06ms
[20.037s][info ][gc,phases      ] GC(764)   Merge Heap Roots: 0.08ms
[20.037s][info ][gc,phases      ] GC(764)   Evacuate Collection Set: 0.10ms
[20.037s][info ][gc,phases      ] GC(764)   Post Evacuate Collection Set: 0.17ms
[20.037s][info ][gc,phases      ] GC(764)   Other: 0.05ms
[20.037s][trace][gc,age         ] GC(764) Age table:
[20.037s][trace][gc,age         ] GC(764) - age   1:        192 bytes,        192 total
[20.037s][info ][gc,heap        ] GC(764) Eden regions: 253->0(253)
[20.037s][info ][gc,heap        ] GC(764) Survivor regions: 1->1(32)
[20.037s][info ][gc,heap        ] GC(764) Old regions: 11->11
[20.037s][info ][gc,heap        ] GC(764) Humongous regions: 0->0
[20.037s][info ][gc,metaspace   ] GC(764) Metaspace: 10117K(10368K)->10117K(10368K) NonClass: 9153K(9344K)->9153K(9344K) Class: 963K(1024K)->963K(1024K)
[20.037s][info ][gc             ] GC(764) Pause Young (Normal) (G1 Evacuation Pause) 256M->4M(424M) 0.552ms
[20.037s][info ][gc,cpu         ] GC(764) User=0.00s Sys=0.00s Real=0.00s
[20.053s][info ][gc,start       ] GC(765) Pause Young (Normal) (G1 Evacuation Pause)
[20.053s][info ][gc,task        ] GC(765) Using 9 workers of 9 for evacuation
[20.053s][debug][gc,age         ] GC(765) Desired survivor size 16777216 bytes, new threshold 15 (max threshold 15)
[20.053s][info ][gc,phases      ] GC(765)   Pre Evacuate Collection Set: 0.07ms
[20.053s][info ][gc,phases      ] GC(765)   Merge Heap Roots: 0.07ms
[20.053s][info ][gc,phases      ] GC(765)   Evacuate Collection Set: 0.08ms
[20.053s][info ][gc,phases      ] GC(765)   Post Evacuate Collection Set: 0.16ms
[20.053s][info ][gc,phases      ] GC(765)   Other: 0.05ms
[20.053s][trace][gc,age         ] GC(765) Age table:
[20.053s][trace][gc,age         ] GC(765) - age   1:        192 bytes,        192 total
[20.053s][info ][gc,heap        ] GC(765) Eden regions: 253->0(253)
[20.053s][info ][gc,heap        ] GC(765) Survivor regions: 1->1(32)
[20.053s][info ][gc,heap        ] GC(765) Old regions: 11->11
[20.053s][info ][gc,heap        ] GC(765) Humongous regions: 0->0
[20.053s][info ][gc,metaspace   ] GC(765) Metaspace: 10117K(10368K)->10117K(10368K) NonClass: 9153K(9344K)->9153K(9344K) Class: 963K(1024K)->963K(1024K)
[20.053s][info ][gc             ] GC(765) Pause Young (Normal) (G1 Evacuation Pause) 256M->4M(424M) 0.525ms
[20.053s][info ][gc,cpu         ] GC(765) User=0.00s Sys=0.00s Real=0.00s
[20.069s][info ][gc,start       ] GC(766) Pause Young (Normal) (G1 Evacuation Pause)
[20.069s][info ][gc,task        ] GC(766) Using 9 workers of 9 for evacuation
[20.069s][debug][gc,age         ] GC(766) Desired survivor size 16777216 bytes, new threshold 15 (max threshold 15)
[20.069s][info ][gc,phases      ] GC(766)   Pre Evacuate Collection Set: 0.08ms
[20.069s][info ][gc,phases      ] GC(766)   Merge Heap Roots: 0.05ms
[20.069s][info ][gc,phases      ] GC(766)   Evacuate Collection Set: 0.11ms
[20.069s][info ][gc,phases      ] GC(766)   Post Evacuate Collection Set: 0.16ms
[20.069s][info ][gc,phases      ] GC(766)   Other: 0.04ms
[20.069s][trace][gc,age         ] GC(766) Age table:
[20.069s][trace][gc,age         ] GC(766) - age   1:        192 bytes,        192 total
[20.069s][info ][gc,heap        ] GC(766) Eden regions: 253->0(253)
[20.069s][info ][gc,heap        ] GC(766) Survivor regions: 1->1(32)
[20.069s][info ][gc,heap        ] GC(766) Old regions: 11->11
[20.069s][info ][gc,heap        ] GC(766) Humongous regions: 0->0
[20.069s][info ][gc,metaspace   ] GC(766) Metaspace: 10117K(10368K)->10117K(10368K) NonClass: 9153K(9344K)->9153K(9344K) Class: 963K(1024K)->963K(1024K)
[20.069s][info ][gc             ] GC(766) Pause Young (Normal) (G1 Evacuation Pause) 256M->4M(424M) 0.526ms
[20.069s][info ][gc,cpu         ] GC(766) User=0.00s Sys=0.00s Real=0.00s
[20.085s][info ][gc,start       ] GC(767) Pause Young (Normal) (G1 Evacuation Pause)
[20.085s][info ][gc,task        ] GC(767) Using 9 workers of 9 for evacuation
[20.085s][debug][gc,age         ] GC(767) Desired survivor size 16777216 bytes, new threshold 15 (max threshold 15)
[20.085s][info ][gc,phases      ] GC(767)   Pre Evacuate Collection Set: 0.07ms
[20.085s][info ][gc,phases      ] GC(767)   Merge Heap Roots: 0.06ms
[20.085s][info ][gc,phases      ] GC(767)   Evacuate Collection Set: 0.13ms
[20.085s][info ][gc,phases      ] GC(767)   Post Evacuate Collection Set: 0.19ms
[20.085s][info ][gc,phases      ] GC(767)   Other: 0.06ms
[20.085s][trace][gc,age         ] GC(767) Age table:
[20.085s][trace][gc,age         ] GC(767) - age   1:        192 bytes,        192 total
[20.085s][info ][gc,heap        ] GC(767) Eden regions: 253->0(253)
[20.085s][info ][gc,heap        ] GC(767) Survivor regions: 1->1(32)
[20.085s][info ][gc,heap        ] GC(767) Old regions: 11->11
[20.085s][info ][gc,heap        ] GC(767) Humongous regions: 0->0
[20.085s][info ][gc,metaspace   ] GC(767) Metaspace: 10117K(10368K)->10117K(10368K) NonClass: 9153K(9344K)->9153K(9344K) Class: 963K(1024K)->963K(1024K)
[20.085s][info ][gc             ] GC(767) Pause Young (Normal) (G1 Evacuation Pause) 256M->4M(424M) 0.600ms
[20.085s][info ][gc,cpu         ] GC(767) User=0.00s Sys=0.00s Real=0.01s
[20.101s][info ][gc,start       ] GC(768) Pause Young (Normal) (G1 Evacuation Pause)
[20.101s][info ][gc,task        ] GC(768) Using 9 workers of 9 for evacuation
[20.101s][debug][gc,age         ] GC(768) Desired survivor size 16777216 bytes, new threshold 15 (max threshold 15)
[20.102s][info ][gc,phases      ] GC(768)   Pre Evacuate Collection Set: 0.08ms
[20.102s][info ][gc,phases      ] GC(768)   Merge Heap Roots: 0.06ms
[20.102s][info ][gc,phases      ] GC(768)   Evacuate Collection Set: 0.12ms
[20.102s][info ][gc,phases      ] GC(768)   Post Evacuate Collection Set: 0.18ms
[20.102s][info ][gc,phases      ] GC(768)   Other: 0.05ms
[20.102s][trace][gc,age         ] GC(768) Age table:
[20.102s][trace][gc,age         ] GC(768) - age   1:        192 bytes,        192 total
[20.102s][info ][gc,heap        ] GC(768) Eden regions: 253->0(253)
[20.102s][info ][gc,heap        ] GC(768) Survivor regions: 1->1(32)
[20.102s][info ][gc,heap        ] GC(768) Old regions: 11->11
[20.102s][info ][gc,heap        ] GC(768) Humongous regions: 0->0
[20.102s][info ][gc,metaspace   ] GC(768) Metaspace: 10117K(10368K)->10117K(10368K) NonClass: 9153K(9344K)->9153K(9344K) Class: 963K(1024K)->963K(1024K)
[20.102s][info ][gc             ] GC(768) Pause Young (Normal) (G1 Evacuation Pause) 256M->4M(424M) 0.574ms
[20.102s][info ][gc,cpu         ] GC(768) User=0.00s Sys=0.00s Real=0.00s
[20.117s][info ][gc,start       ] GC(769) Pause Young (Normal) (G1 Evacuation Pause)
[20.117s][info ][gc,task        ] GC(769) Using 9 workers of 9 for evacuation
[20.117s][debug][gc,age         ] GC(769) Desired survivor size 16777216 bytes, new threshold 15 (max threshold 15)
[20.118s][info ][gc,phases      ] GC(769)   Pre Evacuate Collection Set: 0.07ms
[20.118s][info ][gc,phases      ] GC(769)   Merge Heap Roots: 0.10ms
[20.118s][info ][gc,phases      ] GC(769)   Evacuate Collection Set: 0.10ms
[20.118s][info ][gc,phases      ] GC(769)   Post Evacuate Collection Set: 0.18ms
[20.118s][info ][gc,phases      ] GC(769)   Other: 0.06ms
[20.118s][trace][gc,age         ] GC(769) Age table:
[20.118s][trace][gc,age         ] GC(769) - age   1:        192 bytes,        192 total
[20.118s][info ][gc,heap        ] GC(769) Eden regions: 253->0(253)
[20.118s][info ][gc,heap        ] GC(769) Survivor regions: 1->1(32)
[20.118s][info ][gc,heap        ] GC(769) Old regions: 11->11
[20.118s][info ][gc,heap        ] GC(769) Humongous regions: 0->0
[20.118s][info ][gc,metaspace   ] GC(769) Metaspace: 10117K(10368K)->10117K(10368K) NonClass: 9153K(9344K)->9153K(9344K) Class: 963K(1024K)->963K(1024K)
[20.118s][info ][gc             ] GC(769) Pause Young (Normal) (G1 Evacuation Pause) 256M->4M(424M) 0.595ms
[20.118s][info ][gc,cpu         ] GC(769) User=0.00s Sys=0.00s Real=0.00s
[20.134s][info ][gc,start       ] GC(770) Pause Young (Normal) (G1 Evacuation Pause)
[20.134s][info ][gc,task        ] GC(770) Using 9 workers of 9 for evacuation
[20.134s][debug][gc,age         ] GC(770) Desired survivor size 16777216 bytes, new threshold 15 (max threshold 15)
[20.134s][info ][gc,phases      ] GC(770)   Pre Evacuate Collection Set: 0.09ms
[20.134s][info ][gc,phases      ] GC(770)   Merge Heap Roots: 0.07ms
[20.134s][info ][gc,phases      ] GC(770)   Evacuate Collection Set: 0.12ms
[20.134s][info ][gc,phases      ] GC(770)   Post Evacuate Collection Set: 0.16ms
[20.134s][info ][gc,phases      ] GC(770)   Other: 0.06ms
[20.134s][trace][gc,age         ] GC(770) Age table:
[20.134s][trace][gc,age         ] GC(770) - age   1:        192 bytes,        192 total
[20.134s][info ][gc,heap        ] GC(770) Eden regions: 253->0(253)
[20.134s][info ][gc,heap        ] GC(770) Survivor regions: 1->1(32)
[20.134s][info ][gc,heap        ] GC(770) Old regions: 11->11
[20.134s][info ][gc,heap        ] GC(770) Humongous regions: 0->0
[20.134s][info ][gc,metaspace   ] GC(770) Metaspace: 10117K(10368K)->10117K(10368K) NonClass: 9153K(9344K)->9153K(9344K) Class: 963K(1024K)->963K(1024K)
[20.134s][info ][gc             ] GC(770) Pause Young (Normal) (G1 Evacuation Pause) 256M->4M(424M) 0.591ms
[20.134s][info ][gc,cpu         ] GC(770) User=0.00s Sys=0.00s Real=0.00s
[20.150s][info ][gc,start       ] GC(771) Pause Young (Normal) (G1 Evacuation Pause)
[20.150s][info ][gc,task        ] GC(771) Using 9 workers of 9 for evacuation
[20.150s][debug][gc,age         ] GC(771) Desired survivor size 16777216 bytes, new threshold 15 (max threshold 15)
[20.150s][info ][gc,phases      ] GC(771)   Pre Evacuate Collection Set: 0.07ms
[20.150s][info ][gc,phases      ] GC(771)   Merge Heap Roots: 0.06ms
[20.150s][info ][gc,phases      ] GC(771)   Evacuate Collection Set: 0.09ms
[20.150s][info ][gc,phases      ] GC(771)   Post Evacuate Collection Set: 0.21ms
[20.150s][info ][gc,phases      ] GC(771)   Other: 0.06ms
[20.150s][trace][gc,age         ] GC(771) Age table:
[20.150s][trace][gc,age         ] GC(771) - age   1:        192 bytes,        192 total
[20.150s][info ][gc,heap        ] GC(771) Eden regions: 253->0(253)
[20.150s][info ][gc,heap        ] GC(771) Survivor regions: 1->1(32)
[20.150s][info ][gc,heap        ] GC(771) Old regions: 11->11
[20.150s][info ][gc,heap        ] GC(771) Humongous regions: 0->0
[20.150s][info ][gc,metaspace   ] GC(771) Metaspace: 10117K(10368K)->10117K(10368K) NonClass: 9153K(9344K)->9153K(9344K) Class: 963K(1024K)->963K(1024K)
[20.150s][info ][gc             ] GC(771) Pause Young (Normal) (G1 Evacuation Pause) 256M->4M(424M) 0.594ms
[20.150s][info ][gc,cpu         ] GC(771) User=0.00s Sys=0.00s Real=0.00s
[20.166s][info ][gc,start       ] GC(772) Pause Young (Normal) (G1 Evacuation Pause)
[20.166s][info ][gc,task        ] GC(772) Using 9 workers of 9 for evacuation
[20.166s][debug][gc,age         ] GC(772) Desired survivor size 16777216 bytes, new threshold 15 (max threshold 15)
[20.167s][info ][gc,phases      ] GC(772)   Pre Evacuate Collection Set: 0.07ms
[20.167s][info ][gc,phases      ] GC(772)   Merge Heap Roots: 0.06ms
[20.167s][info ][gc,phases      ] GC(772)   Evacuate Collection Set: 0.12ms
[20.167s][info ][gc,phases      ] GC(772)   Post Evacuate Collection Set: 0.16ms
[20.167s][info ][gc,phases      ] GC(772)   Other: 0.04ms
[20.167s][trace][gc,age         ] GC(772) Age table:
[20.167s][trace][gc,age         ] GC(772) - age   1:        192 bytes,        192 total
[20.167s][info ][gc,heap        ] GC(772) Eden regions: 253->0(253)
[20.167s][info ][gc,heap        ] GC(772) Survivor regions: 1->1(32)
[20.167s][info ][gc,heap        ] GC(772) Old regions: 11->11
[20.167s][info ][gc,heap        ] GC(772) Humongous regions: 0->0
[20.167s][info ][gc,metaspace   ] GC(772) Metaspace: 10117K(10368K)->10117K(10368K) NonClass: 9153K(9344K)->9153K(9344K) Class: 963K(1024K)->963K(1024K)
[20.167s][info ][gc             ] GC(772) Pause Young (Normal) (G1 Evacuation Pause) 256M->4M(424M) 0.537ms
[20.167s][info ][gc,cpu         ] GC(772) User=0.00s Sys=0.00s Real=0.00s
[20.182s][info ][gc,start       ] GC(773) Pause Young (Normal) (G1 Evacuation Pause)
[20.182s][info ][gc,task        ] GC(773) Using 9 workers of 9 for evacuation
[20.182s][debug][gc,age         ] GC(773) Desired survivor size 16777216 bytes, new threshold 15 (max threshold 15)
[20.183s][info ][gc,phases      ] GC(773)   Pre Evacuate Collection Set: 0.07ms
[20.183s][info ][gc,phases      ] GC(773)   Merge Heap Roots: 0.06ms
[20.183s][info ][gc,phases      ] GC(773)   Evacuate Collection Set: 0.10ms
[20.183s][info ][gc,phases      ] GC(773)   Post Evacuate Collection Set: 0.16ms
[20.183s][info ][gc,phases      ] GC(773)   Other: 0.04ms
[20.183s][trace][gc,age         ] GC(773) Age table:
[20.183s][trace][gc,age         ] GC(773) - age   1:        192 bytes,        192 total
[20.183s][info ][gc,heap        ] GC(773) Eden regions: 253->0(253)
[20.183s][info ][gc,heap        ] GC(773) Survivor regions: 1->1(32)
[20.183s][info ][gc,heap        ] GC(773) Old regions: 11->11
[20.183s][info ][gc,heap        ] GC(773) Humongous regions: 0->0
[20.183s][info ][gc,metaspace   ] GC(773) Metaspace: 10117K(10368K)->10117K(10368K) NonClass: 9153K(9344K)->9153K(9344K) Class: 963K(1024K)->963K(1024K)
[20.183s][info ][gc             ] GC(773) Pause Young (Normal) (G1 Evacuation Pause) 256M->4M(424M) 0.525ms
[20.183s][info ][gc,cpu         ] GC(773) User=0.01s Sys=0.00s Real=0.00s
[20.198s][info ][gc,start       ] GC(774) Pause Young (Normal) (G1 Evacuation Pause)
[20.198s][info ][gc,task        ] GC(774) Using 9 workers of 9 for evacuation
[20.198s][debug][gc,age         ] GC(774) Desired survivor size 16777216 bytes, new threshold 15 (max threshold 15)
[20.199s][info ][gc,phases      ] GC(774)   Pre Evacuate Collection Set: 0.08ms
[20.199s][info ][gc,phases      ] GC(774)   Merge Heap Roots: 0.06ms
[20.199s][info ][gc,phases      ] GC(774)   Evacuate Collection Set: 0.14ms
[20.199s][info ][gc,phases      ] GC(774)   Post Evacuate Collection Set: 0.17ms
[20.199s][info ][gc,phases      ] GC(774)   Other: 0.05ms
[20.199s][trace][gc,age         ] GC(774) Age table:
[20.199s][trace][gc,age         ] GC(774) - age   1:        192 bytes,        192 total
[20.199s][info ][gc,heap        ] GC(774) Eden regions: 253->0(253)
[20.199s][info ][gc,heap        ] GC(774) Survivor regions: 1->1(32)
[20.199s][info ][gc,heap        ] GC(774) Old regions: 11->11
[20.199s][info ][gc,heap        ] GC(774) Humongous regions: 0->0
[20.199s][info ][gc,metaspace   ] GC(774) Metaspace: 10117K(10368K)->10117K(10368K) NonClass: 9153K(9344K)->9153K(9344K) Class: 963K(1024K)->963K(1024K)
[20.199s][info ][gc             ] GC(774) Pause Young (Normal) (G1 Evacuation Pause) 256M->4M(424M) 0.592ms
[20.199s][info ][gc,cpu         ] GC(774) User=0.00s Sys=0.00s Real=0.00s
[20.215s][info ][gc,start       ] GC(775) Pause Young (Normal) (G1 Evacuation Pause)
[20.215s][info ][gc,task        ] GC(775) Using 9 workers of 9 for evacuation
[20.215s][debug][gc,age         ] GC(775) Desired survivor size 16777216 bytes, new threshold 15 (max threshold 15)
[20.215s][info ][gc,phases      ] GC(775)   Pre Evacuate Collection Set: 0.08ms
[20.215s][info ][gc,phases      ] GC(775)   Merge Heap Roots: 0.09ms
[20.215s][info ][gc,phases      ] GC(775)   Evacuate Collection Set: 0.12ms
[20.215s][info ][gc,phases      ] GC(775)   Post Evacuate Collection Set: 0.17ms
[20.215s][info ][gc,phases      ] GC(775)   Other: 0.04ms
[20.215s][trace][gc,age         ] GC(775) Age table:
[20.215s][trace][gc,age         ] GC(775) - age   1:        192 bytes,        192 total
[20.215s][info ][gc,heap        ] GC(775) Eden regions: 253->0(253)
[20.215s][info ][gc,heap        ] GC(775) Survivor regions: 1->1(32)
[20.215s][info ][gc,heap        ] GC(775) Old regions: 11->11
[20.215s][info ][gc,heap        ] GC(775) Humongous regions: 0->0
[20.215s][info ][gc,metaspace   ] GC(775) Metaspace: 10117K(10368K)->10117K(10368K) NonClass: 9153K(9344K)->9153K(9344K) Class: 963K(1024K)->963K(1024K)
[20.215s][info ][gc             ] GC(775) Pause Young (Normal) (G1 Evacuation Pause) 256M->4M(424M) 0.591ms
[20.215s][info ][gc,cpu         ] GC(775) User=0.00s Sys=0.00s Real=0.01s
[20.231s][info ][gc,start       ] GC(776) Pause Young (Normal) (G1 Evacuation Pause)
[20.231s][info ][gc,task        ] GC(776) Using 9 workers of 9 for evacuation
[20.231s][debug][gc,age         ] GC(776) Desired survivor size 16777216 bytes, new threshold 15 (max threshold 15)
[20.231s][info ][gc,phases      ] GC(776)   Pre Evacuate Collection Set: 0.08ms
[20.231s][info ][gc,phases      ] GC(776)   Merge Heap Roots: 0.08ms
[20.231s][info ][gc,phases      ] GC(776)   Evacuate Collection Set: 0.09ms
[20.231s][info ][gc,phases      ] GC(776)   Post Evacuate Collection Set: 0.16ms
[20.231s][info ][gc,phases      ] GC(776)   Other: 0.06ms
[20.231s][trace][gc,age         ] GC(776) Age table:
[20.231s][trace][gc,age         ] GC(776) - age   1:        192 bytes,        192 total
[20.231s][info ][gc,heap        ] GC(776) Eden regions: 253->0(253)
[20.231s][info ][gc,heap        ] GC(776) Survivor regions: 1->1(32)
[20.231s][info ][gc,heap        ] GC(776) Old regions: 11->11
[20.231s][info ][gc,heap        ] GC(776) Humongous regions: 0->0
[20.231s][info ][gc,metaspace   ] GC(776) Metaspace: 10117K(10368K)->10117K(10368K) NonClass: 9153K(9344K)->9153K(9344K) Class: 963K(1024K)->963K(1024K)
[20.231s][info ][gc             ] GC(776) Pause Young (Normal) (G1 Evacuation Pause) 256M->4M(424M) 0.562ms
[20.231s][info ][gc,cpu         ] GC(776) User=0.01s Sys=0.00s Real=0.00s
[20.247s][info ][gc,start       ] GC(777) Pause Young (Normal) (G1 Evacuation Pause)
[20.247s][info ][gc,task        ] GC(777) Using 9 workers of 9 for evacuation
[20.247s][debug][gc,age         ] GC(777) Desired survivor size 16777216 bytes, new threshold 15 (max threshold 15)
[20.248s][info ][gc,phases      ] GC(777)   Pre Evacuate Collection Set: 0.10ms
[20.248s][info ][gc,phases      ] GC(777)   Merge Heap Roots: 0.06ms
[20.248s][info ][gc,phases      ] GC(777)   Evacuate Collection Set: 0.09ms
[20.248s][info ][gc,phases      ] GC(777)   Post Evacuate Collection Set: 0.16ms
[20.248s][info ][gc,phases      ] GC(777)   Other: 0.04ms
[20.248s][trace][gc,age         ] GC(777) Age table:
[20.248s][trace][gc,age         ] GC(777) - age   1:        192 bytes,        192 total
[20.248s][info ][gc,heap        ] GC(777) Eden regions: 253->0(253)
[20.248s][info ][gc,heap        ] GC(777) Survivor regions: 1->1(32)
[20.248s][info ][gc,heap        ] GC(777) Old regions: 11->11
[20.248s][info ][gc,heap        ] GC(777) Humongous regions: 0->0
[20.248s][info ][gc,metaspace   ] GC(777) Metaspace: 10117K(10368K)->10117K(10368K) NonClass: 9153K(9344K)->9153K(9344K) Class: 963K(1024K)->963K(1024K)
[20.248s][info ][gc             ] GC(777) Pause Young (Normal) (G1 Evacuation Pause) 256M->4M(424M) 0.547ms
[20.248s][info ][gc,cpu         ] GC(777) User=0.00s Sys=0.00s Real=0.00s
[20.263s][info ][gc,start       ] GC(778) Pause Young (Normal) (G1 Evacuation Pause)
[20.263s][info ][gc,task        ] GC(778) Using 9 workers of 9 for evacuation
[20.263s][debug][gc,age         ] GC(778) Desired survivor size 16777216 bytes, new threshold 15 (max threshold 15)
[20.264s][info ][gc,phases      ] GC(778)   Pre Evacuate Collection Set: 0.09ms
[20.264s][info ][gc,phases      ] GC(778)   Merge Heap Roots: 0.07ms
[20.264s][info ][gc,phases      ] GC(778)   Evacuate Collection Set: 0.12ms
[20.264s][info ][gc,phases      ] GC(778)   Post Evacuate Collection Set: 0.16ms
[20.264s][info ][gc,phases      ] GC(778)   Other: 0.05ms
[20.264s][trace][gc,age         ] GC(778) Age table:
[20.264s][trace][gc,age         ] GC(778) - age   1:        192 bytes,        192 total
[20.264s][info ][gc,heap        ] GC(778) Eden regions: 253->0(253)
[20.264s][info ][gc,heap        ] GC(778) Survivor regions: 1->1(32)
[20.264s][info ][gc,heap        ] GC(778) Old regions: 11->11
[20.264s][info ][gc,heap        ] GC(778) Humongous regions: 0->0
[20.264s][info ][gc,metaspace   ] GC(778) Metaspace: 10117K(10368K)->10117K(10368K) NonClass: 9153K(9344K)->9153K(9344K) Class: 963K(1024K)->963K(1024K)
[20.264s][info ][gc             ] GC(778) Pause Young (Normal) (G1 Evacuation Pause) 256M->4M(424M) 0.595ms
[20.264s][info ][gc,cpu         ] GC(778) User=0.00s Sys=0.01s Real=0.00s
[20.280s][info ][gc,start       ] GC(779) Pause Young (Normal) (G1 Evacuation Pause)
[20.280s][info ][gc,task        ] GC(779) Using 9 workers of 9 for evacuation
[20.280s][debug][gc,age         ] GC(779) Desired survivor size 16777216 bytes, new threshold 15 (max threshold 15)
[20.280s][info ][gc,phases      ] GC(779)   Pre Evacuate Collection Set: 0.08ms
[20.280s][info ][gc,phases      ] GC(779)   Merge Heap Roots: 0.08ms
[20.280s][info ][gc,phases      ] GC(779)   Evacuate Collection Set: 0.10ms
[20.280s][info ][gc,phases      ] GC(779)   Post Evacuate Collection Set: 0.18ms
[20.280s][info ][gc,phases      ] GC(779)   Other: 0.04ms
[20.280s][trace][gc,age         ] GC(779) Age table:
[20.280s][trace][gc,age         ] GC(779) - age   1:        192 bytes,        192 total
[20.280s][info ][gc,heap        ] GC(779) Eden regions: 253->0(253)
[20.280s][info ][gc,heap        ] GC(779) Survivor regions: 1->1(32)
[20.280s][info ][gc,heap        ] GC(779) Old regions: 11->11
[20.280s][info ][gc,heap        ] GC(779) Humongous regions: 0->0
[20.280s][info ][gc,metaspace   ] GC(779) Metaspace: 10117K(10368K)->10117K(10368K) NonClass: 9153K(9344K)->9153K(9344K) Class: 963K(1024K)->963K(1024K)
[20.280s][info ][gc             ] GC(779) Pause Young (Normal) (G1 Evacuation Pause) 256M->4M(424M) 0.552ms
[20.280s][info ][gc,cpu         ] GC(779) User=0.01s Sys=0.00s Real=0.00s
[20.296s][info ][gc,start       ] GC(780) Pause Young (Normal) (G1 Evacuation Pause)
[20.296s][info ][gc,task        ] GC(780) Using 9 workers of 9 for evacuation
[20.296s][debug][gc,age         ] GC(780) Desired survivor size 16777216 bytes, new threshold 15 (max threshold 15)
[20.296s][info ][gc,phases      ] GC(780)   Pre Evacuate Collection Set: 0.09ms
[20.296s][info ][gc,phases      ] GC(780)   Merge Heap Roots: 0.07ms
[20.296s][info ][gc,phases      ] GC(780)   Evacuate Collection Set: 0.13ms
[20.296s][info ][gc,phases      ] GC(780)   Post Evacuate Collection Set: 0.18ms
[20.296s][info ][gc,phases      ] GC(780)   Other: 0.04ms
[20.296s][trace][gc,age         ] GC(780) Age table:
[20.296s][trace][gc,age         ] GC(780) - age   1:        192 bytes,        192 total
[20.296s][info ][gc,heap        ] GC(780) Eden regions: 253->0(253)
[20.296s][info ][gc,heap        ] GC(780) Survivor regions: 1->1(32)
[20.296s][info ][gc,heap        ] GC(780) Old regions: 11->11
[20.296s][info ][gc,heap        ] GC(780) Humongous regions: 0->0
[20.296s][info ][gc,metaspace   ] GC(780) Metaspace: 10117K(10368K)->10117K(10368K) NonClass: 9153K(9344K)->9153K(9344K) Class: 963K(1024K)->963K(1024K)
[20.296s][info ][gc             ] GC(780) Pause Young (Normal) (G1 Evacuation Pause) 256M->4M(424M) 0.581ms
[20.296s][info ][gc,cpu         ] GC(780) User=0.00s Sys=0.00s Real=0.00s
[20.312s][info ][gc,start       ] GC(781) Pause Young (Normal) (G1 Evacuation Pause)
[20.312s][info ][gc,task        ] GC(781) Using 9 workers of 9 for evacuation
[20.312s][debug][gc,age         ] GC(781) Desired survivor size 16777216 bytes, new threshold 15 (max threshold 15)
[20.313s][info ][gc,phases      ] GC(781)   Pre Evacuate Collection Set: 0.06ms
[20.313s][info ][gc,phases      ] GC(781)   Merge Heap Roots: 0.05ms
[20.313s][info ][gc,phases      ] GC(781)   Evacuate Collection Set: 0.10ms
[20.313s][info ][gc,phases      ] GC(781)   Post Evacuate Collection Set: 0.20ms
[20.313s][info ][gc,phases      ] GC(781)   Other: 0.07ms
[20.313s][trace][gc,age         ] GC(781) Age table:
[20.313s][trace][gc,age         ] GC(781) - age   1:        192 bytes,        192 total
[20.313s][info ][gc,heap        ] GC(781) Eden regions: 253->0(253)
[20.313s][info ][gc,heap        ] GC(781) Survivor regions: 1->1(32)
[20.313s][info ][gc,heap        ] GC(781) Old regions: 11->11
[20.313s][info ][gc,heap        ] GC(781) Humongous regions: 0->0
[20.313s][info ][gc,metaspace   ] GC(781) Metaspace: 10117K(10368K)->10117K(10368K) NonClass: 9153K(9344K)->9153K(9344K) Class: 963K(1024K)->963K(1024K)
[20.313s][info ][gc             ] GC(781) Pause Young (Normal) (G1 Evacuation Pause) 256M->4M(424M) 0.566ms
[20.313s][info ][gc,cpu         ] GC(781) User=0.00s Sys=0.00s Real=0.00s
[20.328s][info ][gc,start       ] GC(782) Pause Young (Normal) (G1 Evacuation Pause)
[20.328s][info ][gc,task        ] GC(782) Using 9 workers of 9 for evacuation
[20.328s][debug][gc,age         ] GC(782) Desired survivor size 16777216 bytes, new threshold 15 (max threshold 15)
[20.329s][info ][gc,phases      ] GC(782)   Pre Evacuate Collection Set: 0.07ms
[20.329s][info ][gc,phases      ] GC(782)   Merge Heap Roots: 0.05ms
[20.329s][info ][gc,phases      ] GC(782)   Evacuate Collection Set: 0.13ms
[20.329s][info ][gc,phases      ] GC(782)   Post Evacuate Collection Set: 0.18ms
[20.329s][info ][gc,phases      ] GC(782)   Other: 0.06ms
[20.329s][trace][gc,age         ] GC(782) Age table:
[20.329s][trace][gc,age         ] GC(782) - age   1:        192 bytes,        192 total
[20.329s][info ][gc,heap        ] GC(782) Eden regions: 253->0(253)
[20.329s][info ][gc,heap        ] GC(782) Survivor regions: 1->1(32)
[20.329s][info ][gc,heap        ] GC(782) Old regions: 11->11
[20.329s][info ][gc,heap        ] GC(782) Humongous regions: 0->0
[20.329s][info ][gc,metaspace   ] GC(782) Metaspace: 10117K(10368K)->10117K(10368K) NonClass: 9153K(9344K)->9153K(9344K) Class: 963K(1024K)->963K(1024K)
[20.329s][info ][gc             ] GC(782) Pause Young (Normal) (G1 Evacuation Pause) 256M->4M(424M) 0.576ms
[20.329s][info ][gc,cpu         ] GC(782) User=0.00s Sys=0.00s Real=0.00s
[20.344s][info ][gc,start       ] GC(783) Pause Young (Normal) (G1 Evacuation Pause)
[20.344s][info ][gc,task        ] GC(783) Using 9 workers of 9 for evacuation
[20.344s][debug][gc,age         ] GC(783) Desired survivor size 16777216 bytes, new threshold 15 (max threshold 15)
[20.345s][info ][gc,phases      ] GC(783)   Pre Evacuate Collection Set: 0.07ms
[20.345s][info ][gc,phases      ] GC(783)   Merge Heap Roots: 0.08ms
[20.345s][info ][gc,phases      ] GC(783)   Evacuate Collection Set: 0.12ms
[20.345s][info ][gc,phases      ] GC(783)   Post Evacuate Collection Set: 0.19ms
[20.345s][info ][gc,phases      ] GC(783)   Other: 0.05ms
[20.345s][trace][gc,age         ] GC(783) Age table:
[20.345s][trace][gc,age         ] GC(783) - age   1:        192 bytes,        192 total
[20.345s][info ][gc,heap        ] GC(783) Eden regions: 253->0(253)
[20.345s][info ][gc,heap        ] GC(783) Survivor regions: 1->1(32)
[20.345s][info ][gc,heap        ] GC(783) Old regions: 11->11
[20.345s][info ][gc,heap        ] GC(783) Humongous regions: 0->0
[20.345s][info ][gc,metaspace   ] GC(783) Metaspace: 10117K(10368K)->10117K(10368K) NonClass: 9153K(9344K)->9153K(9344K) Class: 963K(1024K)->963K(1024K)
[20.345s][info ][gc             ] GC(783) Pause Young (Normal) (G1 Evacuation Pause) 256M->4M(424M) 0.587ms
[20.345s][info ][gc,cpu         ] GC(783) User=0.00s Sys=0.00s Real=0.00s
[20.361s][info ][gc,start       ] GC(784) Pause Young (Normal) (G1 Evacuation Pause)
[20.361s][info ][gc,task        ] GC(784) Using 9 workers of 9 for evacuation
[20.361s][debug][gc,age         ] GC(784) Desired survivor size 16777216 bytes, new threshold 15 (max threshold 15)
[20.361s][info ][gc,phases      ] GC(784)   Pre Evacuate Collection Set: 0.09ms
[20.361s][info ][gc,phases      ] GC(784)   Merge Heap Roots: 0.08ms
[20.361s][info ][gc,phases      ] GC(784)   Evacuate Collection Set: 0.10ms
[20.361s][info ][gc,phases      ] GC(784)   Post Evacuate Collection Set: 0.17ms
[20.361s][info ][gc,phases      ] GC(784)   Other: 0.05ms
[20.361s][trace][gc,age         ] GC(784) Age table:
[20.361s][trace][gc,age         ] GC(784) - age   1:        192 bytes,        192 total
[20.361s][info ][gc,heap        ] GC(784) Eden regions: 253->0(253)
[20.361s][info ][gc,heap        ] GC(784) Survivor regions: 1->1(32)
[20.361s][info ][gc,heap        ] GC(784) Old regions: 11->11
[20.361s][info ][gc,heap        ] GC(784) Humongous regions: 0->0
[20.361s][info ][gc,metaspace   ] GC(784) Metaspace: 10117K(10368K)->10117K(10368K) NonClass: 9153K(9344K)->9153K(9344K) Class: 963K(1024K)->963K(1024K)
[20.361s][info ][gc             ] GC(784) Pause Young (Normal) (G1 Evacuation Pause) 256M->4M(424M) 0.576ms
[20.361s][info ][gc,cpu         ] GC(784) User=0.00s Sys=0.00s Real=0.00s
[20.377s][info ][gc,start       ] GC(785) Pause Young (Normal) (G1 Evacuation Pause)
[20.377s][info ][gc,task        ] GC(785) Using 9 workers of 9 for evacuation
[20.377s][debug][gc,age         ] GC(785) Desired survivor size 16777216 bytes, new threshold 15 (max threshold 15)
[20.377s][info ][gc,phases      ] GC(785)   Pre Evacuate Collection Set: 0.10ms
[20.377s][info ][gc,phases      ] GC(785)   Merge Heap Roots: 0.07ms
[20.377s][info ][gc,phases      ] GC(785)   Evacuate Collection Set: 0.07ms
[20.377s][info ][gc,phases      ] GC(785)   Post Evacuate Collection Set: 0.17ms
[20.377s][info ][gc,phases      ] GC(785)   Other: 0.05ms
[20.377s][trace][gc,age         ] GC(785) Age table:
[20.377s][trace][gc,age         ] GC(785) - age   1:        192 bytes,        192 total
[20.377s][info ][gc,heap        ] GC(785) Eden regions: 253->0(253)
[20.377s][info ][gc,heap        ] GC(785) Survivor regions: 1->1(32)
[20.377s][info ][gc,heap        ] GC(785) Old regions: 11->11
[20.377s][info ][gc,heap        ] GC(785) Humongous regions: 0->0
[20.377s][info ][gc,metaspace   ] GC(785) Metaspace: 10117K(10368K)->10117K(10368K) NonClass: 9153K(9344K)->9153K(9344K) Class: 963K(1024K)->963K(1024K)
[20.377s][info ][gc             ] GC(785) Pause Young (Normal) (G1 Evacuation Pause) 256M->4M(424M) 0.547ms
[20.377s][info ][gc,cpu         ] GC(785) User=0.00s Sys=0.00s Real=0.00s
[20.393s][info ][gc,start       ] GC(786) Pause Young (Normal) (G1 Evacuation Pause)
[20.393s][info ][gc,task        ] GC(786) Using 9 workers of 9 for evacuation
[20.393s][debug][gc,age         ] GC(786) Desired survivor size 16777216 bytes, new threshold 15 (max threshold 15)
[20.394s][info ][gc,phases      ] GC(786)   Pre Evacuate Collection Set: 0.07ms
[20.394s][info ][gc,phases      ] GC(786)   Merge Heap Roots: 0.06ms
[20.394s][info ][gc,phases      ] GC(786)   Evacuate Collection Set: 0.14ms
[20.394s][info ][gc,phases      ] GC(786)   Post Evacuate Collection Set: 0.15ms
[20.394s][info ][gc,phases      ] GC(786)   Other: 0.05ms
[20.394s][trace][gc,age         ] GC(786) Age table:
[20.394s][trace][gc,age         ] GC(786) - age   1:        192 bytes,        192 total
[20.394s][info ][gc,heap        ] GC(786) Eden regions: 253->0(253)
[20.394s][info ][gc,heap        ] GC(786) Survivor regions: 1->1(32)
[20.394s][info ][gc,heap        ] GC(786) Old regions: 11->11
[20.394s][info ][gc,heap        ] GC(786) Humongous regions: 0->0
[20.394s][info ][gc,metaspace   ] GC(786) Metaspace: 10117K(10368K)->10117K(10368K) NonClass: 9153K(9344K)->9153K(9344K) Class: 963K(1024K)->963K(1024K)
[20.394s][info ][gc             ] GC(786) Pause Young (Normal) (G1 Evacuation Pause) 256M->4M(424M) 0.553ms
[20.394s][info ][gc,cpu         ] GC(786) User=0.00s Sys=0.01s Real=0.00s
[20.409s][info ][gc,start       ] GC(787) Pause Young (Normal) (G1 Evacuation Pause)
[20.409s][info ][gc,task        ] GC(787) Using 9 workers of 9 for evacuation
[20.409s][debug][gc,age         ] GC(787) Desired survivor size 16777216 bytes, new threshold 15 (max threshold 15)
[20.410s][info ][gc,phases      ] GC(787)   Pre Evacuate Collection Set: 0.10ms
[20.410s][info ][gc,phases      ] GC(787)   Merge Heap Roots: 0.07ms
[20.410s][info ][gc,phases      ] GC(787)   Evacuate Collection Set: 0.10ms
[20.410s][info ][gc,phases      ] GC(787)   Post Evacuate Collection Set: 0.20ms
[20.410s][info ][gc,phases      ] GC(787)   Other: 0.05ms
[20.410s][trace][gc,age         ] GC(787) Age table:
[20.410s][trace][gc,age         ] GC(787) - age   1:        192 bytes,        192 total
[20.410s][info ][gc,heap        ] GC(787) Eden regions: 253->0(253)
[20.410s][info ][gc,heap        ] GC(787) Survivor regions: 1->1(32)
[20.410s][info ][gc,heap        ] GC(787) Old regions: 11->11
[20.410s][info ][gc,heap        ] GC(787) Humongous regions: 0->0
[20.410s][info ][gc,metaspace   ] GC(787) Metaspace: 10117K(10368K)->10117K(10368K) NonClass: 9153K(9344K)->9153K(9344K) Class: 963K(1024K)->963K(1024K)
[20.410s][info ][gc             ] GC(787) Pause Young (Normal) (G1 Evacuation Pause) 256M->4M(424M) 0.603ms
[20.410s][info ][gc,cpu         ] GC(787) User=0.00s Sys=0.00s Real=0.00s
[20.425s][info ][gc,start       ] GC(788) Pause Young (Normal) (G1 Evacuation Pause)
[20.425s][info ][gc,task        ] GC(788) Using 9 workers of 9 for evacuation
[20.425s][debug][gc,age         ] GC(788) Desired survivor size 16777216 bytes, new threshold 15 (max threshold 15)
[20.426s][info ][gc,phases      ] GC(788)   Pre Evacuate Collection Set: 0.09ms
[20.426s][info ][gc,phases      ] GC(788)   Merge Heap Roots: 0.07ms
[20.426s][info ][gc,phases      ] GC(788)   Evacuate Collection Set: 0.09ms
[20.426s][info ][gc,phases      ] GC(788)   Post Evacuate Collection Set: 0.18ms
[20.426s][info ][gc,phases      ] GC(788)   Other: 0.04ms
[20.426s][trace][gc,age         ] GC(788) Age table:
[20.426s][trace][gc,age         ] GC(788) - age   1:        192 bytes,        192 total
[20.426s][info ][gc,heap        ] GC(788) Eden regions: 253->0(253)
[20.426s][info ][gc,heap        ] GC(788) Survivor regions: 1->1(32)
[20.426s][info ][gc,heap        ] GC(788) Old regions: 11->11
[20.426s][info ][gc,heap        ] GC(788) Humongous regions: 0->0
[20.426s][info ][gc,metaspace   ] GC(788) Metaspace: 10117K(10368K)->10117K(10368K) NonClass: 9153K(9344K)->9153K(9344K) Class: 963K(1024K)->963K(1024K)
[20.426s][info ][gc             ] GC(788) Pause Young (Normal) (G1 Evacuation Pause) 256M->4M(424M) 0.556ms
[20.426s][info ][gc,cpu         ] GC(788) User=0.00s Sys=0.00s Real=0.00s
[20.441s][info ][gc,start       ] GC(789) Pause Young (Normal) (G1 Evacuation Pause)
[20.441s][info ][gc,task        ] GC(789) Using 9 workers of 9 for evacuation
[20.441s][debug][gc,age         ] GC(789) Desired survivor size 16777216 bytes, new threshold 15 (max threshold 15)
[20.442s][info ][gc,phases      ] GC(789)   Pre Evacuate Collection Set: 0.14ms
[20.442s][info ][gc,phases      ] GC(789)   Merge Heap Roots: 0.10ms
[20.442s][info ][gc,phases      ] GC(789)   Evacuate Collection Set: 0.11ms
[20.442s][info ][gc,phases      ] GC(789)   Post Evacuate Collection Set: 0.15ms
[20.442s][info ][gc,phases      ] GC(789)   Other: 0.04ms
[20.442s][trace][gc,age         ] GC(789) Age table:
[20.442s][trace][gc,age         ] GC(789) - age   1:        192 bytes,        192 total
[20.442s][info ][gc,heap        ] GC(789) Eden regions: 253->0(253)
[20.442s][info ][gc,heap        ] GC(789) Survivor regions: 1->1(32)
[20.442s][info ][gc,heap        ] GC(789) Old regions: 11->11
[20.442s][info ][gc,heap        ] GC(789) Humongous regions: 0->0
[20.442s][info ][gc,metaspace   ] GC(789) Metaspace: 10117K(10368K)->10117K(10368K) NonClass: 9153K(9344K)->9153K(9344K) Class: 963K(1024K)->963K(1024K)
[20.442s][info ][gc             ] GC(789) Pause Young (Normal) (G1 Evacuation Pause) 256M->4M(424M) 0.618ms
[20.442s][info ][gc,cpu         ] GC(789) User=0.00s Sys=0.00s Real=0.00s
[20.458s][info ][gc,start       ] GC(790) Pause Young (Normal) (G1 Evacuation Pause)
[20.458s][info ][gc,task        ] GC(790) Using 9 workers of 9 for evacuation
[20.458s][debug][gc,age         ] GC(790) Desired survivor size 16777216 bytes, new threshold 15 (max threshold 15)
[20.458s][info ][gc,phases      ] GC(790)   Pre Evacuate Collection Set: 0.09ms
[20.458s][info ][gc,phases      ] GC(790)   Merge Heap Roots: 0.08ms
[20.458s][info ][gc,phases      ] GC(790)   Evacuate Collection Set: 0.10ms
[20.458s][info ][gc,phases      ] GC(790)   Post Evacuate Collection Set: 0.19ms
[20.458s][info ][gc,phases      ] GC(790)   Other: 0.06ms
[20.458s][trace][gc,age         ] GC(790) Age table:
[20.458s][trace][gc,age         ] GC(790) - age   1:        192 bytes,        192 total
[20.458s][info ][gc,heap        ] GC(790) Eden regions: 253->0(253)
[20.458s][info ][gc,heap        ] GC(790) Survivor regions: 1->1(32)
[20.458s][info ][gc,heap        ] GC(790) Old regions: 11->11
[20.458s][info ][gc,heap        ] GC(790) Humongous regions: 0->0
[20.458s][info ][gc,metaspace   ] GC(790) Metaspace: 10117K(10368K)->10117K(10368K) NonClass: 9153K(9344K)->9153K(9344K) Class: 963K(1024K)->963K(1024K)
[20.458s][info ][gc             ] GC(790) Pause Young (Normal) (G1 Evacuation Pause) 256M->4M(424M) 0.615ms
[20.458s][info ][gc,cpu         ] GC(790) User=0.00s Sys=0.00s Real=0.00s
[20.474s][info ][gc,start       ] GC(791) Pause Young (Normal) (G1 Evacuation Pause)
[20.474s][info ][gc,task        ] GC(791) Using 9 workers of 9 for evacuation
[20.474s][debug][gc,age         ] GC(791) Desired survivor size 16777216 bytes, new threshold 15 (max threshold 15)
[20.474s][info ][gc,phases      ] GC(791)   Pre Evacuate Collection Set: 0.10ms
[20.474s][info ][gc,phases      ] GC(791)   Merge Heap Roots: 0.06ms
[20.474s][info ][gc,phases      ] GC(791)   Evacuate Collection Set: 0.13ms
[20.474s][info ][gc,phases      ] GC(791)   Post Evacuate Collection Set: 0.19ms
[20.474s][info ][gc,phases      ] GC(791)   Other: 0.05ms
[20.474s][trace][gc,age         ] GC(791) Age table:
[20.474s][trace][gc,age         ] GC(791) - age   1:        192 bytes,        192 total
[20.474s][info ][gc,heap        ] GC(791) Eden regions: 253->0(253)
[20.474s][info ][gc,heap        ] GC(791) Survivor regions: 1->1(32)
[20.474s][info ][gc,heap        ] GC(791) Old regions: 11->11
[20.474s][info ][gc,heap        ] GC(791) Humongous regions: 0->0
[20.474s][info ][gc,metaspace   ] GC(791) Metaspace: 10117K(10368K)->10117K(10368K) NonClass: 9153K(9344K)->9153K(9344K) Class: 963K(1024K)->963K(1024K)
[20.474s][info ][gc             ] GC(791) Pause Young (Normal) (G1 Evacuation Pause) 256M->4M(424M) 0.617ms
[20.474s][info ][gc,cpu         ] GC(791) User=0.00s Sys=0.00s Real=0.00s
[20.490s][info ][gc,start       ] GC(792) Pause Young (Normal) (G1 Evacuation Pause)
[20.490s][info ][gc,task        ] GC(792) Using 9 workers of 9 for evacuation
[20.490s][debug][gc,age         ] GC(792) Desired survivor size 16777216 bytes, new threshold 15 (max threshold 15)
[20.490s][info ][gc,phases      ] GC(792)   Pre Evacuate Collection Set: 0.07ms
[20.490s][info ][gc,phases      ] GC(792)   Merge Heap Roots: 0.06ms
[20.490s][info ][gc,phases      ] GC(792)   Evacuate Collection Set: 0.13ms
[20.490s][info ][gc,phases      ] GC(792)   Post Evacuate Collection Set: 0.17ms
[20.490s][info ][gc,phases      ] GC(792)   Other: 0.07ms
[20.490s][trace][gc,age         ] GC(792) Age table:
[20.490s][trace][gc,age         ] GC(792) - age   1:        192 bytes,        192 total
[20.490s][info ][gc,heap        ] GC(792) Eden regions: 253->0(253)
[20.490s][info ][gc,heap        ] GC(792) Survivor regions: 1->1(32)
[20.490s][info ][gc,heap        ] GC(792) Old regions: 11->11
[20.490s][info ][gc,heap        ] GC(792) Humongous regions: 0->0
[20.490s][info ][gc,metaspace   ] GC(792) Metaspace: 10117K(10368K)->10117K(10368K) NonClass: 9153K(9344K)->9153K(9344K) Class: 963K(1024K)->963K(1024K)
[20.490s][info ][gc             ] GC(792) Pause Young (Normal) (G1 Evacuation Pause) 256M->4M(424M) 0.585ms
[20.490s][info ][gc,cpu         ] GC(792) User=0.00s Sys=0.00s Real=0.00s
[20.506s][info ][gc,start       ] GC(793) Pause Young (Normal) (G1 Evacuation Pause)
[20.506s][info ][gc,task        ] GC(793) Using 9 workers of 9 for evacuation
[20.506s][debug][gc,age         ] GC(793) Desired survivor size 16777216 bytes, new threshold 15 (max threshold 15)
[20.506s][info ][gc,phases      ] GC(793)   Pre Evacuate Collection Set: 0.06ms
[20.506s][info ][gc,phases      ] GC(793)   Merge Heap Roots: 0.05ms
[20.506s][info ][gc,phases      ] GC(793)   Evacuate Collection Set: 0.12ms
[20.506s][info ][gc,phases      ] GC(793)   Post Evacuate Collection Set: 0.17ms
[20.506s][info ][gc,phases      ] GC(793)   Other: 0.05ms
[20.506s][trace][gc,age         ] GC(793) Age table:
[20.506s][trace][gc,age         ] GC(793) - age   1:        192 bytes,        192 total
[20.506s][info ][gc,heap        ] GC(793) Eden regions: 253->0(253)
[20.506s][info ][gc,heap        ] GC(793) Survivor regions: 1->1(32)
[20.506s][info ][gc,heap        ] GC(793) Old regions: 11->11
[20.506s][info ][gc,heap        ] GC(793) Humongous regions: 0->0
[20.506s][info ][gc,metaspace   ] GC(793) Metaspace: 10117K(10368K)->10117K(10368K) NonClass: 9153K(9344K)->9153K(9344K) Class: 963K(1024K)->963K(1024K)
[20.506s][info ][gc             ] GC(793) Pause Young (Normal) (G1 Evacuation Pause) 256M->4M(424M) 0.554ms
[20.506s][info ][gc,cpu         ] GC(793) User=0.00s Sys=0.00s Real=0.00s
[20.522s][info ][gc,start       ] GC(794) Pause Young (Normal) (G1 Evacuation Pause)
[20.522s][info ][gc,task        ] GC(794) Using 9 workers of 9 for evacuation
[20.522s][debug][gc,age         ] GC(794) Desired survivor size 16777216 bytes, new threshold 15 (max threshold 15)
[20.522s][info ][gc,phases      ] GC(794)   Pre Evacuate Collection Set: 0.10ms
[20.522s][info ][gc,phases      ] GC(794)   Merge Heap Roots: 0.09ms
[20.522s][info ][gc,phases      ] GC(794)   Evacuate Collection Set: 0.11ms
[20.522s][info ][gc,phases      ] GC(794)   Post Evacuate Collection Set: 0.16ms
[20.522s][info ][gc,phases      ] GC(794)   Other: 0.05ms
[20.522s][trace][gc,age         ] GC(794) Age table:
[20.522s][trace][gc,age         ] GC(794) - age   1:        192 bytes,        192 total
[20.522s][info ][gc,heap        ] GC(794) Eden regions: 253->0(253)
[20.522s][info ][gc,heap        ] GC(794) Survivor regions: 1->1(32)
[20.522s][info ][gc,heap        ] GC(794) Old regions: 11->11
[20.522s][info ][gc,heap        ] GC(794) Humongous regions: 0->0
[20.522s][info ][gc,metaspace   ] GC(794) Metaspace: 10117K(10368K)->10117K(10368K) NonClass: 9153K(9344K)->9153K(9344K) Class: 963K(1024K)->963K(1024K)
[20.522s][info ][gc             ] GC(794) Pause Young (Normal) (G1 Evacuation Pause) 256M->4M(424M) 0.600ms
[20.522s][info ][gc,cpu         ] GC(794) User=0.00s Sys=0.00s Real=0.00s
[20.538s][info ][gc,start       ] GC(795) Pause Young (Normal) (G1 Evacuation Pause)
[20.538s][info ][gc,task        ] GC(795) Using 9 workers of 9 for evacuation
[20.538s][debug][gc,age         ] GC(795) Desired survivor size 16777216 bytes, new threshold 15 (max threshold 15)
[20.539s][info ][gc,phases      ] GC(795)   Pre Evacuate Collection Set: 0.08ms
[20.539s][info ][gc,phases      ] GC(795)   Merge Heap Roots: 0.06ms
[20.539s][info ][gc,phases      ] GC(795)   Evacuate Collection Set: 0.13ms
[20.539s][info ][gc,phases      ] GC(795)   Post Evacuate Collection Set: 0.17ms
[20.539s][info ][gc,phases      ] GC(795)   Other: 0.06ms
[20.539s][trace][gc,age         ] GC(795) Age table:
[20.539s][trace][gc,age         ] GC(795) - age   1:        192 bytes,        192 total
[20.539s][info ][gc,heap        ] GC(795) Eden regions: 253->0(253)
[20.539s][info ][gc,heap        ] GC(795) Survivor regions: 1->1(32)
[20.539s][info ][gc,heap        ] GC(795) Old regions: 11->11
[20.539s][info ][gc,heap        ] GC(795) Humongous regions: 0->0
[20.539s][info ][gc,metaspace   ] GC(795) Metaspace: 10117K(10368K)->10117K(10368K) NonClass: 9153K(9344K)->9153K(9344K) Class: 963K(1024K)->963K(1024K)
[20.539s][info ][gc             ] GC(795) Pause Young (Normal) (G1 Evacuation Pause) 256M->4M(424M) 0.591ms
[20.539s][info ][gc,cpu         ] GC(795) User=0.00s Sys=0.00s Real=0.00s
[20.554s][info ][gc,start       ] GC(796) Pause Young (Normal) (G1 Evacuation Pause)
[20.554s][info ][gc,task        ] GC(796) Using 9 workers of 9 for evacuation
[20.554s][debug][gc,age         ] GC(796) Desired survivor size 16777216 bytes, new threshold 15 (max threshold 15)
[20.555s][info ][gc,phases      ] GC(796)   Pre Evacuate Collection Set: 0.07ms
[20.555s][info ][gc,phases      ] GC(796)   Merge Heap Roots: 0.06ms
[20.555s][info ][gc,phases      ] GC(796)   Evacuate Collection Set: 0.13ms
[20.555s][info ][gc,phases      ] GC(796)   Post Evacuate Collection Set: 0.16ms
[20.555s][info ][gc,phases      ] GC(796)   Other: 0.04ms
[20.555s][trace][gc,age         ] GC(796) Age table:
[20.555s][trace][gc,age         ] GC(796) - age   1:        192 bytes,        192 total
[20.555s][info ][gc,heap        ] GC(796) Eden regions: 253->0(253)
[20.555s][info ][gc,heap        ] GC(796) Survivor regions: 1->1(32)
[20.555s][info ][gc,heap        ] GC(796) Old regions: 11->11
[20.555s][info ][gc,heap        ] GC(796) Humongous regions: 0->0
[20.555s][info ][gc,metaspace   ] GC(796) Metaspace: 10117K(10368K)->10117K(10368K) NonClass: 9153K(9344K)->9153K(9344K) Class: 963K(1024K)->963K(1024K)
[20.555s][info ][gc             ] GC(796) Pause Young (Normal) (G1 Evacuation Pause) 256M->4M(424M) 0.549ms
[20.555s][info ][gc,cpu         ] GC(796) User=0.00s Sys=0.00s Real=0.00s
[20.571s][info ][gc,start       ] GC(797) Pause Young (Normal) (G1 Evacuation Pause)
[20.571s][info ][gc,task        ] GC(797) Using 9 workers of 9 for evacuation
[20.571s][debug][gc,age         ] GC(797) Desired survivor size 16777216 bytes, new threshold 15 (max threshold 15)
[20.571s][info ][gc,phases      ] GC(797)   Pre Evacuate Collection Set: 0.07ms
[20.571s][info ][gc,phases      ] GC(797)   Merge Heap Roots: 0.06ms
[20.571s][info ][gc,phases      ] GC(797)   Evacuate Collection Set: 0.11ms
[20.571s][info ][gc,phases      ] GC(797)   Post Evacuate Collection Set: 0.17ms
[20.571s][info ][gc,phases      ] GC(797)   Other: 0.06ms
[20.571s][trace][gc,age         ] GC(797) Age table:
[20.571s][trace][gc,age         ] GC(797) - age   1:        192 bytes,        192 total
[20.571s][info ][gc,heap        ] GC(797) Eden regions: 253->0(253)
[20.571s][info ][gc,heap        ] GC(797) Survivor regions: 1->1(32)
[20.571s][info ][gc,heap        ] GC(797) Old regions: 11->11
[20.571s][info ][gc,heap        ] GC(797) Humongous regions: 0->0
[20.571s][info ][gc,metaspace   ] GC(797) Metaspace: 10117K(10368K)->10117K(10368K) NonClass: 9153K(9344K)->9153K(9344K) Class: 963K(1024K)->963K(1024K)
[20.571s][info ][gc             ] GC(797) Pause Young (Normal) (G1 Evacuation Pause) 256M->4M(424M) 0.567ms
[20.571s][info ][gc,cpu         ] GC(797) User=0.00s Sys=0.00s Real=0.00s
[20.586s][info ][gc,start       ] GC(798) Pause Young (Normal) (G1 Evacuation Pause)
[20.586s][info ][gc,task        ] GC(798) Using 9 workers of 9 for evacuation
[20.586s][debug][gc,age         ] GC(798) Desired survivor size 16777216 bytes, new threshold 15 (max threshold 15)
[20.586s][info ][gc,phases      ] GC(798)   Pre Evacuate Collection Set: 0.06ms
[20.586s][info ][gc,phases      ] GC(798)   Merge Heap Roots: 0.07ms
[20.586s][info ][gc,phases      ] GC(798)   Evacuate Collection Set: 0.11ms
[20.586s][info ][gc,phases      ] GC(798)   Post Evacuate Collection Set: 0.20ms
[20.586s][info ][gc,phases      ] GC(798)   Other: 0.05ms
[20.586s][trace][gc,age         ] GC(798) Age table:
[20.586s][trace][gc,age         ] GC(798) - age   1:        808 bytes,        808 total
[20.586s][info ][gc,heap        ] GC(798) Eden regions: 253->0(253)
[20.586s][info ][gc,heap        ] GC(798) Survivor regions: 1->1(32)
[20.586s][info ][gc,heap        ] GC(798) Old regions: 11->11
[20.586s][info ][gc,heap        ] GC(798) Humongous regions: 0->0
[20.586s][info ][gc,metaspace   ] GC(798) Metaspace: 10122K(10368K)->10122K(10368K) NonClass: 9159K(9344K)->9159K(9344K) Class: 963K(1024K)->963K(1024K)
[20.586s][info ][gc             ] GC(798) Pause Young (Normal) (G1 Evacuation Pause) 256M->4M(424M) 0.579ms
[20.586s][info ][gc,cpu         ] GC(798) User=0.00s Sys=0.00s Real=0.00s
[20.600s][info ][gc,start       ] GC(799) Pause Young (Normal) (G1 Evacuation Pause)
[20.600s][info ][gc,task        ] GC(799) Using 9 workers of 9 for evacuation
[20.600s][debug][gc,age         ] GC(799) Desired survivor size 16777216 bytes, new threshold 15 (max threshold 15)
[20.600s][info ][gc,phases      ] GC(799)   Pre Evacuate Collection Set: 0.07ms
[20.600s][info ][gc,phases      ] GC(799)   Merge Heap Roots: 0.05ms
[20.600s][info ][gc,phases      ] GC(799)   Evacuate Collection Set: 0.12ms
[20.600s][info ][gc,phases      ] GC(799)   Post Evacuate Collection Set: 0.15ms
[20.600s][info ][gc,phases      ] GC(799)   Other: 0.06ms
[20.600s][trace][gc,age         ] GC(799) Age table:
[20.600s][trace][gc,age         ] GC(799) - age   1:        192 bytes,        192 total
[20.600s][trace][gc,age         ] GC(799) - age   2:        616 bytes,        808 total
[20.600s][info ][gc,heap        ] GC(799) Eden regions: 253->0(253)
[20.600s][info ][gc,heap        ] GC(799) Survivor regions: 1->1(32)
[20.600s][info ][gc,heap        ] GC(799) Old regions: 11->11
[20.600s][info ][gc,heap        ] GC(799) Humongous regions: 0->0
[20.600s][info ][gc,metaspace   ] GC(799) Metaspace: 10122K(10368K)->10122K(10368K) NonClass: 9159K(9344K)->9159K(9344K) Class: 963K(1024K)->963K(1024K)
[20.600s][info ][gc             ] GC(799) Pause Young (Normal) (G1 Evacuation Pause) 256M->4M(424M) 0.551ms
[20.600s][info ][gc,cpu         ] GC(799) User=0.00s Sys=0.00s Real=0.00s
[20.614s][info ][gc,start       ] GC(800) Pause Young (Normal) (G1 Evacuation Pause)
[20.614s][info ][gc,task        ] GC(800) Using 9 workers of 9 for evacuation
[20.614s][debug][gc,age         ] GC(800) Desired survivor size 16777216 bytes, new threshold 15 (max threshold 15)
[20.614s][info ][gc,phases      ] GC(800)   Pre Evacuate Collection Set: 0.10ms
[20.614s][info ][gc,phases      ] GC(800)   Merge Heap Roots: 0.09ms
[20.614s][info ][gc,phases      ] GC(800)   Evacuate Collection Set: 0.15ms
[20.614s][info ][gc,phases      ] GC(800)   Post Evacuate Collection Set: 0.17ms
[20.614s][info ][gc,phases      ] GC(800)   Other: 0.07ms
[20.614s][trace][gc,age         ] GC(800) Age table:
[20.614s][trace][gc,age         ] GC(800) - age   1:        192 bytes,        192 total
[20.614s][trace][gc,age         ] GC(800) - age   3:        616 bytes,        808 total
[20.614s][info ][gc,heap        ] GC(800) Eden regions: 253->0(253)
[20.614s][info ][gc,heap        ] GC(800) Survivor regions: 1->1(32)
[20.614s][info ][gc,heap        ] GC(800) Old regions: 11->11
[20.614s][info ][gc,heap        ] GC(800) Humongous regions: 0->0
[20.614s][info ][gc,metaspace   ] GC(800) Metaspace: 10122K(10368K)->10122K(10368K) NonClass: 9159K(9344K)->9159K(9344K) Class: 963K(1024K)->963K(1024K)
[20.614s][info ][gc             ] GC(800) Pause Young (Normal) (G1 Evacuation Pause) 256M->4M(424M) 0.706ms
[20.614s][info ][gc,cpu         ] GC(800) User=0.00s Sys=0.00s Real=0.00s
[20.628s][info ][gc,start       ] GC(801) Pause Young (Normal) (G1 Evacuation Pause)
[20.628s][info ][gc,task        ] GC(801) Using 9 workers of 9 for evacuation
[20.628s][debug][gc,age         ] GC(801) Desired survivor size 16777216 bytes, new threshold 15 (max threshold 15)
[20.628s][info ][gc,phases      ] GC(801)   Pre Evacuate Collection Set: 0.09ms
[20.628s][info ][gc,phases      ] GC(801)   Merge Heap Roots: 0.08ms
[20.628s][info ][gc,phases      ] GC(801)   Evacuate Collection Set: 0.13ms
[20.628s][info ][gc,phases      ] GC(801)   Post Evacuate Collection Set: 0.17ms
[20.628s][info ][gc,phases      ] GC(801)   Other: 0.06ms
[20.628s][trace][gc,age         ] GC(801) Age table:
[20.628s][trace][gc,age         ] GC(801) - age   1:        192 bytes,        192 total
[20.628s][trace][gc,age         ] GC(801) - age   4:        616 bytes,        808 total
[20.628s][info ][gc,heap        ] GC(801) Eden regions: 253->0(253)
[20.628s][info ][gc,heap        ] GC(801) Survivor regions: 1->1(32)
[20.628s][info ][gc,heap        ] GC(801) Old regions: 11->11
[20.628s][info ][gc,heap        ] GC(801) Humongous regions: 0->0
[20.628s][info ][gc,metaspace   ] GC(801) Metaspace: 10122K(10368K)->10122K(10368K) NonClass: 9159K(9344K)->9159K(9344K) Class: 963K(1024K)->963K(1024K)
[20.628s][info ][gc             ] GC(801) Pause Young (Normal) (G1 Evacuation Pause) 256M->4M(424M) 0.654ms
[20.628s][info ][gc,cpu         ] GC(801) User=0.01s Sys=0.00s Real=0.00s
[20.642s][info ][gc,start       ] GC(802) Pause Young (Normal) (G1 Evacuation Pause)
[20.642s][info ][gc,task        ] GC(802) Using 9 workers of 9 for evacuation
[20.642s][debug][gc,age         ] GC(802) Desired survivor size 16777216 bytes, new threshold 15 (max threshold 15)
[20.642s][info ][gc,phases      ] GC(802)   Pre Evacuate Collection Set: 0.09ms
[20.642s][info ][gc,phases      ] GC(802)   Merge Heap Roots: 0.07ms
[20.642s][info ][gc,phases      ] GC(802)   Evacuate Collection Set: 0.12ms
[20.642s][info ][gc,phases      ] GC(802)   Post Evacuate Collection Set: 0.19ms
[20.642s][info ][gc,phases      ] GC(802)   Other: 0.07ms
[20.642s][trace][gc,age         ] GC(802) Age table:
[20.642s][trace][gc,age         ] GC(802) - age   1:        192 bytes,        192 total
[20.642s][trace][gc,age         ] GC(802) - age   5:        616 bytes,        808 total
[20.642s][info ][gc,heap        ] GC(802) Eden regions: 253->0(253)
[20.642s][info ][gc,heap        ] GC(802) Survivor regions: 1->1(32)
[20.642s][info ][gc,heap        ] GC(802) Old regions: 11->11
[20.642s][info ][gc,heap        ] GC(802) Humongous regions: 0->0
[20.642s][info ][gc,metaspace   ] GC(802) Metaspace: 10122K(10368K)->10122K(10368K) NonClass: 9159K(9344K)->9159K(9344K) Class: 963K(1024K)->963K(1024K)
[20.642s][info ][gc             ] GC(802) Pause Young (Normal) (G1 Evacuation Pause) 256M->4M(424M) 0.671ms
[20.642s][info ][gc,cpu         ] GC(802) User=0.00s Sys=0.00s Real=0.00s
[20.656s][info ][gc,start       ] GC(803) Pause Young (Normal) (G1 Evacuation Pause)
[20.656s][info ][gc,task        ] GC(803) Using 9 workers of 9 for evacuation
[20.656s][debug][gc,age         ] GC(803) Desired survivor size 16777216 bytes, new threshold 15 (max threshold 15)
[20.656s][info ][gc,phases      ] GC(803)   Pre Evacuate Collection Set: 0.11ms
[20.656s][info ][gc,phases      ] GC(803)   Merge Heap Roots: 0.09ms
[20.656s][info ][gc,phases      ] GC(803)   Evacuate Collection Set: 0.11ms
[20.656s][info ][gc,phases      ] GC(803)   Post Evacuate Collection Set: 0.18ms
[20.656s][info ][gc,phases      ] GC(803)   Other: 0.06ms
[20.656s][trace][gc,age         ] GC(803) Age table:
[20.656s][trace][gc,age         ] GC(803) - age   1:        192 bytes,        192 total
[20.656s][trace][gc,age         ] GC(803) - age   6:        616 bytes,        808 total
[20.656s][info ][gc,heap        ] GC(803) Eden regions: 253->0(253)
[20.656s][info ][gc,heap        ] GC(803) Survivor regions: 1->1(32)
[20.656s][info ][gc,heap        ] GC(803) Old regions: 11->11
[20.656s][info ][gc,heap        ] GC(803) Humongous regions: 0->0
[20.656s][info ][gc,metaspace   ] GC(803) Metaspace: 10122K(10368K)->10122K(10368K) NonClass: 9159K(9344K)->9159K(9344K) Class: 963K(1024K)->963K(1024K)
[20.656s][info ][gc             ] GC(803) Pause Young (Normal) (G1 Evacuation Pause) 256M->4M(424M) 0.675ms
[20.656s][info ][gc,cpu         ] GC(803) User=0.01s Sys=0.00s Real=0.00s
[20.670s][info ][gc,start       ] GC(804) Pause Young (Normal) (G1 Evacuation Pause)
[20.670s][info ][gc,task        ] GC(804) Using 9 workers of 9 for evacuation
[20.670s][debug][gc,age         ] GC(804) Desired survivor size 16777216 bytes, new threshold 15 (max threshold 15)
[20.670s][info ][gc,phases      ] GC(804)   Pre Evacuate Collection Set: 0.08ms
[20.670s][info ][gc,phases      ] GC(804)   Merge Heap Roots: 0.09ms
[20.670s][info ][gc,phases      ] GC(804)   Evacuate Collection Set: 0.13ms
[20.670s][info ][gc,phases      ] GC(804)   Post Evacuate Collection Set: 0.21ms
[20.670s][info ][gc,phases      ] GC(804)   Other: 0.06ms
[20.670s][trace][gc,age         ] GC(804) Age table:
[20.670s][trace][gc,age         ] GC(804) - age   1:        192 bytes,        192 total
[20.670s][trace][gc,age         ] GC(804) - age   7:        616 bytes,        808 total
[20.670s][info ][gc,heap        ] GC(804) Eden regions: 253->0(253)
[20.670s][info ][gc,heap        ] GC(804) Survivor regions: 1->1(32)
[20.670s][info ][gc,heap        ] GC(804) Old regions: 11->11
[20.670s][info ][gc,heap        ] GC(804) Humongous regions: 0->0
[20.670s][info ][gc,metaspace   ] GC(804) Metaspace: 10122K(10368K)->10122K(10368K) NonClass: 9159K(9344K)->9159K(9344K) Class: 963K(1024K)->963K(1024K)
[20.670s][info ][gc             ] GC(804) Pause Young (Normal) (G1 Evacuation Pause) 256M->4M(424M) 0.689ms
[20.670s][info ][gc,cpu         ] GC(804) User=0.00s Sys=0.00s Real=0.00s
[20.684s][info ][gc,start       ] GC(805) Pause Young (Normal) (G1 Evacuation Pause)
[20.684s][info ][gc,task        ] GC(805) Using 9 workers of 9 for evacuation
[20.684s][debug][gc,age         ] GC(805) Desired survivor size 16777216 bytes, new threshold 15 (max threshold 15)
[20.685s][info ][gc,phases      ] GC(805)   Pre Evacuate Collection Set: 0.07ms
[20.685s][info ][gc,phases      ] GC(805)   Merge Heap Roots: 0.07ms
[20.685s][info ][gc,phases      ] GC(805)   Evacuate Collection Set: 0.12ms
[20.685s][info ][gc,phases      ] GC(805)   Post Evacuate Collection Set: 0.17ms
[20.685s][info ][gc,phases      ] GC(805)   Other: 0.05ms
[20.685s][trace][gc,age         ] GC(805) Age table:
[20.685s][trace][gc,age         ] GC(805) - age   1:        192 bytes,        192 total
[20.685s][trace][gc,age         ] GC(805) - age   8:        616 bytes,        808 total
[20.685s][info ][gc,heap        ] GC(805) Eden regions: 253->0(253)
[20.685s][info ][gc,heap        ] GC(805) Survivor regions: 1->1(32)
[20.685s][info ][gc,heap        ] GC(805) Old regions: 11->11
[20.685s][info ][gc,heap        ] GC(805) Humongous regions: 0->0
[20.685s][info ][gc,metaspace   ] GC(805) Metaspace: 10122K(10368K)->10122K(10368K) NonClass: 9159K(9344K)->9159K(9344K) Class: 963K(1024K)->963K(1024K)
[20.685s][info ][gc             ] GC(805) Pause Young (Normal) (G1 Evacuation Pause) 256M->4M(424M) 0.592ms
[20.685s][info ][gc,cpu         ] GC(805) User=0.00s Sys=0.00s Real=0.00s
[20.699s][info ][gc,start       ] GC(806) Pause Young (Normal) (G1 Evacuation Pause)
[20.699s][info ][gc,task        ] GC(806) Using 9 workers of 9 for evacuation
[20.699s][debug][gc,age         ] GC(806) Desired survivor size 16777216 bytes, new threshold 15 (max threshold 15)
[20.699s][info ][gc,phases      ] GC(806)   Pre Evacuate Collection Set: 0.09ms
[20.699s][info ][gc,phases      ] GC(806)   Merge Heap Roots: 0.08ms
[20.699s][info ][gc,phases      ] GC(806)   Evacuate Collection Set: 0.15ms
[20.699s][info ][gc,phases      ] GC(806)   Post Evacuate Collection Set: 0.19ms
[20.699s][info ][gc,phases      ] GC(806)   Other: 0.06ms
[20.699s][trace][gc,age         ] GC(806) Age table:
[20.699s][trace][gc,age         ] GC(806) - age   1:        192 bytes,        192 total
[20.699s][trace][gc,age         ] GC(806) - age   9:        616 bytes,        808 total
[20.699s][info ][gc,heap        ] GC(806) Eden regions: 253->0(253)
[20.699s][info ][gc,heap        ] GC(806) Survivor regions: 1->1(32)
[20.699s][info ][gc,heap        ] GC(806) Old regions: 11->11
[20.699s][info ][gc,heap        ] GC(806) Humongous regions: 0->0
[20.699s][info ][gc,metaspace   ] GC(806) Metaspace: 10122K(10368K)->10122K(10368K) NonClass: 9159K(9344K)->9159K(9344K) Class: 963K(1024K)->963K(1024K)
[20.699s][info ][gc             ] GC(806) Pause Young (Normal) (G1 Evacuation Pause) 256M->4M(424M) 0.665ms
[20.699s][info ][gc,cpu         ] GC(806) User=0.00s Sys=0.00s Real=0.00s
[20.713s][info ][gc,start       ] GC(807) Pause Young (Normal) (G1 Evacuation Pause)
[20.713s][info ][gc,task        ] GC(807) Using 9 workers of 9 for evacuation
[20.713s][debug][gc,age         ] GC(807) Desired survivor size 16777216 bytes, new threshold 15 (max threshold 15)
[20.714s][info ][gc,phases      ] GC(807)   Pre Evacuate Collection Set: 0.14ms
[20.714s][info ][gc,phases      ] GC(807)   Merge Heap Roots: 0.08ms
[20.714s][info ][gc,phases      ] GC(807)   Evacuate Collection Set: 0.12ms
[20.714s][info ][gc,phases      ] GC(807)   Post Evacuate Collection Set: 0.23ms
[20.714s][info ][gc,phases      ] GC(807)   Other: 0.06ms
[20.714s][trace][gc,age         ] GC(807) Age table:
[20.714s][trace][gc,age         ] GC(807) - age   1:        192 bytes,        192 total
[20.714s][trace][gc,age         ] GC(807) - age  10:        616 bytes,        808 total
[20.714s][info ][gc,heap        ] GC(807) Eden regions: 253->0(253)
[20.714s][info ][gc,heap        ] GC(807) Survivor regions: 1->1(32)
[20.714s][info ][gc,heap        ] GC(807) Old regions: 11->11
[20.714s][info ][gc,heap        ] GC(807) Humongous regions: 0->0
[20.714s][info ][gc,metaspace   ] GC(807) Metaspace: 10122K(10368K)->10122K(10368K) NonClass: 9159K(9344K)->9159K(9344K) Class: 963K(1024K)->963K(1024K)
[20.714s][info ][gc             ] GC(807) Pause Young (Normal) (G1 Evacuation Pause) 256M->4M(424M) 0.735ms
[20.714s][info ][gc,cpu         ] GC(807) User=0.00s Sys=0.00s Real=0.00s
[20.728s][info ][gc,start       ] GC(808) Pause Young (Normal) (G1 Evacuation Pause)
[20.728s][info ][gc,task        ] GC(808) Using 9 workers of 9 for evacuation
[20.728s][debug][gc,age         ] GC(808) Desired survivor size 16777216 bytes, new threshold 15 (max threshold 15)
[20.729s][info ][gc,phases      ] GC(808)   Pre Evacuate Collection Set: 0.08ms
[20.729s][info ][gc,phases      ] GC(808)   Merge Heap Roots: 0.06ms
[20.729s][info ][gc,phases      ] GC(808)   Evacuate Collection Set: 0.14ms
[20.729s][info ][gc,phases      ] GC(808)   Post Evacuate Collection Set: 0.17ms
[20.729s][info ][gc,phases      ] GC(808)   Other: 0.06ms
[20.729s][trace][gc,age         ] GC(808) Age table:
[20.729s][trace][gc,age         ] GC(808) - age   1:        192 bytes,        192 total
[20.729s][trace][gc,age         ] GC(808) - age  11:        616 bytes,        808 total
[20.729s][info ][gc,heap        ] GC(808) Eden regions: 253->0(253)
[20.729s][info ][gc,heap        ] GC(808) Survivor regions: 1->1(32)
[20.729s][info ][gc,heap        ] GC(808) Old regions: 11->11
[20.729s][info ][gc,heap        ] GC(808) Humongous regions: 0->0
[20.729s][info ][gc,metaspace   ] GC(808) Metaspace: 10122K(10368K)->10122K(10368K) NonClass: 9159K(9344K)->9159K(9344K) Class: 963K(1024K)->963K(1024K)
[20.729s][info ][gc             ] GC(808) Pause Young (Normal) (G1 Evacuation Pause) 256M->4M(424M) 0.631ms
[20.729s][info ][gc,cpu         ] GC(808) User=0.01s Sys=0.00s Real=0.00s
[20.742s][info ][gc,start       ] GC(809) Pause Young (Normal) (G1 Evacuation Pause)
[20.742s][info ][gc,task        ] GC(809) Using 9 workers of 9 for evacuation
[20.742s][debug][gc,age         ] GC(809) Desired survivor size 16777216 bytes, new threshold 15 (max threshold 15)
[20.743s][info ][gc,phases      ] GC(809)   Pre Evacuate Collection Set: 0.11ms
[20.743s][info ][gc,phases      ] GC(809)   Merge Heap Roots: 0.09ms
[20.743s][info ][gc,phases      ] GC(809)   Evacuate Collection Set: 0.13ms
[20.743s][info ][gc,phases      ] GC(809)   Post Evacuate Collection Set: 0.19ms
[20.743s][info ][gc,phases      ] GC(809)   Other: 0.07ms
[20.743s][trace][gc,age         ] GC(809) Age table:
[20.743s][trace][gc,age         ] GC(809) - age   1:        192 bytes,        192 total
[20.743s][trace][gc,age         ] GC(809) - age  12:        616 bytes,        808 total
[20.743s][info ][gc,heap        ] GC(809) Eden regions: 253->0(253)
[20.743s][info ][gc,heap        ] GC(809) Survivor regions: 1->1(32)
[20.743s][info ][gc,heap        ] GC(809) Old regions: 11->11
[20.743s][info ][gc,heap        ] GC(809) Humongous regions: 0->0
[20.743s][info ][gc,metaspace   ] GC(809) Metaspace: 10122K(10368K)->10122K(10368K) NonClass: 9159K(9344K)->9159K(9344K) Class: 963K(1024K)->963K(1024K)
[20.743s][info ][gc             ] GC(809) Pause Young (Normal) (G1 Evacuation Pause) 256M->4M(424M) 0.685ms
[20.743s][info ][gc,cpu         ] GC(809) User=0.00s Sys=0.00s Real=0.00s
[20.757s][info ][gc,start       ] GC(810) Pause Young (Normal) (G1 Evacuation Pause)
[20.757s][info ][gc,task        ] GC(810) Using 9 workers of 9 for evacuation
[20.757s][debug][gc,age         ] GC(810) Desired survivor size 16777216 bytes, new threshold 15 (max threshold 15)
[20.757s][info ][gc,phases      ] GC(810)   Pre Evacuate Collection Set: 0.13ms
[20.757s][info ][gc,phases      ] GC(810)   Merge Heap Roots: 0.08ms
[20.757s][info ][gc,phases      ] GC(810)   Evacuate Collection Set: 0.09ms
[20.757s][info ][gc,phases      ] GC(810)   Post Evacuate Collection Set: 0.18ms
[20.757s][info ][gc,phases      ] GC(810)   Other: 0.06ms
[20.757s][trace][gc,age         ] GC(810) Age table:
[20.757s][trace][gc,age         ] GC(810) - age   1:        192 bytes,        192 total
[20.757s][trace][gc,age         ] GC(810) - age  13:        616 bytes,        808 total
[20.757s][info ][gc,heap        ] GC(810) Eden regions: 253->0(253)
[20.757s][info ][gc,heap        ] GC(810) Survivor regions: 1->1(32)
[20.757s][info ][gc,heap        ] GC(810) Old regions: 11->11
[20.757s][info ][gc,heap        ] GC(810) Humongous regions: 0->0
[20.757s][info ][gc,metaspace   ] GC(810) Metaspace: 10122K(10368K)->10122K(10368K) NonClass: 9159K(9344K)->9159K(9344K) Class: 963K(1024K)->963K(1024K)
[20.757s][info ][gc             ] GC(810) Pause Young (Normal) (G1 Evacuation Pause) 256M->4M(424M) 0.648ms
[20.757s][info ][gc,cpu         ] GC(810) User=0.00s Sys=0.00s Real=0.00s
[20.771s][info ][gc,start       ] GC(811) Pause Young (Normal) (G1 Evacuation Pause)
[20.771s][info ][gc,task        ] GC(811) Using 9 workers of 9 for evacuation
[20.771s][debug][gc,age         ] GC(811) Desired survivor size 16777216 bytes, new threshold 15 (max threshold 15)
[20.771s][info ][gc,phases      ] GC(811)   Pre Evacuate Collection Set: 0.09ms
[20.771s][info ][gc,phases      ] GC(811)   Merge Heap Roots: 0.11ms
[20.771s][info ][gc,phases      ] GC(811)   Evacuate Collection Set: 0.11ms
[20.771s][info ][gc,phases      ] GC(811)   Post Evacuate Collection Set: 0.20ms
[20.771s][info ][gc,phases      ] GC(811)   Other: 0.05ms
[20.771s][trace][gc,age         ] GC(811) Age table:
[20.771s][trace][gc,age         ] GC(811) - age   1:        192 bytes,        192 total
[20.771s][trace][gc,age         ] GC(811) - age  14:        616 bytes,        808 total
[20.771s][info ][gc,heap        ] GC(811) Eden regions: 253->0(253)
[20.771s][info ][gc,heap        ] GC(811) Survivor regions: 1->1(32)
[20.771s][info ][gc,heap        ] GC(811) Old regions: 11->11
[20.771s][info ][gc,heap        ] GC(811) Humongous regions: 0->0
[20.771s][info ][gc,metaspace   ] GC(811) Metaspace: 10122K(10368K)->10122K(10368K) NonClass: 9159K(9344K)->9159K(9344K) Class: 963K(1024K)->963K(1024K)
[20.771s][info ][gc             ] GC(811) Pause Young (Normal) (G1 Evacuation Pause) 256M->4M(424M) 0.653ms
[20.771s][info ][gc,cpu         ] GC(811) User=0.01s Sys=0.00s Real=0.00s
[20.785s][info ][gc,start       ] GC(812) Pause Young (Normal) (G1 Evacuation Pause)
[20.785s][info ][gc,task        ] GC(812) Using 9 workers of 9 for evacuation
[20.785s][debug][gc,age         ] GC(812) Desired survivor size 16777216 bytes, new threshold 15 (max threshold 15)
[20.786s][info ][gc,phases      ] GC(812)   Pre Evacuate Collection Set: 0.08ms
[20.786s][info ][gc,phases      ] GC(812)   Merge Heap Roots: 0.06ms
[20.786s][info ][gc,phases      ] GC(812)   Evacuate Collection Set: 0.16ms
[20.786s][info ][gc,phases      ] GC(812)   Post Evacuate Collection Set: 0.21ms
[20.786s][info ][gc,phases      ] GC(812)   Other: 0.05ms
[20.786s][trace][gc,age         ] GC(812) Age table:
[20.786s][trace][gc,age         ] GC(812) - age   1:        192 bytes,        192 total
[20.786s][trace][gc,age         ] GC(812) - age  15:        616 bytes,        808 total
[20.786s][info ][gc,heap        ] GC(812) Eden regions: 253->0(253)
[20.786s][info ][gc,heap        ] GC(812) Survivor regions: 1->1(32)
[20.786s][info ][gc,heap        ] GC(812) Old regions: 11->11
[20.786s][info ][gc,heap        ] GC(812) Humongous regions: 0->0
[20.786s][info ][gc,metaspace   ] GC(812) Metaspace: 10122K(10368K)->10122K(10368K) NonClass: 9159K(9344K)->9159K(9344K) Class: 963K(1024K)->963K(1024K)
[20.786s][info ][gc             ] GC(812) Pause Young (Normal) (G1 Evacuation Pause) 256M->4M(424M) 0.647ms
[20.786s][info ][gc,cpu         ] GC(812) User=0.01s Sys=0.00s Real=0.01s
[20.799s][info ][gc,start       ] GC(813) Pause Young (Normal) (G1 Evacuation Pause)
[20.799s][info ][gc,task        ] GC(813) Using 9 workers of 9 for evacuation
[20.799s][debug][gc,age         ] GC(813) Desired survivor size 16777216 bytes, new threshold 15 (max threshold 15)
[20.800s][info ][gc,phases      ] GC(813)   Pre Evacuate Collection Set: 0.10ms
[20.800s][info ][gc,phases      ] GC(813)   Merge Heap Roots: 0.12ms
[20.800s][info ][gc,phases      ] GC(813)   Evacuate Collection Set: 0.11ms
[20.800s][info ][gc,phases      ] GC(813)   Post Evacuate Collection Set: 0.19ms
[20.800s][info ][gc,phases      ] GC(813)   Other: 0.04ms
[20.800s][trace][gc,age         ] GC(813) Age table:
[20.800s][trace][gc,age         ] GC(813) - age   1:        192 bytes,        192 total
[20.800s][info ][gc,heap        ] GC(813) Eden regions: 253->0(253)
[20.800s][info ][gc,heap        ] GC(813) Survivor regions: 1->1(32)
[20.800s][info ][gc,heap        ] GC(813) Old regions: 11->11
[20.800s][info ][gc,heap        ] GC(813) Humongous regions: 0->0
[20.800s][info ][gc,metaspace   ] GC(813) Metaspace: 10122K(10368K)->10122K(10368K) NonClass: 9159K(9344K)->9159K(9344K) Class: 963K(1024K)->963K(1024K)
[20.800s][info ][gc             ] GC(813) Pause Young (Normal) (G1 Evacuation Pause) 256M->4M(424M) 0.656ms
[20.800s][info ][gc,cpu         ] GC(813) User=0.01s Sys=0.00s Real=0.00s
[20.814s][info ][gc,start       ] GC(814) Pause Young (Normal) (G1 Evacuation Pause)
[20.814s][info ][gc,task        ] GC(814) Using 9 workers of 9 for evacuation
[20.814s][debug][gc,age         ] GC(814) Desired survivor size 16777216 bytes, new threshold 15 (max threshold 15)
[20.814s][info ][gc,phases      ] GC(814)   Pre Evacuate Collection Set: 0.09ms
[20.814s][info ][gc,phases      ] GC(814)   Merge Heap Roots: 0.08ms
[20.814s][info ][gc,phases      ] GC(814)   Evacuate Collection Set: 0.11ms
[20.814s][info ][gc,phases      ] GC(814)   Post Evacuate Collection Set: 0.16ms
[20.814s][info ][gc,phases      ] GC(814)   Other: 0.04ms
[20.814s][trace][gc,age         ] GC(814) Age table:
[20.814s][trace][gc,age         ] GC(814) - age   1:        192 bytes,        192 total
[20.814s][info ][gc,heap        ] GC(814) Eden regions: 253->0(253)
[20.814s][info ][gc,heap        ] GC(814) Survivor regions: 1->1(32)
[20.814s][info ][gc,heap        ] GC(814) Old regions: 11->11
[20.814s][info ][gc,heap        ] GC(814) Humongous regions: 0->0
[20.814s][info ][gc,metaspace   ] GC(814) Metaspace: 10122K(10368K)->10122K(10368K) NonClass: 9159K(9344K)->9159K(9344K) Class: 963K(1024K)->963K(1024K)
[20.814s][info ][gc             ] GC(814) Pause Young (Normal) (G1 Evacuation Pause) 256M->4M(424M) 0.552ms
[20.814s][info ][gc,cpu         ] GC(814) User=0.00s Sys=0.00s Real=0.00s
[20.828s][info ][gc,start       ] GC(815) Pause Young (Normal) (G1 Evacuation Pause)
[20.828s][info ][gc,task        ] GC(815) Using 9 workers of 9 for evacuation
[20.828s][debug][gc,age         ] GC(815) Desired survivor size 16777216 bytes, new threshold 15 (max threshold 15)
[20.829s][info ][gc,phases      ] GC(815)   Pre Evacuate Collection Set: 0.11ms
[20.829s][info ][gc,phases      ] GC(815)   Merge Heap Roots: 0.06ms
[20.829s][info ][gc,phases      ] GC(815)   Evacuate Collection Set: 0.07ms
[20.829s][info ][gc,phases      ] GC(815)   Post Evacuate Collection Set: 0.20ms
[20.829s][info ][gc,phases      ] GC(815)   Other: 0.06ms
[20.829s][trace][gc,age         ] GC(815) Age table:
[20.829s][trace][gc,age         ] GC(815) - age   1:        192 bytes,        192 total
[20.829s][info ][gc,heap        ] GC(815) Eden regions: 253->0(253)
[20.829s][info ][gc,heap        ] GC(815) Survivor regions: 1->1(32)
[20.829s][info ][gc,heap        ] GC(815) Old regions: 11->11
[20.829s][info ][gc,heap        ] GC(815) Humongous regions: 0->0
[20.829s][info ][gc,metaspace   ] GC(815) Metaspace: 10122K(10368K)->10122K(10368K) NonClass: 9159K(9344K)->9159K(9344K) Class: 963K(1024K)->963K(1024K)
[20.829s][info ][gc             ] GC(815) Pause Young (Normal) (G1 Evacuation Pause) 256M->4M(424M) 0.610ms
[20.829s][info ][gc,cpu         ] GC(815) User=0.00s Sys=0.00s Real=0.00s
[20.843s][info ][gc,start       ] GC(816) Pause Young (Normal) (G1 Evacuation Pause)
[20.843s][info ][gc,task        ] GC(816) Using 9 workers of 9 for evacuation
[20.843s][debug][gc,age         ] GC(816) Desired survivor size 16777216 bytes, new threshold 15 (max threshold 15)
[20.843s][info ][gc,phases      ] GC(816)   Pre Evacuate Collection Set: 0.11ms
[20.843s][info ][gc,phases      ] GC(816)   Merge Heap Roots: 0.08ms
[20.843s][info ][gc,phases      ] GC(816)   Evacuate Collection Set: 0.11ms
[20.843s][info ][gc,phases      ] GC(816)   Post Evacuate Collection Set: 0.16ms
[20.843s][info ][gc,phases      ] GC(816)   Other: 0.07ms
[20.843s][trace][gc,age         ] GC(816) Age table:
[20.843s][trace][gc,age         ] GC(816) - age   1:        192 bytes,        192 total
[20.843s][info ][gc,heap        ] GC(816) Eden regions: 253->0(253)
[20.843s][info ][gc,heap        ] GC(816) Survivor regions: 1->1(32)
[20.843s][info ][gc,heap        ] GC(816) Old regions: 11->11
[20.843s][info ][gc,heap        ] GC(816) Humongous regions: 0->0
[20.843s][info ][gc,metaspace   ] GC(816) Metaspace: 10122K(10368K)->10122K(10368K) NonClass: 9159K(9344K)->9159K(9344K) Class: 963K(1024K)->963K(1024K)
[20.843s][info ][gc             ] GC(816) Pause Young (Normal) (G1 Evacuation Pause) 256M->4M(424M) 0.629ms
[20.843s][info ][gc,cpu         ] GC(816) User=0.00s Sys=0.00s Real=0.00s
[20.857s][info ][gc,start       ] GC(817) Pause Young (Normal) (G1 Evacuation Pause)
[20.857s][info ][gc,task        ] GC(817) Using 9 workers of 9 for evacuation
[20.857s][debug][gc,age         ] GC(817) Desired survivor size 16777216 bytes, new threshold 15 (max threshold 15)
[20.858s][info ][gc,phases      ] GC(817)   Pre Evacuate Collection Set: 0.11ms
[20.858s][info ][gc,phases      ] GC(817)   Merge Heap Roots: 0.10ms
[20.858s][info ][gc,phases      ] GC(817)   Evacuate Collection Set: 0.07ms
[20.858s][info ][gc,phases      ] GC(817)   Post Evacuate Collection Set: 0.21ms
[20.858s][info ][gc,phases      ] GC(817)   Other: 0.07ms
[20.858s][trace][gc,age         ] GC(817) Age table:
[20.858s][trace][gc,age         ] GC(817) - age   1:        192 bytes,        192 total
[20.858s][info ][gc,heap        ] GC(817) Eden regions: 253->0(253)
[20.858s][info ][gc,heap        ] GC(817) Survivor regions: 1->1(32)
[20.858s][info ][gc,heap        ] GC(817) Old regions: 11->11
[20.858s][info ][gc,heap        ] GC(817) Humongous regions: 0->0
[20.858s][info ][gc,metaspace   ] GC(817) Metaspace: 10122K(10368K)->10122K(10368K) NonClass: 9159K(9344K)->9159K(9344K) Class: 963K(1024K)->963K(1024K)
[20.858s][info ][gc             ] GC(817) Pause Young (Normal) (G1 Evacuation Pause) 256M->4M(424M) 0.659ms
[20.858s][info ][gc,cpu         ] GC(817) User=0.00s Sys=0.00s Real=0.00s
[20.871s][info ][gc,start       ] GC(818) Pause Young (Normal) (G1 Evacuation Pause)
[20.871s][info ][gc,task        ] GC(818) Using 9 workers of 9 for evacuation
[20.871s][debug][gc,age         ] GC(818) Desired survivor size 16777216 bytes, new threshold 15 (max threshold 15)
[20.872s][info ][gc,phases      ] GC(818)   Pre Evacuate Collection Set: 0.11ms
[20.872s][info ][gc,phases      ] GC(818)   Merge Heap Roots: 0.09ms
[20.872s][info ][gc,phases      ] GC(818)   Evacuate Collection Set: 0.11ms
[20.872s][info ][gc,phases      ] GC(818)   Post Evacuate Collection Set: 0.19ms
[20.872s][info ][gc,phases      ] GC(818)   Other: 0.06ms
[20.872s][trace][gc,age         ] GC(818) Age table:
[20.872s][trace][gc,age         ] GC(818) - age   1:        192 bytes,        192 total
[20.872s][info ][gc,heap        ] GC(818) Eden regions: 253->0(253)
[20.872s][info ][gc,heap        ] GC(818) Survivor regions: 1->1(32)
[20.872s][info ][gc,heap        ] GC(818) Old regions: 11->11
[20.872s][info ][gc,heap        ] GC(818) Humongous regions: 0->0
[20.872s][info ][gc,metaspace   ] GC(818) Metaspace: 10122K(10368K)->10122K(10368K) NonClass: 9159K(9344K)->9159K(9344K) Class: 963K(1024K)->963K(1024K)
[20.872s][info ][gc             ] GC(818) Pause Young (Normal) (G1 Evacuation Pause) 256M->4M(424M) 0.666ms
[20.872s][info ][gc,cpu         ] GC(818) User=0.00s Sys=0.00s Real=0.00s
[20.886s][info ][gc,start       ] GC(819) Pause Young (Normal) (G1 Evacuation Pause)
[20.886s][info ][gc,task        ] GC(819) Using 9 workers of 9 for evacuation
[20.886s][debug][gc,age         ] GC(819) Desired survivor size 16777216 bytes, new threshold 15 (max threshold 15)
[20.886s][info ][gc,phases      ] GC(819)   Pre Evacuate Collection Set: 0.10ms
[20.886s][info ][gc,phases      ] GC(819)   Merge Heap Roots: 0.08ms
[20.886s][info ][gc,phases      ] GC(819)   Evacuate Collection Set: 0.10ms
[20.886s][info ][gc,phases      ] GC(819)   Post Evacuate Collection Set: 0.17ms
[20.886s][info ][gc,phases      ] GC(819)   Other: 0.04ms
[20.886s][trace][gc,age         ] GC(819) Age table:
[20.886s][trace][gc,age         ] GC(819) - age   1:        192 bytes,        192 total
[20.886s][info ][gc,heap        ] GC(819) Eden regions: 253->0(253)
[20.886s][info ][gc,heap        ] GC(819) Survivor regions: 1->1(32)
[20.886s][info ][gc,heap        ] GC(819) Old regions: 11->11
[20.886s][info ][gc,heap        ] GC(819) Humongous regions: 0->0
[20.886s][info ][gc,metaspace   ] GC(819) Metaspace: 10122K(10368K)->10122K(10368K) NonClass: 9159K(9344K)->9159K(9344K) Class: 963K(1024K)->963K(1024K)
[20.886s][info ][gc             ] GC(819) Pause Young (Normal) (G1 Evacuation Pause) 256M->4M(424M) 0.582ms
[20.886s][info ][gc,cpu         ] GC(819) User=0.01s Sys=0.00s Real=0.00s
[20.899s][info ][gc,start       ] GC(820) Pause Young (Normal) (G1 Evacuation Pause)
[20.899s][info ][gc,task        ] GC(820) Using 9 workers of 9 for evacuation
[20.899s][debug][gc,age         ] GC(820) Desired survivor size 16777216 bytes, new threshold 15 (max threshold 15)
[20.900s][info ][gc,phases      ] GC(820)   Pre Evacuate Collection Set: 0.09ms
[20.900s][info ][gc,phases      ] GC(820)   Merge Heap Roots: 0.06ms
[20.900s][info ][gc,phases      ] GC(820)   Evacuate Collection Set: 0.17ms
[20.900s][info ][gc,phases      ] GC(820)   Post Evacuate Collection Set: 0.14ms
[20.900s][info ][gc,phases      ] GC(820)   Other: 0.06ms
[20.900s][trace][gc,age         ] GC(820) Age table:
[20.900s][trace][gc,age         ] GC(820) - age   1:        192 bytes,        192 total
[20.900s][info ][gc,heap        ] GC(820) Eden regions: 253->0(253)
[20.900s][info ][gc,heap        ] GC(820) Survivor regions: 1->1(32)
[20.900s][info ][gc,heap        ] GC(820) Old regions: 11->11
[20.900s][info ][gc,heap        ] GC(820) Humongous regions: 0->0
[20.900s][info ][gc,metaspace   ] GC(820) Metaspace: 10122K(10368K)->10122K(10368K) NonClass: 9159K(9344K)->9159K(9344K) Class: 963K(1024K)->963K(1024K)
[20.900s][info ][gc             ] GC(820) Pause Young (Normal) (G1 Evacuation Pause) 256M->4M(424M) 0.617ms
[20.900s][info ][gc,cpu         ] GC(820) User=0.00s Sys=0.00s Real=0.00s
[20.913s][info ][gc,start       ] GC(821) Pause Young (Normal) (G1 Evacuation Pause)
[20.913s][info ][gc,task        ] GC(821) Using 9 workers of 9 for evacuation
[20.913s][debug][gc,age         ] GC(821) Desired survivor size 16777216 bytes, new threshold 15 (max threshold 15)
[20.913s][info ][gc,phases      ] GC(821)   Pre Evacuate Collection Set: 0.07ms
[20.913s][info ][gc,phases      ] GC(821)   Merge Heap Roots: 0.06ms
[20.913s][info ][gc,phases      ] GC(821)   Evacuate Collection Set: 0.11ms
[20.913s][info ][gc,phases      ] GC(821)   Post Evacuate Collection Set: 0.16ms
[20.914s][info ][gc,phases      ] GC(821)   Other: 0.04ms
[20.914s][trace][gc,age         ] GC(821) Age table:
[20.914s][trace][gc,age         ] GC(821) - age   1:        192 bytes,        192 total
[20.914s][info ][gc,heap        ] GC(821) Eden regions: 253->0(253)
[20.914s][info ][gc,heap        ] GC(821) Survivor regions: 1->1(32)
[20.914s][info ][gc,heap        ] GC(821) Old regions: 11->11
[20.914s][info ][gc,heap        ] GC(821) Humongous regions: 0->0
[20.914s][info ][gc,metaspace   ] GC(821) Metaspace: 10122K(10368K)->10122K(10368K) NonClass: 9159K(9344K)->9159K(9344K) Class: 963K(1024K)->963K(1024K)
[20.914s][info ][gc             ] GC(821) Pause Young (Normal) (G1 Evacuation Pause) 256M->4M(424M) 0.528ms
[20.914s][info ][gc,cpu         ] GC(821) User=0.00s Sys=0.00s Real=0.00s
[20.927s][info ][gc,start       ] GC(822) Pause Young (Normal) (G1 Evacuation Pause)
[20.927s][info ][gc,task        ] GC(822) Using 9 workers of 9 for evacuation
[20.927s][debug][gc,age         ] GC(822) Desired survivor size 16777216 bytes, new threshold 15 (max threshold 15)
[20.927s][info ][gc,phases      ] GC(822)   Pre Evacuate Collection Set: 0.09ms
[20.927s][info ][gc,phases      ] GC(822)   Merge Heap Roots: 0.08ms
[20.927s][info ][gc,phases      ] GC(822)   Evacuate Collection Set: 0.13ms
[20.927s][info ][gc,phases      ] GC(822)   Post Evacuate Collection Set: 0.16ms
[20.927s][info ][gc,phases      ] GC(822)   Other: 0.06ms
[20.927s][trace][gc,age         ] GC(822) Age table:
[20.927s][trace][gc,age         ] GC(822) - age   1:        192 bytes,        192 total
[20.927s][info ][gc,heap        ] GC(822) Eden regions: 253->0(253)
[20.927s][info ][gc,heap        ] GC(822) Survivor regions: 1->1(32)
[20.927s][info ][gc,heap        ] GC(822) Old regions: 11->11
[20.927s][info ][gc,heap        ] GC(822) Humongous regions: 0->0
[20.927s][info ][gc,metaspace   ] GC(822) Metaspace: 10122K(10368K)->10122K(10368K) NonClass: 9159K(9344K)->9159K(9344K) Class: 963K(1024K)->963K(1024K)
[20.927s][info ][gc             ] GC(822) Pause Young (Normal) (G1 Evacuation Pause) 256M->4M(424M) 0.613ms
[20.927s][info ][gc,cpu         ] GC(822) User=0.00s Sys=0.00s Real=0.00s
[20.940s][info ][gc,start       ] GC(823) Pause Young (Normal) (G1 Evacuation Pause)
[20.940s][info ][gc,task        ] GC(823) Using 9 workers of 9 for evacuation
[20.940s][debug][gc,age         ] GC(823) Desired survivor size 16777216 bytes, new threshold 15 (max threshold 15)
[20.941s][info ][gc,phases      ] GC(823)   Pre Evacuate Collection Set: 0.07ms
[20.941s][info ][gc,phases      ] GC(823)   Merge Heap Roots: 0.05ms
[20.941s][info ][gc,phases      ] GC(823)   Evacuate Collection Set: 0.14ms
[20.941s][info ][gc,phases      ] GC(823)   Post Evacuate Collection Set: 0.14ms
[20.941s][info ][gc,phases      ] GC(823)   Other: 0.06ms
[20.941s][trace][gc,age         ] GC(823) Age table:
[20.941s][trace][gc,age         ] GC(823) - age   1:        192 bytes,        192 total
[20.941s][info ][gc,heap        ] GC(823) Eden regions: 253->0(253)
[20.941s][info ][gc,heap        ] GC(823) Survivor regions: 1->1(32)
[20.941s][info ][gc,heap        ] GC(823) Old regions: 11->11
[20.941s][info ][gc,heap        ] GC(823) Humongous regions: 0->0
[20.941s][info ][gc,metaspace   ] GC(823) Metaspace: 10122K(10368K)->10122K(10368K) NonClass: 9159K(9344K)->9159K(9344K) Class: 963K(1024K)->963K(1024K)
[20.941s][info ][gc             ] GC(823) Pause Young (Normal) (G1 Evacuation Pause) 256M->4M(424M) 0.554ms
[20.941s][info ][gc,cpu         ] GC(823) User=0.00s Sys=0.00s Real=0.00s
[20.954s][info ][gc,start       ] GC(824) Pause Young (Normal) (G1 Evacuation Pause)
[20.954s][info ][gc,task        ] GC(824) Using 9 workers of 9 for evacuation
[20.954s][debug][gc,age         ] GC(824) Desired survivor size 16777216 bytes, new threshold 15 (max threshold 15)
[20.955s][info ][gc,phases      ] GC(824)   Pre Evacuate Collection Set: 0.07ms
[20.955s][info ][gc,phases      ] GC(824)   Merge Heap Roots: 0.06ms
[20.955s][info ][gc,phases      ] GC(824)   Evacuate Collection Set: 0.18ms
[20.955s][info ][gc,phases      ] GC(824)   Post Evacuate Collection Set: 0.18ms
[20.955s][info ][gc,phases      ] GC(824)   Other: 0.04ms
[20.955s][trace][gc,age         ] GC(824) Age table:
[20.955s][trace][gc,age         ] GC(824) - age   1:        192 bytes,        192 total
[20.955s][info ][gc,heap        ] GC(824) Eden regions: 253->0(253)
[20.955s][info ][gc,heap        ] GC(824) Survivor regions: 1->1(32)
[20.955s][info ][gc,heap        ] GC(824) Old regions: 11->11
[20.955s][info ][gc,heap        ] GC(824) Humongous regions: 0->0
[20.955s][info ][gc,metaspace   ] GC(824) Metaspace: 10122K(10368K)->10122K(10368K) NonClass: 9159K(9344K)->9159K(9344K) Class: 963K(1024K)->963K(1024K)
[20.955s][info ][gc             ] GC(824) Pause Young (Normal) (G1 Evacuation Pause) 256M->4M(424M) 0.632ms
[20.955s][info ][gc,cpu         ] GC(824) User=0.00s Sys=0.00s Real=0.00s
[20.968s][info ][gc,start       ] GC(825) Pause Young (Normal) (G1 Evacuation Pause)
[20.968s][info ][gc,task        ] GC(825) Using 9 workers of 9 for evacuation
[20.968s][debug][gc,age         ] GC(825) Desired survivor size 16777216 bytes, new threshold 15 (max threshold 15)
[20.968s][info ][gc,phases      ] GC(825)   Pre Evacuate Collection Set: 0.07ms
[20.968s][info ][gc,phases      ] GC(825)   Merge Heap Roots: 0.08ms
[20.968s][info ][gc,phases      ] GC(825)   Evacuate Collection Set: 0.10ms
[20.968s][info ][gc,phases      ] GC(825)   Post Evacuate Collection Set: 0.15ms
[20.968s][info ][gc,phases      ] GC(825)   Other: 0.05ms
[20.968s][trace][gc,age         ] GC(825) Age table:
[20.968s][trace][gc,age         ] GC(825) - age   1:        192 bytes,        192 total
[20.968s][info ][gc,heap        ] GC(825) Eden regions: 253->0(253)
[20.968s][info ][gc,heap        ] GC(825) Survivor regions: 1->1(32)
[20.968s][info ][gc,heap        ] GC(825) Old regions: 11->11
[20.968s][info ][gc,heap        ] GC(825) Humongous regions: 0->0
[20.968s][info ][gc,metaspace   ] GC(825) Metaspace: 10122K(10368K)->10122K(10368K) NonClass: 9159K(9344K)->9159K(9344K) Class: 963K(1024K)->963K(1024K)
[20.968s][info ][gc             ] GC(825) Pause Young (Normal) (G1 Evacuation Pause) 256M->4M(424M) 0.535ms
[20.968s][info ][gc,cpu         ] GC(825) User=0.00s Sys=0.00s Real=0.00s
[20.982s][info ][gc,start       ] GC(826) Pause Young (Normal) (G1 Evacuation Pause)
[20.982s][info ][gc,task        ] GC(826) Using 9 workers of 9 for evacuation
[20.982s][debug][gc,age         ] GC(826) Desired survivor size 16777216 bytes, new threshold 15 (max threshold 15)
[20.982s][info ][gc,phases      ] GC(826)   Pre Evacuate Collection Set: 0.11ms
[20.982s][info ][gc,phases      ] GC(826)   Merge Heap Roots: 0.05ms
[20.982s][info ][gc,phases      ] GC(826)   Evacuate Collection Set: 0.12ms
[20.982s][info ][gc,phases      ] GC(826)   Post Evacuate Collection Set: 0.21ms
[20.982s][info ][gc,phases      ] GC(826)   Other: 0.05ms
[20.982s][trace][gc,age         ] GC(826) Age table:
[20.982s][trace][gc,age         ] GC(826) - age   1:        192 bytes,        192 total
[20.982s][info ][gc,heap        ] GC(826) Eden regions: 253->0(253)
[20.982s][info ][gc,heap        ] GC(826) Survivor regions: 1->1(32)
[20.982s][info ][gc,heap        ] GC(826) Old regions: 11->11
[20.982s][info ][gc,heap        ] GC(826) Humongous regions: 0->0
[20.982s][info ][gc,metaspace   ] GC(826) Metaspace: 10122K(10368K)->10122K(10368K) NonClass: 9159K(9344K)->9159K(9344K) Class: 963K(1024K)->963K(1024K)
[20.982s][info ][gc             ] GC(826) Pause Young (Normal) (G1 Evacuation Pause) 256M->4M(424M) 0.628ms
[20.982s][info ][gc,cpu         ] GC(826) User=0.00s Sys=0.00s Real=0.00s
[20.995s][info ][gc,start       ] GC(827) Pause Young (Normal) (G1 Evacuation Pause)
[20.995s][info ][gc,task        ] GC(827) Using 9 workers of 9 for evacuation
[20.995s][debug][gc,age         ] GC(827) Desired survivor size 16777216 bytes, new threshold 15 (max threshold 15)
[20.996s][info ][gc,phases      ] GC(827)   Pre Evacuate Collection Set: 0.07ms
[20.996s][info ][gc,phases      ] GC(827)   Merge Heap Roots: 0.07ms
[20.996s][info ][gc,phases      ] GC(827)   Evacuate Collection Set: 0.10ms
[20.996s][info ][gc,phases      ] GC(827)   Post Evacuate Collection Set: 0.17ms
[20.996s][info ][gc,phases      ] GC(827)   Other: 0.05ms
[20.996s][trace][gc,age         ] GC(827) Age table:
[20.996s][trace][gc,age         ] GC(827) - age   1:        192 bytes,        192 total
[20.996s][info ][gc,heap        ] GC(827) Eden regions: 253->0(253)
[20.996s][info ][gc,heap        ] GC(827) Survivor regions: 1->1(32)
[20.996s][info ][gc,heap        ] GC(827) Old regions: 11->11
[20.996s][info ][gc,heap        ] GC(827) Humongous regions: 0->0
[20.996s][info ][gc,metaspace   ] GC(827) Metaspace: 10122K(10368K)->10122K(10368K) NonClass: 9159K(9344K)->9159K(9344K) Class: 963K(1024K)->963K(1024K)
[20.996s][info ][gc             ] GC(827) Pause Young (Normal) (G1 Evacuation Pause) 256M->4M(424M) 0.556ms
[20.996s][info ][gc,cpu         ] GC(827) User=0.00s Sys=0.00s Real=0.00s
[21.009s][info ][gc,start       ] GC(828) Pause Young (Normal) (G1 Evacuation Pause)
[21.009s][info ][gc,task        ] GC(828) Using 9 workers of 9 for evacuation
[21.009s][debug][gc,age         ] GC(828) Desired survivor size 16777216 bytes, new threshold 15 (max threshold 15)
[21.010s][info ][gc,phases      ] GC(828)   Pre Evacuate Collection Set: 0.09ms
[21.010s][info ][gc,phases      ] GC(828)   Merge Heap Roots: 0.12ms
[21.010s][info ][gc,phases      ] GC(828)   Evacuate Collection Set: 0.11ms
[21.010s][info ][gc,phases      ] GC(828)   Post Evacuate Collection Set: 0.16ms
[21.010s][info ][gc,phases      ] GC(828)   Other: 0.05ms
[21.010s][trace][gc,age         ] GC(828) Age table:
[21.010s][trace][gc,age         ] GC(828) - age   1:        192 bytes,        192 total
[21.010s][info ][gc,heap        ] GC(828) Eden regions: 253->0(253)
[21.010s][info ][gc,heap        ] GC(828) Survivor regions: 1->1(32)
[21.010s][info ][gc,heap        ] GC(828) Old regions: 11->11
[21.010s][info ][gc,heap        ] GC(828) Humongous regions: 0->0
[21.010s][info ][gc,metaspace   ] GC(828) Metaspace: 10122K(10368K)->10122K(10368K) NonClass: 9159K(9344K)->9159K(9344K) Class: 963K(1024K)->963K(1024K)
[21.010s][info ][gc             ] GC(828) Pause Young (Normal) (G1 Evacuation Pause) 256M->4M(424M) 0.639ms
[21.010s][info ][gc,cpu         ] GC(828) User=0.01s Sys=0.01s Real=0.00s
[21.023s][info ][gc,start       ] GC(829) Pause Young (Normal) (G1 Evacuation Pause)
[21.023s][info ][gc,task        ] GC(829) Using 9 workers of 9 for evacuation
[21.023s][debug][gc,age         ] GC(829) Desired survivor size 16777216 bytes, new threshold 15 (max threshold 15)
[21.023s][info ][gc,phases      ] GC(829)   Pre Evacuate Collection Set: 0.07ms
[21.023s][info ][gc,phases      ] GC(829)   Merge Heap Roots: 0.07ms
[21.023s][info ][gc,phases      ] GC(829)   Evacuate Collection Set: 0.11ms
[21.023s][info ][gc,phases      ] GC(829)   Post Evacuate Collection Set: 0.19ms
[21.023s][info ][gc,phases      ] GC(829)   Other: 0.04ms
[21.023s][trace][gc,age         ] GC(829) Age table:
[21.023s][trace][gc,age         ] GC(829) - age   1:        192 bytes,        192 total
[21.023s][info ][gc,heap        ] GC(829) Eden regions: 253->0(253)
[21.023s][info ][gc,heap        ] GC(829) Survivor regions: 1->1(32)
[21.023s][info ][gc,heap        ] GC(829) Old regions: 11->11
[21.023s][info ][gc,heap        ] GC(829) Humongous regions: 0->0
[21.023s][info ][gc,metaspace   ] GC(829) Metaspace: 10122K(10368K)->10122K(10368K) NonClass: 9159K(9344K)->9159K(9344K) Class: 963K(1024K)->963K(1024K)
[21.023s][info ][gc             ] GC(829) Pause Young (Normal) (G1 Evacuation Pause) 256M->4M(424M) 0.572ms
[21.023s][info ][gc,cpu         ] GC(829) User=0.01s Sys=0.00s Real=0.00s
[21.037s][info ][gc,start       ] GC(830) Pause Young (Normal) (G1 Evacuation Pause)
[21.037s][info ][gc,task        ] GC(830) Using 9 workers of 9 for evacuation
[21.037s][debug][gc,age         ] GC(830) Desired survivor size 16777216 bytes, new threshold 15 (max threshold 15)
[21.037s][info ][gc,phases      ] GC(830)   Pre Evacuate Collection Set: 0.08ms
[21.037s][info ][gc,phases      ] GC(830)   Merge Heap Roots: 0.06ms
[21.037s][info ][gc,phases      ] GC(830)   Evacuate Collection Set: 0.11ms
[21.037s][info ][gc,phases      ] GC(830)   Post Evacuate Collection Set: 0.17ms
[21.037s][info ][gc,phases      ] GC(830)   Other: 0.04ms
[21.037s][trace][gc,age         ] GC(830) Age table:
[21.037s][trace][gc,age         ] GC(830) - age   1:        192 bytes,        192 total
[21.037s][info ][gc,heap        ] GC(830) Eden regions: 253->0(253)
[21.037s][info ][gc,heap        ] GC(830) Survivor regions: 1->1(32)
[21.037s][info ][gc,heap        ] GC(830) Old regions: 11->11
[21.037s][info ][gc,heap        ] GC(830) Humongous regions: 0->0
[21.037s][info ][gc,metaspace   ] GC(830) Metaspace: 10122K(10368K)->10122K(10368K) NonClass: 9159K(9344K)->9159K(9344K) Class: 963K(1024K)->963K(1024K)
[21.037s][info ][gc             ] GC(830) Pause Young (Normal) (G1 Evacuation Pause) 256M->4M(424M) 0.545ms
[21.037s][info ][gc,cpu         ] GC(830) User=0.00s Sys=0.00s Real=0.00s
[21.050s][info ][gc,start       ] GC(831) Pause Young (Normal) (G1 Evacuation Pause)
[21.050s][info ][gc,task        ] GC(831) Using 9 workers of 9 for evacuation
[21.050s][debug][gc,age         ] GC(831) Desired survivor size 16777216 bytes, new threshold 15 (max threshold 15)
[21.051s][info ][gc,phases      ] GC(831)   Pre Evacuate Collection Set: 0.09ms
[21.051s][info ][gc,phases      ] GC(831)   Merge Heap Roots: 0.08ms
[21.051s][info ][gc,phases      ] GC(831)   Evacuate Collection Set: 0.14ms
[21.051s][info ][gc,phases      ] GC(831)   Post Evacuate Collection Set: 0.16ms
[21.051s][info ][gc,phases      ] GC(831)   Other: 0.05ms
[21.051s][trace][gc,age         ] GC(831) Age table:
[21.051s][trace][gc,age         ] GC(831) - age   1:        192 bytes,        192 total
[21.051s][info ][gc,heap        ] GC(831) Eden regions: 253->0(253)
[21.051s][info ][gc,heap        ] GC(831) Survivor regions: 1->1(32)
[21.051s][info ][gc,heap        ] GC(831) Old regions: 11->11
[21.051s][info ][gc,heap        ] GC(831) Humongous regions: 0->0
[21.051s][info ][gc,metaspace   ] GC(831) Metaspace: 10122K(10368K)->10122K(10368K) NonClass: 9159K(9344K)->9159K(9344K) Class: 963K(1024K)->963K(1024K)
[21.051s][info ][gc             ] GC(831) Pause Young (Normal) (G1 Evacuation Pause) 256M->4M(424M) 0.608ms
[21.051s][info ][gc,cpu         ] GC(831) User=0.00s Sys=0.00s Real=0.00s
[21.064s][info ][gc,start       ] GC(832) Pause Young (Normal) (G1 Evacuation Pause)
[21.064s][info ][gc,task        ] GC(832) Using 9 workers of 9 for evacuation
[21.064s][debug][gc,age         ] GC(832) Desired survivor size 16777216 bytes, new threshold 15 (max threshold 15)
[21.064s][info ][gc,phases      ] GC(832)   Pre Evacuate Collection Set: 0.09ms
[21.064s][info ][gc,phases      ] GC(832)   Merge Heap Roots: 0.08ms
[21.064s][info ][gc,phases      ] GC(832)   Evacuate Collection Set: 0.09ms
[21.064s][info ][gc,phases      ] GC(832)   Post Evacuate Collection Set: 0.16ms
[21.064s][info ][gc,phases      ] GC(832)   Other: 0.05ms
[21.064s][trace][gc,age         ] GC(832) Age table:
[21.064s][trace][gc,age         ] GC(832) - age   1:        192 bytes,        192 total
[21.064s][info ][gc,heap        ] GC(832) Eden regions: 253->0(253)
[21.064s][info ][gc,heap        ] GC(832) Survivor regions: 1->1(32)
[21.064s][info ][gc,heap        ] GC(832) Old regions: 11->11
[21.064s][info ][gc,heap        ] GC(832) Humongous regions: 0->0
[21.064s][info ][gc,metaspace   ] GC(832) Metaspace: 10122K(10368K)->10122K(10368K) NonClass: 9159K(9344K)->9159K(9344K) Class: 963K(1024K)->963K(1024K)
[21.064s][info ][gc             ] GC(832) Pause Young (Normal) (G1 Evacuation Pause) 256M->4M(424M) 0.549ms
[21.064s][info ][gc,cpu         ] GC(832) User=0.00s Sys=0.00s Real=0.00s
[21.078s][info ][gc,start       ] GC(833) Pause Young (Normal) (G1 Evacuation Pause)
[21.078s][info ][gc,task        ] GC(833) Using 9 workers of 9 for evacuation
[21.078s][debug][gc,age         ] GC(833) Desired survivor size 16777216 bytes, new threshold 15 (max threshold 15)
[21.078s][info ][gc,phases      ] GC(833)   Pre Evacuate Collection Set: 0.08ms
[21.078s][info ][gc,phases      ] GC(833)   Merge Heap Roots: 0.05ms
[21.078s][info ][gc,phases      ] GC(833)   Evacuate Collection Set: 0.14ms
[21.078s][info ][gc,phases      ] GC(833)   Post Evacuate Collection Set: 0.15ms
[21.078s][info ][gc,phases      ] GC(833)   Other: 0.06ms
[21.078s][trace][gc,age         ] GC(833) Age table:
[21.078s][trace][gc,age         ] GC(833) - age   1:        192 bytes,        192 total
[21.078s][info ][gc,heap        ] GC(833) Eden regions: 253->0(253)
[21.078s][info ][gc,heap        ] GC(833) Survivor regions: 1->1(32)
[21.078s][info ][gc,heap        ] GC(833) Old regions: 11->11
[21.078s][info ][gc,heap        ] GC(833) Humongous regions: 0->0
[21.078s][info ][gc,metaspace   ] GC(833) Metaspace: 10122K(10368K)->10122K(10368K) NonClass: 9159K(9344K)->9159K(9344K) Class: 963K(1024K)->963K(1024K)
[21.078s][info ][gc             ] GC(833) Pause Young (Normal) (G1 Evacuation Pause) 256M->4M(424M) 0.560ms
[21.078s][info ][gc,cpu         ] GC(833) User=0.01s Sys=0.00s Real=0.00s
[21.091s][info ][gc,start       ] GC(834) Pause Young (Normal) (G1 Evacuation Pause)
[21.091s][info ][gc,task        ] GC(834) Using 9 workers of 9 for evacuation
[21.091s][debug][gc,age         ] GC(834) Desired survivor size 16777216 bytes, new threshold 15 (max threshold 15)
[21.092s][info ][gc,phases      ] GC(834)   Pre Evacuate Collection Set: 0.09ms
[21.092s][info ][gc,phases      ] GC(834)   Merge Heap Roots: 0.05ms
[21.092s][info ][gc,phases      ] GC(834)   Evacuate Collection Set: 0.12ms
[21.092s][info ][gc,phases      ] GC(834)   Post Evacuate Collection Set: 0.18ms
[21.092s][info ][gc,phases      ] GC(834)   Other: 0.05ms
[21.092s][trace][gc,age         ] GC(834) Age table:
[21.092s][trace][gc,age         ] GC(834) - age   1:        192 bytes,        192 total
[21.092s][info ][gc,heap        ] GC(834) Eden regions: 253->0(253)
[21.092s][info ][gc,heap        ] GC(834) Survivor regions: 1->1(32)
[21.092s][info ][gc,heap        ] GC(834) Old regions: 11->11
[21.092s][info ][gc,heap        ] GC(834) Humongous regions: 0->0
[21.092s][info ][gc,metaspace   ] GC(834) Metaspace: 10122K(10368K)->10122K(10368K) NonClass: 9159K(9344K)->9159K(9344K) Class: 963K(1024K)->963K(1024K)
[21.092s][info ][gc             ] GC(834) Pause Young (Normal) (G1 Evacuation Pause) 256M->4M(424M) 0.595ms
[21.092s][info ][gc,cpu         ] GC(834) User=0.01s Sys=0.00s Real=0.00s
[21.104s][info ][gc,start       ] GC(835) Pause Young (Normal) (G1 Evacuation Pause)
[21.104s][info ][gc,task        ] GC(835) Using 9 workers of 9 for evacuation
[21.104s][debug][gc,age         ] GC(835) Desired survivor size 16777216 bytes, new threshold 15 (max threshold 15)
[21.105s][info ][gc,phases      ] GC(835)   Pre Evacuate Collection Set: 0.10ms
[21.105s][info ][gc,phases      ] GC(835)   Merge Heap Roots: 0.13ms
[21.105s][info ][gc,phases      ] GC(835)   Evacuate Collection Set: 0.11ms
[21.105s][info ][gc,phases      ] GC(835)   Post Evacuate Collection Set: 0.20ms
[21.105s][info ][gc,phases      ] GC(835)   Other: 0.04ms
[21.105s][trace][gc,age         ] GC(835) Age table:
[21.105s][trace][gc,age         ] GC(835) - age   1:        192 bytes,        192 total
[21.105s][info ][gc,heap        ] GC(835) Eden regions: 253->0(253)
[21.105s][info ][gc,heap        ] GC(835) Survivor regions: 1->1(32)
[21.105s][info ][gc,heap        ] GC(835) Old regions: 11->11
[21.105s][info ][gc,heap        ] GC(835) Humongous regions: 0->0
[21.105s][info ][gc,metaspace   ] GC(835) Metaspace: 10122K(10368K)->10122K(10368K) NonClass: 9159K(9344K)->9159K(9344K) Class: 963K(1024K)->963K(1024K)
[21.105s][info ][gc             ] GC(835) Pause Young (Normal) (G1 Evacuation Pause) 256M->4M(424M) 0.635ms
[21.105s][info ][gc,cpu         ] GC(835) User=0.00s Sys=0.00s Real=0.01s
[21.118s][info ][gc,start       ] GC(836) Pause Young (Normal) (G1 Evacuation Pause)
[21.118s][info ][gc,task        ] GC(836) Using 9 workers of 9 for evacuation
[21.118s][debug][gc,age         ] GC(836) Desired survivor size 16777216 bytes, new threshold 15 (max threshold 15)
[21.118s][info ][gc,phases      ] GC(836)   Pre Evacuate Collection Set: 0.10ms
[21.118s][info ][gc,phases      ] GC(836)   Merge Heap Roots: 0.07ms
[21.118s][info ][gc,phases      ] GC(836)   Evacuate Collection Set: 0.11ms
[21.118s][info ][gc,phases      ] GC(836)   Post Evacuate Collection Set: 0.18ms
[21.118s][info ][gc,phases      ] GC(836)   Other: 0.05ms
[21.118s][trace][gc,age         ] GC(836) Age table:
[21.118s][trace][gc,age         ] GC(836) - age   1:        192 bytes,        192 total
[21.118s][info ][gc,heap        ] GC(836) Eden regions: 253->0(253)
[21.118s][info ][gc,heap        ] GC(836) Survivor regions: 1->1(32)
[21.118s][info ][gc,heap        ] GC(836) Old regions: 11->11
[21.118s][info ][gc,heap        ] GC(836) Humongous regions: 0->0
[21.118s][info ][gc,metaspace   ] GC(836) Metaspace: 10122K(10368K)->10122K(10368K) NonClass: 9159K(9344K)->9159K(9344K) Class: 963K(1024K)->963K(1024K)
[21.118s][info ][gc             ] GC(836) Pause Young (Normal) (G1 Evacuation Pause) 256M->4M(424M) 0.587ms
[21.118s][info ][gc,cpu         ] GC(836) User=0.01s Sys=0.01s Real=0.00s
[21.131s][info ][gc,start       ] GC(837) Pause Young (Normal) (G1 Evacuation Pause)
[21.131s][info ][gc,task        ] GC(837) Using 9 workers of 9 for evacuation
[21.131s][debug][gc,age         ] GC(837) Desired survivor size 16777216 bytes, new threshold 15 (max threshold 15)
[21.131s][info ][gc,phases      ] GC(837)   Pre Evacuate Collection Set: 0.08ms
[21.131s][info ][gc,phases      ] GC(837)   Merge Heap Roots: 0.10ms
[21.131s][info ][gc,phases      ] GC(837)   Evacuate Collection Set: 0.10ms
[21.131s][info ][gc,phases      ] GC(837)   Post Evacuate Collection Set: 0.15ms
[21.131s][info ][gc,phases      ] GC(837)   Other: 0.04ms
[21.131s][trace][gc,age         ] GC(837) Age table:
[21.131s][trace][gc,age         ] GC(837) - age   1:        192 bytes,        192 total
[21.131s][info ][gc,heap        ] GC(837) Eden regions: 253->0(253)
[21.131s][info ][gc,heap        ] GC(837) Survivor regions: 1->1(32)
[21.131s][info ][gc,heap        ] GC(837) Old regions: 11->11
[21.131s][info ][gc,heap        ] GC(837) Humongous regions: 0->0
[21.131s][info ][gc,metaspace   ] GC(837) Metaspace: 10122K(10368K)->10122K(10368K) NonClass: 9159K(9344K)->9159K(9344K) Class: 963K(1024K)->963K(1024K)
[21.131s][info ][gc             ] GC(837) Pause Young (Normal) (G1 Evacuation Pause) 256M->4M(424M) 0.554ms
[21.131s][info ][gc,cpu         ] GC(837) User=0.00s Sys=0.00s Real=0.00s
[21.144s][info ][gc,start       ] GC(838) Pause Young (Normal) (G1 Evacuation Pause)
[21.144s][info ][gc,task        ] GC(838) Using 9 workers of 9 for evacuation
[21.144s][debug][gc,age         ] GC(838) Desired survivor size 16777216 bytes, new threshold 15 (max threshold 15)
[21.144s][info ][gc,phases      ] GC(838)   Pre Evacuate Collection Set: 0.10ms
[21.144s][info ][gc,phases      ] GC(838)   Merge Heap Roots: 0.05ms
[21.144s][info ][gc,phases      ] GC(838)   Evacuate Collection Set: 0.15ms
[21.144s][info ][gc,phases      ] GC(838)   Post Evacuate Collection Set: 0.20ms
[21.144s][info ][gc,phases      ] GC(838)   Other: 0.04ms
[21.144s][trace][gc,age         ] GC(838) Age table:
[21.144s][trace][gc,age         ] GC(838) - age   1:        192 bytes,        192 total
[21.144s][info ][gc,heap        ] GC(838) Eden regions: 253->0(253)
[21.144s][info ][gc,heap        ] GC(838) Survivor regions: 1->1(32)
[21.144s][info ][gc,heap        ] GC(838) Old regions: 11->11
[21.144s][info ][gc,heap        ] GC(838) Humongous regions: 0->0
[21.144s][info ][gc,metaspace   ] GC(838) Metaspace: 10122K(10368K)->10122K(10368K) NonClass: 9159K(9344K)->9159K(9344K) Class: 963K(1024K)->963K(1024K)
[21.144s][info ][gc             ] GC(838) Pause Young (Normal) (G1 Evacuation Pause) 256M->4M(424M) 0.635ms
[21.144s][info ][gc,cpu         ] GC(838) User=0.00s Sys=0.00s Real=0.00s
[21.157s][info ][gc,start       ] GC(839) Pause Young (Normal) (G1 Evacuation Pause)
[21.157s][info ][gc,task        ] GC(839) Using 9 workers of 9 for evacuation
[21.157s][debug][gc,age         ] GC(839) Desired survivor size 16777216 bytes, new threshold 15 (max threshold 15)
[21.157s][info ][gc,phases      ] GC(839)   Pre Evacuate Collection Set: 0.07ms
[21.157s][info ][gc,phases      ] GC(839)   Merge Heap Roots: 0.06ms
[21.157s][info ][gc,phases      ] GC(839)   Evacuate Collection Set: 0.12ms
[21.157s][info ][gc,phases      ] GC(839)   Post Evacuate Collection Set: 0.18ms
[21.157s][info ][gc,phases      ] GC(839)   Other: 0.04ms
[21.157s][trace][gc,age         ] GC(839) Age table:
[21.157s][trace][gc,age         ] GC(839) - age   1:        192 bytes,        192 total
[21.157s][info ][gc,heap        ] GC(839) Eden regions: 253->0(253)
[21.157s][info ][gc,heap        ] GC(839) Survivor regions: 1->1(32)
[21.157s][info ][gc,heap        ] GC(839) Old regions: 11->11
[21.157s][info ][gc,heap        ] GC(839) Humongous regions: 0->0
[21.157s][info ][gc,metaspace   ] GC(839) Metaspace: 10122K(10368K)->10122K(10368K) NonClass: 9159K(9344K)->9159K(9344K) Class: 963K(1024K)->963K(1024K)
[21.157s][info ][gc             ] GC(839) Pause Young (Normal) (G1 Evacuation Pause) 256M->4M(424M) 0.565ms
[21.157s][info ][gc,cpu         ] GC(839) User=0.01s Sys=0.00s Real=0.00s
[21.170s][info ][gc,start       ] GC(840) Pause Young (Normal) (G1 Evacuation Pause)
[21.170s][info ][gc,task        ] GC(840) Using 9 workers of 9 for evacuation
[21.170s][debug][gc,age         ] GC(840) Desired survivor size 16777216 bytes, new threshold 15 (max threshold 15)
[21.170s][info ][gc,phases      ] GC(840)   Pre Evacuate Collection Set: 0.09ms
[21.170s][info ][gc,phases      ] GC(840)   Merge Heap Roots: 0.10ms
[21.170s][info ][gc,phases      ] GC(840)   Evacuate Collection Set: 0.10ms
[21.170s][info ][gc,phases      ] GC(840)   Post Evacuate Collection Set: 0.19ms
[21.170s][info ][gc,phases      ] GC(840)   Other: 0.04ms
[21.170s][trace][gc,age         ] GC(840) Age table:
[21.170s][trace][gc,age         ] GC(840) - age   1:        192 bytes,        192 total
[21.170s][info ][gc,heap        ] GC(840) Eden regions: 253->0(253)
[21.170s][info ][gc,heap        ] GC(840) Survivor regions: 1->1(32)
[21.170s][info ][gc,heap        ] GC(840) Old regions: 11->11
[21.170s][info ][gc,heap        ] GC(840) Humongous regions: 0->0
[21.170s][info ][gc,metaspace   ] GC(840) Metaspace: 10122K(10368K)->10122K(10368K) NonClass: 9159K(9344K)->9159K(9344K) Class: 963K(1024K)->963K(1024K)
[21.170s][info ][gc             ] GC(840) Pause Young (Normal) (G1 Evacuation Pause) 256M->4M(424M) 0.606ms
[21.170s][info ][gc,cpu         ] GC(840) User=0.00s Sys=0.00s Real=0.00s
[21.183s][info ][gc,start       ] GC(841) Pause Young (Normal) (G1 Evacuation Pause)
[21.183s][info ][gc,task        ] GC(841) Using 9 workers of 9 for evacuation
[21.183s][debug][gc,age         ] GC(841) Desired survivor size 16777216 bytes, new threshold 15 (max threshold 15)
[21.183s][info ][gc,phases      ] GC(841)   Pre Evacuate Collection Set: 0.06ms
[21.183s][info ][gc,phases      ] GC(841)   Merge Heap Roots: 0.10ms
[21.183s][info ][gc,phases      ] GC(841)   Evacuate Collection Set: 0.10ms
[21.183s][info ][gc,phases      ] GC(841)   Post Evacuate Collection Set: 0.18ms
[21.183s][info ][gc,phases      ] GC(841)   Other: 0.05ms
[21.183s][trace][gc,age         ] GC(841) Age table:
[21.183s][trace][gc,age         ] GC(841) - age   1:        192 bytes,        192 total
[21.183s][info ][gc,heap        ] GC(841) Eden regions: 253->0(253)
[21.183s][info ][gc,heap        ] GC(841) Survivor regions: 1->1(32)
[21.183s][info ][gc,heap        ] GC(841) Old regions: 11->11
[21.183s][info ][gc,heap        ] GC(841) Humongous regions: 0->0
[21.183s][info ][gc,metaspace   ] GC(841) Metaspace: 10122K(10368K)->10122K(10368K) NonClass: 9159K(9344K)->9159K(9344K) Class: 963K(1024K)->963K(1024K)
[21.183s][info ][gc             ] GC(841) Pause Young (Normal) (G1 Evacuation Pause) 256M->4M(424M) 0.581ms
[21.183s][info ][gc,cpu         ] GC(841) User=0.01s Sys=0.00s Real=0.00s
[21.196s][info ][gc,start       ] GC(842) Pause Young (Normal) (G1 Evacuation Pause)
[21.196s][info ][gc,task        ] GC(842) Using 9 workers of 9 for evacuation
[21.196s][debug][gc,age         ] GC(842) Desired survivor size 16777216 bytes, new threshold 15 (max threshold 15)
[21.196s][info ][gc,phases      ] GC(842)   Pre Evacuate Collection Set: 0.09ms
[21.196s][info ][gc,phases      ] GC(842)   Merge Heap Roots: 0.05ms
[21.196s][info ][gc,phases      ] GC(842)   Evacuate Collection Set: 0.13ms
[21.196s][info ][gc,phases      ] GC(842)   Post Evacuate Collection Set: 0.19ms
[21.196s][info ][gc,phases      ] GC(842)   Other: 0.04ms
[21.196s][trace][gc,age         ] GC(842) Age table:
[21.196s][trace][gc,age         ] GC(842) - age   1:        192 bytes,        192 total
[21.196s][info ][gc,heap        ] GC(842) Eden regions: 253->0(253)
[21.196s][info ][gc,heap        ] GC(842) Survivor regions: 1->1(32)
[21.196s][info ][gc,heap        ] GC(842) Old regions: 11->11
[21.196s][info ][gc,heap        ] GC(842) Humongous regions: 0->0
[21.196s][info ][gc,metaspace   ] GC(842) Metaspace: 10122K(10368K)->10122K(10368K) NonClass: 9159K(9344K)->9159K(9344K) Class: 963K(1024K)->963K(1024K)
[21.196s][info ][gc             ] GC(842) Pause Young (Normal) (G1 Evacuation Pause) 256M->4M(424M) 0.586ms
[21.196s][info ][gc,cpu         ] GC(842) User=0.00s Sys=0.00s Real=0.00s
[21.209s][info ][gc,start       ] GC(843) Pause Young (Normal) (G1 Evacuation Pause)
[21.209s][info ][gc,task        ] GC(843) Using 9 workers of 9 for evacuation
[21.209s][debug][gc,age         ] GC(843) Desired survivor size 16777216 bytes, new threshold 15 (max threshold 15)
[21.209s][info ][gc,phases      ] GC(843)   Pre Evacuate Collection Set: 0.09ms
[21.209s][info ][gc,phases      ] GC(843)   Merge Heap Roots: 0.09ms
[21.209s][info ][gc,phases      ] GC(843)   Evacuate Collection Set: 0.11ms
[21.209s][info ][gc,phases      ] GC(843)   Post Evacuate Collection Set: 0.19ms
[21.209s][info ][gc,phases      ] GC(843)   Other: 0.04ms
[21.209s][trace][gc,age         ] GC(843) Age table:
[21.209s][trace][gc,age         ] GC(843) - age   1:        192 bytes,        192 total
[21.209s][info ][gc,heap        ] GC(843) Eden regions: 253->0(253)
[21.209s][info ][gc,heap        ] GC(843) Survivor regions: 1->1(32)
[21.209s][info ][gc,heap        ] GC(843) Old regions: 11->11
[21.209s][info ][gc,heap        ] GC(843) Humongous regions: 0->0
[21.209s][info ][gc,metaspace   ] GC(843) Metaspace: 10122K(10368K)->10122K(10368K) NonClass: 9159K(9344K)->9159K(9344K) Class: 963K(1024K)->963K(1024K)
[21.209s][info ][gc             ] GC(843) Pause Young (Normal) (G1 Evacuation Pause) 256M->4M(424M) 0.593ms
[21.209s][info ][gc,cpu         ] GC(843) User=0.00s Sys=0.00s Real=0.00s
[21.222s][info ][gc,start       ] GC(844) Pause Young (Normal) (G1 Evacuation Pause)
[21.222s][info ][gc,task        ] GC(844) Using 9 workers of 9 for evacuation
[21.222s][debug][gc,age         ] GC(844) Desired survivor size 16777216 bytes, new threshold 15 (max threshold 15)
[21.222s][info ][gc,phases      ] GC(844)   Pre Evacuate Collection Set: 0.10ms
[21.222s][info ][gc,phases      ] GC(844)   Merge Heap Roots: 0.08ms
[21.222s][info ][gc,phases      ] GC(844)   Evacuate Collection Set: 0.10ms
[21.222s][info ][gc,phases      ] GC(844)   Post Evacuate Collection Set: 0.17ms
[21.222s][info ][gc,phases      ] GC(844)   Other: 0.04ms
[21.222s][trace][gc,age         ] GC(844) Age table:
[21.222s][trace][gc,age         ] GC(844) - age   1:        192 bytes,        192 total
[21.223s][info ][gc,heap        ] GC(844) Eden regions: 253->0(253)
[21.223s][info ][gc,heap        ] GC(844) Survivor regions: 1->1(32)
[21.223s][info ][gc,heap        ] GC(844) Old regions: 11->11
[21.223s][info ][gc,heap        ] GC(844) Humongous regions: 0->0
[21.223s][info ][gc,metaspace   ] GC(844) Metaspace: 10122K(10368K)->10122K(10368K) NonClass: 9159K(9344K)->9159K(9344K) Class: 963K(1024K)->963K(1024K)
[21.223s][info ][gc             ] GC(844) Pause Young (Normal) (G1 Evacuation Pause) 256M->4M(424M) 0.591ms
[21.223s][info ][gc,cpu         ] GC(844) User=0.01s Sys=0.00s Real=0.00s
[21.235s][info ][gc,start       ] GC(845) Pause Young (Normal) (G1 Evacuation Pause)
[21.235s][info ][gc,task        ] GC(845) Using 9 workers of 9 for evacuation
[21.235s][debug][gc,age         ] GC(845) Desired survivor size 16777216 bytes, new threshold 15 (max threshold 15)
[21.236s][info ][gc,phases      ] GC(845)   Pre Evacuate Collection Set: 0.08ms
[21.236s][info ][gc,phases      ] GC(845)   Merge Heap Roots: 0.11ms
[21.236s][info ][gc,phases      ] GC(845)   Evacuate Collection Set: 0.14ms
[21.236s][info ][gc,phases      ] GC(845)   Post Evacuate Collection Set: 0.17ms
[21.236s][info ][gc,phases      ] GC(845)   Other: 0.05ms
[21.236s][trace][gc,age         ] GC(845) Age table:
[21.236s][trace][gc,age         ] GC(845) - age   1:        192 bytes,        192 total
[21.236s][info ][gc,heap        ] GC(845) Eden regions: 253->0(253)
[21.236s][info ][gc,heap        ] GC(845) Survivor regions: 1->1(32)
[21.236s][info ][gc,heap        ] GC(845) Old regions: 11->11
[21.236s][info ][gc,heap        ] GC(845) Humongous regions: 0->0
[21.236s][info ][gc,metaspace   ] GC(845) Metaspace: 10122K(10368K)->10122K(10368K) NonClass: 9159K(9344K)->9159K(9344K) Class: 963K(1024K)->963K(1024K)
[21.236s][info ][gc             ] GC(845) Pause Young (Normal) (G1 Evacuation Pause) 256M->4M(424M) 0.638ms
[21.236s][info ][gc,cpu         ] GC(845) User=0.00s Sys=0.00s Real=0.01s
[21.248s][info ][gc,start       ] GC(846) Pause Young (Normal) (G1 Evacuation Pause)
[21.248s][info ][gc,task        ] GC(846) Using 9 workers of 9 for evacuation
[21.248s][debug][gc,age         ] GC(846) Desired survivor size 16777216 bytes, new threshold 15 (max threshold 15)
[21.249s][info ][gc,phases      ] GC(846)   Pre Evacuate Collection Set: 0.09ms
[21.249s][info ][gc,phases      ] GC(846)   Merge Heap Roots: 0.11ms
[21.249s][info ][gc,phases      ] GC(846)   Evacuate Collection Set: 0.10ms
[21.249s][info ][gc,phases      ] GC(846)   Post Evacuate Collection Set: 0.16ms
[21.249s][info ][gc,phases      ] GC(846)   Other: 0.04ms
[21.249s][trace][gc,age         ] GC(846) Age table:
[21.249s][trace][gc,age         ] GC(846) - age   1:        192 bytes,        192 total
[21.249s][info ][gc,heap        ] GC(846) Eden regions: 253->0(253)
[21.249s][info ][gc,heap        ] GC(846) Survivor regions: 1->1(32)
[21.249s][info ][gc,heap        ] GC(846) Old regions: 11->11
[21.249s][info ][gc,heap        ] GC(846) Humongous regions: 0->0
[21.249s][info ][gc,metaspace   ] GC(846) Metaspace: 10122K(10368K)->10122K(10368K) NonClass: 9159K(9344K)->9159K(9344K) Class: 963K(1024K)->963K(1024K)
[21.249s][info ][gc             ] GC(846) Pause Young (Normal) (G1 Evacuation Pause) 256M->4M(424M) 0.595ms
[21.249s][info ][gc,cpu         ] GC(846) User=0.01s Sys=0.00s Real=0.00s
[21.261s][info ][gc,start       ] GC(847) Pause Young (Normal) (G1 Evacuation Pause)
[21.261s][info ][gc,task        ] GC(847) Using 9 workers of 9 for evacuation
[21.261s][debug][gc,age         ] GC(847) Desired survivor size 16777216 bytes, new threshold 15 (max threshold 15)
[21.262s][info ][gc,phases      ] GC(847)   Pre Evacuate Collection Set: 0.07ms
[21.262s][info ][gc,phases      ] GC(847)   Merge Heap Roots: 0.07ms
[21.262s][info ][gc,phases      ] GC(847)   Evacuate Collection Set: 0.10ms
[21.262s][info ][gc,phases      ] GC(847)   Post Evacuate Collection Set: 0.17ms
[21.262s][info ][gc,phases      ] GC(847)   Other: 0.06ms
[21.262s][trace][gc,age         ] GC(847) Age table:
[21.262s][trace][gc,age         ] GC(847) - age   1:        192 bytes,        192 total
[21.262s][info ][gc,heap        ] GC(847) Eden regions: 253->0(253)
[21.262s][info ][gc,heap        ] GC(847) Survivor regions: 1->1(32)
[21.262s][info ][gc,heap        ] GC(847) Old regions: 11->11
[21.262s][info ][gc,heap        ] GC(847) Humongous regions: 0->0
[21.262s][info ][gc,metaspace   ] GC(847) Metaspace: 10122K(10368K)->10122K(10368K) NonClass: 9159K(9344K)->9159K(9344K) Class: 963K(1024K)->963K(1024K)
[21.262s][info ][gc             ] GC(847) Pause Young (Normal) (G1 Evacuation Pause) 256M->4M(424M) 0.560ms
[21.262s][info ][gc,cpu         ] GC(847) User=0.00s Sys=0.00s Real=0.00s
[21.274s][info ][gc,start       ] GC(848) Pause Young (Normal) (G1 Evacuation Pause)
[21.274s][info ][gc,task        ] GC(848) Using 9 workers of 9 for evacuation
[21.274s][debug][gc,age         ] GC(848) Desired survivor size 16777216 bytes, new threshold 15 (max threshold 15)
[21.275s][info ][gc,phases      ] GC(848)   Pre Evacuate Collection Set: 0.08ms
[21.275s][info ][gc,phases      ] GC(848)   Merge Heap Roots: 0.08ms
[21.275s][info ][gc,phases      ] GC(848)   Evacuate Collection Set: 0.11ms
[21.275s][info ][gc,phases      ] GC(848)   Post Evacuate Collection Set: 0.18ms
[21.275s][info ][gc,phases      ] GC(848)   Other: 0.05ms
[21.275s][trace][gc,age         ] GC(848) Age table:
[21.275s][trace][gc,age         ] GC(848) - age   1:        192 bytes,        192 total
[21.275s][info ][gc,heap        ] GC(848) Eden regions: 253->0(253)
[21.275s][info ][gc,heap        ] GC(848) Survivor regions: 1->1(32)
[21.275s][info ][gc,heap        ] GC(848) Old regions: 11->11
[21.275s][info ][gc,heap        ] GC(848) Humongous regions: 0->0
[21.275s][info ][gc,metaspace   ] GC(848) Metaspace: 10122K(10368K)->10122K(10368K) NonClass: 9159K(9344K)->9159K(9344K) Class: 963K(1024K)->963K(1024K)
[21.275s][info ][gc             ] GC(848) Pause Young (Normal) (G1 Evacuation Pause) 256M->4M(424M) 0.587ms
[21.275s][info ][gc,cpu         ] GC(848) User=0.00s Sys=0.00s Real=0.00s
[21.287s][info ][gc,start       ] GC(849) Pause Young (Normal) (G1 Evacuation Pause)
[21.287s][info ][gc,task        ] GC(849) Using 9 workers of 9 for evacuation
[21.287s][debug][gc,age         ] GC(849) Desired survivor size 16777216 bytes, new threshold 15 (max threshold 15)
[21.288s][info ][gc,phases      ] GC(849)   Pre Evacuate Collection Set: 0.10ms
[21.288s][info ][gc,phases      ] GC(849)   Merge Heap Roots: 0.05ms
[21.288s][info ][gc,phases      ] GC(849)   Evacuate Collection Set: 0.15ms
[21.288s][info ][gc,phases      ] GC(849)   Post Evacuate Collection Set: 0.17ms
[21.288s][info ][gc,phases      ] GC(849)   Other: 0.05ms
[21.288s][trace][gc,age         ] GC(849) Age table:
[21.288s][trace][gc,age         ] GC(849) - age   1:        192 bytes,        192 total
[21.288s][info ][gc,heap        ] GC(849) Eden regions: 253->0(253)
[21.288s][info ][gc,heap        ] GC(849) Survivor regions: 1->1(32)
[21.288s][info ][gc,heap        ] GC(849) Old regions: 11->11
[21.288s][info ][gc,heap        ] GC(849) Humongous regions: 0->0
[21.288s][info ][gc,metaspace   ] GC(849) Metaspace: 10122K(10368K)->10122K(10368K) NonClass: 9159K(9344K)->9159K(9344K) Class: 963K(1024K)->963K(1024K)
[21.288s][info ][gc             ] GC(849) Pause Young (Normal) (G1 Evacuation Pause) 256M->4M(424M) 0.611ms
[21.288s][info ][gc,cpu         ] GC(849) User=0.01s Sys=0.00s Real=0.00s
[21.300s][info ][gc,start       ] GC(850) Pause Young (Normal) (G1 Evacuation Pause)
[21.300s][info ][gc,task        ] GC(850) Using 9 workers of 9 for evacuation
[21.300s][debug][gc,age         ] GC(850) Desired survivor size 16777216 bytes, new threshold 15 (max threshold 15)
[21.301s][info ][gc,phases      ] GC(850)   Pre Evacuate Collection Set: 0.07ms
[21.301s][info ][gc,phases      ] GC(850)   Merge Heap Roots: 0.10ms
[21.301s][info ][gc,phases      ] GC(850)   Evacuate Collection Set: 0.11ms
[21.301s][info ][gc,phases      ] GC(850)   Post Evacuate Collection Set: 0.17ms
[21.301s][info ][gc,phases      ] GC(850)   Other: 0.04ms
[21.301s][trace][gc,age         ] GC(850) Age table:
[21.301s][trace][gc,age         ] GC(850) - age   1:        192 bytes,        192 total
[21.301s][info ][gc,heap        ] GC(850) Eden regions: 253->0(253)
[21.301s][info ][gc,heap        ] GC(850) Survivor regions: 1->1(32)
[21.301s][info ][gc,heap        ] GC(850) Old regions: 11->11
[21.301s][info ][gc,heap        ] GC(850) Humongous regions: 0->0
[21.301s][info ][gc,metaspace   ] GC(850) Metaspace: 10122K(10368K)->10122K(10368K) NonClass: 9159K(9344K)->9159K(9344K) Class: 963K(1024K)->963K(1024K)
[21.301s][info ][gc             ] GC(850) Pause Young (Normal) (G1 Evacuation Pause) 256M->4M(424M) 0.575ms
[21.301s][info ][gc,cpu         ] GC(850) User=0.00s Sys=0.00s Real=0.00s
[21.313s][info ][gc,start       ] GC(851) Pause Young (Normal) (G1 Evacuation Pause)
[21.314s][info ][gc,task        ] GC(851) Using 9 workers of 9 for evacuation
[21.314s][debug][gc,age         ] GC(851) Desired survivor size 16777216 bytes, new threshold 15 (max threshold 15)
[21.314s][info ][gc,phases      ] GC(851)   Pre Evacuate Collection Set: 0.11ms
[21.314s][info ][gc,phases      ] GC(851)   Merge Heap Roots: 0.05ms
[21.314s][info ][gc,phases      ] GC(851)   Evacuate Collection Set: 0.14ms
[21.314s][info ][gc,phases      ] GC(851)   Post Evacuate Collection Set: 0.18ms
[21.314s][info ][gc,phases      ] GC(851)   Other: 0.05ms
[21.314s][trace][gc,age         ] GC(851) Age table:
[21.314s][trace][gc,age         ] GC(851) - age   1:        192 bytes,        192 total
[21.314s][info ][gc,heap        ] GC(851) Eden regions: 253->0(253)
[21.314s][info ][gc,heap        ] GC(851) Survivor regions: 1->1(32)
[21.314s][info ][gc,heap        ] GC(851) Old regions: 11->11
[21.314s][info ][gc,heap        ] GC(851) Humongous regions: 0->0
[21.314s][info ][gc,metaspace   ] GC(851) Metaspace: 10122K(10368K)->10122K(10368K) NonClass: 9159K(9344K)->9159K(9344K) Class: 963K(1024K)->963K(1024K)
[21.314s][info ][gc             ] GC(851) Pause Young (Normal) (G1 Evacuation Pause) 256M->4M(424M) 0.624ms
[21.314s][info ][gc,cpu         ] GC(851) User=0.01s Sys=0.00s Real=0.00s
[21.327s][info ][gc,start       ] GC(852) Pause Young (Normal) (G1 Evacuation Pause)
[21.327s][info ][gc,task        ] GC(852) Using 9 workers of 9 for evacuation
[21.327s][debug][gc,age         ] GC(852) Desired survivor size 16777216 bytes, new threshold 15 (max threshold 15)
[21.327s][info ][gc,phases      ] GC(852)   Pre Evacuate Collection Set: 0.12ms
[21.327s][info ][gc,phases      ] GC(852)   Merge Heap Roots: 0.08ms
[21.327s][info ][gc,phases      ] GC(852)   Evacuate Collection Set: 0.12ms
[21.327s][info ][gc,phases      ] GC(852)   Post Evacuate Collection Set: 0.22ms
[21.327s][info ][gc,phases      ] GC(852)   Other: 0.05ms
[21.327s][trace][gc,age         ] GC(852) Age table:
[21.327s][trace][gc,age         ] GC(852) - age   1:        192 bytes,        192 total
[21.327s][info ][gc,heap        ] GC(852) Eden regions: 253->0(253)
[21.327s][info ][gc,heap        ] GC(852) Survivor regions: 1->1(32)
[21.327s][info ][gc,heap        ] GC(852) Old regions: 11->11
[21.327s][info ][gc,heap        ] GC(852) Humongous regions: 0->0
[21.327s][info ][gc,metaspace   ] GC(852) Metaspace: 10122K(10368K)->10122K(10368K) NonClass: 9159K(9344K)->9159K(9344K) Class: 963K(1024K)->963K(1024K)
[21.327s][info ][gc             ] GC(852) Pause Young (Normal) (G1 Evacuation Pause) 256M->4M(424M) 0.681ms
[21.327s][info ][gc,cpu         ] GC(852) User=0.01s Sys=0.00s Real=0.00s
[21.340s][info ][gc,start       ] GC(853) Pause Young (Normal) (G1 Evacuation Pause)
[21.340s][info ][gc,task        ] GC(853) Using 9 workers of 9 for evacuation
[21.340s][debug][gc,age         ] GC(853) Desired survivor size 16777216 bytes, new threshold 15 (max threshold 15)
[21.340s][info ][gc,phases      ] GC(853)   Pre Evacuate Collection Set: 0.09ms
[21.340s][info ][gc,phases      ] GC(853)   Merge Heap Roots: 0.08ms
[21.340s][info ][gc,phases      ] GC(853)   Evacuate Collection Set: 0.09ms
[21.340s][info ][gc,phases      ] GC(853)   Post Evacuate Collection Set: 0.17ms
[21.340s][info ][gc,phases      ] GC(853)   Other: 0.04ms
[21.340s][trace][gc,age         ] GC(853) Age table:
[21.340s][trace][gc,age         ] GC(853) - age   1:        192 bytes,        192 total
[21.340s][info ][gc,heap        ] GC(853) Eden regions: 253->0(253)
[21.340s][info ][gc,heap        ] GC(853) Survivor regions: 1->1(32)
[21.340s][info ][gc,heap        ] GC(853) Old regions: 11->11
[21.340s][info ][gc,heap        ] GC(853) Humongous regions: 0->0
[21.340s][info ][gc,metaspace   ] GC(853) Metaspace: 10122K(10368K)->10122K(10368K) NonClass: 9159K(9344K)->9159K(9344K) Class: 963K(1024K)->963K(1024K)
[21.340s][info ][gc             ] GC(853) Pause Young (Normal) (G1 Evacuation Pause) 256M->4M(424M) 0.557ms
[21.340s][info ][gc,cpu         ] GC(853) User=0.00s Sys=0.00s Real=0.00s
[21.353s][info ][gc,start       ] GC(854) Pause Young (Normal) (G1 Evacuation Pause)
[21.353s][info ][gc,task        ] GC(854) Using 9 workers of 9 for evacuation
[21.353s][debug][gc,age         ] GC(854) Desired survivor size 16777216 bytes, new threshold 15 (max threshold 15)
[21.353s][info ][gc,phases      ] GC(854)   Pre Evacuate Collection Set: 0.09ms
[21.353s][info ][gc,phases      ] GC(854)   Merge Heap Roots: 0.05ms
[21.353s][info ][gc,phases      ] GC(854)   Evacuate Collection Set: 0.09ms
[21.353s][info ][gc,phases      ] GC(854)   Post Evacuate Collection Set: 0.18ms
[21.353s][info ][gc,phases      ] GC(854)   Other: 0.04ms
[21.353s][trace][gc,age         ] GC(854) Age table:
[21.353s][trace][gc,age         ] GC(854) - age   1:        192 bytes,        192 total
[21.353s][info ][gc,heap        ] GC(854) Eden regions: 253->0(253)
[21.353s][info ][gc,heap        ] GC(854) Survivor regions: 1->1(32)
[21.353s][info ][gc,heap        ] GC(854) Old regions: 11->11
[21.353s][info ][gc,heap        ] GC(854) Humongous regions: 0->0
[21.353s][info ][gc,metaspace   ] GC(854) Metaspace: 10122K(10368K)->10122K(10368K) NonClass: 9159K(9344K)->9159K(9344K) Class: 963K(1024K)->963K(1024K)
[21.353s][info ][gc             ] GC(854) Pause Young (Normal) (G1 Evacuation Pause) 256M->4M(424M) 0.560ms
[21.353s][info ][gc,cpu         ] GC(854) User=0.01s Sys=0.00s Real=0.00s
[21.366s][info ][gc,start       ] GC(855) Pause Young (Normal) (G1 Evacuation Pause)
[21.366s][info ][gc,task        ] GC(855) Using 9 workers of 9 for evacuation
[21.366s][debug][gc,age         ] GC(855) Desired survivor size 16777216 bytes, new threshold 15 (max threshold 15)
[21.366s][info ][gc,phases      ] GC(855)   Pre Evacuate Collection Set: 0.07ms
[21.366s][info ][gc,phases      ] GC(855)   Merge Heap Roots: 0.11ms
[21.366s][info ][gc,phases      ] GC(855)   Evacuate Collection Set: 0.12ms
[21.366s][info ][gc,phases      ] GC(855)   Post Evacuate Collection Set: 0.17ms
[21.366s][info ][gc,phases      ] GC(855)   Other: 0.04ms
[21.366s][trace][gc,age         ] GC(855) Age table:
[21.366s][trace][gc,age         ] GC(855) - age   1:        192 bytes,        192 total
[21.366s][info ][gc,heap        ] GC(855) Eden regions: 253->0(253)
[21.366s][info ][gc,heap        ] GC(855) Survivor regions: 1->1(32)
[21.366s][info ][gc,heap        ] GC(855) Old regions: 11->11
[21.366s][info ][gc,heap        ] GC(855) Humongous regions: 0->0
[21.366s][info ][gc,metaspace   ] GC(855) Metaspace: 10122K(10368K)->10122K(10368K) NonClass: 9159K(9344K)->9159K(9344K) Class: 963K(1024K)->963K(1024K)
[21.366s][info ][gc             ] GC(855) Pause Young (Normal) (G1 Evacuation Pause) 256M->4M(424M) 0.600ms
[21.366s][info ][gc,cpu         ] GC(855) User=0.00s Sys=0.00s Real=0.00s
[21.379s][info ][gc,start       ] GC(856) Pause Young (Normal) (G1 Evacuation Pause)
[21.379s][info ][gc,task        ] GC(856) Using 9 workers of 9 for evacuation
[21.379s][debug][gc,age         ] GC(856) Desired survivor size 16777216 bytes, new threshold 15 (max threshold 15)
[21.379s][info ][gc,phases      ] GC(856)   Pre Evacuate Collection Set: 0.11ms
[21.379s][info ][gc,phases      ] GC(856)   Merge Heap Roots: 0.08ms
[21.379s][info ][gc,phases      ] GC(856)   Evacuate Collection Set: 0.11ms
[21.379s][info ][gc,phases      ] GC(856)   Post Evacuate Collection Set: 0.18ms
[21.379s][info ][gc,phases      ] GC(856)   Other: 0.04ms
[21.379s][trace][gc,age         ] GC(856) Age table:
[21.379s][trace][gc,age         ] GC(856) - age   1:        192 bytes,        192 total
[21.379s][info ][gc,heap        ] GC(856) Eden regions: 253->0(253)
[21.379s][info ][gc,heap        ] GC(856) Survivor regions: 1->1(32)
[21.379s][info ][gc,heap        ] GC(856) Old regions: 11->11
[21.379s][info ][gc,heap        ] GC(856) Humongous regions: 0->0
[21.379s][info ][gc,metaspace   ] GC(856) Metaspace: 10122K(10368K)->10122K(10368K) NonClass: 9159K(9344K)->9159K(9344K) Class: 963K(1024K)->963K(1024K)
[21.379s][info ][gc             ] GC(856) Pause Young (Normal) (G1 Evacuation Pause) 256M->4M(424M) 0.605ms
[21.379s][info ][gc,cpu         ] GC(856) User=0.00s Sys=0.00s Real=0.00s
[21.392s][info ][gc,start       ] GC(857) Pause Young (Normal) (G1 Evacuation Pause)
[21.392s][info ][gc,task        ] GC(857) Using 9 workers of 9 for evacuation
[21.392s][debug][gc,age         ] GC(857) Desired survivor size 16777216 bytes, new threshold 15 (max threshold 15)
[21.392s][info ][gc,phases      ] GC(857)   Pre Evacuate Collection Set: 0.10ms
[21.392s][info ][gc,phases      ] GC(857)   Merge Heap Roots: 0.08ms
[21.392s][info ][gc,phases      ] GC(857)   Evacuate Collection Set: 0.07ms
[21.392s][info ][gc,phases      ] GC(857)   Post Evacuate Collection Set: 0.18ms
[21.392s][info ][gc,phases      ] GC(857)   Other: 0.04ms
[21.392s][trace][gc,age         ] GC(857) Age table:
[21.392s][trace][gc,age         ] GC(857) - age   1:        192 bytes,        192 total
[21.392s][info ][gc,heap        ] GC(857) Eden regions: 253->0(253)
[21.392s][info ][gc,heap        ] GC(857) Survivor regions: 1->1(32)
[21.392s][info ][gc,heap        ] GC(857) Old regions: 11->11
[21.392s][info ][gc,heap        ] GC(857) Humongous regions: 0->0
[21.392s][info ][gc,metaspace   ] GC(857) Metaspace: 10122K(10368K)->10122K(10368K) NonClass: 9159K(9344K)->9159K(9344K) Class: 963K(1024K)->963K(1024K)
[21.392s][info ][gc             ] GC(857) Pause Young (Normal) (G1 Evacuation Pause) 256M->4M(424M) 0.581ms
[21.392s][info ][gc,cpu         ] GC(857) User=0.01s Sys=0.00s Real=0.00s
[21.405s][info ][gc,start       ] GC(858) Pause Young (Normal) (G1 Evacuation Pause)
[21.405s][info ][gc,task        ] GC(858) Using 9 workers of 9 for evacuation
[21.405s][debug][gc,age         ] GC(858) Desired survivor size 16777216 bytes, new threshold 15 (max threshold 15)
[21.405s][info ][gc,phases      ] GC(858)   Pre Evacuate Collection Set: 0.09ms
[21.405s][info ][gc,phases      ] GC(858)   Merge Heap Roots: 0.06ms
[21.405s][info ][gc,phases      ] GC(858)   Evacuate Collection Set: 0.12ms
[21.405s][info ][gc,phases      ] GC(858)   Post Evacuate Collection Set: 0.15ms
[21.405s][info ][gc,phases      ] GC(858)   Other: 0.04ms
[21.405s][trace][gc,age         ] GC(858) Age table:
[21.405s][trace][gc,age         ] GC(858) - age   1:        192 bytes,        192 total
[21.405s][info ][gc,heap        ] GC(858) Eden regions: 253->0(253)
[21.405s][info ][gc,heap        ] GC(858) Survivor regions: 1->1(32)
[21.405s][info ][gc,heap        ] GC(858) Old regions: 11->11
[21.405s][info ][gc,heap        ] GC(858) Humongous regions: 0->0
[21.405s][info ][gc,metaspace   ] GC(858) Metaspace: 10122K(10368K)->10122K(10368K) NonClass: 9159K(9344K)->9159K(9344K) Class: 963K(1024K)->963K(1024K)
[21.405s][info ][gc             ] GC(858) Pause Young (Normal) (G1 Evacuation Pause) 256M->4M(424M) 0.540ms
[21.405s][info ][gc,cpu         ] GC(858) User=0.00s Sys=0.00s Real=0.01s
[21.418s][info ][gc,start       ] GC(859) Pause Young (Normal) (G1 Evacuation Pause)
[21.418s][info ][gc,task        ] GC(859) Using 9 workers of 9 for evacuation
[21.418s][debug][gc,age         ] GC(859) Desired survivor size 16777216 bytes, new threshold 15 (max threshold 15)
[21.418s][info ][gc,phases      ] GC(859)   Pre Evacuate Collection Set: 0.08ms
[21.418s][info ][gc,phases      ] GC(859)   Merge Heap Roots: 0.06ms
[21.418s][info ][gc,phases      ] GC(859)   Evacuate Collection Set: 0.13ms
[21.418s][info ][gc,phases      ] GC(859)   Post Evacuate Collection Set: 0.16ms
[21.418s][info ][gc,phases      ] GC(859)   Other: 0.04ms
[21.418s][trace][gc,age         ] GC(859) Age table:
[21.418s][trace][gc,age         ] GC(859) - age   1:        192 bytes,        192 total
[21.418s][info ][gc,heap        ] GC(859) Eden regions: 253->0(253)
[21.418s][info ][gc,heap        ] GC(859) Survivor regions: 1->1(32)
[21.418s][info ][gc,heap        ] GC(859) Old regions: 11->11
[21.418s][info ][gc,heap        ] GC(859) Humongous regions: 0->0
[21.418s][info ][gc,metaspace   ] GC(859) Metaspace: 10122K(10368K)->10122K(10368K) NonClass: 9159K(9344K)->9159K(9344K) Class: 963K(1024K)->963K(1024K)
[21.418s][info ][gc             ] GC(859) Pause Young (Normal) (G1 Evacuation Pause) 256M->4M(424M) 0.549ms
[21.418s][info ][gc,cpu         ] GC(859) User=0.01s Sys=0.00s Real=0.00s
[21.431s][info ][gc,start       ] GC(860) Pause Young (Normal) (G1 Evacuation Pause)
[21.431s][info ][gc,task        ] GC(860) Using 9 workers of 9 for evacuation
[21.431s][debug][gc,age         ] GC(860) Desired survivor size 16777216 bytes, new threshold 15 (max threshold 15)
[21.431s][info ][gc,phases      ] GC(860)   Pre Evacuate Collection Set: 0.12ms
[21.431s][info ][gc,phases      ] GC(860)   Merge Heap Roots: 0.07ms
[21.431s][info ][gc,phases      ] GC(860)   Evacuate Collection Set: 0.12ms
[21.431s][info ][gc,phases      ] GC(860)   Post Evacuate Collection Set: 0.19ms
[21.431s][info ][gc,phases      ] GC(860)   Other: 0.04ms
[21.431s][trace][gc,age         ] GC(860) Age table:
[21.431s][trace][gc,age         ] GC(860) - age   1:        192 bytes,        192 total
[21.431s][info ][gc,heap        ] GC(860) Eden regions: 253->0(253)
[21.431s][info ][gc,heap        ] GC(860) Survivor regions: 1->1(32)
[21.431s][info ][gc,heap        ] GC(860) Old regions: 11->11
[21.431s][info ][gc,heap        ] GC(860) Humongous regions: 0->0
[21.431s][info ][gc,metaspace   ] GC(860) Metaspace: 10122K(10368K)->10122K(10368K) NonClass: 9159K(9344K)->9159K(9344K) Class: 963K(1024K)->963K(1024K)
[21.431s][info ][gc             ] GC(860) Pause Young (Normal) (G1 Evacuation Pause) 256M->4M(424M) 0.636ms
[21.431s][info ][gc,cpu         ] GC(860) User=0.00s Sys=0.00s Real=0.00s
[21.444s][info ][gc,start       ] GC(861) Pause Young (Normal) (G1 Evacuation Pause)
[21.444s][info ][gc,task        ] GC(861) Using 9 workers of 9 for evacuation
[21.444s][debug][gc,age         ] GC(861) Desired survivor size 16777216 bytes, new threshold 15 (max threshold 15)
[21.444s][info ][gc,phases      ] GC(861)   Pre Evacuate Collection Set: 0.08ms
[21.444s][info ][gc,phases      ] GC(861)   Merge Heap Roots: 0.10ms
[21.444s][info ][gc,phases      ] GC(861)   Evacuate Collection Set: 0.11ms
[21.444s][info ][gc,phases      ] GC(861)   Post Evacuate Collection Set: 0.19ms
[21.444s][info ][gc,phases      ] GC(861)   Other: 0.05ms
[21.444s][trace][gc,age         ] GC(861) Age table:
[21.444s][trace][gc,age         ] GC(861) - age   1:        192 bytes,        192 total
[21.444s][info ][gc,heap        ] GC(861) Eden regions: 253->0(253)
[21.444s][info ][gc,heap        ] GC(861) Survivor regions: 1->1(32)
[21.444s][info ][gc,heap        ] GC(861) Old regions: 11->11
[21.444s][info ][gc,heap        ] GC(861) Humongous regions: 0->0
[21.444s][info ][gc,metaspace   ] GC(861) Metaspace: 10122K(10368K)->10122K(10368K) NonClass: 9159K(9344K)->9159K(9344K) Class: 963K(1024K)->963K(1024K)
[21.444s][info ][gc             ] GC(861) Pause Young (Normal) (G1 Evacuation Pause) 256M->4M(424M) 0.620ms
[21.444s][info ][gc,cpu         ] GC(861) User=0.00s Sys=0.00s Real=0.00s
[21.457s][info ][gc,start       ] GC(862) Pause Young (Normal) (G1 Evacuation Pause)
[21.457s][info ][gc,task        ] GC(862) Using 9 workers of 9 for evacuation
[21.457s][debug][gc,age         ] GC(862) Desired survivor size 16777216 bytes, new threshold 15 (max threshold 15)
[21.457s][info ][gc,phases      ] GC(862)   Pre Evacuate Collection Set: 0.07ms
[21.457s][info ][gc,phases      ] GC(862)   Merge Heap Roots: 0.10ms
[21.457s][info ][gc,phases      ] GC(862)   Evacuate Collection Set: 0.10ms
[21.457s][info ][gc,phases      ] GC(862)   Post Evacuate Collection Set: 0.18ms
[21.457s][info ][gc,phases      ] GC(862)   Other: 0.04ms
[21.457s][trace][gc,age         ] GC(862) Age table:
[21.457s][trace][gc,age         ] GC(862) - age   1:        192 bytes,        192 total
[21.457s][info ][gc,heap        ] GC(862) Eden regions: 253->0(253)
[21.457s][info ][gc,heap        ] GC(862) Survivor regions: 1->1(32)
[21.457s][info ][gc,heap        ] GC(862) Old regions: 11->11
[21.457s][info ][gc,heap        ] GC(862) Humongous regions: 0->0
[21.457s][info ][gc,metaspace   ] GC(862) Metaspace: 10122K(10368K)->10122K(10368K) NonClass: 9159K(9344K)->9159K(9344K) Class: 963K(1024K)->963K(1024K)
[21.457s][info ][gc             ] GC(862) Pause Young (Normal) (G1 Evacuation Pause) 256M->4M(424M) 0.573ms
[21.457s][info ][gc,cpu         ] GC(862) User=0.01s Sys=0.00s Real=0.00s
[21.470s][info ][gc,start       ] GC(863) Pause Young (Normal) (G1 Evacuation Pause)
[21.470s][info ][gc,task        ] GC(863) Using 9 workers of 9 for evacuation
[21.470s][debug][gc,age         ] GC(863) Desired survivor size 16777216 bytes, new threshold 15 (max threshold 15)
[21.470s][info ][gc,phases      ] GC(863)   Pre Evacuate Collection Set: 0.07ms
[21.470s][info ][gc,phases      ] GC(863)   Merge Heap Roots: 0.09ms
[21.470s][info ][gc,phases      ] GC(863)   Evacuate Collection Set: 0.15ms
[21.470s][info ][gc,phases      ] GC(863)   Post Evacuate Collection Set: 0.19ms
[21.470s][info ][gc,phases      ] GC(863)   Other: 0.06ms
[21.470s][trace][gc,age         ] GC(863) Age table:
[21.470s][trace][gc,age         ] GC(863) - age   1:        192 bytes,        192 total
[21.471s][info ][gc,heap        ] GC(863) Eden regions: 253->0(253)
[21.471s][info ][gc,heap        ] GC(863) Survivor regions: 1->1(32)
[21.471s][info ][gc,heap        ] GC(863) Old regions: 11->11
[21.471s][info ][gc,heap        ] GC(863) Humongous regions: 0->0
[21.471s][info ][gc,metaspace   ] GC(863) Metaspace: 10122K(10368K)->10122K(10368K) NonClass: 9159K(9344K)->9159K(9344K) Class: 963K(1024K)->963K(1024K)
[21.471s][info ][gc             ] GC(863) Pause Young (Normal) (G1 Evacuation Pause) 256M->4M(424M) 0.652ms
[21.471s][info ][gc,cpu         ] GC(863) User=0.00s Sys=0.00s Real=0.00s
[21.483s][info ][gc,start       ] GC(864) Pause Young (Normal) (G1 Evacuation Pause)
[21.483s][info ][gc,task        ] GC(864) Using 9 workers of 9 for evacuation
[21.483s][debug][gc,age         ] GC(864) Desired survivor size 16777216 bytes, new threshold 15 (max threshold 15)
[21.484s][info ][gc,phases      ] GC(864)   Pre Evacuate Collection Set: 0.09ms
[21.484s][info ][gc,phases      ] GC(864)   Merge Heap Roots: 0.06ms
[21.484s][info ][gc,phases      ] GC(864)   Evacuate Collection Set: 0.12ms
[21.484s][info ][gc,phases      ] GC(864)   Post Evacuate Collection Set: 0.17ms
[21.484s][info ][gc,phases      ] GC(864)   Other: 0.06ms
[21.484s][trace][gc,age         ] GC(864) Age table:
[21.484s][trace][gc,age         ] GC(864) - age   1:        192 bytes,        192 total
[21.484s][info ][gc,heap        ] GC(864) Eden regions: 253->0(253)
[21.484s][info ][gc,heap        ] GC(864) Survivor regions: 1->1(32)
[21.484s][info ][gc,heap        ] GC(864) Old regions: 11->11
[21.484s][info ][gc,heap        ] GC(864) Humongous regions: 0->0
[21.484s][info ][gc,metaspace   ] GC(864) Metaspace: 10122K(10368K)->10122K(10368K) NonClass: 9159K(9344K)->9159K(9344K) Class: 963K(1024K)->963K(1024K)
[21.484s][info ][gc             ] GC(864) Pause Young (Normal) (G1 Evacuation Pause) 256M->4M(424M) 0.582ms
[21.484s][info ][gc,cpu         ] GC(864) User=0.01s Sys=0.01s Real=0.00s
[21.496s][info ][gc,start       ] GC(865) Pause Young (Normal) (G1 Evacuation Pause)
[21.496s][info ][gc,task        ] GC(865) Using 9 workers of 9 for evacuation
[21.496s][debug][gc,age         ] GC(865) Desired survivor size 16777216 bytes, new threshold 15 (max threshold 15)
[21.497s][info ][gc,phases      ] GC(865)   Pre Evacuate Collection Set: 0.07ms
[21.497s][info ][gc,phases      ] GC(865)   Merge Heap Roots: 0.11ms
[21.497s][info ][gc,phases      ] GC(865)   Evacuate Collection Set: 0.12ms
[21.497s][info ][gc,phases      ] GC(865)   Post Evacuate Collection Set: 0.21ms
[21.497s][info ][gc,phases      ] GC(865)   Other: 0.05ms
[21.497s][trace][gc,age         ] GC(865) Age table:
[21.497s][trace][gc,age         ] GC(865) - age   1:        192 bytes,        192 total
[21.497s][info ][gc,heap        ] GC(865) Eden regions: 253->0(253)
[21.497s][info ][gc,heap        ] GC(865) Survivor regions: 1->1(32)
[21.497s][info ][gc,heap        ] GC(865) Old regions: 11->11
[21.497s][info ][gc,heap        ] GC(865) Humongous regions: 0->0
[21.497s][info ][gc,metaspace   ] GC(865) Metaspace: 10122K(10368K)->10122K(10368K) NonClass: 9159K(9344K)->9159K(9344K) Class: 963K(1024K)->963K(1024K)
[21.497s][info ][gc             ] GC(865) Pause Young (Normal) (G1 Evacuation Pause) 256M->4M(424M) 0.674ms
[21.497s][info ][gc,cpu         ] GC(865) User=0.00s Sys=0.00s Real=0.00s
[21.509s][info ][gc,start       ] GC(866) Pause Young (Normal) (G1 Evacuation Pause)
[21.509s][info ][gc,task        ] GC(866) Using 9 workers of 9 for evacuation
[21.509s][debug][gc,age         ] GC(866) Desired survivor size 16777216 bytes, new threshold 15 (max threshold 15)
[21.510s][info ][gc,phases      ] GC(866)   Pre Evacuate Collection Set: 0.07ms
[21.510s][info ][gc,phases      ] GC(866)   Merge Heap Roots: 0.06ms
[21.510s][info ][gc,phases      ] GC(866)   Evacuate Collection Set: 0.12ms
[21.510s][info ][gc,phases      ] GC(866)   Post Evacuate Collection Set: 0.18ms
[21.510s][info ][gc,phases      ] GC(866)   Other: 0.05ms
[21.510s][trace][gc,age         ] GC(866) Age table:
[21.510s][trace][gc,age         ] GC(866) - age   1:        192 bytes,        192 total
[21.510s][info ][gc,heap        ] GC(866) Eden regions: 253->0(253)
[21.510s][info ][gc,heap        ] GC(866) Survivor regions: 1->1(32)
[21.510s][info ][gc,heap        ] GC(866) Old regions: 11->11
[21.510s][info ][gc,heap        ] GC(866) Humongous regions: 0->0
[21.510s][info ][gc,metaspace   ] GC(866) Metaspace: 10122K(10368K)->10122K(10368K) NonClass: 9159K(9344K)->9159K(9344K) Class: 963K(1024K)->963K(1024K)
[21.510s][info ][gc             ] GC(866) Pause Young (Normal) (G1 Evacuation Pause) 256M->4M(424M) 0.582ms
[21.510s][info ][gc,cpu         ] GC(866) User=0.00s Sys=0.00s Real=0.00s
[21.522s][info ][gc,start       ] GC(867) Pause Young (Normal) (G1 Evacuation Pause)
[21.522s][info ][gc,task        ] GC(867) Using 9 workers of 9 for evacuation
[21.522s][debug][gc,age         ] GC(867) Desired survivor size 16777216 bytes, new threshold 15 (max threshold 15)
[21.523s][info ][gc,phases      ] GC(867)   Pre Evacuate Collection Set: 0.07ms
[21.523s][info ][gc,phases      ] GC(867)   Merge Heap Roots: 0.06ms
[21.523s][info ][gc,phases      ] GC(867)   Evacuate Collection Set: 0.15ms
[21.523s][info ][gc,phases      ] GC(867)   Post Evacuate Collection Set: 0.21ms
[21.523s][info ][gc,phases      ] GC(867)   Other: 0.05ms
[21.523s][trace][gc,age         ] GC(867) Age table:
[21.523s][trace][gc,age         ] GC(867) - age   1:        192 bytes,        192 total
[21.523s][info ][gc,heap        ] GC(867) Eden regions: 253->0(253)
[21.523s][info ][gc,heap        ] GC(867) Survivor regions: 1->1(32)
[21.523s][info ][gc,heap        ] GC(867) Old regions: 11->11
[21.523s][info ][gc,heap        ] GC(867) Humongous regions: 0->0
[21.523s][info ][gc,metaspace   ] GC(867) Metaspace: 10122K(10368K)->10122K(10368K) NonClass: 9159K(9344K)->9159K(9344K) Class: 963K(1024K)->963K(1024K)
[21.523s][info ][gc             ] GC(867) Pause Young (Normal) (G1 Evacuation Pause) 256M->4M(424M) 0.629ms
[21.523s][info ][gc,cpu         ] GC(867) User=0.00s Sys=0.00s Real=0.00s
[21.535s][info ][gc,start       ] GC(868) Pause Young (Normal) (G1 Evacuation Pause)
[21.535s][info ][gc,task        ] GC(868) Using 9 workers of 9 for evacuation
[21.535s][debug][gc,age         ] GC(868) Desired survivor size 16777216 bytes, new threshold 15 (max threshold 15)
[21.536s][info ][gc,phases      ] GC(868)   Pre Evacuate Collection Set: 0.07ms
[21.536s][info ][gc,phases      ] GC(868)   Merge Heap Roots: 0.06ms
[21.536s][info ][gc,phases      ] GC(868)   Evacuate Collection Set: 0.10ms
[21.536s][info ][gc,phases      ] GC(868)   Post Evacuate Collection Set: 0.19ms
[21.536s][info ][gc,phases      ] GC(868)   Other: 0.05ms
[21.536s][trace][gc,age         ] GC(868) Age table:
[21.536s][trace][gc,age         ] GC(868) - age   1:        192 bytes,        192 total
[21.536s][info ][gc,heap        ] GC(868) Eden regions: 253->0(253)
[21.536s][info ][gc,heap        ] GC(868) Survivor regions: 1->1(32)
[21.536s][info ][gc,heap        ] GC(868) Old regions: 11->11
[21.536s][info ][gc,heap        ] GC(868) Humongous regions: 0->0
[21.536s][info ][gc,metaspace   ] GC(868) Metaspace: 10122K(10368K)->10122K(10368K) NonClass: 9159K(9344K)->9159K(9344K) Class: 963K(1024K)->963K(1024K)
[21.536s][info ][gc             ] GC(868) Pause Young (Normal) (G1 Evacuation Pause) 256M->4M(424M) 0.553ms
[21.536s][info ][gc,cpu         ] GC(868) User=0.00s Sys=0.00s Real=0.00s
[21.548s][info ][gc,start       ] GC(869) Pause Young (Normal) (G1 Evacuation Pause)
[21.548s][info ][gc,task        ] GC(869) Using 9 workers of 9 for evacuation
[21.548s][debug][gc,age         ] GC(869) Desired survivor size 16777216 bytes, new threshold 15 (max threshold 15)
[21.549s][info ][gc,phases      ] GC(869)   Pre Evacuate Collection Set: 0.07ms
[21.549s][info ][gc,phases      ] GC(869)   Merge Heap Roots: 0.06ms
[21.549s][info ][gc,phases      ] GC(869)   Evacuate Collection Set: 0.10ms
[21.549s][info ][gc,phases      ] GC(869)   Post Evacuate Collection Set: 0.18ms
[21.549s][info ][gc,phases      ] GC(869)   Other: 0.06ms
[21.549s][trace][gc,age         ] GC(869) Age table:
[21.549s][trace][gc,age         ] GC(869) - age   1:        192 bytes,        192 total
[21.549s][info ][gc,heap        ] GC(869) Eden regions: 253->0(253)
[21.549s][info ][gc,heap        ] GC(869) Survivor regions: 1->1(32)
[21.549s][info ][gc,heap        ] GC(869) Old regions: 11->11
[21.549s][info ][gc,heap        ] GC(869) Humongous regions: 0->0
[21.549s][info ][gc,metaspace   ] GC(869) Metaspace: 10122K(10368K)->10122K(10368K) NonClass: 9159K(9344K)->9159K(9344K) Class: 963K(1024K)->963K(1024K)
[21.549s][info ][gc             ] GC(869) Pause Young (Normal) (G1 Evacuation Pause) 256M->4M(424M) 0.564ms
[21.549s][info ][gc,cpu         ] GC(869) User=0.01s Sys=0.00s Real=0.00s
[21.561s][info ][gc,start       ] GC(870) Pause Young (Normal) (G1 Evacuation Pause)
[21.561s][info ][gc,task        ] GC(870) Using 9 workers of 9 for evacuation
[21.561s][debug][gc,age         ] GC(870) Desired survivor size 16777216 bytes, new threshold 15 (max threshold 15)
[21.562s][info ][gc,phases      ] GC(870)   Pre Evacuate Collection Set: 0.10ms
[21.562s][info ][gc,phases      ] GC(870)   Merge Heap Roots: 0.10ms
[21.562s][info ][gc,phases      ] GC(870)   Evacuate Collection Set: 0.12ms
[21.562s][info ][gc,phases      ] GC(870)   Post Evacuate Collection Set: 0.19ms
[21.562s][info ][gc,phases      ] GC(870)   Other: 0.04ms
[21.562s][trace][gc,age         ] GC(870) Age table:
[21.562s][trace][gc,age         ] GC(870) - age   1:        192 bytes,        192 total
[21.562s][info ][gc,heap        ] GC(870) Eden regions: 253->0(253)
[21.562s][info ][gc,heap        ] GC(870) Survivor regions: 1->1(32)
[21.562s][info ][gc,heap        ] GC(870) Old regions: 11->11
[21.562s][info ][gc,heap        ] GC(870) Humongous regions: 0->0
[21.562s][info ][gc,metaspace   ] GC(870) Metaspace: 10122K(10368K)->10122K(10368K) NonClass: 9159K(9344K)->9159K(9344K) Class: 963K(1024K)->963K(1024K)
[21.562s][info ][gc             ] GC(870) Pause Young (Normal) (G1 Evacuation Pause) 256M->4M(424M) 0.643ms
[21.562s][info ][gc,cpu         ] GC(870) User=0.00s Sys=0.00s Real=0.00s
[21.575s][info ][gc,start       ] GC(871) Pause Young (Normal) (G1 Evacuation Pause)
[21.575s][info ][gc,task        ] GC(871) Using 9 workers of 9 for evacuation
[21.575s][debug][gc,age         ] GC(871) Desired survivor size 16777216 bytes, new threshold 15 (max threshold 15)
[21.575s][info ][gc,phases      ] GC(871)   Pre Evacuate Collection Set: 0.10ms
[21.575s][info ][gc,phases      ] GC(871)   Merge Heap Roots: 0.08ms
[21.575s][info ][gc,phases      ] GC(871)   Evacuate Collection Set: 0.10ms
[21.575s][info ][gc,phases      ] GC(871)   Post Evacuate Collection Set: 0.19ms
[21.575s][info ][gc,phases      ] GC(871)   Other: 0.05ms
[21.575s][trace][gc,age         ] GC(871) Age table:
[21.575s][trace][gc,age         ] GC(871) - age   1:        192 bytes,        192 total
[21.575s][info ][gc,heap        ] GC(871) Eden regions: 253->0(253)
[21.575s][info ][gc,heap        ] GC(871) Survivor regions: 1->1(32)
[21.575s][info ][gc,heap        ] GC(871) Old regions: 11->11
[21.575s][info ][gc,heap        ] GC(871) Humongous regions: 0->0
[21.575s][info ][gc,metaspace   ] GC(871) Metaspace: 10122K(10368K)->10122K(10368K) NonClass: 9159K(9344K)->9159K(9344K) Class: 963K(1024K)->963K(1024K)
[21.575s][info ][gc             ] GC(871) Pause Young (Normal) (G1 Evacuation Pause) 256M->4M(424M) 0.618ms
[21.575s][info ][gc,cpu         ] GC(871) User=0.00s Sys=0.00s Real=0.01s
[21.588s][info ][gc,start       ] GC(872) Pause Young (Normal) (G1 Evacuation Pause)
[21.588s][info ][gc,task        ] GC(872) Using 9 workers of 9 for evacuation
[21.588s][debug][gc,age         ] GC(872) Desired survivor size 16777216 bytes, new threshold 15 (max threshold 15)
[21.588s][info ][gc,phases      ] GC(872)   Pre Evacuate Collection Set: 0.07ms
[21.588s][info ][gc,phases      ] GC(872)   Merge Heap Roots: 0.07ms
[21.588s][info ][gc,phases      ] GC(872)   Evacuate Collection Set: 0.10ms
[21.588s][info ][gc,phases      ] GC(872)   Post Evacuate Collection Set: 0.18ms
[21.588s][info ][gc,phases      ] GC(872)   Other: 0.04ms
[21.588s][trace][gc,age         ] GC(872) Age table:
[21.588s][trace][gc,age         ] GC(872) - age   1:        192 bytes,        192 total
[21.588s][info ][gc,heap        ] GC(872) Eden regions: 253->0(253)
[21.588s][info ][gc,heap        ] GC(872) Survivor regions: 1->1(32)
[21.588s][info ][gc,heap        ] GC(872) Old regions: 11->11
[21.588s][info ][gc,heap        ] GC(872) Humongous regions: 0->0
[21.588s][info ][gc,metaspace   ] GC(872) Metaspace: 10122K(10368K)->10122K(10368K) NonClass: 9159K(9344K)->9159K(9344K) Class: 963K(1024K)->963K(1024K)
[21.588s][info ][gc             ] GC(872) Pause Young (Normal) (G1 Evacuation Pause) 256M->4M(424M) 0.549ms
[21.588s][info ][gc,cpu         ] GC(872) User=0.01s Sys=0.00s Real=0.00s
[21.601s][info ][gc,start       ] GC(873) Pause Young (Normal) (G1 Evacuation Pause)
[21.601s][info ][gc,task        ] GC(873) Using 9 workers of 9 for evacuation
[21.601s][debug][gc,age         ] GC(873) Desired survivor size 16777216 bytes, new threshold 15 (max threshold 15)
[21.601s][info ][gc,phases      ] GC(873)   Pre Evacuate Collection Set: 0.10ms
[21.601s][info ][gc,phases      ] GC(873)   Merge Heap Roots: 0.05ms
[21.601s][info ][gc,phases      ] GC(873)   Evacuate Collection Set: 0.09ms
[21.601s][info ][gc,phases      ] GC(873)   Post Evacuate Collection Set: 0.18ms
[21.601s][info ][gc,phases      ] GC(873)   Other: 0.05ms
[21.601s][trace][gc,age         ] GC(873) Age table:
[21.601s][trace][gc,age         ] GC(873) - age   1:        192 bytes,        192 total
[21.601s][info ][gc,heap        ] GC(873) Eden regions: 253->0(253)
[21.601s][info ][gc,heap        ] GC(873) Survivor regions: 1->1(32)
[21.601s][info ][gc,heap        ] GC(873) Old regions: 11->11
[21.601s][info ][gc,heap        ] GC(873) Humongous regions: 0->0
[21.601s][info ][gc,metaspace   ] GC(873) Metaspace: 10122K(10368K)->10122K(10368K) NonClass: 9159K(9344K)->9159K(9344K) Class: 963K(1024K)->963K(1024K)
[21.601s][info ][gc             ] GC(873) Pause Young (Normal) (G1 Evacuation Pause) 256M->4M(424M) 0.557ms
[21.601s][info ][gc,cpu         ] GC(873) User=0.00s Sys=0.00s Real=0.00s
[21.614s][info ][gc,start       ] GC(874) Pause Young (Normal) (G1 Evacuation Pause)
[21.614s][info ][gc,task        ] GC(874) Using 9 workers of 9 for evacuation
[21.614s][debug][gc,age         ] GC(874) Desired survivor size 16777216 bytes, new threshold 15 (max threshold 15)
[21.614s][info ][gc,phases      ] GC(874)   Pre Evacuate Collection Set: 0.10ms
[21.614s][info ][gc,phases      ] GC(874)   Merge Heap Roots: 0.08ms
[21.614s][info ][gc,phases      ] GC(874)   Evacuate Collection Set: 0.10ms
[21.614s][info ][gc,phases      ] GC(874)   Post Evacuate Collection Set: 0.19ms
[21.614s][info ][gc,phases      ] GC(874)   Other: 0.04ms
[21.614s][trace][gc,age         ] GC(874) Age table:
[21.614s][trace][gc,age         ] GC(874) - age   1:        192 bytes,        192 total
[21.614s][info ][gc,heap        ] GC(874) Eden regions: 253->0(253)
[21.614s][info ][gc,heap        ] GC(874) Survivor regions: 1->1(32)
[21.614s][info ][gc,heap        ] GC(874) Old regions: 11->11
[21.614s][info ][gc,heap        ] GC(874) Humongous regions: 0->0
[21.614s][info ][gc,metaspace   ] GC(874) Metaspace: 10122K(10368K)->10122K(10368K) NonClass: 9159K(9344K)->9159K(9344K) Class: 963K(1024K)->963K(1024K)
[21.614s][info ][gc             ] GC(874) Pause Young (Normal) (G1 Evacuation Pause) 256M->4M(424M) 0.593ms
[21.614s][info ][gc,cpu         ] GC(874) User=0.01s Sys=0.00s Real=0.00s
[21.627s][info ][gc,start       ] GC(875) Pause Young (Normal) (G1 Evacuation Pause)
[21.627s][info ][gc,task        ] GC(875) Using 9 workers of 9 for evacuation
[21.627s][debug][gc,age         ] GC(875) Desired survivor size 16777216 bytes, new threshold 15 (max threshold 15)
[21.627s][info ][gc,phases      ] GC(875)   Pre Evacuate Collection Set: 0.10ms
[21.627s][info ][gc,phases      ] GC(875)   Merge Heap Roots: 0.07ms
[21.627s][info ][gc,phases      ] GC(875)   Evacuate Collection Set: 0.11ms
[21.627s][info ][gc,phases      ] GC(875)   Post Evacuate Collection Set: 0.20ms
[21.627s][info ][gc,phases      ] GC(875)   Other: 0.04ms
[21.627s][trace][gc,age         ] GC(875) Age table:
[21.627s][trace][gc,age         ] GC(875) - age   1:        192 bytes,        192 total
[21.627s][info ][gc,heap        ] GC(875) Eden regions: 253->0(253)
[21.627s][info ][gc,heap        ] GC(875) Survivor regions: 1->1(32)
[21.627s][info ][gc,heap        ] GC(875) Old regions: 11->11
[21.627s][info ][gc,heap        ] GC(875) Humongous regions: 0->0
[21.627s][info ][gc,metaspace   ] GC(875) Metaspace: 10122K(10368K)->10122K(10368K) NonClass: 9159K(9344K)->9159K(9344K) Class: 963K(1024K)->963K(1024K)
[21.627s][info ][gc             ] GC(875) Pause Young (Normal) (G1 Evacuation Pause) 256M->4M(424M) 0.603ms
[21.627s][info ][gc,cpu         ] GC(875) User=0.00s Sys=0.00s Real=0.00s
[21.640s][info ][gc,start       ] GC(876) Pause Young (Normal) (G1 Evacuation Pause)
[21.640s][info ][gc,task        ] GC(876) Using 9 workers of 9 for evacuation
[21.640s][debug][gc,age         ] GC(876) Desired survivor size 16777216 bytes, new threshold 15 (max threshold 15)
[21.640s][info ][gc,phases      ] GC(876)   Pre Evacuate Collection Set: 0.09ms
[21.641s][info ][gc,phases      ] GC(876)   Merge Heap Roots: 0.08ms
[21.641s][info ][gc,phases      ] GC(876)   Evacuate Collection Set: 0.08ms
[21.641s][info ][gc,phases      ] GC(876)   Post Evacuate Collection Set: 0.18ms
[21.641s][info ][gc,phases      ] GC(876)   Other: 0.04ms
[21.641s][trace][gc,age         ] GC(876) Age table:
[21.641s][trace][gc,age         ] GC(876) - age   1:        192 bytes,        192 total
[21.641s][info ][gc,heap        ] GC(876) Eden regions: 253->0(253)
[21.641s][info ][gc,heap        ] GC(876) Survivor regions: 1->1(32)
[21.641s][info ][gc,heap        ] GC(876) Old regions: 11->11
[21.641s][info ][gc,heap        ] GC(876) Humongous regions: 0->0
[21.641s][info ][gc,metaspace   ] GC(876) Metaspace: 10122K(10368K)->10122K(10368K) NonClass: 9159K(9344K)->9159K(9344K) Class: 963K(1024K)->963K(1024K)
[21.641s][info ][gc             ] GC(876) Pause Young (Normal) (G1 Evacuation Pause) 256M->4M(424M) 0.570ms
[21.641s][info ][gc,cpu         ] GC(876) User=0.00s Sys=0.00s Real=0.00s
[21.653s][info ][gc,start       ] GC(877) Pause Young (Normal) (G1 Evacuation Pause)
[21.653s][info ][gc,task        ] GC(877) Using 9 workers of 9 for evacuation
[21.653s][debug][gc,age         ] GC(877) Desired survivor size 16777216 bytes, new threshold 15 (max threshold 15)
[21.654s][info ][gc,phases      ] GC(877)   Pre Evacuate Collection Set: 0.10ms
[21.654s][info ][gc,phases      ] GC(877)   Merge Heap Roots: 0.09ms
[21.654s][info ][gc,phases      ] GC(877)   Evacuate Collection Set: 0.13ms
[21.654s][info ][gc,phases      ] GC(877)   Post Evacuate Collection Set: 0.17ms
[21.654s][info ][gc,phases      ] GC(877)   Other: 0.04ms
[21.654s][trace][gc,age         ] GC(877) Age table:
[21.654s][trace][gc,age         ] GC(877) - age   1:        192 bytes,        192 total
[21.654s][info ][gc,heap        ] GC(877) Eden regions: 253->0(253)
[21.654s][info ][gc,heap        ] GC(877) Survivor regions: 1->1(32)
[21.654s][info ][gc,heap        ] GC(877) Old regions: 11->11
[21.654s][info ][gc,heap        ] GC(877) Humongous regions: 0->0
[21.654s][info ][gc,metaspace   ] GC(877) Metaspace: 10122K(10368K)->10122K(10368K) NonClass: 9159K(9344K)->9159K(9344K) Class: 963K(1024K)->963K(1024K)
[21.654s][info ][gc             ] GC(877) Pause Young (Normal) (G1 Evacuation Pause) 256M->4M(424M) 0.614ms
[21.654s][info ][gc,cpu         ] GC(877) User=0.01s Sys=0.00s Real=0.00s
[21.666s][info ][gc,start       ] GC(878) Pause Young (Normal) (G1 Evacuation Pause)
[21.666s][info ][gc,task        ] GC(878) Using 9 workers of 9 for evacuation
[21.666s][debug][gc,age         ] GC(878) Desired survivor size 16777216 bytes, new threshold 15 (max threshold 15)
[21.667s][info ][gc,phases      ] GC(878)   Pre Evacuate Collection Set: 0.09ms
[21.667s][info ][gc,phases      ] GC(878)   Merge Heap Roots: 0.11ms
[21.667s][info ][gc,phases      ] GC(878)   Evacuate Collection Set: 0.10ms
[21.667s][info ][gc,phases      ] GC(878)   Post Evacuate Collection Set: 0.17ms
[21.667s][info ][gc,phases      ] GC(878)   Other: 0.03ms
[21.667s][trace][gc,age         ] GC(878) Age table:
[21.667s][trace][gc,age         ] GC(878) - age   1:        192 bytes,        192 total
[21.667s][info ][gc,heap        ] GC(878) Eden regions: 253->0(253)
[21.667s][info ][gc,heap        ] GC(878) Survivor regions: 1->1(32)
[21.667s][info ][gc,heap        ] GC(878) Old regions: 11->11
[21.667s][info ][gc,heap        ] GC(878) Humongous regions: 0->0
[21.667s][info ][gc,metaspace   ] GC(878) Metaspace: 10122K(10368K)->10122K(10368K) NonClass: 9159K(9344K)->9159K(9344K) Class: 963K(1024K)->963K(1024K)
[21.667s][info ][gc             ] GC(878) Pause Young (Normal) (G1 Evacuation Pause) 256M->4M(424M) 0.588ms
[21.667s][info ][gc,cpu         ] GC(878) User=0.00s Sys=0.00s Real=0.00s
[21.679s][info ][gc,start       ] GC(879) Pause Young (Normal) (G1 Evacuation Pause)
[21.679s][info ][gc,task        ] GC(879) Using 9 workers of 9 for evacuation
[21.679s][debug][gc,age         ] GC(879) Desired survivor size 16777216 bytes, new threshold 15 (max threshold 15)
[21.680s][info ][gc,phases      ] GC(879)   Pre Evacuate Collection Set: 0.10ms
[21.680s][info ][gc,phases      ] GC(879)   Merge Heap Roots: 0.08ms
[21.680s][info ][gc,phases      ] GC(879)   Evacuate Collection Set: 0.06ms
[21.680s][info ][gc,phases      ] GC(879)   Post Evacuate Collection Set: 0.19ms
[21.680s][info ][gc,phases      ] GC(879)   Other: 0.05ms
[21.680s][trace][gc,age         ] GC(879) Age table:
[21.680s][trace][gc,age         ] GC(879) - age   1:        192 bytes,        192 total
[21.680s][info ][gc,heap        ] GC(879) Eden regions: 253->0(253)
[21.680s][info ][gc,heap        ] GC(879) Survivor regions: 1->1(32)
[21.680s][info ][gc,heap        ] GC(879) Old regions: 11->11
[21.680s][info ][gc,heap        ] GC(879) Humongous regions: 0->0
[21.680s][info ][gc,metaspace   ] GC(879) Metaspace: 10122K(10368K)->10122K(10368K) NonClass: 9159K(9344K)->9159K(9344K) Class: 963K(1024K)->963K(1024K)
[21.680s][info ][gc             ] GC(879) Pause Young (Normal) (G1 Evacuation Pause) 256M->4M(424M) 0.597ms
[21.680s][info ][gc,cpu         ] GC(879) User=0.00s Sys=0.00s Real=0.00s
[21.692s][info ][gc,start       ] GC(880) Pause Young (Normal) (G1 Evacuation Pause)
[21.692s][info ][gc,task        ] GC(880) Using 9 workers of 9 for evacuation
[21.692s][debug][gc,age         ] GC(880) Desired survivor size 16777216 bytes, new threshold 15 (max threshold 15)
[21.693s][info ][gc,phases      ] GC(880)   Pre Evacuate Collection Set: 0.10ms
[21.693s][info ][gc,phases      ] GC(880)   Merge Heap Roots: 0.08ms
[21.693s][info ][gc,phases      ] GC(880)   Evacuate Collection Set: 0.10ms
[21.693s][info ][gc,phases      ] GC(880)   Post Evacuate Collection Set: 0.19ms
[21.693s][info ][gc,phases      ] GC(880)   Other: 0.05ms
[21.693s][trace][gc,age         ] GC(880) Age table:
[21.693s][trace][gc,age         ] GC(880) - age   1:        192 bytes,        192 total
[21.693s][info ][gc,heap        ] GC(880) Eden regions: 253->0(253)
[21.693s][info ][gc,heap        ] GC(880) Survivor regions: 1->1(32)
[21.693s][info ][gc,heap        ] GC(880) Old regions: 11->11
[21.693s][info ][gc,heap        ] GC(880) Humongous regions: 0->0
[21.693s][info ][gc,metaspace   ] GC(880) Metaspace: 10122K(10368K)->10122K(10368K) NonClass: 9159K(9344K)->9159K(9344K) Class: 963K(1024K)->963K(1024K)
[21.693s][info ][gc             ] GC(880) Pause Young (Normal) (G1 Evacuation Pause) 256M->4M(424M) 0.622ms
[21.693s][info ][gc,cpu         ] GC(880) User=0.00s Sys=0.00s Real=0.00s
[21.706s][info ][gc,start       ] GC(881) Pause Young (Normal) (G1 Evacuation Pause)
[21.706s][info ][gc,task        ] GC(881) Using 9 workers of 9 for evacuation
[21.706s][debug][gc,age         ] GC(881) Desired survivor size 16777216 bytes, new threshold 15 (max threshold 15)
[21.706s][info ][gc,phases      ] GC(881)   Pre Evacuate Collection Set: 0.10ms
[21.706s][info ][gc,phases      ] GC(881)   Merge Heap Roots: 0.07ms
[21.706s][info ][gc,phases      ] GC(881)   Evacuate Collection Set: 0.11ms
[21.706s][info ][gc,phases      ] GC(881)   Post Evacuate Collection Set: 0.20ms
[21.706s][info ][gc,phases      ] GC(881)   Other: 0.05ms
[21.707s][trace][gc,age         ] GC(881) Age table:
[21.707s][trace][gc,age         ] GC(881) - age   1:        192 bytes,        192 total
[21.707s][info ][gc,heap        ] GC(881) Eden regions: 253->0(253)
[21.707s][info ][gc,heap        ] GC(881) Survivor regions: 1->1(32)
[21.707s][info ][gc,heap        ] GC(881) Old regions: 11->11
[21.707s][info ][gc,heap        ] GC(881) Humongous regions: 0->0
[21.707s][info ][gc,metaspace   ] GC(881) Metaspace: 10122K(10368K)->10122K(10368K) NonClass: 9159K(9344K)->9159K(9344K) Class: 963K(1024K)->963K(1024K)
[21.707s][info ][gc             ] GC(881) Pause Young (Normal) (G1 Evacuation Pause) 256M->4M(424M) 0.626ms
[21.707s][info ][gc,cpu         ] GC(881) User=0.00s Sys=0.00s Real=0.00s
[21.722s][info ][gc,start       ] GC(882) Pause Young (Normal) (G1 Evacuation Pause)
[21.722s][info ][gc,task        ] GC(882) Using 9 workers of 9 for evacuation
[21.722s][debug][gc,age         ] GC(882) Desired survivor size 16777216 bytes, new threshold 15 (max threshold 15)
[21.723s][info ][gc,phases      ] GC(882)   Pre Evacuate Collection Set: 0.08ms
[21.723s][info ][gc,phases      ] GC(882)   Merge Heap Roots: 0.06ms
[21.723s][info ][gc,phases      ] GC(882)   Evacuate Collection Set: 0.15ms
[21.723s][info ][gc,phases      ] GC(882)   Post Evacuate Collection Set: 0.19ms
[21.723s][info ][gc,phases      ] GC(882)   Other: 0.04ms
[21.723s][trace][gc,age         ] GC(882) Age table:
[21.723s][trace][gc,age         ] GC(882) - age   1:        192 bytes,        192 total
[21.723s][info ][gc,heap        ] GC(882) Eden regions: 253->0(253)
[21.723s][info ][gc,heap        ] GC(882) Survivor regions: 1->1(32)
[21.723s][info ][gc,heap        ] GC(882) Old regions: 11->11
[21.723s][info ][gc,heap        ] GC(882) Humongous regions: 0->0
[21.723s][info ][gc,metaspace   ] GC(882) Metaspace: 10122K(10368K)->10122K(10368K) NonClass: 9159K(9344K)->9159K(9344K) Class: 963K(1024K)->963K(1024K)
[21.723s][info ][gc             ] GC(882) Pause Young (Normal) (G1 Evacuation Pause) 256M->4M(424M) 0.610ms
[21.723s][info ][gc,cpu         ] GC(882) User=0.00s Sys=0.00s Real=0.00s
[21.738s][info ][gc,start       ] GC(883) Pause Young (Normal) (G1 Evacuation Pause)
[21.738s][info ][gc,task        ] GC(883) Using 9 workers of 9 for evacuation
[21.738s][debug][gc,age         ] GC(883) Desired survivor size 16777216 bytes, new threshold 15 (max threshold 15)
[21.739s][info ][gc,phases      ] GC(883)   Pre Evacuate Collection Set: 0.11ms
[21.739s][info ][gc,phases      ] GC(883)   Merge Heap Roots: 0.11ms
[21.739s][info ][gc,phases      ] GC(883)   Evacuate Collection Set: 0.12ms
[21.739s][info ][gc,phases      ] GC(883)   Post Evacuate Collection Set: 0.18ms
[21.739s][info ][gc,phases      ] GC(883)   Other: 0.08ms
[21.739s][trace][gc,age         ] GC(883) Age table:
[21.739s][trace][gc,age         ] GC(883) - age   1:        192 bytes,        192 total
[21.739s][info ][gc,heap        ] GC(883) Eden regions: 253->0(253)
[21.739s][info ][gc,heap        ] GC(883) Survivor regions: 1->1(32)
[21.739s][info ][gc,heap        ] GC(883) Old regions: 11->11
[21.739s][info ][gc,heap        ] GC(883) Humongous regions: 0->0
[21.739s][info ][gc,metaspace   ] GC(883) Metaspace: 10122K(10368K)->10122K(10368K) NonClass: 9159K(9344K)->9159K(9344K) Class: 963K(1024K)->963K(1024K)
[21.739s][info ][gc             ] GC(883) Pause Young (Normal) (G1 Evacuation Pause) 256M->4M(424M) 0.702ms
[21.739s][info ][gc,cpu         ] GC(883) User=0.01s Sys=0.00s Real=0.00s
[21.755s][info ][gc,start       ] GC(884) Pause Young (Normal) (G1 Evacuation Pause)
[21.755s][info ][gc,task        ] GC(884) Using 9 workers of 9 for evacuation
[21.755s][debug][gc,age         ] GC(884) Desired survivor size 16777216 bytes, new threshold 15 (max threshold 15)
[21.755s][info ][gc,phases      ] GC(884)   Pre Evacuate Collection Set: 0.07ms
[21.755s][info ][gc,phases      ] GC(884)   Merge Heap Roots: 0.06ms
[21.755s][info ][gc,phases      ] GC(884)   Evacuate Collection Set: 0.14ms
[21.755s][info ][gc,phases      ] GC(884)   Post Evacuate Collection Set: 0.17ms
[21.755s][info ][gc,phases      ] GC(884)   Other: 0.05ms
[21.755s][trace][gc,age         ] GC(884) Age table:
[21.755s][trace][gc,age         ] GC(884) - age   1:        192 bytes,        192 total
[21.755s][info ][gc,heap        ] GC(884) Eden regions: 253->0(253)
[21.755s][info ][gc,heap        ] GC(884) Survivor regions: 1->1(32)
[21.755s][info ][gc,heap        ] GC(884) Old regions: 11->11
[21.755s][info ][gc,heap        ] GC(884) Humongous regions: 0->0
[21.755s][info ][gc,metaspace   ] GC(884) Metaspace: 10122K(10368K)->10122K(10368K) NonClass: 9159K(9344K)->9159K(9344K) Class: 963K(1024K)->963K(1024K)
[21.755s][info ][gc             ] GC(884) Pause Young (Normal) (G1 Evacuation Pause) 256M->4M(424M) 0.594ms
[21.755s][info ][gc,cpu         ] GC(884) User=0.00s Sys=0.00s Real=0.01s
[21.771s][info ][gc,start       ] GC(885) Pause Young (Normal) (G1 Evacuation Pause)
[21.771s][info ][gc,task        ] GC(885) Using 9 workers of 9 for evacuation
[21.771s][debug][gc,age         ] GC(885) Desired survivor size 16777216 bytes, new threshold 15 (max threshold 15)
[21.771s][info ][gc,phases      ] GC(885)   Pre Evacuate Collection Set: 0.06ms
[21.771s][info ][gc,phases      ] GC(885)   Merge Heap Roots: 0.05ms
[21.771s][info ][gc,phases      ] GC(885)   Evacuate Collection Set: 0.12ms
[21.771s][info ][gc,phases      ] GC(885)   Post Evacuate Collection Set: 0.17ms
[21.771s][info ][gc,phases      ] GC(885)   Other: 0.05ms
[21.771s][trace][gc,age         ] GC(885) Age table:
[21.771s][trace][gc,age         ] GC(885) - age   1:        192 bytes,        192 total
[21.771s][info ][gc,heap        ] GC(885) Eden regions: 253->0(253)
[21.771s][info ][gc,heap        ] GC(885) Survivor regions: 1->1(32)
[21.771s][info ][gc,heap        ] GC(885) Old regions: 11->11
[21.771s][info ][gc,heap        ] GC(885) Humongous regions: 0->0
[21.771s][info ][gc,metaspace   ] GC(885) Metaspace: 10122K(10368K)->10122K(10368K) NonClass: 9159K(9344K)->9159K(9344K) Class: 963K(1024K)->963K(1024K)
[21.771s][info ][gc             ] GC(885) Pause Young (Normal) (G1 Evacuation Pause) 256M->4M(424M) 0.557ms
[21.771s][info ][gc,cpu         ] GC(885) User=0.00s Sys=0.00s Real=0.00s
[21.787s][info ][gc,start       ] GC(886) Pause Young (Normal) (G1 Evacuation Pause)
[21.787s][info ][gc,task        ] GC(886) Using 9 workers of 9 for evacuation
[21.787s][debug][gc,age         ] GC(886) Desired survivor size 16777216 bytes, new threshold 15 (max threshold 15)
[21.788s][info ][gc,phases      ] GC(886)   Pre Evacuate Collection Set: 0.11ms
[21.788s][info ][gc,phases      ] GC(886)   Merge Heap Roots: 0.10ms
[21.788s][info ][gc,phases      ] GC(886)   Evacuate Collection Set: 0.10ms
[21.788s][info ][gc,phases      ] GC(886)   Post Evacuate Collection Set: 0.15ms
[21.788s][info ][gc,phases      ] GC(886)   Other: 0.06ms
[21.788s][trace][gc,age         ] GC(886) Age table:
[21.788s][trace][gc,age         ] GC(886) - age   1:        192 bytes,        192 total
[21.788s][info ][gc,heap        ] GC(886) Eden regions: 253->0(253)
[21.788s][info ][gc,heap        ] GC(886) Survivor regions: 1->1(32)
[21.788s][info ][gc,heap        ] GC(886) Old regions: 11->11
[21.788s][info ][gc,heap        ] GC(886) Humongous regions: 0->0
[21.788s][info ][gc,metaspace   ] GC(886) Metaspace: 10122K(10368K)->10122K(10368K) NonClass: 9159K(9344K)->9159K(9344K) Class: 963K(1024K)->963K(1024K)
[21.788s][info ][gc             ] GC(886) Pause Young (Normal) (G1 Evacuation Pause) 256M->4M(424M) 0.616ms
[21.788s][info ][gc,cpu         ] GC(886) User=0.01s Sys=0.00s Real=0.00s
[21.804s][info ][gc,start       ] GC(887) Pause Young (Normal) (G1 Evacuation Pause)
[21.804s][info ][gc,task        ] GC(887) Using 9 workers of 9 for evacuation
[21.804s][debug][gc,age         ] GC(887) Desired survivor size 16777216 bytes, new threshold 15 (max threshold 15)
[21.804s][info ][gc,phases      ] GC(887)   Pre Evacuate Collection Set: 0.06ms
[21.804s][info ][gc,phases      ] GC(887)   Merge Heap Roots: 0.08ms
[21.804s][info ][gc,phases      ] GC(887)   Evacuate Collection Set: 0.08ms
[21.804s][info ][gc,phases      ] GC(887)   Post Evacuate Collection Set: 0.18ms
[21.804s][info ][gc,phases      ] GC(887)   Other: 0.05ms
[21.804s][trace][gc,age         ] GC(887) Age table:
[21.804s][trace][gc,age         ] GC(887) - age   1:        192 bytes,        192 total
[21.804s][info ][gc,heap        ] GC(887) Eden regions: 253->0(253)
[21.804s][info ][gc,heap        ] GC(887) Survivor regions: 1->1(32)
[21.804s][info ][gc,heap        ] GC(887) Old regions: 11->11
[21.804s][info ][gc,heap        ] GC(887) Humongous regions: 0->0
[21.804s][info ][gc,metaspace   ] GC(887) Metaspace: 10122K(10368K)->10122K(10368K) NonClass: 9159K(9344K)->9159K(9344K) Class: 963K(1024K)->963K(1024K)
[21.804s][info ][gc             ] GC(887) Pause Young (Normal) (G1 Evacuation Pause) 256M->4M(424M) 0.556ms
[21.804s][info ][gc,cpu         ] GC(887) User=0.00s Sys=0.00s Real=0.00s
[21.820s][info ][gc,start       ] GC(888) Pause Young (Normal) (G1 Evacuation Pause)
[21.820s][info ][gc,task        ] GC(888) Using 9 workers of 9 for evacuation
[21.820s][debug][gc,age         ] GC(888) Desired survivor size 16777216 bytes, new threshold 15 (max threshold 15)
[21.820s][info ][gc,phases      ] GC(888)   Pre Evacuate Collection Set: 0.08ms
[21.820s][info ][gc,phases      ] GC(888)   Merge Heap Roots: 0.06ms
[21.820s][info ][gc,phases      ] GC(888)   Evacuate Collection Set: 0.11ms
[21.820s][info ][gc,phases      ] GC(888)   Post Evacuate Collection Set: 0.17ms
[21.820s][info ][gc,phases      ] GC(888)   Other: 0.05ms
[21.820s][trace][gc,age         ] GC(888) Age table:
[21.820s][trace][gc,age         ] GC(888) - age   1:        192 bytes,        192 total
[21.820s][info ][gc,heap        ] GC(888) Eden regions: 253->0(253)
[21.820s][info ][gc,heap        ] GC(888) Survivor regions: 1->1(32)
[21.820s][info ][gc,heap        ] GC(888) Old regions: 11->11
[21.820s][info ][gc,heap        ] GC(888) Humongous regions: 0->0
[21.820s][info ][gc,metaspace   ] GC(888) Metaspace: 10122K(10368K)->10122K(10368K) NonClass: 9159K(9344K)->9159K(9344K) Class: 963K(1024K)->963K(1024K)
[21.820s][info ][gc             ] GC(888) Pause Young (Normal) (G1 Evacuation Pause) 256M->4M(424M) 0.558ms
[21.820s][info ][gc,cpu         ] GC(888) User=0.00s Sys=0.00s Real=0.00s
[21.836s][info ][gc,start       ] GC(889) Pause Young (Normal) (G1 Evacuation Pause)
[21.836s][info ][gc,task        ] GC(889) Using 9 workers of 9 for evacuation
[21.836s][debug][gc,age         ] GC(889) Desired survivor size 16777216 bytes, new threshold 15 (max threshold 15)
[21.836s][info ][gc,phases      ] GC(889)   Pre Evacuate Collection Set: 0.06ms
[21.836s][info ][gc,phases      ] GC(889)   Merge Heap Roots: 0.06ms
[21.836s][info ][gc,phases      ] GC(889)   Evacuate Collection Set: 0.13ms
[21.836s][info ][gc,phases      ] GC(889)   Post Evacuate Collection Set: 0.18ms
[21.836s][info ][gc,phases      ] GC(889)   Other: 0.04ms
[21.836s][trace][gc,age         ] GC(889) Age table:
[21.836s][trace][gc,age         ] GC(889) - age   1:        192 bytes,        192 total
[21.836s][info ][gc,heap        ] GC(889) Eden regions: 253->0(253)
[21.836s][info ][gc,heap        ] GC(889) Survivor regions: 1->1(32)
[21.836s][info ][gc,heap        ] GC(889) Old regions: 11->11
[21.836s][info ][gc,heap        ] GC(889) Humongous regions: 0->0
[21.836s][info ][gc,metaspace   ] GC(889) Metaspace: 10122K(10368K)->10122K(10368K) NonClass: 9159K(9344K)->9159K(9344K) Class: 963K(1024K)->963K(1024K)
[21.836s][info ][gc             ] GC(889) Pause Young (Normal) (G1 Evacuation Pause) 256M->4M(424M) 0.568ms
[21.836s][info ][gc,cpu         ] GC(889) User=0.00s Sys=0.00s Real=0.00s
[21.852s][info ][gc,start       ] GC(890) Pause Young (Normal) (G1 Evacuation Pause)
[21.852s][info ][gc,task        ] GC(890) Using 9 workers of 9 for evacuation
[21.852s][debug][gc,age         ] GC(890) Desired survivor size 16777216 bytes, new threshold 15 (max threshold 15)
[21.853s][info ][gc,phases      ] GC(890)   Pre Evacuate Collection Set: 0.07ms
[21.853s][info ][gc,phases      ] GC(890)   Merge Heap Roots: 0.07ms
[21.853s][info ][gc,phases      ] GC(890)   Evacuate Collection Set: 0.13ms
[21.853s][info ][gc,phases      ] GC(890)   Post Evacuate Collection Set: 0.18ms
[21.853s][info ][gc,phases      ] GC(890)   Other: 0.06ms
[21.853s][trace][gc,age         ] GC(890) Age table:
[21.853s][trace][gc,age         ] GC(890) - age   1:        192 bytes,        192 total
[21.853s][info ][gc,heap        ] GC(890) Eden regions: 253->0(253)
[21.853s][info ][gc,heap        ] GC(890) Survivor regions: 1->1(32)
[21.853s][info ][gc,heap        ] GC(890) Old regions: 11->11
[21.853s][info ][gc,heap        ] GC(890) Humongous regions: 0->0
[21.853s][info ][gc,metaspace   ] GC(890) Metaspace: 10122K(10368K)->10122K(10368K) NonClass: 9159K(9344K)->9159K(9344K) Class: 963K(1024K)->963K(1024K)
[21.853s][info ][gc             ] GC(890) Pause Young (Normal) (G1 Evacuation Pause) 256M->4M(424M) 0.612ms
[21.853s][info ][gc,cpu         ] GC(890) User=0.00s Sys=0.00s Real=0.00s
[21.868s][info ][gc,start       ] GC(891) Pause Young (Normal) (G1 Evacuation Pause)
[21.868s][info ][gc,task        ] GC(891) Using 9 workers of 9 for evacuation
[21.868s][debug][gc,age         ] GC(891) Desired survivor size 16777216 bytes, new threshold 15 (max threshold 15)
[21.869s][info ][gc,phases      ] GC(891)   Pre Evacuate Collection Set: 0.07ms
[21.869s][info ][gc,phases      ] GC(891)   Merge Heap Roots: 0.07ms
[21.869s][info ][gc,phases      ] GC(891)   Evacuate Collection Set: 0.11ms
[21.869s][info ][gc,phases      ] GC(891)   Post Evacuate Collection Set: 0.16ms
[21.869s][info ][gc,phases      ] GC(891)   Other: 0.05ms
[21.869s][trace][gc,age         ] GC(891) Age table:
[21.869s][trace][gc,age         ] GC(891) - age   1:        192 bytes,        192 total
[21.869s][info ][gc,heap        ] GC(891) Eden regions: 253->0(253)
[21.869s][info ][gc,heap        ] GC(891) Survivor regions: 1->1(32)
[21.869s][info ][gc,heap        ] GC(891) Old regions: 11->11
[21.869s][info ][gc,heap        ] GC(891) Humongous regions: 0->0
[21.869s][info ][gc,metaspace   ] GC(891) Metaspace: 10122K(10368K)->10122K(10368K) NonClass: 9159K(9344K)->9159K(9344K) Class: 963K(1024K)->963K(1024K)
[21.869s][info ][gc             ] GC(891) Pause Young (Normal) (G1 Evacuation Pause) 256M->4M(424M) 0.546ms
[21.869s][info ][gc,cpu         ] GC(891) User=0.00s Sys=0.00s Real=0.00s
[21.884s][info ][gc,start       ] GC(892) Pause Young (Normal) (G1 Evacuation Pause)
[21.884s][info ][gc,task        ] GC(892) Using 9 workers of 9 for evacuation
[21.884s][debug][gc,age         ] GC(892) Desired survivor size 16777216 bytes, new threshold 15 (max threshold 15)
[21.885s][info ][gc,phases      ] GC(892)   Pre Evacuate Collection Set: 0.06ms
[21.885s][info ][gc,phases      ] GC(892)   Merge Heap Roots: 0.06ms
[21.885s][info ][gc,phases      ] GC(892)   Evacuate Collection Set: 0.11ms
[21.885s][info ][gc,phases      ] GC(892)   Post Evacuate Collection Set: 0.15ms
[21.885s][info ][gc,phases      ] GC(892)   Other: 0.05ms
[21.885s][trace][gc,age         ] GC(892) Age table:
[21.885s][trace][gc,age         ] GC(892) - age   1:        192 bytes,        192 total
[21.885s][info ][gc,heap        ] GC(892) Eden regions: 253->0(253)
[21.885s][info ][gc,heap        ] GC(892) Survivor regions: 1->1(32)
[21.885s][info ][gc,heap        ] GC(892) Old regions: 11->11
[21.885s][info ][gc,heap        ] GC(892) Humongous regions: 0->0
[21.885s][info ][gc,metaspace   ] GC(892) Metaspace: 10122K(10368K)->10122K(10368K) NonClass: 9159K(9344K)->9159K(9344K) Class: 963K(1024K)->963K(1024K)
[21.885s][info ][gc             ] GC(892) Pause Young (Normal) (G1 Evacuation Pause) 256M->4M(424M) 0.534ms
[21.885s][info ][gc,cpu         ] GC(892) User=0.00s Sys=0.00s Real=0.00s
[21.900s][info ][gc,start       ] GC(893) Pause Young (Normal) (G1 Evacuation Pause)
[21.900s][info ][gc,task        ] GC(893) Using 9 workers of 9 for evacuation
[21.900s][debug][gc,age         ] GC(893) Desired survivor size 16777216 bytes, new threshold 15 (max threshold 15)
[21.901s][info ][gc,phases      ] GC(893)   Pre Evacuate Collection Set: 0.09ms
[21.901s][info ][gc,phases      ] GC(893)   Merge Heap Roots: 0.07ms
[21.901s][info ][gc,phases      ] GC(893)   Evacuate Collection Set: 0.07ms
[21.901s][info ][gc,phases      ] GC(893)   Post Evacuate Collection Set: 0.18ms
[21.901s][info ][gc,phases      ] GC(893)   Other: 0.06ms
[21.901s][trace][gc,age         ] GC(893) Age table:
[21.901s][trace][gc,age         ] GC(893) - age   1:        192 bytes,        192 total
[21.901s][info ][gc,heap        ] GC(893) Eden regions: 253->0(253)
[21.901s][info ][gc,heap        ] GC(893) Survivor regions: 1->1(32)
[21.901s][info ][gc,heap        ] GC(893) Old regions: 11->11
[21.901s][info ][gc,heap        ] GC(893) Humongous regions: 0->0
[21.901s][info ][gc,metaspace   ] GC(893) Metaspace: 10122K(10368K)->10122K(10368K) NonClass: 9159K(9344K)->9159K(9344K) Class: 963K(1024K)->963K(1024K)
[21.901s][info ][gc             ] GC(893) Pause Young (Normal) (G1 Evacuation Pause) 256M->4M(424M) 0.573ms
[21.901s][info ][gc,cpu         ] GC(893) User=0.00s Sys=0.00s Real=0.00s
[21.916s][info ][gc,start       ] GC(894) Pause Young (Normal) (G1 Evacuation Pause)
[21.916s][info ][gc,task        ] GC(894) Using 9 workers of 9 for evacuation
[21.916s][debug][gc,age         ] GC(894) Desired survivor size 16777216 bytes, new threshold 15 (max threshold 15)
[21.917s][info ][gc,phases      ] GC(894)   Pre Evacuate Collection Set: 0.06ms
[21.917s][info ][gc,phases      ] GC(894)   Merge Heap Roots: 0.06ms
[21.917s][info ][gc,phases      ] GC(894)   Evacuate Collection Set: 0.10ms
[21.917s][info ][gc,phases      ] GC(894)   Post Evacuate Collection Set: 0.18ms
[21.917s][info ][gc,phases      ] GC(894)   Other: 0.05ms
[21.917s][trace][gc,age         ] GC(894) Age table:
[21.917s][trace][gc,age         ] GC(894) - age   1:        192 bytes,        192 total
[21.917s][info ][gc,heap        ] GC(894) Eden regions: 253->0(253)
[21.917s][info ][gc,heap        ] GC(894) Survivor regions: 1->1(32)
[21.917s][info ][gc,heap        ] GC(894) Old regions: 11->11
[21.917s][info ][gc,heap        ] GC(894) Humongous regions: 0->0
[21.917s][info ][gc,metaspace   ] GC(894) Metaspace: 10122K(10368K)->10122K(10368K) NonClass: 9159K(9344K)->9159K(9344K) Class: 963K(1024K)->963K(1024K)
[21.917s][info ][gc             ] GC(894) Pause Young (Normal) (G1 Evacuation Pause) 256M->4M(424M) 0.544ms
[21.917s][info ][gc,cpu         ] GC(894) User=0.00s Sys=0.00s Real=0.00s
[21.932s][info ][gc,start       ] GC(895) Pause Young (Normal) (G1 Evacuation Pause)
[21.932s][info ][gc,task        ] GC(895) Using 9 workers of 9 for evacuation
[21.932s][debug][gc,age         ] GC(895) Desired survivor size 16777216 bytes, new threshold 15 (max threshold 15)
[21.933s][info ][gc,phases      ] GC(895)   Pre Evacuate Collection Set: 0.08ms
[21.933s][info ][gc,phases      ] GC(895)   Merge Heap Roots: 0.10ms
[21.933s][info ][gc,phases      ] GC(895)   Evacuate Collection Set: 0.07ms
[21.933s][info ][gc,phases      ] GC(895)   Post Evacuate Collection Set: 0.19ms
[21.933s][info ][gc,phases      ] GC(895)   Other: 0.05ms
[21.933s][trace][gc,age         ] GC(895) Age table:
[21.933s][trace][gc,age         ] GC(895) - age   1:        192 bytes,        192 total
[21.933s][info ][gc,heap        ] GC(895) Eden regions: 253->0(253)
[21.933s][info ][gc,heap        ] GC(895) Survivor regions: 1->1(32)
[21.933s][info ][gc,heap        ] GC(895) Old regions: 11->11
[21.933s][info ][gc,heap        ] GC(895) Humongous regions: 0->0
[21.933s][info ][gc,metaspace   ] GC(895) Metaspace: 10122K(10368K)->10122K(10368K) NonClass: 9159K(9344K)->9159K(9344K) Class: 963K(1024K)->963K(1024K)
[21.933s][info ][gc             ] GC(895) Pause Young (Normal) (G1 Evacuation Pause) 256M->4M(424M) 0.581ms
[21.933s][info ][gc,cpu         ] GC(895) User=0.00s Sys=0.00s Real=0.00s
[21.949s][info ][gc,start       ] GC(896) Pause Young (Normal) (G1 Evacuation Pause)
[21.949s][info ][gc,task        ] GC(896) Using 9 workers of 9 for evacuation
[21.949s][debug][gc,age         ] GC(896) Desired survivor size 16777216 bytes, new threshold 15 (max threshold 15)
[21.949s][info ][gc,phases      ] GC(896)   Pre Evacuate Collection Set: 0.10ms
[21.949s][info ][gc,phases      ] GC(896)   Merge Heap Roots: 0.07ms
[21.949s][info ][gc,phases      ] GC(896)   Evacuate Collection Set: 0.11ms
[21.949s][info ][gc,phases      ] GC(896)   Post Evacuate Collection Set: 0.21ms
[21.949s][info ][gc,phases      ] GC(896)   Other: 0.05ms
[21.949s][trace][gc,age         ] GC(896) Age table:
[21.949s][trace][gc,age         ] GC(896) - age   1:        192 bytes,        192 total
[21.949s][info ][gc,heap        ] GC(896) Eden regions: 253->0(253)
[21.949s][info ][gc,heap        ] GC(896) Survivor regions: 1->1(32)
[21.949s][info ][gc,heap        ] GC(896) Old regions: 11->11
[21.949s][info ][gc,heap        ] GC(896) Humongous regions: 0->0
[21.949s][info ][gc,metaspace   ] GC(896) Metaspace: 10122K(10368K)->10122K(10368K) NonClass: 9159K(9344K)->9159K(9344K) Class: 963K(1024K)->963K(1024K)
[21.949s][info ][gc             ] GC(896) Pause Young (Normal) (G1 Evacuation Pause) 256M->4M(424M) 0.637ms
[21.949s][info ][gc,cpu         ] GC(896) User=0.00s Sys=0.01s Real=0.00s
[21.965s][info ][gc,start       ] GC(897) Pause Young (Normal) (G1 Evacuation Pause)
[21.965s][info ][gc,task        ] GC(897) Using 9 workers of 9 for evacuation
[21.965s][debug][gc,age         ] GC(897) Desired survivor size 16777216 bytes, new threshold 15 (max threshold 15)
[21.965s][info ][gc,phases      ] GC(897)   Pre Evacuate Collection Set: 0.07ms
[21.965s][info ][gc,phases      ] GC(897)   Merge Heap Roots: 0.06ms
[21.966s][info ][gc,phases      ] GC(897)   Evacuate Collection Set: 0.14ms
[21.966s][info ][gc,phases      ] GC(897)   Post Evacuate Collection Set: 0.19ms
[21.966s][info ][gc,phases      ] GC(897)   Other: 0.06ms
[21.966s][trace][gc,age         ] GC(897) Age table:
[21.966s][trace][gc,age         ] GC(897) - age   1:        192 bytes,        192 total
[21.966s][info ][gc,heap        ] GC(897) Eden regions: 253->0(253)
[21.966s][info ][gc,heap        ] GC(897) Survivor regions: 1->1(32)
[21.966s][info ][gc,heap        ] GC(897) Old regions: 11->11
[21.966s][info ][gc,heap        ] GC(897) Humongous regions: 0->0
[21.966s][info ][gc,metaspace   ] GC(897) Metaspace: 10122K(10368K)->10122K(10368K) NonClass: 9159K(9344K)->9159K(9344K) Class: 963K(1024K)->963K(1024K)
[21.966s][info ][gc             ] GC(897) Pause Young (Normal) (G1 Evacuation Pause) 256M->4M(424M) 0.616ms
[21.966s][info ][gc,cpu         ] GC(897) User=0.00s Sys=0.00s Real=0.01s
[21.981s][info ][gc,start       ] GC(898) Pause Young (Normal) (G1 Evacuation Pause)
[21.981s][info ][gc,task        ] GC(898) Using 9 workers of 9 for evacuation
[21.981s][debug][gc,age         ] GC(898) Desired survivor size 16777216 bytes, new threshold 15 (max threshold 15)
[21.982s][info ][gc,phases      ] GC(898)   Pre Evacuate Collection Set: 0.07ms
[21.982s][info ][gc,phases      ] GC(898)   Merge Heap Roots: 0.08ms
[21.982s][info ][gc,phases      ] GC(898)   Evacuate Collection Set: 0.10ms
[21.982s][info ][gc,phases      ] GC(898)   Post Evacuate Collection Set: 0.18ms
[21.982s][info ][gc,phases      ] GC(898)   Other: 0.06ms
[21.982s][trace][gc,age         ] GC(898) Age table:
[21.982s][trace][gc,age         ] GC(898) - age   1:        192 bytes,        192 total
[21.982s][info ][gc,heap        ] GC(898) Eden regions: 253->0(253)
[21.982s][info ][gc,heap        ] GC(898) Survivor regions: 1->1(32)
[21.982s][info ][gc,heap        ] GC(898) Old regions: 11->11
[21.982s][info ][gc,heap        ] GC(898) Humongous regions: 0->0
[21.982s][info ][gc,metaspace   ] GC(898) Metaspace: 10122K(10368K)->10122K(10368K) NonClass: 9159K(9344K)->9159K(9344K) Class: 963K(1024K)->963K(1024K)
[21.982s][info ][gc             ] GC(898) Pause Young (Normal) (G1 Evacuation Pause) 256M->4M(424M) 0.578ms
[21.982s][info ][gc,cpu         ] GC(898) User=0.00s Sys=0.00s Real=0.00s
[21.997s][info ][gc,start       ] GC(899) Pause Young (Normal) (G1 Evacuation Pause)
[21.997s][info ][gc,task        ] GC(899) Using 9 workers of 9 for evacuation
[21.997s][debug][gc,age         ] GC(899) Desired survivor size 16777216 bytes, new threshold 15 (max threshold 15)
[21.998s][info ][gc,phases      ] GC(899)   Pre Evacuate Collection Set: 0.07ms
[21.998s][info ][gc,phases      ] GC(899)   Merge Heap Roots: 0.06ms
[21.998s][info ][gc,phases      ] GC(899)   Evacuate Collection Set: 0.11ms
[21.998s][info ][gc,phases      ] GC(899)   Post Evacuate Collection Set: 0.19ms
[21.998s][info ][gc,phases      ] GC(899)   Other: 0.06ms
[21.998s][trace][gc,age         ] GC(899) Age table:
[21.998s][trace][gc,age         ] GC(899) - age   1:        192 bytes,        192 total
[21.998s][info ][gc,heap        ] GC(899) Eden regions: 253->0(253)
[21.998s][info ][gc,heap        ] GC(899) Survivor regions: 1->1(32)
[21.998s][info ][gc,heap        ] GC(899) Old regions: 11->11
[21.998s][info ][gc,heap        ] GC(899) Humongous regions: 0->0
[21.998s][info ][gc,metaspace   ] GC(899) Metaspace: 10122K(10368K)->10122K(10368K) NonClass: 9159K(9344K)->9159K(9344K) Class: 963K(1024K)->963K(1024K)
[21.998s][info ][gc             ] GC(899) Pause Young (Normal) (G1 Evacuation Pause) 256M->4M(424M) 0.586ms
[21.998s][info ][gc,cpu         ] GC(899) User=0.00s Sys=0.00s Real=0.00s
[22.013s][info ][gc,start       ] GC(900) Pause Young (Normal) (G1 Evacuation Pause)
[22.013s][info ][gc,task        ] GC(900) Using 9 workers of 9 for evacuation
[22.013s][debug][gc,age         ] GC(900) Desired survivor size 16777216 bytes, new threshold 15 (max threshold 15)
[22.014s][info ][gc,phases      ] GC(900)   Pre Evacuate Collection Set: 0.10ms
[22.014s][info ][gc,phases      ] GC(900)   Merge Heap Roots: 0.07ms
[22.014s][info ][gc,phases      ] GC(900)   Evacuate Collection Set: 0.10ms
[22.014s][info ][gc,phases      ] GC(900)   Post Evacuate Collection Set: 0.17ms
[22.014s][info ][gc,phases      ] GC(900)   Other: 0.05ms
[22.014s][trace][gc,age         ] GC(900) Age table:
[22.014s][trace][gc,age         ] GC(900) - age   1:        192 bytes,        192 total
[22.014s][info ][gc,heap        ] GC(900) Eden regions: 253->0(253)
[22.014s][info ][gc,heap        ] GC(900) Survivor regions: 1->1(32)
[22.014s][info ][gc,heap        ] GC(900) Old regions: 11->11
[22.014s][info ][gc,heap        ] GC(900) Humongous regions: 0->0
[22.014s][info ][gc,metaspace   ] GC(900) Metaspace: 10122K(10368K)->10122K(10368K) NonClass: 9159K(9344K)->9159K(9344K) Class: 963K(1024K)->963K(1024K)
[22.014s][info ][gc             ] GC(900) Pause Young (Normal) (G1 Evacuation Pause) 256M->4M(424M) 0.576ms
[22.014s][info ][gc,cpu         ] GC(900) User=0.00s Sys=0.00s Real=0.00s
[22.030s][info ][gc,start       ] GC(901) Pause Young (Normal) (G1 Evacuation Pause)
[22.030s][info ][gc,task        ] GC(901) Using 9 workers of 9 for evacuation
[22.030s][debug][gc,age         ] GC(901) Desired survivor size 16777216 bytes, new threshold 15 (max threshold 15)
[22.030s][info ][gc,phases      ] GC(901)   Pre Evacuate Collection Set: 0.07ms
[22.030s][info ][gc,phases      ] GC(901)   Merge Heap Roots: 0.06ms
[22.030s][info ][gc,phases      ] GC(901)   Evacuate Collection Set: 0.10ms
[22.030s][info ][gc,phases      ] GC(901)   Post Evacuate Collection Set: 0.18ms
[22.030s][info ][gc,phases      ] GC(901)   Other: 0.05ms
[22.030s][trace][gc,age         ] GC(901) Age table:
[22.030s][trace][gc,age         ] GC(901) - age   1:        192 bytes,        192 total
[22.030s][info ][gc,heap        ] GC(901) Eden regions: 253->0(253)
[22.030s][info ][gc,heap        ] GC(901) Survivor regions: 1->1(32)
[22.030s][info ][gc,heap        ] GC(901) Old regions: 11->11
[22.030s][info ][gc,heap        ] GC(901) Humongous regions: 0->0
[22.030s][info ][gc,metaspace   ] GC(901) Metaspace: 10122K(10368K)->10122K(10368K) NonClass: 9159K(9344K)->9159K(9344K) Class: 963K(1024K)->963K(1024K)
[22.030s][info ][gc             ] GC(901) Pause Young (Normal) (G1 Evacuation Pause) 256M->4M(424M) 0.556ms
[22.030s][info ][gc,cpu         ] GC(901) User=0.00s Sys=0.00s Real=0.00s
[22.046s][info ][gc,start       ] GC(902) Pause Young (Normal) (G1 Evacuation Pause)
[22.046s][info ][gc,task        ] GC(902) Using 9 workers of 9 for evacuation
[22.046s][debug][gc,age         ] GC(902) Desired survivor size 16777216 bytes, new threshold 15 (max threshold 15)
[22.047s][info ][gc,phases      ] GC(902)   Pre Evacuate Collection Set: 0.09ms
[22.047s][info ][gc,phases      ] GC(902)   Merge Heap Roots: 0.07ms
[22.047s][info ][gc,phases      ] GC(902)   Evacuate Collection Set: 0.09ms
[22.047s][info ][gc,phases      ] GC(902)   Post Evacuate Collection Set: 0.18ms
[22.047s][info ][gc,phases      ] GC(902)   Other: 0.07ms
[22.047s][trace][gc,age         ] GC(902) Age table:
[22.047s][trace][gc,age         ] GC(902) - age   1:        192 bytes,        192 total
[22.047s][info ][gc,heap        ] GC(902) Eden regions: 253->0(253)
[22.047s][info ][gc,heap        ] GC(902) Survivor regions: 1->1(32)
[22.047s][info ][gc,heap        ] GC(902) Old regions: 11->11
[22.047s][info ][gc,heap        ] GC(902) Humongous regions: 0->0
[22.047s][info ][gc,metaspace   ] GC(902) Metaspace: 10122K(10368K)->10122K(10368K) NonClass: 9159K(9344K)->9159K(9344K) Class: 963K(1024K)->963K(1024K)
[22.047s][info ][gc             ] GC(902) Pause Young (Normal) (G1 Evacuation Pause) 256M->4M(424M) 0.598ms
[22.047s][info ][gc,cpu         ] GC(902) User=0.00s Sys=0.00s Real=0.00s
[22.062s][info ][gc,start       ] GC(903) Pause Young (Normal) (G1 Evacuation Pause)
[22.062s][info ][gc,task        ] GC(903) Using 9 workers of 9 for evacuation
[22.062s][debug][gc,age         ] GC(903) Desired survivor size 16777216 bytes, new threshold 15 (max threshold 15)
[22.063s][info ][gc,phases      ] GC(903)   Pre Evacuate Collection Set: 0.05ms
[22.063s][info ][gc,phases      ] GC(903)   Merge Heap Roots: 0.08ms
[22.063s][info ][gc,phases      ] GC(903)   Evacuate Collection Set: 0.10ms
[22.063s][info ][gc,phases      ] GC(903)   Post Evacuate Collection Set: 0.17ms
[22.063s][info ][gc,phases      ] GC(903)   Other: 0.07ms
[22.063s][trace][gc,age         ] GC(903) Age table:
[22.063s][trace][gc,age         ] GC(903) - age   1:        192 bytes,        192 total
[22.063s][info ][gc,heap        ] GC(903) Eden regions: 253->0(253)
[22.063s][info ][gc,heap        ] GC(903) Survivor regions: 1->1(32)
[22.063s][info ][gc,heap        ] GC(903) Old regions: 11->11
[22.063s][info ][gc,heap        ] GC(903) Humongous regions: 0->0
[22.063s][info ][gc,metaspace   ] GC(903) Metaspace: 10122K(10368K)->10122K(10368K) NonClass: 9159K(9344K)->9159K(9344K) Class: 963K(1024K)->963K(1024K)
[22.063s][info ][gc             ] GC(903) Pause Young (Normal) (G1 Evacuation Pause) 256M->4M(424M) 0.557ms
[22.063s][info ][gc,cpu         ] GC(903) User=0.00s Sys=0.00s Real=0.00s
[22.078s][info ][gc,start       ] GC(904) Pause Young (Normal) (G1 Evacuation Pause)
[22.078s][info ][gc,task        ] GC(904) Using 9 workers of 9 for evacuation
[22.078s][debug][gc,age         ] GC(904) Desired survivor size 16777216 bytes, new threshold 15 (max threshold 15)
[22.079s][info ][gc,phases      ] GC(904)   Pre Evacuate Collection Set: 0.07ms
[22.079s][info ][gc,phases      ] GC(904)   Merge Heap Roots: 0.09ms
[22.079s][info ][gc,phases      ] GC(904)   Evacuate Collection Set: 0.10ms
[22.079s][info ][gc,phases      ] GC(904)   Post Evacuate Collection Set: 0.17ms
[22.079s][info ][gc,phases      ] GC(904)   Other: 0.05ms
[22.079s][trace][gc,age         ] GC(904) Age table:
[22.079s][trace][gc,age         ] GC(904) - age   1:        192 bytes,        192 total
[22.079s][info ][gc,heap        ] GC(904) Eden regions: 253->0(253)
[22.079s][info ][gc,heap        ] GC(904) Survivor regions: 1->1(32)
[22.079s][info ][gc,heap        ] GC(904) Old regions: 11->11
[22.079s][info ][gc,heap        ] GC(904) Humongous regions: 0->0
[22.079s][info ][gc,metaspace   ] GC(904) Metaspace: 10122K(10368K)->10122K(10368K) NonClass: 9159K(9344K)->9159K(9344K) Class: 963K(1024K)->963K(1024K)
[22.079s][info ][gc             ] GC(904) Pause Young (Normal) (G1 Evacuation Pause) 256M->4M(424M) 0.563ms
[22.079s][info ][gc,cpu         ] GC(904) User=0.00s Sys=0.00s Real=0.00s
[22.094s][info ][gc,start       ] GC(905) Pause Young (Normal) (G1 Evacuation Pause)
[22.095s][info ][gc,task        ] GC(905) Using 9 workers of 9 for evacuation
[22.095s][debug][gc,age         ] GC(905) Desired survivor size 16777216 bytes, new threshold 15 (max threshold 15)
[22.095s][info ][gc,phases      ] GC(905)   Pre Evacuate Collection Set: 0.10ms
[22.095s][info ][gc,phases      ] GC(905)   Merge Heap Roots: 0.08ms
[22.095s][info ][gc,phases      ] GC(905)   Evacuate Collection Set: 0.13ms
[22.095s][info ][gc,phases      ] GC(905)   Post Evacuate Collection Set: 0.17ms
[22.095s][info ][gc,phases      ] GC(905)   Other: 0.05ms
[22.095s][trace][gc,age         ] GC(905) Age table:
[22.095s][trace][gc,age         ] GC(905) - age   1:        192 bytes,        192 total
[22.095s][info ][gc,heap        ] GC(905) Eden regions: 253->0(253)
[22.095s][info ][gc,heap        ] GC(905) Survivor regions: 1->1(32)
[22.095s][info ][gc,heap        ] GC(905) Old regions: 11->11
[22.095s][info ][gc,heap        ] GC(905) Humongous regions: 0->0
[22.095s][info ][gc,metaspace   ] GC(905) Metaspace: 10122K(10368K)->10122K(10368K) NonClass: 9159K(9344K)->9159K(9344K) Class: 963K(1024K)->963K(1024K)
[22.095s][info ][gc             ] GC(905) Pause Young (Normal) (G1 Evacuation Pause) 256M->4M(424M) 0.626ms
[22.095s][info ][gc,cpu         ] GC(905) User=0.00s Sys=0.00s Real=0.01s
[22.111s][info ][gc,start       ] GC(906) Pause Young (Normal) (G1 Evacuation Pause)
[22.111s][info ][gc,task        ] GC(906) Using 9 workers of 9 for evacuation
[22.111s][debug][gc,age         ] GC(906) Desired survivor size 16777216 bytes, new threshold 15 (max threshold 15)
[22.111s][info ][gc,phases      ] GC(906)   Pre Evacuate Collection Set: 0.07ms
[22.111s][info ][gc,phases      ] GC(906)   Merge Heap Roots: 0.07ms
[22.111s][info ][gc,phases      ] GC(906)   Evacuate Collection Set: 0.09ms
[22.111s][info ][gc,phases      ] GC(906)   Post Evacuate Collection Set: 0.18ms
[22.111s][info ][gc,phases      ] GC(906)   Other: 0.07ms
[22.111s][trace][gc,age         ] GC(906) Age table:
[22.111s][trace][gc,age         ] GC(906) - age   1:        192 bytes,        192 total
[22.111s][info ][gc,heap        ] GC(906) Eden regions: 253->0(253)
[22.111s][info ][gc,heap        ] GC(906) Survivor regions: 1->1(32)
[22.111s][info ][gc,heap        ] GC(906) Old regions: 11->11
[22.111s][info ][gc,heap        ] GC(906) Humongous regions: 0->0
[22.111s][info ][gc,metaspace   ] GC(906) Metaspace: 10122K(10368K)->10122K(10368K) NonClass: 9159K(9344K)->9159K(9344K) Class: 963K(1024K)->963K(1024K)
[22.111s][info ][gc             ] GC(906) Pause Young (Normal) (G1 Evacuation Pause) 256M->4M(424M) 0.582ms
[22.111s][info ][gc,cpu         ] GC(906) User=0.01s Sys=0.00s Real=0.00s
[22.127s][info ][gc,start       ] GC(907) Pause Young (Normal) (G1 Evacuation Pause)
[22.127s][info ][gc,task        ] GC(907) Using 9 workers of 9 for evacuation
[22.127s][debug][gc,age         ] GC(907) Desired survivor size 16777216 bytes, new threshold 15 (max threshold 15)
[22.128s][info ][gc,phases      ] GC(907)   Pre Evacuate Collection Set: 0.06ms
[22.128s][info ][gc,phases      ] GC(907)   Merge Heap Roots: 0.05ms
[22.128s][info ][gc,phases      ] GC(907)   Evacuate Collection Set: 0.12ms
[22.128s][info ][gc,phases      ] GC(907)   Post Evacuate Collection Set: 0.19ms
[22.128s][info ][gc,phases      ] GC(907)   Other: 0.06ms
[22.128s][trace][gc,age         ] GC(907) Age table:
[22.128s][trace][gc,age         ] GC(907) - age   1:        192 bytes,        192 total
[22.128s][info ][gc,heap        ] GC(907) Eden regions: 253->0(253)
[22.128s][info ][gc,heap        ] GC(907) Survivor regions: 1->1(32)
[22.128s][info ][gc,heap        ] GC(907) Old regions: 11->11
[22.128s][info ][gc,heap        ] GC(907) Humongous regions: 0->0
[22.128s][info ][gc,metaspace   ] GC(907) Metaspace: 10122K(10368K)->10122K(10368K) NonClass: 9159K(9344K)->9159K(9344K) Class: 963K(1024K)->963K(1024K)
[22.128s][info ][gc             ] GC(907) Pause Young (Normal) (G1 Evacuation Pause) 256M->4M(424M) 0.569ms
[22.128s][info ][gc,cpu         ] GC(907) User=0.00s Sys=0.00s Real=0.00s
[22.143s][info ][gc,start       ] GC(908) Pause Young (Normal) (G1 Evacuation Pause)
[22.143s][info ][gc,task        ] GC(908) Using 9 workers of 9 for evacuation
[22.143s][debug][gc,age         ] GC(908) Desired survivor size 16777216 bytes, new threshold 15 (max threshold 15)
[22.144s][info ][gc,phases      ] GC(908)   Pre Evacuate Collection Set: 0.07ms
[22.144s][info ][gc,phases      ] GC(908)   Merge Heap Roots: 0.06ms
[22.144s][info ][gc,phases      ] GC(908)   Evacuate Collection Set: 0.12ms
[22.144s][info ][gc,phases      ] GC(908)   Post Evacuate Collection Set: 0.17ms
[22.144s][info ][gc,phases      ] GC(908)   Other: 0.06ms
[22.144s][trace][gc,age         ] GC(908) Age table:
[22.144s][trace][gc,age         ] GC(908) - age   1:        192 bytes,        192 total
[22.144s][info ][gc,heap        ] GC(908) Eden regions: 253->0(253)
[22.144s][info ][gc,heap        ] GC(908) Survivor regions: 1->1(32)
[22.144s][info ][gc,heap        ] GC(908) Old regions: 11->11
[22.144s][info ][gc,heap        ] GC(908) Humongous regions: 0->0
[22.144s][info ][gc,metaspace   ] GC(908) Metaspace: 10122K(10368K)->10122K(10368K) NonClass: 9159K(9344K)->9159K(9344K) Class: 963K(1024K)->963K(1024K)
[22.144s][info ][gc             ] GC(908) Pause Young (Normal) (G1 Evacuation Pause) 256M->4M(424M) 0.558ms
[22.144s][info ][gc,cpu         ] GC(908) User=0.00s Sys=0.00s Real=0.00s
[22.159s][info ][gc,start       ] GC(909) Pause Young (Normal) (G1 Evacuation Pause)
[22.159s][info ][gc,task        ] GC(909) Using 9 workers of 9 for evacuation
[22.159s][debug][gc,age         ] GC(909) Desired survivor size 16777216 bytes, new threshold 15 (max threshold 15)
[22.160s][info ][gc,phases      ] GC(909)   Pre Evacuate Collection Set: 0.08ms
[22.160s][info ][gc,phases      ] GC(909)   Merge Heap Roots: 0.06ms
[22.160s][info ][gc,phases      ] GC(909)   Evacuate Collection Set: 0.12ms
[22.160s][info ][gc,phases      ] GC(909)   Post Evacuate Collection Set: 0.20ms
[22.160s][info ][gc,phases      ] GC(909)   Other: 0.06ms
[22.160s][trace][gc,age         ] GC(909) Age table:
[22.160s][trace][gc,age         ] GC(909) - age   1:        192 bytes,        192 total
[22.160s][info ][gc,heap        ] GC(909) Eden regions: 253->0(253)
[22.160s][info ][gc,heap        ] GC(909) Survivor regions: 1->1(32)
[22.160s][info ][gc,heap        ] GC(909) Old regions: 11->11
[22.160s][info ][gc,heap        ] GC(909) Humongous regions: 0->0
[22.160s][info ][gc,metaspace   ] GC(909) Metaspace: 10122K(10368K)->10122K(10368K) NonClass: 9159K(9344K)->9159K(9344K) Class: 963K(1024K)->963K(1024K)
[22.160s][info ][gc             ] GC(909) Pause Young (Normal) (G1 Evacuation Pause) 256M->4M(424M) 0.619ms
[22.160s][info ][gc,cpu         ] GC(909) User=0.01s Sys=0.00s Real=0.00s
[22.176s][info ][gc,start       ] GC(910) Pause Young (Normal) (G1 Evacuation Pause)
[22.176s][info ][gc,task        ] GC(910) Using 9 workers of 9 for evacuation
[22.176s][debug][gc,age         ] GC(910) Desired survivor size 16777216 bytes, new threshold 15 (max threshold 15)
[22.176s][info ][gc,phases      ] GC(910)   Pre Evacuate Collection Set: 0.06ms
[22.176s][info ][gc,phases      ] GC(910)   Merge Heap Roots: 0.05ms
[22.176s][info ][gc,phases      ] GC(910)   Evacuate Collection Set: 0.11ms
[22.176s][info ][gc,phases      ] GC(910)   Post Evacuate Collection Set: 0.20ms
[22.176s][info ][gc,phases      ] GC(910)   Other: 0.05ms
[22.176s][trace][gc,age         ] GC(910) Age table:
[22.176s][trace][gc,age         ] GC(910) - age   1:        192 bytes,        192 total
[22.176s][info ][gc,heap        ] GC(910) Eden regions: 253->0(253)
[22.176s][info ][gc,heap        ] GC(910) Survivor regions: 1->1(32)
[22.176s][info ][gc,heap        ] GC(910) Old regions: 11->11
[22.176s][info ][gc,heap        ] GC(910) Humongous regions: 0->0
[22.176s][info ][gc,metaspace   ] GC(910) Metaspace: 10122K(10368K)->10122K(10368K) NonClass: 9159K(9344K)->9159K(9344K) Class: 963K(1024K)->963K(1024K)
[22.176s][info ][gc             ] GC(910) Pause Young (Normal) (G1 Evacuation Pause) 256M->4M(424M) 0.575ms
[22.176s][info ][gc,cpu         ] GC(910) User=0.00s Sys=0.00s Real=0.00s
[22.192s][info ][gc,start       ] GC(911) Pause Young (Normal) (G1 Evacuation Pause)
[22.192s][info ][gc,task        ] GC(911) Using 9 workers of 9 for evacuation
[22.192s][debug][gc,age         ] GC(911) Desired survivor size 16777216 bytes, new threshold 15 (max threshold 15)
[22.192s][info ][gc,phases      ] GC(911)   Pre Evacuate Collection Set: 0.06ms
[22.192s][info ][gc,phases      ] GC(911)   Merge Heap Roots: 0.05ms
[22.192s][info ][gc,phases      ] GC(911)   Evacuate Collection Set: 0.13ms
[22.192s][info ][gc,phases      ] GC(911)   Post Evacuate Collection Set: 0.16ms
[22.192s][info ][gc,phases      ] GC(911)   Other: 0.06ms
[22.192s][trace][gc,age         ] GC(911) Age table:
[22.192s][trace][gc,age         ] GC(911) - age   1:        192 bytes,        192 total
[22.192s][info ][gc,heap        ] GC(911) Eden regions: 253->0(253)
[22.192s][info ][gc,heap        ] GC(911) Survivor regions: 1->1(32)
[22.192s][info ][gc,heap        ] GC(911) Old regions: 11->11
[22.192s][info ][gc,heap        ] GC(911) Humongous regions: 0->0
[22.192s][info ][gc,metaspace   ] GC(911) Metaspace: 10122K(10368K)->10122K(10368K) NonClass: 9159K(9344K)->9159K(9344K) Class: 963K(1024K)->963K(1024K)
[22.192s][info ][gc             ] GC(911) Pause Young (Normal) (G1 Evacuation Pause) 256M->4M(424M) 0.573ms
[22.193s][info ][gc,cpu         ] GC(911) User=0.00s Sys=0.00s Real=0.00s
[22.208s][info ][gc,start       ] GC(912) Pause Young (Normal) (G1 Evacuation Pause)
[22.208s][info ][gc,task        ] GC(912) Using 9 workers of 9 for evacuation
[22.208s][debug][gc,age         ] GC(912) Desired survivor size 16777216 bytes, new threshold 15 (max threshold 15)
[22.209s][info ][gc,phases      ] GC(912)   Pre Evacuate Collection Set: 0.09ms
[22.209s][info ][gc,phases      ] GC(912)   Merge Heap Roots: 0.07ms
[22.209s][info ][gc,phases      ] GC(912)   Evacuate Collection Set: 0.13ms
[22.209s][info ][gc,phases      ] GC(912)   Post Evacuate Collection Set: 0.18ms
[22.209s][info ][gc,phases      ] GC(912)   Other: 0.07ms
[22.209s][trace][gc,age         ] GC(912) Age table:
[22.209s][trace][gc,age         ] GC(912) - age   1:        192 bytes,        192 total
[22.209s][info ][gc,heap        ] GC(912) Eden regions: 253->0(253)
[22.209s][info ][gc,heap        ] GC(912) Survivor regions: 1->1(32)
[22.209s][info ][gc,heap        ] GC(912) Old regions: 11->11
[22.209s][info ][gc,heap        ] GC(912) Humongous regions: 0->0
[22.209s][info ][gc,metaspace   ] GC(912) Metaspace: 10122K(10368K)->10122K(10368K) NonClass: 9159K(9344K)->9159K(9344K) Class: 963K(1024K)->963K(1024K)
[22.209s][info ][gc             ] GC(912) Pause Young (Normal) (G1 Evacuation Pause) 256M->4M(424M) 0.638ms
[22.209s][info ][gc,cpu         ] GC(912) User=0.01s Sys=0.00s Real=0.00s
[22.224s][info ][gc,start       ] GC(913) Pause Young (Normal) (G1 Evacuation Pause)
[22.224s][info ][gc,task        ] GC(913) Using 9 workers of 9 for evacuation
[22.224s][debug][gc,age         ] GC(913) Desired survivor size 16777216 bytes, new threshold 15 (max threshold 15)
[22.225s][info ][gc,phases      ] GC(913)   Pre Evacuate Collection Set: 0.09ms
[22.225s][info ][gc,phases      ] GC(913)   Merge Heap Roots: 0.08ms
[22.225s][info ][gc,phases      ] GC(913)   Evacuate Collection Set: 0.09ms
[22.225s][info ][gc,phases      ] GC(913)   Post Evacuate Collection Set: 0.18ms
[22.225s][info ][gc,phases      ] GC(913)   Other: 0.04ms
[22.225s][trace][gc,age         ] GC(913) Age table:
[22.225s][trace][gc,age         ] GC(913) - age   1:        192 bytes,        192 total
[22.225s][info ][gc,heap        ] GC(913) Eden regions: 253->0(253)
[22.225s][info ][gc,heap        ] GC(913) Survivor regions: 1->1(32)
[22.225s][info ][gc,heap        ] GC(913) Old regions: 11->11
[22.225s][info ][gc,heap        ] GC(913) Humongous regions: 0->0
[22.225s][info ][gc,metaspace   ] GC(913) Metaspace: 10122K(10368K)->10122K(10368K) NonClass: 9159K(9344K)->9159K(9344K) Class: 963K(1024K)->963K(1024K)
[22.225s][info ][gc             ] GC(913) Pause Young (Normal) (G1 Evacuation Pause) 256M->4M(424M) 0.570ms
[22.225s][info ][gc,cpu         ] GC(913) User=0.00s Sys=0.01s Real=0.00s
[22.241s][info ][gc,start       ] GC(914) Pause Young (Normal) (G1 Evacuation Pause)
[22.241s][info ][gc,task        ] GC(914) Using 9 workers of 9 for evacuation
[22.241s][debug][gc,age         ] GC(914) Desired survivor size 16777216 bytes, new threshold 15 (max threshold 15)
[22.241s][info ][gc,phases      ] GC(914)   Pre Evacuate Collection Set: 0.07ms
[22.241s][info ][gc,phases      ] GC(914)   Merge Heap Roots: 0.07ms
[22.241s][info ][gc,phases      ] GC(914)   Evacuate Collection Set: 0.09ms
[22.241s][info ][gc,phases      ] GC(914)   Post Evacuate Collection Set: 0.16ms
[22.241s][info ][gc,phases      ] GC(914)   Other: 0.05ms
[22.241s][trace][gc,age         ] GC(914) Age table:
[22.241s][trace][gc,age         ] GC(914) - age   1:        192 bytes,        192 total
[22.241s][info ][gc,heap        ] GC(914) Eden regions: 253->0(253)
[22.241s][info ][gc,heap        ] GC(914) Survivor regions: 1->1(32)
[22.241s][info ][gc,heap        ] GC(914) Old regions: 11->11
[22.241s][info ][gc,heap        ] GC(914) Humongous regions: 0->0
[22.241s][info ][gc,metaspace   ] GC(914) Metaspace: 10122K(10368K)->10122K(10368K) NonClass: 9159K(9344K)->9159K(9344K) Class: 963K(1024K)->963K(1024K)
[22.241s][info ][gc             ] GC(914) Pause Young (Normal) (G1 Evacuation Pause) 256M->4M(424M) 0.546ms
[22.241s][info ][gc,cpu         ] GC(914) User=0.00s Sys=0.00s Real=0.00s
[22.257s][info ][gc,start       ] GC(915) Pause Young (Normal) (G1 Evacuation Pause)
[22.257s][info ][gc,task        ] GC(915) Using 9 workers of 9 for evacuation
[22.257s][debug][gc,age         ] GC(915) Desired survivor size 16777216 bytes, new threshold 15 (max threshold 15)
[22.257s][info ][gc,phases      ] GC(915)   Pre Evacuate Collection Set: 0.08ms
[22.257s][info ][gc,phases      ] GC(915)   Merge Heap Roots: 0.06ms
[22.257s][info ][gc,phases      ] GC(915)   Evacuate Collection Set: 0.09ms
[22.257s][info ][gc,phases      ] GC(915)   Post Evacuate Collection Set: 0.20ms
[22.257s][info ][gc,phases      ] GC(915)   Other: 0.07ms
[22.257s][trace][gc,age         ] GC(915) Age table:
[22.257s][trace][gc,age         ] GC(915) - age   1:        192 bytes,        192 total
[22.257s][info ][gc,heap        ] GC(915) Eden regions: 253->0(253)
[22.257s][info ][gc,heap        ] GC(915) Survivor regions: 1->1(32)
[22.257s][info ][gc,heap        ] GC(915) Old regions: 11->11
[22.257s][info ][gc,heap        ] GC(915) Humongous regions: 0->0
[22.257s][info ][gc,metaspace   ] GC(915) Metaspace: 10122K(10368K)->10122K(10368K) NonClass: 9159K(9344K)->9159K(9344K) Class: 963K(1024K)->963K(1024K)
[22.257s][info ][gc             ] GC(915) Pause Young (Normal) (G1 Evacuation Pause) 256M->4M(424M) 0.609ms
[22.257s][info ][gc,cpu         ] GC(915) User=0.00s Sys=0.00s Real=0.00s
[22.273s][info ][gc,start       ] GC(916) Pause Young (Normal) (G1 Evacuation Pause)
[22.273s][info ][gc,task        ] GC(916) Using 9 workers of 9 for evacuation
[22.273s][debug][gc,age         ] GC(916) Desired survivor size 16777216 bytes, new threshold 15 (max threshold 15)
[22.274s][info ][gc,phases      ] GC(916)   Pre Evacuate Collection Set: 0.07ms
[22.274s][info ][gc,phases      ] GC(916)   Merge Heap Roots: 0.06ms
[22.274s][info ][gc,phases      ] GC(916)   Evacuate Collection Set: 0.13ms
[22.274s][info ][gc,phases      ] GC(916)   Post Evacuate Collection Set: 0.21ms
[22.274s][info ][gc,phases      ] GC(916)   Other: 0.06ms
[22.274s][trace][gc,age         ] GC(916) Age table:
[22.274s][trace][gc,age         ] GC(916) - age   1:        192 bytes,        192 total
[22.274s][info ][gc,heap        ] GC(916) Eden regions: 253->0(253)
[22.274s][info ][gc,heap        ] GC(916) Survivor regions: 1->1(32)
[22.274s][info ][gc,heap        ] GC(916) Old regions: 11->11
[22.274s][info ][gc,heap        ] GC(916) Humongous regions: 0->0
[22.274s][info ][gc,metaspace   ] GC(916) Metaspace: 10122K(10368K)->10122K(10368K) NonClass: 9159K(9344K)->9159K(9344K) Class: 963K(1024K)->963K(1024K)
[22.274s][info ][gc             ] GC(916) Pause Young (Normal) (G1 Evacuation Pause) 256M->4M(424M) 0.624ms
[22.274s][info ][gc,cpu         ] GC(916) User=0.00s Sys=0.00s Real=0.00s
[22.289s][info ][gc,start       ] GC(917) Pause Young (Normal) (G1 Evacuation Pause)
[22.289s][info ][gc,task        ] GC(917) Using 9 workers of 9 for evacuation
[22.289s][debug][gc,age         ] GC(917) Desired survivor size 16777216 bytes, new threshold 15 (max threshold 15)
[22.290s][info ][gc,phases      ] GC(917)   Pre Evacuate Collection Set: 0.06ms
[22.290s][info ][gc,phases      ] GC(917)   Merge Heap Roots: 0.07ms
[22.290s][info ][gc,phases      ] GC(917)   Evacuate Collection Set: 0.10ms
[22.290s][info ][gc,phases      ] GC(917)   Post Evacuate Collection Set: 0.17ms
[22.290s][info ][gc,phases      ] GC(917)   Other: 0.05ms
[22.290s][trace][gc,age         ] GC(917) Age table:
[22.290s][trace][gc,age         ] GC(917) - age   1:        192 bytes,        192 total
[22.290s][info ][gc,heap        ] GC(917) Eden regions: 253->0(253)
[22.290s][info ][gc,heap        ] GC(917) Survivor regions: 1->1(32)
[22.290s][info ][gc,heap        ] GC(917) Old regions: 11->11
[22.290s][info ][gc,heap        ] GC(917) Humongous regions: 0->0
[22.290s][info ][gc,metaspace   ] GC(917) Metaspace: 10122K(10368K)->10122K(10368K) NonClass: 9159K(9344K)->9159K(9344K) Class: 963K(1024K)->963K(1024K)
[22.290s][info ][gc             ] GC(917) Pause Young (Normal) (G1 Evacuation Pause) 256M->4M(424M) 0.543ms
[22.290s][info ][gc,cpu         ] GC(917) User=0.00s Sys=0.00s Real=0.00s
[22.306s][info ][gc,start       ] GC(918) Pause Young (Normal) (G1 Evacuation Pause)
[22.306s][info ][gc,task        ] GC(918) Using 9 workers of 9 for evacuation
[22.306s][debug][gc,age         ] GC(918) Desired survivor size 16777216 bytes, new threshold 15 (max threshold 15)
[22.306s][info ][gc,phases      ] GC(918)   Pre Evacuate Collection Set: 0.09ms
[22.306s][info ][gc,phases      ] GC(918)   Merge Heap Roots: 0.07ms
[22.306s][info ][gc,phases      ] GC(918)   Evacuate Collection Set: 0.08ms
[22.306s][info ][gc,phases      ] GC(918)   Post Evacuate Collection Set: 0.16ms
[22.306s][info ][gc,phases      ] GC(918)   Other: 0.05ms
[22.306s][trace][gc,age         ] GC(918) Age table:
[22.306s][trace][gc,age         ] GC(918) - age   1:        192 bytes,        192 total
[22.306s][info ][gc,heap        ] GC(918) Eden regions: 253->0(253)
[22.306s][info ][gc,heap        ] GC(918) Survivor regions: 1->1(32)
[22.306s][info ][gc,heap        ] GC(918) Old regions: 11->11
[22.306s][info ][gc,heap        ] GC(918) Humongous regions: 0->0
[22.306s][info ][gc,metaspace   ] GC(918) Metaspace: 10122K(10368K)->10122K(10368K) NonClass: 9159K(9344K)->9159K(9344K) Class: 963K(1024K)->963K(1024K)
[22.306s][info ][gc             ] GC(918) Pause Young (Normal) (G1 Evacuation Pause) 256M->4M(424M) 0.542ms
[22.306s][info ][gc,cpu         ] GC(918) User=0.00s Sys=0.00s Real=0.00s
[22.322s][info ][gc,start       ] GC(919) Pause Young (Normal) (G1 Evacuation Pause)
[22.322s][info ][gc,task        ] GC(919) Using 9 workers of 9 for evacuation
[22.322s][debug][gc,age         ] GC(919) Desired survivor size 16777216 bytes, new threshold 15 (max threshold 15)
[22.323s][info ][gc,phases      ] GC(919)   Pre Evacuate Collection Set: 0.08ms
[22.323s][info ][gc,phases      ] GC(919)   Merge Heap Roots: 0.06ms
[22.323s][info ][gc,phases      ] GC(919)   Evacuate Collection Set: 0.13ms
[22.323s][info ][gc,phases      ] GC(919)   Post Evacuate Collection Set: 0.20ms
[22.323s][info ][gc,phases      ] GC(919)   Other: 0.05ms
[22.323s][trace][gc,age         ] GC(919) Age table:
[22.323s][trace][gc,age         ] GC(919) - age   1:        192 bytes,        192 total
[22.323s][info ][gc,heap        ] GC(919) Eden regions: 253->0(253)
[22.323s][info ][gc,heap        ] GC(919) Survivor regions: 1->1(32)
[22.323s][info ][gc,heap        ] GC(919) Old regions: 11->11
[22.323s][info ][gc,heap        ] GC(919) Humongous regions: 0->0
[22.323s][info ][gc,metaspace   ] GC(919) Metaspace: 10122K(10368K)->10122K(10368K) NonClass: 9159K(9344K)->9159K(9344K) Class: 963K(1024K)->963K(1024K)
[22.323s][info ][gc             ] GC(919) Pause Young (Normal) (G1 Evacuation Pause) 256M->4M(424M) 0.603ms
[22.323s][info ][gc,cpu         ] GC(919) User=0.00s Sys=0.00s Real=0.00s
[22.338s][info ][gc,start       ] GC(920) Pause Young (Normal) (G1 Evacuation Pause)
[22.338s][info ][gc,task        ] GC(920) Using 9 workers of 9 for evacuation
[22.338s][debug][gc,age         ] GC(920) Desired survivor size 16777216 bytes, new threshold 15 (max threshold 15)
[22.339s][info ][gc,phases      ] GC(920)   Pre Evacuate Collection Set: 0.07ms
[22.339s][info ][gc,phases      ] GC(920)   Merge Heap Roots: 0.05ms
[22.339s][info ][gc,phases      ] GC(920)   Evacuate Collection Set: 0.13ms
[22.339s][info ][gc,phases      ] GC(920)   Post Evacuate Collection Set: 0.17ms
[22.339s][info ][gc,phases      ] GC(920)   Other: 0.06ms
[22.339s][trace][gc,age         ] GC(920) Age table:
[22.339s][trace][gc,age         ] GC(920) - age   1:        192 bytes,        192 total
[22.339s][info ][gc,heap        ] GC(920) Eden regions: 253->0(253)
[22.339s][info ][gc,heap        ] GC(920) Survivor regions: 1->1(32)
[22.339s][info ][gc,heap        ] GC(920) Old regions: 11->11
[22.339s][info ][gc,heap        ] GC(920) Humongous regions: 0->0
[22.339s][info ][gc,metaspace   ] GC(920) Metaspace: 10122K(10368K)->10122K(10368K) NonClass: 9159K(9344K)->9159K(9344K) Class: 963K(1024K)->963K(1024K)
[22.339s][info ][gc             ] GC(920) Pause Young (Normal) (G1 Evacuation Pause) 256M->4M(424M) 0.567ms
[22.339s][info ][gc,cpu         ] GC(920) User=0.00s Sys=0.00s Real=0.00s
[22.355s][info ][gc,start       ] GC(921) Pause Young (Normal) (G1 Evacuation Pause)
[22.355s][info ][gc,task        ] GC(921) Using 9 workers of 9 for evacuation
[22.355s][debug][gc,age         ] GC(921) Desired survivor size 16777216 bytes, new threshold 15 (max threshold 15)
[22.355s][info ][gc,phases      ] GC(921)   Pre Evacuate Collection Set: 0.06ms
[22.355s][info ][gc,phases      ] GC(921)   Merge Heap Roots: 0.06ms
[22.355s][info ][gc,phases      ] GC(921)   Evacuate Collection Set: 0.13ms
[22.355s][info ][gc,phases      ] GC(921)   Post Evacuate Collection Set: 0.16ms
[22.355s][info ][gc,phases      ] GC(921)   Other: 0.06ms
[22.355s][trace][gc,age         ] GC(921) Age table:
[22.355s][trace][gc,age         ] GC(921) - age   1:        192 bytes,        192 total
[22.355s][info ][gc,heap        ] GC(921) Eden regions: 253->0(253)
[22.355s][info ][gc,heap        ] GC(921) Survivor regions: 1->1(32)
[22.355s][info ][gc,heap        ] GC(921) Old regions: 11->11
[22.355s][info ][gc,heap        ] GC(921) Humongous regions: 0->0
[22.355s][info ][gc,metaspace   ] GC(921) Metaspace: 10122K(10368K)->10122K(10368K) NonClass: 9159K(9344K)->9159K(9344K) Class: 963K(1024K)->963K(1024K)
[22.355s][info ][gc             ] GC(921) Pause Young (Normal) (G1 Evacuation Pause) 256M->4M(424M) 0.552ms
[22.355s][info ][gc,cpu         ] GC(921) User=0.00s Sys=0.00s Real=0.01s
[22.371s][info ][gc,start       ] GC(922) Pause Young (Normal) (G1 Evacuation Pause)
[22.371s][info ][gc,task        ] GC(922) Using 9 workers of 9 for evacuation
[22.371s][debug][gc,age         ] GC(922) Desired survivor size 16777216 bytes, new threshold 15 (max threshold 15)
[22.371s][info ][gc,phases      ] GC(922)   Pre Evacuate Collection Set: 0.08ms
[22.371s][info ][gc,phases      ] GC(922)   Merge Heap Roots: 0.06ms
[22.371s][info ][gc,phases      ] GC(922)   Evacuate Collection Set: 0.13ms
[22.371s][info ][gc,phases      ] GC(922)   Post Evacuate Collection Set: 0.20ms
[22.371s][info ][gc,phases      ] GC(922)   Other: 0.06ms
[22.371s][trace][gc,age         ] GC(922) Age table:
[22.371s][trace][gc,age         ] GC(922) - age   1:        192 bytes,        192 total
[22.371s][info ][gc,heap        ] GC(922) Eden regions: 253->0(253)
[22.371s][info ][gc,heap        ] GC(922) Survivor regions: 1->1(32)
[22.371s][info ][gc,heap        ] GC(922) Old regions: 11->11
[22.371s][info ][gc,heap        ] GC(922) Humongous regions: 0->0
[22.371s][info ][gc,metaspace   ] GC(922) Metaspace: 10122K(10368K)->10122K(10368K) NonClass: 9159K(9344K)->9159K(9344K) Class: 963K(1024K)->963K(1024K)
[22.371s][info ][gc             ] GC(922) Pause Young (Normal) (G1 Evacuation Pause) 256M->4M(424M) 0.630ms
[22.371s][info ][gc,cpu         ] GC(922) User=0.00s Sys=0.00s Real=0.00s
[22.387s][info ][gc,start       ] GC(923) Pause Young (Normal) (G1 Evacuation Pause)
[22.387s][info ][gc,task        ] GC(923) Using 9 workers of 9 for evacuation
[22.387s][debug][gc,age         ] GC(923) Desired survivor size 16777216 bytes, new threshold 15 (max threshold 15)
[22.387s][info ][gc,phases      ] GC(923)   Pre Evacuate Collection Set: 0.09ms
[22.387s][info ][gc,phases      ] GC(923)   Merge Heap Roots: 0.07ms
[22.387s][info ][gc,phases      ] GC(923)   Evacuate Collection Set: 0.11ms
[22.387s][info ][gc,phases      ] GC(923)   Post Evacuate Collection Set: 0.18ms
[22.387s][info ][gc,phases      ] GC(923)   Other: 0.06ms
[22.387s][trace][gc,age         ] GC(923) Age table:
[22.387s][trace][gc,age         ] GC(923) - age   1:        192 bytes,        192 total
[22.387s][info ][gc,heap        ] GC(923) Eden regions: 253->0(253)
[22.387s][info ][gc,heap        ] GC(923) Survivor regions: 1->1(32)
[22.387s][info ][gc,heap        ] GC(923) Old regions: 11->11
[22.387s][info ][gc,heap        ] GC(923) Humongous regions: 0->0
[22.387s][info ][gc,metaspace   ] GC(923) Metaspace: 10122K(10368K)->10122K(10368K) NonClass: 9159K(9344K)->9159K(9344K) Class: 963K(1024K)->963K(1024K)
[22.387s][info ][gc             ] GC(923) Pause Young (Normal) (G1 Evacuation Pause) 256M->4M(424M) 0.603ms
[22.387s][info ][gc,cpu         ] GC(923) User=0.00s Sys=0.00s Real=0.00s
[22.403s][info ][gc,start       ] GC(924) Pause Young (Normal) (G1 Evacuation Pause)
[22.403s][info ][gc,task        ] GC(924) Using 9 workers of 9 for evacuation
[22.403s][debug][gc,age         ] GC(924) Desired survivor size 16777216 bytes, new threshold 15 (max threshold 15)
[22.403s][info ][gc,phases      ] GC(924)   Pre Evacuate Collection Set: 0.07ms
[22.403s][info ][gc,phases      ] GC(924)   Merge Heap Roots: 0.05ms
[22.403s][info ][gc,phases      ] GC(924)   Evacuate Collection Set: 0.10ms
[22.403s][info ][gc,phases      ] GC(924)   Post Evacuate Collection Set: 0.17ms
[22.403s][info ][gc,phases      ] GC(924)   Other: 0.05ms
[22.403s][trace][gc,age         ] GC(924) Age table:
[22.403s][trace][gc,age         ] GC(924) - age   1:        192 bytes,        192 total
[22.403s][info ][gc,heap        ] GC(924) Eden regions: 253->0(253)
[22.403s][info ][gc,heap        ] GC(924) Survivor regions: 1->1(32)
[22.403s][info ][gc,heap        ] GC(924) Old regions: 11->11
[22.403s][info ][gc,heap        ] GC(924) Humongous regions: 0->0
[22.403s][info ][gc,metaspace   ] GC(924) Metaspace: 10122K(10368K)->10122K(10368K) NonClass: 9159K(9344K)->9159K(9344K) Class: 963K(1024K)->963K(1024K)
[22.403s][info ][gc             ] GC(924) Pause Young (Normal) (G1 Evacuation Pause) 256M->4M(424M) 0.525ms
[22.403s][info ][gc,cpu         ] GC(924) User=0.00s Sys=0.00s Real=0.00s
[22.419s][info ][gc,start       ] GC(925) Pause Young (Normal) (G1 Evacuation Pause)
[22.419s][info ][gc,task        ] GC(925) Using 9 workers of 9 for evacuation
[22.419s][debug][gc,age         ] GC(925) Desired survivor size 16777216 bytes, new threshold 15 (max threshold 15)
[22.419s][info ][gc,phases      ] GC(925)   Pre Evacuate Collection Set: 0.06ms
[22.420s][info ][gc,phases      ] GC(925)   Merge Heap Roots: 0.06ms
[22.420s][info ][gc,phases      ] GC(925)   Evacuate Collection Set: 0.11ms
[22.420s][info ][gc,phases      ] GC(925)   Post Evacuate Collection Set: 0.17ms
[22.420s][info ][gc,phases      ] GC(925)   Other: 0.06ms
[22.420s][trace][gc,age         ] GC(925) Age table:
[22.420s][trace][gc,age         ] GC(925) - age   1:        192 bytes,        192 total
[22.420s][info ][gc,heap        ] GC(925) Eden regions: 253->0(253)
[22.420s][info ][gc,heap        ] GC(925) Survivor regions: 1->1(32)
[22.420s][info ][gc,heap        ] GC(925) Old regions: 11->11
[22.420s][info ][gc,heap        ] GC(925) Humongous regions: 0->0
[22.420s][info ][gc,metaspace   ] GC(925) Metaspace: 10122K(10368K)->10122K(10368K) NonClass: 9159K(9344K)->9159K(9344K) Class: 963K(1024K)->963K(1024K)
[22.420s][info ][gc             ] GC(925) Pause Young (Normal) (G1 Evacuation Pause) 256M->4M(424M) 0.575ms
[22.420s][info ][gc,cpu         ] GC(925) User=0.00s Sys=0.00s Real=0.00s
[22.435s][info ][gc,start       ] GC(926) Pause Young (Normal) (G1 Evacuation Pause)
[22.435s][info ][gc,task        ] GC(926) Using 9 workers of 9 for evacuation
[22.435s][debug][gc,age         ] GC(926) Desired survivor size 16777216 bytes, new threshold 15 (max threshold 15)
[22.436s][info ][gc,phases      ] GC(926)   Pre Evacuate Collection Set: 0.09ms
[22.436s][info ][gc,phases      ] GC(926)   Merge Heap Roots: 0.07ms
[22.436s][info ][gc,phases      ] GC(926)   Evacuate Collection Set: 0.10ms
[22.436s][info ][gc,phases      ] GC(926)   Post Evacuate Collection Set: 0.18ms
[22.436s][info ][gc,phases      ] GC(926)   Other: 0.07ms
[22.436s][trace][gc,age         ] GC(926) Age table:
[22.436s][trace][gc,age         ] GC(926) - age   1:        192 bytes,        192 total
[22.436s][info ][gc,heap        ] GC(926) Eden regions: 253->0(253)
[22.436s][info ][gc,heap        ] GC(926) Survivor regions: 1->1(32)
[22.436s][info ][gc,heap        ] GC(926) Old regions: 11->11
[22.436s][info ][gc,heap        ] GC(926) Humongous regions: 0->0
[22.436s][info ][gc,metaspace   ] GC(926) Metaspace: 10122K(10368K)->10122K(10368K) NonClass: 9159K(9344K)->9159K(9344K) Class: 963K(1024K)->963K(1024K)
[22.436s][info ][gc             ] GC(926) Pause Young (Normal) (G1 Evacuation Pause) 256M->4M(424M) 0.604ms
[22.436s][info ][gc,cpu         ] GC(926) User=0.00s Sys=0.00s Real=0.00s
[22.452s][info ][gc,start       ] GC(927) Pause Young (Normal) (G1 Evacuation Pause)
[22.452s][info ][gc,task        ] GC(927) Using 9 workers of 9 for evacuation
[22.452s][debug][gc,age         ] GC(927) Desired survivor size 16777216 bytes, new threshold 15 (max threshold 15)
[22.452s][info ][gc,phases      ] GC(927)   Pre Evacuate Collection Set: 0.07ms
[22.452s][info ][gc,phases      ] GC(927)   Merge Heap Roots: 0.06ms
[22.452s][info ][gc,phases      ] GC(927)   Evacuate Collection Set: 0.09ms
[22.452s][info ][gc,phases      ] GC(927)   Post Evacuate Collection Set: 0.17ms
[22.452s][info ][gc,phases      ] GC(927)   Other: 0.06ms
[22.452s][trace][gc,age         ] GC(927) Age table:
[22.452s][trace][gc,age         ] GC(927) - age   1:        192 bytes,        192 total
[22.452s][info ][gc,heap        ] GC(927) Eden regions: 253->0(253)
[22.452s][info ][gc,heap        ] GC(927) Survivor regions: 1->1(32)
[22.452s][info ][gc,heap        ] GC(927) Old regions: 11->11
[22.452s][info ][gc,heap        ] GC(927) Humongous regions: 0->0
[22.452s][info ][gc,metaspace   ] GC(927) Metaspace: 10122K(10368K)->10122K(10368K) NonClass: 9159K(9344K)->9159K(9344K) Class: 963K(1024K)->963K(1024K)
[22.452s][info ][gc             ] GC(927) Pause Young (Normal) (G1 Evacuation Pause) 256M->4M(424M) 0.552ms
[22.452s][info ][gc,cpu         ] GC(927) User=0.00s Sys=0.00s Real=0.00s
[22.468s][info ][gc,start       ] GC(928) Pause Young (Normal) (G1 Evacuation Pause)
[22.468s][info ][gc,task        ] GC(928) Using 9 workers of 9 for evacuation
[22.468s][debug][gc,age         ] GC(928) Desired survivor size 16777216 bytes, new threshold 15 (max threshold 15)
[22.468s][info ][gc,phases      ] GC(928)   Pre Evacuate Collection Set: 0.07ms
[22.468s][info ][gc,phases      ] GC(928)   Merge Heap Roots: 0.07ms
[22.468s][info ][gc,phases      ] GC(928)   Evacuate Collection Set: 0.12ms
[22.468s][info ][gc,phases      ] GC(928)   Post Evacuate Collection Set: 0.17ms
[22.468s][info ][gc,phases      ] GC(928)   Other: 0.05ms
[22.468s][trace][gc,age         ] GC(928) Age table:
[22.468s][trace][gc,age         ] GC(928) - age   1:        192 bytes,        192 total
[22.468s][info ][gc,heap        ] GC(928) Eden regions: 253->0(253)
[22.468s][info ][gc,heap        ] GC(928) Survivor regions: 1->1(32)
[22.468s][info ][gc,heap        ] GC(928) Old regions: 11->11
[22.468s][info ][gc,heap        ] GC(928) Humongous regions: 0->0
[22.468s][info ][gc,metaspace   ] GC(928) Metaspace: 10122K(10368K)->10122K(10368K) NonClass: 9159K(9344K)->9159K(9344K) Class: 963K(1024K)->963K(1024K)
[22.468s][info ][gc             ] GC(928) Pause Young (Normal) (G1 Evacuation Pause) 256M->4M(424M) 0.565ms
[22.468s][info ][gc,cpu         ] GC(928) User=0.00s Sys=0.00s Real=0.00s
[22.484s][info ][gc,start       ] GC(929) Pause Young (Normal) (G1 Evacuation Pause)
[22.484s][info ][gc,task        ] GC(929) Using 9 workers of 9 for evacuation
[22.484s][debug][gc,age         ] GC(929) Desired survivor size 16777216 bytes, new threshold 15 (max threshold 15)
[22.484s][info ][gc,phases      ] GC(929)   Pre Evacuate Collection Set: 0.07ms
[22.484s][info ][gc,phases      ] GC(929)   Merge Heap Roots: 0.07ms
[22.484s][info ][gc,phases      ] GC(929)   Evacuate Collection Set: 0.11ms
[22.484s][info ][gc,phases      ] GC(929)   Post Evacuate Collection Set: 0.17ms
[22.484s][info ][gc,phases      ] GC(929)   Other: 0.05ms
[22.484s][trace][gc,age         ] GC(929) Age table:
[22.484s][trace][gc,age         ] GC(929) - age   1:        192 bytes,        192 total
[22.484s][info ][gc,heap        ] GC(929) Eden regions: 253->0(253)
[22.484s][info ][gc,heap        ] GC(929) Survivor regions: 1->1(32)
[22.484s][info ][gc,heap        ] GC(929) Old regions: 11->11
[22.484s][info ][gc,heap        ] GC(929) Humongous regions: 0->0
[22.484s][info ][gc,metaspace   ] GC(929) Metaspace: 10122K(10368K)->10122K(10368K) NonClass: 9159K(9344K)->9159K(9344K) Class: 963K(1024K)->963K(1024K)
[22.484s][info ][gc             ] GC(929) Pause Young (Normal) (G1 Evacuation Pause) 256M->4M(424M) 0.556ms
[22.484s][info ][gc,cpu         ] GC(929) User=0.01s Sys=0.00s Real=0.00s
[22.500s][info ][gc,start       ] GC(930) Pause Young (Normal) (G1 Evacuation Pause)
[22.500s][info ][gc,task        ] GC(930) Using 9 workers of 9 for evacuation
[22.500s][debug][gc,age         ] GC(930) Desired survivor size 16777216 bytes, new threshold 15 (max threshold 15)
[22.501s][info ][gc,phases      ] GC(930)   Pre Evacuate Collection Set: 0.07ms
[22.501s][info ][gc,phases      ] GC(930)   Merge Heap Roots: 0.09ms
[22.501s][info ][gc,phases      ] GC(930)   Evacuate Collection Set: 0.14ms
[22.501s][info ][gc,phases      ] GC(930)   Post Evacuate Collection Set: 0.14ms
[22.501s][info ][gc,phases      ] GC(930)   Other: 0.05ms
[22.501s][trace][gc,age         ] GC(930) Age table:
[22.501s][trace][gc,age         ] GC(930) - age   1:        192 bytes,        192 total
[22.501s][info ][gc,heap        ] GC(930) Eden regions: 253->0(253)
[22.501s][info ][gc,heap        ] GC(930) Survivor regions: 1->1(32)
[22.501s][info ][gc,heap        ] GC(930) Old regions: 11->11
[22.501s][info ][gc,heap        ] GC(930) Humongous regions: 0->0
[22.501s][info ][gc,metaspace   ] GC(930) Metaspace: 10122K(10368K)->10122K(10368K) NonClass: 9159K(9344K)->9159K(9344K) Class: 963K(1024K)->963K(1024K)
[22.501s][info ][gc             ] GC(930) Pause Young (Normal) (G1 Evacuation Pause) 256M->4M(424M) 0.574ms
[22.501s][info ][gc,cpu         ] GC(930) User=0.00s Sys=0.01s Real=0.00s
[22.517s][info ][gc,start       ] GC(931) Pause Young (Normal) (G1 Evacuation Pause)
[22.517s][info ][gc,task        ] GC(931) Using 9 workers of 9 for evacuation
[22.517s][debug][gc,age         ] GC(931) Desired survivor size 16777216 bytes, new threshold 15 (max threshold 15)
[22.517s][info ][gc,phases      ] GC(931)   Pre Evacuate Collection Set: 0.06ms
[22.517s][info ][gc,phases      ] GC(931)   Merge Heap Roots: 0.05ms
[22.517s][info ][gc,phases      ] GC(931)   Evacuate Collection Set: 0.13ms
[22.517s][info ][gc,phases      ] GC(931)   Post Evacuate Collection Set: 0.17ms
[22.517s][info ][gc,phases      ] GC(931)   Other: 0.05ms
[22.517s][trace][gc,age         ] GC(931) Age table:
[22.517s][trace][gc,age         ] GC(931) - age   1:        192 bytes,        192 total
[22.517s][info ][gc,heap        ] GC(931) Eden regions: 253->0(253)
[22.517s][info ][gc,heap        ] GC(931) Survivor regions: 1->1(32)
[22.517s][info ][gc,heap        ] GC(931) Old regions: 11->11
[22.517s][info ][gc,heap        ] GC(931) Humongous regions: 0->0
[22.517s][info ][gc,metaspace   ] GC(931) Metaspace: 10122K(10368K)->10122K(10368K) NonClass: 9159K(9344K)->9159K(9344K) Class: 963K(1024K)->963K(1024K)
[22.517s][info ][gc             ] GC(931) Pause Young (Normal) (G1 Evacuation Pause) 256M->4M(424M) 0.561ms
[22.517s][info ][gc,cpu         ] GC(931) User=0.00s Sys=0.00s Real=0.00s
[22.533s][info ][gc,start       ] GC(932) Pause Young (Normal) (G1 Evacuation Pause)
[22.533s][info ][gc,task        ] GC(932) Using 9 workers of 9 for evacuation
[22.533s][debug][gc,age         ] GC(932) Desired survivor size 16777216 bytes, new threshold 15 (max threshold 15)
[22.533s][info ][gc,phases      ] GC(932)   Pre Evacuate Collection Set: 0.06ms
[22.533s][info ][gc,phases      ] GC(932)   Merge Heap Roots: 0.05ms
[22.533s][info ][gc,phases      ] GC(932)   Evacuate Collection Set: 0.11ms
[22.533s][info ][gc,phases      ] GC(932)   Post Evacuate Collection Set: 0.18ms
[22.533s][info ][gc,phases      ] GC(932)   Other: 0.05ms
[22.533s][trace][gc,age         ] GC(932) Age table:
[22.533s][trace][gc,age         ] GC(932) - age   1:        192 bytes,        192 total
[22.533s][info ][gc,heap        ] GC(932) Eden regions: 253->0(253)
[22.533s][info ][gc,heap        ] GC(932) Survivor regions: 1->1(32)
[22.533s][info ][gc,heap        ] GC(932) Old regions: 11->11
[22.533s][info ][gc,heap        ] GC(932) Humongous regions: 0->0
[22.533s][info ][gc,metaspace   ] GC(932) Metaspace: 10122K(10368K)->10122K(10368K) NonClass: 9159K(9344K)->9159K(9344K) Class: 963K(1024K)->963K(1024K)
[22.533s][info ][gc             ] GC(932) Pause Young (Normal) (G1 Evacuation Pause) 256M->4M(424M) 0.540ms
[22.533s][info ][gc,cpu         ] GC(932) User=0.01s Sys=0.00s Real=0.00s
[22.549s][info ][gc,start       ] GC(933) Pause Young (Normal) (G1 Evacuation Pause)
[22.549s][info ][gc,task        ] GC(933) Using 9 workers of 9 for evacuation
[22.549s][debug][gc,age         ] GC(933) Desired survivor size 16777216 bytes, new threshold 15 (max threshold 15)
[22.549s][info ][gc,phases      ] GC(933)   Pre Evacuate Collection Set: 0.09ms
[22.549s][info ][gc,phases      ] GC(933)   Merge Heap Roots: 0.09ms
[22.549s][info ][gc,phases      ] GC(933)   Evacuate Collection Set: 0.11ms
[22.549s][info ][gc,phases      ] GC(933)   Post Evacuate Collection Set: 0.18ms
[22.549s][info ][gc,phases      ] GC(933)   Other: 0.06ms
[22.549s][trace][gc,age         ] GC(933) Age table:
[22.549s][trace][gc,age         ] GC(933) - age   1:        192 bytes,        192 total
[22.549s][info ][gc,heap        ] GC(933) Eden regions: 253->0(253)
[22.549s][info ][gc,heap        ] GC(933) Survivor regions: 1->1(32)
[22.549s][info ][gc,heap        ] GC(933) Old regions: 11->11
[22.549s][info ][gc,heap        ] GC(933) Humongous regions: 0->0
[22.549s][info ][gc,metaspace   ] GC(933) Metaspace: 10122K(10368K)->10122K(10368K) NonClass: 9159K(9344K)->9159K(9344K) Class: 963K(1024K)->963K(1024K)
[22.549s][info ][gc             ] GC(933) Pause Young (Normal) (G1 Evacuation Pause) 256M->4M(424M) 0.619ms
[22.549s][info ][gc,cpu         ] GC(933) User=0.00s Sys=0.00s Real=0.00s
[22.565s][info ][gc,start       ] GC(934) Pause Young (Normal) (G1 Evacuation Pause)
[22.565s][info ][gc,task        ] GC(934) Using 9 workers of 9 for evacuation
[22.565s][debug][gc,age         ] GC(934) Desired survivor size 16777216 bytes, new threshold 15 (max threshold 15)
[22.565s][info ][gc,phases      ] GC(934)   Pre Evacuate Collection Set: 0.07ms
[22.565s][info ][gc,phases      ] GC(934)   Merge Heap Roots: 0.08ms
[22.565s][info ][gc,phases      ] GC(934)   Evacuate Collection Set: 0.10ms
[22.565s][info ][gc,phases      ] GC(934)   Post Evacuate Collection Set: 0.19ms
[22.565s][info ][gc,phases      ] GC(934)   Other: 0.06ms
[22.565s][trace][gc,age         ] GC(934) Age table:
[22.565s][trace][gc,age         ] GC(934) - age   1:        192 bytes,        192 total
[22.565s][info ][gc,heap        ] GC(934) Eden regions: 253->0(253)
[22.565s][info ][gc,heap        ] GC(934) Survivor regions: 1->1(32)
[22.565s][info ][gc,heap        ] GC(934) Old regions: 11->11
[22.565s][info ][gc,heap        ] GC(934) Humongous regions: 0->0
[22.565s][info ][gc,metaspace   ] GC(934) Metaspace: 10122K(10368K)->10122K(10368K) NonClass: 9159K(9344K)->9159K(9344K) Class: 963K(1024K)->963K(1024K)
[22.565s][info ][gc             ] GC(934) Pause Young (Normal) (G1 Evacuation Pause) 256M->4M(424M) 0.603ms
[22.565s][info ][gc,cpu         ] GC(934) User=0.00s Sys=0.00s Real=0.01s
[22.581s][info ][gc,start       ] GC(935) Pause Young (Normal) (G1 Evacuation Pause)
[22.581s][info ][gc,task        ] GC(935) Using 9 workers of 9 for evacuation
[22.581s][debug][gc,age         ] GC(935) Desired survivor size 16777216 bytes, new threshold 15 (max threshold 15)
[22.581s][info ][gc,phases      ] GC(935)   Pre Evacuate Collection Set: 0.08ms
[22.581s][info ][gc,phases      ] GC(935)   Merge Heap Roots: 0.06ms
[22.581s][info ][gc,phases      ] GC(935)   Evacuate Collection Set: 0.11ms
[22.581s][info ][gc,phases      ] GC(935)   Post Evacuate Collection Set: 0.19ms
[22.581s][info ][gc,phases      ] GC(935)   Other: 0.06ms
[22.581s][trace][gc,age         ] GC(935) Age table:
[22.581s][trace][gc,age         ] GC(935) - age   1:        192 bytes,        192 total
[22.581s][info ][gc,heap        ] GC(935) Eden regions: 253->0(253)
[22.581s][info ][gc,heap        ] GC(935) Survivor regions: 1->1(32)
[22.581s][info ][gc,heap        ] GC(935) Old regions: 11->11
[22.581s][info ][gc,heap        ] GC(935) Humongous regions: 0->0
[22.581s][info ][gc,metaspace   ] GC(935) Metaspace: 10122K(10368K)->10122K(10368K) NonClass: 9159K(9344K)->9159K(9344K) Class: 963K(1024K)->963K(1024K)
[22.581s][info ][gc             ] GC(935) Pause Young (Normal) (G1 Evacuation Pause) 256M->4M(424M) 0.575ms
[22.581s][info ][gc,cpu         ] GC(935) User=0.00s Sys=0.00s Real=0.00s
[22.597s][info ][gc,start       ] GC(936) Pause Young (Normal) (G1 Evacuation Pause)
[22.597s][info ][gc,task        ] GC(936) Using 9 workers of 9 for evacuation
[22.597s][debug][gc,age         ] GC(936) Desired survivor size 16777216 bytes, new threshold 15 (max threshold 15)
[22.598s][info ][gc,phases      ] GC(936)   Pre Evacuate Collection Set: 0.10ms
[22.598s][info ][gc,phases      ] GC(936)   Merge Heap Roots: 0.07ms
[22.598s][info ][gc,phases      ] GC(936)   Evacuate Collection Set: 0.10ms
[22.598s][info ][gc,phases      ] GC(936)   Post Evacuate Collection Set: 0.19ms
[22.598s][info ][gc,phases      ] GC(936)   Other: 0.06ms
[22.598s][trace][gc,age         ] GC(936) Age table:
[22.598s][trace][gc,age         ] GC(936) - age   1:        192 bytes,        192 total
[22.598s][info ][gc,heap        ] GC(936) Eden regions: 253->0(253)
[22.598s][info ][gc,heap        ] GC(936) Survivor regions: 1->1(32)
[22.598s][info ][gc,heap        ] GC(936) Old regions: 11->11
[22.598s][info ][gc,heap        ] GC(936) Humongous regions: 0->0
[22.598s][info ][gc,metaspace   ] GC(936) Metaspace: 10122K(10368K)->10122K(10368K) NonClass: 9159K(9344K)->9159K(9344K) Class: 963K(1024K)->963K(1024K)
[22.598s][info ][gc             ] GC(936) Pause Young (Normal) (G1 Evacuation Pause) 256M->4M(424M) 0.611ms
[22.598s][info ][gc,cpu         ] GC(936) User=0.00s Sys=0.00s Real=0.00s
[22.613s][info ][gc,start       ] GC(937) Pause Young (Normal) (G1 Evacuation Pause)
[22.613s][info ][gc,task        ] GC(937) Using 9 workers of 9 for evacuation
[22.613s][debug][gc,age         ] GC(937) Desired survivor size 16777216 bytes, new threshold 15 (max threshold 15)
[22.614s][info ][gc,phases      ] GC(937)   Pre Evacuate Collection Set: 0.10ms
[22.614s][info ][gc,phases      ] GC(937)   Merge Heap Roots: 0.08ms
[22.614s][info ][gc,phases      ] GC(937)   Evacuate Collection Set: 0.11ms
[22.614s][info ][gc,phases      ] GC(937)   Post Evacuate Collection Set: 0.20ms
[22.614s][info ][gc,phases      ] GC(937)   Other: 0.05ms
[22.614s][trace][gc,age         ] GC(937) Age table:
[22.614s][trace][gc,age         ] GC(937) - age   1:        192 bytes,        192 total
[22.614s][info ][gc,heap        ] GC(937) Eden regions: 253->0(253)
[22.614s][info ][gc,heap        ] GC(937) Survivor regions: 1->1(32)
[22.614s][info ][gc,heap        ] GC(937) Old regions: 11->11
[22.614s][info ][gc,heap        ] GC(937) Humongous regions: 0->0
[22.614s][info ][gc,metaspace   ] GC(937) Metaspace: 10122K(10368K)->10122K(10368K) NonClass: 9159K(9344K)->9159K(9344K) Class: 963K(1024K)->963K(1024K)
[22.614s][info ][gc             ] GC(937) Pause Young (Normal) (G1 Evacuation Pause) 256M->4M(424M) 0.648ms
[22.614s][info ][gc,cpu         ] GC(937) User=0.00s Sys=0.00s Real=0.00s
[22.630s][info ][gc,start       ] GC(938) Pause Young (Normal) (G1 Evacuation Pause)
[22.630s][info ][gc,task        ] GC(938) Using 9 workers of 9 for evacuation
[22.630s][debug][gc,age         ] GC(938) Desired survivor size 16777216 bytes, new threshold 15 (max threshold 15)
[22.630s][info ][gc,phases      ] GC(938)   Pre Evacuate Collection Set: 0.07ms
[22.630s][info ][gc,phases      ] GC(938)   Merge Heap Roots: 0.07ms
[22.630s][info ][gc,phases      ] GC(938)   Evacuate Collection Set: 0.10ms
[22.630s][info ][gc,phases      ] GC(938)   Post Evacuate Collection Set: 0.19ms
[22.630s][info ][gc,phases      ] GC(938)   Other: 0.05ms
[22.630s][trace][gc,age         ] GC(938) Age table:
[22.630s][trace][gc,age         ] GC(938) - age   1:        192 bytes,        192 total
[22.630s][info ][gc,heap        ] GC(938) Eden regions: 253->0(253)
[22.630s][info ][gc,heap        ] GC(938) Survivor regions: 1->1(32)
[22.630s][info ][gc,heap        ] GC(938) Old regions: 11->11
[22.630s][info ][gc,heap        ] GC(938) Humongous regions: 0->0
[22.630s][info ][gc,metaspace   ] GC(938) Metaspace: 10122K(10368K)->10122K(10368K) NonClass: 9159K(9344K)->9159K(9344K) Class: 963K(1024K)->963K(1024K)
[22.630s][info ][gc             ] GC(938) Pause Young (Normal) (G1 Evacuation Pause) 256M->4M(424M) 0.562ms
[22.630s][info ][gc,cpu         ] GC(938) User=0.00s Sys=0.01s Real=0.00s
[22.646s][info ][gc,start       ] GC(939) Pause Young (Normal) (G1 Evacuation Pause)
[22.646s][info ][gc,task        ] GC(939) Using 9 workers of 9 for evacuation
[22.646s][debug][gc,age         ] GC(939) Desired survivor size 16777216 bytes, new threshold 15 (max threshold 15)
[22.647s][info ][gc,phases      ] GC(939)   Pre Evacuate Collection Set: 0.09ms
[22.647s][info ][gc,phases      ] GC(939)   Merge Heap Roots: 0.07ms
[22.647s][info ][gc,phases      ] GC(939)   Evacuate Collection Set: 0.10ms
[22.647s][info ][gc,phases      ] GC(939)   Post Evacuate Collection Set: 0.20ms
[22.647s][info ][gc,phases      ] GC(939)   Other: 0.06ms
[22.647s][trace][gc,age         ] GC(939) Age table:
[22.647s][trace][gc,age         ] GC(939) - age   1:        192 bytes,        192 total
[22.647s][info ][gc,heap        ] GC(939) Eden regions: 253->0(253)
[22.647s][info ][gc,heap        ] GC(939) Survivor regions: 1->1(32)
[22.647s][info ][gc,heap        ] GC(939) Old regions: 11->11
[22.647s][info ][gc,heap        ] GC(939) Humongous regions: 0->0
[22.647s][info ][gc,metaspace   ] GC(939) Metaspace: 10122K(10368K)->10122K(10368K) NonClass: 9159K(9344K)->9159K(9344K) Class: 963K(1024K)->963K(1024K)
[22.647s][info ][gc             ] GC(939) Pause Young (Normal) (G1 Evacuation Pause) 256M->4M(424M) 0.604ms
[22.647s][info ][gc,cpu         ] GC(939) User=0.00s Sys=0.00s Real=0.00s
[22.662s][info ][gc,start       ] GC(940) Pause Young (Normal) (G1 Evacuation Pause)
[22.662s][info ][gc,task        ] GC(940) Using 9 workers of 9 for evacuation
[22.662s][debug][gc,age         ] GC(940) Desired survivor size 16777216 bytes, new threshold 15 (max threshold 15)
[22.663s][info ][gc,phases      ] GC(940)   Pre Evacuate Collection Set: 0.08ms
[22.663s][info ][gc,phases      ] GC(940)   Merge Heap Roots: 0.05ms
[22.663s][info ][gc,phases      ] GC(940)   Evacuate Collection Set: 0.13ms
[22.663s][info ][gc,phases      ] GC(940)   Post Evacuate Collection Set: 0.19ms
[22.663s][info ][gc,phases      ] GC(940)   Other: 0.06ms
[22.663s][trace][gc,age         ] GC(940) Age table:
[22.663s][trace][gc,age         ] GC(940) - age   1:        192 bytes,        192 total
[22.663s][info ][gc,heap        ] GC(940) Eden regions: 253->0(253)
[22.663s][info ][gc,heap        ] GC(940) Survivor regions: 1->1(32)
[22.663s][info ][gc,heap        ] GC(940) Old regions: 11->11
[22.663s][info ][gc,heap        ] GC(940) Humongous regions: 0->0
[22.663s][info ][gc,metaspace   ] GC(940) Metaspace: 10122K(10368K)->10122K(10368K) NonClass: 9159K(9344K)->9159K(9344K) Class: 963K(1024K)->963K(1024K)
[22.663s][info ][gc             ] GC(940) Pause Young (Normal) (G1 Evacuation Pause) 256M->4M(424M) 0.603ms
[22.663s][info ][gc,cpu         ] GC(940) User=0.00s Sys=0.00s Real=0.00s
[22.678s][info ][gc,start       ] GC(941) Pause Young (Normal) (G1 Evacuation Pause)
[22.679s][info ][gc,task        ] GC(941) Using 9 workers of 9 for evacuation
[22.679s][debug][gc,age         ] GC(941) Desired survivor size 16777216 bytes, new threshold 15 (max threshold 15)
[22.679s][info ][gc,phases      ] GC(941)   Pre Evacuate Collection Set: 0.06ms
[22.679s][info ][gc,phases      ] GC(941)   Merge Heap Roots: 0.09ms
[22.679s][info ][gc,phases      ] GC(941)   Evacuate Collection Set: 0.14ms
[22.679s][info ][gc,phases      ] GC(941)   Post Evacuate Collection Set: 0.16ms
[22.679s][info ][gc,phases      ] GC(941)   Other: 0.06ms
[22.679s][trace][gc,age         ] GC(941) Age table:
[22.679s][trace][gc,age         ] GC(941) - age   1:        192 bytes,        192 total
[22.679s][info ][gc,heap        ] GC(941) Eden regions: 253->0(253)
[22.679s][info ][gc,heap        ] GC(941) Survivor regions: 1->1(32)
[22.679s][info ][gc,heap        ] GC(941) Old regions: 11->11
[22.679s][info ][gc,heap        ] GC(941) Humongous regions: 0->0
[22.679s][info ][gc,metaspace   ] GC(941) Metaspace: 10122K(10368K)->10122K(10368K) NonClass: 9159K(9344K)->9159K(9344K) Class: 963K(1024K)->963K(1024K)
[22.679s][info ][gc             ] GC(941) Pause Young (Normal) (G1 Evacuation Pause) 256M->4M(424M) 0.603ms
[22.679s][info ][gc,cpu         ] GC(941) User=0.00s Sys=0.00s Real=0.00s
[22.695s][info ][gc,start       ] GC(942) Pause Young (Normal) (G1 Evacuation Pause)
[22.695s][info ][gc,task        ] GC(942) Using 9 workers of 9 for evacuation
[22.695s][debug][gc,age         ] GC(942) Desired survivor size 16777216 bytes, new threshold 15 (max threshold 15)
[22.695s][info ][gc,phases      ] GC(942)   Pre Evacuate Collection Set: 0.06ms
[22.695s][info ][gc,phases      ] GC(942)   Merge Heap Roots: 0.07ms
[22.695s][info ][gc,phases      ] GC(942)   Evacuate Collection Set: 0.08ms
[22.695s][info ][gc,phases      ] GC(942)   Post Evacuate Collection Set: 0.18ms
[22.695s][info ][gc,phases      ] GC(942)   Other: 0.05ms
[22.695s][trace][gc,age         ] GC(942) Age table:
[22.695s][trace][gc,age         ] GC(942) - age   1:        192 bytes,        192 total
[22.695s][info ][gc,heap        ] GC(942) Eden regions: 253->0(253)
[22.695s][info ][gc,heap        ] GC(942) Survivor regions: 1->1(32)
[22.695s][info ][gc,heap        ] GC(942) Old regions: 11->11
[22.695s][info ][gc,heap        ] GC(942) Humongous regions: 0->0
[22.695s][info ][gc,metaspace   ] GC(942) Metaspace: 10122K(10368K)->10122K(10368K) NonClass: 9159K(9344K)->9159K(9344K) Class: 963K(1024K)->963K(1024K)
[22.695s][info ][gc             ] GC(942) Pause Young (Normal) (G1 Evacuation Pause) 256M->4M(424M) 0.553ms
[22.695s][info ][gc,cpu         ] GC(942) User=0.00s Sys=0.00s Real=0.01s
[22.711s][info ][gc,start       ] GC(943) Pause Young (Normal) (G1 Evacuation Pause)
[22.711s][info ][gc,task        ] GC(943) Using 9 workers of 9 for evacuation
[22.711s][debug][gc,age         ] GC(943) Desired survivor size 16777216 bytes, new threshold 15 (max threshold 15)
[22.711s][info ][gc,phases      ] GC(943)   Pre Evacuate Collection Set: 0.07ms
[22.711s][info ][gc,phases      ] GC(943)   Merge Heap Roots: 0.06ms
[22.711s][info ][gc,phases      ] GC(943)   Evacuate Collection Set: 0.14ms
[22.711s][info ][gc,phases      ] GC(943)   Post Evacuate Collection Set: 0.19ms
[22.711s][info ][gc,phases      ] GC(943)   Other: 0.08ms
[22.711s][trace][gc,age         ] GC(943) Age table:
[22.711s][trace][gc,age         ] GC(943) - age   1:        192 bytes,        192 total
[22.711s][info ][gc,heap        ] GC(943) Eden regions: 253->0(253)
[22.711s][info ][gc,heap        ] GC(943) Survivor regions: 1->1(32)
[22.711s][info ][gc,heap        ] GC(943) Old regions: 11->11
[22.711s][info ][gc,heap        ] GC(943) Humongous regions: 0->0
[22.711s][info ][gc,metaspace   ] GC(943) Metaspace: 10122K(10368K)->10122K(10368K) NonClass: 9159K(9344K)->9159K(9344K) Class: 963K(1024K)->963K(1024K)
[22.711s][info ][gc             ] GC(943) Pause Young (Normal) (G1 Evacuation Pause) 256M->4M(424M) 0.639ms
[22.711s][info ][gc,cpu         ] GC(943) User=0.00s Sys=0.00s Real=0.00s
[22.727s][info ][gc,start       ] GC(944) Pause Young (Normal) (G1 Evacuation Pause)
[22.727s][info ][gc,task        ] GC(944) Using 9 workers of 9 for evacuation
[22.727s][debug][gc,age         ] GC(944) Desired survivor size 16777216 bytes, new threshold 15 (max threshold 15)
[22.727s][info ][gc,phases      ] GC(944)   Pre Evacuate Collection Set: 0.08ms
[22.727s][info ][gc,phases      ] GC(944)   Merge Heap Roots: 0.06ms
[22.727s][info ][gc,phases      ] GC(944)   Evacuate Collection Set: 0.13ms
[22.727s][info ][gc,phases      ] GC(944)   Post Evacuate Collection Set: 0.18ms
[22.727s][info ][gc,phases      ] GC(944)   Other: 0.04ms
[22.727s][trace][gc,age         ] GC(944) Age table:
[22.727s][trace][gc,age         ] GC(944) - age   1:        192 bytes,        192 total
[22.727s][info ][gc,heap        ] GC(944) Eden regions: 253->0(253)
[22.727s][info ][gc,heap        ] GC(944) Survivor regions: 1->1(32)
[22.727s][info ][gc,heap        ] GC(944) Old regions: 11->11
[22.727s][info ][gc,heap        ] GC(944) Humongous regions: 0->0
[22.727s][info ][gc,metaspace   ] GC(944) Metaspace: 10122K(10368K)->10122K(10368K) NonClass: 9159K(9344K)->9159K(9344K) Class: 963K(1024K)->963K(1024K)
[22.727s][info ][gc             ] GC(944) Pause Young (Normal) (G1 Evacuation Pause) 256M->4M(424M) 0.577ms
[22.727s][info ][gc,cpu         ] GC(944) User=0.00s Sys=0.00s Real=0.00s
[22.743s][info ][gc,start       ] GC(945) Pause Young (Normal) (G1 Evacuation Pause)
[22.743s][info ][gc,task        ] GC(945) Using 9 workers of 9 for evacuation
[22.743s][debug][gc,age         ] GC(945) Desired survivor size 16777216 bytes, new threshold 15 (max threshold 15)
[22.744s][info ][gc,phases      ] GC(945)   Pre Evacuate Collection Set: 0.09ms
[22.744s][info ][gc,phases      ] GC(945)   Merge Heap Roots: 0.07ms
[22.744s][info ][gc,phases      ] GC(945)   Evacuate Collection Set: 0.12ms
[22.744s][info ][gc,phases      ] GC(945)   Post Evacuate Collection Set: 0.19ms
[22.744s][info ][gc,phases      ] GC(945)   Other: 0.06ms
[22.744s][trace][gc,age         ] GC(945) Age table:
[22.744s][trace][gc,age         ] GC(945) - age   1:        192 bytes,        192 total
[22.744s][info ][gc,heap        ] GC(945) Eden regions: 253->0(253)
[22.744s][info ][gc,heap        ] GC(945) Survivor regions: 1->1(32)
[22.744s][info ][gc,heap        ] GC(945) Old regions: 11->11
[22.744s][info ][gc,heap        ] GC(945) Humongous regions: 0->0
[22.744s][info ][gc,metaspace   ] GC(945) Metaspace: 10122K(10368K)->10122K(10368K) NonClass: 9159K(9344K)->9159K(9344K) Class: 963K(1024K)->963K(1024K)
[22.744s][info ][gc             ] GC(945) Pause Young (Normal) (G1 Evacuation Pause) 256M->4M(424M) 0.627ms
[22.744s][info ][gc,cpu         ] GC(945) User=0.00s Sys=0.00s Real=0.00s
[22.759s][info ][gc,start       ] GC(946) Pause Young (Normal) (G1 Evacuation Pause)
[22.759s][info ][gc,task        ] GC(946) Using 9 workers of 9 for evacuation
[22.759s][debug][gc,age         ] GC(946) Desired survivor size 16777216 bytes, new threshold 15 (max threshold 15)
[22.760s][info ][gc,phases      ] GC(946)   Pre Evacuate Collection Set: 0.07ms
[22.760s][info ][gc,phases      ] GC(946)   Merge Heap Roots: 0.10ms
[22.760s][info ][gc,phases      ] GC(946)   Evacuate Collection Set: 0.08ms
[22.760s][info ][gc,phases      ] GC(946)   Post Evacuate Collection Set: 0.19ms
[22.760s][info ][gc,phases      ] GC(946)   Other: 0.05ms
[22.760s][trace][gc,age         ] GC(946) Age table:
[22.760s][trace][gc,age         ] GC(946) - age   1:        192 bytes,        192 total
[22.760s][info ][gc,heap        ] GC(946) Eden regions: 253->0(253)
[22.760s][info ][gc,heap        ] GC(946) Survivor regions: 1->1(32)
[22.760s][info ][gc,heap        ] GC(946) Old regions: 11->11
[22.760s][info ][gc,heap        ] GC(946) Humongous regions: 0->0
[22.760s][info ][gc,metaspace   ] GC(946) Metaspace: 10122K(10368K)->10122K(10368K) NonClass: 9159K(9344K)->9159K(9344K) Class: 963K(1024K)->963K(1024K)
[22.760s][info ][gc             ] GC(946) Pause Young (Normal) (G1 Evacuation Pause) 256M->4M(424M) 0.580ms
[22.760s][info ][gc,cpu         ] GC(946) User=0.00s Sys=0.00s Real=0.00s
[22.775s][info ][gc,start       ] GC(947) Pause Young (Normal) (G1 Evacuation Pause)
[22.776s][info ][gc,task        ] GC(947) Using 9 workers of 9 for evacuation
[22.776s][debug][gc,age         ] GC(947) Desired survivor size 16777216 bytes, new threshold 15 (max threshold 15)
[22.776s][info ][gc,phases      ] GC(947)   Pre Evacuate Collection Set: 0.07ms
[22.776s][info ][gc,phases      ] GC(947)   Merge Heap Roots: 0.09ms
[22.776s][info ][gc,phases      ] GC(947)   Evacuate Collection Set: 0.09ms
[22.776s][info ][gc,phases      ] GC(947)   Post Evacuate Collection Set: 0.19ms
[22.776s][info ][gc,phases      ] GC(947)   Other: 0.06ms
[22.776s][trace][gc,age         ] GC(947) Age table:
[22.776s][trace][gc,age         ] GC(947) - age   1:        192 bytes,        192 total
[22.776s][info ][gc,heap        ] GC(947) Eden regions: 253->0(253)
[22.776s][info ][gc,heap        ] GC(947) Survivor regions: 1->1(32)
[22.776s][info ][gc,heap        ] GC(947) Old regions: 11->11
[22.776s][info ][gc,heap        ] GC(947) Humongous regions: 0->0
[22.776s][info ][gc,metaspace   ] GC(947) Metaspace: 10122K(10368K)->10122K(10368K) NonClass: 9159K(9344K)->9159K(9344K) Class: 963K(1024K)->963K(1024K)
[22.776s][info ][gc             ] GC(947) Pause Young (Normal) (G1 Evacuation Pause) 256M->4M(424M) 0.609ms
[22.776s][info ][gc,cpu         ] GC(947) User=0.00s Sys=0.00s Real=0.00s
[22.792s][info ][gc,start       ] GC(948) Pause Young (Normal) (G1 Evacuation Pause)
[22.792s][info ][gc,task        ] GC(948) Using 9 workers of 9 for evacuation
[22.792s][debug][gc,age         ] GC(948) Desired survivor size 16777216 bytes, new threshold 15 (max threshold 15)
[22.792s][info ][gc,phases      ] GC(948)   Pre Evacuate Collection Set: 0.06ms
[22.792s][info ][gc,phases      ] GC(948)   Merge Heap Roots: 0.07ms
[22.792s][info ][gc,phases      ] GC(948)   Evacuate Collection Set: 0.10ms
[22.792s][info ][gc,phases      ] GC(948)   Post Evacuate Collection Set: 0.17ms
[22.792s][info ][gc,phases      ] GC(948)   Other: 0.05ms
[22.792s][trace][gc,age         ] GC(948) Age table:
[22.792s][trace][gc,age         ] GC(948) - age   1:        192 bytes,        192 total
[22.792s][info ][gc,heap        ] GC(948) Eden regions: 253->0(253)
[22.792s][info ][gc,heap        ] GC(948) Survivor regions: 1->1(32)
[22.792s][info ][gc,heap        ] GC(948) Old regions: 11->11
[22.792s][info ][gc,heap        ] GC(948) Humongous regions: 0->0
[22.792s][info ][gc,metaspace   ] GC(948) Metaspace: 10122K(10368K)->10122K(10368K) NonClass: 9159K(9344K)->9159K(9344K) Class: 963K(1024K)->963K(1024K)
[22.792s][info ][gc             ] GC(948) Pause Young (Normal) (G1 Evacuation Pause) 256M->4M(424M) 0.545ms
[22.792s][info ][gc,cpu         ] GC(948) User=0.00s Sys=0.00s Real=0.00s
[22.808s][info ][gc,start       ] GC(949) Pause Young (Normal) (G1 Evacuation Pause)
[22.808s][info ][gc,task        ] GC(949) Using 9 workers of 9 for evacuation
[22.808s][debug][gc,age         ] GC(949) Desired survivor size 16777216 bytes, new threshold 15 (max threshold 15)
[22.808s][info ][gc,phases      ] GC(949)   Pre Evacuate Collection Set: 0.06ms
[22.808s][info ][gc,phases      ] GC(949)   Merge Heap Roots: 0.11ms
[22.808s][info ][gc,phases      ] GC(949)   Evacuate Collection Set: 0.11ms
[22.808s][info ][gc,phases      ] GC(949)   Post Evacuate Collection Set: 0.18ms
[22.808s][info ][gc,phases      ] GC(949)   Other: 0.06ms
[22.808s][trace][gc,age         ] GC(949) Age table:
[22.808s][trace][gc,age         ] GC(949) - age   1:        192 bytes,        192 total
[22.808s][info ][gc,heap        ] GC(949) Eden regions: 253->0(253)
[22.808s][info ][gc,heap        ] GC(949) Survivor regions: 1->1(32)
[22.808s][info ][gc,heap        ] GC(949) Old regions: 11->11
[22.808s][info ][gc,heap        ] GC(949) Humongous regions: 0->0
[22.808s][info ][gc,metaspace   ] GC(949) Metaspace: 10122K(10368K)->10122K(10368K) NonClass: 9159K(9344K)->9159K(9344K) Class: 963K(1024K)->963K(1024K)
[22.808s][info ][gc             ] GC(949) Pause Young (Normal) (G1 Evacuation Pause) 256M->4M(424M) 0.635ms
[22.808s][info ][gc,cpu         ] GC(949) User=0.00s Sys=0.00s Real=0.00s
[22.824s][info ][gc,start       ] GC(950) Pause Young (Normal) (G1 Evacuation Pause)
[22.824s][info ][gc,task        ] GC(950) Using 9 workers of 9 for evacuation
[22.824s][debug][gc,age         ] GC(950) Desired survivor size 16777216 bytes, new threshold 15 (max threshold 15)
[22.824s][info ][gc,phases      ] GC(950)   Pre Evacuate Collection Set: 0.09ms
[22.824s][info ][gc,phases      ] GC(950)   Merge Heap Roots: 0.11ms
[22.824s][info ][gc,phases      ] GC(950)   Evacuate Collection Set: 0.09ms
[22.824s][info ][gc,phases      ] GC(950)   Post Evacuate Collection Set: 0.17ms
[22.824s][info ][gc,phases      ] GC(950)   Other: 0.06ms
[22.824s][trace][gc,age         ] GC(950) Age table:
[22.825s][trace][gc,age         ] GC(950) - age   1:        192 bytes,        192 total
[22.825s][info ][gc,heap        ] GC(950) Eden regions: 253->0(253)
[22.825s][info ][gc,heap        ] GC(950) Survivor regions: 1->1(32)
[22.825s][info ][gc,heap        ] GC(950) Old regions: 11->11
[22.825s][info ][gc,heap        ] GC(950) Humongous regions: 0->0
[22.825s][info ][gc,metaspace   ] GC(950) Metaspace: 10122K(10368K)->10122K(10368K) NonClass: 9159K(9344K)->9159K(9344K) Class: 963K(1024K)->963K(1024K)
[22.825s][info ][gc             ] GC(950) Pause Young (Normal) (G1 Evacuation Pause) 256M->4M(424M) 0.619ms
[22.825s][info ][gc,cpu         ] GC(950) User=0.00s Sys=0.00s Real=0.00s
[22.840s][info ][gc,start       ] GC(951) Pause Young (Normal) (G1 Evacuation Pause)
[22.840s][info ][gc,task        ] GC(951) Using 9 workers of 9 for evacuation
[22.840s][debug][gc,age         ] GC(951) Desired survivor size 16777216 bytes, new threshold 15 (max threshold 15)
[22.840s][info ][gc,phases      ] GC(951)   Pre Evacuate Collection Set: 0.09ms
[22.840s][info ][gc,phases      ] GC(951)   Merge Heap Roots: 0.07ms
[22.840s][info ][gc,phases      ] GC(951)   Evacuate Collection Set: 0.08ms
[22.840s][info ][gc,phases      ] GC(951)   Post Evacuate Collection Set: 0.16ms
[22.840s][info ][gc,phases      ] GC(951)   Other: 0.05ms
[22.840s][trace][gc,age         ] GC(951) Age table:
[22.840s][trace][gc,age         ] GC(951) - age   1:        192 bytes,        192 total
[22.840s][info ][gc,heap        ] GC(951) Eden regions: 253->0(253)
[22.840s][info ][gc,heap        ] GC(951) Survivor regions: 1->1(32)
[22.840s][info ][gc,heap        ] GC(951) Old regions: 11->11
[22.840s][info ][gc,heap        ] GC(951) Humongous regions: 0->0
[22.840s][info ][gc,metaspace   ] GC(951) Metaspace: 10122K(10368K)->10122K(10368K) NonClass: 9159K(9344K)->9159K(9344K) Class: 963K(1024K)->963K(1024K)
[22.840s][info ][gc             ] GC(951) Pause Young (Normal) (G1 Evacuation Pause) 256M->4M(424M) 0.538ms
[22.840s][info ][gc,cpu         ] GC(951) User=0.00s Sys=0.00s Real=0.00s
[22.856s][info ][gc,start       ] GC(952) Pause Young (Normal) (G1 Evacuation Pause)
[22.856s][info ][gc,task        ] GC(952) Using 9 workers of 9 for evacuation
[22.856s][debug][gc,age         ] GC(952) Desired survivor size 16777216 bytes, new threshold 15 (max threshold 15)
[22.857s][info ][gc,phases      ] GC(952)   Pre Evacuate Collection Set: 0.07ms
[22.857s][info ][gc,phases      ] GC(952)   Merge Heap Roots: 0.06ms
[22.857s][info ][gc,phases      ] GC(952)   Evacuate Collection Set: 0.10ms
[22.857s][info ][gc,phases      ] GC(952)   Post Evacuate Collection Set: 0.18ms
[22.857s][info ][gc,phases      ] GC(952)   Other: 0.05ms
[22.857s][trace][gc,age         ] GC(952) Age table:
[22.857s][trace][gc,age         ] GC(952) - age   1:        192 bytes,        192 total
[22.857s][info ][gc,heap        ] GC(952) Eden regions: 253->0(253)
[22.857s][info ][gc,heap        ] GC(952) Survivor regions: 1->1(32)
[22.857s][info ][gc,heap        ] GC(952) Old regions: 11->11
[22.857s][info ][gc,heap        ] GC(952) Humongous regions: 0->0
[22.857s][info ][gc,metaspace   ] GC(952) Metaspace: 10122K(10368K)->10122K(10368K) NonClass: 9159K(9344K)->9159K(9344K) Class: 963K(1024K)->963K(1024K)
[22.857s][info ][gc             ] GC(952) Pause Young (Normal) (G1 Evacuation Pause) 256M->4M(424M) 0.534ms
[22.857s][info ][gc,cpu         ] GC(952) User=0.00s Sys=0.00s Real=0.00s
[22.872s][info ][gc,start       ] GC(953) Pause Young (Normal) (G1 Evacuation Pause)
[22.873s][info ][gc,task        ] GC(953) Using 9 workers of 9 for evacuation
[22.873s][debug][gc,age         ] GC(953) Desired survivor size 16777216 bytes, new threshold 15 (max threshold 15)
[22.873s][info ][gc,phases      ] GC(953)   Pre Evacuate Collection Set: 0.07ms
[22.873s][info ][gc,phases      ] GC(953)   Merge Heap Roots: 0.11ms
[22.873s][info ][gc,phases      ] GC(953)   Evacuate Collection Set: 0.09ms
[22.873s][info ][gc,phases      ] GC(953)   Post Evacuate Collection Set: 0.17ms
[22.873s][info ][gc,phases      ] GC(953)   Other: 0.05ms
[22.873s][trace][gc,age         ] GC(953) Age table:
[22.873s][trace][gc,age         ] GC(953) - age   1:        192 bytes,        192 total
[22.873s][info ][gc,heap        ] GC(953) Eden regions: 253->0(253)
[22.873s][info ][gc,heap        ] GC(953) Survivor regions: 1->1(32)
[22.873s][info ][gc,heap        ] GC(953) Old regions: 11->11
[22.873s][info ][gc,heap        ] GC(953) Humongous regions: 0->0
[22.873s][info ][gc,metaspace   ] GC(953) Metaspace: 10122K(10368K)->10122K(10368K) NonClass: 9159K(9344K)->9159K(9344K) Class: 963K(1024K)->963K(1024K)
[22.873s][info ][gc             ] GC(953) Pause Young (Normal) (G1 Evacuation Pause) 256M->4M(424M) 0.572ms
[22.873s][info ][gc,cpu         ] GC(953) User=0.00s Sys=0.00s Real=0.00s
[22.889s][info ][gc,start       ] GC(954) Pause Young (Normal) (G1 Evacuation Pause)
[22.889s][info ][gc,task        ] GC(954) Using 9 workers of 9 for evacuation
[22.889s][debug][gc,age         ] GC(954) Desired survivor size 16777216 bytes, new threshold 15 (max threshold 15)
[22.889s][info ][gc,phases      ] GC(954)   Pre Evacuate Collection Set: 0.08ms
[22.889s][info ][gc,phases      ] GC(954)   Merge Heap Roots: 0.07ms
[22.889s][info ][gc,phases      ] GC(954)   Evacuate Collection Set: 0.10ms
[22.889s][info ][gc,phases      ] GC(954)   Post Evacuate Collection Set: 0.18ms
[22.889s][info ][gc,phases      ] GC(954)   Other: 0.05ms
[22.889s][trace][gc,age         ] GC(954) Age table:
[22.889s][trace][gc,age         ] GC(954) - age   1:        192 bytes,        192 total
[22.889s][info ][gc,heap        ] GC(954) Eden regions: 253->0(253)
[22.889s][info ][gc,heap        ] GC(954) Survivor regions: 1->1(32)
[22.889s][info ][gc,heap        ] GC(954) Old regions: 11->11
[22.889s][info ][gc,heap        ] GC(954) Humongous regions: 0->0
[22.889s][info ][gc,metaspace   ] GC(954) Metaspace: 10122K(10368K)->10122K(10368K) NonClass: 9159K(9344K)->9159K(9344K) Class: 963K(1024K)->963K(1024K)
[22.889s][info ][gc             ] GC(954) Pause Young (Normal) (G1 Evacuation Pause) 256M->4M(424M) 0.557ms
[22.889s][info ][gc,cpu         ] GC(954) User=0.00s Sys=0.00s Real=0.00s
[22.905s][info ][gc,start       ] GC(955) Pause Young (Normal) (G1 Evacuation Pause)
[22.905s][info ][gc,task        ] GC(955) Using 9 workers of 9 for evacuation
[22.905s][debug][gc,age         ] GC(955) Desired survivor size 16777216 bytes, new threshold 15 (max threshold 15)
[22.905s][info ][gc,phases      ] GC(955)   Pre Evacuate Collection Set: 0.08ms
[22.905s][info ][gc,phases      ] GC(955)   Merge Heap Roots: 0.07ms
[22.905s][info ][gc,phases      ] GC(955)   Evacuate Collection Set: 0.08ms
[22.905s][info ][gc,phases      ] GC(955)   Post Evacuate Collection Set: 0.17ms
[22.905s][info ][gc,phases      ] GC(955)   Other: 0.05ms
[22.905s][trace][gc,age         ] GC(955) Age table:
[22.905s][trace][gc,age         ] GC(955) - age   1:        192 bytes,        192 total
[22.905s][info ][gc,heap        ] GC(955) Eden regions: 253->0(253)
[22.905s][info ][gc,heap        ] GC(955) Survivor regions: 1->1(32)
[22.905s][info ][gc,heap        ] GC(955) Old regions: 11->11
[22.905s][info ][gc,heap        ] GC(955) Humongous regions: 0->0
[22.905s][info ][gc,metaspace   ] GC(955) Metaspace: 10122K(10368K)->10122K(10368K) NonClass: 9159K(9344K)->9159K(9344K) Class: 963K(1024K)->963K(1024K)
[22.905s][info ][gc             ] GC(955) Pause Young (Normal) (G1 Evacuation Pause) 256M->4M(424M) 0.548ms
[22.905s][info ][gc,cpu         ] GC(955) User=0.00s Sys=0.01s Real=0.01s
[22.921s][info ][gc,start       ] GC(956) Pause Young (Normal) (G1 Evacuation Pause)
[22.921s][info ][gc,task        ] GC(956) Using 9 workers of 9 for evacuation
[22.921s][debug][gc,age         ] GC(956) Desired survivor size 16777216 bytes, new threshold 15 (max threshold 15)
[22.921s][info ][gc,phases      ] GC(956)   Pre Evacuate Collection Set: 0.06ms
[22.921s][info ][gc,phases      ] GC(956)   Merge Heap Roots: 0.06ms
[22.921s][info ][gc,phases      ] GC(956)   Evacuate Collection Set: 0.10ms
[22.921s][info ][gc,phases      ] GC(956)   Post Evacuate Collection Set: 0.16ms
[22.921s][info ][gc,phases      ] GC(956)   Other: 0.06ms
[22.921s][trace][gc,age         ] GC(956) Age table:
[22.921s][trace][gc,age         ] GC(956) - age   1:        192 bytes,        192 total
[22.921s][info ][gc,heap        ] GC(956) Eden regions: 253->0(253)
[22.921s][info ][gc,heap        ] GC(956) Survivor regions: 1->1(32)
[22.921s][info ][gc,heap        ] GC(956) Old regions: 11->11
[22.921s][info ][gc,heap        ] GC(956) Humongous regions: 0->0
[22.921s][info ][gc,metaspace   ] GC(956) Metaspace: 10122K(10368K)->10122K(10368K) NonClass: 9159K(9344K)->9159K(9344K) Class: 963K(1024K)->963K(1024K)
[22.921s][info ][gc             ] GC(956) Pause Young (Normal) (G1 Evacuation Pause) 256M->4M(424M) 0.539ms
[22.921s][info ][gc,cpu         ] GC(956) User=0.00s Sys=0.00s Real=0.00s
[22.937s][info ][gc,start       ] GC(957) Pause Young (Normal) (G1 Evacuation Pause)
[22.937s][info ][gc,task        ] GC(957) Using 9 workers of 9 for evacuation
[22.937s][debug][gc,age         ] GC(957) Desired survivor size 16777216 bytes, new threshold 15 (max threshold 15)
[22.937s][info ][gc,phases      ] GC(957)   Pre Evacuate Collection Set: 0.06ms
[22.937s][info ][gc,phases      ] GC(957)   Merge Heap Roots: 0.06ms
[22.937s][info ][gc,phases      ] GC(957)   Evacuate Collection Set: 0.12ms
[22.937s][info ][gc,phases      ] GC(957)   Post Evacuate Collection Set: 0.16ms
[22.937s][info ][gc,phases      ] GC(957)   Other: 0.05ms
[22.937s][trace][gc,age         ] GC(957) Age table:
[22.937s][trace][gc,age         ] GC(957) - age   1:        192 bytes,        192 total
[22.937s][info ][gc,heap        ] GC(957) Eden regions: 253->0(253)
[22.937s][info ][gc,heap        ] GC(957) Survivor regions: 1->1(32)
[22.937s][info ][gc,heap        ] GC(957) Old regions: 11->11
[22.937s][info ][gc,heap        ] GC(957) Humongous regions: 0->0
[22.937s][info ][gc,metaspace   ] GC(957) Metaspace: 10122K(10368K)->10122K(10368K) NonClass: 9159K(9344K)->9159K(9344K) Class: 963K(1024K)->963K(1024K)
[22.937s][info ][gc             ] GC(957) Pause Young (Normal) (G1 Evacuation Pause) 256M->4M(424M) 0.536ms
[22.937s][info ][gc,cpu         ] GC(957) User=0.00s Sys=0.00s Real=0.00s
[22.953s][info ][gc,start       ] GC(958) Pause Young (Normal) (G1 Evacuation Pause)
[22.953s][info ][gc,task        ] GC(958) Using 9 workers of 9 for evacuation
[22.953s][debug][gc,age         ] GC(958) Desired survivor size 16777216 bytes, new threshold 15 (max threshold 15)
[22.954s][info ][gc,phases      ] GC(958)   Pre Evacuate Collection Set: 0.08ms
[22.954s][info ][gc,phases      ] GC(958)   Merge Heap Roots: 0.06ms
[22.954s][info ][gc,phases      ] GC(958)   Evacuate Collection Set: 0.10ms
[22.954s][info ][gc,phases      ] GC(958)   Post Evacuate Collection Set: 0.20ms
[22.954s][info ][gc,phases      ] GC(958)   Other: 0.06ms
[22.954s][trace][gc,age         ] GC(958) Age table:
[22.954s][trace][gc,age         ] GC(958) - age   1:        192 bytes,        192 total
[22.954s][info ][gc,heap        ] GC(958) Eden regions: 253->0(253)
[22.954s][info ][gc,heap        ] GC(958) Survivor regions: 1->1(32)
[22.954s][info ][gc,heap        ] GC(958) Old regions: 11->11
[22.954s][info ][gc,heap        ] GC(958) Humongous regions: 0->0
[22.954s][info ][gc,metaspace   ] GC(958) Metaspace: 10122K(10368K)->10122K(10368K) NonClass: 9159K(9344K)->9159K(9344K) Class: 963K(1024K)->963K(1024K)
[22.954s][info ][gc             ] GC(958) Pause Young (Normal) (G1 Evacuation Pause) 256M->4M(424M) 0.580ms
[22.954s][info ][gc,cpu         ] GC(958) User=0.01s Sys=0.00s Real=0.00s
[22.969s][info ][gc,start       ] GC(959) Pause Young (Normal) (G1 Evacuation Pause)
[22.969s][info ][gc,task        ] GC(959) Using 9 workers of 9 for evacuation
[22.969s][debug][gc,age         ] GC(959) Desired survivor size 16777216 bytes, new threshold 15 (max threshold 15)
[22.970s][info ][gc,phases      ] GC(959)   Pre Evacuate Collection Set: 0.09ms
[22.970s][info ][gc,phases      ] GC(959)   Merge Heap Roots: 0.07ms
[22.970s][info ][gc,phases      ] GC(959)   Evacuate Collection Set: 0.10ms
[22.970s][info ][gc,phases      ] GC(959)   Post Evacuate Collection Set: 0.18ms
[22.970s][info ][gc,phases      ] GC(959)   Other: 0.06ms
[22.970s][trace][gc,age         ] GC(959) Age table:
[22.970s][trace][gc,age         ] GC(959) - age   1:        192 bytes,        192 total
[22.970s][info ][gc,heap        ] GC(959) Eden regions: 253->0(253)
[22.970s][info ][gc,heap        ] GC(959) Survivor regions: 1->1(32)
[22.970s][info ][gc,heap        ] GC(959) Old regions: 11->11
[22.970s][info ][gc,heap        ] GC(959) Humongous regions: 0->0
[22.970s][info ][gc,metaspace   ] GC(959) Metaspace: 10122K(10368K)->10122K(10368K) NonClass: 9159K(9344K)->9159K(9344K) Class: 963K(1024K)->963K(1024K)
[22.970s][info ][gc             ] GC(959) Pause Young (Normal) (G1 Evacuation Pause) 256M->4M(424M) 0.595ms
[22.970s][info ][gc,cpu         ] GC(959) User=0.00s Sys=0.00s Real=0.00s
[22.986s][info ][gc,start       ] GC(960) Pause Young (Normal) (G1 Evacuation Pause)
[22.986s][info ][gc,task        ] GC(960) Using 9 workers of 9 for evacuation
[22.986s][debug][gc,age         ] GC(960) Desired survivor size 16777216 bytes, new threshold 15 (max threshold 15)
[22.986s][info ][gc,phases      ] GC(960)   Pre Evacuate Collection Set: 0.08ms
[22.986s][info ][gc,phases      ] GC(960)   Merge Heap Roots: 0.07ms
[22.986s][info ][gc,phases      ] GC(960)   Evacuate Collection Set: 0.08ms
[22.986s][info ][gc,phases      ] GC(960)   Post Evacuate Collection Set: 0.18ms
[22.986s][info ][gc,phases      ] GC(960)   Other: 0.05ms
[22.986s][trace][gc,age         ] GC(960) Age table:
[22.986s][trace][gc,age         ] GC(960) - age   1:        192 bytes,        192 total
[22.986s][info ][gc,heap        ] GC(960) Eden regions: 253->0(253)
[22.986s][info ][gc,heap        ] GC(960) Survivor regions: 1->1(32)
[22.986s][info ][gc,heap        ] GC(960) Old regions: 11->11
[22.986s][info ][gc,heap        ] GC(960) Humongous regions: 0->0
[22.986s][info ][gc,metaspace   ] GC(960) Metaspace: 10122K(10368K)->10122K(10368K) NonClass: 9159K(9344K)->9159K(9344K) Class: 963K(1024K)->963K(1024K)
[22.986s][info ][gc             ] GC(960) Pause Young (Normal) (G1 Evacuation Pause) 256M->4M(424M) 0.552ms
[22.986s][info ][gc,cpu         ] GC(960) User=0.00s Sys=0.00s Real=0.00s
[23.001s][info ][gc,start       ] GC(961) Pause Young (Normal) (G1 Evacuation Pause)
[23.001s][info ][gc,task        ] GC(961) Using 9 workers of 9 for evacuation
[23.001s][debug][gc,age         ] GC(961) Desired survivor size 16777216 bytes, new threshold 15 (max threshold 15)
[23.002s][info ][gc,phases      ] GC(961)   Pre Evacuate Collection Set: 0.09ms
[23.002s][info ][gc,phases      ] GC(961)   Merge Heap Roots: 0.07ms
[23.002s][info ][gc,phases      ] GC(961)   Evacuate Collection Set: 0.08ms
[23.002s][info ][gc,phases      ] GC(961)   Post Evacuate Collection Set: 0.17ms
[23.002s][info ][gc,phases      ] GC(961)   Other: 0.06ms
[23.002s][trace][gc,age         ] GC(961) Age table:
[23.002s][trace][gc,age         ] GC(961) - age   1:        192 bytes,        192 total
[23.002s][info ][gc,heap        ] GC(961) Eden regions: 253->0(253)
[23.002s][info ][gc,heap        ] GC(961) Survivor regions: 1->1(32)
[23.002s][info ][gc,heap        ] GC(961) Old regions: 11->11
[23.002s][info ][gc,heap        ] GC(961) Humongous regions: 0->0
[23.002s][info ][gc,metaspace   ] GC(961) Metaspace: 10122K(10368K)->10122K(10368K) NonClass: 9159K(9344K)->9159K(9344K) Class: 963K(1024K)->963K(1024K)
[23.002s][info ][gc             ] GC(961) Pause Young (Normal) (G1 Evacuation Pause) 256M->4M(424M) 0.575ms
[23.002s][info ][gc,cpu         ] GC(961) User=0.00s Sys=0.00s Real=0.00s
[23.018s][info ][gc,start       ] GC(962) Pause Young (Normal) (G1 Evacuation Pause)
[23.018s][info ][gc,task        ] GC(962) Using 9 workers of 9 for evacuation
[23.018s][debug][gc,age         ] GC(962) Desired survivor size 16777216 bytes, new threshold 15 (max threshold 15)
[23.018s][info ][gc,phases      ] GC(962)   Pre Evacuate Collection Set: 0.09ms
[23.018s][info ][gc,phases      ] GC(962)   Merge Heap Roots: 0.04ms
[23.018s][info ][gc,phases      ] GC(962)   Evacuate Collection Set: 0.11ms
[23.018s][info ][gc,phases      ] GC(962)   Post Evacuate Collection Set: 0.19ms
[23.018s][info ][gc,phases      ] GC(962)   Other: 0.06ms
[23.018s][trace][gc,age         ] GC(962) Age table:
[23.018s][trace][gc,age         ] GC(962) - age   1:        192 bytes,        192 total
[23.018s][info ][gc,heap        ] GC(962) Eden regions: 253->0(253)
[23.018s][info ][gc,heap        ] GC(962) Survivor regions: 1->1(32)
[23.018s][info ][gc,heap        ] GC(962) Old regions: 11->11
[23.018s][info ][gc,heap        ] GC(962) Humongous regions: 0->0
[23.018s][info ][gc,metaspace   ] GC(962) Metaspace: 10122K(10368K)->10122K(10368K) NonClass: 9159K(9344K)->9159K(9344K) Class: 963K(1024K)->963K(1024K)
[23.018s][info ][gc             ] GC(962) Pause Young (Normal) (G1 Evacuation Pause) 256M->4M(424M) 0.593ms
[23.018s][info ][gc,cpu         ] GC(962) User=0.00s Sys=0.00s Real=0.00s
[23.034s][info ][gc,start       ] GC(963) Pause Young (Normal) (G1 Evacuation Pause)
[23.034s][info ][gc,task        ] GC(963) Using 9 workers of 9 for evacuation
[23.034s][debug][gc,age         ] GC(963) Desired survivor size 16777216 bytes, new threshold 15 (max threshold 15)
[23.034s][info ][gc,phases      ] GC(963)   Pre Evacuate Collection Set: 0.07ms
[23.034s][info ][gc,phases      ] GC(963)   Merge Heap Roots: 0.06ms
[23.034s][info ][gc,phases      ] GC(963)   Evacuate Collection Set: 0.12ms
[23.034s][info ][gc,phases      ] GC(963)   Post Evacuate Collection Set: 0.18ms
[23.034s][info ][gc,phases      ] GC(963)   Other: 0.05ms
[23.034s][trace][gc,age         ] GC(963) Age table:
[23.035s][trace][gc,age         ] GC(963) - age   1:        192 bytes,        192 total
[23.035s][info ][gc,heap        ] GC(963) Eden regions: 253->0(253)
[23.035s][info ][gc,heap        ] GC(963) Survivor regions: 1->1(32)
[23.035s][info ][gc,heap        ] GC(963) Old regions: 11->11
[23.035s][info ][gc,heap        ] GC(963) Humongous regions: 0->0
[23.035s][info ][gc,metaspace   ] GC(963) Metaspace: 10122K(10368K)->10122K(10368K) NonClass: 9159K(9344K)->9159K(9344K) Class: 963K(1024K)->963K(1024K)
[23.035s][info ][gc             ] GC(963) Pause Young (Normal) (G1 Evacuation Pause) 256M->4M(424M) 0.564ms
[23.035s][info ][gc,cpu         ] GC(963) User=0.00s Sys=0.00s Real=0.00s
[23.050s][info ][gc,start       ] GC(964) Pause Young (Normal) (G1 Evacuation Pause)
[23.050s][info ][gc,task        ] GC(964) Using 9 workers of 9 for evacuation
[23.050s][debug][gc,age         ] GC(964) Desired survivor size 16777216 bytes, new threshold 15 (max threshold 15)
[23.051s][info ][gc,phases      ] GC(964)   Pre Evacuate Collection Set: 0.08ms
[23.051s][info ][gc,phases      ] GC(964)   Merge Heap Roots: 0.08ms
[23.051s][info ][gc,phases      ] GC(964)   Evacuate Collection Set: 0.09ms
[23.051s][info ][gc,phases      ] GC(964)   Post Evacuate Collection Set: 0.16ms
[23.051s][info ][gc,phases      ] GC(964)   Other: 0.06ms
[23.051s][trace][gc,age         ] GC(964) Age table:
[23.051s][trace][gc,age         ] GC(964) - age   1:        192 bytes,        192 total
[23.051s][info ][gc,heap        ] GC(964) Eden regions: 253->0(253)
[23.051s][info ][gc,heap        ] GC(964) Survivor regions: 1->1(32)
[23.051s][info ][gc,heap        ] GC(964) Old regions: 11->11
[23.051s][info ][gc,heap        ] GC(964) Humongous regions: 0->0
[23.051s][info ][gc,metaspace   ] GC(964) Metaspace: 10122K(10368K)->10122K(10368K) NonClass: 9159K(9344K)->9159K(9344K) Class: 963K(1024K)->963K(1024K)
[23.051s][info ][gc             ] GC(964) Pause Young (Normal) (G1 Evacuation Pause) 256M->4M(424M) 0.552ms
[23.051s][info ][gc,cpu         ] GC(964) User=0.00s Sys=0.01s Real=0.00s
[23.067s][info ][gc,start       ] GC(965) Pause Young (Normal) (G1 Evacuation Pause)
[23.067s][info ][gc,task        ] GC(965) Using 9 workers of 9 for evacuation
[23.067s][debug][gc,age         ] GC(965) Desired survivor size 16777216 bytes, new threshold 15 (max threshold 15)
[23.067s][info ][gc,phases      ] GC(965)   Pre Evacuate Collection Set: 0.09ms
[23.067s][info ][gc,phases      ] GC(965)   Merge Heap Roots: 0.09ms
[23.067s][info ][gc,phases      ] GC(965)   Evacuate Collection Set: 0.11ms
[23.067s][info ][gc,phases      ] GC(965)   Post Evacuate Collection Set: 0.19ms
[23.067s][info ][gc,phases      ] GC(965)   Other: 0.06ms
[23.067s][trace][gc,age         ] GC(965) Age table:
[23.067s][trace][gc,age         ] GC(965) - age   1:        192 bytes,        192 total
[23.067s][info ][gc,heap        ] GC(965) Eden regions: 253->0(253)
[23.067s][info ][gc,heap        ] GC(965) Survivor regions: 1->1(32)
[23.067s][info ][gc,heap        ] GC(965) Old regions: 11->11
[23.067s][info ][gc,heap        ] GC(965) Humongous regions: 0->0
[23.067s][info ][gc,metaspace   ] GC(965) Metaspace: 10122K(10368K)->10122K(10368K) NonClass: 9159K(9344K)->9159K(9344K) Class: 963K(1024K)->963K(1024K)
[23.067s][info ][gc             ] GC(965) Pause Young (Normal) (G1 Evacuation Pause) 256M->4M(424M) 0.624ms
[23.067s][info ][gc,cpu         ] GC(965) User=0.00s Sys=0.00s Real=0.00s
[23.083s][info ][gc,start       ] GC(966) Pause Young (Normal) (G1 Evacuation Pause)
[23.083s][info ][gc,task        ] GC(966) Using 9 workers of 9 for evacuation
[23.083s][debug][gc,age         ] GC(966) Desired survivor size 16777216 bytes, new threshold 15 (max threshold 15)
[23.083s][info ][gc,phases      ] GC(966)   Pre Evacuate Collection Set: 0.08ms
[23.083s][info ][gc,phases      ] GC(966)   Merge Heap Roots: 0.07ms
[23.083s][info ][gc,phases      ] GC(966)   Evacuate Collection Set: 0.12ms
[23.083s][info ][gc,phases      ] GC(966)   Post Evacuate Collection Set: 0.18ms
[23.083s][info ][gc,phases      ] GC(966)   Other: 0.06ms
[23.083s][trace][gc,age         ] GC(966) Age table:
[23.083s][trace][gc,age         ] GC(966) - age   1:        192 bytes,        192 total
[23.083s][info ][gc,heap        ] GC(966) Eden regions: 253->0(253)
[23.083s][info ][gc,heap        ] GC(966) Survivor regions: 1->1(32)
[23.083s][info ][gc,heap        ] GC(966) Old regions: 11->11
[23.083s][info ][gc,heap        ] GC(966) Humongous regions: 0->0
[23.083s][info ][gc,metaspace   ] GC(966) Metaspace: 10122K(10368K)->10122K(10368K) NonClass: 9159K(9344K)->9159K(9344K) Class: 963K(1024K)->963K(1024K)
[23.083s][info ][gc             ] GC(966) Pause Young (Normal) (G1 Evacuation Pause) 256M->4M(424M) 0.594ms
[23.083s][info ][gc,cpu         ] GC(966) User=0.00s Sys=0.00s Real=0.00s
[23.099s][info ][gc,start       ] GC(967) Pause Young (Normal) (G1 Evacuation Pause)
[23.099s][info ][gc,task        ] GC(967) Using 9 workers of 9 for evacuation
[23.099s][debug][gc,age         ] GC(967) Desired survivor size 16777216 bytes, new threshold 15 (max threshold 15)
[23.100s][info ][gc,phases      ] GC(967)   Pre Evacuate Collection Set: 0.08ms
[23.100s][info ][gc,phases      ] GC(967)   Merge Heap Roots: 0.08ms
[23.100s][info ][gc,phases      ] GC(967)   Evacuate Collection Set: 0.09ms
[23.100s][info ][gc,phases      ] GC(967)   Post Evacuate Collection Set: 0.16ms
[23.100s][info ][gc,phases      ] GC(967)   Other: 0.05ms
[23.100s][trace][gc,age         ] GC(967) Age table:
[23.100s][trace][gc,age         ] GC(967) - age   1:        192 bytes,        192 total
[23.100s][info ][gc,heap        ] GC(967) Eden regions: 253->0(253)
[23.100s][info ][gc,heap        ] GC(967) Survivor regions: 1->1(32)
[23.100s][info ][gc,heap        ] GC(967) Old regions: 11->11
[23.100s][info ][gc,heap        ] GC(967) Humongous regions: 0->0
[23.100s][info ][gc,metaspace   ] GC(967) Metaspace: 10122K(10368K)->10122K(10368K) NonClass: 9159K(9344K)->9159K(9344K) Class: 963K(1024K)->963K(1024K)
[23.100s][info ][gc             ] GC(967) Pause Young (Normal) (G1 Evacuation Pause) 256M->4M(424M) 0.552ms
[23.100s][info ][gc,cpu         ] GC(967) User=0.00s Sys=0.00s Real=0.00s
[23.115s][info ][gc,start       ] GC(968) Pause Young (Normal) (G1 Evacuation Pause)
[23.115s][info ][gc,task        ] GC(968) Using 9 workers of 9 for evacuation
[23.115s][debug][gc,age         ] GC(968) Desired survivor size 16777216 bytes, new threshold 15 (max threshold 15)
[23.116s][info ][gc,phases      ] GC(968)   Pre Evacuate Collection Set: 0.07ms
[23.116s][info ][gc,phases      ] GC(968)   Merge Heap Roots: 0.07ms
[23.116s][info ][gc,phases      ] GC(968)   Evacuate Collection Set: 0.09ms
[23.116s][info ][gc,phases      ] GC(968)   Post Evacuate Collection Set: 0.18ms
[23.116s][info ][gc,phases      ] GC(968)   Other: 0.06ms
[23.116s][trace][gc,age         ] GC(968) Age table:
[23.116s][trace][gc,age         ] GC(968) - age   1:        192 bytes,        192 total
[23.116s][info ][gc,heap        ] GC(968) Eden regions: 253->0(253)
[23.116s][info ][gc,heap        ] GC(968) Survivor regions: 1->1(32)
[23.116s][info ][gc,heap        ] GC(968) Old regions: 11->11
[23.116s][info ][gc,heap        ] GC(968) Humongous regions: 0->0
[23.116s][info ][gc,metaspace   ] GC(968) Metaspace: 10122K(10368K)->10122K(10368K) NonClass: 9159K(9344K)->9159K(9344K) Class: 963K(1024K)->963K(1024K)
[23.116s][info ][gc             ] GC(968) Pause Young (Normal) (G1 Evacuation Pause) 256M->4M(424M) 0.564ms
[23.116s][info ][gc,cpu         ] GC(968) User=0.00s Sys=0.00s Real=0.00s
[23.131s][info ][gc,start       ] GC(969) Pause Young (Normal) (G1 Evacuation Pause)
[23.131s][info ][gc,task        ] GC(969) Using 9 workers of 9 for evacuation
[23.131s][debug][gc,age         ] GC(969) Desired survivor size 16777216 bytes, new threshold 15 (max threshold 15)
[23.132s][info ][gc,phases      ] GC(969)   Pre Evacuate Collection Set: 0.10ms
[23.132s][info ][gc,phases      ] GC(969)   Merge Heap Roots: 0.10ms
[23.132s][info ][gc,phases      ] GC(969)   Evacuate Collection Set: 0.07ms
[23.132s][info ][gc,phases      ] GC(969)   Post Evacuate Collection Set: 0.18ms
[23.132s][info ][gc,phases      ] GC(969)   Other: 0.05ms
[23.132s][trace][gc,age         ] GC(969) Age table:
[23.132s][trace][gc,age         ] GC(969) - age   1:        192 bytes,        192 total
[23.132s][info ][gc,heap        ] GC(969) Eden regions: 253->0(253)
[23.132s][info ][gc,heap        ] GC(969) Survivor regions: 1->1(32)
[23.132s][info ][gc,heap        ] GC(969) Old regions: 11->11
[23.132s][info ][gc,heap        ] GC(969) Humongous regions: 0->0
[23.132s][info ][gc,metaspace   ] GC(969) Metaspace: 10122K(10368K)->10122K(10368K) NonClass: 9159K(9344K)->9159K(9344K) Class: 963K(1024K)->963K(1024K)
[23.132s][info ][gc             ] GC(969) Pause Young (Normal) (G1 Evacuation Pause) 256M->4M(424M) 0.595ms
[23.132s][info ][gc,cpu         ] GC(969) User=0.00s Sys=0.00s Real=0.00s
[23.148s][info ][gc,start       ] GC(970) Pause Young (Normal) (G1 Evacuation Pause)
[23.148s][info ][gc,task        ] GC(970) Using 9 workers of 9 for evacuation
[23.148s][debug][gc,age         ] GC(970) Desired survivor size 16777216 bytes, new threshold 15 (max threshold 15)
[23.148s][info ][gc,phases      ] GC(970)   Pre Evacuate Collection Set: 0.09ms
[23.148s][info ][gc,phases      ] GC(970)   Merge Heap Roots: 0.08ms
[23.148s][info ][gc,phases      ] GC(970)   Evacuate Collection Set: 0.09ms
[23.148s][info ][gc,phases      ] GC(970)   Post Evacuate Collection Set: 0.18ms
[23.148s][info ][gc,phases      ] GC(970)   Other: 0.05ms
[23.148s][trace][gc,age         ] GC(970) Age table:
[23.148s][trace][gc,age         ] GC(970) - age   1:        192 bytes,        192 total
[23.148s][info ][gc,heap        ] GC(970) Eden regions: 253->0(253)
[23.148s][info ][gc,heap        ] GC(970) Survivor regions: 1->1(32)
[23.148s][info ][gc,heap        ] GC(970) Old regions: 11->11
[23.148s][info ][gc,heap        ] GC(970) Humongous regions: 0->0
[23.148s][info ][gc,metaspace   ] GC(970) Metaspace: 10122K(10368K)->10122K(10368K) NonClass: 9159K(9344K)->9159K(9344K) Class: 963K(1024K)->963K(1024K)
[23.148s][info ][gc             ] GC(970) Pause Young (Normal) (G1 Evacuation Pause) 256M->4M(424M) 0.598ms
[23.148s][info ][gc,cpu         ] GC(970) User=0.00s Sys=0.00s Real=0.00s
[23.164s][info ][gc,start       ] GC(971) Pause Young (Normal) (G1 Evacuation Pause)
[23.164s][info ][gc,task        ] GC(971) Using 9 workers of 9 for evacuation
[23.164s][debug][gc,age         ] GC(971) Desired survivor size 16777216 bytes, new threshold 15 (max threshold 15)
[23.165s][info ][gc,phases      ] GC(971)   Pre Evacuate Collection Set: 0.11ms
[23.165s][info ][gc,phases      ] GC(971)   Merge Heap Roots: 0.06ms
[23.165s][info ][gc,phases      ] GC(971)   Evacuate Collection Set: 0.08ms
[23.165s][info ][gc,phases      ] GC(971)   Post Evacuate Collection Set: 0.16ms
[23.165s][info ][gc,phases      ] GC(971)   Other: 0.05ms
[23.165s][trace][gc,age         ] GC(971) Age table:
[23.165s][trace][gc,age         ] GC(971) - age   1:        192 bytes,        192 total
[23.165s][info ][gc,heap        ] GC(971) Eden regions: 253->0(253)
[23.165s][info ][gc,heap        ] GC(971) Survivor regions: 1->1(32)
[23.165s][info ][gc,heap        ] GC(971) Old regions: 11->11
[23.165s][info ][gc,heap        ] GC(971) Humongous regions: 0->0
[23.165s][info ][gc,metaspace   ] GC(971) Metaspace: 10122K(10368K)->10122K(10368K) NonClass: 9159K(9344K)->9159K(9344K) Class: 963K(1024K)->963K(1024K)
[23.165s][info ][gc             ] GC(971) Pause Young (Normal) (G1 Evacuation Pause) 256M->4M(424M) 0.544ms
[23.165s][info ][gc,cpu         ] GC(971) User=0.00s Sys=0.00s Real=0.00s
[23.181s][info ][gc,start       ] GC(972) Pause Young (Normal) (G1 Evacuation Pause)
[23.181s][info ][gc,task        ] GC(972) Using 9 workers of 9 for evacuation
[23.181s][debug][gc,age         ] GC(972) Desired survivor size 16777216 bytes, new threshold 15 (max threshold 15)
[23.181s][info ][gc,phases      ] GC(972)   Pre Evacuate Collection Set: 0.07ms
[23.181s][info ][gc,phases      ] GC(972)   Merge Heap Roots: 0.06ms
[23.181s][info ][gc,phases      ] GC(972)   Evacuate Collection Set: 0.10ms
[23.181s][info ][gc,phases      ] GC(972)   Post Evacuate Collection Set: 0.17ms
[23.181s][info ][gc,phases      ] GC(972)   Other: 0.06ms
[23.181s][trace][gc,age         ] GC(972) Age table:
[23.181s][trace][gc,age         ] GC(972) - age   1:        192 bytes,        192 total
[23.181s][info ][gc,heap        ] GC(972) Eden regions: 253->0(253)
[23.181s][info ][gc,heap        ] GC(972) Survivor regions: 1->1(32)
[23.181s][info ][gc,heap        ] GC(972) Old regions: 11->11
[23.181s][info ][gc,heap        ] GC(972) Humongous regions: 0->0
[23.181s][info ][gc,metaspace   ] GC(972) Metaspace: 10122K(10368K)->10122K(10368K) NonClass: 9159K(9344K)->9159K(9344K) Class: 963K(1024K)->963K(1024K)
[23.181s][info ][gc             ] GC(972) Pause Young (Normal) (G1 Evacuation Pause) 256M->4M(424M) 0.589ms
[23.181s][info ][gc,cpu         ] GC(972) User=0.00s Sys=0.00s Real=0.00s
[23.197s][info ][gc,start       ] GC(973) Pause Young (Normal) (G1 Evacuation Pause)
[23.197s][info ][gc,task        ] GC(973) Using 9 workers of 9 for evacuation
[23.197s][debug][gc,age         ] GC(973) Desired survivor size 16777216 bytes, new threshold 15 (max threshold 15)
[23.198s][info ][gc,phases      ] GC(973)   Pre Evacuate Collection Set: 0.07ms
[23.198s][info ][gc,phases      ] GC(973)   Merge Heap Roots: 0.10ms
[23.198s][info ][gc,phases      ] GC(973)   Evacuate Collection Set: 0.09ms
[23.198s][info ][gc,phases      ] GC(973)   Post Evacuate Collection Set: 0.19ms
[23.198s][info ][gc,phases      ] GC(973)   Other: 0.06ms
[23.198s][trace][gc,age         ] GC(973) Age table:
[23.198s][trace][gc,age         ] GC(973) - age   1:        192 bytes,        192 total
[23.198s][info ][gc,heap        ] GC(973) Eden regions: 253->0(253)
[23.198s][info ][gc,heap        ] GC(973) Survivor regions: 1->1(32)
[23.198s][info ][gc,heap        ] GC(973) Old regions: 11->11
[23.198s][info ][gc,heap        ] GC(973) Humongous regions: 0->0
[23.198s][info ][gc,metaspace   ] GC(973) Metaspace: 10122K(10368K)->10122K(10368K) NonClass: 9159K(9344K)->9159K(9344K) Class: 963K(1024K)->963K(1024K)
[23.198s][info ][gc             ] GC(973) Pause Young (Normal) (G1 Evacuation Pause) 256M->4M(424M) 0.628ms
[23.198s][info ][gc,cpu         ] GC(973) User=0.00s Sys=0.00s Real=0.00s
[23.213s][info ][gc,start       ] GC(974) Pause Young (Normal) (G1 Evacuation Pause)
[23.213s][info ][gc,task        ] GC(974) Using 9 workers of 9 for evacuation
[23.213s][debug][gc,age         ] GC(974) Desired survivor size 16777216 bytes, new threshold 15 (max threshold 15)
[23.214s][info ][gc,phases      ] GC(974)   Pre Evacuate Collection Set: 0.07ms
[23.214s][info ][gc,phases      ] GC(974)   Merge Heap Roots: 0.08ms
[23.214s][info ][gc,phases      ] GC(974)   Evacuate Collection Set: 0.08ms
[23.214s][info ][gc,phases      ] GC(974)   Post Evacuate Collection Set: 0.16ms
[23.214s][info ][gc,phases      ] GC(974)   Other: 0.05ms
[23.214s][trace][gc,age         ] GC(974) Age table:
[23.214s][trace][gc,age         ] GC(974) - age   1:        192 bytes,        192 total
[23.214s][info ][gc,heap        ] GC(974) Eden regions: 253->0(253)
[23.214s][info ][gc,heap        ] GC(974) Survivor regions: 1->1(32)
[23.214s][info ][gc,heap        ] GC(974) Old regions: 11->11
[23.214s][info ][gc,heap        ] GC(974) Humongous regions: 0->0
[23.214s][info ][gc,metaspace   ] GC(974) Metaspace: 10122K(10368K)->10122K(10368K) NonClass: 9159K(9344K)->9159K(9344K) Class: 963K(1024K)->963K(1024K)
[23.214s][info ][gc             ] GC(974) Pause Young (Normal) (G1 Evacuation Pause) 256M->4M(424M) 0.538ms
[23.214s][info ][gc,cpu         ] GC(974) User=0.00s Sys=0.00s Real=0.00s
[23.229s][info ][gc,start       ] GC(975) Pause Young (Normal) (G1 Evacuation Pause)
[23.229s][info ][gc,task        ] GC(975) Using 9 workers of 9 for evacuation
[23.229s][debug][gc,age         ] GC(975) Desired survivor size 16777216 bytes, new threshold 15 (max threshold 15)
[23.230s][info ][gc,phases      ] GC(975)   Pre Evacuate Collection Set: 0.06ms
[23.230s][info ][gc,phases      ] GC(975)   Merge Heap Roots: 0.10ms
[23.230s][info ][gc,phases      ] GC(975)   Evacuate Collection Set: 0.10ms
[23.230s][info ][gc,phases      ] GC(975)   Post Evacuate Collection Set: 0.17ms
[23.230s][info ][gc,phases      ] GC(975)   Other: 0.07ms
[23.230s][trace][gc,age         ] GC(975) Age table:
[23.230s][trace][gc,age         ] GC(975) - age   1:        192 bytes,        192 total
[23.230s][info ][gc,heap        ] GC(975) Eden regions: 253->0(253)
[23.230s][info ][gc,heap        ] GC(975) Survivor regions: 1->1(32)
[23.230s][info ][gc,heap        ] GC(975) Old regions: 11->11
[23.230s][info ][gc,heap        ] GC(975) Humongous regions: 0->0
[23.230s][info ][gc,metaspace   ] GC(975) Metaspace: 10122K(10368K)->10122K(10368K) NonClass: 9159K(9344K)->9159K(9344K) Class: 963K(1024K)->963K(1024K)
[23.230s][info ][gc             ] GC(975) Pause Young (Normal) (G1 Evacuation Pause) 256M->4M(424M) 0.604ms
[23.230s][info ][gc,cpu         ] GC(975) User=0.00s Sys=0.00s Real=0.00s
[23.246s][info ][gc,start       ] GC(976) Pause Young (Normal) (G1 Evacuation Pause)
[23.246s][info ][gc,task        ] GC(976) Using 9 workers of 9 for evacuation
[23.246s][debug][gc,age         ] GC(976) Desired survivor size 16777216 bytes, new threshold 15 (max threshold 15)
[23.246s][info ][gc,phases      ] GC(976)   Pre Evacuate Collection Set: 0.08ms
[23.246s][info ][gc,phases      ] GC(976)   Merge Heap Roots: 0.05ms
[23.246s][info ][gc,phases      ] GC(976)   Evacuate Collection Set: 0.11ms
[23.246s][info ][gc,phases      ] GC(976)   Post Evacuate Collection Set: 0.14ms
[23.246s][info ][gc,phases      ] GC(976)   Other: 0.05ms
[23.246s][trace][gc,age         ] GC(976) Age table:
[23.246s][trace][gc,age         ] GC(976) - age   1:        192 bytes,        192 total
[23.246s][info ][gc,heap        ] GC(976) Eden regions: 253->0(253)
[23.246s][info ][gc,heap        ] GC(976) Survivor regions: 1->1(32)
[23.246s][info ][gc,heap        ] GC(976) Old regions: 11->11
[23.246s][info ][gc,heap        ] GC(976) Humongous regions: 0->0
[23.246s][info ][gc,metaspace   ] GC(976) Metaspace: 10122K(10368K)->10122K(10368K) NonClass: 9159K(9344K)->9159K(9344K) Class: 963K(1024K)->963K(1024K)
[23.246s][info ][gc             ] GC(976) Pause Young (Normal) (G1 Evacuation Pause) 256M->4M(424M) 0.519ms
[23.246s][info ][gc,cpu         ] GC(976) User=0.00s Sys=0.00s Real=0.00s
[23.262s][info ][gc,start       ] GC(977) Pause Young (Normal) (G1 Evacuation Pause)
[23.262s][info ][gc,task        ] GC(977) Using 9 workers of 9 for evacuation
[23.262s][debug][gc,age         ] GC(977) Desired survivor size 16777216 bytes, new threshold 15 (max threshold 15)
[23.262s][info ][gc,phases      ] GC(977)   Pre Evacuate Collection Set: 0.05ms
[23.262s][info ][gc,phases      ] GC(977)   Merge Heap Roots: 0.06ms
[23.262s][info ][gc,phases      ] GC(977)   Evacuate Collection Set: 0.13ms
[23.262s][info ][gc,phases      ] GC(977)   Post Evacuate Collection Set: 0.18ms
[23.262s][info ][gc,phases      ] GC(977)   Other: 0.06ms
[23.262s][trace][gc,age         ] GC(977) Age table:
[23.262s][trace][gc,age         ] GC(977) - age   1:        192 bytes,        192 total
[23.262s][info ][gc,heap        ] GC(977) Eden regions: 253->0(253)
[23.262s][info ][gc,heap        ] GC(977) Survivor regions: 1->1(32)
[23.262s][info ][gc,heap        ] GC(977) Old regions: 11->11
[23.263s][info ][gc,heap        ] GC(977) Humongous regions: 0->0
[23.263s][info ][gc,metaspace   ] GC(977) Metaspace: 10122K(10368K)->10122K(10368K) NonClass: 9159K(9344K)->9159K(9344K) Class: 963K(1024K)->963K(1024K)
[23.263s][info ][gc             ] GC(977) Pause Young (Normal) (G1 Evacuation Pause) 256M->4M(424M) 0.589ms
[23.263s][info ][gc,cpu         ] GC(977) User=0.00s Sys=0.00s Real=0.00s
[23.278s][info ][gc,start       ] GC(978) Pause Young (Normal) (G1 Evacuation Pause)
[23.278s][info ][gc,task        ] GC(978) Using 9 workers of 9 for evacuation
[23.278s][debug][gc,age         ] GC(978) Desired survivor size 16777216 bytes, new threshold 15 (max threshold 15)
[23.279s][info ][gc,phases      ] GC(978)   Pre Evacuate Collection Set: 0.07ms
[23.279s][info ][gc,phases      ] GC(978)   Merge Heap Roots: 0.05ms
[23.279s][info ][gc,phases      ] GC(978)   Evacuate Collection Set: 0.10ms
[23.279s][info ][gc,phases      ] GC(978)   Post Evacuate Collection Set: 0.19ms
[23.279s][info ][gc,phases      ] GC(978)   Other: 0.06ms
[23.279s][trace][gc,age         ] GC(978) Age table:
[23.279s][trace][gc,age         ] GC(978) - age   1:        192 bytes,        192 total
[23.279s][info ][gc,heap        ] GC(978) Eden regions: 253->0(253)
[23.279s][info ][gc,heap        ] GC(978) Survivor regions: 1->1(32)
[23.279s][info ][gc,heap        ] GC(978) Old regions: 11->11
[23.279s][info ][gc,heap        ] GC(978) Humongous regions: 0->0
[23.279s][info ][gc,metaspace   ] GC(978) Metaspace: 10122K(10368K)->10122K(10368K) NonClass: 9159K(9344K)->9159K(9344K) Class: 963K(1024K)->963K(1024K)
[23.279s][info ][gc             ] GC(978) Pause Young (Normal) (G1 Evacuation Pause) 256M->4M(424M) 0.572ms
[23.279s][info ][gc,cpu         ] GC(978) User=0.00s Sys=0.00s Real=0.00s
[23.294s][info ][gc,start       ] GC(979) Pause Young (Normal) (G1 Evacuation Pause)
[23.294s][info ][gc,task        ] GC(979) Using 9 workers of 9 for evacuation
[23.294s][debug][gc,age         ] GC(979) Desired survivor size 16777216 bytes, new threshold 15 (max threshold 15)
[23.295s][info ][gc,phases      ] GC(979)   Pre Evacuate Collection Set: 0.07ms
[23.295s][info ][gc,phases      ] GC(979)   Merge Heap Roots: 0.09ms
[23.295s][info ][gc,phases      ] GC(979)   Evacuate Collection Set: 0.09ms
[23.295s][info ][gc,phases      ] GC(979)   Post Evacuate Collection Set: 0.20ms
[23.295s][info ][gc,phases      ] GC(979)   Other: 0.07ms
[23.295s][trace][gc,age         ] GC(979) Age table:
[23.295s][trace][gc,age         ] GC(979) - age   1:        192 bytes,        192 total
[23.295s][info ][gc,heap        ] GC(979) Eden regions: 253->0(253)
[23.295s][info ][gc,heap        ] GC(979) Survivor regions: 1->1(32)
[23.295s][info ][gc,heap        ] GC(979) Old regions: 11->11
[23.295s][info ][gc,heap        ] GC(979) Humongous regions: 0->0
[23.295s][info ][gc,metaspace   ] GC(979) Metaspace: 10122K(10368K)->10122K(10368K) NonClass: 9159K(9344K)->9159K(9344K) Class: 963K(1024K)->963K(1024K)
[23.295s][info ][gc             ] GC(979) Pause Young (Normal) (G1 Evacuation Pause) 256M->4M(424M) 0.615ms
[23.295s][info ][gc,cpu         ] GC(979) User=0.00s Sys=0.00s Real=0.00s
[23.311s][info ][gc,start       ] GC(980) Pause Young (Normal) (G1 Evacuation Pause)
[23.311s][info ][gc,task        ] GC(980) Using 9 workers of 9 for evacuation
[23.311s][debug][gc,age         ] GC(980) Desired survivor size 16777216 bytes, new threshold 15 (max threshold 15)
[23.311s][info ][gc,phases      ] GC(980)   Pre Evacuate Collection Set: 0.06ms
[23.311s][info ][gc,phases      ] GC(980)   Merge Heap Roots: 0.10ms
[23.311s][info ][gc,phases      ] GC(980)   Evacuate Collection Set: 0.10ms
[23.311s][info ][gc,phases      ] GC(980)   Post Evacuate Collection Set: 0.16ms
[23.311s][info ][gc,phases      ] GC(980)   Other: 0.06ms
[23.311s][trace][gc,age         ] GC(980) Age table:
[23.311s][trace][gc,age         ] GC(980) - age   1:        192 bytes,        192 total
[23.311s][info ][gc,heap        ] GC(980) Eden regions: 253->0(253)
[23.311s][info ][gc,heap        ] GC(980) Survivor regions: 1->1(32)
[23.311s][info ][gc,heap        ] GC(980) Old regions: 11->11
[23.311s][info ][gc,heap        ] GC(980) Humongous regions: 0->0
[23.311s][info ][gc,metaspace   ] GC(980) Metaspace: 10122K(10368K)->10122K(10368K) NonClass: 9159K(9344K)->9159K(9344K) Class: 963K(1024K)->963K(1024K)
[23.311s][info ][gc             ] GC(980) Pause Young (Normal) (G1 Evacuation Pause) 256M->4M(424M) 0.577ms
[23.311s][info ][gc,cpu         ] GC(980) User=0.00s Sys=0.00s Real=0.00s
[23.327s][info ][gc,start       ] GC(981) Pause Young (Normal) (G1 Evacuation Pause)
[23.327s][info ][gc,task        ] GC(981) Using 9 workers of 9 for evacuation
[23.327s][debug][gc,age         ] GC(981) Desired survivor size 16777216 bytes, new threshold 15 (max threshold 15)
[23.327s][info ][gc,phases      ] GC(981)   Pre Evacuate Collection Set: 0.07ms
[23.327s][info ][gc,phases      ] GC(981)   Merge Heap Roots: 0.06ms
[23.327s][info ][gc,phases      ] GC(981)   Evacuate Collection Set: 0.13ms
[23.327s][info ][gc,phases      ] GC(981)   Post Evacuate Collection Set: 0.18ms
[23.327s][info ][gc,phases      ] GC(981)   Other: 0.06ms
[23.327s][trace][gc,age         ] GC(981) Age table:
[23.327s][trace][gc,age         ] GC(981) - age   1:        192 bytes,        192 total
[23.327s][info ][gc,heap        ] GC(981) Eden regions: 253->0(253)
[23.327s][info ][gc,heap        ] GC(981) Survivor regions: 1->1(32)
[23.327s][info ][gc,heap        ] GC(981) Old regions: 11->11
[23.327s][info ][gc,heap        ] GC(981) Humongous regions: 0->0
[23.327s][info ][gc,metaspace   ] GC(981) Metaspace: 10122K(10368K)->10122K(10368K) NonClass: 9159K(9344K)->9159K(9344K) Class: 963K(1024K)->963K(1024K)
[23.327s][info ][gc             ] GC(981) Pause Young (Normal) (G1 Evacuation Pause) 256M->4M(424M) 0.579ms
[23.327s][info ][gc,cpu         ] GC(981) User=0.01s Sys=0.01s Real=0.00s
[23.343s][info ][gc,start       ] GC(982) Pause Young (Normal) (G1 Evacuation Pause)
[23.343s][info ][gc,task        ] GC(982) Using 9 workers of 9 for evacuation
[23.343s][debug][gc,age         ] GC(982) Desired survivor size 16777216 bytes, new threshold 15 (max threshold 15)
[23.343s][info ][gc,phases      ] GC(982)   Pre Evacuate Collection Set: 0.06ms
[23.343s][info ][gc,phases      ] GC(982)   Merge Heap Roots: 0.06ms
[23.343s][info ][gc,phases      ] GC(982)   Evacuate Collection Set: 0.17ms
[23.343s][info ][gc,phases      ] GC(982)   Post Evacuate Collection Set: 0.17ms
[23.343s][info ][gc,phases      ] GC(982)   Other: 0.05ms
[23.343s][trace][gc,age         ] GC(982) Age table:
[23.343s][trace][gc,age         ] GC(982) - age   1:        192 bytes,        192 total
[23.343s][info ][gc,heap        ] GC(982) Eden regions: 253->0(253)
[23.344s][info ][gc,heap        ] GC(982) Survivor regions: 1->1(32)
[23.344s][info ][gc,heap        ] GC(982) Old regions: 11->11
[23.344s][info ][gc,heap        ] GC(982) Humongous regions: 0->0
[23.344s][info ][gc,metaspace   ] GC(982) Metaspace: 10122K(10368K)->10122K(10368K) NonClass: 9159K(9344K)->9159K(9344K) Class: 963K(1024K)->963K(1024K)
[23.344s][info ][gc             ] GC(982) Pause Young (Normal) (G1 Evacuation Pause) 256M->4M(424M) 0.599ms
[23.344s][info ][gc,cpu         ] GC(982) User=0.00s Sys=0.00s Real=0.00s
[23.359s][info ][gc,start       ] GC(983) Pause Young (Normal) (G1 Evacuation Pause)
[23.359s][info ][gc,task        ] GC(983) Using 9 workers of 9 for evacuation
[23.359s][debug][gc,age         ] GC(983) Desired survivor size 16777216 bytes, new threshold 15 (max threshold 15)
[23.360s][info ][gc,phases      ] GC(983)   Pre Evacuate Collection Set: 0.08ms
[23.360s][info ][gc,phases      ] GC(983)   Merge Heap Roots: 0.11ms
[23.360s][info ][gc,phases      ] GC(983)   Evacuate Collection Set: 0.09ms
[23.360s][info ][gc,phases      ] GC(983)   Post Evacuate Collection Set: 0.19ms
[23.360s][info ][gc,phases      ] GC(983)   Other: 0.06ms
[23.360s][trace][gc,age         ] GC(983) Age table:
[23.360s][trace][gc,age         ] GC(983) - age   1:        192 bytes,        192 total
[23.360s][info ][gc,heap        ] GC(983) Eden regions: 253->0(253)
[23.360s][info ][gc,heap        ] GC(983) Survivor regions: 1->1(32)
[23.360s][info ][gc,heap        ] GC(983) Old regions: 11->11
[23.360s][info ][gc,heap        ] GC(983) Humongous regions: 0->0
[23.360s][info ][gc,metaspace   ] GC(983) Metaspace: 10122K(10368K)->10122K(10368K) NonClass: 9159K(9344K)->9159K(9344K) Class: 963K(1024K)->963K(1024K)
[23.360s][info ][gc             ] GC(983) Pause Young (Normal) (G1 Evacuation Pause) 256M->4M(424M) 0.639ms
[23.360s][info ][gc,cpu         ] GC(983) User=0.00s Sys=0.00s Real=0.00s
[23.376s][info ][gc,start       ] GC(984) Pause Young (Normal) (G1 Evacuation Pause)
[23.376s][info ][gc,task        ] GC(984) Using 9 workers of 9 for evacuation
[23.376s][debug][gc,age         ] GC(984) Desired survivor size 16777216 bytes, new threshold 15 (max threshold 15)
[23.376s][info ][gc,phases      ] GC(984)   Pre Evacuate Collection Set: 0.08ms
[23.376s][info ][gc,phases      ] GC(984)   Merge Heap Roots: 0.05ms
[23.376s][info ][gc,phases      ] GC(984)   Evacuate Collection Set: 0.09ms
[23.376s][info ][gc,phases      ] GC(984)   Post Evacuate Collection Set: 0.17ms
[23.376s][info ][gc,phases      ] GC(984)   Other: 0.05ms
[23.376s][trace][gc,age         ] GC(984) Age table:
[23.376s][trace][gc,age         ] GC(984) - age   1:        192 bytes,        192 total
[23.376s][info ][gc,heap        ] GC(984) Eden regions: 253->0(253)
[23.376s][info ][gc,heap        ] GC(984) Survivor regions: 1->1(32)
[23.376s][info ][gc,heap        ] GC(984) Old regions: 11->11
[23.376s][info ][gc,heap        ] GC(984) Humongous regions: 0->0
[23.376s][info ][gc,metaspace   ] GC(984) Metaspace: 10122K(10368K)->10122K(10368K) NonClass: 9159K(9344K)->9159K(9344K) Class: 963K(1024K)->963K(1024K)
[23.376s][info ][gc             ] GC(984) Pause Young (Normal) (G1 Evacuation Pause) 256M->4M(424M) 0.539ms
[23.376s][info ][gc,cpu         ] GC(984) User=0.00s Sys=0.00s Real=0.00s
[23.392s][info ][gc,start       ] GC(985) Pause Young (Normal) (G1 Evacuation Pause)
[23.392s][info ][gc,task        ] GC(985) Using 9 workers of 9 for evacuation
[23.392s][debug][gc,age         ] GC(985) Desired survivor size 16777216 bytes, new threshold 15 (max threshold 15)
[23.393s][info ][gc,phases      ] GC(985)   Pre Evacuate Collection Set: 0.09ms
[23.393s][info ][gc,phases      ] GC(985)   Merge Heap Roots: 0.06ms
[23.393s][info ][gc,phases      ] GC(985)   Evacuate Collection Set: 0.11ms
[23.393s][info ][gc,phases      ] GC(985)   Post Evacuate Collection Set: 0.21ms
[23.393s][info ][gc,phases      ] GC(985)   Other: 0.06ms
[23.393s][trace][gc,age         ] GC(985) Age table:
[23.393s][trace][gc,age         ] GC(985) - age   1:        192 bytes,        192 total
[23.393s][info ][gc,heap        ] GC(985) Eden regions: 253->0(253)
[23.393s][info ][gc,heap        ] GC(985) Survivor regions: 1->1(32)
[23.393s][info ][gc,heap        ] GC(985) Old regions: 11->11
[23.393s][info ][gc,heap        ] GC(985) Humongous regions: 0->0
[23.393s][info ][gc,metaspace   ] GC(985) Metaspace: 10122K(10368K)->10122K(10368K) NonClass: 9159K(9344K)->9159K(9344K) Class: 963K(1024K)->963K(1024K)
[23.393s][info ][gc             ] GC(985) Pause Young (Normal) (G1 Evacuation Pause) 256M->4M(424M) 0.623ms
[23.393s][info ][gc,cpu         ] GC(985) User=0.00s Sys=0.00s Real=0.00s
[23.408s][info ][gc,start       ] GC(986) Pause Young (Normal) (G1 Evacuation Pause)
[23.408s][info ][gc,task        ] GC(986) Using 9 workers of 9 for evacuation
[23.408s][debug][gc,age         ] GC(986) Desired survivor size 16777216 bytes, new threshold 15 (max threshold 15)
[23.409s][info ][gc,phases      ] GC(986)   Pre Evacuate Collection Set: 0.07ms
[23.409s][info ][gc,phases      ] GC(986)   Merge Heap Roots: 0.09ms
[23.409s][info ][gc,phases      ] GC(986)   Evacuate Collection Set: 0.07ms
[23.409s][info ][gc,phases      ] GC(986)   Post Evacuate Collection Set: 0.19ms
[23.409s][info ][gc,phases      ] GC(986)   Other: 0.06ms
[23.409s][trace][gc,age         ] GC(986) Age table:
[23.409s][trace][gc,age         ] GC(986) - age   1:        192 bytes,        192 total
[23.409s][info ][gc,heap        ] GC(986) Eden regions: 253->0(253)
[23.409s][info ][gc,heap        ] GC(986) Survivor regions: 1->1(32)
[23.409s][info ][gc,heap        ] GC(986) Old regions: 11->11
[23.409s][info ][gc,heap        ] GC(986) Humongous regions: 0->0
[23.409s][info ][gc,metaspace   ] GC(986) Metaspace: 10122K(10368K)->10122K(10368K) NonClass: 9159K(9344K)->9159K(9344K) Class: 963K(1024K)->963K(1024K)
[23.409s][info ][gc             ] GC(986) Pause Young (Normal) (G1 Evacuation Pause) 256M->4M(424M) 0.591ms
[23.409s][info ][gc,cpu         ] GC(986) User=0.00s Sys=0.00s Real=0.00s
[23.424s][info ][gc,start       ] GC(987) Pause Young (Normal) (G1 Evacuation Pause)
[23.424s][info ][gc,task        ] GC(987) Using 9 workers of 9 for evacuation
[23.424s][debug][gc,age         ] GC(987) Desired survivor size 16777216 bytes, new threshold 15 (max threshold 15)
[23.425s][info ][gc,phases      ] GC(987)   Pre Evacuate Collection Set: 0.07ms
[23.425s][info ][gc,phases      ] GC(987)   Merge Heap Roots: 0.06ms
[23.425s][info ][gc,phases      ] GC(987)   Evacuate Collection Set: 0.10ms
[23.425s][info ][gc,phases      ] GC(987)   Post Evacuate Collection Set: 0.18ms
[23.425s][info ][gc,phases      ] GC(987)   Other: 0.07ms
[23.425s][trace][gc,age         ] GC(987) Age table:
[23.425s][trace][gc,age         ] GC(987) - age   1:        192 bytes,        192 total
[23.425s][info ][gc,heap        ] GC(987) Eden regions: 253->0(253)
[23.425s][info ][gc,heap        ] GC(987) Survivor regions: 1->1(32)
[23.425s][info ][gc,heap        ] GC(987) Old regions: 11->11
[23.425s][info ][gc,heap        ] GC(987) Humongous regions: 0->0
[23.425s][info ][gc,metaspace   ] GC(987) Metaspace: 10122K(10368K)->10122K(10368K) NonClass: 9159K(9344K)->9159K(9344K) Class: 963K(1024K)->963K(1024K)
[23.425s][info ][gc             ] GC(987) Pause Young (Normal) (G1 Evacuation Pause) 256M->4M(424M) 0.579ms
[23.425s][info ][gc,cpu         ] GC(987) User=0.00s Sys=0.00s Real=0.00s
[23.441s][info ][gc,start       ] GC(988) Pause Young (Normal) (G1 Evacuation Pause)
[23.441s][info ][gc,task        ] GC(988) Using 9 workers of 9 for evacuation
[23.441s][debug][gc,age         ] GC(988) Desired survivor size 16777216 bytes, new threshold 15 (max threshold 15)
[23.441s][info ][gc,phases      ] GC(988)   Pre Evacuate Collection Set: 0.13ms
[23.441s][info ][gc,phases      ] GC(988)   Merge Heap Roots: 0.06ms
[23.441s][info ][gc,phases      ] GC(988)   Evacuate Collection Set: 0.13ms
[23.441s][info ][gc,phases      ] GC(988)   Post Evacuate Collection Set: 0.14ms
[23.441s][info ][gc,phases      ] GC(988)   Other: 0.04ms
[23.441s][trace][gc,age         ] GC(988) Age table:
[23.441s][trace][gc,age         ] GC(988) - age   1:        192 bytes,        192 total
[23.441s][info ][gc,heap        ] GC(988) Eden regions: 253->0(253)
[23.441s][info ][gc,heap        ] GC(988) Survivor regions: 1->1(32)
[23.441s][info ][gc,heap        ] GC(988) Old regions: 11->11
[23.441s][info ][gc,heap        ] GC(988) Humongous regions: 0->0
[23.441s][info ][gc,metaspace   ] GC(988) Metaspace: 10122K(10368K)->10122K(10368K) NonClass: 9159K(9344K)->9159K(9344K) Class: 963K(1024K)->963K(1024K)
[23.441s][info ][gc             ] GC(988) Pause Young (Normal) (G1 Evacuation Pause) 256M->4M(424M) 0.582ms
[23.441s][info ][gc,cpu         ] GC(988) User=0.00s Sys=0.00s Real=0.00s
[23.457s][info ][gc,start       ] GC(989) Pause Young (Normal) (G1 Evacuation Pause)
[23.457s][info ][gc,task        ] GC(989) Using 9 workers of 9 for evacuation
[23.457s][debug][gc,age         ] GC(989) Desired survivor size 16777216 bytes, new threshold 15 (max threshold 15)
[23.458s][info ][gc,phases      ] GC(989)   Pre Evacuate Collection Set: 0.07ms
[23.458s][info ][gc,phases      ] GC(989)   Merge Heap Roots: 0.07ms
[23.458s][info ][gc,phases      ] GC(989)   Evacuate Collection Set: 0.10ms
[23.458s][info ][gc,phases      ] GC(989)   Post Evacuate Collection Set: 0.18ms
[23.458s][info ][gc,phases      ] GC(989)   Other: 0.06ms
[23.458s][trace][gc,age         ] GC(989) Age table:
[23.458s][trace][gc,age         ] GC(989) - age   1:        192 bytes,        192 total
[23.458s][info ][gc,heap        ] GC(989) Eden regions: 253->0(253)
[23.458s][info ][gc,heap        ] GC(989) Survivor regions: 1->1(32)
[23.458s][info ][gc,heap        ] GC(989) Old regions: 11->11
[23.458s][info ][gc,heap        ] GC(989) Humongous regions: 0->0
[23.458s][info ][gc,metaspace   ] GC(989) Metaspace: 10122K(10368K)->10122K(10368K) NonClass: 9159K(9344K)->9159K(9344K) Class: 963K(1024K)->963K(1024K)
[23.458s][info ][gc             ] GC(989) Pause Young (Normal) (G1 Evacuation Pause) 256M->4M(424M) 0.574ms
[23.458s][info ][gc,cpu         ] GC(989) User=0.00s Sys=0.01s Real=0.00s
[23.473s][info ][gc,start       ] GC(990) Pause Young (Normal) (G1 Evacuation Pause)
[23.474s][info ][gc,task        ] GC(990) Using 9 workers of 9 for evacuation
[23.474s][debug][gc,age         ] GC(990) Desired survivor size 16777216 bytes, new threshold 15 (max threshold 15)
[23.474s][info ][gc,phases      ] GC(990)   Pre Evacuate Collection Set: 0.10ms
[23.474s][info ][gc,phases      ] GC(990)   Merge Heap Roots: 0.10ms
[23.474s][info ][gc,phases      ] GC(990)   Evacuate Collection Set: 0.12ms
[23.474s][info ][gc,phases      ] GC(990)   Post Evacuate Collection Set: 0.16ms
[23.474s][info ][gc,phases      ] GC(990)   Other: 0.05ms
[23.474s][trace][gc,age         ] GC(990) Age table:
[23.474s][trace][gc,age         ] GC(990) - age   1:        192 bytes,        192 total
[23.474s][info ][gc,heap        ] GC(990) Eden regions: 253->0(253)
[23.474s][info ][gc,heap        ] GC(990) Survivor regions: 1->1(32)
[23.474s][info ][gc,heap        ] GC(990) Old regions: 11->11
[23.474s][info ][gc,heap        ] GC(990) Humongous regions: 0->0
[23.474s][info ][gc,metaspace   ] GC(990) Metaspace: 10122K(10368K)->10122K(10368K) NonClass: 9159K(9344K)->9159K(9344K) Class: 963K(1024K)->963K(1024K)
[23.474s][info ][gc             ] GC(990) Pause Young (Normal) (G1 Evacuation Pause) 256M->4M(424M) 0.607ms
[23.474s][info ][gc,cpu         ] GC(990) User=0.00s Sys=0.00s Real=0.00s
[23.490s][info ][gc,start       ] GC(991) Pause Young (Normal) (G1 Evacuation Pause)
[23.490s][info ][gc,task        ] GC(991) Using 9 workers of 9 for evacuation
[23.490s][debug][gc,age         ] GC(991) Desired survivor size 16777216 bytes, new threshold 15 (max threshold 15)
[23.490s][info ][gc,phases      ] GC(991)   Pre Evacuate Collection Set: 0.09ms
[23.490s][info ][gc,phases      ] GC(991)   Merge Heap Roots: 0.10ms
[23.490s][info ][gc,phases      ] GC(991)   Evacuate Collection Set: 0.09ms
[23.490s][info ][gc,phases      ] GC(991)   Post Evacuate Collection Set: 0.20ms
[23.490s][info ][gc,phases      ] GC(991)   Other: 0.07ms
[23.490s][trace][gc,age         ] GC(991) Age table:
[23.490s][trace][gc,age         ] GC(991) - age   1:        192 bytes,        192 total
[23.490s][info ][gc,heap        ] GC(991) Eden regions: 253->0(253)
[23.490s][info ][gc,heap        ] GC(991) Survivor regions: 1->1(32)
[23.490s][info ][gc,heap        ] GC(991) Old regions: 11->11
[23.490s][info ][gc,heap        ] GC(991) Humongous regions: 0->0
[23.490s][info ][gc,metaspace   ] GC(991) Metaspace: 10122K(10368K)->10122K(10368K) NonClass: 9159K(9344K)->9159K(9344K) Class: 963K(1024K)->963K(1024K)
[23.490s][info ][gc             ] GC(991) Pause Young (Normal) (G1 Evacuation Pause) 256M->4M(424M) 0.647ms
[23.490s][info ][gc,cpu         ] GC(991) User=0.00s Sys=0.00s Real=0.00s
[23.506s][info ][gc,start       ] GC(992) Pause Young (Normal) (G1 Evacuation Pause)
[23.506s][info ][gc,task        ] GC(992) Using 9 workers of 9 for evacuation
[23.506s][debug][gc,age         ] GC(992) Desired survivor size 16777216 bytes, new threshold 15 (max threshold 15)
[23.506s][info ][gc,phases      ] GC(992)   Pre Evacuate Collection Set: 0.09ms
[23.506s][info ][gc,phases      ] GC(992)   Merge Heap Roots: 0.08ms
[23.506s][info ][gc,phases      ] GC(992)   Evacuate Collection Set: 0.12ms
[23.506s][info ][gc,phases      ] GC(992)   Post Evacuate Collection Set: 0.18ms
[23.506s][info ][gc,phases      ] GC(992)   Other: 0.05ms
[23.506s][trace][gc,age         ] GC(992) Age table:
[23.506s][trace][gc,age         ] GC(992) - age   1:        192 bytes,        192 total
[23.506s][info ][gc,heap        ] GC(992) Eden regions: 253->0(253)
[23.506s][info ][gc,heap        ] GC(992) Survivor regions: 1->1(32)
[23.506s][info ][gc,heap        ] GC(992) Old regions: 11->11
[23.506s][info ][gc,heap        ] GC(992) Humongous regions: 0->0
[23.506s][info ][gc,metaspace   ] GC(992) Metaspace: 10122K(10368K)->10122K(10368K) NonClass: 9159K(9344K)->9159K(9344K) Class: 963K(1024K)->963K(1024K)
[23.506s][info ][gc             ] GC(992) Pause Young (Normal) (G1 Evacuation Pause) 256M->4M(424M) 0.614ms
[23.506s][info ][gc,cpu         ] GC(992) User=0.00s Sys=0.00s Real=0.00s
[23.522s][info ][gc,start       ] GC(993) Pause Young (Normal) (G1 Evacuation Pause)
[23.522s][info ][gc,task        ] GC(993) Using 9 workers of 9 for evacuation
[23.522s][debug][gc,age         ] GC(993) Desired survivor size 16777216 bytes, new threshold 15 (max threshold 15)
[23.522s][info ][gc,phases      ] GC(993)   Pre Evacuate Collection Set: 0.06ms
[23.522s][info ][gc,phases      ] GC(993)   Merge Heap Roots: 0.07ms
[23.522s][info ][gc,phases      ] GC(993)   Evacuate Collection Set: 0.09ms
[23.522s][info ][gc,phases      ] GC(993)   Post Evacuate Collection Set: 0.18ms
[23.522s][info ][gc,phases      ] GC(993)   Other: 0.04ms
[23.522s][trace][gc,age         ] GC(993) Age table:
[23.522s][trace][gc,age         ] GC(993) - age   1:        192 bytes,        192 total
[23.522s][info ][gc,heap        ] GC(993) Eden regions: 253->0(253)
[23.522s][info ][gc,heap        ] GC(993) Survivor regions: 1->1(32)
[23.522s][info ][gc,heap        ] GC(993) Old regions: 11->11
[23.522s][info ][gc,heap        ] GC(993) Humongous regions: 0->0
[23.522s][info ][gc,metaspace   ] GC(993) Metaspace: 10122K(10368K)->10122K(10368K) NonClass: 9159K(9344K)->9159K(9344K) Class: 963K(1024K)->963K(1024K)
[23.522s][info ][gc             ] GC(993) Pause Young (Normal) (G1 Evacuation Pause) 256M->4M(424M) 0.530ms
[23.522s][info ][gc,cpu         ] GC(993) User=0.00s Sys=0.00s Real=0.00s
[23.538s][info ][gc,start       ] GC(994) Pause Young (Normal) (G1 Evacuation Pause)
[23.538s][info ][gc,task        ] GC(994) Using 9 workers of 9 for evacuation
[23.538s][debug][gc,age         ] GC(994) Desired survivor size 16777216 bytes, new threshold 15 (max threshold 15)
[23.539s][info ][gc,phases      ] GC(994)   Pre Evacuate Collection Set: 0.08ms
[23.539s][info ][gc,phases      ] GC(994)   Merge Heap Roots: 0.09ms
[23.539s][info ][gc,phases      ] GC(994)   Evacuate Collection Set: 0.10ms
[23.539s][info ][gc,phases      ] GC(994)   Post Evacuate Collection Set: 0.15ms
[23.539s][info ][gc,phases      ] GC(994)   Other: 0.04ms
[23.539s][trace][gc,age         ] GC(994) Age table:
[23.539s][trace][gc,age         ] GC(994) - age   1:        192 bytes,        192 total
[23.539s][info ][gc,heap        ] GC(994) Eden regions: 253->0(253)
[23.539s][info ][gc,heap        ] GC(994) Survivor regions: 1->1(32)
[23.539s][info ][gc,heap        ] GC(994) Old regions: 11->11
[23.539s][info ][gc,heap        ] GC(994) Humongous regions: 0->0
[23.539s][info ][gc,metaspace   ] GC(994) Metaspace: 10122K(10368K)->10122K(10368K) NonClass: 9159K(9344K)->9159K(9344K) Class: 963K(1024K)->963K(1024K)
[23.539s][info ][gc             ] GC(994) Pause Young (Normal) (G1 Evacuation Pause) 256M->4M(424M) 0.552ms
[23.539s][info ][gc,cpu         ] GC(994) User=0.00s Sys=0.00s Real=0.00s
[23.554s][info ][gc,start       ] GC(995) Pause Young (Normal) (G1 Evacuation Pause)
[23.554s][info ][gc,task        ] GC(995) Using 9 workers of 9 for evacuation
[23.554s][debug][gc,age         ] GC(995) Desired survivor size 16777216 bytes, new threshold 15 (max threshold 15)
[23.555s][info ][gc,phases      ] GC(995)   Pre Evacuate Collection Set: 0.07ms
[23.555s][info ][gc,phases      ] GC(995)   Merge Heap Roots: 0.05ms
[23.555s][info ][gc,phases      ] GC(995)   Evacuate Collection Set: 0.13ms
[23.555s][info ][gc,phases      ] GC(995)   Post Evacuate Collection Set: 0.16ms
[23.555s][info ][gc,phases      ] GC(995)   Other: 0.07ms
[23.555s][trace][gc,age         ] GC(995) Age table:
[23.555s][trace][gc,age         ] GC(995) - age   1:        192 bytes,        192 total
[23.555s][info ][gc,heap        ] GC(995) Eden regions: 253->0(253)
[23.555s][info ][gc,heap        ] GC(995) Survivor regions: 1->1(32)
[23.555s][info ][gc,heap        ] GC(995) Old regions: 11->11
[23.555s][info ][gc,heap        ] GC(995) Humongous regions: 0->0
[23.555s][info ][gc,metaspace   ] GC(995) Metaspace: 10122K(10368K)->10122K(10368K) NonClass: 9159K(9344K)->9159K(9344K) Class: 963K(1024K)->963K(1024K)
[23.555s][info ][gc             ] GC(995) Pause Young (Normal) (G1 Evacuation Pause) 256M->4M(424M) 0.572ms
[23.555s][info ][gc,cpu         ] GC(995) User=0.00s Sys=0.00s Real=0.00s
[23.570s][info ][gc,start       ] GC(996) Pause Young (Normal) (G1 Evacuation Pause)
[23.570s][info ][gc,task        ] GC(996) Using 9 workers of 9 for evacuation
[23.570s][debug][gc,age         ] GC(996) Desired survivor size 16777216 bytes, new threshold 15 (max threshold 15)
[23.571s][info ][gc,phases      ] GC(996)   Pre Evacuate Collection Set: 0.08ms
[23.571s][info ][gc,phases      ] GC(996)   Merge Heap Roots: 0.06ms
[23.571s][info ][gc,phases      ] GC(996)   Evacuate Collection Set: 0.12ms
[23.571s][info ][gc,phases      ] GC(996)   Post Evacuate Collection Set: 0.19ms
[23.571s][info ][gc,phases      ] GC(996)   Other: 0.06ms
[23.571s][trace][gc,age         ] GC(996) Age table:
[23.571s][trace][gc,age         ] GC(996) - age   1:        192 bytes,        192 total
[23.571s][info ][gc,heap        ] GC(996) Eden regions: 253->0(253)
[23.571s][info ][gc,heap        ] GC(996) Survivor regions: 1->1(32)
[23.571s][info ][gc,heap        ] GC(996) Old regions: 11->11
[23.571s][info ][gc,heap        ] GC(996) Humongous regions: 0->0
[23.571s][info ][gc,metaspace   ] GC(996) Metaspace: 10122K(10368K)->10122K(10368K) NonClass: 9159K(9344K)->9159K(9344K) Class: 963K(1024K)->963K(1024K)
[23.571s][info ][gc             ] GC(996) Pause Young (Normal) (G1 Evacuation Pause) 256M->4M(424M) 0.601ms
[23.571s][info ][gc,cpu         ] GC(996) User=0.00s Sys=0.00s Real=0.00s
[23.587s][info ][gc,start       ] GC(997) Pause Young (Normal) (G1 Evacuation Pause)
[23.587s][info ][gc,task        ] GC(997) Using 9 workers of 9 for evacuation
[23.587s][debug][gc,age         ] GC(997) Desired survivor size 16777216 bytes, new threshold 15 (max threshold 15)
[23.587s][info ][gc,phases      ] GC(997)   Pre Evacuate Collection Set: 0.07ms
[23.587s][info ][gc,phases      ] GC(997)   Merge Heap Roots: 0.11ms
[23.587s][info ][gc,phases      ] GC(997)   Evacuate Collection Set: 0.13ms
[23.587s][info ][gc,phases      ] GC(997)   Post Evacuate Collection Set: 0.18ms
[23.587s][info ][gc,phases      ] GC(997)   Other: 0.07ms
[23.587s][trace][gc,age         ] GC(997) Age table:
[23.587s][trace][gc,age         ] GC(997) - age   1:        192 bytes,        192 total
[23.587s][info ][gc,heap        ] GC(997) Eden regions: 253->0(253)
[23.587s][info ][gc,heap        ] GC(997) Survivor regions: 1->1(32)
[23.587s][info ][gc,heap        ] GC(997) Old regions: 11->11
[23.587s][info ][gc,heap        ] GC(997) Humongous regions: 0->0
[23.587s][info ][gc,metaspace   ] GC(997) Metaspace: 10122K(10368K)->10122K(10368K) NonClass: 9159K(9344K)->9159K(9344K) Class: 963K(1024K)->963K(1024K)
[23.587s][info ][gc             ] GC(997) Pause Young (Normal) (G1 Evacuation Pause) 256M->4M(424M) 0.645ms
[23.587s][info ][gc,cpu         ] GC(997) User=0.00s Sys=0.00s Real=0.00s
[23.603s][info ][gc,start       ] GC(998) Pause Young (Normal) (G1 Evacuation Pause)
[23.603s][info ][gc,task        ] GC(998) Using 9 workers of 9 for evacuation
[23.603s][debug][gc,age         ] GC(998) Desired survivor size 16777216 bytes, new threshold 15 (max threshold 15)
[23.604s][info ][gc,phases      ] GC(998)   Pre Evacuate Collection Set: 0.13ms
[23.604s][info ][gc,phases      ] GC(998)   Merge Heap Roots: 0.06ms
[23.604s][info ][gc,phases      ] GC(998)   Evacuate Collection Set: 0.11ms
[23.604s][info ][gc,phases      ] GC(998)   Post Evacuate Collection Set: 0.18ms
[23.604s][info ][gc,phases      ] GC(998)   Other: 0.05ms
[23.604s][trace][gc,age         ] GC(998) Age table:
[23.604s][trace][gc,age         ] GC(998) - age   1:        192 bytes,        192 total
[23.604s][info ][gc,heap        ] GC(998) Eden regions: 253->0(253)
[23.604s][info ][gc,heap        ] GC(998) Survivor regions: 1->1(32)
[23.604s][info ][gc,heap        ] GC(998) Old regions: 11->11
[23.604s][info ][gc,heap        ] GC(998) Humongous regions: 0->0
[23.604s][info ][gc,metaspace   ] GC(998) Metaspace: 10122K(10368K)->10122K(10368K) NonClass: 9159K(9344K)->9159K(9344K) Class: 963K(1024K)->963K(1024K)
[23.604s][info ][gc             ] GC(998) Pause Young (Normal) (G1 Evacuation Pause) 256M->4M(424M) 0.608ms
[23.604s][info ][gc,cpu         ] GC(998) User=0.00s Sys=0.01s Real=0.00s
[23.619s][info ][gc,start       ] GC(999) Pause Young (Normal) (G1 Evacuation Pause)
[23.619s][info ][gc,task        ] GC(999) Using 9 workers of 9 for evacuation
[23.619s][debug][gc,age         ] GC(999) Desired survivor size 16777216 bytes, new threshold 15 (max threshold 15)
[23.620s][info ][gc,phases      ] GC(999)   Pre Evacuate Collection Set: 0.07ms
[23.620s][info ][gc,phases      ] GC(999)   Merge Heap Roots: 0.10ms
[23.620s][info ][gc,phases      ] GC(999)   Evacuate Collection Set: 0.09ms
[23.620s][info ][gc,phases      ] GC(999)   Post Evacuate Collection Set: 0.17ms
[23.620s][info ][gc,phases      ] GC(999)   Other: 0.06ms
[23.620s][trace][gc,age         ] GC(999) Age table:
[23.620s][trace][gc,age         ] GC(999) - age   1:        192 bytes,        192 total
[23.620s][info ][gc,heap        ] GC(999) Eden regions: 253->0(253)
[23.620s][info ][gc,heap        ] GC(999) Survivor regions: 1->1(32)
[23.620s][info ][gc,heap        ] GC(999) Old regions: 11->11
[23.620s][info ][gc,heap        ] GC(999) Humongous regions: 0->0
[23.620s][info ][gc,metaspace   ] GC(999) Metaspace: 10122K(10368K)->10122K(10368K) NonClass: 9159K(9344K)->9159K(9344K) Class: 963K(1024K)->963K(1024K)
[23.620s][info ][gc             ] GC(999) Pause Young (Normal) (G1 Evacuation Pause) 256M->4M(424M) 0.588ms
[23.620s][info ][gc,cpu         ] GC(999) User=0.00s Sys=0.00s Real=0.00s
[23.636s][info ][gc,start       ] GC(1000) Pause Young (Normal) (G1 Evacuation Pause)
[23.636s][info ][gc,task        ] GC(1000) Using 9 workers of 9 for evacuation
[23.636s][debug][gc,age         ] GC(1000) Desired survivor size 16777216 bytes, new threshold 15 (max threshold 15)
[23.636s][info ][gc,phases      ] GC(1000)   Pre Evacuate Collection Set: 0.08ms
[23.636s][info ][gc,phases      ] GC(1000)   Merge Heap Roots: 0.06ms
[23.636s][info ][gc,phases      ] GC(1000)   Evacuate Collection Set: 0.14ms
[23.636s][info ][gc,phases      ] GC(1000)   Post Evacuate Collection Set: 0.16ms
[23.636s][info ][gc,phases      ] GC(1000)   Other: 0.05ms
[23.636s][trace][gc,age         ] GC(1000) Age table:
[23.636s][trace][gc,age         ] GC(1000) - age   1:        192 bytes,        192 total
[23.636s][info ][gc,heap        ] GC(1000) Eden regions: 253->0(253)
[23.636s][info ][gc,heap        ] GC(1000) Survivor regions: 1->1(32)
[23.636s][info ][gc,heap        ] GC(1000) Old regions: 11->11
[23.636s][info ][gc,heap        ] GC(1000) Humongous regions: 0->0
[23.636s][info ][gc,metaspace   ] GC(1000) Metaspace: 10122K(10368K)->10122K(10368K) NonClass: 9159K(9344K)->9159K(9344K) Class: 963K(1024K)->963K(1024K)
[23.636s][info ][gc             ] GC(1000) Pause Young (Normal) (G1 Evacuation Pause) 256M->4M(424M) 0.577ms
[23.636s][info ][gc,cpu         ] GC(1000) User=0.00s Sys=0.00s Real=0.00s
[23.652s][info ][gc,start       ] GC(1001) Pause Young (Normal) (G1 Evacuation Pause)
[23.652s][info ][gc,task        ] GC(1001) Using 9 workers of 9 for evacuation
[23.652s][debug][gc,age         ] GC(1001) Desired survivor size 16777216 bytes, new threshold 15 (max threshold 15)
[23.652s][info ][gc,phases      ] GC(1001)   Pre Evacuate Collection Set: 0.07ms
[23.652s][info ][gc,phases      ] GC(1001)   Merge Heap Roots: 0.06ms
[23.652s][info ][gc,phases      ] GC(1001)   Evacuate Collection Set: 0.10ms
[23.652s][info ][gc,phases      ] GC(1001)   Post Evacuate Collection Set: 0.19ms
[23.652s][info ][gc,phases      ] GC(1001)   Other: 0.05ms
[23.652s][trace][gc,age         ] GC(1001) Age table:
[23.652s][trace][gc,age         ] GC(1001) - age   1:        192 bytes,        192 total
[23.652s][info ][gc,heap        ] GC(1001) Eden regions: 253->0(253)
[23.652s][info ][gc,heap        ] GC(1001) Survivor regions: 1->1(32)
[23.652s][info ][gc,heap        ] GC(1001) Old regions: 11->11
[23.652s][info ][gc,heap        ] GC(1001) Humongous regions: 0->0
[23.652s][info ][gc,metaspace   ] GC(1001) Metaspace: 10122K(10368K)->10122K(10368K) NonClass: 9159K(9344K)->9159K(9344K) Class: 963K(1024K)->963K(1024K)
[23.652s][info ][gc             ] GC(1001) Pause Young (Normal) (G1 Evacuation Pause) 256M->4M(424M) 0.562ms
[23.652s][info ][gc,cpu         ] GC(1001) User=0.00s Sys=0.00s Real=0.00s
[23.668s][info ][gc,start       ] GC(1002) Pause Young (Normal) (G1 Evacuation Pause)
[23.668s][info ][gc,task        ] GC(1002) Using 9 workers of 9 for evacuation
[23.668s][debug][gc,age         ] GC(1002) Desired survivor size 16777216 bytes, new threshold 15 (max threshold 15)
[23.669s][info ][gc,phases      ] GC(1002)   Pre Evacuate Collection Set: 0.06ms
[23.669s][info ][gc,phases      ] GC(1002)   Merge Heap Roots: 0.08ms
[23.669s][info ][gc,phases      ] GC(1002)   Evacuate Collection Set: 0.13ms
[23.669s][info ][gc,phases      ] GC(1002)   Post Evacuate Collection Set: 0.17ms
[23.669s][info ][gc,phases      ] GC(1002)   Other: 0.05ms
[23.669s][trace][gc,age         ] GC(1002) Age table:
[23.669s][trace][gc,age         ] GC(1002) - age   1:        192 bytes,        192 total
[23.669s][info ][gc,heap        ] GC(1002) Eden regions: 253->0(253)
[23.669s][info ][gc,heap        ] GC(1002) Survivor regions: 1->1(32)
[23.669s][info ][gc,heap        ] GC(1002) Old regions: 11->11
[23.669s][info ][gc,heap        ] GC(1002) Humongous regions: 0->0
[23.669s][info ][gc,metaspace   ] GC(1002) Metaspace: 10122K(10368K)->10122K(10368K) NonClass: 9159K(9344K)->9159K(9344K) Class: 963K(1024K)->963K(1024K)
[23.669s][info ][gc             ] GC(1002) Pause Young (Normal) (G1 Evacuation Pause) 256M->4M(424M) 0.578ms
[23.669s][info ][gc,cpu         ] GC(1002) User=0.00s Sys=0.00s Real=0.00s
[23.684s][info ][gc,start       ] GC(1003) Pause Young (Normal) (G1 Evacuation Pause)
[23.684s][info ][gc,task        ] GC(1003) Using 9 workers of 9 for evacuation
[23.684s][debug][gc,age         ] GC(1003) Desired survivor size 16777216 bytes, new threshold 15 (max threshold 15)
[23.685s][info ][gc,phases      ] GC(1003)   Pre Evacuate Collection Set: 0.10ms
[23.685s][info ][gc,phases      ] GC(1003)   Merge Heap Roots: 0.07ms
[23.685s][info ][gc,phases      ] GC(1003)   Evacuate Collection Set: 0.06ms
[23.685s][info ][gc,phases      ] GC(1003)   Post Evacuate Collection Set: 0.17ms
[23.685s][info ][gc,phases      ] GC(1003)   Other: 0.07ms
[23.685s][trace][gc,age         ] GC(1003) Age table:
[23.685s][trace][gc,age         ] GC(1003) - age   1:        192 bytes,        192 total
[23.685s][info ][gc,heap        ] GC(1003) Eden regions: 253->0(253)
[23.685s][info ][gc,heap        ] GC(1003) Survivor regions: 1->1(32)
[23.685s][info ][gc,heap        ] GC(1003) Old regions: 11->11
[23.685s][info ][gc,heap        ] GC(1003) Humongous regions: 0->0
[23.685s][info ][gc,metaspace   ] GC(1003) Metaspace: 10122K(10368K)->10122K(10368K) NonClass: 9159K(9344K)->9159K(9344K) Class: 963K(1024K)->963K(1024K)
[23.685s][info ][gc             ] GC(1003) Pause Young (Normal) (G1 Evacuation Pause) 256M->4M(424M) 0.560ms
[23.685s][info ][gc,cpu         ] GC(1003) User=0.00s Sys=0.00s Real=0.00s
[23.701s][info ][gc,start       ] GC(1004) Pause Young (Normal) (G1 Evacuation Pause)
[23.701s][info ][gc,task        ] GC(1004) Using 9 workers of 9 for evacuation
[23.701s][debug][gc,age         ] GC(1004) Desired survivor size 16777216 bytes, new threshold 15 (max threshold 15)
[23.701s][info ][gc,phases      ] GC(1004)   Pre Evacuate Collection Set: 0.09ms
[23.701s][info ][gc,phases      ] GC(1004)   Merge Heap Roots: 0.07ms
[23.701s][info ][gc,phases      ] GC(1004)   Evacuate Collection Set: 0.09ms
[23.701s][info ][gc,phases      ] GC(1004)   Post Evacuate Collection Set: 0.19ms
[23.701s][info ][gc,phases      ] GC(1004)   Other: 0.05ms
[23.701s][trace][gc,age         ] GC(1004) Age table:
[23.701s][trace][gc,age         ] GC(1004) - age   1:        192 bytes,        192 total
[23.701s][info ][gc,heap        ] GC(1004) Eden regions: 253->0(253)
[23.701s][info ][gc,heap        ] GC(1004) Survivor regions: 1->1(32)
[23.701s][info ][gc,heap        ] GC(1004) Old regions: 11->11
[23.701s][info ][gc,heap        ] GC(1004) Humongous regions: 0->0
[23.701s][info ][gc,metaspace   ] GC(1004) Metaspace: 10122K(10368K)->10122K(10368K) NonClass: 9159K(9344K)->9159K(9344K) Class: 963K(1024K)->963K(1024K)
[23.701s][info ][gc             ] GC(1004) Pause Young (Normal) (G1 Evacuation Pause) 256M->4M(424M) 0.586ms
[23.701s][info ][gc,cpu         ] GC(1004) User=0.00s Sys=0.00s Real=0.00s
[23.717s][info ][gc,start       ] GC(1005) Pause Young (Normal) (G1 Evacuation Pause)
[23.717s][info ][gc,task        ] GC(1005) Using 9 workers of 9 for evacuation
[23.717s][debug][gc,age         ] GC(1005) Desired survivor size 16777216 bytes, new threshold 15 (max threshold 15)
[23.717s][info ][gc,phases      ] GC(1005)   Pre Evacuate Collection Set: 0.06ms
[23.717s][info ][gc,phases      ] GC(1005)   Merge Heap Roots: 0.06ms
[23.717s][info ][gc,phases      ] GC(1005)   Evacuate Collection Set: 0.11ms
[23.717s][info ][gc,phases      ] GC(1005)   Post Evacuate Collection Set: 0.20ms
[23.717s][info ][gc,phases      ] GC(1005)   Other: 0.04ms
[23.717s][trace][gc,age         ] GC(1005) Age table:
[23.717s][trace][gc,age         ] GC(1005) - age   1:        192 bytes,        192 total
[23.717s][info ][gc,heap        ] GC(1005) Eden regions: 253->0(253)
[23.717s][info ][gc,heap        ] GC(1005) Survivor regions: 1->1(32)
[23.717s][info ][gc,heap        ] GC(1005) Old regions: 11->11
[23.717s][info ][gc,heap        ] GC(1005) Humongous regions: 0->0
[23.717s][info ][gc,metaspace   ] GC(1005) Metaspace: 10122K(10368K)->10122K(10368K) NonClass: 9159K(9344K)->9159K(9344K) Class: 963K(1024K)->963K(1024K)
[23.717s][info ][gc             ] GC(1005) Pause Young (Normal) (G1 Evacuation Pause) 256M->4M(424M) 0.549ms
[23.717s][info ][gc,cpu         ] GC(1005) User=0.00s Sys=0.00s Real=0.00s
[23.733s][info ][gc,start       ] GC(1006) Pause Young (Normal) (G1 Evacuation Pause)
[23.733s][info ][gc,task        ] GC(1006) Using 9 workers of 9 for evacuation
[23.733s][debug][gc,age         ] GC(1006) Desired survivor size 16777216 bytes, new threshold 15 (max threshold 15)
[23.734s][info ][gc,phases      ] GC(1006)   Pre Evacuate Collection Set: 0.07ms
[23.734s][info ][gc,phases      ] GC(1006)   Merge Heap Roots: 0.06ms
[23.734s][info ][gc,phases      ] GC(1006)   Evacuate Collection Set: 0.09ms
[23.734s][info ][gc,phases      ] GC(1006)   Post Evacuate Collection Set: 0.18ms
[23.734s][info ][gc,phases      ] GC(1006)   Other: 0.04ms
[23.734s][trace][gc,age         ] GC(1006) Age table:
[23.734s][trace][gc,age         ] GC(1006) - age   1:        192 bytes,        192 total
[23.734s][info ][gc,heap        ] GC(1006) Eden regions: 253->0(253)
[23.734s][info ][gc,heap        ] GC(1006) Survivor regions: 1->1(32)
[23.734s][info ][gc,heap        ] GC(1006) Old regions: 11->11
[23.734s][info ][gc,heap        ] GC(1006) Humongous regions: 0->0
[23.734s][info ][gc,metaspace   ] GC(1006) Metaspace: 10122K(10368K)->10122K(10368K) NonClass: 9159K(9344K)->9159K(9344K) Class: 963K(1024K)->963K(1024K)
[23.734s][info ][gc             ] GC(1006) Pause Young (Normal) (G1 Evacuation Pause) 256M->4M(424M) 0.527ms
[23.734s][info ][gc,cpu         ] GC(1006) User=0.00s Sys=0.00s Real=0.00s
[23.749s][info ][gc,start       ] GC(1007) Pause Young (Normal) (G1 Evacuation Pause)
[23.749s][info ][gc,task        ] GC(1007) Using 9 workers of 9 for evacuation
[23.749s][debug][gc,age         ] GC(1007) Desired survivor size 16777216 bytes, new threshold 15 (max threshold 15)
[23.750s][info ][gc,phases      ] GC(1007)   Pre Evacuate Collection Set: 0.10ms
[23.750s][info ][gc,phases      ] GC(1007)   Merge Heap Roots: 0.07ms
[23.750s][info ][gc,phases      ] GC(1007)   Evacuate Collection Set: 0.09ms
[23.750s][info ][gc,phases      ] GC(1007)   Post Evacuate Collection Set: 0.19ms
[23.750s][info ][gc,phases      ] GC(1007)   Other: 0.06ms
[23.750s][trace][gc,age         ] GC(1007) Age table:
[23.750s][trace][gc,age         ] GC(1007) - age   1:        192 bytes,        192 total
[23.750s][info ][gc,heap        ] GC(1007) Eden regions: 253->0(253)
[23.750s][info ][gc,heap        ] GC(1007) Survivor regions: 1->1(32)
[23.750s][info ][gc,heap        ] GC(1007) Old regions: 11->11
[23.750s][info ][gc,heap        ] GC(1007) Humongous regions: 0->0
[23.750s][info ][gc,metaspace   ] GC(1007) Metaspace: 10122K(10368K)->10122K(10368K) NonClass: 9159K(9344K)->9159K(9344K) Class: 963K(1024K)->963K(1024K)
[23.750s][info ][gc             ] GC(1007) Pause Young (Normal) (G1 Evacuation Pause) 256M->4M(424M) 0.601ms
[23.750s][info ][gc,cpu         ] GC(1007) User=0.00s Sys=0.01s Real=0.00s
[23.765s][info ][gc,start       ] GC(1008) Pause Young (Normal) (G1 Evacuation Pause)
[23.765s][info ][gc,task        ] GC(1008) Using 9 workers of 9 for evacuation
[23.765s][debug][gc,age         ] GC(1008) Desired survivor size 16777216 bytes, new threshold 15 (max threshold 15)
[23.766s][info ][gc,phases      ] GC(1008)   Pre Evacuate Collection Set: 0.07ms
[23.766s][info ][gc,phases      ] GC(1008)   Merge Heap Roots: 0.14ms
[23.766s][info ][gc,phases      ] GC(1008)   Evacuate Collection Set: 0.10ms
[23.766s][info ][gc,phases      ] GC(1008)   Post Evacuate Collection Set: 0.17ms
[23.766s][info ][gc,phases      ] GC(1008)   Other: 0.05ms
[23.766s][trace][gc,age         ] GC(1008) Age table:
[23.766s][trace][gc,age         ] GC(1008) - age   1:        192 bytes,        192 total
[23.766s][info ][gc,heap        ] GC(1008) Eden regions: 253->0(253)
[23.766s][info ][gc,heap        ] GC(1008) Survivor regions: 1->1(32)
[23.766s][info ][gc,heap        ] GC(1008) Old regions: 11->11
[23.766s][info ][gc,heap        ] GC(1008) Humongous regions: 0->0
[23.766s][info ][gc,metaspace   ] GC(1008) Metaspace: 10122K(10368K)->10122K(10368K) NonClass: 9159K(9344K)->9159K(9344K) Class: 963K(1024K)->963K(1024K)
[23.766s][info ][gc             ] GC(1008) Pause Young (Normal) (G1 Evacuation Pause) 256M->4M(424M) 0.625ms
[23.766s][info ][gc,cpu         ] GC(1008) User=0.00s Sys=0.00s Real=0.00s
[23.782s][info ][gc,start       ] GC(1009) Pause Young (Normal) (G1 Evacuation Pause)
[23.782s][info ][gc,task        ] GC(1009) Using 9 workers of 9 for evacuation
[23.782s][debug][gc,age         ] GC(1009) Desired survivor size 16777216 bytes, new threshold 15 (max threshold 15)
[23.782s][info ][gc,phases      ] GC(1009)   Pre Evacuate Collection Set: 0.08ms
[23.782s][info ][gc,phases      ] GC(1009)   Merge Heap Roots: 0.09ms
[23.782s][info ][gc,phases      ] GC(1009)   Evacuate Collection Set: 0.07ms
[23.782s][info ][gc,phases      ] GC(1009)   Post Evacuate Collection Set: 0.16ms
[23.782s][info ][gc,phases      ] GC(1009)   Other: 0.06ms
[23.782s][trace][gc,age         ] GC(1009) Age table:
[23.782s][trace][gc,age         ] GC(1009) - age   1:        192 bytes,        192 total
[23.782s][info ][gc,heap        ] GC(1009) Eden regions: 253->0(253)
[23.782s][info ][gc,heap        ] GC(1009) Survivor regions: 1->1(32)
[23.782s][info ][gc,heap        ] GC(1009) Old regions: 11->11
[23.782s][info ][gc,heap        ] GC(1009) Humongous regions: 0->0
[23.782s][info ][gc,metaspace   ] GC(1009) Metaspace: 10122K(10368K)->10122K(10368K) NonClass: 9159K(9344K)->9159K(9344K) Class: 963K(1024K)->963K(1024K)
[23.782s][info ][gc             ] GC(1009) Pause Young (Normal) (G1 Evacuation Pause) 256M->4M(424M) 0.554ms
[23.782s][info ][gc,cpu         ] GC(1009) User=0.00s Sys=0.00s Real=0.00s
[23.798s][info ][gc,start       ] GC(1010) Pause Young (Normal) (G1 Evacuation Pause)
[23.798s][info ][gc,task        ] GC(1010) Using 9 workers of 9 for evacuation
[23.798s][debug][gc,age         ] GC(1010) Desired survivor size 16777216 bytes, new threshold 15 (max threshold 15)
[23.798s][info ][gc,phases      ] GC(1010)   Pre Evacuate Collection Set: 0.10ms
[23.798s][info ][gc,phases      ] GC(1010)   Merge Heap Roots: 0.08ms
[23.798s][info ][gc,phases      ] GC(1010)   Evacuate Collection Set: 0.09ms
[23.798s][info ][gc,phases      ] GC(1010)   Post Evacuate Collection Set: 0.16ms
[23.798s][info ][gc,phases      ] GC(1010)   Other: 0.06ms
[23.798s][trace][gc,age         ] GC(1010) Age table:
[23.798s][trace][gc,age         ] GC(1010) - age   1:        192 bytes,        192 total
[23.798s][info ][gc,heap        ] GC(1010) Eden regions: 253->0(253)
[23.798s][info ][gc,heap        ] GC(1010) Survivor regions: 1->1(32)
[23.798s][info ][gc,heap        ] GC(1010) Old regions: 11->11
[23.798s][info ][gc,heap        ] GC(1010) Humongous regions: 0->0
[23.798s][info ][gc,metaspace   ] GC(1010) Metaspace: 10122K(10368K)->10122K(10368K) NonClass: 9159K(9344K)->9159K(9344K) Class: 963K(1024K)->963K(1024K)
[23.798s][info ][gc             ] GC(1010) Pause Young (Normal) (G1 Evacuation Pause) 256M->4M(424M) 0.587ms
[23.798s][info ][gc,cpu         ] GC(1010) User=0.00s Sys=0.00s Real=0.00s
[23.814s][info ][gc,start       ] GC(1011) Pause Young (Normal) (G1 Evacuation Pause)
[23.814s][info ][gc,task        ] GC(1011) Using 9 workers of 9 for evacuation
[23.814s][debug][gc,age         ] GC(1011) Desired survivor size 16777216 bytes, new threshold 15 (max threshold 15)
[23.814s][info ][gc,phases      ] GC(1011)   Pre Evacuate Collection Set: 0.08ms
[23.814s][info ][gc,phases      ] GC(1011)   Merge Heap Roots: 0.07ms
[23.814s][info ][gc,phases      ] GC(1011)   Evacuate Collection Set: 0.11ms
[23.814s][info ][gc,phases      ] GC(1011)   Post Evacuate Collection Set: 0.20ms
[23.814s][info ][gc,phases      ] GC(1011)   Other: 0.06ms
[23.815s][trace][gc,age         ] GC(1011) Age table:
[23.815s][trace][gc,age         ] GC(1011) - age   1:        192 bytes,        192 total
[23.815s][info ][gc,heap        ] GC(1011) Eden regions: 253->0(253)
[23.815s][info ][gc,heap        ] GC(1011) Survivor regions: 1->1(32)
[23.815s][info ][gc,heap        ] GC(1011) Old regions: 11->11
[23.815s][info ][gc,heap        ] GC(1011) Humongous regions: 0->0
[23.815s][info ][gc,metaspace   ] GC(1011) Metaspace: 10122K(10368K)->10122K(10368K) NonClass: 9159K(9344K)->9159K(9344K) Class: 963K(1024K)->963K(1024K)
[23.815s][info ][gc             ] GC(1011) Pause Young (Normal) (G1 Evacuation Pause) 256M->4M(424M) 0.603ms
[23.815s][info ][gc,cpu         ] GC(1011) User=0.00s Sys=0.00s Real=0.00s
[23.830s][info ][gc,start       ] GC(1012) Pause Young (Normal) (G1 Evacuation Pause)
[23.830s][info ][gc,task        ] GC(1012) Using 9 workers of 9 for evacuation
[23.830s][debug][gc,age         ] GC(1012) Desired survivor size 16777216 bytes, new threshold 15 (max threshold 15)
[23.831s][info ][gc,phases      ] GC(1012)   Pre Evacuate Collection Set: 0.11ms
[23.831s][info ][gc,phases      ] GC(1012)   Merge Heap Roots: 0.09ms
[23.831s][info ][gc,phases      ] GC(1012)   Evacuate Collection Set: 0.14ms
[23.831s][info ][gc,phases      ] GC(1012)   Post Evacuate Collection Set: 0.18ms
[23.831s][info ][gc,phases      ] GC(1012)   Other: 0.05ms
[23.831s][trace][gc,age         ] GC(1012) Age table:
[23.831s][trace][gc,age         ] GC(1012) - age   1:        192 bytes,        192 total
[23.831s][info ][gc,heap        ] GC(1012) Eden regions: 253->0(253)
[23.831s][info ][gc,heap        ] GC(1012) Survivor regions: 1->1(32)
[23.831s][info ][gc,heap        ] GC(1012) Old regions: 11->11
[23.831s][info ][gc,heap        ] GC(1012) Humongous regions: 0->0
[23.831s][info ][gc,metaspace   ] GC(1012) Metaspace: 10122K(10368K)->10122K(10368K) NonClass: 9159K(9344K)->9159K(9344K) Class: 963K(1024K)->963K(1024K)
[23.831s][info ][gc             ] GC(1012) Pause Young (Normal) (G1 Evacuation Pause) 256M->4M(424M) 0.658ms
[23.831s][info ][gc,cpu         ] GC(1012) User=0.00s Sys=0.00s Real=0.00s
[23.846s][info ][gc,start       ] GC(1013) Pause Young (Normal) (G1 Evacuation Pause)
[23.846s][info ][gc,task        ] GC(1013) Using 9 workers of 9 for evacuation
[23.846s][debug][gc,age         ] GC(1013) Desired survivor size 16777216 bytes, new threshold 15 (max threshold 15)
[23.847s][info ][gc,phases      ] GC(1013)   Pre Evacuate Collection Set: 0.08ms
[23.847s][info ][gc,phases      ] GC(1013)   Merge Heap Roots: 0.05ms
[23.847s][info ][gc,phases      ] GC(1013)   Evacuate Collection Set: 0.15ms
[23.847s][info ][gc,phases      ] GC(1013)   Post Evacuate Collection Set: 0.18ms
[23.847s][info ][gc,phases      ] GC(1013)   Other: 0.05ms
[23.847s][trace][gc,age         ] GC(1013) Age table:
[23.847s][trace][gc,age         ] GC(1013) - age   1:        192 bytes,        192 total
[23.847s][info ][gc,heap        ] GC(1013) Eden regions: 253->0(253)
[23.847s][info ][gc,heap        ] GC(1013) Survivor regions: 1->1(32)
[23.847s][info ][gc,heap        ] GC(1013) Old regions: 11->11
[23.847s][info ][gc,heap        ] GC(1013) Humongous regions: 0->0
[23.847s][info ][gc,metaspace   ] GC(1013) Metaspace: 10122K(10368K)->10122K(10368K) NonClass: 9159K(9344K)->9159K(9344K) Class: 963K(1024K)->963K(1024K)
[23.847s][info ][gc             ] GC(1013) Pause Young (Normal) (G1 Evacuation Pause) 256M->4M(424M) 0.600ms
[23.847s][info ][gc,cpu         ] GC(1013) User=0.00s Sys=0.00s Real=0.00s
[23.863s][info ][gc,start       ] GC(1014) Pause Young (Normal) (G1 Evacuation Pause)
[23.863s][info ][gc,task        ] GC(1014) Using 9 workers of 9 for evacuation
[23.863s][debug][gc,age         ] GC(1014) Desired survivor size 16777216 bytes, new threshold 15 (max threshold 15)
[23.863s][info ][gc,phases      ] GC(1014)   Pre Evacuate Collection Set: 0.07ms
[23.863s][info ][gc,phases      ] GC(1014)   Merge Heap Roots: 0.11ms
[23.863s][info ][gc,phases      ] GC(1014)   Evacuate Collection Set: 0.09ms
[23.863s][info ][gc,phases      ] GC(1014)   Post Evacuate Collection Set: 0.19ms
[23.863s][info ][gc,phases      ] GC(1014)   Other: 0.06ms
[23.863s][trace][gc,age         ] GC(1014) Age table:
[23.863s][trace][gc,age         ] GC(1014) - age   1:        192 bytes,        192 total
[23.863s][info ][gc,heap        ] GC(1014) Eden regions: 253->0(253)
[23.863s][info ][gc,heap        ] GC(1014) Survivor regions: 1->1(32)
[23.863s][info ][gc,heap        ] GC(1014) Old regions: 11->11
[23.863s][info ][gc,heap        ] GC(1014) Humongous regions: 0->0
[23.863s][info ][gc,metaspace   ] GC(1014) Metaspace: 10122K(10368K)->10122K(10368K) NonClass: 9159K(9344K)->9159K(9344K) Class: 963K(1024K)->963K(1024K)
[23.863s][info ][gc             ] GC(1014) Pause Young (Normal) (G1 Evacuation Pause) 256M->4M(424M) 0.623ms
[23.863s][info ][gc,cpu         ] GC(1014) User=0.00s Sys=0.00s Real=0.00s
[23.879s][info ][gc,start       ] GC(1015) Pause Young (Normal) (G1 Evacuation Pause)
[23.879s][info ][gc,task        ] GC(1015) Using 9 workers of 9 for evacuation
[23.879s][debug][gc,age         ] GC(1015) Desired survivor size 16777216 bytes, new threshold 15 (max threshold 15)
[23.879s][info ][gc,phases      ] GC(1015)   Pre Evacuate Collection Set: 0.06ms
[23.879s][info ][gc,phases      ] GC(1015)   Merge Heap Roots: 0.07ms
[23.879s][info ][gc,phases      ] GC(1015)   Evacuate Collection Set: 0.08ms
[23.879s][info ][gc,phases      ] GC(1015)   Post Evacuate Collection Set: 0.16ms
[23.879s][info ][gc,phases      ] GC(1015)   Other: 0.05ms
[23.879s][trace][gc,age         ] GC(1015) Age table:
[23.879s][trace][gc,age         ] GC(1015) - age   1:        192 bytes,        192 total
[23.879s][info ][gc,heap        ] GC(1015) Eden regions: 253->0(253)
[23.879s][info ][gc,heap        ] GC(1015) Survivor regions: 1->1(32)
[23.879s][info ][gc,heap        ] GC(1015) Old regions: 11->11
[23.879s][info ][gc,heap        ] GC(1015) Humongous regions: 0->0
[23.879s][info ][gc,metaspace   ] GC(1015) Metaspace: 10122K(10368K)->10122K(10368K) NonClass: 9159K(9344K)->9159K(9344K) Class: 963K(1024K)->963K(1024K)
[23.879s][info ][gc             ] GC(1015) Pause Young (Normal) (G1 Evacuation Pause) 256M->4M(424M) 0.510ms
[23.879s][info ][gc,cpu         ] GC(1015) User=0.00s Sys=0.00s Real=0.00s
[23.895s][info ][gc,start       ] GC(1016) Pause Young (Normal) (G1 Evacuation Pause)
[23.895s][info ][gc,task        ] GC(1016) Using 9 workers of 9 for evacuation
[23.895s][debug][gc,age         ] GC(1016) Desired survivor size 16777216 bytes, new threshold 15 (max threshold 15)
[23.896s][info ][gc,phases      ] GC(1016)   Pre Evacuate Collection Set: 0.09ms
[23.896s][info ][gc,phases      ] GC(1016)   Merge Heap Roots: 0.07ms
[23.896s][info ][gc,phases      ] GC(1016)   Evacuate Collection Set: 0.10ms
[23.896s][info ][gc,phases      ] GC(1016)   Post Evacuate Collection Set: 0.17ms
[23.896s][info ][gc,phases      ] GC(1016)   Other: 0.04ms
[23.896s][trace][gc,age         ] GC(1016) Age table:
[23.896s][trace][gc,age         ] GC(1016) - age   1:        192 bytes,        192 total
[23.896s][info ][gc,heap        ] GC(1016) Eden regions: 253->0(253)
[23.896s][info ][gc,heap        ] GC(1016) Survivor regions: 1->1(32)
[23.896s][info ][gc,heap        ] GC(1016) Old regions: 11->11
[23.896s][info ][gc,heap        ] GC(1016) Humongous regions: 0->0
[23.896s][info ][gc,metaspace   ] GC(1016) Metaspace: 10122K(10368K)->10122K(10368K) NonClass: 9159K(9344K)->9159K(9344K) Class: 963K(1024K)->963K(1024K)
[23.896s][info ][gc             ] GC(1016) Pause Young (Normal) (G1 Evacuation Pause) 256M->4M(424M) 0.559ms
[23.896s][info ][gc,cpu         ] GC(1016) User=0.00s Sys=0.00s Real=0.00s
[23.912s][info ][gc,start       ] GC(1017) Pause Young (Normal) (G1 Evacuation Pause)
[23.912s][info ][gc,task        ] GC(1017) Using 9 workers of 9 for evacuation
[23.912s][debug][gc,age         ] GC(1017) Desired survivor size 16777216 bytes, new threshold 15 (max threshold 15)
[23.912s][info ][gc,phases      ] GC(1017)   Pre Evacuate Collection Set: 0.09ms
[23.912s][info ][gc,phases      ] GC(1017)   Merge Heap Roots: 0.06ms
[23.912s][info ][gc,phases      ] GC(1017)   Evacuate Collection Set: 0.15ms
[23.912s][info ][gc,phases      ] GC(1017)   Post Evacuate Collection Set: 0.15ms
[23.912s][info ][gc,phases      ] GC(1017)   Other: 0.06ms
[23.912s][trace][gc,age         ] GC(1017) Age table:
[23.912s][trace][gc,age         ] GC(1017) - age   1:        192 bytes,        192 total
[23.912s][info ][gc,heap        ] GC(1017) Eden regions: 253->0(253)
[23.912s][info ][gc,heap        ] GC(1017) Survivor regions: 1->1(32)
[23.912s][info ][gc,heap        ] GC(1017) Old regions: 11->11
[23.912s][info ][gc,heap        ] GC(1017) Humongous regions: 0->0
[23.912s][info ][gc,metaspace   ] GC(1017) Metaspace: 10122K(10368K)->10122K(10368K) NonClass: 9159K(9344K)->9159K(9344K) Class: 963K(1024K)->963K(1024K)
[23.912s][info ][gc             ] GC(1017) Pause Young (Normal) (G1 Evacuation Pause) 256M->4M(424M) 0.617ms
[23.912s][info ][gc,cpu         ] GC(1017) User=0.00s Sys=0.00s Real=0.00s
[23.928s][info ][gc,start       ] GC(1018) Pause Young (Normal) (G1 Evacuation Pause)
[23.928s][info ][gc,task        ] GC(1018) Using 9 workers of 9 for evacuation
[23.928s][debug][gc,age         ] GC(1018) Desired survivor size 16777216 bytes, new threshold 15 (max threshold 15)
[23.928s][info ][gc,phases      ] GC(1018)   Pre Evacuate Collection Set: 0.07ms
[23.928s][info ][gc,phases      ] GC(1018)   Merge Heap Roots: 0.06ms
[23.928s][info ][gc,phases      ] GC(1018)   Evacuate Collection Set: 0.12ms
[23.928s][info ][gc,phases      ] GC(1018)   Post Evacuate Collection Set: 0.18ms
[23.928s][info ][gc,phases      ] GC(1018)   Other: 0.05ms
[23.928s][trace][gc,age         ] GC(1018) Age table:
[23.928s][trace][gc,age         ] GC(1018) - age   1:        192 bytes,        192 total
[23.928s][info ][gc,heap        ] GC(1018) Eden regions: 253->0(253)
[23.928s][info ][gc,heap        ] GC(1018) Survivor regions: 1->1(32)
[23.928s][info ][gc,heap        ] GC(1018) Old regions: 11->11
[23.928s][info ][gc,heap        ] GC(1018) Humongous regions: 0->0
[23.928s][info ][gc,metaspace   ] GC(1018) Metaspace: 10122K(10368K)->10122K(10368K) NonClass: 9159K(9344K)->9159K(9344K) Class: 963K(1024K)->963K(1024K)
[23.928s][info ][gc             ] GC(1018) Pause Young (Normal) (G1 Evacuation Pause) 256M->4M(424M) 0.569ms
[23.928s][info ][gc,cpu         ] GC(1018) User=0.00s Sys=0.00s Real=0.00s
[23.944s][info ][gc,start       ] GC(1019) Pause Young (Normal) (G1 Evacuation Pause)
[23.944s][info ][gc,task        ] GC(1019) Using 9 workers of 9 for evacuation
[23.944s][debug][gc,age         ] GC(1019) Desired survivor size 16777216 bytes, new threshold 15 (max threshold 15)
[23.945s][info ][gc,phases      ] GC(1019)   Pre Evacuate Collection Set: 0.07ms
[23.945s][info ][gc,phases      ] GC(1019)   Merge Heap Roots: 0.08ms
[23.945s][info ][gc,phases      ] GC(1019)   Evacuate Collection Set: 0.09ms
[23.945s][info ][gc,phases      ] GC(1019)   Post Evacuate Collection Set: 0.17ms
[23.945s][info ][gc,phases      ] GC(1019)   Other: 0.05ms
[23.945s][trace][gc,age         ] GC(1019) Age table:
[23.945s][trace][gc,age         ] GC(1019) - age   1:        192 bytes,        192 total
[23.945s][info ][gc,heap        ] GC(1019) Eden regions: 253->0(253)
[23.945s][info ][gc,heap        ] GC(1019) Survivor regions: 1->1(32)
[23.945s][info ][gc,heap        ] GC(1019) Old regions: 11->11
[23.945s][info ][gc,heap        ] GC(1019) Humongous regions: 0->0
[23.945s][info ][gc,metaspace   ] GC(1019) Metaspace: 10122K(10368K)->10122K(10368K) NonClass: 9159K(9344K)->9159K(9344K) Class: 963K(1024K)->963K(1024K)
[23.945s][info ][gc             ] GC(1019) Pause Young (Normal) (G1 Evacuation Pause) 256M->4M(424M) 0.554ms
[23.945s][info ][gc,cpu         ] GC(1019) User=0.00s Sys=0.00s Real=0.00s
[23.960s][info ][gc,start       ] GC(1020) Pause Young (Normal) (G1 Evacuation Pause)
[23.961s][info ][gc,task        ] GC(1020) Using 9 workers of 9 for evacuation
[23.961s][debug][gc,age         ] GC(1020) Desired survivor size 16777216 bytes, new threshold 15 (max threshold 15)
[23.961s][info ][gc,phases      ] GC(1020)   Pre Evacuate Collection Set: 0.07ms
[23.961s][info ][gc,phases      ] GC(1020)   Merge Heap Roots: 0.09ms
[23.961s][info ][gc,phases      ] GC(1020)   Evacuate Collection Set: 0.10ms
[23.961s][info ][gc,phases      ] GC(1020)   Post Evacuate Collection Set: 0.18ms
[23.961s][info ][gc,phases      ] GC(1020)   Other: 0.04ms
[23.961s][trace][gc,age         ] GC(1020) Age table:
[23.961s][trace][gc,age         ] GC(1020) - age   1:        192 bytes,        192 total
[23.961s][info ][gc,heap        ] GC(1020) Eden regions: 253->0(253)
[23.961s][info ][gc,heap        ] GC(1020) Survivor regions: 1->1(32)
[23.961s][info ][gc,heap        ] GC(1020) Old regions: 11->11
[23.961s][info ][gc,heap        ] GC(1020) Humongous regions: 0->0
[23.961s][info ][gc,metaspace   ] GC(1020) Metaspace: 10122K(10368K)->10122K(10368K) NonClass: 9159K(9344K)->9159K(9344K) Class: 963K(1024K)->963K(1024K)
[23.961s][info ][gc             ] GC(1020) Pause Young (Normal) (G1 Evacuation Pause) 256M->4M(424M) 0.574ms
[23.961s][info ][gc,cpu         ] GC(1020) User=0.00s Sys=0.00s Real=0.00s
[23.977s][info ][gc,start       ] GC(1021) Pause Young (Normal) (G1 Evacuation Pause)
[23.977s][info ][gc,task        ] GC(1021) Using 9 workers of 9 for evacuation
[23.977s][debug][gc,age         ] GC(1021) Desired survivor size 16777216 bytes, new threshold 15 (max threshold 15)
[23.977s][info ][gc,phases      ] GC(1021)   Pre Evacuate Collection Set: 0.10ms
[23.977s][info ][gc,phases      ] GC(1021)   Merge Heap Roots: 0.07ms
[23.977s][info ][gc,phases      ] GC(1021)   Evacuate Collection Set: 0.09ms
[23.977s][info ][gc,phases      ] GC(1021)   Post Evacuate Collection Set: 0.18ms
[23.977s][info ][gc,phases      ] GC(1021)   Other: 0.07ms
[23.977s][trace][gc,age         ] GC(1021) Age table:
[23.977s][trace][gc,age         ] GC(1021) - age   1:        192 bytes,        192 total
[23.977s][info ][gc,heap        ] GC(1021) Eden regions: 253->0(253)
[23.977s][info ][gc,heap        ] GC(1021) Survivor regions: 1->1(32)
[23.977s][info ][gc,heap        ] GC(1021) Old regions: 11->11
[23.977s][info ][gc,heap        ] GC(1021) Humongous regions: 0->0
[23.977s][info ][gc,metaspace   ] GC(1021) Metaspace: 10122K(10368K)->10122K(10368K) NonClass: 9159K(9344K)->9159K(9344K) Class: 963K(1024K)->963K(1024K)
[23.977s][info ][gc             ] GC(1021) Pause Young (Normal) (G1 Evacuation Pause) 256M->4M(424M) 0.620ms
[23.977s][info ][gc,cpu         ] GC(1021) User=0.00s Sys=0.00s Real=0.00s
[23.993s][info ][gc,start       ] GC(1022) Pause Young (Normal) (G1 Evacuation Pause)
[23.993s][info ][gc,task        ] GC(1022) Using 9 workers of 9 for evacuation
[23.993s][debug][gc,age         ] GC(1022) Desired survivor size 16777216 bytes, new threshold 15 (max threshold 15)
[23.994s][info ][gc,phases      ] GC(1022)   Pre Evacuate Collection Set: 0.06ms
[23.994s][info ][gc,phases      ] GC(1022)   Merge Heap Roots: 0.05ms
[23.994s][info ][gc,phases      ] GC(1022)   Evacuate Collection Set: 0.14ms
[23.994s][info ][gc,phases      ] GC(1022)   Post Evacuate Collection Set: 0.18ms
[23.994s][info ][gc,phases      ] GC(1022)   Other: 0.06ms
[23.994s][trace][gc,age         ] GC(1022) Age table:
[23.994s][trace][gc,age         ] GC(1022) - age   1:        192 bytes,        192 total
[23.994s][info ][gc,heap        ] GC(1022) Eden regions: 253->0(253)
[23.994s][info ][gc,heap        ] GC(1022) Survivor regions: 1->1(32)
[23.994s][info ][gc,heap        ] GC(1022) Old regions: 11->11
[23.994s][info ][gc,heap        ] GC(1022) Humongous regions: 0->0
[23.994s][info ][gc,metaspace   ] GC(1022) Metaspace: 10122K(10368K)->10122K(10368K) NonClass: 9159K(9344K)->9159K(9344K) Class: 963K(1024K)->963K(1024K)
[23.994s][info ][gc             ] GC(1022) Pause Young (Normal) (G1 Evacuation Pause) 256M->4M(424M) 0.590ms
[23.994s][info ][gc,cpu         ] GC(1022) User=0.00s Sys=0.00s Real=0.00s
[24.009s][info ][gc,start       ] GC(1023) Pause Young (Normal) (G1 Evacuation Pause)
[24.009s][info ][gc,task        ] GC(1023) Using 9 workers of 9 for evacuation
[24.009s][debug][gc,age         ] GC(1023) Desired survivor size 16777216 bytes, new threshold 15 (max threshold 15)
[24.010s][info ][gc,phases      ] GC(1023)   Pre Evacuate Collection Set: 0.08ms
[24.010s][info ][gc,phases      ] GC(1023)   Merge Heap Roots: 0.09ms
[24.010s][info ][gc,phases      ] GC(1023)   Evacuate Collection Set: 0.10ms
[24.010s][info ][gc,phases      ] GC(1023)   Post Evacuate Collection Set: 0.17ms
[24.010s][info ][gc,phases      ] GC(1023)   Other: 0.04ms
[24.010s][trace][gc,age         ] GC(1023) Age table:
[24.010s][trace][gc,age         ] GC(1023) - age   1:        192 bytes,        192 total
[24.010s][info ][gc,heap        ] GC(1023) Eden regions: 253->0(253)
[24.010s][info ][gc,heap        ] GC(1023) Survivor regions: 1->1(32)
[24.010s][info ][gc,heap        ] GC(1023) Old regions: 11->11
[24.010s][info ][gc,heap        ] GC(1023) Humongous regions: 0->0
[24.010s][info ][gc,metaspace   ] GC(1023) Metaspace: 10122K(10368K)->10122K(10368K) NonClass: 9159K(9344K)->9159K(9344K) Class: 963K(1024K)->963K(1024K)
[24.010s][info ][gc             ] GC(1023) Pause Young (Normal) (G1 Evacuation Pause) 256M->4M(424M) 0.572ms
[24.010s][info ][gc,cpu         ] GC(1023) User=0.00s Sys=0.00s Real=0.00s
[24.026s][info ][gc,start       ] GC(1024) Pause Young (Normal) (G1 Evacuation Pause)
[24.026s][info ][gc,task        ] GC(1024) Using 9 workers of 9 for evacuation
[24.026s][debug][gc,age         ] GC(1024) Desired survivor size 16777216 bytes, new threshold 15 (max threshold 15)
[24.026s][info ][gc,phases      ] GC(1024)   Pre Evacuate Collection Set: 0.11ms
[24.026s][info ][gc,phases      ] GC(1024)   Merge Heap Roots: 0.06ms
[24.026s][info ][gc,phases      ] GC(1024)   Evacuate Collection Set: 0.12ms
[24.026s][info ][gc,phases      ] GC(1024)   Post Evacuate Collection Set: 0.18ms
[24.026s][info ][gc,phases      ] GC(1024)   Other: 0.06ms
[24.026s][trace][gc,age         ] GC(1024) Age table:
[24.026s][trace][gc,age         ] GC(1024) - age   1:        192 bytes,        192 total
[24.026s][info ][gc,heap        ] GC(1024) Eden regions: 253->0(253)
[24.026s][info ][gc,heap        ] GC(1024) Survivor regions: 1->1(32)
[24.026s][info ][gc,heap        ] GC(1024) Old regions: 11->11
[24.026s][info ][gc,heap        ] GC(1024) Humongous regions: 0->0
[24.026s][info ][gc,metaspace   ] GC(1024) Metaspace: 10122K(10368K)->10122K(10368K) NonClass: 9159K(9344K)->9159K(9344K) Class: 963K(1024K)->963K(1024K)
[24.026s][info ][gc             ] GC(1024) Pause Young (Normal) (G1 Evacuation Pause) 256M->4M(424M) 0.627ms
[24.026s][info ][gc,cpu         ] GC(1024) User=0.00s Sys=0.00s Real=0.00s
[24.042s][info ][gc,start       ] GC(1025) Pause Young (Normal) (G1 Evacuation Pause)
[24.042s][info ][gc,task        ] GC(1025) Using 9 workers of 9 for evacuation
[24.042s][debug][gc,age         ] GC(1025) Desired survivor size 16777216 bytes, new threshold 15 (max threshold 15)
[24.043s][info ][gc,phases      ] GC(1025)   Pre Evacuate Collection Set: 0.08ms
[24.043s][info ][gc,phases      ] GC(1025)   Merge Heap Roots: 0.06ms
[24.043s][info ][gc,phases      ] GC(1025)   Evacuate Collection Set: 0.09ms
[24.043s][info ][gc,phases      ] GC(1025)   Post Evacuate Collection Set: 0.21ms
[24.043s][info ][gc,phases      ] GC(1025)   Other: 0.06ms
[24.043s][trace][gc,age         ] GC(1025) Age table:
[24.043s][trace][gc,age         ] GC(1025) - age   1:        192 bytes,        192 total
[24.043s][info ][gc,heap        ] GC(1025) Eden regions: 253->0(253)
[24.043s][info ][gc,heap        ] GC(1025) Survivor regions: 1->1(32)
[24.043s][info ][gc,heap        ] GC(1025) Old regions: 11->11
[24.043s][info ][gc,heap        ] GC(1025) Humongous regions: 0->0
[24.043s][info ][gc,metaspace   ] GC(1025) Metaspace: 10122K(10368K)->10122K(10368K) NonClass: 9159K(9344K)->9159K(9344K) Class: 963K(1024K)->963K(1024K)
[24.043s][info ][gc             ] GC(1025) Pause Young (Normal) (G1 Evacuation Pause) 256M->4M(424M) 0.581ms
[24.043s][info ][gc,cpu         ] GC(1025) User=0.00s Sys=0.00s Real=0.00s
[24.059s][info ][gc,start       ] GC(1026) Pause Young (Normal) (G1 Evacuation Pause)
[24.059s][info ][gc,task        ] GC(1026) Using 9 workers of 9 for evacuation
[24.059s][debug][gc,age         ] GC(1026) Desired survivor size 16777216 bytes, new threshold 15 (max threshold 15)
[24.059s][info ][gc,phases      ] GC(1026)   Pre Evacuate Collection Set: 0.11ms
[24.059s][info ][gc,phases      ] GC(1026)   Merge Heap Roots: 0.07ms
[24.059s][info ][gc,phases      ] GC(1026)   Evacuate Collection Set: 0.10ms
[24.059s][info ][gc,phases      ] GC(1026)   Post Evacuate Collection Set: 0.20ms
[24.059s][info ][gc,phases      ] GC(1026)   Other: 0.06ms
[24.059s][trace][gc,age         ] GC(1026) Age table:
[24.059s][trace][gc,age         ] GC(1026) - age   1:        192 bytes,        192 total
[24.059s][info ][gc,heap        ] GC(1026) Eden regions: 253->0(253)
[24.059s][info ][gc,heap        ] GC(1026) Survivor regions: 1->1(32)
[24.059s][info ][gc,heap        ] GC(1026) Old regions: 11->11
[24.059s][info ][gc,heap        ] GC(1026) Humongous regions: 0->0
[24.059s][info ][gc,metaspace   ] GC(1026) Metaspace: 10122K(10368K)->10122K(10368K) NonClass: 9159K(9344K)->9159K(9344K) Class: 963K(1024K)->963K(1024K)
[24.059s][info ][gc             ] GC(1026) Pause Young (Normal) (G1 Evacuation Pause) 256M->4M(424M) 0.637ms
[24.059s][info ][gc,cpu         ] GC(1026) User=0.01s Sys=0.00s Real=0.00s
[24.075s][info ][gc,start       ] GC(1027) Pause Young (Normal) (G1 Evacuation Pause)
[24.075s][info ][gc,task        ] GC(1027) Using 9 workers of 9 for evacuation
[24.075s][debug][gc,age         ] GC(1027) Desired survivor size 16777216 bytes, new threshold 15 (max threshold 15)
[24.076s][info ][gc,phases      ] GC(1027)   Pre Evacuate Collection Set: 0.06ms
[24.076s][info ][gc,phases      ] GC(1027)   Merge Heap Roots: 0.06ms
[24.076s][info ][gc,phases      ] GC(1027)   Evacuate Collection Set: 0.10ms
[24.076s][info ][gc,phases      ] GC(1027)   Post Evacuate Collection Set: 0.18ms
[24.076s][info ][gc,phases      ] GC(1027)   Other: 0.06ms
[24.076s][trace][gc,age         ] GC(1027) Age table:
[24.076s][trace][gc,age         ] GC(1027) - age   1:        192 bytes,        192 total
[24.076s][info ][gc,heap        ] GC(1027) Eden regions: 253->0(253)
[24.076s][info ][gc,heap        ] GC(1027) Survivor regions: 1->1(32)
[24.076s][info ][gc,heap        ] GC(1027) Old regions: 11->11
[24.076s][info ][gc,heap        ] GC(1027) Humongous regions: 0->0
[24.076s][info ][gc,metaspace   ] GC(1027) Metaspace: 10122K(10368K)->10122K(10368K) NonClass: 9159K(9344K)->9159K(9344K) Class: 963K(1024K)->963K(1024K)
[24.076s][info ][gc             ] GC(1027) Pause Young (Normal) (G1 Evacuation Pause) 256M->4M(424M) 0.574ms
[24.076s][info ][gc,cpu         ] GC(1027) User=0.00s Sys=0.00s Real=0.01s
[24.091s][info ][gc,start       ] GC(1028) Pause Young (Normal) (G1 Evacuation Pause)
[24.091s][info ][gc,task        ] GC(1028) Using 9 workers of 9 for evacuation
[24.091s][debug][gc,age         ] GC(1028) Desired survivor size 16777216 bytes, new threshold 15 (max threshold 15)
[24.092s][info ][gc,phases      ] GC(1028)   Pre Evacuate Collection Set: 0.07ms
[24.092s][info ][gc,phases      ] GC(1028)   Merge Heap Roots: 0.08ms
[24.092s][info ][gc,phases      ] GC(1028)   Evacuate Collection Set: 0.11ms
[24.092s][info ][gc,phases      ] GC(1028)   Post Evacuate Collection Set: 0.19ms
[24.092s][info ][gc,phases      ] GC(1028)   Other: 0.07ms
[24.092s][trace][gc,age         ] GC(1028) Age table:
[24.092s][trace][gc,age         ] GC(1028) - age   1:        192 bytes,        192 total
[24.092s][info ][gc,heap        ] GC(1028) Eden regions: 253->0(253)
[24.092s][info ][gc,heap        ] GC(1028) Survivor regions: 1->1(32)
[24.092s][info ][gc,heap        ] GC(1028) Old regions: 11->11
[24.092s][info ][gc,heap        ] GC(1028) Humongous regions: 0->0
[24.092s][info ][gc,metaspace   ] GC(1028) Metaspace: 10122K(10368K)->10122K(10368K) NonClass: 9159K(9344K)->9159K(9344K) Class: 963K(1024K)->963K(1024K)
[24.092s][info ][gc             ] GC(1028) Pause Young (Normal) (G1 Evacuation Pause) 256M->4M(424M) 0.637ms
[24.092s][info ][gc,cpu         ] GC(1028) User=0.00s Sys=0.00s Real=0.00s
[24.108s][info ][gc,start       ] GC(1029) Pause Young (Normal) (G1 Evacuation Pause)
[24.108s][info ][gc,task        ] GC(1029) Using 9 workers of 9 for evacuation
[24.108s][debug][gc,age         ] GC(1029) Desired survivor size 16777216 bytes, new threshold 15 (max threshold 15)
[24.108s][info ][gc,phases      ] GC(1029)   Pre Evacuate Collection Set: 0.10ms
[24.108s][info ][gc,phases      ] GC(1029)   Merge Heap Roots: 0.09ms
[24.108s][info ][gc,phases      ] GC(1029)   Evacuate Collection Set: 0.13ms
[24.108s][info ][gc,phases      ] GC(1029)   Post Evacuate Collection Set: 0.14ms
[24.108s][info ][gc,phases      ] GC(1029)   Other: 0.05ms
[24.108s][trace][gc,age         ] GC(1029) Age table:
[24.108s][trace][gc,age         ] GC(1029) - age   1:        192 bytes,        192 total
[24.108s][info ][gc,heap        ] GC(1029) Eden regions: 253->0(253)
[24.108s][info ][gc,heap        ] GC(1029) Survivor regions: 1->1(32)
[24.108s][info ][gc,heap        ] GC(1029) Old regions: 11->11
[24.108s][info ][gc,heap        ] GC(1029) Humongous regions: 0->0
[24.108s][info ][gc,metaspace   ] GC(1029) Metaspace: 10122K(10368K)->10122K(10368K) NonClass: 9159K(9344K)->9159K(9344K) Class: 963K(1024K)->963K(1024K)
[24.108s][info ][gc             ] GC(1029) Pause Young (Normal) (G1 Evacuation Pause) 256M->4M(424M) 0.623ms
[24.108s][info ][gc,cpu         ] GC(1029) User=0.00s Sys=0.00s Real=0.00s
[24.124s][info ][gc,start       ] GC(1030) Pause Young (Normal) (G1 Evacuation Pause)
[24.124s][info ][gc,task        ] GC(1030) Using 9 workers of 9 for evacuation
[24.124s][debug][gc,age         ] GC(1030) Desired survivor size 16777216 bytes, new threshold 15 (max threshold 15)
[24.125s][info ][gc,phases      ] GC(1030)   Pre Evacuate Collection Set: 0.09ms
[24.125s][info ][gc,phases      ] GC(1030)   Merge Heap Roots: 0.09ms
[24.125s][info ][gc,phases      ] GC(1030)   Evacuate Collection Set: 0.08ms
[24.125s][info ][gc,phases      ] GC(1030)   Post Evacuate Collection Set: 0.18ms
[24.125s][info ][gc,phases      ] GC(1030)   Other: 0.04ms
[24.125s][trace][gc,age         ] GC(1030) Age table:
[24.125s][trace][gc,age         ] GC(1030) - age   1:        192 bytes,        192 total
[24.125s][info ][gc,heap        ] GC(1030) Eden regions: 253->0(253)
[24.125s][info ][gc,heap        ] GC(1030) Survivor regions: 1->1(32)
[24.125s][info ][gc,heap        ] GC(1030) Old regions: 11->11
[24.125s][info ][gc,heap        ] GC(1030) Humongous regions: 0->0
[24.125s][info ][gc,metaspace   ] GC(1030) Metaspace: 10122K(10368K)->10122K(10368K) NonClass: 9159K(9344K)->9159K(9344K) Class: 963K(1024K)->963K(1024K)
[24.125s][info ][gc             ] GC(1030) Pause Young (Normal) (G1 Evacuation Pause) 256M->4M(424M) 0.581ms
[24.125s][info ][gc,cpu         ] GC(1030) User=0.00s Sys=0.00s Real=0.00s
[24.140s][info ][gc,start       ] GC(1031) Pause Young (Normal) (G1 Evacuation Pause)
[24.140s][info ][gc,task        ] GC(1031) Using 9 workers of 9 for evacuation
[24.140s][debug][gc,age         ] GC(1031) Desired survivor size 16777216 bytes, new threshold 15 (max threshold 15)
[24.141s][info ][gc,phases      ] GC(1031)   Pre Evacuate Collection Set: 0.10ms
[24.141s][info ][gc,phases      ] GC(1031)   Merge Heap Roots: 0.07ms
[24.141s][info ][gc,phases      ] GC(1031)   Evacuate Collection Set: 0.10ms
[24.141s][info ][gc,phases      ] GC(1031)   Post Evacuate Collection Set: 0.19ms
[24.141s][info ][gc,phases      ] GC(1031)   Other: 0.07ms
[24.141s][trace][gc,age         ] GC(1031) Age table:
[24.141s][trace][gc,age         ] GC(1031) - age   1:        192 bytes,        192 total
[24.141s][info ][gc,heap        ] GC(1031) Eden regions: 253->0(253)
[24.141s][info ][gc,heap        ] GC(1031) Survivor regions: 1->1(32)
[24.141s][info ][gc,heap        ] GC(1031) Old regions: 11->11
[24.141s][info ][gc,heap        ] GC(1031) Humongous regions: 0->0
[24.141s][info ][gc,metaspace   ] GC(1031) Metaspace: 10122K(10368K)->10122K(10368K) NonClass: 9159K(9344K)->9159K(9344K) Class: 963K(1024K)->963K(1024K)
[24.141s][info ][gc             ] GC(1031) Pause Young (Normal) (G1 Evacuation Pause) 256M->4M(424M) 0.632ms
[24.141s][info ][gc,cpu         ] GC(1031) User=0.00s Sys=0.00s Real=0.00s
[24.157s][info ][gc,start       ] GC(1032) Pause Young (Normal) (G1 Evacuation Pause)
[24.157s][info ][gc,task        ] GC(1032) Using 9 workers of 9 for evacuation
[24.157s][debug][gc,age         ] GC(1032) Desired survivor size 16777216 bytes, new threshold 15 (max threshold 15)
[24.157s][info ][gc,phases      ] GC(1032)   Pre Evacuate Collection Set: 0.13ms
[24.157s][info ][gc,phases      ] GC(1032)   Merge Heap Roots: 0.09ms
[24.157s][info ][gc,phases      ] GC(1032)   Evacuate Collection Set: 0.11ms
[24.157s][info ][gc,phases      ] GC(1032)   Post Evacuate Collection Set: 0.18ms
[24.157s][info ][gc,phases      ] GC(1032)   Other: 0.06ms
[24.157s][trace][gc,age         ] GC(1032) Age table:
[24.157s][trace][gc,age         ] GC(1032) - age   1:        192 bytes,        192 total
[24.157s][info ][gc,heap        ] GC(1032) Eden regions: 253->0(253)
[24.157s][info ][gc,heap        ] GC(1032) Survivor regions: 1->1(32)
[24.157s][info ][gc,heap        ] GC(1032) Old regions: 11->11
[24.157s][info ][gc,heap        ] GC(1032) Humongous regions: 0->0
[24.157s][info ][gc,metaspace   ] GC(1032) Metaspace: 10122K(10368K)->10122K(10368K) NonClass: 9159K(9344K)->9159K(9344K) Class: 963K(1024K)->963K(1024K)
[24.157s][info ][gc             ] GC(1032) Pause Young (Normal) (G1 Evacuation Pause) 256M->4M(424M) 0.646ms
[24.157s][info ][gc,cpu         ] GC(1032) User=0.01s Sys=0.00s Real=0.00s
[24.173s][info ][gc,start       ] GC(1033) Pause Young (Normal) (G1 Evacuation Pause)
[24.173s][info ][gc,task        ] GC(1033) Using 9 workers of 9 for evacuation
[24.173s][debug][gc,age         ] GC(1033) Desired survivor size 16777216 bytes, new threshold 15 (max threshold 15)
[24.174s][info ][gc,phases      ] GC(1033)   Pre Evacuate Collection Set: 0.10ms
[24.174s][info ][gc,phases      ] GC(1033)   Merge Heap Roots: 0.07ms
[24.174s][info ][gc,phases      ] GC(1033)   Evacuate Collection Set: 0.12ms
[24.174s][info ][gc,phases      ] GC(1033)   Post Evacuate Collection Set: 0.18ms
[24.174s][info ][gc,phases      ] GC(1033)   Other: 0.05ms
[24.174s][trace][gc,age         ] GC(1033) Age table:
[24.174s][trace][gc,age         ] GC(1033) - age   1:        192 bytes,        192 total
[24.174s][info ][gc,heap        ] GC(1033) Eden regions: 253->0(253)
[24.174s][info ][gc,heap        ] GC(1033) Survivor regions: 1->1(32)
[24.174s][info ][gc,heap        ] GC(1033) Old regions: 11->11
[24.174s][info ][gc,heap        ] GC(1033) Humongous regions: 0->0
[24.174s][info ][gc,metaspace   ] GC(1033) Metaspace: 10122K(10368K)->10122K(10368K) NonClass: 9159K(9344K)->9159K(9344K) Class: 963K(1024K)->963K(1024K)
[24.174s][info ][gc             ] GC(1033) Pause Young (Normal) (G1 Evacuation Pause) 256M->4M(424M) 0.615ms
[24.174s][info ][gc,cpu         ] GC(1033) User=0.00s Sys=0.00s Real=0.00s
[24.189s][info ][gc,start       ] GC(1034) Pause Young (Normal) (G1 Evacuation Pause)
[24.189s][info ][gc,task        ] GC(1034) Using 9 workers of 9 for evacuation
[24.189s][debug][gc,age         ] GC(1034) Desired survivor size 16777216 bytes, new threshold 15 (max threshold 15)
[24.190s][info ][gc,phases      ] GC(1034)   Pre Evacuate Collection Set: 0.09ms
[24.190s][info ][gc,phases      ] GC(1034)   Merge Heap Roots: 0.05ms
[24.190s][info ][gc,phases      ] GC(1034)   Evacuate Collection Set: 0.09ms
[24.190s][info ][gc,phases      ] GC(1034)   Post Evacuate Collection Set: 0.14ms
[24.190s][info ][gc,phases      ] GC(1034)   Other: 0.05ms
[24.190s][trace][gc,age         ] GC(1034) Age table:
[24.190s][trace][gc,age         ] GC(1034) - age   1:        192 bytes,        192 total
[24.190s][info ][gc,heap        ] GC(1034) Eden regions: 253->0(253)
[24.190s][info ][gc,heap        ] GC(1034) Survivor regions: 1->1(32)
[24.190s][info ][gc,heap        ] GC(1034) Old regions: 11->11
[24.190s][info ][gc,heap        ] GC(1034) Humongous regions: 0->0
[24.190s][info ][gc,metaspace   ] GC(1034) Metaspace: 10122K(10368K)->10122K(10368K) NonClass: 9159K(9344K)->9159K(9344K) Class: 963K(1024K)->963K(1024K)
[24.190s][info ][gc             ] GC(1034) Pause Young (Normal) (G1 Evacuation Pause) 256M->4M(424M) 0.511ms
[24.190s][info ][gc,cpu         ] GC(1034) User=0.00s Sys=0.00s Real=0.00s
[24.206s][info ][gc,start       ] GC(1035) Pause Young (Normal) (G1 Evacuation Pause)
[24.206s][info ][gc,task        ] GC(1035) Using 9 workers of 9 for evacuation
[24.206s][debug][gc,age         ] GC(1035) Desired survivor size 16777216 bytes, new threshold 15 (max threshold 15)
[24.206s][info ][gc,phases      ] GC(1035)   Pre Evacuate Collection Set: 0.07ms
[24.206s][info ][gc,phases      ] GC(1035)   Merge Heap Roots: 0.06ms
[24.206s][info ][gc,phases      ] GC(1035)   Evacuate Collection Set: 0.11ms
[24.206s][info ][gc,phases      ] GC(1035)   Post Evacuate Collection Set: 0.22ms
[24.206s][info ][gc,phases      ] GC(1035)   Other: 0.05ms
[24.206s][trace][gc,age         ] GC(1035) Age table:
[24.206s][trace][gc,age         ] GC(1035) - age   1:        192 bytes,        192 total
[24.206s][info ][gc,heap        ] GC(1035) Eden regions: 253->0(253)
[24.206s][info ][gc,heap        ] GC(1035) Survivor regions: 1->1(32)
[24.206s][info ][gc,heap        ] GC(1035) Old regions: 11->11
[24.206s][info ][gc,heap        ] GC(1035) Humongous regions: 0->0
[24.206s][info ][gc,metaspace   ] GC(1035) Metaspace: 10122K(10368K)->10122K(10368K) NonClass: 9159K(9344K)->9159K(9344K) Class: 963K(1024K)->963K(1024K)
[24.206s][info ][gc             ] GC(1035) Pause Young (Normal) (G1 Evacuation Pause) 256M->4M(424M) 0.589ms
[24.206s][info ][gc,cpu         ] GC(1035) User=0.01s Sys=0.00s Real=0.00s
[24.221s][info ][gc,start       ] GC(1036) Pause Young (Normal) (G1 Evacuation Pause)
[24.221s][info ][gc,task        ] GC(1036) Using 9 workers of 9 for evacuation
[24.221s][debug][gc,age         ] GC(1036) Desired survivor size 16777216 bytes, new threshold 15 (max threshold 15)
[24.222s][info ][gc,phases      ] GC(1036)   Pre Evacuate Collection Set: 0.09ms
[24.222s][info ][gc,phases      ] GC(1036)   Merge Heap Roots: 0.06ms
[24.222s][info ][gc,phases      ] GC(1036)   Evacuate Collection Set: 0.10ms
[24.222s][info ][gc,phases      ] GC(1036)   Post Evacuate Collection Set: 0.18ms
[24.222s][info ][gc,phases      ] GC(1036)   Other: 0.06ms
[24.222s][trace][gc,age         ] GC(1036) Age table:
[24.222s][trace][gc,age         ] GC(1036) - age   1:        192 bytes,        192 total
[24.222s][info ][gc,heap        ] GC(1036) Eden regions: 253->0(253)
[24.222s][info ][gc,heap        ] GC(1036) Survivor regions: 1->1(32)
[24.222s][info ][gc,heap        ] GC(1036) Old regions: 11->11
[24.222s][info ][gc,heap        ] GC(1036) Humongous regions: 0->0
[24.222s][info ][gc,metaspace   ] GC(1036) Metaspace: 10122K(10368K)->10122K(10368K) NonClass: 9159K(9344K)->9159K(9344K) Class: 963K(1024K)->963K(1024K)
[24.222s][info ][gc             ] GC(1036) Pause Young (Normal) (G1 Evacuation Pause) 256M->4M(424M) 0.596ms
[24.222s][info ][gc,cpu         ] GC(1036) User=0.00s Sys=0.00s Real=0.00s
[24.238s][info ][gc,start       ] GC(1037) Pause Young (Normal) (G1 Evacuation Pause)
[24.238s][info ][gc,task        ] GC(1037) Using 9 workers of 9 for evacuation
[24.238s][debug][gc,age         ] GC(1037) Desired survivor size 16777216 bytes, new threshold 15 (max threshold 15)
[24.238s][info ][gc,phases      ] GC(1037)   Pre Evacuate Collection Set: 0.07ms
[24.238s][info ][gc,phases      ] GC(1037)   Merge Heap Roots: 0.09ms
[24.238s][info ][gc,phases      ] GC(1037)   Evacuate Collection Set: 0.09ms
[24.238s][info ][gc,phases      ] GC(1037)   Post Evacuate Collection Set: 0.15ms
[24.238s][info ][gc,phases      ] GC(1037)   Other: 0.06ms
[24.238s][trace][gc,age         ] GC(1037) Age table:
[24.238s][trace][gc,age         ] GC(1037) - age   1:        192 bytes,        192 total
[24.238s][info ][gc,heap        ] GC(1037) Eden regions: 253->0(253)
[24.238s][info ][gc,heap        ] GC(1037) Survivor regions: 1->1(32)
[24.238s][info ][gc,heap        ] GC(1037) Old regions: 11->11
[24.238s][info ][gc,heap        ] GC(1037) Humongous regions: 0->0
[24.238s][info ][gc,metaspace   ] GC(1037) Metaspace: 10122K(10368K)->10122K(10368K) NonClass: 9159K(9344K)->9159K(9344K) Class: 963K(1024K)->963K(1024K)
[24.238s][info ][gc             ] GC(1037) Pause Young (Normal) (G1 Evacuation Pause) 256M->4M(424M) 0.573ms
[24.238s][info ][gc,cpu         ] GC(1037) User=0.00s Sys=0.00s Real=0.00s
[24.254s][info ][gc,start       ] GC(1038) Pause Young (Normal) (G1 Evacuation Pause)
[24.254s][info ][gc,task        ] GC(1038) Using 9 workers of 9 for evacuation
[24.254s][debug][gc,age         ] GC(1038) Desired survivor size 16777216 bytes, new threshold 15 (max threshold 15)
[24.255s][info ][gc,phases      ] GC(1038)   Pre Evacuate Collection Set: 0.14ms
[24.255s][info ][gc,phases      ] GC(1038)   Merge Heap Roots: 0.08ms
[24.255s][info ][gc,phases      ] GC(1038)   Evacuate Collection Set: 0.15ms
[24.255s][info ][gc,phases      ] GC(1038)   Post Evacuate Collection Set: 0.18ms
[24.255s][info ][gc,phases      ] GC(1038)   Other: 0.08ms
[24.255s][trace][gc,age         ] GC(1038) Age table:
[24.255s][trace][gc,age         ] GC(1038) - age   1:        192 bytes,        192 total
[24.255s][info ][gc,heap        ] GC(1038) Eden regions: 253->0(253)
[24.255s][info ][gc,heap        ] GC(1038) Survivor regions: 1->1(32)
[24.255s][info ][gc,heap        ] GC(1038) Old regions: 11->11
[24.255s][info ][gc,heap        ] GC(1038) Humongous regions: 0->0
[24.255s][info ][gc,metaspace   ] GC(1038) Metaspace: 10122K(10368K)->10122K(10368K) NonClass: 9159K(9344K)->9159K(9344K) Class: 963K(1024K)->963K(1024K)
[24.255s][info ][gc             ] GC(1038) Pause Young (Normal) (G1 Evacuation Pause) 256M->4M(424M) 0.730ms
[24.255s][info ][gc,cpu         ] GC(1038) User=0.00s Sys=0.00s Real=0.00s
[24.271s][info ][gc,start       ] GC(1039) Pause Young (Normal) (G1 Evacuation Pause)
[24.271s][info ][gc,task        ] GC(1039) Using 9 workers of 9 for evacuation
[24.271s][debug][gc,age         ] GC(1039) Desired survivor size 16777216 bytes, new threshold 15 (max threshold 15)
[24.272s][info ][gc,phases      ] GC(1039)   Pre Evacuate Collection Set: 0.10ms
[24.272s][info ][gc,phases      ] GC(1039)   Merge Heap Roots: 0.09ms
[24.272s][info ][gc,phases      ] GC(1039)   Evacuate Collection Set: 0.12ms
[24.272s][info ][gc,phases      ] GC(1039)   Post Evacuate Collection Set: 0.18ms
[24.272s][info ][gc,phases      ] GC(1039)   Other: 0.05ms
[24.272s][trace][gc,age         ] GC(1039) Age table:
[24.272s][trace][gc,age         ] GC(1039) - age   1:        192 bytes,        192 total
[24.272s][info ][gc,heap        ] GC(1039) Eden regions: 253->0(253)
[24.272s][info ][gc,heap        ] GC(1039) Survivor regions: 1->1(32)
[24.272s][info ][gc,heap        ] GC(1039) Old regions: 11->11
[24.272s][info ][gc,heap        ] GC(1039) Humongous regions: 0->0
[24.272s][info ][gc,metaspace   ] GC(1039) Metaspace: 10122K(10368K)->10122K(10368K) NonClass: 9159K(9344K)->9159K(9344K) Class: 963K(1024K)->963K(1024K)
[24.272s][info ][gc             ] GC(1039) Pause Young (Normal) (G1 Evacuation Pause) 256M->4M(424M) 0.694ms
[24.272s][info ][gc,cpu         ] GC(1039) User=0.00s Sys=0.00s Real=0.00s
[24.289s][info ][gc,start       ] GC(1040) Pause Young (Normal) (G1 Evacuation Pause)
[24.289s][info ][gc,task        ] GC(1040) Using 9 workers of 9 for evacuation
[24.289s][debug][gc,age         ] GC(1040) Desired survivor size 16777216 bytes, new threshold 15 (max threshold 15)
[24.290s][info ][gc,phases      ] GC(1040)   Pre Evacuate Collection Set: 0.08ms
[24.290s][info ][gc,phases      ] GC(1040)   Merge Heap Roots: 0.06ms
[24.290s][info ][gc,phases      ] GC(1040)   Evacuate Collection Set: 0.16ms
[24.290s][info ][gc,phases      ] GC(1040)   Post Evacuate Collection Set: 0.22ms
[24.290s][info ][gc,phases      ] GC(1040)   Other: 0.08ms
[24.290s][trace][gc,age         ] GC(1040) Age table:
[24.290s][trace][gc,age         ] GC(1040) - age   1:        192 bytes,        192 total
[24.290s][info ][gc,heap        ] GC(1040) Eden regions: 253->0(253)
[24.290s][info ][gc,heap        ] GC(1040) Survivor regions: 1->1(32)
[24.290s][info ][gc,heap        ] GC(1040) Old regions: 11->11
[24.290s][info ][gc,heap        ] GC(1040) Humongous regions: 0->0
[24.290s][info ][gc,metaspace   ] GC(1040) Metaspace: 10122K(10368K)->10122K(10368K) NonClass: 9159K(9344K)->9159K(9344K) Class: 963K(1024K)->963K(1024K)
[24.290s][info ][gc             ] GC(1040) Pause Young (Normal) (G1 Evacuation Pause) 256M->4M(424M) 0.692ms
[24.290s][info ][gc,cpu         ] GC(1040) User=0.00s Sys=0.00s Real=0.00s
[24.306s][info ][gc,start       ] GC(1041) Pause Young (Normal) (G1 Evacuation Pause)
[24.306s][info ][gc,task        ] GC(1041) Using 9 workers of 9 for evacuation
[24.306s][debug][gc,age         ] GC(1041) Desired survivor size 16777216 bytes, new threshold 15 (max threshold 15)
[24.307s][info ][gc,phases      ] GC(1041)   Pre Evacuate Collection Set: 0.09ms
[24.307s][info ][gc,phases      ] GC(1041)   Merge Heap Roots: 0.09ms
[24.307s][info ][gc,phases      ] GC(1041)   Evacuate Collection Set: 0.11ms
[24.307s][info ][gc,phases      ] GC(1041)   Post Evacuate Collection Set: 0.17ms
[24.307s][info ][gc,phases      ] GC(1041)   Other: 0.06ms
[24.307s][trace][gc,age         ] GC(1041) Age table:
[24.307s][trace][gc,age         ] GC(1041) - age   1:        192 bytes,        192 total
[24.307s][info ][gc,heap        ] GC(1041) Eden regions: 253->0(253)
[24.307s][info ][gc,heap        ] GC(1041) Survivor regions: 1->1(32)
[24.307s][info ][gc,heap        ] GC(1041) Old regions: 11->11
[24.307s][info ][gc,heap        ] GC(1041) Humongous regions: 0->0
[24.307s][info ][gc,metaspace   ] GC(1041) Metaspace: 10122K(10368K)->10122K(10368K) NonClass: 9159K(9344K)->9159K(9344K) Class: 963K(1024K)->963K(1024K)
[24.307s][info ][gc             ] GC(1041) Pause Young (Normal) (G1 Evacuation Pause) 256M->4M(424M) 0.617ms
[24.307s][info ][gc,cpu         ] GC(1041) User=0.00s Sys=0.00s Real=0.00s
[24.322s][info ][gc,start       ] GC(1042) Pause Young (Normal) (G1 Evacuation Pause)
[24.322s][info ][gc,task        ] GC(1042) Using 9 workers of 9 for evacuation
[24.322s][debug][gc,age         ] GC(1042) Desired survivor size 16777216 bytes, new threshold 15 (max threshold 15)
[24.323s][info ][gc,phases      ] GC(1042)   Pre Evacuate Collection Set: 0.08ms
[24.323s][info ][gc,phases      ] GC(1042)   Merge Heap Roots: 0.07ms
[24.323s][info ][gc,phases      ] GC(1042)   Evacuate Collection Set: 0.10ms
[24.323s][info ][gc,phases      ] GC(1042)   Post Evacuate Collection Set: 0.18ms
[24.323s][info ][gc,phases      ] GC(1042)   Other: 0.05ms
[24.323s][trace][gc,age         ] GC(1042) Age table:
[24.323s][trace][gc,age         ] GC(1042) - age   1:        192 bytes,        192 total
[24.323s][info ][gc,heap        ] GC(1042) Eden regions: 253->0(253)
[24.323s][info ][gc,heap        ] GC(1042) Survivor regions: 1->1(32)
[24.323s][info ][gc,heap        ] GC(1042) Old regions: 11->11
[24.323s][info ][gc,heap        ] GC(1042) Humongous regions: 0->0
[24.323s][info ][gc,metaspace   ] GC(1042) Metaspace: 10122K(10368K)->10122K(10368K) NonClass: 9159K(9344K)->9159K(9344K) Class: 963K(1024K)->963K(1024K)
[24.323s][info ][gc             ] GC(1042) Pause Young (Normal) (G1 Evacuation Pause) 256M->4M(424M) 0.578ms
[24.323s][info ][gc,cpu         ] GC(1042) User=0.00s Sys=0.00s Real=0.00s
[24.338s][info ][gc,start       ] GC(1043) Pause Young (Normal) (G1 Evacuation Pause)
[24.338s][info ][gc,task        ] GC(1043) Using 9 workers of 9 for evacuation
[24.338s][debug][gc,age         ] GC(1043) Desired survivor size 16777216 bytes, new threshold 15 (max threshold 15)
[24.339s][info ][gc,phases      ] GC(1043)   Pre Evacuate Collection Set: 0.09ms
[24.339s][info ][gc,phases      ] GC(1043)   Merge Heap Roots: 0.08ms
[24.339s][info ][gc,phases      ] GC(1043)   Evacuate Collection Set: 0.09ms
[24.339s][info ][gc,phases      ] GC(1043)   Post Evacuate Collection Set: 0.17ms
[24.339s][info ][gc,phases      ] GC(1043)   Other: 0.06ms
[24.339s][trace][gc,age         ] GC(1043) Age table:
[24.339s][trace][gc,age         ] GC(1043) - age   1:        192 bytes,        192 total
[24.339s][info ][gc,heap        ] GC(1043) Eden regions: 253->0(253)
[24.339s][info ][gc,heap        ] GC(1043) Survivor regions: 1->1(32)
[24.339s][info ][gc,heap        ] GC(1043) Old regions: 11->11
[24.339s][info ][gc,heap        ] GC(1043) Humongous regions: 0->0
[24.339s][info ][gc,metaspace   ] GC(1043) Metaspace: 10122K(10368K)->10122K(10368K) NonClass: 9159K(9344K)->9159K(9344K) Class: 963K(1024K)->963K(1024K)
[24.339s][info ][gc             ] GC(1043) Pause Young (Normal) (G1 Evacuation Pause) 256M->4M(424M) 0.573ms
[24.339s][info ][gc,cpu         ] GC(1043) User=0.00s Sys=0.00s Real=0.00s
[24.355s][info ][gc,start       ] GC(1044) Pause Young (Normal) (G1 Evacuation Pause)
[24.355s][info ][gc,task        ] GC(1044) Using 9 workers of 9 for evacuation
[24.355s][debug][gc,age         ] GC(1044) Desired survivor size 16777216 bytes, new threshold 15 (max threshold 15)
[24.355s][info ][gc,phases      ] GC(1044)   Pre Evacuate Collection Set: 0.08ms
[24.355s][info ][gc,phases      ] GC(1044)   Merge Heap Roots: 0.11ms
[24.355s][info ][gc,phases      ] GC(1044)   Evacuate Collection Set: 0.10ms
[24.355s][info ][gc,phases      ] GC(1044)   Post Evacuate Collection Set: 0.17ms
[24.355s][info ][gc,phases      ] GC(1044)   Other: 0.06ms
[24.355s][trace][gc,age         ] GC(1044) Age table:
[24.355s][trace][gc,age         ] GC(1044) - age   1:        192 bytes,        192 total
[24.355s][info ][gc,heap        ] GC(1044) Eden regions: 253->0(253)
[24.355s][info ][gc,heap        ] GC(1044) Survivor regions: 1->1(32)
[24.355s][info ][gc,heap        ] GC(1044) Old regions: 11->11
[24.355s][info ][gc,heap        ] GC(1044) Humongous regions: 0->0
[24.355s][info ][gc,metaspace   ] GC(1044) Metaspace: 10122K(10368K)->10122K(10368K) NonClass: 9159K(9344K)->9159K(9344K) Class: 963K(1024K)->963K(1024K)
[24.355s][info ][gc             ] GC(1044) Pause Young (Normal) (G1 Evacuation Pause) 256M->4M(424M) 0.615ms
[24.355s][info ][gc,cpu         ] GC(1044) User=0.00s Sys=0.01s Real=0.01s
[24.371s][info ][gc,start       ] GC(1045) Pause Young (Normal) (G1 Evacuation Pause)
[24.371s][info ][gc,task        ] GC(1045) Using 9 workers of 9 for evacuation
[24.371s][debug][gc,age         ] GC(1045) Desired survivor size 16777216 bytes, new threshold 15 (max threshold 15)
[24.371s][info ][gc,phases      ] GC(1045)   Pre Evacuate Collection Set: 0.07ms
[24.372s][info ][gc,phases      ] GC(1045)   Merge Heap Roots: 0.06ms
[24.372s][info ][gc,phases      ] GC(1045)   Evacuate Collection Set: 0.12ms
[24.372s][info ][gc,phases      ] GC(1045)   Post Evacuate Collection Set: 0.16ms
[24.372s][info ][gc,phases      ] GC(1045)   Other: 0.05ms
[24.372s][trace][gc,age         ] GC(1045) Age table:
[24.372s][trace][gc,age         ] GC(1045) - age   1:        192 bytes,        192 total
[24.372s][info ][gc,heap        ] GC(1045) Eden regions: 253->0(253)
[24.372s][info ][gc,heap        ] GC(1045) Survivor regions: 1->1(32)
[24.372s][info ][gc,heap        ] GC(1045) Old regions: 11->11
[24.372s][info ][gc,heap        ] GC(1045) Humongous regions: 0->0
[24.372s][info ][gc,metaspace   ] GC(1045) Metaspace: 10122K(10368K)->10122K(10368K) NonClass: 9159K(9344K)->9159K(9344K) Class: 963K(1024K)->963K(1024K)
[24.372s][info ][gc             ] GC(1045) Pause Young (Normal) (G1 Evacuation Pause) 256M->4M(424M) 0.548ms
[24.372s][info ][gc,cpu         ] GC(1045) User=0.00s Sys=0.00s Real=0.00s
[24.387s][info ][gc,start       ] GC(1046) Pause Young (Normal) (G1 Evacuation Pause)
[24.387s][info ][gc,task        ] GC(1046) Using 9 workers of 9 for evacuation
[24.387s][debug][gc,age         ] GC(1046) Desired survivor size 16777216 bytes, new threshold 15 (max threshold 15)
[24.388s][info ][gc,phases      ] GC(1046)   Pre Evacuate Collection Set: 0.09ms
[24.388s][info ][gc,phases      ] GC(1046)   Merge Heap Roots: 0.11ms
[24.388s][info ][gc,phases      ] GC(1046)   Evacuate Collection Set: 0.12ms
[24.388s][info ][gc,phases      ] GC(1046)   Post Evacuate Collection Set: 0.17ms
[24.388s][info ][gc,phases      ] GC(1046)   Other: 0.04ms
[24.388s][trace][gc,age         ] GC(1046) Age table:
[24.388s][trace][gc,age         ] GC(1046) - age   1:        192 bytes,        192 total
[24.388s][info ][gc,heap        ] GC(1046) Eden regions: 253->0(253)
[24.388s][info ][gc,heap        ] GC(1046) Survivor regions: 1->1(32)
[24.388s][info ][gc,heap        ] GC(1046) Old regions: 11->11
[24.388s][info ][gc,heap        ] GC(1046) Humongous regions: 0->0
[24.388s][info ][gc,metaspace   ] GC(1046) Metaspace: 10122K(10368K)->10122K(10368K) NonClass: 9159K(9344K)->9159K(9344K) Class: 963K(1024K)->963K(1024K)
[24.388s][info ][gc             ] GC(1046) Pause Young (Normal) (G1 Evacuation Pause) 256M->4M(424M) 0.630ms
[24.388s][info ][gc,cpu         ] GC(1046) User=0.00s Sys=0.00s Real=0.00s
[24.403s][info ][gc,start       ] GC(1047) Pause Young (Normal) (G1 Evacuation Pause)
[24.404s][info ][gc,task        ] GC(1047) Using 9 workers of 9 for evacuation
[24.404s][debug][gc,age         ] GC(1047) Desired survivor size 16777216 bytes, new threshold 15 (max threshold 15)
[24.404s][info ][gc,phases      ] GC(1047)   Pre Evacuate Collection Set: 0.08ms
[24.404s][info ][gc,phases      ] GC(1047)   Merge Heap Roots: 0.06ms
[24.404s][info ][gc,phases      ] GC(1047)   Evacuate Collection Set: 0.12ms
[24.404s][info ][gc,phases      ] GC(1047)   Post Evacuate Collection Set: 0.19ms
[24.404s][info ][gc,phases      ] GC(1047)   Other: 0.06ms
[24.404s][trace][gc,age         ] GC(1047) Age table:
[24.404s][trace][gc,age         ] GC(1047) - age   1:        192 bytes,        192 total
[24.404s][info ][gc,heap        ] GC(1047) Eden regions: 253->0(253)
[24.404s][info ][gc,heap        ] GC(1047) Survivor regions: 1->1(32)
[24.404s][info ][gc,heap        ] GC(1047) Old regions: 11->11
[24.404s][info ][gc,heap        ] GC(1047) Humongous regions: 0->0
[24.404s][info ][gc,metaspace   ] GC(1047) Metaspace: 10122K(10368K)->10122K(10368K) NonClass: 9159K(9344K)->9159K(9344K) Class: 963K(1024K)->963K(1024K)
[24.404s][info ][gc             ] GC(1047) Pause Young (Normal) (G1 Evacuation Pause) 256M->4M(424M) 0.595ms
[24.404s][info ][gc,cpu         ] GC(1047) User=0.00s Sys=0.00s Real=0.00s
[24.420s][info ][gc,start       ] GC(1048) Pause Young (Normal) (G1 Evacuation Pause)
[24.420s][info ][gc,task        ] GC(1048) Using 9 workers of 9 for evacuation
[24.420s][debug][gc,age         ] GC(1048) Desired survivor size 16777216 bytes, new threshold 15 (max threshold 15)
[24.420s][info ][gc,phases      ] GC(1048)   Pre Evacuate Collection Set: 0.08ms
[24.420s][info ][gc,phases      ] GC(1048)   Merge Heap Roots: 0.09ms
[24.420s][info ][gc,phases      ] GC(1048)   Evacuate Collection Set: 0.08ms
[24.420s][info ][gc,phases      ] GC(1048)   Post Evacuate Collection Set: 0.18ms
[24.420s][info ][gc,phases      ] GC(1048)   Other: 0.05ms
[24.420s][trace][gc,age         ] GC(1048) Age table:
[24.420s][trace][gc,age         ] GC(1048) - age   1:        192 bytes,        192 total
[24.420s][info ][gc,heap        ] GC(1048) Eden regions: 253->0(253)
[24.420s][info ][gc,heap        ] GC(1048) Survivor regions: 1->1(32)
[24.420s][info ][gc,heap        ] GC(1048) Old regions: 11->11
[24.420s][info ][gc,heap        ] GC(1048) Humongous regions: 0->0
[24.420s][info ][gc,metaspace   ] GC(1048) Metaspace: 10122K(10368K)->10122K(10368K) NonClass: 9159K(9344K)->9159K(9344K) Class: 963K(1024K)->963K(1024K)
[24.420s][info ][gc             ] GC(1048) Pause Young (Normal) (G1 Evacuation Pause) 256M->4M(424M) 0.575ms
[24.420s][info ][gc,cpu         ] GC(1048) User=0.00s Sys=0.00s Real=0.00s
[24.436s][info ][gc,start       ] GC(1049) Pause Young (Normal) (G1 Evacuation Pause)
[24.436s][info ][gc,task        ] GC(1049) Using 9 workers of 9 for evacuation
[24.436s][debug][gc,age         ] GC(1049) Desired survivor size 16777216 bytes, new threshold 15 (max threshold 15)
[24.437s][info ][gc,phases      ] GC(1049)   Pre Evacuate Collection Set: 0.07ms
[24.437s][info ][gc,phases      ] GC(1049)   Merge Heap Roots: 0.06ms
[24.437s][info ][gc,phases      ] GC(1049)   Evacuate Collection Set: 0.11ms
[24.437s][info ][gc,phases      ] GC(1049)   Post Evacuate Collection Set: 0.18ms
[24.437s][info ][gc,phases      ] GC(1049)   Other: 0.05ms
[24.437s][trace][gc,age         ] GC(1049) Age table:
[24.437s][trace][gc,age         ] GC(1049) - age   1:        192 bytes,        192 total
[24.437s][info ][gc,heap        ] GC(1049) Eden regions: 253->0(253)
[24.437s][info ][gc,heap        ] GC(1049) Survivor regions: 1->1(32)
[24.437s][info ][gc,heap        ] GC(1049) Old regions: 11->11
[24.437s][info ][gc,heap        ] GC(1049) Humongous regions: 0->0
[24.437s][info ][gc,metaspace   ] GC(1049) Metaspace: 10122K(10368K)->10122K(10368K) NonClass: 9159K(9344K)->9159K(9344K) Class: 963K(1024K)->963K(1024K)
[24.437s][info ][gc             ] GC(1049) Pause Young (Normal) (G1 Evacuation Pause) 256M->4M(424M) 0.562ms
[24.437s][info ][gc,cpu         ] GC(1049) User=0.00s Sys=0.00s Real=0.00s
[24.452s][info ][gc,start       ] GC(1050) Pause Young (Normal) (G1 Evacuation Pause)
[24.452s][info ][gc,task        ] GC(1050) Using 9 workers of 9 for evacuation
[24.452s][debug][gc,age         ] GC(1050) Desired survivor size 16777216 bytes, new threshold 15 (max threshold 15)
[24.453s][info ][gc,phases      ] GC(1050)   Pre Evacuate Collection Set: 0.07ms
[24.453s][info ][gc,phases      ] GC(1050)   Merge Heap Roots: 0.06ms
[24.453s][info ][gc,phases      ] GC(1050)   Evacuate Collection Set: 0.13ms
[24.453s][info ][gc,phases      ] GC(1050)   Post Evacuate Collection Set: 0.17ms
[24.453s][info ][gc,phases      ] GC(1050)   Other: 0.05ms
[24.453s][trace][gc,age         ] GC(1050) Age table:
[24.453s][trace][gc,age         ] GC(1050) - age   1:        192 bytes,        192 total
[24.453s][info ][gc,heap        ] GC(1050) Eden regions: 253->0(253)
[24.453s][info ][gc,heap        ] GC(1050) Survivor regions: 1->1(32)
[24.453s][info ][gc,heap        ] GC(1050) Old regions: 11->11
[24.453s][info ][gc,heap        ] GC(1050) Humongous regions: 0->0
[24.453s][info ][gc,metaspace   ] GC(1050) Metaspace: 10122K(10368K)->10122K(10368K) NonClass: 9159K(9344K)->9159K(9344K) Class: 963K(1024K)->963K(1024K)
[24.453s][info ][gc             ] GC(1050) Pause Young (Normal) (G1 Evacuation Pause) 256M->4M(424M) 0.577ms
[24.453s][info ][gc,cpu         ] GC(1050) User=0.00s Sys=0.00s Real=0.00s
[24.468s][info ][gc,start       ] GC(1051) Pause Young (Normal) (G1 Evacuation Pause)
[24.468s][info ][gc,task        ] GC(1051) Using 9 workers of 9 for evacuation
[24.468s][debug][gc,age         ] GC(1051) Desired survivor size 16777216 bytes, new threshold 15 (max threshold 15)
[24.469s][info ][gc,phases      ] GC(1051)   Pre Evacuate Collection Set: 0.09ms
[24.469s][info ][gc,phases      ] GC(1051)   Merge Heap Roots: 0.10ms
[24.469s][info ][gc,phases      ] GC(1051)   Evacuate Collection Set: 0.09ms
[24.469s][info ][gc,phases      ] GC(1051)   Post Evacuate Collection Set: 0.18ms
[24.469s][info ][gc,phases      ] GC(1051)   Other: 0.04ms
[24.469s][trace][gc,age         ] GC(1051) Age table:
[24.469s][trace][gc,age         ] GC(1051) - age   1:        192 bytes,        192 total
[24.469s][info ][gc,heap        ] GC(1051) Eden regions: 253->0(253)
[24.469s][info ][gc,heap        ] GC(1051) Survivor regions: 1->1(32)
[24.469s][info ][gc,heap        ] GC(1051) Old regions: 11->11
[24.469s][info ][gc,heap        ] GC(1051) Humongous regions: 0->0
[24.469s][info ][gc,metaspace   ] GC(1051) Metaspace: 10122K(10368K)->10122K(10368K) NonClass: 9159K(9344K)->9159K(9344K) Class: 963K(1024K)->963K(1024K)
[24.469s][info ][gc             ] GC(1051) Pause Young (Normal) (G1 Evacuation Pause) 256M->4M(424M) 0.587ms
[24.469s][info ][gc,cpu         ] GC(1051) User=0.00s Sys=0.00s Real=0.00s
[24.484s][info ][gc,start       ] GC(1052) Pause Young (Normal) (G1 Evacuation Pause)
[24.484s][info ][gc,task        ] GC(1052) Using 9 workers of 9 for evacuation
[24.484s][debug][gc,age         ] GC(1052) Desired survivor size 16777216 bytes, new threshold 15 (max threshold 15)
[24.485s][info ][gc,phases      ] GC(1052)   Pre Evacuate Collection Set: 0.07ms
[24.485s][info ][gc,phases      ] GC(1052)   Merge Heap Roots: 0.07ms
[24.485s][info ][gc,phases      ] GC(1052)   Evacuate Collection Set: 0.10ms
[24.485s][info ][gc,phases      ] GC(1052)   Post Evacuate Collection Set: 0.20ms
[24.485s][info ][gc,phases      ] GC(1052)   Other: 0.07ms
[24.485s][trace][gc,age         ] GC(1052) Age table:
[24.485s][trace][gc,age         ] GC(1052) - age   1:        192 bytes,        192 total
[24.485s][info ][gc,heap        ] GC(1052) Eden regions: 253->0(253)
[24.485s][info ][gc,heap        ] GC(1052) Survivor regions: 1->1(32)
[24.485s][info ][gc,heap        ] GC(1052) Old regions: 11->11
[24.485s][info ][gc,heap        ] GC(1052) Humongous regions: 0->0
[24.485s][info ][gc,metaspace   ] GC(1052) Metaspace: 10122K(10368K)->10122K(10368K) NonClass: 9159K(9344K)->9159K(9344K) Class: 963K(1024K)->963K(1024K)
[24.485s][info ][gc             ] GC(1052) Pause Young (Normal) (G1 Evacuation Pause) 256M->4M(424M) 0.616ms
[24.485s][info ][gc,cpu         ] GC(1052) User=0.01s Sys=0.01s Real=0.00s
[24.500s][info ][gc,start       ] GC(1053) Pause Young (Normal) (G1 Evacuation Pause)
[24.500s][info ][gc,task        ] GC(1053) Using 9 workers of 9 for evacuation
[24.500s][debug][gc,age         ] GC(1053) Desired survivor size 16777216 bytes, new threshold 15 (max threshold 15)
[24.501s][info ][gc,phases      ] GC(1053)   Pre Evacuate Collection Set: 0.10ms
[24.501s][info ][gc,phases      ] GC(1053)   Merge Heap Roots: 0.07ms
[24.501s][info ][gc,phases      ] GC(1053)   Evacuate Collection Set: 0.08ms
[24.501s][info ][gc,phases      ] GC(1053)   Post Evacuate Collection Set: 0.17ms
[24.501s][info ][gc,phases      ] GC(1053)   Other: 0.05ms
[24.501s][trace][gc,age         ] GC(1053) Age table:
[24.501s][trace][gc,age         ] GC(1053) - age   1:        192 bytes,        192 total
[24.501s][info ][gc,heap        ] GC(1053) Eden regions: 253->0(253)
[24.501s][info ][gc,heap        ] GC(1053) Survivor regions: 1->1(32)
[24.501s][info ][gc,heap        ] GC(1053) Old regions: 11->11
[24.501s][info ][gc,heap        ] GC(1053) Humongous regions: 0->0
[24.501s][info ][gc,metaspace   ] GC(1053) Metaspace: 10122K(10368K)->10122K(10368K) NonClass: 9159K(9344K)->9159K(9344K) Class: 963K(1024K)->963K(1024K)
[24.501s][info ][gc             ] GC(1053) Pause Young (Normal) (G1 Evacuation Pause) 256M->4M(424M) 0.546ms
[24.501s][info ][gc,cpu         ] GC(1053) User=0.00s Sys=0.00s Real=0.00s
[24.517s][info ][gc,start       ] GC(1054) Pause Young (Normal) (G1 Evacuation Pause)
[24.517s][info ][gc,task        ] GC(1054) Using 9 workers of 9 for evacuation
[24.517s][debug][gc,age         ] GC(1054) Desired survivor size 16777216 bytes, new threshold 15 (max threshold 15)
[24.517s][info ][gc,phases      ] GC(1054)   Pre Evacuate Collection Set: 0.08ms
[24.517s][info ][gc,phases      ] GC(1054)   Merge Heap Roots: 0.06ms
[24.517s][info ][gc,phases      ] GC(1054)   Evacuate Collection Set: 0.12ms
[24.517s][info ][gc,phases      ] GC(1054)   Post Evacuate Collection Set: 0.16ms
[24.517s][info ][gc,phases      ] GC(1054)   Other: 0.06ms
[24.517s][trace][gc,age         ] GC(1054) Age table:
[24.517s][trace][gc,age         ] GC(1054) - age   1:        192 bytes,        192 total
[24.517s][info ][gc,heap        ] GC(1054) Eden regions: 253->0(253)
[24.517s][info ][gc,heap        ] GC(1054) Survivor regions: 1->1(32)
[24.517s][info ][gc,heap        ] GC(1054) Old regions: 11->11
[24.517s][info ][gc,heap        ] GC(1054) Humongous regions: 0->0
[24.517s][info ][gc,metaspace   ] GC(1054) Metaspace: 10122K(10368K)->10122K(10368K) NonClass: 9159K(9344K)->9159K(9344K) Class: 963K(1024K)->963K(1024K)
[24.517s][info ][gc             ] GC(1054) Pause Young (Normal) (G1 Evacuation Pause) 256M->4M(424M) 0.588ms
[24.517s][info ][gc,cpu         ] GC(1054) User=0.00s Sys=0.00s Real=0.00s
[24.533s][info ][gc,start       ] GC(1055) Pause Young (Normal) (G1 Evacuation Pause)
[24.533s][info ][gc,task        ] GC(1055) Using 9 workers of 9 for evacuation
[24.533s][debug][gc,age         ] GC(1055) Desired survivor size 16777216 bytes, new threshold 15 (max threshold 15)
[24.533s][info ][gc,phases      ] GC(1055)   Pre Evacuate Collection Set: 0.07ms
[24.533s][info ][gc,phases      ] GC(1055)   Merge Heap Roots: 0.06ms
[24.533s][info ][gc,phases      ] GC(1055)   Evacuate Collection Set: 0.14ms
[24.533s][info ][gc,phases      ] GC(1055)   Post Evacuate Collection Set: 0.18ms
[24.533s][info ][gc,phases      ] GC(1055)   Other: 0.06ms
[24.533s][trace][gc,age         ] GC(1055) Age table:
[24.534s][trace][gc,age         ] GC(1055) - age   1:        192 bytes,        192 total
[24.534s][info ][gc,heap        ] GC(1055) Eden regions: 253->0(253)
[24.534s][info ][gc,heap        ] GC(1055) Survivor regions: 1->1(32)
[24.534s][info ][gc,heap        ] GC(1055) Old regions: 11->11
[24.534s][info ][gc,heap        ] GC(1055) Humongous regions: 0->0
[24.534s][info ][gc,metaspace   ] GC(1055) Metaspace: 10122K(10368K)->10122K(10368K) NonClass: 9159K(9344K)->9159K(9344K) Class: 963K(1024K)->963K(1024K)
[24.534s][info ][gc             ] GC(1055) Pause Young (Normal) (G1 Evacuation Pause) 256M->4M(424M) 0.599ms
[24.534s][info ][gc,cpu         ] GC(1055) User=0.01s Sys=0.00s Real=0.00s
[24.549s][info ][gc,start       ] GC(1056) Pause Young (Normal) (G1 Evacuation Pause)
[24.549s][info ][gc,task        ] GC(1056) Using 9 workers of 9 for evacuation
[24.549s][debug][gc,age         ] GC(1056) Desired survivor size 16777216 bytes, new threshold 15 (max threshold 15)
[24.550s][info ][gc,phases      ] GC(1056)   Pre Evacuate Collection Set: 0.10ms
[24.550s][info ][gc,phases      ] GC(1056)   Merge Heap Roots: 0.10ms
[24.550s][info ][gc,phases      ] GC(1056)   Evacuate Collection Set: 0.09ms
[24.550s][info ][gc,phases      ] GC(1056)   Post Evacuate Collection Set: 0.16ms
[24.550s][info ][gc,phases      ] GC(1056)   Other: 0.04ms
[24.550s][trace][gc,age         ] GC(1056) Age table:
[24.550s][trace][gc,age         ] GC(1056) - age   1:        192 bytes,        192 total
[24.550s][info ][gc,heap        ] GC(1056) Eden regions: 253->0(253)
[24.550s][info ][gc,heap        ] GC(1056) Survivor regions: 1->1(32)
[24.550s][info ][gc,heap        ] GC(1056) Old regions: 11->11
[24.550s][info ][gc,heap        ] GC(1056) Humongous regions: 0->0
[24.550s][info ][gc,metaspace   ] GC(1056) Metaspace: 10122K(10368K)->10122K(10368K) NonClass: 9159K(9344K)->9159K(9344K) Class: 963K(1024K)->963K(1024K)
[24.550s][info ][gc             ] GC(1056) Pause Young (Normal) (G1 Evacuation Pause) 256M->4M(424M) 0.582ms
[24.550s][info ][gc,cpu         ] GC(1056) User=0.00s Sys=0.00s Real=0.00s
[24.566s][info ][gc,start       ] GC(1057) Pause Young (Normal) (G1 Evacuation Pause)
[24.566s][info ][gc,task        ] GC(1057) Using 9 workers of 9 for evacuation
[24.566s][debug][gc,age         ] GC(1057) Desired survivor size 16777216 bytes, new threshold 15 (max threshold 15)
[24.566s][info ][gc,phases      ] GC(1057)   Pre Evacuate Collection Set: 0.07ms
[24.566s][info ][gc,phases      ] GC(1057)   Merge Heap Roots: 0.06ms
[24.566s][info ][gc,phases      ] GC(1057)   Evacuate Collection Set: 0.11ms
[24.566s][info ][gc,phases      ] GC(1057)   Post Evacuate Collection Set: 0.17ms
[24.566s][info ][gc,phases      ] GC(1057)   Other: 0.05ms
[24.566s][trace][gc,age         ] GC(1057) Age table:
[24.566s][trace][gc,age         ] GC(1057) - age   1:        192 bytes,        192 total
[24.566s][info ][gc,heap        ] GC(1057) Eden regions: 253->0(253)
[24.566s][info ][gc,heap        ] GC(1057) Survivor regions: 1->1(32)
[24.566s][info ][gc,heap        ] GC(1057) Old regions: 11->11
[24.566s][info ][gc,heap        ] GC(1057) Humongous regions: 0->0
[24.566s][info ][gc,metaspace   ] GC(1057) Metaspace: 10122K(10368K)->10122K(10368K) NonClass: 9159K(9344K)->9159K(9344K) Class: 963K(1024K)->963K(1024K)
[24.566s][info ][gc             ] GC(1057) Pause Young (Normal) (G1 Evacuation Pause) 256M->4M(424M) 0.559ms
[24.566s][info ][gc,cpu         ] GC(1057) User=0.00s Sys=0.00s Real=0.00s
[24.582s][info ][gc,start       ] GC(1058) Pause Young (Normal) (G1 Evacuation Pause)
[24.582s][info ][gc,task        ] GC(1058) Using 9 workers of 9 for evacuation
[24.582s][debug][gc,age         ] GC(1058) Desired survivor size 16777216 bytes, new threshold 15 (max threshold 15)
[24.582s][info ][gc,phases      ] GC(1058)   Pre Evacuate Collection Set: 0.09ms
[24.582s][info ][gc,phases      ] GC(1058)   Merge Heap Roots: 0.07ms
[24.582s][info ][gc,phases      ] GC(1058)   Evacuate Collection Set: 0.09ms
[24.582s][info ][gc,phases      ] GC(1058)   Post Evacuate Collection Set: 0.16ms
[24.582s][info ][gc,phases      ] GC(1058)   Other: 0.05ms
[24.582s][trace][gc,age         ] GC(1058) Age table:
[24.582s][trace][gc,age         ] GC(1058) - age   1:        192 bytes,        192 total
[24.582s][info ][gc,heap        ] GC(1058) Eden regions: 253->0(253)
[24.582s][info ][gc,heap        ] GC(1058) Survivor regions: 1->1(32)
[24.582s][info ][gc,heap        ] GC(1058) Old regions: 11->11
[24.582s][info ][gc,heap        ] GC(1058) Humongous regions: 0->0
[24.582s][info ][gc,metaspace   ] GC(1058) Metaspace: 10122K(10368K)->10122K(10368K) NonClass: 9159K(9344K)->9159K(9344K) Class: 963K(1024K)->963K(1024K)
[24.582s][info ][gc             ] GC(1058) Pause Young (Normal) (G1 Evacuation Pause) 256M->4M(424M) 0.560ms
[24.582s][info ][gc,cpu         ] GC(1058) User=0.01s Sys=0.00s Real=0.00s
[24.598s][info ][gc,start       ] GC(1059) Pause Young (Normal) (G1 Evacuation Pause)
[24.598s][info ][gc,task        ] GC(1059) Using 9 workers of 9 for evacuation
[24.598s][debug][gc,age         ] GC(1059) Desired survivor size 16777216 bytes, new threshold 15 (max threshold 15)
[24.598s][info ][gc,phases      ] GC(1059)   Pre Evacuate Collection Set: 0.06ms
[24.598s][info ][gc,phases      ] GC(1059)   Merge Heap Roots: 0.06ms
[24.598s][info ][gc,phases      ] GC(1059)   Evacuate Collection Set: 0.14ms
[24.598s][info ][gc,phases      ] GC(1059)   Post Evacuate Collection Set: 0.18ms
[24.598s][info ][gc,phases      ] GC(1059)   Other: 0.06ms
[24.598s][trace][gc,age         ] GC(1059) Age table:
[24.598s][trace][gc,age         ] GC(1059) - age   1:        192 bytes,        192 total
[24.598s][info ][gc,heap        ] GC(1059) Eden regions: 253->0(253)
[24.598s][info ][gc,heap        ] GC(1059) Survivor regions: 1->1(32)
[24.598s][info ][gc,heap        ] GC(1059) Old regions: 11->11
[24.598s][info ][gc,heap        ] GC(1059) Humongous regions: 0->0
[24.598s][info ][gc,metaspace   ] GC(1059) Metaspace: 10122K(10368K)->10122K(10368K) NonClass: 9159K(9344K)->9159K(9344K) Class: 963K(1024K)->963K(1024K)
[24.598s][info ][gc             ] GC(1059) Pause Young (Normal) (G1 Evacuation Pause) 256M->4M(424M) 0.590ms
[24.598s][info ][gc,cpu         ] GC(1059) User=0.00s Sys=0.00s Real=0.00s
[24.614s][info ][gc,start       ] GC(1060) Pause Young (Normal) (G1 Evacuation Pause)
[24.614s][info ][gc,task        ] GC(1060) Using 9 workers of 9 for evacuation
[24.614s][debug][gc,age         ] GC(1060) Desired survivor size 16777216 bytes, new threshold 15 (max threshold 15)
[24.614s][info ][gc,phases      ] GC(1060)   Pre Evacuate Collection Set: 0.08ms
[24.614s][info ][gc,phases      ] GC(1060)   Merge Heap Roots: 0.05ms
[24.614s][info ][gc,phases      ] GC(1060)   Evacuate Collection Set: 0.13ms
[24.614s][info ][gc,phases      ] GC(1060)   Post Evacuate Collection Set: 0.16ms
[24.614s][info ][gc,phases      ] GC(1060)   Other: 0.04ms
[24.614s][trace][gc,age         ] GC(1060) Age table:
[24.614s][trace][gc,age         ] GC(1060) - age   1:        192 bytes,        192 total
[24.614s][info ][gc,heap        ] GC(1060) Eden regions: 253->0(253)
[24.614s][info ][gc,heap        ] GC(1060) Survivor regions: 1->1(32)
[24.614s][info ][gc,heap        ] GC(1060) Old regions: 11->11
[24.614s][info ][gc,heap        ] GC(1060) Humongous regions: 0->0
[24.614s][info ][gc,metaspace   ] GC(1060) Metaspace: 10122K(10368K)->10122K(10368K) NonClass: 9159K(9344K)->9159K(9344K) Class: 963K(1024K)->963K(1024K)
[24.614s][info ][gc             ] GC(1060) Pause Young (Normal) (G1 Evacuation Pause) 256M->4M(424M) 0.545ms
[24.614s][info ][gc,cpu         ] GC(1060) User=0.00s Sys=0.00s Real=0.00s
[24.630s][info ][gc,start       ] GC(1061) Pause Young (Normal) (G1 Evacuation Pause)
[24.630s][info ][gc,task        ] GC(1061) Using 9 workers of 9 for evacuation
[24.630s][debug][gc,age         ] GC(1061) Desired survivor size 16777216 bytes, new threshold 15 (max threshold 15)
[24.631s][info ][gc,phases      ] GC(1061)   Pre Evacuate Collection Set: 0.06ms
[24.631s][info ][gc,phases      ] GC(1061)   Merge Heap Roots: 0.07ms
[24.631s][info ][gc,phases      ] GC(1061)   Evacuate Collection Set: 0.13ms
[24.631s][info ][gc,phases      ] GC(1061)   Post Evacuate Collection Set: 0.17ms
[24.631s][info ][gc,phases      ] GC(1061)   Other: 0.05ms
[24.631s][trace][gc,age         ] GC(1061) Age table:
[24.631s][trace][gc,age         ] GC(1061) - age   1:        192 bytes,        192 total
[24.631s][info ][gc,heap        ] GC(1061) Eden regions: 253->0(253)
[24.631s][info ][gc,heap        ] GC(1061) Survivor regions: 1->1(32)
[24.631s][info ][gc,heap        ] GC(1061) Old regions: 11->11
[24.631s][info ][gc,heap        ] GC(1061) Humongous regions: 0->0
[24.631s][info ][gc,metaspace   ] GC(1061) Metaspace: 10122K(10368K)->10122K(10368K) NonClass: 9159K(9344K)->9159K(9344K) Class: 963K(1024K)->963K(1024K)
[24.631s][info ][gc             ] GC(1061) Pause Young (Normal) (G1 Evacuation Pause) 256M->4M(424M) 0.580ms
[24.631s][info ][gc,cpu         ] GC(1061) User=0.00s Sys=0.00s Real=0.00s
[24.646s][info ][gc,start       ] GC(1062) Pause Young (Normal) (G1 Evacuation Pause)
[24.646s][info ][gc,task        ] GC(1062) Using 9 workers of 9 for evacuation
[24.646s][debug][gc,age         ] GC(1062) Desired survivor size 16777216 bytes, new threshold 15 (max threshold 15)
[24.647s][info ][gc,phases      ] GC(1062)   Pre Evacuate Collection Set: 0.06ms
[24.647s][info ][gc,phases      ] GC(1062)   Merge Heap Roots: 0.06ms
[24.647s][info ][gc,phases      ] GC(1062)   Evacuate Collection Set: 0.11ms
[24.647s][info ][gc,phases      ] GC(1062)   Post Evacuate Collection Set: 0.21ms
[24.647s][info ][gc,phases      ] GC(1062)   Other: 0.06ms
[24.647s][trace][gc,age         ] GC(1062) Age table:
[24.647s][trace][gc,age         ] GC(1062) - age   1:        192 bytes,        192 total
[24.647s][info ][gc,heap        ] GC(1062) Eden regions: 253->0(253)
[24.647s][info ][gc,heap        ] GC(1062) Survivor regions: 1->1(32)
[24.647s][info ][gc,heap        ] GC(1062) Old regions: 11->11
[24.647s][info ][gc,heap        ] GC(1062) Humongous regions: 0->0
[24.647s][info ][gc,metaspace   ] GC(1062) Metaspace: 10122K(10368K)->10122K(10368K) NonClass: 9159K(9344K)->9159K(9344K) Class: 963K(1024K)->963K(1024K)
[24.647s][info ][gc             ] GC(1062) Pause Young (Normal) (G1 Evacuation Pause) 256M->4M(424M) 0.594ms
[24.647s][info ][gc,cpu         ] GC(1062) User=0.00s Sys=0.00s Real=0.00s
[24.662s][info ][gc,start       ] GC(1063) Pause Young (Normal) (G1 Evacuation Pause)
[24.662s][info ][gc,task        ] GC(1063) Using 9 workers of 9 for evacuation
[24.662s][debug][gc,age         ] GC(1063) Desired survivor size 16777216 bytes, new threshold 15 (max threshold 15)
[24.663s][info ][gc,phases      ] GC(1063)   Pre Evacuate Collection Set: 0.06ms
[24.663s][info ][gc,phases      ] GC(1063)   Merge Heap Roots: 0.07ms
[24.663s][info ][gc,phases      ] GC(1063)   Evacuate Collection Set: 0.11ms
[24.663s][info ][gc,phases      ] GC(1063)   Post Evacuate Collection Set: 0.17ms
[24.663s][info ][gc,phases      ] GC(1063)   Other: 0.05ms
[24.663s][trace][gc,age         ] GC(1063) Age table:
[24.663s][trace][gc,age         ] GC(1063) - age   1:        192 bytes,        192 total
[24.663s][info ][gc,heap        ] GC(1063) Eden regions: 253->0(253)
[24.663s][info ][gc,heap        ] GC(1063) Survivor regions: 1->1(32)
[24.663s][info ][gc,heap        ] GC(1063) Old regions: 11->11
[24.663s][info ][gc,heap        ] GC(1063) Humongous regions: 0->0
[24.663s][info ][gc,metaspace   ] GC(1063) Metaspace: 10122K(10368K)->10122K(10368K) NonClass: 9159K(9344K)->9159K(9344K) Class: 963K(1024K)->963K(1024K)
[24.663s][info ][gc             ] GC(1063) Pause Young (Normal) (G1 Evacuation Pause) 256M->4M(424M) 0.559ms
[24.663s][info ][gc,cpu         ] GC(1063) User=0.00s Sys=0.00s Real=0.00s
[24.678s][info ][gc,start       ] GC(1064) Pause Young (Normal) (G1 Evacuation Pause)
[24.678s][info ][gc,task        ] GC(1064) Using 9 workers of 9 for evacuation
[24.678s][debug][gc,age         ] GC(1064) Desired survivor size 16777216 bytes, new threshold 15 (max threshold 15)
[24.679s][info ][gc,phases      ] GC(1064)   Pre Evacuate Collection Set: 0.08ms
[24.679s][info ][gc,phases      ] GC(1064)   Merge Heap Roots: 0.11ms
[24.679s][info ][gc,phases      ] GC(1064)   Evacuate Collection Set: 0.07ms
[24.679s][info ][gc,phases      ] GC(1064)   Post Evacuate Collection Set: 0.16ms
[24.679s][info ][gc,phases      ] GC(1064)   Other: 0.05ms
[24.679s][trace][gc,age         ] GC(1064) Age table:
[24.679s][trace][gc,age         ] GC(1064) - age   1:        192 bytes,        192 total
[24.679s][info ][gc,heap        ] GC(1064) Eden regions: 253->0(253)
[24.679s][info ][gc,heap        ] GC(1064) Survivor regions: 1->1(32)
[24.679s][info ][gc,heap        ] GC(1064) Old regions: 11->11
[24.679s][info ][gc,heap        ] GC(1064) Humongous regions: 0->0
[24.679s][info ][gc,metaspace   ] GC(1064) Metaspace: 10122K(10368K)->10122K(10368K) NonClass: 9159K(9344K)->9159K(9344K) Class: 963K(1024K)->963K(1024K)
[24.679s][info ][gc             ] GC(1064) Pause Young (Normal) (G1 Evacuation Pause) 256M->4M(424M) 0.565ms
[24.679s][info ][gc,cpu         ] GC(1064) User=0.00s Sys=0.00s Real=0.00s
[24.695s][info ][gc,start       ] GC(1065) Pause Young (Normal) (G1 Evacuation Pause)
[24.695s][info ][gc,task        ] GC(1065) Using 9 workers of 9 for evacuation
[24.695s][debug][gc,age         ] GC(1065) Desired survivor size 16777216 bytes, new threshold 15 (max threshold 15)
[24.695s][info ][gc,phases      ] GC(1065)   Pre Evacuate Collection Set: 0.06ms
[24.695s][info ][gc,phases      ] GC(1065)   Merge Heap Roots: 0.12ms
[24.695s][info ][gc,phases      ] GC(1065)   Evacuate Collection Set: 0.09ms
[24.695s][info ][gc,phases      ] GC(1065)   Post Evacuate Collection Set: 0.21ms
[24.695s][info ][gc,phases      ] GC(1065)   Other: 0.06ms
[24.695s][trace][gc,age         ] GC(1065) Age table:
[24.695s][trace][gc,age         ] GC(1065) - age   1:        192 bytes,        192 total
[24.695s][info ][gc,heap        ] GC(1065) Eden regions: 253->0(253)
[24.695s][info ][gc,heap        ] GC(1065) Survivor regions: 1->1(32)
[24.695s][info ][gc,heap        ] GC(1065) Old regions: 11->11
[24.695s][info ][gc,heap        ] GC(1065) Humongous regions: 0->0
[24.695s][info ][gc,metaspace   ] GC(1065) Metaspace: 10122K(10368K)->10122K(10368K) NonClass: 9159K(9344K)->9159K(9344K) Class: 963K(1024K)->963K(1024K)
[24.695s][info ][gc             ] GC(1065) Pause Young (Normal) (G1 Evacuation Pause) 256M->4M(424M) 0.642ms
[24.695s][info ][gc,cpu         ] GC(1065) User=0.00s Sys=0.00s Real=0.01s
[24.711s][info ][gc,start       ] GC(1066) Pause Young (Normal) (G1 Evacuation Pause)
[24.711s][info ][gc,task        ] GC(1066) Using 9 workers of 9 for evacuation
[24.711s][debug][gc,age         ] GC(1066) Desired survivor size 16777216 bytes, new threshold 15 (max threshold 15)
[24.712s][info ][gc,phases      ] GC(1066)   Pre Evacuate Collection Set: 0.07ms
[24.712s][info ][gc,phases      ] GC(1066)   Merge Heap Roots: 0.09ms
[24.712s][info ][gc,phases      ] GC(1066)   Evacuate Collection Set: 0.10ms
[24.712s][info ][gc,phases      ] GC(1066)   Post Evacuate Collection Set: 0.15ms
[24.712s][info ][gc,phases      ] GC(1066)   Other: 0.05ms
[24.712s][trace][gc,age         ] GC(1066) Age table:
[24.712s][trace][gc,age         ] GC(1066) - age   1:        192 bytes,        192 total
[24.712s][info ][gc,heap        ] GC(1066) Eden regions: 253->0(253)
[24.712s][info ][gc,heap        ] GC(1066) Survivor regions: 1->1(32)
[24.712s][info ][gc,heap        ] GC(1066) Old regions: 11->11
[24.712s][info ][gc,heap        ] GC(1066) Humongous regions: 0->0
[24.712s][info ][gc,metaspace   ] GC(1066) Metaspace: 10122K(10368K)->10122K(10368K) NonClass: 9159K(9344K)->9159K(9344K) Class: 963K(1024K)->963K(1024K)
[24.712s][info ][gc             ] GC(1066) Pause Young (Normal) (G1 Evacuation Pause) 256M->4M(424M) 0.547ms
[24.712s][info ][gc,cpu         ] GC(1066) User=0.00s Sys=0.00s Real=0.00s
[24.727s][info ][gc,start       ] GC(1067) Pause Young (Normal) (G1 Evacuation Pause)
[24.727s][info ][gc,task        ] GC(1067) Using 9 workers of 9 for evacuation
[24.727s][debug][gc,age         ] GC(1067) Desired survivor size 16777216 bytes, new threshold 15 (max threshold 15)
[24.728s][info ][gc,phases      ] GC(1067)   Pre Evacuate Collection Set: 0.07ms
[24.728s][info ][gc,phases      ] GC(1067)   Merge Heap Roots: 0.13ms
[24.728s][info ][gc,phases      ] GC(1067)   Evacuate Collection Set: 0.13ms
[24.728s][info ][gc,phases      ] GC(1067)   Post Evacuate Collection Set: 0.18ms
[24.728s][info ][gc,phases      ] GC(1067)   Other: 0.07ms
[24.728s][trace][gc,age         ] GC(1067) Age table:
[24.728s][trace][gc,age         ] GC(1067) - age   1:        192 bytes,        192 total
[24.728s][info ][gc,heap        ] GC(1067) Eden regions: 253->0(253)
[24.728s][info ][gc,heap        ] GC(1067) Survivor regions: 1->1(32)
[24.728s][info ][gc,heap        ] GC(1067) Old regions: 11->11
[24.728s][info ][gc,heap        ] GC(1067) Humongous regions: 0->0
[24.728s][info ][gc,metaspace   ] GC(1067) Metaspace: 10122K(10368K)->10122K(10368K) NonClass: 9159K(9344K)->9159K(9344K) Class: 963K(1024K)->963K(1024K)
[24.728s][info ][gc             ] GC(1067) Pause Young (Normal) (G1 Evacuation Pause) 256M->4M(424M) 0.677ms
[24.728s][info ][gc,cpu         ] GC(1067) User=0.00s Sys=0.00s Real=0.00s
[24.744s][info ][gc,start       ] GC(1068) Pause Young (Normal) (G1 Evacuation Pause)
[24.744s][info ][gc,task        ] GC(1068) Using 9 workers of 9 for evacuation
[24.744s][debug][gc,age         ] GC(1068) Desired survivor size 16777216 bytes, new threshold 15 (max threshold 15)
[24.744s][info ][gc,phases      ] GC(1068)   Pre Evacuate Collection Set: 0.07ms
[24.744s][info ][gc,phases      ] GC(1068)   Merge Heap Roots: 0.06ms
[24.744s][info ][gc,phases      ] GC(1068)   Evacuate Collection Set: 0.12ms
[24.744s][info ][gc,phases      ] GC(1068)   Post Evacuate Collection Set: 0.17ms
[24.744s][info ][gc,phases      ] GC(1068)   Other: 0.05ms
[24.744s][trace][gc,age         ] GC(1068) Age table:
[24.744s][trace][gc,age         ] GC(1068) - age   1:        192 bytes,        192 total
[24.744s][info ][gc,heap        ] GC(1068) Eden regions: 253->0(253)
[24.744s][info ][gc,heap        ] GC(1068) Survivor regions: 1->1(32)
[24.744s][info ][gc,heap        ] GC(1068) Old regions: 11->11
[24.744s][info ][gc,heap        ] GC(1068) Humongous regions: 0->0
[24.744s][info ][gc,metaspace   ] GC(1068) Metaspace: 10122K(10368K)->10122K(10368K) NonClass: 9159K(9344K)->9159K(9344K) Class: 963K(1024K)->963K(1024K)
[24.744s][info ][gc             ] GC(1068) Pause Young (Normal) (G1 Evacuation Pause) 256M->4M(424M) 0.561ms
[24.744s][info ][gc,cpu         ] GC(1068) User=0.00s Sys=0.00s Real=0.00s
[24.760s][info ][gc,start       ] GC(1069) Pause Young (Normal) (G1 Evacuation Pause)
[24.760s][info ][gc,task        ] GC(1069) Using 9 workers of 9 for evacuation
[24.760s][debug][gc,age         ] GC(1069) Desired survivor size 16777216 bytes, new threshold 15 (max threshold 15)
[24.761s][info ][gc,phases      ] GC(1069)   Pre Evacuate Collection Set: 0.07ms
[24.761s][info ][gc,phases      ] GC(1069)   Merge Heap Roots: 0.07ms
[24.761s][info ][gc,phases      ] GC(1069)   Evacuate Collection Set: 0.08ms
[24.761s][info ][gc,phases      ] GC(1069)   Post Evacuate Collection Set: 0.16ms
[24.761s][info ][gc,phases      ] GC(1069)   Other: 0.06ms
[24.761s][trace][gc,age         ] GC(1069) Age table:
[24.761s][trace][gc,age         ] GC(1069) - age   1:        192 bytes,        192 total
[24.761s][info ][gc,heap        ] GC(1069) Eden regions: 253->0(253)
[24.761s][info ][gc,heap        ] GC(1069) Survivor regions: 1->1(32)
[24.761s][info ][gc,heap        ] GC(1069) Old regions: 11->11
[24.761s][info ][gc,heap        ] GC(1069) Humongous regions: 0->0
[24.761s][info ][gc,metaspace   ] GC(1069) Metaspace: 10122K(10368K)->10122K(10368K) NonClass: 9159K(9344K)->9159K(9344K) Class: 963K(1024K)->963K(1024K)
[24.761s][info ][gc             ] GC(1069) Pause Young (Normal) (G1 Evacuation Pause) 256M->4M(424M) 0.522ms
[24.761s][info ][gc,cpu         ] GC(1069) User=0.00s Sys=0.00s Real=0.00s
[24.776s][info ][gc,start       ] GC(1070) Pause Young (Normal) (G1 Evacuation Pause)
[24.776s][info ][gc,task        ] GC(1070) Using 9 workers of 9 for evacuation
[24.776s][debug][gc,age         ] GC(1070) Desired survivor size 16777216 bytes, new threshold 15 (max threshold 15)
[24.777s][info ][gc,phases      ] GC(1070)   Pre Evacuate Collection Set: 0.09ms
[24.777s][info ][gc,phases      ] GC(1070)   Merge Heap Roots: 0.07ms
[24.777s][info ][gc,phases      ] GC(1070)   Evacuate Collection Set: 0.12ms
[24.777s][info ][gc,phases      ] GC(1070)   Post Evacuate Collection Set: 0.17ms
[24.777s][info ][gc,phases      ] GC(1070)   Other: 0.05ms
[24.777s][trace][gc,age         ] GC(1070) Age table:
[24.777s][trace][gc,age         ] GC(1070) - age   1:        192 bytes,        192 total
[24.777s][info ][gc,heap        ] GC(1070) Eden regions: 253->0(253)
[24.777s][info ][gc,heap        ] GC(1070) Survivor regions: 1->1(32)
[24.777s][info ][gc,heap        ] GC(1070) Old regions: 11->11
[24.777s][info ][gc,heap        ] GC(1070) Humongous regions: 0->0
[24.777s][info ][gc,metaspace   ] GC(1070) Metaspace: 10122K(10368K)->10122K(10368K) NonClass: 9159K(9344K)->9159K(9344K) Class: 963K(1024K)->963K(1024K)
[24.777s][info ][gc             ] GC(1070) Pause Young (Normal) (G1 Evacuation Pause) 256M->4M(424M) 0.601ms
[24.777s][info ][gc,cpu         ] GC(1070) User=0.00s Sys=0.00s Real=0.00s
[24.792s][info ][gc,start       ] GC(1071) Pause Young (Normal) (G1 Evacuation Pause)
[24.793s][info ][gc,task        ] GC(1071) Using 9 workers of 9 for evacuation
[24.793s][debug][gc,age         ] GC(1071) Desired survivor size 16777216 bytes, new threshold 15 (max threshold 15)
[24.793s][info ][gc,phases      ] GC(1071)   Pre Evacuate Collection Set: 0.07ms
[24.793s][info ][gc,phases      ] GC(1071)   Merge Heap Roots: 0.06ms
[24.793s][info ][gc,phases      ] GC(1071)   Evacuate Collection Set: 0.11ms
[24.793s][info ][gc,phases      ] GC(1071)   Post Evacuate Collection Set: 0.16ms
[24.793s][info ][gc,phases      ] GC(1071)   Other: 0.05ms
[24.793s][trace][gc,age         ] GC(1071) Age table:
[24.793s][trace][gc,age         ] GC(1071) - age   1:        192 bytes,        192 total
[24.793s][info ][gc,heap        ] GC(1071) Eden regions: 253->0(253)
[24.793s][info ][gc,heap        ] GC(1071) Survivor regions: 1->1(32)
[24.793s][info ][gc,heap        ] GC(1071) Old regions: 11->11
[24.793s][info ][gc,heap        ] GC(1071) Humongous regions: 0->0
[24.793s][info ][gc,metaspace   ] GC(1071) Metaspace: 10122K(10368K)->10122K(10368K) NonClass: 9159K(9344K)->9159K(9344K) Class: 963K(1024K)->963K(1024K)
[24.793s][info ][gc             ] GC(1071) Pause Young (Normal) (G1 Evacuation Pause) 256M->4M(424M) 0.539ms
[24.793s][info ][gc,cpu         ] GC(1071) User=0.00s Sys=0.00s Real=0.00s
[24.809s][info ][gc,start       ] GC(1072) Pause Young (Normal) (G1 Evacuation Pause)
[24.809s][info ][gc,task        ] GC(1072) Using 9 workers of 9 for evacuation
[24.809s][debug][gc,age         ] GC(1072) Desired survivor size 16777216 bytes, new threshold 15 (max threshold 15)
[24.809s][info ][gc,phases      ] GC(1072)   Pre Evacuate Collection Set: 0.07ms
[24.809s][info ][gc,phases      ] GC(1072)   Merge Heap Roots: 0.07ms
[24.809s][info ][gc,phases      ] GC(1072)   Evacuate Collection Set: 0.09ms
[24.809s][info ][gc,phases      ] GC(1072)   Post Evacuate Collection Set: 0.17ms
[24.809s][info ][gc,phases      ] GC(1072)   Other: 0.05ms
[24.809s][trace][gc,age         ] GC(1072) Age table:
[24.809s][trace][gc,age         ] GC(1072) - age   1:        192 bytes,        192 total
[24.809s][info ][gc,heap        ] GC(1072) Eden regions: 253->0(253)
[24.809s][info ][gc,heap        ] GC(1072) Survivor regions: 1->1(32)
[24.809s][info ][gc,heap        ] GC(1072) Old regions: 11->11
[24.809s][info ][gc,heap        ] GC(1072) Humongous regions: 0->0
[24.809s][info ][gc,metaspace   ] GC(1072) Metaspace: 10122K(10368K)->10122K(10368K) NonClass: 9159K(9344K)->9159K(9344K) Class: 963K(1024K)->963K(1024K)
[24.809s][info ][gc             ] GC(1072) Pause Young (Normal) (G1 Evacuation Pause) 256M->4M(424M) 0.552ms
[24.809s][info ][gc,cpu         ] GC(1072) User=0.00s Sys=0.00s Real=0.00s
[24.825s][info ][gc,start       ] GC(1073) Pause Young (Normal) (G1 Evacuation Pause)
[24.825s][info ][gc,task        ] GC(1073) Using 9 workers of 9 for evacuation
[24.825s][debug][gc,age         ] GC(1073) Desired survivor size 16777216 bytes, new threshold 15 (max threshold 15)
[24.825s][info ][gc,phases      ] GC(1073)   Pre Evacuate Collection Set: 0.07ms
[24.825s][info ][gc,phases      ] GC(1073)   Merge Heap Roots: 0.06ms
[24.825s][info ][gc,phases      ] GC(1073)   Evacuate Collection Set: 0.12ms
[24.825s][info ][gc,phases      ] GC(1073)   Post Evacuate Collection Set: 0.19ms
[24.825s][info ][gc,phases      ] GC(1073)   Other: 0.05ms
[24.825s][trace][gc,age         ] GC(1073) Age table:
[24.825s][trace][gc,age         ] GC(1073) - age   1:        192 bytes,        192 total
[24.825s][info ][gc,heap        ] GC(1073) Eden regions: 253->0(253)
[24.825s][info ][gc,heap        ] GC(1073) Survivor regions: 1->1(32)
[24.825s][info ][gc,heap        ] GC(1073) Old regions: 11->11
[24.825s][info ][gc,heap        ] GC(1073) Humongous regions: 0->0
[24.825s][info ][gc,metaspace   ] GC(1073) Metaspace: 10122K(10368K)->10122K(10368K) NonClass: 9159K(9344K)->9159K(9344K) Class: 963K(1024K)->963K(1024K)
[24.825s][info ][gc             ] GC(1073) Pause Young (Normal) (G1 Evacuation Pause) 256M->4M(424M) 0.571ms
[24.825s][info ][gc,cpu         ] GC(1073) User=0.00s Sys=0.00s Real=0.01s
[24.841s][info ][gc,start       ] GC(1074) Pause Young (Normal) (G1 Evacuation Pause)
[24.841s][info ][gc,task        ] GC(1074) Using 9 workers of 9 for evacuation
[24.841s][debug][gc,age         ] GC(1074) Desired survivor size 16777216 bytes, new threshold 15 (max threshold 15)
[24.841s][info ][gc,phases      ] GC(1074)   Pre Evacuate Collection Set: 0.10ms
[24.841s][info ][gc,phases      ] GC(1074)   Merge Heap Roots: 0.07ms
[24.841s][info ][gc,phases      ] GC(1074)   Evacuate Collection Set: 0.10ms
[24.841s][info ][gc,phases      ] GC(1074)   Post Evacuate Collection Set: 0.16ms
[24.841s][info ][gc,phases      ] GC(1074)   Other: 0.06ms
[24.841s][trace][gc,age         ] GC(1074) Age table:
[24.841s][trace][gc,age         ] GC(1074) - age   1:        192 bytes,        192 total
[24.841s][info ][gc,heap        ] GC(1074) Eden regions: 253->0(253)
[24.841s][info ][gc,heap        ] GC(1074) Survivor regions: 1->1(32)
[24.841s][info ][gc,heap        ] GC(1074) Old regions: 11->11
[24.841s][info ][gc,heap        ] GC(1074) Humongous regions: 0->0
[24.841s][info ][gc,metaspace   ] GC(1074) Metaspace: 10122K(10368K)->10122K(10368K) NonClass: 9159K(9344K)->9159K(9344K) Class: 963K(1024K)->963K(1024K)
[24.841s][info ][gc             ] GC(1074) Pause Young (Normal) (G1 Evacuation Pause) 256M->4M(424M) 0.586ms
[24.841s][info ][gc,cpu         ] GC(1074) User=0.00s Sys=0.00s Real=0.00s
[24.857s][info ][gc,start       ] GC(1075) Pause Young (Normal) (G1 Evacuation Pause)
[24.857s][info ][gc,task        ] GC(1075) Using 9 workers of 9 for evacuation
[24.857s][debug][gc,age         ] GC(1075) Desired survivor size 16777216 bytes, new threshold 15 (max threshold 15)
[24.857s][info ][gc,phases      ] GC(1075)   Pre Evacuate Collection Set: 0.08ms
[24.857s][info ][gc,phases      ] GC(1075)   Merge Heap Roots: 0.05ms
[24.857s][info ][gc,phases      ] GC(1075)   Evacuate Collection Set: 0.14ms
[24.857s][info ][gc,phases      ] GC(1075)   Post Evacuate Collection Set: 0.15ms
[24.857s][info ][gc,phases      ] GC(1075)   Other: 0.04ms
[24.857s][trace][gc,age         ] GC(1075) Age table:
[24.857s][trace][gc,age         ] GC(1075) - age   1:        192 bytes,        192 total
[24.857s][info ][gc,heap        ] GC(1075) Eden regions: 253->0(253)
[24.857s][info ][gc,heap        ] GC(1075) Survivor regions: 1->1(32)
[24.857s][info ][gc,heap        ] GC(1075) Old regions: 11->11
[24.857s][info ][gc,heap        ] GC(1075) Humongous regions: 0->0
[24.857s][info ][gc,metaspace   ] GC(1075) Metaspace: 10122K(10368K)->10122K(10368K) NonClass: 9159K(9344K)->9159K(9344K) Class: 963K(1024K)->963K(1024K)
[24.857s][info ][gc             ] GC(1075) Pause Young (Normal) (G1 Evacuation Pause) 256M->4M(424M) 0.543ms
[24.857s][info ][gc,cpu         ] GC(1075) User=0.01s Sys=0.00s Real=0.00s
[24.873s][info ][gc,start       ] GC(1076) Pause Young (Normal) (G1 Evacuation Pause)
[24.873s][info ][gc,task        ] GC(1076) Using 9 workers of 9 for evacuation
[24.873s][debug][gc,age         ] GC(1076) Desired survivor size 16777216 bytes, new threshold 15 (max threshold 15)
[24.874s][info ][gc,phases      ] GC(1076)   Pre Evacuate Collection Set: 0.08ms
[24.874s][info ][gc,phases      ] GC(1076)   Merge Heap Roots: 0.07ms
[24.874s][info ][gc,phases      ] GC(1076)   Evacuate Collection Set: 0.15ms
[24.874s][info ][gc,phases      ] GC(1076)   Post Evacuate Collection Set: 0.17ms
[24.874s][info ][gc,phases      ] GC(1076)   Other: 0.06ms
[24.874s][trace][gc,age         ] GC(1076) Age table:
[24.874s][trace][gc,age         ] GC(1076) - age   1:        192 bytes,        192 total
[24.874s][info ][gc,heap        ] GC(1076) Eden regions: 253->0(253)
[24.874s][info ][gc,heap        ] GC(1076) Survivor regions: 1->1(32)
[24.874s][info ][gc,heap        ] GC(1076) Old regions: 11->11
[24.874s][info ][gc,heap        ] GC(1076) Humongous regions: 0->0
[24.874s][info ][gc,metaspace   ] GC(1076) Metaspace: 10122K(10368K)->10122K(10368K) NonClass: 9159K(9344K)->9159K(9344K) Class: 963K(1024K)->963K(1024K)
[24.874s][info ][gc             ] GC(1076) Pause Young (Normal) (G1 Evacuation Pause) 256M->4M(424M) 0.624ms
[24.874s][info ][gc,cpu         ] GC(1076) User=0.00s Sys=0.00s Real=0.00s
[24.889s][info ][gc,start       ] GC(1077) Pause Young (Normal) (G1 Evacuation Pause)
[24.889s][info ][gc,task        ] GC(1077) Using 9 workers of 9 for evacuation
[24.889s][debug][gc,age         ] GC(1077) Desired survivor size 16777216 bytes, new threshold 15 (max threshold 15)
[24.890s][info ][gc,phases      ] GC(1077)   Pre Evacuate Collection Set: 0.07ms
[24.890s][info ][gc,phases      ] GC(1077)   Merge Heap Roots: 0.06ms
[24.890s][info ][gc,phases      ] GC(1077)   Evacuate Collection Set: 0.12ms
[24.890s][info ][gc,phases      ] GC(1077)   Post Evacuate Collection Set: 0.18ms
[24.890s][info ][gc,phases      ] GC(1077)   Other: 0.04ms
[24.890s][trace][gc,age         ] GC(1077) Age table:
[24.890s][trace][gc,age         ] GC(1077) - age   1:        192 bytes,        192 total
[24.890s][info ][gc,heap        ] GC(1077) Eden regions: 253->0(253)
[24.890s][info ][gc,heap        ] GC(1077) Survivor regions: 1->1(32)
[24.890s][info ][gc,heap        ] GC(1077) Old regions: 11->11
[24.890s][info ][gc,heap        ] GC(1077) Humongous regions: 0->0
[24.890s][info ][gc,metaspace   ] GC(1077) Metaspace: 10122K(10368K)->10122K(10368K) NonClass: 9159K(9344K)->9159K(9344K) Class: 963K(1024K)->963K(1024K)
[24.890s][info ][gc             ] GC(1077) Pause Young (Normal) (G1 Evacuation Pause) 256M->4M(424M) 0.569ms
[24.890s][info ][gc,cpu         ] GC(1077) User=0.00s Sys=0.00s Real=0.00s
[24.905s][info ][gc,start       ] GC(1078) Pause Young (Normal) (G1 Evacuation Pause)
[24.905s][info ][gc,task        ] GC(1078) Using 9 workers of 9 for evacuation
[24.905s][debug][gc,age         ] GC(1078) Desired survivor size 16777216 bytes, new threshold 15 (max threshold 15)
[24.906s][info ][gc,phases      ] GC(1078)   Pre Evacuate Collection Set: 0.07ms
[24.906s][info ][gc,phases      ] GC(1078)   Merge Heap Roots: 0.06ms
[24.906s][info ][gc,phases      ] GC(1078)   Evacuate Collection Set: 0.14ms
[24.906s][info ][gc,phases      ] GC(1078)   Post Evacuate Collection Set: 0.16ms
[24.906s][info ][gc,phases      ] GC(1078)   Other: 0.06ms
[24.906s][trace][gc,age         ] GC(1078) Age table:
[24.906s][trace][gc,age         ] GC(1078) - age   1:        192 bytes,        192 total
[24.906s][info ][gc,heap        ] GC(1078) Eden regions: 253->0(253)
[24.906s][info ][gc,heap        ] GC(1078) Survivor regions: 1->1(32)
[24.906s][info ][gc,heap        ] GC(1078) Old regions: 11->11
[24.906s][info ][gc,heap        ] GC(1078) Humongous regions: 0->0
[24.906s][info ][gc,metaspace   ] GC(1078) Metaspace: 10122K(10368K)->10122K(10368K) NonClass: 9159K(9344K)->9159K(9344K) Class: 963K(1024K)->963K(1024K)
[24.906s][info ][gc             ] GC(1078) Pause Young (Normal) (G1 Evacuation Pause) 256M->4M(424M) 0.586ms
[24.906s][info ][gc,cpu         ] GC(1078) User=0.00s Sys=0.01s Real=0.00s
[24.921s][info ][gc,start       ] GC(1079) Pause Young (Normal) (G1 Evacuation Pause)
[24.921s][info ][gc,task        ] GC(1079) Using 9 workers of 9 for evacuation
[24.921s][debug][gc,age         ] GC(1079) Desired survivor size 16777216 bytes, new threshold 15 (max threshold 15)
[24.922s][info ][gc,phases      ] GC(1079)   Pre Evacuate Collection Set: 0.07ms
[24.922s][info ][gc,phases      ] GC(1079)   Merge Heap Roots: 0.06ms
[24.922s][info ][gc,phases      ] GC(1079)   Evacuate Collection Set: 0.12ms
[24.922s][info ][gc,phases      ] GC(1079)   Post Evacuate Collection Set: 0.17ms
[24.922s][info ][gc,phases      ] GC(1079)   Other: 0.06ms
[24.922s][trace][gc,age         ] GC(1079) Age table:
[24.922s][trace][gc,age         ] GC(1079) - age   1:        192 bytes,        192 total
[24.922s][info ][gc,heap        ] GC(1079) Eden regions: 253->0(253)
[24.922s][info ][gc,heap        ] GC(1079) Survivor regions: 1->1(32)
[24.922s][info ][gc,heap        ] GC(1079) Old regions: 11->11
[24.922s][info ][gc,heap        ] GC(1079) Humongous regions: 0->0
[24.922s][info ][gc,metaspace   ] GC(1079) Metaspace: 10122K(10368K)->10122K(10368K) NonClass: 9159K(9344K)->9159K(9344K) Class: 963K(1024K)->963K(1024K)
[24.922s][info ][gc             ] GC(1079) Pause Young (Normal) (G1 Evacuation Pause) 256M->4M(424M) 0.571ms
[24.922s][info ][gc,cpu         ] GC(1079) User=0.00s Sys=0.00s Real=0.00s
[24.938s][info ][gc,start       ] GC(1080) Pause Young (Normal) (G1 Evacuation Pause)
[24.938s][info ][gc,task        ] GC(1080) Using 9 workers of 9 for evacuation
[24.938s][debug][gc,age         ] GC(1080) Desired survivor size 16777216 bytes, new threshold 15 (max threshold 15)
[24.938s][info ][gc,phases      ] GC(1080)   Pre Evacuate Collection Set: 0.07ms
[24.938s][info ][gc,phases      ] GC(1080)   Merge Heap Roots: 0.07ms
[24.938s][info ][gc,phases      ] GC(1080)   Evacuate Collection Set: 0.10ms
[24.938s][info ][gc,phases      ] GC(1080)   Post Evacuate Collection Set: 0.16ms
[24.938s][info ][gc,phases      ] GC(1080)   Other: 0.05ms
[24.938s][trace][gc,age         ] GC(1080) Age table:
[24.938s][trace][gc,age         ] GC(1080) - age   1:        192 bytes,        192 total
[24.938s][info ][gc,heap        ] GC(1080) Eden regions: 253->0(253)
[24.938s][info ][gc,heap        ] GC(1080) Survivor regions: 1->1(32)
[24.938s][info ][gc,heap        ] GC(1080) Old regions: 11->11
[24.938s][info ][gc,heap        ] GC(1080) Humongous regions: 0->0
[24.938s][info ][gc,metaspace   ] GC(1080) Metaspace: 10122K(10368K)->10122K(10368K) NonClass: 9159K(9344K)->9159K(9344K) Class: 963K(1024K)->963K(1024K)
[24.938s][info ][gc             ] GC(1080) Pause Young (Normal) (G1 Evacuation Pause) 256M->4M(424M) 0.537ms
[24.938s][info ][gc,cpu         ] GC(1080) User=0.00s Sys=0.00s Real=0.00s
[24.954s][info ][gc,start       ] GC(1081) Pause Young (Normal) (G1 Evacuation Pause)
[24.954s][info ][gc,task        ] GC(1081) Using 9 workers of 9 for evacuation
[24.954s][debug][gc,age         ] GC(1081) Desired survivor size 16777216 bytes, new threshold 15 (max threshold 15)
[24.954s][info ][gc,phases      ] GC(1081)   Pre Evacuate Collection Set: 0.08ms
[24.954s][info ][gc,phases      ] GC(1081)   Merge Heap Roots: 0.06ms
[24.954s][info ][gc,phases      ] GC(1081)   Evacuate Collection Set: 0.11ms
[24.954s][info ][gc,phases      ] GC(1081)   Post Evacuate Collection Set: 0.16ms
[24.954s][info ][gc,phases      ] GC(1081)   Other: 0.06ms
[24.954s][trace][gc,age         ] GC(1081) Age table:
[24.954s][trace][gc,age         ] GC(1081) - age   1:        192 bytes,        192 total
[24.954s][info ][gc,heap        ] GC(1081) Eden regions: 253->0(253)
[24.954s][info ][gc,heap        ] GC(1081) Survivor regions: 1->1(32)
[24.954s][info ][gc,heap        ] GC(1081) Old regions: 11->11
[24.954s][info ][gc,heap        ] GC(1081) Humongous regions: 0->0
[24.954s][info ][gc,metaspace   ] GC(1081) Metaspace: 10122K(10368K)->10122K(10368K) NonClass: 9159K(9344K)->9159K(9344K) Class: 963K(1024K)->963K(1024K)
[24.954s][info ][gc             ] GC(1081) Pause Young (Normal) (G1 Evacuation Pause) 256M->4M(424M) 0.551ms
[24.954s][info ][gc,cpu         ] GC(1081) User=0.00s Sys=0.00s Real=0.00s
[24.970s][info ][gc,start       ] GC(1082) Pause Young (Normal) (G1 Evacuation Pause)
[24.970s][info ][gc,task        ] GC(1082) Using 9 workers of 9 for evacuation
[24.970s][debug][gc,age         ] GC(1082) Desired survivor size 16777216 bytes, new threshold 15 (max threshold 15)
[24.970s][info ][gc,phases      ] GC(1082)   Pre Evacuate Collection Set: 0.09ms
[24.970s][info ][gc,phases      ] GC(1082)   Merge Heap Roots: 0.07ms
[24.970s][info ][gc,phases      ] GC(1082)   Evacuate Collection Set: 0.10ms
[24.970s][info ][gc,phases      ] GC(1082)   Post Evacuate Collection Set: 0.17ms
[24.970s][info ][gc,phases      ] GC(1082)   Other: 0.05ms
[24.970s][trace][gc,age         ] GC(1082) Age table:
[24.970s][trace][gc,age         ] GC(1082) - age   1:        192 bytes,        192 total
[24.970s][info ][gc,heap        ] GC(1082) Eden regions: 253->0(253)
[24.970s][info ][gc,heap        ] GC(1082) Survivor regions: 1->1(32)
[24.970s][info ][gc,heap        ] GC(1082) Old regions: 11->11
[24.970s][info ][gc,heap        ] GC(1082) Humongous regions: 0->0
[24.970s][info ][gc,metaspace   ] GC(1082) Metaspace: 10122K(10368K)->10122K(10368K) NonClass: 9159K(9344K)->9159K(9344K) Class: 963K(1024K)->963K(1024K)
[24.970s][info ][gc             ] GC(1082) Pause Young (Normal) (G1 Evacuation Pause) 256M->4M(424M) 0.559ms
[24.970s][info ][gc,cpu         ] GC(1082) User=0.00s Sys=0.00s Real=0.00s
[24.986s][info ][gc,start       ] GC(1083) Pause Young (Normal) (G1 Evacuation Pause)
[24.986s][info ][gc,task        ] GC(1083) Using 9 workers of 9 for evacuation
[24.986s][debug][gc,age         ] GC(1083) Desired survivor size 16777216 bytes, new threshold 15 (max threshold 15)
[24.987s][info ][gc,phases      ] GC(1083)   Pre Evacuate Collection Set: 0.09ms
[24.987s][info ][gc,phases      ] GC(1083)   Merge Heap Roots: 0.11ms
[24.987s][info ][gc,phases      ] GC(1083)   Evacuate Collection Set: 0.13ms
[24.987s][info ][gc,phases      ] GC(1083)   Post Evacuate Collection Set: 0.16ms
[24.987s][info ][gc,phases      ] GC(1083)   Other: 0.06ms
[24.987s][trace][gc,age         ] GC(1083) Age table:
[24.987s][trace][gc,age         ] GC(1083) - age   1:        192 bytes,        192 total
[24.987s][info ][gc,heap        ] GC(1083) Eden regions: 253->0(253)
[24.987s][info ][gc,heap        ] GC(1083) Survivor regions: 1->1(32)
[24.987s][info ][gc,heap        ] GC(1083) Old regions: 11->11
[24.987s][info ][gc,heap        ] GC(1083) Humongous regions: 0->0
[24.987s][info ][gc,metaspace   ] GC(1083) Metaspace: 10122K(10368K)->10122K(10368K) NonClass: 9159K(9344K)->9159K(9344K) Class: 963K(1024K)->963K(1024K)
[24.987s][info ][gc             ] GC(1083) Pause Young (Normal) (G1 Evacuation Pause) 256M->4M(424M) 0.665ms
[24.987s][info ][gc,cpu         ] GC(1083) User=0.00s Sys=0.00s Real=0.00s
[25.003s][info ][gc,start       ] GC(1084) Pause Young (Normal) (G1 Evacuation Pause)
[25.003s][info ][gc,task        ] GC(1084) Using 9 workers of 9 for evacuation
[25.003s][debug][gc,age         ] GC(1084) Desired survivor size 16777216 bytes, new threshold 15 (max threshold 15)
[25.003s][info ][gc,phases      ] GC(1084)   Pre Evacuate Collection Set: 0.09ms
[25.003s][info ][gc,phases      ] GC(1084)   Merge Heap Roots: 0.07ms
[25.003s][info ][gc,phases      ] GC(1084)   Evacuate Collection Set: 0.07ms
[25.003s][info ][gc,phases      ] GC(1084)   Post Evacuate Collection Set: 0.18ms
[25.003s][info ][gc,phases      ] GC(1084)   Other: 0.05ms
[25.003s][trace][gc,age         ] GC(1084) Age table:
[25.003s][trace][gc,age         ] GC(1084) - age   1:        192 bytes,        192 total
[25.003s][info ][gc,heap        ] GC(1084) Eden regions: 253->0(253)
[25.003s][info ][gc,heap        ] GC(1084) Survivor regions: 1->1(32)
[25.003s][info ][gc,heap        ] GC(1084) Old regions: 11->11
[25.003s][info ][gc,heap        ] GC(1084) Humongous regions: 0->0
[25.003s][info ][gc,metaspace   ] GC(1084) Metaspace: 10122K(10368K)->10122K(10368K) NonClass: 9159K(9344K)->9159K(9344K) Class: 963K(1024K)->963K(1024K)
[25.003s][info ][gc             ] GC(1084) Pause Young (Normal) (G1 Evacuation Pause) 256M->4M(424M) 0.553ms
[25.003s][info ][gc,cpu         ] GC(1084) User=0.00s Sys=0.00s Real=0.00s
[25.019s][info ][gc,start       ] GC(1085) Pause Young (Normal) (G1 Evacuation Pause)
[25.019s][info ][gc,task        ] GC(1085) Using 9 workers of 9 for evacuation
[25.019s][debug][gc,age         ] GC(1085) Desired survivor size 16777216 bytes, new threshold 15 (max threshold 15)
[25.019s][info ][gc,phases      ] GC(1085)   Pre Evacuate Collection Set: 0.08ms
[25.019s][info ][gc,phases      ] GC(1085)   Merge Heap Roots: 0.07ms
[25.019s][info ][gc,phases      ] GC(1085)   Evacuate Collection Set: 0.08ms
[25.019s][info ][gc,phases      ] GC(1085)   Post Evacuate Collection Set: 0.18ms
[25.019s][info ][gc,phases      ] GC(1085)   Other: 0.05ms
[25.019s][trace][gc,age         ] GC(1085) Age table:
[25.019s][trace][gc,age         ] GC(1085) - age   1:        192 bytes,        192 total
[25.019s][info ][gc,heap        ] GC(1085) Eden regions: 253->0(253)
[25.019s][info ][gc,heap        ] GC(1085) Survivor regions: 1->1(32)
[25.019s][info ][gc,heap        ] GC(1085) Old regions: 11->11
[25.019s][info ][gc,heap        ] GC(1085) Humongous regions: 0->0
[25.019s][info ][gc,metaspace   ] GC(1085) Metaspace: 10122K(10368K)->10122K(10368K) NonClass: 9159K(9344K)->9159K(9344K) Class: 963K(1024K)->963K(1024K)
[25.019s][info ][gc             ] GC(1085) Pause Young (Normal) (G1 Evacuation Pause) 256M->4M(424M) 0.548ms
[25.019s][info ][gc,cpu         ] GC(1085) User=0.00s Sys=0.00s Real=0.00s
[25.035s][info ][gc,start       ] GC(1086) Pause Young (Normal) (G1 Evacuation Pause)
[25.035s][info ][gc,task        ] GC(1086) Using 9 workers of 9 for evacuation
[25.035s][debug][gc,age         ] GC(1086) Desired survivor size 16777216 bytes, new threshold 15 (max threshold 15)
[25.036s][info ][gc,phases      ] GC(1086)   Pre Evacuate Collection Set: 0.07ms
[25.036s][info ][gc,phases      ] GC(1086)   Merge Heap Roots: 0.07ms
[25.036s][info ][gc,phases      ] GC(1086)   Evacuate Collection Set: 0.10ms
[25.036s][info ][gc,phases      ] GC(1086)   Post Evacuate Collection Set: 0.17ms
[25.036s][info ][gc,phases      ] GC(1086)   Other: 0.05ms
[25.036s][trace][gc,age         ] GC(1086) Age table:
[25.036s][trace][gc,age         ] GC(1086) - age   1:        192 bytes,        192 total
[25.036s][info ][gc,heap        ] GC(1086) Eden regions: 253->0(253)
[25.036s][info ][gc,heap        ] GC(1086) Survivor regions: 1->1(32)
[25.036s][info ][gc,heap        ] GC(1086) Old regions: 11->11
[25.036s][info ][gc,heap        ] GC(1086) Humongous regions: 0->0
[25.036s][info ][gc,metaspace   ] GC(1086) Metaspace: 10122K(10368K)->10122K(10368K) NonClass: 9159K(9344K)->9159K(9344K) Class: 963K(1024K)->963K(1024K)
[25.036s][info ][gc             ] GC(1086) Pause Young (Normal) (G1 Evacuation Pause) 256M->4M(424M) 0.560ms
[25.036s][info ][gc,cpu         ] GC(1086) User=0.00s Sys=0.01s Real=0.00s
[25.051s][info ][gc,start       ] GC(1087) Pause Young (Normal) (G1 Evacuation Pause)
[25.051s][info ][gc,task        ] GC(1087) Using 9 workers of 9 for evacuation
[25.051s][debug][gc,age         ] GC(1087) Desired survivor size 16777216 bytes, new threshold 15 (max threshold 15)
[25.052s][info ][gc,phases      ] GC(1087)   Pre Evacuate Collection Set: 0.08ms
[25.052s][info ][gc,phases      ] GC(1087)   Merge Heap Roots: 0.07ms
[25.052s][info ][gc,phases      ] GC(1087)   Evacuate Collection Set: 0.11ms
[25.052s][info ][gc,phases      ] GC(1087)   Post Evacuate Collection Set: 0.15ms
[25.052s][info ][gc,phases      ] GC(1087)   Other: 0.05ms
[25.052s][trace][gc,age         ] GC(1087) Age table:
[25.052s][trace][gc,age         ] GC(1087) - age   1:        192 bytes,        192 total
[25.052s][info ][gc,heap        ] GC(1087) Eden regions: 253->0(253)
[25.052s][info ][gc,heap        ] GC(1087) Survivor regions: 1->1(32)
[25.052s][info ][gc,heap        ] GC(1087) Old regions: 11->11
[25.052s][info ][gc,heap        ] GC(1087) Humongous regions: 0->0
[25.052s][info ][gc,metaspace   ] GC(1087) Metaspace: 10122K(10368K)->10122K(10368K) NonClass: 9159K(9344K)->9159K(9344K) Class: 963K(1024K)->963K(1024K)
[25.052s][info ][gc             ] GC(1087) Pause Young (Normal) (G1 Evacuation Pause) 256M->4M(424M) 0.549ms
[25.052s][info ][gc,cpu         ] GC(1087) User=0.00s Sys=0.00s Real=0.00s
[25.067s][info ][gc,start       ] GC(1088) Pause Young (Normal) (G1 Evacuation Pause)
[25.067s][info ][gc,task        ] GC(1088) Using 9 workers of 9 for evacuation
[25.067s][debug][gc,age         ] GC(1088) Desired survivor size 16777216 bytes, new threshold 15 (max threshold 15)
[25.068s][info ][gc,phases      ] GC(1088)   Pre Evacuate Collection Set: 0.07ms
[25.068s][info ][gc,phases      ] GC(1088)   Merge Heap Roots: 0.05ms
[25.068s][info ][gc,phases      ] GC(1088)   Evacuate Collection Set: 0.11ms
[25.068s][info ][gc,phases      ] GC(1088)   Post Evacuate Collection Set: 0.19ms
[25.068s][info ][gc,phases      ] GC(1088)   Other: 0.04ms
[25.068s][trace][gc,age         ] GC(1088) Age table:
[25.068s][trace][gc,age         ] GC(1088) - age   1:        192 bytes,        192 total
[25.068s][info ][gc,heap        ] GC(1088) Eden regions: 253->0(253)
[25.068s][info ][gc,heap        ] GC(1088) Survivor regions: 1->1(32)
[25.068s][info ][gc,heap        ] GC(1088) Old regions: 11->11
[25.068s][info ][gc,heap        ] GC(1088) Humongous regions: 0->0
[25.068s][info ][gc,metaspace   ] GC(1088) Metaspace: 10122K(10368K)->10122K(10368K) NonClass: 9159K(9344K)->9159K(9344K) Class: 963K(1024K)->963K(1024K)
[25.068s][info ][gc             ] GC(1088) Pause Young (Normal) (G1 Evacuation Pause) 256M->4M(424M) 0.556ms
[25.068s][info ][gc,cpu         ] GC(1088) User=0.00s Sys=0.00s Real=0.00s
[25.084s][info ][gc,start       ] GC(1089) Pause Young (Normal) (G1 Evacuation Pause)
[25.084s][info ][gc,task        ] GC(1089) Using 9 workers of 9 for evacuation
[25.084s][debug][gc,age         ] GC(1089) Desired survivor size 16777216 bytes, new threshold 15 (max threshold 15)
[25.084s][info ][gc,phases      ] GC(1089)   Pre Evacuate Collection Set: 0.09ms
[25.084s][info ][gc,phases      ] GC(1089)   Merge Heap Roots: 0.07ms
[25.084s][info ][gc,phases      ] GC(1089)   Evacuate Collection Set: 0.08ms
[25.084s][info ][gc,phases      ] GC(1089)   Post Evacuate Collection Set: 0.18ms
[25.084s][info ][gc,phases      ] GC(1089)   Other: 0.06ms
[25.084s][trace][gc,age         ] GC(1089) Age table:
[25.084s][trace][gc,age         ] GC(1089) - age   1:        192 bytes,        192 total
[25.084s][info ][gc,heap        ] GC(1089) Eden regions: 253->0(253)
[25.084s][info ][gc,heap        ] GC(1089) Survivor regions: 1->1(32)
[25.084s][info ][gc,heap        ] GC(1089) Old regions: 11->11
[25.084s][info ][gc,heap        ] GC(1089) Humongous regions: 0->0
[25.084s][info ][gc,metaspace   ] GC(1089) Metaspace: 10122K(10368K)->10122K(10368K) NonClass: 9159K(9344K)->9159K(9344K) Class: 963K(1024K)->963K(1024K)
[25.084s][info ][gc             ] GC(1089) Pause Young (Normal) (G1 Evacuation Pause) 256M->4M(424M) 0.581ms
[25.084s][info ][gc,cpu         ] GC(1089) User=0.00s Sys=0.00s Real=0.00s
[25.100s][info ][gc,start       ] GC(1090) Pause Young (Normal) (G1 Evacuation Pause)
[25.100s][info ][gc,task        ] GC(1090) Using 9 workers of 9 for evacuation
[25.100s][debug][gc,age         ] GC(1090) Desired survivor size 16777216 bytes, new threshold 15 (max threshold 15)
[25.100s][info ][gc,phases      ] GC(1090)   Pre Evacuate Collection Set: 0.08ms
[25.100s][info ][gc,phases      ] GC(1090)   Merge Heap Roots: 0.06ms
[25.100s][info ][gc,phases      ] GC(1090)   Evacuate Collection Set: 0.10ms
[25.100s][info ][gc,phases      ] GC(1090)   Post Evacuate Collection Set: 0.17ms
[25.100s][info ][gc,phases      ] GC(1090)   Other: 0.04ms
[25.100s][trace][gc,age         ] GC(1090) Age table:
[25.100s][trace][gc,age         ] GC(1090) - age   1:        192 bytes,        192 total
[25.100s][info ][gc,heap        ] GC(1090) Eden regions: 253->0(253)
[25.100s][info ][gc,heap        ] GC(1090) Survivor regions: 1->1(32)
[25.100s][info ][gc,heap        ] GC(1090) Old regions: 11->11
[25.100s][info ][gc,heap        ] GC(1090) Humongous regions: 0->0
[25.100s][info ][gc,metaspace   ] GC(1090) Metaspace: 10122K(10368K)->10122K(10368K) NonClass: 9159K(9344K)->9159K(9344K) Class: 963K(1024K)->963K(1024K)
[25.100s][info ][gc             ] GC(1090) Pause Young (Normal) (G1 Evacuation Pause) 256M->4M(424M) 0.531ms
[25.100s][info ][gc,cpu         ] GC(1090) User=0.00s Sys=0.00s Real=0.00s
[25.116s][info ][gc,start       ] GC(1091) Pause Young (Normal) (G1 Evacuation Pause)
[25.116s][info ][gc,task        ] GC(1091) Using 9 workers of 9 for evacuation
[25.116s][debug][gc,age         ] GC(1091) Desired survivor size 16777216 bytes, new threshold 15 (max threshold 15)
[25.116s][info ][gc,phases      ] GC(1091)   Pre Evacuate Collection Set: 0.08ms
[25.116s][info ][gc,phases      ] GC(1091)   Merge Heap Roots: 0.06ms
[25.116s][info ][gc,phases      ] GC(1091)   Evacuate Collection Set: 0.10ms
[25.116s][info ][gc,phases      ] GC(1091)   Post Evacuate Collection Set: 0.18ms
[25.116s][info ][gc,phases      ] GC(1091)   Other: 0.05ms
[25.116s][trace][gc,age         ] GC(1091) Age table:
[25.116s][trace][gc,age         ] GC(1091) - age   1:        192 bytes,        192 total
[25.116s][info ][gc,heap        ] GC(1091) Eden regions: 253->0(253)
[25.116s][info ][gc,heap        ] GC(1091) Survivor regions: 1->1(32)
[25.116s][info ][gc,heap        ] GC(1091) Old regions: 11->11
[25.116s][info ][gc,heap        ] GC(1091) Humongous regions: 0->0
[25.116s][info ][gc,metaspace   ] GC(1091) Metaspace: 10122K(10368K)->10122K(10368K) NonClass: 9159K(9344K)->9159K(9344K) Class: 963K(1024K)->963K(1024K)
[25.116s][info ][gc             ] GC(1091) Pause Young (Normal) (G1 Evacuation Pause) 256M->4M(424M) 0.556ms
[25.116s][info ][gc,cpu         ] GC(1091) User=0.00s Sys=0.00s Real=0.00s
[25.132s][info ][gc,start       ] GC(1092) Pause Young (Normal) (G1 Evacuation Pause)
[25.132s][info ][gc,task        ] GC(1092) Using 9 workers of 9 for evacuation
[25.132s][debug][gc,age         ] GC(1092) Desired survivor size 16777216 bytes, new threshold 15 (max threshold 15)
[25.133s][info ][gc,phases      ] GC(1092)   Pre Evacuate Collection Set: 0.07ms
[25.133s][info ][gc,phases      ] GC(1092)   Merge Heap Roots: 0.06ms
[25.133s][info ][gc,phases      ] GC(1092)   Evacuate Collection Set: 0.11ms
[25.133s][info ][gc,phases      ] GC(1092)   Post Evacuate Collection Set: 0.17ms
[25.133s][info ][gc,phases      ] GC(1092)   Other: 0.05ms
[25.133s][trace][gc,age         ] GC(1092) Age table:
[25.133s][trace][gc,age         ] GC(1092) - age   1:        192 bytes,        192 total
[25.133s][info ][gc,heap        ] GC(1092) Eden regions: 253->0(253)
[25.133s][info ][gc,heap        ] GC(1092) Survivor regions: 1->1(32)
[25.133s][info ][gc,heap        ] GC(1092) Old regions: 11->11
[25.133s][info ][gc,heap        ] GC(1092) Humongous regions: 0->0
[25.133s][info ][gc,metaspace   ] GC(1092) Metaspace: 10122K(10368K)->10122K(10368K) NonClass: 9159K(9344K)->9159K(9344K) Class: 963K(1024K)->963K(1024K)
[25.133s][info ][gc             ] GC(1092) Pause Young (Normal) (G1 Evacuation Pause) 256M->4M(424M) 0.555ms
[25.133s][info ][gc,cpu         ] GC(1092) User=0.00s Sys=0.00s Real=0.00s
[25.148s][info ][gc,start       ] GC(1093) Pause Young (Normal) (G1 Evacuation Pause)
[25.149s][info ][gc,task        ] GC(1093) Using 9 workers of 9 for evacuation
[25.149s][debug][gc,age         ] GC(1093) Desired survivor size 16777216 bytes, new threshold 15 (max threshold 15)
[25.149s][info ][gc,phases      ] GC(1093)   Pre Evacuate Collection Set: 0.07ms
[25.149s][info ][gc,phases      ] GC(1093)   Merge Heap Roots: 0.06ms
[25.149s][info ][gc,phases      ] GC(1093)   Evacuate Collection Set: 0.13ms
[25.149s][info ][gc,phases      ] GC(1093)   Post Evacuate Collection Set: 0.16ms
[25.149s][info ][gc,phases      ] GC(1093)   Other: 0.04ms
[25.149s][trace][gc,age         ] GC(1093) Age table:
[25.149s][trace][gc,age         ] GC(1093) - age   1:        192 bytes,        192 total
[25.149s][info ][gc,heap        ] GC(1093) Eden regions: 253->0(253)
[25.149s][info ][gc,heap        ] GC(1093) Survivor regions: 1->1(32)
[25.149s][info ][gc,heap        ] GC(1093) Old regions: 11->11
[25.149s][info ][gc,heap        ] GC(1093) Humongous regions: 0->0
[25.149s][info ][gc,metaspace   ] GC(1093) Metaspace: 10122K(10368K)->10122K(10368K) NonClass: 9159K(9344K)->9159K(9344K) Class: 963K(1024K)->963K(1024K)
[25.149s][info ][gc             ] GC(1093) Pause Young (Normal) (G1 Evacuation Pause) 256M->4M(424M) 0.548ms
[25.149s][info ][gc,cpu         ] GC(1093) User=0.00s Sys=0.00s Real=0.00s
[25.165s][info ][gc,start       ] GC(1094) Pause Young (Normal) (G1 Evacuation Pause)
[25.165s][info ][gc,task        ] GC(1094) Using 9 workers of 9 for evacuation
[25.165s][debug][gc,age         ] GC(1094) Desired survivor size 16777216 bytes, new threshold 15 (max threshold 15)
[25.165s][info ][gc,phases      ] GC(1094)   Pre Evacuate Collection Set: 0.07ms
[25.165s][info ][gc,phases      ] GC(1094)   Merge Heap Roots: 0.07ms
[25.165s][info ][gc,phases      ] GC(1094)   Evacuate Collection Set: 0.11ms
[25.165s][info ][gc,phases      ] GC(1094)   Post Evacuate Collection Set: 0.18ms
[25.165s][info ][gc,phases      ] GC(1094)   Other: 0.06ms
[25.165s][trace][gc,age         ] GC(1094) Age table:
[25.165s][trace][gc,age         ] GC(1094) - age   1:        192 bytes,        192 total
[25.165s][info ][gc,heap        ] GC(1094) Eden regions: 253->0(253)
[25.165s][info ][gc,heap        ] GC(1094) Survivor regions: 1->1(32)
[25.165s][info ][gc,heap        ] GC(1094) Old regions: 11->11
[25.165s][info ][gc,heap        ] GC(1094) Humongous regions: 0->0
[25.165s][info ][gc,metaspace   ] GC(1094) Metaspace: 10122K(10368K)->10122K(10368K) NonClass: 9159K(9344K)->9159K(9344K) Class: 963K(1024K)->963K(1024K)
[25.165s][info ][gc             ] GC(1094) Pause Young (Normal) (G1 Evacuation Pause) 256M->4M(424M) 0.580ms
[25.165s][info ][gc,cpu         ] GC(1094) User=0.00s Sys=0.00s Real=0.01s
[25.181s][info ][gc,start       ] GC(1095) Pause Young (Normal) (G1 Evacuation Pause)
[25.181s][info ][gc,task        ] GC(1095) Using 9 workers of 9 for evacuation
[25.181s][debug][gc,age         ] GC(1095) Desired survivor size 16777216 bytes, new threshold 15 (max threshold 15)
[25.181s][info ][gc,phases      ] GC(1095)   Pre Evacuate Collection Set: 0.07ms
[25.181s][info ][gc,phases      ] GC(1095)   Merge Heap Roots: 0.06ms
[25.181s][info ][gc,phases      ] GC(1095)   Evacuate Collection Set: 0.11ms
[25.181s][info ][gc,phases      ] GC(1095)   Post Evacuate Collection Set: 0.19ms
[25.181s][info ][gc,phases      ] GC(1095)   Other: 0.06ms
[25.181s][trace][gc,age         ] GC(1095) Age table:
[25.181s][trace][gc,age         ] GC(1095) - age   1:        192 bytes,        192 total
[25.181s][info ][gc,heap        ] GC(1095) Eden regions: 253->0(253)
[25.181s][info ][gc,heap        ] GC(1095) Survivor regions: 1->1(32)
[25.181s][info ][gc,heap        ] GC(1095) Old regions: 11->11
[25.181s][info ][gc,heap        ] GC(1095) Humongous regions: 0->0
[25.181s][info ][gc,metaspace   ] GC(1095) Metaspace: 10122K(10368K)->10122K(10368K) NonClass: 9159K(9344K)->9159K(9344K) Class: 963K(1024K)->963K(1024K)
[25.181s][info ][gc             ] GC(1095) Pause Young (Normal) (G1 Evacuation Pause) 256M->4M(424M) 0.584ms
[25.181s][info ][gc,cpu         ] GC(1095) User=0.01s Sys=0.00s Real=0.00s
[25.197s][info ][gc,start       ] GC(1096) Pause Young (Normal) (G1 Evacuation Pause)
[25.197s][info ][gc,task        ] GC(1096) Using 9 workers of 9 for evacuation
[25.197s][debug][gc,age         ] GC(1096) Desired survivor size 16777216 bytes, new threshold 15 (max threshold 15)
[25.197s][info ][gc,phases      ] GC(1096)   Pre Evacuate Collection Set: 0.08ms
[25.197s][info ][gc,phases      ] GC(1096)   Merge Heap Roots: 0.05ms
[25.197s][info ][gc,phases      ] GC(1096)   Evacuate Collection Set: 0.13ms
[25.197s][info ][gc,phases      ] GC(1096)   Post Evacuate Collection Set: 0.21ms
[25.197s][info ][gc,phases      ] GC(1096)   Other: 0.06ms
[25.197s][trace][gc,age         ] GC(1096) Age table:
[25.197s][trace][gc,age         ] GC(1096) - age   1:        192 bytes,        192 total
[25.197s][info ][gc,heap        ] GC(1096) Eden regions: 253->0(253)
[25.197s][info ][gc,heap        ] GC(1096) Survivor regions: 1->1(32)
[25.197s][info ][gc,heap        ] GC(1096) Old regions: 11->11
[25.197s][info ][gc,heap        ] GC(1096) Humongous regions: 0->0
[25.197s][info ][gc,metaspace   ] GC(1096) Metaspace: 10122K(10368K)->10122K(10368K) NonClass: 9159K(9344K)->9159K(9344K) Class: 963K(1024K)->963K(1024K)
[25.197s][info ][gc             ] GC(1096) Pause Young (Normal) (G1 Evacuation Pause) 256M->4M(424M) 0.621ms
[25.197s][info ][gc,cpu         ] GC(1096) User=0.00s Sys=0.00s Real=0.00s
[25.213s][info ][gc,start       ] GC(1097) Pause Young (Normal) (G1 Evacuation Pause)
[25.213s][info ][gc,task        ] GC(1097) Using 9 workers of 9 for evacuation
[25.213s][debug][gc,age         ] GC(1097) Desired survivor size 16777216 bytes, new threshold 15 (max threshold 15)
[25.214s][info ][gc,phases      ] GC(1097)   Pre Evacuate Collection Set: 0.09ms
[25.214s][info ][gc,phases      ] GC(1097)   Merge Heap Roots: 0.08ms
[25.214s][info ][gc,phases      ] GC(1097)   Evacuate Collection Set: 0.09ms
[25.214s][info ][gc,phases      ] GC(1097)   Post Evacuate Collection Set: 0.17ms
[25.214s][info ][gc,phases      ] GC(1097)   Other: 0.06ms
[25.214s][trace][gc,age         ] GC(1097) Age table:
[25.214s][trace][gc,age         ] GC(1097) - age   1:        192 bytes,        192 total
[25.214s][info ][gc,heap        ] GC(1097) Eden regions: 253->0(253)
[25.214s][info ][gc,heap        ] GC(1097) Survivor regions: 1->1(32)
[25.214s][info ][gc,heap        ] GC(1097) Old regions: 11->11
[25.214s][info ][gc,heap        ] GC(1097) Humongous regions: 0->0
[25.214s][info ][gc,metaspace   ] GC(1097) Metaspace: 10122K(10368K)->10122K(10368K) NonClass: 9159K(9344K)->9159K(9344K) Class: 963K(1024K)->963K(1024K)
[25.214s][info ][gc             ] GC(1097) Pause Young (Normal) (G1 Evacuation Pause) 256M->4M(424M) 0.575ms
[25.214s][info ][gc,cpu         ] GC(1097) User=0.00s Sys=0.00s Real=0.00s
[25.229s][info ][gc,start       ] GC(1098) Pause Young (Normal) (G1 Evacuation Pause)
[25.229s][info ][gc,task        ] GC(1098) Using 9 workers of 9 for evacuation
[25.229s][debug][gc,age         ] GC(1098) Desired survivor size 16777216 bytes, new threshold 15 (max threshold 15)
[25.230s][info ][gc,phases      ] GC(1098)   Pre Evacuate Collection Set: 0.08ms
[25.230s][info ][gc,phases      ] GC(1098)   Merge Heap Roots: 0.06ms
[25.230s][info ][gc,phases      ] GC(1098)   Evacuate Collection Set: 0.11ms
[25.230s][info ][gc,phases      ] GC(1098)   Post Evacuate Collection Set: 0.17ms
[25.230s][info ][gc,phases      ] GC(1098)   Other: 0.05ms
[25.230s][trace][gc,age         ] GC(1098) Age table:
[25.230s][trace][gc,age         ] GC(1098) - age   1:        192 bytes,        192 total
[25.230s][info ][gc,heap        ] GC(1098) Eden regions: 253->0(253)
[25.230s][info ][gc,heap        ] GC(1098) Survivor regions: 1->1(32)
[25.230s][info ][gc,heap        ] GC(1098) Old regions: 11->11
[25.230s][info ][gc,heap        ] GC(1098) Humongous regions: 0->0
[25.230s][info ][gc,metaspace   ] GC(1098) Metaspace: 10122K(10368K)->10122K(10368K) NonClass: 9159K(9344K)->9159K(9344K) Class: 963K(1024K)->963K(1024K)
[25.230s][info ][gc             ] GC(1098) Pause Young (Normal) (G1 Evacuation Pause) 256M->4M(424M) 0.558ms
[25.230s][info ][gc,cpu         ] GC(1098) User=0.00s Sys=0.00s Real=0.00s
[25.245s][info ][gc,start       ] GC(1099) Pause Young (Normal) (G1 Evacuation Pause)
[25.245s][info ][gc,task        ] GC(1099) Using 9 workers of 9 for evacuation
[25.245s][debug][gc,age         ] GC(1099) Desired survivor size 16777216 bytes, new threshold 15 (max threshold 15)
[25.246s][info ][gc,phases      ] GC(1099)   Pre Evacuate Collection Set: 0.07ms
[25.246s][info ][gc,phases      ] GC(1099)   Merge Heap Roots: 0.06ms
[25.246s][info ][gc,phases      ] GC(1099)   Evacuate Collection Set: 0.10ms
[25.246s][info ][gc,phases      ] GC(1099)   Post Evacuate Collection Set: 0.16ms
[25.246s][info ][gc,phases      ] GC(1099)   Other: 0.05ms
[25.246s][trace][gc,age         ] GC(1099) Age table:
[25.246s][trace][gc,age         ] GC(1099) - age   1:        192 bytes,        192 total
[25.246s][info ][gc,heap        ] GC(1099) Eden regions: 253->0(253)
[25.246s][info ][gc,heap        ] GC(1099) Survivor regions: 1->1(32)
[25.246s][info ][gc,heap        ] GC(1099) Old regions: 11->11
[25.246s][info ][gc,heap        ] GC(1099) Humongous regions: 0->0
[25.246s][info ][gc,metaspace   ] GC(1099) Metaspace: 10122K(10368K)->10122K(10368K) NonClass: 9159K(9344K)->9159K(9344K) Class: 963K(1024K)->963K(1024K)
[25.246s][info ][gc             ] GC(1099) Pause Young (Normal) (G1 Evacuation Pause) 256M->4M(424M) 0.542ms
[25.246s][info ][gc,cpu         ] GC(1099) User=0.00s Sys=0.00s Real=0.00s
[25.262s][info ][gc,start       ] GC(1100) Pause Young (Normal) (G1 Evacuation Pause)
[25.262s][info ][gc,task        ] GC(1100) Using 9 workers of 9 for evacuation
[25.262s][debug][gc,age         ] GC(1100) Desired survivor size 16777216 bytes, new threshold 15 (max threshold 15)
[25.262s][info ][gc,phases      ] GC(1100)   Pre Evacuate Collection Set: 0.10ms
[25.262s][info ][gc,phases      ] GC(1100)   Merge Heap Roots: 0.06ms
[25.262s][info ][gc,phases      ] GC(1100)   Evacuate Collection Set: 0.13ms
[25.262s][info ][gc,phases      ] GC(1100)   Post Evacuate Collection Set: 0.21ms
[25.262s][info ][gc,phases      ] GC(1100)   Other: 0.06ms
[25.262s][trace][gc,age         ] GC(1100) Age table:
[25.262s][trace][gc,age         ] GC(1100) - age   1:        192 bytes,        192 total
[25.262s][info ][gc,heap        ] GC(1100) Eden regions: 253->0(253)
[25.262s][info ][gc,heap        ] GC(1100) Survivor regions: 1->1(32)
[25.262s][info ][gc,heap        ] GC(1100) Old regions: 11->11
[25.262s][info ][gc,heap        ] GC(1100) Humongous regions: 0->0
[25.262s][info ][gc,metaspace   ] GC(1100) Metaspace: 10122K(10368K)->10122K(10368K) NonClass: 9159K(9344K)->9159K(9344K) Class: 963K(1024K)->963K(1024K)
[25.262s][info ][gc             ] GC(1100) Pause Young (Normal) (G1 Evacuation Pause) 256M->4M(424M) 0.651ms
[25.262s][info ][gc,cpu         ] GC(1100) User=0.00s Sys=0.00s Real=0.00s
[25.278s][info ][gc,start       ] GC(1101) Pause Young (Normal) (G1 Evacuation Pause)
[25.278s][info ][gc,task        ] GC(1101) Using 9 workers of 9 for evacuation
[25.278s][debug][gc,age         ] GC(1101) Desired survivor size 16777216 bytes, new threshold 15 (max threshold 15)
[25.279s][info ][gc,phases      ] GC(1101)   Pre Evacuate Collection Set: 0.09ms
[25.279s][info ][gc,phases      ] GC(1101)   Merge Heap Roots: 0.07ms
[25.279s][info ][gc,phases      ] GC(1101)   Evacuate Collection Set: 0.08ms
[25.279s][info ][gc,phases      ] GC(1101)   Post Evacuate Collection Set: 0.16ms
[25.279s][info ][gc,phases      ] GC(1101)   Other: 0.06ms
[25.279s][trace][gc,age         ] GC(1101) Age table:
[25.279s][trace][gc,age         ] GC(1101) - age   1:        192 bytes,        192 total
[25.279s][info ][gc,heap        ] GC(1101) Eden regions: 253->0(253)
[25.279s][info ][gc,heap        ] GC(1101) Survivor regions: 1->1(32)
[25.279s][info ][gc,heap        ] GC(1101) Old regions: 11->11
[25.279s][info ][gc,heap        ] GC(1101) Humongous regions: 0->0
[25.279s][info ][gc,metaspace   ] GC(1101) Metaspace: 10122K(10368K)->10122K(10368K) NonClass: 9159K(9344K)->9159K(9344K) Class: 963K(1024K)->963K(1024K)
[25.279s][info ][gc             ] GC(1101) Pause Young (Normal) (G1 Evacuation Pause) 256M->4M(424M) 0.552ms
[25.279s][info ][gc,cpu         ] GC(1101) User=0.00s Sys=0.00s Real=0.00s
[25.294s][info ][gc,start       ] GC(1102) Pause Young (Normal) (G1 Evacuation Pause)
[25.294s][info ][gc,task        ] GC(1102) Using 9 workers of 9 for evacuation
[25.294s][debug][gc,age         ] GC(1102) Desired survivor size 16777216 bytes, new threshold 15 (max threshold 15)
[25.295s][info ][gc,phases      ] GC(1102)   Pre Evacuate Collection Set: 0.07ms
[25.295s][info ][gc,phases      ] GC(1102)   Merge Heap Roots: 0.06ms
[25.295s][info ][gc,phases      ] GC(1102)   Evacuate Collection Set: 0.11ms
[25.295s][info ][gc,phases      ] GC(1102)   Post Evacuate Collection Set: 0.18ms
[25.295s][info ][gc,phases      ] GC(1102)   Other: 0.05ms
[25.295s][trace][gc,age         ] GC(1102) Age table:
[25.295s][trace][gc,age         ] GC(1102) - age   1:        192 bytes,        192 total
[25.295s][info ][gc,heap        ] GC(1102) Eden regions: 253->0(253)
[25.295s][info ][gc,heap        ] GC(1102) Survivor regions: 1->1(32)
[25.295s][info ][gc,heap        ] GC(1102) Old regions: 11->11
[25.295s][info ][gc,heap        ] GC(1102) Humongous regions: 0->0
[25.295s][info ][gc,metaspace   ] GC(1102) Metaspace: 10122K(10368K)->10122K(10368K) NonClass: 9159K(9344K)->9159K(9344K) Class: 963K(1024K)->963K(1024K)
[25.295s][info ][gc             ] GC(1102) Pause Young (Normal) (G1 Evacuation Pause) 256M->4M(424M) 0.564ms
[25.295s][info ][gc,cpu         ] GC(1102) User=0.00s Sys=0.00s Real=0.00s
[25.310s][info ][gc,start       ] GC(1103) Pause Young (Normal) (G1 Evacuation Pause)
[25.310s][info ][gc,task        ] GC(1103) Using 9 workers of 9 for evacuation
[25.310s][debug][gc,age         ] GC(1103) Desired survivor size 16777216 bytes, new threshold 15 (max threshold 15)
[25.311s][info ][gc,phases      ] GC(1103)   Pre Evacuate Collection Set: 0.07ms
[25.311s][info ][gc,phases      ] GC(1103)   Merge Heap Roots: 0.07ms
[25.311s][info ][gc,phases      ] GC(1103)   Evacuate Collection Set: 0.09ms
[25.311s][info ][gc,phases      ] GC(1103)   Post Evacuate Collection Set: 0.15ms
[25.311s][info ][gc,phases      ] GC(1103)   Other: 0.04ms
[25.311s][trace][gc,age         ] GC(1103) Age table:
[25.311s][trace][gc,age         ] GC(1103) - age   1:        192 bytes,        192 total
[25.311s][info ][gc,heap        ] GC(1103) Eden regions: 253->0(253)
[25.311s][info ][gc,heap        ] GC(1103) Survivor regions: 1->1(32)
[25.311s][info ][gc,heap        ] GC(1103) Old regions: 11->11
[25.311s][info ][gc,heap        ] GC(1103) Humongous regions: 0->0
[25.311s][info ][gc,metaspace   ] GC(1103) Metaspace: 10122K(10368K)->10122K(10368K) NonClass: 9159K(9344K)->9159K(9344K) Class: 963K(1024K)->963K(1024K)
[25.311s][info ][gc             ] GC(1103) Pause Young (Normal) (G1 Evacuation Pause) 256M->4M(424M) 0.503ms
[25.311s][info ][gc,cpu         ] GC(1103) User=0.00s Sys=0.00s Real=0.00s
[25.327s][info ][gc,start       ] GC(1104) Pause Young (Normal) (G1 Evacuation Pause)
[25.327s][info ][gc,task        ] GC(1104) Using 9 workers of 9 for evacuation
[25.327s][debug][gc,age         ] GC(1104) Desired survivor size 16777216 bytes, new threshold 15 (max threshold 15)
[25.327s][info ][gc,phases      ] GC(1104)   Pre Evacuate Collection Set: 0.10ms
[25.327s][info ][gc,phases      ] GC(1104)   Merge Heap Roots: 0.08ms
[25.327s][info ][gc,phases      ] GC(1104)   Evacuate Collection Set: 0.10ms
[25.327s][info ][gc,phases      ] GC(1104)   Post Evacuate Collection Set: 0.17ms
[25.327s][info ][gc,phases      ] GC(1104)   Other: 0.04ms
[25.327s][trace][gc,age         ] GC(1104) Age table:
[25.327s][trace][gc,age         ] GC(1104) - age   1:        192 bytes,        192 total
[25.327s][info ][gc,heap        ] GC(1104) Eden regions: 253->0(253)
[25.327s][info ][gc,heap        ] GC(1104) Survivor regions: 1->1(32)
[25.327s][info ][gc,heap        ] GC(1104) Old regions: 11->11
[25.327s][info ][gc,heap        ] GC(1104) Humongous regions: 0->0
[25.327s][info ][gc,metaspace   ] GC(1104) Metaspace: 10122K(10368K)->10122K(10368K) NonClass: 9159K(9344K)->9159K(9344K) Class: 963K(1024K)->963K(1024K)
[25.327s][info ][gc             ] GC(1104) Pause Young (Normal) (G1 Evacuation Pause) 256M->4M(424M) 0.586ms
[25.327s][info ][gc,cpu         ] GC(1104) User=0.00s Sys=0.00s Real=0.00s
[25.343s][info ][gc,start       ] GC(1105) Pause Young (Normal) (G1 Evacuation Pause)
[25.343s][info ][gc,task        ] GC(1105) Using 9 workers of 9 for evacuation
[25.343s][debug][gc,age         ] GC(1105) Desired survivor size 16777216 bytes, new threshold 15 (max threshold 15)
[25.343s][info ][gc,phases      ] GC(1105)   Pre Evacuate Collection Set: 0.07ms
[25.343s][info ][gc,phases      ] GC(1105)   Merge Heap Roots: 0.07ms
[25.343s][info ][gc,phases      ] GC(1105)   Evacuate Collection Set: 0.08ms
[25.343s][info ][gc,phases      ] GC(1105)   Post Evacuate Collection Set: 0.20ms
[25.343s][info ][gc,phases      ] GC(1105)   Other: 0.06ms
[25.343s][trace][gc,age         ] GC(1105) Age table:
[25.343s][trace][gc,age         ] GC(1105) - age   1:        192 bytes,        192 total
[25.343s][info ][gc,heap        ] GC(1105) Eden regions: 253->0(253)
[25.343s][info ][gc,heap        ] GC(1105) Survivor regions: 1->1(32)
[25.343s][info ][gc,heap        ] GC(1105) Old regions: 11->11
[25.343s][info ][gc,heap        ] GC(1105) Humongous regions: 0->0
[25.343s][info ][gc,metaspace   ] GC(1105) Metaspace: 10122K(10368K)->10122K(10368K) NonClass: 9159K(9344K)->9159K(9344K) Class: 963K(1024K)->963K(1024K)
[25.343s][info ][gc             ] GC(1105) Pause Young (Normal) (G1 Evacuation Pause) 256M->4M(424M) 0.560ms
[25.343s][info ][gc,cpu         ] GC(1105) User=0.00s Sys=0.00s Real=0.00s
[25.359s][info ][gc,start       ] GC(1106) Pause Young (Normal) (G1 Evacuation Pause)
[25.359s][info ][gc,task        ] GC(1106) Using 9 workers of 9 for evacuation
[25.359s][debug][gc,age         ] GC(1106) Desired survivor size 16777216 bytes, new threshold 15 (max threshold 15)
[25.359s][info ][gc,phases      ] GC(1106)   Pre Evacuate Collection Set: 0.08ms
[25.359s][info ][gc,phases      ] GC(1106)   Merge Heap Roots: 0.06ms
[25.359s][info ][gc,phases      ] GC(1106)   Evacuate Collection Set: 0.11ms
[25.359s][info ][gc,phases      ] GC(1106)   Post Evacuate Collection Set: 0.17ms
[25.359s][info ][gc,phases      ] GC(1106)   Other: 0.06ms
[25.359s][trace][gc,age         ] GC(1106) Age table:
[25.359s][trace][gc,age         ] GC(1106) - age   1:        192 bytes,        192 total
[25.359s][info ][gc,heap        ] GC(1106) Eden regions: 253->0(253)
[25.359s][info ][gc,heap        ] GC(1106) Survivor regions: 1->1(32)
[25.359s][info ][gc,heap        ] GC(1106) Old regions: 11->11
[25.359s][info ][gc,heap        ] GC(1106) Humongous regions: 0->0
[25.359s][info ][gc,metaspace   ] GC(1106) Metaspace: 10122K(10368K)->10122K(10368K) NonClass: 9159K(9344K)->9159K(9344K) Class: 963K(1024K)->963K(1024K)
[25.359s][info ][gc             ] GC(1106) Pause Young (Normal) (G1 Evacuation Pause) 256M->4M(424M) 0.570ms
[25.359s][info ][gc,cpu         ] GC(1106) User=0.00s Sys=0.00s Real=0.00s
[25.375s][info ][gc,start       ] GC(1107) Pause Young (Normal) (G1 Evacuation Pause)
[25.375s][info ][gc,task        ] GC(1107) Using 9 workers of 9 for evacuation
[25.375s][debug][gc,age         ] GC(1107) Desired survivor size 16777216 bytes, new threshold 15 (max threshold 15)
[25.376s][info ][gc,phases      ] GC(1107)   Pre Evacuate Collection Set: 0.09ms
[25.376s][info ][gc,phases      ] GC(1107)   Merge Heap Roots: 0.07ms
[25.376s][info ][gc,phases      ] GC(1107)   Evacuate Collection Set: 0.14ms
[25.376s][info ][gc,phases      ] GC(1107)   Post Evacuate Collection Set: 0.17ms
[25.376s][info ][gc,phases      ] GC(1107)   Other: 0.05ms
[25.376s][trace][gc,age         ] GC(1107) Age table:
[25.376s][trace][gc,age         ] GC(1107) - age   1:        192 bytes,        192 total
[25.376s][info ][gc,heap        ] GC(1107) Eden regions: 253->0(253)
[25.376s][info ][gc,heap        ] GC(1107) Survivor regions: 1->1(32)
[25.376s][info ][gc,heap        ] GC(1107) Old regions: 11->11
[25.376s][info ][gc,heap        ] GC(1107) Humongous regions: 0->0
[25.376s][info ][gc,metaspace   ] GC(1107) Metaspace: 10122K(10368K)->10122K(10368K) NonClass: 9159K(9344K)->9159K(9344K) Class: 963K(1024K)->963K(1024K)
[25.376s][info ][gc             ] GC(1107) Pause Young (Normal) (G1 Evacuation Pause) 256M->4M(424M) 0.600ms
[25.376s][info ][gc,cpu         ] GC(1107) User=0.00s Sys=0.00s Real=0.01s
[25.391s][info ][gc,start       ] GC(1108) Pause Young (Normal) (G1 Evacuation Pause)
[25.391s][info ][gc,task        ] GC(1108) Using 9 workers of 9 for evacuation
[25.391s][debug][gc,age         ] GC(1108) Desired survivor size 16777216 bytes, new threshold 15 (max threshold 15)
[25.392s][info ][gc,phases      ] GC(1108)   Pre Evacuate Collection Set: 0.10ms
[25.392s][info ][gc,phases      ] GC(1108)   Merge Heap Roots: 0.07ms
[25.392s][info ][gc,phases      ] GC(1108)   Evacuate Collection Set: 0.10ms
[25.392s][info ][gc,phases      ] GC(1108)   Post Evacuate Collection Set: 0.18ms
[25.392s][info ][gc,phases      ] GC(1108)   Other: 0.06ms
[25.392s][trace][gc,age         ] GC(1108) Age table:
[25.392s][trace][gc,age         ] GC(1108) - age   1:        192 bytes,        192 total
[25.392s][info ][gc,heap        ] GC(1108) Eden regions: 253->0(253)
[25.392s][info ][gc,heap        ] GC(1108) Survivor regions: 1->1(32)
[25.392s][info ][gc,heap        ] GC(1108) Old regions: 11->11
[25.392s][info ][gc,heap        ] GC(1108) Humongous regions: 0->0
[25.392s][info ][gc,metaspace   ] GC(1108) Metaspace: 10122K(10368K)->10122K(10368K) NonClass: 9159K(9344K)->9159K(9344K) Class: 963K(1024K)->963K(1024K)
[25.392s][info ][gc             ] GC(1108) Pause Young (Normal) (G1 Evacuation Pause) 256M->4M(424M) 0.611ms
[25.392s][info ][gc,cpu         ] GC(1108) User=0.00s Sys=0.00s Real=0.00s
[25.408s][info ][gc,start       ] GC(1109) Pause Young (Normal) (G1 Evacuation Pause)
[25.408s][info ][gc,task        ] GC(1109) Using 9 workers of 9 for evacuation
[25.408s][debug][gc,age         ] GC(1109) Desired survivor size 16777216 bytes, new threshold 15 (max threshold 15)
[25.408s][info ][gc,phases      ] GC(1109)   Pre Evacuate Collection Set: 0.06ms
[25.408s][info ][gc,phases      ] GC(1109)   Merge Heap Roots: 0.07ms
[25.408s][info ][gc,phases      ] GC(1109)   Evacuate Collection Set: 0.11ms
[25.408s][info ][gc,phases      ] GC(1109)   Post Evacuate Collection Set: 0.17ms
[25.408s][info ][gc,phases      ] GC(1109)   Other: 0.06ms
[25.408s][trace][gc,age         ] GC(1109) Age table:
[25.408s][trace][gc,age         ] GC(1109) - age   1:        192 bytes,        192 total
[25.408s][info ][gc,heap        ] GC(1109) Eden regions: 253->0(253)
[25.408s][info ][gc,heap        ] GC(1109) Survivor regions: 1->1(32)
[25.408s][info ][gc,heap        ] GC(1109) Old regions: 11->11
[25.408s][info ][gc,heap        ] GC(1109) Humongous regions: 0->0
[25.408s][info ][gc,metaspace   ] GC(1109) Metaspace: 10122K(10368K)->10122K(10368K) NonClass: 9159K(9344K)->9159K(9344K) Class: 963K(1024K)->963K(1024K)
[25.408s][info ][gc             ] GC(1109) Pause Young (Normal) (G1 Evacuation Pause) 256M->4M(424M) 0.570ms
[25.408s][info ][gc,cpu         ] GC(1109) User=0.00s Sys=0.00s Real=0.00s
[25.424s][info ][gc,start       ] GC(1110) Pause Young (Normal) (G1 Evacuation Pause)
[25.424s][info ][gc,task        ] GC(1110) Using 9 workers of 9 for evacuation
[25.424s][debug][gc,age         ] GC(1110) Desired survivor size 16777216 bytes, new threshold 15 (max threshold 15)
[25.424s][info ][gc,phases      ] GC(1110)   Pre Evacuate Collection Set: 0.07ms
[25.424s][info ][gc,phases      ] GC(1110)   Merge Heap Roots: 0.06ms
[25.424s][info ][gc,phases      ] GC(1110)   Evacuate Collection Set: 0.10ms
[25.424s][info ][gc,phases      ] GC(1110)   Post Evacuate Collection Set: 0.14ms
[25.424s][info ][gc,phases      ] GC(1110)   Other: 0.04ms
[25.424s][trace][gc,age         ] GC(1110) Age table:
[25.424s][trace][gc,age         ] GC(1110) - age   1:        192 bytes,        192 total
[25.424s][info ][gc,heap        ] GC(1110) Eden regions: 253->0(253)
[25.424s][info ][gc,heap        ] GC(1110) Survivor regions: 1->1(32)
[25.424s][info ][gc,heap        ] GC(1110) Old regions: 11->11
[25.424s][info ][gc,heap        ] GC(1110) Humongous regions: 0->0
[25.424s][info ][gc,metaspace   ] GC(1110) Metaspace: 10122K(10368K)->10122K(10368K) NonClass: 9159K(9344K)->9159K(9344K) Class: 963K(1024K)->963K(1024K)
[25.424s][info ][gc             ] GC(1110) Pause Young (Normal) (G1 Evacuation Pause) 256M->4M(424M) 0.498ms
[25.424s][info ][gc,cpu         ] GC(1110) User=0.00s Sys=0.00s Real=0.00s
[25.440s][info ][gc,start       ] GC(1111) Pause Young (Normal) (G1 Evacuation Pause)
[25.440s][info ][gc,task        ] GC(1111) Using 9 workers of 9 for evacuation
[25.440s][debug][gc,age         ] GC(1111) Desired survivor size 16777216 bytes, new threshold 15 (max threshold 15)
[25.441s][info ][gc,phases      ] GC(1111)   Pre Evacuate Collection Set: 0.07ms
[25.441s][info ][gc,phases      ] GC(1111)   Merge Heap Roots: 0.07ms
[25.441s][info ][gc,phases      ] GC(1111)   Evacuate Collection Set: 0.08ms
[25.441s][info ][gc,phases      ] GC(1111)   Post Evacuate Collection Set: 0.16ms
[25.441s][info ][gc,phases      ] GC(1111)   Other: 0.05ms
[25.441s][trace][gc,age         ] GC(1111) Age table:
[25.441s][trace][gc,age         ] GC(1111) - age   1:        192 bytes,        192 total
[25.441s][info ][gc,heap        ] GC(1111) Eden regions: 253->0(253)
[25.441s][info ][gc,heap        ] GC(1111) Survivor regions: 1->1(32)
[25.441s][info ][gc,heap        ] GC(1111) Old regions: 11->11
[25.441s][info ][gc,heap        ] GC(1111) Humongous regions: 0->0
[25.441s][info ][gc,metaspace   ] GC(1111) Metaspace: 10122K(10368K)->10122K(10368K) NonClass: 9159K(9344K)->9159K(9344K) Class: 963K(1024K)->963K(1024K)
[25.441s][info ][gc             ] GC(1111) Pause Young (Normal) (G1 Evacuation Pause) 256M->4M(424M) 0.512ms
[25.441s][info ][gc,cpu         ] GC(1111) User=0.00s Sys=0.00s Real=0.00s
[25.456s][info ][gc,start       ] GC(1112) Pause Young (Normal) (G1 Evacuation Pause)
[25.456s][info ][gc,task        ] GC(1112) Using 9 workers of 9 for evacuation
[25.456s][debug][gc,age         ] GC(1112) Desired survivor size 16777216 bytes, new threshold 15 (max threshold 15)
[25.457s][info ][gc,phases      ] GC(1112)   Pre Evacuate Collection Set: 0.07ms
[25.457s][info ][gc,phases      ] GC(1112)   Merge Heap Roots: 0.07ms
[25.457s][info ][gc,phases      ] GC(1112)   Evacuate Collection Set: 0.07ms
[25.457s][info ][gc,phases      ] GC(1112)   Post Evacuate Collection Set: 0.21ms
[25.457s][info ][gc,phases      ] GC(1112)   Other: 0.05ms
[25.457s][trace][gc,age         ] GC(1112) Age table:
[25.457s][trace][gc,age         ] GC(1112) - age   1:        192 bytes,        192 total
[25.457s][info ][gc,heap        ] GC(1112) Eden regions: 253->0(253)
[25.457s][info ][gc,heap        ] GC(1112) Survivor regions: 1->1(32)
[25.457s][info ][gc,heap        ] GC(1112) Old regions: 11->11
[25.457s][info ][gc,heap        ] GC(1112) Humongous regions: 0->0
[25.457s][info ][gc,metaspace   ] GC(1112) Metaspace: 10122K(10368K)->10122K(10368K) NonClass: 9159K(9344K)->9159K(9344K) Class: 963K(1024K)->963K(1024K)
[25.457s][info ][gc             ] GC(1112) Pause Young (Normal) (G1 Evacuation Pause) 256M->4M(424M) 0.554ms
[25.457s][info ][gc,cpu         ] GC(1112) User=0.00s Sys=0.00s Real=0.00s
[25.473s][info ][gc,start       ] GC(1113) Pause Young (Normal) (G1 Evacuation Pause)
[25.473s][info ][gc,task        ] GC(1113) Using 9 workers of 9 for evacuation
[25.473s][debug][gc,age         ] GC(1113) Desired survivor size 16777216 bytes, new threshold 15 (max threshold 15)
[25.473s][info ][gc,phases      ] GC(1113)   Pre Evacuate Collection Set: 0.12ms
[25.473s][info ][gc,phases      ] GC(1113)   Merge Heap Roots: 0.05ms
[25.473s][info ][gc,phases      ] GC(1113)   Evacuate Collection Set: 0.12ms
[25.473s][info ][gc,phases      ] GC(1113)   Post Evacuate Collection Set: 0.18ms
[25.473s][info ][gc,phases      ] GC(1113)   Other: 0.05ms
[25.473s][trace][gc,age         ] GC(1113) Age table:
[25.473s][trace][gc,age         ] GC(1113) - age   1:        192 bytes,        192 total
[25.473s][info ][gc,heap        ] GC(1113) Eden regions: 253->0(253)
[25.473s][info ][gc,heap        ] GC(1113) Survivor regions: 1->1(32)
[25.473s][info ][gc,heap        ] GC(1113) Old regions: 11->11
[25.473s][info ][gc,heap        ] GC(1113) Humongous regions: 0->0
[25.473s][info ][gc,metaspace   ] GC(1113) Metaspace: 10122K(10368K)->10122K(10368K) NonClass: 9159K(9344K)->9159K(9344K) Class: 963K(1024K)->963K(1024K)
[25.473s][info ][gc             ] GC(1113) Pause Young (Normal) (G1 Evacuation Pause) 256M->4M(424M) 0.609ms
[25.473s][info ][gc,cpu         ] GC(1113) User=0.00s Sys=0.00s Real=0.00s
[25.489s][info ][gc,start       ] GC(1114) Pause Young (Normal) (G1 Evacuation Pause)
[25.489s][info ][gc,task        ] GC(1114) Using 9 workers of 9 for evacuation
[25.489s][debug][gc,age         ] GC(1114) Desired survivor size 16777216 bytes, new threshold 15 (max threshold 15)
[25.489s][info ][gc,phases      ] GC(1114)   Pre Evacuate Collection Set: 0.09ms
[25.489s][info ][gc,phases      ] GC(1114)   Merge Heap Roots: 0.07ms
[25.489s][info ][gc,phases      ] GC(1114)   Evacuate Collection Set: 0.10ms
[25.489s][info ][gc,phases      ] GC(1114)   Post Evacuate Collection Set: 0.18ms
[25.489s][info ][gc,phases      ] GC(1114)   Other: 0.05ms
[25.489s][trace][gc,age         ] GC(1114) Age table:
[25.489s][trace][gc,age         ] GC(1114) - age   1:        192 bytes,        192 total
[25.489s][info ][gc,heap        ] GC(1114) Eden regions: 253->0(253)
[25.489s][info ][gc,heap        ] GC(1114) Survivor regions: 1->1(32)
[25.489s][info ][gc,heap        ] GC(1114) Old regions: 11->11
[25.489s][info ][gc,heap        ] GC(1114) Humongous regions: 0->0
[25.489s][info ][gc,metaspace   ] GC(1114) Metaspace: 10122K(10368K)->10122K(10368K) NonClass: 9159K(9344K)->9159K(9344K) Class: 963K(1024K)->963K(1024K)
[25.489s][info ][gc             ] GC(1114) Pause Young (Normal) (G1 Evacuation Pause) 256M->4M(424M) 0.577ms
[25.489s][info ][gc,cpu         ] GC(1114) User=0.00s Sys=0.00s Real=0.00s
[25.505s][info ][gc,start       ] GC(1115) Pause Young (Normal) (G1 Evacuation Pause)
[25.505s][info ][gc,task        ] GC(1115) Using 9 workers of 9 for evacuation
[25.505s][debug][gc,age         ] GC(1115) Desired survivor size 16777216 bytes, new threshold 15 (max threshold 15)
[25.505s][info ][gc,phases      ] GC(1115)   Pre Evacuate Collection Set: 0.10ms
[25.505s][info ][gc,phases      ] GC(1115)   Merge Heap Roots: 0.09ms
[25.505s][info ][gc,phases      ] GC(1115)   Evacuate Collection Set: 0.13ms
[25.505s][info ][gc,phases      ] GC(1115)   Post Evacuate Collection Set: 0.16ms
[25.505s][info ][gc,phases      ] GC(1115)   Other: 0.05ms
[25.505s][trace][gc,age         ] GC(1115) Age table:
[25.505s][trace][gc,age         ] GC(1115) - age   1:        192 bytes,        192 total
[25.505s][info ][gc,heap        ] GC(1115) Eden regions: 253->0(253)
[25.505s][info ][gc,heap        ] GC(1115) Survivor regions: 1->1(32)
[25.505s][info ][gc,heap        ] GC(1115) Old regions: 11->11
[25.505s][info ][gc,heap        ] GC(1115) Humongous regions: 0->0
[25.505s][info ][gc,metaspace   ] GC(1115) Metaspace: 10122K(10368K)->10122K(10368K) NonClass: 9159K(9344K)->9159K(9344K) Class: 963K(1024K)->963K(1024K)
[25.505s][info ][gc             ] GC(1115) Pause Young (Normal) (G1 Evacuation Pause) 256M->4M(424M) 0.616ms
[25.505s][info ][gc,cpu         ] GC(1115) User=0.01s Sys=0.00s Real=0.01s
[25.521s][info ][gc,start       ] GC(1116) Pause Young (Normal) (G1 Evacuation Pause)
[25.521s][info ][gc,task        ] GC(1116) Using 9 workers of 9 for evacuation
[25.521s][debug][gc,age         ] GC(1116) Desired survivor size 16777216 bytes, new threshold 15 (max threshold 15)
[25.522s][info ][gc,phases      ] GC(1116)   Pre Evacuate Collection Set: 0.10ms
[25.522s][info ][gc,phases      ] GC(1116)   Merge Heap Roots: 0.07ms
[25.522s][info ][gc,phases      ] GC(1116)   Evacuate Collection Set: 0.09ms
[25.522s][info ][gc,phases      ] GC(1116)   Post Evacuate Collection Set: 0.21ms
[25.522s][info ][gc,phases      ] GC(1116)   Other: 0.05ms
[25.522s][trace][gc,age         ] GC(1116) Age table:
[25.522s][trace][gc,age         ] GC(1116) - age   1:        192 bytes,        192 total
[25.522s][info ][gc,heap        ] GC(1116) Eden regions: 253->0(253)
[25.522s][info ][gc,heap        ] GC(1116) Survivor regions: 1->1(32)
[25.522s][info ][gc,heap        ] GC(1116) Old regions: 11->11
[25.522s][info ][gc,heap        ] GC(1116) Humongous regions: 0->0
[25.522s][info ][gc,metaspace   ] GC(1116) Metaspace: 10122K(10368K)->10122K(10368K) NonClass: 9159K(9344K)->9159K(9344K) Class: 963K(1024K)->963K(1024K)
[25.522s][info ][gc             ] GC(1116) Pause Young (Normal) (G1 Evacuation Pause) 256M->4M(424M) 0.595ms
[25.522s][info ][gc,cpu         ] GC(1116) User=0.00s Sys=0.00s Real=0.00s
[25.538s][info ][gc,start       ] GC(1117) Pause Young (Normal) (G1 Evacuation Pause)
[25.538s][info ][gc,task        ] GC(1117) Using 9 workers of 9 for evacuation
[25.538s][debug][gc,age         ] GC(1117) Desired survivor size 16777216 bytes, new threshold 15 (max threshold 15)
[25.538s][info ][gc,phases      ] GC(1117)   Pre Evacuate Collection Set: 0.06ms
[25.538s][info ][gc,phases      ] GC(1117)   Merge Heap Roots: 0.05ms
[25.538s][info ][gc,phases      ] GC(1117)   Evacuate Collection Set: 0.13ms
[25.538s][info ][gc,phases      ] GC(1117)   Post Evacuate Collection Set: 0.16ms
[25.538s][info ][gc,phases      ] GC(1117)   Other: 0.06ms
[25.538s][trace][gc,age         ] GC(1117) Age table:
[25.538s][trace][gc,age         ] GC(1117) - age   1:        192 bytes,        192 total
[25.538s][info ][gc,heap        ] GC(1117) Eden regions: 253->0(253)
[25.538s][info ][gc,heap        ] GC(1117) Survivor regions: 1->1(32)
[25.538s][info ][gc,heap        ] GC(1117) Old regions: 11->11
[25.538s][info ][gc,heap        ] GC(1117) Humongous regions: 0->0
[25.538s][info ][gc,metaspace   ] GC(1117) Metaspace: 10122K(10368K)->10122K(10368K) NonClass: 9159K(9344K)->9159K(9344K) Class: 963K(1024K)->963K(1024K)
[25.538s][info ][gc             ] GC(1117) Pause Young (Normal) (G1 Evacuation Pause) 256M->4M(424M) 0.563ms
[25.538s][info ][gc,cpu         ] GC(1117) User=0.00s Sys=0.00s Real=0.00s
[25.554s][info ][gc,start       ] GC(1118) Pause Young (Normal) (G1 Evacuation Pause)
[25.554s][info ][gc,task        ] GC(1118) Using 9 workers of 9 for evacuation
[25.554s][debug][gc,age         ] GC(1118) Desired survivor size 16777216 bytes, new threshold 15 (max threshold 15)
[25.554s][info ][gc,phases      ] GC(1118)   Pre Evacuate Collection Set: 0.08ms
[25.554s][info ][gc,phases      ] GC(1118)   Merge Heap Roots: 0.08ms
[25.554s][info ][gc,phases      ] GC(1118)   Evacuate Collection Set: 0.09ms
[25.554s][info ][gc,phases      ] GC(1118)   Post Evacuate Collection Set: 0.19ms
[25.554s][info ][gc,phases      ] GC(1118)   Other: 0.06ms
[25.554s][trace][gc,age         ] GC(1118) Age table:
[25.554s][trace][gc,age         ] GC(1118) - age   1:        192 bytes,        192 total
[25.554s][info ][gc,heap        ] GC(1118) Eden regions: 253->0(253)
[25.554s][info ][gc,heap        ] GC(1118) Survivor regions: 1->1(32)
[25.554s][info ][gc,heap        ] GC(1118) Old regions: 11->11
[25.554s][info ][gc,heap        ] GC(1118) Humongous regions: 0->0
[25.554s][info ][gc,metaspace   ] GC(1118) Metaspace: 10122K(10368K)->10122K(10368K) NonClass: 9159K(9344K)->9159K(9344K) Class: 963K(1024K)->963K(1024K)
[25.554s][info ][gc             ] GC(1118) Pause Young (Normal) (G1 Evacuation Pause) 256M->4M(424M) 0.580ms
[25.554s][info ][gc,cpu         ] GC(1118) User=0.00s Sys=0.00s Real=0.00s
[25.570s][info ][gc,start       ] GC(1119) Pause Young (Normal) (G1 Evacuation Pause)
[25.570s][info ][gc,task        ] GC(1119) Using 9 workers of 9 for evacuation
[25.570s][debug][gc,age         ] GC(1119) Desired survivor size 16777216 bytes, new threshold 15 (max threshold 15)
[25.570s][info ][gc,phases      ] GC(1119)   Pre Evacuate Collection Set: 0.06ms
[25.570s][info ][gc,phases      ] GC(1119)   Merge Heap Roots: 0.07ms
[25.570s][info ][gc,phases      ] GC(1119)   Evacuate Collection Set: 0.12ms
[25.570s][info ][gc,phases      ] GC(1119)   Post Evacuate Collection Set: 0.15ms
[25.570s][info ][gc,phases      ] GC(1119)   Other: 0.05ms
[25.570s][trace][gc,age         ] GC(1119) Age table:
[25.570s][trace][gc,age         ] GC(1119) - age   1:        192 bytes,        192 total
[25.570s][info ][gc,heap        ] GC(1119) Eden regions: 253->0(253)
[25.570s][info ][gc,heap        ] GC(1119) Survivor regions: 1->1(32)
[25.570s][info ][gc,heap        ] GC(1119) Old regions: 11->11
[25.570s][info ][gc,heap        ] GC(1119) Humongous regions: 0->0
[25.570s][info ][gc,metaspace   ] GC(1119) Metaspace: 10122K(10368K)->10122K(10368K) NonClass: 9159K(9344K)->9159K(9344K) Class: 963K(1024K)->963K(1024K)
[25.570s][info ][gc             ] GC(1119) Pause Young (Normal) (G1 Evacuation Pause) 256M->4M(424M) 0.536ms
[25.570s][info ][gc,cpu         ] GC(1119) User=0.00s Sys=0.00s Real=0.00s
[25.586s][info ][gc,start       ] GC(1120) Pause Young (Normal) (G1 Evacuation Pause)
[25.586s][info ][gc,task        ] GC(1120) Using 9 workers of 9 for evacuation
[25.586s][debug][gc,age         ] GC(1120) Desired survivor size 16777216 bytes, new threshold 15 (max threshold 15)
[25.586s][info ][gc,phases      ] GC(1120)   Pre Evacuate Collection Set: 0.07ms
[25.586s][info ][gc,phases      ] GC(1120)   Merge Heap Roots: 0.10ms
[25.586s][info ][gc,phases      ] GC(1120)   Evacuate Collection Set: 0.07ms
[25.586s][info ][gc,phases      ] GC(1120)   Post Evacuate Collection Set: 0.17ms
[25.586s][info ][gc,phases      ] GC(1120)   Other: 0.06ms
[25.586s][trace][gc,age         ] GC(1120) Age table:
[25.586s][trace][gc,age         ] GC(1120) - age   1:        192 bytes,        192 total
[25.586s][info ][gc,heap        ] GC(1120) Eden regions: 253->0(253)
[25.586s][info ][gc,heap        ] GC(1120) Survivor regions: 1->1(32)
[25.586s][info ][gc,heap        ] GC(1120) Old regions: 11->11
[25.586s][info ][gc,heap        ] GC(1120) Humongous regions: 0->0
[25.586s][info ][gc,metaspace   ] GC(1120) Metaspace: 10122K(10368K)->10122K(10368K) NonClass: 9159K(9344K)->9159K(9344K) Class: 963K(1024K)->963K(1024K)
[25.586s][info ][gc             ] GC(1120) Pause Young (Normal) (G1 Evacuation Pause) 256M->4M(424M) 0.557ms
[25.586s][info ][gc,cpu         ] GC(1120) User=0.00s Sys=0.00s Real=0.00s
[25.602s][info ][gc,start       ] GC(1121) Pause Young (Normal) (G1 Evacuation Pause)
[25.602s][info ][gc,task        ] GC(1121) Using 9 workers of 9 for evacuation
[25.602s][debug][gc,age         ] GC(1121) Desired survivor size 16777216 bytes, new threshold 15 (max threshold 15)
[25.602s][info ][gc,phases      ] GC(1121)   Pre Evacuate Collection Set: 0.11ms
[25.602s][info ][gc,phases      ] GC(1121)   Merge Heap Roots: 0.14ms
[25.602s][info ][gc,phases      ] GC(1121)   Evacuate Collection Set: 0.10ms
[25.602s][info ][gc,phases      ] GC(1121)   Post Evacuate Collection Set: 0.19ms
[25.602s][info ][gc,phases      ] GC(1121)   Other: 0.05ms
[25.602s][trace][gc,age         ] GC(1121) Age table:
[25.602s][trace][gc,age         ] GC(1121) - age   1:        192 bytes,        192 total
[25.602s][info ][gc,heap        ] GC(1121) Eden regions: 253->0(253)
[25.602s][info ][gc,heap        ] GC(1121) Survivor regions: 1->1(32)
[25.602s][info ][gc,heap        ] GC(1121) Old regions: 11->11
[25.602s][info ][gc,heap        ] GC(1121) Humongous regions: 0->0
[25.602s][info ][gc,metaspace   ] GC(1121) Metaspace: 10122K(10368K)->10122K(10368K) NonClass: 9159K(9344K)->9159K(9344K) Class: 963K(1024K)->963K(1024K)
[25.602s][info ][gc             ] GC(1121) Pause Young (Normal) (G1 Evacuation Pause) 256M->4M(424M) 0.664ms
[25.602s][info ][gc,cpu         ] GC(1121) User=0.01s Sys=0.00s Real=0.00s
[25.618s][info ][gc,start       ] GC(1122) Pause Young (Normal) (G1 Evacuation Pause)
[25.618s][info ][gc,task        ] GC(1122) Using 9 workers of 9 for evacuation
[25.618s][debug][gc,age         ] GC(1122) Desired survivor size 16777216 bytes, new threshold 15 (max threshold 15)
[25.618s][info ][gc,phases      ] GC(1122)   Pre Evacuate Collection Set: 0.06ms
[25.618s][info ][gc,phases      ] GC(1122)   Merge Heap Roots: 0.06ms
[25.618s][info ][gc,phases      ] GC(1122)   Evacuate Collection Set: 0.12ms
[25.618s][info ][gc,phases      ] GC(1122)   Post Evacuate Collection Set: 0.15ms
[25.618s][info ][gc,phases      ] GC(1122)   Other: 0.05ms
[25.618s][trace][gc,age         ] GC(1122) Age table:
[25.618s][trace][gc,age         ] GC(1122) - age   1:        192 bytes,        192 total
[25.618s][info ][gc,heap        ] GC(1122) Eden regions: 253->0(253)
[25.618s][info ][gc,heap        ] GC(1122) Survivor regions: 1->1(32)
[25.618s][info ][gc,heap        ] GC(1122) Old regions: 11->11
[25.618s][info ][gc,heap        ] GC(1122) Humongous regions: 0->0
[25.618s][info ][gc,metaspace   ] GC(1122) Metaspace: 10122K(10368K)->10122K(10368K) NonClass: 9159K(9344K)->9159K(9344K) Class: 963K(1024K)->963K(1024K)
[25.618s][info ][gc             ] GC(1122) Pause Young (Normal) (G1 Evacuation Pause) 256M->4M(424M) 0.519ms
[25.618s][info ][gc,cpu         ] GC(1122) User=0.00s Sys=0.00s Real=0.00s
[25.634s][info ][gc,start       ] GC(1123) Pause Young (Normal) (G1 Evacuation Pause)
[25.634s][info ][gc,task        ] GC(1123) Using 9 workers of 9 for evacuation
[25.634s][debug][gc,age         ] GC(1123) Desired survivor size 16777216 bytes, new threshold 15 (max threshold 15)
[25.634s][info ][gc,phases      ] GC(1123)   Pre Evacuate Collection Set: 0.08ms
[25.634s][info ][gc,phases      ] GC(1123)   Merge Heap Roots: 0.06ms
[25.634s][info ][gc,phases      ] GC(1123)   Evacuate Collection Set: 0.08ms
[25.634s][info ][gc,phases      ] GC(1123)   Post Evacuate Collection Set: 0.19ms
[25.634s][info ][gc,phases      ] GC(1123)   Other: 0.05ms
[25.634s][trace][gc,age         ] GC(1123) Age table:
[25.634s][trace][gc,age         ] GC(1123) - age   1:        192 bytes,        192 total
[25.634s][info ][gc,heap        ] GC(1123) Eden regions: 253->0(253)
[25.634s][info ][gc,heap        ] GC(1123) Survivor regions: 1->1(32)
[25.634s][info ][gc,heap        ] GC(1123) Old regions: 11->11
[25.634s][info ][gc,heap        ] GC(1123) Humongous regions: 0->0
[25.634s][info ][gc,metaspace   ] GC(1123) Metaspace: 10122K(10368K)->10122K(10368K) NonClass: 9159K(9344K)->9159K(9344K) Class: 963K(1024K)->963K(1024K)
[25.634s][info ][gc             ] GC(1123) Pause Young (Normal) (G1 Evacuation Pause) 256M->4M(424M) 0.552ms
[25.634s][info ][gc,cpu         ] GC(1123) User=0.00s Sys=0.00s Real=0.00s
[25.650s][info ][gc,start       ] GC(1124) Pause Young (Normal) (G1 Evacuation Pause)
[25.650s][info ][gc,task        ] GC(1124) Using 9 workers of 9 for evacuation
[25.650s][debug][gc,age         ] GC(1124) Desired survivor size 16777216 bytes, new threshold 15 (max threshold 15)
[25.650s][info ][gc,phases      ] GC(1124)   Pre Evacuate Collection Set: 0.07ms
[25.650s][info ][gc,phases      ] GC(1124)   Merge Heap Roots: 0.07ms
[25.650s][info ][gc,phases      ] GC(1124)   Evacuate Collection Set: 0.12ms
[25.650s][info ][gc,phases      ] GC(1124)   Post Evacuate Collection Set: 0.16ms
[25.650s][info ][gc,phases      ] GC(1124)   Other: 0.06ms
[25.650s][trace][gc,age         ] GC(1124) Age table:
[25.650s][trace][gc,age         ] GC(1124) - age   1:        192 bytes,        192 total
[25.650s][info ][gc,heap        ] GC(1124) Eden regions: 253->0(253)
[25.650s][info ][gc,heap        ] GC(1124) Survivor regions: 1->1(32)
[25.650s][info ][gc,heap        ] GC(1124) Old regions: 11->11
[25.650s][info ][gc,heap        ] GC(1124) Humongous regions: 0->0
[25.650s][info ][gc,metaspace   ] GC(1124) Metaspace: 10122K(10368K)->10122K(10368K) NonClass: 9159K(9344K)->9159K(9344K) Class: 963K(1024K)->963K(1024K)
[25.650s][info ][gc             ] GC(1124) Pause Young (Normal) (G1 Evacuation Pause) 256M->4M(424M) 0.569ms
[25.650s][info ][gc,cpu         ] GC(1124) User=0.01s Sys=0.00s Real=0.00s
[25.666s][info ][gc,start       ] GC(1125) Pause Young (Normal) (G1 Evacuation Pause)
[25.666s][info ][gc,task        ] GC(1125) Using 9 workers of 9 for evacuation
[25.666s][debug][gc,age         ] GC(1125) Desired survivor size 16777216 bytes, new threshold 15 (max threshold 15)
[25.667s][info ][gc,phases      ] GC(1125)   Pre Evacuate Collection Set: 0.08ms
[25.667s][info ][gc,phases      ] GC(1125)   Merge Heap Roots: 0.06ms
[25.667s][info ][gc,phases      ] GC(1125)   Evacuate Collection Set: 0.10ms
[25.667s][info ][gc,phases      ] GC(1125)   Post Evacuate Collection Set: 0.17ms
[25.667s][info ][gc,phases      ] GC(1125)   Other: 0.04ms
[25.667s][trace][gc,age         ] GC(1125) Age table:
[25.667s][trace][gc,age         ] GC(1125) - age   1:        192 bytes,        192 total
[25.667s][info ][gc,heap        ] GC(1125) Eden regions: 253->0(253)
[25.667s][info ][gc,heap        ] GC(1125) Survivor regions: 1->1(32)
[25.667s][info ][gc,heap        ] GC(1125) Old regions: 11->11
[25.667s][info ][gc,heap        ] GC(1125) Humongous regions: 0->0
[25.667s][info ][gc,metaspace   ] GC(1125) Metaspace: 10122K(10368K)->10122K(10368K) NonClass: 9159K(9344K)->9159K(9344K) Class: 963K(1024K)->963K(1024K)
[25.667s][info ][gc             ] GC(1125) Pause Young (Normal) (G1 Evacuation Pause) 256M->4M(424M) 0.535ms
[25.667s][info ][gc,cpu         ] GC(1125) User=0.00s Sys=0.00s Real=0.00s
[25.682s][info ][gc,start       ] GC(1126) Pause Young (Normal) (G1 Evacuation Pause)
[25.682s][info ][gc,task        ] GC(1126) Using 9 workers of 9 for evacuation
[25.682s][debug][gc,age         ] GC(1126) Desired survivor size 16777216 bytes, new threshold 15 (max threshold 15)
[25.683s][info ][gc,phases      ] GC(1126)   Pre Evacuate Collection Set: 0.08ms
[25.683s][info ][gc,phases      ] GC(1126)   Merge Heap Roots: 0.07ms
[25.683s][info ][gc,phases      ] GC(1126)   Evacuate Collection Set: 0.11ms
[25.683s][info ][gc,phases      ] GC(1126)   Post Evacuate Collection Set: 0.18ms
[25.683s][info ][gc,phases      ] GC(1126)   Other: 0.06ms
[25.683s][trace][gc,age         ] GC(1126) Age table:
[25.683s][trace][gc,age         ] GC(1126) - age   1:        192 bytes,        192 total
[25.683s][info ][gc,heap        ] GC(1126) Eden regions: 253->0(253)
[25.683s][info ][gc,heap        ] GC(1126) Survivor regions: 1->1(32)
[25.683s][info ][gc,heap        ] GC(1126) Old regions: 11->11
[25.683s][info ][gc,heap        ] GC(1126) Humongous regions: 0->0
[25.683s][info ][gc,metaspace   ] GC(1126) Metaspace: 10122K(10368K)->10122K(10368K) NonClass: 9159K(9344K)->9159K(9344K) Class: 963K(1024K)->963K(1024K)
[25.683s][info ][gc             ] GC(1126) Pause Young (Normal) (G1 Evacuation Pause) 256M->4M(424M) 0.598ms
[25.683s][info ][gc,cpu         ] GC(1126) User=0.00s Sys=0.00s Real=0.00s
[25.699s][info ][gc,start       ] GC(1127) Pause Young (Normal) (G1 Evacuation Pause)
[25.699s][info ][gc,task        ] GC(1127) Using 9 workers of 9 for evacuation
[25.699s][debug][gc,age         ] GC(1127) Desired survivor size 16777216 bytes, new threshold 15 (max threshold 15)
[25.699s][info ][gc,phases      ] GC(1127)   Pre Evacuate Collection Set: 0.10ms
[25.699s][info ][gc,phases      ] GC(1127)   Merge Heap Roots: 0.07ms
[25.699s][info ][gc,phases      ] GC(1127)   Evacuate Collection Set: 0.09ms
[25.699s][info ][gc,phases      ] GC(1127)   Post Evacuate Collection Set: 0.17ms
[25.699s][info ][gc,phases      ] GC(1127)   Other: 0.05ms
[25.699s][trace][gc,age         ] GC(1127) Age table:
[25.699s][trace][gc,age         ] GC(1127) - age   1:        192 bytes,        192 total
[25.699s][info ][gc,heap        ] GC(1127) Eden regions: 253->0(253)
[25.699s][info ][gc,heap        ] GC(1127) Survivor regions: 1->1(32)
[25.699s][info ][gc,heap        ] GC(1127) Old regions: 11->11
[25.699s][info ][gc,heap        ] GC(1127) Humongous regions: 0->0
[25.699s][info ][gc,metaspace   ] GC(1127) Metaspace: 10122K(10368K)->10122K(10368K) NonClass: 9159K(9344K)->9159K(9344K) Class: 963K(1024K)->963K(1024K)
[25.699s][info ][gc             ] GC(1127) Pause Young (Normal) (G1 Evacuation Pause) 256M->4M(424M) 0.556ms
[25.699s][info ][gc,cpu         ] GC(1127) User=0.00s Sys=0.00s Real=0.00s
[25.715s][info ][gc,start       ] GC(1128) Pause Young (Normal) (G1 Evacuation Pause)
[25.715s][info ][gc,task        ] GC(1128) Using 9 workers of 9 for evacuation
[25.715s][debug][gc,age         ] GC(1128) Desired survivor size 16777216 bytes, new threshold 15 (max threshold 15)
[25.715s][info ][gc,phases      ] GC(1128)   Pre Evacuate Collection Set: 0.08ms
[25.715s][info ][gc,phases      ] GC(1128)   Merge Heap Roots: 0.07ms
[25.715s][info ][gc,phases      ] GC(1128)   Evacuate Collection Set: 0.14ms
[25.715s][info ][gc,phases      ] GC(1128)   Post Evacuate Collection Set: 0.17ms
[25.715s][info ][gc,phases      ] GC(1128)   Other: 0.05ms
[25.715s][trace][gc,age         ] GC(1128) Age table:
[25.715s][trace][gc,age         ] GC(1128) - age   1:        192 bytes,        192 total
[25.715s][info ][gc,heap        ] GC(1128) Eden regions: 253->0(253)
[25.715s][info ][gc,heap        ] GC(1128) Survivor regions: 1->1(32)
[25.715s][info ][gc,heap        ] GC(1128) Old regions: 11->11
[25.715s][info ][gc,heap        ] GC(1128) Humongous regions: 0->0
[25.715s][info ][gc,metaspace   ] GC(1128) Metaspace: 10122K(10368K)->10122K(10368K) NonClass: 9159K(9344K)->9159K(9344K) Class: 963K(1024K)->963K(1024K)
[25.715s][info ][gc             ] GC(1128) Pause Young (Normal) (G1 Evacuation Pause) 256M->4M(424M) 0.598ms
[25.715s][info ][gc,cpu         ] GC(1128) User=0.00s Sys=0.00s Real=0.01s
[25.731s][info ][gc,start       ] GC(1129) Pause Young (Normal) (G1 Evacuation Pause)
[25.731s][info ][gc,task        ] GC(1129) Using 9 workers of 9 for evacuation
[25.731s][debug][gc,age         ] GC(1129) Desired survivor size 16777216 bytes, new threshold 15 (max threshold 15)
[25.731s][info ][gc,phases      ] GC(1129)   Pre Evacuate Collection Set: 0.08ms
[25.731s][info ][gc,phases      ] GC(1129)   Merge Heap Roots: 0.08ms
[25.731s][info ][gc,phases      ] GC(1129)   Evacuate Collection Set: 0.12ms
[25.731s][info ][gc,phases      ] GC(1129)   Post Evacuate Collection Set: 0.16ms
[25.731s][info ][gc,phases      ] GC(1129)   Other: 0.04ms
[25.731s][trace][gc,age         ] GC(1129) Age table:
[25.731s][trace][gc,age         ] GC(1129) - age   1:        192 bytes,        192 total
[25.731s][info ][gc,heap        ] GC(1129) Eden regions: 253->0(253)
[25.731s][info ][gc,heap        ] GC(1129) Survivor regions: 1->1(32)
[25.731s][info ][gc,heap        ] GC(1129) Old regions: 11->11
[25.731s][info ][gc,heap        ] GC(1129) Humongous regions: 0->0
[25.731s][info ][gc,metaspace   ] GC(1129) Metaspace: 10122K(10368K)->10122K(10368K) NonClass: 9159K(9344K)->9159K(9344K) Class: 963K(1024K)->963K(1024K)
[25.731s][info ][gc             ] GC(1129) Pause Young (Normal) (G1 Evacuation Pause) 256M->4M(424M) 0.560ms
[25.731s][info ][gc,cpu         ] GC(1129) User=0.00s Sys=0.00s Real=0.00s
[25.747s][info ][gc,start       ] GC(1130) Pause Young (Normal) (G1 Evacuation Pause)
[25.747s][info ][gc,task        ] GC(1130) Using 9 workers of 9 for evacuation
[25.747s][debug][gc,age         ] GC(1130) Desired survivor size 16777216 bytes, new threshold 15 (max threshold 15)
[25.748s][info ][gc,phases      ] GC(1130)   Pre Evacuate Collection Set: 0.07ms
[25.748s][info ][gc,phases      ] GC(1130)   Merge Heap Roots: 0.07ms
[25.748s][info ][gc,phases      ] GC(1130)   Evacuate Collection Set: 0.07ms
[25.748s][info ][gc,phases      ] GC(1130)   Post Evacuate Collection Set: 0.16ms
[25.748s][info ][gc,phases      ] GC(1130)   Other: 0.04ms
[25.748s][trace][gc,age         ] GC(1130) Age table:
[25.748s][trace][gc,age         ] GC(1130) - age   1:        192 bytes,        192 total
[25.748s][info ][gc,heap        ] GC(1130) Eden regions: 253->0(253)
[25.748s][info ][gc,heap        ] GC(1130) Survivor regions: 1->1(32)
[25.748s][info ][gc,heap        ] GC(1130) Old regions: 11->11
[25.748s][info ][gc,heap        ] GC(1130) Humongous regions: 0->0
[25.748s][info ][gc,metaspace   ] GC(1130) Metaspace: 10122K(10368K)->10122K(10368K) NonClass: 9159K(9344K)->9159K(9344K) Class: 963K(1024K)->963K(1024K)
[25.748s][info ][gc             ] GC(1130) Pause Young (Normal) (G1 Evacuation Pause) 256M->4M(424M) 0.497ms
[25.748s][info ][gc,cpu         ] GC(1130) User=0.00s Sys=0.00s Real=0.00s
[25.763s][info ][gc,start       ] GC(1131) Pause Young (Normal) (G1 Evacuation Pause)
[25.763s][info ][gc,task        ] GC(1131) Using 9 workers of 9 for evacuation
[25.763s][debug][gc,age         ] GC(1131) Desired survivor size 16777216 bytes, new threshold 15 (max threshold 15)
[25.764s][info ][gc,phases      ] GC(1131)   Pre Evacuate Collection Set: 0.07ms
[25.764s][info ][gc,phases      ] GC(1131)   Merge Heap Roots: 0.06ms
[25.764s][info ][gc,phases      ] GC(1131)   Evacuate Collection Set: 0.13ms
[25.764s][info ][gc,phases      ] GC(1131)   Post Evacuate Collection Set: 0.18ms
[25.764s][info ][gc,phases      ] GC(1131)   Other: 0.06ms
[25.764s][trace][gc,age         ] GC(1131) Age table:
[25.764s][trace][gc,age         ] GC(1131) - age   1:        192 bytes,        192 total
[25.764s][info ][gc,heap        ] GC(1131) Eden regions: 253->0(253)
[25.764s][info ][gc,heap        ] GC(1131) Survivor regions: 1->1(32)
[25.764s][info ][gc,heap        ] GC(1131) Old regions: 11->11
[25.764s][info ][gc,heap        ] GC(1131) Humongous regions: 0->0
[25.764s][info ][gc,metaspace   ] GC(1131) Metaspace: 10122K(10368K)->10122K(10368K) NonClass: 9159K(9344K)->9159K(9344K) Class: 963K(1024K)->963K(1024K)
[25.764s][info ][gc             ] GC(1131) Pause Young (Normal) (G1 Evacuation Pause) 256M->4M(424M) 0.596ms
[25.764s][info ][gc,cpu         ] GC(1131) User=0.00s Sys=0.00s Real=0.00s
[25.780s][info ][gc,start       ] GC(1132) Pause Young (Normal) (G1 Evacuation Pause)
[25.780s][info ][gc,task        ] GC(1132) Using 9 workers of 9 for evacuation
[25.780s][debug][gc,age         ] GC(1132) Desired survivor size 16777216 bytes, new threshold 15 (max threshold 15)
[25.780s][info ][gc,phases      ] GC(1132)   Pre Evacuate Collection Set: 0.07ms
[25.780s][info ][gc,phases      ] GC(1132)   Merge Heap Roots: 0.05ms
[25.780s][info ][gc,phases      ] GC(1132)   Evacuate Collection Set: 0.11ms
[25.780s][info ][gc,phases      ] GC(1132)   Post Evacuate Collection Set: 0.15ms
[25.780s][info ][gc,phases      ] GC(1132)   Other: 0.05ms
[25.780s][trace][gc,age         ] GC(1132) Age table:
[25.780s][trace][gc,age         ] GC(1132) - age   1:        192 bytes,        192 total
[25.780s][info ][gc,heap        ] GC(1132) Eden regions: 253->0(253)
[25.780s][info ][gc,heap        ] GC(1132) Survivor regions: 1->1(32)
[25.780s][info ][gc,heap        ] GC(1132) Old regions: 11->11
[25.780s][info ][gc,heap        ] GC(1132) Humongous regions: 0->0
[25.780s][info ][gc,metaspace   ] GC(1132) Metaspace: 10122K(10368K)->10122K(10368K) NonClass: 9159K(9344K)->9159K(9344K) Class: 963K(1024K)->963K(1024K)
[25.780s][info ][gc             ] GC(1132) Pause Young (Normal) (G1 Evacuation Pause) 256M->4M(424M) 0.514ms
[25.780s][info ][gc,cpu         ] GC(1132) User=0.00s Sys=0.00s Real=0.00s
[25.796s][info ][gc,start       ] GC(1133) Pause Young (Normal) (G1 Evacuation Pause)
[25.796s][info ][gc,task        ] GC(1133) Using 9 workers of 9 for evacuation
[25.796s][debug][gc,age         ] GC(1133) Desired survivor size 16777216 bytes, new threshold 15 (max threshold 15)
[25.797s][info ][gc,phases      ] GC(1133)   Pre Evacuate Collection Set: 0.09ms
[25.797s][info ][gc,phases      ] GC(1133)   Merge Heap Roots: 0.07ms
[25.797s][info ][gc,phases      ] GC(1133)   Evacuate Collection Set: 0.13ms
[25.797s][info ][gc,phases      ] GC(1133)   Post Evacuate Collection Set: 0.18ms
[25.797s][info ][gc,phases      ] GC(1133)   Other: 0.06ms
[25.797s][trace][gc,age         ] GC(1133) Age table:
[25.797s][trace][gc,age         ] GC(1133) - age   1:        192 bytes,        192 total
[25.797s][info ][gc,heap        ] GC(1133) Eden regions: 253->0(253)
[25.797s][info ][gc,heap        ] GC(1133) Survivor regions: 1->1(32)
[25.797s][info ][gc,heap        ] GC(1133) Old regions: 11->11
[25.797s][info ][gc,heap        ] GC(1133) Humongous regions: 0->0
[25.797s][info ][gc,metaspace   ] GC(1133) Metaspace: 10122K(10368K)->10122K(10368K) NonClass: 9159K(9344K)->9159K(9344K) Class: 963K(1024K)->963K(1024K)
[25.797s][info ][gc             ] GC(1133) Pause Young (Normal) (G1 Evacuation Pause) 256M->4M(424M) 0.630ms
[25.797s][info ][gc,cpu         ] GC(1133) User=0.00s Sys=0.00s Real=0.00s
[25.812s][info ][gc,start       ] GC(1134) Pause Young (Normal) (G1 Evacuation Pause)
[25.812s][info ][gc,task        ] GC(1134) Using 9 workers of 9 for evacuation
[25.812s][debug][gc,age         ] GC(1134) Desired survivor size 16777216 bytes, new threshold 15 (max threshold 15)
[25.813s][info ][gc,phases      ] GC(1134)   Pre Evacuate Collection Set: 0.10ms
[25.813s][info ][gc,phases      ] GC(1134)   Merge Heap Roots: 0.08ms
[25.813s][info ][gc,phases      ] GC(1134)   Evacuate Collection Set: 0.08ms
[25.813s][info ][gc,phases      ] GC(1134)   Post Evacuate Collection Set: 0.19ms
[25.813s][info ][gc,phases      ] GC(1134)   Other: 0.05ms
[25.813s][trace][gc,age         ] GC(1134) Age table:
[25.813s][trace][gc,age         ] GC(1134) - age   1:        192 bytes,        192 total
[25.813s][info ][gc,heap        ] GC(1134) Eden regions: 253->0(253)
[25.813s][info ][gc,heap        ] GC(1134) Survivor regions: 1->1(32)
[25.813s][info ][gc,heap        ] GC(1134) Old regions: 11->11
[25.813s][info ][gc,heap        ] GC(1134) Humongous regions: 0->0
[25.813s][info ][gc,metaspace   ] GC(1134) Metaspace: 10122K(10368K)->10122K(10368K) NonClass: 9159K(9344K)->9159K(9344K) Class: 963K(1024K)->963K(1024K)
[25.813s][info ][gc             ] GC(1134) Pause Young (Normal) (G1 Evacuation Pause) 256M->4M(424M) 0.585ms
[25.813s][info ][gc,cpu         ] GC(1134) User=0.00s Sys=0.00s Real=0.00s
[25.828s][info ][gc,start       ] GC(1135) Pause Young (Normal) (G1 Evacuation Pause)
[25.828s][info ][gc,task        ] GC(1135) Using 9 workers of 9 for evacuation
[25.828s][debug][gc,age         ] GC(1135) Desired survivor size 16777216 bytes, new threshold 15 (max threshold 15)
[25.829s][info ][gc,phases      ] GC(1135)   Pre Evacuate Collection Set: 0.09ms
[25.829s][info ][gc,phases      ] GC(1135)   Merge Heap Roots: 0.08ms
[25.829s][info ][gc,phases      ] GC(1135)   Evacuate Collection Set: 0.09ms
[25.829s][info ][gc,phases      ] GC(1135)   Post Evacuate Collection Set: 0.17ms
[25.829s][info ][gc,phases      ] GC(1135)   Other: 0.05ms
[25.829s][trace][gc,age         ] GC(1135) Age table:
[25.829s][trace][gc,age         ] GC(1135) - age   1:        192 bytes,        192 total
[25.829s][info ][gc,heap        ] GC(1135) Eden regions: 253->0(253)
[25.829s][info ][gc,heap        ] GC(1135) Survivor regions: 1->1(32)
[25.829s][info ][gc,heap        ] GC(1135) Old regions: 11->11
[25.829s][info ][gc,heap        ] GC(1135) Humongous regions: 0->0
[25.829s][info ][gc,metaspace   ] GC(1135) Metaspace: 10122K(10368K)->10122K(10368K) NonClass: 9159K(9344K)->9159K(9344K) Class: 963K(1024K)->963K(1024K)
[25.829s][info ][gc             ] GC(1135) Pause Young (Normal) (G1 Evacuation Pause) 256M->4M(424M) 0.566ms
[25.829s][info ][gc,cpu         ] GC(1135) User=0.00s Sys=0.00s Real=0.00s
[25.845s][info ][gc,start       ] GC(1136) Pause Young (Normal) (G1 Evacuation Pause)
[25.845s][info ][gc,task        ] GC(1136) Using 9 workers of 9 for evacuation
[25.845s][debug][gc,age         ] GC(1136) Desired survivor size 16777216 bytes, new threshold 15 (max threshold 15)
[25.845s][info ][gc,phases      ] GC(1136)   Pre Evacuate Collection Set: 0.08ms
[25.845s][info ][gc,phases      ] GC(1136)   Merge Heap Roots: 0.09ms
[25.845s][info ][gc,phases      ] GC(1136)   Evacuate Collection Set: 0.09ms
[25.845s][info ][gc,phases      ] GC(1136)   Post Evacuate Collection Set: 0.18ms
[25.845s][info ][gc,phases      ] GC(1136)   Other: 0.04ms
[25.845s][trace][gc,age         ] GC(1136) Age table:
[25.845s][trace][gc,age         ] GC(1136) - age   1:        192 bytes,        192 total
[25.845s][info ][gc,heap        ] GC(1136) Eden regions: 253->0(253)
[25.845s][info ][gc,heap        ] GC(1136) Survivor regions: 1->1(32)
[25.845s][info ][gc,heap        ] GC(1136) Old regions: 11->11
[25.845s][info ][gc,heap        ] GC(1136) Humongous regions: 0->0
[25.845s][info ][gc,metaspace   ] GC(1136) Metaspace: 10122K(10368K)->10122K(10368K) NonClass: 9159K(9344K)->9159K(9344K) Class: 963K(1024K)->963K(1024K)
[25.845s][info ][gc             ] GC(1136) Pause Young (Normal) (G1 Evacuation Pause) 256M->4M(424M) 0.561ms
[25.845s][info ][gc,cpu         ] GC(1136) User=0.00s Sys=0.00s Real=0.01s
[25.861s][info ][gc,start       ] GC(1137) Pause Young (Normal) (G1 Evacuation Pause)
[25.861s][info ][gc,task        ] GC(1137) Using 9 workers of 9 for evacuation
[25.861s][debug][gc,age         ] GC(1137) Desired survivor size 16777216 bytes, new threshold 15 (max threshold 15)
[25.861s][info ][gc,phases      ] GC(1137)   Pre Evacuate Collection Set: 0.08ms
[25.861s][info ][gc,phases      ] GC(1137)   Merge Heap Roots: 0.10ms
[25.861s][info ][gc,phases      ] GC(1137)   Evacuate Collection Set: 0.11ms
[25.861s][info ][gc,phases      ] GC(1137)   Post Evacuate Collection Set: 0.18ms
[25.861s][info ][gc,phases      ] GC(1137)   Other: 0.05ms
[25.861s][trace][gc,age         ] GC(1137) Age table:
[25.861s][trace][gc,age         ] GC(1137) - age   1:        192 bytes,        192 total
[25.861s][info ][gc,heap        ] GC(1137) Eden regions: 253->0(253)
[25.861s][info ][gc,heap        ] GC(1137) Survivor regions: 1->1(32)
[25.861s][info ][gc,heap        ] GC(1137) Old regions: 11->11
[25.861s][info ][gc,heap        ] GC(1137) Humongous regions: 0->0
[25.861s][info ][gc,metaspace   ] GC(1137) Metaspace: 10122K(10368K)->10122K(10368K) NonClass: 9159K(9344K)->9159K(9344K) Class: 963K(1024K)->963K(1024K)
[25.861s][info ][gc             ] GC(1137) Pause Young (Normal) (G1 Evacuation Pause) 256M->4M(424M) 0.603ms
[25.861s][info ][gc,cpu         ] GC(1137) User=0.00s Sys=0.00s Real=0.00s
[25.877s][info ][gc,start       ] GC(1138) Pause Young (Normal) (G1 Evacuation Pause)
[25.877s][info ][gc,task        ] GC(1138) Using 9 workers of 9 for evacuation
[25.877s][debug][gc,age         ] GC(1138) Desired survivor size 16777216 bytes, new threshold 15 (max threshold 15)
[25.877s][info ][gc,phases      ] GC(1138)   Pre Evacuate Collection Set: 0.07ms
[25.877s][info ][gc,phases      ] GC(1138)   Merge Heap Roots: 0.06ms
[25.877s][info ][gc,phases      ] GC(1138)   Evacuate Collection Set: 0.12ms
[25.877s][info ][gc,phases      ] GC(1138)   Post Evacuate Collection Set: 0.18ms
[25.877s][info ][gc,phases      ] GC(1138)   Other: 0.05ms
[25.877s][trace][gc,age         ] GC(1138) Age table:
[25.877s][trace][gc,age         ] GC(1138) - age   1:        192 bytes,        192 total
[25.877s][info ][gc,heap        ] GC(1138) Eden regions: 253->0(253)
[25.877s][info ][gc,heap        ] GC(1138) Survivor regions: 1->1(32)
[25.877s][info ][gc,heap        ] GC(1138) Old regions: 11->11
[25.878s][info ][gc,heap        ] GC(1138) Humongous regions: 0->0
[25.878s][info ][gc,metaspace   ] GC(1138) Metaspace: 10122K(10368K)->10122K(10368K) NonClass: 9159K(9344K)->9159K(9344K) Class: 963K(1024K)->963K(1024K)
[25.878s][info ][gc             ] GC(1138) Pause Young (Normal) (G1 Evacuation Pause) 256M->4M(424M) 0.573ms
[25.878s][info ][gc,cpu         ] GC(1138) User=0.00s Sys=0.00s Real=0.00s
[25.893s][info ][gc,start       ] GC(1139) Pause Young (Normal) (G1 Evacuation Pause)
[25.893s][info ][gc,task        ] GC(1139) Using 9 workers of 9 for evacuation
[25.893s][debug][gc,age         ] GC(1139) Desired survivor size 16777216 bytes, new threshold 15 (max threshold 15)
[25.894s][info ][gc,phases      ] GC(1139)   Pre Evacuate Collection Set: 0.07ms
[25.894s][info ][gc,phases      ] GC(1139)   Merge Heap Roots: 0.06ms
[25.894s][info ][gc,phases      ] GC(1139)   Evacuate Collection Set: 0.13ms
[25.894s][info ][gc,phases      ] GC(1139)   Post Evacuate Collection Set: 0.18ms
[25.894s][info ][gc,phases      ] GC(1139)   Other: 0.04ms
[25.894s][trace][gc,age         ] GC(1139) Age table:
[25.894s][trace][gc,age         ] GC(1139) - age   1:        192 bytes,        192 total
[25.894s][info ][gc,heap        ] GC(1139) Eden regions: 253->0(253)
[25.894s][info ][gc,heap        ] GC(1139) Survivor regions: 1->1(32)
[25.894s][info ][gc,heap        ] GC(1139) Old regions: 11->11
[25.894s][info ][gc,heap        ] GC(1139) Humongous regions: 0->0
[25.894s][info ][gc,metaspace   ] GC(1139) Metaspace: 10122K(10368K)->10122K(10368K) NonClass: 9159K(9344K)->9159K(9344K) Class: 963K(1024K)->963K(1024K)
[25.894s][info ][gc             ] GC(1139) Pause Young (Normal) (G1 Evacuation Pause) 256M->4M(424M) 0.568ms
[25.894s][info ][gc,cpu         ] GC(1139) User=0.00s Sys=0.00s Real=0.00s
[25.910s][info ][gc,start       ] GC(1140) Pause Young (Normal) (G1 Evacuation Pause)
[25.910s][info ][gc,task        ] GC(1140) Using 9 workers of 9 for evacuation
[25.910s][debug][gc,age         ] GC(1140) Desired survivor size 16777216 bytes, new threshold 15 (max threshold 15)
[25.910s][info ][gc,phases      ] GC(1140)   Pre Evacuate Collection Set: 0.08ms
[25.910s][info ][gc,phases      ] GC(1140)   Merge Heap Roots: 0.05ms
[25.910s][info ][gc,phases      ] GC(1140)   Evacuate Collection Set: 0.12ms
[25.910s][info ][gc,phases      ] GC(1140)   Post Evacuate Collection Set: 0.17ms
[25.910s][info ][gc,phases      ] GC(1140)   Other: 0.06ms
[25.910s][trace][gc,age         ] GC(1140) Age table:
[25.910s][trace][gc,age         ] GC(1140) - age   1:        192 bytes,        192 total
[25.910s][info ][gc,heap        ] GC(1140) Eden regions: 253->0(253)
[25.910s][info ][gc,heap        ] GC(1140) Survivor regions: 1->1(32)
[25.910s][info ][gc,heap        ] GC(1140) Old regions: 11->11
[25.910s][info ][gc,heap        ] GC(1140) Humongous regions: 0->0
[25.910s][info ][gc,metaspace   ] GC(1140) Metaspace: 10122K(10368K)->10122K(10368K) NonClass: 9159K(9344K)->9159K(9344K) Class: 963K(1024K)->963K(1024K)
[25.910s][info ][gc             ] GC(1140) Pause Young (Normal) (G1 Evacuation Pause) 256M->4M(424M) 0.573ms
[25.910s][info ][gc,cpu         ] GC(1140) User=0.00s Sys=0.00s Real=0.00s
[25.926s][info ][gc,start       ] GC(1141) Pause Young (Normal) (G1 Evacuation Pause)
[25.926s][info ][gc,task        ] GC(1141) Using 9 workers of 9 for evacuation
[25.926s][debug][gc,age         ] GC(1141) Desired survivor size 16777216 bytes, new threshold 15 (max threshold 15)
[25.926s][info ][gc,phases      ] GC(1141)   Pre Evacuate Collection Set: 0.07ms
[25.926s][info ][gc,phases      ] GC(1141)   Merge Heap Roots: 0.07ms
[25.926s][info ][gc,phases      ] GC(1141)   Evacuate Collection Set: 0.09ms
[25.926s][info ][gc,phases      ] GC(1141)   Post Evacuate Collection Set: 0.18ms
[25.926s][info ][gc,phases      ] GC(1141)   Other: 0.05ms
[25.926s][trace][gc,age         ] GC(1141) Age table:
[25.926s][trace][gc,age         ] GC(1141) - age   1:        192 bytes,        192 total
[25.926s][info ][gc,heap        ] GC(1141) Eden regions: 253->0(253)
[25.926s][info ][gc,heap        ] GC(1141) Survivor regions: 1->1(32)
[25.926s][info ][gc,heap        ] GC(1141) Old regions: 11->11
[25.926s][info ][gc,heap        ] GC(1141) Humongous regions: 0->0
[25.926s][info ][gc,metaspace   ] GC(1141) Metaspace: 10122K(10368K)->10122K(10368K) NonClass: 9159K(9344K)->9159K(9344K) Class: 963K(1024K)->963K(1024K)
[25.926s][info ][gc             ] GC(1141) Pause Young (Normal) (G1 Evacuation Pause) 256M->4M(424M) 0.547ms
[25.926s][info ][gc,cpu         ] GC(1141) User=0.00s Sys=0.00s Real=0.00s
[25.942s][info ][gc,start       ] GC(1142) Pause Young (Normal) (G1 Evacuation Pause)
[25.942s][info ][gc,task        ] GC(1142) Using 9 workers of 9 for evacuation
[25.942s][debug][gc,age         ] GC(1142) Desired survivor size 16777216 bytes, new threshold 15 (max threshold 15)
[25.942s][info ][gc,phases      ] GC(1142)   Pre Evacuate Collection Set: 0.06ms
[25.942s][info ][gc,phases      ] GC(1142)   Merge Heap Roots: 0.07ms
[25.942s][info ][gc,phases      ] GC(1142)   Evacuate Collection Set: 0.11ms
[25.942s][info ][gc,phases      ] GC(1142)   Post Evacuate Collection Set: 0.19ms
[25.942s][info ][gc,phases      ] GC(1142)   Other: 0.05ms
[25.942s][trace][gc,age         ] GC(1142) Age table:
[25.942s][trace][gc,age         ] GC(1142) - age   1:        192 bytes,        192 total
[25.942s][info ][gc,heap        ] GC(1142) Eden regions: 253->0(253)
[25.942s][info ][gc,heap        ] GC(1142) Survivor regions: 1->1(32)
[25.942s][info ][gc,heap        ] GC(1142) Old regions: 11->11
[25.942s][info ][gc,heap        ] GC(1142) Humongous regions: 0->0
[25.942s][info ][gc,metaspace   ] GC(1142) Metaspace: 10122K(10368K)->10122K(10368K) NonClass: 9159K(9344K)->9159K(9344K) Class: 963K(1024K)->963K(1024K)
[25.942s][info ][gc             ] GC(1142) Pause Young (Normal) (G1 Evacuation Pause) 256M->4M(424M) 0.566ms
[25.942s][info ][gc,cpu         ] GC(1142) User=0.00s Sys=0.00s Real=0.00s
[25.958s][info ][gc,start       ] GC(1143) Pause Young (Normal) (G1 Evacuation Pause)
[25.958s][info ][gc,task        ] GC(1143) Using 9 workers of 9 for evacuation
[25.958s][debug][gc,age         ] GC(1143) Desired survivor size 16777216 bytes, new threshold 15 (max threshold 15)
[25.959s][info ][gc,phases      ] GC(1143)   Pre Evacuate Collection Set: 0.08ms
[25.959s][info ][gc,phases      ] GC(1143)   Merge Heap Roots: 0.07ms
[25.959s][info ][gc,phases      ] GC(1143)   Evacuate Collection Set: 0.12ms
[25.959s][info ][gc,phases      ] GC(1143)   Post Evacuate Collection Set: 0.18ms
[25.959s][info ][gc,phases      ] GC(1143)   Other: 0.07ms
[25.959s][trace][gc,age         ] GC(1143) Age table:
[25.959s][trace][gc,age         ] GC(1143) - age   1:        192 bytes,        192 total
[25.959s][info ][gc,heap        ] GC(1143) Eden regions: 253->0(253)
[25.959s][info ][gc,heap        ] GC(1143) Survivor regions: 1->1(32)
[25.959s][info ][gc,heap        ] GC(1143) Old regions: 11->11
[25.959s][info ][gc,heap        ] GC(1143) Humongous regions: 0->0
[25.959s][info ][gc,metaspace   ] GC(1143) Metaspace: 10122K(10368K)->10122K(10368K) NonClass: 9159K(9344K)->9159K(9344K) Class: 963K(1024K)->963K(1024K)
[25.959s][info ][gc             ] GC(1143) Pause Young (Normal) (G1 Evacuation Pause) 256M->4M(424M) 0.614ms
[25.959s][info ][gc,cpu         ] GC(1143) User=0.00s Sys=0.00s Real=0.00s
[25.974s][info ][gc,start       ] GC(1144) Pause Young (Normal) (G1 Evacuation Pause)
[25.974s][info ][gc,task        ] GC(1144) Using 9 workers of 9 for evacuation
[25.974s][debug][gc,age         ] GC(1144) Desired survivor size 16777216 bytes, new threshold 15 (max threshold 15)
[25.975s][info ][gc,phases      ] GC(1144)   Pre Evacuate Collection Set: 0.07ms
[25.975s][info ][gc,phases      ] GC(1144)   Merge Heap Roots: 0.06ms
[25.975s][info ][gc,phases      ] GC(1144)   Evacuate Collection Set: 0.12ms
[25.975s][info ][gc,phases      ] GC(1144)   Post Evacuate Collection Set: 0.18ms
[25.975s][info ][gc,phases      ] GC(1144)   Other: 0.06ms
[25.975s][trace][gc,age         ] GC(1144) Age table:
[25.975s][trace][gc,age         ] GC(1144) - age   1:        192 bytes,        192 total
[25.975s][info ][gc,heap        ] GC(1144) Eden regions: 253->0(253)
[25.975s][info ][gc,heap        ] GC(1144) Survivor regions: 1->1(32)
[25.975s][info ][gc,heap        ] GC(1144) Old regions: 11->11
[25.975s][info ][gc,heap        ] GC(1144) Humongous regions: 0->0
[25.975s][info ][gc,metaspace   ] GC(1144) Metaspace: 10122K(10368K)->10122K(10368K) NonClass: 9159K(9344K)->9159K(9344K) Class: 963K(1024K)->963K(1024K)
[25.975s][info ][gc             ] GC(1144) Pause Young (Normal) (G1 Evacuation Pause) 256M->4M(424M) 0.582ms
[25.975s][info ][gc,cpu         ] GC(1144) User=0.00s Sys=0.00s Real=0.00s
[25.990s][info ][gc,start       ] GC(1145) Pause Young (Normal) (G1 Evacuation Pause)
[25.990s][info ][gc,task        ] GC(1145) Using 9 workers of 9 for evacuation
[25.990s][debug][gc,age         ] GC(1145) Desired survivor size 16777216 bytes, new threshold 15 (max threshold 15)
[25.991s][info ][gc,phases      ] GC(1145)   Pre Evacuate Collection Set: 0.09ms
[25.991s][info ][gc,phases      ] GC(1145)   Merge Heap Roots: 0.07ms
[25.991s][info ][gc,phases      ] GC(1145)   Evacuate Collection Set: 0.10ms
[25.991s][info ][gc,phases      ] GC(1145)   Post Evacuate Collection Set: 0.19ms
[25.991s][info ][gc,phases      ] GC(1145)   Other: 0.05ms
[25.991s][trace][gc,age         ] GC(1145) Age table:
[25.991s][trace][gc,age         ] GC(1145) - age   1:        192 bytes,        192 total
[25.991s][info ][gc,heap        ] GC(1145) Eden regions: 253->0(253)
[25.991s][info ][gc,heap        ] GC(1145) Survivor regions: 1->1(32)
[25.991s][info ][gc,heap        ] GC(1145) Old regions: 11->11
[25.991s][info ][gc,heap        ] GC(1145) Humongous regions: 0->0
[25.991s][info ][gc,metaspace   ] GC(1145) Metaspace: 10122K(10368K)->10122K(10368K) NonClass: 9159K(9344K)->9159K(9344K) Class: 963K(1024K)->963K(1024K)
[25.991s][info ][gc             ] GC(1145) Pause Young (Normal) (G1 Evacuation Pause) 256M->4M(424M) 0.587ms
[25.991s][info ][gc,cpu         ] GC(1145) User=0.00s Sys=0.00s Real=0.00s
[26.006s][info ][gc,start       ] GC(1146) Pause Young (Normal) (G1 Evacuation Pause)
[26.006s][info ][gc,task        ] GC(1146) Using 9 workers of 9 for evacuation
[26.006s][debug][gc,age         ] GC(1146) Desired survivor size 16777216 bytes, new threshold 15 (max threshold 15)
[26.007s][info ][gc,phases      ] GC(1146)   Pre Evacuate Collection Set: 0.10ms
[26.007s][info ][gc,phases      ] GC(1146)   Merge Heap Roots: 0.07ms
[26.007s][info ][gc,phases      ] GC(1146)   Evacuate Collection Set: 0.10ms
[26.007s][info ][gc,phases      ] GC(1146)   Post Evacuate Collection Set: 0.17ms
[26.007s][info ][gc,phases      ] GC(1146)   Other: 0.06ms
[26.007s][trace][gc,age         ] GC(1146) Age table:
[26.007s][trace][gc,age         ] GC(1146) - age   1:        192 bytes,        192 total
[26.007s][info ][gc,heap        ] GC(1146) Eden regions: 253->0(253)
[26.007s][info ][gc,heap        ] GC(1146) Survivor regions: 1->1(32)
[26.007s][info ][gc,heap        ] GC(1146) Old regions: 11->11
[26.007s][info ][gc,heap        ] GC(1146) Humongous regions: 0->0
[26.007s][info ][gc,metaspace   ] GC(1146) Metaspace: 10122K(10368K)->10122K(10368K) NonClass: 9159K(9344K)->9159K(9344K) Class: 963K(1024K)->963K(1024K)
[26.007s][info ][gc             ] GC(1146) Pause Young (Normal) (G1 Evacuation Pause) 256M->4M(424M) 0.603ms
[26.007s][info ][gc,cpu         ] GC(1146) User=0.00s Sys=0.00s Real=0.00s
[26.022s][info ][gc,start       ] GC(1147) Pause Young (Normal) (G1 Evacuation Pause)
[26.022s][info ][gc,task        ] GC(1147) Using 9 workers of 9 for evacuation
[26.022s][debug][gc,age         ] GC(1147) Desired survivor size 16777216 bytes, new threshold 15 (max threshold 15)
[26.023s][info ][gc,phases      ] GC(1147)   Pre Evacuate Collection Set: 0.06ms
[26.023s][info ][gc,phases      ] GC(1147)   Merge Heap Roots: 0.07ms
[26.023s][info ][gc,phases      ] GC(1147)   Evacuate Collection Set: 0.10ms
[26.023s][info ][gc,phases      ] GC(1147)   Post Evacuate Collection Set: 0.20ms
[26.023s][info ][gc,phases      ] GC(1147)   Other: 0.05ms
[26.023s][trace][gc,age         ] GC(1147) Age table:
[26.023s][trace][gc,age         ] GC(1147) - age   1:        192 bytes,        192 total
[26.023s][info ][gc,heap        ] GC(1147) Eden regions: 253->0(253)
[26.023s][info ][gc,heap        ] GC(1147) Survivor regions: 1->1(32)
[26.023s][info ][gc,heap        ] GC(1147) Old regions: 11->11
[26.023s][info ][gc,heap        ] GC(1147) Humongous regions: 0->0
[26.023s][info ][gc,metaspace   ] GC(1147) Metaspace: 10122K(10368K)->10122K(10368K) NonClass: 9159K(9344K)->9159K(9344K) Class: 963K(1024K)->963K(1024K)
[26.023s][info ][gc             ] GC(1147) Pause Young (Normal) (G1 Evacuation Pause) 256M->4M(424M) 0.578ms
[26.023s][info ][gc,cpu         ] GC(1147) User=0.01s Sys=0.01s Real=0.00s
[26.039s][info ][gc,start       ] GC(1148) Pause Young (Normal) (G1 Evacuation Pause)
[26.039s][info ][gc,task        ] GC(1148) Using 9 workers of 9 for evacuation
[26.039s][debug][gc,age         ] GC(1148) Desired survivor size 16777216 bytes, new threshold 15 (max threshold 15)
[26.039s][info ][gc,phases      ] GC(1148)   Pre Evacuate Collection Set: 0.06ms
[26.039s][info ][gc,phases      ] GC(1148)   Merge Heap Roots: 0.08ms
[26.039s][info ][gc,phases      ] GC(1148)   Evacuate Collection Set: 0.10ms
[26.039s][info ][gc,phases      ] GC(1148)   Post Evacuate Collection Set: 0.15ms
[26.039s][info ][gc,phases      ] GC(1148)   Other: 0.06ms
[26.039s][trace][gc,age         ] GC(1148) Age table:
[26.039s][trace][gc,age         ] GC(1148) - age   1:        192 bytes,        192 total
[26.039s][info ][gc,heap        ] GC(1148) Eden regions: 253->0(253)
[26.039s][info ][gc,heap        ] GC(1148) Survivor regions: 1->1(32)
[26.039s][info ][gc,heap        ] GC(1148) Old regions: 11->11
[26.039s][info ][gc,heap        ] GC(1148) Humongous regions: 0->0
[26.039s][info ][gc,metaspace   ] GC(1148) Metaspace: 10122K(10368K)->10122K(10368K) NonClass: 9159K(9344K)->9159K(9344K) Class: 963K(1024K)->963K(1024K)
[26.039s][info ][gc             ] GC(1148) Pause Young (Normal) (G1 Evacuation Pause) 256M->4M(424M) 0.540ms
[26.039s][info ][gc,cpu         ] GC(1148) User=0.00s Sys=0.00s Real=0.00s
[26.055s][info ][gc,start       ] GC(1149) Pause Young (Normal) (G1 Evacuation Pause)
[26.055s][info ][gc,task        ] GC(1149) Using 9 workers of 9 for evacuation
[26.055s][debug][gc,age         ] GC(1149) Desired survivor size 16777216 bytes, new threshold 15 (max threshold 15)
[26.055s][info ][gc,phases      ] GC(1149)   Pre Evacuate Collection Set: 0.10ms
[26.055s][info ][gc,phases      ] GC(1149)   Merge Heap Roots: 0.09ms
[26.055s][info ][gc,phases      ] GC(1149)   Evacuate Collection Set: 0.09ms
[26.055s][info ][gc,phases      ] GC(1149)   Post Evacuate Collection Set: 0.17ms
[26.055s][info ][gc,phases      ] GC(1149)   Other: 0.06ms
[26.055s][trace][gc,age         ] GC(1149) Age table:
[26.055s][trace][gc,age         ] GC(1149) - age   1:        192 bytes,        192 total
[26.055s][info ][gc,heap        ] GC(1149) Eden regions: 253->0(253)
[26.055s][info ][gc,heap        ] GC(1149) Survivor regions: 1->1(32)
[26.055s][info ][gc,heap        ] GC(1149) Old regions: 11->11
[26.055s][info ][gc,heap        ] GC(1149) Humongous regions: 0->0
[26.055s][info ][gc,metaspace   ] GC(1149) Metaspace: 10122K(10368K)->10122K(10368K) NonClass: 9159K(9344K)->9159K(9344K) Class: 963K(1024K)->963K(1024K)
[26.055s][info ][gc             ] GC(1149) Pause Young (Normal) (G1 Evacuation Pause) 256M->4M(424M) 0.594ms
[26.055s][info ][gc,cpu         ] GC(1149) User=0.00s Sys=0.00s Real=0.01s
[26.071s][info ][gc,start       ] GC(1150) Pause Young (Normal) (G1 Evacuation Pause)
[26.071s][info ][gc,task        ] GC(1150) Using 9 workers of 9 for evacuation
[26.071s][debug][gc,age         ] GC(1150) Desired survivor size 16777216 bytes, new threshold 15 (max threshold 15)
[26.072s][info ][gc,phases      ] GC(1150)   Pre Evacuate Collection Set: 0.07ms
[26.072s][info ][gc,phases      ] GC(1150)   Merge Heap Roots: 0.08ms
[26.072s][info ][gc,phases      ] GC(1150)   Evacuate Collection Set: 0.10ms
[26.072s][info ][gc,phases      ] GC(1150)   Post Evacuate Collection Set: 0.16ms
[26.072s][info ][gc,phases      ] GC(1150)   Other: 0.04ms
[26.072s][trace][gc,age         ] GC(1150) Age table:
[26.072s][trace][gc,age         ] GC(1150) - age   1:        192 bytes,        192 total
[26.072s][info ][gc,heap        ] GC(1150) Eden regions: 253->0(253)
[26.072s][info ][gc,heap        ] GC(1150) Survivor regions: 1->1(32)
[26.072s][info ][gc,heap        ] GC(1150) Old regions: 11->11
[26.072s][info ][gc,heap        ] GC(1150) Humongous regions: 0->0
[26.072s][info ][gc,metaspace   ] GC(1150) Metaspace: 10122K(10368K)->10122K(10368K) NonClass: 9159K(9344K)->9159K(9344K) Class: 963K(1024K)->963K(1024K)
[26.072s][info ][gc             ] GC(1150) Pause Young (Normal) (G1 Evacuation Pause) 256M->4M(424M) 0.541ms
[26.072s][info ][gc,cpu         ] GC(1150) User=0.01s Sys=0.00s Real=0.00s
[26.087s][info ][gc,start       ] GC(1151) Pause Young (Normal) (G1 Evacuation Pause)
[26.087s][info ][gc,task        ] GC(1151) Using 9 workers of 9 for evacuation
[26.087s][debug][gc,age         ] GC(1151) Desired survivor size 16777216 bytes, new threshold 15 (max threshold 15)
[26.088s][info ][gc,phases      ] GC(1151)   Pre Evacuate Collection Set: 0.07ms
[26.088s][info ][gc,phases      ] GC(1151)   Merge Heap Roots: 0.06ms
[26.088s][info ][gc,phases      ] GC(1151)   Evacuate Collection Set: 0.12ms
[26.088s][info ][gc,phases      ] GC(1151)   Post Evacuate Collection Set: 0.16ms
[26.088s][info ][gc,phases      ] GC(1151)   Other: 0.05ms
[26.088s][trace][gc,age         ] GC(1151) Age table:
[26.088s][trace][gc,age         ] GC(1151) - age   1:        192 bytes,        192 total
[26.088s][info ][gc,heap        ] GC(1151) Eden regions: 253->0(253)
[26.088s][info ][gc,heap        ] GC(1151) Survivor regions: 1->1(32)
[26.088s][info ][gc,heap        ] GC(1151) Old regions: 11->11
[26.088s][info ][gc,heap        ] GC(1151) Humongous regions: 0->0
[26.088s][info ][gc,metaspace   ] GC(1151) Metaspace: 10122K(10368K)->10122K(10368K) NonClass: 9159K(9344K)->9159K(9344K) Class: 963K(1024K)->963K(1024K)
[26.088s][info ][gc             ] GC(1151) Pause Young (Normal) (G1 Evacuation Pause) 256M->4M(424M) 0.530ms
[26.088s][info ][gc,cpu         ] GC(1151) User=0.00s Sys=0.00s Real=0.00s
[26.103s][info ][gc,start       ] GC(1152) Pause Young (Normal) (G1 Evacuation Pause)
[26.103s][info ][gc,task        ] GC(1152) Using 9 workers of 9 for evacuation
[26.103s][debug][gc,age         ] GC(1152) Desired survivor size 16777216 bytes, new threshold 15 (max threshold 15)
[26.104s][info ][gc,phases      ] GC(1152)   Pre Evacuate Collection Set: 0.08ms
[26.104s][info ][gc,phases      ] GC(1152)   Merge Heap Roots: 0.07ms
[26.104s][info ][gc,phases      ] GC(1152)   Evacuate Collection Set: 0.12ms
[26.104s][info ][gc,phases      ] GC(1152)   Post Evacuate Collection Set: 0.14ms
[26.104s][info ][gc,phases      ] GC(1152)   Other: 0.05ms
[26.104s][trace][gc,age         ] GC(1152) Age table:
[26.104s][trace][gc,age         ] GC(1152) - age   1:        192 bytes,        192 total
[26.104s][info ][gc,heap        ] GC(1152) Eden regions: 253->0(253)
[26.104s][info ][gc,heap        ] GC(1152) Survivor regions: 1->1(32)
[26.104s][info ][gc,heap        ] GC(1152) Old regions: 11->11
[26.104s][info ][gc,heap        ] GC(1152) Humongous regions: 0->0
[26.104s][info ][gc,metaspace   ] GC(1152) Metaspace: 10122K(10368K)->10122K(10368K) NonClass: 9159K(9344K)->9159K(9344K) Class: 963K(1024K)->963K(1024K)
[26.104s][info ][gc             ] GC(1152) Pause Young (Normal) (G1 Evacuation Pause) 256M->4M(424M) 0.548ms
[26.104s][info ][gc,cpu         ] GC(1152) User=0.00s Sys=0.00s Real=0.00s
[26.119s][info ][gc,start       ] GC(1153) Pause Young (Normal) (G1 Evacuation Pause)
[26.119s][info ][gc,task        ] GC(1153) Using 9 workers of 9 for evacuation
[26.120s][debug][gc,age         ] GC(1153) Desired survivor size 16777216 bytes, new threshold 15 (max threshold 15)
[26.120s][info ][gc,phases      ] GC(1153)   Pre Evacuate Collection Set: 0.10ms
[26.120s][info ][gc,phases      ] GC(1153)   Merge Heap Roots: 0.07ms
[26.120s][info ][gc,phases      ] GC(1153)   Evacuate Collection Set: 0.08ms
[26.120s][info ][gc,phases      ] GC(1153)   Post Evacuate Collection Set: 0.19ms
[26.120s][info ][gc,phases      ] GC(1153)   Other: 0.06ms
[26.120s][trace][gc,age         ] GC(1153) Age table:
[26.120s][trace][gc,age         ] GC(1153) - age   1:        192 bytes,        192 total
[26.120s][info ][gc,heap        ] GC(1153) Eden regions: 253->0(253)
[26.120s][info ][gc,heap        ] GC(1153) Survivor regions: 1->1(32)
[26.120s][info ][gc,heap        ] GC(1153) Old regions: 11->11
[26.120s][info ][gc,heap        ] GC(1153) Humongous regions: 0->0
[26.120s][info ][gc,metaspace   ] GC(1153) Metaspace: 10122K(10368K)->10122K(10368K) NonClass: 9159K(9344K)->9159K(9344K) Class: 963K(1024K)->963K(1024K)
[26.120s][info ][gc             ] GC(1153) Pause Young (Normal) (G1 Evacuation Pause) 256M->4M(424M) 0.579ms
[26.120s][info ][gc,cpu         ] GC(1153) User=0.00s Sys=0.00s Real=0.00s
[26.136s][info ][gc,start       ] GC(1154) Pause Young (Normal) (G1 Evacuation Pause)
[26.136s][info ][gc,task        ] GC(1154) Using 9 workers of 9 for evacuation
[26.136s][debug][gc,age         ] GC(1154) Desired survivor size 16777216 bytes, new threshold 15 (max threshold 15)
[26.136s][info ][gc,phases      ] GC(1154)   Pre Evacuate Collection Set: 0.07ms
[26.136s][info ][gc,phases      ] GC(1154)   Merge Heap Roots: 0.07ms
[26.136s][info ][gc,phases      ] GC(1154)   Evacuate Collection Set: 0.10ms
[26.136s][info ][gc,phases      ] GC(1154)   Post Evacuate Collection Set: 0.17ms
[26.136s][info ][gc,phases      ] GC(1154)   Other: 0.06ms
[26.136s][trace][gc,age         ] GC(1154) Age table:
[26.136s][trace][gc,age         ] GC(1154) - age   1:        192 bytes,        192 total
[26.136s][info ][gc,heap        ] GC(1154) Eden regions: 253->0(253)
[26.136s][info ][gc,heap        ] GC(1154) Survivor regions: 1->1(32)
[26.136s][info ][gc,heap        ] GC(1154) Old regions: 11->11
[26.136s][info ][gc,heap        ] GC(1154) Humongous regions: 0->0
[26.136s][info ][gc,metaspace   ] GC(1154) Metaspace: 10122K(10368K)->10122K(10368K) NonClass: 9159K(9344K)->9159K(9344K) Class: 963K(1024K)->963K(1024K)
[26.136s][info ][gc             ] GC(1154) Pause Young (Normal) (G1 Evacuation Pause) 256M->4M(424M) 0.557ms
[26.136s][info ][gc,cpu         ] GC(1154) User=0.00s Sys=0.00s Real=0.00s
[26.152s][info ][gc,start       ] GC(1155) Pause Young (Normal) (G1 Evacuation Pause)
[26.152s][info ][gc,task        ] GC(1155) Using 9 workers of 9 for evacuation
[26.152s][debug][gc,age         ] GC(1155) Desired survivor size 16777216 bytes, new threshold 15 (max threshold 15)
[26.152s][info ][gc,phases      ] GC(1155)   Pre Evacuate Collection Set: 0.07ms
[26.152s][info ][gc,phases      ] GC(1155)   Merge Heap Roots: 0.11ms
[26.152s][info ][gc,phases      ] GC(1155)   Evacuate Collection Set: 0.10ms
[26.152s][info ][gc,phases      ] GC(1155)   Post Evacuate Collection Set: 0.18ms
[26.152s][info ][gc,phases      ] GC(1155)   Other: 0.05ms
[26.152s][trace][gc,age         ] GC(1155) Age table:
[26.152s][trace][gc,age         ] GC(1155) - age   1:        192 bytes,        192 total
[26.152s][info ][gc,heap        ] GC(1155) Eden regions: 253->0(253)
[26.152s][info ][gc,heap        ] GC(1155) Survivor regions: 1->1(32)
[26.152s][info ][gc,heap        ] GC(1155) Old regions: 11->11
[26.152s][info ][gc,heap        ] GC(1155) Humongous regions: 0->0
[26.152s][info ][gc,metaspace   ] GC(1155) Metaspace: 10122K(10368K)->10122K(10368K) NonClass: 9159K(9344K)->9159K(9344K) Class: 963K(1024K)->963K(1024K)
[26.152s][info ][gc             ] GC(1155) Pause Young (Normal) (G1 Evacuation Pause) 256M->4M(424M) 0.599ms
[26.152s][info ][gc,cpu         ] GC(1155) User=0.00s Sys=0.01s Real=0.00s
[26.168s][info ][gc,start       ] GC(1156) Pause Young (Normal) (G1 Evacuation Pause)
[26.168s][info ][gc,task        ] GC(1156) Using 9 workers of 9 for evacuation
[26.168s][debug][gc,age         ] GC(1156) Desired survivor size 16777216 bytes, new threshold 15 (max threshold 15)
[26.168s][info ][gc,phases      ] GC(1156)   Pre Evacuate Collection Set: 0.07ms
[26.168s][info ][gc,phases      ] GC(1156)   Merge Heap Roots: 0.07ms
[26.168s][info ][gc,phases      ] GC(1156)   Evacuate Collection Set: 0.09ms
[26.168s][info ][gc,phases      ] GC(1156)   Post Evacuate Collection Set: 0.16ms
[26.168s][info ][gc,phases      ] GC(1156)   Other: 0.07ms
[26.168s][trace][gc,age         ] GC(1156) Age table:
[26.168s][trace][gc,age         ] GC(1156) - age   1:        192 bytes,        192 total
[26.168s][info ][gc,heap        ] GC(1156) Eden regions: 253->0(253)
[26.168s][info ][gc,heap        ] GC(1156) Survivor regions: 1->1(32)
[26.168s][info ][gc,heap        ] GC(1156) Old regions: 11->11
[26.168s][info ][gc,heap        ] GC(1156) Humongous regions: 0->0
[26.168s][info ][gc,metaspace   ] GC(1156) Metaspace: 10122K(10368K)->10122K(10368K) NonClass: 9159K(9344K)->9159K(9344K) Class: 963K(1024K)->963K(1024K)
[26.168s][info ][gc             ] GC(1156) Pause Young (Normal) (G1 Evacuation Pause) 256M->4M(424M) 0.551ms
[26.168s][info ][gc,cpu         ] GC(1156) User=0.00s Sys=0.00s Real=0.00s
[26.184s][info ][gc,start       ] GC(1157) Pause Young (Normal) (G1 Evacuation Pause)
[26.184s][info ][gc,task        ] GC(1157) Using 9 workers of 9 for evacuation
[26.184s][debug][gc,age         ] GC(1157) Desired survivor size 16777216 bytes, new threshold 15 (max threshold 15)
[26.184s][info ][gc,phases      ] GC(1157)   Pre Evacuate Collection Set: 0.09ms
[26.184s][info ][gc,phases      ] GC(1157)   Merge Heap Roots: 0.07ms
[26.184s][info ][gc,phases      ] GC(1157)   Evacuate Collection Set: 0.11ms
[26.184s][info ][gc,phases      ] GC(1157)   Post Evacuate Collection Set: 0.19ms
[26.184s][info ][gc,phases      ] GC(1157)   Other: 0.06ms
[26.184s][trace][gc,age         ] GC(1157) Age table:
[26.184s][trace][gc,age         ] GC(1157) - age   1:        192 bytes,        192 total
[26.184s][info ][gc,heap        ] GC(1157) Eden regions: 253->0(253)
[26.184s][info ][gc,heap        ] GC(1157) Survivor regions: 1->1(32)
[26.184s][info ][gc,heap        ] GC(1157) Old regions: 11->11
[26.184s][info ][gc,heap        ] GC(1157) Humongous regions: 0->0
[26.184s][info ][gc,metaspace   ] GC(1157) Metaspace: 10122K(10368K)->10122K(10368K) NonClass: 9159K(9344K)->9159K(9344K) Class: 963K(1024K)->963K(1024K)
[26.184s][info ][gc             ] GC(1157) Pause Young (Normal) (G1 Evacuation Pause) 256M->4M(424M) 0.611ms
[26.185s][info ][gc,cpu         ] GC(1157) User=0.00s Sys=0.00s Real=0.00s
[26.200s][info ][gc,start       ] GC(1158) Pause Young (Normal) (G1 Evacuation Pause)
[26.200s][info ][gc,task        ] GC(1158) Using 9 workers of 9 for evacuation
[26.200s][debug][gc,age         ] GC(1158) Desired survivor size 16777216 bytes, new threshold 15 (max threshold 15)
[26.201s][info ][gc,phases      ] GC(1158)   Pre Evacuate Collection Set: 0.07ms
[26.201s][info ][gc,phases      ] GC(1158)   Merge Heap Roots: 0.09ms
[26.201s][info ][gc,phases      ] GC(1158)   Evacuate Collection Set: 0.10ms
[26.201s][info ][gc,phases      ] GC(1158)   Post Evacuate Collection Set: 0.15ms
[26.201s][info ][gc,phases      ] GC(1158)   Other: 0.05ms
[26.201s][trace][gc,age         ] GC(1158) Age table:
[26.201s][trace][gc,age         ] GC(1158) - age   1:        192 bytes,        192 total
[26.201s][info ][gc,heap        ] GC(1158) Eden regions: 253->0(253)
[26.201s][info ][gc,heap        ] GC(1158) Survivor regions: 1->1(32)
[26.201s][info ][gc,heap        ] GC(1158) Old regions: 11->11
[26.201s][info ][gc,heap        ] GC(1158) Humongous regions: 0->0
[26.201s][info ][gc,metaspace   ] GC(1158) Metaspace: 10122K(10368K)->10122K(10368K) NonClass: 9159K(9344K)->9159K(9344K) Class: 963K(1024K)->963K(1024K)
[26.201s][info ][gc             ] GC(1158) Pause Young (Normal) (G1 Evacuation Pause) 256M->4M(424M) 0.546ms
[26.201s][info ][gc,cpu         ] GC(1158) User=0.00s Sys=0.00s Real=0.00s
[26.216s][info ][gc,start       ] GC(1159) Pause Young (Normal) (G1 Evacuation Pause)
[26.216s][info ][gc,task        ] GC(1159) Using 9 workers of 9 for evacuation
[26.216s][debug][gc,age         ] GC(1159) Desired survivor size 16777216 bytes, new threshold 15 (max threshold 15)
[26.217s][info ][gc,phases      ] GC(1159)   Pre Evacuate Collection Set: 0.08ms
[26.217s][info ][gc,phases      ] GC(1159)   Merge Heap Roots: 0.11ms
[26.217s][info ][gc,phases      ] GC(1159)   Evacuate Collection Set: 0.08ms
[26.217s][info ][gc,phases      ] GC(1159)   Post Evacuate Collection Set: 0.17ms
[26.217s][info ][gc,phases      ] GC(1159)   Other: 0.04ms
[26.217s][trace][gc,age         ] GC(1159) Age table:
[26.217s][trace][gc,age         ] GC(1159) - age   1:        192 bytes,        192 total
[26.217s][info ][gc,heap        ] GC(1159) Eden regions: 253->0(253)
[26.217s][info ][gc,heap        ] GC(1159) Survivor regions: 1->1(32)
[26.217s][info ][gc,heap        ] GC(1159) Old regions: 11->11
[26.217s][info ][gc,heap        ] GC(1159) Humongous regions: 0->0
[26.217s][info ][gc,metaspace   ] GC(1159) Metaspace: 10122K(10368K)->10122K(10368K) NonClass: 9159K(9344K)->9159K(9344K) Class: 963K(1024K)->963K(1024K)
[26.217s][info ][gc             ] GC(1159) Pause Young (Normal) (G1 Evacuation Pause) 256M->4M(424M) 0.568ms
[26.217s][info ][gc,cpu         ] GC(1159) User=0.00s Sys=0.00s Real=0.00s
[26.233s][info ][gc,start       ] GC(1160) Pause Young (Normal) (G1 Evacuation Pause)
[26.233s][info ][gc,task        ] GC(1160) Using 9 workers of 9 for evacuation
[26.233s][debug][gc,age         ] GC(1160) Desired survivor size 16777216 bytes, new threshold 15 (max threshold 15)
[26.233s][info ][gc,phases      ] GC(1160)   Pre Evacuate Collection Set: 0.08ms
[26.233s][info ][gc,phases      ] GC(1160)   Merge Heap Roots: 0.09ms
[26.233s][info ][gc,phases      ] GC(1160)   Evacuate Collection Set: 0.08ms
[26.233s][info ][gc,phases      ] GC(1160)   Post Evacuate Collection Set: 0.16ms
[26.233s][info ][gc,phases      ] GC(1160)   Other: 0.05ms
[26.233s][trace][gc,age         ] GC(1160) Age table:
[26.233s][trace][gc,age         ] GC(1160) - age   1:        192 bytes,        192 total
[26.233s][info ][gc,heap        ] GC(1160) Eden regions: 253->0(253)
[26.233s][info ][gc,heap        ] GC(1160) Survivor regions: 1->1(32)
[26.233s][info ][gc,heap        ] GC(1160) Old regions: 11->11
[26.233s][info ][gc,heap        ] GC(1160) Humongous regions: 0->0
[26.233s][info ][gc,metaspace   ] GC(1160) Metaspace: 10122K(10368K)->10122K(10368K) NonClass: 9159K(9344K)->9159K(9344K) Class: 963K(1024K)->963K(1024K)
[26.233s][info ][gc             ] GC(1160) Pause Young (Normal) (G1 Evacuation Pause) 256M->4M(424M) 0.556ms
[26.233s][info ][gc,cpu         ] GC(1160) User=0.00s Sys=0.00s Real=0.00s
[26.249s][info ][gc,start       ] GC(1161) Pause Young (Normal) (G1 Evacuation Pause)
[26.249s][info ][gc,task        ] GC(1161) Using 9 workers of 9 for evacuation
[26.249s][debug][gc,age         ] GC(1161) Desired survivor size 16777216 bytes, new threshold 15 (max threshold 15)
[26.250s][info ][gc,phases      ] GC(1161)   Pre Evacuate Collection Set: 0.08ms
[26.250s][info ][gc,phases      ] GC(1161)   Merge Heap Roots: 0.09ms
[26.250s][info ][gc,phases      ] GC(1161)   Evacuate Collection Set: 0.10ms
[26.250s][info ][gc,phases      ] GC(1161)   Post Evacuate Collection Set: 0.17ms
[26.250s][info ][gc,phases      ] GC(1161)   Other: 0.04ms
[26.250s][trace][gc,age         ] GC(1161) Age table:
[26.250s][trace][gc,age         ] GC(1161) - age   1:        192 bytes,        192 total
[26.250s][info ][gc,heap        ] GC(1161) Eden regions: 253->0(253)
[26.250s][info ][gc,heap        ] GC(1161) Survivor regions: 1->1(32)
[26.250s][info ][gc,heap        ] GC(1161) Old regions: 11->11
[26.250s][info ][gc,heap        ] GC(1161) Humongous regions: 0->0
[26.250s][info ][gc,metaspace   ] GC(1161) Metaspace: 10122K(10368K)->10122K(10368K) NonClass: 9159K(9344K)->9159K(9344K) Class: 963K(1024K)->963K(1024K)
[26.250s][info ][gc             ] GC(1161) Pause Young (Normal) (G1 Evacuation Pause) 256M->4M(424M) 0.551ms
[26.250s][info ][gc,cpu         ] GC(1161) User=0.00s Sys=0.00s Real=0.00s
[26.265s][info ][gc,start       ] GC(1162) Pause Young (Normal) (G1 Evacuation Pause)
[26.265s][info ][gc,task        ] GC(1162) Using 9 workers of 9 for evacuation
[26.265s][debug][gc,age         ] GC(1162) Desired survivor size 16777216 bytes, new threshold 15 (max threshold 15)
[26.266s][info ][gc,phases      ] GC(1162)   Pre Evacuate Collection Set: 0.08ms
[26.266s][info ][gc,phases      ] GC(1162)   Merge Heap Roots: 0.07ms
[26.266s][info ][gc,phases      ] GC(1162)   Evacuate Collection Set: 0.12ms
[26.266s][info ][gc,phases      ] GC(1162)   Post Evacuate Collection Set: 0.17ms
[26.266s][info ][gc,phases      ] GC(1162)   Other: 0.07ms
[26.266s][trace][gc,age         ] GC(1162) Age table:
[26.266s][trace][gc,age         ] GC(1162) - age   1:        192 bytes,        192 total
[26.266s][info ][gc,heap        ] GC(1162) Eden regions: 253->0(253)
[26.266s][info ][gc,heap        ] GC(1162) Survivor regions: 1->1(32)
[26.266s][info ][gc,heap        ] GC(1162) Old regions: 11->11
[26.266s][info ][gc,heap        ] GC(1162) Humongous regions: 0->0
[26.266s][info ][gc,metaspace   ] GC(1162) Metaspace: 10122K(10368K)->10122K(10368K) NonClass: 9159K(9344K)->9159K(9344K) Class: 963K(1024K)->963K(1024K)
[26.266s][info ][gc             ] GC(1162) Pause Young (Normal) (G1 Evacuation Pause) 256M->4M(424M) 0.595ms
[26.266s][info ][gc,cpu         ] GC(1162) User=0.00s Sys=0.00s Real=0.00s
[26.282s][info ][gc,start       ] GC(1163) Pause Young (Normal) (G1 Evacuation Pause)
[26.282s][info ][gc,task        ] GC(1163) Using 9 workers of 9 for evacuation
[26.282s][debug][gc,age         ] GC(1163) Desired survivor size 16777216 bytes, new threshold 15 (max threshold 15)
[26.282s][info ][gc,phases      ] GC(1163)   Pre Evacuate Collection Set: 0.10ms
[26.282s][info ][gc,phases      ] GC(1163)   Merge Heap Roots: 0.08ms
[26.282s][info ][gc,phases      ] GC(1163)   Evacuate Collection Set: 0.09ms
[26.282s][info ][gc,phases      ] GC(1163)   Post Evacuate Collection Set: 0.20ms
[26.282s][info ][gc,phases      ] GC(1163)   Other: 0.06ms
[26.282s][trace][gc,age         ] GC(1163) Age table:
[26.282s][trace][gc,age         ] GC(1163) - age   1:        192 bytes,        192 total
[26.282s][info ][gc,heap        ] GC(1163) Eden regions: 253->0(253)
[26.282s][info ][gc,heap        ] GC(1163) Survivor regions: 1->1(32)
[26.282s][info ][gc,heap        ] GC(1163) Old regions: 11->11
[26.282s][info ][gc,heap        ] GC(1163) Humongous regions: 0->0
[26.282s][info ][gc,metaspace   ] GC(1163) Metaspace: 10122K(10368K)->10122K(10368K) NonClass: 9159K(9344K)->9159K(9344K) Class: 963K(1024K)->963K(1024K)
[26.282s][info ][gc             ] GC(1163) Pause Young (Normal) (G1 Evacuation Pause) 256M->4M(424M) 0.625ms
[26.282s][info ][gc,cpu         ] GC(1163) User=0.00s Sys=0.00s Real=0.00s
[26.298s][info ][gc,start       ] GC(1164) Pause Young (Normal) (G1 Evacuation Pause)
[26.298s][info ][gc,task        ] GC(1164) Using 9 workers of 9 for evacuation
[26.298s][debug][gc,age         ] GC(1164) Desired survivor size 16777216 bytes, new threshold 15 (max threshold 15)
[26.298s][info ][gc,phases      ] GC(1164)   Pre Evacuate Collection Set: 0.07ms
[26.298s][info ][gc,phases      ] GC(1164)   Merge Heap Roots: 0.06ms
[26.298s][info ][gc,phases      ] GC(1164)   Evacuate Collection Set: 0.10ms
[26.298s][info ][gc,phases      ] GC(1164)   Post Evacuate Collection Set: 0.20ms
[26.298s][info ][gc,phases      ] GC(1164)   Other: 0.07ms
[26.298s][trace][gc,age         ] GC(1164) Age table:
[26.298s][trace][gc,age         ] GC(1164) - age   1:        192 bytes,        192 total
[26.298s][info ][gc,heap        ] GC(1164) Eden regions: 253->0(253)
[26.298s][info ][gc,heap        ] GC(1164) Survivor regions: 1->1(32)
[26.298s][info ][gc,heap        ] GC(1164) Old regions: 11->11
[26.298s][info ][gc,heap        ] GC(1164) Humongous regions: 0->0
[26.298s][info ][gc,metaspace   ] GC(1164) Metaspace: 10122K(10368K)->10122K(10368K) NonClass: 9159K(9344K)->9159K(9344K) Class: 963K(1024K)->963K(1024K)
[26.298s][info ][gc             ] GC(1164) Pause Young (Normal) (G1 Evacuation Pause) 256M->4M(424M) 0.586ms
[26.298s][info ][gc,cpu         ] GC(1164) User=0.00s Sys=0.00s Real=0.00s
[26.314s][info ][gc,start       ] GC(1165) Pause Young (Normal) (G1 Evacuation Pause)
[26.314s][info ][gc,task        ] GC(1165) Using 9 workers of 9 for evacuation
[26.314s][debug][gc,age         ] GC(1165) Desired survivor size 16777216 bytes, new threshold 15 (max threshold 15)
[26.314s][info ][gc,phases      ] GC(1165)   Pre Evacuate Collection Set: 0.10ms
[26.314s][info ][gc,phases      ] GC(1165)   Merge Heap Roots: 0.10ms
[26.314s][info ][gc,phases      ] GC(1165)   Evacuate Collection Set: 0.09ms
[26.314s][info ][gc,phases      ] GC(1165)   Post Evacuate Collection Set: 0.17ms
[26.314s][info ][gc,phases      ] GC(1165)   Other: 0.06ms
[26.314s][trace][gc,age         ] GC(1165) Age table:
[26.314s][trace][gc,age         ] GC(1165) - age   1:        192 bytes,        192 total
[26.314s][info ][gc,heap        ] GC(1165) Eden regions: 253->0(253)
[26.314s][info ][gc,heap        ] GC(1165) Survivor regions: 1->1(32)
[26.314s][info ][gc,heap        ] GC(1165) Old regions: 11->11
[26.314s][info ][gc,heap        ] GC(1165) Humongous regions: 0->0
[26.314s][info ][gc,metaspace   ] GC(1165) Metaspace: 10122K(10368K)->10122K(10368K) NonClass: 9159K(9344K)->9159K(9344K) Class: 963K(1024K)->963K(1024K)
[26.314s][info ][gc             ] GC(1165) Pause Young (Normal) (G1 Evacuation Pause) 256M->4M(424M) 0.603ms
[26.314s][info ][gc,cpu         ] GC(1165) User=0.00s Sys=0.00s Real=0.00s
[26.330s][info ][gc,start       ] GC(1166) Pause Young (Normal) (G1 Evacuation Pause)
[26.330s][info ][gc,task        ] GC(1166) Using 9 workers of 9 for evacuation
[26.330s][debug][gc,age         ] GC(1166) Desired survivor size 16777216 bytes, new threshold 15 (max threshold 15)
[26.331s][info ][gc,phases      ] GC(1166)   Pre Evacuate Collection Set: 0.07ms
[26.331s][info ][gc,phases      ] GC(1166)   Merge Heap Roots: 0.06ms
[26.331s][info ][gc,phases      ] GC(1166)   Evacuate Collection Set: 0.12ms
[26.331s][info ][gc,phases      ] GC(1166)   Post Evacuate Collection Set: 0.18ms
[26.331s][info ][gc,phases      ] GC(1166)   Other: 0.06ms
[26.331s][trace][gc,age         ] GC(1166) Age table:
[26.331s][trace][gc,age         ] GC(1166) - age   1:        192 bytes,        192 total
[26.331s][info ][gc,heap        ] GC(1166) Eden regions: 253->0(253)
[26.331s][info ][gc,heap        ] GC(1166) Survivor regions: 1->1(32)
[26.331s][info ][gc,heap        ] GC(1166) Old regions: 11->11
[26.331s][info ][gc,heap        ] GC(1166) Humongous regions: 0->0
[26.331s][info ][gc,metaspace   ] GC(1166) Metaspace: 10122K(10368K)->10122K(10368K) NonClass: 9159K(9344K)->9159K(9344K) Class: 963K(1024K)->963K(1024K)
[26.331s][info ][gc             ] GC(1166) Pause Young (Normal) (G1 Evacuation Pause) 256M->4M(424M) 0.584ms
[26.331s][info ][gc,cpu         ] GC(1166) User=0.00s Sys=0.00s Real=0.00s
[26.346s][info ][gc,start       ] GC(1167) Pause Young (Normal) (G1 Evacuation Pause)
[26.346s][info ][gc,task        ] GC(1167) Using 9 workers of 9 for evacuation
[26.346s][debug][gc,age         ] GC(1167) Desired survivor size 16777216 bytes, new threshold 15 (max threshold 15)
[26.347s][info ][gc,phases      ] GC(1167)   Pre Evacuate Collection Set: 0.07ms
[26.347s][info ][gc,phases      ] GC(1167)   Merge Heap Roots: 0.08ms
[26.347s][info ][gc,phases      ] GC(1167)   Evacuate Collection Set: 0.10ms
[26.347s][info ][gc,phases      ] GC(1167)   Post Evacuate Collection Set: 0.16ms
[26.347s][info ][gc,phases      ] GC(1167)   Other: 0.06ms
[26.347s][trace][gc,age         ] GC(1167) Age table:
[26.347s][trace][gc,age         ] GC(1167) - age   1:        192 bytes,        192 total
[26.347s][info ][gc,heap        ] GC(1167) Eden regions: 253->0(253)
[26.347s][info ][gc,heap        ] GC(1167) Survivor regions: 1->1(32)
[26.347s][info ][gc,heap        ] GC(1167) Old regions: 11->11
[26.347s][info ][gc,heap        ] GC(1167) Humongous regions: 0->0
[26.347s][info ][gc,metaspace   ] GC(1167) Metaspace: 10122K(10368K)->10122K(10368K) NonClass: 9159K(9344K)->9159K(9344K) Class: 963K(1024K)->963K(1024K)
[26.347s][info ][gc             ] GC(1167) Pause Young (Normal) (G1 Evacuation Pause) 256M->4M(424M) 0.570ms
[26.347s][info ][gc,cpu         ] GC(1167) User=0.01s Sys=0.00s Real=0.00s
[26.362s][info ][gc,start       ] GC(1168) Pause Young (Normal) (G1 Evacuation Pause)
[26.362s][info ][gc,task        ] GC(1168) Using 9 workers of 9 for evacuation
[26.363s][debug][gc,age         ] GC(1168) Desired survivor size 16777216 bytes, new threshold 15 (max threshold 15)
[26.363s][info ][gc,phases      ] GC(1168)   Pre Evacuate Collection Set: 0.14ms
[26.363s][info ][gc,phases      ] GC(1168)   Merge Heap Roots: 0.06ms
[26.363s][info ][gc,phases      ] GC(1168)   Evacuate Collection Set: 0.08ms
[26.363s][info ][gc,phases      ] GC(1168)   Post Evacuate Collection Set: 0.15ms
[26.363s][info ][gc,phases      ] GC(1168)   Other: 0.05ms
[26.363s][trace][gc,age         ] GC(1168) Age table:
[26.363s][trace][gc,age         ] GC(1168) - age   1:        192 bytes,        192 total
[26.363s][info ][gc,heap        ] GC(1168) Eden regions: 253->0(253)
[26.363s][info ][gc,heap        ] GC(1168) Survivor regions: 1->1(32)
[26.363s][info ][gc,heap        ] GC(1168) Old regions: 11->11
[26.363s][info ][gc,heap        ] GC(1168) Humongous regions: 0->0
[26.363s][info ][gc,metaspace   ] GC(1168) Metaspace: 10122K(10368K)->10122K(10368K) NonClass: 9159K(9344K)->9159K(9344K) Class: 963K(1024K)->963K(1024K)
[26.363s][info ][gc             ] GC(1168) Pause Young (Normal) (G1 Evacuation Pause) 256M->4M(424M) 0.580ms
[26.363s][info ][gc,cpu         ] GC(1168) User=0.00s Sys=0.00s Real=0.00s
[26.379s][info ][gc,start       ] GC(1169) Pause Young (Normal) (G1 Evacuation Pause)
[26.379s][info ][gc,task        ] GC(1169) Using 9 workers of 9 for evacuation
[26.379s][debug][gc,age         ] GC(1169) Desired survivor size 16777216 bytes, new threshold 15 (max threshold 15)
[26.379s][info ][gc,phases      ] GC(1169)   Pre Evacuate Collection Set: 0.06ms
[26.379s][info ][gc,phases      ] GC(1169)   Merge Heap Roots: 0.06ms
[26.379s][info ][gc,phases      ] GC(1169)   Evacuate Collection Set: 0.10ms
[26.379s][info ][gc,phases      ] GC(1169)   Post Evacuate Collection Set: 0.19ms
[26.379s][info ][gc,phases      ] GC(1169)   Other: 0.06ms
[26.379s][trace][gc,age         ] GC(1169) Age table:
[26.379s][trace][gc,age         ] GC(1169) - age   1:        192 bytes,        192 total
[26.379s][info ][gc,heap        ] GC(1169) Eden regions: 253->0(253)
[26.379s][info ][gc,heap        ] GC(1169) Survivor regions: 1->1(32)
[26.379s][info ][gc,heap        ] GC(1169) Old regions: 11->11
[26.379s][info ][gc,heap        ] GC(1169) Humongous regions: 0->0
[26.379s][info ][gc,metaspace   ] GC(1169) Metaspace: 10122K(10368K)->10122K(10368K) NonClass: 9159K(9344K)->9159K(9344K) Class: 963K(1024K)->963K(1024K)
[26.379s][info ][gc             ] GC(1169) Pause Young (Normal) (G1 Evacuation Pause) 256M->4M(424M) 0.583ms
[26.379s][info ][gc,cpu         ] GC(1169) User=0.00s Sys=0.00s Real=0.00s
[26.395s][info ][gc,start       ] GC(1170) Pause Young (Normal) (G1 Evacuation Pause)
[26.395s][info ][gc,task        ] GC(1170) Using 9 workers of 9 for evacuation
[26.395s][debug][gc,age         ] GC(1170) Desired survivor size 16777216 bytes, new threshold 15 (max threshold 15)
[26.396s][info ][gc,phases      ] GC(1170)   Pre Evacuate Collection Set: 0.08ms
[26.396s][info ][gc,phases      ] GC(1170)   Merge Heap Roots: 0.08ms
[26.396s][info ][gc,phases      ] GC(1170)   Evacuate Collection Set: 0.10ms
[26.396s][info ][gc,phases      ] GC(1170)   Post Evacuate Collection Set: 0.16ms
[26.396s][info ][gc,phases      ] GC(1170)   Other: 0.05ms
[26.396s][trace][gc,age         ] GC(1170) Age table:
[26.396s][trace][gc,age         ] GC(1170) - age   1:        192 bytes,        192 total
[26.396s][info ][gc,heap        ] GC(1170) Eden regions: 253->0(253)
[26.396s][info ][gc,heap        ] GC(1170) Survivor regions: 1->1(32)
[26.396s][info ][gc,heap        ] GC(1170) Old regions: 11->11
[26.396s][info ][gc,heap        ] GC(1170) Humongous regions: 0->0
[26.396s][info ][gc,metaspace   ] GC(1170) Metaspace: 10122K(10368K)->10122K(10368K) NonClass: 9159K(9344K)->9159K(9344K) Class: 963K(1024K)->963K(1024K)
[26.396s][info ][gc             ] GC(1170) Pause Young (Normal) (G1 Evacuation Pause) 256M->4M(424M) 0.561ms
[26.396s][info ][gc,cpu         ] GC(1170) User=0.00s Sys=0.00s Real=0.00s
[26.411s][info ][gc,start       ] GC(1171) Pause Young (Normal) (G1 Evacuation Pause)
[26.411s][info ][gc,task        ] GC(1171) Using 9 workers of 9 for evacuation
[26.411s][debug][gc,age         ] GC(1171) Desired survivor size 16777216 bytes, new threshold 15 (max threshold 15)
[26.412s][info ][gc,phases      ] GC(1171)   Pre Evacuate Collection Set: 0.09ms
[26.412s][info ][gc,phases      ] GC(1171)   Merge Heap Roots: 0.06ms
[26.412s][info ][gc,phases      ] GC(1171)   Evacuate Collection Set: 0.09ms
[26.412s][info ][gc,phases      ] GC(1171)   Post Evacuate Collection Set: 0.22ms
[26.412s][info ][gc,phases      ] GC(1171)   Other: 0.05ms
[26.412s][trace][gc,age         ] GC(1171) Age table:
[26.412s][trace][gc,age         ] GC(1171) - age   1:        192 bytes,        192 total
[26.412s][info ][gc,heap        ] GC(1171) Eden regions: 253->0(253)
[26.412s][info ][gc,heap        ] GC(1171) Survivor regions: 1->1(32)
[26.412s][info ][gc,heap        ] GC(1171) Old regions: 11->11
[26.412s][info ][gc,heap        ] GC(1171) Humongous regions: 0->0
[26.412s][info ][gc,metaspace   ] GC(1171) Metaspace: 10122K(10368K)->10122K(10368K) NonClass: 9159K(9344K)->9159K(9344K) Class: 963K(1024K)->963K(1024K)
[26.412s][info ][gc             ] GC(1171) Pause Young (Normal) (G1 Evacuation Pause) 256M->4M(424M) 0.596ms
[26.412s][info ][gc,cpu         ] GC(1171) User=0.00s Sys=0.00s Real=0.00s
[26.428s][info ][gc,start       ] GC(1172) Pause Young (Normal) (G1 Evacuation Pause)
[26.428s][info ][gc,task        ] GC(1172) Using 9 workers of 9 for evacuation
[26.428s][debug][gc,age         ] GC(1172) Desired survivor size 16777216 bytes, new threshold 15 (max threshold 15)
[26.428s][info ][gc,phases      ] GC(1172)   Pre Evacuate Collection Set: 0.07ms
[26.428s][info ][gc,phases      ] GC(1172)   Merge Heap Roots: 0.05ms
[26.428s][info ][gc,phases      ] GC(1172)   Evacuate Collection Set: 0.12ms
[26.428s][info ][gc,phases      ] GC(1172)   Post Evacuate Collection Set: 0.13ms
[26.428s][info ][gc,phases      ] GC(1172)   Other: 0.04ms
[26.428s][trace][gc,age         ] GC(1172) Age table:
[26.428s][trace][gc,age         ] GC(1172) - age   1:        192 bytes,        192 total
[26.428s][info ][gc,heap        ] GC(1172) Eden regions: 253->0(253)
[26.428s][info ][gc,heap        ] GC(1172) Survivor regions: 1->1(32)
[26.428s][info ][gc,heap        ] GC(1172) Old regions: 11->11
[26.428s][info ][gc,heap        ] GC(1172) Humongous regions: 0->0
[26.428s][info ][gc,metaspace   ] GC(1172) Metaspace: 10122K(10368K)->10122K(10368K) NonClass: 9159K(9344K)->9159K(9344K) Class: 963K(1024K)->963K(1024K)
[26.428s][info ][gc             ] GC(1172) Pause Young (Normal) (G1 Evacuation Pause) 256M->4M(424M) 0.518ms
[26.428s][info ][gc,cpu         ] GC(1172) User=0.00s Sys=0.00s Real=0.00s
[26.444s][info ][gc,start       ] GC(1173) Pause Young (Normal) (G1 Evacuation Pause)
[26.444s][info ][gc,task        ] GC(1173) Using 9 workers of 9 for evacuation
[26.444s][debug][gc,age         ] GC(1173) Desired survivor size 16777216 bytes, new threshold 15 (max threshold 15)
[26.444s][info ][gc,phases      ] GC(1173)   Pre Evacuate Collection Set: 0.07ms
[26.444s][info ][gc,phases      ] GC(1173)   Merge Heap Roots: 0.05ms
[26.444s][info ][gc,phases      ] GC(1173)   Evacuate Collection Set: 0.11ms
[26.444s][info ][gc,phases      ] GC(1173)   Post Evacuate Collection Set: 0.17ms
[26.444s][info ][gc,phases      ] GC(1173)   Other: 0.07ms
[26.444s][trace][gc,age         ] GC(1173) Age table:
[26.444s][trace][gc,age         ] GC(1173) - age   1:        192 bytes,        192 total
[26.444s][info ][gc,heap        ] GC(1173) Eden regions: 253->0(253)
[26.444s][info ][gc,heap        ] GC(1173) Survivor regions: 1->1(32)
[26.444s][info ][gc,heap        ] GC(1173) Old regions: 11->11
[26.444s][info ][gc,heap        ] GC(1173) Humongous regions: 0->0
[26.444s][info ][gc,metaspace   ] GC(1173) Metaspace: 10122K(10368K)->10122K(10368K) NonClass: 9159K(9344K)->9159K(9344K) Class: 963K(1024K)->963K(1024K)
[26.444s][info ][gc             ] GC(1173) Pause Young (Normal) (G1 Evacuation Pause) 256M->4M(424M) 0.595ms
[26.444s][info ][gc,cpu         ] GC(1173) User=0.00s Sys=0.00s Real=0.00s
[26.460s][info ][gc,start       ] GC(1174) Pause Young (Normal) (G1 Evacuation Pause)
[26.460s][info ][gc,task        ] GC(1174) Using 9 workers of 9 for evacuation
[26.460s][debug][gc,age         ] GC(1174) Desired survivor size 16777216 bytes, new threshold 15 (max threshold 15)
[26.460s][info ][gc,phases      ] GC(1174)   Pre Evacuate Collection Set: 0.09ms
[26.460s][info ][gc,phases      ] GC(1174)   Merge Heap Roots: 0.09ms
[26.460s][info ][gc,phases      ] GC(1174)   Evacuate Collection Set: 0.10ms
[26.460s][info ][gc,phases      ] GC(1174)   Post Evacuate Collection Set: 0.17ms
[26.460s][info ][gc,phases      ] GC(1174)   Other: 0.06ms
[26.460s][trace][gc,age         ] GC(1174) Age table:
[26.460s][trace][gc,age         ] GC(1174) - age   1:        192 bytes,        192 total
[26.460s][info ][gc,heap        ] GC(1174) Eden regions: 253->0(253)
[26.460s][info ][gc,heap        ] GC(1174) Survivor regions: 1->1(32)
[26.460s][info ][gc,heap        ] GC(1174) Old regions: 11->11
[26.460s][info ][gc,heap        ] GC(1174) Humongous regions: 0->0
[26.460s][info ][gc,metaspace   ] GC(1174) Metaspace: 10122K(10368K)->10122K(10368K) NonClass: 9159K(9344K)->9159K(9344K) Class: 963K(1024K)->963K(1024K)
[26.460s][info ][gc             ] GC(1174) Pause Young (Normal) (G1 Evacuation Pause) 256M->4M(424M) 0.599ms
[26.460s][info ][gc,cpu         ] GC(1174) User=0.00s Sys=0.00s Real=0.00s
[26.476s][info ][gc,start       ] GC(1175) Pause Young (Normal) (G1 Evacuation Pause)
[26.476s][info ][gc,task        ] GC(1175) Using 9 workers of 9 for evacuation
[26.476s][debug][gc,age         ] GC(1175) Desired survivor size 16777216 bytes, new threshold 15 (max threshold 15)
[26.477s][info ][gc,phases      ] GC(1175)   Pre Evacuate Collection Set: 0.07ms
[26.477s][info ][gc,phases      ] GC(1175)   Merge Heap Roots: 0.06ms
[26.477s][info ][gc,phases      ] GC(1175)   Evacuate Collection Set: 0.13ms
[26.477s][info ][gc,phases      ] GC(1175)   Post Evacuate Collection Set: 0.17ms
[26.477s][info ][gc,phases      ] GC(1175)   Other: 0.05ms
[26.477s][trace][gc,age         ] GC(1175) Age table:
[26.477s][trace][gc,age         ] GC(1175) - age   1:        192 bytes,        192 total
[26.477s][info ][gc,heap        ] GC(1175) Eden regions: 253->0(253)
[26.477s][info ][gc,heap        ] GC(1175) Survivor regions: 1->1(32)
[26.477s][info ][gc,heap        ] GC(1175) Old regions: 11->11
[26.477s][info ][gc,heap        ] GC(1175) Humongous regions: 0->0
[26.477s][info ][gc,metaspace   ] GC(1175) Metaspace: 10122K(10368K)->10122K(10368K) NonClass: 9159K(9344K)->9159K(9344K) Class: 963K(1024K)->963K(1024K)
[26.477s][info ][gc             ] GC(1175) Pause Young (Normal) (G1 Evacuation Pause) 256M->4M(424M) 0.579ms
[26.477s][info ][gc,cpu         ] GC(1175) User=0.00s Sys=0.00s Real=0.00s
[26.492s][info ][gc,start       ] GC(1176) Pause Young (Normal) (G1 Evacuation Pause)
[26.492s][info ][gc,task        ] GC(1176) Using 9 workers of 9 for evacuation
[26.492s][debug][gc,age         ] GC(1176) Desired survivor size 16777216 bytes, new threshold 15 (max threshold 15)
[26.493s][info ][gc,phases      ] GC(1176)   Pre Evacuate Collection Set: 0.07ms
[26.493s][info ][gc,phases      ] GC(1176)   Merge Heap Roots: 0.06ms
[26.493s][info ][gc,phases      ] GC(1176)   Evacuate Collection Set: 0.12ms
[26.493s][info ][gc,phases      ] GC(1176)   Post Evacuate Collection Set: 0.19ms
[26.493s][info ][gc,phases      ] GC(1176)   Other: 0.06ms
[26.493s][trace][gc,age         ] GC(1176) Age table:
[26.493s][trace][gc,age         ] GC(1176) - age   1:        192 bytes,        192 total
[26.493s][info ][gc,heap        ] GC(1176) Eden regions: 253->0(253)
[26.493s][info ][gc,heap        ] GC(1176) Survivor regions: 1->1(32)
[26.493s][info ][gc,heap        ] GC(1176) Old regions: 11->11
[26.493s][info ][gc,heap        ] GC(1176) Humongous regions: 0->0
[26.493s][info ][gc,metaspace   ] GC(1176) Metaspace: 10122K(10368K)->10122K(10368K) NonClass: 9159K(9344K)->9159K(9344K) Class: 963K(1024K)->963K(1024K)
[26.493s][info ][gc             ] GC(1176) Pause Young (Normal) (G1 Evacuation Pause) 256M->4M(424M) 0.576ms
[26.493s][info ][gc,cpu         ] GC(1176) User=0.00s Sys=0.00s Real=0.00s
[26.508s][info ][gc,start       ] GC(1177) Pause Young (Normal) (G1 Evacuation Pause)
[26.508s][info ][gc,task        ] GC(1177) Using 9 workers of 9 for evacuation
[26.508s][debug][gc,age         ] GC(1177) Desired survivor size 16777216 bytes, new threshold 15 (max threshold 15)
[26.509s][info ][gc,phases      ] GC(1177)   Pre Evacuate Collection Set: 0.08ms
[26.509s][info ][gc,phases      ] GC(1177)   Merge Heap Roots: 0.05ms
[26.509s][info ][gc,phases      ] GC(1177)   Evacuate Collection Set: 0.13ms
[26.509s][info ][gc,phases      ] GC(1177)   Post Evacuate Collection Set: 0.18ms
[26.509s][info ][gc,phases      ] GC(1177)   Other: 0.07ms
[26.509s][trace][gc,age         ] GC(1177) Age table:
[26.509s][trace][gc,age         ] GC(1177) - age   1:        192 bytes,        192 total
[26.509s][info ][gc,heap        ] GC(1177) Eden regions: 253->0(253)
[26.509s][info ][gc,heap        ] GC(1177) Survivor regions: 1->1(32)
[26.509s][info ][gc,heap        ] GC(1177) Old regions: 11->11
[26.509s][info ][gc,heap        ] GC(1177) Humongous regions: 0->0
[26.509s][info ][gc,metaspace   ] GC(1177) Metaspace: 10122K(10368K)->10122K(10368K) NonClass: 9159K(9344K)->9159K(9344K) Class: 963K(1024K)->963K(1024K)
[26.509s][info ][gc             ] GC(1177) Pause Young (Normal) (G1 Evacuation Pause) 256M->4M(424M) 0.606ms
[26.509s][info ][gc,cpu         ] GC(1177) User=0.00s Sys=0.00s Real=0.00s
[26.525s][info ][gc,start       ] GC(1178) Pause Young (Normal) (G1 Evacuation Pause)
[26.525s][info ][gc,task        ] GC(1178) Using 9 workers of 9 for evacuation
[26.525s][debug][gc,age         ] GC(1178) Desired survivor size 16777216 bytes, new threshold 15 (max threshold 15)
[26.525s][info ][gc,phases      ] GC(1178)   Pre Evacuate Collection Set: 0.06ms
[26.525s][info ][gc,phases      ] GC(1178)   Merge Heap Roots: 0.06ms
[26.525s][info ][gc,phases      ] GC(1178)   Evacuate Collection Set: 0.09ms
[26.525s][info ][gc,phases      ] GC(1178)   Post Evacuate Collection Set: 0.16ms
[26.525s][info ][gc,phases      ] GC(1178)   Other: 0.06ms
[26.525s][trace][gc,age         ] GC(1178) Age table:
[26.525s][trace][gc,age         ] GC(1178) - age   1:        192 bytes,        192 total
[26.525s][info ][gc,heap        ] GC(1178) Eden regions: 253->0(253)
[26.525s][info ][gc,heap        ] GC(1178) Survivor regions: 1->1(32)
[26.525s][info ][gc,heap        ] GC(1178) Old regions: 11->11
[26.525s][info ][gc,heap        ] GC(1178) Humongous regions: 0->0
[26.525s][info ][gc,metaspace   ] GC(1178) Metaspace: 10122K(10368K)->10122K(10368K) NonClass: 9159K(9344K)->9159K(9344K) Class: 963K(1024K)->963K(1024K)
[26.525s][info ][gc             ] GC(1178) Pause Young (Normal) (G1 Evacuation Pause) 256M->4M(424M) 0.522ms
[26.525s][info ][gc,cpu         ] GC(1178) User=0.00s Sys=0.00s Real=0.01s
[26.541s][info ][gc,start       ] GC(1179) Pause Young (Normal) (G1 Evacuation Pause)
[26.541s][info ][gc,task        ] GC(1179) Using 9 workers of 9 for evacuation
[26.541s][debug][gc,age         ] GC(1179) Desired survivor size 16777216 bytes, new threshold 15 (max threshold 15)
[26.541s][info ][gc,phases      ] GC(1179)   Pre Evacuate Collection Set: 0.07ms
[26.541s][info ][gc,phases      ] GC(1179)   Merge Heap Roots: 0.07ms
[26.541s][info ][gc,phases      ] GC(1179)   Evacuate Collection Set: 0.11ms
[26.541s][info ][gc,phases      ] GC(1179)   Post Evacuate Collection Set: 0.20ms
[26.541s][info ][gc,phases      ] GC(1179)   Other: 0.05ms
[26.541s][trace][gc,age         ] GC(1179) Age table:
[26.541s][trace][gc,age         ] GC(1179) - age   1:        192 bytes,        192 total
[26.541s][info ][gc,heap        ] GC(1179) Eden regions: 253->0(253)
[26.541s][info ][gc,heap        ] GC(1179) Survivor regions: 1->1(32)
[26.541s][info ][gc,heap        ] GC(1179) Old regions: 11->11
[26.541s][info ][gc,heap        ] GC(1179) Humongous regions: 0->0
[26.541s][info ][gc,metaspace   ] GC(1179) Metaspace: 10122K(10368K)->10122K(10368K) NonClass: 9159K(9344K)->9159K(9344K) Class: 963K(1024K)->963K(1024K)
[26.541s][info ][gc             ] GC(1179) Pause Young (Normal) (G1 Evacuation Pause) 256M->4M(424M) 0.572ms
[26.541s][info ][gc,cpu         ] GC(1179) User=0.00s Sys=0.00s Real=0.00s
[26.557s][info ][gc,start       ] GC(1180) Pause Young (Normal) (G1 Evacuation Pause)
[26.557s][info ][gc,task        ] GC(1180) Using 9 workers of 9 for evacuation
[26.557s][debug][gc,age         ] GC(1180) Desired survivor size 16777216 bytes, new threshold 15 (max threshold 15)
[26.557s][info ][gc,phases      ] GC(1180)   Pre Evacuate Collection Set: 0.09ms
[26.557s][info ][gc,phases      ] GC(1180)   Merge Heap Roots: 0.07ms
[26.557s][info ][gc,phases      ] GC(1180)   Evacuate Collection Set: 0.11ms
[26.557s][info ][gc,phases      ] GC(1180)   Post Evacuate Collection Set: 0.17ms
[26.557s][info ][gc,phases      ] GC(1180)   Other: 0.04ms
[26.557s][trace][gc,age         ] GC(1180) Age table:
[26.557s][trace][gc,age         ] GC(1180) - age   1:        192 bytes,        192 total
[26.557s][info ][gc,heap        ] GC(1180) Eden regions: 253->0(253)
[26.557s][info ][gc,heap        ] GC(1180) Survivor regions: 1->1(32)
[26.557s][info ][gc,heap        ] GC(1180) Old regions: 11->11
[26.557s][info ][gc,heap        ] GC(1180) Humongous regions: 0->0
[26.557s][info ][gc,metaspace   ] GC(1180) Metaspace: 10122K(10368K)->10122K(10368K) NonClass: 9159K(9344K)->9159K(9344K) Class: 963K(1024K)->963K(1024K)
[26.557s][info ][gc             ] GC(1180) Pause Young (Normal) (G1 Evacuation Pause) 256M->4M(424M) 0.570ms
[26.557s][info ][gc,cpu         ] GC(1180) User=0.00s Sys=0.00s Real=0.00s
[26.573s][info ][gc,start       ] GC(1181) Pause Young (Normal) (G1 Evacuation Pause)
[26.573s][info ][gc,task        ] GC(1181) Using 9 workers of 9 for evacuation
[26.573s][debug][gc,age         ] GC(1181) Desired survivor size 16777216 bytes, new threshold 15 (max threshold 15)
[26.573s][info ][gc,phases      ] GC(1181)   Pre Evacuate Collection Set: 0.07ms
[26.573s][info ][gc,phases      ] GC(1181)   Merge Heap Roots: 0.07ms
[26.573s][info ][gc,phases      ] GC(1181)   Evacuate Collection Set: 0.10ms
[26.573s][info ][gc,phases      ] GC(1181)   Post Evacuate Collection Set: 0.17ms
[26.573s][info ][gc,phases      ] GC(1181)   Other: 0.06ms
[26.573s][trace][gc,age         ] GC(1181) Age table:
[26.573s][trace][gc,age         ] GC(1181) - age   1:        192 bytes,        192 total
[26.574s][info ][gc,heap        ] GC(1181) Eden regions: 253->0(253)
[26.574s][info ][gc,heap        ] GC(1181) Survivor regions: 1->1(32)
[26.574s][info ][gc,heap        ] GC(1181) Old regions: 11->11
[26.574s][info ][gc,heap        ] GC(1181) Humongous regions: 0->0
[26.574s][info ][gc,metaspace   ] GC(1181) Metaspace: 10122K(10368K)->10122K(10368K) NonClass: 9159K(9344K)->9159K(9344K) Class: 963K(1024K)->963K(1024K)
[26.574s][info ][gc             ] GC(1181) Pause Young (Normal) (G1 Evacuation Pause) 256M->4M(424M) 0.578ms
[26.574s][info ][gc,cpu         ] GC(1181) User=0.00s Sys=0.00s Real=0.00s
[26.589s][info ][gc,start       ] GC(1182) Pause Young (Normal) (G1 Evacuation Pause)
[26.589s][info ][gc,task        ] GC(1182) Using 9 workers of 9 for evacuation
[26.589s][debug][gc,age         ] GC(1182) Desired survivor size 16777216 bytes, new threshold 15 (max threshold 15)
[26.590s][info ][gc,phases      ] GC(1182)   Pre Evacuate Collection Set: 0.09ms
[26.590s][info ][gc,phases      ] GC(1182)   Merge Heap Roots: 0.06ms
[26.590s][info ][gc,phases      ] GC(1182)   Evacuate Collection Set: 0.10ms
[26.590s][info ][gc,phases      ] GC(1182)   Post Evacuate Collection Set: 0.16ms
[26.590s][info ][gc,phases      ] GC(1182)   Other: 0.06ms
[26.590s][trace][gc,age         ] GC(1182) Age table:
[26.590s][trace][gc,age         ] GC(1182) - age   1:        192 bytes,        192 total
[26.590s][info ][gc,heap        ] GC(1182) Eden regions: 253->0(253)
[26.590s][info ][gc,heap        ] GC(1182) Survivor regions: 1->1(32)
[26.590s][info ][gc,heap        ] GC(1182) Old regions: 11->11
[26.590s][info ][gc,heap        ] GC(1182) Humongous regions: 0->0
[26.590s][info ][gc,metaspace   ] GC(1182) Metaspace: 10122K(10368K)->10122K(10368K) NonClass: 9159K(9344K)->9159K(9344K) Class: 963K(1024K)->963K(1024K)
[26.590s][info ][gc             ] GC(1182) Pause Young (Normal) (G1 Evacuation Pause) 256M->4M(424M) 0.576ms
[26.590s][info ][gc,cpu         ] GC(1182) User=0.00s Sys=0.00s Real=0.00s
[26.605s][info ][gc,start       ] GC(1183) Pause Young (Normal) (G1 Evacuation Pause)
[26.605s][info ][gc,task        ] GC(1183) Using 9 workers of 9 for evacuation
[26.605s][debug][gc,age         ] GC(1183) Desired survivor size 16777216 bytes, new threshold 15 (max threshold 15)
[26.606s][info ][gc,phases      ] GC(1183)   Pre Evacuate Collection Set: 0.07ms
[26.606s][info ][gc,phases      ] GC(1183)   Merge Heap Roots: 0.08ms
[26.606s][info ][gc,phases      ] GC(1183)   Evacuate Collection Set: 0.14ms
[26.606s][info ][gc,phases      ] GC(1183)   Post Evacuate Collection Set: 0.19ms
[26.606s][info ][gc,phases      ] GC(1183)   Other: 0.05ms
[26.606s][trace][gc,age         ] GC(1183) Age table:
[26.606s][trace][gc,age         ] GC(1183) - age   1:        192 bytes,        192 total
[26.606s][info ][gc,heap        ] GC(1183) Eden regions: 253->0(253)
[26.606s][info ][gc,heap        ] GC(1183) Survivor regions: 1->1(32)
[26.606s][info ][gc,heap        ] GC(1183) Old regions: 11->11
[26.606s][info ][gc,heap        ] GC(1183) Humongous regions: 0->0
[26.606s][info ][gc,metaspace   ] GC(1183) Metaspace: 10122K(10368K)->10122K(10368K) NonClass: 9159K(9344K)->9159K(9344K) Class: 963K(1024K)->963K(1024K)
[26.606s][info ][gc             ] GC(1183) Pause Young (Normal) (G1 Evacuation Pause) 256M->4M(424M) 0.629ms
[26.606s][info ][gc,cpu         ] GC(1183) User=0.00s Sys=0.00s Real=0.01s
[26.621s][info ][gc,start       ] GC(1184) Pause Young (Normal) (G1 Evacuation Pause)
[26.621s][info ][gc,task        ] GC(1184) Using 9 workers of 9 for evacuation
[26.621s][debug][gc,age         ] GC(1184) Desired survivor size 16777216 bytes, new threshold 15 (max threshold 15)
[26.622s][info ][gc,phases      ] GC(1184)   Pre Evacuate Collection Set: 0.10ms
[26.622s][info ][gc,phases      ] GC(1184)   Merge Heap Roots: 0.07ms
[26.622s][info ][gc,phases      ] GC(1184)   Evacuate Collection Set: 0.08ms
[26.622s][info ][gc,phases      ] GC(1184)   Post Evacuate Collection Set: 0.18ms
[26.622s][info ][gc,phases      ] GC(1184)   Other: 0.05ms
[26.622s][trace][gc,age         ] GC(1184) Age table:
[26.622s][trace][gc,age         ] GC(1184) - age   1:        192 bytes,        192 total
[26.622s][info ][gc,heap        ] GC(1184) Eden regions: 253->0(253)
[26.622s][info ][gc,heap        ] GC(1184) Survivor regions: 1->1(32)
[26.622s][info ][gc,heap        ] GC(1184) Old regions: 11->11
[26.622s][info ][gc,heap        ] GC(1184) Humongous regions: 0->0
[26.622s][info ][gc,metaspace   ] GC(1184) Metaspace: 10122K(10368K)->10122K(10368K) NonClass: 9159K(9344K)->9159K(9344K) Class: 963K(1024K)->963K(1024K)
[26.622s][info ][gc             ] GC(1184) Pause Young (Normal) (G1 Evacuation Pause) 256M->4M(424M) 0.562ms
[26.622s][info ][gc,cpu         ] GC(1184) User=0.01s Sys=0.00s Real=0.00s
[26.637s][info ][gc,start       ] GC(1185) Pause Young (Normal) (G1 Evacuation Pause)
[26.637s][info ][gc,task        ] GC(1185) Using 9 workers of 9 for evacuation
[26.637s][debug][gc,age         ] GC(1185) Desired survivor size 16777216 bytes, new threshold 15 (max threshold 15)
[26.638s][info ][gc,phases      ] GC(1185)   Pre Evacuate Collection Set: 0.07ms
[26.638s][info ][gc,phases      ] GC(1185)   Merge Heap Roots: 0.05ms
[26.638s][info ][gc,phases      ] GC(1185)   Evacuate Collection Set: 0.10ms
[26.638s][info ][gc,phases      ] GC(1185)   Post Evacuate Collection Set: 0.19ms
[26.638s][info ][gc,phases      ] GC(1185)   Other: 0.04ms
[26.638s][trace][gc,age         ] GC(1185) Age table:
[26.638s][trace][gc,age         ] GC(1185) - age   1:        192 bytes,        192 total
[26.638s][info ][gc,heap        ] GC(1185) Eden regions: 253->0(253)
[26.638s][info ][gc,heap        ] GC(1185) Survivor regions: 1->1(32)
[26.638s][info ][gc,heap        ] GC(1185) Old regions: 11->11
[26.638s][info ][gc,heap        ] GC(1185) Humongous regions: 0->0
[26.638s][info ][gc,metaspace   ] GC(1185) Metaspace: 10122K(10368K)->10122K(10368K) NonClass: 9159K(9344K)->9159K(9344K) Class: 963K(1024K)->963K(1024K)
[26.638s][info ][gc             ] GC(1185) Pause Young (Normal) (G1 Evacuation Pause) 256M->4M(424M) 0.548ms
[26.638s][info ][gc,cpu         ] GC(1185) User=0.00s Sys=0.00s Real=0.00s
[26.653s][info ][gc,start       ] GC(1186) Pause Young (Normal) (G1 Evacuation Pause)
[26.653s][info ][gc,task        ] GC(1186) Using 9 workers of 9 for evacuation
[26.653s][debug][gc,age         ] GC(1186) Desired survivor size 16777216 bytes, new threshold 15 (max threshold 15)
[26.654s][info ][gc,phases      ] GC(1186)   Pre Evacuate Collection Set: 0.07ms
[26.654s][info ][gc,phases      ] GC(1186)   Merge Heap Roots: 0.06ms
[26.654s][info ][gc,phases      ] GC(1186)   Evacuate Collection Set: 0.13ms
[26.654s][info ][gc,phases      ] GC(1186)   Post Evacuate Collection Set: 0.18ms
[26.654s][info ][gc,phases      ] GC(1186)   Other: 0.05ms
[26.654s][trace][gc,age         ] GC(1186) Age table:
[26.654s][trace][gc,age         ] GC(1186) - age   1:        192 bytes,        192 total
[26.654s][info ][gc,heap        ] GC(1186) Eden regions: 253->0(253)
[26.654s][info ][gc,heap        ] GC(1186) Survivor regions: 1->1(32)
[26.654s][info ][gc,heap        ] GC(1186) Old regions: 11->11
[26.654s][info ][gc,heap        ] GC(1186) Humongous regions: 0->0
[26.654s][info ][gc,metaspace   ] GC(1186) Metaspace: 10122K(10368K)->10122K(10368K) NonClass: 9159K(9344K)->9159K(9344K) Class: 963K(1024K)->963K(1024K)
[26.654s][info ][gc             ] GC(1186) Pause Young (Normal) (G1 Evacuation Pause) 256M->4M(424M) 0.588ms
[26.654s][info ][gc,cpu         ] GC(1186) User=0.00s Sys=0.00s Real=0.00s
[26.670s][info ][gc,start       ] GC(1187) Pause Young (Normal) (G1 Evacuation Pause)
[26.670s][info ][gc,task        ] GC(1187) Using 9 workers of 9 for evacuation
[26.670s][debug][gc,age         ] GC(1187) Desired survivor size 16777216 bytes, new threshold 15 (max threshold 15)
[26.670s][info ][gc,phases      ] GC(1187)   Pre Evacuate Collection Set: 0.07ms
[26.670s][info ][gc,phases      ] GC(1187)   Merge Heap Roots: 0.05ms
[26.670s][info ][gc,phases      ] GC(1187)   Evacuate Collection Set: 0.09ms
[26.670s][info ][gc,phases      ] GC(1187)   Post Evacuate Collection Set: 0.18ms
[26.670s][info ][gc,phases      ] GC(1187)   Other: 0.05ms
[26.670s][trace][gc,age         ] GC(1187) Age table:
[26.670s][trace][gc,age         ] GC(1187) - age   1:        192 bytes,        192 total
[26.670s][info ][gc,heap        ] GC(1187) Eden regions: 253->0(253)
[26.670s][info ][gc,heap        ] GC(1187) Survivor regions: 1->1(32)
[26.670s][info ][gc,heap        ] GC(1187) Old regions: 11->11
[26.670s][info ][gc,heap        ] GC(1187) Humongous regions: 0->0
[26.670s][info ][gc,metaspace   ] GC(1187) Metaspace: 10122K(10368K)->10122K(10368K) NonClass: 9159K(9344K)->9159K(9344K) Class: 963K(1024K)->963K(1024K)
[26.670s][info ][gc             ] GC(1187) Pause Young (Normal) (G1 Evacuation Pause) 256M->4M(424M) 0.531ms
[26.670s][info ][gc,cpu         ] GC(1187) User=0.00s Sys=0.00s Real=0.00s
[26.686s][info ][gc,start       ] GC(1188) Pause Young (Normal) (G1 Evacuation Pause)
[26.686s][info ][gc,task        ] GC(1188) Using 9 workers of 9 for evacuation
[26.686s][debug][gc,age         ] GC(1188) Desired survivor size 16777216 bytes, new threshold 15 (max threshold 15)
[26.686s][info ][gc,phases      ] GC(1188)   Pre Evacuate Collection Set: 0.08ms
[26.686s][info ][gc,phases      ] GC(1188)   Merge Heap Roots: 0.07ms
[26.686s][info ][gc,phases      ] GC(1188)   Evacuate Collection Set: 0.10ms
[26.686s][info ][gc,phases      ] GC(1188)   Post Evacuate Collection Set: 0.16ms
[26.686s][info ][gc,phases      ] GC(1188)   Other: 0.05ms
[26.686s][trace][gc,age         ] GC(1188) Age table:
[26.686s][trace][gc,age         ] GC(1188) - age   1:        192 bytes,        192 total
[26.686s][info ][gc,heap        ] GC(1188) Eden regions: 253->0(253)
[26.686s][info ][gc,heap        ] GC(1188) Survivor regions: 1->1(32)
[26.686s][info ][gc,heap        ] GC(1188) Old regions: 11->11
[26.686s][info ][gc,heap        ] GC(1188) Humongous regions: 0->0
[26.686s][info ][gc,metaspace   ] GC(1188) Metaspace: 10122K(10368K)->10122K(10368K) NonClass: 9159K(9344K)->9159K(9344K) Class: 963K(1024K)->963K(1024K)
[26.686s][info ][gc             ] GC(1188) Pause Young (Normal) (G1 Evacuation Pause) 256M->4M(424M) 0.535ms
[26.686s][info ][gc,cpu         ] GC(1188) User=0.00s Sys=0.00s Real=0.00s
[26.702s][info ][gc,start       ] GC(1189) Pause Young (Normal) (G1 Evacuation Pause)
[26.702s][info ][gc,task        ] GC(1189) Using 9 workers of 9 for evacuation
[26.702s][debug][gc,age         ] GC(1189) Desired survivor size 16777216 bytes, new threshold 15 (max threshold 15)
[26.702s][info ][gc,phases      ] GC(1189)   Pre Evacuate Collection Set: 0.08ms
[26.702s][info ][gc,phases      ] GC(1189)   Merge Heap Roots: 0.05ms
[26.702s][info ][gc,phases      ] GC(1189)   Evacuate Collection Set: 0.12ms
[26.702s][info ][gc,phases      ] GC(1189)   Post Evacuate Collection Set: 0.15ms
[26.702s][info ][gc,phases      ] GC(1189)   Other: 0.04ms
[26.702s][trace][gc,age         ] GC(1189) Age table:
[26.702s][trace][gc,age         ] GC(1189) - age   1:        192 bytes,        192 total
[26.702s][info ][gc,heap        ] GC(1189) Eden regions: 253->0(253)
[26.702s][info ][gc,heap        ] GC(1189) Survivor regions: 1->1(32)
[26.702s][info ][gc,heap        ] GC(1189) Old regions: 11->11
[26.702s][info ][gc,heap        ] GC(1189) Humongous regions: 0->0
[26.702s][info ][gc,metaspace   ] GC(1189) Metaspace: 10122K(10368K)->10122K(10368K) NonClass: 9159K(9344K)->9159K(9344K) Class: 963K(1024K)->963K(1024K)
[26.703s][info ][gc             ] GC(1189) Pause Young (Normal) (G1 Evacuation Pause) 256M->4M(424M) 0.540ms
[26.703s][info ][gc,cpu         ] GC(1189) User=0.00s Sys=0.01s Real=0.00s
[26.718s][info ][gc,start       ] GC(1190) Pause Young (Normal) (G1 Evacuation Pause)
[26.718s][info ][gc,task        ] GC(1190) Using 9 workers of 9 for evacuation
[26.718s][debug][gc,age         ] GC(1190) Desired survivor size 16777216 bytes, new threshold 15 (max threshold 15)
[26.719s][info ][gc,phases      ] GC(1190)   Pre Evacuate Collection Set: 0.08ms
[26.719s][info ][gc,phases      ] GC(1190)   Merge Heap Roots: 0.09ms
[26.719s][info ][gc,phases      ] GC(1190)   Evacuate Collection Set: 0.09ms
[26.719s][info ][gc,phases      ] GC(1190)   Post Evacuate Collection Set: 0.18ms
[26.719s][info ][gc,phases      ] GC(1190)   Other: 0.07ms
[26.719s][trace][gc,age         ] GC(1190) Age table:
[26.719s][trace][gc,age         ] GC(1190) - age   1:        192 bytes,        192 total
[26.719s][info ][gc,heap        ] GC(1190) Eden regions: 253->0(253)
[26.719s][info ][gc,heap        ] GC(1190) Survivor regions: 1->1(32)
[26.719s][info ][gc,heap        ] GC(1190) Old regions: 11->11
[26.719s][info ][gc,heap        ] GC(1190) Humongous regions: 0->0
[26.719s][info ][gc,metaspace   ] GC(1190) Metaspace: 10122K(10368K)->10122K(10368K) NonClass: 9159K(9344K)->9159K(9344K) Class: 963K(1024K)->963K(1024K)
[26.719s][info ][gc             ] GC(1190) Pause Young (Normal) (G1 Evacuation Pause) 256M->4M(424M) 0.614ms
[26.719s][info ][gc,cpu         ] GC(1190) User=0.00s Sys=0.00s Real=0.00s
[26.735s][info ][gc,start       ] GC(1191) Pause Young (Normal) (G1 Evacuation Pause)
[26.735s][info ][gc,task        ] GC(1191) Using 9 workers of 9 for evacuation
[26.735s][debug][gc,age         ] GC(1191) Desired survivor size 16777216 bytes, new threshold 15 (max threshold 15)
[26.735s][info ][gc,phases      ] GC(1191)   Pre Evacuate Collection Set: 0.08ms
[26.735s][info ][gc,phases      ] GC(1191)   Merge Heap Roots: 0.06ms
[26.735s][info ][gc,phases      ] GC(1191)   Evacuate Collection Set: 0.21ms
[26.735s][info ][gc,phases      ] GC(1191)   Post Evacuate Collection Set: 0.21ms
[26.735s][info ][gc,phases      ] GC(1191)   Other: 0.06ms
[26.735s][trace][gc,age         ] GC(1191) Age table:
[26.735s][trace][gc,age         ] GC(1191) - age   1:        192 bytes,        192 total
[26.735s][info ][gc,heap        ] GC(1191) Eden regions: 253->0(253)
[26.735s][info ][gc,heap        ] GC(1191) Survivor regions: 1->1(32)
[26.735s][info ][gc,heap        ] GC(1191) Old regions: 11->11
[26.735s][info ][gc,heap        ] GC(1191) Humongous regions: 0->0
[26.735s][info ][gc,metaspace   ] GC(1191) Metaspace: 10122K(10368K)->10122K(10368K) NonClass: 9159K(9344K)->9159K(9344K) Class: 963K(1024K)->963K(1024K)
[26.735s][info ][gc             ] GC(1191) Pause Young (Normal) (G1 Evacuation Pause) 256M->4M(424M) 0.706ms
[26.735s][info ][gc,cpu         ] GC(1191) User=0.00s Sys=0.00s Real=0.01s
[26.751s][info ][gc,start       ] GC(1192) Pause Young (Normal) (G1 Evacuation Pause)
[26.751s][info ][gc,task        ] GC(1192) Using 9 workers of 9 for evacuation
[26.751s][debug][gc,age         ] GC(1192) Desired survivor size 16777216 bytes, new threshold 15 (max threshold 15)
[26.752s][info ][gc,phases      ] GC(1192)   Pre Evacuate Collection Set: 0.07ms
[26.752s][info ][gc,phases      ] GC(1192)   Merge Heap Roots: 0.10ms
[26.752s][info ][gc,phases      ] GC(1192)   Evacuate Collection Set: 0.07ms
[26.752s][info ][gc,phases      ] GC(1192)   Post Evacuate Collection Set: 0.19ms
[26.752s][info ][gc,phases      ] GC(1192)   Other: 0.05ms
[26.752s][trace][gc,age         ] GC(1192) Age table:
[26.752s][trace][gc,age         ] GC(1192) - age   1:        192 bytes,        192 total
[26.752s][info ][gc,heap        ] GC(1192) Eden regions: 253->0(253)
[26.752s][info ][gc,heap        ] GC(1192) Survivor regions: 1->1(32)
[26.752s][info ][gc,heap        ] GC(1192) Old regions: 11->11
[26.752s][info ][gc,heap        ] GC(1192) Humongous regions: 0->0
[26.752s][info ][gc,metaspace   ] GC(1192) Metaspace: 10122K(10368K)->10122K(10368K) NonClass: 9159K(9344K)->9159K(9344K) Class: 963K(1024K)->963K(1024K)
[26.752s][info ][gc             ] GC(1192) Pause Young (Normal) (G1 Evacuation Pause) 256M->4M(424M) 0.576ms
[26.752s][info ][gc,cpu         ] GC(1192) User=0.00s Sys=0.00s Real=0.00s
[26.767s][info ][gc,start       ] GC(1193) Pause Young (Normal) (G1 Evacuation Pause)
[26.767s][info ][gc,task        ] GC(1193) Using 9 workers of 9 for evacuation
[26.767s][debug][gc,age         ] GC(1193) Desired survivor size 16777216 bytes, new threshold 15 (max threshold 15)
[26.768s][info ][gc,phases      ] GC(1193)   Pre Evacuate Collection Set: 0.07ms
[26.768s][info ][gc,phases      ] GC(1193)   Merge Heap Roots: 0.06ms
[26.768s][info ][gc,phases      ] GC(1193)   Evacuate Collection Set: 0.13ms
[26.768s][info ][gc,phases      ] GC(1193)   Post Evacuate Collection Set: 0.18ms
[26.768s][info ][gc,phases      ] GC(1193)   Other: 0.06ms
[26.768s][trace][gc,age         ] GC(1193) Age table:
[26.768s][trace][gc,age         ] GC(1193) - age   1:        192 bytes,        192 total
[26.768s][info ][gc,heap        ] GC(1193) Eden regions: 253->0(253)
[26.768s][info ][gc,heap        ] GC(1193) Survivor regions: 1->1(32)
[26.768s][info ][gc,heap        ] GC(1193) Old regions: 11->11
[26.768s][info ][gc,heap        ] GC(1193) Humongous regions: 0->0
[26.768s][info ][gc,metaspace   ] GC(1193) Metaspace: 10122K(10368K)->10122K(10368K) NonClass: 9159K(9344K)->9159K(9344K) Class: 963K(1024K)->963K(1024K)
[26.768s][info ][gc             ] GC(1193) Pause Young (Normal) (G1 Evacuation Pause) 256M->4M(424M) 0.595ms
[26.768s][info ][gc,cpu         ] GC(1193) User=0.00s Sys=0.00s Real=0.00s
[26.784s][info ][gc,start       ] GC(1194) Pause Young (Normal) (G1 Evacuation Pause)
[26.784s][info ][gc,task        ] GC(1194) Using 9 workers of 9 for evacuation
[26.784s][debug][gc,age         ] GC(1194) Desired survivor size 16777216 bytes, new threshold 15 (max threshold 15)
[26.784s][info ][gc,phases      ] GC(1194)   Pre Evacuate Collection Set: 0.07ms
[26.784s][info ][gc,phases      ] GC(1194)   Merge Heap Roots: 0.06ms
[26.784s][info ][gc,phases      ] GC(1194)   Evacuate Collection Set: 0.10ms
[26.784s][info ][gc,phases      ] GC(1194)   Post Evacuate Collection Set: 0.15ms
[26.784s][info ][gc,phases      ] GC(1194)   Other: 0.06ms
[26.784s][trace][gc,age         ] GC(1194) Age table:
[26.784s][trace][gc,age         ] GC(1194) - age   1:        192 bytes,        192 total
[26.784s][info ][gc,heap        ] GC(1194) Eden regions: 253->0(253)
[26.784s][info ][gc,heap        ] GC(1194) Survivor regions: 1->1(32)
[26.784s][info ][gc,heap        ] GC(1194) Old regions: 11->11
[26.784s][info ][gc,heap        ] GC(1194) Humongous regions: 0->0
[26.784s][info ][gc,metaspace   ] GC(1194) Metaspace: 10122K(10368K)->10122K(10368K) NonClass: 9159K(9344K)->9159K(9344K) Class: 963K(1024K)->963K(1024K)
[26.784s][info ][gc             ] GC(1194) Pause Young (Normal) (G1 Evacuation Pause) 256M->4M(424M) 0.519ms
[26.784s][info ][gc,cpu         ] GC(1194) User=0.00s Sys=0.00s Real=0.00s
[26.800s][info ][gc,start       ] GC(1195) Pause Young (Normal) (G1 Evacuation Pause)
[26.800s][info ][gc,task        ] GC(1195) Using 9 workers of 9 for evacuation
[26.800s][debug][gc,age         ] GC(1195) Desired survivor size 16777216 bytes, new threshold 15 (max threshold 15)
[26.800s][info ][gc,phases      ] GC(1195)   Pre Evacuate Collection Set: 0.07ms
[26.800s][info ][gc,phases      ] GC(1195)   Merge Heap Roots: 0.06ms
[26.800s][info ][gc,phases      ] GC(1195)   Evacuate Collection Set: 0.13ms
[26.800s][info ][gc,phases      ] GC(1195)   Post Evacuate Collection Set: 0.18ms
[26.800s][info ][gc,phases      ] GC(1195)   Other: 0.06ms
[26.800s][trace][gc,age         ] GC(1195) Age table:
[26.800s][trace][gc,age         ] GC(1195) - age   1:        192 bytes,        192 total
[26.800s][info ][gc,heap        ] GC(1195) Eden regions: 253->0(253)
[26.800s][info ][gc,heap        ] GC(1195) Survivor regions: 1->1(32)
[26.800s][info ][gc,heap        ] GC(1195) Old regions: 11->11
[26.800s][info ][gc,heap        ] GC(1195) Humongous regions: 0->0
[26.800s][info ][gc,metaspace   ] GC(1195) Metaspace: 10122K(10368K)->10122K(10368K) NonClass: 9159K(9344K)->9159K(9344K) Class: 963K(1024K)->963K(1024K)
[26.800s][info ][gc             ] GC(1195) Pause Young (Normal) (G1 Evacuation Pause) 256M->4M(424M) 0.593ms
[26.800s][info ][gc,cpu         ] GC(1195) User=0.00s Sys=0.00s Real=0.00s
[26.816s][info ][gc,start       ] GC(1196) Pause Young (Normal) (G1 Evacuation Pause)
[26.816s][info ][gc,task        ] GC(1196) Using 9 workers of 9 for evacuation
[26.816s][debug][gc,age         ] GC(1196) Desired survivor size 16777216 bytes, new threshold 15 (max threshold 15)
[26.816s][info ][gc,phases      ] GC(1196)   Pre Evacuate Collection Set: 0.07ms
[26.816s][info ][gc,phases      ] GC(1196)   Merge Heap Roots: 0.05ms
[26.816s][info ][gc,phases      ] GC(1196)   Evacuate Collection Set: 0.09ms
[26.816s][info ][gc,phases      ] GC(1196)   Post Evacuate Collection Set: 0.17ms
[26.816s][info ][gc,phases      ] GC(1196)   Other: 0.05ms
[26.816s][trace][gc,age         ] GC(1196) Age table:
[26.816s][trace][gc,age         ] GC(1196) - age   1:        192 bytes,        192 total
[26.816s][info ][gc,heap        ] GC(1196) Eden regions: 253->0(253)
[26.816s][info ][gc,heap        ] GC(1196) Survivor regions: 1->1(32)
[26.816s][info ][gc,heap        ] GC(1196) Old regions: 11->11
[26.816s][info ][gc,heap        ] GC(1196) Humongous regions: 0->0
[26.816s][info ][gc,metaspace   ] GC(1196) Metaspace: 10122K(10368K)->10122K(10368K) NonClass: 9159K(9344K)->9159K(9344K) Class: 963K(1024K)->963K(1024K)
[26.816s][info ][gc             ] GC(1196) Pause Young (Normal) (G1 Evacuation Pause) 256M->4M(424M) 0.514ms
[26.816s][info ][gc,cpu         ] GC(1196) User=0.00s Sys=0.00s Real=0.00s
[26.832s][info ][gc,start       ] GC(1197) Pause Young (Normal) (G1 Evacuation Pause)
[26.832s][info ][gc,task        ] GC(1197) Using 9 workers of 9 for evacuation
[26.832s][debug][gc,age         ] GC(1197) Desired survivor size 16777216 bytes, new threshold 15 (max threshold 15)
[26.832s][info ][gc,phases      ] GC(1197)   Pre Evacuate Collection Set: 0.07ms
[26.832s][info ][gc,phases      ] GC(1197)   Merge Heap Roots: 0.09ms
[26.832s][info ][gc,phases      ] GC(1197)   Evacuate Collection Set: 0.09ms
[26.832s][info ][gc,phases      ] GC(1197)   Post Evacuate Collection Set: 0.18ms
[26.832s][info ][gc,phases      ] GC(1197)   Other: 0.05ms
[26.832s][trace][gc,age         ] GC(1197) Age table:
[26.832s][trace][gc,age         ] GC(1197) - age   1:        192 bytes,        192 total
[26.832s][info ][gc,heap        ] GC(1197) Eden regions: 253->0(253)
[26.832s][info ][gc,heap        ] GC(1197) Survivor regions: 1->1(32)
[26.832s][info ][gc,heap        ] GC(1197) Old regions: 11->11
[26.832s][info ][gc,heap        ] GC(1197) Humongous regions: 0->0
[26.832s][info ][gc,metaspace   ] GC(1197) Metaspace: 10122K(10368K)->10122K(10368K) NonClass: 9159K(9344K)->9159K(9344K) Class: 963K(1024K)->963K(1024K)
[26.832s][info ][gc             ] GC(1197) Pause Young (Normal) (G1 Evacuation Pause) 256M->4M(424M) 0.564ms
[26.832s][info ][gc,cpu         ] GC(1197) User=0.00s Sys=0.00s Real=0.00s
[26.848s][info ][gc,start       ] GC(1198) Pause Young (Normal) (G1 Evacuation Pause)
[26.848s][info ][gc,task        ] GC(1198) Using 9 workers of 9 for evacuation
[26.848s][debug][gc,age         ] GC(1198) Desired survivor size 16777216 bytes, new threshold 15 (max threshold 15)
[26.848s][info ][gc,phases      ] GC(1198)   Pre Evacuate Collection Set: 0.10ms
[26.848s][info ][gc,phases      ] GC(1198)   Merge Heap Roots: 0.07ms
[26.848s][info ][gc,phases      ] GC(1198)   Evacuate Collection Set: 0.08ms
[26.848s][info ][gc,phases      ] GC(1198)   Post Evacuate Collection Set: 0.18ms
[26.848s][info ][gc,phases      ] GC(1198)   Other: 0.05ms
[26.848s][trace][gc,age         ] GC(1198) Age table:
[26.848s][trace][gc,age         ] GC(1198) - age   1:        192 bytes,        192 total
[26.848s][info ][gc,heap        ] GC(1198) Eden regions: 253->0(253)
[26.848s][info ][gc,heap        ] GC(1198) Survivor regions: 1->1(32)
[26.848s][info ][gc,heap        ] GC(1198) Old regions: 11->11
[26.848s][info ][gc,heap        ] GC(1198) Humongous regions: 0->0
[26.848s][info ][gc,metaspace   ] GC(1198) Metaspace: 10122K(10368K)->10122K(10368K) NonClass: 9159K(9344K)->9159K(9344K) Class: 963K(1024K)->963K(1024K)
[26.848s][info ][gc             ] GC(1198) Pause Young (Normal) (G1 Evacuation Pause) 256M->4M(424M) 0.589ms
[26.848s][info ][gc,cpu         ] GC(1198) User=0.01s Sys=0.01s Real=0.00s
[26.864s][info ][gc,start       ] GC(1199) Pause Young (Normal) (G1 Evacuation Pause)
[26.864s][info ][gc,task        ] GC(1199) Using 9 workers of 9 for evacuation
[26.864s][debug][gc,age         ] GC(1199) Desired survivor size 16777216 bytes, new threshold 15 (max threshold 15)
[26.864s][info ][gc,phases      ] GC(1199)   Pre Evacuate Collection Set: 0.08ms
[26.864s][info ][gc,phases      ] GC(1199)   Merge Heap Roots: 0.07ms
[26.864s][info ][gc,phases      ] GC(1199)   Evacuate Collection Set: 0.09ms
[26.864s][info ][gc,phases      ] GC(1199)   Post Evacuate Collection Set: 0.15ms
[26.864s][info ][gc,phases      ] GC(1199)   Other: 0.05ms
[26.864s][trace][gc,age         ] GC(1199) Age table:
[26.864s][trace][gc,age         ] GC(1199) - age   1:        192 bytes,        192 total
[26.864s][info ][gc,heap        ] GC(1199) Eden regions: 253->0(253)
[26.864s][info ][gc,heap        ] GC(1199) Survivor regions: 1->1(32)
[26.864s][info ][gc,heap        ] GC(1199) Old regions: 11->11
[26.864s][info ][gc,heap        ] GC(1199) Humongous regions: 0->0
[26.864s][info ][gc,metaspace   ] GC(1199) Metaspace: 10122K(10368K)->10122K(10368K) NonClass: 9159K(9344K)->9159K(9344K) Class: 963K(1024K)->963K(1024K)
[26.864s][info ][gc             ] GC(1199) Pause Young (Normal) (G1 Evacuation Pause) 256M->4M(424M) 0.523ms
[26.864s][info ][gc,cpu         ] GC(1199) User=0.00s Sys=0.00s Real=0.00s
[26.880s][info ][gc,start       ] GC(1200) Pause Young (Normal) (G1 Evacuation Pause)
[26.880s][info ][gc,task        ] GC(1200) Using 9 workers of 9 for evacuation
[26.880s][debug][gc,age         ] GC(1200) Desired survivor size 16777216 bytes, new threshold 15 (max threshold 15)
[26.881s][info ][gc,phases      ] GC(1200)   Pre Evacuate Collection Set: 0.08ms
[26.881s][info ][gc,phases      ] GC(1200)   Merge Heap Roots: 0.08ms
[26.881s][info ][gc,phases      ] GC(1200)   Evacuate Collection Set: 0.07ms
[26.881s][info ][gc,phases      ] GC(1200)   Post Evacuate Collection Set: 0.16ms
[26.881s][info ][gc,phases      ] GC(1200)   Other: 0.04ms
[26.881s][trace][gc,age         ] GC(1200) Age table:
[26.881s][trace][gc,age         ] GC(1200) - age   1:        192 bytes,        192 total
[26.881s][info ][gc,heap        ] GC(1200) Eden regions: 253->0(253)
[26.881s][info ][gc,heap        ] GC(1200) Survivor regions: 1->1(32)
[26.881s][info ][gc,heap        ] GC(1200) Old regions: 11->11
[26.881s][info ][gc,heap        ] GC(1200) Humongous regions: 0->0
[26.881s][info ][gc,metaspace   ] GC(1200) Metaspace: 10122K(10368K)->10122K(10368K) NonClass: 9159K(9344K)->9159K(9344K) Class: 963K(1024K)->963K(1024K)
[26.881s][info ][gc             ] GC(1200) Pause Young (Normal) (G1 Evacuation Pause) 256M->4M(424M) 0.538ms
[26.881s][info ][gc,cpu         ] GC(1200) User=0.00s Sys=0.00s Real=0.00s
[26.896s][info ][gc,start       ] GC(1201) Pause Young (Normal) (G1 Evacuation Pause)
[26.896s][info ][gc,task        ] GC(1201) Using 9 workers of 9 for evacuation
[26.896s][debug][gc,age         ] GC(1201) Desired survivor size 16777216 bytes, new threshold 15 (max threshold 15)
[26.897s][info ][gc,phases      ] GC(1201)   Pre Evacuate Collection Set: 0.08ms
[26.897s][info ][gc,phases      ] GC(1201)   Merge Heap Roots: 0.08ms
[26.897s][info ][gc,phases      ] GC(1201)   Evacuate Collection Set: 0.09ms
[26.897s][info ][gc,phases      ] GC(1201)   Post Evacuate Collection Set: 0.20ms
[26.897s][info ][gc,phases      ] GC(1201)   Other: 0.05ms
[26.897s][trace][gc,age         ] GC(1201) Age table:
[26.897s][trace][gc,age         ] GC(1201) - age   1:        192 bytes,        192 total
[26.897s][info ][gc,heap        ] GC(1201) Eden regions: 253->0(253)
[26.897s][info ][gc,heap        ] GC(1201) Survivor regions: 1->1(32)
[26.897s][info ][gc,heap        ] GC(1201) Old regions: 11->11
[26.897s][info ][gc,heap        ] GC(1201) Humongous regions: 0->0
[26.897s][info ][gc,metaspace   ] GC(1201) Metaspace: 10122K(10368K)->10122K(10368K) NonClass: 9159K(9344K)->9159K(9344K) Class: 963K(1024K)->963K(1024K)
[26.897s][info ][gc             ] GC(1201) Pause Young (Normal) (G1 Evacuation Pause) 256M->4M(424M) 0.601ms
[26.897s][info ][gc,cpu         ] GC(1201) User=0.01s Sys=0.00s Real=0.00s
[26.913s][info ][gc,start       ] GC(1202) Pause Young (Normal) (G1 Evacuation Pause)
[26.913s][info ][gc,task        ] GC(1202) Using 9 workers of 9 for evacuation
[26.913s][debug][gc,age         ] GC(1202) Desired survivor size 16777216 bytes, new threshold 15 (max threshold 15)
[26.913s][info ][gc,phases      ] GC(1202)   Pre Evacuate Collection Set: 0.06ms
[26.913s][info ][gc,phases      ] GC(1202)   Merge Heap Roots: 0.07ms
[26.913s][info ][gc,phases      ] GC(1202)   Evacuate Collection Set: 0.11ms
[26.913s][info ][gc,phases      ] GC(1202)   Post Evacuate Collection Set: 0.16ms
[26.913s][info ][gc,phases      ] GC(1202)   Other: 0.04ms
[26.913s][trace][gc,age         ] GC(1202) Age table:
[26.913s][trace][gc,age         ] GC(1202) - age   1:        192 bytes,        192 total
[26.913s][info ][gc,heap        ] GC(1202) Eden regions: 253->0(253)
[26.913s][info ][gc,heap        ] GC(1202) Survivor regions: 1->1(32)
[26.913s][info ][gc,heap        ] GC(1202) Old regions: 11->11
[26.913s][info ][gc,heap        ] GC(1202) Humongous regions: 0->0
[26.913s][info ][gc,metaspace   ] GC(1202) Metaspace: 10122K(10368K)->10122K(10368K) NonClass: 9159K(9344K)->9159K(9344K) Class: 963K(1024K)->963K(1024K)
[26.913s][info ][gc             ] GC(1202) Pause Young (Normal) (G1 Evacuation Pause) 256M->4M(424M) 0.518ms
[26.913s][info ][gc,cpu         ] GC(1202) User=0.00s Sys=0.00s Real=0.00s
[26.929s][info ][gc,start       ] GC(1203) Pause Young (Normal) (G1 Evacuation Pause)
[26.929s][info ][gc,task        ] GC(1203) Using 9 workers of 9 for evacuation
[26.929s][debug][gc,age         ] GC(1203) Desired survivor size 16777216 bytes, new threshold 15 (max threshold 15)
[26.930s][info ][gc,phases      ] GC(1203)   Pre Evacuate Collection Set: 0.05ms
[26.930s][info ][gc,phases      ] GC(1203)   Merge Heap Roots: 0.10ms
[26.930s][info ][gc,phases      ] GC(1203)   Evacuate Collection Set: 0.10ms
[26.930s][info ][gc,phases      ] GC(1203)   Post Evacuate Collection Set: 0.19ms
[26.930s][info ][gc,phases      ] GC(1203)   Other: 0.06ms
[26.930s][trace][gc,age         ] GC(1203) Age table:
[26.930s][trace][gc,age         ] GC(1203) - age   1:        192 bytes,        192 total
[26.930s][info ][gc,heap        ] GC(1203) Eden regions: 253->0(253)
[26.930s][info ][gc,heap        ] GC(1203) Survivor regions: 1->1(32)
[26.930s][info ][gc,heap        ] GC(1203) Old regions: 11->11
[26.930s][info ][gc,heap        ] GC(1203) Humongous regions: 0->0
[26.930s][info ][gc,metaspace   ] GC(1203) Metaspace: 10122K(10368K)->10122K(10368K) NonClass: 9159K(9344K)->9159K(9344K) Class: 963K(1024K)->963K(1024K)
[26.930s][info ][gc             ] GC(1203) Pause Young (Normal) (G1 Evacuation Pause) 256M->4M(424M) 0.593ms
[26.930s][info ][gc,cpu         ] GC(1203) User=0.00s Sys=0.00s Real=0.00s
[26.945s][info ][gc,start       ] GC(1204) Pause Young (Normal) (G1 Evacuation Pause)
[26.945s][info ][gc,task        ] GC(1204) Using 9 workers of 9 for evacuation
[26.945s][debug][gc,age         ] GC(1204) Desired survivor size 16777216 bytes, new threshold 15 (max threshold 15)
[26.946s][info ][gc,phases      ] GC(1204)   Pre Evacuate Collection Set: 0.06ms
[26.946s][info ][gc,phases      ] GC(1204)   Merge Heap Roots: 0.11ms
[26.946s][info ][gc,phases      ] GC(1204)   Evacuate Collection Set: 0.09ms
[26.946s][info ][gc,phases      ] GC(1204)   Post Evacuate Collection Set: 0.17ms
[26.946s][info ][gc,phases      ] GC(1204)   Other: 0.06ms
[26.946s][trace][gc,age         ] GC(1204) Age table:
[26.946s][trace][gc,age         ] GC(1204) - age   1:        192 bytes,        192 total
[26.946s][info ][gc,heap        ] GC(1204) Eden regions: 253->0(253)
[26.946s][info ][gc,heap        ] GC(1204) Survivor regions: 1->1(32)
[26.946s][info ][gc,heap        ] GC(1204) Old regions: 11->11
[26.946s][info ][gc,heap        ] GC(1204) Humongous regions: 0->0
[26.946s][info ][gc,metaspace   ] GC(1204) Metaspace: 10122K(10368K)->10122K(10368K) NonClass: 9159K(9344K)->9159K(9344K) Class: 963K(1024K)->963K(1024K)
[26.946s][info ][gc             ] GC(1204) Pause Young (Normal) (G1 Evacuation Pause) 256M->4M(424M) 0.600ms
[26.946s][info ][gc,cpu         ] GC(1204) User=0.01s Sys=0.00s Real=0.00s
[26.961s][info ][gc,start       ] GC(1205) Pause Young (Normal) (G1 Evacuation Pause)
[26.961s][info ][gc,task        ] GC(1205) Using 9 workers of 9 for evacuation
[26.961s][debug][gc,age         ] GC(1205) Desired survivor size 16777216 bytes, new threshold 15 (max threshold 15)
[26.962s][info ][gc,phases      ] GC(1205)   Pre Evacuate Collection Set: 0.08ms
[26.962s][info ][gc,phases      ] GC(1205)   Merge Heap Roots: 0.07ms
[26.962s][info ][gc,phases      ] GC(1205)   Evacuate Collection Set: 0.09ms
[26.962s][info ][gc,phases      ] GC(1205)   Post Evacuate Collection Set: 0.16ms
[26.962s][info ][gc,phases      ] GC(1205)   Other: 0.05ms
[26.962s][trace][gc,age         ] GC(1205) Age table:
[26.962s][trace][gc,age         ] GC(1205) - age   1:        192 bytes,        192 total
[26.962s][info ][gc,heap        ] GC(1205) Eden regions: 253->0(253)
[26.962s][info ][gc,heap        ] GC(1205) Survivor regions: 1->1(32)
[26.962s][info ][gc,heap        ] GC(1205) Old regions: 11->11
[26.962s][info ][gc,heap        ] GC(1205) Humongous regions: 0->0
[26.962s][info ][gc,metaspace   ] GC(1205) Metaspace: 10122K(10368K)->10122K(10368K) NonClass: 9159K(9344K)->9159K(9344K) Class: 963K(1024K)->963K(1024K)
[26.962s][info ][gc             ] GC(1205) Pause Young (Normal) (G1 Evacuation Pause) 256M->4M(424M) 0.532ms
[26.962s][info ][gc,cpu         ] GC(1205) User=0.00s Sys=0.00s Real=0.00s
[26.977s][info ][gc,start       ] GC(1206) Pause Young (Normal) (G1 Evacuation Pause)
[26.977s][info ][gc,task        ] GC(1206) Using 9 workers of 9 for evacuation
[26.977s][debug][gc,age         ] GC(1206) Desired survivor size 16777216 bytes, new threshold 15 (max threshold 15)
[26.978s][info ][gc,phases      ] GC(1206)   Pre Evacuate Collection Set: 0.07ms
[26.978s][info ][gc,phases      ] GC(1206)   Merge Heap Roots: 0.07ms
[26.978s][info ][gc,phases      ] GC(1206)   Evacuate Collection Set: 0.07ms
[26.978s][info ][gc,phases      ] GC(1206)   Post Evacuate Collection Set: 0.17ms
[26.978s][info ][gc,phases      ] GC(1206)   Other: 0.06ms
[26.978s][trace][gc,age         ] GC(1206) Age table:
[26.978s][trace][gc,age         ] GC(1206) - age   1:        192 bytes,        192 total
[26.978s][info ][gc,heap        ] GC(1206) Eden regions: 253->0(253)
[26.978s][info ][gc,heap        ] GC(1206) Survivor regions: 1->1(32)
[26.978s][info ][gc,heap        ] GC(1206) Old regions: 11->11
[26.978s][info ][gc,heap        ] GC(1206) Humongous regions: 0->0
[26.978s][info ][gc,metaspace   ] GC(1206) Metaspace: 10122K(10368K)->10122K(10368K) NonClass: 9159K(9344K)->9159K(9344K) Class: 963K(1024K)->963K(1024K)
[26.978s][info ][gc             ] GC(1206) Pause Young (Normal) (G1 Evacuation Pause) 256M->4M(424M) 0.533ms
[26.978s][info ][gc,cpu         ] GC(1206) User=0.00s Sys=0.00s Real=0.00s
[26.994s][info ][gc,start       ] GC(1207) Pause Young (Normal) (G1 Evacuation Pause)
[26.994s][info ][gc,task        ] GC(1207) Using 9 workers of 9 for evacuation
[26.994s][debug][gc,age         ] GC(1207) Desired survivor size 16777216 bytes, new threshold 15 (max threshold 15)
[26.994s][info ][gc,phases      ] GC(1207)   Pre Evacuate Collection Set: 0.07ms
[26.994s][info ][gc,phases      ] GC(1207)   Merge Heap Roots: 0.06ms
[26.994s][info ][gc,phases      ] GC(1207)   Evacuate Collection Set: 0.12ms
[26.994s][info ][gc,phases      ] GC(1207)   Post Evacuate Collection Set: 0.19ms
[26.994s][info ][gc,phases      ] GC(1207)   Other: 0.04ms
[26.994s][trace][gc,age         ] GC(1207) Age table:
[26.994s][trace][gc,age         ] GC(1207) - age   1:        192 bytes,        192 total
[26.994s][info ][gc,heap        ] GC(1207) Eden regions: 253->0(253)
[26.994s][info ][gc,heap        ] GC(1207) Survivor regions: 1->1(32)
[26.994s][info ][gc,heap        ] GC(1207) Old regions: 11->11
[26.994s][info ][gc,heap        ] GC(1207) Humongous regions: 0->0
[26.994s][info ][gc,metaspace   ] GC(1207) Metaspace: 10122K(10368K)->10122K(10368K) NonClass: 9159K(9344K)->9159K(9344K) Class: 963K(1024K)->963K(1024K)
[26.994s][info ][gc             ] GC(1207) Pause Young (Normal) (G1 Evacuation Pause) 256M->4M(424M) 0.569ms
[26.994s][info ][gc,cpu         ] GC(1207) User=0.01s Sys=0.01s Real=0.00s
[27.010s][info ][gc,start       ] GC(1208) Pause Young (Normal) (G1 Evacuation Pause)
[27.010s][info ][gc,task        ] GC(1208) Using 9 workers of 9 for evacuation
[27.010s][debug][gc,age         ] GC(1208) Desired survivor size 16777216 bytes, new threshold 15 (max threshold 15)
[27.010s][info ][gc,phases      ] GC(1208)   Pre Evacuate Collection Set: 0.08ms
[27.010s][info ][gc,phases      ] GC(1208)   Merge Heap Roots: 0.06ms
[27.010s][info ][gc,phases      ] GC(1208)   Evacuate Collection Set: 0.12ms
[27.010s][info ][gc,phases      ] GC(1208)   Post Evacuate Collection Set: 0.16ms
[27.010s][info ][gc,phases      ] GC(1208)   Other: 0.04ms
[27.010s][trace][gc,age         ] GC(1208) Age table:
[27.010s][trace][gc,age         ] GC(1208) - age   1:        192 bytes,        192 total
[27.010s][info ][gc,heap        ] GC(1208) Eden regions: 253->0(253)
[27.010s][info ][gc,heap        ] GC(1208) Survivor regions: 1->1(32)
[27.010s][info ][gc,heap        ] GC(1208) Old regions: 11->11
[27.010s][info ][gc,heap        ] GC(1208) Humongous regions: 0->0
[27.010s][info ][gc,metaspace   ] GC(1208) Metaspace: 10122K(10368K)->10122K(10368K) NonClass: 9159K(9344K)->9159K(9344K) Class: 963K(1024K)->963K(1024K)
[27.010s][info ][gc             ] GC(1208) Pause Young (Normal) (G1 Evacuation Pause) 256M->4M(424M) 0.541ms
[27.010s][info ][gc,cpu         ] GC(1208) User=0.00s Sys=0.00s Real=0.00s
[27.026s][info ][gc,start       ] GC(1209) Pause Young (Normal) (G1 Evacuation Pause)
[27.026s][info ][gc,task        ] GC(1209) Using 9 workers of 9 for evacuation
[27.026s][debug][gc,age         ] GC(1209) Desired survivor size 16777216 bytes, new threshold 15 (max threshold 15)
[27.027s][info ][gc,phases      ] GC(1209)   Pre Evacuate Collection Set: 0.14ms
[27.027s][info ][gc,phases      ] GC(1209)   Merge Heap Roots: 0.12ms
[27.027s][info ][gc,phases      ] GC(1209)   Evacuate Collection Set: 0.07ms
[27.027s][info ][gc,phases      ] GC(1209)   Post Evacuate Collection Set: 0.16ms
[27.027s][info ][gc,phases      ] GC(1209)   Other: 0.06ms
[27.027s][trace][gc,age         ] GC(1209) Age table:
[27.027s][trace][gc,age         ] GC(1209) - age   1:        192 bytes,        192 total
[27.027s][info ][gc,heap        ] GC(1209) Eden regions: 253->0(253)
[27.027s][info ][gc,heap        ] GC(1209) Survivor regions: 1->1(32)
[27.027s][info ][gc,heap        ] GC(1209) Old regions: 11->11
[27.027s][info ][gc,heap        ] GC(1209) Humongous regions: 0->0
[27.027s][info ][gc,metaspace   ] GC(1209) Metaspace: 10122K(10368K)->10122K(10368K) NonClass: 9159K(9344K)->9159K(9344K) Class: 963K(1024K)->963K(1024K)
[27.027s][info ][gc             ] GC(1209) Pause Young (Normal) (G1 Evacuation Pause) 256M->4M(424M) 0.668ms
[27.027s][info ][gc,cpu         ] GC(1209) User=0.00s Sys=0.00s Real=0.00s
[27.042s][info ][gc,start       ] GC(1210) Pause Young (Normal) (G1 Evacuation Pause)
[27.042s][info ][gc,task        ] GC(1210) Using 9 workers of 9 for evacuation
[27.042s][debug][gc,age         ] GC(1210) Desired survivor size 16777216 bytes, new threshold 15 (max threshold 15)
[27.043s][info ][gc,phases      ] GC(1210)   Pre Evacuate Collection Set: 0.10ms
[27.043s][info ][gc,phases      ] GC(1210)   Merge Heap Roots: 0.07ms
[27.043s][info ][gc,phases      ] GC(1210)   Evacuate Collection Set: 0.09ms
[27.043s][info ][gc,phases      ] GC(1210)   Post Evacuate Collection Set: 0.18ms
[27.043s][info ][gc,phases      ] GC(1210)   Other: 0.05ms
[27.043s][trace][gc,age         ] GC(1210) Age table:
[27.043s][trace][gc,age         ] GC(1210) - age   1:        192 bytes,        192 total
[27.043s][info ][gc,heap        ] GC(1210) Eden regions: 253->0(253)
[27.043s][info ][gc,heap        ] GC(1210) Survivor regions: 1->1(32)
[27.043s][info ][gc,heap        ] GC(1210) Old regions: 11->11
[27.043s][info ][gc,heap        ] GC(1210) Humongous regions: 0->0
[27.043s][info ][gc,metaspace   ] GC(1210) Metaspace: 10122K(10368K)->10122K(10368K) NonClass: 9159K(9344K)->9159K(9344K) Class: 963K(1024K)->963K(1024K)
[27.043s][info ][gc             ] GC(1210) Pause Young (Normal) (G1 Evacuation Pause) 256M->4M(424M) 0.586ms
[27.043s][info ][gc,cpu         ] GC(1210) User=0.01s Sys=0.00s Real=0.00s
[27.059s][info ][gc,start       ] GC(1211) Pause Young (Normal) (G1 Evacuation Pause)
[27.059s][info ][gc,task        ] GC(1211) Using 9 workers of 9 for evacuation
[27.059s][debug][gc,age         ] GC(1211) Desired survivor size 16777216 bytes, new threshold 15 (max threshold 15)
[27.059s][info ][gc,phases      ] GC(1211)   Pre Evacuate Collection Set: 0.06ms
[27.059s][info ][gc,phases      ] GC(1211)   Merge Heap Roots: 0.07ms
[27.059s][info ][gc,phases      ] GC(1211)   Evacuate Collection Set: 0.11ms
[27.059s][info ][gc,phases      ] GC(1211)   Post Evacuate Collection Set: 0.17ms
[27.059s][info ][gc,phases      ] GC(1211)   Other: 0.06ms
[27.059s][trace][gc,age         ] GC(1211) Age table:
[27.059s][trace][gc,age         ] GC(1211) - age   1:        192 bytes,        192 total
[27.059s][info ][gc,heap        ] GC(1211) Eden regions: 253->0(253)
[27.059s][info ][gc,heap        ] GC(1211) Survivor regions: 1->1(32)
[27.059s][info ][gc,heap        ] GC(1211) Old regions: 11->11
[27.059s][info ][gc,heap        ] GC(1211) Humongous regions: 0->0
[27.059s][info ][gc,metaspace   ] GC(1211) Metaspace: 10122K(10368K)->10122K(10368K) NonClass: 9159K(9344K)->9159K(9344K) Class: 963K(1024K)->963K(1024K)
[27.059s][info ][gc             ] GC(1211) Pause Young (Normal) (G1 Evacuation Pause) 256M->4M(424M) 0.568ms
[27.059s][info ][gc,cpu         ] GC(1211) User=0.00s Sys=0.00s Real=0.00s
[27.075s][info ][gc,start       ] GC(1212) Pause Young (Normal) (G1 Evacuation Pause)
[27.075s][info ][gc,task        ] GC(1212) Using 9 workers of 9 for evacuation
[27.075s][debug][gc,age         ] GC(1212) Desired survivor size 16777216 bytes, new threshold 15 (max threshold 15)
[27.075s][info ][gc,phases      ] GC(1212)   Pre Evacuate Collection Set: 0.06ms
[27.075s][info ][gc,phases      ] GC(1212)   Merge Heap Roots: 0.05ms
[27.075s][info ][gc,phases      ] GC(1212)   Evacuate Collection Set: 0.13ms
[27.075s][info ][gc,phases      ] GC(1212)   Post Evacuate Collection Set: 0.17ms
[27.075s][info ][gc,phases      ] GC(1212)   Other: 0.05ms
[27.075s][trace][gc,age         ] GC(1212) Age table:
[27.075s][trace][gc,age         ] GC(1212) - age   1:        192 bytes,        192 total
[27.075s][info ][gc,heap        ] GC(1212) Eden regions: 253->0(253)
[27.075s][info ][gc,heap        ] GC(1212) Survivor regions: 1->1(32)
[27.075s][info ][gc,heap        ] GC(1212) Old regions: 11->11
[27.075s][info ][gc,heap        ] GC(1212) Humongous regions: 0->0
[27.075s][info ][gc,metaspace   ] GC(1212) Metaspace: 10122K(10368K)->10122K(10368K) NonClass: 9159K(9344K)->9159K(9344K) Class: 963K(1024K)->963K(1024K)
[27.075s][info ][gc             ] GC(1212) Pause Young (Normal) (G1 Evacuation Pause) 256M->4M(424M) 0.544ms
[27.075s][info ][gc,cpu         ] GC(1212) User=0.00s Sys=0.00s Real=0.01s
[27.091s][info ][gc,start       ] GC(1213) Pause Young (Normal) (G1 Evacuation Pause)
[27.091s][info ][gc,task        ] GC(1213) Using 9 workers of 9 for evacuation
[27.091s][debug][gc,age         ] GC(1213) Desired survivor size 16777216 bytes, new threshold 15 (max threshold 15)
[27.091s][info ][gc,phases      ] GC(1213)   Pre Evacuate Collection Set: 0.07ms
[27.091s][info ][gc,phases      ] GC(1213)   Merge Heap Roots: 0.06ms
[27.091s][info ][gc,phases      ] GC(1213)   Evacuate Collection Set: 0.12ms
[27.091s][info ][gc,phases      ] GC(1213)   Post Evacuate Collection Set: 0.16ms
[27.091s][info ][gc,phases      ] GC(1213)   Other: 0.05ms
[27.091s][trace][gc,age         ] GC(1213) Age table:
[27.091s][trace][gc,age         ] GC(1213) - age   1:        192 bytes,        192 total
[27.091s][info ][gc,heap        ] GC(1213) Eden regions: 253->0(253)
[27.091s][info ][gc,heap        ] GC(1213) Survivor regions: 1->1(32)
[27.091s][info ][gc,heap        ] GC(1213) Old regions: 11->11
[27.091s][info ][gc,heap        ] GC(1213) Humongous regions: 0->0
[27.091s][info ][gc,metaspace   ] GC(1213) Metaspace: 10122K(10368K)->10122K(10368K) NonClass: 9159K(9344K)->9159K(9344K) Class: 963K(1024K)->963K(1024K)
[27.091s][info ][gc             ] GC(1213) Pause Young (Normal) (G1 Evacuation Pause) 256M->4M(424M) 0.543ms
[27.091s][info ][gc,cpu         ] GC(1213) User=0.00s Sys=0.00s Real=0.00s
[27.107s][info ][gc,start       ] GC(1214) Pause Young (Normal) (G1 Evacuation Pause)
[27.107s][info ][gc,task        ] GC(1214) Using 9 workers of 9 for evacuation
[27.107s][debug][gc,age         ] GC(1214) Desired survivor size 16777216 bytes, new threshold 15 (max threshold 15)
[27.107s][info ][gc,phases      ] GC(1214)   Pre Evacuate Collection Set: 0.06ms
[27.107s][info ][gc,phases      ] GC(1214)   Merge Heap Roots: 0.07ms
[27.107s][info ][gc,phases      ] GC(1214)   Evacuate Collection Set: 0.10ms
[27.107s][info ][gc,phases      ] GC(1214)   Post Evacuate Collection Set: 0.19ms
[27.107s][info ][gc,phases      ] GC(1214)   Other: 0.05ms
[27.107s][trace][gc,age         ] GC(1214) Age table:
[27.107s][trace][gc,age         ] GC(1214) - age   1:        192 bytes,        192 total
[27.107s][info ][gc,heap        ] GC(1214) Eden regions: 253->0(253)
[27.107s][info ][gc,heap        ] GC(1214) Survivor regions: 1->1(32)
[27.108s][info ][gc,heap        ] GC(1214) Old regions: 11->11
[27.108s][info ][gc,heap        ] GC(1214) Humongous regions: 0->0
[27.108s][info ][gc,metaspace   ] GC(1214) Metaspace: 10122K(10368K)->10122K(10368K) NonClass: 9159K(9344K)->9159K(9344K) Class: 963K(1024K)->963K(1024K)
[27.108s][info ][gc             ] GC(1214) Pause Young (Normal) (G1 Evacuation Pause) 256M->4M(424M) 0.577ms
[27.108s][info ][gc,cpu         ] GC(1214) User=0.00s Sys=0.00s Real=0.00s
[27.123s][info ][gc,start       ] GC(1215) Pause Young (Normal) (G1 Evacuation Pause)
[27.123s][info ][gc,task        ] GC(1215) Using 9 workers of 9 for evacuation
[27.123s][debug][gc,age         ] GC(1215) Desired survivor size 16777216 bytes, new threshold 15 (max threshold 15)
[27.124s][info ][gc,phases      ] GC(1215)   Pre Evacuate Collection Set: 0.08ms
[27.124s][info ][gc,phases      ] GC(1215)   Merge Heap Roots: 0.08ms
[27.124s][info ][gc,phases      ] GC(1215)   Evacuate Collection Set: 0.11ms
[27.124s][info ][gc,phases      ] GC(1215)   Post Evacuate Collection Set: 0.19ms
[27.124s][info ][gc,phases      ] GC(1215)   Other: 0.05ms
[27.124s][trace][gc,age         ] GC(1215) Age table:
[27.124s][trace][gc,age         ] GC(1215) - age   1:        192 bytes,        192 total
[27.124s][info ][gc,heap        ] GC(1215) Eden regions: 253->0(253)
[27.124s][info ][gc,heap        ] GC(1215) Survivor regions: 1->1(32)
[27.124s][info ][gc,heap        ] GC(1215) Old regions: 11->11
[27.124s][info ][gc,heap        ] GC(1215) Humongous regions: 0->0
[27.124s][info ][gc,metaspace   ] GC(1215) Metaspace: 10122K(10368K)->10122K(10368K) NonClass: 9159K(9344K)->9159K(9344K) Class: 963K(1024K)->963K(1024K)
[27.124s][info ][gc             ] GC(1215) Pause Young (Normal) (G1 Evacuation Pause) 256M->4M(424M) 0.610ms
[27.124s][info ][gc,cpu         ] GC(1215) User=0.00s Sys=0.00s Real=0.00s
[27.139s][info ][gc,start       ] GC(1216) Pause Young (Normal) (G1 Evacuation Pause)
[27.139s][info ][gc,task        ] GC(1216) Using 9 workers of 9 for evacuation
[27.139s][debug][gc,age         ] GC(1216) Desired survivor size 16777216 bytes, new threshold 15 (max threshold 15)
[27.140s][info ][gc,phases      ] GC(1216)   Pre Evacuate Collection Set: 0.07ms
[27.140s][info ][gc,phases      ] GC(1216)   Merge Heap Roots: 0.05ms
[27.140s][info ][gc,phases      ] GC(1216)   Evacuate Collection Set: 0.10ms
[27.140s][info ][gc,phases      ] GC(1216)   Post Evacuate Collection Set: 0.19ms
[27.140s][info ][gc,phases      ] GC(1216)   Other: 0.05ms
[27.140s][trace][gc,age         ] GC(1216) Age table:
[27.140s][trace][gc,age         ] GC(1216) - age   1:        192 bytes,        192 total
[27.140s][info ][gc,heap        ] GC(1216) Eden regions: 253->0(253)
[27.140s][info ][gc,heap        ] GC(1216) Survivor regions: 1->1(32)
[27.140s][info ][gc,heap        ] GC(1216) Old regions: 11->11
[27.140s][info ][gc,heap        ] GC(1216) Humongous regions: 0->0
[27.140s][info ][gc,metaspace   ] GC(1216) Metaspace: 10122K(10368K)->10122K(10368K) NonClass: 9159K(9344K)->9159K(9344K) Class: 963K(1024K)->963K(1024K)
[27.140s][info ][gc             ] GC(1216) Pause Young (Normal) (G1 Evacuation Pause) 256M->4M(424M) 0.578ms
[27.140s][info ][gc,cpu         ] GC(1216) User=0.00s Sys=0.00s Real=0.00s
[27.155s][info ][gc,start       ] GC(1217) Pause Young (Normal) (G1 Evacuation Pause)
[27.156s][info ][gc,task        ] GC(1217) Using 9 workers of 9 for evacuation
[27.156s][debug][gc,age         ] GC(1217) Desired survivor size 16777216 bytes, new threshold 15 (max threshold 15)
[27.156s][info ][gc,phases      ] GC(1217)   Pre Evacuate Collection Set: 0.12ms
[27.156s][info ][gc,phases      ] GC(1217)   Merge Heap Roots: 0.08ms
[27.156s][info ][gc,phases      ] GC(1217)   Evacuate Collection Set: 0.09ms
[27.156s][info ][gc,phases      ] GC(1217)   Post Evacuate Collection Set: 0.18ms
[27.156s][info ][gc,phases      ] GC(1217)   Other: 0.05ms
[27.156s][trace][gc,age         ] GC(1217) Age table:
[27.156s][trace][gc,age         ] GC(1217) - age   1:        192 bytes,        192 total
[27.156s][info ][gc,heap        ] GC(1217) Eden regions: 253->0(253)
[27.156s][info ][gc,heap        ] GC(1217) Survivor regions: 1->1(32)
[27.156s][info ][gc,heap        ] GC(1217) Old regions: 11->11
[27.156s][info ][gc,heap        ] GC(1217) Humongous regions: 0->0
[27.156s][info ][gc,metaspace   ] GC(1217) Metaspace: 10122K(10368K)->10122K(10368K) NonClass: 9159K(9344K)->9159K(9344K) Class: 963K(1024K)->963K(1024K)
[27.156s][info ][gc             ] GC(1217) Pause Young (Normal) (G1 Evacuation Pause) 256M->4M(424M) 0.616ms
[27.156s][info ][gc,cpu         ] GC(1217) User=0.00s Sys=0.00s Real=0.00s
[27.172s][info ][gc,start       ] GC(1218) Pause Young (Normal) (G1 Evacuation Pause)
[27.172s][info ][gc,task        ] GC(1218) Using 9 workers of 9 for evacuation
[27.172s][debug][gc,age         ] GC(1218) Desired survivor size 16777216 bytes, new threshold 15 (max threshold 15)
[27.172s][info ][gc,phases      ] GC(1218)   Pre Evacuate Collection Set: 0.07ms
[27.172s][info ][gc,phases      ] GC(1218)   Merge Heap Roots: 0.06ms
[27.172s][info ][gc,phases      ] GC(1218)   Evacuate Collection Set: 0.10ms
[27.172s][info ][gc,phases      ] GC(1218)   Post Evacuate Collection Set: 0.18ms
[27.172s][info ][gc,phases      ] GC(1218)   Other: 0.06ms
[27.172s][trace][gc,age         ] GC(1218) Age table:
[27.172s][trace][gc,age         ] GC(1218) - age   1:        192 bytes,        192 total
[27.172s][info ][gc,heap        ] GC(1218) Eden regions: 253->0(253)
[27.172s][info ][gc,heap        ] GC(1218) Survivor regions: 1->1(32)
[27.172s][info ][gc,heap        ] GC(1218) Old regions: 11->11
[27.172s][info ][gc,heap        ] GC(1218) Humongous regions: 0->0
[27.172s][info ][gc,metaspace   ] GC(1218) Metaspace: 10122K(10368K)->10122K(10368K) NonClass: 9159K(9344K)->9159K(9344K) Class: 963K(1024K)->963K(1024K)
[27.172s][info ][gc             ] GC(1218) Pause Young (Normal) (G1 Evacuation Pause) 256M->4M(424M) 0.574ms
[27.172s][info ][gc,cpu         ] GC(1218) User=0.00s Sys=0.00s Real=0.00s
[27.188s][info ][gc,start       ] GC(1219) Pause Young (Normal) (G1 Evacuation Pause)
[27.188s][info ][gc,task        ] GC(1219) Using 9 workers of 9 for evacuation
[27.188s][debug][gc,age         ] GC(1219) Desired survivor size 16777216 bytes, new threshold 15 (max threshold 15)
[27.188s][info ][gc,phases      ] GC(1219)   Pre Evacuate Collection Set: 0.10ms
[27.188s][info ][gc,phases      ] GC(1219)   Merge Heap Roots: 0.09ms
[27.188s][info ][gc,phases      ] GC(1219)   Evacuate Collection Set: 0.11ms
[27.188s][info ][gc,phases      ] GC(1219)   Post Evacuate Collection Set: 0.17ms
[27.188s][info ][gc,phases      ] GC(1219)   Other: 0.05ms
[27.188s][trace][gc,age         ] GC(1219) Age table:
[27.188s][trace][gc,age         ] GC(1219) - age   1:        192 bytes,        192 total
[27.188s][info ][gc,heap        ] GC(1219) Eden regions: 253->0(253)
[27.188s][info ][gc,heap        ] GC(1219) Survivor regions: 1->1(32)
[27.188s][info ][gc,heap        ] GC(1219) Old regions: 11->11
[27.188s][info ][gc,heap        ] GC(1219) Humongous regions: 0->0
[27.188s][info ][gc,metaspace   ] GC(1219) Metaspace: 10122K(10368K)->10122K(10368K) NonClass: 9159K(9344K)->9159K(9344K) Class: 963K(1024K)->963K(1024K)
[27.188s][info ][gc             ] GC(1219) Pause Young (Normal) (G1 Evacuation Pause) 256M->4M(424M) 0.611ms
[27.188s][info ][gc,cpu         ] GC(1219) User=0.00s Sys=0.00s Real=0.00s
[27.204s][info ][gc,start       ] GC(1220) Pause Young (Normal) (G1 Evacuation Pause)
[27.204s][info ][gc,task        ] GC(1220) Using 9 workers of 9 for evacuation
[27.204s][debug][gc,age         ] GC(1220) Desired survivor size 16777216 bytes, new threshold 15 (max threshold 15)
[27.205s][info ][gc,phases      ] GC(1220)   Pre Evacuate Collection Set: 0.07ms
[27.205s][info ][gc,phases      ] GC(1220)   Merge Heap Roots: 0.05ms
[27.205s][info ][gc,phases      ] GC(1220)   Evacuate Collection Set: 0.12ms
[27.205s][info ][gc,phases      ] GC(1220)   Post Evacuate Collection Set: 0.21ms
[27.205s][info ][gc,phases      ] GC(1220)   Other: 0.05ms
[27.205s][trace][gc,age         ] GC(1220) Age table:
[27.205s][trace][gc,age         ] GC(1220) - age   1:        192 bytes,        192 total
[27.205s][info ][gc,heap        ] GC(1220) Eden regions: 253->0(253)
[27.205s][info ][gc,heap        ] GC(1220) Survivor regions: 1->1(32)
[27.205s][info ][gc,heap        ] GC(1220) Old regions: 11->11
[27.205s][info ][gc,heap        ] GC(1220) Humongous regions: 0->0
[27.205s][info ][gc,metaspace   ] GC(1220) Metaspace: 10122K(10368K)->10122K(10368K) NonClass: 9159K(9344K)->9159K(9344K) Class: 963K(1024K)->963K(1024K)
[27.205s][info ][gc             ] GC(1220) Pause Young (Normal) (G1 Evacuation Pause) 256M->4M(424M) 0.593ms
[27.205s][info ][gc,cpu         ] GC(1220) User=0.00s Sys=0.00s Real=0.00s
[27.221s][info ][gc,start       ] GC(1221) Pause Young (Normal) (G1 Evacuation Pause)
[27.221s][info ][gc,task        ] GC(1221) Using 9 workers of 9 for evacuation
[27.221s][debug][gc,age         ] GC(1221) Desired survivor size 16777216 bytes, new threshold 15 (max threshold 15)
[27.221s][info ][gc,phases      ] GC(1221)   Pre Evacuate Collection Set: 0.07ms
[27.221s][info ][gc,phases      ] GC(1221)   Merge Heap Roots: 0.07ms
[27.221s][info ][gc,phases      ] GC(1221)   Evacuate Collection Set: 0.11ms
[27.221s][info ][gc,phases      ] GC(1221)   Post Evacuate Collection Set: 0.19ms
[27.221s][info ][gc,phases      ] GC(1221)   Other: 0.05ms
[27.221s][trace][gc,age         ] GC(1221) Age table:
[27.221s][trace][gc,age         ] GC(1221) - age   1:        192 bytes,        192 total
[27.221s][info ][gc,heap        ] GC(1221) Eden regions: 253->0(253)
[27.221s][info ][gc,heap        ] GC(1221) Survivor regions: 1->1(32)
[27.221s][info ][gc,heap        ] GC(1221) Old regions: 11->11
[27.221s][info ][gc,heap        ] GC(1221) Humongous regions: 0->0
[27.221s][info ][gc,metaspace   ] GC(1221) Metaspace: 10122K(10368K)->10122K(10368K) NonClass: 9159K(9344K)->9159K(9344K) Class: 963K(1024K)->963K(1024K)
[27.221s][info ][gc             ] GC(1221) Pause Young (Normal) (G1 Evacuation Pause) 256M->4M(424M) 0.575ms
[27.221s][info ][gc,cpu         ] GC(1221) User=0.00s Sys=0.00s Real=0.00s
[27.237s][info ][gc,start       ] GC(1222) Pause Young (Normal) (G1 Evacuation Pause)
[27.237s][info ][gc,task        ] GC(1222) Using 9 workers of 9 for evacuation
[27.237s][debug][gc,age         ] GC(1222) Desired survivor size 16777216 bytes, new threshold 15 (max threshold 15)
[27.237s][info ][gc,phases      ] GC(1222)   Pre Evacuate Collection Set: 0.08ms
[27.237s][info ][gc,phases      ] GC(1222)   Merge Heap Roots: 0.06ms
[27.237s][info ][gc,phases      ] GC(1222)   Evacuate Collection Set: 0.11ms
[27.237s][info ][gc,phases      ] GC(1222)   Post Evacuate Collection Set: 0.19ms
[27.237s][info ][gc,phases      ] GC(1222)   Other: 0.07ms
[27.237s][trace][gc,age         ] GC(1222) Age table:
[27.237s][trace][gc,age         ] GC(1222) - age   1:        192 bytes,        192 total
[27.237s][info ][gc,heap        ] GC(1222) Eden regions: 253->0(253)
[27.237s][info ][gc,heap        ] GC(1222) Survivor regions: 1->1(32)
[27.237s][info ][gc,heap        ] GC(1222) Old regions: 11->11
[27.237s][info ][gc,heap        ] GC(1222) Humongous regions: 0->0
[27.237s][info ][gc,metaspace   ] GC(1222) Metaspace: 10122K(10368K)->10122K(10368K) NonClass: 9159K(9344K)->9159K(9344K) Class: 963K(1024K)->963K(1024K)
[27.237s][info ][gc             ] GC(1222) Pause Young (Normal) (G1 Evacuation Pause) 256M->4M(424M) 0.609ms
[27.237s][info ][gc,cpu         ] GC(1222) User=0.00s Sys=0.00s Real=0.00s
[27.253s][info ][gc,start       ] GC(1223) Pause Young (Normal) (G1 Evacuation Pause)
[27.253s][info ][gc,task        ] GC(1223) Using 9 workers of 9 for evacuation
[27.253s][debug][gc,age         ] GC(1223) Desired survivor size 16777216 bytes, new threshold 15 (max threshold 15)
[27.253s][info ][gc,phases      ] GC(1223)   Pre Evacuate Collection Set: 0.07ms
[27.254s][info ][gc,phases      ] GC(1223)   Merge Heap Roots: 0.06ms
[27.254s][info ][gc,phases      ] GC(1223)   Evacuate Collection Set: 0.11ms
[27.254s][info ][gc,phases      ] GC(1223)   Post Evacuate Collection Set: 0.21ms
[27.254s][info ][gc,phases      ] GC(1223)   Other: 0.06ms
[27.254s][trace][gc,age         ] GC(1223) Age table:
[27.254s][trace][gc,age         ] GC(1223) - age   1:        192 bytes,        192 total
[27.254s][info ][gc,heap        ] GC(1223) Eden regions: 253->0(253)
[27.254s][info ][gc,heap        ] GC(1223) Survivor regions: 1->1(32)
[27.254s][info ][gc,heap        ] GC(1223) Old regions: 11->11
[27.254s][info ][gc,heap        ] GC(1223) Humongous regions: 0->0
[27.254s][info ][gc,metaspace   ] GC(1223) Metaspace: 10122K(10368K)->10122K(10368K) NonClass: 9159K(9344K)->9159K(9344K) Class: 963K(1024K)->963K(1024K)
[27.254s][info ][gc             ] GC(1223) Pause Young (Normal) (G1 Evacuation Pause) 256M->4M(424M) 0.594ms
[27.254s][info ][gc,cpu         ] GC(1223) User=0.00s Sys=0.00s Real=0.00s
[27.269s][info ][gc,start       ] GC(1224) Pause Young (Normal) (G1 Evacuation Pause)
[27.269s][info ][gc,task        ] GC(1224) Using 9 workers of 9 for evacuation
[27.269s][debug][gc,age         ] GC(1224) Desired survivor size 16777216 bytes, new threshold 15 (max threshold 15)
[27.270s][info ][gc,phases      ] GC(1224)   Pre Evacuate Collection Set: 0.08ms
[27.270s][info ][gc,phases      ] GC(1224)   Merge Heap Roots: 0.11ms
[27.270s][info ][gc,phases      ] GC(1224)   Evacuate Collection Set: 0.08ms
[27.270s][info ][gc,phases      ] GC(1224)   Post Evacuate Collection Set: 0.14ms
[27.270s][info ][gc,phases      ] GC(1224)   Other: 0.04ms
[27.270s][trace][gc,age         ] GC(1224) Age table:
[27.270s][trace][gc,age         ] GC(1224) - age   1:        192 bytes,        192 total
[27.270s][info ][gc,heap        ] GC(1224) Eden regions: 253->0(253)
[27.270s][info ][gc,heap        ] GC(1224) Survivor regions: 1->1(32)
[27.270s][info ][gc,heap        ] GC(1224) Old regions: 11->11
[27.270s][info ][gc,heap        ] GC(1224) Humongous regions: 0->0
[27.270s][info ][gc,metaspace   ] GC(1224) Metaspace: 10122K(10368K)->10122K(10368K) NonClass: 9159K(9344K)->9159K(9344K) Class: 963K(1024K)->963K(1024K)
[27.270s][info ][gc             ] GC(1224) Pause Young (Normal) (G1 Evacuation Pause) 256M->4M(424M) 0.527ms
[27.270s][info ][gc,cpu         ] GC(1224) User=0.00s Sys=0.01s Real=0.00s
[27.285s][info ][gc,start       ] GC(1225) Pause Young (Normal) (G1 Evacuation Pause)
[27.286s][info ][gc,task        ] GC(1225) Using 9 workers of 9 for evacuation
[27.286s][debug][gc,age         ] GC(1225) Desired survivor size 16777216 bytes, new threshold 15 (max threshold 15)
[27.286s][info ][gc,phases      ] GC(1225)   Pre Evacuate Collection Set: 0.08ms
[27.286s][info ][gc,phases      ] GC(1225)   Merge Heap Roots: 0.06ms
[27.286s][info ][gc,phases      ] GC(1225)   Evacuate Collection Set: 0.10ms
[27.286s][info ][gc,phases      ] GC(1225)   Post Evacuate Collection Set: 0.19ms
[27.286s][info ][gc,phases      ] GC(1225)   Other: 0.05ms
[27.286s][trace][gc,age         ] GC(1225) Age table:
[27.286s][trace][gc,age         ] GC(1225) - age   1:        192 bytes,        192 total
[27.286s][info ][gc,heap        ] GC(1225) Eden regions: 253->0(253)
[27.286s][info ][gc,heap        ] GC(1225) Survivor regions: 1->1(32)
[27.286s][info ][gc,heap        ] GC(1225) Old regions: 11->11
[27.286s][info ][gc,heap        ] GC(1225) Humongous regions: 0->0
[27.286s][info ][gc,metaspace   ] GC(1225) Metaspace: 10122K(10368K)->10122K(10368K) NonClass: 9159K(9344K)->9159K(9344K) Class: 963K(1024K)->963K(1024K)
[27.286s][info ][gc             ] GC(1225) Pause Young (Normal) (G1 Evacuation Pause) 256M->4M(424M) 0.572ms
[27.286s][info ][gc,cpu         ] GC(1225) User=0.00s Sys=0.00s Real=0.00s
[27.302s][info ][gc,start       ] GC(1226) Pause Young (Normal) (G1 Evacuation Pause)
[27.302s][info ][gc,task        ] GC(1226) Using 9 workers of 9 for evacuation
[27.302s][debug][gc,age         ] GC(1226) Desired survivor size 16777216 bytes, new threshold 15 (max threshold 15)
[27.302s][info ][gc,phases      ] GC(1226)   Pre Evacuate Collection Set: 0.09ms
[27.302s][info ][gc,phases      ] GC(1226)   Merge Heap Roots: 0.06ms
[27.302s][info ][gc,phases      ] GC(1226)   Evacuate Collection Set: 0.10ms
[27.302s][info ][gc,phases      ] GC(1226)   Post Evacuate Collection Set: 0.18ms
[27.302s][info ][gc,phases      ] GC(1226)   Other: 0.06ms
[27.302s][trace][gc,age         ] GC(1226) Age table:
[27.302s][trace][gc,age         ] GC(1226) - age   1:        192 bytes,        192 total
[27.302s][info ][gc,heap        ] GC(1226) Eden regions: 253->0(253)
[27.302s][info ][gc,heap        ] GC(1226) Survivor regions: 1->1(32)
[27.302s][info ][gc,heap        ] GC(1226) Old regions: 11->11
[27.302s][info ][gc,heap        ] GC(1226) Humongous regions: 0->0
[27.302s][info ][gc,metaspace   ] GC(1226) Metaspace: 10122K(10368K)->10122K(10368K) NonClass: 9159K(9344K)->9159K(9344K) Class: 963K(1024K)->963K(1024K)
[27.302s][info ][gc             ] GC(1226) Pause Young (Normal) (G1 Evacuation Pause) 256M->4M(424M) 0.576ms
[27.302s][info ][gc,cpu         ] GC(1226) User=0.00s Sys=0.00s Real=0.00s
[27.318s][info ][gc,start       ] GC(1227) Pause Young (Normal) (G1 Evacuation Pause)
[27.318s][info ][gc,task        ] GC(1227) Using 9 workers of 9 for evacuation
[27.318s][debug][gc,age         ] GC(1227) Desired survivor size 16777216 bytes, new threshold 15 (max threshold 15)
[27.318s][info ][gc,phases      ] GC(1227)   Pre Evacuate Collection Set: 0.08ms
[27.318s][info ][gc,phases      ] GC(1227)   Merge Heap Roots: 0.06ms
[27.318s][info ][gc,phases      ] GC(1227)   Evacuate Collection Set: 0.14ms
[27.318s][info ][gc,phases      ] GC(1227)   Post Evacuate Collection Set: 0.18ms
[27.318s][info ][gc,phases      ] GC(1227)   Other: 0.06ms
[27.318s][trace][gc,age         ] GC(1227) Age table:
[27.318s][trace][gc,age         ] GC(1227) - age   1:        192 bytes,        192 total
[27.318s][info ][gc,heap        ] GC(1227) Eden regions: 253->0(253)
[27.318s][info ][gc,heap        ] GC(1227) Survivor regions: 1->1(32)
[27.318s][info ][gc,heap        ] GC(1227) Old regions: 11->11
[27.318s][info ][gc,heap        ] GC(1227) Humongous regions: 0->0
[27.318s][info ][gc,metaspace   ] GC(1227) Metaspace: 10122K(10368K)->10122K(10368K) NonClass: 9159K(9344K)->9159K(9344K) Class: 963K(1024K)->963K(1024K)
[27.318s][info ][gc             ] GC(1227) Pause Young (Normal) (G1 Evacuation Pause) 256M->4M(424M) 0.601ms
[27.318s][info ][gc,cpu         ] GC(1227) User=0.00s Sys=0.00s Real=0.00s
[27.334s][info ][gc,start       ] GC(1228) Pause Young (Normal) (G1 Evacuation Pause)
[27.334s][info ][gc,task        ] GC(1228) Using 9 workers of 9 for evacuation
[27.334s][debug][gc,age         ] GC(1228) Desired survivor size 16777216 bytes, new threshold 15 (max threshold 15)
[27.334s][info ][gc,phases      ] GC(1228)   Pre Evacuate Collection Set: 0.10ms
[27.334s][info ][gc,phases      ] GC(1228)   Merge Heap Roots: 0.07ms
[27.335s][info ][gc,phases      ] GC(1228)   Evacuate Collection Set: 0.10ms
[27.335s][info ][gc,phases      ] GC(1228)   Post Evacuate Collection Set: 0.19ms
[27.335s][info ][gc,phases      ] GC(1228)   Other: 0.05ms
[27.335s][trace][gc,age         ] GC(1228) Age table:
[27.335s][trace][gc,age         ] GC(1228) - age   1:        192 bytes,        192 total
[27.335s][info ][gc,heap        ] GC(1228) Eden regions: 253->0(253)
[27.335s][info ][gc,heap        ] GC(1228) Survivor regions: 1->1(32)
[27.335s][info ][gc,heap        ] GC(1228) Old regions: 11->11
[27.335s][info ][gc,heap        ] GC(1228) Humongous regions: 0->0
[27.335s][info ][gc,metaspace   ] GC(1228) Metaspace: 10122K(10368K)->10122K(10368K) NonClass: 9159K(9344K)->9159K(9344K) Class: 963K(1024K)->963K(1024K)
[27.335s][info ][gc             ] GC(1228) Pause Young (Normal) (G1 Evacuation Pause) 256M->4M(424M) 0.612ms
[27.335s][info ][gc,cpu         ] GC(1228) User=0.00s Sys=0.00s Real=0.00s
[27.350s][info ][gc,start       ] GC(1229) Pause Young (Normal) (G1 Evacuation Pause)
[27.350s][info ][gc,task        ] GC(1229) Using 9 workers of 9 for evacuation
[27.350s][debug][gc,age         ] GC(1229) Desired survivor size 16777216 bytes, new threshold 15 (max threshold 15)
[27.351s][info ][gc,phases      ] GC(1229)   Pre Evacuate Collection Set: 0.06ms
[27.351s][info ][gc,phases      ] GC(1229)   Merge Heap Roots: 0.05ms
[27.351s][info ][gc,phases      ] GC(1229)   Evacuate Collection Set: 0.14ms
[27.351s][info ][gc,phases      ] GC(1229)   Post Evacuate Collection Set: 0.17ms
[27.351s][info ][gc,phases      ] GC(1229)   Other: 0.05ms
[27.351s][trace][gc,age         ] GC(1229) Age table:
[27.351s][trace][gc,age         ] GC(1229) - age   1:        192 bytes,        192 total
[27.351s][info ][gc,heap        ] GC(1229) Eden regions: 253->0(253)
[27.351s][info ][gc,heap        ] GC(1229) Survivor regions: 1->1(32)
[27.351s][info ][gc,heap        ] GC(1229) Old regions: 11->11
[27.351s][info ][gc,heap        ] GC(1229) Humongous regions: 0->0
[27.351s][info ][gc,metaspace   ] GC(1229) Metaspace: 10122K(10368K)->10122K(10368K) NonClass: 9159K(9344K)->9159K(9344K) Class: 963K(1024K)->963K(1024K)
[27.351s][info ][gc             ] GC(1229) Pause Young (Normal) (G1 Evacuation Pause) 256M->4M(424M) 0.569ms
[27.351s][info ][gc,cpu         ] GC(1229) User=0.00s Sys=0.00s Real=0.00s
[27.367s][info ][gc,start       ] GC(1230) Pause Young (Normal) (G1 Evacuation Pause)
[27.367s][info ][gc,task        ] GC(1230) Using 9 workers of 9 for evacuation
[27.367s][debug][gc,age         ] GC(1230) Desired survivor size 16777216 bytes, new threshold 15 (max threshold 15)
[27.367s][info ][gc,phases      ] GC(1230)   Pre Evacuate Collection Set: 0.08ms
[27.367s][info ][gc,phases      ] GC(1230)   Merge Heap Roots: 0.07ms
[27.367s][info ][gc,phases      ] GC(1230)   Evacuate Collection Set: 0.14ms
[27.367s][info ][gc,phases      ] GC(1230)   Post Evacuate Collection Set: 0.17ms
[27.367s][info ][gc,phases      ] GC(1230)   Other: 0.06ms
[27.367s][trace][gc,age         ] GC(1230) Age table:
[27.367s][trace][gc,age         ] GC(1230) - age   1:        192 bytes,        192 total
[27.367s][info ][gc,heap        ] GC(1230) Eden regions: 253->0(253)
[27.367s][info ][gc,heap        ] GC(1230) Survivor regions: 1->1(32)
[27.367s][info ][gc,heap        ] GC(1230) Old regions: 11->11
[27.367s][info ][gc,heap        ] GC(1230) Humongous regions: 0->0
[27.367s][info ][gc,metaspace   ] GC(1230) Metaspace: 10122K(10368K)->10122K(10368K) NonClass: 9159K(9344K)->9159K(9344K) Class: 963K(1024K)->963K(1024K)
[27.367s][info ][gc             ] GC(1230) Pause Young (Normal) (G1 Evacuation Pause) 256M->4M(424M) 0.612ms
[27.367s][info ][gc,cpu         ] GC(1230) User=0.01s Sys=0.00s Real=0.00s
[27.383s][info ][gc,start       ] GC(1231) Pause Young (Normal) (G1 Evacuation Pause)
[27.383s][info ][gc,task        ] GC(1231) Using 9 workers of 9 for evacuation
[27.383s][debug][gc,age         ] GC(1231) Desired survivor size 16777216 bytes, new threshold 15 (max threshold 15)
[27.383s][info ][gc,phases      ] GC(1231)   Pre Evacuate Collection Set: 0.06ms
[27.383s][info ][gc,phases      ] GC(1231)   Merge Heap Roots: 0.07ms
[27.383s][info ][gc,phases      ] GC(1231)   Evacuate Collection Set: 0.09ms
[27.383s][info ][gc,phases      ] GC(1231)   Post Evacuate Collection Set: 0.17ms
[27.383s][info ][gc,phases      ] GC(1231)   Other: 0.05ms
[27.383s][trace][gc,age         ] GC(1231) Age table:
[27.383s][trace][gc,age         ] GC(1231) - age   1:        192 bytes,        192 total
[27.383s][info ][gc,heap        ] GC(1231) Eden regions: 253->0(253)
[27.383s][info ][gc,heap        ] GC(1231) Survivor regions: 1->1(32)
[27.383s][info ][gc,heap        ] GC(1231) Old regions: 11->11
[27.383s][info ][gc,heap        ] GC(1231) Humongous regions: 0->0
[27.383s][info ][gc,metaspace   ] GC(1231) Metaspace: 10122K(10368K)->10122K(10368K) NonClass: 9159K(9344K)->9159K(9344K) Class: 963K(1024K)->963K(1024K)
[27.383s][info ][gc             ] GC(1231) Pause Young (Normal) (G1 Evacuation Pause) 256M->4M(424M) 0.517ms
[27.383s][info ][gc,cpu         ] GC(1231) User=0.00s Sys=0.00s Real=0.00s
[27.399s][info ][gc,start       ] GC(1232) Pause Young (Normal) (G1 Evacuation Pause)
[27.399s][info ][gc,task        ] GC(1232) Using 9 workers of 9 for evacuation
[27.399s][debug][gc,age         ] GC(1232) Desired survivor size 16777216 bytes, new threshold 15 (max threshold 15)
[27.400s][info ][gc,phases      ] GC(1232)   Pre Evacuate Collection Set: 0.09ms
[27.400s][info ][gc,phases      ] GC(1232)   Merge Heap Roots: 0.07ms
[27.400s][info ][gc,phases      ] GC(1232)   Evacuate Collection Set: 0.08ms
[27.400s][info ][gc,phases      ] GC(1232)   Post Evacuate Collection Set: 0.20ms
[27.400s][info ][gc,phases      ] GC(1232)   Other: 0.06ms
[27.400s][trace][gc,age         ] GC(1232) Age table:
[27.400s][trace][gc,age         ] GC(1232) - age   1:        192 bytes,        192 total
[27.400s][info ][gc,heap        ] GC(1232) Eden regions: 253->0(253)
[27.400s][info ][gc,heap        ] GC(1232) Survivor regions: 1->1(32)
[27.400s][info ][gc,heap        ] GC(1232) Old regions: 11->11
[27.400s][info ][gc,heap        ] GC(1232) Humongous regions: 0->0
[27.400s][info ][gc,metaspace   ] GC(1232) Metaspace: 10122K(10368K)->10122K(10368K) NonClass: 9159K(9344K)->9159K(9344K) Class: 963K(1024K)->963K(1024K)
[27.400s][info ][gc             ] GC(1232) Pause Young (Normal) (G1 Evacuation Pause) 256M->4M(424M) 0.587ms
[27.400s][info ][gc,cpu         ] GC(1232) User=0.00s Sys=0.00s Real=0.00s
[27.415s][info ][gc,start       ] GC(1233) Pause Young (Normal) (G1 Evacuation Pause)
[27.415s][info ][gc,task        ] GC(1233) Using 9 workers of 9 for evacuation
[27.415s][debug][gc,age         ] GC(1233) Desired survivor size 16777216 bytes, new threshold 15 (max threshold 15)
[27.416s][info ][gc,phases      ] GC(1233)   Pre Evacuate Collection Set: 0.08ms
[27.416s][info ][gc,phases      ] GC(1233)   Merge Heap Roots: 0.08ms
[27.416s][info ][gc,phases      ] GC(1233)   Evacuate Collection Set: 0.09ms
[27.416s][info ][gc,phases      ] GC(1233)   Post Evacuate Collection Set: 0.16ms
[27.416s][info ][gc,phases      ] GC(1233)   Other: 0.06ms
[27.416s][trace][gc,age         ] GC(1233) Age table:
[27.416s][trace][gc,age         ] GC(1233) - age   1:        192 bytes,        192 total
[27.416s][info ][gc,heap        ] GC(1233) Eden regions: 253->0(253)
[27.416s][info ][gc,heap        ] GC(1233) Survivor regions: 1->1(32)
[27.416s][info ][gc,heap        ] GC(1233) Old regions: 11->11
[27.416s][info ][gc,heap        ] GC(1233) Humongous regions: 0->0
[27.416s][info ][gc,metaspace   ] GC(1233) Metaspace: 10122K(10368K)->10122K(10368K) NonClass: 9159K(9344K)->9159K(9344K) Class: 963K(1024K)->963K(1024K)
[27.416s][info ][gc             ] GC(1233) Pause Young (Normal) (G1 Evacuation Pause) 256M->4M(424M) 0.571ms
[27.416s][info ][gc,cpu         ] GC(1233) User=0.01s Sys=0.00s Real=0.00s
[27.432s][info ][gc,start       ] GC(1234) Pause Young (Normal) (G1 Evacuation Pause)
[27.432s][info ][gc,task        ] GC(1234) Using 9 workers of 9 for evacuation
[27.432s][debug][gc,age         ] GC(1234) Desired survivor size 16777216 bytes, new threshold 15 (max threshold 15)
[27.432s][info ][gc,phases      ] GC(1234)   Pre Evacuate Collection Set: 0.09ms
[27.432s][info ][gc,phases      ] GC(1234)   Merge Heap Roots: 0.07ms
[27.432s][info ][gc,phases      ] GC(1234)   Evacuate Collection Set: 0.10ms
[27.432s][info ][gc,phases      ] GC(1234)   Post Evacuate Collection Set: 0.20ms
[27.432s][info ][gc,phases      ] GC(1234)   Other: 0.06ms
[27.432s][trace][gc,age         ] GC(1234) Age table:
[27.432s][trace][gc,age         ] GC(1234) - age   1:        192 bytes,        192 total
[27.432s][info ][gc,heap        ] GC(1234) Eden regions: 253->0(253)
[27.432s][info ][gc,heap        ] GC(1234) Survivor regions: 1->1(32)
[27.432s][info ][gc,heap        ] GC(1234) Old regions: 11->11
[27.432s][info ][gc,heap        ] GC(1234) Humongous regions: 0->0
[27.432s][info ][gc,metaspace   ] GC(1234) Metaspace: 10122K(10368K)->10122K(10368K) NonClass: 9159K(9344K)->9159K(9344K) Class: 963K(1024K)->963K(1024K)
[27.432s][info ][gc             ] GC(1234) Pause Young (Normal) (G1 Evacuation Pause) 256M->4M(424M) 0.615ms
[27.432s][info ][gc,cpu         ] GC(1234) User=0.00s Sys=0.00s Real=0.00s
[27.448s][info ][gc,start       ] GC(1235) Pause Young (Normal) (G1 Evacuation Pause)
[27.448s][info ][gc,task        ] GC(1235) Using 9 workers of 9 for evacuation
[27.448s][debug][gc,age         ] GC(1235) Desired survivor size 16777216 bytes, new threshold 15 (max threshold 15)
[27.449s][info ][gc,phases      ] GC(1235)   Pre Evacuate Collection Set: 0.08ms
[27.449s][info ][gc,phases      ] GC(1235)   Merge Heap Roots: 0.06ms
[27.449s][info ][gc,phases      ] GC(1235)   Evacuate Collection Set: 0.11ms
[27.449s][info ][gc,phases      ] GC(1235)   Post Evacuate Collection Set: 0.18ms
[27.449s][info ][gc,phases      ] GC(1235)   Other: 0.06ms
[27.449s][trace][gc,age         ] GC(1235) Age table:
[27.449s][trace][gc,age         ] GC(1235) - age   1:        192 bytes,        192 total
[27.449s][info ][gc,heap        ] GC(1235) Eden regions: 253->0(253)
[27.449s][info ][gc,heap        ] GC(1235) Survivor regions: 1->1(32)
[27.449s][info ][gc,heap        ] GC(1235) Old regions: 11->11
[27.449s][info ][gc,heap        ] GC(1235) Humongous regions: 0->0
[27.449s][info ][gc,metaspace   ] GC(1235) Metaspace: 10122K(10368K)->10122K(10368K) NonClass: 9159K(9344K)->9159K(9344K) Class: 963K(1024K)->963K(1024K)
[27.449s][info ][gc             ] GC(1235) Pause Young (Normal) (G1 Evacuation Pause) 256M->4M(424M) 0.589ms
[27.449s][info ][gc,cpu         ] GC(1235) User=0.00s Sys=0.00s Real=0.00s
[27.464s][info ][gc,start       ] GC(1236) Pause Young (Normal) (G1 Evacuation Pause)
[27.464s][info ][gc,task        ] GC(1236) Using 9 workers of 9 for evacuation
[27.464s][debug][gc,age         ] GC(1236) Desired survivor size 16777216 bytes, new threshold 15 (max threshold 15)
[27.465s][info ][gc,phases      ] GC(1236)   Pre Evacuate Collection Set: 0.07ms
[27.465s][info ][gc,phases      ] GC(1236)   Merge Heap Roots: 0.05ms
[27.465s][info ][gc,phases      ] GC(1236)   Evacuate Collection Set: 0.12ms
[27.465s][info ][gc,phases      ] GC(1236)   Post Evacuate Collection Set: 0.17ms
[27.465s][info ][gc,phases      ] GC(1236)   Other: 0.05ms
[27.465s][trace][gc,age         ] GC(1236) Age table:
[27.465s][trace][gc,age         ] GC(1236) - age   1:        192 bytes,        192 total
[27.465s][info ][gc,heap        ] GC(1236) Eden regions: 253->0(253)
[27.465s][info ][gc,heap        ] GC(1236) Survivor regions: 1->1(32)
[27.465s][info ][gc,heap        ] GC(1236) Old regions: 11->11
[27.465s][info ][gc,heap        ] GC(1236) Humongous regions: 0->0
[27.465s][info ][gc,metaspace   ] GC(1236) Metaspace: 10122K(10368K)->10122K(10368K) NonClass: 9159K(9344K)->9159K(9344K) Class: 963K(1024K)->963K(1024K)
[27.465s][info ][gc             ] GC(1236) Pause Young (Normal) (G1 Evacuation Pause) 256M->4M(424M) 0.574ms
[27.465s][info ][gc,cpu         ] GC(1236) User=0.00s Sys=0.00s Real=0.00s
[27.481s][info ][gc,start       ] GC(1237) Pause Young (Normal) (G1 Evacuation Pause)
[27.481s][info ][gc,task        ] GC(1237) Using 9 workers of 9 for evacuation
[27.481s][debug][gc,age         ] GC(1237) Desired survivor size 16777216 bytes, new threshold 15 (max threshold 15)
[27.481s][info ][gc,phases      ] GC(1237)   Pre Evacuate Collection Set: 0.09ms
[27.481s][info ][gc,phases      ] GC(1237)   Merge Heap Roots: 0.07ms
[27.481s][info ][gc,phases      ] GC(1237)   Evacuate Collection Set: 0.09ms
[27.481s][info ][gc,phases      ] GC(1237)   Post Evacuate Collection Set: 0.19ms
[27.481s][info ][gc,phases      ] GC(1237)   Other: 0.05ms
[27.481s][trace][gc,age         ] GC(1237) Age table:
[27.481s][trace][gc,age         ] GC(1237) - age   1:        192 bytes,        192 total
[27.481s][info ][gc,heap        ] GC(1237) Eden regions: 253->0(253)
[27.481s][info ][gc,heap        ] GC(1237) Survivor regions: 1->1(32)
[27.481s][info ][gc,heap        ] GC(1237) Old regions: 11->11
[27.481s][info ][gc,heap        ] GC(1237) Humongous regions: 0->0
[27.481s][info ][gc,metaspace   ] GC(1237) Metaspace: 10122K(10368K)->10122K(10368K) NonClass: 9159K(9344K)->9159K(9344K) Class: 963K(1024K)->963K(1024K)
[27.481s][info ][gc             ] GC(1237) Pause Young (Normal) (G1 Evacuation Pause) 256M->4M(424M) 0.571ms
[27.481s][info ][gc,cpu         ] GC(1237) User=0.00s Sys=0.00s Real=0.00s
[27.497s][info ][gc,start       ] GC(1238) Pause Young (Normal) (G1 Evacuation Pause)
[27.497s][info ][gc,task        ] GC(1238) Using 9 workers of 9 for evacuation
[27.497s][debug][gc,age         ] GC(1238) Desired survivor size 16777216 bytes, new threshold 15 (max threshold 15)
[27.497s][info ][gc,phases      ] GC(1238)   Pre Evacuate Collection Set: 0.07ms
[27.497s][info ][gc,phases      ] GC(1238)   Merge Heap Roots: 0.06ms
[27.497s][info ][gc,phases      ] GC(1238)   Evacuate Collection Set: 0.11ms
[27.497s][info ][gc,phases      ] GC(1238)   Post Evacuate Collection Set: 0.19ms
[27.497s][info ][gc,phases      ] GC(1238)   Other: 0.05ms
[27.498s][trace][gc,age         ] GC(1238) Age table:
[27.498s][trace][gc,age         ] GC(1238) - age   1:        192 bytes,        192 total
[27.498s][info ][gc,heap        ] GC(1238) Eden regions: 253->0(253)
[27.498s][info ][gc,heap        ] GC(1238) Survivor regions: 1->1(32)
[27.498s][info ][gc,heap        ] GC(1238) Old regions: 11->11
[27.498s][info ][gc,heap        ] GC(1238) Humongous regions: 0->0
[27.498s][info ][gc,metaspace   ] GC(1238) Metaspace: 10122K(10368K)->10122K(10368K) NonClass: 9159K(9344K)->9159K(9344K) Class: 963K(1024K)->963K(1024K)
[27.498s][info ][gc             ] GC(1238) Pause Young (Normal) (G1 Evacuation Pause) 256M->4M(424M) 0.563ms
[27.498s][info ][gc,cpu         ] GC(1238) User=0.00s Sys=0.00s Real=0.00s
[27.513s][info ][gc,start       ] GC(1239) Pause Young (Normal) (G1 Evacuation Pause)
[27.513s][info ][gc,task        ] GC(1239) Using 9 workers of 9 for evacuation
[27.513s][debug][gc,age         ] GC(1239) Desired survivor size 16777216 bytes, new threshold 15 (max threshold 15)
[27.514s][info ][gc,phases      ] GC(1239)   Pre Evacuate Collection Set: 0.09ms
[27.514s][info ][gc,phases      ] GC(1239)   Merge Heap Roots: 0.07ms
[27.514s][info ][gc,phases      ] GC(1239)   Evacuate Collection Set: 0.10ms
[27.514s][info ][gc,phases      ] GC(1239)   Post Evacuate Collection Set: 0.19ms
[27.514s][info ][gc,phases      ] GC(1239)   Other: 0.06ms
[27.514s][trace][gc,age         ] GC(1239) Age table:
[27.514s][trace][gc,age         ] GC(1239) - age   1:        192 bytes,        192 total
[27.514s][info ][gc,heap        ] GC(1239) Eden regions: 253->0(253)
[27.514s][info ][gc,heap        ] GC(1239) Survivor regions: 1->1(32)
[27.514s][info ][gc,heap        ] GC(1239) Old regions: 11->11
[27.514s][info ][gc,heap        ] GC(1239) Humongous regions: 0->0
[27.514s][info ][gc,metaspace   ] GC(1239) Metaspace: 10122K(10368K)->10122K(10368K) NonClass: 9159K(9344K)->9159K(9344K) Class: 963K(1024K)->963K(1024K)
[27.514s][info ][gc             ] GC(1239) Pause Young (Normal) (G1 Evacuation Pause) 256M->4M(424M) 0.595ms
[27.514s][info ][gc,cpu         ] GC(1239) User=0.01s Sys=0.00s Real=0.00s
[27.529s][info ][gc,start       ] GC(1240) Pause Young (Normal) (G1 Evacuation Pause)
[27.529s][info ][gc,task        ] GC(1240) Using 9 workers of 9 for evacuation
[27.529s][debug][gc,age         ] GC(1240) Desired survivor size 16777216 bytes, new threshold 15 (max threshold 15)
[27.530s][info ][gc,phases      ] GC(1240)   Pre Evacuate Collection Set: 0.08ms
[27.530s][info ][gc,phases      ] GC(1240)   Merge Heap Roots: 0.08ms
[27.530s][info ][gc,phases      ] GC(1240)   Evacuate Collection Set: 0.11ms
[27.530s][info ][gc,phases      ] GC(1240)   Post Evacuate Collection Set: 0.18ms
[27.530s][info ][gc,phases      ] GC(1240)   Other: 0.07ms
[27.530s][trace][gc,age         ] GC(1240) Age table:
[27.530s][trace][gc,age         ] GC(1240) - age   1:        192 bytes,        192 total
[27.530s][info ][gc,heap        ] GC(1240) Eden regions: 253->0(253)
[27.530s][info ][gc,heap        ] GC(1240) Survivor regions: 1->1(32)
[27.530s][info ][gc,heap        ] GC(1240) Old regions: 11->11
[27.530s][info ][gc,heap        ] GC(1240) Humongous regions: 0->0
[27.530s][info ][gc,metaspace   ] GC(1240) Metaspace: 10122K(10368K)->10122K(10368K) NonClass: 9159K(9344K)->9159K(9344K) Class: 963K(1024K)->963K(1024K)
[27.530s][info ][gc             ] GC(1240) Pause Young (Normal) (G1 Evacuation Pause) 256M->4M(424M) 0.616ms
[27.530s][info ][gc,cpu         ] GC(1240) User=0.00s Sys=0.00s Real=0.00s
[27.545s][info ][gc,start       ] GC(1241) Pause Young (Normal) (G1 Evacuation Pause)
[27.545s][info ][gc,task        ] GC(1241) Using 9 workers of 9 for evacuation
[27.545s][debug][gc,age         ] GC(1241) Desired survivor size 16777216 bytes, new threshold 15 (max threshold 15)
[27.546s][info ][gc,phases      ] GC(1241)   Pre Evacuate Collection Set: 0.09ms
[27.546s][info ][gc,phases      ] GC(1241)   Merge Heap Roots: 0.07ms
[27.546s][info ][gc,phases      ] GC(1241)   Evacuate Collection Set: 0.12ms
[27.546s][info ][gc,phases      ] GC(1241)   Post Evacuate Collection Set: 0.20ms
[27.546s][info ][gc,phases      ] GC(1241)   Other: 0.05ms
[27.546s][trace][gc,age         ] GC(1241) Age table:
[27.546s][trace][gc,age         ] GC(1241) - age   1:        192 bytes,        192 total
[27.546s][info ][gc,heap        ] GC(1241) Eden regions: 253->0(253)
[27.546s][info ][gc,heap        ] GC(1241) Survivor regions: 1->1(32)
[27.546s][info ][gc,heap        ] GC(1241) Old regions: 11->11
[27.546s][info ][gc,heap        ] GC(1241) Humongous regions: 0->0
[27.546s][info ][gc,metaspace   ] GC(1241) Metaspace: 10122K(10368K)->10122K(10368K) NonClass: 9159K(9344K)->9159K(9344K) Class: 963K(1024K)->963K(1024K)
[27.546s][info ][gc             ] GC(1241) Pause Young (Normal) (G1 Evacuation Pause) 256M->4M(424M) 0.631ms
[27.546s][info ][gc,cpu         ] GC(1241) User=0.00s Sys=0.01s Real=0.00s
[27.562s][info ][gc,start       ] GC(1242) Pause Young (Normal) (G1 Evacuation Pause)
[27.562s][info ][gc,task        ] GC(1242) Using 9 workers of 9 for evacuation
[27.562s][debug][gc,age         ] GC(1242) Desired survivor size 16777216 bytes, new threshold 15 (max threshold 15)
[27.562s][info ][gc,phases      ] GC(1242)   Pre Evacuate Collection Set: 0.10ms
[27.562s][info ][gc,phases      ] GC(1242)   Merge Heap Roots: 0.07ms
[27.562s][info ][gc,phases      ] GC(1242)   Evacuate Collection Set: 0.12ms
[27.562s][info ][gc,phases      ] GC(1242)   Post Evacuate Collection Set: 0.19ms
[27.562s][info ][gc,phases      ] GC(1242)   Other: 0.05ms
[27.562s][trace][gc,age         ] GC(1242) Age table:
[27.562s][trace][gc,age         ] GC(1242) - age   1:        192 bytes,        192 total
[27.562s][info ][gc,heap        ] GC(1242) Eden regions: 253->0(253)
[27.562s][info ][gc,heap        ] GC(1242) Survivor regions: 1->1(32)
[27.562s][info ][gc,heap        ] GC(1242) Old regions: 11->11
[27.562s][info ][gc,heap        ] GC(1242) Humongous regions: 0->0
[27.562s][info ][gc,metaspace   ] GC(1242) Metaspace: 10122K(10368K)->10122K(10368K) NonClass: 9159K(9344K)->9159K(9344K) Class: 963K(1024K)->963K(1024K)
[27.562s][info ][gc             ] GC(1242) Pause Young (Normal) (G1 Evacuation Pause) 256M->4M(424M) 0.615ms
[27.562s][info ][gc,cpu         ] GC(1242) User=0.01s Sys=0.00s Real=0.00s
[27.578s][info ][gc,start       ] GC(1243) Pause Young (Normal) (G1 Evacuation Pause)
[27.578s][info ][gc,task        ] GC(1243) Using 9 workers of 9 for evacuation
[27.578s][debug][gc,age         ] GC(1243) Desired survivor size 16777216 bytes, new threshold 15 (max threshold 15)
[27.579s][info ][gc,phases      ] GC(1243)   Pre Evacuate Collection Set: 0.11ms
[27.579s][info ][gc,phases      ] GC(1243)   Merge Heap Roots: 0.10ms
[27.579s][info ][gc,phases      ] GC(1243)   Evacuate Collection Set: 0.08ms
[27.579s][info ][gc,phases      ] GC(1243)   Post Evacuate Collection Set: 0.19ms
[27.579s][info ][gc,phases      ] GC(1243)   Other: 0.05ms
[27.579s][trace][gc,age         ] GC(1243) Age table:
[27.579s][trace][gc,age         ] GC(1243) - age   1:        192 bytes,        192 total
[27.579s][info ][gc,heap        ] GC(1243) Eden regions: 253->0(253)
[27.579s][info ][gc,heap        ] GC(1243) Survivor regions: 1->1(32)
[27.579s][info ][gc,heap        ] GC(1243) Old regions: 11->11
[27.579s][info ][gc,heap        ] GC(1243) Humongous regions: 0->0
[27.579s][info ][gc,metaspace   ] GC(1243) Metaspace: 10122K(10368K)->10122K(10368K) NonClass: 9159K(9344K)->9159K(9344K) Class: 963K(1024K)->963K(1024K)
[27.579s][info ][gc             ] GC(1243) Pause Young (Normal) (G1 Evacuation Pause) 256M->4M(424M) 0.619ms
[27.579s][info ][gc,cpu         ] GC(1243) User=0.00s Sys=0.00s Real=0.00s
[27.594s][info ][gc,start       ] GC(1244) Pause Young (Normal) (G1 Evacuation Pause)
[27.594s][info ][gc,task        ] GC(1244) Using 9 workers of 9 for evacuation
[27.594s][debug][gc,age         ] GC(1244) Desired survivor size 16777216 bytes, new threshold 15 (max threshold 15)
[27.595s][info ][gc,phases      ] GC(1244)   Pre Evacuate Collection Set: 0.10ms
[27.595s][info ][gc,phases      ] GC(1244)   Merge Heap Roots: 0.11ms
[27.595s][info ][gc,phases      ] GC(1244)   Evacuate Collection Set: 0.10ms
[27.595s][info ][gc,phases      ] GC(1244)   Post Evacuate Collection Set: 0.18ms
[27.595s][info ][gc,phases      ] GC(1244)   Other: 0.06ms
[27.595s][trace][gc,age         ] GC(1244) Age table:
[27.595s][trace][gc,age         ] GC(1244) - age   1:        192 bytes,        192 total
[27.595s][info ][gc,heap        ] GC(1244) Eden regions: 253->0(253)
[27.595s][info ][gc,heap        ] GC(1244) Survivor regions: 1->1(32)
[27.595s][info ][gc,heap        ] GC(1244) Old regions: 11->11
[27.595s][info ][gc,heap        ] GC(1244) Humongous regions: 0->0
[27.595s][info ][gc,metaspace   ] GC(1244) Metaspace: 10122K(10368K)->10122K(10368K) NonClass: 9159K(9344K)->9159K(9344K) Class: 963K(1024K)->963K(1024K)
[27.595s][info ][gc             ] GC(1244) Pause Young (Normal) (G1 Evacuation Pause) 256M->4M(424M) 0.631ms
[27.595s][info ][gc,cpu         ] GC(1244) User=0.00s Sys=0.00s Real=0.00s
[27.611s][info ][gc,start       ] GC(1245) Pause Young (Normal) (G1 Evacuation Pause)
[27.611s][info ][gc,task        ] GC(1245) Using 9 workers of 9 for evacuation
[27.611s][debug][gc,age         ] GC(1245) Desired survivor size 16777216 bytes, new threshold 15 (max threshold 15)
[27.611s][info ][gc,phases      ] GC(1245)   Pre Evacuate Collection Set: 0.06ms
[27.611s][info ][gc,phases      ] GC(1245)   Merge Heap Roots: 0.07ms
[27.611s][info ][gc,phases      ] GC(1245)   Evacuate Collection Set: 0.10ms
[27.611s][info ][gc,phases      ] GC(1245)   Post Evacuate Collection Set: 0.17ms
[27.611s][info ][gc,phases      ] GC(1245)   Other: 0.06ms
[27.611s][trace][gc,age         ] GC(1245) Age table:
[27.611s][trace][gc,age         ] GC(1245) - age   1:        192 bytes,        192 total
[27.611s][info ][gc,heap        ] GC(1245) Eden regions: 253->0(253)
[27.611s][info ][gc,heap        ] GC(1245) Survivor regions: 1->1(32)
[27.611s][info ][gc,heap        ] GC(1245) Old regions: 11->11
[27.611s][info ][gc,heap        ] GC(1245) Humongous regions: 0->0
[27.611s][info ][gc,metaspace   ] GC(1245) Metaspace: 10122K(10368K)->10122K(10368K) NonClass: 9159K(9344K)->9159K(9344K) Class: 963K(1024K)->963K(1024K)
[27.611s][info ][gc             ] GC(1245) Pause Young (Normal) (G1 Evacuation Pause) 256M->4M(424M) 0.567ms
[27.611s][info ][gc,cpu         ] GC(1245) User=0.00s Sys=0.00s Real=0.00s
[27.627s][info ][gc,start       ] GC(1246) Pause Young (Normal) (G1 Evacuation Pause)
[27.627s][info ][gc,task        ] GC(1246) Using 9 workers of 9 for evacuation
[27.627s][debug][gc,age         ] GC(1246) Desired survivor size 16777216 bytes, new threshold 15 (max threshold 15)
[27.627s][info ][gc,phases      ] GC(1246)   Pre Evacuate Collection Set: 0.08ms
[27.627s][info ][gc,phases      ] GC(1246)   Merge Heap Roots: 0.09ms
[27.627s][info ][gc,phases      ] GC(1246)   Evacuate Collection Set: 0.10ms
[27.627s][info ][gc,phases      ] GC(1246)   Post Evacuate Collection Set: 0.18ms
[27.627s][info ][gc,phases      ] GC(1246)   Other: 0.05ms
[27.627s][trace][gc,age         ] GC(1246) Age table:
[27.627s][trace][gc,age         ] GC(1246) - age   1:        192 bytes,        192 total
[27.627s][info ][gc,heap        ] GC(1246) Eden regions: 253->0(253)
[27.627s][info ][gc,heap        ] GC(1246) Survivor regions: 1->1(32)
[27.627s][info ][gc,heap        ] GC(1246) Old regions: 11->11
[27.627s][info ][gc,heap        ] GC(1246) Humongous regions: 0->0
[27.627s][info ][gc,metaspace   ] GC(1246) Metaspace: 10122K(10368K)->10122K(10368K) NonClass: 9159K(9344K)->9159K(9344K) Class: 963K(1024K)->963K(1024K)
[27.627s][info ][gc             ] GC(1246) Pause Young (Normal) (G1 Evacuation Pause) 256M->4M(424M) 0.587ms
[27.627s][info ][gc,cpu         ] GC(1246) User=0.00s Sys=0.00s Real=0.00s
[27.643s][info ][gc,start       ] GC(1247) Pause Young (Normal) (G1 Evacuation Pause)
[27.643s][info ][gc,task        ] GC(1247) Using 9 workers of 9 for evacuation
[27.643s][debug][gc,age         ] GC(1247) Desired survivor size 16777216 bytes, new threshold 15 (max threshold 15)
[27.643s][info ][gc,phases      ] GC(1247)   Pre Evacuate Collection Set: 0.09ms
[27.643s][info ][gc,phases      ] GC(1247)   Merge Heap Roots: 0.07ms
[27.643s][info ][gc,phases      ] GC(1247)   Evacuate Collection Set: 0.07ms
[27.643s][info ][gc,phases      ] GC(1247)   Post Evacuate Collection Set: 0.18ms
[27.643s][info ][gc,phases      ] GC(1247)   Other: 0.06ms
[27.643s][trace][gc,age         ] GC(1247) Age table:
[27.643s][trace][gc,age         ] GC(1247) - age   1:        192 bytes,        192 total
[27.643s][info ][gc,heap        ] GC(1247) Eden regions: 253->0(253)
[27.643s][info ][gc,heap        ] GC(1247) Survivor regions: 1->1(32)
[27.643s][info ][gc,heap        ] GC(1247) Old regions: 11->11
[27.643s][info ][gc,heap        ] GC(1247) Humongous regions: 0->0
[27.643s][info ][gc,metaspace   ] GC(1247) Metaspace: 10122K(10368K)->10122K(10368K) NonClass: 9159K(9344K)->9159K(9344K) Class: 963K(1024K)->963K(1024K)
[27.643s][info ][gc             ] GC(1247) Pause Young (Normal) (G1 Evacuation Pause) 256M->4M(424M) 0.585ms
[27.643s][info ][gc,cpu         ] GC(1247) User=0.00s Sys=0.00s Real=0.00s
[27.659s][info ][gc,start       ] GC(1248) Pause Young (Normal) (G1 Evacuation Pause)
[27.659s][info ][gc,task        ] GC(1248) Using 9 workers of 9 for evacuation
[27.659s][debug][gc,age         ] GC(1248) Desired survivor size 16777216 bytes, new threshold 15 (max threshold 15)
[27.659s][info ][gc,phases      ] GC(1248)   Pre Evacuate Collection Set: 0.06ms
[27.659s][info ][gc,phases      ] GC(1248)   Merge Heap Roots: 0.06ms
[27.659s][info ][gc,phases      ] GC(1248)   Evacuate Collection Set: 0.10ms
[27.659s][info ][gc,phases      ] GC(1248)   Post Evacuate Collection Set: 0.20ms
[27.659s][info ][gc,phases      ] GC(1248)   Other: 0.06ms
[27.659s][trace][gc,age         ] GC(1248) Age table:
[27.659s][trace][gc,age         ] GC(1248) - age   1:        192 bytes,        192 total
[27.659s][info ][gc,heap        ] GC(1248) Eden regions: 253->0(253)
[27.659s][info ][gc,heap        ] GC(1248) Survivor regions: 1->1(32)
[27.659s][info ][gc,heap        ] GC(1248) Old regions: 11->11
[27.659s][info ][gc,heap        ] GC(1248) Humongous regions: 0->0
[27.660s][info ][gc,metaspace   ] GC(1248) Metaspace: 10122K(10368K)->10122K(10368K) NonClass: 9159K(9344K)->9159K(9344K) Class: 963K(1024K)->963K(1024K)
[27.660s][info ][gc             ] GC(1248) Pause Young (Normal) (G1 Evacuation Pause) 256M->4M(424M) 0.565ms
[27.660s][info ][gc,cpu         ] GC(1248) User=0.01s Sys=0.00s Real=0.00s
[27.675s][info ][gc,start       ] GC(1249) Pause Young (Normal) (G1 Evacuation Pause)
[27.675s][info ][gc,task        ] GC(1249) Using 9 workers of 9 for evacuation
[27.675s][debug][gc,age         ] GC(1249) Desired survivor size 16777216 bytes, new threshold 15 (max threshold 15)
[27.676s][info ][gc,phases      ] GC(1249)   Pre Evacuate Collection Set: 0.10ms
[27.676s][info ][gc,phases      ] GC(1249)   Merge Heap Roots: 0.07ms
[27.676s][info ][gc,phases      ] GC(1249)   Evacuate Collection Set: 0.09ms
[27.676s][info ][gc,phases      ] GC(1249)   Post Evacuate Collection Set: 0.15ms
[27.676s][info ][gc,phases      ] GC(1249)   Other: 0.05ms
[27.676s][trace][gc,age         ] GC(1249) Age table:
[27.676s][trace][gc,age         ] GC(1249) - age   1:        192 bytes,        192 total
[27.676s][info ][gc,heap        ] GC(1249) Eden regions: 253->0(253)
[27.676s][info ][gc,heap        ] GC(1249) Survivor regions: 1->1(32)
[27.676s][info ][gc,heap        ] GC(1249) Old regions: 11->11
[27.676s][info ][gc,heap        ] GC(1249) Humongous regions: 0->0
[27.676s][info ][gc,metaspace   ] GC(1249) Metaspace: 10122K(10368K)->10122K(10368K) NonClass: 9159K(9344K)->9159K(9344K) Class: 963K(1024K)->963K(1024K)
[27.676s][info ][gc             ] GC(1249) Pause Young (Normal) (G1 Evacuation Pause) 256M->4M(424M) 0.550ms
[27.676s][info ][gc,cpu         ] GC(1249) User=0.00s Sys=0.00s Real=0.00s
[27.692s][info ][gc,start       ] GC(1250) Pause Young (Normal) (G1 Evacuation Pause)
[27.692s][info ][gc,task        ] GC(1250) Using 9 workers of 9 for evacuation
[27.692s][debug][gc,age         ] GC(1250) Desired survivor size 16777216 bytes, new threshold 15 (max threshold 15)
[27.692s][info ][gc,phases      ] GC(1250)   Pre Evacuate Collection Set: 0.07ms
[27.692s][info ][gc,phases      ] GC(1250)   Merge Heap Roots: 0.07ms
[27.692s][info ][gc,phases      ] GC(1250)   Evacuate Collection Set: 0.11ms
[27.692s][info ][gc,phases      ] GC(1250)   Post Evacuate Collection Set: 0.15ms
[27.692s][info ][gc,phases      ] GC(1250)   Other: 0.05ms
[27.692s][trace][gc,age         ] GC(1250) Age table:
[27.692s][trace][gc,age         ] GC(1250) - age   1:        192 bytes,        192 total
[27.692s][info ][gc,heap        ] GC(1250) Eden regions: 253->0(253)
[27.692s][info ][gc,heap        ] GC(1250) Survivor regions: 1->1(32)
[27.692s][info ][gc,heap        ] GC(1250) Old regions: 11->11
[27.692s][info ][gc,heap        ] GC(1250) Humongous regions: 0->0
[27.692s][info ][gc,metaspace   ] GC(1250) Metaspace: 10122K(10368K)->10122K(10368K) NonClass: 9159K(9344K)->9159K(9344K) Class: 963K(1024K)->963K(1024K)
[27.692s][info ][gc             ] GC(1250) Pause Young (Normal) (G1 Evacuation Pause) 256M->4M(424M) 0.541ms
[27.692s][info ][gc,cpu         ] GC(1250) User=0.00s Sys=0.00s Real=0.00s
[27.708s][info ][gc,start       ] GC(1251) Pause Young (Normal) (G1 Evacuation Pause)
[27.708s][info ][gc,task        ] GC(1251) Using 9 workers of 9 for evacuation
[27.708s][debug][gc,age         ] GC(1251) Desired survivor size 16777216 bytes, new threshold 15 (max threshold 15)
[27.708s][info ][gc,phases      ] GC(1251)   Pre Evacuate Collection Set: 0.11ms
[27.708s][info ][gc,phases      ] GC(1251)   Merge Heap Roots: 0.06ms
[27.708s][info ][gc,phases      ] GC(1251)   Evacuate Collection Set: 0.11ms
[27.708s][info ][gc,phases      ] GC(1251)   Post Evacuate Collection Set: 0.15ms
[27.708s][info ][gc,phases      ] GC(1251)   Other: 0.04ms
[27.708s][trace][gc,age         ] GC(1251) Age table:
[27.708s][trace][gc,age         ] GC(1251) - age   1:        192 bytes,        192 total
[27.708s][info ][gc,heap        ] GC(1251) Eden regions: 253->0(253)
[27.708s][info ][gc,heap        ] GC(1251) Survivor regions: 1->1(32)
[27.708s][info ][gc,heap        ] GC(1251) Old regions: 11->11
[27.708s][info ][gc,heap        ] GC(1251) Humongous regions: 0->0
[27.708s][info ][gc,metaspace   ] GC(1251) Metaspace: 10122K(10368K)->10122K(10368K) NonClass: 9159K(9344K)->9159K(9344K) Class: 963K(1024K)->963K(1024K)
[27.708s][info ][gc             ] GC(1251) Pause Young (Normal) (G1 Evacuation Pause) 256M->4M(424M) 0.559ms
[27.708s][info ][gc,cpu         ] GC(1251) User=0.01s Sys=0.00s Real=0.00s
[27.724s][info ][gc,start       ] GC(1252) Pause Young (Normal) (G1 Evacuation Pause)
[27.724s][info ][gc,task        ] GC(1252) Using 9 workers of 9 for evacuation
[27.724s][debug][gc,age         ] GC(1252) Desired survivor size 16777216 bytes, new threshold 15 (max threshold 15)
[27.725s][info ][gc,phases      ] GC(1252)   Pre Evacuate Collection Set: 0.07ms
[27.725s][info ][gc,phases      ] GC(1252)   Merge Heap Roots: 0.06ms
[27.725s][info ][gc,phases      ] GC(1252)   Evacuate Collection Set: 0.12ms
[27.725s][info ][gc,phases      ] GC(1252)   Post Evacuate Collection Set: 0.19ms
[27.725s][info ][gc,phases      ] GC(1252)   Other: 0.06ms
[27.725s][trace][gc,age         ] GC(1252) Age table:
[27.725s][trace][gc,age         ] GC(1252) - age   1:        192 bytes,        192 total
[27.725s][info ][gc,heap        ] GC(1252) Eden regions: 253->0(253)
[27.725s][info ][gc,heap        ] GC(1252) Survivor regions: 1->1(32)
[27.725s][info ][gc,heap        ] GC(1252) Old regions: 11->11
[27.725s][info ][gc,heap        ] GC(1252) Humongous regions: 0->0
[27.725s][info ][gc,metaspace   ] GC(1252) Metaspace: 10122K(10368K)->10122K(10368K) NonClass: 9159K(9344K)->9159K(9344K) Class: 963K(1024K)->963K(1024K)
[27.725s][info ][gc             ] GC(1252) Pause Young (Normal) (G1 Evacuation Pause) 256M->4M(424M) 0.601ms
[27.725s][info ][gc,cpu         ] GC(1252) User=0.00s Sys=0.00s Real=0.00s
[27.740s][info ][gc,start       ] GC(1253) Pause Young (Normal) (G1 Evacuation Pause)
[27.740s][info ][gc,task        ] GC(1253) Using 9 workers of 9 for evacuation
[27.740s][debug][gc,age         ] GC(1253) Desired survivor size 16777216 bytes, new threshold 15 (max threshold 15)
[27.741s][info ][gc,phases      ] GC(1253)   Pre Evacuate Collection Set: 0.07ms
[27.741s][info ][gc,phases      ] GC(1253)   Merge Heap Roots: 0.06ms
[27.741s][info ][gc,phases      ] GC(1253)   Evacuate Collection Set: 0.15ms
[27.741s][info ][gc,phases      ] GC(1253)   Post Evacuate Collection Set: 0.20ms
[27.741s][info ][gc,phases      ] GC(1253)   Other: 0.05ms
[27.741s][trace][gc,age         ] GC(1253) Age table:
[27.741s][trace][gc,age         ] GC(1253) - age   1:        192 bytes,        192 total
[27.741s][info ][gc,heap        ] GC(1253) Eden regions: 253->0(253)
[27.741s][info ][gc,heap        ] GC(1253) Survivor regions: 1->1(32)
[27.741s][info ][gc,heap        ] GC(1253) Old regions: 11->11
[27.741s][info ][gc,heap        ] GC(1253) Humongous regions: 0->0
[27.741s][info ][gc,metaspace   ] GC(1253) Metaspace: 10122K(10368K)->10122K(10368K) NonClass: 9159K(9344K)->9159K(9344K) Class: 963K(1024K)->963K(1024K)
[27.741s][info ][gc             ] GC(1253) Pause Young (Normal) (G1 Evacuation Pause) 256M->4M(424M) 0.616ms
[27.741s][info ][gc,cpu         ] GC(1253) User=0.00s Sys=0.00s Real=0.00s
[27.756s][info ][gc,start       ] GC(1254) Pause Young (Normal) (G1 Evacuation Pause)
[27.756s][info ][gc,task        ] GC(1254) Using 9 workers of 9 for evacuation
[27.756s][debug][gc,age         ] GC(1254) Desired survivor size 16777216 bytes, new threshold 15 (max threshold 15)
[27.757s][info ][gc,phases      ] GC(1254)   Pre Evacuate Collection Set: 0.08ms
[27.757s][info ][gc,phases      ] GC(1254)   Merge Heap Roots: 0.10ms
[27.757s][info ][gc,phases      ] GC(1254)   Evacuate Collection Set: 0.08ms
[27.757s][info ][gc,phases      ] GC(1254)   Post Evacuate Collection Set: 0.16ms
[27.757s][info ][gc,phases      ] GC(1254)   Other: 0.06ms
[27.757s][trace][gc,age         ] GC(1254) Age table:
[27.757s][trace][gc,age         ] GC(1254) - age   1:        192 bytes,        192 total
[27.757s][info ][gc,heap        ] GC(1254) Eden regions: 253->0(253)
[27.757s][info ][gc,heap        ] GC(1254) Survivor regions: 1->1(32)
[27.757s][info ][gc,heap        ] GC(1254) Old regions: 11->11
[27.757s][info ][gc,heap        ] GC(1254) Humongous regions: 0->0
[27.757s][info ][gc,metaspace   ] GC(1254) Metaspace: 10122K(10368K)->10122K(10368K) NonClass: 9159K(9344K)->9159K(9344K) Class: 963K(1024K)->963K(1024K)
[27.757s][info ][gc             ] GC(1254) Pause Young (Normal) (G1 Evacuation Pause) 256M->4M(424M) 0.577ms
[27.757s][info ][gc,cpu         ] GC(1254) User=0.00s Sys=0.00s Real=0.00s
[27.773s][info ][gc,start       ] GC(1255) Pause Young (Normal) (G1 Evacuation Pause)
[27.773s][info ][gc,task        ] GC(1255) Using 9 workers of 9 for evacuation
[27.773s][debug][gc,age         ] GC(1255) Desired survivor size 16777216 bytes, new threshold 15 (max threshold 15)
[27.773s][info ][gc,phases      ] GC(1255)   Pre Evacuate Collection Set: 0.07ms
[27.773s][info ][gc,phases      ] GC(1255)   Merge Heap Roots: 0.05ms
[27.773s][info ][gc,phases      ] GC(1255)   Evacuate Collection Set: 0.16ms
[27.773s][info ][gc,phases      ] GC(1255)   Post Evacuate Collection Set: 0.19ms
[27.773s][info ][gc,phases      ] GC(1255)   Other: 0.05ms
[27.773s][trace][gc,age         ] GC(1255) Age table:
[27.773s][trace][gc,age         ] GC(1255) - age   1:        192 bytes,        192 total
[27.773s][info ][gc,heap        ] GC(1255) Eden regions: 253->0(253)
[27.773s][info ][gc,heap        ] GC(1255) Survivor regions: 1->1(32)
[27.773s][info ][gc,heap        ] GC(1255) Old regions: 11->11
[27.773s][info ][gc,heap        ] GC(1255) Humongous regions: 0->0
[27.773s][info ][gc,metaspace   ] GC(1255) Metaspace: 10122K(10368K)->10122K(10368K) NonClass: 9159K(9344K)->9159K(9344K) Class: 963K(1024K)->963K(1024K)
[27.773s][info ][gc             ] GC(1255) Pause Young (Normal) (G1 Evacuation Pause) 256M->4M(424M) 0.625ms
[27.773s][info ][gc,cpu         ] GC(1255) User=0.00s Sys=0.00s Real=0.00s
[27.789s][info ][gc,start       ] GC(1256) Pause Young (Normal) (G1 Evacuation Pause)
[27.789s][info ][gc,task        ] GC(1256) Using 9 workers of 9 for evacuation
[27.789s][debug][gc,age         ] GC(1256) Desired survivor size 16777216 bytes, new threshold 15 (max threshold 15)
[27.789s][info ][gc,phases      ] GC(1256)   Pre Evacuate Collection Set: 0.06ms
[27.789s][info ][gc,phases      ] GC(1256)   Merge Heap Roots: 0.08ms
[27.789s][info ][gc,phases      ] GC(1256)   Evacuate Collection Set: 0.07ms
[27.789s][info ][gc,phases      ] GC(1256)   Post Evacuate Collection Set: 0.17ms
[27.789s][info ][gc,phases      ] GC(1256)   Other: 0.05ms
[27.789s][trace][gc,age         ] GC(1256) Age table:
[27.789s][trace][gc,age         ] GC(1256) - age   1:        192 bytes,        192 total
[27.789s][info ][gc,heap        ] GC(1256) Eden regions: 253->0(253)
[27.789s][info ][gc,heap        ] GC(1256) Survivor regions: 1->1(32)
[27.789s][info ][gc,heap        ] GC(1256) Old regions: 11->11
[27.789s][info ][gc,heap        ] GC(1256) Humongous regions: 0->0
[27.789s][info ][gc,metaspace   ] GC(1256) Metaspace: 10122K(10368K)->10122K(10368K) NonClass: 9159K(9344K)->9159K(9344K) Class: 963K(1024K)->963K(1024K)
[27.789s][info ][gc             ] GC(1256) Pause Young (Normal) (G1 Evacuation Pause) 256M->4M(424M) 0.528ms
[27.789s][info ][gc,cpu         ] GC(1256) User=0.00s Sys=0.00s Real=0.00s
[27.805s][info ][gc,start       ] GC(1257) Pause Young (Normal) (G1 Evacuation Pause)
[27.805s][info ][gc,task        ] GC(1257) Using 9 workers of 9 for evacuation
[27.805s][debug][gc,age         ] GC(1257) Desired survivor size 16777216 bytes, new threshold 15 (max threshold 15)
[27.806s][info ][gc,phases      ] GC(1257)   Pre Evacuate Collection Set: 0.07ms
[27.806s][info ][gc,phases      ] GC(1257)   Merge Heap Roots: 0.06ms
[27.806s][info ][gc,phases      ] GC(1257)   Evacuate Collection Set: 0.10ms
[27.806s][info ][gc,phases      ] GC(1257)   Post Evacuate Collection Set: 0.18ms
[27.806s][info ][gc,phases      ] GC(1257)   Other: 0.04ms
[27.806s][trace][gc,age         ] GC(1257) Age table:
[27.806s][trace][gc,age         ] GC(1257) - age   1:        192 bytes,        192 total
[27.806s][info ][gc,heap        ] GC(1257) Eden regions: 253->0(253)
[27.806s][info ][gc,heap        ] GC(1257) Survivor regions: 1->1(32)
[27.806s][info ][gc,heap        ] GC(1257) Old regions: 11->11
[27.806s][info ][gc,heap        ] GC(1257) Humongous regions: 0->0
[27.806s][info ][gc,metaspace   ] GC(1257) Metaspace: 10122K(10368K)->10122K(10368K) NonClass: 9159K(9344K)->9159K(9344K) Class: 963K(1024K)->963K(1024K)
[27.806s][info ][gc             ] GC(1257) Pause Young (Normal) (G1 Evacuation Pause) 256M->4M(424M) 0.536ms
[27.806s][info ][gc,cpu         ] GC(1257) User=0.00s Sys=0.00s Real=0.00s
[27.821s][info ][gc,start       ] GC(1258) Pause Young (Normal) (G1 Evacuation Pause)
[27.821s][info ][gc,task        ] GC(1258) Using 9 workers of 9 for evacuation
[27.821s][debug][gc,age         ] GC(1258) Desired survivor size 16777216 bytes, new threshold 15 (max threshold 15)
[27.822s][info ][gc,phases      ] GC(1258)   Pre Evacuate Collection Set: 0.06ms
[27.822s][info ][gc,phases      ] GC(1258)   Merge Heap Roots: 0.08ms
[27.822s][info ][gc,phases      ] GC(1258)   Evacuate Collection Set: 0.08ms
[27.822s][info ][gc,phases      ] GC(1258)   Post Evacuate Collection Set: 0.18ms
[27.822s][info ][gc,phases      ] GC(1258)   Other: 0.06ms
[27.822s][trace][gc,age         ] GC(1258) Age table:
[27.822s][trace][gc,age         ] GC(1258) - age   1:        192 bytes,        192 total
[27.822s][info ][gc,heap        ] GC(1258) Eden regions: 253->0(253)
[27.822s][info ][gc,heap        ] GC(1258) Survivor regions: 1->1(32)
[27.822s][info ][gc,heap        ] GC(1258) Old regions: 11->11
[27.822s][info ][gc,heap        ] GC(1258) Humongous regions: 0->0
[27.822s][info ][gc,metaspace   ] GC(1258) Metaspace: 10122K(10368K)->10122K(10368K) NonClass: 9159K(9344K)->9159K(9344K) Class: 963K(1024K)->963K(1024K)
[27.822s][info ][gc             ] GC(1258) Pause Young (Normal) (G1 Evacuation Pause) 256M->4M(424M) 0.562ms
[27.822s][info ][gc,cpu         ] GC(1258) User=0.00s Sys=0.01s Real=0.00s
[27.837s][info ][gc,start       ] GC(1259) Pause Young (Normal) (G1 Evacuation Pause)
[27.837s][info ][gc,task        ] GC(1259) Using 9 workers of 9 for evacuation
[27.837s][debug][gc,age         ] GC(1259) Desired survivor size 16777216 bytes, new threshold 15 (max threshold 15)
[27.838s][info ][gc,phases      ] GC(1259)   Pre Evacuate Collection Set: 0.09ms
[27.838s][info ][gc,phases      ] GC(1259)   Merge Heap Roots: 0.09ms
[27.838s][info ][gc,phases      ] GC(1259)   Evacuate Collection Set: 0.09ms
[27.838s][info ][gc,phases      ] GC(1259)   Post Evacuate Collection Set: 0.17ms
[27.838s][info ][gc,phases      ] GC(1259)   Other: 0.05ms
[27.838s][trace][gc,age         ] GC(1259) Age table:
[27.838s][trace][gc,age         ] GC(1259) - age   1:        192 bytes,        192 total
[27.838s][info ][gc,heap        ] GC(1259) Eden regions: 253->0(253)
[27.838s][info ][gc,heap        ] GC(1259) Survivor regions: 1->1(32)
[27.838s][info ][gc,heap        ] GC(1259) Old regions: 11->11
[27.838s][info ][gc,heap        ] GC(1259) Humongous regions: 0->0
[27.838s][info ][gc,metaspace   ] GC(1259) Metaspace: 10122K(10368K)->10122K(10368K) NonClass: 9159K(9344K)->9159K(9344K) Class: 963K(1024K)->963K(1024K)
[27.838s][info ][gc             ] GC(1259) Pause Young (Normal) (G1 Evacuation Pause) 256M->4M(424M) 0.586ms
[27.838s][info ][gc,cpu         ] GC(1259) User=0.00s Sys=0.00s Real=0.00s
[27.854s][info ][gc,start       ] GC(1260) Pause Young (Normal) (G1 Evacuation Pause)
[27.854s][info ][gc,task        ] GC(1260) Using 9 workers of 9 for evacuation
[27.854s][debug][gc,age         ] GC(1260) Desired survivor size 16777216 bytes, new threshold 15 (max threshold 15)
[27.854s][info ][gc,phases      ] GC(1260)   Pre Evacuate Collection Set: 0.08ms
[27.854s][info ][gc,phases      ] GC(1260)   Merge Heap Roots: 0.11ms
[27.854s][info ][gc,phases      ] GC(1260)   Evacuate Collection Set: 0.10ms
[27.854s][info ][gc,phases      ] GC(1260)   Post Evacuate Collection Set: 0.18ms
[27.854s][info ][gc,phases      ] GC(1260)   Other: 0.06ms
[27.854s][trace][gc,age         ] GC(1260) Age table:
[27.854s][trace][gc,age         ] GC(1260) - age   1:        192 bytes,        192 total
[27.854s][info ][gc,heap        ] GC(1260) Eden regions: 253->0(253)
[27.854s][info ][gc,heap        ] GC(1260) Survivor regions: 1->1(32)
[27.854s][info ][gc,heap        ] GC(1260) Old regions: 11->11
[27.854s][info ][gc,heap        ] GC(1260) Humongous regions: 0->0
[27.854s][info ][gc,metaspace   ] GC(1260) Metaspace: 10122K(10368K)->10122K(10368K) NonClass: 9159K(9344K)->9159K(9344K) Class: 963K(1024K)->963K(1024K)
[27.854s][info ][gc             ] GC(1260) Pause Young (Normal) (G1 Evacuation Pause) 256M->4M(424M) 0.617ms
[27.854s][info ][gc,cpu         ] GC(1260) User=0.00s Sys=0.00s Real=0.00s
[27.870s][info ][gc,start       ] GC(1261) Pause Young (Normal) (G1 Evacuation Pause)
[27.870s][info ][gc,task        ] GC(1261) Using 9 workers of 9 for evacuation
[27.870s][debug][gc,age         ] GC(1261) Desired survivor size 16777216 bytes, new threshold 15 (max threshold 15)
[27.871s][info ][gc,phases      ] GC(1261)   Pre Evacuate Collection Set: 0.07ms
[27.871s][info ][gc,phases      ] GC(1261)   Merge Heap Roots: 0.08ms
[27.871s][info ][gc,phases      ] GC(1261)   Evacuate Collection Set: 0.08ms
[27.871s][info ][gc,phases      ] GC(1261)   Post Evacuate Collection Set: 0.17ms
[27.871s][info ][gc,phases      ] GC(1261)   Other: 0.04ms
[27.871s][trace][gc,age         ] GC(1261) Age table:
[27.871s][trace][gc,age         ] GC(1261) - age   1:        192 bytes,        192 total
[27.871s][info ][gc,heap        ] GC(1261) Eden regions: 253->0(253)
[27.871s][info ][gc,heap        ] GC(1261) Survivor regions: 1->1(32)
[27.871s][info ][gc,heap        ] GC(1261) Old regions: 11->11
[27.871s][info ][gc,heap        ] GC(1261) Humongous regions: 0->0
[27.871s][info ][gc,metaspace   ] GC(1261) Metaspace: 10122K(10368K)->10122K(10368K) NonClass: 9159K(9344K)->9159K(9344K) Class: 963K(1024K)->963K(1024K)
[27.871s][info ][gc             ] GC(1261) Pause Young (Normal) (G1 Evacuation Pause) 256M->4M(424M) 0.530ms
[27.871s][info ][gc,cpu         ] GC(1261) User=0.00s Sys=0.00s Real=0.00s
[27.886s][info ][gc,start       ] GC(1262) Pause Young (Normal) (G1 Evacuation Pause)
[27.886s][info ][gc,task        ] GC(1262) Using 9 workers of 9 for evacuation
[27.886s][debug][gc,age         ] GC(1262) Desired survivor size 16777216 bytes, new threshold 15 (max threshold 15)
[27.887s][info ][gc,phases      ] GC(1262)   Pre Evacuate Collection Set: 0.11ms
[27.887s][info ][gc,phases      ] GC(1262)   Merge Heap Roots: 0.12ms
[27.887s][info ][gc,phases      ] GC(1262)   Evacuate Collection Set: 0.12ms
[27.887s][info ][gc,phases      ] GC(1262)   Post Evacuate Collection Set: 0.19ms
[27.887s][info ][gc,phases      ] GC(1262)   Other: 0.05ms
[27.887s][trace][gc,age         ] GC(1262) Age table:
[27.887s][trace][gc,age         ] GC(1262) - age   1:        192 bytes,        192 total
[27.887s][info ][gc,heap        ] GC(1262) Eden regions: 253->0(253)
[27.887s][info ][gc,heap        ] GC(1262) Survivor regions: 1->1(32)
[27.887s][info ][gc,heap        ] GC(1262) Old regions: 11->11
[27.887s][info ][gc,heap        ] GC(1262) Humongous regions: 0->0
[27.887s][info ][gc,metaspace   ] GC(1262) Metaspace: 10122K(10368K)->10122K(10368K) NonClass: 9159K(9344K)->9159K(9344K) Class: 963K(1024K)->963K(1024K)
[27.887s][info ][gc             ] GC(1262) Pause Young (Normal) (G1 Evacuation Pause) 256M->4M(424M) 0.659ms
[27.887s][info ][gc,cpu         ] GC(1262) User=0.00s Sys=0.00s Real=0.00s
[27.902s][info ][gc,start       ] GC(1263) Pause Young (Normal) (G1 Evacuation Pause)
[27.902s][info ][gc,task        ] GC(1263) Using 9 workers of 9 for evacuation
[27.902s][debug][gc,age         ] GC(1263) Desired survivor size 16777216 bytes, new threshold 15 (max threshold 15)
[27.903s][info ][gc,phases      ] GC(1263)   Pre Evacuate Collection Set: 0.10ms
[27.903s][info ][gc,phases      ] GC(1263)   Merge Heap Roots: 0.07ms
[27.903s][info ][gc,phases      ] GC(1263)   Evacuate Collection Set: 0.11ms
[27.903s][info ][gc,phases      ] GC(1263)   Post Evacuate Collection Set: 0.16ms
[27.903s][info ][gc,phases      ] GC(1263)   Other: 0.05ms
[27.903s][trace][gc,age         ] GC(1263) Age table:
[27.903s][trace][gc,age         ] GC(1263) - age   1:        192 bytes,        192 total
[27.903s][info ][gc,heap        ] GC(1263) Eden regions: 253->0(253)
[27.903s][info ][gc,heap        ] GC(1263) Survivor regions: 1->1(32)
[27.903s][info ][gc,heap        ] GC(1263) Old regions: 11->11
[27.903s][info ][gc,heap        ] GC(1263) Humongous regions: 0->0
[27.903s][info ][gc,metaspace   ] GC(1263) Metaspace: 10122K(10368K)->10122K(10368K) NonClass: 9159K(9344K)->9159K(9344K) Class: 963K(1024K)->963K(1024K)
[27.903s][info ][gc             ] GC(1263) Pause Young (Normal) (G1 Evacuation Pause) 256M->4M(424M) 0.584ms
[27.903s][info ][gc,cpu         ] GC(1263) User=0.00s Sys=0.00s Real=0.00s
[27.918s][info ][gc,start       ] GC(1264) Pause Young (Normal) (G1 Evacuation Pause)
[27.918s][info ][gc,task        ] GC(1264) Using 9 workers of 9 for evacuation
[27.918s][debug][gc,age         ] GC(1264) Desired survivor size 16777216 bytes, new threshold 15 (max threshold 15)
[27.919s][info ][gc,phases      ] GC(1264)   Pre Evacuate Collection Set: 0.07ms
[27.919s][info ][gc,phases      ] GC(1264)   Merge Heap Roots: 0.06ms
[27.919s][info ][gc,phases      ] GC(1264)   Evacuate Collection Set: 0.12ms
[27.919s][info ][gc,phases      ] GC(1264)   Post Evacuate Collection Set: 0.18ms
[27.919s][info ][gc,phases      ] GC(1264)   Other: 0.06ms
[27.919s][trace][gc,age         ] GC(1264) Age table:
[27.919s][trace][gc,age         ] GC(1264) - age   1:        192 bytes,        192 total
[27.919s][info ][gc,heap        ] GC(1264) Eden regions: 253->0(253)
[27.919s][info ][gc,heap        ] GC(1264) Survivor regions: 1->1(32)
[27.919s][info ][gc,heap        ] GC(1264) Old regions: 11->11
[27.919s][info ][gc,heap        ] GC(1264) Humongous regions: 0->0
[27.919s][info ][gc,metaspace   ] GC(1264) Metaspace: 10122K(10368K)->10122K(10368K) NonClass: 9159K(9344K)->9159K(9344K) Class: 963K(1024K)->963K(1024K)
[27.919s][info ][gc             ] GC(1264) Pause Young (Normal) (G1 Evacuation Pause) 256M->4M(424M) 0.591ms
[27.919s][info ][gc,cpu         ] GC(1264) User=0.00s Sys=0.00s Real=0.00s
[27.934s][info ][gc,start       ] GC(1265) Pause Young (Normal) (G1 Evacuation Pause)
[27.934s][info ][gc,task        ] GC(1265) Using 9 workers of 9 for evacuation
[27.934s][debug][gc,age         ] GC(1265) Desired survivor size 16777216 bytes, new threshold 15 (max threshold 15)
[27.935s][info ][gc,phases      ] GC(1265)   Pre Evacuate Collection Set: 0.07ms
[27.935s][info ][gc,phases      ] GC(1265)   Merge Heap Roots: 0.07ms
[27.935s][info ][gc,phases      ] GC(1265)   Evacuate Collection Set: 0.10ms
[27.935s][info ][gc,phases      ] GC(1265)   Post Evacuate Collection Set: 0.17ms
[27.935s][info ][gc,phases      ] GC(1265)   Other: 0.06ms
[27.935s][trace][gc,age         ] GC(1265) Age table:
[27.935s][trace][gc,age         ] GC(1265) - age   1:        192 bytes,        192 total
[27.935s][info ][gc,heap        ] GC(1265) Eden regions: 253->0(253)
[27.935s][info ][gc,heap        ] GC(1265) Survivor regions: 1->1(32)
[27.935s][info ][gc,heap        ] GC(1265) Old regions: 11->11
[27.935s][info ][gc,heap        ] GC(1265) Humongous regions: 0->0
[27.935s][info ][gc,metaspace   ] GC(1265) Metaspace: 10122K(10368K)->10122K(10368K) NonClass: 9159K(9344K)->9159K(9344K) Class: 963K(1024K)->963K(1024K)
[27.935s][info ][gc             ] GC(1265) Pause Young (Normal) (G1 Evacuation Pause) 256M->4M(424M) 0.555ms
[27.935s][info ][gc,cpu         ] GC(1265) User=0.00s Sys=0.00s Real=0.00s
[27.950s][info ][gc,start       ] GC(1266) Pause Young (Normal) (G1 Evacuation Pause)
[27.950s][info ][gc,task        ] GC(1266) Using 9 workers of 9 for evacuation
[27.950s][debug][gc,age         ] GC(1266) Desired survivor size 16777216 bytes, new threshold 15 (max threshold 15)
[27.951s][info ][gc,phases      ] GC(1266)   Pre Evacuate Collection Set: 0.08ms
[27.951s][info ][gc,phases      ] GC(1266)   Merge Heap Roots: 0.11ms
[27.951s][info ][gc,phases      ] GC(1266)   Evacuate Collection Set: 0.12ms
[27.951s][info ][gc,phases      ] GC(1266)   Post Evacuate Collection Set: 0.18ms
[27.951s][info ][gc,phases      ] GC(1266)   Other: 0.06ms
[27.951s][trace][gc,age         ] GC(1266) Age table:
[27.951s][trace][gc,age         ] GC(1266) - age   1:        192 bytes,        192 total
[27.951s][info ][gc,heap        ] GC(1266) Eden regions: 253->0(253)
[27.951s][info ][gc,heap        ] GC(1266) Survivor regions: 1->1(32)
[27.951s][info ][gc,heap        ] GC(1266) Old regions: 11->11
[27.951s][info ][gc,heap        ] GC(1266) Humongous regions: 0->0
[27.951s][info ][gc,metaspace   ] GC(1266) Metaspace: 10122K(10368K)->10122K(10368K) NonClass: 9159K(9344K)->9159K(9344K) Class: 963K(1024K)->963K(1024K)
[27.951s][info ][gc             ] GC(1266) Pause Young (Normal) (G1 Evacuation Pause) 256M->4M(424M) 0.637ms
[27.951s][info ][gc,cpu         ] GC(1266) User=0.00s Sys=0.00s Real=0.00s
[27.967s][info ][gc,start       ] GC(1267) Pause Young (Normal) (G1 Evacuation Pause)
[27.967s][info ][gc,task        ] GC(1267) Using 9 workers of 9 for evacuation
[27.967s][debug][gc,age         ] GC(1267) Desired survivor size 16777216 bytes, new threshold 15 (max threshold 15)
[27.967s][info ][gc,phases      ] GC(1267)   Pre Evacuate Collection Set: 0.08ms
[27.967s][info ][gc,phases      ] GC(1267)   Merge Heap Roots: 0.09ms
[27.967s][info ][gc,phases      ] GC(1267)   Evacuate Collection Set: 0.08ms
[27.967s][info ][gc,phases      ] GC(1267)   Post Evacuate Collection Set: 0.16ms
[27.967s][info ][gc,phases      ] GC(1267)   Other: 0.05ms
[27.967s][trace][gc,age         ] GC(1267) Age table:
[27.967s][trace][gc,age         ] GC(1267) - age   1:        192 bytes,        192 total
[27.967s][info ][gc,heap        ] GC(1267) Eden regions: 253->0(253)
[27.967s][info ][gc,heap        ] GC(1267) Survivor regions: 1->1(32)
[27.967s][info ][gc,heap        ] GC(1267) Old regions: 11->11
[27.967s][info ][gc,heap        ] GC(1267) Humongous regions: 0->0
[27.967s][info ][gc,metaspace   ] GC(1267) Metaspace: 10122K(10368K)->10122K(10368K) NonClass: 9159K(9344K)->9159K(9344K) Class: 963K(1024K)->963K(1024K)
[27.967s][info ][gc             ] GC(1267) Pause Young (Normal) (G1 Evacuation Pause) 256M->4M(424M) 0.540ms
[27.967s][info ][gc,cpu         ] GC(1267) User=0.00s Sys=0.00s Real=0.00s
[27.983s][info ][gc,start       ] GC(1268) Pause Young (Normal) (G1 Evacuation Pause)
[27.983s][info ][gc,task        ] GC(1268) Using 9 workers of 9 for evacuation
[27.983s][debug][gc,age         ] GC(1268) Desired survivor size 16777216 bytes, new threshold 15 (max threshold 15)
[27.983s][info ][gc,phases      ] GC(1268)   Pre Evacuate Collection Set: 0.06ms
[27.983s][info ][gc,phases      ] GC(1268)   Merge Heap Roots: 0.06ms
[27.983s][info ][gc,phases      ] GC(1268)   Evacuate Collection Set: 0.10ms
[27.983s][info ][gc,phases      ] GC(1268)   Post Evacuate Collection Set: 0.18ms
[27.983s][info ][gc,phases      ] GC(1268)   Other: 0.05ms
[27.983s][trace][gc,age         ] GC(1268) Age table:
[27.983s][trace][gc,age         ] GC(1268) - age   1:        192 bytes,        192 total
[27.983s][info ][gc,heap        ] GC(1268) Eden regions: 253->0(253)
[27.983s][info ][gc,heap        ] GC(1268) Survivor regions: 1->1(32)
[27.983s][info ][gc,heap        ] GC(1268) Old regions: 11->11
[27.983s][info ][gc,heap        ] GC(1268) Humongous regions: 0->0
[27.983s][info ][gc,metaspace   ] GC(1268) Metaspace: 10122K(10368K)->10122K(10368K) NonClass: 9159K(9344K)->9159K(9344K) Class: 963K(1024K)->963K(1024K)
[27.983s][info ][gc             ] GC(1268) Pause Young (Normal) (G1 Evacuation Pause) 256M->4M(424M) 0.539ms
[27.983s][info ][gc,cpu         ] GC(1268) User=0.01s Sys=0.00s Real=0.00s
[27.999s][info ][gc,start       ] GC(1269) Pause Young (Normal) (G1 Evacuation Pause)
[27.999s][info ][gc,task        ] GC(1269) Using 9 workers of 9 for evacuation
[27.999s][debug][gc,age         ] GC(1269) Desired survivor size 16777216 bytes, new threshold 15 (max threshold 15)
[28.000s][info ][gc,phases      ] GC(1269)   Pre Evacuate Collection Set: 0.07ms
[28.000s][info ][gc,phases      ] GC(1269)   Merge Heap Roots: 0.08ms
[28.000s][info ][gc,phases      ] GC(1269)   Evacuate Collection Set: 0.11ms
[28.000s][info ][gc,phases      ] GC(1269)   Post Evacuate Collection Set: 0.16ms
[28.000s][info ][gc,phases      ] GC(1269)   Other: 0.06ms
[28.000s][trace][gc,age         ] GC(1269) Age table:
[28.000s][trace][gc,age         ] GC(1269) - age   1:        192 bytes,        192 total
[28.000s][info ][gc,heap        ] GC(1269) Eden regions: 253->0(253)
[28.000s][info ][gc,heap        ] GC(1269) Survivor regions: 1->1(32)
[28.000s][info ][gc,heap        ] GC(1269) Old regions: 11->11
[28.000s][info ][gc,heap        ] GC(1269) Humongous regions: 0->0
[28.000s][info ][gc,metaspace   ] GC(1269) Metaspace: 10122K(10368K)->10122K(10368K) NonClass: 9159K(9344K)->9159K(9344K) Class: 963K(1024K)->963K(1024K)
[28.000s][info ][gc             ] GC(1269) Pause Young (Normal) (G1 Evacuation Pause) 256M->4M(424M) 0.558ms
[28.000s][info ][gc,cpu         ] GC(1269) User=0.00s Sys=0.00s Real=0.00s
[28.016s][info ][gc,start       ] GC(1270) Pause Young (Normal) (G1 Evacuation Pause)
[28.016s][info ][gc,task        ] GC(1270) Using 9 workers of 9 for evacuation
[28.016s][debug][gc,age         ] GC(1270) Desired survivor size 16777216 bytes, new threshold 15 (max threshold 15)
[28.016s][info ][gc,phases      ] GC(1270)   Pre Evacuate Collection Set: 0.08ms
[28.016s][info ][gc,phases      ] GC(1270)   Merge Heap Roots: 0.06ms
[28.016s][info ][gc,phases      ] GC(1270)   Evacuate Collection Set: 0.11ms
[28.016s][info ][gc,phases      ] GC(1270)   Post Evacuate Collection Set: 0.14ms
[28.016s][info ][gc,phases      ] GC(1270)   Other: 0.04ms
[28.016s][trace][gc,age         ] GC(1270) Age table:
[28.016s][trace][gc,age         ] GC(1270) - age   1:        192 bytes,        192 total
[28.016s][info ][gc,heap        ] GC(1270) Eden regions: 253->0(253)
[28.016s][info ][gc,heap        ] GC(1270) Survivor regions: 1->1(32)
[28.016s][info ][gc,heap        ] GC(1270) Old regions: 11->11
[28.016s][info ][gc,heap        ] GC(1270) Humongous regions: 0->0
[28.016s][info ][gc,metaspace   ] GC(1270) Metaspace: 10122K(10368K)->10122K(10368K) NonClass: 9159K(9344K)->9159K(9344K) Class: 963K(1024K)->963K(1024K)
[28.016s][info ][gc             ] GC(1270) Pause Young (Normal) (G1 Evacuation Pause) 256M->4M(424M) 0.517ms
[28.016s][info ][gc,cpu         ] GC(1270) User=0.00s Sys=0.00s Real=0.00s
[28.032s][info ][gc,start       ] GC(1271) Pause Young (Normal) (G1 Evacuation Pause)
[28.032s][info ][gc,task        ] GC(1271) Using 9 workers of 9 for evacuation
[28.032s][debug][gc,age         ] GC(1271) Desired survivor size 16777216 bytes, new threshold 15 (max threshold 15)
[28.032s][info ][gc,phases      ] GC(1271)   Pre Evacuate Collection Set: 0.09ms
[28.032s][info ][gc,phases      ] GC(1271)   Merge Heap Roots: 0.07ms
[28.032s][info ][gc,phases      ] GC(1271)   Evacuate Collection Set: 0.10ms
[28.032s][info ][gc,phases      ] GC(1271)   Post Evacuate Collection Set: 0.17ms
[28.032s][info ][gc,phases      ] GC(1271)   Other: 0.06ms
[28.032s][trace][gc,age         ] GC(1271) Age table:
[28.032s][trace][gc,age         ] GC(1271) - age   1:        192 bytes,        192 total
[28.032s][info ][gc,heap        ] GC(1271) Eden regions: 253->0(253)
[28.032s][info ][gc,heap        ] GC(1271) Survivor regions: 1->1(32)
[28.032s][info ][gc,heap        ] GC(1271) Old regions: 11->11
[28.032s][info ][gc,heap        ] GC(1271) Humongous regions: 0->0
[28.032s][info ][gc,metaspace   ] GC(1271) Metaspace: 10122K(10368K)->10122K(10368K) NonClass: 9159K(9344K)->9159K(9344K) Class: 963K(1024K)->963K(1024K)
[28.032s][info ][gc             ] GC(1271) Pause Young (Normal) (G1 Evacuation Pause) 256M->4M(424M) 0.578ms
[28.032s][info ][gc,cpu         ] GC(1271) User=0.01s Sys=0.00s Real=0.00s
[28.048s][info ][gc,start       ] GC(1272) Pause Young (Normal) (G1 Evacuation Pause)
[28.048s][info ][gc,task        ] GC(1272) Using 9 workers of 9 for evacuation
[28.048s][debug][gc,age         ] GC(1272) Desired survivor size 16777216 bytes, new threshold 15 (max threshold 15)
[28.048s][info ][gc,phases      ] GC(1272)   Pre Evacuate Collection Set: 0.10ms
[28.048s][info ][gc,phases      ] GC(1272)   Merge Heap Roots: 0.08ms
[28.048s][info ][gc,phases      ] GC(1272)   Evacuate Collection Set: 0.09ms
[28.048s][info ][gc,phases      ] GC(1272)   Post Evacuate Collection Set: 0.17ms
[28.048s][info ][gc,phases      ] GC(1272)   Other: 0.06ms
[28.048s][trace][gc,age         ] GC(1272) Age table:
[28.048s][trace][gc,age         ] GC(1272) - age   1:        192 bytes,        192 total
[28.048s][info ][gc,heap        ] GC(1272) Eden regions: 253->0(253)
[28.048s][info ][gc,heap        ] GC(1272) Survivor regions: 1->1(32)
[28.048s][info ][gc,heap        ] GC(1272) Old regions: 11->11
[28.048s][info ][gc,heap        ] GC(1272) Humongous regions: 0->0
[28.048s][info ][gc,metaspace   ] GC(1272) Metaspace: 10122K(10368K)->10122K(10368K) NonClass: 9159K(9344K)->9159K(9344K) Class: 963K(1024K)->963K(1024K)
[28.048s][info ][gc             ] GC(1272) Pause Young (Normal) (G1 Evacuation Pause) 256M->4M(424M) 0.601ms
[28.048s][info ][gc,cpu         ] GC(1272) User=0.00s Sys=0.00s Real=0.00s
[28.064s][info ][gc,start       ] GC(1273) Pause Young (Normal) (G1 Evacuation Pause)
[28.064s][info ][gc,task        ] GC(1273) Using 9 workers of 9 for evacuation
[28.064s][debug][gc,age         ] GC(1273) Desired survivor size 16777216 bytes, new threshold 15 (max threshold 15)
[28.064s][info ][gc,phases      ] GC(1273)   Pre Evacuate Collection Set: 0.10ms
[28.064s][info ][gc,phases      ] GC(1273)   Merge Heap Roots: 0.07ms
[28.064s][info ][gc,phases      ] GC(1273)   Evacuate Collection Set: 0.10ms
[28.064s][info ][gc,phases      ] GC(1273)   Post Evacuate Collection Set: 0.17ms
[28.064s][info ][gc,phases      ] GC(1273)   Other: 0.05ms
[28.064s][trace][gc,age         ] GC(1273) Age table:
[28.064s][trace][gc,age         ] GC(1273) - age   1:        192 bytes,        192 total
[28.064s][info ][gc,heap        ] GC(1273) Eden regions: 253->0(253)
[28.064s][info ][gc,heap        ] GC(1273) Survivor regions: 1->1(32)
[28.064s][info ][gc,heap        ] GC(1273) Old regions: 11->11
[28.065s][info ][gc,heap        ] GC(1273) Humongous regions: 0->0
[28.065s][info ][gc,metaspace   ] GC(1273) Metaspace: 10122K(10368K)->10122K(10368K) NonClass: 9159K(9344K)->9159K(9344K) Class: 963K(1024K)->963K(1024K)
[28.065s][info ][gc             ] GC(1273) Pause Young (Normal) (G1 Evacuation Pause) 256M->4M(424M) 0.562ms
[28.065s][info ][gc,cpu         ] GC(1273) User=0.00s Sys=0.00s Real=0.00s
[28.080s][info ][gc,start       ] GC(1274) Pause Young (Normal) (G1 Evacuation Pause)
[28.080s][info ][gc,task        ] GC(1274) Using 9 workers of 9 for evacuation
[28.080s][debug][gc,age         ] GC(1274) Desired survivor size 16777216 bytes, new threshold 15 (max threshold 15)
[28.081s][info ][gc,phases      ] GC(1274)   Pre Evacuate Collection Set: 0.08ms
[28.081s][info ][gc,phases      ] GC(1274)   Merge Heap Roots: 0.06ms
[28.081s][info ][gc,phases      ] GC(1274)   Evacuate Collection Set: 0.13ms
[28.081s][info ][gc,phases      ] GC(1274)   Post Evacuate Collection Set: 0.17ms
[28.081s][info ][gc,phases      ] GC(1274)   Other: 0.07ms
[28.081s][trace][gc,age         ] GC(1274) Age table:
[28.081s][trace][gc,age         ] GC(1274) - age   1:        192 bytes,        192 total
[28.081s][info ][gc,heap        ] GC(1274) Eden regions: 253->0(253)
[28.081s][info ][gc,heap        ] GC(1274) Survivor regions: 1->1(32)
[28.081s][info ][gc,heap        ] GC(1274) Old regions: 11->11
[28.081s][info ][gc,heap        ] GC(1274) Humongous regions: 0->0
[28.081s][info ][gc,metaspace   ] GC(1274) Metaspace: 10122K(10368K)->10122K(10368K) NonClass: 9159K(9344K)->9159K(9344K) Class: 963K(1024K)->963K(1024K)
[28.081s][info ][gc             ] GC(1274) Pause Young (Normal) (G1 Evacuation Pause) 256M->4M(424M) 0.583ms
[28.081s][info ][gc,cpu         ] GC(1274) User=0.01s Sys=0.00s Real=0.00s
[28.097s][info ][gc,start       ] GC(1275) Pause Young (Normal) (G1 Evacuation Pause)
[28.097s][info ][gc,task        ] GC(1275) Using 9 workers of 9 for evacuation
[28.097s][debug][gc,age         ] GC(1275) Desired survivor size 16777216 bytes, new threshold 15 (max threshold 15)
[28.097s][info ][gc,phases      ] GC(1275)   Pre Evacuate Collection Set: 0.08ms
[28.097s][info ][gc,phases      ] GC(1275)   Merge Heap Roots: 0.06ms
[28.097s][info ][gc,phases      ] GC(1275)   Evacuate Collection Set: 0.08ms
[28.097s][info ][gc,phases      ] GC(1275)   Post Evacuate Collection Set: 0.17ms
[28.097s][info ][gc,phases      ] GC(1275)   Other: 0.06ms
[28.097s][trace][gc,age         ] GC(1275) Age table:
[28.097s][trace][gc,age         ] GC(1275) - age   1:        192 bytes,        192 total
[28.097s][info ][gc,heap        ] GC(1275) Eden regions: 253->0(253)
[28.097s][info ][gc,heap        ] GC(1275) Survivor regions: 1->1(32)
[28.097s][info ][gc,heap        ] GC(1275) Old regions: 11->11
[28.097s][info ][gc,heap        ] GC(1275) Humongous regions: 0->0
[28.097s][info ][gc,metaspace   ] GC(1275) Metaspace: 10122K(10368K)->10122K(10368K) NonClass: 9159K(9344K)->9159K(9344K) Class: 963K(1024K)->963K(1024K)
[28.097s][info ][gc             ] GC(1275) Pause Young (Normal) (G1 Evacuation Pause) 256M->4M(424M) 0.542ms
[28.097s][info ][gc,cpu         ] GC(1275) User=0.00s Sys=0.01s Real=0.00s
[28.113s][info ][gc,start       ] GC(1276) Pause Young (Normal) (G1 Evacuation Pause)
[28.113s][info ][gc,task        ] GC(1276) Using 9 workers of 9 for evacuation
[28.113s][debug][gc,age         ] GC(1276) Desired survivor size 16777216 bytes, new threshold 15 (max threshold 15)
[28.113s][info ][gc,phases      ] GC(1276)   Pre Evacuate Collection Set: 0.07ms
[28.113s][info ][gc,phases      ] GC(1276)   Merge Heap Roots: 0.06ms
[28.113s][info ][gc,phases      ] GC(1276)   Evacuate Collection Set: 0.10ms
[28.113s][info ][gc,phases      ] GC(1276)   Post Evacuate Collection Set: 0.18ms
[28.113s][info ][gc,phases      ] GC(1276)   Other: 0.06ms
[28.113s][trace][gc,age         ] GC(1276) Age table:
[28.113s][trace][gc,age         ] GC(1276) - age   1:        192 bytes,        192 total
[28.113s][info ][gc,heap        ] GC(1276) Eden regions: 253->0(253)
[28.113s][info ][gc,heap        ] GC(1276) Survivor regions: 1->1(32)
[28.113s][info ][gc,heap        ] GC(1276) Old regions: 11->11
[28.113s][info ][gc,heap        ] GC(1276) Humongous regions: 0->0
[28.113s][info ][gc,metaspace   ] GC(1276) Metaspace: 10122K(10368K)->10122K(10368K) NonClass: 9159K(9344K)->9159K(9344K) Class: 963K(1024K)->963K(1024K)
[28.113s][info ][gc             ] GC(1276) Pause Young (Normal) (G1 Evacuation Pause) 256M->4M(424M) 0.556ms
[28.113s][info ][gc,cpu         ] GC(1276) User=0.00s Sys=0.00s Real=0.00s
[28.129s][info ][gc,start       ] GC(1277) Pause Young (Normal) (G1 Evacuation Pause)
[28.129s][info ][gc,task        ] GC(1277) Using 9 workers of 9 for evacuation
[28.129s][debug][gc,age         ] GC(1277) Desired survivor size 16777216 bytes, new threshold 15 (max threshold 15)
[28.129s][info ][gc,phases      ] GC(1277)   Pre Evacuate Collection Set: 0.07ms
[28.129s][info ][gc,phases      ] GC(1277)   Merge Heap Roots: 0.08ms
[28.129s][info ][gc,phases      ] GC(1277)   Evacuate Collection Set: 0.09ms
[28.129s][info ][gc,phases      ] GC(1277)   Post Evacuate Collection Set: 0.19ms
[28.129s][info ][gc,phases      ] GC(1277)   Other: 0.05ms
[28.129s][trace][gc,age         ] GC(1277) Age table:
[28.129s][trace][gc,age         ] GC(1277) - age   1:        192 bytes,        192 total
[28.129s][info ][gc,heap        ] GC(1277) Eden regions: 253->0(253)
[28.129s][info ][gc,heap        ] GC(1277) Survivor regions: 1->1(32)
[28.129s][info ][gc,heap        ] GC(1277) Old regions: 11->11
[28.129s][info ][gc,heap        ] GC(1277) Humongous regions: 0->0
[28.129s][info ][gc,metaspace   ] GC(1277) Metaspace: 10122K(10368K)->10122K(10368K) NonClass: 9159K(9344K)->9159K(9344K) Class: 963K(1024K)->963K(1024K)
[28.129s][info ][gc             ] GC(1277) Pause Young (Normal) (G1 Evacuation Pause) 256M->4M(424M) 0.567ms
[28.129s][info ][gc,cpu         ] GC(1277) User=0.00s Sys=0.00s Real=0.00s
[28.145s][info ][gc,start       ] GC(1278) Pause Young (Normal) (G1 Evacuation Pause)
[28.145s][info ][gc,task        ] GC(1278) Using 9 workers of 9 for evacuation
[28.145s][debug][gc,age         ] GC(1278) Desired survivor size 16777216 bytes, new threshold 15 (max threshold 15)
[28.145s][info ][gc,phases      ] GC(1278)   Pre Evacuate Collection Set: 0.09ms
[28.145s][info ][gc,phases      ] GC(1278)   Merge Heap Roots: 0.07ms
[28.145s][info ][gc,phases      ] GC(1278)   Evacuate Collection Set: 0.12ms
[28.145s][info ][gc,phases      ] GC(1278)   Post Evacuate Collection Set: 0.16ms
[28.145s][info ][gc,phases      ] GC(1278)   Other: 0.06ms
[28.145s][trace][gc,age         ] GC(1278) Age table:
[28.145s][trace][gc,age         ] GC(1278) - age   1:        192 bytes,        192 total
[28.145s][info ][gc,heap        ] GC(1278) Eden regions: 253->0(253)
[28.145s][info ][gc,heap        ] GC(1278) Survivor regions: 1->1(32)
[28.145s][info ][gc,heap        ] GC(1278) Old regions: 11->11
[28.145s][info ][gc,heap        ] GC(1278) Humongous regions: 0->0
[28.145s][info ][gc,metaspace   ] GC(1278) Metaspace: 10122K(10368K)->10122K(10368K) NonClass: 9159K(9344K)->9159K(9344K) Class: 963K(1024K)->963K(1024K)
[28.145s][info ][gc             ] GC(1278) Pause Young (Normal) (G1 Evacuation Pause) 256M->4M(424M) 0.596ms
[28.145s][info ][gc,cpu         ] GC(1278) User=0.00s Sys=0.00s Real=0.01s
[28.161s][info ][gc,start       ] GC(1279) Pause Young (Normal) (G1 Evacuation Pause)
[28.161s][info ][gc,task        ] GC(1279) Using 9 workers of 9 for evacuation
[28.161s][debug][gc,age         ] GC(1279) Desired survivor size 16777216 bytes, new threshold 15 (max threshold 15)
[28.161s][info ][gc,phases      ] GC(1279)   Pre Evacuate Collection Set: 0.10ms
[28.161s][info ][gc,phases      ] GC(1279)   Merge Heap Roots: 0.09ms
[28.161s][info ][gc,phases      ] GC(1279)   Evacuate Collection Set: 0.12ms
[28.161s][info ][gc,phases      ] GC(1279)   Post Evacuate Collection Set: 0.21ms
[28.161s][info ][gc,phases      ] GC(1279)   Other: 0.06ms
[28.161s][trace][gc,age         ] GC(1279) Age table:
[28.161s][trace][gc,age         ] GC(1279) - age   1:        192 bytes,        192 total
[28.161s][info ][gc,heap        ] GC(1279) Eden regions: 253->0(253)
[28.161s][info ][gc,heap        ] GC(1279) Survivor regions: 1->1(32)
[28.161s][info ][gc,heap        ] GC(1279) Old regions: 11->11
[28.161s][info ][gc,heap        ] GC(1279) Humongous regions: 0->0
[28.161s][info ][gc,metaspace   ] GC(1279) Metaspace: 10122K(10368K)->10122K(10368K) NonClass: 9159K(9344K)->9159K(9344K) Class: 963K(1024K)->963K(1024K)
[28.161s][info ][gc             ] GC(1279) Pause Young (Normal) (G1 Evacuation Pause) 256M->4M(424M) 0.667ms
[28.161s][info ][gc,cpu         ] GC(1279) User=0.00s Sys=0.00s Real=0.00s
[28.177s][info ][gc,start       ] GC(1280) Pause Young (Normal) (G1 Evacuation Pause)
[28.177s][info ][gc,task        ] GC(1280) Using 9 workers of 9 for evacuation
[28.177s][debug][gc,age         ] GC(1280) Desired survivor size 16777216 bytes, new threshold 15 (max threshold 15)
[28.177s][info ][gc,phases      ] GC(1280)   Pre Evacuate Collection Set: 0.09ms
[28.177s][info ][gc,phases      ] GC(1280)   Merge Heap Roots: 0.07ms
[28.177s][info ][gc,phases      ] GC(1280)   Evacuate Collection Set: 0.07ms
[28.177s][info ][gc,phases      ] GC(1280)   Post Evacuate Collection Set: 0.19ms
[28.177s][info ][gc,phases      ] GC(1280)   Other: 0.05ms
[28.177s][trace][gc,age         ] GC(1280) Age table:
[28.177s][trace][gc,age         ] GC(1280) - age   1:        192 bytes,        192 total
[28.177s][info ][gc,heap        ] GC(1280) Eden regions: 253->0(253)
[28.177s][info ][gc,heap        ] GC(1280) Survivor regions: 1->1(32)
[28.177s][info ][gc,heap        ] GC(1280) Old regions: 11->11
[28.178s][info ][gc,heap        ] GC(1280) Humongous regions: 0->0
[28.178s][info ][gc,metaspace   ] GC(1280) Metaspace: 10122K(10368K)->10122K(10368K) NonClass: 9159K(9344K)->9159K(9344K) Class: 963K(1024K)->963K(1024K)
[28.178s][info ][gc             ] GC(1280) Pause Young (Normal) (G1 Evacuation Pause) 256M->4M(424M) 0.566ms
[28.178s][info ][gc,cpu         ] GC(1280) User=0.00s Sys=0.00s Real=0.00s
[28.193s][info ][gc,start       ] GC(1281) Pause Young (Normal) (G1 Evacuation Pause)
[28.193s][info ][gc,task        ] GC(1281) Using 9 workers of 9 for evacuation
[28.193s][debug][gc,age         ] GC(1281) Desired survivor size 16777216 bytes, new threshold 15 (max threshold 15)
[28.193s][info ][gc,phases      ] GC(1281)   Pre Evacuate Collection Set: 0.06ms
[28.193s][info ][gc,phases      ] GC(1281)   Merge Heap Roots: 0.05ms
[28.193s][info ][gc,phases      ] GC(1281)   Evacuate Collection Set: 0.12ms
[28.193s][info ][gc,phases      ] GC(1281)   Post Evacuate Collection Set: 0.16ms
[28.193s][info ][gc,phases      ] GC(1281)   Other: 0.05ms
[28.193s][trace][gc,age         ] GC(1281) Age table:
[28.193s][trace][gc,age         ] GC(1281) - age   1:        192 bytes,        192 total
[28.193s][info ][gc,heap        ] GC(1281) Eden regions: 253->0(253)
[28.193s][info ][gc,heap        ] GC(1281) Survivor regions: 1->1(32)
[28.193s][info ][gc,heap        ] GC(1281) Old regions: 11->11
[28.193s][info ][gc,heap        ] GC(1281) Humongous regions: 0->0
[28.193s][info ][gc,metaspace   ] GC(1281) Metaspace: 10122K(10368K)->10122K(10368K) NonClass: 9159K(9344K)->9159K(9344K) Class: 963K(1024K)->963K(1024K)
[28.194s][info ][gc             ] GC(1281) Pause Young (Normal) (G1 Evacuation Pause) 256M->4M(424M) 0.522ms
[28.194s][info ][gc,cpu         ] GC(1281) User=0.00s Sys=0.00s Real=0.00s
[28.209s][info ][gc,start       ] GC(1282) Pause Young (Normal) (G1 Evacuation Pause)
[28.209s][info ][gc,task        ] GC(1282) Using 9 workers of 9 for evacuation
[28.209s][debug][gc,age         ] GC(1282) Desired survivor size 16777216 bytes, new threshold 15 (max threshold 15)
[28.209s][info ][gc,phases      ] GC(1282)   Pre Evacuate Collection Set: 0.07ms
[28.209s][info ][gc,phases      ] GC(1282)   Merge Heap Roots: 0.06ms
[28.209s][info ][gc,phases      ] GC(1282)   Evacuate Collection Set: 0.13ms
[28.209s][info ][gc,phases      ] GC(1282)   Post Evacuate Collection Set: 0.19ms
[28.209s][info ][gc,phases      ] GC(1282)   Other: 0.05ms
[28.209s][trace][gc,age         ] GC(1282) Age table:
[28.209s][trace][gc,age         ] GC(1282) - age   1:        192 bytes,        192 total
[28.209s][info ][gc,heap        ] GC(1282) Eden regions: 253->0(253)
[28.209s][info ][gc,heap        ] GC(1282) Survivor regions: 1->1(32)
[28.209s][info ][gc,heap        ] GC(1282) Old regions: 11->11
[28.209s][info ][gc,heap        ] GC(1282) Humongous regions: 0->0
[28.209s][info ][gc,metaspace   ] GC(1282) Metaspace: 10122K(10368K)->10122K(10368K) NonClass: 9159K(9344K)->9159K(9344K) Class: 963K(1024K)->963K(1024K)
[28.209s][info ][gc             ] GC(1282) Pause Young (Normal) (G1 Evacuation Pause) 256M->4M(424M) 0.588ms
[28.209s][info ][gc,cpu         ] GC(1282) User=0.00s Sys=0.00s Real=0.00s
[28.225s][info ][gc,start       ] GC(1283) Pause Young (Normal) (G1 Evacuation Pause)
[28.225s][info ][gc,task        ] GC(1283) Using 9 workers of 9 for evacuation
[28.225s][debug][gc,age         ] GC(1283) Desired survivor size 16777216 bytes, new threshold 15 (max threshold 15)
[28.225s][info ][gc,phases      ] GC(1283)   Pre Evacuate Collection Set: 0.13ms
[28.225s][info ][gc,phases      ] GC(1283)   Merge Heap Roots: 0.10ms
[28.225s][info ][gc,phases      ] GC(1283)   Evacuate Collection Set: 0.11ms
[28.225s][info ][gc,phases      ] GC(1283)   Post Evacuate Collection Set: 0.20ms
[28.225s][info ][gc,phases      ] GC(1283)   Other: 0.05ms
[28.225s][trace][gc,age         ] GC(1283) Age table:
[28.225s][trace][gc,age         ] GC(1283) - age   1:        192 bytes,        192 total
[28.225s][info ][gc,heap        ] GC(1283) Eden regions: 253->0(253)
[28.225s][info ][gc,heap        ] GC(1283) Survivor regions: 1->1(32)
[28.225s][info ][gc,heap        ] GC(1283) Old regions: 11->11
[28.225s][info ][gc,heap        ] GC(1283) Humongous regions: 0->0
[28.225s][info ][gc,metaspace   ] GC(1283) Metaspace: 10124K(10368K)->10124K(10368K) NonClass: 9160K(9344K)->9160K(9344K) Class: 963K(1024K)->963K(1024K)
[28.225s][info ][gc             ] GC(1283) Pause Young (Normal) (G1 Evacuation Pause) 256M->4M(424M) 0.696ms
[28.225s][info ][gc,cpu         ] GC(1283) User=0.00s Sys=0.00s Real=0.01s
[28.240s][info ][gc,start       ] GC(1284) Pause Young (Normal) (G1 Evacuation Pause)
[28.240s][info ][gc,task        ] GC(1284) Using 9 workers of 9 for evacuation
[28.240s][debug][gc,age         ] GC(1284) Desired survivor size 16777216 bytes, new threshold 15 (max threshold 15)
[28.241s][info ][gc,phases      ] GC(1284)   Pre Evacuate Collection Set: 0.09ms
[28.241s][info ][gc,phases      ] GC(1284)   Merge Heap Roots: 0.09ms
[28.241s][info ][gc,phases      ] GC(1284)   Evacuate Collection Set: 0.13ms
[28.241s][info ][gc,phases      ] GC(1284)   Post Evacuate Collection Set: 0.18ms
[28.241s][info ][gc,phases      ] GC(1284)   Other: 0.08ms
[28.241s][trace][gc,age         ] GC(1284) Age table:
[28.241s][trace][gc,age         ] GC(1284) - age   1:        192 bytes,        192 total
[28.241s][info ][gc,heap        ] GC(1284) Eden regions: 253->0(253)
[28.241s][info ][gc,heap        ] GC(1284) Survivor regions: 1->1(32)
[28.241s][info ][gc,heap        ] GC(1284) Old regions: 11->11
[28.241s][info ][gc,heap        ] GC(1284) Humongous regions: 0->0
[28.241s][info ][gc,metaspace   ] GC(1284) Metaspace: 10124K(10368K)->10124K(10368K) NonClass: 9160K(9344K)->9160K(9344K) Class: 963K(1024K)->963K(1024K)
[28.241s][info ][gc             ] GC(1284) Pause Young (Normal) (G1 Evacuation Pause) 256M->4M(424M) 0.669ms
[28.241s][info ][gc,cpu         ] GC(1284) User=0.00s Sys=0.00s Real=0.00s
[28.257s][info ][gc,start       ] GC(1285) Pause Young (Normal) (G1 Evacuation Pause)
[28.257s][info ][gc,task        ] GC(1285) Using 9 workers of 9 for evacuation
[28.257s][debug][gc,age         ] GC(1285) Desired survivor size 16777216 bytes, new threshold 15 (max threshold 15)
[28.258s][info ][gc,phases      ] GC(1285)   Pre Evacuate Collection Set: 0.11ms
[28.258s][info ][gc,phases      ] GC(1285)   Merge Heap Roots: 0.05ms
[28.258s][info ][gc,phases      ] GC(1285)   Evacuate Collection Set: 0.10ms
[28.258s][info ][gc,phases      ] GC(1285)   Post Evacuate Collection Set: 0.18ms
[28.258s][info ][gc,phases      ] GC(1285)   Other: 0.06ms
[28.258s][trace][gc,age         ] GC(1285) Age table:
[28.258s][trace][gc,age         ] GC(1285) - age   1:        192 bytes,        192 total
[28.258s][info ][gc,heap        ] GC(1285) Eden regions: 253->0(253)
[28.258s][info ][gc,heap        ] GC(1285) Survivor regions: 1->1(32)
[28.258s][info ][gc,heap        ] GC(1285) Old regions: 11->11
[28.258s][info ][gc,heap        ] GC(1285) Humongous regions: 0->0
[28.258s][info ][gc,metaspace   ] GC(1285) Metaspace: 10124K(10368K)->10124K(10368K) NonClass: 9160K(9344K)->9160K(9344K) Class: 963K(1024K)->963K(1024K)
[28.258s][info ][gc             ] GC(1285) Pause Young (Normal) (G1 Evacuation Pause) 256M->4M(424M) 0.597ms
[28.258s][info ][gc,cpu         ] GC(1285) User=0.00s Sys=0.00s Real=0.00s
[28.274s][info ][gc,start       ] GC(1286) Pause Young (Normal) (G1 Evacuation Pause)
[28.274s][info ][gc,task        ] GC(1286) Using 9 workers of 9 for evacuation
[28.274s][debug][gc,age         ] GC(1286) Desired survivor size 16777216 bytes, new threshold 15 (max threshold 15)
[28.274s][info ][gc,phases      ] GC(1286)   Pre Evacuate Collection Set: 0.09ms
[28.274s][info ][gc,phases      ] GC(1286)   Merge Heap Roots: 0.08ms
[28.274s][info ][gc,phases      ] GC(1286)   Evacuate Collection Set: 0.12ms
[28.274s][info ][gc,phases      ] GC(1286)   Post Evacuate Collection Set: 0.18ms
[28.274s][info ][gc,phases      ] GC(1286)   Other: 0.05ms
[28.274s][trace][gc,age         ] GC(1286) Age table:
[28.274s][trace][gc,age         ] GC(1286) - age   1:        192 bytes,        192 total
[28.274s][info ][gc,heap        ] GC(1286) Eden regions: 253->0(253)
[28.274s][info ][gc,heap        ] GC(1286) Survivor regions: 1->1(32)
[28.274s][info ][gc,heap        ] GC(1286) Old regions: 11->11
[28.274s][info ][gc,heap        ] GC(1286) Humongous regions: 0->0
[28.274s][info ][gc,metaspace   ] GC(1286) Metaspace: 10124K(10368K)->10124K(10368K) NonClass: 9160K(9344K)->9160K(9344K) Class: 963K(1024K)->963K(1024K)
[28.274s][info ][gc             ] GC(1286) Pause Young (Normal) (G1 Evacuation Pause) 256M->4M(424M) 0.627ms
[28.274s][info ][gc,cpu         ] GC(1286) User=0.00s Sys=0.00s Real=0.00s
[28.290s][info ][gc,start       ] GC(1287) Pause Young (Normal) (G1 Evacuation Pause)
[28.290s][info ][gc,task        ] GC(1287) Using 9 workers of 9 for evacuation
[28.290s][debug][gc,age         ] GC(1287) Desired survivor size 16777216 bytes, new threshold 15 (max threshold 15)
[28.290s][info ][gc,phases      ] GC(1287)   Pre Evacuate Collection Set: 0.10ms
[28.290s][info ][gc,phases      ] GC(1287)   Merge Heap Roots: 0.08ms
[28.290s][info ][gc,phases      ] GC(1287)   Evacuate Collection Set: 0.12ms
[28.290s][info ][gc,phases      ] GC(1287)   Post Evacuate Collection Set: 0.18ms
[28.290s][info ][gc,phases      ] GC(1287)   Other: 0.06ms
[28.290s][trace][gc,age         ] GC(1287) Age table:
[28.290s][trace][gc,age         ] GC(1287) - age   1:        192 bytes,        192 total
[28.290s][info ][gc,heap        ] GC(1287) Eden regions: 253->0(253)
[28.290s][info ][gc,heap        ] GC(1287) Survivor regions: 1->1(32)
[28.290s][info ][gc,heap        ] GC(1287) Old regions: 11->11
[28.290s][info ][gc,heap        ] GC(1287) Humongous regions: 0->0
[28.290s][info ][gc,metaspace   ] GC(1287) Metaspace: 10124K(10368K)->10124K(10368K) NonClass: 9160K(9344K)->9160K(9344K) Class: 963K(1024K)->963K(1024K)
[28.290s][info ][gc             ] GC(1287) Pause Young (Normal) (G1 Evacuation Pause) 256M->4M(424M) 0.652ms
[28.290s][info ][gc,cpu         ] GC(1287) User=0.00s Sys=0.00s Real=0.00s
[28.306s][info ][gc,start       ] GC(1288) Pause Young (Normal) (G1 Evacuation Pause)
[28.306s][info ][gc,task        ] GC(1288) Using 9 workers of 9 for evacuation
[28.306s][debug][gc,age         ] GC(1288) Desired survivor size 16777216 bytes, new threshold 15 (max threshold 15)
[28.306s][info ][gc,phases      ] GC(1288)   Pre Evacuate Collection Set: 0.08ms
[28.306s][info ][gc,phases      ] GC(1288)   Merge Heap Roots: 0.10ms
[28.306s][info ][gc,phases      ] GC(1288)   Evacuate Collection Set: 0.10ms
[28.306s][info ][gc,phases      ] GC(1288)   Post Evacuate Collection Set: 0.19ms
[28.306s][info ][gc,phases      ] GC(1288)   Other: 0.06ms
[28.306s][trace][gc,age         ] GC(1288) Age table:
[28.306s][trace][gc,age         ] GC(1288) - age   1:        192 bytes,        192 total
[28.306s][info ][gc,heap        ] GC(1288) Eden regions: 253->0(253)
[28.306s][info ][gc,heap        ] GC(1288) Survivor regions: 1->1(32)
[28.306s][info ][gc,heap        ] GC(1288) Old regions: 11->11
[28.306s][info ][gc,heap        ] GC(1288) Humongous regions: 0->0
[28.306s][info ][gc,metaspace   ] GC(1288) Metaspace: 10124K(10368K)->10124K(10368K) NonClass: 9160K(9344K)->9160K(9344K) Class: 963K(1024K)->963K(1024K)
[28.306s][info ][gc             ] GC(1288) Pause Young (Normal) (G1 Evacuation Pause) 256M->4M(424M) 0.642ms
[28.306s][info ][gc,cpu         ] GC(1288) User=0.00s Sys=0.00s Real=0.00s
[28.322s][info ][gc,start       ] GC(1289) Pause Young (Normal) (G1 Evacuation Pause)
[28.322s][info ][gc,task        ] GC(1289) Using 9 workers of 9 for evacuation
[28.322s][debug][gc,age         ] GC(1289) Desired survivor size 16777216 bytes, new threshold 15 (max threshold 15)
[28.322s][info ][gc,phases      ] GC(1289)   Pre Evacuate Collection Set: 0.08ms
[28.322s][info ][gc,phases      ] GC(1289)   Merge Heap Roots: 0.08ms
[28.322s][info ][gc,phases      ] GC(1289)   Evacuate Collection Set: 0.09ms
[28.322s][info ][gc,phases      ] GC(1289)   Post Evacuate Collection Set: 0.18ms
[28.322s][info ][gc,phases      ] GC(1289)   Other: 0.07ms
[28.322s][trace][gc,age         ] GC(1289) Age table:
[28.322s][trace][gc,age         ] GC(1289) - age   1:        192 bytes,        192 total
[28.322s][info ][gc,heap        ] GC(1289) Eden regions: 253->0(253)
[28.322s][info ][gc,heap        ] GC(1289) Survivor regions: 1->1(32)
[28.322s][info ][gc,heap        ] GC(1289) Old regions: 11->11
[28.322s][info ][gc,heap        ] GC(1289) Humongous regions: 0->0
[28.322s][info ][gc,metaspace   ] GC(1289) Metaspace: 10124K(10368K)->10124K(10368K) NonClass: 9160K(9344K)->9160K(9344K) Class: 963K(1024K)->963K(1024K)
[28.322s][info ][gc             ] GC(1289) Pause Young (Normal) (G1 Evacuation Pause) 256M->4M(424M) 0.597ms
[28.322s][info ][gc,cpu         ] GC(1289) User=0.00s Sys=0.01s Real=0.00s
[28.338s][info ][gc,start       ] GC(1290) Pause Young (Normal) (G1 Evacuation Pause)
[28.338s][info ][gc,task        ] GC(1290) Using 9 workers of 9 for evacuation
[28.338s][debug][gc,age         ] GC(1290) Desired survivor size 16777216 bytes, new threshold 15 (max threshold 15)
[28.338s][info ][gc,phases      ] GC(1290)   Pre Evacuate Collection Set: 0.09ms
[28.338s][info ][gc,phases      ] GC(1290)   Merge Heap Roots: 0.09ms
[28.338s][info ][gc,phases      ] GC(1290)   Evacuate Collection Set: 0.11ms
[28.338s][info ][gc,phases      ] GC(1290)   Post Evacuate Collection Set: 0.16ms
[28.338s][info ][gc,phases      ] GC(1290)   Other: 0.06ms
[28.338s][trace][gc,age         ] GC(1290) Age table:
[28.338s][trace][gc,age         ] GC(1290) - age   1:        192 bytes,        192 total
[28.338s][info ][gc,heap        ] GC(1290) Eden regions: 253->0(253)
[28.338s][info ][gc,heap        ] GC(1290) Survivor regions: 1->1(32)
[28.338s][info ][gc,heap        ] GC(1290) Old regions: 11->11
[28.338s][info ][gc,heap        ] GC(1290) Humongous regions: 0->0
[28.338s][info ][gc,metaspace   ] GC(1290) Metaspace: 10124K(10368K)->10124K(10368K) NonClass: 9160K(9344K)->9160K(9344K) Class: 963K(1024K)->963K(1024K)
[28.338s][info ][gc             ] GC(1290) Pause Young (Normal) (G1 Evacuation Pause) 256M->4M(424M) 0.623ms
[28.338s][info ][gc,cpu         ] GC(1290) User=0.00s Sys=0.00s Real=0.00s
[28.354s][info ][gc,start       ] GC(1291) Pause Young (Normal) (G1 Evacuation Pause)
[28.354s][info ][gc,task        ] GC(1291) Using 9 workers of 9 for evacuation
[28.354s][debug][gc,age         ] GC(1291) Desired survivor size 16777216 bytes, new threshold 15 (max threshold 15)
[28.354s][info ][gc,phases      ] GC(1291)   Pre Evacuate Collection Set: 0.08ms
[28.354s][info ][gc,phases      ] GC(1291)   Merge Heap Roots: 0.06ms
[28.354s][info ][gc,phases      ] GC(1291)   Evacuate Collection Set: 0.11ms
[28.354s][info ][gc,phases      ] GC(1291)   Post Evacuate Collection Set: 0.17ms
[28.354s][info ][gc,phases      ] GC(1291)   Other: 0.06ms
[28.354s][trace][gc,age         ] GC(1291) Age table:
[28.354s][trace][gc,age         ] GC(1291) - age   1:        192 bytes,        192 total
[28.354s][info ][gc,heap        ] GC(1291) Eden regions: 253->0(253)
[28.354s][info ][gc,heap        ] GC(1291) Survivor regions: 1->1(32)
[28.354s][info ][gc,heap        ] GC(1291) Old regions: 11->11
[28.354s][info ][gc,heap        ] GC(1291) Humongous regions: 0->0
[28.354s][info ][gc,metaspace   ] GC(1291) Metaspace: 10124K(10368K)->10124K(10368K) NonClass: 9160K(9344K)->9160K(9344K) Class: 963K(1024K)->963K(1024K)
[28.354s][info ][gc             ] GC(1291) Pause Young (Normal) (G1 Evacuation Pause) 256M->4M(424M) 0.585ms
[28.354s][info ][gc,cpu         ] GC(1291) User=0.00s Sys=0.00s Real=0.00s
[28.370s][info ][gc,start       ] GC(1292) Pause Young (Normal) (G1 Evacuation Pause)
[28.370s][info ][gc,task        ] GC(1292) Using 9 workers of 9 for evacuation
[28.370s][debug][gc,age         ] GC(1292) Desired survivor size 16777216 bytes, new threshold 15 (max threshold 15)
[28.371s][info ][gc,phases      ] GC(1292)   Pre Evacuate Collection Set: 0.10ms
[28.371s][info ][gc,phases      ] GC(1292)   Merge Heap Roots: 0.08ms
[28.371s][info ][gc,phases      ] GC(1292)   Evacuate Collection Set: 0.13ms
[28.371s][info ][gc,phases      ] GC(1292)   Post Evacuate Collection Set: 0.17ms
[28.371s][info ][gc,phases      ] GC(1292)   Other: 0.06ms
[28.371s][trace][gc,age         ] GC(1292) Age table:
[28.371s][trace][gc,age         ] GC(1292) - age   1:        192 bytes,        192 total
[28.371s][info ][gc,heap        ] GC(1292) Eden regions: 253->0(253)
[28.371s][info ][gc,heap        ] GC(1292) Survivor regions: 1->1(32)
[28.371s][info ][gc,heap        ] GC(1292) Old regions: 11->11
[28.371s][info ][gc,heap        ] GC(1292) Humongous regions: 0->0
[28.371s][info ][gc,metaspace   ] GC(1292) Metaspace: 10124K(10368K)->10124K(10368K) NonClass: 9160K(9344K)->9160K(9344K) Class: 963K(1024K)->963K(1024K)
[28.371s][info ][gc             ] GC(1292) Pause Young (Normal) (G1 Evacuation Pause) 256M->4M(424M) 0.654ms
[28.371s][info ][gc,cpu         ] GC(1292) User=0.00s Sys=0.00s Real=0.00s
[28.386s][info ][gc,start       ] GC(1293) Pause Young (Normal) (G1 Evacuation Pause)
[28.386s][info ][gc,task        ] GC(1293) Using 9 workers of 9 for evacuation
[28.386s][debug][gc,age         ] GC(1293) Desired survivor size 16777216 bytes, new threshold 15 (max threshold 15)
[28.387s][info ][gc,phases      ] GC(1293)   Pre Evacuate Collection Set: 0.11ms
[28.387s][info ][gc,phases      ] GC(1293)   Merge Heap Roots: 0.10ms
[28.387s][info ][gc,phases      ] GC(1293)   Evacuate Collection Set: 0.12ms
[28.387s][info ][gc,phases      ] GC(1293)   Post Evacuate Collection Set: 0.19ms
[28.387s][info ][gc,phases      ] GC(1293)   Other: 0.05ms
[28.387s][trace][gc,age         ] GC(1293) Age table:
[28.387s][trace][gc,age         ] GC(1293) - age   1:        192 bytes,        192 total
[28.387s][info ][gc,heap        ] GC(1293) Eden regions: 253->0(253)
[28.387s][info ][gc,heap        ] GC(1293) Survivor regions: 1->1(32)
[28.387s][info ][gc,heap        ] GC(1293) Old regions: 11->11
[28.387s][info ][gc,heap        ] GC(1293) Humongous regions: 0->0
[28.387s][info ][gc,metaspace   ] GC(1293) Metaspace: 10124K(10368K)->10124K(10368K) NonClass: 9160K(9344K)->9160K(9344K) Class: 963K(1024K)->963K(1024K)
[28.387s][info ][gc             ] GC(1293) Pause Young (Normal) (G1 Evacuation Pause) 256M->4M(424M) 0.678ms
[28.387s][info ][gc,cpu         ] GC(1293) User=0.00s Sys=0.00s Real=0.00s
[28.403s][info ][gc,start       ] GC(1294) Pause Young (Normal) (G1 Evacuation Pause)
[28.403s][info ][gc,task        ] GC(1294) Using 9 workers of 9 for evacuation
[28.403s][debug][gc,age         ] GC(1294) Desired survivor size 16777216 bytes, new threshold 15 (max threshold 15)
[28.403s][info ][gc,phases      ] GC(1294)   Pre Evacuate Collection Set: 0.11ms
[28.403s][info ][gc,phases      ] GC(1294)   Merge Heap Roots: 0.05ms
[28.403s][info ][gc,phases      ] GC(1294)   Evacuate Collection Set: 0.08ms
[28.403s][info ][gc,phases      ] GC(1294)   Post Evacuate Collection Set: 0.19ms
[28.403s][info ][gc,phases      ] GC(1294)   Other: 0.06ms
[28.403s][trace][gc,age         ] GC(1294) Age table:
[28.403s][trace][gc,age         ] GC(1294) - age   1:        192 bytes,        192 total
[28.403s][info ][gc,heap        ] GC(1294) Eden regions: 253->0(253)
[28.403s][info ][gc,heap        ] GC(1294) Survivor regions: 1->1(32)
[28.403s][info ][gc,heap        ] GC(1294) Old regions: 11->11
[28.403s][info ][gc,heap        ] GC(1294) Humongous regions: 0->0
[28.403s][info ][gc,metaspace   ] GC(1294) Metaspace: 10124K(10368K)->10124K(10368K) NonClass: 9160K(9344K)->9160K(9344K) Class: 963K(1024K)->963K(1024K)
[28.403s][info ][gc             ] GC(1294) Pause Young (Normal) (G1 Evacuation Pause) 256M->4M(424M) 0.588ms
[28.403s][info ][gc,cpu         ] GC(1294) User=0.00s Sys=0.00s Real=0.00s
[28.419s][info ][gc,start       ] GC(1295) Pause Young (Normal) (G1 Evacuation Pause)
[28.419s][info ][gc,task        ] GC(1295) Using 9 workers of 9 for evacuation
[28.419s][debug][gc,age         ] GC(1295) Desired survivor size 16777216 bytes, new threshold 15 (max threshold 15)
[28.419s][info ][gc,phases      ] GC(1295)   Pre Evacuate Collection Set: 0.10ms
[28.419s][info ][gc,phases      ] GC(1295)   Merge Heap Roots: 0.08ms
[28.419s][info ][gc,phases      ] GC(1295)   Evacuate Collection Set: 0.11ms
[28.419s][info ][gc,phases      ] GC(1295)   Post Evacuate Collection Set: 0.18ms
[28.419s][info ][gc,phases      ] GC(1295)   Other: 0.06ms
[28.419s][trace][gc,age         ] GC(1295) Age table:
[28.419s][trace][gc,age         ] GC(1295) - age   1:        192 bytes,        192 total
[28.419s][info ][gc,heap        ] GC(1295) Eden regions: 253->0(253)
[28.419s][info ][gc,heap        ] GC(1295) Survivor regions: 1->1(32)
[28.419s][info ][gc,heap        ] GC(1295) Old regions: 11->11
[28.420s][info ][gc,heap        ] GC(1295) Humongous regions: 0->0
[28.420s][info ][gc,metaspace   ] GC(1295) Metaspace: 10124K(10368K)->10124K(10368K) NonClass: 9160K(9344K)->9160K(9344K) Class: 963K(1024K)->963K(1024K)
[28.420s][info ][gc             ] GC(1295) Pause Young (Normal) (G1 Evacuation Pause) 256M->4M(424M) 0.643ms
[28.420s][info ][gc,cpu         ] GC(1295) User=0.00s Sys=0.00s Real=0.00s
[28.435s][info ][gc,start       ] GC(1296) Pause Young (Normal) (G1 Evacuation Pause)
[28.435s][info ][gc,task        ] GC(1296) Using 9 workers of 9 for evacuation
[28.435s][debug][gc,age         ] GC(1296) Desired survivor size 16777216 bytes, new threshold 15 (max threshold 15)
[28.436s][info ][gc,phases      ] GC(1296)   Pre Evacuate Collection Set: 0.09ms
[28.436s][info ][gc,phases      ] GC(1296)   Merge Heap Roots: 0.06ms
[28.436s][info ][gc,phases      ] GC(1296)   Evacuate Collection Set: 0.09ms
[28.436s][info ][gc,phases      ] GC(1296)   Post Evacuate Collection Set: 0.16ms
[28.436s][info ][gc,phases      ] GC(1296)   Other: 0.06ms
[28.436s][trace][gc,age         ] GC(1296) Age table:
[28.436s][trace][gc,age         ] GC(1296) - age   1:        192 bytes,        192 total
[28.436s][info ][gc,heap        ] GC(1296) Eden regions: 253->0(253)
[28.436s][info ][gc,heap        ] GC(1296) Survivor regions: 1->1(32)
[28.436s][info ][gc,heap        ] GC(1296) Old regions: 11->11
[28.436s][info ][gc,heap        ] GC(1296) Humongous regions: 0->0
[28.436s][info ][gc,metaspace   ] GC(1296) Metaspace: 10124K(10368K)->10124K(10368K) NonClass: 9160K(9344K)->9160K(9344K) Class: 963K(1024K)->963K(1024K)
[28.436s][info ][gc             ] GC(1296) Pause Young (Normal) (G1 Evacuation Pause) 256M->4M(424M) 0.561ms
[28.436s][info ][gc,cpu         ] GC(1296) User=0.00s Sys=0.00s Real=0.00s
[28.451s][info ][gc,start       ] GC(1297) Pause Young (Normal) (G1 Evacuation Pause)
[28.451s][info ][gc,task        ] GC(1297) Using 9 workers of 9 for evacuation
[28.451s][debug][gc,age         ] GC(1297) Desired survivor size 16777216 bytes, new threshold 15 (max threshold 15)
[28.452s][info ][gc,phases      ] GC(1297)   Pre Evacuate Collection Set: 0.06ms
[28.452s][info ][gc,phases      ] GC(1297)   Merge Heap Roots: 0.07ms
[28.452s][info ][gc,phases      ] GC(1297)   Evacuate Collection Set: 0.12ms
[28.452s][info ][gc,phases      ] GC(1297)   Post Evacuate Collection Set: 0.14ms
[28.452s][info ][gc,phases      ] GC(1297)   Other: 0.06ms
[28.452s][trace][gc,age         ] GC(1297) Age table:
[28.452s][trace][gc,age         ] GC(1297) - age   1:        192 bytes,        192 total
[28.452s][info ][gc,heap        ] GC(1297) Eden regions: 253->0(253)
[28.452s][info ][gc,heap        ] GC(1297) Survivor regions: 1->1(32)
[28.452s][info ][gc,heap        ] GC(1297) Old regions: 11->11
[28.452s][info ][gc,heap        ] GC(1297) Humongous regions: 0->0
[28.452s][info ][gc,metaspace   ] GC(1297) Metaspace: 10124K(10368K)->10124K(10368K) NonClass: 9160K(9344K)->9160K(9344K) Class: 963K(1024K)->963K(1024K)
[28.452s][info ][gc             ] GC(1297) Pause Young (Normal) (G1 Evacuation Pause) 256M->4M(424M) 0.563ms
[28.452s][info ][gc,cpu         ] GC(1297) User=0.00s Sys=0.00s Real=0.00s
[28.467s][info ][gc,start       ] GC(1298) Pause Young (Normal) (G1 Evacuation Pause)
[28.467s][info ][gc,task        ] GC(1298) Using 9 workers of 9 for evacuation
[28.467s][debug][gc,age         ] GC(1298) Desired survivor size 16777216 bytes, new threshold 15 (max threshold 15)
[28.468s][info ][gc,phases      ] GC(1298)   Pre Evacuate Collection Set: 0.06ms
[28.468s][info ][gc,phases      ] GC(1298)   Merge Heap Roots: 0.05ms
[28.468s][info ][gc,phases      ] GC(1298)   Evacuate Collection Set: 0.10ms
[28.468s][info ][gc,phases      ] GC(1298)   Post Evacuate Collection Set: 0.16ms
[28.468s][info ][gc,phases      ] GC(1298)   Other: 0.06ms
[28.468s][trace][gc,age         ] GC(1298) Age table:
[28.468s][trace][gc,age         ] GC(1298) - age   1:        192 bytes,        192 total
[28.468s][info ][gc,heap        ] GC(1298) Eden regions: 253->0(253)
[28.468s][info ][gc,heap        ] GC(1298) Survivor regions: 1->1(32)
[28.468s][info ][gc,heap        ] GC(1298) Old regions: 11->11
[28.468s][info ][gc,heap        ] GC(1298) Humongous regions: 0->0
[28.468s][info ][gc,metaspace   ] GC(1298) Metaspace: 10124K(10368K)->10124K(10368K) NonClass: 9160K(9344K)->9160K(9344K) Class: 963K(1024K)->963K(1024K)
[28.468s][info ][gc             ] GC(1298) Pause Young (Normal) (G1 Evacuation Pause) 256M->4M(424M) 0.525ms
[28.468s][info ][gc,cpu         ] GC(1298) User=0.00s Sys=0.00s Real=0.00s
[28.484s][info ][gc,start       ] GC(1299) Pause Young (Normal) (G1 Evacuation Pause)
[28.484s][info ][gc,task        ] GC(1299) Using 9 workers of 9 for evacuation
[28.484s][debug][gc,age         ] GC(1299) Desired survivor size 16777216 bytes, new threshold 15 (max threshold 15)
[28.484s][info ][gc,phases      ] GC(1299)   Pre Evacuate Collection Set: 0.06ms
[28.484s][info ][gc,phases      ] GC(1299)   Merge Heap Roots: 0.07ms
[28.484s][info ][gc,phases      ] GC(1299)   Evacuate Collection Set: 0.09ms
[28.484s][info ][gc,phases      ] GC(1299)   Post Evacuate Collection Set: 0.19ms
[28.484s][info ][gc,phases      ] GC(1299)   Other: 0.05ms
[28.484s][trace][gc,age         ] GC(1299) Age table:
[28.484s][trace][gc,age         ] GC(1299) - age   1:        192 bytes,        192 total
[28.484s][info ][gc,heap        ] GC(1299) Eden regions: 253->0(253)
[28.484s][info ][gc,heap        ] GC(1299) Survivor regions: 1->1(32)
[28.484s][info ][gc,heap        ] GC(1299) Old regions: 11->11
[28.484s][info ][gc,heap        ] GC(1299) Humongous regions: 0->0
[28.484s][info ][gc,metaspace   ] GC(1299) Metaspace: 10124K(10368K)->10124K(10368K) NonClass: 9160K(9344K)->9160K(9344K) Class: 963K(1024K)->963K(1024K)
[28.484s][info ][gc             ] GC(1299) Pause Young (Normal) (G1 Evacuation Pause) 256M->4M(424M) 0.578ms
[28.484s][info ][gc,cpu         ] GC(1299) User=0.00s Sys=0.00s Real=0.00s
[28.500s][info ][gc,start       ] GC(1300) Pause Young (Normal) (G1 Evacuation Pause)
[28.500s][info ][gc,task        ] GC(1300) Using 9 workers of 9 for evacuation
[28.500s][debug][gc,age         ] GC(1300) Desired survivor size 16777216 bytes, new threshold 15 (max threshold 15)
[28.501s][info ][gc,phases      ] GC(1300)   Pre Evacuate Collection Set: 0.06ms
[28.501s][info ][gc,phases      ] GC(1300)   Merge Heap Roots: 0.05ms
[28.501s][info ][gc,phases      ] GC(1300)   Evacuate Collection Set: 0.13ms
[28.501s][info ][gc,phases      ] GC(1300)   Post Evacuate Collection Set: 0.21ms
[28.501s][info ][gc,phases      ] GC(1300)   Other: 0.06ms
[28.501s][trace][gc,age         ] GC(1300) Age table:
[28.501s][trace][gc,age         ] GC(1300) - age   1:        192 bytes,        192 total
[28.501s][info ][gc,heap        ] GC(1300) Eden regions: 253->0(253)
[28.501s][info ][gc,heap        ] GC(1300) Survivor regions: 1->1(32)
[28.501s][info ][gc,heap        ] GC(1300) Old regions: 11->11
[28.501s][info ][gc,heap        ] GC(1300) Humongous regions: 0->0
[28.501s][info ][gc,metaspace   ] GC(1300) Metaspace: 10124K(10368K)->10124K(10368K) NonClass: 9160K(9344K)->9160K(9344K) Class: 963K(1024K)->963K(1024K)
[28.501s][info ][gc             ] GC(1300) Pause Young (Normal) (G1 Evacuation Pause) 256M->4M(424M) 0.631ms
[28.501s][info ][gc,cpu         ] GC(1300) User=0.00s Sys=0.00s Real=0.00s
[28.516s][info ][gc,start       ] GC(1301) Pause Young (Normal) (G1 Evacuation Pause)
[28.516s][info ][gc,task        ] GC(1301) Using 9 workers of 9 for evacuation
[28.516s][debug][gc,age         ] GC(1301) Desired survivor size 16777216 bytes, new threshold 15 (max threshold 15)
[28.517s][info ][gc,phases      ] GC(1301)   Pre Evacuate Collection Set: 0.07ms
[28.517s][info ][gc,phases      ] GC(1301)   Merge Heap Roots: 0.07ms
[28.517s][info ][gc,phases      ] GC(1301)   Evacuate Collection Set: 0.12ms
[28.517s][info ][gc,phases      ] GC(1301)   Post Evacuate Collection Set: 0.19ms
[28.517s][info ][gc,phases      ] GC(1301)   Other: 0.05ms
[28.517s][trace][gc,age         ] GC(1301) Age table:
[28.517s][trace][gc,age         ] GC(1301) - age   1:        192 bytes,        192 total
[28.517s][info ][gc,heap        ] GC(1301) Eden regions: 253->0(253)
[28.517s][info ][gc,heap        ] GC(1301) Survivor regions: 1->1(32)
[28.517s][info ][gc,heap        ] GC(1301) Old regions: 11->11
[28.517s][info ][gc,heap        ] GC(1301) Humongous regions: 0->0
[28.517s][info ][gc,metaspace   ] GC(1301) Metaspace: 10124K(10368K)->10124K(10368K) NonClass: 9160K(9344K)->9160K(9344K) Class: 963K(1024K)->963K(1024K)
[28.517s][info ][gc             ] GC(1301) Pause Young (Normal) (G1 Evacuation Pause) 256M->4M(424M) 0.591ms
[28.517s][info ][gc,cpu         ] GC(1301) User=0.00s Sys=0.00s Real=0.00s
[28.533s][info ][gc,start       ] GC(1302) Pause Young (Normal) (G1 Evacuation Pause)
[28.533s][info ][gc,task        ] GC(1302) Using 9 workers of 9 for evacuation
[28.533s][debug][gc,age         ] GC(1302) Desired survivor size 16777216 bytes, new threshold 15 (max threshold 15)
[28.533s][info ][gc,phases      ] GC(1302)   Pre Evacuate Collection Set: 0.10ms
[28.533s][info ][gc,phases      ] GC(1302)   Merge Heap Roots: 0.11ms
[28.533s][info ][gc,phases      ] GC(1302)   Evacuate Collection Set: 0.08ms
[28.533s][info ][gc,phases      ] GC(1302)   Post Evacuate Collection Set: 0.16ms
[28.533s][info ][gc,phases      ] GC(1302)   Other: 0.06ms
[28.533s][trace][gc,age         ] GC(1302) Age table:
[28.533s][trace][gc,age         ] GC(1302) - age   1:        192 bytes,        192 total
[28.533s][info ][gc,heap        ] GC(1302) Eden regions: 253->0(253)
[28.533s][info ][gc,heap        ] GC(1302) Survivor regions: 1->1(32)
[28.533s][info ][gc,heap        ] GC(1302) Old regions: 11->11
[28.533s][info ][gc,heap        ] GC(1302) Humongous regions: 0->0
[28.533s][info ][gc,metaspace   ] GC(1302) Metaspace: 10124K(10368K)->10124K(10368K) NonClass: 9160K(9344K)->9160K(9344K) Class: 963K(1024K)->963K(1024K)
[28.533s][info ][gc             ] GC(1302) Pause Young (Normal) (G1 Evacuation Pause) 256M->4M(424M) 0.630ms
[28.533s][info ][gc,cpu         ] GC(1302) User=0.00s Sys=0.00s Real=0.00s
[28.549s][info ][gc,start       ] GC(1303) Pause Young (Normal) (G1 Evacuation Pause)
[28.549s][info ][gc,task        ] GC(1303) Using 9 workers of 9 for evacuation
[28.549s][debug][gc,age         ] GC(1303) Desired survivor size 16777216 bytes, new threshold 15 (max threshold 15)
[28.549s][info ][gc,phases      ] GC(1303)   Pre Evacuate Collection Set: 0.08ms
[28.549s][info ][gc,phases      ] GC(1303)   Merge Heap Roots: 0.06ms
[28.549s][info ][gc,phases      ] GC(1303)   Evacuate Collection Set: 0.09ms
[28.549s][info ][gc,phases      ] GC(1303)   Post Evacuate Collection Set: 0.17ms
[28.549s][info ][gc,phases      ] GC(1303)   Other: 0.06ms
[28.549s][trace][gc,age         ] GC(1303) Age table:
[28.549s][trace][gc,age         ] GC(1303) - age   1:        192 bytes,        192 total
[28.549s][info ][gc,heap        ] GC(1303) Eden regions: 253->0(253)
[28.549s][info ][gc,heap        ] GC(1303) Survivor regions: 1->1(32)
[28.549s][info ][gc,heap        ] GC(1303) Old regions: 11->11
[28.549s][info ][gc,heap        ] GC(1303) Humongous regions: 0->0
[28.549s][info ][gc,metaspace   ] GC(1303) Metaspace: 10124K(10368K)->10124K(10368K) NonClass: 9160K(9344K)->9160K(9344K) Class: 963K(1024K)->963K(1024K)
[28.549s][info ][gc             ] GC(1303) Pause Young (Normal) (G1 Evacuation Pause) 256M->4M(424M) 0.573ms
[28.549s][info ][gc,cpu         ] GC(1303) User=0.00s Sys=0.00s Real=0.00s
[28.565s][info ][gc,start       ] GC(1304) Pause Young (Normal) (G1 Evacuation Pause)
[28.565s][info ][gc,task        ] GC(1304) Using 9 workers of 9 for evacuation
[28.565s][debug][gc,age         ] GC(1304) Desired survivor size 16777216 bytes, new threshold 15 (max threshold 15)
[28.565s][info ][gc,phases      ] GC(1304)   Pre Evacuate Collection Set: 0.10ms
[28.565s][info ][gc,phases      ] GC(1304)   Merge Heap Roots: 0.07ms
[28.565s][info ][gc,phases      ] GC(1304)   Evacuate Collection Set: 0.08ms
[28.565s][info ][gc,phases      ] GC(1304)   Post Evacuate Collection Set: 0.19ms
[28.565s][info ][gc,phases      ] GC(1304)   Other: 0.06ms
[28.565s][trace][gc,age         ] GC(1304) Age table:
[28.565s][trace][gc,age         ] GC(1304) - age   1:        192 bytes,        192 total
[28.565s][info ][gc,heap        ] GC(1304) Eden regions: 253->0(253)
[28.565s][info ][gc,heap        ] GC(1304) Survivor regions: 1->1(32)
[28.565s][info ][gc,heap        ] GC(1304) Old regions: 11->11
[28.565s][info ][gc,heap        ] GC(1304) Humongous regions: 0->0
[28.565s][info ][gc,metaspace   ] GC(1304) Metaspace: 10124K(10368K)->10124K(10368K) NonClass: 9160K(9344K)->9160K(9344K) Class: 963K(1024K)->963K(1024K)
[28.565s][info ][gc             ] GC(1304) Pause Young (Normal) (G1 Evacuation Pause) 256M->4M(424M) 0.596ms
[28.565s][info ][gc,cpu         ] GC(1304) User=0.00s Sys=0.00s Real=0.01s
[28.581s][info ][gc,start       ] GC(1305) Pause Young (Normal) (G1 Evacuation Pause)
[28.581s][info ][gc,task        ] GC(1305) Using 9 workers of 9 for evacuation
[28.581s][debug][gc,age         ] GC(1305) Desired survivor size 16777216 bytes, new threshold 15 (max threshold 15)
[28.581s][info ][gc,phases      ] GC(1305)   Pre Evacuate Collection Set: 0.06ms
[28.581s][info ][gc,phases      ] GC(1305)   Merge Heap Roots: 0.09ms
[28.582s][info ][gc,phases      ] GC(1305)   Evacuate Collection Set: 0.08ms
[28.582s][info ][gc,phases      ] GC(1305)   Post Evacuate Collection Set: 0.19ms
[28.582s][info ][gc,phases      ] GC(1305)   Other: 0.05ms
[28.582s][trace][gc,age         ] GC(1305) Age table:
[28.582s][trace][gc,age         ] GC(1305) - age   1:        192 bytes,        192 total
[28.582s][info ][gc,heap        ] GC(1305) Eden regions: 253->0(253)
[28.582s][info ][gc,heap        ] GC(1305) Survivor regions: 1->1(32)
[28.582s][info ][gc,heap        ] GC(1305) Old regions: 11->11
[28.582s][info ][gc,heap        ] GC(1305) Humongous regions: 0->0
[28.582s][info ][gc,metaspace   ] GC(1305) Metaspace: 10124K(10368K)->10124K(10368K) NonClass: 9160K(9344K)->9160K(9344K) Class: 963K(1024K)->963K(1024K)
[28.582s][info ][gc             ] GC(1305) Pause Young (Normal) (G1 Evacuation Pause) 256M->4M(424M) 0.567ms
[28.582s][info ][gc,cpu         ] GC(1305) User=0.00s Sys=0.00s Real=0.00s
[28.597s][info ][gc,start       ] GC(1306) Pause Young (Normal) (G1 Evacuation Pause)
[28.597s][info ][gc,task        ] GC(1306) Using 9 workers of 9 for evacuation
[28.597s][debug][gc,age         ] GC(1306) Desired survivor size 16777216 bytes, new threshold 15 (max threshold 15)
[28.598s][info ][gc,phases      ] GC(1306)   Pre Evacuate Collection Set: 0.15ms
[28.598s][info ][gc,phases      ] GC(1306)   Merge Heap Roots: 0.09ms
[28.598s][info ][gc,phases      ] GC(1306)   Evacuate Collection Set: 0.08ms
[28.598s][info ][gc,phases      ] GC(1306)   Post Evacuate Collection Set: 0.20ms
[28.598s][info ][gc,phases      ] GC(1306)   Other: 0.07ms
[28.598s][trace][gc,age         ] GC(1306) Age table:
[28.598s][trace][gc,age         ] GC(1306) - age   1:        192 bytes,        192 total
[28.598s][info ][gc,heap        ] GC(1306) Eden regions: 253->0(253)
[28.598s][info ][gc,heap        ] GC(1306) Survivor regions: 1->1(32)
[28.598s][info ][gc,heap        ] GC(1306) Old regions: 11->11
[28.598s][info ][gc,heap        ] GC(1306) Humongous regions: 0->0
[28.598s][info ][gc,metaspace   ] GC(1306) Metaspace: 10124K(10368K)->10124K(10368K) NonClass: 9160K(9344K)->9160K(9344K) Class: 963K(1024K)->963K(1024K)
[28.598s][info ][gc             ] GC(1306) Pause Young (Normal) (G1 Evacuation Pause) 256M->4M(424M) 0.681ms
[28.598s][info ][gc,cpu         ] GC(1306) User=0.00s Sys=0.00s Real=0.00s
[28.614s][info ][gc,start       ] GC(1307) Pause Young (Normal) (G1 Evacuation Pause)
[28.614s][info ][gc,task        ] GC(1307) Using 9 workers of 9 for evacuation
[28.614s][debug][gc,age         ] GC(1307) Desired survivor size 16777216 bytes, new threshold 15 (max threshold 15)
[28.614s][info ][gc,phases      ] GC(1307)   Pre Evacuate Collection Set: 0.06ms
[28.614s][info ][gc,phases      ] GC(1307)   Merge Heap Roots: 0.07ms
[28.614s][info ][gc,phases      ] GC(1307)   Evacuate Collection Set: 0.10ms
[28.614s][info ][gc,phases      ] GC(1307)   Post Evacuate Collection Set: 0.17ms
[28.614s][info ][gc,phases      ] GC(1307)   Other: 0.07ms
[28.614s][trace][gc,age         ] GC(1307) Age table:
[28.614s][trace][gc,age         ] GC(1307) - age   1:        192 bytes,        192 total
[28.614s][info ][gc,heap        ] GC(1307) Eden regions: 253->0(253)
[28.614s][info ][gc,heap        ] GC(1307) Survivor regions: 1->1(32)
[28.614s][info ][gc,heap        ] GC(1307) Old regions: 11->11
[28.614s][info ][gc,heap        ] GC(1307) Humongous regions: 0->0
[28.614s][info ][gc,metaspace   ] GC(1307) Metaspace: 10124K(10368K)->10124K(10368K) NonClass: 9160K(9344K)->9160K(9344K) Class: 963K(1024K)->963K(1024K)
[28.614s][info ][gc             ] GC(1307) Pause Young (Normal) (G1 Evacuation Pause) 256M->4M(424M) 0.579ms
[28.614s][info ][gc,cpu         ] GC(1307) User=0.00s Sys=0.00s Real=0.00s
[28.630s][info ][gc,start       ] GC(1308) Pause Young (Normal) (G1 Evacuation Pause)
[28.630s][info ][gc,task        ] GC(1308) Using 9 workers of 9 for evacuation
[28.630s][debug][gc,age         ] GC(1308) Desired survivor size 16777216 bytes, new threshold 15 (max threshold 15)
[28.630s][info ][gc,phases      ] GC(1308)   Pre Evacuate Collection Set: 0.09ms
[28.631s][info ][gc,phases      ] GC(1308)   Merge Heap Roots: 0.08ms
[28.631s][info ][gc,phases      ] GC(1308)   Evacuate Collection Set: 0.09ms
[28.631s][info ][gc,phases      ] GC(1308)   Post Evacuate Collection Set: 0.18ms
[28.631s][info ][gc,phases      ] GC(1308)   Other: 0.06ms
[28.631s][trace][gc,age         ] GC(1308) Age table:
[28.631s][trace][gc,age         ] GC(1308) - age   1:        192 bytes,        192 total
[28.631s][info ][gc,heap        ] GC(1308) Eden regions: 253->0(253)
[28.631s][info ][gc,heap        ] GC(1308) Survivor regions: 1->1(32)
[28.631s][info ][gc,heap        ] GC(1308) Old regions: 11->11
[28.631s][info ][gc,heap        ] GC(1308) Humongous regions: 0->0
[28.631s][info ][gc,metaspace   ] GC(1308) Metaspace: 10124K(10368K)->10124K(10368K) NonClass: 9160K(9344K)->9160K(9344K) Class: 963K(1024K)->963K(1024K)
[28.631s][info ][gc             ] GC(1308) Pause Young (Normal) (G1 Evacuation Pause) 256M->4M(424M) 0.599ms
[28.631s][info ][gc,cpu         ] GC(1308) User=0.00s Sys=0.00s Real=0.00s
[28.646s][info ][gc,start       ] GC(1309) Pause Young (Normal) (G1 Evacuation Pause)
[28.646s][info ][gc,task        ] GC(1309) Using 9 workers of 9 for evacuation
[28.646s][debug][gc,age         ] GC(1309) Desired survivor size 16777216 bytes, new threshold 15 (max threshold 15)
[28.647s][info ][gc,phases      ] GC(1309)   Pre Evacuate Collection Set: 0.07ms
[28.647s][info ][gc,phases      ] GC(1309)   Merge Heap Roots: 0.10ms
[28.647s][info ][gc,phases      ] GC(1309)   Evacuate Collection Set: 0.11ms
[28.647s][info ][gc,phases      ] GC(1309)   Post Evacuate Collection Set: 0.19ms
[28.647s][info ][gc,phases      ] GC(1309)   Other: 0.06ms
[28.647s][trace][gc,age         ] GC(1309) Age table:
[28.647s][trace][gc,age         ] GC(1309) - age   1:        192 bytes,        192 total
[28.647s][info ][gc,heap        ] GC(1309) Eden regions: 253->0(253)
[28.647s][info ][gc,heap        ] GC(1309) Survivor regions: 1->1(32)
[28.647s][info ][gc,heap        ] GC(1309) Old regions: 11->11
[28.647s][info ][gc,heap        ] GC(1309) Humongous regions: 0->0
[28.647s][info ][gc,metaspace   ] GC(1309) Metaspace: 10124K(10368K)->10124K(10368K) NonClass: 9160K(9344K)->9160K(9344K) Class: 963K(1024K)->963K(1024K)
[28.647s][info ][gc             ] GC(1309) Pause Young (Normal) (G1 Evacuation Pause) 256M->4M(424M) 0.633ms
[28.647s][info ][gc,cpu         ] GC(1309) User=0.00s Sys=0.00s Real=0.00s
[28.662s][info ][gc,start       ] GC(1310) Pause Young (Normal) (G1 Evacuation Pause)
[28.662s][info ][gc,task        ] GC(1310) Using 9 workers of 9 for evacuation
[28.662s][debug][gc,age         ] GC(1310) Desired survivor size 16777216 bytes, new threshold 15 (max threshold 15)
[28.663s][info ][gc,phases      ] GC(1310)   Pre Evacuate Collection Set: 0.06ms
[28.663s][info ][gc,phases      ] GC(1310)   Merge Heap Roots: 0.10ms
[28.663s][info ][gc,phases      ] GC(1310)   Evacuate Collection Set: 0.08ms
[28.663s][info ][gc,phases      ] GC(1310)   Post Evacuate Collection Set: 0.19ms
[28.663s][info ][gc,phases      ] GC(1310)   Other: 0.07ms
[28.663s][trace][gc,age         ] GC(1310) Age table:
[28.663s][trace][gc,age         ] GC(1310) - age   1:        192 bytes,        192 total
[28.663s][info ][gc,heap        ] GC(1310) Eden regions: 253->0(253)
[28.663s][info ][gc,heap        ] GC(1310) Survivor regions: 1->1(32)
[28.663s][info ][gc,heap        ] GC(1310) Old regions: 11->11
[28.663s][info ][gc,heap        ] GC(1310) Humongous regions: 0->0
[28.663s][info ][gc,metaspace   ] GC(1310) Metaspace: 10124K(10368K)->10124K(10368K) NonClass: 9160K(9344K)->9160K(9344K) Class: 963K(1024K)->963K(1024K)
[28.663s][info ][gc             ] GC(1310) Pause Young (Normal) (G1 Evacuation Pause) 256M->4M(424M) 0.606ms
[28.663s][info ][gc,cpu         ] GC(1310) User=0.00s Sys=0.00s Real=0.00s
[28.679s][info ][gc,start       ] GC(1311) Pause Young (Normal) (G1 Evacuation Pause)
[28.679s][info ][gc,task        ] GC(1311) Using 9 workers of 9 for evacuation
[28.679s][debug][gc,age         ] GC(1311) Desired survivor size 16777216 bytes, new threshold 15 (max threshold 15)
[28.679s][info ][gc,phases      ] GC(1311)   Pre Evacuate Collection Set: 0.08ms
[28.679s][info ][gc,phases      ] GC(1311)   Merge Heap Roots: 0.08ms
[28.679s][info ][gc,phases      ] GC(1311)   Evacuate Collection Set: 0.10ms
[28.679s][info ][gc,phases      ] GC(1311)   Post Evacuate Collection Set: 0.18ms
[28.679s][info ][gc,phases      ] GC(1311)   Other: 0.06ms
[28.679s][trace][gc,age         ] GC(1311) Age table:
[28.679s][trace][gc,age         ] GC(1311) - age   1:        192 bytes,        192 total
[28.679s][info ][gc,heap        ] GC(1311) Eden regions: 253->0(253)
[28.679s][info ][gc,heap        ] GC(1311) Survivor regions: 1->1(32)
[28.679s][info ][gc,heap        ] GC(1311) Old regions: 11->11
[28.679s][info ][gc,heap        ] GC(1311) Humongous regions: 0->0
[28.679s][info ][gc,metaspace   ] GC(1311) Metaspace: 10124K(10368K)->10124K(10368K) NonClass: 9160K(9344K)->9160K(9344K) Class: 963K(1024K)->963K(1024K)
[28.679s][info ][gc             ] GC(1311) Pause Young (Normal) (G1 Evacuation Pause) 256M->4M(424M) 0.589ms
[28.679s][info ][gc,cpu         ] GC(1311) User=0.00s Sys=0.00s Real=0.00s
[28.695s][info ][gc,start       ] GC(1312) Pause Young (Normal) (G1 Evacuation Pause)
[28.695s][info ][gc,task        ] GC(1312) Using 9 workers of 9 for evacuation
[28.695s][debug][gc,age         ] GC(1312) Desired survivor size 16777216 bytes, new threshold 15 (max threshold 15)
[28.695s][info ][gc,phases      ] GC(1312)   Pre Evacuate Collection Set: 0.07ms
[28.695s][info ][gc,phases      ] GC(1312)   Merge Heap Roots: 0.07ms
[28.695s][info ][gc,phases      ] GC(1312)   Evacuate Collection Set: 0.09ms
[28.695s][info ][gc,phases      ] GC(1312)   Post Evacuate Collection Set: 0.16ms
[28.695s][info ][gc,phases      ] GC(1312)   Other: 0.05ms
[28.695s][trace][gc,age         ] GC(1312) Age table:
[28.695s][trace][gc,age         ] GC(1312) - age   1:        192 bytes,        192 total
[28.695s][info ][gc,heap        ] GC(1312) Eden regions: 253->0(253)
[28.695s][info ][gc,heap        ] GC(1312) Survivor regions: 1->1(32)
[28.695s][info ][gc,heap        ] GC(1312) Old regions: 11->11
[28.695s][info ][gc,heap        ] GC(1312) Humongous regions: 0->0
[28.695s][info ][gc,metaspace   ] GC(1312) Metaspace: 10124K(10368K)->10124K(10368K) NonClass: 9160K(9344K)->9160K(9344K) Class: 963K(1024K)->963K(1024K)
[28.695s][info ][gc             ] GC(1312) Pause Young (Normal) (G1 Evacuation Pause) 256M->4M(424M) 0.523ms
[28.695s][info ][gc,cpu         ] GC(1312) User=0.00s Sys=0.00s Real=0.01s
[28.711s][info ][gc,start       ] GC(1313) Pause Young (Normal) (G1 Evacuation Pause)
[28.711s][info ][gc,task        ] GC(1313) Using 9 workers of 9 for evacuation
[28.711s][debug][gc,age         ] GC(1313) Desired survivor size 16777216 bytes, new threshold 15 (max threshold 15)
[28.711s][info ][gc,phases      ] GC(1313)   Pre Evacuate Collection Set: 0.07ms
[28.711s][info ][gc,phases      ] GC(1313)   Merge Heap Roots: 0.06ms
[28.711s][info ][gc,phases      ] GC(1313)   Evacuate Collection Set: 0.14ms
[28.711s][info ][gc,phases      ] GC(1313)   Post Evacuate Collection Set: 0.18ms
[28.711s][info ][gc,phases      ] GC(1313)   Other: 0.06ms
[28.711s][trace][gc,age         ] GC(1313) Age table:
[28.711s][trace][gc,age         ] GC(1313) - age   1:        192 bytes,        192 total
[28.711s][info ][gc,heap        ] GC(1313) Eden regions: 253->0(253)
[28.711s][info ][gc,heap        ] GC(1313) Survivor regions: 1->1(32)
[28.711s][info ][gc,heap        ] GC(1313) Old regions: 11->11
[28.711s][info ][gc,heap        ] GC(1313) Humongous regions: 0->0
[28.711s][info ][gc,metaspace   ] GC(1313) Metaspace: 10124K(10368K)->10124K(10368K) NonClass: 9160K(9344K)->9160K(9344K) Class: 963K(1024K)->963K(1024K)
[28.711s][info ][gc             ] GC(1313) Pause Young (Normal) (G1 Evacuation Pause) 256M->4M(424M) 0.595ms
[28.711s][info ][gc,cpu         ] GC(1313) User=0.00s Sys=0.00s Real=0.00s
[28.727s][info ][gc,start       ] GC(1314) Pause Young (Normal) (G1 Evacuation Pause)
[28.727s][info ][gc,task        ] GC(1314) Using 9 workers of 9 for evacuation
[28.727s][debug][gc,age         ] GC(1314) Desired survivor size 16777216 bytes, new threshold 15 (max threshold 15)
[28.727s][info ][gc,phases      ] GC(1314)   Pre Evacuate Collection Set: 0.06ms
[28.727s][info ][gc,phases      ] GC(1314)   Merge Heap Roots: 0.07ms
[28.727s][info ][gc,phases      ] GC(1314)   Evacuate Collection Set: 0.10ms
[28.727s][info ][gc,phases      ] GC(1314)   Post Evacuate Collection Set: 0.17ms
[28.727s][info ][gc,phases      ] GC(1314)   Other: 0.05ms
[28.727s][trace][gc,age         ] GC(1314) Age table:
[28.727s][trace][gc,age         ] GC(1314) - age   1:        192 bytes,        192 total
[28.727s][info ][gc,heap        ] GC(1314) Eden regions: 253->0(253)
[28.727s][info ][gc,heap        ] GC(1314) Survivor regions: 1->1(32)
[28.727s][info ][gc,heap        ] GC(1314) Old regions: 11->11
[28.727s][info ][gc,heap        ] GC(1314) Humongous regions: 0->0
[28.727s][info ][gc,metaspace   ] GC(1314) Metaspace: 10124K(10368K)->10124K(10368K) NonClass: 9160K(9344K)->9160K(9344K) Class: 963K(1024K)->963K(1024K)
[28.727s][info ][gc             ] GC(1314) Pause Young (Normal) (G1 Evacuation Pause) 256M->4M(424M) 0.540ms
[28.727s][info ][gc,cpu         ] GC(1314) User=0.01s Sys=0.00s Real=0.00s
[28.743s][info ][gc,start       ] GC(1315) Pause Young (Normal) (G1 Evacuation Pause)
[28.743s][info ][gc,task        ] GC(1315) Using 9 workers of 9 for evacuation
[28.743s][debug][gc,age         ] GC(1315) Desired survivor size 16777216 bytes, new threshold 15 (max threshold 15)
[28.743s][info ][gc,phases      ] GC(1315)   Pre Evacuate Collection Set: 0.07ms
[28.743s][info ][gc,phases      ] GC(1315)   Merge Heap Roots: 0.07ms
[28.743s][info ][gc,phases      ] GC(1315)   Evacuate Collection Set: 0.11ms
[28.743s][info ][gc,phases      ] GC(1315)   Post Evacuate Collection Set: 0.16ms
[28.743s][info ][gc,phases      ] GC(1315)   Other: 0.05ms
[28.743s][trace][gc,age         ] GC(1315) Age table:
[28.743s][trace][gc,age         ] GC(1315) - age   1:        192 bytes,        192 total
[28.743s][info ][gc,heap        ] GC(1315) Eden regions: 253->0(253)
[28.743s][info ][gc,heap        ] GC(1315) Survivor regions: 1->1(32)
[28.743s][info ][gc,heap        ] GC(1315) Old regions: 11->11
[28.743s][info ][gc,heap        ] GC(1315) Humongous regions: 0->0
[28.743s][info ][gc,metaspace   ] GC(1315) Metaspace: 10124K(10368K)->10124K(10368K) NonClass: 9160K(9344K)->9160K(9344K) Class: 963K(1024K)->963K(1024K)
[28.743s][info ][gc             ] GC(1315) Pause Young (Normal) (G1 Evacuation Pause) 256M->4M(424M) 0.558ms
[28.743s][info ][gc,cpu         ] GC(1315) User=0.00s Sys=0.00s Real=0.00s
[28.759s][info ][gc,start       ] GC(1316) Pause Young (Normal) (G1 Evacuation Pause)
[28.759s][info ][gc,task        ] GC(1316) Using 9 workers of 9 for evacuation
[28.759s][debug][gc,age         ] GC(1316) Desired survivor size 16777216 bytes, new threshold 15 (max threshold 15)
[28.760s][info ][gc,phases      ] GC(1316)   Pre Evacuate Collection Set: 0.12ms
[28.760s][info ][gc,phases      ] GC(1316)   Merge Heap Roots: 0.09ms
[28.760s][info ][gc,phases      ] GC(1316)   Evacuate Collection Set: 0.11ms
[28.760s][info ][gc,phases      ] GC(1316)   Post Evacuate Collection Set: 0.19ms
[28.760s][info ][gc,phases      ] GC(1316)   Other: 0.06ms
[28.760s][trace][gc,age         ] GC(1316) Age table:
[28.760s][trace][gc,age         ] GC(1316) - age   1:        192 bytes,        192 total
[28.760s][info ][gc,heap        ] GC(1316) Eden regions: 253->0(253)
[28.760s][info ][gc,heap        ] GC(1316) Survivor regions: 1->1(32)
[28.760s][info ][gc,heap        ] GC(1316) Old regions: 11->11
[28.760s][info ][gc,heap        ] GC(1316) Humongous regions: 0->0
[28.760s][info ][gc,metaspace   ] GC(1316) Metaspace: 10124K(10368K)->10124K(10368K) NonClass: 9160K(9344K)->9160K(9344K) Class: 963K(1024K)->963K(1024K)
[28.760s][info ][gc             ] GC(1316) Pause Young (Normal) (G1 Evacuation Pause) 256M->4M(424M) 0.663ms
[28.760s][info ][gc,cpu         ] GC(1316) User=0.00s Sys=0.00s Real=0.00s
[28.775s][info ][gc,start       ] GC(1317) Pause Young (Normal) (G1 Evacuation Pause)
[28.776s][info ][gc,task        ] GC(1317) Using 9 workers of 9 for evacuation
[28.776s][debug][gc,age         ] GC(1317) Desired survivor size 16777216 bytes, new threshold 15 (max threshold 15)
[28.776s][info ][gc,phases      ] GC(1317)   Pre Evacuate Collection Set: 0.11ms
[28.776s][info ][gc,phases      ] GC(1317)   Merge Heap Roots: 0.08ms
[28.776s][info ][gc,phases      ] GC(1317)   Evacuate Collection Set: 0.12ms
[28.776s][info ][gc,phases      ] GC(1317)   Post Evacuate Collection Set: 0.21ms
[28.776s][info ][gc,phases      ] GC(1317)   Other: 0.07ms
[28.776s][trace][gc,age         ] GC(1317) Age table:
[28.776s][trace][gc,age         ] GC(1317) - age   1:        192 bytes,        192 total
[28.776s][info ][gc,heap        ] GC(1317) Eden regions: 253->0(253)
[28.776s][info ][gc,heap        ] GC(1317) Survivor regions: 1->1(32)
[28.776s][info ][gc,heap        ] GC(1317) Old regions: 11->11
[28.776s][info ][gc,heap        ] GC(1317) Humongous regions: 0->0
[28.776s][info ][gc,metaspace   ] GC(1317) Metaspace: 10124K(10368K)->10124K(10368K) NonClass: 9160K(9344K)->9160K(9344K) Class: 963K(1024K)->963K(1024K)
[28.776s][info ][gc             ] GC(1317) Pause Young (Normal) (G1 Evacuation Pause) 256M->4M(424M) 0.673ms
[28.776s][info ][gc,cpu         ] GC(1317) User=0.01s Sys=0.00s Real=0.00s
[28.792s][info ][gc,start       ] GC(1318) Pause Young (Normal) (G1 Evacuation Pause)
[28.792s][info ][gc,task        ] GC(1318) Using 9 workers of 9 for evacuation
[28.792s][debug][gc,age         ] GC(1318) Desired survivor size 16777216 bytes, new threshold 15 (max threshold 15)
[28.793s][info ][gc,phases      ] GC(1318)   Pre Evacuate Collection Set: 0.08ms
[28.793s][info ][gc,phases      ] GC(1318)   Merge Heap Roots: 0.09ms
[28.793s][info ][gc,phases      ] GC(1318)   Evacuate Collection Set: 0.11ms
[28.793s][info ][gc,phases      ] GC(1318)   Post Evacuate Collection Set: 0.19ms
[28.793s][info ][gc,phases      ] GC(1318)   Other: 0.05ms
[28.793s][trace][gc,age         ] GC(1318) Age table:
[28.793s][trace][gc,age         ] GC(1318) - age   1:        192 bytes,        192 total
[28.793s][info ][gc,heap        ] GC(1318) Eden regions: 253->0(253)
[28.793s][info ][gc,heap        ] GC(1318) Survivor regions: 1->1(32)
[28.793s][info ][gc,heap        ] GC(1318) Old regions: 11->11
[28.793s][info ][gc,heap        ] GC(1318) Humongous regions: 0->0
[28.793s][info ][gc,metaspace   ] GC(1318) Metaspace: 10124K(10368K)->10124K(10368K) NonClass: 9160K(9344K)->9160K(9344K) Class: 963K(1024K)->963K(1024K)
[28.793s][info ][gc             ] GC(1318) Pause Young (Normal) (G1 Evacuation Pause) 256M->4M(424M) 0.626ms
[28.793s][info ][gc,cpu         ] GC(1318) User=0.00s Sys=0.00s Real=0.00s
[28.808s][info ][gc,start       ] GC(1319) Pause Young (Normal) (G1 Evacuation Pause)
[28.808s][info ][gc,task        ] GC(1319) Using 9 workers of 9 for evacuation
[28.808s][debug][gc,age         ] GC(1319) Desired survivor size 16777216 bytes, new threshold 15 (max threshold 15)
[28.809s][info ][gc,phases      ] GC(1319)   Pre Evacuate Collection Set: 0.10ms
[28.809s][info ][gc,phases      ] GC(1319)   Merge Heap Roots: 0.08ms
[28.809s][info ][gc,phases      ] GC(1319)   Evacuate Collection Set: 0.12ms
[28.809s][info ][gc,phases      ] GC(1319)   Post Evacuate Collection Set: 0.17ms
[28.809s][info ][gc,phases      ] GC(1319)   Other: 0.06ms
[28.809s][trace][gc,age         ] GC(1319) Age table:
[28.809s][trace][gc,age         ] GC(1319) - age   1:        192 bytes,        192 total
[28.809s][info ][gc,heap        ] GC(1319) Eden regions: 253->0(253)
[28.809s][info ][gc,heap        ] GC(1319) Survivor regions: 1->1(32)
[28.809s][info ][gc,heap        ] GC(1319) Old regions: 11->11
[28.809s][info ][gc,heap        ] GC(1319) Humongous regions: 0->0
[28.809s][info ][gc,metaspace   ] GC(1319) Metaspace: 10124K(10368K)->10124K(10368K) NonClass: 9160K(9344K)->9160K(9344K) Class: 963K(1024K)->963K(1024K)
[28.809s][info ][gc             ] GC(1319) Pause Young (Normal) (G1 Evacuation Pause) 256M->4M(424M) 0.607ms
[28.809s][info ][gc,cpu         ] GC(1319) User=0.00s Sys=0.00s Real=0.00s
[28.824s][info ][gc,start       ] GC(1320) Pause Young (Normal) (G1 Evacuation Pause)
[28.824s][info ][gc,task        ] GC(1320) Using 9 workers of 9 for evacuation
[28.824s][debug][gc,age         ] GC(1320) Desired survivor size 16777216 bytes, new threshold 15 (max threshold 15)
[28.825s][info ][gc,phases      ] GC(1320)   Pre Evacuate Collection Set: 0.09ms
[28.825s][info ][gc,phases      ] GC(1320)   Merge Heap Roots: 0.07ms
[28.825s][info ][gc,phases      ] GC(1320)   Evacuate Collection Set: 0.10ms
[28.825s][info ][gc,phases      ] GC(1320)   Post Evacuate Collection Set: 0.21ms
[28.825s][info ][gc,phases      ] GC(1320)   Other: 0.06ms
[28.825s][trace][gc,age         ] GC(1320) Age table:
[28.825s][trace][gc,age         ] GC(1320) - age   1:        192 bytes,        192 total
[28.825s][info ][gc,heap        ] GC(1320) Eden regions: 253->0(253)
[28.825s][info ][gc,heap        ] GC(1320) Survivor regions: 1->1(32)
[28.825s][info ][gc,heap        ] GC(1320) Old regions: 11->11
[28.825s][info ][gc,heap        ] GC(1320) Humongous regions: 0->0
[28.825s][info ][gc,metaspace   ] GC(1320) Metaspace: 10124K(10368K)->10124K(10368K) NonClass: 9160K(9344K)->9160K(9344K) Class: 963K(1024K)->963K(1024K)
[28.825s][info ][gc             ] GC(1320) Pause Young (Normal) (G1 Evacuation Pause) 256M->4M(424M) 0.624ms
[28.825s][info ][gc,cpu         ] GC(1320) User=0.01s Sys=0.00s Real=0.00s
[28.841s][info ][gc,start       ] GC(1321) Pause Young (Normal) (G1 Evacuation Pause)
[28.841s][info ][gc,task        ] GC(1321) Using 9 workers of 9 for evacuation
[28.841s][debug][gc,age         ] GC(1321) Desired survivor size 16777216 bytes, new threshold 15 (max threshold 15)
[28.841s][info ][gc,phases      ] GC(1321)   Pre Evacuate Collection Set: 0.06ms
[28.841s][info ][gc,phases      ] GC(1321)   Merge Heap Roots: 0.05ms
[28.841s][info ][gc,phases      ] GC(1321)   Evacuate Collection Set: 0.13ms
[28.841s][info ][gc,phases      ] GC(1321)   Post Evacuate Collection Set: 0.14ms
[28.841s][info ][gc,phases      ] GC(1321)   Other: 0.05ms
[28.841s][trace][gc,age         ] GC(1321) Age table:
[28.841s][trace][gc,age         ] GC(1321) - age   1:        192 bytes,        192 total
[28.841s][info ][gc,heap        ] GC(1321) Eden regions: 253->0(253)
[28.841s][info ][gc,heap        ] GC(1321) Survivor regions: 1->1(32)
[28.841s][info ][gc,heap        ] GC(1321) Old regions: 11->11
[28.841s][info ][gc,heap        ] GC(1321) Humongous regions: 0->0
[28.841s][info ][gc,metaspace   ] GC(1321) Metaspace: 10124K(10368K)->10124K(10368K) NonClass: 9160K(9344K)->9160K(9344K) Class: 963K(1024K)->963K(1024K)
[28.841s][info ][gc             ] GC(1321) Pause Young (Normal) (G1 Evacuation Pause) 256M->4M(424M) 0.542ms
[28.841s][info ][gc,cpu         ] GC(1321) User=0.00s Sys=0.01s Real=0.00s
[28.857s][info ][gc,start       ] GC(1322) Pause Young (Normal) (G1 Evacuation Pause)
[28.857s][info ][gc,task        ] GC(1322) Using 9 workers of 9 for evacuation
[28.857s][debug][gc,age         ] GC(1322) Desired survivor size 16777216 bytes, new threshold 15 (max threshold 15)
[28.857s][info ][gc,phases      ] GC(1322)   Pre Evacuate Collection Set: 0.07ms
[28.857s][info ][gc,phases      ] GC(1322)   Merge Heap Roots: 0.06ms
[28.857s][info ][gc,phases      ] GC(1322)   Evacuate Collection Set: 0.13ms
[28.857s][info ][gc,phases      ] GC(1322)   Post Evacuate Collection Set: 0.17ms
[28.857s][info ][gc,phases      ] GC(1322)   Other: 0.06ms
[28.857s][trace][gc,age         ] GC(1322) Age table:
[28.857s][trace][gc,age         ] GC(1322) - age   1:        192 bytes,        192 total
[28.857s][info ][gc,heap        ] GC(1322) Eden regions: 253->0(253)
[28.857s][info ][gc,heap        ] GC(1322) Survivor regions: 1->1(32)
[28.857s][info ][gc,heap        ] GC(1322) Old regions: 11->11
[28.857s][info ][gc,heap        ] GC(1322) Humongous regions: 0->0
[28.857s][info ][gc,metaspace   ] GC(1322) Metaspace: 10124K(10368K)->10124K(10368K) NonClass: 9160K(9344K)->9160K(9344K) Class: 963K(1024K)->963K(1024K)
[28.857s][info ][gc             ] GC(1322) Pause Young (Normal) (G1 Evacuation Pause) 256M->4M(424M) 0.584ms
[28.857s][info ][gc,cpu         ] GC(1322) User=0.00s Sys=0.00s Real=0.00s
[28.873s][info ][gc,start       ] GC(1323) Pause Young (Normal) (G1 Evacuation Pause)
[28.873s][info ][gc,task        ] GC(1323) Using 9 workers of 9 for evacuation
[28.873s][debug][gc,age         ] GC(1323) Desired survivor size 16777216 bytes, new threshold 15 (max threshold 15)
[28.874s][info ][gc,phases      ] GC(1323)   Pre Evacuate Collection Set: 0.09ms
[28.874s][info ][gc,phases      ] GC(1323)   Merge Heap Roots: 0.08ms
[28.874s][info ][gc,phases      ] GC(1323)   Evacuate Collection Set: 0.07ms
[28.874s][info ][gc,phases      ] GC(1323)   Post Evacuate Collection Set: 0.18ms
[28.874s][info ][gc,phases      ] GC(1323)   Other: 0.05ms
[28.874s][trace][gc,age         ] GC(1323) Age table:
[28.874s][trace][gc,age         ] GC(1323) - age   1:        192 bytes,        192 total
[28.874s][info ][gc,heap        ] GC(1323) Eden regions: 253->0(253)
[28.874s][info ][gc,heap        ] GC(1323) Survivor regions: 1->1(32)
[28.874s][info ][gc,heap        ] GC(1323) Old regions: 11->11
[28.874s][info ][gc,heap        ] GC(1323) Humongous regions: 0->0
[28.874s][info ][gc,metaspace   ] GC(1323) Metaspace: 10124K(10368K)->10124K(10368K) NonClass: 9160K(9344K)->9160K(9344K) Class: 963K(1024K)->963K(1024K)
[28.874s][info ][gc             ] GC(1323) Pause Young (Normal) (G1 Evacuation Pause) 256M->4M(424M) 0.572ms
[28.874s][info ][gc,cpu         ] GC(1323) User=0.01s Sys=0.00s Real=0.00s
[28.890s][info ][gc,start       ] GC(1324) Pause Young (Normal) (G1 Evacuation Pause)
[28.890s][info ][gc,task        ] GC(1324) Using 9 workers of 9 for evacuation
[28.890s][debug][gc,age         ] GC(1324) Desired survivor size 16777216 bytes, new threshold 15 (max threshold 15)
[28.890s][info ][gc,phases      ] GC(1324)   Pre Evacuate Collection Set: 0.07ms
[28.890s][info ][gc,phases      ] GC(1324)   Merge Heap Roots: 0.05ms
[28.890s][info ][gc,phases      ] GC(1324)   Evacuate Collection Set: 0.11ms
[28.890s][info ][gc,phases      ] GC(1324)   Post Evacuate Collection Set: 0.16ms
[28.890s][info ][gc,phases      ] GC(1324)   Other: 0.05ms
[28.890s][trace][gc,age         ] GC(1324) Age table:
[28.890s][trace][gc,age         ] GC(1324) - age   1:        192 bytes,        192 total
[28.890s][info ][gc,heap        ] GC(1324) Eden regions: 253->0(253)
[28.890s][info ][gc,heap        ] GC(1324) Survivor regions: 1->1(32)
[28.890s][info ][gc,heap        ] GC(1324) Old regions: 11->11
[28.890s][info ][gc,heap        ] GC(1324) Humongous regions: 0->0
[28.890s][info ][gc,metaspace   ] GC(1324) Metaspace: 10124K(10368K)->10124K(10368K) NonClass: 9160K(9344K)->9160K(9344K) Class: 963K(1024K)->963K(1024K)
[28.890s][info ][gc             ] GC(1324) Pause Young (Normal) (G1 Evacuation Pause) 256M->4M(424M) 0.560ms
[28.890s][info ][gc,cpu         ] GC(1324) User=0.00s Sys=0.00s Real=0.00s
[28.905s][info ][gc,start       ] GC(1325) Pause Young (Normal) (G1 Evacuation Pause)
[28.906s][info ][gc,task        ] GC(1325) Using 9 workers of 9 for evacuation
[28.906s][debug][gc,age         ] GC(1325) Desired survivor size 16777216 bytes, new threshold 15 (max threshold 15)
[28.906s][info ][gc,phases      ] GC(1325)   Pre Evacuate Collection Set: 0.06ms
[28.906s][info ][gc,phases      ] GC(1325)   Merge Heap Roots: 0.07ms
[28.906s][info ][gc,phases      ] GC(1325)   Evacuate Collection Set: 0.08ms
[28.906s][info ][gc,phases      ] GC(1325)   Post Evacuate Collection Set: 0.15ms
[28.906s][info ][gc,phases      ] GC(1325)   Other: 0.05ms
[28.906s][trace][gc,age         ] GC(1325) Age table:
[28.906s][trace][gc,age         ] GC(1325) - age   1:        192 bytes,        192 total
[28.906s][info ][gc,heap        ] GC(1325) Eden regions: 253->0(253)
[28.906s][info ][gc,heap        ] GC(1325) Survivor regions: 1->1(32)
[28.906s][info ][gc,heap        ] GC(1325) Old regions: 11->11
[28.906s][info ][gc,heap        ] GC(1325) Humongous regions: 0->0
[28.906s][info ][gc,metaspace   ] GC(1325) Metaspace: 10124K(10368K)->10124K(10368K) NonClass: 9160K(9344K)->9160K(9344K) Class: 963K(1024K)->963K(1024K)
[28.906s][info ][gc             ] GC(1325) Pause Young (Normal) (G1 Evacuation Pause) 256M->4M(424M) 0.527ms
[28.906s][info ][gc,cpu         ] GC(1325) User=0.00s Sys=0.00s Real=0.00s
[28.922s][info ][gc,start       ] GC(1326) Pause Young (Normal) (G1 Evacuation Pause)
[28.922s][info ][gc,task        ] GC(1326) Using 9 workers of 9 for evacuation
[28.922s][debug][gc,age         ] GC(1326) Desired survivor size 16777216 bytes, new threshold 15 (max threshold 15)
[28.922s][info ][gc,phases      ] GC(1326)   Pre Evacuate Collection Set: 0.08ms
[28.922s][info ][gc,phases      ] GC(1326)   Merge Heap Roots: 0.06ms
[28.922s][info ][gc,phases      ] GC(1326)   Evacuate Collection Set: 0.13ms
[28.922s][info ][gc,phases      ] GC(1326)   Post Evacuate Collection Set: 0.18ms
[28.922s][info ][gc,phases      ] GC(1326)   Other: 0.05ms
[28.922s][trace][gc,age         ] GC(1326) Age table:
[28.922s][trace][gc,age         ] GC(1326) - age   1:        192 bytes,        192 total
[28.922s][info ][gc,heap        ] GC(1326) Eden regions: 253->0(253)
[28.922s][info ][gc,heap        ] GC(1326) Survivor regions: 1->1(32)
[28.922s][info ][gc,heap        ] GC(1326) Old regions: 11->11
[28.922s][info ][gc,heap        ] GC(1326) Humongous regions: 0->0
[28.922s][info ][gc,metaspace   ] GC(1326) Metaspace: 10124K(10368K)->10124K(10368K) NonClass: 9160K(9344K)->9160K(9344K) Class: 963K(1024K)->963K(1024K)
[28.922s][info ][gc             ] GC(1326) Pause Young (Normal) (G1 Evacuation Pause) 256M->4M(424M) 0.611ms
[28.922s][info ][gc,cpu         ] GC(1326) User=0.00s Sys=0.00s Real=0.00s
[28.938s][info ][gc,start       ] GC(1327) Pause Young (Normal) (G1 Evacuation Pause)
[28.938s][info ][gc,task        ] GC(1327) Using 9 workers of 9 for evacuation
[28.938s][debug][gc,age         ] GC(1327) Desired survivor size 16777216 bytes, new threshold 15 (max threshold 15)
[28.938s][info ][gc,phases      ] GC(1327)   Pre Evacuate Collection Set: 0.08ms
[28.938s][info ][gc,phases      ] GC(1327)   Merge Heap Roots: 0.07ms
[28.938s][info ][gc,phases      ] GC(1327)   Evacuate Collection Set: 0.10ms
[28.938s][info ][gc,phases      ] GC(1327)   Post Evacuate Collection Set: 0.14ms
[28.938s][info ][gc,phases      ] GC(1327)   Other: 0.06ms
[28.938s][trace][gc,age         ] GC(1327) Age table:
[28.938s][trace][gc,age         ] GC(1327) - age   1:        192 bytes,        192 total
[28.938s][info ][gc,heap        ] GC(1327) Eden regions: 253->0(253)
[28.938s][info ][gc,heap        ] GC(1327) Survivor regions: 1->1(32)
[28.938s][info ][gc,heap        ] GC(1327) Old regions: 11->11
[28.938s][info ][gc,heap        ] GC(1327) Humongous regions: 0->0
[28.938s][info ][gc,metaspace   ] GC(1327) Metaspace: 10124K(10368K)->10124K(10368K) NonClass: 9160K(9344K)->9160K(9344K) Class: 963K(1024K)->963K(1024K)
[28.938s][info ][gc             ] GC(1327) Pause Young (Normal) (G1 Evacuation Pause) 256M->4M(424M) 0.561ms
[28.938s][info ][gc,cpu         ] GC(1327) User=0.00s Sys=0.00s Real=0.00s
[28.954s][info ][gc,start       ] GC(1328) Pause Young (Normal) (G1 Evacuation Pause)
[28.954s][info ][gc,task        ] GC(1328) Using 9 workers of 9 for evacuation
[28.954s][debug][gc,age         ] GC(1328) Desired survivor size 16777216 bytes, new threshold 15 (max threshold 15)
[28.955s][info ][gc,phases      ] GC(1328)   Pre Evacuate Collection Set: 0.07ms
[28.955s][info ][gc,phases      ] GC(1328)   Merge Heap Roots: 0.09ms
[28.955s][info ][gc,phases      ] GC(1328)   Evacuate Collection Set: 0.09ms
[28.955s][info ][gc,phases      ] GC(1328)   Post Evacuate Collection Set: 0.17ms
[28.955s][info ][gc,phases      ] GC(1328)   Other: 0.05ms
[28.955s][trace][gc,age         ] GC(1328) Age table:
[28.955s][trace][gc,age         ] GC(1328) - age   1:        192 bytes,        192 total
[28.955s][info ][gc,heap        ] GC(1328) Eden regions: 253->0(253)
[28.955s][info ][gc,heap        ] GC(1328) Survivor regions: 1->1(32)
[28.955s][info ][gc,heap        ] GC(1328) Old regions: 11->11
[28.955s][info ][gc,heap        ] GC(1328) Humongous regions: 0->0
[28.955s][info ][gc,metaspace   ] GC(1328) Metaspace: 10124K(10368K)->10124K(10368K) NonClass: 9160K(9344K)->9160K(9344K) Class: 963K(1024K)->963K(1024K)
[28.955s][info ][gc             ] GC(1328) Pause Young (Normal) (G1 Evacuation Pause) 256M->4M(424M) 0.600ms
[28.955s][info ][gc,cpu         ] GC(1328) User=0.00s Sys=0.00s Real=0.00s
[28.970s][info ][gc,start       ] GC(1329) Pause Young (Normal) (G1 Evacuation Pause)
[28.970s][info ][gc,task        ] GC(1329) Using 9 workers of 9 for evacuation
[28.970s][debug][gc,age         ] GC(1329) Desired survivor size 16777216 bytes, new threshold 15 (max threshold 15)
[28.971s][info ][gc,phases      ] GC(1329)   Pre Evacuate Collection Set: 0.10ms
[28.971s][info ][gc,phases      ] GC(1329)   Merge Heap Roots: 0.07ms
[28.971s][info ][gc,phases      ] GC(1329)   Evacuate Collection Set: 0.13ms
[28.971s][info ][gc,phases      ] GC(1329)   Post Evacuate Collection Set: 0.18ms
[28.971s][info ][gc,phases      ] GC(1329)   Other: 0.05ms
[28.971s][trace][gc,age         ] GC(1329) Age table:
[28.971s][trace][gc,age         ] GC(1329) - age   1:        192 bytes,        192 total
[28.971s][info ][gc,heap        ] GC(1329) Eden regions: 253->0(253)
[28.971s][info ][gc,heap        ] GC(1329) Survivor regions: 1->1(32)
[28.971s][info ][gc,heap        ] GC(1329) Old regions: 11->11
[28.971s][info ][gc,heap        ] GC(1329) Humongous regions: 0->0
[28.971s][info ][gc,metaspace   ] GC(1329) Metaspace: 10124K(10368K)->10124K(10368K) NonClass: 9160K(9344K)->9160K(9344K) Class: 963K(1024K)->963K(1024K)
[28.971s][info ][gc             ] GC(1329) Pause Young (Normal) (G1 Evacuation Pause) 256M->4M(424M) 0.646ms
[28.971s][info ][gc,cpu         ] GC(1329) User=0.00s Sys=0.00s Real=0.00s
[28.987s][info ][gc,start       ] GC(1330) Pause Young (Normal) (G1 Evacuation Pause)
[28.987s][info ][gc,task        ] GC(1330) Using 9 workers of 9 for evacuation
[28.987s][debug][gc,age         ] GC(1330) Desired survivor size 16777216 bytes, new threshold 15 (max threshold 15)
[28.987s][info ][gc,phases      ] GC(1330)   Pre Evacuate Collection Set: 0.08ms
[28.987s][info ][gc,phases      ] GC(1330)   Merge Heap Roots: 0.06ms
[28.987s][info ][gc,phases      ] GC(1330)   Evacuate Collection Set: 0.10ms
[28.987s][info ][gc,phases      ] GC(1330)   Post Evacuate Collection Set: 0.16ms
[28.987s][info ][gc,phases      ] GC(1330)   Other: 0.05ms
[28.987s][trace][gc,age         ] GC(1330) Age table:
[28.987s][trace][gc,age         ] GC(1330) - age   1:        192 bytes,        192 total
[28.987s][info ][gc,heap        ] GC(1330) Eden regions: 253->0(253)
[28.987s][info ][gc,heap        ] GC(1330) Survivor regions: 1->1(32)
[28.987s][info ][gc,heap        ] GC(1330) Old regions: 11->11
[28.987s][info ][gc,heap        ] GC(1330) Humongous regions: 0->0
[28.987s][info ][gc,metaspace   ] GC(1330) Metaspace: 10124K(10368K)->10124K(10368K) NonClass: 9160K(9344K)->9160K(9344K) Class: 963K(1024K)->963K(1024K)
[28.987s][info ][gc             ] GC(1330) Pause Young (Normal) (G1 Evacuation Pause) 256M->4M(424M) 0.562ms
[28.987s][info ][gc,cpu         ] GC(1330) User=0.00s Sys=0.00s Real=0.00s
[29.003s][info ][gc,start       ] GC(1331) Pause Young (Normal) (G1 Evacuation Pause)
[29.003s][info ][gc,task        ] GC(1331) Using 9 workers of 9 for evacuation
[29.003s][debug][gc,age         ] GC(1331) Desired survivor size 16777216 bytes, new threshold 15 (max threshold 15)
[29.003s][info ][gc,phases      ] GC(1331)   Pre Evacuate Collection Set: 0.07ms
[29.003s][info ][gc,phases      ] GC(1331)   Merge Heap Roots: 0.05ms
[29.003s][info ][gc,phases      ] GC(1331)   Evacuate Collection Set: 0.13ms
[29.003s][info ][gc,phases      ] GC(1331)   Post Evacuate Collection Set: 0.18ms
[29.003s][info ][gc,phases      ] GC(1331)   Other: 0.06ms
[29.003s][trace][gc,age         ] GC(1331) Age table:
[29.003s][trace][gc,age         ] GC(1331) - age   1:        192 bytes,        192 total
[29.003s][info ][gc,heap        ] GC(1331) Eden regions: 253->0(253)
[29.003s][info ][gc,heap        ] GC(1331) Survivor regions: 1->1(32)
[29.003s][info ][gc,heap        ] GC(1331) Old regions: 11->11
[29.003s][info ][gc,heap        ] GC(1331) Humongous regions: 0->0
[29.003s][info ][gc,metaspace   ] GC(1331) Metaspace: 10124K(10368K)->10124K(10368K) NonClass: 9160K(9344K)->9160K(9344K) Class: 963K(1024K)->963K(1024K)
[29.003s][info ][gc             ] GC(1331) Pause Young (Normal) (G1 Evacuation Pause) 256M->4M(424M) 0.602ms
[29.003s][info ][gc,cpu         ] GC(1331) User=0.00s Sys=0.00s Real=0.00s
[29.019s][info ][gc,start       ] GC(1332) Pause Young (Normal) (G1 Evacuation Pause)
[29.019s][info ][gc,task        ] GC(1332) Using 9 workers of 9 for evacuation
[29.019s][debug][gc,age         ] GC(1332) Desired survivor size 16777216 bytes, new threshold 15 (max threshold 15)
[29.020s][info ][gc,phases      ] GC(1332)   Pre Evacuate Collection Set: 0.08ms
[29.020s][info ][gc,phases      ] GC(1332)   Merge Heap Roots: 0.08ms
[29.020s][info ][gc,phases      ] GC(1332)   Evacuate Collection Set: 0.11ms
[29.020s][info ][gc,phases      ] GC(1332)   Post Evacuate Collection Set: 0.16ms
[29.020s][info ][gc,phases      ] GC(1332)   Other: 0.05ms
[29.020s][trace][gc,age         ] GC(1332) Age table:
[29.020s][trace][gc,age         ] GC(1332) - age   1:        192 bytes,        192 total
[29.020s][info ][gc,heap        ] GC(1332) Eden regions: 253->0(253)
[29.020s][info ][gc,heap        ] GC(1332) Survivor regions: 1->1(32)
[29.020s][info ][gc,heap        ] GC(1332) Old regions: 11->11
[29.020s][info ][gc,heap        ] GC(1332) Humongous regions: 0->0
[29.020s][info ][gc,metaspace   ] GC(1332) Metaspace: 10124K(10368K)->10124K(10368K) NonClass: 9160K(9344K)->9160K(9344K) Class: 963K(1024K)->963K(1024K)
[29.020s][info ][gc             ] GC(1332) Pause Young (Normal) (G1 Evacuation Pause) 256M->4M(424M) 0.596ms
[29.020s][info ][gc,cpu         ] GC(1332) User=0.00s Sys=0.00s Real=0.00s
[29.035s][info ][gc,start       ] GC(1333) Pause Young (Normal) (G1 Evacuation Pause)
[29.035s][info ][gc,task        ] GC(1333) Using 9 workers of 9 for evacuation
[29.035s][debug][gc,age         ] GC(1333) Desired survivor size 16777216 bytes, new threshold 15 (max threshold 15)
[29.036s][info ][gc,phases      ] GC(1333)   Pre Evacuate Collection Set: 0.07ms
[29.036s][info ][gc,phases      ] GC(1333)   Merge Heap Roots: 0.06ms
[29.036s][info ][gc,phases      ] GC(1333)   Evacuate Collection Set: 0.09ms
[29.036s][info ][gc,phases      ] GC(1333)   Post Evacuate Collection Set: 0.18ms
[29.036s][info ][gc,phases      ] GC(1333)   Other: 0.05ms
[29.036s][trace][gc,age         ] GC(1333) Age table:
[29.036s][trace][gc,age         ] GC(1333) - age   1:        192 bytes,        192 total
[29.036s][info ][gc,heap        ] GC(1333) Eden regions: 253->0(253)
[29.036s][info ][gc,heap        ] GC(1333) Survivor regions: 1->1(32)
[29.036s][info ][gc,heap        ] GC(1333) Old regions: 11->11
[29.036s][info ][gc,heap        ] GC(1333) Humongous regions: 0->0
[29.036s][info ][gc,metaspace   ] GC(1333) Metaspace: 10124K(10368K)->10124K(10368K) NonClass: 9160K(9344K)->9160K(9344K) Class: 963K(1024K)->963K(1024K)
[29.036s][info ][gc             ] GC(1333) Pause Young (Normal) (G1 Evacuation Pause) 256M->4M(424M) 0.567ms
[29.036s][info ][gc,cpu         ] GC(1333) User=0.00s Sys=0.00s Real=0.01s
[29.051s][info ][gc,start       ] GC(1334) Pause Young (Normal) (G1 Evacuation Pause)
[29.051s][info ][gc,task        ] GC(1334) Using 9 workers of 9 for evacuation
[29.051s][debug][gc,age         ] GC(1334) Desired survivor size 16777216 bytes, new threshold 15 (max threshold 15)
[29.052s][info ][gc,phases      ] GC(1334)   Pre Evacuate Collection Set: 0.09ms
[29.052s][info ][gc,phases      ] GC(1334)   Merge Heap Roots: 0.07ms
[29.052s][info ][gc,phases      ] GC(1334)   Evacuate Collection Set: 0.12ms
[29.052s][info ][gc,phases      ] GC(1334)   Post Evacuate Collection Set: 0.18ms
[29.052s][info ][gc,phases      ] GC(1334)   Other: 0.05ms
[29.052s][trace][gc,age         ] GC(1334) Age table:
[29.052s][trace][gc,age         ] GC(1334) - age   1:        192 bytes,        192 total
[29.052s][info ][gc,heap        ] GC(1334) Eden regions: 253->0(253)
[29.052s][info ][gc,heap        ] GC(1334) Survivor regions: 1->1(32)
[29.052s][info ][gc,heap        ] GC(1334) Old regions: 11->11
[29.052s][info ][gc,heap        ] GC(1334) Humongous regions: 0->0
[29.052s][info ][gc,metaspace   ] GC(1334) Metaspace: 10124K(10368K)->10124K(10368K) NonClass: 9160K(9344K)->9160K(9344K) Class: 963K(1024K)->963K(1024K)
[29.052s][info ][gc             ] GC(1334) Pause Young (Normal) (G1 Evacuation Pause) 256M->4M(424M) 0.624ms
[29.052s][info ][gc,cpu         ] GC(1334) User=0.01s Sys=0.00s Real=0.00s
[29.067s][info ][gc,start       ] GC(1335) Pause Young (Normal) (G1 Evacuation Pause)
[29.068s][info ][gc,task        ] GC(1335) Using 9 workers of 9 for evacuation
[29.068s][debug][gc,age         ] GC(1335) Desired survivor size 16777216 bytes, new threshold 15 (max threshold 15)
[29.068s][info ][gc,phases      ] GC(1335)   Pre Evacuate Collection Set: 0.08ms
[29.068s][info ][gc,phases      ] GC(1335)   Merge Heap Roots: 0.08ms
[29.068s][info ][gc,phases      ] GC(1335)   Evacuate Collection Set: 0.12ms
[29.068s][info ][gc,phases      ] GC(1335)   Post Evacuate Collection Set: 0.21ms
[29.068s][info ][gc,phases      ] GC(1335)   Other: 0.05ms
[29.068s][trace][gc,age         ] GC(1335) Age table:
[29.068s][trace][gc,age         ] GC(1335) - age   1:        192 bytes,        192 total
[29.068s][info ][gc,heap        ] GC(1335) Eden regions: 253->0(253)
[29.068s][info ][gc,heap        ] GC(1335) Survivor regions: 1->1(32)
[29.068s][info ][gc,heap        ] GC(1335) Old regions: 11->11
[29.068s][info ][gc,heap        ] GC(1335) Humongous regions: 0->0
[29.068s][info ][gc,metaspace   ] GC(1335) Metaspace: 10124K(10368K)->10124K(10368K) NonClass: 9160K(9344K)->9160K(9344K) Class: 963K(1024K)->963K(1024K)
[29.068s][info ][gc             ] GC(1335) Pause Young (Normal) (G1 Evacuation Pause) 256M->4M(424M) 0.670ms
[29.068s][info ][gc,cpu         ] GC(1335) User=0.00s Sys=0.00s Real=0.00s
[29.084s][info ][gc,start       ] GC(1336) Pause Young (Normal) (G1 Evacuation Pause)
[29.084s][info ][gc,task        ] GC(1336) Using 9 workers of 9 for evacuation
[29.084s][debug][gc,age         ] GC(1336) Desired survivor size 16777216 bytes, new threshold 15 (max threshold 15)
[29.084s][info ][gc,phases      ] GC(1336)   Pre Evacuate Collection Set: 0.08ms
[29.084s][info ][gc,phases      ] GC(1336)   Merge Heap Roots: 0.07ms
[29.084s][info ][gc,phases      ] GC(1336)   Evacuate Collection Set: 0.08ms
[29.084s][info ][gc,phases      ] GC(1336)   Post Evacuate Collection Set: 0.18ms
[29.084s][info ][gc,phases      ] GC(1336)   Other: 0.06ms
[29.084s][trace][gc,age         ] GC(1336) Age table:
[29.084s][trace][gc,age         ] GC(1336) - age   1:        192 bytes,        192 total
[29.084s][info ][gc,heap        ] GC(1336) Eden regions: 253->0(253)
[29.084s][info ][gc,heap        ] GC(1336) Survivor regions: 1->1(32)
[29.084s][info ][gc,heap        ] GC(1336) Old regions: 11->11
[29.085s][info ][gc,heap        ] GC(1336) Humongous regions: 0->0
[29.085s][info ][gc,metaspace   ] GC(1336) Metaspace: 10124K(10368K)->10124K(10368K) NonClass: 9160K(9344K)->9160K(9344K) Class: 963K(1024K)->963K(1024K)
[29.085s][info ][gc             ] GC(1336) Pause Young (Normal) (G1 Evacuation Pause) 256M->4M(424M) 0.617ms
[29.085s][info ][gc,cpu         ] GC(1336) User=0.00s Sys=0.00s Real=0.00s
[29.100s][info ][gc,start       ] GC(1337) Pause Young (Normal) (G1 Evacuation Pause)
[29.100s][info ][gc,task        ] GC(1337) Using 9 workers of 9 for evacuation
[29.100s][debug][gc,age         ] GC(1337) Desired survivor size 16777216 bytes, new threshold 15 (max threshold 15)
[29.101s][info ][gc,phases      ] GC(1337)   Pre Evacuate Collection Set: 0.10ms
[29.101s][info ][gc,phases      ] GC(1337)   Merge Heap Roots: 0.08ms
[29.101s][info ][gc,phases      ] GC(1337)   Evacuate Collection Set: 0.09ms
[29.101s][info ][gc,phases      ] GC(1337)   Post Evacuate Collection Set: 0.19ms
[29.101s][info ][gc,phases      ] GC(1337)   Other: 0.06ms
[29.101s][trace][gc,age         ] GC(1337) Age table:
[29.101s][trace][gc,age         ] GC(1337) - age   1:        192 bytes,        192 total
[29.101s][info ][gc,heap        ] GC(1337) Eden regions: 253->0(253)
[29.101s][info ][gc,heap        ] GC(1337) Survivor regions: 1->1(32)
[29.101s][info ][gc,heap        ] GC(1337) Old regions: 11->11
[29.101s][info ][gc,heap        ] GC(1337) Humongous regions: 0->0
[29.101s][info ][gc,metaspace   ] GC(1337) Metaspace: 10124K(10368K)->10124K(10368K) NonClass: 9160K(9344K)->9160K(9344K) Class: 963K(1024K)->963K(1024K)
[29.101s][info ][gc             ] GC(1337) Pause Young (Normal) (G1 Evacuation Pause) 256M->4M(424M) 0.634ms
[29.101s][info ][gc,cpu         ] GC(1337) User=0.01s Sys=0.00s Real=0.00s
[29.117s][info ][gc,start       ] GC(1338) Pause Young (Normal) (G1 Evacuation Pause)
[29.117s][info ][gc,task        ] GC(1338) Using 9 workers of 9 for evacuation
[29.117s][debug][gc,age         ] GC(1338) Desired survivor size 16777216 bytes, new threshold 15 (max threshold 15)
[29.117s][info ][gc,phases      ] GC(1338)   Pre Evacuate Collection Set: 0.09ms
[29.117s][info ][gc,phases      ] GC(1338)   Merge Heap Roots: 0.10ms
[29.117s][info ][gc,phases      ] GC(1338)   Evacuate Collection Set: 0.12ms
[29.117s][info ][gc,phases      ] GC(1338)   Post Evacuate Collection Set: 0.19ms
[29.117s][info ][gc,phases      ] GC(1338)   Other: 0.05ms
[29.117s][trace][gc,age         ] GC(1338) Age table:
[29.117s][trace][gc,age         ] GC(1338) - age   1:        192 bytes,        192 total
[29.117s][info ][gc,heap        ] GC(1338) Eden regions: 253->0(253)
[29.117s][info ][gc,heap        ] GC(1338) Survivor regions: 1->1(32)
[29.117s][info ][gc,heap        ] GC(1338) Old regions: 11->11
[29.117s][info ][gc,heap        ] GC(1338) Humongous regions: 0->0
[29.117s][info ][gc,metaspace   ] GC(1338) Metaspace: 10124K(10368K)->10124K(10368K) NonClass: 9160K(9344K)->9160K(9344K) Class: 963K(1024K)->963K(1024K)
[29.117s][info ][gc             ] GC(1338) Pause Young (Normal) (G1 Evacuation Pause) 256M->4M(424M) 0.654ms
[29.117s][info ][gc,cpu         ] GC(1338) User=0.00s Sys=0.00s Real=0.00s
[29.133s][info ][gc,start       ] GC(1339) Pause Young (Normal) (G1 Evacuation Pause)
[29.133s][info ][gc,task        ] GC(1339) Using 9 workers of 9 for evacuation
[29.133s][debug][gc,age         ] GC(1339) Desired survivor size 16777216 bytes, new threshold 15 (max threshold 15)
[29.133s][info ][gc,phases      ] GC(1339)   Pre Evacuate Collection Set: 0.07ms
[29.133s][info ][gc,phases      ] GC(1339)   Merge Heap Roots: 0.06ms
[29.133s][info ][gc,phases      ] GC(1339)   Evacuate Collection Set: 0.12ms
[29.133s][info ][gc,phases      ] GC(1339)   Post Evacuate Collection Set: 0.20ms
[29.133s][info ][gc,phases      ] GC(1339)   Other: 0.06ms
[29.133s][trace][gc,age         ] GC(1339) Age table:
[29.133s][trace][gc,age         ] GC(1339) - age   1:        192 bytes,        192 total
[29.133s][info ][gc,heap        ] GC(1339) Eden regions: 253->0(253)
[29.133s][info ][gc,heap        ] GC(1339) Survivor regions: 1->1(32)
[29.133s][info ][gc,heap        ] GC(1339) Old regions: 11->11
[29.133s][info ][gc,heap        ] GC(1339) Humongous regions: 0->0
[29.133s][info ][gc,metaspace   ] GC(1339) Metaspace: 10124K(10368K)->10124K(10368K) NonClass: 9160K(9344K)->9160K(9344K) Class: 963K(1024K)->963K(1024K)
[29.133s][info ][gc             ] GC(1339) Pause Young (Normal) (G1 Evacuation Pause) 256M->4M(424M) 0.613ms
[29.133s][info ][gc,cpu         ] GC(1339) User=0.00s Sys=0.00s Real=0.00s
[29.149s][info ][gc,start       ] GC(1340) Pause Young (Normal) (G1 Evacuation Pause)
[29.149s][info ][gc,task        ] GC(1340) Using 9 workers of 9 for evacuation
[29.149s][debug][gc,age         ] GC(1340) Desired survivor size 16777216 bytes, new threshold 15 (max threshold 15)
[29.150s][info ][gc,phases      ] GC(1340)   Pre Evacuate Collection Set: 0.07ms
[29.150s][info ][gc,phases      ] GC(1340)   Merge Heap Roots: 0.06ms
[29.150s][info ][gc,phases      ] GC(1340)   Evacuate Collection Set: 0.11ms
[29.150s][info ][gc,phases      ] GC(1340)   Post Evacuate Collection Set: 0.16ms
[29.150s][info ][gc,phases      ] GC(1340)   Other: 0.05ms
[29.150s][trace][gc,age         ] GC(1340) Age table:
[29.150s][trace][gc,age         ] GC(1340) - age   1:        192 bytes,        192 total
[29.150s][info ][gc,heap        ] GC(1340) Eden regions: 253->0(253)
[29.150s][info ][gc,heap        ] GC(1340) Survivor regions: 1->1(32)
[29.150s][info ][gc,heap        ] GC(1340) Old regions: 11->11
[29.150s][info ][gc,heap        ] GC(1340) Humongous regions: 0->0
[29.150s][info ][gc,metaspace   ] GC(1340) Metaspace: 10124K(10368K)->10124K(10368K) NonClass: 9160K(9344K)->9160K(9344K) Class: 963K(1024K)->963K(1024K)
[29.150s][info ][gc             ] GC(1340) Pause Young (Normal) (G1 Evacuation Pause) 256M->4M(424M) 0.552ms
[29.150s][info ][gc,cpu         ] GC(1340) User=0.00s Sys=0.00s Real=0.00s
[29.165s][info ][gc,start       ] GC(1341) Pause Young (Normal) (G1 Evacuation Pause)
[29.166s][info ][gc,task        ] GC(1341) Using 9 workers of 9 for evacuation
[29.166s][debug][gc,age         ] GC(1341) Desired survivor size 16777216 bytes, new threshold 15 (max threshold 15)
[29.166s][info ][gc,phases      ] GC(1341)   Pre Evacuate Collection Set: 0.09ms
[29.166s][info ][gc,phases      ] GC(1341)   Merge Heap Roots: 0.06ms
[29.166s][info ][gc,phases      ] GC(1341)   Evacuate Collection Set: 0.10ms
[29.166s][info ][gc,phases      ] GC(1341)   Post Evacuate Collection Set: 0.18ms
[29.166s][info ][gc,phases      ] GC(1341)   Other: 0.05ms
[29.166s][trace][gc,age         ] GC(1341) Age table:
[29.166s][trace][gc,age         ] GC(1341) - age   1:        192 bytes,        192 total
[29.166s][info ][gc,heap        ] GC(1341) Eden regions: 253->0(253)
[29.166s][info ][gc,heap        ] GC(1341) Survivor regions: 1->1(32)
[29.166s][info ][gc,heap        ] GC(1341) Old regions: 11->11
[29.166s][info ][gc,heap        ] GC(1341) Humongous regions: 0->0
[29.166s][info ][gc,metaspace   ] GC(1341) Metaspace: 10124K(10368K)->10124K(10368K) NonClass: 9160K(9344K)->9160K(9344K) Class: 963K(1024K)->963K(1024K)
[29.166s][info ][gc             ] GC(1341) Pause Young (Normal) (G1 Evacuation Pause) 256M->4M(424M) 0.580ms
[29.166s][info ][gc,cpu         ] GC(1341) User=0.00s Sys=0.00s Real=0.00s
[29.182s][info ][gc,start       ] GC(1342) Pause Young (Normal) (G1 Evacuation Pause)
[29.182s][info ][gc,task        ] GC(1342) Using 9 workers of 9 for evacuation
[29.182s][debug][gc,age         ] GC(1342) Desired survivor size 16777216 bytes, new threshold 15 (max threshold 15)
[29.182s][info ][gc,phases      ] GC(1342)   Pre Evacuate Collection Set: 0.09ms
[29.182s][info ][gc,phases      ] GC(1342)   Merge Heap Roots: 0.09ms
[29.182s][info ][gc,phases      ] GC(1342)   Evacuate Collection Set: 0.09ms
[29.182s][info ][gc,phases      ] GC(1342)   Post Evacuate Collection Set: 0.20ms
[29.182s][info ][gc,phases      ] GC(1342)   Other: 0.07ms
[29.182s][trace][gc,age         ] GC(1342) Age table:
[29.182s][trace][gc,age         ] GC(1342) - age   1:        192 bytes,        192 total
[29.182s][info ][gc,heap        ] GC(1342) Eden regions: 253->0(253)
[29.182s][info ][gc,heap        ] GC(1342) Survivor regions: 1->1(32)
[29.182s][info ][gc,heap        ] GC(1342) Old regions: 11->11
[29.182s][info ][gc,heap        ] GC(1342) Humongous regions: 0->0
[29.182s][info ][gc,metaspace   ] GC(1342) Metaspace: 10124K(10368K)->10124K(10368K) NonClass: 9160K(9344K)->9160K(9344K) Class: 963K(1024K)->963K(1024K)
[29.182s][info ][gc             ] GC(1342) Pause Young (Normal) (G1 Evacuation Pause) 256M->4M(424M) 0.653ms
[29.182s][info ][gc,cpu         ] GC(1342) User=0.00s Sys=0.00s Real=0.00s
[29.198s][info ][gc,start       ] GC(1343) Pause Young (Normal) (G1 Evacuation Pause)
[29.198s][info ][gc,task        ] GC(1343) Using 9 workers of 9 for evacuation
[29.198s][debug][gc,age         ] GC(1343) Desired survivor size 16777216 bytes, new threshold 15 (max threshold 15)
[29.199s][info ][gc,phases      ] GC(1343)   Pre Evacuate Collection Set: 0.10ms
[29.199s][info ][gc,phases      ] GC(1343)   Merge Heap Roots: 0.07ms
[29.199s][info ][gc,phases      ] GC(1343)   Evacuate Collection Set: 0.08ms
[29.199s][info ][gc,phases      ] GC(1343)   Post Evacuate Collection Set: 0.17ms
[29.199s][info ][gc,phases      ] GC(1343)   Other: 0.07ms
[29.199s][trace][gc,age         ] GC(1343) Age table:
[29.199s][trace][gc,age         ] GC(1343) - age   1:        192 bytes,        192 total
[29.199s][info ][gc,heap        ] GC(1343) Eden regions: 253->0(253)
[29.199s][info ][gc,heap        ] GC(1343) Survivor regions: 1->1(32)
[29.199s][info ][gc,heap        ] GC(1343) Old regions: 11->11
[29.199s][info ][gc,heap        ] GC(1343) Humongous regions: 0->0
[29.199s][info ][gc,metaspace   ] GC(1343) Metaspace: 10124K(10368K)->10124K(10368K) NonClass: 9160K(9344K)->9160K(9344K) Class: 963K(1024K)->963K(1024K)
[29.199s][info ][gc             ] GC(1343) Pause Young (Normal) (G1 Evacuation Pause) 256M->4M(424M) 0.599ms
[29.199s][info ][gc,cpu         ] GC(1343) User=0.00s Sys=0.00s Real=0.00s
[29.214s][info ][gc,start       ] GC(1344) Pause Young (Normal) (G1 Evacuation Pause)
[29.214s][info ][gc,task        ] GC(1344) Using 9 workers of 9 for evacuation
[29.214s][debug][gc,age         ] GC(1344) Desired survivor size 16777216 bytes, new threshold 15 (max threshold 15)
[29.215s][info ][gc,phases      ] GC(1344)   Pre Evacuate Collection Set: 0.07ms
[29.215s][info ][gc,phases      ] GC(1344)   Merge Heap Roots: 0.07ms
[29.215s][info ][gc,phases      ] GC(1344)   Evacuate Collection Set: 0.08ms
[29.215s][info ][gc,phases      ] GC(1344)   Post Evacuate Collection Set: 0.17ms
[29.215s][info ][gc,phases      ] GC(1344)   Other: 0.05ms
[29.215s][trace][gc,age         ] GC(1344) Age table:
[29.215s][trace][gc,age         ] GC(1344) - age   1:        192 bytes,        192 total
[29.215s][info ][gc,heap        ] GC(1344) Eden regions: 253->0(253)
[29.215s][info ][gc,heap        ] GC(1344) Survivor regions: 1->1(32)
[29.215s][info ][gc,heap        ] GC(1344) Old regions: 11->11
[29.215s][info ][gc,heap        ] GC(1344) Humongous regions: 0->0
[29.215s][info ][gc,metaspace   ] GC(1344) Metaspace: 10124K(10368K)->10124K(10368K) NonClass: 9160K(9344K)->9160K(9344K) Class: 963K(1024K)->963K(1024K)
[29.215s][info ][gc             ] GC(1344) Pause Young (Normal) (G1 Evacuation Pause) 256M->4M(424M) 0.538ms
[29.215s][info ][gc,cpu         ] GC(1344) User=0.00s Sys=0.00s Real=0.00s
[29.231s][info ][gc,start       ] GC(1345) Pause Young (Normal) (G1 Evacuation Pause)
[29.231s][info ][gc,task        ] GC(1345) Using 9 workers of 9 for evacuation
[29.231s][debug][gc,age         ] GC(1345) Desired survivor size 16777216 bytes, new threshold 15 (max threshold 15)
[29.231s][info ][gc,phases      ] GC(1345)   Pre Evacuate Collection Set: 0.08ms
[29.231s][info ][gc,phases      ] GC(1345)   Merge Heap Roots: 0.08ms
[29.231s][info ][gc,phases      ] GC(1345)   Evacuate Collection Set: 0.09ms
[29.231s][info ][gc,phases      ] GC(1345)   Post Evacuate Collection Set: 0.19ms
[29.231s][info ][gc,phases      ] GC(1345)   Other: 0.06ms
[29.231s][trace][gc,age         ] GC(1345) Age table:
[29.231s][trace][gc,age         ] GC(1345) - age   1:        192 bytes,        192 total
[29.231s][info ][gc,heap        ] GC(1345) Eden regions: 253->0(253)
[29.231s][info ][gc,heap        ] GC(1345) Survivor regions: 1->1(32)
[29.231s][info ][gc,heap        ] GC(1345) Old regions: 11->11
[29.231s][info ][gc,heap        ] GC(1345) Humongous regions: 0->0
[29.231s][info ][gc,metaspace   ] GC(1345) Metaspace: 10124K(10368K)->10124K(10368K) NonClass: 9160K(9344K)->9160K(9344K) Class: 963K(1024K)->963K(1024K)
[29.231s][info ][gc             ] GC(1345) Pause Young (Normal) (G1 Evacuation Pause) 256M->4M(424M) 0.635ms
[29.231s][info ][gc,cpu         ] GC(1345) User=0.00s Sys=0.00s Real=0.00s
[29.247s][info ][gc,start       ] GC(1346) Pause Young (Normal) (G1 Evacuation Pause)
[29.247s][info ][gc,task        ] GC(1346) Using 9 workers of 9 for evacuation
[29.247s][debug][gc,age         ] GC(1346) Desired survivor size 16777216 bytes, new threshold 15 (max threshold 15)
[29.247s][info ][gc,phases      ] GC(1346)   Pre Evacuate Collection Set: 0.08ms
[29.247s][info ][gc,phases      ] GC(1346)   Merge Heap Roots: 0.08ms
[29.247s][info ][gc,phases      ] GC(1346)   Evacuate Collection Set: 0.12ms
[29.247s][info ][gc,phases      ] GC(1346)   Post Evacuate Collection Set: 0.17ms
[29.247s][info ][gc,phases      ] GC(1346)   Other: 0.06ms
[29.247s][trace][gc,age         ] GC(1346) Age table:
[29.247s][trace][gc,age         ] GC(1346) - age   1:        192 bytes,        192 total
[29.247s][info ][gc,heap        ] GC(1346) Eden regions: 253->0(253)
[29.247s][info ][gc,heap        ] GC(1346) Survivor regions: 1->1(32)
[29.247s][info ][gc,heap        ] GC(1346) Old regions: 11->11
[29.247s][info ][gc,heap        ] GC(1346) Humongous regions: 0->0
[29.247s][info ][gc,metaspace   ] GC(1346) Metaspace: 10124K(10368K)->10124K(10368K) NonClass: 9160K(9344K)->9160K(9344K) Class: 963K(1024K)->963K(1024K)
[29.247s][info ][gc             ] GC(1346) Pause Young (Normal) (G1 Evacuation Pause) 256M->4M(424M) 0.623ms
[29.247s][info ][gc,cpu         ] GC(1346) User=0.00s Sys=0.00s Real=0.00s
[29.263s][info ][gc,start       ] GC(1347) Pause Young (Normal) (G1 Evacuation Pause)
[29.263s][info ][gc,task        ] GC(1347) Using 9 workers of 9 for evacuation
[29.263s][debug][gc,age         ] GC(1347) Desired survivor size 16777216 bytes, new threshold 15 (max threshold 15)
[29.263s][info ][gc,phases      ] GC(1347)   Pre Evacuate Collection Set: 0.06ms
[29.263s][info ][gc,phases      ] GC(1347)   Merge Heap Roots: 0.07ms
[29.263s][info ][gc,phases      ] GC(1347)   Evacuate Collection Set: 0.10ms
[29.263s][info ][gc,phases      ] GC(1347)   Post Evacuate Collection Set: 0.19ms
[29.263s][info ][gc,phases      ] GC(1347)   Other: 0.05ms
[29.263s][trace][gc,age         ] GC(1347) Age table:
[29.263s][trace][gc,age         ] GC(1347) - age   1:        192 bytes,        192 total
[29.263s][info ][gc,heap        ] GC(1347) Eden regions: 253->0(253)
[29.263s][info ][gc,heap        ] GC(1347) Survivor regions: 1->1(32)
[29.263s][info ][gc,heap        ] GC(1347) Old regions: 11->11
[29.263s][info ][gc,heap        ] GC(1347) Humongous regions: 0->0
[29.263s][info ][gc,metaspace   ] GC(1347) Metaspace: 10124K(10368K)->10124K(10368K) NonClass: 9160K(9344K)->9160K(9344K) Class: 963K(1024K)->963K(1024K)
[29.263s][info ][gc             ] GC(1347) Pause Young (Normal) (G1 Evacuation Pause) 256M->4M(424M) 0.569ms
[29.263s][info ][gc,cpu         ] GC(1347) User=0.00s Sys=0.00s Real=0.00s
[29.279s][info ][gc,start       ] GC(1348) Pause Young (Normal) (G1 Evacuation Pause)
[29.279s][info ][gc,task        ] GC(1348) Using 9 workers of 9 for evacuation
[29.279s][debug][gc,age         ] GC(1348) Desired survivor size 16777216 bytes, new threshold 15 (max threshold 15)
[29.279s][info ][gc,phases      ] GC(1348)   Pre Evacuate Collection Set: 0.10ms
[29.279s][info ][gc,phases      ] GC(1348)   Merge Heap Roots: 0.07ms
[29.279s][info ][gc,phases      ] GC(1348)   Evacuate Collection Set: 0.10ms
[29.279s][info ][gc,phases      ] GC(1348)   Post Evacuate Collection Set: 0.18ms
[29.279s][info ][gc,phases      ] GC(1348)   Other: 0.05ms
[29.279s][trace][gc,age         ] GC(1348) Age table:
[29.279s][trace][gc,age         ] GC(1348) - age   1:        192 bytes,        192 total
[29.279s][info ][gc,heap        ] GC(1348) Eden regions: 253->0(253)
[29.279s][info ][gc,heap        ] GC(1348) Survivor regions: 1->1(32)
[29.279s][info ][gc,heap        ] GC(1348) Old regions: 11->11
[29.279s][info ][gc,heap        ] GC(1348) Humongous regions: 0->0
[29.279s][info ][gc,metaspace   ] GC(1348) Metaspace: 10124K(10368K)->10124K(10368K) NonClass: 9160K(9344K)->9160K(9344K) Class: 963K(1024K)->963K(1024K)
[29.279s][info ][gc             ] GC(1348) Pause Young (Normal) (G1 Evacuation Pause) 256M->4M(424M) 0.611ms
[29.279s][info ][gc,cpu         ] GC(1348) User=0.00s Sys=0.00s Real=0.00s
[29.295s][info ][gc,start       ] GC(1349) Pause Young (Normal) (G1 Evacuation Pause)
[29.295s][info ][gc,task        ] GC(1349) Using 9 workers of 9 for evacuation
[29.295s][debug][gc,age         ] GC(1349) Desired survivor size 16777216 bytes, new threshold 15 (max threshold 15)
[29.295s][info ][gc,phases      ] GC(1349)   Pre Evacuate Collection Set: 0.09ms
[29.295s][info ][gc,phases      ] GC(1349)   Merge Heap Roots: 0.11ms
[29.295s][info ][gc,phases      ] GC(1349)   Evacuate Collection Set: 0.09ms
[29.295s][info ][gc,phases      ] GC(1349)   Post Evacuate Collection Set: 0.18ms
[29.295s][info ][gc,phases      ] GC(1349)   Other: 0.05ms
[29.296s][trace][gc,age         ] GC(1349) Age table:
[29.296s][trace][gc,age         ] GC(1349) - age   1:        192 bytes,        192 total
[29.296s][info ][gc,heap        ] GC(1349) Eden regions: 253->0(253)
[29.296s][info ][gc,heap        ] GC(1349) Survivor regions: 1->1(32)
[29.296s][info ][gc,heap        ] GC(1349) Old regions: 11->11
[29.296s][info ][gc,heap        ] GC(1349) Humongous regions: 0->0
[29.296s][info ][gc,metaspace   ] GC(1349) Metaspace: 10124K(10368K)->10124K(10368K) NonClass: 9160K(9344K)->9160K(9344K) Class: 963K(1024K)->963K(1024K)
[29.296s][info ][gc             ] GC(1349) Pause Young (Normal) (G1 Evacuation Pause) 256M->4M(424M) 0.630ms
[29.296s][info ][gc,cpu         ] GC(1349) User=0.00s Sys=0.00s Real=0.01s
[29.311s][info ][gc,start       ] GC(1350) Pause Young (Normal) (G1 Evacuation Pause)
[29.311s][info ][gc,task        ] GC(1350) Using 9 workers of 9 for evacuation
[29.311s][debug][gc,age         ] GC(1350) Desired survivor size 16777216 bytes, new threshold 15 (max threshold 15)
[29.312s][info ][gc,phases      ] GC(1350)   Pre Evacuate Collection Set: 0.06ms
[29.312s][info ][gc,phases      ] GC(1350)   Merge Heap Roots: 0.08ms
[29.312s][info ][gc,phases      ] GC(1350)   Evacuate Collection Set: 0.09ms
[29.312s][info ][gc,phases      ] GC(1350)   Post Evacuate Collection Set: 0.18ms
[29.312s][info ][gc,phases      ] GC(1350)   Other: 0.06ms
[29.312s][trace][gc,age         ] GC(1350) Age table:
[29.312s][trace][gc,age         ] GC(1350) - age   1:        192 bytes,        192 total
[29.312s][info ][gc,heap        ] GC(1350) Eden regions: 253->0(253)
[29.312s][info ][gc,heap        ] GC(1350) Survivor regions: 1->1(32)
[29.312s][info ][gc,heap        ] GC(1350) Old regions: 11->11
[29.312s][info ][gc,heap        ] GC(1350) Humongous regions: 0->0
[29.312s][info ][gc,metaspace   ] GC(1350) Metaspace: 10124K(10368K)->10124K(10368K) NonClass: 9160K(9344K)->9160K(9344K) Class: 963K(1024K)->963K(1024K)
[29.312s][info ][gc             ] GC(1350) Pause Young (Normal) (G1 Evacuation Pause) 256M->4M(424M) 0.574ms
[29.312s][info ][gc,cpu         ] GC(1350) User=0.00s Sys=0.00s Real=0.00s
[29.327s][info ][gc,start       ] GC(1351) Pause Young (Normal) (G1 Evacuation Pause)
[29.327s][info ][gc,task        ] GC(1351) Using 9 workers of 9 for evacuation
[29.327s][debug][gc,age         ] GC(1351) Desired survivor size 16777216 bytes, new threshold 15 (max threshold 15)
[29.328s][info ][gc,phases      ] GC(1351)   Pre Evacuate Collection Set: 0.09ms
[29.328s][info ][gc,phases      ] GC(1351)   Merge Heap Roots: 0.07ms
[29.328s][info ][gc,phases      ] GC(1351)   Evacuate Collection Set: 0.11ms
[29.328s][info ][gc,phases      ] GC(1351)   Post Evacuate Collection Set: 0.18ms
[29.328s][info ][gc,phases      ] GC(1351)   Other: 0.06ms
[29.328s][trace][gc,age         ] GC(1351) Age table:
[29.328s][trace][gc,age         ] GC(1351) - age   1:        192 bytes,        192 total
[29.328s][info ][gc,heap        ] GC(1351) Eden regions: 253->0(253)
[29.328s][info ][gc,heap        ] GC(1351) Survivor regions: 1->1(32)
[29.328s][info ][gc,heap        ] GC(1351) Old regions: 11->11
[29.328s][info ][gc,heap        ] GC(1351) Humongous regions: 0->0
[29.328s][info ][gc,metaspace   ] GC(1351) Metaspace: 10124K(10368K)->10124K(10368K) NonClass: 9160K(9344K)->9160K(9344K) Class: 963K(1024K)->963K(1024K)
[29.328s][info ][gc             ] GC(1351) Pause Young (Normal) (G1 Evacuation Pause) 256M->4M(424M) 0.623ms
[29.328s][info ][gc,cpu         ] GC(1351) User=0.00s Sys=0.00s Real=0.00s
[29.344s][info ][gc,start       ] GC(1352) Pause Young (Normal) (G1 Evacuation Pause)
[29.344s][info ][gc,task        ] GC(1352) Using 9 workers of 9 for evacuation
[29.344s][debug][gc,age         ] GC(1352) Desired survivor size 16777216 bytes, new threshold 15 (max threshold 15)
[29.344s][info ][gc,phases      ] GC(1352)   Pre Evacuate Collection Set: 0.07ms
[29.344s][info ][gc,phases      ] GC(1352)   Merge Heap Roots: 0.08ms
[29.344s][info ][gc,phases      ] GC(1352)   Evacuate Collection Set: 0.10ms
[29.344s][info ][gc,phases      ] GC(1352)   Post Evacuate Collection Set: 0.19ms
[29.344s][info ][gc,phases      ] GC(1352)   Other: 0.06ms
[29.344s][trace][gc,age         ] GC(1352) Age table:
[29.344s][trace][gc,age         ] GC(1352) - age   1:        192 bytes,        192 total
[29.344s][info ][gc,heap        ] GC(1352) Eden regions: 253->0(253)
[29.344s][info ][gc,heap        ] GC(1352) Survivor regions: 1->1(32)
[29.344s][info ][gc,heap        ] GC(1352) Old regions: 11->11
[29.344s][info ][gc,heap        ] GC(1352) Humongous regions: 0->0
[29.344s][info ][gc,metaspace   ] GC(1352) Metaspace: 10124K(10368K)->10124K(10368K) NonClass: 9160K(9344K)->9160K(9344K) Class: 963K(1024K)->963K(1024K)
[29.344s][info ][gc             ] GC(1352) Pause Young (Normal) (G1 Evacuation Pause) 256M->4M(424M) 0.595ms
[29.344s][info ][gc,cpu         ] GC(1352) User=0.00s Sys=0.00s Real=0.00s
[29.360s][info ][gc,start       ] GC(1353) Pause Young (Normal) (G1 Evacuation Pause)
[29.360s][info ][gc,task        ] GC(1353) Using 9 workers of 9 for evacuation
[29.360s][debug][gc,age         ] GC(1353) Desired survivor size 16777216 bytes, new threshold 15 (max threshold 15)
[29.360s][info ][gc,phases      ] GC(1353)   Pre Evacuate Collection Set: 0.07ms
[29.360s][info ][gc,phases      ] GC(1353)   Merge Heap Roots: 0.05ms
[29.360s][info ][gc,phases      ] GC(1353)   Evacuate Collection Set: 0.11ms
[29.360s][info ][gc,phases      ] GC(1353)   Post Evacuate Collection Set: 0.18ms
[29.360s][info ][gc,phases      ] GC(1353)   Other: 0.06ms
[29.360s][trace][gc,age         ] GC(1353) Age table:
[29.360s][trace][gc,age         ] GC(1353) - age   1:        192 bytes,        192 total
[29.360s][info ][gc,heap        ] GC(1353) Eden regions: 253->0(253)
[29.360s][info ][gc,heap        ] GC(1353) Survivor regions: 1->1(32)
[29.360s][info ][gc,heap        ] GC(1353) Old regions: 11->11
[29.360s][info ][gc,heap        ] GC(1353) Humongous regions: 0->0
[29.360s][info ][gc,metaspace   ] GC(1353) Metaspace: 10124K(10368K)->10124K(10368K) NonClass: 9160K(9344K)->9160K(9344K) Class: 963K(1024K)->963K(1024K)
[29.360s][info ][gc             ] GC(1353) Pause Young (Normal) (G1 Evacuation Pause) 256M->4M(424M) 0.580ms
[29.360s][info ][gc,cpu         ] GC(1353) User=0.00s Sys=0.00s Real=0.00s
[29.376s][info ][gc,start       ] GC(1354) Pause Young (Normal) (G1 Evacuation Pause)
[29.376s][info ][gc,task        ] GC(1354) Using 9 workers of 9 for evacuation
[29.376s][debug][gc,age         ] GC(1354) Desired survivor size 16777216 bytes, new threshold 15 (max threshold 15)
[29.376s][info ][gc,phases      ] GC(1354)   Pre Evacuate Collection Set: 0.07ms
[29.376s][info ][gc,phases      ] GC(1354)   Merge Heap Roots: 0.06ms
[29.376s][info ][gc,phases      ] GC(1354)   Evacuate Collection Set: 0.10ms
[29.376s][info ][gc,phases      ] GC(1354)   Post Evacuate Collection Set: 0.17ms
[29.376s][info ][gc,phases      ] GC(1354)   Other: 0.06ms
[29.376s][trace][gc,age         ] GC(1354) Age table:
[29.376s][trace][gc,age         ] GC(1354) - age   1:        192 bytes,        192 total
[29.376s][info ][gc,heap        ] GC(1354) Eden regions: 253->0(253)
[29.376s][info ][gc,heap        ] GC(1354) Survivor regions: 1->1(32)
[29.376s][info ][gc,heap        ] GC(1354) Old regions: 11->11
[29.376s][info ][gc,heap        ] GC(1354) Humongous regions: 0->0
[29.376s][info ][gc,metaspace   ] GC(1354) Metaspace: 10124K(10368K)->10124K(10368K) NonClass: 9160K(9344K)->9160K(9344K) Class: 963K(1024K)->963K(1024K)
[29.376s][info ][gc             ] GC(1354) Pause Young (Normal) (G1 Evacuation Pause) 256M->4M(424M) 0.578ms
[29.376s][info ][gc,cpu         ] GC(1354) User=0.00s Sys=0.00s Real=0.00s
[29.392s][info ][gc,start       ] GC(1355) Pause Young (Normal) (G1 Evacuation Pause)
[29.392s][info ][gc,task        ] GC(1355) Using 9 workers of 9 for evacuation
[29.392s][debug][gc,age         ] GC(1355) Desired survivor size 16777216 bytes, new threshold 15 (max threshold 15)
[29.393s][info ][gc,phases      ] GC(1355)   Pre Evacuate Collection Set: 0.06ms
[29.393s][info ][gc,phases      ] GC(1355)   Merge Heap Roots: 0.07ms
[29.393s][info ][gc,phases      ] GC(1355)   Evacuate Collection Set: 0.11ms
[29.393s][info ][gc,phases      ] GC(1355)   Post Evacuate Collection Set: 0.16ms
[29.393s][info ][gc,phases      ] GC(1355)   Other: 0.06ms
[29.393s][trace][gc,age         ] GC(1355) Age table:
[29.393s][trace][gc,age         ] GC(1355) - age   1:        192 bytes,        192 total
[29.393s][info ][gc,heap        ] GC(1355) Eden regions: 253->0(253)
[29.393s][info ][gc,heap        ] GC(1355) Survivor regions: 1->1(32)
[29.393s][info ][gc,heap        ] GC(1355) Old regions: 11->11
[29.393s][info ][gc,heap        ] GC(1355) Humongous regions: 0->0
[29.393s][info ][gc,metaspace   ] GC(1355) Metaspace: 10124K(10368K)->10124K(10368K) NonClass: 9160K(9344K)->9160K(9344K) Class: 963K(1024K)->963K(1024K)
[29.393s][info ][gc             ] GC(1355) Pause Young (Normal) (G1 Evacuation Pause) 256M->4M(424M) 0.565ms
[29.393s][info ][gc,cpu         ] GC(1355) User=0.00s Sys=0.00s Real=0.00s
[29.408s][info ][gc,start       ] GC(1356) Pause Young (Normal) (G1 Evacuation Pause)
[29.409s][info ][gc,task        ] GC(1356) Using 9 workers of 9 for evacuation
[29.409s][debug][gc,age         ] GC(1356) Desired survivor size 16777216 bytes, new threshold 15 (max threshold 15)
[29.409s][info ][gc,phases      ] GC(1356)   Pre Evacuate Collection Set: 0.06ms
[29.409s][info ][gc,phases      ] GC(1356)   Merge Heap Roots: 0.08ms
[29.409s][info ][gc,phases      ] GC(1356)   Evacuate Collection Set: 0.08ms
[29.409s][info ][gc,phases      ] GC(1356)   Post Evacuate Collection Set: 0.17ms
[29.409s][info ][gc,phases      ] GC(1356)   Other: 0.06ms
[29.409s][trace][gc,age         ] GC(1356) Age table:
[29.409s][trace][gc,age         ] GC(1356) - age   1:        192 bytes,        192 total
[29.409s][info ][gc,heap        ] GC(1356) Eden regions: 253->0(253)
[29.409s][info ][gc,heap        ] GC(1356) Survivor regions: 1->1(32)
[29.409s][info ][gc,heap        ] GC(1356) Old regions: 11->11
[29.409s][info ][gc,heap        ] GC(1356) Humongous regions: 0->0
[29.409s][info ][gc,metaspace   ] GC(1356) Metaspace: 10124K(10368K)->10124K(10368K) NonClass: 9160K(9344K)->9160K(9344K) Class: 963K(1024K)->963K(1024K)
[29.409s][info ][gc             ] GC(1356) Pause Young (Normal) (G1 Evacuation Pause) 256M->4M(424M) 0.564ms
[29.409s][info ][gc,cpu         ] GC(1356) User=0.00s Sys=0.00s Real=0.00s
[29.425s][info ][gc,start       ] GC(1357) Pause Young (Normal) (G1 Evacuation Pause)
[29.425s][info ][gc,task        ] GC(1357) Using 9 workers of 9 for evacuation
[29.425s][debug][gc,age         ] GC(1357) Desired survivor size 16777216 bytes, new threshold 15 (max threshold 15)
[29.425s][info ][gc,phases      ] GC(1357)   Pre Evacuate Collection Set: 0.10ms
[29.425s][info ][gc,phases      ] GC(1357)   Merge Heap Roots: 0.06ms
[29.425s][info ][gc,phases      ] GC(1357)   Evacuate Collection Set: 0.10ms
[29.425s][info ][gc,phases      ] GC(1357)   Post Evacuate Collection Set: 0.16ms
[29.425s][info ][gc,phases      ] GC(1357)   Other: 0.05ms
[29.425s][trace][gc,age         ] GC(1357) Age table:
[29.425s][trace][gc,age         ] GC(1357) - age   1:        192 bytes,        192 total
[29.425s][info ][gc,heap        ] GC(1357) Eden regions: 253->0(253)
[29.425s][info ][gc,heap        ] GC(1357) Survivor regions: 1->1(32)
[29.425s][info ][gc,heap        ] GC(1357) Old regions: 11->11
[29.425s][info ][gc,heap        ] GC(1357) Humongous regions: 0->0
[29.425s][info ][gc,metaspace   ] GC(1357) Metaspace: 10124K(10368K)->10124K(10368K) NonClass: 9160K(9344K)->9160K(9344K) Class: 963K(1024K)->963K(1024K)
[29.425s][info ][gc             ] GC(1357) Pause Young (Normal) (G1 Evacuation Pause) 256M->4M(424M) 0.574ms
[29.425s][info ][gc,cpu         ] GC(1357) User=0.00s Sys=0.00s Real=0.01s
[29.441s][info ][gc,start       ] GC(1358) Pause Young (Normal) (G1 Evacuation Pause)
[29.441s][info ][gc,task        ] GC(1358) Using 9 workers of 9 for evacuation
[29.441s][debug][gc,age         ] GC(1358) Desired survivor size 16777216 bytes, new threshold 15 (max threshold 15)
[29.442s][info ][gc,phases      ] GC(1358)   Pre Evacuate Collection Set: 0.10ms
[29.442s][info ][gc,phases      ] GC(1358)   Merge Heap Roots: 0.09ms
[29.442s][info ][gc,phases      ] GC(1358)   Evacuate Collection Set: 0.09ms
[29.442s][info ][gc,phases      ] GC(1358)   Post Evacuate Collection Set: 0.18ms
[29.442s][info ][gc,phases      ] GC(1358)   Other: 0.07ms
[29.442s][trace][gc,age         ] GC(1358) Age table:
[29.442s][trace][gc,age         ] GC(1358) - age   1:        192 bytes,        192 total
[29.442s][info ][gc,heap        ] GC(1358) Eden regions: 253->0(253)
[29.442s][info ][gc,heap        ] GC(1358) Survivor regions: 1->1(32)
[29.442s][info ][gc,heap        ] GC(1358) Old regions: 11->11
[29.442s][info ][gc,heap        ] GC(1358) Humongous regions: 0->0
[29.442s][info ][gc,metaspace   ] GC(1358) Metaspace: 10124K(10368K)->10124K(10368K) NonClass: 9160K(9344K)->9160K(9344K) Class: 963K(1024K)->963K(1024K)
[29.442s][info ][gc             ] GC(1358) Pause Young (Normal) (G1 Evacuation Pause) 256M->4M(424M) 0.625ms
[29.442s][info ][gc,cpu         ] GC(1358) User=0.01s Sys=0.00s Real=0.00s
[29.457s][info ][gc,start       ] GC(1359) Pause Young (Normal) (G1 Evacuation Pause)
[29.457s][info ][gc,task        ] GC(1359) Using 9 workers of 9 for evacuation
[29.457s][debug][gc,age         ] GC(1359) Desired survivor size 16777216 bytes, new threshold 15 (max threshold 15)
[29.458s][info ][gc,phases      ] GC(1359)   Pre Evacuate Collection Set: 0.08ms
[29.458s][info ][gc,phases      ] GC(1359)   Merge Heap Roots: 0.06ms
[29.458s][info ][gc,phases      ] GC(1359)   Evacuate Collection Set: 0.11ms
[29.458s][info ][gc,phases      ] GC(1359)   Post Evacuate Collection Set: 0.18ms
[29.458s][info ][gc,phases      ] GC(1359)   Other: 0.06ms
[29.458s][trace][gc,age         ] GC(1359) Age table:
[29.458s][trace][gc,age         ] GC(1359) - age   1:        192 bytes,        192 total
[29.458s][info ][gc,heap        ] GC(1359) Eden regions: 253->0(253)
[29.458s][info ][gc,heap        ] GC(1359) Survivor regions: 1->1(32)
[29.458s][info ][gc,heap        ] GC(1359) Old regions: 11->11
[29.458s][info ][gc,heap        ] GC(1359) Humongous regions: 0->0
[29.458s][info ][gc,metaspace   ] GC(1359) Metaspace: 10124K(10368K)->10124K(10368K) NonClass: 9160K(9344K)->9160K(9344K) Class: 963K(1024K)->963K(1024K)
[29.458s][info ][gc             ] GC(1359) Pause Young (Normal) (G1 Evacuation Pause) 256M->4M(424M) 0.583ms
[29.458s][info ][gc,cpu         ] GC(1359) User=0.00s Sys=0.00s Real=0.00s
[29.473s][info ][gc,start       ] GC(1360) Pause Young (Normal) (G1 Evacuation Pause)
[29.473s][info ][gc,task        ] GC(1360) Using 9 workers of 9 for evacuation
[29.473s][debug][gc,age         ] GC(1360) Desired survivor size 16777216 bytes, new threshold 15 (max threshold 15)
[29.474s][info ][gc,phases      ] GC(1360)   Pre Evacuate Collection Set: 0.09ms
[29.474s][info ][gc,phases      ] GC(1360)   Merge Heap Roots: 0.05ms
[29.474s][info ][gc,phases      ] GC(1360)   Evacuate Collection Set: 0.12ms
[29.474s][info ][gc,phases      ] GC(1360)   Post Evacuate Collection Set: 0.19ms
[29.474s][info ][gc,phases      ] GC(1360)   Other: 0.06ms
[29.474s][trace][gc,age         ] GC(1360) Age table:
[29.474s][trace][gc,age         ] GC(1360) - age   1:        192 bytes,        192 total
[29.474s][info ][gc,heap        ] GC(1360) Eden regions: 253->0(253)
[29.474s][info ][gc,heap        ] GC(1360) Survivor regions: 1->1(32)
[29.474s][info ][gc,heap        ] GC(1360) Old regions: 11->11
[29.474s][info ][gc,heap        ] GC(1360) Humongous regions: 0->0
[29.474s][info ][gc,metaspace   ] GC(1360) Metaspace: 10124K(10368K)->10124K(10368K) NonClass: 9160K(9344K)->9160K(9344K) Class: 963K(1024K)->963K(1024K)
[29.474s][info ][gc             ] GC(1360) Pause Young (Normal) (G1 Evacuation Pause) 256M->4M(424M) 0.639ms
[29.474s][info ][gc,cpu         ] GC(1360) User=0.00s Sys=0.00s Real=0.00s
[29.490s][info ][gc,start       ] GC(1361) Pause Young (Normal) (G1 Evacuation Pause)
[29.490s][info ][gc,task        ] GC(1361) Using 9 workers of 9 for evacuation
[29.490s][debug][gc,age         ] GC(1361) Desired survivor size 16777216 bytes, new threshold 15 (max threshold 15)
[29.490s][info ][gc,phases      ] GC(1361)   Pre Evacuate Collection Set: 0.07ms
[29.490s][info ][gc,phases      ] GC(1361)   Merge Heap Roots: 0.06ms
[29.490s][info ][gc,phases      ] GC(1361)   Evacuate Collection Set: 0.14ms
[29.490s][info ][gc,phases      ] GC(1361)   Post Evacuate Collection Set: 0.19ms
[29.490s][info ][gc,phases      ] GC(1361)   Other: 0.06ms
[29.490s][trace][gc,age         ] GC(1361) Age table:
[29.490s][trace][gc,age         ] GC(1361) - age   1:        192 bytes,        192 total
[29.490s][info ][gc,heap        ] GC(1361) Eden regions: 253->0(253)
[29.490s][info ][gc,heap        ] GC(1361) Survivor regions: 1->1(32)
[29.490s][info ][gc,heap        ] GC(1361) Old regions: 11->11
[29.490s][info ][gc,heap        ] GC(1361) Humongous regions: 0->0
[29.490s][info ][gc,metaspace   ] GC(1361) Metaspace: 10124K(10368K)->10124K(10368K) NonClass: 9160K(9344K)->9160K(9344K) Class: 963K(1024K)->963K(1024K)
[29.490s][info ][gc             ] GC(1361) Pause Young (Normal) (G1 Evacuation Pause) 256M->4M(424M) 0.633ms
[29.490s][info ][gc,cpu         ] GC(1361) User=0.00s Sys=0.00s Real=0.00s
[29.506s][info ][gc,start       ] GC(1362) Pause Young (Normal) (G1 Evacuation Pause)
[29.506s][info ][gc,task        ] GC(1362) Using 9 workers of 9 for evacuation
[29.506s][debug][gc,age         ] GC(1362) Desired survivor size 16777216 bytes, new threshold 15 (max threshold 15)
[29.506s][info ][gc,phases      ] GC(1362)   Pre Evacuate Collection Set: 0.07ms
[29.506s][info ][gc,phases      ] GC(1362)   Merge Heap Roots: 0.06ms
[29.506s][info ][gc,phases      ] GC(1362)   Evacuate Collection Set: 0.10ms
[29.506s][info ][gc,phases      ] GC(1362)   Post Evacuate Collection Set: 0.19ms
[29.506s][info ][gc,phases      ] GC(1362)   Other: 0.05ms
[29.506s][trace][gc,age         ] GC(1362) Age table:
[29.506s][trace][gc,age         ] GC(1362) - age   1:        192 bytes,        192 total
[29.506s][info ][gc,heap        ] GC(1362) Eden regions: 253->0(253)
[29.506s][info ][gc,heap        ] GC(1362) Survivor regions: 1->1(32)
[29.506s][info ][gc,heap        ] GC(1362) Old regions: 11->11
[29.506s][info ][gc,heap        ] GC(1362) Humongous regions: 0->0
[29.506s][info ][gc,metaspace   ] GC(1362) Metaspace: 10124K(10368K)->10124K(10368K) NonClass: 9160K(9344K)->9160K(9344K) Class: 963K(1024K)->963K(1024K)
[29.506s][info ][gc             ] GC(1362) Pause Young (Normal) (G1 Evacuation Pause) 256M->4M(424M) 0.572ms
[29.506s][info ][gc,cpu         ] GC(1362) User=0.00s Sys=0.00s Real=0.00s
[29.522s][info ][gc,start       ] GC(1363) Pause Young (Normal) (G1 Evacuation Pause)
[29.522s][info ][gc,task        ] GC(1363) Using 9 workers of 9 for evacuation
[29.522s][debug][gc,age         ] GC(1363) Desired survivor size 16777216 bytes, new threshold 15 (max threshold 15)
[29.523s][info ][gc,phases      ] GC(1363)   Pre Evacuate Collection Set: 0.07ms
[29.523s][info ][gc,phases      ] GC(1363)   Merge Heap Roots: 0.07ms
[29.523s][info ][gc,phases      ] GC(1363)   Evacuate Collection Set: 0.07ms
[29.523s][info ][gc,phases      ] GC(1363)   Post Evacuate Collection Set: 0.18ms
[29.523s][info ][gc,phases      ] GC(1363)   Other: 0.06ms
[29.523s][trace][gc,age         ] GC(1363) Age table:
[29.523s][trace][gc,age         ] GC(1363) - age   1:        192 bytes,        192 total
[29.523s][info ][gc,heap        ] GC(1363) Eden regions: 253->0(253)
[29.523s][info ][gc,heap        ] GC(1363) Survivor regions: 1->1(32)
[29.523s][info ][gc,heap        ] GC(1363) Old regions: 11->11
[29.523s][info ][gc,heap        ] GC(1363) Humongous regions: 0->0
[29.523s][info ][gc,metaspace   ] GC(1363) Metaspace: 10124K(10368K)->10124K(10368K) NonClass: 9160K(9344K)->9160K(9344K) Class: 963K(1024K)->963K(1024K)
[29.523s][info ][gc             ] GC(1363) Pause Young (Normal) (G1 Evacuation Pause) 256M->4M(424M) 0.564ms
[29.523s][info ][gc,cpu         ] GC(1363) User=0.00s Sys=0.01s Real=0.00s
[29.538s][info ][gc,start       ] GC(1364) Pause Young (Normal) (G1 Evacuation Pause)
[29.538s][info ][gc,task        ] GC(1364) Using 9 workers of 9 for evacuation
[29.538s][debug][gc,age         ] GC(1364) Desired survivor size 16777216 bytes, new threshold 15 (max threshold 15)
[29.539s][info ][gc,phases      ] GC(1364)   Pre Evacuate Collection Set: 0.06ms
[29.539s][info ][gc,phases      ] GC(1364)   Merge Heap Roots: 0.11ms
[29.539s][info ][gc,phases      ] GC(1364)   Evacuate Collection Set: 0.10ms
[29.539s][info ][gc,phases      ] GC(1364)   Post Evacuate Collection Set: 0.20ms
[29.539s][info ][gc,phases      ] GC(1364)   Other: 0.05ms
[29.539s][trace][gc,age         ] GC(1364) Age table:
[29.539s][trace][gc,age         ] GC(1364) - age   1:        192 bytes,        192 total
[29.539s][info ][gc,heap        ] GC(1364) Eden regions: 253->0(253)
[29.539s][info ][gc,heap        ] GC(1364) Survivor regions: 1->1(32)
[29.539s][info ][gc,heap        ] GC(1364) Old regions: 11->11
[29.539s][info ][gc,heap        ] GC(1364) Humongous regions: 0->0
[29.539s][info ][gc,metaspace   ] GC(1364) Metaspace: 10124K(10368K)->10124K(10368K) NonClass: 9160K(9344K)->9160K(9344K) Class: 963K(1024K)->963K(1024K)
[29.539s][info ][gc             ] GC(1364) Pause Young (Normal) (G1 Evacuation Pause) 256M->4M(424M) 0.636ms
[29.539s][info ][gc,cpu         ] GC(1364) User=0.00s Sys=0.00s Real=0.00s
[29.554s][info ][gc,start       ] GC(1365) Pause Young (Normal) (G1 Evacuation Pause)
[29.555s][info ][gc,task        ] GC(1365) Using 9 workers of 9 for evacuation
[29.555s][debug][gc,age         ] GC(1365) Desired survivor size 16777216 bytes, new threshold 15 (max threshold 15)
[29.555s][info ][gc,phases      ] GC(1365)   Pre Evacuate Collection Set: 0.09ms
[29.555s][info ][gc,phases      ] GC(1365)   Merge Heap Roots: 0.07ms
[29.555s][info ][gc,phases      ] GC(1365)   Evacuate Collection Set: 0.09ms
[29.555s][info ][gc,phases      ] GC(1365)   Post Evacuate Collection Set: 0.18ms
[29.555s][info ][gc,phases      ] GC(1365)   Other: 0.06ms
[29.555s][trace][gc,age         ] GC(1365) Age table:
[29.555s][trace][gc,age         ] GC(1365) - age   1:        192 bytes,        192 total
[29.555s][info ][gc,heap        ] GC(1365) Eden regions: 253->0(253)
[29.555s][info ][gc,heap        ] GC(1365) Survivor regions: 1->1(32)
[29.555s][info ][gc,heap        ] GC(1365) Old regions: 11->11
[29.555s][info ][gc,heap        ] GC(1365) Humongous regions: 0->0
[29.555s][info ][gc,metaspace   ] GC(1365) Metaspace: 10124K(10368K)->10124K(10368K) NonClass: 9160K(9344K)->9160K(9344K) Class: 963K(1024K)->963K(1024K)
[29.555s][info ][gc             ] GC(1365) Pause Young (Normal) (G1 Evacuation Pause) 256M->4M(424M) 0.598ms
[29.555s][info ][gc,cpu         ] GC(1365) User=0.00s Sys=0.00s Real=0.01s
[29.571s][info ][gc,start       ] GC(1366) Pause Young (Normal) (G1 Evacuation Pause)
[29.571s][info ][gc,task        ] GC(1366) Using 9 workers of 9 for evacuation
[29.571s][debug][gc,age         ] GC(1366) Desired survivor size 16777216 bytes, new threshold 15 (max threshold 15)
[29.571s][info ][gc,phases      ] GC(1366)   Pre Evacuate Collection Set: 0.08ms
[29.571s][info ][gc,phases      ] GC(1366)   Merge Heap Roots: 0.10ms
[29.571s][info ][gc,phases      ] GC(1366)   Evacuate Collection Set: 0.08ms
[29.571s][info ][gc,phases      ] GC(1366)   Post Evacuate Collection Set: 0.16ms
[29.571s][info ][gc,phases      ] GC(1366)   Other: 0.05ms
[29.571s][trace][gc,age         ] GC(1366) Age table:
[29.571s][trace][gc,age         ] GC(1366) - age   1:        192 bytes,        192 total
[29.571s][info ][gc,heap        ] GC(1366) Eden regions: 253->0(253)
[29.571s][info ][gc,heap        ] GC(1366) Survivor regions: 1->1(32)
[29.571s][info ][gc,heap        ] GC(1366) Old regions: 11->11
[29.571s][info ][gc,heap        ] GC(1366) Humongous regions: 0->0
[29.571s][info ][gc,metaspace   ] GC(1366) Metaspace: 10124K(10368K)->10124K(10368K) NonClass: 9160K(9344K)->9160K(9344K) Class: 963K(1024K)->963K(1024K)
[29.571s][info ][gc             ] GC(1366) Pause Young (Normal) (G1 Evacuation Pause) 256M->4M(424M) 0.578ms
[29.571s][info ][gc,cpu         ] GC(1366) User=0.00s Sys=0.00s Real=0.00s
[29.587s][info ][gc,start       ] GC(1367) Pause Young (Normal) (G1 Evacuation Pause)
[29.587s][info ][gc,task        ] GC(1367) Using 9 workers of 9 for evacuation
[29.587s][debug][gc,age         ] GC(1367) Desired survivor size 16777216 bytes, new threshold 15 (max threshold 15)
[29.587s][info ][gc,phases      ] GC(1367)   Pre Evacuate Collection Set: 0.08ms
[29.587s][info ][gc,phases      ] GC(1367)   Merge Heap Roots: 0.09ms
[29.587s][info ][gc,phases      ] GC(1367)   Evacuate Collection Set: 0.09ms
[29.587s][info ][gc,phases      ] GC(1367)   Post Evacuate Collection Set: 0.16ms
[29.587s][info ][gc,phases      ] GC(1367)   Other: 0.04ms
[29.587s][trace][gc,age         ] GC(1367) Age table:
[29.587s][trace][gc,age         ] GC(1367) - age   1:        192 bytes,        192 total
[29.587s][info ][gc,heap        ] GC(1367) Eden regions: 253->0(253)
[29.587s][info ][gc,heap        ] GC(1367) Survivor regions: 1->1(32)
[29.587s][info ][gc,heap        ] GC(1367) Old regions: 11->11
[29.587s][info ][gc,heap        ] GC(1367) Humongous regions: 0->0
[29.587s][info ][gc,metaspace   ] GC(1367) Metaspace: 10124K(10368K)->10124K(10368K) NonClass: 9160K(9344K)->9160K(9344K) Class: 963K(1024K)->963K(1024K)
[29.587s][info ][gc             ] GC(1367) Pause Young (Normal) (G1 Evacuation Pause) 256M->4M(424M) 0.556ms
[29.587s][info ][gc,cpu         ] GC(1367) User=0.00s Sys=0.00s Real=0.00s
[29.603s][info ][gc,start       ] GC(1368) Pause Young (Normal) (G1 Evacuation Pause)
[29.603s][info ][gc,task        ] GC(1368) Using 9 workers of 9 for evacuation
[29.603s][debug][gc,age         ] GC(1368) Desired survivor size 16777216 bytes, new threshold 15 (max threshold 15)
[29.603s][info ][gc,phases      ] GC(1368)   Pre Evacuate Collection Set: 0.09ms
[29.603s][info ][gc,phases      ] GC(1368)   Merge Heap Roots: 0.10ms
[29.603s][info ][gc,phases      ] GC(1368)   Evacuate Collection Set: 0.09ms
[29.603s][info ][gc,phases      ] GC(1368)   Post Evacuate Collection Set: 0.16ms
[29.603s][info ][gc,phases      ] GC(1368)   Other: 0.06ms
[29.603s][trace][gc,age         ] GC(1368) Age table:
[29.603s][trace][gc,age         ] GC(1368) - age   1:        192 bytes,        192 total
[29.603s][info ][gc,heap        ] GC(1368) Eden regions: 253->0(253)
[29.603s][info ][gc,heap        ] GC(1368) Survivor regions: 1->1(32)
[29.603s][info ][gc,heap        ] GC(1368) Old regions: 11->11
[29.603s][info ][gc,heap        ] GC(1368) Humongous regions: 0->0
[29.603s][info ][gc,metaspace   ] GC(1368) Metaspace: 10124K(10368K)->10124K(10368K) NonClass: 9160K(9344K)->9160K(9344K) Class: 963K(1024K)->963K(1024K)
[29.603s][info ][gc             ] GC(1368) Pause Young (Normal) (G1 Evacuation Pause) 256M->4M(424M) 0.615ms
[29.603s][info ][gc,cpu         ] GC(1368) User=0.00s Sys=0.00s Real=0.00s
[29.619s][info ][gc,start       ] GC(1369) Pause Young (Normal) (G1 Evacuation Pause)
[29.619s][info ][gc,task        ] GC(1369) Using 9 workers of 9 for evacuation
[29.619s][debug][gc,age         ] GC(1369) Desired survivor size 16777216 bytes, new threshold 15 (max threshold 15)
[29.620s][info ][gc,phases      ] GC(1369)   Pre Evacuate Collection Set: 0.10ms
[29.620s][info ][gc,phases      ] GC(1369)   Merge Heap Roots: 0.07ms
[29.620s][info ][gc,phases      ] GC(1369)   Evacuate Collection Set: 0.13ms
[29.620s][info ][gc,phases      ] GC(1369)   Post Evacuate Collection Set: 0.18ms
[29.620s][info ][gc,phases      ] GC(1369)   Other: 0.06ms
[29.620s][trace][gc,age         ] GC(1369) Age table:
[29.620s][trace][gc,age         ] GC(1369) - age   1:        192 bytes,        192 total
[29.620s][info ][gc,heap        ] GC(1369) Eden regions: 253->0(253)
[29.620s][info ][gc,heap        ] GC(1369) Survivor regions: 1->1(32)
[29.620s][info ][gc,heap        ] GC(1369) Old regions: 11->11
[29.620s][info ][gc,heap        ] GC(1369) Humongous regions: 0->0
[29.620s][info ][gc,metaspace   ] GC(1369) Metaspace: 10124K(10368K)->10124K(10368K) NonClass: 9160K(9344K)->9160K(9344K) Class: 963K(1024K)->963K(1024K)
[29.620s][info ][gc             ] GC(1369) Pause Young (Normal) (G1 Evacuation Pause) 256M->4M(424M) 0.656ms
[29.620s][info ][gc,cpu         ] GC(1369) User=0.00s Sys=0.00s Real=0.00s
[29.635s][info ][gc,start       ] GC(1370) Pause Young (Normal) (G1 Evacuation Pause)
[29.635s][info ][gc,task        ] GC(1370) Using 9 workers of 9 for evacuation
[29.635s][debug][gc,age         ] GC(1370) Desired survivor size 16777216 bytes, new threshold 15 (max threshold 15)
[29.636s][info ][gc,phases      ] GC(1370)   Pre Evacuate Collection Set: 0.08ms
[29.636s][info ][gc,phases      ] GC(1370)   Merge Heap Roots: 0.09ms
[29.636s][info ][gc,phases      ] GC(1370)   Evacuate Collection Set: 0.08ms
[29.636s][info ][gc,phases      ] GC(1370)   Post Evacuate Collection Set: 0.16ms
[29.636s][info ][gc,phases      ] GC(1370)   Other: 0.06ms
[29.636s][trace][gc,age         ] GC(1370) Age table:
[29.636s][trace][gc,age         ] GC(1370) - age   1:        192 bytes,        192 total
[29.636s][info ][gc,heap        ] GC(1370) Eden regions: 253->0(253)
[29.636s][info ][gc,heap        ] GC(1370) Survivor regions: 1->1(32)
[29.636s][info ][gc,heap        ] GC(1370) Old regions: 11->11
[29.636s][info ][gc,heap        ] GC(1370) Humongous regions: 0->0
[29.636s][info ][gc,metaspace   ] GC(1370) Metaspace: 10124K(10368K)->10124K(10368K) NonClass: 9160K(9344K)->9160K(9344K) Class: 963K(1024K)->963K(1024K)
[29.636s][info ][gc             ] GC(1370) Pause Young (Normal) (G1 Evacuation Pause) 256M->4M(424M) 0.581ms
[29.636s][info ][gc,cpu         ] GC(1370) User=0.00s Sys=0.00s Real=0.00s
[29.651s][info ][gc,start       ] GC(1371) Pause Young (Normal) (G1 Evacuation Pause)
[29.651s][info ][gc,task        ] GC(1371) Using 9 workers of 9 for evacuation
[29.651s][debug][gc,age         ] GC(1371) Desired survivor size 16777216 bytes, new threshold 15 (max threshold 15)
[29.652s][info ][gc,phases      ] GC(1371)   Pre Evacuate Collection Set: 0.08ms
[29.652s][info ][gc,phases      ] GC(1371)   Merge Heap Roots: 0.06ms
[29.652s][info ][gc,phases      ] GC(1371)   Evacuate Collection Set: 0.08ms
[29.652s][info ][gc,phases      ] GC(1371)   Post Evacuate Collection Set: 0.18ms
[29.652s][info ][gc,phases      ] GC(1371)   Other: 0.05ms
[29.652s][trace][gc,age         ] GC(1371) Age table:
[29.652s][trace][gc,age         ] GC(1371) - age   1:        192 bytes,        192 total
[29.652s][info ][gc,heap        ] GC(1371) Eden regions: 253->0(253)
[29.652s][info ][gc,heap        ] GC(1371) Survivor regions: 1->1(32)
[29.652s][info ][gc,heap        ] GC(1371) Old regions: 11->11
[29.652s][info ][gc,heap        ] GC(1371) Humongous regions: 0->0
[29.652s][info ][gc,metaspace   ] GC(1371) Metaspace: 10124K(10368K)->10124K(10368K) NonClass: 9160K(9344K)->9160K(9344K) Class: 963K(1024K)->963K(1024K)
[29.652s][info ][gc             ] GC(1371) Pause Young (Normal) (G1 Evacuation Pause) 256M->4M(424M) 0.558ms
[29.652s][info ][gc,cpu         ] GC(1371) User=0.00s Sys=0.01s Real=0.00s
[29.668s][info ][gc,start       ] GC(1372) Pause Young (Normal) (G1 Evacuation Pause)
[29.668s][info ][gc,task        ] GC(1372) Using 9 workers of 9 for evacuation
[29.668s][debug][gc,age         ] GC(1372) Desired survivor size 16777216 bytes, new threshold 15 (max threshold 15)
[29.668s][info ][gc,phases      ] GC(1372)   Pre Evacuate Collection Set: 0.08ms
[29.668s][info ][gc,phases      ] GC(1372)   Merge Heap Roots: 0.07ms
[29.668s][info ][gc,phases      ] GC(1372)   Evacuate Collection Set: 0.12ms
[29.668s][info ][gc,phases      ] GC(1372)   Post Evacuate Collection Set: 0.17ms
[29.668s][info ][gc,phases      ] GC(1372)   Other: 0.06ms
[29.668s][trace][gc,age         ] GC(1372) Age table:
[29.668s][trace][gc,age         ] GC(1372) - age   1:        192 bytes,        192 total
[29.668s][info ][gc,heap        ] GC(1372) Eden regions: 253->0(253)
[29.668s][info ][gc,heap        ] GC(1372) Survivor regions: 1->1(32)
[29.668s][info ][gc,heap        ] GC(1372) Old regions: 11->11
[29.668s][info ][gc,heap        ] GC(1372) Humongous regions: 0->0
[29.668s][info ][gc,metaspace   ] GC(1372) Metaspace: 10124K(10368K)->10124K(10368K) NonClass: 9160K(9344K)->9160K(9344K) Class: 963K(1024K)->963K(1024K)
[29.668s][info ][gc             ] GC(1372) Pause Young (Normal) (G1 Evacuation Pause) 256M->4M(424M) 0.606ms
[29.668s][info ][gc,cpu         ] GC(1372) User=0.00s Sys=0.00s Real=0.00s
[29.684s][info ][gc,start       ] GC(1373) Pause Young (Normal) (G1 Evacuation Pause)
[29.684s][info ][gc,task        ] GC(1373) Using 9 workers of 9 for evacuation
[29.684s][debug][gc,age         ] GC(1373) Desired survivor size 16777216 bytes, new threshold 15 (max threshold 15)
[29.684s][info ][gc,phases      ] GC(1373)   Pre Evacuate Collection Set: 0.06ms
[29.684s][info ][gc,phases      ] GC(1373)   Merge Heap Roots: 0.06ms
[29.684s][info ][gc,phases      ] GC(1373)   Evacuate Collection Set: 0.08ms
[29.684s][info ][gc,phases      ] GC(1373)   Post Evacuate Collection Set: 0.18ms
[29.684s][info ][gc,phases      ] GC(1373)   Other: 0.04ms
[29.684s][trace][gc,age         ] GC(1373) Age table:
[29.684s][trace][gc,age         ] GC(1373) - age   1:        192 bytes,        192 total
[29.684s][info ][gc,heap        ] GC(1373) Eden regions: 253->0(253)
[29.684s][info ][gc,heap        ] GC(1373) Survivor regions: 1->1(32)
[29.684s][info ][gc,heap        ] GC(1373) Old regions: 11->11
[29.684s][info ][gc,heap        ] GC(1373) Humongous regions: 0->0
[29.684s][info ][gc,metaspace   ] GC(1373) Metaspace: 10124K(10368K)->10124K(10368K) NonClass: 9160K(9344K)->9160K(9344K) Class: 963K(1024K)->963K(1024K)
[29.684s][info ][gc             ] GC(1373) Pause Young (Normal) (G1 Evacuation Pause) 256M->4M(424M) 0.517ms
[29.684s][info ][gc,cpu         ] GC(1373) User=0.00s Sys=0.00s Real=0.00s
[29.700s][info ][gc,start       ] GC(1374) Pause Young (Normal) (G1 Evacuation Pause)
[29.700s][info ][gc,task        ] GC(1374) Using 9 workers of 9 for evacuation
[29.700s][debug][gc,age         ] GC(1374) Desired survivor size 16777216 bytes, new threshold 15 (max threshold 15)
[29.700s][info ][gc,phases      ] GC(1374)   Pre Evacuate Collection Set: 0.07ms
[29.700s][info ][gc,phases      ] GC(1374)   Merge Heap Roots: 0.06ms
[29.700s][info ][gc,phases      ] GC(1374)   Evacuate Collection Set: 0.11ms
[29.700s][info ][gc,phases      ] GC(1374)   Post Evacuate Collection Set: 0.18ms
[29.700s][info ][gc,phases      ] GC(1374)   Other: 0.06ms
[29.700s][trace][gc,age         ] GC(1374) Age table:
[29.700s][trace][gc,age         ] GC(1374) - age   1:        192 bytes,        192 total
[29.700s][info ][gc,heap        ] GC(1374) Eden regions: 253->0(253)
[29.700s][info ][gc,heap        ] GC(1374) Survivor regions: 1->1(32)
[29.700s][info ][gc,heap        ] GC(1374) Old regions: 11->11
[29.700s][info ][gc,heap        ] GC(1374) Humongous regions: 0->0
[29.700s][info ][gc,metaspace   ] GC(1374) Metaspace: 10124K(10368K)->10124K(10368K) NonClass: 9160K(9344K)->9160K(9344K) Class: 963K(1024K)->963K(1024K)
[29.700s][info ][gc             ] GC(1374) Pause Young (Normal) (G1 Evacuation Pause) 256M->4M(424M) 0.585ms
[29.700s][info ][gc,cpu         ] GC(1374) User=0.00s Sys=0.00s Real=0.00s
[29.716s][info ][gc,start       ] GC(1375) Pause Young (Normal) (G1 Evacuation Pause)
[29.716s][info ][gc,task        ] GC(1375) Using 9 workers of 9 for evacuation
[29.716s][debug][gc,age         ] GC(1375) Desired survivor size 16777216 bytes, new threshold 15 (max threshold 15)
[29.717s][info ][gc,phases      ] GC(1375)   Pre Evacuate Collection Set: 0.09ms
[29.717s][info ][gc,phases      ] GC(1375)   Merge Heap Roots: 0.07ms
[29.717s][info ][gc,phases      ] GC(1375)   Evacuate Collection Set: 0.11ms
[29.717s][info ][gc,phases      ] GC(1375)   Post Evacuate Collection Set: 0.19ms
[29.717s][info ][gc,phases      ] GC(1375)   Other: 0.05ms
[29.717s][trace][gc,age         ] GC(1375) Age table:
[29.717s][trace][gc,age         ] GC(1375) - age   1:        192 bytes,        192 total
[29.717s][info ][gc,heap        ] GC(1375) Eden regions: 253->0(253)
[29.717s][info ][gc,heap        ] GC(1375) Survivor regions: 1->1(32)
[29.717s][info ][gc,heap        ] GC(1375) Old regions: 11->11
[29.717s][info ][gc,heap        ] GC(1375) Humongous regions: 0->0
[29.717s][info ][gc,metaspace   ] GC(1375) Metaspace: 10124K(10368K)->10124K(10368K) NonClass: 9160K(9344K)->9160K(9344K) Class: 963K(1024K)->963K(1024K)
[29.717s][info ][gc             ] GC(1375) Pause Young (Normal) (G1 Evacuation Pause) 256M->4M(424M) 0.608ms
[29.717s][info ][gc,cpu         ] GC(1375) User=0.01s Sys=0.00s Real=0.00s
[29.732s][info ][gc,start       ] GC(1376) Pause Young (Normal) (G1 Evacuation Pause)
[29.732s][info ][gc,task        ] GC(1376) Using 9 workers of 9 for evacuation
[29.732s][debug][gc,age         ] GC(1376) Desired survivor size 16777216 bytes, new threshold 15 (max threshold 15)
[29.733s][info ][gc,phases      ] GC(1376)   Pre Evacuate Collection Set: 0.10ms
[29.733s][info ][gc,phases      ] GC(1376)   Merge Heap Roots: 0.07ms
[29.733s][info ][gc,phases      ] GC(1376)   Evacuate Collection Set: 0.08ms
[29.733s][info ][gc,phases      ] GC(1376)   Post Evacuate Collection Set: 0.19ms
[29.733s][info ][gc,phases      ] GC(1376)   Other: 0.05ms
[29.733s][trace][gc,age         ] GC(1376) Age table:
[29.733s][trace][gc,age         ] GC(1376) - age   1:        192 bytes,        192 total
[29.733s][info ][gc,heap        ] GC(1376) Eden regions: 253->0(253)
[29.733s][info ][gc,heap        ] GC(1376) Survivor regions: 1->1(32)
[29.733s][info ][gc,heap        ] GC(1376) Old regions: 11->11
[29.733s][info ][gc,heap        ] GC(1376) Humongous regions: 0->0
[29.733s][info ][gc,metaspace   ] GC(1376) Metaspace: 10124K(10368K)->10124K(10368K) NonClass: 9160K(9344K)->9160K(9344K) Class: 963K(1024K)->963K(1024K)
[29.733s][info ][gc             ] GC(1376) Pause Young (Normal) (G1 Evacuation Pause) 256M->4M(424M) 0.599ms
[29.733s][info ][gc,cpu         ] GC(1376) User=0.00s Sys=0.00s Real=0.00s
[29.749s][info ][gc,start       ] GC(1377) Pause Young (Normal) (G1 Evacuation Pause)
[29.749s][info ][gc,task        ] GC(1377) Using 9 workers of 9 for evacuation
[29.749s][debug][gc,age         ] GC(1377) Desired survivor size 16777216 bytes, new threshold 15 (max threshold 15)
[29.749s][info ][gc,phases      ] GC(1377)   Pre Evacuate Collection Set: 0.08ms
[29.749s][info ][gc,phases      ] GC(1377)   Merge Heap Roots: 0.09ms
[29.749s][info ][gc,phases      ] GC(1377)   Evacuate Collection Set: 0.10ms
[29.749s][info ][gc,phases      ] GC(1377)   Post Evacuate Collection Set: 0.21ms
[29.749s][info ][gc,phases      ] GC(1377)   Other: 0.05ms
[29.749s][trace][gc,age         ] GC(1377) Age table:
[29.749s][trace][gc,age         ] GC(1377) - age   1:        192 bytes,        192 total
[29.749s][info ][gc,heap        ] GC(1377) Eden regions: 253->0(253)
[29.749s][info ][gc,heap        ] GC(1377) Survivor regions: 1->1(32)
[29.749s][info ][gc,heap        ] GC(1377) Old regions: 11->11
[29.749s][info ][gc,heap        ] GC(1377) Humongous regions: 0->0
[29.749s][info ][gc,metaspace   ] GC(1377) Metaspace: 10124K(10368K)->10124K(10368K) NonClass: 9160K(9344K)->9160K(9344K) Class: 963K(1024K)->963K(1024K)
[29.749s][info ][gc             ] GC(1377) Pause Young (Normal) (G1 Evacuation Pause) 256M->4M(424M) 0.646ms
[29.749s][info ][gc,cpu         ] GC(1377) User=0.00s Sys=0.00s Real=0.00s
[29.765s][info ][gc,start       ] GC(1378) Pause Young (Normal) (G1 Evacuation Pause)
[29.765s][info ][gc,task        ] GC(1378) Using 9 workers of 9 for evacuation
[29.765s][debug][gc,age         ] GC(1378) Desired survivor size 16777216 bytes, new threshold 15 (max threshold 15)
[29.765s][info ][gc,phases      ] GC(1378)   Pre Evacuate Collection Set: 0.06ms
[29.765s][info ][gc,phases      ] GC(1378)   Merge Heap Roots: 0.10ms
[29.765s][info ][gc,phases      ] GC(1378)   Evacuate Collection Set: 0.10ms
[29.765s][info ][gc,phases      ] GC(1378)   Post Evacuate Collection Set: 0.18ms
[29.765s][info ][gc,phases      ] GC(1378)   Other: 0.05ms
[29.765s][trace][gc,age         ] GC(1378) Age table:
[29.765s][trace][gc,age         ] GC(1378) - age   1:        192 bytes,        192 total
[29.765s][info ][gc,heap        ] GC(1378) Eden regions: 253->0(253)
[29.765s][info ][gc,heap        ] GC(1378) Survivor regions: 1->1(32)
[29.765s][info ][gc,heap        ] GC(1378) Old regions: 11->11
[29.765s][info ][gc,heap        ] GC(1378) Humongous regions: 0->0
[29.765s][info ][gc,metaspace   ] GC(1378) Metaspace: 10124K(10368K)->10124K(10368K) NonClass: 9160K(9344K)->9160K(9344K) Class: 963K(1024K)->963K(1024K)
[29.765s][info ][gc             ] GC(1378) Pause Young (Normal) (G1 Evacuation Pause) 256M->4M(424M) 0.632ms
[29.765s][info ][gc,cpu         ] GC(1378) User=0.01s Sys=0.00s Real=0.01s
[29.781s][info ][gc,start       ] GC(1379) Pause Young (Normal) (G1 Evacuation Pause)
[29.781s][info ][gc,task        ] GC(1379) Using 9 workers of 9 for evacuation
[29.781s][debug][gc,age         ] GC(1379) Desired survivor size 16777216 bytes, new threshold 15 (max threshold 15)
[29.781s][info ][gc,phases      ] GC(1379)   Pre Evacuate Collection Set: 0.08ms
[29.781s][info ][gc,phases      ] GC(1379)   Merge Heap Roots: 0.10ms
[29.781s][info ][gc,phases      ] GC(1379)   Evacuate Collection Set: 0.08ms
[29.781s][info ][gc,phases      ] GC(1379)   Post Evacuate Collection Set: 0.18ms
[29.781s][info ][gc,phases      ] GC(1379)   Other: 0.06ms
[29.781s][trace][gc,age         ] GC(1379) Age table:
[29.781s][trace][gc,age         ] GC(1379) - age   1:        192 bytes,        192 total
[29.781s][info ][gc,heap        ] GC(1379) Eden regions: 253->0(253)
[29.781s][info ][gc,heap        ] GC(1379) Survivor regions: 1->1(32)
[29.781s][info ][gc,heap        ] GC(1379) Old regions: 11->11
[29.781s][info ][gc,heap        ] GC(1379) Humongous regions: 0->0
[29.781s][info ][gc,metaspace   ] GC(1379) Metaspace: 10124K(10368K)->10124K(10368K) NonClass: 9160K(9344K)->9160K(9344K) Class: 963K(1024K)->963K(1024K)
[29.781s][info ][gc             ] GC(1379) Pause Young (Normal) (G1 Evacuation Pause) 256M->4M(424M) 0.595ms
[29.781s][info ][gc,cpu         ] GC(1379) User=0.00s Sys=0.00s Real=0.00s
[29.797s][info ][gc,start       ] GC(1380) Pause Young (Normal) (G1 Evacuation Pause)
[29.797s][info ][gc,task        ] GC(1380) Using 9 workers of 9 for evacuation
[29.797s][debug][gc,age         ] GC(1380) Desired survivor size 16777216 bytes, new threshold 15 (max threshold 15)
[29.797s][info ][gc,phases      ] GC(1380)   Pre Evacuate Collection Set: 0.07ms
[29.797s][info ][gc,phases      ] GC(1380)   Merge Heap Roots: 0.07ms
[29.797s][info ][gc,phases      ] GC(1380)   Evacuate Collection Set: 0.08ms
[29.797s][info ][gc,phases      ] GC(1380)   Post Evacuate Collection Set: 0.16ms
[29.797s][info ][gc,phases      ] GC(1380)   Other: 0.05ms
[29.797s][trace][gc,age         ] GC(1380) Age table:
[29.797s][trace][gc,age         ] GC(1380) - age   1:        192 bytes,        192 total
[29.797s][info ][gc,heap        ] GC(1380) Eden regions: 253->0(253)
[29.797s][info ][gc,heap        ] GC(1380) Survivor regions: 1->1(32)
[29.797s][info ][gc,heap        ] GC(1380) Old regions: 11->11
[29.797s][info ][gc,heap        ] GC(1380) Humongous regions: 0->0
[29.797s][info ][gc,metaspace   ] GC(1380) Metaspace: 10124K(10368K)->10124K(10368K) NonClass: 9160K(9344K)->9160K(9344K) Class: 963K(1024K)->963K(1024K)
[29.797s][info ][gc             ] GC(1380) Pause Young (Normal) (G1 Evacuation Pause) 256M->4M(424M) 0.542ms
[29.797s][info ][gc,cpu         ] GC(1380) User=0.00s Sys=0.00s Real=0.00s
[29.813s][info ][gc,start       ] GC(1381) Pause Young (Normal) (G1 Evacuation Pause)
[29.813s][info ][gc,task        ] GC(1381) Using 9 workers of 9 for evacuation
[29.813s][debug][gc,age         ] GC(1381) Desired survivor size 16777216 bytes, new threshold 15 (max threshold 15)
[29.813s][info ][gc,phases      ] GC(1381)   Pre Evacuate Collection Set: 0.10ms
[29.813s][info ][gc,phases      ] GC(1381)   Merge Heap Roots: 0.06ms
[29.813s][info ][gc,phases      ] GC(1381)   Evacuate Collection Set: 0.12ms
[29.813s][info ][gc,phases      ] GC(1381)   Post Evacuate Collection Set: 0.18ms
[29.813s][info ][gc,phases      ] GC(1381)   Other: 0.06ms
[29.813s][trace][gc,age         ] GC(1381) Age table:
[29.813s][trace][gc,age         ] GC(1381) - age   1:        192 bytes,        192 total
[29.813s][info ][gc,heap        ] GC(1381) Eden regions: 253->0(253)
[29.813s][info ][gc,heap        ] GC(1381) Survivor regions: 1->1(32)
[29.813s][info ][gc,heap        ] GC(1381) Old regions: 11->11
[29.813s][info ][gc,heap        ] GC(1381) Humongous regions: 0->0
[29.813s][info ][gc,metaspace   ] GC(1381) Metaspace: 10124K(10368K)->10124K(10368K) NonClass: 9160K(9344K)->9160K(9344K) Class: 963K(1024K)->963K(1024K)
[29.813s][info ][gc             ] GC(1381) Pause Young (Normal) (G1 Evacuation Pause) 256M->4M(424M) 0.622ms
[29.813s][info ][gc,cpu         ] GC(1381) User=0.00s Sys=0.00s Real=0.00s
[29.829s][info ][gc,start       ] GC(1382) Pause Young (Normal) (G1 Evacuation Pause)
[29.829s][info ][gc,task        ] GC(1382) Using 9 workers of 9 for evacuation
[29.829s][debug][gc,age         ] GC(1382) Desired survivor size 16777216 bytes, new threshold 15 (max threshold 15)
[29.830s][info ][gc,phases      ] GC(1382)   Pre Evacuate Collection Set: 0.09ms
[29.830s][info ][gc,phases      ] GC(1382)   Merge Heap Roots: 0.08ms
[29.830s][info ][gc,phases      ] GC(1382)   Evacuate Collection Set: 0.09ms
[29.830s][info ][gc,phases      ] GC(1382)   Post Evacuate Collection Set: 0.14ms
[29.830s][info ][gc,phases      ] GC(1382)   Other: 0.05ms
[29.830s][trace][gc,age         ] GC(1382) Age table:
[29.830s][trace][gc,age         ] GC(1382) - age   1:        192 bytes,        192 total
[29.830s][info ][gc,heap        ] GC(1382) Eden regions: 253->0(253)
[29.830s][info ][gc,heap        ] GC(1382) Survivor regions: 1->1(32)
[29.830s][info ][gc,heap        ] GC(1382) Old regions: 11->11
[29.830s][info ][gc,heap        ] GC(1382) Humongous regions: 0->0
[29.830s][info ][gc,metaspace   ] GC(1382) Metaspace: 10124K(10368K)->10124K(10368K) NonClass: 9160K(9344K)->9160K(9344K) Class: 963K(1024K)->963K(1024K)
[29.830s][info ][gc             ] GC(1382) Pause Young (Normal) (G1 Evacuation Pause) 256M->4M(424M) 0.554ms
[29.830s][info ][gc,cpu         ] GC(1382) User=0.00s Sys=0.00s Real=0.00s
[29.846s][info ][gc,start       ] GC(1383) Pause Young (Normal) (G1 Evacuation Pause)
[29.846s][info ][gc,task        ] GC(1383) Using 9 workers of 9 for evacuation
[29.846s][debug][gc,age         ] GC(1383) Desired survivor size 16777216 bytes, new threshold 15 (max threshold 15)
[29.846s][info ][gc,phases      ] GC(1383)   Pre Evacuate Collection Set: 0.09ms
[29.846s][info ][gc,phases      ] GC(1383)   Merge Heap Roots: 0.08ms
[29.846s][info ][gc,phases      ] GC(1383)   Evacuate Collection Set: 0.14ms
[29.846s][info ][gc,phases      ] GC(1383)   Post Evacuate Collection Set: 0.21ms
[29.846s][info ][gc,phases      ] GC(1383)   Other: 0.06ms
[29.846s][trace][gc,age         ] GC(1383) Age table:
[29.846s][trace][gc,age         ] GC(1383) - age   1:        192 bytes,        192 total
[29.846s][info ][gc,heap        ] GC(1383) Eden regions: 253->0(253)
[29.846s][info ][gc,heap        ] GC(1383) Survivor regions: 1->1(32)
[29.846s][info ][gc,heap        ] GC(1383) Old regions: 11->11
[29.846s][info ][gc,heap        ] GC(1383) Humongous regions: 0->0
[29.846s][info ][gc,metaspace   ] GC(1383) Metaspace: 10124K(10368K)->10124K(10368K) NonClass: 9160K(9344K)->9160K(9344K) Class: 963K(1024K)->963K(1024K)
[29.846s][info ][gc             ] GC(1383) Pause Young (Normal) (G1 Evacuation Pause) 256M->4M(424M) 0.690ms
[29.846s][info ][gc,cpu         ] GC(1383) User=0.00s Sys=0.00s Real=0.00s
[29.862s][info ][gc,start       ] GC(1384) Pause Young (Normal) (G1 Evacuation Pause)
[29.862s][info ][gc,task        ] GC(1384) Using 9 workers of 9 for evacuation
[29.862s][debug][gc,age         ] GC(1384) Desired survivor size 16777216 bytes, new threshold 15 (max threshold 15)
[29.863s][info ][gc,phases      ] GC(1384)   Pre Evacuate Collection Set: 0.08ms
[29.863s][info ][gc,phases      ] GC(1384)   Merge Heap Roots: 0.09ms
[29.863s][info ][gc,phases      ] GC(1384)   Evacuate Collection Set: 0.13ms
[29.863s][info ][gc,phases      ] GC(1384)   Post Evacuate Collection Set: 0.18ms
[29.863s][info ][gc,phases      ] GC(1384)   Other: 0.05ms
[29.863s][trace][gc,age         ] GC(1384) Age table:
[29.863s][trace][gc,age         ] GC(1384) - age   1:        192 bytes,        192 total
[29.863s][info ][gc,heap        ] GC(1384) Eden regions: 253->0(253)
[29.863s][info ][gc,heap        ] GC(1384) Survivor regions: 1->1(32)
[29.863s][info ][gc,heap        ] GC(1384) Old regions: 11->11
[29.863s][info ][gc,heap        ] GC(1384) Humongous regions: 0->0
[29.863s][info ][gc,metaspace   ] GC(1384) Metaspace: 10124K(10368K)->10124K(10368K) NonClass: 9160K(9344K)->9160K(9344K) Class: 963K(1024K)->963K(1024K)
[29.863s][info ][gc             ] GC(1384) Pause Young (Normal) (G1 Evacuation Pause) 256M->4M(424M) 0.625ms
[29.863s][info ][gc,cpu         ] GC(1384) User=0.01s Sys=0.00s Real=0.00s
[29.878s][info ][gc,start       ] GC(1385) Pause Young (Normal) (G1 Evacuation Pause)
[29.878s][info ][gc,task        ] GC(1385) Using 9 workers of 9 for evacuation
[29.878s][debug][gc,age         ] GC(1385) Desired survivor size 16777216 bytes, new threshold 15 (max threshold 15)
[29.879s][info ][gc,phases      ] GC(1385)   Pre Evacuate Collection Set: 0.09ms
[29.879s][info ][gc,phases      ] GC(1385)   Merge Heap Roots: 0.10ms
[29.879s][info ][gc,phases      ] GC(1385)   Evacuate Collection Set: 0.11ms
[29.879s][info ][gc,phases      ] GC(1385)   Post Evacuate Collection Set: 0.19ms
[29.879s][info ][gc,phases      ] GC(1385)   Other: 0.07ms
[29.879s][trace][gc,age         ] GC(1385) Age table:
[29.879s][trace][gc,age         ] GC(1385) - age   1:        192 bytes,        192 total
[29.879s][info ][gc,heap        ] GC(1385) Eden regions: 253->0(253)
[29.879s][info ][gc,heap        ] GC(1385) Survivor regions: 1->1(32)
[29.879s][info ][gc,heap        ] GC(1385) Old regions: 11->11
[29.879s][info ][gc,heap        ] GC(1385) Humongous regions: 0->0
[29.879s][info ][gc,metaspace   ] GC(1385) Metaspace: 10124K(10368K)->10124K(10368K) NonClass: 9160K(9344K)->9160K(9344K) Class: 963K(1024K)->963K(1024K)
[29.879s][info ][gc             ] GC(1385) Pause Young (Normal) (G1 Evacuation Pause) 256M->4M(424M) 0.664ms
[29.879s][info ][gc,cpu         ] GC(1385) User=0.00s Sys=0.00s Real=0.00s
[29.895s][info ][gc,start       ] GC(1386) Pause Young (Normal) (G1 Evacuation Pause)
[29.895s][info ][gc,task        ] GC(1386) Using 9 workers of 9 for evacuation
[29.895s][debug][gc,age         ] GC(1386) Desired survivor size 16777216 bytes, new threshold 15 (max threshold 15)
[29.895s][info ][gc,phases      ] GC(1386)   Pre Evacuate Collection Set: 0.08ms
[29.895s][info ][gc,phases      ] GC(1386)   Merge Heap Roots: 0.06ms
[29.895s][info ][gc,phases      ] GC(1386)   Evacuate Collection Set: 0.14ms
[29.895s][info ][gc,phases      ] GC(1386)   Post Evacuate Collection Set: 0.16ms
[29.895s][info ][gc,phases      ] GC(1386)   Other: 0.06ms
[29.895s][trace][gc,age         ] GC(1386) Age table:
[29.895s][trace][gc,age         ] GC(1386) - age   1:        192 bytes,        192 total
[29.895s][info ][gc,heap        ] GC(1386) Eden regions: 253->0(253)
[29.895s][info ][gc,heap        ] GC(1386) Survivor regions: 1->1(32)
[29.895s][info ][gc,heap        ] GC(1386) Old regions: 11->11
[29.895s][info ][gc,heap        ] GC(1386) Humongous regions: 0->0
[29.895s][info ][gc,metaspace   ] GC(1386) Metaspace: 10124K(10368K)->10124K(10368K) NonClass: 9160K(9344K)->9160K(9344K) Class: 963K(1024K)->963K(1024K)
[29.895s][info ][gc             ] GC(1386) Pause Young (Normal) (G1 Evacuation Pause) 256M->4M(424M) 0.605ms
[29.895s][info ][gc,cpu         ] GC(1386) User=0.00s Sys=0.00s Real=0.01s
[29.911s][info ][gc,start       ] GC(1387) Pause Young (Normal) (G1 Evacuation Pause)
[29.911s][info ][gc,task        ] GC(1387) Using 9 workers of 9 for evacuation
[29.911s][debug][gc,age         ] GC(1387) Desired survivor size 16777216 bytes, new threshold 15 (max threshold 15)
[29.911s][info ][gc,phases      ] GC(1387)   Pre Evacuate Collection Set: 0.07ms
[29.912s][info ][gc,phases      ] GC(1387)   Merge Heap Roots: 0.09ms
[29.912s][info ][gc,phases      ] GC(1387)   Evacuate Collection Set: 0.10ms
[29.912s][info ][gc,phases      ] GC(1387)   Post Evacuate Collection Set: 0.19ms
[29.912s][info ][gc,phases      ] GC(1387)   Other: 0.06ms
[29.912s][trace][gc,age         ] GC(1387) Age table:
[29.912s][trace][gc,age         ] GC(1387) - age   1:        192 bytes,        192 total
[29.912s][info ][gc,heap        ] GC(1387) Eden regions: 253->0(253)
[29.912s][info ][gc,heap        ] GC(1387) Survivor regions: 1->1(32)
[29.912s][info ][gc,heap        ] GC(1387) Old regions: 11->11
[29.912s][info ][gc,heap        ] GC(1387) Humongous regions: 0->0
[29.912s][info ][gc,metaspace   ] GC(1387) Metaspace: 10124K(10368K)->10124K(10368K) NonClass: 9160K(9344K)->9160K(9344K) Class: 963K(1024K)->963K(1024K)
[29.912s][info ][gc             ] GC(1387) Pause Young (Normal) (G1 Evacuation Pause) 256M->4M(424M) 0.626ms
[29.912s][info ][gc,cpu         ] GC(1387) User=0.01s Sys=0.00s Real=0.00s
[29.927s][info ][gc,start       ] GC(1388) Pause Young (Normal) (G1 Evacuation Pause)
[29.927s][info ][gc,task        ] GC(1388) Using 9 workers of 9 for evacuation
[29.927s][debug][gc,age         ] GC(1388) Desired survivor size 16777216 bytes, new threshold 15 (max threshold 15)
[29.928s][info ][gc,phases      ] GC(1388)   Pre Evacuate Collection Set: 0.06ms
[29.928s][info ][gc,phases      ] GC(1388)   Merge Heap Roots: 0.06ms
[29.928s][info ][gc,phases      ] GC(1388)   Evacuate Collection Set: 0.12ms
[29.928s][info ][gc,phases      ] GC(1388)   Post Evacuate Collection Set: 0.19ms
[29.928s][info ][gc,phases      ] GC(1388)   Other: 0.05ms
[29.928s][trace][gc,age         ] GC(1388) Age table:
[29.928s][trace][gc,age         ] GC(1388) - age   1:        192 bytes,        192 total
[29.928s][info ][gc,heap        ] GC(1388) Eden regions: 253->0(253)
[29.928s][info ][gc,heap        ] GC(1388) Survivor regions: 1->1(32)
[29.928s][info ][gc,heap        ] GC(1388) Old regions: 11->11
[29.928s][info ][gc,heap        ] GC(1388) Humongous regions: 0->0
[29.928s][info ][gc,metaspace   ] GC(1388) Metaspace: 10124K(10368K)->10124K(10368K) NonClass: 9160K(9344K)->9160K(9344K) Class: 963K(1024K)->963K(1024K)
[29.928s][info ][gc             ] GC(1388) Pause Young (Normal) (G1 Evacuation Pause) 256M->4M(424M) 0.581ms
[29.928s][info ][gc,cpu         ] GC(1388) User=0.00s Sys=0.01s Real=0.00s
[29.944s][info ][gc,start       ] GC(1389) Pause Young (Normal) (G1 Evacuation Pause)
[29.944s][info ][gc,task        ] GC(1389) Using 9 workers of 9 for evacuation
[29.944s][debug][gc,age         ] GC(1389) Desired survivor size 16777216 bytes, new threshold 15 (max threshold 15)
[29.944s][info ][gc,phases      ] GC(1389)   Pre Evacuate Collection Set: 0.08ms
[29.944s][info ][gc,phases      ] GC(1389)   Merge Heap Roots: 0.11ms
[29.944s][info ][gc,phases      ] GC(1389)   Evacuate Collection Set: 0.11ms
[29.944s][info ][gc,phases      ] GC(1389)   Post Evacuate Collection Set: 0.17ms
[29.944s][info ][gc,phases      ] GC(1389)   Other: 0.06ms
[29.944s][trace][gc,age         ] GC(1389) Age table:
[29.944s][trace][gc,age         ] GC(1389) - age   1:        192 bytes,        192 total
[29.944s][info ][gc,heap        ] GC(1389) Eden regions: 253->0(253)
[29.944s][info ][gc,heap        ] GC(1389) Survivor regions: 1->1(32)
[29.944s][info ][gc,heap        ] GC(1389) Old regions: 11->11
[29.944s][info ][gc,heap        ] GC(1389) Humongous regions: 0->0
[29.944s][info ][gc,metaspace   ] GC(1389) Metaspace: 10124K(10368K)->10124K(10368K) NonClass: 9160K(9344K)->9160K(9344K) Class: 963K(1024K)->963K(1024K)
[29.944s][info ][gc             ] GC(1389) Pause Young (Normal) (G1 Evacuation Pause) 256M->4M(424M) 0.639ms
[29.944s][info ][gc,cpu         ] GC(1389) User=0.00s Sys=0.00s Real=0.00s
[29.960s][info ][gc,start       ] GC(1390) Pause Young (Normal) (G1 Evacuation Pause)
[29.960s][info ][gc,task        ] GC(1390) Using 9 workers of 9 for evacuation
[29.960s][debug][gc,age         ] GC(1390) Desired survivor size 16777216 bytes, new threshold 15 (max threshold 15)
[29.961s][info ][gc,phases      ] GC(1390)   Pre Evacuate Collection Set: 0.07ms
[29.961s][info ][gc,phases      ] GC(1390)   Merge Heap Roots: 0.07ms
[29.961s][info ][gc,phases      ] GC(1390)   Evacuate Collection Set: 0.06ms
[29.961s][info ][gc,phases      ] GC(1390)   Post Evacuate Collection Set: 0.16ms
[29.961s][info ][gc,phases      ] GC(1390)   Other: 0.05ms
[29.961s][trace][gc,age         ] GC(1390) Age table:
[29.961s][trace][gc,age         ] GC(1390) - age   1:        192 bytes,        192 total
[29.961s][info ][gc,heap        ] GC(1390) Eden regions: 253->0(253)
[29.961s][info ][gc,heap        ] GC(1390) Survivor regions: 1->1(32)
[29.961s][info ][gc,heap        ] GC(1390) Old regions: 11->11
[29.961s][info ][gc,heap        ] GC(1390) Humongous regions: 0->0
[29.961s][info ][gc,metaspace   ] GC(1390) Metaspace: 10124K(10368K)->10124K(10368K) NonClass: 9160K(9344K)->9160K(9344K) Class: 963K(1024K)->963K(1024K)
[29.961s][info ][gc             ] GC(1390) Pause Young (Normal) (G1 Evacuation Pause) 256M->4M(424M) 0.521ms
[29.961s][info ][gc,cpu         ] GC(1390) User=0.01s Sys=0.00s Real=0.00s
[29.976s][info ][gc,start       ] GC(1391) Pause Young (Normal) (G1 Evacuation Pause)
[29.976s][info ][gc,task        ] GC(1391) Using 9 workers of 9 for evacuation
[29.976s][debug][gc,age         ] GC(1391) Desired survivor size 16777216 bytes, new threshold 15 (max threshold 15)
[29.977s][info ][gc,phases      ] GC(1391)   Pre Evacuate Collection Set: 0.09ms
[29.977s][info ][gc,phases      ] GC(1391)   Merge Heap Roots: 0.07ms
[29.977s][info ][gc,phases      ] GC(1391)   Evacuate Collection Set: 0.11ms
[29.977s][info ][gc,phases      ] GC(1391)   Post Evacuate Collection Set: 0.16ms
[29.977s][info ][gc,phases      ] GC(1391)   Other: 0.06ms
[29.977s][trace][gc,age         ] GC(1391) Age table:
[29.977s][trace][gc,age         ] GC(1391) - age   1:        192 bytes,        192 total
[29.977s][info ][gc,heap        ] GC(1391) Eden regions: 253->0(253)
[29.977s][info ][gc,heap        ] GC(1391) Survivor regions: 1->1(32)
[29.977s][info ][gc,heap        ] GC(1391) Old regions: 11->11
[29.977s][info ][gc,heap        ] GC(1391) Humongous regions: 0->0
[29.977s][info ][gc,metaspace   ] GC(1391) Metaspace: 10124K(10368K)->10124K(10368K) NonClass: 9160K(9344K)->9160K(9344K) Class: 963K(1024K)->963K(1024K)
[29.977s][info ][gc             ] GC(1391) Pause Young (Normal) (G1 Evacuation Pause) 256M->4M(424M) 0.600ms
[29.977s][info ][gc,cpu         ] GC(1391) User=0.00s Sys=0.00s Real=0.00s
[29.993s][info ][gc,start       ] GC(1392) Pause Young (Normal) (G1 Evacuation Pause)
[29.993s][info ][gc,task        ] GC(1392) Using 9 workers of 9 for evacuation
[29.993s][debug][gc,age         ] GC(1392) Desired survivor size 16777216 bytes, new threshold 15 (max threshold 15)
[29.993s][info ][gc,phases      ] GC(1392)   Pre Evacuate Collection Set: 0.07ms
[29.993s][info ][gc,phases      ] GC(1392)   Merge Heap Roots: 0.08ms
[29.993s][info ][gc,phases      ] GC(1392)   Evacuate Collection Set: 0.08ms
[29.993s][info ][gc,phases      ] GC(1392)   Post Evacuate Collection Set: 0.17ms
[29.993s][info ][gc,phases      ] GC(1392)   Other: 0.06ms
[29.993s][trace][gc,age         ] GC(1392) Age table:
[29.993s][trace][gc,age         ] GC(1392) - age   1:        192 bytes,        192 total
[29.993s][info ][gc,heap        ] GC(1392) Eden regions: 253->0(253)
[29.993s][info ][gc,heap        ] GC(1392) Survivor regions: 1->1(32)
[29.993s][info ][gc,heap        ] GC(1392) Old regions: 11->11
[29.993s][info ][gc,heap        ] GC(1392) Humongous regions: 0->0
[29.993s][info ][gc,metaspace   ] GC(1392) Metaspace: 10124K(10368K)->10124K(10368K) NonClass: 9160K(9344K)->9160K(9344K) Class: 963K(1024K)->963K(1024K)
[29.993s][info ][gc             ] GC(1392) Pause Young (Normal) (G1 Evacuation Pause) 256M->4M(424M) 0.582ms
[29.993s][info ][gc,cpu         ] GC(1392) User=0.00s Sys=0.00s Real=0.00s
[30.009s][info ][gc,start       ] GC(1393) Pause Young (Normal) (G1 Evacuation Pause)
[30.009s][info ][gc,task        ] GC(1393) Using 9 workers of 9 for evacuation
[30.009s][debug][gc,age         ] GC(1393) Desired survivor size 16777216 bytes, new threshold 15 (max threshold 15)
[30.009s][info ][gc,phases      ] GC(1393)   Pre Evacuate Collection Set: 0.07ms
[30.009s][info ][gc,phases      ] GC(1393)   Merge Heap Roots: 0.10ms
[30.009s][info ][gc,phases      ] GC(1393)   Evacuate Collection Set: 0.12ms
[30.009s][info ][gc,phases      ] GC(1393)   Post Evacuate Collection Set: 0.19ms
[30.009s][info ][gc,phases      ] GC(1393)   Other: 0.05ms
[30.009s][trace][gc,age         ] GC(1393) Age table:
[30.009s][trace][gc,age         ] GC(1393) - age   1:        192 bytes,        192 total
[30.009s][info ][gc,heap        ] GC(1393) Eden regions: 253->0(253)
[30.009s][info ][gc,heap        ] GC(1393) Survivor regions: 1->1(32)
[30.009s][info ][gc,heap        ] GC(1393) Old regions: 11->11
[30.009s][info ][gc,heap        ] GC(1393) Humongous regions: 0->0
[30.009s][info ][gc,metaspace   ] GC(1393) Metaspace: 10124K(10368K)->10124K(10368K) NonClass: 9160K(9344K)->9160K(9344K) Class: 963K(1024K)->963K(1024K)
[30.009s][info ][gc             ] GC(1393) Pause Young (Normal) (G1 Evacuation Pause) 256M->4M(424M) 0.635ms
[30.009s][info ][gc,cpu         ] GC(1393) User=0.01s Sys=0.00s Real=0.00s
[30.025s][info ][gc,start       ] GC(1394) Pause Young (Normal) (G1 Evacuation Pause)
[30.025s][info ][gc,task        ] GC(1394) Using 9 workers of 9 for evacuation
[30.025s][debug][gc,age         ] GC(1394) Desired survivor size 16777216 bytes, new threshold 15 (max threshold 15)
[30.025s][info ][gc,phases      ] GC(1394)   Pre Evacuate Collection Set: 0.07ms
[30.025s][info ][gc,phases      ] GC(1394)   Merge Heap Roots: 0.06ms
[30.025s][info ][gc,phases      ] GC(1394)   Evacuate Collection Set: 0.11ms
[30.025s][info ][gc,phases      ] GC(1394)   Post Evacuate Collection Set: 0.14ms
[30.025s][info ][gc,phases      ] GC(1394)   Other: 0.05ms
[30.025s][trace][gc,age         ] GC(1394) Age table:
[30.025s][trace][gc,age         ] GC(1394) - age   1:        192 bytes,        192 total
[30.025s][info ][gc,heap        ] GC(1394) Eden regions: 253->0(253)
[30.025s][info ][gc,heap        ] GC(1394) Survivor regions: 1->1(32)
[30.025s][info ][gc,heap        ] GC(1394) Old regions: 11->11
[30.025s][info ][gc,heap        ] GC(1394) Humongous regions: 0->0
[30.025s][info ][gc,metaspace   ] GC(1394) Metaspace: 10124K(10368K)->10124K(10368K) NonClass: 9160K(9344K)->9160K(9344K) Class: 963K(1024K)->963K(1024K)
[30.025s][info ][gc             ] GC(1394) Pause Young (Normal) (G1 Evacuation Pause) 256M->4M(424M) 0.532ms
[30.025s][info ][gc,cpu         ] GC(1394) User=0.00s Sys=0.00s Real=0.01s
[30.041s][info ][gc,start       ] GC(1395) Pause Young (Normal) (G1 Evacuation Pause)
[30.041s][info ][gc,task        ] GC(1395) Using 9 workers of 9 for evacuation
[30.041s][debug][gc,age         ] GC(1395) Desired survivor size 16777216 bytes, new threshold 15 (max threshold 15)
[30.042s][info ][gc,phases      ] GC(1395)   Pre Evacuate Collection Set: 0.10ms
[30.042s][info ][gc,phases      ] GC(1395)   Merge Heap Roots: 0.07ms
[30.042s][info ][gc,phases      ] GC(1395)   Evacuate Collection Set: 0.09ms
[30.042s][info ][gc,phases      ] GC(1395)   Post Evacuate Collection Set: 0.19ms
[30.042s][info ][gc,phases      ] GC(1395)   Other: 0.06ms
[30.042s][trace][gc,age         ] GC(1395) Age table:
[30.042s][trace][gc,age         ] GC(1395) - age   1:        192 bytes,        192 total
[30.042s][info ][gc,heap        ] GC(1395) Eden regions: 253->0(253)
[30.042s][info ][gc,heap        ] GC(1395) Survivor regions: 1->1(32)
[30.042s][info ][gc,heap        ] GC(1395) Old regions: 11->11
[30.042s][info ][gc,heap        ] GC(1395) Humongous regions: 0->0
[30.042s][info ][gc,metaspace   ] GC(1395) Metaspace: 10124K(10368K)->10124K(10368K) NonClass: 9160K(9344K)->9160K(9344K) Class: 963K(1024K)->963K(1024K)
[30.042s][info ][gc             ] GC(1395) Pause Young (Normal) (G1 Evacuation Pause) 256M->4M(424M) 0.613ms
[30.042s][info ][gc,cpu         ] GC(1395) User=0.00s Sys=0.00s Real=0.00s
[30.057s][info ][gc,start       ] GC(1396) Pause Young (Normal) (G1 Evacuation Pause)
[30.057s][info ][gc,task        ] GC(1396) Using 9 workers of 9 for evacuation
[30.057s][debug][gc,age         ] GC(1396) Desired survivor size 16777216 bytes, new threshold 15 (max threshold 15)
[30.058s][info ][gc,phases      ] GC(1396)   Pre Evacuate Collection Set: 0.06ms
[30.058s][info ][gc,phases      ] GC(1396)   Merge Heap Roots: 0.06ms
[30.058s][info ][gc,phases      ] GC(1396)   Evacuate Collection Set: 0.10ms
[30.058s][info ][gc,phases      ] GC(1396)   Post Evacuate Collection Set: 0.21ms
[30.058s][info ][gc,phases      ] GC(1396)   Other: 0.07ms
[30.058s][trace][gc,age         ] GC(1396) Age table:
[30.058s][trace][gc,age         ] GC(1396) - age   1:        192 bytes,        192 total
[30.058s][info ][gc,heap        ] GC(1396) Eden regions: 253->0(253)
[30.058s][info ][gc,heap        ] GC(1396) Survivor regions: 1->1(32)
[30.058s][info ][gc,heap        ] GC(1396) Old regions: 11->11
[30.058s][info ][gc,heap        ] GC(1396) Humongous regions: 0->0
[30.058s][info ][gc,metaspace   ] GC(1396) Metaspace: 10124K(10368K)->10124K(10368K) NonClass: 9160K(9344K)->9160K(9344K) Class: 963K(1024K)->963K(1024K)
[30.058s][info ][gc             ] GC(1396) Pause Young (Normal) (G1 Evacuation Pause) 256M->4M(424M) 0.626ms
[30.058s][info ][gc,cpu         ] GC(1396) User=0.01s Sys=0.00s Real=0.00s
[30.074s][info ][gc,start       ] GC(1397) Pause Young (Normal) (G1 Evacuation Pause)
[30.074s][info ][gc,task        ] GC(1397) Using 9 workers of 9 for evacuation
[30.074s][debug][gc,age         ] GC(1397) Desired survivor size 16777216 bytes, new threshold 15 (max threshold 15)
[30.074s][info ][gc,phases      ] GC(1397)   Pre Evacuate Collection Set: 0.06ms
[30.074s][info ][gc,phases      ] GC(1397)   Merge Heap Roots: 0.06ms
[30.074s][info ][gc,phases      ] GC(1397)   Evacuate Collection Set: 0.10ms
[30.074s][info ][gc,phases      ] GC(1397)   Post Evacuate Collection Set: 0.19ms
[30.074s][info ][gc,phases      ] GC(1397)   Other: 0.06ms
[30.074s][trace][gc,age         ] GC(1397) Age table:
[30.074s][trace][gc,age         ] GC(1397) - age   1:        192 bytes,        192 total
[30.074s][info ][gc,heap        ] GC(1397) Eden regions: 253->0(253)
[30.074s][info ][gc,heap        ] GC(1397) Survivor regions: 1->1(32)
[30.074s][info ][gc,heap        ] GC(1397) Old regions: 11->11
[30.074s][info ][gc,heap        ] GC(1397) Humongous regions: 0->0
[30.074s][info ][gc,metaspace   ] GC(1397) Metaspace: 10124K(10368K)->10124K(10368K) NonClass: 9160K(9344K)->9160K(9344K) Class: 963K(1024K)->963K(1024K)
[30.074s][info ][gc             ] GC(1397) Pause Young (Normal) (G1 Evacuation Pause) 256M->4M(424M) 0.587ms
[30.074s][info ][gc,cpu         ] GC(1397) User=0.00s Sys=0.00s Real=0.00s
[30.090s][info ][gc,start       ] GC(1398) Pause Young (Normal) (G1 Evacuation Pause)
[30.090s][info ][gc,task        ] GC(1398) Using 9 workers of 9 for evacuation
[30.090s][debug][gc,age         ] GC(1398) Desired survivor size 16777216 bytes, new threshold 15 (max threshold 15)
[30.090s][info ][gc,phases      ] GC(1398)   Pre Evacuate Collection Set: 0.07ms
[30.090s][info ][gc,phases      ] GC(1398)   Merge Heap Roots: 0.06ms
[30.090s][info ][gc,phases      ] GC(1398)   Evacuate Collection Set: 0.13ms
[30.090s][info ][gc,phases      ] GC(1398)   Post Evacuate Collection Set: 0.18ms
[30.090s][info ][gc,phases      ] GC(1398)   Other: 0.05ms
[30.090s][trace][gc,age         ] GC(1398) Age table:
[30.090s][trace][gc,age         ] GC(1398) - age   1:        192 bytes,        192 total
[30.090s][info ][gc,heap        ] GC(1398) Eden regions: 253->0(253)
[30.090s][info ][gc,heap        ] GC(1398) Survivor regions: 1->1(32)
[30.090s][info ][gc,heap        ] GC(1398) Old regions: 11->11
[30.090s][info ][gc,heap        ] GC(1398) Humongous regions: 0->0
[30.090s][info ][gc,metaspace   ] GC(1398) Metaspace: 10124K(10368K)->10124K(10368K) NonClass: 9160K(9344K)->9160K(9344K) Class: 963K(1024K)->963K(1024K)
[30.090s][info ][gc             ] GC(1398) Pause Young (Normal) (G1 Evacuation Pause) 256M->4M(424M) 0.593ms
[30.090s][info ][gc,cpu         ] GC(1398) User=0.00s Sys=0.00s Real=0.00s
[30.106s][info ][gc,start       ] GC(1399) Pause Young (Normal) (G1 Evacuation Pause)
[30.106s][info ][gc,task        ] GC(1399) Using 9 workers of 9 for evacuation
[30.106s][debug][gc,age         ] GC(1399) Desired survivor size 16777216 bytes, new threshold 15 (max threshold 15)
[30.106s][info ][gc,phases      ] GC(1399)   Pre Evacuate Collection Set: 0.09ms
[30.106s][info ][gc,phases      ] GC(1399)   Merge Heap Roots: 0.07ms
[30.106s][info ][gc,phases      ] GC(1399)   Evacuate Collection Set: 0.09ms
[30.106s][info ][gc,phases      ] GC(1399)   Post Evacuate Collection Set: 0.20ms
[30.106s][info ][gc,phases      ] GC(1399)   Other: 0.05ms
[30.106s][trace][gc,age         ] GC(1399) Age table:
[30.106s][trace][gc,age         ] GC(1399) - age   1:        192 bytes,        192 total
[30.106s][info ][gc,heap        ] GC(1399) Eden regions: 253->0(253)
[30.106s][info ][gc,heap        ] GC(1399) Survivor regions: 1->1(32)
[30.106s][info ][gc,heap        ] GC(1399) Old regions: 11->11
[30.106s][info ][gc,heap        ] GC(1399) Humongous regions: 0->0
[30.106s][info ][gc,metaspace   ] GC(1399) Metaspace: 10124K(10368K)->10124K(10368K) NonClass: 9160K(9344K)->9160K(9344K) Class: 963K(1024K)->963K(1024K)
[30.106s][info ][gc             ] GC(1399) Pause Young (Normal) (G1 Evacuation Pause) 256M->4M(424M) 0.627ms
[30.106s][info ][gc,cpu         ] GC(1399) User=0.00s Sys=0.00s Real=0.00s
[30.122s][info ][gc,start       ] GC(1400) Pause Young (Normal) (G1 Evacuation Pause)
[30.122s][info ][gc,task        ] GC(1400) Using 9 workers of 9 for evacuation
[30.122s][debug][gc,age         ] GC(1400) Desired survivor size 16777216 bytes, new threshold 15 (max threshold 15)
[30.123s][info ][gc,phases      ] GC(1400)   Pre Evacuate Collection Set: 0.07ms
[30.123s][info ][gc,phases      ] GC(1400)   Merge Heap Roots: 0.07ms
[30.123s][info ][gc,phases      ] GC(1400)   Evacuate Collection Set: 0.11ms
[30.123s][info ][gc,phases      ] GC(1400)   Post Evacuate Collection Set: 0.20ms
[30.123s][info ][gc,phases      ] GC(1400)   Other: 0.05ms
[30.123s][trace][gc,age         ] GC(1400) Age table:
[30.123s][trace][gc,age         ] GC(1400) - age   1:        192 bytes,        192 total
[30.123s][info ][gc,heap        ] GC(1400) Eden regions: 253->0(253)
[30.123s][info ][gc,heap        ] GC(1400) Survivor regions: 1->1(32)
[30.123s][info ][gc,heap        ] GC(1400) Old regions: 11->11
[30.123s][info ][gc,heap        ] GC(1400) Humongous regions: 0->0
[30.123s][info ][gc,metaspace   ] GC(1400) Metaspace: 10124K(10368K)->10124K(10368K) NonClass: 9160K(9344K)->9160K(9344K) Class: 963K(1024K)->963K(1024K)
[30.123s][info ][gc             ] GC(1400) Pause Young (Normal) (G1 Evacuation Pause) 256M->4M(424M) 0.622ms
[30.123s][info ][gc,cpu         ] GC(1400) User=0.00s Sys=0.00s Real=0.00s
[30.138s][info ][gc,start       ] GC(1401) Pause Young (Normal) (G1 Evacuation Pause)
[30.138s][info ][gc,task        ] GC(1401) Using 9 workers of 9 for evacuation
[30.138s][debug][gc,age         ] GC(1401) Desired survivor size 16777216 bytes, new threshold 15 (max threshold 15)
[30.139s][info ][gc,phases      ] GC(1401)   Pre Evacuate Collection Set: 0.08ms
[30.139s][info ][gc,phases      ] GC(1401)   Merge Heap Roots: 0.11ms
[30.139s][info ][gc,phases      ] GC(1401)   Evacuate Collection Set: 0.12ms
[30.139s][info ][gc,phases      ] GC(1401)   Post Evacuate Collection Set: 0.19ms
[30.139s][info ][gc,phases      ] GC(1401)   Other: 0.06ms
[30.139s][trace][gc,age         ] GC(1401) Age table:
[30.139s][trace][gc,age         ] GC(1401) - age   1:        192 bytes,        192 total
[30.139s][info ][gc,heap        ] GC(1401) Eden regions: 253->0(253)
[30.139s][info ][gc,heap        ] GC(1401) Survivor regions: 1->1(32)
[30.139s][info ][gc,heap        ] GC(1401) Old regions: 11->11
[30.139s][info ][gc,heap        ] GC(1401) Humongous regions: 0->0
[30.139s][info ][gc,metaspace   ] GC(1401) Metaspace: 10124K(10368K)->10124K(10368K) NonClass: 9160K(9344K)->9160K(9344K) Class: 963K(1024K)->963K(1024K)
[30.139s][info ][gc             ] GC(1401) Pause Young (Normal) (G1 Evacuation Pause) 256M->4M(424M) 0.659ms
[30.139s][info ][gc,cpu         ] GC(1401) User=0.00s Sys=0.00s Real=0.00s
[30.154s][info ][gc,start       ] GC(1402) Pause Young (Normal) (G1 Evacuation Pause)
[30.154s][info ][gc,task        ] GC(1402) Using 9 workers of 9 for evacuation
[30.154s][debug][gc,age         ] GC(1402) Desired survivor size 16777216 bytes, new threshold 15 (max threshold 15)
[30.155s][info ][gc,phases      ] GC(1402)   Pre Evacuate Collection Set: 0.07ms
[30.155s][info ][gc,phases      ] GC(1402)   Merge Heap Roots: 0.07ms
[30.155s][info ][gc,phases      ] GC(1402)   Evacuate Collection Set: 0.11ms
[30.155s][info ][gc,phases      ] GC(1402)   Post Evacuate Collection Set: 0.21ms
[30.155s][info ][gc,phases      ] GC(1402)   Other: 0.06ms
[30.155s][trace][gc,age         ] GC(1402) Age table:
[30.155s][trace][gc,age         ] GC(1402) - age   1:        192 bytes,        192 total
[30.155s][info ][gc,heap        ] GC(1402) Eden regions: 253->0(253)
[30.155s][info ][gc,heap        ] GC(1402) Survivor regions: 1->1(32)
[30.155s][info ][gc,heap        ] GC(1402) Old regions: 11->11
[30.155s][info ][gc,heap        ] GC(1402) Humongous regions: 0->0
[30.155s][info ][gc,metaspace   ] GC(1402) Metaspace: 10124K(10368K)->10124K(10368K) NonClass: 9160K(9344K)->9160K(9344K) Class: 963K(1024K)->963K(1024K)
[30.155s][info ][gc             ] GC(1402) Pause Young (Normal) (G1 Evacuation Pause) 256M->4M(424M) 0.623ms
[30.155s][info ][gc,cpu         ] GC(1402) User=0.00s Sys=0.00s Real=0.01s
[30.171s][info ][gc,start       ] GC(1403) Pause Young (Normal) (G1 Evacuation Pause)
[30.171s][info ][gc,task        ] GC(1403) Using 9 workers of 9 for evacuation
[30.171s][debug][gc,age         ] GC(1403) Desired survivor size 16777216 bytes, new threshold 15 (max threshold 15)
[30.171s][info ][gc,phases      ] GC(1403)   Pre Evacuate Collection Set: 0.08ms
[30.171s][info ][gc,phases      ] GC(1403)   Merge Heap Roots: 0.07ms
[30.171s][info ][gc,phases      ] GC(1403)   Evacuate Collection Set: 0.09ms
[30.171s][info ][gc,phases      ] GC(1403)   Post Evacuate Collection Set: 0.16ms
[30.171s][info ][gc,phases      ] GC(1403)   Other: 0.06ms
[30.171s][trace][gc,age         ] GC(1403) Age table:
[30.171s][trace][gc,age         ] GC(1403) - age   1:        192 bytes,        192 total
[30.171s][info ][gc,heap        ] GC(1403) Eden regions: 253->0(253)
[30.171s][info ][gc,heap        ] GC(1403) Survivor regions: 1->1(32)
[30.171s][info ][gc,heap        ] GC(1403) Old regions: 11->11
[30.171s][info ][gc,heap        ] GC(1403) Humongous regions: 0->0
[30.171s][info ][gc,metaspace   ] GC(1403) Metaspace: 10124K(10368K)->10124K(10368K) NonClass: 9160K(9344K)->9160K(9344K) Class: 963K(1024K)->963K(1024K)
[30.171s][info ][gc             ] GC(1403) Pause Young (Normal) (G1 Evacuation Pause) 256M->4M(424M) 0.574ms
[30.171s][info ][gc,cpu         ] GC(1403) User=0.00s Sys=0.00s Real=0.00s
[30.187s][info ][gc,start       ] GC(1404) Pause Young (Normal) (G1 Evacuation Pause)
[30.187s][info ][gc,task        ] GC(1404) Using 9 workers of 9 for evacuation
[30.187s][debug][gc,age         ] GC(1404) Desired survivor size 16777216 bytes, new threshold 15 (max threshold 15)
[30.187s][info ][gc,phases      ] GC(1404)   Pre Evacuate Collection Set: 0.08ms
[30.187s][info ][gc,phases      ] GC(1404)   Merge Heap Roots: 0.07ms
[30.187s][info ][gc,phases      ] GC(1404)   Evacuate Collection Set: 0.09ms
[30.187s][info ][gc,phases      ] GC(1404)   Post Evacuate Collection Set: 0.17ms
[30.187s][info ][gc,phases      ] GC(1404)   Other: 0.06ms
[30.187s][trace][gc,age         ] GC(1404) Age table:
[30.187s][trace][gc,age         ] GC(1404) - age   1:        192 bytes,        192 total
[30.187s][info ][gc,heap        ] GC(1404) Eden regions: 253->0(253)
[30.187s][info ][gc,heap        ] GC(1404) Survivor regions: 1->1(32)
[30.187s][info ][gc,heap        ] GC(1404) Old regions: 11->11
[30.187s][info ][gc,heap        ] GC(1404) Humongous regions: 0->0
[30.187s][info ][gc,metaspace   ] GC(1404) Metaspace: 10124K(10368K)->10124K(10368K) NonClass: 9160K(9344K)->9160K(9344K) Class: 963K(1024K)->963K(1024K)
[30.187s][info ][gc             ] GC(1404) Pause Young (Normal) (G1 Evacuation Pause) 256M->4M(424M) 0.574ms
[30.187s][info ][gc,cpu         ] GC(1404) User=0.00s Sys=0.00s Real=0.00s
[30.203s][info ][gc,start       ] GC(1405) Pause Young (Normal) (G1 Evacuation Pause)
[30.203s][info ][gc,task        ] GC(1405) Using 9 workers of 9 for evacuation
[30.203s][debug][gc,age         ] GC(1405) Desired survivor size 16777216 bytes, new threshold 15 (max threshold 15)
[30.204s][info ][gc,phases      ] GC(1405)   Pre Evacuate Collection Set: 0.09ms
[30.204s][info ][gc,phases      ] GC(1405)   Merge Heap Roots: 0.12ms
[30.204s][info ][gc,phases      ] GC(1405)   Evacuate Collection Set: 0.15ms
[30.204s][info ][gc,phases      ] GC(1405)   Post Evacuate Collection Set: 0.20ms
[30.204s][info ][gc,phases      ] GC(1405)   Other: 0.05ms
[30.204s][trace][gc,age         ] GC(1405) Age table:
[30.204s][trace][gc,age         ] GC(1405) - age   1:        192 bytes,        192 total
[30.204s][info ][gc,heap        ] GC(1405) Eden regions: 253->0(253)
[30.204s][info ][gc,heap        ] GC(1405) Survivor regions: 1->1(32)
[30.204s][info ][gc,heap        ] GC(1405) Old regions: 11->11
[30.204s][info ][gc,heap        ] GC(1405) Humongous regions: 0->0
[30.204s][info ][gc,metaspace   ] GC(1405) Metaspace: 10124K(10368K)->10124K(10368K) NonClass: 9160K(9344K)->9160K(9344K) Class: 963K(1024K)->963K(1024K)
[30.204s][info ][gc             ] GC(1405) Pause Young (Normal) (G1 Evacuation Pause) 256M->4M(424M) 0.716ms
[30.204s][info ][gc,cpu         ] GC(1405) User=0.00s Sys=0.01s Real=0.00s
[30.219s][info ][gc,start       ] GC(1406) Pause Young (Normal) (G1 Evacuation Pause)
[30.219s][info ][gc,task        ] GC(1406) Using 9 workers of 9 for evacuation
[30.219s][debug][gc,age         ] GC(1406) Desired survivor size 16777216 bytes, new threshold 15 (max threshold 15)
[30.220s][info ][gc,phases      ] GC(1406)   Pre Evacuate Collection Set: 0.07ms
[30.220s][info ][gc,phases      ] GC(1406)   Merge Heap Roots: 0.07ms
[30.220s][info ][gc,phases      ] GC(1406)   Evacuate Collection Set: 0.10ms
[30.220s][info ][gc,phases      ] GC(1406)   Post Evacuate Collection Set: 0.18ms
[30.220s][info ][gc,phases      ] GC(1406)   Other: 0.05ms
[30.220s][trace][gc,age         ] GC(1406) Age table:
[30.220s][trace][gc,age         ] GC(1406) - age   1:        192 bytes,        192 total
[30.220s][info ][gc,heap        ] GC(1406) Eden regions: 253->0(253)
[30.220s][info ][gc,heap        ] GC(1406) Survivor regions: 1->1(32)
[30.220s][info ][gc,heap        ] GC(1406) Old regions: 11->11
[30.220s][info ][gc,heap        ] GC(1406) Humongous regions: 0->0
[30.220s][info ][gc,metaspace   ] GC(1406) Metaspace: 10124K(10368K)->10124K(10368K) NonClass: 9160K(9344K)->9160K(9344K) Class: 963K(1024K)->963K(1024K)
[30.220s][info ][gc             ] GC(1406) Pause Young (Normal) (G1 Evacuation Pause) 256M->4M(424M) 0.573ms
[30.220s][info ][gc,cpu         ] GC(1406) User=0.00s Sys=0.00s Real=0.00s
[30.235s][info ][gc,start       ] GC(1407) Pause Young (Normal) (G1 Evacuation Pause)
[30.236s][info ][gc,task        ] GC(1407) Using 9 workers of 9 for evacuation
[30.236s][debug][gc,age         ] GC(1407) Desired survivor size 16777216 bytes, new threshold 15 (max threshold 15)
[30.236s][info ][gc,phases      ] GC(1407)   Pre Evacuate Collection Set: 0.09ms
[30.236s][info ][gc,phases      ] GC(1407)   Merge Heap Roots: 0.07ms
[30.236s][info ][gc,phases      ] GC(1407)   Evacuate Collection Set: 0.09ms
[30.236s][info ][gc,phases      ] GC(1407)   Post Evacuate Collection Set: 0.18ms
[30.236s][info ][gc,phases      ] GC(1407)   Other: 0.06ms
[30.236s][trace][gc,age         ] GC(1407) Age table:
[30.236s][trace][gc,age         ] GC(1407) - age   1:        192 bytes,        192 total
[30.236s][info ][gc,heap        ] GC(1407) Eden regions: 253->0(253)
[30.236s][info ][gc,heap        ] GC(1407) Survivor regions: 1->1(32)
[30.236s][info ][gc,heap        ] GC(1407) Old regions: 11->11
[30.236s][info ][gc,heap        ] GC(1407) Humongous regions: 0->0
[30.236s][info ][gc,metaspace   ] GC(1407) Metaspace: 10124K(10368K)->10124K(10368K) NonClass: 9160K(9344K)->9160K(9344K) Class: 963K(1024K)->963K(1024K)
[30.236s][info ][gc             ] GC(1407) Pause Young (Normal) (G1 Evacuation Pause) 256M->4M(424M) 0.586ms
[30.236s][info ][gc,cpu         ] GC(1407) User=0.00s Sys=0.00s Real=0.00s
[30.251s][info ][gc,start       ] GC(1408) Pause Young (Normal) (G1 Evacuation Pause)
[30.252s][info ][gc,task        ] GC(1408) Using 9 workers of 9 for evacuation
[30.252s][debug][gc,age         ] GC(1408) Desired survivor size 16777216 bytes, new threshold 15 (max threshold 15)
[30.252s][info ][gc,phases      ] GC(1408)   Pre Evacuate Collection Set: 0.08ms
[30.252s][info ][gc,phases      ] GC(1408)   Merge Heap Roots: 0.07ms
[30.252s][info ][gc,phases      ] GC(1408)   Evacuate Collection Set: 0.09ms
[30.252s][info ][gc,phases      ] GC(1408)   Post Evacuate Collection Set: 0.16ms
[30.252s][info ][gc,phases      ] GC(1408)   Other: 0.05ms
[30.252s][trace][gc,age         ] GC(1408) Age table:
[30.252s][trace][gc,age         ] GC(1408) - age   1:        192 bytes,        192 total
[30.252s][info ][gc,heap        ] GC(1408) Eden regions: 253->0(253)
[30.252s][info ][gc,heap        ] GC(1408) Survivor regions: 1->1(32)
[30.252s][info ][gc,heap        ] GC(1408) Old regions: 11->11
[30.252s][info ][gc,heap        ] GC(1408) Humongous regions: 0->0
[30.252s][info ][gc,metaspace   ] GC(1408) Metaspace: 10124K(10368K)->10124K(10368K) NonClass: 9160K(9344K)->9160K(9344K) Class: 963K(1024K)->963K(1024K)
[30.252s][info ][gc             ] GC(1408) Pause Young (Normal) (G1 Evacuation Pause) 256M->4M(424M) 0.551ms
[30.252s][info ][gc,cpu         ] GC(1408) User=0.00s Sys=0.00s Real=0.00s
[30.267s][info ][gc,start       ] GC(1409) Pause Young (Normal) (G1 Evacuation Pause)
[30.267s][info ][gc,task        ] GC(1409) Using 9 workers of 9 for evacuation
[30.267s][debug][gc,age         ] GC(1409) Desired survivor size 16777216 bytes, new threshold 15 (max threshold 15)
[30.268s][info ][gc,phases      ] GC(1409)   Pre Evacuate Collection Set: 0.12ms
[30.268s][info ][gc,phases      ] GC(1409)   Merge Heap Roots: 0.09ms
[30.268s][info ][gc,phases      ] GC(1409)   Evacuate Collection Set: 0.09ms
[30.268s][info ][gc,phases      ] GC(1409)   Post Evacuate Collection Set: 0.17ms
[30.268s][info ][gc,phases      ] GC(1409)   Other: 0.05ms
[30.268s][trace][gc,age         ] GC(1409) Age table:
[30.268s][trace][gc,age         ] GC(1409) - age   1:        192 bytes,        192 total
[30.268s][info ][gc,heap        ] GC(1409) Eden regions: 253->0(253)
[30.268s][info ][gc,heap        ] GC(1409) Survivor regions: 1->1(32)
[30.268s][info ][gc,heap        ] GC(1409) Old regions: 11->11
[30.268s][info ][gc,heap        ] GC(1409) Humongous regions: 0->0
[30.268s][info ][gc,metaspace   ] GC(1409) Metaspace: 10124K(10368K)->10124K(10368K) NonClass: 9160K(9344K)->9160K(9344K) Class: 963K(1024K)->963K(1024K)
[30.268s][info ][gc             ] GC(1409) Pause Young (Normal) (G1 Evacuation Pause) 256M->4M(424M) 0.620ms
[30.268s][info ][gc,cpu         ] GC(1409) User=0.00s Sys=0.00s Real=0.00s
[30.282s][info ][gc,start       ] GC(1410) Pause Young (Normal) (G1 Evacuation Pause)
[30.282s][info ][gc,task        ] GC(1410) Using 9 workers of 9 for evacuation
[30.282s][debug][gc,age         ] GC(1410) Desired survivor size 16777216 bytes, new threshold 15 (max threshold 15)
[30.283s][info ][gc,phases      ] GC(1410)   Pre Evacuate Collection Set: 0.07ms
[30.283s][info ][gc,phases      ] GC(1410)   Merge Heap Roots: 0.11ms
[30.283s][info ][gc,phases      ] GC(1410)   Evacuate Collection Set: 0.12ms
[30.283s][info ][gc,phases      ] GC(1410)   Post Evacuate Collection Set: 0.17ms
[30.283s][info ][gc,phases      ] GC(1410)   Other: 0.07ms
[30.283s][trace][gc,age         ] GC(1410) Age table:
[30.283s][trace][gc,age         ] GC(1410) - age   1:        192 bytes,        192 total
[30.283s][info ][gc,heap        ] GC(1410) Eden regions: 253->0(253)
[30.283s][info ][gc,heap        ] GC(1410) Survivor regions: 1->1(32)
[30.283s][info ][gc,heap        ] GC(1410) Old regions: 11->11
[30.283s][info ][gc,heap        ] GC(1410) Humongous regions: 0->0
[30.283s][info ][gc,metaspace   ] GC(1410) Metaspace: 10124K(10368K)->10124K(10368K) NonClass: 9160K(9344K)->9160K(9344K) Class: 963K(1024K)->963K(1024K)
[30.283s][info ][gc             ] GC(1410) Pause Young (Normal) (G1 Evacuation Pause) 256M->4M(424M) 0.651ms
[30.283s][info ][gc,cpu         ] GC(1410) User=0.01s Sys=0.00s Real=0.00s
[30.298s][info ][gc,start       ] GC(1411) Pause Young (Normal) (G1 Evacuation Pause)
[30.298s][info ][gc,task        ] GC(1411) Using 9 workers of 9 for evacuation
[30.298s][debug][gc,age         ] GC(1411) Desired survivor size 16777216 bytes, new threshold 15 (max threshold 15)
[30.298s][info ][gc,phases      ] GC(1411)   Pre Evacuate Collection Set: 0.08ms
[30.298s][info ][gc,phases      ] GC(1411)   Merge Heap Roots: 0.08ms
[30.298s][info ][gc,phases      ] GC(1411)   Evacuate Collection Set: 0.10ms
[30.298s][info ][gc,phases      ] GC(1411)   Post Evacuate Collection Set: 0.18ms
[30.298s][info ][gc,phases      ] GC(1411)   Other: 0.06ms
[30.298s][trace][gc,age         ] GC(1411) Age table:
[30.298s][trace][gc,age         ] GC(1411) - age   1:        192 bytes,        192 total
[30.298s][info ][gc,heap        ] GC(1411) Eden regions: 253->0(253)
[30.298s][info ][gc,heap        ] GC(1411) Survivor regions: 1->1(32)
[30.298s][info ][gc,heap        ] GC(1411) Old regions: 11->11
[30.298s][info ][gc,heap        ] GC(1411) Humongous regions: 0->0
[30.298s][info ][gc,metaspace   ] GC(1411) Metaspace: 10124K(10368K)->10124K(10368K) NonClass: 9160K(9344K)->9160K(9344K) Class: 963K(1024K)->963K(1024K)
[30.298s][info ][gc             ] GC(1411) Pause Young (Normal) (G1 Evacuation Pause) 256M->4M(424M) 0.637ms
[30.298s][info ][gc,cpu         ] GC(1411) User=0.00s Sys=0.00s Real=0.00s
[30.313s][info ][gc,start       ] GC(1412) Pause Young (Normal) (G1 Evacuation Pause)
[30.313s][info ][gc,task        ] GC(1412) Using 9 workers of 9 for evacuation
[30.313s][debug][gc,age         ] GC(1412) Desired survivor size 16777216 bytes, new threshold 15 (max threshold 15)
[30.314s][info ][gc,phases      ] GC(1412)   Pre Evacuate Collection Set: 0.11ms
[30.314s][info ][gc,phases      ] GC(1412)   Merge Heap Roots: 0.06ms
[30.314s][info ][gc,phases      ] GC(1412)   Evacuate Collection Set: 0.09ms
[30.314s][info ][gc,phases      ] GC(1412)   Post Evacuate Collection Set: 0.15ms
[30.314s][info ][gc,phases      ] GC(1412)   Other: 0.06ms
[30.314s][trace][gc,age         ] GC(1412) Age table:
[30.314s][trace][gc,age         ] GC(1412) - age   1:        192 bytes,        192 total
[30.314s][info ][gc,heap        ] GC(1412) Eden regions: 253->0(253)
[30.314s][info ][gc,heap        ] GC(1412) Survivor regions: 1->1(32)
[30.314s][info ][gc,heap        ] GC(1412) Old regions: 11->11
[30.314s][info ][gc,heap        ] GC(1412) Humongous regions: 0->0
[30.314s][info ][gc,metaspace   ] GC(1412) Metaspace: 10124K(10368K)->10124K(10368K) NonClass: 9160K(9344K)->9160K(9344K) Class: 963K(1024K)->963K(1024K)
[30.314s][info ][gc             ] GC(1412) Pause Young (Normal) (G1 Evacuation Pause) 256M->4M(424M) 0.581ms
[30.314s][info ][gc,cpu         ] GC(1412) User=0.00s Sys=0.00s Real=0.00s
[30.329s][info ][gc,start       ] GC(1413) Pause Young (Normal) (G1 Evacuation Pause)
[30.329s][info ][gc,task        ] GC(1413) Using 9 workers of 9 for evacuation
[30.329s][debug][gc,age         ] GC(1413) Desired survivor size 16777216 bytes, new threshold 15 (max threshold 15)
[30.330s][info ][gc,phases      ] GC(1413)   Pre Evacuate Collection Set: 0.09ms
[30.330s][info ][gc,phases      ] GC(1413)   Merge Heap Roots: 0.08ms
[30.330s][info ][gc,phases      ] GC(1413)   Evacuate Collection Set: 0.10ms
[30.330s][info ][gc,phases      ] GC(1413)   Post Evacuate Collection Set: 0.18ms
[30.330s][info ][gc,phases      ] GC(1413)   Other: 0.07ms
[30.330s][trace][gc,age         ] GC(1413) Age table:
[30.330s][trace][gc,age         ] GC(1413) - age   1:        192 bytes,        192 total
[30.330s][info ][gc,heap        ] GC(1413) Eden regions: 253->0(253)
[30.330s][info ][gc,heap        ] GC(1413) Survivor regions: 1->1(32)
[30.330s][info ][gc,heap        ] GC(1413) Old regions: 11->11
[30.330s][info ][gc,heap        ] GC(1413) Humongous regions: 0->0
[30.330s][info ][gc,metaspace   ] GC(1413) Metaspace: 10124K(10368K)->10124K(10368K) NonClass: 9160K(9344K)->9160K(9344K) Class: 963K(1024K)->963K(1024K)
[30.330s][info ][gc             ] GC(1413) Pause Young (Normal) (G1 Evacuation Pause) 256M->4M(424M) 0.637ms
[30.330s][info ][gc,cpu         ] GC(1413) User=0.00s Sys=0.00s Real=0.00s
[30.344s][info ][gc,start       ] GC(1414) Pause Young (Normal) (G1 Evacuation Pause)
[30.344s][info ][gc,task        ] GC(1414) Using 9 workers of 9 for evacuation
[30.345s][debug][gc,age         ] GC(1414) Desired survivor size 16777216 bytes, new threshold 15 (max threshold 15)
[30.345s][info ][gc,phases      ] GC(1414)   Pre Evacuate Collection Set: 0.06ms
[30.345s][info ][gc,phases      ] GC(1414)   Merge Heap Roots: 0.07ms
[30.345s][info ][gc,phases      ] GC(1414)   Evacuate Collection Set: 0.10ms
[30.345s][info ][gc,phases      ] GC(1414)   Post Evacuate Collection Set: 0.12ms
[30.345s][info ][gc,phases      ] GC(1414)   Other: 0.07ms
[30.345s][trace][gc,age         ] GC(1414) Age table:
[30.345s][trace][gc,age         ] GC(1414) - age   1:        192 bytes,        192 total
[30.345s][info ][gc,heap        ] GC(1414) Eden regions: 253->0(253)
[30.345s][info ][gc,heap        ] GC(1414) Survivor regions: 1->1(32)
[30.345s][info ][gc,heap        ] GC(1414) Old regions: 11->11
[30.345s][info ][gc,heap        ] GC(1414) Humongous regions: 0->0
[30.345s][info ][gc,metaspace   ] GC(1414) Metaspace: 10124K(10368K)->10124K(10368K) NonClass: 9160K(9344K)->9160K(9344K) Class: 963K(1024K)->963K(1024K)
[30.345s][info ][gc             ] GC(1414) Pause Young (Normal) (G1 Evacuation Pause) 256M->4M(424M) 0.527ms
[30.345s][info ][gc,cpu         ] GC(1414) User=0.00s Sys=0.00s Real=0.00s
[30.360s][info ][gc,start       ] GC(1415) Pause Young (Normal) (G1 Evacuation Pause)
[30.360s][info ][gc,task        ] GC(1415) Using 9 workers of 9 for evacuation
[30.360s][debug][gc,age         ] GC(1415) Desired survivor size 16777216 bytes, new threshold 15 (max threshold 15)
[30.361s][info ][gc,phases      ] GC(1415)   Pre Evacuate Collection Set: 0.07ms
[30.361s][info ][gc,phases      ] GC(1415)   Merge Heap Roots: 0.07ms
[30.361s][info ][gc,phases      ] GC(1415)   Evacuate Collection Set: 0.10ms
[30.361s][info ][gc,phases      ] GC(1415)   Post Evacuate Collection Set: 0.19ms
[30.361s][info ][gc,phases      ] GC(1415)   Other: 0.05ms
[30.361s][trace][gc,age         ] GC(1415) Age table:
[30.361s][trace][gc,age         ] GC(1415) - age   1:        192 bytes,        192 total
[30.361s][info ][gc,heap        ] GC(1415) Eden regions: 253->0(253)
[30.361s][info ][gc,heap        ] GC(1415) Survivor regions: 1->1(32)
[30.361s][info ][gc,heap        ] GC(1415) Old regions: 11->11
[30.361s][info ][gc,heap        ] GC(1415) Humongous regions: 0->0
[30.361s][info ][gc,metaspace   ] GC(1415) Metaspace: 10124K(10368K)->10124K(10368K) NonClass: 9160K(9344K)->9160K(9344K) Class: 963K(1024K)->963K(1024K)
[30.361s][info ][gc             ] GC(1415) Pause Young (Normal) (G1 Evacuation Pause) 256M->4M(424M) 0.606ms
[30.361s][info ][gc,cpu         ] GC(1415) User=0.00s Sys=0.00s Real=0.00s
[30.377s][info ][gc,start       ] GC(1416) Pause Young (Normal) (G1 Evacuation Pause)
[30.377s][info ][gc,task        ] GC(1416) Using 9 workers of 9 for evacuation
[30.377s][debug][gc,age         ] GC(1416) Desired survivor size 16777216 bytes, new threshold 15 (max threshold 15)
[30.377s][info ][gc,phases      ] GC(1416)   Pre Evacuate Collection Set: 0.08ms
[30.377s][info ][gc,phases      ] GC(1416)   Merge Heap Roots: 0.07ms
[30.377s][info ][gc,phases      ] GC(1416)   Evacuate Collection Set: 0.09ms
[30.377s][info ][gc,phases      ] GC(1416)   Post Evacuate Collection Set: 0.17ms
[30.377s][info ][gc,phases      ] GC(1416)   Other: 0.04ms
[30.377s][trace][gc,age         ] GC(1416) Age table:
[30.377s][trace][gc,age         ] GC(1416) - age   1:        192 bytes,        192 total
[30.377s][info ][gc,heap        ] GC(1416) Eden regions: 253->0(253)
[30.377s][info ][gc,heap        ] GC(1416) Survivor regions: 1->1(32)
[30.377s][info ][gc,heap        ] GC(1416) Old regions: 11->11
[30.377s][info ][gc,heap        ] GC(1416) Humongous regions: 0->0
[30.377s][info ][gc,metaspace   ] GC(1416) Metaspace: 10124K(10368K)->10124K(10368K) NonClass: 9160K(9344K)->9160K(9344K) Class: 963K(1024K)->963K(1024K)
[30.377s][info ][gc             ] GC(1416) Pause Young (Normal) (G1 Evacuation Pause) 256M->4M(424M) 0.551ms
[30.377s][info ][gc,cpu         ] GC(1416) User=0.00s Sys=0.00s Real=0.00s
[30.393s][info ][gc,start       ] GC(1417) Pause Young (Normal) (G1 Evacuation Pause)
[30.393s][info ][gc,task        ] GC(1417) Using 9 workers of 9 for evacuation
[30.393s][debug][gc,age         ] GC(1417) Desired survivor size 16777216 bytes, new threshold 15 (max threshold 15)
[30.394s][info ][gc,phases      ] GC(1417)   Pre Evacuate Collection Set: 0.08ms
[30.394s][info ][gc,phases      ] GC(1417)   Merge Heap Roots: 0.09ms
[30.394s][info ][gc,phases      ] GC(1417)   Evacuate Collection Set: 0.12ms
[30.394s][info ][gc,phases      ] GC(1417)   Post Evacuate Collection Set: 0.21ms
[30.394s][info ][gc,phases      ] GC(1417)   Other: 0.07ms
[30.394s][trace][gc,age         ] GC(1417) Age table:
[30.394s][trace][gc,age         ] GC(1417) - age   1:        192 bytes,        192 total
[30.394s][info ][gc,heap        ] GC(1417) Eden regions: 253->0(253)
[30.394s][info ][gc,heap        ] GC(1417) Survivor regions: 1->1(32)
[30.394s][info ][gc,heap        ] GC(1417) Old regions: 11->11
[30.394s][info ][gc,heap        ] GC(1417) Humongous regions: 0->0
[30.394s][info ][gc,metaspace   ] GC(1417) Metaspace: 10124K(10368K)->10124K(10368K) NonClass: 9160K(9344K)->9160K(9344K) Class: 963K(1024K)->963K(1024K)
[30.394s][info ][gc             ] GC(1417) Pause Young (Normal) (G1 Evacuation Pause) 256M->4M(424M) 0.691ms
[30.394s][info ][gc,cpu         ] GC(1417) User=0.00s Sys=0.00s Real=0.00s
[30.409s][info ][gc,start       ] GC(1418) Pause Young (Normal) (G1 Evacuation Pause)
[30.409s][info ][gc,task        ] GC(1418) Using 9 workers of 9 for evacuation
[30.409s][debug][gc,age         ] GC(1418) Desired survivor size 16777216 bytes, new threshold 15 (max threshold 15)
[30.410s][info ][gc,phases      ] GC(1418)   Pre Evacuate Collection Set: 0.07ms
[30.410s][info ][gc,phases      ] GC(1418)   Merge Heap Roots: 0.05ms
[30.410s][info ][gc,phases      ] GC(1418)   Evacuate Collection Set: 0.13ms
[30.410s][info ][gc,phases      ] GC(1418)   Post Evacuate Collection Set: 0.18ms
[30.410s][info ][gc,phases      ] GC(1418)   Other: 0.06ms
[30.410s][trace][gc,age         ] GC(1418) Age table:
[30.410s][trace][gc,age         ] GC(1418) - age   1:        192 bytes,        192 total
[30.410s][info ][gc,heap        ] GC(1418) Eden regions: 253->0(253)
[30.410s][info ][gc,heap        ] GC(1418) Survivor regions: 1->1(32)
[30.410s][info ][gc,heap        ] GC(1418) Old regions: 11->11
[30.410s][info ][gc,heap        ] GC(1418) Humongous regions: 0->0
[30.410s][info ][gc,metaspace   ] GC(1418) Metaspace: 10124K(10368K)->10124K(10368K) NonClass: 9160K(9344K)->9160K(9344K) Class: 963K(1024K)->963K(1024K)
[30.410s][info ][gc             ] GC(1418) Pause Young (Normal) (G1 Evacuation Pause) 256M->4M(424M) 0.606ms
[30.410s][info ][gc,cpu         ] GC(1418) User=0.00s Sys=0.00s Real=0.00s
[30.425s][info ][gc,start       ] GC(1419) Pause Young (Normal) (G1 Evacuation Pause)
[30.425s][info ][gc,task        ] GC(1419) Using 9 workers of 9 for evacuation
[30.425s][debug][gc,age         ] GC(1419) Desired survivor size 16777216 bytes, new threshold 15 (max threshold 15)
[30.426s][info ][gc,phases      ] GC(1419)   Pre Evacuate Collection Set: 0.07ms
[30.426s][info ][gc,phases      ] GC(1419)   Merge Heap Roots: 0.06ms
[30.426s][info ][gc,phases      ] GC(1419)   Evacuate Collection Set: 0.09ms
[30.426s][info ][gc,phases      ] GC(1419)   Post Evacuate Collection Set: 0.17ms
[30.426s][info ][gc,phases      ] GC(1419)   Other: 0.05ms
[30.426s][trace][gc,age         ] GC(1419) Age table:
[30.426s][trace][gc,age         ] GC(1419) - age   1:        192 bytes,        192 total
[30.426s][info ][gc,heap        ] GC(1419) Eden regions: 253->0(253)
[30.426s][info ][gc,heap        ] GC(1419) Survivor regions: 1->1(32)
[30.426s][info ][gc,heap        ] GC(1419) Old regions: 11->11
[30.426s][info ][gc,heap        ] GC(1419) Humongous regions: 0->0
[30.426s][info ][gc,metaspace   ] GC(1419) Metaspace: 10124K(10368K)->10124K(10368K) NonClass: 9160K(9344K)->9160K(9344K) Class: 963K(1024K)->963K(1024K)
[30.426s][info ][gc             ] GC(1419) Pause Young (Normal) (G1 Evacuation Pause) 256M->4M(424M) 0.551ms
[30.426s][info ][gc,cpu         ] GC(1419) User=0.00s Sys=0.00s Real=0.00s
[30.441s][info ][gc,start       ] GC(1420) Pause Young (Normal) (G1 Evacuation Pause)
[30.441s][info ][gc,task        ] GC(1420) Using 9 workers of 9 for evacuation
[30.441s][debug][gc,age         ] GC(1420) Desired survivor size 16777216 bytes, new threshold 15 (max threshold 15)
[30.442s][info ][gc,phases      ] GC(1420)   Pre Evacuate Collection Set: 0.06ms
[30.442s][info ][gc,phases      ] GC(1420)   Merge Heap Roots: 0.09ms
[30.442s][info ][gc,phases      ] GC(1420)   Evacuate Collection Set: 0.10ms
[30.442s][info ][gc,phases      ] GC(1420)   Post Evacuate Collection Set: 0.18ms
[30.442s][info ][gc,phases      ] GC(1420)   Other: 0.06ms
[30.442s][trace][gc,age         ] GC(1420) Age table:
[30.442s][trace][gc,age         ] GC(1420) - age   1:        192 bytes,        192 total
[30.442s][info ][gc,heap        ] GC(1420) Eden regions: 253->0(253)
[30.442s][info ][gc,heap        ] GC(1420) Survivor regions: 1->1(32)
[30.442s][info ][gc,heap        ] GC(1420) Old regions: 11->11
[30.442s][info ][gc,heap        ] GC(1420) Humongous regions: 0->0
[30.442s][info ][gc,metaspace   ] GC(1420) Metaspace: 10124K(10368K)->10124K(10368K) NonClass: 9160K(9344K)->9160K(9344K) Class: 963K(1024K)->963K(1024K)
[30.442s][info ][gc             ] GC(1420) Pause Young (Normal) (G1 Evacuation Pause) 256M->4M(424M) 0.599ms
[30.442s][info ][gc,cpu         ] GC(1420) User=0.00s Sys=0.00s Real=0.00s
[30.457s][info ][gc,start       ] GC(1421) Pause Young (Normal) (G1 Evacuation Pause)
[30.458s][info ][gc,task        ] GC(1421) Using 9 workers of 9 for evacuation
[30.458s][debug][gc,age         ] GC(1421) Desired survivor size 16777216 bytes, new threshold 15 (max threshold 15)
[30.458s][info ][gc,phases      ] GC(1421)   Pre Evacuate Collection Set: 0.07ms
[30.458s][info ][gc,phases      ] GC(1421)   Merge Heap Roots: 0.08ms
[30.458s][info ][gc,phases      ] GC(1421)   Evacuate Collection Set: 0.14ms
[30.458s][info ][gc,phases      ] GC(1421)   Post Evacuate Collection Set: 0.16ms
[30.458s][info ][gc,phases      ] GC(1421)   Other: 0.05ms
[30.458s][trace][gc,age         ] GC(1421) Age table:
[30.458s][trace][gc,age         ] GC(1421) - age   1:        192 bytes,        192 total
[30.458s][info ][gc,heap        ] GC(1421) Eden regions: 253->0(253)
[30.458s][info ][gc,heap        ] GC(1421) Survivor regions: 1->1(32)
[30.458s][info ][gc,heap        ] GC(1421) Old regions: 11->11
[30.458s][info ][gc,heap        ] GC(1421) Humongous regions: 0->0
[30.458s][info ][gc,metaspace   ] GC(1421) Metaspace: 10124K(10368K)->10124K(10368K) NonClass: 9160K(9344K)->9160K(9344K) Class: 963K(1024K)->963K(1024K)
[30.458s][info ][gc             ] GC(1421) Pause Young (Normal) (G1 Evacuation Pause) 256M->4M(424M) 0.600ms
[30.458s][info ][gc,cpu         ] GC(1421) User=0.00s Sys=0.00s Real=0.00s
[30.474s][info ][gc,start       ] GC(1422) Pause Young (Normal) (G1 Evacuation Pause)
[30.474s][info ][gc,task        ] GC(1422) Using 9 workers of 9 for evacuation
[30.474s][debug][gc,age         ] GC(1422) Desired survivor size 16777216 bytes, new threshold 15 (max threshold 15)
[30.474s][info ][gc,phases      ] GC(1422)   Pre Evacuate Collection Set: 0.08ms
[30.474s][info ][gc,phases      ] GC(1422)   Merge Heap Roots: 0.08ms
[30.474s][info ][gc,phases      ] GC(1422)   Evacuate Collection Set: 0.09ms
[30.474s][info ][gc,phases      ] GC(1422)   Post Evacuate Collection Set: 0.18ms
[30.474s][info ][gc,phases      ] GC(1422)   Other: 0.05ms
[30.474s][trace][gc,age         ] GC(1422) Age table:
[30.474s][trace][gc,age         ] GC(1422) - age   1:        192 bytes,        192 total
[30.474s][info ][gc,heap        ] GC(1422) Eden regions: 253->0(253)
[30.474s][info ][gc,heap        ] GC(1422) Survivor regions: 1->1(32)
[30.474s][info ][gc,heap        ] GC(1422) Old regions: 11->11
[30.474s][info ][gc,heap        ] GC(1422) Humongous regions: 0->0
[30.474s][info ][gc,metaspace   ] GC(1422) Metaspace: 10124K(10368K)->10124K(10368K) NonClass: 9160K(9344K)->9160K(9344K) Class: 963K(1024K)->963K(1024K)
[30.474s][info ][gc             ] GC(1422) Pause Young (Normal) (G1 Evacuation Pause) 256M->4M(424M) 0.613ms
[30.474s][info ][gc,cpu         ] GC(1422) User=0.00s Sys=0.00s Real=0.00s
[30.490s][info ][gc,start       ] GC(1423) Pause Young (Normal) (G1 Evacuation Pause)
[30.490s][info ][gc,task        ] GC(1423) Using 9 workers of 9 for evacuation
[30.490s][debug][gc,age         ] GC(1423) Desired survivor size 16777216 bytes, new threshold 15 (max threshold 15)
[30.490s][info ][gc,phases      ] GC(1423)   Pre Evacuate Collection Set: 0.07ms
[30.490s][info ][gc,phases      ] GC(1423)   Merge Heap Roots: 0.06ms
[30.490s][info ][gc,phases      ] GC(1423)   Evacuate Collection Set: 0.13ms
[30.490s][info ][gc,phases      ] GC(1423)   Post Evacuate Collection Set: 0.17ms
[30.490s][info ][gc,phases      ] GC(1423)   Other: 0.06ms
[30.490s][trace][gc,age         ] GC(1423) Age table:
[30.490s][trace][gc,age         ] GC(1423) - age   1:        192 bytes,        192 total
[30.490s][info ][gc,heap        ] GC(1423) Eden regions: 253->0(253)
[30.490s][info ][gc,heap        ] GC(1423) Survivor regions: 1->1(32)
[30.490s][info ][gc,heap        ] GC(1423) Old regions: 11->11
[30.490s][info ][gc,heap        ] GC(1423) Humongous regions: 0->0
[30.490s][info ][gc,metaspace   ] GC(1423) Metaspace: 10124K(10368K)->10124K(10368K) NonClass: 9160K(9344K)->9160K(9344K) Class: 963K(1024K)->963K(1024K)
[30.490s][info ][gc             ] GC(1423) Pause Young (Normal) (G1 Evacuation Pause) 256M->4M(424M) 0.599ms
[30.490s][info ][gc,cpu         ] GC(1423) User=0.01s Sys=0.00s Real=0.00s
[30.506s][info ][gc,start       ] GC(1424) Pause Young (Normal) (G1 Evacuation Pause)
[30.506s][info ][gc,task        ] GC(1424) Using 9 workers of 9 for evacuation
[30.506s][debug][gc,age         ] GC(1424) Desired survivor size 16777216 bytes, new threshold 15 (max threshold 15)
[30.506s][info ][gc,phases      ] GC(1424)   Pre Evacuate Collection Set: 0.07ms
[30.506s][info ][gc,phases      ] GC(1424)   Merge Heap Roots: 0.10ms
[30.506s][info ][gc,phases      ] GC(1424)   Evacuate Collection Set: 0.09ms
[30.506s][info ][gc,phases      ] GC(1424)   Post Evacuate Collection Set: 0.17ms
[30.506s][info ][gc,phases      ] GC(1424)   Other: 0.06ms
[30.506s][trace][gc,age         ] GC(1424) Age table:
[30.506s][trace][gc,age         ] GC(1424) - age   1:        192 bytes,        192 total
[30.506s][info ][gc,heap        ] GC(1424) Eden regions: 253->0(253)
[30.506s][info ][gc,heap        ] GC(1424) Survivor regions: 1->1(32)
[30.506s][info ][gc,heap        ] GC(1424) Old regions: 11->11
[30.506s][info ][gc,heap        ] GC(1424) Humongous regions: 0->0
[30.506s][info ][gc,metaspace   ] GC(1424) Metaspace: 10124K(10368K)->10124K(10368K) NonClass: 9160K(9344K)->9160K(9344K) Class: 963K(1024K)->963K(1024K)
[30.507s][info ][gc             ] GC(1424) Pause Young (Normal) (G1 Evacuation Pause) 256M->4M(424M) 0.598ms
[30.507s][info ][gc,cpu         ] GC(1424) User=0.00s Sys=0.00s Real=0.00s
[30.522s][info ][gc,start       ] GC(1425) Pause Young (Normal) (G1 Evacuation Pause)
[30.522s][info ][gc,task        ] GC(1425) Using 9 workers of 9 for evacuation
[30.522s][debug][gc,age         ] GC(1425) Desired survivor size 16777216 bytes, new threshold 15 (max threshold 15)
[30.523s][info ][gc,phases      ] GC(1425)   Pre Evacuate Collection Set: 0.06ms
[30.523s][info ][gc,phases      ] GC(1425)   Merge Heap Roots: 0.08ms
[30.523s][info ][gc,phases      ] GC(1425)   Evacuate Collection Set: 0.12ms
[30.523s][info ][gc,phases      ] GC(1425)   Post Evacuate Collection Set: 0.16ms
[30.523s][info ][gc,phases      ] GC(1425)   Other: 0.06ms
[30.523s][trace][gc,age         ] GC(1425) Age table:
[30.523s][trace][gc,age         ] GC(1425) - age   1:        192 bytes,        192 total
[30.523s][info ][gc,heap        ] GC(1425) Eden regions: 253->0(253)
[30.523s][info ][gc,heap        ] GC(1425) Survivor regions: 1->1(32)
[30.523s][info ][gc,heap        ] GC(1425) Old regions: 11->11
[30.523s][info ][gc,heap        ] GC(1425) Humongous regions: 0->0
[30.523s][info ][gc,metaspace   ] GC(1425) Metaspace: 10124K(10368K)->10124K(10368K) NonClass: 9160K(9344K)->9160K(9344K) Class: 963K(1024K)->963K(1024K)
[30.523s][info ][gc             ] GC(1425) Pause Young (Normal) (G1 Evacuation Pause) 256M->4M(424M) 0.586ms
[30.523s][info ][gc,cpu         ] GC(1425) User=0.00s Sys=0.00s Real=0.00s
[30.538s][info ][gc,start       ] GC(1426) Pause Young (Normal) (G1 Evacuation Pause)
[30.538s][info ][gc,task        ] GC(1426) Using 9 workers of 9 for evacuation
[30.538s][debug][gc,age         ] GC(1426) Desired survivor size 16777216 bytes, new threshold 15 (max threshold 15)
[30.539s][info ][gc,phases      ] GC(1426)   Pre Evacuate Collection Set: 0.06ms
[30.539s][info ][gc,phases      ] GC(1426)   Merge Heap Roots: 0.07ms
[30.539s][info ][gc,phases      ] GC(1426)   Evacuate Collection Set: 0.11ms
[30.539s][info ][gc,phases      ] GC(1426)   Post Evacuate Collection Set: 0.17ms
[30.539s][info ][gc,phases      ] GC(1426)   Other: 0.06ms
[30.539s][trace][gc,age         ] GC(1426) Age table:
[30.539s][trace][gc,age         ] GC(1426) - age   1:        192 bytes,        192 total
[30.539s][info ][gc,heap        ] GC(1426) Eden regions: 253->0(253)
[30.539s][info ][gc,heap        ] GC(1426) Survivor regions: 1->1(32)
[30.539s][info ][gc,heap        ] GC(1426) Old regions: 11->11
[30.539s][info ][gc,heap        ] GC(1426) Humongous regions: 0->0
[30.539s][info ][gc,metaspace   ] GC(1426) Metaspace: 10124K(10368K)->10124K(10368K) NonClass: 9160K(9344K)->9160K(9344K) Class: 963K(1024K)->963K(1024K)
[30.539s][info ][gc             ] GC(1426) Pause Young (Normal) (G1 Evacuation Pause) 256M->4M(424M) 0.589ms
[30.539s][info ][gc,cpu         ] GC(1426) User=0.01s Sys=0.00s Real=0.00s
[30.555s][info ][gc,start       ] GC(1427) Pause Young (Normal) (G1 Evacuation Pause)
[30.555s][info ][gc,task        ] GC(1427) Using 9 workers of 9 for evacuation
[30.555s][debug][gc,age         ] GC(1427) Desired survivor size 16777216 bytes, new threshold 15 (max threshold 15)
[30.555s][info ][gc,phases      ] GC(1427)   Pre Evacuate Collection Set: 0.08ms
[30.555s][info ][gc,phases      ] GC(1427)   Merge Heap Roots: 0.09ms
[30.555s][info ][gc,phases      ] GC(1427)   Evacuate Collection Set: 0.10ms
[30.555s][info ][gc,phases      ] GC(1427)   Post Evacuate Collection Set: 0.18ms
[30.555s][info ][gc,phases      ] GC(1427)   Other: 0.05ms
[30.555s][trace][gc,age         ] GC(1427) Age table:
[30.555s][trace][gc,age         ] GC(1427) - age   1:        192 bytes,        192 total
[30.555s][info ][gc,heap        ] GC(1427) Eden regions: 253->0(253)
[30.555s][info ][gc,heap        ] GC(1427) Survivor regions: 1->1(32)
[30.555s][info ][gc,heap        ] GC(1427) Old regions: 11->11
[30.555s][info ][gc,heap        ] GC(1427) Humongous regions: 0->0
[30.555s][info ][gc,metaspace   ] GC(1427) Metaspace: 10124K(10368K)->10124K(10368K) NonClass: 9160K(9344K)->9160K(9344K) Class: 963K(1024K)->963K(1024K)
