[0.019s][info][gc,init] Initializing The Z Garbage Collector
[0.019s][info][gc,init] Version: 24.0.1+9-30 (release)
[0.019s][info][gc,init] NUMA Support: Disabled
[0.019s][info][gc,init] CPUs: 10 total, 10 available
[0.019s][info][gc,init] Memory: 32768M
[0.019s][info][gc,init] Large Page Support: Disabled
[0.019s][info][gc,init] Address Space Type: Contiguous/Unrestricted/Complete
[0.019s][info][gc,init] Address Space Size: 16384M
[0.019s][info][gc,init] Min Capacity: 8M
[0.019s][info][gc,init] Initial Capacity: 512M
[0.019s][info][gc,init] Max Capacity: 1024M
[0.019s][info][gc,init] Soft Max Capacity: 1024M
[0.019s][info][gc,init] Medium Page Size: 32M
[0.019s][info][gc,init] Pre-touch: Disabled
[0.019s][info][gc,init] Uncommit: Enabled
[0.019s][info][gc,init] Uncommit Delay: 300s
[0.019s][info][gc,init] GC Workers for Old Generation: 3 (dynamic)
[0.020s][info][gc,init] GC Workers for Young Generation: 3 (dynamic)
[0.020s][info][gc,init] GC Workers Max: 3 (dynamic)
[0.020s][info][gc,init] Runtime Workers: 6
[0.020s][info][gc     ] Using The Z Garbage Collector
[0.026s][info][gc,metaspace] CDS archive(s) mapped at: [0x0000200000000000-0x0000200000d24000-0x0000200000d24000), size 13778944, SharedBaseAddress: 0x0000200000000000, ArchiveRelocationMode: 1.
[0.026s][info][gc,metaspace] Compressed class space mapped at: 0x0000200001000000-0x0000200041000000, reserved size: 1073741824
[0.026s][info][gc,metaspace] UseCompressedClassPointers 1, UseCompactObjectHeaders 0
[0.026s][info][gc,metaspace] Narrow klass pointer bits 32, Max shift 3
[0.026s][info][gc,metaspace] Narrow klass base: 0x0000200000000000, Narrow klass shift: 0
[0.026s][info][gc,metaspace] Encoding Range: [0x0000200000000000 - 0x0000200100000000), (4294967296 bytes)
[0.026s][info][gc,metaspace] Klass Range:    [0x0000200000000000 - 0x0000200041000000), (1090519040 bytes)
[0.026s][info][gc,metaspace] Klass ID Range:  [8 - 1090519033) (1090519025)
[7.215s][info][gc          ] GC(0) Major Collection (System.gc())
[7.215s][info][gc,task     ] GC(0) Using 3 Workers for Young Generation
[7.215s][info][gc,task     ] GC(0) Using 3 Workers for Old Generation
[7.215s][info][gc,phases   ] GC(0) Y: Young Generation (Promote All)
[7.215s][info][gc,phases   ] GC(0) Y: Pause Mark Start 0.010ms
[7.220s][info][gc,phases   ] GC(0) Y: Concurrent Mark 4.431ms
[7.220s][info][gc,phases   ] GC(0) Y: Pause Mark End 0.008ms
[7.220s][info][gc,phases   ] GC(0) Y: Concurrent Mark Free 0.000ms
[7.220s][info][gc,phases   ] GC(0) Y: Concurrent Reset Relocation Set 0.000ms
[7.223s][info][gc,reloc    ] GC(0) Y: Using tenuring threshold: 0 (Promote All)
[7.225s][info][gc,phases   ] GC(0) Y: Concurrent Select Relocation Set 5.062ms
[7.225s][info][gc,phases   ] GC(0) Y: Pause Relocate Start 0.006ms
[7.228s][info][gc,phases   ] GC(0) Y: Concurrent Relocate 3.512ms
[7.228s][info][gc,alloc    ] GC(0) Y:                         Mark Start        Mark End      Relocate Start    Relocate End   
[7.228s][info][gc,alloc    ] GC(0) Y: Allocation Stalls:          0                0                0                0         
[7.228s][info][gc,load     ] GC(0) Y: Load: 3.48 (35%) / 3.13 (31%) / 3.18 (32%)
[7.228s][info][gc,mmu      ] GC(0) Y: MMU: 2ms/99.5%, 5ms/99.6%, 10ms/99.8%, 20ms/99.9%, 50ms/100.0%, 100ms/100.0%
[7.228s][info][gc,marking  ] GC(0) Y: Mark: 2 stripe(s), 1 proactive flush(es), 1 terminate flush(es), 0 completion(s), 0 continuation(s) 
[7.228s][info][gc,marking  ] GC(0) Y: Mark Stack Usage: 32M
[7.229s][info][gc,nmethod  ] GC(0) Y: NMethods: 1506 registered, 0 unregistered
[7.229s][info][gc,metaspace] GC(0) Y: Metaspace: 9M used, 9M committed, 1088M reserved
[7.229s][info][gc,reloc    ] GC(0) Y:                        Candidates     Selected     In-Place         Size        Empty    Relocated 
[7.229s][info][gc,reloc    ] GC(0) Y: Small Pages:                    9            6            0          18M           0M           2M 
[7.229s][info][gc,reloc    ] GC(0) Y: Medium Pages:                   0            0            0           0M           0M           0M 
[7.229s][info][gc,reloc    ] GC(0) Y: Large Pages:                    0            0            0           0M           0M           0M 
[7.229s][info][gc,reloc    ] GC(0) Y: Forwarding Usage: 1M
[7.229s][info][gc,reloc    ] GC(0) Y: Age Table:
[7.229s][info][gc,reloc    ] GC(0) Y:                    Live             Garbage             Small              Medium             Large        
[7.229s][info][gc,reloc    ] GC(0) Y: Eden               3M (0%)           14M (1%)           9 / 6              0 / 0              0 / 0        
[7.229s][info][gc,heap     ] GC(0) Y: Min Capacity: 8M(1%)
[7.229s][info][gc,heap     ] GC(0) Y: Max Capacity: 1024M(100%)
[7.229s][info][gc,heap     ] GC(0) Y: Soft Max Capacity: 1024M(100%)
[7.229s][info][gc,heap     ] GC(0) Y: Heap Statistics:
[7.229s][info][gc,heap     ] GC(0) Y:                Mark Start          Mark End        Relocate Start      Relocate End           High               Low         
[7.229s][info][gc,heap     ] GC(0) Y:  Capacity:      512M (50%)         512M (50%)         512M (50%)         512M (50%)         512M (50%)         512M (50%)    
[7.229s][info][gc,heap     ] GC(0) Y:      Free:     1006M (98%)        1006M (98%)        1006M (98%)        1016M (99%)        1016M (99%)        1000M (98%)    
[7.229s][info][gc,heap     ] GC(0) Y:      Used:       18M (2%)           18M (2%)           18M (2%)            8M (1%)           24M (2%)            8M (1%)     
[7.229s][info][gc,heap     ] GC(0) Y: Young Generation Statistics:
[7.229s][info][gc,heap     ] GC(0) Y:                Mark Start          Mark End        Relocate Start      Relocate End    
[7.229s][info][gc,heap     ] GC(0) Y:      Used:       18M (2%)           18M (2%)           16M (2%)            0M (0%)     
[7.229s][info][gc,heap     ] GC(0) Y:      Live:         -                 3M (0%)            2M (0%)            0M (0%)     
[7.229s][info][gc,heap     ] GC(0) Y:   Garbage:         -                14M (1%)           13M (1%)            0M (0%)     
[7.229s][info][gc,heap     ] GC(0) Y: Allocated:         -                 0M (0%)            0M (0%)            0M (0%)     
[7.229s][info][gc,heap     ] GC(0) Y: Reclaimed:         -                  -                 1M (0%)           14M (1%)     
[7.229s][info][gc,heap     ] GC(0) Y:  Promoted:         -                  -                 0M (0%)            3M (0%)     
[7.229s][info][gc,heap     ] GC(0) Y: Compacted:         -                  -                  -                 0M (0%)     
[7.229s][info][gc,phases   ] GC(0) Y: Young Generation (Promote All) 18M(2%)->8M(1%) 0.013s
[7.229s][info][gc,phases   ] GC(0) Y: Young Generation (Collect Roots)
[7.229s][info][gc,phases   ] GC(0) Y: Pause Mark Start (Major) 0.006ms
[7.230s][info][gc,phases   ] GC(0) Y: Concurrent Mark 1.272ms
[7.230s][info][gc,phases   ] GC(0) Y: Pause Mark End 0.005ms
[7.230s][info][gc,phases   ] GC(0) Y: Concurrent Mark Free 0.036ms
[7.230s][info][gc,phases   ] GC(0) Y: Concurrent Reset Relocation Set 0.006ms
[7.232s][info][gc,reloc    ] GC(0) Y: Using tenuring threshold: 0 (Computed)
[7.232s][info][gc,phases   ] GC(0) Y: Concurrent Select Relocation Set 1.602ms
[7.232s][info][gc,phases   ] GC(0) Y: Pause Relocate Start 0.005ms
[7.232s][info][gc,phases   ] GC(0) Y: Concurrent Relocate 0.035ms
[7.232s][info][gc,alloc    ] GC(0) Y:                         Mark Start        Mark End      Relocate Start    Relocate End   
[7.232s][info][gc,alloc    ] GC(0) Y: Allocation Stalls:          0                0                0                0         
[7.232s][info][gc,load     ] GC(0) Y: Load: 3.48 (35%) / 3.13 (31%) / 3.18 (32%)
[7.232s][info][gc,mmu      ] GC(0) Y: MMU: 2ms/99.5%, 5ms/99.6%, 10ms/99.8%, 20ms/99.8%, 50ms/99.9%, 100ms/100.0%
[7.232s][info][gc,marking  ] GC(0) Y: Mark: 2 stripe(s), 1 proactive flush(es), 1 terminate flush(es), 0 completion(s), 0 continuation(s) 
[7.232s][info][gc,marking  ] GC(0) Y: Mark Stack Usage: 0M
[7.232s][info][gc,nmethod  ] GC(0) Y: NMethods: 1506 registered, 0 unregistered
[7.232s][info][gc,metaspace] GC(0) Y: Metaspace: 9M used, 9M committed, 1088M reserved
[7.232s][info][gc,heap     ] GC(0) Y: Min Capacity: 8M(1%)
[7.232s][info][gc,heap     ] GC(0) Y: Max Capacity: 1024M(100%)
[7.232s][info][gc,heap     ] GC(0) Y: Soft Max Capacity: 1024M(100%)
[7.232s][info][gc,heap     ] GC(0) Y: Heap Statistics:
[7.232s][info][gc,heap     ] GC(0) Y:                Mark Start          Mark End        Relocate Start      Relocate End           High               Low         
[7.232s][info][gc,heap     ] GC(0) Y:  Capacity:      512M (50%)         512M (50%)         512M (50%)         512M (50%)         512M (50%)         512M (50%)    
[7.232s][info][gc,heap     ] GC(0) Y:      Free:     1016M (99%)        1016M (99%)        1016M (99%)        1016M (99%)        1016M (99%)        1016M (99%)    
[7.232s][info][gc,heap     ] GC(0) Y:      Used:        8M (1%)            8M (1%)            8M (1%)            8M (1%)            8M (1%)            8M (1%)     
[7.232s][info][gc,heap     ] GC(0) Y: Young Generation Statistics:
[7.232s][info][gc,heap     ] GC(0) Y:                Mark Start          Mark End        Relocate Start      Relocate End    
[7.232s][info][gc,heap     ] GC(0) Y:      Used:        0M (0%)            0M (0%)            0M (0%)            0M (0%)     
[7.232s][info][gc,heap     ] GC(0) Y:      Live:         -                 0M (0%)            0M (0%)            0M (0%)     
[7.232s][info][gc,heap     ] GC(0) Y:   Garbage:         -                 0M (0%)            0M (0%)            0M (0%)     
[7.232s][info][gc,heap     ] GC(0) Y: Allocated:         -                 0M (0%)            0M (0%)            0M (0%)     
[7.232s][info][gc,heap     ] GC(0) Y: Reclaimed:         -                  -                 0M (0%)            0M (0%)     
[7.232s][info][gc,heap     ] GC(0) Y:  Promoted:         -                  -                 0M (0%)            0M (0%)     
[7.232s][info][gc,heap     ] GC(0) Y: Compacted:         -                  -                  -                 0M (0%)     
[7.232s][info][gc,phases   ] GC(0) Y: Young Generation (Collect Roots) 8M(1%)->8M(1%) 0.003s
[7.232s][info][gc,phases   ] GC(0) O: Old Generation
[7.234s][info][gc,phases   ] GC(0) O: Concurrent Mark 2.032ms
[7.234s][info][gc,phases   ] GC(0) O: Pause Mark End 0.004ms
[7.234s][info][gc,phases   ] GC(0) O: Concurrent Mark Free 0.000ms
[7.235s][info][gc,phases   ] GC(0) O: Concurrent Process Non-Strong 1.202ms
[7.235s][info][gc,phases   ] GC(0) O: Concurrent Reset Relocation Set 0.000ms
[7.237s][info][gc,phases   ] GC(0) O: Concurrent Select Relocation Set 1.281ms
[7.237s][info][gc,task     ] GC(0) O: Using 3 Workers for Old Generation
[7.240s][info][gc,task     ] GC(0) O: Using 3 Workers for Old Generation
[7.240s][info][gc,phases   ] GC(0) O: Concurrent Remap Roots 3.766ms
[7.240s][info][gc,phases   ] GC(0) O: Pause Relocate Start 0.005ms
[7.241s][info][gc,phases   ] GC(0) O: Concurrent Relocate 0.478ms
[7.241s][info][gc,alloc    ] GC(0) O:                         Mark Start        Mark End      Relocate Start    Relocate End   
[7.241s][info][gc,alloc    ] GC(0) O: Allocation Stalls:          0                0                0                0         
[7.241s][info][gc,load     ] GC(0) O: Load: 3.48 (35%) / 3.13 (31%) / 3.18 (32%)
[7.241s][info][gc,mmu      ] GC(0) O: MMU: 2ms/99.5%, 5ms/99.6%, 10ms/99.7%, 20ms/99.8%, 50ms/99.9%, 100ms/100.0%
[7.241s][info][gc,marking  ] GC(0) O: Mark: 2 stripe(s), 3 proactive flush(es), 1 terminate flush(es), 0 completion(s), 0 continuation(s) 
[7.241s][info][gc,marking  ] GC(0) O: Mark Stack Usage: 32M
[7.241s][info][gc,nmethod  ] GC(0) O: NMethods: 1424 registered, 84 unregistered
[7.241s][info][gc,metaspace] GC(0) O: Metaspace: 9M used, 9M committed, 1088M reserved
[7.241s][info][gc,ref      ] GC(0) O:                       Encountered   Discovered     Enqueued 
[7.241s][info][gc,ref      ] GC(0) O: Soft References:              348            0            0 
[7.241s][info][gc,ref      ] GC(0) O: Weak References:             1145          357          209 
[7.241s][info][gc,ref      ] GC(0) O: Final References:             946          393           73 
[7.241s][info][gc,ref      ] GC(0) O: Phantom References:            30           12            2 
[7.241s][info][gc,reloc    ] GC(0) O:                        Candidates     Selected     In-Place         Size        Empty    Relocated 
[7.241s][info][gc,reloc    ] GC(0) O: Small Pages:                    4            1            0           8M           0M           0M 
[7.241s][info][gc,reloc    ] GC(0) O: Medium Pages:                   0            0            0           0M           0M           0M 
[7.241s][info][gc,reloc    ] GC(0) O: Large Pages:                    0            0            0           0M           0M           0M 
[7.241s][info][gc,reloc    ] GC(0) O: Forwarding Usage: 0M
[7.241s][info][gc,heap     ] GC(0) O: Min Capacity: 8M(1%)
[7.241s][info][gc,heap     ] GC(0) O: Max Capacity: 1024M(100%)
[7.241s][info][gc,heap     ] GC(0) O: Soft Max Capacity: 1024M(100%)
[7.241s][info][gc,heap     ] GC(0) O: Heap Statistics:
[7.241s][info][gc,heap     ] GC(0) O:                Mark Start          Mark End        Relocate Start      Relocate End           High               Low         
[7.241s][info][gc,heap     ] GC(0) O:  Capacity:      512M (50%)         512M (50%)         512M (50%)         512M (50%)         512M (50%)         512M (50%)    
[7.241s][info][gc,heap     ] GC(0) O:      Free:     1016M (99%)        1016M (99%)        1014M (99%)        1014M (99%)        1016M (99%)        1010M (99%)    
[7.241s][info][gc,heap     ] GC(0) O:      Used:        8M (1%)            8M (1%)           10M (1%)           10M (1%)           14M (1%)            8M (1%)     
[7.241s][info][gc,heap     ] GC(0) O: Old Generation Statistics:
[7.241s][info][gc,heap     ] GC(0) O:                Mark Start          Mark End        Relocate Start      Relocate End    
[7.241s][info][gc,heap     ] GC(0) O:      Used:        8M (1%)            8M (1%)            8M (1%)            8M (1%)     
[7.241s][info][gc,heap     ] GC(0) O:      Live:         -                 3M (0%)            3M (0%)            3M (0%)     
[7.241s][info][gc,heap     ] GC(0) O:   Garbage:         -                 4M (0%)            4M (0%)            1M (0%)     
[7.241s][info][gc,heap     ] GC(0) O: Allocated:         -                 0M (0%)            0M (0%)            2M (0%)     
[7.241s][info][gc,heap     ] GC(0) O: Reclaimed:         -                  -                 0M (0%)            2M (0%)     
[7.241s][info][gc,heap     ] GC(0) O: Compacted:         -                  -                  -                 1M (0%)     
[7.241s][info][gc,phases   ] GC(0) O: Old Generation 8M(1%)->10M(1%) 0.009s
[7.241s][info][gc          ] GC(0) Major Collection (System.gc()) 18M(2%)->10M(1%) 0.026s
[7.327s][info][gc          ] GC(1) Major Collection (Warmup)
[7.327s][info][gc,task     ] GC(1) Using 3 Workers for Young Generation
[7.327s][info][gc,task     ] GC(1) Using 2 Workers for Old Generation
[7.327s][info][gc,phases   ] GC(1) Y: Young Generation
[7.327s][info][gc,phases   ] GC(1) Y: Pause Mark Start (Major) 0.005ms
[7.328s][info][gc,phases   ] GC(1) Y: Concurrent Mark 1.039ms
[7.328s][info][gc,phases   ] GC(1) Y: Pause Mark End 0.005ms
[7.328s][info][gc,phases   ] GC(1) Y: Concurrent Mark Free 0.000ms
[7.328s][info][gc,phases   ] GC(1) Y: Concurrent Reset Relocation Set 0.000ms
[7.331s][info][gc,reloc    ] GC(1) Y: Using tenuring threshold: 1 (Computed)
[7.331s][info][gc,phases   ] GC(1) Y: Concurrent Select Relocation Set 2.333ms
[7.331s][info][gc,phases   ] GC(1) Y: Pause Relocate Start 0.007ms
[7.331s][info][gc,phases   ] GC(1) Y: Concurrent Relocate 0.154ms
[7.331s][info][gc,alloc    ] GC(1) Y:                         Mark Start        Mark End      Relocate Start    Relocate End   
[7.331s][info][gc,alloc    ] GC(1) Y: Allocation Stalls:          0                0                0                0         
[7.331s][info][gc,load     ] GC(1) Y: Load: 3.48 (35%) / 3.13 (31%) / 3.18 (32%)
[7.331s][info][gc,mmu      ] GC(1) Y: MMU: 2ms/99.5%, 5ms/99.6%, 10ms/99.7%, 20ms/99.8%, 50ms/99.9%, 100ms/100.0%
[7.331s][info][gc,marking  ] GC(1) Y: Mark: 2 stripe(s), 2 proactive flush(es), 1 terminate flush(es), 0 completion(s), 0 continuation(s) 
[7.331s][info][gc,marking  ] GC(1) Y: Mark Stack Usage: 32M
[7.331s][info][gc,nmethod  ] GC(1) Y: NMethods: 1508 registered, 84 unregistered
[7.331s][info][gc,metaspace] GC(1) Y: Metaspace: 9M used, 9M committed, 1088M reserved
[7.331s][info][gc,reloc    ] GC(1) Y:                        Candidates     Selected     In-Place         Size        Empty    Relocated 
[7.331s][info][gc,reloc    ] GC(1) Y: Small Pages:                    2            1            0           4M           0M           0M 
[7.331s][info][gc,reloc    ] GC(1) Y: Medium Pages:                   3            1            0          96M          32M           0M 
[7.331s][info][gc,reloc    ] GC(1) Y: Large Pages:                    0            0            0           0M           0M           0M 
[7.331s][info][gc,reloc    ] GC(1) Y: Forwarding Usage: 0M
[7.331s][info][gc,reloc    ] GC(1) Y: Age Table:
[7.331s][info][gc,reloc    ] GC(1) Y:                    Live             Garbage             Small              Medium             Large        
[7.331s][info][gc,reloc    ] GC(1) Y: Eden               0M (0%)           99M (10%)          2 / 1              3 / 1              0 / 0        
[7.331s][info][gc,heap     ] GC(1) Y: Min Capacity: 8M(1%)
[7.331s][info][gc,heap     ] GC(1) Y: Max Capacity: 1024M(100%)
[7.331s][info][gc,heap     ] GC(1) Y: Soft Max Capacity: 1024M(100%)
[7.331s][info][gc,heap     ] GC(1) Y: Heap Statistics:
[7.331s][info][gc,heap     ] GC(1) Y:                Mark Start          Mark End        Relocate Start      Relocate End           High               Low         
[7.331s][info][gc,heap     ] GC(1) Y:  Capacity:      512M (50%)         512M (50%)         512M (50%)         512M (50%)         512M (50%)         512M (50%)    
[7.331s][info][gc,heap     ] GC(1) Y:      Free:      916M (89%)         882M (86%)         914M (89%)         912M (89%)         916M (89%)         848M (83%)    
[7.331s][info][gc,heap     ] GC(1) Y:      Used:      108M (11%)         142M (14%)         110M (11%)         112M (11%)         176M (17%)         108M (11%)    
[7.331s][info][gc,heap     ] GC(1) Y: Young Generation Statistics:
[7.331s][info][gc,heap     ] GC(1) Y:                Mark Start          Mark End        Relocate Start      Relocate End    
[7.331s][info][gc,heap     ] GC(1) Y:      Used:      100M (10%)         134M (13%)         102M (10%)         104M (10%)    
[7.331s][info][gc,heap     ] GC(1) Y:      Live:         -                 0M (0%)            0M (0%)            0M (0%)     
[7.331s][info][gc,heap     ] GC(1) Y:   Garbage:         -                99M (10%)          67M (7%)            0M (0%)     
[7.331s][info][gc,heap     ] GC(1) Y: Allocated:         -                34M (3%)           34M (3%)          103M (10%)    
[7.331s][info][gc,heap     ] GC(1) Y: Reclaimed:         -                  -                32M (3%)           99M (10%)    
[7.331s][info][gc,heap     ] GC(1) Y:  Promoted:         -                  -                 0M (0%)            0M (0%)     
[7.331s][info][gc,heap     ] GC(1) Y: Compacted:         -                  -                  -                 0M (0%)     
[7.331s][info][gc,phases   ] GC(1) Y: Young Generation 108M(11%)->112M(11%) 0.004s
[7.331s][info][gc,phases   ] GC(1) O: Old Generation
[7.334s][info][gc,phases   ] GC(1) O: Concurrent Mark 2.729ms
[7.334s][info][gc,phases   ] GC(1) O: Pause Mark End 0.011ms
[7.334s][info][gc,phases   ] GC(1) O: Concurrent Mark Free 0.003ms
[7.336s][info][gc,phases   ] GC(1) O: Concurrent Process Non-Strong 1.616ms
[7.336s][info][gc,phases   ] GC(1) O: Concurrent Reset Relocation Set 0.001ms
[7.337s][info][gc,phases   ] GC(1) O: Concurrent Select Relocation Set 1.072ms
[7.337s][info][gc,task     ] GC(1) O: Using 3 Workers for Old Generation
[7.340s][info][gc,task     ] GC(1) O: Using 2 Workers for Old Generation
[7.340s][info][gc,phases   ] GC(1) O: Concurrent Remap Roots 3.266ms
[7.340s][info][gc,phases   ] GC(1) O: Pause Relocate Start 0.006ms
[7.341s][info][gc,phases   ] GC(1) O: Concurrent Relocate 0.408ms
[7.341s][info][gc,alloc    ] GC(1) O:                         Mark Start        Mark End      Relocate Start    Relocate End   
[7.341s][info][gc,alloc    ] GC(1) O: Allocation Stalls:          0                0                0                0         
[7.341s][info][gc,load     ] GC(1) O: Load: 3.48 (35%) / 3.13 (31%) / 3.18 (32%)
[7.341s][info][gc,mmu      ] GC(1) O: MMU: 2ms/99.5%, 5ms/99.6%, 10ms/99.7%, 20ms/99.8%, 50ms/99.9%, 100ms/100.0%
[7.341s][info][gc,marking  ] GC(1) O: Mark: 2 stripe(s), 3 proactive flush(es), 1 terminate flush(es), 0 completion(s), 0 continuation(s) 
[7.341s][info][gc,marking  ] GC(1) O: Mark Stack Usage: 32M
[7.341s][info][gc,nmethod  ] GC(1) O: NMethods: 1515 registered, 91 unregistered
[7.341s][info][gc,metaspace] GC(1) O: Metaspace: 9M used, 9M committed, 1088M reserved
[7.341s][info][gc,ref      ] GC(1) O:                       Encountered   Discovered     Enqueued 
[7.341s][info][gc,ref      ] GC(1) O: Soft References:              352            0            0 
[7.341s][info][gc,ref      ] GC(1) O: Weak References:             1083          370            0 
[7.341s][info][gc,ref      ] GC(1) O: Final References:             873          269            0 
[7.341s][info][gc,ref      ] GC(1) O: Phantom References:            30            8            0 
[7.341s][info][gc,reloc    ] GC(1) O:                        Candidates     Selected     In-Place         Size        Empty    Relocated 
[7.341s][info][gc,reloc    ] GC(1) O: Small Pages:                    4            1            0           8M           0M           0M 
[7.341s][info][gc,reloc    ] GC(1) O: Medium Pages:                   0            0            0           0M           0M           0M 
[7.341s][info][gc,reloc    ] GC(1) O: Large Pages:                    0            0            0           0M           0M           0M 
[7.341s][info][gc,reloc    ] GC(1) O: Forwarding Usage: 0M
[7.341s][info][gc,heap     ] GC(1) O: Min Capacity: 8M(1%)
[7.341s][info][gc,heap     ] GC(1) O: Max Capacity: 1024M(100%)
[7.341s][info][gc,heap     ] GC(1) O: Soft Max Capacity: 1024M(100%)
[7.341s][info][gc,heap     ] GC(1) O: Heap Statistics:
[7.341s][info][gc,heap     ] GC(1) O:                Mark Start          Mark End        Relocate Start      Relocate End           High               Low         
[7.341s][info][gc,heap     ] GC(1) O:  Capacity:      512M (50%)         512M (50%)         512M (50%)         512M (50%)         512M (50%)         512M (50%)    
[7.341s][info][gc,heap     ] GC(1) O:      Free:      916M (89%)         880M (86%)         848M (83%)         848M (83%)         916M (89%)         844M (82%)    
[7.341s][info][gc,heap     ] GC(1) O:      Used:      108M (11%)         144M (14%)         176M (17%)         176M (17%)         180M (18%)         108M (11%)    
[7.341s][info][gc,heap     ] GC(1) O: Old Generation Statistics:
[7.341s][info][gc,heap     ] GC(1) O:                Mark Start          Mark End        Relocate Start      Relocate End    
[7.341s][info][gc,heap     ] GC(1) O:      Used:        8M (1%)            8M (1%)            8M (1%)            8M (1%)     
[7.341s][info][gc,heap     ] GC(1) O:      Live:         -                 3M (0%)            3M (0%)            3M (0%)     
[7.341s][info][gc,heap     ] GC(1) O:   Garbage:         -                 4M (0%)            4M (0%)            1M (0%)     
[7.341s][info][gc,heap     ] GC(1) O: Allocated:         -                 0M (0%)            0M (0%)            2M (0%)     
[7.341s][info][gc,heap     ] GC(1) O: Reclaimed:         -                  -                 0M (0%)            2M (0%)     
[7.341s][info][gc,heap     ] GC(1) O: Compacted:         -                  -                  -                 1M (0%)     
[7.341s][info][gc,phases   ] GC(1) O: Old Generation 112M(11%)->176M(17%) 0.009s
[7.341s][info][gc          ] GC(1) Major Collection (Warmup) 108M(11%)->176M(17%) 0.014s
[7.343s][info][gc          ] GC(2) Major Collection (Warmup)
[7.343s][info][gc,task     ] GC(2) Using 3 Workers for Young Generation
[7.343s][info][gc,task     ] GC(2) Using 1 Workers for Old Generation
[7.343s][info][gc,phases   ] GC(2) Y: Young Generation
[7.343s][info][gc,phases   ] GC(2) Y: Pause Mark Start (Major) 0.004ms
[7.344s][info][gc,phases   ] GC(2) Y: Concurrent Mark 0.883ms
[7.344s][info][gc,phases   ] GC(2) Y: Pause Mark End 0.010ms
[7.344s][info][gc,phases   ] GC(2) Y: Concurrent Mark Free 0.000ms
[7.344s][info][gc,phases   ] GC(2) Y: Concurrent Reset Relocation Set 0.003ms
[7.345s][info][gc,reloc    ] GC(2) Y: Using tenuring threshold: 2 (Computed)
[7.345s][info][gc,phases   ] GC(2) Y: Concurrent Select Relocation Set 1.149ms
[7.345s][info][gc,phases   ] GC(2) Y: Pause Relocate Start 0.006ms
[7.346s][info][gc,phases   ] GC(2) Y: Concurrent Relocate 0.113ms
[7.346s][info][gc,alloc    ] GC(2) Y:                         Mark Start        Mark End      Relocate Start    Relocate End   
[7.346s][info][gc,alloc    ] GC(2) Y: Allocation Stalls:          0                0                0                0         
[7.346s][info][gc,load     ] GC(2) Y: Load: 3.48 (35%) / 3.13 (31%) / 3.18 (32%)
[7.346s][info][gc,mmu      ] GC(2) Y: MMU: 2ms/99.2%, 5ms/99.6%, 10ms/99.7%, 20ms/99.7%, 50ms/99.9%, 100ms/99.9%
[7.346s][info][gc,marking  ] GC(2) Y: Mark: 2 stripe(s), 2 proactive flush(es), 1 terminate flush(es), 0 completion(s), 0 continuation(s) 
[7.346s][info][gc,marking  ] GC(2) Y: Mark Stack Usage: 32M
[7.346s][info][gc,nmethod  ] GC(2) Y: NMethods: 1522 registered, 91 unregistered
[7.346s][info][gc,metaspace] GC(2) Y: Metaspace: 9M used, 9M committed, 1088M reserved
[7.346s][info][gc,reloc    ] GC(2) Y:                        Candidates     Selected     In-Place         Size        Empty    Relocated 
[7.346s][info][gc,reloc    ] GC(2) Y: Small Pages:                    4            3            0           8M           0M           0M 
[7.346s][info][gc,reloc    ] GC(2) Y: Medium Pages:                   6            1            0         192M         128M           0M 
[7.346s][info][gc,reloc    ] GC(2) Y: Large Pages:                    0            0            0           0M           0M           0M 
[7.346s][info][gc,reloc    ] GC(2) Y: Forwarding Usage: 0M
[7.346s][info][gc,reloc    ] GC(2) Y: Age Table:
[7.346s][info][gc,reloc    ] GC(2) Y:                    Live             Garbage             Small              Medium             Large        
[7.346s][info][gc,reloc    ] GC(2) Y: Eden               0M (0%)          129M (13%)          1 / 0              4 / 1              0 / 0        
[7.346s][info][gc,reloc    ] GC(2) Y: Survivor 1         0M (0%)           69M (7%)           3 / 3              2 / 0              0 / 0        
[7.346s][info][gc,heap     ] GC(2) Y: Min Capacity: 8M(1%)
[7.346s][info][gc,heap     ] GC(2) Y: Max Capacity: 1024M(100%)
[7.346s][info][gc,heap     ] GC(2) Y: Soft Max Capacity: 1024M(100%)
[7.346s][info][gc,heap     ] GC(2) Y: Heap Statistics:
[7.346s][info][gc,heap     ] GC(2) Y:                Mark Start          Mark End        Relocate Start      Relocate End           High               Low         
[7.346s][info][gc,heap     ] GC(2) Y:  Capacity:      512M (50%)         512M (50%)         512M (50%)         512M (50%)         512M (50%)         512M (50%)    
[7.346s][info][gc,heap     ] GC(2) Y:      Free:      816M (80%)         782M (76%)         910M (89%)         910M (89%)         910M (89%)         782M (76%)    
[7.346s][info][gc,heap     ] GC(2) Y:      Used:      208M (20%)         242M (24%)         114M (11%)         114M (11%)         242M (24%)         114M (11%)    
[7.346s][info][gc,heap     ] GC(2) Y: Young Generation Statistics:
[7.346s][info][gc,heap     ] GC(2) Y:                Mark Start          Mark End        Relocate Start      Relocate End    
[7.346s][info][gc,heap     ] GC(2) Y:      Used:      200M (20%)         234M (23%)         106M (10%)         106M (10%)    
[7.346s][info][gc,heap     ] GC(2) Y:      Live:         -                 0M (0%)            0M (0%)            0M (0%)     
[7.346s][info][gc,heap     ] GC(2) Y:   Garbage:         -               199M (19%)          71M (7%)            0M (0%)     
[7.346s][info][gc,heap     ] GC(2) Y: Allocated:         -                34M (3%)           34M (3%)          105M (10%)    
[7.346s][info][gc,heap     ] GC(2) Y: Reclaimed:         -                  -               128M (12%)         199M (19%)    
[7.346s][info][gc,heap     ] GC(2) Y:  Promoted:         -                  -                 0M (0%)            0M (0%)     
[7.346s][info][gc,heap     ] GC(2) Y: Compacted:         -                  -                  -                 0M (0%)     
[7.346s][info][gc,phases   ] GC(2) Y: Young Generation 208M(20%)->114M(11%) 0.002s
[7.346s][info][gc,phases   ] GC(2) O: Old Generation
[7.351s][info][gc,phases   ] GC(2) O: Concurrent Mark 5.192ms
[7.351s][info][gc,phases   ] GC(2) O: Pause Mark End 0.008ms
[7.351s][info][gc,phases   ] GC(2) O: Concurrent Mark Free 0.000ms
[7.354s][info][gc,phases   ] GC(2) O: Concurrent Process Non-Strong 2.877ms
[7.354s][info][gc,phases   ] GC(2) O: Concurrent Reset Relocation Set 0.001ms
[7.355s][info][gc,phases   ] GC(2) O: Concurrent Select Relocation Set 0.982ms
[7.355s][info][gc,task     ] GC(2) O: Using 3 Workers for Old Generation
[7.358s][info][gc,task     ] GC(2) O: Using 1 Workers for Old Generation
[7.358s][info][gc,phases   ] GC(2) O: Concurrent Remap Roots 3.000ms
[7.358s][info][gc,phases   ] GC(2) O: Pause Relocate Start 0.007ms
[7.359s][info][gc,phases   ] GC(2) O: Concurrent Relocate 0.786ms
[7.359s][info][gc,alloc    ] GC(2) O:                         Mark Start        Mark End      Relocate Start    Relocate End   
[7.359s][info][gc,alloc    ] GC(2) O: Allocation Stalls:          0                0                0                0         
[7.359s][info][gc,load     ] GC(2) O: Load: 3.48 (35%) / 3.13 (31%) / 3.18 (32%)
[7.359s][info][gc,mmu      ] GC(2) O: MMU: 2ms/99.2%, 5ms/99.6%, 10ms/99.7%, 20ms/99.7%, 50ms/99.9%, 100ms/99.9%
[7.359s][info][gc,marking  ] GC(2) O: Mark: 1 stripe(s), 2 proactive flush(es), 1 terminate flush(es), 0 completion(s), 0 continuation(s) 
[7.359s][info][gc,marking  ] GC(2) O: Mark Stack Usage: 32M
[7.359s][info][gc,nmethod  ] GC(2) O: NMethods: 1535 registered, 92 unregistered
[7.359s][info][gc,metaspace] GC(2) O: Metaspace: 9M used, 9M committed, 1088M reserved
[7.359s][info][gc,ref      ] GC(2) O:                       Encountered   Discovered     Enqueued 
[7.359s][info][gc,ref      ] GC(2) O: Soft References:              352            0            0 
[7.359s][info][gc,ref      ] GC(2) O: Weak References:             1083          732            0 
[7.359s][info][gc,ref      ] GC(2) O: Final References:             873          270            0 
[7.359s][info][gc,ref      ] GC(2) O: Phantom References:            30            8            0 
[7.359s][info][gc,reloc    ] GC(2) O:                        Candidates     Selected     In-Place         Size        Empty    Relocated 
[7.359s][info][gc,reloc    ] GC(2) O: Small Pages:                    4            1            0           8M           0M           0M 
[7.359s][info][gc,reloc    ] GC(2) O: Medium Pages:                   0            0            0           0M           0M           0M 
[7.359s][info][gc,reloc    ] GC(2) O: Large Pages:                    0            0            0           0M           0M           0M 
[7.359s][info][gc,reloc    ] GC(2) O: Forwarding Usage: 0M
[7.359s][info][gc,heap     ] GC(2) O: Min Capacity: 8M(1%)
[7.359s][info][gc,heap     ] GC(2) O: Max Capacity: 1024M(100%)
[7.359s][info][gc,heap     ] GC(2) O: Soft Max Capacity: 1024M(100%)
[7.359s][info][gc,heap     ] GC(2) O: Heap Statistics:
[7.359s][info][gc,heap     ] GC(2) O:                Mark Start          Mark End        Relocate Start      Relocate End           High               Low         
[7.359s][info][gc,heap     ] GC(2) O:  Capacity:      512M (50%)         512M (50%)         512M (50%)         512M (50%)         512M (50%)         512M (50%)    
[7.359s][info][gc,heap     ] GC(2) O:      Free:      816M (80%)         878M (86%)         814M (79%)         816M (80%)         910M (89%)         782M (76%)    
[7.359s][info][gc,heap     ] GC(2) O:      Used:      208M (20%)         146M (14%)         210M (21%)         208M (20%)         242M (24%)         114M (11%)    
[7.359s][info][gc,heap     ] GC(2) O: Old Generation Statistics:
[7.359s][info][gc,heap     ] GC(2) O:                Mark Start          Mark End        Relocate Start      Relocate End    
[7.359s][info][gc,heap     ] GC(2) O:      Used:        8M (1%)            8M (1%)            8M (1%)            6M (1%)     
[7.359s][info][gc,heap     ] GC(2) O:      Live:         -                 3M (0%)            3M (0%)            3M (0%)     
[7.359s][info][gc,heap     ] GC(2) O:   Garbage:         -                 4M (0%)            4M (0%)            1M (0%)     
[7.359s][info][gc,heap     ] GC(2) O: Allocated:         -                 0M (0%)            0M (0%)            0M (0%)     
[7.359s][info][gc,heap     ] GC(2) O: Reclaimed:         -                  -                 0M (0%)            2M (0%)     
[7.359s][info][gc,heap     ] GC(2) O: Compacted:         -                  -                  -                 1M (0%)     
[7.359s][info][gc,phases   ] GC(2) O: Old Generation 114M(11%)->208M(20%) 0.013s
[7.359s][info][gc          ] GC(2) Major Collection (Warmup) 208M(20%)->208M(20%) 0.016s
[7.373s][info][gc          ] GC(3) Major Collection (Warmup)
[7.374s][info][gc,task     ] GC(3) Using 3 Workers for Young Generation
[7.374s][info][gc,task     ] GC(3) Using 1 Workers for Old Generation
[7.374s][info][gc,phases   ] GC(3) Y: Young Generation
[7.374s][info][gc,phases   ] GC(3) Y: Pause Mark Start (Major) 0.005ms
[7.374s][info][gc,phases   ] GC(3) Y: Concurrent Mark 0.838ms
[7.374s][info][gc,phases   ] GC(3) Y: Pause Mark End 0.005ms
[7.375s][info][gc,phases   ] GC(3) Y: Concurrent Mark Free 0.000ms
[7.375s][info][gc,phases   ] GC(3) Y: Concurrent Reset Relocation Set 0.001ms
[7.376s][info][gc,reloc    ] GC(3) Y: Using tenuring threshold: 3 (Computed)
[7.376s][info][gc,phases   ] GC(3) Y: Concurrent Select Relocation Set 1.118ms
[7.376s][info][gc,phases   ] GC(3) Y: Pause Relocate Start 0.008ms
[7.376s][info][gc,phases   ] GC(3) Y: Concurrent Relocate 0.125ms
[7.376s][info][gc,alloc    ] GC(3) Y:                         Mark Start        Mark End      Relocate Start    Relocate End   
[7.376s][info][gc,alloc    ] GC(3) Y: Allocation Stalls:          0                0                0                0         
[7.376s][info][gc,load     ] GC(3) Y: Load: 3.48 (35%) / 3.13 (31%) / 3.18 (32%)
[7.376s][info][gc,mmu      ] GC(3) Y: MMU: 2ms/99.2%, 5ms/99.6%, 10ms/99.7%, 20ms/99.7%, 50ms/99.8%, 100ms/99.9%
[7.376s][info][gc,marking  ] GC(3) Y: Mark: 2 stripe(s), 2 proactive flush(es), 1 terminate flush(es), 0 completion(s), 0 continuation(s) 
[7.376s][info][gc,marking  ] GC(3) Y: Mark Stack Usage: 32M
[7.376s][info][gc,nmethod  ] GC(3) Y: NMethods: 1545 registered, 92 unregistered
[7.376s][info][gc,metaspace] GC(3) Y: Metaspace: 9M used, 9M committed, 1088M reserved
[7.376s][info][gc,reloc    ] GC(3) Y:                        Candidates     Selected     In-Place         Size        Empty    Relocated 
[7.376s][info][gc,reloc    ] GC(3) Y: Small Pages:                    5            3            0          10M           2M           0M 
[7.376s][info][gc,reloc    ] GC(3) Y: Medium Pages:                  10            1            0         320M         256M           0M 
[7.376s][info][gc,reloc    ] GC(3) Y: Large Pages:                    0            0            0           0M           0M           0M 
[7.376s][info][gc,reloc    ] GC(3) Y: Forwarding Usage: 0M
[7.376s][info][gc,reloc    ] GC(3) Y: Age Table:
[7.376s][info][gc,reloc    ] GC(3) Y:                    Live             Garbage             Small              Medium             Large        
[7.376s][info][gc,reloc    ] GC(3) Y: Eden               0M (0%)          257M (25%)          1 / 1              8 / 1              0 / 0        
[7.376s][info][gc,reloc    ] GC(3) Y: Survivor 1          -                34M (3%)           1 / 0              1 / 0              0 / 0        
[7.376s][info][gc,reloc    ] GC(3) Y: Survivor 2         0M (0%)           37M (4%)           3 / 2              1 / 0              0 / 0        
[7.376s][info][gc,heap     ] GC(3) Y: Min Capacity: 8M(1%)
[7.376s][info][gc,heap     ] GC(3) Y: Max Capacity: 1024M(100%)
[7.376s][info][gc,heap     ] GC(3) Y: Soft Max Capacity: 1024M(100%)
[7.376s][info][gc,heap     ] GC(3) Y: Heap Statistics:
[7.376s][info][gc,heap     ] GC(3) Y:                Mark Start          Mark End        Relocate Start      Relocate End           High               Low         
[7.376s][info][gc,heap     ] GC(3) Y:  Capacity:      512M (50%)         512M (50%)         512M (50%)         512M (50%)         512M (50%)         512M (50%)    
[7.376s][info][gc,heap     ] GC(3) Y:      Free:      688M (67%)         654M (64%)         912M (89%)         910M (89%)         912M (89%)         654M (64%)    
[7.376s][info][gc,heap     ] GC(3) Y:      Used:      336M (33%)         370M (36%)         112M (11%)         114M (11%)         370M (36%)         112M (11%)    
[7.376s][info][gc,heap     ] GC(3) Y: Young Generation Statistics:
[7.376s][info][gc,heap     ] GC(3) Y:                Mark Start          Mark End        Relocate Start      Relocate End    
[7.376s][info][gc,heap     ] GC(3) Y:      Used:      330M (32%)         364M (36%)         106M (10%)         108M (11%)    
[7.376s][info][gc,heap     ] GC(3) Y:      Live:         -                 1M (0%)            1M (0%)            1M (0%)     
[7.376s][info][gc,heap     ] GC(3) Y:   Garbage:         -               328M (32%)          70M (7%)            0M (0%)     
[7.376s][info][gc,heap     ] GC(3) Y: Allocated:         -                34M (3%)           34M (3%)          106M (10%)    
[7.376s][info][gc,heap     ] GC(3) Y: Reclaimed:         -                  -               258M (25%)         328M (32%)    
[7.376s][info][gc,heap     ] GC(3) Y:  Promoted:         -                  -                 0M (0%)            0M (0%)     
[7.376s][info][gc,heap     ] GC(3) Y: Compacted:         -                  -                  -                 1M (0%)     
[7.376s][info][gc,phases   ] GC(3) Y: Young Generation 336M(33%)->114M(11%) 0.002s
[7.376s][info][gc,phases   ] GC(3) O: Old Generation
[7.381s][info][gc,phases   ] GC(3) O: Concurrent Mark 4.804ms
[7.381s][info][gc,phases   ] GC(3) O: Pause Mark End 0.008ms
[7.381s][info][gc,phases   ] GC(3) O: Concurrent Mark Free 0.000ms
[7.384s][info][gc,phases   ] GC(3) O: Concurrent Process Non-Strong 2.895ms
[7.384s][info][gc,phases   ] GC(3) O: Concurrent Reset Relocation Set 0.001ms
[7.385s][info][gc,phases   ] GC(3) O: Concurrent Select Relocation Set 0.969ms
[7.385s][info][gc,task     ] GC(3) O: Using 3 Workers for Old Generation
[7.388s][info][gc,task     ] GC(3) O: Using 1 Workers for Old Generation
[7.388s][info][gc,phases   ] GC(3) O: Concurrent Remap Roots 3.045ms
[7.388s][info][gc,phases   ] GC(3) O: Pause Relocate Start 0.007ms
[7.388s][info][gc,phases   ] GC(3) O: Concurrent Relocate 0.013ms
[7.388s][info][gc,alloc    ] GC(3) O:                         Mark Start        Mark End      Relocate Start    Relocate End   
[7.388s][info][gc,alloc    ] GC(3) O: Allocation Stalls:          0                0                0                0         
[7.388s][info][gc,load     ] GC(3) O: Load: 3.48 (35%) / 3.13 (31%) / 3.18 (32%)
[7.388s][info][gc,mmu      ] GC(3) O: MMU: 2ms/99.2%, 5ms/99.6%, 10ms/99.7%, 20ms/99.7%, 50ms/99.8%, 100ms/99.9%
[7.388s][info][gc,marking  ] GC(3) O: Mark: 1 stripe(s), 2 proactive flush(es), 1 terminate flush(es), 0 completion(s), 0 continuation(s) 
[7.388s][info][gc,marking  ] GC(3) O: Mark Stack Usage: 32M
[7.388s][info][gc,nmethod  ] GC(3) O: NMethods: 1543 registered, 94 unregistered
[7.388s][info][gc,metaspace] GC(3) O: Metaspace: 9M used, 9M committed, 1088M reserved
[7.388s][info][gc,ref      ] GC(3) O:                       Encountered   Discovered     Enqueued 
[7.388s][info][gc,ref      ] GC(3) O: Soft References:              352            0            0 
[7.388s][info][gc,ref      ] GC(3) O: Weak References:             1083          731            0 
[7.388s][info][gc,ref      ] GC(3) O: Final References:             873          270            0 
[7.388s][info][gc,ref      ] GC(3) O: Phantom References:            30            9            0 
[7.388s][info][gc,reloc    ] GC(3) O:                        Candidates     Selected     In-Place         Size        Empty    Relocated 
[7.388s][info][gc,reloc    ] GC(3) O: Small Pages:                    3            0            0           6M           0M           0M 
[7.388s][info][gc,reloc    ] GC(3) O: Medium Pages:                   0            0            0           0M           0M           0M 
[7.388s][info][gc,reloc    ] GC(3) O: Large Pages:                    0            0            0           0M           0M           0M 
[7.388s][info][gc,reloc    ] GC(3) O: Forwarding Usage: 0M
[7.388s][info][gc,heap     ] GC(3) O: Min Capacity: 8M(1%)
[7.388s][info][gc,heap     ] GC(3) O: Max Capacity: 1024M(100%)
[7.388s][info][gc,heap     ] GC(3) O: Soft Max Capacity: 1024M(100%)
[7.388s][info][gc,heap     ] GC(3) O: Heap Statistics:
[7.388s][info][gc,heap     ] GC(3) O:                Mark Start          Mark End        Relocate Start      Relocate End           High               Low         
[7.388s][info][gc,heap     ] GC(3) O:  Capacity:      512M (50%)         512M (50%)         512M (50%)         512M (50%)         512M (50%)         512M (50%)    
[7.388s][info][gc,heap     ] GC(3) O:      Free:      688M (67%)         878M (86%)         846M (83%)         846M (83%)         912M (89%)         654M (64%)    
[7.388s][info][gc,heap     ] GC(3) O:      Used:      336M (33%)         146M (14%)         178M (17%)         178M (17%)         370M (36%)         112M (11%)    
[7.388s][info][gc,heap     ] GC(3) O: Old Generation Statistics:
[7.388s][info][gc,heap     ] GC(3) O:                Mark Start          Mark End        Relocate Start      Relocate End    
[7.388s][info][gc,heap     ] GC(3) O:      Used:        6M (1%)            6M (1%)            6M (1%)            6M (1%)     
[7.388s][info][gc,heap     ] GC(3) O:      Live:         -                 3M (0%)            3M (0%)            3M (0%)     
[7.388s][info][gc,heap     ] GC(3) O:   Garbage:         -                 2M (0%)            2M (0%)            2M (0%)     
[7.388s][info][gc,heap     ] GC(3) O: Allocated:         -                 0M (0%)            0M (0%)            0M (0%)     
[7.388s][info][gc,heap     ] GC(3) O: Reclaimed:         -                  -                 0M (0%)            0M (0%)     
[7.388s][info][gc,heap     ] GC(3) O: Compacted:         -                  -                  -                 0M (0%)     
[7.388s][info][gc,phases   ] GC(3) O: Old Generation 114M(11%)->178M(17%) 0.012s
[7.388s][info][gc          ] GC(3) Major Collection (Warmup) 336M(33%)->178M(17%) 0.015s
[7.494s][info][gc          ] GC(4) Minor Collection (High Usage)
[7.494s][info][gc,task     ] GC(4) Using 1 Workers for Young Generation
[7.494s][info][gc,phases   ] GC(4) y: Young Generation
[7.494s][info][gc,phases   ] GC(4) y: Pause Mark Start 0.005ms
[7.497s][info][gc,phases   ] GC(4) y: Concurrent Mark 2.521ms
[7.497s][info][gc,phases   ] GC(4) y: Pause Mark End 0.006ms
[7.497s][info][gc,phases   ] GC(4) y: Concurrent Mark Free 0.000ms
[7.497s][info][gc,phases   ] GC(4) y: Concurrent Reset Relocation Set 0.001ms
[7.498s][info][gc,reloc    ] GC(4) y: Using tenuring threshold: 4 (Computed)
[7.498s][info][gc,phases   ] GC(4) y: Concurrent Select Relocation Set 1.100ms
[7.498s][info][gc,phases   ] GC(4) y: Pause Relocate Start 0.005ms
[7.498s][info][gc,phases   ] GC(4) y: Concurrent Relocate 0.102ms
[7.498s][info][gc,alloc    ] GC(4) y:                         Mark Start        Mark End      Relocate Start    Relocate End   
[7.498s][info][gc,alloc    ] GC(4) y: Allocation Stalls:          0                0                0                0         
[7.498s][info][gc,load     ] GC(4) y: Load: 3.48 (35%) / 3.13 (31%) / 3.18 (32%)
[7.498s][info][gc,mmu      ] GC(4) y: MMU: 2ms/99.2%, 5ms/99.6%, 10ms/99.7%, 20ms/99.7%, 50ms/99.8%, 100ms/99.9%
[7.498s][info][gc,marking  ] GC(4) y: Mark: 1 stripe(s), 2 proactive flush(es), 1 terminate flush(es), 0 completion(s), 0 continuation(s) 
[7.498s][info][gc,marking  ] GC(4) y: Mark Stack Usage: 32M
[7.498s][info][gc,nmethod  ] GC(4) y: NMethods: 1554 registered, 94 unregistered
[7.498s][info][gc,metaspace] GC(4) y: Metaspace: 9M used, 9M committed, 1088M reserved
[7.498s][info][gc,reloc    ] GC(4) y:                        Candidates     Selected     In-Place         Size        Empty    Relocated 
[7.498s][info][gc,reloc    ] GC(4) y: Small Pages:                    7            6            0          14M           0M           0M 
[7.498s][info][gc,reloc    ] GC(4) y: Medium Pages:                  29            0            0         928M         896M           0M 
[7.498s][info][gc,reloc    ] GC(4) y: Large Pages:                    0            0            0           0M           0M           0M 
[7.498s][info][gc,reloc    ] GC(4) y: Forwarding Usage: 0M
[7.498s][info][gc,reloc    ] GC(4) y: Age Table:
[7.498s][info][gc,reloc    ] GC(4) y:                    Live             Garbage             Small              Medium             Large        
[7.498s][info][gc,reloc    ] GC(4) y: Eden               0M (0%)          867M (85%)          2 / 2             27 / 0              0 / 0        
[7.498s][info][gc,reloc    ] GC(4) y: Survivor 1         0M (0%)           35M (4%)           2 / 1              1 / 0              0 / 0        
[7.498s][info][gc,reloc    ] GC(4) y: Survivor 2          -                 0M (0%)           0 / 0              0 / 0              0 / 0        
[7.498s][info][gc,reloc    ] GC(4) y: Survivor 3         0M (0%)           37M (4%)           3 / 3              1 / 0              0 / 0        
[7.498s][info][gc,heap     ] GC(4) y: Min Capacity: 8M(1%)
[7.498s][info][gc,heap     ] GC(4) y: Max Capacity: 1024M(100%)
[7.498s][info][gc,heap     ] GC(4) y: Soft Max Capacity: 1024M(100%)
[7.498s][info][gc,heap     ] GC(4) y: Heap Statistics:
[7.498s][info][gc,heap     ] GC(4) y:                Mark Start          Mark End        Relocate Start      Relocate End           High               Low         
[7.498s][info][gc,heap     ] GC(4) y:  Capacity:      960M (94%)         992M (97%)         992M (97%)         992M (97%)         992M (97%)         960M (94%)    
[7.498s][info][gc,heap     ] GC(4) y:      Free:       76M (7%)           42M (4%)          938M (92%)         944M (92%)         944M (92%)          42M (4%)     
[7.498s][info][gc,heap     ] GC(4) y:      Used:      948M (93%)         982M (96%)          86M (8%)           80M (8%)          982M (96%)          80M (8%)     
[7.498s][info][gc,heap     ] GC(4) y: Young Generation Statistics:
[7.498s][info][gc,heap     ] GC(4) y:                Mark Start          Mark End        Relocate Start      Relocate End    
[7.498s][info][gc,heap     ] GC(4) y:      Used:      942M (92%)         976M (95%)          80M (8%)           74M (7%)     
[7.498s][info][gc,heap     ] GC(4) y:      Live:         -                 0M (0%)            0M (0%)            0M (0%)     
[7.498s][info][gc,heap     ] GC(4) y:   Garbage:         -               941M (92%)          45M (4%)           31M (3%)     
[7.498s][info][gc,heap     ] GC(4) y: Allocated:         -                34M (3%)           34M (3%)           41M (4%)     
[7.498s][info][gc,heap     ] GC(4) y: Reclaimed:         -                  -               896M (88%)         909M (89%)    
[7.498s][info][gc,heap     ] GC(4) y:  Promoted:         -                  -                 0M (0%)            0M (0%)     
[7.498s][info][gc,heap     ] GC(4) y: Compacted:         -                  -                  -                 0M (0%)     
[7.498s][info][gc,phases   ] GC(4) y: Young Generation 948M(93%)->80M(8%) 0.004s
[7.498s][info][gc          ] GC(4) Minor Collection (High Usage) 948M(93%)->80M(8%) 0.004s
[7.580s][info][gc          ] GC(5) Minor Collection (High Usage)
[7.580s][info][gc,task     ] GC(5) Using 1 Workers for Young Generation
[7.580s][info][gc,phases   ] GC(5) y: Young Generation
[7.580s][info][gc,phases   ] GC(5) y: Pause Mark Start 0.006ms
[7.583s][info][gc,phases   ] GC(5) y: Concurrent Mark 2.419ms
[7.583s][info][gc,phases   ] GC(5) y: Pause Mark End 0.007ms
[7.583s][info][gc,phases   ] GC(5) y: Concurrent Mark Free 0.000ms
[7.583s][info][gc,phases   ] GC(5) y: Concurrent Reset Relocation Set 0.001ms
[7.583s][info][gc,task     ] Adjusting Workers for Young Generation: 1 -> 3
[7.584s][info][gc,reloc    ] GC(5) y: Using tenuring threshold: 5 (Computed)
[7.584s][info][gc,phases   ] GC(5) y: Concurrent Select Relocation Set 1.027ms
[7.584s][info][gc,phases   ] GC(5) y: Pause Relocate Start 0.005ms
[7.584s][info][gc,phases   ] GC(5) y: Concurrent Relocate 0.127ms
[7.584s][info][gc,alloc    ] GC(5) y:                         Mark Start        Mark End      Relocate Start    Relocate End   
[7.584s][info][gc,alloc    ] GC(5) y: Allocation Stalls:          0                0                0                0         
[7.584s][info][gc,load     ] GC(5) y: Load: 3.48 (35%) / 3.13 (31%) / 3.18 (32%)
[7.584s][info][gc,mmu      ] GC(5) y: MMU: 2ms/99.2%, 5ms/99.6%, 10ms/99.7%, 20ms/99.7%, 50ms/99.8%, 100ms/99.9%
[7.584s][info][gc,marking  ] GC(5) y: Mark: 1 stripe(s), 2 proactive flush(es), 1 terminate flush(es), 0 completion(s), 0 continuation(s) 
[7.584s][info][gc,marking  ] GC(5) y: Mark Stack Usage: 32M
[7.584s][info][gc,nmethod  ] GC(5) y: NMethods: 1560 registered, 94 unregistered
[7.584s][info][gc,metaspace] GC(5) y: Metaspace: 9M used, 9M committed, 1088M reserved
[7.584s][info][gc,reloc    ] GC(5) y:                        Candidates     Selected     In-Place         Size        Empty    Relocated 
[7.584s][info][gc,reloc    ] GC(5) y: Small Pages:                    6            5            0          12M           0M           0M 
[7.584s][info][gc,reloc    ] GC(5) y: Medium Pages:                  29            1            0         928M         864M           0M 
[7.584s][info][gc,reloc    ] GC(5) y: Large Pages:                    0            0            0           0M           0M           0M 
[7.584s][info][gc,reloc    ] GC(5) y: Forwarding Usage: 0M
[7.584s][info][gc,reloc    ] GC(5) y: Age Table:
[7.584s][info][gc,reloc    ] GC(5) y:                    Live             Garbage             Small              Medium             Large        
[7.584s][info][gc,reloc    ] GC(5) y: Eden               0M (0%)          899M (88%)          2 / 1             28 / 1              0 / 0        
[7.584s][info][gc,reloc    ] GC(5) y: Survivor 1         0M (0%)            1M (0%)           1 / 1              0 / 0              0 / 0        
[7.584s][info][gc,reloc    ] GC(5) y: Survivor 2         0M (0%)            1M (0%)           1 / 1              0 / 0              0 / 0        
[7.584s][info][gc,reloc    ] GC(5) y: Survivor 3          -                 0M (0%)           0 / 0              0 / 0              0 / 0        
[7.584s][info][gc,reloc    ] GC(5) y: Survivor 4         0M (0%)           35M (3%)           2 / 2              1 / 0              0 / 0        
[7.584s][info][gc,heap     ] GC(5) y: Min Capacity: 8M(1%)
[7.584s][info][gc,heap     ] GC(5) y: Max Capacity: 1024M(100%)
[7.584s][info][gc,heap     ] GC(5) y: Soft Max Capacity: 1024M(100%)
[7.584s][info][gc,heap     ] GC(5) y: Heap Statistics:
[7.584s][info][gc,heap     ] GC(5) y:                Mark Start          Mark End        Relocate Start      Relocate End           High               Low         
[7.584s][info][gc,heap     ] GC(5) y:  Capacity:      992M (97%)         992M (97%)        1024M (100%)       1024M (100%)       1024M (100%)        992M (97%)    
[7.584s][info][gc,heap     ] GC(5) y:      Free:       78M (8%)           44M (4%)          876M (86%)         874M (85%)         876M (86%)          12M (1%)     
[7.584s][info][gc,heap     ] GC(5) y:      Used:      946M (92%)         980M (96%)         148M (14%)         150M (15%)        1012M (99%)         148M (14%)    
[7.584s][info][gc,heap     ] GC(5) y: Young Generation Statistics:
[7.584s][info][gc,heap     ] GC(5) y:                Mark Start          Mark End        Relocate Start      Relocate End    
[7.584s][info][gc,heap     ] GC(5) y:      Used:      940M (92%)         974M (95%)         142M (14%)         144M (14%)    
[7.584s][info][gc,heap     ] GC(5) y:      Live:         -                 1M (0%)            1M (0%)            1M (0%)     
[7.584s][info][gc,heap     ] GC(5) y:   Garbage:         -               938M (92%)          74M (7%)            0M (0%)     
[7.584s][info][gc,heap     ] GC(5) y: Allocated:         -                34M (3%)           66M (6%)          142M (14%)    
[7.584s][info][gc,heap     ] GC(5) y: Reclaimed:         -                  -               864M (84%)         938M (92%)    
[7.584s][info][gc,heap     ] GC(5) y:  Promoted:         -                  -                 0M (0%)            0M (0%)     
[7.584s][info][gc,heap     ] GC(5) y: Compacted:         -                  -                  -                 1M (0%)     
[7.584s][info][gc,phases   ] GC(5) y: Young Generation 946M(92%)->150M(15%) 0.004s
[7.584s][info][gc          ] GC(5) Minor Collection (High Usage) 946M(92%)->150M(15%) 0.004s
[7.648s][info][gc          ] GC(6) Minor Collection (High Usage)
[7.648s][info][gc,task     ] GC(6) Using 1 Workers for Young Generation
[7.648s][info][gc,phases   ] GC(6) y: Young Generation
[7.648s][info][gc,phases   ] GC(6) y: Pause Mark Start 0.005ms
[7.648s][info][gc,task     ] Adjusting Workers for Young Generation: 1 -> 3
[7.651s][info][gc,phases   ] GC(6) y: Concurrent Mark 2.391ms
[7.651s][info][gc,phases   ] GC(6) y: Pause Mark End 0.005ms
[7.651s][info][gc,phases   ] GC(6) y: Concurrent Mark Free 0.000ms
[7.651s][info][gc,phases   ] GC(6) y: Concurrent Reset Relocation Set 0.001ms
[7.652s][info][gc,reloc    ] GC(6) y: Using tenuring threshold: 6 (Computed)
[7.652s][info][gc,phases   ] GC(6) y: Concurrent Select Relocation Set 1.131ms
[7.652s][info][gc,phases   ] GC(6) y: Pause Relocate Start 0.005ms
[7.652s][info][gc,phases   ] GC(6) y: Concurrent Relocate 0.146ms
[7.652s][info][gc,alloc    ] GC(6) y:                         Mark Start        Mark End      Relocate Start    Relocate End   
[7.652s][info][gc,alloc    ] GC(6) y: Allocation Stalls:          0                0                0                0         
[7.652s][info][gc,load     ] GC(6) y: Load: 3.48 (35%) / 3.13 (31%) / 3.18 (32%)
[7.652s][info][gc,mmu      ] GC(6) y: MMU: 2ms/99.2%, 5ms/99.6%, 10ms/99.7%, 20ms/99.7%, 50ms/99.8%, 100ms/99.9%
[7.652s][info][gc,marking  ] GC(6) y: Mark: 1 stripe(s), 2 proactive flush(es), 1 terminate flush(es), 0 completion(s), 0 continuation(s) 
[7.652s][info][gc,marking  ] GC(6) y: Mark Stack Usage: 32M
[7.652s][info][gc,nmethod  ] GC(6) y: NMethods: 1563 registered, 94 unregistered
[7.652s][info][gc,metaspace] GC(6) y: Metaspace: 9M used, 9M committed, 1088M reserved
[7.652s][info][gc,reloc    ] GC(6) y:                        Candidates     Selected     In-Place         Size        Empty    Relocated 
[7.652s][info][gc,reloc    ] GC(6) y: Small Pages:                    9            6            0          18M           4M           0M 
[7.652s][info][gc,reloc    ] GC(6) y: Medium Pages:                  29            1            0         928M         864M           0M 
[7.652s][info][gc,reloc    ] GC(6) y: Large Pages:                    0            0            0           0M           0M           0M 
[7.652s][info][gc,reloc    ] GC(6) y: Forwarding Usage: 0M
[7.652s][info][gc,reloc    ] GC(6) y: Age Table:
[7.652s][info][gc,reloc    ] GC(6) y:                    Live             Garbage             Small              Medium             Large        
[7.652s][info][gc,reloc    ] GC(6) y: Eden               0M (0%)          867M (85%)          2 / 1             27 / 1              0 / 0        
[7.652s][info][gc,reloc    ] GC(6) y: Survivor 1          -                34M (3%)           1 / 0              1 / 0              0 / 0        
[7.652s][info][gc,reloc    ] GC(6) y: Survivor 2         0M (0%)            1M (0%)           1 / 1              0 / 0              0 / 0        
[7.652s][info][gc,reloc    ] GC(6) y: Survivor 3         0M (0%)            3M (0%)           2 / 1              0 / 0              0 / 0        
[7.652s][info][gc,reloc    ] GC(6) y: Survivor 4          -                 0M (0%)           0 / 0              0 / 0              0 / 0        
[7.652s][info][gc,reloc    ] GC(6) y: Survivor 5         0M (0%)           37M (4%)           3 / 3              1 / 0              0 / 0        
[7.652s][info][gc,heap     ] GC(6) y: Min Capacity: 8M(1%)
[7.652s][info][gc,heap     ] GC(6) y: Max Capacity: 1024M(100%)
[7.652s][info][gc,heap     ] GC(6) y: Soft Max Capacity: 1024M(100%)
[7.652s][info][gc,heap     ] GC(6) y: Heap Statistics:
[7.652s][info][gc,heap     ] GC(6) y:                Mark Start          Mark End        Relocate Start      Relocate End           High               Low         
[7.652s][info][gc,heap     ] GC(6) y:  Capacity:     1024M (100%)       1024M (100%)       1024M (100%)       1024M (100%)       1024M (100%)       1024M (100%)   
[7.652s][info][gc,heap     ] GC(6) y:      Free:       72M (7%)           38M (4%)          874M (85%)         872M (85%)         874M (85%)           6M (1%)     
[7.652s][info][gc,heap     ] GC(6) y:      Used:      952M (93%)         986M (96%)         150M (15%)         152M (15%)        1018M (99%)         150M (15%)    
[7.652s][info][gc,heap     ] GC(6) y: Young Generation Statistics:
[7.652s][info][gc,heap     ] GC(6) y:                Mark Start          Mark End        Relocate Start      Relocate End    
[7.652s][info][gc,heap     ] GC(6) y:      Used:      946M (92%)         980M (96%)         144M (14%)         146M (14%)    
[7.652s][info][gc,heap     ] GC(6) y:      Live:         -                 1M (0%)            1M (0%)            1M (0%)     
[7.652s][info][gc,heap     ] GC(6) y:   Garbage:         -               944M (92%)          76M (7%)            0M (0%)     
[7.652s][info][gc,heap     ] GC(6) y: Allocated:         -                34M (3%)           66M (6%)          144M (14%)    
[7.652s][info][gc,heap     ] GC(6) y: Reclaimed:         -                  -               868M (85%)         944M (92%)    
[7.652s][info][gc,heap     ] GC(6) y:  Promoted:         -                  -                 0M (0%)            0M (0%)     
[7.652s][info][gc,heap     ] GC(6) y: Compacted:         -                  -                  -                 1M (0%)     
[7.652s][info][gc,phases   ] GC(6) y: Young Generation 952M(93%)->152M(15%) 0.004s
[7.652s][info][gc          ] GC(6) Minor Collection (High Usage) 952M(93%)->152M(15%) 0.004s
[7.701s][info][gc          ] GC(7) Minor Collection (Allocation Rate)
[7.701s][info][gc,task     ] GC(7) Using 3 Workers for Young Generation
[7.701s][info][gc,phases   ] GC(7) y: Young Generation
[7.701s][info][gc,phases   ] GC(7) y: Pause Mark Start 0.008ms
[7.702s][info][gc,phases   ] GC(7) y: Concurrent Mark 1.070ms
[7.702s][info][gc,phases   ] GC(7) y: Pause Mark End 0.004ms
[7.702s][info][gc,phases   ] GC(7) y: Concurrent Mark Free 0.000ms
[7.702s][info][gc,phases   ] GC(7) y: Concurrent Reset Relocation Set 0.004ms
[7.703s][info][gc,reloc    ] GC(7) y: Using tenuring threshold: 7 (Computed)
[7.703s][info][gc,phases   ] GC(7) y: Concurrent Select Relocation Set 1.087ms
[7.703s][info][gc,phases   ] GC(7) y: Pause Relocate Start 0.004ms
[7.703s][info][gc,phases   ] GC(7) y: Concurrent Relocate 0.147ms
[7.703s][info][gc,alloc    ] GC(7) y:                         Mark Start        Mark End      Relocate Start    Relocate End   
[7.703s][info][gc,alloc    ] GC(7) y: Allocation Stalls:          0                0                0                0         
[7.703s][info][gc,load     ] GC(7) y: Load: 3.48 (35%) / 3.13 (31%) / 3.18 (32%)
[7.703s][info][gc,mmu      ] GC(7) y: MMU: 2ms/99.2%, 5ms/99.6%, 10ms/99.7%, 20ms/99.7%, 50ms/99.8%, 100ms/99.9%
[7.703s][info][gc,marking  ] GC(7) y: Mark: 2 stripe(s), 2 proactive flush(es), 1 terminate flush(es), 0 completion(s), 0 continuation(s) 
[7.703s][info][gc,marking  ] GC(7) y: Mark Stack Usage: 32M
[7.703s][info][gc,nmethod  ] GC(7) y: NMethods: 1571 registered, 94 unregistered
[7.703s][info][gc,metaspace] GC(7) y: Metaspace: 9M used, 9M committed, 1088M reserved
[7.703s][info][gc,reloc    ] GC(7) y:                        Candidates     Selected     In-Place         Size        Empty    Relocated 
[7.703s][info][gc,reloc    ] GC(7) y: Small Pages:                    9            7            0          18M           2M           0M 
[7.703s][info][gc,reloc    ] GC(7) y: Medium Pages:                  23            1            0         736M         672M           0M 
[7.703s][info][gc,reloc    ] GC(7) y: Large Pages:                    0            0            0           0M           0M           0M 
[7.703s][info][gc,reloc    ] GC(7) y: Forwarding Usage: 0M
[7.703s][info][gc,reloc    ] GC(7) y: Age Table:
[7.703s][info][gc,reloc    ] GC(7) y:                    Live             Garbage             Small              Medium             Large        
[7.703s][info][gc,reloc    ] GC(7) y: Eden               0M (0%)          673M (66%)          1 / 1             21 / 1              0 / 0        
[7.703s][info][gc,reloc    ] GC(7) y: Survivor 1         0M (0%)           35M (4%)           2 / 1              1 / 0              0 / 0        
[7.703s][info][gc,reloc    ] GC(7) y: Survivor 2          -                 0M (0%)           0 / 0              0 / 0              0 / 0        
[7.703s][info][gc,reloc    ] GC(7) y: Survivor 3         0M (0%)            1M (0%)           1 / 1              0 / 0              0 / 0        
[7.703s][info][gc,reloc    ] GC(7) y: Survivor 4         0M (0%)            3M (0%)           2 / 1              0 / 0              0 / 0        
[7.703s][info][gc,reloc    ] GC(7) y: Survivor 5          -                 0M (0%)           0 / 0              0 / 0              0 / 0        
[7.704s][info][gc,reloc    ] GC(7) y: Survivor 6         0M (0%)           37M (4%)           3 / 3              1 / 0              0 / 0        
[7.704s][info][gc,heap     ] GC(7) y: Min Capacity: 8M(1%)
[7.704s][info][gc,heap     ] GC(7) y: Max Capacity: 1024M(100%)
[7.704s][info][gc,heap     ] GC(7) y: Soft Max Capacity: 1024M(100%)
[7.704s][info][gc,heap     ] GC(7) y: Heap Statistics:
[7.704s][info][gc,heap     ] GC(7) y:                Mark Start          Mark End        Relocate Start      Relocate End           High               Low         
[7.704s][info][gc,heap     ] GC(7) y:  Capacity:     1024M (100%)       1024M (100%)       1024M (100%)       1024M (100%)       1024M (100%)       1024M (100%)   
[7.704s][info][gc,heap     ] GC(7) y:      Free:      264M (26%)         230M (22%)         904M (88%)         904M (88%)         904M (88%)         230M (22%)    
[7.704s][info][gc,heap     ] GC(7) y:      Used:      760M (74%)         794M (78%)         120M (12%)         120M (12%)         794M (78%)         120M (12%)    
[7.704s][info][gc,heap     ] GC(7) y: Young Generation Statistics:
[7.704s][info][gc,heap     ] GC(7) y:                Mark Start          Mark End        Relocate Start      Relocate End    
[7.704s][info][gc,heap     ] GC(7) y:      Used:      754M (74%)         788M (77%)         114M (11%)         114M (11%)    
[7.704s][info][gc,heap     ] GC(7) y:      Live:         -                 1M (0%)            1M (0%)            1M (0%)     
[7.704s][info][gc,heap     ] GC(7) y:   Garbage:         -               752M (74%)          78M (8%)            0M (0%)     
[7.704s][info][gc,heap     ] GC(7) y: Allocated:         -                34M (3%)           34M (3%)          112M (11%)    
[7.704s][info][gc,heap     ] GC(7) y: Reclaimed:         -                  -               674M (66%)         752M (74%)    
[7.704s][info][gc,heap     ] GC(7) y:  Promoted:         -                  -                 0M (0%)            0M (0%)     
[7.704s][info][gc,heap     ] GC(7) y: Compacted:         -                  -                  -                 1M (0%)     
[7.704s][info][gc,phases   ] GC(7) y: Young Generation 760M(74%)->120M(12%) 0.003s
[7.704s][info][gc          ] GC(7) Minor Collection (Allocation Rate) 760M(74%)->120M(12%) 0.003s
[7.732s][info][gc          ] GC(8) Minor Collection (Allocation Rate)
[7.732s][info][gc,task     ] GC(8) Using 1 Workers for Young Generation
[7.732s][info][gc,phases   ] GC(8) y: Young Generation
[7.732s][info][gc,phases   ] GC(8) y: Pause Mark Start 0.005ms
[7.735s][info][gc,phases   ] GC(8) y: Concurrent Mark 2.124ms
[7.735s][info][gc,phases   ] GC(8) y: Pause Mark End 0.011ms
[7.735s][info][gc,phases   ] GC(8) y: Concurrent Mark Free 0.000ms
[7.735s][info][gc,phases   ] GC(8) y: Concurrent Reset Relocation Set 0.002ms
[7.736s][info][gc,reloc    ] GC(8) y: Using tenuring threshold: 7 (Computed)
[7.736s][info][gc,phases   ] GC(8) y: Concurrent Select Relocation Set 1.150ms
[7.736s][info][gc,phases   ] GC(8) y: Pause Relocate Start 0.008ms
[7.736s][info][gc,phases   ] GC(8) y: Concurrent Relocate 0.431ms
[7.736s][info][gc,alloc    ] GC(8) y:                         Mark Start        Mark End      Relocate Start    Relocate End   
[7.736s][info][gc,alloc    ] GC(8) y: Allocation Stalls:          0                0                0                0         
[7.736s][info][gc,load     ] GC(8) y: Load: 3.48 (35%) / 3.13 (31%) / 3.18 (32%)
[7.736s][info][gc,mmu      ] GC(8) y: MMU: 2ms/99.0%, 5ms/99.5%, 10ms/99.7%, 20ms/99.7%, 50ms/99.8%, 100ms/99.9%
[7.736s][info][gc,marking  ] GC(8) y: Mark: 1 stripe(s), 2 proactive flush(es), 1 terminate flush(es), 0 completion(s), 0 continuation(s) 
[7.736s][info][gc,marking  ] GC(8) y: Mark Stack Usage: 32M
[7.736s][info][gc,nmethod  ] GC(8) y: NMethods: 1571 registered, 94 unregistered
[7.736s][info][gc,metaspace] GC(8) y: Metaspace: 9M used, 9M committed, 1088M reserved
[7.736s][info][gc,reloc    ] GC(8) y:                        Candidates     Selected     In-Place         Size        Empty    Relocated 
[7.736s][info][gc,reloc    ] GC(8) y: Small Pages:                    9            7            0          18M           2M           0M 
[7.736s][info][gc,reloc    ] GC(8) y: Medium Pages:                  14            1            0         448M         384M           0M 
[7.736s][info][gc,reloc    ] GC(8) y: Large Pages:                    0            0            0           0M           0M           0M 
[7.736s][info][gc,reloc    ] GC(8) y: Forwarding Usage: 0M
[7.736s][info][gc,reloc    ] GC(8) y: Age Table:
[7.736s][info][gc,reloc    ] GC(8) y:                    Live             Garbage             Small              Medium             Large        
[7.736s][info][gc,reloc    ] GC(8) y: Eden               0M (0%)          385M (38%)          1 / 1             12 / 1              0 / 0        
[7.736s][info][gc,reloc    ] GC(8) y: Survivor 1          -                34M (3%)           1 / 0              1 / 0              0 / 0        
[7.736s][info][gc,reloc    ] GC(8) y: Survivor 2         0M (0%)            1M (0%)           1 / 1              0 / 0              0 / 0        
[7.737s][info][gc,reloc    ] GC(8) y: Survivor 3          -                 0M (0%)           0 / 0              0 / 0              0 / 0        
[7.737s][info][gc,reloc    ] GC(8) y: Survivor 4         0M (0%)            1M (0%)           1 / 1              0 / 0              0 / 0        
[7.737s][info][gc,reloc    ] GC(8) y: Survivor 5         0M (0%)            3M (0%)           2 / 1              0 / 0              0 / 0        
[7.737s][info][gc,reloc    ] GC(8) y: Survivor 6          -                 0M (0%)           0 / 0              0 / 0              0 / 0        
[7.737s][info][gc,reloc    ] GC(8) y: Survivor 7         0M (0%)           37M (4%)           3 / 3              1 / 0              0 / 0        
[7.737s][info][gc,heap     ] GC(8) y: Min Capacity: 8M(1%)
[7.737s][info][gc,heap     ] GC(8) y: Max Capacity: 1024M(100%)
[7.737s][info][gc,heap     ] GC(8) y: Soft Max Capacity: 1024M(100%)
[7.737s][info][gc,heap     ] GC(8) y: Heap Statistics:
[7.737s][info][gc,heap     ] GC(8) y:                Mark Start          Mark End        Relocate Start      Relocate End           High               Low         
[7.737s][info][gc,heap     ] GC(8) y:  Capacity:     1024M (100%)       1024M (100%)       1024M (100%)       1024M (100%)       1024M (100%)       1024M (100%)   
[7.737s][info][gc,heap     ] GC(8) y:      Free:      552M (54%)         518M (51%)         872M (85%)         842M (82%)         872M (85%)         486M (47%)    
[7.737s][info][gc,heap     ] GC(8) y:      Used:      472M (46%)         506M (49%)         152M (15%)         182M (18%)         538M (53%)         152M (15%)    
[7.737s][info][gc,heap     ] GC(8) y: Young Generation Statistics:
[7.737s][info][gc,heap     ] GC(8) y:                Mark Start          Mark End        Relocate Start      Relocate End    
[7.737s][info][gc,heap     ] GC(8) y:      Used:      466M (46%)         500M (49%)         146M (14%)         108M (11%)    
[7.737s][info][gc,heap     ] GC(8) y:      Live:         -                 1M (0%)            1M (0%)            0M (0%)     
[7.737s][info][gc,heap     ] GC(8) y:   Garbage:         -               464M (45%)          78M (8%)            0M (0%)     
[7.737s][info][gc,heap     ] GC(8) y: Allocated:         -                34M (3%)           66M (6%)          107M (10%)    
[7.737s][info][gc,heap     ] GC(8) y: Reclaimed:         -                  -               386M (38%)         464M (45%)    
[7.737s][info][gc,heap     ] GC(8) y:  Promoted:         -                  -                 0M (0%)            0M (0%)     
[7.737s][info][gc,heap     ] GC(8) y: Compacted:         -                  -                  -                 0M (0%)     
[7.737s][info][gc,phases   ] GC(8) y: Young Generation 472M(46%)->182M(18%) 0.004s
[7.737s][info][gc          ] GC(8) Minor Collection (Allocation Rate) 472M(46%)->182M(18%) 0.004s
[7.762s][info][gc          ] GC(9) Minor Collection (Allocation Rate)
[7.762s][info][gc,task     ] GC(9) Using 1 Workers for Young Generation
[7.762s][info][gc,phases   ] GC(9) y: Young Generation
[7.762s][info][gc,phases   ] GC(9) y: Pause Mark Start 0.005ms
[7.764s][info][gc,phases   ] GC(9) y: Concurrent Mark 2.121ms
[7.764s][info][gc,phases   ] GC(9) y: Pause Mark End 0.007ms
[7.764s][info][gc,phases   ] GC(9) y: Concurrent Mark Free 0.000ms
[7.764s][info][gc,phases   ] GC(9) y: Concurrent Reset Relocation Set 0.002ms
[7.765s][info][gc,reloc    ] GC(9) y: Using tenuring threshold: 7 (Computed)
[7.765s][info][gc,phases   ] GC(9) y: Concurrent Select Relocation Set 1.052ms
[7.765s][info][gc,phases   ] GC(9) y: Pause Relocate Start 0.003ms
[7.765s][info][gc,phases   ] GC(9) y: Concurrent Relocate 0.032ms
[7.765s][info][gc,alloc    ] GC(9) y:                         Mark Start        Mark End      Relocate Start    Relocate End   
[7.765s][info][gc,alloc    ] GC(9) y: Allocation Stalls:          0                0                0                0         
[7.765s][info][gc,load     ] GC(9) y: Load: 3.48 (35%) / 3.13 (31%) / 3.18 (32%)
[7.765s][info][gc,mmu      ] GC(9) y: MMU: 2ms/99.0%, 5ms/99.5%, 10ms/99.7%, 20ms/99.7%, 50ms/99.8%, 100ms/99.9%
[7.765s][info][gc,marking  ] GC(9) y: Mark: 1 stripe(s), 2 proactive flush(es), 1 terminate flush(es), 0 completion(s), 0 continuation(s) 
[7.765s][info][gc,marking  ] GC(9) y: Mark Stack Usage: 32M
[7.765s][info][gc,nmethod  ] GC(9) y: NMethods: 1575 registered, 94 unregistered
[7.765s][info][gc,metaspace] GC(9) y: Metaspace: 9M used, 9M committed, 1088M reserved
[7.765s][info][gc,reloc    ] GC(9) y:                        Candidates     Selected     In-Place         Size        Empty    Relocated 
[7.765s][info][gc,reloc    ] GC(9) y: Small Pages:                    6            4            0          12M           2M           0M 
[7.765s][info][gc,reloc    ] GC(9) y: Medium Pages:                  12            0            0         384M         352M           0M 
[7.765s][info][gc,reloc    ] GC(9) y: Large Pages:                    0            0            0           0M           0M           0M 
[7.765s][info][gc,reloc    ] GC(9) y: Forwarding Usage: 0M
[7.765s][info][gc,reloc    ] GC(9) y: Age Table:
[7.765s][info][gc,reloc    ] GC(9) y:                    Live             Garbage             Small              Medium             Large        
[7.765s][info][gc,reloc    ] GC(9) y: Eden               0M (0%)          353M (34%)          1 / 0             11 / 0              0 / 0        
[7.765s][info][gc,reloc    ] GC(9) y: Survivor 1          -                34M (3%)           1 / 0              1 / 0              0 / 0        
[7.765s][info][gc,reloc    ] GC(9) y: Survivor 2          -                 0M (0%)           0 / 0              0 / 0              0 / 0        
[7.765s][info][gc,reloc    ] GC(9) y: Survivor 3         0M (0%)            1M (0%)           1 / 1              0 / 0              0 / 0        
[7.765s][info][gc,reloc    ] GC(9) y: Survivor 4          -                 0M (0%)           0 / 0              0 / 0              0 / 0        
[7.765s][info][gc,reloc    ] GC(9) y: Survivor 5         0M (0%)            1M (0%)           1 / 1              0 / 0              0 / 0        
[7.765s][info][gc,reloc    ] GC(9) y: Survivor 6         0M (0%)            3M (0%)           2 / 2              0 / 0              0 / 0        
[7.765s][info][gc,heap     ] GC(9) y: Min Capacity: 8M(1%)
[7.765s][info][gc,heap     ] GC(9) y: Max Capacity: 1024M(100%)
[7.765s][info][gc,heap     ] GC(9) y: Soft Max Capacity: 1024M(100%)
[7.765s][info][gc,heap     ] GC(9) y: Heap Statistics:
[7.765s][info][gc,heap     ] GC(9) y:                Mark Start          Mark End        Relocate Start      Relocate End           High               Low         
[7.765s][info][gc,heap     ] GC(9) y:  Capacity:     1024M (100%)       1024M (100%)       1024M (100%)       1024M (100%)       1024M (100%)       1024M (100%)   
[7.765s][info][gc,heap     ] GC(9) y:      Free:      554M (54%)         520M (51%)         842M (82%)         844M (82%)         844M (82%)         488M (48%)    
[7.765s][info][gc,heap     ] GC(9) y:      Used:      470M (46%)         504M (49%)         182M (18%)         180M (18%)         536M (52%)         180M (18%)    
[7.765s][info][gc,heap     ] GC(9) y: Young Generation Statistics:
[7.765s][info][gc,heap     ] GC(9) y:                Mark Start          Mark End        Relocate Start      Relocate End    
[7.765s][info][gc,heap     ] GC(9) y:      Used:      396M (39%)         430M (42%)         108M (11%)         106M (10%)    
[7.765s][info][gc,heap     ] GC(9) y:      Live:         -                 0M (0%)            0M (0%)            0M (0%)     
[7.765s][info][gc,heap     ] GC(9) y:   Garbage:         -               395M (39%)          41M (4%)           31M (3%)     
[7.765s][info][gc,heap     ] GC(9) y: Allocated:         -                34M (3%)           66M (6%)           73M (7%)     
[7.765s][info][gc,heap     ] GC(9) y: Reclaimed:         -                  -               354M (35%)         363M (36%)    
[7.765s][info][gc,heap     ] GC(9) y:  Promoted:         -                  -                 0M (0%)            0M (0%)     
[7.765s][info][gc,heap     ] GC(9) y: Compacted:         -                  -                  -                 0M (0%)     
[7.765s][info][gc,phases   ] GC(9) y: Young Generation 470M(46%)->180M(18%) 0.004s
[7.765s][info][gc          ] GC(9) Minor Collection (Allocation Rate) 470M(46%)->180M(18%) 0.004s
[7.796s][info][gc          ] GC(10) Minor Collection (Allocation Rate)
[7.796s][info][gc,task     ] GC(10) Using 1 Workers for Young Generation
[7.796s][info][gc,phases   ] GC(10) y: Young Generation
[7.796s][info][gc,phases   ] GC(10) y: Pause Mark Start 0.009ms
[7.799s][info][gc,phases   ] GC(10) y: Concurrent Mark 2.488ms
[7.799s][info][gc,phases   ] GC(10) y: Pause Mark End 0.007ms
[7.799s][info][gc,phases   ] GC(10) y: Concurrent Mark Free 0.000ms
[7.799s][info][gc,phases   ] GC(10) y: Concurrent Reset Relocation Set 0.001ms
[7.800s][info][gc,reloc    ] GC(10) y: Using tenuring threshold: 7 (Computed)
[7.800s][info][gc,phases   ] GC(10) y: Concurrent Select Relocation Set 0.994ms
[7.800s][info][gc,phases   ] GC(10) y: Pause Relocate Start 0.006ms
[7.800s][info][gc,phases   ] GC(10) y: Concurrent Relocate 0.052ms
[7.800s][info][gc,alloc    ] GC(10) y:                         Mark Start        Mark End      Relocate Start    Relocate End   
[7.800s][info][gc,alloc    ] GC(10) y: Allocation Stalls:          0                0                0                0         
[7.800s][info][gc,load     ] GC(10) y: Load: 3.48 (35%) / 3.13 (31%) / 3.18 (32%)
[7.800s][info][gc,mmu      ] GC(10) y: MMU: 2ms/99.0%, 5ms/99.5%, 10ms/99.7%, 20ms/99.7%, 50ms/99.8%, 100ms/99.9%
[7.800s][info][gc,marking  ] GC(10) y: Mark: 1 stripe(s), 2 proactive flush(es), 1 terminate flush(es), 0 completion(s), 0 continuation(s) 
[7.800s][info][gc,marking  ] GC(10) y: Mark Stack Usage: 32M
[7.800s][info][gc,nmethod  ] GC(10) y: NMethods: 1578 registered, 94 unregistered
[7.800s][info][gc,metaspace] GC(10) y: Metaspace: 9M used, 9M committed, 1088M reserved
[7.800s][info][gc,reloc    ] GC(10) y:                        Candidates     Selected     In-Place         Size        Empty    Relocated 
[7.800s][info][gc,reloc    ] GC(10) y: Small Pages:                    5            3            0          10M           2M           0M 
[7.800s][info][gc,reloc    ] GC(10) y: Medium Pages:                  14            0            0         448M         416M           0M 
[7.800s][info][gc,reloc    ] GC(10) y: Large Pages:                    0            0            0           0M           0M           0M 
[7.800s][info][gc,reloc    ] GC(10) y: Forwarding Usage: 0M
[7.800s][info][gc,reloc    ] GC(10) y: Age Table:
[7.800s][info][gc,reloc    ] GC(10) y:                    Live             Garbage             Small              Medium             Large        
[7.800s][info][gc,reloc    ] GC(10) y: Eden               0M (0%)          417M (41%)          1 / 1             13 / 0              0 / 0        
[7.800s][info][gc,reloc    ] GC(10) y: Survivor 1          -                34M (3%)           1 / 0              1 / 0              0 / 0        
[7.800s][info][gc,reloc    ] GC(10) y: Survivor 2          -                 0M (0%)           0 / 0              0 / 0              0 / 0        
[7.800s][info][gc,reloc    ] GC(10) y: Survivor 3          -                 0M (0%)           0 / 0              0 / 0              0 / 0        
[7.800s][info][gc,reloc    ] GC(10) y: Survivor 4         0M (0%)            1M (0%)           1 / 1              0 / 0              0 / 0        
[7.800s][info][gc,reloc    ] GC(10) y: Survivor 5          -                 0M (0%)           0 / 0              0 / 0              0 / 0        
[7.800s][info][gc,reloc    ] GC(10) y: Survivor 6         0M (0%)            1M (0%)           1 / 1              0 / 0              0 / 0        
[7.800s][info][gc,reloc    ] GC(10) y: Survivor 7         0M (0%)            1M (0%)           1 / 0              0 / 0              0 / 0        
[7.800s][info][gc,heap     ] GC(10) y: Min Capacity: 8M(1%)
[7.800s][info][gc,heap     ] GC(10) y: Max Capacity: 1024M(100%)
[7.800s][info][gc,heap     ] GC(10) y: Soft Max Capacity: 1024M(100%)
[7.800s][info][gc,heap     ] GC(10) y: Heap Statistics:
[7.800s][info][gc,heap     ] GC(10) y:                Mark Start          Mark End        Relocate Start      Relocate End           High               Low         
[7.800s][info][gc,heap     ] GC(10) y:  Capacity:     1024M (100%)       1024M (100%)       1024M (100%)       1024M (100%)       1024M (100%)       1024M (100%)   
[7.800s][info][gc,heap     ] GC(10) y:      Free:      492M (48%)         458M (45%)         844M (82%)         844M (82%)         844M (82%)         426M (42%)    
[7.800s][info][gc,heap     ] GC(10) y:      Used:      532M (52%)         566M (55%)         180M (18%)         180M (18%)         598M (58%)         180M (18%)    
[7.800s][info][gc,heap     ] GC(10) y: Young Generation Statistics:
[7.800s][info][gc,heap     ] GC(10) y:                Mark Start          Mark End        Relocate Start      Relocate End    
[7.800s][info][gc,heap     ] GC(10) y:      Used:      458M (45%)         492M (48%)         106M (10%)         104M (10%)    
[7.800s][info][gc,heap     ] GC(10) y:      Live:         -                 0M (0%)            0M (0%)            0M (0%)     
[7.800s][info][gc,heap     ] GC(10) y:   Garbage:         -               457M (45%)          39M (4%)           31M (3%)     
[7.800s][info][gc,heap     ] GC(10) y: Allocated:         -                34M (3%)           66M (6%)           71M (7%)     
[7.800s][info][gc,heap     ] GC(10) y: Reclaimed:         -                  -               418M (41%)         425M (42%)    
[7.800s][info][gc,heap     ] GC(10) y:  Promoted:         -                  -                 0M (0%)            0M (0%)     
[7.800s][info][gc,heap     ] GC(10) y: Compacted:         -                  -                  -                 0M (0%)     
[7.800s][info][gc,phases   ] GC(10) y: Young Generation 532M(52%)->180M(18%) 0.004s
[7.800s][info][gc          ] GC(10) Minor Collection (Allocation Rate) 532M(52%)->180M(18%) 0.004s
[7.851s][info][gc          ] GC(11) Minor Collection (Allocation Rate)
[7.851s][info][gc,task     ] GC(11) Using 2 Workers for Young Generation
[7.851s][info][gc,phases   ] GC(11) y: Young Generation
[7.851s][info][gc,phases   ] GC(11) y: Pause Mark Start 0.005ms
[7.852s][info][gc,phases   ] GC(11) y: Concurrent Mark 1.248ms
[7.852s][info][gc,phases   ] GC(11) y: Pause Mark End 0.005ms
[7.852s][info][gc,phases   ] GC(11) y: Concurrent Mark Free 0.000ms
[7.852s][info][gc,phases   ] GC(11) y: Concurrent Reset Relocation Set 0.003ms
[7.853s][info][gc,reloc    ] GC(11) y: Using tenuring threshold: 7 (Computed)
[7.853s][info][gc,phases   ] GC(11) y: Concurrent Select Relocation Set 1.133ms
[7.853s][info][gc,phases   ] GC(11) y: Pause Relocate Start 0.005ms
[7.854s][info][gc,phases   ] GC(11) y: Concurrent Relocate 0.087ms
[7.854s][info][gc,alloc    ] GC(11) y:                         Mark Start        Mark End      Relocate Start    Relocate End   
[7.854s][info][gc,alloc    ] GC(11) y: Allocation Stalls:          0                0                0                0         
[7.854s][info][gc,load     ] GC(11) y: Load: 3.48 (35%) / 3.13 (31%) / 3.18 (32%)
[7.854s][info][gc,mmu      ] GC(11) y: MMU: 2ms/99.0%, 5ms/99.5%, 10ms/99.7%, 20ms/99.7%, 50ms/99.8%, 100ms/99.9%
[7.854s][info][gc,marking  ] GC(11) y: Mark: 2 stripe(s), 2 proactive flush(es), 1 terminate flush(es), 0 completion(s), 0 continuation(s) 
[7.854s][info][gc,marking  ] GC(11) y: Mark Stack Usage: 32M
[7.854s][info][gc,nmethod  ] GC(11) y: NMethods: 1579 registered, 94 unregistered
[7.854s][info][gc,metaspace] GC(11) y: Metaspace: 9M used, 9M committed, 1088M reserved
[7.854s][info][gc,reloc    ] GC(11) y:                        Candidates     Selected     In-Place         Size        Empty    Relocated 
[7.854s][info][gc,reloc    ] GC(11) y: Small Pages:                    4            2            0           8M           2M           0M 
[7.854s][info][gc,reloc    ] GC(11) y: Medium Pages:                  21            0            0         672M         640M           0M 
[7.854s][info][gc,reloc    ] GC(11) y: Large Pages:                    0            0            0           0M           0M           0M 
[7.854s][info][gc,reloc    ] GC(11) y: Forwarding Usage: 0M
[7.854s][info][gc,reloc    ] GC(11) y: Age Table:
[7.854s][info][gc,reloc    ] GC(11) y:                    Live             Garbage             Small              Medium             Large        
[7.854s][info][gc,reloc    ] GC(11) y: Eden               0M (0%)          641M (63%)          1 / 1             20 / 0              0 / 0        
[7.854s][info][gc,reloc    ] GC(11) y: Survivor 1          -                34M (3%)           1 / 0              1 / 0              0 / 0        
[7.854s][info][gc,reloc    ] GC(11) y: Survivor 2          -                 0M (0%)           0 / 0              0 / 0              0 / 0        
[7.854s][info][gc,reloc    ] GC(11) y: Survivor 3          -                 0M (0%)           0 / 0              0 / 0              0 / 0        
[7.854s][info][gc,reloc    ] GC(11) y: Survivor 4          -                 0M (0%)           0 / 0              0 / 0              0 / 0        
[7.854s][info][gc,reloc    ] GC(11) y: Survivor 5         0M (0%)            1M (0%)           1 / 0              0 / 0              0 / 0        
[7.854s][info][gc,reloc    ] GC(11) y: Survivor 6          -                 0M (0%)           0 / 0              0 / 0              0 / 0        
[7.854s][info][gc,reloc    ] GC(11) y: Survivor 7         0M (0%)            1M (0%)           1 / 1              0 / 0              0 / 0        
[7.854s][info][gc,heap     ] GC(11) y: Min Capacity: 8M(1%)
[7.854s][info][gc,heap     ] GC(11) y: Max Capacity: 1024M(100%)
[7.854s][info][gc,heap     ] GC(11) y: Soft Max Capacity: 1024M(100%)
[7.854s][info][gc,heap     ] GC(11) y: Heap Statistics:
[7.854s][info][gc,heap     ] GC(11) y:                Mark Start          Mark End        Relocate Start      Relocate End           High               Low         
[7.854s][info][gc,heap     ] GC(11) y:  Capacity:     1024M (100%)       1024M (100%)       1024M (100%)       1024M (100%)       1024M (100%)       1024M (100%)   
[7.854s][info][gc,heap     ] GC(11) y:      Free:      268M (26%)         234M (23%)         876M (86%)         876M (86%)         876M (86%)         234M (23%)    
[7.854s][info][gc,heap     ] GC(11) y:      Used:      756M (74%)         790M (77%)         148M (14%)         148M (14%)         790M (77%)         148M (14%)    
[7.854s][info][gc,heap     ] GC(11) y: Young Generation Statistics:
[7.854s][info][gc,heap     ] GC(11) y:                Mark Start          Mark End        Relocate Start      Relocate End    
[7.854s][info][gc,heap     ] GC(11) y:      Used:      680M (66%)         714M (70%)          72M (7%)           70M (7%)     
[7.854s][info][gc,heap     ] GC(11) y:      Live:         -                 0M (0%)            0M (0%)            0M (0%)     
[7.854s][info][gc,heap     ] GC(11) y:   Garbage:         -               679M (66%)          37M (4%)           31M (3%)     
[7.854s][info][gc,heap     ] GC(11) y: Allocated:         -                34M (3%)           34M (3%)           37M (4%)     
[7.854s][info][gc,heap     ] GC(11) y: Reclaimed:         -                  -               642M (63%)         647M (63%)    
[7.854s][info][gc,heap     ] GC(11) y:  Promoted:         -                  -                 0M (0%)            0M (0%)     
[7.854s][info][gc,heap     ] GC(11) y: Compacted:         -                  -                  -                 0M (0%)     
[7.854s][info][gc,phases   ] GC(11) y: Young Generation 756M(74%)->148M(14%) 0.003s
[7.854s][info][gc          ] GC(11) Minor Collection (Allocation Rate) 756M(74%)->148M(14%) 0.003s
[7.921s][info][gc          ] GC(12) Minor Collection (Allocation Rate)
[7.921s][info][gc,task     ] GC(12) Using 3 Workers for Young Generation
[7.921s][info][gc,phases   ] GC(12) y: Young Generation
[7.921s][info][gc,phases   ] GC(12) y: Pause Mark Start 0.006ms
[7.922s][info][gc,phases   ] GC(12) y: Concurrent Mark 1.005ms
[7.922s][info][gc,phases   ] GC(12) y: Pause Mark End 0.004ms
[7.922s][info][gc,phases   ] GC(12) y: Concurrent Mark Free 0.000ms
[7.922s][info][gc,phases   ] GC(12) y: Concurrent Reset Relocation Set 0.001ms
[7.923s][info][gc,reloc    ] GC(12) y: Using tenuring threshold: 7 (Computed)
[7.923s][info][gc,phases   ] GC(12) y: Concurrent Select Relocation Set 1.063ms
[7.923s][info][gc,phases   ] GC(12) y: Pause Relocate Start 0.005ms
[7.923s][info][gc,phases   ] GC(12) y: Concurrent Relocate 0.053ms
[7.923s][info][gc,alloc    ] GC(12) y:                         Mark Start        Mark End      Relocate Start    Relocate End   
[7.923s][info][gc,alloc    ] GC(12) y: Allocation Stalls:          0                0                0                0         
[7.923s][info][gc,load     ] GC(12) y: Load: 3.48 (35%) / 3.13 (31%) / 3.18 (32%)
[7.923s][info][gc,mmu      ] GC(12) y: MMU: 2ms/99.0%, 5ms/99.5%, 10ms/99.7%, 20ms/99.7%, 50ms/99.8%, 100ms/99.9%
[7.923s][info][gc,marking  ] GC(12) y: Mark: 2 stripe(s), 2 proactive flush(es), 1 terminate flush(es), 0 completion(s), 0 continuation(s) 
[7.923s][info][gc,marking  ] GC(12) y: Mark Stack Usage: 32M
[7.923s][info][gc,nmethod  ] GC(12) y: NMethods: 1579 registered, 94 unregistered
[7.923s][info][gc,metaspace] GC(12) y: Metaspace: 9M used, 9M committed, 1088M reserved
[7.923s][info][gc,reloc    ] GC(12) y:                        Candidates     Selected     In-Place         Size        Empty    Relocated 
[7.923s][info][gc,reloc    ] GC(12) y: Small Pages:                    3            1            0           6M           2M           0M 
[7.923s][info][gc,reloc    ] GC(12) y: Medium Pages:                  26            0            0         832M         800M           0M 
[7.923s][info][gc,reloc    ] GC(12) y: Large Pages:                    0            0            0           0M           0M           0M 
[7.923s][info][gc,reloc    ] GC(12) y: Forwarding Usage: 0M
[7.923s][info][gc,reloc    ] GC(12) y: Age Table:
[7.923s][info][gc,reloc    ] GC(12) y:                    Live             Garbage             Small              Medium             Large        
[7.923s][info][gc,reloc    ] GC(12) y: Eden               0M (0%)          801M (78%)          1 / 1             25 / 0              0 / 0        
[7.923s][info][gc,reloc    ] GC(12) y: Survivor 1          -                34M (3%)           1 / 0              1 / 0              0 / 0        
[7.923s][info][gc,reloc    ] GC(12) y: Survivor 2          -                 0M (0%)           0 / 0              0 / 0              0 / 0        
[7.923s][info][gc,reloc    ] GC(12) y: Survivor 3          -                 0M (0%)           0 / 0              0 / 0              0 / 0        
[7.923s][info][gc,reloc    ] GC(12) y: Survivor 4          -                 0M (0%)           0 / 0              0 / 0              0 / 0        
[7.923s][info][gc,reloc    ] GC(12) y: Survivor 5          -                 0M (0%)           0 / 0              0 / 0              0 / 0        
[7.924s][info][gc,reloc    ] GC(12) y: Survivor 6         0M (0%)            1M (0%)           1 / 0              0 / 0              0 / 0        
[7.924s][info][gc,heap     ] GC(12) y: Min Capacity: 8M(1%)
[7.924s][info][gc,heap     ] GC(12) y: Max Capacity: 1024M(100%)
[7.924s][info][gc,heap     ] GC(12) y: Soft Max Capacity: 1024M(100%)
[7.924s][info][gc,heap     ] GC(12) y: Heap Statistics:
[7.924s][info][gc,heap     ] GC(12) y:                Mark Start          Mark End        Relocate Start      Relocate End           High               Low         
[7.924s][info][gc,heap     ] GC(12) y:  Capacity:     1024M (100%)       1024M (100%)       1024M (100%)       1024M (100%)       1024M (100%)       1024M (100%)   
[7.924s][info][gc,heap     ] GC(12) y:      Free:      108M (11%)          74M (7%)          876M (86%)         876M (86%)         876M (86%)          74M (7%)     
[7.924s][info][gc,heap     ] GC(12) y:      Used:      916M (89%)         950M (93%)         148M (14%)         148M (14%)         950M (93%)         148M (14%)    
[7.924s][info][gc,heap     ] GC(12) y: Young Generation Statistics:
[7.924s][info][gc,heap     ] GC(12) y:                Mark Start          Mark End        Relocate Start      Relocate End    
[7.924s][info][gc,heap     ] GC(12) y:      Used:      838M (82%)         872M (85%)          70M (7%)           70M (7%)     
[7.924s][info][gc,heap     ] GC(12) y:      Live:         -                 0M (0%)            0M (0%)            0M (0%)     
[7.924s][info][gc,heap     ] GC(12) y:   Garbage:         -               837M (82%)          35M (3%)           31M (3%)     
[7.924s][info][gc,heap     ] GC(12) y: Allocated:         -                34M (3%)           34M (3%)           37M (4%)     
[7.924s][info][gc,heap     ] GC(12) y: Reclaimed:         -                  -               802M (78%)         805M (79%)    
[7.924s][info][gc,heap     ] GC(12) y:  Promoted:         -                  -                 0M (0%)            0M (0%)     
[7.924s][info][gc,heap     ] GC(12) y: Compacted:         -                  -                  -                 0M (0%)     
[7.924s][info][gc,phases   ] GC(12) y: Young Generation 916M(89%)->148M(14%) 0.002s
[7.924s][info][gc          ] GC(12) Minor Collection (Allocation Rate) 916M(89%)->148M(14%) 0.003s
[7.986s][info][gc          ] GC(13) Minor Collection (Allocation Rate)
[7.986s][info][gc,task     ] GC(13) Using 2 Workers for Young Generation
[7.986s][info][gc,phases   ] GC(13) y: Young Generation
[7.986s][info][gc,phases   ] GC(13) y: Pause Mark Start 0.004ms
[7.987s][info][gc,phases   ] GC(13) y: Concurrent Mark 1.358ms
[7.987s][info][gc,phases   ] GC(13) y: Pause Mark End 0.007ms
[7.987s][info][gc,phases   ] GC(13) y: Concurrent Mark Free 0.000ms
[7.987s][info][gc,phases   ] GC(13) y: Concurrent Reset Relocation Set 0.001ms
[7.988s][info][gc,reloc    ] GC(13) y: Using tenuring threshold: 7 (Computed)
[7.988s][info][gc,phases   ] GC(13) y: Concurrent Select Relocation Set 1.041ms
[7.988s][info][gc,phases   ] GC(13) y: Pause Relocate Start 0.003ms
[7.989s][info][gc,phases   ] GC(13) y: Concurrent Relocate 0.043ms
[7.989s][info][gc,alloc    ] GC(13) y:                         Mark Start        Mark End      Relocate Start    Relocate End   
[7.989s][info][gc,alloc    ] GC(13) y: Allocation Stalls:          0                0                0                0         
[7.989s][info][gc,load     ] GC(13) y: Load: 3.48 (35%) / 3.13 (31%) / 3.18 (32%)
[7.989s][info][gc,mmu      ] GC(13) y: MMU: 2ms/99.0%, 5ms/99.5%, 10ms/99.7%, 20ms/99.7%, 50ms/99.8%, 100ms/99.9%
[7.989s][info][gc,marking  ] GC(13) y: Mark: 2 stripe(s), 2 proactive flush(es), 1 terminate flush(es), 0 completion(s), 0 continuation(s) 
[7.989s][info][gc,marking  ] GC(13) y: Mark Stack Usage: 32M
[7.989s][info][gc,nmethod  ] GC(13) y: NMethods: 1579 registered, 94 unregistered
[7.989s][info][gc,metaspace] GC(13) y: Metaspace: 9M used, 9M committed, 1088M reserved
[7.989s][info][gc,reloc    ] GC(13) y:                        Candidates     Selected     In-Place         Size        Empty    Relocated 
[7.989s][info][gc,reloc    ] GC(13) y: Small Pages:                    3            1            0           6M           2M           0M 
[7.989s][info][gc,reloc    ] GC(13) y: Medium Pages:                  25            0            0         800M         768M           0M 
[7.989s][info][gc,reloc    ] GC(13) y: Large Pages:                    0            0            0           0M           0M           0M 
[7.989s][info][gc,reloc    ] GC(13) y: Forwarding Usage: 0M
[7.989s][info][gc,reloc    ] GC(13) y: Age Table:
[7.989s][info][gc,reloc    ] GC(13) y:                    Live             Garbage             Small              Medium             Large        
[7.989s][info][gc,reloc    ] GC(13) y: Eden               0M (0%)          769M (75%)          1 / 0             24 / 0              0 / 0        
[7.989s][info][gc,reloc    ] GC(13) y: Survivor 1          -                34M (3%)           1 / 0              1 / 0              0 / 0        
[7.989s][info][gc,reloc    ] GC(13) y: Survivor 2          -                 0M (0%)           0 / 0              0 / 0              0 / 0        
[7.989s][info][gc,reloc    ] GC(13) y: Survivor 3          -                 0M (0%)           0 / 0              0 / 0              0 / 0        
[7.989s][info][gc,reloc    ] GC(13) y: Survivor 4          -                 0M (0%)           0 / 0              0 / 0              0 / 0        
[7.989s][info][gc,reloc    ] GC(13) y: Survivor 5          -                 0M (0%)           0 / 0              0 / 0              0 / 0        
[7.989s][info][gc,reloc    ] GC(13) y: Survivor 6          -                 0M (0%)           0 / 0              0 / 0              0 / 0        
[7.989s][info][gc,reloc    ] GC(13) y: Survivor 7         0M (0%)            1M (0%)           1 / 1              0 / 0              0 / 0        
[7.989s][info][gc,heap     ] GC(13) y: Min Capacity: 8M(1%)
[7.989s][info][gc,heap     ] GC(13) y: Max Capacity: 1024M(100%)
[7.989s][info][gc,heap     ] GC(13) y: Soft Max Capacity: 1024M(100%)
[7.989s][info][gc,heap     ] GC(13) y: Heap Statistics:
[7.989s][info][gc,heap     ] GC(13) y:                Mark Start          Mark End        Relocate Start      Relocate End           High               Low         
[7.989s][info][gc,heap     ] GC(13) y:  Capacity:     1024M (100%)       1024M (100%)       1024M (100%)       1024M (100%)       1024M (100%)       1024M (100%)   
[7.989s][info][gc,heap     ] GC(13) y:      Free:      140M (14%)         106M (10%)         876M (86%)         876M (86%)         876M (86%)         106M (10%)    
[7.989s][info][gc,heap     ] GC(13) y:      Used:      884M (86%)         918M (90%)         148M (14%)         148M (14%)         918M (90%)         148M (14%)    
[7.989s][info][gc,heap     ] GC(13) y: Young Generation Statistics:
[7.989s][info][gc,heap     ] GC(13) y:                Mark Start          Mark End        Relocate Start      Relocate End    
[7.989s][info][gc,heap     ] GC(13) y:      Used:      806M (79%)         840M (82%)          70M (7%)           68M (7%)     
[7.989s][info][gc,heap     ] GC(13) y:      Live:         -                 0M (0%)            0M (0%)            0M (0%)     
[7.989s][info][gc,heap     ] GC(13) y:   Garbage:         -               805M (79%)          35M (3%)           31M (3%)     
[7.989s][info][gc,heap     ] GC(13) y: Allocated:         -                34M (3%)           34M (3%)           35M (4%)     
[7.989s][info][gc,heap     ] GC(13) y: Reclaimed:         -                  -               770M (75%)         773M (76%)    
[7.989s][info][gc,heap     ] GC(13) y:  Promoted:         -                  -                 0M (0%)            0M (0%)     
[7.989s][info][gc,heap     ] GC(13) y: Compacted:         -                  -                  -                 0M (0%)     
[7.989s][info][gc,phases   ] GC(13) y: Young Generation 884M(86%)->148M(14%) 0.003s
[7.989s][info][gc          ] GC(13) Minor Collection (Allocation Rate) 884M(86%)->148M(14%) 0.003s
[8.048s][info][gc          ] GC(14) Minor Collection (Allocation Rate)
[8.048s][info][gc,task     ] GC(14) Using 1 Workers for Young Generation
[8.048s][info][gc,phases   ] GC(14) y: Young Generation
[8.048s][info][gc,phases   ] GC(14) y: Pause Mark Start 0.005ms
[8.051s][info][gc,phases   ] GC(14) y: Concurrent Mark 2.790ms
[8.051s][info][gc,phases   ] GC(14) y: Pause Mark End 0.006ms
[8.051s][info][gc,phases   ] GC(14) y: Concurrent Mark Free 0.000ms
[8.051s][info][gc,phases   ] GC(14) y: Concurrent Reset Relocation Set 0.000ms
[8.052s][info][gc,reloc    ] GC(14) y: Using tenuring threshold: 1 (Computed)
[8.052s][info][gc,phases   ] GC(14) y: Concurrent Select Relocation Set 1.105ms
[8.052s][info][gc,phases   ] GC(14) y: Pause Relocate Start 0.008ms
[8.052s][info][gc,phases   ] GC(14) y: Concurrent Relocate 0.033ms
[8.052s][info][gc,alloc    ] GC(14) y:                         Mark Start        Mark End      Relocate Start    Relocate End   
[8.052s][info][gc,alloc    ] GC(14) y: Allocation Stalls:          0                0                0                0         
[8.052s][info][gc,load     ] GC(14) y: Load: 3.48 (35%) / 3.13 (31%) / 3.18 (32%)
[8.052s][info][gc,mmu      ] GC(14) y: MMU: 2ms/99.0%, 5ms/99.5%, 10ms/99.7%, 20ms/99.7%, 50ms/99.8%, 100ms/99.9%
[8.052s][info][gc,marking  ] GC(14) y: Mark: 1 stripe(s), 2 proactive flush(es), 1 terminate flush(es), 0 completion(s), 0 continuation(s) 
[8.052s][info][gc,marking  ] GC(14) y: Mark Stack Usage: 32M
[8.052s][info][gc,nmethod  ] GC(14) y: NMethods: 1579 registered, 94 unregistered
[8.052s][info][gc,metaspace] GC(14) y: Metaspace: 9M used, 9M committed, 1088M reserved
[8.052s][info][gc,reloc    ] GC(14) y:                        Candidates     Selected     In-Place         Size        Empty    Relocated 
[8.052s][info][gc,reloc    ] GC(14) y: Small Pages:                    2            0            0           4M           2M           0M 
[8.052s][info][gc,reloc    ] GC(14) y: Medium Pages:                  24            0            0         768M         736M           0M 
[8.052s][info][gc,reloc    ] GC(14) y: Large Pages:                    0            0            0           0M           0M           0M 
[8.052s][info][gc,reloc    ] GC(14) y: Forwarding Usage: 0M
[8.052s][info][gc,reloc    ] GC(14) y: Age Table:
[8.052s][info][gc,reloc    ] GC(14) y:                    Live             Garbage             Small              Medium             Large        
[8.052s][info][gc,reloc    ] GC(14) y: Eden               0M (0%)          737M (72%)          1 / 0             23 / 0              0 / 0        
[8.052s][info][gc,reloc    ] GC(14) y: Survivor 1          -                34M (3%)           1 / 0              1 / 0              0 / 0        
[8.052s][info][gc,heap     ] GC(14) y: Min Capacity: 8M(1%)
[8.052s][info][gc,heap     ] GC(14) y: Max Capacity: 1024M(100%)
[8.052s][info][gc,heap     ] GC(14) y: Soft Max Capacity: 1024M(100%)
[8.052s][info][gc,heap     ] GC(14) y: Heap Statistics:
[8.052s][info][gc,heap     ] GC(14) y:                Mark Start          Mark End        Relocate Start      Relocate End           High               Low         
[8.052s][info][gc,heap     ] GC(14) y:  Capacity:     1024M (100%)       1024M (100%)       1024M (100%)       1024M (100%)       1024M (100%)       1024M (100%)   
[8.052s][info][gc,heap     ] GC(14) y:      Free:      172M (17%)         138M (13%)         844M (82%)         844M (82%)         844M (82%)         106M (10%)    
[8.052s][info][gc,heap     ] GC(14) y:      Used:      852M (83%)         886M (87%)         180M (18%)         180M (18%)         918M (90%)         180M (18%)    
[8.052s][info][gc,heap     ] GC(14) y: Young Generation Statistics:
[8.052s][info][gc,heap     ] GC(14) y:                Mark Start          Mark End        Relocate Start      Relocate End    
[8.052s][info][gc,heap     ] GC(14) y:      Used:      772M (75%)         806M (79%)         100M (10%)         100M (10%)    
[8.052s][info][gc,heap     ] GC(14) y:      Live:         -                 0M (0%)            0M (0%)            0M (0%)     
[8.052s][info][gc,heap     ] GC(14) y:   Garbage:         -               771M (75%)          33M (3%)           33M (3%)     
[8.052s][info][gc,heap     ] GC(14) y: Allocated:         -                34M (3%)           66M (6%)           66M (6%)     
[8.052s][info][gc,heap     ] GC(14) y: Reclaimed:         -                  -               738M (72%)         738M (72%)    
[8.052s][info][gc,heap     ] GC(14) y:  Promoted:         -                  -                 0M (0%)            0M (0%)     
[8.052s][info][gc,heap     ] GC(14) y: Compacted:         -                  -                  -                 0M (0%)     
[8.052s][info][gc,phases   ] GC(14) y: Young Generation 852M(83%)->180M(18%) 0.004s
[8.052s][info][gc          ] GC(14) Minor Collection (Allocation Rate) 852M(83%)->180M(18%) 0.004s
[8.118s][info][gc          ] GC(15) Minor Collection (Allocation Rate)
[8.118s][info][gc,task     ] GC(15) Using 3 Workers for Young Generation
[8.118s][info][gc,phases   ] GC(15) y: Young Generation
[8.118s][info][gc,phases   ] GC(15) y: Pause Mark Start 0.009ms
[8.119s][info][gc,phases   ] GC(15) y: Concurrent Mark 1.007ms
[8.119s][info][gc,phases   ] GC(15) y: Pause Mark End 0.005ms
[8.119s][info][gc,phases   ] GC(15) y: Concurrent Mark Free 0.000ms
[8.119s][info][gc,phases   ] GC(15) y: Concurrent Reset Relocation Set 0.000ms
[8.120s][info][gc,reloc    ] GC(15) y: Using tenuring threshold: 1 (Computed)
[8.121s][info][gc,phases   ] GC(15) y: Concurrent Select Relocation Set 1.077ms
[8.121s][info][gc,phases   ] GC(15) y: Pause Relocate Start 0.010ms
[8.121s][info][gc,phases   ] GC(15) y: Concurrent Relocate 0.049ms
[8.121s][info][gc,alloc    ] GC(15) y:                         Mark Start        Mark End      Relocate Start    Relocate End   
[8.121s][info][gc,alloc    ] GC(15) y: Allocation Stalls:          0                0                0                0         
[8.121s][info][gc,load     ] GC(15) y: Load: 3.48 (35%) / 3.13 (31%) / 3.18 (32%)
[8.121s][info][gc,mmu      ] GC(15) y: MMU: 2ms/99.0%, 5ms/99.5%, 10ms/99.7%, 20ms/99.7%, 50ms/99.8%, 100ms/99.9%
[8.121s][info][gc,marking  ] GC(15) y: Mark: 2 stripe(s), 2 proactive flush(es), 1 terminate flush(es), 0 completion(s), 0 continuation(s) 
[8.121s][info][gc,marking  ] GC(15) y: Mark Stack Usage: 32M
[8.121s][info][gc,nmethod  ] GC(15) y: NMethods: 1579 registered, 94 unregistered
[8.121s][info][gc,metaspace] GC(15) y: Metaspace: 9M used, 9M committed, 1088M reserved
[8.121s][info][gc,reloc    ] GC(15) y:                        Candidates     Selected     In-Place         Size        Empty    Relocated 
[8.121s][info][gc,reloc    ] GC(15) y: Small Pages:                    2            0            0           4M           2M           0M 
[8.121s][info][gc,reloc    ] GC(15) y: Medium Pages:                  27            0            0         864M         832M           0M 
[8.121s][info][gc,reloc    ] GC(15) y: Large Pages:                    0            0            0           0M           0M           0M 
[8.121s][info][gc,reloc    ] GC(15) y: Forwarding Usage: 0M
[8.121s][info][gc,reloc    ] GC(15) y: Age Table:
[8.121s][info][gc,reloc    ] GC(15) y:                    Live             Garbage             Small              Medium             Large        
[8.121s][info][gc,reloc    ] GC(15) y: Eden               0M (0%)          833M (81%)          1 / 0             26 / 0              0 / 0        
[8.121s][info][gc,reloc    ] GC(15) y: Survivor 1          -                34M (3%)           1 / 0              1 / 0              0 / 0        
[8.121s][info][gc,heap     ] GC(15) y: Min Capacity: 8M(1%)
[8.121s][info][gc,heap     ] GC(15) y: Max Capacity: 1024M(100%)
[8.121s][info][gc,heap     ] GC(15) y: Soft Max Capacity: 1024M(100%)
[8.121s][info][gc,heap     ] GC(15) y: Heap Statistics:
[8.121s][info][gc,heap     ] GC(15) y:                Mark Start          Mark End        Relocate Start      Relocate End           High               Low         
[8.121s][info][gc,heap     ] GC(15) y:  Capacity:     1024M (100%)       1024M (100%)       1024M (100%)       1024M (100%)       1024M (100%)       1024M (100%)   
[8.121s][info][gc,heap     ] GC(15) y:      Free:       76M (7%)           42M (4%)          876M (86%)         876M (86%)         876M (86%)          42M (4%)     
[8.121s][info][gc,heap     ] GC(15) y:      Used:      948M (93%)         982M (96%)         148M (14%)         148M (14%)         982M (96%)         148M (14%)    
[8.121s][info][gc,heap     ] GC(15) y: Young Generation Statistics:
[8.121s][info][gc,heap     ] GC(15) y:                Mark Start          Mark End        Relocate Start      Relocate End    
[8.121s][info][gc,heap     ] GC(15) y:      Used:      868M (85%)         902M (88%)          68M (7%)           68M (7%)     
[8.121s][info][gc,heap     ] GC(15) y:      Live:         -                 0M (0%)            0M (0%)            0M (0%)     
[8.121s][info][gc,heap     ] GC(15) y:   Garbage:         -               867M (85%)          33M (3%)           33M (3%)     
[8.121s][info][gc,heap     ] GC(15) y: Allocated:         -                34M (3%)           34M (3%)           34M (3%)     
[8.121s][info][gc,heap     ] GC(15) y: Reclaimed:         -                  -               834M (81%)         834M (81%)    
[8.121s][info][gc,heap     ] GC(15) y:  Promoted:         -                  -                 0M (0%)            0M (0%)     
[8.121s][info][gc,heap     ] GC(15) y: Compacted:         -                  -                  -                 0M (0%)     
[8.121s][info][gc,phases   ] GC(15) y: Young Generation 948M(93%)->148M(14%) 0.002s
[8.121s][info][gc          ] GC(15) Minor Collection (Allocation Rate) 948M(93%)->148M(14%) 0.003s
[8.189s][info][gc          ] GC(16) Minor Collection (Allocation Rate)
[8.189s][info][gc,task     ] GC(16) Using 3 Workers for Young Generation
[8.189s][info][gc,phases   ] GC(16) y: Young Generation
[8.189s][info][gc,phases   ] GC(16) y: Pause Mark Start 0.005ms
[8.190s][info][gc,phases   ] GC(16) y: Concurrent Mark 0.985ms
[8.190s][info][gc,phases   ] GC(16) y: Pause Mark End 0.005ms
[8.190s][info][gc,phases   ] GC(16) y: Concurrent Mark Free 0.000ms
[8.190s][info][gc,phases   ] GC(16) y: Concurrent Reset Relocation Set 0.000ms
[8.191s][info][gc,reloc    ] GC(16) y: Using tenuring threshold: 1 (Computed)
[8.191s][info][gc,phases   ] GC(16) y: Concurrent Select Relocation Set 1.051ms
[8.191s][info][gc,phases   ] GC(16) y: Pause Relocate Start 0.004ms
[8.191s][info][gc,phases   ] GC(16) y: Concurrent Relocate 0.040ms
[8.191s][info][gc,alloc    ] GC(16) y:                         Mark Start        Mark End      Relocate Start    Relocate End   
[8.191s][info][gc,alloc    ] GC(16) y: Allocation Stalls:          0                0                0                0         
[8.191s][info][gc,load     ] GC(16) y: Load: 3.48 (35%) / 3.13 (31%) / 3.18 (32%)
[8.191s][info][gc,mmu      ] GC(16) y: MMU: 2ms/99.0%, 5ms/99.5%, 10ms/99.7%, 20ms/99.7%, 50ms/99.8%, 100ms/99.9%
[8.191s][info][gc,marking  ] GC(16) y: Mark: 2 stripe(s), 2 proactive flush(es), 1 terminate flush(es), 0 completion(s), 0 continuation(s) 
[8.191s][info][gc,marking  ] GC(16) y: Mark Stack Usage: 32M
[8.191s][info][gc,nmethod  ] GC(16) y: NMethods: 1579 registered, 94 unregistered
[8.191s][info][gc,metaspace] GC(16) y: Metaspace: 9M used, 9M committed, 1088M reserved
[8.191s][info][gc,reloc    ] GC(16) y:                        Candidates     Selected     In-Place         Size        Empty    Relocated 
[8.191s][info][gc,reloc    ] GC(16) y: Small Pages:                    2            0            0           4M           2M           0M 
[8.191s][info][gc,reloc    ] GC(16) y: Medium Pages:                  27            0            0         864M         832M           0M 
[8.191s][info][gc,reloc    ] GC(16) y: Large Pages:                    0            0            0           0M           0M           0M 
[8.191s][info][gc,reloc    ] GC(16) y: Forwarding Usage: 0M
[8.191s][info][gc,reloc    ] GC(16) y: Age Table:
[8.191s][info][gc,reloc    ] GC(16) y:                    Live             Garbage             Small              Medium             Large        
[8.191s][info][gc,reloc    ] GC(16) y: Eden               0M (0%)          833M (81%)          1 / 0             26 / 0              0 / 0        
[8.191s][info][gc,reloc    ] GC(16) y: Survivor 1          -                34M (3%)           1 / 0              1 / 0              0 / 0        
[8.191s][info][gc,heap     ] GC(16) y: Min Capacity: 8M(1%)
[8.191s][info][gc,heap     ] GC(16) y: Max Capacity: 1024M(100%)
[8.191s][info][gc,heap     ] GC(16) y: Soft Max Capacity: 1024M(100%)
[8.191s][info][gc,heap     ] GC(16) y: Heap Statistics:
[8.191s][info][gc,heap     ] GC(16) y:                Mark Start          Mark End        Relocate Start      Relocate End           High               Low         
[8.191s][info][gc,heap     ] GC(16) y:  Capacity:     1024M (100%)       1024M (100%)       1024M (100%)       1024M (100%)       1024M (100%)       1024M (100%)   
[8.191s][info][gc,heap     ] GC(16) y:      Free:       76M (7%)           42M (4%)          876M (86%)         876M (86%)         876M (86%)          42M (4%)     
[8.191s][info][gc,heap     ] GC(16) y:      Used:      948M (93%)         982M (96%)         148M (14%)         148M (14%)         982M (96%)         148M (14%)    
[8.191s][info][gc,heap     ] GC(16) y: Young Generation Statistics:
[8.191s][info][gc,heap     ] GC(16) y:                Mark Start          Mark End        Relocate Start      Relocate End    
[8.191s][info][gc,heap     ] GC(16) y:      Used:      868M (85%)         902M (88%)          68M (7%)           68M (7%)     
[8.191s][info][gc,heap     ] GC(16) y:      Live:         -                 0M (0%)            0M (0%)            0M (0%)     
[8.191s][info][gc,heap     ] GC(16) y:   Garbage:         -               867M (85%)          33M (3%)           33M (3%)     
[8.191s][info][gc,heap     ] GC(16) y: Allocated:         -                34M (3%)           34M (3%)           34M (3%)     
[8.191s][info][gc,heap     ] GC(16) y: Reclaimed:         -                  -               834M (81%)         834M (81%)    
[8.191s][info][gc,heap     ] GC(16) y:  Promoted:         -                  -                 0M (0%)            0M (0%)     
[8.191s][info][gc,heap     ] GC(16) y: Compacted:         -                  -                  -                 0M (0%)     
[8.191s][info][gc,phases   ] GC(16) y: Young Generation 948M(93%)->148M(14%) 0.002s
[8.191s][info][gc          ] GC(16) Minor Collection (Allocation Rate) 948M(93%)->148M(14%) 0.003s
[8.259s][info][gc          ] GC(17) Minor Collection (Allocation Rate)
[8.259s][info][gc,task     ] GC(17) Using 3 Workers for Young Generation
[8.259s][info][gc,phases   ] GC(17) y: Young Generation
[8.259s][info][gc,phases   ] GC(17) y: Pause Mark Start 0.005ms
[8.260s][info][gc,phases   ] GC(17) y: Concurrent Mark 1.018ms
[8.260s][info][gc,phases   ] GC(17) y: Pause Mark End 0.005ms
[8.260s][info][gc,phases   ] GC(17) y: Concurrent Mark Free 0.000ms
[8.260s][info][gc,phases   ] GC(17) y: Concurrent Reset Relocation Set 0.000ms
[8.261s][info][gc,reloc    ] GC(17) y: Using tenuring threshold: 1 (Computed)
[8.261s][info][gc,phases   ] GC(17) y: Concurrent Select Relocation Set 1.045ms
[8.262s][info][gc,phases   ] GC(17) y: Pause Relocate Start 0.003ms
[8.262s][info][gc,phases   ] GC(17) y: Concurrent Relocate 0.080ms
[8.262s][info][gc,alloc    ] GC(17) y:                         Mark Start        Mark End      Relocate Start    Relocate End   
[8.262s][info][gc,alloc    ] GC(17) y: Allocation Stalls:          0                0                0                0         
[8.262s][info][gc,load     ] GC(17) y: Load: 3.48 (35%) / 3.13 (31%) / 3.18 (32%)
[8.262s][info][gc,mmu      ] GC(17) y: MMU: 2ms/99.0%, 5ms/99.5%, 10ms/99.7%, 20ms/99.7%, 50ms/99.8%, 100ms/99.9%
[8.262s][info][gc,marking  ] GC(17) y: Mark: 2 stripe(s), 2 proactive flush(es), 1 terminate flush(es), 0 completion(s), 0 continuation(s) 
[8.262s][info][gc,marking  ] GC(17) y: Mark Stack Usage: 32M
[8.262s][info][gc,nmethod  ] GC(17) y: NMethods: 1579 registered, 94 unregistered
[8.262s][info][gc,metaspace] GC(17) y: Metaspace: 9M used, 9M committed, 1088M reserved
[8.262s][info][gc,reloc    ] GC(17) y:                        Candidates     Selected     In-Place         Size        Empty    Relocated 
[8.262s][info][gc,reloc    ] GC(17) y: Small Pages:                    2            0            0           4M           2M           0M 
[8.262s][info][gc,reloc    ] GC(17) y: Medium Pages:                  27            0            0         864M         832M           0M 
[8.262s][info][gc,reloc    ] GC(17) y: Large Pages:                    0            0            0           0M           0M           0M 
[8.262s][info][gc,reloc    ] GC(17) y: Forwarding Usage: 0M
[8.262s][info][gc,reloc    ] GC(17) y: Age Table:
[8.262s][info][gc,reloc    ] GC(17) y:                    Live             Garbage             Small              Medium             Large        
[8.262s][info][gc,reloc    ] GC(17) y: Eden               0M (0%)          833M (81%)          1 / 0             26 / 0              0 / 0        
[8.262s][info][gc,reloc    ] GC(17) y: Survivor 1          -                34M (3%)           1 / 0              1 / 0              0 / 0        
[8.262s][info][gc,heap     ] GC(17) y: Min Capacity: 8M(1%)
[8.262s][info][gc,heap     ] GC(17) y: Max Capacity: 1024M(100%)
[8.262s][info][gc,heap     ] GC(17) y: Soft Max Capacity: 1024M(100%)
[8.262s][info][gc,heap     ] GC(17) y: Heap Statistics:
[8.262s][info][gc,heap     ] GC(17) y:                Mark Start          Mark End        Relocate Start      Relocate End           High               Low         
[8.262s][info][gc,heap     ] GC(17) y:  Capacity:     1024M (100%)       1024M (100%)       1024M (100%)       1024M (100%)       1024M (100%)       1024M (100%)   
[8.262s][info][gc,heap     ] GC(17) y:      Free:       76M (7%)           42M (4%)          876M (86%)         876M (86%)         876M (86%)          42M (4%)     
[8.262s][info][gc,heap     ] GC(17) y:      Used:      948M (93%)         982M (96%)         148M (14%)         148M (14%)         982M (96%)         148M (14%)    
[8.262s][info][gc,heap     ] GC(17) y: Young Generation Statistics:
[8.262s][info][gc,heap     ] GC(17) y:                Mark Start          Mark End        Relocate Start      Relocate End    
[8.262s][info][gc,heap     ] GC(17) y:      Used:      868M (85%)         902M (88%)          68M (7%)           68M (7%)     
[8.262s][info][gc,heap     ] GC(17) y:      Live:         -                 0M (0%)            0M (0%)            0M (0%)     
[8.262s][info][gc,heap     ] GC(17) y:   Garbage:         -               867M (85%)          33M (3%)           33M (3%)     
[8.262s][info][gc,heap     ] GC(17) y: Allocated:         -                34M (3%)           34M (3%)           34M (3%)     
[8.262s][info][gc,heap     ] GC(17) y: Reclaimed:         -                  -               834M (81%)         834M (81%)    
[8.262s][info][gc,heap     ] GC(17) y:  Promoted:         -                  -                 0M (0%)            0M (0%)     
[8.262s][info][gc,heap     ] GC(17) y: Compacted:         -                  -                  -                 0M (0%)     
[8.262s][info][gc,phases   ] GC(17) y: Young Generation 948M(93%)->148M(14%) 0.002s
[8.262s][info][gc          ] GC(17) Minor Collection (Allocation Rate) 948M(93%)->148M(14%) 0.003s
[8.329s][info][gc          ] GC(18) Minor Collection (Allocation Rate)
[8.330s][info][gc,task     ] GC(18) Using 3 Workers for Young Generation
[8.330s][info][gc,phases   ] GC(18) y: Young Generation
[8.330s][info][gc,phases   ] GC(18) y: Pause Mark Start 0.005ms
[8.331s][info][gc,phases   ] GC(18) y: Concurrent Mark 1.115ms
[8.331s][info][gc,phases   ] GC(18) y: Pause Mark End 0.006ms
[8.331s][info][gc,phases   ] GC(18) y: Concurrent Mark Free 0.000ms
[8.331s][info][gc,phases   ] GC(18) y: Concurrent Reset Relocation Set 0.000ms
[8.332s][info][gc,reloc    ] GC(18) y: Using tenuring threshold: 1 (Computed)
[8.332s][info][gc,phases   ] GC(18) y: Concurrent Select Relocation Set 1.049ms
[8.332s][info][gc,phases   ] GC(18) y: Pause Relocate Start 0.004ms
[8.332s][info][gc,phases   ] GC(18) y: Concurrent Relocate 0.031ms
[8.332s][info][gc,alloc    ] GC(18) y:                         Mark Start        Mark End      Relocate Start    Relocate End   
[8.332s][info][gc,alloc    ] GC(18) y: Allocation Stalls:          0                0                0                0         
[8.332s][info][gc,load     ] GC(18) y: Load: 3.48 (35%) / 3.13 (31%) / 3.18 (32%)
[8.332s][info][gc,mmu      ] GC(18) y: MMU: 2ms/99.0%, 5ms/99.5%, 10ms/99.7%, 20ms/99.7%, 50ms/99.8%, 100ms/99.9%
[8.332s][info][gc,marking  ] GC(18) y: Mark: 2 stripe(s), 2 proactive flush(es), 1 terminate flush(es), 0 completion(s), 0 continuation(s) 
[8.332s][info][gc,marking  ] GC(18) y: Mark Stack Usage: 32M
[8.332s][info][gc,nmethod  ] GC(18) y: NMethods: 1579 registered, 94 unregistered
[8.332s][info][gc,metaspace] GC(18) y: Metaspace: 9M used, 9M committed, 1088M reserved
[8.332s][info][gc,reloc    ] GC(18) y:                        Candidates     Selected     In-Place         Size        Empty    Relocated 
[8.332s][info][gc,reloc    ] GC(18) y: Small Pages:                    2            0            0           4M           2M           0M 
[8.332s][info][gc,reloc    ] GC(18) y: Medium Pages:                  27            0            0         864M         832M           0M 
[8.332s][info][gc,reloc    ] GC(18) y: Large Pages:                    0            0            0           0M           0M           0M 
[8.332s][info][gc,reloc    ] GC(18) y: Forwarding Usage: 0M
[8.332s][info][gc,reloc    ] GC(18) y: Age Table:
[8.332s][info][gc,reloc    ] GC(18) y:                    Live             Garbage             Small              Medium             Large        
[8.332s][info][gc,reloc    ] GC(18) y: Eden               0M (0%)          833M (81%)          1 / 0             26 / 0              0 / 0        
[8.332s][info][gc,reloc    ] GC(18) y: Survivor 1          -                34M (3%)           1 / 0              1 / 0              0 / 0        
[8.332s][info][gc,heap     ] GC(18) y: Min Capacity: 8M(1%)
[8.332s][info][gc,heap     ] GC(18) y: Max Capacity: 1024M(100%)
[8.332s][info][gc,heap     ] GC(18) y: Soft Max Capacity: 1024M(100%)
[8.332s][info][gc,heap     ] GC(18) y: Heap Statistics:
[8.332s][info][gc,heap     ] GC(18) y:                Mark Start          Mark End        Relocate Start      Relocate End           High               Low         
[8.332s][info][gc,heap     ] GC(18) y:  Capacity:     1024M (100%)       1024M (100%)       1024M (100%)       1024M (100%)       1024M (100%)       1024M (100%)   
[8.332s][info][gc,heap     ] GC(18) y:      Free:       76M (7%)           42M (4%)          876M (86%)         876M (86%)         876M (86%)          42M (4%)     
[8.332s][info][gc,heap     ] GC(18) y:      Used:      948M (93%)         982M (96%)         148M (14%)         148M (14%)         982M (96%)         148M (14%)    
[8.332s][info][gc,heap     ] GC(18) y: Young Generation Statistics:
[8.332s][info][gc,heap     ] GC(18) y:                Mark Start          Mark End        Relocate Start      Relocate End    
[8.332s][info][gc,heap     ] GC(18) y:      Used:      868M (85%)         902M (88%)          68M (7%)           68M (7%)     
[8.332s][info][gc,heap     ] GC(18) y:      Live:         -                 0M (0%)            0M (0%)            0M (0%)     
[8.332s][info][gc,heap     ] GC(18) y:   Garbage:         -               867M (85%)          33M (3%)           33M (3%)     
[8.332s][info][gc,heap     ] GC(18) y: Allocated:         -                34M (3%)           34M (3%)           34M (3%)     
[8.332s][info][gc,heap     ] GC(18) y: Reclaimed:         -                  -               834M (81%)         834M (81%)    
[8.332s][info][gc,heap     ] GC(18) y:  Promoted:         -                  -                 0M (0%)            0M (0%)     
[8.332s][info][gc,heap     ] GC(18) y: Compacted:         -                  -                  -                 0M (0%)     
[8.332s][info][gc,phases   ] GC(18) y: Young Generation 948M(93%)->148M(14%) 0.003s
[8.332s][info][gc          ] GC(18) Minor Collection (Allocation Rate) 948M(93%)->148M(14%) 0.003s
[8.401s][info][gc          ] GC(19) Minor Collection (Allocation Rate)
[8.401s][info][gc,task     ] GC(19) Using 3 Workers for Young Generation
[8.401s][info][gc,phases   ] GC(19) y: Young Generation
[8.401s][info][gc,phases   ] GC(19) y: Pause Mark Start 0.007ms
[8.402s][info][gc,phases   ] GC(19) y: Concurrent Mark 1.130ms
[8.402s][info][gc,phases   ] GC(19) y: Pause Mark End 0.005ms
[8.402s][info][gc,phases   ] GC(19) y: Concurrent Mark Free 0.000ms
[8.402s][info][gc,phases   ] GC(19) y: Concurrent Reset Relocation Set 0.000ms
[8.403s][info][gc,reloc    ] GC(19) y: Using tenuring threshold: 1 (Computed)
[8.403s][info][gc,phases   ] GC(19) y: Concurrent Select Relocation Set 1.092ms
[8.403s][info][gc,phases   ] GC(19) y: Pause Relocate Start 0.006ms
[8.403s][info][gc,phases   ] GC(19) y: Concurrent Relocate 0.082ms
[8.403s][info][gc,alloc    ] GC(19) y:                         Mark Start        Mark End      Relocate Start    Relocate End   
[8.403s][info][gc,alloc    ] GC(19) y: Allocation Stalls:          0                0                0                0         
[8.403s][info][gc,load     ] GC(19) y: Load: 3.48 (35%) / 3.13 (31%) / 3.18 (32%)
[8.403s][info][gc,mmu      ] GC(19) y: MMU: 2ms/99.0%, 5ms/99.5%, 10ms/99.7%, 20ms/99.7%, 50ms/99.8%, 100ms/99.9%
[8.403s][info][gc,marking  ] GC(19) y: Mark: 2 stripe(s), 2 proactive flush(es), 1 terminate flush(es), 0 completion(s), 0 continuation(s) 
[8.403s][info][gc,marking  ] GC(19) y: Mark Stack Usage: 32M
[8.403s][info][gc,nmethod  ] GC(19) y: NMethods: 1607 registered, 94 unregistered
[8.403s][info][gc,metaspace] GC(19) y: Metaspace: 9M used, 10M committed, 1088M reserved
[8.403s][info][gc,reloc    ] GC(19) y:                        Candidates     Selected     In-Place         Size        Empty    Relocated 
[8.403s][info][gc,reloc    ] GC(19) y: Small Pages:                    3            1            0           6M           2M           0M 
[8.403s][info][gc,reloc    ] GC(19) y: Medium Pages:                  27            0            0         864M         832M           0M 
[8.403s][info][gc,reloc    ] GC(19) y: Large Pages:                    0            0            0           0M           0M           0M 
[8.403s][info][gc,reloc    ] GC(19) y: Forwarding Usage: 0M
[8.403s][info][gc,reloc    ] GC(19) y: Age Table:
[8.403s][info][gc,reloc    ] GC(19) y:                    Live             Garbage             Small              Medium             Large        
[8.403s][info][gc,reloc    ] GC(19) y: Eden               0M (0%)          835M (82%)          2 / 1             26 / 0              0 / 0        
[8.403s][info][gc,reloc    ] GC(19) y: Survivor 1          -                34M (3%)           1 / 0              1 / 0              0 / 0        
[8.403s][info][gc,heap     ] GC(19) y: Min Capacity: 8M(1%)
[8.403s][info][gc,heap     ] GC(19) y: Max Capacity: 1024M(100%)
[8.403s][info][gc,heap     ] GC(19) y: Soft Max Capacity: 1024M(100%)
[8.403s][info][gc,heap     ] GC(19) y: Heap Statistics:
[8.403s][info][gc,heap     ] GC(19) y:                Mark Start          Mark End        Relocate Start      Relocate End           High               Low         
[8.403s][info][gc,heap     ] GC(19) y:  Capacity:     1024M (100%)       1024M (100%)       1024M (100%)       1024M (100%)       1024M (100%)       1024M (100%)   
[8.403s][info][gc,heap     ] GC(19) y:      Free:       74M (7%)           40M (4%)          874M (85%)         876M (86%)         876M (86%)          40M (4%)     
[8.403s][info][gc,heap     ] GC(19) y:      Used:      950M (93%)         984M (96%)         150M (15%)         148M (14%)         984M (96%)         148M (14%)    
[8.403s][info][gc,heap     ] GC(19) y: Young Generation Statistics:
[8.403s][info][gc,heap     ] GC(19) y:                Mark Start          Mark End        Relocate Start      Relocate End    
[8.403s][info][gc,heap     ] GC(19) y:      Used:      870M (85%)         904M (88%)          70M (7%)           68M (7%)     
[8.403s][info][gc,heap     ] GC(19) y:      Live:         -                 0M (0%)            0M (0%)            0M (0%)     
[8.403s][info][gc,heap     ] GC(19) y:   Garbage:         -               869M (85%)          35M (3%)           31M (3%)     
[8.403s][info][gc,heap     ] GC(19) y: Allocated:         -                34M (3%)           34M (3%)           35M (4%)     
[8.403s][info][gc,heap     ] GC(19) y: Reclaimed:         -                  -               834M (81%)         837M (82%)    
[8.403s][info][gc,heap     ] GC(19) y:  Promoted:         -                  -                 0M (0%)            0M (0%)     
[8.403s][info][gc,heap     ] GC(19) y: Compacted:         -                  -                  -                 0M (0%)     
[8.403s][info][gc,phases   ] GC(19) y: Young Generation 950M(93%)->148M(14%) 0.003s
[8.403s][info][gc          ] GC(19) Minor Collection (Allocation Rate) 950M(93%)->148M(14%) 0.003s
[8.471s][info][gc          ] GC(20) Minor Collection (Allocation Rate)
[8.471s][info][gc,task     ] GC(20) Using 3 Workers for Young Generation
[8.471s][info][gc,phases   ] GC(20) y: Young Generation
[8.471s][info][gc,phases   ] GC(20) y: Pause Mark Start 0.006ms
[8.472s][info][gc,phases   ] GC(20) y: Concurrent Mark 1.122ms
[8.472s][info][gc,phases   ] GC(20) y: Pause Mark End 0.004ms
[8.472s][info][gc,phases   ] GC(20) y: Concurrent Mark Free 0.000ms
[8.472s][info][gc,phases   ] GC(20) y: Concurrent Reset Relocation Set 0.001ms
[8.474s][info][gc,reloc    ] GC(20) y: Using tenuring threshold: 2 (Computed)
[8.474s][info][gc,phases   ] GC(20) y: Concurrent Select Relocation Set 1.167ms
[8.474s][info][gc,phases   ] GC(20) y: Pause Relocate Start 0.005ms
[8.474s][info][gc,phases   ] GC(20) y: Concurrent Relocate 0.084ms
[8.474s][info][gc,alloc    ] GC(20) y:                         Mark Start        Mark End      Relocate Start    Relocate End   
[8.474s][info][gc,alloc    ] GC(20) y: Allocation Stalls:          0                0                0                0         
[8.474s][info][gc,load     ] GC(20) y: Load: 3.48 (35%) / 3.13 (31%) / 3.18 (32%)
[8.474s][info][gc,mmu      ] GC(20) y: MMU: 2ms/99.0%, 5ms/99.5%, 10ms/99.7%, 20ms/99.7%, 50ms/99.8%, 100ms/99.9%
[8.474s][info][gc,marking  ] GC(20) y: Mark: 2 stripe(s), 2 proactive flush(es), 1 terminate flush(es), 0 completion(s), 0 continuation(s) 
[8.474s][info][gc,marking  ] GC(20) y: Mark Stack Usage: 32M
[8.474s][info][gc,nmethod  ] GC(20) y: NMethods: 1607 registered, 94 unregistered
[8.474s][info][gc,metaspace] GC(20) y: Metaspace: 9M used, 10M committed, 1088M reserved
[8.474s][info][gc,reloc    ] GC(20) y:                        Candidates     Selected     In-Place         Size        Empty    Relocated 
[8.474s][info][gc,reloc    ] GC(20) y: Small Pages:                    2            1            0           4M           0M           0M 
[8.474s][info][gc,reloc    ] GC(20) y: Medium Pages:                  26            0            0         832M         800M           0M 
[8.474s][info][gc,reloc    ] GC(20) y: Large Pages:                    0            0            0           0M           0M           0M 
[8.474s][info][gc,reloc    ] GC(20) y: Forwarding Usage: 0M
[8.474s][info][gc,reloc    ] GC(20) y: Age Table:
[8.474s][info][gc,reloc    ] GC(20) y:                    Live             Garbage             Small              Medium             Large        
[8.474s][info][gc,reloc    ] GC(20) y: Eden               0M (0%)          801M (78%)          1 / 0             25 / 0              0 / 0        
[8.474s][info][gc,reloc    ] GC(20) y: Survivor 1         0M (0%)           33M (3%)           1 / 1              1 / 0              0 / 0        
[8.474s][info][gc,heap     ] GC(20) y: Min Capacity: 8M(1%)
[8.474s][info][gc,heap     ] GC(20) y: Max Capacity: 1024M(100%)
[8.474s][info][gc,heap     ] GC(20) y: Soft Max Capacity: 1024M(100%)
[8.474s][info][gc,heap     ] GC(20) y: Heap Statistics:
[8.474s][info][gc,heap     ] GC(20) y:                Mark Start          Mark End        Relocate Start      Relocate End           High               Low         
[8.474s][info][gc,heap     ] GC(20) y:  Capacity:     1024M (100%)       1024M (100%)       1024M (100%)       1024M (100%)       1024M (100%)       1024M (100%)   
[8.474s][info][gc,heap     ] GC(20) y:      Free:      108M (11%)          74M (7%)          874M (85%)         874M (85%)         874M (85%)          74M (7%)     
[8.474s][info][gc,heap     ] GC(20) y:      Used:      916M (89%)         950M (93%)         150M (15%)         150M (15%)         950M (93%)         150M (15%)    
[8.474s][info][gc,heap     ] GC(20) y: Young Generation Statistics:
[8.474s][info][gc,heap     ] GC(20) y:                Mark Start          Mark End        Relocate Start      Relocate End    
[8.474s][info][gc,heap     ] GC(20) y:      Used:      836M (82%)         870M (85%)          70M (7%)           70M (7%)     
[8.474s][info][gc,heap     ] GC(20) y:      Live:         -                 0M (0%)            0M (0%)            0M (0%)     
[8.474s][info][gc,heap     ] GC(20) y:   Garbage:         -               835M (82%)          35M (3%)           31M (3%)     
[8.474s][info][gc,heap     ] GC(20) y: Allocated:         -                34M (3%)           34M (3%)           37M (4%)     
[8.474s][info][gc,heap     ] GC(20) y: Reclaimed:         -                  -               800M (78%)         803M (79%)    
[8.474s][info][gc,heap     ] GC(20) y:  Promoted:         -                  -                 0M (0%)            0M (0%)     
[8.474s][info][gc,heap     ] GC(20) y: Compacted:         -                  -                  -                 0M (0%)     
[8.474s][info][gc,phases   ] GC(20) y: Young Generation 916M(89%)->150M(15%) 0.003s
[8.474s][info][gc          ] GC(20) Minor Collection (Allocation Rate) 916M(89%)->150M(15%) 0.003s
[8.538s][info][gc          ] GC(21) Minor Collection (Allocation Rate)
[8.538s][info][gc,task     ] GC(21) Using 3 Workers for Young Generation
[8.538s][info][gc,phases   ] GC(21) y: Young Generation
[8.538s][info][gc,phases   ] GC(21) y: Pause Mark Start 0.004ms
[8.539s][info][gc,phases   ] GC(21) y: Concurrent Mark 1.166ms
[8.539s][info][gc,phases   ] GC(21) y: Pause Mark End 0.005ms
[8.539s][info][gc,phases   ] GC(21) y: Concurrent Mark Free 0.000ms
[8.539s][info][gc,phases   ] GC(21) y: Concurrent Reset Relocation Set 0.001ms
[8.540s][info][gc,reloc    ] GC(21) y: Using tenuring threshold: 3 (Computed)
[8.540s][info][gc,phases   ] GC(21) y: Concurrent Select Relocation Set 1.057ms
[8.540s][info][gc,phases   ] GC(21) y: Pause Relocate Start 0.009ms
[8.540s][info][gc,phases   ] GC(21) y: Concurrent Relocate 0.082ms
[8.540s][info][gc,alloc    ] GC(21) y:                         Mark Start        Mark End      Relocate Start    Relocate End   
[8.540s][info][gc,alloc    ] GC(21) y: Allocation Stalls:          0                0                0                0         
[8.540s][info][gc,load     ] GC(21) y: Load: 3.36 (34%) / 3.11 (31%) / 3.17 (32%)
[8.540s][info][gc,mmu      ] GC(21) y: MMU: 2ms/99.0%, 5ms/99.5%, 10ms/99.7%, 20ms/99.7%, 50ms/99.8%, 100ms/99.9%
[8.540s][info][gc,marking  ] GC(21) y: Mark: 2 stripe(s), 2 proactive flush(es), 1 terminate flush(es), 0 completion(s), 0 continuation(s) 
[8.540s][info][gc,marking  ] GC(21) y: Mark Stack Usage: 32M
[8.540s][info][gc,nmethod  ] GC(21) y: NMethods: 1607 registered, 94 unregistered
[8.540s][info][gc,metaspace] GC(21) y: Metaspace: 9M used, 10M committed, 1088M reserved
[8.540s][info][gc,reloc    ] GC(21) y:                        Candidates     Selected     In-Place         Size        Empty    Relocated 
[8.540s][info][gc,reloc    ] GC(21) y: Small Pages:                    3            1            0           6M           2M           0M 
[8.540s][info][gc,reloc    ] GC(21) y: Medium Pages:                  26            0            0         832M         800M           0M 
[8.540s][info][gc,reloc    ] GC(21) y: Large Pages:                    0            0            0           0M           0M           0M 
[8.540s][info][gc,reloc    ] GC(21) y: Forwarding Usage: 0M
[8.540s][info][gc,reloc    ] GC(21) y: Age Table:
[8.540s][info][gc,reloc    ] GC(21) y:                    Live             Garbage             Small              Medium             Large        
[8.540s][info][gc,reloc    ] GC(21) y: Eden               0M (0%)          801M (78%)          1 / 0             25 / 0              0 / 0        
[8.540s][info][gc,reloc    ] GC(21) y: Survivor 1          -                34M (3%)           1 / 0              1 / 0              0 / 0        
[8.540s][info][gc,reloc    ] GC(21) y: Survivor 2         0M (0%)            1M (0%)           1 / 1              0 / 0              0 / 0        
[8.540s][info][gc,heap     ] GC(21) y: Min Capacity: 8M(1%)
[8.540s][info][gc,heap     ] GC(21) y: Max Capacity: 1024M(100%)
[8.540s][info][gc,heap     ] GC(21) y: Soft Max Capacity: 1024M(100%)
[8.540s][info][gc,heap     ] GC(21) y: Heap Statistics:
[8.540s][info][gc,heap     ] GC(21) y:                Mark Start          Mark End        Relocate Start      Relocate End           High               Low         
[8.540s][info][gc,heap     ] GC(21) y:  Capacity:     1024M (100%)       1024M (100%)       1024M (100%)       1024M (100%)       1024M (100%)       1024M (100%)   
[8.540s][info][gc,heap     ] GC(21) y:      Free:      106M (10%)          72M (7%)          874M (85%)         874M (85%)         874M (85%)          72M (7%)     
[8.540s][info][gc,heap     ] GC(21) y:      Used:      918M (90%)         952M (93%)         150M (15%)         150M (15%)         952M (93%)         150M (15%)    
[8.540s][info][gc,heap     ] GC(21) y: Young Generation Statistics:
[8.540s][info][gc,heap     ] GC(21) y:                Mark Start          Mark End        Relocate Start      Relocate End    
[8.540s][info][gc,heap     ] GC(21) y:      Used:      838M (82%)         872M (85%)          70M (7%)           70M (7%)     
[8.540s][info][gc,heap     ] GC(21) y:      Live:         -                 0M (0%)            0M (0%)            0M (0%)     
[8.541s][info][gc,heap     ] GC(21) y:   Garbage:         -               837M (82%)          35M (3%)           31M (3%)     
[8.541s][info][gc,heap     ] GC(21) y: Allocated:         -                34M (3%)           34M (3%)           37M (4%)     
[8.541s][info][gc,heap     ] GC(21) y: Reclaimed:         -                  -               802M (78%)         805M (79%)    
[8.541s][info][gc,heap     ] GC(21) y:  Promoted:         -                  -                 0M (0%)            0M (0%)     
[8.541s][info][gc,heap     ] GC(21) y: Compacted:         -                  -                  -                 0M (0%)     
[8.541s][info][gc,phases   ] GC(21) y: Young Generation 918M(90%)->150M(15%) 0.003s
[8.541s][info][gc          ] GC(21) Minor Collection (Allocation Rate) 918M(90%)->150M(15%) 0.003s
[8.600s][info][gc          ] GC(22) Minor Collection (Allocation Rate)
[8.600s][info][gc,task     ] GC(22) Using 1 Workers for Young Generation
[8.600s][info][gc,phases   ] GC(22) y: Young Generation
[8.600s][info][gc,phases   ] GC(22) y: Pause Mark Start 0.005ms
[8.603s][info][gc,phases   ] GC(22) y: Concurrent Mark 3.010ms
[8.603s][info][gc,phases   ] GC(22) y: Pause Mark End 0.006ms
[8.603s][info][gc,phases   ] GC(22) y: Concurrent Mark Free 0.000ms
[8.603s][info][gc,phases   ] GC(22) y: Concurrent Reset Relocation Set 0.001ms
[8.604s][info][gc,reloc    ] GC(22) y: Using tenuring threshold: 4 (Computed)
[8.604s][info][gc,phases   ] GC(22) y: Concurrent Select Relocation Set 1.151ms
[8.604s][info][gc,phases   ] GC(22) y: Pause Relocate Start 0.006ms
[8.605s][info][gc,phases   ] GC(22) y: Concurrent Relocate 0.071ms
[8.605s][info][gc,alloc    ] GC(22) y:                         Mark Start        Mark End      Relocate Start    Relocate End   
[8.605s][info][gc,alloc    ] GC(22) y: Allocation Stalls:          0                0                0                0         
[8.605s][info][gc,load     ] GC(22) y: Load: 3.36 (34%) / 3.11 (31%) / 3.17 (32%)
[8.605s][info][gc,mmu      ] GC(22) y: MMU: 2ms/99.0%, 5ms/99.5%, 10ms/99.7%, 20ms/99.7%, 50ms/99.8%, 100ms/99.9%
[8.605s][info][gc,marking  ] GC(22) y: Mark: 1 stripe(s), 2 proactive flush(es), 1 terminate flush(es), 0 completion(s), 0 continuation(s) 
[8.605s][info][gc,marking  ] GC(22) y: Mark Stack Usage: 32M
[8.605s][info][gc,nmethod  ] GC(22) y: NMethods: 1607 registered, 94 unregistered
[8.605s][info][gc,metaspace] GC(22) y: Metaspace: 9M used, 10M committed, 1088M reserved
[8.605s][info][gc,reloc    ] GC(22) y:                        Candidates     Selected     In-Place         Size        Empty    Relocated 
[8.605s][info][gc,reloc    ] GC(22) y: Small Pages:                    3            1            0           6M           2M           0M 
[8.605s][info][gc,reloc    ] GC(22) y: Medium Pages:                  24            0            0         768M         736M           0M 
[8.605s][info][gc,reloc    ] GC(22) y: Large Pages:                    0            0            0           0M           0M           0M 
[8.605s][info][gc,reloc    ] GC(22) y: Forwarding Usage: 0M
[8.605s][info][gc,reloc    ] GC(22) y: Age Table:
[8.605s][info][gc,reloc    ] GC(22) y:                    Live             Garbage             Small              Medium             Large        
[8.605s][info][gc,reloc    ] GC(22) y: Eden               0M (0%)          737M (72%)          1 / 0             23 / 0              0 / 0        
[8.605s][info][gc,reloc    ] GC(22) y: Survivor 1          -                34M (3%)           1 / 0              1 / 0              0 / 0        
[8.605s][info][gc,reloc    ] GC(22) y: Survivor 2          -                 0M (0%)           0 / 0              0 / 0              0 / 0        
[8.605s][info][gc,reloc    ] GC(22) y: Survivor 3         0M (0%)            1M (0%)           1 / 1              0 / 0              0 / 0        
[8.605s][info][gc,heap     ] GC(22) y: Min Capacity: 8M(1%)
[8.605s][info][gc,heap     ] GC(22) y: Max Capacity: 1024M(100%)
[8.605s][info][gc,heap     ] GC(22) y: Soft Max Capacity: 1024M(100%)
[8.605s][info][gc,heap     ] GC(22) y: Heap Statistics:
[8.605s][info][gc,heap     ] GC(22) y:                Mark Start          Mark End        Relocate Start      Relocate End           High               Low         
[8.605s][info][gc,heap     ] GC(22) y:  Capacity:     1024M (100%)       1024M (100%)       1024M (100%)       1024M (100%)       1024M (100%)       1024M (100%)   
[8.605s][info][gc,heap     ] GC(22) y:      Free:      170M (17%)         136M (13%)         842M (82%)         842M (82%)         842M (82%)         104M (10%)    
[8.605s][info][gc,heap     ] GC(22) y:      Used:      854M (83%)         888M (87%)         182M (18%)         182M (18%)         920M (90%)         182M (18%)    
[8.605s][info][gc,heap     ] GC(22) y: Young Generation Statistics:
[8.605s][info][gc,heap     ] GC(22) y:                Mark Start          Mark End        Relocate Start      Relocate End    
[8.605s][info][gc,heap     ] GC(22) y:      Used:      774M (76%)         808M (79%)         102M (10%)         102M (10%)    
[8.605s][info][gc,heap     ] GC(22) y:      Live:         -                 0M (0%)            0M (0%)            0M (0%)     
[8.605s][info][gc,heap     ] GC(22) y:   Garbage:         -               773M (76%)          35M (3%)           31M (3%)     
[8.605s][info][gc,heap     ] GC(22) y: Allocated:         -                34M (3%)           66M (6%)           69M (7%)     
[8.605s][info][gc,heap     ] GC(22) y: Reclaimed:         -                  -               738M (72%)         741M (72%)    
[8.605s][info][gc,heap     ] GC(22) y:  Promoted:         -                  -                 0M (0%)            0M (0%)     
[8.605s][info][gc,heap     ] GC(22) y: Compacted:         -                  -                  -                 0M (0%)     
[8.605s][info][gc,phases   ] GC(22) y: Young Generation 854M(83%)->182M(18%) 0.005s
[8.605s][info][gc          ] GC(22) Minor Collection (Allocation Rate) 854M(83%)->182M(18%) 0.005s
[8.668s][info][gc          ] GC(23) Minor Collection (Allocation Rate)
[8.668s][info][gc,task     ] GC(23) Using 3 Workers for Young Generation
[8.668s][info][gc,phases   ] GC(23) y: Young Generation
[8.668s][info][gc,phases   ] GC(23) y: Pause Mark Start 0.006ms
[8.669s][info][gc,phases   ] GC(23) y: Concurrent Mark 1.120ms
[8.669s][info][gc,phases   ] GC(23) y: Pause Mark End 0.006ms
[8.669s][info][gc,phases   ] GC(23) y: Concurrent Mark Free 0.000ms
[8.669s][info][gc,phases   ] GC(23) y: Concurrent Reset Relocation Set 0.001ms
[8.670s][info][gc,reloc    ] GC(23) y: Using tenuring threshold: 5 (Computed)
[8.670s][info][gc,phases   ] GC(23) y: Concurrent Select Relocation Set 1.082ms
[8.670s][info][gc,phases   ] GC(23) y: Pause Relocate Start 0.005ms
[8.670s][info][gc,phases   ] GC(23) y: Concurrent Relocate 0.077ms
[8.670s][info][gc,alloc    ] GC(23) y:                         Mark Start        Mark End      Relocate Start    Relocate End   
[8.670s][info][gc,alloc    ] GC(23) y: Allocation Stalls:          0                0                0                0         
[8.670s][info][gc,load     ] GC(23) y: Load: 3.36 (34%) / 3.11 (31%) / 3.17 (32%)
[8.670s][info][gc,mmu      ] GC(23) y: MMU: 2ms/99.0%, 5ms/99.5%, 10ms/99.7%, 20ms/99.7%, 50ms/99.8%, 100ms/99.9%
[8.670s][info][gc,marking  ] GC(23) y: Mark: 2 stripe(s), 2 proactive flush(es), 1 terminate flush(es), 0 completion(s), 0 continuation(s) 
[8.670s][info][gc,marking  ] GC(23) y: Mark Stack Usage: 32M
[8.670s][info][gc,nmethod  ] GC(23) y: NMethods: 1607 registered, 94 unregistered
[8.670s][info][gc,metaspace] GC(23) y: Metaspace: 9M used, 10M committed, 1088M reserved
[8.670s][info][gc,reloc    ] GC(23) y:                        Candidates     Selected     In-Place         Size        Empty    Relocated 
[8.670s][info][gc,reloc    ] GC(23) y: Small Pages:                    3            1            0           6M           2M           0M 
[8.670s][info][gc,reloc    ] GC(23) y: Medium Pages:                  26            0            0         832M         800M           0M 
[8.670s][info][gc,reloc    ] GC(23) y: Large Pages:                    0            0            0           0M           0M           0M 
[8.670s][info][gc,reloc    ] GC(23) y: Forwarding Usage: 0M
[8.670s][info][gc,reloc    ] GC(23) y: Age Table:
[8.670s][info][gc,reloc    ] GC(23) y:                    Live             Garbage             Small              Medium             Large        
[8.670s][info][gc,reloc    ] GC(23) y: Eden               0M (0%)          801M (78%)          1 / 0             25 / 0              0 / 0        
[8.670s][info][gc,reloc    ] GC(23) y: Survivor 1          -                34M (3%)           1 / 0              1 / 0              0 / 0        
[8.670s][info][gc,reloc    ] GC(23) y: Survivor 2          -                 0M (0%)           0 / 0              0 / 0              0 / 0        
[8.670s][info][gc,reloc    ] GC(23) y: Survivor 3          -                 0M (0%)           0 / 0              0 / 0              0 / 0        
[8.670s][info][gc,reloc    ] GC(23) y: Survivor 4         0M (0%)            1M (0%)           1 / 1              0 / 0              0 / 0        
[8.670s][info][gc,heap     ] GC(23) y: Min Capacity: 8M(1%)
[8.670s][info][gc,heap     ] GC(23) y: Max Capacity: 1024M(100%)
[8.670s][info][gc,heap     ] GC(23) y: Soft Max Capacity: 1024M(100%)
[8.670s][info][gc,heap     ] GC(23) y: Heap Statistics:
[8.670s][info][gc,heap     ] GC(23) y:                Mark Start          Mark End        Relocate Start      Relocate End           High               Low         
[8.670s][info][gc,heap     ] GC(23) y:  Capacity:     1024M (100%)       1024M (100%)       1024M (100%)       1024M (100%)       1024M (100%)       1024M (100%)   
[8.670s][info][gc,heap     ] GC(23) y:      Free:      106M (10%)          72M (7%)          874M (85%)         874M (85%)         874M (85%)          72M (7%)     
[8.671s][info][gc,heap     ] GC(23) y:      Used:      918M (90%)         952M (93%)         150M (15%)         150M (15%)         952M (93%)         150M (15%)    
[8.671s][info][gc,heap     ] GC(23) y: Young Generation Statistics:
[8.671s][info][gc,heap     ] GC(23) y:                Mark Start          Mark End        Relocate Start      Relocate End    
[8.671s][info][gc,heap     ] GC(23) y:      Used:      838M (82%)         872M (85%)          70M (7%)           70M (7%)     
[8.671s][info][gc,heap     ] GC(23) y:      Live:         -                 0M (0%)            0M (0%)            0M (0%)     
[8.671s][info][gc,heap     ] GC(23) y:   Garbage:         -               837M (82%)          35M (3%)           31M (3%)     
[8.671s][info][gc,heap     ] GC(23) y: Allocated:         -                34M (3%)           34M (3%)           37M (4%)     
[8.671s][info][gc,heap     ] GC(23) y: Reclaimed:         -                  -               802M (78%)         805M (79%)    
[8.671s][info][gc,heap     ] GC(23) y:  Promoted:         -                  -                 0M (0%)            0M (0%)     
[8.671s][info][gc,heap     ] GC(23) y: Compacted:         -                  -                  -                 0M (0%)     
[8.671s][info][gc,phases   ] GC(23) y: Young Generation 918M(90%)->150M(15%) 0.003s
[8.671s][info][gc          ] GC(23) Minor Collection (Allocation Rate) 918M(90%)->150M(15%) 0.003s
[8.736s][info][gc          ] GC(24) Minor Collection (Allocation Rate)
[8.736s][info][gc,task     ] GC(24) Using 3 Workers for Young Generation
[8.736s][info][gc,phases   ] GC(24) y: Young Generation
[8.736s][info][gc,phases   ] GC(24) y: Pause Mark Start 0.004ms
[8.737s][info][gc,phases   ] GC(24) y: Concurrent Mark 1.112ms
[8.738s][info][gc,phases   ] GC(24) y: Pause Mark End 0.005ms
[8.738s][info][gc,phases   ] GC(24) y: Concurrent Mark Free 0.000ms
[8.738s][info][gc,phases   ] GC(24) y: Concurrent Reset Relocation Set 0.001ms
[8.739s][info][gc,reloc    ] GC(24) y: Using tenuring threshold: 6 (Computed)
[8.739s][info][gc,phases   ] GC(24) y: Concurrent Select Relocation Set 1.104ms
[8.739s][info][gc,phases   ] GC(24) y: Pause Relocate Start 0.003ms
[8.739s][info][gc,phases   ] GC(24) y: Concurrent Relocate 0.075ms
[8.739s][info][gc,alloc    ] GC(24) y:                         Mark Start        Mark End      Relocate Start    Relocate End   
[8.739s][info][gc,alloc    ] GC(24) y: Allocation Stalls:          0                0                0                0         
[8.739s][info][gc,load     ] GC(24) y: Load: 3.36 (34%) / 3.11 (31%) / 3.17 (32%)
[8.739s][info][gc,mmu      ] GC(24) y: MMU: 2ms/99.0%, 5ms/99.5%, 10ms/99.7%, 20ms/99.7%, 50ms/99.8%, 100ms/99.9%
[8.739s][info][gc,marking  ] GC(24) y: Mark: 2 stripe(s), 2 proactive flush(es), 1 terminate flush(es), 0 completion(s), 0 continuation(s) 
[8.739s][info][gc,marking  ] GC(24) y: Mark Stack Usage: 32M
[8.739s][info][gc,nmethod  ] GC(24) y: NMethods: 1607 registered, 94 unregistered
[8.739s][info][gc,metaspace] GC(24) y: Metaspace: 9M used, 10M committed, 1088M reserved
[8.739s][info][gc,reloc    ] GC(24) y:                        Candidates     Selected     In-Place         Size        Empty    Relocated 
[8.739s][info][gc,reloc    ] GC(24) y: Small Pages:                    3            1            0           6M           2M           0M 
[8.739s][info][gc,reloc    ] GC(24) y: Medium Pages:                  26            0            0         832M         800M           0M 
[8.739s][info][gc,reloc    ] GC(24) y: Large Pages:                    0            0            0           0M           0M           0M 
[8.739s][info][gc,reloc    ] GC(24) y: Forwarding Usage: 0M
[8.739s][info][gc,reloc    ] GC(24) y: Age Table:
[8.739s][info][gc,reloc    ] GC(24) y:                    Live             Garbage             Small              Medium             Large        
[8.739s][info][gc,reloc    ] GC(24) y: Eden               0M (0%)          801M (78%)          1 / 0             25 / 0              0 / 0        
[8.739s][info][gc,reloc    ] GC(24) y: Survivor 1          -                34M (3%)           1 / 0              1 / 0              0 / 0        
[8.739s][info][gc,reloc    ] GC(24) y: Survivor 2          -                 0M (0%)           0 / 0              0 / 0              0 / 0        
[8.739s][info][gc,reloc    ] GC(24) y: Survivor 3          -                 0M (0%)           0 / 0              0 / 0              0 / 0        
[8.739s][info][gc,reloc    ] GC(24) y: Survivor 4          -                 0M (0%)           0 / 0              0 / 0              0 / 0        
[8.739s][info][gc,reloc    ] GC(24) y: Survivor 5         0M (0%)            1M (0%)           1 / 1              0 / 0              0 / 0        
[8.739s][info][gc,heap     ] GC(24) y: Min Capacity: 8M(1%)
[8.739s][info][gc,heap     ] GC(24) y: Max Capacity: 1024M(100%)
[8.739s][info][gc,heap     ] GC(24) y: Soft Max Capacity: 1024M(100%)
[8.739s][info][gc,heap     ] GC(24) y: Heap Statistics:
[8.739s][info][gc,heap     ] GC(24) y:                Mark Start          Mark End        Relocate Start      Relocate End           High               Low         
[8.739s][info][gc,heap     ] GC(24) y:  Capacity:     1024M (100%)       1024M (100%)       1024M (100%)       1024M (100%)       1024M (100%)       1024M (100%)   
[8.739s][info][gc,heap     ] GC(24) y:      Free:      106M (10%)          72M (7%)          874M (85%)         874M (85%)         874M (85%)          72M (7%)     
[8.739s][info][gc,heap     ] GC(24) y:      Used:      918M (90%)         952M (93%)         150M (15%)         150M (15%)         952M (93%)         150M (15%)    
[8.739s][info][gc,heap     ] GC(24) y: Young Generation Statistics:
[8.739s][info][gc,heap     ] GC(24) y:                Mark Start          Mark End        Relocate Start      Relocate End    
[8.739s][info][gc,heap     ] GC(24) y:      Used:      838M (82%)         872M (85%)          70M (7%)           70M (7%)     
[8.739s][info][gc,heap     ] GC(24) y:      Live:         -                 0M (0%)            0M (0%)            0M (0%)     
[8.739s][info][gc,heap     ] GC(24) y:   Garbage:         -               837M (82%)          35M (3%)           31M (3%)     
[8.739s][info][gc,heap     ] GC(24) y: Allocated:         -                34M (3%)           34M (3%)           37M (4%)     
[8.739s][info][gc,heap     ] GC(24) y: Reclaimed:         -                  -               802M (78%)         805M (79%)    
[8.739s][info][gc,heap     ] GC(24) y:  Promoted:         -                  -                 0M (0%)            0M (0%)     
[8.739s][info][gc,heap     ] GC(24) y: Compacted:         -                  -                  -                 0M (0%)     
[8.739s][info][gc,phases   ] GC(24) y: Young Generation 918M(90%)->150M(15%) 0.003s
[8.739s][info][gc          ] GC(24) Minor Collection (Allocation Rate) 918M(90%)->150M(15%) 0.003s
[8.751s][info][gc          ] GC(25) Major Collection (Proactive)
[8.751s][info][gc,task     ] GC(25) Using 1 Workers for Young Generation
[8.751s][info][gc,task     ] GC(25) Using 1 Workers for Old Generation
[8.751s][info][gc,phases   ] GC(25) Y: Young Generation
[8.751s][info][gc,phases   ] GC(25) Y: Pause Mark Start (Major) 0.006ms
[8.753s][info][gc,phases   ] GC(25) Y: Concurrent Mark 2.339ms
[8.753s][info][gc,phases   ] GC(25) Y: Pause Mark End 0.007ms
[8.753s][info][gc,phases   ] GC(25) Y: Concurrent Mark Free 0.000ms
[8.753s][info][gc,phases   ] GC(25) Y: Concurrent Reset Relocation Set 0.004ms
[8.754s][info][gc,reloc    ] GC(25) Y: Using tenuring threshold: 7 (Computed)
[8.754s][info][gc,phases   ] GC(25) Y: Concurrent Select Relocation Set 1.025ms
[8.754s][info][gc,phases   ] GC(25) Y: Pause Relocate Start 0.004ms
[8.754s][info][gc,phases   ] GC(25) Y: Concurrent Relocate 0.059ms
[8.754s][info][gc,alloc    ] GC(25) Y:                         Mark Start        Mark End      Relocate Start    Relocate End   
[8.754s][info][gc,alloc    ] GC(25) Y: Allocation Stalls:          0                0                0                0         
[8.755s][info][gc,load     ] GC(25) Y: Load: 3.36 (34%) / 3.11 (31%) / 3.17 (32%)
[8.755s][info][gc,mmu      ] GC(25) Y: MMU: 2ms/99.0%, 5ms/99.5%, 10ms/99.7%, 20ms/99.7%, 50ms/99.8%, 100ms/99.9%
[8.755s][info][gc,marking  ] GC(25) Y: Mark: 1 stripe(s), 2 proactive flush(es), 1 terminate flush(es), 0 completion(s), 0 continuation(s) 
[8.755s][info][gc,marking  ] GC(25) Y: Mark Stack Usage: 32M
[8.755s][info][gc,nmethod  ] GC(25) Y: NMethods: 1607 registered, 94 unregistered
[8.755s][info][gc,metaspace] GC(25) Y: Metaspace: 9M used, 10M committed, 1088M reserved
[8.755s][info][gc,reloc    ] GC(25) Y:                        Candidates     Selected     In-Place         Size        Empty    Relocated 
[8.755s][info][gc,reloc    ] GC(25) Y: Small Pages:                    3            1            0           6M           2M           0M 
[8.755s][info][gc,reloc    ] GC(25) Y: Medium Pages:                   7            0            0         224M         192M           0M 
[8.755s][info][gc,reloc    ] GC(25) Y: Large Pages:                    0            0            0           0M           0M           0M 
[8.755s][info][gc,reloc    ] GC(25) Y: Forwarding Usage: 0M
[8.755s][info][gc,reloc    ] GC(25) Y: Age Table:
[8.755s][info][gc,reloc    ] GC(25) Y:                    Live             Garbage             Small              Medium             Large        
[8.755s][info][gc,reloc    ] GC(25) Y: Eden               0M (0%)          193M (19%)          1 / 0              6 / 0              0 / 0        
[8.755s][info][gc,reloc    ] GC(25) Y: Survivor 1          -                34M (3%)           1 / 0              1 / 0              0 / 0        
[8.755s][info][gc,reloc    ] GC(25) Y: Survivor 2          -                 0M (0%)           0 / 0              0 / 0              0 / 0        
[8.755s][info][gc,reloc    ] GC(25) Y: Survivor 3          -                 0M (0%)           0 / 0              0 / 0              0 / 0        
[8.755s][info][gc,reloc    ] GC(25) Y: Survivor 4          -                 0M (0%)           0 / 0              0 / 0              0 / 0        
[8.755s][info][gc,reloc    ] GC(25) Y: Survivor 5          -                 0M (0%)           0 / 0              0 / 0              0 / 0        
[8.755s][info][gc,reloc    ] GC(25) Y: Survivor 6         0M (0%)            1M (0%)           1 / 1              0 / 0              0 / 0        
[8.755s][info][gc,heap     ] GC(25) Y: Min Capacity: 8M(1%)
[8.755s][info][gc,heap     ] GC(25) Y: Max Capacity: 1024M(100%)
[8.755s][info][gc,heap     ] GC(25) Y: Soft Max Capacity: 1024M(100%)
[8.755s][info][gc,heap     ] GC(25) Y: Heap Statistics:
[8.755s][info][gc,heap     ] GC(25) Y:                Mark Start          Mark End        Relocate Start      Relocate End           High               Low         
[8.755s][info][gc,heap     ] GC(25) Y:  Capacity:     1024M (100%)       1024M (100%)       1024M (100%)       1024M (100%)       1024M (100%)       1024M (100%)   
[8.755s][info][gc,heap     ] GC(25) Y:      Free:      714M (70%)         680M (66%)         842M (82%)         842M (82%)         842M (82%)         648M (63%)    
[8.755s][info][gc,heap     ] GC(25) Y:      Used:      310M (30%)         344M (34%)         182M (18%)         182M (18%)         376M (37%)         182M (18%)    
[8.755s][info][gc,heap     ] GC(25) Y: Young Generation Statistics:
[8.755s][info][gc,heap     ] GC(25) Y:                Mark Start          Mark End        Relocate Start      Relocate End    
[8.755s][info][gc,heap     ] GC(25) Y:      Used:      230M (22%)         264M (26%)         102M (10%)         102M (10%)    
[8.755s][info][gc,heap     ] GC(25) Y:      Live:         -                 0M (0%)            0M (0%)            0M (0%)     
[8.755s][info][gc,heap     ] GC(25) Y:   Garbage:         -               229M (22%)          35M (3%)           31M (3%)     
[8.755s][info][gc,heap     ] GC(25) Y: Allocated:         -                34M (3%)           66M (6%)           69M (7%)     
[8.755s][info][gc,heap     ] GC(25) Y: Reclaimed:         -                  -               194M (19%)         197M (19%)    
[8.755s][info][gc,heap     ] GC(25) Y:  Promoted:         -                  -                 0M (0%)            0M (0%)     
[8.755s][info][gc,heap     ] GC(25) Y: Compacted:         -                  -                  -                 0M (0%)     
[8.755s][info][gc,phases   ] GC(25) Y: Young Generation 310M(30%)->182M(18%) 0.004s
[8.755s][info][gc,phases   ] GC(25) O: Old Generation
[8.760s][info][gc,phases   ] GC(25) O: Concurrent Mark 4.969ms
[8.760s][info][gc,phases   ] GC(25) O: Pause Mark End 0.008ms
[8.760s][info][gc,phases   ] GC(25) O: Concurrent Mark Free 0.000ms
[8.762s][info][gc,phases   ] GC(25) O: Concurrent Process Non-Strong 2.550ms
[8.762s][info][gc,phases   ] GC(25) O: Concurrent Reset Relocation Set 0.000ms
[8.763s][info][gc,phases   ] GC(25) O: Concurrent Select Relocation Set 1.037ms
[8.763s][info][gc,task     ] GC(25) O: Using 2 Workers for Old Generation
[8.768s][info][gc,task     ] GC(25) O: Using 1 Workers for Old Generation
[8.768s][info][gc,phases   ] GC(25) O: Concurrent Remap Roots 4.866ms
[8.768s][info][gc,phases   ] GC(25) O: Pause Relocate Start 0.006ms
[8.769s][info][gc,phases   ] GC(25) O: Concurrent Relocate 0.749ms
[8.769s][info][gc,alloc    ] GC(25) O:                         Mark Start        Mark End      Relocate Start    Relocate End   
[8.769s][info][gc,alloc    ] GC(25) O: Allocation Stalls:          0                0                0                0         
[8.769s][info][gc,load     ] GC(25) O: Load: 3.36 (34%) / 3.11 (31%) / 3.17 (32%)
[8.769s][info][gc,mmu      ] GC(25) O: MMU: 2ms/99.0%, 5ms/99.5%, 10ms/99.7%, 20ms/99.7%, 50ms/99.8%, 100ms/99.9%
[8.769s][info][gc,marking  ] GC(25) O: Mark: 1 stripe(s), 2 proactive flush(es), 1 terminate flush(es), 0 completion(s), 0 continuation(s) 
[8.769s][info][gc,marking  ] GC(25) O: Mark Stack Usage: 32M
[8.769s][info][gc,nmethod  ] GC(25) O: NMethods: 1569 registered, 132 unregistered
[8.769s][info][gc,metaspace] GC(25) O: Metaspace: 9M used, 10M committed, 1088M reserved
[8.769s][info][gc,ref      ] GC(25) O:                       Encountered   Discovered     Enqueued 
[8.769s][info][gc,ref      ] GC(25) O: Soft References:              372            0            0 
[8.769s][info][gc,ref      ] GC(25) O: Weak References:             1133          740           11 
[8.769s][info][gc,ref      ] GC(25) O: Final References:             880          871            0 
[8.769s][info][gc,ref      ] GC(25) O: Phantom References:            33            2            0 
[8.769s][info][gc,reloc    ] GC(25) O:                        Candidates     Selected     In-Place         Size        Empty    Relocated 
[8.769s][info][gc,reloc    ] GC(25) O: Small Pages:                    8            5            0          16M           0M           1M 
[8.769s][info][gc,reloc    ] GC(25) O: Medium Pages:                   2            0            0          64M          32M           0M 
[8.769s][info][gc,reloc    ] GC(25) O: Large Pages:                    0            0            0           0M           0M           0M 
[8.769s][info][gc,reloc    ] GC(25) O: Forwarding Usage: 0M
[8.769s][info][gc,heap     ] GC(25) O: Min Capacity: 8M(1%)
[8.769s][info][gc,heap     ] GC(25) O: Max Capacity: 1024M(100%)
[8.769s][info][gc,heap     ] GC(25) O: Soft Max Capacity: 1024M(100%)
[8.769s][info][gc,heap     ] GC(25) O: Heap Statistics:
[8.769s][info][gc,heap     ] GC(25) O:                Mark Start          Mark End        Relocate Start      Relocate End           High               Low         
[8.769s][info][gc,heap     ] GC(25) O:  Capacity:     1024M (100%)       1024M (100%)       1024M (100%)       1024M (100%)       1024M (100%)       1024M (100%)   
[8.769s][info][gc,heap     ] GC(25) O:      Free:      714M (70%)         810M (79%)         746M (73%)         722M (71%)         842M (82%)         648M (63%)    
[8.769s][info][gc,heap     ] GC(25) O:      Used:      310M (30%)         214M (21%)         278M (27%)         302M (29%)         376M (37%)         182M (18%)    
[8.769s][info][gc,heap     ] GC(25) O: Old Generation Statistics:
[8.769s][info][gc,heap     ] GC(25) O:                Mark Start          Mark End        Relocate Start      Relocate End    
[8.769s][info][gc,heap     ] GC(25) O:      Used:       80M (8%)           80M (8%)           48M (5%)           40M (4%)     
[8.769s][info][gc,heap     ] GC(25) O:      Live:         -                 4M (0%)            4M (0%)            4M (0%)     
[8.769s][info][gc,heap     ] GC(25) O:   Garbage:         -                75M (7%)           43M (4%)           32M (3%)     
[8.769s][info][gc,heap     ] GC(25) O: Allocated:         -                 0M (0%)            0M (0%)            2M (0%)     
[8.769s][info][gc,heap     ] GC(25) O: Reclaimed:         -                  -                32M (3%)           42M (4%)     
[8.769s][info][gc,heap     ] GC(25) O: Compacted:         -                  -                  -                 1M (0%)     
[8.769s][info][gc,phases   ] GC(25) O: Old Generation 182M(18%)->302M(29%) 0.014s
[8.769s][info][gc          ] GC(25) Major Collection (Proactive) 310M(30%)->302M(29%) 0.018s
[8.825s][info][gc          ] GC(26) Minor Collection (Allocation Rate)
[8.825s][info][gc,task     ] GC(26) Using 3 Workers for Young Generation
[8.825s][info][gc,phases   ] GC(26) y: Young Generation
[8.825s][info][gc,phases   ] GC(26) y: Pause Mark Start 0.005ms
[8.826s][info][gc,phases   ] GC(26) y: Concurrent Mark 1.145ms
[8.826s][info][gc,phases   ] GC(26) y: Pause Mark End 0.006ms
[8.826s][info][gc,phases   ] GC(26) y: Concurrent Mark Free 0.000ms
[8.826s][info][gc,phases   ] GC(26) y: Concurrent Reset Relocation Set 0.000ms
[8.827s][info][gc,reloc    ] GC(26) y: Using tenuring threshold: 7 (Computed)
[8.827s][info][gc,phases   ] GC(26) y: Concurrent Select Relocation Set 1.163ms
[8.827s][info][gc,phases   ] GC(26) y: Pause Relocate Start 0.004ms
[8.827s][info][gc,phases   ] GC(26) y: Concurrent Relocate 0.119ms
[8.827s][info][gc,alloc    ] GC(26) y:                         Mark Start        Mark End      Relocate Start    Relocate End   
[8.827s][info][gc,alloc    ] GC(26) y: Allocation Stalls:          0                0                0                0         
[8.827s][info][gc,load     ] GC(26) y: Load: 3.36 (34%) / 3.11 (31%) / 3.17 (32%)
[8.827s][info][gc,mmu      ] GC(26) y: MMU: 2ms/99.0%, 5ms/99.5%, 10ms/99.7%, 20ms/99.7%, 50ms/99.8%, 100ms/99.9%
[8.827s][info][gc,marking  ] GC(26) y: Mark: 2 stripe(s), 2 proactive flush(es), 1 terminate flush(es), 0 completion(s), 0 continuation(s) 
[8.827s][info][gc,marking  ] GC(26) y: Mark Stack Usage: 32M
[8.827s][info][gc,nmethod  ] GC(26) y: NMethods: 1569 registered, 132 unregistered
[8.827s][info][gc,metaspace] GC(26) y: Metaspace: 9M used, 10M committed, 1088M reserved
[8.827s][info][gc,reloc    ] GC(26) y:                        Candidates     Selected     In-Place         Size        Empty    Relocated 
[8.827s][info][gc,reloc    ] GC(26) y: Small Pages:                    3            1            0           6M           2M           0M 
[8.827s][info][gc,reloc    ] GC(26) y: Medium Pages:                  28            0            0         896M         864M           0M 
[8.827s][info][gc,reloc    ] GC(26) y: Large Pages:                    0            0            0           0M           0M           0M 
[8.827s][info][gc,reloc    ] GC(26) y: Forwarding Usage: 0M
[8.827s][info][gc,reloc    ] GC(26) y: Age Table:
[8.827s][info][gc,reloc    ] GC(26) y:                    Live             Garbage             Small              Medium             Large        
[8.827s][info][gc,reloc    ] GC(26) y: Eden               0M (0%)          865M (85%)          1 / 0             27 / 0              0 / 0        
[8.827s][info][gc,reloc    ] GC(26) y: Survivor 1          -                34M (3%)           1 / 0              1 / 0              0 / 0        
[8.827s][info][gc,reloc    ] GC(26) y: Survivor 2          -                 0M (0%)           0 / 0              0 / 0              0 / 0        
[8.827s][info][gc,reloc    ] GC(26) y: Survivor 3          -                 0M (0%)           0 / 0              0 / 0              0 / 0        
[8.827s][info][gc,reloc    ] GC(26) y: Survivor 4          -                 0M (0%)           0 / 0              0 / 0              0 / 0        
[8.827s][info][gc,reloc    ] GC(26) y: Survivor 5          -                 0M (0%)           0 / 0              0 / 0              0 / 0        
[8.827s][info][gc,reloc    ] GC(26) y: Survivor 6          -                 0M (0%)           0 / 0              0 / 0              0 / 0        
[8.827s][info][gc,reloc    ] GC(26) y: Survivor 7         0M (0%)            1M (0%)           1 / 1              0 / 0              0 / 0        
[8.827s][info][gc,heap     ] GC(26) y: Min Capacity: 8M(1%)
[8.827s][info][gc,heap     ] GC(26) y: Max Capacity: 1024M(100%)
[8.827s][info][gc,heap     ] GC(26) y: Soft Max Capacity: 1024M(100%)
[8.827s][info][gc,heap     ] GC(26) y: Heap Statistics:
[8.827s][info][gc,heap     ] GC(26) y:                Mark Start          Mark End        Relocate Start      Relocate End           High               Low         
[8.827s][info][gc,heap     ] GC(26) y:  Capacity:     1024M (100%)       1024M (100%)       1024M (100%)       1024M (100%)       1024M (100%)       1024M (100%)   
[8.827s][info][gc,heap     ] GC(26) y:      Free:       82M (8%)           48M (5%)          914M (89%)         914M (89%)         914M (89%)          48M (5%)     
[8.827s][info][gc,heap     ] GC(26) y:      Used:      942M (92%)         976M (95%)         110M (11%)         110M (11%)         976M (95%)         110M (11%)    
[8.827s][info][gc,heap     ] GC(26) y: Young Generation Statistics:
[8.827s][info][gc,heap     ] GC(26) y:                Mark Start          Mark End        Relocate Start      Relocate End    
[8.827s][info][gc,heap     ] GC(26) y:      Used:      902M (88%)         936M (91%)          70M (7%)           68M (7%)     
[8.827s][info][gc,heap     ] GC(26) y:      Live:         -                 0M (0%)            0M (0%)            0M (0%)     
[8.827s][info][gc,heap     ] GC(26) y:   Garbage:         -               901M (88%)          35M (3%)           31M (3%)     
[8.827s][info][gc,heap     ] GC(26) y: Allocated:         -                34M (3%)           34M (3%)           35M (4%)     
[8.827s][info][gc,heap     ] GC(26) y: Reclaimed:         -                  -               866M (85%)         869M (85%)    
[8.828s][info][gc,heap     ] GC(26) y:  Promoted:         -                  -                 0M (0%)            0M (0%)     
[8.828s][info][gc,heap     ] GC(26) y: Compacted:         -                  -                  -                 0M (0%)     
[8.828s][info][gc,phases   ] GC(26) y: Young Generation 942M(92%)->110M(11%) 0.003s
[8.828s][info][gc          ] GC(26) Minor Collection (Allocation Rate) 942M(92%)->110M(11%) 0.003s
[8.893s][info][gc          ] GC(27) Minor Collection (Allocation Rate)
[8.893s][info][gc,task     ] GC(27) Using 2 Workers for Young Generation
[8.893s][info][gc,phases   ] GC(27) y: Young Generation
[8.893s][info][gc,phases   ] GC(27) y: Pause Mark Start 0.004ms
[8.894s][info][gc,phases   ] GC(27) y: Concurrent Mark 1.189ms
[8.894s][info][gc,phases   ] GC(27) y: Pause Mark End 0.009ms
[8.894s][info][gc,phases   ] GC(27) y: Concurrent Mark Free 0.000ms
[8.894s][info][gc,phases   ] GC(27) y: Concurrent Reset Relocation Set 0.001ms
[8.895s][info][gc,reloc    ] GC(27) y: Using tenuring threshold: 1 (Computed)
[8.895s][info][gc,phases   ] GC(27) y: Concurrent Select Relocation Set 1.011ms
[8.895s][info][gc,phases   ] GC(27) y: Pause Relocate Start 0.004ms
[8.895s][info][gc,phases   ] GC(27) y: Concurrent Relocate 0.018ms
[8.895s][info][gc,alloc    ] GC(27) y:                         Mark Start        Mark End      Relocate Start    Relocate End   
[8.895s][info][gc,alloc    ] GC(27) y: Allocation Stalls:          0                0                0                0         
[8.895s][info][gc,load     ] GC(27) y: Load: 3.36 (34%) / 3.11 (31%) / 3.17 (32%)
[8.895s][info][gc,mmu      ] GC(27) y: MMU: 2ms/99.0%, 5ms/99.5%, 10ms/99.7%, 20ms/99.7%, 50ms/99.8%, 100ms/99.9%
[8.895s][info][gc,marking  ] GC(27) y: Mark: 2 stripe(s), 2 proactive flush(es), 1 terminate flush(es), 0 completion(s), 0 continuation(s) 
[8.895s][info][gc,marking  ] GC(27) y: Mark Stack Usage: 32M
[8.895s][info][gc,nmethod  ] GC(27) y: NMethods: 1569 registered, 132 unregistered
[8.895s][info][gc,metaspace] GC(27) y: Metaspace: 9M used, 10M committed, 1088M reserved
[8.895s][info][gc,reloc    ] GC(27) y:                        Candidates     Selected     In-Place         Size        Empty    Relocated 
[8.895s][info][gc,reloc    ] GC(27) y: Small Pages:                    2            0            0           4M           2M           0M 
[8.895s][info][gc,reloc    ] GC(27) y: Medium Pages:                  26            0            0         832M         800M           0M 
[8.895s][info][gc,reloc    ] GC(27) y: Large Pages:                    0            0            0           0M           0M           0M 
[8.895s][info][gc,reloc    ] GC(27) y: Forwarding Usage: 0M
[8.895s][info][gc,reloc    ] GC(27) y: Age Table:
[8.895s][info][gc,reloc    ] GC(27) y:                    Live             Garbage             Small              Medium             Large        
[8.895s][info][gc,reloc    ] GC(27) y: Eden               0M (0%)          801M (78%)          1 / 0             25 / 0              0 / 0        
[8.895s][info][gc,reloc    ] GC(27) y: Survivor 1          -                34M (3%)           1 / 0              1 / 0              0 / 0        
[8.895s][info][gc,heap     ] GC(27) y: Min Capacity: 8M(1%)
[8.895s][info][gc,heap     ] GC(27) y: Max Capacity: 1024M(100%)
[8.895s][info][gc,heap     ] GC(27) y: Soft Max Capacity: 1024M(100%)
[8.895s][info][gc,heap     ] GC(27) y: Heap Statistics:
[8.895s][info][gc,heap     ] GC(27) y:                Mark Start          Mark End        Relocate Start      Relocate End           High               Low         
[8.895s][info][gc,heap     ] GC(27) y:  Capacity:     1024M (100%)       1024M (100%)       1024M (100%)       1024M (100%)       1024M (100%)       1024M (100%)   
[8.895s][info][gc,heap     ] GC(27) y:      Free:      146M (14%)         112M (11%)         914M (89%)         914M (89%)         914M (89%)         112M (11%)    
[8.895s][info][gc,heap     ] GC(27) y:      Used:      878M (86%)         912M (89%)         110M (11%)         110M (11%)         912M (89%)         110M (11%)    
[8.895s][info][gc,heap     ] GC(27) y: Young Generation Statistics:
[8.895s][info][gc,heap     ] GC(27) y:                Mark Start          Mark End        Relocate Start      Relocate End    
[8.895s][info][gc,heap     ] GC(27) y:      Used:      836M (82%)         870M (85%)          68M (7%)           68M (7%)     
[8.895s][info][gc,heap     ] GC(27) y:      Live:         -                 0M (0%)            0M (0%)            0M (0%)     
[8.895s][info][gc,heap     ] GC(27) y:   Garbage:         -               835M (82%)          33M (3%)           33M (3%)     
[8.895s][info][gc,heap     ] GC(27) y: Allocated:         -                34M (3%)           34M (3%)           34M (3%)     
[8.895s][info][gc,heap     ] GC(27) y: Reclaimed:         -                  -               802M (78%)         802M (78%)    
[8.895s][info][gc,heap     ] GC(27) y:  Promoted:         -                  -                 0M (0%)            0M (0%)     
[8.895s][info][gc,heap     ] GC(27) y: Compacted:         -                  -                  -                 0M (0%)     
[8.895s][info][gc,phases   ] GC(27) y: Young Generation 878M(86%)->110M(11%) 0.003s
[8.895s][info][gc          ] GC(27) Minor Collection (Allocation Rate) 878M(86%)->110M(11%) 0.003s
[8.963s][info][gc          ] GC(28) Minor Collection (Allocation Rate)
[8.963s][info][gc,task     ] GC(28) Using 3 Workers for Young Generation
[8.963s][info][gc,phases   ] GC(28) y: Young Generation
[8.963s][info][gc,phases   ] GC(28) y: Pause Mark Start 0.004ms
[8.964s][info][gc,phases   ] GC(28) y: Concurrent Mark 0.857ms
[8.964s][info][gc,phases   ] GC(28) y: Pause Mark End 0.006ms
[8.964s][info][gc,phases   ] GC(28) y: Concurrent Mark Free 0.000ms
[8.964s][info][gc,phases   ] GC(28) y: Concurrent Reset Relocation Set 0.000ms
[8.965s][info][gc,reloc    ] GC(28) y: Using tenuring threshold: 1 (Computed)
[8.965s][info][gc,phases   ] GC(28) y: Concurrent Select Relocation Set 1.063ms
[8.965s][info][gc,phases   ] GC(28) y: Pause Relocate Start 0.005ms
[8.965s][info][gc,phases   ] GC(28) y: Concurrent Relocate 0.055ms
[8.965s][info][gc,alloc    ] GC(28) y:                         Mark Start        Mark End      Relocate Start    Relocate End   
[8.965s][info][gc,alloc    ] GC(28) y: Allocation Stalls:          0                0                0                0         
[8.965s][info][gc,load     ] GC(28) y: Load: 3.36 (34%) / 3.11 (31%) / 3.17 (32%)
[8.965s][info][gc,mmu      ] GC(28) y: MMU: 2ms/99.0%, 5ms/99.5%, 10ms/99.7%, 20ms/99.7%, 50ms/99.8%, 100ms/99.9%
[8.965s][info][gc,marking  ] GC(28) y: Mark: 2 stripe(s), 2 proactive flush(es), 1 terminate flush(es), 0 completion(s), 0 continuation(s) 
[8.965s][info][gc,marking  ] GC(28) y: Mark Stack Usage: 32M
[8.965s][info][gc,nmethod  ] GC(28) y: NMethods: 1569 registered, 132 unregistered
[8.965s][info][gc,metaspace] GC(28) y: Metaspace: 9M used, 10M committed, 1088M reserved
[8.965s][info][gc,reloc    ] GC(28) y:                        Candidates     Selected     In-Place         Size        Empty    Relocated 
[8.965s][info][gc,reloc    ] GC(28) y: Small Pages:                    2            0            0           4M           2M           0M 
[8.965s][info][gc,reloc    ] GC(28) y: Medium Pages:                  27            0            0         864M         832M           0M 
[8.965s][info][gc,reloc    ] GC(28) y: Large Pages:                    0            0            0           0M           0M           0M 
[8.965s][info][gc,reloc    ] GC(28) y: Forwarding Usage: 0M
[8.965s][info][gc,reloc    ] GC(28) y: Age Table:
[8.965s][info][gc,reloc    ] GC(28) y:                    Live             Garbage             Small              Medium             Large        
[8.965s][info][gc,reloc    ] GC(28) y: Eden               0M (0%)          833M (81%)          1 / 0             26 / 0              0 / 0        
[8.965s][info][gc,reloc    ] GC(28) y: Survivor 1          -                34M (3%)           1 / 0              1 / 0              0 / 0        
[8.965s][info][gc,heap     ] GC(28) y: Min Capacity: 8M(1%)
[8.965s][info][gc,heap     ] GC(28) y: Max Capacity: 1024M(100%)
[8.965s][info][gc,heap     ] GC(28) y: Soft Max Capacity: 1024M(100%)
[8.965s][info][gc,heap     ] GC(28) y: Heap Statistics:
[8.965s][info][gc,heap     ] GC(28) y:                Mark Start          Mark End        Relocate Start      Relocate End           High               Low         
[8.965s][info][gc,heap     ] GC(28) y:  Capacity:     1024M (100%)       1024M (100%)       1024M (100%)       1024M (100%)       1024M (100%)       1024M (100%)   
[8.965s][info][gc,heap     ] GC(28) y:      Free:      114M (11%)          80M (8%)          914M (89%)         914M (89%)         914M (89%)          80M (8%)     
[8.965s][info][gc,heap     ] GC(28) y:      Used:      910M (89%)         944M (92%)         110M (11%)         110M (11%)         944M (92%)         110M (11%)    
[8.965s][info][gc,heap     ] GC(28) y: Young Generation Statistics:
[8.965s][info][gc,heap     ] GC(28) y:                Mark Start          Mark End        Relocate Start      Relocate End    
[8.965s][info][gc,heap     ] GC(28) y:      Used:      868M (85%)         902M (88%)          68M (7%)           68M (7%)     
[8.965s][info][gc,heap     ] GC(28) y:      Live:         -                 0M (0%)            0M (0%)            0M (0%)     
[8.965s][info][gc,heap     ] GC(28) y:   Garbage:         -               867M (85%)          33M (3%)           33M (3%)     
[8.965s][info][gc,heap     ] GC(28) y: Allocated:         -                34M (3%)           34M (3%)           34M (3%)     
[8.965s][info][gc,heap     ] GC(28) y: Reclaimed:         -                  -               834M (81%)         834M (81%)    
[8.965s][info][gc,heap     ] GC(28) y:  Promoted:         -                  -                 0M (0%)            0M (0%)     
[8.965s][info][gc,heap     ] GC(28) y: Compacted:         -                  -                  -                 0M (0%)     
[8.965s][info][gc,phases   ] GC(28) y: Young Generation 910M(89%)->110M(11%) 0.002s
[8.965s][info][gc          ] GC(28) Minor Collection (Allocation Rate) 910M(89%)->110M(11%) 0.002s
[9.036s][info][gc          ] GC(29) Minor Collection (Allocation Rate)
[9.036s][info][gc,task     ] GC(29) Using 3 Workers for Young Generation
[9.036s][info][gc,phases   ] GC(29) y: Young Generation
[9.036s][info][gc,phases   ] GC(29) y: Pause Mark Start 0.006ms
[9.037s][info][gc,phases   ] GC(29) y: Concurrent Mark 0.992ms
[9.037s][info][gc,phases   ] GC(29) y: Pause Mark End 0.010ms
[9.037s][info][gc,phases   ] GC(29) y: Concurrent Mark Free 0.000ms
[9.038s][info][gc,phases   ] GC(29) y: Concurrent Reset Relocation Set 0.000ms
[9.039s][info][gc,reloc    ] GC(29) y: Using tenuring threshold: 1 (Computed)
[9.039s][info][gc,phases   ] GC(29) y: Concurrent Select Relocation Set 1.071ms
[9.039s][info][gc,phases   ] GC(29) y: Pause Relocate Start 0.005ms
[9.039s][info][gc,phases   ] GC(29) y: Concurrent Relocate 0.034ms
[9.039s][info][gc,alloc    ] GC(29) y:                         Mark Start        Mark End      Relocate Start    Relocate End   
[9.039s][info][gc,alloc    ] GC(29) y: Allocation Stalls:          0                0                0                0         
[9.039s][info][gc,load     ] GC(29) y: Load: 3.36 (34%) / 3.11 (31%) / 3.17 (32%)
[9.039s][info][gc,mmu      ] GC(29) y: MMU: 2ms/99.0%, 5ms/99.5%, 10ms/99.7%, 20ms/99.7%, 50ms/99.8%, 100ms/99.9%
[9.039s][info][gc,marking  ] GC(29) y: Mark: 2 stripe(s), 2 proactive flush(es), 1 terminate flush(es), 0 completion(s), 0 continuation(s) 
[9.039s][info][gc,marking  ] GC(29) y: Mark Stack Usage: 32M
[9.039s][info][gc,nmethod  ] GC(29) y: NMethods: 1569 registered, 132 unregistered
[9.039s][info][gc,metaspace] GC(29) y: Metaspace: 9M used, 10M committed, 1088M reserved
[9.039s][info][gc,reloc    ] GC(29) y:                        Candidates     Selected     In-Place         Size        Empty    Relocated 
[9.039s][info][gc,reloc    ] GC(29) y: Small Pages:                    2            0            0           4M           2M           0M 
[9.039s][info][gc,reloc    ] GC(29) y: Medium Pages:                  28            0            0         896M         864M           0M 
[9.039s][info][gc,reloc    ] GC(29) y: Large Pages:                    0            0            0           0M           0M           0M 
[9.039s][info][gc,reloc    ] GC(29) y: Forwarding Usage: 0M
[9.039s][info][gc,reloc    ] GC(29) y: Age Table:
[9.039s][info][gc,reloc    ] GC(29) y:                    Live             Garbage             Small              Medium             Large        
[9.039s][info][gc,reloc    ] GC(29) y: Eden               0M (0%)          865M (85%)          1 / 0             27 / 0              0 / 0        
[9.039s][info][gc,reloc    ] GC(29) y: Survivor 1          -                34M (3%)           1 / 0              1 / 0              0 / 0        
[9.039s][info][gc,heap     ] GC(29) y: Min Capacity: 8M(1%)
[9.039s][info][gc,heap     ] GC(29) y: Max Capacity: 1024M(100%)
[9.039s][info][gc,heap     ] GC(29) y: Soft Max Capacity: 1024M(100%)
[9.039s][info][gc,heap     ] GC(29) y: Heap Statistics:
[9.039s][info][gc,heap     ] GC(29) y:                Mark Start          Mark End        Relocate Start      Relocate End           High               Low         
[9.039s][info][gc,heap     ] GC(29) y:  Capacity:     1024M (100%)       1024M (100%)       1024M (100%)       1024M (100%)       1024M (100%)       1024M (100%)   
[9.039s][info][gc,heap     ] GC(29) y:      Free:       82M (8%)           48M (5%)          914M (89%)         914M (89%)         914M (89%)          48M (5%)     
[9.039s][info][gc,heap     ] GC(29) y:      Used:      942M (92%)         976M (95%)         110M (11%)         110M (11%)         976M (95%)         110M (11%)    
[9.039s][info][gc,heap     ] GC(29) y: Young Generation Statistics:
[9.039s][info][gc,heap     ] GC(29) y:                Mark Start          Mark End        Relocate Start      Relocate End    
[9.039s][info][gc,heap     ] GC(29) y:      Used:      900M (88%)         934M (91%)          68M (7%)           68M (7%)     
[9.039s][info][gc,heap     ] GC(29) y:      Live:         -                 0M (0%)            0M (0%)            0M (0%)     
[9.039s][info][gc,heap     ] GC(29) y:   Garbage:         -               899M (88%)          33M (3%)           33M (3%)     
[9.039s][info][gc,heap     ] GC(29) y: Allocated:         -                34M (3%)           34M (3%)           34M (3%)     
[9.039s][info][gc,heap     ] GC(29) y: Reclaimed:         -                  -               866M (85%)         866M (85%)    
[9.039s][info][gc,heap     ] GC(29) y:  Promoted:         -                  -                 0M (0%)            0M (0%)     
[9.039s][info][gc,heap     ] GC(29) y: Compacted:         -                  -                  -                 0M (0%)     
[9.039s][info][gc,phases   ] GC(29) y: Young Generation 942M(92%)->110M(11%) 0.002s
[9.039s][info][gc          ] GC(29) Minor Collection (Allocation Rate) 942M(92%)->110M(11%) 0.003s
[9.109s][info][gc          ] GC(30) Minor Collection (Allocation Rate)
[9.109s][info][gc,task     ] GC(30) Using 3 Workers for Young Generation
[9.109s][info][gc,phases   ] GC(30) y: Young Generation
[9.109s][info][gc,phases   ] GC(30) y: Pause Mark Start 0.005ms
[9.110s][info][gc,phases   ] GC(30) y: Concurrent Mark 0.875ms
[9.110s][info][gc,phases   ] GC(30) y: Pause Mark End 0.005ms
[9.110s][info][gc,phases   ] GC(30) y: Concurrent Mark Free 0.000ms
[9.110s][info][gc,phases   ] GC(30) y: Concurrent Reset Relocation Set 0.000ms
[9.111s][info][gc,reloc    ] GC(30) y: Using tenuring threshold: 1 (Computed)
[9.111s][info][gc,phases   ] GC(30) y: Concurrent Select Relocation Set 1.049ms
[9.111s][info][gc,phases   ] GC(30) y: Pause Relocate Start 0.004ms
[9.112s][info][gc,phases   ] GC(30) y: Concurrent Relocate 0.029ms
[9.112s][info][gc,alloc    ] GC(30) y:                         Mark Start        Mark End      Relocate Start    Relocate End   
[9.112s][info][gc,alloc    ] GC(30) y: Allocation Stalls:          0                0                0                0         
[9.112s][info][gc,load     ] GC(30) y: Load: 3.36 (34%) / 3.11 (31%) / 3.17 (32%)
[9.112s][info][gc,mmu      ] GC(30) y: MMU: 2ms/99.0%, 5ms/99.5%, 10ms/99.7%, 20ms/99.7%, 50ms/99.8%, 100ms/99.9%
[9.112s][info][gc,marking  ] GC(30) y: Mark: 2 stripe(s), 2 proactive flush(es), 1 terminate flush(es), 0 completion(s), 0 continuation(s) 
[9.112s][info][gc,marking  ] GC(30) y: Mark Stack Usage: 32M
[9.112s][info][gc,nmethod  ] GC(30) y: NMethods: 1569 registered, 132 unregistered
[9.112s][info][gc,metaspace] GC(30) y: Metaspace: 9M used, 10M committed, 1088M reserved
[9.112s][info][gc,reloc    ] GC(30) y:                        Candidates     Selected     In-Place         Size        Empty    Relocated 
[9.112s][info][gc,reloc    ] GC(30) y: Small Pages:                    2            0            0           4M           2M           0M 
[9.112s][info][gc,reloc    ] GC(30) y: Medium Pages:                  28            0            0         896M         864M           0M 
[9.112s][info][gc,reloc    ] GC(30) y: Large Pages:                    0            0            0           0M           0M           0M 
[9.112s][info][gc,reloc    ] GC(30) y: Forwarding Usage: 0M
[9.112s][info][gc,reloc    ] GC(30) y: Age Table:
[9.112s][info][gc,reloc    ] GC(30) y:                    Live             Garbage             Small              Medium             Large        
[9.112s][info][gc,reloc    ] GC(30) y: Eden               0M (0%)          865M (84%)          1 / 0             27 / 0              0 / 0        
[9.112s][info][gc,reloc    ] GC(30) y: Survivor 1          -                34M (3%)           1 / 0              1 / 0              0 / 0        
[9.112s][info][gc,heap     ] GC(30) y: Min Capacity: 8M(1%)
[9.112s][info][gc,heap     ] GC(30) y: Max Capacity: 1024M(100%)
[9.112s][info][gc,heap     ] GC(30) y: Soft Max Capacity: 1024M(100%)
[9.112s][info][gc,heap     ] GC(30) y: Heap Statistics:
[9.112s][info][gc,heap     ] GC(30) y:                Mark Start          Mark End        Relocate Start      Relocate End           High               Low         
[9.112s][info][gc,heap     ] GC(30) y:  Capacity:     1024M (100%)       1024M (100%)       1024M (100%)       1024M (100%)       1024M (100%)       1024M (100%)   
[9.112s][info][gc,heap     ] GC(30) y:      Free:       82M (8%)           48M (5%)          914M (89%)         914M (89%)         914M (89%)          48M (5%)     
[9.112s][info][gc,heap     ] GC(30) y:      Used:      942M (92%)         976M (95%)         110M (11%)         110M (11%)         976M (95%)         110M (11%)    
[9.112s][info][gc,heap     ] GC(30) y: Young Generation Statistics:
[9.112s][info][gc,heap     ] GC(30) y:                Mark Start          Mark End        Relocate Start      Relocate End    
[9.112s][info][gc,heap     ] GC(30) y:      Used:      900M (88%)         934M (91%)          68M (7%)           68M (7%)     
[9.112s][info][gc,heap     ] GC(30) y:      Live:         -                 0M (0%)            0M (0%)            0M (0%)     
[9.112s][info][gc,heap     ] GC(30) y:   Garbage:         -               899M (88%)          33M (3%)           33M (3%)     
[9.112s][info][gc,heap     ] GC(30) y: Allocated:         -                34M (3%)           34M (3%)           34M (3%)     
[9.112s][info][gc,heap     ] GC(30) y: Reclaimed:         -                  -               866M (85%)         866M (85%)    
[9.112s][info][gc,heap     ] GC(30) y:  Promoted:         -                  -                 0M (0%)            0M (0%)     
[9.112s][info][gc,heap     ] GC(30) y: Compacted:         -                  -                  -                 0M (0%)     
[9.112s][info][gc,phases   ] GC(30) y: Young Generation 942M(92%)->110M(11%) 0.002s
[9.112s][info][gc          ] GC(30) Minor Collection (Allocation Rate) 942M(92%)->110M(11%) 0.002s
[9.180s][info][gc          ] GC(31) Minor Collection (Allocation Rate)
[9.180s][info][gc,task     ] GC(31) Using 2 Workers for Young Generation
[9.180s][info][gc,phases   ] GC(31) y: Young Generation
[9.180s][info][gc,phases   ] GC(31) y: Pause Mark Start 0.004ms
[9.181s][info][gc,phases   ] GC(31) y: Concurrent Mark 1.277ms
[9.181s][info][gc,phases   ] GC(31) y: Pause Mark End 0.005ms
[9.181s][info][gc,phases   ] GC(31) y: Concurrent Mark Free 0.000ms
[9.181s][info][gc,phases   ] GC(31) y: Concurrent Reset Relocation Set 0.000ms
[9.182s][info][gc,reloc    ] GC(31) y: Using tenuring threshold: 1 (Computed)
[9.182s][info][gc,phases   ] GC(31) y: Concurrent Select Relocation Set 1.049ms
[9.182s][info][gc,phases   ] GC(31) y: Pause Relocate Start 0.004ms
[9.182s][info][gc,phases   ] GC(31) y: Concurrent Relocate 0.016ms
[9.182s][info][gc,alloc    ] GC(31) y:                         Mark Start        Mark End      Relocate Start    Relocate End   
[9.182s][info][gc,alloc    ] GC(31) y: Allocation Stalls:          0                0                0                0         
[9.182s][info][gc,load     ] GC(31) y: Load: 3.36 (34%) / 3.11 (31%) / 3.17 (32%)
[9.182s][info][gc,mmu      ] GC(31) y: MMU: 2ms/99.0%, 5ms/99.5%, 10ms/99.7%, 20ms/99.7%, 50ms/99.8%, 100ms/99.9%
[9.182s][info][gc,marking  ] GC(31) y: Mark: 2 stripe(s), 2 proactive flush(es), 1 terminate flush(es), 0 completion(s), 0 continuation(s) 
[9.182s][info][gc,marking  ] GC(31) y: Mark Stack Usage: 32M
[9.182s][info][gc,nmethod  ] GC(31) y: NMethods: 1569 registered, 132 unregistered
[9.182s][info][gc,metaspace] GC(31) y: Metaspace: 9M used, 10M committed, 1088M reserved
[9.182s][info][gc,reloc    ] GC(31) y:                        Candidates     Selected     In-Place         Size        Empty    Relocated 
[9.182s][info][gc,reloc    ] GC(31) y: Small Pages:                    2            0            0           4M           2M           0M 
[9.182s][info][gc,reloc    ] GC(31) y: Medium Pages:                  27            0            0         864M         832M           0M 
[9.182s][info][gc,reloc    ] GC(31) y: Large Pages:                    0            0            0           0M           0M           0M 
[9.182s][info][gc,reloc    ] GC(31) y: Forwarding Usage: 0M
[9.182s][info][gc,reloc    ] GC(31) y: Age Table:
[9.182s][info][gc,reloc    ] GC(31) y:                    Live             Garbage             Small              Medium             Large        
[9.182s][info][gc,reloc    ] GC(31) y: Eden               0M (0%)          833M (81%)          1 / 0             26 / 0              0 / 0        
[9.182s][info][gc,reloc    ] GC(31) y: Survivor 1          -                34M (3%)           1 / 0              1 / 0              0 / 0        
[9.182s][info][gc,heap     ] GC(31) y: Min Capacity: 8M(1%)
[9.182s][info][gc,heap     ] GC(31) y: Max Capacity: 1024M(100%)
[9.182s][info][gc,heap     ] GC(31) y: Soft Max Capacity: 1024M(100%)
[9.182s][info][gc,heap     ] GC(31) y: Heap Statistics:
[9.182s][info][gc,heap     ] GC(31) y:                Mark Start          Mark End        Relocate Start      Relocate End           High               Low         
[9.182s][info][gc,heap     ] GC(31) y:  Capacity:     1024M (100%)       1024M (100%)       1024M (100%)       1024M (100%)       1024M (100%)       1024M (100%)   
[9.182s][info][gc,heap     ] GC(31) y:      Free:      114M (11%)          80M (8%)          914M (89%)         914M (89%)         914M (89%)          80M (8%)     
[9.182s][info][gc,heap     ] GC(31) y:      Used:      910M (89%)         944M (92%)         110M (11%)         110M (11%)         944M (92%)         110M (11%)    
[9.182s][info][gc,heap     ] GC(31) y: Young Generation Statistics:
[9.182s][info][gc,heap     ] GC(31) y:                Mark Start          Mark End        Relocate Start      Relocate End    
[9.182s][info][gc,heap     ] GC(31) y:      Used:      868M (85%)         902M (88%)          68M (7%)           68M (7%)     
[9.182s][info][gc,heap     ] GC(31) y:      Live:         -                 0M (0%)            0M (0%)            0M (0%)     
[9.182s][info][gc,heap     ] GC(31) y:   Garbage:         -               867M (85%)          33M (3%)           33M (3%)     
[9.182s][info][gc,heap     ] GC(31) y: Allocated:         -                34M (3%)           34M (3%)           34M (3%)     
[9.182s][info][gc,heap     ] GC(31) y: Reclaimed:         -                  -               834M (81%)         834M (81%)    
[9.182s][info][gc,heap     ] GC(31) y:  Promoted:         -                  -                 0M (0%)            0M (0%)     
[9.182s][info][gc,heap     ] GC(31) y: Compacted:         -                  -                  -                 0M (0%)     
[9.182s][info][gc,phases   ] GC(31) y: Young Generation 910M(89%)->110M(11%) 0.003s
[9.182s][info][gc          ] GC(31) Minor Collection (Allocation Rate) 910M(89%)->110M(11%) 0.003s
[9.253s][info][gc          ] GC(32) Minor Collection (Allocation Rate)
[9.253s][info][gc,task     ] GC(32) Using 3 Workers for Young Generation
[9.253s][info][gc,phases   ] GC(32) y: Young Generation
[9.253s][info][gc,phases   ] GC(32) y: Pause Mark Start 0.004ms
[9.254s][info][gc,phases   ] GC(32) y: Concurrent Mark 1.014ms
[9.254s][info][gc,phases   ] GC(32) y: Pause Mark End 0.005ms
[9.254s][info][gc,phases   ] GC(32) y: Concurrent Mark Free 0.000ms
[9.254s][info][gc,phases   ] GC(32) y: Concurrent Reset Relocation Set 0.000ms
[9.255s][info][gc,reloc    ] GC(32) y: Using tenuring threshold: 1 (Computed)
[9.255s][info][gc,phases   ] GC(32) y: Concurrent Select Relocation Set 1.072ms
[9.255s][info][gc,phases   ] GC(32) y: Pause Relocate Start 0.003ms
[9.255s][info][gc,phases   ] GC(32) y: Concurrent Relocate 0.033ms
[9.255s][info][gc,alloc    ] GC(32) y:                         Mark Start        Mark End      Relocate Start    Relocate End   
[9.255s][info][gc,alloc    ] GC(32) y: Allocation Stalls:          0                0                0                0         
[9.255s][info][gc,load     ] GC(32) y: Load: 3.36 (34%) / 3.11 (31%) / 3.17 (32%)
[9.255s][info][gc,mmu      ] GC(32) y: MMU: 2ms/99.0%, 5ms/99.5%, 10ms/99.7%, 20ms/99.7%, 50ms/99.8%, 100ms/99.9%
[9.255s][info][gc,marking  ] GC(32) y: Mark: 2 stripe(s), 2 proactive flush(es), 1 terminate flush(es), 0 completion(s), 0 continuation(s) 
[9.255s][info][gc,marking  ] GC(32) y: Mark Stack Usage: 32M
[9.255s][info][gc,nmethod  ] GC(32) y: NMethods: 1569 registered, 132 unregistered
[9.255s][info][gc,metaspace] GC(32) y: Metaspace: 9M used, 10M committed, 1088M reserved
[9.255s][info][gc,reloc    ] GC(32) y:                        Candidates     Selected     In-Place         Size        Empty    Relocated 
[9.255s][info][gc,reloc    ] GC(32) y: Small Pages:                    2            0            0           4M           2M           0M 
[9.255s][info][gc,reloc    ] GC(32) y: Medium Pages:                  28            0            0         896M         864M           0M 
[9.255s][info][gc,reloc    ] GC(32) y: Large Pages:                    0            0            0           0M           0M           0M 
[9.255s][info][gc,reloc    ] GC(32) y: Forwarding Usage: 0M
[9.255s][info][gc,reloc    ] GC(32) y: Age Table:
[9.255s][info][gc,reloc    ] GC(32) y:                    Live             Garbage             Small              Medium             Large        
[9.255s][info][gc,reloc    ] GC(32) y: Eden               0M (0%)          865M (84%)          1 / 0             27 / 0              0 / 0        
[9.255s][info][gc,reloc    ] GC(32) y: Survivor 1          -                34M (3%)           1 / 0              1 / 0              0 / 0        
[9.255s][info][gc,heap     ] GC(32) y: Min Capacity: 8M(1%)
[9.255s][info][gc,heap     ] GC(32) y: Max Capacity: 1024M(100%)
[9.255s][info][gc,heap     ] GC(32) y: Soft Max Capacity: 1024M(100%)
[9.255s][info][gc,heap     ] GC(32) y: Heap Statistics:
[9.255s][info][gc,heap     ] GC(32) y:                Mark Start          Mark End        Relocate Start      Relocate End           High               Low         
[9.255s][info][gc,heap     ] GC(32) y:  Capacity:     1024M (100%)       1024M (100%)       1024M (100%)       1024M (100%)       1024M (100%)       1024M (100%)   
[9.255s][info][gc,heap     ] GC(32) y:      Free:       82M (8%)           48M (5%)          914M (89%)         914M (89%)         914M (89%)          48M (5%)     
[9.255s][info][gc,heap     ] GC(32) y:      Used:      942M (92%)         976M (95%)         110M (11%)         110M (11%)         976M (95%)         110M (11%)    
[9.255s][info][gc,heap     ] GC(32) y: Young Generation Statistics:
[9.255s][info][gc,heap     ] GC(32) y:                Mark Start          Mark End        Relocate Start      Relocate End    
[9.255s][info][gc,heap     ] GC(32) y:      Used:      900M (88%)         934M (91%)          68M (7%)           68M (7%)     
[9.255s][info][gc,heap     ] GC(32) y:      Live:         -                 0M (0%)            0M (0%)            0M (0%)     
[9.255s][info][gc,heap     ] GC(32) y:   Garbage:         -               899M (88%)          33M (3%)           33M (3%)     
[9.255s][info][gc,heap     ] GC(32) y: Allocated:         -                34M (3%)           34M (3%)           34M (3%)     
[9.255s][info][gc,heap     ] GC(32) y: Reclaimed:         -                  -               866M (85%)         866M (85%)    
[9.255s][info][gc,heap     ] GC(32) y:  Promoted:         -                  -                 0M (0%)            0M (0%)     
[9.255s][info][gc,heap     ] GC(32) y: Compacted:         -                  -                  -                 0M (0%)     
[9.255s][info][gc,phases   ] GC(32) y: Young Generation 942M(92%)->110M(11%) 0.002s
[9.255s][info][gc          ] GC(32) Minor Collection (Allocation Rate) 942M(92%)->110M(11%) 0.003s
[9.326s][info][gc          ] GC(33) Minor Collection (Allocation Rate)
[9.326s][info][gc,task     ] GC(33) Using 3 Workers for Young Generation
[9.326s][info][gc,phases   ] GC(33) y: Young Generation
[9.326s][info][gc,phases   ] GC(33) y: Pause Mark Start 0.009ms
[9.327s][info][gc,phases   ] GC(33) y: Concurrent Mark 0.907ms
[9.327s][info][gc,phases   ] GC(33) y: Pause Mark End 0.004ms
[9.327s][info][gc,phases   ] GC(33) y: Concurrent Mark Free 0.000ms
[9.327s][info][gc,phases   ] GC(33) y: Concurrent Reset Relocation Set 0.000ms
[9.328s][info][gc,reloc    ] GC(33) y: Using tenuring threshold: 1 (Computed)
[9.328s][info][gc,phases   ] GC(33) y: Concurrent Select Relocation Set 1.079ms
[9.328s][info][gc,phases   ] GC(33) y: Pause Relocate Start 0.003ms
[9.328s][info][gc,phases   ] GC(33) y: Concurrent Relocate 0.029ms
[9.328s][info][gc,alloc    ] GC(33) y:                         Mark Start        Mark End      Relocate Start    Relocate End   
[9.328s][info][gc,alloc    ] GC(33) y: Allocation Stalls:          0                0                0                0         
[9.328s][info][gc,load     ] GC(33) y: Load: 3.36 (34%) / 3.11 (31%) / 3.17 (32%)
[9.328s][info][gc,mmu      ] GC(33) y: MMU: 2ms/99.0%, 5ms/99.5%, 10ms/99.7%, 20ms/99.7%, 50ms/99.8%, 100ms/99.9%
[9.328s][info][gc,marking  ] GC(33) y: Mark: 2 stripe(s), 2 proactive flush(es), 1 terminate flush(es), 0 completion(s), 0 continuation(s) 
[9.328s][info][gc,marking  ] GC(33) y: Mark Stack Usage: 32M
[9.328s][info][gc,nmethod  ] GC(33) y: NMethods: 1569 registered, 132 unregistered
[9.328s][info][gc,metaspace] GC(33) y: Metaspace: 9M used, 10M committed, 1088M reserved
[9.328s][info][gc,reloc    ] GC(33) y:                        Candidates     Selected     In-Place         Size        Empty    Relocated 
[9.328s][info][gc,reloc    ] GC(33) y: Small Pages:                    2            0            0           4M           2M           0M 
[9.328s][info][gc,reloc    ] GC(33) y: Medium Pages:                  28            0            0         896M         864M           0M 
[9.328s][info][gc,reloc    ] GC(33) y: Large Pages:                    0            0            0           0M           0M           0M 
[9.328s][info][gc,reloc    ] GC(33) y: Forwarding Usage: 0M
[9.328s][info][gc,reloc    ] GC(33) y: Age Table:
[9.328s][info][gc,reloc    ] GC(33) y:                    Live             Garbage             Small              Medium             Large        
[9.328s][info][gc,reloc    ] GC(33) y: Eden               0M (0%)          865M (85%)          1 / 0             27 / 0              0 / 0        
[9.328s][info][gc,reloc    ] GC(33) y: Survivor 1          -                34M (3%)           1 / 0              1 / 0              0 / 0        
[9.328s][info][gc,heap     ] GC(33) y: Min Capacity: 8M(1%)
[9.328s][info][gc,heap     ] GC(33) y: Max Capacity: 1024M(100%)
[9.328s][info][gc,heap     ] GC(33) y: Soft Max Capacity: 1024M(100%)
[9.328s][info][gc,heap     ] GC(33) y: Heap Statistics:
[9.328s][info][gc,heap     ] GC(33) y:                Mark Start          Mark End        Relocate Start      Relocate End           High               Low         
[9.328s][info][gc,heap     ] GC(33) y:  Capacity:     1024M (100%)       1024M (100%)       1024M (100%)       1024M (100%)       1024M (100%)       1024M (100%)   
[9.328s][info][gc,heap     ] GC(33) y:      Free:       82M (8%)           48M (5%)          914M (89%)         914M (89%)         914M (89%)          48M (5%)     
[9.328s][info][gc,heap     ] GC(33) y:      Used:      942M (92%)         976M (95%)         110M (11%)         110M (11%)         976M (95%)         110M (11%)    
[9.328s][info][gc,heap     ] GC(33) y: Young Generation Statistics:
[9.328s][info][gc,heap     ] GC(33) y:                Mark Start          Mark End        Relocate Start      Relocate End    
[9.328s][info][gc,heap     ] GC(33) y:      Used:      900M (88%)         934M (91%)          68M (7%)           68M (7%)     
[9.328s][info][gc,heap     ] GC(33) y:      Live:         -                 0M (0%)            0M (0%)            0M (0%)     
[9.328s][info][gc,heap     ] GC(33) y:   Garbage:         -               899M (88%)          33M (3%)           33M (3%)     
[9.328s][info][gc,heap     ] GC(33) y: Allocated:         -                34M (3%)           34M (3%)           34M (3%)     
[9.328s][info][gc,heap     ] GC(33) y: Reclaimed:         -                  -               866M (85%)         866M (85%)    
[9.328s][info][gc,heap     ] GC(33) y:  Promoted:         -                  -                 0M (0%)            0M (0%)     
[9.328s][info][gc,heap     ] GC(33) y: Compacted:         -                  -                  -                 0M (0%)     
[9.328s][info][gc,phases   ] GC(33) y: Young Generation 942M(92%)->110M(11%) 0.002s
[9.328s][info][gc          ] GC(33) Minor Collection (Allocation Rate) 942M(92%)->110M(11%) 0.003s
[9.396s][info][gc          ] GC(34) Minor Collection (Allocation Rate)
[9.396s][info][gc,task     ] GC(34) Using 2 Workers for Young Generation
[9.396s][info][gc,phases   ] GC(34) y: Young Generation
[9.396s][info][gc,phases   ] GC(34) y: Pause Mark Start 0.006ms
[9.397s][info][gc,phases   ] GC(34) y: Concurrent Mark 1.264ms
[9.397s][info][gc,phases   ] GC(34) y: Pause Mark End 0.005ms
[9.397s][info][gc,phases   ] GC(34) y: Concurrent Mark Free 0.000ms
[9.397s][info][gc,phases   ] GC(34) y: Concurrent Reset Relocation Set 0.000ms
[9.398s][info][gc,reloc    ] GC(34) y: Using tenuring threshold: 1 (Computed)
[9.398s][info][gc,phases   ] GC(34) y: Concurrent Select Relocation Set 1.033ms
[9.398s][info][gc,phases   ] GC(34) y: Pause Relocate Start 0.003ms
[9.399s][info][gc,phases   ] GC(34) y: Concurrent Relocate 0.017ms
[9.399s][info][gc,alloc    ] GC(34) y:                         Mark Start        Mark End      Relocate Start    Relocate End   
[9.399s][info][gc,alloc    ] GC(34) y: Allocation Stalls:          0                0                0                0         
[9.399s][info][gc,load     ] GC(34) y: Load: 3.36 (34%) / 3.11 (31%) / 3.17 (32%)
[9.399s][info][gc,mmu      ] GC(34) y: MMU: 2ms/99.0%, 5ms/99.5%, 10ms/99.7%, 20ms/99.7%, 50ms/99.8%, 100ms/99.9%
[9.399s][info][gc,marking  ] GC(34) y: Mark: 2 stripe(s), 2 proactive flush(es), 1 terminate flush(es), 0 completion(s), 0 continuation(s) 
[9.399s][info][gc,marking  ] GC(34) y: Mark Stack Usage: 32M
[9.399s][info][gc,nmethod  ] GC(34) y: NMethods: 1569 registered, 132 unregistered
[9.399s][info][gc,metaspace] GC(34) y: Metaspace: 9M used, 10M committed, 1088M reserved
[9.399s][info][gc,reloc    ] GC(34) y:                        Candidates     Selected     In-Place         Size        Empty    Relocated 
[9.399s][info][gc,reloc    ] GC(34) y: Small Pages:                    2            0            0           4M           2M           0M 
[9.399s][info][gc,reloc    ] GC(34) y: Medium Pages:                  27            0            0         864M         832M           0M 
[9.399s][info][gc,reloc    ] GC(34) y: Large Pages:                    0            0            0           0M           0M           0M 
[9.399s][info][gc,reloc    ] GC(34) y: Forwarding Usage: 0M
[9.399s][info][gc,reloc    ] GC(34) y: Age Table:
[9.399s][info][gc,reloc    ] GC(34) y:                    Live             Garbage             Small              Medium             Large        
[9.399s][info][gc,reloc    ] GC(34) y: Eden               0M (0%)          833M (81%)          1 / 0             26 / 0              0 / 0        
[9.399s][info][gc,reloc    ] GC(34) y: Survivor 1          -                34M (3%)           1 / 0              1 / 0              0 / 0        
[9.399s][info][gc,heap     ] GC(34) y: Min Capacity: 8M(1%)
[9.399s][info][gc,heap     ] GC(34) y: Max Capacity: 1024M(100%)
[9.399s][info][gc,heap     ] GC(34) y: Soft Max Capacity: 1024M(100%)
[9.399s][info][gc,heap     ] GC(34) y: Heap Statistics:
[9.399s][info][gc,heap     ] GC(34) y:                Mark Start          Mark End        Relocate Start      Relocate End           High               Low         
[9.399s][info][gc,heap     ] GC(34) y:  Capacity:     1024M (100%)       1024M (100%)       1024M (100%)       1024M (100%)       1024M (100%)       1024M (100%)   
[9.399s][info][gc,heap     ] GC(34) y:      Free:      114M (11%)          80M (8%)          914M (89%)         914M (89%)         914M (89%)          80M (8%)     
[9.399s][info][gc,heap     ] GC(34) y:      Used:      910M (89%)         944M (92%)         110M (11%)         110M (11%)         944M (92%)         110M (11%)    
[9.399s][info][gc,heap     ] GC(34) y: Young Generation Statistics:
[9.399s][info][gc,heap     ] GC(34) y:                Mark Start          Mark End        Relocate Start      Relocate End    
[9.399s][info][gc,heap     ] GC(34) y:      Used:      868M (85%)         902M (88%)          68M (7%)           68M (7%)     
[9.399s][info][gc,heap     ] GC(34) y:      Live:         -                 0M (0%)            0M (0%)            0M (0%)     
[9.399s][info][gc,heap     ] GC(34) y:   Garbage:         -               867M (85%)          33M (3%)           33M (3%)     
[9.399s][info][gc,heap     ] GC(34) y: Allocated:         -                34M (3%)           34M (3%)           34M (3%)     
[9.399s][info][gc,heap     ] GC(34) y: Reclaimed:         -                  -               834M (81%)         834M (81%)    
[9.399s][info][gc,heap     ] GC(34) y:  Promoted:         -                  -                 0M (0%)            0M (0%)     
[9.399s][info][gc,heap     ] GC(34) y: Compacted:         -                  -                  -                 0M (0%)     
[9.399s][info][gc,phases   ] GC(34) y: Young Generation 910M(89%)->110M(11%) 0.003s
[9.399s][info][gc          ] GC(34) Minor Collection (Allocation Rate) 910M(89%)->110M(11%) 0.003s
[9.466s][info][gc          ] GC(35) Minor Collection (Allocation Rate)
[9.466s][info][gc,task     ] GC(35) Using 2 Workers for Young Generation
[9.466s][info][gc,phases   ] GC(35) y: Young Generation
[9.466s][info][gc,phases   ] GC(35) y: Pause Mark Start 0.005ms
[9.467s][info][gc,phases   ] GC(35) y: Concurrent Mark 1.166ms
[9.467s][info][gc,phases   ] GC(35) y: Pause Mark End 0.005ms
[9.467s][info][gc,phases   ] GC(35) y: Concurrent Mark Free 0.000ms
[9.467s][info][gc,phases   ] GC(35) y: Concurrent Reset Relocation Set 0.000ms
[9.468s][info][gc,reloc    ] GC(35) y: Using tenuring threshold: 1 (Computed)
[9.468s][info][gc,phases   ] GC(35) y: Concurrent Select Relocation Set 1.038ms
[9.468s][info][gc,phases   ] GC(35) y: Pause Relocate Start 0.004ms
[9.469s][info][gc,phases   ] GC(35) y: Concurrent Relocate 0.024ms
[9.469s][info][gc,alloc    ] GC(35) y:                         Mark Start        Mark End      Relocate Start    Relocate End   
[9.469s][info][gc,alloc    ] GC(35) y: Allocation Stalls:          0                0                0                0         
[9.469s][info][gc,load     ] GC(35) y: Load: 3.36 (34%) / 3.11 (31%) / 3.17 (32%)
[9.469s][info][gc,mmu      ] GC(35) y: MMU: 2ms/99.0%, 5ms/99.5%, 10ms/99.7%, 20ms/99.7%, 50ms/99.8%, 100ms/99.9%
[9.469s][info][gc,marking  ] GC(35) y: Mark: 2 stripe(s), 2 proactive flush(es), 1 terminate flush(es), 0 completion(s), 0 continuation(s) 
[9.469s][info][gc,marking  ] GC(35) y: Mark Stack Usage: 32M
[9.469s][info][gc,nmethod  ] GC(35) y: NMethods: 1569 registered, 132 unregistered
[9.469s][info][gc,metaspace] GC(35) y: Metaspace: 9M used, 10M committed, 1088M reserved
[9.469s][info][gc,reloc    ] GC(35) y:                        Candidates     Selected     In-Place         Size        Empty    Relocated 
[9.469s][info][gc,reloc    ] GC(35) y: Small Pages:                    2            0            0           4M           2M           0M 
[9.469s][info][gc,reloc    ] GC(35) y: Medium Pages:                  27            0            0         864M         832M           0M 
[9.469s][info][gc,reloc    ] GC(35) y: Large Pages:                    0            0            0           0M           0M           0M 
[9.469s][info][gc,reloc    ] GC(35) y: Forwarding Usage: 0M
[9.469s][info][gc,reloc    ] GC(35) y: Age Table:
[9.469s][info][gc,reloc    ] GC(35) y:                    Live             Garbage             Small              Medium             Large        
[9.469s][info][gc,reloc    ] GC(35) y: Eden               0M (0%)          833M (81%)          1 / 0             26 / 0              0 / 0        
[9.469s][info][gc,reloc    ] GC(35) y: Survivor 1          -                34M (3%)           1 / 0              1 / 0              0 / 0        
[9.469s][info][gc,heap     ] GC(35) y: Min Capacity: 8M(1%)
[9.469s][info][gc,heap     ] GC(35) y: Max Capacity: 1024M(100%)
[9.469s][info][gc,heap     ] GC(35) y: Soft Max Capacity: 1024M(100%)
[9.469s][info][gc,heap     ] GC(35) y: Heap Statistics:
[9.469s][info][gc,heap     ] GC(35) y:                Mark Start          Mark End        Relocate Start      Relocate End           High               Low         
[9.469s][info][gc,heap     ] GC(35) y:  Capacity:     1024M (100%)       1024M (100%)       1024M (100%)       1024M (100%)       1024M (100%)       1024M (100%)   
[9.469s][info][gc,heap     ] GC(35) y:      Free:      114M (11%)          80M (8%)          914M (89%)         914M (89%)         914M (89%)          80M (8%)     
[9.469s][info][gc,heap     ] GC(35) y:      Used:      910M (89%)         944M (92%)         110M (11%)         110M (11%)         944M (92%)         110M (11%)    
[9.469s][info][gc,heap     ] GC(35) y: Young Generation Statistics:
[9.469s][info][gc,heap     ] GC(35) y:                Mark Start          Mark End        Relocate Start      Relocate End    
[9.469s][info][gc,heap     ] GC(35) y:      Used:      868M (85%)         902M (88%)          68M (7%)           68M (7%)     
[9.469s][info][gc,heap     ] GC(35) y:      Live:         -                 0M (0%)            0M (0%)            0M (0%)     
[9.469s][info][gc,heap     ] GC(35) y:   Garbage:         -               867M (85%)          33M (3%)           33M (3%)     
[9.469s][info][gc,heap     ] GC(35) y: Allocated:         -                34M (3%)           34M (3%)           34M (3%)     
[9.469s][info][gc,heap     ] GC(35) y: Reclaimed:         -                  -               834M (81%)         834M (81%)    
[9.469s][info][gc,heap     ] GC(35) y:  Promoted:         -                  -                 0M (0%)            0M (0%)     
[9.469s][info][gc,heap     ] GC(35) y: Compacted:         -                  -                  -                 0M (0%)     
[9.469s][info][gc,phases   ] GC(35) y: Young Generation 910M(89%)->110M(11%) 0.003s
[9.469s][info][gc          ] GC(35) Minor Collection (Allocation Rate) 910M(89%)->110M(11%) 0.003s
[9.533s][info][gc          ] GC(36) Minor Collection (Allocation Rate)
[9.533s][info][gc,task     ] GC(36) Using 1 Workers for Young Generation
[9.533s][info][gc,phases   ] GC(36) y: Young Generation
[9.533s][info][gc,phases   ] GC(36) y: Pause Mark Start 0.004ms
[9.536s][info][gc,phases   ] GC(36) y: Concurrent Mark 2.269ms
[9.536s][info][gc,phases   ] GC(36) y: Pause Mark End 0.006ms
[9.536s][info][gc,phases   ] GC(36) y: Concurrent Mark Free 0.000ms
[9.536s][info][gc,phases   ] GC(36) y: Concurrent Reset Relocation Set 0.000ms
[9.537s][info][gc,reloc    ] GC(36) y: Using tenuring threshold: 1 (Computed)
[9.537s][info][gc,phases   ] GC(36) y: Concurrent Select Relocation Set 1.104ms
[9.537s][info][gc,phases   ] GC(36) y: Pause Relocate Start 0.005ms
[9.537s][info][gc,phases   ] GC(36) y: Concurrent Relocate 0.028ms
[9.537s][info][gc,alloc    ] GC(36) y:                         Mark Start        Mark End      Relocate Start    Relocate End   
[9.537s][info][gc,alloc    ] GC(36) y: Allocation Stalls:          0                0                0                0         
[9.537s][info][gc,load     ] GC(36) y: Load: 3.36 (34%) / 3.11 (31%) / 3.17 (32%)
[9.537s][info][gc,mmu      ] GC(36) y: MMU: 2ms/99.0%, 5ms/99.5%, 10ms/99.7%, 20ms/99.7%, 50ms/99.8%, 100ms/99.9%
[9.537s][info][gc,marking  ] GC(36) y: Mark: 1 stripe(s), 2 proactive flush(es), 1 terminate flush(es), 0 completion(s), 0 continuation(s) 
[9.537s][info][gc,marking  ] GC(36) y: Mark Stack Usage: 32M
[9.537s][info][gc,nmethod  ] GC(36) y: NMethods: 1569 registered, 132 unregistered
[9.537s][info][gc,metaspace] GC(36) y: Metaspace: 9M used, 10M committed, 1088M reserved
[9.537s][info][gc,reloc    ] GC(36) y:                        Candidates     Selected     In-Place         Size        Empty    Relocated 
[9.537s][info][gc,reloc    ] GC(36) y: Small Pages:                    2            0            0           4M           2M           0M 
[9.537s][info][gc,reloc    ] GC(36) y: Medium Pages:                  26            0            0         832M         800M           0M 
[9.537s][info][gc,reloc    ] GC(36) y: Large Pages:                    0            0            0           0M           0M           0M 
[9.537s][info][gc,reloc    ] GC(36) y: Forwarding Usage: 0M
[9.537s][info][gc,reloc    ] GC(36) y: Age Table:
[9.537s][info][gc,reloc    ] GC(36) y:                    Live             Garbage             Small              Medium             Large        
[9.537s][info][gc,reloc    ] GC(36) y: Eden               0M (0%)          801M (78%)          1 / 0             25 / 0              0 / 0        
[9.537s][info][gc,reloc    ] GC(36) y: Survivor 1          -                34M (3%)           1 / 0              1 / 0              0 / 0        
[9.537s][info][gc,heap     ] GC(36) y: Min Capacity: 8M(1%)
[9.537s][info][gc,heap     ] GC(36) y: Max Capacity: 1024M(100%)
[9.537s][info][gc,heap     ] GC(36) y: Soft Max Capacity: 1024M(100%)
[9.537s][info][gc,heap     ] GC(36) y: Heap Statistics:
[9.537s][info][gc,heap     ] GC(36) y:                Mark Start          Mark End        Relocate Start      Relocate End           High               Low         
[9.537s][info][gc,heap     ] GC(36) y:  Capacity:     1024M (100%)       1024M (100%)       1024M (100%)       1024M (100%)       1024M (100%)       1024M (100%)   
[9.537s][info][gc,heap     ] GC(36) y:      Free:      146M (14%)         112M (11%)         882M (86%)         882M (86%)         882M (86%)          80M (8%)     
[9.537s][info][gc,heap     ] GC(36) y:      Used:      878M (86%)         912M (89%)         142M (14%)         142M (14%)         944M (92%)         142M (14%)    
[9.537s][info][gc,heap     ] GC(36) y: Young Generation Statistics:
[9.537s][info][gc,heap     ] GC(36) y:                Mark Start          Mark End        Relocate Start      Relocate End    
[9.537s][info][gc,heap     ] GC(36) y:      Used:      836M (82%)         870M (85%)         100M (10%)         100M (10%)    
[9.537s][info][gc,heap     ] GC(36) y:      Live:         -                 0M (0%)            0M (0%)            0M (0%)     
[9.537s][info][gc,heap     ] GC(36) y:   Garbage:         -               835M (82%)          33M (3%)           33M (3%)     
[9.537s][info][gc,heap     ] GC(36) y: Allocated:         -                34M (3%)           66M (6%)           66M (6%)     
[9.537s][info][gc,heap     ] GC(36) y: Reclaimed:         -                  -               802M (78%)         802M (78%)    
[9.537s][info][gc,heap     ] GC(36) y:  Promoted:         -                  -                 0M (0%)            0M (0%)     
[9.537s][info][gc,heap     ] GC(36) y: Compacted:         -                  -                  -                 0M (0%)     
[9.537s][info][gc,phases   ] GC(36) y: Young Generation 878M(86%)->142M(14%) 0.004s
[9.537s][info][gc          ] GC(36) Minor Collection (Allocation Rate) 878M(86%)->142M(14%) 0.004s
[9.611s][info][gc          ] GC(37) Minor Collection (Allocation Rate)
[9.611s][info][gc,task     ] GC(37) Using 3 Workers for Young Generation
[9.611s][info][gc,phases   ] GC(37) y: Young Generation
[9.611s][info][gc,phases   ] GC(37) y: Pause Mark Start 0.007ms
[9.612s][info][gc,phases   ] GC(37) y: Concurrent Mark 0.909ms
[9.612s][info][gc,phases   ] GC(37) y: Pause Mark End 0.005ms
[9.612s][info][gc,phases   ] GC(37) y: Concurrent Mark Free 0.000ms
[9.612s][info][gc,phases   ] GC(37) y: Concurrent Reset Relocation Set 0.000ms
[9.613s][info][gc,reloc    ] GC(37) y: Using tenuring threshold: 1 (Computed)
[9.613s][info][gc,phases   ] GC(37) y: Concurrent Select Relocation Set 1.066ms
[9.613s][info][gc,phases   ] GC(37) y: Pause Relocate Start 0.004ms
[9.613s][info][gc,phases   ] GC(37) y: Concurrent Relocate 0.030ms
[9.613s][info][gc,alloc    ] GC(37) y:                         Mark Start        Mark End      Relocate Start    Relocate End   
[9.613s][info][gc,alloc    ] GC(37) y: Allocation Stalls:          0                0                0                0         
[9.613s][info][gc,load     ] GC(37) y: Load: 3.36 (34%) / 3.11 (31%) / 3.17 (32%)
[9.613s][info][gc,mmu      ] GC(37) y: MMU: 2ms/99.0%, 5ms/99.5%, 10ms/99.7%, 20ms/99.7%, 50ms/99.8%, 100ms/99.9%
[9.613s][info][gc,marking  ] GC(37) y: Mark: 2 stripe(s), 2 proactive flush(es), 1 terminate flush(es), 0 completion(s), 0 continuation(s) 
[9.613s][info][gc,marking  ] GC(37) y: Mark Stack Usage: 32M
[9.613s][info][gc,nmethod  ] GC(37) y: NMethods: 1569 registered, 132 unregistered
[9.613s][info][gc,metaspace] GC(37) y: Metaspace: 9M used, 10M committed, 1088M reserved
[9.613s][info][gc,reloc    ] GC(37) y:                        Candidates     Selected     In-Place         Size        Empty    Relocated 
[9.613s][info][gc,reloc    ] GC(37) y: Small Pages:                    2            0            0           4M           2M           0M 
[9.613s][info][gc,reloc    ] GC(37) y: Medium Pages:                  28            0            0         896M         864M           0M 
[9.613s][info][gc,reloc    ] GC(37) y: Large Pages:                    0            0            0           0M           0M           0M 
[9.613s][info][gc,reloc    ] GC(37) y: Forwarding Usage: 0M
[9.613s][info][gc,reloc    ] GC(37) y: Age Table:
[9.613s][info][gc,reloc    ] GC(37) y:                    Live             Garbage             Small              Medium             Large        
[9.613s][info][gc,reloc    ] GC(37) y: Eden               0M (0%)          865M (85%)          1 / 0             27 / 0              0 / 0        
[9.613s][info][gc,reloc    ] GC(37) y: Survivor 1          -                34M (3%)           1 / 0              1 / 0              0 / 0        
[9.613s][info][gc,heap     ] GC(37) y: Min Capacity: 8M(1%)
[9.613s][info][gc,heap     ] GC(37) y: Max Capacity: 1024M(100%)
[9.613s][info][gc,heap     ] GC(37) y: Soft Max Capacity: 1024M(100%)
[9.613s][info][gc,heap     ] GC(37) y: Heap Statistics:
[9.613s][info][gc,heap     ] GC(37) y:                Mark Start          Mark End        Relocate Start      Relocate End           High               Low         
[9.613s][info][gc,heap     ] GC(37) y:  Capacity:     1024M (100%)       1024M (100%)       1024M (100%)       1024M (100%)       1024M (100%)       1024M (100%)   
[9.613s][info][gc,heap     ] GC(37) y:      Free:       82M (8%)           48M (5%)          914M (89%)         914M (89%)         914M (89%)          48M (5%)     
[9.613s][info][gc,heap     ] GC(37) y:      Used:      942M (92%)         976M (95%)         110M (11%)         110M (11%)         976M (95%)         110M (11%)    
[9.613s][info][gc,heap     ] GC(37) y: Young Generation Statistics:
[9.613s][info][gc,heap     ] GC(37) y:                Mark Start          Mark End        Relocate Start      Relocate End    
[9.613s][info][gc,heap     ] GC(37) y:      Used:      900M (88%)         934M (91%)          68M (7%)           68M (7%)     
[9.613s][info][gc,heap     ] GC(37) y:      Live:         -                 0M (0%)            0M (0%)            0M (0%)     
[9.613s][info][gc,heap     ] GC(37) y:   Garbage:         -               899M (88%)          33M (3%)           33M (3%)     
[9.613s][info][gc,heap     ] GC(37) y: Allocated:         -                34M (3%)           34M (3%)           34M (3%)     
[9.613s][info][gc,heap     ] GC(37) y: Reclaimed:         -                  -               866M (85%)         866M (85%)    
[9.613s][info][gc,heap     ] GC(37) y:  Promoted:         -                  -                 0M (0%)            0M (0%)     
[9.613s][info][gc,heap     ] GC(37) y: Compacted:         -                  -                  -                 0M (0%)     
[9.613s][info][gc,phases   ] GC(37) y: Young Generation 942M(92%)->110M(11%) 0.002s
[9.613s][info][gc          ] GC(37) Minor Collection (Allocation Rate) 942M(92%)->110M(11%) 0.002s
[9.681s][info][gc          ] GC(38) Minor Collection (Allocation Rate)
[9.681s][info][gc,task     ] GC(38) Using 2 Workers for Young Generation
[9.681s][info][gc,phases   ] GC(38) y: Young Generation
[9.681s][info][gc,phases   ] GC(38) y: Pause Mark Start 0.004ms
[9.682s][info][gc,phases   ] GC(38) y: Concurrent Mark 1.226ms
[9.683s][info][gc,phases   ] GC(38) y: Pause Mark End 0.005ms
[9.683s][info][gc,phases   ] GC(38) y: Concurrent Mark Free 0.000ms
[9.683s][info][gc,phases   ] GC(38) y: Concurrent Reset Relocation Set 0.000ms
[9.684s][info][gc,reloc    ] GC(38) y: Using tenuring threshold: 1 (Computed)
[9.684s][info][gc,phases   ] GC(38) y: Concurrent Select Relocation Set 1.048ms
[9.684s][info][gc,phases   ] GC(38) y: Pause Relocate Start 0.004ms
[9.684s][info][gc,phases   ] GC(38) y: Concurrent Relocate 0.020ms
[9.684s][info][gc,alloc    ] GC(38) y:                         Mark Start        Mark End      Relocate Start    Relocate End   
[9.684s][info][gc,alloc    ] GC(38) y: Allocation Stalls:          0                0                0                0         
[9.684s][info][gc,load     ] GC(38) y: Load: 3.36 (34%) / 3.11 (31%) / 3.17 (32%)
[9.684s][info][gc,mmu      ] GC(38) y: MMU: 2ms/99.0%, 5ms/99.5%, 10ms/99.7%, 20ms/99.7%, 50ms/99.8%, 100ms/99.9%
[9.684s][info][gc,marking  ] GC(38) y: Mark: 2 stripe(s), 2 proactive flush(es), 1 terminate flush(es), 0 completion(s), 0 continuation(s) 
[9.684s][info][gc,marking  ] GC(38) y: Mark Stack Usage: 32M
[9.684s][info][gc,nmethod  ] GC(38) y: NMethods: 1569 registered, 132 unregistered
[9.684s][info][gc,metaspace] GC(38) y: Metaspace: 9M used, 10M committed, 1088M reserved
[9.684s][info][gc,reloc    ] GC(38) y:                        Candidates     Selected     In-Place         Size        Empty    Relocated 
[9.684s][info][gc,reloc    ] GC(38) y: Small Pages:                    2            0            0           4M           2M           0M 
[9.684s][info][gc,reloc    ] GC(38) y: Medium Pages:                  27            0            0         864M         832M           0M 
[9.684s][info][gc,reloc    ] GC(38) y: Large Pages:                    0            0            0           0M           0M           0M 
[9.684s][info][gc,reloc    ] GC(38) y: Forwarding Usage: 0M
[9.684s][info][gc,reloc    ] GC(38) y: Age Table:
[9.684s][info][gc,reloc    ] GC(38) y:                    Live             Garbage             Small              Medium             Large        
[9.684s][info][gc,reloc    ] GC(38) y: Eden               0M (0%)          833M (81%)          1 / 0             26 / 0              0 / 0        
[9.684s][info][gc,reloc    ] GC(38) y: Survivor 1          -                34M (3%)           1 / 0              1 / 0              0 / 0        
[9.684s][info][gc,heap     ] GC(38) y: Min Capacity: 8M(1%)
[9.684s][info][gc,heap     ] GC(38) y: Max Capacity: 1024M(100%)
[9.684s][info][gc,heap     ] GC(38) y: Soft Max Capacity: 1024M(100%)
[9.684s][info][gc,heap     ] GC(38) y: Heap Statistics:
[9.684s][info][gc,heap     ] GC(38) y:                Mark Start          Mark End        Relocate Start      Relocate End           High               Low         
[9.684s][info][gc,heap     ] GC(38) y:  Capacity:     1024M (100%)       1024M (100%)       1024M (100%)       1024M (100%)       1024M (100%)       1024M (100%)   
[9.684s][info][gc,heap     ] GC(38) y:      Free:      114M (11%)          80M (8%)          914M (89%)         914M (89%)         914M (89%)          80M (8%)     
[9.684s][info][gc,heap     ] GC(38) y:      Used:      910M (89%)         944M (92%)         110M (11%)         110M (11%)         944M (92%)         110M (11%)    
[9.684s][info][gc,heap     ] GC(38) y: Young Generation Statistics:
[9.684s][info][gc,heap     ] GC(38) y:                Mark Start          Mark End        Relocate Start      Relocate End    
[9.684s][info][gc,heap     ] GC(38) y:      Used:      868M (85%)         902M (88%)          68M (7%)           68M (7%)     
[9.684s][info][gc,heap     ] GC(38) y:      Live:         -                 0M (0%)            0M (0%)            0M (0%)     
[9.684s][info][gc,heap     ] GC(38) y:   Garbage:         -               867M (85%)          33M (3%)           33M (3%)     
[9.684s][info][gc,heap     ] GC(38) y: Allocated:         -                34M (3%)           34M (3%)           34M (3%)     
[9.684s][info][gc,heap     ] GC(38) y: Reclaimed:         -                  -               834M (81%)         834M (81%)    
[9.684s][info][gc,heap     ] GC(38) y:  Promoted:         -                  -                 0M (0%)            0M (0%)     
[9.684s][info][gc,heap     ] GC(38) y: Compacted:         -                  -                  -                 0M (0%)     
[9.684s][info][gc,phases   ] GC(38) y: Young Generation 910M(89%)->110M(11%) 0.003s
[9.684s][info][gc          ] GC(38) Minor Collection (Allocation Rate) 910M(89%)->110M(11%) 0.003s
[9.748s][info][gc          ] GC(39) Minor Collection (Allocation Rate)
[9.749s][info][gc,task     ] GC(39) Using 1 Workers for Young Generation
[9.749s][info][gc,phases   ] GC(39) y: Young Generation
[9.749s][info][gc,phases   ] GC(39) y: Pause Mark Start 0.005ms
[9.751s][info][gc,phases   ] GC(39) y: Concurrent Mark 2.634ms
[9.751s][info][gc,phases   ] GC(39) y: Pause Mark End 0.008ms
[9.751s][info][gc,phases   ] GC(39) y: Concurrent Mark Free 0.000ms
[9.751s][info][gc,phases   ] GC(39) y: Concurrent Reset Relocation Set 0.000ms
[9.752s][info][gc,reloc    ] GC(39) y: Using tenuring threshold: 1 (Computed)
[9.752s][info][gc,phases   ] GC(39) y: Concurrent Select Relocation Set 1.105ms
[9.753s][info][gc,phases   ] GC(39) y: Pause Relocate Start 0.004ms
[9.753s][info][gc,phases   ] GC(39) y: Concurrent Relocate 0.029ms
[9.753s][info][gc,alloc    ] GC(39) y:                         Mark Start        Mark End      Relocate Start    Relocate End   
[9.753s][info][gc,alloc    ] GC(39) y: Allocation Stalls:          0                0                0                0         
[9.753s][info][gc,load     ] GC(39) y: Load: 3.36 (34%) / 3.11 (31%) / 3.17 (32%)
[9.753s][info][gc,mmu      ] GC(39) y: MMU: 2ms/99.0%, 5ms/99.5%, 10ms/99.7%, 20ms/99.7%, 50ms/99.8%, 100ms/99.9%
[9.753s][info][gc,marking  ] GC(39) y: Mark: 1 stripe(s), 2 proactive flush(es), 1 terminate flush(es), 0 completion(s), 0 continuation(s) 
[9.753s][info][gc,marking  ] GC(39) y: Mark Stack Usage: 32M
[9.753s][info][gc,nmethod  ] GC(39) y: NMethods: 1569 registered, 132 unregistered
[9.753s][info][gc,metaspace] GC(39) y: Metaspace: 9M used, 10M committed, 1088M reserved
[9.753s][info][gc,reloc    ] GC(39) y:                        Candidates     Selected     In-Place         Size        Empty    Relocated 
[9.753s][info][gc,reloc    ] GC(39) y: Small Pages:                    2            0            0           4M           2M           0M 
[9.753s][info][gc,reloc    ] GC(39) y: Medium Pages:                  26            0            0         832M         800M           0M 
[9.753s][info][gc,reloc    ] GC(39) y: Large Pages:                    0            0            0           0M           0M           0M 
[9.753s][info][gc,reloc    ] GC(39) y: Forwarding Usage: 0M
[9.753s][info][gc,reloc    ] GC(39) y: Age Table:
[9.753s][info][gc,reloc    ] GC(39) y:                    Live             Garbage             Small              Medium             Large        
[9.753s][info][gc,reloc    ] GC(39) y: Eden               0M (0%)          801M (78%)          1 / 0             25 / 0              0 / 0        
[9.753s][info][gc,reloc    ] GC(39) y: Survivor 1          -                34M (3%)           1 / 0              1 / 0              0 / 0        
[9.753s][info][gc,heap     ] GC(39) y: Min Capacity: 8M(1%)
[9.753s][info][gc,heap     ] GC(39) y: Max Capacity: 1024M(100%)
[9.753s][info][gc,heap     ] GC(39) y: Soft Max Capacity: 1024M(100%)
[9.753s][info][gc,heap     ] GC(39) y: Heap Statistics:
[9.753s][info][gc,heap     ] GC(39) y:                Mark Start          Mark End        Relocate Start      Relocate End           High               Low         
[9.753s][info][gc,heap     ] GC(39) y:  Capacity:     1024M (100%)       1024M (100%)       1024M (100%)       1024M (100%)       1024M (100%)       1024M (100%)   
[9.753s][info][gc,heap     ] GC(39) y:      Free:      146M (14%)         112M (11%)         882M (86%)         882M (86%)         882M (86%)          80M (8%)     
[9.753s][info][gc,heap     ] GC(39) y:      Used:      878M (86%)         912M (89%)         142M (14%)         142M (14%)         944M (92%)         142M (14%)    
[9.753s][info][gc,heap     ] GC(39) y: Young Generation Statistics:
[9.753s][info][gc,heap     ] GC(39) y:                Mark Start          Mark End        Relocate Start      Relocate End    
[9.753s][info][gc,heap     ] GC(39) y:      Used:      836M (82%)         870M (85%)         100M (10%)         100M (10%)    
[9.753s][info][gc,heap     ] GC(39) y:      Live:         -                 0M (0%)            0M (0%)            0M (0%)     
[9.753s][info][gc,heap     ] GC(39) y:   Garbage:         -               835M (82%)          33M (3%)           33M (3%)     
[9.753s][info][gc,heap     ] GC(39) y: Allocated:         -                34M (3%)           66M (6%)           66M (6%)     
[9.753s][info][gc,heap     ] GC(39) y: Reclaimed:         -                  -               802M (78%)         802M (78%)    
[9.753s][info][gc,heap     ] GC(39) y:  Promoted:         -                  -                 0M (0%)            0M (0%)     
[9.753s][info][gc,heap     ] GC(39) y: Compacted:         -                  -                  -                 0M (0%)     
[9.753s][info][gc,phases   ] GC(39) y: Young Generation 878M(86%)->142M(14%) 0.004s
[9.753s][info][gc          ] GC(39) Minor Collection (Allocation Rate) 878M(86%)->142M(14%) 0.004s
[9.816s][info][gc          ] GC(40) Minor Collection (Allocation Rate)
[9.816s][info][gc,task     ] GC(40) Using 1 Workers for Young Generation
[9.816s][info][gc,phases   ] GC(40) y: Young Generation
[9.816s][info][gc,phases   ] GC(40) y: Pause Mark Start 0.006ms
[9.818s][info][gc,phases   ] GC(40) y: Concurrent Mark 1.969ms
[9.818s][info][gc,phases   ] GC(40) y: Pause Mark End 0.006ms
[9.818s][info][gc,phases   ] GC(40) y: Concurrent Mark Free 0.000ms
[9.818s][info][gc,phases   ] GC(40) y: Concurrent Reset Relocation Set 0.000ms
[9.819s][info][gc,reloc    ] GC(40) y: Using tenuring threshold: 1 (Computed)
[9.819s][info][gc,phases   ] GC(40) y: Concurrent Select Relocation Set 1.029ms
[9.819s][info][gc,phases   ] GC(40) y: Pause Relocate Start 0.004ms
[9.819s][info][gc,phases   ] GC(40) y: Concurrent Relocate 0.020ms
[9.819s][info][gc,alloc    ] GC(40) y:                         Mark Start        Mark End      Relocate Start    Relocate End   
[9.819s][info][gc,alloc    ] GC(40) y: Allocation Stalls:          0                0                0                0         
[9.820s][info][gc,load     ] GC(40) y: Load: 3.36 (34%) / 3.11 (31%) / 3.17 (32%)
[9.820s][info][gc,mmu      ] GC(40) y: MMU: 2ms/99.0%, 5ms/99.5%, 10ms/99.7%, 20ms/99.7%, 50ms/99.8%, 100ms/99.9%
[9.820s][info][gc,marking  ] GC(40) y: Mark: 1 stripe(s), 2 proactive flush(es), 1 terminate flush(es), 0 completion(s), 0 continuation(s) 
[9.820s][info][gc,marking  ] GC(40) y: Mark Stack Usage: 32M
[9.820s][info][gc,nmethod  ] GC(40) y: NMethods: 1569 registered, 132 unregistered
[9.820s][info][gc,metaspace] GC(40) y: Metaspace: 9M used, 10M committed, 1088M reserved
[9.820s][info][gc,reloc    ] GC(40) y:                        Candidates     Selected     In-Place         Size        Empty    Relocated 
[9.820s][info][gc,reloc    ] GC(40) y: Small Pages:                    2            0            0           4M           2M           0M 
[9.820s][info][gc,reloc    ] GC(40) y: Medium Pages:                  26            0            0         832M         800M           0M 
[9.820s][info][gc,reloc    ] GC(40) y: Large Pages:                    0            0            0           0M           0M           0M 
[9.820s][info][gc,reloc    ] GC(40) y: Forwarding Usage: 0M
[9.820s][info][gc,reloc    ] GC(40) y: Age Table:
[9.820s][info][gc,reloc    ] GC(40) y:                    Live             Garbage             Small              Medium             Large        
[9.820s][info][gc,reloc    ] GC(40) y: Eden               0M (0%)          801M (78%)          1 / 0             25 / 0              0 / 0        
[9.820s][info][gc,reloc    ] GC(40) y: Survivor 1          -                34M (3%)           1 / 0              1 / 0              0 / 0        
[9.820s][info][gc,heap     ] GC(40) y: Min Capacity: 8M(1%)
[9.820s][info][gc,heap     ] GC(40) y: Max Capacity: 1024M(100%)
[9.820s][info][gc,heap     ] GC(40) y: Soft Max Capacity: 1024M(100%)
[9.820s][info][gc,heap     ] GC(40) y: Heap Statistics:
[9.820s][info][gc,heap     ] GC(40) y:                Mark Start          Mark End        Relocate Start      Relocate End           High               Low         
[9.820s][info][gc,heap     ] GC(40) y:  Capacity:     1024M (100%)       1024M (100%)       1024M (100%)       1024M (100%)       1024M (100%)       1024M (100%)   
[9.820s][info][gc,heap     ] GC(40) y:      Free:      146M (14%)         112M (11%)         882M (86%)         882M (86%)         882M (86%)          80M (8%)     
[9.820s][info][gc,heap     ] GC(40) y:      Used:      878M (86%)         912M (89%)         142M (14%)         142M (14%)         944M (92%)         142M (14%)    
[9.820s][info][gc,heap     ] GC(40) y: Young Generation Statistics:
[9.820s][info][gc,heap     ] GC(40) y:                Mark Start          Mark End        Relocate Start      Relocate End    
[9.820s][info][gc,heap     ] GC(40) y:      Used:      836M (82%)         870M (85%)         100M (10%)         100M (10%)    
[9.820s][info][gc,heap     ] GC(40) y:      Live:         -                 0M (0%)            0M (0%)            0M (0%)     
[9.820s][info][gc,heap     ] GC(40) y:   Garbage:         -               835M (82%)          33M (3%)           33M (3%)     
[9.820s][info][gc,heap     ] GC(40) y: Allocated:         -                34M (3%)           66M (6%)           66M (6%)     
[9.820s][info][gc,heap     ] GC(40) y: Reclaimed:         -                  -               802M (78%)         802M (78%)    
[9.820s][info][gc,heap     ] GC(40) y:  Promoted:         -                  -                 0M (0%)            0M (0%)     
[9.820s][info][gc,heap     ] GC(40) y: Compacted:         -                  -                  -                 0M (0%)     
[9.820s][info][gc,phases   ] GC(40) y: Young Generation 878M(86%)->142M(14%) 0.003s
[9.820s][info][gc          ] GC(40) Minor Collection (Allocation Rate) 878M(86%)->142M(14%) 0.004s
[9.886s][info][gc          ] GC(41) Minor Collection (Allocation Rate)
[9.886s][info][gc,task     ] GC(41) Using 2 Workers for Young Generation
[9.886s][info][gc,phases   ] GC(41) y: Young Generation
[9.886s][info][gc,phases   ] GC(41) y: Pause Mark Start 0.007ms
[9.888s][info][gc,phases   ] GC(41) y: Concurrent Mark 1.164ms
[9.888s][info][gc,phases   ] GC(41) y: Pause Mark End 0.005ms
[9.888s][info][gc,phases   ] GC(41) y: Concurrent Mark Free 0.000ms
[9.888s][info][gc,phases   ] GC(41) y: Concurrent Reset Relocation Set 0.000ms
[9.889s][info][gc,reloc    ] GC(41) y: Using tenuring threshold: 1 (Computed)
[9.889s][info][gc,phases   ] GC(41) y: Concurrent Select Relocation Set 1.048ms
[9.889s][info][gc,phases   ] GC(41) y: Pause Relocate Start 0.004ms
[9.889s][info][gc,phases   ] GC(41) y: Concurrent Relocate 0.024ms
[9.889s][info][gc,alloc    ] GC(41) y:                         Mark Start        Mark End      Relocate Start    Relocate End   
[9.889s][info][gc,alloc    ] GC(41) y: Allocation Stalls:          0                0                0                0         
[9.889s][info][gc,load     ] GC(41) y: Load: 3.36 (34%) / 3.11 (31%) / 3.17 (32%)
[9.889s][info][gc,mmu      ] GC(41) y: MMU: 2ms/99.0%, 5ms/99.5%, 10ms/99.7%, 20ms/99.7%, 50ms/99.8%, 100ms/99.9%
[9.889s][info][gc,marking  ] GC(41) y: Mark: 2 stripe(s), 2 proactive flush(es), 1 terminate flush(es), 0 completion(s), 0 continuation(s) 
[9.889s][info][gc,marking  ] GC(41) y: Mark Stack Usage: 32M
[9.889s][info][gc,nmethod  ] GC(41) y: NMethods: 1569 registered, 132 unregistered
[9.889s][info][gc,metaspace] GC(41) y: Metaspace: 9M used, 10M committed, 1088M reserved
[9.889s][info][gc,reloc    ] GC(41) y:                        Candidates     Selected     In-Place         Size        Empty    Relocated 
[9.889s][info][gc,reloc    ] GC(41) y: Small Pages:                    2            0            0           4M           2M           0M 
[9.889s][info][gc,reloc    ] GC(41) y: Medium Pages:                  27            0            0         864M         832M           0M 
[9.889s][info][gc,reloc    ] GC(41) y: Large Pages:                    0            0            0           0M           0M           0M 
[9.889s][info][gc,reloc    ] GC(41) y: Forwarding Usage: 0M
[9.889s][info][gc,reloc    ] GC(41) y: Age Table:
[9.889s][info][gc,reloc    ] GC(41) y:                    Live             Garbage             Small              Medium             Large        
[9.889s][info][gc,reloc    ] GC(41) y: Eden               0M (0%)          833M (81%)          1 / 0             26 / 0              0 / 0        
[9.889s][info][gc,reloc    ] GC(41) y: Survivor 1          -                34M (3%)           1 / 0              1 / 0              0 / 0        
[9.889s][info][gc,heap     ] GC(41) y: Min Capacity: 8M(1%)
[9.889s][info][gc,heap     ] GC(41) y: Max Capacity: 1024M(100%)
[9.889s][info][gc,heap     ] GC(41) y: Soft Max Capacity: 1024M(100%)
[9.889s][info][gc,heap     ] GC(41) y: Heap Statistics:
[9.889s][info][gc,heap     ] GC(41) y:                Mark Start          Mark End        Relocate Start      Relocate End           High               Low         
[9.889s][info][gc,heap     ] GC(41) y:  Capacity:     1024M (100%)       1024M (100%)       1024M (100%)       1024M (100%)       1024M (100%)       1024M (100%)   
[9.889s][info][gc,heap     ] GC(41) y:      Free:      114M (11%)          80M (8%)          914M (89%)         914M (89%)         914M (89%)          80M (8%)     
[9.889s][info][gc,heap     ] GC(41) y:      Used:      910M (89%)         944M (92%)         110M (11%)         110M (11%)         944M (92%)         110M (11%)    
[9.889s][info][gc,heap     ] GC(41) y: Young Generation Statistics:
[9.889s][info][gc,heap     ] GC(41) y:                Mark Start          Mark End        Relocate Start      Relocate End    
[9.889s][info][gc,heap     ] GC(41) y:      Used:      868M (85%)         902M (88%)          68M (7%)           68M (7%)     
[9.889s][info][gc,heap     ] GC(41) y:      Live:         -                 0M (0%)            0M (0%)            0M (0%)     
[9.889s][info][gc,heap     ] GC(41) y:   Garbage:         -               867M (85%)          33M (3%)           33M (3%)     
[9.889s][info][gc,heap     ] GC(41) y: Allocated:         -                34M (3%)           34M (3%)           34M (3%)     
[9.889s][info][gc,heap     ] GC(41) y: Reclaimed:         -                  -               834M (81%)         834M (81%)    
[9.889s][info][gc,heap     ] GC(41) y:  Promoted:         -                  -                 0M (0%)            0M (0%)     
[9.889s][info][gc,heap     ] GC(41) y: Compacted:         -                  -                  -                 0M (0%)     
[9.889s][info][gc,phases   ] GC(41) y: Young Generation 910M(89%)->110M(11%) 0.003s
[9.889s][info][gc          ] GC(41) Minor Collection (Allocation Rate) 910M(89%)->110M(11%) 0.003s
[9.954s][info][gc          ] GC(42) Minor Collection (Allocation Rate)
[9.954s][info][gc,task     ] GC(42) Using 1 Workers for Young Generation
[9.954s][info][gc,phases   ] GC(42) y: Young Generation
[9.954s][info][gc,phases   ] GC(42) y: Pause Mark Start 0.006ms
[9.957s][info][gc,phases   ] GC(42) y: Concurrent Mark 2.654ms
[9.957s][info][gc,phases   ] GC(42) y: Pause Mark End 0.008ms
[9.957s][info][gc,phases   ] GC(42) y: Concurrent Mark Free 0.000ms
[9.957s][info][gc,phases   ] GC(42) y: Concurrent Reset Relocation Set 0.000ms
[9.958s][info][gc,reloc    ] GC(42) y: Using tenuring threshold: 1 (Computed)
[9.958s][info][gc,phases   ] GC(42) y: Concurrent Select Relocation Set 1.111ms
[9.958s][info][gc,phases   ] GC(42) y: Pause Relocate Start 0.004ms
[9.958s][info][gc,phases   ] GC(42) y: Concurrent Relocate 0.031ms
[9.958s][info][gc,alloc    ] GC(42) y:                         Mark Start        Mark End      Relocate Start    Relocate End   
[9.958s][info][gc,alloc    ] GC(42) y: Allocation Stalls:          0                0                0                0         
[9.958s][info][gc,load     ] GC(42) y: Load: 3.36 (34%) / 3.11 (31%) / 3.17 (32%)
[9.958s][info][gc,mmu      ] GC(42) y: MMU: 2ms/99.0%, 5ms/99.5%, 10ms/99.7%, 20ms/99.7%, 50ms/99.8%, 100ms/99.9%
[9.958s][info][gc,marking  ] GC(42) y: Mark: 1 stripe(s), 2 proactive flush(es), 1 terminate flush(es), 0 completion(s), 0 continuation(s) 
[9.958s][info][gc,marking  ] GC(42) y: Mark Stack Usage: 32M
[9.958s][info][gc,nmethod  ] GC(42) y: NMethods: 1569 registered, 132 unregistered
[9.958s][info][gc,metaspace] GC(42) y: Metaspace: 9M used, 10M committed, 1088M reserved
[9.958s][info][gc,reloc    ] GC(42) y:                        Candidates     Selected     In-Place         Size        Empty    Relocated 
[9.958s][info][gc,reloc    ] GC(42) y: Small Pages:                    2            0            0           4M           2M           0M 
[9.958s][info][gc,reloc    ] GC(42) y: Medium Pages:                  26            0            0         832M         800M           0M 
[9.958s][info][gc,reloc    ] GC(42) y: Large Pages:                    0            0            0           0M           0M           0M 
[9.958s][info][gc,reloc    ] GC(42) y: Forwarding Usage: 0M
[9.958s][info][gc,reloc    ] GC(42) y: Age Table:
[9.958s][info][gc,reloc    ] GC(42) y:                    Live             Garbage             Small              Medium             Large        
[9.958s][info][gc,reloc    ] GC(42) y: Eden               0M (0%)          801M (78%)          1 / 0             25 / 0              0 / 0        
[9.958s][info][gc,reloc    ] GC(42) y: Survivor 1          -                34M (3%)           1 / 0              1 / 0              0 / 0        
[9.958s][info][gc,heap     ] GC(42) y: Min Capacity: 8M(1%)
[9.958s][info][gc,heap     ] GC(42) y: Max Capacity: 1024M(100%)
[9.958s][info][gc,heap     ] GC(42) y: Soft Max Capacity: 1024M(100%)
[9.958s][info][gc,heap     ] GC(42) y: Heap Statistics:
[9.958s][info][gc,heap     ] GC(42) y:                Mark Start          Mark End        Relocate Start      Relocate End           High               Low         
[9.958s][info][gc,heap     ] GC(42) y:  Capacity:     1024M (100%)       1024M (100%)       1024M (100%)       1024M (100%)       1024M (100%)       1024M (100%)   
[9.958s][info][gc,heap     ] GC(42) y:      Free:      146M (14%)         112M (11%)         882M (86%)         882M (86%)         882M (86%)          80M (8%)     
[9.958s][info][gc,heap     ] GC(42) y:      Used:      878M (86%)         912M (89%)         142M (14%)         142M (14%)         944M (92%)         142M (14%)    
[9.958s][info][gc,heap     ] GC(42) y: Young Generation Statistics:
[9.958s][info][gc,heap     ] GC(42) y:                Mark Start          Mark End        Relocate Start      Relocate End    
[9.958s][info][gc,heap     ] GC(42) y:      Used:      836M (82%)         870M (85%)         100M (10%)         100M (10%)    
[9.958s][info][gc,heap     ] GC(42) y:      Live:         -                 0M (0%)            0M (0%)            0M (0%)     
[9.958s][info][gc,heap     ] GC(42) y:   Garbage:         -               835M (82%)          33M (3%)           33M (3%)     
[9.958s][info][gc,heap     ] GC(42) y: Allocated:         -                34M (3%)           66M (6%)           66M (6%)     
[9.958s][info][gc,heap     ] GC(42) y: Reclaimed:         -                  -               802M (78%)         802M (78%)    
[9.958s][info][gc,heap     ] GC(42) y:  Promoted:         -                  -                 0M (0%)            0M (0%)     
[9.958s][info][gc,heap     ] GC(42) y: Compacted:         -                  -                  -                 0M (0%)     
[9.958s][info][gc,phases   ] GC(42) y: Young Generation 878M(86%)->142M(14%) 0.004s
[9.958s][info][gc          ] GC(42) Minor Collection (Allocation Rate) 878M(86%)->142M(14%) 0.004s
[10.024s][info][gc          ] GC(43) Minor Collection (Allocation Rate)
[10.024s][info][gc,task     ] GC(43) Using 2 Workers for Young Generation
[10.024s][info][gc,phases   ] GC(43) y: Young Generation
[10.024s][info][gc,phases   ] GC(43) y: Pause Mark Start 0.006ms
[10.026s][info][gc,phases   ] GC(43) y: Concurrent Mark 1.196ms
[10.026s][info][gc,phases   ] GC(43) y: Pause Mark End 0.009ms
[10.026s][info][gc,phases   ] GC(43) y: Concurrent Mark Free 0.000ms
[10.026s][info][gc,phases   ] GC(43) y: Concurrent Reset Relocation Set 0.000ms
[10.027s][info][gc,reloc    ] GC(43) y: Using tenuring threshold: 1 (Computed)
[10.027s][info][gc,phases   ] GC(43) y: Concurrent Select Relocation Set 1.057ms
[10.027s][info][gc,phases   ] GC(43) y: Pause Relocate Start 0.006ms
[10.027s][info][gc,phases   ] GC(43) y: Concurrent Relocate 0.041ms
[10.027s][info][gc,alloc    ] GC(43) y:                         Mark Start        Mark End      Relocate Start    Relocate End   
[10.027s][info][gc,alloc    ] GC(43) y: Allocation Stalls:          0                0                0                0         
[10.027s][info][gc,load     ] GC(43) y: Load: 3.36 (34%) / 3.11 (31%) / 3.17 (32%)
[10.027s][info][gc,mmu      ] GC(43) y: MMU: 2ms/99.0%, 5ms/99.5%, 10ms/99.7%, 20ms/99.7%, 50ms/99.8%, 100ms/99.9%
[10.027s][info][gc,marking  ] GC(43) y: Mark: 2 stripe(s), 2 proactive flush(es), 1 terminate flush(es), 0 completion(s), 0 continuation(s) 
[10.027s][info][gc,marking  ] GC(43) y: Mark Stack Usage: 32M
[10.027s][info][gc,nmethod  ] GC(43) y: NMethods: 1569 registered, 132 unregistered
[10.027s][info][gc,metaspace] GC(43) y: Metaspace: 9M used, 10M committed, 1088M reserved
[10.027s][info][gc,reloc    ] GC(43) y:                        Candidates     Selected     In-Place         Size        Empty    Relocated 
[10.027s][info][gc,reloc    ] GC(43) y: Small Pages:                    2            0            0           4M           2M           0M 
[10.027s][info][gc,reloc    ] GC(43) y: Medium Pages:                  27            0            0         864M         832M           0M 
[10.027s][info][gc,reloc    ] GC(43) y: Large Pages:                    0            0            0           0M           0M           0M 
[10.027s][info][gc,reloc    ] GC(43) y: Forwarding Usage: 0M
[10.027s][info][gc,reloc    ] GC(43) y: Age Table:
[10.027s][info][gc,reloc    ] GC(43) y:                    Live             Garbage             Small              Medium             Large        
[10.027s][info][gc,reloc    ] GC(43) y: Eden               0M (0%)          833M (81%)          1 / 0             26 / 0              0 / 0        
[10.027s][info][gc,reloc    ] GC(43) y: Survivor 1          -                34M (3%)           1 / 0              1 / 0              0 / 0        
[10.027s][info][gc,heap     ] GC(43) y: Min Capacity: 8M(1%)
[10.027s][info][gc,heap     ] GC(43) y: Max Capacity: 1024M(100%)
[10.027s][info][gc,heap     ] GC(43) y: Soft Max Capacity: 1024M(100%)
[10.027s][info][gc,heap     ] GC(43) y: Heap Statistics:
[10.027s][info][gc,heap     ] GC(43) y:                Mark Start          Mark End        Relocate Start      Relocate End           High               Low         
[10.027s][info][gc,heap     ] GC(43) y:  Capacity:     1024M (100%)       1024M (100%)       1024M (100%)       1024M (100%)       1024M (100%)       1024M (100%)   
[10.027s][info][gc,heap     ] GC(43) y:      Free:      114M (11%)          80M (8%)          914M (89%)         914M (89%)         914M (89%)          80M (8%)     
[10.027s][info][gc,heap     ] GC(43) y:      Used:      910M (89%)         944M (92%)         110M (11%)         110M (11%)         944M (92%)         110M (11%)    
[10.027s][info][gc,heap     ] GC(43) y: Young Generation Statistics:
[10.027s][info][gc,heap     ] GC(43) y:                Mark Start          Mark End        Relocate Start      Relocate End    
[10.027s][info][gc,heap     ] GC(43) y:      Used:      868M (85%)         902M (88%)          68M (7%)           68M (7%)     
[10.027s][info][gc,heap     ] GC(43) y:      Live:         -                 0M (0%)            0M (0%)            0M (0%)     
[10.027s][info][gc,heap     ] GC(43) y:   Garbage:         -               867M (85%)          33M (3%)           33M (3%)     
[10.027s][info][gc,heap     ] GC(43) y: Allocated:         -                34M (3%)           34M (3%)           34M (3%)     
[10.027s][info][gc,heap     ] GC(43) y: Reclaimed:         -                  -               834M (81%)         834M (81%)    
[10.027s][info][gc,heap     ] GC(43) y:  Promoted:         -                  -                 0M (0%)            0M (0%)     
[10.027s][info][gc,heap     ] GC(43) y: Compacted:         -                  -                  -                 0M (0%)     
[10.027s][info][gc,phases   ] GC(43) y: Young Generation 910M(89%)->110M(11%) 0.003s
[10.027s][info][gc          ] GC(43) Minor Collection (Allocation Rate) 910M(89%)->110M(11%) 0.003s
[10.053s][info][gc          ] GC(44) Major Collection (Proactive)
[10.053s][info][gc,task     ] GC(44) Using 1 Workers for Young Generation
[10.053s][info][gc,task     ] GC(44) Using 1 Workers for Old Generation
[10.053s][info][gc,phases   ] GC(44) Y: Young Generation
[10.053s][info][gc,phases   ] GC(44) Y: Pause Mark Start (Major) 0.006ms
[10.055s][info][gc,phases   ] GC(44) Y: Concurrent Mark 1.798ms
[10.055s][info][gc,phases   ] GC(44) Y: Pause Mark End 0.005ms
[10.055s][info][gc,phases   ] GC(44) Y: Concurrent Mark Free 0.000ms
[10.055s][info][gc,phases   ] GC(44) Y: Concurrent Reset Relocation Set 0.000ms
[10.056s][info][gc,reloc    ] GC(44) Y: Using tenuring threshold: 1 (Computed)
[10.056s][info][gc,phases   ] GC(44) Y: Concurrent Select Relocation Set 1.051ms
[10.056s][info][gc,phases   ] GC(44) Y: Pause Relocate Start 0.004ms
[10.056s][info][gc,phases   ] GC(44) Y: Concurrent Relocate 0.034ms
[10.056s][info][gc,alloc    ] GC(44) Y:                         Mark Start        Mark End      Relocate Start    Relocate End   
[10.056s][info][gc,alloc    ] GC(44) Y: Allocation Stalls:          0                0                0                0         
[10.056s][info][gc,load     ] GC(44) Y: Load: 3.36 (34%) / 3.11 (31%) / 3.17 (32%)
[10.056s][info][gc,mmu      ] GC(44) Y: MMU: 2ms/99.0%, 5ms/99.5%, 10ms/99.7%, 20ms/99.7%, 50ms/99.8%, 100ms/99.9%
[10.056s][info][gc,marking  ] GC(44) Y: Mark: 1 stripe(s), 2 proactive flush(es), 1 terminate flush(es), 0 completion(s), 0 continuation(s) 
[10.056s][info][gc,marking  ] GC(44) Y: Mark Stack Usage: 32M
[10.056s][info][gc,nmethod  ] GC(44) Y: NMethods: 1569 registered, 132 unregistered
[10.056s][info][gc,metaspace] GC(44) Y: Metaspace: 9M used, 10M committed, 1088M reserved
[10.056s][info][gc,reloc    ] GC(44) Y:                        Candidates     Selected     In-Place         Size        Empty    Relocated 
[10.056s][info][gc,reloc    ] GC(44) Y: Small Pages:                    2            0            0           4M           2M           0M 
[10.056s][info][gc,reloc    ] GC(44) Y: Medium Pages:                  12            0            0         384M         352M           0M 
[10.056s][info][gc,reloc    ] GC(44) Y: Large Pages:                    0            0            0           0M           0M           0M 
[10.056s][info][gc,reloc    ] GC(44) Y: Forwarding Usage: 0M
[10.056s][info][gc,reloc    ] GC(44) Y: Age Table:
[10.056s][info][gc,reloc    ] GC(44) Y:                    Live             Garbage             Small              Medium             Large        
[10.056s][info][gc,reloc    ] GC(44) Y: Eden               0M (0%)          353M (35%)          1 / 0             11 / 0              0 / 0        
[10.056s][info][gc,reloc    ] GC(44) Y: Survivor 1          -                34M (3%)           1 / 0              1 / 0              0 / 0        
[10.056s][info][gc,heap     ] GC(44) Y: Min Capacity: 8M(1%)
[10.056s][info][gc,heap     ] GC(44) Y: Max Capacity: 1024M(100%)
[10.056s][info][gc,heap     ] GC(44) Y: Soft Max Capacity: 1024M(100%)
[10.056s][info][gc,heap     ] GC(44) Y: Heap Statistics:
[10.056s][info][gc,heap     ] GC(44) Y:                Mark Start          Mark End        Relocate Start      Relocate End           High               Low         
[10.056s][info][gc,heap     ] GC(44) Y:  Capacity:     1024M (100%)       1024M (100%)       1024M (100%)       1024M (100%)       1024M (100%)       1024M (100%)   
[10.056s][info][gc,heap     ] GC(44) Y:      Free:      594M (58%)         560M (55%)         914M (89%)         914M (89%)         914M (89%)         560M (55%)    
[10.056s][info][gc,heap     ] GC(44) Y:      Used:      430M (42%)         464M (45%)         110M (11%)         110M (11%)         464M (45%)         110M (11%)    
[10.056s][info][gc,heap     ] GC(44) Y: Young Generation Statistics:
[10.056s][info][gc,heap     ] GC(44) Y:                Mark Start          Mark End        Relocate Start      Relocate End    
[10.056s][info][gc,heap     ] GC(44) Y:      Used:      388M (38%)         422M (41%)          68M (7%)           68M (7%)     
[10.056s][info][gc,heap     ] GC(44) Y:      Live:         -                 0M (0%)            0M (0%)            0M (0%)     
[10.056s][info][gc,heap     ] GC(44) Y:   Garbage:         -               387M (38%)          33M (3%)           33M (3%)     
[10.056s][info][gc,heap     ] GC(44) Y: Allocated:         -                34M (3%)           34M (3%)           34M (3%)     
[10.056s][info][gc,heap     ] GC(44) Y: Reclaimed:         -                  -               354M (35%)         354M (35%)    
[10.056s][info][gc,heap     ] GC(44) Y:  Promoted:         -                  -                 0M (0%)            0M (0%)     
[10.056s][info][gc,heap     ] GC(44) Y: Compacted:         -                  -                  -                 0M (0%)     
[10.056s][info][gc,phases   ] GC(44) Y: Young Generation 430M(42%)->110M(11%) 0.003s
[10.056s][info][gc,phases   ] GC(44) O: Old Generation
[10.061s][info][gc,phases   ] GC(44) O: Concurrent Mark 4.335ms
[10.061s][info][gc,phases   ] GC(44) O: Pause Mark End 0.007ms
[10.061s][info][gc,phases   ] GC(44) O: Concurrent Mark Free 0.000ms
[10.063s][info][gc,phases   ] GC(44) O: Concurrent Process Non-Strong 2.327ms
[10.063s][info][gc,phases   ] GC(44) O: Concurrent Reset Relocation Set 0.001ms
[10.064s][info][gc,phases   ] GC(44) O: Concurrent Select Relocation Set 0.972ms
[10.064s][info][gc,task     ] GC(44) O: Using 2 Workers for Old Generation
[10.069s][info][gc,task     ] GC(44) O: Using 1 Workers for Old Generation
[10.069s][info][gc,phases   ] GC(44) O: Concurrent Remap Roots 5.116ms
[10.069s][info][gc,phases   ] GC(44) O: Pause Relocate Start 0.005ms
[10.070s][info][gc,phases   ] GC(44) O: Concurrent Relocate 0.830ms
[10.070s][info][gc,alloc    ] GC(44) O:                         Mark Start        Mark End      Relocate Start    Relocate End   
[10.070s][info][gc,alloc    ] GC(44) O: Allocation Stalls:          0                0                0                0         
[10.070s][info][gc,load     ] GC(44) O: Load: 3.36 (34%) / 3.11 (31%) / 3.17 (32%)
[10.070s][info][gc,mmu      ] GC(44) O: MMU: 2ms/99.0%, 5ms/99.5%, 10ms/99.7%, 20ms/99.7%, 50ms/99.8%, 100ms/99.9%
[10.070s][info][gc,marking  ] GC(44) O: Mark: 1 stripe(s), 2 proactive flush(es), 1 terminate flush(es), 0 completion(s), 0 continuation(s) 
[10.070s][info][gc,marking  ] GC(44) O: Mark Stack Usage: 32M
[10.070s][info][gc,nmethod  ] GC(44) O: NMethods: 1569 registered, 132 unregistered
[10.070s][info][gc,metaspace] GC(44) O: Metaspace: 9M used, 10M committed, 1088M reserved
[10.070s][info][gc,ref      ] GC(44) O:                       Encountered   Discovered     Enqueued 
[10.070s][info][gc,ref      ] GC(44) O: Soft References:              372            0            0 
[10.070s][info][gc,ref      ] GC(44) O: Weak References:             1122          843           12 
[10.070s][info][gc,ref      ] GC(44) O: Final References:             880          270            0 
[10.070s][info][gc,ref      ] GC(44) O: Phantom References:            33            3            1 
[10.070s][info][gc,reloc    ] GC(44) O:                        Candidates     Selected     In-Place         Size        Empty    Relocated 
[10.070s][info][gc,reloc    ] GC(44) O: Small Pages:                    5            2            0          10M           0M           1M 
[10.070s][info][gc,reloc    ] GC(44) O: Medium Pages:                   1            0            0          32M           0M           0M 
[10.070s][info][gc,reloc    ] GC(44) O: Large Pages:                    0            0            0           0M           0M           0M 
[10.070s][info][gc,reloc    ] GC(44) O: Forwarding Usage: 0M
[10.070s][info][gc,heap     ] GC(44) O: Min Capacity: 8M(1%)
[10.070s][info][gc,heap     ] GC(44) O: Max Capacity: 1024M(100%)
[10.070s][info][gc,heap     ] GC(44) O: Soft Max Capacity: 1024M(100%)
[10.070s][info][gc,heap     ] GC(44) O: Heap Statistics:
[10.070s][info][gc,heap     ] GC(44) O:                Mark Start          Mark End        Relocate Start      Relocate End           High               Low         
[10.070s][info][gc,heap     ] GC(44) O:  Capacity:     1024M (100%)       1024M (100%)       1024M (100%)       1024M (100%)       1024M (100%)       1024M (100%)   
[10.070s][info][gc,heap     ] GC(44) O:      Free:      594M (58%)         850M (83%)         754M (74%)         756M (74%)         914M (89%)         560M (55%)    
[10.070s][info][gc,heap     ] GC(44) O:      Used:      430M (42%)         174M (17%)         270M (26%)         268M (26%)         464M (45%)         110M (11%)    
[10.070s][info][gc,heap     ] GC(44) O: Old Generation Statistics:
[10.070s][info][gc,heap     ] GC(44) O:                Mark Start          Mark End        Relocate Start      Relocate End    
[10.070s][info][gc,heap     ] GC(44) O:      Used:       42M (4%)           42M (4%)           42M (4%)           40M (4%)     
[10.070s][info][gc,heap     ] GC(44) O:      Live:         -                 4M (0%)            4M (0%)            4M (0%)     
[10.070s][info][gc,heap     ] GC(44) O:   Garbage:         -                37M (4%)           37M (4%)           32M (3%)     
[10.070s][info][gc,heap     ] GC(44) O: Allocated:         -                 0M (0%)            0M (0%)            2M (0%)     
[10.070s][info][gc,heap     ] GC(44) O: Reclaimed:         -                  -                 0M (0%)            4M (0%)     
[10.070s][info][gc,heap     ] GC(44) O: Compacted:         -                  -                  -                 1M (0%)     
[10.070s][info][gc,phases   ] GC(44) O: Old Generation 110M(11%)->268M(26%) 0.014s
[10.070s][info][gc          ] GC(44) Major Collection (Proactive) 430M(42%)->268M(26%) 0.017s
[10.121s][info][gc          ] GC(45) Minor Collection (Allocation Rate)
[10.121s][info][gc,task     ] GC(45) Using 1 Workers for Young Generation
[10.121s][info][gc,phases   ] GC(45) y: Young Generation
[10.121s][info][gc,phases   ] GC(45) y: Pause Mark Start 0.005ms
[10.124s][info][gc,phases   ] GC(45) y: Concurrent Mark 2.842ms
[10.124s][info][gc,phases   ] GC(45) y: Pause Mark End 0.011ms
[10.124s][info][gc,phases   ] GC(45) y: Concurrent Mark Free 0.000ms
[10.124s][info][gc,phases   ] GC(45) y: Concurrent Reset Relocation Set 0.000ms
[10.125s][info][gc,reloc    ] GC(45) y: Using tenuring threshold: 1 (Computed)
[10.125s][info][gc,phases   ] GC(45) y: Concurrent Select Relocation Set 1.093ms
[10.125s][info][gc,phases   ] GC(45) y: Pause Relocate Start 0.006ms
[10.125s][info][gc,phases   ] GC(45) y: Concurrent Relocate 0.031ms
[10.125s][info][gc,alloc    ] GC(45) y:                         Mark Start        Mark End      Relocate Start    Relocate End   
[10.125s][info][gc,alloc    ] GC(45) y: Allocation Stalls:          0                0                0                0         
[10.125s][info][gc,load     ] GC(45) y: Load: 3.36 (34%) / 3.11 (31%) / 3.17 (32%)
[10.125s][info][gc,mmu      ] GC(45) y: MMU: 2ms/99.0%, 5ms/99.5%, 10ms/99.7%, 20ms/99.7%, 50ms/99.8%, 100ms/99.9%
[10.125s][info][gc,marking  ] GC(45) y: Mark: 1 stripe(s), 2 proactive flush(es), 1 terminate flush(es), 0 completion(s), 0 continuation(s) 
[10.125s][info][gc,marking  ] GC(45) y: Mark Stack Usage: 32M
[10.125s][info][gc,nmethod  ] GC(45) y: NMethods: 1569 registered, 132 unregistered
[10.125s][info][gc,metaspace] GC(45) y: Metaspace: 9M used, 10M committed, 1088M reserved
[10.125s][info][gc,reloc    ] GC(45) y:                        Candidates     Selected     In-Place         Size        Empty    Relocated 
[10.125s][info][gc,reloc    ] GC(45) y: Small Pages:                    2            0            0           4M           2M           0M 
[10.125s][info][gc,reloc    ] GC(45) y: Medium Pages:                  26            0            0         832M         800M           0M 
[10.125s][info][gc,reloc    ] GC(45) y: Large Pages:                    0            0            0           0M           0M           0M 
[10.125s][info][gc,reloc    ] GC(45) y: Forwarding Usage: 0M
[10.125s][info][gc,reloc    ] GC(45) y: Age Table:
[10.125s][info][gc,reloc    ] GC(45) y:                    Live             Garbage             Small              Medium             Large        
[10.125s][info][gc,reloc    ] GC(45) y: Eden               0M (0%)          801M (78%)          1 / 0             25 / 0              0 / 0        
[10.125s][info][gc,reloc    ] GC(45) y: Survivor 1          -                34M (3%)           1 / 0              1 / 0              0 / 0        
[10.125s][info][gc,heap     ] GC(45) y: Min Capacity: 8M(1%)
[10.125s][info][gc,heap     ] GC(45) y: Max Capacity: 1024M(100%)
[10.125s][info][gc,heap     ] GC(45) y: Soft Max Capacity: 1024M(100%)
[10.125s][info][gc,heap     ] GC(45) y: Heap Statistics:
[10.125s][info][gc,heap     ] GC(45) y:                Mark Start          Mark End        Relocate Start      Relocate End           High               Low         
[10.125s][info][gc,heap     ] GC(45) y:  Capacity:     1024M (100%)       1024M (100%)       1024M (100%)       1024M (100%)       1024M (100%)       1024M (100%)   
[10.125s][info][gc,heap     ] GC(45) y:      Free:      148M (14%)         114M (11%)         884M (86%)         884M (86%)         884M (86%)          82M (8%)     
[10.125s][info][gc,heap     ] GC(45) y:      Used:      876M (86%)         910M (89%)         140M (14%)         140M (14%)         942M (92%)         140M (14%)    
[10.125s][info][gc,heap     ] GC(45) y: Young Generation Statistics:
[10.125s][info][gc,heap     ] GC(45) y:                Mark Start          Mark End        Relocate Start      Relocate End    
[10.125s][info][gc,heap     ] GC(45) y:      Used:      836M (82%)         870M (85%)         100M (10%)         100M (10%)    
[10.125s][info][gc,heap     ] GC(45) y:      Live:         -                 0M (0%)            0M (0%)            0M (0%)     
[10.125s][info][gc,heap     ] GC(45) y:   Garbage:         -               835M (82%)          33M (3%)           33M (3%)     
[10.125s][info][gc,heap     ] GC(45) y: Allocated:         -                34M (3%)           66M (6%)           66M (6%)     
[10.125s][info][gc,heap     ] GC(45) y: Reclaimed:         -                  -               802M (78%)         802M (78%)    
[10.125s][info][gc,heap     ] GC(45) y:  Promoted:         -                  -                 0M (0%)            0M (0%)     
[10.125s][info][gc,heap     ] GC(45) y: Compacted:         -                  -                  -                 0M (0%)     
[10.125s][info][gc,phases   ] GC(45) y: Young Generation 876M(86%)->140M(14%) 0.004s
[10.125s][info][gc          ] GC(45) Minor Collection (Allocation Rate) 876M(86%)->140M(14%) 0.004s
[10.194s][info][gc          ] GC(46) Minor Collection (Allocation Rate)
[10.194s][info][gc,task     ] GC(46) Using 3 Workers for Young Generation
[10.194s][info][gc,phases   ] GC(46) y: Young Generation
[10.194s][info][gc,phases   ] GC(46) y: Pause Mark Start 0.004ms
[10.195s][info][gc,phases   ] GC(46) y: Concurrent Mark 0.951ms
[10.195s][info][gc,phases   ] GC(46) y: Pause Mark End 0.004ms
[10.195s][info][gc,phases   ] GC(46) y: Concurrent Mark Free 0.000ms
[10.195s][info][gc,phases   ] GC(46) y: Concurrent Reset Relocation Set 0.000ms
[10.196s][info][gc,reloc    ] GC(46) y: Using tenuring threshold: 1 (Computed)
[10.196s][info][gc,phases   ] GC(46) y: Concurrent Select Relocation Set 1.052ms
[10.197s][info][gc,phases   ] GC(46) y: Pause Relocate Start 0.003ms
[10.197s][info][gc,phases   ] GC(46) y: Concurrent Relocate 0.055ms
[10.197s][info][gc,alloc    ] GC(46) y:                         Mark Start        Mark End      Relocate Start    Relocate End   
[10.197s][info][gc,alloc    ] GC(46) y: Allocation Stalls:          0                0                0                0         
[10.197s][info][gc,load     ] GC(46) y: Load: 3.36 (34%) / 3.11 (31%) / 3.17 (32%)
[10.197s][info][gc,mmu      ] GC(46) y: MMU: 2ms/99.0%, 5ms/99.5%, 10ms/99.7%, 20ms/99.7%, 50ms/99.8%, 100ms/99.9%
[10.197s][info][gc,marking  ] GC(46) y: Mark: 2 stripe(s), 2 proactive flush(es), 1 terminate flush(es), 0 completion(s), 0 continuation(s) 
[10.197s][info][gc,marking  ] GC(46) y: Mark Stack Usage: 32M
[10.197s][info][gc,nmethod  ] GC(46) y: NMethods: 1569 registered, 132 unregistered
[10.197s][info][gc,metaspace] GC(46) y: Metaspace: 9M used, 10M committed, 1088M reserved
[10.197s][info][gc,reloc    ] GC(46) y:                        Candidates     Selected     In-Place         Size        Empty    Relocated 
[10.197s][info][gc,reloc    ] GC(46) y: Small Pages:                    2            0            0           4M           2M           0M 
[10.197s][info][gc,reloc    ] GC(46) y: Medium Pages:                  28            0            0         896M         864M           0M 
[10.197s][info][gc,reloc    ] GC(46) y: Large Pages:                    0            0            0           0M           0M           0M 
[10.197s][info][gc,reloc    ] GC(46) y: Forwarding Usage: 0M
[10.197s][info][gc,reloc    ] GC(46) y: Age Table:
[10.197s][info][gc,reloc    ] GC(46) y:                    Live             Garbage             Small              Medium             Large        
[10.197s][info][gc,reloc    ] GC(46) y: Eden               0M (0%)          865M (85%)          1 / 0             27 / 0              0 / 0        
[10.197s][info][gc,reloc    ] GC(46) y: Survivor 1          -                34M (3%)           1 / 0              1 / 0              0 / 0        
[10.197s][info][gc,heap     ] GC(46) y: Min Capacity: 8M(1%)
[10.197s][info][gc,heap     ] GC(46) y: Max Capacity: 1024M(100%)
[10.197s][info][gc,heap     ] GC(46) y: Soft Max Capacity: 1024M(100%)
[10.197s][info][gc,heap     ] GC(46) y: Heap Statistics:
[10.197s][info][gc,heap     ] GC(46) y:                Mark Start          Mark End        Relocate Start      Relocate End           High               Low         
[10.197s][info][gc,heap     ] GC(46) y:  Capacity:     1024M (100%)       1024M (100%)       1024M (100%)       1024M (100%)       1024M (100%)       1024M (100%)   
[10.197s][info][gc,heap     ] GC(46) y:      Free:       84M (8%)           50M (5%)          916M (89%)         916M (89%)         916M (89%)          50M (5%)     
[10.197s][info][gc,heap     ] GC(46) y:      Used:      940M (92%)         974M (95%)         108M (11%)         108M (11%)         974M (95%)         108M (11%)    
[10.197s][info][gc,heap     ] GC(46) y: Young Generation Statistics:
[10.197s][info][gc,heap     ] GC(46) y:                Mark Start          Mark End        Relocate Start      Relocate End    
[10.197s][info][gc,heap     ] GC(46) y:      Used:      900M (88%)         934M (91%)          68M (7%)           68M (7%)     
[10.197s][info][gc,heap     ] GC(46) y:      Live:         -                 0M (0%)            0M (0%)            0M (0%)     
[10.197s][info][gc,heap     ] GC(46) y:   Garbage:         -               899M (88%)          33M (3%)           33M (3%)     
[10.197s][info][gc,heap     ] GC(46) y: Allocated:         -                34M (3%)           34M (3%)           34M (3%)     
[10.197s][info][gc,heap     ] GC(46) y: Reclaimed:         -                  -               866M (85%)         866M (85%)    
[10.197s][info][gc,heap     ] GC(46) y:  Promoted:         -                  -                 0M (0%)            0M (0%)     
[10.197s][info][gc,heap     ] GC(46) y: Compacted:         -                  -                  -                 0M (0%)     
[10.197s][info][gc,phases   ] GC(46) y: Young Generation 940M(92%)->108M(11%) 0.002s
[10.197s][info][gc          ] GC(46) Minor Collection (Allocation Rate) 940M(92%)->108M(11%) 0.003s
[10.267s][info][gc          ] GC(47) Minor Collection (Allocation Rate)
[10.267s][info][gc,task     ] GC(47) Using 3 Workers for Young Generation
[10.267s][info][gc,phases   ] GC(47) y: Young Generation
[10.267s][info][gc,phases   ] GC(47) y: Pause Mark Start 0.005ms
[10.268s][info][gc,phases   ] GC(47) y: Concurrent Mark 0.996ms
[10.268s][info][gc,phases   ] GC(47) y: Pause Mark End 0.004ms
[10.268s][info][gc,phases   ] GC(47) y: Concurrent Mark Free 0.000ms
[10.268s][info][gc,phases   ] GC(47) y: Concurrent Reset Relocation Set 0.000ms
[10.269s][info][gc,reloc    ] GC(47) y: Using tenuring threshold: 1 (Computed)
[10.270s][info][gc,phases   ] GC(47) y: Concurrent Select Relocation Set 1.065ms
[10.270s][info][gc,phases   ] GC(47) y: Pause Relocate Start 0.009ms
[10.270s][info][gc,phases   ] GC(47) y: Concurrent Relocate 0.044ms
[10.270s][info][gc,alloc    ] GC(47) y:                         Mark Start        Mark End      Relocate Start    Relocate End   
[10.270s][info][gc,alloc    ] GC(47) y: Allocation Stalls:          0                0                0                0         
[10.270s][info][gc,load     ] GC(47) y: Load: 3.36 (34%) / 3.11 (31%) / 3.17 (32%)
[10.270s][info][gc,mmu      ] GC(47) y: MMU: 2ms/99.0%, 5ms/99.5%, 10ms/99.7%, 20ms/99.7%, 50ms/99.8%, 100ms/99.9%
[10.270s][info][gc,marking  ] GC(47) y: Mark: 2 stripe(s), 2 proactive flush(es), 1 terminate flush(es), 0 completion(s), 0 continuation(s) 
[10.270s][info][gc,marking  ] GC(47) y: Mark Stack Usage: 32M
[10.270s][info][gc,nmethod  ] GC(47) y: NMethods: 1569 registered, 132 unregistered
[10.270s][info][gc,metaspace] GC(47) y: Metaspace: 9M used, 10M committed, 1088M reserved
[10.270s][info][gc,reloc    ] GC(47) y:                        Candidates     Selected     In-Place         Size        Empty    Relocated 
[10.270s][info][gc,reloc    ] GC(47) y: Small Pages:                    2            0            0           4M           2M           0M 
[10.270s][info][gc,reloc    ] GC(47) y: Medium Pages:                  28            0            0         896M         864M           0M 
[10.270s][info][gc,reloc    ] GC(47) y: Large Pages:                    0            0            0           0M           0M           0M 
[10.270s][info][gc,reloc    ] GC(47) y: Forwarding Usage: 0M
[10.270s][info][gc,reloc    ] GC(47) y: Age Table:
[10.270s][info][gc,reloc    ] GC(47) y:                    Live             Garbage             Small              Medium             Large        
[10.270s][info][gc,reloc    ] GC(47) y: Eden               0M (0%)          865M (84%)          1 / 0             27 / 0              0 / 0        
[10.270s][info][gc,reloc    ] GC(47) y: Survivor 1          -                34M (3%)           1 / 0              1 / 0              0 / 0        
[10.270s][info][gc,heap     ] GC(47) y: Min Capacity: 8M(1%)
[10.270s][info][gc,heap     ] GC(47) y: Max Capacity: 1024M(100%)
[10.270s][info][gc,heap     ] GC(47) y: Soft Max Capacity: 1024M(100%)
[10.270s][info][gc,heap     ] GC(47) y: Heap Statistics:
[10.270s][info][gc,heap     ] GC(47) y:                Mark Start          Mark End        Relocate Start      Relocate End           High               Low         
[10.270s][info][gc,heap     ] GC(47) y:  Capacity:     1024M (100%)       1024M (100%)       1024M (100%)       1024M (100%)       1024M (100%)       1024M (100%)   
[10.270s][info][gc,heap     ] GC(47) y:      Free:       84M (8%)           50M (5%)          916M (89%)         916M (89%)         916M (89%)          50M (5%)     
[10.270s][info][gc,heap     ] GC(47) y:      Used:      940M (92%)         974M (95%)         108M (11%)         108M (11%)         974M (95%)         108M (11%)    
[10.270s][info][gc,heap     ] GC(47) y: Young Generation Statistics:
[10.270s][info][gc,heap     ] GC(47) y:                Mark Start          Mark End        Relocate Start      Relocate End    
[10.270s][info][gc,heap     ] GC(47) y:      Used:      900M (88%)         934M (91%)          68M (7%)           68M (7%)     
[10.270s][info][gc,heap     ] GC(47) y:      Live:         -                 0M (0%)            0M (0%)            0M (0%)     
[10.270s][info][gc,heap     ] GC(47) y:   Garbage:         -               899M (88%)          33M (3%)           33M (3%)     
[10.270s][info][gc,heap     ] GC(47) y: Allocated:         -                34M (3%)           34M (3%)           34M (3%)     
[10.270s][info][gc,heap     ] GC(47) y: Reclaimed:         -                  -               866M (85%)         866M (85%)    
[10.270s][info][gc,heap     ] GC(47) y:  Promoted:         -                  -                 0M (0%)            0M (0%)     
[10.270s][info][gc,heap     ] GC(47) y: Compacted:         -                  -                  -                 0M (0%)     
[10.270s][info][gc,phases   ] GC(47) y: Young Generation 940M(92%)->108M(11%) 0.002s
[10.270s][info][gc          ] GC(47) Minor Collection (Allocation Rate) 940M(92%)->108M(11%) 0.003s
[10.340s][info][gc          ] GC(48) Minor Collection (Allocation Rate)
[10.340s][info][gc,task     ] GC(48) Using 3 Workers for Young Generation
[10.340s][info][gc,phases   ] GC(48) y: Young Generation
[10.341s][info][gc,phases   ] GC(48) y: Pause Mark Start 0.005ms
[10.342s][info][gc,phases   ] GC(48) y: Concurrent Mark 1.020ms
[10.342s][info][gc,phases   ] GC(48) y: Pause Mark End 0.005ms
[10.342s][info][gc,phases   ] GC(48) y: Concurrent Mark Free 0.000ms
[10.342s][info][gc,phases   ] GC(48) y: Concurrent Reset Relocation Set 0.000ms
[10.343s][info][gc,reloc    ] GC(48) y: Using tenuring threshold: 1 (Computed)
[10.343s][info][gc,phases   ] GC(48) y: Concurrent Select Relocation Set 1.097ms
[10.343s][info][gc,phases   ] GC(48) y: Pause Relocate Start 0.004ms
[10.343s][info][gc,phases   ] GC(48) y: Concurrent Relocate 0.031ms
[10.343s][info][gc,alloc    ] GC(48) y:                         Mark Start        Mark End      Relocate Start    Relocate End   
[10.343s][info][gc,alloc    ] GC(48) y: Allocation Stalls:          0                0                0                0         
[10.343s][info][gc,load     ] GC(48) y: Load: 3.36 (34%) / 3.11 (31%) / 3.17 (32%)
[10.343s][info][gc,mmu      ] GC(48) y: MMU: 2ms/99.0%, 5ms/99.5%, 10ms/99.7%, 20ms/99.7%, 50ms/99.8%, 100ms/99.9%
[10.343s][info][gc,marking  ] GC(48) y: Mark: 2 stripe(s), 2 proactive flush(es), 1 terminate flush(es), 0 completion(s), 0 continuation(s) 
[10.343s][info][gc,marking  ] GC(48) y: Mark Stack Usage: 32M
[10.343s][info][gc,nmethod  ] GC(48) y: NMethods: 1569 registered, 132 unregistered
[10.343s][info][gc,metaspace] GC(48) y: Metaspace: 9M used, 10M committed, 1088M reserved
[10.343s][info][gc,reloc    ] GC(48) y:                        Candidates     Selected     In-Place         Size        Empty    Relocated 
[10.343s][info][gc,reloc    ] GC(48) y: Small Pages:                    2            0            0           4M           2M           0M 
[10.343s][info][gc,reloc    ] GC(48) y: Medium Pages:                  28            0            0         896M         864M           0M 
[10.343s][info][gc,reloc    ] GC(48) y: Large Pages:                    0            0            0           0M           0M           0M 
[10.343s][info][gc,reloc    ] GC(48) y: Forwarding Usage: 0M
[10.343s][info][gc,reloc    ] GC(48) y: Age Table:
[10.343s][info][gc,reloc    ] GC(48) y:                    Live             Garbage             Small              Medium             Large        
[10.343s][info][gc,reloc    ] GC(48) y: Eden               0M (0%)          865M (85%)          1 / 0             27 / 0              0 / 0        
[10.343s][info][gc,reloc    ] GC(48) y: Survivor 1          -                34M (3%)           1 / 0              1 / 0              0 / 0        
[10.343s][info][gc,heap     ] GC(48) y: Min Capacity: 8M(1%)
[10.343s][info][gc,heap     ] GC(48) y: Max Capacity: 1024M(100%)
[10.343s][info][gc,heap     ] GC(48) y: Soft Max Capacity: 1024M(100%)
[10.343s][info][gc,heap     ] GC(48) y: Heap Statistics:
[10.343s][info][gc,heap     ] GC(48) y:                Mark Start          Mark End        Relocate Start      Relocate End           High               Low         
[10.343s][info][gc,heap     ] GC(48) y:  Capacity:     1024M (100%)       1024M (100%)       1024M (100%)       1024M (100%)       1024M (100%)       1024M (100%)   
[10.343s][info][gc,heap     ] GC(48) y:      Free:       84M (8%)           50M (5%)          916M (89%)         916M (89%)         916M (89%)          50M (5%)     
[10.343s][info][gc,heap     ] GC(48) y:      Used:      940M (92%)         974M (95%)         108M (11%)         108M (11%)         974M (95%)         108M (11%)    
[10.343s][info][gc,heap     ] GC(48) y: Young Generation Statistics:
[10.343s][info][gc,heap     ] GC(48) y:                Mark Start          Mark End        Relocate Start      Relocate End    
[10.343s][info][gc,heap     ] GC(48) y:      Used:      900M (88%)         934M (91%)          68M (7%)           68M (7%)     
[10.343s][info][gc,heap     ] GC(48) y:      Live:         -                 0M (0%)            0M (0%)            0M (0%)     
[10.343s][info][gc,heap     ] GC(48) y:   Garbage:         -               899M (88%)          33M (3%)           33M (3%)     
[10.343s][info][gc,heap     ] GC(48) y: Allocated:         -                34M (3%)           34M (3%)           34M (3%)     
[10.343s][info][gc,heap     ] GC(48) y: Reclaimed:         -                  -               866M (85%)         866M (85%)    
[10.343s][info][gc,heap     ] GC(48) y:  Promoted:         -                  -                 0M (0%)            0M (0%)     
[10.343s][info][gc,heap     ] GC(48) y: Compacted:         -                  -                  -                 0M (0%)     
[10.343s][info][gc,phases   ] GC(48) y: Young Generation 940M(92%)->108M(11%) 0.002s
[10.343s][info][gc          ] GC(48) Minor Collection (Allocation Rate) 940M(92%)->108M(11%) 0.003s
[10.414s][info][gc          ] GC(49) Minor Collection (Allocation Rate)
[10.414s][info][gc,task     ] GC(49) Using 3 Workers for Young Generation
[10.414s][info][gc,phases   ] GC(49) y: Young Generation
[10.414s][info][gc,phases   ] GC(49) y: Pause Mark Start 0.008ms
[10.415s][info][gc,phases   ] GC(49) y: Concurrent Mark 0.956ms
[10.415s][info][gc,phases   ] GC(49) y: Pause Mark End 0.004ms
[10.415s][info][gc,phases   ] GC(49) y: Concurrent Mark Free 0.000ms
[10.415s][info][gc,phases   ] GC(49) y: Concurrent Reset Relocation Set 0.000ms
[10.416s][info][gc,reloc    ] GC(49) y: Using tenuring threshold: 1 (Computed)
[10.416s][info][gc,phases   ] GC(49) y: Concurrent Select Relocation Set 1.065ms
[10.416s][info][gc,phases   ] GC(49) y: Pause Relocate Start 0.005ms
[10.416s][info][gc,phases   ] GC(49) y: Concurrent Relocate 0.045ms
[10.416s][info][gc,alloc    ] GC(49) y:                         Mark Start        Mark End      Relocate Start    Relocate End   
[10.416s][info][gc,alloc    ] GC(49) y: Allocation Stalls:          0                0                0                0         
[10.416s][info][gc,load     ] GC(49) y: Load: 3.36 (34%) / 3.11 (31%) / 3.17 (32%)
[10.417s][info][gc,mmu      ] GC(49) y: MMU: 2ms/99.0%, 5ms/99.5%, 10ms/99.7%, 20ms/99.7%, 50ms/99.8%, 100ms/99.9%
[10.417s][info][gc,marking  ] GC(49) y: Mark: 2 stripe(s), 2 proactive flush(es), 1 terminate flush(es), 0 completion(s), 0 continuation(s) 
[10.417s][info][gc,marking  ] GC(49) y: Mark Stack Usage: 32M
[10.417s][info][gc,nmethod  ] GC(49) y: NMethods: 1569 registered, 132 unregistered
[10.417s][info][gc,metaspace] GC(49) y: Metaspace: 9M used, 10M committed, 1088M reserved
[10.417s][info][gc,reloc    ] GC(49) y:                        Candidates     Selected     In-Place         Size        Empty    Relocated 
[10.417s][info][gc,reloc    ] GC(49) y: Small Pages:                    2            0            0           4M           2M           0M 
[10.417s][info][gc,reloc    ] GC(49) y: Medium Pages:                  28            0            0         896M         864M           0M 
[10.417s][info][gc,reloc    ] GC(49) y: Large Pages:                    0            0            0           0M           0M           0M 
[10.417s][info][gc,reloc    ] GC(49) y: Forwarding Usage: 0M
[10.417s][info][gc,reloc    ] GC(49) y: Age Table:
[10.417s][info][gc,reloc    ] GC(49) y:                    Live             Garbage             Small              Medium             Large        
[10.417s][info][gc,reloc    ] GC(49) y: Eden               0M (0%)          865M (84%)          1 / 0             27 / 0              0 / 0        
[10.417s][info][gc,reloc    ] GC(49) y: Survivor 1          -                34M (3%)           1 / 0              1 / 0              0 / 0        
[10.417s][info][gc,heap     ] GC(49) y: Min Capacity: 8M(1%)
[10.417s][info][gc,heap     ] GC(49) y: Max Capacity: 1024M(100%)
[10.417s][info][gc,heap     ] GC(49) y: Soft Max Capacity: 1024M(100%)
[10.417s][info][gc,heap     ] GC(49) y: Heap Statistics:
[10.417s][info][gc,heap     ] GC(49) y:                Mark Start          Mark End        Relocate Start      Relocate End           High               Low         
[10.417s][info][gc,heap     ] GC(49) y:  Capacity:     1024M (100%)       1024M (100%)       1024M (100%)       1024M (100%)       1024M (100%)       1024M (100%)   
[10.417s][info][gc,heap     ] GC(49) y:      Free:       84M (8%)           50M (5%)          916M (89%)         916M (89%)         916M (89%)          50M (5%)     
[10.417s][info][gc,heap     ] GC(49) y:      Used:      940M (92%)         974M (95%)         108M (11%)         108M (11%)         974M (95%)         108M (11%)    
[10.417s][info][gc,heap     ] GC(49) y: Young Generation Statistics:
[10.417s][info][gc,heap     ] GC(49) y:                Mark Start          Mark End        Relocate Start      Relocate End    
[10.417s][info][gc,heap     ] GC(49) y:      Used:      900M (88%)         934M (91%)          68M (7%)           68M (7%)     
[10.417s][info][gc,heap     ] GC(49) y:      Live:         -                 0M (0%)            0M (0%)            0M (0%)     
[10.417s][info][gc,heap     ] GC(49) y:   Garbage:         -               899M (88%)          33M (3%)           33M (3%)     
[10.417s][info][gc,heap     ] GC(49) y: Allocated:         -                34M (3%)           34M (3%)           34M (3%)     
[10.417s][info][gc,heap     ] GC(49) y: Reclaimed:         -                  -               866M (85%)         866M (85%)    
[10.417s][info][gc,heap     ] GC(49) y:  Promoted:         -                  -                 0M (0%)            0M (0%)     
[10.417s][info][gc,heap     ] GC(49) y: Compacted:         -                  -                  -                 0M (0%)     
[10.417s][info][gc,phases   ] GC(49) y: Young Generation 940M(92%)->108M(11%) 0.002s
[10.417s][info][gc          ] GC(49) Minor Collection (Allocation Rate) 940M(92%)->108M(11%) 0.003s
[10.491s][info][gc          ] GC(50) Minor Collection (Allocation Rate)
[10.491s][info][gc,task     ] GC(50) Using 2 Workers for Young Generation
[10.491s][info][gc,phases   ] GC(50) y: Young Generation
[10.491s][info][gc,phases   ] GC(50) y: Pause Mark Start 0.005ms
[10.493s][info][gc,phases   ] GC(50) y: Concurrent Mark 1.436ms
[10.493s][info][gc,phases   ] GC(50) y: Pause Mark End 0.005ms
[10.493s][info][gc,phases   ] GC(50) y: Concurrent Mark Free 0.000ms
[10.493s][info][gc,phases   ] GC(50) y: Concurrent Reset Relocation Set 0.000ms
[10.494s][info][gc,reloc    ] GC(50) y: Using tenuring threshold: 1 (Computed)
[10.494s][info][gc,phases   ] GC(50) y: Concurrent Select Relocation Set 1.146ms
[10.494s][info][gc,phases   ] GC(50) y: Pause Relocate Start 0.006ms
[10.494s][info][gc,phases   ] GC(50) y: Concurrent Relocate 0.019ms
[10.494s][info][gc,alloc    ] GC(50) y:                         Mark Start        Mark End      Relocate Start    Relocate End   
[10.494s][info][gc,alloc    ] GC(50) y: Allocation Stalls:          0                0                0                0         
[10.494s][info][gc,load     ] GC(50) y: Load: 3.36 (34%) / 3.11 (31%) / 3.17 (32%)
[10.494s][info][gc,mmu      ] GC(50) y: MMU: 2ms/99.0%, 5ms/99.5%, 10ms/99.7%, 20ms/99.7%, 50ms/99.8%, 100ms/99.9%
[10.494s][info][gc,marking  ] GC(50) y: Mark: 2 stripe(s), 2 proactive flush(es), 1 terminate flush(es), 0 completion(s), 0 continuation(s) 
[10.494s][info][gc,marking  ] GC(50) y: Mark Stack Usage: 32M
[10.494s][info][gc,nmethod  ] GC(50) y: NMethods: 1569 registered, 132 unregistered
[10.494s][info][gc,metaspace] GC(50) y: Metaspace: 9M used, 10M committed, 1088M reserved
[10.494s][info][gc,reloc    ] GC(50) y:                        Candidates     Selected     In-Place         Size        Empty    Relocated 
[10.494s][info][gc,reloc    ] GC(50) y: Small Pages:                    2            0            0           4M           2M           0M 
[10.494s][info][gc,reloc    ] GC(50) y: Medium Pages:                  27            0            0         864M         832M           0M 
[10.494s][info][gc,reloc    ] GC(50) y: Large Pages:                    0            0            0           0M           0M           0M 
[10.494s][info][gc,reloc    ] GC(50) y: Forwarding Usage: 0M
[10.494s][info][gc,reloc    ] GC(50) y: Age Table:
[10.494s][info][gc,reloc    ] GC(50) y:                    Live             Garbage             Small              Medium             Large        
[10.494s][info][gc,reloc    ] GC(50) y: Eden               0M (0%)          833M (81%)          1 / 0             26 / 0              0 / 0        
[10.494s][info][gc,reloc    ] GC(50) y: Survivor 1          -                34M (3%)           1 / 0              1 / 0              0 / 0        
[10.494s][info][gc,heap     ] GC(50) y: Min Capacity: 8M(1%)
[10.494s][info][gc,heap     ] GC(50) y: Max Capacity: 1024M(100%)
[10.494s][info][gc,heap     ] GC(50) y: Soft Max Capacity: 1024M(100%)
[10.494s][info][gc,heap     ] GC(50) y: Heap Statistics:
[10.494s][info][gc,heap     ] GC(50) y:                Mark Start          Mark End        Relocate Start      Relocate End           High               Low         
[10.494s][info][gc,heap     ] GC(50) y:  Capacity:     1024M (100%)       1024M (100%)       1024M (100%)       1024M (100%)       1024M (100%)       1024M (100%)   
[10.494s][info][gc,heap     ] GC(50) y:      Free:      116M (11%)          82M (8%)          916M (89%)         916M (89%)         916M (89%)          82M (8%)     
[10.494s][info][gc,heap     ] GC(50) y:      Used:      908M (89%)         942M (92%)         108M (11%)         108M (11%)         942M (92%)         108M (11%)    
[10.494s][info][gc,heap     ] GC(50) y: Young Generation Statistics:
[10.494s][info][gc,heap     ] GC(50) y:                Mark Start          Mark End        Relocate Start      Relocate End    
[10.494s][info][gc,heap     ] GC(50) y:      Used:      868M (85%)         902M (88%)          68M (7%)           68M (7%)     
[10.494s][info][gc,heap     ] GC(50) y:      Live:         -                 0M (0%)            0M (0%)            0M (0%)     
[10.494s][info][gc,heap     ] GC(50) y:   Garbage:         -               867M (85%)          33M (3%)           33M (3%)     
[10.494s][info][gc,heap     ] GC(50) y: Allocated:         -                34M (3%)           34M (3%)           34M (3%)     
[10.494s][info][gc,heap     ] GC(50) y: Reclaimed:         -                  -               834M (81%)         834M (81%)    
[10.494s][info][gc,heap     ] GC(50) y:  Promoted:         -                  -                 0M (0%)            0M (0%)     
[10.494s][info][gc,heap     ] GC(50) y: Compacted:         -                  -                  -                 0M (0%)     
[10.494s][info][gc,phases   ] GC(50) y: Young Generation 908M(89%)->108M(11%) 0.003s
[10.494s][info][gc          ] GC(50) Minor Collection (Allocation Rate) 908M(89%)->108M(11%) 0.003s
[10.564s][info][gc          ] GC(51) Minor Collection (Allocation Rate)
[10.564s][info][gc,task     ] GC(51) Using 3 Workers for Young Generation
[10.564s][info][gc,phases   ] GC(51) y: Young Generation
[10.564s][info][gc,phases   ] GC(51) y: Pause Mark Start 0.005ms
[10.565s][info][gc,phases   ] GC(51) y: Concurrent Mark 0.836ms
[10.565s][info][gc,phases   ] GC(51) y: Pause Mark End 0.005ms
[10.565s][info][gc,phases   ] GC(51) y: Concurrent Mark Free 0.000ms
[10.565s][info][gc,phases   ] GC(51) y: Concurrent Reset Relocation Set 0.000ms
[10.566s][info][gc,reloc    ] GC(51) y: Using tenuring threshold: 1 (Computed)
[10.566s][info][gc,phases   ] GC(51) y: Concurrent Select Relocation Set 1.055ms
[10.566s][info][gc,phases   ] GC(51) y: Pause Relocate Start 0.009ms
[10.566s][info][gc,phases   ] GC(51) y: Concurrent Relocate 0.034ms
[10.566s][info][gc,alloc    ] GC(51) y:                         Mark Start        Mark End      Relocate Start    Relocate End   
[10.566s][info][gc,alloc    ] GC(51) y: Allocation Stalls:          0                0                0                0         
[10.566s][info][gc,load     ] GC(51) y: Load: 3.36 (34%) / 3.11 (31%) / 3.17 (32%)
[10.566s][info][gc,mmu      ] GC(51) y: MMU: 2ms/99.0%, 5ms/99.5%, 10ms/99.7%, 20ms/99.7%, 50ms/99.8%, 100ms/99.9%
[10.566s][info][gc,marking  ] GC(51) y: Mark: 2 stripe(s), 2 proactive flush(es), 1 terminate flush(es), 0 completion(s), 0 continuation(s) 
[10.566s][info][gc,marking  ] GC(51) y: Mark Stack Usage: 32M
[10.566s][info][gc,nmethod  ] GC(51) y: NMethods: 1569 registered, 132 unregistered
[10.566s][info][gc,metaspace] GC(51) y: Metaspace: 9M used, 10M committed, 1088M reserved
[10.566s][info][gc,reloc    ] GC(51) y:                        Candidates     Selected     In-Place         Size        Empty    Relocated 
[10.566s][info][gc,reloc    ] GC(51) y: Small Pages:                    2            0            0           4M           2M           0M 
[10.566s][info][gc,reloc    ] GC(51) y: Medium Pages:                  28            0            0         896M         864M           0M 
[10.566s][info][gc,reloc    ] GC(51) y: Large Pages:                    0            0            0           0M           0M           0M 
[10.566s][info][gc,reloc    ] GC(51) y: Forwarding Usage: 0M
[10.566s][info][gc,reloc    ] GC(51) y: Age Table:
[10.566s][info][gc,reloc    ] GC(51) y:                    Live             Garbage             Small              Medium             Large        
[10.566s][info][gc,reloc    ] GC(51) y: Eden               0M (0%)          865M (85%)          1 / 0             27 / 0              0 / 0        
[10.566s][info][gc,reloc    ] GC(51) y: Survivor 1          -                34M (3%)           1 / 0              1 / 0              0 / 0        
[10.566s][info][gc,heap     ] GC(51) y: Min Capacity: 8M(1%)
[10.567s][info][gc,heap     ] GC(51) y: Max Capacity: 1024M(100%)
[10.567s][info][gc,heap     ] GC(51) y: Soft Max Capacity: 1024M(100%)
[10.567s][info][gc,heap     ] GC(51) y: Heap Statistics:
[10.567s][info][gc,heap     ] GC(51) y:                Mark Start          Mark End        Relocate Start      Relocate End           High               Low         
[10.567s][info][gc,heap     ] GC(51) y:  Capacity:     1024M (100%)       1024M (100%)       1024M (100%)       1024M (100%)       1024M (100%)       1024M (100%)   
[10.567s][info][gc,heap     ] GC(51) y:      Free:       84M (8%)           50M (5%)          916M (89%)         916M (89%)         916M (89%)          50M (5%)     
[10.567s][info][gc,heap     ] GC(51) y:      Used:      940M (92%)         974M (95%)         108M (11%)         108M (11%)         974M (95%)         108M (11%)    
[10.567s][info][gc,heap     ] GC(51) y: Young Generation Statistics:
[10.567s][info][gc,heap     ] GC(51) y:                Mark Start          Mark End        Relocate Start      Relocate End    
[10.567s][info][gc,heap     ] GC(51) y:      Used:      900M (88%)         934M (91%)          68M (7%)           68M (7%)     
[10.567s][info][gc,heap     ] GC(51) y:      Live:         -                 0M (0%)            0M (0%)            0M (0%)     
[10.567s][info][gc,heap     ] GC(51) y:   Garbage:         -               899M (88%)          33M (3%)           33M (3%)     
[10.567s][info][gc,heap     ] GC(51) y: Allocated:         -                34M (3%)           34M (3%)           34M (3%)     
[10.567s][info][gc,heap     ] GC(51) y: Reclaimed:         -                  -               866M (85%)         866M (85%)    
[10.567s][info][gc,heap     ] GC(51) y:  Promoted:         -                  -                 0M (0%)            0M (0%)     
[10.567s][info][gc,heap     ] GC(51) y: Compacted:         -                  -                  -                 0M (0%)     
[10.567s][info][gc,phases   ] GC(51) y: Young Generation 940M(92%)->108M(11%) 0.002s
[10.567s][info][gc          ] GC(51) Minor Collection (Allocation Rate) 940M(92%)->108M(11%) 0.002s
[10.637s][info][gc          ] GC(52) Minor Collection (Allocation Rate)
[10.637s][info][gc,task     ] GC(52) Using 3 Workers for Young Generation
[10.637s][info][gc,phases   ] GC(52) y: Young Generation
[10.637s][info][gc,phases   ] GC(52) y: Pause Mark Start 0.004ms
[10.638s][info][gc,phases   ] GC(52) y: Concurrent Mark 0.825ms
[10.638s][info][gc,phases   ] GC(52) y: Pause Mark End 0.005ms
[10.638s][info][gc,phases   ] GC(52) y: Concurrent Mark Free 0.000ms
[10.638s][info][gc,phases   ] GC(52) y: Concurrent Reset Relocation Set 0.000ms
[10.639s][info][gc,reloc    ] GC(52) y: Using tenuring threshold: 1 (Computed)
[10.639s][info][gc,phases   ] GC(52) y: Concurrent Select Relocation Set 1.111ms
[10.639s][info][gc,phases   ] GC(52) y: Pause Relocate Start 0.004ms
[10.640s][info][gc,phases   ] GC(52) y: Concurrent Relocate 0.033ms
[10.640s][info][gc,alloc    ] GC(52) y:                         Mark Start        Mark End      Relocate Start    Relocate End   
[10.640s][info][gc,alloc    ] GC(52) y: Allocation Stalls:          0                0                0                0         
[10.640s][info][gc,load     ] GC(52) y: Load: 3.36 (34%) / 3.11 (31%) / 3.17 (32%)
[10.640s][info][gc,mmu      ] GC(52) y: MMU: 2ms/99.0%, 5ms/99.5%, 10ms/99.7%, 20ms/99.7%, 50ms/99.8%, 100ms/99.9%
[10.640s][info][gc,marking  ] GC(52) y: Mark: 2 stripe(s), 2 proactive flush(es), 1 terminate flush(es), 0 completion(s), 0 continuation(s) 
[10.640s][info][gc,marking  ] GC(52) y: Mark Stack Usage: 32M
[10.640s][info][gc,nmethod  ] GC(52) y: NMethods: 1569 registered, 132 unregistered
[10.640s][info][gc,metaspace] GC(52) y: Metaspace: 9M used, 10M committed, 1088M reserved
[10.640s][info][gc,reloc    ] GC(52) y:                        Candidates     Selected     In-Place         Size        Empty    Relocated 
[10.640s][info][gc,reloc    ] GC(52) y: Small Pages:                    2            0            0           4M           2M           0M 
[10.640s][info][gc,reloc    ] GC(52) y: Medium Pages:                  28            0            0         896M         864M           0M 
[10.640s][info][gc,reloc    ] GC(52) y: Large Pages:                    0            0            0           0M           0M           0M 
[10.640s][info][gc,reloc    ] GC(52) y: Forwarding Usage: 0M
[10.640s][info][gc,reloc    ] GC(52) y: Age Table:
[10.640s][info][gc,reloc    ] GC(52) y:                    Live             Garbage             Small              Medium             Large        
[10.640s][info][gc,reloc    ] GC(52) y: Eden               0M (0%)          865M (85%)          1 / 0             27 / 0              0 / 0        
[10.640s][info][gc,reloc    ] GC(52) y: Survivor 1          -                34M (3%)           1 / 0              1 / 0              0 / 0        
[10.640s][info][gc,heap     ] GC(52) y: Min Capacity: 8M(1%)
[10.640s][info][gc,heap     ] GC(52) y: Max Capacity: 1024M(100%)
[10.640s][info][gc,heap     ] GC(52) y: Soft Max Capacity: 1024M(100%)
[10.640s][info][gc,heap     ] GC(52) y: Heap Statistics:
[10.640s][info][gc,heap     ] GC(52) y:                Mark Start          Mark End        Relocate Start      Relocate End           High               Low         
[10.640s][info][gc,heap     ] GC(52) y:  Capacity:     1024M (100%)       1024M (100%)       1024M (100%)       1024M (100%)       1024M (100%)       1024M (100%)   
[10.640s][info][gc,heap     ] GC(52) y:      Free:       84M (8%)           50M (5%)          916M (89%)         916M (89%)         916M (89%)          50M (5%)     
[10.640s][info][gc,heap     ] GC(52) y:      Used:      940M (92%)         974M (95%)         108M (11%)         108M (11%)         974M (95%)         108M (11%)    
[10.640s][info][gc,heap     ] GC(52) y: Young Generation Statistics:
[10.640s][info][gc,heap     ] GC(52) y:                Mark Start          Mark End        Relocate Start      Relocate End    
[10.640s][info][gc,heap     ] GC(52) y:      Used:      900M (88%)         934M (91%)          68M (7%)           68M (7%)     
[10.640s][info][gc,heap     ] GC(52) y:      Live:         -                 0M (0%)            0M (0%)            0M (0%)     
[10.640s][info][gc,heap     ] GC(52) y:   Garbage:         -               899M (88%)          33M (3%)           33M (3%)     
[10.640s][info][gc,heap     ] GC(52) y: Allocated:         -                34M (3%)           34M (3%)           34M (3%)     
[10.640s][info][gc,heap     ] GC(52) y: Reclaimed:         -                  -               866M (85%)         866M (85%)    
[10.640s][info][gc,heap     ] GC(52) y:  Promoted:         -                  -                 0M (0%)            0M (0%)     
[10.640s][info][gc,heap     ] GC(52) y: Compacted:         -                  -                  -                 0M (0%)     
[10.640s][info][gc,phases   ] GC(52) y: Young Generation 940M(92%)->108M(11%) 0.002s
[10.640s][info][gc          ] GC(52) Minor Collection (Allocation Rate) 940M(92%)->108M(11%) 0.002s
[10.705s][info][gc          ] GC(53) Minor Collection (Allocation Rate)
[10.705s][info][gc,task     ] GC(53) Using 1 Workers for Young Generation
[10.705s][info][gc,phases   ] GC(53) y: Young Generation
[10.705s][info][gc,phases   ] GC(53) y: Pause Mark Start 0.004ms
[10.708s][info][gc,phases   ] GC(53) y: Concurrent Mark 2.501ms
[10.708s][info][gc,phases   ] GC(53) y: Pause Mark End 0.006ms
[10.708s][info][gc,phases   ] GC(53) y: Concurrent Mark Free 0.000ms
[10.708s][info][gc,phases   ] GC(53) y: Concurrent Reset Relocation Set 0.000ms
[10.709s][info][gc,reloc    ] GC(53) y: Using tenuring threshold: 1 (Computed)
[10.709s][info][gc,phases   ] GC(53) y: Concurrent Select Relocation Set 1.103ms
[10.709s][info][gc,phases   ] GC(53) y: Pause Relocate Start 0.005ms
[10.709s][info][gc,phases   ] GC(53) y: Concurrent Relocate 0.030ms
[10.709s][info][gc,alloc    ] GC(53) y:                         Mark Start        Mark End      Relocate Start    Relocate End   
[10.709s][info][gc,alloc    ] GC(53) y: Allocation Stalls:          0                0                0                0         
[10.709s][info][gc,load     ] GC(53) y: Load: 3.36 (34%) / 3.11 (31%) / 3.17 (32%)
[10.709s][info][gc,mmu      ] GC(53) y: MMU: 2ms/99.0%, 5ms/99.5%, 10ms/99.7%, 20ms/99.7%, 50ms/99.8%, 100ms/99.9%
[10.709s][info][gc,marking  ] GC(53) y: Mark: 1 stripe(s), 2 proactive flush(es), 1 terminate flush(es), 0 completion(s), 0 continuation(s) 
[10.709s][info][gc,marking  ] GC(53) y: Mark Stack Usage: 32M
[10.709s][info][gc,nmethod  ] GC(53) y: NMethods: 1569 registered, 132 unregistered
[10.709s][info][gc,metaspace] GC(53) y: Metaspace: 9M used, 10M committed, 1088M reserved
[10.709s][info][gc,reloc    ] GC(53) y:                        Candidates     Selected     In-Place         Size        Empty    Relocated 
[10.709s][info][gc,reloc    ] GC(53) y: Small Pages:                    2            0            0           4M           2M           0M 
[10.709s][info][gc,reloc    ] GC(53) y: Medium Pages:                  26            0            0         832M         800M           0M 
[10.709s][info][gc,reloc    ] GC(53) y: Large Pages:                    0            0            0           0M           0M           0M 
[10.709s][info][gc,reloc    ] GC(53) y: Forwarding Usage: 0M
[10.709s][info][gc,reloc    ] GC(53) y: Age Table:
[10.709s][info][gc,reloc    ] GC(53) y:                    Live             Garbage             Small              Medium             Large        
[10.709s][info][gc,reloc    ] GC(53) y: Eden               0M (0%)          801M (78%)          1 / 0             25 / 0              0 / 0        
[10.709s][info][gc,reloc    ] GC(53) y: Survivor 1          -                34M (3%)           1 / 0              1 / 0              0 / 0        
[10.709s][info][gc,heap     ] GC(53) y: Min Capacity: 8M(1%)
[10.709s][info][gc,heap     ] GC(53) y: Max Capacity: 1024M(100%)
[10.709s][info][gc,heap     ] GC(53) y: Soft Max Capacity: 1024M(100%)
[10.709s][info][gc,heap     ] GC(53) y: Heap Statistics:
[10.709s][info][gc,heap     ] GC(53) y:                Mark Start          Mark End        Relocate Start      Relocate End           High               Low         
[10.709s][info][gc,heap     ] GC(53) y:  Capacity:     1024M (100%)       1024M (100%)       1024M (100%)       1024M (100%)       1024M (100%)       1024M (100%)   
[10.709s][info][gc,heap     ] GC(53) y:      Free:      148M (14%)         114M (11%)         884M (86%)         884M (86%)         884M (86%)          82M (8%)     
[10.709s][info][gc,heap     ] GC(53) y:      Used:      876M (86%)         910M (89%)         140M (14%)         140M (14%)         942M (92%)         140M (14%)    
[10.709s][info][gc,heap     ] GC(53) y: Young Generation Statistics:
[10.709s][info][gc,heap     ] GC(53) y:                Mark Start          Mark End        Relocate Start      Relocate End    
[10.709s][info][gc,heap     ] GC(53) y:      Used:      836M (82%)         870M (85%)         100M (10%)         100M (10%)    
[10.709s][info][gc,heap     ] GC(53) y:      Live:         -                 0M (0%)            0M (0%)            0M (0%)     
[10.709s][info][gc,heap     ] GC(53) y:   Garbage:         -               835M (82%)          33M (3%)           33M (3%)     
[10.709s][info][gc,heap     ] GC(53) y: Allocated:         -                34M (3%)           66M (6%)           66M (6%)     
[10.709s][info][gc,heap     ] GC(53) y: Reclaimed:         -                  -               802M (78%)         802M (78%)    
[10.709s][info][gc,heap     ] GC(53) y:  Promoted:         -                  -                 0M (0%)            0M (0%)     
[10.709s][info][gc,heap     ] GC(53) y: Compacted:         -                  -                  -                 0M (0%)     
[10.709s][info][gc,phases   ] GC(53) y: Young Generation 876M(86%)->140M(14%) 0.004s
[10.709s][info][gc          ] GC(53) Minor Collection (Allocation Rate) 876M(86%)->140M(14%) 0.004s
[10.773s][info][gc          ] GC(54) Minor Collection (Allocation Rate)
[10.773s][info][gc,task     ] GC(54) Using 1 Workers for Young Generation
[10.773s][info][gc,phases   ] GC(54) y: Young Generation
[10.773s][info][gc,phases   ] GC(54) y: Pause Mark Start 0.004ms
[10.775s][info][gc,phases   ] GC(54) y: Concurrent Mark 2.040ms
[10.775s][info][gc,phases   ] GC(54) y: Pause Mark End 0.005ms
[10.775s][info][gc,phases   ] GC(54) y: Concurrent Mark Free 0.000ms
[10.775s][info][gc,phases   ] GC(54) y: Concurrent Reset Relocation Set 0.000ms
[10.776s][info][gc,reloc    ] GC(54) y: Using tenuring threshold: 1 (Computed)
[10.776s][info][gc,phases   ] GC(54) y: Concurrent Select Relocation Set 1.107ms
[10.776s][info][gc,phases   ] GC(54) y: Pause Relocate Start 0.007ms
[10.776s][info][gc,phases   ] GC(54) y: Concurrent Relocate 0.032ms
[10.776s][info][gc,alloc    ] GC(54) y:                         Mark Start        Mark End      Relocate Start    Relocate End   
[10.776s][info][gc,alloc    ] GC(54) y: Allocation Stalls:          0                0                0                0         
[10.776s][info][gc,load     ] GC(54) y: Load: 3.36 (34%) / 3.11 (31%) / 3.17 (32%)
[10.776s][info][gc,mmu      ] GC(54) y: MMU: 2ms/99.0%, 5ms/99.5%, 10ms/99.7%, 20ms/99.7%, 50ms/99.8%, 100ms/99.9%
[10.776s][info][gc,marking  ] GC(54) y: Mark: 1 stripe(s), 2 proactive flush(es), 1 terminate flush(es), 0 completion(s), 0 continuation(s) 
[10.776s][info][gc,marking  ] GC(54) y: Mark Stack Usage: 32M
[10.776s][info][gc,nmethod  ] GC(54) y: NMethods: 1569 registered, 132 unregistered
[10.776s][info][gc,metaspace] GC(54) y: Metaspace: 9M used, 10M committed, 1088M reserved
[10.776s][info][gc,reloc    ] GC(54) y:                        Candidates     Selected     In-Place         Size        Empty    Relocated 
[10.776s][info][gc,reloc    ] GC(54) y: Small Pages:                    2            0            0           4M           2M           0M 
[10.776s][info][gc,reloc    ] GC(54) y: Medium Pages:                  26            0            0         832M         800M           0M 
[10.776s][info][gc,reloc    ] GC(54) y: Large Pages:                    0            0            0           0M           0M           0M 
[10.776s][info][gc,reloc    ] GC(54) y: Forwarding Usage: 0M
[10.776s][info][gc,reloc    ] GC(54) y: Age Table:
[10.776s][info][gc,reloc    ] GC(54) y:                    Live             Garbage             Small              Medium             Large        
[10.776s][info][gc,reloc    ] GC(54) y: Eden               0M (0%)          801M (78%)          1 / 0             25 / 0              0 / 0        
[10.776s][info][gc,reloc    ] GC(54) y: Survivor 1          -                34M (3%)           1 / 0              1 / 0              0 / 0        
[10.776s][info][gc,heap     ] GC(54) y: Min Capacity: 8M(1%)
[10.776s][info][gc,heap     ] GC(54) y: Max Capacity: 1024M(100%)
[10.776s][info][gc,heap     ] GC(54) y: Soft Max Capacity: 1024M(100%)
[10.776s][info][gc,heap     ] GC(54) y: Heap Statistics:
[10.776s][info][gc,heap     ] GC(54) y:                Mark Start          Mark End        Relocate Start      Relocate End           High               Low         
[10.776s][info][gc,heap     ] GC(54) y:  Capacity:     1024M (100%)       1024M (100%)       1024M (100%)       1024M (100%)       1024M (100%)       1024M (100%)   
[10.776s][info][gc,heap     ] GC(54) y:      Free:      148M (14%)         114M (11%)         884M (86%)         884M (86%)         884M (86%)          82M (8%)     
[10.776s][info][gc,heap     ] GC(54) y:      Used:      876M (86%)         910M (89%)         140M (14%)         140M (14%)         942M (92%)         140M (14%)    
[10.776s][info][gc,heap     ] GC(54) y: Young Generation Statistics:
[10.776s][info][gc,heap     ] GC(54) y:                Mark Start          Mark End        Relocate Start      Relocate End    
[10.776s][info][gc,heap     ] GC(54) y:      Used:      836M (82%)         870M (85%)         100M (10%)         100M (10%)    
[10.776s][info][gc,heap     ] GC(54) y:      Live:         -                 0M (0%)            0M (0%)            0M (0%)     
[10.776s][info][gc,heap     ] GC(54) y:   Garbage:         -               835M (82%)          33M (3%)           33M (3%)     
[10.776s][info][gc,heap     ] GC(54) y: Allocated:         -                34M (3%)           66M (6%)           66M (6%)     
[10.776s][info][gc,heap     ] GC(54) y: Reclaimed:         -                  -               802M (78%)         802M (78%)    
[10.776s][info][gc,heap     ] GC(54) y:  Promoted:         -                  -                 0M (0%)            0M (0%)     
[10.776s][info][gc,heap     ] GC(54) y: Compacted:         -                  -                  -                 0M (0%)     
[10.776s][info][gc,phases   ] GC(54) y: Young Generation 876M(86%)->140M(14%) 0.004s
[10.776s][info][gc          ] GC(54) Minor Collection (Allocation Rate) 876M(86%)->140M(14%) 0.004s
[10.846s][info][gc          ] GC(55) Minor Collection (Allocation Rate)
[10.846s][info][gc,task     ] GC(55) Using 3 Workers for Young Generation
[10.846s][info][gc,phases   ] GC(55) y: Young Generation
[10.846s][info][gc,phases   ] GC(55) y: Pause Mark Start 0.005ms
[10.847s][info][gc,phases   ] GC(55) y: Concurrent Mark 0.979ms
[10.847s][info][gc,phases   ] GC(55) y: Pause Mark End 0.004ms
[10.847s][info][gc,phases   ] GC(55) y: Concurrent Mark Free 0.000ms
[10.847s][info][gc,phases   ] GC(55) y: Concurrent Reset Relocation Set 0.000ms
[10.848s][info][gc,reloc    ] GC(55) y: Using tenuring threshold: 1 (Computed)
[10.848s][info][gc,phases   ] GC(55) y: Concurrent Select Relocation Set 1.074ms
[10.848s][info][gc,phases   ] GC(55) y: Pause Relocate Start 0.005ms
[10.848s][info][gc,phases   ] GC(55) y: Concurrent Relocate 0.031ms
[10.848s][info][gc,alloc    ] GC(55) y:                         Mark Start        Mark End      Relocate Start    Relocate End   
[10.848s][info][gc,alloc    ] GC(55) y: Allocation Stalls:          0                0                0                0         
[10.848s][info][gc,load     ] GC(55) y: Load: 3.36 (34%) / 3.11 (31%) / 3.17 (32%)
[10.848s][info][gc,mmu      ] GC(55) y: MMU: 2ms/99.0%, 5ms/99.5%, 10ms/99.7%, 20ms/99.7%, 50ms/99.8%, 100ms/99.9%
[10.848s][info][gc,marking  ] GC(55) y: Mark: 2 stripe(s), 2 proactive flush(es), 1 terminate flush(es), 0 completion(s), 0 continuation(s) 
[10.848s][info][gc,marking  ] GC(55) y: Mark Stack Usage: 32M
[10.848s][info][gc,nmethod  ] GC(55) y: NMethods: 1569 registered, 132 unregistered
[10.848s][info][gc,metaspace] GC(55) y: Metaspace: 9M used, 10M committed, 1088M reserved
[10.848s][info][gc,reloc    ] GC(55) y:                        Candidates     Selected     In-Place         Size        Empty    Relocated 
[10.848s][info][gc,reloc    ] GC(55) y: Small Pages:                    2            0            0           4M           2M           0M 
[10.848s][info][gc,reloc    ] GC(55) y: Medium Pages:                  28            0            0         896M         864M           0M 
[10.848s][info][gc,reloc    ] GC(55) y: Large Pages:                    0            0            0           0M           0M           0M 
[10.848s][info][gc,reloc    ] GC(55) y: Forwarding Usage: 0M
[10.848s][info][gc,reloc    ] GC(55) y: Age Table:
[10.848s][info][gc,reloc    ] GC(55) y:                    Live             Garbage             Small              Medium             Large        
[10.848s][info][gc,reloc    ] GC(55) y: Eden               0M (0%)          865M (85%)          1 / 0             27 / 0              0 / 0        
[10.848s][info][gc,reloc    ] GC(55) y: Survivor 1          -                34M (3%)           1 / 0              1 / 0              0 / 0        
[10.848s][info][gc,heap     ] GC(55) y: Min Capacity: 8M(1%)
[10.848s][info][gc,heap     ] GC(55) y: Max Capacity: 1024M(100%)
[10.848s][info][gc,heap     ] GC(55) y: Soft Max Capacity: 1024M(100%)
[10.848s][info][gc,heap     ] GC(55) y: Heap Statistics:
[10.848s][info][gc,heap     ] GC(55) y:                Mark Start          Mark End        Relocate Start      Relocate End           High               Low         
[10.848s][info][gc,heap     ] GC(55) y:  Capacity:     1024M (100%)       1024M (100%)       1024M (100%)       1024M (100%)       1024M (100%)       1024M (100%)   
[10.848s][info][gc,heap     ] GC(55) y:      Free:       84M (8%)           50M (5%)          916M (89%)         916M (89%)         916M (89%)          50M (5%)     
[10.848s][info][gc,heap     ] GC(55) y:      Used:      940M (92%)         974M (95%)         108M (11%)         108M (11%)         974M (95%)         108M (11%)    
[10.848s][info][gc,heap     ] GC(55) y: Young Generation Statistics:
[10.848s][info][gc,heap     ] GC(55) y:                Mark Start          Mark End        Relocate Start      Relocate End    
[10.848s][info][gc,heap     ] GC(55) y:      Used:      900M (88%)         934M (91%)          68M (7%)           68M (7%)     
[10.848s][info][gc,heap     ] GC(55) y:      Live:         -                 0M (0%)            0M (0%)            0M (0%)     
[10.848s][info][gc,heap     ] GC(55) y:   Garbage:         -               899M (88%)          33M (3%)           33M (3%)     
[10.848s][info][gc,heap     ] GC(55) y: Allocated:         -                34M (3%)           34M (3%)           34M (3%)     
[10.848s][info][gc,heap     ] GC(55) y: Reclaimed:         -                  -               866M (85%)         866M (85%)    
[10.848s][info][gc,heap     ] GC(55) y:  Promoted:         -                  -                 0M (0%)            0M (0%)     
[10.848s][info][gc,heap     ] GC(55) y: Compacted:         -                  -                  -                 0M (0%)     
[10.848s][info][gc,phases   ] GC(55) y: Young Generation 940M(92%)->108M(11%) 0.002s
[10.848s][info][gc          ] GC(55) Minor Collection (Allocation Rate) 940M(92%)->108M(11%) 0.003s
[10.910s][info][gc          ] GC(56) Minor Collection (Allocation Rate)
[10.910s][info][gc,task     ] GC(56) Using 1 Workers for Young Generation
[10.910s][info][gc,phases   ] GC(56) y: Young Generation
[10.910s][info][gc,phases   ] GC(56) y: Pause Mark Start 0.006ms
[10.913s][info][gc,phases   ] GC(56) y: Concurrent Mark 2.592ms
[10.913s][info][gc,phases   ] GC(56) y: Pause Mark End 0.008ms
[10.913s][info][gc,phases   ] GC(56) y: Concurrent Mark Free 0.000ms
[10.913s][info][gc,phases   ] GC(56) y: Concurrent Reset Relocation Set 0.000ms
[10.914s][info][gc,reloc    ] GC(56) y: Using tenuring threshold: 1 (Computed)
[10.914s][info][gc,phases   ] GC(56) y: Concurrent Select Relocation Set 1.118ms
[10.914s][info][gc,phases   ] GC(56) y: Pause Relocate Start 0.005ms
[10.914s][info][gc,phases   ] GC(56) y: Concurrent Relocate 0.033ms
[10.914s][info][gc,alloc    ] GC(56) y:                         Mark Start        Mark End      Relocate Start    Relocate End   
[10.914s][info][gc,alloc    ] GC(56) y: Allocation Stalls:          0                0                0                0         
[10.914s][info][gc,load     ] GC(56) y: Load: 3.36 (34%) / 3.11 (31%) / 3.17 (32%)
[10.914s][info][gc,mmu      ] GC(56) y: MMU: 2ms/99.0%, 5ms/99.5%, 10ms/99.7%, 20ms/99.7%, 50ms/99.8%, 100ms/99.9%
[10.914s][info][gc,marking  ] GC(56) y: Mark: 1 stripe(s), 2 proactive flush(es), 1 terminate flush(es), 0 completion(s), 0 continuation(s) 
[10.914s][info][gc,marking  ] GC(56) y: Mark Stack Usage: 32M
[10.914s][info][gc,nmethod  ] GC(56) y: NMethods: 1569 registered, 132 unregistered
[10.914s][info][gc,metaspace] GC(56) y: Metaspace: 9M used, 10M committed, 1088M reserved
[10.914s][info][gc,reloc    ] GC(56) y:                        Candidates     Selected     In-Place         Size        Empty    Relocated 
[10.914s][info][gc,reloc    ] GC(56) y: Small Pages:                    2            0            0           4M           2M           0M 
[10.914s][info][gc,reloc    ] GC(56) y: Medium Pages:                  25            0            0         800M         768M           0M 
[10.914s][info][gc,reloc    ] GC(56) y: Large Pages:                    0            0            0           0M           0M           0M 
[10.914s][info][gc,reloc    ] GC(56) y: Forwarding Usage: 0M
[10.914s][info][gc,reloc    ] GC(56) y: Age Table:
[10.915s][info][gc,reloc    ] GC(56) y:                    Live             Garbage             Small              Medium             Large        
[10.915s][info][gc,reloc    ] GC(56) y: Eden               0M (0%)          769M (75%)          1 / 0             24 / 0              0 / 0        
[10.915s][info][gc,reloc    ] GC(56) y: Survivor 1          -                34M (3%)           1 / 0              1 / 0              0 / 0        
[10.915s][info][gc,heap     ] GC(56) y: Min Capacity: 8M(1%)
[10.915s][info][gc,heap     ] GC(56) y: Max Capacity: 1024M(100%)
[10.915s][info][gc,heap     ] GC(56) y: Soft Max Capacity: 1024M(100%)
[10.915s][info][gc,heap     ] GC(56) y: Heap Statistics:
[10.915s][info][gc,heap     ] GC(56) y:                Mark Start          Mark End        Relocate Start      Relocate End           High               Low         
[10.915s][info][gc,heap     ] GC(56) y:  Capacity:     1024M (100%)       1024M (100%)       1024M (100%)       1024M (100%)       1024M (100%)       1024M (100%)   
[10.915s][info][gc,heap     ] GC(56) y:      Free:      180M (18%)         146M (14%)         884M (86%)         884M (86%)         884M (86%)         114M (11%)    
[10.915s][info][gc,heap     ] GC(56) y:      Used:      844M (82%)         878M (86%)         140M (14%)         140M (14%)         910M (89%)         140M (14%)    
[10.915s][info][gc,heap     ] GC(56) y: Young Generation Statistics:
[10.915s][info][gc,heap     ] GC(56) y:                Mark Start          Mark End        Relocate Start      Relocate End    
[10.915s][info][gc,heap     ] GC(56) y:      Used:      804M (79%)         838M (82%)         100M (10%)         100M (10%)    
[10.915s][info][gc,heap     ] GC(56) y:      Live:         -                 0M (0%)            0M (0%)            0M (0%)     
[10.915s][info][gc,heap     ] GC(56) y:   Garbage:         -               803M (78%)          33M (3%)           33M (3%)     
[10.915s][info][gc,heap     ] GC(56) y: Allocated:         -                34M (3%)           66M (6%)           66M (6%)     
[10.915s][info][gc,heap     ] GC(56) y: Reclaimed:         -                  -               770M (75%)         770M (75%)    
[10.915s][info][gc,heap     ] GC(56) y:  Promoted:         -                  -                 0M (0%)            0M (0%)     
[10.915s][info][gc,heap     ] GC(56) y: Compacted:         -                  -                  -                 0M (0%)     
[10.915s][info][gc,phases   ] GC(56) y: Young Generation 844M(82%)->140M(14%) 0.004s
[10.915s][info][gc          ] GC(56) Minor Collection (Allocation Rate) 844M(82%)->140M(14%) 0.004s
[10.981s][info][gc          ] GC(57) Minor Collection (Allocation Rate)
[10.981s][info][gc,task     ] GC(57) Using 2 Workers for Young Generation
[10.981s][info][gc,phases   ] GC(57) y: Young Generation
[10.981s][info][gc,phases   ] GC(57) y: Pause Mark Start 0.006ms
[10.982s][info][gc,phases   ] GC(57) y: Concurrent Mark 1.235ms
[10.982s][info][gc,phases   ] GC(57) y: Pause Mark End 0.005ms
[10.982s][info][gc,phases   ] GC(57) y: Concurrent Mark Free 0.000ms
[10.982s][info][gc,phases   ] GC(57) y: Concurrent Reset Relocation Set 0.000ms
[10.983s][info][gc,reloc    ] GC(57) y: Using tenuring threshold: 1 (Computed)
[10.983s][info][gc,phases   ] GC(57) y: Concurrent Select Relocation Set 1.091ms
[10.983s][info][gc,phases   ] GC(57) y: Pause Relocate Start 0.004ms
[10.983s][info][gc,phases   ] GC(57) y: Concurrent Relocate 0.034ms
[10.983s][info][gc,alloc    ] GC(57) y:                         Mark Start        Mark End      Relocate Start    Relocate End   
[10.983s][info][gc,alloc    ] GC(57) y: Allocation Stalls:          0                0                0                0         
[10.983s][info][gc,load     ] GC(57) y: Load: 3.36 (34%) / 3.11 (31%) / 3.17 (32%)
[10.983s][info][gc,mmu      ] GC(57) y: MMU: 2ms/99.0%, 5ms/99.5%, 10ms/99.7%, 20ms/99.7%, 50ms/99.8%, 100ms/99.9%
[10.983s][info][gc,marking  ] GC(57) y: Mark: 2 stripe(s), 2 proactive flush(es), 1 terminate flush(es), 0 completion(s), 0 continuation(s) 
[10.983s][info][gc,marking  ] GC(57) y: Mark Stack Usage: 32M
[10.983s][info][gc,nmethod  ] GC(57) y: NMethods: 1569 registered, 132 unregistered
[10.983s][info][gc,metaspace] GC(57) y: Metaspace: 9M used, 10M committed, 1088M reserved
[10.983s][info][gc,reloc    ] GC(57) y:                        Candidates     Selected     In-Place         Size        Empty    Relocated 
[10.983s][info][gc,reloc    ] GC(57) y: Small Pages:                    2            0            0           4M           2M           0M 
[10.983s][info][gc,reloc    ] GC(57) y: Medium Pages:                  27            0            0         864M         832M           0M 
[10.983s][info][gc,reloc    ] GC(57) y: Large Pages:                    0            0            0           0M           0M           0M 
[10.983s][info][gc,reloc    ] GC(57) y: Forwarding Usage: 0M
[10.983s][info][gc,reloc    ] GC(57) y: Age Table:
[10.983s][info][gc,reloc    ] GC(57) y:                    Live             Garbage             Small              Medium             Large        
[10.983s][info][gc,reloc    ] GC(57) y: Eden               0M (0%)          833M (81%)          1 / 0             26 / 0              0 / 0        
[10.983s][info][gc,reloc    ] GC(57) y: Survivor 1          -                34M (3%)           1 / 0              1 / 0              0 / 0        
[10.983s][info][gc,heap     ] GC(57) y: Min Capacity: 8M(1%)
[10.983s][info][gc,heap     ] GC(57) y: Max Capacity: 1024M(100%)
[10.983s][info][gc,heap     ] GC(57) y: Soft Max Capacity: 1024M(100%)
[10.983s][info][gc,heap     ] GC(57) y: Heap Statistics:
[10.983s][info][gc,heap     ] GC(57) y:                Mark Start          Mark End        Relocate Start      Relocate End           High               Low         
[10.983s][info][gc,heap     ] GC(57) y:  Capacity:     1024M (100%)       1024M (100%)       1024M (100%)       1024M (100%)       1024M (100%)       1024M (100%)   
[10.983s][info][gc,heap     ] GC(57) y:      Free:      116M (11%)          82M (8%)          916M (89%)         916M (89%)         916M (89%)          82M (8%)     
[10.983s][info][gc,heap     ] GC(57) y:      Used:      908M (89%)         942M (92%)         108M (11%)         108M (11%)         942M (92%)         108M (11%)    
[10.983s][info][gc,heap     ] GC(57) y: Young Generation Statistics:
[10.983s][info][gc,heap     ] GC(57) y:                Mark Start          Mark End        Relocate Start      Relocate End    
[10.983s][info][gc,heap     ] GC(57) y:      Used:      868M (85%)         902M (88%)          68M (7%)           68M (7%)     
[10.983s][info][gc,heap     ] GC(57) y:      Live:         -                 0M (0%)            0M (0%)            0M (0%)     
[10.983s][info][gc,heap     ] GC(57) y:   Garbage:         -               867M (85%)          33M (3%)           33M (3%)     
[10.983s][info][gc,heap     ] GC(57) y: Allocated:         -                34M (3%)           34M (3%)           34M (3%)     
[10.983s][info][gc,heap     ] GC(57) y: Reclaimed:         -                  -               834M (81%)         834M (81%)    
[10.983s][info][gc,heap     ] GC(57) y:  Promoted:         -                  -                 0M (0%)            0M (0%)     
[10.983s][info][gc,heap     ] GC(57) y: Compacted:         -                  -                  -                 0M (0%)     
[10.983s][info][gc,phases   ] GC(57) y: Young Generation 908M(89%)->108M(11%) 0.003s
[10.983s][info][gc          ] GC(57) Minor Collection (Allocation Rate) 908M(89%)->108M(11%) 0.003s
[11.048s][info][gc          ] GC(58) Minor Collection (Allocation Rate)
[11.048s][info][gc,task     ] GC(58) Using 1 Workers for Young Generation
[11.048s][info][gc,phases   ] GC(58) y: Young Generation
[11.049s][info][gc,phases   ] GC(58) y: Pause Mark Start 0.004ms
[11.050s][info][gc,phases   ] GC(58) y: Concurrent Mark 1.788ms
[11.050s][info][gc,phases   ] GC(58) y: Pause Mark End 0.010ms
[11.050s][info][gc,phases   ] GC(58) y: Concurrent Mark Free 0.000ms
[11.050s][info][gc,phases   ] GC(58) y: Concurrent Reset Relocation Set 0.000ms
[11.051s][info][gc,reloc    ] GC(58) y: Using tenuring threshold: 1 (Computed)
[11.051s][info][gc,phases   ] GC(58) y: Concurrent Select Relocation Set 1.051ms
[11.052s][info][gc,phases   ] GC(58) y: Pause Relocate Start 0.007ms
[11.052s][info][gc,phases   ] GC(58) y: Concurrent Relocate 0.020ms
[11.052s][info][gc,alloc    ] GC(58) y:                         Mark Start        Mark End      Relocate Start    Relocate End   
[11.052s][info][gc,alloc    ] GC(58) y: Allocation Stalls:          0                0                0                0         
[11.052s][info][gc,load     ] GC(58) y: Load: 3.36 (34%) / 3.11 (31%) / 3.17 (32%)
[11.052s][info][gc,mmu      ] GC(58) y: MMU: 2ms/99.0%, 5ms/99.5%, 10ms/99.7%, 20ms/99.7%, 50ms/99.8%, 100ms/99.9%
[11.052s][info][gc,marking  ] GC(58) y: Mark: 1 stripe(s), 2 proactive flush(es), 1 terminate flush(es), 0 completion(s), 0 continuation(s) 
[11.052s][info][gc,marking  ] GC(58) y: Mark Stack Usage: 32M
[11.052s][info][gc,nmethod  ] GC(58) y: NMethods: 1569 registered, 132 unregistered
[11.052s][info][gc,metaspace] GC(58) y: Metaspace: 9M used, 10M committed, 1088M reserved
[11.052s][info][gc,reloc    ] GC(58) y:                        Candidates     Selected     In-Place         Size        Empty    Relocated 
[11.052s][info][gc,reloc    ] GC(58) y: Small Pages:                    2            0            0           4M           2M           0M 
[11.052s][info][gc,reloc    ] GC(58) y: Medium Pages:                  26            0            0         832M         800M           0M 
[11.052s][info][gc,reloc    ] GC(58) y: Large Pages:                    0            0            0           0M           0M           0M 
[11.052s][info][gc,reloc    ] GC(58) y: Forwarding Usage: 0M
[11.052s][info][gc,reloc    ] GC(58) y: Age Table:
[11.052s][info][gc,reloc    ] GC(58) y:                    Live             Garbage             Small              Medium             Large        
[11.052s][info][gc,reloc    ] GC(58) y: Eden               0M (0%)          801M (78%)          1 / 0             25 / 0              0 / 0        
[11.052s][info][gc,reloc    ] GC(58) y: Survivor 1          -                34M (3%)           1 / 0              1 / 0              0 / 0        
[11.052s][info][gc,heap     ] GC(58) y: Min Capacity: 8M(1%)
[11.052s][info][gc,heap     ] GC(58) y: Max Capacity: 1024M(100%)
[11.052s][info][gc,heap     ] GC(58) y: Soft Max Capacity: 1024M(100%)
[11.052s][info][gc,heap     ] GC(58) y: Heap Statistics:
[11.052s][info][gc,heap     ] GC(58) y:                Mark Start          Mark End        Relocate Start      Relocate End           High               Low         
[11.052s][info][gc,heap     ] GC(58) y:  Capacity:     1024M (100%)       1024M (100%)       1024M (100%)       1024M (100%)       1024M (100%)       1024M (100%)   
[11.052s][info][gc,heap     ] GC(58) y:      Free:      148M (14%)         114M (11%)         916M (89%)         916M (89%)         916M (89%)         114M (11%)    
[11.052s][info][gc,heap     ] GC(58) y:      Used:      876M (86%)         910M (89%)         108M (11%)         108M (11%)         910M (89%)         108M (11%)    
[11.052s][info][gc,heap     ] GC(58) y: Young Generation Statistics:
[11.052s][info][gc,heap     ] GC(58) y:                Mark Start          Mark End        Relocate Start      Relocate End    
[11.052s][info][gc,heap     ] GC(58) y:      Used:      836M (82%)         870M (85%)          68M (7%)           68M (7%)     
[11.052s][info][gc,heap     ] GC(58) y:      Live:         -                 0M (0%)            0M (0%)            0M (0%)     
[11.052s][info][gc,heap     ] GC(58) y:   Garbage:         -               835M (82%)          33M (3%)           33M (3%)     
[11.052s][info][gc,heap     ] GC(58) y: Allocated:         -                34M (3%)           34M (3%)           34M (3%)     
[11.052s][info][gc,heap     ] GC(58) y: Reclaimed:         -                  -               802M (78%)         802M (78%)    
[11.052s][info][gc,heap     ] GC(58) y:  Promoted:         -                  -                 0M (0%)            0M (0%)     
[11.052s][info][gc,heap     ] GC(58) y: Compacted:         -                  -                  -                 0M (0%)     
[11.052s][info][gc,phases   ] GC(58) y: Young Generation 876M(86%)->108M(11%) 0.003s
[11.052s][info][gc          ] GC(58) Minor Collection (Allocation Rate) 876M(86%)->108M(11%) 0.003s
[11.121s][info][gc          ] GC(59) Minor Collection (Allocation Rate)
[11.121s][info][gc,task     ] GC(59) Using 3 Workers for Young Generation
[11.122s][info][gc,phases   ] GC(59) y: Young Generation
[11.122s][info][gc,phases   ] GC(59) y: Pause Mark Start 0.005ms
[11.123s][info][gc,phases   ] GC(59) y: Concurrent Mark 0.952ms
[11.123s][info][gc,phases   ] GC(59) y: Pause Mark End 0.004ms
[11.123s][info][gc,phases   ] GC(59) y: Concurrent Mark Free 0.000ms
[11.123s][info][gc,phases   ] GC(59) y: Concurrent Reset Relocation Set 0.000ms
[11.124s][info][gc,reloc    ] GC(59) y: Using tenuring threshold: 1 (Computed)
[11.124s][info][gc,phases   ] GC(59) y: Concurrent Select Relocation Set 1.069ms
[11.124s][info][gc,phases   ] GC(59) y: Pause Relocate Start 0.003ms
[11.124s][info][gc,phases   ] GC(59) y: Concurrent Relocate 0.045ms
[11.124s][info][gc,alloc    ] GC(59) y:                         Mark Start        Mark End      Relocate Start    Relocate End   
[11.124s][info][gc,alloc    ] GC(59) y: Allocation Stalls:          0                0                0                0         
[11.124s][info][gc,load     ] GC(59) y: Load: 3.36 (34%) / 3.11 (31%) / 3.17 (32%)
[11.124s][info][gc,mmu      ] GC(59) y: MMU: 2ms/99.0%, 5ms/99.5%, 10ms/99.7%, 20ms/99.7%, 50ms/99.8%, 100ms/99.9%
[11.124s][info][gc,marking  ] GC(59) y: Mark: 2 stripe(s), 2 proactive flush(es), 1 terminate flush(es), 0 completion(s), 0 continuation(s) 
[11.124s][info][gc,marking  ] GC(59) y: Mark Stack Usage: 32M
[11.124s][info][gc,nmethod  ] GC(59) y: NMethods: 1569 registered, 132 unregistered
[11.124s][info][gc,metaspace] GC(59) y: Metaspace: 9M used, 10M committed, 1088M reserved
[11.124s][info][gc,reloc    ] GC(59) y:                        Candidates     Selected     In-Place         Size        Empty    Relocated 
[11.124s][info][gc,reloc    ] GC(59) y: Small Pages:                    2            0            0           4M           2M           0M 
[11.124s][info][gc,reloc    ] GC(59) y: Medium Pages:                  28            0            0         896M         864M           0M 
[11.124s][info][gc,reloc    ] GC(59) y: Large Pages:                    0            0            0           0M           0M           0M 
[11.124s][info][gc,reloc    ] GC(59) y: Forwarding Usage: 0M
[11.124s][info][gc,reloc    ] GC(59) y: Age Table:
[11.124s][info][gc,reloc    ] GC(59) y:                    Live             Garbage             Small              Medium             Large        
[11.124s][info][gc,reloc    ] GC(59) y: Eden               0M (0%)          865M (85%)          1 / 0             27 / 0              0 / 0        
[11.124s][info][gc,reloc    ] GC(59) y: Survivor 1          -                34M (3%)           1 / 0              1 / 0              0 / 0        
[11.124s][info][gc,heap     ] GC(59) y: Min Capacity: 8M(1%)
[11.124s][info][gc,heap     ] GC(59) y: Max Capacity: 1024M(100%)
[11.124s][info][gc,heap     ] GC(59) y: Soft Max Capacity: 1024M(100%)
[11.124s][info][gc,heap     ] GC(59) y: Heap Statistics:
[11.124s][info][gc,heap     ] GC(59) y:                Mark Start          Mark End        Relocate Start      Relocate End           High               Low         
[11.124s][info][gc,heap     ] GC(59) y:  Capacity:     1024M (100%)       1024M (100%)       1024M (100%)       1024M (100%)       1024M (100%)       1024M (100%)   
[11.124s][info][gc,heap     ] GC(59) y:      Free:       84M (8%)           50M (5%)          916M (89%)         916M (89%)         916M (89%)          50M (5%)     
[11.124s][info][gc,heap     ] GC(59) y:      Used:      940M (92%)         974M (95%)         108M (11%)         108M (11%)         974M (95%)         108M (11%)    
[11.124s][info][gc,heap     ] GC(59) y: Young Generation Statistics:
[11.124s][info][gc,heap     ] GC(59) y:                Mark Start          Mark End        Relocate Start      Relocate End    
[11.124s][info][gc,heap     ] GC(59) y:      Used:      900M (88%)         934M (91%)          68M (7%)           68M (7%)     
[11.124s][info][gc,heap     ] GC(59) y:      Live:         -                 0M (0%)            0M (0%)            0M (0%)     
[11.124s][info][gc,heap     ] GC(59) y:   Garbage:         -               899M (88%)          33M (3%)           33M (3%)     
[11.124s][info][gc,heap     ] GC(59) y: Allocated:         -                34M (3%)           34M (3%)           34M (3%)     
[11.124s][info][gc,heap     ] GC(59) y: Reclaimed:         -                  -               866M (85%)         866M (85%)    
[11.124s][info][gc,heap     ] GC(59) y:  Promoted:         -                  -                 0M (0%)            0M (0%)     
[11.124s][info][gc,heap     ] GC(59) y: Compacted:         -                  -                  -                 0M (0%)     
[11.124s][info][gc,phases   ] GC(59) y: Young Generation 940M(92%)->108M(11%) 0.002s
[11.124s][info][gc          ] GC(59) Minor Collection (Allocation Rate) 940M(92%)->108M(11%) 0.002s
[11.186s][info][gc          ] GC(60) Minor Collection (Allocation Rate)
[11.186s][info][gc,task     ] GC(60) Using 1 Workers for Young Generation
[11.186s][info][gc,phases   ] GC(60) y: Young Generation
[11.186s][info][gc,phases   ] GC(60) y: Pause Mark Start 0.005ms
[11.189s][info][gc,phases   ] GC(60) y: Concurrent Mark 2.529ms
[11.189s][info][gc,phases   ] GC(60) y: Pause Mark End 0.006ms
[11.189s][info][gc,phases   ] GC(60) y: Concurrent Mark Free 0.000ms
[11.189s][info][gc,phases   ] GC(60) y: Concurrent Reset Relocation Set 0.000ms
[11.190s][info][gc,reloc    ] GC(60) y: Using tenuring threshold: 1 (Computed)
[11.190s][info][gc,phases   ] GC(60) y: Concurrent Select Relocation Set 1.080ms
[11.190s][info][gc,phases   ] GC(60) y: Pause Relocate Start 0.005ms
[11.190s][info][gc,phases   ] GC(60) y: Concurrent Relocate 0.031ms
[11.190s][info][gc,alloc    ] GC(60) y:                         Mark Start        Mark End      Relocate Start    Relocate End   
[11.190s][info][gc,alloc    ] GC(60) y: Allocation Stalls:          0                0                0                0         
[11.190s][info][gc,load     ] GC(60) y: Load: 3.36 (34%) / 3.11 (31%) / 3.17 (32%)
[11.190s][info][gc,mmu      ] GC(60) y: MMU: 2ms/99.0%, 5ms/99.5%, 10ms/99.7%, 20ms/99.7%, 50ms/99.8%, 100ms/99.9%
[11.190s][info][gc,marking  ] GC(60) y: Mark: 1 stripe(s), 2 proactive flush(es), 1 terminate flush(es), 0 completion(s), 0 continuation(s) 
[11.190s][info][gc,marking  ] GC(60) y: Mark Stack Usage: 32M
[11.190s][info][gc,nmethod  ] GC(60) y: NMethods: 1569 registered, 132 unregistered
[11.190s][info][gc,metaspace] GC(60) y: Metaspace: 9M used, 10M committed, 1088M reserved
[11.190s][info][gc,reloc    ] GC(60) y:                        Candidates     Selected     In-Place         Size        Empty    Relocated 
[11.190s][info][gc,reloc    ] GC(60) y: Small Pages:                    2            0            0           4M           2M           0M 
[11.190s][info][gc,reloc    ] GC(60) y: Medium Pages:                  25            0            0         800M         768M           0M 
[11.190s][info][gc,reloc    ] GC(60) y: Large Pages:                    0            0            0           0M           0M           0M 
[11.190s][info][gc,reloc    ] GC(60) y: Forwarding Usage: 0M
[11.190s][info][gc,reloc    ] GC(60) y: Age Table:
[11.190s][info][gc,reloc    ] GC(60) y:                    Live             Garbage             Small              Medium             Large        
[11.190s][info][gc,reloc    ] GC(60) y: Eden               0M (0%)          769M (75%)          1 / 0             24 / 0              0 / 0        
[11.190s][info][gc,reloc    ] GC(60) y: Survivor 1          -                34M (3%)           1 / 0              1 / 0              0 / 0        
[11.190s][info][gc,heap     ] GC(60) y: Min Capacity: 8M(1%)
[11.190s][info][gc,heap     ] GC(60) y: Max Capacity: 1024M(100%)
[11.190s][info][gc,heap     ] GC(60) y: Soft Max Capacity: 1024M(100%)
[11.190s][info][gc,heap     ] GC(60) y: Heap Statistics:
[11.190s][info][gc,heap     ] GC(60) y:                Mark Start          Mark End        Relocate Start      Relocate End           High               Low         
[11.190s][info][gc,heap     ] GC(60) y:  Capacity:     1024M (100%)       1024M (100%)       1024M (100%)       1024M (100%)       1024M (100%)       1024M (100%)   
[11.190s][info][gc,heap     ] GC(60) y:      Free:      180M (18%)         146M (14%)         884M (86%)         884M (86%)         884M (86%)         114M (11%)    
[11.190s][info][gc,heap     ] GC(60) y:      Used:      844M (82%)         878M (86%)         140M (14%)         140M (14%)         910M (89%)         140M (14%)    
[11.190s][info][gc,heap     ] GC(60) y: Young Generation Statistics:
[11.190s][info][gc,heap     ] GC(60) y:                Mark Start          Mark End        Relocate Start      Relocate End    
[11.190s][info][gc,heap     ] GC(60) y:      Used:      804M (79%)         838M (82%)         100M (10%)         100M (10%)    
[11.190s][info][gc,heap     ] GC(60) y:      Live:         -                 0M (0%)            0M (0%)            0M (0%)     
[11.190s][info][gc,heap     ] GC(60) y:   Garbage:         -               803M (78%)          33M (3%)           33M (3%)     
[11.190s][info][gc,heap     ] GC(60) y: Allocated:         -                34M (3%)           66M (6%)           66M (6%)     
[11.190s][info][gc,heap     ] GC(60) y: Reclaimed:         -                  -               770M (75%)         770M (75%)    
[11.190s][info][gc,heap     ] GC(60) y:  Promoted:         -                  -                 0M (0%)            0M (0%)     
[11.190s][info][gc,heap     ] GC(60) y: Compacted:         -                  -                  -                 0M (0%)     
[11.190s][info][gc,phases   ] GC(60) y: Young Generation 844M(82%)->140M(14%) 0.004s
[11.190s][info][gc          ] GC(60) Minor Collection (Allocation Rate) 844M(82%)->140M(14%) 0.004s
[11.257s][info][gc          ] GC(61) Minor Collection (Allocation Rate)
[11.257s][info][gc,task     ] GC(61) Using 2 Workers for Young Generation
[11.257s][info][gc,phases   ] GC(61) y: Young Generation
[11.257s][info][gc,phases   ] GC(61) y: Pause Mark Start 0.006ms
[11.258s][info][gc,phases   ] GC(61) y: Concurrent Mark 1.230ms
[11.258s][info][gc,phases   ] GC(61) y: Pause Mark End 0.005ms
[11.258s][info][gc,phases   ] GC(61) y: Concurrent Mark Free 0.000ms
[11.258s][info][gc,phases   ] GC(61) y: Concurrent Reset Relocation Set 0.000ms
[11.259s][info][gc,reloc    ] GC(61) y: Using tenuring threshold: 1 (Computed)
[11.259s][info][gc,phases   ] GC(61) y: Concurrent Select Relocation Set 1.058ms
[11.259s][info][gc,phases   ] GC(61) y: Pause Relocate Start 0.006ms
[11.259s][info][gc,phases   ] GC(61) y: Concurrent Relocate 0.045ms
[11.259s][info][gc,alloc    ] GC(61) y:                         Mark Start        Mark End      Relocate Start    Relocate End   
[11.259s][info][gc,alloc    ] GC(61) y: Allocation Stalls:          0                0                0                0         
[11.259s][info][gc,load     ] GC(61) y: Load: 3.36 (34%) / 3.11 (31%) / 3.17 (32%)
[11.259s][info][gc,mmu      ] GC(61) y: MMU: 2ms/99.0%, 5ms/99.5%, 10ms/99.7%, 20ms/99.7%, 50ms/99.8%, 100ms/99.9%
[11.259s][info][gc,marking  ] GC(61) y: Mark: 2 stripe(s), 2 proactive flush(es), 1 terminate flush(es), 0 completion(s), 0 continuation(s) 
[11.259s][info][gc,marking  ] GC(61) y: Mark Stack Usage: 32M
[11.259s][info][gc,nmethod  ] GC(61) y: NMethods: 1569 registered, 132 unregistered
[11.259s][info][gc,metaspace] GC(61) y: Metaspace: 9M used, 10M committed, 1088M reserved
[11.259s][info][gc,reloc    ] GC(61) y:                        Candidates     Selected     In-Place         Size        Empty    Relocated 
[11.259s][info][gc,reloc    ] GC(61) y: Small Pages:                    2            0            0           4M           2M           0M 
[11.259s][info][gc,reloc    ] GC(61) y: Medium Pages:                  27            0            0         864M         832M           0M 
[11.259s][info][gc,reloc    ] GC(61) y: Large Pages:                    0            0            0           0M           0M           0M 
[11.259s][info][gc,reloc    ] GC(61) y: Forwarding Usage: 0M
[11.259s][info][gc,reloc    ] GC(61) y: Age Table:
[11.259s][info][gc,reloc    ] GC(61) y:                    Live             Garbage             Small              Medium             Large        
[11.259s][info][gc,reloc    ] GC(61) y: Eden               0M (0%)          833M (81%)          1 / 0             26 / 0              0 / 0        
[11.259s][info][gc,reloc    ] GC(61) y: Survivor 1          -                34M (3%)           1 / 0              1 / 0              0 / 0        
[11.259s][info][gc,heap     ] GC(61) y: Min Capacity: 8M(1%)
[11.259s][info][gc,heap     ] GC(61) y: Max Capacity: 1024M(100%)
[11.259s][info][gc,heap     ] GC(61) y: Soft Max Capacity: 1024M(100%)
[11.259s][info][gc,heap     ] GC(61) y: Heap Statistics:
[11.259s][info][gc,heap     ] GC(61) y:                Mark Start          Mark End        Relocate Start      Relocate End           High               Low         
[11.259s][info][gc,heap     ] GC(61) y:  Capacity:     1024M (100%)       1024M (100%)       1024M (100%)       1024M (100%)       1024M (100%)       1024M (100%)   
[11.259s][info][gc,heap     ] GC(61) y:      Free:      116M (11%)          82M (8%)          916M (89%)         916M (89%)         916M (89%)          82M (8%)     
[11.259s][info][gc,heap     ] GC(61) y:      Used:      908M (89%)         942M (92%)         108M (11%)         108M (11%)         942M (92%)         108M (11%)    
[11.259s][info][gc,heap     ] GC(61) y: Young Generation Statistics:
[11.259s][info][gc,heap     ] GC(61) y:                Mark Start          Mark End        Relocate Start      Relocate End    
[11.259s][info][gc,heap     ] GC(61) y:      Used:      868M (85%)         902M (88%)          68M (7%)           68M (7%)     
[11.259s][info][gc,heap     ] GC(61) y:      Live:         -                 0M (0%)            0M (0%)            0M (0%)     
[11.259s][info][gc,heap     ] GC(61) y:   Garbage:         -               867M (85%)          33M (3%)           33M (3%)     
[11.259s][info][gc,heap     ] GC(61) y: Allocated:         -                34M (3%)           34M (3%)           34M (3%)     
[11.259s][info][gc,heap     ] GC(61) y: Reclaimed:         -                  -               834M (81%)         834M (81%)    
[11.259s][info][gc,heap     ] GC(61) y:  Promoted:         -                  -                 0M (0%)            0M (0%)     
[11.259s][info][gc,heap     ] GC(61) y: Compacted:         -                  -                  -                 0M (0%)     
[11.259s][info][gc,phases   ] GC(61) y: Young Generation 908M(89%)->108M(11%) 0.003s
[11.259s][info][gc          ] GC(61) Minor Collection (Allocation Rate) 908M(89%)->108M(11%) 0.003s
[11.291s][info][gc          ] GC(62) Major Collection (Proactive)
[11.291s][info][gc,task     ] GC(62) Using 1 Workers for Young Generation
[11.291s][info][gc,task     ] GC(62) Using 1 Workers for Old Generation
[11.291s][info][gc,phases   ] GC(62) Y: Young Generation
[11.291s][info][gc,phases   ] GC(62) Y: Pause Mark Start (Major) 0.007ms
[11.293s][info][gc,phases   ] GC(62) Y: Concurrent Mark 1.645ms
[11.293s][info][gc,phases   ] GC(62) Y: Pause Mark End 0.008ms
[11.293s][info][gc,phases   ] GC(62) Y: Concurrent Mark Free 0.000ms
[11.293s][info][gc,phases   ] GC(62) Y: Concurrent Reset Relocation Set 0.000ms
[11.294s][info][gc,reloc    ] GC(62) Y: Using tenuring threshold: 1 (Computed)
[11.294s][info][gc,phases   ] GC(62) Y: Concurrent Select Relocation Set 1.117ms
[11.294s][info][gc,phases   ] GC(62) Y: Pause Relocate Start 0.004ms
[11.294s][info][gc,phases   ] GC(62) Y: Concurrent Relocate 0.015ms
[11.294s][info][gc,alloc    ] GC(62) Y:                         Mark Start        Mark End      Relocate Start    Relocate End   
[11.294s][info][gc,alloc    ] GC(62) Y: Allocation Stalls:          0                0                0                0         
[11.294s][info][gc,load     ] GC(62) Y: Load: 3.36 (34%) / 3.11 (31%) / 3.17 (32%)
[11.294s][info][gc,mmu      ] GC(62) Y: MMU: 2ms/99.0%, 5ms/99.5%, 10ms/99.7%, 20ms/99.7%, 50ms/99.8%, 100ms/99.9%
[11.294s][info][gc,marking  ] GC(62) Y: Mark: 1 stripe(s), 2 proactive flush(es), 1 terminate flush(es), 0 completion(s), 0 continuation(s) 
[11.294s][info][gc,marking  ] GC(62) Y: Mark Stack Usage: 32M
[11.294s][info][gc,nmethod  ] GC(62) Y: NMethods: 1569 registered, 132 unregistered
[11.294s][info][gc,metaspace] GC(62) Y: Metaspace: 9M used, 10M committed, 1088M reserved
[11.294s][info][gc,reloc    ] GC(62) Y:                        Candidates     Selected     In-Place         Size        Empty    Relocated 
[11.294s][info][gc,reloc    ] GC(62) Y: Small Pages:                    2            0            0           4M           2M           0M 
[11.294s][info][gc,reloc    ] GC(62) Y: Medium Pages:                  14            0            0         448M         416M           0M 
[11.294s][info][gc,reloc    ] GC(62) Y: Large Pages:                    0            0            0           0M           0M           0M 
[11.294s][info][gc,reloc    ] GC(62) Y: Forwarding Usage: 0M
[11.294s][info][gc,reloc    ] GC(62) Y: Age Table:
[11.294s][info][gc,reloc    ] GC(62) Y:                    Live             Garbage             Small              Medium             Large        
[11.294s][info][gc,reloc    ] GC(62) Y: Eden               0M (0%)          417M (41%)          1 / 0             13 / 0              0 / 0        
[11.294s][info][gc,reloc    ] GC(62) Y: Survivor 1          -                34M (3%)           1 / 0              1 / 0              0 / 0        
[11.294s][info][gc,heap     ] GC(62) Y: Min Capacity: 8M(1%)
[11.294s][info][gc,heap     ] GC(62) Y: Max Capacity: 1024M(100%)
[11.294s][info][gc,heap     ] GC(62) Y: Soft Max Capacity: 1024M(100%)
[11.294s][info][gc,heap     ] GC(62) Y: Heap Statistics:
[11.294s][info][gc,heap     ] GC(62) Y:                Mark Start          Mark End        Relocate Start      Relocate End           High               Low         
[11.294s][info][gc,heap     ] GC(62) Y:  Capacity:     1024M (100%)       1024M (100%)       1024M (100%)       1024M (100%)       1024M (100%)       1024M (100%)   
[11.294s][info][gc,heap     ] GC(62) Y:      Free:      532M (52%)         498M (49%)         916M (89%)         916M (89%)         916M (89%)         498M (49%)    
[11.294s][info][gc,heap     ] GC(62) Y:      Used:      492M (48%)         526M (51%)         108M (11%)         108M (11%)         526M (51%)         108M (11%)    
[11.294s][info][gc,heap     ] GC(62) Y: Young Generation Statistics:
[11.294s][info][gc,heap     ] GC(62) Y:                Mark Start          Mark End        Relocate Start      Relocate End    
[11.294s][info][gc,heap     ] GC(62) Y:      Used:      452M (44%)         486M (47%)          68M (7%)           68M (7%)     
[11.294s][info][gc,heap     ] GC(62) Y:      Live:         -                 0M (0%)            0M (0%)            0M (0%)     
[11.294s][info][gc,heap     ] GC(62) Y:   Garbage:         -               451M (44%)          33M (3%)           33M (3%)     
[11.294s][info][gc,heap     ] GC(62) Y: Allocated:         -                34M (3%)           34M (3%)           34M (3%)     
[11.294s][info][gc,heap     ] GC(62) Y: Reclaimed:         -                  -               418M (41%)         418M (41%)    
[11.294s][info][gc,heap     ] GC(62) Y:  Promoted:         -                  -                 0M (0%)            0M (0%)     
[11.294s][info][gc,heap     ] GC(62) Y: Compacted:         -                  -                  -                 0M (0%)     
[11.294s][info][gc,phases   ] GC(62) Y: Young Generation 492M(48%)->108M(11%) 0.003s
[11.294s][info][gc,phases   ] GC(62) O: Old Generation
[11.299s][info][gc,phases   ] GC(62) O: Concurrent Mark 5.362ms
[11.299s][info][gc,phases   ] GC(62) O: Pause Mark End 0.009ms
[11.300s][info][gc,phases   ] GC(62) O: Concurrent Mark Free 0.000ms
[11.302s][info][gc,phases   ] GC(62) O: Concurrent Process Non-Strong 2.350ms
[11.302s][info][gc,phases   ] GC(62) O: Concurrent Reset Relocation Set 0.000ms
[11.303s][info][gc,phases   ] GC(62) O: Concurrent Select Relocation Set 0.936ms
[11.303s][info][gc,task     ] GC(62) O: Using 2 Workers for Old Generation
[11.307s][info][gc,task     ] GC(62) O: Using 1 Workers for Old Generation
[11.307s][info][gc,phases   ] GC(62) O: Concurrent Remap Roots 4.424ms
[11.307s][info][gc,phases   ] GC(62) O: Pause Relocate Start 0.009ms
[11.308s][info][gc,phases   ] GC(62) O: Concurrent Relocate 0.768ms
[11.308s][info][gc,alloc    ] GC(62) O:                         Mark Start        Mark End      Relocate Start    Relocate End   
[11.308s][info][gc,alloc    ] GC(62) O: Allocation Stalls:          0                0                0                0         
[11.308s][info][gc,load     ] GC(62) O: Load: 3.36 (34%) / 3.11 (31%) / 3.17 (32%)
[11.308s][info][gc,mmu      ] GC(62) O: MMU: 2ms/99.0%, 5ms/99.5%, 10ms/99.7%, 20ms/99.7%, 50ms/99.8%, 100ms/99.9%
[11.308s][info][gc,marking  ] GC(62) O: Mark: 1 stripe(s), 2 proactive flush(es), 1 terminate flush(es), 0 completion(s), 0 continuation(s) 
[11.308s][info][gc,marking  ] GC(62) O: Mark Stack Usage: 32M
[11.308s][info][gc,nmethod  ] GC(62) O: NMethods: 1569 registered, 132 unregistered
[11.308s][info][gc,metaspace] GC(62) O: Metaspace: 9M used, 10M committed, 1088M reserved
[11.308s][info][gc,ref      ] GC(62) O:                       Encountered   Discovered     Enqueued 
[11.308s][info][gc,ref      ] GC(62) O: Soft References:              372            0            0 
[11.308s][info][gc,ref      ] GC(62) O: Weak References:             1110          831            0 
[11.308s][info][gc,ref      ] GC(62) O: Final References:             880          270            0 
[11.308s][info][gc,ref      ] GC(62) O: Phantom References:            32            2            0 
[11.308s][info][gc,reloc    ] GC(62) O:                        Candidates     Selected     In-Place         Size        Empty    Relocated 
[11.308s][info][gc,reloc    ] GC(62) O: Small Pages:                    4            1            0           8M           0M           1M 
[11.308s][info][gc,reloc    ] GC(62) O: Medium Pages:                   1            0            0          32M           0M           0M 
[11.308s][info][gc,reloc    ] GC(62) O: Large Pages:                    0            0            0           0M           0M           0M 
[11.308s][info][gc,reloc    ] GC(62) O: Forwarding Usage: 0M
[11.308s][info][gc,heap     ] GC(62) O: Min Capacity: 8M(1%)
[11.308s][info][gc,heap     ] GC(62) O: Max Capacity: 1024M(100%)
[11.308s][info][gc,heap     ] GC(62) O: Soft Max Capacity: 1024M(100%)
[11.308s][info][gc,heap     ] GC(62) O: Heap Statistics:
[11.308s][info][gc,heap     ] GC(62) O:                Mark Start          Mark End        Relocate Start      Relocate End           High               Low         
[11.308s][info][gc,heap     ] GC(62) O:  Capacity:     1024M (100%)       1024M (100%)       1024M (100%)       1024M (100%)       1024M (100%)       1024M (100%)   
[11.308s][info][gc,heap     ] GC(62) O:      Free:      532M (52%)         852M (83%)         756M (74%)         756M (74%)         916M (89%)         498M (49%)    
[11.308s][info][gc,heap     ] GC(62) O:      Used:      492M (48%)         172M (17%)         268M (26%)         268M (26%)         526M (51%)         108M (11%)    
[11.308s][info][gc,heap     ] GC(62) O: Old Generation Statistics:
[11.308s][info][gc,heap     ] GC(62) O:                Mark Start          Mark End        Relocate Start      Relocate End    
[11.308s][info][gc,heap     ] GC(62) O:      Used:       40M (4%)           40M (4%)           40M (4%)           40M (4%)     
[11.308s][info][gc,heap     ] GC(62) O:      Live:         -                 4M (0%)            4M (0%)            4M (0%)     
[11.308s][info][gc,heap     ] GC(62) O:   Garbage:         -                35M (3%)           35M (3%)           32M (3%)     
[11.308s][info][gc,heap     ] GC(62) O: Allocated:         -                 0M (0%)            0M (0%)            2M (0%)     
[11.308s][info][gc,heap     ] GC(62) O: Reclaimed:         -                  -                 0M (0%)            2M (0%)     
[11.308s][info][gc,heap     ] GC(62) O: Compacted:         -                  -                  -                 1M (0%)     
[11.308s][info][gc,phases   ] GC(62) O: Old Generation 108M(11%)->268M(26%) 0.014s
[11.308s][info][gc          ] GC(62) Major Collection (Proactive) 492M(48%)->268M(26%) 0.018s
[11.365s][info][gc          ] GC(63) Minor Collection (Allocation Rate)
[11.365s][info][gc,task     ] GC(63) Using 3 Workers for Young Generation
[11.365s][info][gc,phases   ] GC(63) y: Young Generation
[11.365s][info][gc,phases   ] GC(63) y: Pause Mark Start 0.004ms
[11.366s][info][gc,phases   ] GC(63) y: Concurrent Mark 1.101ms
[11.366s][info][gc,phases   ] GC(63) y: Pause Mark End 0.005ms
[11.366s][info][gc,phases   ] GC(63) y: Concurrent Mark Free 0.000ms
[11.366s][info][gc,phases   ] GC(63) y: Concurrent Reset Relocation Set 0.000ms
[11.367s][info][gc,reloc    ] GC(63) y: Using tenuring threshold: 1 (Computed)
[11.367s][info][gc,phases   ] GC(63) y: Concurrent Select Relocation Set 1.131ms
[11.367s][info][gc,phases   ] GC(63) y: Pause Relocate Start 0.004ms
[11.367s][info][gc,phases   ] GC(63) y: Concurrent Relocate 0.044ms
[11.367s][info][gc,alloc    ] GC(63) y:                         Mark Start        Mark End      Relocate Start    Relocate End   
[11.367s][info][gc,alloc    ] GC(63) y: Allocation Stalls:          0                0                0                0         
[11.367s][info][gc,load     ] GC(63) y: Load: 3.36 (34%) / 3.11 (31%) / 3.17 (32%)
[11.367s][info][gc,mmu      ] GC(63) y: MMU: 2ms/99.0%, 5ms/99.5%, 10ms/99.7%, 20ms/99.7%, 50ms/99.8%, 100ms/99.9%
[11.367s][info][gc,marking  ] GC(63) y: Mark: 2 stripe(s), 2 proactive flush(es), 1 terminate flush(es), 0 completion(s), 0 continuation(s) 
[11.367s][info][gc,marking  ] GC(63) y: Mark Stack Usage: 32M
[11.367s][info][gc,nmethod  ] GC(63) y: NMethods: 1569 registered, 132 unregistered
[11.367s][info][gc,metaspace] GC(63) y: Metaspace: 9M used, 10M committed, 1088M reserved
[11.367s][info][gc,reloc    ] GC(63) y:                        Candidates     Selected     In-Place         Size        Empty    Relocated 
[11.367s][info][gc,reloc    ] GC(63) y: Small Pages:                    2            0            0           4M           2M           0M 
[11.367s][info][gc,reloc    ] GC(63) y: Medium Pages:                  28            0            0         896M         864M           0M 
[11.367s][info][gc,reloc    ] GC(63) y: Large Pages:                    0            0            0           0M           0M           0M 
[11.367s][info][gc,reloc    ] GC(63) y: Forwarding Usage: 0M
[11.367s][info][gc,reloc    ] GC(63) y: Age Table:
[11.367s][info][gc,reloc    ] GC(63) y:                    Live             Garbage             Small              Medium             Large        
[11.367s][info][gc,reloc    ] GC(63) y: Eden               0M (0%)          865M (85%)          1 / 0             27 / 0              0 / 0        
[11.367s][info][gc,reloc    ] GC(63) y: Survivor 1          -                34M (3%)           1 / 0              1 / 0              0 / 0        
[11.367s][info][gc,heap     ] GC(63) y: Min Capacity: 8M(1%)
[11.367s][info][gc,heap     ] GC(63) y: Max Capacity: 1024M(100%)
[11.367s][info][gc,heap     ] GC(63) y: Soft Max Capacity: 1024M(100%)
[11.367s][info][gc,heap     ] GC(63) y: Heap Statistics:
[11.367s][info][gc,heap     ] GC(63) y:                Mark Start          Mark End        Relocate Start      Relocate End           High               Low         
[11.367s][info][gc,heap     ] GC(63) y:  Capacity:     1024M (100%)       1024M (100%)       1024M (100%)       1024M (100%)       1024M (100%)       1024M (100%)   
[11.367s][info][gc,heap     ] GC(63) y:      Free:       84M (8%)           50M (5%)          916M (89%)         916M (89%)         916M (89%)          50M (5%)     
[11.367s][info][gc,heap     ] GC(63) y:      Used:      940M (92%)         974M (95%)         108M (11%)         108M (11%)         974M (95%)         108M (11%)    
[11.367s][info][gc,heap     ] GC(63) y: Young Generation Statistics:
[11.367s][info][gc,heap     ] GC(63) y:                Mark Start          Mark End        Relocate Start      Relocate End    
[11.367s][info][gc,heap     ] GC(63) y:      Used:      900M (88%)         934M (91%)          68M (7%)           68M (7%)     
[11.367s][info][gc,heap     ] GC(63) y:      Live:         -                 0M (0%)            0M (0%)            0M (0%)     
[11.367s][info][gc,heap     ] GC(63) y:   Garbage:         -               899M (88%)          33M (3%)           33M (3%)     
[11.367s][info][gc,heap     ] GC(63) y: Allocated:         -                34M (3%)           34M (3%)           34M (3%)     
[11.367s][info][gc,heap     ] GC(63) y: Reclaimed:         -                  -               866M (85%)         866M (85%)    
[11.367s][info][gc,heap     ] GC(63) y:  Promoted:         -                  -                 0M (0%)            0M (0%)     
[11.367s][info][gc,heap     ] GC(63) y: Compacted:         -                  -                  -                 0M (0%)     
[11.367s][info][gc,phases   ] GC(63) y: Young Generation 940M(92%)->108M(11%) 0.003s
[11.367s][info][gc          ] GC(63) Minor Collection (Allocation Rate) 940M(92%)->108M(11%) 0.003s
[11.436s][info][gc          ] GC(64) Minor Collection (Allocation Rate)
[11.436s][info][gc,task     ] GC(64) Using 3 Workers for Young Generation
[11.436s][info][gc,phases   ] GC(64) y: Young Generation
[11.436s][info][gc,phases   ] GC(64) y: Pause Mark Start 0.004ms
[11.437s][info][gc,phases   ] GC(64) y: Concurrent Mark 0.864ms
[11.437s][info][gc,phases   ] GC(64) y: Pause Mark End 0.005ms
[11.437s][info][gc,phases   ] GC(64) y: Concurrent Mark Free 0.000ms
[11.437s][info][gc,phases   ] GC(64) y: Concurrent Reset Relocation Set 0.000ms
[11.438s][info][gc,reloc    ] GC(64) y: Using tenuring threshold: 1 (Computed)
[11.438s][info][gc,phases   ] GC(64) y: Concurrent Select Relocation Set 1.077ms
[11.438s][info][gc,phases   ] GC(64) y: Pause Relocate Start 0.004ms
[11.438s][info][gc,phases   ] GC(64) y: Concurrent Relocate 0.063ms
[11.438s][info][gc,alloc    ] GC(64) y:                         Mark Start        Mark End      Relocate Start    Relocate End   
[11.438s][info][gc,alloc    ] GC(64) y: Allocation Stalls:          0                0                0                0         
[11.438s][info][gc,load     ] GC(64) y: Load: 3.36 (34%) / 3.11 (31%) / 3.17 (32%)
[11.438s][info][gc,mmu      ] GC(64) y: MMU: 2ms/99.0%, 5ms/99.5%, 10ms/99.7%, 20ms/99.7%, 50ms/99.8%, 100ms/99.9%
[11.438s][info][gc,marking  ] GC(64) y: Mark: 2 stripe(s), 2 proactive flush(es), 1 terminate flush(es), 0 completion(s), 0 continuation(s) 
[11.438s][info][gc,marking  ] GC(64) y: Mark Stack Usage: 32M
[11.438s][info][gc,nmethod  ] GC(64) y: NMethods: 1569 registered, 132 unregistered
[11.438s][info][gc,metaspace] GC(64) y: Metaspace: 9M used, 10M committed, 1088M reserved
[11.438s][info][gc,reloc    ] GC(64) y:                        Candidates     Selected     In-Place         Size        Empty    Relocated 
[11.438s][info][gc,reloc    ] GC(64) y: Small Pages:                    2            0            0           4M           2M           0M 
[11.438s][info][gc,reloc    ] GC(64) y: Medium Pages:                  27            0            0         864M         832M           0M 
[11.438s][info][gc,reloc    ] GC(64) y: Large Pages:                    0            0            0           0M           0M           0M 
[11.438s][info][gc,reloc    ] GC(64) y: Forwarding Usage: 0M
[11.438s][info][gc,reloc    ] GC(64) y: Age Table:
[11.438s][info][gc,reloc    ] GC(64) y:                    Live             Garbage             Small              Medium             Large        
[11.438s][info][gc,reloc    ] GC(64) y: Eden               0M (0%)          833M (81%)          1 / 0             26 / 0              0 / 0        
[11.438s][info][gc,reloc    ] GC(64) y: Survivor 1          -                34M (3%)           1 / 0              1 / 0              0 / 0        
[11.438s][info][gc,heap     ] GC(64) y: Min Capacity: 8M(1%)
[11.438s][info][gc,heap     ] GC(64) y: Max Capacity: 1024M(100%)
[11.438s][info][gc,heap     ] GC(64) y: Soft Max Capacity: 1024M(100%)
[11.438s][info][gc,heap     ] GC(64) y: Heap Statistics:
[11.438s][info][gc,heap     ] GC(64) y:                Mark Start          Mark End        Relocate Start      Relocate End           High               Low         
[11.438s][info][gc,heap     ] GC(64) y:  Capacity:     1024M (100%)       1024M (100%)       1024M (100%)       1024M (100%)       1024M (100%)       1024M (100%)   
[11.438s][info][gc,heap     ] GC(64) y:      Free:      116M (11%)          82M (8%)          916M (89%)         916M (89%)         916M (89%)          82M (8%)     
[11.438s][info][gc,heap     ] GC(64) y:      Used:      908M (89%)         942M (92%)         108M (11%)         108M (11%)         942M (92%)         108M (11%)    
[11.438s][info][gc,heap     ] GC(64) y: Young Generation Statistics:
[11.438s][info][gc,heap     ] GC(64) y:                Mark Start          Mark End        Relocate Start      Relocate End    
[11.438s][info][gc,heap     ] GC(64) y:      Used:      868M (85%)         902M (88%)          68M (7%)           68M (7%)     
[11.438s][info][gc,heap     ] GC(64) y:      Live:         -                 0M (0%)            0M (0%)            0M (0%)     
[11.438s][info][gc,heap     ] GC(64) y:   Garbage:         -               867M (85%)          33M (3%)           33M (3%)     
[11.438s][info][gc,heap     ] GC(64) y: Allocated:         -                34M (3%)           34M (3%)           34M (3%)     
[11.438s][info][gc,heap     ] GC(64) y: Reclaimed:         -                  -               834M (81%)         834M (81%)    
[11.438s][info][gc,heap     ] GC(64) y:  Promoted:         -                  -                 0M (0%)            0M (0%)     
[11.438s][info][gc,heap     ] GC(64) y: Compacted:         -                  -                  -                 0M (0%)     
[11.438s][info][gc,phases   ] GC(64) y: Young Generation 908M(89%)->108M(11%) 0.002s
[11.438s][info][gc          ] GC(64) Minor Collection (Allocation Rate) 908M(89%)->108M(11%) 0.003s
[11.501s][info][gc          ] GC(65) Minor Collection (Allocation Rate)
[11.501s][info][gc,task     ] GC(65) Using 1 Workers for Young Generation
[11.501s][info][gc,phases   ] GC(65) y: Young Generation
[11.502s][info][gc,phases   ] GC(65) y: Pause Mark Start 0.005ms
[11.504s][info][gc,phases   ] GC(65) y: Concurrent Mark 2.389ms
[11.504s][info][gc,phases   ] GC(65) y: Pause Mark End 0.006ms
[11.504s][info][gc,phases   ] GC(65) y: Concurrent Mark Free 0.000ms
[11.504s][info][gc,phases   ] GC(65) y: Concurrent Reset Relocation Set 0.000ms
[11.505s][info][gc,reloc    ] GC(65) y: Using tenuring threshold: 1 (Computed)
[11.505s][info][gc,phases   ] GC(65) y: Concurrent Select Relocation Set 1.076ms
[11.505s][info][gc,phases   ] GC(65) y: Pause Relocate Start 0.006ms
[11.505s][info][gc,phases   ] GC(65) y: Concurrent Relocate 0.031ms
[11.505s][info][gc,alloc    ] GC(65) y:                         Mark Start        Mark End      Relocate Start    Relocate End   
[11.505s][info][gc,alloc    ] GC(65) y: Allocation Stalls:          0                0                0                0         
[11.505s][info][gc,load     ] GC(65) y: Load: 3.36 (34%) / 3.11 (31%) / 3.17 (32%)
[11.505s][info][gc,mmu      ] GC(65) y: MMU: 2ms/99.0%, 5ms/99.5%, 10ms/99.7%, 20ms/99.7%, 50ms/99.8%, 100ms/99.9%
[11.505s][info][gc,marking  ] GC(65) y: Mark: 1 stripe(s), 2 proactive flush(es), 1 terminate flush(es), 0 completion(s), 0 continuation(s) 
[11.505s][info][gc,marking  ] GC(65) y: Mark Stack Usage: 32M
[11.505s][info][gc,nmethod  ] GC(65) y: NMethods: 1569 registered, 132 unregistered
[11.505s][info][gc,metaspace] GC(65) y: Metaspace: 9M used, 10M committed, 1088M reserved
[11.505s][info][gc,reloc    ] GC(65) y:                        Candidates     Selected     In-Place         Size        Empty    Relocated 
[11.505s][info][gc,reloc    ] GC(65) y: Small Pages:                    2            0            0           4M           2M           0M 
[11.505s][info][gc,reloc    ] GC(65) y: Medium Pages:                  25            0            0         800M         768M           0M 
[11.505s][info][gc,reloc    ] GC(65) y: Large Pages:                    0            0            0           0M           0M           0M 
[11.505s][info][gc,reloc    ] GC(65) y: Forwarding Usage: 0M
[11.505s][info][gc,reloc    ] GC(65) y: Age Table:
[11.505s][info][gc,reloc    ] GC(65) y:                    Live             Garbage             Small              Medium             Large        
[11.505s][info][gc,reloc    ] GC(65) y: Eden               0M (0%)          769M (75%)          1 / 0             24 / 0              0 / 0        
[11.505s][info][gc,reloc    ] GC(65) y: Survivor 1          -                34M (3%)           1 / 0              1 / 0              0 / 0        
[11.505s][info][gc,heap     ] GC(65) y: Min Capacity: 8M(1%)
[11.505s][info][gc,heap     ] GC(65) y: Max Capacity: 1024M(100%)
[11.505s][info][gc,heap     ] GC(65) y: Soft Max Capacity: 1024M(100%)
[11.505s][info][gc,heap     ] GC(65) y: Heap Statistics:
[11.505s][info][gc,heap     ] GC(65) y:                Mark Start          Mark End        Relocate Start      Relocate End           High               Low         
[11.505s][info][gc,heap     ] GC(65) y:  Capacity:     1024M (100%)       1024M (100%)       1024M (100%)       1024M (100%)       1024M (100%)       1024M (100%)   
[11.505s][info][gc,heap     ] GC(65) y:      Free:      180M (18%)         146M (14%)         884M (86%)         884M (86%)         884M (86%)         114M (11%)    
[11.505s][info][gc,heap     ] GC(65) y:      Used:      844M (82%)         878M (86%)         140M (14%)         140M (14%)         910M (89%)         140M (14%)    
[11.505s][info][gc,heap     ] GC(65) y: Young Generation Statistics:
[11.505s][info][gc,heap     ] GC(65) y:                Mark Start          Mark End        Relocate Start      Relocate End    
[11.505s][info][gc,heap     ] GC(65) y:      Used:      804M (79%)         838M (82%)         100M (10%)         100M (10%)    
[11.505s][info][gc,heap     ] GC(65) y:      Live:         -                 0M (0%)            0M (0%)            0M (0%)     
[11.505s][info][gc,heap     ] GC(65) y:   Garbage:         -               803M (78%)          33M (3%)           33M (3%)     
[11.505s][info][gc,heap     ] GC(65) y: Allocated:         -                34M (3%)           66M (6%)           66M (6%)     
[11.505s][info][gc,heap     ] GC(65) y: Reclaimed:         -                  -               770M (75%)         770M (75%)    
[11.505s][info][gc,heap     ] GC(65) y:  Promoted:         -                  -                 0M (0%)            0M (0%)     
[11.505s][info][gc,heap     ] GC(65) y: Compacted:         -                  -                  -                 0M (0%)     
[11.505s][info][gc,phases   ] GC(65) y: Young Generation 844M(82%)->140M(14%) 0.004s
[11.505s][info][gc          ] GC(65) Minor Collection (Allocation Rate) 844M(82%)->140M(14%) 0.004s
[11.572s][info][gc          ] GC(66) Minor Collection (Allocation Rate)
[11.572s][info][gc,task     ] GC(66) Using 2 Workers for Young Generation
[11.572s][info][gc,phases   ] GC(66) y: Young Generation
[11.572s][info][gc,phases   ] GC(66) y: Pause Mark Start 0.006ms
[11.573s][info][gc,phases   ] GC(66) y: Concurrent Mark 1.314ms
[11.574s][info][gc,phases   ] GC(66) y: Pause Mark End 0.006ms
[11.574s][info][gc,phases   ] GC(66) y: Concurrent Mark Free 0.000ms
[11.574s][info][gc,phases   ] GC(66) y: Concurrent Reset Relocation Set 0.000ms
[11.575s][info][gc,reloc    ] GC(66) y: Using tenuring threshold: 1 (Computed)
[11.575s][info][gc,phases   ] GC(66) y: Concurrent Select Relocation Set 1.128ms
[11.575s][info][gc,phases   ] GC(66) y: Pause Relocate Start 0.005ms
[11.575s][info][gc,phases   ] GC(66) y: Concurrent Relocate 0.035ms
[11.575s][info][gc,alloc    ] GC(66) y:                         Mark Start        Mark End      Relocate Start    Relocate End   
[11.575s][info][gc,alloc    ] GC(66) y: Allocation Stalls:          0                0                0                0         
[11.575s][info][gc,load     ] GC(66) y: Load: 3.36 (34%) / 3.11 (31%) / 3.17 (32%)
[11.575s][info][gc,mmu      ] GC(66) y: MMU: 2ms/99.0%, 5ms/99.5%, 10ms/99.7%, 20ms/99.7%, 50ms/99.8%, 100ms/99.9%
[11.575s][info][gc,marking  ] GC(66) y: Mark: 2 stripe(s), 2 proactive flush(es), 1 terminate flush(es), 0 completion(s), 0 continuation(s) 
[11.575s][info][gc,marking  ] GC(66) y: Mark Stack Usage: 32M
[11.575s][info][gc,nmethod  ] GC(66) y: NMethods: 1570 registered, 132 unregistered
[11.575s][info][gc,metaspace] GC(66) y: Metaspace: 9M used, 10M committed, 1088M reserved
[11.575s][info][gc,reloc    ] GC(66) y:                        Candidates     Selected     In-Place         Size        Empty    Relocated 
[11.575s][info][gc,reloc    ] GC(66) y: Small Pages:                    2            0            0           4M           2M           0M 
[11.575s][info][gc,reloc    ] GC(66) y: Medium Pages:                  27            0            0         864M         832M           0M 
[11.575s][info][gc,reloc    ] GC(66) y: Large Pages:                    0            0            0           0M           0M           0M 
[11.575s][info][gc,reloc    ] GC(66) y: Forwarding Usage: 0M
[11.575s][info][gc,reloc    ] GC(66) y: Age Table:
[11.575s][info][gc,reloc    ] GC(66) y:                    Live             Garbage             Small              Medium             Large        
[11.575s][info][gc,reloc    ] GC(66) y: Eden               0M (0%)          833M (81%)          1 / 0             26 / 0              0 / 0        
[11.575s][info][gc,reloc    ] GC(66) y: Survivor 1          -                34M (3%)           1 / 0              1 / 0              0 / 0        
[11.575s][info][gc,heap     ] GC(66) y: Min Capacity: 8M(1%)
[11.575s][info][gc,heap     ] GC(66) y: Max Capacity: 1024M(100%)
[11.575s][info][gc,heap     ] GC(66) y: Soft Max Capacity: 1024M(100%)
[11.575s][info][gc,heap     ] GC(66) y: Heap Statistics:
[11.575s][info][gc,heap     ] GC(66) y:                Mark Start          Mark End        Relocate Start      Relocate End           High               Low         
[11.575s][info][gc,heap     ] GC(66) y:  Capacity:     1024M (100%)       1024M (100%)       1024M (100%)       1024M (100%)       1024M (100%)       1024M (100%)   
[11.575s][info][gc,heap     ] GC(66) y:      Free:      116M (11%)          82M (8%)          916M (89%)         916M (89%)         916M (89%)          82M (8%)     
[11.575s][info][gc,heap     ] GC(66) y:      Used:      908M (89%)         942M (92%)         108M (11%)         108M (11%)         942M (92%)         108M (11%)    
[11.575s][info][gc,heap     ] GC(66) y: Young Generation Statistics:
[11.575s][info][gc,heap     ] GC(66) y:                Mark Start          Mark End        Relocate Start      Relocate End    
[11.575s][info][gc,heap     ] GC(66) y:      Used:      868M (85%)         902M (88%)          68M (7%)           68M (7%)     
[11.575s][info][gc,heap     ] GC(66) y:      Live:         -                 0M (0%)            0M (0%)            0M (0%)     
[11.575s][info][gc,heap     ] GC(66) y:   Garbage:         -               867M (85%)          33M (3%)           33M (3%)     
[11.575s][info][gc,heap     ] GC(66) y: Allocated:         -                34M (3%)           34M (3%)           34M (3%)     
[11.575s][info][gc,heap     ] GC(66) y: Reclaimed:         -                  -               834M (81%)         834M (81%)    
[11.575s][info][gc,heap     ] GC(66) y:  Promoted:         -                  -                 0M (0%)            0M (0%)     
[11.575s][info][gc,heap     ] GC(66) y: Compacted:         -                  -                  -                 0M (0%)     
[11.575s][info][gc,phases   ] GC(66) y: Young Generation 908M(89%)->108M(11%) 0.003s
[11.575s][info][gc          ] GC(66) Minor Collection (Allocation Rate) 908M(89%)->108M(11%) 0.003s
[11.643s][info][gc          ] GC(67) Minor Collection (Allocation Rate)
[11.643s][info][gc,task     ] GC(67) Using 2 Workers for Young Generation
[11.643s][info][gc,phases   ] GC(67) y: Young Generation
[11.643s][info][gc,phases   ] GC(67) y: Pause Mark Start 0.005ms
[11.644s][info][gc,phases   ] GC(67) y: Concurrent Mark 1.248ms
[11.644s][info][gc,phases   ] GC(67) y: Pause Mark End 0.010ms
[11.644s][info][gc,phases   ] GC(67) y: Concurrent Mark Free 0.000ms
[11.644s][info][gc,phases   ] GC(67) y: Concurrent Reset Relocation Set 0.000ms
[11.645s][info][gc,reloc    ] GC(67) y: Using tenuring threshold: 1 (Computed)
[11.645s][info][gc,phases   ] GC(67) y: Concurrent Select Relocation Set 1.070ms
[11.645s][info][gc,phases   ] GC(67) y: Pause Relocate Start 0.004ms
[11.646s][info][gc,phases   ] GC(67) y: Concurrent Relocate 0.044ms
[11.646s][info][gc,alloc    ] GC(67) y:                         Mark Start        Mark End      Relocate Start    Relocate End   
[11.646s][info][gc,alloc    ] GC(67) y: Allocation Stalls:          0                0                0                0         
[11.646s][info][gc,load     ] GC(67) y: Load: 3.36 (34%) / 3.11 (31%) / 3.17 (32%)
[11.646s][info][gc,mmu      ] GC(67) y: MMU: 2ms/99.0%, 5ms/99.5%, 10ms/99.7%, 20ms/99.7%, 50ms/99.8%, 100ms/99.9%
[11.646s][info][gc,marking  ] GC(67) y: Mark: 2 stripe(s), 2 proactive flush(es), 1 terminate flush(es), 0 completion(s), 0 continuation(s) 
[11.646s][info][gc,marking  ] GC(67) y: Mark Stack Usage: 32M
[11.646s][info][gc,nmethod  ] GC(67) y: NMethods: 1571 registered, 132 unregistered
[11.646s][info][gc,metaspace] GC(67) y: Metaspace: 9M used, 10M committed, 1088M reserved
[11.646s][info][gc,reloc    ] GC(67) y:                        Candidates     Selected     In-Place         Size        Empty    Relocated 
[11.646s][info][gc,reloc    ] GC(67) y: Small Pages:                    2            0            0           4M           2M           0M 
[11.646s][info][gc,reloc    ] GC(67) y: Medium Pages:                  27            0            0         864M         832M           0M 
[11.646s][info][gc,reloc    ] GC(67) y: Large Pages:                    0            0            0           0M           0M           0M 
[11.646s][info][gc,reloc    ] GC(67) y: Forwarding Usage: 0M
[11.646s][info][gc,reloc    ] GC(67) y: Age Table:
[11.646s][info][gc,reloc    ] GC(67) y:                    Live             Garbage             Small              Medium             Large        
[11.646s][info][gc,reloc    ] GC(67) y: Eden               0M (0%)          833M (81%)          1 / 0             26 / 0              0 / 0        
[11.646s][info][gc,reloc    ] GC(67) y: Survivor 1          -                34M (3%)           1 / 0              1 / 0              0 / 0        
[11.646s][info][gc,heap     ] GC(67) y: Min Capacity: 8M(1%)
[11.646s][info][gc,heap     ] GC(67) y: Max Capacity: 1024M(100%)
[11.646s][info][gc,heap     ] GC(67) y: Soft Max Capacity: 1024M(100%)
[11.646s][info][gc,heap     ] GC(67) y: Heap Statistics:
[11.646s][info][gc,heap     ] GC(67) y:                Mark Start          Mark End        Relocate Start      Relocate End           High               Low         
[11.646s][info][gc,heap     ] GC(67) y:  Capacity:     1024M (100%)       1024M (100%)       1024M (100%)       1024M (100%)       1024M (100%)       1024M (100%)   
[11.646s][info][gc,heap     ] GC(67) y:      Free:      116M (11%)          82M (8%)          916M (89%)         916M (89%)         916M (89%)          82M (8%)     
[11.646s][info][gc,heap     ] GC(67) y:      Used:      908M (89%)         942M (92%)         108M (11%)         108M (11%)         942M (92%)         108M (11%)    
[11.646s][info][gc,heap     ] GC(67) y: Young Generation Statistics:
[11.646s][info][gc,heap     ] GC(67) y:                Mark Start          Mark End        Relocate Start      Relocate End    
[11.646s][info][gc,heap     ] GC(67) y:      Used:      868M (85%)         902M (88%)          68M (7%)           68M (7%)     
[11.646s][info][gc,heap     ] GC(67) y:      Live:         -                 0M (0%)            0M (0%)            0M (0%)     
[11.646s][info][gc,heap     ] GC(67) y:   Garbage:         -               867M (85%)          33M (3%)           33M (3%)     
[11.646s][info][gc,heap     ] GC(67) y: Allocated:         -                34M (3%)           34M (3%)           34M (3%)     
[11.646s][info][gc,heap     ] GC(67) y: Reclaimed:         -                  -               834M (81%)         834M (81%)    
[11.646s][info][gc,heap     ] GC(67) y:  Promoted:         -                  -                 0M (0%)            0M (0%)     
[11.646s][info][gc,heap     ] GC(67) y: Compacted:         -                  -                  -                 0M (0%)     
[11.646s][info][gc,phases   ] GC(67) y: Young Generation 908M(89%)->108M(11%) 0.003s
[11.646s][info][gc          ] GC(67) Minor Collection (Allocation Rate) 908M(89%)->108M(11%) 0.003s
[11.710s][info][gc          ] GC(68) Minor Collection (Allocation Rate)
[11.710s][info][gc,task     ] GC(68) Using 1 Workers for Young Generation
[11.710s][info][gc,phases   ] GC(68) y: Young Generation
[11.710s][info][gc,phases   ] GC(68) y: Pause Mark Start 0.004ms
[11.713s][info][gc,phases   ] GC(68) y: Concurrent Mark 2.525ms
[11.713s][info][gc,phases   ] GC(68) y: Pause Mark End 0.006ms
[11.713s][info][gc,phases   ] GC(68) y: Concurrent Mark Free 0.000ms
[11.713s][info][gc,phases   ] GC(68) y: Concurrent Reset Relocation Set 0.000ms
[11.714s][info][gc,reloc    ] GC(68) y: Using tenuring threshold: 1 (Computed)
[11.714s][info][gc,phases   ] GC(68) y: Concurrent Select Relocation Set 1.107ms
[11.714s][info][gc,phases   ] GC(68) y: Pause Relocate Start 0.004ms
[11.714s][info][gc,phases   ] GC(68) y: Concurrent Relocate 0.031ms
[11.714s][info][gc,alloc    ] GC(68) y:                         Mark Start        Mark End      Relocate Start    Relocate End   
[11.714s][info][gc,alloc    ] GC(68) y: Allocation Stalls:          0                0                0                0         
[11.714s][info][gc,load     ] GC(68) y: Load: 3.36 (34%) / 3.11 (31%) / 3.17 (32%)
[11.714s][info][gc,mmu      ] GC(68) y: MMU: 2ms/99.0%, 5ms/99.5%, 10ms/99.7%, 20ms/99.7%, 50ms/99.8%, 100ms/99.9%
[11.714s][info][gc,marking  ] GC(68) y: Mark: 1 stripe(s), 2 proactive flush(es), 1 terminate flush(es), 0 completion(s), 0 continuation(s) 
[11.714s][info][gc,marking  ] GC(68) y: Mark Stack Usage: 32M
[11.714s][info][gc,nmethod  ] GC(68) y: NMethods: 1572 registered, 132 unregistered
[11.714s][info][gc,metaspace] GC(68) y: Metaspace: 9M used, 10M committed, 1088M reserved
[11.714s][info][gc,reloc    ] GC(68) y:                        Candidates     Selected     In-Place         Size        Empty    Relocated 
[11.714s][info][gc,reloc    ] GC(68) y: Small Pages:                    2            0            0           4M           2M           0M 
[11.714s][info][gc,reloc    ] GC(68) y: Medium Pages:                  26            0            0         832M         800M           0M 
[11.714s][info][gc,reloc    ] GC(68) y: Large Pages:                    0            0            0           0M           0M           0M 
[11.714s][info][gc,reloc    ] GC(68) y: Forwarding Usage: 0M
[11.714s][info][gc,reloc    ] GC(68) y: Age Table:
[11.714s][info][gc,reloc    ] GC(68) y:                    Live             Garbage             Small              Medium             Large        
[11.714s][info][gc,reloc    ] GC(68) y: Eden               0M (0%)          801M (78%)          1 / 0             25 / 0              0 / 0        
[11.714s][info][gc,reloc    ] GC(68) y: Survivor 1          -                34M (3%)           1 / 0              1 / 0              0 / 0        
[11.714s][info][gc,heap     ] GC(68) y: Min Capacity: 8M(1%)
[11.714s][info][gc,heap     ] GC(68) y: Max Capacity: 1024M(100%)
[11.714s][info][gc,heap     ] GC(68) y: Soft Max Capacity: 1024M(100%)
[11.714s][info][gc,heap     ] GC(68) y: Heap Statistics:
[11.714s][info][gc,heap     ] GC(68) y:                Mark Start          Mark End        Relocate Start      Relocate End           High               Low         
[11.714s][info][gc,heap     ] GC(68) y:  Capacity:     1024M (100%)       1024M (100%)       1024M (100%)       1024M (100%)       1024M (100%)       1024M (100%)   
[11.714s][info][gc,heap     ] GC(68) y:      Free:      148M (14%)         114M (11%)         884M (86%)         884M (86%)         884M (86%)          82M (8%)     
[11.714s][info][gc,heap     ] GC(68) y:      Used:      876M (86%)         910M (89%)         140M (14%)         140M (14%)         942M (92%)         140M (14%)    
[11.714s][info][gc,heap     ] GC(68) y: Young Generation Statistics:
[11.714s][info][gc,heap     ] GC(68) y:                Mark Start          Mark End        Relocate Start      Relocate End    
[11.714s][info][gc,heap     ] GC(68) y:      Used:      836M (82%)         870M (85%)         100M (10%)         100M (10%)    
[11.714s][info][gc,heap     ] GC(68) y:      Live:         -                 0M (0%)            0M (0%)            0M (0%)     
[11.714s][info][gc,heap     ] GC(68) y:   Garbage:         -               835M (82%)          33M (3%)           33M (3%)     
[11.714s][info][gc,heap     ] GC(68) y: Allocated:         -                34M (3%)           66M (6%)           66M (6%)     
[11.714s][info][gc,heap     ] GC(68) y: Reclaimed:         -                  -               802M (78%)         802M (78%)    
[11.714s][info][gc,heap     ] GC(68) y:  Promoted:         -                  -                 0M (0%)            0M (0%)     
[11.714s][info][gc,heap     ] GC(68) y: Compacted:         -                  -                  -                 0M (0%)     
[11.714s][info][gc,phases   ] GC(68) y: Young Generation 876M(86%)->140M(14%) 0.004s
[11.714s][info][gc          ] GC(68) Minor Collection (Allocation Rate) 876M(86%)->140M(14%) 0.004s
[11.783s][info][gc          ] GC(69) Minor Collection (Allocation Rate)
[11.783s][info][gc,task     ] GC(69) Using 3 Workers for Young Generation
[11.783s][info][gc,phases   ] GC(69) y: Young Generation
[11.783s][info][gc,phases   ] GC(69) y: Pause Mark Start 0.004ms
[11.784s][info][gc,phases   ] GC(69) y: Concurrent Mark 0.924ms
[11.784s][info][gc,phases   ] GC(69) y: Pause Mark End 0.005ms
[11.784s][info][gc,phases   ] GC(69) y: Concurrent Mark Free 0.000ms
[11.784s][info][gc,phases   ] GC(69) y: Concurrent Reset Relocation Set 0.000ms
[11.785s][info][gc,reloc    ] GC(69) y: Using tenuring threshold: 1 (Computed)
[11.785s][info][gc,phases   ] GC(69) y: Concurrent Select Relocation Set 1.074ms
[11.785s][info][gc,phases   ] GC(69) y: Pause Relocate Start 0.005ms
[11.786s][info][gc,phases   ] GC(69) y: Concurrent Relocate 0.050ms
[11.786s][info][gc,alloc    ] GC(69) y:                         Mark Start        Mark End      Relocate Start    Relocate End   
[11.786s][info][gc,alloc    ] GC(69) y: Allocation Stalls:          0                0                0                0         
[11.786s][info][gc,load     ] GC(69) y: Load: 3.36 (34%) / 3.11 (31%) / 3.17 (32%)
[11.786s][info][gc,mmu      ] GC(69) y: MMU: 2ms/99.0%, 5ms/99.5%, 10ms/99.7%, 20ms/99.7%, 50ms/99.8%, 100ms/99.9%
[11.786s][info][gc,marking  ] GC(69) y: Mark: 2 stripe(s), 2 proactive flush(es), 1 terminate flush(es), 0 completion(s), 0 continuation(s) 
[11.786s][info][gc,marking  ] GC(69) y: Mark Stack Usage: 32M
[11.786s][info][gc,nmethod  ] GC(69) y: NMethods: 1572 registered, 132 unregistered
[11.786s][info][gc,metaspace] GC(69) y: Metaspace: 9M used, 10M committed, 1088M reserved
[11.786s][info][gc,reloc    ] GC(69) y:                        Candidates     Selected     In-Place         Size        Empty    Relocated 
[11.786s][info][gc,reloc    ] GC(69) y: Small Pages:                    2            0            0           4M           2M           0M 
[11.786s][info][gc,reloc    ] GC(69) y: Medium Pages:                  28            0            0         896M         864M           0M 
[11.786s][info][gc,reloc    ] GC(69) y: Large Pages:                    0            0            0           0M           0M           0M 
[11.786s][info][gc,reloc    ] GC(69) y: Forwarding Usage: 0M
[11.786s][info][gc,reloc    ] GC(69) y: Age Table:
[11.786s][info][gc,reloc    ] GC(69) y:                    Live             Garbage             Small              Medium             Large        
[11.786s][info][gc,reloc    ] GC(69) y: Eden               0M (0%)          865M (85%)          1 / 0             27 / 0              0 / 0        
[11.786s][info][gc,reloc    ] GC(69) y: Survivor 1          -                34M (3%)           1 / 0              1 / 0              0 / 0        
[11.786s][info][gc,heap     ] GC(69) y: Min Capacity: 8M(1%)
[11.786s][info][gc,heap     ] GC(69) y: Max Capacity: 1024M(100%)
[11.786s][info][gc,heap     ] GC(69) y: Soft Max Capacity: 1024M(100%)
[11.786s][info][gc,heap     ] GC(69) y: Heap Statistics:
[11.786s][info][gc,heap     ] GC(69) y:                Mark Start          Mark End        Relocate Start      Relocate End           High               Low         
[11.786s][info][gc,heap     ] GC(69) y:  Capacity:     1024M (100%)       1024M (100%)       1024M (100%)       1024M (100%)       1024M (100%)       1024M (100%)   
[11.786s][info][gc,heap     ] GC(69) y:      Free:       84M (8%)           50M (5%)          916M (89%)         916M (89%)         916M (89%)          50M (5%)     
[11.786s][info][gc,heap     ] GC(69) y:      Used:      940M (92%)         974M (95%)         108M (11%)         108M (11%)         974M (95%)         108M (11%)    
[11.786s][info][gc,heap     ] GC(69) y: Young Generation Statistics:
[11.786s][info][gc,heap     ] GC(69) y:                Mark Start          Mark End        Relocate Start      Relocate End    
[11.786s][info][gc,heap     ] GC(69) y:      Used:      900M (88%)         934M (91%)          68M (7%)           68M (7%)     
[11.786s][info][gc,heap     ] GC(69) y:      Live:         -                 0M (0%)            0M (0%)            0M (0%)     
[11.786s][info][gc,heap     ] GC(69) y:   Garbage:         -               899M (88%)          33M (3%)           33M (3%)     
[11.786s][info][gc,heap     ] GC(69) y: Allocated:         -                34M (3%)           34M (3%)           34M (3%)     
[11.786s][info][gc,heap     ] GC(69) y: Reclaimed:         -                  -               866M (85%)         866M (85%)    
[11.786s][info][gc,heap     ] GC(69) y:  Promoted:         -                  -                 0M (0%)            0M (0%)     
[11.786s][info][gc,heap     ] GC(69) y: Compacted:         -                  -                  -                 0M (0%)     
[11.786s][info][gc,phases   ] GC(69) y: Young Generation 940M(92%)->108M(11%) 0.002s
[11.786s][info][gc          ] GC(69) Minor Collection (Allocation Rate) 940M(92%)->108M(11%) 0.003s
[11.856s][info][gc          ] GC(70) Minor Collection (Allocation Rate)
[11.856s][info][gc,task     ] GC(70) Using 3 Workers for Young Generation
[11.856s][info][gc,phases   ] GC(70) y: Young Generation
[11.856s][info][gc,phases   ] GC(70) y: Pause Mark Start 0.006ms
[11.857s][info][gc,phases   ] GC(70) y: Concurrent Mark 0.994ms
[11.857s][info][gc,phases   ] GC(70) y: Pause Mark End 0.004ms
[11.857s][info][gc,phases   ] GC(70) y: Concurrent Mark Free 0.000ms
[11.857s][info][gc,phases   ] GC(70) y: Concurrent Reset Relocation Set 0.000ms
[11.858s][info][gc,reloc    ] GC(70) y: Using tenuring threshold: 1 (Computed)
[11.859s][info][gc,phases   ] GC(70) y: Concurrent Select Relocation Set 1.069ms
[11.859s][info][gc,phases   ] GC(70) y: Pause Relocate Start 0.006ms
[11.859s][info][gc,phases   ] GC(70) y: Concurrent Relocate 0.045ms
[11.859s][info][gc,alloc    ] GC(70) y:                         Mark Start        Mark End      Relocate Start    Relocate End   
[11.859s][info][gc,alloc    ] GC(70) y: Allocation Stalls:          0                0                0                0         
[11.859s][info][gc,load     ] GC(70) y: Load: 3.36 (34%) / 3.11 (31%) / 3.17 (32%)
[11.859s][info][gc,mmu      ] GC(70) y: MMU: 2ms/99.0%, 5ms/99.5%, 10ms/99.7%, 20ms/99.7%, 50ms/99.8%, 100ms/99.9%
[11.859s][info][gc,marking  ] GC(70) y: Mark: 2 stripe(s), 2 proactive flush(es), 1 terminate flush(es), 0 completion(s), 0 continuation(s) 
[11.859s][info][gc,marking  ] GC(70) y: Mark Stack Usage: 32M
[11.859s][info][gc,nmethod  ] GC(70) y: NMethods: 1572 registered, 132 unregistered
[11.859s][info][gc,metaspace] GC(70) y: Metaspace: 9M used, 10M committed, 1088M reserved
[11.859s][info][gc,reloc    ] GC(70) y:                        Candidates     Selected     In-Place         Size        Empty    Relocated 
[11.859s][info][gc,reloc    ] GC(70) y: Small Pages:                    2            0            0           4M           2M           0M 
[11.859s][info][gc,reloc    ] GC(70) y: Medium Pages:                  28            0            0         896M         896M           0M 
[11.859s][info][gc,reloc    ] GC(70) y: Large Pages:                    0            0            0           0M           0M           0M 
[11.859s][info][gc,reloc    ] GC(70) y: Forwarding Usage: 0M
[11.859s][info][gc,reloc    ] GC(70) y: Age Table:
[11.859s][info][gc,reloc    ] GC(70) y:                    Live             Garbage             Small              Medium             Large        
[11.859s][info][gc,reloc    ] GC(70) y: Eden               0M (0%)          865M (85%)          1 / 0             27 / 0              0 / 0        
[11.859s][info][gc,reloc    ] GC(70) y: Survivor 1          -                34M (3%)           1 / 0              1 / 0              0 / 0        
[11.859s][info][gc,heap     ] GC(70) y: Min Capacity: 8M(1%)
[11.859s][info][gc,heap     ] GC(70) y: Max Capacity: 1024M(100%)
[11.859s][info][gc,heap     ] GC(70) y: Soft Max Capacity: 1024M(100%)
[11.859s][info][gc,heap     ] GC(70) y: Heap Statistics:
[11.859s][info][gc,heap     ] GC(70) y:                Mark Start          Mark End        Relocate Start      Relocate End           High               Low         
[11.859s][info][gc,heap     ] GC(70) y:  Capacity:     1024M (100%)       1024M (100%)       1024M (100%)       1024M (100%)       1024M (100%)       1024M (100%)   
[11.859s][info][gc,heap     ] GC(70) y:      Free:       84M (8%)           50M (5%)          948M (93%)         948M (93%)         948M (93%)          50M (5%)     
[11.859s][info][gc,heap     ] GC(70) y:      Used:      940M (92%)         974M (95%)          76M (7%)           76M (7%)          974M (95%)          76M (7%)     
[11.859s][info][gc,heap     ] GC(70) y: Young Generation Statistics:
[11.859s][info][gc,heap     ] GC(70) y:                Mark Start          Mark End        Relocate Start      Relocate End    
[11.859s][info][gc,heap     ] GC(70) y:      Used:      900M (88%)         934M (91%)          36M (4%)           36M (4%)     
[11.859s][info][gc,heap     ] GC(70) y:      Live:         -                 0M (0%)            0M (0%)            0M (0%)     
[11.859s][info][gc,heap     ] GC(70) y:   Garbage:         -               899M (88%)           1M (0%)            1M (0%)     
[11.859s][info][gc,heap     ] GC(70) y: Allocated:         -                34M (3%)           34M (3%)           34M (3%)     
[11.859s][info][gc,heap     ] GC(70) y: Reclaimed:         -                  -               898M (88%)         898M (88%)    
[11.859s][info][gc,heap     ] GC(70) y:  Promoted:         -                  -                 0M (0%)            0M (0%)     
[11.859s][info][gc,heap     ] GC(70) y: Compacted:         -                  -                  -                 0M (0%)     
[11.859s][info][gc,phases   ] GC(70) y: Young Generation 940M(92%)->76M(7%) 0.002s
[11.859s][info][gc          ] GC(70) Minor Collection (Allocation Rate) 940M(92%)->76M(7%) 0.003s
[11.929s][info][gc          ] GC(71) Minor Collection (Allocation Rate)
[11.929s][info][gc,task     ] GC(71) Using 2 Workers for Young Generation
[11.929s][info][gc,phases   ] GC(71) y: Young Generation
[11.929s][info][gc,phases   ] GC(71) y: Pause Mark Start 0.007ms
[11.931s][info][gc,phases   ] GC(71) y: Concurrent Mark 1.481ms
[11.931s][info][gc,phases   ] GC(71) y: Pause Mark End 0.005ms
[11.931s][info][gc,phases   ] GC(71) y: Concurrent Mark Free 0.000ms
[11.931s][info][gc,phases   ] GC(71) y: Concurrent Reset Relocation Set 0.000ms
[11.932s][info][gc,reloc    ] GC(71) y: Using tenuring threshold: 1 (Computed)
[11.932s][info][gc,phases   ] GC(71) y: Concurrent Select Relocation Set 1.111ms
[11.932s][info][gc,phases   ] GC(71) y: Pause Relocate Start 0.004ms
[11.932s][info][gc,phases   ] GC(71) y: Concurrent Relocate 0.017ms
[11.932s][info][gc,alloc    ] GC(71) y:                         Mark Start        Mark End      Relocate Start    Relocate End   
[11.932s][info][gc,alloc    ] GC(71) y: Allocation Stalls:          0                0                0                0         
[11.932s][info][gc,load     ] GC(71) y: Load: 3.36 (34%) / 3.11 (31%) / 3.17 (32%)
[11.932s][info][gc,mmu      ] GC(71) y: MMU: 2ms/99.0%, 5ms/99.5%, 10ms/99.7%, 20ms/99.7%, 50ms/99.8%, 100ms/99.9%
[11.932s][info][gc,marking  ] GC(71) y: Mark: 2 stripe(s), 2 proactive flush(es), 1 terminate flush(es), 0 completion(s), 0 continuation(s) 
[11.932s][info][gc,marking  ] GC(71) y: Mark Stack Usage: 32M
[11.932s][info][gc,nmethod  ] GC(71) y: NMethods: 1572 registered, 132 unregistered
[11.932s][info][gc,metaspace] GC(71) y: Metaspace: 9M used, 10M committed, 1088M reserved
[11.932s][info][gc,reloc    ] GC(71) y:                        Candidates     Selected     In-Place         Size        Empty    Relocated 
[11.932s][info][gc,reloc    ] GC(71) y: Small Pages:                    2            0            0           4M           2M           0M 
[11.932s][info][gc,reloc    ] GC(71) y: Medium Pages:                  27            0            0         864M         832M           0M 
[11.932s][info][gc,reloc    ] GC(71) y: Large Pages:                    0            0            0           0M           0M           0M 
[11.932s][info][gc,reloc    ] GC(71) y: Forwarding Usage: 0M
[11.932s][info][gc,reloc    ] GC(71) y: Age Table:
[11.932s][info][gc,reloc    ] GC(71) y:                    Live             Garbage             Small              Medium             Large        
[11.932s][info][gc,reloc    ] GC(71) y: Eden               0M (0%)          865M (85%)          1 / 0             27 / 0              0 / 0        
[11.932s][info][gc,reloc    ] GC(71) y: Survivor 1          -                 2M (0%)           1 / 0              0 / 0              0 / 0        
[11.932s][info][gc,heap     ] GC(71) y: Min Capacity: 8M(1%)
[11.932s][info][gc,heap     ] GC(71) y: Max Capacity: 1024M(100%)
[11.932s][info][gc,heap     ] GC(71) y: Soft Max Capacity: 1024M(100%)
[11.932s][info][gc,heap     ] GC(71) y: Heap Statistics:
[11.932s][info][gc,heap     ] GC(71) y:                Mark Start          Mark End        Relocate Start      Relocate End           High               Low         
[11.932s][info][gc,heap     ] GC(71) y:  Capacity:     1024M (100%)       1024M (100%)       1024M (100%)       1024M (100%)       1024M (100%)       1024M (100%)   
[11.932s][info][gc,heap     ] GC(71) y:      Free:      116M (11%)          82M (8%)          916M (89%)         916M (89%)         916M (89%)          82M (8%)     
[11.932s][info][gc,heap     ] GC(71) y:      Used:      908M (89%)         942M (92%)         108M (11%)         108M (11%)         942M (92%)         108M (11%)    
[11.932s][info][gc,heap     ] GC(71) y: Young Generation Statistics:
[11.932s][info][gc,heap     ] GC(71) y:                Mark Start          Mark End        Relocate Start      Relocate End    
[11.932s][info][gc,heap     ] GC(71) y:      Used:      868M (85%)         902M (88%)          68M (7%)           68M (7%)     
[11.932s][info][gc,heap     ] GC(71) y:      Live:         -                 0M (0%)            0M (0%)            0M (0%)     
[11.932s][info][gc,heap     ] GC(71) y:   Garbage:         -               867M (85%)          33M (3%)           33M (3%)     
[11.932s][info][gc,heap     ] GC(71) y: Allocated:         -                34M (3%)           34M (3%)           34M (3%)     
[11.932s][info][gc,heap     ] GC(71) y: Reclaimed:         -                  -               834M (81%)         834M (81%)    
[11.932s][info][gc,heap     ] GC(71) y:  Promoted:         -                  -                 0M (0%)            0M (0%)     
[11.932s][info][gc,heap     ] GC(71) y: Compacted:         -                  -                  -                 0M (0%)     
[11.932s][info][gc,phases   ] GC(71) y: Young Generation 908M(89%)->108M(11%) 0.003s
[11.932s][info][gc          ] GC(71) Minor Collection (Allocation Rate) 908M(89%)->108M(11%) 0.003s
[12.002s][info][gc          ] GC(72) Minor Collection (Allocation Rate)
[12.002s][info][gc,task     ] GC(72) Using 3 Workers for Young Generation
[12.002s][info][gc,phases   ] GC(72) y: Young Generation
[12.002s][info][gc,phases   ] GC(72) y: Pause Mark Start 0.007ms
[12.004s][info][gc,phases   ] GC(72) y: Concurrent Mark 1.025ms
[12.004s][info][gc,phases   ] GC(72) y: Pause Mark End 0.004ms
[12.004s][info][gc,phases   ] GC(72) y: Concurrent Mark Free 0.000ms
[12.004s][info][gc,phases   ] GC(72) y: Concurrent Reset Relocation Set 0.000ms
[12.005s][info][gc,reloc    ] GC(72) y: Using tenuring threshold: 1 (Computed)
[12.005s][info][gc,phases   ] GC(72) y: Concurrent Select Relocation Set 1.061ms
[12.005s][info][gc,phases   ] GC(72) y: Pause Relocate Start 0.004ms
[12.005s][info][gc,phases   ] GC(72) y: Concurrent Relocate 0.033ms
[12.005s][info][gc,alloc    ] GC(72) y:                         Mark Start        Mark End      Relocate Start    Relocate End   
[12.005s][info][gc,alloc    ] GC(72) y: Allocation Stalls:          0                0                0                0         
[12.005s][info][gc,load     ] GC(72) y: Load: 3.36 (34%) / 3.11 (31%) / 3.17 (32%)
[12.005s][info][gc,mmu      ] GC(72) y: MMU: 2ms/99.0%, 5ms/99.5%, 10ms/99.7%, 20ms/99.7%, 50ms/99.8%, 100ms/99.9%
[12.005s][info][gc,marking  ] GC(72) y: Mark: 2 stripe(s), 2 proactive flush(es), 1 terminate flush(es), 0 completion(s), 0 continuation(s) 
[12.005s][info][gc,marking  ] GC(72) y: Mark Stack Usage: 32M
[12.005s][info][gc,nmethod  ] GC(72) y: NMethods: 1572 registered, 132 unregistered
[12.005s][info][gc,metaspace] GC(72) y: Metaspace: 9M used, 10M committed, 1088M reserved
[12.005s][info][gc,reloc    ] GC(72) y:                        Candidates     Selected     In-Place         Size        Empty    Relocated 
[12.005s][info][gc,reloc    ] GC(72) y: Small Pages:                    2            0            0           4M           2M           0M 
[12.005s][info][gc,reloc    ] GC(72) y: Medium Pages:                  28            0            0         896M         864M           0M 
[12.005s][info][gc,reloc    ] GC(72) y: Large Pages:                    0            0            0           0M           0M           0M 
[12.005s][info][gc,reloc    ] GC(72) y: Forwarding Usage: 0M
[12.005s][info][gc,reloc    ] GC(72) y: Age Table:
[12.005s][info][gc,reloc    ] GC(72) y:                    Live             Garbage             Small              Medium             Large        
[12.005s][info][gc,reloc    ] GC(72) y: Eden               0M (0%)          865M (85%)          1 / 0             27 / 0              0 / 0        
[12.005s][info][gc,reloc    ] GC(72) y: Survivor 1          -                34M (3%)           1 / 0              1 / 0              0 / 0        
[12.005s][info][gc,heap     ] GC(72) y: Min Capacity: 8M(1%)
[12.005s][info][gc,heap     ] GC(72) y: Max Capacity: 1024M(100%)
[12.005s][info][gc,heap     ] GC(72) y: Soft Max Capacity: 1024M(100%)
[12.005s][info][gc,heap     ] GC(72) y: Heap Statistics:
[12.005s][info][gc,heap     ] GC(72) y:                Mark Start          Mark End        Relocate Start      Relocate End           High               Low         
[12.005s][info][gc,heap     ] GC(72) y:  Capacity:     1024M (100%)       1024M (100%)       1024M (100%)       1024M (100%)       1024M (100%)       1024M (100%)   
[12.005s][info][gc,heap     ] GC(72) y:      Free:       84M (8%)           50M (5%)          916M (89%)         916M (89%)         916M (89%)          50M (5%)     
[12.005s][info][gc,heap     ] GC(72) y:      Used:      940M (92%)         974M (95%)         108M (11%)         108M (11%)         974M (95%)         108M (11%)    
[12.005s][info][gc,heap     ] GC(72) y: Young Generation Statistics:
[12.005s][info][gc,heap     ] GC(72) y:                Mark Start          Mark End        Relocate Start      Relocate End    
[12.005s][info][gc,heap     ] GC(72) y:      Used:      900M (88%)         934M (91%)          68M (7%)           68M (7%)     
[12.005s][info][gc,heap     ] GC(72) y:      Live:         -                 0M (0%)            0M (0%)            0M (0%)     
[12.005s][info][gc,heap     ] GC(72) y:   Garbage:         -               899M (88%)          33M (3%)           33M (3%)     
[12.005s][info][gc,heap     ] GC(72) y: Allocated:         -                34M (3%)           34M (3%)           34M (3%)     
[12.005s][info][gc,heap     ] GC(72) y: Reclaimed:         -                  -               866M (85%)         866M (85%)    
[12.005s][info][gc,heap     ] GC(72) y:  Promoted:         -                  -                 0M (0%)            0M (0%)     
[12.005s][info][gc,heap     ] GC(72) y: Compacted:         -                  -                  -                 0M (0%)     
[12.005s][info][gc,phases   ] GC(72) y: Young Generation 940M(92%)->108M(11%) 0.002s
[12.005s][info][gc          ] GC(72) Minor Collection (Allocation Rate) 940M(92%)->108M(11%) 0.003s
[12.076s][info][gc          ] GC(73) Minor Collection (Allocation Rate)
[12.076s][info][gc,task     ] GC(73) Using 3 Workers for Young Generation
[12.076s][info][gc,phases   ] GC(73) y: Young Generation
[12.076s][info][gc,phases   ] GC(73) y: Pause Mark Start 0.005ms
[12.077s][info][gc,phases   ] GC(73) y: Concurrent Mark 1.011ms
[12.077s][info][gc,phases   ] GC(73) y: Pause Mark End 0.005ms
[12.077s][info][gc,phases   ] GC(73) y: Concurrent Mark Free 0.000ms
[12.077s][info][gc,phases   ] GC(73) y: Concurrent Reset Relocation Set 0.000ms
[12.078s][info][gc,reloc    ] GC(73) y: Using tenuring threshold: 1 (Computed)
[12.078s][info][gc,phases   ] GC(73) y: Concurrent Select Relocation Set 1.070ms
[12.078s][info][gc,phases   ] GC(73) y: Pause Relocate Start 0.003ms
[12.078s][info][gc,phases   ] GC(73) y: Concurrent Relocate 0.030ms
[12.078s][info][gc,alloc    ] GC(73) y:                         Mark Start        Mark End      Relocate Start    Relocate End   
[12.078s][info][gc,alloc    ] GC(73) y: Allocation Stalls:          0                0                0                0         
[12.078s][info][gc,load     ] GC(73) y: Load: 3.36 (34%) / 3.11 (31%) / 3.17 (32%)
[12.078s][info][gc,mmu      ] GC(73) y: MMU: 2ms/99.0%, 5ms/99.5%, 10ms/99.7%, 20ms/99.7%, 50ms/99.8%, 100ms/99.9%
[12.078s][info][gc,marking  ] GC(73) y: Mark: 2 stripe(s), 2 proactive flush(es), 1 terminate flush(es), 0 completion(s), 0 continuation(s) 
[12.078s][info][gc,marking  ] GC(73) y: Mark Stack Usage: 32M
[12.078s][info][gc,nmethod  ] GC(73) y: NMethods: 1572 registered, 132 unregistered
[12.078s][info][gc,metaspace] GC(73) y: Metaspace: 9M used, 10M committed, 1088M reserved
[12.078s][info][gc,reloc    ] GC(73) y:                        Candidates     Selected     In-Place         Size        Empty    Relocated 
[12.078s][info][gc,reloc    ] GC(73) y: Small Pages:                    2            0            0           4M           2M           0M 
[12.078s][info][gc,reloc    ] GC(73) y: Medium Pages:                  28            0            0         896M         864M           0M 
[12.078s][info][gc,reloc    ] GC(73) y: Large Pages:                    0            0            0           0M           0M           0M 
[12.078s][info][gc,reloc    ] GC(73) y: Forwarding Usage: 0M
[12.078s][info][gc,reloc    ] GC(73) y: Age Table:
[12.078s][info][gc,reloc    ] GC(73) y:                    Live             Garbage             Small              Medium             Large        
[12.078s][info][gc,reloc    ] GC(73) y: Eden               0M (0%)          865M (85%)          1 / 0             27 / 0              0 / 0        
[12.078s][info][gc,reloc    ] GC(73) y: Survivor 1          -                34M (3%)           1 / 0              1 / 0              0 / 0        
[12.078s][info][gc,heap     ] GC(73) y: Min Capacity: 8M(1%)
[12.078s][info][gc,heap     ] GC(73) y: Max Capacity: 1024M(100%)
[12.078s][info][gc,heap     ] GC(73) y: Soft Max Capacity: 1024M(100%)
[12.078s][info][gc,heap     ] GC(73) y: Heap Statistics:
[12.078s][info][gc,heap     ] GC(73) y:                Mark Start          Mark End        Relocate Start      Relocate End           High               Low         
[12.078s][info][gc,heap     ] GC(73) y:  Capacity:     1024M (100%)       1024M (100%)       1024M (100%)       1024M (100%)       1024M (100%)       1024M (100%)   
[12.078s][info][gc,heap     ] GC(73) y:      Free:       84M (8%)           50M (5%)          916M (89%)         916M (89%)         916M (89%)          50M (5%)     
[12.078s][info][gc,heap     ] GC(73) y:      Used:      940M (92%)         974M (95%)         108M (11%)         108M (11%)         974M (95%)         108M (11%)    
[12.078s][info][gc,heap     ] GC(73) y: Young Generation Statistics:
[12.078s][info][gc,heap     ] GC(73) y:                Mark Start          Mark End        Relocate Start      Relocate End    
[12.078s][info][gc,heap     ] GC(73) y:      Used:      900M (88%)         934M (91%)          68M (7%)           68M (7%)     
[12.078s][info][gc,heap     ] GC(73) y:      Live:         -                 0M (0%)            0M (0%)            0M (0%)     
[12.078s][info][gc,heap     ] GC(73) y:   Garbage:         -               899M (88%)          33M (3%)           33M (3%)     
[12.078s][info][gc,heap     ] GC(73) y: Allocated:         -                34M (3%)           34M (3%)           34M (3%)     
[12.078s][info][gc,heap     ] GC(73) y: Reclaimed:         -                  -               866M (85%)         866M (85%)    
[12.078s][info][gc,heap     ] GC(73) y:  Promoted:         -                  -                 0M (0%)            0M (0%)     
[12.078s][info][gc,heap     ] GC(73) y: Compacted:         -                  -                  -                 0M (0%)     
[12.078s][info][gc,phases   ] GC(73) y: Young Generation 940M(92%)->108M(11%) 0.002s
[12.078s][info][gc          ] GC(73) Minor Collection (Allocation Rate) 940M(92%)->108M(11%) 0.003s
[12.149s][info][gc          ] GC(74) Minor Collection (Allocation Rate)
[12.149s][info][gc,task     ] GC(74) Using 3 Workers for Young Generation
[12.149s][info][gc,phases   ] GC(74) y: Young Generation
[12.149s][info][gc,phases   ] GC(74) y: Pause Mark Start 0.007ms
[12.150s][info][gc,phases   ] GC(74) y: Concurrent Mark 0.911ms
[12.150s][info][gc,phases   ] GC(74) y: Pause Mark End 0.010ms
[12.150s][info][gc,phases   ] GC(74) y: Concurrent Mark Free 0.000ms
[12.150s][info][gc,phases   ] GC(74) y: Concurrent Reset Relocation Set 0.000ms
[12.151s][info][gc,reloc    ] GC(74) y: Using tenuring threshold: 1 (Computed)
[12.151s][info][gc,phases   ] GC(74) y: Concurrent Select Relocation Set 1.053ms
[12.151s][info][gc,phases   ] GC(74) y: Pause Relocate Start 0.003ms
[12.151s][info][gc,phases   ] GC(74) y: Concurrent Relocate 0.049ms
[12.151s][info][gc,alloc    ] GC(74) y:                         Mark Start        Mark End      Relocate Start    Relocate End   
[12.151s][info][gc,alloc    ] GC(74) y: Allocation Stalls:          0                0                0                0         
[12.151s][info][gc,load     ] GC(74) y: Load: 3.36 (34%) / 3.11 (31%) / 3.17 (32%)
[12.151s][info][gc,mmu      ] GC(74) y: MMU: 2ms/99.0%, 5ms/99.5%, 10ms/99.7%, 20ms/99.7%, 50ms/99.8%, 100ms/99.9%
[12.151s][info][gc,marking  ] GC(74) y: Mark: 2 stripe(s), 2 proactive flush(es), 1 terminate flush(es), 0 completion(s), 0 continuation(s) 
[12.151s][info][gc,marking  ] GC(74) y: Mark Stack Usage: 32M
[12.151s][info][gc,nmethod  ] GC(74) y: NMethods: 1572 registered, 132 unregistered
[12.151s][info][gc,metaspace] GC(74) y: Metaspace: 9M used, 10M committed, 1088M reserved
[12.151s][info][gc,reloc    ] GC(74) y:                        Candidates     Selected     In-Place         Size        Empty    Relocated 
[12.151s][info][gc,reloc    ] GC(74) y: Small Pages:                    2            0            0           4M           2M           0M 
[12.151s][info][gc,reloc    ] GC(74) y: Medium Pages:                  28            0            0         896M         864M           0M 
[12.151s][info][gc,reloc    ] GC(74) y: Large Pages:                    0            0            0           0M           0M           0M 
[12.151s][info][gc,reloc    ] GC(74) y: Forwarding Usage: 0M
[12.151s][info][gc,reloc    ] GC(74) y: Age Table:
[12.151s][info][gc,reloc    ] GC(74) y:                    Live             Garbage             Small              Medium             Large        
[12.151s][info][gc,reloc    ] GC(74) y: Eden               0M (0%)          865M (85%)          1 / 0             27 / 0              0 / 0        
[12.151s][info][gc,reloc    ] GC(74) y: Survivor 1          -                34M (3%)           1 / 0              1 / 0              0 / 0        
[12.151s][info][gc,heap     ] GC(74) y: Min Capacity: 8M(1%)
[12.151s][info][gc,heap     ] GC(74) y: Max Capacity: 1024M(100%)
[12.151s][info][gc,heap     ] GC(74) y: Soft Max Capacity: 1024M(100%)
[12.151s][info][gc,heap     ] GC(74) y: Heap Statistics:
[12.151s][info][gc,heap     ] GC(74) y:                Mark Start          Mark End        Relocate Start      Relocate End           High               Low         
[12.151s][info][gc,heap     ] GC(74) y:  Capacity:     1024M (100%)       1024M (100%)       1024M (100%)       1024M (100%)       1024M (100%)       1024M (100%)   
[12.151s][info][gc,heap     ] GC(74) y:      Free:       84M (8%)           50M (5%)          916M (89%)         916M (89%)         916M (89%)          50M (5%)     
[12.151s][info][gc,heap     ] GC(74) y:      Used:      940M (92%)         974M (95%)         108M (11%)         108M (11%)         974M (95%)         108M (11%)    
[12.151s][info][gc,heap     ] GC(74) y: Young Generation Statistics:
[12.151s][info][gc,heap     ] GC(74) y:                Mark Start          Mark End        Relocate Start      Relocate End    
[12.151s][info][gc,heap     ] GC(74) y:      Used:      900M (88%)         934M (91%)          68M (7%)           68M (7%)     
[12.151s][info][gc,heap     ] GC(74) y:      Live:         -                 0M (0%)            0M (0%)            0M (0%)     
[12.151s][info][gc,heap     ] GC(74) y:   Garbage:         -               899M (88%)          33M (3%)           33M (3%)     
[12.151s][info][gc,heap     ] GC(74) y: Allocated:         -                34M (3%)           34M (3%)           34M (3%)     
[12.151s][info][gc,heap     ] GC(74) y: Reclaimed:         -                  -               866M (85%)         866M (85%)    
[12.151s][info][gc,heap     ] GC(74) y:  Promoted:         -                  -                 0M (0%)            0M (0%)     
[12.151s][info][gc,heap     ] GC(74) y: Compacted:         -                  -                  -                 0M (0%)     
[12.151s][info][gc,phases   ] GC(74) y: Young Generation 940M(92%)->108M(11%) 0.002s
[12.151s][info][gc          ] GC(74) Minor Collection (Allocation Rate) 940M(92%)->108M(11%) 0.003s
[12.220s][info][gc          ] GC(75) Minor Collection (Allocation Rate)
[12.220s][info][gc,task     ] GC(75) Using 2 Workers for Young Generation
[12.220s][info][gc,phases   ] GC(75) y: Young Generation
[12.220s][info][gc,phases   ] GC(75) y: Pause Mark Start 0.006ms
[12.221s][info][gc,phases   ] GC(75) y: Concurrent Mark 1.242ms
[12.221s][info][gc,phases   ] GC(75) y: Pause Mark End 0.005ms
[12.221s][info][gc,phases   ] GC(75) y: Concurrent Mark Free 0.000ms
[12.221s][info][gc,phases   ] GC(75) y: Concurrent Reset Relocation Set 0.000ms
[12.222s][info][gc,reloc    ] GC(75) y: Using tenuring threshold: 1 (Computed)
[12.222s][info][gc,phases   ] GC(75) y: Concurrent Select Relocation Set 1.053ms
[12.222s][info][gc,phases   ] GC(75) y: Pause Relocate Start 0.004ms
[12.222s][info][gc,phases   ] GC(75) y: Concurrent Relocate 0.017ms
[12.222s][info][gc,alloc    ] GC(75) y:                         Mark Start        Mark End      Relocate Start    Relocate End   
[12.222s][info][gc,alloc    ] GC(75) y: Allocation Stalls:          0                0                0                0         
[12.222s][info][gc,load     ] GC(75) y: Load: 3.36 (34%) / 3.11 (31%) / 3.17 (32%)
[12.222s][info][gc,mmu      ] GC(75) y: MMU: 2ms/99.0%, 5ms/99.5%, 10ms/99.7%, 20ms/99.7%, 50ms/99.8%, 100ms/99.9%
[12.222s][info][gc,marking  ] GC(75) y: Mark: 2 stripe(s), 2 proactive flush(es), 1 terminate flush(es), 0 completion(s), 0 continuation(s) 
[12.222s][info][gc,marking  ] GC(75) y: Mark Stack Usage: 32M
[12.222s][info][gc,nmethod  ] GC(75) y: NMethods: 1572 registered, 132 unregistered
[12.222s][info][gc,metaspace] GC(75) y: Metaspace: 9M used, 10M committed, 1088M reserved
[12.222s][info][gc,reloc    ] GC(75) y:                        Candidates     Selected     In-Place         Size        Empty    Relocated 
[12.222s][info][gc,reloc    ] GC(75) y: Small Pages:                    2            0            0           4M           2M           0M 
[12.222s][info][gc,reloc    ] GC(75) y: Medium Pages:                  27            0            0         864M         832M           0M 
[12.222s][info][gc,reloc    ] GC(75) y: Large Pages:                    0            0            0           0M           0M           0M 
[12.222s][info][gc,reloc    ] GC(75) y: Forwarding Usage: 0M
[12.222s][info][gc,reloc    ] GC(75) y: Age Table:
[12.222s][info][gc,reloc    ] GC(75) y:                    Live             Garbage             Small              Medium             Large        
[12.222s][info][gc,reloc    ] GC(75) y: Eden               0M (0%)          833M (81%)          1 / 0             26 / 0              0 / 0        
[12.222s][info][gc,reloc    ] GC(75) y: Survivor 1          -                34M (3%)           1 / 0              1 / 0              0 / 0        
[12.222s][info][gc,heap     ] GC(75) y: Min Capacity: 8M(1%)
[12.222s][info][gc,heap     ] GC(75) y: Max Capacity: 1024M(100%)
[12.222s][info][gc,heap     ] GC(75) y: Soft Max Capacity: 1024M(100%)
[12.222s][info][gc,heap     ] GC(75) y: Heap Statistics:
[12.222s][info][gc,heap     ] GC(75) y:                Mark Start          Mark End        Relocate Start      Relocate End           High               Low         
[12.222s][info][gc,heap     ] GC(75) y:  Capacity:     1024M (100%)       1024M (100%)       1024M (100%)       1024M (100%)       1024M (100%)       1024M (100%)   
[12.222s][info][gc,heap     ] GC(75) y:      Free:      116M (11%)          82M (8%)          916M (89%)         916M (89%)         916M (89%)          82M (8%)     
[12.222s][info][gc,heap     ] GC(75) y:      Used:      908M (89%)         942M (92%)         108M (11%)         108M (11%)         942M (92%)         108M (11%)    
[12.222s][info][gc,heap     ] GC(75) y: Young Generation Statistics:
[12.222s][info][gc,heap     ] GC(75) y:                Mark Start          Mark End        Relocate Start      Relocate End    
[12.222s][info][gc,heap     ] GC(75) y:      Used:      868M (85%)         902M (88%)          68M (7%)           68M (7%)     
[12.222s][info][gc,heap     ] GC(75) y:      Live:         -                 0M (0%)            0M (0%)            0M (0%)     
[12.222s][info][gc,heap     ] GC(75) y:   Garbage:         -               867M (85%)          33M (3%)           33M (3%)     
[12.222s][info][gc,heap     ] GC(75) y: Allocated:         -                34M (3%)           34M (3%)           34M (3%)     
[12.222s][info][gc,heap     ] GC(75) y: Reclaimed:         -                  -               834M (81%)         834M (81%)    
[12.222s][info][gc,heap     ] GC(75) y:  Promoted:         -                  -                 0M (0%)            0M (0%)     
[12.222s][info][gc,heap     ] GC(75) y: Compacted:         -                  -                  -                 0M (0%)     
[12.222s][info][gc,phases   ] GC(75) y: Young Generation 908M(89%)->108M(11%) 0.003s
[12.222s][info][gc          ] GC(75) Minor Collection (Allocation Rate) 908M(89%)->108M(11%) 0.003s
[12.293s][info][gc          ] GC(76) Minor Collection (Allocation Rate)
[12.293s][info][gc,task     ] GC(76) Using 3 Workers for Young Generation
[12.293s][info][gc,phases   ] GC(76) y: Young Generation
[12.293s][info][gc,phases   ] GC(76) y: Pause Mark Start 0.005ms
[12.294s][info][gc,phases   ] GC(76) y: Concurrent Mark 0.970ms
[12.294s][info][gc,phases   ] GC(76) y: Pause Mark End 0.004ms
[12.294s][info][gc,phases   ] GC(76) y: Concurrent Mark Free 0.000ms
[12.294s][info][gc,phases   ] GC(76) y: Concurrent Reset Relocation Set 0.000ms
[12.295s][info][gc,reloc    ] GC(76) y: Using tenuring threshold: 1 (Computed)
[12.295s][info][gc,phases   ] GC(76) y: Concurrent Select Relocation Set 1.067ms
[12.295s][info][gc,phases   ] GC(76) y: Pause Relocate Start 0.004ms
[12.295s][info][gc,phases   ] GC(76) y: Concurrent Relocate 0.048ms
[12.295s][info][gc,alloc    ] GC(76) y:                         Mark Start        Mark End      Relocate Start    Relocate End   
[12.295s][info][gc,alloc    ] GC(76) y: Allocation Stalls:          0                0                0                0         
[12.295s][info][gc,load     ] GC(76) y: Load: 3.36 (34%) / 3.11 (31%) / 3.17 (32%)
[12.295s][info][gc,mmu      ] GC(76) y: MMU: 2ms/99.0%, 5ms/99.5%, 10ms/99.7%, 20ms/99.7%, 50ms/99.8%, 100ms/99.9%
[12.295s][info][gc,marking  ] GC(76) y: Mark: 2 stripe(s), 2 proactive flush(es), 1 terminate flush(es), 0 completion(s), 0 continuation(s) 
[12.295s][info][gc,marking  ] GC(76) y: Mark Stack Usage: 32M
[12.295s][info][gc,nmethod  ] GC(76) y: NMethods: 1572 registered, 132 unregistered
[12.295s][info][gc,metaspace] GC(76) y: Metaspace: 9M used, 10M committed, 1088M reserved
[12.295s][info][gc,reloc    ] GC(76) y:                        Candidates     Selected     In-Place         Size        Empty    Relocated 
[12.295s][info][gc,reloc    ] GC(76) y: Small Pages:                    2            0            0           4M           2M           0M 
[12.295s][info][gc,reloc    ] GC(76) y: Medium Pages:                  28            0            0         896M         864M           0M 
[12.295s][info][gc,reloc    ] GC(76) y: Large Pages:                    0            0            0           0M           0M           0M 
[12.295s][info][gc,reloc    ] GC(76) y: Forwarding Usage: 0M
[12.295s][info][gc,reloc    ] GC(76) y: Age Table:
[12.295s][info][gc,reloc    ] GC(76) y:                    Live             Garbage             Small              Medium             Large        
[12.295s][info][gc,reloc    ] GC(76) y: Eden               0M (0%)          865M (85%)          1 / 0             27 / 0              0 / 0        
[12.295s][info][gc,reloc    ] GC(76) y: Survivor 1          -                34M (3%)           1 / 0              1 / 0              0 / 0        
[12.295s][info][gc,heap     ] GC(76) y: Min Capacity: 8M(1%)
[12.295s][info][gc,heap     ] GC(76) y: Max Capacity: 1024M(100%)
[12.295s][info][gc,heap     ] GC(76) y: Soft Max Capacity: 1024M(100%)
[12.295s][info][gc,heap     ] GC(76) y: Heap Statistics:
[12.295s][info][gc,heap     ] GC(76) y:                Mark Start          Mark End        Relocate Start      Relocate End           High               Low         
[12.295s][info][gc,heap     ] GC(76) y:  Capacity:     1024M (100%)       1024M (100%)       1024M (100%)       1024M (100%)       1024M (100%)       1024M (100%)   
[12.295s][info][gc,heap     ] GC(76) y:      Free:       84M (8%)           50M (5%)          916M (89%)         916M (89%)         916M (89%)          50M (5%)     
[12.295s][info][gc,heap     ] GC(76) y:      Used:      940M (92%)         974M (95%)         108M (11%)         108M (11%)         974M (95%)         108M (11%)    
[12.295s][info][gc,heap     ] GC(76) y: Young Generation Statistics:
[12.295s][info][gc,heap     ] GC(76) y:                Mark Start          Mark End        Relocate Start      Relocate End    
[12.295s][info][gc,heap     ] GC(76) y:      Used:      900M (88%)         934M (91%)          68M (7%)           68M (7%)     
[12.295s][info][gc,heap     ] GC(76) y:      Live:         -                 0M (0%)            0M (0%)            0M (0%)     
[12.295s][info][gc,heap     ] GC(76) y:   Garbage:         -               899M (88%)          33M (3%)           33M (3%)     
[12.295s][info][gc,heap     ] GC(76) y: Allocated:         -                34M (3%)           34M (3%)           34M (3%)     
[12.295s][info][gc,heap     ] GC(76) y: Reclaimed:         -                  -               866M (85%)         866M (85%)    
[12.295s][info][gc,heap     ] GC(76) y:  Promoted:         -                  -                 0M (0%)            0M (0%)     
[12.295s][info][gc,heap     ] GC(76) y: Compacted:         -                  -                  -                 0M (0%)     
[12.295s][info][gc,phases   ] GC(76) y: Young Generation 940M(92%)->108M(11%) 0.002s
[12.295s][info][gc          ] GC(76) Minor Collection (Allocation Rate) 940M(92%)->108M(11%) 0.003s
[12.366s][info][gc          ] GC(77) Minor Collection (Allocation Rate)
[12.366s][info][gc,task     ] GC(77) Using 3 Workers for Young Generation
[12.366s][info][gc,phases   ] GC(77) y: Young Generation
[12.366s][info][gc,phases   ] GC(77) y: Pause Mark Start 0.005ms
[12.367s][info][gc,phases   ] GC(77) y: Concurrent Mark 0.911ms
[12.367s][info][gc,phases   ] GC(77) y: Pause Mark End 0.005ms
[12.367s][info][gc,phases   ] GC(77) y: Concurrent Mark Free 0.000ms
[12.367s][info][gc,phases   ] GC(77) y: Concurrent Reset Relocation Set 0.000ms
[12.368s][info][gc,reloc    ] GC(77) y: Using tenuring threshold: 1 (Computed)
[12.368s][info][gc,phases   ] GC(77) y: Concurrent Select Relocation Set 1.137ms
[12.368s][info][gc,phases   ] GC(77) y: Pause Relocate Start 0.006ms
[12.368s][info][gc,phases   ] GC(77) y: Concurrent Relocate 0.033ms
[12.368s][info][gc,alloc    ] GC(77) y:                         Mark Start        Mark End      Relocate Start    Relocate End   
[12.368s][info][gc,alloc    ] GC(77) y: Allocation Stalls:          0                0                0                0         
[12.368s][info][gc,load     ] GC(77) y: Load: 3.36 (34%) / 3.11 (31%) / 3.17 (32%)
[12.368s][info][gc,mmu      ] GC(77) y: MMU: 2ms/99.0%, 5ms/99.5%, 10ms/99.7%, 20ms/99.7%, 50ms/99.8%, 100ms/99.9%
[12.368s][info][gc,marking  ] GC(77) y: Mark: 2 stripe(s), 2 proactive flush(es), 1 terminate flush(es), 0 completion(s), 0 continuation(s) 
[12.368s][info][gc,marking  ] GC(77) y: Mark Stack Usage: 32M
[12.368s][info][gc,nmethod  ] GC(77) y: NMethods: 1572 registered, 132 unregistered
[12.368s][info][gc,metaspace] GC(77) y: Metaspace: 9M used, 10M committed, 1088M reserved
[12.368s][info][gc,reloc    ] GC(77) y:                        Candidates     Selected     In-Place         Size        Empty    Relocated 
[12.368s][info][gc,reloc    ] GC(77) y: Small Pages:                    2            0            0           4M           2M           0M 
[12.368s][info][gc,reloc    ] GC(77) y: Medium Pages:                  28            0            0         896M         864M           0M 
[12.368s][info][gc,reloc    ] GC(77) y: Large Pages:                    0            0            0           0M           0M           0M 
[12.368s][info][gc,reloc    ] GC(77) y: Forwarding Usage: 0M
[12.368s][info][gc,reloc    ] GC(77) y: Age Table:
[12.368s][info][gc,reloc    ] GC(77) y:                    Live             Garbage             Small              Medium             Large        
[12.368s][info][gc,reloc    ] GC(77) y: Eden               0M (0%)          865M (85%)          1 / 0             27 / 0              0 / 0        
[12.368s][info][gc,reloc    ] GC(77) y: Survivor 1          -                34M (3%)           1 / 0              1 / 0              0 / 0        
[12.368s][info][gc,heap     ] GC(77) y: Min Capacity: 8M(1%)
[12.368s][info][gc,heap     ] GC(77) y: Max Capacity: 1024M(100%)
[12.368s][info][gc,heap     ] GC(77) y: Soft Max Capacity: 1024M(100%)
[12.368s][info][gc,heap     ] GC(77) y: Heap Statistics:
[12.368s][info][gc,heap     ] GC(77) y:                Mark Start          Mark End        Relocate Start      Relocate End           High               Low         
[12.368s][info][gc,heap     ] GC(77) y:  Capacity:     1024M (100%)       1024M (100%)       1024M (100%)       1024M (100%)       1024M (100%)       1024M (100%)   
[12.368s][info][gc,heap     ] GC(77) y:      Free:       84M (8%)           50M (5%)          916M (89%)         916M (89%)         916M (89%)          50M (5%)     
[12.368s][info][gc,heap     ] GC(77) y:      Used:      940M (92%)         974M (95%)         108M (11%)         108M (11%)         974M (95%)         108M (11%)    
[12.368s][info][gc,heap     ] GC(77) y: Young Generation Statistics:
[12.368s][info][gc,heap     ] GC(77) y:                Mark Start          Mark End        Relocate Start      Relocate End    
[12.368s][info][gc,heap     ] GC(77) y:      Used:      900M (88%)         934M (91%)          68M (7%)           68M (7%)     
[12.368s][info][gc,heap     ] GC(77) y:      Live:         -                 0M (0%)            0M (0%)            0M (0%)     
[12.368s][info][gc,heap     ] GC(77) y:   Garbage:         -               899M (88%)          33M (3%)           33M (3%)     
[12.368s][info][gc,heap     ] GC(77) y: Allocated:         -                34M (3%)           34M (3%)           34M (3%)     
[12.368s][info][gc,heap     ] GC(77) y: Reclaimed:         -                  -               866M (85%)         866M (85%)    
[12.368s][info][gc,heap     ] GC(77) y:  Promoted:         -                  -                 0M (0%)            0M (0%)     
[12.368s][info][gc,heap     ] GC(77) y: Compacted:         -                  -                  -                 0M (0%)     
[12.368s][info][gc,phases   ] GC(77) y: Young Generation 940M(92%)->108M(11%) 0.002s
[12.368s][info][gc          ] GC(77) Minor Collection (Allocation Rate) 940M(92%)->108M(11%) 0.003s
[12.439s][info][gc          ] GC(78) Minor Collection (Allocation Rate)
[12.439s][info][gc,task     ] GC(78) Using 2 Workers for Young Generation
[12.439s][info][gc,phases   ] GC(78) y: Young Generation
[12.439s][info][gc,phases   ] GC(78) y: Pause Mark Start 0.005ms
[12.440s][info][gc,phases   ] GC(78) y: Concurrent Mark 1.380ms
[12.440s][info][gc,phases   ] GC(78) y: Pause Mark End 0.005ms
[12.440s][info][gc,phases   ] GC(78) y: Concurrent Mark Free 0.000ms
[12.440s][info][gc,phases   ] GC(78) y: Concurrent Reset Relocation Set 0.000ms
[12.441s][info][gc,reloc    ] GC(78) y: Using tenuring threshold: 1 (Computed)
[12.441s][info][gc,phases   ] GC(78) y: Concurrent Select Relocation Set 1.033ms
[12.441s][info][gc,phases   ] GC(78) y: Pause Relocate Start 0.004ms
[12.442s][info][gc,phases   ] GC(78) y: Concurrent Relocate 0.022ms
[12.442s][info][gc,alloc    ] GC(78) y:                         Mark Start        Mark End      Relocate Start    Relocate End   
[12.442s][info][gc,alloc    ] GC(78) y: Allocation Stalls:          0                0                0                0         
[12.442s][info][gc,load     ] GC(78) y: Load: 3.36 (34%) / 3.11 (31%) / 3.17 (32%)
[12.442s][info][gc,mmu      ] GC(78) y: MMU: 2ms/99.0%, 5ms/99.5%, 10ms/99.7%, 20ms/99.7%, 50ms/99.8%, 100ms/99.9%
[12.442s][info][gc,marking  ] GC(78) y: Mark: 2 stripe(s), 2 proactive flush(es), 1 terminate flush(es), 0 completion(s), 0 continuation(s) 
[12.442s][info][gc,marking  ] GC(78) y: Mark Stack Usage: 32M
[12.442s][info][gc,nmethod  ] GC(78) y: NMethods: 1574 registered, 132 unregistered
[12.442s][info][gc,metaspace] GC(78) y: Metaspace: 9M used, 10M committed, 1088M reserved
[12.442s][info][gc,reloc    ] GC(78) y:                        Candidates     Selected     In-Place         Size        Empty    Relocated 
[12.442s][info][gc,reloc    ] GC(78) y: Small Pages:                    2            0            0           4M           2M           0M 
[12.442s][info][gc,reloc    ] GC(78) y: Medium Pages:                  27            0            0         864M         832M           0M 
[12.442s][info][gc,reloc    ] GC(78) y: Large Pages:                    0            0            0           0M           0M           0M 
[12.442s][info][gc,reloc    ] GC(78) y: Forwarding Usage: 0M
[12.442s][info][gc,reloc    ] GC(78) y: Age Table:
[12.442s][info][gc,reloc    ] GC(78) y:                    Live             Garbage             Small              Medium             Large        
[12.442s][info][gc,reloc    ] GC(78) y: Eden               0M (0%)          833M (81%)          1 / 0             26 / 0              0 / 0        
[12.442s][info][gc,reloc    ] GC(78) y: Survivor 1          -                34M (3%)           1 / 0              1 / 0              0 / 0        
[12.442s][info][gc,heap     ] GC(78) y: Min Capacity: 8M(1%)
[12.442s][info][gc,heap     ] GC(78) y: Max Capacity: 1024M(100%)
[12.442s][info][gc,heap     ] GC(78) y: Soft Max Capacity: 1024M(100%)
[12.442s][info][gc,heap     ] GC(78) y: Heap Statistics:
[12.442s][info][gc,heap     ] GC(78) y:                Mark Start          Mark End        Relocate Start      Relocate End           High               Low         
[12.442s][info][gc,heap     ] GC(78) y:  Capacity:     1024M (100%)       1024M (100%)       1024M (100%)       1024M (100%)       1024M (100%)       1024M (100%)   
[12.442s][info][gc,heap     ] GC(78) y:      Free:      116M (11%)          82M (8%)          916M (89%)         916M (89%)         916M (89%)          82M (8%)     
[12.442s][info][gc,heap     ] GC(78) y:      Used:      908M (89%)         942M (92%)         108M (11%)         108M (11%)         942M (92%)         108M (11%)    
[12.442s][info][gc,heap     ] GC(78) y: Young Generation Statistics:
[12.442s][info][gc,heap     ] GC(78) y:                Mark Start          Mark End        Relocate Start      Relocate End    
[12.442s][info][gc,heap     ] GC(78) y:      Used:      868M (85%)         902M (88%)          68M (7%)           68M (7%)     
[12.442s][info][gc,heap     ] GC(78) y:      Live:         -                 0M (0%)            0M (0%)            0M (0%)     
[12.442s][info][gc,heap     ] GC(78) y:   Garbage:         -               867M (85%)          33M (3%)           33M (3%)     
[12.442s][info][gc,heap     ] GC(78) y: Allocated:         -                34M (3%)           34M (3%)           34M (3%)     
[12.442s][info][gc,heap     ] GC(78) y: Reclaimed:         -                  -               834M (81%)         834M (81%)    
[12.442s][info][gc,heap     ] GC(78) y:  Promoted:         -                  -                 0M (0%)            0M (0%)     
[12.442s][info][gc,heap     ] GC(78) y: Compacted:         -                  -                  -                 0M (0%)     
[12.442s][info][gc,phases   ] GC(78) y: Young Generation 908M(89%)->108M(11%) 0.003s
[12.442s][info][gc          ] GC(78) Minor Collection (Allocation Rate) 908M(89%)->108M(11%) 0.003s
[12.510s][info][gc          ] GC(79) Major Collection (Proactive)
[12.510s][info][gc,task     ] GC(79) Using 1 Workers for Young Generation
[12.510s][info][gc,task     ] GC(79) Using 1 Workers for Old Generation
[12.510s][info][gc,phases   ] GC(79) Y: Young Generation
[12.510s][info][gc,phases   ] GC(79) Y: Pause Mark Start (Major) 0.005ms
[12.511s][info][gc,phases   ] GC(79) Y: Concurrent Mark 1.669ms
[12.511s][info][gc,phases   ] GC(79) Y: Pause Mark End 0.006ms
[12.512s][info][gc,phases   ] GC(79) Y: Concurrent Mark Free 0.000ms
[12.512s][info][gc,phases   ] GC(79) Y: Concurrent Reset Relocation Set 0.000ms
[12.513s][info][gc,reloc    ] GC(79) Y: Using tenuring threshold: 2 (Computed)
[12.513s][info][gc,phases   ] GC(79) Y: Concurrent Select Relocation Set 1.041ms
[12.513s][info][gc,phases   ] GC(79) Y: Pause Relocate Start 0.004ms
[12.513s][info][gc,phases   ] GC(79) Y: Concurrent Relocate 0.029ms
[12.513s][info][gc,alloc    ] GC(79) Y:                         Mark Start        Mark End      Relocate Start    Relocate End   
[12.513s][info][gc,alloc    ] GC(79) Y: Allocation Stalls:          0                0                0                0         
[12.513s][info][gc,load     ] GC(79) Y: Load: 3.36 (34%) / 3.11 (31%) / 3.17 (32%)
[12.513s][info][gc,mmu      ] GC(79) Y: MMU: 2ms/99.0%, 5ms/99.5%, 10ms/99.7%, 20ms/99.7%, 50ms/99.8%, 100ms/99.9%
[12.513s][info][gc,marking  ] GC(79) Y: Mark: 1 stripe(s), 2 proactive flush(es), 1 terminate flush(es), 0 completion(s), 0 continuation(s) 
[12.513s][info][gc,marking  ] GC(79) Y: Mark Stack Usage: 32M
[12.513s][info][gc,nmethod  ] GC(79) Y: NMethods: 1574 registered, 132 unregistered
[12.513s][info][gc,metaspace] GC(79) Y: Metaspace: 9M used, 10M committed, 1088M reserved
[12.513s][info][gc,reloc    ] GC(79) Y:                        Candidates     Selected     In-Place         Size        Empty    Relocated 
[12.513s][info][gc,reloc    ] GC(79) Y: Small Pages:                    2            1            0           4M           0M           0M 
[12.513s][info][gc,reloc    ] GC(79) Y: Medium Pages:                  25            0            0         800M         768M           0M 
[12.513s][info][gc,reloc    ] GC(79) Y: Large Pages:                    0            0            0           0M           0M           0M 
[12.513s][info][gc,reloc    ] GC(79) Y: Forwarding Usage: 0M
[12.513s][info][gc,reloc    ] GC(79) Y: Age Table:
[12.513s][info][gc,reloc    ] GC(79) Y:                    Live             Garbage             Small              Medium             Large        
[12.513s][info][gc,reloc    ] GC(79) Y: Eden               0M (0%)          769M (75%)          1 / 0             24 / 0              0 / 0        
[12.513s][info][gc,reloc    ] GC(79) Y: Survivor 1         0M (0%)           33M (3%)           1 / 1              1 / 0              0 / 0        
[12.513s][info][gc,heap     ] GC(79) Y: Min Capacity: 8M(1%)
[12.513s][info][gc,heap     ] GC(79) Y: Max Capacity: 1024M(100%)
[12.513s][info][gc,heap     ] GC(79) Y: Soft Max Capacity: 1024M(100%)
[12.513s][info][gc,heap     ] GC(79) Y: Heap Statistics:
[12.513s][info][gc,heap     ] GC(79) Y:                Mark Start          Mark End        Relocate Start      Relocate End           High               Low         
[12.513s][info][gc,heap     ] GC(79) Y:  Capacity:     1024M (100%)       1024M (100%)       1024M (100%)       1024M (100%)       1024M (100%)       1024M (100%)   
[12.513s][info][gc,heap     ] GC(79) Y:      Free:      180M (18%)         146M (14%)         914M (89%)         914M (89%)         914M (89%)         146M (14%)    
[12.513s][info][gc,heap     ] GC(79) Y:      Used:      844M (82%)         878M (86%)         110M (11%)         110M (11%)         878M (86%)         110M (11%)    
[12.513s][info][gc,heap     ] GC(79) Y: Young Generation Statistics:
[12.513s][info][gc,heap     ] GC(79) Y:                Mark Start          Mark End        Relocate Start      Relocate End    
[12.513s][info][gc,heap     ] GC(79) Y:      Used:      804M (79%)         838M (82%)          70M (7%)           70M (7%)     
[12.513s][info][gc,heap     ] GC(79) Y:      Live:         -                 0M (0%)            0M (0%)            0M (0%)     
[12.513s][info][gc,heap     ] GC(79) Y:   Garbage:         -               803M (78%)          35M (3%)           31M (3%)     
[12.513s][info][gc,heap     ] GC(79) Y: Allocated:         -                34M (3%)           34M (3%)           37M (4%)     
[12.513s][info][gc,heap     ] GC(79) Y: Reclaimed:         -                  -               768M (75%)         771M (75%)    
[12.513s][info][gc,heap     ] GC(79) Y:  Promoted:         -                  -                 0M (0%)            0M (0%)     
[12.513s][info][gc,heap     ] GC(79) Y: Compacted:         -                  -                  -                 0M (0%)     
[12.513s][info][gc,phases   ] GC(79) Y: Young Generation 844M(82%)->110M(11%) 0.003s
[12.513s][info][gc,phases   ] GC(79) O: Old Generation
[12.518s][info][gc,phases   ] GC(79) O: Concurrent Mark 5.408ms
[12.518s][info][gc,phases   ] GC(79) O: Pause Mark End 0.014ms
[12.518s][info][gc,phases   ] GC(79) O: Concurrent Mark Free 0.000ms
[12.521s][info][gc,phases   ] GC(79) O: Concurrent Process Non-Strong 2.364ms
[12.521s][info][gc,phases   ] GC(79) O: Concurrent Reset Relocation Set 0.000ms
[12.522s][info][gc,phases   ] GC(79) O: Concurrent Select Relocation Set 0.932ms
[12.522s][info][gc,task     ] GC(79) O: Using 2 Workers for Old Generation
[12.526s][info][gc,task     ] GC(79) O: Using 1 Workers for Old Generation
[12.526s][info][gc,phases   ] GC(79) O: Concurrent Remap Roots 4.390ms
[12.526s][info][gc,phases   ] GC(79) O: Pause Relocate Start 0.005ms
[12.527s][info][gc,phases   ] GC(79) O: Concurrent Relocate 0.726ms
[12.527s][info][gc,alloc    ] GC(79) O:                         Mark Start        Mark End      Relocate Start    Relocate End   
[12.527s][info][gc,alloc    ] GC(79) O: Allocation Stalls:          0                0                0                0         
[12.527s][info][gc,load     ] GC(79) O: Load: 3.36 (34%) / 3.11 (31%) / 3.17 (32%)
[12.527s][info][gc,mmu      ] GC(79) O: MMU: 2ms/99.0%, 5ms/99.5%, 10ms/99.7%, 20ms/99.7%, 50ms/99.8%, 100ms/99.9%
[12.527s][info][gc,marking  ] GC(79) O: Mark: 1 stripe(s), 2 proactive flush(es), 1 terminate flush(es), 0 completion(s), 0 continuation(s) 
[12.527s][info][gc,marking  ] GC(79) O: Mark Stack Usage: 32M
[12.527s][info][gc,nmethod  ] GC(79) O: NMethods: 1573 registered, 133 unregistered
[12.527s][info][gc,metaspace] GC(79) O: Metaspace: 9M used, 10M committed, 1088M reserved
[12.527s][info][gc,ref      ] GC(79) O:                       Encountered   Discovered     Enqueued 
[12.527s][info][gc,ref      ] GC(79) O: Soft References:              372            0            0 
[12.527s][info][gc,ref      ] GC(79) O: Weak References:             1113          853            0 
[12.527s][info][gc,ref      ] GC(79) O: Final References:             880          270            0 
[12.527s][info][gc,ref      ] GC(79) O: Phantom References:            32            4            0 
[12.527s][info][gc,reloc    ] GC(79) O:                        Candidates     Selected     In-Place         Size        Empty    Relocated 
[12.527s][info][gc,reloc    ] GC(79) O: Small Pages:                    4            1            0           8M           0M           1M 
[12.527s][info][gc,reloc    ] GC(79) O: Medium Pages:                   1            0            0          32M           0M           0M 
[12.527s][info][gc,reloc    ] GC(79) O: Large Pages:                    0            0            0           0M           0M           0M 
[12.527s][info][gc,reloc    ] GC(79) O: Forwarding Usage: 0M
[12.527s][info][gc,heap     ] GC(79) O: Min Capacity: 8M(1%)
[12.527s][info][gc,heap     ] GC(79) O: Max Capacity: 1024M(100%)
[12.527s][info][gc,heap     ] GC(79) O: Soft Max Capacity: 1024M(100%)
[12.527s][info][gc,heap     ] GC(79) O: Heap Statistics:
[12.527s][info][gc,heap     ] GC(79) O:                Mark Start          Mark End        Relocate Start      Relocate End           High               Low         
[12.527s][info][gc,heap     ] GC(79) O:  Capacity:     1024M (100%)       1024M (100%)       1024M (100%)       1024M (100%)       1024M (100%)       1024M (100%)   
[12.527s][info][gc,heap     ] GC(79) O:      Free:      180M (18%)         850M (83%)         754M (74%)         754M (74%)         914M (89%)         146M (14%)    
[12.527s][info][gc,heap     ] GC(79) O:      Used:      844M (82%)         174M (17%)         270M (26%)         270M (26%)         878M (86%)         110M (11%)    
[12.527s][info][gc,heap     ] GC(79) O: Old Generation Statistics:
[12.527s][info][gc,heap     ] GC(79) O:                Mark Start          Mark End        Relocate Start      Relocate End    
[12.527s][info][gc,heap     ] GC(79) O:      Used:       40M (4%)           40M (4%)           40M (4%)           40M (4%)     
[12.527s][info][gc,heap     ] GC(79) O:      Live:         -                 4M (0%)            4M (0%)            4M (0%)     
[12.527s][info][gc,heap     ] GC(79) O:   Garbage:         -                35M (3%)           35M (3%)           32M (3%)     
[12.527s][info][gc,heap     ] GC(79) O: Allocated:         -                 0M (0%)            0M (0%)            2M (0%)     
[12.527s][info][gc,heap     ] GC(79) O: Reclaimed:         -                  -                 0M (0%)            2M (0%)     
[12.527s][info][gc,heap     ] GC(79) O: Compacted:         -                  -                  -                 1M (0%)     
[12.527s][info][gc,phases   ] GC(79) O: Old Generation 110M(11%)->270M(26%) 0.014s
[12.527s][info][gc          ] GC(79) Major Collection (Proactive) 844M(82%)->270M(26%) 0.018s
[12.583s][info][gc          ] GC(80) Minor Collection (Allocation Rate)
[12.583s][info][gc,task     ] GC(80) Using 3 Workers for Young Generation
[12.583s][info][gc,phases   ] GC(80) y: Young Generation
[12.583s][info][gc,phases   ] GC(80) y: Pause Mark Start 0.005ms
[12.584s][info][gc,phases   ] GC(80) y: Concurrent Mark 0.976ms
[12.584s][info][gc,phases   ] GC(80) y: Pause Mark End 0.005ms
[12.585s][info][gc,phases   ] GC(80) y: Concurrent Mark Free 0.000ms
[12.585s][info][gc,phases   ] GC(80) y: Concurrent Reset Relocation Set 0.001ms
[12.586s][info][gc,reloc    ] GC(80) y: Using tenuring threshold: 3 (Computed)
[12.586s][info][gc,phases   ] GC(80) y: Concurrent Select Relocation Set 1.165ms
[12.586s][info][gc,phases   ] GC(80) y: Pause Relocate Start 0.008ms
[12.586s][info][gc,phases   ] GC(80) y: Concurrent Relocate 0.043ms
[12.586s][info][gc,alloc    ] GC(80) y:                         Mark Start        Mark End      Relocate Start    Relocate End   
[12.586s][info][gc,alloc    ] GC(80) y: Allocation Stalls:          0                0                0                0         
[12.586s][info][gc,load     ] GC(80) y: Load: 3.36 (34%) / 3.11 (31%) / 3.17 (32%)
[12.586s][info][gc,mmu      ] GC(80) y: MMU: 2ms/99.0%, 5ms/99.5%, 10ms/99.7%, 20ms/99.7%, 50ms/99.8%, 100ms/99.9%
[12.586s][info][gc,marking  ] GC(80) y: Mark: 2 stripe(s), 2 proactive flush(es), 1 terminate flush(es), 0 completion(s), 0 continuation(s) 
[12.586s][info][gc,marking  ] GC(80) y: Mark Stack Usage: 32M
[12.586s][info][gc,nmethod  ] GC(80) y: NMethods: 1573 registered, 133 unregistered
[12.586s][info][gc,metaspace] GC(80) y: Metaspace: 9M used, 10M committed, 1088M reserved
[12.586s][info][gc,reloc    ] GC(80) y:                        Candidates     Selected     In-Place         Size        Empty    Relocated 
[12.586s][info][gc,reloc    ] GC(80) y: Small Pages:                    3            1            0           6M           2M           0M 
[12.586s][info][gc,reloc    ] GC(80) y: Medium Pages:                  28            0            0         896M         864M           0M 
[12.586s][info][gc,reloc    ] GC(80) y: Large Pages:                    0            0            0           0M           0M           0M 
[12.586s][info][gc,reloc    ] GC(80) y: Forwarding Usage: 0M
[12.586s][info][gc,reloc    ] GC(80) y: Age Table:
[12.586s][info][gc,reloc    ] GC(80) y:                    Live             Garbage             Small              Medium             Large        
[12.586s][info][gc,reloc    ] GC(80) y: Eden               0M (0%)          865M (85%)          1 / 0             27 / 0              0 / 0        
[12.586s][info][gc,reloc    ] GC(80) y: Survivor 1          -                34M (3%)           1 / 0              1 / 0              0 / 0        
[12.586s][info][gc,reloc    ] GC(80) y: Survivor 2         0M (0%)            1M (0%)           1 / 1              0 / 0              0 / 0        
[12.586s][info][gc,heap     ] GC(80) y: Min Capacity: 8M(1%)
[12.586s][info][gc,heap     ] GC(80) y: Max Capacity: 1024M(100%)
[12.586s][info][gc,heap     ] GC(80) y: Soft Max Capacity: 1024M(100%)
[12.586s][info][gc,heap     ] GC(80) y: Heap Statistics:
[12.586s][info][gc,heap     ] GC(80) y:                Mark Start          Mark End        Relocate Start      Relocate End           High               Low         
[12.586s][info][gc,heap     ] GC(80) y:  Capacity:     1024M (100%)       1024M (100%)       1024M (100%)       1024M (100%)       1024M (100%)       1024M (100%)   
[12.586s][info][gc,heap     ] GC(80) y:      Free:       82M (8%)           48M (5%)          914M (89%)         914M (89%)         914M (89%)          48M (5%)     
[12.586s][info][gc,heap     ] GC(80) y:      Used:      942M (92%)         976M (95%)         110M (11%)         110M (11%)         976M (95%)         110M (11%)    
[12.586s][info][gc,heap     ] GC(80) y: Young Generation Statistics:
[12.586s][info][gc,heap     ] GC(80) y:                Mark Start          Mark End        Relocate Start      Relocate End    
[12.586s][info][gc,heap     ] GC(80) y:      Used:      902M (88%)         936M (91%)          70M (7%)           70M (7%)     
[12.586s][info][gc,heap     ] GC(80) y:      Live:         -                 0M (0%)            0M (0%)            0M (0%)     
[12.586s][info][gc,heap     ] GC(80) y:   Garbage:         -               901M (88%)          35M (3%)           31M (3%)     
[12.586s][info][gc,heap     ] GC(80) y: Allocated:         -                34M (3%)           34M (3%)           37M (4%)     
[12.586s][info][gc,heap     ] GC(80) y: Reclaimed:         -                  -               866M (85%)         869M (85%)    
[12.586s][info][gc,heap     ] GC(80) y:  Promoted:         -                  -                 0M (0%)            0M (0%)     
[12.586s][info][gc,heap     ] GC(80) y: Compacted:         -                  -                  -                 0M (0%)     
[12.586s][info][gc,phases   ] GC(80) y: Young Generation 942M(92%)->110M(11%) 0.003s
[12.586s][info][gc          ] GC(80) Minor Collection (Allocation Rate) 942M(92%)->110M(11%) 0.003s
[12.655s][info][gc          ] GC(81) Minor Collection (Allocation Rate)
[12.655s][info][gc,task     ] GC(81) Using 3 Workers for Young Generation
[12.655s][info][gc,phases   ] GC(81) y: Young Generation
[12.655s][info][gc,phases   ] GC(81) y: Pause Mark Start 0.004ms
[12.656s][info][gc,phases   ] GC(81) y: Concurrent Mark 0.844ms
[12.656s][info][gc,phases   ] GC(81) y: Pause Mark End 0.005ms
[12.656s][info][gc,phases   ] GC(81) y: Concurrent Mark Free 0.000ms
[12.656s][info][gc,phases   ] GC(81) y: Concurrent Reset Relocation Set 0.000ms
[12.657s][info][gc,reloc    ] GC(81) y: Using tenuring threshold: 4 (Computed)
[12.657s][info][gc,phases   ] GC(81) y: Concurrent Select Relocation Set 1.129ms
[12.657s][info][gc,phases   ] GC(81) y: Pause Relocate Start 0.006ms
[12.657s][info][gc,phases   ] GC(81) y: Concurrent Relocate 0.036ms
[12.657s][info][gc,alloc    ] GC(81) y:                         Mark Start        Mark End      Relocate Start    Relocate End   
[12.657s][info][gc,alloc    ] GC(81) y: Allocation Stalls:          0                0                0                0         
[12.657s][info][gc,load     ] GC(81) y: Load: 3.36 (34%) / 3.11 (31%) / 3.17 (32%)
[12.657s][info][gc,mmu      ] GC(81) y: MMU: 2ms/99.0%, 5ms/99.5%, 10ms/99.7%, 20ms/99.7%, 50ms/99.8%, 100ms/99.9%
[12.657s][info][gc,marking  ] GC(81) y: Mark: 2 stripe(s), 2 proactive flush(es), 1 terminate flush(es), 0 completion(s), 0 continuation(s) 
[12.657s][info][gc,marking  ] GC(81) y: Mark Stack Usage: 32M
[12.657s][info][gc,nmethod  ] GC(81) y: NMethods: 1573 registered, 133 unregistered
[12.657s][info][gc,metaspace] GC(81) y: Metaspace: 9M used, 10M committed, 1088M reserved
[12.657s][info][gc,reloc    ] GC(81) y:                        Candidates     Selected     In-Place         Size        Empty    Relocated 
[12.657s][info][gc,reloc    ] GC(81) y: Small Pages:                    3            1            0           6M           2M           0M 
[12.657s][info][gc,reloc    ] GC(81) y: Medium Pages:                  27            0            0         864M         832M           0M 
[12.657s][info][gc,reloc    ] GC(81) y: Large Pages:                    0            0            0           0M           0M           0M 
[12.657s][info][gc,reloc    ] GC(81) y: Forwarding Usage: 0M
[12.657s][info][gc,reloc    ] GC(81) y: Age Table:
[12.657s][info][gc,reloc    ] GC(81) y:                    Live             Garbage             Small              Medium             Large        
[12.657s][info][gc,reloc    ] GC(81) y: Eden               0M (0%)          833M (81%)          1 / 0             26 / 0              0 / 0        
[12.657s][info][gc,reloc    ] GC(81) y: Survivor 1          -                34M (3%)           1 / 0              1 / 0              0 / 0        
[12.657s][info][gc,reloc    ] GC(81) y: Survivor 2          -                 0M (0%)           0 / 0              0 / 0              0 / 0        
[12.657s][info][gc,reloc    ] GC(81) y: Survivor 3         0M (0%)            1M (0%)           1 / 1              0 / 0              0 / 0        
[12.657s][info][gc,heap     ] GC(81) y: Min Capacity: 8M(1%)
[12.657s][info][gc,heap     ] GC(81) y: Max Capacity: 1024M(100%)
[12.657s][info][gc,heap     ] GC(81) y: Soft Max Capacity: 1024M(100%)
[12.657s][info][gc,heap     ] GC(81) y: Heap Statistics:
[12.657s][info][gc,heap     ] GC(81) y:                Mark Start          Mark End        Relocate Start      Relocate End           High               Low         
[12.657s][info][gc,heap     ] GC(81) y:  Capacity:     1024M (100%)       1024M (100%)       1024M (100%)       1024M (100%)       1024M (100%)       1024M (100%)   
[12.657s][info][gc,heap     ] GC(81) y:      Free:      114M (11%)          80M (8%)          914M (89%)         914M (89%)         914M (89%)          80M (8%)     
[12.657s][info][gc,heap     ] GC(81) y:      Used:      910M (89%)         944M (92%)         110M (11%)         110M (11%)         944M (92%)         110M (11%)    
[12.657s][info][gc,heap     ] GC(81) y: Young Generation Statistics:
[12.657s][info][gc,heap     ] GC(81) y:                Mark Start          Mark End        Relocate Start      Relocate End    
[12.657s][info][gc,heap     ] GC(81) y:      Used:      870M (85%)         904M (88%)          70M (7%)           70M (7%)     
[12.657s][info][gc,heap     ] GC(81) y:      Live:         -                 0M (0%)            0M (0%)            0M (0%)     
[12.657s][info][gc,heap     ] GC(81) y:   Garbage:         -               869M (85%)          35M (3%)           31M (3%)     
[12.657s][info][gc,heap     ] GC(81) y: Allocated:         -                34M (3%)           34M (3%)           37M (4%)     
[12.657s][info][gc,heap     ] GC(81) y: Reclaimed:         -                  -               834M (81%)         837M (82%)    
[12.657s][info][gc,heap     ] GC(81) y:  Promoted:         -                  -                 0M (0%)            0M (0%)     
[12.657s][info][gc,heap     ] GC(81) y: Compacted:         -                  -                  -                 0M (0%)     
[12.657s][info][gc,phases   ] GC(81) y: Young Generation 910M(89%)->110M(11%) 0.002s
[12.657s][info][gc          ] GC(81) Minor Collection (Allocation Rate) 910M(89%)->110M(11%) 0.003s
[12.734s][info][gc          ] GC(82) Minor Collection (Allocation Rate)
[12.734s][info][gc,task     ] GC(82) Using 3 Workers for Young Generation
[12.734s][info][gc,phases   ] GC(82) y: Young Generation
[12.734s][info][gc,phases   ] GC(82) y: Pause Mark Start 0.005ms
[12.735s][info][gc,phases   ] GC(82) y: Concurrent Mark 0.883ms
[12.735s][info][gc,phases   ] GC(82) y: Pause Mark End 0.005ms
[12.735s][info][gc,phases   ] GC(82) y: Concurrent Mark Free 0.000ms
[12.735s][info][gc,phases   ] GC(82) y: Concurrent Reset Relocation Set 0.001ms
[12.736s][info][gc,reloc    ] GC(82) y: Using tenuring threshold: 5 (Computed)
[12.736s][info][gc,phases   ] GC(82) y: Concurrent Select Relocation Set 1.094ms
[12.736s][info][gc,phases   ] GC(82) y: Pause Relocate Start 0.006ms
[12.736s][info][gc,phases   ] GC(82) y: Concurrent Relocate 0.068ms
[12.736s][info][gc,alloc    ] GC(82) y:                         Mark Start        Mark End      Relocate Start    Relocate End   
[12.736s][info][gc,alloc    ] GC(82) y: Allocation Stalls:          0                0                0                0         
[12.736s][info][gc,load     ] GC(82) y: Load: 3.36 (34%) / 3.11 (31%) / 3.17 (32%)
[12.736s][info][gc,mmu      ] GC(82) y: MMU: 2ms/99.0%, 5ms/99.5%, 10ms/99.7%, 20ms/99.7%, 50ms/99.8%, 100ms/99.9%
[12.736s][info][gc,marking  ] GC(82) y: Mark: 2 stripe(s), 2 proactive flush(es), 1 terminate flush(es), 0 completion(s), 0 continuation(s) 
[12.736s][info][gc,marking  ] GC(82) y: Mark Stack Usage: 32M
[12.736s][info][gc,nmethod  ] GC(82) y: NMethods: 1573 registered, 133 unregistered
[12.736s][info][gc,metaspace] GC(82) y: Metaspace: 9M used, 10M committed, 1088M reserved
[12.736s][info][gc,reloc    ] GC(82) y:                        Candidates     Selected     In-Place         Size        Empty    Relocated 
[12.736s][info][gc,reloc    ] GC(82) y: Small Pages:                    3            1            0           6M           2M           0M 
[12.736s][info][gc,reloc    ] GC(82) y: Medium Pages:                  28            0            0         896M         864M           0M 
[12.736s][info][gc,reloc    ] GC(82) y: Large Pages:                    0            0            0           0M           0M           0M 
[12.736s][info][gc,reloc    ] GC(82) y: Forwarding Usage: 0M
[12.736s][info][gc,reloc    ] GC(82) y: Age Table:
[12.736s][info][gc,reloc    ] GC(82) y:                    Live             Garbage             Small              Medium             Large        
[12.736s][info][gc,reloc    ] GC(82) y: Eden               0M (0%)          865M (85%)          1 / 0             27 / 0              0 / 0        
[12.736s][info][gc,reloc    ] GC(82) y: Survivor 1          -                34M (3%)           1 / 0              1 / 0              0 / 0        
[12.736s][info][gc,reloc    ] GC(82) y: Survivor 2          -                 0M (0%)           0 / 0              0 / 0              0 / 0        
[12.736s][info][gc,reloc    ] GC(82) y: Survivor 3          -                 0M (0%)           0 / 0              0 / 0              0 / 0        
[12.736s][info][gc,reloc    ] GC(82) y: Survivor 4         0M (0%)            1M (0%)           1 / 1              0 / 0              0 / 0        
[12.736s][info][gc,heap     ] GC(82) y: Min Capacity: 8M(1%)
[12.736s][info][gc,heap     ] GC(82) y: Max Capacity: 1024M(100%)
[12.736s][info][gc,heap     ] GC(82) y: Soft Max Capacity: 1024M(100%)
[12.736s][info][gc,heap     ] GC(82) y: Heap Statistics:
[12.736s][info][gc,heap     ] GC(82) y:                Mark Start          Mark End        Relocate Start      Relocate End           High               Low         
[12.736s][info][gc,heap     ] GC(82) y:  Capacity:     1024M (100%)       1024M (100%)       1024M (100%)       1024M (100%)       1024M (100%)       1024M (100%)   
[12.736s][info][gc,heap     ] GC(82) y:      Free:       82M (8%)           48M (5%)          914M (89%)         914M (89%)         914M (89%)          48M (5%)     
[12.736s][info][gc,heap     ] GC(82) y:      Used:      942M (92%)         976M (95%)         110M (11%)         110M (11%)         976M (95%)         110M (11%)    
[12.736s][info][gc,heap     ] GC(82) y: Young Generation Statistics:
[12.736s][info][gc,heap     ] GC(82) y:                Mark Start          Mark End        Relocate Start      Relocate End    
[12.736s][info][gc,heap     ] GC(82) y:      Used:      902M (88%)         936M (91%)          70M (7%)           70M (7%)     
[12.736s][info][gc,heap     ] GC(82) y:      Live:         -                 0M (0%)            0M (0%)            0M (0%)     
[12.736s][info][gc,heap     ] GC(82) y:   Garbage:         -               901M (88%)          35M (3%)           31M (3%)     
[12.736s][info][gc,heap     ] GC(82) y: Allocated:         -                34M (3%)           34M (3%)           37M (4%)     
[12.736s][info][gc,heap     ] GC(82) y: Reclaimed:         -                  -               866M (85%)         869M (85%)    
[12.736s][info][gc,heap     ] GC(82) y:  Promoted:         -                  -                 0M (0%)            0M (0%)     
[12.736s][info][gc,heap     ] GC(82) y: Compacted:         -                  -                  -                 0M (0%)     
[12.736s][info][gc,phases   ] GC(82) y: Young Generation 942M(92%)->110M(11%) 0.002s
[12.736s][info][gc          ] GC(82) Minor Collection (Allocation Rate) 942M(92%)->110M(11%) 0.003s
[12.804s][info][gc          ] GC(83) Minor Collection (Allocation Rate)
[12.804s][info][gc,task     ] GC(83) Using 2 Workers for Young Generation
[12.804s][info][gc,phases   ] GC(83) y: Young Generation
[12.804s][info][gc,phases   ] GC(83) y: Pause Mark Start 0.004ms
[12.805s][info][gc,phases   ] GC(83) y: Concurrent Mark 1.302ms
[12.806s][info][gc,phases   ] GC(83) y: Pause Mark End 0.007ms
[12.806s][info][gc,phases   ] GC(83) y: Concurrent Mark Free 0.000ms
[12.806s][info][gc,phases   ] GC(83) y: Concurrent Reset Relocation Set 0.003ms
[12.807s][info][gc,reloc    ] GC(83) y: Using tenuring threshold: 6 (Computed)
[12.807s][info][gc,phases   ] GC(83) y: Concurrent Select Relocation Set 1.051ms
[12.807s][info][gc,phases   ] GC(83) y: Pause Relocate Start 0.004ms
[12.807s][info][gc,phases   ] GC(83) y: Concurrent Relocate 0.036ms
[12.807s][info][gc,alloc    ] GC(83) y:                         Mark Start        Mark End      Relocate Start    Relocate End   
[12.807s][info][gc,alloc    ] GC(83) y: Allocation Stalls:          0                0                0                0         
[12.807s][info][gc,load     ] GC(83) y: Load: 3.36 (34%) / 3.11 (31%) / 3.17 (32%)
[12.807s][info][gc,mmu      ] GC(83) y: MMU: 2ms/99.0%, 5ms/99.5%, 10ms/99.7%, 20ms/99.7%, 50ms/99.8%, 100ms/99.9%
[12.807s][info][gc,marking  ] GC(83) y: Mark: 2 stripe(s), 2 proactive flush(es), 1 terminate flush(es), 0 completion(s), 0 continuation(s) 
[12.807s][info][gc,marking  ] GC(83) y: Mark Stack Usage: 32M
[12.807s][info][gc,nmethod  ] GC(83) y: NMethods: 1573 registered, 133 unregistered
[12.807s][info][gc,metaspace] GC(83) y: Metaspace: 9M used, 10M committed, 1088M reserved
[12.807s][info][gc,reloc    ] GC(83) y:                        Candidates     Selected     In-Place         Size        Empty    Relocated 
[12.807s][info][gc,reloc    ] GC(83) y: Small Pages:                    3            1            0           6M           2M           0M 
[12.807s][info][gc,reloc    ] GC(83) y: Medium Pages:                  27            0            0         864M         832M           0M 
[12.807s][info][gc,reloc    ] GC(83) y: Large Pages:                    0            0            0           0M           0M           0M 
[12.807s][info][gc,reloc    ] GC(83) y: Forwarding Usage: 0M
[12.807s][info][gc,reloc    ] GC(83) y: Age Table:
[12.807s][info][gc,reloc    ] GC(83) y:                    Live             Garbage             Small              Medium             Large        
[12.807s][info][gc,reloc    ] GC(83) y: Eden               0M (0%)          833M (81%)          1 / 0             26 / 0              0 / 0        
[12.807s][info][gc,reloc    ] GC(83) y: Survivor 1          -                34M (3%)           1 / 0              1 / 0              0 / 0        
[12.807s][info][gc,reloc    ] GC(83) y: Survivor 2          -                 0M (0%)           0 / 0              0 / 0              0 / 0        
[12.807s][info][gc,reloc    ] GC(83) y: Survivor 3          -                 0M (0%)           0 / 0              0 / 0              0 / 0        
[12.807s][info][gc,reloc    ] GC(83) y: Survivor 4          -                 0M (0%)           0 / 0              0 / 0              0 / 0        
[12.807s][info][gc,reloc    ] GC(83) y: Survivor 5         0M (0%)            1M (0%)           1 / 1              0 / 0              0 / 0        
[12.807s][info][gc,heap     ] GC(83) y: Min Capacity: 8M(1%)
[12.807s][info][gc,heap     ] GC(83) y: Max Capacity: 1024M(100%)
[12.807s][info][gc,heap     ] GC(83) y: Soft Max Capacity: 1024M(100%)
[12.807s][info][gc,heap     ] GC(83) y: Heap Statistics:
[12.807s][info][gc,heap     ] GC(83) y:                Mark Start          Mark End        Relocate Start      Relocate End           High               Low         
[12.807s][info][gc,heap     ] GC(83) y:  Capacity:     1024M (100%)       1024M (100%)       1024M (100%)       1024M (100%)       1024M (100%)       1024M (100%)   
[12.807s][info][gc,heap     ] GC(83) y:      Free:      114M (11%)          80M (8%)          914M (89%)         914M (89%)         914M (89%)          80M (8%)     
[12.807s][info][gc,heap     ] GC(83) y:      Used:      910M (89%)         944M (92%)         110M (11%)         110M (11%)         944M (92%)         110M (11%)    
[12.807s][info][gc,heap     ] GC(83) y: Young Generation Statistics:
[12.807s][info][gc,heap     ] GC(83) y:                Mark Start          Mark End        Relocate Start      Relocate End    
[12.807s][info][gc,heap     ] GC(83) y:      Used:      870M (85%)         904M (88%)          70M (7%)           70M (7%)     
[12.807s][info][gc,heap     ] GC(83) y:      Live:         -                 0M (0%)            0M (0%)            0M (0%)     
[12.807s][info][gc,heap     ] GC(83) y:   Garbage:         -               869M (85%)          35M (3%)           31M (3%)     
[12.807s][info][gc,heap     ] GC(83) y: Allocated:         -                34M (3%)           34M (3%)           37M (4%)     
[12.807s][info][gc,heap     ] GC(83) y: Reclaimed:         -                  -               834M (81%)         837M (82%)    
[12.807s][info][gc,heap     ] GC(83) y:  Promoted:         -                  -                 0M (0%)            0M (0%)     
[12.807s][info][gc,heap     ] GC(83) y: Compacted:         -                  -                  -                 0M (0%)     
[12.807s][info][gc,phases   ] GC(83) y: Young Generation 910M(89%)->110M(11%) 0.003s
[12.807s][info][gc          ] GC(83) Minor Collection (Allocation Rate) 910M(89%)->110M(11%) 0.003s
[12.876s][info][gc          ] GC(84) Minor Collection (Allocation Rate)
[12.876s][info][gc,task     ] GC(84) Using 2 Workers for Young Generation
[12.876s][info][gc,phases   ] GC(84) y: Young Generation
[12.876s][info][gc,phases   ] GC(84) y: Pause Mark Start 0.005ms
[12.877s][info][gc,phases   ] GC(84) y: Concurrent Mark 1.207ms
[12.877s][info][gc,phases   ] GC(84) y: Pause Mark End 0.005ms
[12.877s][info][gc,phases   ] GC(84) y: Concurrent Mark Free 0.000ms
[12.877s][info][gc,phases   ] GC(84) y: Concurrent Reset Relocation Set 0.001ms
[12.878s][info][gc,reloc    ] GC(84) y: Using tenuring threshold: 7 (Computed)
[12.878s][info][gc,phases   ] GC(84) y: Concurrent Select Relocation Set 1.037ms
[12.878s][info][gc,phases   ] GC(84) y: Pause Relocate Start 0.004ms
[12.878s][info][gc,phases   ] GC(84) y: Concurrent Relocate 0.029ms
[12.878s][info][gc,alloc    ] GC(84) y:                         Mark Start        Mark End      Relocate Start    Relocate End   
[12.878s][info][gc,alloc    ] GC(84) y: Allocation Stalls:          0                0                0                0         
[12.878s][info][gc,load     ] GC(84) y: Load: 3.36 (34%) / 3.11 (31%) / 3.17 (32%)
[12.878s][info][gc,mmu      ] GC(84) y: MMU: 2ms/99.0%, 5ms/99.5%, 10ms/99.7%, 20ms/99.7%, 50ms/99.8%, 100ms/99.9%
[12.878s][info][gc,marking  ] GC(84) y: Mark: 2 stripe(s), 2 proactive flush(es), 1 terminate flush(es), 0 completion(s), 0 continuation(s) 
[12.878s][info][gc,marking  ] GC(84) y: Mark Stack Usage: 32M
[12.878s][info][gc,nmethod  ] GC(84) y: NMethods: 1573 registered, 133 unregistered
[12.878s][info][gc,metaspace] GC(84) y: Metaspace: 9M used, 10M committed, 1088M reserved
[12.878s][info][gc,reloc    ] GC(84) y:                        Candidates     Selected     In-Place         Size        Empty    Relocated 
[12.878s][info][gc,reloc    ] GC(84) y: Small Pages:                    3            1            0           6M           2M           0M 
[12.878s][info][gc,reloc    ] GC(84) y: Medium Pages:                  27            0            0         864M         832M           0M 
[12.878s][info][gc,reloc    ] GC(84) y: Large Pages:                    0            0            0           0M           0M           0M 
[12.878s][info][gc,reloc    ] GC(84) y: Forwarding Usage: 0M
[12.878s][info][gc,reloc    ] GC(84) y: Age Table:
[12.878s][info][gc,reloc    ] GC(84) y:                    Live             Garbage             Small              Medium             Large        
[12.878s][info][gc,reloc    ] GC(84) y: Eden               0M (0%)          833M (81%)          1 / 0             26 / 0              0 / 0        
[12.878s][info][gc,reloc    ] GC(84) y: Survivor 1          -                34M (3%)           1 / 0              1 / 0              0 / 0        
[12.878s][info][gc,reloc    ] GC(84) y: Survivor 2          -                 0M (0%)           0 / 0              0 / 0              0 / 0        
[12.878s][info][gc,reloc    ] GC(84) y: Survivor 3          -                 0M (0%)           0 / 0              0 / 0              0 / 0        
[12.878s][info][gc,reloc    ] GC(84) y: Survivor 4          -                 0M (0%)           0 / 0              0 / 0              0 / 0        
[12.878s][info][gc,reloc    ] GC(84) y: Survivor 5          -                 0M (0%)           0 / 0              0 / 0              0 / 0        
[12.878s][info][gc,reloc    ] GC(84) y: Survivor 6         0M (0%)            1M (0%)           1 / 1              0 / 0              0 / 0        
[12.878s][info][gc,heap     ] GC(84) y: Min Capacity: 8M(1%)
[12.878s][info][gc,heap     ] GC(84) y: Max Capacity: 1024M(100%)
[12.878s][info][gc,heap     ] GC(84) y: Soft Max Capacity: 1024M(100%)
[12.878s][info][gc,heap     ] GC(84) y: Heap Statistics:
[12.878s][info][gc,heap     ] GC(84) y:                Mark Start          Mark End        Relocate Start      Relocate End           High               Low         
[12.878s][info][gc,heap     ] GC(84) y:  Capacity:     1024M (100%)       1024M (100%)       1024M (100%)       1024M (100%)       1024M (100%)       1024M (100%)   
[12.878s][info][gc,heap     ] GC(84) y:      Free:      114M (11%)          80M (8%)          914M (89%)         914M (89%)         914M (89%)          80M (8%)     
[12.878s][info][gc,heap     ] GC(84) y:      Used:      910M (89%)         944M (92%)         110M (11%)         110M (11%)         944M (92%)         110M (11%)    
[12.878s][info][gc,heap     ] GC(84) y: Young Generation Statistics:
[12.878s][info][gc,heap     ] GC(84) y:                Mark Start          Mark End        Relocate Start      Relocate End    
[12.878s][info][gc,heap     ] GC(84) y:      Used:      870M (85%)         904M (88%)          70M (7%)           70M (7%)     
[12.878s][info][gc,heap     ] GC(84) y:      Live:         -                 0M (0%)            0M (0%)            0M (0%)     
[12.878s][info][gc,heap     ] GC(84) y:   Garbage:         -               869M (85%)          35M (3%)           31M (3%)     
[12.878s][info][gc,heap     ] GC(84) y: Allocated:         -                34M (3%)           34M (3%)           37M (4%)     
[12.878s][info][gc,heap     ] GC(84) y: Reclaimed:         -                  -               834M (81%)         837M (82%)    
[12.878s][info][gc,heap     ] GC(84) y:  Promoted:         -                  -                 0M (0%)            0M (0%)     
[12.878s][info][gc,heap     ] GC(84) y: Compacted:         -                  -                  -                 0M (0%)     
[12.878s][info][gc,phases   ] GC(84) y: Young Generation 910M(89%)->110M(11%) 0.003s
[12.878s][info][gc          ] GC(84) Minor Collection (Allocation Rate) 910M(89%)->110M(11%) 0.003s
[12.943s][info][gc          ] GC(85) Minor Collection (Allocation Rate)
[12.943s][info][gc,task     ] GC(85) Using 1 Workers for Young Generation
[12.943s][info][gc,phases   ] GC(85) y: Young Generation
[12.943s][info][gc,phases   ] GC(85) y: Pause Mark Start 0.004ms
[12.945s][info][gc,phases   ] GC(85) y: Concurrent Mark 2.130ms
[12.945s][info][gc,phases   ] GC(85) y: Pause Mark End 0.006ms
[12.945s][info][gc,phases   ] GC(85) y: Concurrent Mark Free 0.000ms
[12.945s][info][gc,phases   ] GC(85) y: Concurrent Reset Relocation Set 0.000ms
[12.946s][info][gc,reloc    ] GC(85) y: Using tenuring threshold: 7 (Computed)
[12.946s][info][gc,phases   ] GC(85) y: Concurrent Select Relocation Set 1.003ms
[12.946s][info][gc,phases   ] GC(85) y: Pause Relocate Start 0.003ms
[12.946s][info][gc,phases   ] GC(85) y: Concurrent Relocate 0.031ms
[12.947s][info][gc,alloc    ] GC(85) y:                         Mark Start        Mark End      Relocate Start    Relocate End   
[12.947s][info][gc,alloc    ] GC(85) y: Allocation Stalls:          0                0                0                0         
[12.947s][info][gc,load     ] GC(85) y: Load: 3.36 (34%) / 3.11 (31%) / 3.17 (32%)
[12.947s][info][gc,mmu      ] GC(85) y: MMU: 2ms/99.0%, 5ms/99.5%, 10ms/99.7%, 20ms/99.7%, 50ms/99.8%, 100ms/99.9%
[12.947s][info][gc,marking  ] GC(85) y: Mark: 1 stripe(s), 2 proactive flush(es), 1 terminate flush(es), 0 completion(s), 0 continuation(s) 
[12.947s][info][gc,marking  ] GC(85) y: Mark Stack Usage: 32M
[12.947s][info][gc,nmethod  ] GC(85) y: NMethods: 1573 registered, 133 unregistered
[12.947s][info][gc,metaspace] GC(85) y: Metaspace: 9M used, 10M committed, 1088M reserved
[12.947s][info][gc,reloc    ] GC(85) y:                        Candidates     Selected     In-Place         Size        Empty    Relocated 
[12.947s][info][gc,reloc    ] GC(85) y: Small Pages:                    3            1            0           6M           2M           0M 
[12.947s][info][gc,reloc    ] GC(85) y: Medium Pages:                  26            0            0         832M         832M           0M 
[12.947s][info][gc,reloc    ] GC(85) y: Large Pages:                    0            0            0           0M           0M           0M 
[12.947s][info][gc,reloc    ] GC(85) y: Forwarding Usage: 0M
[12.947s][info][gc,reloc    ] GC(85) y: Age Table:
[12.947s][info][gc,reloc    ] GC(85) y:                    Live             Garbage             Small              Medium             Large        
[12.947s][info][gc,reloc    ] GC(85) y: Eden               0M (0%)          801M (78%)          1 / 0             25 / 0              0 / 0        
[12.947s][info][gc,reloc    ] GC(85) y: Survivor 1          -                34M (3%)           1 / 0              1 / 0              0 / 0        
[12.947s][info][gc,reloc    ] GC(85) y: Survivor 2          -                 0M (0%)           0 / 0              0 / 0              0 / 0        
[12.947s][info][gc,reloc    ] GC(85) y: Survivor 3          -                 0M (0%)           0 / 0              0 / 0              0 / 0        
[12.947s][info][gc,reloc    ] GC(85) y: Survivor 4          -                 0M (0%)           0 / 0              0 / 0              0 / 0        
[12.947s][info][gc,reloc    ] GC(85) y: Survivor 5          -                 0M (0%)           0 / 0              0 / 0              0 / 0        
[12.947s][info][gc,reloc    ] GC(85) y: Survivor 6          -                 0M (0%)           0 / 0              0 / 0              0 / 0        
[12.947s][info][gc,reloc    ] GC(85) y: Survivor 7         0M (0%)            1M (0%)           1 / 1              0 / 0              0 / 0        
[12.947s][info][gc,heap     ] GC(85) y: Min Capacity: 8M(1%)
[12.947s][info][gc,heap     ] GC(85) y: Max Capacity: 1024M(100%)
[12.947s][info][gc,heap     ] GC(85) y: Soft Max Capacity: 1024M(100%)
[12.947s][info][gc,heap     ] GC(85) y: Heap Statistics:
[12.947s][info][gc,heap     ] GC(85) y:                Mark Start          Mark End        Relocate Start      Relocate End           High               Low         
[12.947s][info][gc,heap     ] GC(85) y:  Capacity:     1024M (100%)       1024M (100%)       1024M (100%)       1024M (100%)       1024M (100%)       1024M (100%)   
[12.947s][info][gc,heap     ] GC(85) y:      Free:      146M (14%)         112M (11%)         914M (89%)         914M (89%)         914M (89%)          80M (8%)     
[12.947s][info][gc,heap     ] GC(85) y:      Used:      878M (86%)         912M (89%)         110M (11%)         110M (11%)         944M (92%)         110M (11%)    
[12.947s][info][gc,heap     ] GC(85) y: Young Generation Statistics:
[12.947s][info][gc,heap     ] GC(85) y:                Mark Start          Mark End        Relocate Start      Relocate End    
[12.947s][info][gc,heap     ] GC(85) y:      Used:      838M (82%)         872M (85%)          70M (7%)           68M (7%)     
[12.947s][info][gc,heap     ] GC(85) y:      Live:         -                 0M (0%)            0M (0%)            0M (0%)     
[12.947s][info][gc,heap     ] GC(85) y:   Garbage:         -               837M (82%)           3M (0%)            0M (0%)     
[12.947s][info][gc,heap     ] GC(85) y: Allocated:         -                34M (3%)           66M (6%)           67M (7%)     
[12.947s][info][gc,heap     ] GC(85) y: Reclaimed:         -                  -               834M (81%)         837M (82%)    
[12.947s][info][gc,heap     ] GC(85) y:  Promoted:         -                  -                 0M (0%)            0M (0%)     
[12.947s][info][gc,heap     ] GC(85) y: Compacted:         -                  -                  -                 0M (0%)     
[12.947s][info][gc,phases   ] GC(85) y: Young Generation 878M(86%)->110M(11%) 0.003s
[12.947s][info][gc          ] GC(85) Minor Collection (Allocation Rate) 878M(86%)->110M(11%) 0.004s
[13.013s][info][gc          ] GC(86) Minor Collection (Allocation Rate)
[13.013s][info][gc,task     ] GC(86) Using 1 Workers for Young Generation
[13.013s][info][gc,phases   ] GC(86) y: Young Generation
[13.014s][info][gc,phases   ] GC(86) y: Pause Mark Start 0.004ms
[13.016s][info][gc,phases   ] GC(86) y: Concurrent Mark 2.226ms
[13.016s][info][gc,phases   ] GC(86) y: Pause Mark End 0.006ms
[13.016s][info][gc,phases   ] GC(86) y: Concurrent Mark Free 0.000ms
[13.016s][info][gc,phases   ] GC(86) y: Concurrent Reset Relocation Set 0.001ms
[13.017s][info][gc,reloc    ] GC(86) y: Using tenuring threshold: 1 (Computed)
[13.017s][info][gc,phases   ] GC(86) y: Concurrent Select Relocation Set 1.025ms
[13.017s][info][gc,phases   ] GC(86) y: Pause Relocate Start 0.004ms
[13.017s][info][gc,phases   ] GC(86) y: Concurrent Relocate 0.013ms
[13.017s][info][gc,alloc    ] GC(86) y:                         Mark Start        Mark End      Relocate Start    Relocate End   
[13.017s][info][gc,alloc    ] GC(86) y: Allocation Stalls:          0                0                0                0         
[13.017s][info][gc,load     ] GC(86) y: Load: 3.36 (34%) / 3.11 (31%) / 3.17 (32%)
[13.017s][info][gc,mmu      ] GC(86) y: MMU: 2ms/99.0%, 5ms/99.5%, 10ms/99.7%, 20ms/99.7%, 50ms/99.8%, 100ms/99.9%
[13.017s][info][gc,marking  ] GC(86) y: Mark: 1 stripe(s), 2 proactive flush(es), 1 terminate flush(es), 0 completion(s), 0 continuation(s) 
[13.017s][info][gc,marking  ] GC(86) y: Mark Stack Usage: 32M
[13.017s][info][gc,nmethod  ] GC(86) y: NMethods: 1573 registered, 133 unregistered
[13.017s][info][gc,metaspace] GC(86) y: Metaspace: 9M used, 10M committed, 1088M reserved
[13.017s][info][gc,reloc    ] GC(86) y:                        Candidates     Selected     In-Place         Size        Empty    Relocated 
[13.017s][info][gc,reloc    ] GC(86) y: Small Pages:                    2            0            0           4M           2M           0M 
[13.017s][info][gc,reloc    ] GC(86) y: Medium Pages:                  26            0            0         832M         800M           0M 
[13.017s][info][gc,reloc    ] GC(86) y: Large Pages:                    0            0            0           0M           0M           0M 
[13.017s][info][gc,reloc    ] GC(86) y: Forwarding Usage: 0M
[13.017s][info][gc,reloc    ] GC(86) y: Age Table:
[13.017s][info][gc,reloc    ] GC(86) y:                    Live             Garbage             Small              Medium             Large        
[13.017s][info][gc,reloc    ] GC(86) y: Eden               0M (0%)          833M (81%)          1 / 0             26 / 0              0 / 0        
[13.017s][info][gc,reloc    ] GC(86) y: Survivor 1          -                 2M (0%)           1 / 0              0 / 0              0 / 0        
[13.017s][info][gc,heap     ] GC(86) y: Min Capacity: 8M(1%)
[13.017s][info][gc,heap     ] GC(86) y: Max Capacity: 1024M(100%)
[13.017s][info][gc,heap     ] GC(86) y: Soft Max Capacity: 1024M(100%)
[13.017s][info][gc,heap     ] GC(86) y: Heap Statistics:
[13.017s][info][gc,heap     ] GC(86) y:                Mark Start          Mark End        Relocate Start      Relocate End           High               Low         
[13.017s][info][gc,heap     ] GC(86) y:  Capacity:     1024M (100%)       1024M (100%)       1024M (100%)       1024M (100%)       1024M (100%)       1024M (100%)   
[13.017s][info][gc,heap     ] GC(86) y:      Free:      146M (14%)         112M (11%)         882M (86%)         882M (86%)         882M (86%)          80M (8%)     
[13.017s][info][gc,heap     ] GC(86) y:      Used:      878M (86%)         912M (89%)         142M (14%)         142M (14%)         944M (92%)         142M (14%)    
[13.017s][info][gc,heap     ] GC(86) y: Young Generation Statistics:
[13.017s][info][gc,heap     ] GC(86) y:                Mark Start          Mark End        Relocate Start      Relocate End    
[13.017s][info][gc,heap     ] GC(86) y:      Used:      836M (82%)         870M (85%)         100M (10%)         100M (10%)    
[13.017s][info][gc,heap     ] GC(86) y:      Live:         -                 0M (0%)            0M (0%)            0M (0%)     
[13.017s][info][gc,heap     ] GC(86) y:   Garbage:         -               835M (82%)          33M (3%)           33M (3%)     
[13.017s][info][gc,heap     ] GC(86) y: Allocated:         -                34M (3%)           66M (6%)           66M (6%)     
[13.017s][info][gc,heap     ] GC(86) y: Reclaimed:         -                  -               802M (78%)         802M (78%)    
[13.017s][info][gc,heap     ] GC(86) y:  Promoted:         -                  -                 0M (0%)            0M (0%)     
[13.017s][info][gc,heap     ] GC(86) y: Compacted:         -                  -                  -                 0M (0%)     
[13.017s][info][gc,phases   ] GC(86) y: Young Generation 878M(86%)->142M(14%) 0.004s
[13.017s][info][gc          ] GC(86) Minor Collection (Allocation Rate) 878M(86%)->142M(14%) 0.004s
[13.087s][info][gc          ] GC(87) Minor Collection (Allocation Rate)
[13.087s][info][gc,task     ] GC(87) Using 3 Workers for Young Generation
[13.087s][info][gc,phases   ] GC(87) y: Young Generation
[13.087s][info][gc,phases   ] GC(87) y: Pause Mark Start 0.004ms
[13.088s][info][gc,phases   ] GC(87) y: Concurrent Mark 0.855ms
[13.088s][info][gc,phases   ] GC(87) y: Pause Mark End 0.005ms
[13.088s][info][gc,phases   ] GC(87) y: Concurrent Mark Free 0.000ms
[13.088s][info][gc,phases   ] GC(87) y: Concurrent Reset Relocation Set 0.000ms
[13.089s][info][gc,reloc    ] GC(87) y: Using tenuring threshold: 1 (Computed)
[13.089s][info][gc,phases   ] GC(87) y: Concurrent Select Relocation Set 1.089ms
[13.089s][info][gc,phases   ] GC(87) y: Pause Relocate Start 0.005ms
[13.089s][info][gc,phases   ] GC(87) y: Concurrent Relocate 0.049ms
[13.089s][info][gc,alloc    ] GC(87) y:                         Mark Start        Mark End      Relocate Start    Relocate End   
[13.089s][info][gc,alloc    ] GC(87) y: Allocation Stalls:          0                0                0                0         
[13.089s][info][gc,load     ] GC(87) y: Load: 3.36 (34%) / 3.11 (31%) / 3.17 (32%)
[13.089s][info][gc,mmu      ] GC(87) y: MMU: 2ms/99.0%, 5ms/99.5%, 10ms/99.7%, 20ms/99.7%, 50ms/99.8%, 100ms/99.9%
[13.089s][info][gc,marking  ] GC(87) y: Mark: 2 stripe(s), 2 proactive flush(es), 1 terminate flush(es), 0 completion(s), 0 continuation(s) 
[13.089s][info][gc,marking  ] GC(87) y: Mark Stack Usage: 32M
[13.089s][info][gc,nmethod  ] GC(87) y: NMethods: 1573 registered, 133 unregistered
[13.089s][info][gc,metaspace] GC(87) y: Metaspace: 9M used, 10M committed, 1088M reserved
[13.089s][info][gc,reloc    ] GC(87) y:                        Candidates     Selected     In-Place         Size        Empty    Relocated 
[13.089s][info][gc,reloc    ] GC(87) y: Small Pages:                    2            0            0           4M           2M           0M 
[13.089s][info][gc,reloc    ] GC(87) y: Medium Pages:                  28            0            0         896M         864M           0M 
[13.089s][info][gc,reloc    ] GC(87) y: Large Pages:                    0            0            0           0M           0M           0M 
[13.089s][info][gc,reloc    ] GC(87) y: Forwarding Usage: 0M
[13.089s][info][gc,reloc    ] GC(87) y: Age Table:
[13.089s][info][gc,reloc    ] GC(87) y:                    Live             Garbage             Small              Medium             Large        
[13.089s][info][gc,reloc    ] GC(87) y: Eden               0M (0%)          865M (85%)          1 / 0             27 / 0              0 / 0        
[13.089s][info][gc,reloc    ] GC(87) y: Survivor 1          -                34M (3%)           1 / 0              1 / 0              0 / 0        
[13.089s][info][gc,heap     ] GC(87) y: Min Capacity: 8M(1%)
[13.089s][info][gc,heap     ] GC(87) y: Max Capacity: 1024M(100%)
[13.089s][info][gc,heap     ] GC(87) y: Soft Max Capacity: 1024M(100%)
[13.089s][info][gc,heap     ] GC(87) y: Heap Statistics:
[13.089s][info][gc,heap     ] GC(87) y:                Mark Start          Mark End        Relocate Start      Relocate End           High               Low         
[13.089s][info][gc,heap     ] GC(87) y:  Capacity:     1024M (100%)       1024M (100%)       1024M (100%)       1024M (100%)       1024M (100%)       1024M (100%)   
[13.089s][info][gc,heap     ] GC(87) y:      Free:       82M (8%)           48M (5%)          914M (89%)         914M (89%)         914M (89%)          48M (5%)     
[13.089s][info][gc,heap     ] GC(87) y:      Used:      942M (92%)         976M (95%)         110M (11%)         110M (11%)         976M (95%)         110M (11%)    
[13.089s][info][gc,heap     ] GC(87) y: Young Generation Statistics:
[13.089s][info][gc,heap     ] GC(87) y:                Mark Start          Mark End        Relocate Start      Relocate End    
[13.089s][info][gc,heap     ] GC(87) y:      Used:      900M (88%)         934M (91%)          68M (7%)           68M (7%)     
[13.089s][info][gc,heap     ] GC(87) y:      Live:         -                 0M (0%)            0M (0%)            0M (0%)     
[13.089s][info][gc,heap     ] GC(87) y:   Garbage:         -               899M (88%)          33M (3%)           33M (3%)     
[13.089s][info][gc,heap     ] GC(87) y: Allocated:         -                34M (3%)           34M (3%)           34M (3%)     
[13.089s][info][gc,heap     ] GC(87) y: Reclaimed:         -                  -               866M (85%)         866M (85%)    
[13.089s][info][gc,heap     ] GC(87) y:  Promoted:         -                  -                 0M (0%)            0M (0%)     
[13.089s][info][gc,heap     ] GC(87) y: Compacted:         -                  -                  -                 0M (0%)     
[13.089s][info][gc,phases   ] GC(87) y: Young Generation 942M(92%)->110M(11%) 0.002s
[13.089s][info][gc          ] GC(87) Minor Collection (Allocation Rate) 942M(92%)->110M(11%) 0.003s
[13.160s][info][gc          ] GC(88) Minor Collection (Allocation Rate)
[13.160s][info][gc,task     ] GC(88) Using 3 Workers for Young Generation
[13.160s][info][gc,phases   ] GC(88) y: Young Generation
[13.160s][info][gc,phases   ] GC(88) y: Pause Mark Start 0.004ms
[13.161s][info][gc,phases   ] GC(88) y: Concurrent Mark 0.909ms
[13.161s][info][gc,phases   ] GC(88) y: Pause Mark End 0.005ms
[13.161s][info][gc,phases   ] GC(88) y: Concurrent Mark Free 0.000ms
[13.161s][info][gc,phases   ] GC(88) y: Concurrent Reset Relocation Set 0.000ms
[13.162s][info][gc,reloc    ] GC(88) y: Using tenuring threshold: 1 (Computed)
[13.162s][info][gc,phases   ] GC(88) y: Concurrent Select Relocation Set 1.070ms
[13.162s][info][gc,phases   ] GC(88) y: Pause Relocate Start 0.004ms
[13.162s][info][gc,phases   ] GC(88) y: Concurrent Relocate 0.040ms
[13.162s][info][gc,alloc    ] GC(88) y:                         Mark Start        Mark End      Relocate Start    Relocate End   
[13.162s][info][gc,alloc    ] GC(88) y: Allocation Stalls:          0                0                0                0         
[13.162s][info][gc,load     ] GC(88) y: Load: 3.36 (34%) / 3.11 (31%) / 3.17 (32%)
[13.162s][info][gc,mmu      ] GC(88) y: MMU: 2ms/99.0%, 5ms/99.5%, 10ms/99.7%, 20ms/99.7%, 50ms/99.8%, 100ms/99.9%
[13.162s][info][gc,marking  ] GC(88) y: Mark: 2 stripe(s), 2 proactive flush(es), 1 terminate flush(es), 0 completion(s), 0 continuation(s) 
[13.162s][info][gc,marking  ] GC(88) y: Mark Stack Usage: 32M
[13.162s][info][gc,nmethod  ] GC(88) y: NMethods: 1573 registered, 133 unregistered
[13.162s][info][gc,metaspace] GC(88) y: Metaspace: 9M used, 10M committed, 1088M reserved
[13.162s][info][gc,reloc    ] GC(88) y:                        Candidates     Selected     In-Place         Size        Empty    Relocated 
[13.162s][info][gc,reloc    ] GC(88) y: Small Pages:                    2            0            0           4M           2M           0M 
[13.163s][info][gc,reloc    ] GC(88) y: Medium Pages:                  28            0            0         896M         864M           0M 
[13.163s][info][gc,reloc    ] GC(88) y: Large Pages:                    0            0            0           0M           0M           0M 
[13.163s][info][gc,reloc    ] GC(88) y: Forwarding Usage: 0M
[13.163s][info][gc,reloc    ] GC(88) y: Age Table:
[13.163s][info][gc,reloc    ] GC(88) y:                    Live             Garbage             Small              Medium             Large        
[13.163s][info][gc,reloc    ] GC(88) y: Eden               0M (0%)          865M (85%)          1 / 0             27 / 0              0 / 0        
[13.163s][info][gc,reloc    ] GC(88) y: Survivor 1          -                34M (3%)           1 / 0              1 / 0              0 / 0        
[13.163s][info][gc,heap     ] GC(88) y: Min Capacity: 8M(1%)
[13.163s][info][gc,heap     ] GC(88) y: Max Capacity: 1024M(100%)
[13.163s][info][gc,heap     ] GC(88) y: Soft Max Capacity: 1024M(100%)
[13.163s][info][gc,heap     ] GC(88) y: Heap Statistics:
[13.163s][info][gc,heap     ] GC(88) y:                Mark Start          Mark End        Relocate Start      Relocate End           High               Low         
[13.163s][info][gc,heap     ] GC(88) y:  Capacity:     1024M (100%)       1024M (100%)       1024M (100%)       1024M (100%)       1024M (100%)       1024M (100%)   
[13.163s][info][gc,heap     ] GC(88) y:      Free:       82M (8%)           48M (5%)          914M (89%)         914M (89%)         914M (89%)          48M (5%)     
[13.163s][info][gc,heap     ] GC(88) y:      Used:      942M (92%)         976M (95%)         110M (11%)         110M (11%)         976M (95%)         110M (11%)    
[13.163s][info][gc,heap     ] GC(88) y: Young Generation Statistics:
[13.163s][info][gc,heap     ] GC(88) y:                Mark Start          Mark End        Relocate Start      Relocate End    
[13.163s][info][gc,heap     ] GC(88) y:      Used:      900M (88%)         934M (91%)          68M (7%)           68M (7%)     
[13.163s][info][gc,heap     ] GC(88) y:      Live:         -                 0M (0%)            0M (0%)            0M (0%)     
[13.163s][info][gc,heap     ] GC(88) y:   Garbage:         -               899M (88%)          33M (3%)           33M (3%)     
[13.163s][info][gc,heap     ] GC(88) y: Allocated:         -                34M (3%)           34M (3%)           34M (3%)     
[13.163s][info][gc,heap     ] GC(88) y: Reclaimed:         -                  -               866M (85%)         866M (85%)    
[13.163s][info][gc,heap     ] GC(88) y:  Promoted:         -                  -                 0M (0%)            0M (0%)     
[13.163s][info][gc,heap     ] GC(88) y: Compacted:         -                  -                  -                 0M (0%)     
[13.163s][info][gc,phases   ] GC(88) y: Young Generation 942M(92%)->110M(11%) 0.002s
[13.163s][info][gc          ] GC(88) Minor Collection (Allocation Rate) 942M(92%)->110M(11%) 0.002s
[13.233s][info][gc          ] GC(89) Minor Collection (Allocation Rate)
[13.233s][info][gc,task     ] GC(89) Using 3 Workers for Young Generation
[13.233s][info][gc,phases   ] GC(89) y: Young Generation
[13.233s][info][gc,phases   ] GC(89) y: Pause Mark Start 0.006ms
[13.234s][info][gc,phases   ] GC(89) y: Concurrent Mark 0.932ms
[13.234s][info][gc,phases   ] GC(89) y: Pause Mark End 0.004ms
[13.234s][info][gc,phases   ] GC(89) y: Concurrent Mark Free 0.000ms
[13.234s][info][gc,phases   ] GC(89) y: Concurrent Reset Relocation Set 0.000ms
[13.235s][info][gc,reloc    ] GC(89) y: Using tenuring threshold: 1 (Computed)
[13.235s][info][gc,phases   ] GC(89) y: Concurrent Select Relocation Set 1.060ms
[13.235s][info][gc,phases   ] GC(89) y: Pause Relocate Start 0.004ms
[13.236s][info][gc,phases   ] GC(89) y: Concurrent Relocate 0.087ms
[13.236s][info][gc,alloc    ] GC(89) y:                         Mark Start        Mark End      Relocate Start    Relocate End   
[13.236s][info][gc,alloc    ] GC(89) y: Allocation Stalls:          0                0                0                0         
[13.236s][info][gc,load     ] GC(89) y: Load: 3.36 (34%) / 3.11 (31%) / 3.17 (32%)
[13.236s][info][gc,mmu      ] GC(89) y: MMU: 2ms/99.0%, 5ms/99.5%, 10ms/99.7%, 20ms/99.7%, 50ms/99.8%, 100ms/99.9%
[13.236s][info][gc,marking  ] GC(89) y: Mark: 2 stripe(s), 2 proactive flush(es), 1 terminate flush(es), 0 completion(s), 0 continuation(s) 
[13.236s][info][gc,marking  ] GC(89) y: Mark Stack Usage: 32M
[13.236s][info][gc,nmethod  ] GC(89) y: NMethods: 1573 registered, 133 unregistered
[13.236s][info][gc,metaspace] GC(89) y: Metaspace: 9M used, 10M committed, 1088M reserved
[13.236s][info][gc,reloc    ] GC(89) y:                        Candidates     Selected     In-Place         Size        Empty    Relocated 
[13.236s][info][gc,reloc    ] GC(89) y: Small Pages:                    2            0            0           4M           2M           0M 
[13.236s][info][gc,reloc    ] GC(89) y: Medium Pages:                  28            0            0         896M         864M           0M 
[13.236s][info][gc,reloc    ] GC(89) y: Large Pages:                    0            0            0           0M           0M           0M 
[13.236s][info][gc,reloc    ] GC(89) y: Forwarding Usage: 0M
[13.236s][info][gc,reloc    ] GC(89) y: Age Table:
[13.236s][info][gc,reloc    ] GC(89) y:                    Live             Garbage             Small              Medium             Large        
[13.236s][info][gc,reloc    ] GC(89) y: Eden               0M (0%)          865M (84%)          1 / 0             27 / 0              0 / 0        
[13.236s][info][gc,reloc    ] GC(89) y: Survivor 1          -                34M (3%)           1 / 0              1 / 0              0 / 0        
[13.236s][info][gc,heap     ] GC(89) y: Min Capacity: 8M(1%)
[13.236s][info][gc,heap     ] GC(89) y: Max Capacity: 1024M(100%)
[13.236s][info][gc,heap     ] GC(89) y: Soft Max Capacity: 1024M(100%)
[13.236s][info][gc,heap     ] GC(89) y: Heap Statistics:
[13.236s][info][gc,heap     ] GC(89) y:                Mark Start          Mark End        Relocate Start      Relocate End           High               Low         
[13.236s][info][gc,heap     ] GC(89) y:  Capacity:     1024M (100%)       1024M (100%)       1024M (100%)       1024M (100%)       1024M (100%)       1024M (100%)   
[13.236s][info][gc,heap     ] GC(89) y:      Free:       82M (8%)           48M (5%)          914M (89%)         914M (89%)         914M (89%)          48M (5%)     
[13.236s][info][gc,heap     ] GC(89) y:      Used:      942M (92%)         976M (95%)         110M (11%)         110M (11%)         976M (95%)         110M (11%)    
[13.236s][info][gc,heap     ] GC(89) y: Young Generation Statistics:
[13.236s][info][gc,heap     ] GC(89) y:                Mark Start          Mark End        Relocate Start      Relocate End    
[13.236s][info][gc,heap     ] GC(89) y:      Used:      900M (88%)         934M (91%)          68M (7%)           68M (7%)     
[13.236s][info][gc,heap     ] GC(89) y:      Live:         -                 0M (0%)            0M (0%)            0M (0%)     
[13.236s][info][gc,heap     ] GC(89) y:   Garbage:         -               899M (88%)          33M (3%)           33M (3%)     
[13.236s][info][gc,heap     ] GC(89) y: Allocated:         -                34M (3%)           34M (3%)           34M (3%)     
[13.236s][info][gc,heap     ] GC(89) y: Reclaimed:         -                  -               866M (85%)         866M (85%)    
[13.236s][info][gc,heap     ] GC(89) y:  Promoted:         -                  -                 0M (0%)            0M (0%)     
[13.236s][info][gc,heap     ] GC(89) y: Compacted:         -                  -                  -                 0M (0%)     
[13.236s][info][gc,phases   ] GC(89) y: Young Generation 942M(92%)->110M(11%) 0.002s
[13.236s][info][gc          ] GC(89) Minor Collection (Allocation Rate) 942M(92%)->110M(11%) 0.003s
[13.303s][info][gc          ] GC(90) Minor Collection (Allocation Rate)
[13.304s][info][gc,task     ] GC(90) Using 2 Workers for Young Generation
[13.304s][info][gc,phases   ] GC(90) y: Young Generation
[13.304s][info][gc,phases   ] GC(90) y: Pause Mark Start 0.008ms
[13.305s][info][gc,phases   ] GC(90) y: Concurrent Mark 1.225ms
[13.305s][info][gc,phases   ] GC(90) y: Pause Mark End 0.006ms
[13.305s][info][gc,phases   ] GC(90) y: Concurrent Mark Free 0.000ms
[13.305s][info][gc,phases   ] GC(90) y: Concurrent Reset Relocation Set 0.000ms
[13.306s][info][gc,reloc    ] GC(90) y: Using tenuring threshold: 1 (Computed)
[13.306s][info][gc,phases   ] GC(90) y: Concurrent Select Relocation Set 1.036ms
[13.306s][info][gc,phases   ] GC(90) y: Pause Relocate Start 0.004ms
[13.306s][info][gc,phases   ] GC(90) y: Concurrent Relocate 0.019ms
[13.306s][info][gc,alloc    ] GC(90) y:                         Mark Start        Mark End      Relocate Start    Relocate End   
[13.306s][info][gc,alloc    ] GC(90) y: Allocation Stalls:          0                0                0                0         
[13.306s][info][gc,load     ] GC(90) y: Load: 3.36 (34%) / 3.11 (31%) / 3.17 (32%)
[13.306s][info][gc,mmu      ] GC(90) y: MMU: 2ms/99.0%, 5ms/99.5%, 10ms/99.7%, 20ms/99.7%, 50ms/99.8%, 100ms/99.9%
[13.306s][info][gc,marking  ] GC(90) y: Mark: 2 stripe(s), 2 proactive flush(es), 1 terminate flush(es), 0 completion(s), 0 continuation(s) 
[13.306s][info][gc,marking  ] GC(90) y: Mark Stack Usage: 32M
[13.306s][info][gc,nmethod  ] GC(90) y: NMethods: 1573 registered, 133 unregistered
[13.306s][info][gc,metaspace] GC(90) y: Metaspace: 9M used, 10M committed, 1088M reserved
[13.306s][info][gc,reloc    ] GC(90) y:                        Candidates     Selected     In-Place         Size        Empty    Relocated 
[13.306s][info][gc,reloc    ] GC(90) y: Small Pages:                    2            0            0           4M           2M           0M 
[13.306s][info][gc,reloc    ] GC(90) y: Medium Pages:                  27            0            0         864M         832M           0M 
[13.306s][info][gc,reloc    ] GC(90) y: Large Pages:                    0            0            0           0M           0M           0M 
[13.306s][info][gc,reloc    ] GC(90) y: Forwarding Usage: 0M
[13.306s][info][gc,reloc    ] GC(90) y: Age Table:
[13.306s][info][gc,reloc    ] GC(90) y:                    Live             Garbage             Small              Medium             Large        
[13.306s][info][gc,reloc    ] GC(90) y: Eden               0M (0%)          833M (81%)          1 / 0             26 / 0              0 / 0        
[13.306s][info][gc,reloc    ] GC(90) y: Survivor 1          -                34M (3%)           1 / 0              1 / 0              0 / 0        
[13.306s][info][gc,heap     ] GC(90) y: Min Capacity: 8M(1%)
[13.306s][info][gc,heap     ] GC(90) y: Max Capacity: 1024M(100%)
[13.306s][info][gc,heap     ] GC(90) y: Soft Max Capacity: 1024M(100%)
[13.306s][info][gc,heap     ] GC(90) y: Heap Statistics:
[13.306s][info][gc,heap     ] GC(90) y:                Mark Start          Mark End        Relocate Start      Relocate End           High               Low         
[13.306s][info][gc,heap     ] GC(90) y:  Capacity:     1024M (100%)       1024M (100%)       1024M (100%)       1024M (100%)       1024M (100%)       1024M (100%)   
[13.306s][info][gc,heap     ] GC(90) y:      Free:      114M (11%)          80M (8%)          914M (89%)         914M (89%)         914M (89%)          80M (8%)     
[13.306s][info][gc,heap     ] GC(90) y:      Used:      910M (89%)         944M (92%)         110M (11%)         110M (11%)         944M (92%)         110M (11%)    
[13.306s][info][gc,heap     ] GC(90) y: Young Generation Statistics:
[13.306s][info][gc,heap     ] GC(90) y:                Mark Start          Mark End        Relocate Start      Relocate End    
[13.306s][info][gc,heap     ] GC(90) y:      Used:      868M (85%)         902M (88%)          68M (7%)           68M (7%)     
[13.306s][info][gc,heap     ] GC(90) y:      Live:         -                 0M (0%)            0M (0%)            0M (0%)     
[13.306s][info][gc,heap     ] GC(90) y:   Garbage:         -               867M (85%)          33M (3%)           33M (3%)     
[13.306s][info][gc,heap     ] GC(90) y: Allocated:         -                34M (3%)           34M (3%)           34M (3%)     
[13.306s][info][gc,heap     ] GC(90) y: Reclaimed:         -                  -               834M (81%)         834M (81%)    
[13.306s][info][gc,heap     ] GC(90) y:  Promoted:         -                  -                 0M (0%)            0M (0%)     
[13.306s][info][gc,heap     ] GC(90) y: Compacted:         -                  -                  -                 0M (0%)     
[13.306s][info][gc,phases   ] GC(90) y: Young Generation 910M(89%)->110M(11%) 0.003s
[13.306s][info][gc          ] GC(90) Minor Collection (Allocation Rate) 910M(89%)->110M(11%) 0.003s
[13.374s][info][gc          ] GC(91) Minor Collection (Allocation Rate)
[13.374s][info][gc,task     ] GC(91) Using 2 Workers for Young Generation
[13.374s][info][gc,phases   ] GC(91) y: Young Generation
[13.374s][info][gc,phases   ] GC(91) y: Pause Mark Start 0.005ms
[13.375s][info][gc,phases   ] GC(91) y: Concurrent Mark 1.368ms
[13.375s][info][gc,phases   ] GC(91) y: Pause Mark End 0.005ms
[13.375s][info][gc,phases   ] GC(91) y: Concurrent Mark Free 0.000ms
[13.375s][info][gc,phases   ] GC(91) y: Concurrent Reset Relocation Set 0.000ms
[13.376s][info][gc,reloc    ] GC(91) y: Using tenuring threshold: 1 (Computed)
[13.376s][info][gc,phases   ] GC(91) y: Concurrent Select Relocation Set 1.069ms
[13.376s][info][gc,phases   ] GC(91) y: Pause Relocate Start 0.003ms
[13.376s][info][gc,phases   ] GC(91) y: Concurrent Relocate 0.015ms
[13.377s][info][gc,alloc    ] GC(91) y:                         Mark Start        Mark End      Relocate Start    Relocate End   
[13.377s][info][gc,alloc    ] GC(91) y: Allocation Stalls:          0                0                0                0         
[13.377s][info][gc,load     ] GC(91) y: Load: 3.36 (34%) / 3.11 (31%) / 3.17 (32%)
[13.377s][info][gc,mmu      ] GC(91) y: MMU: 2ms/99.0%, 5ms/99.5%, 10ms/99.7%, 20ms/99.7%, 50ms/99.8%, 100ms/99.9%
[13.377s][info][gc,marking  ] GC(91) y: Mark: 2 stripe(s), 2 proactive flush(es), 1 terminate flush(es), 0 completion(s), 0 continuation(s) 
[13.377s][info][gc,marking  ] GC(91) y: Mark Stack Usage: 32M
[13.377s][info][gc,nmethod  ] GC(91) y: NMethods: 1573 registered, 133 unregistered
[13.377s][info][gc,metaspace] GC(91) y: Metaspace: 9M used, 10M committed, 1088M reserved
[13.377s][info][gc,reloc    ] GC(91) y:                        Candidates     Selected     In-Place         Size        Empty    Relocated 
[13.377s][info][gc,reloc    ] GC(91) y: Small Pages:                    2            0            0           4M           2M           0M 
[13.377s][info][gc,reloc    ] GC(91) y: Medium Pages:                  27            0            0         864M         832M           0M 
[13.377s][info][gc,reloc    ] GC(91) y: Large Pages:                    0            0            0           0M           0M           0M 
[13.377s][info][gc,reloc    ] GC(91) y: Forwarding Usage: 0M
[13.377s][info][gc,reloc    ] GC(91) y: Age Table:
[13.377s][info][gc,reloc    ] GC(91) y:                    Live             Garbage             Small              Medium             Large        
[13.377s][info][gc,reloc    ] GC(91) y: Eden               0M (0%)          833M (81%)          1 / 0             26 / 0              0 / 0        
[13.377s][info][gc,reloc    ] GC(91) y: Survivor 1          -                34M (3%)           1 / 0              1 / 0              0 / 0        
[13.377s][info][gc,heap     ] GC(91) y: Min Capacity: 8M(1%)
[13.377s][info][gc,heap     ] GC(91) y: Max Capacity: 1024M(100%)
[13.377s][info][gc,heap     ] GC(91) y: Soft Max Capacity: 1024M(100%)
[13.377s][info][gc,heap     ] GC(91) y: Heap Statistics:
[13.377s][info][gc,heap     ] GC(91) y:                Mark Start          Mark End        Relocate Start      Relocate End           High               Low         
[13.377s][info][gc,heap     ] GC(91) y:  Capacity:     1024M (100%)       1024M (100%)       1024M (100%)       1024M (100%)       1024M (100%)       1024M (100%)   
[13.377s][info][gc,heap     ] GC(91) y:      Free:      114M (11%)          80M (8%)          914M (89%)         914M (89%)         914M (89%)          80M (8%)     
[13.377s][info][gc,heap     ] GC(91) y:      Used:      910M (89%)         944M (92%)         110M (11%)         110M (11%)         944M (92%)         110M (11%)    
[13.377s][info][gc,heap     ] GC(91) y: Young Generation Statistics:
[13.377s][info][gc,heap     ] GC(91) y:                Mark Start          Mark End        Relocate Start      Relocate End    
[13.377s][info][gc,heap     ] GC(91) y:      Used:      868M (85%)         902M (88%)          68M (7%)           68M (7%)     
[13.377s][info][gc,heap     ] GC(91) y:      Live:         -                 0M (0%)            0M (0%)            0M (0%)     
[13.377s][info][gc,heap     ] GC(91) y:   Garbage:         -               867M (85%)          33M (3%)           33M (3%)     
[13.377s][info][gc,heap     ] GC(91) y: Allocated:         -                34M (3%)           34M (3%)           34M (3%)     
[13.377s][info][gc,heap     ] GC(91) y: Reclaimed:         -                  -               834M (81%)         834M (81%)    
[13.377s][info][gc,heap     ] GC(91) y:  Promoted:         -                  -                 0M (0%)            0M (0%)     
[13.377s][info][gc,heap     ] GC(91) y: Compacted:         -                  -                  -                 0M (0%)     
[13.377s][info][gc,phases   ] GC(91) y: Young Generation 910M(89%)->110M(11%) 0.003s
[13.377s][info][gc          ] GC(91) Minor Collection (Allocation Rate) 910M(89%)->110M(11%) 0.003s
[13.444s][info][gc          ] GC(92) Minor Collection (Allocation Rate)
[13.444s][info][gc,task     ] GC(92) Using 2 Workers for Young Generation
[13.444s][info][gc,phases   ] GC(92) y: Young Generation
[13.444s][info][gc,phases   ] GC(92) y: Pause Mark Start 0.005ms
[13.445s][info][gc,phases   ] GC(92) y: Concurrent Mark 1.176ms
[13.445s][info][gc,phases   ] GC(92) y: Pause Mark End 0.005ms
[13.445s][info][gc,phases   ] GC(92) y: Concurrent Mark Free 0.000ms
[13.445s][info][gc,phases   ] GC(92) y: Concurrent Reset Relocation Set 0.000ms
[13.446s][info][gc,reloc    ] GC(92) y: Using tenuring threshold: 1 (Computed)
[13.446s][info][gc,phases   ] GC(92) y: Concurrent Select Relocation Set 1.028ms
[13.446s][info][gc,phases   ] GC(92) y: Pause Relocate Start 0.003ms
[13.446s][info][gc,phases   ] GC(92) y: Concurrent Relocate 0.030ms
[13.446s][info][gc,alloc    ] GC(92) y:                         Mark Start        Mark End      Relocate Start    Relocate End   
[13.446s][info][gc,alloc    ] GC(92) y: Allocation Stalls:          0                0                0                0         
[13.446s][info][gc,load     ] GC(92) y: Load: 3.36 (34%) / 3.11 (31%) / 3.17 (32%)
[13.446s][info][gc,mmu      ] GC(92) y: MMU: 2ms/99.0%, 5ms/99.5%, 10ms/99.7%, 20ms/99.7%, 50ms/99.8%, 100ms/99.9%
[13.446s][info][gc,marking  ] GC(92) y: Mark: 2 stripe(s), 2 proactive flush(es), 1 terminate flush(es), 0 completion(s), 0 continuation(s) 
[13.447s][info][gc,marking  ] GC(92) y: Mark Stack Usage: 32M
[13.447s][info][gc,nmethod  ] GC(92) y: NMethods: 1573 registered, 133 unregistered
[13.447s][info][gc,metaspace] GC(92) y: Metaspace: 9M used, 10M committed, 1088M reserved
[13.447s][info][gc,reloc    ] GC(92) y:                        Candidates     Selected     In-Place         Size        Empty    Relocated 
[13.447s][info][gc,reloc    ] GC(92) y: Small Pages:                    2            0            0           4M           2M           0M 
[13.447s][info][gc,reloc    ] GC(92) y: Medium Pages:                  27            0            0         864M         832M           0M 
[13.447s][info][gc,reloc    ] GC(92) y: Large Pages:                    0            0            0           0M           0M           0M 
[13.447s][info][gc,reloc    ] GC(92) y: Forwarding Usage: 0M
[13.447s][info][gc,reloc    ] GC(92) y: Age Table:
[13.447s][info][gc,reloc    ] GC(92) y:                    Live             Garbage             Small              Medium             Large        
[13.447s][info][gc,reloc    ] GC(92) y: Eden               0M (0%)          833M (81%)          1 / 0             26 / 0              0 / 0        
[13.447s][info][gc,reloc    ] GC(92) y: Survivor 1          -                34M (3%)           1 / 0              1 / 0              0 / 0        
[13.447s][info][gc,heap     ] GC(92) y: Min Capacity: 8M(1%)
[13.447s][info][gc,heap     ] GC(92) y: Max Capacity: 1024M(100%)
[13.447s][info][gc,heap     ] GC(92) y: Soft Max Capacity: 1024M(100%)
[13.447s][info][gc,heap     ] GC(92) y: Heap Statistics:
[13.447s][info][gc,heap     ] GC(92) y:                Mark Start          Mark End        Relocate Start      Relocate End           High               Low         
[13.447s][info][gc,heap     ] GC(92) y:  Capacity:     1024M (100%)       1024M (100%)       1024M (100%)       1024M (100%)       1024M (100%)       1024M (100%)   
[13.447s][info][gc,heap     ] GC(92) y:      Free:      114M (11%)          80M (8%)          914M (89%)         914M (89%)         914M (89%)          80M (8%)     
[13.447s][info][gc,heap     ] GC(92) y:      Used:      910M (89%)         944M (92%)         110M (11%)         110M (11%)         944M (92%)         110M (11%)    
[13.447s][info][gc,heap     ] GC(92) y: Young Generation Statistics:
[13.447s][info][gc,heap     ] GC(92) y:                Mark Start          Mark End        Relocate Start      Relocate End    
[13.447s][info][gc,heap     ] GC(92) y:      Used:      868M (85%)         902M (88%)          68M (7%)           68M (7%)     
[13.447s][info][gc,heap     ] GC(92) y:      Live:         -                 0M (0%)            0M (0%)            0M (0%)     
[13.447s][info][gc,heap     ] GC(92) y:   Garbage:         -               867M (85%)          33M (3%)           33M (3%)     
[13.447s][info][gc,heap     ] GC(92) y: Allocated:         -                34M (3%)           34M (3%)           34M (3%)     
[13.447s][info][gc,heap     ] GC(92) y: Reclaimed:         -                  -               834M (81%)         834M (81%)    
[13.447s][info][gc,heap     ] GC(92) y:  Promoted:         -                  -                 0M (0%)            0M (0%)     
[13.447s][info][gc,heap     ] GC(92) y: Compacted:         -                  -                  -                 0M (0%)     
[13.447s][info][gc,phases   ] GC(92) y: Young Generation 910M(89%)->110M(11%) 0.003s
[13.447s][info][gc          ] GC(92) Minor Collection (Allocation Rate) 910M(89%)->110M(11%) 0.003s
[13.511s][info][gc          ] GC(93) Minor Collection (Allocation Rate)
[13.511s][info][gc,task     ] GC(93) Using 1 Workers for Young Generation
[13.511s][info][gc,phases   ] GC(93) y: Young Generation
[13.511s][info][gc,phases   ] GC(93) y: Pause Mark Start 0.005ms
[13.514s][info][gc,phases   ] GC(93) y: Concurrent Mark 2.244ms
[13.514s][info][gc,phases   ] GC(93) y: Pause Mark End 0.006ms
[13.514s][info][gc,phases   ] GC(93) y: Concurrent Mark Free 0.000ms
[13.514s][info][gc,phases   ] GC(93) y: Concurrent Reset Relocation Set 0.000ms
[13.515s][info][gc,reloc    ] GC(93) y: Using tenuring threshold: 1 (Computed)
[13.515s][info][gc,phases   ] GC(93) y: Concurrent Select Relocation Set 1.113ms
[13.515s][info][gc,phases   ] GC(93) y: Pause Relocate Start 0.004ms
[13.515s][info][gc,phases   ] GC(93) y: Concurrent Relocate 0.028ms
[13.515s][info][gc,alloc    ] GC(93) y:                         Mark Start        Mark End      Relocate Start    Relocate End   
[13.515s][info][gc,alloc    ] GC(93) y: Allocation Stalls:          0                0                0                0         
[13.515s][info][gc,load     ] GC(93) y: Load: 3.18 (32%) / 3.07 (31%) / 3.16 (32%)
[13.515s][info][gc,mmu      ] GC(93) y: MMU: 2ms/99.0%, 5ms/99.5%, 10ms/99.7%, 20ms/99.7%, 50ms/99.8%, 100ms/99.9%
[13.515s][info][gc,marking  ] GC(93) y: Mark: 1 stripe(s), 2 proactive flush(es), 1 terminate flush(es), 0 completion(s), 0 continuation(s) 
[13.515s][info][gc,marking  ] GC(93) y: Mark Stack Usage: 32M
[13.515s][info][gc,nmethod  ] GC(93) y: NMethods: 1573 registered, 133 unregistered
[13.515s][info][gc,metaspace] GC(93) y: Metaspace: 9M used, 10M committed, 1088M reserved
[13.515s][info][gc,reloc    ] GC(93) y:                        Candidates     Selected     In-Place         Size        Empty    Relocated 
[13.515s][info][gc,reloc    ] GC(93) y: Small Pages:                    2            0            0           4M           2M           0M 
[13.515s][info][gc,reloc    ] GC(93) y: Medium Pages:                  26            0            0         832M         800M           0M 
[13.515s][info][gc,reloc    ] GC(93) y: Large Pages:                    0            0            0           0M           0M           0M 
[13.515s][info][gc,reloc    ] GC(93) y: Forwarding Usage: 0M
[13.515s][info][gc,reloc    ] GC(93) y: Age Table:
[13.515s][info][gc,reloc    ] GC(93) y:                    Live             Garbage             Small              Medium             Large        
[13.515s][info][gc,reloc    ] GC(93) y: Eden               0M (0%)          801M (78%)          1 / 0             25 / 0              0 / 0        
[13.515s][info][gc,reloc    ] GC(93) y: Survivor 1          -                34M (3%)           1 / 0              1 / 0              0 / 0        
[13.515s][info][gc,heap     ] GC(93) y: Min Capacity: 8M(1%)
[13.515s][info][gc,heap     ] GC(93) y: Max Capacity: 1024M(100%)
[13.515s][info][gc,heap     ] GC(93) y: Soft Max Capacity: 1024M(100%)
[13.515s][info][gc,heap     ] GC(93) y: Heap Statistics:
[13.515s][info][gc,heap     ] GC(93) y:                Mark Start          Mark End        Relocate Start      Relocate End           High               Low         
[13.515s][info][gc,heap     ] GC(93) y:  Capacity:     1024M (100%)       1024M (100%)       1024M (100%)       1024M (100%)       1024M (100%)       1024M (100%)   
[13.515s][info][gc,heap     ] GC(93) y:      Free:      146M (14%)         112M (11%)         882M (86%)         882M (86%)         882M (86%)          80M (8%)     
[13.515s][info][gc,heap     ] GC(93) y:      Used:      878M (86%)         912M (89%)         142M (14%)         142M (14%)         944M (92%)         142M (14%)    
[13.515s][info][gc,heap     ] GC(93) y: Young Generation Statistics:
[13.515s][info][gc,heap     ] GC(93) y:                Mark Start          Mark End        Relocate Start      Relocate End    
[13.515s][info][gc,heap     ] GC(93) y:      Used:      836M (82%)         870M (85%)         100M (10%)         100M (10%)    
[13.515s][info][gc,heap     ] GC(93) y:      Live:         -                 0M (0%)            0M (0%)            0M (0%)     
[13.515s][info][gc,heap     ] GC(93) y:   Garbage:         -               835M (82%)          33M (3%)           33M (3%)     
[13.515s][info][gc,heap     ] GC(93) y: Allocated:         -                34M (3%)           66M (6%)           66M (6%)     
[13.515s][info][gc,heap     ] GC(93) y: Reclaimed:         -                  -               802M (78%)         802M (78%)    
[13.515s][info][gc,heap     ] GC(93) y:  Promoted:         -                  -                 0M (0%)            0M (0%)     
[13.515s][info][gc,heap     ] GC(93) y: Compacted:         -                  -                  -                 0M (0%)     
[13.515s][info][gc,phases   ] GC(93) y: Young Generation 878M(86%)->142M(14%) 0.004s
[13.515s][info][gc          ] GC(93) Minor Collection (Allocation Rate) 878M(86%)->142M(14%) 0.004s
[13.584s][info][gc          ] GC(94) Minor Collection (Allocation Rate)
[13.584s][info][gc,task     ] GC(94) Using 3 Workers for Young Generation
[13.584s][info][gc,phases   ] GC(94) y: Young Generation
[13.585s][info][gc,phases   ] GC(94) y: Pause Mark Start 0.005ms
[13.586s][info][gc,phases   ] GC(94) y: Concurrent Mark 1.015ms
[13.586s][info][gc,phases   ] GC(94) y: Pause Mark End 0.005ms
[13.586s][info][gc,phases   ] GC(94) y: Concurrent Mark Free 0.000ms
[13.586s][info][gc,phases   ] GC(94) y: Concurrent Reset Relocation Set 0.000ms
[13.587s][info][gc,reloc    ] GC(94) y: Using tenuring threshold: 1 (Computed)
[13.587s][info][gc,phases   ] GC(94) y: Concurrent Select Relocation Set 1.101ms
[13.587s][info][gc,phases   ] GC(94) y: Pause Relocate Start 0.004ms
[13.587s][info][gc,phases   ] GC(94) y: Concurrent Relocate 0.048ms
[13.587s][info][gc,alloc    ] GC(94) y:                         Mark Start        Mark End      Relocate Start    Relocate End   
[13.587s][info][gc,alloc    ] GC(94) y: Allocation Stalls:          0                0                0                0         
[13.587s][info][gc,load     ] GC(94) y: Load: 3.18 (32%) / 3.07 (31%) / 3.16 (32%)
[13.587s][info][gc,mmu      ] GC(94) y: MMU: 2ms/99.0%, 5ms/99.5%, 10ms/99.7%, 20ms/99.7%, 50ms/99.8%, 100ms/99.9%
[13.587s][info][gc,marking  ] GC(94) y: Mark: 2 stripe(s), 2 proactive flush(es), 1 terminate flush(es), 0 completion(s), 0 continuation(s) 
[13.587s][info][gc,marking  ] GC(94) y: Mark Stack Usage: 32M
[13.587s][info][gc,nmethod  ] GC(94) y: NMethods: 1573 registered, 133 unregistered
[13.587s][info][gc,metaspace] GC(94) y: Metaspace: 9M used, 10M committed, 1088M reserved
[13.587s][info][gc,reloc    ] GC(94) y:                        Candidates     Selected     In-Place         Size        Empty    Relocated 
[13.587s][info][gc,reloc    ] GC(94) y: Small Pages:                    2            0            0           4M           2M           0M 
[13.587s][info][gc,reloc    ] GC(94) y: Medium Pages:                  28            0            0         896M         864M           0M 
[13.587s][info][gc,reloc    ] GC(94) y: Large Pages:                    0            0            0           0M           0M           0M 
[13.587s][info][gc,reloc    ] GC(94) y: Forwarding Usage: 0M
[13.587s][info][gc,reloc    ] GC(94) y: Age Table:
[13.587s][info][gc,reloc    ] GC(94) y:                    Live             Garbage             Small              Medium             Large        
[13.587s][info][gc,reloc    ] GC(94) y: Eden               0M (0%)          865M (85%)          1 / 0             27 / 0              0 / 0        
[13.587s][info][gc,reloc    ] GC(94) y: Survivor 1          -                34M (3%)           1 / 0              1 / 0              0 / 0        
[13.587s][info][gc,heap     ] GC(94) y: Min Capacity: 8M(1%)
[13.587s][info][gc,heap     ] GC(94) y: Max Capacity: 1024M(100%)
[13.587s][info][gc,heap     ] GC(94) y: Soft Max Capacity: 1024M(100%)
[13.587s][info][gc,heap     ] GC(94) y: Heap Statistics:
[13.587s][info][gc,heap     ] GC(94) y:                Mark Start          Mark End        Relocate Start      Relocate End           High               Low         
[13.587s][info][gc,heap     ] GC(94) y:  Capacity:     1024M (100%)       1024M (100%)       1024M (100%)       1024M (100%)       1024M (100%)       1024M (100%)   
[13.587s][info][gc,heap     ] GC(94) y:      Free:       82M (8%)           48M (5%)          914M (89%)         914M (89%)         914M (89%)          48M (5%)     
[13.587s][info][gc,heap     ] GC(94) y:      Used:      942M (92%)         976M (95%)         110M (11%)         110M (11%)         976M (95%)         110M (11%)    
[13.587s][info][gc,heap     ] GC(94) y: Young Generation Statistics:
[13.587s][info][gc,heap     ] GC(94) y:                Mark Start          Mark End        Relocate Start      Relocate End    
[13.587s][info][gc,heap     ] GC(94) y:      Used:      900M (88%)         934M (91%)          68M (7%)           68M (7%)     
[13.587s][info][gc,heap     ] GC(94) y:      Live:         -                 0M (0%)            0M (0%)            0M (0%)     
[13.587s][info][gc,heap     ] GC(94) y:   Garbage:         -               899M (88%)          33M (3%)           33M (3%)     
[13.587s][info][gc,heap     ] GC(94) y: Allocated:         -                34M (3%)           34M (3%)           34M (3%)     
[13.587s][info][gc,heap     ] GC(94) y: Reclaimed:         -                  -               866M (85%)         866M (85%)    
[13.587s][info][gc,heap     ] GC(94) y:  Promoted:         -                  -                 0M (0%)            0M (0%)     
[13.587s][info][gc,heap     ] GC(94) y: Compacted:         -                  -                  -                 0M (0%)     
[13.587s][info][gc,phases   ] GC(94) y: Young Generation 942M(92%)->110M(11%) 0.003s
[13.587s][info][gc          ] GC(94) Minor Collection (Allocation Rate) 942M(92%)->110M(11%) 0.003s
[13.649s][info][gc          ] GC(95) Minor Collection (Allocation Rate)
[13.649s][info][gc,task     ] GC(95) Using 1 Workers for Young Generation
[13.649s][info][gc,phases   ] GC(95) y: Young Generation
[13.649s][info][gc,phases   ] GC(95) y: Pause Mark Start 0.005ms
[13.651s][info][gc,phases   ] GC(95) y: Concurrent Mark 1.884ms
[13.651s][info][gc,phases   ] GC(95) y: Pause Mark End 0.005ms
[13.651s][info][gc,phases   ] GC(95) y: Concurrent Mark Free 0.000ms
[13.651s][info][gc,phases   ] GC(95) y: Concurrent Reset Relocation Set 0.000ms
[13.652s][info][gc,reloc    ] GC(95) y: Using tenuring threshold: 1 (Computed)
[13.652s][info][gc,phases   ] GC(95) y: Concurrent Select Relocation Set 1.031ms
[13.652s][info][gc,phases   ] GC(95) y: Pause Relocate Start 0.003ms
[13.652s][info][gc,phases   ] GC(95) y: Concurrent Relocate 0.024ms
[13.652s][info][gc,alloc    ] GC(95) y:                         Mark Start        Mark End      Relocate Start    Relocate End   
[13.652s][info][gc,alloc    ] GC(95) y: Allocation Stalls:          0                0                0                0         
[13.652s][info][gc,load     ] GC(95) y: Load: 3.18 (32%) / 3.07 (31%) / 3.16 (32%)
[13.652s][info][gc,mmu      ] GC(95) y: MMU: 2ms/99.0%, 5ms/99.5%, 10ms/99.7%, 20ms/99.7%, 50ms/99.8%, 100ms/99.9%
[13.652s][info][gc,marking  ] GC(95) y: Mark: 1 stripe(s), 2 proactive flush(es), 1 terminate flush(es), 0 completion(s), 0 continuation(s) 
[13.652s][info][gc,marking  ] GC(95) y: Mark Stack Usage: 32M
[13.652s][info][gc,nmethod  ] GC(95) y: NMethods: 1573 registered, 133 unregistered
[13.652s][info][gc,metaspace] GC(95) y: Metaspace: 9M used, 10M committed, 1088M reserved
[13.652s][info][gc,reloc    ] GC(95) y:                        Candidates     Selected     In-Place         Size        Empty    Relocated 
[13.652s][info][gc,reloc    ] GC(95) y: Small Pages:                    2            0            0           4M           2M           0M 
[13.652s][info][gc,reloc    ] GC(95) y: Medium Pages:                  25            0            0         800M         768M           0M 
[13.652s][info][gc,reloc    ] GC(95) y: Large Pages:                    0            0            0           0M           0M           0M 
[13.652s][info][gc,reloc    ] GC(95) y: Forwarding Usage: 0M
[13.652s][info][gc,reloc    ] GC(95) y: Age Table:
[13.652s][info][gc,reloc    ] GC(95) y:                    Live             Garbage             Small              Medium             Large        
[13.652s][info][gc,reloc    ] GC(95) y: Eden               0M (0%)          769M (75%)          1 / 0             24 / 0              0 / 0        
[13.652s][info][gc,reloc    ] GC(95) y: Survivor 1          -                34M (3%)           1 / 0              1 / 0              0 / 0        
[13.652s][info][gc,heap     ] GC(95) y: Min Capacity: 8M(1%)
[13.652s][info][gc,heap     ] GC(95) y: Max Capacity: 1024M(100%)
[13.652s][info][gc,heap     ] GC(95) y: Soft Max Capacity: 1024M(100%)
[13.652s][info][gc,heap     ] GC(95) y: Heap Statistics:
[13.652s][info][gc,heap     ] GC(95) y:                Mark Start          Mark End        Relocate Start      Relocate End           High               Low         
[13.652s][info][gc,heap     ] GC(95) y:  Capacity:     1024M (100%)       1024M (100%)       1024M (100%)       1024M (100%)       1024M (100%)       1024M (100%)   
[13.652s][info][gc,heap     ] GC(95) y:      Free:      178M (17%)         144M (14%)         914M (89%)         914M (89%)         914M (89%)         144M (14%)    
[13.652s][info][gc,heap     ] GC(95) y:      Used:      846M (83%)         880M (86%)         110M (11%)         110M (11%)         880M (86%)         110M (11%)    
[13.652s][info][gc,heap     ] GC(95) y: Young Generation Statistics:
[13.652s][info][gc,heap     ] GC(95) y:                Mark Start          Mark End        Relocate Start      Relocate End    
[13.653s][info][gc,heap     ] GC(95) y:      Used:      804M (79%)         838M (82%)          68M (7%)           68M (7%)     
[13.653s][info][gc,heap     ] GC(95) y:      Live:         -                 0M (0%)            0M (0%)            0M (0%)     
[13.653s][info][gc,heap     ] GC(95) y:   Garbage:         -               803M (78%)          33M (3%)           33M (3%)     
[13.653s][info][gc,heap     ] GC(95) y: Allocated:         -                34M (3%)           34M (3%)           34M (3%)     
[13.653s][info][gc,heap     ] GC(95) y: Reclaimed:         -                  -               770M (75%)         770M (75%)    
[13.653s][info][gc,heap     ] GC(95) y:  Promoted:         -                  -                 0M (0%)            0M (0%)     
[13.653s][info][gc,heap     ] GC(95) y: Compacted:         -                  -                  -                 0M (0%)     
[13.653s][info][gc,phases   ] GC(95) y: Young Generation 846M(83%)->110M(11%) 0.003s
[13.653s][info][gc          ] GC(95) Minor Collection (Allocation Rate) 846M(83%)->142M(14%) 0.003s
[13.723s][info][gc          ] GC(96) Minor Collection (Allocation Rate)
[13.723s][info][gc,task     ] GC(96) Using 3 Workers for Young Generation
[13.723s][info][gc,phases   ] GC(96) y: Young Generation
[13.723s][info][gc,phases   ] GC(96) y: Pause Mark Start 0.006ms
[13.725s][info][gc,phases   ] GC(96) y: Concurrent Mark 1.062ms
[13.725s][info][gc,phases   ] GC(96) y: Pause Mark End 0.005ms
[13.725s][info][gc,phases   ] GC(96) y: Concurrent Mark Free 0.000ms
[13.725s][info][gc,phases   ] GC(96) y: Concurrent Reset Relocation Set 0.000ms
[13.726s][info][gc,reloc    ] GC(96) y: Using tenuring threshold: 1 (Computed)
[13.726s][info][gc,phases   ] GC(96) y: Concurrent Select Relocation Set 1.073ms
[13.726s][info][gc,phases   ] GC(96) y: Pause Relocate Start 0.004ms
[13.726s][info][gc,phases   ] GC(96) y: Concurrent Relocate 0.029ms
[13.726s][info][gc,alloc    ] GC(96) y:                         Mark Start        Mark End      Relocate Start    Relocate End   
[13.726s][info][gc,alloc    ] GC(96) y: Allocation Stalls:          0                0                0                0         
[13.726s][info][gc,load     ] GC(96) y: Load: 3.18 (32%) / 3.07 (31%) / 3.16 (32%)
[13.726s][info][gc,mmu      ] GC(96) y: MMU: 2ms/99.0%, 5ms/99.5%, 10ms/99.7%, 20ms/99.7%, 50ms/99.8%, 100ms/99.9%
[13.726s][info][gc,marking  ] GC(96) y: Mark: 2 stripe(s), 2 proactive flush(es), 1 terminate flush(es), 0 completion(s), 0 continuation(s) 
[13.726s][info][gc,marking  ] GC(96) y: Mark Stack Usage: 32M
[13.726s][info][gc,nmethod  ] GC(96) y: NMethods: 1573 registered, 133 unregistered
[13.726s][info][gc,metaspace] GC(96) y: Metaspace: 9M used, 10M committed, 1088M reserved
[13.726s][info][gc,reloc    ] GC(96) y:                        Candidates     Selected     In-Place         Size        Empty    Relocated 
[13.726s][info][gc,reloc    ] GC(96) y: Small Pages:                    2            0            0           4M           2M           0M 
[13.726s][info][gc,reloc    ] GC(96) y: Medium Pages:                  28            0            0         896M         864M           0M 
[13.726s][info][gc,reloc    ] GC(96) y: Large Pages:                    0            0            0           0M           0M           0M 
[13.726s][info][gc,reloc    ] GC(96) y: Forwarding Usage: 0M
[13.726s][info][gc,reloc    ] GC(96) y: Age Table:
[13.726s][info][gc,reloc    ] GC(96) y:                    Live             Garbage             Small              Medium             Large        
[13.726s][info][gc,reloc    ] GC(96) y: Eden               0M (0%)          865M (84%)          1 / 0             27 / 0              0 / 0        
[13.726s][info][gc,reloc    ] GC(96) y: Survivor 1          -                34M (3%)           1 / 0              1 / 0              0 / 0        
[13.726s][info][gc,heap     ] GC(96) y: Min Capacity: 8M(1%)
[13.726s][info][gc,heap     ] GC(96) y: Max Capacity: 1024M(100%)
[13.726s][info][gc,heap     ] GC(96) y: Soft Max Capacity: 1024M(100%)
[13.726s][info][gc,heap     ] GC(96) y: Heap Statistics:
[13.726s][info][gc,heap     ] GC(96) y:                Mark Start          Mark End        Relocate Start      Relocate End           High               Low         
[13.726s][info][gc,heap     ] GC(96) y:  Capacity:     1024M (100%)       1024M (100%)       1024M (100%)       1024M (100%)       1024M (100%)       1024M (100%)   
[13.726s][info][gc,heap     ] GC(96) y:      Free:       82M (8%)           48M (5%)          914M (89%)         914M (89%)         914M (89%)          48M (5%)     
[13.726s][info][gc,heap     ] GC(96) y:      Used:      942M (92%)         976M (95%)         110M (11%)         110M (11%)         976M (95%)         110M (11%)    
[13.726s][info][gc,heap     ] GC(96) y: Young Generation Statistics:
[13.726s][info][gc,heap     ] GC(96) y:                Mark Start          Mark End        Relocate Start      Relocate End    
[13.726s][info][gc,heap     ] GC(96) y:      Used:      900M (88%)         934M (91%)          68M (7%)           68M (7%)     
[13.726s][info][gc,heap     ] GC(96) y:      Live:         -                 0M (0%)            0M (0%)            0M (0%)     
[13.726s][info][gc,heap     ] GC(96) y:   Garbage:         -               899M (88%)          33M (3%)           33M (3%)     
[13.726s][info][gc,heap     ] GC(96) y: Allocated:         -                34M (3%)           34M (3%)           34M (3%)     
[13.726s][info][gc,heap     ] GC(96) y: Reclaimed:         -                  -               866M (85%)         866M (85%)    
[13.726s][info][gc,heap     ] GC(96) y:  Promoted:         -                  -                 0M (0%)            0M (0%)     
[13.726s][info][gc,heap     ] GC(96) y: Compacted:         -                  -                  -                 0M (0%)     
[13.726s][info][gc,phases   ] GC(96) y: Young Generation 942M(92%)->110M(11%) 0.002s
[13.726s][info][gc          ] GC(96) Minor Collection (Allocation Rate) 942M(92%)->110M(11%) 0.003s
[13.777s][info][gc          ] GC(97) Major Collection (Proactive)
[13.777s][info][gc,task     ] GC(97) Using 1 Workers for Young Generation
[13.777s][info][gc,task     ] GC(97) Using 1 Workers for Old Generation
[13.777s][info][gc,phases   ] GC(97) Y: Young Generation
[13.777s][info][gc,phases   ] GC(97) Y: Pause Mark Start (Major) 0.007ms
[13.779s][info][gc,phases   ] GC(97) Y: Concurrent Mark 1.822ms
[13.779s][info][gc,phases   ] GC(97) Y: Pause Mark End 0.009ms
[13.779s][info][gc,phases   ] GC(97) Y: Concurrent Mark Free 0.000ms
[13.779s][info][gc,phases   ] GC(97) Y: Concurrent Reset Relocation Set 0.000ms
[13.780s][info][gc,reloc    ] GC(97) Y: Using tenuring threshold: 1 (Computed)
[13.780s][info][gc,phases   ] GC(97) Y: Concurrent Select Relocation Set 1.027ms
[13.780s][info][gc,phases   ] GC(97) Y: Pause Relocate Start 0.004ms
[13.780s][info][gc,phases   ] GC(97) Y: Concurrent Relocate 0.013ms
[13.780s][info][gc,alloc    ] GC(97) Y:                         Mark Start        Mark End      Relocate Start    Relocate End   
[13.780s][info][gc,alloc    ] GC(97) Y: Allocation Stalls:          0                0                0                0         
[13.780s][info][gc,load     ] GC(97) Y: Load: 3.18 (32%) / 3.07 (31%) / 3.16 (32%)
[13.780s][info][gc,mmu      ] GC(97) Y: MMU: 2ms/99.0%, 5ms/99.5%, 10ms/99.7%, 20ms/99.7%, 50ms/99.8%, 100ms/99.9%
[13.780s][info][gc,marking  ] GC(97) Y: Mark: 1 stripe(s), 2 proactive flush(es), 1 terminate flush(es), 0 completion(s), 0 continuation(s) 
[13.780s][info][gc,marking  ] GC(97) Y: Mark Stack Usage: 32M
[13.780s][info][gc,nmethod  ] GC(97) Y: NMethods: 1573 registered, 133 unregistered
[13.780s][info][gc,metaspace] GC(97) Y: Metaspace: 9M used, 10M committed, 1088M reserved
[13.780s][info][gc,reloc    ] GC(97) Y:                        Candidates     Selected     In-Place         Size        Empty    Relocated 
[13.780s][info][gc,reloc    ] GC(97) Y: Small Pages:                    2            0            0           4M           2M           0M 
[13.780s][info][gc,reloc    ] GC(97) Y: Medium Pages:                  21            0            0         672M         640M           0M 
[13.780s][info][gc,reloc    ] GC(97) Y: Large Pages:                    0            0            0           0M           0M           0M 
[13.780s][info][gc,reloc    ] GC(97) Y: Forwarding Usage: 0M
[13.780s][info][gc,reloc    ] GC(97) Y: Age Table:
[13.780s][info][gc,reloc    ] GC(97) Y:                    Live             Garbage             Small              Medium             Large        
[13.780s][info][gc,reloc    ] GC(97) Y: Eden               0M (0%)          641M (63%)          1 / 0             20 / 0              0 / 0        
[13.780s][info][gc,reloc    ] GC(97) Y: Survivor 1          -                34M (3%)           1 / 0              1 / 0              0 / 0        
[13.780s][info][gc,heap     ] GC(97) Y: Min Capacity: 8M(1%)
[13.780s][info][gc,heap     ] GC(97) Y: Max Capacity: 1024M(100%)
[13.780s][info][gc,heap     ] GC(97) Y: Soft Max Capacity: 1024M(100%)
[13.780s][info][gc,heap     ] GC(97) Y: Heap Statistics:
[13.780s][info][gc,heap     ] GC(97) Y:                Mark Start          Mark End        Relocate Start      Relocate End           High               Low         
[13.780s][info][gc,heap     ] GC(97) Y:  Capacity:     1024M (100%)       1024M (100%)       1024M (100%)       1024M (100%)       1024M (100%)       1024M (100%)   
[13.780s][info][gc,heap     ] GC(97) Y:      Free:      306M (30%)         272M (27%)         914M (89%)         914M (89%)         914M (89%)         272M (27%)    
[13.780s][info][gc,heap     ] GC(97) Y:      Used:      718M (70%)         752M (73%)         110M (11%)         110M (11%)         752M (73%)         110M (11%)    
[13.780s][info][gc,heap     ] GC(97) Y: Young Generation Statistics:
[13.780s][info][gc,heap     ] GC(97) Y:                Mark Start          Mark End        Relocate Start      Relocate End    
[13.780s][info][gc,heap     ] GC(97) Y:      Used:      676M (66%)         710M (69%)          68M (7%)           68M (7%)     
[13.780s][info][gc,heap     ] GC(97) Y:      Live:         -                 0M (0%)            0M (0%)            0M (0%)     
[13.780s][info][gc,heap     ] GC(97) Y:   Garbage:         -               675M (66%)          33M (3%)           33M (3%)     
[13.780s][info][gc,heap     ] GC(97) Y: Allocated:         -                34M (3%)           34M (3%)           34M (3%)     
[13.780s][info][gc,heap     ] GC(97) Y: Reclaimed:         -                  -               642M (63%)         642M (63%)    
[13.780s][info][gc,heap     ] GC(97) Y:  Promoted:         -                  -                 0M (0%)            0M (0%)     
[13.780s][info][gc,heap     ] GC(97) Y: Compacted:         -                  -                  -                 0M (0%)     
[13.780s][info][gc,phases   ] GC(97) Y: Young Generation 718M(70%)->110M(11%) 0.003s
[13.780s][info][gc,phases   ] GC(97) O: Old Generation
[13.786s][info][gc,phases   ] GC(97) O: Concurrent Mark 5.279ms
[13.786s][info][gc,phases   ] GC(97) O: Pause Mark End 0.010ms
[13.786s][info][gc,phases   ] GC(97) O: Concurrent Mark Free 0.000ms
[13.788s][info][gc,phases   ] GC(97) O: Concurrent Process Non-Strong 2.321ms
[13.788s][info][gc,phases   ] GC(97) O: Concurrent Reset Relocation Set 0.001ms
[13.789s][info][gc,phases   ] GC(97) O: Concurrent Select Relocation Set 0.951ms
[13.789s][info][gc,task     ] GC(97) O: Using 2 Workers for Old Generation
[13.793s][info][gc,task     ] GC(97) O: Using 1 Workers for Old Generation
[13.793s][info][gc,phases   ] GC(97) O: Concurrent Remap Roots 4.288ms
[13.793s][info][gc,phases   ] GC(97) O: Pause Relocate Start 0.007ms
[13.794s][info][gc,phases   ] GC(97) O: Concurrent Relocate 0.720ms
[13.794s][info][gc,alloc    ] GC(97) O:                         Mark Start        Mark End      Relocate Start    Relocate End   
[13.794s][info][gc,alloc    ] GC(97) O: Allocation Stalls:          0                0                0                0         
[13.794s][info][gc,load     ] GC(97) O: Load: 3.18 (32%) / 3.07 (31%) / 3.16 (32%)
[13.794s][info][gc,mmu      ] GC(97) O: MMU: 2ms/99.0%, 5ms/99.5%, 10ms/99.7%, 20ms/99.7%, 50ms/99.8%, 100ms/99.9%
[13.794s][info][gc,marking  ] GC(97) O: Mark: 1 stripe(s), 2 proactive flush(es), 1 terminate flush(es), 0 completion(s), 0 continuation(s) 
[13.794s][info][gc,marking  ] GC(97) O: Mark Stack Usage: 32M
[13.794s][info][gc,nmethod  ] GC(97) O: NMethods: 1573 registered, 133 unregistered
[13.794s][info][gc,metaspace] GC(97) O: Metaspace: 9M used, 10M committed, 1088M reserved
[13.794s][info][gc,ref      ] GC(97) O:                       Encountered   Discovered     Enqueued 
[13.794s][info][gc,ref      ] GC(97) O: Soft References:              372            0            0 
[13.794s][info][gc,ref      ] GC(97) O: Weak References:             1113          837            3 
[13.794s][info][gc,ref      ] GC(97) O: Final References:             880          270            0 
[13.794s][info][gc,ref      ] GC(97) O: Phantom References:            32            2            0 
[13.794s][info][gc,reloc    ] GC(97) O:                        Candidates     Selected     In-Place         Size        Empty    Relocated 
[13.794s][info][gc,reloc    ] GC(97) O: Small Pages:                    5            2            0          10M           0M           1M 
[13.794s][info][gc,reloc    ] GC(97) O: Medium Pages:                   1            0            0          32M           0M           0M 
[13.794s][info][gc,reloc    ] GC(97) O: Large Pages:                    0            0            0           0M           0M           0M 
[13.794s][info][gc,reloc    ] GC(97) O: Forwarding Usage: 0M
[13.794s][info][gc,heap     ] GC(97) O: Min Capacity: 8M(1%)
[13.794s][info][gc,heap     ] GC(97) O: Max Capacity: 1024M(100%)
[13.794s][info][gc,heap     ] GC(97) O: Soft Max Capacity: 1024M(100%)
[13.794s][info][gc,heap     ] GC(97) O: Heap Statistics:
[13.794s][info][gc,heap     ] GC(97) O:                Mark Start          Mark End        Relocate Start      Relocate End           High               Low         
[13.794s][info][gc,heap     ] GC(97) O:  Capacity:     1024M (100%)       1024M (100%)       1024M (100%)       1024M (100%)       1024M (100%)       1024M (100%)   
[13.794s][info][gc,heap     ] GC(97) O:      Free:      306M (30%)         850M (83%)         754M (74%)         756M (74%)         914M (89%)         272M (27%)    
[13.794s][info][gc,heap     ] GC(97) O:      Used:      718M (70%)         174M (17%)         270M (26%)         268M (26%)         752M (73%)         110M (11%)    
[13.794s][info][gc,heap     ] GC(97) O: Old Generation Statistics:
[13.794s][info][gc,heap     ] GC(97) O:                Mark Start          Mark End        Relocate Start      Relocate End    
[13.794s][info][gc,heap     ] GC(97) O:      Used:       42M (4%)           42M (4%)           42M (4%)           40M (4%)     
[13.794s][info][gc,heap     ] GC(97) O:      Live:         -                 4M (0%)            4M (0%)            4M (0%)     
[13.794s][info][gc,heap     ] GC(97) O:   Garbage:         -                37M (4%)           37M (4%)           32M (3%)     
[13.794s][info][gc,heap     ] GC(97) O: Allocated:         -                 0M (0%)            0M (0%)            2M (0%)     
[13.794s][info][gc,heap     ] GC(97) O: Reclaimed:         -                  -                 0M (0%)            4M (0%)     
[13.794s][info][gc,heap     ] GC(97) O: Compacted:         -                  -                  -                 1M (0%)     
[13.794s][info][gc,phases   ] GC(97) O: Old Generation 142M(14%)->268M(26%) 0.014s
[13.794s][info][gc          ] GC(97) Major Collection (Proactive) 718M(70%)->268M(26%) 0.017s
[13.851s][info][gc          ] GC(98) Minor Collection (Allocation Rate)
[13.851s][info][gc,task     ] GC(98) Using 3 Workers for Young Generation
[13.851s][info][gc,phases   ] GC(98) y: Young Generation
[13.851s][info][gc,phases   ] GC(98) y: Pause Mark Start 0.004ms
[13.852s][info][gc,phases   ] GC(98) y: Concurrent Mark 1.039ms
[13.852s][info][gc,phases   ] GC(98) y: Pause Mark End 0.005ms
[13.852s][info][gc,phases   ] GC(98) y: Concurrent Mark Free 0.000ms
[13.852s][info][gc,phases   ] GC(98) y: Concurrent Reset Relocation Set 0.000ms
[13.853s][info][gc,reloc    ] GC(98) y: Using tenuring threshold: 1 (Computed)
[13.853s][info][gc,phases   ] GC(98) y: Concurrent Select Relocation Set 1.015ms
[13.853s][info][gc,phases   ] GC(98) y: Pause Relocate Start 0.003ms
[13.853s][info][gc,phases   ] GC(98) y: Concurrent Relocate 0.034ms
[13.853s][info][gc,alloc    ] GC(98) y:                         Mark Start        Mark End      Relocate Start    Relocate End   
[13.853s][info][gc,alloc    ] GC(98) y: Allocation Stalls:          0                0                0                0         
[13.853s][info][gc,load     ] GC(98) y: Load: 3.18 (32%) / 3.07 (31%) / 3.16 (32%)
[13.853s][info][gc,mmu      ] GC(98) y: MMU: 2ms/99.0%, 5ms/99.5%, 10ms/99.7%, 20ms/99.7%, 50ms/99.8%, 100ms/99.9%
[13.853s][info][gc,marking  ] GC(98) y: Mark: 2 stripe(s), 2 proactive flush(es), 1 terminate flush(es), 0 completion(s), 0 continuation(s) 
[13.853s][info][gc,marking  ] GC(98) y: Mark Stack Usage: 32M
[13.853s][info][gc,nmethod  ] GC(98) y: NMethods: 1573 registered, 133 unregistered
[13.853s][info][gc,metaspace] GC(98) y: Metaspace: 9M used, 10M committed, 1088M reserved
[13.853s][info][gc,reloc    ] GC(98) y:                        Candidates     Selected     In-Place         Size        Empty    Relocated 
[13.853s][info][gc,reloc    ] GC(98) y: Small Pages:                    2            0            0           4M           2M           0M 
[13.853s][info][gc,reloc    ] GC(98) y: Medium Pages:                  28            0            0         896M         864M           0M 
[13.853s][info][gc,reloc    ] GC(98) y: Large Pages:                    0            0            0           0M           0M           0M 
[13.853s][info][gc,reloc    ] GC(98) y: Forwarding Usage: 0M
[13.853s][info][gc,reloc    ] GC(98) y: Age Table:
[13.853s][info][gc,reloc    ] GC(98) y:                    Live             Garbage             Small              Medium             Large        
[13.853s][info][gc,reloc    ] GC(98) y: Eden               0M (0%)          865M (85%)          1 / 0             27 / 0              0 / 0        
[13.853s][info][gc,reloc    ] GC(98) y: Survivor 1          -                34M (3%)           1 / 0              1 / 0              0 / 0        
[13.853s][info][gc,heap     ] GC(98) y: Min Capacity: 8M(1%)
[13.853s][info][gc,heap     ] GC(98) y: Max Capacity: 1024M(100%)
[13.853s][info][gc,heap     ] GC(98) y: Soft Max Capacity: 1024M(100%)
[13.853s][info][gc,heap     ] GC(98) y: Heap Statistics:
[13.853s][info][gc,heap     ] GC(98) y:                Mark Start          Mark End        Relocate Start      Relocate End           High               Low         
[13.853s][info][gc,heap     ] GC(98) y:  Capacity:     1024M (100%)       1024M (100%)       1024M (100%)       1024M (100%)       1024M (100%)       1024M (100%)   
[13.853s][info][gc,heap     ] GC(98) y:      Free:       84M (8%)           50M (5%)          916M (89%)         916M (89%)         916M (89%)          50M (5%)     
[13.853s][info][gc,heap     ] GC(98) y:      Used:      940M (92%)         974M (95%)         108M (11%)         108M (11%)         974M (95%)         108M (11%)    
[13.853s][info][gc,heap     ] GC(98) y: Young Generation Statistics:
[13.853s][info][gc,heap     ] GC(98) y:                Mark Start          Mark End        Relocate Start      Relocate End    
[13.853s][info][gc,heap     ] GC(98) y:      Used:      900M (88%)         934M (91%)          68M (7%)           68M (7%)     
[13.853s][info][gc,heap     ] GC(98) y:      Live:         -                 0M (0%)            0M (0%)            0M (0%)     
[13.853s][info][gc,heap     ] GC(98) y:   Garbage:         -               899M (88%)          33M (3%)           33M (3%)     
[13.853s][info][gc,heap     ] GC(98) y: Allocated:         -                34M (3%)           34M (3%)           34M (3%)     
[13.853s][info][gc,heap     ] GC(98) y: Reclaimed:         -                  -               866M (85%)         866M (85%)    
[13.853s][info][gc,heap     ] GC(98) y:  Promoted:         -                  -                 0M (0%)            0M (0%)     
[13.853s][info][gc,heap     ] GC(98) y: Compacted:         -                  -                  -                 0M (0%)     
[13.853s][info][gc,phases   ] GC(98) y: Young Generation 940M(92%)->108M(11%) 0.002s
[13.853s][info][gc          ] GC(98) Minor Collection (Allocation Rate) 940M(92%)->108M(11%) 0.003s
[13.921s][info][gc          ] GC(99) Minor Collection (Allocation Rate)
[13.921s][info][gc,task     ] GC(99) Using 3 Workers for Young Generation
[13.921s][info][gc,phases   ] GC(99) y: Young Generation
[13.921s][info][gc,phases   ] GC(99) y: Pause Mark Start 0.006ms
[13.922s][info][gc,phases   ] GC(99) y: Concurrent Mark 0.870ms
[13.922s][info][gc,phases   ] GC(99) y: Pause Mark End 0.005ms
[13.922s][info][gc,phases   ] GC(99) y: Concurrent Mark Free 0.000ms
[13.922s][info][gc,phases   ] GC(99) y: Concurrent Reset Relocation Set 0.000ms
[13.923s][info][gc,reloc    ] GC(99) y: Using tenuring threshold: 1 (Computed)
[13.923s][info][gc,phases   ] GC(99) y: Concurrent Select Relocation Set 1.134ms
[13.923s][info][gc,phases   ] GC(99) y: Pause Relocate Start 0.005ms
[13.924s][info][gc,phases   ] GC(99) y: Concurrent Relocate 0.048ms
[13.924s][info][gc,alloc    ] GC(99) y:                         Mark Start        Mark End      Relocate Start    Relocate End   
[13.924s][info][gc,alloc    ] GC(99) y: Allocation Stalls:          0                0                0                0         
[13.924s][info][gc,load     ] GC(99) y: Load: 3.18 (32%) / 3.07 (31%) / 3.16 (32%)
[13.924s][info][gc,mmu      ] GC(99) y: MMU: 2ms/99.0%, 5ms/99.5%, 10ms/99.7%, 20ms/99.7%, 50ms/99.8%, 100ms/99.9%
[13.924s][info][gc,marking  ] GC(99) y: Mark: 2 stripe(s), 2 proactive flush(es), 1 terminate flush(es), 0 completion(s), 0 continuation(s) 
[13.924s][info][gc,marking  ] GC(99) y: Mark Stack Usage: 32M
[13.924s][info][gc,nmethod  ] GC(99) y: NMethods: 1573 registered, 133 unregistered
[13.924s][info][gc,metaspace] GC(99) y: Metaspace: 9M used, 10M committed, 1088M reserved
[13.924s][info][gc,reloc    ] GC(99) y:                        Candidates     Selected     In-Place         Size        Empty    Relocated 
[13.924s][info][gc,reloc    ] GC(99) y: Small Pages:                    2            0            0           4M           2M           0M 
[13.924s][info][gc,reloc    ] GC(99) y: Medium Pages:                  27            0            0         864M         832M           0M 
[13.924s][info][gc,reloc    ] GC(99) y: Large Pages:                    0            0            0           0M           0M           0M 
[13.924s][info][gc,reloc    ] GC(99) y: Forwarding Usage: 0M
[13.924s][info][gc,reloc    ] GC(99) y: Age Table:
[13.924s][info][gc,reloc    ] GC(99) y:                    Live             Garbage             Small              Medium             Large        
[13.924s][info][gc,reloc    ] GC(99) y: Eden               0M (0%)          833M (81%)          1 / 0             26 / 0              0 / 0        
[13.924s][info][gc,reloc    ] GC(99) y: Survivor 1          -                34M (3%)           1 / 0              1 / 0              0 / 0        
[13.924s][info][gc,heap     ] GC(99) y: Min Capacity: 8M(1%)
[13.924s][info][gc,heap     ] GC(99) y: Max Capacity: 1024M(100%)
[13.924s][info][gc,heap     ] GC(99) y: Soft Max Capacity: 1024M(100%)
[13.924s][info][gc,heap     ] GC(99) y: Heap Statistics:
[13.924s][info][gc,heap     ] GC(99) y:                Mark Start          Mark End        Relocate Start      Relocate End           High               Low         
[13.924s][info][gc,heap     ] GC(99) y:  Capacity:     1024M (100%)       1024M (100%)       1024M (100%)       1024M (100%)       1024M (100%)       1024M (100%)   
[13.924s][info][gc,heap     ] GC(99) y:      Free:      116M (11%)          82M (8%)          916M (89%)         916M (89%)         916M (89%)          82M (8%)     
[13.924s][info][gc,heap     ] GC(99) y:      Used:      908M (89%)         942M (92%)         108M (11%)         108M (11%)         942M (92%)         108M (11%)    
[13.924s][info][gc,heap     ] GC(99) y: Young Generation Statistics:
[13.924s][info][gc,heap     ] GC(99) y:                Mark Start          Mark End        Relocate Start      Relocate End    
[13.924s][info][gc,heap     ] GC(99) y:      Used:      868M (85%)         902M (88%)          68M (7%)           68M (7%)     
[13.924s][info][gc,heap     ] GC(99) y:      Live:         -                 0M (0%)            0M (0%)            0M (0%)     
[13.924s][info][gc,heap     ] GC(99) y:   Garbage:         -               867M (85%)          33M (3%)           33M (3%)     
[13.924s][info][gc,heap     ] GC(99) y: Allocated:         -                34M (3%)           34M (3%)           34M (3%)     
[13.924s][info][gc,heap     ] GC(99) y: Reclaimed:         -                  -               834M (81%)         834M (81%)    
[13.924s][info][gc,heap     ] GC(99) y:  Promoted:         -                  -                 0M (0%)            0M (0%)     
[13.924s][info][gc,heap     ] GC(99) y: Compacted:         -                  -                  -                 0M (0%)     
[13.924s][info][gc,phases   ] GC(99) y: Young Generation 908M(89%)->108M(11%) 0.002s
[13.924s][info][gc          ] GC(99) Minor Collection (Allocation Rate) 908M(89%)->108M(11%) 0.003s
[13.986s][info][gc          ] GC(100) Minor Collection (Allocation Rate)
[13.986s][info][gc,task     ] GC(100) Using 1 Workers for Young Generation
[13.986s][info][gc,phases   ] GC(100) y: Young Generation
[13.986s][info][gc,phases   ] GC(100) y: Pause Mark Start 0.004ms
[13.989s][info][gc,phases   ] GC(100) y: Concurrent Mark 2.495ms
[13.989s][info][gc,phases   ] GC(100) y: Pause Mark End 0.006ms
[13.989s][info][gc,phases   ] GC(100) y: Concurrent Mark Free 0.000ms
[13.989s][info][gc,phases   ] GC(100) y: Concurrent Reset Relocation Set 0.000ms
[13.990s][info][gc,reloc    ] GC(100) y: Using tenuring threshold: 1 (Computed)
[13.990s][info][gc,phases   ] GC(100) y: Concurrent Select Relocation Set 1.108ms
[13.990s][info][gc,phases   ] GC(100) y: Pause Relocate Start 0.004ms
[13.990s][info][gc,phases   ] GC(100) y: Concurrent Relocate 0.031ms
[13.990s][info][gc,alloc    ] GC(100) y:                         Mark Start        Mark End      Relocate Start    Relocate End   
[13.990s][info][gc,alloc    ] GC(100) y: Allocation Stalls:          0                0                0                0         
[13.990s][info][gc,load     ] GC(100) y: Load: 3.18 (32%) / 3.07 (31%) / 3.16 (32%)
[13.990s][info][gc,mmu      ] GC(100) y: MMU: 2ms/99.0%, 5ms/99.5%, 10ms/99.7%, 20ms/99.7%, 50ms/99.8%, 100ms/99.9%
[13.990s][info][gc,marking  ] GC(100) y: Mark: 1 stripe(s), 2 proactive flush(es), 1 terminate flush(es), 0 completion(s), 0 continuation(s) 
[13.990s][info][gc,marking  ] GC(100) y: Mark Stack Usage: 32M
[13.990s][info][gc,nmethod  ] GC(100) y: NMethods: 1573 registered, 133 unregistered
[13.990s][info][gc,metaspace] GC(100) y: Metaspace: 9M used, 10M committed, 1088M reserved
[13.990s][info][gc,reloc    ] GC(100) y:                        Candidates     Selected     In-Place         Size        Empty    Relocated 
[13.990s][info][gc,reloc    ] GC(100) y: Small Pages:                    2            0            0           4M           2M           0M 
[13.990s][info][gc,reloc    ] GC(100) y: Medium Pages:                  25            0            0         800M         768M           0M 
[13.990s][info][gc,reloc    ] GC(100) y: Large Pages:                    0            0            0           0M           0M           0M 
[13.990s][info][gc,reloc    ] GC(100) y: Forwarding Usage: 0M
[13.990s][info][gc,reloc    ] GC(100) y: Age Table:
[13.990s][info][gc,reloc    ] GC(100) y:                    Live             Garbage             Small              Medium             Large        
[13.990s][info][gc,reloc    ] GC(100) y: Eden               0M (0%)          769M (75%)          1 / 0             24 / 0              0 / 0        
[13.990s][info][gc,reloc    ] GC(100) y: Survivor 1          -                34M (3%)           1 / 0              1 / 0              0 / 0        
[13.990s][info][gc,heap     ] GC(100) y: Min Capacity: 8M(1%)
[13.990s][info][gc,heap     ] GC(100) y: Max Capacity: 1024M(100%)
[13.990s][info][gc,heap     ] GC(100) y: Soft Max Capacity: 1024M(100%)
[13.990s][info][gc,heap     ] GC(100) y: Heap Statistics:
[13.990s][info][gc,heap     ] GC(100) y:                Mark Start          Mark End        Relocate Start      Relocate End           High               Low         
[13.990s][info][gc,heap     ] GC(100) y:  Capacity:     1024M (100%)       1024M (100%)       1024M (100%)       1024M (100%)       1024M (100%)       1024M (100%)   
[13.990s][info][gc,heap     ] GC(100) y:      Free:      180M (18%)         146M (14%)         884M (86%)         884M (86%)         884M (86%)         114M (11%)    
[13.990s][info][gc,heap     ] GC(100) y:      Used:      844M (82%)         878M (86%)         140M (14%)         140M (14%)         910M (89%)         140M (14%)    
[13.990s][info][gc,heap     ] GC(100) y: Young Generation Statistics:
[13.990s][info][gc,heap     ] GC(100) y:                Mark Start          Mark End        Relocate Start      Relocate End    
[13.990s][info][gc,heap     ] GC(100) y:      Used:      804M (79%)         838M (82%)         100M (10%)         100M (10%)    
[13.990s][info][gc,heap     ] GC(100) y:      Live:         -                 0M (0%)            0M (0%)            0M (0%)     
[13.990s][info][gc,heap     ] GC(100) y:   Garbage:         -               803M (78%)          33M (3%)           33M (3%)     
[13.990s][info][gc,heap     ] GC(100) y: Allocated:         -                34M (3%)           66M (6%)           66M (6%)     
[13.990s][info][gc,heap     ] GC(100) y: Reclaimed:         -                  -               770M (75%)         770M (75%)    
[13.990s][info][gc,heap     ] GC(100) y:  Promoted:         -                  -                 0M (0%)            0M (0%)     
[13.990s][info][gc,heap     ] GC(100) y: Compacted:         -                  -                  -                 0M (0%)     
[13.990s][info][gc,phases   ] GC(100) y: Young Generation 844M(82%)->140M(14%) 0.004s
[13.990s][info][gc          ] GC(100) Minor Collection (Allocation Rate) 844M(82%)->140M(14%) 0.004s
[14.057s][info][gc          ] GC(101) Minor Collection (Allocation Rate)
[14.057s][info][gc,task     ] GC(101) Using 2 Workers for Young Generation
[14.057s][info][gc,phases   ] GC(101) y: Young Generation
[14.057s][info][gc,phases   ] GC(101) y: Pause Mark Start 0.005ms
[14.058s][info][gc,phases   ] GC(101) y: Concurrent Mark 1.244ms
[14.058s][info][gc,phases   ] GC(101) y: Pause Mark End 0.005ms
[14.058s][info][gc,phases   ] GC(101) y: Concurrent Mark Free 0.000ms
[14.058s][info][gc,phases   ] GC(101) y: Concurrent Reset Relocation Set 0.000ms
[14.059s][info][gc,reloc    ] GC(101) y: Using tenuring threshold: 1 (Computed)
[14.059s][info][gc,phases   ] GC(101) y: Concurrent Select Relocation Set 1.060ms
[14.059s][info][gc,phases   ] GC(101) y: Pause Relocate Start 0.003ms
[14.059s][info][gc,phases   ] GC(101) y: Concurrent Relocate 0.034ms
[14.060s][info][gc,alloc    ] GC(101) y:                         Mark Start        Mark End      Relocate Start    Relocate End   
[14.060s][info][gc,alloc    ] GC(101) y: Allocation Stalls:          0                0                0                0         
[14.060s][info][gc,load     ] GC(101) y: Load: 3.18 (32%) / 3.07 (31%) / 3.16 (32%)
[14.060s][info][gc,mmu      ] GC(101) y: MMU: 2ms/99.0%, 5ms/99.5%, 10ms/99.7%, 20ms/99.7%, 50ms/99.8%, 100ms/99.9%
[14.060s][info][gc,marking  ] GC(101) y: Mark: 2 stripe(s), 2 proactive flush(es), 1 terminate flush(es), 0 completion(s), 0 continuation(s) 
[14.060s][info][gc,marking  ] GC(101) y: Mark Stack Usage: 32M
[14.060s][info][gc,nmethod  ] GC(101) y: NMethods: 1573 registered, 133 unregistered
[14.060s][info][gc,metaspace] GC(101) y: Metaspace: 9M used, 10M committed, 1088M reserved
[14.060s][info][gc,reloc    ] GC(101) y:                        Candidates     Selected     In-Place         Size        Empty    Relocated 
[14.060s][info][gc,reloc    ] GC(101) y: Small Pages:                    2            0            0           4M           2M           0M 
[14.060s][info][gc,reloc    ] GC(101) y: Medium Pages:                  27            0            0         864M         832M           0M 
[14.060s][info][gc,reloc    ] GC(101) y: Large Pages:                    0            0            0           0M           0M           0M 
[14.060s][info][gc,reloc    ] GC(101) y: Forwarding Usage: 0M
[14.060s][info][gc,reloc    ] GC(101) y: Age Table:
[14.060s][info][gc,reloc    ] GC(101) y:                    Live             Garbage             Small              Medium             Large        
[14.060s][info][gc,reloc    ] GC(101) y: Eden               0M (0%)          833M (81%)          1 / 0             26 / 0              0 / 0        
[14.060s][info][gc,reloc    ] GC(101) y: Survivor 1          -                34M (3%)           1 / 0              1 / 0              0 / 0        
[14.060s][info][gc,heap     ] GC(101) y: Min Capacity: 8M(1%)
[14.060s][info][gc,heap     ] GC(101) y: Max Capacity: 1024M(100%)
[14.060s][info][gc,heap     ] GC(101) y: Soft Max Capacity: 1024M(100%)
[14.060s][info][gc,heap     ] GC(101) y: Heap Statistics:
[14.060s][info][gc,heap     ] GC(101) y:                Mark Start          Mark End        Relocate Start      Relocate End           High               Low         
[14.060s][info][gc,heap     ] GC(101) y:  Capacity:     1024M (100%)       1024M (100%)       1024M (100%)       1024M (100%)       1024M (100%)       1024M (100%)   
[14.060s][info][gc,heap     ] GC(101) y:      Free:      116M (11%)          82M (8%)          916M (89%)         916M (89%)         916M (89%)          82M (8%)     
[14.060s][info][gc,heap     ] GC(101) y:      Used:      908M (89%)         942M (92%)         108M (11%)         108M (11%)         942M (92%)         108M (11%)    
[14.060s][info][gc,heap     ] GC(101) y: Young Generation Statistics:
[14.060s][info][gc,heap     ] GC(101) y:                Mark Start          Mark End        Relocate Start      Relocate End    
[14.060s][info][gc,heap     ] GC(101) y:      Used:      868M (85%)         902M (88%)          68M (7%)           68M (7%)     
[14.060s][info][gc,heap     ] GC(101) y:      Live:         -                 0M (0%)            0M (0%)            0M (0%)     
[14.060s][info][gc,heap     ] GC(101) y:   Garbage:         -               867M (85%)          33M (3%)           33M (3%)     
[14.060s][info][gc,heap     ] GC(101) y: Allocated:         -                34M (3%)           34M (3%)           34M (3%)     
[14.060s][info][gc,heap     ] GC(101) y: Reclaimed:         -                  -               834M (81%)         834M (81%)    
[14.060s][info][gc,heap     ] GC(101) y:  Promoted:         -                  -                 0M (0%)            0M (0%)     
[14.060s][info][gc,heap     ] GC(101) y: Compacted:         -                  -                  -                 0M (0%)     
[14.060s][info][gc,phases   ] GC(101) y: Young Generation 908M(89%)->108M(11%) 0.003s
[14.060s][info][gc          ] GC(101) Minor Collection (Allocation Rate) 908M(89%)->108M(11%) 0.003s
[14.124s][info][gc          ] GC(102) Minor Collection (Allocation Rate)
[14.124s][info][gc,task     ] GC(102) Using 1 Workers for Young Generation
[14.124s][info][gc,phases   ] GC(102) y: Young Generation
[14.124s][info][gc,phases   ] GC(102) y: Pause Mark Start 0.005ms
[14.126s][info][gc,phases   ] GC(102) y: Concurrent Mark 1.869ms
[14.126s][info][gc,phases   ] GC(102) y: Pause Mark End 0.007ms
[14.126s][info][gc,phases   ] GC(102) y: Concurrent Mark Free 0.000ms
[14.126s][info][gc,phases   ] GC(102) y: Concurrent Reset Relocation Set 0.000ms
[14.127s][info][gc,reloc    ] GC(102) y: Using tenuring threshold: 1 (Computed)
[14.127s][info][gc,phases   ] GC(102) y: Concurrent Select Relocation Set 1.053ms
[14.128s][info][gc,phases   ] GC(102) y: Pause Relocate Start 0.005ms
[14.128s][info][gc,phases   ] GC(102) y: Concurrent Relocate 0.016ms
[14.128s][info][gc,alloc    ] GC(102) y:                         Mark Start        Mark End      Relocate Start    Relocate End   
[14.128s][info][gc,alloc    ] GC(102) y: Allocation Stalls:          0                0                0                0         
[14.128s][info][gc,load     ] GC(102) y: Load: 3.18 (32%) / 3.07 (31%) / 3.16 (32%)
[14.128s][info][gc,mmu      ] GC(102) y: MMU: 2ms/99.0%, 5ms/99.5%, 10ms/99.7%, 20ms/99.7%, 50ms/99.8%, 100ms/99.9%
[14.128s][info][gc,marking  ] GC(102) y: Mark: 1 stripe(s), 2 proactive flush(es), 1 terminate flush(es), 0 completion(s), 0 continuation(s) 
[14.128s][info][gc,marking  ] GC(102) y: Mark Stack Usage: 32M
[14.128s][info][gc,nmethod  ] GC(102) y: NMethods: 1573 registered, 133 unregistered
[14.128s][info][gc,metaspace] GC(102) y: Metaspace: 9M used, 10M committed, 1088M reserved
[14.128s][info][gc,reloc    ] GC(102) y:                        Candidates     Selected     In-Place         Size        Empty    Relocated 
[14.128s][info][gc,reloc    ] GC(102) y: Small Pages:                    2            0            0           4M           2M           0M 
[14.128s][info][gc,reloc    ] GC(102) y: Medium Pages:                  26            0            0         832M         800M           0M 
[14.128s][info][gc,reloc    ] GC(102) y: Large Pages:                    0            0            0           0M           0M           0M 
[14.128s][info][gc,reloc    ] GC(102) y: Forwarding Usage: 0M
[14.128s][info][gc,reloc    ] GC(102) y: Age Table:
[14.128s][info][gc,reloc    ] GC(102) y:                    Live             Garbage             Small              Medium             Large        
[14.128s][info][gc,reloc    ] GC(102) y: Eden               0M (0%)          801M (78%)          1 / 0             25 / 0              0 / 0        
[14.128s][info][gc,reloc    ] GC(102) y: Survivor 1          -                34M (3%)           1 / 0              1 / 0              0 / 0        
[14.128s][info][gc,heap     ] GC(102) y: Min Capacity: 8M(1%)
[14.128s][info][gc,heap     ] GC(102) y: Max Capacity: 1024M(100%)
[14.128s][info][gc,heap     ] GC(102) y: Soft Max Capacity: 1024M(100%)
[14.128s][info][gc,heap     ] GC(102) y: Heap Statistics:
[14.128s][info][gc,heap     ] GC(102) y:                Mark Start          Mark End        Relocate Start      Relocate End           High               Low         
[14.128s][info][gc,heap     ] GC(102) y:  Capacity:     1024M (100%)       1024M (100%)       1024M (100%)       1024M (100%)       1024M (100%)       1024M (100%)   
[14.128s][info][gc,heap     ] GC(102) y:      Free:      148M (14%)         114M (11%)         916M (89%)         916M (89%)         916M (89%)         114M (11%)    
[14.128s][info][gc,heap     ] GC(102) y:      Used:      876M (86%)         910M (89%)         108M (11%)         108M (11%)         910M (89%)         108M (11%)    
[14.128s][info][gc,heap     ] GC(102) y: Young Generation Statistics:
[14.128s][info][gc,heap     ] GC(102) y:                Mark Start          Mark End        Relocate Start      Relocate End    
[14.128s][info][gc,heap     ] GC(102) y:      Used:      836M (82%)         870M (85%)          68M (7%)           68M (7%)     
[14.128s][info][gc,heap     ] GC(102) y:      Live:         -                 0M (0%)            0M (0%)            0M (0%)     
[14.128s][info][gc,heap     ] GC(102) y:   Garbage:         -               835M (82%)          33M (3%)           33M (3%)     
[14.128s][info][gc,heap     ] GC(102) y: Allocated:         -                34M (3%)           34M (3%)           34M (3%)     
[14.128s][info][gc,heap     ] GC(102) y: Reclaimed:         -                  -               802M (78%)         802M (78%)    
[14.128s][info][gc,heap     ] GC(102) y:  Promoted:         -                  -                 0M (0%)            0M (0%)     
[14.128s][info][gc,heap     ] GC(102) y: Compacted:         -                  -                  -                 0M (0%)     
[14.128s][info][gc,phases   ] GC(102) y: Young Generation 876M(86%)->108M(11%) 0.003s
[14.128s][info][gc          ] GC(102) Minor Collection (Allocation Rate) 876M(86%)->140M(14%) 0.003s
[14.197s][info][gc          ] GC(103) Minor Collection (Allocation Rate)
[14.197s][info][gc,task     ] GC(103) Using 3 Workers for Young Generation
[14.197s][info][gc,phases   ] GC(103) y: Young Generation
[14.198s][info][gc,phases   ] GC(103) y: Pause Mark Start 0.005ms
[14.199s][info][gc,phases   ] GC(103) y: Concurrent Mark 1.038ms
[14.199s][info][gc,phases   ] GC(103) y: Pause Mark End 0.005ms
[14.199s][info][gc,phases   ] GC(103) y: Concurrent Mark Free 0.000ms
[14.199s][info][gc,phases   ] GC(103) y: Concurrent Reset Relocation Set 0.000ms
[14.200s][info][gc,reloc    ] GC(103) y: Using tenuring threshold: 1 (Computed)
[14.200s][info][gc,phases   ] GC(103) y: Concurrent Select Relocation Set 1.073ms
[14.200s][info][gc,phases   ] GC(103) y: Pause Relocate Start 0.004ms
[14.200s][info][gc,phases   ] GC(103) y: Concurrent Relocate 0.041ms
[14.200s][info][gc,alloc    ] GC(103) y:                         Mark Start        Mark End      Relocate Start    Relocate End   
[14.200s][info][gc,alloc    ] GC(103) y: Allocation Stalls:          0                0                0                0         
[14.200s][info][gc,load     ] GC(103) y: Load: 3.18 (32%) / 3.07 (31%) / 3.16 (32%)
[14.200s][info][gc,mmu      ] GC(103) y: MMU: 2ms/99.0%, 5ms/99.5%, 10ms/99.7%, 20ms/99.7%, 50ms/99.8%, 100ms/99.9%
[14.200s][info][gc,marking  ] GC(103) y: Mark: 2 stripe(s), 2 proactive flush(es), 1 terminate flush(es), 0 completion(s), 0 continuation(s) 
[14.200s][info][gc,marking  ] GC(103) y: Mark Stack Usage: 32M
[14.200s][info][gc,nmethod  ] GC(103) y: NMethods: 1573 registered, 133 unregistered
[14.200s][info][gc,metaspace] GC(103) y: Metaspace: 9M used, 10M committed, 1088M reserved
[14.200s][info][gc,reloc    ] GC(103) y:                        Candidates     Selected     In-Place         Size        Empty    Relocated 
[14.200s][info][gc,reloc    ] GC(103) y: Small Pages:                    2            0            0           4M           2M           0M 
[14.200s][info][gc,reloc    ] GC(103) y: Medium Pages:                  28            0            0         896M         864M           0M 
[14.200s][info][gc,reloc    ] GC(103) y: Large Pages:                    0            0            0           0M           0M           0M 
[14.200s][info][gc,reloc    ] GC(103) y: Forwarding Usage: 0M
[14.200s][info][gc,reloc    ] GC(103) y: Age Table:
[14.200s][info][gc,reloc    ] GC(103) y:                    Live             Garbage             Small              Medium             Large        
[14.200s][info][gc,reloc    ] GC(103) y: Eden               0M (0%)          865M (85%)          1 / 0             27 / 0              0 / 0        
[14.200s][info][gc,reloc    ] GC(103) y: Survivor 1          -                34M (3%)           1 / 0              1 / 0              0 / 0        
[14.200s][info][gc,heap     ] GC(103) y: Min Capacity: 8M(1%)
[14.200s][info][gc,heap     ] GC(103) y: Max Capacity: 1024M(100%)
[14.200s][info][gc,heap     ] GC(103) y: Soft Max Capacity: 1024M(100%)
[14.200s][info][gc,heap     ] GC(103) y: Heap Statistics:
[14.200s][info][gc,heap     ] GC(103) y:                Mark Start          Mark End        Relocate Start      Relocate End           High               Low         
[14.200s][info][gc,heap     ] GC(103) y:  Capacity:     1024M (100%)       1024M (100%)       1024M (100%)       1024M (100%)       1024M (100%)       1024M (100%)   
[14.200s][info][gc,heap     ] GC(103) y:      Free:       84M (8%)           50M (5%)          916M (89%)         916M (89%)         916M (89%)          50M (5%)     
[14.200s][info][gc,heap     ] GC(103) y:      Used:      940M (92%)         974M (95%)         108M (11%)         108M (11%)         974M (95%)         108M (11%)    
[14.200s][info][gc,heap     ] GC(103) y: Young Generation Statistics:
[14.200s][info][gc,heap     ] GC(103) y:                Mark Start          Mark End        Relocate Start      Relocate End    
[14.200s][info][gc,heap     ] GC(103) y:      Used:      900M (88%)         934M (91%)          68M (7%)           68M (7%)     
[14.200s][info][gc,heap     ] GC(103) y:      Live:         -                 0M (0%)            0M (0%)            0M (0%)     
[14.200s][info][gc,heap     ] GC(103) y:   Garbage:         -               899M (88%)          33M (3%)           33M (3%)     
[14.200s][info][gc,heap     ] GC(103) y: Allocated:         -                34M (3%)           34M (3%)           34M (3%)     
[14.200s][info][gc,heap     ] GC(103) y: Reclaimed:         -                  -               866M (85%)         866M (85%)    
[14.200s][info][gc,heap     ] GC(103) y:  Promoted:         -                  -                 0M (0%)            0M (0%)     
[14.200s][info][gc,heap     ] GC(103) y: Compacted:         -                  -                  -                 0M (0%)     
[14.200s][info][gc,phases   ] GC(103) y: Young Generation 940M(92%)->108M(11%) 0.002s
[14.200s][info][gc          ] GC(103) Minor Collection (Allocation Rate) 940M(92%)->108M(11%) 0.003s
[14.261s][info][gc          ] GC(104) Minor Collection (Allocation Rate)
[14.261s][info][gc,task     ] GC(104) Using 3 Workers for Young Generation
[14.261s][info][gc,phases   ] GC(104) y: Young Generation
[14.261s][info][gc,phases   ] GC(104) y: Pause Mark Start 0.005ms
[14.262s][info][gc,phases   ] GC(104) y: Concurrent Mark 0.923ms
[14.262s][info][gc,phases   ] GC(104) y: Pause Mark End 0.005ms
[14.262s][info][gc,phases   ] GC(104) y: Concurrent Mark Free 0.000ms
[14.262s][info][gc,phases   ] GC(104) y: Concurrent Reset Relocation Set 0.000ms
[14.263s][info][gc,reloc    ] GC(104) y: Using tenuring threshold: 1 (Computed)
[14.263s][info][gc,phases   ] GC(104) y: Concurrent Select Relocation Set 1.063ms
[14.263s][info][gc,phases   ] GC(104) y: Pause Relocate Start 0.006ms
[14.263s][info][gc,phases   ] GC(104) y: Concurrent Relocate 0.044ms
[14.263s][info][gc,alloc    ] GC(104) y:                         Mark Start        Mark End      Relocate Start    Relocate End   
[14.263s][info][gc,alloc    ] GC(104) y: Allocation Stalls:          0                0                0                0         
[14.263s][info][gc,load     ] GC(104) y: Load: 3.18 (32%) / 3.07 (31%) / 3.16 (32%)
[14.263s][info][gc,mmu      ] GC(104) y: MMU: 2ms/99.0%, 5ms/99.5%, 10ms/99.7%, 20ms/99.7%, 50ms/99.8%, 100ms/99.9%
[14.263s][info][gc,marking  ] GC(104) y: Mark: 2 stripe(s), 2 proactive flush(es), 1 terminate flush(es), 0 completion(s), 0 continuation(s) 
[14.263s][info][gc,marking  ] GC(104) y: Mark Stack Usage: 32M
[14.263s][info][gc,nmethod  ] GC(104) y: NMethods: 1591 registered, 133 unregistered
[14.263s][info][gc,metaspace] GC(104) y: Metaspace: 9M used, 10M committed, 1088M reserved
[14.263s][info][gc,reloc    ] GC(104) y:                        Candidates     Selected     In-Place         Size        Empty    Relocated 
[14.263s][info][gc,reloc    ] GC(104) y: Small Pages:                    3            0            0           6M           4M           0M 
[14.263s][info][gc,reloc    ] GC(104) y: Medium Pages:                  27            0            0         864M         832M           0M 
[14.263s][info][gc,reloc    ] GC(104) y: Large Pages:                    0            0            0           0M           0M           0M 
[14.263s][info][gc,reloc    ] GC(104) y: Forwarding Usage: 0M
[14.263s][info][gc,reloc    ] GC(104) y: Age Table:
[14.263s][info][gc,reloc    ] GC(104) y:                    Live             Garbage             Small              Medium             Large        
[14.263s][info][gc,reloc    ] GC(104) y: Eden               0M (0%)          835M (82%)          2 / 0             26 / 0              0 / 0        
[14.263s][info][gc,reloc    ] GC(104) y: Survivor 1          -                34M (3%)           1 / 0              1 / 0              0 / 0        
[14.263s][info][gc,heap     ] GC(104) y: Min Capacity: 8M(1%)
[14.263s][info][gc,heap     ] GC(104) y: Max Capacity: 1024M(100%)
[14.263s][info][gc,heap     ] GC(104) y: Soft Max Capacity: 1024M(100%)
[14.263s][info][gc,heap     ] GC(104) y: Heap Statistics:
[14.263s][info][gc,heap     ] GC(104) y:                Mark Start          Mark End        Relocate Start      Relocate End           High               Low         
[14.263s][info][gc,heap     ] GC(104) y:  Capacity:     1024M (100%)       1024M (100%)       1024M (100%)       1024M (100%)       1024M (100%)       1024M (100%)   
[14.263s][info][gc,heap     ] GC(104) y:      Free:      114M (11%)          80M (8%)          916M (89%)         916M (89%)         916M (89%)          80M (8%)     
[14.263s][info][gc,heap     ] GC(104) y:      Used:      910M (89%)         944M (92%)         108M (11%)         108M (11%)         944M (92%)         108M (11%)    
[14.263s][info][gc,heap     ] GC(104) y: Young Generation Statistics:
[14.263s][info][gc,heap     ] GC(104) y:                Mark Start          Mark End        Relocate Start      Relocate End    
[14.263s][info][gc,heap     ] GC(104) y:      Used:      870M (85%)         904M (88%)          68M (7%)           68M (7%)     
[14.263s][info][gc,heap     ] GC(104) y:      Live:         -                 0M (0%)            0M (0%)            0M (0%)     
[14.263s][info][gc,heap     ] GC(104) y:   Garbage:         -               869M (85%)          33M (3%)           33M (3%)     
[14.263s][info][gc,heap     ] GC(104) y: Allocated:         -                34M (3%)           34M (3%)           34M (3%)     
[14.263s][info][gc,heap     ] GC(104) y: Reclaimed:         -                  -               836M (82%)         836M (82%)    
[14.263s][info][gc,heap     ] GC(104) y:  Promoted:         -                  -                 0M (0%)            0M (0%)     
[14.263s][info][gc,heap     ] GC(104) y: Compacted:         -                  -                  -                 0M (0%)     
[14.263s][info][gc,phases   ] GC(104) y: Young Generation 910M(89%)->108M(11%) 0.002s
[14.263s][info][gc          ] GC(104) Minor Collection (Allocation Rate) 910M(89%)->108M(11%) 0.003s
[14.322s][info][gc          ] GC(105) Minor Collection (Allocation Rate)
[14.322s][info][gc,task     ] GC(105) Using 3 Workers for Young Generation
[14.322s][info][gc,phases   ] GC(105) y: Young Generation
[14.322s][info][gc,phases   ] GC(105) y: Pause Mark Start 0.005ms
[14.323s][info][gc,phases   ] GC(105) y: Concurrent Mark 0.900ms
[14.323s][info][gc,phases   ] GC(105) y: Pause Mark End 0.005ms
[14.323s][info][gc,phases   ] GC(105) y: Concurrent Mark Free 0.000ms
[14.323s][info][gc,phases   ] GC(105) y: Concurrent Reset Relocation Set 0.000ms
[14.324s][info][gc,reloc    ] GC(105) y: Using tenuring threshold: 1 (Computed)
[14.324s][info][gc,phases   ] GC(105) y: Concurrent Select Relocation Set 1.045ms
[14.324s][info][gc,phases   ] GC(105) y: Pause Relocate Start 0.003ms
[14.324s][info][gc,phases   ] GC(105) y: Concurrent Relocate 0.022ms
[14.324s][info][gc,alloc    ] GC(105) y:                         Mark Start        Mark End      Relocate Start    Relocate End   
[14.324s][info][gc,alloc    ] GC(105) y: Allocation Stalls:          0                0                0                0         
[14.324s][info][gc,load     ] GC(105) y: Load: 3.18 (32%) / 3.07 (31%) / 3.16 (32%)
[14.324s][info][gc,mmu      ] GC(105) y: MMU: 2ms/99.0%, 5ms/99.5%, 10ms/99.7%, 20ms/99.7%, 50ms/99.8%, 100ms/99.9%
[14.324s][info][gc,marking  ] GC(105) y: Mark: 2 stripe(s), 2 proactive flush(es), 1 terminate flush(es), 0 completion(s), 0 continuation(s) 
[14.324s][info][gc,marking  ] GC(105) y: Mark Stack Usage: 32M
[14.324s][info][gc,nmethod  ] GC(105) y: NMethods: 1594 registered, 133 unregistered
[14.324s][info][gc,metaspace] GC(105) y: Metaspace: 9M used, 10M committed, 1088M reserved
[14.324s][info][gc,reloc    ] GC(105) y:                        Candidates     Selected     In-Place         Size        Empty    Relocated 
[14.324s][info][gc,reloc    ] GC(105) y: Small Pages:                    3            0            0           6M           4M           0M 
[14.324s][info][gc,reloc    ] GC(105) y: Medium Pages:                  27            0            0         864M         832M           0M 
[14.324s][info][gc,reloc    ] GC(105) y: Large Pages:                    0            0            0           0M           0M           0M 
[14.324s][info][gc,reloc    ] GC(105) y: Forwarding Usage: 0M
[14.324s][info][gc,reloc    ] GC(105) y: Age Table:
[14.324s][info][gc,reloc    ] GC(105) y:                    Live             Garbage             Small              Medium             Large        
[14.324s][info][gc,reloc    ] GC(105) y: Eden               0M (0%)          835M (82%)          2 / 0             26 / 0              0 / 0        
[14.324s][info][gc,reloc    ] GC(105) y: Survivor 1          -                34M (3%)           1 / 0              1 / 0              0 / 0        
[14.324s][info][gc,heap     ] GC(105) y: Min Capacity: 8M(1%)
[14.324s][info][gc,heap     ] GC(105) y: Max Capacity: 1024M(100%)
[14.324s][info][gc,heap     ] GC(105) y: Soft Max Capacity: 1024M(100%)
[14.325s][info][gc,heap     ] GC(105) y: Heap Statistics:
[14.325s][info][gc,heap     ] GC(105) y:                Mark Start          Mark End        Relocate Start      Relocate End           High               Low         
[14.325s][info][gc,heap     ] GC(105) y:  Capacity:     1024M (100%)       1024M (100%)       1024M (100%)       1024M (100%)       1024M (100%)       1024M (100%)   
[14.325s][info][gc,heap     ] GC(105) y:      Free:      114M (11%)          80M (8%)          916M (89%)         916M (89%)         916M (89%)          80M (8%)     
[14.325s][info][gc,heap     ] GC(105) y:      Used:      910M (89%)         944M (92%)         108M (11%)         108M (11%)         944M (92%)         108M (11%)    
[14.325s][info][gc,heap     ] GC(105) y: Young Generation Statistics:
[14.325s][info][gc,heap     ] GC(105) y:                Mark Start          Mark End        Relocate Start      Relocate End    
[14.325s][info][gc,heap     ] GC(105) y:      Used:      870M (85%)         904M (88%)          68M (7%)           68M (7%)     
[14.325s][info][gc,heap     ] GC(105) y:      Live:         -                 0M (0%)            0M (0%)            0M (0%)     
[14.325s][info][gc,heap     ] GC(105) y:   Garbage:         -               869M (85%)          33M (3%)           33M (3%)     
[14.325s][info][gc,heap     ] GC(105) y: Allocated:         -                34M (3%)           34M (3%)           34M (3%)     
[14.325s][info][gc,heap     ] GC(105) y: Reclaimed:         -                  -               836M (82%)         836M (82%)    
[14.325s][info][gc,heap     ] GC(105) y:  Promoted:         -                  -                 0M (0%)            0M (0%)     
[14.325s][info][gc,heap     ] GC(105) y: Compacted:         -                  -                  -                 0M (0%)     
[14.325s][info][gc,phases   ] GC(105) y: Young Generation 910M(89%)->108M(11%) 0.002s
[14.325s][info][gc          ] GC(105) Minor Collection (Allocation Rate) 910M(89%)->108M(11%) 0.002s
[14.379s][info][gc          ] GC(106) Minor Collection (Allocation Rate)
[14.379s][info][gc,task     ] GC(106) Using 1 Workers for Young Generation
[14.379s][info][gc,phases   ] GC(106) y: Young Generation
[14.379s][info][gc,phases   ] GC(106) y: Pause Mark Start 0.005ms
[14.381s][info][gc,phases   ] GC(106) y: Concurrent Mark 2.252ms
[14.381s][info][gc,phases   ] GC(106) y: Pause Mark End 0.006ms
[14.381s][info][gc,phases   ] GC(106) y: Concurrent Mark Free 0.000ms
[14.381s][info][gc,phases   ] GC(106) y: Concurrent Reset Relocation Set 0.000ms
[14.382s][info][gc,reloc    ] GC(106) y: Using tenuring threshold: 1 (Computed)
[14.382s][info][gc,phases   ] GC(106) y: Concurrent Select Relocation Set 1.039ms
[14.382s][info][gc,phases   ] GC(106) y: Pause Relocate Start 0.004ms
[14.382s][info][gc,phases   ] GC(106) y: Concurrent Relocate 0.015ms
[14.382s][info][gc,alloc    ] GC(106) y:                         Mark Start        Mark End      Relocate Start    Relocate End   
[14.382s][info][gc,alloc    ] GC(106) y: Allocation Stalls:          0                0                0                0         
[14.382s][info][gc,load     ] GC(106) y: Load: 3.18 (32%) / 3.07 (31%) / 3.16 (32%)
[14.382s][info][gc,mmu      ] GC(106) y: MMU: 2ms/99.0%, 5ms/99.5%, 10ms/99.7%, 20ms/99.7%, 50ms/99.8%, 100ms/99.9%
[14.382s][info][gc,marking  ] GC(106) y: Mark: 1 stripe(s), 2 proactive flush(es), 1 terminate flush(es), 0 completion(s), 0 continuation(s) 
[14.382s][info][gc,marking  ] GC(106) y: Mark Stack Usage: 32M
[14.382s][info][gc,nmethod  ] GC(106) y: NMethods: 1594 registered, 133 unregistered
[14.382s][info][gc,metaspace] GC(106) y: Metaspace: 9M used, 10M committed, 1088M reserved
[14.382s][info][gc,reloc    ] GC(106) y:                        Candidates     Selected     In-Place         Size        Empty    Relocated 
[14.382s][info][gc,reloc    ] GC(106) y: Small Pages:                    2            0            0           4M           2M           0M 
[14.382s][info][gc,reloc    ] GC(106) y: Medium Pages:                  25            0            0         800M         768M           0M 
[14.382s][info][gc,reloc    ] GC(106) y: Large Pages:                    0            0            0           0M           0M           0M 
[14.382s][info][gc,reloc    ] GC(106) y: Forwarding Usage: 0M
[14.382s][info][gc,reloc    ] GC(106) y: Age Table:
[14.382s][info][gc,reloc    ] GC(106) y:                    Live             Garbage             Small              Medium             Large        
[14.382s][info][gc,reloc    ] GC(106) y: Eden               0M (0%)          769M (75%)          1 / 0             24 / 0              0 / 0        
[14.382s][info][gc,reloc    ] GC(106) y: Survivor 1          -                34M (3%)           1 / 0              1 / 0              0 / 0        
[14.382s][info][gc,heap     ] GC(106) y: Min Capacity: 8M(1%)
[14.382s][info][gc,heap     ] GC(106) y: Max Capacity: 1024M(100%)
[14.382s][info][gc,heap     ] GC(106) y: Soft Max Capacity: 1024M(100%)
[14.382s][info][gc,heap     ] GC(106) y: Heap Statistics:
[14.382s][info][gc,heap     ] GC(106) y:                Mark Start          Mark End        Relocate Start      Relocate End           High               Low         
[14.382s][info][gc,heap     ] GC(106) y:  Capacity:     1024M (100%)       1024M (100%)       1024M (100%)       1024M (100%)       1024M (100%)       1024M (100%)   
[14.382s][info][gc,heap     ] GC(106) y:      Free:      180M (18%)         146M (14%)         884M (86%)         884M (86%)         884M (86%)         114M (11%)    
[14.382s][info][gc,heap     ] GC(106) y:      Used:      844M (82%)         878M (86%)         140M (14%)         140M (14%)         910M (89%)         140M (14%)    
[14.382s][info][gc,heap     ] GC(106) y: Young Generation Statistics:
[14.382s][info][gc,heap     ] GC(106) y:                Mark Start          Mark End        Relocate Start      Relocate End    
[14.382s][info][gc,heap     ] GC(106) y:      Used:      804M (79%)         838M (82%)         100M (10%)         100M (10%)    
[14.382s][info][gc,heap     ] GC(106) y:      Live:         -                 0M (0%)            0M (0%)            0M (0%)     
[14.382s][info][gc,heap     ] GC(106) y:   Garbage:         -               803M (78%)          33M (3%)           33M (3%)     
[14.382s][info][gc,heap     ] GC(106) y: Allocated:         -                34M (3%)           66M (6%)           66M (6%)     
[14.382s][info][gc,heap     ] GC(106) y: Reclaimed:         -                  -               770M (75%)         770M (75%)    
[14.382s][info][gc,heap     ] GC(106) y:  Promoted:         -                  -                 0M (0%)            0M (0%)     
[14.382s][info][gc,heap     ] GC(106) y: Compacted:         -                  -                  -                 0M (0%)     
[14.382s][info][gc,phases   ] GC(106) y: Young Generation 844M(82%)->140M(14%) 0.004s
[14.382s][info][gc          ] GC(106) Minor Collection (Allocation Rate) 844M(82%)->140M(14%) 0.004s
[14.440s][info][gc          ] GC(107) Minor Collection (Allocation Rate)
[14.440s][info][gc,task     ] GC(107) Using 3 Workers for Young Generation
[14.440s][info][gc,phases   ] GC(107) y: Young Generation
[14.440s][info][gc,phases   ] GC(107) y: Pause Mark Start 0.005ms
[14.441s][info][gc,phases   ] GC(107) y: Concurrent Mark 0.880ms
[14.441s][info][gc,phases   ] GC(107) y: Pause Mark End 0.004ms
[14.441s][info][gc,phases   ] GC(107) y: Concurrent Mark Free 0.000ms
[14.441s][info][gc,phases   ] GC(107) y: Concurrent Reset Relocation Set 0.000ms
[14.442s][info][gc,reloc    ] GC(107) y: Using tenuring threshold: 1 (Computed)
[14.442s][info][gc,phases   ] GC(107) y: Concurrent Select Relocation Set 1.051ms
[14.442s][info][gc,phases   ] GC(107) y: Pause Relocate Start 0.004ms
[14.442s][info][gc,phases   ] GC(107) y: Concurrent Relocate 0.021ms
[14.442s][info][gc,alloc    ] GC(107) y:                         Mark Start        Mark End      Relocate Start    Relocate End   
[14.442s][info][gc,alloc    ] GC(107) y: Allocation Stalls:          0                0                0                0         
[14.442s][info][gc,load     ] GC(107) y: Load: 3.18 (32%) / 3.07 (31%) / 3.16 (32%)
[14.442s][info][gc,mmu      ] GC(107) y: MMU: 2ms/99.0%, 5ms/99.5%, 10ms/99.7%, 20ms/99.7%, 50ms/99.8%, 100ms/99.9%
[14.442s][info][gc,marking  ] GC(107) y: Mark: 2 stripe(s), 2 proactive flush(es), 1 terminate flush(es), 0 completion(s), 0 continuation(s) 
[14.442s][info][gc,marking  ] GC(107) y: Mark Stack Usage: 32M
[14.442s][info][gc,nmethod  ] GC(107) y: NMethods: 1594 registered, 133 unregistered
[14.442s][info][gc,metaspace] GC(107) y: Metaspace: 9M used, 10M committed, 1088M reserved
[14.442s][info][gc,reloc    ] GC(107) y:                        Candidates     Selected     In-Place         Size        Empty    Relocated 
[14.442s][info][gc,reloc    ] GC(107) y: Small Pages:                    3            0            0           6M           4M           0M 
[14.442s][info][gc,reloc    ] GC(107) y: Medium Pages:                  27            0            0         864M         832M           0M 
[14.442s][info][gc,reloc    ] GC(107) y: Large Pages:                    0            0            0           0M           0M           0M 
[14.442s][info][gc,reloc    ] GC(107) y: Forwarding Usage: 0M
[14.442s][info][gc,reloc    ] GC(107) y: Age Table:
[14.442s][info][gc,reloc    ] GC(107) y:                    Live             Garbage             Small              Medium             Large        
[14.442s][info][gc,reloc    ] GC(107) y: Eden               0M (0%)          835M (82%)          2 / 0             26 / 0              0 / 0        
[14.442s][info][gc,reloc    ] GC(107) y: Survivor 1          -                34M (3%)           1 / 0              1 / 0              0 / 0        
[14.442s][info][gc,heap     ] GC(107) y: Min Capacity: 8M(1%)
[14.442s][info][gc,heap     ] GC(107) y: Max Capacity: 1024M(100%)
[14.442s][info][gc,heap     ] GC(107) y: Soft Max Capacity: 1024M(100%)
[14.442s][info][gc,heap     ] GC(107) y: Heap Statistics:
[14.442s][info][gc,heap     ] GC(107) y:                Mark Start          Mark End        Relocate Start      Relocate End           High               Low         
[14.442s][info][gc,heap     ] GC(107) y:  Capacity:     1024M (100%)       1024M (100%)       1024M (100%)       1024M (100%)       1024M (100%)       1024M (100%)   
[14.442s][info][gc,heap     ] GC(107) y:      Free:      114M (11%)          80M (8%)          916M (89%)         916M (89%)         916M (89%)          80M (8%)     
[14.442s][info][gc,heap     ] GC(107) y:      Used:      910M (89%)         944M (92%)         108M (11%)         108M (11%)         944M (92%)         108M (11%)    
[14.442s][info][gc,heap     ] GC(107) y: Young Generation Statistics:
[14.442s][info][gc,heap     ] GC(107) y:                Mark Start          Mark End        Relocate Start      Relocate End    
[14.442s][info][gc,heap     ] GC(107) y:      Used:      870M (85%)         904M (88%)          68M (7%)           68M (7%)     
[14.442s][info][gc,heap     ] GC(107) y:      Live:         -                 0M (0%)            0M (0%)            0M (0%)     
[14.442s][info][gc,heap     ] GC(107) y:   Garbage:         -               869M (85%)          33M (3%)           33M (3%)     
[14.442s][info][gc,heap     ] GC(107) y: Allocated:         -                34M (3%)           34M (3%)           34M (3%)     
[14.442s][info][gc,heap     ] GC(107) y: Reclaimed:         -                  -               836M (82%)         836M (82%)    
[14.442s][info][gc,heap     ] GC(107) y:  Promoted:         -                  -                 0M (0%)            0M (0%)     
[14.442s][info][gc,heap     ] GC(107) y: Compacted:         -                  -                  -                 0M (0%)     
[14.442s][info][gc,phases   ] GC(107) y: Young Generation 910M(89%)->108M(11%) 0.002s
[14.442s][info][gc          ] GC(107) Minor Collection (Allocation Rate) 910M(89%)->108M(11%) 0.002s
[14.496s][info][gc          ] GC(108) Minor Collection (Allocation Rate)
[14.496s][info][gc,task     ] GC(108) Using 1 Workers for Young Generation
[14.496s][info][gc,phases   ] GC(108) y: Young Generation
[14.496s][info][gc,phases   ] GC(108) y: Pause Mark Start 0.004ms
[14.499s][info][gc,phases   ] GC(108) y: Concurrent Mark 2.227ms
[14.499s][info][gc,phases   ] GC(108) y: Pause Mark End 0.006ms
[14.499s][info][gc,phases   ] GC(108) y: Concurrent Mark Free 0.000ms
[14.499s][info][gc,phases   ] GC(108) y: Concurrent Reset Relocation Set 0.000ms
[14.500s][info][gc,reloc    ] GC(108) y: Using tenuring threshold: 1 (Computed)
[14.500s][info][gc,phases   ] GC(108) y: Concurrent Select Relocation Set 1.033ms
[14.500s][info][gc,phases   ] GC(108) y: Pause Relocate Start 0.004ms
[14.500s][info][gc,phases   ] GC(108) y: Concurrent Relocate 0.014ms
[14.500s][info][gc,alloc    ] GC(108) y:                         Mark Start        Mark End      Relocate Start    Relocate End   
[14.500s][info][gc,alloc    ] GC(108) y: Allocation Stalls:          0                0                0                0         
[14.500s][info][gc,load     ] GC(108) y: Load: 3.18 (32%) / 3.07 (31%) / 3.16 (32%)
[14.500s][info][gc,mmu      ] GC(108) y: MMU: 2ms/99.0%, 5ms/99.5%, 10ms/99.7%, 20ms/99.7%, 50ms/99.8%, 100ms/99.9%
[14.500s][info][gc,marking  ] GC(108) y: Mark: 1 stripe(s), 2 proactive flush(es), 1 terminate flush(es), 0 completion(s), 0 continuation(s) 
[14.500s][info][gc,marking  ] GC(108) y: Mark Stack Usage: 32M
[14.500s][info][gc,nmethod  ] GC(108) y: NMethods: 1594 registered, 133 unregistered
[14.500s][info][gc,metaspace] GC(108) y: Metaspace: 9M used, 10M committed, 1088M reserved
[14.500s][info][gc,reloc    ] GC(108) y:                        Candidates     Selected     In-Place         Size        Empty    Relocated 
[14.500s][info][gc,reloc    ] GC(108) y: Small Pages:                    3            0            0           6M           4M           0M 
[14.500s][info][gc,reloc    ] GC(108) y: Medium Pages:                  25            0            0         800M         768M           0M 
[14.500s][info][gc,reloc    ] GC(108) y: Large Pages:                    0            0            0           0M           0M           0M 
[14.500s][info][gc,reloc    ] GC(108) y: Forwarding Usage: 0M
[14.500s][info][gc,reloc    ] GC(108) y: Age Table:
[14.500s][info][gc,reloc    ] GC(108) y:                    Live             Garbage             Small              Medium             Large        
[14.500s][info][gc,reloc    ] GC(108) y: Eden               0M (0%)          771M (75%)          2 / 0             24 / 0              0 / 0        
[14.500s][info][gc,reloc    ] GC(108) y: Survivor 1          -                34M (3%)           1 / 0              1 / 0              0 / 0        
[14.500s][info][gc,heap     ] GC(108) y: Min Capacity: 8M(1%)
[14.500s][info][gc,heap     ] GC(108) y: Max Capacity: 1024M(100%)
[14.500s][info][gc,heap     ] GC(108) y: Soft Max Capacity: 1024M(100%)
[14.500s][info][gc,heap     ] GC(108) y: Heap Statistics:
[14.500s][info][gc,heap     ] GC(108) y:                Mark Start          Mark End        Relocate Start      Relocate End           High               Low         
[14.500s][info][gc,heap     ] GC(108) y:  Capacity:     1024M (100%)       1024M (100%)       1024M (100%)       1024M (100%)       1024M (100%)       1024M (100%)   
[14.500s][info][gc,heap     ] GC(108) y:      Free:      178M (17%)         144M (14%)         884M (86%)         884M (86%)         884M (86%)         112M (11%)    
[14.500s][info][gc,heap     ] GC(108) y:      Used:      846M (83%)         880M (86%)         140M (14%)         140M (14%)         912M (89%)         140M (14%)    
[14.500s][info][gc,heap     ] GC(108) y: Young Generation Statistics:
[14.500s][info][gc,heap     ] GC(108) y:                Mark Start          Mark End        Relocate Start      Relocate End    
[14.500s][info][gc,heap     ] GC(108) y:      Used:      806M (79%)         840M (82%)         100M (10%)         100M (10%)    
[14.500s][info][gc,heap     ] GC(108) y:      Live:         -                 0M (0%)            0M (0%)            0M (0%)     
[14.500s][info][gc,heap     ] GC(108) y:   Garbage:         -               805M (79%)          33M (3%)           33M (3%)     
[14.500s][info][gc,heap     ] GC(108) y: Allocated:         -                34M (3%)           66M (6%)           66M (6%)     
[14.500s][info][gc,heap     ] GC(108) y: Reclaimed:         -                  -               772M (75%)         772M (75%)    
[14.500s][info][gc,heap     ] GC(108) y:  Promoted:         -                  -                 0M (0%)            0M (0%)     
[14.500s][info][gc,heap     ] GC(108) y: Compacted:         -                  -                  -                 0M (0%)     
[14.500s][info][gc,phases   ] GC(108) y: Young Generation 846M(83%)->140M(14%) 0.004s
[14.500s][info][gc          ] GC(108) Minor Collection (Allocation Rate) 846M(83%)->140M(14%) 0.004s
[14.560s][info][gc          ] GC(109) Minor Collection (Allocation Rate)
[14.560s][info][gc,task     ] GC(109) Using 3 Workers for Young Generation
[14.560s][info][gc,phases   ] GC(109) y: Young Generation
[14.560s][info][gc,phases   ] GC(109) y: Pause Mark Start 0.005ms
[14.561s][info][gc,phases   ] GC(109) y: Concurrent Mark 1.036ms
[14.561s][info][gc,phases   ] GC(109) y: Pause Mark End 0.005ms
[14.561s][info][gc,phases   ] GC(109) y: Concurrent Mark Free 0.000ms
[14.561s][info][gc,phases   ] GC(109) y: Concurrent Reset Relocation Set 0.000ms
[14.562s][info][gc,reloc    ] GC(109) y: Using tenuring threshold: 1 (Computed)
[14.562s][info][gc,phases   ] GC(109) y: Concurrent Select Relocation Set 1.058ms
[14.562s][info][gc,phases   ] GC(109) y: Pause Relocate Start 0.005ms
[14.562s][info][gc,phases   ] GC(109) y: Concurrent Relocate 0.038ms
[14.563s][info][gc,alloc    ] GC(109) y:                         Mark Start        Mark End      Relocate Start    Relocate End   
[14.563s][info][gc,alloc    ] GC(109) y: Allocation Stalls:          0                0                0                0         
[14.563s][info][gc,load     ] GC(109) y: Load: 3.18 (32%) / 3.07 (31%) / 3.16 (32%)
[14.563s][info][gc,mmu      ] GC(109) y: MMU: 2ms/99.0%, 5ms/99.5%, 10ms/99.7%, 20ms/99.7%, 50ms/99.8%, 100ms/99.9%
[14.563s][info][gc,marking  ] GC(109) y: Mark: 2 stripe(s), 2 proactive flush(es), 1 terminate flush(es), 0 completion(s), 0 continuation(s) 
[14.563s][info][gc,marking  ] GC(109) y: Mark Stack Usage: 32M
[14.563s][info][gc,nmethod  ] GC(109) y: NMethods: 1594 registered, 133 unregistered
[14.563s][info][gc,metaspace] GC(109) y: Metaspace: 9M used, 10M committed, 1088M reserved
[14.563s][info][gc,reloc    ] GC(109) y:                        Candidates     Selected     In-Place         Size        Empty    Relocated 
[14.563s][info][gc,reloc    ] GC(109) y: Small Pages:                    3            0            0           6M           4M           0M 
[14.563s][info][gc,reloc    ] GC(109) y: Medium Pages:                  28            0            0         896M         864M           0M 
[14.563s][info][gc,reloc    ] GC(109) y: Large Pages:                    0            0            0           0M           0M           0M 
[14.563s][info][gc,reloc    ] GC(109) y: Forwarding Usage: 0M
[14.563s][info][gc,reloc    ] GC(109) y: Age Table:
[14.563s][info][gc,reloc    ] GC(109) y:                    Live             Garbage             Small              Medium             Large        
[14.563s][info][gc,reloc    ] GC(109) y: Eden               0M (0%)          867M (85%)          2 / 0             27 / 0              0 / 0        
[14.563s][info][gc,reloc    ] GC(109) y: Survivor 1          -                34M (3%)           1 / 0              1 / 0              0 / 0        
[14.563s][info][gc,heap     ] GC(109) y: Min Capacity: 8M(1%)
[14.563s][info][gc,heap     ] GC(109) y: Max Capacity: 1024M(100%)
[14.563s][info][gc,heap     ] GC(109) y: Soft Max Capacity: 1024M(100%)
[14.563s][info][gc,heap     ] GC(109) y: Heap Statistics:
[14.563s][info][gc,heap     ] GC(109) y:                Mark Start          Mark End        Relocate Start      Relocate End           High               Low         
[14.563s][info][gc,heap     ] GC(109) y:  Capacity:     1024M (100%)       1024M (100%)       1024M (100%)       1024M (100%)       1024M (100%)       1024M (100%)   
[14.563s][info][gc,heap     ] GC(109) y:      Free:       82M (8%)           48M (5%)          916M (89%)         916M (89%)         916M (89%)          48M (5%)     
[14.563s][info][gc,heap     ] GC(109) y:      Used:      942M (92%)         976M (95%)         108M (11%)         108M (11%)         976M (95%)         108M (11%)    
[14.563s][info][gc,heap     ] GC(109) y: Young Generation Statistics:
[14.563s][info][gc,heap     ] GC(109) y:                Mark Start          Mark End        Relocate Start      Relocate End    
[14.563s][info][gc,heap     ] GC(109) y:      Used:      902M (88%)         936M (91%)          68M (7%)           68M (7%)     
[14.563s][info][gc,heap     ] GC(109) y:      Live:         -                 0M (0%)            0M (0%)            0M (0%)     
[14.563s][info][gc,heap     ] GC(109) y:   Garbage:         -               901M (88%)          33M (3%)           33M (3%)     
[14.563s][info][gc,heap     ] GC(109) y: Allocated:         -                34M (3%)           34M (3%)           34M (3%)     
[14.563s][info][gc,heap     ] GC(109) y: Reclaimed:         -                  -               868M (85%)         868M (85%)    
[14.563s][info][gc,heap     ] GC(109) y:  Promoted:         -                  -                 0M (0%)            0M (0%)     
[14.563s][info][gc,heap     ] GC(109) y: Compacted:         -                  -                  -                 0M (0%)     
[14.563s][info][gc,phases   ] GC(109) y: Young Generation 942M(92%)->108M(11%) 0.002s
[14.563s][info][gc          ] GC(109) Minor Collection (Allocation Rate) 942M(92%)->108M(11%) 0.003s
[14.621s][info][gc          ] GC(110) Minor Collection (Allocation Rate)
[14.621s][info][gc,task     ] GC(110) Using 3 Workers for Young Generation
[14.621s][info][gc,phases   ] GC(110) y: Young Generation
[14.621s][info][gc,phases   ] GC(110) y: Pause Mark Start 0.005ms
[14.622s][info][gc,phases   ] GC(110) y: Concurrent Mark 1.072ms
[14.622s][info][gc,phases   ] GC(110) y: Pause Mark End 0.005ms
[14.622s][info][gc,phases   ] GC(110) y: Concurrent Mark Free 0.000ms
[14.622s][info][gc,phases   ] GC(110) y: Concurrent Reset Relocation Set 0.000ms
[14.623s][info][gc,reloc    ] GC(110) y: Using tenuring threshold: 1 (Computed)
[14.624s][info][gc,phases   ] GC(110) y: Concurrent Select Relocation Set 1.068ms
[14.624s][info][gc,phases   ] GC(110) y: Pause Relocate Start 0.004ms
[14.624s][info][gc,phases   ] GC(110) y: Concurrent Relocate 0.029ms
[14.624s][info][gc,alloc    ] GC(110) y:                         Mark Start        Mark End      Relocate Start    Relocate End   
[14.624s][info][gc,alloc    ] GC(110) y: Allocation Stalls:          0                0                0                0         
[14.624s][info][gc,load     ] GC(110) y: Load: 3.18 (32%) / 3.07 (31%) / 3.16 (32%)
[14.624s][info][gc,mmu      ] GC(110) y: MMU: 2ms/99.0%, 5ms/99.5%, 10ms/99.7%, 20ms/99.7%, 50ms/99.8%, 100ms/99.9%
[14.624s][info][gc,marking  ] GC(110) y: Mark: 2 stripe(s), 2 proactive flush(es), 1 terminate flush(es), 0 completion(s), 0 continuation(s) 
[14.624s][info][gc,marking  ] GC(110) y: Mark Stack Usage: 32M
[14.624s][info][gc,nmethod  ] GC(110) y: NMethods: 1594 registered, 133 unregistered
[14.624s][info][gc,metaspace] GC(110) y: Metaspace: 9M used, 10M committed, 1088M reserved
[14.624s][info][gc,reloc    ] GC(110) y:                        Candidates     Selected     In-Place         Size        Empty    Relocated 
[14.624s][info][gc,reloc    ] GC(110) y: Small Pages:                    3            0            0           6M           4M           0M 
[14.624s][info][gc,reloc    ] GC(110) y: Medium Pages:                  27            0            0         864M         832M           0M 
[14.624s][info][gc,reloc    ] GC(110) y: Large Pages:                    0            0            0           0M           0M           0M 
[14.624s][info][gc,reloc    ] GC(110) y: Forwarding Usage: 0M
[14.624s][info][gc,reloc    ] GC(110) y: Age Table:
[14.624s][info][gc,reloc    ] GC(110) y:                    Live             Garbage             Small              Medium             Large        
[14.624s][info][gc,reloc    ] GC(110) y: Eden               0M (0%)          835M (82%)          2 / 0             26 / 0              0 / 0        
[14.624s][info][gc,reloc    ] GC(110) y: Survivor 1          -                34M (3%)           1 / 0              1 / 0              0 / 0        
[14.624s][info][gc,heap     ] GC(110) y: Min Capacity: 8M(1%)
[14.624s][info][gc,heap     ] GC(110) y: Max Capacity: 1024M(100%)
[14.624s][info][gc,heap     ] GC(110) y: Soft Max Capacity: 1024M(100%)
[14.624s][info][gc,heap     ] GC(110) y: Heap Statistics:
[14.624s][info][gc,heap     ] GC(110) y:                Mark Start          Mark End        Relocate Start      Relocate End           High               Low         
[14.624s][info][gc,heap     ] GC(110) y:  Capacity:     1024M (100%)       1024M (100%)       1024M (100%)       1024M (100%)       1024M (100%)       1024M (100%)   
[14.624s][info][gc,heap     ] GC(110) y:      Free:      114M (11%)          80M (8%)          916M (89%)         916M (89%)         916M (89%)          80M (8%)     
[14.624s][info][gc,heap     ] GC(110) y:      Used:      910M (89%)         944M (92%)         108M (11%)         108M (11%)         944M (92%)         108M (11%)    
[14.624s][info][gc,heap     ] GC(110) y: Young Generation Statistics:
[14.624s][info][gc,heap     ] GC(110) y:                Mark Start          Mark End        Relocate Start      Relocate End    
[14.624s][info][gc,heap     ] GC(110) y:      Used:      870M (85%)         904M (88%)          68M (7%)           68M (7%)     
[14.624s][info][gc,heap     ] GC(110) y:      Live:         -                 0M (0%)            0M (0%)            0M (0%)     
[14.624s][info][gc,heap     ] GC(110) y:   Garbage:         -               869M (85%)          33M (3%)           33M (3%)     
[14.624s][info][gc,heap     ] GC(110) y: Allocated:         -                34M (3%)           34M (3%)           34M (3%)     
[14.624s][info][gc,heap     ] GC(110) y: Reclaimed:         -                  -               836M (82%)         836M (82%)    
[14.624s][info][gc,heap     ] GC(110) y:  Promoted:         -                  -                 0M (0%)            0M (0%)     
[14.624s][info][gc,heap     ] GC(110) y: Compacted:         -                  -                  -                 0M (0%)     
[14.624s][info][gc,phases   ] GC(110) y: Young Generation 910M(89%)->108M(11%) 0.002s
[14.624s][info][gc          ] GC(110) Minor Collection (Allocation Rate) 910M(89%)->108M(11%) 0.003s
[14.683s][info][gc          ] GC(111) Minor Collection (Allocation Rate)
[14.683s][info][gc,task     ] GC(111) Using 3 Workers for Young Generation
[14.683s][info][gc,phases   ] GC(111) y: Young Generation
[14.683s][info][gc,phases   ] GC(111) y: Pause Mark Start 0.004ms
[14.684s][info][gc,phases   ] GC(111) y: Concurrent Mark 1.116ms
[14.684s][info][gc,phases   ] GC(111) y: Pause Mark End 0.005ms
[14.684s][info][gc,phases   ] GC(111) y: Concurrent Mark Free 0.000ms
[14.684s][info][gc,phases   ] GC(111) y: Concurrent Reset Relocation Set 0.000ms
[14.685s][info][gc,reloc    ] GC(111) y: Using tenuring threshold: 1 (Computed)
[14.685s][info][gc,phases   ] GC(111) y: Concurrent Select Relocation Set 1.060ms
[14.685s][info][gc,phases   ] GC(111) y: Pause Relocate Start 0.004ms
[14.685s][info][gc,phases   ] GC(111) y: Concurrent Relocate 0.029ms
[14.685s][info][gc,alloc    ] GC(111) y:                         Mark Start        Mark End      Relocate Start    Relocate End   
[14.685s][info][gc,alloc    ] GC(111) y: Allocation Stalls:          0                0                0                0         
[14.685s][info][gc,load     ] GC(111) y: Load: 3.18 (32%) / 3.07 (31%) / 3.16 (32%)
[14.685s][info][gc,mmu      ] GC(111) y: MMU: 2ms/99.0%, 5ms/99.5%, 10ms/99.7%, 20ms/99.7%, 50ms/99.8%, 100ms/99.9%
[14.685s][info][gc,marking  ] GC(111) y: Mark: 2 stripe(s), 2 proactive flush(es), 1 terminate flush(es), 0 completion(s), 0 continuation(s) 
[14.685s][info][gc,marking  ] GC(111) y: Mark Stack Usage: 32M
[14.685s][info][gc,nmethod  ] GC(111) y: NMethods: 1594 registered, 133 unregistered
[14.685s][info][gc,metaspace] GC(111) y: Metaspace: 9M used, 10M committed, 1088M reserved
[14.685s][info][gc,reloc    ] GC(111) y:                        Candidates     Selected     In-Place         Size        Empty    Relocated 
[14.685s][info][gc,reloc    ] GC(111) y: Small Pages:                    3            0            0           6M           4M           0M 
[14.685s][info][gc,reloc    ] GC(111) y: Medium Pages:                  27            0            0         864M         832M           0M 
[14.685s][info][gc,reloc    ] GC(111) y: Large Pages:                    0            0            0           0M           0M           0M 
[14.685s][info][gc,reloc    ] GC(111) y: Forwarding Usage: 0M
[14.685s][info][gc,reloc    ] GC(111) y: Age Table:
[14.685s][info][gc,reloc    ] GC(111) y:                    Live             Garbage             Small              Medium             Large        
[14.685s][info][gc,reloc    ] GC(111) y: Eden               0M (0%)          835M (82%)          2 / 0             26 / 0              0 / 0        
[14.685s][info][gc,reloc    ] GC(111) y: Survivor 1          -                34M (3%)           1 / 0              1 / 0              0 / 0        
[14.685s][info][gc,heap     ] GC(111) y: Min Capacity: 8M(1%)
[14.685s][info][gc,heap     ] GC(111) y: Max Capacity: 1024M(100%)
[14.685s][info][gc,heap     ] GC(111) y: Soft Max Capacity: 1024M(100%)
[14.685s][info][gc,heap     ] GC(111) y: Heap Statistics:
[14.685s][info][gc,heap     ] GC(111) y:                Mark Start          Mark End        Relocate Start      Relocate End           High               Low         
[14.685s][info][gc,heap     ] GC(111) y:  Capacity:     1024M (100%)       1024M (100%)       1024M (100%)       1024M (100%)       1024M (100%)       1024M (100%)   
[14.685s][info][gc,heap     ] GC(111) y:      Free:      114M (11%)          80M (8%)          916M (89%)         916M (89%)         916M (89%)          80M (8%)     
[14.685s][info][gc,heap     ] GC(111) y:      Used:      910M (89%)         944M (92%)         108M (11%)         108M (11%)         944M (92%)         108M (11%)    
[14.685s][info][gc,heap     ] GC(111) y: Young Generation Statistics:
[14.685s][info][gc,heap     ] GC(111) y:                Mark Start          Mark End        Relocate Start      Relocate End    
[14.685s][info][gc,heap     ] GC(111) y:      Used:      870M (85%)         904M (88%)          68M (7%)           68M (7%)     
[14.685s][info][gc,heap     ] GC(111) y:      Live:         -                 0M (0%)            0M (0%)            0M (0%)     
[14.685s][info][gc,heap     ] GC(111) y:   Garbage:         -               869M (85%)          33M (3%)           33M (3%)     
[14.685s][info][gc,heap     ] GC(111) y: Allocated:         -                34M (3%)           34M (3%)           34M (3%)     
[14.685s][info][gc,heap     ] GC(111) y: Reclaimed:         -                  -               836M (82%)         836M (82%)    
[14.685s][info][gc,heap     ] GC(111) y:  Promoted:         -                  -                 0M (0%)            0M (0%)     
[14.685s][info][gc,heap     ] GC(111) y: Compacted:         -                  -                  -                 0M (0%)     
[14.685s][info][gc,phases   ] GC(111) y: Young Generation 910M(89%)->108M(11%) 0.003s
[14.685s][info][gc          ] GC(111) Minor Collection (Allocation Rate) 910M(89%)->108M(11%) 0.003s
[14.744s][info][gc          ] GC(112) Minor Collection (Allocation Rate)
[14.744s][info][gc,task     ] GC(112) Using 3 Workers for Young Generation
[14.744s][info][gc,phases   ] GC(112) y: Young Generation
[14.744s][info][gc,phases   ] GC(112) y: Pause Mark Start 0.005ms
[14.745s][info][gc,phases   ] GC(112) y: Concurrent Mark 0.949ms
[14.745s][info][gc,phases   ] GC(112) y: Pause Mark End 0.005ms
[14.745s][info][gc,phases   ] GC(112) y: Concurrent Mark Free 0.000ms
[14.745s][info][gc,phases   ] GC(112) y: Concurrent Reset Relocation Set 0.000ms
[14.746s][info][gc,reloc    ] GC(112) y: Using tenuring threshold: 1 (Computed)
[14.746s][info][gc,phases   ] GC(112) y: Concurrent Select Relocation Set 1.075ms
[14.746s][info][gc,phases   ] GC(112) y: Pause Relocate Start 0.006ms
[14.746s][info][gc,phases   ] GC(112) y: Concurrent Relocate 0.025ms
[14.746s][info][gc,alloc    ] GC(112) y:                         Mark Start        Mark End      Relocate Start    Relocate End   
[14.746s][info][gc,alloc    ] GC(112) y: Allocation Stalls:          0                0                0                0         
[14.746s][info][gc,load     ] GC(112) y: Load: 3.18 (32%) / 3.07 (31%) / 3.16 (32%)
[14.746s][info][gc,mmu      ] GC(112) y: MMU: 2ms/99.0%, 5ms/99.5%, 10ms/99.7%, 20ms/99.7%, 50ms/99.8%, 100ms/99.9%
[14.746s][info][gc,marking  ] GC(112) y: Mark: 2 stripe(s), 2 proactive flush(es), 1 terminate flush(es), 0 completion(s), 0 continuation(s) 
[14.746s][info][gc,marking  ] GC(112) y: Mark Stack Usage: 32M
[14.746s][info][gc,nmethod  ] GC(112) y: NMethods: 1594 registered, 133 unregistered
[14.746s][info][gc,metaspace] GC(112) y: Metaspace: 9M used, 10M committed, 1088M reserved
[14.746s][info][gc,reloc    ] GC(112) y:                        Candidates     Selected     In-Place         Size        Empty    Relocated 
[14.746s][info][gc,reloc    ] GC(112) y: Small Pages:                    3            0            0           6M           4M           0M 
[14.746s][info][gc,reloc    ] GC(112) y: Medium Pages:                  27            0            0         864M         832M           0M 
[14.746s][info][gc,reloc    ] GC(112) y: Large Pages:                    0            0            0           0M           0M           0M 
[14.746s][info][gc,reloc    ] GC(112) y: Forwarding Usage: 0M
[14.746s][info][gc,reloc    ] GC(112) y: Age Table:
[14.746s][info][gc,reloc    ] GC(112) y:                    Live             Garbage             Small              Medium             Large        
[14.746s][info][gc,reloc    ] GC(112) y: Eden               0M (0%)          835M (82%)          2 / 0             26 / 0              0 / 0        
[14.746s][info][gc,reloc    ] GC(112) y: Survivor 1          -                34M (3%)           1 / 0              1 / 0              0 / 0        
[14.746s][info][gc,heap     ] GC(112) y: Min Capacity: 8M(1%)
[14.746s][info][gc,heap     ] GC(112) y: Max Capacity: 1024M(100%)
[14.746s][info][gc,heap     ] GC(112) y: Soft Max Capacity: 1024M(100%)
[14.746s][info][gc,heap     ] GC(112) y: Heap Statistics:
[14.746s][info][gc,heap     ] GC(112) y:                Mark Start          Mark End        Relocate Start      Relocate End           High               Low         
[14.746s][info][gc,heap     ] GC(112) y:  Capacity:     1024M (100%)       1024M (100%)       1024M (100%)       1024M (100%)       1024M (100%)       1024M (100%)   
[14.746s][info][gc,heap     ] GC(112) y:      Free:      114M (11%)          80M (8%)          916M (89%)         916M (89%)         916M (89%)          80M (8%)     
[14.746s][info][gc,heap     ] GC(112) y:      Used:      910M (89%)         944M (92%)         108M (11%)         108M (11%)         944M (92%)         108M (11%)    
[14.746s][info][gc,heap     ] GC(112) y: Young Generation Statistics:
[14.746s][info][gc,heap     ] GC(112) y:                Mark Start          Mark End        Relocate Start      Relocate End    
[14.746s][info][gc,heap     ] GC(112) y:      Used:      870M (85%)         904M (88%)          68M (7%)           68M (7%)     
[14.746s][info][gc,heap     ] GC(112) y:      Live:         -                 0M (0%)            0M (0%)            0M (0%)     
[14.746s][info][gc,heap     ] GC(112) y:   Garbage:         -               869M (85%)          33M (3%)           33M (3%)     
[14.746s][info][gc,heap     ] GC(112) y: Allocated:         -                34M (3%)           34M (3%)           34M (3%)     
[14.746s][info][gc,heap     ] GC(112) y: Reclaimed:         -                  -               836M (82%)         836M (82%)    
[14.746s][info][gc,heap     ] GC(112) y:  Promoted:         -                  -                 0M (0%)            0M (0%)     
[14.746s][info][gc,heap     ] GC(112) y: Compacted:         -                  -                  -                 0M (0%)     
[14.746s][info][gc,phases   ] GC(112) y: Young Generation 910M(89%)->108M(11%) 0.002s
[14.746s][info][gc          ] GC(112) Minor Collection (Allocation Rate) 910M(89%)->108M(11%) 0.003s
[14.805s][info][gc          ] GC(113) Minor Collection (Allocation Rate)
[14.805s][info][gc,task     ] GC(113) Using 3 Workers for Young Generation
[14.805s][info][gc,phases   ] GC(113) y: Young Generation
[14.805s][info][gc,phases   ] GC(113) y: Pause Mark Start 0.004ms
[14.806s][info][gc,phases   ] GC(113) y: Concurrent Mark 0.983ms
[14.806s][info][gc,phases   ] GC(113) y: Pause Mark End 0.005ms
[14.807s][info][gc,phases   ] GC(113) y: Concurrent Mark Free 0.000ms
[14.807s][info][gc,phases   ] GC(113) y: Concurrent Reset Relocation Set 0.000ms
[14.808s][info][gc,reloc    ] GC(113) y: Using tenuring threshold: 1 (Computed)
[14.808s][info][gc,phases   ] GC(113) y: Concurrent Select Relocation Set 1.067ms
[14.808s][info][gc,phases   ] GC(113) y: Pause Relocate Start 0.005ms
[14.808s][info][gc,phases   ] GC(113) y: Concurrent Relocate 0.027ms
[14.808s][info][gc,alloc    ] GC(113) y:                         Mark Start        Mark End      Relocate Start    Relocate End   
[14.808s][info][gc,alloc    ] GC(113) y: Allocation Stalls:          0                0                0                0         
[14.808s][info][gc,load     ] GC(113) y: Load: 3.18 (32%) / 3.07 (31%) / 3.16 (32%)
[14.808s][info][gc,mmu      ] GC(113) y: MMU: 2ms/99.0%, 5ms/99.5%, 10ms/99.7%, 20ms/99.7%, 50ms/99.8%, 100ms/99.9%
[14.808s][info][gc,marking  ] GC(113) y: Mark: 2 stripe(s), 2 proactive flush(es), 1 terminate flush(es), 0 completion(s), 0 continuation(s) 
[14.808s][info][gc,marking  ] GC(113) y: Mark Stack Usage: 32M
[14.808s][info][gc,nmethod  ] GC(113) y: NMethods: 1594 registered, 133 unregistered
[14.808s][info][gc,metaspace] GC(113) y: Metaspace: 9M used, 10M committed, 1088M reserved
[14.808s][info][gc,reloc    ] GC(113) y:                        Candidates     Selected     In-Place         Size        Empty    Relocated 
[14.808s][info][gc,reloc    ] GC(113) y: Small Pages:                    3            0            0           6M           4M           0M 
[14.808s][info][gc,reloc    ] GC(113) y: Medium Pages:                  27            0            0         864M         832M           0M 
[14.808s][info][gc,reloc    ] GC(113) y: Large Pages:                    0            0            0           0M           0M           0M 
[14.808s][info][gc,reloc    ] GC(113) y: Forwarding Usage: 0M
[14.808s][info][gc,reloc    ] GC(113) y: Age Table:
[14.808s][info][gc,reloc    ] GC(113) y:                    Live             Garbage             Small              Medium             Large        
[14.808s][info][gc,reloc    ] GC(113) y: Eden               0M (0%)          835M (82%)          2 / 0             26 / 0              0 / 0        
[14.808s][info][gc,reloc    ] GC(113) y: Survivor 1          -                34M (3%)           1 / 0              1 / 0              0 / 0        
[14.808s][info][gc,heap     ] GC(113) y: Min Capacity: 8M(1%)
[14.808s][info][gc,heap     ] GC(113) y: Max Capacity: 1024M(100%)
[14.808s][info][gc,heap     ] GC(113) y: Soft Max Capacity: 1024M(100%)
[14.808s][info][gc,heap     ] GC(113) y: Heap Statistics:
[14.808s][info][gc,heap     ] GC(113) y:                Mark Start          Mark End        Relocate Start      Relocate End           High               Low         
[14.808s][info][gc,heap     ] GC(113) y:  Capacity:     1024M (100%)       1024M (100%)       1024M (100%)       1024M (100%)       1024M (100%)       1024M (100%)   
[14.808s][info][gc,heap     ] GC(113) y:      Free:      114M (11%)          80M (8%)          916M (89%)         916M (89%)         916M (89%)          80M (8%)     
[14.808s][info][gc,heap     ] GC(113) y:      Used:      910M (89%)         944M (92%)         108M (11%)         108M (11%)         944M (92%)         108M (11%)    
[14.808s][info][gc,heap     ] GC(113) y: Young Generation Statistics:
[14.808s][info][gc,heap     ] GC(113) y:                Mark Start          Mark End        Relocate Start      Relocate End    
[14.808s][info][gc,heap     ] GC(113) y:      Used:      870M (85%)         904M (88%)          68M (7%)           68M (7%)     
[14.808s][info][gc,heap     ] GC(113) y:      Live:         -                 0M (0%)            0M (0%)            0M (0%)     
[14.808s][info][gc,heap     ] GC(113) y:   Garbage:         -               869M (85%)          33M (3%)           33M (3%)     
[14.808s][info][gc,heap     ] GC(113) y: Allocated:         -                34M (3%)           34M (3%)           34M (3%)     
[14.808s][info][gc,heap     ] GC(113) y: Reclaimed:         -                  -               836M (82%)         836M (82%)    
[14.808s][info][gc,heap     ] GC(113) y:  Promoted:         -                  -                 0M (0%)            0M (0%)     
[14.808s][info][gc,heap     ] GC(113) y: Compacted:         -                  -                  -                 0M (0%)     
[14.808s][info][gc,phases   ] GC(113) y: Young Generation 910M(89%)->108M(11%) 0.002s
[14.808s][info][gc          ] GC(113) Minor Collection (Allocation Rate) 910M(89%)->108M(11%) 0.003s
[14.869s][info][gc          ] GC(114) Minor Collection (Allocation Rate)
[14.869s][info][gc,task     ] GC(114) Using 3 Workers for Young Generation
[14.869s][info][gc,phases   ] GC(114) y: Young Generation
[14.869s][info][gc,phases   ] GC(114) y: Pause Mark Start 0.004ms
[14.870s][info][gc,phases   ] GC(114) y: Concurrent Mark 1.077ms
[14.870s][info][gc,phases   ] GC(114) y: Pause Mark End 0.005ms
[14.870s][info][gc,phases   ] GC(114) y: Concurrent Mark Free 0.000ms
[14.870s][info][gc,phases   ] GC(114) y: Concurrent Reset Relocation Set 0.000ms
[14.871s][info][gc,reloc    ] GC(114) y: Using tenuring threshold: 1 (Computed)
[14.871s][info][gc,phases   ] GC(114) y: Concurrent Select Relocation Set 1.049ms
[14.871s][info][gc,phases   ] GC(114) y: Pause Relocate Start 0.003ms
[14.872s][info][gc,phases   ] GC(114) y: Concurrent Relocate 0.036ms
[14.872s][info][gc,alloc    ] GC(114) y:                         Mark Start        Mark End      Relocate Start    Relocate End   
[14.872s][info][gc,alloc    ] GC(114) y: Allocation Stalls:          0                0                0                0         
[14.872s][info][gc,load     ] GC(114) y: Load: 3.18 (32%) / 3.07 (31%) / 3.16 (32%)
[14.872s][info][gc,mmu      ] GC(114) y: MMU: 2ms/99.0%, 5ms/99.5%, 10ms/99.7%, 20ms/99.7%, 50ms/99.8%, 100ms/99.9%
[14.872s][info][gc,marking  ] GC(114) y: Mark: 2 stripe(s), 2 proactive flush(es), 1 terminate flush(es), 0 completion(s), 0 continuation(s) 
[14.872s][info][gc,marking  ] GC(114) y: Mark Stack Usage: 32M
[14.872s][info][gc,nmethod  ] GC(114) y: NMethods: 1594 registered, 133 unregistered
[14.872s][info][gc,metaspace] GC(114) y: Metaspace: 9M used, 10M committed, 1088M reserved
[14.872s][info][gc,reloc    ] GC(114) y:                        Candidates     Selected     In-Place         Size        Empty    Relocated 
[14.872s][info][gc,reloc    ] GC(114) y: Small Pages:                    3            0            0           6M           4M           0M 
[14.872s][info][gc,reloc    ] GC(114) y: Medium Pages:                  28            0            0         896M         864M           0M 
[14.872s][info][gc,reloc    ] GC(114) y: Large Pages:                    0            0            0           0M           0M           0M 
[14.872s][info][gc,reloc    ] GC(114) y: Forwarding Usage: 0M
[14.872s][info][gc,reloc    ] GC(114) y: Age Table:
[14.872s][info][gc,reloc    ] GC(114) y:                    Live             Garbage             Small              Medium             Large        
[14.872s][info][gc,reloc    ] GC(114) y: Eden               0M (0%)          867M (85%)          2 / 0             27 / 0              0 / 0        
[14.872s][info][gc,reloc    ] GC(114) y: Survivor 1          -                34M (3%)           1 / 0              1 / 0              0 / 0        
[14.872s][info][gc,heap     ] GC(114) y: Min Capacity: 8M(1%)
[14.872s][info][gc,heap     ] GC(114) y: Max Capacity: 1024M(100%)
[14.872s][info][gc,heap     ] GC(114) y: Soft Max Capacity: 1024M(100%)
[14.872s][info][gc,heap     ] GC(114) y: Heap Statistics:
[14.872s][info][gc,heap     ] GC(114) y:                Mark Start          Mark End        Relocate Start      Relocate End           High               Low         
[14.872s][info][gc,heap     ] GC(114) y:  Capacity:     1024M (100%)       1024M (100%)       1024M (100%)       1024M (100%)       1024M (100%)       1024M (100%)   
[14.872s][info][gc,heap     ] GC(114) y:      Free:       82M (8%)           48M (5%)          916M (89%)         916M (89%)         916M (89%)          48M (5%)     
[14.872s][info][gc,heap     ] GC(114) y:      Used:      942M (92%)         976M (95%)         108M (11%)         108M (11%)         976M (95%)         108M (11%)    
[14.872s][info][gc,heap     ] GC(114) y: Young Generation Statistics:
[14.872s][info][gc,heap     ] GC(114) y:                Mark Start          Mark End        Relocate Start      Relocate End    
[14.872s][info][gc,heap     ] GC(114) y:      Used:      902M (88%)         936M (91%)          68M (7%)           68M (7%)     
[14.872s][info][gc,heap     ] GC(114) y:      Live:         -                 0M (0%)            0M (0%)            0M (0%)     
[14.872s][info][gc,heap     ] GC(114) y:   Garbage:         -               901M (88%)          33M (3%)           33M (3%)     
[14.872s][info][gc,heap     ] GC(114) y: Allocated:         -                34M (3%)           34M (3%)           34M (3%)     
[14.872s][info][gc,heap     ] GC(114) y: Reclaimed:         -                  -               868M (85%)         868M (85%)    
[14.872s][info][gc,heap     ] GC(114) y:  Promoted:         -                  -                 0M (0%)            0M (0%)     
[14.872s][info][gc,heap     ] GC(114) y: Compacted:         -                  -                  -                 0M (0%)     
[14.872s][info][gc,phases   ] GC(114) y: Young Generation 942M(92%)->108M(11%) 0.002s
[14.872s][info][gc          ] GC(114) Minor Collection (Allocation Rate) 942M(92%)->108M(11%) 0.003s
[14.933s][info][gc          ] GC(115) Minor Collection (Allocation Rate)
[14.933s][info][gc,task     ] GC(115) Using 3 Workers for Young Generation
[14.933s][info][gc,phases   ] GC(115) y: Young Generation
[14.933s][info][gc,phases   ] GC(115) y: Pause Mark Start 0.004ms
[14.934s][info][gc,phases   ] GC(115) y: Concurrent Mark 0.952ms
[14.934s][info][gc,phases   ] GC(115) y: Pause Mark End 0.005ms
[14.934s][info][gc,phases   ] GC(115) y: Concurrent Mark Free 0.000ms
[14.934s][info][gc,phases   ] GC(115) y: Concurrent Reset Relocation Set 0.000ms
[14.935s][info][gc,reloc    ] GC(115) y: Using tenuring threshold: 1 (Computed)
[14.935s][info][gc,phases   ] GC(115) y: Concurrent Select Relocation Set 1.056ms
[14.935s][info][gc,phases   ] GC(115) y: Pause Relocate Start 0.003ms
[14.935s][info][gc,phases   ] GC(115) y: Concurrent Relocate 0.020ms
[14.935s][info][gc,alloc    ] GC(115) y:                         Mark Start        Mark End      Relocate Start    Relocate End   
[14.935s][info][gc,alloc    ] GC(115) y: Allocation Stalls:          0                0                0                0         
[14.935s][info][gc,load     ] GC(115) y: Load: 3.18 (32%) / 3.07 (31%) / 3.16 (32%)
[14.935s][info][gc,mmu      ] GC(115) y: MMU: 2ms/99.0%, 5ms/99.5%, 10ms/99.7%, 20ms/99.7%, 50ms/99.8%, 100ms/99.9%
[14.935s][info][gc,marking  ] GC(115) y: Mark: 2 stripe(s), 2 proactive flush(es), 1 terminate flush(es), 0 completion(s), 0 continuation(s) 
[14.935s][info][gc,marking  ] GC(115) y: Mark Stack Usage: 32M
[14.935s][info][gc,nmethod  ] GC(115) y: NMethods: 1594 registered, 133 unregistered
[14.935s][info][gc,metaspace] GC(115) y: Metaspace: 9M used, 10M committed, 1088M reserved
[14.935s][info][gc,reloc    ] GC(115) y:                        Candidates     Selected     In-Place         Size        Empty    Relocated 
[14.935s][info][gc,reloc    ] GC(115) y: Small Pages:                    3            0            0           6M           4M           0M 
[14.935s][info][gc,reloc    ] GC(115) y: Medium Pages:                  28            0            0         896M         864M           0M 
[14.935s][info][gc,reloc    ] GC(115) y: Large Pages:                    0            0            0           0M           0M           0M 
[14.935s][info][gc,reloc    ] GC(115) y: Forwarding Usage: 0M
[14.935s][info][gc,reloc    ] GC(115) y: Age Table:
[14.935s][info][gc,reloc    ] GC(115) y:                    Live             Garbage             Small              Medium             Large        
[14.935s][info][gc,reloc    ] GC(115) y: Eden               0M (0%)          867M (85%)          2 / 0             27 / 0              0 / 0        
[14.935s][info][gc,reloc    ] GC(115) y: Survivor 1          -                34M (3%)           1 / 0              1 / 0              0 / 0        
[14.935s][info][gc,heap     ] GC(115) y: Min Capacity: 8M(1%)
[14.935s][info][gc,heap     ] GC(115) y: Max Capacity: 1024M(100%)
[14.935s][info][gc,heap     ] GC(115) y: Soft Max Capacity: 1024M(100%)
[14.935s][info][gc,heap     ] GC(115) y: Heap Statistics:
[14.935s][info][gc,heap     ] GC(115) y:                Mark Start          Mark End        Relocate Start      Relocate End           High               Low         
[14.935s][info][gc,heap     ] GC(115) y:  Capacity:     1024M (100%)       1024M (100%)       1024M (100%)       1024M (100%)       1024M (100%)       1024M (100%)   
[14.935s][info][gc,heap     ] GC(115) y:      Free:       82M (8%)           48M (5%)          916M (89%)         916M (89%)         916M (89%)          48M (5%)     
[14.935s][info][gc,heap     ] GC(115) y:      Used:      942M (92%)         976M (95%)         108M (11%)         108M (11%)         976M (95%)         108M (11%)    
[14.935s][info][gc,heap     ] GC(115) y: Young Generation Statistics:
[14.935s][info][gc,heap     ] GC(115) y:                Mark Start          Mark End        Relocate Start      Relocate End    
[14.935s][info][gc,heap     ] GC(115) y:      Used:      902M (88%)         936M (91%)          68M (7%)           68M (7%)     
[14.935s][info][gc,heap     ] GC(115) y:      Live:         -                 0M (0%)            0M (0%)            0M (0%)     
[14.935s][info][gc,heap     ] GC(115) y:   Garbage:         -               901M (88%)          33M (3%)           33M (3%)     
[14.935s][info][gc,heap     ] GC(115) y: Allocated:         -                34M (3%)           34M (3%)           34M (3%)     
[14.935s][info][gc,heap     ] GC(115) y: Reclaimed:         -                  -               868M (85%)         868M (85%)    
[14.935s][info][gc,heap     ] GC(115) y:  Promoted:         -                  -                 0M (0%)            0M (0%)     
[14.935s][info][gc,heap     ] GC(115) y: Compacted:         -                  -                  -                 0M (0%)     
[14.935s][info][gc,phases   ] GC(115) y: Young Generation 942M(92%)->108M(11%) 0.002s
[14.935s][info][gc          ] GC(115) Minor Collection (Allocation Rate) 942M(92%)->108M(11%) 0.002s
[14.970s][info][gc          ] GC(116) Major Collection (Proactive)
[14.970s][info][gc,task     ] GC(116) Using 1 Workers for Young Generation
[14.970s][info][gc,task     ] GC(116) Using 1 Workers for Old Generation
[14.970s][info][gc,phases   ] GC(116) Y: Young Generation
[14.970s][info][gc,phases   ] GC(116) Y: Pause Mark Start (Major) 0.005ms
[14.971s][info][gc,phases   ] GC(116) Y: Concurrent Mark 1.440ms
[14.971s][info][gc,phases   ] GC(116) Y: Pause Mark End 0.005ms
[14.971s][info][gc,phases   ] GC(116) Y: Concurrent Mark Free 0.000ms
[14.971s][info][gc,phases   ] GC(116) Y: Concurrent Reset Relocation Set 0.000ms
[14.972s][info][gc,reloc    ] GC(116) Y: Using tenuring threshold: 1 (Computed)
[14.972s][info][gc,phases   ] GC(116) Y: Concurrent Select Relocation Set 1.030ms
[14.972s][info][gc,phases   ] GC(116) Y: Pause Relocate Start 0.003ms
[14.972s][info][gc,phases   ] GC(116) Y: Concurrent Relocate 0.014ms
[14.972s][info][gc,alloc    ] GC(116) Y:                         Mark Start        Mark End      Relocate Start    Relocate End   
[14.972s][info][gc,alloc    ] GC(116) Y: Allocation Stalls:          0                0                0                0         
[14.972s][info][gc,load     ] GC(116) Y: Load: 3.18 (32%) / 3.07 (31%) / 3.16 (32%)
[14.972s][info][gc,mmu      ] GC(116) Y: MMU: 2ms/99.0%, 5ms/99.5%, 10ms/99.7%, 20ms/99.7%, 50ms/99.8%, 100ms/99.9%
[14.973s][info][gc,marking  ] GC(116) Y: Mark: 1 stripe(s), 2 proactive flush(es), 1 terminate flush(es), 0 completion(s), 0 continuation(s) 
[14.973s][info][gc,marking  ] GC(116) Y: Mark Stack Usage: 32M
[14.973s][info][gc,nmethod  ] GC(116) Y: NMethods: 1594 registered, 133 unregistered
[14.973s][info][gc,metaspace] GC(116) Y: Metaspace: 9M used, 10M committed, 1088M reserved
[14.973s][info][gc,reloc    ] GC(116) Y:                        Candidates     Selected     In-Place         Size        Empty    Relocated 
[14.973s][info][gc,reloc    ] GC(116) Y: Small Pages:                    2            0            0           4M           2M           0M 
[14.973s][info][gc,reloc    ] GC(116) Y: Medium Pages:                  17            0            0         544M         512M           0M 
[14.973s][info][gc,reloc    ] GC(116) Y: Large Pages:                    0            0            0           0M           0M           0M 
[14.973s][info][gc,reloc    ] GC(116) Y: Forwarding Usage: 0M
[14.973s][info][gc,reloc    ] GC(116) Y: Age Table:
[14.973s][info][gc,reloc    ] GC(116) Y:                    Live             Garbage             Small              Medium             Large        
[14.973s][info][gc,reloc    ] GC(116) Y: Eden               0M (0%)          513M (50%)          1 / 0             16 / 0              0 / 0        
[14.973s][info][gc,reloc    ] GC(116) Y: Survivor 1          -                34M (3%)           1 / 0              1 / 0              0 / 0        
[14.973s][info][gc,heap     ] GC(116) Y: Min Capacity: 8M(1%)
[14.973s][info][gc,heap     ] GC(116) Y: Max Capacity: 1024M(100%)
[14.973s][info][gc,heap     ] GC(116) Y: Soft Max Capacity: 1024M(100%)
[14.973s][info][gc,heap     ] GC(116) Y: Heap Statistics:
[14.973s][info][gc,heap     ] GC(116) Y:                Mark Start          Mark End        Relocate Start      Relocate End           High               Low         
[14.973s][info][gc,heap     ] GC(116) Y:  Capacity:     1024M (100%)       1024M (100%)       1024M (100%)       1024M (100%)       1024M (100%)       1024M (100%)   
[14.973s][info][gc,heap     ] GC(116) Y:      Free:      436M (43%)         402M (39%)         916M (89%)         916M (89%)         916M (89%)         402M (39%)    
[14.973s][info][gc,heap     ] GC(116) Y:      Used:      588M (57%)         622M (61%)         108M (11%)         108M (11%)         622M (61%)         108M (11%)    
[14.973s][info][gc,heap     ] GC(116) Y: Young Generation Statistics:
[14.973s][info][gc,heap     ] GC(116) Y:                Mark Start          Mark End        Relocate Start      Relocate End    
[14.973s][info][gc,heap     ] GC(116) Y:      Used:      548M (54%)         582M (57%)          68M (7%)           68M (7%)     
[14.973s][info][gc,heap     ] GC(116) Y:      Live:         -                 0M (0%)            0M (0%)            0M (0%)     
[14.973s][info][gc,heap     ] GC(116) Y:   Garbage:         -               547M (53%)          33M (3%)           33M (3%)     
[14.973s][info][gc,heap     ] GC(116) Y: Allocated:         -                34M (3%)           34M (3%)           34M (3%)     
[14.973s][info][gc,heap     ] GC(116) Y: Reclaimed:         -                  -               514M (50%)         514M (50%)    
[14.973s][info][gc,heap     ] GC(116) Y:  Promoted:         -                  -                 0M (0%)            0M (0%)     
[14.973s][info][gc,heap     ] GC(116) Y: Compacted:         -                  -                  -                 0M (0%)     
[14.973s][info][gc,phases   ] GC(116) Y: Young Generation 588M(57%)->108M(11%) 0.003s
[14.973s][info][gc,phases   ] GC(116) O: Old Generation
[14.978s][info][gc,phases   ] GC(116) O: Concurrent Mark 5.108ms
[14.978s][info][gc,phases   ] GC(116) O: Pause Mark End 0.008ms
[14.978s][info][gc,phases   ] GC(116) O: Concurrent Mark Free 0.000ms
[14.981s][info][gc,phases   ] GC(116) O: Concurrent Process Non-Strong 2.714ms
[14.981s][info][gc,phases   ] GC(116) O: Concurrent Reset Relocation Set 0.001ms
[14.982s][info][gc,phases   ] GC(116) O: Concurrent Select Relocation Set 1.001ms
[14.982s][info][gc,task     ] GC(116) O: Using 2 Workers for Old Generation
[14.985s][info][gc,task     ] GC(116) O: Using 1 Workers for Old Generation
[14.985s][info][gc,phases   ] GC(116) O: Concurrent Remap Roots 3.754ms
[14.985s][info][gc,phases   ] GC(116) O: Pause Relocate Start 0.006ms
[14.986s][info][gc,phases   ] GC(116) O: Concurrent Relocate 0.796ms
[14.986s][info][gc,alloc    ] GC(116) O:                         Mark Start        Mark End      Relocate Start    Relocate End   
[14.986s][info][gc,alloc    ] GC(116) O: Allocation Stalls:          0                0                0                0         
[14.986s][info][gc,load     ] GC(116) O: Load: 3.18 (32%) / 3.07 (31%) / 3.16 (32%)
[14.986s][info][gc,mmu      ] GC(116) O: MMU: 2ms/99.0%, 5ms/99.5%, 10ms/99.7%, 20ms/99.7%, 50ms/99.8%, 100ms/99.9%
[14.986s][info][gc,marking  ] GC(116) O: Mark: 1 stripe(s), 2 proactive flush(es), 1 terminate flush(es), 0 completion(s), 0 continuation(s) 
[14.986s][info][gc,marking  ] GC(116) O: Mark Stack Usage: 32M
[14.986s][info][gc,nmethod  ] GC(116) O: NMethods: 1582 registered, 145 unregistered
[14.986s][info][gc,metaspace] GC(116) O: Metaspace: 9M used, 10M committed, 1088M reserved
[14.986s][info][gc,ref      ] GC(116) O:                       Encountered   Discovered     Enqueued 
[14.986s][info][gc,ref      ] GC(116) O: Soft References:              372            0            0 
[14.986s][info][gc,ref      ] GC(116) O: Weak References:             1110          834            0 
[14.986s][info][gc,ref      ] GC(116) O: Final References:             880          270            0 
[14.986s][info][gc,ref      ] GC(116) O: Phantom References:            32            2            0 
[14.986s][info][gc,reloc    ] GC(116) O:                        Candidates     Selected     In-Place         Size        Empty    Relocated 
[14.986s][info][gc,reloc    ] GC(116) O: Small Pages:                    4            1            0           8M           0M           1M 
[14.986s][info][gc,reloc    ] GC(116) O: Medium Pages:                   1            0            0          32M           0M           0M 
[14.986s][info][gc,reloc    ] GC(116) O: Large Pages:                    0            0            0           0M           0M           0M 
[14.986s][info][gc,reloc    ] GC(116) O: Forwarding Usage: 0M
[14.986s][info][gc,heap     ] GC(116) O: Min Capacity: 8M(1%)
[14.986s][info][gc,heap     ] GC(116) O: Max Capacity: 1024M(100%)
[14.986s][info][gc,heap     ] GC(116) O: Soft Max Capacity: 1024M(100%)
[14.986s][info][gc,heap     ] GC(116) O: Heap Statistics:
[14.986s][info][gc,heap     ] GC(116) O:                Mark Start          Mark End        Relocate Start      Relocate End           High               Low         
[14.986s][info][gc,heap     ] GC(116) O:  Capacity:     1024M (100%)       1024M (100%)       1024M (100%)       1024M (100%)       1024M (100%)       1024M (100%)   
[14.986s][info][gc,heap     ] GC(116) O:      Free:      436M (43%)         820M (80%)         724M (71%)         724M (71%)         916M (89%)         402M (39%)    
[14.986s][info][gc,heap     ] GC(116) O:      Used:      588M (57%)         204M (20%)         300M (29%)         300M (29%)         622M (61%)         108M (11%)    
[14.986s][info][gc,heap     ] GC(116) O: Old Generation Statistics:
[14.986s][info][gc,heap     ] GC(116) O:                Mark Start          Mark End        Relocate Start      Relocate End    
[14.986s][info][gc,heap     ] GC(116) O:      Used:       40M (4%)           40M (4%)           40M (4%)           40M (4%)     
[14.986s][info][gc,heap     ] GC(116) O:      Live:         -                 4M (0%)            4M (0%)            4M (0%)     
[14.986s][info][gc,heap     ] GC(116) O:   Garbage:         -                35M (3%)           35M (3%)           32M (3%)     
[14.986s][info][gc,heap     ] GC(116) O: Allocated:         -                 0M (0%)            0M (0%)            2M (0%)     
[14.986s][info][gc,heap     ] GC(116) O: Reclaimed:         -                  -                 0M (0%)            2M (0%)     
[14.986s][info][gc,heap     ] GC(116) O: Compacted:         -                  -                  -                 1M (0%)     
[14.986s][info][gc,phases   ] GC(116) O: Old Generation 108M(11%)->300M(29%) 0.014s
[14.986s][info][gc          ] GC(116) Major Collection (Proactive) 588M(57%)->300M(29%) 0.017s
[15.032s][info][gc          ] GC(117) Minor Collection (Allocation Rate)
[15.032s][info][gc,task     ] GC(117) Using 3 Workers for Young Generation
[15.032s][info][gc,phases   ] GC(117) y: Young Generation
[15.032s][info][gc,phases   ] GC(117) y: Pause Mark Start 0.005ms
[15.033s][info][gc,phases   ] GC(117) y: Concurrent Mark 0.939ms
[15.033s][info][gc,phases   ] GC(117) y: Pause Mark End 0.005ms
[15.033s][info][gc,phases   ] GC(117) y: Concurrent Mark Free 0.000ms
[15.033s][info][gc,phases   ] GC(117) y: Concurrent Reset Relocation Set 0.000ms
[15.034s][info][gc,reloc    ] GC(117) y: Using tenuring threshold: 1 (Computed)
[15.034s][info][gc,phases   ] GC(117) y: Concurrent Select Relocation Set 1.046ms
[15.034s][info][gc,phases   ] GC(117) y: Pause Relocate Start 0.004ms
[15.034s][info][gc,phases   ] GC(117) y: Concurrent Relocate 0.023ms
[15.034s][info][gc,alloc    ] GC(117) y:                         Mark Start        Mark End      Relocate Start    Relocate End   
[15.034s][info][gc,alloc    ] GC(117) y: Allocation Stalls:          0                0                0                0         
[15.034s][info][gc,load     ] GC(117) y: Load: 3.18 (32%) / 3.07 (31%) / 3.16 (32%)
[15.034s][info][gc,mmu      ] GC(117) y: MMU: 2ms/99.0%, 5ms/99.5%, 10ms/99.7%, 20ms/99.7%, 50ms/99.8%, 100ms/99.9%
[15.034s][info][gc,marking  ] GC(117) y: Mark: 2 stripe(s), 2 proactive flush(es), 1 terminate flush(es), 0 completion(s), 0 continuation(s) 
[15.034s][info][gc,marking  ] GC(117) y: Mark Stack Usage: 32M
[15.034s][info][gc,nmethod  ] GC(117) y: NMethods: 1582 registered, 145 unregistered
[15.034s][info][gc,metaspace] GC(117) y: Metaspace: 9M used, 10M committed, 1088M reserved
[15.034s][info][gc,reloc    ] GC(117) y:                        Candidates     Selected     In-Place         Size        Empty    Relocated 
[15.034s][info][gc,reloc    ] GC(117) y: Small Pages:                    3            0            0           6M           4M           0M 
[15.034s][info][gc,reloc    ] GC(117) y: Medium Pages:                  27            0            0         864M         832M           0M 
[15.034s][info][gc,reloc    ] GC(117) y: Large Pages:                    0            0            0           0M           0M           0M 
[15.034s][info][gc,reloc    ] GC(117) y: Forwarding Usage: 0M
[15.034s][info][gc,reloc    ] GC(117) y: Age Table:
[15.034s][info][gc,reloc    ] GC(117) y:                    Live             Garbage             Small              Medium             Large        
[15.034s][info][gc,reloc    ] GC(117) y: Eden               0M (0%)          835M (82%)          2 / 0             26 / 0              0 / 0        
[15.034s][info][gc,reloc    ] GC(117) y: Survivor 1          -                34M (3%)           1 / 0              1 / 0              0 / 0        
[15.034s][info][gc,heap     ] GC(117) y: Min Capacity: 8M(1%)
[15.034s][info][gc,heap     ] GC(117) y: Max Capacity: 1024M(100%)
[15.034s][info][gc,heap     ] GC(117) y: Soft Max Capacity: 1024M(100%)
[15.034s][info][gc,heap     ] GC(117) y: Heap Statistics:
[15.034s][info][gc,heap     ] GC(117) y:                Mark Start          Mark End        Relocate Start      Relocate End           High               Low         
[15.034s][info][gc,heap     ] GC(117) y:  Capacity:     1024M (100%)       1024M (100%)       1024M (100%)       1024M (100%)       1024M (100%)       1024M (100%)   
[15.034s][info][gc,heap     ] GC(117) y:      Free:      114M (11%)          80M (8%)          916M (89%)         916M (89%)         916M (89%)          80M (8%)     
[15.034s][info][gc,heap     ] GC(117) y:      Used:      910M (89%)         944M (92%)         108M (11%)         108M (11%)         944M (92%)         108M (11%)    
[15.034s][info][gc,heap     ] GC(117) y: Young Generation Statistics:
[15.034s][info][gc,heap     ] GC(117) y:                Mark Start          Mark End        Relocate Start      Relocate End    
[15.034s][info][gc,heap     ] GC(117) y:      Used:      870M (85%)         904M (88%)          68M (7%)           68M (7%)     
[15.034s][info][gc,heap     ] GC(117) y:      Live:         -                 0M (0%)            0M (0%)            0M (0%)     
[15.034s][info][gc,heap     ] GC(117) y:   Garbage:         -               869M (85%)          33M (3%)           33M (3%)     
[15.034s][info][gc,heap     ] GC(117) y: Allocated:         -                34M (3%)           34M (3%)           34M (3%)     
[15.034s][info][gc,heap     ] GC(117) y: Reclaimed:         -                  -               836M (82%)         836M (82%)    
[15.034s][info][gc,heap     ] GC(117) y:  Promoted:         -                  -                 0M (0%)            0M (0%)     
[15.034s][info][gc,heap     ] GC(117) y: Compacted:         -                  -                  -                 0M (0%)     
[15.034s][info][gc,phases   ] GC(117) y: Young Generation 910M(89%)->108M(11%) 0.002s
[15.034s][info][gc          ] GC(117) Minor Collection (Allocation Rate) 910M(89%)->108M(11%) 0.002s
[15.086s][info][gc          ] GC(118) Minor Collection (Allocation Rate)
[15.086s][info][gc,task     ] GC(118) Using 1 Workers for Young Generation
[15.086s][info][gc,phases   ] GC(118) y: Young Generation
[15.086s][info][gc,phases   ] GC(118) y: Pause Mark Start 0.005ms
[15.088s][info][gc,phases   ] GC(118) y: Concurrent Mark 2.172ms
[15.088s][info][gc,phases   ] GC(118) y: Pause Mark End 0.006ms
[15.088s][info][gc,phases   ] GC(118) y: Concurrent Mark Free 0.000ms
[15.088s][info][gc,phases   ] GC(118) y: Concurrent Reset Relocation Set 0.000ms
[15.089s][info][gc,reloc    ] GC(118) y: Using tenuring threshold: 1 (Computed)
[15.089s][info][gc,phases   ] GC(118) y: Concurrent Select Relocation Set 1.047ms
[15.090s][info][gc,phases   ] GC(118) y: Pause Relocate Start 0.004ms
[15.090s][info][gc,phases   ] GC(118) y: Concurrent Relocate 0.013ms
[15.090s][info][gc,alloc    ] GC(118) y:                         Mark Start        Mark End      Relocate Start    Relocate End   
[15.090s][info][gc,alloc    ] GC(118) y: Allocation Stalls:          0                0                0                0         
[15.090s][info][gc,load     ] GC(118) y: Load: 3.18 (32%) / 3.07 (31%) / 3.16 (32%)
[15.090s][info][gc,mmu      ] GC(118) y: MMU: 2ms/99.0%, 5ms/99.5%, 10ms/99.7%, 20ms/99.7%, 50ms/99.8%, 100ms/99.9%
[15.090s][info][gc,marking  ] GC(118) y: Mark: 1 stripe(s), 2 proactive flush(es), 1 terminate flush(es), 0 completion(s), 0 continuation(s) 
[15.090s][info][gc,marking  ] GC(118) y: Mark Stack Usage: 32M
[15.090s][info][gc,nmethod  ] GC(118) y: NMethods: 1582 registered, 145 unregistered
[15.090s][info][gc,metaspace] GC(118) y: Metaspace: 9M used, 10M committed, 1088M reserved
[15.090s][info][gc,reloc    ] GC(118) y:                        Candidates     Selected     In-Place         Size        Empty    Relocated 
[15.090s][info][gc,reloc    ] GC(118) y: Small Pages:                    2            0            0           4M           2M           0M 
[15.090s][info][gc,reloc    ] GC(118) y: Medium Pages:                  24            0            0         768M         736M           0M 
[15.090s][info][gc,reloc    ] GC(118) y: Large Pages:                    0            0            0           0M           0M           0M 
[15.090s][info][gc,reloc    ] GC(118) y: Forwarding Usage: 0M
[15.090s][info][gc,reloc    ] GC(118) y: Age Table:
[15.090s][info][gc,reloc    ] GC(118) y:                    Live             Garbage             Small              Medium             Large        
[15.090s][info][gc,reloc    ] GC(118) y: Eden               0M (0%)          737M (72%)          1 / 0             23 / 0              0 / 0        
[15.090s][info][gc,reloc    ] GC(118) y: Survivor 1          -                34M (3%)           1 / 0              1 / 0              0 / 0        
[15.090s][info][gc,heap     ] GC(118) y: Min Capacity: 8M(1%)
[15.090s][info][gc,heap     ] GC(118) y: Max Capacity: 1024M(100%)
[15.090s][info][gc,heap     ] GC(118) y: Soft Max Capacity: 1024M(100%)
[15.090s][info][gc,heap     ] GC(118) y: Heap Statistics:
[15.090s][info][gc,heap     ] GC(118) y:                Mark Start          Mark End        Relocate Start      Relocate End           High               Low         
[15.090s][info][gc,heap     ] GC(118) y:  Capacity:     1024M (100%)       1024M (100%)       1024M (100%)       1024M (100%)       1024M (100%)       1024M (100%)   
[15.090s][info][gc,heap     ] GC(118) y:      Free:      212M (21%)         178M (17%)         884M (86%)         884M (86%)         884M (86%)         146M (14%)    
[15.090s][info][gc,heap     ] GC(118) y:      Used:      812M (79%)         846M (83%)         140M (14%)         140M (14%)         878M (86%)         140M (14%)    
[15.090s][info][gc,heap     ] GC(118) y: Young Generation Statistics:
[15.090s][info][gc,heap     ] GC(118) y:                Mark Start          Mark End        Relocate Start      Relocate End    
[15.090s][info][gc,heap     ] GC(118) y:      Used:      772M (75%)         806M (79%)         100M (10%)         100M (10%)    
[15.090s][info][gc,heap     ] GC(118) y:      Live:         -                 0M (0%)            0M (0%)            0M (0%)     
[15.090s][info][gc,heap     ] GC(118) y:   Garbage:         -               771M (75%)          33M (3%)           33M (3%)     
[15.090s][info][gc,heap     ] GC(118) y: Allocated:         -                34M (3%)           66M (6%)           66M (6%)     
[15.090s][info][gc,heap     ] GC(118) y: Reclaimed:         -                  -               738M (72%)         738M (72%)    
[15.090s][info][gc,heap     ] GC(118) y:  Promoted:         -                  -                 0M (0%)            0M (0%)     
[15.090s][info][gc,heap     ] GC(118) y: Compacted:         -                  -                  -                 0M (0%)     
[15.090s][info][gc,phases   ] GC(118) y: Young Generation 812M(79%)->140M(14%) 0.004s
[15.090s][info][gc          ] GC(118) Minor Collection (Allocation Rate) 812M(79%)->140M(14%) 0.004s
[15.145s][info][gc          ] GC(119) Minor Collection (Allocation Rate)
[15.145s][info][gc,task     ] GC(119) Using 1 Workers for Young Generation
[15.145s][info][gc,phases   ] GC(119) y: Young Generation
[15.145s][info][gc,phases   ] GC(119) y: Pause Mark Start 0.004ms
[15.147s][info][gc,phases   ] GC(119) y: Concurrent Mark 1.966ms
[15.147s][info][gc,phases   ] GC(119) y: Pause Mark End 0.006ms
[15.147s][info][gc,phases   ] GC(119) y: Concurrent Mark Free 0.000ms
[15.147s][info][gc,phases   ] GC(119) y: Concurrent Reset Relocation Set 0.000ms
[15.148s][info][gc,reloc    ] GC(119) y: Using tenuring threshold: 1 (Computed)
[15.148s][info][gc,phases   ] GC(119) y: Concurrent Select Relocation Set 1.108ms
[15.148s][info][gc,phases   ] GC(119) y: Pause Relocate Start 0.006ms
[15.149s][info][gc,phases   ] GC(119) y: Concurrent Relocate 0.029ms
[15.149s][info][gc,alloc    ] GC(119) y:                         Mark Start        Mark End      Relocate Start    Relocate End   
[15.149s][info][gc,alloc    ] GC(119) y: Allocation Stalls:          0                0                0                0         
[15.149s][info][gc,load     ] GC(119) y: Load: 3.18 (32%) / 3.07 (31%) / 3.16 (32%)
[15.149s][info][gc,mmu      ] GC(119) y: MMU: 2ms/99.0%, 5ms/99.5%, 10ms/99.7%, 20ms/99.7%, 50ms/99.8%, 100ms/99.9%
[15.149s][info][gc,marking  ] GC(119) y: Mark: 1 stripe(s), 2 proactive flush(es), 1 terminate flush(es), 0 completion(s), 0 continuation(s) 
[15.149s][info][gc,marking  ] GC(119) y: Mark Stack Usage: 32M
[15.149s][info][gc,nmethod  ] GC(119) y: NMethods: 1594 registered, 145 unregistered
[15.149s][info][gc,metaspace] GC(119) y: Metaspace: 9M used, 10M committed, 1088M reserved
[15.149s][info][gc,reloc    ] GC(119) y:                        Candidates     Selected     In-Place         Size        Empty    Relocated 
[15.149s][info][gc,reloc    ] GC(119) y: Small Pages:                    2            0            0           4M           2M           0M 
[15.149s][info][gc,reloc    ] GC(119) y: Medium Pages:                  25            0            0         800M         768M           0M 
[15.149s][info][gc,reloc    ] GC(119) y: Large Pages:                    0            0            0           0M           0M           0M 
[15.149s][info][gc,reloc    ] GC(119) y: Forwarding Usage: 0M
[15.149s][info][gc,reloc    ] GC(119) y: Age Table:
[15.149s][info][gc,reloc    ] GC(119) y:                    Live             Garbage             Small              Medium             Large        
[15.149s][info][gc,reloc    ] GC(119) y: Eden               0M (0%)          769M (75%)          1 / 0             24 / 0              0 / 0        
[15.149s][info][gc,reloc    ] GC(119) y: Survivor 1          -                34M (3%)           1 / 0              1 / 0              0 / 0        
[15.149s][info][gc,heap     ] GC(119) y: Min Capacity: 8M(1%)
[15.149s][info][gc,heap     ] GC(119) y: Max Capacity: 1024M(100%)
[15.149s][info][gc,heap     ] GC(119) y: Soft Max Capacity: 1024M(100%)
[15.149s][info][gc,heap     ] GC(119) y: Heap Statistics:
[15.149s][info][gc,heap     ] GC(119) y:                Mark Start          Mark End        Relocate Start      Relocate End           High               Low         
[15.149s][info][gc,heap     ] GC(119) y:  Capacity:     1024M (100%)       1024M (100%)       1024M (100%)       1024M (100%)       1024M (100%)       1024M (100%)   
[15.149s][info][gc,heap     ] GC(119) y:      Free:      180M (18%)         146M (14%)         884M (86%)         884M (86%)         916M (89%)         146M (14%)    
[15.149s][info][gc,heap     ] GC(119) y:      Used:      844M (82%)         878M (86%)         140M (14%)         140M (14%)         878M (86%)         108M (11%)    
[15.149s][info][gc,heap     ] GC(119) y: Young Generation Statistics:
[15.149s][info][gc,heap     ] GC(119) y:                Mark Start          Mark End        Relocate Start      Relocate End    
[15.149s][info][gc,heap     ] GC(119) y:      Used:      804M (79%)         838M (82%)         100M (10%)         100M (10%)    
[15.149s][info][gc,heap     ] GC(119) y:      Live:         -                 0M (0%)            0M (0%)            0M (0%)     
[15.149s][info][gc,heap     ] GC(119) y:   Garbage:         -               803M (78%)          33M (3%)           33M (3%)     
[15.149s][info][gc,heap     ] GC(119) y: Allocated:         -                34M (3%)           66M (6%)           66M (6%)     
[15.149s][info][gc,heap     ] GC(119) y: Reclaimed:         -                  -               770M (75%)         770M (75%)    
[15.149s][info][gc,heap     ] GC(119) y:  Promoted:         -                  -                 0M (0%)            0M (0%)     
[15.149s][info][gc,heap     ] GC(119) y: Compacted:         -                  -                  -                 0M (0%)     
[15.149s][info][gc,phases   ] GC(119) y: Young Generation 844M(82%)->140M(14%) 0.003s
[15.149s][info][gc          ] GC(119) Minor Collection (Allocation Rate) 844M(82%)->140M(14%) 0.004s
[15.218s][info][gc          ] GC(120) Minor Collection (Allocation Rate)
[15.218s][info][gc,task     ] GC(120) Using 3 Workers for Young Generation
[15.218s][info][gc,phases   ] GC(120) y: Young Generation
[15.218s][info][gc,phases   ] GC(120) y: Pause Mark Start 0.004ms
[15.219s][info][gc,phases   ] GC(120) y: Concurrent Mark 1.012ms
[15.219s][info][gc,phases   ] GC(120) y: Pause Mark End 0.005ms
[15.220s][info][gc,phases   ] GC(120) y: Concurrent Mark Free 0.000ms
[15.220s][info][gc,phases   ] GC(120) y: Concurrent Reset Relocation Set 0.000ms
[15.221s][info][gc,reloc    ] GC(120) y: Using tenuring threshold: 1 (Computed)
[15.221s][info][gc,phases   ] GC(120) y: Concurrent Select Relocation Set 1.069ms
[15.221s][info][gc,phases   ] GC(120) y: Pause Relocate Start 0.004ms
[15.221s][info][gc,phases   ] GC(120) y: Concurrent Relocate 0.045ms
[15.221s][info][gc,alloc    ] GC(120) y:                         Mark Start        Mark End      Relocate Start    Relocate End   
[15.221s][info][gc,alloc    ] GC(120) y: Allocation Stalls:          0                0                0                0         
[15.221s][info][gc,load     ] GC(120) y: Load: 3.18 (32%) / 3.07 (31%) / 3.16 (32%)
[15.221s][info][gc,mmu      ] GC(120) y: MMU: 2ms/99.0%, 5ms/99.5%, 10ms/99.7%, 20ms/99.7%, 50ms/99.8%, 100ms/99.9%
[15.221s][info][gc,marking  ] GC(120) y: Mark: 2 stripe(s), 2 proactive flush(es), 1 terminate flush(es), 0 completion(s), 0 continuation(s) 
[15.221s][info][gc,marking  ] GC(120) y: Mark Stack Usage: 32M
[15.221s][info][gc,nmethod  ] GC(120) y: NMethods: 1597 registered, 145 unregistered
[15.221s][info][gc,metaspace] GC(120) y: Metaspace: 9M used, 10M committed, 1088M reserved
[15.221s][info][gc,reloc    ] GC(120) y:                        Candidates     Selected     In-Place         Size        Empty    Relocated 
[15.221s][info][gc,reloc    ] GC(120) y: Small Pages:                    2            0            0           4M           2M           0M 
[15.221s][info][gc,reloc    ] GC(120) y: Medium Pages:                  28            0            0         896M         864M           0M 
[15.221s][info][gc,reloc    ] GC(120) y: Large Pages:                    0            0            0           0M           0M           0M 
[15.221s][info][gc,reloc    ] GC(120) y: Forwarding Usage: 0M
[15.221s][info][gc,reloc    ] GC(120) y: Age Table:
[15.221s][info][gc,reloc    ] GC(120) y:                    Live             Garbage             Small              Medium             Large        
[15.221s][info][gc,reloc    ] GC(120) y: Eden               0M (0%)          865M (84%)          1 / 0             27 / 0              0 / 0        
[15.221s][info][gc,reloc    ] GC(120) y: Survivor 1          -                34M (3%)           1 / 0              1 / 0              0 / 0        
[15.221s][info][gc,heap     ] GC(120) y: Min Capacity: 8M(1%)
[15.221s][info][gc,heap     ] GC(120) y: Max Capacity: 1024M(100%)
[15.221s][info][gc,heap     ] GC(120) y: Soft Max Capacity: 1024M(100%)
[15.221s][info][gc,heap     ] GC(120) y: Heap Statistics:
[15.221s][info][gc,heap     ] GC(120) y:                Mark Start          Mark End        Relocate Start      Relocate End           High               Low         
[15.221s][info][gc,heap     ] GC(120) y:  Capacity:     1024M (100%)       1024M (100%)       1024M (100%)       1024M (100%)       1024M (100%)       1024M (100%)   
[15.221s][info][gc,heap     ] GC(120) y:      Free:       84M (8%)           50M (5%)          916M (89%)         916M (89%)         916M (89%)          50M (5%)     
[15.221s][info][gc,heap     ] GC(120) y:      Used:      940M (92%)         974M (95%)         108M (11%)         108M (11%)         974M (95%)         108M (11%)    
[15.221s][info][gc,heap     ] GC(120) y: Young Generation Statistics:
[15.221s][info][gc,heap     ] GC(120) y:                Mark Start          Mark End        Relocate Start      Relocate End    
[15.221s][info][gc,heap     ] GC(120) y:      Used:      900M (88%)         934M (91%)          68M (7%)           68M (7%)     
[15.221s][info][gc,heap     ] GC(120) y:      Live:         -                 0M (0%)            0M (0%)            0M (0%)     
[15.221s][info][gc,heap     ] GC(120) y:   Garbage:         -               899M (88%)          33M (3%)           33M (3%)     
[15.221s][info][gc,heap     ] GC(120) y: Allocated:         -                34M (3%)           34M (3%)           34M (3%)     
[15.221s][info][gc,heap     ] GC(120) y: Reclaimed:         -                  -               866M (85%)         866M (85%)    
[15.221s][info][gc,heap     ] GC(120) y:  Promoted:         -                  -                 0M (0%)            0M (0%)     
[15.221s][info][gc,heap     ] GC(120) y: Compacted:         -                  -                  -                 0M (0%)     
[15.221s][info][gc,phases   ] GC(120) y: Young Generation 940M(92%)->108M(11%) 0.002s
[15.221s][info][gc          ] GC(120) Minor Collection (Allocation Rate) 940M(92%)->108M(11%) 0.003s
[15.286s][info][gc          ] GC(121) Minor Collection (Allocation Rate)
[15.286s][info][gc,task     ] GC(121) Using 2 Workers for Young Generation
[15.286s][info][gc,phases   ] GC(121) y: Young Generation
[15.286s][info][gc,phases   ] GC(121) y: Pause Mark Start 0.006ms
[15.287s][info][gc,phases   ] GC(121) y: Concurrent Mark 1.235ms
[15.287s][info][gc,phases   ] GC(121) y: Pause Mark End 0.005ms
[15.287s][info][gc,phases   ] GC(121) y: Concurrent Mark Free 0.000ms
[15.287s][info][gc,phases   ] GC(121) y: Concurrent Reset Relocation Set 0.000ms
[15.288s][info][gc,reloc    ] GC(121) y: Using tenuring threshold: 1 (Computed)
[15.288s][info][gc,phases   ] GC(121) y: Concurrent Select Relocation Set 1.037ms
[15.288s][info][gc,phases   ] GC(121) y: Pause Relocate Start 0.004ms
[15.288s][info][gc,phases   ] GC(121) y: Concurrent Relocate 0.017ms
[15.288s][info][gc,alloc    ] GC(121) y:                         Mark Start        Mark End      Relocate Start    Relocate End   
[15.288s][info][gc,alloc    ] GC(121) y: Allocation Stalls:          0                0                0                0         
[15.288s][info][gc,load     ] GC(121) y: Load: 3.18 (32%) / 3.07 (31%) / 3.16 (32%)
[15.288s][info][gc,mmu      ] GC(121) y: MMU: 2ms/99.0%, 5ms/99.5%, 10ms/99.7%, 20ms/99.7%, 50ms/99.8%, 100ms/99.9%
[15.288s][info][gc,marking  ] GC(121) y: Mark: 2 stripe(s), 2 proactive flush(es), 1 terminate flush(es), 0 completion(s), 0 continuation(s) 
[15.288s][info][gc,marking  ] GC(121) y: Mark Stack Usage: 32M
[15.288s][info][gc,nmethod  ] GC(121) y: NMethods: 1597 registered, 145 unregistered
[15.288s][info][gc,metaspace] GC(121) y: Metaspace: 9M used, 10M committed, 1088M reserved
[15.288s][info][gc,reloc    ] GC(121) y:                        Candidates     Selected     In-Place         Size        Empty    Relocated 
[15.288s][info][gc,reloc    ] GC(121) y: Small Pages:                    2            0            0           4M           2M           0M 
[15.288s][info][gc,reloc    ] GC(121) y: Medium Pages:                  26            0            0         832M         800M           0M 
[15.288s][info][gc,reloc    ] GC(121) y: Large Pages:                    0            0            0           0M           0M           0M 
[15.288s][info][gc,reloc    ] GC(121) y: Forwarding Usage: 0M
[15.288s][info][gc,reloc    ] GC(121) y: Age Table:
[15.288s][info][gc,reloc    ] GC(121) y:                    Live             Garbage             Small              Medium             Large        
[15.288s][info][gc,reloc    ] GC(121) y: Eden               0M (0%)          801M (78%)          1 / 0             25 / 0              0 / 0        
[15.288s][info][gc,reloc    ] GC(121) y: Survivor 1          -                34M (3%)           1 / 0              1 / 0              0 / 0        
[15.288s][info][gc,heap     ] GC(121) y: Min Capacity: 8M(1%)
[15.288s][info][gc,heap     ] GC(121) y: Max Capacity: 1024M(100%)
[15.288s][info][gc,heap     ] GC(121) y: Soft Max Capacity: 1024M(100%)
[15.288s][info][gc,heap     ] GC(121) y: Heap Statistics:
[15.289s][info][gc,heap     ] GC(121) y:                Mark Start          Mark End        Relocate Start      Relocate End           High               Low         
[15.289s][info][gc,heap     ] GC(121) y:  Capacity:     1024M (100%)       1024M (100%)       1024M (100%)       1024M (100%)       1024M (100%)       1024M (100%)   
[15.289s][info][gc,heap     ] GC(121) y:      Free:      148M (14%)         114M (11%)         916M (89%)         916M (89%)         916M (89%)         114M (11%)    
[15.289s][info][gc,heap     ] GC(121) y:      Used:      876M (86%)         910M (89%)         108M (11%)         108M (11%)         910M (89%)         108M (11%)    
[15.289s][info][gc,heap     ] GC(121) y: Young Generation Statistics:
[15.289s][info][gc,heap     ] GC(121) y:                Mark Start          Mark End        Relocate Start      Relocate End    
[15.289s][info][gc,heap     ] GC(121) y:      Used:      836M (82%)         870M (85%)          68M (7%)           68M (7%)     
[15.289s][info][gc,heap     ] GC(121) y:      Live:         -                 0M (0%)            0M (0%)            0M (0%)     
[15.289s][info][gc,heap     ] GC(121) y:   Garbage:         -               835M (82%)          33M (3%)           33M (3%)     
[15.289s][info][gc,heap     ] GC(121) y: Allocated:         -                34M (3%)           34M (3%)           34M (3%)     
[15.289s][info][gc,heap     ] GC(121) y: Reclaimed:         -                  -               802M (78%)         802M (78%)    
[15.289s][info][gc,heap     ] GC(121) y:  Promoted:         -                  -                 0M (0%)            0M (0%)     
[15.289s][info][gc,heap     ] GC(121) y: Compacted:         -                  -                  -                 0M (0%)     
[15.289s][info][gc,phases   ] GC(121) y: Young Generation 876M(86%)->108M(11%) 0.003s
[15.289s][info][gc          ] GC(121) Minor Collection (Allocation Rate) 876M(86%)->108M(11%) 0.003s
[15.356s][info][gc          ] GC(122) Minor Collection (Allocation Rate)
[15.356s][info][gc,task     ] GC(122) Using 3 Workers for Young Generation
[15.356s][info][gc,phases   ] GC(122) y: Young Generation
[15.356s][info][gc,phases   ] GC(122) y: Pause Mark Start 0.004ms
[15.357s][info][gc,phases   ] GC(122) y: Concurrent Mark 1.091ms
[15.357s][info][gc,phases   ] GC(122) y: Pause Mark End 0.004ms
[15.357s][info][gc,phases   ] GC(122) y: Concurrent Mark Free 0.000ms
[15.357s][info][gc,phases   ] GC(122) y: Concurrent Reset Relocation Set 0.000ms
[15.358s][info][gc,reloc    ] GC(122) y: Using tenuring threshold: 1 (Computed)
[15.358s][info][gc,phases   ] GC(122) y: Concurrent Select Relocation Set 1.055ms
[15.359s][info][gc,phases   ] GC(122) y: Pause Relocate Start 0.005ms
[15.359s][info][gc,phases   ] GC(122) y: Concurrent Relocate 0.045ms
[15.359s][info][gc,alloc    ] GC(122) y:                         Mark Start        Mark End      Relocate Start    Relocate End   
[15.359s][info][gc,alloc    ] GC(122) y: Allocation Stalls:          0                0                0                0         
[15.359s][info][gc,load     ] GC(122) y: Load: 3.18 (32%) / 3.07 (31%) / 3.16 (32%)
[15.359s][info][gc,mmu      ] GC(122) y: MMU: 2ms/99.0%, 5ms/99.5%, 10ms/99.7%, 20ms/99.7%, 50ms/99.8%, 100ms/99.9%
[15.359s][info][gc,marking  ] GC(122) y: Mark: 2 stripe(s), 2 proactive flush(es), 1 terminate flush(es), 0 completion(s), 0 continuation(s) 
[15.359s][info][gc,marking  ] GC(122) y: Mark Stack Usage: 32M
[15.359s][info][gc,nmethod  ] GC(122) y: NMethods: 1597 registered, 145 unregistered
[15.359s][info][gc,metaspace] GC(122) y: Metaspace: 9M used, 10M committed, 1088M reserved
[15.359s][info][gc,reloc    ] GC(122) y:                        Candidates     Selected     In-Place         Size        Empty    Relocated 
[15.359s][info][gc,reloc    ] GC(122) y: Small Pages:                    2            0            0           4M           2M           0M 
[15.359s][info][gc,reloc    ] GC(122) y: Medium Pages:                  27            0            0         864M         832M           0M 
[15.359s][info][gc,reloc    ] GC(122) y: Large Pages:                    0            0            0           0M           0M           0M 
[15.359s][info][gc,reloc    ] GC(122) y: Forwarding Usage: 0M
[15.359s][info][gc,reloc    ] GC(122) y: Age Table:
[15.359s][info][gc,reloc    ] GC(122) y:                    Live             Garbage             Small              Medium             Large        
[15.359s][info][gc,reloc    ] GC(122) y: Eden               0M (0%)          833M (81%)          1 / 0             26 / 0              0 / 0        
[15.359s][info][gc,reloc    ] GC(122) y: Survivor 1          -                34M (3%)           1 / 0              1 / 0              0 / 0        
[15.359s][info][gc,heap     ] GC(122) y: Min Capacity: 8M(1%)
[15.359s][info][gc,heap     ] GC(122) y: Max Capacity: 1024M(100%)
[15.359s][info][gc,heap     ] GC(122) y: Soft Max Capacity: 1024M(100%)
[15.359s][info][gc,heap     ] GC(122) y: Heap Statistics:
[15.359s][info][gc,heap     ] GC(122) y:                Mark Start          Mark End        Relocate Start      Relocate End           High               Low         
[15.359s][info][gc,heap     ] GC(122) y:  Capacity:     1024M (100%)       1024M (100%)       1024M (100%)       1024M (100%)       1024M (100%)       1024M (100%)   
[15.359s][info][gc,heap     ] GC(122) y:      Free:      116M (11%)          82M (8%)          916M (89%)         916M (89%)         916M (89%)          82M (8%)     
[15.359s][info][gc,heap     ] GC(122) y:      Used:      908M (89%)         942M (92%)         108M (11%)         108M (11%)         942M (92%)         108M (11%)    
[15.359s][info][gc,heap     ] GC(122) y: Young Generation Statistics:
[15.359s][info][gc,heap     ] GC(122) y:                Mark Start          Mark End        Relocate Start      Relocate End    
[15.359s][info][gc,heap     ] GC(122) y:      Used:      868M (85%)         902M (88%)          68M (7%)           68M (7%)     
[15.359s][info][gc,heap     ] GC(122) y:      Live:         -                 0M (0%)            0M (0%)            0M (0%)     
[15.359s][info][gc,heap     ] GC(122) y:   Garbage:         -               867M (85%)          33M (3%)           33M (3%)     
[15.359s][info][gc,heap     ] GC(122) y: Allocated:         -                34M (3%)           34M (3%)           34M (3%)     
[15.359s][info][gc,heap     ] GC(122) y: Reclaimed:         -                  -               834M (81%)         834M (81%)    
[15.359s][info][gc,heap     ] GC(122) y:  Promoted:         -                  -                 0M (0%)            0M (0%)     
[15.359s][info][gc,heap     ] GC(122) y: Compacted:         -                  -                  -                 0M (0%)     
[15.359s][info][gc,phases   ] GC(122) y: Young Generation 908M(89%)->108M(11%) 0.003s
[15.359s][info][gc          ] GC(122) Minor Collection (Allocation Rate) 908M(89%)->108M(11%) 0.003s
[15.426s][info][gc          ] GC(123) Minor Collection (Allocation Rate)
[15.427s][info][gc,task     ] GC(123) Using 3 Workers for Young Generation
[15.427s][info][gc,phases   ] GC(123) y: Young Generation
[15.427s][info][gc,phases   ] GC(123) y: Pause Mark Start 0.005ms
[15.428s][info][gc,phases   ] GC(123) y: Concurrent Mark 1.027ms
[15.428s][info][gc,phases   ] GC(123) y: Pause Mark End 0.009ms
[15.428s][info][gc,phases   ] GC(123) y: Concurrent Mark Free 0.000ms
[15.428s][info][gc,phases   ] GC(123) y: Concurrent Reset Relocation Set 0.000ms
[15.429s][info][gc,reloc    ] GC(123) y: Using tenuring threshold: 1 (Computed)
[15.429s][info][gc,phases   ] GC(123) y: Concurrent Select Relocation Set 1.059ms
[15.429s][info][gc,phases   ] GC(123) y: Pause Relocate Start 0.005ms
[15.429s][info][gc,phases   ] GC(123) y: Concurrent Relocate 0.030ms
[15.429s][info][gc,alloc    ] GC(123) y:                         Mark Start        Mark End      Relocate Start    Relocate End   
[15.429s][info][gc,alloc    ] GC(123) y: Allocation Stalls:          0                0                0                0         
[15.429s][info][gc,load     ] GC(123) y: Load: 3.18 (32%) / 3.07 (31%) / 3.16 (32%)
[15.429s][info][gc,mmu      ] GC(123) y: MMU: 2ms/99.0%, 5ms/99.5%, 10ms/99.7%, 20ms/99.7%, 50ms/99.8%, 100ms/99.9%
[15.429s][info][gc,marking  ] GC(123) y: Mark: 2 stripe(s), 2 proactive flush(es), 1 terminate flush(es), 0 completion(s), 0 continuation(s) 
[15.429s][info][gc,marking  ] GC(123) y: Mark Stack Usage: 32M
[15.429s][info][gc,nmethod  ] GC(123) y: NMethods: 1598 registered, 145 unregistered
[15.429s][info][gc,metaspace] GC(123) y: Metaspace: 9M used, 10M committed, 1088M reserved
[15.429s][info][gc,reloc    ] GC(123) y:                        Candidates     Selected     In-Place         Size        Empty    Relocated 
[15.429s][info][gc,reloc    ] GC(123) y: Small Pages:                    2            0            0           4M           2M           0M 
[15.429s][info][gc,reloc    ] GC(123) y: Medium Pages:                  27            0            0         864M         832M           0M 
[15.429s][info][gc,reloc    ] GC(123) y: Large Pages:                    0            0            0           0M           0M           0M 
[15.429s][info][gc,reloc    ] GC(123) y: Forwarding Usage: 0M
[15.429s][info][gc,reloc    ] GC(123) y: Age Table:
[15.429s][info][gc,reloc    ] GC(123) y:                    Live             Garbage             Small              Medium             Large        
[15.429s][info][gc,reloc    ] GC(123) y: Eden               0M (0%)          833M (81%)          1 / 0             26 / 0              0 / 0        
[15.429s][info][gc,reloc    ] GC(123) y: Survivor 1          -                34M (3%)           1 / 0              1 / 0              0 / 0        
[15.429s][info][gc,heap     ] GC(123) y: Min Capacity: 8M(1%)
[15.429s][info][gc,heap     ] GC(123) y: Max Capacity: 1024M(100%)
[15.429s][info][gc,heap     ] GC(123) y: Soft Max Capacity: 1024M(100%)
[15.429s][info][gc,heap     ] GC(123) y: Heap Statistics:
[15.429s][info][gc,heap     ] GC(123) y:                Mark Start          Mark End        Relocate Start      Relocate End           High               Low         
[15.429s][info][gc,heap     ] GC(123) y:  Capacity:     1024M (100%)       1024M (100%)       1024M (100%)       1024M (100%)       1024M (100%)       1024M (100%)   
[15.429s][info][gc,heap     ] GC(123) y:      Free:      116M (11%)          82M (8%)          916M (89%)         916M (89%)         916M (89%)          82M (8%)     
[15.429s][info][gc,heap     ] GC(123) y:      Used:      908M (89%)         942M (92%)         108M (11%)         108M (11%)         942M (92%)         108M (11%)    
[15.429s][info][gc,heap     ] GC(123) y: Young Generation Statistics:
[15.429s][info][gc,heap     ] GC(123) y:                Mark Start          Mark End        Relocate Start      Relocate End    
[15.429s][info][gc,heap     ] GC(123) y:      Used:      868M (85%)         902M (88%)          68M (7%)           68M (7%)     
[15.429s][info][gc,heap     ] GC(123) y:      Live:         -                 0M (0%)            0M (0%)            0M (0%)     
[15.429s][info][gc,heap     ] GC(123) y:   Garbage:         -               867M (85%)          33M (3%)           33M (3%)     
[15.429s][info][gc,heap     ] GC(123) y: Allocated:         -                34M (3%)           34M (3%)           34M (3%)     
[15.429s][info][gc,heap     ] GC(123) y: Reclaimed:         -                  -               834M (81%)         834M (81%)    
[15.429s][info][gc,heap     ] GC(123) y:  Promoted:         -                  -                 0M (0%)            0M (0%)     
[15.429s][info][gc,heap     ] GC(123) y: Compacted:         -                  -                  -                 0M (0%)     
[15.429s][info][gc,phases   ] GC(123) y: Young Generation 908M(89%)->108M(11%) 0.002s
[15.429s][info][gc          ] GC(123) Minor Collection (Allocation Rate) 908M(89%)->108M(11%) 0.003s
[15.491s][info][gc          ] GC(124) Minor Collection (Allocation Rate)
[15.491s][info][gc,task     ] GC(124) Using 1 Workers for Young Generation
[15.491s][info][gc,phases   ] GC(124) y: Young Generation
[15.491s][info][gc,phases   ] GC(124) y: Pause Mark Start 0.004ms
[15.494s][info][gc,phases   ] GC(124) y: Concurrent Mark 2.619ms
[15.494s][info][gc,phases   ] GC(124) y: Pause Mark End 0.006ms
[15.494s][info][gc,phases   ] GC(124) y: Concurrent Mark Free 0.000ms
[15.494s][info][gc,phases   ] GC(124) y: Concurrent Reset Relocation Set 0.000ms
[15.495s][info][gc,reloc    ] GC(124) y: Using tenuring threshold: 1 (Computed)
[15.495s][info][gc,phases   ] GC(124) y: Concurrent Select Relocation Set 1.106ms
[15.495s][info][gc,phases   ] GC(124) y: Pause Relocate Start 0.004ms
[15.495s][info][gc,phases   ] GC(124) y: Concurrent Relocate 0.032ms
[15.495s][info][gc,alloc    ] GC(124) y:                         Mark Start        Mark End      Relocate Start    Relocate End   
[15.495s][info][gc,alloc    ] GC(124) y: Allocation Stalls:          0                0                0                0         
[15.495s][info][gc,load     ] GC(124) y: Load: 3.18 (32%) / 3.07 (31%) / 3.16 (32%)
[15.495s][info][gc,mmu      ] GC(124) y: MMU: 2ms/99.0%, 5ms/99.5%, 10ms/99.7%, 20ms/99.7%, 50ms/99.8%, 100ms/99.9%
[15.495s][info][gc,marking  ] GC(124) y: Mark: 1 stripe(s), 2 proactive flush(es), 1 terminate flush(es), 0 completion(s), 0 continuation(s) 
[15.495s][info][gc,marking  ] GC(124) y: Mark Stack Usage: 32M
[15.495s][info][gc,nmethod  ] GC(124) y: NMethods: 1598 registered, 145 unregistered
[15.495s][info][gc,metaspace] GC(124) y: Metaspace: 9M used, 10M committed, 1088M reserved
[15.495s][info][gc,reloc    ] GC(124) y:                        Candidates     Selected     In-Place         Size        Empty    Relocated 
[15.495s][info][gc,reloc    ] GC(124) y: Small Pages:                    2            0            0           4M           2M           0M 
[15.495s][info][gc,reloc    ] GC(124) y: Medium Pages:                  25            0            0         800M         768M           0M 
[15.495s][info][gc,reloc    ] GC(124) y: Large Pages:                    0            0            0           0M           0M           0M 
[15.495s][info][gc,reloc    ] GC(124) y: Forwarding Usage: 0M
[15.495s][info][gc,reloc    ] GC(124) y: Age Table:
[15.495s][info][gc,reloc    ] GC(124) y:                    Live             Garbage             Small              Medium             Large        
[15.495s][info][gc,reloc    ] GC(124) y: Eden               0M (0%)          769M (75%)          1 / 0             24 / 0              0 / 0        
[15.495s][info][gc,reloc    ] GC(124) y: Survivor 1          -                34M (3%)           1 / 0              1 / 0              0 / 0        
[15.495s][info][gc,heap     ] GC(124) y: Min Capacity: 8M(1%)
[15.495s][info][gc,heap     ] GC(124) y: Max Capacity: 1024M(100%)
[15.495s][info][gc,heap     ] GC(124) y: Soft Max Capacity: 1024M(100%)
[15.495s][info][gc,heap     ] GC(124) y: Heap Statistics:
[15.495s][info][gc,heap     ] GC(124) y:                Mark Start          Mark End        Relocate Start      Relocate End           High               Low         
[15.495s][info][gc,heap     ] GC(124) y:  Capacity:     1024M (100%)       1024M (100%)       1024M (100%)       1024M (100%)       1024M (100%)       1024M (100%)   
[15.495s][info][gc,heap     ] GC(124) y:      Free:      180M (18%)         146M (14%)         884M (86%)         884M (86%)         884M (86%)         114M (11%)    
[15.495s][info][gc,heap     ] GC(124) y:      Used:      844M (82%)         878M (86%)         140M (14%)         140M (14%)         910M (89%)         140M (14%)    
[15.495s][info][gc,heap     ] GC(124) y: Young Generation Statistics:
[15.495s][info][gc,heap     ] GC(124) y:                Mark Start          Mark End        Relocate Start      Relocate End    
[15.495s][info][gc,heap     ] GC(124) y:      Used:      804M (79%)         838M (82%)         100M (10%)         100M (10%)    
[15.495s][info][gc,heap     ] GC(124) y:      Live:         -                 0M (0%)            0M (0%)            0M (0%)     
[15.495s][info][gc,heap     ] GC(124) y:   Garbage:         -               803M (78%)          33M (3%)           33M (3%)     
[15.495s][info][gc,heap     ] GC(124) y: Allocated:         -                34M (3%)           66M (6%)           66M (6%)     
[15.495s][info][gc,heap     ] GC(124) y: Reclaimed:         -                  -               770M (75%)         770M (75%)    
[15.495s][info][gc,heap     ] GC(124) y:  Promoted:         -                  -                 0M (0%)            0M (0%)     
[15.496s][info][gc,heap     ] GC(124) y: Compacted:         -                  -                  -                 0M (0%)     
[15.496s][info][gc,phases   ] GC(124) y: Young Generation 844M(82%)->140M(14%) 0.004s
[15.496s][info][gc          ] GC(124) Minor Collection (Allocation Rate) 844M(82%)->140M(14%) 0.004s
[15.564s][info][gc          ] GC(125) Minor Collection (Allocation Rate)
[15.564s][info][gc,task     ] GC(125) Using 3 Workers for Young Generation
[15.564s][info][gc,phases   ] GC(125) y: Young Generation
[15.564s][info][gc,phases   ] GC(125) y: Pause Mark Start 0.005ms
[15.566s][info][gc,phases   ] GC(125) y: Concurrent Mark 1.167ms
[15.566s][info][gc,phases   ] GC(125) y: Pause Mark End 0.005ms
[15.566s][info][gc,phases   ] GC(125) y: Concurrent Mark Free 0.000ms
[15.566s][info][gc,phases   ] GC(125) y: Concurrent Reset Relocation Set 0.000ms
[15.567s][info][gc,reloc    ] GC(125) y: Using tenuring threshold: 1 (Computed)
[15.567s][info][gc,phases   ] GC(125) y: Concurrent Select Relocation Set 1.079ms
[15.567s][info][gc,phases   ] GC(125) y: Pause Relocate Start 0.004ms
[15.567s][info][gc,phases   ] GC(125) y: Concurrent Relocate 0.046ms
[15.567s][info][gc,alloc    ] GC(125) y:                         Mark Start        Mark End      Relocate Start    Relocate End   
[15.567s][info][gc,alloc    ] GC(125) y: Allocation Stalls:          0                0                0                0         
[15.567s][info][gc,load     ] GC(125) y: Load: 3.18 (32%) / 3.07 (31%) / 3.16 (32%)
[15.567s][info][gc,mmu      ] GC(125) y: MMU: 2ms/99.0%, 5ms/99.5%, 10ms/99.7%, 20ms/99.7%, 50ms/99.8%, 100ms/99.9%
[15.567s][info][gc,marking  ] GC(125) y: Mark: 2 stripe(s), 2 proactive flush(es), 1 terminate flush(es), 0 completion(s), 0 continuation(s) 
[15.567s][info][gc,marking  ] GC(125) y: Mark Stack Usage: 32M
[15.567s][info][gc,nmethod  ] GC(125) y: NMethods: 1598 registered, 145 unregistered
[15.567s][info][gc,metaspace] GC(125) y: Metaspace: 9M used, 10M committed, 1088M reserved
[15.567s][info][gc,reloc    ] GC(125) y:                        Candidates     Selected     In-Place         Size        Empty    Relocated 
[15.567s][info][gc,reloc    ] GC(125) y: Small Pages:                    2            0            0           4M           2M           0M 
[15.567s][info][gc,reloc    ] GC(125) y: Medium Pages:                  28            0            0         896M         864M           0M 
[15.567s][info][gc,reloc    ] GC(125) y: Large Pages:                    0            0            0           0M           0M           0M 
[15.567s][info][gc,reloc    ] GC(125) y: Forwarding Usage: 0M
[15.567s][info][gc,reloc    ] GC(125) y: Age Table:
[15.567s][info][gc,reloc    ] GC(125) y:                    Live             Garbage             Small              Medium             Large        
[15.567s][info][gc,reloc    ] GC(125) y: Eden               0M (0%)          865M (84%)          1 / 0             27 / 0              0 / 0        
[15.567s][info][gc,reloc    ] GC(125) y: Survivor 1          -                34M (3%)           1 / 0              1 / 0              0 / 0        
[15.567s][info][gc,heap     ] GC(125) y: Min Capacity: 8M(1%)
[15.567s][info][gc,heap     ] GC(125) y: Max Capacity: 1024M(100%)
[15.567s][info][gc,heap     ] GC(125) y: Soft Max Capacity: 1024M(100%)
[15.567s][info][gc,heap     ] GC(125) y: Heap Statistics:
[15.567s][info][gc,heap     ] GC(125) y:                Mark Start          Mark End        Relocate Start      Relocate End           High               Low         
[15.567s][info][gc,heap     ] GC(125) y:  Capacity:     1024M (100%)       1024M (100%)       1024M (100%)       1024M (100%)       1024M (100%)       1024M (100%)   
[15.567s][info][gc,heap     ] GC(125) y:      Free:       84M (8%)           50M (5%)          916M (89%)         916M (89%)         916M (89%)          50M (5%)     
[15.567s][info][gc,heap     ] GC(125) y:      Used:      940M (92%)         974M (95%)         108M (11%)         108M (11%)         974M (95%)         108M (11%)    
[15.567s][info][gc,heap     ] GC(125) y: Young Generation Statistics:
[15.567s][info][gc,heap     ] GC(125) y:                Mark Start          Mark End        Relocate Start      Relocate End    
[15.567s][info][gc,heap     ] GC(125) y:      Used:      900M (88%)         934M (91%)          68M (7%)           68M (7%)     
[15.567s][info][gc,heap     ] GC(125) y:      Live:         -                 0M (0%)            0M (0%)            0M (0%)     
[15.567s][info][gc,heap     ] GC(125) y:   Garbage:         -               899M (88%)          33M (3%)           33M (3%)     
[15.567s][info][gc,heap     ] GC(125) y: Allocated:         -                34M (3%)           34M (3%)           34M (3%)     
[15.567s][info][gc,heap     ] GC(125) y: Reclaimed:         -                  -               866M (85%)         866M (85%)    
[15.567s][info][gc,heap     ] GC(125) y:  Promoted:         -                  -                 0M (0%)            0M (0%)     
[15.567s][info][gc,heap     ] GC(125) y: Compacted:         -                  -                  -                 0M (0%)     
[15.567s][info][gc,phases   ] GC(125) y: Young Generation 940M(92%)->108M(11%) 0.003s
[15.567s][info][gc          ] GC(125) Minor Collection (Allocation Rate) 940M(92%)->108M(11%) 0.003s
[15.637s][info][gc          ] GC(126) Minor Collection (Allocation Rate)
[15.638s][info][gc,task     ] GC(126) Using 3 Workers for Young Generation
[15.638s][info][gc,phases   ] GC(126) y: Young Generation
[15.638s][info][gc,phases   ] GC(126) y: Pause Mark Start 0.006ms
[15.639s][info][gc,phases   ] GC(126) y: Concurrent Mark 1.016ms
[15.639s][info][gc,phases   ] GC(126) y: Pause Mark End 0.005ms
[15.639s][info][gc,phases   ] GC(126) y: Concurrent Mark Free 0.000ms
[15.639s][info][gc,phases   ] GC(126) y: Concurrent Reset Relocation Set 0.001ms
[15.640s][info][gc,reloc    ] GC(126) y: Using tenuring threshold: 1 (Computed)
[15.640s][info][gc,phases   ] GC(126) y: Concurrent Select Relocation Set 1.059ms
[15.640s][info][gc,phases   ] GC(126) y: Pause Relocate Start 0.004ms
[15.640s][info][gc,phases   ] GC(126) y: Concurrent Relocate 0.032ms
[15.640s][info][gc,alloc    ] GC(126) y:                         Mark Start        Mark End      Relocate Start    Relocate End   
[15.640s][info][gc,alloc    ] GC(126) y: Allocation Stalls:          0                0                0                0         
[15.640s][info][gc,load     ] GC(126) y: Load: 3.18 (32%) / 3.07 (31%) / 3.16 (32%)
[15.640s][info][gc,mmu      ] GC(126) y: MMU: 2ms/99.0%, 5ms/99.5%, 10ms/99.7%, 20ms/99.7%, 50ms/99.8%, 100ms/99.9%
[15.640s][info][gc,marking  ] GC(126) y: Mark: 2 stripe(s), 2 proactive flush(es), 1 terminate flush(es), 0 completion(s), 0 continuation(s) 
[15.640s][info][gc,marking  ] GC(126) y: Mark Stack Usage: 32M
[15.640s][info][gc,nmethod  ] GC(126) y: NMethods: 1598 registered, 145 unregistered
[15.640s][info][gc,metaspace] GC(126) y: Metaspace: 9M used, 10M committed, 1088M reserved
[15.640s][info][gc,reloc    ] GC(126) y:                        Candidates     Selected     In-Place         Size        Empty    Relocated 
[15.640s][info][gc,reloc    ] GC(126) y: Small Pages:                    2            0            0           4M           2M           0M 
[15.640s][info][gc,reloc    ] GC(126) y: Medium Pages:                  28            0            0         896M         864M           0M 
[15.640s][info][gc,reloc    ] GC(126) y: Large Pages:                    0            0            0           0M           0M           0M 
[15.640s][info][gc,reloc    ] GC(126) y: Forwarding Usage: 0M
[15.640s][info][gc,reloc    ] GC(126) y: Age Table:
[15.640s][info][gc,reloc    ] GC(126) y:                    Live             Garbage             Small              Medium             Large        
[15.640s][info][gc,reloc    ] GC(126) y: Eden               0M (0%)          865M (85%)          1 / 0             27 / 0              0 / 0        
[15.640s][info][gc,reloc    ] GC(126) y: Survivor 1          -                34M (3%)           1 / 0              1 / 0              0 / 0        
[15.640s][info][gc,heap     ] GC(126) y: Min Capacity: 8M(1%)
[15.640s][info][gc,heap     ] GC(126) y: Max Capacity: 1024M(100%)
[15.640s][info][gc,heap     ] GC(126) y: Soft Max Capacity: 1024M(100%)
[15.640s][info][gc,heap     ] GC(126) y: Heap Statistics:
[15.640s][info][gc,heap     ] GC(126) y:                Mark Start          Mark End        Relocate Start      Relocate End           High               Low         
[15.640s][info][gc,heap     ] GC(126) y:  Capacity:     1024M (100%)       1024M (100%)       1024M (100%)       1024M (100%)       1024M (100%)       1024M (100%)   
[15.640s][info][gc,heap     ] GC(126) y:      Free:       84M (8%)           50M (5%)          916M (89%)         916M (89%)         916M (89%)          50M (5%)     
[15.640s][info][gc,heap     ] GC(126) y:      Used:      940M (92%)         974M (95%)         108M (11%)         108M (11%)         974M (95%)         108M (11%)    
[15.640s][info][gc,heap     ] GC(126) y: Young Generation Statistics:
[15.640s][info][gc,heap     ] GC(126) y:                Mark Start          Mark End        Relocate Start      Relocate End    
[15.640s][info][gc,heap     ] GC(126) y:      Used:      900M (88%)         934M (91%)          68M (7%)           68M (7%)     
[15.640s][info][gc,heap     ] GC(126) y:      Live:         -                 0M (0%)            0M (0%)            0M (0%)     
[15.640s][info][gc,heap     ] GC(126) y:   Garbage:         -               899M (88%)          33M (3%)           33M (3%)     
[15.640s][info][gc,heap     ] GC(126) y: Allocated:         -                34M (3%)           34M (3%)           34M (3%)     
[15.640s][info][gc,heap     ] GC(126) y: Reclaimed:         -                  -               866M (85%)         866M (85%)    
[15.640s][info][gc,heap     ] GC(126) y:  Promoted:         -                  -                 0M (0%)            0M (0%)     
[15.640s][info][gc,heap     ] GC(126) y: Compacted:         -                  -                  -                 0M (0%)     
[15.640s][info][gc,phases   ] GC(126) y: Young Generation 940M(92%)->108M(11%) 0.002s
[15.640s][info][gc          ] GC(126) Minor Collection (Allocation Rate) 940M(92%)->108M(11%) 0.003s
[15.710s][info][gc          ] GC(127) Minor Collection (Allocation Rate)
[15.710s][info][gc,task     ] GC(127) Using 3 Workers for Young Generation
[15.710s][info][gc,phases   ] GC(127) y: Young Generation
[15.711s][info][gc,phases   ] GC(127) y: Pause Mark Start 0.005ms
[15.712s][info][gc,phases   ] GC(127) y: Concurrent Mark 0.955ms
[15.712s][info][gc,phases   ] GC(127) y: Pause Mark End 0.005ms
[15.712s][info][gc,phases   ] GC(127) y: Concurrent Mark Free 0.000ms
[15.712s][info][gc,phases   ] GC(127) y: Concurrent Reset Relocation Set 0.000ms
[15.713s][info][gc,reloc    ] GC(127) y: Using tenuring threshold: 1 (Computed)
[15.713s][info][gc,phases   ] GC(127) y: Concurrent Select Relocation Set 1.046ms
[15.713s][info][gc,phases   ] GC(127) y: Pause Relocate Start 0.003ms
[15.713s][info][gc,phases   ] GC(127) y: Concurrent Relocate 0.049ms
[15.713s][info][gc,alloc    ] GC(127) y:                         Mark Start        Mark End      Relocate Start    Relocate End   
[15.713s][info][gc,alloc    ] GC(127) y: Allocation Stalls:          0                0                0                0         
[15.713s][info][gc,load     ] GC(127) y: Load: 3.18 (32%) / 3.07 (31%) / 3.16 (32%)
[15.713s][info][gc,mmu      ] GC(127) y: MMU: 2ms/99.0%, 5ms/99.5%, 10ms/99.7%, 20ms/99.7%, 50ms/99.8%, 100ms/99.9%
[15.713s][info][gc,marking  ] GC(127) y: Mark: 2 stripe(s), 2 proactive flush(es), 1 terminate flush(es), 0 completion(s), 0 continuation(s) 
[15.713s][info][gc,marking  ] GC(127) y: Mark Stack Usage: 32M
[15.713s][info][gc,nmethod  ] GC(127) y: NMethods: 1598 registered, 145 unregistered
[15.713s][info][gc,metaspace] GC(127) y: Metaspace: 9M used, 10M committed, 1088M reserved
[15.713s][info][gc,reloc    ] GC(127) y:                        Candidates     Selected     In-Place         Size        Empty    Relocated 
[15.713s][info][gc,reloc    ] GC(127) y: Small Pages:                    2            0            0           4M           2M           0M 
[15.713s][info][gc,reloc    ] GC(127) y: Medium Pages:                  28            0            0         896M         864M           0M 
[15.713s][info][gc,reloc    ] GC(127) y: Large Pages:                    0            0            0           0M           0M           0M 
[15.713s][info][gc,reloc    ] GC(127) y: Forwarding Usage: 0M
[15.713s][info][gc,reloc    ] GC(127) y: Age Table:
[15.713s][info][gc,reloc    ] GC(127) y:                    Live             Garbage             Small              Medium             Large        
[15.713s][info][gc,reloc    ] GC(127) y: Eden               0M (0%)          865M (85%)          1 / 0             27 / 0              0 / 0        
[15.713s][info][gc,reloc    ] GC(127) y: Survivor 1          -                34M (3%)           1 / 0              1 / 0              0 / 0        
[15.713s][info][gc,heap     ] GC(127) y: Min Capacity: 8M(1%)
[15.713s][info][gc,heap     ] GC(127) y: Max Capacity: 1024M(100%)
[15.713s][info][gc,heap     ] GC(127) y: Soft Max Capacity: 1024M(100%)
[15.713s][info][gc,heap     ] GC(127) y: Heap Statistics:
[15.713s][info][gc,heap     ] GC(127) y:                Mark Start          Mark End        Relocate Start      Relocate End           High               Low         
[15.713s][info][gc,heap     ] GC(127) y:  Capacity:     1024M (100%)       1024M (100%)       1024M (100%)       1024M (100%)       1024M (100%)       1024M (100%)   
[15.713s][info][gc,heap     ] GC(127) y:      Free:       84M (8%)           50M (5%)          916M (89%)         916M (89%)         916M (89%)          50M (5%)     
[15.713s][info][gc,heap     ] GC(127) y:      Used:      940M (92%)         974M (95%)         108M (11%)         108M (11%)         974M (95%)         108M (11%)    
[15.713s][info][gc,heap     ] GC(127) y: Young Generation Statistics:
[15.713s][info][gc,heap     ] GC(127) y:                Mark Start          Mark End        Relocate Start      Relocate End    
[15.713s][info][gc,heap     ] GC(127) y:      Used:      900M (88%)         934M (91%)          68M (7%)           68M (7%)     
[15.713s][info][gc,heap     ] GC(127) y:      Live:         -                 0M (0%)            0M (0%)            0M (0%)     
[15.713s][info][gc,heap     ] GC(127) y:   Garbage:         -               899M (88%)          33M (3%)           33M (3%)     
[15.713s][info][gc,heap     ] GC(127) y: Allocated:         -                34M (3%)           34M (3%)           34M (3%)     
[15.713s][info][gc,heap     ] GC(127) y: Reclaimed:         -                  -               866M (85%)         866M (85%)    
[15.713s][info][gc,heap     ] GC(127) y:  Promoted:         -                  -                 0M (0%)            0M (0%)     
[15.713s][info][gc,heap     ] GC(127) y: Compacted:         -                  -                  -                 0M (0%)     
[15.713s][info][gc,phases   ] GC(127) y: Young Generation 940M(92%)->108M(11%) 0.002s
[15.713s][info][gc          ] GC(127) Minor Collection (Allocation Rate) 940M(92%)->108M(11%) 0.003s
[15.781s][info][gc          ] GC(128) Minor Collection (Allocation Rate)
[15.781s][info][gc,task     ] GC(128) Using 2 Workers for Young Generation
[15.781s][info][gc,phases   ] GC(128) y: Young Generation
[15.781s][info][gc,phases   ] GC(128) y: Pause Mark Start 0.006ms
[15.782s][info][gc,phases   ] GC(128) y: Concurrent Mark 1.268ms
[15.782s][info][gc,phases   ] GC(128) y: Pause Mark End 0.005ms
[15.782s][info][gc,phases   ] GC(128) y: Concurrent Mark Free 0.000ms
[15.782s][info][gc,phases   ] GC(128) y: Concurrent Reset Relocation Set 0.000ms
[15.783s][info][gc,reloc    ] GC(128) y: Using tenuring threshold: 1 (Computed)
[15.783s][info][gc,phases   ] GC(128) y: Concurrent Select Relocation Set 1.090ms
[15.783s][info][gc,phases   ] GC(128) y: Pause Relocate Start 0.004ms
[15.783s][info][gc,phases   ] GC(128) y: Concurrent Relocate 0.022ms
[15.783s][info][gc,alloc    ] GC(128) y:                         Mark Start        Mark End      Relocate Start    Relocate End   
[15.783s][info][gc,alloc    ] GC(128) y: Allocation Stalls:          0                0                0                0         
[15.783s][info][gc,load     ] GC(128) y: Load: 3.18 (32%) / 3.07 (31%) / 3.16 (32%)
[15.783s][info][gc,mmu      ] GC(128) y: MMU: 2ms/99.0%, 5ms/99.5%, 10ms/99.7%, 20ms/99.7%, 50ms/99.8%, 100ms/99.9%
[15.783s][info][gc,marking  ] GC(128) y: Mark: 2 stripe(s), 2 proactive flush(es), 1 terminate flush(es), 0 completion(s), 0 continuation(s) 
[15.783s][info][gc,marking  ] GC(128) y: Mark Stack Usage: 32M
[15.783s][info][gc,nmethod  ] GC(128) y: NMethods: 1598 registered, 145 unregistered
[15.783s][info][gc,metaspace] GC(128) y: Metaspace: 9M used, 10M committed, 1088M reserved
[15.783s][info][gc,reloc    ] GC(128) y:                        Candidates     Selected     In-Place         Size        Empty    Relocated 
[15.783s][info][gc,reloc    ] GC(128) y: Small Pages:                    2            0            0           4M           2M           0M 
[15.783s][info][gc,reloc    ] GC(128) y: Medium Pages:                  27            0            0         864M         832M           0M 
[15.783s][info][gc,reloc    ] GC(128) y: Large Pages:                    0            0            0           0M           0M           0M 
[15.783s][info][gc,reloc    ] GC(128) y: Forwarding Usage: 0M
[15.783s][info][gc,reloc    ] GC(128) y: Age Table:
[15.784s][info][gc,reloc    ] GC(128) y:                    Live             Garbage             Small              Medium             Large        
[15.784s][info][gc,reloc    ] GC(128) y: Eden               0M (0%)          833M (81%)          1 / 0             26 / 0              0 / 0        
[15.784s][info][gc,reloc    ] GC(128) y: Survivor 1          -                34M (3%)           1 / 0              1 / 0              0 / 0        
[15.784s][info][gc,heap     ] GC(128) y: Min Capacity: 8M(1%)
[15.784s][info][gc,heap     ] GC(128) y: Max Capacity: 1024M(100%)
[15.784s][info][gc,heap     ] GC(128) y: Soft Max Capacity: 1024M(100%)
[15.784s][info][gc,heap     ] GC(128) y: Heap Statistics:
[15.784s][info][gc,heap     ] GC(128) y:                Mark Start          Mark End        Relocate Start      Relocate End           High               Low         
[15.784s][info][gc,heap     ] GC(128) y:  Capacity:     1024M (100%)       1024M (100%)       1024M (100%)       1024M (100%)       1024M (100%)       1024M (100%)   
[15.784s][info][gc,heap     ] GC(128) y:      Free:      116M (11%)          82M (8%)          916M (89%)         916M (89%)         916M (89%)          82M (8%)     
[15.784s][info][gc,heap     ] GC(128) y:      Used:      908M (89%)         942M (92%)         108M (11%)         108M (11%)         942M (92%)         108M (11%)    
[15.784s][info][gc,heap     ] GC(128) y: Young Generation Statistics:
[15.784s][info][gc,heap     ] GC(128) y:                Mark Start          Mark End        Relocate Start      Relocate End    
[15.784s][info][gc,heap     ] GC(128) y:      Used:      868M (85%)         902M (88%)          68M (7%)           68M (7%)     
[15.784s][info][gc,heap     ] GC(128) y:      Live:         -                 0M (0%)            0M (0%)            0M (0%)     
[15.784s][info][gc,heap     ] GC(128) y:   Garbage:         -               867M (85%)          33M (3%)           33M (3%)     
[15.784s][info][gc,heap     ] GC(128) y: Allocated:         -                34M (3%)           34M (3%)           34M (3%)     
[15.784s][info][gc,heap     ] GC(128) y: Reclaimed:         -                  -               834M (81%)         834M (81%)    
[15.784s][info][gc,heap     ] GC(128) y:  Promoted:         -                  -                 0M (0%)            0M (0%)     
[15.784s][info][gc,heap     ] GC(128) y: Compacted:         -                  -                  -                 0M (0%)     
[15.784s][info][gc,phases   ] GC(128) y: Young Generation 908M(89%)->108M(11%) 0.003s
[15.784s][info][gc          ] GC(128) Minor Collection (Allocation Rate) 908M(89%)->108M(11%) 0.003s
[15.851s][info][gc          ] GC(129) Minor Collection (Allocation Rate)
[15.851s][info][gc,task     ] GC(129) Using 2 Workers for Young Generation
[15.851s][info][gc,phases   ] GC(129) y: Young Generation
[15.851s][info][gc,phases   ] GC(129) y: Pause Mark Start 0.004ms
[15.852s][info][gc,phases   ] GC(129) y: Concurrent Mark 1.290ms
[15.852s][info][gc,phases   ] GC(129) y: Pause Mark End 0.005ms
[15.852s][info][gc,phases   ] GC(129) y: Concurrent Mark Free 0.000ms
[15.852s][info][gc,phases   ] GC(129) y: Concurrent Reset Relocation Set 0.000ms
[15.853s][info][gc,reloc    ] GC(129) y: Using tenuring threshold: 1 (Computed)
[15.854s][info][gc,phases   ] GC(129) y: Concurrent Select Relocation Set 1.026ms
[15.854s][info][gc,phases   ] GC(129) y: Pause Relocate Start 0.004ms
[15.854s][info][gc,phases   ] GC(129) y: Concurrent Relocate 0.018ms
[15.854s][info][gc,alloc    ] GC(129) y:                         Mark Start        Mark End      Relocate Start    Relocate End   
[15.854s][info][gc,alloc    ] GC(129) y: Allocation Stalls:          0                0                0                0         
[15.854s][info][gc,load     ] GC(129) y: Load: 3.18 (32%) / 3.07 (31%) / 3.16 (32%)
[15.854s][info][gc,mmu      ] GC(129) y: MMU: 2ms/99.0%, 5ms/99.5%, 10ms/99.7%, 20ms/99.7%, 50ms/99.8%, 100ms/99.9%
[15.854s][info][gc,marking  ] GC(129) y: Mark: 2 stripe(s), 2 proactive flush(es), 1 terminate flush(es), 0 completion(s), 0 continuation(s) 
[15.854s][info][gc,marking  ] GC(129) y: Mark Stack Usage: 32M
[15.854s][info][gc,nmethod  ] GC(129) y: NMethods: 1598 registered, 145 unregistered
[15.854s][info][gc,metaspace] GC(129) y: Metaspace: 9M used, 10M committed, 1088M reserved
[15.854s][info][gc,reloc    ] GC(129) y:                        Candidates     Selected     In-Place         Size        Empty    Relocated 
[15.854s][info][gc,reloc    ] GC(129) y: Small Pages:                    2            0            0           4M           2M           0M 
[15.854s][info][gc,reloc    ] GC(129) y: Medium Pages:                  27            0            0         864M         832M           0M 
[15.854s][info][gc,reloc    ] GC(129) y: Large Pages:                    0            0            0           0M           0M           0M 
[15.854s][info][gc,reloc    ] GC(129) y: Forwarding Usage: 0M
[15.854s][info][gc,reloc    ] GC(129) y: Age Table:
[15.854s][info][gc,reloc    ] GC(129) y:                    Live             Garbage             Small              Medium             Large        
[15.854s][info][gc,reloc    ] GC(129) y: Eden               0M (0%)          833M (81%)          1 / 0             26 / 0              0 / 0        
[15.854s][info][gc,reloc    ] GC(129) y: Survivor 1          -                34M (3%)           1 / 0              1 / 0              0 / 0        
[15.854s][info][gc,heap     ] GC(129) y: Min Capacity: 8M(1%)
[15.854s][info][gc,heap     ] GC(129) y: Max Capacity: 1024M(100%)
[15.854s][info][gc,heap     ] GC(129) y: Soft Max Capacity: 1024M(100%)
[15.854s][info][gc,heap     ] GC(129) y: Heap Statistics:
[15.854s][info][gc,heap     ] GC(129) y:                Mark Start          Mark End        Relocate Start      Relocate End           High               Low         
[15.854s][info][gc,heap     ] GC(129) y:  Capacity:     1024M (100%)       1024M (100%)       1024M (100%)       1024M (100%)       1024M (100%)       1024M (100%)   
[15.854s][info][gc,heap     ] GC(129) y:      Free:      116M (11%)          82M (8%)          916M (89%)         916M (89%)         916M (89%)          82M (8%)     
[15.854s][info][gc,heap     ] GC(129) y:      Used:      908M (89%)         942M (92%)         108M (11%)         108M (11%)         942M (92%)         108M (11%)    
[15.854s][info][gc,heap     ] GC(129) y: Young Generation Statistics:
[15.854s][info][gc,heap     ] GC(129) y:                Mark Start          Mark End        Relocate Start      Relocate End    
[15.854s][info][gc,heap     ] GC(129) y:      Used:      868M (85%)         902M (88%)          68M (7%)           68M (7%)     
[15.854s][info][gc,heap     ] GC(129) y:      Live:         -                 0M (0%)            0M (0%)            0M (0%)     
[15.854s][info][gc,heap     ] GC(129) y:   Garbage:         -               867M (85%)          33M (3%)           33M (3%)     
[15.854s][info][gc,heap     ] GC(129) y: Allocated:         -                34M (3%)           34M (3%)           34M (3%)     
[15.854s][info][gc,heap     ] GC(129) y: Reclaimed:         -                  -               834M (81%)         834M (81%)    
[15.854s][info][gc,heap     ] GC(129) y:  Promoted:         -                  -                 0M (0%)            0M (0%)     
[15.854s][info][gc,heap     ] GC(129) y: Compacted:         -                  -                  -                 0M (0%)     
[15.854s][info][gc,phases   ] GC(129) y: Young Generation 908M(89%)->108M(11%) 0.003s
[15.854s][info][gc          ] GC(129) Minor Collection (Allocation Rate) 908M(89%)->108M(11%) 0.003s
[15.919s][info][gc          ] GC(130) Minor Collection (Allocation Rate)
[15.919s][info][gc,task     ] GC(130) Using 1 Workers for Young Generation
[15.919s][info][gc,phases   ] GC(130) y: Young Generation
[15.919s][info][gc,phases   ] GC(130) y: Pause Mark Start 0.005ms
[15.921s][info][gc,phases   ] GC(130) y: Concurrent Mark 2.322ms
[15.921s][info][gc,phases   ] GC(130) y: Pause Mark End 0.006ms
[15.921s][info][gc,phases   ] GC(130) y: Concurrent Mark Free 0.000ms
[15.921s][info][gc,phases   ] GC(130) y: Concurrent Reset Relocation Set 0.000ms
[15.922s][info][gc,reloc    ] GC(130) y: Using tenuring threshold: 1 (Computed)
[15.922s][info][gc,phases   ] GC(130) y: Concurrent Select Relocation Set 1.112ms
[15.922s][info][gc,phases   ] GC(130) y: Pause Relocate Start 0.006ms
[15.922s][info][gc,phases   ] GC(130) y: Concurrent Relocate 0.029ms
[15.922s][info][gc,alloc    ] GC(130) y:                         Mark Start        Mark End      Relocate Start    Relocate End   
[15.922s][info][gc,alloc    ] GC(130) y: Allocation Stalls:          0                0                0                0         
[15.922s][info][gc,load     ] GC(130) y: Load: 3.18 (32%) / 3.07 (31%) / 3.16 (32%)
[15.923s][info][gc,mmu      ] GC(130) y: MMU: 2ms/99.0%, 5ms/99.5%, 10ms/99.7%, 20ms/99.7%, 50ms/99.8%, 100ms/99.9%
[15.923s][info][gc,marking  ] GC(130) y: Mark: 1 stripe(s), 2 proactive flush(es), 1 terminate flush(es), 0 completion(s), 0 continuation(s) 
[15.923s][info][gc,marking  ] GC(130) y: Mark Stack Usage: 32M
[15.923s][info][gc,nmethod  ] GC(130) y: NMethods: 1599 registered, 145 unregistered
[15.923s][info][gc,metaspace] GC(130) y: Metaspace: 9M used, 10M committed, 1088M reserved
[15.923s][info][gc,reloc    ] GC(130) y:                        Candidates     Selected     In-Place         Size        Empty    Relocated 
[15.923s][info][gc,reloc    ] GC(130) y: Small Pages:                    2            0            0           4M           2M           0M 
[15.923s][info][gc,reloc    ] GC(130) y: Medium Pages:                  26            0            0         832M         800M           0M 
[15.923s][info][gc,reloc    ] GC(130) y: Large Pages:                    0            0            0           0M           0M           0M 
[15.923s][info][gc,reloc    ] GC(130) y: Forwarding Usage: 0M
[15.923s][info][gc,reloc    ] GC(130) y: Age Table:
[15.923s][info][gc,reloc    ] GC(130) y:                    Live             Garbage             Small              Medium             Large        
[15.923s][info][gc,reloc    ] GC(130) y: Eden               0M (0%)          801M (78%)          1 / 0             25 / 0              0 / 0        
[15.923s][info][gc,reloc    ] GC(130) y: Survivor 1          -                34M (3%)           1 / 0              1 / 0              0 / 0        
[15.923s][info][gc,heap     ] GC(130) y: Min Capacity: 8M(1%)
[15.923s][info][gc,heap     ] GC(130) y: Max Capacity: 1024M(100%)
[15.923s][info][gc,heap     ] GC(130) y: Soft Max Capacity: 1024M(100%)
[15.923s][info][gc,heap     ] GC(130) y: Heap Statistics:
[15.923s][info][gc,heap     ] GC(130) y:                Mark Start          Mark End        Relocate Start      Relocate End           High               Low         
[15.923s][info][gc,heap     ] GC(130) y:  Capacity:     1024M (100%)       1024M (100%)       1024M (100%)       1024M (100%)       1024M (100%)       1024M (100%)   
[15.923s][info][gc,heap     ] GC(130) y:      Free:      148M (14%)         114M (11%)         884M (86%)         884M (86%)         884M (86%)          82M (8%)     
[15.923s][info][gc,heap     ] GC(130) y:      Used:      876M (86%)         910M (89%)         140M (14%)         140M (14%)         942M (92%)         140M (14%)    
[15.923s][info][gc,heap     ] GC(130) y: Young Generation Statistics:
[15.923s][info][gc,heap     ] GC(130) y:                Mark Start          Mark End        Relocate Start      Relocate End    
[15.923s][info][gc,heap     ] GC(130) y:      Used:      836M (82%)         870M (85%)         100M (10%)         100M (10%)    
[15.923s][info][gc,heap     ] GC(130) y:      Live:         -                 0M (0%)            0M (0%)            0M (0%)     
[15.923s][info][gc,heap     ] GC(130) y:   Garbage:         -               835M (82%)          33M (3%)           33M (3%)     
[15.923s][info][gc,heap     ] GC(130) y: Allocated:         -                34M (3%)           66M (6%)           66M (6%)     
[15.923s][info][gc,heap     ] GC(130) y: Reclaimed:         -                  -               802M (78%)         802M (78%)    
[15.923s][info][gc,heap     ] GC(130) y:  Promoted:         -                  -                 0M (0%)            0M (0%)     
[15.923s][info][gc,heap     ] GC(130) y: Compacted:         -                  -                  -                 0M (0%)     
[15.923s][info][gc,phases   ] GC(130) y: Young Generation 876M(86%)->140M(14%) 0.004s
[15.923s][info][gc          ] GC(130) Minor Collection (Allocation Rate) 876M(86%)->140M(14%) 0.004s
[15.986s][info][gc          ] GC(131) Minor Collection (Allocation Rate)
[15.986s][info][gc,task     ] GC(131) Using 1 Workers for Young Generation
[15.986s][info][gc,phases   ] GC(131) y: Young Generation
[15.986s][info][gc,phases   ] GC(131) y: Pause Mark Start 0.005ms
[15.988s][info][gc,phases   ] GC(131) y: Concurrent Mark 2.014ms
[15.988s][info][gc,phases   ] GC(131) y: Pause Mark End 0.005ms
[15.989s][info][gc,phases   ] GC(131) y: Concurrent Mark Free 0.000ms
[15.989s][info][gc,phases   ] GC(131) y: Concurrent Reset Relocation Set 0.000ms
[15.990s][info][gc,reloc    ] GC(131) y: Using tenuring threshold: 1 (Computed)
[15.990s][info][gc,phases   ] GC(131) y: Concurrent Select Relocation Set 1.048ms
[15.990s][info][gc,phases   ] GC(131) y: Pause Relocate Start 0.004ms
[15.990s][info][gc,phases   ] GC(131) y: Concurrent Relocate 0.028ms
[15.990s][info][gc,alloc    ] GC(131) y:                         Mark Start        Mark End      Relocate Start    Relocate End   
[15.990s][info][gc,alloc    ] GC(131) y: Allocation Stalls:          0                0                0                0         
[15.990s][info][gc,load     ] GC(131) y: Load: 3.18 (32%) / 3.07 (31%) / 3.16 (32%)
[15.990s][info][gc,mmu      ] GC(131) y: MMU: 2ms/99.0%, 5ms/99.5%, 10ms/99.7%, 20ms/99.7%, 50ms/99.8%, 100ms/99.9%
[15.990s][info][gc,marking  ] GC(131) y: Mark: 1 stripe(s), 2 proactive flush(es), 1 terminate flush(es), 0 completion(s), 0 continuation(s) 
[15.990s][info][gc,marking  ] GC(131) y: Mark Stack Usage: 32M
[15.990s][info][gc,nmethod  ] GC(131) y: NMethods: 1599 registered, 145 unregistered
[15.990s][info][gc,metaspace] GC(131) y: Metaspace: 9M used, 10M committed, 1088M reserved
[15.990s][info][gc,reloc    ] GC(131) y:                        Candidates     Selected     In-Place         Size        Empty    Relocated 
[15.990s][info][gc,reloc    ] GC(131) y: Small Pages:                    2            0            0           4M           2M           0M 
[15.990s][info][gc,reloc    ] GC(131) y: Medium Pages:                  26            0            0         832M         800M           0M 
[15.990s][info][gc,reloc    ] GC(131) y: Large Pages:                    0            0            0           0M           0M           0M 
[15.990s][info][gc,reloc    ] GC(131) y: Forwarding Usage: 0M
[15.990s][info][gc,reloc    ] GC(131) y: Age Table:
[15.990s][info][gc,reloc    ] GC(131) y:                    Live             Garbage             Small              Medium             Large        
[15.990s][info][gc,reloc    ] GC(131) y: Eden               0M (0%)          801M (78%)          1 / 0             25 / 0              0 / 0        
[15.990s][info][gc,reloc    ] GC(131) y: Survivor 1          -                34M (3%)           1 / 0              1 / 0              0 / 0        
[15.990s][info][gc,heap     ] GC(131) y: Min Capacity: 8M(1%)
[15.990s][info][gc,heap     ] GC(131) y: Max Capacity: 1024M(100%)
[15.990s][info][gc,heap     ] GC(131) y: Soft Max Capacity: 1024M(100%)
[15.990s][info][gc,heap     ] GC(131) y: Heap Statistics:
[15.990s][info][gc,heap     ] GC(131) y:                Mark Start          Mark End        Relocate Start      Relocate End           High               Low         
[15.990s][info][gc,heap     ] GC(131) y:  Capacity:     1024M (100%)       1024M (100%)       1024M (100%)       1024M (100%)       1024M (100%)       1024M (100%)   
[15.990s][info][gc,heap     ] GC(131) y:      Free:      148M (14%)         114M (11%)         884M (86%)         884M (86%)         884M (86%)          82M (8%)     
[15.990s][info][gc,heap     ] GC(131) y:      Used:      876M (86%)         910M (89%)         140M (14%)         140M (14%)         942M (92%)         140M (14%)    
[15.990s][info][gc,heap     ] GC(131) y: Young Generation Statistics:
[15.990s][info][gc,heap     ] GC(131) y:                Mark Start          Mark End        Relocate Start      Relocate End    
[15.990s][info][gc,heap     ] GC(131) y:      Used:      836M (82%)         870M (85%)         100M (10%)         100M (10%)    
[15.990s][info][gc,heap     ] GC(131) y:      Live:         -                 0M (0%)            0M (0%)            0M (0%)     
[15.990s][info][gc,heap     ] GC(131) y:   Garbage:         -               835M (82%)          33M (3%)           33M (3%)     
[15.990s][info][gc,heap     ] GC(131) y: Allocated:         -                34M (3%)           66M (6%)           66M (6%)     
[15.990s][info][gc,heap     ] GC(131) y: Reclaimed:         -                  -               802M (78%)         802M (78%)    
[15.990s][info][gc,heap     ] GC(131) y:  Promoted:         -                  -                 0M (0%)            0M (0%)     
[15.990s][info][gc,heap     ] GC(131) y: Compacted:         -                  -                  -                 0M (0%)     
[15.990s][info][gc,phases   ] GC(131) y: Young Generation 876M(86%)->140M(14%) 0.003s
[15.990s][info][gc          ] GC(131) Minor Collection (Allocation Rate) 876M(86%)->140M(14%) 0.004s
[16.059s][info][gc          ] GC(132) Minor Collection (Allocation Rate)
[16.059s][info][gc,task     ] GC(132) Using 3 Workers for Young Generation
[16.059s][info][gc,phases   ] GC(132) y: Young Generation
[16.059s][info][gc,phases   ] GC(132) y: Pause Mark Start 0.006ms
[16.061s][info][gc,phases   ] GC(132) y: Concurrent Mark 1.042ms
[16.061s][info][gc,phases   ] GC(132) y: Pause Mark End 0.004ms
[16.061s][info][gc,phases   ] GC(132) y: Concurrent Mark Free 0.000ms
[16.061s][info][gc,phases   ] GC(132) y: Concurrent Reset Relocation Set 0.000ms
[16.062s][info][gc,reloc    ] GC(132) y: Using tenuring threshold: 1 (Computed)
[16.062s][info][gc,phases   ] GC(132) y: Concurrent Select Relocation Set 1.070ms
[16.062s][info][gc,phases   ] GC(132) y: Pause Relocate Start 0.004ms
[16.062s][info][gc,phases   ] GC(132) y: Concurrent Relocate 0.045ms
[16.062s][info][gc,alloc    ] GC(132) y:                         Mark Start        Mark End      Relocate Start    Relocate End   
[16.062s][info][gc,alloc    ] GC(132) y: Allocation Stalls:          0                0                0                0         
[16.062s][info][gc,load     ] GC(132) y: Load: 3.18 (32%) / 3.07 (31%) / 3.16 (32%)
[16.062s][info][gc,mmu      ] GC(132) y: MMU: 2ms/99.0%, 5ms/99.5%, 10ms/99.7%, 20ms/99.7%, 50ms/99.8%, 100ms/99.9%
[16.062s][info][gc,marking  ] GC(132) y: Mark: 2 stripe(s), 2 proactive flush(es), 1 terminate flush(es), 0 completion(s), 0 continuation(s) 
[16.062s][info][gc,marking  ] GC(132) y: Mark Stack Usage: 32M
[16.062s][info][gc,nmethod  ] GC(132) y: NMethods: 1599 registered, 145 unregistered
[16.062s][info][gc,metaspace] GC(132) y: Metaspace: 9M used, 10M committed, 1088M reserved
[16.062s][info][gc,reloc    ] GC(132) y:                        Candidates     Selected     In-Place         Size        Empty    Relocated 
[16.062s][info][gc,reloc    ] GC(132) y: Small Pages:                    2            0            0           4M           2M           0M 
[16.062s][info][gc,reloc    ] GC(132) y: Medium Pages:                  28            0            0         896M         864M           0M 
[16.062s][info][gc,reloc    ] GC(132) y: Large Pages:                    0            0            0           0M           0M           0M 
[16.062s][info][gc,reloc    ] GC(132) y: Forwarding Usage: 0M
[16.062s][info][gc,reloc    ] GC(132) y: Age Table:
[16.062s][info][gc,reloc    ] GC(132) y:                    Live             Garbage             Small              Medium             Large        
[16.062s][info][gc,reloc    ] GC(132) y: Eden               0M (0%)          865M (85%)          1 / 0             27 / 0              0 / 0        
[16.062s][info][gc,reloc    ] GC(132) y: Survivor 1          -                34M (3%)           1 / 0              1 / 0              0 / 0        
[16.062s][info][gc,heap     ] GC(132) y: Min Capacity: 8M(1%)
[16.062s][info][gc,heap     ] GC(132) y: Max Capacity: 1024M(100%)
[16.062s][info][gc,heap     ] GC(132) y: Soft Max Capacity: 1024M(100%)
[16.062s][info][gc,heap     ] GC(132) y: Heap Statistics:
[16.062s][info][gc,heap     ] GC(132) y:                Mark Start          Mark End        Relocate Start      Relocate End           High               Low         
[16.062s][info][gc,heap     ] GC(132) y:  Capacity:     1024M (100%)       1024M (100%)       1024M (100%)       1024M (100%)       1024M (100%)       1024M (100%)   
[16.062s][info][gc,heap     ] GC(132) y:      Free:       84M (8%)           50M (5%)          916M (89%)         916M (89%)         916M (89%)          50M (5%)     
[16.062s][info][gc,heap     ] GC(132) y:      Used:      940M (92%)         974M (95%)         108M (11%)         108M (11%)         974M (95%)         108M (11%)    
[16.062s][info][gc,heap     ] GC(132) y: Young Generation Statistics:
[16.062s][info][gc,heap     ] GC(132) y:                Mark Start          Mark End        Relocate Start      Relocate End    
[16.062s][info][gc,heap     ] GC(132) y:      Used:      900M (88%)         934M (91%)          68M (7%)           68M (7%)     
[16.062s][info][gc,heap     ] GC(132) y:      Live:         -                 0M (0%)            0M (0%)            0M (0%)     
[16.062s][info][gc,heap     ] GC(132) y:   Garbage:         -               899M (88%)          33M (3%)           33M (3%)     
[16.062s][info][gc,heap     ] GC(132) y: Allocated:         -                34M (3%)           34M (3%)           34M (3%)     
[16.062s][info][gc,heap     ] GC(132) y: Reclaimed:         -                  -               866M (85%)         866M (85%)    
[16.062s][info][gc,heap     ] GC(132) y:  Promoted:         -                  -                 0M (0%)            0M (0%)     
[16.062s][info][gc,heap     ] GC(132) y: Compacted:         -                  -                  -                 0M (0%)     
[16.062s][info][gc,phases   ] GC(132) y: Young Generation 940M(92%)->108M(11%) 0.002s
[16.062s][info][gc          ] GC(132) Minor Collection (Allocation Rate) 940M(92%)->108M(11%) 0.003s
[16.133s][info][gc          ] GC(133) Minor Collection (Allocation Rate)
[16.133s][info][gc,task     ] GC(133) Using 3 Workers for Young Generation
[16.133s][info][gc,phases   ] GC(133) y: Young Generation
[16.133s][info][gc,phases   ] GC(133) y: Pause Mark Start 0.004ms
[16.134s][info][gc,phases   ] GC(133) y: Concurrent Mark 1.039ms
[16.134s][info][gc,phases   ] GC(133) y: Pause Mark End 0.006ms
[16.134s][info][gc,phases   ] GC(133) y: Concurrent Mark Free 0.000ms
[16.134s][info][gc,phases   ] GC(133) y: Concurrent Reset Relocation Set 0.000ms
[16.135s][info][gc,reloc    ] GC(133) y: Using tenuring threshold: 1 (Computed)
[16.135s][info][gc,phases   ] GC(133) y: Concurrent Select Relocation Set 1.072ms
[16.135s][info][gc,phases   ] GC(133) y: Pause Relocate Start 0.003ms
[16.135s][info][gc,phases   ] GC(133) y: Concurrent Relocate 0.045ms
[16.135s][info][gc,alloc    ] GC(133) y:                         Mark Start        Mark End      Relocate Start    Relocate End   
[16.135s][info][gc,alloc    ] GC(133) y: Allocation Stalls:          0                0                0                0         
[16.135s][info][gc,load     ] GC(133) y: Load: 3.18 (32%) / 3.07 (31%) / 3.16 (32%)
[16.135s][info][gc,mmu      ] GC(133) y: MMU: 2ms/99.0%, 5ms/99.5%, 10ms/99.7%, 20ms/99.7%, 50ms/99.8%, 100ms/99.9%
[16.135s][info][gc,marking  ] GC(133) y: Mark: 2 stripe(s), 2 proactive flush(es), 1 terminate flush(es), 0 completion(s), 0 continuation(s) 
[16.135s][info][gc,marking  ] GC(133) y: Mark Stack Usage: 32M
[16.135s][info][gc,nmethod  ] GC(133) y: NMethods: 1599 registered, 145 unregistered
[16.135s][info][gc,metaspace] GC(133) y: Metaspace: 9M used, 10M committed, 1088M reserved
[16.135s][info][gc,reloc    ] GC(133) y:                        Candidates     Selected     In-Place         Size        Empty    Relocated 
[16.135s][info][gc,reloc    ] GC(133) y: Small Pages:                    2            0            0           4M           2M           0M 
[16.135s][info][gc,reloc    ] GC(133) y: Medium Pages:                  28            0            0         896M         864M           0M 
[16.135s][info][gc,reloc    ] GC(133) y: Large Pages:                    0            0            0           0M           0M           0M 
[16.135s][info][gc,reloc    ] GC(133) y: Forwarding Usage: 0M
[16.135s][info][gc,reloc    ] GC(133) y: Age Table:
[16.135s][info][gc,reloc    ] GC(133) y:                    Live             Garbage             Small              Medium             Large        
[16.135s][info][gc,reloc    ] GC(133) y: Eden               0M (0%)          865M (85%)          1 / 0             27 / 0              0 / 0        
[16.135s][info][gc,reloc    ] GC(133) y: Survivor 1          -                34M (3%)           1 / 0              1 / 0              0 / 0        
[16.135s][info][gc,heap     ] GC(133) y: Min Capacity: 8M(1%)
[16.135s][info][gc,heap     ] GC(133) y: Max Capacity: 1024M(100%)
[16.135s][info][gc,heap     ] GC(133) y: Soft Max Capacity: 1024M(100%)
[16.135s][info][gc,heap     ] GC(133) y: Heap Statistics:
[16.135s][info][gc,heap     ] GC(133) y:                Mark Start          Mark End        Relocate Start      Relocate End           High               Low         
[16.135s][info][gc,heap     ] GC(133) y:  Capacity:     1024M (100%)       1024M (100%)       1024M (100%)       1024M (100%)       1024M (100%)       1024M (100%)   
[16.135s][info][gc,heap     ] GC(133) y:      Free:       84M (8%)           50M (5%)          916M (89%)         916M (89%)         916M (89%)          50M (5%)     
[16.135s][info][gc,heap     ] GC(133) y:      Used:      940M (92%)         974M (95%)         108M (11%)         108M (11%)         974M (95%)         108M (11%)    
[16.135s][info][gc,heap     ] GC(133) y: Young Generation Statistics:
[16.135s][info][gc,heap     ] GC(133) y:                Mark Start          Mark End        Relocate Start      Relocate End    
[16.135s][info][gc,heap     ] GC(133) y:      Used:      900M (88%)         934M (91%)          68M (7%)           68M (7%)     
[16.135s][info][gc,heap     ] GC(133) y:      Live:         -                 0M (0%)            0M (0%)            0M (0%)     
[16.135s][info][gc,heap     ] GC(133) y:   Garbage:         -               899M (88%)          33M (3%)           33M (3%)     
[16.135s][info][gc,heap     ] GC(133) y: Allocated:         -                34M (3%)           34M (3%)           34M (3%)     
[16.135s][info][gc,heap     ] GC(133) y: Reclaimed:         -                  -               866M (85%)         866M (85%)    
[16.135s][info][gc,heap     ] GC(133) y:  Promoted:         -                  -                 0M (0%)            0M (0%)     
[16.135s][info][gc,heap     ] GC(133) y: Compacted:         -                  -                  -                 0M (0%)     
[16.135s][info][gc,phases   ] GC(133) y: Young Generation 940M(92%)->108M(11%) 0.002s
[16.135s][info][gc          ] GC(133) Minor Collection (Allocation Rate) 940M(92%)->108M(11%) 0.003s
[16.198s][info][gc          ] GC(134) Minor Collection (Allocation Rate)
[16.198s][info][gc,task     ] GC(134) Using 1 Workers for Young Generation
[16.198s][info][gc,phases   ] GC(134) y: Young Generation
[16.198s][info][gc,phases   ] GC(134) y: Pause Mark Start 0.005ms
[16.200s][info][gc,phases   ] GC(134) y: Concurrent Mark 2.696ms
[16.201s][info][gc,phases   ] GC(134) y: Pause Mark End 0.008ms
[16.201s][info][gc,phases   ] GC(134) y: Concurrent Mark Free 0.000ms
[16.201s][info][gc,phases   ] GC(134) y: Concurrent Reset Relocation Set 0.000ms
[16.202s][info][gc,reloc    ] GC(134) y: Using tenuring threshold: 1 (Computed)
[16.202s][info][gc,phases   ] GC(134) y: Concurrent Select Relocation Set 1.107ms
[16.202s][info][gc,phases   ] GC(134) y: Pause Relocate Start 0.003ms
[16.202s][info][gc,phases   ] GC(134) y: Concurrent Relocate 0.033ms
[16.202s][info][gc,alloc    ] GC(134) y:                         Mark Start        Mark End      Relocate Start    Relocate End   
[16.202s][info][gc,alloc    ] GC(134) y: Allocation Stalls:          0                0                0                0         
[16.202s][info][gc,load     ] GC(134) y: Load: 3.18 (32%) / 3.07 (31%) / 3.16 (32%)
[16.202s][info][gc,mmu      ] GC(134) y: MMU: 2ms/99.0%, 5ms/99.5%, 10ms/99.7%, 20ms/99.7%, 50ms/99.8%, 100ms/99.9%
[16.202s][info][gc,marking  ] GC(134) y: Mark: 1 stripe(s), 2 proactive flush(es), 1 terminate flush(es), 0 completion(s), 0 continuation(s) 
[16.202s][info][gc,marking  ] GC(134) y: Mark Stack Usage: 32M
[16.202s][info][gc,nmethod  ] GC(134) y: NMethods: 1599 registered, 145 unregistered
[16.202s][info][gc,metaspace] GC(134) y: Metaspace: 9M used, 10M committed, 1088M reserved
[16.202s][info][gc,reloc    ] GC(134) y:                        Candidates     Selected     In-Place         Size        Empty    Relocated 
[16.202s][info][gc,reloc    ] GC(134) y: Small Pages:                    2            0            0           4M           2M           0M 
[16.202s][info][gc,reloc    ] GC(134) y: Medium Pages:                  25            0            0         800M         768M           0M 
[16.202s][info][gc,reloc    ] GC(134) y: Large Pages:                    0            0            0           0M           0M           0M 
[16.202s][info][gc,reloc    ] GC(134) y: Forwarding Usage: 0M
[16.202s][info][gc,reloc    ] GC(134) y: Age Table:
[16.202s][info][gc,reloc    ] GC(134) y:                    Live             Garbage             Small              Medium             Large        
[16.202s][info][gc,reloc    ] GC(134) y: Eden               0M (0%)          769M (75%)          1 / 0             24 / 0              0 / 0        
[16.202s][info][gc,reloc    ] GC(134) y: Survivor 1          -                34M (3%)           1 / 0              1 / 0              0 / 0        
[16.202s][info][gc,heap     ] GC(134) y: Min Capacity: 8M(1%)
[16.202s][info][gc,heap     ] GC(134) y: Max Capacity: 1024M(100%)
[16.202s][info][gc,heap     ] GC(134) y: Soft Max Capacity: 1024M(100%)
[16.202s][info][gc,heap     ] GC(134) y: Heap Statistics:
[16.202s][info][gc,heap     ] GC(134) y:                Mark Start          Mark End        Relocate Start      Relocate End           High               Low         
[16.202s][info][gc,heap     ] GC(134) y:  Capacity:     1024M (100%)       1024M (100%)       1024M (100%)       1024M (100%)       1024M (100%)       1024M (100%)   
[16.202s][info][gc,heap     ] GC(134) y:      Free:      180M (18%)         146M (14%)         884M (86%)         884M (86%)         884M (86%)         114M (11%)    
[16.202s][info][gc,heap     ] GC(134) y:      Used:      844M (82%)         878M (86%)         140M (14%)         140M (14%)         910M (89%)         140M (14%)    
[16.202s][info][gc,heap     ] GC(134) y: Young Generation Statistics:
[16.202s][info][gc,heap     ] GC(134) y:                Mark Start          Mark End        Relocate Start      Relocate End    
[16.202s][info][gc,heap     ] GC(134) y:      Used:      804M (79%)         838M (82%)         100M (10%)         100M (10%)    
[16.202s][info][gc,heap     ] GC(134) y:      Live:         -                 0M (0%)            0M (0%)            0M (0%)     
[16.202s][info][gc,heap     ] GC(134) y:   Garbage:         -               803M (78%)          33M (3%)           33M (3%)     
[16.202s][info][gc,heap     ] GC(134) y: Allocated:         -                34M (3%)           66M (6%)           66M (6%)     
[16.202s][info][gc,heap     ] GC(134) y: Reclaimed:         -                  -               770M (75%)         770M (75%)    
[16.202s][info][gc,heap     ] GC(134) y:  Promoted:         -                  -                 0M (0%)            0M (0%)     
[16.202s][info][gc,heap     ] GC(134) y: Compacted:         -                  -                  -                 0M (0%)     
[16.202s][info][gc,phases   ] GC(134) y: Young Generation 844M(82%)->140M(14%) 0.004s
[16.202s][info][gc          ] GC(134) Minor Collection (Allocation Rate) 844M(82%)->140M(14%) 0.004s
[16.202s][info][gc          ] GC(135) Major Collection (Proactive)
[16.202s][info][gc,task     ] GC(135) Using 3 Workers for Young Generation
[16.202s][info][gc,task     ] GC(135) Using 1 Workers for Old Generation
[16.202s][info][gc,phases   ] GC(135) Y: Young Generation
[16.202s][info][gc,phases   ] GC(135) Y: Pause Mark Start (Major) 0.004ms
[16.203s][info][gc,phases   ] GC(135) Y: Concurrent Mark 0.778ms
[16.203s][info][gc,phases   ] GC(135) Y: Pause Mark End 0.003ms
[16.203s][info][gc,phases   ] GC(135) Y: Concurrent Mark Free 0.000ms
[16.203s][info][gc,phases   ] GC(135) Y: Concurrent Reset Relocation Set 0.000ms
[16.204s][info][gc,reloc    ] GC(135) Y: Using tenuring threshold: 1 (Computed)
[16.204s][info][gc,phases   ] GC(135) Y: Concurrent Select Relocation Set 1.055ms
[16.204s][info][gc,phases   ] GC(135) Y: Pause Relocate Start 0.005ms
[16.204s][info][gc,phases   ] GC(135) Y: Concurrent Relocate 0.045ms
[16.204s][info][gc,alloc    ] GC(135) Y:                         Mark Start        Mark End      Relocate Start    Relocate End   
[16.204s][info][gc,alloc    ] GC(135) Y: Allocation Stalls:          0                0                0                0         
[16.204s][info][gc,load     ] GC(135) Y: Load: 3.18 (32%) / 3.07 (31%) / 3.16 (32%)
[16.204s][info][gc,mmu      ] GC(135) Y: MMU: 2ms/99.0%, 5ms/99.5%, 10ms/99.7%, 20ms/99.7%, 50ms/99.8%, 100ms/99.9%
[16.204s][info][gc,marking  ] GC(135) Y: Mark: 2 stripe(s), 2 proactive flush(es), 1 terminate flush(es), 0 completion(s), 0 continuation(s) 
[16.204s][info][gc,marking  ] GC(135) Y: Mark Stack Usage: 32M
[16.204s][info][gc,nmethod  ] GC(135) Y: NMethods: 1599 registered, 145 unregistered
[16.204s][info][gc,metaspace] GC(135) Y: Metaspace: 9M used, 10M committed, 1088M reserved
[16.204s][info][gc,reloc    ] GC(135) Y:                        Candidates     Selected     In-Place         Size        Empty    Relocated 
[16.204s][info][gc,reloc    ] GC(135) Y: Small Pages:                    2            0            0           4M           2M           0M 
[16.204s][info][gc,reloc    ] GC(135) Y: Medium Pages:                   3            0            0          96M          64M           0M 
[16.204s][info][gc,reloc    ] GC(135) Y: Large Pages:                    0            0            0           0M           0M           0M 
[16.204s][info][gc,reloc    ] GC(135) Y: Forwarding Usage: 0M
[16.204s][info][gc,reloc    ] GC(135) Y: Age Table:
[16.204s][info][gc,reloc    ] GC(135) Y:                    Live             Garbage             Small              Medium             Large        
[16.204s][info][gc,reloc    ] GC(135) Y: Eden               0M (0%)           65M (6%)           1 / 0              2 / 0              0 / 0        
[16.204s][info][gc,reloc    ] GC(135) Y: Survivor 1          -                34M (3%)           1 / 0              1 / 0              0 / 0        
[16.204s][info][gc,heap     ] GC(135) Y: Min Capacity: 8M(1%)
[16.204s][info][gc,heap     ] GC(135) Y: Max Capacity: 1024M(100%)
[16.204s][info][gc,heap     ] GC(135) Y: Soft Max Capacity: 1024M(100%)
[16.204s][info][gc,heap     ] GC(135) Y: Heap Statistics:
[16.204s][info][gc,heap     ] GC(135) Y:                Mark Start          Mark End        Relocate Start      Relocate End           High               Low         
[16.204s][info][gc,heap     ] GC(135) Y:  Capacity:     1024M (100%)       1024M (100%)       1024M (100%)       1024M (100%)       1024M (100%)       1024M (100%)   
[16.204s][info][gc,heap     ] GC(135) Y:      Free:      884M (86%)         850M (83%)         916M (89%)         916M (89%)         916M (89%)         850M (83%)    
[16.204s][info][gc,heap     ] GC(135) Y:      Used:      140M (14%)         174M (17%)         108M (11%)         108M (11%)         174M (17%)         108M (11%)    
[16.204s][info][gc,heap     ] GC(135) Y: Young Generation Statistics:
[16.204s][info][gc,heap     ] GC(135) Y:                Mark Start          Mark End        Relocate Start      Relocate End    
[16.204s][info][gc,heap     ] GC(135) Y:      Used:      100M (10%)         134M (13%)          68M (7%)           68M (7%)     
[16.204s][info][gc,heap     ] GC(135) Y:      Live:         -                 0M (0%)            0M (0%)            0M (0%)     
[16.204s][info][gc,heap     ] GC(135) Y:   Garbage:         -                99M (10%)          33M (3%)           33M (3%)     
[16.204s][info][gc,heap     ] GC(135) Y: Allocated:         -                34M (3%)           34M (3%)           34M (3%)     
[16.204s][info][gc,heap     ] GC(135) Y: Reclaimed:         -                  -                66M (6%)           66M (6%)     
[16.204s][info][gc,heap     ] GC(135) Y:  Promoted:         -                  -                 0M (0%)            0M (0%)     
[16.204s][info][gc,heap     ] GC(135) Y: Compacted:         -                  -                  -                 0M (0%)     
[16.204s][info][gc,phases   ] GC(135) Y: Young Generation 140M(14%)->108M(11%) 0.002s
[16.204s][info][gc,phases   ] GC(135) O: Old Generation
[16.210s][info][gc,phases   ] GC(135) O: Concurrent Mark 5.263ms
[16.210s][info][gc,phases   ] GC(135) O: Pause Mark End 0.008ms
[16.210s][info][gc,phases   ] GC(135) O: Concurrent Mark Free 0.000ms
[16.212s][info][gc,phases   ] GC(135) O: Concurrent Process Non-Strong 2.416ms
[16.212s][info][gc,phases   ] GC(135) O: Concurrent Reset Relocation Set 0.001ms
[16.213s][info][gc,phases   ] GC(135) O: Concurrent Select Relocation Set 0.931ms
[16.213s][info][gc,task     ] GC(135) O: Using 3 Workers for Old Generation
[16.216s][info][gc,task     ] GC(135) O: Using 1 Workers for Old Generation
[16.216s][info][gc,phases   ] GC(135) O: Concurrent Remap Roots 3.041ms
[16.216s][info][gc,phases   ] GC(135) O: Pause Relocate Start 0.005ms
[16.217s][info][gc,phases   ] GC(135) O: Concurrent Relocate 0.727ms
[16.217s][info][gc,alloc    ] GC(135) O:                         Mark Start        Mark End      Relocate Start    Relocate End   
[16.217s][info][gc,alloc    ] GC(135) O: Allocation Stalls:          0                0                0                0         
[16.217s][info][gc,load     ] GC(135) O: Load: 3.18 (32%) / 3.07 (31%) / 3.16 (32%)
[16.217s][info][gc,mmu      ] GC(135) O: MMU: 2ms/99.0%, 5ms/99.5%, 10ms/99.7%, 20ms/99.7%, 50ms/99.8%, 100ms/99.9%
[16.217s][info][gc,marking  ] GC(135) O: Mark: 1 stripe(s), 2 proactive flush(es), 1 terminate flush(es), 0 completion(s), 0 continuation(s) 
[16.217s][info][gc,marking  ] GC(135) O: Mark Stack Usage: 32M
[16.217s][info][gc,nmethod  ] GC(135) O: NMethods: 1585 registered, 159 unregistered
[16.217s][info][gc,metaspace] GC(135) O: Metaspace: 9M used, 10M committed, 1088M reserved
[16.217s][info][gc,ref      ] GC(135) O:                       Encountered   Discovered     Enqueued 
[16.217s][info][gc,ref      ] GC(135) O: Soft References:              372            0            0 
[16.217s][info][gc,ref      ] GC(135) O: Weak References:             1110          834            0 
[16.217s][info][gc,ref      ] GC(135) O: Final References:             880          270            0 
[16.217s][info][gc,ref      ] GC(135) O: Phantom References:            32            2            0 
[16.217s][info][gc,reloc    ] GC(135) O:                        Candidates     Selected     In-Place         Size        Empty    Relocated 
[16.217s][info][gc,reloc    ] GC(135) O: Small Pages:                    4            1            0           8M           0M           1M 
[16.217s][info][gc,reloc    ] GC(135) O: Medium Pages:                   1            0            0          32M           0M           0M 
[16.217s][info][gc,reloc    ] GC(135) O: Large Pages:                    0            0            0           0M           0M           0M 
[16.217s][info][gc,reloc    ] GC(135) O: Forwarding Usage: 0M
[16.217s][info][gc,heap     ] GC(135) O: Min Capacity: 8M(1%)
[16.217s][info][gc,heap     ] GC(135) O: Max Capacity: 1024M(100%)
[16.217s][info][gc,heap     ] GC(135) O: Soft Max Capacity: 1024M(100%)
[16.217s][info][gc,heap     ] GC(135) O: Heap Statistics:
[16.217s][info][gc,heap     ] GC(135) O:                Mark Start          Mark End        Relocate Start      Relocate End           High               Low         
[16.217s][info][gc,heap     ] GC(135) O:  Capacity:     1024M (100%)       1024M (100%)       1024M (100%)       1024M (100%)       1024M (100%)       1024M (100%)   
[16.217s][info][gc,heap     ] GC(135) O:      Free:      884M (86%)         852M (83%)         788M (77%)         788M (77%)         916M (89%)         784M (77%)    
[16.217s][info][gc,heap     ] GC(135) O:      Used:      140M (14%)         172M (17%)         236M (23%)         236M (23%)         240M (23%)         108M (11%)    
[16.217s][info][gc,heap     ] GC(135) O: Old Generation Statistics:
[16.217s][info][gc,heap     ] GC(135) O:                Mark Start          Mark End        Relocate Start      Relocate End    
[16.217s][info][gc,heap     ] GC(135) O:      Used:       40M (4%)           40M (4%)           40M (4%)           40M (4%)     
[16.217s][info][gc,heap     ] GC(135) O:      Live:         -                 4M (0%)            4M (0%)            4M (0%)     
[16.217s][info][gc,heap     ] GC(135) O:   Garbage:         -                35M (3%)           35M (3%)           32M (3%)     
[16.217s][info][gc,heap     ] GC(135) O: Allocated:         -                 0M (0%)            0M (0%)            2M (0%)     
[16.217s][info][gc,heap     ] GC(135) O: Reclaimed:         -                  -                 0M (0%)            2M (0%)     
[16.217s][info][gc,heap     ] GC(135) O: Compacted:         -                  -                  -                 1M (0%)     
[16.217s][info][gc,phases   ] GC(135) O: Old Generation 108M(11%)->236M(23%) 0.013s
[16.217s][info][gc          ] GC(135) Major Collection (Proactive) 140M(14%)->268M(26%) 0.015s
[16.273s][info][gc          ] GC(136) Minor Collection (Allocation Rate)
[16.273s][info][gc,task     ] GC(136) Using 2 Workers for Young Generation
[16.273s][info][gc,phases   ] GC(136) y: Young Generation
[16.273s][info][gc,phases   ] GC(136) y: Pause Mark Start 0.005ms
[16.274s][info][gc,phases   ] GC(136) y: Concurrent Mark 1.454ms
[16.275s][info][gc,phases   ] GC(136) y: Pause Mark End 0.005ms
[16.275s][info][gc,phases   ] GC(136) y: Concurrent Mark Free 0.000ms
[16.275s][info][gc,phases   ] GC(136) y: Concurrent Reset Relocation Set 0.000ms
[16.276s][info][gc,reloc    ] GC(136) y: Using tenuring threshold: 1 (Computed)
[16.276s][info][gc,phases   ] GC(136) y: Concurrent Select Relocation Set 1.147ms
[16.276s][info][gc,phases   ] GC(136) y: Pause Relocate Start 0.005ms
[16.276s][info][gc,phases   ] GC(136) y: Concurrent Relocate 0.034ms
[16.276s][info][gc,alloc    ] GC(136) y:                         Mark Start        Mark End      Relocate Start    Relocate End   
[16.276s][info][gc,alloc    ] GC(136) y: Allocation Stalls:          0                0                0                0         
[16.276s][info][gc,load     ] GC(136) y: Load: 3.18 (32%) / 3.07 (31%) / 3.16 (32%)
[16.276s][info][gc,mmu      ] GC(136) y: MMU: 2ms/99.0%, 5ms/99.5%, 10ms/99.7%, 20ms/99.7%, 50ms/99.8%, 100ms/99.9%
[16.276s][info][gc,marking  ] GC(136) y: Mark: 2 stripe(s), 2 proactive flush(es), 1 terminate flush(es), 0 completion(s), 0 continuation(s) 
[16.276s][info][gc,marking  ] GC(136) y: Mark Stack Usage: 32M
[16.276s][info][gc,nmethod  ] GC(136) y: NMethods: 1585 registered, 159 unregistered
[16.276s][info][gc,metaspace] GC(136) y: Metaspace: 9M used, 10M committed, 1088M reserved
[16.276s][info][gc,reloc    ] GC(136) y:                        Candidates     Selected     In-Place         Size        Empty    Relocated 
[16.276s][info][gc,reloc    ] GC(136) y: Small Pages:                    2            0            0           4M           2M           0M 
[16.276s][info][gc,reloc    ] GC(136) y: Medium Pages:                  27            0            0         864M         832M           0M 
[16.276s][info][gc,reloc    ] GC(136) y: Large Pages:                    0            0            0           0M           0M           0M 
[16.276s][info][gc,reloc    ] GC(136) y: Forwarding Usage: 0M
[16.276s][info][gc,reloc    ] GC(136) y: Age Table:
[16.276s][info][gc,reloc    ] GC(136) y:                    Live             Garbage             Small              Medium             Large        
[16.276s][info][gc,reloc    ] GC(136) y: Eden               0M (0%)          833M (81%)          1 / 0             26 / 0              0 / 0        
[16.276s][info][gc,reloc    ] GC(136) y: Survivor 1          -                34M (3%)           1 / 0              1 / 0              0 / 0        
[16.276s][info][gc,heap     ] GC(136) y: Min Capacity: 8M(1%)
[16.276s][info][gc,heap     ] GC(136) y: Max Capacity: 1024M(100%)
[16.276s][info][gc,heap     ] GC(136) y: Soft Max Capacity: 1024M(100%)
[16.276s][info][gc,heap     ] GC(136) y: Heap Statistics:
[16.276s][info][gc,heap     ] GC(136) y:                Mark Start          Mark End        Relocate Start      Relocate End           High               Low         
[16.276s][info][gc,heap     ] GC(136) y:  Capacity:     1024M (100%)       1024M (100%)       1024M (100%)       1024M (100%)       1024M (100%)       1024M (100%)   
[16.276s][info][gc,heap     ] GC(136) y:      Free:      116M (11%)          82M (8%)          916M (89%)         916M (89%)         916M (89%)          82M (8%)     
[16.276s][info][gc,heap     ] GC(136) y:      Used:      908M (89%)         942M (92%)         108M (11%)         108M (11%)         942M (92%)         108M (11%)    
[16.276s][info][gc,heap     ] GC(136) y: Young Generation Statistics:
[16.276s][info][gc,heap     ] GC(136) y:                Mark Start          Mark End        Relocate Start      Relocate End    
[16.276s][info][gc,heap     ] GC(136) y:      Used:      868M (85%)         902M (88%)          68M (7%)           68M (7%)     
[16.276s][info][gc,heap     ] GC(136) y:      Live:         -                 0M (0%)            0M (0%)            0M (0%)     
[16.276s][info][gc,heap     ] GC(136) y:   Garbage:         -               867M (85%)          33M (3%)           33M (3%)     
[16.276s][info][gc,heap     ] GC(136) y: Allocated:         -                34M (3%)           34M (3%)           34M (3%)     
[16.276s][info][gc,heap     ] GC(136) y: Reclaimed:         -                  -               834M (81%)         834M (81%)    
[16.276s][info][gc,heap     ] GC(136) y:  Promoted:         -                  -                 0M (0%)            0M (0%)     
[16.276s][info][gc,heap     ] GC(136) y: Compacted:         -                  -                  -                 0M (0%)     
[16.276s][info][gc,phases   ] GC(136) y: Young Generation 908M(89%)->108M(11%) 0.003s
[16.276s][info][gc          ] GC(136) Minor Collection (Allocation Rate) 908M(89%)->108M(11%) 0.003s
[16.347s][info][gc          ] GC(137) Minor Collection (Allocation Rate)
[16.347s][info][gc,task     ] GC(137) Using 3 Workers for Young Generation
[16.347s][info][gc,phases   ] GC(137) y: Young Generation
[16.347s][info][gc,phases   ] GC(137) y: Pause Mark Start 0.005ms
[16.348s][info][gc,phases   ] GC(137) y: Concurrent Mark 0.984ms
[16.348s][info][gc,phases   ] GC(137) y: Pause Mark End 0.006ms
[16.348s][info][gc,phases   ] GC(137) y: Concurrent Mark Free 0.000ms
[16.348s][info][gc,phases   ] GC(137) y: Concurrent Reset Relocation Set 0.000ms
[16.349s][info][gc,reloc    ] GC(137) y: Using tenuring threshold: 1 (Computed)
[16.349s][info][gc,phases   ] GC(137) y: Concurrent Select Relocation Set 1.052ms
[16.349s][info][gc,phases   ] GC(137) y: Pause Relocate Start 0.004ms
[16.349s][info][gc,phases   ] GC(137) y: Concurrent Relocate 0.039ms
[16.349s][info][gc,alloc    ] GC(137) y:                         Mark Start        Mark End      Relocate Start    Relocate End   
[16.349s][info][gc,alloc    ] GC(137) y: Allocation Stalls:          0                0                0                0         
[16.349s][info][gc,load     ] GC(137) y: Load: 3.18 (32%) / 3.07 (31%) / 3.16 (32%)
[16.349s][info][gc,mmu      ] GC(137) y: MMU: 2ms/99.0%, 5ms/99.5%, 10ms/99.7%, 20ms/99.7%, 50ms/99.8%, 100ms/99.9%
[16.349s][info][gc,marking  ] GC(137) y: Mark: 2 stripe(s), 2 proactive flush(es), 1 terminate flush(es), 0 completion(s), 0 continuation(s) 
[16.349s][info][gc,marking  ] GC(137) y: Mark Stack Usage: 32M
[16.349s][info][gc,nmethod  ] GC(137) y: NMethods: 1585 registered, 159 unregistered
[16.349s][info][gc,metaspace] GC(137) y: Metaspace: 9M used, 10M committed, 1088M reserved
[16.349s][info][gc,reloc    ] GC(137) y:                        Candidates     Selected     In-Place         Size        Empty    Relocated 
[16.349s][info][gc,reloc    ] GC(137) y: Small Pages:                    2            0            0           4M           2M           0M 
[16.349s][info][gc,reloc    ] GC(137) y: Medium Pages:                  28            0            0         896M         864M           0M 
[16.349s][info][gc,reloc    ] GC(137) y: Large Pages:                    0            0            0           0M           0M           0M 
[16.349s][info][gc,reloc    ] GC(137) y: Forwarding Usage: 0M
[16.349s][info][gc,reloc    ] GC(137) y: Age Table:
[16.349s][info][gc,reloc    ] GC(137) y:                    Live             Garbage             Small              Medium             Large        
[16.349s][info][gc,reloc    ] GC(137) y: Eden               0M (0%)          865M (85%)          1 / 0             27 / 0              0 / 0        
[16.349s][info][gc,reloc    ] GC(137) y: Survivor 1          -                34M (3%)           1 / 0              1 / 0              0 / 0        
[16.349s][info][gc,heap     ] GC(137) y: Min Capacity: 8M(1%)
[16.349s][info][gc,heap     ] GC(137) y: Max Capacity: 1024M(100%)
[16.349s][info][gc,heap     ] GC(137) y: Soft Max Capacity: 1024M(100%)
[16.349s][info][gc,heap     ] GC(137) y: Heap Statistics:
[16.349s][info][gc,heap     ] GC(137) y:                Mark Start          Mark End        Relocate Start      Relocate End           High               Low         
[16.349s][info][gc,heap     ] GC(137) y:  Capacity:     1024M (100%)       1024M (100%)       1024M (100%)       1024M (100%)       1024M (100%)       1024M (100%)   
[16.349s][info][gc,heap     ] GC(137) y:      Free:       84M (8%)           50M (5%)          916M (89%)         916M (89%)         916M (89%)          50M (5%)     
[16.349s][info][gc,heap     ] GC(137) y:      Used:      940M (92%)         974M (95%)         108M (11%)         108M (11%)         974M (95%)         108M (11%)    
[16.350s][info][gc,heap     ] GC(137) y: Young Generation Statistics:
[16.350s][info][gc,heap     ] GC(137) y:                Mark Start          Mark End        Relocate Start      Relocate End    
[16.350s][info][gc,heap     ] GC(137) y:      Used:      900M (88%)         934M (91%)          68M (7%)           68M (7%)     
[16.350s][info][gc,heap     ] GC(137) y:      Live:         -                 0M (0%)            0M (0%)            0M (0%)     
[16.350s][info][gc,heap     ] GC(137) y:   Garbage:         -               899M (88%)          33M (3%)           33M (3%)     
[16.350s][info][gc,heap     ] GC(137) y: Allocated:         -                34M (3%)           34M (3%)           34M (3%)     
[16.350s][info][gc,heap     ] GC(137) y: Reclaimed:         -                  -               866M (85%)         866M (85%)    
[16.350s][info][gc,heap     ] GC(137) y:  Promoted:         -                  -                 0M (0%)            0M (0%)     
[16.350s][info][gc,heap     ] GC(137) y: Compacted:         -                  -                  -                 0M (0%)     
[16.350s][info][gc,phases   ] GC(137) y: Young Generation 940M(92%)->108M(11%) 0.002s
[16.350s][info][gc          ] GC(137) Minor Collection (Allocation Rate) 940M(92%)->108M(11%) 0.003s
[16.419s][info][gc          ] GC(138) Minor Collection (Allocation Rate)
[16.419s][info][gc,task     ] GC(138) Using 2 Workers for Young Generation
[16.419s][info][gc,phases   ] GC(138) y: Young Generation
[16.419s][info][gc,phases   ] GC(138) y: Pause Mark Start 0.005ms
[16.420s][info][gc,phases   ] GC(138) y: Concurrent Mark 1.294ms
[16.420s][info][gc,phases   ] GC(138) y: Pause Mark End 0.008ms
[16.420s][info][gc,phases   ] GC(138) y: Concurrent Mark Free 0.000ms
[16.420s][info][gc,phases   ] GC(138) y: Concurrent Reset Relocation Set 0.000ms
[16.421s][info][gc,reloc    ] GC(138) y: Using tenuring threshold: 1 (Computed)
[16.421s][info][gc,phases   ] GC(138) y: Concurrent Select Relocation Set 1.044ms
[16.421s][info][gc,phases   ] GC(138) y: Pause Relocate Start 0.004ms
[16.421s][info][gc,phases   ] GC(138) y: Concurrent Relocate 0.016ms
[16.422s][info][gc,alloc    ] GC(138) y:                         Mark Start        Mark End      Relocate Start    Relocate End   
[16.422s][info][gc,alloc    ] GC(138) y: Allocation Stalls:          0                0                0                0         
[16.422s][info][gc,load     ] GC(138) y: Load: 3.18 (32%) / 3.07 (31%) / 3.16 (32%)
[16.422s][info][gc,mmu      ] GC(138) y: MMU: 2ms/99.0%, 5ms/99.5%, 10ms/99.7%, 20ms/99.7%, 50ms/99.8%, 100ms/99.9%
[16.422s][info][gc,marking  ] GC(138) y: Mark: 2 stripe(s), 2 proactive flush(es), 1 terminate flush(es), 0 completion(s), 0 continuation(s) 
[16.422s][info][gc,marking  ] GC(138) y: Mark Stack Usage: 32M
[16.422s][info][gc,nmethod  ] GC(138) y: NMethods: 1585 registered, 159 unregistered
[16.422s][info][gc,metaspace] GC(138) y: Metaspace: 9M used, 10M committed, 1088M reserved
[16.422s][info][gc,reloc    ] GC(138) y:                        Candidates     Selected     In-Place         Size        Empty    Relocated 
[16.422s][info][gc,reloc    ] GC(138) y: Small Pages:                    2            0            0           4M           2M           0M 
[16.422s][info][gc,reloc    ] GC(138) y: Medium Pages:                  27            0            0         864M         832M           0M 
[16.422s][info][gc,reloc    ] GC(138) y: Large Pages:                    0            0            0           0M           0M           0M 
[16.422s][info][gc,reloc    ] GC(138) y: Forwarding Usage: 0M
[16.422s][info][gc,reloc    ] GC(138) y: Age Table:
[16.422s][info][gc,reloc    ] GC(138) y:                    Live             Garbage             Small              Medium             Large        
[16.422s][info][gc,reloc    ] GC(138) y: Eden               0M (0%)          833M (81%)          1 / 0             26 / 0              0 / 0        
[16.422s][info][gc,reloc    ] GC(138) y: Survivor 1          -                34M (3%)           1 / 0              1 / 0              0 / 0        
[16.422s][info][gc,heap     ] GC(138) y: Min Capacity: 8M(1%)
[16.422s][info][gc,heap     ] GC(138) y: Max Capacity: 1024M(100%)
[16.422s][info][gc,heap     ] GC(138) y: Soft Max Capacity: 1024M(100%)
[16.422s][info][gc,heap     ] GC(138) y: Heap Statistics:
[16.422s][info][gc,heap     ] GC(138) y:                Mark Start          Mark End        Relocate Start      Relocate End           High               Low         
[16.422s][info][gc,heap     ] GC(138) y:  Capacity:     1024M (100%)       1024M (100%)       1024M (100%)       1024M (100%)       1024M (100%)       1024M (100%)   
[16.422s][info][gc,heap     ] GC(138) y:      Free:      116M (11%)          82M (8%)          916M (89%)         916M (89%)         916M (89%)          82M (8%)     
[16.422s][info][gc,heap     ] GC(138) y:      Used:      908M (89%)         942M (92%)         108M (11%)         108M (11%)         942M (92%)         108M (11%)    
[16.422s][info][gc,heap     ] GC(138) y: Young Generation Statistics:
[16.422s][info][gc,heap     ] GC(138) y:                Mark Start          Mark End        Relocate Start      Relocate End    
[16.422s][info][gc,heap     ] GC(138) y:      Used:      868M (85%)         902M (88%)          68M (7%)           68M (7%)     
[16.422s][info][gc,heap     ] GC(138) y:      Live:         -                 0M (0%)            0M (0%)            0M (0%)     
[16.422s][info][gc,heap     ] GC(138) y:   Garbage:         -               867M (85%)          33M (3%)           33M (3%)     
[16.422s][info][gc,heap     ] GC(138) y: Allocated:         -                34M (3%)           34M (3%)           34M (3%)     
[16.422s][info][gc,heap     ] GC(138) y: Reclaimed:         -                  -               834M (81%)         834M (81%)    
[16.422s][info][gc,heap     ] GC(138) y:  Promoted:         -                  -                 0M (0%)            0M (0%)     
[16.422s][info][gc,heap     ] GC(138) y: Compacted:         -                  -                  -                 0M (0%)     
[16.422s][info][gc,phases   ] GC(138) y: Young Generation 908M(89%)->108M(11%) 0.003s
[16.422s][info][gc          ] GC(138) Minor Collection (Allocation Rate) 908M(89%)->108M(11%) 0.003s
[16.489s][info][gc          ] GC(139) Minor Collection (Allocation Rate)
[16.489s][info][gc,task     ] GC(139) Using 2 Workers for Young Generation
[16.489s][info][gc,phases   ] GC(139) y: Young Generation
[16.489s][info][gc,phases   ] GC(139) y: Pause Mark Start 0.011ms
[16.490s][info][gc,phases   ] GC(139) y: Concurrent Mark 1.243ms
[16.490s][info][gc,phases   ] GC(139) y: Pause Mark End 0.006ms
[16.490s][info][gc,phases   ] GC(139) y: Concurrent Mark Free 0.000ms
[16.490s][info][gc,phases   ] GC(139) y: Concurrent Reset Relocation Set 0.000ms
[16.491s][info][gc,reloc    ] GC(139) y: Using tenuring threshold: 1 (Computed)
[16.491s][info][gc,phases   ] GC(139) y: Concurrent Select Relocation Set 1.007ms
[16.491s][info][gc,phases   ] GC(139) y: Pause Relocate Start 0.003ms
[16.492s][info][gc,phases   ] GC(139) y: Concurrent Relocate 0.018ms
[16.492s][info][gc,alloc    ] GC(139) y:                         Mark Start        Mark End      Relocate Start    Relocate End   
[16.492s][info][gc,alloc    ] GC(139) y: Allocation Stalls:          0                0                0                0         
[16.492s][info][gc,load     ] GC(139) y: Load: 3.18 (32%) / 3.07 (31%) / 3.16 (32%)
[16.492s][info][gc,mmu      ] GC(139) y: MMU: 2ms/99.0%, 5ms/99.5%, 10ms/99.7%, 20ms/99.7%, 50ms/99.8%, 100ms/99.9%
[16.492s][info][gc,marking  ] GC(139) y: Mark: 2 stripe(s), 2 proactive flush(es), 1 terminate flush(es), 0 completion(s), 0 continuation(s) 
[16.492s][info][gc,marking  ] GC(139) y: Mark Stack Usage: 32M
[16.492s][info][gc,nmethod  ] GC(139) y: NMethods: 1585 registered, 159 unregistered
[16.492s][info][gc,metaspace] GC(139) y: Metaspace: 9M used, 10M committed, 1088M reserved
[16.492s][info][gc,reloc    ] GC(139) y:                        Candidates     Selected     In-Place         Size        Empty    Relocated 
[16.492s][info][gc,reloc    ] GC(139) y: Small Pages:                    2            0            0           4M           2M           0M 
[16.492s][info][gc,reloc    ] GC(139) y: Medium Pages:                  27            0            0         864M         832M           0M 
[16.492s][info][gc,reloc    ] GC(139) y: Large Pages:                    0            0            0           0M           0M           0M 
[16.492s][info][gc,reloc    ] GC(139) y: Forwarding Usage: 0M
[16.492s][info][gc,reloc    ] GC(139) y: Age Table:
[16.492s][info][gc,reloc    ] GC(139) y:                    Live             Garbage             Small              Medium             Large        
[16.492s][info][gc,reloc    ] GC(139) y: Eden               0M (0%)          833M (81%)          1 / 0             26 / 0              0 / 0        
[16.492s][info][gc,reloc    ] GC(139) y: Survivor 1          -                34M (3%)           1 / 0              1 / 0              0 / 0        
[16.492s][info][gc,heap     ] GC(139) y: Min Capacity: 8M(1%)
[16.492s][info][gc,heap     ] GC(139) y: Max Capacity: 1024M(100%)
[16.492s][info][gc,heap     ] GC(139) y: Soft Max Capacity: 1024M(100%)
[16.492s][info][gc,heap     ] GC(139) y: Heap Statistics:
[16.492s][info][gc,heap     ] GC(139) y:                Mark Start          Mark End        Relocate Start      Relocate End           High               Low         
[16.492s][info][gc,heap     ] GC(139) y:  Capacity:     1024M (100%)       1024M (100%)       1024M (100%)       1024M (100%)       1024M (100%)       1024M (100%)   
[16.492s][info][gc,heap     ] GC(139) y:      Free:      116M (11%)          82M (8%)          916M (89%)         916M (89%)         916M (89%)          82M (8%)     
[16.492s][info][gc,heap     ] GC(139) y:      Used:      908M (89%)         942M (92%)         108M (11%)         108M (11%)         942M (92%)         108M (11%)    
[16.492s][info][gc,heap     ] GC(139) y: Young Generation Statistics:
[16.492s][info][gc,heap     ] GC(139) y:                Mark Start          Mark End        Relocate Start      Relocate End    
[16.492s][info][gc,heap     ] GC(139) y:      Used:      868M (85%)         902M (88%)          68M (7%)           68M (7%)     
[16.492s][info][gc,heap     ] GC(139) y:      Live:         -                 0M (0%)            0M (0%)            0M (0%)     
[16.492s][info][gc,heap     ] GC(139) y:   Garbage:         -               867M (85%)          33M (3%)           33M (3%)     
[16.492s][info][gc,heap     ] GC(139) y: Allocated:         -                34M (3%)           34M (3%)           34M (3%)     
[16.492s][info][gc,heap     ] GC(139) y: Reclaimed:         -                  -               834M (81%)         834M (81%)    
[16.492s][info][gc,heap     ] GC(139) y:  Promoted:         -                  -                 0M (0%)            0M (0%)     
[16.492s][info][gc,heap     ] GC(139) y: Compacted:         -                  -                  -                 0M (0%)     
[16.492s][info][gc,phases   ] GC(139) y: Young Generation 908M(89%)->108M(11%) 0.003s
[16.492s][info][gc          ] GC(139) Minor Collection (Allocation Rate) 908M(89%)->108M(11%) 0.003s
[16.556s][info][gc          ] GC(140) Minor Collection (Allocation Rate)
[16.556s][info][gc,task     ] GC(140) Using 1 Workers for Young Generation
[16.556s][info][gc,phases   ] GC(140) y: Young Generation
[16.556s][info][gc,phases   ] GC(140) y: Pause Mark Start 0.004ms
[16.558s][info][gc,phases   ] GC(140) y: Concurrent Mark 2.307ms
[16.559s][info][gc,phases   ] GC(140) y: Pause Mark End 0.010ms
[16.559s][info][gc,phases   ] GC(140) y: Concurrent Mark Free 0.000ms
[16.559s][info][gc,phases   ] GC(140) y: Concurrent Reset Relocation Set 0.000ms
[16.560s][info][gc,reloc    ] GC(140) y: Using tenuring threshold: 1 (Computed)
[16.560s][info][gc,phases   ] GC(140) y: Concurrent Select Relocation Set 1.034ms
[16.560s][info][gc,phases   ] GC(140) y: Pause Relocate Start 0.004ms
[16.560s][info][gc,phases   ] GC(140) y: Concurrent Relocate 0.013ms
[16.560s][info][gc,alloc    ] GC(140) y:                         Mark Start        Mark End      Relocate Start    Relocate End   
[16.560s][info][gc,alloc    ] GC(140) y: Allocation Stalls:          0                0                0                0         
[16.560s][info][gc,load     ] GC(140) y: Load: 3.18 (32%) / 3.07 (31%) / 3.16 (32%)
[16.560s][info][gc,mmu      ] GC(140) y: MMU: 2ms/99.0%, 5ms/99.5%, 10ms/99.7%, 20ms/99.7%, 50ms/99.8%, 100ms/99.9%
[16.560s][info][gc,marking  ] GC(140) y: Mark: 1 stripe(s), 2 proactive flush(es), 1 terminate flush(es), 0 completion(s), 0 continuation(s) 
[16.560s][info][gc,marking  ] GC(140) y: Mark Stack Usage: 32M
[16.560s][info][gc,nmethod  ] GC(140) y: NMethods: 1585 registered, 159 unregistered
[16.560s][info][gc,metaspace] GC(140) y: Metaspace: 9M used, 10M committed, 1088M reserved
[16.560s][info][gc,reloc    ] GC(140) y:                        Candidates     Selected     In-Place         Size        Empty    Relocated 
[16.560s][info][gc,reloc    ] GC(140) y: Small Pages:                    2            0            0           4M           2M           0M 
[16.560s][info][gc,reloc    ] GC(140) y: Medium Pages:                  26            0            0         832M         800M           0M 
[16.560s][info][gc,reloc    ] GC(140) y: Large Pages:                    0            0            0           0M           0M           0M 
[16.560s][info][gc,reloc    ] GC(140) y: Forwarding Usage: 0M
[16.560s][info][gc,reloc    ] GC(140) y: Age Table:
[16.560s][info][gc,reloc    ] GC(140) y:                    Live             Garbage             Small              Medium             Large        
[16.560s][info][gc,reloc    ] GC(140) y: Eden               0M (0%)          801M (78%)          1 / 0             25 / 0              0 / 0        
[16.560s][info][gc,reloc    ] GC(140) y: Survivor 1          -                34M (3%)           1 / 0              1 / 0              0 / 0        
[16.560s][info][gc,heap     ] GC(140) y: Min Capacity: 8M(1%)
[16.560s][info][gc,heap     ] GC(140) y: Max Capacity: 1024M(100%)
[16.560s][info][gc,heap     ] GC(140) y: Soft Max Capacity: 1024M(100%)
[16.560s][info][gc,heap     ] GC(140) y: Heap Statistics:
[16.560s][info][gc,heap     ] GC(140) y:                Mark Start          Mark End        Relocate Start      Relocate End           High               Low         
[16.560s][info][gc,heap     ] GC(140) y:  Capacity:     1024M (100%)       1024M (100%)       1024M (100%)       1024M (100%)       1024M (100%)       1024M (100%)   
[16.560s][info][gc,heap     ] GC(140) y:      Free:      148M (14%)         114M (11%)         884M (86%)         884M (86%)         884M (86%)          82M (8%)     
[16.560s][info][gc,heap     ] GC(140) y:      Used:      876M (86%)         910M (89%)         140M (14%)         140M (14%)         942M (92%)         140M (14%)    
[16.560s][info][gc,heap     ] GC(140) y: Young Generation Statistics:
[16.560s][info][gc,heap     ] GC(140) y:                Mark Start          Mark End        Relocate Start      Relocate End    
[16.560s][info][gc,heap     ] GC(140) y:      Used:      836M (82%)         870M (85%)         100M (10%)         100M (10%)    
[16.560s][info][gc,heap     ] GC(140) y:      Live:         -                 0M (0%)            0M (0%)            0M (0%)     
[16.560s][info][gc,heap     ] GC(140) y:   Garbage:         -               835M (82%)          33M (3%)           33M (3%)     
[16.560s][info][gc,heap     ] GC(140) y: Allocated:         -                34M (3%)           66M (6%)           66M (6%)     
[16.560s][info][gc,heap     ] GC(140) y: Reclaimed:         -                  -               802M (78%)         802M (78%)    
[16.560s][info][gc,heap     ] GC(140) y:  Promoted:         -                  -                 0M (0%)            0M (0%)     
[16.560s][info][gc,heap     ] GC(140) y: Compacted:         -                  -                  -                 0M (0%)     
[16.560s][info][gc,phases   ] GC(140) y: Young Generation 876M(86%)->140M(14%) 0.004s
[16.560s][info][gc          ] GC(140) Minor Collection (Allocation Rate) 876M(86%)->140M(14%) 0.004s
[16.629s][info][gc          ] GC(141) Minor Collection (Allocation Rate)
[16.629s][info][gc,task     ] GC(141) Using 3 Workers for Young Generation
[16.629s][info][gc,phases   ] GC(141) y: Young Generation
[16.629s][info][gc,phases   ] GC(141) y: Pause Mark Start 0.004ms
[16.630s][info][gc,phases   ] GC(141) y: Concurrent Mark 0.868ms
[16.630s][info][gc,phases   ] GC(141) y: Pause Mark End 0.005ms
[16.630s][info][gc,phases   ] GC(141) y: Concurrent Mark Free 0.000ms
[16.630s][info][gc,phases   ] GC(141) y: Concurrent Reset Relocation Set 0.000ms
[16.631s][info][gc,reloc    ] GC(141) y: Using tenuring threshold: 1 (Computed)
[16.631s][info][gc,phases   ] GC(141) y: Concurrent Select Relocation Set 1.084ms
[16.631s][info][gc,phases   ] GC(141) y: Pause Relocate Start 0.006ms
[16.632s][info][gc,phases   ] GC(141) y: Concurrent Relocate 0.053ms
[16.632s][info][gc,alloc    ] GC(141) y:                         Mark Start        Mark End      Relocate Start    Relocate End   
[16.632s][info][gc,alloc    ] GC(141) y: Allocation Stalls:          0                0                0                0         
[16.632s][info][gc,load     ] GC(141) y: Load: 3.18 (32%) / 3.07 (31%) / 3.16 (32%)
[16.632s][info][gc,mmu      ] GC(141) y: MMU: 2ms/99.0%, 5ms/99.5%, 10ms/99.7%, 20ms/99.7%, 50ms/99.8%, 100ms/99.9%
[16.632s][info][gc,marking  ] GC(141) y: Mark: 2 stripe(s), 2 proactive flush(es), 1 terminate flush(es), 0 completion(s), 0 continuation(s) 
[16.632s][info][gc,marking  ] GC(141) y: Mark Stack Usage: 32M
[16.632s][info][gc,nmethod  ] GC(141) y: NMethods: 1585 registered, 159 unregistered
[16.632s][info][gc,metaspace] GC(141) y: Metaspace: 9M used, 10M committed, 1088M reserved
[16.632s][info][gc,reloc    ] GC(141) y:                        Candidates     Selected     In-Place         Size        Empty    Relocated 
[16.632s][info][gc,reloc    ] GC(141) y: Small Pages:                    2            0            0           4M           2M           0M 
[16.632s][info][gc,reloc    ] GC(141) y: Medium Pages:                  28            0            0         896M         864M           0M 
[16.632s][info][gc,reloc    ] GC(141) y: Large Pages:                    0            0            0           0M           0M           0M 
[16.632s][info][gc,reloc    ] GC(141) y: Forwarding Usage: 0M
[16.632s][info][gc,reloc    ] GC(141) y: Age Table:
[16.632s][info][gc,reloc    ] GC(141) y:                    Live             Garbage             Small              Medium             Large        
[16.632s][info][gc,reloc    ] GC(141) y: Eden               0M (0%)          865M (85%)          1 / 0             27 / 0              0 / 0        
[16.632s][info][gc,reloc    ] GC(141) y: Survivor 1          -                34M (3%)           1 / 0              1 / 0              0 / 0        
[16.632s][info][gc,heap     ] GC(141) y: Min Capacity: 8M(1%)
[16.632s][info][gc,heap     ] GC(141) y: Max Capacity: 1024M(100%)
[16.632s][info][gc,heap     ] GC(141) y: Soft Max Capacity: 1024M(100%)
[16.632s][info][gc,heap     ] GC(141) y: Heap Statistics:
[16.632s][info][gc,heap     ] GC(141) y:                Mark Start          Mark End        Relocate Start      Relocate End           High               Low         
[16.632s][info][gc,heap     ] GC(141) y:  Capacity:     1024M (100%)       1024M (100%)       1024M (100%)       1024M (100%)       1024M (100%)       1024M (100%)   
[16.632s][info][gc,heap     ] GC(141) y:      Free:       84M (8%)           50M (5%)          916M (89%)         916M (89%)         916M (89%)          50M (5%)     
[16.632s][info][gc,heap     ] GC(141) y:      Used:      940M (92%)         974M (95%)         108M (11%)         108M (11%)         974M (95%)         108M (11%)    
[16.632s][info][gc,heap     ] GC(141) y: Young Generation Statistics:
[16.632s][info][gc,heap     ] GC(141) y:                Mark Start          Mark End        Relocate Start      Relocate End    
[16.632s][info][gc,heap     ] GC(141) y:      Used:      900M (88%)         934M (91%)          68M (7%)           68M (7%)     
[16.632s][info][gc,heap     ] GC(141) y:      Live:         -                 0M (0%)            0M (0%)            0M (0%)     
[16.632s][info][gc,heap     ] GC(141) y:   Garbage:         -               899M (88%)          33M (3%)           33M (3%)     
[16.632s][info][gc,heap     ] GC(141) y: Allocated:         -                34M (3%)           34M (3%)           34M (3%)     
[16.632s][info][gc,heap     ] GC(141) y: Reclaimed:         -                  -               866M (85%)         866M (85%)    
[16.632s][info][gc,heap     ] GC(141) y:  Promoted:         -                  -                 0M (0%)            0M (0%)     
[16.632s][info][gc,heap     ] GC(141) y: Compacted:         -                  -                  -                 0M (0%)     
[16.632s][info][gc,phases   ] GC(141) y: Young Generation 940M(92%)->108M(11%) 0.002s
[16.632s][info][gc          ] GC(141) Minor Collection (Allocation Rate) 940M(92%)->108M(11%) 0.003s
[16.700s][info][gc          ] GC(142) Minor Collection (Allocation Rate)
[16.700s][info][gc,task     ] GC(142) Using 2 Workers for Young Generation
[16.700s][info][gc,phases   ] GC(142) y: Young Generation
[16.700s][info][gc,phases   ] GC(142) y: Pause Mark Start 0.005ms
[16.701s][info][gc,phases   ] GC(142) y: Concurrent Mark 1.291ms
[16.701s][info][gc,phases   ] GC(142) y: Pause Mark End 0.005ms
[16.702s][info][gc,phases   ] GC(142) y: Concurrent Mark Free 0.000ms
[16.702s][info][gc,phases   ] GC(142) y: Concurrent Reset Relocation Set 0.000ms
[16.703s][info][gc,reloc    ] GC(142) y: Using tenuring threshold: 1 (Computed)
[16.703s][info][gc,phases   ] GC(142) y: Concurrent Select Relocation Set 1.053ms
[16.703s][info][gc,phases   ] GC(142) y: Pause Relocate Start 0.004ms
[16.703s][info][gc,phases   ] GC(142) y: Concurrent Relocate 0.019ms
[16.703s][info][gc,alloc    ] GC(142) y:                         Mark Start        Mark End      Relocate Start    Relocate End   
[16.703s][info][gc,alloc    ] GC(142) y: Allocation Stalls:          0                0                0                0         
[16.703s][info][gc,load     ] GC(142) y: Load: 3.18 (32%) / 3.07 (31%) / 3.16 (32%)
[16.703s][info][gc,mmu      ] GC(142) y: MMU: 2ms/99.0%, 5ms/99.5%, 10ms/99.7%, 20ms/99.7%, 50ms/99.8%, 100ms/99.9%
[16.703s][info][gc,marking  ] GC(142) y: Mark: 2 stripe(s), 2 proactive flush(es), 1 terminate flush(es), 0 completion(s), 0 continuation(s) 
[16.703s][info][gc,marking  ] GC(142) y: Mark Stack Usage: 32M
[16.703s][info][gc,nmethod  ] GC(142) y: NMethods: 1585 registered, 159 unregistered
[16.703s][info][gc,metaspace] GC(142) y: Metaspace: 9M used, 10M committed, 1088M reserved
[16.703s][info][gc,reloc    ] GC(142) y:                        Candidates     Selected     In-Place         Size        Empty    Relocated 
[16.703s][info][gc,reloc    ] GC(142) y: Small Pages:                    2            0            0           4M           2M           0M 
[16.703s][info][gc,reloc    ] GC(142) y: Medium Pages:                  27            0            0         864M         832M           0M 
[16.703s][info][gc,reloc    ] GC(142) y: Large Pages:                    0            0            0           0M           0M           0M 
[16.703s][info][gc,reloc    ] GC(142) y: Forwarding Usage: 0M
[16.703s][info][gc,reloc    ] GC(142) y: Age Table:
[16.703s][info][gc,reloc    ] GC(142) y:                    Live             Garbage             Small              Medium             Large        
[16.703s][info][gc,reloc    ] GC(142) y: Eden               0M (0%)          833M (81%)          1 / 0             26 / 0              0 / 0        
[16.703s][info][gc,reloc    ] GC(142) y: Survivor 1          -                34M (3%)           1 / 0              1 / 0              0 / 0        
[16.703s][info][gc,heap     ] GC(142) y: Min Capacity: 8M(1%)
[16.703s][info][gc,heap     ] GC(142) y: Max Capacity: 1024M(100%)
[16.703s][info][gc,heap     ] GC(142) y: Soft Max Capacity: 1024M(100%)
[16.703s][info][gc,heap     ] GC(142) y: Heap Statistics:
[16.703s][info][gc,heap     ] GC(142) y:                Mark Start          Mark End        Relocate Start      Relocate End           High               Low         
[16.703s][info][gc,heap     ] GC(142) y:  Capacity:     1024M (100%)       1024M (100%)       1024M (100%)       1024M (100%)       1024M (100%)       1024M (100%)   
[16.703s][info][gc,heap     ] GC(142) y:      Free:      116M (11%)          82M (8%)          916M (89%)         916M (89%)         916M (89%)          82M (8%)     
[16.703s][info][gc,heap     ] GC(142) y:      Used:      908M (89%)         942M (92%)         108M (11%)         108M (11%)         942M (92%)         108M (11%)    
[16.703s][info][gc,heap     ] GC(142) y: Young Generation Statistics:
[16.703s][info][gc,heap     ] GC(142) y:                Mark Start          Mark End        Relocate Start      Relocate End    
[16.703s][info][gc,heap     ] GC(142) y:      Used:      868M (85%)         902M (88%)          68M (7%)           68M (7%)     
[16.703s][info][gc,heap     ] GC(142) y:      Live:         -                 0M (0%)            0M (0%)            0M (0%)     
[16.703s][info][gc,heap     ] GC(142) y:   Garbage:         -               867M (85%)          33M (3%)           33M (3%)     
[16.703s][info][gc,heap     ] GC(142) y: Allocated:         -                34M (3%)           34M (3%)           34M (3%)     
[16.703s][info][gc,heap     ] GC(142) y: Reclaimed:         -                  -               834M (81%)         834M (81%)    
[16.703s][info][gc,heap     ] GC(142) y:  Promoted:         -                  -                 0M (0%)            0M (0%)     
[16.703s][info][gc,heap     ] GC(142) y: Compacted:         -                  -                  -                 0M (0%)     
[16.703s][info][gc,phases   ] GC(142) y: Young Generation 908M(89%)->108M(11%) 0.003s
[16.703s][info][gc          ] GC(142) Minor Collection (Allocation Rate) 908M(89%)->108M(11%) 0.003s
[16.767s][info][gc          ] GC(143) Minor Collection (Allocation Rate)
[16.767s][info][gc,task     ] GC(143) Using 1 Workers for Young Generation
[16.767s][info][gc,phases   ] GC(143) y: Young Generation
[16.768s][info][gc,phases   ] GC(143) y: Pause Mark Start 0.004ms
[16.770s][info][gc,phases   ] GC(143) y: Concurrent Mark 2.349ms
[16.770s][info][gc,phases   ] GC(143) y: Pause Mark End 0.006ms
[16.770s][info][gc,phases   ] GC(143) y: Concurrent Mark Free 0.000ms
[16.770s][info][gc,phases   ] GC(143) y: Concurrent Reset Relocation Set 0.000ms
[16.771s][info][gc,reloc    ] GC(143) y: Using tenuring threshold: 1 (Computed)
[16.771s][info][gc,phases   ] GC(143) y: Concurrent Select Relocation Set 1.108ms
[16.771s][info][gc,phases   ] GC(143) y: Pause Relocate Start 0.005ms
[16.771s][info][gc,phases   ] GC(143) y: Concurrent Relocate 0.029ms
[16.771s][info][gc,alloc    ] GC(143) y:                         Mark Start        Mark End      Relocate Start    Relocate End   
[16.771s][info][gc,alloc    ] GC(143) y: Allocation Stalls:          0                0                0                0         
[16.771s][info][gc,load     ] GC(143) y: Load: 3.18 (32%) / 3.07 (31%) / 3.16 (32%)
[16.771s][info][gc,mmu      ] GC(143) y: MMU: 2ms/99.0%, 5ms/99.5%, 10ms/99.7%, 20ms/99.7%, 50ms/99.8%, 100ms/99.9%
[16.771s][info][gc,marking  ] GC(143) y: Mark: 1 stripe(s), 2 proactive flush(es), 1 terminate flush(es), 0 completion(s), 0 continuation(s) 
[16.771s][info][gc,marking  ] GC(143) y: Mark Stack Usage: 32M
[16.771s][info][gc,nmethod  ] GC(143) y: NMethods: 1585 registered, 159 unregistered
[16.771s][info][gc,metaspace] GC(143) y: Metaspace: 9M used, 10M committed, 1088M reserved
[16.771s][info][gc,reloc    ] GC(143) y:                        Candidates     Selected     In-Place         Size        Empty    Relocated 
[16.771s][info][gc,reloc    ] GC(143) y: Small Pages:                    2            0            0           4M           2M           0M 
[16.771s][info][gc,reloc    ] GC(143) y: Medium Pages:                  26            0            0         832M         800M           0M 
[16.771s][info][gc,reloc    ] GC(143) y: Large Pages:                    0            0            0           0M           0M           0M 
[16.771s][info][gc,reloc    ] GC(143) y: Forwarding Usage: 0M
[16.771s][info][gc,reloc    ] GC(143) y: Age Table:
[16.771s][info][gc,reloc    ] GC(143) y:                    Live             Garbage             Small              Medium             Large        
[16.771s][info][gc,reloc    ] GC(143) y: Eden               0M (0%)          801M (78%)          1 / 0             25 / 0              0 / 0        
[16.771s][info][gc,reloc    ] GC(143) y: Survivor 1          -                34M (3%)           1 / 0              1 / 0              0 / 0        
[16.771s][info][gc,heap     ] GC(143) y: Min Capacity: 8M(1%)
[16.771s][info][gc,heap     ] GC(143) y: Max Capacity: 1024M(100%)
[16.771s][info][gc,heap     ] GC(143) y: Soft Max Capacity: 1024M(100%)
[16.771s][info][gc,heap     ] GC(143) y: Heap Statistics:
[16.771s][info][gc,heap     ] GC(143) y:                Mark Start          Mark End        Relocate Start      Relocate End           High               Low         
[16.771s][info][gc,heap     ] GC(143) y:  Capacity:     1024M (100%)       1024M (100%)       1024M (100%)       1024M (100%)       1024M (100%)       1024M (100%)   
[16.771s][info][gc,heap     ] GC(143) y:      Free:      148M (14%)         114M (11%)         884M (86%)         884M (86%)         884M (86%)          82M (8%)     
[16.771s][info][gc,heap     ] GC(143) y:      Used:      876M (86%)         910M (89%)         140M (14%)         140M (14%)         942M (92%)         140M (14%)    
[16.771s][info][gc,heap     ] GC(143) y: Young Generation Statistics:
[16.771s][info][gc,heap     ] GC(143) y:                Mark Start          Mark End        Relocate Start      Relocate End    
[16.771s][info][gc,heap     ] GC(143) y:      Used:      836M (82%)         870M (85%)         100M (10%)         100M (10%)    
[16.771s][info][gc,heap     ] GC(143) y:      Live:         -                 0M (0%)            0M (0%)            0M (0%)     
[16.771s][info][gc,heap     ] GC(143) y:   Garbage:         -               835M (82%)          33M (3%)           33M (3%)     
[16.771s][info][gc,heap     ] GC(143) y: Allocated:         -                34M (3%)           66M (6%)           66M (6%)     
[16.771s][info][gc,heap     ] GC(143) y: Reclaimed:         -                  -               802M (78%)         802M (78%)    
[16.771s][info][gc,heap     ] GC(143) y:  Promoted:         -                  -                 0M (0%)            0M (0%)     
[16.771s][info][gc,heap     ] GC(143) y: Compacted:         -                  -                  -                 0M (0%)     
[16.771s][info][gc,phases   ] GC(143) y: Young Generation 876M(86%)->140M(14%) 0.004s
[16.771s][info][gc          ] GC(143) Minor Collection (Allocation Rate) 876M(86%)->140M(14%) 0.004s
[16.840s][info][gc          ] GC(144) Minor Collection (Allocation Rate)
[16.840s][info][gc,task     ] GC(144) Using 3 Workers for Young Generation
[16.840s][info][gc,phases   ] GC(144) y: Young Generation
[16.841s][info][gc,phases   ] GC(144) y: Pause Mark Start 0.007ms
[16.842s][info][gc,phases   ] GC(144) y: Concurrent Mark 1.017ms
[16.842s][info][gc,phases   ] GC(144) y: Pause Mark End 0.005ms
[16.842s][info][gc,phases   ] GC(144) y: Concurrent Mark Free 0.000ms
[16.842s][info][gc,phases   ] GC(144) y: Concurrent Reset Relocation Set 0.000ms
[16.843s][info][gc,reloc    ] GC(144) y: Using tenuring threshold: 1 (Computed)
[16.843s][info][gc,phases   ] GC(144) y: Concurrent Select Relocation Set 1.090ms
[16.843s][info][gc,phases   ] GC(144) y: Pause Relocate Start 0.005ms
[16.843s][info][gc,phases   ] GC(144) y: Concurrent Relocate 0.057ms
[16.843s][info][gc,alloc    ] GC(144) y:                         Mark Start        Mark End      Relocate Start    Relocate End   
[16.843s][info][gc,alloc    ] GC(144) y: Allocation Stalls:          0                0                0                0         
[16.843s][info][gc,load     ] GC(144) y: Load: 3.18 (32%) / 3.07 (31%) / 3.16 (32%)
[16.843s][info][gc,mmu      ] GC(144) y: MMU: 2ms/99.0%, 5ms/99.5%, 10ms/99.7%, 20ms/99.7%, 50ms/99.8%, 100ms/99.9%
[16.843s][info][gc,marking  ] GC(144) y: Mark: 2 stripe(s), 2 proactive flush(es), 1 terminate flush(es), 0 completion(s), 0 continuation(s) 
[16.843s][info][gc,marking  ] GC(144) y: Mark Stack Usage: 32M
[16.843s][info][gc,nmethod  ] GC(144) y: NMethods: 1585 registered, 159 unregistered
[16.843s][info][gc,metaspace] GC(144) y: Metaspace: 9M used, 10M committed, 1088M reserved
[16.843s][info][gc,reloc    ] GC(144) y:                        Candidates     Selected     In-Place         Size        Empty    Relocated 
[16.843s][info][gc,reloc    ] GC(144) y: Small Pages:                    2            0            0           4M           2M           0M 
[16.843s][info][gc,reloc    ] GC(144) y: Medium Pages:                  28            0            0         896M         896M           0M 
[16.843s][info][gc,reloc    ] GC(144) y: Large Pages:                    0            0            0           0M           0M           0M 
[16.843s][info][gc,reloc    ] GC(144) y: Forwarding Usage: 0M
[16.843s][info][gc,reloc    ] GC(144) y: Age Table:
[16.843s][info][gc,reloc    ] GC(144) y:                    Live             Garbage             Small              Medium             Large        
[16.843s][info][gc,reloc    ] GC(144) y: Eden               0M (0%)          865M (85%)          1 / 0             27 / 0              0 / 0        
[16.843s][info][gc,reloc    ] GC(144) y: Survivor 1          -                34M (3%)           1 / 0              1 / 0              0 / 0        
[16.843s][info][gc,heap     ] GC(144) y: Min Capacity: 8M(1%)
[16.843s][info][gc,heap     ] GC(144) y: Max Capacity: 1024M(100%)
[16.843s][info][gc,heap     ] GC(144) y: Soft Max Capacity: 1024M(100%)
[16.843s][info][gc,heap     ] GC(144) y: Heap Statistics:
[16.843s][info][gc,heap     ] GC(144) y:                Mark Start          Mark End        Relocate Start      Relocate End           High               Low         
[16.843s][info][gc,heap     ] GC(144) y:  Capacity:     1024M (100%)       1024M (100%)       1024M (100%)       1024M (100%)       1024M (100%)       1024M (100%)   
[16.843s][info][gc,heap     ] GC(144) y:      Free:       84M (8%)           50M (5%)          948M (93%)         948M (93%)         948M (93%)          50M (5%)     
[16.843s][info][gc,heap     ] GC(144) y:      Used:      940M (92%)         974M (95%)          76M (7%)           76M (7%)          974M (95%)          76M (7%)     
[16.843s][info][gc,heap     ] GC(144) y: Young Generation Statistics:
[16.843s][info][gc,heap     ] GC(144) y:                Mark Start          Mark End        Relocate Start      Relocate End    
[16.843s][info][gc,heap     ] GC(144) y:      Used:      900M (88%)         934M (91%)          36M (4%)           36M (4%)     
[16.843s][info][gc,heap     ] GC(144) y:      Live:         -                 0M (0%)            0M (0%)            0M (0%)     
[16.843s][info][gc,heap     ] GC(144) y:   Garbage:         -               899M (88%)           1M (0%)            1M (0%)     
[16.843s][info][gc,heap     ] GC(144) y: Allocated:         -                34M (3%)           34M (3%)           34M (3%)     
[16.843s][info][gc,heap     ] GC(144) y: Reclaimed:         -                  -               898M (88%)         898M (88%)    
[16.843s][info][gc,heap     ] GC(144) y:  Promoted:         -                  -                 0M (0%)            0M (0%)     
[16.843s][info][gc,heap     ] GC(144) y: Compacted:         -                  -                  -                 0M (0%)     
[16.843s][info][gc,phases   ] GC(144) y: Young Generation 940M(92%)->76M(7%) 0.002s
[16.843s][info][gc          ] GC(144) Minor Collection (Allocation Rate) 940M(92%)->76M(7%) 0.003s
[16.907s][info][gc          ] GC(145) Minor Collection (Allocation Rate)
[16.907s][info][gc,task     ] GC(145) Using 1 Workers for Young Generation
[16.907s][info][gc,phases   ] GC(145) y: Young Generation
[16.907s][info][gc,phases   ] GC(145) y: Pause Mark Start 0.005ms
[16.910s][info][gc,phases   ] GC(145) y: Concurrent Mark 2.402ms
[16.910s][info][gc,phases   ] GC(145) y: Pause Mark End 0.006ms
[16.910s][info][gc,phases   ] GC(145) y: Concurrent Mark Free 0.000ms
[16.910s][info][gc,phases   ] GC(145) y: Concurrent Reset Relocation Set 0.000ms
[16.911s][info][gc,reloc    ] GC(145) y: Using tenuring threshold: 1 (Computed)
[16.911s][info][gc,phases   ] GC(145) y: Concurrent Select Relocation Set 1.074ms
[16.911s][info][gc,phases   ] GC(145) y: Pause Relocate Start 0.004ms
[16.911s][info][gc,phases   ] GC(145) y: Concurrent Relocate 0.015ms
[16.911s][info][gc,alloc    ] GC(145) y:                         Mark Start        Mark End      Relocate Start    Relocate End   
[16.911s][info][gc,alloc    ] GC(145) y: Allocation Stalls:          0                0                0                0         
[16.911s][info][gc,load     ] GC(145) y: Load: 3.18 (32%) / 3.07 (31%) / 3.16 (32%)
[16.911s][info][gc,mmu      ] GC(145) y: MMU: 2ms/99.0%, 5ms/99.5%, 10ms/99.7%, 20ms/99.7%, 50ms/99.8%, 100ms/99.9%
[16.911s][info][gc,marking  ] GC(145) y: Mark: 1 stripe(s), 2 proactive flush(es), 1 terminate flush(es), 0 completion(s), 0 continuation(s) 
[16.911s][info][gc,marking  ] GC(145) y: Mark Stack Usage: 32M
[16.911s][info][gc,nmethod  ] GC(145) y: NMethods: 1585 registered, 159 unregistered
[16.911s][info][gc,metaspace] GC(145) y: Metaspace: 9M used, 10M committed, 1088M reserved
[16.911s][info][gc,reloc    ] GC(145) y:                        Candidates     Selected     In-Place         Size        Empty    Relocated 
[16.911s][info][gc,reloc    ] GC(145) y: Small Pages:                    2            0            0           4M           2M           0M 
[16.911s][info][gc,reloc    ] GC(145) y: Medium Pages:                  25            0            0         800M         768M           0M 
[16.911s][info][gc,reloc    ] GC(145) y: Large Pages:                    0            0            0           0M           0M           0M 
[16.911s][info][gc,reloc    ] GC(145) y: Forwarding Usage: 0M
[16.911s][info][gc,reloc    ] GC(145) y: Age Table:
[16.911s][info][gc,reloc    ] GC(145) y:                    Live             Garbage             Small              Medium             Large        
[16.911s][info][gc,reloc    ] GC(145) y: Eden               0M (0%)          801M (78%)          1 / 0             25 / 0              0 / 0        
[16.911s][info][gc,reloc    ] GC(145) y: Survivor 1          -                 2M (0%)           1 / 0              0 / 0              0 / 0        
[16.911s][info][gc,heap     ] GC(145) y: Min Capacity: 8M(1%)
[16.911s][info][gc,heap     ] GC(145) y: Max Capacity: 1024M(100%)
[16.911s][info][gc,heap     ] GC(145) y: Soft Max Capacity: 1024M(100%)
[16.911s][info][gc,heap     ] GC(145) y: Heap Statistics:
[16.911s][info][gc,heap     ] GC(145) y:                Mark Start          Mark End        Relocate Start      Relocate End           High               Low         
[16.911s][info][gc,heap     ] GC(145) y:  Capacity:     1024M (100%)       1024M (100%)       1024M (100%)       1024M (100%)       1024M (100%)       1024M (100%)   
[16.911s][info][gc,heap     ] GC(145) y:      Free:      180M (18%)         146M (14%)         884M (86%)         884M (86%)         884M (86%)         114M (11%)    
[16.911s][info][gc,heap     ] GC(145) y:      Used:      844M (82%)         878M (86%)         140M (14%)         140M (14%)         910M (89%)         140M (14%)    
[16.911s][info][gc,heap     ] GC(145) y: Young Generation Statistics:
[16.911s][info][gc,heap     ] GC(145) y:                Mark Start          Mark End        Relocate Start      Relocate End    
[16.911s][info][gc,heap     ] GC(145) y:      Used:      804M (79%)         838M (82%)         100M (10%)         100M (10%)    
[16.911s][info][gc,heap     ] GC(145) y:      Live:         -                 0M (0%)            0M (0%)            0M (0%)     
[16.911s][info][gc,heap     ] GC(145) y:   Garbage:         -               803M (78%)          33M (3%)           33M (3%)     
[16.911s][info][gc,heap     ] GC(145) y: Allocated:         -                34M (3%)           66M (6%)           66M (6%)     
[16.911s][info][gc,heap     ] GC(145) y: Reclaimed:         -                  -               770M (75%)         770M (75%)    
[16.911s][info][gc,heap     ] GC(145) y:  Promoted:         -                  -                 0M (0%)            0M (0%)     
[16.911s][info][gc,heap     ] GC(145) y: Compacted:         -                  -                  -                 0M (0%)     
[16.911s][info][gc,phases   ] GC(145) y: Young Generation 844M(82%)->140M(14%) 0.004s
[16.911s][info][gc          ] GC(145) Minor Collection (Allocation Rate) 844M(82%)->140M(14%) 0.004s
[16.977s][info][gc          ] GC(146) Minor Collection (Allocation Rate)
[16.977s][info][gc,task     ] GC(146) Using 3 Workers for Young Generation
[16.977s][info][gc,phases   ] GC(146) y: Young Generation
[16.978s][info][gc,phases   ] GC(146) y: Pause Mark Start 0.004ms
[16.978s][info][gc,phases   ] GC(146) y: Concurrent Mark 0.924ms
[16.978s][info][gc,phases   ] GC(146) y: Pause Mark End 0.004ms
[16.979s][info][gc,phases   ] GC(146) y: Concurrent Mark Free 0.000ms
[16.979s][info][gc,phases   ] GC(146) y: Concurrent Reset Relocation Set 0.000ms
[16.980s][info][gc,reloc    ] GC(146) y: Using tenuring threshold: 1 (Computed)
[16.980s][info][gc,phases   ] GC(146) y: Concurrent Select Relocation Set 1.046ms
[16.980s][info][gc,phases   ] GC(146) y: Pause Relocate Start 0.003ms
[16.980s][info][gc,phases   ] GC(146) y: Concurrent Relocate 0.041ms
[16.980s][info][gc,alloc    ] GC(146) y:                         Mark Start        Mark End      Relocate Start    Relocate End   
[16.980s][info][gc,alloc    ] GC(146) y: Allocation Stalls:          0                0                0                0         
[16.980s][info][gc,load     ] GC(146) y: Load: 3.18 (32%) / 3.07 (31%) / 3.16 (32%)
[16.980s][info][gc,mmu      ] GC(146) y: MMU: 2ms/99.0%, 5ms/99.5%, 10ms/99.7%, 20ms/99.7%, 50ms/99.8%, 100ms/99.9%
[16.980s][info][gc,marking  ] GC(146) y: Mark: 2 stripe(s), 2 proactive flush(es), 1 terminate flush(es), 0 completion(s), 0 continuation(s) 
[16.980s][info][gc,marking  ] GC(146) y: Mark Stack Usage: 32M
[16.980s][info][gc,nmethod  ] GC(146) y: NMethods: 1585 registered, 159 unregistered
[16.980s][info][gc,metaspace] GC(146) y: Metaspace: 9M used, 10M committed, 1088M reserved
[16.980s][info][gc,reloc    ] GC(146) y:                        Candidates     Selected     In-Place         Size        Empty    Relocated 
[16.980s][info][gc,reloc    ] GC(146) y: Small Pages:                    2            0            0           4M           2M           0M 
[16.980s][info][gc,reloc    ] GC(146) y: Medium Pages:                  28            0            0         896M         864M           0M 
[16.980s][info][gc,reloc    ] GC(146) y: Large Pages:                    0            0            0           0M           0M           0M 
[16.980s][info][gc,reloc    ] GC(146) y: Forwarding Usage: 0M
[16.980s][info][gc,reloc    ] GC(146) y: Age Table:
[16.980s][info][gc,reloc    ] GC(146) y:                    Live             Garbage             Small              Medium             Large        
[16.980s][info][gc,reloc    ] GC(146) y: Eden               0M (0%)          865M (84%)          1 / 0             27 / 0              0 / 0        
[16.980s][info][gc,reloc    ] GC(146) y: Survivor 1          -                34M (3%)           1 / 0              1 / 0              0 / 0        
[16.980s][info][gc,heap     ] GC(146) y: Min Capacity: 8M(1%)
[16.980s][info][gc,heap     ] GC(146) y: Max Capacity: 1024M(100%)
[16.980s][info][gc,heap     ] GC(146) y: Soft Max Capacity: 1024M(100%)
[16.980s][info][gc,heap     ] GC(146) y: Heap Statistics:
[16.980s][info][gc,heap     ] GC(146) y:                Mark Start          Mark End        Relocate Start      Relocate End           High               Low         
[16.980s][info][gc,heap     ] GC(146) y:  Capacity:     1024M (100%)       1024M (100%)       1024M (100%)       1024M (100%)       1024M (100%)       1024M (100%)   
[16.980s][info][gc,heap     ] GC(146) y:      Free:       84M (8%)           50M (5%)          916M (89%)         916M (89%)         916M (89%)          50M (5%)     
[16.980s][info][gc,heap     ] GC(146) y:      Used:      940M (92%)         974M (95%)         108M (11%)         108M (11%)         974M (95%)         108M (11%)    
[16.980s][info][gc,heap     ] GC(146) y: Young Generation Statistics:
[16.980s][info][gc,heap     ] GC(146) y:                Mark Start          Mark End        Relocate Start      Relocate End    
[16.980s][info][gc,heap     ] GC(146) y:      Used:      900M (88%)         934M (91%)          68M (7%)           68M (7%)     
[16.980s][info][gc,heap     ] GC(146) y:      Live:         -                 0M (0%)            0M (0%)            0M (0%)     
[16.980s][info][gc,heap     ] GC(146) y:   Garbage:         -               899M (88%)          33M (3%)           33M (3%)     
[16.980s][info][gc,heap     ] GC(146) y: Allocated:         -                34M (3%)           34M (3%)           34M (3%)     
[16.980s][info][gc,heap     ] GC(146) y: Reclaimed:         -                  -               866M (85%)         866M (85%)    
[16.980s][info][gc,heap     ] GC(146) y:  Promoted:         -                  -                 0M (0%)            0M (0%)     
[16.980s][info][gc,heap     ] GC(146) y: Compacted:         -                  -                  -                 0M (0%)     
[16.980s][info][gc,phases   ] GC(146) y: Young Generation 940M(92%)->108M(11%) 0.002s
[16.980s][info][gc          ] GC(146) Minor Collection (Allocation Rate) 940M(92%)->108M(11%) 0.002s
[17.046s][info][gc          ] GC(147) Minor Collection (Allocation Rate)
[17.046s][info][gc,task     ] GC(147) Using 2 Workers for Young Generation
[17.046s][info][gc,phases   ] GC(147) y: Young Generation
[17.046s][info][gc,phases   ] GC(147) y: Pause Mark Start 0.005ms
[17.048s][info][gc,phases   ] GC(147) y: Concurrent Mark 1.271ms
[17.048s][info][gc,phases   ] GC(147) y: Pause Mark End 0.008ms
[17.048s][info][gc,phases   ] GC(147) y: Concurrent Mark Free 0.000ms
[17.048s][info][gc,phases   ] GC(147) y: Concurrent Reset Relocation Set 0.000ms
[17.049s][info][gc,reloc    ] GC(147) y: Using tenuring threshold: 1 (Computed)
[17.049s][info][gc,phases   ] GC(147) y: Concurrent Select Relocation Set 1.043ms
[17.049s][info][gc,phases   ] GC(147) y: Pause Relocate Start 0.004ms
[17.049s][info][gc,phases   ] GC(147) y: Concurrent Relocate 0.024ms
[17.049s][info][gc,alloc    ] GC(147) y:                         Mark Start        Mark End      Relocate Start    Relocate End   
[17.049s][info][gc,alloc    ] GC(147) y: Allocation Stalls:          0                0                0                0         
[17.049s][info][gc,load     ] GC(147) y: Load: 3.18 (32%) / 3.07 (31%) / 3.16 (32%)
[17.049s][info][gc,mmu      ] GC(147) y: MMU: 2ms/99.0%, 5ms/99.5%, 10ms/99.7%, 20ms/99.7%, 50ms/99.8%, 100ms/99.9%
[17.049s][info][gc,marking  ] GC(147) y: Mark: 2 stripe(s), 2 proactive flush(es), 1 terminate flush(es), 0 completion(s), 0 continuation(s) 
[17.049s][info][gc,marking  ] GC(147) y: Mark Stack Usage: 32M
[17.049s][info][gc,nmethod  ] GC(147) y: NMethods: 1585 registered, 159 unregistered
[17.049s][info][gc,metaspace] GC(147) y: Metaspace: 9M used, 10M committed, 1088M reserved
[17.049s][info][gc,reloc    ] GC(147) y:                        Candidates     Selected     In-Place         Size        Empty    Relocated 
[17.049s][info][gc,reloc    ] GC(147) y: Small Pages:                    2            0            0           4M           2M           0M 
[17.049s][info][gc,reloc    ] GC(147) y: Medium Pages:                  27            0            0         864M         832M           0M 
[17.049s][info][gc,reloc    ] GC(147) y: Large Pages:                    0            0            0           0M           0M           0M 
[17.049s][info][gc,reloc    ] GC(147) y: Forwarding Usage: 0M
[17.049s][info][gc,reloc    ] GC(147) y: Age Table:
[17.049s][info][gc,reloc    ] GC(147) y:                    Live             Garbage             Small              Medium             Large        
[17.049s][info][gc,reloc    ] GC(147) y: Eden               0M (0%)          833M (81%)          1 / 0             26 / 0              0 / 0        
[17.049s][info][gc,reloc    ] GC(147) y: Survivor 1          -                34M (3%)           1 / 0              1 / 0              0 / 0        
[17.049s][info][gc,heap     ] GC(147) y: Min Capacity: 8M(1%)
[17.049s][info][gc,heap     ] GC(147) y: Max Capacity: 1024M(100%)
[17.049s][info][gc,heap     ] GC(147) y: Soft Max Capacity: 1024M(100%)
[17.049s][info][gc,heap     ] GC(147) y: Heap Statistics:
[17.049s][info][gc,heap     ] GC(147) y:                Mark Start          Mark End        Relocate Start      Relocate End           High               Low         
[17.049s][info][gc,heap     ] GC(147) y:  Capacity:     1024M (100%)       1024M (100%)       1024M (100%)       1024M (100%)       1024M (100%)       1024M (100%)   
[17.049s][info][gc,heap     ] GC(147) y:      Free:      116M (11%)          82M (8%)          916M (89%)         916M (89%)         916M (89%)          82M (8%)     
[17.049s][info][gc,heap     ] GC(147) y:      Used:      908M (89%)         942M (92%)         108M (11%)         108M (11%)         942M (92%)         108M (11%)    
[17.049s][info][gc,heap     ] GC(147) y: Young Generation Statistics:
[17.049s][info][gc,heap     ] GC(147) y:                Mark Start          Mark End        Relocate Start      Relocate End    
[17.049s][info][gc,heap     ] GC(147) y:      Used:      868M (85%)         902M (88%)          68M (7%)           68M (7%)     
[17.049s][info][gc,heap     ] GC(147) y:      Live:         -                 0M (0%)            0M (0%)            0M (0%)     
[17.049s][info][gc,heap     ] GC(147) y:   Garbage:         -               867M (85%)          33M (3%)           33M (3%)     
[17.049s][info][gc,heap     ] GC(147) y: Allocated:         -                34M (3%)           34M (3%)           34M (3%)     
[17.049s][info][gc,heap     ] GC(147) y: Reclaimed:         -                  -               834M (81%)         834M (81%)    
[17.049s][info][gc,heap     ] GC(147) y:  Promoted:         -                  -                 0M (0%)            0M (0%)     
[17.049s][info][gc,heap     ] GC(147) y: Compacted:         -                  -                  -                 0M (0%)     
[17.049s][info][gc,phases   ] GC(147) y: Young Generation 908M(89%)->108M(11%) 0.003s
[17.049s][info][gc          ] GC(147) Minor Collection (Allocation Rate) 908M(89%)->108M(11%) 0.003s
[17.117s][info][gc          ] GC(148) Minor Collection (Allocation Rate)
[17.117s][info][gc,task     ] GC(148) Using 2 Workers for Young Generation
[17.117s][info][gc,phases   ] GC(148) y: Young Generation
[17.117s][info][gc,phases   ] GC(148) y: Pause Mark Start 0.004ms
[17.118s][info][gc,phases   ] GC(148) y: Concurrent Mark 1.293ms
[17.118s][info][gc,phases   ] GC(148) y: Pause Mark End 0.005ms
[17.118s][info][gc,phases   ] GC(148) y: Concurrent Mark Free 0.000ms
[17.118s][info][gc,phases   ] GC(148) y: Concurrent Reset Relocation Set 0.000ms
[17.119s][info][gc,reloc    ] GC(148) y: Using tenuring threshold: 1 (Computed)
[17.119s][info][gc,phases   ] GC(148) y: Concurrent Select Relocation Set 1.085ms
[17.119s][info][gc,phases   ] GC(148) y: Pause Relocate Start 0.005ms
[17.119s][info][gc,phases   ] GC(148) y: Concurrent Relocate 0.027ms
[17.119s][info][gc,alloc    ] GC(148) y:                         Mark Start        Mark End      Relocate Start    Relocate End   
[17.119s][info][gc,alloc    ] GC(148) y: Allocation Stalls:          0                0                0                0         
[17.119s][info][gc,load     ] GC(148) y: Load: 3.18 (32%) / 3.07 (31%) / 3.16 (32%)
[17.120s][info][gc,mmu      ] GC(148) y: MMU: 2ms/99.0%, 5ms/99.5%, 10ms/99.7%, 20ms/99.7%, 50ms/99.8%, 100ms/99.9%
[17.120s][info][gc,marking  ] GC(148) y: Mark: 2 stripe(s), 2 proactive flush(es), 1 terminate flush(es), 0 completion(s), 0 continuation(s) 
[17.120s][info][gc,marking  ] GC(148) y: Mark Stack Usage: 32M
[17.120s][info][gc,nmethod  ] GC(148) y: NMethods: 1585 registered, 159 unregistered
[17.120s][info][gc,metaspace] GC(148) y: Metaspace: 9M used, 10M committed, 1088M reserved
[17.120s][info][gc,reloc    ] GC(148) y:                        Candidates     Selected     In-Place         Size        Empty    Relocated 
[17.120s][info][gc,reloc    ] GC(148) y: Small Pages:                    2            0            0           4M           2M           0M 
[17.120s][info][gc,reloc    ] GC(148) y: Medium Pages:                  27            0            0         864M         832M           0M 
[17.120s][info][gc,reloc    ] GC(148) y: Large Pages:                    0            0            0           0M           0M           0M 
[17.120s][info][gc,reloc    ] GC(148) y: Forwarding Usage: 0M
[17.120s][info][gc,reloc    ] GC(148) y: Age Table:
[17.120s][info][gc,reloc    ] GC(148) y:                    Live             Garbage             Small              Medium             Large        
[17.120s][info][gc,reloc    ] GC(148) y: Eden               0M (0%)          833M (81%)          1 / 0             26 / 0              0 / 0        
[17.120s][info][gc,reloc    ] GC(148) y: Survivor 1          -                34M (3%)           1 / 0              1 / 0              0 / 0        
[17.120s][info][gc,heap     ] GC(148) y: Min Capacity: 8M(1%)
[17.120s][info][gc,heap     ] GC(148) y: Max Capacity: 1024M(100%)
[17.120s][info][gc,heap     ] GC(148) y: Soft Max Capacity: 1024M(100%)
[17.120s][info][gc,heap     ] GC(148) y: Heap Statistics:
[17.120s][info][gc,heap     ] GC(148) y:                Mark Start          Mark End        Relocate Start      Relocate End           High               Low         
[17.120s][info][gc,heap     ] GC(148) y:  Capacity:     1024M (100%)       1024M (100%)       1024M (100%)       1024M (100%)       1024M (100%)       1024M (100%)   
[17.120s][info][gc,heap     ] GC(148) y:      Free:      116M (11%)          82M (8%)          916M (89%)         916M (89%)         916M (89%)          82M (8%)     
[17.120s][info][gc,heap     ] GC(148) y:      Used:      908M (89%)         942M (92%)         108M (11%)         108M (11%)         942M (92%)         108M (11%)    
[17.120s][info][gc,heap     ] GC(148) y: Young Generation Statistics:
[17.120s][info][gc,heap     ] GC(148) y:                Mark Start          Mark End        Relocate Start      Relocate End    
[17.120s][info][gc,heap     ] GC(148) y:      Used:      868M (85%)         902M (88%)          68M (7%)           68M (7%)     
[17.120s][info][gc,heap     ] GC(148) y:      Live:         -                 0M (0%)            0M (0%)            0M (0%)     
[17.120s][info][gc,heap     ] GC(148) y:   Garbage:         -               867M (85%)          33M (3%)           33M (3%)     
[17.120s][info][gc,heap     ] GC(148) y: Allocated:         -                34M (3%)           34M (3%)           34M (3%)     
[17.120s][info][gc,heap     ] GC(148) y: Reclaimed:         -                  -               834M (81%)         834M (81%)    
[17.120s][info][gc,heap     ] GC(148) y:  Promoted:         -                  -                 0M (0%)            0M (0%)     
[17.120s][info][gc,heap     ] GC(148) y: Compacted:         -                  -                  -                 0M (0%)     
[17.120s][info][gc,phases   ] GC(148) y: Young Generation 908M(89%)->108M(11%) 0.003s
[17.120s][info][gc          ] GC(148) Minor Collection (Allocation Rate) 908M(89%)->108M(11%) 0.003s
[17.184s][info][gc          ] GC(149) Minor Collection (Allocation Rate)
[17.184s][info][gc,task     ] GC(149) Using 1 Workers for Young Generation
[17.184s][info][gc,phases   ] GC(149) y: Young Generation
[17.184s][info][gc,phases   ] GC(149) y: Pause Mark Start 0.005ms
[17.187s][info][gc,phases   ] GC(149) y: Concurrent Mark 2.240ms
[17.187s][info][gc,phases   ] GC(149) y: Pause Mark End 0.006ms
[17.187s][info][gc,phases   ] GC(149) y: Concurrent Mark Free 0.000ms
[17.187s][info][gc,phases   ] GC(149) y: Concurrent Reset Relocation Set 0.000ms
[17.188s][info][gc,reloc    ] GC(149) y: Using tenuring threshold: 1 (Computed)
[17.188s][info][gc,phases   ] GC(149) y: Concurrent Select Relocation Set 1.103ms
[17.188s][info][gc,phases   ] GC(149) y: Pause Relocate Start 0.004ms
[17.188s][info][gc,phases   ] GC(149) y: Concurrent Relocate 0.029ms
[17.188s][info][gc,alloc    ] GC(149) y:                         Mark Start        Mark End      Relocate Start    Relocate End   
[17.188s][info][gc,alloc    ] GC(149) y: Allocation Stalls:          0                0                0                0         
[17.188s][info][gc,load     ] GC(149) y: Load: 3.18 (32%) / 3.07 (31%) / 3.16 (32%)
[17.188s][info][gc,mmu      ] GC(149) y: MMU: 2ms/99.0%, 5ms/99.5%, 10ms/99.7%, 20ms/99.7%, 50ms/99.8%, 100ms/99.9%
[17.188s][info][gc,marking  ] GC(149) y: Mark: 1 stripe(s), 2 proactive flush(es), 1 terminate flush(es), 0 completion(s), 0 continuation(s) 
[17.188s][info][gc,marking  ] GC(149) y: Mark Stack Usage: 32M
[17.188s][info][gc,nmethod  ] GC(149) y: NMethods: 1585 registered, 159 unregistered
[17.188s][info][gc,metaspace] GC(149) y: Metaspace: 9M used, 10M committed, 1088M reserved
[17.188s][info][gc,reloc    ] GC(149) y:                        Candidates     Selected     In-Place         Size        Empty    Relocated 
[17.188s][info][gc,reloc    ] GC(149) y: Small Pages:                    2            0            0           4M           2M           0M 
[17.188s][info][gc,reloc    ] GC(149) y: Medium Pages:                  26            0            0         832M         800M           0M 
[17.188s][info][gc,reloc    ] GC(149) y: Large Pages:                    0            0            0           0M           0M           0M 
[17.188s][info][gc,reloc    ] GC(149) y: Forwarding Usage: 0M
[17.188s][info][gc,reloc    ] GC(149) y: Age Table:
[17.188s][info][gc,reloc    ] GC(149) y:                    Live             Garbage             Small              Medium             Large        
[17.188s][info][gc,reloc    ] GC(149) y: Eden               0M (0%)          801M (78%)          1 / 0             25 / 0              0 / 0        
[17.188s][info][gc,reloc    ] GC(149) y: Survivor 1          -                34M (3%)           1 / 0              1 / 0              0 / 0        
[17.188s][info][gc,heap     ] GC(149) y: Min Capacity: 8M(1%)
[17.188s][info][gc,heap     ] GC(149) y: Max Capacity: 1024M(100%)
[17.188s][info][gc,heap     ] GC(149) y: Soft Max Capacity: 1024M(100%)
[17.188s][info][gc,heap     ] GC(149) y: Heap Statistics:
[17.188s][info][gc,heap     ] GC(149) y:                Mark Start          Mark End        Relocate Start      Relocate End           High               Low         
[17.188s][info][gc,heap     ] GC(149) y:  Capacity:     1024M (100%)       1024M (100%)       1024M (100%)       1024M (100%)       1024M (100%)       1024M (100%)   
[17.188s][info][gc,heap     ] GC(149) y:      Free:      148M (14%)         114M (11%)         884M (86%)         884M (86%)         884M (86%)          82M (8%)     
[17.188s][info][gc,heap     ] GC(149) y:      Used:      876M (86%)         910M (89%)         140M (14%)         140M (14%)         942M (92%)         140M (14%)    
[17.188s][info][gc,heap     ] GC(149) y: Young Generation Statistics:
[17.188s][info][gc,heap     ] GC(149) y:                Mark Start          Mark End        Relocate Start      Relocate End    
[17.188s][info][gc,heap     ] GC(149) y:      Used:      836M (82%)         870M (85%)         100M (10%)         100M (10%)    
[17.188s][info][gc,heap     ] GC(149) y:      Live:         -                 0M (0%)            0M (0%)            0M (0%)     
[17.188s][info][gc,heap     ] GC(149) y:   Garbage:         -               835M (82%)          33M (3%)           33M (3%)     
[17.188s][info][gc,heap     ] GC(149) y: Allocated:         -                34M (3%)           66M (6%)           66M (6%)     
[17.188s][info][gc,heap     ] GC(149) y: Reclaimed:         -                  -               802M (78%)         802M (78%)    
[17.188s][info][gc,heap     ] GC(149) y:  Promoted:         -                  -                 0M (0%)            0M (0%)     
[17.188s][info][gc,heap     ] GC(149) y: Compacted:         -                  -                  -                 0M (0%)     
[17.188s][info][gc,phases   ] GC(149) y: Young Generation 876M(86%)->140M(14%) 0.004s
[17.188s][info][gc          ] GC(149) Minor Collection (Allocation Rate) 876M(86%)->140M(14%) 0.004s
[17.252s][info][gc          ] GC(150) Minor Collection (Allocation Rate)
[17.252s][info][gc,task     ] GC(150) Using 1 Workers for Young Generation
[17.252s][info][gc,phases   ] GC(150) y: Young Generation
[17.252s][info][gc,phases   ] GC(150) y: Pause Mark Start 0.004ms
[17.254s][info][gc,phases   ] GC(150) y: Concurrent Mark 2.251ms
[17.254s][info][gc,phases   ] GC(150) y: Pause Mark End 0.007ms
[17.254s][info][gc,phases   ] GC(150) y: Concurrent Mark Free 0.000ms
[17.254s][info][gc,phases   ] GC(150) y: Concurrent Reset Relocation Set 0.000ms
[17.255s][info][gc,reloc    ] GC(150) y: Using tenuring threshold: 1 (Computed)
[17.255s][info][gc,phases   ] GC(150) y: Concurrent Select Relocation Set 1.133ms
[17.255s][info][gc,phases   ] GC(150) y: Pause Relocate Start 0.004ms
[17.256s][info][gc,phases   ] GC(150) y: Concurrent Relocate 0.032ms
[17.256s][info][gc,alloc    ] GC(150) y:                         Mark Start        Mark End      Relocate Start    Relocate End   
[17.256s][info][gc,alloc    ] GC(150) y: Allocation Stalls:          0                0                0                0         
[17.256s][info][gc,load     ] GC(150) y: Load: 3.18 (32%) / 3.07 (31%) / 3.16 (32%)
[17.256s][info][gc,mmu      ] GC(150) y: MMU: 2ms/99.0%, 5ms/99.5%, 10ms/99.7%, 20ms/99.7%, 50ms/99.8%, 100ms/99.9%
[17.256s][info][gc,marking  ] GC(150) y: Mark: 1 stripe(s), 2 proactive flush(es), 1 terminate flush(es), 0 completion(s), 0 continuation(s) 
[17.256s][info][gc,marking  ] GC(150) y: Mark Stack Usage: 32M
[17.256s][info][gc,nmethod  ] GC(150) y: NMethods: 1585 registered, 159 unregistered
[17.256s][info][gc,metaspace] GC(150) y: Metaspace: 9M used, 10M committed, 1088M reserved
[17.256s][info][gc,reloc    ] GC(150) y:                        Candidates     Selected     In-Place         Size        Empty    Relocated 
[17.256s][info][gc,reloc    ] GC(150) y: Small Pages:                    2            0            0           4M           2M           0M 
[17.256s][info][gc,reloc    ] GC(150) y: Medium Pages:                  26            0            0         832M         800M           0M 
[17.256s][info][gc,reloc    ] GC(150) y: Large Pages:                    0            0            0           0M           0M           0M 
[17.256s][info][gc,reloc    ] GC(150) y: Forwarding Usage: 0M
[17.256s][info][gc,reloc    ] GC(150) y: Age Table:
[17.256s][info][gc,reloc    ] GC(150) y:                    Live             Garbage             Small              Medium             Large        
[17.256s][info][gc,reloc    ] GC(150) y: Eden               0M (0%)          801M (78%)          1 / 0             25 / 0              0 / 0        
[17.256s][info][gc,reloc    ] GC(150) y: Survivor 1          -                34M (3%)           1 / 0              1 / 0              0 / 0        
[17.256s][info][gc,heap     ] GC(150) y: Min Capacity: 8M(1%)
[17.256s][info][gc,heap     ] GC(150) y: Max Capacity: 1024M(100%)
[17.256s][info][gc,heap     ] GC(150) y: Soft Max Capacity: 1024M(100%)
[17.256s][info][gc,heap     ] GC(150) y: Heap Statistics:
[17.256s][info][gc,heap     ] GC(150) y:                Mark Start          Mark End        Relocate Start      Relocate End           High               Low         
[17.256s][info][gc,heap     ] GC(150) y:  Capacity:     1024M (100%)       1024M (100%)       1024M (100%)       1024M (100%)       1024M (100%)       1024M (100%)   
[17.256s][info][gc,heap     ] GC(150) y:      Free:      148M (14%)         114M (11%)         884M (86%)         884M (86%)         884M (86%)          82M (8%)     
[17.256s][info][gc,heap     ] GC(150) y:      Used:      876M (86%)         910M (89%)         140M (14%)         140M (14%)         942M (92%)         140M (14%)    
[17.256s][info][gc,heap     ] GC(150) y: Young Generation Statistics:
[17.256s][info][gc,heap     ] GC(150) y:                Mark Start          Mark End        Relocate Start      Relocate End    
[17.256s][info][gc,heap     ] GC(150) y:      Used:      836M (82%)         870M (85%)         100M (10%)         100M (10%)    
[17.256s][info][gc,heap     ] GC(150) y:      Live:         -                 0M (0%)            0M (0%)            0M (0%)     
[17.256s][info][gc,heap     ] GC(150) y:   Garbage:         -               835M (82%)          33M (3%)           33M (3%)     
[17.256s][info][gc,heap     ] GC(150) y: Allocated:         -                34M (3%)           66M (6%)           66M (6%)     
[17.256s][info][gc,heap     ] GC(150) y: Reclaimed:         -                  -               802M (78%)         802M (78%)    
[17.256s][info][gc,heap     ] GC(150) y:  Promoted:         -                  -                 0M (0%)            0M (0%)     
[17.256s][info][gc,heap     ] GC(150) y: Compacted:         -                  -                  -                 0M (0%)     
[17.256s][info][gc,phases   ] GC(150) y: Young Generation 876M(86%)->140M(14%) 0.004s
[17.256s][info][gc          ] GC(150) Minor Collection (Allocation Rate) 876M(86%)->140M(14%) 0.004s
[17.325s][info][gc          ] GC(151) Minor Collection (Allocation Rate)
[17.325s][info][gc,task     ] GC(151) Using 3 Workers for Young Generation
[17.325s][info][gc,phases   ] GC(151) y: Young Generation
[17.325s][info][gc,phases   ] GC(151) y: Pause Mark Start 0.005ms
[17.326s][info][gc,phases   ] GC(151) y: Concurrent Mark 0.955ms
[17.326s][info][gc,phases   ] GC(151) y: Pause Mark End 0.005ms
[17.326s][info][gc,phases   ] GC(151) y: Concurrent Mark Free 0.000ms
[17.326s][info][gc,phases   ] GC(151) y: Concurrent Reset Relocation Set 0.000ms
[17.327s][info][gc,reloc    ] GC(151) y: Using tenuring threshold: 1 (Computed)
[17.327s][info][gc,phases   ] GC(151) y: Concurrent Select Relocation Set 1.000ms
[17.327s][info][gc,phases   ] GC(151) y: Pause Relocate Start 0.003ms
[17.327s][info][gc,phases   ] GC(151) y: Concurrent Relocate 0.051ms
[17.327s][info][gc,alloc    ] GC(151) y:                         Mark Start        Mark End      Relocate Start    Relocate End   
[17.327s][info][gc,alloc    ] GC(151) y: Allocation Stalls:          0                0                0                0         
[17.327s][info][gc,load     ] GC(151) y: Load: 3.18 (32%) / 3.07 (31%) / 3.16 (32%)
[17.327s][info][gc,mmu      ] GC(151) y: MMU: 2ms/99.0%, 5ms/99.5%, 10ms/99.7%, 20ms/99.7%, 50ms/99.8%, 100ms/99.9%
[17.327s][info][gc,marking  ] GC(151) y: Mark: 2 stripe(s), 2 proactive flush(es), 1 terminate flush(es), 0 completion(s), 0 continuation(s) 
[17.327s][info][gc,marking  ] GC(151) y: Mark Stack Usage: 32M
[17.327s][info][gc,nmethod  ] GC(151) y: NMethods: 1585 registered, 159 unregistered
[17.327s][info][gc,metaspace] GC(151) y: Metaspace: 9M used, 10M committed, 1088M reserved
[17.327s][info][gc,reloc    ] GC(151) y:                        Candidates     Selected     In-Place         Size        Empty    Relocated 
[17.327s][info][gc,reloc    ] GC(151) y: Small Pages:                    2            0            0           4M           2M           0M 
[17.327s][info][gc,reloc    ] GC(151) y: Medium Pages:                  28            0            0         896M         864M           0M 
[17.327s][info][gc,reloc    ] GC(151) y: Large Pages:                    0            0            0           0M           0M           0M 
[17.327s][info][gc,reloc    ] GC(151) y: Forwarding Usage: 0M
[17.327s][info][gc,reloc    ] GC(151) y: Age Table:
[17.327s][info][gc,reloc    ] GC(151) y:                    Live             Garbage             Small              Medium             Large        
[17.327s][info][gc,reloc    ] GC(151) y: Eden               0M (0%)          865M (85%)          1 / 0             27 / 0              0 / 0        
[17.327s][info][gc,reloc    ] GC(151) y: Survivor 1          -                34M (3%)           1 / 0              1 / 0              0 / 0        
[17.327s][info][gc,heap     ] GC(151) y: Min Capacity: 8M(1%)
[17.327s][info][gc,heap     ] GC(151) y: Max Capacity: 1024M(100%)
[17.327s][info][gc,heap     ] GC(151) y: Soft Max Capacity: 1024M(100%)
[17.327s][info][gc,heap     ] GC(151) y: Heap Statistics:
[17.327s][info][gc,heap     ] GC(151) y:                Mark Start          Mark End        Relocate Start      Relocate End           High               Low         
[17.327s][info][gc,heap     ] GC(151) y:  Capacity:     1024M (100%)       1024M (100%)       1024M (100%)       1024M (100%)       1024M (100%)       1024M (100%)   
[17.327s][info][gc,heap     ] GC(151) y:      Free:       84M (8%)           50M (5%)          916M (89%)         916M (89%)         916M (89%)          50M (5%)     
[17.327s][info][gc,heap     ] GC(151) y:      Used:      940M (92%)         974M (95%)         108M (11%)         108M (11%)         974M (95%)         108M (11%)    
[17.327s][info][gc,heap     ] GC(151) y: Young Generation Statistics:
[17.327s][info][gc,heap     ] GC(151) y:                Mark Start          Mark End        Relocate Start      Relocate End    
[17.327s][info][gc,heap     ] GC(151) y:      Used:      900M (88%)         934M (91%)          68M (7%)           68M (7%)     
[17.327s][info][gc,heap     ] GC(151) y:      Live:         -                 0M (0%)            0M (0%)            0M (0%)     
[17.327s][info][gc,heap     ] GC(151) y:   Garbage:         -               899M (88%)          33M (3%)           33M (3%)     
[17.327s][info][gc,heap     ] GC(151) y: Allocated:         -                34M (3%)           34M (3%)           34M (3%)     
[17.327s][info][gc,heap     ] GC(151) y: Reclaimed:         -                  -               866M (85%)         866M (85%)    
[17.327s][info][gc,heap     ] GC(151) y:  Promoted:         -                  -                 0M (0%)            0M (0%)     
[17.327s][info][gc,heap     ] GC(151) y: Compacted:         -                  -                  -                 0M (0%)     
[17.327s][info][gc,phases   ] GC(151) y: Young Generation 940M(92%)->108M(11%) 0.002s
[17.327s][info][gc          ] GC(151) Minor Collection (Allocation Rate) 940M(92%)->108M(11%) 0.002s
[17.398s][info][gc          ] GC(152) Minor Collection (Allocation Rate)
[17.398s][info][gc,task     ] GC(152) Using 3 Workers for Young Generation
[17.398s][info][gc,phases   ] GC(152) y: Young Generation
[17.398s][info][gc,phases   ] GC(152) y: Pause Mark Start 0.004ms
[17.399s][info][gc,phases   ] GC(152) y: Concurrent Mark 0.857ms
[17.399s][info][gc,phases   ] GC(152) y: Pause Mark End 0.005ms
[17.399s][info][gc,phases   ] GC(152) y: Concurrent Mark Free 0.000ms
[17.399s][info][gc,phases   ] GC(152) y: Concurrent Reset Relocation Set 0.000ms
[17.400s][info][gc,reloc    ] GC(152) y: Using tenuring threshold: 1 (Computed)
[17.400s][info][gc,phases   ] GC(152) y: Concurrent Select Relocation Set 1.163ms
[17.400s][info][gc,phases   ] GC(152) y: Pause Relocate Start 0.008ms
[17.400s][info][gc,phases   ] GC(152) y: Concurrent Relocate 0.056ms
[17.400s][info][gc,alloc    ] GC(152) y:                         Mark Start        Mark End      Relocate Start    Relocate End   
[17.400s][info][gc,alloc    ] GC(152) y: Allocation Stalls:          0                0                0                0         
[17.400s][info][gc,load     ] GC(152) y: Load: 3.18 (32%) / 3.07 (31%) / 3.16 (32%)
[17.400s][info][gc,mmu      ] GC(152) y: MMU: 2ms/99.0%, 5ms/99.5%, 10ms/99.7%, 20ms/99.7%, 50ms/99.8%, 100ms/99.9%
[17.400s][info][gc,marking  ] GC(152) y: Mark: 2 stripe(s), 2 proactive flush(es), 1 terminate flush(es), 0 completion(s), 0 continuation(s) 
[17.400s][info][gc,marking  ] GC(152) y: Mark Stack Usage: 32M
[17.400s][info][gc,nmethod  ] GC(152) y: NMethods: 1585 registered, 159 unregistered
[17.400s][info][gc,metaspace] GC(152) y: Metaspace: 9M used, 10M committed, 1088M reserved
[17.400s][info][gc,reloc    ] GC(152) y:                        Candidates     Selected     In-Place         Size        Empty    Relocated 
[17.400s][info][gc,reloc    ] GC(152) y: Small Pages:                    2            0            0           4M           2M           0M 
[17.400s][info][gc,reloc    ] GC(152) y: Medium Pages:                  28            0            0         896M         864M           0M 
[17.400s][info][gc,reloc    ] GC(152) y: Large Pages:                    0            0            0           0M           0M           0M 
[17.400s][info][gc,reloc    ] GC(152) y: Forwarding Usage: 0M
[17.400s][info][gc,reloc    ] GC(152) y: Age Table:
[17.400s][info][gc,reloc    ] GC(152) y:                    Live             Garbage             Small              Medium             Large        
[17.400s][info][gc,reloc    ] GC(152) y: Eden               0M (0%)          865M (84%)          1 / 0             27 / 0              0 / 0        
[17.400s][info][gc,reloc    ] GC(152) y: Survivor 1          -                34M (3%)           1 / 0              1 / 0              0 / 0        
[17.400s][info][gc,heap     ] GC(152) y: Min Capacity: 8M(1%)
[17.400s][info][gc,heap     ] GC(152) y: Max Capacity: 1024M(100%)
[17.400s][info][gc,heap     ] GC(152) y: Soft Max Capacity: 1024M(100%)
[17.400s][info][gc,heap     ] GC(152) y: Heap Statistics:
[17.400s][info][gc,heap     ] GC(152) y:                Mark Start          Mark End        Relocate Start      Relocate End           High               Low         
[17.400s][info][gc,heap     ] GC(152) y:  Capacity:     1024M (100%)       1024M (100%)       1024M (100%)       1024M (100%)       1024M (100%)       1024M (100%)   
[17.400s][info][gc,heap     ] GC(152) y:      Free:       84M (8%)           50M (5%)          916M (89%)         916M (89%)         916M (89%)          50M (5%)     
[17.400s][info][gc,heap     ] GC(152) y:      Used:      940M (92%)         974M (95%)         108M (11%)         108M (11%)         974M (95%)         108M (11%)    
[17.400s][info][gc,heap     ] GC(152) y: Young Generation Statistics:
[17.400s][info][gc,heap     ] GC(152) y:                Mark Start          Mark End        Relocate Start      Relocate End    
[17.400s][info][gc,heap     ] GC(152) y:      Used:      900M (88%)         934M (91%)          68M (7%)           68M (7%)     
[17.400s][info][gc,heap     ] GC(152) y:      Live:         -                 0M (0%)            0M (0%)            0M (0%)     
[17.400s][info][gc,heap     ] GC(152) y:   Garbage:         -               899M (88%)          33M (3%)           33M (3%)     
[17.400s][info][gc,heap     ] GC(152) y: Allocated:         -                34M (3%)           34M (3%)           34M (3%)     
[17.400s][info][gc,heap     ] GC(152) y: Reclaimed:         -                  -               866M (85%)         866M (85%)    
[17.400s][info][gc,heap     ] GC(152) y:  Promoted:         -                  -                 0M (0%)            0M (0%)     
[17.400s][info][gc,heap     ] GC(152) y: Compacted:         -                  -                  -                 0M (0%)     
[17.400s][info][gc,phases   ] GC(152) y: Young Generation 940M(92%)->108M(11%) 0.002s
[17.400s][info][gc          ] GC(152) Minor Collection (Allocation Rate) 940M(92%)->108M(11%) 0.003s
[17.457s][info][gc          ] GC(153) Major Collection (Proactive)
[17.457s][info][gc,task     ] GC(153) Using 1 Workers for Young Generation
[17.457s][info][gc,task     ] GC(153) Using 1 Workers for Old Generation
[17.457s][info][gc,phases   ] GC(153) Y: Young Generation
[17.457s][info][gc,phases   ] GC(153) Y: Pause Mark Start (Major) 0.005ms
[17.459s][info][gc,phases   ] GC(153) Y: Concurrent Mark 1.635ms
[17.459s][info][gc,phases   ] GC(153) Y: Pause Mark End 0.007ms
[17.459s][info][gc,phases   ] GC(153) Y: Concurrent Mark Free 0.000ms
[17.459s][info][gc,phases   ] GC(153) Y: Concurrent Reset Relocation Set 0.000ms
[17.460s][info][gc,reloc    ] GC(153) Y: Using tenuring threshold: 1 (Computed)
[17.460s][info][gc,phases   ] GC(153) Y: Concurrent Select Relocation Set 1.033ms
[17.460s][info][gc,phases   ] GC(153) Y: Pause Relocate Start 0.003ms
[17.460s][info][gc,phases   ] GC(153) Y: Concurrent Relocate 0.013ms
[17.460s][info][gc,alloc    ] GC(153) Y:                         Mark Start        Mark End      Relocate Start    Relocate End   
[17.460s][info][gc,alloc    ] GC(153) Y: Allocation Stalls:          0                0                0                0         
[17.460s][info][gc,load     ] GC(153) Y: Load: 3.18 (32%) / 3.07 (31%) / 3.16 (32%)
[17.460s][info][gc,mmu      ] GC(153) Y: MMU: 2ms/99.0%, 5ms/99.5%, 10ms/99.7%, 20ms/99.7%, 50ms/99.8%, 100ms/99.9%
[17.460s][info][gc,marking  ] GC(153) Y: Mark: 1 stripe(s), 2 proactive flush(es), 1 terminate flush(es), 0 completion(s), 0 continuation(s) 
[17.460s][info][gc,marking  ] GC(153) Y: Mark Stack Usage: 32M
[17.460s][info][gc,nmethod  ] GC(153) Y: NMethods: 1585 registered, 159 unregistered
[17.460s][info][gc,metaspace] GC(153) Y: Metaspace: 9M used, 10M committed, 1088M reserved
[17.460s][info][gc,reloc    ] GC(153) Y:                        Candidates     Selected     In-Place         Size        Empty    Relocated 
[17.460s][info][gc,reloc    ] GC(153) Y: Small Pages:                    2            0            0           4M           2M           0M 
[17.460s][info][gc,reloc    ] GC(153) Y: Medium Pages:                  23            0            0         736M         704M           0M 
[17.460s][info][gc,reloc    ] GC(153) Y: Large Pages:                    0            0            0           0M           0M           0M 
[17.460s][info][gc,reloc    ] GC(153) Y: Forwarding Usage: 0M
[17.460s][info][gc,reloc    ] GC(153) Y: Age Table:
[17.460s][info][gc,reloc    ] GC(153) Y:                    Live             Garbage             Small              Medium             Large        
[17.460s][info][gc,reloc    ] GC(153) Y: Eden               0M (0%)          705M (69%)          1 / 0             22 / 0              0 / 0        
[17.460s][info][gc,reloc    ] GC(153) Y: Survivor 1          -                34M (3%)           1 / 0              1 / 0              0 / 0        
[17.460s][info][gc,heap     ] GC(153) Y: Min Capacity: 8M(1%)
[17.460s][info][gc,heap     ] GC(153) Y: Max Capacity: 1024M(100%)
[17.460s][info][gc,heap     ] GC(153) Y: Soft Max Capacity: 1024M(100%)
[17.460s][info][gc,heap     ] GC(153) Y: Heap Statistics:
[17.460s][info][gc,heap     ] GC(153) Y:                Mark Start          Mark End        Relocate Start      Relocate End           High               Low         
[17.460s][info][gc,heap     ] GC(153) Y:  Capacity:     1024M (100%)       1024M (100%)       1024M (100%)       1024M (100%)       1024M (100%)       1024M (100%)   
[17.460s][info][gc,heap     ] GC(153) Y:      Free:      244M (24%)         210M (21%)         916M (89%)         916M (89%)         916M (89%)         210M (21%)    
[17.460s][info][gc,heap     ] GC(153) Y:      Used:      780M (76%)         814M (79%)         108M (11%)         108M (11%)         814M (79%)         108M (11%)    
[17.460s][info][gc,heap     ] GC(153) Y: Young Generation Statistics:
[17.460s][info][gc,heap     ] GC(153) Y:                Mark Start          Mark End        Relocate Start      Relocate End    
[17.460s][info][gc,heap     ] GC(153) Y:      Used:      740M (72%)         774M (76%)          68M (7%)           68M (7%)     
[17.460s][info][gc,heap     ] GC(153) Y:      Live:         -                 0M (0%)            0M (0%)            0M (0%)     
[17.460s][info][gc,heap     ] GC(153) Y:   Garbage:         -               739M (72%)          33M (3%)           33M (3%)     
[17.460s][info][gc,heap     ] GC(153) Y: Allocated:         -                34M (3%)           34M (3%)           34M (3%)     
[17.460s][info][gc,heap     ] GC(153) Y: Reclaimed:         -                  -               706M (69%)         706M (69%)    
[17.460s][info][gc,heap     ] GC(153) Y:  Promoted:         -                  -                 0M (0%)            0M (0%)     
[17.460s][info][gc,heap     ] GC(153) Y: Compacted:         -                  -                  -                 0M (0%)     
[17.460s][info][gc,phases   ] GC(153) Y: Young Generation 780M(76%)->108M(11%) 0.003s
[17.460s][info][gc,phases   ] GC(153) O: Old Generation
[17.465s][info][gc,phases   ] GC(153) O: Concurrent Mark 4.441ms
[17.465s][info][gc,phases   ] GC(153) O: Pause Mark End 0.011ms
[17.465s][info][gc,phases   ] GC(153) O: Concurrent Mark Free 0.000ms
[17.467s][info][gc,phases   ] GC(153) O: Concurrent Process Non-Strong 2.410ms
[17.467s][info][gc,phases   ] GC(153) O: Concurrent Reset Relocation Set 0.001ms
[17.468s][info][gc,phases   ] GC(153) O: Concurrent Select Relocation Set 0.935ms
[17.468s][info][gc,task     ] GC(153) O: Using 2 Workers for Old Generation
[17.472s][info][gc,task     ] GC(153) O: Using 1 Workers for Old Generation
[17.473s][info][gc,phases   ] GC(153) O: Concurrent Remap Roots 4.389ms
[17.473s][info][gc,phases   ] GC(153) O: Pause Relocate Start 0.006ms
[17.473s][info][gc,phases   ] GC(153) O: Concurrent Relocate 0.742ms
[17.473s][info][gc,alloc    ] GC(153) O:                         Mark Start        Mark End      Relocate Start    Relocate End   
[17.473s][info][gc,alloc    ] GC(153) O: Allocation Stalls:          0                0                0                0         
[17.473s][info][gc,load     ] GC(153) O: Load: 3.18 (32%) / 3.07 (31%) / 3.16 (32%)
[17.473s][info][gc,mmu      ] GC(153) O: MMU: 2ms/99.0%, 5ms/99.5%, 10ms/99.7%, 20ms/99.7%, 50ms/99.8%, 100ms/99.9%
[17.473s][info][gc,marking  ] GC(153) O: Mark: 1 stripe(s), 2 proactive flush(es), 1 terminate flush(es), 0 completion(s), 0 continuation(s) 
[17.473s][info][gc,marking  ] GC(153) O: Mark Stack Usage: 32M
[17.473s][info][gc,nmethod  ] GC(153) O: NMethods: 1585 registered, 159 unregistered
[17.473s][info][gc,metaspace] GC(153) O: Metaspace: 9M used, 10M committed, 1088M reserved
[17.473s][info][gc,ref      ] GC(153) O:                       Encountered   Discovered     Enqueued 
[17.473s][info][gc,ref      ] GC(153) O: Soft References:              372            0            0 
[17.473s][info][gc,ref      ] GC(153) O: Weak References:             1110          834            0 
[17.473s][info][gc,ref      ] GC(153) O: Final References:             880          270            0 
[17.473s][info][gc,ref      ] GC(153) O: Phantom References:            32            2            0 
[17.473s][info][gc,reloc    ] GC(153) O:                        Candidates     Selected     In-Place         Size        Empty    Relocated 
[17.473s][info][gc,reloc    ] GC(153) O: Small Pages:                    4            1            0           8M           0M           1M 
[17.473s][info][gc,reloc    ] GC(153) O: Medium Pages:                   1            0            0          32M           0M           0M 
[17.473s][info][gc,reloc    ] GC(153) O: Large Pages:                    0            0            0           0M           0M           0M 
[17.473s][info][gc,reloc    ] GC(153) O: Forwarding Usage: 0M
[17.473s][info][gc,heap     ] GC(153) O: Min Capacity: 8M(1%)
[17.473s][info][gc,heap     ] GC(153) O: Max Capacity: 1024M(100%)
[17.473s][info][gc,heap     ] GC(153) O: Soft Max Capacity: 1024M(100%)
[17.473s][info][gc,heap     ] GC(153) O: Heap Statistics:
[17.473s][info][gc,heap     ] GC(153) O:                Mark Start          Mark End        Relocate Start      Relocate End           High               Low         
[17.473s][info][gc,heap     ] GC(153) O:  Capacity:     1024M (100%)       1024M (100%)       1024M (100%)       1024M (100%)       1024M (100%)       1024M (100%)   
[17.473s][info][gc,heap     ] GC(153) O:      Free:      244M (24%)         852M (83%)         756M (74%)         756M (74%)         916M (89%)         210M (21%)    
[17.473s][info][gc,heap     ] GC(153) O:      Used:      780M (76%)         172M (17%)         268M (26%)         268M (26%)         814M (79%)         108M (11%)    
[17.473s][info][gc,heap     ] GC(153) O: Old Generation Statistics:
[17.473s][info][gc,heap     ] GC(153) O:                Mark Start          Mark End        Relocate Start      Relocate End    
[17.473s][info][gc,heap     ] GC(153) O:      Used:       40M (4%)           40M (4%)           40M (4%)           40M (4%)     
[17.473s][info][gc,heap     ] GC(153) O:      Live:         -                 4M (0%)            4M (0%)            4M (0%)     
[17.473s][info][gc,heap     ] GC(153) O:   Garbage:         -                35M (3%)           35M (3%)           32M (3%)     
[17.473s][info][gc,heap     ] GC(153) O: Allocated:         -                 0M (0%)            0M (0%)            2M (0%)     
[17.473s][info][gc,heap     ] GC(153) O: Reclaimed:         -                  -                 0M (0%)            2M (0%)     
[17.473s][info][gc,heap     ] GC(153) O: Compacted:         -                  -                  -                 1M (0%)     
[17.473s][info][gc,phases   ] GC(153) O: Old Generation 108M(11%)->268M(26%) 0.013s
[17.474s][info][gc          ] GC(153) Major Collection (Proactive) 780M(76%)->268M(26%) 0.017s
[17.530s][info][gc          ] GC(154) Minor Collection (Allocation Rate)
[17.530s][info][gc,task     ] GC(154) Using 3 Workers for Young Generation
[17.530s][info][gc,phases   ] GC(154) y: Young Generation
[17.531s][info][gc,phases   ] GC(154) y: Pause Mark Start 0.004ms
[17.532s][info][gc,phases   ] GC(154) y: Concurrent Mark 1.141ms
[17.532s][info][gc,phases   ] GC(154) y: Pause Mark End 0.005ms
[17.532s][info][gc,phases   ] GC(154) y: Concurrent Mark Free 0.000ms
[17.532s][info][gc,phases   ] GC(154) y: Concurrent Reset Relocation Set 0.000ms
[17.533s][info][gc,reloc    ] GC(154) y: Using tenuring threshold: 1 (Computed)
[17.533s][info][gc,phases   ] GC(154) y: Concurrent Select Relocation Set 1.160ms
[17.533s][info][gc,phases   ] GC(154) y: Pause Relocate Start 0.005ms
[17.533s][info][gc,phases   ] GC(154) y: Concurrent Relocate 0.060ms
[17.533s][info][gc,alloc    ] GC(154) y:                         Mark Start        Mark End      Relocate Start    Relocate End   
[17.533s][info][gc,alloc    ] GC(154) y: Allocation Stalls:          0                0                0                0         
[17.533s][info][gc,load     ] GC(154) y: Load: 3.18 (32%) / 3.07 (31%) / 3.16 (32%)
[17.533s][info][gc,mmu      ] GC(154) y: MMU: 2ms/99.0%, 5ms/99.5%, 10ms/99.7%, 20ms/99.7%, 50ms/99.8%, 100ms/99.9%
[17.533s][info][gc,marking  ] GC(154) y: Mark: 2 stripe(s), 2 proactive flush(es), 1 terminate flush(es), 0 completion(s), 0 continuation(s) 
[17.533s][info][gc,marking  ] GC(154) y: Mark Stack Usage: 32M
[17.533s][info][gc,nmethod  ] GC(154) y: NMethods: 1585 registered, 159 unregistered
[17.533s][info][gc,metaspace] GC(154) y: Metaspace: 9M used, 10M committed, 1088M reserved
[17.533s][info][gc,reloc    ] GC(154) y:                        Candidates     Selected     In-Place         Size        Empty    Relocated 
[17.533s][info][gc,reloc    ] GC(154) y: Small Pages:                    2            0            0           4M           2M           0M 
[17.533s][info][gc,reloc    ] GC(154) y: Medium Pages:                  28            0            0         896M         864M           0M 
[17.533s][info][gc,reloc    ] GC(154) y: Large Pages:                    0            0            0           0M           0M           0M 
[17.533s][info][gc,reloc    ] GC(154) y: Forwarding Usage: 0M
[17.533s][info][gc,reloc    ] GC(154) y: Age Table:
[17.533s][info][gc,reloc    ] GC(154) y:                    Live             Garbage             Small              Medium             Large        
[17.533s][info][gc,reloc    ] GC(154) y: Eden               0M (0%)          865M (84%)          1 / 0             27 / 0              0 / 0        
[17.533s][info][gc,reloc    ] GC(154) y: Survivor 1          -                34M (3%)           1 / 0              1 / 0              0 / 0        
[17.533s][info][gc,heap     ] GC(154) y: Min Capacity: 8M(1%)
[17.533s][info][gc,heap     ] GC(154) y: Max Capacity: 1024M(100%)
[17.533s][info][gc,heap     ] GC(154) y: Soft Max Capacity: 1024M(100%)
[17.533s][info][gc,heap     ] GC(154) y: Heap Statistics:
[17.533s][info][gc,heap     ] GC(154) y:                Mark Start          Mark End        Relocate Start      Relocate End           High               Low         
[17.533s][info][gc,heap     ] GC(154) y:  Capacity:     1024M (100%)       1024M (100%)       1024M (100%)       1024M (100%)       1024M (100%)       1024M (100%)   
[17.533s][info][gc,heap     ] GC(154) y:      Free:       84M (8%)           50M (5%)          916M (89%)         916M (89%)         916M (89%)          50M (5%)     
[17.533s][info][gc,heap     ] GC(154) y:      Used:      940M (92%)         974M (95%)         108M (11%)         108M (11%)         974M (95%)         108M (11%)    
[17.533s][info][gc,heap     ] GC(154) y: Young Generation Statistics:
[17.533s][info][gc,heap     ] GC(154) y:                Mark Start          Mark End        Relocate Start      Relocate End    
[17.533s][info][gc,heap     ] GC(154) y:      Used:      900M (88%)         934M (91%)          68M (7%)           68M (7%)     
[17.533s][info][gc,heap     ] GC(154) y:      Live:         -                 0M (0%)            0M (0%)            0M (0%)     
[17.533s][info][gc,heap     ] GC(154) y:   Garbage:         -               899M (88%)          33M (3%)           33M (3%)     
[17.533s][info][gc,heap     ] GC(154) y: Allocated:         -                34M (3%)           34M (3%)           34M (3%)     
[17.533s][info][gc,heap     ] GC(154) y: Reclaimed:         -                  -               866M (85%)         866M (85%)    
[17.533s][info][gc,heap     ] GC(154) y:  Promoted:         -                  -                 0M (0%)            0M (0%)     
[17.533s][info][gc,heap     ] GC(154) y: Compacted:         -                  -                  -                 0M (0%)     
[17.533s][info][gc,phases   ] GC(154) y: Young Generation 940M(92%)->108M(11%) 0.003s
[17.533s][info][gc          ] GC(154) Minor Collection (Allocation Rate) 940M(92%)->108M(11%) 0.003s
[17.599s][info][gc          ] GC(155) Minor Collection (Allocation Rate)
[17.599s][info][gc,task     ] GC(155) Using 2 Workers for Young Generation
[17.599s][info][gc,phases   ] GC(155) y: Young Generation
[17.599s][info][gc,phases   ] GC(155) y: Pause Mark Start 0.004ms
[17.600s][info][gc,phases   ] GC(155) y: Concurrent Mark 1.223ms
[17.600s][info][gc,phases   ] GC(155) y: Pause Mark End 0.005ms
[17.600s][info][gc,phases   ] GC(155) y: Concurrent Mark Free 0.000ms
[17.600s][info][gc,phases   ] GC(155) y: Concurrent Reset Relocation Set 0.000ms
[17.601s][info][gc,reloc    ] GC(155) y: Using tenuring threshold: 1 (Computed)
[17.601s][info][gc,phases   ] GC(155) y: Concurrent Select Relocation Set 1.033ms
[17.601s][info][gc,phases   ] GC(155) y: Pause Relocate Start 0.003ms
[17.601s][info][gc,phases   ] GC(155) y: Concurrent Relocate 0.020ms
[17.601s][info][gc,alloc    ] GC(155) y:                         Mark Start        Mark End      Relocate Start    Relocate End   
[17.601s][info][gc,alloc    ] GC(155) y: Allocation Stalls:          0                0                0                0         
[17.601s][info][gc,load     ] GC(155) y: Load: 3.18 (32%) / 3.07 (31%) / 3.16 (32%)
[17.601s][info][gc,mmu      ] GC(155) y: MMU: 2ms/99.0%, 5ms/99.5%, 10ms/99.7%, 20ms/99.7%, 50ms/99.8%, 100ms/99.9%
[17.601s][info][gc,marking  ] GC(155) y: Mark: 2 stripe(s), 2 proactive flush(es), 1 terminate flush(es), 0 completion(s), 0 continuation(s) 
[17.601s][info][gc,marking  ] GC(155) y: Mark Stack Usage: 32M
[17.601s][info][gc,nmethod  ] GC(155) y: NMethods: 1585 registered, 159 unregistered
[17.601s][info][gc,metaspace] GC(155) y: Metaspace: 9M used, 10M committed, 1088M reserved
[17.601s][info][gc,reloc    ] GC(155) y:                        Candidates     Selected     In-Place         Size        Empty    Relocated 
[17.601s][info][gc,reloc    ] GC(155) y: Small Pages:                    2            0            0           4M           2M           0M 
[17.601s][info][gc,reloc    ] GC(155) y: Medium Pages:                  26            0            0         832M         800M           0M 
[17.601s][info][gc,reloc    ] GC(155) y: Large Pages:                    0            0            0           0M           0M           0M 
[17.601s][info][gc,reloc    ] GC(155) y: Forwarding Usage: 0M
[17.601s][info][gc,reloc    ] GC(155) y: Age Table:
[17.601s][info][gc,reloc    ] GC(155) y:                    Live             Garbage             Small              Medium             Large        
[17.601s][info][gc,reloc    ] GC(155) y: Eden               0M (0%)          801M (78%)          1 / 0             25 / 0              0 / 0        
[17.601s][info][gc,reloc    ] GC(155) y: Survivor 1          -                34M (3%)           1 / 0              1 / 0              0 / 0        
[17.601s][info][gc,heap     ] GC(155) y: Min Capacity: 8M(1%)
[17.601s][info][gc,heap     ] GC(155) y: Max Capacity: 1024M(100%)
[17.601s][info][gc,heap     ] GC(155) y: Soft Max Capacity: 1024M(100%)
[17.601s][info][gc,heap     ] GC(155) y: Heap Statistics:
[17.601s][info][gc,heap     ] GC(155) y:                Mark Start          Mark End        Relocate Start      Relocate End           High               Low         
[17.601s][info][gc,heap     ] GC(155) y:  Capacity:     1024M (100%)       1024M (100%)       1024M (100%)       1024M (100%)       1024M (100%)       1024M (100%)   
[17.601s][info][gc,heap     ] GC(155) y:      Free:      148M (14%)         114M (11%)         916M (89%)         916M (89%)         916M (89%)         114M (11%)    
[17.601s][info][gc,heap     ] GC(155) y:      Used:      876M (86%)         910M (89%)         108M (11%)         108M (11%)         910M (89%)         108M (11%)    
[17.601s][info][gc,heap     ] GC(155) y: Young Generation Statistics:
[17.601s][info][gc,heap     ] GC(155) y:                Mark Start          Mark End        Relocate Start      Relocate End    
[17.601s][info][gc,heap     ] GC(155) y:      Used:      836M (82%)         870M (85%)          68M (7%)           68M (7%)     
[17.601s][info][gc,heap     ] GC(155) y:      Live:         -                 0M (0%)            0M (0%)            0M (0%)     
[17.601s][info][gc,heap     ] GC(155) y:   Garbage:         -               835M (82%)          33M (3%)           33M (3%)     
[17.601s][info][gc,heap     ] GC(155) y: Allocated:         -                34M (3%)           34M (3%)           34M (3%)     
[17.601s][info][gc,heap     ] GC(155) y: Reclaimed:         -                  -               802M (78%)         802M (78%)    
[17.601s][info][gc,heap     ] GC(155) y:  Promoted:         -                  -                 0M (0%)            0M (0%)     
[17.601s][info][gc,heap     ] GC(155) y: Compacted:         -                  -                  -                 0M (0%)     
[17.601s][info][gc,phases   ] GC(155) y: Young Generation 876M(86%)->108M(11%) 0.003s
[17.601s][info][gc          ] GC(155) Minor Collection (Allocation Rate) 876M(86%)->108M(11%) 0.003s
[17.663s][info][gc          ] GC(156) Minor Collection (Allocation Rate)
[17.663s][info][gc,task     ] GC(156) Using 1 Workers for Young Generation
[17.663s][info][gc,phases   ] GC(156) y: Young Generation
[17.663s][info][gc,phases   ] GC(156) y: Pause Mark Start 0.004ms
[17.666s][info][gc,phases   ] GC(156) y: Concurrent Mark 2.213ms
[17.666s][info][gc,phases   ] GC(156) y: Pause Mark End 0.006ms
[17.666s][info][gc,phases   ] GC(156) y: Concurrent Mark Free 0.000ms
[17.666s][info][gc,phases   ] GC(156) y: Concurrent Reset Relocation Set 0.000ms
[17.667s][info][gc,reloc    ] GC(156) y: Using tenuring threshold: 1 (Computed)
[17.667s][info][gc,phases   ] GC(156) y: Concurrent Select Relocation Set 1.026ms
[17.667s][info][gc,phases   ] GC(156) y: Pause Relocate Start 0.003ms
[17.667s][info][gc,phases   ] GC(156) y: Concurrent Relocate 0.014ms
[17.667s][info][gc,alloc    ] GC(156) y:                         Mark Start        Mark End      Relocate Start    Relocate End   
[17.667s][info][gc,alloc    ] GC(156) y: Allocation Stalls:          0                0                0                0         
[17.667s][info][gc,load     ] GC(156) y: Load: 3.18 (32%) / 3.07 (31%) / 3.16 (32%)
[17.667s][info][gc,mmu      ] GC(156) y: MMU: 2ms/99.0%, 5ms/99.5%, 10ms/99.7%, 20ms/99.7%, 50ms/99.8%, 100ms/99.9%
[17.667s][info][gc,marking  ] GC(156) y: Mark: 1 stripe(s), 2 proactive flush(es), 1 terminate flush(es), 0 completion(s), 0 continuation(s) 
[17.667s][info][gc,marking  ] GC(156) y: Mark Stack Usage: 32M
[17.667s][info][gc,nmethod  ] GC(156) y: NMethods: 1585 registered, 159 unregistered
[17.667s][info][gc,metaspace] GC(156) y: Metaspace: 9M used, 10M committed, 1088M reserved
[17.667s][info][gc,reloc    ] GC(156) y:                        Candidates     Selected     In-Place         Size        Empty    Relocated 
[17.667s][info][gc,reloc    ] GC(156) y: Small Pages:                    2            0            0           4M           2M           0M 
[17.667s][info][gc,reloc    ] GC(156) y: Medium Pages:                  25            0            0         800M         768M           0M 
[17.667s][info][gc,reloc    ] GC(156) y: Large Pages:                    0            0            0           0M           0M           0M 
[17.667s][info][gc,reloc    ] GC(156) y: Forwarding Usage: 0M
[17.667s][info][gc,reloc    ] GC(156) y: Age Table:
[17.667s][info][gc,reloc    ] GC(156) y:                    Live             Garbage             Small              Medium             Large        
[17.667s][info][gc,reloc    ] GC(156) y: Eden               0M (0%)          769M (75%)          1 / 0             24 / 0              0 / 0        
[17.667s][info][gc,reloc    ] GC(156) y: Survivor 1          -                34M (3%)           1 / 0              1 / 0              0 / 0        
[17.667s][info][gc,heap     ] GC(156) y: Min Capacity: 8M(1%)
[17.667s][info][gc,heap     ] GC(156) y: Max Capacity: 1024M(100%)
[17.667s][info][gc,heap     ] GC(156) y: Soft Max Capacity: 1024M(100%)
[17.667s][info][gc,heap     ] GC(156) y: Heap Statistics:
[17.667s][info][gc,heap     ] GC(156) y:                Mark Start          Mark End        Relocate Start      Relocate End           High               Low         
[17.667s][info][gc,heap     ] GC(156) y:  Capacity:     1024M (100%)       1024M (100%)       1024M (100%)       1024M (100%)       1024M (100%)       1024M (100%)   
[17.667s][info][gc,heap     ] GC(156) y:      Free:      180M (18%)         146M (14%)         884M (86%)         884M (86%)         884M (86%)         114M (11%)    
[17.667s][info][gc,heap     ] GC(156) y:      Used:      844M (82%)         878M (86%)         140M (14%)         140M (14%)         910M (89%)         140M (14%)    
[17.667s][info][gc,heap     ] GC(156) y: Young Generation Statistics:
[17.667s][info][gc,heap     ] GC(156) y:                Mark Start          Mark End        Relocate Start      Relocate End    
[17.667s][info][gc,heap     ] GC(156) y:      Used:      804M (79%)         838M (82%)         100M (10%)         100M (10%)    
[17.667s][info][gc,heap     ] GC(156) y:      Live:         -                 0M (0%)            0M (0%)            0M (0%)     
[17.667s][info][gc,heap     ] GC(156) y:   Garbage:         -               803M (78%)          33M (3%)           33M (3%)     
[17.667s][info][gc,heap     ] GC(156) y: Allocated:         -                34M (3%)           66M (6%)           66M (6%)     
[17.667s][info][gc,heap     ] GC(156) y: Reclaimed:         -                  -               770M (75%)         770M (75%)    
[17.667s][info][gc,heap     ] GC(156) y:  Promoted:         -                  -                 0M (0%)            0M (0%)     
[17.667s][info][gc,heap     ] GC(156) y: Compacted:         -                  -                  -                 0M (0%)     
[17.667s][info][gc,phases   ] GC(156) y: Young Generation 844M(82%)->140M(14%) 0.004s
[17.667s][info][gc          ] GC(156) Minor Collection (Allocation Rate) 844M(82%)->140M(14%) 0.004s
[17.733s][info][gc          ] GC(157) Minor Collection (Allocation Rate)
[17.733s][info][gc,task     ] GC(157) Using 2 Workers for Young Generation
[17.734s][info][gc,phases   ] GC(157) y: Young Generation
[17.734s][info][gc,phases   ] GC(157) y: Pause Mark Start 0.004ms
[17.735s][info][gc,phases   ] GC(157) y: Concurrent Mark 1.143ms
[17.735s][info][gc,phases   ] GC(157) y: Pause Mark End 0.005ms
[17.735s][info][gc,phases   ] GC(157) y: Concurrent Mark Free 0.000ms
[17.735s][info][gc,phases   ] GC(157) y: Concurrent Reset Relocation Set 0.000ms
[17.736s][info][gc,reloc    ] GC(157) y: Using tenuring threshold: 1 (Computed)
[17.736s][info][gc,phases   ] GC(157) y: Concurrent Select Relocation Set 1.029ms
[17.736s][info][gc,phases   ] GC(157) y: Pause Relocate Start 0.003ms
[17.736s][info][gc,phases   ] GC(157) y: Concurrent Relocate 0.017ms
[17.736s][info][gc,alloc    ] GC(157) y:                         Mark Start        Mark End      Relocate Start    Relocate End   
[17.736s][info][gc,alloc    ] GC(157) y: Allocation Stalls:          0                0                0                0         
[17.736s][info][gc,load     ] GC(157) y: Load: 3.18 (32%) / 3.07 (31%) / 3.16 (32%)
[17.736s][info][gc,mmu      ] GC(157) y: MMU: 2ms/99.0%, 5ms/99.5%, 10ms/99.7%, 20ms/99.7%, 50ms/99.8%, 100ms/99.9%
[17.736s][info][gc,marking  ] GC(157) y: Mark: 2 stripe(s), 2 proactive flush(es), 1 terminate flush(es), 0 completion(s), 0 continuation(s) 
[17.736s][info][gc,marking  ] GC(157) y: Mark Stack Usage: 32M
[17.736s][info][gc,nmethod  ] GC(157) y: NMethods: 1585 registered, 159 unregistered
[17.736s][info][gc,metaspace] GC(157) y: Metaspace: 9M used, 10M committed, 1088M reserved
[17.736s][info][gc,reloc    ] GC(157) y:                        Candidates     Selected     In-Place         Size        Empty    Relocated 
[17.736s][info][gc,reloc    ] GC(157) y: Small Pages:                    2            0            0           4M           2M           0M 
[17.736s][info][gc,reloc    ] GC(157) y: Medium Pages:                  27            0            0         864M         832M           0M 
[17.736s][info][gc,reloc    ] GC(157) y: Large Pages:                    0            0            0           0M           0M           0M 
[17.736s][info][gc,reloc    ] GC(157) y: Forwarding Usage: 0M
[17.736s][info][gc,reloc    ] GC(157) y: Age Table:
[17.736s][info][gc,reloc    ] GC(157) y:                    Live             Garbage             Small              Medium             Large        
[17.736s][info][gc,reloc    ] GC(157) y: Eden               0M (0%)          833M (81%)          1 / 0             26 / 0              0 / 0        
[17.736s][info][gc,reloc    ] GC(157) y: Survivor 1          -                34M (3%)           1 / 0              1 / 0              0 / 0        
[17.736s][info][gc,heap     ] GC(157) y: Min Capacity: 8M(1%)
[17.736s][info][gc,heap     ] GC(157) y: Max Capacity: 1024M(100%)
[17.736s][info][gc,heap     ] GC(157) y: Soft Max Capacity: 1024M(100%)
[17.736s][info][gc,heap     ] GC(157) y: Heap Statistics:
[17.736s][info][gc,heap     ] GC(157) y:                Mark Start          Mark End        Relocate Start      Relocate End           High               Low         
[17.736s][info][gc,heap     ] GC(157) y:  Capacity:     1024M (100%)       1024M (100%)       1024M (100%)       1024M (100%)       1024M (100%)       1024M (100%)   
[17.736s][info][gc,heap     ] GC(157) y:      Free:      116M (11%)          82M (8%)          916M (89%)         916M (89%)         916M (89%)          82M (8%)     
[17.736s][info][gc,heap     ] GC(157) y:      Used:      908M (89%)         942M (92%)         108M (11%)         108M (11%)         942M (92%)         108M (11%)    
[17.736s][info][gc,heap     ] GC(157) y: Young Generation Statistics:
[17.736s][info][gc,heap     ] GC(157) y:                Mark Start          Mark End        Relocate Start      Relocate End    
[17.736s][info][gc,heap     ] GC(157) y:      Used:      868M (85%)         902M (88%)          68M (7%)           68M (7%)     
[17.736s][info][gc,heap     ] GC(157) y:      Live:         -                 0M (0%)            0M (0%)            0M (0%)     
[17.736s][info][gc,heap     ] GC(157) y:   Garbage:         -               867M (85%)          33M (3%)           33M (3%)     
[17.736s][info][gc,heap     ] GC(157) y: Allocated:         -                34M (3%)           34M (3%)           34M (3%)     
[17.736s][info][gc,heap     ] GC(157) y: Reclaimed:         -                  -               834M (81%)         834M (81%)    
[17.736s][info][gc,heap     ] GC(157) y:  Promoted:         -                  -                 0M (0%)            0M (0%)     
[17.736s][info][gc,heap     ] GC(157) y: Compacted:         -                  -                  -                 0M (0%)     
[17.736s][info][gc,phases   ] GC(157) y: Young Generation 908M(89%)->108M(11%) 0.002s
[17.736s][info][gc          ] GC(157) Minor Collection (Allocation Rate) 908M(89%)->108M(11%) 0.003s
[17.806s][info][gc          ] GC(158) Minor Collection (Allocation Rate)
[17.806s][info][gc,task     ] GC(158) Using 3 Workers for Young Generation
[17.806s][info][gc,phases   ] GC(158) y: Young Generation
[17.807s][info][gc,phases   ] GC(158) y: Pause Mark Start 0.004ms
[17.808s][info][gc,phases   ] GC(158) y: Concurrent Mark 1.003ms
[17.808s][info][gc,phases   ] GC(158) y: Pause Mark End 0.004ms
[17.808s][info][gc,phases   ] GC(158) y: Concurrent Mark Free 0.000ms
[17.808s][info][gc,phases   ] GC(158) y: Concurrent Reset Relocation Set 0.000ms
[17.809s][info][gc,reloc    ] GC(158) y: Using tenuring threshold: 1 (Computed)
[17.809s][info][gc,phases   ] GC(158) y: Concurrent Select Relocation Set 1.044ms
[17.809s][info][gc,phases   ] GC(158) y: Pause Relocate Start 0.004ms
[17.809s][info][gc,phases   ] GC(158) y: Concurrent Relocate 0.031ms
[17.809s][info][gc,alloc    ] GC(158) y:                         Mark Start        Mark End      Relocate Start    Relocate End   
[17.809s][info][gc,alloc    ] GC(158) y: Allocation Stalls:          0                0                0                0         
[17.809s][info][gc,load     ] GC(158) y: Load: 3.18 (32%) / 3.07 (31%) / 3.16 (32%)
[17.809s][info][gc,mmu      ] GC(158) y: MMU: 2ms/99.0%, 5ms/99.5%, 10ms/99.7%, 20ms/99.7%, 50ms/99.8%, 100ms/99.9%
[17.809s][info][gc,marking  ] GC(158) y: Mark: 2 stripe(s), 2 proactive flush(es), 1 terminate flush(es), 0 completion(s), 0 continuation(s) 
[17.809s][info][gc,marking  ] GC(158) y: Mark Stack Usage: 32M
[17.809s][info][gc,nmethod  ] GC(158) y: NMethods: 1585 registered, 159 unregistered
[17.809s][info][gc,metaspace] GC(158) y: Metaspace: 9M used, 10M committed, 1088M reserved
[17.809s][info][gc,reloc    ] GC(158) y:                        Candidates     Selected     In-Place         Size        Empty    Relocated 
[17.809s][info][gc,reloc    ] GC(158) y: Small Pages:                    2            0            0           4M           2M           0M 
[17.809s][info][gc,reloc    ] GC(158) y: Medium Pages:                  28            0            0         896M         864M           0M 
[17.809s][info][gc,reloc    ] GC(158) y: Large Pages:                    0            0            0           0M           0M           0M 
[17.809s][info][gc,reloc    ] GC(158) y: Forwarding Usage: 0M
[17.809s][info][gc,reloc    ] GC(158) y: Age Table:
[17.809s][info][gc,reloc    ] GC(158) y:                    Live             Garbage             Small              Medium             Large        
[17.809s][info][gc,reloc    ] GC(158) y: Eden               0M (0%)          865M (84%)          1 / 0             27 / 0              0 / 0        
[17.809s][info][gc,reloc    ] GC(158) y: Survivor 1          -                34M (3%)           1 / 0              1 / 0              0 / 0        
[17.809s][info][gc,heap     ] GC(158) y: Min Capacity: 8M(1%)
[17.809s][info][gc,heap     ] GC(158) y: Max Capacity: 1024M(100%)
[17.809s][info][gc,heap     ] GC(158) y: Soft Max Capacity: 1024M(100%)
[17.809s][info][gc,heap     ] GC(158) y: Heap Statistics:
[17.809s][info][gc,heap     ] GC(158) y:                Mark Start          Mark End        Relocate Start      Relocate End           High               Low         
[17.809s][info][gc,heap     ] GC(158) y:  Capacity:     1024M (100%)       1024M (100%)       1024M (100%)       1024M (100%)       1024M (100%)       1024M (100%)   
[17.809s][info][gc,heap     ] GC(158) y:      Free:       84M (8%)           50M (5%)          916M (89%)         916M (89%)         916M (89%)          50M (5%)     
[17.809s][info][gc,heap     ] GC(158) y:      Used:      940M (92%)         974M (95%)         108M (11%)         108M (11%)         974M (95%)         108M (11%)    
[17.809s][info][gc,heap     ] GC(158) y: Young Generation Statistics:
[17.809s][info][gc,heap     ] GC(158) y:                Mark Start          Mark End        Relocate Start      Relocate End    
[17.809s][info][gc,heap     ] GC(158) y:      Used:      900M (88%)         934M (91%)          68M (7%)           68M (7%)     
[17.809s][info][gc,heap     ] GC(158) y:      Live:         -                 0M (0%)            0M (0%)            0M (0%)     
[17.809s][info][gc,heap     ] GC(158) y:   Garbage:         -               899M (88%)          33M (3%)           33M (3%)     
[17.809s][info][gc,heap     ] GC(158) y: Allocated:         -                34M (3%)           34M (3%)           34M (3%)     
[17.809s][info][gc,heap     ] GC(158) y: Reclaimed:         -                  -               866M (85%)         866M (85%)    
[17.809s][info][gc,heap     ] GC(158) y:  Promoted:         -                  -                 0M (0%)            0M (0%)     
[17.809s][info][gc,heap     ] GC(158) y: Compacted:         -                  -                  -                 0M (0%)     
[17.809s][info][gc,phases   ] GC(158) y: Young Generation 940M(92%)->108M(11%) 0.002s
[17.809s][info][gc          ] GC(158) Minor Collection (Allocation Rate) 940M(92%)->108M(11%) 0.003s
[17.879s][info][gc          ] GC(159) Minor Collection (Allocation Rate)
[17.879s][info][gc,task     ] GC(159) Using 3 Workers for Young Generation
[17.879s][info][gc,phases   ] GC(159) y: Young Generation
[17.879s][info][gc,phases   ] GC(159) y: Pause Mark Start 0.007ms
[17.880s][info][gc,phases   ] GC(159) y: Concurrent Mark 0.865ms
[17.880s][info][gc,phases   ] GC(159) y: Pause Mark End 0.007ms
[17.880s][info][gc,phases   ] GC(159) y: Concurrent Mark Free 0.000ms
[17.880s][info][gc,phases   ] GC(159) y: Concurrent Reset Relocation Set 0.000ms
[17.881s][info][gc,reloc    ] GC(159) y: Using tenuring threshold: 1 (Computed)
[17.882s][info][gc,phases   ] GC(159) y: Concurrent Select Relocation Set 1.060ms
[17.882s][info][gc,phases   ] GC(159) y: Pause Relocate Start 0.004ms
[17.882s][info][gc,phases   ] GC(159) y: Concurrent Relocate 0.043ms
[17.882s][info][gc,alloc    ] GC(159) y:                         Mark Start        Mark End      Relocate Start    Relocate End   
[17.882s][info][gc,alloc    ] GC(159) y: Allocation Stalls:          0                0                0                0         
[17.882s][info][gc,load     ] GC(159) y: Load: 3.18 (32%) / 3.07 (31%) / 3.16 (32%)
[17.882s][info][gc,mmu      ] GC(159) y: MMU: 2ms/99.0%, 5ms/99.5%, 10ms/99.7%, 20ms/99.7%, 50ms/99.8%, 100ms/99.9%
[17.882s][info][gc,marking  ] GC(159) y: Mark: 2 stripe(s), 2 proactive flush(es), 1 terminate flush(es), 0 completion(s), 0 continuation(s) 
[17.882s][info][gc,marking  ] GC(159) y: Mark Stack Usage: 32M
[17.882s][info][gc,nmethod  ] GC(159) y: NMethods: 1585 registered, 159 unregistered
[17.882s][info][gc,metaspace] GC(159) y: Metaspace: 9M used, 10M committed, 1088M reserved
[17.882s][info][gc,reloc    ] GC(159) y:                        Candidates     Selected     In-Place         Size        Empty    Relocated 
[17.882s][info][gc,reloc    ] GC(159) y: Small Pages:                    2            0            0           4M           2M           0M 
[17.882s][info][gc,reloc    ] GC(159) y: Medium Pages:                  28            0            0         896M         864M           0M 
[17.882s][info][gc,reloc    ] GC(159) y: Large Pages:                    0            0            0           0M           0M           0M 
[17.882s][info][gc,reloc    ] GC(159) y: Forwarding Usage: 0M
[17.882s][info][gc,reloc    ] GC(159) y: Age Table:
[17.882s][info][gc,reloc    ] GC(159) y:                    Live             Garbage             Small              Medium             Large        
[17.882s][info][gc,reloc    ] GC(159) y: Eden               0M (0%)          865M (85%)          1 / 0             27 / 0              0 / 0        
[17.882s][info][gc,reloc    ] GC(159) y: Survivor 1          -                34M (3%)           1 / 0              1 / 0              0 / 0        
[17.882s][info][gc,heap     ] GC(159) y: Min Capacity: 8M(1%)
[17.882s][info][gc,heap     ] GC(159) y: Max Capacity: 1024M(100%)
[17.882s][info][gc,heap     ] GC(159) y: Soft Max Capacity: 1024M(100%)
[17.882s][info][gc,heap     ] GC(159) y: Heap Statistics:
[17.882s][info][gc,heap     ] GC(159) y:                Mark Start          Mark End        Relocate Start      Relocate End           High               Low         
[17.882s][info][gc,heap     ] GC(159) y:  Capacity:     1024M (100%)       1024M (100%)       1024M (100%)       1024M (100%)       1024M (100%)       1024M (100%)   
[17.882s][info][gc,heap     ] GC(159) y:      Free:       84M (8%)           50M (5%)          916M (89%)         916M (89%)         916M (89%)          50M (5%)     
[17.882s][info][gc,heap     ] GC(159) y:      Used:      940M (92%)         974M (95%)         108M (11%)         108M (11%)         974M (95%)         108M (11%)    
[17.882s][info][gc,heap     ] GC(159) y: Young Generation Statistics:
[17.882s][info][gc,heap     ] GC(159) y:                Mark Start          Mark End        Relocate Start      Relocate End    
[17.882s][info][gc,heap     ] GC(159) y:      Used:      900M (88%)         934M (91%)          68M (7%)           68M (7%)     
[17.882s][info][gc,heap     ] GC(159) y:      Live:         -                 0M (0%)            0M (0%)            0M (0%)     
[17.882s][info][gc,heap     ] GC(159) y:   Garbage:         -               899M (88%)          33M (3%)           33M (3%)     
[17.882s][info][gc,heap     ] GC(159) y: Allocated:         -                34M (3%)           34M (3%)           34M (3%)     
[17.882s][info][gc,heap     ] GC(159) y: Reclaimed:         -                  -               866M (85%)         866M (85%)    
[17.882s][info][gc,heap     ] GC(159) y:  Promoted:         -                  -                 0M (0%)            0M (0%)     
[17.882s][info][gc,heap     ] GC(159) y: Compacted:         -                  -                  -                 0M (0%)     
[17.882s][info][gc,phases   ] GC(159) y: Young Generation 940M(92%)->108M(11%) 0.002s
[17.882s][info][gc          ] GC(159) Minor Collection (Allocation Rate) 940M(92%)->108M(11%) 0.002s
[17.950s][info][gc          ] GC(160) Minor Collection (Allocation Rate)
[17.950s][info][gc,task     ] GC(160) Using 2 Workers for Young Generation
[17.950s][info][gc,phases   ] GC(160) y: Young Generation
[17.950s][info][gc,phases   ] GC(160) y: Pause Mark Start 0.005ms
[17.951s][info][gc,phases   ] GC(160) y: Concurrent Mark 1.234ms
[17.951s][info][gc,phases   ] GC(160) y: Pause Mark End 0.004ms
[17.951s][info][gc,phases   ] GC(160) y: Concurrent Mark Free 0.000ms
[17.951s][info][gc,phases   ] GC(160) y: Concurrent Reset Relocation Set 0.000ms
[17.952s][info][gc,reloc    ] GC(160) y: Using tenuring threshold: 1 (Computed)
[17.952s][info][gc,phases   ] GC(160) y: Concurrent Select Relocation Set 1.039ms
[17.952s][info][gc,phases   ] GC(160) y: Pause Relocate Start 0.004ms
[17.952s][info][gc,phases   ] GC(160) y: Concurrent Relocate 0.017ms
[17.952s][info][gc,alloc    ] GC(160) y:                         Mark Start        Mark End      Relocate Start    Relocate End   
[17.952s][info][gc,alloc    ] GC(160) y: Allocation Stalls:          0                0                0                0         
[17.952s][info][gc,load     ] GC(160) y: Load: 3.18 (32%) / 3.07 (31%) / 3.16 (32%)
[17.952s][info][gc,mmu      ] GC(160) y: MMU: 2ms/99.0%, 5ms/99.5%, 10ms/99.7%, 20ms/99.7%, 50ms/99.8%, 100ms/99.9%
[17.952s][info][gc,marking  ] GC(160) y: Mark: 2 stripe(s), 2 proactive flush(es), 1 terminate flush(es), 0 completion(s), 0 continuation(s) 
[17.952s][info][gc,marking  ] GC(160) y: Mark Stack Usage: 32M
[17.952s][info][gc,nmethod  ] GC(160) y: NMethods: 1585 registered, 159 unregistered
[17.952s][info][gc,metaspace] GC(160) y: Metaspace: 9M used, 10M committed, 1088M reserved
[17.952s][info][gc,reloc    ] GC(160) y:                        Candidates     Selected     In-Place         Size        Empty    Relocated 
[17.952s][info][gc,reloc    ] GC(160) y: Small Pages:                    2            0            0           4M           2M           0M 
[17.952s][info][gc,reloc    ] GC(160) y: Medium Pages:                  27            0            0         864M         832M           0M 
[17.952s][info][gc,reloc    ] GC(160) y: Large Pages:                    0            0            0           0M           0M           0M 
[17.952s][info][gc,reloc    ] GC(160) y: Forwarding Usage: 0M
[17.952s][info][gc,reloc    ] GC(160) y: Age Table:
[17.952s][info][gc,reloc    ] GC(160) y:                    Live             Garbage             Small              Medium             Large        
[17.952s][info][gc,reloc    ] GC(160) y: Eden               0M (0%)          833M (81%)          1 / 0             26 / 0              0 / 0        
[17.952s][info][gc,reloc    ] GC(160) y: Survivor 1          -                34M (3%)           1 / 0              1 / 0              0 / 0        
[17.952s][info][gc,heap     ] GC(160) y: Min Capacity: 8M(1%)
[17.952s][info][gc,heap     ] GC(160) y: Max Capacity: 1024M(100%)
[17.952s][info][gc,heap     ] GC(160) y: Soft Max Capacity: 1024M(100%)
[17.952s][info][gc,heap     ] GC(160) y: Heap Statistics:
[17.952s][info][gc,heap     ] GC(160) y:                Mark Start          Mark End        Relocate Start      Relocate End           High               Low         
[17.952s][info][gc,heap     ] GC(160) y:  Capacity:     1024M (100%)       1024M (100%)       1024M (100%)       1024M (100%)       1024M (100%)       1024M (100%)   
[17.952s][info][gc,heap     ] GC(160) y:      Free:      116M (11%)          82M (8%)          916M (89%)         916M (89%)         916M (89%)          82M (8%)     
[17.952s][info][gc,heap     ] GC(160) y:      Used:      908M (89%)         942M (92%)         108M (11%)         108M (11%)         942M (92%)         108M (11%)    
[17.952s][info][gc,heap     ] GC(160) y: Young Generation Statistics:
[17.952s][info][gc,heap     ] GC(160) y:                Mark Start          Mark End        Relocate Start      Relocate End    
[17.952s][info][gc,heap     ] GC(160) y:      Used:      868M (85%)         902M (88%)          68M (7%)           68M (7%)     
[17.952s][info][gc,heap     ] GC(160) y:      Live:         -                 0M (0%)            0M (0%)            0M (0%)     
[17.952s][info][gc,heap     ] GC(160) y:   Garbage:         -               867M (85%)          33M (3%)           33M (3%)     
[17.952s][info][gc,heap     ] GC(160) y: Allocated:         -                34M (3%)           34M (3%)           34M (3%)     
[17.952s][info][gc,heap     ] GC(160) y: Reclaimed:         -                  -               834M (81%)         834M (81%)    
[17.952s][info][gc,heap     ] GC(160) y:  Promoted:         -                  -                 0M (0%)            0M (0%)     
[17.952s][info][gc,heap     ] GC(160) y: Compacted:         -                  -                  -                 0M (0%)     
[17.952s][info][gc,phases   ] GC(160) y: Young Generation 908M(89%)->108M(11%) 0.003s
[17.952s][info][gc          ] GC(160) Minor Collection (Allocation Rate) 908M(89%)->108M(11%) 0.003s
[18.022s][info][gc          ] GC(161) Minor Collection (Allocation Rate)
[18.022s][info][gc,task     ] GC(161) Using 3 Workers for Young Generation
[18.022s][info][gc,phases   ] GC(161) y: Young Generation
[18.022s][info][gc,phases   ] GC(161) y: Pause Mark Start 0.004ms
[18.024s][info][gc,phases   ] GC(161) y: Concurrent Mark 1.031ms
[18.024s][info][gc,phases   ] GC(161) y: Pause Mark End 0.005ms
[18.024s][info][gc,phases   ] GC(161) y: Concurrent Mark Free 0.000ms
[18.024s][info][gc,phases   ] GC(161) y: Concurrent Reset Relocation Set 0.000ms
[18.025s][info][gc,reloc    ] GC(161) y: Using tenuring threshold: 1 (Computed)
[18.025s][info][gc,phases   ] GC(161) y: Concurrent Select Relocation Set 1.064ms
[18.025s][info][gc,phases   ] GC(161) y: Pause Relocate Start 0.003ms
[18.025s][info][gc,phases   ] GC(161) y: Concurrent Relocate 0.035ms
[18.025s][info][gc,alloc    ] GC(161) y:                         Mark Start        Mark End      Relocate Start    Relocate End   
[18.025s][info][gc,alloc    ] GC(161) y: Allocation Stalls:          0                0                0                0         
[18.025s][info][gc,load     ] GC(161) y: Load: 3.18 (32%) / 3.07 (31%) / 3.16 (32%)
[18.025s][info][gc,mmu      ] GC(161) y: MMU: 2ms/99.0%, 5ms/99.5%, 10ms/99.7%, 20ms/99.7%, 50ms/99.8%, 100ms/99.9%
[18.025s][info][gc,marking  ] GC(161) y: Mark: 2 stripe(s), 2 proactive flush(es), 1 terminate flush(es), 0 completion(s), 0 continuation(s) 
[18.025s][info][gc,marking  ] GC(161) y: Mark Stack Usage: 32M
[18.025s][info][gc,nmethod  ] GC(161) y: NMethods: 1585 registered, 159 unregistered
[18.025s][info][gc,metaspace] GC(161) y: Metaspace: 9M used, 10M committed, 1088M reserved
[18.025s][info][gc,reloc    ] GC(161) y:                        Candidates     Selected     In-Place         Size        Empty    Relocated 
[18.025s][info][gc,reloc    ] GC(161) y: Small Pages:                    2            0            0           4M           2M           0M 
[18.025s][info][gc,reloc    ] GC(161) y: Medium Pages:                  28            0            0         896M         864M           0M 
[18.025s][info][gc,reloc    ] GC(161) y: Large Pages:                    0            0            0           0M           0M           0M 
[18.025s][info][gc,reloc    ] GC(161) y: Forwarding Usage: 0M
[18.025s][info][gc,reloc    ] GC(161) y: Age Table:
[18.025s][info][gc,reloc    ] GC(161) y:                    Live             Garbage             Small              Medium             Large        
[18.025s][info][gc,reloc    ] GC(161) y: Eden               0M (0%)          865M (85%)          1 / 0             27 / 0              0 / 0        
[18.025s][info][gc,reloc    ] GC(161) y: Survivor 1          -                34M (3%)           1 / 0              1 / 0              0 / 0        
[18.025s][info][gc,heap     ] GC(161) y: Min Capacity: 8M(1%)
[18.025s][info][gc,heap     ] GC(161) y: Max Capacity: 1024M(100%)
[18.025s][info][gc,heap     ] GC(161) y: Soft Max Capacity: 1024M(100%)
[18.025s][info][gc,heap     ] GC(161) y: Heap Statistics:
[18.025s][info][gc,heap     ] GC(161) y:                Mark Start          Mark End        Relocate Start      Relocate End           High               Low         
[18.025s][info][gc,heap     ] GC(161) y:  Capacity:     1024M (100%)       1024M (100%)       1024M (100%)       1024M (100%)       1024M (100%)       1024M (100%)   
[18.025s][info][gc,heap     ] GC(161) y:      Free:       84M (8%)           50M (5%)          916M (89%)         916M (89%)         916M (89%)          50M (5%)     
[18.025s][info][gc,heap     ] GC(161) y:      Used:      940M (92%)         974M (95%)         108M (11%)         108M (11%)         974M (95%)         108M (11%)    
[18.025s][info][gc,heap     ] GC(161) y: Young Generation Statistics:
[18.025s][info][gc,heap     ] GC(161) y:                Mark Start          Mark End        Relocate Start      Relocate End    
[18.025s][info][gc,heap     ] GC(161) y:      Used:      900M (88%)         934M (91%)          68M (7%)           68M (7%)     
[18.025s][info][gc,heap     ] GC(161) y:      Live:         -                 0M (0%)            0M (0%)            0M (0%)     
[18.025s][info][gc,heap     ] GC(161) y:   Garbage:         -               899M (88%)          33M (3%)           33M (3%)     
[18.025s][info][gc,heap     ] GC(161) y: Allocated:         -                34M (3%)           34M (3%)           34M (3%)     
[18.025s][info][gc,heap     ] GC(161) y: Reclaimed:         -                  -               866M (85%)         866M (85%)    
[18.025s][info][gc,heap     ] GC(161) y:  Promoted:         -                  -                 0M (0%)            0M (0%)     
[18.025s][info][gc,heap     ] GC(161) y: Compacted:         -                  -                  -                 0M (0%)     
[18.025s][info][gc,phases   ] GC(161) y: Young Generation 940M(92%)->108M(11%) 0.002s
[18.025s][info][gc          ] GC(161) Minor Collection (Allocation Rate) 940M(92%)->108M(11%) 0.003s
[18.096s][info][gc          ] GC(162) Minor Collection (Allocation Rate)
[18.096s][info][gc,task     ] GC(162) Using 3 Workers for Young Generation
[18.096s][info][gc,phases   ] GC(162) y: Young Generation
[18.096s][info][gc,phases   ] GC(162) y: Pause Mark Start 0.007ms
[18.097s][info][gc,phases   ] GC(162) y: Concurrent Mark 1.007ms
[18.097s][info][gc,phases   ] GC(162) y: Pause Mark End 0.004ms
[18.097s][info][gc,phases   ] GC(162) y: Concurrent Mark Free 0.000ms
[18.097s][info][gc,phases   ] GC(162) y: Concurrent Reset Relocation Set 0.000ms
[18.098s][info][gc,reloc    ] GC(162) y: Using tenuring threshold: 1 (Computed)
[18.098s][info][gc,phases   ] GC(162) y: Concurrent Select Relocation Set 1.086ms
[18.098s][info][gc,phases   ] GC(162) y: Pause Relocate Start 0.003ms
[18.098s][info][gc,phases   ] GC(162) y: Concurrent Relocate 0.038ms
[18.098s][info][gc,alloc    ] GC(162) y:                         Mark Start        Mark End      Relocate Start    Relocate End   
[18.098s][info][gc,alloc    ] GC(162) y: Allocation Stalls:          0                0                0                0         
[18.098s][info][gc,load     ] GC(162) y: Load: 3.18 (32%) / 3.07 (31%) / 3.16 (32%)
[18.098s][info][gc,mmu      ] GC(162) y: MMU: 2ms/99.0%, 5ms/99.5%, 10ms/99.7%, 20ms/99.7%, 50ms/99.8%, 100ms/99.9%
[18.098s][info][gc,marking  ] GC(162) y: Mark: 2 stripe(s), 2 proactive flush(es), 1 terminate flush(es), 0 completion(s), 0 continuation(s) 
[18.098s][info][gc,marking  ] GC(162) y: Mark Stack Usage: 32M
[18.098s][info][gc,nmethod  ] GC(162) y: NMethods: 1585 registered, 159 unregistered
[18.098s][info][gc,metaspace] GC(162) y: Metaspace: 9M used, 10M committed, 1088M reserved
[18.098s][info][gc,reloc    ] GC(162) y:                        Candidates     Selected     In-Place         Size        Empty    Relocated 
[18.098s][info][gc,reloc    ] GC(162) y: Small Pages:                    2            0            0           4M           2M           0M 
[18.098s][info][gc,reloc    ] GC(162) y: Medium Pages:                  28            0            0         896M         864M           0M 
[18.098s][info][gc,reloc    ] GC(162) y: Large Pages:                    0            0            0           0M           0M           0M 
[18.098s][info][gc,reloc    ] GC(162) y: Forwarding Usage: 0M
[18.098s][info][gc,reloc    ] GC(162) y: Age Table:
[18.098s][info][gc,reloc    ] GC(162) y:                    Live             Garbage             Small              Medium             Large        
[18.098s][info][gc,reloc    ] GC(162) y: Eden               0M (0%)          865M (85%)          1 / 0             27 / 0              0 / 0        
[18.098s][info][gc,reloc    ] GC(162) y: Survivor 1          -                34M (3%)           1 / 0              1 / 0              0 / 0        
[18.098s][info][gc,heap     ] GC(162) y: Min Capacity: 8M(1%)
[18.098s][info][gc,heap     ] GC(162) y: Max Capacity: 1024M(100%)
[18.098s][info][gc,heap     ] GC(162) y: Soft Max Capacity: 1024M(100%)
[18.098s][info][gc,heap     ] GC(162) y: Heap Statistics:
[18.098s][info][gc,heap     ] GC(162) y:                Mark Start          Mark End        Relocate Start      Relocate End           High               Low         
[18.098s][info][gc,heap     ] GC(162) y:  Capacity:     1024M (100%)       1024M (100%)       1024M (100%)       1024M (100%)       1024M (100%)       1024M (100%)   
[18.098s][info][gc,heap     ] GC(162) y:      Free:       84M (8%)           50M (5%)          916M (89%)         916M (89%)         916M (89%)          50M (5%)     
[18.098s][info][gc,heap     ] GC(162) y:      Used:      940M (92%)         974M (95%)         108M (11%)         108M (11%)         974M (95%)         108M (11%)    
[18.098s][info][gc,heap     ] GC(162) y: Young Generation Statistics:
[18.098s][info][gc,heap     ] GC(162) y:                Mark Start          Mark End        Relocate Start      Relocate End    
[18.098s][info][gc,heap     ] GC(162) y:      Used:      900M (88%)         934M (91%)          68M (7%)           68M (7%)     
[18.098s][info][gc,heap     ] GC(162) y:      Live:         -                 0M (0%)            0M (0%)            0M (0%)     
[18.098s][info][gc,heap     ] GC(162) y:   Garbage:         -               899M (88%)          33M (3%)           33M (3%)     
[18.098s][info][gc,heap     ] GC(162) y: Allocated:         -                34M (3%)           34M (3%)           34M (3%)     
[18.098s][info][gc,heap     ] GC(162) y: Reclaimed:         -                  -               866M (85%)         866M (85%)    
[18.098s][info][gc,heap     ] GC(162) y:  Promoted:         -                  -                 0M (0%)            0M (0%)     
[18.098s][info][gc,heap     ] GC(162) y: Compacted:         -                  -                  -                 0M (0%)     
[18.098s][info][gc,phases   ] GC(162) y: Young Generation 940M(92%)->108M(11%) 0.002s
[18.098s][info][gc          ] GC(162) Minor Collection (Allocation Rate) 940M(92%)->108M(11%) 0.003s
[18.169s][info][gc          ] GC(163) Minor Collection (Allocation Rate)
[18.169s][info][gc,task     ] GC(163) Using 3 Workers for Young Generation
[18.169s][info][gc,phases   ] GC(163) y: Young Generation
[18.169s][info][gc,phases   ] GC(163) y: Pause Mark Start 0.004ms
[18.170s][info][gc,phases   ] GC(163) y: Concurrent Mark 1.016ms
[18.170s][info][gc,phases   ] GC(163) y: Pause Mark End 0.005ms
[18.170s][info][gc,phases   ] GC(163) y: Concurrent Mark Free 0.000ms
[18.170s][info][gc,phases   ] GC(163) y: Concurrent Reset Relocation Set 0.000ms
[18.171s][info][gc,reloc    ] GC(163) y: Using tenuring threshold: 1 (Computed)
[18.171s][info][gc,phases   ] GC(163) y: Concurrent Select Relocation Set 1.066ms
[18.171s][info][gc,phases   ] GC(163) y: Pause Relocate Start 0.004ms
[18.171s][info][gc,phases   ] GC(163) y: Concurrent Relocate 0.048ms
[18.171s][info][gc,alloc    ] GC(163) y:                         Mark Start        Mark End      Relocate Start    Relocate End   
[18.171s][info][gc,alloc    ] GC(163) y: Allocation Stalls:          0                0                0                0         
[18.171s][info][gc,load     ] GC(163) y: Load: 3.18 (32%) / 3.07 (31%) / 3.16 (32%)
[18.171s][info][gc,mmu      ] GC(163) y: MMU: 2ms/99.0%, 5ms/99.5%, 10ms/99.7%, 20ms/99.7%, 50ms/99.8%, 100ms/99.9%
[18.171s][info][gc,marking  ] GC(163) y: Mark: 2 stripe(s), 2 proactive flush(es), 1 terminate flush(es), 0 completion(s), 0 continuation(s) 
[18.171s][info][gc,marking  ] GC(163) y: Mark Stack Usage: 32M
[18.171s][info][gc,nmethod  ] GC(163) y: NMethods: 1585 registered, 159 unregistered
[18.171s][info][gc,metaspace] GC(163) y: Metaspace: 9M used, 10M committed, 1088M reserved
[18.171s][info][gc,reloc    ] GC(163) y:                        Candidates     Selected     In-Place         Size        Empty    Relocated 
[18.171s][info][gc,reloc    ] GC(163) y: Small Pages:                    2            0            0           4M           2M           0M 
[18.171s][info][gc,reloc    ] GC(163) y: Medium Pages:                  28            0            0         896M         864M           0M 
[18.171s][info][gc,reloc    ] GC(163) y: Large Pages:                    0            0            0           0M           0M           0M 
[18.171s][info][gc,reloc    ] GC(163) y: Forwarding Usage: 0M
[18.171s][info][gc,reloc    ] GC(163) y: Age Table:
[18.171s][info][gc,reloc    ] GC(163) y:                    Live             Garbage             Small              Medium             Large        
[18.171s][info][gc,reloc    ] GC(163) y: Eden               0M (0%)          865M (84%)          1 / 0             27 / 0              0 / 0        
[18.171s][info][gc,reloc    ] GC(163) y: Survivor 1          -                34M (3%)           1 / 0              1 / 0              0 / 0        
[18.171s][info][gc,heap     ] GC(163) y: Min Capacity: 8M(1%)
[18.171s][info][gc,heap     ] GC(163) y: Max Capacity: 1024M(100%)
[18.171s][info][gc,heap     ] GC(163) y: Soft Max Capacity: 1024M(100%)
[18.171s][info][gc,heap     ] GC(163) y: Heap Statistics:
[18.171s][info][gc,heap     ] GC(163) y:                Mark Start          Mark End        Relocate Start      Relocate End           High               Low         
[18.171s][info][gc,heap     ] GC(163) y:  Capacity:     1024M (100%)       1024M (100%)       1024M (100%)       1024M (100%)       1024M (100%)       1024M (100%)   
[18.171s][info][gc,heap     ] GC(163) y:      Free:       84M (8%)           50M (5%)          916M (89%)         916M (89%)         916M (89%)          50M (5%)     
[18.171s][info][gc,heap     ] GC(163) y:      Used:      940M (92%)         974M (95%)         108M (11%)         108M (11%)         974M (95%)         108M (11%)    
[18.171s][info][gc,heap     ] GC(163) y: Young Generation Statistics:
[18.171s][info][gc,heap     ] GC(163) y:                Mark Start          Mark End        Relocate Start      Relocate End    
[18.171s][info][gc,heap     ] GC(163) y:      Used:      900M (88%)         934M (91%)          68M (7%)           68M (7%)     
[18.171s][info][gc,heap     ] GC(163) y:      Live:         -                 0M (0%)            0M (0%)            0M (0%)     
[18.171s][info][gc,heap     ] GC(163) y:   Garbage:         -               899M (88%)          33M (3%)           33M (3%)     
[18.171s][info][gc,heap     ] GC(163) y: Allocated:         -                34M (3%)           34M (3%)           34M (3%)     
[18.171s][info][gc,heap     ] GC(163) y: Reclaimed:         -                  -               866M (85%)         866M (85%)    
[18.171s][info][gc,heap     ] GC(163) y:  Promoted:         -                  -                 0M (0%)            0M (0%)     
[18.171s][info][gc,heap     ] GC(163) y: Compacted:         -                  -                  -                 0M (0%)     
[18.171s][info][gc,phases   ] GC(163) y: Young Generation 940M(92%)->108M(11%) 0.002s
[18.171s][info][gc          ] GC(163) Minor Collection (Allocation Rate) 940M(92%)->108M(11%) 0.003s
[18.239s][info][gc          ] GC(164) Minor Collection (Allocation Rate)
[18.239s][info][gc,task     ] GC(164) Using 2 Workers for Young Generation
[18.239s][info][gc,phases   ] GC(164) y: Young Generation
[18.239s][info][gc,phases   ] GC(164) y: Pause Mark Start 0.005ms
[18.241s][info][gc,phases   ] GC(164) y: Concurrent Mark 1.361ms
[18.241s][info][gc,phases   ] GC(164) y: Pause Mark End 0.010ms
[18.241s][info][gc,phases   ] GC(164) y: Concurrent Mark Free 0.000ms
[18.241s][info][gc,phases   ] GC(164) y: Concurrent Reset Relocation Set 0.000ms
[18.242s][info][gc,reloc    ] GC(164) y: Using tenuring threshold: 1 (Computed)
[18.242s][info][gc,phases   ] GC(164) y: Concurrent Select Relocation Set 1.052ms
[18.242s][info][gc,phases   ] GC(164) y: Pause Relocate Start 0.003ms
[18.242s][info][gc,phases   ] GC(164) y: Concurrent Relocate 0.020ms
[18.242s][info][gc,alloc    ] GC(164) y:                         Mark Start        Mark End      Relocate Start    Relocate End   
[18.242s][info][gc,alloc    ] GC(164) y: Allocation Stalls:          0                0                0                0         
[18.242s][info][gc,load     ] GC(164) y: Load: 3.18 (32%) / 3.07 (31%) / 3.16 (32%)
[18.242s][info][gc,mmu      ] GC(164) y: MMU: 2ms/99.0%, 5ms/99.5%, 10ms/99.7%, 20ms/99.7%, 50ms/99.8%, 100ms/99.9%
[18.242s][info][gc,marking  ] GC(164) y: Mark: 2 stripe(s), 2 proactive flush(es), 1 terminate flush(es), 0 completion(s), 0 continuation(s) 
[18.242s][info][gc,marking  ] GC(164) y: Mark Stack Usage: 32M
[18.242s][info][gc,nmethod  ] GC(164) y: NMethods: 1585 registered, 159 unregistered
[18.242s][info][gc,metaspace] GC(164) y: Metaspace: 9M used, 10M committed, 1088M reserved
[18.242s][info][gc,reloc    ] GC(164) y:                        Candidates     Selected     In-Place         Size        Empty    Relocated 
[18.242s][info][gc,reloc    ] GC(164) y: Small Pages:                    2            0            0           4M           2M           0M 
[18.242s][info][gc,reloc    ] GC(164) y: Medium Pages:                  27            0            0         864M         832M           0M 
[18.242s][info][gc,reloc    ] GC(164) y: Large Pages:                    0            0            0           0M           0M           0M 
[18.242s][info][gc,reloc    ] GC(164) y: Forwarding Usage: 0M
[18.242s][info][gc,reloc    ] GC(164) y: Age Table:
[18.242s][info][gc,reloc    ] GC(164) y:                    Live             Garbage             Small              Medium             Large        
[18.242s][info][gc,reloc    ] GC(164) y: Eden               0M (0%)          833M (81%)          1 / 0             26 / 0              0 / 0        
[18.242s][info][gc,reloc    ] GC(164) y: Survivor 1          -                34M (3%)           1 / 0              1 / 0              0 / 0        
[18.242s][info][gc,heap     ] GC(164) y: Min Capacity: 8M(1%)
[18.242s][info][gc,heap     ] GC(164) y: Max Capacity: 1024M(100%)
[18.242s][info][gc,heap     ] GC(164) y: Soft Max Capacity: 1024M(100%)
[18.242s][info][gc,heap     ] GC(164) y: Heap Statistics:
[18.242s][info][gc,heap     ] GC(164) y:                Mark Start          Mark End        Relocate Start      Relocate End           High               Low         
[18.242s][info][gc,heap     ] GC(164) y:  Capacity:     1024M (100%)       1024M (100%)       1024M (100%)       1024M (100%)       1024M (100%)       1024M (100%)   
[18.242s][info][gc,heap     ] GC(164) y:      Free:      116M (11%)          82M (8%)          916M (89%)         916M (89%)         916M (89%)          82M (8%)     
[18.242s][info][gc,heap     ] GC(164) y:      Used:      908M (89%)         942M (92%)         108M (11%)         108M (11%)         942M (92%)         108M (11%)    
[18.242s][info][gc,heap     ] GC(164) y: Young Generation Statistics:
[18.242s][info][gc,heap     ] GC(164) y:                Mark Start          Mark End        Relocate Start      Relocate End    
[18.242s][info][gc,heap     ] GC(164) y:      Used:      868M (85%)         902M (88%)          68M (7%)           68M (7%)     
[18.242s][info][gc,heap     ] GC(164) y:      Live:         -                 0M (0%)            0M (0%)            0M (0%)     
[18.242s][info][gc,heap     ] GC(164) y:   Garbage:         -               867M (85%)          33M (3%)           33M (3%)     
[18.242s][info][gc,heap     ] GC(164) y: Allocated:         -                34M (3%)           34M (3%)           34M (3%)     
[18.242s][info][gc,heap     ] GC(164) y: Reclaimed:         -                  -               834M (81%)         834M (81%)    
[18.242s][info][gc,heap     ] GC(164) y:  Promoted:         -                  -                 0M (0%)            0M (0%)     
[18.242s][info][gc,heap     ] GC(164) y: Compacted:         -                  -                  -                 0M (0%)     
[18.242s][info][gc,phases   ] GC(164) y: Young Generation 908M(89%)->108M(11%) 0.003s
[18.242s][info][gc          ] GC(164) Minor Collection (Allocation Rate) 908M(89%)->108M(11%) 0.003s
[18.309s][info][gc          ] GC(165) Minor Collection (Allocation Rate)
[18.309s][info][gc,task     ] GC(165) Using 2 Workers for Young Generation
[18.309s][info][gc,phases   ] GC(165) y: Young Generation
[18.310s][info][gc,phases   ] GC(165) y: Pause Mark Start 0.004ms
[18.311s][info][gc,phases   ] GC(165) y: Concurrent Mark 1.256ms
[18.311s][info][gc,phases   ] GC(165) y: Pause Mark End 0.005ms
[18.311s][info][gc,phases   ] GC(165) y: Concurrent Mark Free 0.000ms
[18.311s][info][gc,phases   ] GC(165) y: Concurrent Reset Relocation Set 0.000ms
[18.312s][info][gc,reloc    ] GC(165) y: Using tenuring threshold: 1 (Computed)
[18.312s][info][gc,phases   ] GC(165) y: Concurrent Select Relocation Set 1.028ms
[18.312s][info][gc,phases   ] GC(165) y: Pause Relocate Start 0.003ms
[18.312s][info][gc,phases   ] GC(165) y: Concurrent Relocate 0.017ms
[18.312s][info][gc,alloc    ] GC(165) y:                         Mark Start        Mark End      Relocate Start    Relocate End   
[18.312s][info][gc,alloc    ] GC(165) y: Allocation Stalls:          0                0                0                0         
[18.312s][info][gc,load     ] GC(165) y: Load: 3.18 (32%) / 3.07 (31%) / 3.16 (32%)
[18.312s][info][gc,mmu      ] GC(165) y: MMU: 2ms/99.0%, 5ms/99.5%, 10ms/99.7%, 20ms/99.7%, 50ms/99.8%, 100ms/99.9%
[18.312s][info][gc,marking  ] GC(165) y: Mark: 2 stripe(s), 2 proactive flush(es), 1 terminate flush(es), 0 completion(s), 0 continuation(s) 
[18.312s][info][gc,marking  ] GC(165) y: Mark Stack Usage: 32M
[18.312s][info][gc,nmethod  ] GC(165) y: NMethods: 1585 registered, 159 unregistered
[18.312s][info][gc,metaspace] GC(165) y: Metaspace: 9M used, 10M committed, 1088M reserved
[18.312s][info][gc,reloc    ] GC(165) y:                        Candidates     Selected     In-Place         Size        Empty    Relocated 
[18.312s][info][gc,reloc    ] GC(165) y: Small Pages:                    2            0            0           4M           2M           0M 
[18.312s][info][gc,reloc    ] GC(165) y: Medium Pages:                  27            0            0         864M         832M           0M 
[18.312s][info][gc,reloc    ] GC(165) y: Large Pages:                    0            0            0           0M           0M           0M 
[18.312s][info][gc,reloc    ] GC(165) y: Forwarding Usage: 0M
[18.312s][info][gc,reloc    ] GC(165) y: Age Table:
[18.312s][info][gc,reloc    ] GC(165) y:                    Live             Garbage             Small              Medium             Large        
[18.312s][info][gc,reloc    ] GC(165) y: Eden               0M (0%)          833M (81%)          1 / 0             26 / 0              0 / 0        
[18.312s][info][gc,reloc    ] GC(165) y: Survivor 1          -                34M (3%)           1 / 0              1 / 0              0 / 0        
[18.312s][info][gc,heap     ] GC(165) y: Min Capacity: 8M(1%)
[18.312s][info][gc,heap     ] GC(165) y: Max Capacity: 1024M(100%)
[18.312s][info][gc,heap     ] GC(165) y: Soft Max Capacity: 1024M(100%)
[18.312s][info][gc,heap     ] GC(165) y: Heap Statistics:
[18.312s][info][gc,heap     ] GC(165) y:                Mark Start          Mark End        Relocate Start      Relocate End           High               Low         
[18.312s][info][gc,heap     ] GC(165) y:  Capacity:     1024M (100%)       1024M (100%)       1024M (100%)       1024M (100%)       1024M (100%)       1024M (100%)   
[18.312s][info][gc,heap     ] GC(165) y:      Free:      116M (11%)          82M (8%)          916M (89%)         916M (89%)         916M (89%)          82M (8%)     
[18.312s][info][gc,heap     ] GC(165) y:      Used:      908M (89%)         942M (92%)         108M (11%)         108M (11%)         942M (92%)         108M (11%)    
[18.312s][info][gc,heap     ] GC(165) y: Young Generation Statistics:
[18.312s][info][gc,heap     ] GC(165) y:                Mark Start          Mark End        Relocate Start      Relocate End    
[18.312s][info][gc,heap     ] GC(165) y:      Used:      868M (85%)         902M (88%)          68M (7%)           68M (7%)     
[18.312s][info][gc,heap     ] GC(165) y:      Live:         -                 0M (0%)            0M (0%)            0M (0%)     
[18.312s][info][gc,heap     ] GC(165) y:   Garbage:         -               867M (85%)          33M (3%)           33M (3%)     
[18.312s][info][gc,heap     ] GC(165) y: Allocated:         -                34M (3%)           34M (3%)           34M (3%)     
[18.312s][info][gc,heap     ] GC(165) y: Reclaimed:         -                  -               834M (81%)         834M (81%)    
[18.312s][info][gc,heap     ] GC(165) y:  Promoted:         -                  -                 0M (0%)            0M (0%)     
[18.312s][info][gc,heap     ] GC(165) y: Compacted:         -                  -                  -                 0M (0%)     
[18.312s][info][gc,phases   ] GC(165) y: Young Generation 908M(89%)->108M(11%) 0.003s
[18.312s][info][gc          ] GC(165) Minor Collection (Allocation Rate) 908M(89%)->108M(11%) 0.003s
[18.382s][info][gc          ] GC(166) Minor Collection (Allocation Rate)
[18.382s][info][gc,task     ] GC(166) Using 3 Workers for Young Generation
[18.383s][info][gc,phases   ] GC(166) y: Young Generation
[18.383s][info][gc,phases   ] GC(166) y: Pause Mark Start 0.005ms
[18.383s][info][gc,phases   ] GC(166) y: Concurrent Mark 0.875ms
[18.384s][info][gc,phases   ] GC(166) y: Pause Mark End 0.004ms
[18.384s][info][gc,phases   ] GC(166) y: Concurrent Mark Free 0.000ms
[18.384s][info][gc,phases   ] GC(166) y: Concurrent Reset Relocation Set 0.000ms
[18.385s][info][gc,reloc    ] GC(166) y: Using tenuring threshold: 1 (Computed)
[18.385s][info][gc,phases   ] GC(166) y: Concurrent Select Relocation Set 1.142ms
[18.385s][info][gc,phases   ] GC(166) y: Pause Relocate Start 0.004ms
[18.385s][info][gc,phases   ] GC(166) y: Concurrent Relocate 0.033ms
[18.385s][info][gc,alloc    ] GC(166) y:                         Mark Start        Mark End      Relocate Start    Relocate End   
[18.385s][info][gc,alloc    ] GC(166) y: Allocation Stalls:          0                0                0                0         
[18.385s][info][gc,load     ] GC(166) y: Load: 3.18 (32%) / 3.07 (31%) / 3.16 (32%)
[18.385s][info][gc,mmu      ] GC(166) y: MMU: 2ms/99.0%, 5ms/99.5%, 10ms/99.7%, 20ms/99.7%, 50ms/99.8%, 100ms/99.9%
[18.385s][info][gc,marking  ] GC(166) y: Mark: 2 stripe(s), 2 proactive flush(es), 1 terminate flush(es), 0 completion(s), 0 continuation(s) 
[18.385s][info][gc,marking  ] GC(166) y: Mark Stack Usage: 32M
[18.385s][info][gc,nmethod  ] GC(166) y: NMethods: 1585 registered, 159 unregistered
[18.385s][info][gc,metaspace] GC(166) y: Metaspace: 9M used, 10M committed, 1088M reserved
[18.385s][info][gc,reloc    ] GC(166) y:                        Candidates     Selected     In-Place         Size        Empty    Relocated 
[18.385s][info][gc,reloc    ] GC(166) y: Small Pages:                    2            0            0           4M           2M           0M 
[18.385s][info][gc,reloc    ] GC(166) y: Medium Pages:                  28            0            0         896M         864M           0M 
[18.385s][info][gc,reloc    ] GC(166) y: Large Pages:                    0            0            0           0M           0M           0M 
[18.385s][info][gc,reloc    ] GC(166) y: Forwarding Usage: 0M
[18.385s][info][gc,reloc    ] GC(166) y: Age Table:
[18.385s][info][gc,reloc    ] GC(166) y:                    Live             Garbage             Small              Medium             Large        
[18.385s][info][gc,reloc    ] GC(166) y: Eden               0M (0%)          865M (85%)          1 / 0             27 / 0              0 / 0        
[18.385s][info][gc,reloc    ] GC(166) y: Survivor 1          -                34M (3%)           1 / 0              1 / 0              0 / 0        
[18.385s][info][gc,heap     ] GC(166) y: Min Capacity: 8M(1%)
[18.385s][info][gc,heap     ] GC(166) y: Max Capacity: 1024M(100%)
[18.385s][info][gc,heap     ] GC(166) y: Soft Max Capacity: 1024M(100%)
[18.385s][info][gc,heap     ] GC(166) y: Heap Statistics:
[18.385s][info][gc,heap     ] GC(166) y:                Mark Start          Mark End        Relocate Start      Relocate End           High               Low         
[18.385s][info][gc,heap     ] GC(166) y:  Capacity:     1024M (100%)       1024M (100%)       1024M (100%)       1024M (100%)       1024M (100%)       1024M (100%)   
[18.385s][info][gc,heap     ] GC(166) y:      Free:       84M (8%)           50M (5%)          916M (89%)         916M (89%)         916M (89%)          50M (5%)     
[18.385s][info][gc,heap     ] GC(166) y:      Used:      940M (92%)         974M (95%)         108M (11%)         108M (11%)         974M (95%)         108M (11%)    
[18.385s][info][gc,heap     ] GC(166) y: Young Generation Statistics:
[18.385s][info][gc,heap     ] GC(166) y:                Mark Start          Mark End        Relocate Start      Relocate End    
[18.385s][info][gc,heap     ] GC(166) y:      Used:      900M (88%)         934M (91%)          68M (7%)           68M (7%)     
[18.385s][info][gc,heap     ] GC(166) y:      Live:         -                 0M (0%)            0M (0%)            0M (0%)     
[18.385s][info][gc,heap     ] GC(166) y:   Garbage:         -               899M (88%)          33M (3%)           33M (3%)     
[18.385s][info][gc,heap     ] GC(166) y: Allocated:         -                34M (3%)           34M (3%)           34M (3%)     
[18.385s][info][gc,heap     ] GC(166) y: Reclaimed:         -                  -               866M (85%)         866M (85%)    
[18.385s][info][gc,heap     ] GC(166) y:  Promoted:         -                  -                 0M (0%)            0M (0%)     
[18.385s][info][gc,heap     ] GC(166) y: Compacted:         -                  -                  -                 0M (0%)     
[18.385s][info][gc,phases   ] GC(166) y: Young Generation 940M(92%)->108M(11%) 0.002s
[18.385s][info][gc          ] GC(166) Minor Collection (Allocation Rate) 940M(92%)->108M(11%) 0.003s
[18.453s][info][gc          ] GC(167) Minor Collection (Allocation Rate)
[18.453s][info][gc,task     ] GC(167) Using 2 Workers for Young Generation
[18.453s][info][gc,phases   ] GC(167) y: Young Generation
[18.453s][info][gc,phases   ] GC(167) y: Pause Mark Start 0.004ms
[18.454s][info][gc,phases   ] GC(167) y: Concurrent Mark 1.273ms
[18.454s][info][gc,phases   ] GC(167) y: Pause Mark End 0.006ms
[18.454s][info][gc,phases   ] GC(167) y: Concurrent Mark Free 0.000ms
[18.454s][info][gc,phases   ] GC(167) y: Concurrent Reset Relocation Set 0.000ms
[18.455s][info][gc,reloc    ] GC(167) y: Using tenuring threshold: 1 (Computed)
[18.455s][info][gc,phases   ] GC(167) y: Concurrent Select Relocation Set 1.042ms
[18.455s][info][gc,phases   ] GC(167) y: Pause Relocate Start 0.005ms
[18.455s][info][gc,phases   ] GC(167) y: Concurrent Relocate 0.020ms
[18.455s][info][gc,alloc    ] GC(167) y:                         Mark Start        Mark End      Relocate Start    Relocate End   
[18.455s][info][gc,alloc    ] GC(167) y: Allocation Stalls:          0                0                0                0         
[18.455s][info][gc,load     ] GC(167) y: Load: 3.18 (32%) / 3.07 (31%) / 3.16 (32%)
[18.455s][info][gc,mmu      ] GC(167) y: MMU: 2ms/99.0%, 5ms/99.5%, 10ms/99.7%, 20ms/99.7%, 50ms/99.8%, 100ms/99.9%
[18.455s][info][gc,marking  ] GC(167) y: Mark: 2 stripe(s), 2 proactive flush(es), 1 terminate flush(es), 0 completion(s), 0 continuation(s) 
[18.455s][info][gc,marking  ] GC(167) y: Mark Stack Usage: 32M
[18.455s][info][gc,nmethod  ] GC(167) y: NMethods: 1585 registered, 159 unregistered
[18.455s][info][gc,metaspace] GC(167) y: Metaspace: 9M used, 10M committed, 1088M reserved
[18.455s][info][gc,reloc    ] GC(167) y:                        Candidates     Selected     In-Place         Size        Empty    Relocated 
[18.455s][info][gc,reloc    ] GC(167) y: Small Pages:                    2            0            0           4M           2M           0M 
[18.455s][info][gc,reloc    ] GC(167) y: Medium Pages:                  27            0            0         864M         832M           0M 
[18.455s][info][gc,reloc    ] GC(167) y: Large Pages:                    0            0            0           0M           0M           0M 
[18.455s][info][gc,reloc    ] GC(167) y: Forwarding Usage: 0M
[18.455s][info][gc,reloc    ] GC(167) y: Age Table:
[18.455s][info][gc,reloc    ] GC(167) y:                    Live             Garbage             Small              Medium             Large        
[18.455s][info][gc,reloc    ] GC(167) y: Eden               0M (0%)          833M (81%)          1 / 0             26 / 0              0 / 0        
[18.455s][info][gc,reloc    ] GC(167) y: Survivor 1          -                34M (3%)           1 / 0              1 / 0              0 / 0        
[18.455s][info][gc,heap     ] GC(167) y: Min Capacity: 8M(1%)
[18.455s][info][gc,heap     ] GC(167) y: Max Capacity: 1024M(100%)
[18.455s][info][gc,heap     ] GC(167) y: Soft Max Capacity: 1024M(100%)
[18.455s][info][gc,heap     ] GC(167) y: Heap Statistics:
[18.455s][info][gc,heap     ] GC(167) y:                Mark Start          Mark End        Relocate Start      Relocate End           High               Low         
[18.455s][info][gc,heap     ] GC(167) y:  Capacity:     1024M (100%)       1024M (100%)       1024M (100%)       1024M (100%)       1024M (100%)       1024M (100%)   
[18.455s][info][gc,heap     ] GC(167) y:      Free:      116M (11%)          82M (8%)          916M (89%)         916M (89%)         916M (89%)          82M (8%)     
[18.455s][info][gc,heap     ] GC(167) y:      Used:      908M (89%)         942M (92%)         108M (11%)         108M (11%)         942M (92%)         108M (11%)    
[18.455s][info][gc,heap     ] GC(167) y: Young Generation Statistics:
[18.455s][info][gc,heap     ] GC(167) y:                Mark Start          Mark End        Relocate Start      Relocate End    
[18.455s][info][gc,heap     ] GC(167) y:      Used:      868M (85%)         902M (88%)          68M (7%)           68M (7%)     
[18.455s][info][gc,heap     ] GC(167) y:      Live:         -                 0M (0%)            0M (0%)            0M (0%)     
[18.455s][info][gc,heap     ] GC(167) y:   Garbage:         -               867M (85%)          33M (3%)           33M (3%)     
[18.455s][info][gc,heap     ] GC(167) y: Allocated:         -                34M (3%)           34M (3%)           34M (3%)     
[18.455s][info][gc,heap     ] GC(167) y: Reclaimed:         -                  -               834M (81%)         834M (81%)    
[18.455s][info][gc,heap     ] GC(167) y:  Promoted:         -                  -                 0M (0%)            0M (0%)     
[18.455s][info][gc,heap     ] GC(167) y: Compacted:         -                  -                  -                 0M (0%)     
[18.455s][info][gc,phases   ] GC(167) y: Young Generation 908M(89%)->108M(11%) 0.003s
[18.456s][info][gc          ] GC(167) Minor Collection (Allocation Rate) 908M(89%)->108M(11%) 0.003s
[18.526s][info][gc          ] GC(168) Minor Collection (Allocation Rate)
[18.526s][info][gc,task     ] GC(168) Using 3 Workers for Young Generation
[18.526s][info][gc,phases   ] GC(168) y: Young Generation
[18.526s][info][gc,phases   ] GC(168) y: Pause Mark Start 0.004ms
[18.527s][info][gc,phases   ] GC(168) y: Concurrent Mark 0.834ms
[18.527s][info][gc,phases   ] GC(168) y: Pause Mark End 0.004ms
[18.527s][info][gc,phases   ] GC(168) y: Concurrent Mark Free 0.000ms
[18.527s][info][gc,phases   ] GC(168) y: Concurrent Reset Relocation Set 0.000ms
[18.528s][info][gc,reloc    ] GC(168) y: Using tenuring threshold: 1 (Computed)
[18.528s][info][gc,phases   ] GC(168) y: Concurrent Select Relocation Set 1.057ms
[18.528s][info][gc,phases   ] GC(168) y: Pause Relocate Start 0.003ms
[18.528s][info][gc,phases   ] GC(168) y: Concurrent Relocate 0.035ms
[18.528s][info][gc,alloc    ] GC(168) y:                         Mark Start        Mark End      Relocate Start    Relocate End   
[18.528s][info][gc,alloc    ] GC(168) y: Allocation Stalls:          0                0                0                0         
[18.528s][info][gc,load     ] GC(168) y: Load: 3.00 (30%) / 3.04 (30%) / 3.14 (31%)
[18.528s][info][gc,mmu      ] GC(168) y: MMU: 2ms/99.0%, 5ms/99.5%, 10ms/99.7%, 20ms/99.7%, 50ms/99.8%, 100ms/99.9%
[18.528s][info][gc,marking  ] GC(168) y: Mark: 2 stripe(s), 2 proactive flush(es), 1 terminate flush(es), 0 completion(s), 0 continuation(s) 
[18.528s][info][gc,marking  ] GC(168) y: Mark Stack Usage: 32M
[18.528s][info][gc,nmethod  ] GC(168) y: NMethods: 1585 registered, 159 unregistered
[18.528s][info][gc,metaspace] GC(168) y: Metaspace: 9M used, 10M committed, 1088M reserved
[18.528s][info][gc,reloc    ] GC(168) y:                        Candidates     Selected     In-Place         Size        Empty    Relocated 
[18.528s][info][gc,reloc    ] GC(168) y: Small Pages:                    2            0            0           4M           2M           0M 
[18.528s][info][gc,reloc    ] GC(168) y: Medium Pages:                  28            0            0         896M         864M           0M 
[18.528s][info][gc,reloc    ] GC(168) y: Large Pages:                    0            0            0           0M           0M           0M 
[18.528s][info][gc,reloc    ] GC(168) y: Forwarding Usage: 0M
[18.528s][info][gc,reloc    ] GC(168) y: Age Table:
[18.528s][info][gc,reloc    ] GC(168) y:                    Live             Garbage             Small              Medium             Large        
[18.528s][info][gc,reloc    ] GC(168) y: Eden               0M (0%)          865M (84%)          1 / 0             27 / 0              0 / 0        
[18.528s][info][gc,reloc    ] GC(168) y: Survivor 1          -                34M (3%)           1 / 0              1 / 0              0 / 0        
[18.528s][info][gc,heap     ] GC(168) y: Min Capacity: 8M(1%)
[18.528s][info][gc,heap     ] GC(168) y: Max Capacity: 1024M(100%)
[18.528s][info][gc,heap     ] GC(168) y: Soft Max Capacity: 1024M(100%)
[18.528s][info][gc,heap     ] GC(168) y: Heap Statistics:
[18.528s][info][gc,heap     ] GC(168) y:                Mark Start          Mark End        Relocate Start      Relocate End           High               Low         
[18.528s][info][gc,heap     ] GC(168) y:  Capacity:     1024M (100%)       1024M (100%)       1024M (100%)       1024M (100%)       1024M (100%)       1024M (100%)   
[18.528s][info][gc,heap     ] GC(168) y:      Free:       84M (8%)           50M (5%)          916M (89%)         916M (89%)         916M (89%)          50M (5%)     
[18.528s][info][gc,heap     ] GC(168) y:      Used:      940M (92%)         974M (95%)         108M (11%)         108M (11%)         974M (95%)         108M (11%)    
[18.528s][info][gc,heap     ] GC(168) y: Young Generation Statistics:
[18.528s][info][gc,heap     ] GC(168) y:                Mark Start          Mark End        Relocate Start      Relocate End    
[18.528s][info][gc,heap     ] GC(168) y:      Used:      900M (88%)         934M (91%)          68M (7%)           68M (7%)     
[18.528s][info][gc,heap     ] GC(168) y:      Live:         -                 0M (0%)            0M (0%)            0M (0%)     
[18.528s][info][gc,heap     ] GC(168) y:   Garbage:         -               899M (88%)          33M (3%)           33M (3%)     
[18.528s][info][gc,heap     ] GC(168) y: Allocated:         -                34M (3%)           34M (3%)           34M (3%)     
[18.528s][info][gc,heap     ] GC(168) y: Reclaimed:         -                  -               866M (85%)         866M (85%)    
[18.528s][info][gc,heap     ] GC(168) y:  Promoted:         -                  -                 0M (0%)            0M (0%)     
[18.528s][info][gc,heap     ] GC(168) y: Compacted:         -                  -                  -                 0M (0%)     
[18.528s][info][gc,phases   ] GC(168) y: Young Generation 940M(92%)->108M(11%) 0.002s
[18.528s][info][gc          ] GC(168) Minor Collection (Allocation Rate) 940M(92%)->108M(11%) 0.002s
[18.599s][info][gc          ] GC(169) Minor Collection (Allocation Rate)
[18.599s][info][gc,task     ] GC(169) Using 3 Workers for Young Generation
[18.599s][info][gc,phases   ] GC(169) y: Young Generation
[18.599s][info][gc,phases   ] GC(169) y: Pause Mark Start 0.005ms
[18.600s][info][gc,phases   ] GC(169) y: Concurrent Mark 0.839ms
[18.600s][info][gc,phases   ] GC(169) y: Pause Mark End 0.005ms
[18.600s][info][gc,phases   ] GC(169) y: Concurrent Mark Free 0.000ms
[18.600s][info][gc,phases   ] GC(169) y: Concurrent Reset Relocation Set 0.000ms
[18.601s][info][gc,reloc    ] GC(169) y: Using tenuring threshold: 1 (Computed)
[18.601s][info][gc,phases   ] GC(169) y: Concurrent Select Relocation Set 1.079ms
[18.601s][info][gc,phases   ] GC(169) y: Pause Relocate Start 0.004ms
[18.601s][info][gc,phases   ] GC(169) y: Concurrent Relocate 0.028ms
[18.601s][info][gc,alloc    ] GC(169) y:                         Mark Start        Mark End      Relocate Start    Relocate End   
[18.601s][info][gc,alloc    ] GC(169) y: Allocation Stalls:          0                0                0                0         
[18.601s][info][gc,load     ] GC(169) y: Load: 3.00 (30%) / 3.04 (30%) / 3.14 (31%)
[18.601s][info][gc,mmu      ] GC(169) y: MMU: 2ms/99.0%, 5ms/99.5%, 10ms/99.7%, 20ms/99.7%, 50ms/99.8%, 100ms/99.9%
[18.601s][info][gc,marking  ] GC(169) y: Mark: 2 stripe(s), 2 proactive flush(es), 1 terminate flush(es), 0 completion(s), 0 continuation(s) 
[18.601s][info][gc,marking  ] GC(169) y: Mark Stack Usage: 32M
[18.601s][info][gc,nmethod  ] GC(169) y: NMethods: 1585 registered, 159 unregistered
[18.601s][info][gc,metaspace] GC(169) y: Metaspace: 9M used, 10M committed, 1088M reserved
[18.601s][info][gc,reloc    ] GC(169) y:                        Candidates     Selected     In-Place         Size        Empty    Relocated 
[18.601s][info][gc,reloc    ] GC(169) y: Small Pages:                    2            0            0           4M           2M           0M 
[18.601s][info][gc,reloc    ] GC(169) y: Medium Pages:                  28            0            0         896M         864M           0M 
[18.601s][info][gc,reloc    ] GC(169) y: Large Pages:                    0            0            0           0M           0M           0M 
[18.601s][info][gc,reloc    ] GC(169) y: Forwarding Usage: 0M
[18.601s][info][gc,reloc    ] GC(169) y: Age Table:
[18.601s][info][gc,reloc    ] GC(169) y:                    Live             Garbage             Small              Medium             Large        
[18.601s][info][gc,reloc    ] GC(169) y: Eden               0M (0%)          865M (85%)          1 / 0             27 / 0              0 / 0        
[18.601s][info][gc,reloc    ] GC(169) y: Survivor 1          -                34M (3%)           1 / 0              1 / 0              0 / 0        
[18.601s][info][gc,heap     ] GC(169) y: Min Capacity: 8M(1%)
[18.601s][info][gc,heap     ] GC(169) y: Max Capacity: 1024M(100%)
[18.601s][info][gc,heap     ] GC(169) y: Soft Max Capacity: 1024M(100%)
[18.601s][info][gc,heap     ] GC(169) y: Heap Statistics:
[18.601s][info][gc,heap     ] GC(169) y:                Mark Start          Mark End        Relocate Start      Relocate End           High               Low         
[18.601s][info][gc,heap     ] GC(169) y:  Capacity:     1024M (100%)       1024M (100%)       1024M (100%)       1024M (100%)       1024M (100%)       1024M (100%)   
[18.601s][info][gc,heap     ] GC(169) y:      Free:       84M (8%)           50M (5%)          916M (89%)         916M (89%)         916M (89%)          50M (5%)     
[18.601s][info][gc,heap     ] GC(169) y:      Used:      940M (92%)         974M (95%)         108M (11%)         108M (11%)         974M (95%)         108M (11%)    
[18.601s][info][gc,heap     ] GC(169) y: Young Generation Statistics:
[18.601s][info][gc,heap     ] GC(169) y:                Mark Start          Mark End        Relocate Start      Relocate End    
[18.601s][info][gc,heap     ] GC(169) y:      Used:      900M (88%)         934M (91%)          68M (7%)           68M (7%)     
[18.601s][info][gc,heap     ] GC(169) y:      Live:         -                 0M (0%)            0M (0%)            0M (0%)     
[18.601s][info][gc,heap     ] GC(169) y:   Garbage:         -               899M (88%)          33M (3%)           33M (3%)     
[18.601s][info][gc,heap     ] GC(169) y: Allocated:         -                34M (3%)           34M (3%)           34M (3%)     
[18.601s][info][gc,heap     ] GC(169) y: Reclaimed:         -                  -               866M (85%)         866M (85%)    
[18.601s][info][gc,heap     ] GC(169) y:  Promoted:         -                  -                 0M (0%)            0M (0%)     
[18.601s][info][gc,heap     ] GC(169) y: Compacted:         -                  -                  -                 0M (0%)     
[18.601s][info][gc,phases   ] GC(169) y: Young Generation 940M(92%)->108M(11%) 0.002s
[18.601s][info][gc          ] GC(169) Minor Collection (Allocation Rate) 940M(92%)->108M(11%) 0.002s
[18.633s][info][gc          ] GC(170) Major Collection (Proactive)
[18.633s][info][gc,task     ] GC(170) Using 1 Workers for Young Generation
[18.633s][info][gc,task     ] GC(170) Using 1 Workers for Old Generation
[18.633s][info][gc,phases   ] GC(170) Y: Young Generation
[18.633s][info][gc,phases   ] GC(170) Y: Pause Mark Start (Major) 0.008ms
[18.635s][info][gc,phases   ] GC(170) Y: Concurrent Mark 1.706ms
[18.635s][info][gc,phases   ] GC(170) Y: Pause Mark End 0.006ms
[18.635s][info][gc,phases   ] GC(170) Y: Concurrent Mark Free 0.000ms
[18.635s][info][gc,phases   ] GC(170) Y: Concurrent Reset Relocation Set 0.000ms
[18.636s][info][gc,reloc    ] GC(170) Y: Using tenuring threshold: 1 (Computed)
[18.636s][info][gc,phases   ] GC(170) Y: Concurrent Select Relocation Set 1.025ms
[18.636s][info][gc,phases   ] GC(170) Y: Pause Relocate Start 0.003ms
[18.636s][info][gc,phases   ] GC(170) Y: Concurrent Relocate 0.012ms
[18.636s][info][gc,alloc    ] GC(170) Y:                         Mark Start        Mark End      Relocate Start    Relocate End   
[18.636s][info][gc,alloc    ] GC(170) Y: Allocation Stalls:          0                0                0                0         
[18.636s][info][gc,load     ] GC(170) Y: Load: 3.00 (30%) / 3.04 (30%) / 3.14 (31%)
[18.636s][info][gc,mmu      ] GC(170) Y: MMU: 2ms/99.0%, 5ms/99.5%, 10ms/99.7%, 20ms/99.7%, 50ms/99.8%, 100ms/99.9%
[18.636s][info][gc,marking  ] GC(170) Y: Mark: 1 stripe(s), 2 proactive flush(es), 1 terminate flush(es), 0 completion(s), 0 continuation(s) 
[18.636s][info][gc,marking  ] GC(170) Y: Mark Stack Usage: 32M
[18.636s][info][gc,nmethod  ] GC(170) Y: NMethods: 1585 registered, 159 unregistered
[18.636s][info][gc,metaspace] GC(170) Y: Metaspace: 9M used, 10M committed, 1088M reserved
[18.636s][info][gc,reloc    ] GC(170) Y:                        Candidates     Selected     In-Place         Size        Empty    Relocated 
[18.636s][info][gc,reloc    ] GC(170) Y: Small Pages:                    2            0            0           4M           2M           0M 
[18.636s][info][gc,reloc    ] GC(170) Y: Medium Pages:                  14            0            0         448M         416M           0M 
[18.636s][info][gc,reloc    ] GC(170) Y: Large Pages:                    0            0            0           0M           0M           0M 
[18.636s][info][gc,reloc    ] GC(170) Y: Forwarding Usage: 0M
[18.636s][info][gc,reloc    ] GC(170) Y: Age Table:
[18.636s][info][gc,reloc    ] GC(170) Y:                    Live             Garbage             Small              Medium             Large        
[18.636s][info][gc,reloc    ] GC(170) Y: Eden               0M (0%)          417M (41%)          1 / 0             13 / 0              0 / 0        
[18.636s][info][gc,reloc    ] GC(170) Y: Survivor 1          -                34M (3%)           1 / 0              1 / 0              0 / 0        
[18.636s][info][gc,heap     ] GC(170) Y: Min Capacity: 8M(1%)
[18.636s][info][gc,heap     ] GC(170) Y: Max Capacity: 1024M(100%)
[18.636s][info][gc,heap     ] GC(170) Y: Soft Max Capacity: 1024M(100%)
[18.636s][info][gc,heap     ] GC(170) Y: Heap Statistics:
[18.636s][info][gc,heap     ] GC(170) Y:                Mark Start          Mark End        Relocate Start      Relocate End           High               Low         
[18.636s][info][gc,heap     ] GC(170) Y:  Capacity:     1024M (100%)       1024M (100%)       1024M (100%)       1024M (100%)       1024M (100%)       1024M (100%)   
[18.636s][info][gc,heap     ] GC(170) Y:      Free:      532M (52%)         498M (49%)         916M (89%)         916M (89%)         916M (89%)         498M (49%)    
[18.636s][info][gc,heap     ] GC(170) Y:      Used:      492M (48%)         526M (51%)         108M (11%)         108M (11%)         526M (51%)         108M (11%)    
[18.636s][info][gc,heap     ] GC(170) Y: Young Generation Statistics:
[18.636s][info][gc,heap     ] GC(170) Y:                Mark Start          Mark End        Relocate Start      Relocate End    
[18.636s][info][gc,heap     ] GC(170) Y:      Used:      452M (44%)         486M (47%)          68M (7%)           68M (7%)     
[18.636s][info][gc,heap     ] GC(170) Y:      Live:         -                 0M (0%)            0M (0%)            0M (0%)     
[18.636s][info][gc,heap     ] GC(170) Y:   Garbage:         -               451M (44%)          33M (3%)           33M (3%)     
[18.636s][info][gc,heap     ] GC(170) Y: Allocated:         -                34M (3%)           34M (3%)           34M (3%)     
[18.636s][info][gc,heap     ] GC(170) Y: Reclaimed:         -                  -               418M (41%)         418M (41%)    
[18.636s][info][gc,heap     ] GC(170) Y:  Promoted:         -                  -                 0M (0%)            0M (0%)     
[18.636s][info][gc,heap     ] GC(170) Y: Compacted:         -                  -                  -                 0M (0%)     
[18.636s][info][gc,phases   ] GC(170) Y: Young Generation 492M(48%)->108M(11%) 0.003s
[18.636s][info][gc,phases   ] GC(170) O: Old Generation
[18.641s][info][gc,phases   ] GC(170) O: Concurrent Mark 5.359ms
[18.641s][info][gc,phases   ] GC(170) O: Pause Mark End 0.010ms
[18.641s][info][gc,phases   ] GC(170) O: Concurrent Mark Free 0.000ms
[18.644s][info][gc,phases   ] GC(170) O: Concurrent Process Non-Strong 2.378ms
[18.644s][info][gc,phases   ] GC(170) O: Concurrent Reset Relocation Set 0.001ms
[18.645s][info][gc,phases   ] GC(170) O: Concurrent Select Relocation Set 1.001ms
[18.645s][info][gc,task     ] GC(170) O: Using 2 Workers for Old Generation
[18.649s][info][gc,task     ] GC(170) O: Using 1 Workers for Old Generation
[18.649s][info][gc,phases   ] GC(170) O: Concurrent Remap Roots 4.060ms
[18.649s][info][gc,phases   ] GC(170) O: Pause Relocate Start 0.007ms
[18.650s][info][gc,phases   ] GC(170) O: Concurrent Relocate 0.708ms
[18.650s][info][gc,alloc    ] GC(170) O:                         Mark Start        Mark End      Relocate Start    Relocate End   
[18.650s][info][gc,alloc    ] GC(170) O: Allocation Stalls:          0                0                0                0         
[18.650s][info][gc,load     ] GC(170) O: Load: 3.00 (30%) / 3.04 (30%) / 3.14 (31%)
[18.650s][info][gc,mmu      ] GC(170) O: MMU: 2ms/99.0%, 5ms/99.5%, 10ms/99.7%, 20ms/99.7%, 50ms/99.8%, 100ms/99.9%
[18.650s][info][gc,marking  ] GC(170) O: Mark: 1 stripe(s), 2 proactive flush(es), 1 terminate flush(es), 0 completion(s), 0 continuation(s) 
[18.650s][info][gc,marking  ] GC(170) O: Mark Stack Usage: 32M
[18.650s][info][gc,nmethod  ] GC(170) O: NMethods: 1585 registered, 159 unregistered
[18.650s][info][gc,metaspace] GC(170) O: Metaspace: 9M used, 10M committed, 1088M reserved
[18.650s][info][gc,ref      ] GC(170) O:                       Encountered   Discovered     Enqueued 
[18.650s][info][gc,ref      ] GC(170) O: Soft References:              372            0            0 
[18.650s][info][gc,ref      ] GC(170) O: Weak References:             1110          834            0 
[18.650s][info][gc,ref      ] GC(170) O: Final References:             880          270            0 
[18.650s][info][gc,ref      ] GC(170) O: Phantom References:            32            2            0 
[18.650s][info][gc,reloc    ] GC(170) O:                        Candidates     Selected     In-Place         Size        Empty    Relocated 
[18.650s][info][gc,reloc    ] GC(170) O: Small Pages:                    4            1            0           8M           0M           1M 
[18.650s][info][gc,reloc    ] GC(170) O: Medium Pages:                   1            0            0          32M           0M           0M 
[18.650s][info][gc,reloc    ] GC(170) O: Large Pages:                    0            0            0           0M           0M           0M 
[18.650s][info][gc,reloc    ] GC(170) O: Forwarding Usage: 0M
[18.650s][info][gc,heap     ] GC(170) O: Min Capacity: 8M(1%)
[18.650s][info][gc,heap     ] GC(170) O: Max Capacity: 1024M(100%)
[18.650s][info][gc,heap     ] GC(170) O: Soft Max Capacity: 1024M(100%)
[18.650s][info][gc,heap     ] GC(170) O: Heap Statistics:
[18.650s][info][gc,heap     ] GC(170) O:                Mark Start          Mark End        Relocate Start      Relocate End           High               Low         
[18.650s][info][gc,heap     ] GC(170) O:  Capacity:     1024M (100%)       1024M (100%)       1024M (100%)       1024M (100%)       1024M (100%)       1024M (100%)   
[18.650s][info][gc,heap     ] GC(170) O:      Free:      532M (52%)         852M (83%)         756M (74%)         756M (74%)         916M (89%)         498M (49%)    
[18.650s][info][gc,heap     ] GC(170) O:      Used:      492M (48%)         172M (17%)         268M (26%)         268M (26%)         526M (51%)         108M (11%)    
[18.650s][info][gc,heap     ] GC(170) O: Old Generation Statistics:
[18.650s][info][gc,heap     ] GC(170) O:                Mark Start          Mark End        Relocate Start      Relocate End    
[18.650s][info][gc,heap     ] GC(170) O:      Used:       40M (4%)           40M (4%)           40M (4%)           40M (4%)     
[18.650s][info][gc,heap     ] GC(170) O:      Live:         -                 4M (0%)            4M (0%)            4M (0%)     
[18.650s][info][gc,heap     ] GC(170) O:   Garbage:         -                35M (3%)           35M (3%)           32M (3%)     
[18.650s][info][gc,heap     ] GC(170) O: Allocated:         -                 0M (0%)            0M (0%)            2M (0%)     
[18.650s][info][gc,heap     ] GC(170) O: Reclaimed:         -                  -                 0M (0%)            2M (0%)     
[18.650s][info][gc,heap     ] GC(170) O: Compacted:         -                  -                  -                 1M (0%)     
[18.650s][info][gc,phases   ] GC(170) O: Old Generation 108M(11%)->268M(26%) 0.014s
[18.650s][info][gc          ] GC(170) Major Collection (Proactive) 492M(48%)->268M(26%) 0.017s
[18.704s][info][gc          ] GC(171) Minor Collection (Allocation Rate)
[18.704s][info][gc,task     ] GC(171) Using 2 Workers for Young Generation
[18.704s][info][gc,phases   ] GC(171) y: Young Generation
[18.704s][info][gc,phases   ] GC(171) y: Pause Mark Start 0.004ms
[18.705s][info][gc,phases   ] GC(171) y: Concurrent Mark 1.514ms
[18.705s][info][gc,phases   ] GC(171) y: Pause Mark End 0.005ms
[18.705s][info][gc,phases   ] GC(171) y: Concurrent Mark Free 0.000ms
[18.705s][info][gc,phases   ] GC(171) y: Concurrent Reset Relocation Set 0.000ms
[18.707s][info][gc,reloc    ] GC(171) y: Using tenuring threshold: 1 (Computed)
[18.707s][info][gc,phases   ] GC(171) y: Concurrent Select Relocation Set 1.105ms
[18.707s][info][gc,phases   ] GC(171) y: Pause Relocate Start 0.005ms
[18.707s][info][gc,phases   ] GC(171) y: Concurrent Relocate 0.016ms
[18.707s][info][gc,alloc    ] GC(171) y:                         Mark Start        Mark End      Relocate Start    Relocate End   
[18.707s][info][gc,alloc    ] GC(171) y: Allocation Stalls:          0                0                0                0         
[18.707s][info][gc,load     ] GC(171) y: Load: 3.00 (30%) / 3.04 (30%) / 3.14 (31%)
[18.707s][info][gc,mmu      ] GC(171) y: MMU: 2ms/99.0%, 5ms/99.5%, 10ms/99.7%, 20ms/99.7%, 50ms/99.8%, 100ms/99.9%
[18.707s][info][gc,marking  ] GC(171) y: Mark: 2 stripe(s), 2 proactive flush(es), 1 terminate flush(es), 0 completion(s), 0 continuation(s) 
[18.707s][info][gc,marking  ] GC(171) y: Mark Stack Usage: 32M
[18.707s][info][gc,nmethod  ] GC(171) y: NMethods: 1585 registered, 159 unregistered
[18.707s][info][gc,metaspace] GC(171) y: Metaspace: 9M used, 10M committed, 1088M reserved
[18.707s][info][gc,reloc    ] GC(171) y:                        Candidates     Selected     In-Place         Size        Empty    Relocated 
[18.707s][info][gc,reloc    ] GC(171) y: Small Pages:                    2            0            0           4M           2M           0M 
[18.707s][info][gc,reloc    ] GC(171) y: Medium Pages:                  27            0            0         864M         832M           0M 
[18.707s][info][gc,reloc    ] GC(171) y: Large Pages:                    0            0            0           0M           0M           0M 
[18.707s][info][gc,reloc    ] GC(171) y: Forwarding Usage: 0M
[18.707s][info][gc,reloc    ] GC(171) y: Age Table:
[18.707s][info][gc,reloc    ] GC(171) y:                    Live             Garbage             Small              Medium             Large        
[18.707s][info][gc,reloc    ] GC(171) y: Eden               0M (0%)          833M (81%)          1 / 0             26 / 0              0 / 0        
[18.707s][info][gc,reloc    ] GC(171) y: Survivor 1          -                34M (3%)           1 / 0              1 / 0              0 / 0        
[18.707s][info][gc,heap     ] GC(171) y: Min Capacity: 8M(1%)
[18.707s][info][gc,heap     ] GC(171) y: Max Capacity: 1024M(100%)
[18.707s][info][gc,heap     ] GC(171) y: Soft Max Capacity: 1024M(100%)
[18.707s][info][gc,heap     ] GC(171) y: Heap Statistics:
[18.707s][info][gc,heap     ] GC(171) y:                Mark Start          Mark End        Relocate Start      Relocate End           High               Low         
[18.707s][info][gc,heap     ] GC(171) y:  Capacity:     1024M (100%)       1024M (100%)       1024M (100%)       1024M (100%)       1024M (100%)       1024M (100%)   
[18.707s][info][gc,heap     ] GC(171) y:      Free:      116M (11%)          82M (8%)          916M (89%)         916M (89%)         916M (89%)          82M (8%)     
[18.707s][info][gc,heap     ] GC(171) y:      Used:      908M (89%)         942M (92%)         108M (11%)         108M (11%)         942M (92%)         108M (11%)    
[18.707s][info][gc,heap     ] GC(171) y: Young Generation Statistics:
[18.707s][info][gc,heap     ] GC(171) y:                Mark Start          Mark End        Relocate Start      Relocate End    
[18.707s][info][gc,heap     ] GC(171) y:      Used:      868M (85%)         902M (88%)          68M (7%)           68M (7%)     
[18.707s][info][gc,heap     ] GC(171) y:      Live:         -                 0M (0%)            0M (0%)            0M (0%)     
[18.707s][info][gc,heap     ] GC(171) y:   Garbage:         -               867M (85%)          33M (3%)           33M (3%)     
[18.707s][info][gc,heap     ] GC(171) y: Allocated:         -                34M (3%)           34M (3%)           34M (3%)     
[18.707s][info][gc,heap     ] GC(171) y: Reclaimed:         -                  -               834M (81%)         834M (81%)    
[18.707s][info][gc,heap     ] GC(171) y:  Promoted:         -                  -                 0M (0%)            0M (0%)     
[18.707s][info][gc,heap     ] GC(171) y: Compacted:         -                  -                  -                 0M (0%)     
[18.707s][info][gc,phases   ] GC(171) y: Young Generation 908M(89%)->108M(11%) 0.003s
[18.707s][info][gc          ] GC(171) Minor Collection (Allocation Rate) 908M(89%)->108M(11%) 0.003s
[18.778s][info][gc          ] GC(172) Minor Collection (Allocation Rate)
[18.778s][info][gc,task     ] GC(172) Using 3 Workers for Young Generation
[18.778s][info][gc,phases   ] GC(172) y: Young Generation
[18.778s][info][gc,phases   ] GC(172) y: Pause Mark Start 0.004ms
[18.779s][info][gc,phases   ] GC(172) y: Concurrent Mark 0.948ms
[18.779s][info][gc,phases   ] GC(172) y: Pause Mark End 0.005ms
[18.779s][info][gc,phases   ] GC(172) y: Concurrent Mark Free 0.000ms
[18.779s][info][gc,phases   ] GC(172) y: Concurrent Reset Relocation Set 0.000ms
[18.780s][info][gc,reloc    ] GC(172) y: Using tenuring threshold: 1 (Computed)
[18.780s][info][gc,phases   ] GC(172) y: Concurrent Select Relocation Set 1.076ms
[18.780s][info][gc,phases   ] GC(172) y: Pause Relocate Start 0.005ms
[18.780s][info][gc,phases   ] GC(172) y: Concurrent Relocate 0.044ms
[18.780s][info][gc,alloc    ] GC(172) y:                         Mark Start        Mark End      Relocate Start    Relocate End   
[18.780s][info][gc,alloc    ] GC(172) y: Allocation Stalls:          0                0                0                0         
[18.780s][info][gc,load     ] GC(172) y: Load: 3.00 (30%) / 3.04 (30%) / 3.14 (31%)
[18.780s][info][gc,mmu      ] GC(172) y: MMU: 2ms/99.0%, 5ms/99.5%, 10ms/99.7%, 20ms/99.7%, 50ms/99.8%, 100ms/99.9%
[18.780s][info][gc,marking  ] GC(172) y: Mark: 2 stripe(s), 2 proactive flush(es), 1 terminate flush(es), 0 completion(s), 0 continuation(s) 
[18.780s][info][gc,marking  ] GC(172) y: Mark Stack Usage: 32M
[18.780s][info][gc,nmethod  ] GC(172) y: NMethods: 1585 registered, 159 unregistered
[18.780s][info][gc,metaspace] GC(172) y: Metaspace: 9M used, 10M committed, 1088M reserved
[18.780s][info][gc,reloc    ] GC(172) y:                        Candidates     Selected     In-Place         Size        Empty    Relocated 
[18.780s][info][gc,reloc    ] GC(172) y: Small Pages:                    2            0            0           4M           2M           0M 
[18.780s][info][gc,reloc    ] GC(172) y: Medium Pages:                  28            0            0         896M         896M           0M 
[18.780s][info][gc,reloc    ] GC(172) y: Large Pages:                    0            0            0           0M           0M           0M 
[18.780s][info][gc,reloc    ] GC(172) y: Forwarding Usage: 0M
[18.780s][info][gc,reloc    ] GC(172) y: Age Table:
[18.780s][info][gc,reloc    ] GC(172) y:                    Live             Garbage             Small              Medium             Large        
[18.780s][info][gc,reloc    ] GC(172) y: Eden               0M (0%)          865M (85%)          1 / 0             27 / 0              0 / 0        
[18.780s][info][gc,reloc    ] GC(172) y: Survivor 1          -                34M (3%)           1 / 0              1 / 0              0 / 0        
[18.780s][info][gc,heap     ] GC(172) y: Min Capacity: 8M(1%)
[18.780s][info][gc,heap     ] GC(172) y: Max Capacity: 1024M(100%)
[18.780s][info][gc,heap     ] GC(172) y: Soft Max Capacity: 1024M(100%)
[18.780s][info][gc,heap     ] GC(172) y: Heap Statistics:
[18.780s][info][gc,heap     ] GC(172) y:                Mark Start          Mark End        Relocate Start      Relocate End           High               Low         
[18.780s][info][gc,heap     ] GC(172) y:  Capacity:     1024M (100%)       1024M (100%)       1024M (100%)       1024M (100%)       1024M (100%)       1024M (100%)   
[18.780s][info][gc,heap     ] GC(172) y:      Free:       84M (8%)           50M (5%)          948M (93%)         948M (93%)         948M (93%)          50M (5%)     
[18.780s][info][gc,heap     ] GC(172) y:      Used:      940M (92%)         974M (95%)          76M (7%)           76M (7%)          974M (95%)          76M (7%)     
[18.780s][info][gc,heap     ] GC(172) y: Young Generation Statistics:
[18.780s][info][gc,heap     ] GC(172) y:                Mark Start          Mark End        Relocate Start      Relocate End    
[18.780s][info][gc,heap     ] GC(172) y:      Used:      900M (88%)         934M (91%)          36M (4%)           36M (4%)     
[18.780s][info][gc,heap     ] GC(172) y:      Live:         -                 0M (0%)            0M (0%)            0M (0%)     
[18.780s][info][gc,heap     ] GC(172) y:   Garbage:         -               899M (88%)           1M (0%)            1M (0%)     
[18.780s][info][gc,heap     ] GC(172) y: Allocated:         -                34M (3%)           34M (3%)           34M (3%)     
[18.780s][info][gc,heap     ] GC(172) y: Reclaimed:         -                  -               898M (88%)         898M (88%)    
[18.780s][info][gc,heap     ] GC(172) y:  Promoted:         -                  -                 0M (0%)            0M (0%)     
[18.780s][info][gc,heap     ] GC(172) y: Compacted:         -                  -                  -                 0M (0%)     
[18.780s][info][gc,phases   ] GC(172) y: Young Generation 940M(92%)->76M(7%) 0.002s
[18.780s][info][gc          ] GC(172) Minor Collection (Allocation Rate) 940M(92%)->76M(7%) 0.003s
[18.853s][info][gc          ] GC(173) Minor Collection (Allocation Rate)
[18.853s][info][gc,task     ] GC(173) Using 3 Workers for Young Generation
[18.853s][info][gc,phases   ] GC(173) y: Young Generation
[18.853s][info][gc,phases   ] GC(173) y: Pause Mark Start 0.007ms
[18.855s][info][gc,phases   ] GC(173) y: Concurrent Mark 1.039ms
[18.855s][info][gc,phases   ] GC(173) y: Pause Mark End 0.004ms
[18.855s][info][gc,phases   ] GC(173) y: Concurrent Mark Free 0.000ms
[18.855s][info][gc,phases   ] GC(173) y: Concurrent Reset Relocation Set 0.000ms
[18.856s][info][gc,reloc    ] GC(173) y: Using tenuring threshold: 1 (Computed)
[18.856s][info][gc,phases   ] GC(173) y: Concurrent Select Relocation Set 1.129ms
[18.856s][info][gc,phases   ] GC(173) y: Pause Relocate Start 0.003ms
[18.856s][info][gc,phases   ] GC(173) y: Concurrent Relocate 0.048ms
[18.856s][info][gc,alloc    ] GC(173) y:                         Mark Start        Mark End      Relocate Start    Relocate End   
[18.856s][info][gc,alloc    ] GC(173) y: Allocation Stalls:          0                0                0                0         
[18.856s][info][gc,load     ] GC(173) y: Load: 3.00 (30%) / 3.04 (30%) / 3.14 (31%)
[18.856s][info][gc,mmu      ] GC(173) y: MMU: 2ms/99.0%, 5ms/99.5%, 10ms/99.7%, 20ms/99.7%, 50ms/99.8%, 100ms/99.9%
[18.856s][info][gc,marking  ] GC(173) y: Mark: 2 stripe(s), 2 proactive flush(es), 1 terminate flush(es), 0 completion(s), 0 continuation(s) 
[18.856s][info][gc,marking  ] GC(173) y: Mark Stack Usage: 32M
[18.856s][info][gc,nmethod  ] GC(173) y: NMethods: 1585 registered, 159 unregistered
[18.856s][info][gc,metaspace] GC(173) y: Metaspace: 9M used, 10M committed, 1088M reserved
[18.856s][info][gc,reloc    ] GC(173) y:                        Candidates     Selected     In-Place         Size        Empty    Relocated 
[18.856s][info][gc,reloc    ] GC(173) y: Small Pages:                    2            0            0           4M           2M           0M 
[18.856s][info][gc,reloc    ] GC(173) y: Medium Pages:                  28            0            0         896M         864M           0M 
[18.856s][info][gc,reloc    ] GC(173) y: Large Pages:                    0            0            0           0M           0M           0M 
[18.856s][info][gc,reloc    ] GC(173) y: Forwarding Usage: 0M
[18.856s][info][gc,reloc    ] GC(173) y: Age Table:
[18.856s][info][gc,reloc    ] GC(173) y:                    Live             Garbage             Small              Medium             Large        
[18.856s][info][gc,reloc    ] GC(173) y: Eden               0M (0%)          897M (88%)          1 / 0             28 / 0              0 / 0        
[18.856s][info][gc,reloc    ] GC(173) y: Survivor 1          -                 2M (0%)           1 / 0              0 / 0              0 / 0        
[18.856s][info][gc,heap     ] GC(173) y: Min Capacity: 8M(1%)
[18.856s][info][gc,heap     ] GC(173) y: Max Capacity: 1024M(100%)
[18.856s][info][gc,heap     ] GC(173) y: Soft Max Capacity: 1024M(100%)
[18.856s][info][gc,heap     ] GC(173) y: Heap Statistics:
[18.856s][info][gc,heap     ] GC(173) y:                Mark Start          Mark End        Relocate Start      Relocate End           High               Low         
[18.856s][info][gc,heap     ] GC(173) y:  Capacity:     1024M (100%)       1024M (100%)       1024M (100%)       1024M (100%)       1024M (100%)       1024M (100%)   
[18.856s][info][gc,heap     ] GC(173) y:      Free:       84M (8%)           50M (5%)          916M (89%)         916M (89%)         916M (89%)          50M (5%)     
[18.856s][info][gc,heap     ] GC(173) y:      Used:      940M (92%)         974M (95%)         108M (11%)         108M (11%)         974M (95%)         108M (11%)    
[18.856s][info][gc,heap     ] GC(173) y: Young Generation Statistics:
[18.856s][info][gc,heap     ] GC(173) y:                Mark Start          Mark End        Relocate Start      Relocate End    
[18.856s][info][gc,heap     ] GC(173) y:      Used:      900M (88%)         934M (91%)          68M (7%)           68M (7%)     
[18.856s][info][gc,heap     ] GC(173) y:      Live:         -                 0M (0%)            0M (0%)            0M (0%)     
[18.856s][info][gc,heap     ] GC(173) y:   Garbage:         -               899M (88%)          33M (3%)           33M (3%)     
[18.856s][info][gc,heap     ] GC(173) y: Allocated:         -                34M (3%)           34M (3%)           34M (3%)     
[18.856s][info][gc,heap     ] GC(173) y: Reclaimed:         -                  -               866M (85%)         866M (85%)    
[18.856s][info][gc,heap     ] GC(173) y:  Promoted:         -                  -                 0M (0%)            0M (0%)     
[18.856s][info][gc,heap     ] GC(173) y: Compacted:         -                  -                  -                 0M (0%)     
[18.856s][info][gc,phases   ] GC(173) y: Young Generation 940M(92%)->108M(11%) 0.003s
[18.856s][info][gc          ] GC(173) Minor Collection (Allocation Rate) 940M(92%)->108M(11%) 0.003s
[18.918s][info][gc          ] GC(174) Minor Collection (Allocation Rate)
[18.918s][info][gc,task     ] GC(174) Using 1 Workers for Young Generation
[18.918s][info][gc,phases   ] GC(174) y: Young Generation
[18.918s][info][gc,phases   ] GC(174) y: Pause Mark Start 0.010ms
[18.920s][info][gc,phases   ] GC(174) y: Concurrent Mark 2.308ms
[18.920s][info][gc,phases   ] GC(174) y: Pause Mark End 0.009ms
[18.920s][info][gc,phases   ] GC(174) y: Concurrent Mark Free 0.000ms
[18.920s][info][gc,phases   ] GC(174) y: Concurrent Reset Relocation Set 0.000ms
[18.921s][info][gc,reloc    ] GC(174) y: Using tenuring threshold: 1 (Computed)
[18.921s][info][gc,phases   ] GC(174) y: Concurrent Select Relocation Set 0.988ms
[18.921s][info][gc,phases   ] GC(174) y: Pause Relocate Start 0.006ms
[18.922s][info][gc,phases   ] GC(174) y: Concurrent Relocate 0.016ms
[18.922s][info][gc,alloc    ] GC(174) y:                         Mark Start        Mark End      Relocate Start    Relocate End   
[18.922s][info][gc,alloc    ] GC(174) y: Allocation Stalls:          0                0                0                0         
[18.922s][info][gc,load     ] GC(174) y: Load: 3.00 (30%) / 3.04 (30%) / 3.14 (31%)
[18.922s][info][gc,mmu      ] GC(174) y: MMU: 2ms/99.0%, 5ms/99.5%, 10ms/99.7%, 20ms/99.7%, 50ms/99.8%, 100ms/99.9%
[18.922s][info][gc,marking  ] GC(174) y: Mark: 1 stripe(s), 2 proactive flush(es), 1 terminate flush(es), 0 completion(s), 0 continuation(s) 
[18.922s][info][gc,marking  ] GC(174) y: Mark Stack Usage: 32M
[18.922s][info][gc,nmethod  ] GC(174) y: NMethods: 1585 registered, 159 unregistered
[18.922s][info][gc,metaspace] GC(174) y: Metaspace: 9M used, 10M committed, 1088M reserved
[18.922s][info][gc,reloc    ] GC(174) y:                        Candidates     Selected     In-Place         Size        Empty    Relocated 
[18.922s][info][gc,reloc    ] GC(174) y: Small Pages:                    2            0            0           4M           2M           0M 
[18.922s][info][gc,reloc    ] GC(174) y: Medium Pages:                  25            0            0         800M         768M           0M 
[18.922s][info][gc,reloc    ] GC(174) y: Large Pages:                    0            0            0           0M           0M           0M 
[18.922s][info][gc,reloc    ] GC(174) y: Forwarding Usage: 0M
[18.922s][info][gc,reloc    ] GC(174) y: Age Table:
[18.922s][info][gc,reloc    ] GC(174) y:                    Live             Garbage             Small              Medium             Large        
[18.922s][info][gc,reloc    ] GC(174) y: Eden               0M (0%)          769M (75%)          1 / 0             24 / 0              0 / 0        
[18.922s][info][gc,reloc    ] GC(174) y: Survivor 1          -                34M (3%)           1 / 0              1 / 0              0 / 0        
[18.922s][info][gc,heap     ] GC(174) y: Min Capacity: 8M(1%)
[18.922s][info][gc,heap     ] GC(174) y: Max Capacity: 1024M(100%)
[18.922s][info][gc,heap     ] GC(174) y: Soft Max Capacity: 1024M(100%)
[18.922s][info][gc,heap     ] GC(174) y: Heap Statistics:
[18.922s][info][gc,heap     ] GC(174) y:                Mark Start          Mark End        Relocate Start      Relocate End           High               Low         
[18.922s][info][gc,heap     ] GC(174) y:  Capacity:     1024M (100%)       1024M (100%)       1024M (100%)       1024M (100%)       1024M (100%)       1024M (100%)   
[18.922s][info][gc,heap     ] GC(174) y:      Free:      180M (18%)         146M (14%)         884M (86%)         884M (86%)         884M (86%)         114M (11%)    
[18.922s][info][gc,heap     ] GC(174) y:      Used:      844M (82%)         878M (86%)         140M (14%)         140M (14%)         910M (89%)         140M (14%)    
[18.922s][info][gc,heap     ] GC(174) y: Young Generation Statistics:
[18.922s][info][gc,heap     ] GC(174) y:                Mark Start          Mark End        Relocate Start      Relocate End    
[18.922s][info][gc,heap     ] GC(174) y:      Used:      804M (79%)         838M (82%)         100M (10%)         100M (10%)    
[18.922s][info][gc,heap     ] GC(174) y:      Live:         -                 0M (0%)            0M (0%)            0M (0%)     
[18.922s][info][gc,heap     ] GC(174) y:   Garbage:         -               803M (78%)          33M (3%)           33M (3%)     
[18.922s][info][gc,heap     ] GC(174) y: Allocated:         -                34M (3%)           66M (6%)           66M (6%)     
[18.922s][info][gc,heap     ] GC(174) y: Reclaimed:         -                  -               770M (75%)         770M (75%)    
[18.922s][info][gc,heap     ] GC(174) y:  Promoted:         -                  -                 0M (0%)            0M (0%)     
[18.922s][info][gc,heap     ] GC(174) y: Compacted:         -                  -                  -                 0M (0%)     
[18.922s][info][gc,phases   ] GC(174) y: Young Generation 844M(82%)->140M(14%) 0.004s
[18.922s][info][gc          ] GC(174) Minor Collection (Allocation Rate) 844M(82%)->140M(14%) 0.004s
[18.983s][info][gc          ] GC(175) Minor Collection (Allocation Rate)
[18.983s][info][gc,task     ] GC(175) Using 1 Workers for Young Generation
[18.983s][info][gc,phases   ] GC(175) y: Young Generation
[18.983s][info][gc,phases   ] GC(175) y: Pause Mark Start 0.003ms
[18.985s][info][gc,phases   ] GC(175) y: Concurrent Mark 2.289ms
[18.985s][info][gc,phases   ] GC(175) y: Pause Mark End 0.006ms
[18.985s][info][gc,phases   ] GC(175) y: Concurrent Mark Free 0.000ms
[18.985s][info][gc,phases   ] GC(175) y: Concurrent Reset Relocation Set 0.000ms
[18.986s][info][gc,reloc    ] GC(175) y: Using tenuring threshold: 1 (Computed)
[18.986s][info][gc,phases   ] GC(175) y: Concurrent Select Relocation Set 1.033ms
[18.986s][info][gc,phases   ] GC(175) y: Pause Relocate Start 0.003ms
[18.986s][info][gc,phases   ] GC(175) y: Concurrent Relocate 0.012ms
[18.986s][info][gc,alloc    ] GC(175) y:                         Mark Start        Mark End      Relocate Start    Relocate End   
[18.986s][info][gc,alloc    ] GC(175) y: Allocation Stalls:          0                0                0                0         
[18.986s][info][gc,load     ] GC(175) y: Load: 3.00 (30%) / 3.04 (30%) / 3.14 (31%)
[18.986s][info][gc,mmu      ] GC(175) y: MMU: 2ms/99.0%, 5ms/99.5%, 10ms/99.7%, 20ms/99.7%, 50ms/99.8%, 100ms/99.9%
[18.986s][info][gc,marking  ] GC(175) y: Mark: 1 stripe(s), 2 proactive flush(es), 1 terminate flush(es), 0 completion(s), 0 continuation(s) 
[18.986s][info][gc,marking  ] GC(175) y: Mark Stack Usage: 32M
[18.986s][info][gc,nmethod  ] GC(175) y: NMethods: 1585 registered, 159 unregistered
[18.986s][info][gc,metaspace] GC(175) y: Metaspace: 9M used, 10M committed, 1088M reserved
[18.986s][info][gc,reloc    ] GC(175) y:                        Candidates     Selected     In-Place         Size        Empty    Relocated 
[18.986s][info][gc,reloc    ] GC(175) y: Small Pages:                    2            0            0           4M           2M           0M 
[18.986s][info][gc,reloc    ] GC(175) y: Medium Pages:                  25            0            0         800M         768M           0M 
[18.986s][info][gc,reloc    ] GC(175) y: Large Pages:                    0            0            0           0M           0M           0M 
[18.986s][info][gc,reloc    ] GC(175) y: Forwarding Usage: 0M
[18.986s][info][gc,reloc    ] GC(175) y: Age Table:
[18.986s][info][gc,reloc    ] GC(175) y:                    Live             Garbage             Small              Medium             Large        
[18.986s][info][gc,reloc    ] GC(175) y: Eden               0M (0%)          769M (75%)          1 / 0             24 / 0              0 / 0        
[18.986s][info][gc,reloc    ] GC(175) y: Survivor 1          -                34M (3%)           1 / 0              1 / 0              0 / 0        
[18.986s][info][gc,heap     ] GC(175) y: Min Capacity: 8M(1%)
[18.986s][info][gc,heap     ] GC(175) y: Max Capacity: 1024M(100%)
[18.986s][info][gc,heap     ] GC(175) y: Soft Max Capacity: 1024M(100%)
[18.986s][info][gc,heap     ] GC(175) y: Heap Statistics:
[18.986s][info][gc,heap     ] GC(175) y:                Mark Start          Mark End        Relocate Start      Relocate End           High               Low         
[18.986s][info][gc,heap     ] GC(175) y:  Capacity:     1024M (100%)       1024M (100%)       1024M (100%)       1024M (100%)       1024M (100%)       1024M (100%)   
[18.986s][info][gc,heap     ] GC(175) y:      Free:      180M (18%)         146M (14%)         884M (86%)         884M (86%)         884M (86%)         114M (11%)    
[18.986s][info][gc,heap     ] GC(175) y:      Used:      844M (82%)         878M (86%)         140M (14%)         140M (14%)         910M (89%)         140M (14%)    
[18.986s][info][gc,heap     ] GC(175) y: Young Generation Statistics:
[18.986s][info][gc,heap     ] GC(175) y:                Mark Start          Mark End        Relocate Start      Relocate End    
[18.986s][info][gc,heap     ] GC(175) y:      Used:      804M (79%)         838M (82%)         100M (10%)         100M (10%)    
[18.986s][info][gc,heap     ] GC(175) y:      Live:         -                 0M (0%)            0M (0%)            0M (0%)     
[18.986s][info][gc,heap     ] GC(175) y:   Garbage:         -               803M (78%)          33M (3%)           33M (3%)     
[18.986s][info][gc,heap     ] GC(175) y: Allocated:         -                34M (3%)           66M (6%)           66M (6%)     
[18.986s][info][gc,heap     ] GC(175) y: Reclaimed:         -                  -               770M (75%)         770M (75%)    
[18.986s][info][gc,heap     ] GC(175) y:  Promoted:         -                  -                 0M (0%)            0M (0%)     
[18.986s][info][gc,heap     ] GC(175) y: Compacted:         -                  -                  -                 0M (0%)     
[18.986s][info][gc,phases   ] GC(175) y: Young Generation 844M(82%)->140M(14%) 0.004s
[18.986s][info][gc          ] GC(175) Minor Collection (Allocation Rate) 844M(82%)->140M(14%) 0.004s
[19.056s][info][gc          ] GC(176) Minor Collection (Allocation Rate)
[19.056s][info][gc,task     ] GC(176) Using 3 Workers for Young Generation
[19.056s][info][gc,phases   ] GC(176) y: Young Generation
[19.056s][info][gc,phases   ] GC(176) y: Pause Mark Start 0.004ms
[19.057s][info][gc,phases   ] GC(176) y: Concurrent Mark 0.929ms
[19.057s][info][gc,phases   ] GC(176) y: Pause Mark End 0.005ms
[19.057s][info][gc,phases   ] GC(176) y: Concurrent Mark Free 0.000ms
[19.057s][info][gc,phases   ] GC(176) y: Concurrent Reset Relocation Set 0.000ms
[19.058s][info][gc,reloc    ] GC(176) y: Using tenuring threshold: 1 (Computed)
[19.058s][info][gc,phases   ] GC(176) y: Concurrent Select Relocation Set 1.049ms
[19.058s][info][gc,phases   ] GC(176) y: Pause Relocate Start 0.004ms
[19.058s][info][gc,phases   ] GC(176) y: Concurrent Relocate 0.046ms
[19.058s][info][gc,alloc    ] GC(176) y:                         Mark Start        Mark End      Relocate Start    Relocate End   
[19.058s][info][gc,alloc    ] GC(176) y: Allocation Stalls:          0                0                0                0         
[19.058s][info][gc,load     ] GC(176) y: Load: 3.00 (30%) / 3.04 (30%) / 3.14 (31%)
[19.058s][info][gc,mmu      ] GC(176) y: MMU: 2ms/99.0%, 5ms/99.5%, 10ms/99.7%, 20ms/99.7%, 50ms/99.8%, 100ms/99.9%
[19.058s][info][gc,marking  ] GC(176) y: Mark: 2 stripe(s), 2 proactive flush(es), 1 terminate flush(es), 0 completion(s), 0 continuation(s) 
[19.058s][info][gc,marking  ] GC(176) y: Mark Stack Usage: 32M
[19.058s][info][gc,nmethod  ] GC(176) y: NMethods: 1585 registered, 159 unregistered
[19.058s][info][gc,metaspace] GC(176) y: Metaspace: 9M used, 10M committed, 1088M reserved
[19.058s][info][gc,reloc    ] GC(176) y:                        Candidates     Selected     In-Place         Size        Empty    Relocated 
[19.058s][info][gc,reloc    ] GC(176) y: Small Pages:                    2            0            0           4M           2M           0M 
[19.058s][info][gc,reloc    ] GC(176) y: Medium Pages:                  28            0            0         896M         864M           0M 
[19.058s][info][gc,reloc    ] GC(176) y: Large Pages:                    0            0            0           0M           0M           0M 
[19.058s][info][gc,reloc    ] GC(176) y: Forwarding Usage: 0M
[19.058s][info][gc,reloc    ] GC(176) y: Age Table:
[19.058s][info][gc,reloc    ] GC(176) y:                    Live             Garbage             Small              Medium             Large        
[19.058s][info][gc,reloc    ] GC(176) y: Eden               0M (0%)          865M (85%)          1 / 0             27 / 0              0 / 0        
[19.058s][info][gc,reloc    ] GC(176) y: Survivor 1          -                34M (3%)           1 / 0              1 / 0              0 / 0        
[19.058s][info][gc,heap     ] GC(176) y: Min Capacity: 8M(1%)
[19.058s][info][gc,heap     ] GC(176) y: Max Capacity: 1024M(100%)
[19.058s][info][gc,heap     ] GC(176) y: Soft Max Capacity: 1024M(100%)
[19.058s][info][gc,heap     ] GC(176) y: Heap Statistics:
[19.058s][info][gc,heap     ] GC(176) y:                Mark Start          Mark End        Relocate Start      Relocate End           High               Low         
[19.058s][info][gc,heap     ] GC(176) y:  Capacity:     1024M (100%)       1024M (100%)       1024M (100%)       1024M (100%)       1024M (100%)       1024M (100%)   
[19.058s][info][gc,heap     ] GC(176) y:      Free:       84M (8%)           50M (5%)          916M (89%)         916M (89%)         916M (89%)          50M (5%)     
[19.058s][info][gc,heap     ] GC(176) y:      Used:      940M (92%)         974M (95%)         108M (11%)         108M (11%)         974M (95%)         108M (11%)    
[19.058s][info][gc,heap     ] GC(176) y: Young Generation Statistics:
[19.058s][info][gc,heap     ] GC(176) y:                Mark Start          Mark End        Relocate Start      Relocate End    
[19.058s][info][gc,heap     ] GC(176) y:      Used:      900M (88%)         934M (91%)          68M (7%)           68M (7%)     
[19.058s][info][gc,heap     ] GC(176) y:      Live:         -                 0M (0%)            0M (0%)            0M (0%)     
[19.058s][info][gc,heap     ] GC(176) y:   Garbage:         -               899M (88%)          33M (3%)           33M (3%)     
[19.058s][info][gc,heap     ] GC(176) y: Allocated:         -                34M (3%)           34M (3%)           34M (3%)     
[19.058s][info][gc,heap     ] GC(176) y: Reclaimed:         -                  -               866M (85%)         866M (85%)    
[19.058s][info][gc,heap     ] GC(176) y:  Promoted:         -                  -                 0M (0%)            0M (0%)     
[19.058s][info][gc,heap     ] GC(176) y: Compacted:         -                  -                  -                 0M (0%)     
[19.058s][info][gc,phases   ] GC(176) y: Young Generation 940M(92%)->108M(11%) 0.002s
[19.058s][info][gc          ] GC(176) Minor Collection (Allocation Rate) 940M(92%)->108M(11%) 0.003s
[19.129s][info][gc          ] GC(177) Minor Collection (Allocation Rate)
[19.129s][info][gc,task     ] GC(177) Using 3 Workers for Young Generation
[19.129s][info][gc,phases   ] GC(177) y: Young Generation
[19.129s][info][gc,phases   ] GC(177) y: Pause Mark Start 0.004ms
[19.130s][info][gc,phases   ] GC(177) y: Concurrent Mark 1.006ms
[19.130s][info][gc,phases   ] GC(177) y: Pause Mark End 0.004ms
[19.130s][info][gc,phases   ] GC(177) y: Concurrent Mark Free 0.000ms
[19.130s][info][gc,phases   ] GC(177) y: Concurrent Reset Relocation Set 0.000ms
[19.131s][info][gc,reloc    ] GC(177) y: Using tenuring threshold: 1 (Computed)
[19.131s][info][gc,phases   ] GC(177) y: Concurrent Select Relocation Set 1.062ms
[19.131s][info][gc,phases   ] GC(177) y: Pause Relocate Start 0.004ms
[19.132s][info][gc,phases   ] GC(177) y: Concurrent Relocate 0.046ms
[19.132s][info][gc,alloc    ] GC(177) y:                         Mark Start        Mark End      Relocate Start    Relocate End   
[19.132s][info][gc,alloc    ] GC(177) y: Allocation Stalls:          0                0                0                0         
[19.132s][info][gc,load     ] GC(177) y: Load: 3.00 (30%) / 3.04 (30%) / 3.14 (31%)
[19.132s][info][gc,mmu      ] GC(177) y: MMU: 2ms/99.0%, 5ms/99.5%, 10ms/99.7%, 20ms/99.7%, 50ms/99.8%, 100ms/99.9%
[19.132s][info][gc,marking  ] GC(177) y: Mark: 2 stripe(s), 2 proactive flush(es), 1 terminate flush(es), 0 completion(s), 0 continuation(s) 
[19.132s][info][gc,marking  ] GC(177) y: Mark Stack Usage: 32M
[19.132s][info][gc,nmethod  ] GC(177) y: NMethods: 1585 registered, 159 unregistered
[19.132s][info][gc,metaspace] GC(177) y: Metaspace: 9M used, 10M committed, 1088M reserved
[19.132s][info][gc,reloc    ] GC(177) y:                        Candidates     Selected     In-Place         Size        Empty    Relocated 
[19.132s][info][gc,reloc    ] GC(177) y: Small Pages:                    2            0            0           4M           2M           0M 
[19.132s][info][gc,reloc    ] GC(177) y: Medium Pages:                  28            0            0         896M         864M           0M 
[19.132s][info][gc,reloc    ] GC(177) y: Large Pages:                    0            0            0           0M           0M           0M 
[19.132s][info][gc,reloc    ] GC(177) y: Forwarding Usage: 0M
[19.132s][info][gc,reloc    ] GC(177) y: Age Table:
[19.132s][info][gc,reloc    ] GC(177) y:                    Live             Garbage             Small              Medium             Large        
[19.132s][info][gc,reloc    ] GC(177) y: Eden               0M (0%)          865M (85%)          1 / 0             27 / 0              0 / 0        
[19.132s][info][gc,reloc    ] GC(177) y: Survivor 1          -                34M (3%)           1 / 0              1 / 0              0 / 0        
[19.132s][info][gc,heap     ] GC(177) y: Min Capacity: 8M(1%)
[19.132s][info][gc,heap     ] GC(177) y: Max Capacity: 1024M(100%)
[19.132s][info][gc,heap     ] GC(177) y: Soft Max Capacity: 1024M(100%)
[19.132s][info][gc,heap     ] GC(177) y: Heap Statistics:
[19.132s][info][gc,heap     ] GC(177) y:                Mark Start          Mark End        Relocate Start      Relocate End           High               Low         
[19.132s][info][gc,heap     ] GC(177) y:  Capacity:     1024M (100%)       1024M (100%)       1024M (100%)       1024M (100%)       1024M (100%)       1024M (100%)   
[19.132s][info][gc,heap     ] GC(177) y:      Free:       84M (8%)           50M (5%)          916M (89%)         916M (89%)         916M (89%)          50M (5%)     
[19.132s][info][gc,heap     ] GC(177) y:      Used:      940M (92%)         974M (95%)         108M (11%)         108M (11%)         974M (95%)         108M (11%)    
[19.132s][info][gc,heap     ] GC(177) y: Young Generation Statistics:
[19.132s][info][gc,heap     ] GC(177) y:                Mark Start          Mark End        Relocate Start      Relocate End    
[19.132s][info][gc,heap     ] GC(177) y:      Used:      900M (88%)         934M (91%)          68M (7%)           68M (7%)     
[19.132s][info][gc,heap     ] GC(177) y:      Live:         -                 0M (0%)            0M (0%)            0M (0%)     
[19.132s][info][gc,heap     ] GC(177) y:   Garbage:         -               899M (88%)          33M (3%)           33M (3%)     
[19.132s][info][gc,heap     ] GC(177) y: Allocated:         -                34M (3%)           34M (3%)           34M (3%)     
[19.132s][info][gc,heap     ] GC(177) y: Reclaimed:         -                  -               866M (85%)         866M (85%)    
[19.132s][info][gc,heap     ] GC(177) y:  Promoted:         -                  -                 0M (0%)            0M (0%)     
[19.132s][info][gc,heap     ] GC(177) y: Compacted:         -                  -                  -                 0M (0%)     
[19.132s][info][gc,phases   ] GC(177) y: Young Generation 940M(92%)->108M(11%) 0.002s
[19.132s][info][gc          ] GC(177) Minor Collection (Allocation Rate) 940M(92%)->108M(11%) 0.003s
[19.202s][info][gc          ] GC(178) Minor Collection (Allocation Rate)
[19.202s][info][gc,task     ] GC(178) Using 3 Workers for Young Generation
[19.202s][info][gc,phases   ] GC(178) y: Young Generation
[19.203s][info][gc,phases   ] GC(178) y: Pause Mark Start 0.006ms
[19.204s][info][gc,phases   ] GC(178) y: Concurrent Mark 0.921ms
[19.204s][info][gc,phases   ] GC(178) y: Pause Mark End 0.005ms
[19.204s][info][gc,phases   ] GC(178) y: Concurrent Mark Free 0.000ms
[19.204s][info][gc,phases   ] GC(178) y: Concurrent Reset Relocation Set 0.000ms
[19.205s][info][gc,reloc    ] GC(178) y: Using tenuring threshold: 1 (Computed)
[19.205s][info][gc,phases   ] GC(178) y: Concurrent Select Relocation Set 1.076ms
[19.205s][info][gc,phases   ] GC(178) y: Pause Relocate Start 0.004ms
[19.205s][info][gc,phases   ] GC(178) y: Concurrent Relocate 0.050ms
[19.205s][info][gc,alloc    ] GC(178) y:                         Mark Start        Mark End      Relocate Start    Relocate End   
[19.205s][info][gc,alloc    ] GC(178) y: Allocation Stalls:          0                0                0                0         
[19.205s][info][gc,load     ] GC(178) y: Load: 3.00 (30%) / 3.04 (30%) / 3.14 (31%)
[19.205s][info][gc,mmu      ] GC(178) y: MMU: 2ms/99.0%, 5ms/99.5%, 10ms/99.7%, 20ms/99.7%, 50ms/99.8%, 100ms/99.9%
[19.205s][info][gc,marking  ] GC(178) y: Mark: 2 stripe(s), 2 proactive flush(es), 1 terminate flush(es), 0 completion(s), 0 continuation(s) 
[19.205s][info][gc,marking  ] GC(178) y: Mark Stack Usage: 32M
[19.205s][info][gc,nmethod  ] GC(178) y: NMethods: 1585 registered, 159 unregistered
[19.205s][info][gc,metaspace] GC(178) y: Metaspace: 9M used, 10M committed, 1088M reserved
[19.205s][info][gc,reloc    ] GC(178) y:                        Candidates     Selected     In-Place         Size        Empty    Relocated 
[19.205s][info][gc,reloc    ] GC(178) y: Small Pages:                    2            0            0           4M           2M           0M 
[19.205s][info][gc,reloc    ] GC(178) y: Medium Pages:                  28            0            0         896M         864M           0M 
[19.205s][info][gc,reloc    ] GC(178) y: Large Pages:                    0            0            0           0M           0M           0M 
[19.205s][info][gc,reloc    ] GC(178) y: Forwarding Usage: 0M
[19.205s][info][gc,reloc    ] GC(178) y: Age Table:
[19.205s][info][gc,reloc    ] GC(178) y:                    Live             Garbage             Small              Medium             Large        
[19.205s][info][gc,reloc    ] GC(178) y: Eden               0M (0%)          865M (84%)          1 / 0             27 / 0              0 / 0        
[19.205s][info][gc,reloc    ] GC(178) y: Survivor 1          -                34M (3%)           1 / 0              1 / 0              0 / 0        
[19.205s][info][gc,heap     ] GC(178) y: Min Capacity: 8M(1%)
[19.205s][info][gc,heap     ] GC(178) y: Max Capacity: 1024M(100%)
[19.205s][info][gc,heap     ] GC(178) y: Soft Max Capacity: 1024M(100%)
[19.205s][info][gc,heap     ] GC(178) y: Heap Statistics:
[19.205s][info][gc,heap     ] GC(178) y:                Mark Start          Mark End        Relocate Start      Relocate End           High               Low         
[19.205s][info][gc,heap     ] GC(178) y:  Capacity:     1024M (100%)       1024M (100%)       1024M (100%)       1024M (100%)       1024M (100%)       1024M (100%)   
[19.205s][info][gc,heap     ] GC(178) y:      Free:       84M (8%)           50M (5%)          916M (89%)         916M (89%)         916M (89%)          50M (5%)     
[19.205s][info][gc,heap     ] GC(178) y:      Used:      940M (92%)         974M (95%)         108M (11%)         108M (11%)         974M (95%)         108M (11%)    
[19.205s][info][gc,heap     ] GC(178) y: Young Generation Statistics:
[19.205s][info][gc,heap     ] GC(178) y:                Mark Start          Mark End        Relocate Start      Relocate End    
[19.205s][info][gc,heap     ] GC(178) y:      Used:      900M (88%)         934M (91%)          68M (7%)           68M (7%)     
[19.205s][info][gc,heap     ] GC(178) y:      Live:         -                 0M (0%)            0M (0%)            0M (0%)     
[19.205s][info][gc,heap     ] GC(178) y:   Garbage:         -               899M (88%)          33M (3%)           33M (3%)     
[19.205s][info][gc,heap     ] GC(178) y: Allocated:         -                34M (3%)           34M (3%)           34M (3%)     
[19.205s][info][gc,heap     ] GC(178) y: Reclaimed:         -                  -               866M (85%)         866M (85%)    
[19.205s][info][gc,heap     ] GC(178) y:  Promoted:         -                  -                 0M (0%)            0M (0%)     
[19.205s][info][gc,heap     ] GC(178) y: Compacted:         -                  -                  -                 0M (0%)     
[19.205s][info][gc,phases   ] GC(178) y: Young Generation 940M(92%)->108M(11%) 0.002s
[19.205s][info][gc          ] GC(178) Minor Collection (Allocation Rate) 940M(92%)->108M(11%) 0.003s
[19.273s][info][gc          ] GC(179) Minor Collection (Allocation Rate)
[19.273s][info][gc,task     ] GC(179) Using 2 Workers for Young Generation
[19.273s][info][gc,phases   ] GC(179) y: Young Generation
[19.273s][info][gc,phases   ] GC(179) y: Pause Mark Start 0.004ms
[19.274s][info][gc,phases   ] GC(179) y: Concurrent Mark 1.193ms
[19.274s][info][gc,phases   ] GC(179) y: Pause Mark End 0.005ms
[19.274s][info][gc,phases   ] GC(179) y: Concurrent Mark Free 0.000ms
[19.274s][info][gc,phases   ] GC(179) y: Concurrent Reset Relocation Set 0.000ms
[19.275s][info][gc,reloc    ] GC(179) y: Using tenuring threshold: 1 (Computed)
[19.275s][info][gc,phases   ] GC(179) y: Concurrent Select Relocation Set 1.040ms
[19.275s][info][gc,phases   ] GC(179) y: Pause Relocate Start 0.004ms
[19.275s][info][gc,phases   ] GC(179) y: Concurrent Relocate 0.019ms
[19.275s][info][gc,alloc    ] GC(179) y:                         Mark Start        Mark End      Relocate Start    Relocate End   
[19.275s][info][gc,alloc    ] GC(179) y: Allocation Stalls:          0                0                0                0         
[19.275s][info][gc,load     ] GC(179) y: Load: 3.00 (30%) / 3.04 (30%) / 3.14 (31%)
[19.275s][info][gc,mmu      ] GC(179) y: MMU: 2ms/99.0%, 5ms/99.5%, 10ms/99.7%, 20ms/99.7%, 50ms/99.8%, 100ms/99.9%
[19.275s][info][gc,marking  ] GC(179) y: Mark: 2 stripe(s), 2 proactive flush(es), 1 terminate flush(es), 0 completion(s), 0 continuation(s) 
[19.275s][info][gc,marking  ] GC(179) y: Mark Stack Usage: 32M
[19.275s][info][gc,nmethod  ] GC(179) y: NMethods: 1585 registered, 159 unregistered
[19.275s][info][gc,metaspace] GC(179) y: Metaspace: 9M used, 10M committed, 1088M reserved
[19.275s][info][gc,reloc    ] GC(179) y:                        Candidates     Selected     In-Place         Size        Empty    Relocated 
[19.275s][info][gc,reloc    ] GC(179) y: Small Pages:                    2            0            0           4M           2M           0M 
[19.275s][info][gc,reloc    ] GC(179) y: Medium Pages:                  27            0            0         864M         832M           0M 
[19.275s][info][gc,reloc    ] GC(179) y: Large Pages:                    0            0            0           0M           0M           0M 
[19.275s][info][gc,reloc    ] GC(179) y: Forwarding Usage: 0M
[19.275s][info][gc,reloc    ] GC(179) y: Age Table:
[19.275s][info][gc,reloc    ] GC(179) y:                    Live             Garbage             Small              Medium             Large        
[19.275s][info][gc,reloc    ] GC(179) y: Eden               0M (0%)          833M (81%)          1 / 0             26 / 0              0 / 0        
[19.275s][info][gc,reloc    ] GC(179) y: Survivor 1          -                34M (3%)           1 / 0              1 / 0              0 / 0        
[19.275s][info][gc,heap     ] GC(179) y: Min Capacity: 8M(1%)
[19.275s][info][gc,heap     ] GC(179) y: Max Capacity: 1024M(100%)
[19.275s][info][gc,heap     ] GC(179) y: Soft Max Capacity: 1024M(100%)
[19.275s][info][gc,heap     ] GC(179) y: Heap Statistics:
[19.275s][info][gc,heap     ] GC(179) y:                Mark Start          Mark End        Relocate Start      Relocate End           High               Low         
[19.275s][info][gc,heap     ] GC(179) y:  Capacity:     1024M (100%)       1024M (100%)       1024M (100%)       1024M (100%)       1024M (100%)       1024M (100%)   
[19.275s][info][gc,heap     ] GC(179) y:      Free:      116M (11%)          82M (8%)          916M (89%)         916M (89%)         916M (89%)          82M (8%)     
[19.275s][info][gc,heap     ] GC(179) y:      Used:      908M (89%)         942M (92%)         108M (11%)         108M (11%)         942M (92%)         108M (11%)    
[19.275s][info][gc,heap     ] GC(179) y: Young Generation Statistics:
[19.275s][info][gc,heap     ] GC(179) y:                Mark Start          Mark End        Relocate Start      Relocate End    
[19.275s][info][gc,heap     ] GC(179) y:      Used:      868M (85%)         902M (88%)          68M (7%)           68M (7%)     
[19.275s][info][gc,heap     ] GC(179) y:      Live:         -                 0M (0%)            0M (0%)            0M (0%)     
[19.275s][info][gc,heap     ] GC(179) y:   Garbage:         -               867M (85%)          33M (3%)           33M (3%)     
[19.275s][info][gc,heap     ] GC(179) y: Allocated:         -                34M (3%)           34M (3%)           34M (3%)     
[19.275s][info][gc,heap     ] GC(179) y: Reclaimed:         -                  -               834M (81%)         834M (81%)    
[19.275s][info][gc,heap     ] GC(179) y:  Promoted:         -                  -                 0M (0%)            0M (0%)     
[19.275s][info][gc,heap     ] GC(179) y: Compacted:         -                  -                  -                 0M (0%)     
[19.275s][info][gc,phases   ] GC(179) y: Young Generation 908M(89%)->108M(11%) 0.003s
[19.275s][info][gc          ] GC(179) Minor Collection (Allocation Rate) 908M(89%)->108M(11%) 0.003s
[19.343s][info][gc          ] GC(180) Minor Collection (Allocation Rate)
[19.343s][info][gc,task     ] GC(180) Using 2 Workers for Young Generation
[19.343s][info][gc,phases   ] GC(180) y: Young Generation
[19.343s][info][gc,phases   ] GC(180) y: Pause Mark Start 0.005ms
[19.344s][info][gc,phases   ] GC(180) y: Concurrent Mark 1.297ms
[19.344s][info][gc,phases   ] GC(180) y: Pause Mark End 0.005ms
[19.344s][info][gc,phases   ] GC(180) y: Concurrent Mark Free 0.000ms
[19.344s][info][gc,phases   ] GC(180) y: Concurrent Reset Relocation Set 0.000ms
[19.345s][info][gc,reloc    ] GC(180) y: Using tenuring threshold: 1 (Computed)
[19.345s][info][gc,phases   ] GC(180) y: Concurrent Select Relocation Set 1.049ms
[19.345s][info][gc,phases   ] GC(180) y: Pause Relocate Start 0.004ms
[19.345s][info][gc,phases   ] GC(180) y: Concurrent Relocate 0.016ms
[19.345s][info][gc,alloc    ] GC(180) y:                         Mark Start        Mark End      Relocate Start    Relocate End   
[19.345s][info][gc,alloc    ] GC(180) y: Allocation Stalls:          0                0                0                0         
[19.345s][info][gc,load     ] GC(180) y: Load: 3.00 (30%) / 3.04 (30%) / 3.14 (31%)
[19.345s][info][gc,mmu      ] GC(180) y: MMU: 2ms/99.0%, 5ms/99.5%, 10ms/99.7%, 20ms/99.7%, 50ms/99.8%, 100ms/99.9%
[19.345s][info][gc,marking  ] GC(180) y: Mark: 2 stripe(s), 2 proactive flush(es), 1 terminate flush(es), 0 completion(s), 0 continuation(s) 
[19.345s][info][gc,marking  ] GC(180) y: Mark Stack Usage: 32M
[19.345s][info][gc,nmethod  ] GC(180) y: NMethods: 1585 registered, 159 unregistered
[19.346s][info][gc,metaspace] GC(180) y: Metaspace: 9M used, 10M committed, 1088M reserved
[19.346s][info][gc,reloc    ] GC(180) y:                        Candidates     Selected     In-Place         Size        Empty    Relocated 
[19.346s][info][gc,reloc    ] GC(180) y: Small Pages:                    2            0            0           4M           2M           0M 
[19.346s][info][gc,reloc    ] GC(180) y: Medium Pages:                  27            0            0         864M         832M           0M 
[19.346s][info][gc,reloc    ] GC(180) y: Large Pages:                    0            0            0           0M           0M           0M 
[19.346s][info][gc,reloc    ] GC(180) y: Forwarding Usage: 0M
[19.346s][info][gc,reloc    ] GC(180) y: Age Table:
[19.346s][info][gc,reloc    ] GC(180) y:                    Live             Garbage             Small              Medium             Large        
[19.346s][info][gc,reloc    ] GC(180) y: Eden               0M (0%)          833M (81%)          1 / 0             26 / 0              0 / 0        
[19.346s][info][gc,reloc    ] GC(180) y: Survivor 1          -                34M (3%)           1 / 0              1 / 0              0 / 0        
[19.346s][info][gc,heap     ] GC(180) y: Min Capacity: 8M(1%)
[19.346s][info][gc,heap     ] GC(180) y: Max Capacity: 1024M(100%)
[19.346s][info][gc,heap     ] GC(180) y: Soft Max Capacity: 1024M(100%)
[19.346s][info][gc,heap     ] GC(180) y: Heap Statistics:
[19.346s][info][gc,heap     ] GC(180) y:                Mark Start          Mark End        Relocate Start      Relocate End           High               Low         
[19.346s][info][gc,heap     ] GC(180) y:  Capacity:     1024M (100%)       1024M (100%)       1024M (100%)       1024M (100%)       1024M (100%)       1024M (100%)   
[19.346s][info][gc,heap     ] GC(180) y:      Free:      116M (11%)          82M (8%)          916M (89%)         916M (89%)         916M (89%)          82M (8%)     
[19.346s][info][gc,heap     ] GC(180) y:      Used:      908M (89%)         942M (92%)         108M (11%)         108M (11%)         942M (92%)         108M (11%)    
[19.346s][info][gc,heap     ] GC(180) y: Young Generation Statistics:
[19.346s][info][gc,heap     ] GC(180) y:                Mark Start          Mark End        Relocate Start      Relocate End    
[19.346s][info][gc,heap     ] GC(180) y:      Used:      868M (85%)         902M (88%)          68M (7%)           68M (7%)     
[19.346s][info][gc,heap     ] GC(180) y:      Live:         -                 0M (0%)            0M (0%)            0M (0%)     
[19.346s][info][gc,heap     ] GC(180) y:   Garbage:         -               867M (85%)          33M (3%)           33M (3%)     
[19.346s][info][gc,heap     ] GC(180) y: Allocated:         -                34M (3%)           34M (3%)           34M (3%)     
[19.346s][info][gc,heap     ] GC(180) y: Reclaimed:         -                  -               834M (81%)         834M (81%)    
[19.346s][info][gc,heap     ] GC(180) y:  Promoted:         -                  -                 0M (0%)            0M (0%)     
[19.346s][info][gc,heap     ] GC(180) y: Compacted:         -                  -                  -                 0M (0%)     
[19.346s][info][gc,phases   ] GC(180) y: Young Generation 908M(89%)->108M(11%) 0.003s
[19.346s][info][gc          ] GC(180) Minor Collection (Allocation Rate) 908M(89%)->108M(11%) 0.003s
[19.410s][info][gc          ] GC(181) Minor Collection (Allocation Rate)
[19.410s][info][gc,task     ] GC(181) Using 1 Workers for Young Generation
[19.410s][info][gc,phases   ] GC(181) y: Young Generation
[19.410s][info][gc,phases   ] GC(181) y: Pause Mark Start 0.004ms
[19.413s][info][gc,phases   ] GC(181) y: Concurrent Mark 2.313ms
[19.413s][info][gc,phases   ] GC(181) y: Pause Mark End 0.006ms
[19.413s][info][gc,phases   ] GC(181) y: Concurrent Mark Free 0.000ms
[19.413s][info][gc,phases   ] GC(181) y: Concurrent Reset Relocation Set 0.000ms
[19.414s][info][gc,reloc    ] GC(181) y: Using tenuring threshold: 1 (Computed)
[19.414s][info][gc,phases   ] GC(181) y: Concurrent Select Relocation Set 1.068ms
[19.414s][info][gc,phases   ] GC(181) y: Pause Relocate Start 0.003ms
[19.414s][info][gc,phases   ] GC(181) y: Concurrent Relocate 0.029ms
[19.414s][info][gc,alloc    ] GC(181) y:                         Mark Start        Mark End      Relocate Start    Relocate End   
[19.414s][info][gc,alloc    ] GC(181) y: Allocation Stalls:          0                0                0                0         
[19.414s][info][gc,load     ] GC(181) y: Load: 3.00 (30%) / 3.04 (30%) / 3.14 (31%)
[19.414s][info][gc,mmu      ] GC(181) y: MMU: 2ms/99.0%, 5ms/99.5%, 10ms/99.7%, 20ms/99.7%, 50ms/99.8%, 100ms/99.9%
[19.414s][info][gc,marking  ] GC(181) y: Mark: 1 stripe(s), 2 proactive flush(es), 1 terminate flush(es), 0 completion(s), 0 continuation(s) 
[19.414s][info][gc,marking  ] GC(181) y: Mark Stack Usage: 32M
[19.414s][info][gc,nmethod  ] GC(181) y: NMethods: 1585 registered, 159 unregistered
[19.414s][info][gc,metaspace] GC(181) y: Metaspace: 9M used, 10M committed, 1088M reserved
[19.414s][info][gc,reloc    ] GC(181) y:                        Candidates     Selected     In-Place         Size        Empty    Relocated 
[19.414s][info][gc,reloc    ] GC(181) y: Small Pages:                    2            0            0           4M           2M           0M 
[19.414s][info][gc,reloc    ] GC(181) y: Medium Pages:                  26            0            0         832M         800M           0M 
[19.414s][info][gc,reloc    ] GC(181) y: Large Pages:                    0            0            0           0M           0M           0M 
[19.414s][info][gc,reloc    ] GC(181) y: Forwarding Usage: 0M
[19.414s][info][gc,reloc    ] GC(181) y: Age Table:
[19.414s][info][gc,reloc    ] GC(181) y:                    Live             Garbage             Small              Medium             Large        
[19.414s][info][gc,reloc    ] GC(181) y: Eden               0M (0%)          801M (78%)          1 / 0             25 / 0              0 / 0        
[19.414s][info][gc,reloc    ] GC(181) y: Survivor 1          -                34M (3%)           1 / 0              1 / 0              0 / 0        
[19.414s][info][gc,heap     ] GC(181) y: Min Capacity: 8M(1%)
[19.414s][info][gc,heap     ] GC(181) y: Max Capacity: 1024M(100%)
[19.414s][info][gc,heap     ] GC(181) y: Soft Max Capacity: 1024M(100%)
[19.414s][info][gc,heap     ] GC(181) y: Heap Statistics:
[19.414s][info][gc,heap     ] GC(181) y:                Mark Start          Mark End        Relocate Start      Relocate End           High               Low         
[19.414s][info][gc,heap     ] GC(181) y:  Capacity:     1024M (100%)       1024M (100%)       1024M (100%)       1024M (100%)       1024M (100%)       1024M (100%)   
[19.414s][info][gc,heap     ] GC(181) y:      Free:      148M (14%)         114M (11%)         884M (86%)         884M (86%)         884M (86%)          82M (8%)     
[19.414s][info][gc,heap     ] GC(181) y:      Used:      876M (86%)         910M (89%)         140M (14%)         140M (14%)         942M (92%)         140M (14%)    
[19.414s][info][gc,heap     ] GC(181) y: Young Generation Statistics:
[19.414s][info][gc,heap     ] GC(181) y:                Mark Start          Mark End        Relocate Start      Relocate End    
[19.414s][info][gc,heap     ] GC(181) y:      Used:      836M (82%)         870M (85%)         100M (10%)         100M (10%)    
[19.414s][info][gc,heap     ] GC(181) y:      Live:         -                 0M (0%)            0M (0%)            0M (0%)     
[19.414s][info][gc,heap     ] GC(181) y:   Garbage:         -               835M (82%)          33M (3%)           33M (3%)     
[19.414s][info][gc,heap     ] GC(181) y: Allocated:         -                34M (3%)           66M (6%)           66M (6%)     
[19.414s][info][gc,heap     ] GC(181) y: Reclaimed:         -                  -               802M (78%)         802M (78%)    
[19.414s][info][gc,heap     ] GC(181) y:  Promoted:         -                  -                 0M (0%)            0M (0%)     
[19.414s][info][gc,heap     ] GC(181) y: Compacted:         -                  -                  -                 0M (0%)     
[19.414s][info][gc,phases   ] GC(181) y: Young Generation 876M(86%)->140M(14%) 0.004s
[19.414s][info][gc          ] GC(181) Minor Collection (Allocation Rate) 876M(86%)->140M(14%) 0.004s
[19.483s][info][gc          ] GC(182) Minor Collection (Allocation Rate)
[19.483s][info][gc,task     ] GC(182) Using 3 Workers for Young Generation
[19.483s][info][gc,phases   ] GC(182) y: Young Generation
[19.484s][info][gc,phases   ] GC(182) y: Pause Mark Start 0.004ms
[19.484s][info][gc,phases   ] GC(182) y: Concurrent Mark 0.926ms
[19.485s][info][gc,phases   ] GC(182) y: Pause Mark End 0.008ms
[19.485s][info][gc,phases   ] GC(182) y: Concurrent Mark Free 0.000ms
[19.485s][info][gc,phases   ] GC(182) y: Concurrent Reset Relocation Set 0.000ms
[19.486s][info][gc,reloc    ] GC(182) y: Using tenuring threshold: 1 (Computed)
[19.486s][info][gc,phases   ] GC(182) y: Concurrent Select Relocation Set 1.089ms
[19.486s][info][gc,phases   ] GC(182) y: Pause Relocate Start 0.005ms
[19.486s][info][gc,phases   ] GC(182) y: Concurrent Relocate 0.046ms
[19.486s][info][gc,alloc    ] GC(182) y:                         Mark Start        Mark End      Relocate Start    Relocate End   
[19.486s][info][gc,alloc    ] GC(182) y: Allocation Stalls:          0                0                0                0         
[19.486s][info][gc,load     ] GC(182) y: Load: 3.00 (30%) / 3.04 (30%) / 3.14 (31%)
[19.486s][info][gc,mmu      ] GC(182) y: MMU: 2ms/99.0%, 5ms/99.5%, 10ms/99.7%, 20ms/99.7%, 50ms/99.8%, 100ms/99.9%
[19.486s][info][gc,marking  ] GC(182) y: Mark: 2 stripe(s), 2 proactive flush(es), 1 terminate flush(es), 0 completion(s), 0 continuation(s) 
[19.486s][info][gc,marking  ] GC(182) y: Mark Stack Usage: 32M
[19.486s][info][gc,nmethod  ] GC(182) y: NMethods: 1585 registered, 159 unregistered
[19.486s][info][gc,metaspace] GC(182) y: Metaspace: 9M used, 10M committed, 1088M reserved
[19.486s][info][gc,reloc    ] GC(182) y:                        Candidates     Selected     In-Place         Size        Empty    Relocated 
[19.486s][info][gc,reloc    ] GC(182) y: Small Pages:                    2            0            0           4M           2M           0M 
[19.486s][info][gc,reloc    ] GC(182) y: Medium Pages:                  28            0            0         896M         864M           0M 
[19.486s][info][gc,reloc    ] GC(182) y: Large Pages:                    0            0            0           0M           0M           0M 
[19.486s][info][gc,reloc    ] GC(182) y: Forwarding Usage: 0M
[19.486s][info][gc,reloc    ] GC(182) y: Age Table:
[19.486s][info][gc,reloc    ] GC(182) y:                    Live             Garbage             Small              Medium             Large        
[19.486s][info][gc,reloc    ] GC(182) y: Eden               0M (0%)          865M (85%)          1 / 0             27 / 0              0 / 0        
[19.486s][info][gc,reloc    ] GC(182) y: Survivor 1          -                34M (3%)           1 / 0              1 / 0              0 / 0        
[19.486s][info][gc,heap     ] GC(182) y: Min Capacity: 8M(1%)
[19.486s][info][gc,heap     ] GC(182) y: Max Capacity: 1024M(100%)
[19.486s][info][gc,heap     ] GC(182) y: Soft Max Capacity: 1024M(100%)
[19.486s][info][gc,heap     ] GC(182) y: Heap Statistics:
[19.486s][info][gc,heap     ] GC(182) y:                Mark Start          Mark End        Relocate Start      Relocate End           High               Low         
[19.486s][info][gc,heap     ] GC(182) y:  Capacity:     1024M (100%)       1024M (100%)       1024M (100%)       1024M (100%)       1024M (100%)       1024M (100%)   
[19.486s][info][gc,heap     ] GC(182) y:      Free:       84M (8%)           50M (5%)          916M (89%)         916M (89%)         916M (89%)          50M (5%)     
[19.486s][info][gc,heap     ] GC(182) y:      Used:      940M (92%)         974M (95%)         108M (11%)         108M (11%)         974M (95%)         108M (11%)    
[19.486s][info][gc,heap     ] GC(182) y: Young Generation Statistics:
[19.486s][info][gc,heap     ] GC(182) y:                Mark Start          Mark End        Relocate Start      Relocate End    
[19.486s][info][gc,heap     ] GC(182) y:      Used:      900M (88%)         934M (91%)          68M (7%)           68M (7%)     
[19.486s][info][gc,heap     ] GC(182) y:      Live:         -                 0M (0%)            0M (0%)            0M (0%)     
[19.486s][info][gc,heap     ] GC(182) y:   Garbage:         -               899M (88%)          33M (3%)           33M (3%)     
[19.486s][info][gc,heap     ] GC(182) y: Allocated:         -                34M (3%)           34M (3%)           34M (3%)     
[19.486s][info][gc,heap     ] GC(182) y: Reclaimed:         -                  -               866M (85%)         866M (85%)    
[19.486s][info][gc,heap     ] GC(182) y:  Promoted:         -                  -                 0M (0%)            0M (0%)     
[19.486s][info][gc,heap     ] GC(182) y: Compacted:         -                  -                  -                 0M (0%)     
[19.486s][info][gc,phases   ] GC(182) y: Young Generation 940M(92%)->108M(11%) 0.002s
[19.486s][info][gc          ] GC(182) Minor Collection (Allocation Rate) 940M(92%)->108M(11%) 0.003s
[19.556s][info][gc          ] GC(183) Minor Collection (Allocation Rate)
[19.556s][info][gc,task     ] GC(183) Using 3 Workers for Young Generation
[19.556s][info][gc,phases   ] GC(183) y: Young Generation
[19.556s][info][gc,phases   ] GC(183) y: Pause Mark Start 0.005ms
[19.558s][info][gc,phases   ] GC(183) y: Concurrent Mark 1.005ms
[19.558s][info][gc,phases   ] GC(183) y: Pause Mark End 0.004ms
[19.558s][info][gc,phases   ] GC(183) y: Concurrent Mark Free 0.000ms
[19.558s][info][gc,phases   ] GC(183) y: Concurrent Reset Relocation Set 0.000ms
[19.559s][info][gc,reloc    ] GC(183) y: Using tenuring threshold: 1 (Computed)
[19.559s][info][gc,phases   ] GC(183) y: Concurrent Select Relocation Set 1.079ms
[19.559s][info][gc,phases   ] GC(183) y: Pause Relocate Start 0.009ms
[19.559s][info][gc,phases   ] GC(183) y: Concurrent Relocate 0.033ms
[19.559s][info][gc,alloc    ] GC(183) y:                         Mark Start        Mark End      Relocate Start    Relocate End   
[19.559s][info][gc,alloc    ] GC(183) y: Allocation Stalls:          0                0                0                0         
[19.559s][info][gc,load     ] GC(183) y: Load: 3.00 (30%) / 3.04 (30%) / 3.14 (31%)
[19.559s][info][gc,mmu      ] GC(183) y: MMU: 2ms/99.0%, 5ms/99.5%, 10ms/99.7%, 20ms/99.7%, 50ms/99.8%, 100ms/99.9%
[19.559s][info][gc,marking  ] GC(183) y: Mark: 2 stripe(s), 2 proactive flush(es), 1 terminate flush(es), 0 completion(s), 0 continuation(s) 
[19.559s][info][gc,marking  ] GC(183) y: Mark Stack Usage: 32M
[19.559s][info][gc,nmethod  ] GC(183) y: NMethods: 1585 registered, 159 unregistered
[19.559s][info][gc,metaspace] GC(183) y: Metaspace: 9M used, 10M committed, 1088M reserved
[19.559s][info][gc,reloc    ] GC(183) y:                        Candidates     Selected     In-Place         Size        Empty    Relocated 
[19.559s][info][gc,reloc    ] GC(183) y: Small Pages:                    2            0            0           4M           2M           0M 
[19.559s][info][gc,reloc    ] GC(183) y: Medium Pages:                  28            0            0         896M         864M           0M 
[19.559s][info][gc,reloc    ] GC(183) y: Large Pages:                    0            0            0           0M           0M           0M 
[19.559s][info][gc,reloc    ] GC(183) y: Forwarding Usage: 0M
[19.559s][info][gc,reloc    ] GC(183) y: Age Table:
[19.559s][info][gc,reloc    ] GC(183) y:                    Live             Garbage             Small              Medium             Large        
[19.559s][info][gc,reloc    ] GC(183) y: Eden               0M (0%)          865M (85%)          1 / 0             27 / 0              0 / 0        
[19.559s][info][gc,reloc    ] GC(183) y: Survivor 1          -                34M (3%)           1 / 0              1 / 0              0 / 0        
[19.559s][info][gc,heap     ] GC(183) y: Min Capacity: 8M(1%)
[19.559s][info][gc,heap     ] GC(183) y: Max Capacity: 1024M(100%)
[19.559s][info][gc,heap     ] GC(183) y: Soft Max Capacity: 1024M(100%)
[19.559s][info][gc,heap     ] GC(183) y: Heap Statistics:
[19.559s][info][gc,heap     ] GC(183) y:                Mark Start          Mark End        Relocate Start      Relocate End           High               Low         
[19.559s][info][gc,heap     ] GC(183) y:  Capacity:     1024M (100%)       1024M (100%)       1024M (100%)       1024M (100%)       1024M (100%)       1024M (100%)   
[19.559s][info][gc,heap     ] GC(183) y:      Free:       84M (8%)           50M (5%)          916M (89%)         916M (89%)         916M (89%)          50M (5%)     
[19.559s][info][gc,heap     ] GC(183) y:      Used:      940M (92%)         974M (95%)         108M (11%)         108M (11%)         974M (95%)         108M (11%)    
[19.559s][info][gc,heap     ] GC(183) y: Young Generation Statistics:
[19.559s][info][gc,heap     ] GC(183) y:                Mark Start          Mark End        Relocate Start      Relocate End    
[19.559s][info][gc,heap     ] GC(183) y:      Used:      900M (88%)         934M (91%)          68M (7%)           68M (7%)     
[19.559s][info][gc,heap     ] GC(183) y:      Live:         -                 0M (0%)            0M (0%)            0M (0%)     
[19.559s][info][gc,heap     ] GC(183) y:   Garbage:         -               899M (88%)          33M (3%)           33M (3%)     
[19.559s][info][gc,heap     ] GC(183) y: Allocated:         -                34M (3%)           34M (3%)           34M (3%)     
[19.559s][info][gc,heap     ] GC(183) y: Reclaimed:         -                  -               866M (85%)         866M (85%)    
[19.559s][info][gc,heap     ] GC(183) y:  Promoted:         -                  -                 0M (0%)            0M (0%)     
[19.559s][info][gc,heap     ] GC(183) y: Compacted:         -                  -                  -                 0M (0%)     
[19.559s][info][gc,phases   ] GC(183) y: Young Generation 940M(92%)->108M(11%) 0.002s
[19.559s][info][gc          ] GC(183) Minor Collection (Allocation Rate) 940M(92%)->108M(11%) 0.003s
[19.629s][info][gc          ] GC(184) Minor Collection (Allocation Rate)
[19.629s][info][gc,task     ] GC(184) Using 3 Workers for Young Generation
[19.629s][info][gc,phases   ] GC(184) y: Young Generation
[19.629s][info][gc,phases   ] GC(184) y: Pause Mark Start 0.005ms
[19.630s][info][gc,phases   ] GC(184) y: Concurrent Mark 0.984ms
[19.630s][info][gc,phases   ] GC(184) y: Pause Mark End 0.005ms
[19.630s][info][gc,phases   ] GC(184) y: Concurrent Mark Free 0.000ms
[19.630s][info][gc,phases   ] GC(184) y: Concurrent Reset Relocation Set 0.000ms
[19.631s][info][gc,reloc    ] GC(184) y: Using tenuring threshold: 1 (Computed)
[19.632s][info][gc,phases   ] GC(184) y: Concurrent Select Relocation Set 1.061ms
[19.632s][info][gc,phases   ] GC(184) y: Pause Relocate Start 0.004ms
[19.632s][info][gc,phases   ] GC(184) y: Concurrent Relocate 0.064ms
[19.632s][info][gc,alloc    ] GC(184) y:                         Mark Start        Mark End      Relocate Start    Relocate End   
[19.632s][info][gc,alloc    ] GC(184) y: Allocation Stalls:          0                0                0                0         
[19.632s][info][gc,load     ] GC(184) y: Load: 3.00 (30%) / 3.04 (30%) / 3.14 (31%)
[19.632s][info][gc,mmu      ] GC(184) y: MMU: 2ms/99.0%, 5ms/99.5%, 10ms/99.7%, 20ms/99.7%, 50ms/99.8%, 100ms/99.9%
[19.632s][info][gc,marking  ] GC(184) y: Mark: 2 stripe(s), 2 proactive flush(es), 1 terminate flush(es), 0 completion(s), 0 continuation(s) 
[19.632s][info][gc,marking  ] GC(184) y: Mark Stack Usage: 32M
[19.632s][info][gc,nmethod  ] GC(184) y: NMethods: 1585 registered, 159 unregistered
[19.632s][info][gc,metaspace] GC(184) y: Metaspace: 9M used, 10M committed, 1088M reserved
[19.632s][info][gc,reloc    ] GC(184) y:                        Candidates     Selected     In-Place         Size        Empty    Relocated 
[19.632s][info][gc,reloc    ] GC(184) y: Small Pages:                    2            0            0           4M           2M           0M 
[19.632s][info][gc,reloc    ] GC(184) y: Medium Pages:                  28            0            0         896M         864M           0M 
[19.632s][info][gc,reloc    ] GC(184) y: Large Pages:                    0            0            0           0M           0M           0M 
[19.632s][info][gc,reloc    ] GC(184) y: Forwarding Usage: 0M
[19.632s][info][gc,reloc    ] GC(184) y: Age Table:
[19.632s][info][gc,reloc    ] GC(184) y:                    Live             Garbage             Small              Medium             Large        
[19.632s][info][gc,reloc    ] GC(184) y: Eden               0M (0%)          865M (85%)          1 / 0             27 / 0              0 / 0        
[19.632s][info][gc,reloc    ] GC(184) y: Survivor 1          -                34M (3%)           1 / 0              1 / 0              0 / 0        
[19.632s][info][gc,heap     ] GC(184) y: Min Capacity: 8M(1%)
[19.632s][info][gc,heap     ] GC(184) y: Max Capacity: 1024M(100%)
[19.632s][info][gc,heap     ] GC(184) y: Soft Max Capacity: 1024M(100%)
[19.632s][info][gc,heap     ] GC(184) y: Heap Statistics:
[19.632s][info][gc,heap     ] GC(184) y:                Mark Start          Mark End        Relocate Start      Relocate End           High               Low         
[19.632s][info][gc,heap     ] GC(184) y:  Capacity:     1024M (100%)       1024M (100%)       1024M (100%)       1024M (100%)       1024M (100%)       1024M (100%)   
[19.632s][info][gc,heap     ] GC(184) y:      Free:       84M (8%)           50M (5%)          916M (89%)         916M (89%)         916M (89%)          50M (5%)     
[19.632s][info][gc,heap     ] GC(184) y:      Used:      940M (92%)         974M (95%)         108M (11%)         108M (11%)         974M (95%)         108M (11%)    
[19.632s][info][gc,heap     ] GC(184) y: Young Generation Statistics:
[19.632s][info][gc,heap     ] GC(184) y:                Mark Start          Mark End        Relocate Start      Relocate End    
[19.632s][info][gc,heap     ] GC(184) y:      Used:      900M (88%)         934M (91%)          68M (7%)           68M (7%)     
[19.632s][info][gc,heap     ] GC(184) y:      Live:         -                 0M (0%)            0M (0%)            0M (0%)     
[19.632s][info][gc,heap     ] GC(184) y:   Garbage:         -               899M (88%)          33M (3%)           33M (3%)     
[19.632s][info][gc,heap     ] GC(184) y: Allocated:         -                34M (3%)           34M (3%)           34M (3%)     
[19.632s][info][gc,heap     ] GC(184) y: Reclaimed:         -                  -               866M (85%)         866M (85%)    
[19.632s][info][gc,heap     ] GC(184) y:  Promoted:         -                  -                 0M (0%)            0M (0%)     
[19.632s][info][gc,heap     ] GC(184) y: Compacted:         -                  -                  -                 0M (0%)     
[19.632s][info][gc,phases   ] GC(184) y: Young Generation 940M(92%)->108M(11%) 0.002s
[19.632s][info][gc          ] GC(184) Minor Collection (Allocation Rate) 940M(92%)->108M(11%) 0.003s
[19.700s][info][gc          ] GC(185) Minor Collection (Allocation Rate)
[19.700s][info][gc,task     ] GC(185) Using 2 Workers for Young Generation
[19.700s][info][gc,phases   ] GC(185) y: Young Generation
[19.700s][info][gc,phases   ] GC(185) y: Pause Mark Start 0.004ms
[19.701s][info][gc,phases   ] GC(185) y: Concurrent Mark 1.343ms
[19.701s][info][gc,phases   ] GC(185) y: Pause Mark End 0.005ms
[19.701s][info][gc,phases   ] GC(185) y: Concurrent Mark Free 0.000ms
[19.701s][info][gc,phases   ] GC(185) y: Concurrent Reset Relocation Set 0.000ms
[19.702s][info][gc,reloc    ] GC(185) y: Using tenuring threshold: 1 (Computed)
[19.702s][info][gc,phases   ] GC(185) y: Concurrent Select Relocation Set 1.084ms
[19.702s][info][gc,phases   ] GC(185) y: Pause Relocate Start 0.003ms
[19.702s][info][gc,phases   ] GC(185) y: Concurrent Relocate 0.023ms
[19.702s][info][gc,alloc    ] GC(185) y:                         Mark Start        Mark End      Relocate Start    Relocate End   
[19.702s][info][gc,alloc    ] GC(185) y: Allocation Stalls:          0                0                0                0         
[19.702s][info][gc,load     ] GC(185) y: Load: 3.00 (30%) / 3.04 (30%) / 3.14 (31%)
[19.702s][info][gc,mmu      ] GC(185) y: MMU: 2ms/99.0%, 5ms/99.5%, 10ms/99.7%, 20ms/99.7%, 50ms/99.8%, 100ms/99.9%
[19.702s][info][gc,marking  ] GC(185) y: Mark: 2 stripe(s), 2 proactive flush(es), 1 terminate flush(es), 0 completion(s), 0 continuation(s) 
[19.702s][info][gc,marking  ] GC(185) y: Mark Stack Usage: 32M
[19.702s][info][gc,nmethod  ] GC(185) y: NMethods: 1585 registered, 159 unregistered
[19.702s][info][gc,metaspace] GC(185) y: Metaspace: 9M used, 10M committed, 1088M reserved
[19.702s][info][gc,reloc    ] GC(185) y:                        Candidates     Selected     In-Place         Size        Empty    Relocated 
[19.702s][info][gc,reloc    ] GC(185) y: Small Pages:                    2            0            0           4M           2M           0M 
[19.702s][info][gc,reloc    ] GC(185) y: Medium Pages:                  27            0            0         864M         832M           0M 
[19.702s][info][gc,reloc    ] GC(185) y: Large Pages:                    0            0            0           0M           0M           0M 
[19.702s][info][gc,reloc    ] GC(185) y: Forwarding Usage: 0M
[19.702s][info][gc,reloc    ] GC(185) y: Age Table:
[19.702s][info][gc,reloc    ] GC(185) y:                    Live             Garbage             Small              Medium             Large        
[19.702s][info][gc,reloc    ] GC(185) y: Eden               0M (0%)          833M (81%)          1 / 0             26 / 0              0 / 0        
[19.702s][info][gc,reloc    ] GC(185) y: Survivor 1          -                34M (3%)           1 / 0              1 / 0              0 / 0        
[19.702s][info][gc,heap     ] GC(185) y: Min Capacity: 8M(1%)
[19.702s][info][gc,heap     ] GC(185) y: Max Capacity: 1024M(100%)
[19.702s][info][gc,heap     ] GC(185) y: Soft Max Capacity: 1024M(100%)
[19.702s][info][gc,heap     ] GC(185) y: Heap Statistics:
[19.702s][info][gc,heap     ] GC(185) y:                Mark Start          Mark End        Relocate Start      Relocate End           High               Low         
[19.703s][info][gc,heap     ] GC(185) y:  Capacity:     1024M (100%)       1024M (100%)       1024M (100%)       1024M (100%)       1024M (100%)       1024M (100%)   
[19.703s][info][gc,heap     ] GC(185) y:      Free:      116M (11%)          82M (8%)          916M (89%)         916M (89%)         916M (89%)          82M (8%)     
[19.703s][info][gc,heap     ] GC(185) y:      Used:      908M (89%)         942M (92%)         108M (11%)         108M (11%)         942M (92%)         108M (11%)    
[19.703s][info][gc,heap     ] GC(185) y: Young Generation Statistics:
[19.703s][info][gc,heap     ] GC(185) y:                Mark Start          Mark End        Relocate Start      Relocate End    
[19.703s][info][gc,heap     ] GC(185) y:      Used:      868M (85%)         902M (88%)          68M (7%)           68M (7%)     
[19.703s][info][gc,heap     ] GC(185) y:      Live:         -                 0M (0%)            0M (0%)            0M (0%)     
[19.703s][info][gc,heap     ] GC(185) y:   Garbage:         -               867M (85%)          33M (3%)           33M (3%)     
[19.703s][info][gc,heap     ] GC(185) y: Allocated:         -                34M (3%)           34M (3%)           34M (3%)     
[19.703s][info][gc,heap     ] GC(185) y: Reclaimed:         -                  -               834M (81%)         834M (81%)    
[19.703s][info][gc,heap     ] GC(185) y:  Promoted:         -                  -                 0M (0%)            0M (0%)     
[19.703s][info][gc,heap     ] GC(185) y: Compacted:         -                  -                  -                 0M (0%)     
[19.703s][info][gc,phases   ] GC(185) y: Young Generation 908M(89%)->108M(11%) 0.003s
[19.703s][info][gc          ] GC(185) Minor Collection (Allocation Rate) 908M(89%)->108M(11%) 0.003s
[19.771s][info][gc          ] GC(186) Minor Collection (Allocation Rate)
[19.771s][info][gc,task     ] GC(186) Using 2 Workers for Young Generation
[19.771s][info][gc,phases   ] GC(186) y: Young Generation
[19.771s][info][gc,phases   ] GC(186) y: Pause Mark Start 0.005ms
[19.772s][info][gc,phases   ] GC(186) y: Concurrent Mark 1.365ms
[19.772s][info][gc,phases   ] GC(186) y: Pause Mark End 0.005ms
[19.772s][info][gc,phases   ] GC(186) y: Concurrent Mark Free 0.000ms
[19.772s][info][gc,phases   ] GC(186) y: Concurrent Reset Relocation Set 0.000ms
[19.773s][info][gc,reloc    ] GC(186) y: Using tenuring threshold: 1 (Computed)
[19.773s][info][gc,phases   ] GC(186) y: Concurrent Select Relocation Set 1.031ms
[19.773s][info][gc,phases   ] GC(186) y: Pause Relocate Start 0.003ms
[19.773s][info][gc,phases   ] GC(186) y: Concurrent Relocate 0.015ms
[19.773s][info][gc,alloc    ] GC(186) y:                         Mark Start        Mark End      Relocate Start    Relocate End   
[19.773s][info][gc,alloc    ] GC(186) y: Allocation Stalls:          0                0                0                0         
[19.773s][info][gc,load     ] GC(186) y: Load: 3.00 (30%) / 3.04 (30%) / 3.14 (31%)
[19.773s][info][gc,mmu      ] GC(186) y: MMU: 2ms/99.0%, 5ms/99.5%, 10ms/99.7%, 20ms/99.7%, 50ms/99.8%, 100ms/99.9%
[19.773s][info][gc,marking  ] GC(186) y: Mark: 2 stripe(s), 2 proactive flush(es), 1 terminate flush(es), 0 completion(s), 0 continuation(s) 
[19.773s][info][gc,marking  ] GC(186) y: Mark Stack Usage: 32M
[19.773s][info][gc,nmethod  ] GC(186) y: NMethods: 1585 registered, 159 unregistered
[19.773s][info][gc,metaspace] GC(186) y: Metaspace: 9M used, 10M committed, 1088M reserved
[19.773s][info][gc,reloc    ] GC(186) y:                        Candidates     Selected     In-Place         Size        Empty    Relocated 
[19.773s][info][gc,reloc    ] GC(186) y: Small Pages:                    2            0            0           4M           2M           0M 
[19.773s][info][gc,reloc    ] GC(186) y: Medium Pages:                  27            0            0         864M         832M           0M 
[19.773s][info][gc,reloc    ] GC(186) y: Large Pages:                    0            0            0           0M           0M           0M 
[19.773s][info][gc,reloc    ] GC(186) y: Forwarding Usage: 0M
[19.773s][info][gc,reloc    ] GC(186) y: Age Table:
[19.773s][info][gc,reloc    ] GC(186) y:                    Live             Garbage             Small              Medium             Large        
[19.773s][info][gc,reloc    ] GC(186) y: Eden               0M (0%)          833M (81%)          1 / 0             26 / 0              0 / 0        
[19.773s][info][gc,reloc    ] GC(186) y: Survivor 1          -                34M (3%)           1 / 0              1 / 0              0 / 0        
[19.773s][info][gc,heap     ] GC(186) y: Min Capacity: 8M(1%)
[19.773s][info][gc,heap     ] GC(186) y: Max Capacity: 1024M(100%)
[19.773s][info][gc,heap     ] GC(186) y: Soft Max Capacity: 1024M(100%)
[19.773s][info][gc,heap     ] GC(186) y: Heap Statistics:
[19.773s][info][gc,heap     ] GC(186) y:                Mark Start          Mark End        Relocate Start      Relocate End           High               Low         
[19.773s][info][gc,heap     ] GC(186) y:  Capacity:     1024M (100%)       1024M (100%)       1024M (100%)       1024M (100%)       1024M (100%)       1024M (100%)   
[19.773s][info][gc,heap     ] GC(186) y:      Free:      116M (11%)          82M (8%)          916M (89%)         916M (89%)         916M (89%)          82M (8%)     
[19.773s][info][gc,heap     ] GC(186) y:      Used:      908M (89%)         942M (92%)         108M (11%)         108M (11%)         942M (92%)         108M (11%)    
[19.773s][info][gc,heap     ] GC(186) y: Young Generation Statistics:
[19.773s][info][gc,heap     ] GC(186) y:                Mark Start          Mark End        Relocate Start      Relocate End    
[19.773s][info][gc,heap     ] GC(186) y:      Used:      868M (85%)         902M (88%)          68M (7%)           68M (7%)     
[19.773s][info][gc,heap     ] GC(186) y:      Live:         -                 0M (0%)            0M (0%)            0M (0%)     
[19.773s][info][gc,heap     ] GC(186) y:   Garbage:         -               867M (85%)          33M (3%)           33M (3%)     
[19.773s][info][gc,heap     ] GC(186) y: Allocated:         -                34M (3%)           34M (3%)           34M (3%)     
[19.773s][info][gc,heap     ] GC(186) y: Reclaimed:         -                  -               834M (81%)         834M (81%)    
[19.773s][info][gc,heap     ] GC(186) y:  Promoted:         -                  -                 0M (0%)            0M (0%)     
[19.773s][info][gc,heap     ] GC(186) y: Compacted:         -                  -                  -                 0M (0%)     
[19.773s][info][gc,phases   ] GC(186) y: Young Generation 908M(89%)->108M(11%) 0.003s
[19.773s][info][gc          ] GC(186) Minor Collection (Allocation Rate) 908M(89%)->108M(11%) 0.003s
[19.796s][info][gc          ] GC(187) Major Collection (Proactive)
[19.796s][info][gc,task     ] GC(187) Using 1 Workers for Young Generation
[19.796s][info][gc,task     ] GC(187) Using 1 Workers for Old Generation
[19.796s][info][gc,phases   ] GC(187) Y: Young Generation
[19.796s][info][gc,phases   ] GC(187) Y: Pause Mark Start (Major) 0.005ms
[19.798s][info][gc,phases   ] GC(187) Y: Concurrent Mark 1.510ms
[19.798s][info][gc,phases   ] GC(187) Y: Pause Mark End 0.005ms
[19.798s][info][gc,phases   ] GC(187) Y: Concurrent Mark Free 0.000ms
[19.798s][info][gc,phases   ] GC(187) Y: Concurrent Reset Relocation Set 0.000ms
[19.799s][info][gc,reloc    ] GC(187) Y: Using tenuring threshold: 1 (Computed)
[19.799s][info][gc,phases   ] GC(187) Y: Concurrent Select Relocation Set 1.025ms
[19.799s][info][gc,phases   ] GC(187) Y: Pause Relocate Start 0.004ms
[19.799s][info][gc,phases   ] GC(187) Y: Concurrent Relocate 0.013ms
[19.799s][info][gc,alloc    ] GC(187) Y:                         Mark Start        Mark End      Relocate Start    Relocate End   
[19.799s][info][gc,alloc    ] GC(187) Y: Allocation Stalls:          0                0                0                0         
[19.799s][info][gc,load     ] GC(187) Y: Load: 3.00 (30%) / 3.04 (30%) / 3.14 (31%)
[19.799s][info][gc,mmu      ] GC(187) Y: MMU: 2ms/99.0%, 5ms/99.5%, 10ms/99.7%, 20ms/99.7%, 50ms/99.8%, 100ms/99.9%
[19.799s][info][gc,marking  ] GC(187) Y: Mark: 1 stripe(s), 2 proactive flush(es), 1 terminate flush(es), 0 completion(s), 0 continuation(s) 
[19.799s][info][gc,marking  ] GC(187) Y: Mark Stack Usage: 32M
[19.799s][info][gc,nmethod  ] GC(187) Y: NMethods: 1585 registered, 159 unregistered
[19.799s][info][gc,metaspace] GC(187) Y: Metaspace: 9M used, 10M committed, 1088M reserved
[19.799s][info][gc,reloc    ] GC(187) Y:                        Candidates     Selected     In-Place         Size        Empty    Relocated 
[19.799s][info][gc,reloc    ] GC(187) Y: Small Pages:                    2            0            0           4M           2M           0M 
[19.799s][info][gc,reloc    ] GC(187) Y: Medium Pages:                  11            0            0         352M         320M           0M 
[19.799s][info][gc,reloc    ] GC(187) Y: Large Pages:                    0            0            0           0M           0M           0M 
[19.799s][info][gc,reloc    ] GC(187) Y: Forwarding Usage: 0M
[19.799s][info][gc,reloc    ] GC(187) Y: Age Table:
[19.799s][info][gc,reloc    ] GC(187) Y:                    Live             Garbage             Small              Medium             Large        
[19.799s][info][gc,reloc    ] GC(187) Y: Eden               0M (0%)          321M (31%)          1 / 0             10 / 0              0 / 0        
[19.799s][info][gc,reloc    ] GC(187) Y: Survivor 1          -                34M (3%)           1 / 0              1 / 0              0 / 0        
[19.799s][info][gc,heap     ] GC(187) Y: Min Capacity: 8M(1%)
[19.799s][info][gc,heap     ] GC(187) Y: Max Capacity: 1024M(100%)
[19.799s][info][gc,heap     ] GC(187) Y: Soft Max Capacity: 1024M(100%)
[19.799s][info][gc,heap     ] GC(187) Y: Heap Statistics:
[19.799s][info][gc,heap     ] GC(187) Y:                Mark Start          Mark End        Relocate Start      Relocate End           High               Low         
[19.799s][info][gc,heap     ] GC(187) Y:  Capacity:     1024M (100%)       1024M (100%)       1024M (100%)       1024M (100%)       1024M (100%)       1024M (100%)   
[19.799s][info][gc,heap     ] GC(187) Y:      Free:      628M (61%)         594M (58%)         916M (89%)         916M (89%)         916M (89%)         594M (58%)    
[19.799s][info][gc,heap     ] GC(187) Y:      Used:      396M (39%)         430M (42%)         108M (11%)         108M (11%)         430M (42%)         108M (11%)    
[19.799s][info][gc,heap     ] GC(187) Y: Young Generation Statistics:
[19.799s][info][gc,heap     ] GC(187) Y:                Mark Start          Mark End        Relocate Start      Relocate End    
[19.799s][info][gc,heap     ] GC(187) Y:      Used:      356M (35%)         390M (38%)          68M (7%)           68M (7%)     
[19.799s][info][gc,heap     ] GC(187) Y:      Live:         -                 0M (0%)            0M (0%)            0M (0%)     
[19.799s][info][gc,heap     ] GC(187) Y:   Garbage:         -               355M (35%)          33M (3%)           33M (3%)     
[19.799s][info][gc,heap     ] GC(187) Y: Allocated:         -                34M (3%)           34M (3%)           34M (3%)     
[19.799s][info][gc,heap     ] GC(187) Y: Reclaimed:         -                  -               322M (31%)         322M (31%)    
[19.799s][info][gc,heap     ] GC(187) Y:  Promoted:         -                  -                 0M (0%)            0M (0%)     
[19.799s][info][gc,heap     ] GC(187) Y: Compacted:         -                  -                  -                 0M (0%)     
[19.799s][info][gc,phases   ] GC(187) Y: Young Generation 396M(39%)->108M(11%) 0.003s
[19.799s][info][gc,phases   ] GC(187) O: Old Generation
[19.804s][info][gc,phases   ] GC(187) O: Concurrent Mark 5.101ms
[19.804s][info][gc,phases   ] GC(187) O: Pause Mark End 0.009ms
[19.804s][info][gc,phases   ] GC(187) O: Concurrent Mark Free 0.000ms
[19.807s][info][gc,phases   ] GC(187) O: Concurrent Process Non-Strong 2.375ms
[19.807s][info][gc,phases   ] GC(187) O: Concurrent Reset Relocation Set 0.000ms
[19.808s][info][gc,phases   ] GC(187) O: Concurrent Select Relocation Set 0.928ms
[19.808s][info][gc,task     ] GC(187) O: Using 2 Workers for Old Generation
[19.812s][info][gc,task     ] GC(187) O: Using 1 Workers for Old Generation
[19.812s][info][gc,phases   ] GC(187) O: Concurrent Remap Roots 4.422ms
[19.812s][info][gc,phases   ] GC(187) O: Pause Relocate Start 0.006ms
[19.813s][info][gc,phases   ] GC(187) O: Concurrent Relocate 0.733ms
[19.813s][info][gc,alloc    ] GC(187) O:                         Mark Start        Mark End      Relocate Start    Relocate End   
[19.813s][info][gc,alloc    ] GC(187) O: Allocation Stalls:          0                0                0                0         
[19.813s][info][gc,load     ] GC(187) O: Load: 3.00 (30%) / 3.04 (30%) / 3.14 (31%)
[19.813s][info][gc,mmu      ] GC(187) O: MMU: 2ms/99.0%, 5ms/99.5%, 10ms/99.7%, 20ms/99.7%, 50ms/99.8%, 100ms/99.9%
[19.813s][info][gc,marking  ] GC(187) O: Mark: 1 stripe(s), 2 proactive flush(es), 1 terminate flush(es), 0 completion(s), 0 continuation(s) 
[19.813s][info][gc,marking  ] GC(187) O: Mark Stack Usage: 32M
[19.813s][info][gc,nmethod  ] GC(187) O: NMethods: 1585 registered, 159 unregistered
[19.813s][info][gc,metaspace] GC(187) O: Metaspace: 9M used, 10M committed, 1088M reserved
[19.813s][info][gc,ref      ] GC(187) O:                       Encountered   Discovered     Enqueued 
[19.813s][info][gc,ref      ] GC(187) O: Soft References:              372            0            0 
[19.813s][info][gc,ref      ] GC(187) O: Weak References:             1110          834            0 
[19.813s][info][gc,ref      ] GC(187) O: Final References:             880          270            0 
[19.813s][info][gc,ref      ] GC(187) O: Phantom References:            32            2            0 
[19.813s][info][gc,reloc    ] GC(187) O:                        Candidates     Selected     In-Place         Size        Empty    Relocated 
[19.813s][info][gc,reloc    ] GC(187) O: Small Pages:                    4            1            0           8M           0M           1M 
[19.813s][info][gc,reloc    ] GC(187) O: Medium Pages:                   1            0            0          32M           0M           0M 
[19.813s][info][gc,reloc    ] GC(187) O: Large Pages:                    0            0            0           0M           0M           0M 
[19.813s][info][gc,reloc    ] GC(187) O: Forwarding Usage: 0M
[19.813s][info][gc,heap     ] GC(187) O: Min Capacity: 8M(1%)
[19.813s][info][gc,heap     ] GC(187) O: Max Capacity: 1024M(100%)
[19.813s][info][gc,heap     ] GC(187) O: Soft Max Capacity: 1024M(100%)
[19.813s][info][gc,heap     ] GC(187) O: Heap Statistics:
[19.813s][info][gc,heap     ] GC(187) O:                Mark Start          Mark End        Relocate Start      Relocate End           High               Low         
[19.813s][info][gc,heap     ] GC(187) O:  Capacity:     1024M (100%)       1024M (100%)       1024M (100%)       1024M (100%)       1024M (100%)       1024M (100%)   
[19.813s][info][gc,heap     ] GC(187) O:      Free:      628M (61%)         852M (83%)         756M (74%)         756M (74%)         916M (89%)         594M (58%)    
[19.813s][info][gc,heap     ] GC(187) O:      Used:      396M (39%)         172M (17%)         268M (26%)         268M (26%)         430M (42%)         108M (11%)    
[19.813s][info][gc,heap     ] GC(187) O: Old Generation Statistics:
[19.813s][info][gc,heap     ] GC(187) O:                Mark Start          Mark End        Relocate Start      Relocate End    
[19.813s][info][gc,heap     ] GC(187) O:      Used:       40M (4%)           40M (4%)           40M (4%)           40M (4%)     
[19.813s][info][gc,heap     ] GC(187) O:      Live:         -                 4M (0%)            4M (0%)            4M (0%)     
[19.813s][info][gc,heap     ] GC(187) O:   Garbage:         -                35M (3%)           35M (3%)           32M (3%)     
[19.813s][info][gc,heap     ] GC(187) O: Allocated:         -                 0M (0%)            0M (0%)            2M (0%)     
[19.813s][info][gc,heap     ] GC(187) O: Reclaimed:         -                  -                 0M (0%)            2M (0%)     
[19.813s][info][gc,heap     ] GC(187) O: Compacted:         -                  -                  -                 1M (0%)     
[19.813s][info][gc,phases   ] GC(187) O: Old Generation 108M(11%)->268M(26%) 0.014s
[19.813s][info][gc          ] GC(187) Major Collection (Proactive) 396M(39%)->268M(26%) 0.017s
[19.870s][info][gc          ] GC(188) Minor Collection (Allocation Rate)
[19.870s][info][gc,task     ] GC(188) Using 3 Workers for Young Generation
[19.870s][info][gc,phases   ] GC(188) y: Young Generation
[19.870s][info][gc,phases   ] GC(188) y: Pause Mark Start 0.005ms
[19.871s][info][gc,phases   ] GC(188) y: Concurrent Mark 1.066ms
[19.871s][info][gc,phases   ] GC(188) y: Pause Mark End 0.005ms
[19.871s][info][gc,phases   ] GC(188) y: Concurrent Mark Free 0.000ms
[19.871s][info][gc,phases   ] GC(188) y: Concurrent Reset Relocation Set 0.000ms
[19.872s][info][gc,reloc    ] GC(188) y: Using tenuring threshold: 1 (Computed)
[19.872s][info][gc,phases   ] GC(188) y: Concurrent Select Relocation Set 1.105ms
[19.872s][info][gc,phases   ] GC(188) y: Pause Relocate Start 0.007ms
[19.873s][info][gc,phases   ] GC(188) y: Concurrent Relocate 0.030ms
[19.873s][info][gc,alloc    ] GC(188) y:                         Mark Start        Mark End      Relocate Start    Relocate End   
[19.873s][info][gc,alloc    ] GC(188) y: Allocation Stalls:          0                0                0                0         
[19.873s][info][gc,load     ] GC(188) y: Load: 3.00 (30%) / 3.04 (30%) / 3.14 (31%)
[19.873s][info][gc,mmu      ] GC(188) y: MMU: 2ms/99.0%, 5ms/99.5%, 10ms/99.7%, 20ms/99.7%, 50ms/99.8%, 100ms/99.9%
[19.873s][info][gc,marking  ] GC(188) y: Mark: 2 stripe(s), 2 proactive flush(es), 1 terminate flush(es), 0 completion(s), 0 continuation(s) 
[19.873s][info][gc,marking  ] GC(188) y: Mark Stack Usage: 32M
[19.873s][info][gc,nmethod  ] GC(188) y: NMethods: 1585 registered, 159 unregistered
[19.873s][info][gc,metaspace] GC(188) y: Metaspace: 9M used, 10M committed, 1088M reserved
[19.873s][info][gc,reloc    ] GC(188) y:                        Candidates     Selected     In-Place         Size        Empty    Relocated 
[19.873s][info][gc,reloc    ] GC(188) y: Small Pages:                    3            0            0           6M           4M           0M 
[19.873s][info][gc,reloc    ] GC(188) y: Medium Pages:                  28            0            0         896M         864M           0M 
[19.873s][info][gc,reloc    ] GC(188) y: Large Pages:                    0            0            0           0M           0M           0M 
[19.873s][info][gc,reloc    ] GC(188) y: Forwarding Usage: 0M
[19.873s][info][gc,reloc    ] GC(188) y: Age Table:
[19.873s][info][gc,reloc    ] GC(188) y:                    Live             Garbage             Small              Medium             Large        
[19.873s][info][gc,reloc    ] GC(188) y: Eden               0M (0%)          867M (85%)          2 / 0             27 / 0              0 / 0        
[19.873s][info][gc,reloc    ] GC(188) y: Survivor 1          -                34M (3%)           1 / 0              1 / 0              0 / 0        
[19.873s][info][gc,heap     ] GC(188) y: Min Capacity: 8M(1%)
[19.873s][info][gc,heap     ] GC(188) y: Max Capacity: 1024M(100%)
[19.873s][info][gc,heap     ] GC(188) y: Soft Max Capacity: 1024M(100%)
[19.873s][info][gc,heap     ] GC(188) y: Heap Statistics:
[19.873s][info][gc,heap     ] GC(188) y:                Mark Start          Mark End        Relocate Start      Relocate End           High               Low         
[19.873s][info][gc,heap     ] GC(188) y:  Capacity:     1024M (100%)       1024M (100%)       1024M (100%)       1024M (100%)       1024M (100%)       1024M (100%)   
[19.873s][info][gc,heap     ] GC(188) y:      Free:       82M (8%)           48M (5%)          916M (89%)         916M (89%)         916M (89%)          48M (5%)     
[19.873s][info][gc,heap     ] GC(188) y:      Used:      942M (92%)         976M (95%)         108M (11%)         108M (11%)         976M (95%)         108M (11%)    
[19.873s][info][gc,heap     ] GC(188) y: Young Generation Statistics:
[19.873s][info][gc,heap     ] GC(188) y:                Mark Start          Mark End        Relocate Start      Relocate End    
[19.873s][info][gc,heap     ] GC(188) y:      Used:      902M (88%)         936M (91%)          68M (7%)           68M (7%)     
[19.873s][info][gc,heap     ] GC(188) y:      Live:         -                 0M (0%)            0M (0%)            0M (0%)     
[19.873s][info][gc,heap     ] GC(188) y:   Garbage:         -               901M (88%)          33M (3%)           33M (3%)     
[19.873s][info][gc,heap     ] GC(188) y: Allocated:         -                34M (3%)           34M (3%)           34M (3%)     
[19.873s][info][gc,heap     ] GC(188) y: Reclaimed:         -                  -               868M (85%)         868M (85%)    
[19.873s][info][gc,heap     ] GC(188) y:  Promoted:         -                  -                 0M (0%)            0M (0%)     
[19.873s][info][gc,heap     ] GC(188) y: Compacted:         -                  -                  -                 0M (0%)     
[19.873s][info][gc,phases   ] GC(188) y: Young Generation 942M(92%)->108M(11%) 0.003s
[19.873s][info][gc          ] GC(188) Minor Collection (Allocation Rate) 942M(92%)->108M(11%) 0.003s
[19.940s][info][gc          ] GC(189) Minor Collection (Allocation Rate)
[19.940s][info][gc,task     ] GC(189) Using 3 Workers for Young Generation
[19.940s][info][gc,phases   ] GC(189) y: Young Generation
[19.940s][info][gc,phases   ] GC(189) y: Pause Mark Start 0.005ms
[19.941s][info][gc,phases   ] GC(189) y: Concurrent Mark 1.034ms
[19.942s][info][gc,phases   ] GC(189) y: Pause Mark End 0.009ms
[19.942s][info][gc,phases   ] GC(189) y: Concurrent Mark Free 0.000ms
[19.942s][info][gc,phases   ] GC(189) y: Concurrent Reset Relocation Set 0.000ms
[19.943s][info][gc,reloc    ] GC(189) y: Using tenuring threshold: 1 (Computed)
[19.943s][info][gc,phases   ] GC(189) y: Concurrent Select Relocation Set 1.075ms
[19.943s][info][gc,phases   ] GC(189) y: Pause Relocate Start 0.006ms
[19.943s][info][gc,phases   ] GC(189) y: Concurrent Relocate 0.050ms
[19.943s][info][gc,alloc    ] GC(189) y:                         Mark Start        Mark End      Relocate Start    Relocate End   
[19.943s][info][gc,alloc    ] GC(189) y: Allocation Stalls:          0                0                0                0         
[19.943s][info][gc,load     ] GC(189) y: Load: 3.00 (30%) / 3.04 (30%) / 3.14 (31%)
[19.943s][info][gc,mmu      ] GC(189) y: MMU: 2ms/99.0%, 5ms/99.5%, 10ms/99.7%, 20ms/99.7%, 50ms/99.8%, 100ms/99.9%
[19.943s][info][gc,marking  ] GC(189) y: Mark: 2 stripe(s), 2 proactive flush(es), 1 terminate flush(es), 0 completion(s), 0 continuation(s) 
[19.943s][info][gc,marking  ] GC(189) y: Mark Stack Usage: 32M
[19.943s][info][gc,nmethod  ] GC(189) y: NMethods: 1585 registered, 159 unregistered
[19.943s][info][gc,metaspace] GC(189) y: Metaspace: 9M used, 10M committed, 1088M reserved
[19.943s][info][gc,reloc    ] GC(189) y:                        Candidates     Selected     In-Place         Size        Empty    Relocated 
[19.943s][info][gc,reloc    ] GC(189) y: Small Pages:                    2            0            0           4M           2M           0M 
[19.943s][info][gc,reloc    ] GC(189) y: Medium Pages:                  27            0            0         864M         832M           0M 
[19.943s][info][gc,reloc    ] GC(189) y: Large Pages:                    0            0            0           0M           0M           0M 
[19.943s][info][gc,reloc    ] GC(189) y: Forwarding Usage: 0M
[19.943s][info][gc,reloc    ] GC(189) y: Age Table:
[19.943s][info][gc,reloc    ] GC(189) y:                    Live             Garbage             Small              Medium             Large        
[19.943s][info][gc,reloc    ] GC(189) y: Eden               0M (0%)          833M (81%)          1 / 0             26 / 0              0 / 0        
[19.943s][info][gc,reloc    ] GC(189) y: Survivor 1          -                34M (3%)           1 / 0              1 / 0              0 / 0        
[19.943s][info][gc,heap     ] GC(189) y: Min Capacity: 8M(1%)
[19.943s][info][gc,heap     ] GC(189) y: Max Capacity: 1024M(100%)
[19.943s][info][gc,heap     ] GC(189) y: Soft Max Capacity: 1024M(100%)
[19.943s][info][gc,heap     ] GC(189) y: Heap Statistics:
[19.943s][info][gc,heap     ] GC(189) y:                Mark Start          Mark End        Relocate Start      Relocate End           High               Low         
[19.943s][info][gc,heap     ] GC(189) y:  Capacity:     1024M (100%)       1024M (100%)       1024M (100%)       1024M (100%)       1024M (100%)       1024M (100%)   
[19.943s][info][gc,heap     ] GC(189) y:      Free:      116M (11%)          82M (8%)          916M (89%)         916M (89%)         916M (89%)          82M (8%)     
[19.943s][info][gc,heap     ] GC(189) y:      Used:      908M (89%)         942M (92%)         108M (11%)         108M (11%)         942M (92%)         108M (11%)    
[19.943s][info][gc,heap     ] GC(189) y: Young Generation Statistics:
[19.943s][info][gc,heap     ] GC(189) y:                Mark Start          Mark End        Relocate Start      Relocate End    
[19.943s][info][gc,heap     ] GC(189) y:      Used:      868M (85%)         902M (88%)          68M (7%)           68M (7%)     
[19.943s][info][gc,heap     ] GC(189) y:      Live:         -                 0M (0%)            0M (0%)            0M (0%)     
[19.943s][info][gc,heap     ] GC(189) y:   Garbage:         -               867M (85%)          33M (3%)           33M (3%)     
[19.943s][info][gc,heap     ] GC(189) y: Allocated:         -                34M (3%)           34M (3%)           34M (3%)     
[19.943s][info][gc,heap     ] GC(189) y: Reclaimed:         -                  -               834M (81%)         834M (81%)    
[19.943s][info][gc,heap     ] GC(189) y:  Promoted:         -                  -                 0M (0%)            0M (0%)     
[19.943s][info][gc,heap     ] GC(189) y: Compacted:         -                  -                  -                 0M (0%)     
[19.943s][info][gc,phases   ] GC(189) y: Young Generation 908M(89%)->108M(11%) 0.003s
[19.943s][info][gc          ] GC(189) Minor Collection (Allocation Rate) 908M(89%)->108M(11%) 0.003s
[20.013s][info][gc          ] GC(190) Minor Collection (Allocation Rate)
[20.013s][info][gc,task     ] GC(190) Using 3 Workers for Young Generation
[20.013s][info][gc,phases   ] GC(190) y: Young Generation
[20.013s][info][gc,phases   ] GC(190) y: Pause Mark Start 0.005ms
[20.014s][info][gc,phases   ] GC(190) y: Concurrent Mark 1.036ms
[20.015s][info][gc,phases   ] GC(190) y: Pause Mark End 0.005ms
[20.015s][info][gc,phases   ] GC(190) y: Concurrent Mark Free 0.000ms
[20.015s][info][gc,phases   ] GC(190) y: Concurrent Reset Relocation Set 0.000ms
[20.016s][info][gc,reloc    ] GC(190) y: Using tenuring threshold: 1 (Computed)
[20.016s][info][gc,phases   ] GC(190) y: Concurrent Select Relocation Set 1.055ms
[20.016s][info][gc,phases   ] GC(190) y: Pause Relocate Start 0.004ms
[20.016s][info][gc,phases   ] GC(190) y: Concurrent Relocate 0.052ms
[20.016s][info][gc,alloc    ] GC(190) y:                         Mark Start        Mark End      Relocate Start    Relocate End   
[20.016s][info][gc,alloc    ] GC(190) y: Allocation Stalls:          0                0                0                0         
[20.016s][info][gc,load     ] GC(190) y: Load: 3.00 (30%) / 3.04 (30%) / 3.14 (31%)
[20.016s][info][gc,mmu      ] GC(190) y: MMU: 2ms/99.0%, 5ms/99.5%, 10ms/99.7%, 20ms/99.7%, 50ms/99.8%, 100ms/99.9%
[20.016s][info][gc,marking  ] GC(190) y: Mark: 2 stripe(s), 2 proactive flush(es), 1 terminate flush(es), 0 completion(s), 0 continuation(s) 
[20.016s][info][gc,marking  ] GC(190) y: Mark Stack Usage: 32M
[20.016s][info][gc,nmethod  ] GC(190) y: NMethods: 1585 registered, 159 unregistered
[20.016s][info][gc,metaspace] GC(190) y: Metaspace: 9M used, 10M committed, 1088M reserved
[20.016s][info][gc,reloc    ] GC(190) y:                        Candidates     Selected     In-Place         Size        Empty    Relocated 
[20.016s][info][gc,reloc    ] GC(190) y: Small Pages:                    2            0            0           4M           2M           0M 
[20.016s][info][gc,reloc    ] GC(190) y: Medium Pages:                  28            0            0         896M         864M           0M 
[20.016s][info][gc,reloc    ] GC(190) y: Large Pages:                    0            0            0           0M           0M           0M 
[20.016s][info][gc,reloc    ] GC(190) y: Forwarding Usage: 0M
[20.016s][info][gc,reloc    ] GC(190) y: Age Table:
[20.016s][info][gc,reloc    ] GC(190) y:                    Live             Garbage             Small              Medium             Large        
[20.016s][info][gc,reloc    ] GC(190) y: Eden               0M (0%)          865M (84%)          1 / 0             27 / 0              0 / 0        
[20.016s][info][gc,reloc    ] GC(190) y: Survivor 1          -                34M (3%)           1 / 0              1 / 0              0 / 0        
[20.016s][info][gc,heap     ] GC(190) y: Min Capacity: 8M(1%)
[20.016s][info][gc,heap     ] GC(190) y: Max Capacity: 1024M(100%)
[20.016s][info][gc,heap     ] GC(190) y: Soft Max Capacity: 1024M(100%)
[20.016s][info][gc,heap     ] GC(190) y: Heap Statistics:
[20.016s][info][gc,heap     ] GC(190) y:                Mark Start          Mark End        Relocate Start      Relocate End           High               Low         
[20.016s][info][gc,heap     ] GC(190) y:  Capacity:     1024M (100%)       1024M (100%)       1024M (100%)       1024M (100%)       1024M (100%)       1024M (100%)   
[20.016s][info][gc,heap     ] GC(190) y:      Free:       84M (8%)           50M (5%)          916M (89%)         916M (89%)         916M (89%)          50M (5%)     
[20.016s][info][gc,heap     ] GC(190) y:      Used:      940M (92%)         974M (95%)         108M (11%)         108M (11%)         974M (95%)         108M (11%)    
[20.016s][info][gc,heap     ] GC(190) y: Young Generation Statistics:
[20.016s][info][gc,heap     ] GC(190) y:                Mark Start          Mark End        Relocate Start      Relocate End    
[20.016s][info][gc,heap     ] GC(190) y:      Used:      900M (88%)         934M (91%)          68M (7%)           68M (7%)     
[20.016s][info][gc,heap     ] GC(190) y:      Live:         -                 0M (0%)            0M (0%)            0M (0%)     
[20.016s][info][gc,heap     ] GC(190) y:   Garbage:         -               899M (88%)          33M (3%)           33M (3%)     
[20.016s][info][gc,heap     ] GC(190) y: Allocated:         -                34M (3%)           34M (3%)           34M (3%)     
[20.016s][info][gc,heap     ] GC(190) y: Reclaimed:         -                  -               866M (85%)         866M (85%)    
[20.016s][info][gc,heap     ] GC(190) y:  Promoted:         -                  -                 0M (0%)            0M (0%)     
[20.016s][info][gc,heap     ] GC(190) y: Compacted:         -                  -                  -                 0M (0%)     
[20.016s][info][gc,phases   ] GC(190) y: Young Generation 940M(92%)->108M(11%) 0.002s
[20.016s][info][gc          ] GC(190) Minor Collection (Allocation Rate) 940M(92%)->108M(11%) 0.003s
[20.087s][info][gc          ] GC(191) Minor Collection (Allocation Rate)
[20.087s][info][gc,task     ] GC(191) Using 3 Workers for Young Generation
[20.087s][info][gc,phases   ] GC(191) y: Young Generation
[20.087s][info][gc,phases   ] GC(191) y: Pause Mark Start 0.006ms
[20.088s][info][gc,phases   ] GC(191) y: Concurrent Mark 0.899ms
[20.088s][info][gc,phases   ] GC(191) y: Pause Mark End 0.004ms
[20.088s][info][gc,phases   ] GC(191) y: Concurrent Mark Free 0.000ms
[20.088s][info][gc,phases   ] GC(191) y: Concurrent Reset Relocation Set 0.000ms
[20.089s][info][gc,reloc    ] GC(191) y: Using tenuring threshold: 1 (Computed)
[20.089s][info][gc,phases   ] GC(191) y: Concurrent Select Relocation Set 1.093ms
[20.089s][info][gc,phases   ] GC(191) y: Pause Relocate Start 0.003ms
[20.089s][info][gc,phases   ] GC(191) y: Concurrent Relocate 0.026ms
[20.089s][info][gc,alloc    ] GC(191) y:                         Mark Start        Mark End      Relocate Start    Relocate End   
[20.089s][info][gc,alloc    ] GC(191) y: Allocation Stalls:          0                0                0                0         
[20.089s][info][gc,load     ] GC(191) y: Load: 3.00 (30%) / 3.04 (30%) / 3.14 (31%)
[20.089s][info][gc,mmu      ] GC(191) y: MMU: 2ms/99.0%, 5ms/99.5%, 10ms/99.7%, 20ms/99.7%, 50ms/99.8%, 100ms/99.9%
[20.089s][info][gc,marking  ] GC(191) y: Mark: 2 stripe(s), 2 proactive flush(es), 1 terminate flush(es), 0 completion(s), 0 continuation(s) 
[20.089s][info][gc,marking  ] GC(191) y: Mark Stack Usage: 32M
[20.089s][info][gc,nmethod  ] GC(191) y: NMethods: 1585 registered, 159 unregistered
[20.089s][info][gc,metaspace] GC(191) y: Metaspace: 9M used, 10M committed, 1088M reserved
[20.089s][info][gc,reloc    ] GC(191) y:                        Candidates     Selected     In-Place         Size        Empty    Relocated 
[20.089s][info][gc,reloc    ] GC(191) y: Small Pages:                    2            0            0           4M           2M           0M 
[20.089s][info][gc,reloc    ] GC(191) y: Medium Pages:                  28            0            0         896M         864M           0M 
[20.089s][info][gc,reloc    ] GC(191) y: Large Pages:                    0            0            0           0M           0M           0M 
[20.089s][info][gc,reloc    ] GC(191) y: Forwarding Usage: 0M
[20.089s][info][gc,reloc    ] GC(191) y: Age Table:
[20.089s][info][gc,reloc    ] GC(191) y:                    Live             Garbage             Small              Medium             Large        
[20.089s][info][gc,reloc    ] GC(191) y: Eden               0M (0%)          865M (85%)          1 / 0             27 / 0              0 / 0        
[20.089s][info][gc,reloc    ] GC(191) y: Survivor 1          -                34M (3%)           1 / 0              1 / 0              0 / 0        
[20.089s][info][gc,heap     ] GC(191) y: Min Capacity: 8M(1%)
[20.089s][info][gc,heap     ] GC(191) y: Max Capacity: 1024M(100%)
[20.089s][info][gc,heap     ] GC(191) y: Soft Max Capacity: 1024M(100%)
[20.089s][info][gc,heap     ] GC(191) y: Heap Statistics:
[20.089s][info][gc,heap     ] GC(191) y:                Mark Start          Mark End        Relocate Start      Relocate End           High               Low         
[20.089s][info][gc,heap     ] GC(191) y:  Capacity:     1024M (100%)       1024M (100%)       1024M (100%)       1024M (100%)       1024M (100%)       1024M (100%)   
[20.089s][info][gc,heap     ] GC(191) y:      Free:       84M (8%)           50M (5%)          916M (89%)         916M (89%)         916M (89%)          50M (5%)     
[20.089s][info][gc,heap     ] GC(191) y:      Used:      940M (92%)         974M (95%)         108M (11%)         108M (11%)         974M (95%)         108M (11%)    
[20.089s][info][gc,heap     ] GC(191) y: Young Generation Statistics:
[20.089s][info][gc,heap     ] GC(191) y:                Mark Start          Mark End        Relocate Start      Relocate End    
[20.089s][info][gc,heap     ] GC(191) y:      Used:      900M (88%)         934M (91%)          68M (7%)           68M (7%)     
[20.089s][info][gc,heap     ] GC(191) y:      Live:         -                 0M (0%)            0M (0%)            0M (0%)     
[20.089s][info][gc,heap     ] GC(191) y:   Garbage:         -               899M (88%)          33M (3%)           33M (3%)     
[20.089s][info][gc,heap     ] GC(191) y: Allocated:         -                34M (3%)           34M (3%)           34M (3%)     
[20.089s][info][gc,heap     ] GC(191) y: Reclaimed:         -                  -               866M (85%)         866M (85%)    
[20.089s][info][gc,heap     ] GC(191) y:  Promoted:         -                  -                 0M (0%)            0M (0%)     
[20.089s][info][gc,heap     ] GC(191) y: Compacted:         -                  -                  -                 0M (0%)     
[20.089s][info][gc,phases   ] GC(191) y: Young Generation 940M(92%)->108M(11%) 0.002s
[20.089s][info][gc          ] GC(191) Minor Collection (Allocation Rate) 940M(92%)->108M(11%) 0.002s
[20.160s][info][gc          ] GC(192) Minor Collection (Allocation Rate)
[20.160s][info][gc,task     ] GC(192) Using 3 Workers for Young Generation
[20.160s][info][gc,phases   ] GC(192) y: Young Generation
[20.160s][info][gc,phases   ] GC(192) y: Pause Mark Start 0.006ms
[20.161s][info][gc,phases   ] GC(192) y: Concurrent Mark 0.876ms
[20.161s][info][gc,phases   ] GC(192) y: Pause Mark End 0.005ms
[20.161s][info][gc,phases   ] GC(192) y: Concurrent Mark Free 0.000ms
[20.161s][info][gc,phases   ] GC(192) y: Concurrent Reset Relocation Set 0.000ms
[20.162s][info][gc,reloc    ] GC(192) y: Using tenuring threshold: 1 (Computed)
[20.162s][info][gc,phases   ] GC(192) y: Concurrent Select Relocation Set 1.109ms
[20.162s][info][gc,phases   ] GC(192) y: Pause Relocate Start 0.006ms
[20.162s][info][gc,phases   ] GC(192) y: Concurrent Relocate 0.039ms
[20.162s][info][gc,alloc    ] GC(192) y:                         Mark Start        Mark End      Relocate Start    Relocate End   
[20.162s][info][gc,alloc    ] GC(192) y: Allocation Stalls:          0                0                0                0         
[20.162s][info][gc,load     ] GC(192) y: Load: 3.00 (30%) / 3.04 (30%) / 3.14 (31%)
[20.162s][info][gc,mmu      ] GC(192) y: MMU: 2ms/99.0%, 5ms/99.5%, 10ms/99.7%, 20ms/99.7%, 50ms/99.8%, 100ms/99.9%
[20.162s][info][gc,marking  ] GC(192) y: Mark: 2 stripe(s), 2 proactive flush(es), 1 terminate flush(es), 0 completion(s), 0 continuation(s) 
[20.163s][info][gc,marking  ] GC(192) y: Mark Stack Usage: 32M
[20.163s][info][gc,nmethod  ] GC(192) y: NMethods: 1585 registered, 159 unregistered
[20.163s][info][gc,metaspace] GC(192) y: Metaspace: 9M used, 10M committed, 1088M reserved
[20.163s][info][gc,reloc    ] GC(192) y:                        Candidates     Selected     In-Place         Size        Empty    Relocated 
[20.163s][info][gc,reloc    ] GC(192) y: Small Pages:                    2            0            0           4M           2M           0M 
[20.163s][info][gc,reloc    ] GC(192) y: Medium Pages:                  28            0            0         896M         864M           0M 
[20.163s][info][gc,reloc    ] GC(192) y: Large Pages:                    0            0            0           0M           0M           0M 
[20.163s][info][gc,reloc    ] GC(192) y: Forwarding Usage: 0M
[20.163s][info][gc,reloc    ] GC(192) y: Age Table:
[20.163s][info][gc,reloc    ] GC(192) y:                    Live             Garbage             Small              Medium             Large        
[20.163s][info][gc,reloc    ] GC(192) y: Eden               0M (0%)          865M (85%)          1 / 0             27 / 0              0 / 0        
[20.163s][info][gc,reloc    ] GC(192) y: Survivor 1          -                34M (3%)           1 / 0              1 / 0              0 / 0        
[20.163s][info][gc,heap     ] GC(192) y: Min Capacity: 8M(1%)
[20.163s][info][gc,heap     ] GC(192) y: Max Capacity: 1024M(100%)
[20.163s][info][gc,heap     ] GC(192) y: Soft Max Capacity: 1024M(100%)
[20.163s][info][gc,heap     ] GC(192) y: Heap Statistics:
[20.163s][info][gc,heap     ] GC(192) y:                Mark Start          Mark End        Relocate Start      Relocate End           High               Low         
[20.163s][info][gc,heap     ] GC(192) y:  Capacity:     1024M (100%)       1024M (100%)       1024M (100%)       1024M (100%)       1024M (100%)       1024M (100%)   
[20.163s][info][gc,heap     ] GC(192) y:      Free:       84M (8%)           50M (5%)          916M (89%)         916M (89%)         916M (89%)          50M (5%)     
[20.163s][info][gc,heap     ] GC(192) y:      Used:      940M (92%)         974M (95%)         108M (11%)         108M (11%)         974M (95%)         108M (11%)    
[20.163s][info][gc,heap     ] GC(192) y: Young Generation Statistics:
[20.163s][info][gc,heap     ] GC(192) y:                Mark Start          Mark End        Relocate Start      Relocate End    
[20.163s][info][gc,heap     ] GC(192) y:      Used:      900M (88%)         934M (91%)          68M (7%)           68M (7%)     
[20.163s][info][gc,heap     ] GC(192) y:      Live:         -                 0M (0%)            0M (0%)            0M (0%)     
[20.163s][info][gc,heap     ] GC(192) y:   Garbage:         -               899M (88%)          33M (3%)           33M (3%)     
[20.163s][info][gc,heap     ] GC(192) y: Allocated:         -                34M (3%)           34M (3%)           34M (3%)     
[20.163s][info][gc,heap     ] GC(192) y: Reclaimed:         -                  -               866M (85%)         866M (85%)    
[20.163s][info][gc,heap     ] GC(192) y:  Promoted:         -                  -                 0M (0%)            0M (0%)     
[20.163s][info][gc,heap     ] GC(192) y: Compacted:         -                  -                  -                 0M (0%)     
[20.163s][info][gc,phases   ] GC(192) y: Young Generation 940M(92%)->108M(11%) 0.002s
[20.163s][info][gc          ] GC(192) Minor Collection (Allocation Rate) 940M(92%)->108M(11%) 0.002s
[20.233s][info][gc          ] GC(193) Minor Collection (Allocation Rate)
[20.233s][info][gc,task     ] GC(193) Using 3 Workers for Young Generation
[20.233s][info][gc,phases   ] GC(193) y: Young Generation
[20.233s][info][gc,phases   ] GC(193) y: Pause Mark Start 0.007ms
[20.234s][info][gc,phases   ] GC(193) y: Concurrent Mark 0.863ms
[20.234s][info][gc,phases   ] GC(193) y: Pause Mark End 0.006ms
[20.234s][info][gc,phases   ] GC(193) y: Concurrent Mark Free 0.000ms
[20.234s][info][gc,phases   ] GC(193) y: Concurrent Reset Relocation Set 0.000ms
[20.235s][info][gc,reloc    ] GC(193) y: Using tenuring threshold: 1 (Computed)
[20.235s][info][gc,phases   ] GC(193) y: Concurrent Select Relocation Set 1.066ms
[20.235s][info][gc,phases   ] GC(193) y: Pause Relocate Start 0.004ms
[20.235s][info][gc,phases   ] GC(193) y: Concurrent Relocate 0.033ms
[20.235s][info][gc,alloc    ] GC(193) y:                         Mark Start        Mark End      Relocate Start    Relocate End   
[20.235s][info][gc,alloc    ] GC(193) y: Allocation Stalls:          0                0                0                0         
[20.235s][info][gc,load     ] GC(193) y: Load: 3.00 (30%) / 3.04 (30%) / 3.14 (31%)
[20.235s][info][gc,mmu      ] GC(193) y: MMU: 2ms/99.0%, 5ms/99.5%, 10ms/99.7%, 20ms/99.7%, 50ms/99.8%, 100ms/99.9%
[20.235s][info][gc,marking  ] GC(193) y: Mark: 2 stripe(s), 2 proactive flush(es), 1 terminate flush(es), 0 completion(s), 0 continuation(s) 
[20.235s][info][gc,marking  ] GC(193) y: Mark Stack Usage: 32M
[20.235s][info][gc,nmethod  ] GC(193) y: NMethods: 1585 registered, 159 unregistered
[20.235s][info][gc,metaspace] GC(193) y: Metaspace: 9M used, 10M committed, 1088M reserved
[20.235s][info][gc,reloc    ] GC(193) y:                        Candidates     Selected     In-Place         Size        Empty    Relocated 
[20.235s][info][gc,reloc    ] GC(193) y: Small Pages:                    2            0            0           4M           2M           0M 
[20.235s][info][gc,reloc    ] GC(193) y: Medium Pages:                  28            0            0         896M         864M           0M 
[20.235s][info][gc,reloc    ] GC(193) y: Large Pages:                    0            0            0           0M           0M           0M 
[20.235s][info][gc,reloc    ] GC(193) y: Forwarding Usage: 0M
[20.235s][info][gc,reloc    ] GC(193) y: Age Table:
[20.235s][info][gc,reloc    ] GC(193) y:                    Live             Garbage             Small              Medium             Large        
[20.235s][info][gc,reloc    ] GC(193) y: Eden               0M (0%)          865M (85%)          1 / 0             27 / 0              0 / 0        
[20.235s][info][gc,reloc    ] GC(193) y: Survivor 1          -                34M (3%)           1 / 0              1 / 0              0 / 0        
[20.235s][info][gc,heap     ] GC(193) y: Min Capacity: 8M(1%)
[20.235s][info][gc,heap     ] GC(193) y: Max Capacity: 1024M(100%)
[20.236s][info][gc,heap     ] GC(193) y: Soft Max Capacity: 1024M(100%)
[20.236s][info][gc,heap     ] GC(193) y: Heap Statistics:
[20.236s][info][gc,heap     ] GC(193) y:                Mark Start          Mark End        Relocate Start      Relocate End           High               Low         
[20.236s][info][gc,heap     ] GC(193) y:  Capacity:     1024M (100%)       1024M (100%)       1024M (100%)       1024M (100%)       1024M (100%)       1024M (100%)   
[20.236s][info][gc,heap     ] GC(193) y:      Free:       84M (8%)           50M (5%)          916M (89%)         916M (89%)         916M (89%)          50M (5%)     
[20.236s][info][gc,heap     ] GC(193) y:      Used:      940M (92%)         974M (95%)         108M (11%)         108M (11%)         974M (95%)         108M (11%)    
[20.236s][info][gc,heap     ] GC(193) y: Young Generation Statistics:
[20.236s][info][gc,heap     ] GC(193) y:                Mark Start          Mark End        Relocate Start      Relocate End    
[20.236s][info][gc,heap     ] GC(193) y:      Used:      900M (88%)         934M (91%)          68M (7%)           68M (7%)     
[20.236s][info][gc,heap     ] GC(193) y:      Live:         -                 0M (0%)            0M (0%)            0M (0%)     
[20.236s][info][gc,heap     ] GC(193) y:   Garbage:         -               899M (88%)          33M (3%)           33M (3%)     
[20.236s][info][gc,heap     ] GC(193) y: Allocated:         -                34M (3%)           34M (3%)           34M (3%)     
[20.236s][info][gc,heap     ] GC(193) y: Reclaimed:         -                  -               866M (85%)         866M (85%)    
[20.236s][info][gc,heap     ] GC(193) y:  Promoted:         -                  -                 0M (0%)            0M (0%)     
[20.236s][info][gc,heap     ] GC(193) y: Compacted:         -                  -                  -                 0M (0%)     
[20.236s][info][gc,phases   ] GC(193) y: Young Generation 940M(92%)->108M(11%) 0.002s
[20.236s][info][gc          ] GC(193) Minor Collection (Allocation Rate) 940M(92%)->108M(11%) 0.002s
[20.301s][info][gc          ] GC(194) Minor Collection (Allocation Rate)
[20.301s][info][gc,task     ] GC(194) Using 1 Workers for Young Generation
[20.301s][info][gc,phases   ] GC(194) y: Young Generation
[20.301s][info][gc,phases   ] GC(194) y: Pause Mark Start 0.004ms
[20.303s][info][gc,phases   ] GC(194) y: Concurrent Mark 2.498ms
[20.303s][info][gc,phases   ] GC(194) y: Pause Mark End 0.005ms
[20.303s][info][gc,phases   ] GC(194) y: Concurrent Mark Free 0.000ms
[20.303s][info][gc,phases   ] GC(194) y: Concurrent Reset Relocation Set 0.000ms
[20.304s][info][gc,reloc    ] GC(194) y: Using tenuring threshold: 1 (Computed)
[20.304s][info][gc,phases   ] GC(194) y: Concurrent Select Relocation Set 1.102ms
[20.305s][info][gc,phases   ] GC(194) y: Pause Relocate Start 0.004ms
[20.305s][info][gc,phases   ] GC(194) y: Concurrent Relocate 0.031ms
[20.305s][info][gc,alloc    ] GC(194) y:                         Mark Start        Mark End      Relocate Start    Relocate End   
[20.305s][info][gc,alloc    ] GC(194) y: Allocation Stalls:          0                0                0                0         
[20.305s][info][gc,load     ] GC(194) y: Load: 3.00 (30%) / 3.04 (30%) / 3.14 (31%)
[20.305s][info][gc,mmu      ] GC(194) y: MMU: 2ms/99.0%, 5ms/99.5%, 10ms/99.7%, 20ms/99.7%, 50ms/99.8%, 100ms/99.9%
[20.305s][info][gc,marking  ] GC(194) y: Mark: 1 stripe(s), 2 proactive flush(es), 1 terminate flush(es), 0 completion(s), 0 continuation(s) 
[20.305s][info][gc,marking  ] GC(194) y: Mark Stack Usage: 32M
[20.305s][info][gc,nmethod  ] GC(194) y: NMethods: 1585 registered, 159 unregistered
[20.305s][info][gc,metaspace] GC(194) y: Metaspace: 9M used, 10M committed, 1088M reserved
[20.305s][info][gc,reloc    ] GC(194) y:                        Candidates     Selected     In-Place         Size        Empty    Relocated 
[20.305s][info][gc,reloc    ] GC(194) y: Small Pages:                    2            0            0           4M           2M           0M 
[20.305s][info][gc,reloc    ] GC(194) y: Medium Pages:                  26            0            0         832M         800M           0M 
[20.305s][info][gc,reloc    ] GC(194) y: Large Pages:                    0            0            0           0M           0M           0M 
[20.305s][info][gc,reloc    ] GC(194) y: Forwarding Usage: 0M
[20.305s][info][gc,reloc    ] GC(194) y: Age Table:
[20.305s][info][gc,reloc    ] GC(194) y:                    Live             Garbage             Small              Medium             Large        
[20.305s][info][gc,reloc    ] GC(194) y: Eden               0M (0%)          801M (78%)          1 / 0             25 / 0              0 / 0        
[20.305s][info][gc,reloc    ] GC(194) y: Survivor 1          -                34M (3%)           1 / 0              1 / 0              0 / 0        
[20.305s][info][gc,heap     ] GC(194) y: Min Capacity: 8M(1%)
[20.305s][info][gc,heap     ] GC(194) y: Max Capacity: 1024M(100%)
[20.305s][info][gc,heap     ] GC(194) y: Soft Max Capacity: 1024M(100%)
[20.305s][info][gc,heap     ] GC(194) y: Heap Statistics:
[20.305s][info][gc,heap     ] GC(194) y:                Mark Start          Mark End        Relocate Start      Relocate End           High               Low         
[20.305s][info][gc,heap     ] GC(194) y:  Capacity:     1024M (100%)       1024M (100%)       1024M (100%)       1024M (100%)       1024M (100%)       1024M (100%)   
[20.305s][info][gc,heap     ] GC(194) y:      Free:      148M (14%)         114M (11%)         884M (86%)         884M (86%)         884M (86%)          82M (8%)     
[20.305s][info][gc,heap     ] GC(194) y:      Used:      876M (86%)         910M (89%)         140M (14%)         140M (14%)         942M (92%)         140M (14%)    
[20.305s][info][gc,heap     ] GC(194) y: Young Generation Statistics:
[20.305s][info][gc,heap     ] GC(194) y:                Mark Start          Mark End        Relocate Start      Relocate End    
[20.305s][info][gc,heap     ] GC(194) y:      Used:      836M (82%)         870M (85%)         100M (10%)         100M (10%)    
[20.305s][info][gc,heap     ] GC(194) y:      Live:         -                 0M (0%)            0M (0%)            0M (0%)     
[20.305s][info][gc,heap     ] GC(194) y:   Garbage:         -               835M (82%)          33M (3%)           33M (3%)     
[20.305s][info][gc,heap     ] GC(194) y: Allocated:         -                34M (3%)           66M (6%)           66M (6%)     
[20.305s][info][gc,heap     ] GC(194) y: Reclaimed:         -                  -               802M (78%)         802M (78%)    
[20.305s][info][gc,heap     ] GC(194) y:  Promoted:         -                  -                 0M (0%)            0M (0%)     
[20.305s][info][gc,heap     ] GC(194) y: Compacted:         -                  -                  -                 0M (0%)     
[20.305s][info][gc,phases   ] GC(194) y: Young Generation 876M(86%)->140M(14%) 0.004s
[20.305s][info][gc          ] GC(194) Minor Collection (Allocation Rate) 876M(86%)->140M(14%) 0.004s
[20.369s][info][gc          ] GC(195) Minor Collection (Allocation Rate)
[20.369s][info][gc,task     ] GC(195) Using 1 Workers for Young Generation
[20.369s][info][gc,phases   ] GC(195) y: Young Generation
[20.369s][info][gc,phases   ] GC(195) y: Pause Mark Start 0.005ms
[20.371s][info][gc,phases   ] GC(195) y: Concurrent Mark 1.977ms
[20.371s][info][gc,phases   ] GC(195) y: Pause Mark End 0.005ms
[20.371s][info][gc,phases   ] GC(195) y: Concurrent Mark Free 0.000ms
[20.371s][info][gc,phases   ] GC(195) y: Concurrent Reset Relocation Set 0.000ms
[20.372s][info][gc,reloc    ] GC(195) y: Using tenuring threshold: 1 (Computed)
[20.372s][info][gc,phases   ] GC(195) y: Concurrent Select Relocation Set 1.056ms
[20.372s][info][gc,phases   ] GC(195) y: Pause Relocate Start 0.004ms
[20.372s][info][gc,phases   ] GC(195) y: Concurrent Relocate 0.034ms
[20.372s][info][gc,alloc    ] GC(195) y:                         Mark Start        Mark End      Relocate Start    Relocate End   
[20.372s][info][gc,alloc    ] GC(195) y: Allocation Stalls:          0                0                0                0         
[20.372s][info][gc,load     ] GC(195) y: Load: 3.00 (30%) / 3.04 (30%) / 3.14 (31%)
[20.372s][info][gc,mmu      ] GC(195) y: MMU: 2ms/99.0%, 5ms/99.5%, 10ms/99.7%, 20ms/99.7%, 50ms/99.8%, 100ms/99.9%
[20.372s][info][gc,marking  ] GC(195) y: Mark: 1 stripe(s), 2 proactive flush(es), 1 terminate flush(es), 0 completion(s), 0 continuation(s) 
[20.372s][info][gc,marking  ] GC(195) y: Mark Stack Usage: 32M
[20.372s][info][gc,nmethod  ] GC(195) y: NMethods: 1585 registered, 159 unregistered
[20.372s][info][gc,metaspace] GC(195) y: Metaspace: 9M used, 10M committed, 1088M reserved
[20.372s][info][gc,reloc    ] GC(195) y:                        Candidates     Selected     In-Place         Size        Empty    Relocated 
[20.372s][info][gc,reloc    ] GC(195) y: Small Pages:                    2            0            0           4M           2M           0M 
[20.372s][info][gc,reloc    ] GC(195) y: Medium Pages:                  26            0            0         832M         800M           0M 
[20.372s][info][gc,reloc    ] GC(195) y: Large Pages:                    0            0            0           0M           0M           0M 
[20.372s][info][gc,reloc    ] GC(195) y: Forwarding Usage: 0M
[20.372s][info][gc,reloc    ] GC(195) y: Age Table:
[20.372s][info][gc,reloc    ] GC(195) y:                    Live             Garbage             Small              Medium             Large        
[20.372s][info][gc,reloc    ] GC(195) y: Eden               0M (0%)          801M (78%)          1 / 0             25 / 0              0 / 0        
[20.372s][info][gc,reloc    ] GC(195) y: Survivor 1          -                34M (3%)           1 / 0              1 / 0              0 / 0        
[20.372s][info][gc,heap     ] GC(195) y: Min Capacity: 8M(1%)
[20.372s][info][gc,heap     ] GC(195) y: Max Capacity: 1024M(100%)
[20.372s][info][gc,heap     ] GC(195) y: Soft Max Capacity: 1024M(100%)
[20.372s][info][gc,heap     ] GC(195) y: Heap Statistics:
[20.372s][info][gc,heap     ] GC(195) y:                Mark Start          Mark End        Relocate Start      Relocate End           High               Low         
[20.372s][info][gc,heap     ] GC(195) y:  Capacity:     1024M (100%)       1024M (100%)       1024M (100%)       1024M (100%)       1024M (100%)       1024M (100%)   
[20.372s][info][gc,heap     ] GC(195) y:      Free:      148M (14%)         114M (11%)         884M (86%)         884M (86%)         916M (89%)         114M (11%)    
[20.372s][info][gc,heap     ] GC(195) y:      Used:      876M (86%)         910M (89%)         140M (14%)         140M (14%)         910M (89%)         108M (11%)    
[20.372s][info][gc,heap     ] GC(195) y: Young Generation Statistics:
[20.372s][info][gc,heap     ] GC(195) y:                Mark Start          Mark End        Relocate Start      Relocate End    
[20.372s][info][gc,heap     ] GC(195) y:      Used:      836M (82%)         870M (85%)         100M (10%)         100M (10%)    
[20.372s][info][gc,heap     ] GC(195) y:      Live:         -                 0M (0%)            0M (0%)            0M (0%)     
[20.372s][info][gc,heap     ] GC(195) y:   Garbage:         -               835M (82%)          33M (3%)           33M (3%)     
[20.372s][info][gc,heap     ] GC(195) y: Allocated:         -                34M (3%)           66M (6%)           66M (6%)     
[20.372s][info][gc,heap     ] GC(195) y: Reclaimed:         -                  -               802M (78%)         802M (78%)    
[20.372s][info][gc,heap     ] GC(195) y:  Promoted:         -                  -                 0M (0%)            0M (0%)     
[20.372s][info][gc,heap     ] GC(195) y: Compacted:         -                  -                  -                 0M (0%)     
[20.372s][info][gc,phases   ] GC(195) y: Young Generation 876M(86%)->140M(14%) 0.003s
[20.372s][info][gc          ] GC(195) Minor Collection (Allocation Rate) 876M(86%)->140M(14%) 0.004s
[20.436s][info][gc          ] GC(196) Minor Collection (Allocation Rate)
[20.436s][info][gc,task     ] GC(196) Using 1 Workers for Young Generation
[20.436s][info][gc,phases   ] GC(196) y: Young Generation
[20.436s][info][gc,phases   ] GC(196) y: Pause Mark Start 0.005ms
[20.438s][info][gc,phases   ] GC(196) y: Concurrent Mark 1.634ms
[20.438s][info][gc,phases   ] GC(196) y: Pause Mark End 0.004ms
[20.438s][info][gc,phases   ] GC(196) y: Concurrent Mark Free 0.000ms
[20.438s][info][gc,phases   ] GC(196) y: Concurrent Reset Relocation Set 0.000ms
[20.439s][info][gc,reloc    ] GC(196) y: Using tenuring threshold: 1 (Computed)
[20.439s][info][gc,phases   ] GC(196) y: Concurrent Select Relocation Set 1.036ms
[20.439s][info][gc,phases   ] GC(196) y: Pause Relocate Start 0.006ms
[20.439s][info][gc,phases   ] GC(196) y: Concurrent Relocate 0.019ms
[20.439s][info][gc,alloc    ] GC(196) y:                         Mark Start        Mark End      Relocate Start    Relocate End   
[20.439s][info][gc,alloc    ] GC(196) y: Allocation Stalls:          0                0                0                0         
[20.439s][info][gc,load     ] GC(196) y: Load: 3.00 (30%) / 3.04 (30%) / 3.14 (31%)
[20.439s][info][gc,mmu      ] GC(196) y: MMU: 2ms/99.0%, 5ms/99.5%, 10ms/99.7%, 20ms/99.7%, 50ms/99.8%, 100ms/99.9%
[20.439s][info][gc,marking  ] GC(196) y: Mark: 1 stripe(s), 2 proactive flush(es), 1 terminate flush(es), 0 completion(s), 0 continuation(s) 
[20.439s][info][gc,marking  ] GC(196) y: Mark Stack Usage: 32M
[20.439s][info][gc,nmethod  ] GC(196) y: NMethods: 1585 registered, 159 unregistered
[20.439s][info][gc,metaspace] GC(196) y: Metaspace: 9M used, 10M committed, 1088M reserved
[20.439s][info][gc,reloc    ] GC(196) y:                        Candidates     Selected     In-Place         Size        Empty    Relocated 
[20.439s][info][gc,reloc    ] GC(196) y: Small Pages:                    2            0            0           4M           2M           0M 
[20.439s][info][gc,reloc    ] GC(196) y: Medium Pages:                  26            0            0         832M         800M           0M 
[20.439s][info][gc,reloc    ] GC(196) y: Large Pages:                    0            0            0           0M           0M           0M 
[20.439s][info][gc,reloc    ] GC(196) y: Forwarding Usage: 0M
[20.439s][info][gc,reloc    ] GC(196) y: Age Table:
[20.439s][info][gc,reloc    ] GC(196) y:                    Live             Garbage             Small              Medium             Large        
[20.439s][info][gc,reloc    ] GC(196) y: Eden               0M (0%)          801M (78%)          1 / 0             25 / 0              0 / 0        
[20.439s][info][gc,reloc    ] GC(196) y: Survivor 1          -                34M (3%)           1 / 0              1 / 0              0 / 0        
[20.439s][info][gc,heap     ] GC(196) y: Min Capacity: 8M(1%)
[20.439s][info][gc,heap     ] GC(196) y: Max Capacity: 1024M(100%)
[20.439s][info][gc,heap     ] GC(196) y: Soft Max Capacity: 1024M(100%)
[20.439s][info][gc,heap     ] GC(196) y: Heap Statistics:
[20.439s][info][gc,heap     ] GC(196) y:                Mark Start          Mark End        Relocate Start      Relocate End           High               Low         
[20.439s][info][gc,heap     ] GC(196) y:  Capacity:     1024M (100%)       1024M (100%)       1024M (100%)       1024M (100%)       1024M (100%)       1024M (100%)   
[20.439s][info][gc,heap     ] GC(196) y:      Free:      148M (14%)         114M (11%)         916M (89%)         916M (89%)         916M (89%)         114M (11%)    
[20.439s][info][gc,heap     ] GC(196) y:      Used:      876M (86%)         910M (89%)         108M (11%)         108M (11%)         910M (89%)         108M (11%)    
[20.439s][info][gc,heap     ] GC(196) y: Young Generation Statistics:
[20.439s][info][gc,heap     ] GC(196) y:                Mark Start          Mark End        Relocate Start      Relocate End    
[20.439s][info][gc,heap     ] GC(196) y:      Used:      836M (82%)         870M (85%)          68M (7%)           68M (7%)     
[20.439s][info][gc,heap     ] GC(196) y:      Live:         -                 0M (0%)            0M (0%)            0M (0%)     
[20.439s][info][gc,heap     ] GC(196) y:   Garbage:         -               835M (82%)          33M (3%)           33M (3%)     
[20.439s][info][gc,heap     ] GC(196) y: Allocated:         -                34M (3%)           34M (3%)           34M (3%)     
[20.439s][info][gc,heap     ] GC(196) y: Reclaimed:         -                  -               802M (78%)         802M (78%)    
[20.439s][info][gc,heap     ] GC(196) y:  Promoted:         -                  -                 0M (0%)            0M (0%)     
[20.439s][info][gc,heap     ] GC(196) y: Compacted:         -                  -                  -                 0M (0%)     
[20.439s][info][gc,phases   ] GC(196) y: Young Generation 876M(86%)->108M(11%) 0.003s
[20.439s][info][gc          ] GC(196) Minor Collection (Allocation Rate) 876M(86%)->108M(11%) 0.003s
[20.509s][info][gc          ] GC(197) Minor Collection (Allocation Rate)
[20.509s][info][gc,task     ] GC(197) Using 3 Workers for Young Generation
[20.509s][info][gc,phases   ] GC(197) y: Young Generation
[20.509s][info][gc,phases   ] GC(197) y: Pause Mark Start 0.004ms
[20.510s][info][gc,phases   ] GC(197) y: Concurrent Mark 1.035ms
[20.510s][info][gc,phases   ] GC(197) y: Pause Mark End 0.004ms
[20.510s][info][gc,phases   ] GC(197) y: Concurrent Mark Free 0.000ms
[20.510s][info][gc,phases   ] GC(197) y: Concurrent Reset Relocation Set 0.000ms
[20.511s][info][gc,reloc    ] GC(197) y: Using tenuring threshold: 1 (Computed)
[20.512s][info][gc,phases   ] GC(197) y: Concurrent Select Relocation Set 1.074ms
[20.512s][info][gc,phases   ] GC(197) y: Pause Relocate Start 0.004ms
[20.512s][info][gc,phases   ] GC(197) y: Concurrent Relocate 0.056ms
[20.512s][info][gc,alloc    ] GC(197) y:                         Mark Start        Mark End      Relocate Start    Relocate End   
[20.512s][info][gc,alloc    ] GC(197) y: Allocation Stalls:          0                0                0                0         
[20.512s][info][gc,load     ] GC(197) y: Load: 3.00 (30%) / 3.04 (30%) / 3.14 (31%)
[20.512s][info][gc,mmu      ] GC(197) y: MMU: 2ms/99.0%, 5ms/99.5%, 10ms/99.7%, 20ms/99.7%, 50ms/99.8%, 100ms/99.9%
[20.512s][info][gc,marking  ] GC(197) y: Mark: 2 stripe(s), 2 proactive flush(es), 1 terminate flush(es), 0 completion(s), 0 continuation(s) 
[20.512s][info][gc,marking  ] GC(197) y: Mark Stack Usage: 32M
[20.512s][info][gc,nmethod  ] GC(197) y: NMethods: 1585 registered, 159 unregistered
[20.512s][info][gc,metaspace] GC(197) y: Metaspace: 9M used, 10M committed, 1088M reserved
[20.512s][info][gc,reloc    ] GC(197) y:                        Candidates     Selected     In-Place         Size        Empty    Relocated 
[20.512s][info][gc,reloc    ] GC(197) y: Small Pages:                    2            0            0           4M           2M           0M 
[20.512s][info][gc,reloc    ] GC(197) y: Medium Pages:                  28            0            0         896M         864M           0M 
[20.512s][info][gc,reloc    ] GC(197) y: Large Pages:                    0            0            0           0M           0M           0M 
[20.512s][info][gc,reloc    ] GC(197) y: Forwarding Usage: 0M
[20.512s][info][gc,reloc    ] GC(197) y: Age Table:
[20.512s][info][gc,reloc    ] GC(197) y:                    Live             Garbage             Small              Medium             Large        
[20.512s][info][gc,reloc    ] GC(197) y: Eden               0M (0%)          865M (85%)          1 / 0             27 / 0              0 / 0        
[20.512s][info][gc,reloc    ] GC(197) y: Survivor 1          -                34M (3%)           1 / 0              1 / 0              0 / 0        
[20.512s][info][gc,heap     ] GC(197) y: Min Capacity: 8M(1%)
[20.512s][info][gc,heap     ] GC(197) y: Max Capacity: 1024M(100%)
[20.512s][info][gc,heap     ] GC(197) y: Soft Max Capacity: 1024M(100%)
[20.512s][info][gc,heap     ] GC(197) y: Heap Statistics:
[20.512s][info][gc,heap     ] GC(197) y:                Mark Start          Mark End        Relocate Start      Relocate End           High               Low         
[20.512s][info][gc,heap     ] GC(197) y:  Capacity:     1024M (100%)       1024M (100%)       1024M (100%)       1024M (100%)       1024M (100%)       1024M (100%)   
[20.512s][info][gc,heap     ] GC(197) y:      Free:       84M (8%)           50M (5%)          916M (89%)         916M (89%)         916M (89%)          50M (5%)     
[20.512s][info][gc,heap     ] GC(197) y:      Used:      940M (92%)         974M (95%)         108M (11%)         108M (11%)         974M (95%)         108M (11%)    
[20.512s][info][gc,heap     ] GC(197) y: Young Generation Statistics:
[20.512s][info][gc,heap     ] GC(197) y:                Mark Start          Mark End        Relocate Start      Relocate End    
[20.512s][info][gc,heap     ] GC(197) y:      Used:      900M (88%)         934M (91%)          68M (7%)           68M (7%)     
[20.512s][info][gc,heap     ] GC(197) y:      Live:         -                 0M (0%)            0M (0%)            0M (0%)     
[20.512s][info][gc,heap     ] GC(197) y:   Garbage:         -               899M (88%)          33M (3%)           33M (3%)     
[20.512s][info][gc,heap     ] GC(197) y: Allocated:         -                34M (3%)           34M (3%)           34M (3%)     
[20.512s][info][gc,heap     ] GC(197) y: Reclaimed:         -                  -               866M (85%)         866M (85%)    
[20.512s][info][gc,heap     ] GC(197) y:  Promoted:         -                  -                 0M (0%)            0M (0%)     
[20.512s][info][gc,heap     ] GC(197) y: Compacted:         -                  -                  -                 0M (0%)     
[20.512s][info][gc,phases   ] GC(197) y: Young Generation 940M(92%)->108M(11%) 0.002s
[20.512s][info][gc          ] GC(197) Minor Collection (Allocation Rate) 940M(92%)->108M(11%) 0.003s
[20.580s][info][gc          ] GC(198) Minor Collection (Allocation Rate)
[20.580s][info][gc,task     ] GC(198) Using 3 Workers for Young Generation
[20.580s][info][gc,phases   ] GC(198) y: Young Generation
[20.580s][info][gc,phases   ] GC(198) y: Pause Mark Start 0.004ms
[20.581s][info][gc,phases   ] GC(198) y: Concurrent Mark 1.048ms
[20.581s][info][gc,phases   ] GC(198) y: Pause Mark End 0.005ms
[20.581s][info][gc,phases   ] GC(198) y: Concurrent Mark Free 0.000ms
[20.581s][info][gc,phases   ] GC(198) y: Concurrent Reset Relocation Set 0.000ms
[20.582s][info][gc,reloc    ] GC(198) y: Using tenuring threshold: 1 (Computed)
[20.582s][info][gc,phases   ] GC(198) y: Concurrent Select Relocation Set 1.061ms
[20.582s][info][gc,phases   ] GC(198) y: Pause Relocate Start 0.006ms
[20.582s][info][gc,phases   ] GC(198) y: Concurrent Relocate 0.041ms
[20.582s][info][gc,alloc    ] GC(198) y:                         Mark Start        Mark End      Relocate Start    Relocate End   
[20.582s][info][gc,alloc    ] GC(198) y: Allocation Stalls:          0                0                0                0         
[20.582s][info][gc,load     ] GC(198) y: Load: 3.00 (30%) / 3.04 (30%) / 3.14 (31%)
[20.582s][info][gc,mmu      ] GC(198) y: MMU: 2ms/99.0%, 5ms/99.5%, 10ms/99.7%, 20ms/99.7%, 50ms/99.8%, 100ms/99.9%
[20.582s][info][gc,marking  ] GC(198) y: Mark: 2 stripe(s), 2 proactive flush(es), 1 terminate flush(es), 0 completion(s), 0 continuation(s) 
[20.582s][info][gc,marking  ] GC(198) y: Mark Stack Usage: 32M
[20.582s][info][gc,nmethod  ] GC(198) y: NMethods: 1585 registered, 159 unregistered
[20.582s][info][gc,metaspace] GC(198) y: Metaspace: 9M used, 10M committed, 1088M reserved
[20.582s][info][gc,reloc    ] GC(198) y:                        Candidates     Selected     In-Place         Size        Empty    Relocated 
[20.582s][info][gc,reloc    ] GC(198) y: Small Pages:                    2            0            0           4M           2M           0M 
[20.582s][info][gc,reloc    ] GC(198) y: Medium Pages:                  27            0            0         864M         832M           0M 
[20.582s][info][gc,reloc    ] GC(198) y: Large Pages:                    0            0            0           0M           0M           0M 
[20.582s][info][gc,reloc    ] GC(198) y: Forwarding Usage: 0M
[20.582s][info][gc,reloc    ] GC(198) y: Age Table:
[20.582s][info][gc,reloc    ] GC(198) y:                    Live             Garbage             Small              Medium             Large        
[20.582s][info][gc,reloc    ] GC(198) y: Eden               0M (0%)          833M (81%)          1 / 0             26 / 0              0 / 0        
[20.582s][info][gc,reloc    ] GC(198) y: Survivor 1          -                34M (3%)           1 / 0              1 / 0              0 / 0        
[20.582s][info][gc,heap     ] GC(198) y: Min Capacity: 8M(1%)
[20.582s][info][gc,heap     ] GC(198) y: Max Capacity: 1024M(100%)
[20.582s][info][gc,heap     ] GC(198) y: Soft Max Capacity: 1024M(100%)
[20.582s][info][gc,heap     ] GC(198) y: Heap Statistics:
[20.582s][info][gc,heap     ] GC(198) y:                Mark Start          Mark End        Relocate Start      Relocate End           High               Low         
[20.582s][info][gc,heap     ] GC(198) y:  Capacity:     1024M (100%)       1024M (100%)       1024M (100%)       1024M (100%)       1024M (100%)       1024M (100%)   
[20.582s][info][gc,heap     ] GC(198) y:      Free:      116M (11%)          82M (8%)          916M (89%)         916M (89%)         916M (89%)          82M (8%)     
[20.582s][info][gc,heap     ] GC(198) y:      Used:      908M (89%)         942M (92%)         108M (11%)         108M (11%)         942M (92%)         108M (11%)    
[20.582s][info][gc,heap     ] GC(198) y: Young Generation Statistics:
[20.582s][info][gc,heap     ] GC(198) y:                Mark Start          Mark End        Relocate Start      Relocate End    
[20.582s][info][gc,heap     ] GC(198) y:      Used:      868M (85%)         902M (88%)          68M (7%)           68M (7%)     
[20.582s][info][gc,heap     ] GC(198) y:      Live:         -                 0M (0%)            0M (0%)            0M (0%)     
[20.582s][info][gc,heap     ] GC(198) y:   Garbage:         -               867M (85%)          33M (3%)           33M (3%)     
[20.582s][info][gc,heap     ] GC(198) y: Allocated:         -                34M (3%)           34M (3%)           34M (3%)     
[20.582s][info][gc,heap     ] GC(198) y: Reclaimed:         -                  -               834M (81%)         834M (81%)    
[20.582s][info][gc,heap     ] GC(198) y:  Promoted:         -                  -                 0M (0%)            0M (0%)     
[20.582s][info][gc,heap     ] GC(198) y: Compacted:         -                  -                  -                 0M (0%)     
[20.582s][info][gc,phases   ] GC(198) y: Young Generation 908M(89%)->108M(11%) 0.002s
[20.582s][info][gc          ] GC(198) Minor Collection (Allocation Rate) 908M(89%)->108M(11%) 0.003s
[20.653s][info][gc          ] GC(199) Minor Collection (Allocation Rate)
[20.653s][info][gc,task     ] GC(199) Using 3 Workers for Young Generation
[20.653s][info][gc,phases   ] GC(199) y: Young Generation
[20.653s][info][gc,phases   ] GC(199) y: Pause Mark Start 0.004ms
[20.654s][info][gc,phases   ] GC(199) y: Concurrent Mark 0.987ms
[20.654s][info][gc,phases   ] GC(199) y: Pause Mark End 0.009ms
[20.654s][info][gc,phases   ] GC(199) y: Concurrent Mark Free 0.000ms
[20.654s][info][gc,phases   ] GC(199) y: Concurrent Reset Relocation Set 0.000ms
[20.655s][info][gc,reloc    ] GC(199) y: Using tenuring threshold: 1 (Computed)
[20.655s][info][gc,phases   ] GC(199) y: Concurrent Select Relocation Set 1.048ms
[20.655s][info][gc,phases   ] GC(199) y: Pause Relocate Start 0.004ms
[20.655s][info][gc,phases   ] GC(199) y: Concurrent Relocate 0.031ms
[20.655s][info][gc,alloc    ] GC(199) y:                         Mark Start        Mark End      Relocate Start    Relocate End   
[20.655s][info][gc,alloc    ] GC(199) y: Allocation Stalls:          0                0                0                0         
[20.655s][info][gc,load     ] GC(199) y: Load: 3.00 (30%) / 3.04 (30%) / 3.14 (31%)
[20.655s][info][gc,mmu      ] GC(199) y: MMU: 2ms/99.0%, 5ms/99.5%, 10ms/99.7%, 20ms/99.7%, 50ms/99.8%, 100ms/99.9%
[20.655s][info][gc,marking  ] GC(199) y: Mark: 2 stripe(s), 2 proactive flush(es), 1 terminate flush(es), 0 completion(s), 0 continuation(s) 
[20.655s][info][gc,marking  ] GC(199) y: Mark Stack Usage: 32M
[20.655s][info][gc,nmethod  ] GC(199) y: NMethods: 1585 registered, 159 unregistered
[20.655s][info][gc,metaspace] GC(199) y: Metaspace: 9M used, 10M committed, 1088M reserved
[20.655s][info][gc,reloc    ] GC(199) y:                        Candidates     Selected     In-Place         Size        Empty    Relocated 
[20.655s][info][gc,reloc    ] GC(199) y: Small Pages:                    2            0            0           4M           2M           0M 
[20.655s][info][gc,reloc    ] GC(199) y: Medium Pages:                  28            0            0         896M         864M           0M 
[20.655s][info][gc,reloc    ] GC(199) y: Large Pages:                    0            0            0           0M           0M           0M 
[20.655s][info][gc,reloc    ] GC(199) y: Forwarding Usage: 0M
[20.655s][info][gc,reloc    ] GC(199) y: Age Table:
[20.655s][info][gc,reloc    ] GC(199) y:                    Live             Garbage             Small              Medium             Large        
[20.655s][info][gc,reloc    ] GC(199) y: Eden               0M (0%)          865M (85%)          1 / 0             27 / 0              0 / 0        
[20.655s][info][gc,reloc    ] GC(199) y: Survivor 1          -                34M (3%)           1 / 0              1 / 0              0 / 0        
[20.655s][info][gc,heap     ] GC(199) y: Min Capacity: 8M(1%)
[20.655s][info][gc,heap     ] GC(199) y: Max Capacity: 1024M(100%)
[20.655s][info][gc,heap     ] GC(199) y: Soft Max Capacity: 1024M(100%)
[20.655s][info][gc,heap     ] GC(199) y: Heap Statistics:
[20.655s][info][gc,heap     ] GC(199) y:                Mark Start          Mark End        Relocate Start      Relocate End           High               Low         
[20.655s][info][gc,heap     ] GC(199) y:  Capacity:     1024M (100%)       1024M (100%)       1024M (100%)       1024M (100%)       1024M (100%)       1024M (100%)   
[20.655s][info][gc,heap     ] GC(199) y:      Free:       84M (8%)           50M (5%)          916M (89%)         916M (89%)         916M (89%)          50M (5%)     
[20.655s][info][gc,heap     ] GC(199) y:      Used:      940M (92%)         974M (95%)         108M (11%)         108M (11%)         974M (95%)         108M (11%)    
[20.655s][info][gc,heap     ] GC(199) y: Young Generation Statistics:
[20.655s][info][gc,heap     ] GC(199) y:                Mark Start          Mark End        Relocate Start      Relocate End    
[20.655s][info][gc,heap     ] GC(199) y:      Used:      900M (88%)         934M (91%)          68M (7%)           68M (7%)     
[20.655s][info][gc,heap     ] GC(199) y:      Live:         -                 0M (0%)            0M (0%)            0M (0%)     
[20.655s][info][gc,heap     ] GC(199) y:   Garbage:         -               899M (88%)          33M (3%)           33M (3%)     
[20.655s][info][gc,heap     ] GC(199) y: Allocated:         -                34M (3%)           34M (3%)           34M (3%)     
[20.655s][info][gc,heap     ] GC(199) y: Reclaimed:         -                  -               866M (85%)         866M (85%)    
[20.655s][info][gc,heap     ] GC(199) y:  Promoted:         -                  -                 0M (0%)            0M (0%)     
[20.655s][info][gc,heap     ] GC(199) y: Compacted:         -                  -                  -                 0M (0%)     
[20.655s][info][gc,phases   ] GC(199) y: Young Generation 940M(92%)->108M(11%) 0.002s
[20.655s][info][gc          ] GC(199) Minor Collection (Allocation Rate) 940M(92%)->108M(11%) 0.003s
[20.726s][info][gc          ] GC(200) Minor Collection (Allocation Rate)
[20.726s][info][gc,task     ] GC(200) Using 3 Workers for Young Generation
[20.726s][info][gc,phases   ] GC(200) y: Young Generation
[20.726s][info][gc,phases   ] GC(200) y: Pause Mark Start 0.005ms
[20.727s][info][gc,phases   ] GC(200) y: Concurrent Mark 0.873ms
[20.727s][info][gc,phases   ] GC(200) y: Pause Mark End 0.004ms
[20.727s][info][gc,phases   ] GC(200) y: Concurrent Mark Free 0.000ms
[20.727s][info][gc,phases   ] GC(200) y: Concurrent Reset Relocation Set 0.000ms
[20.728s][info][gc,reloc    ] GC(200) y: Using tenuring threshold: 1 (Computed)
[20.728s][info][gc,phases   ] GC(200) y: Concurrent Select Relocation Set 1.098ms
[20.728s][info][gc,phases   ] GC(200) y: Pause Relocate Start 0.005ms
[20.728s][info][gc,phases   ] GC(200) y: Concurrent Relocate 0.049ms
[20.728s][info][gc,alloc    ] GC(200) y:                         Mark Start        Mark End      Relocate Start    Relocate End   
[20.728s][info][gc,alloc    ] GC(200) y: Allocation Stalls:          0                0                0                0         
[20.728s][info][gc,load     ] GC(200) y: Load: 3.00 (30%) / 3.04 (30%) / 3.14 (31%)
[20.728s][info][gc,mmu      ] GC(200) y: MMU: 2ms/99.0%, 5ms/99.5%, 10ms/99.7%, 20ms/99.7%, 50ms/99.8%, 100ms/99.9%
[20.728s][info][gc,marking  ] GC(200) y: Mark: 2 stripe(s), 2 proactive flush(es), 1 terminate flush(es), 0 completion(s), 0 continuation(s) 
[20.728s][info][gc,marking  ] GC(200) y: Mark Stack Usage: 32M
[20.728s][info][gc,nmethod  ] GC(200) y: NMethods: 1585 registered, 159 unregistered
[20.728s][info][gc,metaspace] GC(200) y: Metaspace: 9M used, 10M committed, 1088M reserved
[20.728s][info][gc,reloc    ] GC(200) y:                        Candidates     Selected     In-Place         Size        Empty    Relocated 
[20.728s][info][gc,reloc    ] GC(200) y: Small Pages:                    2            0            0           4M           2M           0M 
[20.728s][info][gc,reloc    ] GC(200) y: Medium Pages:                  28            0            0         896M         864M           0M 
[20.728s][info][gc,reloc    ] GC(200) y: Large Pages:                    0            0            0           0M           0M           0M 
[20.728s][info][gc,reloc    ] GC(200) y: Forwarding Usage: 0M
[20.728s][info][gc,reloc    ] GC(200) y: Age Table:
[20.728s][info][gc,reloc    ] GC(200) y:                    Live             Garbage             Small              Medium             Large        
[20.728s][info][gc,reloc    ] GC(200) y: Eden               0M (0%)          865M (85%)          1 / 0             27 / 0              0 / 0        
[20.728s][info][gc,reloc    ] GC(200) y: Survivor 1          -                34M (3%)           1 / 0              1 / 0              0 / 0        
[20.728s][info][gc,heap     ] GC(200) y: Min Capacity: 8M(1%)
[20.728s][info][gc,heap     ] GC(200) y: Max Capacity: 1024M(100%)
[20.728s][info][gc,heap     ] GC(200) y: Soft Max Capacity: 1024M(100%)
[20.728s][info][gc,heap     ] GC(200) y: Heap Statistics:
[20.728s][info][gc,heap     ] GC(200) y:                Mark Start          Mark End        Relocate Start      Relocate End           High               Low         
[20.728s][info][gc,heap     ] GC(200) y:  Capacity:     1024M (100%)       1024M (100%)       1024M (100%)       1024M (100%)       1024M (100%)       1024M (100%)   
[20.728s][info][gc,heap     ] GC(200) y:      Free:       84M (8%)           50M (5%)          916M (89%)         916M (89%)         916M (89%)          50M (5%)     
[20.728s][info][gc,heap     ] GC(200) y:      Used:      940M (92%)         974M (95%)         108M (11%)         108M (11%)         974M (95%)         108M (11%)    
[20.728s][info][gc,heap     ] GC(200) y: Young Generation Statistics:
[20.728s][info][gc,heap     ] GC(200) y:                Mark Start          Mark End        Relocate Start      Relocate End    
[20.728s][info][gc,heap     ] GC(200) y:      Used:      900M (88%)         934M (91%)          68M (7%)           68M (7%)     
[20.728s][info][gc,heap     ] GC(200) y:      Live:         -                 0M (0%)            0M (0%)            0M (0%)     
[20.728s][info][gc,heap     ] GC(200) y:   Garbage:         -               899M (88%)          33M (3%)           33M (3%)     
[20.728s][info][gc,heap     ] GC(200) y: Allocated:         -                34M (3%)           34M (3%)           34M (3%)     
[20.728s][info][gc,heap     ] GC(200) y: Reclaimed:         -                  -               866M (85%)         866M (85%)    
[20.728s][info][gc,heap     ] GC(200) y:  Promoted:         -                  -                 0M (0%)            0M (0%)     
[20.728s][info][gc,heap     ] GC(200) y: Compacted:         -                  -                  -                 0M (0%)     
[20.728s][info][gc,phases   ] GC(200) y: Young Generation 940M(92%)->108M(11%) 0.002s
[20.728s][info][gc          ] GC(200) Minor Collection (Allocation Rate) 940M(92%)->108M(11%) 0.002s
[20.796s][info][gc          ] GC(201) Minor Collection (Allocation Rate)
[20.796s][info][gc,task     ] GC(201) Using 2 Workers for Young Generation
[20.796s][info][gc,phases   ] GC(201) y: Young Generation
[20.796s][info][gc,phases   ] GC(201) y: Pause Mark Start 0.006ms
[20.797s][info][gc,phases   ] GC(201) y: Concurrent Mark 1.180ms
[20.797s][info][gc,phases   ] GC(201) y: Pause Mark End 0.005ms
[20.797s][info][gc,phases   ] GC(201) y: Concurrent Mark Free 0.000ms
[20.797s][info][gc,phases   ] GC(201) y: Concurrent Reset Relocation Set 0.000ms
[20.798s][info][gc,reloc    ] GC(201) y: Using tenuring threshold: 1 (Computed)
[20.799s][info][gc,phases   ] GC(201) y: Concurrent Select Relocation Set 1.047ms
[20.799s][info][gc,phases   ] GC(201) y: Pause Relocate Start 0.003ms
[20.799s][info][gc,phases   ] GC(201) y: Concurrent Relocate 0.019ms
[20.799s][info][gc,alloc    ] GC(201) y:                         Mark Start        Mark End      Relocate Start    Relocate End   
[20.799s][info][gc,alloc    ] GC(201) y: Allocation Stalls:          0                0                0                0         
[20.799s][info][gc,load     ] GC(201) y: Load: 3.00 (30%) / 3.04 (30%) / 3.14 (31%)
[20.799s][info][gc,mmu      ] GC(201) y: MMU: 2ms/99.0%, 5ms/99.5%, 10ms/99.7%, 20ms/99.7%, 50ms/99.8%, 100ms/99.9%
[20.799s][info][gc,marking  ] GC(201) y: Mark: 2 stripe(s), 2 proactive flush(es), 1 terminate flush(es), 0 completion(s), 0 continuation(s) 
[20.799s][info][gc,marking  ] GC(201) y: Mark Stack Usage: 32M
[20.799s][info][gc,nmethod  ] GC(201) y: NMethods: 1585 registered, 159 unregistered
[20.799s][info][gc,metaspace] GC(201) y: Metaspace: 9M used, 10M committed, 1088M reserved
[20.799s][info][gc,reloc    ] GC(201) y:                        Candidates     Selected     In-Place         Size        Empty    Relocated 
[20.799s][info][gc,reloc    ] GC(201) y: Small Pages:                    2            0            0           4M           2M           0M 
[20.799s][info][gc,reloc    ] GC(201) y: Medium Pages:                  27            0            0         864M         832M           0M 
[20.799s][info][gc,reloc    ] GC(201) y: Large Pages:                    0            0            0           0M           0M           0M 
[20.799s][info][gc,reloc    ] GC(201) y: Forwarding Usage: 0M
[20.799s][info][gc,reloc    ] GC(201) y: Age Table:
[20.799s][info][gc,reloc    ] GC(201) y:                    Live             Garbage             Small              Medium             Large        
[20.799s][info][gc,reloc    ] GC(201) y: Eden               0M (0%)          833M (81%)          1 / 0             26 / 0              0 / 0        
[20.799s][info][gc,reloc    ] GC(201) y: Survivor 1          -                34M (3%)           1 / 0              1 / 0              0 / 0        
[20.799s][info][gc,heap     ] GC(201) y: Min Capacity: 8M(1%)
[20.799s][info][gc,heap     ] GC(201) y: Max Capacity: 1024M(100%)
[20.799s][info][gc,heap     ] GC(201) y: Soft Max Capacity: 1024M(100%)
[20.799s][info][gc,heap     ] GC(201) y: Heap Statistics:
[20.799s][info][gc,heap     ] GC(201) y:                Mark Start          Mark End        Relocate Start      Relocate End           High               Low         
[20.799s][info][gc,heap     ] GC(201) y:  Capacity:     1024M (100%)       1024M (100%)       1024M (100%)       1024M (100%)       1024M (100%)       1024M (100%)   
[20.799s][info][gc,heap     ] GC(201) y:      Free:      116M (11%)          82M (8%)          916M (89%)         916M (89%)         916M (89%)          82M (8%)     
[20.799s][info][gc,heap     ] GC(201) y:      Used:      908M (89%)         942M (92%)         108M (11%)         108M (11%)         942M (92%)         108M (11%)    
[20.799s][info][gc,heap     ] GC(201) y: Young Generation Statistics:
[20.799s][info][gc,heap     ] GC(201) y:                Mark Start          Mark End        Relocate Start      Relocate End    
[20.799s][info][gc,heap     ] GC(201) y:      Used:      868M (85%)         902M (88%)          68M (7%)           68M (7%)     
[20.799s][info][gc,heap     ] GC(201) y:      Live:         -                 0M (0%)            0M (0%)            0M (0%)     
[20.799s][info][gc,heap     ] GC(201) y:   Garbage:         -               867M (85%)          33M (3%)           33M (3%)     
[20.799s][info][gc,heap     ] GC(201) y: Allocated:         -                34M (3%)           34M (3%)           34M (3%)     
[20.799s][info][gc,heap     ] GC(201) y: Reclaimed:         -                  -               834M (81%)         834M (81%)    
[20.799s][info][gc,heap     ] GC(201) y:  Promoted:         -                  -                 0M (0%)            0M (0%)     
[20.799s][info][gc,heap     ] GC(201) y: Compacted:         -                  -                  -                 0M (0%)     
[20.799s][info][gc,phases   ] GC(201) y: Young Generation 908M(89%)->108M(11%) 0.003s
[20.799s][info][gc          ] GC(201) Minor Collection (Allocation Rate) 908M(89%)->108M(11%) 0.003s
[20.863s][info][gc          ] GC(202) Minor Collection (Allocation Rate)
[20.863s][info][gc,task     ] GC(202) Using 2 Workers for Young Generation
[20.864s][info][gc,phases   ] GC(202) y: Young Generation
[20.864s][info][gc,phases   ] GC(202) y: Pause Mark Start 0.004ms
[20.865s][info][gc,phases   ] GC(202) y: Concurrent Mark 1.267ms
[20.865s][info][gc,phases   ] GC(202) y: Pause Mark End 0.006ms
[20.865s][info][gc,phases   ] GC(202) y: Concurrent Mark Free 0.000ms
[20.865s][info][gc,phases   ] GC(202) y: Concurrent Reset Relocation Set 0.000ms
[20.866s][info][gc,reloc    ] GC(202) y: Using tenuring threshold: 1 (Computed)
[20.866s][info][gc,phases   ] GC(202) y: Concurrent Select Relocation Set 1.041ms
[20.866s][info][gc,phases   ] GC(202) y: Pause Relocate Start 0.004ms
[20.866s][info][gc,phases   ] GC(202) y: Concurrent Relocate 0.019ms
[20.866s][info][gc,alloc    ] GC(202) y:                         Mark Start        Mark End      Relocate Start    Relocate End   
[20.866s][info][gc,alloc    ] GC(202) y: Allocation Stalls:          0                0                0                0         
[20.866s][info][gc,load     ] GC(202) y: Load: 3.00 (30%) / 3.04 (30%) / 3.14 (31%)
[20.866s][info][gc,mmu      ] GC(202) y: MMU: 2ms/99.0%, 5ms/99.5%, 10ms/99.7%, 20ms/99.7%, 50ms/99.8%, 100ms/99.9%
[20.866s][info][gc,marking  ] GC(202) y: Mark: 2 stripe(s), 2 proactive flush(es), 1 terminate flush(es), 0 completion(s), 0 continuation(s) 
[20.866s][info][gc,marking  ] GC(202) y: Mark Stack Usage: 32M
[20.866s][info][gc,nmethod  ] GC(202) y: NMethods: 1590 registered, 159 unregistered
[20.866s][info][gc,metaspace] GC(202) y: Metaspace: 9M used, 10M committed, 1088M reserved
[20.866s][info][gc,reloc    ] GC(202) y:                        Candidates     Selected     In-Place         Size        Empty    Relocated 
[20.866s][info][gc,reloc    ] GC(202) y: Small Pages:                    2            0            0           4M           2M           0M 
[20.866s][info][gc,reloc    ] GC(202) y: Medium Pages:                  27            0            0         864M         832M           0M 
[20.866s][info][gc,reloc    ] GC(202) y: Large Pages:                    0            0            0           0M           0M           0M 
[20.866s][info][gc,reloc    ] GC(202) y: Forwarding Usage: 0M
[20.866s][info][gc,reloc    ] GC(202) y: Age Table:
[20.866s][info][gc,reloc    ] GC(202) y:                    Live             Garbage             Small              Medium             Large        
[20.866s][info][gc,reloc    ] GC(202) y: Eden               0M (0%)          833M (81%)          1 / 0             26 / 0              0 / 0        
[20.866s][info][gc,reloc    ] GC(202) y: Survivor 1          -                34M (3%)           1 / 0              1 / 0              0 / 0        
[20.866s][info][gc,heap     ] GC(202) y: Min Capacity: 8M(1%)
[20.866s][info][gc,heap     ] GC(202) y: Max Capacity: 1024M(100%)
[20.866s][info][gc,heap     ] GC(202) y: Soft Max Capacity: 1024M(100%)
[20.866s][info][gc,heap     ] GC(202) y: Heap Statistics:
[20.866s][info][gc,heap     ] GC(202) y:                Mark Start          Mark End        Relocate Start      Relocate End           High               Low         
[20.866s][info][gc,heap     ] GC(202) y:  Capacity:     1024M (100%)       1024M (100%)       1024M (100%)       1024M (100%)       1024M (100%)       1024M (100%)   
[20.866s][info][gc,heap     ] GC(202) y:      Free:      116M (11%)          82M (8%)          916M (89%)         916M (89%)         916M (89%)          82M (8%)     
[20.866s][info][gc,heap     ] GC(202) y:      Used:      908M (89%)         942M (92%)         108M (11%)         108M (11%)         942M (92%)         108M (11%)    
[20.866s][info][gc,heap     ] GC(202) y: Young Generation Statistics:
[20.866s][info][gc,heap     ] GC(202) y:                Mark Start          Mark End        Relocate Start      Relocate End    
[20.866s][info][gc,heap     ] GC(202) y:      Used:      868M (85%)         902M (88%)          68M (7%)           68M (7%)     
[20.866s][info][gc,heap     ] GC(202) y:      Live:         -                 0M (0%)            0M (0%)            0M (0%)     
[20.866s][info][gc,heap     ] GC(202) y:   Garbage:         -               867M (85%)          33M (3%)           33M (3%)     
[20.866s][info][gc,heap     ] GC(202) y: Allocated:         -                34M (3%)           34M (3%)           34M (3%)     
[20.866s][info][gc,heap     ] GC(202) y: Reclaimed:         -                  -               834M (81%)         834M (81%)    
[20.866s][info][gc,heap     ] GC(202) y:  Promoted:         -                  -                 0M (0%)            0M (0%)     
[20.866s][info][gc,heap     ] GC(202) y: Compacted:         -                  -                  -                 0M (0%)     
[20.866s][info][gc,phases   ] GC(202) y: Young Generation 908M(89%)->108M(11%) 0.003s
[20.866s][info][gc          ] GC(202) Minor Collection (Allocation Rate) 908M(89%)->108M(11%) 0.003s
[20.925s][info][gc          ] GC(203) Minor Collection (Allocation Rate)
[20.925s][info][gc,task     ] GC(203) Using 2 Workers for Young Generation
[20.925s][info][gc,phases   ] GC(203) y: Young Generation
[20.925s][info][gc,phases   ] GC(203) y: Pause Mark Start 0.005ms
[20.926s][info][gc,phases   ] GC(203) y: Concurrent Mark 1.256ms
[20.926s][info][gc,phases   ] GC(203) y: Pause Mark End 0.006ms
[20.926s][info][gc,phases   ] GC(203) y: Concurrent Mark Free 0.000ms
[20.926s][info][gc,phases   ] GC(203) y: Concurrent Reset Relocation Set 0.000ms
[20.927s][info][gc,reloc    ] GC(203) y: Using tenuring threshold: 1 (Computed)
[20.927s][info][gc,phases   ] GC(203) y: Concurrent Select Relocation Set 1.040ms
[20.927s][info][gc,phases   ] GC(203) y: Pause Relocate Start 0.004ms
[20.928s][info][gc,phases   ] GC(203) y: Concurrent Relocate 0.019ms
[20.928s][info][gc,alloc    ] GC(203) y:                         Mark Start        Mark End      Relocate Start    Relocate End   
[20.928s][info][gc,alloc    ] GC(203) y: Allocation Stalls:          0                0                0                0         
[20.928s][info][gc,load     ] GC(203) y: Load: 3.00 (30%) / 3.04 (30%) / 3.14 (31%)
[20.928s][info][gc,mmu      ] GC(203) y: MMU: 2ms/99.0%, 5ms/99.5%, 10ms/99.7%, 20ms/99.7%, 50ms/99.8%, 100ms/99.9%
[20.928s][info][gc,marking  ] GC(203) y: Mark: 2 stripe(s), 2 proactive flush(es), 1 terminate flush(es), 0 completion(s), 0 continuation(s) 
[20.928s][info][gc,marking  ] GC(203) y: Mark Stack Usage: 32M
[20.928s][info][gc,nmethod  ] GC(203) y: NMethods: 1593 registered, 159 unregistered
[20.928s][info][gc,metaspace] GC(203) y: Metaspace: 9M used, 10M committed, 1088M reserved
[20.928s][info][gc,reloc    ] GC(203) y:                        Candidates     Selected     In-Place         Size        Empty    Relocated 
[20.928s][info][gc,reloc    ] GC(203) y: Small Pages:                    3            0            0           6M           4M           0M 
[20.928s][info][gc,reloc    ] GC(203) y: Medium Pages:                  27            0            0         864M         832M           0M 
[20.928s][info][gc,reloc    ] GC(203) y: Large Pages:                    0            0            0           0M           0M           0M 
[20.928s][info][gc,reloc    ] GC(203) y: Forwarding Usage: 0M
[20.928s][info][gc,reloc    ] GC(203) y: Age Table:
[20.928s][info][gc,reloc    ] GC(203) y:                    Live             Garbage             Small              Medium             Large        
[20.928s][info][gc,reloc    ] GC(203) y: Eden               0M (0%)          835M (82%)          2 / 0             26 / 0              0 / 0        
[20.928s][info][gc,reloc    ] GC(203) y: Survivor 1          -                34M (3%)           1 / 0              1 / 0              0 / 0        
[20.928s][info][gc,heap     ] GC(203) y: Min Capacity: 8M(1%)
[20.928s][info][gc,heap     ] GC(203) y: Max Capacity: 1024M(100%)
[20.928s][info][gc,heap     ] GC(203) y: Soft Max Capacity: 1024M(100%)
[20.928s][info][gc,heap     ] GC(203) y: Heap Statistics:
[20.928s][info][gc,heap     ] GC(203) y:                Mark Start          Mark End        Relocate Start      Relocate End           High               Low         
[20.928s][info][gc,heap     ] GC(203) y:  Capacity:     1024M (100%)       1024M (100%)       1024M (100%)       1024M (100%)       1024M (100%)       1024M (100%)   
[20.928s][info][gc,heap     ] GC(203) y:      Free:      114M (11%)          80M (8%)          916M (89%)         916M (89%)         916M (89%)          80M (8%)     
[20.928s][info][gc,heap     ] GC(203) y:      Used:      910M (89%)         944M (92%)         108M (11%)         108M (11%)         944M (92%)         108M (11%)    
[20.928s][info][gc,heap     ] GC(203) y: Young Generation Statistics:
[20.928s][info][gc,heap     ] GC(203) y:                Mark Start          Mark End        Relocate Start      Relocate End    
[20.928s][info][gc,heap     ] GC(203) y:      Used:      870M (85%)         904M (88%)          68M (7%)           68M (7%)     
[20.928s][info][gc,heap     ] GC(203) y:      Live:         -                 0M (0%)            0M (0%)            0M (0%)     
[20.928s][info][gc,heap     ] GC(203) y:   Garbage:         -               869M (85%)          33M (3%)           33M (3%)     
[20.928s][info][gc,heap     ] GC(203) y: Allocated:         -                34M (3%)           34M (3%)           34M (3%)     
[20.928s][info][gc,heap     ] GC(203) y: Reclaimed:         -                  -               836M (82%)         836M (82%)    
[20.928s][info][gc,heap     ] GC(203) y:  Promoted:         -                  -                 0M (0%)            0M (0%)     
[20.928s][info][gc,heap     ] GC(203) y: Compacted:         -                  -                  -                 0M (0%)     
[20.928s][info][gc,phases   ] GC(203) y: Young Generation 910M(89%)->108M(11%) 0.003s
[20.928s][info][gc          ] GC(203) Minor Collection (Allocation Rate) 910M(89%)->108M(11%) 0.003s
[20.959s][info][gc          ] GC(204) Major Collection (Proactive)
[20.959s][info][gc,task     ] GC(204) Using 1 Workers for Young Generation
[20.959s][info][gc,task     ] GC(204) Using 1 Workers for Old Generation
[20.959s][info][gc,phases   ] GC(204) Y: Young Generation
[20.959s][info][gc,phases   ] GC(204) Y: Pause Mark Start (Major) 0.006ms
[20.961s][info][gc,phases   ] GC(204) Y: Concurrent Mark 1.440ms
[20.961s][info][gc,phases   ] GC(204) Y: Pause Mark End 0.004ms
[20.961s][info][gc,phases   ] GC(204) Y: Concurrent Mark Free 0.000ms
[20.961s][info][gc,phases   ] GC(204) Y: Concurrent Reset Relocation Set 0.000ms
[20.962s][info][gc,reloc    ] GC(204) Y: Using tenuring threshold: 1 (Computed)
[20.962s][info][gc,phases   ] GC(204) Y: Concurrent Select Relocation Set 1.036ms
[20.962s][info][gc,phases   ] GC(204) Y: Pause Relocate Start 0.004ms
[20.962s][info][gc,phases   ] GC(204) Y: Concurrent Relocate 0.013ms
[20.962s][info][gc,alloc    ] GC(204) Y:                         Mark Start        Mark End      Relocate Start    Relocate End   
[20.962s][info][gc,alloc    ] GC(204) Y: Allocation Stalls:          0                0                0                0         
[20.962s][info][gc,load     ] GC(204) Y: Load: 3.00 (30%) / 3.04 (30%) / 3.14 (31%)
[20.962s][info][gc,mmu      ] GC(204) Y: MMU: 2ms/99.0%, 5ms/99.5%, 10ms/99.7%, 20ms/99.7%, 50ms/99.8%, 100ms/99.9%
[20.962s][info][gc,marking  ] GC(204) Y: Mark: 1 stripe(s), 2 proactive flush(es), 1 terminate flush(es), 0 completion(s), 0 continuation(s) 
[20.962s][info][gc,marking  ] GC(204) Y: Mark Stack Usage: 32M
[20.962s][info][gc,nmethod  ] GC(204) Y: NMethods: 1593 registered, 159 unregistered
[20.962s][info][gc,metaspace] GC(204) Y: Metaspace: 9M used, 10M committed, 1088M reserved
[20.962s][info][gc,reloc    ] GC(204) Y:                        Candidates     Selected     In-Place         Size        Empty    Relocated 
[20.962s][info][gc,reloc    ] GC(204) Y: Small Pages:                    2            0            0           4M           2M           0M 
[20.962s][info][gc,reloc    ] GC(204) Y: Medium Pages:                  16            0            0         512M         480M           0M 
[20.962s][info][gc,reloc    ] GC(204) Y: Large Pages:                    0            0            0           0M           0M           0M 
[20.962s][info][gc,reloc    ] GC(204) Y: Forwarding Usage: 0M
[20.962s][info][gc,reloc    ] GC(204) Y: Age Table:
[20.962s][info][gc,reloc    ] GC(204) Y:                    Live             Garbage             Small              Medium             Large        
[20.962s][info][gc,reloc    ] GC(204) Y: Eden               0M (0%)          481M (47%)          1 / 0             15 / 0              0 / 0        
[20.962s][info][gc,reloc    ] GC(204) Y: Survivor 1          -                34M (3%)           1 / 0              1 / 0              0 / 0        
[20.962s][info][gc,heap     ] GC(204) Y: Min Capacity: 8M(1%)
[20.962s][info][gc,heap     ] GC(204) Y: Max Capacity: 1024M(100%)
[20.962s][info][gc,heap     ] GC(204) Y: Soft Max Capacity: 1024M(100%)
[20.962s][info][gc,heap     ] GC(204) Y: Heap Statistics:
[20.962s][info][gc,heap     ] GC(204) Y:                Mark Start          Mark End        Relocate Start      Relocate End           High               Low         
[20.962s][info][gc,heap     ] GC(204) Y:  Capacity:     1024M (100%)       1024M (100%)       1024M (100%)       1024M (100%)       1024M (100%)       1024M (100%)   
[20.962s][info][gc,heap     ] GC(204) Y:      Free:      468M (46%)         434M (42%)         916M (89%)         916M (89%)         916M (89%)         434M (42%)    
[20.962s][info][gc,heap     ] GC(204) Y:      Used:      556M (54%)         590M (58%)         108M (11%)         108M (11%)         590M (58%)         108M (11%)    
[20.962s][info][gc,heap     ] GC(204) Y: Young Generation Statistics:
[20.962s][info][gc,heap     ] GC(204) Y:                Mark Start          Mark End        Relocate Start      Relocate End    
[20.962s][info][gc,heap     ] GC(204) Y:      Used:      516M (50%)         550M (54%)          68M (7%)           68M (7%)     
[20.962s][info][gc,heap     ] GC(204) Y:      Live:         -                 0M (0%)            0M (0%)            0M (0%)     
[20.962s][info][gc,heap     ] GC(204) Y:   Garbage:         -               515M (50%)          33M (3%)           33M (3%)     
[20.962s][info][gc,heap     ] GC(204) Y: Allocated:         -                34M (3%)           34M (3%)           34M (3%)     
[20.962s][info][gc,heap     ] GC(204) Y: Reclaimed:         -                  -               482M (47%)         482M (47%)    
[20.962s][info][gc,heap     ] GC(204) Y:  Promoted:         -                  -                 0M (0%)            0M (0%)     
[20.962s][info][gc,heap     ] GC(204) Y: Compacted:         -                  -                  -                 0M (0%)     
[20.962s][info][gc,phases   ] GC(204) Y: Young Generation 556M(54%)->108M(11%) 0.003s
[20.962s][info][gc,phases   ] GC(204) O: Old Generation
[20.967s][info][gc,phases   ] GC(204) O: Concurrent Mark 4.796ms
[20.967s][info][gc,phases   ] GC(204) O: Pause Mark End 0.006ms
[20.967s][info][gc,phases   ] GC(204) O: Concurrent Mark Free 0.000ms
[20.970s][info][gc,phases   ] GC(204) O: Concurrent Process Non-Strong 2.552ms
[20.970s][info][gc,phases   ] GC(204) O: Concurrent Reset Relocation Set 0.000ms
[20.971s][info][gc,phases   ] GC(204) O: Concurrent Select Relocation Set 0.995ms
[20.971s][info][gc,task     ] GC(204) O: Using 2 Workers for Old Generation
[20.975s][info][gc,task     ] GC(204) O: Using 1 Workers for Old Generation
[20.975s][info][gc,phases   ] GC(204) O: Concurrent Remap Roots 4.109ms
[20.975s][info][gc,phases   ] GC(204) O: Pause Relocate Start 0.006ms
[20.976s][info][gc,phases   ] GC(204) O: Concurrent Relocate 0.777ms
[20.976s][info][gc,alloc    ] GC(204) O:                         Mark Start        Mark End      Relocate Start    Relocate End   
[20.976s][info][gc,alloc    ] GC(204) O: Allocation Stalls:          0                0                0                0         
[20.976s][info][gc,load     ] GC(204) O: Load: 3.00 (30%) / 3.04 (30%) / 3.14 (31%)
[20.976s][info][gc,mmu      ] GC(204) O: MMU: 2ms/99.0%, 5ms/99.5%, 10ms/99.7%, 20ms/99.7%, 50ms/99.8%, 100ms/99.9%
[20.976s][info][gc,marking  ] GC(204) O: Mark: 1 stripe(s), 2 proactive flush(es), 1 terminate flush(es), 0 completion(s), 0 continuation(s) 
[20.976s][info][gc,marking  ] GC(204) O: Mark Stack Usage: 32M
[20.976s][info][gc,nmethod  ] GC(204) O: NMethods: 1586 registered, 166 unregistered
[20.976s][info][gc,metaspace] GC(204) O: Metaspace: 9M used, 10M committed, 1088M reserved
[20.976s][info][gc,ref      ] GC(204) O:                       Encountered   Discovered     Enqueued 
[20.976s][info][gc,ref      ] GC(204) O: Soft References:              372            0            0 
[20.976s][info][gc,ref      ] GC(204) O: Weak References:             1110          834            0 
[20.976s][info][gc,ref      ] GC(204) O: Final References:             880          270            0 
[20.976s][info][gc,ref      ] GC(204) O: Phantom References:            32            2            0 
[20.976s][info][gc,reloc    ] GC(204) O:                        Candidates     Selected     In-Place         Size        Empty    Relocated 
[20.976s][info][gc,reloc    ] GC(204) O: Small Pages:                    4            1            0           8M           0M           1M 
[20.976s][info][gc,reloc    ] GC(204) O: Medium Pages:                   1            0            0          32M           0M           0M 
[20.976s][info][gc,reloc    ] GC(204) O: Large Pages:                    0            0            0           0M           0M           0M 
[20.976s][info][gc,reloc    ] GC(204) O: Forwarding Usage: 0M
[20.976s][info][gc,heap     ] GC(204) O: Min Capacity: 8M(1%)
[20.976s][info][gc,heap     ] GC(204) O: Max Capacity: 1024M(100%)
[20.976s][info][gc,heap     ] GC(204) O: Soft Max Capacity: 1024M(100%)
[20.976s][info][gc,heap     ] GC(204) O: Heap Statistics:
[20.976s][info][gc,heap     ] GC(204) O:                Mark Start          Mark End        Relocate Start      Relocate End           High               Low         
[20.976s][info][gc,heap     ] GC(204) O:  Capacity:     1024M (100%)       1024M (100%)       1024M (100%)       1024M (100%)       1024M (100%)       1024M (100%)   
[20.976s][info][gc,heap     ] GC(204) O:      Free:      468M (46%)         820M (80%)         724M (71%)         724M (71%)         916M (89%)         434M (42%)    
[20.976s][info][gc,heap     ] GC(204) O:      Used:      556M (54%)         204M (20%)         300M (29%)         300M (29%)         590M (58%)         108M (11%)    
[20.976s][info][gc,heap     ] GC(204) O: Old Generation Statistics:
[20.976s][info][gc,heap     ] GC(204) O:                Mark Start          Mark End        Relocate Start      Relocate End    
[20.976s][info][gc,heap     ] GC(204) O:      Used:       40M (4%)           40M (4%)           40M (4%)           40M (4%)     
[20.976s][info][gc,heap     ] GC(204) O:      Live:         -                 4M (0%)            4M (0%)            4M (0%)     
[20.976s][info][gc,heap     ] GC(204) O:   Garbage:         -                35M (3%)           35M (3%)           32M (3%)     
[20.976s][info][gc,heap     ] GC(204) O: Allocated:         -                 0M (0%)            0M (0%)            2M (0%)     
[20.976s][info][gc,heap     ] GC(204) O: Reclaimed:         -                  -                 0M (0%)            2M (0%)     
[20.976s][info][gc,heap     ] GC(204) O: Compacted:         -                  -                  -                 1M (0%)     
[20.976s][info][gc,phases   ] GC(204) O: Old Generation 140M(14%)->300M(29%) 0.013s
[20.976s][info][gc          ] GC(204) Major Collection (Proactive) 556M(54%)->300M(29%) 0.017s
[21.013s][info][gc          ] GC(205) Minor Collection (Allocation Rate)
[21.013s][info][gc,task     ] GC(205) Using 1 Workers for Young Generation
[21.013s][info][gc,phases   ] GC(205) y: Young Generation
[21.013s][info][gc,phases   ] GC(205) y: Pause Mark Start 0.003ms
[21.016s][info][gc,phases   ] GC(205) y: Concurrent Mark 2.516ms
[21.016s][info][gc,phases   ] GC(205) y: Pause Mark End 0.005ms
[21.016s][info][gc,phases   ] GC(205) y: Concurrent Mark Free 0.000ms
[21.016s][info][gc,phases   ] GC(205) y: Concurrent Reset Relocation Set 0.000ms
[21.017s][info][gc,reloc    ] GC(205) y: Using tenuring threshold: 1 (Computed)
[21.017s][info][gc,phases   ] GC(205) y: Concurrent Select Relocation Set 1.039ms
[21.017s][info][gc,phases   ] GC(205) y: Pause Relocate Start 0.005ms
[21.017s][info][gc,phases   ] GC(205) y: Concurrent Relocate 0.013ms
[21.017s][info][gc,alloc    ] GC(205) y:                         Mark Start        Mark End      Relocate Start    Relocate End   
[21.017s][info][gc,alloc    ] GC(205) y: Allocation Stalls:          0                0                0                0         
[21.017s][info][gc,load     ] GC(205) y: Load: 3.00 (30%) / 3.04 (30%) / 3.14 (31%)
[21.017s][info][gc,mmu      ] GC(205) y: MMU: 2ms/99.0%, 5ms/99.5%, 10ms/99.7%, 20ms/99.7%, 50ms/99.8%, 100ms/99.9%
[21.017s][info][gc,marking  ] GC(205) y: Mark: 1 stripe(s), 2 proactive flush(es), 1 terminate flush(es), 0 completion(s), 0 continuation(s) 
[21.017s][info][gc,marking  ] GC(205) y: Mark Stack Usage: 32M
[21.017s][info][gc,nmethod  ] GC(205) y: NMethods: 1586 registered, 166 unregistered
[21.017s][info][gc,metaspace] GC(205) y: Metaspace: 9M used, 10M committed, 1088M reserved
[21.017s][info][gc,reloc    ] GC(205) y:                        Candidates     Selected     In-Place         Size        Empty    Relocated 
[21.017s][info][gc,reloc    ] GC(205) y: Small Pages:                    2            0            0           4M           2M           0M 
[21.017s][info][gc,reloc    ] GC(205) y: Medium Pages:                  25            0            0         800M         800M           0M 
[21.017s][info][gc,reloc    ] GC(205) y: Large Pages:                    0            0            0           0M           0M           0M 
[21.017s][info][gc,reloc    ] GC(205) y: Forwarding Usage: 0M
[21.017s][info][gc,reloc    ] GC(205) y: Age Table:
[21.017s][info][gc,reloc    ] GC(205) y:                    Live             Garbage             Small              Medium             Large        
[21.017s][info][gc,reloc    ] GC(205) y: Eden               0M (0%)          769M (75%)          1 / 0             24 / 0              0 / 0        
[21.017s][info][gc,reloc    ] GC(205) y: Survivor 1          -                34M (3%)           1 / 0              1 / 0              0 / 0        
[21.017s][info][gc,heap     ] GC(205) y: Min Capacity: 8M(1%)
[21.017s][info][gc,heap     ] GC(205) y: Max Capacity: 1024M(100%)
[21.017s][info][gc,heap     ] GC(205) y: Soft Max Capacity: 1024M(100%)
[21.017s][info][gc,heap     ] GC(205) y: Heap Statistics:
[21.017s][info][gc,heap     ] GC(205) y:                Mark Start          Mark End        Relocate Start      Relocate End           High               Low         
[21.017s][info][gc,heap     ] GC(205) y:  Capacity:     1024M (100%)       1024M (100%)       1024M (100%)       1024M (100%)       1024M (100%)       1024M (100%)   
[21.017s][info][gc,heap     ] GC(205) y:      Free:      180M (18%)         114M (11%)         916M (89%)         916M (89%)         916M (89%)         114M (11%)    
[21.017s][info][gc,heap     ] GC(205) y:      Used:      844M (82%)         910M (89%)         108M (11%)         108M (11%)         910M (89%)         108M (11%)    
[21.017s][info][gc,heap     ] GC(205) y: Young Generation Statistics:
[21.017s][info][gc,heap     ] GC(205) y:                Mark Start          Mark End        Relocate Start      Relocate End    
[21.017s][info][gc,heap     ] GC(205) y:      Used:      804M (79%)         870M (85%)          68M (7%)           68M (7%)     
[21.017s][info][gc,heap     ] GC(205) y:      Live:         -                 0M (0%)            0M (0%)            0M (0%)     
[21.017s][info][gc,heap     ] GC(205) y:   Garbage:         -               803M (79%)           1M (0%)            1M (0%)     
[21.017s][info][gc,heap     ] GC(205) y: Allocated:         -                66M (6%)           66M (6%)           66M (6%)     
[21.017s][info][gc,heap     ] GC(205) y: Reclaimed:         -                  -               802M (78%)         802M (78%)    
[21.017s][info][gc,heap     ] GC(205) y:  Promoted:         -                  -                 0M (0%)            0M (0%)     
[21.017s][info][gc,heap     ] GC(205) y: Compacted:         -                  -                  -                 0M (0%)     
[21.017s][info][gc,phases   ] GC(205) y: Young Generation 844M(82%)->108M(11%) 0.004s
[21.017s][info][gc          ] GC(205) Minor Collection (Allocation Rate) 844M(82%)->108M(11%) 0.004s
[21.074s][info][gc          ] GC(206) Minor Collection (Allocation Rate)
[21.074s][info][gc,task     ] GC(206) Using 3 Workers for Young Generation
[21.074s][info][gc,phases   ] GC(206) y: Young Generation
[21.074s][info][gc,phases   ] GC(206) y: Pause Mark Start 0.004ms
[21.075s][info][gc,phases   ] GC(206) y: Concurrent Mark 0.812ms
[21.075s][info][gc,phases   ] GC(206) y: Pause Mark End 0.004ms
[21.075s][info][gc,phases   ] GC(206) y: Concurrent Mark Free 0.000ms
[21.075s][info][gc,phases   ] GC(206) y: Concurrent Reset Relocation Set 0.000ms
[21.076s][info][gc,reloc    ] GC(206) y: Using tenuring threshold: 1 (Computed)
[21.076s][info][gc,phases   ] GC(206) y: Concurrent Select Relocation Set 1.064ms
[21.076s][info][gc,phases   ] GC(206) y: Pause Relocate Start 0.004ms
[21.076s][info][gc,phases   ] GC(206) y: Concurrent Relocate 0.028ms
[21.076s][info][gc,alloc    ] GC(206) y:                         Mark Start        Mark End      Relocate Start    Relocate End   
[21.076s][info][gc,alloc    ] GC(206) y: Allocation Stalls:          0                0                0                0         
[21.076s][info][gc,load     ] GC(206) y: Load: 3.00 (30%) / 3.04 (30%) / 3.14 (31%)
[21.076s][info][gc,mmu      ] GC(206) y: MMU: 2ms/99.0%, 5ms/99.5%, 10ms/99.7%, 20ms/99.7%, 50ms/99.8%, 100ms/99.9%
[21.076s][info][gc,marking  ] GC(206) y: Mark: 2 stripe(s), 2 proactive flush(es), 1 terminate flush(es), 0 completion(s), 0 continuation(s) 
[21.076s][info][gc,marking  ] GC(206) y: Mark Stack Usage: 32M
[21.076s][info][gc,nmethod  ] GC(206) y: NMethods: 1586 registered, 166 unregistered
[21.076s][info][gc,metaspace] GC(206) y: Metaspace: 9M used, 10M committed, 1088M reserved
[21.076s][info][gc,reloc    ] GC(206) y:                        Candidates     Selected     In-Place         Size        Empty    Relocated 
[21.076s][info][gc,reloc    ] GC(206) y: Small Pages:                    2            0            0           4M           2M           0M 
[21.076s][info][gc,reloc    ] GC(206) y: Medium Pages:                  27            0            0         864M         832M           0M 
[21.076s][info][gc,reloc    ] GC(206) y: Large Pages:                    0            0            0           0M           0M           0M 
[21.076s][info][gc,reloc    ] GC(206) y: Forwarding Usage: 0M
[21.076s][info][gc,reloc    ] GC(206) y: Age Table:
[21.076s][info][gc,reloc    ] GC(206) y:                    Live             Garbage             Small              Medium             Large        
[21.076s][info][gc,reloc    ] GC(206) y: Eden               0M (0%)          865M (85%)          1 / 0             27 / 0              0 / 0        
[21.076s][info][gc,reloc    ] GC(206) y: Survivor 1          -                 2M (0%)           1 / 0              0 / 0              0 / 0        
[21.076s][info][gc,heap     ] GC(206) y: Min Capacity: 8M(1%)
[21.076s][info][gc,heap     ] GC(206) y: Max Capacity: 1024M(100%)
[21.076s][info][gc,heap     ] GC(206) y: Soft Max Capacity: 1024M(100%)
[21.076s][info][gc,heap     ] GC(206) y: Heap Statistics:
[21.076s][info][gc,heap     ] GC(206) y:                Mark Start          Mark End        Relocate Start      Relocate End           High               Low         
[21.076s][info][gc,heap     ] GC(206) y:  Capacity:     1024M (100%)       1024M (100%)       1024M (100%)       1024M (100%)       1024M (100%)       1024M (100%)   
[21.076s][info][gc,heap     ] GC(206) y:      Free:      116M (11%)          82M (8%)          916M (89%)         916M (89%)         916M (89%)          82M (8%)     
[21.076s][info][gc,heap     ] GC(206) y:      Used:      908M (89%)         942M (92%)         108M (11%)         108M (11%)         942M (92%)         108M (11%)    
[21.076s][info][gc,heap     ] GC(206) y: Young Generation Statistics:
[21.076s][info][gc,heap     ] GC(206) y:                Mark Start          Mark End        Relocate Start      Relocate End    
[21.076s][info][gc,heap     ] GC(206) y:      Used:      868M (85%)         902M (88%)          68M (7%)           68M (7%)     
[21.076s][info][gc,heap     ] GC(206) y:      Live:         -                 0M (0%)            0M (0%)            0M (0%)     
[21.076s][info][gc,heap     ] GC(206) y:   Garbage:         -               867M (85%)          33M (3%)           33M (3%)     
[21.076s][info][gc,heap     ] GC(206) y: Allocated:         -                34M (3%)           34M (3%)           34M (3%)     
[21.076s][info][gc,heap     ] GC(206) y: Reclaimed:         -                  -               834M (81%)         834M (81%)    
[21.076s][info][gc,heap     ] GC(206) y:  Promoted:         -                  -                 0M (0%)            0M (0%)     
[21.076s][info][gc,heap     ] GC(206) y: Compacted:         -                  -                  -                 0M (0%)     
[21.076s][info][gc,phases   ] GC(206) y: Young Generation 908M(89%)->108M(11%) 0.002s
[21.076s][info][gc          ] GC(206) Minor Collection (Allocation Rate) 908M(89%)->108M(11%) 0.002s
[21.134s][info][gc          ] GC(207) Minor Collection (Allocation Rate)
[21.134s][info][gc,task     ] GC(207) Using 3 Workers for Young Generation
[21.134s][info][gc,phases   ] GC(207) y: Young Generation
[21.134s][info][gc,phases   ] GC(207) y: Pause Mark Start 0.004ms
[21.135s][info][gc,phases   ] GC(207) y: Concurrent Mark 1.043ms
[21.135s][info][gc,phases   ] GC(207) y: Pause Mark End 0.005ms
[21.135s][info][gc,phases   ] GC(207) y: Concurrent Mark Free 0.000ms
[21.135s][info][gc,phases   ] GC(207) y: Concurrent Reset Relocation Set 0.000ms
[21.136s][info][gc,reloc    ] GC(207) y: Using tenuring threshold: 1 (Computed)
[21.136s][info][gc,phases   ] GC(207) y: Concurrent Select Relocation Set 1.058ms
[21.136s][info][gc,phases   ] GC(207) y: Pause Relocate Start 0.004ms
[21.136s][info][gc,phases   ] GC(207) y: Concurrent Relocate 0.053ms
[21.136s][info][gc,alloc    ] GC(207) y:                         Mark Start        Mark End      Relocate Start    Relocate End   
[21.136s][info][gc,alloc    ] GC(207) y: Allocation Stalls:          0                0                0                0         
[21.136s][info][gc,load     ] GC(207) y: Load: 3.00 (30%) / 3.04 (30%) / 3.14 (31%)
[21.136s][info][gc,mmu      ] GC(207) y: MMU: 2ms/99.0%, 5ms/99.5%, 10ms/99.7%, 20ms/99.7%, 50ms/99.8%, 100ms/99.9%
[21.136s][info][gc,marking  ] GC(207) y: Mark: 2 stripe(s), 2 proactive flush(es), 1 terminate flush(es), 0 completion(s), 0 continuation(s) 
[21.136s][info][gc,marking  ] GC(207) y: Mark Stack Usage: 32M
[21.136s][info][gc,nmethod  ] GC(207) y: NMethods: 1586 registered, 166 unregistered
[21.136s][info][gc,metaspace] GC(207) y: Metaspace: 9M used, 10M committed, 1088M reserved
[21.136s][info][gc,reloc    ] GC(207) y:                        Candidates     Selected     In-Place         Size        Empty    Relocated 
[21.136s][info][gc,reloc    ] GC(207) y: Small Pages:                    2            0            0           4M           2M           0M 
[21.136s][info][gc,reloc    ] GC(207) y: Medium Pages:                  27            0            0         864M         832M           0M 
[21.136s][info][gc,reloc    ] GC(207) y: Large Pages:                    0            0            0           0M           0M           0M 
[21.136s][info][gc,reloc    ] GC(207) y: Forwarding Usage: 0M
[21.136s][info][gc,reloc    ] GC(207) y: Age Table:
[21.136s][info][gc,reloc    ] GC(207) y:                    Live             Garbage             Small              Medium             Large        
[21.136s][info][gc,reloc    ] GC(207) y: Eden               0M (0%)          833M (81%)          1 / 0             26 / 0              0 / 0        
[21.136s][info][gc,reloc    ] GC(207) y: Survivor 1          -                34M (3%)           1 / 0              1 / 0              0 / 0        
[21.136s][info][gc,heap     ] GC(207) y: Min Capacity: 8M(1%)
[21.136s][info][gc,heap     ] GC(207) y: Max Capacity: 1024M(100%)
[21.136s][info][gc,heap     ] GC(207) y: Soft Max Capacity: 1024M(100%)
[21.136s][info][gc,heap     ] GC(207) y: Heap Statistics:
[21.136s][info][gc,heap     ] GC(207) y:                Mark Start          Mark End        Relocate Start      Relocate End           High               Low         
[21.136s][info][gc,heap     ] GC(207) y:  Capacity:     1024M (100%)       1024M (100%)       1024M (100%)       1024M (100%)       1024M (100%)       1024M (100%)   
[21.136s][info][gc,heap     ] GC(207) y:      Free:      116M (11%)          82M (8%)          916M (89%)         916M (89%)         916M (89%)          82M (8%)     
[21.136s][info][gc,heap     ] GC(207) y:      Used:      908M (89%)         942M (92%)         108M (11%)         108M (11%)         942M (92%)         108M (11%)    
[21.136s][info][gc,heap     ] GC(207) y: Young Generation Statistics:
[21.136s][info][gc,heap     ] GC(207) y:                Mark Start          Mark End        Relocate Start      Relocate End    
[21.136s][info][gc,heap     ] GC(207) y:      Used:      868M (85%)         902M (88%)          68M (7%)           68M (7%)     
[21.136s][info][gc,heap     ] GC(207) y:      Live:         -                 0M (0%)            0M (0%)            0M (0%)     
[21.136s][info][gc,heap     ] GC(207) y:   Garbage:         -               867M (85%)          33M (3%)           33M (3%)     
[21.136s][info][gc,heap     ] GC(207) y: Allocated:         -                34M (3%)           34M (3%)           34M (3%)     
[21.136s][info][gc,heap     ] GC(207) y: Reclaimed:         -                  -               834M (81%)         834M (81%)    
[21.136s][info][gc,heap     ] GC(207) y:  Promoted:         -                  -                 0M (0%)            0M (0%)     
[21.136s][info][gc,heap     ] GC(207) y: Compacted:         -                  -                  -                 0M (0%)     
[21.136s][info][gc,phases   ] GC(207) y: Young Generation 908M(89%)->108M(11%) 0.002s
[21.136s][info][gc          ] GC(207) Minor Collection (Allocation Rate) 908M(89%)->108M(11%) 0.003s
[21.195s][info][gc          ] GC(208) Minor Collection (Allocation Rate)
[21.195s][info][gc,task     ] GC(208) Using 3 Workers for Young Generation
[21.195s][info][gc,phases   ] GC(208) y: Young Generation
[21.195s][info][gc,phases   ] GC(208) y: Pause Mark Start 0.004ms
[21.196s][info][gc,phases   ] GC(208) y: Concurrent Mark 1.041ms
[21.196s][info][gc,phases   ] GC(208) y: Pause Mark End 0.005ms
[21.196s][info][gc,phases   ] GC(208) y: Concurrent Mark Free 0.000ms
[21.196s][info][gc,phases   ] GC(208) y: Concurrent Reset Relocation Set 0.000ms
[21.197s][info][gc,reloc    ] GC(208) y: Using tenuring threshold: 1 (Computed)
[21.197s][info][gc,phases   ] GC(208) y: Concurrent Select Relocation Set 1.057ms
[21.197s][info][gc,phases   ] GC(208) y: Pause Relocate Start 0.004ms
[21.197s][info][gc,phases   ] GC(208) y: Concurrent Relocate 0.021ms
[21.197s][info][gc,alloc    ] GC(208) y:                         Mark Start        Mark End      Relocate Start    Relocate End   
[21.197s][info][gc,alloc    ] GC(208) y: Allocation Stalls:          0                0                0                0         
[21.197s][info][gc,load     ] GC(208) y: Load: 3.00 (30%) / 3.04 (30%) / 3.14 (31%)
[21.197s][info][gc,mmu      ] GC(208) y: MMU: 2ms/99.0%, 5ms/99.5%, 10ms/99.7%, 20ms/99.7%, 50ms/99.8%, 100ms/99.9%
[21.197s][info][gc,marking  ] GC(208) y: Mark: 2 stripe(s), 2 proactive flush(es), 1 terminate flush(es), 0 completion(s), 0 continuation(s) 
[21.197s][info][gc,marking  ] GC(208) y: Mark Stack Usage: 32M
[21.197s][info][gc,nmethod  ] GC(208) y: NMethods: 1586 registered, 166 unregistered
[21.197s][info][gc,metaspace] GC(208) y: Metaspace: 9M used, 10M committed, 1088M reserved
[21.198s][info][gc,reloc    ] GC(208) y:                        Candidates     Selected     In-Place         Size        Empty    Relocated 
[21.198s][info][gc,reloc    ] GC(208) y: Small Pages:                    2            0            0           4M           2M           0M 
[21.198s][info][gc,reloc    ] GC(208) y: Medium Pages:                  27            0            0         864M         832M           0M 
[21.198s][info][gc,reloc    ] GC(208) y: Large Pages:                    0            0            0           0M           0M           0M 
[21.198s][info][gc,reloc    ] GC(208) y: Forwarding Usage: 0M
[21.198s][info][gc,reloc    ] GC(208) y: Age Table:
[21.198s][info][gc,reloc    ] GC(208) y:                    Live             Garbage             Small              Medium             Large        
[21.198s][info][gc,reloc    ] GC(208) y: Eden               0M (0%)          833M (81%)          1 / 0             26 / 0              0 / 0        
[21.198s][info][gc,reloc    ] GC(208) y: Survivor 1          -                34M (3%)           1 / 0              1 / 0              0 / 0        
[21.198s][info][gc,heap     ] GC(208) y: Min Capacity: 8M(1%)
[21.198s][info][gc,heap     ] GC(208) y: Max Capacity: 1024M(100%)
[21.198s][info][gc,heap     ] GC(208) y: Soft Max Capacity: 1024M(100%)
[21.198s][info][gc,heap     ] GC(208) y: Heap Statistics:
[21.198s][info][gc,heap     ] GC(208) y:                Mark Start          Mark End        Relocate Start      Relocate End           High               Low         
[21.198s][info][gc,heap     ] GC(208) y:  Capacity:     1024M (100%)       1024M (100%)       1024M (100%)       1024M (100%)       1024M (100%)       1024M (100%)   
[21.198s][info][gc,heap     ] GC(208) y:      Free:      116M (11%)          82M (8%)          916M (89%)         916M (89%)         916M (89%)          82M (8%)     
[21.198s][info][gc,heap     ] GC(208) y:      Used:      908M (89%)         942M (92%)         108M (11%)         108M (11%)         942M (92%)         108M (11%)    
[21.198s][info][gc,heap     ] GC(208) y: Young Generation Statistics:
[21.198s][info][gc,heap     ] GC(208) y:                Mark Start          Mark End        Relocate Start      Relocate End    
[21.198s][info][gc,heap     ] GC(208) y:      Used:      868M (85%)         902M (88%)          68M (7%)           68M (7%)     
[21.198s][info][gc,heap     ] GC(208) y:      Live:         -                 0M (0%)            0M (0%)            0M (0%)     
[21.198s][info][gc,heap     ] GC(208) y:   Garbage:         -               867M (85%)          33M (3%)           33M (3%)     
[21.198s][info][gc,heap     ] GC(208) y: Allocated:         -                34M (3%)           34M (3%)           34M (3%)     
[21.198s][info][gc,heap     ] GC(208) y: Reclaimed:         -                  -               834M (81%)         834M (81%)    
[21.198s][info][gc,heap     ] GC(208) y:  Promoted:         -                  -                 0M (0%)            0M (0%)     
[21.198s][info][gc,heap     ] GC(208) y: Compacted:         -                  -                  -                 0M (0%)     
[21.198s][info][gc,phases   ] GC(208) y: Young Generation 908M(89%)->108M(11%) 0.002s
[21.198s][info][gc          ] GC(208) Minor Collection (Allocation Rate) 908M(89%)->108M(11%) 0.003s
[21.256s][info][gc          ] GC(209) Minor Collection (Allocation Rate)
[21.256s][info][gc,task     ] GC(209) Using 3 Workers for Young Generation
[21.256s][info][gc,phases   ] GC(209) y: Young Generation
[21.256s][info][gc,phases   ] GC(209) y: Pause Mark Start 0.004ms
[21.257s][info][gc,phases   ] GC(209) y: Concurrent Mark 0.863ms
[21.257s][info][gc,phases   ] GC(209) y: Pause Mark End 0.005ms
[21.257s][info][gc,phases   ] GC(209) y: Concurrent Mark Free 0.000ms
[21.257s][info][gc,phases   ] GC(209) y: Concurrent Reset Relocation Set 0.000ms
[21.258s][info][gc,reloc    ] GC(209) y: Using tenuring threshold: 1 (Computed)
[21.258s][info][gc,phases   ] GC(209) y: Concurrent Select Relocation Set 1.060ms
[21.258s][info][gc,phases   ] GC(209) y: Pause Relocate Start 0.004ms
[21.258s][info][gc,phases   ] GC(209) y: Concurrent Relocate 0.021ms
[21.258s][info][gc,alloc    ] GC(209) y:                         Mark Start        Mark End      Relocate Start    Relocate End   
[21.258s][info][gc,alloc    ] GC(209) y: Allocation Stalls:          0                0                0                0         
[21.258s][info][gc,load     ] GC(209) y: Load: 3.00 (30%) / 3.04 (30%) / 3.14 (31%)
[21.258s][info][gc,mmu      ] GC(209) y: MMU: 2ms/99.0%, 5ms/99.5%, 10ms/99.7%, 20ms/99.7%, 50ms/99.8%, 100ms/99.9%
[21.258s][info][gc,marking  ] GC(209) y: Mark: 2 stripe(s), 2 proactive flush(es), 1 terminate flush(es), 0 completion(s), 0 continuation(s) 
[21.258s][info][gc,marking  ] GC(209) y: Mark Stack Usage: 32M
[21.258s][info][gc,nmethod  ] GC(209) y: NMethods: 1586 registered, 166 unregistered
[21.258s][info][gc,metaspace] GC(209) y: Metaspace: 9M used, 10M committed, 1088M reserved
[21.258s][info][gc,reloc    ] GC(209) y:                        Candidates     Selected     In-Place         Size        Empty    Relocated 
[21.258s][info][gc,reloc    ] GC(209) y: Small Pages:                    2            0            0           4M           2M           0M 
[21.258s][info][gc,reloc    ] GC(209) y: Medium Pages:                  27            0            0         864M         832M           0M 
[21.258s][info][gc,reloc    ] GC(209) y: Large Pages:                    0            0            0           0M           0M           0M 
[21.258s][info][gc,reloc    ] GC(209) y: Forwarding Usage: 0M
[21.258s][info][gc,reloc    ] GC(209) y: Age Table:
[21.258s][info][gc,reloc    ] GC(209) y:                    Live             Garbage             Small              Medium             Large        
[21.258s][info][gc,reloc    ] GC(209) y: Eden               0M (0%)          833M (81%)          1 / 0             26 / 0              0 / 0        
[21.258s][info][gc,reloc    ] GC(209) y: Survivor 1          -                34M (3%)           1 / 0              1 / 0              0 / 0        
[21.258s][info][gc,heap     ] GC(209) y: Min Capacity: 8M(1%)
[21.258s][info][gc,heap     ] GC(209) y: Max Capacity: 1024M(100%)
[21.258s][info][gc,heap     ] GC(209) y: Soft Max Capacity: 1024M(100%)
[21.258s][info][gc,heap     ] GC(209) y: Heap Statistics:
[21.258s][info][gc,heap     ] GC(209) y:                Mark Start          Mark End        Relocate Start      Relocate End           High               Low         
[21.258s][info][gc,heap     ] GC(209) y:  Capacity:     1024M (100%)       1024M (100%)       1024M (100%)       1024M (100%)       1024M (100%)       1024M (100%)   
[21.258s][info][gc,heap     ] GC(209) y:      Free:      116M (11%)          82M (8%)          916M (89%)         916M (89%)         916M (89%)          82M (8%)     
[21.258s][info][gc,heap     ] GC(209) y:      Used:      908M (89%)         942M (92%)         108M (11%)         108M (11%)         942M (92%)         108M (11%)    
[21.258s][info][gc,heap     ] GC(209) y: Young Generation Statistics:
[21.258s][info][gc,heap     ] GC(209) y:                Mark Start          Mark End        Relocate Start      Relocate End    
[21.258s][info][gc,heap     ] GC(209) y:      Used:      868M (85%)         902M (88%)          68M (7%)           68M (7%)     
[21.258s][info][gc,heap     ] GC(209) y:      Live:         -                 0M (0%)            0M (0%)            0M (0%)     
[21.258s][info][gc,heap     ] GC(209) y:   Garbage:         -               867M (85%)          33M (3%)           33M (3%)     
[21.258s][info][gc,heap     ] GC(209) y: Allocated:         -                34M (3%)           34M (3%)           34M (3%)     
[21.258s][info][gc,heap     ] GC(209) y: Reclaimed:         -                  -               834M (81%)         834M (81%)    
[21.258s][info][gc,heap     ] GC(209) y:  Promoted:         -                  -                 0M (0%)            0M (0%)     
[21.258s][info][gc,heap     ] GC(209) y: Compacted:         -                  -                  -                 0M (0%)     
[21.258s][info][gc,phases   ] GC(209) y: Young Generation 908M(89%)->108M(11%) 0.002s
[21.258s][info][gc          ] GC(209) Minor Collection (Allocation Rate) 908M(89%)->108M(11%) 0.002s
[21.317s][info][gc          ] GC(210) Minor Collection (Allocation Rate)
[21.317s][info][gc,task     ] GC(210) Using 3 Workers for Young Generation
[21.317s][info][gc,phases   ] GC(210) y: Young Generation
[21.317s][info][gc,phases   ] GC(210) y: Pause Mark Start 0.004ms
[21.318s][info][gc,phases   ] GC(210) y: Concurrent Mark 0.865ms
[21.318s][info][gc,phases   ] GC(210) y: Pause Mark End 0.005ms
[21.318s][info][gc,phases   ] GC(210) y: Concurrent Mark Free 0.000ms
[21.318s][info][gc,phases   ] GC(210) y: Concurrent Reset Relocation Set 0.000ms
[21.319s][info][gc,reloc    ] GC(210) y: Using tenuring threshold: 1 (Computed)
[21.319s][info][gc,phases   ] GC(210) y: Concurrent Select Relocation Set 1.064ms
[21.319s][info][gc,phases   ] GC(210) y: Pause Relocate Start 0.004ms
[21.319s][info][gc,phases   ] GC(210) y: Concurrent Relocate 0.027ms
[21.319s][info][gc,alloc    ] GC(210) y:                         Mark Start        Mark End      Relocate Start    Relocate End   
[21.319s][info][gc,alloc    ] GC(210) y: Allocation Stalls:          0                0                0                0         
[21.319s][info][gc,load     ] GC(210) y: Load: 3.00 (30%) / 3.04 (30%) / 3.14 (31%)
[21.319s][info][gc,mmu      ] GC(210) y: MMU: 2ms/99.0%, 5ms/99.5%, 10ms/99.7%, 20ms/99.7%, 50ms/99.8%, 100ms/99.9%
[21.319s][info][gc,marking  ] GC(210) y: Mark: 2 stripe(s), 2 proactive flush(es), 1 terminate flush(es), 0 completion(s), 0 continuation(s) 
[21.319s][info][gc,marking  ] GC(210) y: Mark Stack Usage: 32M
[21.319s][info][gc,nmethod  ] GC(210) y: NMethods: 1586 registered, 166 unregistered
[21.319s][info][gc,metaspace] GC(210) y: Metaspace: 9M used, 10M committed, 1088M reserved
[21.319s][info][gc,reloc    ] GC(210) y:                        Candidates     Selected     In-Place         Size        Empty    Relocated 
[21.319s][info][gc,reloc    ] GC(210) y: Small Pages:                    2            0            0           4M           2M           0M 
[21.319s][info][gc,reloc    ] GC(210) y: Medium Pages:                  27            0            0         864M         832M           0M 
[21.319s][info][gc,reloc    ] GC(210) y: Large Pages:                    0            0            0           0M           0M           0M 
[21.319s][info][gc,reloc    ] GC(210) y: Forwarding Usage: 0M
[21.319s][info][gc,reloc    ] GC(210) y: Age Table:
[21.319s][info][gc,reloc    ] GC(210) y:                    Live             Garbage             Small              Medium             Large        
[21.319s][info][gc,reloc    ] GC(210) y: Eden               0M (0%)          833M (81%)          1 / 0             26 / 0              0 / 0        
[21.319s][info][gc,reloc    ] GC(210) y: Survivor 1          -                34M (3%)           1 / 0              1 / 0              0 / 0        
[21.319s][info][gc,heap     ] GC(210) y: Min Capacity: 8M(1%)
[21.319s][info][gc,heap     ] GC(210) y: Max Capacity: 1024M(100%)
[21.319s][info][gc,heap     ] GC(210) y: Soft Max Capacity: 1024M(100%)
[21.319s][info][gc,heap     ] GC(210) y: Heap Statistics:
[21.319s][info][gc,heap     ] GC(210) y:                Mark Start          Mark End        Relocate Start      Relocate End           High               Low         
[21.319s][info][gc,heap     ] GC(210) y:  Capacity:     1024M (100%)       1024M (100%)       1024M (100%)       1024M (100%)       1024M (100%)       1024M (100%)   
[21.319s][info][gc,heap     ] GC(210) y:      Free:      116M (11%)          82M (8%)          916M (89%)         916M (89%)         916M (89%)          82M (8%)     
[21.319s][info][gc,heap     ] GC(210) y:      Used:      908M (89%)         942M (92%)         108M (11%)         108M (11%)         942M (92%)         108M (11%)    
[21.319s][info][gc,heap     ] GC(210) y: Young Generation Statistics:
[21.319s][info][gc,heap     ] GC(210) y:                Mark Start          Mark End        Relocate Start      Relocate End    
[21.319s][info][gc,heap     ] GC(210) y:      Used:      868M (85%)         902M (88%)          68M (7%)           68M (7%)     
[21.319s][info][gc,heap     ] GC(210) y:      Live:         -                 0M (0%)            0M (0%)            0M (0%)     
[21.319s][info][gc,heap     ] GC(210) y:   Garbage:         -               867M (85%)          33M (3%)           33M (3%)     
[21.319s][info][gc,heap     ] GC(210) y: Allocated:         -                34M (3%)           34M (3%)           34M (3%)     
[21.319s][info][gc,heap     ] GC(210) y: Reclaimed:         -                  -               834M (81%)         834M (81%)    
[21.319s][info][gc,heap     ] GC(210) y:  Promoted:         -                  -                 0M (0%)            0M (0%)     
[21.319s][info][gc,heap     ] GC(210) y: Compacted:         -                  -                  -                 0M (0%)     
[21.319s][info][gc,phases   ] GC(210) y: Young Generation 908M(89%)->108M(11%) 0.002s
[21.319s][info][gc          ] GC(210) Minor Collection (Allocation Rate) 908M(89%)->108M(11%) 0.002s
[21.380s][info][gc          ] GC(211) Minor Collection (Allocation Rate)
[21.380s][info][gc,task     ] GC(211) Using 3 Workers for Young Generation
[21.380s][info][gc,phases   ] GC(211) y: Young Generation
[21.380s][info][gc,phases   ] GC(211) y: Pause Mark Start 0.004ms
[21.381s][info][gc,phases   ] GC(211) y: Concurrent Mark 0.863ms
[21.381s][info][gc,phases   ] GC(211) y: Pause Mark End 0.005ms
[21.381s][info][gc,phases   ] GC(211) y: Concurrent Mark Free 0.000ms
[21.381s][info][gc,phases   ] GC(211) y: Concurrent Reset Relocation Set 0.000ms
[21.382s][info][gc,reloc    ] GC(211) y: Using tenuring threshold: 1 (Computed)
[21.382s][info][gc,phases   ] GC(211) y: Concurrent Select Relocation Set 1.063ms
[21.382s][info][gc,phases   ] GC(211) y: Pause Relocate Start 0.006ms
[21.383s][info][gc,phases   ] GC(211) y: Concurrent Relocate 0.026ms
[21.383s][info][gc,alloc    ] GC(211) y:                         Mark Start        Mark End      Relocate Start    Relocate End   
[21.383s][info][gc,alloc    ] GC(211) y: Allocation Stalls:          0                0                0                0         
[21.383s][info][gc,load     ] GC(211) y: Load: 3.00 (30%) / 3.04 (30%) / 3.14 (31%)
[21.383s][info][gc,mmu      ] GC(211) y: MMU: 2ms/99.0%, 5ms/99.5%, 10ms/99.7%, 20ms/99.7%, 50ms/99.8%, 100ms/99.9%
[21.383s][info][gc,marking  ] GC(211) y: Mark: 2 stripe(s), 2 proactive flush(es), 1 terminate flush(es), 0 completion(s), 0 continuation(s) 
[21.383s][info][gc,marking  ] GC(211) y: Mark Stack Usage: 32M
[21.383s][info][gc,nmethod  ] GC(211) y: NMethods: 1586 registered, 166 unregistered
[21.383s][info][gc,metaspace] GC(211) y: Metaspace: 9M used, 10M committed, 1088M reserved
[21.383s][info][gc,reloc    ] GC(211) y:                        Candidates     Selected     In-Place         Size        Empty    Relocated 
[21.383s][info][gc,reloc    ] GC(211) y: Small Pages:                    2            0            0           4M           2M           0M 
[21.383s][info][gc,reloc    ] GC(211) y: Medium Pages:                  28            0            0         896M         864M           0M 
[21.383s][info][gc,reloc    ] GC(211) y: Large Pages:                    0            0            0           0M           0M           0M 
[21.383s][info][gc,reloc    ] GC(211) y: Forwarding Usage: 0M
[21.383s][info][gc,reloc    ] GC(211) y: Age Table:
[21.383s][info][gc,reloc    ] GC(211) y:                    Live             Garbage             Small              Medium             Large        
[21.383s][info][gc,reloc    ] GC(211) y: Eden               0M (0%)          865M (85%)          1 / 0             27 / 0              0 / 0        
[21.383s][info][gc,reloc    ] GC(211) y: Survivor 1          -                34M (3%)           1 / 0              1 / 0              0 / 0        
[21.383s][info][gc,heap     ] GC(211) y: Min Capacity: 8M(1%)
[21.383s][info][gc,heap     ] GC(211) y: Max Capacity: 1024M(100%)
[21.383s][info][gc,heap     ] GC(211) y: Soft Max Capacity: 1024M(100%)
[21.383s][info][gc,heap     ] GC(211) y: Heap Statistics:
[21.383s][info][gc,heap     ] GC(211) y:                Mark Start          Mark End        Relocate Start      Relocate End           High               Low         
[21.383s][info][gc,heap     ] GC(211) y:  Capacity:     1024M (100%)       1024M (100%)       1024M (100%)       1024M (100%)       1024M (100%)       1024M (100%)   
[21.383s][info][gc,heap     ] GC(211) y:      Free:       84M (8%)           50M (5%)          916M (89%)         916M (89%)         916M (89%)          50M (5%)     
[21.383s][info][gc,heap     ] GC(211) y:      Used:      940M (92%)         974M (95%)         108M (11%)         108M (11%)         974M (95%)         108M (11%)    
[21.383s][info][gc,heap     ] GC(211) y: Young Generation Statistics:
[21.383s][info][gc,heap     ] GC(211) y:                Mark Start          Mark End        Relocate Start      Relocate End    
[21.383s][info][gc,heap     ] GC(211) y:      Used:      900M (88%)         934M (91%)          68M (7%)           68M (7%)     
[21.383s][info][gc,heap     ] GC(211) y:      Live:         -                 0M (0%)            0M (0%)            0M (0%)     
[21.383s][info][gc,heap     ] GC(211) y:   Garbage:         -               899M (88%)          33M (3%)           33M (3%)     
[21.383s][info][gc,heap     ] GC(211) y: Allocated:         -                34M (3%)           34M (3%)           34M (3%)     
[21.383s][info][gc,heap     ] GC(211) y: Reclaimed:         -                  -               866M (85%)         866M (85%)    
[21.383s][info][gc,heap     ] GC(211) y:  Promoted:         -                  -                 0M (0%)            0M (0%)     
[21.383s][info][gc,heap     ] GC(211) y: Compacted:         -                  -                  -                 0M (0%)     
[21.383s][info][gc,phases   ] GC(211) y: Young Generation 940M(92%)->108M(11%) 0.002s
[21.383s][info][gc          ] GC(211) Minor Collection (Allocation Rate) 940M(92%)->108M(11%) 0.002s
[21.444s][info][gc          ] GC(212) Minor Collection (Allocation Rate)
[21.444s][info][gc,task     ] GC(212) Using 3 Workers for Young Generation
[21.444s][info][gc,phases   ] GC(212) y: Young Generation
[21.444s][info][gc,phases   ] GC(212) y: Pause Mark Start 0.004ms
[21.445s][info][gc,phases   ] GC(212) y: Concurrent Mark 0.954ms
[21.445s][info][gc,phases   ] GC(212) y: Pause Mark End 0.005ms
[21.445s][info][gc,phases   ] GC(212) y: Concurrent Mark Free 0.000ms
[21.445s][info][gc,phases   ] GC(212) y: Concurrent Reset Relocation Set 0.000ms
[21.446s][info][gc,reloc    ] GC(212) y: Using tenuring threshold: 1 (Computed)
[21.446s][info][gc,phases   ] GC(212) y: Concurrent Select Relocation Set 1.047ms
[21.446s][info][gc,phases   ] GC(212) y: Pause Relocate Start 0.004ms
[21.446s][info][gc,phases   ] GC(212) y: Concurrent Relocate 0.025ms
[21.446s][info][gc,alloc    ] GC(212) y:                         Mark Start        Mark End      Relocate Start    Relocate End   
[21.446s][info][gc,alloc    ] GC(212) y: Allocation Stalls:          0                0                0                0         
[21.446s][info][gc,load     ] GC(212) y: Load: 3.00 (30%) / 3.04 (30%) / 3.14 (31%)
[21.446s][info][gc,mmu      ] GC(212) y: MMU: 2ms/99.0%, 5ms/99.5%, 10ms/99.7%, 20ms/99.7%, 50ms/99.8%, 100ms/99.9%
[21.446s][info][gc,marking  ] GC(212) y: Mark: 2 stripe(s), 2 proactive flush(es), 1 terminate flush(es), 0 completion(s), 0 continuation(s) 
[21.446s][info][gc,marking  ] GC(212) y: Mark Stack Usage: 32M
[21.446s][info][gc,nmethod  ] GC(212) y: NMethods: 1586 registered, 166 unregistered
[21.446s][info][gc,metaspace] GC(212) y: Metaspace: 9M used, 10M committed, 1088M reserved
[21.446s][info][gc,reloc    ] GC(212) y:                        Candidates     Selected     In-Place         Size        Empty    Relocated 
[21.446s][info][gc,reloc    ] GC(212) y: Small Pages:                    2            0            0           4M           2M           0M 
[21.446s][info][gc,reloc    ] GC(212) y: Medium Pages:                  28            0            0         896M         864M           0M 
[21.446s][info][gc,reloc    ] GC(212) y: Large Pages:                    0            0            0           0M           0M           0M 
[21.446s][info][gc,reloc    ] GC(212) y: Forwarding Usage: 0M
[21.446s][info][gc,reloc    ] GC(212) y: Age Table:
[21.446s][info][gc,reloc    ] GC(212) y:                    Live             Garbage             Small              Medium             Large        
[21.446s][info][gc,reloc    ] GC(212) y: Eden               0M (0%)          865M (85%)          1 / 0             27 / 0              0 / 0        
[21.446s][info][gc,reloc    ] GC(212) y: Survivor 1          -                34M (3%)           1 / 0              1 / 0              0 / 0        
[21.446s][info][gc,heap     ] GC(212) y: Min Capacity: 8M(1%)
[21.446s][info][gc,heap     ] GC(212) y: Max Capacity: 1024M(100%)
[21.446s][info][gc,heap     ] GC(212) y: Soft Max Capacity: 1024M(100%)
[21.446s][info][gc,heap     ] GC(212) y: Heap Statistics:
[21.446s][info][gc,heap     ] GC(212) y:                Mark Start          Mark End        Relocate Start      Relocate End           High               Low         
[21.446s][info][gc,heap     ] GC(212) y:  Capacity:     1024M (100%)       1024M (100%)       1024M (100%)       1024M (100%)       1024M (100%)       1024M (100%)   
[21.446s][info][gc,heap     ] GC(212) y:      Free:       84M (8%)           50M (5%)          916M (89%)         916M (89%)         916M (89%)          50M (5%)     
[21.446s][info][gc,heap     ] GC(212) y:      Used:      940M (92%)         974M (95%)         108M (11%)         108M (11%)         974M (95%)         108M (11%)    
[21.446s][info][gc,heap     ] GC(212) y: Young Generation Statistics:
[21.446s][info][gc,heap     ] GC(212) y:                Mark Start          Mark End        Relocate Start      Relocate End    
[21.446s][info][gc,heap     ] GC(212) y:      Used:      900M (88%)         934M (91%)          68M (7%)           68M (7%)     
[21.446s][info][gc,heap     ] GC(212) y:      Live:         -                 0M (0%)            0M (0%)            0M (0%)     
[21.446s][info][gc,heap     ] GC(212) y:   Garbage:         -               899M (88%)          33M (3%)           33M (3%)     
[21.446s][info][gc,heap     ] GC(212) y: Allocated:         -                34M (3%)           34M (3%)           34M (3%)     
[21.446s][info][gc,heap     ] GC(212) y: Reclaimed:         -                  -               866M (85%)         866M (85%)    
[21.446s][info][gc,heap     ] GC(212) y:  Promoted:         -                  -                 0M (0%)            0M (0%)     
[21.446s][info][gc,heap     ] GC(212) y: Compacted:         -                  -                  -                 0M (0%)     
[21.446s][info][gc,phases   ] GC(212) y: Young Generation 940M(92%)->108M(11%) 0.002s
[21.446s][info][gc          ] GC(212) Minor Collection (Allocation Rate) 940M(92%)->108M(11%) 0.003s
[21.507s][info][gc          ] GC(213) Minor Collection (Allocation Rate)
[21.507s][info][gc,task     ] GC(213) Using 3 Workers for Young Generation
[21.507s][info][gc,phases   ] GC(213) y: Young Generation
[21.507s][info][gc,phases   ] GC(213) y: Pause Mark Start 0.004ms
[21.508s][info][gc,phases   ] GC(213) y: Concurrent Mark 1.034ms
[21.508s][info][gc,phases   ] GC(213) y: Pause Mark End 0.005ms
[21.508s][info][gc,phases   ] GC(213) y: Concurrent Mark Free 0.000ms
[21.508s][info][gc,phases   ] GC(213) y: Concurrent Reset Relocation Set 0.000ms
[21.509s][info][gc,reloc    ] GC(213) y: Using tenuring threshold: 1 (Computed)
[21.509s][info][gc,phases   ] GC(213) y: Concurrent Select Relocation Set 1.046ms
[21.509s][info][gc,phases   ] GC(213) y: Pause Relocate Start 0.004ms
[21.509s][info][gc,phases   ] GC(213) y: Concurrent Relocate 0.023ms
[21.509s][info][gc,alloc    ] GC(213) y:                         Mark Start        Mark End      Relocate Start    Relocate End   
[21.509s][info][gc,alloc    ] GC(213) y: Allocation Stalls:          0                0                0                0         
[21.509s][info][gc,load     ] GC(213) y: Load: 3.00 (30%) / 3.04 (30%) / 3.14 (31%)
[21.509s][info][gc,mmu      ] GC(213) y: MMU: 2ms/99.0%, 5ms/99.5%, 10ms/99.7%, 20ms/99.7%, 50ms/99.8%, 100ms/99.9%
[21.509s][info][gc,marking  ] GC(213) y: Mark: 2 stripe(s), 2 proactive flush(es), 1 terminate flush(es), 0 completion(s), 0 continuation(s) 
[21.509s][info][gc,marking  ] GC(213) y: Mark Stack Usage: 32M
[21.509s][info][gc,nmethod  ] GC(213) y: NMethods: 1586 registered, 166 unregistered
[21.509s][info][gc,metaspace] GC(213) y: Metaspace: 9M used, 10M committed, 1088M reserved
[21.509s][info][gc,reloc    ] GC(213) y:                        Candidates     Selected     In-Place         Size        Empty    Relocated 
[21.509s][info][gc,reloc    ] GC(213) y: Small Pages:                    2            0            0           4M           2M           0M 
[21.509s][info][gc,reloc    ] GC(213) y: Medium Pages:                  28            0            0         896M         864M           0M 
[21.509s][info][gc,reloc    ] GC(213) y: Large Pages:                    0            0            0           0M           0M           0M 
[21.509s][info][gc,reloc    ] GC(213) y: Forwarding Usage: 0M
[21.510s][info][gc,reloc    ] GC(213) y: Age Table:
[21.510s][info][gc,reloc    ] GC(213) y:                    Live             Garbage             Small              Medium             Large        
[21.510s][info][gc,reloc    ] GC(213) y: Eden               0M (0%)          865M (85%)          1 / 0             27 / 0              0 / 0        
[21.510s][info][gc,reloc    ] GC(213) y: Survivor 1          -                34M (3%)           1 / 0              1 / 0              0 / 0        
[21.510s][info][gc,heap     ] GC(213) y: Min Capacity: 8M(1%)
[21.510s][info][gc,heap     ] GC(213) y: Max Capacity: 1024M(100%)
[21.510s][info][gc,heap     ] GC(213) y: Soft Max Capacity: 1024M(100%)
[21.510s][info][gc,heap     ] GC(213) y: Heap Statistics:
[21.510s][info][gc,heap     ] GC(213) y:                Mark Start          Mark End        Relocate Start      Relocate End           High               Low         
[21.510s][info][gc,heap     ] GC(213) y:  Capacity:     1024M (100%)       1024M (100%)       1024M (100%)       1024M (100%)       1024M (100%)       1024M (100%)   
[21.510s][info][gc,heap     ] GC(213) y:      Free:       84M (8%)           50M (5%)          916M (89%)         916M (89%)         916M (89%)          50M (5%)     
[21.510s][info][gc,heap     ] GC(213) y:      Used:      940M (92%)         974M (95%)         108M (11%)         108M (11%)         974M (95%)         108M (11%)    
[21.510s][info][gc,heap     ] GC(213) y: Young Generation Statistics:
[21.510s][info][gc,heap     ] GC(213) y:                Mark Start          Mark End        Relocate Start      Relocate End    
[21.510s][info][gc,heap     ] GC(213) y:      Used:      900M (88%)         934M (91%)          68M (7%)           68M (7%)     
[21.510s][info][gc,heap     ] GC(213) y:      Live:         -                 0M (0%)            0M (0%)            0M (0%)     
[21.510s][info][gc,heap     ] GC(213) y:   Garbage:         -               899M (88%)          33M (3%)           33M (3%)     
[21.510s][info][gc,heap     ] GC(213) y: Allocated:         -                34M (3%)           34M (3%)           34M (3%)     
[21.510s][info][gc,heap     ] GC(213) y: Reclaimed:         -                  -               866M (85%)         866M (85%)    
[21.510s][info][gc,heap     ] GC(213) y:  Promoted:         -                  -                 0M (0%)            0M (0%)     
[21.510s][info][gc,heap     ] GC(213) y: Compacted:         -                  -                  -                 0M (0%)     
[21.510s][info][gc,phases   ] GC(213) y: Young Generation 940M(92%)->108M(11%) 0.002s
[21.510s][info][gc          ] GC(213) Minor Collection (Allocation Rate) 940M(92%)->108M(11%) 0.003s
[21.563s][info][gc          ] GC(214) Minor Collection (Allocation Rate)
[21.563s][info][gc,task     ] GC(214) Using 1 Workers for Young Generation
[21.563s][info][gc,phases   ] GC(214) y: Young Generation
[21.563s][info][gc,phases   ] GC(214) y: Pause Mark Start 0.005ms
[21.566s][info][gc,phases   ] GC(214) y: Concurrent Mark 2.277ms
[21.566s][info][gc,phases   ] GC(214) y: Pause Mark End 0.006ms
[21.566s][info][gc,phases   ] GC(214) y: Concurrent Mark Free 0.000ms
[21.566s][info][gc,phases   ] GC(214) y: Concurrent Reset Relocation Set 0.000ms
[21.567s][info][gc,reloc    ] GC(214) y: Using tenuring threshold: 1 (Computed)
[21.567s][info][gc,phases   ] GC(214) y: Concurrent Select Relocation Set 1.032ms
[21.567s][info][gc,phases   ] GC(214) y: Pause Relocate Start 0.004ms
[21.567s][info][gc,phases   ] GC(214) y: Concurrent Relocate 0.014ms
[21.567s][info][gc,alloc    ] GC(214) y:                         Mark Start        Mark End      Relocate Start    Relocate End   
[21.567s][info][gc,alloc    ] GC(214) y: Allocation Stalls:          0                0                0                0         
[21.567s][info][gc,load     ] GC(214) y: Load: 3.00 (30%) / 3.04 (30%) / 3.14 (31%)
[21.567s][info][gc,mmu      ] GC(214) y: MMU: 2ms/99.0%, 5ms/99.5%, 10ms/99.7%, 20ms/99.7%, 50ms/99.8%, 100ms/99.9%
[21.567s][info][gc,marking  ] GC(214) y: Mark: 1 stripe(s), 2 proactive flush(es), 1 terminate flush(es), 0 completion(s), 0 continuation(s) 
[21.567s][info][gc,marking  ] GC(214) y: Mark Stack Usage: 32M
[21.567s][info][gc,nmethod  ] GC(214) y: NMethods: 1586 registered, 166 unregistered
[21.567s][info][gc,metaspace] GC(214) y: Metaspace: 9M used, 10M committed, 1088M reserved
[21.567s][info][gc,reloc    ] GC(214) y:                        Candidates     Selected     In-Place         Size        Empty    Relocated 
[21.567s][info][gc,reloc    ] GC(214) y: Small Pages:                    2            0            0           4M           2M           0M 
[21.567s][info][gc,reloc    ] GC(214) y: Medium Pages:                  25            0            0         800M         768M           0M 
[21.567s][info][gc,reloc    ] GC(214) y: Large Pages:                    0            0            0           0M           0M           0M 
[21.567s][info][gc,reloc    ] GC(214) y: Forwarding Usage: 0M
[21.567s][info][gc,reloc    ] GC(214) y: Age Table:
[21.567s][info][gc,reloc    ] GC(214) y:                    Live             Garbage             Small              Medium             Large        
[21.567s][info][gc,reloc    ] GC(214) y: Eden               0M (0%)          769M (75%)          1 / 0             24 / 0              0 / 0        
[21.567s][info][gc,reloc    ] GC(214) y: Survivor 1          -                34M (3%)           1 / 0              1 / 0              0 / 0        
[21.567s][info][gc,heap     ] GC(214) y: Min Capacity: 8M(1%)
[21.567s][info][gc,heap     ] GC(214) y: Max Capacity: 1024M(100%)
[21.567s][info][gc,heap     ] GC(214) y: Soft Max Capacity: 1024M(100%)
[21.567s][info][gc,heap     ] GC(214) y: Heap Statistics:
[21.567s][info][gc,heap     ] GC(214) y:                Mark Start          Mark End        Relocate Start      Relocate End           High               Low         
[21.567s][info][gc,heap     ] GC(214) y:  Capacity:     1024M (100%)       1024M (100%)       1024M (100%)       1024M (100%)       1024M (100%)       1024M (100%)   
[21.567s][info][gc,heap     ] GC(214) y:      Free:      180M (18%)         146M (14%)         884M (86%)         884M (86%)         884M (86%)         114M (11%)    
[21.567s][info][gc,heap     ] GC(214) y:      Used:      844M (82%)         878M (86%)         140M (14%)         140M (14%)         910M (89%)         140M (14%)    
[21.567s][info][gc,heap     ] GC(214) y: Young Generation Statistics:
[21.567s][info][gc,heap     ] GC(214) y:                Mark Start          Mark End        Relocate Start      Relocate End    
[21.567s][info][gc,heap     ] GC(214) y:      Used:      804M (79%)         838M (82%)         100M (10%)         100M (10%)    
[21.567s][info][gc,heap     ] GC(214) y:      Live:         -                 0M (0%)            0M (0%)            0M (0%)     
[21.567s][info][gc,heap     ] GC(214) y:   Garbage:         -               803M (78%)          33M (3%)           33M (3%)     
[21.567s][info][gc,heap     ] GC(214) y: Allocated:         -                34M (3%)           66M (6%)           66M (6%)     
[21.567s][info][gc,heap     ] GC(214) y: Reclaimed:         -                  -               770M (75%)         770M (75%)    
[21.567s][info][gc,heap     ] GC(214) y:  Promoted:         -                  -                 0M (0%)            0M (0%)     
[21.567s][info][gc,heap     ] GC(214) y: Compacted:         -                  -                  -                 0M (0%)     
[21.567s][info][gc,phases   ] GC(214) y: Young Generation 844M(82%)->140M(14%) 0.004s
[21.567s][info][gc          ] GC(214) Minor Collection (Allocation Rate) 844M(82%)->140M(14%) 0.004s
[21.619s][info][gc          ] GC(215) Minor Collection (Allocation Rate)
[21.619s][info][gc,task     ] GC(215) Using 1 Workers for Young Generation
[21.619s][info][gc,phases   ] GC(215) y: Young Generation
[21.620s][info][gc,phases   ] GC(215) y: Pause Mark Start 0.004ms
[21.622s][info][gc,phases   ] GC(215) y: Concurrent Mark 2.331ms
[21.622s][info][gc,phases   ] GC(215) y: Pause Mark End 0.006ms
[21.622s][info][gc,phases   ] GC(215) y: Concurrent Mark Free 0.000ms
[21.622s][info][gc,phases   ] GC(215) y: Concurrent Reset Relocation Set 0.000ms
[21.623s][info][gc,reloc    ] GC(215) y: Using tenuring threshold: 1 (Computed)
[21.623s][info][gc,phases   ] GC(215) y: Concurrent Select Relocation Set 1.029ms
[21.623s][info][gc,phases   ] GC(215) y: Pause Relocate Start 0.004ms
[21.623s][info][gc,phases   ] GC(215) y: Concurrent Relocate 0.013ms
[21.623s][info][gc,alloc    ] GC(215) y:                         Mark Start        Mark End      Relocate Start    Relocate End   
[21.623s][info][gc,alloc    ] GC(215) y: Allocation Stalls:          0                0                0                0         
[21.623s][info][gc,load     ] GC(215) y: Load: 3.00 (30%) / 3.04 (30%) / 3.14 (31%)
[21.623s][info][gc,mmu      ] GC(215) y: MMU: 2ms/99.0%, 5ms/99.5%, 10ms/99.7%, 20ms/99.7%, 50ms/99.8%, 100ms/99.9%
[21.623s][info][gc,marking  ] GC(215) y: Mark: 1 stripe(s), 2 proactive flush(es), 1 terminate flush(es), 0 completion(s), 0 continuation(s) 
[21.623s][info][gc,marking  ] GC(215) y: Mark Stack Usage: 32M
[21.623s][info][gc,nmethod  ] GC(215) y: NMethods: 1586 registered, 166 unregistered
[21.623s][info][gc,metaspace] GC(215) y: Metaspace: 9M used, 10M committed, 1088M reserved
[21.623s][info][gc,reloc    ] GC(215) y:                        Candidates     Selected     In-Place         Size        Empty    Relocated 
[21.623s][info][gc,reloc    ] GC(215) y: Small Pages:                    2            0            0           4M           2M           0M 
[21.623s][info][gc,reloc    ] GC(215) y: Medium Pages:                  25            0            0         800M         768M           0M 
[21.623s][info][gc,reloc    ] GC(215) y: Large Pages:                    0            0            0           0M           0M           0M 
[21.623s][info][gc,reloc    ] GC(215) y: Forwarding Usage: 0M
[21.623s][info][gc,reloc    ] GC(215) y: Age Table:
[21.623s][info][gc,reloc    ] GC(215) y:                    Live             Garbage             Small              Medium             Large        
[21.623s][info][gc,reloc    ] GC(215) y: Eden               0M (0%)          769M (75%)          1 / 0             24 / 0              0 / 0        
[21.623s][info][gc,reloc    ] GC(215) y: Survivor 1          -                34M (3%)           1 / 0              1 / 0              0 / 0        
[21.623s][info][gc,heap     ] GC(215) y: Min Capacity: 8M(1%)
[21.623s][info][gc,heap     ] GC(215) y: Max Capacity: 1024M(100%)
[21.623s][info][gc,heap     ] GC(215) y: Soft Max Capacity: 1024M(100%)
[21.623s][info][gc,heap     ] GC(215) y: Heap Statistics:
[21.623s][info][gc,heap     ] GC(215) y:                Mark Start          Mark End        Relocate Start      Relocate End           High               Low         
[21.623s][info][gc,heap     ] GC(215) y:  Capacity:     1024M (100%)       1024M (100%)       1024M (100%)       1024M (100%)       1024M (100%)       1024M (100%)   
[21.623s][info][gc,heap     ] GC(215) y:      Free:      180M (18%)         146M (14%)         884M (86%)         884M (86%)         884M (86%)         114M (11%)    
[21.623s][info][gc,heap     ] GC(215) y:      Used:      844M (82%)         878M (86%)         140M (14%)         140M (14%)         910M (89%)         140M (14%)    
[21.623s][info][gc,heap     ] GC(215) y: Young Generation Statistics:
[21.623s][info][gc,heap     ] GC(215) y:                Mark Start          Mark End        Relocate Start      Relocate End    
[21.623s][info][gc,heap     ] GC(215) y:      Used:      804M (79%)         838M (82%)         100M (10%)         100M (10%)    
[21.623s][info][gc,heap     ] GC(215) y:      Live:         -                 0M (0%)            0M (0%)            0M (0%)     
[21.623s][info][gc,heap     ] GC(215) y:   Garbage:         -               803M (78%)          33M (3%)           33M (3%)     
[21.623s][info][gc,heap     ] GC(215) y: Allocated:         -                34M (3%)           66M (6%)           66M (6%)     
[21.623s][info][gc,heap     ] GC(215) y: Reclaimed:         -                  -               770M (75%)         770M (75%)    
[21.623s][info][gc,heap     ] GC(215) y:  Promoted:         -                  -                 0M (0%)            0M (0%)     
[21.623s][info][gc,heap     ] GC(215) y: Compacted:         -                  -                  -                 0M (0%)     
[21.623s][info][gc,phases   ] GC(215) y: Young Generation 844M(82%)->140M(14%) 0.004s
[21.623s][info][gc          ] GC(215) Minor Collection (Allocation Rate) 844M(82%)->140M(14%) 0.004s
[21.683s][info][gc          ] GC(216) Minor Collection (Allocation Rate)
[21.683s][info][gc,task     ] GC(216) Using 3 Workers for Young Generation
[21.683s][info][gc,phases   ] GC(216) y: Young Generation
[21.683s][info][gc,phases   ] GC(216) y: Pause Mark Start 0.004ms
[21.684s][info][gc,phases   ] GC(216) y: Concurrent Mark 0.875ms
[21.684s][info][gc,phases   ] GC(216) y: Pause Mark End 0.005ms
[21.684s][info][gc,phases   ] GC(216) y: Concurrent Mark Free 0.000ms
[21.684s][info][gc,phases   ] GC(216) y: Concurrent Reset Relocation Set 0.000ms
[21.685s][info][gc,reloc    ] GC(216) y: Using tenuring threshold: 1 (Computed)
[21.685s][info][gc,phases   ] GC(216) y: Concurrent Select Relocation Set 1.050ms
[21.685s][info][gc,phases   ] GC(216) y: Pause Relocate Start 0.003ms
[21.685s][info][gc,phases   ] GC(216) y: Concurrent Relocate 0.023ms
[21.685s][info][gc,alloc    ] GC(216) y:                         Mark Start        Mark End      Relocate Start    Relocate End   
[21.685s][info][gc,alloc    ] GC(216) y: Allocation Stalls:          0                0                0                0         
[21.685s][info][gc,load     ] GC(216) y: Load: 3.00 (30%) / 3.04 (30%) / 3.14 (31%)
[21.685s][info][gc,mmu      ] GC(216) y: MMU: 2ms/99.0%, 5ms/99.5%, 10ms/99.7%, 20ms/99.7%, 50ms/99.8%, 100ms/99.9%
[21.685s][info][gc,marking  ] GC(216) y: Mark: 2 stripe(s), 2 proactive flush(es), 1 terminate flush(es), 0 completion(s), 0 continuation(s) 
[21.685s][info][gc,marking  ] GC(216) y: Mark Stack Usage: 32M
[21.685s][info][gc,nmethod  ] GC(216) y: NMethods: 1586 registered, 166 unregistered
[21.685s][info][gc,metaspace] GC(216) y: Metaspace: 9M used, 10M committed, 1088M reserved
[21.685s][info][gc,reloc    ] GC(216) y:                        Candidates     Selected     In-Place         Size        Empty    Relocated 
[21.685s][info][gc,reloc    ] GC(216) y: Small Pages:                    2            0            0           4M           2M           0M 
[21.685s][info][gc,reloc    ] GC(216) y: Medium Pages:                  28            0            0         896M         864M           0M 
[21.685s][info][gc,reloc    ] GC(216) y: Large Pages:                    0            0            0           0M           0M           0M 
[21.685s][info][gc,reloc    ] GC(216) y: Forwarding Usage: 0M
[21.685s][info][gc,reloc    ] GC(216) y: Age Table:
[21.685s][info][gc,reloc    ] GC(216) y:                    Live             Garbage             Small              Medium             Large        
[21.685s][info][gc,reloc    ] GC(216) y: Eden               0M (0%)          865M (85%)          1 / 0             27 / 0              0 / 0        
[21.685s][info][gc,reloc    ] GC(216) y: Survivor 1          -                34M (3%)           1 / 0              1 / 0              0 / 0        
[21.685s][info][gc,heap     ] GC(216) y: Min Capacity: 8M(1%)
[21.685s][info][gc,heap     ] GC(216) y: Max Capacity: 1024M(100%)
[21.685s][info][gc,heap     ] GC(216) y: Soft Max Capacity: 1024M(100%)
[21.685s][info][gc,heap     ] GC(216) y: Heap Statistics:
[21.685s][info][gc,heap     ] GC(216) y:                Mark Start          Mark End        Relocate Start      Relocate End           High               Low         
[21.685s][info][gc,heap     ] GC(216) y:  Capacity:     1024M (100%)       1024M (100%)       1024M (100%)       1024M (100%)       1024M (100%)       1024M (100%)   
[21.685s][info][gc,heap     ] GC(216) y:      Free:       84M (8%)           50M (5%)          916M (89%)         916M (89%)         916M (89%)          50M (5%)     
[21.685s][info][gc,heap     ] GC(216) y:      Used:      940M (92%)         974M (95%)         108M (11%)         108M (11%)         974M (95%)         108M (11%)    
[21.685s][info][gc,heap     ] GC(216) y: Young Generation Statistics:
[21.685s][info][gc,heap     ] GC(216) y:                Mark Start          Mark End        Relocate Start      Relocate End    
[21.685s][info][gc,heap     ] GC(216) y:      Used:      900M (88%)         934M (91%)          68M (7%)           68M (7%)     
[21.685s][info][gc,heap     ] GC(216) y:      Live:         -                 0M (0%)            0M (0%)            0M (0%)     
[21.685s][info][gc,heap     ] GC(216) y:   Garbage:         -               899M (88%)          33M (3%)           33M (3%)     
[21.685s][info][gc,heap     ] GC(216) y: Allocated:         -                34M (3%)           34M (3%)           34M (3%)     
[21.685s][info][gc,heap     ] GC(216) y: Reclaimed:         -                  -               866M (85%)         866M (85%)    
[21.685s][info][gc,heap     ] GC(216) y:  Promoted:         -                  -                 0M (0%)            0M (0%)     
[21.685s][info][gc,heap     ] GC(216) y: Compacted:         -                  -                  -                 0M (0%)     
[21.685s][info][gc,phases   ] GC(216) y: Young Generation 940M(92%)->108M(11%) 0.002s
[21.685s][info][gc          ] GC(216) Minor Collection (Allocation Rate) 940M(92%)->108M(11%) 0.002s
[21.746s][info][gc          ] GC(217) Minor Collection (Allocation Rate)
[21.747s][info][gc,task     ] GC(217) Using 3 Workers for Young Generation
[21.747s][info][gc,phases   ] GC(217) y: Young Generation
[21.747s][info][gc,phases   ] GC(217) y: Pause Mark Start 0.004ms
[21.747s][info][gc,phases   ] GC(217) y: Concurrent Mark 0.904ms
[21.748s][info][gc,phases   ] GC(217) y: Pause Mark End 0.007ms
[21.748s][info][gc,phases   ] GC(217) y: Concurrent Mark Free 0.000ms
[21.748s][info][gc,phases   ] GC(217) y: Concurrent Reset Relocation Set 0.000ms
[21.749s][info][gc,reloc    ] GC(217) y: Using tenuring threshold: 1 (Computed)
[21.749s][info][gc,phases   ] GC(217) y: Concurrent Select Relocation Set 1.027ms
[21.749s][info][gc,phases   ] GC(217) y: Pause Relocate Start 0.003ms
[21.749s][info][gc,phases   ] GC(217) y: Concurrent Relocate 0.020ms
[21.749s][info][gc,alloc    ] GC(217) y:                         Mark Start        Mark End      Relocate Start    Relocate End   
[21.749s][info][gc,alloc    ] GC(217) y: Allocation Stalls:          0                0                0                0         
[21.749s][info][gc,load     ] GC(217) y: Load: 3.00 (30%) / 3.04 (30%) / 3.14 (31%)
[21.749s][info][gc,mmu      ] GC(217) y: MMU: 2ms/99.0%, 5ms/99.5%, 10ms/99.7%, 20ms/99.7%, 50ms/99.8%, 100ms/99.9%
[21.749s][info][gc,marking  ] GC(217) y: Mark: 2 stripe(s), 2 proactive flush(es), 1 terminate flush(es), 0 completion(s), 0 continuation(s) 
[21.749s][info][gc,marking  ] GC(217) y: Mark Stack Usage: 32M
[21.749s][info][gc,nmethod  ] GC(217) y: NMethods: 1586 registered, 166 unregistered
[21.749s][info][gc,metaspace] GC(217) y: Metaspace: 9M used, 10M committed, 1088M reserved
[21.749s][info][gc,reloc    ] GC(217) y:                        Candidates     Selected     In-Place         Size        Empty    Relocated 
[21.749s][info][gc,reloc    ] GC(217) y: Small Pages:                    2            0            0           4M           2M           0M 
[21.749s][info][gc,reloc    ] GC(217) y: Medium Pages:                  28            0            0         896M         864M           0M 
[21.749s][info][gc,reloc    ] GC(217) y: Large Pages:                    0            0            0           0M           0M           0M 
[21.749s][info][gc,reloc    ] GC(217) y: Forwarding Usage: 0M
[21.749s][info][gc,reloc    ] GC(217) y: Age Table:
[21.749s][info][gc,reloc    ] GC(217) y:                    Live             Garbage             Small              Medium             Large        
[21.749s][info][gc,reloc    ] GC(217) y: Eden               0M (0%)          865M (85%)          1 / 0             27 / 0              0 / 0        
[21.749s][info][gc,reloc    ] GC(217) y: Survivor 1          -                34M (3%)           1 / 0              1 / 0              0 / 0        
[21.749s][info][gc,heap     ] GC(217) y: Min Capacity: 8M(1%)
[21.749s][info][gc,heap     ] GC(217) y: Max Capacity: 1024M(100%)
[21.749s][info][gc,heap     ] GC(217) y: Soft Max Capacity: 1024M(100%)
[21.749s][info][gc,heap     ] GC(217) y: Heap Statistics:
[21.749s][info][gc,heap     ] GC(217) y:                Mark Start          Mark End        Relocate Start      Relocate End           High               Low         
[21.749s][info][gc,heap     ] GC(217) y:  Capacity:     1024M (100%)       1024M (100%)       1024M (100%)       1024M (100%)       1024M (100%)       1024M (100%)   
[21.749s][info][gc,heap     ] GC(217) y:      Free:       84M (8%)           50M (5%)          916M (89%)         916M (89%)         916M (89%)          50M (5%)     
[21.749s][info][gc,heap     ] GC(217) y:      Used:      940M (92%)         974M (95%)         108M (11%)         108M (11%)         974M (95%)         108M (11%)    
[21.749s][info][gc,heap     ] GC(217) y: Young Generation Statistics:
[21.749s][info][gc,heap     ] GC(217) y:                Mark Start          Mark End        Relocate Start      Relocate End    
[21.749s][info][gc,heap     ] GC(217) y:      Used:      900M (88%)         934M (91%)          68M (7%)           68M (7%)     
[21.749s][info][gc,heap     ] GC(217) y:      Live:         -                 0M (0%)            0M (0%)            0M (0%)     
[21.749s][info][gc,heap     ] GC(217) y:   Garbage:         -               899M (88%)          33M (3%)           33M (3%)     
[21.749s][info][gc,heap     ] GC(217) y: Allocated:         -                34M (3%)           34M (3%)           34M (3%)     
[21.749s][info][gc,heap     ] GC(217) y: Reclaimed:         -                  -               866M (85%)         866M (85%)    
[21.749s][info][gc,heap     ] GC(217) y:  Promoted:         -                  -                 0M (0%)            0M (0%)     
[21.749s][info][gc,heap     ] GC(217) y: Compacted:         -                  -                  -                 0M (0%)     
[21.749s][info][gc,phases   ] GC(217) y: Young Generation 940M(92%)->108M(11%) 0.002s
[21.749s][info][gc          ] GC(217) Minor Collection (Allocation Rate) 940M(92%)->108M(11%) 0.002s
[21.810s][info][gc          ] GC(218) Minor Collection (Allocation Rate)
[21.810s][info][gc,task     ] GC(218) Using 3 Workers for Young Generation
[21.810s][info][gc,phases   ] GC(218) y: Young Generation
[21.810s][info][gc,phases   ] GC(218) y: Pause Mark Start 0.004ms
[21.811s][info][gc,phases   ] GC(218) y: Concurrent Mark 0.850ms
[21.811s][info][gc,phases   ] GC(218) y: Pause Mark End 0.004ms
[21.811s][info][gc,phases   ] GC(218) y: Concurrent Mark Free 0.000ms
[21.811s][info][gc,phases   ] GC(218) y: Concurrent Reset Relocation Set 0.000ms
[21.812s][info][gc,reloc    ] GC(218) y: Using tenuring threshold: 1 (Computed)
[21.812s][info][gc,phases   ] GC(218) y: Concurrent Select Relocation Set 1.054ms
[21.812s][info][gc,phases   ] GC(218) y: Pause Relocate Start 0.003ms
[21.812s][info][gc,phases   ] GC(218) y: Concurrent Relocate 0.021ms
[21.812s][info][gc,alloc    ] GC(218) y:                         Mark Start        Mark End      Relocate Start    Relocate End   
[21.812s][info][gc,alloc    ] GC(218) y: Allocation Stalls:          0                0                0                0         
[21.812s][info][gc,load     ] GC(218) y: Load: 3.00 (30%) / 3.04 (30%) / 3.14 (31%)
[21.812s][info][gc,mmu      ] GC(218) y: MMU: 2ms/99.0%, 5ms/99.5%, 10ms/99.7%, 20ms/99.7%, 50ms/99.8%, 100ms/99.9%
[21.812s][info][gc,marking  ] GC(218) y: Mark: 2 stripe(s), 2 proactive flush(es), 1 terminate flush(es), 0 completion(s), 0 continuation(s) 
[21.812s][info][gc,marking  ] GC(218) y: Mark Stack Usage: 32M
[21.812s][info][gc,nmethod  ] GC(218) y: NMethods: 1586 registered, 166 unregistered
[21.812s][info][gc,metaspace] GC(218) y: Metaspace: 9M used, 10M committed, 1088M reserved
[21.812s][info][gc,reloc    ] GC(218) y:                        Candidates     Selected     In-Place         Size        Empty    Relocated 
[21.812s][info][gc,reloc    ] GC(218) y: Small Pages:                    2            0            0           4M           2M           0M 
[21.812s][info][gc,reloc    ] GC(218) y: Medium Pages:                  28            0            0         896M         864M           0M 
[21.812s][info][gc,reloc    ] GC(218) y: Large Pages:                    0            0            0           0M           0M           0M 
[21.812s][info][gc,reloc    ] GC(218) y: Forwarding Usage: 0M
[21.812s][info][gc,reloc    ] GC(218) y: Age Table:
[21.812s][info][gc,reloc    ] GC(218) y:                    Live             Garbage             Small              Medium             Large        
[21.812s][info][gc,reloc    ] GC(218) y: Eden               0M (0%)          865M (85%)          1 / 0             27 / 0              0 / 0        
[21.812s][info][gc,reloc    ] GC(218) y: Survivor 1          -                34M (3%)           1 / 0              1 / 0              0 / 0        
[21.812s][info][gc,heap     ] GC(218) y: Min Capacity: 8M(1%)
[21.812s][info][gc,heap     ] GC(218) y: Max Capacity: 1024M(100%)
[21.812s][info][gc,heap     ] GC(218) y: Soft Max Capacity: 1024M(100%)
[21.812s][info][gc,heap     ] GC(218) y: Heap Statistics:
[21.812s][info][gc,heap     ] GC(218) y:                Mark Start          Mark End        Relocate Start      Relocate End           High               Low         
[21.812s][info][gc,heap     ] GC(218) y:  Capacity:     1024M (100%)       1024M (100%)       1024M (100%)       1024M (100%)       1024M (100%)       1024M (100%)   
[21.812s][info][gc,heap     ] GC(218) y:      Free:       84M (8%)           50M (5%)          916M (89%)         916M (89%)         916M (89%)          50M (5%)     
[21.812s][info][gc,heap     ] GC(218) y:      Used:      940M (92%)         974M (95%)         108M (11%)         108M (11%)         974M (95%)         108M (11%)    
[21.812s][info][gc,heap     ] GC(218) y: Young Generation Statistics:
[21.812s][info][gc,heap     ] GC(218) y:                Mark Start          Mark End        Relocate Start      Relocate End    
[21.812s][info][gc,heap     ] GC(218) y:      Used:      900M (88%)         934M (91%)          68M (7%)           68M (7%)     
[21.812s][info][gc,heap     ] GC(218) y:      Live:         -                 0M (0%)            0M (0%)            0M (0%)     
[21.812s][info][gc,heap     ] GC(218) y:   Garbage:         -               899M (88%)          33M (3%)           33M (3%)     
[21.812s][info][gc,heap     ] GC(218) y: Allocated:         -                34M (3%)           34M (3%)           34M (3%)     
[21.812s][info][gc,heap     ] GC(218) y: Reclaimed:         -                  -               866M (85%)         866M (85%)    
[21.812s][info][gc,heap     ] GC(218) y:  Promoted:         -                  -                 0M (0%)            0M (0%)     
[21.812s][info][gc,heap     ] GC(218) y: Compacted:         -                  -                  -                 0M (0%)     
[21.812s][info][gc,phases   ] GC(218) y: Young Generation 940M(92%)->108M(11%) 0.002s
[21.812s][info][gc          ] GC(218) Minor Collection (Allocation Rate) 940M(92%)->108M(11%) 0.002s
[21.871s][info][gc          ] GC(219) Minor Collection (Allocation Rate)
[21.871s][info][gc,task     ] GC(219) Using 2 Workers for Young Generation
[21.871s][info][gc,phases   ] GC(219) y: Young Generation
[21.871s][info][gc,phases   ] GC(219) y: Pause Mark Start 0.005ms
[21.872s][info][gc,phases   ] GC(219) y: Concurrent Mark 1.126ms
[21.872s][info][gc,phases   ] GC(219) y: Pause Mark End 0.005ms
[21.872s][info][gc,phases   ] GC(219) y: Concurrent Mark Free 0.000ms
[21.872s][info][gc,phases   ] GC(219) y: Concurrent Reset Relocation Set 0.000ms
[21.873s][info][gc,reloc    ] GC(219) y: Using tenuring threshold: 1 (Computed)
[21.873s][info][gc,phases   ] GC(219) y: Concurrent Select Relocation Set 1.031ms
[21.873s][info][gc,phases   ] GC(219) y: Pause Relocate Start 0.004ms
[21.873s][info][gc,phases   ] GC(219) y: Concurrent Relocate 0.017ms
[21.873s][info][gc,alloc    ] GC(219) y:                         Mark Start        Mark End      Relocate Start    Relocate End   
[21.873s][info][gc,alloc    ] GC(219) y: Allocation Stalls:          0                0                0                0         
[21.873s][info][gc,load     ] GC(219) y: Load: 3.00 (30%) / 3.04 (30%) / 3.14 (31%)
[21.873s][info][gc,mmu      ] GC(219) y: MMU: 2ms/99.0%, 5ms/99.5%, 10ms/99.7%, 20ms/99.7%, 50ms/99.8%, 100ms/99.9%
[21.873s][info][gc,marking  ] GC(219) y: Mark: 2 stripe(s), 2 proactive flush(es), 1 terminate flush(es), 0 completion(s), 0 continuation(s) 
[21.873s][info][gc,marking  ] GC(219) y: Mark Stack Usage: 32M
[21.873s][info][gc,nmethod  ] GC(219) y: NMethods: 1586 registered, 166 unregistered
[21.873s][info][gc,metaspace] GC(219) y: Metaspace: 9M used, 10M committed, 1088M reserved
[21.873s][info][gc,reloc    ] GC(219) y:                        Candidates     Selected     In-Place         Size        Empty    Relocated 
[21.873s][info][gc,reloc    ] GC(219) y: Small Pages:                    2            0            0           4M           2M           0M 
[21.873s][info][gc,reloc    ] GC(219) y: Medium Pages:                  27            0            0         864M         832M           0M 
[21.873s][info][gc,reloc    ] GC(219) y: Large Pages:                    0            0            0           0M           0M           0M 
[21.873s][info][gc,reloc    ] GC(219) y: Forwarding Usage: 0M
[21.873s][info][gc,reloc    ] GC(219) y: Age Table:
[21.873s][info][gc,reloc    ] GC(219) y:                    Live             Garbage             Small              Medium             Large        
[21.873s][info][gc,reloc    ] GC(219) y: Eden               0M (0%)          833M (81%)          1 / 0             26 / 0              0 / 0        
[21.873s][info][gc,reloc    ] GC(219) y: Survivor 1          -                34M (3%)           1 / 0              1 / 0              0 / 0        
[21.873s][info][gc,heap     ] GC(219) y: Min Capacity: 8M(1%)
[21.873s][info][gc,heap     ] GC(219) y: Max Capacity: 1024M(100%)
[21.873s][info][gc,heap     ] GC(219) y: Soft Max Capacity: 1024M(100%)
[21.873s][info][gc,heap     ] GC(219) y: Heap Statistics:
[21.873s][info][gc,heap     ] GC(219) y:                Mark Start          Mark End        Relocate Start      Relocate End           High               Low         
[21.873s][info][gc,heap     ] GC(219) y:  Capacity:     1024M (100%)       1024M (100%)       1024M (100%)       1024M (100%)       1024M (100%)       1024M (100%)   
[21.873s][info][gc,heap     ] GC(219) y:      Free:      116M (11%)          82M (8%)          916M (89%)         916M (89%)         916M (89%)          82M (8%)     
[21.873s][info][gc,heap     ] GC(219) y:      Used:      908M (89%)         942M (92%)         108M (11%)         108M (11%)         942M (92%)         108M (11%)    
[21.873s][info][gc,heap     ] GC(219) y: Young Generation Statistics:
[21.873s][info][gc,heap     ] GC(219) y:                Mark Start          Mark End        Relocate Start      Relocate End    
[21.873s][info][gc,heap     ] GC(219) y:      Used:      868M (85%)         902M (88%)          68M (7%)           68M (7%)     
[21.873s][info][gc,heap     ] GC(219) y:      Live:         -                 0M (0%)            0M (0%)            0M (0%)     
[21.873s][info][gc,heap     ] GC(219) y:   Garbage:         -               867M (85%)          33M (3%)           33M (3%)     
[21.873s][info][gc,heap     ] GC(219) y: Allocated:         -                34M (3%)           34M (3%)           34M (3%)     
[21.873s][info][gc,heap     ] GC(219) y: Reclaimed:         -                  -               834M (81%)         834M (81%)    
[21.873s][info][gc,heap     ] GC(219) y:  Promoted:         -                  -                 0M (0%)            0M (0%)     
[21.873s][info][gc,heap     ] GC(219) y: Compacted:         -                  -                  -                 0M (0%)     
[21.873s][info][gc,phases   ] GC(219) y: Young Generation 908M(89%)->108M(11%) 0.002s
[21.873s][info][gc          ] GC(219) Minor Collection (Allocation Rate) 908M(89%)->108M(11%) 0.003s
[21.934s][info][gc          ] GC(220) Minor Collection (Allocation Rate)
[21.934s][info][gc,task     ] GC(220) Using 3 Workers for Young Generation
[21.934s][info][gc,phases   ] GC(220) y: Young Generation
[21.934s][info][gc,phases   ] GC(220) y: Pause Mark Start 0.004ms
[21.935s][info][gc,phases   ] GC(220) y: Concurrent Mark 1.025ms
[21.935s][info][gc,phases   ] GC(220) y: Pause Mark End 0.005ms
[21.935s][info][gc,phases   ] GC(220) y: Concurrent Mark Free 0.000ms
[21.935s][info][gc,phases   ] GC(220) y: Concurrent Reset Relocation Set 0.000ms
[21.936s][info][gc,reloc    ] GC(220) y: Using tenuring threshold: 1 (Computed)
[21.936s][info][gc,phases   ] GC(220) y: Concurrent Select Relocation Set 1.055ms
[21.936s][info][gc,phases   ] GC(220) y: Pause Relocate Start 0.004ms
[21.936s][info][gc,phases   ] GC(220) y: Concurrent Relocate 0.022ms
[21.936s][info][gc,alloc    ] GC(220) y:                         Mark Start        Mark End      Relocate Start    Relocate End   
[21.936s][info][gc,alloc    ] GC(220) y: Allocation Stalls:          0                0                0                0         
[21.937s][info][gc,load     ] GC(220) y: Load: 3.00 (30%) / 3.04 (30%) / 3.14 (31%)
[21.937s][info][gc,mmu      ] GC(220) y: MMU: 2ms/99.0%, 5ms/99.5%, 10ms/99.7%, 20ms/99.7%, 50ms/99.8%, 100ms/99.9%
[21.937s][info][gc,marking  ] GC(220) y: Mark: 2 stripe(s), 2 proactive flush(es), 1 terminate flush(es), 0 completion(s), 0 continuation(s) 
[21.937s][info][gc,marking  ] GC(220) y: Mark Stack Usage: 32M
[21.937s][info][gc,nmethod  ] GC(220) y: NMethods: 1586 registered, 166 unregistered
[21.937s][info][gc,metaspace] GC(220) y: Metaspace: 9M used, 10M committed, 1088M reserved
[21.937s][info][gc,reloc    ] GC(220) y:                        Candidates     Selected     In-Place         Size        Empty    Relocated 
[21.937s][info][gc,reloc    ] GC(220) y: Small Pages:                    2            0            0           4M           2M           0M 
[21.937s][info][gc,reloc    ] GC(220) y: Medium Pages:                  28            0            0         896M         864M           0M 
[21.937s][info][gc,reloc    ] GC(220) y: Large Pages:                    0            0            0           0M           0M           0M 
[21.937s][info][gc,reloc    ] GC(220) y: Forwarding Usage: 0M
[21.937s][info][gc,reloc    ] GC(220) y: Age Table:
[21.937s][info][gc,reloc    ] GC(220) y:                    Live             Garbage             Small              Medium             Large        
[21.937s][info][gc,reloc    ] GC(220) y: Eden               0M (0%)          865M (85%)          1 / 0             27 / 0              0 / 0        
[21.937s][info][gc,reloc    ] GC(220) y: Survivor 1          -                34M (3%)           1 / 0              1 / 0              0 / 0        
[21.937s][info][gc,heap     ] GC(220) y: Min Capacity: 8M(1%)
[21.937s][info][gc,heap     ] GC(220) y: Max Capacity: 1024M(100%)
[21.937s][info][gc,heap     ] GC(220) y: Soft Max Capacity: 1024M(100%)
[21.937s][info][gc,heap     ] GC(220) y: Heap Statistics:
[21.937s][info][gc,heap     ] GC(220) y:                Mark Start          Mark End        Relocate Start      Relocate End           High               Low         
[21.937s][info][gc,heap     ] GC(220) y:  Capacity:     1024M (100%)       1024M (100%)       1024M (100%)       1024M (100%)       1024M (100%)       1024M (100%)   
[21.937s][info][gc,heap     ] GC(220) y:      Free:       84M (8%)           50M (5%)          916M (89%)         916M (89%)         916M (89%)          50M (5%)     
[21.937s][info][gc,heap     ] GC(220) y:      Used:      940M (92%)         974M (95%)         108M (11%)         108M (11%)         974M (95%)         108M (11%)    
[21.937s][info][gc,heap     ] GC(220) y: Young Generation Statistics:
[21.937s][info][gc,heap     ] GC(220) y:                Mark Start          Mark End        Relocate Start      Relocate End    
[21.937s][info][gc,heap     ] GC(220) y:      Used:      900M (88%)         934M (91%)          68M (7%)           68M (7%)     
[21.937s][info][gc,heap     ] GC(220) y:      Live:         -                 0M (0%)            0M (0%)            0M (0%)     
[21.937s][info][gc,heap     ] GC(220) y:   Garbage:         -               899M (88%)          33M (3%)           33M (3%)     
[21.937s][info][gc,heap     ] GC(220) y: Allocated:         -                34M (3%)           34M (3%)           34M (3%)     
[21.937s][info][gc,heap     ] GC(220) y: Reclaimed:         -                  -               866M (85%)         866M (85%)    
[21.937s][info][gc,heap     ] GC(220) y:  Promoted:         -                  -                 0M (0%)            0M (0%)     
[21.937s][info][gc,heap     ] GC(220) y: Compacted:         -                  -                  -                 0M (0%)     
[21.937s][info][gc,phases   ] GC(220) y: Young Generation 940M(92%)->108M(11%) 0.002s
[21.937s][info][gc          ] GC(220) Minor Collection (Allocation Rate) 940M(92%)->108M(11%) 0.003s
[22.002s][info][gc          ] GC(221) Minor Collection (Allocation Rate)
[22.002s][info][gc,task     ] GC(221) Using 3 Workers for Young Generation
[22.002s][info][gc,phases   ] GC(221) y: Young Generation
[22.002s][info][gc,phases   ] GC(221) y: Pause Mark Start 0.004ms
[22.003s][info][gc,phases   ] GC(221) y: Concurrent Mark 0.909ms
[22.003s][info][gc,phases   ] GC(221) y: Pause Mark End 0.006ms
[22.003s][info][gc,phases   ] GC(221) y: Concurrent Mark Free 0.000ms
[22.003s][info][gc,phases   ] GC(221) y: Concurrent Reset Relocation Set 0.000ms
[22.004s][info][gc,reloc    ] GC(221) y: Using tenuring threshold: 1 (Computed)
[22.004s][info][gc,phases   ] GC(221) y: Concurrent Select Relocation Set 1.145ms
[22.004s][info][gc,phases   ] GC(221) y: Pause Relocate Start 0.004ms
[22.004s][info][gc,phases   ] GC(221) y: Concurrent Relocate 0.051ms
[22.004s][info][gc,alloc    ] GC(221) y:                         Mark Start        Mark End      Relocate Start    Relocate End   
[22.004s][info][gc,alloc    ] GC(221) y: Allocation Stalls:          0                0                0                0         
[22.004s][info][gc,load     ] GC(221) y: Load: 3.00 (30%) / 3.04 (30%) / 3.14 (31%)
[22.004s][info][gc,mmu      ] GC(221) y: MMU: 2ms/99.0%, 5ms/99.5%, 10ms/99.7%, 20ms/99.7%, 50ms/99.8%, 100ms/99.9%
[22.004s][info][gc,marking  ] GC(221) y: Mark: 2 stripe(s), 2 proactive flush(es), 1 terminate flush(es), 0 completion(s), 0 continuation(s) 
[22.004s][info][gc,marking  ] GC(221) y: Mark Stack Usage: 32M
[22.004s][info][gc,nmethod  ] GC(221) y: NMethods: 1588 registered, 166 unregistered
[22.004s][info][gc,metaspace] GC(221) y: Metaspace: 9M used, 10M committed, 1088M reserved
[22.004s][info][gc,reloc    ] GC(221) y:                        Candidates     Selected     In-Place         Size        Empty    Relocated 
[22.004s][info][gc,reloc    ] GC(221) y: Small Pages:                    2            0            0           4M           2M           0M 
[22.004s][info][gc,reloc    ] GC(221) y: Medium Pages:                  27            0            0         864M         832M           0M 
[22.004s][info][gc,reloc    ] GC(221) y: Large Pages:                    0            0            0           0M           0M           0M 
[22.004s][info][gc,reloc    ] GC(221) y: Forwarding Usage: 0M
[22.004s][info][gc,reloc    ] GC(221) y: Age Table:
[22.004s][info][gc,reloc    ] GC(221) y:                    Live             Garbage             Small              Medium             Large        
[22.005s][info][gc,reloc    ] GC(221) y: Eden               0M (0%)          833M (81%)          1 / 0             26 / 0              0 / 0        
[22.005s][info][gc,reloc    ] GC(221) y: Survivor 1          -                34M (3%)           1 / 0              1 / 0              0 / 0        
[22.005s][info][gc,heap     ] GC(221) y: Min Capacity: 8M(1%)
[22.005s][info][gc,heap     ] GC(221) y: Max Capacity: 1024M(100%)
[22.005s][info][gc,heap     ] GC(221) y: Soft Max Capacity: 1024M(100%)
[22.005s][info][gc,heap     ] GC(221) y: Heap Statistics:
[22.005s][info][gc,heap     ] GC(221) y:                Mark Start          Mark End        Relocate Start      Relocate End           High               Low         
[22.005s][info][gc,heap     ] GC(221) y:  Capacity:     1024M (100%)       1024M (100%)       1024M (100%)       1024M (100%)       1024M (100%)       1024M (100%)   
[22.005s][info][gc,heap     ] GC(221) y:      Free:      116M (11%)          82M (8%)          916M (89%)         916M (89%)         916M (89%)          82M (8%)     
[22.005s][info][gc,heap     ] GC(221) y:      Used:      908M (89%)         942M (92%)         108M (11%)         108M (11%)         942M (92%)         108M (11%)    
[22.005s][info][gc,heap     ] GC(221) y: Young Generation Statistics:
[22.005s][info][gc,heap     ] GC(221) y:                Mark Start          Mark End        Relocate Start      Relocate End    
[22.005s][info][gc,heap     ] GC(221) y:      Used:      868M (85%)         902M (88%)          68M (7%)           68M (7%)     
[22.005s][info][gc,heap     ] GC(221) y:      Live:         -                 0M (0%)            0M (0%)            0M (0%)     
[22.005s][info][gc,heap     ] GC(221) y:   Garbage:         -               867M (85%)          33M (3%)           33M (3%)     
[22.005s][info][gc,heap     ] GC(221) y: Allocated:         -                34M (3%)           34M (3%)           34M (3%)     
[22.005s][info][gc,heap     ] GC(221) y: Reclaimed:         -                  -               834M (81%)         834M (81%)    
[22.005s][info][gc,heap     ] GC(221) y:  Promoted:         -                  -                 0M (0%)            0M (0%)     
[22.005s][info][gc,heap     ] GC(221) y: Compacted:         -                  -                  -                 0M (0%)     
[22.005s][info][gc,phases   ] GC(221) y: Young Generation 908M(89%)->108M(11%) 0.002s
[22.005s][info][gc          ] GC(221) Minor Collection (Allocation Rate) 908M(89%)->108M(11%) 0.003s
[22.072s][info][gc          ] GC(222) Minor Collection (Allocation Rate)
[22.072s][info][gc,task     ] GC(222) Using 3 Workers for Young Generation
[22.072s][info][gc,phases   ] GC(222) y: Young Generation
[22.072s][info][gc,phases   ] GC(222) y: Pause Mark Start 0.004ms
[22.073s][info][gc,phases   ] GC(222) y: Concurrent Mark 0.919ms
[22.073s][info][gc,phases   ] GC(222) y: Pause Mark End 0.005ms
[22.073s][info][gc,phases   ] GC(222) y: Concurrent Mark Free 0.000ms
[22.073s][info][gc,phases   ] GC(222) y: Concurrent Reset Relocation Set 0.000ms
[22.074s][info][gc,reloc    ] GC(222) y: Using tenuring threshold: 1 (Computed)
[22.074s][info][gc,phases   ] GC(222) y: Concurrent Select Relocation Set 1.045ms
[22.075s][info][gc,phases   ] GC(222) y: Pause Relocate Start 0.005ms
[22.075s][info][gc,phases   ] GC(222) y: Concurrent Relocate 0.036ms
[22.075s][info][gc,alloc    ] GC(222) y:                         Mark Start        Mark End      Relocate Start    Relocate End   
[22.075s][info][gc,alloc    ] GC(222) y: Allocation Stalls:          0                0                0                0         
[22.075s][info][gc,load     ] GC(222) y: Load: 3.00 (30%) / 3.04 (30%) / 3.14 (31%)
[22.075s][info][gc,mmu      ] GC(222) y: MMU: 2ms/99.0%, 5ms/99.5%, 10ms/99.7%, 20ms/99.7%, 50ms/99.8%, 100ms/99.9%
[22.075s][info][gc,marking  ] GC(222) y: Mark: 2 stripe(s), 2 proactive flush(es), 1 terminate flush(es), 0 completion(s), 0 continuation(s) 
[22.075s][info][gc,marking  ] GC(222) y: Mark Stack Usage: 32M
[22.075s][info][gc,nmethod  ] GC(222) y: NMethods: 1588 registered, 166 unregistered
[22.075s][info][gc,metaspace] GC(222) y: Metaspace: 9M used, 10M committed, 1088M reserved
[22.075s][info][gc,reloc    ] GC(222) y:                        Candidates     Selected     In-Place         Size        Empty    Relocated 
[22.075s][info][gc,reloc    ] GC(222) y: Small Pages:                    2            0            0           4M           2M           0M 
[22.075s][info][gc,reloc    ] GC(222) y: Medium Pages:                  27            0            0         864M         832M           0M 
[22.075s][info][gc,reloc    ] GC(222) y: Large Pages:                    0            0            0           0M           0M           0M 
[22.075s][info][gc,reloc    ] GC(222) y: Forwarding Usage: 0M
[22.075s][info][gc,reloc    ] GC(222) y: Age Table:
[22.075s][info][gc,reloc    ] GC(222) y:                    Live             Garbage             Small              Medium             Large        
[22.075s][info][gc,reloc    ] GC(222) y: Eden               0M (0%)          833M (81%)          1 / 0             26 / 0              0 / 0        
[22.075s][info][gc,reloc    ] GC(222) y: Survivor 1          -                34M (3%)           1 / 0              1 / 0              0 / 0        
[22.075s][info][gc,heap     ] GC(222) y: Min Capacity: 8M(1%)
[22.075s][info][gc,heap     ] GC(222) y: Max Capacity: 1024M(100%)
[22.075s][info][gc,heap     ] GC(222) y: Soft Max Capacity: 1024M(100%)
[22.075s][info][gc,heap     ] GC(222) y: Heap Statistics:
[22.075s][info][gc,heap     ] GC(222) y:                Mark Start          Mark End        Relocate Start      Relocate End           High               Low         
[22.075s][info][gc,heap     ] GC(222) y:  Capacity:     1024M (100%)       1024M (100%)       1024M (100%)       1024M (100%)       1024M (100%)       1024M (100%)   
[22.075s][info][gc,heap     ] GC(222) y:      Free:      116M (11%)          82M (8%)          916M (89%)         916M (89%)         916M (89%)          82M (8%)     
[22.075s][info][gc,heap     ] GC(222) y:      Used:      908M (89%)         942M (92%)         108M (11%)         108M (11%)         942M (92%)         108M (11%)    
[22.075s][info][gc,heap     ] GC(222) y: Young Generation Statistics:
[22.075s][info][gc,heap     ] GC(222) y:                Mark Start          Mark End        Relocate Start      Relocate End    
[22.075s][info][gc,heap     ] GC(222) y:      Used:      868M (85%)         902M (88%)          68M (7%)           68M (7%)     
[22.075s][info][gc,heap     ] GC(222) y:      Live:         -                 0M (0%)            0M (0%)            0M (0%)     
[22.075s][info][gc,heap     ] GC(222) y:   Garbage:         -               867M (85%)          33M (3%)           33M (3%)     
[22.075s][info][gc,heap     ] GC(222) y: Allocated:         -                34M (3%)           34M (3%)           34M (3%)     
[22.075s][info][gc,heap     ] GC(222) y: Reclaimed:         -                  -               834M (81%)         834M (81%)    
[22.075s][info][gc,heap     ] GC(222) y:  Promoted:         -                  -                 0M (0%)            0M (0%)     
[22.075s][info][gc,heap     ] GC(222) y: Compacted:         -                  -                  -                 0M (0%)     
[22.075s][info][gc,phases   ] GC(222) y: Young Generation 908M(89%)->108M(11%) 0.002s
[22.075s][info][gc          ] GC(222) Minor Collection (Allocation Rate) 908M(89%)->108M(11%) 0.002s
[22.132s][info][gc          ] GC(223) Major Collection (Proactive)
[22.132s][info][gc,task     ] GC(223) Using 1 Workers for Young Generation
[22.132s][info][gc,task     ] GC(223) Using 1 Workers for Old Generation
[22.132s][info][gc,phases   ] GC(223) Y: Young Generation
[22.132s][info][gc,phases   ] GC(223) Y: Pause Mark Start (Major) 0.005ms
[22.133s][info][gc,phases   ] GC(223) Y: Concurrent Mark 1.504ms
[22.133s][info][gc,phases   ] GC(223) Y: Pause Mark End 0.006ms
[22.133s][info][gc,phases   ] GC(223) Y: Concurrent Mark Free 0.000ms
[22.133s][info][gc,phases   ] GC(223) Y: Concurrent Reset Relocation Set 0.000ms
[22.134s][info][gc,reloc    ] GC(223) Y: Using tenuring threshold: 1 (Computed)
[22.134s][info][gc,phases   ] GC(223) Y: Concurrent Select Relocation Set 1.029ms
[22.134s][info][gc,phases   ] GC(223) Y: Pause Relocate Start 0.004ms
[22.135s][info][gc,phases   ] GC(223) Y: Concurrent Relocate 0.017ms
[22.135s][info][gc,alloc    ] GC(223) Y:                         Mark Start        Mark End      Relocate Start    Relocate End   
[22.135s][info][gc,alloc    ] GC(223) Y: Allocation Stalls:          0                0                0                0         
[22.135s][info][gc,load     ] GC(223) Y: Load: 3.00 (30%) / 3.04 (30%) / 3.14 (31%)
[22.135s][info][gc,mmu      ] GC(223) Y: MMU: 2ms/99.0%, 5ms/99.5%, 10ms/99.7%, 20ms/99.7%, 50ms/99.8%, 100ms/99.9%
[22.135s][info][gc,marking  ] GC(223) Y: Mark: 1 stripe(s), 2 proactive flush(es), 1 terminate flush(es), 0 completion(s), 0 continuation(s) 
[22.135s][info][gc,marking  ] GC(223) Y: Mark Stack Usage: 32M
[22.135s][info][gc,nmethod  ] GC(223) Y: NMethods: 1588 registered, 166 unregistered
[22.135s][info][gc,metaspace] GC(223) Y: Metaspace: 9M used, 10M committed, 1088M reserved
[22.135s][info][gc,reloc    ] GC(223) Y:                        Candidates     Selected     In-Place         Size        Empty    Relocated 
[22.135s][info][gc,reloc    ] GC(223) Y: Small Pages:                    2            0            0           4M           2M           0M 
[22.135s][info][gc,reloc    ] GC(223) Y: Medium Pages:                  23            0            0         736M         704M           0M 
[22.135s][info][gc,reloc    ] GC(223) Y: Large Pages:                    0            0            0           0M           0M           0M 
[22.135s][info][gc,reloc    ] GC(223) Y: Forwarding Usage: 0M
[22.135s][info][gc,reloc    ] GC(223) Y: Age Table:
[22.135s][info][gc,reloc    ] GC(223) Y:                    Live             Garbage             Small              Medium             Large        
[22.135s][info][gc,reloc    ] GC(223) Y: Eden               0M (0%)          705M (69%)          1 / 0             22 / 0              0 / 0        
[22.135s][info][gc,reloc    ] GC(223) Y: Survivor 1          -                34M (3%)           1 / 0              1 / 0              0 / 0        
[22.135s][info][gc,heap     ] GC(223) Y: Min Capacity: 8M(1%)
[22.135s][info][gc,heap     ] GC(223) Y: Max Capacity: 1024M(100%)
[22.135s][info][gc,heap     ] GC(223) Y: Soft Max Capacity: 1024M(100%)
[22.135s][info][gc,heap     ] GC(223) Y: Heap Statistics:
[22.135s][info][gc,heap     ] GC(223) Y:                Mark Start          Mark End        Relocate Start      Relocate End           High               Low         
[22.135s][info][gc,heap     ] GC(223) Y:  Capacity:     1024M (100%)       1024M (100%)       1024M (100%)       1024M (100%)       1024M (100%)       1024M (100%)   
[22.135s][info][gc,heap     ] GC(223) Y:      Free:      244M (24%)         210M (21%)         916M (89%)         916M (89%)         916M (89%)         210M (21%)    
[22.135s][info][gc,heap     ] GC(223) Y:      Used:      780M (76%)         814M (79%)         108M (11%)         108M (11%)         814M (79%)         108M (11%)    
[22.135s][info][gc,heap     ] GC(223) Y: Young Generation Statistics:
[22.135s][info][gc,heap     ] GC(223) Y:                Mark Start          Mark End        Relocate Start      Relocate End    
[22.135s][info][gc,heap     ] GC(223) Y:      Used:      740M (72%)         774M (76%)          68M (7%)           68M (7%)     
[22.135s][info][gc,heap     ] GC(223) Y:      Live:         -                 0M (0%)            0M (0%)            0M (0%)     
[22.135s][info][gc,heap     ] GC(223) Y:   Garbage:         -               739M (72%)          33M (3%)           33M (3%)     
[22.135s][info][gc,heap     ] GC(223) Y: Allocated:         -                34M (3%)           34M (3%)           34M (3%)     
[22.135s][info][gc,heap     ] GC(223) Y: Reclaimed:         -                  -               706M (69%)         706M (69%)    
[22.135s][info][gc,heap     ] GC(223) Y:  Promoted:         -                  -                 0M (0%)            0M (0%)     
[22.135s][info][gc,heap     ] GC(223) Y: Compacted:         -                  -                  -                 0M (0%)     
[22.135s][info][gc,phases   ] GC(223) Y: Young Generation 780M(76%)->108M(11%) 0.003s
[22.135s][info][gc,phases   ] GC(223) O: Old Generation
[22.140s][info][gc,phases   ] GC(223) O: Concurrent Mark 5.178ms
[22.140s][info][gc,phases   ] GC(223) O: Pause Mark End 0.009ms
[22.140s][info][gc,phases   ] GC(223) O: Concurrent Mark Free 0.000ms
[22.142s][info][gc,phases   ] GC(223) O: Concurrent Process Non-Strong 2.422ms
[22.142s][info][gc,phases   ] GC(223) O: Concurrent Reset Relocation Set 0.000ms
[22.143s][info][gc,phases   ] GC(223) O: Concurrent Select Relocation Set 0.931ms
[22.143s][info][gc,task     ] GC(223) O: Using 2 Workers for Old Generation
[22.148s][info][gc,task     ] GC(223) O: Using 1 Workers for Old Generation
[22.148s][info][gc,phases   ] GC(223) O: Concurrent Remap Roots 4.352ms
[22.148s][info][gc,phases   ] GC(223) O: Pause Relocate Start 0.006ms
[22.149s][info][gc,phases   ] GC(223) O: Concurrent Relocate 0.792ms
[22.149s][info][gc,alloc    ] GC(223) O:                         Mark Start        Mark End      Relocate Start    Relocate End   
[22.149s][info][gc,alloc    ] GC(223) O: Allocation Stalls:          0                0                0                0         
[22.149s][info][gc,load     ] GC(223) O: Load: 3.00 (30%) / 3.04 (30%) / 3.14 (31%)
[22.149s][info][gc,mmu      ] GC(223) O: MMU: 2ms/99.0%, 5ms/99.5%, 10ms/99.7%, 20ms/99.7%, 50ms/99.8%, 100ms/99.9%
[22.149s][info][gc,marking  ] GC(223) O: Mark: 1 stripe(s), 2 proactive flush(es), 1 terminate flush(es), 0 completion(s), 0 continuation(s) 
[22.149s][info][gc,marking  ] GC(223) O: Mark Stack Usage: 32M
[22.149s][info][gc,nmethod  ] GC(223) O: NMethods: 1586 registered, 168 unregistered
[22.149s][info][gc,metaspace] GC(223) O: Metaspace: 9M used, 10M committed, 1088M reserved
[22.149s][info][gc,ref      ] GC(223) O:                       Encountered   Discovered     Enqueued 
[22.149s][info][gc,ref      ] GC(223) O: Soft References:              372            0            0 
[22.149s][info][gc,ref      ] GC(223) O: Weak References:             1110          834            0 
[22.149s][info][gc,ref      ] GC(223) O: Final References:             880          270            0 
[22.149s][info][gc,ref      ] GC(223) O: Phantom References:            32            2            0 
[22.149s][info][gc,reloc    ] GC(223) O:                        Candidates     Selected     In-Place         Size        Empty    Relocated 
[22.149s][info][gc,reloc    ] GC(223) O: Small Pages:                    4            1            0           8M           0M           1M 
[22.149s][info][gc,reloc    ] GC(223) O: Medium Pages:                   1            0            0          32M           0M           0M 
[22.149s][info][gc,reloc    ] GC(223) O: Large Pages:                    0            0            0           0M           0M           0M 
[22.149s][info][gc,reloc    ] GC(223) O: Forwarding Usage: 0M
[22.149s][info][gc,heap     ] GC(223) O: Min Capacity: 8M(1%)
[22.149s][info][gc,heap     ] GC(223) O: Max Capacity: 1024M(100%)
[22.149s][info][gc,heap     ] GC(223) O: Soft Max Capacity: 1024M(100%)
[22.149s][info][gc,heap     ] GC(223) O: Heap Statistics:
[22.149s][info][gc,heap     ] GC(223) O:                Mark Start          Mark End        Relocate Start      Relocate End           High               Low         
[22.149s][info][gc,heap     ] GC(223) O:  Capacity:     1024M (100%)       1024M (100%)       1024M (100%)       1024M (100%)       1024M (100%)       1024M (100%)   
[22.149s][info][gc,heap     ] GC(223) O:      Free:      244M (24%)         852M (83%)         756M (74%)         756M (74%)         916M (89%)         210M (21%)    
[22.149s][info][gc,heap     ] GC(223) O:      Used:      780M (76%)         172M (17%)         268M (26%)         268M (26%)         814M (79%)         108M (11%)    
[22.149s][info][gc,heap     ] GC(223) O: Old Generation Statistics:
[22.149s][info][gc,heap     ] GC(223) O:                Mark Start          Mark End        Relocate Start      Relocate End    
[22.149s][info][gc,heap     ] GC(223) O:      Used:       40M (4%)           40M (4%)           40M (4%)           40M (4%)     
[22.149s][info][gc,heap     ] GC(223) O:      Live:         -                 4M (0%)            4M (0%)            4M (0%)     
[22.149s][info][gc,heap     ] GC(223) O:   Garbage:         -                35M (3%)           35M (3%)           32M (3%)     
[22.149s][info][gc,heap     ] GC(223) O: Allocated:         -                 0M (0%)            0M (0%)            2M (0%)     
[22.149s][info][gc,heap     ] GC(223) O: Reclaimed:         -                  -                 0M (0%)            2M (0%)     
[22.149s][info][gc,heap     ] GC(223) O: Compacted:         -                  -                  -                 1M (0%)     
[22.149s][info][gc,phases   ] GC(223) O: Old Generation 108M(11%)->268M(26%) 0.014s
[22.149s][info][gc          ] GC(223) Major Collection (Proactive) 780M(76%)->268M(26%) 0.017s
[22.203s][info][gc          ] GC(224) Minor Collection (Allocation Rate)
[22.203s][info][gc,task     ] GC(224) Using 3 Workers for Young Generation
[22.203s][info][gc,phases   ] GC(224) y: Young Generation
[22.203s][info][gc,phases   ] GC(224) y: Pause Mark Start 0.005ms
[22.204s][info][gc,phases   ] GC(224) y: Concurrent Mark 1.076ms
[22.204s][info][gc,phases   ] GC(224) y: Pause Mark End 0.005ms
[22.204s][info][gc,phases   ] GC(224) y: Concurrent Mark Free 0.000ms
[22.204s][info][gc,phases   ] GC(224) y: Concurrent Reset Relocation Set 0.002ms
[22.205s][info][gc,reloc    ] GC(224) y: Using tenuring threshold: 1 (Computed)
[22.205s][info][gc,phases   ] GC(224) y: Concurrent Select Relocation Set 1.128ms
[22.205s][info][gc,phases   ] GC(224) y: Pause Relocate Start 0.004ms
[22.205s][info][gc,phases   ] GC(224) y: Concurrent Relocate 0.032ms
[22.205s][info][gc,alloc    ] GC(224) y:                         Mark Start        Mark End      Relocate Start    Relocate End   
[22.205s][info][gc,alloc    ] GC(224) y: Allocation Stalls:          0                0                0                0         
[22.205s][info][gc,load     ] GC(224) y: Load: 3.00 (30%) / 3.04 (30%) / 3.14 (31%)
[22.205s][info][gc,mmu      ] GC(224) y: MMU: 2ms/99.0%, 5ms/99.5%, 10ms/99.7%, 20ms/99.7%, 50ms/99.8%, 100ms/99.9%
[22.205s][info][gc,marking  ] GC(224) y: Mark: 2 stripe(s), 2 proactive flush(es), 1 terminate flush(es), 0 completion(s), 0 continuation(s) 
[22.205s][info][gc,marking  ] GC(224) y: Mark Stack Usage: 32M
[22.205s][info][gc,nmethod  ] GC(224) y: NMethods: 1586 registered, 168 unregistered
[22.205s][info][gc,metaspace] GC(224) y: Metaspace: 9M used, 10M committed, 1088M reserved
[22.205s][info][gc,reloc    ] GC(224) y:                        Candidates     Selected     In-Place         Size        Empty    Relocated 
[22.205s][info][gc,reloc    ] GC(224) y: Small Pages:                    2            0            0           4M           2M           0M 
[22.205s][info][gc,reloc    ] GC(224) y: Medium Pages:                  27            0            0         864M         832M           0M 
[22.205s][info][gc,reloc    ] GC(224) y: Large Pages:                    0            0            0           0M           0M           0M 
[22.205s][info][gc,reloc    ] GC(224) y: Forwarding Usage: 0M
[22.205s][info][gc,reloc    ] GC(224) y: Age Table:
[22.205s][info][gc,reloc    ] GC(224) y:                    Live             Garbage             Small              Medium             Large        
[22.205s][info][gc,reloc    ] GC(224) y: Eden               0M (0%)          833M (81%)          1 / 0             26 / 0              0 / 0        
[22.205s][info][gc,reloc    ] GC(224) y: Survivor 1          -                34M (3%)           1 / 0              1 / 0              0 / 0        
[22.205s][info][gc,heap     ] GC(224) y: Min Capacity: 8M(1%)
[22.205s][info][gc,heap     ] GC(224) y: Max Capacity: 1024M(100%)
[22.205s][info][gc,heap     ] GC(224) y: Soft Max Capacity: 1024M(100%)
[22.205s][info][gc,heap     ] GC(224) y: Heap Statistics:
[22.205s][info][gc,heap     ] GC(224) y:                Mark Start          Mark End        Relocate Start      Relocate End           High               Low         
[22.205s][info][gc,heap     ] GC(224) y:  Capacity:     1024M (100%)       1024M (100%)       1024M (100%)       1024M (100%)       1024M (100%)       1024M (100%)   
[22.205s][info][gc,heap     ] GC(224) y:      Free:      116M (11%)          82M (8%)          916M (89%)         916M (89%)         916M (89%)          82M (8%)     
[22.205s][info][gc,heap     ] GC(224) y:      Used:      908M (89%)         942M (92%)         108M (11%)         108M (11%)         942M (92%)         108M (11%)    
[22.205s][info][gc,heap     ] GC(224) y: Young Generation Statistics:
[22.205s][info][gc,heap     ] GC(224) y:                Mark Start          Mark End        Relocate Start      Relocate End    
[22.205s][info][gc,heap     ] GC(224) y:      Used:      868M (85%)         902M (88%)          68M (7%)           68M (7%)     
[22.205s][info][gc,heap     ] GC(224) y:      Live:         -                 0M (0%)            0M (0%)            0M (0%)     
[22.205s][info][gc,heap     ] GC(224) y:   Garbage:         -               867M (85%)          33M (3%)           33M (3%)     
[22.205s][info][gc,heap     ] GC(224) y: Allocated:         -                34M (3%)           34M (3%)           34M (3%)     
[22.205s][info][gc,heap     ] GC(224) y: Reclaimed:         -                  -               834M (81%)         834M (81%)    
[22.205s][info][gc,heap     ] GC(224) y:  Promoted:         -                  -                 0M (0%)            0M (0%)     
[22.205s][info][gc,heap     ] GC(224) y: Compacted:         -                  -                  -                 0M (0%)     
[22.205s][info][gc,phases   ] GC(224) y: Young Generation 908M(89%)->108M(11%) 0.003s
[22.205s][info][gc          ] GC(224) Minor Collection (Allocation Rate) 908M(89%)->108M(11%) 0.003s
[22.274s][info][gc          ] GC(225) Minor Collection (Allocation Rate)
[22.274s][info][gc,task     ] GC(225) Using 3 Workers for Young Generation
[22.274s][info][gc,phases   ] GC(225) y: Young Generation
[22.274s][info][gc,phases   ] GC(225) y: Pause Mark Start 0.005ms
[22.275s][info][gc,phases   ] GC(225) y: Concurrent Mark 0.870ms
[22.275s][info][gc,phases   ] GC(225) y: Pause Mark End 0.005ms
[22.275s][info][gc,phases   ] GC(225) y: Concurrent Mark Free 0.000ms
[22.275s][info][gc,phases   ] GC(225) y: Concurrent Reset Relocation Set 0.000ms
[22.276s][info][gc,reloc    ] GC(225) y: Using tenuring threshold: 1 (Computed)
[22.276s][info][gc,phases   ] GC(225) y: Concurrent Select Relocation Set 1.061ms
[22.276s][info][gc,phases   ] GC(225) y: Pause Relocate Start 0.004ms
[22.276s][info][gc,phases   ] GC(225) y: Concurrent Relocate 0.027ms
[22.276s][info][gc,alloc    ] GC(225) y:                         Mark Start        Mark End      Relocate Start    Relocate End   
[22.276s][info][gc,alloc    ] GC(225) y: Allocation Stalls:          0                0                0                0         
[22.276s][info][gc,load     ] GC(225) y: Load: 3.00 (30%) / 3.04 (30%) / 3.14 (31%)
[22.276s][info][gc,mmu      ] GC(225) y: MMU: 2ms/99.0%, 5ms/99.5%, 10ms/99.7%, 20ms/99.7%, 50ms/99.8%, 100ms/99.9%
[22.276s][info][gc,marking  ] GC(225) y: Mark: 2 stripe(s), 2 proactive flush(es), 1 terminate flush(es), 0 completion(s), 0 continuation(s) 
[22.276s][info][gc,marking  ] GC(225) y: Mark Stack Usage: 32M
[22.276s][info][gc,nmethod  ] GC(225) y: NMethods: 1586 registered, 168 unregistered
[22.276s][info][gc,metaspace] GC(225) y: Metaspace: 9M used, 10M committed, 1088M reserved
[22.276s][info][gc,reloc    ] GC(225) y:                        Candidates     Selected     In-Place         Size        Empty    Relocated 
[22.276s][info][gc,reloc    ] GC(225) y: Small Pages:                    2            0            0           4M           2M           0M 
[22.276s][info][gc,reloc    ] GC(225) y: Medium Pages:                  27            0            0         864M         832M           0M 
[22.276s][info][gc,reloc    ] GC(225) y: Large Pages:                    0            0            0           0M           0M           0M 
[22.276s][info][gc,reloc    ] GC(225) y: Forwarding Usage: 0M
[22.276s][info][gc,reloc    ] GC(225) y: Age Table:
[22.276s][info][gc,reloc    ] GC(225) y:                    Live             Garbage             Small              Medium             Large        
[22.276s][info][gc,reloc    ] GC(225) y: Eden               0M (0%)          833M (81%)          1 / 0             26 / 0              0 / 0        
[22.276s][info][gc,reloc    ] GC(225) y: Survivor 1          -                34M (3%)           1 / 0              1 / 0              0 / 0        
[22.276s][info][gc,heap     ] GC(225) y: Min Capacity: 8M(1%)
[22.276s][info][gc,heap     ] GC(225) y: Max Capacity: 1024M(100%)
[22.276s][info][gc,heap     ] GC(225) y: Soft Max Capacity: 1024M(100%)
[22.276s][info][gc,heap     ] GC(225) y: Heap Statistics:
[22.276s][info][gc,heap     ] GC(225) y:                Mark Start          Mark End        Relocate Start      Relocate End           High               Low         
[22.276s][info][gc,heap     ] GC(225) y:  Capacity:     1024M (100%)       1024M (100%)       1024M (100%)       1024M (100%)       1024M (100%)       1024M (100%)   
[22.276s][info][gc,heap     ] GC(225) y:      Free:      116M (11%)          82M (8%)          916M (89%)         916M (89%)         916M (89%)          82M (8%)     
[22.276s][info][gc,heap     ] GC(225) y:      Used:      908M (89%)         942M (92%)         108M (11%)         108M (11%)         942M (92%)         108M (11%)    
[22.276s][info][gc,heap     ] GC(225) y: Young Generation Statistics:
[22.276s][info][gc,heap     ] GC(225) y:                Mark Start          Mark End        Relocate Start      Relocate End    
[22.276s][info][gc,heap     ] GC(225) y:      Used:      868M (85%)         902M (88%)          68M (7%)           68M (7%)     
[22.276s][info][gc,heap     ] GC(225) y:      Live:         -                 0M (0%)            0M (0%)            0M (0%)     
[22.276s][info][gc,heap     ] GC(225) y:   Garbage:         -               867M (85%)          33M (3%)           33M (3%)     
[22.276s][info][gc,heap     ] GC(225) y: Allocated:         -                34M (3%)           34M (3%)           34M (3%)     
[22.276s][info][gc,heap     ] GC(225) y: Reclaimed:         -                  -               834M (81%)         834M (81%)    
[22.276s][info][gc,heap     ] GC(225) y:  Promoted:         -                  -                 0M (0%)            0M (0%)     
[22.276s][info][gc,heap     ] GC(225) y: Compacted:         -                  -                  -                 0M (0%)     
[22.276s][info][gc,phases   ] GC(225) y: Young Generation 908M(89%)->108M(11%) 0.002s
[22.276s][info][gc          ] GC(225) Minor Collection (Allocation Rate) 908M(89%)->108M(11%) 0.002s
[22.346s][info][gc          ] GC(226) Minor Collection (Allocation Rate)
[22.347s][info][gc,task     ] GC(226) Using 3 Workers for Young Generation
[22.347s][info][gc,phases   ] GC(226) y: Young Generation
[22.347s][info][gc,phases   ] GC(226) y: Pause Mark Start 0.004ms
[22.347s][info][gc,phases   ] GC(226) y: Concurrent Mark 0.872ms
[22.348s][info][gc,phases   ] GC(226) y: Pause Mark End 0.005ms
[22.348s][info][gc,phases   ] GC(226) y: Concurrent Mark Free 0.000ms
[22.348s][info][gc,phases   ] GC(226) y: Concurrent Reset Relocation Set 0.000ms
[22.349s][info][gc,reloc    ] GC(226) y: Using tenuring threshold: 1 (Computed)
[22.349s][info][gc,phases   ] GC(226) y: Concurrent Select Relocation Set 1.117ms
[22.349s][info][gc,phases   ] GC(226) y: Pause Relocate Start 0.005ms
[22.349s][info][gc,phases   ] GC(226) y: Concurrent Relocate 0.031ms
[22.349s][info][gc,alloc    ] GC(226) y:                         Mark Start        Mark End      Relocate Start    Relocate End   
[22.349s][info][gc,alloc    ] GC(226) y: Allocation Stalls:          0                0                0                0         
[22.349s][info][gc,load     ] GC(226) y: Load: 3.00 (30%) / 3.04 (30%) / 3.14 (31%)
[22.349s][info][gc,mmu      ] GC(226) y: MMU: 2ms/99.0%, 5ms/99.5%, 10ms/99.7%, 20ms/99.7%, 50ms/99.8%, 100ms/99.9%
[22.349s][info][gc,marking  ] GC(226) y: Mark: 2 stripe(s), 2 proactive flush(es), 1 terminate flush(es), 0 completion(s), 0 continuation(s) 
[22.349s][info][gc,marking  ] GC(226) y: Mark Stack Usage: 32M
[22.349s][info][gc,nmethod  ] GC(226) y: NMethods: 1586 registered, 168 unregistered
[22.349s][info][gc,metaspace] GC(226) y: Metaspace: 9M used, 10M committed, 1088M reserved
[22.349s][info][gc,reloc    ] GC(226) y:                        Candidates     Selected     In-Place         Size        Empty    Relocated 
[22.349s][info][gc,reloc    ] GC(226) y: Small Pages:                    2            0            0           4M           2M           0M 
[22.349s][info][gc,reloc    ] GC(226) y: Medium Pages:                  27            0            0         864M         832M           0M 
[22.349s][info][gc,reloc    ] GC(226) y: Large Pages:                    0            0            0           0M           0M           0M 
[22.349s][info][gc,reloc    ] GC(226) y: Forwarding Usage: 0M
[22.349s][info][gc,reloc    ] GC(226) y: Age Table:
[22.349s][info][gc,reloc    ] GC(226) y:                    Live             Garbage             Small              Medium             Large        
[22.349s][info][gc,reloc    ] GC(226) y: Eden               0M (0%)          833M (81%)          1 / 0             26 / 0              0 / 0        
[22.349s][info][gc,reloc    ] GC(226) y: Survivor 1          -                34M (3%)           1 / 0              1 / 0              0 / 0        
[22.349s][info][gc,heap     ] GC(226) y: Min Capacity: 8M(1%)
[22.349s][info][gc,heap     ] GC(226) y: Max Capacity: 1024M(100%)
[22.349s][info][gc,heap     ] GC(226) y: Soft Max Capacity: 1024M(100%)
[22.349s][info][gc,heap     ] GC(226) y: Heap Statistics:
[22.349s][info][gc,heap     ] GC(226) y:                Mark Start          Mark End        Relocate Start      Relocate End           High               Low         
[22.349s][info][gc,heap     ] GC(226) y:  Capacity:     1024M (100%)       1024M (100%)       1024M (100%)       1024M (100%)       1024M (100%)       1024M (100%)   
[22.349s][info][gc,heap     ] GC(226) y:      Free:      116M (11%)          82M (8%)          916M (89%)         916M (89%)         916M (89%)          82M (8%)     
[22.349s][info][gc,heap     ] GC(226) y:      Used:      908M (89%)         942M (92%)         108M (11%)         108M (11%)         942M (92%)         108M (11%)    
[22.349s][info][gc,heap     ] GC(226) y: Young Generation Statistics:
[22.349s][info][gc,heap     ] GC(226) y:                Mark Start          Mark End        Relocate Start      Relocate End    
[22.349s][info][gc,heap     ] GC(226) y:      Used:      868M (85%)         902M (88%)          68M (7%)           68M (7%)     
[22.349s][info][gc,heap     ] GC(226) y:      Live:         -                 0M (0%)            0M (0%)            0M (0%)     
[22.349s][info][gc,heap     ] GC(226) y:   Garbage:         -               867M (85%)          33M (3%)           33M (3%)     
[22.349s][info][gc,heap     ] GC(226) y: Allocated:         -                34M (3%)           34M (3%)           34M (3%)     
[22.349s][info][gc,heap     ] GC(226) y: Reclaimed:         -                  -               834M (81%)         834M (81%)    
[22.349s][info][gc,heap     ] GC(226) y:  Promoted:         -                  -                 0M (0%)            0M (0%)     
[22.349s][info][gc,heap     ] GC(226) y: Compacted:         -                  -                  -                 0M (0%)     
[22.349s][info][gc,phases   ] GC(226) y: Young Generation 908M(89%)->108M(11%) 0.002s
[22.349s][info][gc          ] GC(226) Minor Collection (Allocation Rate) 908M(89%)->108M(11%) 0.003s
[22.419s][info][gc          ] GC(227) Minor Collection (Allocation Rate)
[22.419s][info][gc,task     ] GC(227) Using 3 Workers for Young Generation
[22.419s][info][gc,phases   ] GC(227) y: Young Generation
[22.420s][info][gc,phases   ] GC(227) y: Pause Mark Start 0.006ms
[22.420s][info][gc,phases   ] GC(227) y: Concurrent Mark 0.843ms
[22.420s][info][gc,phases   ] GC(227) y: Pause Mark End 0.007ms
[22.420s][info][gc,phases   ] GC(227) y: Concurrent Mark Free 0.000ms
[22.420s][info][gc,phases   ] GC(227) y: Concurrent Reset Relocation Set 0.000ms
[22.421s][info][gc,reloc    ] GC(227) y: Using tenuring threshold: 1 (Computed)
[22.422s][info][gc,phases   ] GC(227) y: Concurrent Select Relocation Set 1.047ms
[22.422s][info][gc,phases   ] GC(227) y: Pause Relocate Start 0.004ms
[22.422s][info][gc,phases   ] GC(227) y: Concurrent Relocate 0.041ms
[22.422s][info][gc,alloc    ] GC(227) y:                         Mark Start        Mark End      Relocate Start    Relocate End   
[22.422s][info][gc,alloc    ] GC(227) y: Allocation Stalls:          0                0                0                0         
[22.422s][info][gc,load     ] GC(227) y: Load: 3.00 (30%) / 3.04 (30%) / 3.14 (31%)
[22.422s][info][gc,mmu      ] GC(227) y: MMU: 2ms/99.0%, 5ms/99.5%, 10ms/99.7%, 20ms/99.7%, 50ms/99.8%, 100ms/99.9%
[22.422s][info][gc,marking  ] GC(227) y: Mark: 2 stripe(s), 2 proactive flush(es), 1 terminate flush(es), 0 completion(s), 0 continuation(s) 
[22.422s][info][gc,marking  ] GC(227) y: Mark Stack Usage: 32M
[22.422s][info][gc,nmethod  ] GC(227) y: NMethods: 1586 registered, 168 unregistered
[22.422s][info][gc,metaspace] GC(227) y: Metaspace: 9M used, 10M committed, 1088M reserved
[22.422s][info][gc,reloc    ] GC(227) y:                        Candidates     Selected     In-Place         Size        Empty    Relocated 
[22.422s][info][gc,reloc    ] GC(227) y: Small Pages:                    2            0            0           4M           2M           0M 
[22.422s][info][gc,reloc    ] GC(227) y: Medium Pages:                  28            0            0         896M         864M           0M 
[22.422s][info][gc,reloc    ] GC(227) y: Large Pages:                    0            0            0           0M           0M           0M 
[22.422s][info][gc,reloc    ] GC(227) y: Forwarding Usage: 0M
[22.422s][info][gc,reloc    ] GC(227) y: Age Table:
[22.422s][info][gc,reloc    ] GC(227) y:                    Live             Garbage             Small              Medium             Large        
[22.422s][info][gc,reloc    ] GC(227) y: Eden               0M (0%)          865M (84%)          1 / 0             27 / 0              0 / 0        
[22.422s][info][gc,reloc    ] GC(227) y: Survivor 1          -                34M (3%)           1 / 0              1 / 0              0 / 0        
[22.422s][info][gc,heap     ] GC(227) y: Min Capacity: 8M(1%)
[22.422s][info][gc,heap     ] GC(227) y: Max Capacity: 1024M(100%)
[22.422s][info][gc,heap     ] GC(227) y: Soft Max Capacity: 1024M(100%)
[22.422s][info][gc,heap     ] GC(227) y: Heap Statistics:
[22.422s][info][gc,heap     ] GC(227) y:                Mark Start          Mark End        Relocate Start      Relocate End           High               Low         
[22.422s][info][gc,heap     ] GC(227) y:  Capacity:     1024M (100%)       1024M (100%)       1024M (100%)       1024M (100%)       1024M (100%)       1024M (100%)   
[22.422s][info][gc,heap     ] GC(227) y:      Free:       84M (8%)           50M (5%)          916M (89%)         916M (89%)         916M (89%)          50M (5%)     
[22.422s][info][gc,heap     ] GC(227) y:      Used:      940M (92%)         974M (95%)         108M (11%)         108M (11%)         974M (95%)         108M (11%)    
[22.422s][info][gc,heap     ] GC(227) y: Young Generation Statistics:
[22.422s][info][gc,heap     ] GC(227) y:                Mark Start          Mark End        Relocate Start      Relocate End    
[22.422s][info][gc,heap     ] GC(227) y:      Used:      900M (88%)         934M (91%)          68M (7%)           68M (7%)     
[22.422s][info][gc,heap     ] GC(227) y:      Live:         -                 0M (0%)            0M (0%)            0M (0%)     
[22.422s][info][gc,heap     ] GC(227) y:   Garbage:         -               899M (88%)          33M (3%)           33M (3%)     
[22.422s][info][gc,heap     ] GC(227) y: Allocated:         -                34M (3%)           34M (3%)           34M (3%)     
[22.422s][info][gc,heap     ] GC(227) y: Reclaimed:         -                  -               866M (85%)         866M (85%)    
[22.422s][info][gc,heap     ] GC(227) y:  Promoted:         -                  -                 0M (0%)            0M (0%)     
[22.422s][info][gc,heap     ] GC(227) y: Compacted:         -                  -                  -                 0M (0%)     
[22.422s][info][gc,phases   ] GC(227) y: Young Generation 940M(92%)->108M(11%) 0.002s
[22.422s][info][gc          ] GC(227) Minor Collection (Allocation Rate) 940M(92%)->108M(11%) 0.002s
[22.493s][info][gc          ] GC(228) Minor Collection (Allocation Rate)
[22.493s][info][gc,task     ] GC(228) Using 3 Workers for Young Generation
[22.493s][info][gc,phases   ] GC(228) y: Young Generation
[22.493s][info][gc,phases   ] GC(228) y: Pause Mark Start 0.004ms
[22.494s][info][gc,phases   ] GC(228) y: Concurrent Mark 0.948ms
[22.494s][info][gc,phases   ] GC(228) y: Pause Mark End 0.005ms
[22.494s][info][gc,phases   ] GC(228) y: Concurrent Mark Free 0.000ms
[22.494s][info][gc,phases   ] GC(228) y: Concurrent Reset Relocation Set 0.000ms
[22.495s][info][gc,reloc    ] GC(228) y: Using tenuring threshold: 1 (Computed)
[22.495s][info][gc,phases   ] GC(228) y: Concurrent Select Relocation Set 1.109ms
[22.495s][info][gc,phases   ] GC(228) y: Pause Relocate Start 0.004ms
[22.495s][info][gc,phases   ] GC(228) y: Concurrent Relocate 0.038ms
[22.495s][info][gc,alloc    ] GC(228) y:                         Mark Start        Mark End      Relocate Start    Relocate End   
[22.495s][info][gc,alloc    ] GC(228) y: Allocation Stalls:          0                0                0                0         
[22.495s][info][gc,load     ] GC(228) y: Load: 3.00 (30%) / 3.04 (30%) / 3.14 (31%)
[22.495s][info][gc,mmu      ] GC(228) y: MMU: 2ms/99.0%, 5ms/99.5%, 10ms/99.7%, 20ms/99.7%, 50ms/99.8%, 100ms/99.9%
[22.495s][info][gc,marking  ] GC(228) y: Mark: 2 stripe(s), 2 proactive flush(es), 1 terminate flush(es), 0 completion(s), 0 continuation(s) 
[22.495s][info][gc,marking  ] GC(228) y: Mark Stack Usage: 32M
[22.495s][info][gc,nmethod  ] GC(228) y: NMethods: 1586 registered, 168 unregistered
[22.495s][info][gc,metaspace] GC(228) y: Metaspace: 9M used, 10M committed, 1088M reserved
[22.495s][info][gc,reloc    ] GC(228) y:                        Candidates     Selected     In-Place         Size        Empty    Relocated 
[22.495s][info][gc,reloc    ] GC(228) y: Small Pages:                    2            0            0           4M           2M           0M 
[22.495s][info][gc,reloc    ] GC(228) y: Medium Pages:                  28            0            0         896M         864M           0M 
[22.495s][info][gc,reloc    ] GC(228) y: Large Pages:                    0            0            0           0M           0M           0M 
[22.495s][info][gc,reloc    ] GC(228) y: Forwarding Usage: 0M
[22.495s][info][gc,reloc    ] GC(228) y: Age Table:
[22.495s][info][gc,reloc    ] GC(228) y:                    Live             Garbage             Small              Medium             Large        
[22.495s][info][gc,reloc    ] GC(228) y: Eden               0M (0%)          865M (85%)          1 / 0             27 / 0              0 / 0        
[22.495s][info][gc,reloc    ] GC(228) y: Survivor 1          -                34M (3%)           1 / 0              1 / 0              0 / 0        
[22.495s][info][gc,heap     ] GC(228) y: Min Capacity: 8M(1%)
[22.495s][info][gc,heap     ] GC(228) y: Max Capacity: 1024M(100%)
[22.495s][info][gc,heap     ] GC(228) y: Soft Max Capacity: 1024M(100%)
[22.495s][info][gc,heap     ] GC(228) y: Heap Statistics:
[22.495s][info][gc,heap     ] GC(228) y:                Mark Start          Mark End        Relocate Start      Relocate End           High               Low         
[22.495s][info][gc,heap     ] GC(228) y:  Capacity:     1024M (100%)       1024M (100%)       1024M (100%)       1024M (100%)       1024M (100%)       1024M (100%)   
[22.495s][info][gc,heap     ] GC(228) y:      Free:       84M (8%)           50M (5%)          916M (89%)         916M (89%)         916M (89%)          50M (5%)     
[22.495s][info][gc,heap     ] GC(228) y:      Used:      940M (92%)         974M (95%)         108M (11%)         108M (11%)         974M (95%)         108M (11%)    
[22.495s][info][gc,heap     ] GC(228) y: Young Generation Statistics:
[22.495s][info][gc,heap     ] GC(228) y:                Mark Start          Mark End        Relocate Start      Relocate End    
[22.495s][info][gc,heap     ] GC(228) y:      Used:      900M (88%)         934M (91%)          68M (7%)           68M (7%)     
[22.495s][info][gc,heap     ] GC(228) y:      Live:         -                 0M (0%)            0M (0%)            0M (0%)     
[22.495s][info][gc,heap     ] GC(228) y:   Garbage:         -               899M (88%)          33M (3%)           33M (3%)     
[22.495s][info][gc,heap     ] GC(228) y: Allocated:         -                34M (3%)           34M (3%)           34M (3%)     
[22.495s][info][gc,heap     ] GC(228) y: Reclaimed:         -                  -               866M (85%)         866M (85%)    
[22.495s][info][gc,heap     ] GC(228) y:  Promoted:         -                  -                 0M (0%)            0M (0%)     
[22.495s][info][gc,heap     ] GC(228) y: Compacted:         -                  -                  -                 0M (0%)     
[22.495s][info][gc,phases   ] GC(228) y: Young Generation 940M(92%)->108M(11%) 0.002s
[22.495s][info][gc          ] GC(228) Minor Collection (Allocation Rate) 940M(92%)->108M(11%) 0.003s
[22.566s][info][gc          ] GC(229) Minor Collection (Allocation Rate)
[22.566s][info][gc,task     ] GC(229) Using 3 Workers for Young Generation
[22.566s][info][gc,phases   ] GC(229) y: Young Generation
[22.566s][info][gc,phases   ] GC(229) y: Pause Mark Start 0.004ms
[22.567s][info][gc,phases   ] GC(229) y: Concurrent Mark 1.021ms
[22.567s][info][gc,phases   ] GC(229) y: Pause Mark End 0.005ms
[22.567s][info][gc,phases   ] GC(229) y: Concurrent Mark Free 0.000ms
[22.567s][info][gc,phases   ] GC(229) y: Concurrent Reset Relocation Set 0.000ms
[22.568s][info][gc,reloc    ] GC(229) y: Using tenuring threshold: 1 (Computed)
[22.568s][info][gc,phases   ] GC(229) y: Concurrent Select Relocation Set 1.073ms
[22.568s][info][gc,phases   ] GC(229) y: Pause Relocate Start 0.005ms
[22.568s][info][gc,phases   ] GC(229) y: Concurrent Relocate 0.029ms
[22.568s][info][gc,alloc    ] GC(229) y:                         Mark Start        Mark End      Relocate Start    Relocate End   
[22.568s][info][gc,alloc    ] GC(229) y: Allocation Stalls:          0                0                0                0         
[22.568s][info][gc,load     ] GC(229) y: Load: 3.00 (30%) / 3.04 (30%) / 3.14 (31%)
[22.568s][info][gc,mmu      ] GC(229) y: MMU: 2ms/99.0%, 5ms/99.5%, 10ms/99.7%, 20ms/99.7%, 50ms/99.8%, 100ms/99.9%
[22.568s][info][gc,marking  ] GC(229) y: Mark: 2 stripe(s), 2 proactive flush(es), 1 terminate flush(es), 0 completion(s), 0 continuation(s) 
[22.568s][info][gc,marking  ] GC(229) y: Mark Stack Usage: 32M
[22.568s][info][gc,nmethod  ] GC(229) y: NMethods: 1586 registered, 168 unregistered
[22.568s][info][gc,metaspace] GC(229) y: Metaspace: 9M used, 10M committed, 1088M reserved
[22.568s][info][gc,reloc    ] GC(229) y:                        Candidates     Selected     In-Place         Size        Empty    Relocated 
[22.568s][info][gc,reloc    ] GC(229) y: Small Pages:                    2            0            0           4M           2M           0M 
[22.568s][info][gc,reloc    ] GC(229) y: Medium Pages:                  28            0            0         896M         864M           0M 
[22.568s][info][gc,reloc    ] GC(229) y: Large Pages:                    0            0            0           0M           0M           0M 
[22.568s][info][gc,reloc    ] GC(229) y: Forwarding Usage: 0M
[22.568s][info][gc,reloc    ] GC(229) y: Age Table:
[22.568s][info][gc,reloc    ] GC(229) y:                    Live             Garbage             Small              Medium             Large        
[22.568s][info][gc,reloc    ] GC(229) y: Eden               0M (0%)          865M (85%)          1 / 0             27 / 0              0 / 0        
[22.568s][info][gc,reloc    ] GC(229) y: Survivor 1          -                34M (3%)           1 / 0              1 / 0              0 / 0        
[22.568s][info][gc,heap     ] GC(229) y: Min Capacity: 8M(1%)
[22.568s][info][gc,heap     ] GC(229) y: Max Capacity: 1024M(100%)
[22.568s][info][gc,heap     ] GC(229) y: Soft Max Capacity: 1024M(100%)
[22.568s][info][gc,heap     ] GC(229) y: Heap Statistics:
[22.568s][info][gc,heap     ] GC(229) y:                Mark Start          Mark End        Relocate Start      Relocate End           High               Low         
[22.568s][info][gc,heap     ] GC(229) y:  Capacity:     1024M (100%)       1024M (100%)       1024M (100%)       1024M (100%)       1024M (100%)       1024M (100%)   
[22.568s][info][gc,heap     ] GC(229) y:      Free:       84M (8%)           50M (5%)          916M (89%)         916M (89%)         916M (89%)          50M (5%)     
[22.568s][info][gc,heap     ] GC(229) y:      Used:      940M (92%)         974M (95%)         108M (11%)         108M (11%)         974M (95%)         108M (11%)    
[22.568s][info][gc,heap     ] GC(229) y: Young Generation Statistics:
[22.568s][info][gc,heap     ] GC(229) y:                Mark Start          Mark End        Relocate Start      Relocate End    
[22.568s][info][gc,heap     ] GC(229) y:      Used:      900M (88%)         934M (91%)          68M (7%)           68M (7%)     
[22.568s][info][gc,heap     ] GC(229) y:      Live:         -                 0M (0%)            0M (0%)            0M (0%)     
[22.568s][info][gc,heap     ] GC(229) y:   Garbage:         -               899M (88%)          33M (3%)           33M (3%)     
[22.568s][info][gc,heap     ] GC(229) y: Allocated:         -                34M (3%)           34M (3%)           34M (3%)     
[22.568s][info][gc,heap     ] GC(229) y: Reclaimed:         -                  -               866M (85%)         866M (85%)    
[22.568s][info][gc,heap     ] GC(229) y:  Promoted:         -                  -                 0M (0%)            0M (0%)     
[22.568s][info][gc,heap     ] GC(229) y: Compacted:         -                  -                  -                 0M (0%)     
[22.568s][info][gc,phases   ] GC(229) y: Young Generation 940M(92%)->108M(11%) 0.002s
[22.568s][info][gc          ] GC(229) Minor Collection (Allocation Rate) 940M(92%)->108M(11%) 0.003s
[22.636s][info][gc          ] GC(230) Minor Collection (Allocation Rate)
[22.636s][info][gc,task     ] GC(230) Using 2 Workers for Young Generation
[22.636s][info][gc,phases   ] GC(230) y: Young Generation
[22.636s][info][gc,phases   ] GC(230) y: Pause Mark Start 0.006ms
[22.637s][info][gc,phases   ] GC(230) y: Concurrent Mark 1.427ms
[22.637s][info][gc,phases   ] GC(230) y: Pause Mark End 0.006ms
[22.637s][info][gc,phases   ] GC(230) y: Concurrent Mark Free 0.000ms
[22.637s][info][gc,phases   ] GC(230) y: Concurrent Reset Relocation Set 0.000ms
[22.638s][info][gc,reloc    ] GC(230) y: Using tenuring threshold: 1 (Computed)
[22.638s][info][gc,phases   ] GC(230) y: Concurrent Select Relocation Set 1.038ms
[22.639s][info][gc,phases   ] GC(230) y: Pause Relocate Start 0.004ms
[22.639s][info][gc,phases   ] GC(230) y: Concurrent Relocate 0.020ms
[22.639s][info][gc,alloc    ] GC(230) y:                         Mark Start        Mark End      Relocate Start    Relocate End   
[22.639s][info][gc,alloc    ] GC(230) y: Allocation Stalls:          0                0                0                0         
[22.639s][info][gc,load     ] GC(230) y: Load: 3.00 (30%) / 3.04 (30%) / 3.14 (31%)
[22.639s][info][gc,mmu      ] GC(230) y: MMU: 2ms/99.0%, 5ms/99.5%, 10ms/99.7%, 20ms/99.7%, 50ms/99.8%, 100ms/99.9%
[22.639s][info][gc,marking  ] GC(230) y: Mark: 2 stripe(s), 2 proactive flush(es), 1 terminate flush(es), 0 completion(s), 0 continuation(s) 
[22.639s][info][gc,marking  ] GC(230) y: Mark Stack Usage: 32M
[22.639s][info][gc,nmethod  ] GC(230) y: NMethods: 1586 registered, 168 unregistered
[22.639s][info][gc,metaspace] GC(230) y: Metaspace: 9M used, 10M committed, 1088M reserved
[22.639s][info][gc,reloc    ] GC(230) y:                        Candidates     Selected     In-Place         Size        Empty    Relocated 
[22.639s][info][gc,reloc    ] GC(230) y: Small Pages:                    2            0            0           4M           2M           0M 
[22.639s][info][gc,reloc    ] GC(230) y: Medium Pages:                  27            0            0         864M         832M           0M 
[22.639s][info][gc,reloc    ] GC(230) y: Large Pages:                    0            0            0           0M           0M           0M 
[22.639s][info][gc,reloc    ] GC(230) y: Forwarding Usage: 0M
[22.639s][info][gc,reloc    ] GC(230) y: Age Table:
[22.639s][info][gc,reloc    ] GC(230) y:                    Live             Garbage             Small              Medium             Large        
[22.639s][info][gc,reloc    ] GC(230) y: Eden               0M (0%)          833M (81%)          1 / 0             26 / 0              0 / 0        
[22.639s][info][gc,reloc    ] GC(230) y: Survivor 1          -                34M (3%)           1 / 0              1 / 0              0 / 0        
[22.639s][info][gc,heap     ] GC(230) y: Min Capacity: 8M(1%)
[22.639s][info][gc,heap     ] GC(230) y: Max Capacity: 1024M(100%)
[22.639s][info][gc,heap     ] GC(230) y: Soft Max Capacity: 1024M(100%)
[22.639s][info][gc,heap     ] GC(230) y: Heap Statistics:
[22.639s][info][gc,heap     ] GC(230) y:                Mark Start          Mark End        Relocate Start      Relocate End           High               Low         
[22.639s][info][gc,heap     ] GC(230) y:  Capacity:     1024M (100%)       1024M (100%)       1024M (100%)       1024M (100%)       1024M (100%)       1024M (100%)   
[22.639s][info][gc,heap     ] GC(230) y:      Free:      116M (11%)          82M (8%)          916M (89%)         916M (89%)         916M (89%)          82M (8%)     
[22.639s][info][gc,heap     ] GC(230) y:      Used:      908M (89%)         942M (92%)         108M (11%)         108M (11%)         942M (92%)         108M (11%)    
[22.639s][info][gc,heap     ] GC(230) y: Young Generation Statistics:
[22.639s][info][gc,heap     ] GC(230) y:                Mark Start          Mark End        Relocate Start      Relocate End    
[22.639s][info][gc,heap     ] GC(230) y:      Used:      868M (85%)         902M (88%)          68M (7%)           68M (7%)     
[22.639s][info][gc,heap     ] GC(230) y:      Live:         -                 0M (0%)            0M (0%)            0M (0%)     
[22.639s][info][gc,heap     ] GC(230) y:   Garbage:         -               867M (85%)          33M (3%)           33M (3%)     
[22.639s][info][gc,heap     ] GC(230) y: Allocated:         -                34M (3%)           34M (3%)           34M (3%)     
[22.639s][info][gc,heap     ] GC(230) y: Reclaimed:         -                  -               834M (81%)         834M (81%)    
[22.639s][info][gc,heap     ] GC(230) y:  Promoted:         -                  -                 0M (0%)            0M (0%)     
[22.639s][info][gc,heap     ] GC(230) y: Compacted:         -                  -                  -                 0M (0%)     
[22.639s][info][gc,phases   ] GC(230) y: Young Generation 908M(89%)->108M(11%) 0.003s
[22.639s][info][gc          ] GC(230) Minor Collection (Allocation Rate) 908M(89%)->108M(11%) 0.003s
[22.707s][info][gc          ] GC(231) Minor Collection (Allocation Rate)
[22.707s][info][gc,task     ] GC(231) Using 2 Workers for Young Generation
[22.707s][info][gc,phases   ] GC(231) y: Young Generation
[22.707s][info][gc,phases   ] GC(231) y: Pause Mark Start 0.005ms
[22.708s][info][gc,phases   ] GC(231) y: Concurrent Mark 1.417ms
[22.708s][info][gc,phases   ] GC(231) y: Pause Mark End 0.005ms
[22.709s][info][gc,phases   ] GC(231) y: Concurrent Mark Free 0.000ms
[22.709s][info][gc,phases   ] GC(231) y: Concurrent Reset Relocation Set 0.000ms
[22.710s][info][gc,reloc    ] GC(231) y: Using tenuring threshold: 1 (Computed)
[22.710s][info][gc,phases   ] GC(231) y: Concurrent Select Relocation Set 1.032ms
[22.710s][info][gc,phases   ] GC(231) y: Pause Relocate Start 0.004ms
[22.710s][info][gc,phases   ] GC(231) y: Concurrent Relocate 0.017ms
[22.710s][info][gc,alloc    ] GC(231) y:                         Mark Start        Mark End      Relocate Start    Relocate End   
[22.710s][info][gc,alloc    ] GC(231) y: Allocation Stalls:          0                0                0                0         
[22.710s][info][gc,load     ] GC(231) y: Load: 3.00 (30%) / 3.04 (30%) / 3.14 (31%)
[22.710s][info][gc,mmu      ] GC(231) y: MMU: 2ms/99.0%, 5ms/99.5%, 10ms/99.7%, 20ms/99.7%, 50ms/99.8%, 100ms/99.9%
[22.710s][info][gc,marking  ] GC(231) y: Mark: 2 stripe(s), 2 proactive flush(es), 1 terminate flush(es), 0 completion(s), 0 continuation(s) 
[22.710s][info][gc,marking  ] GC(231) y: Mark Stack Usage: 32M
[22.710s][info][gc,nmethod  ] GC(231) y: NMethods: 1586 registered, 168 unregistered
[22.710s][info][gc,metaspace] GC(231) y: Metaspace: 9M used, 10M committed, 1088M reserved
[22.710s][info][gc,reloc    ] GC(231) y:                        Candidates     Selected     In-Place         Size        Empty    Relocated 
[22.710s][info][gc,reloc    ] GC(231) y: Small Pages:                    2            0            0           4M           2M           0M 
[22.710s][info][gc,reloc    ] GC(231) y: Medium Pages:                  27            0            0         864M         832M           0M 
[22.710s][info][gc,reloc    ] GC(231) y: Large Pages:                    0            0            0           0M           0M           0M 
[22.710s][info][gc,reloc    ] GC(231) y: Forwarding Usage: 0M
[22.710s][info][gc,reloc    ] GC(231) y: Age Table:
[22.710s][info][gc,reloc    ] GC(231) y:                    Live             Garbage             Small              Medium             Large        
[22.710s][info][gc,reloc    ] GC(231) y: Eden               0M (0%)          833M (81%)          1 / 0             26 / 0              0 / 0        
[22.710s][info][gc,reloc    ] GC(231) y: Survivor 1          -                34M (3%)           1 / 0              1 / 0              0 / 0        
[22.710s][info][gc,heap     ] GC(231) y: Min Capacity: 8M(1%)
[22.710s][info][gc,heap     ] GC(231) y: Max Capacity: 1024M(100%)
[22.710s][info][gc,heap     ] GC(231) y: Soft Max Capacity: 1024M(100%)
[22.710s][info][gc,heap     ] GC(231) y: Heap Statistics:
[22.710s][info][gc,heap     ] GC(231) y:                Mark Start          Mark End        Relocate Start      Relocate End           High               Low         
[22.710s][info][gc,heap     ] GC(231) y:  Capacity:     1024M (100%)       1024M (100%)       1024M (100%)       1024M (100%)       1024M (100%)       1024M (100%)   
[22.710s][info][gc,heap     ] GC(231) y:      Free:      116M (11%)          82M (8%)          916M (89%)         916M (89%)         916M (89%)          82M (8%)     
[22.710s][info][gc,heap     ] GC(231) y:      Used:      908M (89%)         942M (92%)         108M (11%)         108M (11%)         942M (92%)         108M (11%)    
[22.710s][info][gc,heap     ] GC(231) y: Young Generation Statistics:
[22.710s][info][gc,heap     ] GC(231) y:                Mark Start          Mark End        Relocate Start      Relocate End    
[22.710s][info][gc,heap     ] GC(231) y:      Used:      868M (85%)         902M (88%)          68M (7%)           68M (7%)     
[22.710s][info][gc,heap     ] GC(231) y:      Live:         -                 0M (0%)            0M (0%)            0M (0%)     
[22.710s][info][gc,heap     ] GC(231) y:   Garbage:         -               867M (85%)          33M (3%)           33M (3%)     
[22.710s][info][gc,heap     ] GC(231) y: Allocated:         -                34M (3%)           34M (3%)           34M (3%)     
[22.710s][info][gc,heap     ] GC(231) y: Reclaimed:         -                  -               834M (81%)         834M (81%)    
[22.710s][info][gc,heap     ] GC(231) y:  Promoted:         -                  -                 0M (0%)            0M (0%)     
[22.710s][info][gc,heap     ] GC(231) y: Compacted:         -                  -                  -                 0M (0%)     
[22.710s][info][gc,phases   ] GC(231) y: Young Generation 908M(89%)->108M(11%) 0.003s
[22.710s][info][gc          ] GC(231) Minor Collection (Allocation Rate) 908M(89%)->108M(11%) 0.003s
[22.781s][info][gc          ] GC(232) Minor Collection (Allocation Rate)
[22.781s][info][gc,task     ] GC(232) Using 3 Workers for Young Generation
[22.781s][info][gc,phases   ] GC(232) y: Young Generation
[22.781s][info][gc,phases   ] GC(232) y: Pause Mark Start 0.004ms
[22.782s][info][gc,phases   ] GC(232) y: Concurrent Mark 0.860ms
[22.782s][info][gc,phases   ] GC(232) y: Pause Mark End 0.005ms
[22.782s][info][gc,phases   ] GC(232) y: Concurrent Mark Free 0.000ms
[22.782s][info][gc,phases   ] GC(232) y: Concurrent Reset Relocation Set 0.000ms
[22.783s][info][gc,reloc    ] GC(232) y: Using tenuring threshold: 1 (Computed)
[22.784s][info][gc,phases   ] GC(232) y: Concurrent Select Relocation Set 1.127ms
[22.784s][info][gc,phases   ] GC(232) y: Pause Relocate Start 0.004ms
[22.784s][info][gc,phases   ] GC(232) y: Concurrent Relocate 0.032ms
[22.784s][info][gc,alloc    ] GC(232) y:                         Mark Start        Mark End      Relocate Start    Relocate End   
[22.784s][info][gc,alloc    ] GC(232) y: Allocation Stalls:          0                0                0                0         
[22.784s][info][gc,load     ] GC(232) y: Load: 3.00 (30%) / 3.04 (30%) / 3.14 (31%)
[22.784s][info][gc,mmu      ] GC(232) y: MMU: 2ms/99.0%, 5ms/99.5%, 10ms/99.7%, 20ms/99.7%, 50ms/99.8%, 100ms/99.9%
[22.784s][info][gc,marking  ] GC(232) y: Mark: 2 stripe(s), 2 proactive flush(es), 1 terminate flush(es), 0 completion(s), 0 continuation(s) 
[22.784s][info][gc,marking  ] GC(232) y: Mark Stack Usage: 32M
[22.784s][info][gc,nmethod  ] GC(232) y: NMethods: 1586 registered, 168 unregistered
[22.784s][info][gc,metaspace] GC(232) y: Metaspace: 9M used, 10M committed, 1088M reserved
[22.784s][info][gc,reloc    ] GC(232) y:                        Candidates     Selected     In-Place         Size        Empty    Relocated 
[22.784s][info][gc,reloc    ] GC(232) y: Small Pages:                    2            0            0           4M           2M           0M 
[22.784s][info][gc,reloc    ] GC(232) y: Medium Pages:                  28            0            0         896M         864M           0M 
[22.784s][info][gc,reloc    ] GC(232) y: Large Pages:                    0            0            0           0M           0M           0M 
[22.784s][info][gc,reloc    ] GC(232) y: Forwarding Usage: 0M
[22.784s][info][gc,reloc    ] GC(232) y: Age Table:
[22.784s][info][gc,reloc    ] GC(232) y:                    Live             Garbage             Small              Medium             Large        
[22.784s][info][gc,reloc    ] GC(232) y: Eden               0M (0%)          865M (84%)          1 / 0             27 / 0              0 / 0        
[22.784s][info][gc,reloc    ] GC(232) y: Survivor 1          -                34M (3%)           1 / 0              1 / 0              0 / 0        
[22.784s][info][gc,heap     ] GC(232) y: Min Capacity: 8M(1%)
[22.784s][info][gc,heap     ] GC(232) y: Max Capacity: 1024M(100%)
[22.784s][info][gc,heap     ] GC(232) y: Soft Max Capacity: 1024M(100%)
[22.784s][info][gc,heap     ] GC(232) y: Heap Statistics:
[22.784s][info][gc,heap     ] GC(232) y:                Mark Start          Mark End        Relocate Start      Relocate End           High               Low         
[22.784s][info][gc,heap     ] GC(232) y:  Capacity:     1024M (100%)       1024M (100%)       1024M (100%)       1024M (100%)       1024M (100%)       1024M (100%)   
[22.784s][info][gc,heap     ] GC(232) y:      Free:       84M (8%)           50M (5%)          916M (89%)         916M (89%)         916M (89%)          50M (5%)     
[22.784s][info][gc,heap     ] GC(232) y:      Used:      940M (92%)         974M (95%)         108M (11%)         108M (11%)         974M (95%)         108M (11%)    
[22.784s][info][gc,heap     ] GC(232) y: Young Generation Statistics:
[22.784s][info][gc,heap     ] GC(232) y:                Mark Start          Mark End        Relocate Start      Relocate End    
[22.784s][info][gc,heap     ] GC(232) y:      Used:      900M (88%)         934M (91%)          68M (7%)           68M (7%)     
[22.784s][info][gc,heap     ] GC(232) y:      Live:         -                 0M (0%)            0M (0%)            0M (0%)     
[22.784s][info][gc,heap     ] GC(232) y:   Garbage:         -               899M (88%)          33M (3%)           33M (3%)     
[22.784s][info][gc,heap     ] GC(232) y: Allocated:         -                34M (3%)           34M (3%)           34M (3%)     
[22.784s][info][gc,heap     ] GC(232) y: Reclaimed:         -                  -               866M (85%)         866M (85%)    
[22.784s][info][gc,heap     ] GC(232) y:  Promoted:         -                  -                 0M (0%)            0M (0%)     
[22.784s][info][gc,heap     ] GC(232) y: Compacted:         -                  -                  -                 0M (0%)     
[22.784s][info][gc,phases   ] GC(232) y: Young Generation 940M(92%)->108M(11%) 0.002s
[22.784s][info][gc          ] GC(232) Minor Collection (Allocation Rate) 940M(92%)->108M(11%) 0.003s
[22.849s][info][gc          ] GC(233) Minor Collection (Allocation Rate)
[22.849s][info][gc,task     ] GC(233) Using 1 Workers for Young Generation
[22.849s][info][gc,phases   ] GC(233) y: Young Generation
[22.849s][info][gc,phases   ] GC(233) y: Pause Mark Start 0.005ms
[22.851s][info][gc,phases   ] GC(233) y: Concurrent Mark 2.286ms
[22.851s][info][gc,phases   ] GC(233) y: Pause Mark End 0.010ms
[22.851s][info][gc,phases   ] GC(233) y: Concurrent Mark Free 0.000ms
[22.851s][info][gc,phases   ] GC(233) y: Concurrent Reset Relocation Set 0.000ms
[22.852s][info][gc,reloc    ] GC(233) y: Using tenuring threshold: 1 (Computed)
[22.852s][info][gc,phases   ] GC(233) y: Concurrent Select Relocation Set 1.103ms
[22.852s][info][gc,phases   ] GC(233) y: Pause Relocate Start 0.008ms
[22.853s][info][gc,phases   ] GC(233) y: Concurrent Relocate 0.034ms
[22.853s][info][gc,alloc    ] GC(233) y:                         Mark Start        Mark End      Relocate Start    Relocate End   
[22.853s][info][gc,alloc    ] GC(233) y: Allocation Stalls:          0                0                0                0         
[22.853s][info][gc,load     ] GC(233) y: Load: 3.00 (30%) / 3.04 (30%) / 3.14 (31%)
[22.853s][info][gc,mmu      ] GC(233) y: MMU: 2ms/99.0%, 5ms/99.5%, 10ms/99.7%, 20ms/99.7%, 50ms/99.8%, 100ms/99.9%
[22.853s][info][gc,marking  ] GC(233) y: Mark: 1 stripe(s), 2 proactive flush(es), 1 terminate flush(es), 0 completion(s), 0 continuation(s) 
[22.853s][info][gc,marking  ] GC(233) y: Mark Stack Usage: 32M
[22.853s][info][gc,nmethod  ] GC(233) y: NMethods: 1586 registered, 168 unregistered
[22.853s][info][gc,metaspace] GC(233) y: Metaspace: 9M used, 10M committed, 1088M reserved
[22.853s][info][gc,reloc    ] GC(233) y:                        Candidates     Selected     In-Place         Size        Empty    Relocated 
[22.853s][info][gc,reloc    ] GC(233) y: Small Pages:                    2            0            0           4M           2M           0M 
[22.853s][info][gc,reloc    ] GC(233) y: Medium Pages:                  26            0            0         832M         800M           0M 
[22.853s][info][gc,reloc    ] GC(233) y: Large Pages:                    0            0            0           0M           0M           0M 
[22.853s][info][gc,reloc    ] GC(233) y: Forwarding Usage: 0M
[22.853s][info][gc,reloc    ] GC(233) y: Age Table:
[22.853s][info][gc,reloc    ] GC(233) y:                    Live             Garbage             Small              Medium             Large        
[22.853s][info][gc,reloc    ] GC(233) y: Eden               0M (0%)          801M (78%)          1 / 0             25 / 0              0 / 0        
[22.853s][info][gc,reloc    ] GC(233) y: Survivor 1          -                34M (3%)           1 / 0              1 / 0              0 / 0        
[22.853s][info][gc,heap     ] GC(233) y: Min Capacity: 8M(1%)
[22.853s][info][gc,heap     ] GC(233) y: Max Capacity: 1024M(100%)
[22.853s][info][gc,heap     ] GC(233) y: Soft Max Capacity: 1024M(100%)
[22.853s][info][gc,heap     ] GC(233) y: Heap Statistics:
[22.853s][info][gc,heap     ] GC(233) y:                Mark Start          Mark End        Relocate Start      Relocate End           High               Low         
[22.853s][info][gc,heap     ] GC(233) y:  Capacity:     1024M (100%)       1024M (100%)       1024M (100%)       1024M (100%)       1024M (100%)       1024M (100%)   
[22.853s][info][gc,heap     ] GC(233) y:      Free:      148M (14%)         114M (11%)         884M (86%)         884M (86%)         884M (86%)          82M (8%)     
[22.853s][info][gc,heap     ] GC(233) y:      Used:      876M (86%)         910M (89%)         140M (14%)         140M (14%)         942M (92%)         140M (14%)    
[22.853s][info][gc,heap     ] GC(233) y: Young Generation Statistics:
[22.853s][info][gc,heap     ] GC(233) y:                Mark Start          Mark End        Relocate Start      Relocate End    
[22.853s][info][gc,heap     ] GC(233) y:      Used:      836M (82%)         870M (85%)         100M (10%)         100M (10%)    
[22.853s][info][gc,heap     ] GC(233) y:      Live:         -                 0M (0%)            0M (0%)            0M (0%)     
[22.853s][info][gc,heap     ] GC(233) y:   Garbage:         -               835M (82%)          33M (3%)           33M (3%)     
[22.853s][info][gc,heap     ] GC(233) y: Allocated:         -                34M (3%)           66M (6%)           66M (6%)     
[22.853s][info][gc,heap     ] GC(233) y: Reclaimed:         -                  -               802M (78%)         802M (78%)    
[22.853s][info][gc,heap     ] GC(233) y:  Promoted:         -                  -                 0M (0%)            0M (0%)     
[22.853s][info][gc,heap     ] GC(233) y: Compacted:         -                  -                  -                 0M (0%)     
[22.853s][info][gc,phases   ] GC(233) y: Young Generation 876M(86%)->140M(14%) 0.004s
[22.853s][info][gc          ] GC(233) Minor Collection (Allocation Rate) 876M(86%)->140M(14%) 0.004s
[22.922s][info][gc          ] GC(234) Minor Collection (Allocation Rate)
[22.922s][info][gc,task     ] GC(234) Using 3 Workers for Young Generation
[22.922s][info][gc,phases   ] GC(234) y: Young Generation
[22.922s][info][gc,phases   ] GC(234) y: Pause Mark Start 0.004ms
[22.923s][info][gc,phases   ] GC(234) y: Concurrent Mark 1.028ms
[22.923s][info][gc,phases   ] GC(234) y: Pause Mark End 0.005ms
[22.923s][info][gc,phases   ] GC(234) y: Concurrent Mark Free 0.000ms
[22.923s][info][gc,phases   ] GC(234) y: Concurrent Reset Relocation Set 0.000ms
[22.924s][info][gc,reloc    ] GC(234) y: Using tenuring threshold: 1 (Computed)
[22.924s][info][gc,phases   ] GC(234) y: Concurrent Select Relocation Set 1.012ms
[22.924s][info][gc,phases   ] GC(234) y: Pause Relocate Start 0.003ms
[22.924s][info][gc,phases   ] GC(234) y: Concurrent Relocate 0.044ms
[22.924s][info][gc,alloc    ] GC(234) y:                         Mark Start        Mark End      Relocate Start    Relocate End   
[22.924s][info][gc,alloc    ] GC(234) y: Allocation Stalls:          0                0                0                0         
[22.924s][info][gc,load     ] GC(234) y: Load: 3.00 (30%) / 3.04 (30%) / 3.14 (31%)
[22.924s][info][gc,mmu      ] GC(234) y: MMU: 2ms/99.0%, 5ms/99.5%, 10ms/99.7%, 20ms/99.7%, 50ms/99.8%, 100ms/99.9%
[22.924s][info][gc,marking  ] GC(234) y: Mark: 2 stripe(s), 2 proactive flush(es), 1 terminate flush(es), 0 completion(s), 0 continuation(s) 
[22.924s][info][gc,marking  ] GC(234) y: Mark Stack Usage: 32M
[22.924s][info][gc,nmethod  ] GC(234) y: NMethods: 1586 registered, 168 unregistered
[22.924s][info][gc,metaspace] GC(234) y: Metaspace: 9M used, 10M committed, 1088M reserved
[22.924s][info][gc,reloc    ] GC(234) y:                        Candidates     Selected     In-Place         Size        Empty    Relocated 
[22.924s][info][gc,reloc    ] GC(234) y: Small Pages:                    2            0            0           4M           2M           0M 
[22.924s][info][gc,reloc    ] GC(234) y: Medium Pages:                  28            0            0         896M         864M           0M 
[22.924s][info][gc,reloc    ] GC(234) y: Large Pages:                    0            0            0           0M           0M           0M 
[22.924s][info][gc,reloc    ] GC(234) y: Forwarding Usage: 0M
[22.924s][info][gc,reloc    ] GC(234) y: Age Table:
[22.924s][info][gc,reloc    ] GC(234) y:                    Live             Garbage             Small              Medium             Large        
[22.924s][info][gc,reloc    ] GC(234) y: Eden               0M (0%)          865M (85%)          1 / 0             27 / 0              0 / 0        
[22.924s][info][gc,reloc    ] GC(234) y: Survivor 1          -                34M (3%)           1 / 0              1 / 0              0 / 0        
[22.924s][info][gc,heap     ] GC(234) y: Min Capacity: 8M(1%)
[22.924s][info][gc,heap     ] GC(234) y: Max Capacity: 1024M(100%)
[22.924s][info][gc,heap     ] GC(234) y: Soft Max Capacity: 1024M(100%)
[22.924s][info][gc,heap     ] GC(234) y: Heap Statistics:
[22.924s][info][gc,heap     ] GC(234) y:                Mark Start          Mark End        Relocate Start      Relocate End           High               Low         
[22.924s][info][gc,heap     ] GC(234) y:  Capacity:     1024M (100%)       1024M (100%)       1024M (100%)       1024M (100%)       1024M (100%)       1024M (100%)   
[22.924s][info][gc,heap     ] GC(234) y:      Free:       84M (8%)           50M (5%)          916M (89%)         916M (89%)         916M (89%)          50M (5%)     
[22.924s][info][gc,heap     ] GC(234) y:      Used:      940M (92%)         974M (95%)         108M (11%)         108M (11%)         974M (95%)         108M (11%)    
[22.924s][info][gc,heap     ] GC(234) y: Young Generation Statistics:
[22.924s][info][gc,heap     ] GC(234) y:                Mark Start          Mark End        Relocate Start      Relocate End    
[22.924s][info][gc,heap     ] GC(234) y:      Used:      900M (88%)         934M (91%)          68M (7%)           68M (7%)     
[22.924s][info][gc,heap     ] GC(234) y:      Live:         -                 0M (0%)            0M (0%)            0M (0%)     
[22.924s][info][gc,heap     ] GC(234) y:   Garbage:         -               899M (88%)          33M (3%)           33M (3%)     
[22.924s][info][gc,heap     ] GC(234) y: Allocated:         -                34M (3%)           34M (3%)           34M (3%)     
[22.924s][info][gc,heap     ] GC(234) y: Reclaimed:         -                  -               866M (85%)         866M (85%)    
[22.924s][info][gc,heap     ] GC(234) y:  Promoted:         -                  -                 0M (0%)            0M (0%)     
[22.924s][info][gc,heap     ] GC(234) y: Compacted:         -                  -                  -                 0M (0%)     
[22.924s][info][gc,phases   ] GC(234) y: Young Generation 940M(92%)->108M(11%) 0.002s
[22.924s][info][gc          ] GC(234) Minor Collection (Allocation Rate) 940M(92%)->108M(11%) 0.002s
[22.986s][info][gc          ] GC(235) Minor Collection (Allocation Rate)
[22.986s][info][gc,task     ] GC(235) Using 1 Workers for Young Generation
[22.986s][info][gc,phases   ] GC(235) y: Young Generation
[22.986s][info][gc,phases   ] GC(235) y: Pause Mark Start 0.004ms
[22.988s][info][gc,phases   ] GC(235) y: Concurrent Mark 2.008ms
[22.988s][info][gc,phases   ] GC(235) y: Pause Mark End 0.006ms
[22.989s][info][gc,phases   ] GC(235) y: Concurrent Mark Free 0.000ms
[22.989s][info][gc,phases   ] GC(235) y: Concurrent Reset Relocation Set 0.001ms
[22.990s][info][gc,reloc    ] GC(235) y: Using tenuring threshold: 1 (Computed)
[22.990s][info][gc,phases   ] GC(235) y: Concurrent Select Relocation Set 1.120ms
[22.990s][info][gc,phases   ] GC(235) y: Pause Relocate Start 0.005ms
[22.990s][info][gc,phases   ] GC(235) y: Concurrent Relocate 0.017ms
[22.990s][info][gc,alloc    ] GC(235) y:                         Mark Start        Mark End      Relocate Start    Relocate End   
[22.990s][info][gc,alloc    ] GC(235) y: Allocation Stalls:          0                0                0                0         
[22.990s][info][gc,load     ] GC(235) y: Load: 3.00 (30%) / 3.04 (30%) / 3.14 (31%)
[22.990s][info][gc,mmu      ] GC(235) y: MMU: 2ms/99.0%, 5ms/99.5%, 10ms/99.7%, 20ms/99.7%, 50ms/99.8%, 100ms/99.9%
[22.990s][info][gc,marking  ] GC(235) y: Mark: 1 stripe(s), 2 proactive flush(es), 1 terminate flush(es), 0 completion(s), 0 continuation(s) 
[22.990s][info][gc,marking  ] GC(235) y: Mark Stack Usage: 32M
[22.990s][info][gc,nmethod  ] GC(235) y: NMethods: 1586 registered, 168 unregistered
[22.990s][info][gc,metaspace] GC(235) y: Metaspace: 9M used, 10M committed, 1088M reserved
[22.990s][info][gc,reloc    ] GC(235) y:                        Candidates     Selected     In-Place         Size        Empty    Relocated 
[22.990s][info][gc,reloc    ] GC(235) y: Small Pages:                    2            0            0           4M           2M           0M 
[22.990s][info][gc,reloc    ] GC(235) y: Medium Pages:                  25            0            0         800M         768M           0M 
[22.990s][info][gc,reloc    ] GC(235) y: Large Pages:                    0            0            0           0M           0M           0M 
[22.990s][info][gc,reloc    ] GC(235) y: Forwarding Usage: 0M
[22.990s][info][gc,reloc    ] GC(235) y: Age Table:
[22.990s][info][gc,reloc    ] GC(235) y:                    Live             Garbage             Small              Medium             Large        
[22.990s][info][gc,reloc    ] GC(235) y: Eden               0M (0%)          769M (75%)          1 / 0             24 / 0              0 / 0        
[22.990s][info][gc,reloc    ] GC(235) y: Survivor 1          -                34M (3%)           1 / 0              1 / 0              0 / 0        
[22.990s][info][gc,heap     ] GC(235) y: Min Capacity: 8M(1%)
[22.990s][info][gc,heap     ] GC(235) y: Max Capacity: 1024M(100%)
[22.990s][info][gc,heap     ] GC(235) y: Soft Max Capacity: 1024M(100%)
[22.990s][info][gc,heap     ] GC(235) y: Heap Statistics:
[22.990s][info][gc,heap     ] GC(235) y:                Mark Start          Mark End        Relocate Start      Relocate End           High               Low         
[22.990s][info][gc,heap     ] GC(235) y:  Capacity:     1024M (100%)       1024M (100%)       1024M (100%)       1024M (100%)       1024M (100%)       1024M (100%)   
[22.990s][info][gc,heap     ] GC(235) y:      Free:      180M (18%)         146M (14%)         884M (86%)         884M (86%)         884M (86%)         114M (11%)    
[22.990s][info][gc,heap     ] GC(235) y:      Used:      844M (82%)         878M (86%)         140M (14%)         140M (14%)         910M (89%)         140M (14%)    
[22.990s][info][gc,heap     ] GC(235) y: Young Generation Statistics:
[22.990s][info][gc,heap     ] GC(235) y:                Mark Start          Mark End        Relocate Start      Relocate End    
[22.990s][info][gc,heap     ] GC(235) y:      Used:      804M (79%)         838M (82%)         100M (10%)         100M (10%)    
[22.990s][info][gc,heap     ] GC(235) y:      Live:         -                 0M (0%)            0M (0%)            0M (0%)     
[22.990s][info][gc,heap     ] GC(235) y:   Garbage:         -               803M (78%)          33M (3%)           33M (3%)     
[22.990s][info][gc,heap     ] GC(235) y: Allocated:         -                34M (3%)           66M (6%)           66M (6%)     
[22.990s][info][gc,heap     ] GC(235) y: Reclaimed:         -                  -               770M (75%)         770M (75%)    
[22.990s][info][gc,heap     ] GC(235) y:  Promoted:         -                  -                 0M (0%)            0M (0%)     
[22.990s][info][gc,heap     ] GC(235) y: Compacted:         -                  -                  -                 0M (0%)     
[22.990s][info][gc,phases   ] GC(235) y: Young Generation 844M(82%)->140M(14%) 0.003s
[22.990s][info][gc          ] GC(235) Minor Collection (Allocation Rate) 844M(82%)->140M(14%) 0.004s
[23.051s][info][gc          ] GC(236) Minor Collection (Allocation Rate)
[23.051s][info][gc,task     ] GC(236) Using 1 Workers for Young Generation
[23.051s][info][gc,phases   ] GC(236) y: Young Generation
[23.051s][info][gc,phases   ] GC(236) y: Pause Mark Start 0.004ms
[23.054s][info][gc,phases   ] GC(236) y: Concurrent Mark 2.752ms
[23.054s][info][gc,phases   ] GC(236) y: Pause Mark End 0.006ms
[23.054s][info][gc,phases   ] GC(236) y: Concurrent Mark Free 0.000ms
[23.054s][info][gc,phases   ] GC(236) y: Concurrent Reset Relocation Set 0.000ms
[23.055s][info][gc,reloc    ] GC(236) y: Using tenuring threshold: 1 (Computed)
[23.055s][info][gc,phases   ] GC(236) y: Concurrent Select Relocation Set 1.095ms
[23.055s][info][gc,phases   ] GC(236) y: Pause Relocate Start 0.004ms
[23.055s][info][gc,phases   ] GC(236) y: Concurrent Relocate 0.033ms
[23.055s][info][gc,alloc    ] GC(236) y:                         Mark Start        Mark End      Relocate Start    Relocate End   
[23.055s][info][gc,alloc    ] GC(236) y: Allocation Stalls:          0                0                0                0         
[23.055s][info][gc,load     ] GC(236) y: Load: 3.00 (30%) / 3.04 (30%) / 3.14 (31%)
[23.055s][info][gc,mmu      ] GC(236) y: MMU: 2ms/99.0%, 5ms/99.5%, 10ms/99.7%, 20ms/99.7%, 50ms/99.8%, 100ms/99.9%
[23.055s][info][gc,marking  ] GC(236) y: Mark: 1 stripe(s), 2 proactive flush(es), 1 terminate flush(es), 0 completion(s), 0 continuation(s) 
[23.055s][info][gc,marking  ] GC(236) y: Mark Stack Usage: 32M
[23.055s][info][gc,nmethod  ] GC(236) y: NMethods: 1586 registered, 168 unregistered
[23.055s][info][gc,metaspace] GC(236) y: Metaspace: 9M used, 10M committed, 1088M reserved
[23.055s][info][gc,reloc    ] GC(236) y:                        Candidates     Selected     In-Place         Size        Empty    Relocated 
[23.055s][info][gc,reloc    ] GC(236) y: Small Pages:                    2            0            0           4M           2M           0M 
[23.055s][info][gc,reloc    ] GC(236) y: Medium Pages:                  25            0            0         800M         768M           0M 
[23.055s][info][gc,reloc    ] GC(236) y: Large Pages:                    0            0            0           0M           0M           0M 
[23.055s][info][gc,reloc    ] GC(236) y: Forwarding Usage: 0M
[23.055s][info][gc,reloc    ] GC(236) y: Age Table:
[23.055s][info][gc,reloc    ] GC(236) y:                    Live             Garbage             Small              Medium             Large        
[23.055s][info][gc,reloc    ] GC(236) y: Eden               0M (0%)          769M (75%)          1 / 0             24 / 0              0 / 0        
[23.055s][info][gc,reloc    ] GC(236) y: Survivor 1          -                34M (3%)           1 / 0              1 / 0              0 / 0        
[23.055s][info][gc,heap     ] GC(236) y: Min Capacity: 8M(1%)
[23.055s][info][gc,heap     ] GC(236) y: Max Capacity: 1024M(100%)
[23.055s][info][gc,heap     ] GC(236) y: Soft Max Capacity: 1024M(100%)
[23.055s][info][gc,heap     ] GC(236) y: Heap Statistics:
[23.055s][info][gc,heap     ] GC(236) y:                Mark Start          Mark End        Relocate Start      Relocate End           High               Low         
[23.055s][info][gc,heap     ] GC(236) y:  Capacity:     1024M (100%)       1024M (100%)       1024M (100%)       1024M (100%)       1024M (100%)       1024M (100%)   
[23.055s][info][gc,heap     ] GC(236) y:      Free:      180M (18%)         146M (14%)         884M (86%)         884M (86%)         884M (86%)         114M (11%)    
[23.055s][info][gc,heap     ] GC(236) y:      Used:      844M (82%)         878M (86%)         140M (14%)         140M (14%)         910M (89%)         140M (14%)    
[23.055s][info][gc,heap     ] GC(236) y: Young Generation Statistics:
[23.055s][info][gc,heap     ] GC(236) y:                Mark Start          Mark End        Relocate Start      Relocate End    
[23.055s][info][gc,heap     ] GC(236) y:      Used:      804M (79%)         838M (82%)         100M (10%)         100M (10%)    
[23.055s][info][gc,heap     ] GC(236) y:      Live:         -                 0M (0%)            0M (0%)            0M (0%)     
[23.055s][info][gc,heap     ] GC(236) y:   Garbage:         -               803M (78%)          33M (3%)           33M (3%)     
[23.055s][info][gc,heap     ] GC(236) y: Allocated:         -                34M (3%)           66M (6%)           66M (6%)     
[23.055s][info][gc,heap     ] GC(236) y: Reclaimed:         -                  -               770M (75%)         770M (75%)    
[23.055s][info][gc,heap     ] GC(236) y:  Promoted:         -                  -                 0M (0%)            0M (0%)     
[23.055s][info][gc,heap     ] GC(236) y: Compacted:         -                  -                  -                 0M (0%)     
[23.055s][info][gc,phases   ] GC(236) y: Young Generation 844M(82%)->140M(14%) 0.004s
[23.055s][info][gc          ] GC(236) Minor Collection (Allocation Rate) 844M(82%)->140M(14%) 0.004s
[23.124s][info][gc          ] GC(237) Minor Collection (Allocation Rate)
[23.124s][info][gc,task     ] GC(237) Using 3 Workers for Young Generation
[23.124s][info][gc,phases   ] GC(237) y: Young Generation
[23.124s][info][gc,phases   ] GC(237) y: Pause Mark Start 0.005ms
[23.125s][info][gc,phases   ] GC(237) y: Concurrent Mark 0.972ms
[23.125s][info][gc,phases   ] GC(237) y: Pause Mark End 0.005ms
[23.125s][info][gc,phases   ] GC(237) y: Concurrent Mark Free 0.000ms
[23.125s][info][gc,phases   ] GC(237) y: Concurrent Reset Relocation Set 0.000ms
[23.126s][info][gc,reloc    ] GC(237) y: Using tenuring threshold: 1 (Computed)
[23.126s][info][gc,phases   ] GC(237) y: Concurrent Select Relocation Set 1.089ms
[23.126s][info][gc,phases   ] GC(237) y: Pause Relocate Start 0.005ms
[23.127s][info][gc,phases   ] GC(237) y: Concurrent Relocate 0.043ms
[23.127s][info][gc,alloc    ] GC(237) y:                         Mark Start        Mark End      Relocate Start    Relocate End   
[23.127s][info][gc,alloc    ] GC(237) y: Allocation Stalls:          0                0                0                0         
[23.127s][info][gc,load     ] GC(237) y: Load: 3.00 (30%) / 3.04 (30%) / 3.14 (31%)
[23.127s][info][gc,mmu      ] GC(237) y: MMU: 2ms/99.0%, 5ms/99.5%, 10ms/99.7%, 20ms/99.7%, 50ms/99.8%, 100ms/99.9%
[23.127s][info][gc,marking  ] GC(237) y: Mark: 2 stripe(s), 2 proactive flush(es), 1 terminate flush(es), 0 completion(s), 0 continuation(s) 
[23.127s][info][gc,marking  ] GC(237) y: Mark Stack Usage: 32M
[23.127s][info][gc,nmethod  ] GC(237) y: NMethods: 1586 registered, 168 unregistered
[23.127s][info][gc,metaspace] GC(237) y: Metaspace: 9M used, 10M committed, 1088M reserved
[23.127s][info][gc,reloc    ] GC(237) y:                        Candidates     Selected     In-Place         Size        Empty    Relocated 
[23.127s][info][gc,reloc    ] GC(237) y: Small Pages:                    2            0            0           4M           2M           0M 
[23.127s][info][gc,reloc    ] GC(237) y: Medium Pages:                  28            0            0         896M         864M           0M 
[23.127s][info][gc,reloc    ] GC(237) y: Large Pages:                    0            0            0           0M           0M           0M 
[23.127s][info][gc,reloc    ] GC(237) y: Forwarding Usage: 0M
[23.127s][info][gc,reloc    ] GC(237) y: Age Table:
[23.127s][info][gc,reloc    ] GC(237) y:                    Live             Garbage             Small              Medium             Large        
[23.127s][info][gc,reloc    ] GC(237) y: Eden               0M (0%)          865M (85%)          1 / 0             27 / 0              0 / 0        
[23.127s][info][gc,reloc    ] GC(237) y: Survivor 1          -                34M (3%)           1 / 0              1 / 0              0 / 0        
[23.127s][info][gc,heap     ] GC(237) y: Min Capacity: 8M(1%)
[23.127s][info][gc,heap     ] GC(237) y: Max Capacity: 1024M(100%)
[23.127s][info][gc,heap     ] GC(237) y: Soft Max Capacity: 1024M(100%)
[23.127s][info][gc,heap     ] GC(237) y: Heap Statistics:
[23.127s][info][gc,heap     ] GC(237) y:                Mark Start          Mark End        Relocate Start      Relocate End           High               Low         
[23.127s][info][gc,heap     ] GC(237) y:  Capacity:     1024M (100%)       1024M (100%)       1024M (100%)       1024M (100%)       1024M (100%)       1024M (100%)   
[23.127s][info][gc,heap     ] GC(237) y:      Free:       84M (8%)           50M (5%)          916M (89%)         916M (89%)         916M (89%)          50M (5%)     
[23.127s][info][gc,heap     ] GC(237) y:      Used:      940M (92%)         974M (95%)         108M (11%)         108M (11%)         974M (95%)         108M (11%)    
[23.127s][info][gc,heap     ] GC(237) y: Young Generation Statistics:
[23.127s][info][gc,heap     ] GC(237) y:                Mark Start          Mark End        Relocate Start      Relocate End    
[23.127s][info][gc,heap     ] GC(237) y:      Used:      900M (88%)         934M (91%)          68M (7%)           68M (7%)     
[23.127s][info][gc,heap     ] GC(237) y:      Live:         -                 0M (0%)            0M (0%)            0M (0%)     
[23.127s][info][gc,heap     ] GC(237) y:   Garbage:         -               899M (88%)          33M (3%)           33M (3%)     
[23.127s][info][gc,heap     ] GC(237) y: Allocated:         -                34M (3%)           34M (3%)           34M (3%)     
[23.127s][info][gc,heap     ] GC(237) y: Reclaimed:         -                  -               866M (85%)         866M (85%)    
[23.127s][info][gc,heap     ] GC(237) y:  Promoted:         -                  -                 0M (0%)            0M (0%)     
[23.127s][info][gc,heap     ] GC(237) y: Compacted:         -                  -                  -                 0M (0%)     
[23.127s][info][gc,phases   ] GC(237) y: Young Generation 940M(92%)->108M(11%) 0.002s
[23.127s][info][gc          ] GC(237) Minor Collection (Allocation Rate) 940M(92%)->108M(11%) 0.003s
[23.197s][info][gc          ] GC(238) Minor Collection (Allocation Rate)
[23.197s][info][gc,task     ] GC(238) Using 3 Workers for Young Generation
[23.197s][info][gc,phases   ] GC(238) y: Young Generation
[23.197s][info][gc,phases   ] GC(238) y: Pause Mark Start 0.005ms
[23.199s][info][gc,phases   ] GC(238) y: Concurrent Mark 1.026ms
[23.199s][info][gc,phases   ] GC(238) y: Pause Mark End 0.005ms
[23.199s][info][gc,phases   ] GC(238) y: Concurrent Mark Free 0.000ms
[23.199s][info][gc,phases   ] GC(238) y: Concurrent Reset Relocation Set 0.000ms
[23.200s][info][gc,reloc    ] GC(238) y: Using tenuring threshold: 1 (Computed)
[23.200s][info][gc,phases   ] GC(238) y: Concurrent Select Relocation Set 1.065ms
[23.200s][info][gc,phases   ] GC(238) y: Pause Relocate Start 0.005ms
[23.200s][info][gc,phases   ] GC(238) y: Concurrent Relocate 0.052ms
[23.200s][info][gc,alloc    ] GC(238) y:                         Mark Start        Mark End      Relocate Start    Relocate End   
[23.200s][info][gc,alloc    ] GC(238) y: Allocation Stalls:          0                0                0                0         
[23.200s][info][gc,load     ] GC(238) y: Load: 3.00 (30%) / 3.04 (30%) / 3.14 (31%)
[23.200s][info][gc,mmu      ] GC(238) y: MMU: 2ms/99.0%, 5ms/99.5%, 10ms/99.7%, 20ms/99.7%, 50ms/99.8%, 100ms/99.9%
[23.200s][info][gc,marking  ] GC(238) y: Mark: 2 stripe(s), 2 proactive flush(es), 1 terminate flush(es), 0 completion(s), 0 continuation(s) 
[23.200s][info][gc,marking  ] GC(238) y: Mark Stack Usage: 32M
[23.200s][info][gc,nmethod  ] GC(238) y: NMethods: 1586 registered, 168 unregistered
[23.200s][info][gc,metaspace] GC(238) y: Metaspace: 9M used, 10M committed, 1088M reserved
[23.200s][info][gc,reloc    ] GC(238) y:                        Candidates     Selected     In-Place         Size        Empty    Relocated 
[23.200s][info][gc,reloc    ] GC(238) y: Small Pages:                    2            0            0           4M           2M           0M 
[23.200s][info][gc,reloc    ] GC(238) y: Medium Pages:                  28            0            0         896M         864M           0M 
[23.200s][info][gc,reloc    ] GC(238) y: Large Pages:                    0            0            0           0M           0M           0M 
[23.200s][info][gc,reloc    ] GC(238) y: Forwarding Usage: 0M
[23.200s][info][gc,reloc    ] GC(238) y: Age Table:
[23.200s][info][gc,reloc    ] GC(238) y:                    Live             Garbage             Small              Medium             Large        
[23.200s][info][gc,reloc    ] GC(238) y: Eden               0M (0%)          865M (85%)          1 / 0             27 / 0              0 / 0        
[23.200s][info][gc,reloc    ] GC(238) y: Survivor 1          -                34M (3%)           1 / 0              1 / 0              0 / 0        
[23.200s][info][gc,heap     ] GC(238) y: Min Capacity: 8M(1%)
[23.200s][info][gc,heap     ] GC(238) y: Max Capacity: 1024M(100%)
[23.200s][info][gc,heap     ] GC(238) y: Soft Max Capacity: 1024M(100%)
[23.200s][info][gc,heap     ] GC(238) y: Heap Statistics:
[23.200s][info][gc,heap     ] GC(238) y:                Mark Start          Mark End        Relocate Start      Relocate End           High               Low         
[23.200s][info][gc,heap     ] GC(238) y:  Capacity:     1024M (100%)       1024M (100%)       1024M (100%)       1024M (100%)       1024M (100%)       1024M (100%)   
[23.200s][info][gc,heap     ] GC(238) y:      Free:       84M (8%)           50M (5%)          916M (89%)         916M (89%)         916M (89%)          50M (5%)     
[23.200s][info][gc,heap     ] GC(238) y:      Used:      940M (92%)         974M (95%)         108M (11%)         108M (11%)         974M (95%)         108M (11%)    
[23.200s][info][gc,heap     ] GC(238) y: Young Generation Statistics:
[23.200s][info][gc,heap     ] GC(238) y:                Mark Start          Mark End        Relocate Start      Relocate End    
[23.200s][info][gc,heap     ] GC(238) y:      Used:      900M (88%)         934M (91%)          68M (7%)           68M (7%)     
[23.200s][info][gc,heap     ] GC(238) y:      Live:         -                 0M (0%)            0M (0%)            0M (0%)     
[23.200s][info][gc,heap     ] GC(238) y:   Garbage:         -               899M (88%)          33M (3%)           33M (3%)     
[23.200s][info][gc,heap     ] GC(238) y: Allocated:         -                34M (3%)           34M (3%)           34M (3%)     
[23.200s][info][gc,heap     ] GC(238) y: Reclaimed:         -                  -               866M (85%)         866M (85%)    
[23.200s][info][gc,heap     ] GC(238) y:  Promoted:         -                  -                 0M (0%)            0M (0%)     
[23.200s][info][gc,heap     ] GC(238) y: Compacted:         -                  -                  -                 0M (0%)     
[23.200s][info][gc,phases   ] GC(238) y: Young Generation 940M(92%)->108M(11%) 0.003s
[23.200s][info][gc          ] GC(238) Minor Collection (Allocation Rate) 940M(92%)->108M(11%) 0.003s
[23.271s][info][gc          ] GC(239) Minor Collection (Allocation Rate)
[23.271s][info][gc,task     ] GC(239) Using 3 Workers for Young Generation
[23.271s][info][gc,phases   ] GC(239) y: Young Generation
[23.271s][info][gc,phases   ] GC(239) y: Pause Mark Start 0.004ms
[23.272s][info][gc,phases   ] GC(239) y: Concurrent Mark 1.036ms
[23.272s][info][gc,phases   ] GC(239) y: Pause Mark End 0.005ms
[23.272s][info][gc,phases   ] GC(239) y: Concurrent Mark Free 0.000ms
[23.272s][info][gc,phases   ] GC(239) y: Concurrent Reset Relocation Set 0.000ms
[23.273s][info][gc,reloc    ] GC(239) y: Using tenuring threshold: 1 (Computed)
[23.273s][info][gc,phases   ] GC(239) y: Concurrent Select Relocation Set 1.064ms
[23.273s][info][gc,phases   ] GC(239) y: Pause Relocate Start 0.004ms
[23.273s][info][gc,phases   ] GC(239) y: Concurrent Relocate 0.051ms
[23.273s][info][gc,alloc    ] GC(239) y:                         Mark Start        Mark End      Relocate Start    Relocate End   
[23.273s][info][gc,alloc    ] GC(239) y: Allocation Stalls:          0                0                0                0         
[23.273s][info][gc,load     ] GC(239) y: Load: 3.00 (30%) / 3.04 (30%) / 3.14 (31%)
[23.273s][info][gc,mmu      ] GC(239) y: MMU: 2ms/99.0%, 5ms/99.5%, 10ms/99.7%, 20ms/99.7%, 50ms/99.8%, 100ms/99.9%
[23.273s][info][gc,marking  ] GC(239) y: Mark: 2 stripe(s), 2 proactive flush(es), 1 terminate flush(es), 0 completion(s), 0 continuation(s) 
[23.273s][info][gc,marking  ] GC(239) y: Mark Stack Usage: 32M
[23.273s][info][gc,nmethod  ] GC(239) y: NMethods: 1586 registered, 168 unregistered
[23.273s][info][gc,metaspace] GC(239) y: Metaspace: 9M used, 10M committed, 1088M reserved
[23.273s][info][gc,reloc    ] GC(239) y:                        Candidates     Selected     In-Place         Size        Empty    Relocated 
[23.273s][info][gc,reloc    ] GC(239) y: Small Pages:                    2            0            0           4M           2M           0M 
[23.273s][info][gc,reloc    ] GC(239) y: Medium Pages:                  28            0            0         896M         864M           0M 
[23.273s][info][gc,reloc    ] GC(239) y: Large Pages:                    0            0            0           0M           0M           0M 
[23.273s][info][gc,reloc    ] GC(239) y: Forwarding Usage: 0M
[23.273s][info][gc,reloc    ] GC(239) y: Age Table:
[23.273s][info][gc,reloc    ] GC(239) y:                    Live             Garbage             Small              Medium             Large        
[23.273s][info][gc,reloc    ] GC(239) y: Eden               0M (0%)          865M (85%)          1 / 0             27 / 0              0 / 0        
[23.273s][info][gc,reloc    ] GC(239) y: Survivor 1          -                34M (3%)           1 / 0              1 / 0              0 / 0        
[23.273s][info][gc,heap     ] GC(239) y: Min Capacity: 8M(1%)
[23.273s][info][gc,heap     ] GC(239) y: Max Capacity: 1024M(100%)
[23.273s][info][gc,heap     ] GC(239) y: Soft Max Capacity: 1024M(100%)
[23.273s][info][gc,heap     ] GC(239) y: Heap Statistics:
[23.273s][info][gc,heap     ] GC(239) y:                Mark Start          Mark End        Relocate Start      Relocate End           High               Low         
[23.273s][info][gc,heap     ] GC(239) y:  Capacity:     1024M (100%)       1024M (100%)       1024M (100%)       1024M (100%)       1024M (100%)       1024M (100%)   
[23.273s][info][gc,heap     ] GC(239) y:      Free:       84M (8%)           50M (5%)          916M (89%)         916M (89%)         916M (89%)          50M (5%)     
[23.273s][info][gc,heap     ] GC(239) y:      Used:      940M (92%)         974M (95%)         108M (11%)         108M (11%)         974M (95%)         108M (11%)    
[23.273s][info][gc,heap     ] GC(239) y: Young Generation Statistics:
[23.273s][info][gc,heap     ] GC(239) y:                Mark Start          Mark End        Relocate Start      Relocate End    
[23.273s][info][gc,heap     ] GC(239) y:      Used:      900M (88%)         934M (91%)          68M (7%)           68M (7%)     
[23.273s][info][gc,heap     ] GC(239) y:      Live:         -                 0M (0%)            0M (0%)            0M (0%)     
[23.273s][info][gc,heap     ] GC(239) y:   Garbage:         -               899M (88%)          33M (3%)           33M (3%)     
[23.273s][info][gc,heap     ] GC(239) y: Allocated:         -                34M (3%)           34M (3%)           34M (3%)     
[23.273s][info][gc,heap     ] GC(239) y: Reclaimed:         -                  -               866M (85%)         866M (85%)    
[23.273s][info][gc,heap     ] GC(239) y:  Promoted:         -                  -                 0M (0%)            0M (0%)     
[23.273s][info][gc,heap     ] GC(239) y: Compacted:         -                  -                  -                 0M (0%)     
[23.273s][info][gc,phases   ] GC(239) y: Young Generation 940M(92%)->108M(11%) 0.003s
[23.273s][info][gc          ] GC(239) Minor Collection (Allocation Rate) 940M(92%)->108M(11%) 0.003s
[23.341s][info][gc          ] GC(240) Major Collection (Proactive)
[23.341s][info][gc,task     ] GC(240) Using 3 Workers for Young Generation
[23.341s][info][gc,task     ] GC(240) Using 1 Workers for Old Generation
[23.341s][info][gc,phases   ] GC(240) Y: Young Generation
[23.341s][info][gc,phases   ] GC(240) Y: Pause Mark Start (Major) 0.006ms
[23.342s][info][gc,phases   ] GC(240) Y: Concurrent Mark 0.833ms
[23.342s][info][gc,phases   ] GC(240) Y: Pause Mark End 0.005ms
[23.342s][info][gc,phases   ] GC(240) Y: Concurrent Mark Free 0.000ms
[23.342s][info][gc,phases   ] GC(240) Y: Concurrent Reset Relocation Set 0.000ms
[23.343s][info][gc,reloc    ] GC(240) Y: Using tenuring threshold: 1 (Computed)
[23.343s][info][gc,phases   ] GC(240) Y: Concurrent Select Relocation Set 1.080ms
[23.343s][info][gc,phases   ] GC(240) Y: Pause Relocate Start 0.005ms
[23.343s][info][gc,phases   ] GC(240) Y: Concurrent Relocate 0.042ms
[23.343s][info][gc,alloc    ] GC(240) Y:                         Mark Start        Mark End      Relocate Start    Relocate End   
[23.343s][info][gc,alloc    ] GC(240) Y: Allocation Stalls:          0                0                0                0         
[23.343s][info][gc,load     ] GC(240) Y: Load: 3.00 (30%) / 3.04 (30%) / 3.14 (31%)
[23.343s][info][gc,mmu      ] GC(240) Y: MMU: 2ms/99.0%, 5ms/99.5%, 10ms/99.7%, 20ms/99.7%, 50ms/99.8%, 100ms/99.9%
[23.343s][info][gc,marking  ] GC(240) Y: Mark: 2 stripe(s), 2 proactive flush(es), 1 terminate flush(es), 0 completion(s), 0 continuation(s) 
[23.343s][info][gc,marking  ] GC(240) Y: Mark Stack Usage: 32M
[23.343s][info][gc,nmethod  ] GC(240) Y: NMethods: 1586 registered, 168 unregistered
[23.343s][info][gc,metaspace] GC(240) Y: Metaspace: 9M used, 10M committed, 1088M reserved
[23.343s][info][gc,reloc    ] GC(240) Y:                        Candidates     Selected     In-Place         Size        Empty    Relocated 
[23.343s][info][gc,reloc    ] GC(240) Y: Small Pages:                    2            0            0           4M           2M           0M 
[23.343s][info][gc,reloc    ] GC(240) Y: Medium Pages:                  27            0            0         864M         832M           0M 
[23.343s][info][gc,reloc    ] GC(240) Y: Large Pages:                    0            0            0           0M           0M           0M 
[23.343s][info][gc,reloc    ] GC(240) Y: Forwarding Usage: 0M
[23.343s][info][gc,reloc    ] GC(240) Y: Age Table:
[23.343s][info][gc,reloc    ] GC(240) Y:                    Live             Garbage             Small              Medium             Large        
[23.343s][info][gc,reloc    ] GC(240) Y: Eden               0M (0%)          833M (81%)          1 / 0             26 / 0              0 / 0        
[23.343s][info][gc,reloc    ] GC(240) Y: Survivor 1          -                34M (3%)           1 / 0              1 / 0              0 / 0        
[23.343s][info][gc,heap     ] GC(240) Y: Min Capacity: 8M(1%)
[23.343s][info][gc,heap     ] GC(240) Y: Max Capacity: 1024M(100%)
[23.343s][info][gc,heap     ] GC(240) Y: Soft Max Capacity: 1024M(100%)
[23.343s][info][gc,heap     ] GC(240) Y: Heap Statistics:
[23.343s][info][gc,heap     ] GC(240) Y:                Mark Start          Mark End        Relocate Start      Relocate End           High               Low         
[23.343s][info][gc,heap     ] GC(240) Y:  Capacity:     1024M (100%)       1024M (100%)       1024M (100%)       1024M (100%)       1024M (100%)       1024M (100%)   
[23.343s][info][gc,heap     ] GC(240) Y:      Free:      116M (11%)          82M (8%)          916M (89%)         916M (89%)         916M (89%)          82M (8%)     
[23.343s][info][gc,heap     ] GC(240) Y:      Used:      908M (89%)         942M (92%)         108M (11%)         108M (11%)         942M (92%)         108M (11%)    
[23.343s][info][gc,heap     ] GC(240) Y: Young Generation Statistics:
[23.343s][info][gc,heap     ] GC(240) Y:                Mark Start          Mark End        Relocate Start      Relocate End    
[23.343s][info][gc,heap     ] GC(240) Y:      Used:      868M (85%)         902M (88%)          68M (7%)           68M (7%)     
[23.343s][info][gc,heap     ] GC(240) Y:      Live:         -                 0M (0%)            0M (0%)            0M (0%)     
[23.343s][info][gc,heap     ] GC(240) Y:   Garbage:         -               867M (85%)          33M (3%)           33M (3%)     
[23.343s][info][gc,heap     ] GC(240) Y: Allocated:         -                34M (3%)           34M (3%)           34M (3%)     
[23.343s][info][gc,heap     ] GC(240) Y: Reclaimed:         -                  -               834M (81%)         834M (81%)    
[23.343s][info][gc,heap     ] GC(240) Y:  Promoted:         -                  -                 0M (0%)            0M (0%)     
[23.343s][info][gc,heap     ] GC(240) Y: Compacted:         -                  -                  -                 0M (0%)     
[23.343s][info][gc,phases   ] GC(240) Y: Young Generation 908M(89%)->108M(11%) 0.002s
[23.343s][info][gc,phases   ] GC(240) O: Old Generation
[23.348s][info][gc,phases   ] GC(240) O: Concurrent Mark 4.333ms
[23.348s][info][gc,phases   ] GC(240) O: Pause Mark End 0.007ms
[23.348s][info][gc,phases   ] GC(240) O: Concurrent Mark Free 0.000ms
[23.351s][info][gc,phases   ] GC(240) O: Concurrent Process Non-Strong 3.114ms
[23.351s][info][gc,phases   ] GC(240) O: Concurrent Reset Relocation Set 0.001ms
[23.352s][info][gc,phases   ] GC(240) O: Concurrent Select Relocation Set 1.004ms
[23.352s][info][gc,task     ] GC(240) O: Using 3 Workers for Old Generation
[23.355s][info][gc,task     ] GC(240) O: Using 1 Workers for Old Generation
[23.355s][info][gc,phases   ] GC(240) O: Concurrent Remap Roots 3.038ms
[23.355s][info][gc,phases   ] GC(240) O: Pause Relocate Start 0.006ms
[23.356s][info][gc,phases   ] GC(240) O: Concurrent Relocate 0.681ms
[23.356s][info][gc,alloc    ] GC(240) O:                         Mark Start        Mark End      Relocate Start    Relocate End   
[23.356s][info][gc,alloc    ] GC(240) O: Allocation Stalls:          0                0                0                0         
[23.356s][info][gc,load     ] GC(240) O: Load: 3.00 (30%) / 3.04 (30%) / 3.14 (31%)
[23.356s][info][gc,mmu      ] GC(240) O: MMU: 2ms/99.0%, 5ms/99.5%, 10ms/99.7%, 20ms/99.7%, 50ms/99.8%, 100ms/99.9%
[23.356s][info][gc,marking  ] GC(240) O: Mark: 1 stripe(s), 2 proactive flush(es), 1 terminate flush(es), 0 completion(s), 0 continuation(s) 
[23.356s][info][gc,marking  ] GC(240) O: Mark Stack Usage: 32M
[23.356s][info][gc,nmethod  ] GC(240) O: NMethods: 1586 registered, 168 unregistered
[23.356s][info][gc,metaspace] GC(240) O: Metaspace: 9M used, 10M committed, 1088M reserved
[23.356s][info][gc,ref      ] GC(240) O:                       Encountered   Discovered     Enqueued 
[23.356s][info][gc,ref      ] GC(240) O: Soft References:              372            0            0 
[23.356s][info][gc,ref      ] GC(240) O: Weak References:             1110          834            0 
[23.356s][info][gc,ref      ] GC(240) O: Final References:             880          270            0 
[23.356s][info][gc,ref      ] GC(240) O: Phantom References:            32            2            0 
[23.356s][info][gc,reloc    ] GC(240) O:                        Candidates     Selected     In-Place         Size        Empty    Relocated 
[23.356s][info][gc,reloc    ] GC(240) O: Small Pages:                    4            1            0           8M           0M           1M 
[23.356s][info][gc,reloc    ] GC(240) O: Medium Pages:                   1            0            0          32M           0M           0M 
[23.356s][info][gc,reloc    ] GC(240) O: Large Pages:                    0            0            0           0M           0M           0M 
[23.356s][info][gc,reloc    ] GC(240) O: Forwarding Usage: 0M
[23.356s][info][gc,heap     ] GC(240) O: Min Capacity: 8M(1%)
[23.356s][info][gc,heap     ] GC(240) O: Max Capacity: 1024M(100%)
[23.356s][info][gc,heap     ] GC(240) O: Soft Max Capacity: 1024M(100%)
[23.356s][info][gc,heap     ] GC(240) O: Heap Statistics:
[23.356s][info][gc,heap     ] GC(240) O:                Mark Start          Mark End        Relocate Start      Relocate End           High               Low         
[23.356s][info][gc,heap     ] GC(240) O:  Capacity:     1024M (100%)       1024M (100%)       1024M (100%)       1024M (100%)       1024M (100%)       1024M (100%)   
[23.356s][info][gc,heap     ] GC(240) O:      Free:      116M (11%)         852M (83%)         788M (77%)         788M (77%)         916M (89%)          82M (8%)     
[23.356s][info][gc,heap     ] GC(240) O:      Used:      908M (89%)         172M (17%)         236M (23%)         236M (23%)         942M (92%)         108M (11%)    
[23.356s][info][gc,heap     ] GC(240) O: Old Generation Statistics:
[23.356s][info][gc,heap     ] GC(240) O:                Mark Start          Mark End        Relocate Start      Relocate End    
[23.356s][info][gc,heap     ] GC(240) O:      Used:       40M (4%)           40M (4%)           40M (4%)           40M (4%)     
[23.356s][info][gc,heap     ] GC(240) O:      Live:         -                 4M (0%)            4M (0%)            4M (0%)     
[23.356s][info][gc,heap     ] GC(240) O:   Garbage:         -                35M (3%)           35M (3%)           32M (3%)     
[23.356s][info][gc,heap     ] GC(240) O: Allocated:         -                 0M (0%)            0M (0%)            2M (0%)     
[23.356s][info][gc,heap     ] GC(240) O: Reclaimed:         -                  -                 0M (0%)            2M (0%)     
[23.356s][info][gc,heap     ] GC(240) O: Compacted:         -                  -                  -                 1M (0%)     
[23.356s][info][gc,phases   ] GC(240) O: Old Generation 108M(11%)->236M(23%) 0.012s
[23.356s][info][gc          ] GC(240) Major Collection (Proactive) 908M(89%)->268M(26%) 0.015s
[23.414s][info][gc          ] GC(241) Minor Collection (Allocation Rate)
[23.414s][info][gc,task     ] GC(241) Using 3 Workers for Young Generation
[23.414s][info][gc,phases   ] GC(241) y: Young Generation
[23.414s][info][gc,phases   ] GC(241) y: Pause Mark Start 0.006ms
[23.416s][info][gc,phases   ] GC(241) y: Concurrent Mark 1.138ms
[23.416s][info][gc,phases   ] GC(241) y: Pause Mark End 0.006ms
[23.416s][info][gc,phases   ] GC(241) y: Concurrent Mark Free 0.000ms
[23.416s][info][gc,phases   ] GC(241) y: Concurrent Reset Relocation Set 0.000ms
[23.417s][info][gc,reloc    ] GC(241) y: Using tenuring threshold: 1 (Computed)
[23.417s][info][gc,phases   ] GC(241) y: Concurrent Select Relocation Set 1.093ms
[23.417s][info][gc,phases   ] GC(241) y: Pause Relocate Start 0.004ms
[23.417s][info][gc,phases   ] GC(241) y: Concurrent Relocate 0.048ms
[23.417s][info][gc,alloc    ] GC(241) y:                         Mark Start        Mark End      Relocate Start    Relocate End   
[23.417s][info][gc,alloc    ] GC(241) y: Allocation Stalls:          0                0                0                0         
[23.417s][info][gc,load     ] GC(241) y: Load: 3.00 (30%) / 3.04 (30%) / 3.14 (31%)
[23.417s][info][gc,mmu      ] GC(241) y: MMU: 2ms/99.0%, 5ms/99.5%, 10ms/99.7%, 20ms/99.7%, 50ms/99.8%, 100ms/99.9%
[23.417s][info][gc,marking  ] GC(241) y: Mark: 2 stripe(s), 2 proactive flush(es), 1 terminate flush(es), 0 completion(s), 0 continuation(s) 
[23.417s][info][gc,marking  ] GC(241) y: Mark Stack Usage: 32M
[23.417s][info][gc,nmethod  ] GC(241) y: NMethods: 1586 registered, 168 unregistered
[23.417s][info][gc,metaspace] GC(241) y: Metaspace: 9M used, 10M committed, 1088M reserved
[23.417s][info][gc,reloc    ] GC(241) y:                        Candidates     Selected     In-Place         Size        Empty    Relocated 
[23.417s][info][gc,reloc    ] GC(241) y: Small Pages:                    2            0            0           4M           2M           0M 
[23.417s][info][gc,reloc    ] GC(241) y: Medium Pages:                  28            0            0         896M         864M           0M 
[23.417s][info][gc,reloc    ] GC(241) y: Large Pages:                    0            0            0           0M           0M           0M 
[23.417s][info][gc,reloc    ] GC(241) y: Forwarding Usage: 0M
[23.417s][info][gc,reloc    ] GC(241) y: Age Table:
[23.417s][info][gc,reloc    ] GC(241) y:                    Live             Garbage             Small              Medium             Large        
[23.417s][info][gc,reloc    ] GC(241) y: Eden               0M (0%)          865M (85%)          1 / 0             27 / 0              0 / 0        
[23.417s][info][gc,reloc    ] GC(241) y: Survivor 1          -                34M (3%)           1 / 0              1 / 0              0 / 0        
[23.417s][info][gc,heap     ] GC(241) y: Min Capacity: 8M(1%)
[23.417s][info][gc,heap     ] GC(241) y: Max Capacity: 1024M(100%)
[23.417s][info][gc,heap     ] GC(241) y: Soft Max Capacity: 1024M(100%)
[23.417s][info][gc,heap     ] GC(241) y: Heap Statistics:
[23.417s][info][gc,heap     ] GC(241) y:                Mark Start          Mark End        Relocate Start      Relocate End           High               Low         
[23.417s][info][gc,heap     ] GC(241) y:  Capacity:     1024M (100%)       1024M (100%)       1024M (100%)       1024M (100%)       1024M (100%)       1024M (100%)   
[23.417s][info][gc,heap     ] GC(241) y:      Free:       84M (8%)           50M (5%)          916M (89%)         916M (89%)         916M (89%)          50M (5%)     
[23.417s][info][gc,heap     ] GC(241) y:      Used:      940M (92%)         974M (95%)         108M (11%)         108M (11%)         974M (95%)         108M (11%)    
[23.417s][info][gc,heap     ] GC(241) y: Young Generation Statistics:
[23.417s][info][gc,heap     ] GC(241) y:                Mark Start          Mark End        Relocate Start      Relocate End    
[23.417s][info][gc,heap     ] GC(241) y:      Used:      900M (88%)         934M (91%)          68M (7%)           68M (7%)     
[23.417s][info][gc,heap     ] GC(241) y:      Live:         -                 0M (0%)            0M (0%)            0M (0%)     
[23.417s][info][gc,heap     ] GC(241) y:   Garbage:         -               899M (88%)          33M (3%)           33M (3%)     
[23.417s][info][gc,heap     ] GC(241) y: Allocated:         -                34M (3%)           34M (3%)           34M (3%)     
[23.417s][info][gc,heap     ] GC(241) y: Reclaimed:         -                  -               866M (85%)         866M (85%)    
[23.417s][info][gc,heap     ] GC(241) y:  Promoted:         -                  -                 0M (0%)            0M (0%)     
[23.417s][info][gc,heap     ] GC(241) y: Compacted:         -                  -                  -                 0M (0%)     
[23.417s][info][gc,phases   ] GC(241) y: Young Generation 940M(92%)->108M(11%) 0.003s
[23.417s][info][gc          ] GC(241) Minor Collection (Allocation Rate) 940M(92%)->108M(11%) 0.003s
[23.488s][info][gc          ] GC(242) Minor Collection (Allocation Rate)
[23.488s][info][gc,task     ] GC(242) Using 3 Workers for Young Generation
[23.488s][info][gc,phases   ] GC(242) y: Young Generation
[23.488s][info][gc,phases   ] GC(242) y: Pause Mark Start 0.004ms
[23.489s][info][gc,phases   ] GC(242) y: Concurrent Mark 1.058ms
[23.489s][info][gc,phases   ] GC(242) y: Pause Mark End 0.004ms
[23.489s][info][gc,phases   ] GC(242) y: Concurrent Mark Free 0.000ms
[23.489s][info][gc,phases   ] GC(242) y: Concurrent Reset Relocation Set 0.000ms
[23.490s][info][gc,reloc    ] GC(242) y: Using tenuring threshold: 1 (Computed)
[23.491s][info][gc,phases   ] GC(242) y: Concurrent Select Relocation Set 1.099ms
[23.491s][info][gc,phases   ] GC(242) y: Pause Relocate Start 0.004ms
[23.491s][info][gc,phases   ] GC(242) y: Concurrent Relocate 0.030ms
[23.491s][info][gc,alloc    ] GC(242) y:                         Mark Start        Mark End      Relocate Start    Relocate End   
[23.491s][info][gc,alloc    ] GC(242) y: Allocation Stalls:          0                0                0                0         
[23.491s][info][gc,load     ] GC(242) y: Load: 3.08 (31%) / 3.05 (31%) / 3.15 (31%)
[23.491s][info][gc,mmu      ] GC(242) y: MMU: 2ms/99.0%, 5ms/99.5%, 10ms/99.7%, 20ms/99.7%, 50ms/99.8%, 100ms/99.9%
[23.491s][info][gc,marking  ] GC(242) y: Mark: 2 stripe(s), 2 proactive flush(es), 1 terminate flush(es), 0 completion(s), 0 continuation(s) 
[23.491s][info][gc,marking  ] GC(242) y: Mark Stack Usage: 32M
[23.491s][info][gc,nmethod  ] GC(242) y: NMethods: 1586 registered, 168 unregistered
[23.491s][info][gc,metaspace] GC(242) y: Metaspace: 9M used, 10M committed, 1088M reserved
[23.491s][info][gc,reloc    ] GC(242) y:                        Candidates     Selected     In-Place         Size        Empty    Relocated 
[23.491s][info][gc,reloc    ] GC(242) y: Small Pages:                    2            0            0           4M           2M           0M 
[23.491s][info][gc,reloc    ] GC(242) y: Medium Pages:                  28            0            0         896M         864M           0M 
[23.491s][info][gc,reloc    ] GC(242) y: Large Pages:                    0            0            0           0M           0M           0M 
[23.491s][info][gc,reloc    ] GC(242) y: Forwarding Usage: 0M
[23.491s][info][gc,reloc    ] GC(242) y: Age Table:
[23.491s][info][gc,reloc    ] GC(242) y:                    Live             Garbage             Small              Medium             Large        
[23.491s][info][gc,reloc    ] GC(242) y: Eden               0M (0%)          865M (85%)          1 / 0             27 / 0              0 / 0        
[23.491s][info][gc,reloc    ] GC(242) y: Survivor 1          -                34M (3%)           1 / 0              1 / 0              0 / 0        
[23.491s][info][gc,heap     ] GC(242) y: Min Capacity: 8M(1%)
[23.491s][info][gc,heap     ] GC(242) y: Max Capacity: 1024M(100%)
[23.491s][info][gc,heap     ] GC(242) y: Soft Max Capacity: 1024M(100%)
[23.491s][info][gc,heap     ] GC(242) y: Heap Statistics:
[23.491s][info][gc,heap     ] GC(242) y:                Mark Start          Mark End        Relocate Start      Relocate End           High               Low         
[23.491s][info][gc,heap     ] GC(242) y:  Capacity:     1024M (100%)       1024M (100%)       1024M (100%)       1024M (100%)       1024M (100%)       1024M (100%)   
[23.491s][info][gc,heap     ] GC(242) y:      Free:       84M (8%)           50M (5%)          916M (89%)         916M (89%)         916M (89%)          50M (5%)     
[23.491s][info][gc,heap     ] GC(242) y:      Used:      940M (92%)         974M (95%)         108M (11%)         108M (11%)         974M (95%)         108M (11%)    
[23.491s][info][gc,heap     ] GC(242) y: Young Generation Statistics:
[23.491s][info][gc,heap     ] GC(242) y:                Mark Start          Mark End        Relocate Start      Relocate End    
[23.491s][info][gc,heap     ] GC(242) y:      Used:      900M (88%)         934M (91%)          68M (7%)           68M (7%)     
[23.491s][info][gc,heap     ] GC(242) y:      Live:         -                 0M (0%)            0M (0%)            0M (0%)     
[23.491s][info][gc,heap     ] GC(242) y:   Garbage:         -               899M (88%)          33M (3%)           33M (3%)     
[23.491s][info][gc,heap     ] GC(242) y: Allocated:         -                34M (3%)           34M (3%)           34M (3%)     
[23.491s][info][gc,heap     ] GC(242) y: Reclaimed:         -                  -               866M (85%)         866M (85%)    
[23.491s][info][gc,heap     ] GC(242) y:  Promoted:         -                  -                 0M (0%)            0M (0%)     
[23.491s][info][gc,heap     ] GC(242) y: Compacted:         -                  -                  -                 0M (0%)     
[23.491s][info][gc,phases   ] GC(242) y: Young Generation 940M(92%)->108M(11%) 0.002s
[23.491s][info][gc          ] GC(242) Minor Collection (Allocation Rate) 940M(92%)->108M(11%) 0.003s
[23.561s][info][gc          ] GC(243) Minor Collection (Allocation Rate)
[23.561s][info][gc,task     ] GC(243) Using 3 Workers for Young Generation
[23.561s][info][gc,phases   ] GC(243) y: Young Generation
[23.561s][info][gc,phases   ] GC(243) y: Pause Mark Start 0.006ms
[23.562s][info][gc,phases   ] GC(243) y: Concurrent Mark 1.048ms
[23.562s][info][gc,phases   ] GC(243) y: Pause Mark End 0.005ms
[23.562s][info][gc,phases   ] GC(243) y: Concurrent Mark Free 0.000ms
[23.562s][info][gc,phases   ] GC(243) y: Concurrent Reset Relocation Set 0.000ms
[23.563s][info][gc,reloc    ] GC(243) y: Using tenuring threshold: 1 (Computed)
[23.564s][info][gc,phases   ] GC(243) y: Concurrent Select Relocation Set 1.068ms
[23.564s][info][gc,phases   ] GC(243) y: Pause Relocate Start 0.004ms
[23.564s][info][gc,phases   ] GC(243) y: Concurrent Relocate 0.035ms
[23.564s][info][gc,alloc    ] GC(243) y:                         Mark Start        Mark End      Relocate Start    Relocate End   
[23.564s][info][gc,alloc    ] GC(243) y: Allocation Stalls:          0                0                0                0         
[23.564s][info][gc,load     ] GC(243) y: Load: 3.08 (31%) / 3.05 (31%) / 3.15 (31%)
[23.564s][info][gc,mmu      ] GC(243) y: MMU: 2ms/99.0%, 5ms/99.5%, 10ms/99.7%, 20ms/99.7%, 50ms/99.8%, 100ms/99.9%
[23.564s][info][gc,marking  ] GC(243) y: Mark: 2 stripe(s), 2 proactive flush(es), 1 terminate flush(es), 0 completion(s), 0 continuation(s) 
[23.564s][info][gc,marking  ] GC(243) y: Mark Stack Usage: 32M
[23.564s][info][gc,nmethod  ] GC(243) y: NMethods: 1586 registered, 168 unregistered
[23.564s][info][gc,metaspace] GC(243) y: Metaspace: 9M used, 10M committed, 1088M reserved
[23.564s][info][gc,reloc    ] GC(243) y:                        Candidates     Selected     In-Place         Size        Empty    Relocated 
[23.564s][info][gc,reloc    ] GC(243) y: Small Pages:                    2            0            0           4M           2M           0M 
[23.564s][info][gc,reloc    ] GC(243) y: Medium Pages:                  28            0            0         896M         896M           0M 
[23.564s][info][gc,reloc    ] GC(243) y: Large Pages:                    0            0            0           0M           0M           0M 
[23.564s][info][gc,reloc    ] GC(243) y: Forwarding Usage: 0M
[23.564s][info][gc,reloc    ] GC(243) y: Age Table:
[23.564s][info][gc,reloc    ] GC(243) y:                    Live             Garbage             Small              Medium             Large        
[23.564s][info][gc,reloc    ] GC(243) y: Eden               0M (0%)          865M (85%)          1 / 0             27 / 0              0 / 0        
[23.564s][info][gc,reloc    ] GC(243) y: Survivor 1          -                34M (3%)           1 / 0              1 / 0              0 / 0        
[23.564s][info][gc,heap     ] GC(243) y: Min Capacity: 8M(1%)
[23.564s][info][gc,heap     ] GC(243) y: Max Capacity: 1024M(100%)
[23.564s][info][gc,heap     ] GC(243) y: Soft Max Capacity: 1024M(100%)
[23.564s][info][gc,heap     ] GC(243) y: Heap Statistics:
[23.564s][info][gc,heap     ] GC(243) y:                Mark Start          Mark End        Relocate Start      Relocate End           High               Low         
[23.564s][info][gc,heap     ] GC(243) y:  Capacity:     1024M (100%)       1024M (100%)       1024M (100%)       1024M (100%)       1024M (100%)       1024M (100%)   
[23.564s][info][gc,heap     ] GC(243) y:      Free:       84M (8%)           50M (5%)          948M (93%)         948M (93%)         948M (93%)          50M (5%)     
[23.564s][info][gc,heap     ] GC(243) y:      Used:      940M (92%)         974M (95%)          76M (7%)           76M (7%)          974M (95%)          76M (7%)     
[23.564s][info][gc,heap     ] GC(243) y: Young Generation Statistics:
[23.564s][info][gc,heap     ] GC(243) y:                Mark Start          Mark End        Relocate Start      Relocate End    
[23.564s][info][gc,heap     ] GC(243) y:      Used:      900M (88%)         934M (91%)          36M (4%)           36M (4%)     
[23.564s][info][gc,heap     ] GC(243) y:      Live:         -                 0M (0%)            0M (0%)            0M (0%)     
[23.564s][info][gc,heap     ] GC(243) y:   Garbage:         -               899M (88%)           1M (0%)            1M (0%)     
[23.564s][info][gc,heap     ] GC(243) y: Allocated:         -                34M (3%)           34M (3%)           34M (3%)     
[23.564s][info][gc,heap     ] GC(243) y: Reclaimed:         -                  -               898M (88%)         898M (88%)    
[23.564s][info][gc,heap     ] GC(243) y:  Promoted:         -                  -                 0M (0%)            0M (0%)     
[23.564s][info][gc,heap     ] GC(243) y: Compacted:         -                  -                  -                 0M (0%)     
[23.564s][info][gc,phases   ] GC(243) y: Young Generation 940M(92%)->76M(7%) 0.002s
[23.564s][info][gc          ] GC(243) Minor Collection (Allocation Rate) 940M(92%)->76M(7%) 0.003s
[23.637s][info][gc          ] GC(244) Minor Collection (Allocation Rate)
[23.637s][info][gc,task     ] GC(244) Using 3 Workers for Young Generation
[23.637s][info][gc,phases   ] GC(244) y: Young Generation
[23.637s][info][gc,phases   ] GC(244) y: Pause Mark Start 0.013ms
[23.638s][info][gc,phases   ] GC(244) y: Concurrent Mark 0.870ms
[23.638s][info][gc,phases   ] GC(244) y: Pause Mark End 0.005ms
[23.638s][info][gc,phases   ] GC(244) y: Concurrent Mark Free 0.000ms
[23.638s][info][gc,phases   ] GC(244) y: Concurrent Reset Relocation Set 0.000ms
[23.639s][info][gc,reloc    ] GC(244) y: Using tenuring threshold: 1 (Computed)
[23.639s][info][gc,phases   ] GC(244) y: Concurrent Select Relocation Set 1.040ms
[23.639s][info][gc,phases   ] GC(244) y: Pause Relocate Start 0.003ms
[23.639s][info][gc,phases   ] GC(244) y: Concurrent Relocate 0.029ms
[23.639s][info][gc,alloc    ] GC(244) y:                         Mark Start        Mark End      Relocate Start    Relocate End   
[23.639s][info][gc,alloc    ] GC(244) y: Allocation Stalls:          0                0                0                0         
[23.639s][info][gc,load     ] GC(244) y: Load: 3.08 (31%) / 3.05 (31%) / 3.15 (31%)
[23.639s][info][gc,mmu      ] GC(244) y: MMU: 2ms/99.0%, 5ms/99.5%, 10ms/99.7%, 20ms/99.7%, 50ms/99.8%, 100ms/99.9%
[23.639s][info][gc,marking  ] GC(244) y: Mark: 2 stripe(s), 2 proactive flush(es), 1 terminate flush(es), 0 completion(s), 0 continuation(s) 
[23.639s][info][gc,marking  ] GC(244) y: Mark Stack Usage: 32M
[23.639s][info][gc,nmethod  ] GC(244) y: NMethods: 1586 registered, 168 unregistered
[23.639s][info][gc,metaspace] GC(244) y: Metaspace: 9M used, 10M committed, 1088M reserved
[23.639s][info][gc,reloc    ] GC(244) y:                        Candidates     Selected     In-Place         Size        Empty    Relocated 
[23.639s][info][gc,reloc    ] GC(244) y: Small Pages:                    2            0            0           4M           2M           0M 
[23.639s][info][gc,reloc    ] GC(244) y: Medium Pages:                  28            0            0         896M         864M           0M 
[23.639s][info][gc,reloc    ] GC(244) y: Large Pages:                    0            0            0           0M           0M           0M 
[23.639s][info][gc,reloc    ] GC(244) y: Forwarding Usage: 0M
[23.639s][info][gc,reloc    ] GC(244) y: Age Table:
[23.639s][info][gc,reloc    ] GC(244) y:                    Live             Garbage             Small              Medium             Large        
[23.639s][info][gc,reloc    ] GC(244) y: Eden               0M (0%)          897M (88%)          1 / 0             28 / 0              0 / 0        
[23.639s][info][gc,reloc    ] GC(244) y: Survivor 1          -                 2M (0%)           1 / 0              0 / 0              0 / 0        
[23.639s][info][gc,heap     ] GC(244) y: Min Capacity: 8M(1%)
[23.639s][info][gc,heap     ] GC(244) y: Max Capacity: 1024M(100%)
[23.639s][info][gc,heap     ] GC(244) y: Soft Max Capacity: 1024M(100%)
[23.639s][info][gc,heap     ] GC(244) y: Heap Statistics:
[23.639s][info][gc,heap     ] GC(244) y:                Mark Start          Mark End        Relocate Start      Relocate End           High               Low         
[23.639s][info][gc,heap     ] GC(244) y:  Capacity:     1024M (100%)       1024M (100%)       1024M (100%)       1024M (100%)       1024M (100%)       1024M (100%)   
[23.639s][info][gc,heap     ] GC(244) y:      Free:       84M (8%)           50M (5%)          916M (89%)         916M (89%)         916M (89%)          50M (5%)     
[23.639s][info][gc,heap     ] GC(244) y:      Used:      940M (92%)         974M (95%)         108M (11%)         108M (11%)         974M (95%)         108M (11%)    
[23.639s][info][gc,heap     ] GC(244) y: Young Generation Statistics:
[23.639s][info][gc,heap     ] GC(244) y:                Mark Start          Mark End        Relocate Start      Relocate End    
[23.639s][info][gc,heap     ] GC(244) y:      Used:      900M (88%)         934M (91%)          68M (7%)           68M (7%)     
[23.639s][info][gc,heap     ] GC(244) y:      Live:         -                 0M (0%)            0M (0%)            0M (0%)     
[23.639s][info][gc,heap     ] GC(244) y:   Garbage:         -               899M (88%)          33M (3%)           33M (3%)     
[23.639s][info][gc,heap     ] GC(244) y: Allocated:         -                34M (3%)           34M (3%)           34M (3%)     
[23.639s][info][gc,heap     ] GC(244) y: Reclaimed:         -                  -               866M (85%)         866M (85%)    
[23.639s][info][gc,heap     ] GC(244) y:  Promoted:         -                  -                 0M (0%)            0M (0%)     
[23.639s][info][gc,heap     ] GC(244) y: Compacted:         -                  -                  -                 0M (0%)     
[23.639s][info][gc,phases   ] GC(244) y: Young Generation 940M(92%)->108M(11%) 0.002s
[23.639s][info][gc          ] GC(244) Minor Collection (Allocation Rate) 940M(92%)->108M(11%) 0.002s
[23.710s][info][gc          ] GC(245) Minor Collection (Allocation Rate)
[23.710s][info][gc,task     ] GC(245) Using 3 Workers for Young Generation
[23.710s][info][gc,phases   ] GC(245) y: Young Generation
[23.710s][info][gc,phases   ] GC(245) y: Pause Mark Start 0.004ms
[23.711s][info][gc,phases   ] GC(245) y: Concurrent Mark 0.894ms
[23.711s][info][gc,phases   ] GC(245) y: Pause Mark End 0.005ms
[23.711s][info][gc,phases   ] GC(245) y: Concurrent Mark Free 0.000ms
[23.711s][info][gc,phases   ] GC(245) y: Concurrent Reset Relocation Set 0.000ms
[23.712s][info][gc,reloc    ] GC(245) y: Using tenuring threshold: 1 (Computed)
[23.712s][info][gc,phases   ] GC(245) y: Concurrent Select Relocation Set 1.076ms
[23.712s][info][gc,phases   ] GC(245) y: Pause Relocate Start 0.006ms
[23.712s][info][gc,phases   ] GC(245) y: Concurrent Relocate 0.031ms
[23.712s][info][gc,alloc    ] GC(245) y:                         Mark Start        Mark End      Relocate Start    Relocate End   
[23.712s][info][gc,alloc    ] GC(245) y: Allocation Stalls:          0                0                0                0         
[23.712s][info][gc,load     ] GC(245) y: Load: 3.08 (31%) / 3.05 (31%) / 3.15 (31%)
[23.712s][info][gc,mmu      ] GC(245) y: MMU: 2ms/99.0%, 5ms/99.5%, 10ms/99.7%, 20ms/99.7%, 50ms/99.8%, 100ms/99.9%
[23.712s][info][gc,marking  ] GC(245) y: Mark: 2 stripe(s), 2 proactive flush(es), 1 terminate flush(es), 0 completion(s), 0 continuation(s) 
[23.712s][info][gc,marking  ] GC(245) y: Mark Stack Usage: 32M
[23.712s][info][gc,nmethod  ] GC(245) y: NMethods: 1587 registered, 168 unregistered
[23.712s][info][gc,metaspace] GC(245) y: Metaspace: 9M used, 10M committed, 1088M reserved
[23.712s][info][gc,reloc    ] GC(245) y:                        Candidates     Selected     In-Place         Size        Empty    Relocated 
[23.712s][info][gc,reloc    ] GC(245) y: Small Pages:                    2            0            0           4M           2M           0M 
[23.712s][info][gc,reloc    ] GC(245) y: Medium Pages:                  28            0            0         896M         864M           0M 
[23.712s][info][gc,reloc    ] GC(245) y: Large Pages:                    0            0            0           0M           0M           0M 
[23.712s][info][gc,reloc    ] GC(245) y: Forwarding Usage: 0M
[23.712s][info][gc,reloc    ] GC(245) y: Age Table:
[23.712s][info][gc,reloc    ] GC(245) y:                    Live             Garbage             Small              Medium             Large        
[23.712s][info][gc,reloc    ] GC(245) y: Eden               0M (0%)          865M (84%)          1 / 0             27 / 0              0 / 0        
[23.712s][info][gc,reloc    ] GC(245) y: Survivor 1          -                34M (3%)           1 / 0              1 / 0              0 / 0        
[23.712s][info][gc,heap     ] GC(245) y: Min Capacity: 8M(1%)
[23.712s][info][gc,heap     ] GC(245) y: Max Capacity: 1024M(100%)
[23.712s][info][gc,heap     ] GC(245) y: Soft Max Capacity: 1024M(100%)
[23.712s][info][gc,heap     ] GC(245) y: Heap Statistics:
[23.712s][info][gc,heap     ] GC(245) y:                Mark Start          Mark End        Relocate Start      Relocate End           High               Low         
[23.712s][info][gc,heap     ] GC(245) y:  Capacity:     1024M (100%)       1024M (100%)       1024M (100%)       1024M (100%)       1024M (100%)       1024M (100%)   
[23.712s][info][gc,heap     ] GC(245) y:      Free:       84M (8%)           50M (5%)          916M (89%)         916M (89%)         916M (89%)          50M (5%)     
[23.712s][info][gc,heap     ] GC(245) y:      Used:      940M (92%)         974M (95%)         108M (11%)         108M (11%)         974M (95%)         108M (11%)    
[23.712s][info][gc,heap     ] GC(245) y: Young Generation Statistics:
[23.712s][info][gc,heap     ] GC(245) y:                Mark Start          Mark End        Relocate Start      Relocate End    
[23.712s][info][gc,heap     ] GC(245) y:      Used:      900M (88%)         934M (91%)          68M (7%)           68M (7%)     
[23.712s][info][gc,heap     ] GC(245) y:      Live:         -                 0M (0%)            0M (0%)            0M (0%)     
[23.712s][info][gc,heap     ] GC(245) y:   Garbage:         -               899M (88%)          33M (3%)           33M (3%)     
[23.712s][info][gc,heap     ] GC(245) y: Allocated:         -                34M (3%)           34M (3%)           34M (3%)     
[23.712s][info][gc,heap     ] GC(245) y: Reclaimed:         -                  -               866M (85%)         866M (85%)    
[23.712s][info][gc,heap     ] GC(245) y:  Promoted:         -                  -                 0M (0%)            0M (0%)     
[23.712s][info][gc,heap     ] GC(245) y: Compacted:         -                  -                  -                 0M (0%)     
[23.712s][info][gc,phases   ] GC(245) y: Young Generation 940M(92%)->108M(11%) 0.002s
[23.712s][info][gc          ] GC(245) Minor Collection (Allocation Rate) 940M(92%)->108M(11%) 0.002s
[23.783s][info][gc          ] GC(246) Minor Collection (Allocation Rate)
[23.783s][info][gc,task     ] GC(246) Using 3 Workers for Young Generation
[23.783s][info][gc,phases   ] GC(246) y: Young Generation
[23.783s][info][gc,phases   ] GC(246) y: Pause Mark Start 0.005ms
[23.784s][info][gc,phases   ] GC(246) y: Concurrent Mark 1.041ms
[23.784s][info][gc,phases   ] GC(246) y: Pause Mark End 0.005ms
[23.785s][info][gc,phases   ] GC(246) y: Concurrent Mark Free 0.000ms
[23.785s][info][gc,phases   ] GC(246) y: Concurrent Reset Relocation Set 0.000ms
[23.786s][info][gc,reloc    ] GC(246) y: Using tenuring threshold: 1 (Computed)
[23.786s][info][gc,phases   ] GC(246) y: Concurrent Select Relocation Set 1.059ms
[23.786s][info][gc,phases   ] GC(246) y: Pause Relocate Start 0.004ms
[23.786s][info][gc,phases   ] GC(246) y: Concurrent Relocate 0.030ms
[23.786s][info][gc,alloc    ] GC(246) y:                         Mark Start        Mark End      Relocate Start    Relocate End   
[23.786s][info][gc,alloc    ] GC(246) y: Allocation Stalls:          0                0                0                0         
[23.786s][info][gc,load     ] GC(246) y: Load: 3.08 (31%) / 3.05 (31%) / 3.15 (31%)
[23.786s][info][gc,mmu      ] GC(246) y: MMU: 2ms/99.0%, 5ms/99.5%, 10ms/99.7%, 20ms/99.7%, 50ms/99.8%, 100ms/99.9%
[23.786s][info][gc,marking  ] GC(246) y: Mark: 2 stripe(s), 2 proactive flush(es), 1 terminate flush(es), 0 completion(s), 0 continuation(s) 
[23.786s][info][gc,marking  ] GC(246) y: Mark Stack Usage: 32M
[23.786s][info][gc,nmethod  ] GC(246) y: NMethods: 1587 registered, 168 unregistered
[23.786s][info][gc,metaspace] GC(246) y: Metaspace: 9M used, 10M committed, 1088M reserved
[23.786s][info][gc,reloc    ] GC(246) y:                        Candidates     Selected     In-Place         Size        Empty    Relocated 
[23.786s][info][gc,reloc    ] GC(246) y: Small Pages:                    2            0            0           4M           2M           0M 
[23.786s][info][gc,reloc    ] GC(246) y: Medium Pages:                  28            0            0         896M         864M           0M 
[23.786s][info][gc,reloc    ] GC(246) y: Large Pages:                    0            0            0           0M           0M           0M 
[23.786s][info][gc,reloc    ] GC(246) y: Forwarding Usage: 0M
[23.786s][info][gc,reloc    ] GC(246) y: Age Table:
[23.786s][info][gc,reloc    ] GC(246) y:                    Live             Garbage             Small              Medium             Large        
[23.786s][info][gc,reloc    ] GC(246) y: Eden               0M (0%)          865M (84%)          1 / 0             27 / 0              0 / 0        
[23.786s][info][gc,reloc    ] GC(246) y: Survivor 1          -                34M (3%)           1 / 0              1 / 0              0 / 0        
[23.786s][info][gc,heap     ] GC(246) y: Min Capacity: 8M(1%)
[23.786s][info][gc,heap     ] GC(246) y: Max Capacity: 1024M(100%)
[23.786s][info][gc,heap     ] GC(246) y: Soft Max Capacity: 1024M(100%)
[23.786s][info][gc,heap     ] GC(246) y: Heap Statistics:
[23.786s][info][gc,heap     ] GC(246) y:                Mark Start          Mark End        Relocate Start      Relocate End           High               Low         
[23.786s][info][gc,heap     ] GC(246) y:  Capacity:     1024M (100%)       1024M (100%)       1024M (100%)       1024M (100%)       1024M (100%)       1024M (100%)   
[23.786s][info][gc,heap     ] GC(246) y:      Free:       84M (8%)           50M (5%)          916M (89%)         916M (89%)         916M (89%)          50M (5%)     
[23.786s][info][gc,heap     ] GC(246) y:      Used:      940M (92%)         974M (95%)         108M (11%)         108M (11%)         974M (95%)         108M (11%)    
[23.786s][info][gc,heap     ] GC(246) y: Young Generation Statistics:
[23.786s][info][gc,heap     ] GC(246) y:                Mark Start          Mark End        Relocate Start      Relocate End    
[23.786s][info][gc,heap     ] GC(246) y:      Used:      900M (88%)         934M (91%)          68M (7%)           68M (7%)     
[23.786s][info][gc,heap     ] GC(246) y:      Live:         -                 0M (0%)            0M (0%)            0M (0%)     
[23.786s][info][gc,heap     ] GC(246) y:   Garbage:         -               899M (88%)          33M (3%)           33M (3%)     
[23.786s][info][gc,heap     ] GC(246) y: Allocated:         -                34M (3%)           34M (3%)           34M (3%)     
[23.786s][info][gc,heap     ] GC(246) y: Reclaimed:         -                  -               866M (85%)         866M (85%)    
[23.786s][info][gc,heap     ] GC(246) y:  Promoted:         -                  -                 0M (0%)            0M (0%)     
[23.786s][info][gc,heap     ] GC(246) y: Compacted:         -                  -                  -                 0M (0%)     
[23.786s][info][gc,phases   ] GC(246) y: Young Generation 940M(92%)->108M(11%) 0.002s
[23.786s][info][gc          ] GC(246) Minor Collection (Allocation Rate) 940M(92%)->108M(11%) 0.003s
[23.853s][info][gc          ] GC(247) Minor Collection (Allocation Rate)
[23.853s][info][gc,task     ] GC(247) Using 2 Workers for Young Generation
[23.853s][info][gc,phases   ] GC(247) y: Young Generation
[23.854s][info][gc,phases   ] GC(247) y: Pause Mark Start 0.006ms
[23.855s][info][gc,phases   ] GC(247) y: Concurrent Mark 1.395ms
[23.855s][info][gc,phases   ] GC(247) y: Pause Mark End 0.006ms
[23.855s][info][gc,phases   ] GC(247) y: Concurrent Mark Free 0.000ms
[23.855s][info][gc,phases   ] GC(247) y: Concurrent Reset Relocation Set 0.000ms
[23.856s][info][gc,reloc    ] GC(247) y: Using tenuring threshold: 1 (Computed)
[23.856s][info][gc,phases   ] GC(247) y: Concurrent Select Relocation Set 1.035ms
[23.856s][info][gc,phases   ] GC(247) y: Pause Relocate Start 0.006ms
[23.856s][info][gc,phases   ] GC(247) y: Concurrent Relocate 0.017ms
[23.856s][info][gc,alloc    ] GC(247) y:                         Mark Start        Mark End      Relocate Start    Relocate End   
[23.856s][info][gc,alloc    ] GC(247) y: Allocation Stalls:          0                0                0                0         
[23.856s][info][gc,load     ] GC(247) y: Load: 3.08 (31%) / 3.05 (31%) / 3.15 (31%)
[23.856s][info][gc,mmu      ] GC(247) y: MMU: 2ms/99.0%, 5ms/99.5%, 10ms/99.7%, 20ms/99.7%, 50ms/99.8%, 100ms/99.9%
[23.856s][info][gc,marking  ] GC(247) y: Mark: 2 stripe(s), 2 proactive flush(es), 1 terminate flush(es), 0 completion(s), 0 continuation(s) 
[23.856s][info][gc,marking  ] GC(247) y: Mark Stack Usage: 32M
[23.856s][info][gc,nmethod  ] GC(247) y: NMethods: 1587 registered, 168 unregistered
[23.856s][info][gc,metaspace] GC(247) y: Metaspace: 9M used, 10M committed, 1088M reserved
[23.856s][info][gc,reloc    ] GC(247) y:                        Candidates     Selected     In-Place         Size        Empty    Relocated 
[23.856s][info][gc,reloc    ] GC(247) y: Small Pages:                    2            0            0           4M           2M           0M 
[23.856s][info][gc,reloc    ] GC(247) y: Medium Pages:                  27            0            0         864M         864M           0M 
[23.856s][info][gc,reloc    ] GC(247) y: Large Pages:                    0            0            0           0M           0M           0M 
[23.856s][info][gc,reloc    ] GC(247) y: Forwarding Usage: 0M
[23.856s][info][gc,reloc    ] GC(247) y: Age Table:
[23.856s][info][gc,reloc    ] GC(247) y:                    Live             Garbage             Small              Medium             Large        
[23.856s][info][gc,reloc    ] GC(247) y: Eden               0M (0%)          833M (81%)          1 / 0             26 / 0              0 / 0        
[23.856s][info][gc,reloc    ] GC(247) y: Survivor 1          -                34M (3%)           1 / 0              1 / 0              0 / 0        
[23.856s][info][gc,heap     ] GC(247) y: Min Capacity: 8M(1%)
[23.856s][info][gc,heap     ] GC(247) y: Max Capacity: 1024M(100%)
[23.856s][info][gc,heap     ] GC(247) y: Soft Max Capacity: 1024M(100%)
[23.856s][info][gc,heap     ] GC(247) y: Heap Statistics:
[23.856s][info][gc,heap     ] GC(247) y:                Mark Start          Mark End        Relocate Start      Relocate End           High               Low         
[23.856s][info][gc,heap     ] GC(247) y:  Capacity:     1024M (100%)       1024M (100%)       1024M (100%)       1024M (100%)       1024M (100%)       1024M (100%)   
[23.856s][info][gc,heap     ] GC(247) y:      Free:      116M (11%)          82M (8%)          948M (93%)         948M (93%)         948M (93%)          82M (8%)     
[23.856s][info][gc,heap     ] GC(247) y:      Used:      908M (89%)         942M (92%)          76M (7%)           76M (7%)          942M (92%)          76M (7%)     
[23.856s][info][gc,heap     ] GC(247) y: Young Generation Statistics:
[23.856s][info][gc,heap     ] GC(247) y:                Mark Start          Mark End        Relocate Start      Relocate End    
[23.856s][info][gc,heap     ] GC(247) y:      Used:      868M (85%)         902M (88%)          36M (4%)           36M (4%)     
[23.856s][info][gc,heap     ] GC(247) y:      Live:         -                 0M (0%)            0M (0%)            0M (0%)     
[23.856s][info][gc,heap     ] GC(247) y:   Garbage:         -               867M (85%)           1M (0%)            1M (0%)     
[23.856s][info][gc,heap     ] GC(247) y: Allocated:         -                34M (3%)           34M (3%)           34M (3%)     
[23.856s][info][gc,heap     ] GC(247) y: Reclaimed:         -                  -               866M (85%)         866M (85%)    
[23.856s][info][gc,heap     ] GC(247) y:  Promoted:         -                  -                 0M (0%)            0M (0%)     
[23.856s][info][gc,heap     ] GC(247) y: Compacted:         -                  -                  -                 0M (0%)     
[23.856s][info][gc,phases   ] GC(247) y: Young Generation 908M(89%)->76M(7%) 0.003s
[23.856s][info][gc          ] GC(247) Minor Collection (Allocation Rate) 908M(89%)->76M(7%) 0.003s
[23.926s][info][gc          ] GC(248) Minor Collection (Allocation Rate)
[23.926s][info][gc,task     ] GC(248) Using 2 Workers for Young Generation
[23.926s][info][gc,phases   ] GC(248) y: Young Generation
[23.926s][info][gc,phases   ] GC(248) y: Pause Mark Start 0.005ms
[23.928s][info][gc,phases   ] GC(248) y: Concurrent Mark 1.354ms
[23.928s][info][gc,phases   ] GC(248) y: Pause Mark End 0.005ms
[23.928s][info][gc,phases   ] GC(248) y: Concurrent Mark Free 0.000ms
[23.928s][info][gc,phases   ] GC(248) y: Concurrent Reset Relocation Set 0.000ms
[23.929s][info][gc,reloc    ] GC(248) y: Using tenuring threshold: 1 (Computed)
[23.929s][info][gc,phases   ] GC(248) y: Concurrent Select Relocation Set 1.024ms
[23.929s][info][gc,phases   ] GC(248) y: Pause Relocate Start 0.004ms
[23.929s][info][gc,phases   ] GC(248) y: Concurrent Relocate 0.016ms
[23.929s][info][gc,alloc    ] GC(248) y:                         Mark Start        Mark End      Relocate Start    Relocate End   
[23.929s][info][gc,alloc    ] GC(248) y: Allocation Stalls:          0                0                0                0         
[23.929s][info][gc,load     ] GC(248) y: Load: 3.08 (31%) / 3.05 (31%) / 3.15 (31%)
[23.929s][info][gc,mmu      ] GC(248) y: MMU: 2ms/99.0%, 5ms/99.5%, 10ms/99.7%, 20ms/99.7%, 50ms/99.8%, 100ms/99.9%
[23.929s][info][gc,marking  ] GC(248) y: Mark: 2 stripe(s), 2 proactive flush(es), 1 terminate flush(es), 0 completion(s), 0 continuation(s) 
[23.929s][info][gc,marking  ] GC(248) y: Mark Stack Usage: 32M
[23.929s][info][gc,nmethod  ] GC(248) y: NMethods: 1587 registered, 168 unregistered
[23.929s][info][gc,metaspace] GC(248) y: Metaspace: 9M used, 10M committed, 1088M reserved
[23.929s][info][gc,reloc    ] GC(248) y:                        Candidates     Selected     In-Place         Size        Empty    Relocated 
[23.929s][info][gc,reloc    ] GC(248) y: Small Pages:                    2            0            0           4M           2M           0M 
[23.929s][info][gc,reloc    ] GC(248) y: Medium Pages:                  27            0            0         864M         832M           0M 
[23.929s][info][gc,reloc    ] GC(248) y: Large Pages:                    0            0            0           0M           0M           0M 
[23.929s][info][gc,reloc    ] GC(248) y: Forwarding Usage: 0M
[23.929s][info][gc,reloc    ] GC(248) y: Age Table:
[23.929s][info][gc,reloc    ] GC(248) y:                    Live             Garbage             Small              Medium             Large        
[23.929s][info][gc,reloc    ] GC(248) y: Eden               0M (0%)          865M (85%)          1 / 0             27 / 0              0 / 0        
[23.929s][info][gc,reloc    ] GC(248) y: Survivor 1          -                 2M (0%)           1 / 0              0 / 0              0 / 0        
[23.929s][info][gc,heap     ] GC(248) y: Min Capacity: 8M(1%)
[23.929s][info][gc,heap     ] GC(248) y: Max Capacity: 1024M(100%)
[23.929s][info][gc,heap     ] GC(248) y: Soft Max Capacity: 1024M(100%)
[23.929s][info][gc,heap     ] GC(248) y: Heap Statistics:
[23.929s][info][gc,heap     ] GC(248) y:                Mark Start          Mark End        Relocate Start      Relocate End           High               Low         
[23.929s][info][gc,heap     ] GC(248) y:  Capacity:     1024M (100%)       1024M (100%)       1024M (100%)       1024M (100%)       1024M (100%)       1024M (100%)   
[23.929s][info][gc,heap     ] GC(248) y:      Free:      116M (11%)          82M (8%)          916M (89%)         916M (89%)         916M (89%)          82M (8%)     
[23.929s][info][gc,heap     ] GC(248) y:      Used:      908M (89%)         942M (92%)         108M (11%)         108M (11%)         942M (92%)         108M (11%)    
[23.929s][info][gc,heap     ] GC(248) y: Young Generation Statistics:
[23.929s][info][gc,heap     ] GC(248) y:                Mark Start          Mark End        Relocate Start      Relocate End    
[23.929s][info][gc,heap     ] GC(248) y:      Used:      868M (85%)         902M (88%)          68M (7%)           68M (7%)     
[23.929s][info][gc,heap     ] GC(248) y:      Live:         -                 0M (0%)            0M (0%)            0M (0%)     
[23.929s][info][gc,heap     ] GC(248) y:   Garbage:         -               867M (85%)          33M (3%)           33M (3%)     
[23.929s][info][gc,heap     ] GC(248) y: Allocated:         -                34M (3%)           34M (3%)           34M (3%)     
[23.929s][info][gc,heap     ] GC(248) y: Reclaimed:         -                  -               834M (81%)         834M (81%)    
[23.929s][info][gc,heap     ] GC(248) y:  Promoted:         -                  -                 0M (0%)            0M (0%)     
[23.929s][info][gc,heap     ] GC(248) y: Compacted:         -                  -                  -                 0M (0%)     
[23.929s][info][gc,phases   ] GC(248) y: Young Generation 908M(89%)->108M(11%) 0.003s
[23.929s][info][gc          ] GC(248) Minor Collection (Allocation Rate) 908M(89%)->108M(11%) 0.003s
[23.994s][info][gc          ] GC(249) Minor Collection (Allocation Rate)
[23.994s][info][gc,task     ] GC(249) Using 1 Workers for Young Generation
[23.994s][info][gc,phases   ] GC(249) y: Young Generation
[23.994s][info][gc,phases   ] GC(249) y: Pause Mark Start 0.004ms
[23.996s][info][gc,phases   ] GC(249) y: Concurrent Mark 2.267ms
[23.996s][info][gc,phases   ] GC(249) y: Pause Mark End 0.005ms
[23.996s][info][gc,phases   ] GC(249) y: Concurrent Mark Free 0.000ms
[23.996s][info][gc,phases   ] GC(249) y: Concurrent Reset Relocation Set 0.000ms
[23.997s][info][gc,reloc    ] GC(249) y: Using tenuring threshold: 1 (Computed)
[23.997s][info][gc,phases   ] GC(249) y: Concurrent Select Relocation Set 1.117ms
[23.997s][info][gc,phases   ] GC(249) y: Pause Relocate Start 0.004ms
[23.998s][info][gc,phases   ] GC(249) y: Concurrent Relocate 0.034ms
[23.998s][info][gc,alloc    ] GC(249) y:                         Mark Start        Mark End      Relocate Start    Relocate End   
[23.998s][info][gc,alloc    ] GC(249) y: Allocation Stalls:          0                0                0                0         
[23.998s][info][gc,load     ] GC(249) y: Load: 3.08 (31%) / 3.05 (31%) / 3.15 (31%)
[23.998s][info][gc,mmu      ] GC(249) y: MMU: 2ms/99.0%, 5ms/99.5%, 10ms/99.7%, 20ms/99.7%, 50ms/99.8%, 100ms/99.9%
[23.998s][info][gc,marking  ] GC(249) y: Mark: 1 stripe(s), 2 proactive flush(es), 1 terminate flush(es), 0 completion(s), 0 continuation(s) 
[23.998s][info][gc,marking  ] GC(249) y: Mark Stack Usage: 32M
[23.998s][info][gc,nmethod  ] GC(249) y: NMethods: 1587 registered, 168 unregistered
[23.998s][info][gc,metaspace] GC(249) y: Metaspace: 9M used, 10M committed, 1088M reserved
[23.998s][info][gc,reloc    ] GC(249) y:                        Candidates     Selected     In-Place         Size        Empty    Relocated 
[23.998s][info][gc,reloc    ] GC(249) y: Small Pages:                    2            0            0           4M           2M           0M 
[23.998s][info][gc,reloc    ] GC(249) y: Medium Pages:                  26            0            0         832M         800M           0M 
[23.998s][info][gc,reloc    ] GC(249) y: Large Pages:                    0            0            0           0M           0M           0M 
[23.998s][info][gc,reloc    ] GC(249) y: Forwarding Usage: 0M
[23.998s][info][gc,reloc    ] GC(249) y: Age Table:
[23.998s][info][gc,reloc    ] GC(249) y:                    Live             Garbage             Small              Medium             Large        
[23.998s][info][gc,reloc    ] GC(249) y: Eden               0M (0%)          801M (78%)          1 / 0             25 / 0              0 / 0        
[23.998s][info][gc,reloc    ] GC(249) y: Survivor 1          -                34M (3%)           1 / 0              1 / 0              0 / 0        
[23.998s][info][gc,heap     ] GC(249) y: Min Capacity: 8M(1%)
[23.998s][info][gc,heap     ] GC(249) y: Max Capacity: 1024M(100%)
[23.998s][info][gc,heap     ] GC(249) y: Soft Max Capacity: 1024M(100%)
[23.998s][info][gc,heap     ] GC(249) y: Heap Statistics:
[23.998s][info][gc,heap     ] GC(249) y:                Mark Start          Mark End        Relocate Start      Relocate End           High               Low         
[23.998s][info][gc,heap     ] GC(249) y:  Capacity:     1024M (100%)       1024M (100%)       1024M (100%)       1024M (100%)       1024M (100%)       1024M (100%)   
[23.998s][info][gc,heap     ] GC(249) y:      Free:      148M (14%)         114M (11%)         884M (86%)         884M (86%)         884M (86%)          82M (8%)     
[23.998s][info][gc,heap     ] GC(249) y:      Used:      876M (86%)         910M (89%)         140M (14%)         140M (14%)         942M (92%)         140M (14%)    
[23.998s][info][gc,heap     ] GC(249) y: Young Generation Statistics:
[23.998s][info][gc,heap     ] GC(249) y:                Mark Start          Mark End        Relocate Start      Relocate End    
[23.998s][info][gc,heap     ] GC(249) y:      Used:      836M (82%)         870M (85%)         100M (10%)         100M (10%)    
[23.998s][info][gc,heap     ] GC(249) y:      Live:         -                 0M (0%)            0M (0%)            0M (0%)     
[23.998s][info][gc,heap     ] GC(249) y:   Garbage:         -               835M (82%)          33M (3%)           33M (3%)     
[23.998s][info][gc,heap     ] GC(249) y: Allocated:         -                34M (3%)           66M (6%)           66M (6%)     
[23.998s][info][gc,heap     ] GC(249) y: Reclaimed:         -                  -               802M (78%)         802M (78%)    
[23.998s][info][gc,heap     ] GC(249) y:  Promoted:         -                  -                 0M (0%)            0M (0%)     
[23.998s][info][gc,heap     ] GC(249) y: Compacted:         -                  -                  -                 0M (0%)     
[23.998s][info][gc,phases   ] GC(249) y: Young Generation 876M(86%)->140M(14%) 0.004s
[23.998s][info][gc          ] GC(249) Minor Collection (Allocation Rate) 876M(86%)->140M(14%) 0.004s
[24.061s][info][gc          ] GC(250) Minor Collection (Allocation Rate)
[24.061s][info][gc,task     ] GC(250) Using 1 Workers for Young Generation
[24.061s][info][gc,phases   ] GC(250) y: Young Generation
[24.061s][info][gc,phases   ] GC(250) y: Pause Mark Start 0.004ms
[24.063s][info][gc,phases   ] GC(250) y: Concurrent Mark 1.980ms
[24.064s][info][gc,phases   ] GC(250) y: Pause Mark End 0.006ms
[24.064s][info][gc,phases   ] GC(250) y: Concurrent Mark Free 0.000ms
[24.064s][info][gc,phases   ] GC(250) y: Concurrent Reset Relocation Set 0.000ms
[24.065s][info][gc,reloc    ] GC(250) y: Using tenuring threshold: 1 (Computed)
[24.065s][info][gc,phases   ] GC(250) y: Concurrent Select Relocation Set 1.028ms
[24.065s][info][gc,phases   ] GC(250) y: Pause Relocate Start 0.005ms
[24.065s][info][gc,phases   ] GC(250) y: Concurrent Relocate 0.020ms
[24.065s][info][gc,alloc    ] GC(250) y:                         Mark Start        Mark End      Relocate Start    Relocate End   
[24.065s][info][gc,alloc    ] GC(250) y: Allocation Stalls:          0                0                0                0         
[24.065s][info][gc,load     ] GC(250) y: Load: 3.08 (31%) / 3.05 (31%) / 3.15 (31%)
[24.065s][info][gc,mmu      ] GC(250) y: MMU: 2ms/99.0%, 5ms/99.5%, 10ms/99.7%, 20ms/99.7%, 50ms/99.8%, 100ms/99.9%
[24.065s][info][gc,marking  ] GC(250) y: Mark: 1 stripe(s), 2 proactive flush(es), 1 terminate flush(es), 0 completion(s), 0 continuation(s) 
[24.065s][info][gc,marking  ] GC(250) y: Mark Stack Usage: 32M
[24.065s][info][gc,nmethod  ] GC(250) y: NMethods: 1587 registered, 168 unregistered
[24.065s][info][gc,metaspace] GC(250) y: Metaspace: 9M used, 10M committed, 1088M reserved
[24.065s][info][gc,reloc    ] GC(250) y:                        Candidates     Selected     In-Place         Size        Empty    Relocated 
[24.065s][info][gc,reloc    ] GC(250) y: Small Pages:                    2            0            0           4M           2M           0M 
[24.065s][info][gc,reloc    ] GC(250) y: Medium Pages:                  26            0            0         832M         800M           0M 
[24.065s][info][gc,reloc    ] GC(250) y: Large Pages:                    0            0            0           0M           0M           0M 
[24.065s][info][gc,reloc    ] GC(250) y: Forwarding Usage: 0M
[24.065s][info][gc,reloc    ] GC(250) y: Age Table:
[24.065s][info][gc,reloc    ] GC(250) y:                    Live             Garbage             Small              Medium             Large        
[24.065s][info][gc,reloc    ] GC(250) y: Eden               0M (0%)          801M (78%)          1 / 0             25 / 0              0 / 0        
[24.065s][info][gc,reloc    ] GC(250) y: Survivor 1          -                34M (3%)           1 / 0              1 / 0              0 / 0        
[24.065s][info][gc,heap     ] GC(250) y: Min Capacity: 8M(1%)
[24.065s][info][gc,heap     ] GC(250) y: Max Capacity: 1024M(100%)
[24.065s][info][gc,heap     ] GC(250) y: Soft Max Capacity: 1024M(100%)
[24.065s][info][gc,heap     ] GC(250) y: Heap Statistics:
[24.065s][info][gc,heap     ] GC(250) y:                Mark Start          Mark End        Relocate Start      Relocate End           High               Low         
[24.065s][info][gc,heap     ] GC(250) y:  Capacity:     1024M (100%)       1024M (100%)       1024M (100%)       1024M (100%)       1024M (100%)       1024M (100%)   
[24.065s][info][gc,heap     ] GC(250) y:      Free:      148M (14%)         114M (11%)         884M (86%)         884M (86%)         916M (89%)         114M (11%)    
[24.065s][info][gc,heap     ] GC(250) y:      Used:      876M (86%)         910M (89%)         140M (14%)         140M (14%)         910M (89%)         108M (11%)    
[24.065s][info][gc,heap     ] GC(250) y: Young Generation Statistics:
[24.065s][info][gc,heap     ] GC(250) y:                Mark Start          Mark End        Relocate Start      Relocate End    
[24.065s][info][gc,heap     ] GC(250) y:      Used:      836M (82%)         870M (85%)         100M (10%)         100M (10%)    
[24.065s][info][gc,heap     ] GC(250) y:      Live:         -                 0M (0%)            0M (0%)            0M (0%)     
[24.065s][info][gc,heap     ] GC(250) y:   Garbage:         -               835M (82%)          33M (3%)           33M (3%)     
[24.065s][info][gc,heap     ] GC(250) y: Allocated:         -                34M (3%)           66M (6%)           66M (6%)     
[24.065s][info][gc,heap     ] GC(250) y: Reclaimed:         -                  -               802M (78%)         802M (78%)    
[24.065s][info][gc,heap     ] GC(250) y:  Promoted:         -                  -                 0M (0%)            0M (0%)     
[24.065s][info][gc,heap     ] GC(250) y: Compacted:         -                  -                  -                 0M (0%)     
[24.065s][info][gc,phases   ] GC(250) y: Young Generation 876M(86%)->140M(14%) 0.003s
[24.065s][info][gc          ] GC(250) Minor Collection (Allocation Rate) 876M(86%)->140M(14%) 0.004s
[24.129s][info][gc          ] GC(251) Minor Collection (Allocation Rate)
[24.129s][info][gc,task     ] GC(251) Using 1 Workers for Young Generation
[24.129s][info][gc,phases   ] GC(251) y: Young Generation
[24.129s][info][gc,phases   ] GC(251) y: Pause Mark Start 0.006ms
[24.131s][info][gc,phases   ] GC(251) y: Concurrent Mark 1.592ms
[24.131s][info][gc,phases   ] GC(251) y: Pause Mark End 0.005ms
[24.131s][info][gc,phases   ] GC(251) y: Concurrent Mark Free 0.000ms
[24.131s][info][gc,phases   ] GC(251) y: Concurrent Reset Relocation Set 0.000ms
[24.132s][info][gc,reloc    ] GC(251) y: Using tenuring threshold: 1 (Computed)
[24.132s][info][gc,phases   ] GC(251) y: Concurrent Select Relocation Set 1.046ms
[24.132s][info][gc,phases   ] GC(251) y: Pause Relocate Start 0.005ms
[24.132s][info][gc,phases   ] GC(251) y: Concurrent Relocate 0.016ms
[24.132s][info][gc,alloc    ] GC(251) y:                         Mark Start        Mark End      Relocate Start    Relocate End   
[24.132s][info][gc,alloc    ] GC(251) y: Allocation Stalls:          0                0                0                0         
[24.132s][info][gc,load     ] GC(251) y: Load: 3.08 (31%) / 3.05 (31%) / 3.15 (31%)
[24.132s][info][gc,mmu      ] GC(251) y: MMU: 2ms/99.0%, 5ms/99.5%, 10ms/99.7%, 20ms/99.7%, 50ms/99.8%, 100ms/99.9%
[24.132s][info][gc,marking  ] GC(251) y: Mark: 1 stripe(s), 2 proactive flush(es), 1 terminate flush(es), 0 completion(s), 0 continuation(s) 
[24.132s][info][gc,marking  ] GC(251) y: Mark Stack Usage: 32M
[24.132s][info][gc,nmethod  ] GC(251) y: NMethods: 1587 registered, 168 unregistered
[24.132s][info][gc,metaspace] GC(251) y: Metaspace: 9M used, 10M committed, 1088M reserved
[24.132s][info][gc,reloc    ] GC(251) y:                        Candidates     Selected     In-Place         Size        Empty    Relocated 
[24.132s][info][gc,reloc    ] GC(251) y: Small Pages:                    2            0            0           4M           2M           0M 
[24.132s][info][gc,reloc    ] GC(251) y: Medium Pages:                  26            0            0         832M         800M           0M 
[24.132s][info][gc,reloc    ] GC(251) y: Large Pages:                    0            0            0           0M           0M           0M 
[24.132s][info][gc,reloc    ] GC(251) y: Forwarding Usage: 0M
[24.132s][info][gc,reloc    ] GC(251) y: Age Table:
[24.132s][info][gc,reloc    ] GC(251) y:                    Live             Garbage             Small              Medium             Large        
[24.132s][info][gc,reloc    ] GC(251) y: Eden               0M (0%)          801M (78%)          1 / 0             25 / 0              0 / 0        
[24.132s][info][gc,reloc    ] GC(251) y: Survivor 1          -                34M (3%)           1 / 0              1 / 0              0 / 0        
[24.132s][info][gc,heap     ] GC(251) y: Min Capacity: 8M(1%)
[24.132s][info][gc,heap     ] GC(251) y: Max Capacity: 1024M(100%)
[24.132s][info][gc,heap     ] GC(251) y: Soft Max Capacity: 1024M(100%)
[24.132s][info][gc,heap     ] GC(251) y: Heap Statistics:
[24.132s][info][gc,heap     ] GC(251) y:                Mark Start          Mark End        Relocate Start      Relocate End           High               Low         
[24.132s][info][gc,heap     ] GC(251) y:  Capacity:     1024M (100%)       1024M (100%)       1024M (100%)       1024M (100%)       1024M (100%)       1024M (100%)   
[24.132s][info][gc,heap     ] GC(251) y:      Free:      148M (14%)         114M (11%)         916M (89%)         916M (89%)         916M (89%)         114M (11%)    
[24.132s][info][gc,heap     ] GC(251) y:      Used:      876M (86%)         910M (89%)         108M (11%)         108M (11%)         910M (89%)         108M (11%)    
[24.132s][info][gc,heap     ] GC(251) y: Young Generation Statistics:
[24.132s][info][gc,heap     ] GC(251) y:                Mark Start          Mark End        Relocate Start      Relocate End    
[24.132s][info][gc,heap     ] GC(251) y:      Used:      836M (82%)         870M (85%)          68M (7%)           68M (7%)     
[24.132s][info][gc,heap     ] GC(251) y:      Live:         -                 0M (0%)            0M (0%)            0M (0%)     
[24.132s][info][gc,heap     ] GC(251) y:   Garbage:         -               835M (82%)          33M (3%)           33M (3%)     
[24.132s][info][gc,heap     ] GC(251) y: Allocated:         -                34M (3%)           34M (3%)           34M (3%)     
[24.132s][info][gc,heap     ] GC(251) y: Reclaimed:         -                  -               802M (78%)         802M (78%)    
[24.132s][info][gc,heap     ] GC(251) y:  Promoted:         -                  -                 0M (0%)            0M (0%)     
[24.132s][info][gc,heap     ] GC(251) y: Compacted:         -                  -                  -                 0M (0%)     
[24.132s][info][gc,phases   ] GC(251) y: Young Generation 876M(86%)->108M(11%) 0.003s
[24.132s][info][gc          ] GC(251) Minor Collection (Allocation Rate) 876M(86%)->108M(11%) 0.003s
[24.202s][info][gc          ] GC(252) Minor Collection (Allocation Rate)
[24.202s][info][gc,task     ] GC(252) Using 3 Workers for Young Generation
[24.202s][info][gc,phases   ] GC(252) y: Young Generation
[24.202s][info][gc,phases   ] GC(252) y: Pause Mark Start 0.006ms
[24.203s][info][gc,phases   ] GC(252) y: Concurrent Mark 1.028ms
[24.203s][info][gc,phases   ] GC(252) y: Pause Mark End 0.004ms
[24.203s][info][gc,phases   ] GC(252) y: Concurrent Mark Free 0.000ms
[24.203s][info][gc,phases   ] GC(252) y: Concurrent Reset Relocation Set 0.000ms
[24.204s][info][gc,reloc    ] GC(252) y: Using tenuring threshold: 1 (Computed)
[24.204s][info][gc,phases   ] GC(252) y: Concurrent Select Relocation Set 1.049ms
[24.204s][info][gc,phases   ] GC(252) y: Pause Relocate Start 0.004ms
[24.205s][info][gc,phases   ] GC(252) y: Concurrent Relocate 0.039ms
[24.205s][info][gc,alloc    ] GC(252) y:                         Mark Start        Mark End      Relocate Start    Relocate End   
[24.205s][info][gc,alloc    ] GC(252) y: Allocation Stalls:          0                0                0                0         
[24.205s][info][gc,load     ] GC(252) y: Load: 3.08 (31%) / 3.05 (31%) / 3.15 (31%)
[24.205s][info][gc,mmu      ] GC(252) y: MMU: 2ms/99.0%, 5ms/99.5%, 10ms/99.7%, 20ms/99.7%, 50ms/99.8%, 100ms/99.9%
[24.205s][info][gc,marking  ] GC(252) y: Mark: 2 stripe(s), 2 proactive flush(es), 1 terminate flush(es), 0 completion(s), 0 continuation(s) 
[24.205s][info][gc,marking  ] GC(252) y: Mark Stack Usage: 32M
[24.205s][info][gc,nmethod  ] GC(252) y: NMethods: 1587 registered, 168 unregistered
[24.205s][info][gc,metaspace] GC(252) y: Metaspace: 9M used, 10M committed, 1088M reserved
[24.205s][info][gc,reloc    ] GC(252) y:                        Candidates     Selected     In-Place         Size        Empty    Relocated 
[24.205s][info][gc,reloc    ] GC(252) y: Small Pages:                    2            0            0           4M           2M           0M 
[24.205s][info][gc,reloc    ] GC(252) y: Medium Pages:                  28            0            0         896M         864M           0M 
[24.205s][info][gc,reloc    ] GC(252) y: Large Pages:                    0            0            0           0M           0M           0M 
[24.205s][info][gc,reloc    ] GC(252) y: Forwarding Usage: 0M
[24.205s][info][gc,reloc    ] GC(252) y: Age Table:
[24.205s][info][gc,reloc    ] GC(252) y:                    Live             Garbage             Small              Medium             Large        
[24.205s][info][gc,reloc    ] GC(252) y: Eden               0M (0%)          865M (84%)          1 / 0             27 / 0              0 / 0        
[24.205s][info][gc,reloc    ] GC(252) y: Survivor 1          -                34M (3%)           1 / 0              1 / 0              0 / 0        
[24.205s][info][gc,heap     ] GC(252) y: Min Capacity: 8M(1%)
[24.205s][info][gc,heap     ] GC(252) y: Max Capacity: 1024M(100%)
[24.205s][info][gc,heap     ] GC(252) y: Soft Max Capacity: 1024M(100%)
[24.205s][info][gc,heap     ] GC(252) y: Heap Statistics:
[24.205s][info][gc,heap     ] GC(252) y:                Mark Start          Mark End        Relocate Start      Relocate End           High               Low         
[24.205s][info][gc,heap     ] GC(252) y:  Capacity:     1024M (100%)       1024M (100%)       1024M (100%)       1024M (100%)       1024M (100%)       1024M (100%)   
[24.205s][info][gc,heap     ] GC(252) y:      Free:       84M (8%)           50M (5%)          916M (89%)         916M (89%)         916M (89%)          50M (5%)     
[24.205s][info][gc,heap     ] GC(252) y:      Used:      940M (92%)         974M (95%)         108M (11%)         108M (11%)         974M (95%)         108M (11%)    
[24.205s][info][gc,heap     ] GC(252) y: Young Generation Statistics:
[24.205s][info][gc,heap     ] GC(252) y:                Mark Start          Mark End        Relocate Start      Relocate End    
[24.205s][info][gc,heap     ] GC(252) y:      Used:      900M (88%)         934M (91%)          68M (7%)           68M (7%)     
[24.205s][info][gc,heap     ] GC(252) y:      Live:         -                 0M (0%)            0M (0%)            0M (0%)     
[24.205s][info][gc,heap     ] GC(252) y:   Garbage:         -               899M (88%)          33M (3%)           33M (3%)     
[24.205s][info][gc,heap     ] GC(252) y: Allocated:         -                34M (3%)           34M (3%)           34M (3%)     
[24.205s][info][gc,heap     ] GC(252) y: Reclaimed:         -                  -               866M (85%)         866M (85%)    
[24.205s][info][gc,heap     ] GC(252) y:  Promoted:         -                  -                 0M (0%)            0M (0%)     
[24.205s][info][gc,heap     ] GC(252) y: Compacted:         -                  -                  -                 0M (0%)     
[24.205s][info][gc,phases   ] GC(252) y: Young Generation 940M(92%)->108M(11%) 0.002s
[24.205s][info][gc          ] GC(252) Minor Collection (Allocation Rate) 940M(92%)->108M(11%) 0.003s
[24.272s][info][gc          ] GC(253) Minor Collection (Allocation Rate)
[24.272s][info][gc,task     ] GC(253) Using 3 Workers for Young Generation
[24.272s][info][gc,phases   ] GC(253) y: Young Generation
[24.272s][info][gc,phases   ] GC(253) y: Pause Mark Start 0.004ms
[24.273s][info][gc,phases   ] GC(253) y: Concurrent Mark 0.895ms
[24.273s][info][gc,phases   ] GC(253) y: Pause Mark End 0.005ms
[24.273s][info][gc,phases   ] GC(253) y: Concurrent Mark Free 0.000ms
[24.273s][info][gc,phases   ] GC(253) y: Concurrent Reset Relocation Set 0.000ms
[24.274s][info][gc,reloc    ] GC(253) y: Using tenuring threshold: 1 (Computed)
[24.274s][info][gc,phases   ] GC(253) y: Concurrent Select Relocation Set 1.103ms
[24.275s][info][gc,phases   ] GC(253) y: Pause Relocate Start 0.008ms
[24.275s][info][gc,phases   ] GC(253) y: Concurrent Relocate 0.031ms
[24.275s][info][gc,alloc    ] GC(253) y:                         Mark Start        Mark End      Relocate Start    Relocate End   
[24.275s][info][gc,alloc    ] GC(253) y: Allocation Stalls:          0                0                0                0         
[24.275s][info][gc,load     ] GC(253) y: Load: 3.08 (31%) / 3.05 (31%) / 3.15 (31%)
[24.275s][info][gc,mmu      ] GC(253) y: MMU: 2ms/99.0%, 5ms/99.5%, 10ms/99.7%, 20ms/99.7%, 50ms/99.8%, 100ms/99.9%
[24.275s][info][gc,marking  ] GC(253) y: Mark: 2 stripe(s), 2 proactive flush(es), 1 terminate flush(es), 0 completion(s), 0 continuation(s) 
[24.275s][info][gc,marking  ] GC(253) y: Mark Stack Usage: 32M
[24.275s][info][gc,nmethod  ] GC(253) y: NMethods: 1587 registered, 168 unregistered
[24.275s][info][gc,metaspace] GC(253) y: Metaspace: 9M used, 10M committed, 1088M reserved
[24.275s][info][gc,reloc    ] GC(253) y:                        Candidates     Selected     In-Place         Size        Empty    Relocated 
[24.275s][info][gc,reloc    ] GC(253) y: Small Pages:                    2            0            0           4M           2M           0M 
[24.275s][info][gc,reloc    ] GC(253) y: Medium Pages:                  27            0            0         864M         832M           0M 
[24.275s][info][gc,reloc    ] GC(253) y: Large Pages:                    0            0            0           0M           0M           0M 
[24.275s][info][gc,reloc    ] GC(253) y: Forwarding Usage: 0M
[24.275s][info][gc,reloc    ] GC(253) y: Age Table:
[24.275s][info][gc,reloc    ] GC(253) y:                    Live             Garbage             Small              Medium             Large        
[24.275s][info][gc,reloc    ] GC(253) y: Eden               0M (0%)          833M (81%)          1 / 0             26 / 0              0 / 0        
[24.275s][info][gc,reloc    ] GC(253) y: Survivor 1          -                34M (3%)           1 / 0              1 / 0              0 / 0        
[24.275s][info][gc,heap     ] GC(253) y: Min Capacity: 8M(1%)
[24.275s][info][gc,heap     ] GC(253) y: Max Capacity: 1024M(100%)
[24.275s][info][gc,heap     ] GC(253) y: Soft Max Capacity: 1024M(100%)
[24.275s][info][gc,heap     ] GC(253) y: Heap Statistics:
[24.275s][info][gc,heap     ] GC(253) y:                Mark Start          Mark End        Relocate Start      Relocate End           High               Low         
[24.275s][info][gc,heap     ] GC(253) y:  Capacity:     1024M (100%)       1024M (100%)       1024M (100%)       1024M (100%)       1024M (100%)       1024M (100%)   
[24.275s][info][gc,heap     ] GC(253) y:      Free:      116M (11%)          82M (8%)          916M (89%)         916M (89%)         916M (89%)          82M (8%)     
[24.275s][info][gc,heap     ] GC(253) y:      Used:      908M (89%)         942M (92%)         108M (11%)         108M (11%)         942M (92%)         108M (11%)    
[24.275s][info][gc,heap     ] GC(253) y: Young Generation Statistics:
[24.275s][info][gc,heap     ] GC(253) y:                Mark Start          Mark End        Relocate Start      Relocate End    
[24.275s][info][gc,heap     ] GC(253) y:      Used:      868M (85%)         902M (88%)          68M (7%)           68M (7%)     
[24.275s][info][gc,heap     ] GC(253) y:      Live:         -                 0M (0%)            0M (0%)            0M (0%)     
[24.275s][info][gc,heap     ] GC(253) y:   Garbage:         -               867M (85%)          33M (3%)           33M (3%)     
[24.275s][info][gc,heap     ] GC(253) y: Allocated:         -                34M (3%)           34M (3%)           34M (3%)     
[24.275s][info][gc,heap     ] GC(253) y: Reclaimed:         -                  -               834M (81%)         834M (81%)    
[24.275s][info][gc,heap     ] GC(253) y:  Promoted:         -                  -                 0M (0%)            0M (0%)     
[24.275s][info][gc,heap     ] GC(253) y: Compacted:         -                  -                  -                 0M (0%)     
[24.275s][info][gc,phases   ] GC(253) y: Young Generation 908M(89%)->108M(11%) 0.002s
[24.275s][info][gc          ] GC(253) Minor Collection (Allocation Rate) 908M(89%)->108M(11%) 0.002s
[24.345s][info][gc          ] GC(254) Minor Collection (Allocation Rate)
[24.345s][info][gc,task     ] GC(254) Using 3 Workers for Young Generation
[24.345s][info][gc,phases   ] GC(254) y: Young Generation
[24.345s][info][gc,phases   ] GC(254) y: Pause Mark Start 0.004ms
[24.346s][info][gc,phases   ] GC(254) y: Concurrent Mark 1.000ms
[24.346s][info][gc,phases   ] GC(254) y: Pause Mark End 0.004ms
[24.347s][info][gc,phases   ] GC(254) y: Concurrent Mark Free 0.000ms
[24.347s][info][gc,phases   ] GC(254) y: Concurrent Reset Relocation Set 0.000ms
[24.348s][info][gc,reloc    ] GC(254) y: Using tenuring threshold: 1 (Computed)
[24.348s][info][gc,phases   ] GC(254) y: Concurrent Select Relocation Set 1.059ms
[24.348s][info][gc,phases   ] GC(254) y: Pause Relocate Start 0.010ms
[24.348s][info][gc,phases   ] GC(254) y: Concurrent Relocate 0.045ms
[24.348s][info][gc,alloc    ] GC(254) y:                         Mark Start        Mark End      Relocate Start    Relocate End   
[24.348s][info][gc,alloc    ] GC(254) y: Allocation Stalls:          0                0                0                0         
[24.348s][info][gc,load     ] GC(254) y: Load: 3.08 (31%) / 3.05 (31%) / 3.15 (31%)
[24.348s][info][gc,mmu      ] GC(254) y: MMU: 2ms/99.0%, 5ms/99.5%, 10ms/99.7%, 20ms/99.7%, 50ms/99.8%, 100ms/99.9%
[24.348s][info][gc,marking  ] GC(254) y: Mark: 2 stripe(s), 2 proactive flush(es), 1 terminate flush(es), 0 completion(s), 0 continuation(s) 
[24.348s][info][gc,marking  ] GC(254) y: Mark Stack Usage: 32M
[24.348s][info][gc,nmethod  ] GC(254) y: NMethods: 1587 registered, 168 unregistered
[24.348s][info][gc,metaspace] GC(254) y: Metaspace: 9M used, 10M committed, 1088M reserved
[24.348s][info][gc,reloc    ] GC(254) y:                        Candidates     Selected     In-Place         Size        Empty    Relocated 
[24.348s][info][gc,reloc    ] GC(254) y: Small Pages:                    2            0            0           4M           2M           0M 
[24.348s][info][gc,reloc    ] GC(254) y: Medium Pages:                  28            0            0         896M         864M           0M 
[24.348s][info][gc,reloc    ] GC(254) y: Large Pages:                    0            0            0           0M           0M           0M 
[24.348s][info][gc,reloc    ] GC(254) y: Forwarding Usage: 0M
[24.348s][info][gc,reloc    ] GC(254) y: Age Table:
[24.348s][info][gc,reloc    ] GC(254) y:                    Live             Garbage             Small              Medium             Large        
[24.348s][info][gc,reloc    ] GC(254) y: Eden               0M (0%)          865M (85%)          1 / 0             27 / 0              0 / 0        
[24.348s][info][gc,reloc    ] GC(254) y: Survivor 1          -                34M (3%)           1 / 0              1 / 0              0 / 0        
[24.348s][info][gc,heap     ] GC(254) y: Min Capacity: 8M(1%)
[24.348s][info][gc,heap     ] GC(254) y: Max Capacity: 1024M(100%)
[24.348s][info][gc,heap     ] GC(254) y: Soft Max Capacity: 1024M(100%)
[24.348s][info][gc,heap     ] GC(254) y: Heap Statistics:
[24.348s][info][gc,heap     ] GC(254) y:                Mark Start          Mark End        Relocate Start      Relocate End           High               Low         
[24.348s][info][gc,heap     ] GC(254) y:  Capacity:     1024M (100%)       1024M (100%)       1024M (100%)       1024M (100%)       1024M (100%)       1024M (100%)   
[24.348s][info][gc,heap     ] GC(254) y:      Free:       84M (8%)           50M (5%)          916M (89%)         916M (89%)         916M (89%)          50M (5%)     
[24.348s][info][gc,heap     ] GC(254) y:      Used:      940M (92%)         974M (95%)         108M (11%)         108M (11%)         974M (95%)         108M (11%)    
[24.348s][info][gc,heap     ] GC(254) y: Young Generation Statistics:
[24.348s][info][gc,heap     ] GC(254) y:                Mark Start          Mark End        Relocate Start      Relocate End    
[24.348s][info][gc,heap     ] GC(254) y:      Used:      900M (88%)         934M (91%)          68M (7%)           68M (7%)     
[24.348s][info][gc,heap     ] GC(254) y:      Live:         -                 0M (0%)            0M (0%)            0M (0%)     
[24.348s][info][gc,heap     ] GC(254) y:   Garbage:         -               899M (88%)          33M (3%)           33M (3%)     
[24.348s][info][gc,heap     ] GC(254) y: Allocated:         -                34M (3%)           34M (3%)           34M (3%)     
[24.348s][info][gc,heap     ] GC(254) y: Reclaimed:         -                  -               866M (85%)         866M (85%)    
[24.348s][info][gc,heap     ] GC(254) y:  Promoted:         -                  -                 0M (0%)            0M (0%)     
[24.348s][info][gc,heap     ] GC(254) y: Compacted:         -                  -                  -                 0M (0%)     
[24.348s][info][gc,phases   ] GC(254) y: Young Generation 940M(92%)->108M(11%) 0.002s
[24.348s][info][gc          ] GC(254) Minor Collection (Allocation Rate) 940M(92%)->108M(11%) 0.003s
[24.418s][info][gc          ] GC(255) Minor Collection (Allocation Rate)
[24.418s][info][gc,task     ] GC(255) Using 3 Workers for Young Generation
[24.418s][info][gc,phases   ] GC(255) y: Young Generation
[24.418s][info][gc,phases   ] GC(255) y: Pause Mark Start 0.005ms
[24.419s][info][gc,phases   ] GC(255) y: Concurrent Mark 1.044ms
[24.420s][info][gc,phases   ] GC(255) y: Pause Mark End 0.004ms
[24.420s][info][gc,phases   ] GC(255) y: Concurrent Mark Free 0.000ms
[24.420s][info][gc,phases   ] GC(255) y: Concurrent Reset Relocation Set 0.000ms
[24.421s][info][gc,reloc    ] GC(255) y: Using tenuring threshold: 1 (Computed)
[24.421s][info][gc,phases   ] GC(255) y: Concurrent Select Relocation Set 1.062ms
[24.421s][info][gc,phases   ] GC(255) y: Pause Relocate Start 0.004ms
[24.421s][info][gc,phases   ] GC(255) y: Concurrent Relocate 0.040ms
[24.421s][info][gc,alloc    ] GC(255) y:                         Mark Start        Mark End      Relocate Start    Relocate End   
[24.421s][info][gc,alloc    ] GC(255) y: Allocation Stalls:          0                0                0                0         
[24.421s][info][gc,load     ] GC(255) y: Load: 3.08 (31%) / 3.05 (31%) / 3.15 (31%)
[24.421s][info][gc,mmu      ] GC(255) y: MMU: 2ms/99.0%, 5ms/99.5%, 10ms/99.7%, 20ms/99.7%, 50ms/99.8%, 100ms/99.9%
[24.421s][info][gc,marking  ] GC(255) y: Mark: 2 stripe(s), 2 proactive flush(es), 1 terminate flush(es), 0 completion(s), 0 continuation(s) 
[24.421s][info][gc,marking  ] GC(255) y: Mark Stack Usage: 32M
[24.421s][info][gc,nmethod  ] GC(255) y: NMethods: 1587 registered, 168 unregistered
[24.421s][info][gc,metaspace] GC(255) y: Metaspace: 9M used, 10M committed, 1088M reserved
[24.421s][info][gc,reloc    ] GC(255) y:                        Candidates     Selected     In-Place         Size        Empty    Relocated 
[24.421s][info][gc,reloc    ] GC(255) y: Small Pages:                    2            0            0           4M           2M           0M 
[24.421s][info][gc,reloc    ] GC(255) y: Medium Pages:                  28            0            0         896M         864M           0M 
[24.421s][info][gc,reloc    ] GC(255) y: Large Pages:                    0            0            0           0M           0M           0M 
[24.421s][info][gc,reloc    ] GC(255) y: Forwarding Usage: 0M
[24.421s][info][gc,reloc    ] GC(255) y: Age Table:
[24.421s][info][gc,reloc    ] GC(255) y:                    Live             Garbage             Small              Medium             Large        
[24.421s][info][gc,reloc    ] GC(255) y: Eden               0M (0%)          865M (85%)          1 / 0             27 / 0              0 / 0        
[24.421s][info][gc,reloc    ] GC(255) y: Survivor 1          -                34M (3%)           1 / 0              1 / 0              0 / 0        
[24.421s][info][gc,heap     ] GC(255) y: Min Capacity: 8M(1%)
[24.421s][info][gc,heap     ] GC(255) y: Max Capacity: 1024M(100%)
[24.421s][info][gc,heap     ] GC(255) y: Soft Max Capacity: 1024M(100%)
[24.421s][info][gc,heap     ] GC(255) y: Heap Statistics:
[24.421s][info][gc,heap     ] GC(255) y:                Mark Start          Mark End        Relocate Start      Relocate End           High               Low         
[24.421s][info][gc,heap     ] GC(255) y:  Capacity:     1024M (100%)       1024M (100%)       1024M (100%)       1024M (100%)       1024M (100%)       1024M (100%)   
[24.421s][info][gc,heap     ] GC(255) y:      Free:       84M (8%)           50M (5%)          916M (89%)         916M (89%)         916M (89%)          50M (5%)     
[24.421s][info][gc,heap     ] GC(255) y:      Used:      940M (92%)         974M (95%)         108M (11%)         108M (11%)         974M (95%)         108M (11%)    
[24.421s][info][gc,heap     ] GC(255) y: Young Generation Statistics:
[24.421s][info][gc,heap     ] GC(255) y:                Mark Start          Mark End        Relocate Start      Relocate End    
[24.421s][info][gc,heap     ] GC(255) y:      Used:      900M (88%)         934M (91%)          68M (7%)           68M (7%)     
[24.421s][info][gc,heap     ] GC(255) y:      Live:         -                 0M (0%)            0M (0%)            0M (0%)     
[24.421s][info][gc,heap     ] GC(255) y:   Garbage:         -               899M (88%)          33M (3%)           33M (3%)     
[24.421s][info][gc,heap     ] GC(255) y: Allocated:         -                34M (3%)           34M (3%)           34M (3%)     
[24.421s][info][gc,heap     ] GC(255) y: Reclaimed:         -                  -               866M (85%)         866M (85%)    
[24.421s][info][gc,heap     ] GC(255) y:  Promoted:         -                  -                 0M (0%)            0M (0%)     
[24.421s][info][gc,heap     ] GC(255) y: Compacted:         -                  -                  -                 0M (0%)     
[24.421s][info][gc,phases   ] GC(255) y: Young Generation 940M(92%)->108M(11%) 0.002s
[24.421s][info][gc          ] GC(255) Minor Collection (Allocation Rate) 940M(92%)->108M(11%) 0.003s
[24.491s][info][gc          ] GC(256) Minor Collection (Allocation Rate)
[24.491s][info][gc,task     ] GC(256) Using 3 Workers for Young Generation
[24.491s][info][gc,phases   ] GC(256) y: Young Generation
[24.491s][info][gc,phases   ] GC(256) y: Pause Mark Start 0.006ms
[24.492s][info][gc,phases   ] GC(256) y: Concurrent Mark 0.926ms
[24.492s][info][gc,phases   ] GC(256) y: Pause Mark End 0.006ms
[24.493s][info][gc,phases   ] GC(256) y: Concurrent Mark Free 0.000ms
[24.493s][info][gc,phases   ] GC(256) y: Concurrent Reset Relocation Set 0.000ms
[24.494s][info][gc,reloc    ] GC(256) y: Using tenuring threshold: 1 (Computed)
[24.494s][info][gc,phases   ] GC(256) y: Concurrent Select Relocation Set 1.122ms
[24.494s][info][gc,phases   ] GC(256) y: Pause Relocate Start 0.004ms
[24.494s][info][gc,phases   ] GC(256) y: Concurrent Relocate 0.054ms
[24.494s][info][gc,alloc    ] GC(256) y:                         Mark Start        Mark End      Relocate Start    Relocate End   
[24.494s][info][gc,alloc    ] GC(256) y: Allocation Stalls:          0                0                0                0         
[24.494s][info][gc,load     ] GC(256) y: Load: 3.08 (31%) / 3.05 (31%) / 3.15 (31%)
[24.494s][info][gc,mmu      ] GC(256) y: MMU: 2ms/99.0%, 5ms/99.5%, 10ms/99.7%, 20ms/99.7%, 50ms/99.8%, 100ms/99.9%
[24.494s][info][gc,marking  ] GC(256) y: Mark: 2 stripe(s), 2 proactive flush(es), 1 terminate flush(es), 0 completion(s), 0 continuation(s) 
[24.494s][info][gc,marking  ] GC(256) y: Mark Stack Usage: 32M
[24.494s][info][gc,nmethod  ] GC(256) y: NMethods: 1587 registered, 168 unregistered
[24.494s][info][gc,metaspace] GC(256) y: Metaspace: 9M used, 10M committed, 1088M reserved
[24.494s][info][gc,reloc    ] GC(256) y:                        Candidates     Selected     In-Place         Size        Empty    Relocated 
[24.494s][info][gc,reloc    ] GC(256) y: Small Pages:                    2            0            0           4M           2M           0M 
[24.494s][info][gc,reloc    ] GC(256) y: Medium Pages:                  28            0            0         896M         864M           0M 
[24.494s][info][gc,reloc    ] GC(256) y: Large Pages:                    0            0            0           0M           0M           0M 
[24.494s][info][gc,reloc    ] GC(256) y: Forwarding Usage: 0M
[24.494s][info][gc,reloc    ] GC(256) y: Age Table:
[24.494s][info][gc,reloc    ] GC(256) y:                    Live             Garbage             Small              Medium             Large        
[24.494s][info][gc,reloc    ] GC(256) y: Eden               0M (0%)          865M (85%)          1 / 0             27 / 0              0 / 0        
[24.494s][info][gc,reloc    ] GC(256) y: Survivor 1          -                34M (3%)           1 / 0              1 / 0              0 / 0        
[24.494s][info][gc,heap     ] GC(256) y: Min Capacity: 8M(1%)
[24.494s][info][gc,heap     ] GC(256) y: Max Capacity: 1024M(100%)
[24.494s][info][gc,heap     ] GC(256) y: Soft Max Capacity: 1024M(100%)
[24.494s][info][gc,heap     ] GC(256) y: Heap Statistics:
[24.494s][info][gc,heap     ] GC(256) y:                Mark Start          Mark End        Relocate Start      Relocate End           High               Low         
[24.494s][info][gc,heap     ] GC(256) y:  Capacity:     1024M (100%)       1024M (100%)       1024M (100%)       1024M (100%)       1024M (100%)       1024M (100%)   
[24.494s][info][gc,heap     ] GC(256) y:      Free:       84M (8%)           50M (5%)          916M (89%)         916M (89%)         916M (89%)          50M (5%)     
[24.494s][info][gc,heap     ] GC(256) y:      Used:      940M (92%)         974M (95%)         108M (11%)         108M (11%)         974M (95%)         108M (11%)    
[24.494s][info][gc,heap     ] GC(256) y: Young Generation Statistics:
[24.494s][info][gc,heap     ] GC(256) y:                Mark Start          Mark End        Relocate Start      Relocate End    
[24.494s][info][gc,heap     ] GC(256) y:      Used:      900M (88%)         934M (91%)          68M (7%)           68M (7%)     
[24.494s][info][gc,heap     ] GC(256) y:      Live:         -                 0M (0%)            0M (0%)            0M (0%)     
[24.494s][info][gc,heap     ] GC(256) y:   Garbage:         -               899M (88%)          33M (3%)           33M (3%)     
[24.494s][info][gc,heap     ] GC(256) y: Allocated:         -                34M (3%)           34M (3%)           34M (3%)     
[24.494s][info][gc,heap     ] GC(256) y: Reclaimed:         -                  -               866M (85%)         866M (85%)    
[24.494s][info][gc,heap     ] GC(256) y:  Promoted:         -                  -                 0M (0%)            0M (0%)     
[24.494s][info][gc,heap     ] GC(256) y: Compacted:         -                  -                  -                 0M (0%)     
[24.494s][info][gc,phases   ] GC(256) y: Young Generation 940M(92%)->108M(11%) 0.002s
[24.494s][info][gc          ] GC(256) Minor Collection (Allocation Rate) 940M(92%)->108M(11%) 0.003s
[24.537s][info][gc          ] GC(257) Major Collection (Proactive)
[24.537s][info][gc,task     ] GC(257) Using 1 Workers for Young Generation
[24.537s][info][gc,task     ] GC(257) Using 1 Workers for Old Generation
[24.537s][info][gc,phases   ] GC(257) Y: Young Generation
[24.537s][info][gc,phases   ] GC(257) Y: Pause Mark Start (Major) 0.007ms
[24.538s][info][gc,phases   ] GC(257) Y: Concurrent Mark 1.704ms
[24.538s][info][gc,phases   ] GC(257) Y: Pause Mark End 0.006ms
[24.539s][info][gc,phases   ] GC(257) Y: Concurrent Mark Free 0.000ms
[24.539s][info][gc,phases   ] GC(257) Y: Concurrent Reset Relocation Set 0.000ms
[24.540s][info][gc,reloc    ] GC(257) Y: Using tenuring threshold: 1 (Computed)
[24.540s][info][gc,phases   ] GC(257) Y: Concurrent Select Relocation Set 1.038ms
[24.540s][info][gc,phases   ] GC(257) Y: Pause Relocate Start 0.004ms
[24.540s][info][gc,phases   ] GC(257) Y: Concurrent Relocate 0.013ms
[24.540s][info][gc,alloc    ] GC(257) Y:                         Mark Start        Mark End      Relocate Start    Relocate End   
[24.540s][info][gc,alloc    ] GC(257) Y: Allocation Stalls:          0                0                0                0         
[24.540s][info][gc,load     ] GC(257) Y: Load: 3.08 (31%) / 3.05 (31%) / 3.15 (31%)
[24.540s][info][gc,mmu      ] GC(257) Y: MMU: 2ms/99.0%, 5ms/99.5%, 10ms/99.7%, 20ms/99.7%, 50ms/99.8%, 100ms/99.9%
[24.540s][info][gc,marking  ] GC(257) Y: Mark: 1 stripe(s), 2 proactive flush(es), 1 terminate flush(es), 0 completion(s), 0 continuation(s) 
[24.540s][info][gc,marking  ] GC(257) Y: Mark Stack Usage: 32M
[24.540s][info][gc,nmethod  ] GC(257) Y: NMethods: 1587 registered, 168 unregistered
[24.540s][info][gc,metaspace] GC(257) Y: Metaspace: 9M used, 10M committed, 1088M reserved
[24.540s][info][gc,reloc    ] GC(257) Y:                        Candidates     Selected     In-Place         Size        Empty    Relocated 
[24.540s][info][gc,reloc    ] GC(257) Y: Small Pages:                    2            0            0           4M           2M           0M 
[24.540s][info][gc,reloc    ] GC(257) Y: Medium Pages:                  18            0            0         576M         544M           0M 
[24.540s][info][gc,reloc    ] GC(257) Y: Large Pages:                    0            0            0           0M           0M           0M 
[24.540s][info][gc,reloc    ] GC(257) Y: Forwarding Usage: 0M
[24.540s][info][gc,reloc    ] GC(257) Y: Age Table:
[24.540s][info][gc,reloc    ] GC(257) Y:                    Live             Garbage             Small              Medium             Large        
[24.540s][info][gc,reloc    ] GC(257) Y: Eden               0M (0%)          545M (53%)          1 / 0             17 / 0              0 / 0        
[24.540s][info][gc,reloc    ] GC(257) Y: Survivor 1          -                34M (3%)           1 / 0              1 / 0              0 / 0        
[24.540s][info][gc,heap     ] GC(257) Y: Min Capacity: 8M(1%)
[24.540s][info][gc,heap     ] GC(257) Y: Max Capacity: 1024M(100%)
[24.540s][info][gc,heap     ] GC(257) Y: Soft Max Capacity: 1024M(100%)
[24.540s][info][gc,heap     ] GC(257) Y: Heap Statistics:
[24.540s][info][gc,heap     ] GC(257) Y:                Mark Start          Mark End        Relocate Start      Relocate End           High               Low         
[24.540s][info][gc,heap     ] GC(257) Y:  Capacity:     1024M (100%)       1024M (100%)       1024M (100%)       1024M (100%)       1024M (100%)       1024M (100%)   
[24.540s][info][gc,heap     ] GC(257) Y:      Free:      404M (39%)         370M (36%)         916M (89%)         916M (89%)         916M (89%)         370M (36%)    
[24.540s][info][gc,heap     ] GC(257) Y:      Used:      620M (61%)         654M (64%)         108M (11%)         108M (11%)         654M (64%)         108M (11%)    
[24.540s][info][gc,heap     ] GC(257) Y: Young Generation Statistics:
[24.540s][info][gc,heap     ] GC(257) Y:                Mark Start          Mark End        Relocate Start      Relocate End    
[24.540s][info][gc,heap     ] GC(257) Y:      Used:      580M (57%)         614M (60%)          68M (7%)           68M (7%)     
[24.540s][info][gc,heap     ] GC(257) Y:      Live:         -                 0M (0%)            0M (0%)            0M (0%)     
[24.540s][info][gc,heap     ] GC(257) Y:   Garbage:         -               579M (57%)          33M (3%)           33M (3%)     
[24.540s][info][gc,heap     ] GC(257) Y: Allocated:         -                34M (3%)           34M (3%)           34M (3%)     
[24.540s][info][gc,heap     ] GC(257) Y: Reclaimed:         -                  -               546M (53%)         546M (53%)    
[24.540s][info][gc,heap     ] GC(257) Y:  Promoted:         -                  -                 0M (0%)            0M (0%)     
[24.540s][info][gc,heap     ] GC(257) Y: Compacted:         -                  -                  -                 0M (0%)     
[24.540s][info][gc,phases   ] GC(257) Y: Young Generation 620M(61%)->108M(11%) 0.003s
[24.540s][info][gc,phases   ] GC(257) O: Old Generation
[24.544s][info][gc,phases   ] GC(257) O: Concurrent Mark 4.375ms
[24.544s][info][gc,phases   ] GC(257) O: Pause Mark End 0.007ms
[24.544s][info][gc,phases   ] GC(257) O: Concurrent Mark Free 0.000ms
[24.547s][info][gc,phases   ] GC(257) O: Concurrent Process Non-Strong 2.315ms
[24.547s][info][gc,phases   ] GC(257) O: Concurrent Reset Relocation Set 0.000ms
[24.548s][info][gc,phases   ] GC(257) O: Concurrent Select Relocation Set 0.928ms
[24.548s][info][gc,task     ] GC(257) O: Using 2 Workers for Old Generation
[24.552s][info][gc,task     ] GC(257) O: Using 1 Workers for Old Generation
[24.552s][info][gc,phases   ] GC(257) O: Concurrent Remap Roots 4.420ms
[24.552s][info][gc,phases   ] GC(257) O: Pause Relocate Start 0.005ms
[24.553s][info][gc,phases   ] GC(257) O: Concurrent Relocate 0.732ms
[24.553s][info][gc,alloc    ] GC(257) O:                         Mark Start        Mark End      Relocate Start    Relocate End   
[24.553s][info][gc,alloc    ] GC(257) O: Allocation Stalls:          0                0                0                0         
[24.553s][info][gc,load     ] GC(257) O: Load: 3.08 (31%) / 3.05 (31%) / 3.15 (31%)
[24.553s][info][gc,mmu      ] GC(257) O: MMU: 2ms/99.0%, 5ms/99.5%, 10ms/99.7%, 20ms/99.7%, 50ms/99.8%, 100ms/99.9%
[24.553s][info][gc,marking  ] GC(257) O: Mark: 1 stripe(s), 2 proactive flush(es), 1 terminate flush(es), 0 completion(s), 0 continuation(s) 
[24.553s][info][gc,marking  ] GC(257) O: Mark Stack Usage: 32M
[24.553s][info][gc,nmethod  ] GC(257) O: NMethods: 1587 registered, 168 unregistered
[24.553s][info][gc,metaspace] GC(257) O: Metaspace: 9M used, 10M committed, 1088M reserved
[24.553s][info][gc,ref      ] GC(257) O:                       Encountered   Discovered     Enqueued 
[24.553s][info][gc,ref      ] GC(257) O: Soft References:              372            0            0 
[24.553s][info][gc,ref      ] GC(257) O: Weak References:             1110          834            0 
[24.553s][info][gc,ref      ] GC(257) O: Final References:             880          270            0 
[24.553s][info][gc,ref      ] GC(257) O: Phantom References:            32            2            0 
[24.553s][info][gc,reloc    ] GC(257) O:                        Candidates     Selected     In-Place         Size        Empty    Relocated 
[24.553s][info][gc,reloc    ] GC(257) O: Small Pages:                    4            1            0           8M           0M           1M 
[24.553s][info][gc,reloc    ] GC(257) O: Medium Pages:                   1            0            0          32M           0M           0M 
[24.553s][info][gc,reloc    ] GC(257) O: Large Pages:                    0            0            0           0M           0M           0M 
[24.553s][info][gc,reloc    ] GC(257) O: Forwarding Usage: 0M
[24.553s][info][gc,heap     ] GC(257) O: Min Capacity: 8M(1%)
[24.553s][info][gc,heap     ] GC(257) O: Max Capacity: 1024M(100%)
[24.553s][info][gc,heap     ] GC(257) O: Soft Max Capacity: 1024M(100%)
[24.553s][info][gc,heap     ] GC(257) O: Heap Statistics:
[24.553s][info][gc,heap     ] GC(257) O:                Mark Start          Mark End        Relocate Start      Relocate End           High               Low         
[24.553s][info][gc,heap     ] GC(257) O:  Capacity:     1024M (100%)       1024M (100%)       1024M (100%)       1024M (100%)       1024M (100%)       1024M (100%)   
[24.553s][info][gc,heap     ] GC(257) O:      Free:      404M (39%)         852M (83%)         756M (74%)         756M (74%)         916M (89%)         370M (36%)    
[24.553s][info][gc,heap     ] GC(257) O:      Used:      620M (61%)         172M (17%)         268M (26%)         268M (26%)         654M (64%)         108M (11%)    
[24.553s][info][gc,heap     ] GC(257) O: Old Generation Statistics:
[24.553s][info][gc,heap     ] GC(257) O:                Mark Start          Mark End        Relocate Start      Relocate End    
[24.553s][info][gc,heap     ] GC(257) O:      Used:       40M (4%)           40M (4%)           40M (4%)           40M (4%)     
[24.553s][info][gc,heap     ] GC(257) O:      Live:         -                 4M (0%)            4M (0%)            4M (0%)     
[24.553s][info][gc,heap     ] GC(257) O:   Garbage:         -                35M (3%)           35M (3%)           32M (3%)     
[24.553s][info][gc,heap     ] GC(257) O: Allocated:         -                 0M (0%)            0M (0%)            2M (0%)     
[24.553s][info][gc,heap     ] GC(257) O: Reclaimed:         -                  -                 0M (0%)            2M (0%)     
[24.553s][info][gc,heap     ] GC(257) O: Compacted:         -                  -                  -                 1M (0%)     
[24.553s][info][gc,phases   ] GC(257) O: Old Generation 108M(11%)->268M(26%) 0.013s
[24.553s][info][gc          ] GC(257) Major Collection (Proactive) 620M(61%)->268M(26%) 0.016s
[24.602s][info][gc          ] GC(258) Minor Collection (Allocation Rate)
[24.602s][info][gc,task     ] GC(258) Using 1 Workers for Young Generation
[24.602s][info][gc,phases   ] GC(258) y: Young Generation
[24.602s][info][gc,phases   ] GC(258) y: Pause Mark Start 0.004ms
[24.605s][info][gc,phases   ] GC(258) y: Concurrent Mark 2.641ms
[24.605s][info][gc,phases   ] GC(258) y: Pause Mark End 0.007ms
[24.605s][info][gc,phases   ] GC(258) y: Concurrent Mark Free 0.000ms
[24.605s][info][gc,phases   ] GC(258) y: Concurrent Reset Relocation Set 0.000ms
[24.606s][info][gc,reloc    ] GC(258) y: Using tenuring threshold: 1 (Computed)
[24.606s][info][gc,phases   ] GC(258) y: Concurrent Select Relocation Set 1.136ms
[24.606s][info][gc,phases   ] GC(258) y: Pause Relocate Start 0.006ms
[24.606s][info][gc,phases   ] GC(258) y: Concurrent Relocate 0.030ms
[24.606s][info][gc,alloc    ] GC(258) y:                         Mark Start        Mark End      Relocate Start    Relocate End   
[24.606s][info][gc,alloc    ] GC(258) y: Allocation Stalls:          0                0                0                0         
[24.606s][info][gc,load     ] GC(258) y: Load: 3.08 (31%) / 3.05 (31%) / 3.15 (31%)
[24.606s][info][gc,mmu      ] GC(258) y: MMU: 2ms/99.0%, 5ms/99.5%, 10ms/99.7%, 20ms/99.7%, 50ms/99.8%, 100ms/99.9%
[24.606s][info][gc,marking  ] GC(258) y: Mark: 1 stripe(s), 2 proactive flush(es), 1 terminate flush(es), 0 completion(s), 0 continuation(s) 
[24.606s][info][gc,marking  ] GC(258) y: Mark Stack Usage: 32M
[24.606s][info][gc,nmethod  ] GC(258) y: NMethods: 1587 registered, 168 unregistered
[24.606s][info][gc,metaspace] GC(258) y: Metaspace: 9M used, 10M committed, 1088M reserved
[24.606s][info][gc,reloc    ] GC(258) y:                        Candidates     Selected     In-Place         Size        Empty    Relocated 
[24.606s][info][gc,reloc    ] GC(258) y: Small Pages:                    2            0            0           4M           2M           0M 
[24.606s][info][gc,reloc    ] GC(258) y: Medium Pages:                  25            0            0         800M         768M           0M 
[24.606s][info][gc,reloc    ] GC(258) y: Large Pages:                    0            0            0           0M           0M           0M 
[24.606s][info][gc,reloc    ] GC(258) y: Forwarding Usage: 0M
[24.606s][info][gc,reloc    ] GC(258) y: Age Table:
[24.606s][info][gc,reloc    ] GC(258) y:                    Live             Garbage             Small              Medium             Large        
[24.606s][info][gc,reloc    ] GC(258) y: Eden               0M (0%)          769M (75%)          1 / 0             24 / 0              0 / 0        
[24.606s][info][gc,reloc    ] GC(258) y: Survivor 1          -                34M (3%)           1 / 0              1 / 0              0 / 0        
[24.606s][info][gc,heap     ] GC(258) y: Min Capacity: 8M(1%)
[24.606s][info][gc,heap     ] GC(258) y: Max Capacity: 1024M(100%)
[24.606s][info][gc,heap     ] GC(258) y: Soft Max Capacity: 1024M(100%)
[24.606s][info][gc,heap     ] GC(258) y: Heap Statistics:
[24.606s][info][gc,heap     ] GC(258) y:                Mark Start          Mark End        Relocate Start      Relocate End           High               Low         
[24.606s][info][gc,heap     ] GC(258) y:  Capacity:     1024M (100%)       1024M (100%)       1024M (100%)       1024M (100%)       1024M (100%)       1024M (100%)   
[24.606s][info][gc,heap     ] GC(258) y:      Free:      180M (18%)         146M (14%)         884M (86%)         884M (86%)         884M (86%)         114M (11%)    
[24.606s][info][gc,heap     ] GC(258) y:      Used:      844M (82%)         878M (86%)         140M (14%)         140M (14%)         910M (89%)         140M (14%)    
[24.606s][info][gc,heap     ] GC(258) y: Young Generation Statistics:
[24.606s][info][gc,heap     ] GC(258) y:                Mark Start          Mark End        Relocate Start      Relocate End    
[24.606s][info][gc,heap     ] GC(258) y:      Used:      804M (79%)         838M (82%)         100M (10%)         100M (10%)    
[24.606s][info][gc,heap     ] GC(258) y:      Live:         -                 0M (0%)            0M (0%)            0M (0%)     
[24.606s][info][gc,heap     ] GC(258) y:   Garbage:         -               803M (78%)          33M (3%)           33M (3%)     
[24.606s][info][gc,heap     ] GC(258) y: Allocated:         -                34M (3%)           66M (6%)           66M (6%)     
[24.606s][info][gc,heap     ] GC(258) y: Reclaimed:         -                  -               770M (75%)         770M (75%)    
[24.606s][info][gc,heap     ] GC(258) y:  Promoted:         -                  -                 0M (0%)            0M (0%)     
[24.606s][info][gc,heap     ] GC(258) y: Compacted:         -                  -                  -                 0M (0%)     
[24.606s][info][gc,phases   ] GC(258) y: Young Generation 844M(82%)->140M(14%) 0.004s
[24.606s][info][gc          ] GC(258) Minor Collection (Allocation Rate) 844M(82%)->140M(14%) 0.004s
[24.676s][info][gc          ] GC(259) Minor Collection (Allocation Rate)
[24.676s][info][gc,task     ] GC(259) Using 3 Workers for Young Generation
[24.676s][info][gc,phases   ] GC(259) y: Young Generation
[24.676s][info][gc,phases   ] GC(259) y: Pause Mark Start 0.005ms
[24.677s][info][gc,phases   ] GC(259) y: Concurrent Mark 0.954ms
[24.677s][info][gc,phases   ] GC(259) y: Pause Mark End 0.004ms
[24.677s][info][gc,phases   ] GC(259) y: Concurrent Mark Free 0.000ms
[24.677s][info][gc,phases   ] GC(259) y: Concurrent Reset Relocation Set 0.000ms
[24.678s][info][gc,reloc    ] GC(259) y: Using tenuring threshold: 1 (Computed)
[24.678s][info][gc,phases   ] GC(259) y: Concurrent Select Relocation Set 1.083ms
[24.678s][info][gc,phases   ] GC(259) y: Pause Relocate Start 0.005ms
[24.678s][info][gc,phases   ] GC(259) y: Concurrent Relocate 0.037ms
[24.678s][info][gc,alloc    ] GC(259) y:                         Mark Start        Mark End      Relocate Start    Relocate End   
[24.678s][info][gc,alloc    ] GC(259) y: Allocation Stalls:          0                0                0                0         
[24.678s][info][gc,load     ] GC(259) y: Load: 3.08 (31%) / 3.05 (31%) / 3.15 (31%)
[24.678s][info][gc,mmu      ] GC(259) y: MMU: 2ms/99.0%, 5ms/99.5%, 10ms/99.7%, 20ms/99.7%, 50ms/99.8%, 100ms/99.9%
[24.678s][info][gc,marking  ] GC(259) y: Mark: 2 stripe(s), 2 proactive flush(es), 1 terminate flush(es), 0 completion(s), 0 continuation(s) 
[24.678s][info][gc,marking  ] GC(259) y: Mark Stack Usage: 32M
[24.678s][info][gc,nmethod  ] GC(259) y: NMethods: 1587 registered, 168 unregistered
[24.678s][info][gc,metaspace] GC(259) y: Metaspace: 9M used, 10M committed, 1088M reserved
[24.678s][info][gc,reloc    ] GC(259) y:                        Candidates     Selected     In-Place         Size        Empty    Relocated 
[24.678s][info][gc,reloc    ] GC(259) y: Small Pages:                    2            0            0           4M           2M           0M 
[24.678s][info][gc,reloc    ] GC(259) y: Medium Pages:                  28            0            0         896M         864M           0M 
[24.678s][info][gc,reloc    ] GC(259) y: Large Pages:                    0            0            0           0M           0M           0M 
[24.678s][info][gc,reloc    ] GC(259) y: Forwarding Usage: 0M
[24.678s][info][gc,reloc    ] GC(259) y: Age Table:
[24.678s][info][gc,reloc    ] GC(259) y:                    Live             Garbage             Small              Medium             Large        
[24.678s][info][gc,reloc    ] GC(259) y: Eden               0M (0%)          865M (85%)          1 / 0             27 / 0              0 / 0        
[24.678s][info][gc,reloc    ] GC(259) y: Survivor 1          -                34M (3%)           1 / 0              1 / 0              0 / 0        
[24.678s][info][gc,heap     ] GC(259) y: Min Capacity: 8M(1%)
[24.678s][info][gc,heap     ] GC(259) y: Max Capacity: 1024M(100%)
[24.678s][info][gc,heap     ] GC(259) y: Soft Max Capacity: 1024M(100%)
[24.678s][info][gc,heap     ] GC(259) y: Heap Statistics:
[24.678s][info][gc,heap     ] GC(259) y:                Mark Start          Mark End        Relocate Start      Relocate End           High               Low         
[24.678s][info][gc,heap     ] GC(259) y:  Capacity:     1024M (100%)       1024M (100%)       1024M (100%)       1024M (100%)       1024M (100%)       1024M (100%)   
[24.678s][info][gc,heap     ] GC(259) y:      Free:       84M (8%)           50M (5%)          916M (89%)         916M (89%)         916M (89%)          50M (5%)     
[24.678s][info][gc,heap     ] GC(259) y:      Used:      940M (92%)         974M (95%)         108M (11%)         108M (11%)         974M (95%)         108M (11%)    
[24.678s][info][gc,heap     ] GC(259) y: Young Generation Statistics:
[24.678s][info][gc,heap     ] GC(259) y:                Mark Start          Mark End        Relocate Start      Relocate End    
[24.678s][info][gc,heap     ] GC(259) y:      Used:      900M (88%)         934M (91%)          68M (7%)           68M (7%)     
[24.678s][info][gc,heap     ] GC(259) y:      Live:         -                 0M (0%)            0M (0%)            0M (0%)     
[24.678s][info][gc,heap     ] GC(259) y:   Garbage:         -               899M (88%)          33M (3%)           33M (3%)     
[24.678s][info][gc,heap     ] GC(259) y: Allocated:         -                34M (3%)           34M (3%)           34M (3%)     
[24.678s][info][gc,heap     ] GC(259) y: Reclaimed:         -                  -               866M (85%)         866M (85%)    
[24.678s][info][gc,heap     ] GC(259) y:  Promoted:         -                  -                 0M (0%)            0M (0%)     
[24.678s][info][gc,heap     ] GC(259) y: Compacted:         -                  -                  -                 0M (0%)     
[24.678s][info][gc,phases   ] GC(259) y: Young Generation 940M(92%)->108M(11%) 0.002s
[24.678s][info][gc          ] GC(259) Minor Collection (Allocation Rate) 940M(92%)->108M(11%) 0.003s
[24.749s][info][gc          ] GC(260) Minor Collection (Allocation Rate)
[24.749s][info][gc,task     ] GC(260) Using 3 Workers for Young Generation
[24.749s][info][gc,phases   ] GC(260) y: Young Generation
[24.749s][info][gc,phases   ] GC(260) y: Pause Mark Start 0.007ms
[24.750s][info][gc,phases   ] GC(260) y: Concurrent Mark 0.972ms
[24.750s][info][gc,phases   ] GC(260) y: Pause Mark End 0.005ms
[24.750s][info][gc,phases   ] GC(260) y: Concurrent Mark Free 0.000ms
[24.750s][info][gc,phases   ] GC(260) y: Concurrent Reset Relocation Set 0.000ms
[24.751s][info][gc,reloc    ] GC(260) y: Using tenuring threshold: 1 (Computed)
[24.751s][info][gc,phases   ] GC(260) y: Concurrent Select Relocation Set 1.067ms
[24.751s][info][gc,phases   ] GC(260) y: Pause Relocate Start 0.003ms
[24.751s][info][gc,phases   ] GC(260) y: Concurrent Relocate 0.036ms
[24.751s][info][gc,alloc    ] GC(260) y:                         Mark Start        Mark End      Relocate Start    Relocate End   
[24.751s][info][gc,alloc    ] GC(260) y: Allocation Stalls:          0                0                0                0         
[24.751s][info][gc,load     ] GC(260) y: Load: 3.08 (31%) / 3.05 (31%) / 3.15 (31%)
[24.751s][info][gc,mmu      ] GC(260) y: MMU: 2ms/99.0%, 5ms/99.5%, 10ms/99.7%, 20ms/99.7%, 50ms/99.8%, 100ms/99.9%
[24.751s][info][gc,marking  ] GC(260) y: Mark: 2 stripe(s), 2 proactive flush(es), 1 terminate flush(es), 0 completion(s), 0 continuation(s) 
[24.751s][info][gc,marking  ] GC(260) y: Mark Stack Usage: 32M
[24.751s][info][gc,nmethod  ] GC(260) y: NMethods: 1587 registered, 168 unregistered
[24.751s][info][gc,metaspace] GC(260) y: Metaspace: 9M used, 10M committed, 1088M reserved
[24.751s][info][gc,reloc    ] GC(260) y:                        Candidates     Selected     In-Place         Size        Empty    Relocated 
[24.751s][info][gc,reloc    ] GC(260) y: Small Pages:                    2            0            0           4M           2M           0M 
[24.751s][info][gc,reloc    ] GC(260) y: Medium Pages:                  28            0            0         896M         864M           0M 
[24.751s][info][gc,reloc    ] GC(260) y: Large Pages:                    0            0            0           0M           0M           0M 
[24.751s][info][gc,reloc    ] GC(260) y: Forwarding Usage: 0M
[24.751s][info][gc,reloc    ] GC(260) y: Age Table:
[24.751s][info][gc,reloc    ] GC(260) y:                    Live             Garbage             Small              Medium             Large        
[24.751s][info][gc,reloc    ] GC(260) y: Eden               0M (0%)          865M (84%)          1 / 0             27 / 0              0 / 0        
[24.751s][info][gc,reloc    ] GC(260) y: Survivor 1          -                34M (3%)           1 / 0              1 / 0              0 / 0        
[24.751s][info][gc,heap     ] GC(260) y: Min Capacity: 8M(1%)
[24.751s][info][gc,heap     ] GC(260) y: Max Capacity: 1024M(100%)
[24.751s][info][gc,heap     ] GC(260) y: Soft Max Capacity: 1024M(100%)
[24.751s][info][gc,heap     ] GC(260) y: Heap Statistics:
[24.751s][info][gc,heap     ] GC(260) y:                Mark Start          Mark End        Relocate Start      Relocate End           High               Low         
[24.751s][info][gc,heap     ] GC(260) y:  Capacity:     1024M (100%)       1024M (100%)       1024M (100%)       1024M (100%)       1024M (100%)       1024M (100%)   
[24.751s][info][gc,heap     ] GC(260) y:      Free:       84M (8%)           50M (5%)          916M (89%)         916M (89%)         916M (89%)          50M (5%)     
[24.751s][info][gc,heap     ] GC(260) y:      Used:      940M (92%)         974M (95%)         108M (11%)         108M (11%)         974M (95%)         108M (11%)    
[24.751s][info][gc,heap     ] GC(260) y: Young Generation Statistics:
[24.751s][info][gc,heap     ] GC(260) y:                Mark Start          Mark End        Relocate Start      Relocate End    
[24.751s][info][gc,heap     ] GC(260) y:      Used:      900M (88%)         934M (91%)          68M (7%)           68M (7%)     
[24.751s][info][gc,heap     ] GC(260) y:      Live:         -                 0M (0%)            0M (0%)            0M (0%)     
[24.751s][info][gc,heap     ] GC(260) y:   Garbage:         -               899M (88%)          33M (3%)           33M (3%)     
[24.751s][info][gc,heap     ] GC(260) y: Allocated:         -                34M (3%)           34M (3%)           34M (3%)     
[24.751s][info][gc,heap     ] GC(260) y: Reclaimed:         -                  -               866M (85%)         866M (85%)    
[24.751s][info][gc,heap     ] GC(260) y:  Promoted:         -                  -                 0M (0%)            0M (0%)     
[24.751s][info][gc,heap     ] GC(260) y: Compacted:         -                  -                  -                 0M (0%)     
[24.751s][info][gc,phases   ] GC(260) y: Young Generation 940M(92%)->108M(11%) 0.002s
[24.751s][info][gc          ] GC(260) Minor Collection (Allocation Rate) 940M(92%)->108M(11%) 0.003s
[24.819s][info][gc          ] GC(261) Minor Collection (Allocation Rate)
[24.819s][info][gc,task     ] GC(261) Using 2 Workers for Young Generation
[24.819s][info][gc,phases   ] GC(261) y: Young Generation
[24.819s][info][gc,phases   ] GC(261) y: Pause Mark Start 0.005ms
[24.821s][info][gc,phases   ] GC(261) y: Concurrent Mark 1.361ms
[24.821s][info][gc,phases   ] GC(261) y: Pause Mark End 0.005ms
[24.821s][info][gc,phases   ] GC(261) y: Concurrent Mark Free 0.000ms
[24.821s][info][gc,phases   ] GC(261) y: Concurrent Reset Relocation Set 0.000ms
[24.822s][info][gc,reloc    ] GC(261) y: Using tenuring threshold: 1 (Computed)
[24.822s][info][gc,phases   ] GC(261) y: Concurrent Select Relocation Set 1.034ms
[24.822s][info][gc,phases   ] GC(261) y: Pause Relocate Start 0.004ms
[24.822s][info][gc,phases   ] GC(261) y: Concurrent Relocate 0.019ms
[24.822s][info][gc,alloc    ] GC(261) y:                         Mark Start        Mark End      Relocate Start    Relocate End   
[24.822s][info][gc,alloc    ] GC(261) y: Allocation Stalls:          0                0                0                0         
[24.822s][info][gc,load     ] GC(261) y: Load: 3.08 (31%) / 3.05 (31%) / 3.15 (31%)
[24.822s][info][gc,mmu      ] GC(261) y: MMU: 2ms/99.0%, 5ms/99.5%, 10ms/99.7%, 20ms/99.7%, 50ms/99.8%, 100ms/99.9%
[24.822s][info][gc,marking  ] GC(261) y: Mark: 2 stripe(s), 2 proactive flush(es), 1 terminate flush(es), 0 completion(s), 0 continuation(s) 
[24.822s][info][gc,marking  ] GC(261) y: Mark Stack Usage: 32M
[24.822s][info][gc,nmethod  ] GC(261) y: NMethods: 1587 registered, 168 unregistered
[24.822s][info][gc,metaspace] GC(261) y: Metaspace: 9M used, 10M committed, 1088M reserved
[24.822s][info][gc,reloc    ] GC(261) y:                        Candidates     Selected     In-Place         Size        Empty    Relocated 
[24.822s][info][gc,reloc    ] GC(261) y: Small Pages:                    2            0            0           4M           2M           0M 
[24.822s][info][gc,reloc    ] GC(261) y: Medium Pages:                  27            0            0         864M         832M           0M 
[24.822s][info][gc,reloc    ] GC(261) y: Large Pages:                    0            0            0           0M           0M           0M 
[24.822s][info][gc,reloc    ] GC(261) y: Forwarding Usage: 0M
[24.822s][info][gc,reloc    ] GC(261) y: Age Table:
[24.822s][info][gc,reloc    ] GC(261) y:                    Live             Garbage             Small              Medium             Large        
[24.822s][info][gc,reloc    ] GC(261) y: Eden               0M (0%)          833M (81%)          1 / 0             26 / 0              0 / 0        
[24.822s][info][gc,reloc    ] GC(261) y: Survivor 1          -                34M (3%)           1 / 0              1 / 0              0 / 0        
[24.822s][info][gc,heap     ] GC(261) y: Min Capacity: 8M(1%)
[24.822s][info][gc,heap     ] GC(261) y: Max Capacity: 1024M(100%)
[24.822s][info][gc,heap     ] GC(261) y: Soft Max Capacity: 1024M(100%)
[24.822s][info][gc,heap     ] GC(261) y: Heap Statistics:
[24.822s][info][gc,heap     ] GC(261) y:                Mark Start          Mark End        Relocate Start      Relocate End           High               Low         
[24.822s][info][gc,heap     ] GC(261) y:  Capacity:     1024M (100%)       1024M (100%)       1024M (100%)       1024M (100%)       1024M (100%)       1024M (100%)   
[24.822s][info][gc,heap     ] GC(261) y:      Free:      116M (11%)          82M (8%)          916M (89%)         916M (89%)         916M (89%)          82M (8%)     
[24.822s][info][gc,heap     ] GC(261) y:      Used:      908M (89%)         942M (92%)         108M (11%)         108M (11%)         942M (92%)         108M (11%)    
[24.822s][info][gc,heap     ] GC(261) y: Young Generation Statistics:
[24.822s][info][gc,heap     ] GC(261) y:                Mark Start          Mark End        Relocate Start      Relocate End    
[24.822s][info][gc,heap     ] GC(261) y:      Used:      868M (85%)         902M (88%)          68M (7%)           68M (7%)     
[24.822s][info][gc,heap     ] GC(261) y:      Live:         -                 0M (0%)            0M (0%)            0M (0%)     
[24.822s][info][gc,heap     ] GC(261) y:   Garbage:         -               867M (85%)          33M (3%)           33M (3%)     
[24.822s][info][gc,heap     ] GC(261) y: Allocated:         -                34M (3%)           34M (3%)           34M (3%)     
[24.822s][info][gc,heap     ] GC(261) y: Reclaimed:         -                  -               834M (81%)         834M (81%)    
[24.822s][info][gc,heap     ] GC(261) y:  Promoted:         -                  -                 0M (0%)            0M (0%)     
[24.822s][info][gc,heap     ] GC(261) y: Compacted:         -                  -                  -                 0M (0%)     
[24.822s][info][gc,phases   ] GC(261) y: Young Generation 908M(89%)->108M(11%) 0.003s
[24.822s][info][gc          ] GC(261) Minor Collection (Allocation Rate) 908M(89%)->108M(11%) 0.003s
[24.892s][info][gc          ] GC(262) Minor Collection (Allocation Rate)
[24.892s][info][gc,task     ] GC(262) Using 3 Workers for Young Generation
[24.892s][info][gc,phases   ] GC(262) y: Young Generation
[24.892s][info][gc,phases   ] GC(262) y: Pause Mark Start 0.004ms
[24.893s][info][gc,phases   ] GC(262) y: Concurrent Mark 1.038ms
[24.893s][info][gc,phases   ] GC(262) y: Pause Mark End 0.005ms
[24.893s][info][gc,phases   ] GC(262) y: Concurrent Mark Free 0.000ms
[24.893s][info][gc,phases   ] GC(262) y: Concurrent Reset Relocation Set 0.000ms
[24.894s][info][gc,reloc    ] GC(262) y: Using tenuring threshold: 1 (Computed)
[24.894s][info][gc,phases   ] GC(262) y: Concurrent Select Relocation Set 1.105ms
[24.895s][info][gc,phases   ] GC(262) y: Pause Relocate Start 0.003ms
[24.895s][info][gc,phases   ] GC(262) y: Concurrent Relocate 0.049ms
[24.895s][info][gc,alloc    ] GC(262) y:                         Mark Start        Mark End      Relocate Start    Relocate End   
[24.895s][info][gc,alloc    ] GC(262) y: Allocation Stalls:          0                0                0                0         
[24.895s][info][gc,load     ] GC(262) y: Load: 3.08 (31%) / 3.05 (31%) / 3.15 (31%)
[24.895s][info][gc,mmu      ] GC(262) y: MMU: 2ms/99.0%, 5ms/99.5%, 10ms/99.7%, 20ms/99.7%, 50ms/99.8%, 100ms/99.9%
[24.895s][info][gc,marking  ] GC(262) y: Mark: 2 stripe(s), 2 proactive flush(es), 1 terminate flush(es), 0 completion(s), 0 continuation(s) 
[24.895s][info][gc,marking  ] GC(262) y: Mark Stack Usage: 32M
[24.895s][info][gc,nmethod  ] GC(262) y: NMethods: 1587 registered, 168 unregistered
[24.895s][info][gc,metaspace] GC(262) y: Metaspace: 9M used, 10M committed, 1088M reserved
[24.895s][info][gc,reloc    ] GC(262) y:                        Candidates     Selected     In-Place         Size        Empty    Relocated 
[24.895s][info][gc,reloc    ] GC(262) y: Small Pages:                    2            0            0           4M           2M           0M 
[24.895s][info][gc,reloc    ] GC(262) y: Medium Pages:                  28            0            0         896M         864M           0M 
[24.895s][info][gc,reloc    ] GC(262) y: Large Pages:                    0            0            0           0M           0M           0M 
[24.895s][info][gc,reloc    ] GC(262) y: Forwarding Usage: 0M
[24.895s][info][gc,reloc    ] GC(262) y: Age Table:
[24.895s][info][gc,reloc    ] GC(262) y:                    Live             Garbage             Small              Medium             Large        
[24.895s][info][gc,reloc    ] GC(262) y: Eden               0M (0%)          865M (84%)          1 / 0             27 / 0              0 / 0        
[24.895s][info][gc,reloc    ] GC(262) y: Survivor 1          -                34M (3%)           1 / 0              1 / 0              0 / 0        
[24.895s][info][gc,heap     ] GC(262) y: Min Capacity: 8M(1%)
[24.895s][info][gc,heap     ] GC(262) y: Max Capacity: 1024M(100%)
[24.895s][info][gc,heap     ] GC(262) y: Soft Max Capacity: 1024M(100%)
[24.895s][info][gc,heap     ] GC(262) y: Heap Statistics:
[24.895s][info][gc,heap     ] GC(262) y:                Mark Start          Mark End        Relocate Start      Relocate End           High               Low         
[24.895s][info][gc,heap     ] GC(262) y:  Capacity:     1024M (100%)       1024M (100%)       1024M (100%)       1024M (100%)       1024M (100%)       1024M (100%)   
[24.895s][info][gc,heap     ] GC(262) y:      Free:       84M (8%)           50M (5%)          916M (89%)         916M (89%)         916M (89%)          50M (5%)     
[24.895s][info][gc,heap     ] GC(262) y:      Used:      940M (92%)         974M (95%)         108M (11%)         108M (11%)         974M (95%)         108M (11%)    
[24.895s][info][gc,heap     ] GC(262) y: Young Generation Statistics:
[24.895s][info][gc,heap     ] GC(262) y:                Mark Start          Mark End        Relocate Start      Relocate End    
[24.895s][info][gc,heap     ] GC(262) y:      Used:      900M (88%)         934M (91%)          68M (7%)           68M (7%)     
[24.895s][info][gc,heap     ] GC(262) y:      Live:         -                 0M (0%)            0M (0%)            0M (0%)     
[24.895s][info][gc,heap     ] GC(262) y:   Garbage:         -               899M (88%)          33M (3%)           33M (3%)     
[24.895s][info][gc,heap     ] GC(262) y: Allocated:         -                34M (3%)           34M (3%)           34M (3%)     
[24.895s][info][gc,heap     ] GC(262) y: Reclaimed:         -                  -               866M (85%)         866M (85%)    
[24.895s][info][gc,heap     ] GC(262) y:  Promoted:         -                  -                 0M (0%)            0M (0%)     
[24.895s][info][gc,heap     ] GC(262) y: Compacted:         -                  -                  -                 0M (0%)     
[24.895s][info][gc,phases   ] GC(262) y: Young Generation 940M(92%)->108M(11%) 0.003s
[24.895s][info][gc          ] GC(262) Minor Collection (Allocation Rate) 940M(92%)->108M(11%) 0.003s
[24.965s][info][gc          ] GC(263) Minor Collection (Allocation Rate)
[24.965s][info][gc,task     ] GC(263) Using 3 Workers for Young Generation
[24.965s][info][gc,phases   ] GC(263) y: Young Generation
[24.965s][info][gc,phases   ] GC(263) y: Pause Mark Start 0.006ms
[24.966s][info][gc,phases   ] GC(263) y: Concurrent Mark 1.025ms
[24.966s][info][gc,phases   ] GC(263) y: Pause Mark End 0.005ms
[24.966s][info][gc,phases   ] GC(263) y: Concurrent Mark Free 0.000ms
[24.966s][info][gc,phases   ] GC(263) y: Concurrent Reset Relocation Set 0.000ms
[24.967s][info][gc,reloc    ] GC(263) y: Using tenuring threshold: 1 (Computed)
[24.967s][info][gc,phases   ] GC(263) y: Concurrent Select Relocation Set 1.054ms
[24.967s][info][gc,phases   ] GC(263) y: Pause Relocate Start 0.004ms
[24.968s][info][gc,phases   ] GC(263) y: Concurrent Relocate 0.085ms
[24.968s][info][gc,alloc    ] GC(263) y:                         Mark Start        Mark End      Relocate Start    Relocate End   
[24.968s][info][gc,alloc    ] GC(263) y: Allocation Stalls:          0                0                0                0         
[24.968s][info][gc,load     ] GC(263) y: Load: 3.08 (31%) / 3.05 (31%) / 3.15 (31%)
[24.968s][info][gc,mmu      ] GC(263) y: MMU: 2ms/99.0%, 5ms/99.5%, 10ms/99.7%, 20ms/99.7%, 50ms/99.8%, 100ms/99.9%
[24.968s][info][gc,marking  ] GC(263) y: Mark: 2 stripe(s), 2 proactive flush(es), 1 terminate flush(es), 0 completion(s), 0 continuation(s) 
[24.968s][info][gc,marking  ] GC(263) y: Mark Stack Usage: 32M
[24.968s][info][gc,nmethod  ] GC(263) y: NMethods: 1587 registered, 168 unregistered
[24.968s][info][gc,metaspace] GC(263) y: Metaspace: 9M used, 10M committed, 1088M reserved
[24.968s][info][gc,reloc    ] GC(263) y:                        Candidates     Selected     In-Place         Size        Empty    Relocated 
[24.968s][info][gc,reloc    ] GC(263) y: Small Pages:                    2            0            0           4M           2M           0M 
[24.968s][info][gc,reloc    ] GC(263) y: Medium Pages:                  28            0            0         896M         864M           0M 
[24.968s][info][gc,reloc    ] GC(263) y: Large Pages:                    0            0            0           0M           0M           0M 
[24.968s][info][gc,reloc    ] GC(263) y: Forwarding Usage: 0M
[24.968s][info][gc,reloc    ] GC(263) y: Age Table:
[24.968s][info][gc,reloc    ] GC(263) y:                    Live             Garbage             Small              Medium             Large        
[24.968s][info][gc,reloc    ] GC(263) y: Eden               0M (0%)          865M (85%)          1 / 0             27 / 0              0 / 0        
[24.968s][info][gc,reloc    ] GC(263) y: Survivor 1          -                34M (3%)           1 / 0              1 / 0              0 / 0        
[24.968s][info][gc,heap     ] GC(263) y: Min Capacity: 8M(1%)
[24.968s][info][gc,heap     ] GC(263) y: Max Capacity: 1024M(100%)
[24.968s][info][gc,heap     ] GC(263) y: Soft Max Capacity: 1024M(100%)
[24.968s][info][gc,heap     ] GC(263) y: Heap Statistics:
[24.968s][info][gc,heap     ] GC(263) y:                Mark Start          Mark End        Relocate Start      Relocate End           High               Low         
[24.968s][info][gc,heap     ] GC(263) y:  Capacity:     1024M (100%)       1024M (100%)       1024M (100%)       1024M (100%)       1024M (100%)       1024M (100%)   
[24.968s][info][gc,heap     ] GC(263) y:      Free:       84M (8%)           50M (5%)          916M (89%)         916M (89%)         916M (89%)          50M (5%)     
[24.968s][info][gc,heap     ] GC(263) y:      Used:      940M (92%)         974M (95%)         108M (11%)         108M (11%)         974M (95%)         108M (11%)    
[24.968s][info][gc,heap     ] GC(263) y: Young Generation Statistics:
[24.968s][info][gc,heap     ] GC(263) y:                Mark Start          Mark End        Relocate Start      Relocate End    
[24.968s][info][gc,heap     ] GC(263) y:      Used:      900M (88%)         934M (91%)          68M (7%)           68M (7%)     
[24.968s][info][gc,heap     ] GC(263) y:      Live:         -                 0M (0%)            0M (0%)            0M (0%)     
[24.968s][info][gc,heap     ] GC(263) y:   Garbage:         -               899M (88%)          33M (3%)           33M (3%)     
[24.968s][info][gc,heap     ] GC(263) y: Allocated:         -                34M (3%)           34M (3%)           34M (3%)     
[24.968s][info][gc,heap     ] GC(263) y: Reclaimed:         -                  -               866M (85%)         866M (85%)    
[24.968s][info][gc,heap     ] GC(263) y:  Promoted:         -                  -                 0M (0%)            0M (0%)     
[24.968s][info][gc,heap     ] GC(263) y: Compacted:         -                  -                  -                 0M (0%)     
[24.968s][info][gc,phases   ] GC(263) y: Young Generation 940M(92%)->108M(11%) 0.003s
[24.968s][info][gc          ] GC(263) Minor Collection (Allocation Rate) 940M(92%)->108M(11%) 0.003s
[25.038s][info][gc          ] GC(264) Minor Collection (Allocation Rate)
[25.038s][info][gc,task     ] GC(264) Using 3 Workers for Young Generation
[25.038s][info][gc,phases   ] GC(264) y: Young Generation
[25.038s][info][gc,phases   ] GC(264) y: Pause Mark Start 0.006ms
[25.039s][info][gc,phases   ] GC(264) y: Concurrent Mark 1.017ms
[25.039s][info][gc,phases   ] GC(264) y: Pause Mark End 0.004ms
[25.039s][info][gc,phases   ] GC(264) y: Concurrent Mark Free 0.000ms
[25.039s][info][gc,phases   ] GC(264) y: Concurrent Reset Relocation Set 0.000ms
[25.040s][info][gc,reloc    ] GC(264) y: Using tenuring threshold: 1 (Computed)
[25.040s][info][gc,phases   ] GC(264) y: Concurrent Select Relocation Set 1.078ms
[25.040s][info][gc,phases   ] GC(264) y: Pause Relocate Start 0.005ms
[25.040s][info][gc,phases   ] GC(264) y: Concurrent Relocate 0.038ms
[25.040s][info][gc,alloc    ] GC(264) y:                         Mark Start        Mark End      Relocate Start    Relocate End   
[25.040s][info][gc,alloc    ] GC(264) y: Allocation Stalls:          0                0                0                0         
[25.040s][info][gc,load     ] GC(264) y: Load: 3.08 (31%) / 3.05 (31%) / 3.15 (31%)
[25.040s][info][gc,mmu      ] GC(264) y: MMU: 2ms/99.0%, 5ms/99.5%, 10ms/99.7%, 20ms/99.7%, 50ms/99.8%, 100ms/99.9%
[25.040s][info][gc,marking  ] GC(264) y: Mark: 2 stripe(s), 2 proactive flush(es), 1 terminate flush(es), 0 completion(s), 0 continuation(s) 
[25.040s][info][gc,marking  ] GC(264) y: Mark Stack Usage: 32M
[25.040s][info][gc,nmethod  ] GC(264) y: NMethods: 1587 registered, 168 unregistered
[25.040s][info][gc,metaspace] GC(264) y: Metaspace: 9M used, 10M committed, 1088M reserved
[25.041s][info][gc,reloc    ] GC(264) y:                        Candidates     Selected     In-Place         Size        Empty    Relocated 
[25.041s][info][gc,reloc    ] GC(264) y: Small Pages:                    2            0            0           4M           2M           0M 
[25.041s][info][gc,reloc    ] GC(264) y: Medium Pages:                  28            0            0         896M         864M           0M 
[25.041s][info][gc,reloc    ] GC(264) y: Large Pages:                    0            0            0           0M           0M           0M 
[25.041s][info][gc,reloc    ] GC(264) y: Forwarding Usage: 0M
[25.041s][info][gc,reloc    ] GC(264) y: Age Table:
[25.041s][info][gc,reloc    ] GC(264) y:                    Live             Garbage             Small              Medium             Large        
[25.041s][info][gc,reloc    ] GC(264) y: Eden               0M (0%)          865M (84%)          1 / 0             27 / 0              0 / 0        
[25.041s][info][gc,reloc    ] GC(264) y: Survivor 1          -                34M (3%)           1 / 0              1 / 0              0 / 0        
[25.041s][info][gc,heap     ] GC(264) y: Min Capacity: 8M(1%)
[25.041s][info][gc,heap     ] GC(264) y: Max Capacity: 1024M(100%)
[25.041s][info][gc,heap     ] GC(264) y: Soft Max Capacity: 1024M(100%)
[25.041s][info][gc,heap     ] GC(264) y: Heap Statistics:
[25.041s][info][gc,heap     ] GC(264) y:                Mark Start          Mark End        Relocate Start      Relocate End           High               Low         
[25.041s][info][gc,heap     ] GC(264) y:  Capacity:     1024M (100%)       1024M (100%)       1024M (100%)       1024M (100%)       1024M (100%)       1024M (100%)   
[25.041s][info][gc,heap     ] GC(264) y:      Free:       84M (8%)           50M (5%)          916M (89%)         916M (89%)         916M (89%)          50M (5%)     
[25.041s][info][gc,heap     ] GC(264) y:      Used:      940M (92%)         974M (95%)         108M (11%)         108M (11%)         974M (95%)         108M (11%)    
[25.041s][info][gc,heap     ] GC(264) y: Young Generation Statistics:
[25.041s][info][gc,heap     ] GC(264) y:                Mark Start          Mark End        Relocate Start      Relocate End    
[25.041s][info][gc,heap     ] GC(264) y:      Used:      900M (88%)         934M (91%)          68M (7%)           68M (7%)     
[25.041s][info][gc,heap     ] GC(264) y:      Live:         -                 0M (0%)            0M (0%)            0M (0%)     
[25.041s][info][gc,heap     ] GC(264) y:   Garbage:         -               899M (88%)          33M (3%)           33M (3%)     
[25.041s][info][gc,heap     ] GC(264) y: Allocated:         -                34M (3%)           34M (3%)           34M (3%)     
[25.041s][info][gc,heap     ] GC(264) y: Reclaimed:         -                  -               866M (85%)         866M (85%)    
[25.041s][info][gc,heap     ] GC(264) y:  Promoted:         -                  -                 0M (0%)            0M (0%)     
[25.041s][info][gc,heap     ] GC(264) y: Compacted:         -                  -                  -                 0M (0%)     
[25.041s][info][gc,phases   ] GC(264) y: Young Generation 940M(92%)->108M(11%) 0.002s
[25.041s][info][gc          ] GC(264) Minor Collection (Allocation Rate) 940M(92%)->108M(11%) 0.003s
[25.108s][info][gc          ] GC(265) Minor Collection (Allocation Rate)
[25.108s][info][gc,task     ] GC(265) Using 2 Workers for Young Generation
[25.108s][info][gc,phases   ] GC(265) y: Young Generation
[25.108s][info][gc,phases   ] GC(265) y: Pause Mark Start 0.007ms
[25.110s][info][gc,phases   ] GC(265) y: Concurrent Mark 1.326ms
[25.110s][info][gc,phases   ] GC(265) y: Pause Mark End 0.005ms
[25.110s][info][gc,phases   ] GC(265) y: Concurrent Mark Free 0.000ms
[25.110s][info][gc,phases   ] GC(265) y: Concurrent Reset Relocation Set 0.000ms
[25.111s][info][gc,reloc    ] GC(265) y: Using tenuring threshold: 1 (Computed)
[25.111s][info][gc,phases   ] GC(265) y: Concurrent Select Relocation Set 1.046ms
[25.111s][info][gc,phases   ] GC(265) y: Pause Relocate Start 0.004ms
[25.111s][info][gc,phases   ] GC(265) y: Concurrent Relocate 0.016ms
[25.111s][info][gc,alloc    ] GC(265) y:                         Mark Start        Mark End      Relocate Start    Relocate End   
[25.111s][info][gc,alloc    ] GC(265) y: Allocation Stalls:          0                0                0                0         
[25.111s][info][gc,load     ] GC(265) y: Load: 3.08 (31%) / 3.05 (31%) / 3.15 (31%)
[25.111s][info][gc,mmu      ] GC(265) y: MMU: 2ms/99.0%, 5ms/99.5%, 10ms/99.7%, 20ms/99.7%, 50ms/99.8%, 100ms/99.9%
[25.111s][info][gc,marking  ] GC(265) y: Mark: 2 stripe(s), 2 proactive flush(es), 1 terminate flush(es), 0 completion(s), 0 continuation(s) 
[25.111s][info][gc,marking  ] GC(265) y: Mark Stack Usage: 32M
[25.111s][info][gc,nmethod  ] GC(265) y: NMethods: 1587 registered, 168 unregistered
[25.111s][info][gc,metaspace] GC(265) y: Metaspace: 9M used, 10M committed, 1088M reserved
[25.111s][info][gc,reloc    ] GC(265) y:                        Candidates     Selected     In-Place         Size        Empty    Relocated 
[25.111s][info][gc,reloc    ] GC(265) y: Small Pages:                    2            0            0           4M           2M           0M 
[25.111s][info][gc,reloc    ] GC(265) y: Medium Pages:                  27            0            0         864M         832M           0M 
[25.111s][info][gc,reloc    ] GC(265) y: Large Pages:                    0            0            0           0M           0M           0M 
[25.111s][info][gc,reloc    ] GC(265) y: Forwarding Usage: 0M
[25.111s][info][gc,reloc    ] GC(265) y: Age Table:
[25.111s][info][gc,reloc    ] GC(265) y:                    Live             Garbage             Small              Medium             Large        
[25.111s][info][gc,reloc    ] GC(265) y: Eden               0M (0%)          833M (81%)          1 / 0             26 / 0              0 / 0        
[25.111s][info][gc,reloc    ] GC(265) y: Survivor 1          -                34M (3%)           1 / 0              1 / 0              0 / 0        
[25.111s][info][gc,heap     ] GC(265) y: Min Capacity: 8M(1%)
[25.111s][info][gc,heap     ] GC(265) y: Max Capacity: 1024M(100%)
[25.111s][info][gc,heap     ] GC(265) y: Soft Max Capacity: 1024M(100%)
[25.111s][info][gc,heap     ] GC(265) y: Heap Statistics:
[25.111s][info][gc,heap     ] GC(265) y:                Mark Start          Mark End        Relocate Start      Relocate End           High               Low         
[25.111s][info][gc,heap     ] GC(265) y:  Capacity:     1024M (100%)       1024M (100%)       1024M (100%)       1024M (100%)       1024M (100%)       1024M (100%)   
[25.111s][info][gc,heap     ] GC(265) y:      Free:      116M (11%)          82M (8%)          916M (89%)         916M (89%)         916M (89%)          82M (8%)     
[25.111s][info][gc,heap     ] GC(265) y:      Used:      908M (89%)         942M (92%)         108M (11%)         108M (11%)         942M (92%)         108M (11%)    
[25.111s][info][gc,heap     ] GC(265) y: Young Generation Statistics:
[25.111s][info][gc,heap     ] GC(265) y:                Mark Start          Mark End        Relocate Start      Relocate End    
[25.111s][info][gc,heap     ] GC(265) y:      Used:      868M (85%)         902M (88%)          68M (7%)           68M (7%)     
[25.111s][info][gc,heap     ] GC(265) y:      Live:         -                 0M (0%)            0M (0%)            0M (0%)     
[25.111s][info][gc,heap     ] GC(265) y:   Garbage:         -               867M (85%)          33M (3%)           33M (3%)     
[25.111s][info][gc,heap     ] GC(265) y: Allocated:         -                34M (3%)           34M (3%)           34M (3%)     
[25.111s][info][gc,heap     ] GC(265) y: Reclaimed:         -                  -               834M (81%)         834M (81%)    
[25.111s][info][gc,heap     ] GC(265) y:  Promoted:         -                  -                 0M (0%)            0M (0%)     
[25.111s][info][gc,heap     ] GC(265) y: Compacted:         -                  -                  -                 0M (0%)     
[25.111s][info][gc,phases   ] GC(265) y: Young Generation 908M(89%)->108M(11%) 0.003s
[25.111s][info][gc          ] GC(265) Minor Collection (Allocation Rate) 908M(89%)->108M(11%) 0.003s
[25.181s][info][gc          ] GC(266) Minor Collection (Allocation Rate)
[25.181s][info][gc,task     ] GC(266) Using 3 Workers for Young Generation
[25.181s][info][gc,phases   ] GC(266) y: Young Generation
[25.182s][info][gc,phases   ] GC(266) y: Pause Mark Start 0.004ms
[25.182s][info][gc,phases   ] GC(266) y: Concurrent Mark 0.922ms
[25.183s][info][gc,phases   ] GC(266) y: Pause Mark End 0.004ms
[25.183s][info][gc,phases   ] GC(266) y: Concurrent Mark Free 0.000ms
[25.183s][info][gc,phases   ] GC(266) y: Concurrent Reset Relocation Set 0.000ms
[25.184s][info][gc,reloc    ] GC(266) y: Using tenuring threshold: 1 (Computed)
[25.184s][info][gc,phases   ] GC(266) y: Concurrent Select Relocation Set 1.081ms
[25.184s][info][gc,phases   ] GC(266) y: Pause Relocate Start 0.004ms
[25.184s][info][gc,phases   ] GC(266) y: Concurrent Relocate 0.033ms
[25.184s][info][gc,alloc    ] GC(266) y:                         Mark Start        Mark End      Relocate Start    Relocate End   
[25.184s][info][gc,alloc    ] GC(266) y: Allocation Stalls:          0                0                0                0         
[25.184s][info][gc,load     ] GC(266) y: Load: 3.08 (31%) / 3.05 (31%) / 3.15 (31%)
[25.184s][info][gc,mmu      ] GC(266) y: MMU: 2ms/99.0%, 5ms/99.5%, 10ms/99.7%, 20ms/99.7%, 50ms/99.8%, 100ms/99.9%
[25.184s][info][gc,marking  ] GC(266) y: Mark: 2 stripe(s), 2 proactive flush(es), 1 terminate flush(es), 0 completion(s), 0 continuation(s) 
[25.184s][info][gc,marking  ] GC(266) y: Mark Stack Usage: 32M
[25.184s][info][gc,nmethod  ] GC(266) y: NMethods: 1587 registered, 168 unregistered
[25.184s][info][gc,metaspace] GC(266) y: Metaspace: 9M used, 10M committed, 1088M reserved
[25.184s][info][gc,reloc    ] GC(266) y:                        Candidates     Selected     In-Place         Size        Empty    Relocated 
[25.184s][info][gc,reloc    ] GC(266) y: Small Pages:                    2            0            0           4M           2M           0M 
[25.184s][info][gc,reloc    ] GC(266) y: Medium Pages:                  28            0            0         896M         864M           0M 
[25.184s][info][gc,reloc    ] GC(266) y: Large Pages:                    0            0            0           0M           0M           0M 
[25.184s][info][gc,reloc    ] GC(266) y: Forwarding Usage: 0M
[25.184s][info][gc,reloc    ] GC(266) y: Age Table:
[25.184s][info][gc,reloc    ] GC(266) y:                    Live             Garbage             Small              Medium             Large        
[25.184s][info][gc,reloc    ] GC(266) y: Eden               0M (0%)          865M (85%)          1 / 0             27 / 0              0 / 0        
[25.184s][info][gc,reloc    ] GC(266) y: Survivor 1          -                34M (3%)           1 / 0              1 / 0              0 / 0        
[25.184s][info][gc,heap     ] GC(266) y: Min Capacity: 8M(1%)
[25.184s][info][gc,heap     ] GC(266) y: Max Capacity: 1024M(100%)
[25.184s][info][gc,heap     ] GC(266) y: Soft Max Capacity: 1024M(100%)
[25.184s][info][gc,heap     ] GC(266) y: Heap Statistics:
[25.184s][info][gc,heap     ] GC(266) y:                Mark Start          Mark End        Relocate Start      Relocate End           High               Low         
[25.184s][info][gc,heap     ] GC(266) y:  Capacity:     1024M (100%)       1024M (100%)       1024M (100%)       1024M (100%)       1024M (100%)       1024M (100%)   
[25.184s][info][gc,heap     ] GC(266) y:      Free:       84M (8%)           50M (5%)          916M (89%)         916M (89%)         916M (89%)          50M (5%)     
[25.184s][info][gc,heap     ] GC(266) y:      Used:      940M (92%)         974M (95%)         108M (11%)         108M (11%)         974M (95%)         108M (11%)    
[25.184s][info][gc,heap     ] GC(266) y: Young Generation Statistics:
[25.184s][info][gc,heap     ] GC(266) y:                Mark Start          Mark End        Relocate Start      Relocate End    
[25.184s][info][gc,heap     ] GC(266) y:      Used:      900M (88%)         934M (91%)          68M (7%)           68M (7%)     
[25.184s][info][gc,heap     ] GC(266) y:      Live:         -                 0M (0%)            0M (0%)            0M (0%)     
[25.184s][info][gc,heap     ] GC(266) y:   Garbage:         -               899M (88%)          33M (3%)           33M (3%)     
[25.184s][info][gc,heap     ] GC(266) y: Allocated:         -                34M (3%)           34M (3%)           34M (3%)     
[25.184s][info][gc,heap     ] GC(266) y: Reclaimed:         -                  -               866M (85%)         866M (85%)    
[25.184s][info][gc,heap     ] GC(266) y:  Promoted:         -                  -                 0M (0%)            0M (0%)     
[25.184s][info][gc,heap     ] GC(266) y: Compacted:         -                  -                  -                 0M (0%)     
[25.184s][info][gc,phases   ] GC(266) y: Young Generation 940M(92%)->108M(11%) 0.002s
[25.184s][info][gc          ] GC(266) Minor Collection (Allocation Rate) 940M(92%)->108M(11%) 0.003s
[25.252s][info][gc          ] GC(267) Minor Collection (Allocation Rate)
[25.252s][info][gc,task     ] GC(267) Using 2 Workers for Young Generation
[25.252s][info][gc,phases   ] GC(267) y: Young Generation
[25.252s][info][gc,phases   ] GC(267) y: Pause Mark Start 0.004ms
[25.253s][info][gc,phases   ] GC(267) y: Concurrent Mark 1.200ms
[25.253s][info][gc,phases   ] GC(267) y: Pause Mark End 0.005ms
[25.253s][info][gc,phases   ] GC(267) y: Concurrent Mark Free 0.000ms
[25.253s][info][gc,phases   ] GC(267) y: Concurrent Reset Relocation Set 0.000ms
[25.254s][info][gc,reloc    ] GC(267) y: Using tenuring threshold: 1 (Computed)
[25.254s][info][gc,phases   ] GC(267) y: Concurrent Select Relocation Set 1.044ms
[25.254s][info][gc,phases   ] GC(267) y: Pause Relocate Start 0.004ms
[25.254s][info][gc,phases   ] GC(267) y: Concurrent Relocate 0.023ms
[25.254s][info][gc,alloc    ] GC(267) y:                         Mark Start        Mark End      Relocate Start    Relocate End   
[25.254s][info][gc,alloc    ] GC(267) y: Allocation Stalls:          0                0                0                0         
[25.254s][info][gc,load     ] GC(267) y: Load: 3.08 (31%) / 3.05 (31%) / 3.15 (31%)
[25.254s][info][gc,mmu      ] GC(267) y: MMU: 2ms/99.0%, 5ms/99.5%, 10ms/99.7%, 20ms/99.7%, 50ms/99.8%, 100ms/99.9%
[25.254s][info][gc,marking  ] GC(267) y: Mark: 2 stripe(s), 2 proactive flush(es), 1 terminate flush(es), 0 completion(s), 0 continuation(s) 
[25.254s][info][gc,marking  ] GC(267) y: Mark Stack Usage: 32M
[25.254s][info][gc,nmethod  ] GC(267) y: NMethods: 1587 registered, 168 unregistered
[25.254s][info][gc,metaspace] GC(267) y: Metaspace: 9M used, 10M committed, 1088M reserved
[25.254s][info][gc,reloc    ] GC(267) y:                        Candidates     Selected     In-Place         Size        Empty    Relocated 
[25.254s][info][gc,reloc    ] GC(267) y: Small Pages:                    2            0            0           4M           2M           0M 
[25.254s][info][gc,reloc    ] GC(267) y: Medium Pages:                  27            0            0         864M         832M           0M 
[25.254s][info][gc,reloc    ] GC(267) y: Large Pages:                    0            0            0           0M           0M           0M 
[25.254s][info][gc,reloc    ] GC(267) y: Forwarding Usage: 0M
[25.254s][info][gc,reloc    ] GC(267) y: Age Table:
[25.254s][info][gc,reloc    ] GC(267) y:                    Live             Garbage             Small              Medium             Large        
[25.254s][info][gc,reloc    ] GC(267) y: Eden               0M (0%)          833M (81%)          1 / 0             26 / 0              0 / 0        
[25.254s][info][gc,reloc    ] GC(267) y: Survivor 1          -                34M (3%)           1 / 0              1 / 0              0 / 0        
[25.254s][info][gc,heap     ] GC(267) y: Min Capacity: 8M(1%)
[25.254s][info][gc,heap     ] GC(267) y: Max Capacity: 1024M(100%)
[25.254s][info][gc,heap     ] GC(267) y: Soft Max Capacity: 1024M(100%)
[25.254s][info][gc,heap     ] GC(267) y: Heap Statistics:
[25.254s][info][gc,heap     ] GC(267) y:                Mark Start          Mark End        Relocate Start      Relocate End           High               Low         
[25.254s][info][gc,heap     ] GC(267) y:  Capacity:     1024M (100%)       1024M (100%)       1024M (100%)       1024M (100%)       1024M (100%)       1024M (100%)   
[25.254s][info][gc,heap     ] GC(267) y:      Free:      116M (11%)          82M (8%)          916M (89%)         916M (89%)         916M (89%)          82M (8%)     
[25.254s][info][gc,heap     ] GC(267) y:      Used:      908M (89%)         942M (92%)         108M (11%)         108M (11%)         942M (92%)         108M (11%)    
[25.254s][info][gc,heap     ] GC(267) y: Young Generation Statistics:
[25.254s][info][gc,heap     ] GC(267) y:                Mark Start          Mark End        Relocate Start      Relocate End    
[25.254s][info][gc,heap     ] GC(267) y:      Used:      868M (85%)         902M (88%)          68M (7%)           68M (7%)     
[25.254s][info][gc,heap     ] GC(267) y:      Live:         -                 0M (0%)            0M (0%)            0M (0%)     
[25.254s][info][gc,heap     ] GC(267) y:   Garbage:         -               867M (85%)          33M (3%)           33M (3%)     
[25.254s][info][gc,heap     ] GC(267) y: Allocated:         -                34M (3%)           34M (3%)           34M (3%)     
[25.254s][info][gc,heap     ] GC(267) y: Reclaimed:         -                  -               834M (81%)         834M (81%)    
[25.254s][info][gc,heap     ] GC(267) y:  Promoted:         -                  -                 0M (0%)            0M (0%)     
[25.254s][info][gc,heap     ] GC(267) y: Compacted:         -                  -                  -                 0M (0%)     
[25.254s][info][gc,phases   ] GC(267) y: Young Generation 908M(89%)->108M(11%) 0.003s
[25.254s][info][gc          ] GC(267) Minor Collection (Allocation Rate) 908M(89%)->108M(11%) 0.003s
[25.325s][info][gc          ] GC(268) Minor Collection (Allocation Rate)
[25.325s][info][gc,task     ] GC(268) Using 3 Workers for Young Generation
[25.325s][info][gc,phases   ] GC(268) y: Young Generation
[25.325s][info][gc,phases   ] GC(268) y: Pause Mark Start 0.004ms
[25.326s][info][gc,phases   ] GC(268) y: Concurrent Mark 0.949ms
[25.326s][info][gc,phases   ] GC(268) y: Pause Mark End 0.004ms
[25.326s][info][gc,phases   ] GC(268) y: Concurrent Mark Free 0.000ms
[25.326s][info][gc,phases   ] GC(268) y: Concurrent Reset Relocation Set 0.000ms
[25.327s][info][gc,reloc    ] GC(268) y: Using tenuring threshold: 1 (Computed)
[25.327s][info][gc,phases   ] GC(268) y: Concurrent Select Relocation Set 1.059ms
[25.327s][info][gc,phases   ] GC(268) y: Pause Relocate Start 0.004ms
[25.327s][info][gc,phases   ] GC(268) y: Concurrent Relocate 0.024ms
[25.327s][info][gc,alloc    ] GC(268) y:                         Mark Start        Mark End      Relocate Start    Relocate End   
[25.327s][info][gc,alloc    ] GC(268) y: Allocation Stalls:          0                0                0                0         
[25.327s][info][gc,load     ] GC(268) y: Load: 3.08 (31%) / 3.05 (31%) / 3.15 (31%)
[25.327s][info][gc,mmu      ] GC(268) y: MMU: 2ms/99.0%, 5ms/99.5%, 10ms/99.7%, 20ms/99.7%, 50ms/99.8%, 100ms/99.9%
[25.327s][info][gc,marking  ] GC(268) y: Mark: 2 stripe(s), 2 proactive flush(es), 1 terminate flush(es), 0 completion(s), 0 continuation(s) 
[25.327s][info][gc,marking  ] GC(268) y: Mark Stack Usage: 32M
[25.327s][info][gc,nmethod  ] GC(268) y: NMethods: 1587 registered, 168 unregistered
[25.327s][info][gc,metaspace] GC(268) y: Metaspace: 9M used, 10M committed, 1088M reserved
[25.327s][info][gc,reloc    ] GC(268) y:                        Candidates     Selected     In-Place         Size        Empty    Relocated 
[25.327s][info][gc,reloc    ] GC(268) y: Small Pages:                    2            0            0           4M           2M           0M 
[25.327s][info][gc,reloc    ] GC(268) y: Medium Pages:                  28            0            0         896M         864M           0M 
[25.327s][info][gc,reloc    ] GC(268) y: Large Pages:                    0            0            0           0M           0M           0M 
[25.327s][info][gc,reloc    ] GC(268) y: Forwarding Usage: 0M
[25.327s][info][gc,reloc    ] GC(268) y: Age Table:
[25.327s][info][gc,reloc    ] GC(268) y:                    Live             Garbage             Small              Medium             Large        
[25.327s][info][gc,reloc    ] GC(268) y: Eden               0M (0%)          865M (85%)          1 / 0             27 / 0              0 / 0        
[25.327s][info][gc,reloc    ] GC(268) y: Survivor 1          -                34M (3%)           1 / 0              1 / 0              0 / 0        
[25.327s][info][gc,heap     ] GC(268) y: Min Capacity: 8M(1%)
[25.327s][info][gc,heap     ] GC(268) y: Max Capacity: 1024M(100%)
[25.327s][info][gc,heap     ] GC(268) y: Soft Max Capacity: 1024M(100%)
[25.327s][info][gc,heap     ] GC(268) y: Heap Statistics:
[25.327s][info][gc,heap     ] GC(268) y:                Mark Start          Mark End        Relocate Start      Relocate End           High               Low         
[25.327s][info][gc,heap     ] GC(268) y:  Capacity:     1024M (100%)       1024M (100%)       1024M (100%)       1024M (100%)       1024M (100%)       1024M (100%)   
[25.327s][info][gc,heap     ] GC(268) y:      Free:       84M (8%)           50M (5%)          916M (89%)         916M (89%)         916M (89%)          50M (5%)     
[25.327s][info][gc,heap     ] GC(268) y:      Used:      940M (92%)         974M (95%)         108M (11%)         108M (11%)         974M (95%)         108M (11%)    
[25.327s][info][gc,heap     ] GC(268) y: Young Generation Statistics:
[25.327s][info][gc,heap     ] GC(268) y:                Mark Start          Mark End        Relocate Start      Relocate End    
[25.327s][info][gc,heap     ] GC(268) y:      Used:      900M (88%)         934M (91%)          68M (7%)           68M (7%)     
[25.327s][info][gc,heap     ] GC(268) y:      Live:         -                 0M (0%)            0M (0%)            0M (0%)     
[25.327s][info][gc,heap     ] GC(268) y:   Garbage:         -               899M (88%)          33M (3%)           33M (3%)     
[25.327s][info][gc,heap     ] GC(268) y: Allocated:         -                34M (3%)           34M (3%)           34M (3%)     
[25.327s][info][gc,heap     ] GC(268) y: Reclaimed:         -                  -               866M (85%)         866M (85%)    
[25.327s][info][gc,heap     ] GC(268) y:  Promoted:         -                  -                 0M (0%)            0M (0%)     
[25.327s][info][gc,heap     ] GC(268) y: Compacted:         -                  -                  -                 0M (0%)     
[25.327s][info][gc,phases   ] GC(268) y: Young Generation 940M(92%)->108M(11%) 0.002s
[25.327s][info][gc          ] GC(268) Minor Collection (Allocation Rate) 940M(92%)->108M(11%) 0.002s
[25.395s][info][gc          ] GC(269) Minor Collection (Allocation Rate)
[25.395s][info][gc,task     ] GC(269) Using 2 Workers for Young Generation
[25.395s][info][gc,phases   ] GC(269) y: Young Generation
[25.395s][info][gc,phases   ] GC(269) y: Pause Mark Start 0.004ms
[25.396s][info][gc,phases   ] GC(269) y: Concurrent Mark 1.349ms
[25.396s][info][gc,phases   ] GC(269) y: Pause Mark End 0.007ms
[25.396s][info][gc,phases   ] GC(269) y: Concurrent Mark Free 0.000ms
[25.396s][info][gc,phases   ] GC(269) y: Concurrent Reset Relocation Set 0.000ms
[25.397s][info][gc,reloc    ] GC(269) y: Using tenuring threshold: 1 (Computed)
[25.398s][info][gc,phases   ] GC(269) y: Concurrent Select Relocation Set 1.044ms
[25.398s][info][gc,phases   ] GC(269) y: Pause Relocate Start 0.004ms
[25.398s][info][gc,phases   ] GC(269) y: Concurrent Relocate 0.015ms
[25.398s][info][gc,alloc    ] GC(269) y:                         Mark Start        Mark End      Relocate Start    Relocate End   
[25.398s][info][gc,alloc    ] GC(269) y: Allocation Stalls:          0                0                0                0         
[25.398s][info][gc,load     ] GC(269) y: Load: 3.08 (31%) / 3.05 (31%) / 3.15 (31%)
[25.398s][info][gc,mmu      ] GC(269) y: MMU: 2ms/99.0%, 5ms/99.5%, 10ms/99.7%, 20ms/99.7%, 50ms/99.8%, 100ms/99.9%
[25.398s][info][gc,marking  ] GC(269) y: Mark: 2 stripe(s), 2 proactive flush(es), 1 terminate flush(es), 0 completion(s), 0 continuation(s) 
[25.398s][info][gc,marking  ] GC(269) y: Mark Stack Usage: 32M
[25.398s][info][gc,nmethod  ] GC(269) y: NMethods: 1587 registered, 168 unregistered
[25.398s][info][gc,metaspace] GC(269) y: Metaspace: 9M used, 10M committed, 1088M reserved
[25.398s][info][gc,reloc    ] GC(269) y:                        Candidates     Selected     In-Place         Size        Empty    Relocated 
[25.398s][info][gc,reloc    ] GC(269) y: Small Pages:                    2            0            0           4M           2M           0M 
[25.398s][info][gc,reloc    ] GC(269) y: Medium Pages:                  27            0            0         864M         832M           0M 
[25.398s][info][gc,reloc    ] GC(269) y: Large Pages:                    0            0            0           0M           0M           0M 
[25.398s][info][gc,reloc    ] GC(269) y: Forwarding Usage: 0M
[25.398s][info][gc,reloc    ] GC(269) y: Age Table:
[25.398s][info][gc,reloc    ] GC(269) y:                    Live             Garbage             Small              Medium             Large        
[25.398s][info][gc,reloc    ] GC(269) y: Eden               0M (0%)          833M (81%)          1 / 0             26 / 0              0 / 0        
[25.398s][info][gc,reloc    ] GC(269) y: Survivor 1          -                34M (3%)           1 / 0              1 / 0              0 / 0        
[25.398s][info][gc,heap     ] GC(269) y: Min Capacity: 8M(1%)
[25.398s][info][gc,heap     ] GC(269) y: Max Capacity: 1024M(100%)
[25.398s][info][gc,heap     ] GC(269) y: Soft Max Capacity: 1024M(100%)
[25.398s][info][gc,heap     ] GC(269) y: Heap Statistics:
[25.398s][info][gc,heap     ] GC(269) y:                Mark Start          Mark End        Relocate Start      Relocate End           High               Low         
[25.398s][info][gc,heap     ] GC(269) y:  Capacity:     1024M (100%)       1024M (100%)       1024M (100%)       1024M (100%)       1024M (100%)       1024M (100%)   
[25.398s][info][gc,heap     ] GC(269) y:      Free:      116M (11%)          82M (8%)          916M (89%)         916M (89%)         916M (89%)          82M (8%)     
[25.398s][info][gc,heap     ] GC(269) y:      Used:      908M (89%)         942M (92%)         108M (11%)         108M (11%)         942M (92%)         108M (11%)    
[25.398s][info][gc,heap     ] GC(269) y: Young Generation Statistics:
[25.398s][info][gc,heap     ] GC(269) y:                Mark Start          Mark End        Relocate Start      Relocate End    
[25.398s][info][gc,heap     ] GC(269) y:      Used:      868M (85%)         902M (88%)          68M (7%)           68M (7%)     
[25.398s][info][gc,heap     ] GC(269) y:      Live:         -                 0M (0%)            0M (0%)            0M (0%)     
[25.398s][info][gc,heap     ] GC(269) y:   Garbage:         -               867M (85%)          33M (3%)           33M (3%)     
[25.398s][info][gc,heap     ] GC(269) y: Allocated:         -                34M (3%)           34M (3%)           34M (3%)     
[25.398s][info][gc,heap     ] GC(269) y: Reclaimed:         -                  -               834M (81%)         834M (81%)    
[25.398s][info][gc,heap     ] GC(269) y:  Promoted:         -                  -                 0M (0%)            0M (0%)     
[25.398s][info][gc,heap     ] GC(269) y: Compacted:         -                  -                  -                 0M (0%)     
[25.398s][info][gc,phases   ] GC(269) y: Young Generation 908M(89%)->108M(11%) 0.003s
[25.398s][info][gc          ] GC(269) Minor Collection (Allocation Rate) 908M(89%)->108M(11%) 0.003s
[25.462s][info][gc          ] GC(270) Minor Collection (Allocation Rate)
[25.462s][info][gc,task     ] GC(270) Using 1 Workers for Young Generation
[25.462s][info][gc,phases   ] GC(270) y: Young Generation
[25.462s][info][gc,phases   ] GC(270) y: Pause Mark Start 0.004ms
[25.465s][info][gc,phases   ] GC(270) y: Concurrent Mark 2.570ms
[25.465s][info][gc,phases   ] GC(270) y: Pause Mark End 0.006ms
[25.465s][info][gc,phases   ] GC(270) y: Concurrent Mark Free 0.000ms
[25.465s][info][gc,phases   ] GC(270) y: Concurrent Reset Relocation Set 0.000ms
[25.466s][info][gc,reloc    ] GC(270) y: Using tenuring threshold: 1 (Computed)
[25.466s][info][gc,phases   ] GC(270) y: Concurrent Select Relocation Set 1.086ms
[25.466s][info][gc,phases   ] GC(270) y: Pause Relocate Start 0.003ms
[25.466s][info][gc,phases   ] GC(270) y: Concurrent Relocate 0.030ms
[25.466s][info][gc,alloc    ] GC(270) y:                         Mark Start        Mark End      Relocate Start    Relocate End   
[25.466s][info][gc,alloc    ] GC(270) y: Allocation Stalls:          0                0                0                0         
[25.466s][info][gc,load     ] GC(270) y: Load: 3.08 (31%) / 3.05 (31%) / 3.15 (31%)
[25.466s][info][gc,mmu      ] GC(270) y: MMU: 2ms/99.0%, 5ms/99.5%, 10ms/99.7%, 20ms/99.7%, 50ms/99.8%, 100ms/99.9%
[25.466s][info][gc,marking  ] GC(270) y: Mark: 1 stripe(s), 2 proactive flush(es), 1 terminate flush(es), 0 completion(s), 0 continuation(s) 
[25.466s][info][gc,marking  ] GC(270) y: Mark Stack Usage: 32M
[25.466s][info][gc,nmethod  ] GC(270) y: NMethods: 1587 registered, 168 unregistered
[25.466s][info][gc,metaspace] GC(270) y: Metaspace: 9M used, 10M committed, 1088M reserved
[25.466s][info][gc,reloc    ] GC(270) y:                        Candidates     Selected     In-Place         Size        Empty    Relocated 
[25.466s][info][gc,reloc    ] GC(270) y: Small Pages:                    2            0            0           4M           2M           0M 
[25.466s][info][gc,reloc    ] GC(270) y: Medium Pages:                  26            0            0         832M         800M           0M 
[25.466s][info][gc,reloc    ] GC(270) y: Large Pages:                    0            0            0           0M           0M           0M 
[25.466s][info][gc,reloc    ] GC(270) y: Forwarding Usage: 0M
[25.466s][info][gc,reloc    ] GC(270) y: Age Table:
[25.466s][info][gc,reloc    ] GC(270) y:                    Live             Garbage             Small              Medium             Large        
[25.466s][info][gc,reloc    ] GC(270) y: Eden               0M (0%)          801M (78%)          1 / 0             25 / 0              0 / 0        
[25.466s][info][gc,reloc    ] GC(270) y: Survivor 1          -                34M (3%)           1 / 0              1 / 0              0 / 0        
[25.466s][info][gc,heap     ] GC(270) y: Min Capacity: 8M(1%)
[25.466s][info][gc,heap     ] GC(270) y: Max Capacity: 1024M(100%)
[25.466s][info][gc,heap     ] GC(270) y: Soft Max Capacity: 1024M(100%)
[25.466s][info][gc,heap     ] GC(270) y: Heap Statistics:
[25.466s][info][gc,heap     ] GC(270) y:                Mark Start          Mark End        Relocate Start      Relocate End           High               Low         
[25.466s][info][gc,heap     ] GC(270) y:  Capacity:     1024M (100%)       1024M (100%)       1024M (100%)       1024M (100%)       1024M (100%)       1024M (100%)   
[25.466s][info][gc,heap     ] GC(270) y:      Free:      148M (14%)         114M (11%)         884M (86%)         884M (86%)         884M (86%)          82M (8%)     
[25.466s][info][gc,heap     ] GC(270) y:      Used:      876M (86%)         910M (89%)         140M (14%)         140M (14%)         942M (92%)         140M (14%)    
[25.466s][info][gc,heap     ] GC(270) y: Young Generation Statistics:
[25.466s][info][gc,heap     ] GC(270) y:                Mark Start          Mark End        Relocate Start      Relocate End    
[25.466s][info][gc,heap     ] GC(270) y:      Used:      836M (82%)         870M (85%)         100M (10%)         100M (10%)    
[25.466s][info][gc,heap     ] GC(270) y:      Live:         -                 0M (0%)            0M (0%)            0M (0%)     
[25.466s][info][gc,heap     ] GC(270) y:   Garbage:         -               835M (82%)          33M (3%)           33M (3%)     
[25.466s][info][gc,heap     ] GC(270) y: Allocated:         -                34M (3%)           66M (6%)           66M (6%)     
[25.466s][info][gc,heap     ] GC(270) y: Reclaimed:         -                  -               802M (78%)         802M (78%)    
[25.466s][info][gc,heap     ] GC(270) y:  Promoted:         -                  -                 0M (0%)            0M (0%)     
[25.466s][info][gc,heap     ] GC(270) y: Compacted:         -                  -                  -                 0M (0%)     
[25.466s][info][gc,phases   ] GC(270) y: Young Generation 876M(86%)->140M(14%) 0.004s
[25.466s][info][gc          ] GC(270) Minor Collection (Allocation Rate) 876M(86%)->140M(14%) 0.004s
[25.535s][info][gc          ] GC(271) Minor Collection (Allocation Rate)
[25.535s][info][gc,task     ] GC(271) Using 3 Workers for Young Generation
[25.535s][info][gc,phases   ] GC(271) y: Young Generation
[25.535s][info][gc,phases   ] GC(271) y: Pause Mark Start 0.006ms
[25.536s][info][gc,phases   ] GC(271) y: Concurrent Mark 0.960ms
[25.536s][info][gc,phases   ] GC(271) y: Pause Mark End 0.005ms
[25.536s][info][gc,phases   ] GC(271) y: Concurrent Mark Free 0.000ms
[25.536s][info][gc,phases   ] GC(271) y: Concurrent Reset Relocation Set 0.000ms
[25.537s][info][gc,reloc    ] GC(271) y: Using tenuring threshold: 1 (Computed)
[25.538s][info][gc,phases   ] GC(271) y: Concurrent Select Relocation Set 1.082ms
[25.538s][info][gc,phases   ] GC(271) y: Pause Relocate Start 0.004ms
[25.538s][info][gc,phases   ] GC(271) y: Concurrent Relocate 0.042ms
[25.538s][info][gc,alloc    ] GC(271) y:                         Mark Start        Mark End      Relocate Start    Relocate End   
[25.538s][info][gc,alloc    ] GC(271) y: Allocation Stalls:          0                0                0                0         
[25.538s][info][gc,load     ] GC(271) y: Load: 3.08 (31%) / 3.05 (31%) / 3.15 (31%)
[25.538s][info][gc,mmu      ] GC(271) y: MMU: 2ms/99.0%, 5ms/99.5%, 10ms/99.7%, 20ms/99.7%, 50ms/99.8%, 100ms/99.9%
[25.538s][info][gc,marking  ] GC(271) y: Mark: 2 stripe(s), 2 proactive flush(es), 1 terminate flush(es), 0 completion(s), 0 continuation(s) 
[25.538s][info][gc,marking  ] GC(271) y: Mark Stack Usage: 32M
[25.538s][info][gc,nmethod  ] GC(271) y: NMethods: 1587 registered, 168 unregistered
[25.538s][info][gc,metaspace] GC(271) y: Metaspace: 9M used, 10M committed, 1088M reserved
[25.538s][info][gc,reloc    ] GC(271) y:                        Candidates     Selected     In-Place         Size        Empty    Relocated 
[25.538s][info][gc,reloc    ] GC(271) y: Small Pages:                    2            0            0           4M           2M           0M 
[25.538s][info][gc,reloc    ] GC(271) y: Medium Pages:                  28            0            0         896M         864M           0M 
[25.538s][info][gc,reloc    ] GC(271) y: Large Pages:                    0            0            0           0M           0M           0M 
[25.538s][info][gc,reloc    ] GC(271) y: Forwarding Usage: 0M
[25.538s][info][gc,reloc    ] GC(271) y: Age Table:
[25.538s][info][gc,reloc    ] GC(271) y:                    Live             Garbage             Small              Medium             Large        
[25.538s][info][gc,reloc    ] GC(271) y: Eden               0M (0%)          865M (85%)          1 / 0             27 / 0              0 / 0        
[25.538s][info][gc,reloc    ] GC(271) y: Survivor 1          -                34M (3%)           1 / 0              1 / 0              0 / 0        
[25.538s][info][gc,heap     ] GC(271) y: Min Capacity: 8M(1%)
[25.538s][info][gc,heap     ] GC(271) y: Max Capacity: 1024M(100%)
[25.538s][info][gc,heap     ] GC(271) y: Soft Max Capacity: 1024M(100%)
[25.538s][info][gc,heap     ] GC(271) y: Heap Statistics:
[25.538s][info][gc,heap     ] GC(271) y:                Mark Start          Mark End        Relocate Start      Relocate End           High               Low         
[25.538s][info][gc,heap     ] GC(271) y:  Capacity:     1024M (100%)       1024M (100%)       1024M (100%)       1024M (100%)       1024M (100%)       1024M (100%)   
[25.538s][info][gc,heap     ] GC(271) y:      Free:       84M (8%)           50M (5%)          916M (89%)         916M (89%)         916M (89%)          50M (5%)     
[25.538s][info][gc,heap     ] GC(271) y:      Used:      940M (92%)         974M (95%)         108M (11%)         108M (11%)         974M (95%)         108M (11%)    
[25.538s][info][gc,heap     ] GC(271) y: Young Generation Statistics:
[25.538s][info][gc,heap     ] GC(271) y:                Mark Start          Mark End        Relocate Start      Relocate End    
[25.538s][info][gc,heap     ] GC(271) y:      Used:      900M (88%)         934M (91%)          68M (7%)           68M (7%)     
[25.538s][info][gc,heap     ] GC(271) y:      Live:         -                 0M (0%)            0M (0%)            0M (0%)     
[25.538s][info][gc,heap     ] GC(271) y:   Garbage:         -               899M (88%)          33M (3%)           33M (3%)     
[25.538s][info][gc,heap     ] GC(271) y: Allocated:         -                34M (3%)           34M (3%)           34M (3%)     
[25.538s][info][gc,heap     ] GC(271) y: Reclaimed:         -                  -               866M (85%)         866M (85%)    
[25.538s][info][gc,heap     ] GC(271) y:  Promoted:         -                  -                 0M (0%)            0M (0%)     
[25.538s][info][gc,heap     ] GC(271) y: Compacted:         -                  -                  -                 0M (0%)     
[25.538s][info][gc,phases   ] GC(271) y: Young Generation 940M(92%)->108M(11%) 0.002s
[25.538s][info][gc          ] GC(271) Minor Collection (Allocation Rate) 940M(92%)->108M(11%) 0.003s
[25.605s][info][gc          ] GC(272) Minor Collection (Allocation Rate)
[25.605s][info][gc,task     ] GC(272) Using 2 Workers for Young Generation
[25.605s][info][gc,phases   ] GC(272) y: Young Generation
[25.606s][info][gc,phases   ] GC(272) y: Pause Mark Start 0.006ms
[25.607s][info][gc,phases   ] GC(272) y: Concurrent Mark 1.245ms
[25.607s][info][gc,phases   ] GC(272) y: Pause Mark End 0.005ms
[25.607s][info][gc,phases   ] GC(272) y: Concurrent Mark Free 0.000ms
[25.607s][info][gc,phases   ] GC(272) y: Concurrent Reset Relocation Set 0.000ms
[25.608s][info][gc,reloc    ] GC(272) y: Using tenuring threshold: 1 (Computed)
[25.608s][info][gc,phases   ] GC(272) y: Concurrent Select Relocation Set 1.056ms
[25.608s][info][gc,phases   ] GC(272) y: Pause Relocate Start 0.003ms
[25.608s][info][gc,phases   ] GC(272) y: Concurrent Relocate 0.024ms
[25.608s][info][gc,alloc    ] GC(272) y:                         Mark Start        Mark End      Relocate Start    Relocate End   
[25.608s][info][gc,alloc    ] GC(272) y: Allocation Stalls:          0                0                0                0         
[25.608s][info][gc,load     ] GC(272) y: Load: 3.08 (31%) / 3.05 (31%) / 3.15 (31%)
[25.608s][info][gc,mmu      ] GC(272) y: MMU: 2ms/99.0%, 5ms/99.5%, 10ms/99.7%, 20ms/99.7%, 50ms/99.8%, 100ms/99.9%
[25.608s][info][gc,marking  ] GC(272) y: Mark: 2 stripe(s), 2 proactive flush(es), 1 terminate flush(es), 0 completion(s), 0 continuation(s) 
[25.608s][info][gc,marking  ] GC(272) y: Mark Stack Usage: 32M
[25.608s][info][gc,nmethod  ] GC(272) y: NMethods: 1587 registered, 168 unregistered
[25.608s][info][gc,metaspace] GC(272) y: Metaspace: 9M used, 10M committed, 1088M reserved
[25.608s][info][gc,reloc    ] GC(272) y:                        Candidates     Selected     In-Place         Size        Empty    Relocated 
[25.608s][info][gc,reloc    ] GC(272) y: Small Pages:                    2            0            0           4M           2M           0M 
[25.608s][info][gc,reloc    ] GC(272) y: Medium Pages:                  27            0            0         864M         832M           0M 
[25.608s][info][gc,reloc    ] GC(272) y: Large Pages:                    0            0            0           0M           0M           0M 
[25.608s][info][gc,reloc    ] GC(272) y: Forwarding Usage: 0M
[25.608s][info][gc,reloc    ] GC(272) y: Age Table:
[25.608s][info][gc,reloc    ] GC(272) y:                    Live             Garbage             Small              Medium             Large        
[25.608s][info][gc,reloc    ] GC(272) y: Eden               0M (0%)          833M (81%)          1 / 0             26 / 0              0 / 0        
[25.608s][info][gc,reloc    ] GC(272) y: Survivor 1          -                34M (3%)           1 / 0              1 / 0              0 / 0        
[25.608s][info][gc,heap     ] GC(272) y: Min Capacity: 8M(1%)
[25.608s][info][gc,heap     ] GC(272) y: Max Capacity: 1024M(100%)
[25.608s][info][gc,heap     ] GC(272) y: Soft Max Capacity: 1024M(100%)
[25.608s][info][gc,heap     ] GC(272) y: Heap Statistics:
[25.608s][info][gc,heap     ] GC(272) y:                Mark Start          Mark End        Relocate Start      Relocate End           High               Low         
[25.608s][info][gc,heap     ] GC(272) y:  Capacity:     1024M (100%)       1024M (100%)       1024M (100%)       1024M (100%)       1024M (100%)       1024M (100%)   
[25.608s][info][gc,heap     ] GC(272) y:      Free:      116M (11%)          82M (8%)          916M (89%)         916M (89%)         916M (89%)          82M (8%)     
[25.608s][info][gc,heap     ] GC(272) y:      Used:      908M (89%)         942M (92%)         108M (11%)         108M (11%)         942M (92%)         108M (11%)    
[25.608s][info][gc,heap     ] GC(272) y: Young Generation Statistics:
[25.608s][info][gc,heap     ] GC(272) y:                Mark Start          Mark End        Relocate Start      Relocate End    
[25.608s][info][gc,heap     ] GC(272) y:      Used:      868M (85%)         902M (88%)          68M (7%)           68M (7%)     
[25.608s][info][gc,heap     ] GC(272) y:      Live:         -                 0M (0%)            0M (0%)            0M (0%)     
[25.608s][info][gc,heap     ] GC(272) y:   Garbage:         -               867M (85%)          33M (3%)           33M (3%)     
[25.608s][info][gc,heap     ] GC(272) y: Allocated:         -                34M (3%)           34M (3%)           34M (3%)     
[25.608s][info][gc,heap     ] GC(272) y: Reclaimed:         -                  -               834M (81%)         834M (81%)    
[25.608s][info][gc,heap     ] GC(272) y:  Promoted:         -                  -                 0M (0%)            0M (0%)     
[25.608s][info][gc,heap     ] GC(272) y: Compacted:         -                  -                  -                 0M (0%)     
[25.608s][info][gc,phases   ] GC(272) y: Young Generation 908M(89%)->108M(11%) 0.003s
[25.608s][info][gc          ] GC(272) Minor Collection (Allocation Rate) 908M(89%)->108M(11%) 0.003s
[25.678s][info][gc          ] GC(273) Minor Collection (Allocation Rate)
[25.678s][info][gc,task     ] GC(273) Using 3 Workers for Young Generation
[25.679s][info][gc,phases   ] GC(273) y: Young Generation
[25.679s][info][gc,phases   ] GC(273) y: Pause Mark Start 0.007ms
[25.680s][info][gc,phases   ] GC(273) y: Concurrent Mark 1.028ms
[25.680s][info][gc,phases   ] GC(273) y: Pause Mark End 0.004ms
[25.680s][info][gc,phases   ] GC(273) y: Concurrent Mark Free 0.000ms
[25.680s][info][gc,phases   ] GC(273) y: Concurrent Reset Relocation Set 0.000ms
[25.681s][info][gc,reloc    ] GC(273) y: Using tenuring threshold: 1 (Computed)
[25.681s][info][gc,phases   ] GC(273) y: Concurrent Select Relocation Set 1.057ms
[25.681s][info][gc,phases   ] GC(273) y: Pause Relocate Start 0.005ms
[25.681s][info][gc,phases   ] GC(273) y: Concurrent Relocate 0.040ms
[25.681s][info][gc,alloc    ] GC(273) y:                         Mark Start        Mark End      Relocate Start    Relocate End   
[25.681s][info][gc,alloc    ] GC(273) y: Allocation Stalls:          0                0                0                0         
[25.681s][info][gc,load     ] GC(273) y: Load: 3.08 (31%) / 3.05 (31%) / 3.15 (31%)
[25.681s][info][gc,mmu      ] GC(273) y: MMU: 2ms/99.0%, 5ms/99.5%, 10ms/99.7%, 20ms/99.7%, 50ms/99.8%, 100ms/99.9%
[25.681s][info][gc,marking  ] GC(273) y: Mark: 2 stripe(s), 2 proactive flush(es), 1 terminate flush(es), 0 completion(s), 0 continuation(s) 
[25.681s][info][gc,marking  ] GC(273) y: Mark Stack Usage: 32M
[25.681s][info][gc,nmethod  ] GC(273) y: NMethods: 1587 registered, 168 unregistered
[25.681s][info][gc,metaspace] GC(273) y: Metaspace: 9M used, 10M committed, 1088M reserved
[25.681s][info][gc,reloc    ] GC(273) y:                        Candidates     Selected     In-Place         Size        Empty    Relocated 
[25.681s][info][gc,reloc    ] GC(273) y: Small Pages:                    2            0            0           4M           2M           0M 
[25.681s][info][gc,reloc    ] GC(273) y: Medium Pages:                  28            0            0         896M         864M           0M 
[25.681s][info][gc,reloc    ] GC(273) y: Large Pages:                    0            0            0           0M           0M           0M 
[25.681s][info][gc,reloc    ] GC(273) y: Forwarding Usage: 0M
[25.681s][info][gc,reloc    ] GC(273) y: Age Table:
[25.681s][info][gc,reloc    ] GC(273) y:                    Live             Garbage             Small              Medium             Large        
[25.681s][info][gc,reloc    ] GC(273) y: Eden               0M (0%)          865M (84%)          1 / 0             27 / 0              0 / 0        
[25.681s][info][gc,reloc    ] GC(273) y: Survivor 1          -                34M (3%)           1 / 0              1 / 0              0 / 0        
[25.681s][info][gc,heap     ] GC(273) y: Min Capacity: 8M(1%)
[25.681s][info][gc,heap     ] GC(273) y: Max Capacity: 1024M(100%)
[25.681s][info][gc,heap     ] GC(273) y: Soft Max Capacity: 1024M(100%)
[25.681s][info][gc,heap     ] GC(273) y: Heap Statistics:
[25.681s][info][gc,heap     ] GC(273) y:                Mark Start          Mark End        Relocate Start      Relocate End           High               Low         
[25.681s][info][gc,heap     ] GC(273) y:  Capacity:     1024M (100%)       1024M (100%)       1024M (100%)       1024M (100%)       1024M (100%)       1024M (100%)   
[25.681s][info][gc,heap     ] GC(273) y:      Free:       84M (8%)           50M (5%)          916M (89%)         916M (89%)         916M (89%)          50M (5%)     
[25.681s][info][gc,heap     ] GC(273) y:      Used:      940M (92%)         974M (95%)         108M (11%)         108M (11%)         974M (95%)         108M (11%)    
[25.681s][info][gc,heap     ] GC(273) y: Young Generation Statistics:
[25.681s][info][gc,heap     ] GC(273) y:                Mark Start          Mark End        Relocate Start      Relocate End    
[25.681s][info][gc,heap     ] GC(273) y:      Used:      900M (88%)         934M (91%)          68M (7%)           68M (7%)     
[25.681s][info][gc,heap     ] GC(273) y:      Live:         -                 0M (0%)            0M (0%)            0M (0%)     
[25.681s][info][gc,heap     ] GC(273) y:   Garbage:         -               899M (88%)          33M (3%)           33M (3%)     
[25.681s][info][gc,heap     ] GC(273) y: Allocated:         -                34M (3%)           34M (3%)           34M (3%)     
[25.681s][info][gc,heap     ] GC(273) y: Reclaimed:         -                  -               866M (85%)         866M (85%)    
[25.681s][info][gc,heap     ] GC(273) y:  Promoted:         -                  -                 0M (0%)            0M (0%)     
[25.681s][info][gc,heap     ] GC(273) y: Compacted:         -                  -                  -                 0M (0%)     
[25.681s][info][gc,phases   ] GC(273) y: Young Generation 940M(92%)->108M(11%) 0.002s
[25.681s][info][gc          ] GC(273) Minor Collection (Allocation Rate) 940M(92%)->108M(11%) 0.003s
[25.751s][info][gc          ] GC(274) Minor Collection (Allocation Rate)
[25.751s][info][gc,task     ] GC(274) Using 3 Workers for Young Generation
[25.751s][info][gc,phases   ] GC(274) y: Young Generation
[25.751s][info][gc,phases   ] GC(274) y: Pause Mark Start 0.010ms
[25.752s][info][gc,phases   ] GC(274) y: Concurrent Mark 0.918ms
[25.752s][info][gc,phases   ] GC(274) y: Pause Mark End 0.005ms
[25.752s][info][gc,phases   ] GC(274) y: Concurrent Mark Free 0.000ms
[25.752s][info][gc,phases   ] GC(274) y: Concurrent Reset Relocation Set 0.000ms
[25.753s][info][gc,reloc    ] GC(274) y: Using tenuring threshold: 1 (Computed)
[25.754s][info][gc,phases   ] GC(274) y: Concurrent Select Relocation Set 1.073ms
[25.754s][info][gc,phases   ] GC(274) y: Pause Relocate Start 0.003ms
[25.754s][info][gc,phases   ] GC(274) y: Concurrent Relocate 0.028ms
[25.754s][info][gc,alloc    ] GC(274) y:                         Mark Start        Mark End      Relocate Start    Relocate End   
[25.754s][info][gc,alloc    ] GC(274) y: Allocation Stalls:          0                0                0                0         
[25.754s][info][gc,load     ] GC(274) y: Load: 3.08 (31%) / 3.05 (31%) / 3.15 (31%)
[25.754s][info][gc,mmu      ] GC(274) y: MMU: 2ms/99.0%, 5ms/99.5%, 10ms/99.7%, 20ms/99.7%, 50ms/99.8%, 100ms/99.9%
[25.754s][info][gc,marking  ] GC(274) y: Mark: 2 stripe(s), 2 proactive flush(es), 1 terminate flush(es), 0 completion(s), 0 continuation(s) 
[25.754s][info][gc,marking  ] GC(274) y: Mark Stack Usage: 32M
[25.754s][info][gc,nmethod  ] GC(274) y: NMethods: 1587 registered, 168 unregistered
[25.754s][info][gc,metaspace] GC(274) y: Metaspace: 9M used, 10M committed, 1088M reserved
[25.754s][info][gc,reloc    ] GC(274) y:                        Candidates     Selected     In-Place         Size        Empty    Relocated 
[25.754s][info][gc,reloc    ] GC(274) y: Small Pages:                    2            0            0           4M           2M           0M 
[25.754s][info][gc,reloc    ] GC(274) y: Medium Pages:                  28            0            0         896M         864M           0M 
[25.754s][info][gc,reloc    ] GC(274) y: Large Pages:                    0            0            0           0M           0M           0M 
[25.754s][info][gc,reloc    ] GC(274) y: Forwarding Usage: 0M
[25.754s][info][gc,reloc    ] GC(274) y: Age Table:
[25.754s][info][gc,reloc    ] GC(274) y:                    Live             Garbage             Small              Medium             Large        
[25.754s][info][gc,reloc    ] GC(274) y: Eden               0M (0%)          865M (85%)          1 / 0             27 / 0              0 / 0        
[25.754s][info][gc,reloc    ] GC(274) y: Survivor 1          -                34M (3%)           1 / 0              1 / 0              0 / 0        
[25.754s][info][gc,heap     ] GC(274) y: Min Capacity: 8M(1%)
[25.754s][info][gc,heap     ] GC(274) y: Max Capacity: 1024M(100%)
[25.754s][info][gc,heap     ] GC(274) y: Soft Max Capacity: 1024M(100%)
[25.754s][info][gc,heap     ] GC(274) y: Heap Statistics:
[25.754s][info][gc,heap     ] GC(274) y:                Mark Start          Mark End        Relocate Start      Relocate End           High               Low         
[25.754s][info][gc,heap     ] GC(274) y:  Capacity:     1024M (100%)       1024M (100%)       1024M (100%)       1024M (100%)       1024M (100%)       1024M (100%)   
[25.754s][info][gc,heap     ] GC(274) y:      Free:       84M (8%)           50M (5%)          916M (89%)         916M (89%)         916M (89%)          50M (5%)     
[25.754s][info][gc,heap     ] GC(274) y:      Used:      940M (92%)         974M (95%)         108M (11%)         108M (11%)         974M (95%)         108M (11%)    
[25.754s][info][gc,heap     ] GC(274) y: Young Generation Statistics:
[25.754s][info][gc,heap     ] GC(274) y:                Mark Start          Mark End        Relocate Start      Relocate End    
[25.754s][info][gc,heap     ] GC(274) y:      Used:      900M (88%)         934M (91%)          68M (7%)           68M (7%)     
[25.754s][info][gc,heap     ] GC(274) y:      Live:         -                 0M (0%)            0M (0%)            0M (0%)     
[25.754s][info][gc,heap     ] GC(274) y:   Garbage:         -               899M (88%)          33M (3%)           33M (3%)     
[25.754s][info][gc,heap     ] GC(274) y: Allocated:         -                34M (3%)           34M (3%)           34M (3%)     
[25.754s][info][gc,heap     ] GC(274) y: Reclaimed:         -                  -               866M (85%)         866M (85%)    
[25.754s][info][gc,heap     ] GC(274) y:  Promoted:         -                  -                 0M (0%)            0M (0%)     
[25.754s][info][gc,heap     ] GC(274) y: Compacted:         -                  -                  -                 0M (0%)     
[25.754s][info][gc,phases   ] GC(274) y: Young Generation 940M(92%)->108M(11%) 0.002s
[25.754s][info][gc          ] GC(274) Minor Collection (Allocation Rate) 940M(92%)->108M(11%) 0.002s
[25.777s][info][gc          ] GC(275) Major Collection (Proactive)
[25.777s][info][gc,task     ] GC(275) Using 1 Workers for Young Generation
[25.777s][info][gc,task     ] GC(275) Using 1 Workers for Old Generation
[25.777s][info][gc,phases   ] GC(275) Y: Young Generation
[25.777s][info][gc,phases   ] GC(275) Y: Pause Mark Start (Major) 0.008ms
[25.779s][info][gc,phases   ] GC(275) Y: Concurrent Mark 1.721ms
[25.779s][info][gc,phases   ] GC(275) Y: Pause Mark End 0.006ms
[25.779s][info][gc,phases   ] GC(275) Y: Concurrent Mark Free 0.000ms
[25.779s][info][gc,phases   ] GC(275) Y: Concurrent Reset Relocation Set 0.000ms
[25.780s][info][gc,reloc    ] GC(275) Y: Using tenuring threshold: 1 (Computed)
[25.780s][info][gc,phases   ] GC(275) Y: Concurrent Select Relocation Set 1.016ms
[25.780s][info][gc,phases   ] GC(275) Y: Pause Relocate Start 0.004ms
[25.780s][info][gc,phases   ] GC(275) Y: Concurrent Relocate 0.023ms
[25.780s][info][gc,alloc    ] GC(275) Y:                         Mark Start        Mark End      Relocate Start    Relocate End   
[25.780s][info][gc,alloc    ] GC(275) Y: Allocation Stalls:          0                0                0                0         
[25.780s][info][gc,load     ] GC(275) Y: Load: 3.08 (31%) / 3.05 (31%) / 3.15 (31%)
[25.780s][info][gc,mmu      ] GC(275) Y: MMU: 2ms/99.0%, 5ms/99.5%, 10ms/99.7%, 20ms/99.7%, 50ms/99.8%, 100ms/99.9%
[25.780s][info][gc,marking  ] GC(275) Y: Mark: 1 stripe(s), 2 proactive flush(es), 1 terminate flush(es), 0 completion(s), 0 continuation(s) 
[25.780s][info][gc,marking  ] GC(275) Y: Mark Stack Usage: 32M
[25.780s][info][gc,nmethod  ] GC(275) Y: NMethods: 1587 registered, 168 unregistered
[25.780s][info][gc,metaspace] GC(275) Y: Metaspace: 9M used, 10M committed, 1088M reserved
[25.780s][info][gc,reloc    ] GC(275) Y:                        Candidates     Selected     In-Place         Size        Empty    Relocated 
[25.780s][info][gc,reloc    ] GC(275) Y: Small Pages:                    2            0            0           4M           2M           0M 
[25.780s][info][gc,reloc    ] GC(275) Y: Medium Pages:                  11            0            0         352M         320M           0M 
[25.780s][info][gc,reloc    ] GC(275) Y: Large Pages:                    0            0            0           0M           0M           0M 
[25.780s][info][gc,reloc    ] GC(275) Y: Forwarding Usage: 0M
[25.780s][info][gc,reloc    ] GC(275) Y: Age Table:
[25.780s][info][gc,reloc    ] GC(275) Y:                    Live             Garbage             Small              Medium             Large        
[25.780s][info][gc,reloc    ] GC(275) Y: Eden               0M (0%)          321M (31%)          1 / 0             10 / 0              0 / 0        
[25.780s][info][gc,reloc    ] GC(275) Y: Survivor 1          -                34M (3%)           1 / 0              1 / 0              0 / 0        
[25.780s][info][gc,heap     ] GC(275) Y: Min Capacity: 8M(1%)
[25.780s][info][gc,heap     ] GC(275) Y: Max Capacity: 1024M(100%)
[25.780s][info][gc,heap     ] GC(275) Y: Soft Max Capacity: 1024M(100%)
[25.780s][info][gc,heap     ] GC(275) Y: Heap Statistics:
[25.780s][info][gc,heap     ] GC(275) Y:                Mark Start          Mark End        Relocate Start      Relocate End           High               Low         
[25.780s][info][gc,heap     ] GC(275) Y:  Capacity:     1024M (100%)       1024M (100%)       1024M (100%)       1024M (100%)       1024M (100%)       1024M (100%)   
[25.780s][info][gc,heap     ] GC(275) Y:      Free:      628M (61%)         594M (58%)         916M (89%)         916M (89%)         916M (89%)         594M (58%)    
[25.780s][info][gc,heap     ] GC(275) Y:      Used:      396M (39%)         430M (42%)         108M (11%)         108M (11%)         430M (42%)         108M (11%)    
[25.780s][info][gc,heap     ] GC(275) Y: Young Generation Statistics:
[25.780s][info][gc,heap     ] GC(275) Y:                Mark Start          Mark End        Relocate Start      Relocate End    
[25.780s][info][gc,heap     ] GC(275) Y:      Used:      356M (35%)         390M (38%)          68M (7%)           68M (7%)     
[25.780s][info][gc,heap     ] GC(275) Y:      Live:         -                 0M (0%)            0M (0%)            0M (0%)     
[25.780s][info][gc,heap     ] GC(275) Y:   Garbage:         -               355M (35%)          33M (3%)           33M (3%)     
[25.780s][info][gc,heap     ] GC(275) Y: Allocated:         -                34M (3%)           34M (3%)           34M (3%)     
[25.780s][info][gc,heap     ] GC(275) Y: Reclaimed:         -                  -               322M (31%)         322M (31%)    
[25.780s][info][gc,heap     ] GC(275) Y:  Promoted:         -                  -                 0M (0%)            0M (0%)     
[25.780s][info][gc,heap     ] GC(275) Y: Compacted:         -                  -                  -                 0M (0%)     
[25.780s][info][gc,phases   ] GC(275) Y: Young Generation 396M(39%)->108M(11%) 0.003s
[25.780s][info][gc,phases   ] GC(275) O: Old Generation
[25.785s][info][gc,phases   ] GC(275) O: Concurrent Mark 5.169ms
[25.785s][info][gc,phases   ] GC(275) O: Pause Mark End 0.008ms
[25.785s][info][gc,phases   ] GC(275) O: Concurrent Mark Free 0.000ms
[25.788s][info][gc,phases   ] GC(275) O: Concurrent Process Non-Strong 2.412ms
[25.788s][info][gc,phases   ] GC(275) O: Concurrent Reset Relocation Set 0.000ms
[25.789s][info][gc,phases   ] GC(275) O: Concurrent Select Relocation Set 0.935ms
[25.789s][info][gc,task     ] GC(275) O: Using 2 Workers for Old Generation
[25.793s][info][gc,task     ] GC(275) O: Using 1 Workers for Old Generation
[25.793s][info][gc,phases   ] GC(275) O: Concurrent Remap Roots 4.170ms
[25.793s][info][gc,phases   ] GC(275) O: Pause Relocate Start 0.006ms
[25.794s][info][gc,phases   ] GC(275) O: Concurrent Relocate 0.722ms
[25.794s][info][gc,alloc    ] GC(275) O:                         Mark Start        Mark End      Relocate Start    Relocate End   
[25.794s][info][gc,alloc    ] GC(275) O: Allocation Stalls:          0                0                0                0         
[25.794s][info][gc,load     ] GC(275) O: Load: 3.08 (31%) / 3.05 (31%) / 3.15 (31%)
[25.794s][info][gc,mmu      ] GC(275) O: MMU: 2ms/99.0%, 5ms/99.5%, 10ms/99.7%, 20ms/99.7%, 50ms/99.8%, 100ms/99.9%
[25.794s][info][gc,marking  ] GC(275) O: Mark: 1 stripe(s), 2 proactive flush(es), 1 terminate flush(es), 0 completion(s), 0 continuation(s) 
[25.794s][info][gc,marking  ] GC(275) O: Mark Stack Usage: 32M
[25.794s][info][gc,nmethod  ] GC(275) O: NMethods: 1586 registered, 169 unregistered
[25.794s][info][gc,metaspace] GC(275) O: Metaspace: 9M used, 10M committed, 1088M reserved
[25.794s][info][gc,ref      ] GC(275) O:                       Encountered   Discovered     Enqueued 
[25.794s][info][gc,ref      ] GC(275) O: Soft References:              372            0            0 
[25.794s][info][gc,ref      ] GC(275) O: Weak References:             1110          834            0 
[25.794s][info][gc,ref      ] GC(275) O: Final References:             880          270            0 
[25.794s][info][gc,ref      ] GC(275) O: Phantom References:            32            2            0 
[25.794s][info][gc,reloc    ] GC(275) O:                        Candidates     Selected     In-Place         Size        Empty    Relocated 
[25.794s][info][gc,reloc    ] GC(275) O: Small Pages:                    4            1            0           8M           0M           1M 
[25.794s][info][gc,reloc    ] GC(275) O: Medium Pages:                   1            0            0          32M           0M           0M 
[25.794s][info][gc,reloc    ] GC(275) O: Large Pages:                    0            0            0           0M           0M           0M 
[25.794s][info][gc,reloc    ] GC(275) O: Forwarding Usage: 0M
[25.794s][info][gc,heap     ] GC(275) O: Min Capacity: 8M(1%)
[25.794s][info][gc,heap     ] GC(275) O: Max Capacity: 1024M(100%)
[25.794s][info][gc,heap     ] GC(275) O: Soft Max Capacity: 1024M(100%)
[25.794s][info][gc,heap     ] GC(275) O: Heap Statistics:
[25.794s][info][gc,heap     ] GC(275) O:                Mark Start          Mark End        Relocate Start      Relocate End           High               Low         
[25.794s][info][gc,heap     ] GC(275) O:  Capacity:     1024M (100%)       1024M (100%)       1024M (100%)       1024M (100%)       1024M (100%)       1024M (100%)   
[25.794s][info][gc,heap     ] GC(275) O:      Free:      628M (61%)         852M (83%)         756M (74%)         756M (74%)         916M (89%)         594M (58%)    
[25.794s][info][gc,heap     ] GC(275) O:      Used:      396M (39%)         172M (17%)         268M (26%)         268M (26%)         430M (42%)         108M (11%)    
[25.794s][info][gc,heap     ] GC(275) O: Old Generation Statistics:
[25.794s][info][gc,heap     ] GC(275) O:                Mark Start          Mark End        Relocate Start      Relocate End    
[25.794s][info][gc,heap     ] GC(275) O:      Used:       40M (4%)           40M (4%)           40M (4%)           40M (4%)     
[25.794s][info][gc,heap     ] GC(275) O:      Live:         -                 4M (0%)            4M (0%)            4M (0%)     
[25.794s][info][gc,heap     ] GC(275) O:   Garbage:         -                35M (3%)           35M (3%)           32M (3%)     
[25.794s][info][gc,heap     ] GC(275) O: Allocated:         -                 0M (0%)            0M (0%)            2M (0%)     
[25.794s][info][gc,heap     ] GC(275) O: Reclaimed:         -                  -                 0M (0%)            2M (0%)     
[25.794s][info][gc,heap     ] GC(275) O: Compacted:         -                  -                  -                 1M (0%)     
[25.794s][info][gc,phases   ] GC(275) O: Old Generation 108M(11%)->268M(26%) 0.014s
[25.794s][info][gc          ] GC(275) Major Collection (Proactive) 396M(39%)->268M(26%) 0.017s
[25.851s][info][gc          ] GC(276) Minor Collection (Allocation Rate)
[25.851s][info][gc,task     ] GC(276) Using 3 Workers for Young Generation
[25.851s][info][gc,phases   ] GC(276) y: Young Generation
[25.851s][info][gc,phases   ] GC(276) y: Pause Mark Start 0.007ms
[25.852s][info][gc,phases   ] GC(276) y: Concurrent Mark 0.983ms
[25.852s][info][gc,phases   ] GC(276) y: Pause Mark End 0.005ms
[25.852s][info][gc,phases   ] GC(276) y: Concurrent Mark Free 0.000ms
[25.852s][info][gc,phases   ] GC(276) y: Concurrent Reset Relocation Set 0.000ms
[25.853s][info][gc,reloc    ] GC(276) y: Using tenuring threshold: 1 (Computed)
[25.853s][info][gc,phases   ] GC(276) y: Concurrent Select Relocation Set 1.138ms
[25.853s][info][gc,phases   ] GC(276) y: Pause Relocate Start 0.004ms
[25.853s][info][gc,phases   ] GC(276) y: Concurrent Relocate 0.030ms
[25.853s][info][gc,alloc    ] GC(276) y:                         Mark Start        Mark End      Relocate Start    Relocate End   
[25.853s][info][gc,alloc    ] GC(276) y: Allocation Stalls:          0                0                0                0         
[25.853s][info][gc,load     ] GC(276) y: Load: 3.08 (31%) / 3.05 (31%) / 3.15 (31%)
[25.853s][info][gc,mmu      ] GC(276) y: MMU: 2ms/99.0%, 5ms/99.5%, 10ms/99.7%, 20ms/99.7%, 50ms/99.8%, 100ms/99.9%
[25.853s][info][gc,marking  ] GC(276) y: Mark: 2 stripe(s), 2 proactive flush(es), 1 terminate flush(es), 0 completion(s), 0 continuation(s) 
[25.853s][info][gc,marking  ] GC(276) y: Mark Stack Usage: 32M
[25.853s][info][gc,nmethod  ] GC(276) y: NMethods: 1586 registered, 169 unregistered
[25.853s][info][gc,metaspace] GC(276) y: Metaspace: 9M used, 10M committed, 1088M reserved
[25.853s][info][gc,reloc    ] GC(276) y:                        Candidates     Selected     In-Place         Size        Empty    Relocated 
[25.853s][info][gc,reloc    ] GC(276) y: Small Pages:                    2            0            0           4M           2M           0M 
[25.853s][info][gc,reloc    ] GC(276) y: Medium Pages:                  28            0            0         896M         864M           0M 
[25.853s][info][gc,reloc    ] GC(276) y: Large Pages:                    0            0            0           0M           0M           0M 
[25.853s][info][gc,reloc    ] GC(276) y: Forwarding Usage: 0M
[25.853s][info][gc,reloc    ] GC(276) y: Age Table:
[25.853s][info][gc,reloc    ] GC(276) y:                    Live             Garbage             Small              Medium             Large        
[25.853s][info][gc,reloc    ] GC(276) y: Eden               0M (0%)          865M (84%)          1 / 0             27 / 0              0 / 0        
[25.853s][info][gc,reloc    ] GC(276) y: Survivor 1          -                34M (3%)           1 / 0              1 / 0              0 / 0        
[25.853s][info][gc,heap     ] GC(276) y: Min Capacity: 8M(1%)
[25.853s][info][gc,heap     ] GC(276) y: Max Capacity: 1024M(100%)
[25.853s][info][gc,heap     ] GC(276) y: Soft Max Capacity: 1024M(100%)
[25.853s][info][gc,heap     ] GC(276) y: Heap Statistics:
[25.853s][info][gc,heap     ] GC(276) y:                Mark Start          Mark End        Relocate Start      Relocate End           High               Low         
[25.853s][info][gc,heap     ] GC(276) y:  Capacity:     1024M (100%)       1024M (100%)       1024M (100%)       1024M (100%)       1024M (100%)       1024M (100%)   
[25.853s][info][gc,heap     ] GC(276) y:      Free:       84M (8%)           50M (5%)          916M (89%)         916M (89%)         916M (89%)          50M (5%)     
[25.853s][info][gc,heap     ] GC(276) y:      Used:      940M (92%)         974M (95%)         108M (11%)         108M (11%)         974M (95%)         108M (11%)    
[25.853s][info][gc,heap     ] GC(276) y: Young Generation Statistics:
[25.853s][info][gc,heap     ] GC(276) y:                Mark Start          Mark End        Relocate Start      Relocate End    
[25.853s][info][gc,heap     ] GC(276) y:      Used:      900M (88%)         934M (91%)          68M (7%)           68M (7%)     
[25.853s][info][gc,heap     ] GC(276) y:      Live:         -                 0M (0%)            0M (0%)            0M (0%)     
[25.853s][info][gc,heap     ] GC(276) y:   Garbage:         -               899M (88%)          33M (3%)           33M (3%)     
[25.853s][info][gc,heap     ] GC(276) y: Allocated:         -                34M (3%)           34M (3%)           34M (3%)     
[25.853s][info][gc,heap     ] GC(276) y: Reclaimed:         -                  -               866M (85%)         866M (85%)    
[25.853s][info][gc,heap     ] GC(276) y:  Promoted:         -                  -                 0M (0%)            0M (0%)     
[25.853s][info][gc,heap     ] GC(276) y: Compacted:         -                  -                  -                 0M (0%)     
[25.853s][info][gc,phases   ] GC(276) y: Young Generation 940M(92%)->108M(11%) 0.002s
[25.853s][info][gc          ] GC(276) Minor Collection (Allocation Rate) 940M(92%)->108M(11%) 0.003s
[25.925s][info][gc          ] GC(277) Minor Collection (Allocation Rate)
[25.925s][info][gc,task     ] GC(277) Using 3 Workers for Young Generation
[25.925s][info][gc,phases   ] GC(277) y: Young Generation
[25.925s][info][gc,phases   ] GC(277) y: Pause Mark Start 0.005ms
[25.926s][info][gc,phases   ] GC(277) y: Concurrent Mark 0.852ms
[25.926s][info][gc,phases   ] GC(277) y: Pause Mark End 0.004ms
[25.926s][info][gc,phases   ] GC(277) y: Concurrent Mark Free 0.000ms
[25.926s][info][gc,phases   ] GC(277) y: Concurrent Reset Relocation Set 0.003ms
[25.927s][info][gc,reloc    ] GC(277) y: Using tenuring threshold: 1 (Computed)
[25.927s][info][gc,phases   ] GC(277) y: Concurrent Select Relocation Set 1.119ms
[25.927s][info][gc,phases   ] GC(277) y: Pause Relocate Start 0.004ms
[25.927s][info][gc,phases   ] GC(277) y: Concurrent Relocate 0.037ms
[25.927s][info][gc,alloc    ] GC(277) y:                         Mark Start        Mark End      Relocate Start    Relocate End   
[25.927s][info][gc,alloc    ] GC(277) y: Allocation Stalls:          0                0                0                0         
[25.927s][info][gc,load     ] GC(277) y: Load: 3.08 (31%) / 3.05 (31%) / 3.15 (31%)
[25.927s][info][gc,mmu      ] GC(277) y: MMU: 2ms/99.0%, 5ms/99.5%, 10ms/99.7%, 20ms/99.7%, 50ms/99.8%, 100ms/99.9%
[25.927s][info][gc,marking  ] GC(277) y: Mark: 2 stripe(s), 2 proactive flush(es), 1 terminate flush(es), 0 completion(s), 0 continuation(s) 
[25.927s][info][gc,marking  ] GC(277) y: Mark Stack Usage: 32M
[25.927s][info][gc,nmethod  ] GC(277) y: NMethods: 1586 registered, 169 unregistered
[25.927s][info][gc,metaspace] GC(277) y: Metaspace: 9M used, 10M committed, 1088M reserved
[25.927s][info][gc,reloc    ] GC(277) y:                        Candidates     Selected     In-Place         Size        Empty    Relocated 
[25.927s][info][gc,reloc    ] GC(277) y: Small Pages:                    2            0            0           4M           2M           0M 
[25.927s][info][gc,reloc    ] GC(277) y: Medium Pages:                  28            0            0         896M         864M           0M 
[25.927s][info][gc,reloc    ] GC(277) y: Large Pages:                    0            0            0           0M           0M           0M 
[25.927s][info][gc,reloc    ] GC(277) y: Forwarding Usage: 0M
[25.927s][info][gc,reloc    ] GC(277) y: Age Table:
[25.927s][info][gc,reloc    ] GC(277) y:                    Live             Garbage             Small              Medium             Large        
[25.927s][info][gc,reloc    ] GC(277) y: Eden               0M (0%)          865M (85%)          1 / 0             27 / 0              0 / 0        
[25.927s][info][gc,reloc    ] GC(277) y: Survivor 1          -                34M (3%)           1 / 0              1 / 0              0 / 0        
[25.927s][info][gc,heap     ] GC(277) y: Min Capacity: 8M(1%)
[25.927s][info][gc,heap     ] GC(277) y: Max Capacity: 1024M(100%)
[25.927s][info][gc,heap     ] GC(277) y: Soft Max Capacity: 1024M(100%)
[25.927s][info][gc,heap     ] GC(277) y: Heap Statistics:
[25.927s][info][gc,heap     ] GC(277) y:                Mark Start          Mark End        Relocate Start      Relocate End           High               Low         
[25.927s][info][gc,heap     ] GC(277) y:  Capacity:     1024M (100%)       1024M (100%)       1024M (100%)       1024M (100%)       1024M (100%)       1024M (100%)   
[25.927s][info][gc,heap     ] GC(277) y:      Free:       84M (8%)           50M (5%)          916M (89%)         916M (89%)         916M (89%)          50M (5%)     
[25.927s][info][gc,heap     ] GC(277) y:      Used:      940M (92%)         974M (95%)         108M (11%)         108M (11%)         974M (95%)         108M (11%)    
[25.927s][info][gc,heap     ] GC(277) y: Young Generation Statistics:
[25.927s][info][gc,heap     ] GC(277) y:                Mark Start          Mark End        Relocate Start      Relocate End    
[25.927s][info][gc,heap     ] GC(277) y:      Used:      900M (88%)         934M (91%)          68M (7%)           68M (7%)     
[25.927s][info][gc,heap     ] GC(277) y:      Live:         -                 0M (0%)            0M (0%)            0M (0%)     
[25.927s][info][gc,heap     ] GC(277) y:   Garbage:         -               899M (88%)          33M (3%)           33M (3%)     
[25.927s][info][gc,heap     ] GC(277) y: Allocated:         -                34M (3%)           34M (3%)           34M (3%)     
[25.927s][info][gc,heap     ] GC(277) y: Reclaimed:         -                  -               866M (85%)         866M (85%)    
[25.927s][info][gc,heap     ] GC(277) y:  Promoted:         -                  -                 0M (0%)            0M (0%)     
[25.927s][info][gc,heap     ] GC(277) y: Compacted:         -                  -                  -                 0M (0%)     
[25.927s][info][gc,phases   ] GC(277) y: Young Generation 940M(92%)->108M(11%) 0.002s
[25.927s][info][gc          ] GC(277) Minor Collection (Allocation Rate) 940M(92%)->108M(11%) 0.002s
[25.997s][info][gc          ] GC(278) Minor Collection (Allocation Rate)
[25.997s][info][gc,task     ] GC(278) Using 3 Workers for Young Generation
[25.997s][info][gc,phases   ] GC(278) y: Young Generation
[25.997s][info][gc,phases   ] GC(278) y: Pause Mark Start 0.004ms
[25.998s][info][gc,phases   ] GC(278) y: Concurrent Mark 0.931ms
[25.998s][info][gc,phases   ] GC(278) y: Pause Mark End 0.005ms
[25.998s][info][gc,phases   ] GC(278) y: Concurrent Mark Free 0.000ms
[25.999s][info][gc,phases   ] GC(278) y: Concurrent Reset Relocation Set 0.000ms
[26.000s][info][gc,reloc    ] GC(278) y: Using tenuring threshold: 1 (Computed)
[26.000s][info][gc,phases   ] GC(278) y: Concurrent Select Relocation Set 1.076ms
[26.000s][info][gc,phases   ] GC(278) y: Pause Relocate Start 0.005ms
[26.000s][info][gc,phases   ] GC(278) y: Concurrent Relocate 0.049ms
[26.000s][info][gc,alloc    ] GC(278) y:                         Mark Start        Mark End      Relocate Start    Relocate End   
[26.000s][info][gc,alloc    ] GC(278) y: Allocation Stalls:          0                0                0                0         
[26.000s][info][gc,load     ] GC(278) y: Load: 3.08 (31%) / 3.05 (31%) / 3.15 (31%)
[26.000s][info][gc,mmu      ] GC(278) y: MMU: 2ms/99.0%, 5ms/99.5%, 10ms/99.7%, 20ms/99.7%, 50ms/99.8%, 100ms/99.9%
[26.000s][info][gc,marking  ] GC(278) y: Mark: 2 stripe(s), 2 proactive flush(es), 1 terminate flush(es), 0 completion(s), 0 continuation(s) 
[26.000s][info][gc,marking  ] GC(278) y: Mark Stack Usage: 32M
[26.000s][info][gc,nmethod  ] GC(278) y: NMethods: 1586 registered, 169 unregistered
[26.000s][info][gc,metaspace] GC(278) y: Metaspace: 9M used, 10M committed, 1088M reserved
[26.000s][info][gc,reloc    ] GC(278) y:                        Candidates     Selected     In-Place         Size        Empty    Relocated 
[26.000s][info][gc,reloc    ] GC(278) y: Small Pages:                    2            0            0           4M           2M           0M 
[26.000s][info][gc,reloc    ] GC(278) y: Medium Pages:                  28            0            0         896M         864M           0M 
[26.000s][info][gc,reloc    ] GC(278) y: Large Pages:                    0            0            0           0M           0M           0M 
[26.000s][info][gc,reloc    ] GC(278) y: Forwarding Usage: 0M
[26.000s][info][gc,reloc    ] GC(278) y: Age Table:
[26.000s][info][gc,reloc    ] GC(278) y:                    Live             Garbage             Small              Medium             Large        
[26.000s][info][gc,reloc    ] GC(278) y: Eden               0M (0%)          865M (85%)          1 / 0             27 / 0              0 / 0        
[26.000s][info][gc,reloc    ] GC(278) y: Survivor 1          -                34M (3%)           1 / 0              1 / 0              0 / 0        
[26.000s][info][gc,heap     ] GC(278) y: Min Capacity: 8M(1%)
[26.000s][info][gc,heap     ] GC(278) y: Max Capacity: 1024M(100%)
[26.000s][info][gc,heap     ] GC(278) y: Soft Max Capacity: 1024M(100%)
[26.000s][info][gc,heap     ] GC(278) y: Heap Statistics:
[26.000s][info][gc,heap     ] GC(278) y:                Mark Start          Mark End        Relocate Start      Relocate End           High               Low         
[26.000s][info][gc,heap     ] GC(278) y:  Capacity:     1024M (100%)       1024M (100%)       1024M (100%)       1024M (100%)       1024M (100%)       1024M (100%)   
[26.000s][info][gc,heap     ] GC(278) y:      Free:       84M (8%)           50M (5%)          916M (89%)         916M (89%)         916M (89%)          50M (5%)     
[26.000s][info][gc,heap     ] GC(278) y:      Used:      940M (92%)         974M (95%)         108M (11%)         108M (11%)         974M (95%)         108M (11%)    
[26.000s][info][gc,heap     ] GC(278) y: Young Generation Statistics:
[26.000s][info][gc,heap     ] GC(278) y:                Mark Start          Mark End        Relocate Start      Relocate End    
[26.000s][info][gc,heap     ] GC(278) y:      Used:      900M (88%)         934M (91%)          68M (7%)           68M (7%)     
[26.000s][info][gc,heap     ] GC(278) y:      Live:         -                 0M (0%)            0M (0%)            0M (0%)     
[26.000s][info][gc,heap     ] GC(278) y:   Garbage:         -               899M (88%)          33M (3%)           33M (3%)     
[26.000s][info][gc,heap     ] GC(278) y: Allocated:         -                34M (3%)           34M (3%)           34M (3%)     
[26.000s][info][gc,heap     ] GC(278) y: Reclaimed:         -                  -               866M (85%)         866M (85%)    
[26.000s][info][gc,heap     ] GC(278) y:  Promoted:         -                  -                 0M (0%)            0M (0%)     
[26.000s][info][gc,heap     ] GC(278) y: Compacted:         -                  -                  -                 0M (0%)     
[26.000s][info][gc,phases   ] GC(278) y: Young Generation 940M(92%)->108M(11%) 0.002s
[26.000s][info][gc          ] GC(278) Minor Collection (Allocation Rate) 940M(92%)->108M(11%) 0.002s
[26.068s][info][gc          ] GC(279) Minor Collection (Allocation Rate)
[26.068s][info][gc,task     ] GC(279) Using 2 Workers for Young Generation
[26.068s][info][gc,phases   ] GC(279) y: Young Generation
[26.068s][info][gc,phases   ] GC(279) y: Pause Mark Start 0.005ms
[26.069s][info][gc,phases   ] GC(279) y: Concurrent Mark 1.252ms
[26.069s][info][gc,phases   ] GC(279) y: Pause Mark End 0.005ms
[26.069s][info][gc,phases   ] GC(279) y: Concurrent Mark Free 0.000ms
[26.069s][info][gc,phases   ] GC(279) y: Concurrent Reset Relocation Set 0.000ms
[26.070s][info][gc,reloc    ] GC(279) y: Using tenuring threshold: 1 (Computed)
[26.070s][info][gc,phases   ] GC(279) y: Concurrent Select Relocation Set 1.033ms
[26.070s][info][gc,phases   ] GC(279) y: Pause Relocate Start 0.004ms
[26.070s][info][gc,phases   ] GC(279) y: Concurrent Relocate 0.017ms
[26.070s][info][gc,alloc    ] GC(279) y:                         Mark Start        Mark End      Relocate Start    Relocate End   
[26.070s][info][gc,alloc    ] GC(279) y: Allocation Stalls:          0                0                0                0         
[26.070s][info][gc,load     ] GC(279) y: Load: 3.08 (31%) / 3.05 (31%) / 3.15 (31%)
[26.070s][info][gc,mmu      ] GC(279) y: MMU: 2ms/99.0%, 5ms/99.5%, 10ms/99.7%, 20ms/99.7%, 50ms/99.8%, 100ms/99.9%
[26.070s][info][gc,marking  ] GC(279) y: Mark: 2 stripe(s), 2 proactive flush(es), 1 terminate flush(es), 0 completion(s), 0 continuation(s) 
[26.070s][info][gc,marking  ] GC(279) y: Mark Stack Usage: 32M
[26.070s][info][gc,nmethod  ] GC(279) y: NMethods: 1586 registered, 169 unregistered
[26.070s][info][gc,metaspace] GC(279) y: Metaspace: 9M used, 10M committed, 1088M reserved
[26.070s][info][gc,reloc    ] GC(279) y:                        Candidates     Selected     In-Place         Size        Empty    Relocated 
[26.070s][info][gc,reloc    ] GC(279) y: Small Pages:                    2            0            0           4M           2M           0M 
[26.070s][info][gc,reloc    ] GC(279) y: Medium Pages:                  27            0            0         864M         832M           0M 
[26.070s][info][gc,reloc    ] GC(279) y: Large Pages:                    0            0            0           0M           0M           0M 
[26.070s][info][gc,reloc    ] GC(279) y: Forwarding Usage: 0M
[26.070s][info][gc,reloc    ] GC(279) y: Age Table:
[26.070s][info][gc,reloc    ] GC(279) y:                    Live             Garbage             Small              Medium             Large        
[26.070s][info][gc,reloc    ] GC(279) y: Eden               0M (0%)          833M (81%)          1 / 0             26 / 0              0 / 0        
[26.070s][info][gc,reloc    ] GC(279) y: Survivor 1          -                34M (3%)           1 / 0              1 / 0              0 / 0        
[26.070s][info][gc,heap     ] GC(279) y: Min Capacity: 8M(1%)
[26.070s][info][gc,heap     ] GC(279) y: Max Capacity: 1024M(100%)
[26.070s][info][gc,heap     ] GC(279) y: Soft Max Capacity: 1024M(100%)
[26.070s][info][gc,heap     ] GC(279) y: Heap Statistics:
[26.070s][info][gc,heap     ] GC(279) y:                Mark Start          Mark End        Relocate Start      Relocate End           High               Low         
[26.070s][info][gc,heap     ] GC(279) y:  Capacity:     1024M (100%)       1024M (100%)       1024M (100%)       1024M (100%)       1024M (100%)       1024M (100%)   
[26.070s][info][gc,heap     ] GC(279) y:      Free:      116M (11%)          82M (8%)          916M (89%)         916M (89%)         916M (89%)          82M (8%)     
[26.070s][info][gc,heap     ] GC(279) y:      Used:      908M (89%)         942M (92%)         108M (11%)         108M (11%)         942M (92%)         108M (11%)    
[26.070s][info][gc,heap     ] GC(279) y: Young Generation Statistics:
[26.070s][info][gc,heap     ] GC(279) y:                Mark Start          Mark End        Relocate Start      Relocate End    
[26.070s][info][gc,heap     ] GC(279) y:      Used:      868M (85%)         902M (88%)          68M (7%)           68M (7%)     
[26.070s][info][gc,heap     ] GC(279) y:      Live:         -                 0M (0%)            0M (0%)            0M (0%)     
[26.070s][info][gc,heap     ] GC(279) y:   Garbage:         -               867M (85%)          33M (3%)           33M (3%)     
[26.070s][info][gc,heap     ] GC(279) y: Allocated:         -                34M (3%)           34M (3%)           34M (3%)     
[26.070s][info][gc,heap     ] GC(279) y: Reclaimed:         -                  -               834M (81%)         834M (81%)    
[26.070s][info][gc,heap     ] GC(279) y:  Promoted:         -                  -                 0M (0%)            0M (0%)     
[26.070s][info][gc,heap     ] GC(279) y: Compacted:         -                  -                  -                 0M (0%)     
[26.070s][info][gc,phases   ] GC(279) y: Young Generation 908M(89%)->108M(11%) 0.003s
[26.070s][info][gc          ] GC(279) Minor Collection (Allocation Rate) 908M(89%)->108M(11%) 0.003s
[26.138s][info][gc          ] GC(280) Minor Collection (Allocation Rate)
[26.138s][info][gc,task     ] GC(280) Using 2 Workers for Young Generation
[26.138s][info][gc,phases   ] GC(280) y: Young Generation
[26.138s][info][gc,phases   ] GC(280) y: Pause Mark Start 0.004ms
[26.139s][info][gc,phases   ] GC(280) y: Concurrent Mark 1.181ms
[26.139s][info][gc,phases   ] GC(280) y: Pause Mark End 0.005ms
[26.139s][info][gc,phases   ] GC(280) y: Concurrent Mark Free 0.000ms
[26.139s][info][gc,phases   ] GC(280) y: Concurrent Reset Relocation Set 0.000ms
[26.140s][info][gc,reloc    ] GC(280) y: Using tenuring threshold: 1 (Computed)
[26.140s][info][gc,phases   ] GC(280) y: Concurrent Select Relocation Set 1.030ms
[26.140s][info][gc,phases   ] GC(280) y: Pause Relocate Start 0.004ms
[26.140s][info][gc,phases   ] GC(280) y: Concurrent Relocate 0.017ms
[26.140s][info][gc,alloc    ] GC(280) y:                         Mark Start        Mark End      Relocate Start    Relocate End   
[26.140s][info][gc,alloc    ] GC(280) y: Allocation Stalls:          0                0                0                0         
[26.140s][info][gc,load     ] GC(280) y: Load: 3.08 (31%) / 3.05 (31%) / 3.15 (31%)
[26.140s][info][gc,mmu      ] GC(280) y: MMU: 2ms/99.0%, 5ms/99.5%, 10ms/99.7%, 20ms/99.7%, 50ms/99.8%, 100ms/99.9%
[26.140s][info][gc,marking  ] GC(280) y: Mark: 2 stripe(s), 2 proactive flush(es), 1 terminate flush(es), 0 completion(s), 0 continuation(s) 
[26.140s][info][gc,marking  ] GC(280) y: Mark Stack Usage: 32M
[26.140s][info][gc,nmethod  ] GC(280) y: NMethods: 1586 registered, 169 unregistered
[26.140s][info][gc,metaspace] GC(280) y: Metaspace: 9M used, 10M committed, 1088M reserved
[26.140s][info][gc,reloc    ] GC(280) y:                        Candidates     Selected     In-Place         Size        Empty    Relocated 
[26.140s][info][gc,reloc    ] GC(280) y: Small Pages:                    2            0            0           4M           2M           0M 
[26.140s][info][gc,reloc    ] GC(280) y: Medium Pages:                  27            0            0         864M         832M           0M 
[26.140s][info][gc,reloc    ] GC(280) y: Large Pages:                    0            0            0           0M           0M           0M 
[26.140s][info][gc,reloc    ] GC(280) y: Forwarding Usage: 0M
[26.140s][info][gc,reloc    ] GC(280) y: Age Table:
[26.140s][info][gc,reloc    ] GC(280) y:                    Live             Garbage             Small              Medium             Large        
[26.140s][info][gc,reloc    ] GC(280) y: Eden               0M (0%)          833M (81%)          1 / 0             26 / 0              0 / 0        
[26.140s][info][gc,reloc    ] GC(280) y: Survivor 1          -                34M (3%)           1 / 0              1 / 0              0 / 0        
[26.140s][info][gc,heap     ] GC(280) y: Min Capacity: 8M(1%)
[26.140s][info][gc,heap     ] GC(280) y: Max Capacity: 1024M(100%)
[26.140s][info][gc,heap     ] GC(280) y: Soft Max Capacity: 1024M(100%)
[26.140s][info][gc,heap     ] GC(280) y: Heap Statistics:
[26.140s][info][gc,heap     ] GC(280) y:                Mark Start          Mark End        Relocate Start      Relocate End           High               Low         
[26.140s][info][gc,heap     ] GC(280) y:  Capacity:     1024M (100%)       1024M (100%)       1024M (100%)       1024M (100%)       1024M (100%)       1024M (100%)   
[26.140s][info][gc,heap     ] GC(280) y:      Free:      116M (11%)          82M (8%)          916M (89%)         916M (89%)         916M (89%)          82M (8%)     
[26.140s][info][gc,heap     ] GC(280) y:      Used:      908M (89%)         942M (92%)         108M (11%)         108M (11%)         942M (92%)         108M (11%)    
[26.140s][info][gc,heap     ] GC(280) y: Young Generation Statistics:
[26.140s][info][gc,heap     ] GC(280) y:                Mark Start          Mark End        Relocate Start      Relocate End    
[26.140s][info][gc,heap     ] GC(280) y:      Used:      868M (85%)         902M (88%)          68M (7%)           68M (7%)     
[26.140s][info][gc,heap     ] GC(280) y:      Live:         -                 0M (0%)            0M (0%)            0M (0%)     
[26.140s][info][gc,heap     ] GC(280) y:   Garbage:         -               867M (85%)          33M (3%)           33M (3%)     
[26.140s][info][gc,heap     ] GC(280) y: Allocated:         -                34M (3%)           34M (3%)           34M (3%)     
[26.140s][info][gc,heap     ] GC(280) y: Reclaimed:         -                  -               834M (81%)         834M (81%)    
[26.140s][info][gc,heap     ] GC(280) y:  Promoted:         -                  -                 0M (0%)            0M (0%)     
[26.140s][info][gc,heap     ] GC(280) y: Compacted:         -                  -                  -                 0M (0%)     
[26.140s][info][gc,phases   ] GC(280) y: Young Generation 908M(89%)->108M(11%) 0.003s
[26.140s][info][gc          ] GC(280) Minor Collection (Allocation Rate) 908M(89%)->108M(11%) 0.003s
[26.205s][info][gc          ] GC(281) Minor Collection (Allocation Rate)
[26.205s][info][gc,task     ] GC(281) Using 1 Workers for Young Generation
[26.205s][info][gc,phases   ] GC(281) y: Young Generation
[26.205s][info][gc,phases   ] GC(281) y: Pause Mark Start 0.004ms
[26.208s][info][gc,phases   ] GC(281) y: Concurrent Mark 2.098ms
[26.208s][info][gc,phases   ] GC(281) y: Pause Mark End 0.005ms
[26.208s][info][gc,phases   ] GC(281) y: Concurrent Mark Free 0.000ms
[26.208s][info][gc,phases   ] GC(281) y: Concurrent Reset Relocation Set 0.000ms
[26.209s][info][gc,reloc    ] GC(281) y: Using tenuring threshold: 1 (Computed)
[26.209s][info][gc,phases   ] GC(281) y: Concurrent Select Relocation Set 1.032ms
[26.209s][info][gc,phases   ] GC(281) y: Pause Relocate Start 0.004ms
[26.209s][info][gc,phases   ] GC(281) y: Concurrent Relocate 0.014ms
[26.209s][info][gc,alloc    ] GC(281) y:                         Mark Start        Mark End      Relocate Start    Relocate End   
[26.209s][info][gc,alloc    ] GC(281) y: Allocation Stalls:          0                0                0                0         
[26.209s][info][gc,load     ] GC(281) y: Load: 3.08 (31%) / 3.05 (31%) / 3.15 (31%)
[26.209s][info][gc,mmu      ] GC(281) y: MMU: 2ms/99.0%, 5ms/99.5%, 10ms/99.7%, 20ms/99.7%, 50ms/99.8%, 100ms/99.9%
[26.209s][info][gc,marking  ] GC(281) y: Mark: 1 stripe(s), 2 proactive flush(es), 1 terminate flush(es), 0 completion(s), 0 continuation(s) 
[26.209s][info][gc,marking  ] GC(281) y: Mark Stack Usage: 32M
[26.209s][info][gc,nmethod  ] GC(281) y: NMethods: 1586 registered, 169 unregistered
[26.209s][info][gc,metaspace] GC(281) y: Metaspace: 9M used, 10M committed, 1088M reserved
[26.209s][info][gc,reloc    ] GC(281) y:                        Candidates     Selected     In-Place         Size        Empty    Relocated 
[26.209s][info][gc,reloc    ] GC(281) y: Small Pages:                    2            0            0           4M           2M           0M 
[26.209s][info][gc,reloc    ] GC(281) y: Medium Pages:                  26            0            0         832M         800M           0M 
[26.209s][info][gc,reloc    ] GC(281) y: Large Pages:                    0            0            0           0M           0M           0M 
[26.209s][info][gc,reloc    ] GC(281) y: Forwarding Usage: 0M
[26.209s][info][gc,reloc    ] GC(281) y: Age Table:
[26.209s][info][gc,reloc    ] GC(281) y:                    Live             Garbage             Small              Medium             Large        
[26.209s][info][gc,reloc    ] GC(281) y: Eden               0M (0%)          801M (78%)          1 / 0             25 / 0              0 / 0        
[26.209s][info][gc,reloc    ] GC(281) y: Survivor 1          -                34M (3%)           1 / 0              1 / 0              0 / 0        
[26.209s][info][gc,heap     ] GC(281) y: Min Capacity: 8M(1%)
[26.209s][info][gc,heap     ] GC(281) y: Max Capacity: 1024M(100%)
[26.209s][info][gc,heap     ] GC(281) y: Soft Max Capacity: 1024M(100%)
[26.209s][info][gc,heap     ] GC(281) y: Heap Statistics:
[26.209s][info][gc,heap     ] GC(281) y:                Mark Start          Mark End        Relocate Start      Relocate End           High               Low         
[26.209s][info][gc,heap     ] GC(281) y:  Capacity:     1024M (100%)       1024M (100%)       1024M (100%)       1024M (100%)       1024M (100%)       1024M (100%)   
[26.209s][info][gc,heap     ] GC(281) y:      Free:      148M (14%)         114M (11%)         884M (86%)         884M (86%)         884M (86%)          82M (8%)     
[26.209s][info][gc,heap     ] GC(281) y:      Used:      876M (86%)         910M (89%)         140M (14%)         140M (14%)         942M (92%)         140M (14%)    
[26.209s][info][gc,heap     ] GC(281) y: Young Generation Statistics:
[26.209s][info][gc,heap     ] GC(281) y:                Mark Start          Mark End        Relocate Start      Relocate End    
[26.209s][info][gc,heap     ] GC(281) y:      Used:      836M (82%)         870M (85%)         100M (10%)         100M (10%)    
[26.209s][info][gc,heap     ] GC(281) y:      Live:         -                 0M (0%)            0M (0%)            0M (0%)     
[26.209s][info][gc,heap     ] GC(281) y:   Garbage:         -               835M (82%)          33M (3%)           33M (3%)     
[26.209s][info][gc,heap     ] GC(281) y: Allocated:         -                34M (3%)           66M (6%)           66M (6%)     
[26.209s][info][gc,heap     ] GC(281) y: Reclaimed:         -                  -               802M (78%)         802M (78%)    
[26.209s][info][gc,heap     ] GC(281) y:  Promoted:         -                  -                 0M (0%)            0M (0%)     
[26.209s][info][gc,heap     ] GC(281) y: Compacted:         -                  -                  -                 0M (0%)     
[26.209s][info][gc,phases   ] GC(281) y: Young Generation 876M(86%)->140M(14%) 0.003s
[26.209s][info][gc          ] GC(281) Minor Collection (Allocation Rate) 876M(86%)->140M(14%) 0.004s
[26.278s][info][gc          ] GC(282) Minor Collection (Allocation Rate)
[26.278s][info][gc,task     ] GC(282) Using 3 Workers for Young Generation
[26.278s][info][gc,phases   ] GC(282) y: Young Generation
[26.278s][info][gc,phases   ] GC(282) y: Pause Mark Start 0.004ms
[26.279s][info][gc,phases   ] GC(282) y: Concurrent Mark 0.968ms
[26.280s][info][gc,phases   ] GC(282) y: Pause Mark End 0.004ms
[26.280s][info][gc,phases   ] GC(282) y: Concurrent Mark Free 0.000ms
[26.280s][info][gc,phases   ] GC(282) y: Concurrent Reset Relocation Set 0.000ms
[26.281s][info][gc,reloc    ] GC(282) y: Using tenuring threshold: 1 (Computed)
[26.281s][info][gc,phases   ] GC(282) y: Concurrent Select Relocation Set 1.068ms
[26.281s][info][gc,phases   ] GC(282) y: Pause Relocate Start 0.004ms
[26.281s][info][gc,phases   ] GC(282) y: Concurrent Relocate 0.030ms
[26.281s][info][gc,alloc    ] GC(282) y:                         Mark Start        Mark End      Relocate Start    Relocate End   
[26.281s][info][gc,alloc    ] GC(282) y: Allocation Stalls:          0                0                0                0         
[26.281s][info][gc,load     ] GC(282) y: Load: 3.08 (31%) / 3.05 (31%) / 3.15 (31%)
[26.281s][info][gc,mmu      ] GC(282) y: MMU: 2ms/99.0%, 5ms/99.5%, 10ms/99.7%, 20ms/99.7%, 50ms/99.8%, 100ms/99.9%
[26.281s][info][gc,marking  ] GC(282) y: Mark: 2 stripe(s), 2 proactive flush(es), 1 terminate flush(es), 0 completion(s), 0 continuation(s) 
[26.281s][info][gc,marking  ] GC(282) y: Mark Stack Usage: 32M
[26.281s][info][gc,nmethod  ] GC(282) y: NMethods: 1586 registered, 169 unregistered
[26.281s][info][gc,metaspace] GC(282) y: Metaspace: 9M used, 10M committed, 1088M reserved
[26.281s][info][gc,reloc    ] GC(282) y:                        Candidates     Selected     In-Place         Size        Empty    Relocated 
[26.281s][info][gc,reloc    ] GC(282) y: Small Pages:                    2            0            0           4M           2M           0M 
[26.281s][info][gc,reloc    ] GC(282) y: Medium Pages:                  28            0            0         896M         864M           0M 
[26.281s][info][gc,reloc    ] GC(282) y: Large Pages:                    0            0            0           0M           0M           0M 
[26.281s][info][gc,reloc    ] GC(282) y: Forwarding Usage: 0M
[26.281s][info][gc,reloc    ] GC(282) y: Age Table:
[26.281s][info][gc,reloc    ] GC(282) y:                    Live             Garbage             Small              Medium             Large        
[26.281s][info][gc,reloc    ] GC(282) y: Eden               0M (0%)          865M (85%)          1 / 0             27 / 0              0 / 0        
[26.281s][info][gc,reloc    ] GC(282) y: Survivor 1          -                34M (3%)           1 / 0              1 / 0              0 / 0        
[26.281s][info][gc,heap     ] GC(282) y: Min Capacity: 8M(1%)
[26.281s][info][gc,heap     ] GC(282) y: Max Capacity: 1024M(100%)
[26.281s][info][gc,heap     ] GC(282) y: Soft Max Capacity: 1024M(100%)
[26.281s][info][gc,heap     ] GC(282) y: Heap Statistics:
[26.281s][info][gc,heap     ] GC(282) y:                Mark Start          Mark End        Relocate Start      Relocate End           High               Low         
[26.281s][info][gc,heap     ] GC(282) y:  Capacity:     1024M (100%)       1024M (100%)       1024M (100%)       1024M (100%)       1024M (100%)       1024M (100%)   
[26.281s][info][gc,heap     ] GC(282) y:      Free:       84M (8%)           50M (5%)          916M (89%)         916M (89%)         916M (89%)          50M (5%)     
[26.281s][info][gc,heap     ] GC(282) y:      Used:      940M (92%)         974M (95%)         108M (11%)         108M (11%)         974M (95%)         108M (11%)    
[26.281s][info][gc,heap     ] GC(282) y: Young Generation Statistics:
[26.281s][info][gc,heap     ] GC(282) y:                Mark Start          Mark End        Relocate Start      Relocate End    
[26.281s][info][gc,heap     ] GC(282) y:      Used:      900M (88%)         934M (91%)          68M (7%)           68M (7%)     
[26.281s][info][gc,heap     ] GC(282) y:      Live:         -                 0M (0%)            0M (0%)            0M (0%)     
[26.281s][info][gc,heap     ] GC(282) y:   Garbage:         -               899M (88%)          33M (3%)           33M (3%)     
[26.281s][info][gc,heap     ] GC(282) y: Allocated:         -                34M (3%)           34M (3%)           34M (3%)     
[26.281s][info][gc,heap     ] GC(282) y: Reclaimed:         -                  -               866M (85%)         866M (85%)    
[26.281s][info][gc,heap     ] GC(282) y:  Promoted:         -                  -                 0M (0%)            0M (0%)     
[26.281s][info][gc,heap     ] GC(282) y: Compacted:         -                  -                  -                 0M (0%)     
[26.281s][info][gc,phases   ] GC(282) y: Young Generation 940M(92%)->108M(11%) 0.002s
[26.281s][info][gc          ] GC(282) Minor Collection (Allocation Rate) 940M(92%)->108M(11%) 0.003s
[26.351s][info][gc          ] GC(283) Minor Collection (Allocation Rate)
[26.351s][info][gc,task     ] GC(283) Using 3 Workers for Young Generation
[26.351s][info][gc,phases   ] GC(283) y: Young Generation
[26.351s][info][gc,phases   ] GC(283) y: Pause Mark Start 0.005ms
[26.353s][info][gc,phases   ] GC(283) y: Concurrent Mark 1.011ms
[26.353s][info][gc,phases   ] GC(283) y: Pause Mark End 0.005ms
[26.353s][info][gc,phases   ] GC(283) y: Concurrent Mark Free 0.000ms
[26.353s][info][gc,phases   ] GC(283) y: Concurrent Reset Relocation Set 0.000ms
[26.354s][info][gc,reloc    ] GC(283) y: Using tenuring threshold: 1 (Computed)
[26.354s][info][gc,phases   ] GC(283) y: Concurrent Select Relocation Set 1.070ms
[26.354s][info][gc,phases   ] GC(283) y: Pause Relocate Start 0.003ms
[26.354s][info][gc,phases   ] GC(283) y: Concurrent Relocate 0.036ms
[26.354s][info][gc,alloc    ] GC(283) y:                         Mark Start        Mark End      Relocate Start    Relocate End   
[26.354s][info][gc,alloc    ] GC(283) y: Allocation Stalls:          0                0                0                0         
[26.354s][info][gc,load     ] GC(283) y: Load: 3.08 (31%) / 3.05 (31%) / 3.15 (31%)
[26.354s][info][gc,mmu      ] GC(283) y: MMU: 2ms/99.0%, 5ms/99.5%, 10ms/99.7%, 20ms/99.7%, 50ms/99.8%, 100ms/99.9%
[26.354s][info][gc,marking  ] GC(283) y: Mark: 2 stripe(s), 2 proactive flush(es), 1 terminate flush(es), 0 completion(s), 0 continuation(s) 
[26.354s][info][gc,marking  ] GC(283) y: Mark Stack Usage: 32M
[26.354s][info][gc,nmethod  ] GC(283) y: NMethods: 1586 registered, 169 unregistered
[26.354s][info][gc,metaspace] GC(283) y: Metaspace: 9M used, 10M committed, 1088M reserved
[26.354s][info][gc,reloc    ] GC(283) y:                        Candidates     Selected     In-Place         Size        Empty    Relocated 
[26.354s][info][gc,reloc    ] GC(283) y: Small Pages:                    2            0            0           4M           2M           0M 
[26.354s][info][gc,reloc    ] GC(283) y: Medium Pages:                  28            0            0         896M         864M           0M 
[26.354s][info][gc,reloc    ] GC(283) y: Large Pages:                    0            0            0           0M           0M           0M 
[26.354s][info][gc,reloc    ] GC(283) y: Forwarding Usage: 0M
[26.354s][info][gc,reloc    ] GC(283) y: Age Table:
[26.354s][info][gc,reloc    ] GC(283) y:                    Live             Garbage             Small              Medium             Large        
[26.354s][info][gc,reloc    ] GC(283) y: Eden               0M (0%)          865M (85%)          1 / 0             27 / 0              0 / 0        
[26.354s][info][gc,reloc    ] GC(283) y: Survivor 1          -                34M (3%)           1 / 0              1 / 0              0 / 0        
[26.354s][info][gc,heap     ] GC(283) y: Min Capacity: 8M(1%)
[26.354s][info][gc,heap     ] GC(283) y: Max Capacity: 1024M(100%)
[26.354s][info][gc,heap     ] GC(283) y: Soft Max Capacity: 1024M(100%)
[26.354s][info][gc,heap     ] GC(283) y: Heap Statistics:
[26.354s][info][gc,heap     ] GC(283) y:                Mark Start          Mark End        Relocate Start      Relocate End           High               Low         
[26.354s][info][gc,heap     ] GC(283) y:  Capacity:     1024M (100%)       1024M (100%)       1024M (100%)       1024M (100%)       1024M (100%)       1024M (100%)   
[26.354s][info][gc,heap     ] GC(283) y:      Free:       84M (8%)           50M (5%)          916M (89%)         916M (89%)         916M (89%)          50M (5%)     
[26.354s][info][gc,heap     ] GC(283) y:      Used:      940M (92%)         974M (95%)         108M (11%)         108M (11%)         974M (95%)         108M (11%)    
[26.354s][info][gc,heap     ] GC(283) y: Young Generation Statistics:
[26.354s][info][gc,heap     ] GC(283) y:                Mark Start          Mark End        Relocate Start      Relocate End    
[26.354s][info][gc,heap     ] GC(283) y:      Used:      900M (88%)         934M (91%)          68M (7%)           68M (7%)     
[26.354s][info][gc,heap     ] GC(283) y:      Live:         -                 0M (0%)            0M (0%)            0M (0%)     
[26.354s][info][gc,heap     ] GC(283) y:   Garbage:         -               899M (88%)          33M (3%)           33M (3%)     
[26.354s][info][gc,heap     ] GC(283) y: Allocated:         -                34M (3%)           34M (3%)           34M (3%)     
[26.354s][info][gc,heap     ] GC(283) y: Reclaimed:         -                  -               866M (85%)         866M (85%)    
[26.354s][info][gc,heap     ] GC(283) y:  Promoted:         -                  -                 0M (0%)            0M (0%)     
[26.354s][info][gc,heap     ] GC(283) y: Compacted:         -                  -                  -                 0M (0%)     
[26.354s][info][gc,phases   ] GC(283) y: Young Generation 940M(92%)->108M(11%) 0.002s
[26.354s][info][gc          ] GC(283) Minor Collection (Allocation Rate) 940M(92%)->108M(11%) 0.003s
[26.424s][info][gc          ] GC(284) Minor Collection (Allocation Rate)
[26.424s][info][gc,task     ] GC(284) Using 3 Workers for Young Generation
[26.424s][info][gc,phases   ] GC(284) y: Young Generation
[26.424s][info][gc,phases   ] GC(284) y: Pause Mark Start 0.005ms
[26.425s][info][gc,phases   ] GC(284) y: Concurrent Mark 1.042ms
[26.425s][info][gc,phases   ] GC(284) y: Pause Mark End 0.005ms
[26.426s][info][gc,phases   ] GC(284) y: Concurrent Mark Free 0.000ms
[26.426s][info][gc,phases   ] GC(284) y: Concurrent Reset Relocation Set 0.000ms
[26.427s][info][gc,reloc    ] GC(284) y: Using tenuring threshold: 1 (Computed)
[26.427s][info][gc,phases   ] GC(284) y: Concurrent Select Relocation Set 1.083ms
[26.427s][info][gc,phases   ] GC(284) y: Pause Relocate Start 0.003ms
[26.427s][info][gc,phases   ] GC(284) y: Concurrent Relocate 0.031ms
[26.427s][info][gc,alloc    ] GC(284) y:                         Mark Start        Mark End      Relocate Start    Relocate End   
[26.427s][info][gc,alloc    ] GC(284) y: Allocation Stalls:          0                0                0                0         
[26.427s][info][gc,load     ] GC(284) y: Load: 3.08 (31%) / 3.05 (31%) / 3.15 (31%)
[26.427s][info][gc,mmu      ] GC(284) y: MMU: 2ms/99.0%, 5ms/99.5%, 10ms/99.7%, 20ms/99.7%, 50ms/99.8%, 100ms/99.9%
[26.427s][info][gc,marking  ] GC(284) y: Mark: 2 stripe(s), 2 proactive flush(es), 1 terminate flush(es), 0 completion(s), 0 continuation(s) 
[26.427s][info][gc,marking  ] GC(284) y: Mark Stack Usage: 32M
[26.427s][info][gc,nmethod  ] GC(284) y: NMethods: 1586 registered, 169 unregistered
[26.427s][info][gc,metaspace] GC(284) y: Metaspace: 9M used, 10M committed, 1088M reserved
[26.427s][info][gc,reloc    ] GC(284) y:                        Candidates     Selected     In-Place         Size        Empty    Relocated 
[26.427s][info][gc,reloc    ] GC(284) y: Small Pages:                    2            0            0           4M           2M           0M 
[26.427s][info][gc,reloc    ] GC(284) y: Medium Pages:                  28            0            0         896M         864M           0M 
[26.427s][info][gc,reloc    ] GC(284) y: Large Pages:                    0            0            0           0M           0M           0M 
[26.427s][info][gc,reloc    ] GC(284) y: Forwarding Usage: 0M
[26.427s][info][gc,reloc    ] GC(284) y: Age Table:
[26.427s][info][gc,reloc    ] GC(284) y:                    Live             Garbage             Small              Medium             Large        
[26.427s][info][gc,reloc    ] GC(284) y: Eden               0M (0%)          865M (84%)          1 / 0             27 / 0              0 / 0        
[26.427s][info][gc,reloc    ] GC(284) y: Survivor 1          -                34M (3%)           1 / 0              1 / 0              0 / 0        
[26.427s][info][gc,heap     ] GC(284) y: Min Capacity: 8M(1%)
[26.427s][info][gc,heap     ] GC(284) y: Max Capacity: 1024M(100%)
[26.427s][info][gc,heap     ] GC(284) y: Soft Max Capacity: 1024M(100%)
[26.427s][info][gc,heap     ] GC(284) y: Heap Statistics:
[26.427s][info][gc,heap     ] GC(284) y:                Mark Start          Mark End        Relocate Start      Relocate End           High               Low         
[26.427s][info][gc,heap     ] GC(284) y:  Capacity:     1024M (100%)       1024M (100%)       1024M (100%)       1024M (100%)       1024M (100%)       1024M (100%)   
[26.427s][info][gc,heap     ] GC(284) y:      Free:       84M (8%)           50M (5%)          916M (89%)         916M (89%)         916M (89%)          50M (5%)     
[26.427s][info][gc,heap     ] GC(284) y:      Used:      940M (92%)         974M (95%)         108M (11%)         108M (11%)         974M (95%)         108M (11%)    
[26.427s][info][gc,heap     ] GC(284) y: Young Generation Statistics:
[26.427s][info][gc,heap     ] GC(284) y:                Mark Start          Mark End        Relocate Start      Relocate End    
[26.427s][info][gc,heap     ] GC(284) y:      Used:      900M (88%)         934M (91%)          68M (7%)           68M (7%)     
[26.427s][info][gc,heap     ] GC(284) y:      Live:         -                 0M (0%)            0M (0%)            0M (0%)     
[26.427s][info][gc,heap     ] GC(284) y:   Garbage:         -               899M (88%)          33M (3%)           33M (3%)     
[26.427s][info][gc,heap     ] GC(284) y: Allocated:         -                34M (3%)           34M (3%)           34M (3%)     
[26.427s][info][gc,heap     ] GC(284) y: Reclaimed:         -                  -               866M (85%)         866M (85%)    
[26.427s][info][gc,heap     ] GC(284) y:  Promoted:         -                  -                 0M (0%)            0M (0%)     
[26.427s][info][gc,heap     ] GC(284) y: Compacted:         -                  -                  -                 0M (0%)     
[26.427s][info][gc,phases   ] GC(284) y: Young Generation 940M(92%)->108M(11%) 0.002s
[26.427s][info][gc          ] GC(284) Minor Collection (Allocation Rate) 940M(92%)->108M(11%) 0.003s
[26.497s][info][gc          ] GC(285) Minor Collection (Allocation Rate)
[26.497s][info][gc,task     ] GC(285) Using 3 Workers for Young Generation
[26.497s][info][gc,phases   ] GC(285) y: Young Generation
[26.497s][info][gc,phases   ] GC(285) y: Pause Mark Start 0.006ms
[26.498s][info][gc,phases   ] GC(285) y: Concurrent Mark 1.093ms
[26.498s][info][gc,phases   ] GC(285) y: Pause Mark End 0.009ms
[26.498s][info][gc,phases   ] GC(285) y: Concurrent Mark Free 0.000ms
[26.498s][info][gc,phases   ] GC(285) y: Concurrent Reset Relocation Set 0.000ms
[26.499s][info][gc,reloc    ] GC(285) y: Using tenuring threshold: 1 (Computed)
[26.500s][info][gc,phases   ] GC(285) y: Concurrent Select Relocation Set 1.077ms
[26.500s][info][gc,phases   ] GC(285) y: Pause Relocate Start 0.004ms
[26.500s][info][gc,phases   ] GC(285) y: Concurrent Relocate 0.041ms
[26.500s][info][gc,alloc    ] GC(285) y:                         Mark Start        Mark End      Relocate Start    Relocate End   
[26.500s][info][gc,alloc    ] GC(285) y: Allocation Stalls:          0                0                0                0         
[26.500s][info][gc,load     ] GC(285) y: Load: 3.08 (31%) / 3.05 (31%) / 3.15 (31%)
[26.500s][info][gc,mmu      ] GC(285) y: MMU: 2ms/99.0%, 5ms/99.5%, 10ms/99.7%, 20ms/99.7%, 50ms/99.8%, 100ms/99.9%
[26.500s][info][gc,marking  ] GC(285) y: Mark: 2 stripe(s), 2 proactive flush(es), 1 terminate flush(es), 0 completion(s), 0 continuation(s) 
[26.500s][info][gc,marking  ] GC(285) y: Mark Stack Usage: 32M
[26.500s][info][gc,nmethod  ] GC(285) y: NMethods: 1586 registered, 169 unregistered
[26.500s][info][gc,metaspace] GC(285) y: Metaspace: 9M used, 10M committed, 1088M reserved
[26.500s][info][gc,reloc    ] GC(285) y:                        Candidates     Selected     In-Place         Size        Empty    Relocated 
[26.500s][info][gc,reloc    ] GC(285) y: Small Pages:                    2            0            0           4M           2M           0M 
[26.500s][info][gc,reloc    ] GC(285) y: Medium Pages:                  28            0            0         896M         864M           0M 
[26.500s][info][gc,reloc    ] GC(285) y: Large Pages:                    0            0            0           0M           0M           0M 
[26.500s][info][gc,reloc    ] GC(285) y: Forwarding Usage: 0M
[26.500s][info][gc,reloc    ] GC(285) y: Age Table:
[26.500s][info][gc,reloc    ] GC(285) y:                    Live             Garbage             Small              Medium             Large        
[26.500s][info][gc,reloc    ] GC(285) y: Eden               0M (0%)          865M (85%)          1 / 0             27 / 0              0 / 0        
[26.500s][info][gc,reloc    ] GC(285) y: Survivor 1          -                34M (3%)           1 / 0              1 / 0              0 / 0        
[26.500s][info][gc,heap     ] GC(285) y: Min Capacity: 8M(1%)
[26.500s][info][gc,heap     ] GC(285) y: Max Capacity: 1024M(100%)
[26.500s][info][gc,heap     ] GC(285) y: Soft Max Capacity: 1024M(100%)
[26.500s][info][gc,heap     ] GC(285) y: Heap Statistics:
[26.500s][info][gc,heap     ] GC(285) y:                Mark Start          Mark End        Relocate Start      Relocate End           High               Low         
[26.500s][info][gc,heap     ] GC(285) y:  Capacity:     1024M (100%)       1024M (100%)       1024M (100%)       1024M (100%)       1024M (100%)       1024M (100%)   
[26.500s][info][gc,heap     ] GC(285) y:      Free:       84M (8%)           50M (5%)          916M (89%)         916M (89%)         916M (89%)          50M (5%)     
[26.500s][info][gc,heap     ] GC(285) y:      Used:      940M (92%)         974M (95%)         108M (11%)         108M (11%)         974M (95%)         108M (11%)    
[26.500s][info][gc,heap     ] GC(285) y: Young Generation Statistics:
[26.500s][info][gc,heap     ] GC(285) y:                Mark Start          Mark End        Relocate Start      Relocate End    
[26.500s][info][gc,heap     ] GC(285) y:      Used:      900M (88%)         934M (91%)          68M (7%)           68M (7%)     
[26.500s][info][gc,heap     ] GC(285) y:      Live:         -                 0M (0%)            0M (0%)            0M (0%)     
[26.500s][info][gc,heap     ] GC(285) y:   Garbage:         -               899M (88%)          33M (3%)           33M (3%)     
[26.500s][info][gc,heap     ] GC(285) y: Allocated:         -                34M (3%)           34M (3%)           34M (3%)     
[26.500s][info][gc,heap     ] GC(285) y: Reclaimed:         -                  -               866M (85%)         866M (85%)    
[26.500s][info][gc,heap     ] GC(285) y:  Promoted:         -                  -                 0M (0%)            0M (0%)     
[26.500s][info][gc,heap     ] GC(285) y: Compacted:         -                  -                  -                 0M (0%)     
[26.500s][info][gc,phases   ] GC(285) y: Young Generation 940M(92%)->108M(11%) 0.002s
[26.500s][info][gc          ] GC(285) Minor Collection (Allocation Rate) 940M(92%)->108M(11%) 0.003s
[26.570s][info][gc          ] GC(286) Minor Collection (Allocation Rate)
[26.570s][info][gc,task     ] GC(286) Using 3 Workers for Young Generation
[26.570s][info][gc,phases   ] GC(286) y: Young Generation
[26.570s][info][gc,phases   ] GC(286) y: Pause Mark Start 0.004ms
[26.571s][info][gc,phases   ] GC(286) y: Concurrent Mark 0.888ms
[26.571s][info][gc,phases   ] GC(286) y: Pause Mark End 0.004ms
[26.571s][info][gc,phases   ] GC(286) y: Concurrent Mark Free 0.000ms
[26.571s][info][gc,phases   ] GC(286) y: Concurrent Reset Relocation Set 0.000ms
[26.572s][info][gc,reloc    ] GC(286) y: Using tenuring threshold: 1 (Computed)
[26.572s][info][gc,phases   ] GC(286) y: Concurrent Select Relocation Set 1.126ms
[26.572s][info][gc,phases   ] GC(286) y: Pause Relocate Start 0.004ms
[26.573s][info][gc,phases   ] GC(286) y: Concurrent Relocate 0.053ms
[26.573s][info][gc,alloc    ] GC(286) y:                         Mark Start        Mark End      Relocate Start    Relocate End   
[26.573s][info][gc,alloc    ] GC(286) y: Allocation Stalls:          0                0                0                0         
[26.573s][info][gc,load     ] GC(286) y: Load: 3.08 (31%) / 3.05 (31%) / 3.15 (31%)
[26.573s][info][gc,mmu      ] GC(286) y: MMU: 2ms/99.0%, 5ms/99.5%, 10ms/99.7%, 20ms/99.7%, 50ms/99.8%, 100ms/99.9%
[26.573s][info][gc,marking  ] GC(286) y: Mark: 2 stripe(s), 2 proactive flush(es), 1 terminate flush(es), 0 completion(s), 0 continuation(s) 
[26.573s][info][gc,marking  ] GC(286) y: Mark Stack Usage: 32M
[26.573s][info][gc,nmethod  ] GC(286) y: NMethods: 1586 registered, 169 unregistered
[26.573s][info][gc,metaspace] GC(286) y: Metaspace: 9M used, 10M committed, 1088M reserved
[26.573s][info][gc,reloc    ] GC(286) y:                        Candidates     Selected     In-Place         Size        Empty    Relocated 
[26.573s][info][gc,reloc    ] GC(286) y: Small Pages:                    2            0            0           4M           2M           0M 
[26.573s][info][gc,reloc    ] GC(286) y: Medium Pages:                  28            0            0         896M         864M           0M 
[26.573s][info][gc,reloc    ] GC(286) y: Large Pages:                    0            0            0           0M           0M           0M 
[26.573s][info][gc,reloc    ] GC(286) y: Forwarding Usage: 0M
[26.573s][info][gc,reloc    ] GC(286) y: Age Table:
[26.573s][info][gc,reloc    ] GC(286) y:                    Live             Garbage             Small              Medium             Large        
[26.573s][info][gc,reloc    ] GC(286) y: Eden               0M (0%)          865M (84%)          1 / 0             27 / 0              0 / 0        
[26.573s][info][gc,reloc    ] GC(286) y: Survivor 1          -                34M (3%)           1 / 0              1 / 0              0 / 0        
[26.573s][info][gc,heap     ] GC(286) y: Min Capacity: 8M(1%)
[26.573s][info][gc,heap     ] GC(286) y: Max Capacity: 1024M(100%)
[26.573s][info][gc,heap     ] GC(286) y: Soft Max Capacity: 1024M(100%)
[26.573s][info][gc,heap     ] GC(286) y: Heap Statistics:
[26.573s][info][gc,heap     ] GC(286) y:                Mark Start          Mark End        Relocate Start      Relocate End           High               Low         
[26.573s][info][gc,heap     ] GC(286) y:  Capacity:     1024M (100%)       1024M (100%)       1024M (100%)       1024M (100%)       1024M (100%)       1024M (100%)   
[26.573s][info][gc,heap     ] GC(286) y:      Free:       84M (8%)           50M (5%)          916M (89%)         916M (89%)         916M (89%)          50M (5%)     
[26.573s][info][gc,heap     ] GC(286) y:      Used:      940M (92%)         974M (95%)         108M (11%)         108M (11%)         974M (95%)         108M (11%)    
[26.573s][info][gc,heap     ] GC(286) y: Young Generation Statistics:
[26.573s][info][gc,heap     ] GC(286) y:                Mark Start          Mark End        Relocate Start      Relocate End    
[26.573s][info][gc,heap     ] GC(286) y:      Used:      900M (88%)         934M (91%)          68M (7%)           68M (7%)     
[26.573s][info][gc,heap     ] GC(286) y:      Live:         -                 0M (0%)            0M (0%)            0M (0%)     
[26.573s][info][gc,heap     ] GC(286) y:   Garbage:         -               899M (88%)          33M (3%)           33M (3%)     
[26.573s][info][gc,heap     ] GC(286) y: Allocated:         -                34M (3%)           34M (3%)           34M (3%)     
[26.573s][info][gc,heap     ] GC(286) y: Reclaimed:         -                  -               866M (85%)         866M (85%)    
[26.573s][info][gc,heap     ] GC(286) y:  Promoted:         -                  -                 0M (0%)            0M (0%)     
[26.573s][info][gc,heap     ] GC(286) y: Compacted:         -                  -                  -                 0M (0%)     
[26.573s][info][gc,phases   ] GC(286) y: Young Generation 940M(92%)->108M(11%) 0.002s
[26.573s][info][gc          ] GC(286) Minor Collection (Allocation Rate) 940M(92%)->108M(11%) 0.003s
[26.640s][info][gc          ] GC(287) Minor Collection (Allocation Rate)
[26.640s][info][gc,task     ] GC(287) Using 2 Workers for Young Generation
[26.640s][info][gc,phases   ] GC(287) y: Young Generation
[26.640s][info][gc,phases   ] GC(287) y: Pause Mark Start 0.005ms
[26.642s][info][gc,phases   ] GC(287) y: Concurrent Mark 1.385ms
[26.642s][info][gc,phases   ] GC(287) y: Pause Mark End 0.005ms
[26.642s][info][gc,phases   ] GC(287) y: Concurrent Mark Free 0.000ms
[26.642s][info][gc,phases   ] GC(287) y: Concurrent Reset Relocation Set 0.000ms
[26.643s][info][gc,reloc    ] GC(287) y: Using tenuring threshold: 1 (Computed)
[26.643s][info][gc,phases   ] GC(287) y: Concurrent Select Relocation Set 1.086ms
[26.643s][info][gc,phases   ] GC(287) y: Pause Relocate Start 0.003ms
[26.643s][info][gc,phases   ] GC(287) y: Concurrent Relocate 0.018ms
[26.643s][info][gc,alloc    ] GC(287) y:                         Mark Start        Mark End      Relocate Start    Relocate End   
[26.643s][info][gc,alloc    ] GC(287) y: Allocation Stalls:          0                0                0                0         
[26.643s][info][gc,load     ] GC(287) y: Load: 3.08 (31%) / 3.05 (31%) / 3.15 (31%)
[26.643s][info][gc,mmu      ] GC(287) y: MMU: 2ms/99.0%, 5ms/99.5%, 10ms/99.7%, 20ms/99.7%, 50ms/99.8%, 100ms/99.9%
[26.643s][info][gc,marking  ] GC(287) y: Mark: 2 stripe(s), 2 proactive flush(es), 1 terminate flush(es), 0 completion(s), 0 continuation(s) 
[26.643s][info][gc,marking  ] GC(287) y: Mark Stack Usage: 32M
[26.643s][info][gc,nmethod  ] GC(287) y: NMethods: 1586 registered, 169 unregistered
[26.643s][info][gc,metaspace] GC(287) y: Metaspace: 9M used, 10M committed, 1088M reserved
[26.643s][info][gc,reloc    ] GC(287) y:                        Candidates     Selected     In-Place         Size        Empty    Relocated 
[26.643s][info][gc,reloc    ] GC(287) y: Small Pages:                    2            0            0           4M           2M           0M 
[26.643s][info][gc,reloc    ] GC(287) y: Medium Pages:                  27            0            0         864M         832M           0M 
[26.643s][info][gc,reloc    ] GC(287) y: Large Pages:                    0            0            0           0M           0M           0M 
[26.643s][info][gc,reloc    ] GC(287) y: Forwarding Usage: 0M
[26.643s][info][gc,reloc    ] GC(287) y: Age Table:
[26.643s][info][gc,reloc    ] GC(287) y:                    Live             Garbage             Small              Medium             Large        
[26.643s][info][gc,reloc    ] GC(287) y: Eden               0M (0%)          833M (81%)          1 / 0             26 / 0              0 / 0        
[26.643s][info][gc,reloc    ] GC(287) y: Survivor 1          -                34M (3%)           1 / 0              1 / 0              0 / 0        
[26.643s][info][gc,heap     ] GC(287) y: Min Capacity: 8M(1%)
[26.643s][info][gc,heap     ] GC(287) y: Max Capacity: 1024M(100%)
[26.643s][info][gc,heap     ] GC(287) y: Soft Max Capacity: 1024M(100%)
[26.643s][info][gc,heap     ] GC(287) y: Heap Statistics:
[26.643s][info][gc,heap     ] GC(287) y:                Mark Start          Mark End        Relocate Start      Relocate End           High               Low         
[26.643s][info][gc,heap     ] GC(287) y:  Capacity:     1024M (100%)       1024M (100%)       1024M (100%)       1024M (100%)       1024M (100%)       1024M (100%)   
[26.643s][info][gc,heap     ] GC(287) y:      Free:      116M (11%)          82M (8%)          916M (89%)         916M (89%)         916M (89%)          82M (8%)     
[26.643s][info][gc,heap     ] GC(287) y:      Used:      908M (89%)         942M (92%)         108M (11%)         108M (11%)         942M (92%)         108M (11%)    
[26.643s][info][gc,heap     ] GC(287) y: Young Generation Statistics:
[26.643s][info][gc,heap     ] GC(287) y:                Mark Start          Mark End        Relocate Start      Relocate End    
[26.643s][info][gc,heap     ] GC(287) y:      Used:      868M (85%)         902M (88%)          68M (7%)           68M (7%)     
[26.643s][info][gc,heap     ] GC(287) y:      Live:         -                 0M (0%)            0M (0%)            0M (0%)     
[26.643s][info][gc,heap     ] GC(287) y:   Garbage:         -               867M (85%)          33M (3%)           33M (3%)     
[26.643s][info][gc,heap     ] GC(287) y: Allocated:         -                34M (3%)           34M (3%)           34M (3%)     
[26.643s][info][gc,heap     ] GC(287) y: Reclaimed:         -                  -               834M (81%)         834M (81%)    
[26.643s][info][gc,heap     ] GC(287) y:  Promoted:         -                  -                 0M (0%)            0M (0%)     
[26.643s][info][gc,heap     ] GC(287) y: Compacted:         -                  -                  -                 0M (0%)     
[26.643s][info][gc,phases   ] GC(287) y: Young Generation 908M(89%)->108M(11%) 0.003s
[26.643s][info][gc          ] GC(287) Minor Collection (Allocation Rate) 908M(89%)->108M(11%) 0.003s
[26.713s][info][gc          ] GC(288) Minor Collection (Allocation Rate)
[26.713s][info][gc,task     ] GC(288) Using 3 Workers for Young Generation
[26.713s][info][gc,phases   ] GC(288) y: Young Generation
[26.713s][info][gc,phases   ] GC(288) y: Pause Mark Start 0.004ms
[26.714s][info][gc,phases   ] GC(288) y: Concurrent Mark 0.881ms
[26.714s][info][gc,phases   ] GC(288) y: Pause Mark End 0.005ms
[26.714s][info][gc,phases   ] GC(288) y: Concurrent Mark Free 0.000ms
[26.714s][info][gc,phases   ] GC(288) y: Concurrent Reset Relocation Set 0.000ms
[26.715s][info][gc,reloc    ] GC(288) y: Using tenuring threshold: 1 (Computed)
[26.715s][info][gc,phases   ] GC(288) y: Concurrent Select Relocation Set 1.067ms
[26.715s][info][gc,phases   ] GC(288) y: Pause Relocate Start 0.005ms
[26.715s][info][gc,phases   ] GC(288) y: Concurrent Relocate 0.030ms
[26.715s][info][gc,alloc    ] GC(288) y:                         Mark Start        Mark End      Relocate Start    Relocate End   
[26.715s][info][gc,alloc    ] GC(288) y: Allocation Stalls:          0                0                0                0         
[26.715s][info][gc,load     ] GC(288) y: Load: 3.08 (31%) / 3.05 (31%) / 3.15 (31%)
[26.715s][info][gc,mmu      ] GC(288) y: MMU: 2ms/99.0%, 5ms/99.5%, 10ms/99.7%, 20ms/99.7%, 50ms/99.8%, 100ms/99.9%
[26.715s][info][gc,marking  ] GC(288) y: Mark: 2 stripe(s), 2 proactive flush(es), 1 terminate flush(es), 0 completion(s), 0 continuation(s) 
[26.715s][info][gc,marking  ] GC(288) y: Mark Stack Usage: 32M
[26.715s][info][gc,nmethod  ] GC(288) y: NMethods: 1586 registered, 169 unregistered
[26.715s][info][gc,metaspace] GC(288) y: Metaspace: 9M used, 10M committed, 1088M reserved
[26.715s][info][gc,reloc    ] GC(288) y:                        Candidates     Selected     In-Place         Size        Empty    Relocated 
[26.715s][info][gc,reloc    ] GC(288) y: Small Pages:                    2            0            0           4M           2M           0M 
[26.715s][info][gc,reloc    ] GC(288) y: Medium Pages:                  28            0            0         896M         864M           0M 
[26.715s][info][gc,reloc    ] GC(288) y: Large Pages:                    0            0            0           0M           0M           0M 
[26.715s][info][gc,reloc    ] GC(288) y: Forwarding Usage: 0M
[26.715s][info][gc,reloc    ] GC(288) y: Age Table:
[26.715s][info][gc,reloc    ] GC(288) y:                    Live             Garbage             Small              Medium             Large        
[26.715s][info][gc,reloc    ] GC(288) y: Eden               0M (0%)          865M (85%)          1 / 0             27 / 0              0 / 0        
[26.715s][info][gc,reloc    ] GC(288) y: Survivor 1          -                34M (3%)           1 / 0              1 / 0              0 / 0        
[26.715s][info][gc,heap     ] GC(288) y: Min Capacity: 8M(1%)
[26.715s][info][gc,heap     ] GC(288) y: Max Capacity: 1024M(100%)
[26.715s][info][gc,heap     ] GC(288) y: Soft Max Capacity: 1024M(100%)
[26.715s][info][gc,heap     ] GC(288) y: Heap Statistics:
[26.715s][info][gc,heap     ] GC(288) y:                Mark Start          Mark End        Relocate Start      Relocate End           High               Low         
[26.715s][info][gc,heap     ] GC(288) y:  Capacity:     1024M (100%)       1024M (100%)       1024M (100%)       1024M (100%)       1024M (100%)       1024M (100%)   
[26.715s][info][gc,heap     ] GC(288) y:      Free:       84M (8%)           50M (5%)          916M (89%)         916M (89%)         916M (89%)          50M (5%)     
[26.715s][info][gc,heap     ] GC(288) y:      Used:      940M (92%)         974M (95%)         108M (11%)         108M (11%)         974M (95%)         108M (11%)    
[26.715s][info][gc,heap     ] GC(288) y: Young Generation Statistics:
[26.715s][info][gc,heap     ] GC(288) y:                Mark Start          Mark End        Relocate Start      Relocate End    
[26.715s][info][gc,heap     ] GC(288) y:      Used:      900M (88%)         934M (91%)          68M (7%)           68M (7%)     
[26.715s][info][gc,heap     ] GC(288) y:      Live:         -                 0M (0%)            0M (0%)            0M (0%)     
[26.716s][info][gc,heap     ] GC(288) y:   Garbage:         -               899M (88%)          33M (3%)           33M (3%)     
[26.716s][info][gc,heap     ] GC(288) y: Allocated:         -                34M (3%)           34M (3%)           34M (3%)     
[26.716s][info][gc,heap     ] GC(288) y: Reclaimed:         -                  -               866M (85%)         866M (85%)    
[26.716s][info][gc,heap     ] GC(288) y:  Promoted:         -                  -                 0M (0%)            0M (0%)     
[26.716s][info][gc,heap     ] GC(288) y: Compacted:         -                  -                  -                 0M (0%)     
[26.716s][info][gc,phases   ] GC(288) y: Young Generation 940M(92%)->108M(11%) 0.002s
[26.716s][info][gc          ] GC(288) Minor Collection (Allocation Rate) 940M(92%)->108M(11%) 0.002s
[26.786s][info][gc          ] GC(289) Minor Collection (Allocation Rate)
[26.786s][info][gc,task     ] GC(289) Using 3 Workers for Young Generation
[26.786s][info][gc,phases   ] GC(289) y: Young Generation
[26.786s][info][gc,phases   ] GC(289) y: Pause Mark Start 0.004ms
[26.787s][info][gc,phases   ] GC(289) y: Concurrent Mark 0.868ms
[26.787s][info][gc,phases   ] GC(289) y: Pause Mark End 0.004ms
[26.787s][info][gc,phases   ] GC(289) y: Concurrent Mark Free 0.000ms
[26.787s][info][gc,phases   ] GC(289) y: Concurrent Reset Relocation Set 0.000ms
[26.788s][info][gc,reloc    ] GC(289) y: Using tenuring threshold: 1 (Computed)
[26.788s][info][gc,phases   ] GC(289) y: Concurrent Select Relocation Set 1.078ms
[26.788s][info][gc,phases   ] GC(289) y: Pause Relocate Start 0.004ms
[26.788s][info][gc,phases   ] GC(289) y: Concurrent Relocate 0.055ms
[26.788s][info][gc,alloc    ] GC(289) y:                         Mark Start        Mark End      Relocate Start    Relocate End   
[26.788s][info][gc,alloc    ] GC(289) y: Allocation Stalls:          0                0                0                0         
[26.788s][info][gc,load     ] GC(289) y: Load: 3.08 (31%) / 3.05 (31%) / 3.15 (31%)
[26.788s][info][gc,mmu      ] GC(289) y: MMU: 2ms/99.0%, 5ms/99.5%, 10ms/99.7%, 20ms/99.7%, 50ms/99.8%, 100ms/99.9%
[26.788s][info][gc,marking  ] GC(289) y: Mark: 2 stripe(s), 2 proactive flush(es), 1 terminate flush(es), 0 completion(s), 0 continuation(s) 
[26.788s][info][gc,marking  ] GC(289) y: Mark Stack Usage: 32M
[26.788s][info][gc,nmethod  ] GC(289) y: NMethods: 1586 registered, 169 unregistered
[26.788s][info][gc,metaspace] GC(289) y: Metaspace: 9M used, 10M committed, 1088M reserved
[26.788s][info][gc,reloc    ] GC(289) y:                        Candidates     Selected     In-Place         Size        Empty    Relocated 
[26.788s][info][gc,reloc    ] GC(289) y: Small Pages:                    2            0            0           4M           2M           0M 
[26.788s][info][gc,reloc    ] GC(289) y: Medium Pages:                  28            0            0         896M         864M           0M 
[26.788s][info][gc,reloc    ] GC(289) y: Large Pages:                    0            0            0           0M           0M           0M 
[26.788s][info][gc,reloc    ] GC(289) y: Forwarding Usage: 0M
[26.788s][info][gc,reloc    ] GC(289) y: Age Table:
[26.788s][info][gc,reloc    ] GC(289) y:                    Live             Garbage             Small              Medium             Large        
[26.788s][info][gc,reloc    ] GC(289) y: Eden               0M (0%)          865M (84%)          1 / 0             27 / 0              0 / 0        
[26.788s][info][gc,reloc    ] GC(289) y: Survivor 1          -                34M (3%)           1 / 0              1 / 0              0 / 0        
[26.788s][info][gc,heap     ] GC(289) y: Min Capacity: 8M(1%)
[26.788s][info][gc,heap     ] GC(289) y: Max Capacity: 1024M(100%)
[26.788s][info][gc,heap     ] GC(289) y: Soft Max Capacity: 1024M(100%)
[26.788s][info][gc,heap     ] GC(289) y: Heap Statistics:
[26.788s][info][gc,heap     ] GC(289) y:                Mark Start          Mark End        Relocate Start      Relocate End           High               Low         
[26.788s][info][gc,heap     ] GC(289) y:  Capacity:     1024M (100%)       1024M (100%)       1024M (100%)       1024M (100%)       1024M (100%)       1024M (100%)   
[26.788s][info][gc,heap     ] GC(289) y:      Free:       84M (8%)           50M (5%)          916M (89%)         916M (89%)         916M (89%)          50M (5%)     
[26.788s][info][gc,heap     ] GC(289) y:      Used:      940M (92%)         974M (95%)         108M (11%)         108M (11%)         974M (95%)         108M (11%)    
[26.788s][info][gc,heap     ] GC(289) y: Young Generation Statistics:
[26.788s][info][gc,heap     ] GC(289) y:                Mark Start          Mark End        Relocate Start      Relocate End    
[26.788s][info][gc,heap     ] GC(289) y:      Used:      900M (88%)         934M (91%)          68M (7%)           68M (7%)     
[26.788s][info][gc,heap     ] GC(289) y:      Live:         -                 0M (0%)            0M (0%)            0M (0%)     
[26.788s][info][gc,heap     ] GC(289) y:   Garbage:         -               899M (88%)          33M (3%)           33M (3%)     
[26.788s][info][gc,heap     ] GC(289) y: Allocated:         -                34M (3%)           34M (3%)           34M (3%)     
[26.788s][info][gc,heap     ] GC(289) y: Reclaimed:         -                  -               866M (85%)         866M (85%)    
[26.788s][info][gc,heap     ] GC(289) y:  Promoted:         -                  -                 0M (0%)            0M (0%)     
[26.788s][info][gc,heap     ] GC(289) y: Compacted:         -                  -                  -                 0M (0%)     
[26.788s][info][gc,phases   ] GC(289) y: Young Generation 940M(92%)->108M(11%) 0.002s
[26.788s][info][gc          ] GC(289) Minor Collection (Allocation Rate) 940M(92%)->108M(11%) 0.002s
[26.853s][info][gc          ] GC(290) Minor Collection (Allocation Rate)
[26.854s][info][gc,task     ] GC(290) Using 1 Workers for Young Generation
[26.854s][info][gc,phases   ] GC(290) y: Young Generation
[26.854s][info][gc,phases   ] GC(290) y: Pause Mark Start 0.004ms
[26.856s][info][gc,phases   ] GC(290) y: Concurrent Mark 2.458ms
[26.856s][info][gc,phases   ] GC(290) y: Pause Mark End 0.007ms
[26.856s][info][gc,phases   ] GC(290) y: Concurrent Mark Free 0.000ms
[26.856s][info][gc,phases   ] GC(290) y: Concurrent Reset Relocation Set 0.000ms
[26.857s][info][gc,reloc    ] GC(290) y: Using tenuring threshold: 1 (Computed)
[26.857s][info][gc,phases   ] GC(290) y: Concurrent Select Relocation Set 1.102ms
[26.857s][info][gc,phases   ] GC(290) y: Pause Relocate Start 0.004ms
[26.857s][info][gc,phases   ] GC(290) y: Concurrent Relocate 0.032ms
[26.857s][info][gc,alloc    ] GC(290) y:                         Mark Start        Mark End      Relocate Start    Relocate End   
[26.857s][info][gc,alloc    ] GC(290) y: Allocation Stalls:          0                0                0                0         
[26.857s][info][gc,load     ] GC(290) y: Load: 3.08 (31%) / 3.05 (31%) / 3.15 (31%)
[26.857s][info][gc,mmu      ] GC(290) y: MMU: 2ms/99.0%, 5ms/99.5%, 10ms/99.7%, 20ms/99.7%, 50ms/99.8%, 100ms/99.9%
[26.857s][info][gc,marking  ] GC(290) y: Mark: 1 stripe(s), 2 proactive flush(es), 1 terminate flush(es), 0 completion(s), 0 continuation(s) 
[26.857s][info][gc,marking  ] GC(290) y: Mark Stack Usage: 32M
[26.857s][info][gc,nmethod  ] GC(290) y: NMethods: 1586 registered, 169 unregistered
[26.857s][info][gc,metaspace] GC(290) y: Metaspace: 9M used, 10M committed, 1088M reserved
[26.857s][info][gc,reloc    ] GC(290) y:                        Candidates     Selected     In-Place         Size        Empty    Relocated 
[26.857s][info][gc,reloc    ] GC(290) y: Small Pages:                    2            0            0           4M           2M           0M 
[26.857s][info][gc,reloc    ] GC(290) y: Medium Pages:                  26            0            0         832M         800M           0M 
[26.857s][info][gc,reloc    ] GC(290) y: Large Pages:                    0            0            0           0M           0M           0M 
[26.857s][info][gc,reloc    ] GC(290) y: Forwarding Usage: 0M
[26.857s][info][gc,reloc    ] GC(290) y: Age Table:
[26.857s][info][gc,reloc    ] GC(290) y:                    Live             Garbage             Small              Medium             Large        
[26.857s][info][gc,reloc    ] GC(290) y: Eden               0M (0%)          801M (78%)          1 / 0             25 / 0              0 / 0        
[26.857s][info][gc,reloc    ] GC(290) y: Survivor 1          -                34M (3%)           1 / 0              1 / 0              0 / 0        
[26.857s][info][gc,heap     ] GC(290) y: Min Capacity: 8M(1%)
[26.857s][info][gc,heap     ] GC(290) y: Max Capacity: 1024M(100%)
[26.857s][info][gc,heap     ] GC(290) y: Soft Max Capacity: 1024M(100%)
[26.857s][info][gc,heap     ] GC(290) y: Heap Statistics:
[26.857s][info][gc,heap     ] GC(290) y:                Mark Start          Mark End        Relocate Start      Relocate End           High               Low         
[26.857s][info][gc,heap     ] GC(290) y:  Capacity:     1024M (100%)       1024M (100%)       1024M (100%)       1024M (100%)       1024M (100%)       1024M (100%)   
[26.857s][info][gc,heap     ] GC(290) y:      Free:      148M (14%)         114M (11%)         884M (86%)         884M (86%)         884M (86%)          82M (8%)     
[26.857s][info][gc,heap     ] GC(290) y:      Used:      876M (86%)         910M (89%)         140M (14%)         140M (14%)         942M (92%)         140M (14%)    
[26.857s][info][gc,heap     ] GC(290) y: Young Generation Statistics:
[26.857s][info][gc,heap     ] GC(290) y:                Mark Start          Mark End        Relocate Start      Relocate End    
[26.857s][info][gc,heap     ] GC(290) y:      Used:      836M (82%)         870M (85%)         100M (10%)         100M (10%)    
[26.857s][info][gc,heap     ] GC(290) y:      Live:         -                 0M (0%)            0M (0%)            0M (0%)     
[26.857s][info][gc,heap     ] GC(290) y:   Garbage:         -               835M (82%)          33M (3%)           33M (3%)     
[26.857s][info][gc,heap     ] GC(290) y: Allocated:         -                34M (3%)           66M (6%)           66M (6%)     
[26.857s][info][gc,heap     ] GC(290) y: Reclaimed:         -                  -               802M (78%)         802M (78%)    
[26.857s][info][gc,heap     ] GC(290) y:  Promoted:         -                  -                 0M (0%)            0M (0%)     
[26.857s][info][gc,heap     ] GC(290) y: Compacted:         -                  -                  -                 0M (0%)     
[26.857s][info][gc,phases   ] GC(290) y: Young Generation 876M(86%)->140M(14%) 0.004s
[26.857s][info][gc          ] GC(290) Minor Collection (Allocation Rate) 876M(86%)->140M(14%) 0.004s
[26.921s][info][gc          ] GC(291) Minor Collection (Allocation Rate)
[26.921s][info][gc,task     ] GC(291) Using 1 Workers for Young Generation
[26.921s][info][gc,phases   ] GC(291) y: Young Generation
[26.921s][info][gc,phases   ] GC(291) y: Pause Mark Start 0.008ms
[26.923s][info][gc,phases   ] GC(291) y: Concurrent Mark 1.984ms
[26.923s][info][gc,phases   ] GC(291) y: Pause Mark End 0.005ms
[26.923s][info][gc,phases   ] GC(291) y: Concurrent Mark Free 0.000ms
[26.923s][info][gc,phases   ] GC(291) y: Concurrent Reset Relocation Set 0.000ms
[26.924s][info][gc,reloc    ] GC(291) y: Using tenuring threshold: 1 (Computed)
[26.924s][info][gc,phases   ] GC(291) y: Concurrent Select Relocation Set 1.060ms
[26.924s][info][gc,phases   ] GC(291) y: Pause Relocate Start 0.004ms
[26.924s][info][gc,phases   ] GC(291) y: Concurrent Relocate 0.032ms
[26.924s][info][gc,alloc    ] GC(291) y:                         Mark Start        Mark End      Relocate Start    Relocate End   
[26.924s][info][gc,alloc    ] GC(291) y: Allocation Stalls:          0                0                0                0         
[26.924s][info][gc,load     ] GC(291) y: Load: 3.08 (31%) / 3.05 (31%) / 3.15 (31%)
[26.924s][info][gc,mmu      ] GC(291) y: MMU: 2ms/99.0%, 5ms/99.5%, 10ms/99.7%, 20ms/99.7%, 50ms/99.8%, 100ms/99.9%
[26.924s][info][gc,marking  ] GC(291) y: Mark: 1 stripe(s), 2 proactive flush(es), 1 terminate flush(es), 0 completion(s), 0 continuation(s) 
[26.924s][info][gc,marking  ] GC(291) y: Mark Stack Usage: 32M
[26.924s][info][gc,nmethod  ] GC(291) y: NMethods: 1586 registered, 169 unregistered
[26.924s][info][gc,metaspace] GC(291) y: Metaspace: 9M used, 10M committed, 1088M reserved
[26.924s][info][gc,reloc    ] GC(291) y:                        Candidates     Selected     In-Place         Size        Empty    Relocated 
[26.924s][info][gc,reloc    ] GC(291) y: Small Pages:                    2            0            0           4M           2M           0M 
[26.924s][info][gc,reloc    ] GC(291) y: Medium Pages:                  26            0            0         832M         800M           0M 
[26.924s][info][gc,reloc    ] GC(291) y: Large Pages:                    0            0            0           0M           0M           0M 
[26.924s][info][gc,reloc    ] GC(291) y: Forwarding Usage: 0M
[26.924s][info][gc,reloc    ] GC(291) y: Age Table:
[26.924s][info][gc,reloc    ] GC(291) y:                    Live             Garbage             Small              Medium             Large        
[26.924s][info][gc,reloc    ] GC(291) y: Eden               0M (0%)          801M (78%)          1 / 0             25 / 0              0 / 0        
[26.924s][info][gc,reloc    ] GC(291) y: Survivor 1          -                34M (3%)           1 / 0              1 / 0              0 / 0        
[26.924s][info][gc,heap     ] GC(291) y: Min Capacity: 8M(1%)
[26.924s][info][gc,heap     ] GC(291) y: Max Capacity: 1024M(100%)
[26.924s][info][gc,heap     ] GC(291) y: Soft Max Capacity: 1024M(100%)
[26.924s][info][gc,heap     ] GC(291) y: Heap Statistics:
[26.924s][info][gc,heap     ] GC(291) y:                Mark Start          Mark End        Relocate Start      Relocate End           High               Low         
[26.924s][info][gc,heap     ] GC(291) y:  Capacity:     1024M (100%)       1024M (100%)       1024M (100%)       1024M (100%)       1024M (100%)       1024M (100%)   
[26.924s][info][gc,heap     ] GC(291) y:      Free:      148M (14%)         114M (11%)         884M (86%)         884M (86%)         916M (89%)         114M (11%)    
[26.924s][info][gc,heap     ] GC(291) y:      Used:      876M (86%)         910M (89%)         140M (14%)         140M (14%)         910M (89%)         108M (11%)    
[26.924s][info][gc,heap     ] GC(291) y: Young Generation Statistics:
[26.924s][info][gc,heap     ] GC(291) y:                Mark Start          Mark End        Relocate Start      Relocate End    
[26.924s][info][gc,heap     ] GC(291) y:      Used:      836M (82%)         870M (85%)         100M (10%)         100M (10%)    
[26.924s][info][gc,heap     ] GC(291) y:      Live:         -                 0M (0%)            0M (0%)            0M (0%)     
[26.924s][info][gc,heap     ] GC(291) y:   Garbage:         -               835M (82%)          33M (3%)           33M (3%)     
[26.924s][info][gc,heap     ] GC(291) y: Allocated:         -                34M (3%)           66M (6%)           66M (6%)     
[26.924s][info][gc,heap     ] GC(291) y: Reclaimed:         -                  -               802M (78%)         802M (78%)    
[26.924s][info][gc,heap     ] GC(291) y:  Promoted:         -                  -                 0M (0%)            0M (0%)     
[26.924s][info][gc,heap     ] GC(291) y: Compacted:         -                  -                  -                 0M (0%)     
[26.924s][info][gc,phases   ] GC(291) y: Young Generation 876M(86%)->140M(14%) 0.003s
[26.924s][info][gc          ] GC(291) Minor Collection (Allocation Rate) 876M(86%)->140M(14%) 0.004s
[26.947s][info][gc          ] GC(292) Major Collection (Proactive)
[26.947s][info][gc,task     ] GC(292) Using 1 Workers for Young Generation
[26.947s][info][gc,task     ] GC(292) Using 1 Workers for Old Generation
[26.947s][info][gc,phases   ] GC(292) Y: Young Generation
[26.947s][info][gc,phases   ] GC(292) Y: Pause Mark Start (Major) 0.007ms
[26.948s][info][gc,phases   ] GC(292) Y: Concurrent Mark 1.113ms
[26.948s][info][gc,phases   ] GC(292) Y: Pause Mark End 0.008ms
[26.948s][info][gc,phases   ] GC(292) Y: Concurrent Mark Free 0.000ms
[26.948s][info][gc,phases   ] GC(292) Y: Concurrent Reset Relocation Set 0.000ms
[26.949s][info][gc,reloc    ] GC(292) Y: Using tenuring threshold: 1 (Computed)
[26.949s][info][gc,phases   ] GC(292) Y: Concurrent Select Relocation Set 1.041ms
[26.949s][info][gc,phases   ] GC(292) Y: Pause Relocate Start 0.004ms
[26.949s][info][gc,phases   ] GC(292) Y: Concurrent Relocate 0.135ms
[26.949s][info][gc,alloc    ] GC(292) Y:                         Mark Start        Mark End      Relocate Start    Relocate End   
[26.949s][info][gc,alloc    ] GC(292) Y: Allocation Stalls:          0                0                0                0         
[26.949s][info][gc,load     ] GC(292) Y: Load: 3.08 (31%) / 3.05 (31%) / 3.15 (31%)
[26.949s][info][gc,mmu      ] GC(292) Y: MMU: 2ms/99.0%, 5ms/99.5%, 10ms/99.7%, 20ms/99.7%, 50ms/99.8%, 100ms/99.9%
[26.949s][info][gc,marking  ] GC(292) Y: Mark: 1 stripe(s), 2 proactive flush(es), 1 terminate flush(es), 0 completion(s), 0 continuation(s) 
[26.949s][info][gc,marking  ] GC(292) Y: Mark Stack Usage: 32M
[26.949s][info][gc,nmethod  ] GC(292) Y: NMethods: 1586 registered, 169 unregistered
[26.949s][info][gc,metaspace] GC(292) Y: Metaspace: 9M used, 10M committed, 1088M reserved
[26.949s][info][gc,reloc    ] GC(292) Y:                        Candidates     Selected     In-Place         Size        Empty    Relocated 
[26.949s][info][gc,reloc    ] GC(292) Y: Small Pages:                    2            0            0           4M           2M           0M 
[26.949s][info][gc,reloc    ] GC(292) Y: Medium Pages:                  11            0            0         352M         320M           0M 
[26.949s][info][gc,reloc    ] GC(292) Y: Large Pages:                    0            0            0           0M           0M           0M 
[26.949s][info][gc,reloc    ] GC(292) Y: Forwarding Usage: 0M
[26.949s][info][gc,reloc    ] GC(292) Y: Age Table:
[26.949s][info][gc,reloc    ] GC(292) Y:                    Live             Garbage             Small              Medium             Large        
[26.949s][info][gc,reloc    ] GC(292) Y: Eden               0M (0%)          321M (31%)          1 / 0             10 / 0              0 / 0        
[26.949s][info][gc,reloc    ] GC(292) Y: Survivor 1          -                34M (3%)           1 / 0              1 / 0              0 / 0        
[26.949s][info][gc,heap     ] GC(292) Y: Min Capacity: 8M(1%)
[26.949s][info][gc,heap     ] GC(292) Y: Max Capacity: 1024M(100%)
[26.949s][info][gc,heap     ] GC(292) Y: Soft Max Capacity: 1024M(100%)
[26.949s][info][gc,heap     ] GC(292) Y: Heap Statistics:
[26.949s][info][gc,heap     ] GC(292) Y:                Mark Start          Mark End        Relocate Start      Relocate End           High               Low         
[26.949s][info][gc,heap     ] GC(292) Y:  Capacity:     1024M (100%)       1024M (100%)       1024M (100%)       1024M (100%)       1024M (100%)       1024M (100%)   
[26.949s][info][gc,heap     ] GC(292) Y:      Free:      628M (61%)         594M (58%)         916M (89%)         916M (89%)         916M (89%)         594M (58%)    
[26.949s][info][gc,heap     ] GC(292) Y:      Used:      396M (39%)         430M (42%)         108M (11%)         108M (11%)         430M (42%)         108M (11%)    
[26.949s][info][gc,heap     ] GC(292) Y: Young Generation Statistics:
[26.949s][info][gc,heap     ] GC(292) Y:                Mark Start          Mark End        Relocate Start      Relocate End    
[26.949s][info][gc,heap     ] GC(292) Y:      Used:      356M (35%)         390M (38%)          68M (7%)           68M (7%)     
[26.949s][info][gc,heap     ] GC(292) Y:      Live:         -                 0M (0%)            0M (0%)            0M (0%)     
[26.949s][info][gc,heap     ] GC(292) Y:   Garbage:         -               355M (35%)          33M (3%)           33M (3%)     
[26.949s][info][gc,heap     ] GC(292) Y: Allocated:         -                34M (3%)           34M (3%)           34M (3%)     
[26.949s][info][gc,heap     ] GC(292) Y: Reclaimed:         -                  -               322M (31%)         322M (31%)    
[26.949s][info][gc,heap     ] GC(292) Y:  Promoted:         -                  -                 0M (0%)            0M (0%)     
[26.949s][info][gc,heap     ] GC(292) Y: Compacted:         -                  -                  -                 0M (0%)     
[26.949s][info][gc,phases   ] GC(292) Y: Young Generation 396M(39%)->108M(11%) 0.003s
[26.949s][info][gc,phases   ] GC(292) O: Old Generation
[26.954s][info][gc,phases   ] GC(292) O: Concurrent Mark 4.299ms
[26.954s][info][gc,phases   ] GC(292) O: Pause Mark End 0.007ms
[26.954s][info][gc,phases   ] GC(292) O: Concurrent Mark Free 0.000ms
[26.956s][info][gc,phases   ] GC(292) O: Concurrent Process Non-Strong 2.158ms
[26.956s][info][gc,phases   ] GC(292) O: Concurrent Reset Relocation Set 0.001ms
[26.957s][info][gc,phases   ] GC(292) O: Concurrent Select Relocation Set 0.997ms
[26.957s][info][gc,task     ] GC(292) O: Using 2 Workers for Old Generation
[26.961s][info][gc,task     ] GC(292) O: Using 1 Workers for Old Generation
[26.961s][info][gc,phases   ] GC(292) O: Concurrent Remap Roots 4.013ms
[26.961s][info][gc,phases   ] GC(292) O: Pause Relocate Start 0.005ms
[26.962s][info][gc,phases   ] GC(292) O: Concurrent Relocate 0.793ms
[26.962s][info][gc,alloc    ] GC(292) O:                         Mark Start        Mark End      Relocate Start    Relocate End   
[26.962s][info][gc,alloc    ] GC(292) O: Allocation Stalls:          0                0                0                0         
[26.962s][info][gc,load     ] GC(292) O: Load: 3.08 (31%) / 3.05 (31%) / 3.15 (31%)
[26.962s][info][gc,mmu      ] GC(292) O: MMU: 2ms/99.0%, 5ms/99.5%, 10ms/99.7%, 20ms/99.7%, 50ms/99.8%, 100ms/99.9%
[26.962s][info][gc,marking  ] GC(292) O: Mark: 1 stripe(s), 2 proactive flush(es), 1 terminate flush(es), 0 completion(s), 0 continuation(s) 
[26.962s][info][gc,marking  ] GC(292) O: Mark Stack Usage: 32M
[26.962s][info][gc,nmethod  ] GC(292) O: NMethods: 1586 registered, 169 unregistered
[26.962s][info][gc,metaspace] GC(292) O: Metaspace: 9M used, 10M committed, 1088M reserved
[26.962s][info][gc,ref      ] GC(292) O:                       Encountered   Discovered     Enqueued 
[26.962s][info][gc,ref      ] GC(292) O: Soft References:              372            0            0 
[26.962s][info][gc,ref      ] GC(292) O: Weak References:             1110          834            0 
[26.962s][info][gc,ref      ] GC(292) O: Final References:             880          270            0 
[26.962s][info][gc,ref      ] GC(292) O: Phantom References:            32            2            0 
[26.962s][info][gc,reloc    ] GC(292) O:                        Candidates     Selected     In-Place         Size        Empty    Relocated 
[26.962s][info][gc,reloc    ] GC(292) O: Small Pages:                    4            1            0           8M           0M           1M 
[26.962s][info][gc,reloc    ] GC(292) O: Medium Pages:                   1            0            0          32M           0M           0M 
[26.962s][info][gc,reloc    ] GC(292) O: Large Pages:                    0            0            0           0M           0M           0M 
[26.962s][info][gc,reloc    ] GC(292) O: Forwarding Usage: 0M
[26.962s][info][gc,heap     ] GC(292) O: Min Capacity: 8M(1%)
[26.962s][info][gc,heap     ] GC(292) O: Max Capacity: 1024M(100%)
[26.962s][info][gc,heap     ] GC(292) O: Soft Max Capacity: 1024M(100%)
[26.962s][info][gc,heap     ] GC(292) O: Heap Statistics:
[26.962s][info][gc,heap     ] GC(292) O:                Mark Start          Mark End        Relocate Start      Relocate End           High               Low         
[26.962s][info][gc,heap     ] GC(292) O:  Capacity:     1024M (100%)       1024M (100%)       1024M (100%)       1024M (100%)       1024M (100%)       1024M (100%)   
[26.962s][info][gc,heap     ] GC(292) O:      Free:      628M (61%)         852M (83%)         788M (77%)         756M (74%)         916M (89%)         594M (58%)    
[26.962s][info][gc,heap     ] GC(292) O:      Used:      396M (39%)         172M (17%)         236M (23%)         268M (26%)         430M (42%)         108M (11%)    
[26.962s][info][gc,heap     ] GC(292) O: Old Generation Statistics:
[26.962s][info][gc,heap     ] GC(292) O:                Mark Start          Mark End        Relocate Start      Relocate End    
[26.962s][info][gc,heap     ] GC(292) O:      Used:       40M (4%)           40M (4%)           40M (4%)           40M (4%)     
[26.962s][info][gc,heap     ] GC(292) O:      Live:         -                 4M (0%)            4M (0%)            4M (0%)     
[26.962s][info][gc,heap     ] GC(292) O:   Garbage:         -                35M (3%)           35M (3%)           32M (3%)     
[26.962s][info][gc,heap     ] GC(292) O: Allocated:         -                 0M (0%)            0M (0%)            2M (0%)     
[26.962s][info][gc,heap     ] GC(292) O: Reclaimed:         -                  -                 0M (0%)            2M (0%)     
[26.962s][info][gc,heap     ] GC(292) O: Compacted:         -                  -                  -                 1M (0%)     
[26.962s][info][gc,phases   ] GC(292) O: Old Generation 108M(11%)->268M(26%) 0.012s
[26.962s][info][gc          ] GC(292) Major Collection (Proactive) 396M(39%)->268M(26%) 0.015s
[27.014s][info][gc          ] GC(293) Minor Collection (Allocation Rate)
[27.014s][info][gc,task     ] GC(293) Using 1 Workers for Young Generation
[27.014s][info][gc,phases   ] GC(293) y: Young Generation
[27.014s][info][gc,phases   ] GC(293) y: Pause Mark Start 0.006ms
[27.017s][info][gc,phases   ] GC(293) y: Concurrent Mark 2.242ms
[27.017s][info][gc,phases   ] GC(293) y: Pause Mark End 0.006ms
[27.017s][info][gc,phases   ] GC(293) y: Concurrent Mark Free 0.000ms
[27.017s][info][gc,phases   ] GC(293) y: Concurrent Reset Relocation Set 0.000ms
[27.018s][info][gc,reloc    ] GC(293) y: Using tenuring threshold: 1 (Computed)
[27.018s][info][gc,phases   ] GC(293) y: Concurrent Select Relocation Set 1.034ms
[27.018s][info][gc,phases   ] GC(293) y: Pause Relocate Start 0.002ms
[27.018s][info][gc,phases   ] GC(293) y: Concurrent Relocate 0.018ms
[27.018s][info][gc,alloc    ] GC(293) y:                         Mark Start        Mark End      Relocate Start    Relocate End   
[27.018s][info][gc,alloc    ] GC(293) y: Allocation Stalls:          0                0                0                0         
[27.018s][info][gc,load     ] GC(293) y: Load: 3.08 (31%) / 3.05 (31%) / 3.15 (31%)
[27.018s][info][gc,mmu      ] GC(293) y: MMU: 2ms/99.0%, 5ms/99.5%, 10ms/99.7%, 20ms/99.7%, 50ms/99.8%, 100ms/99.9%
[27.018s][info][gc,marking  ] GC(293) y: Mark: 1 stripe(s), 2 proactive flush(es), 1 terminate flush(es), 0 completion(s), 0 continuation(s) 
[27.018s][info][gc,marking  ] GC(293) y: Mark Stack Usage: 32M
[27.018s][info][gc,nmethod  ] GC(293) y: NMethods: 1586 registered, 169 unregistered
[27.018s][info][gc,metaspace] GC(293) y: Metaspace: 9M used, 10M committed, 1088M reserved
[27.018s][info][gc,reloc    ] GC(293) y:                        Candidates     Selected     In-Place         Size        Empty    Relocated 
[27.018s][info][gc,reloc    ] GC(293) y: Small Pages:                    2            0            0           4M           2M           0M 
[27.018s][info][gc,reloc    ] GC(293) y: Medium Pages:                  26            0            0         832M         800M           0M 
[27.018s][info][gc,reloc    ] GC(293) y: Large Pages:                    0            0            0           0M           0M           0M 
[27.018s][info][gc,reloc    ] GC(293) y: Forwarding Usage: 0M
[27.018s][info][gc,reloc    ] GC(293) y: Age Table:
[27.018s][info][gc,reloc    ] GC(293) y:                    Live             Garbage             Small              Medium             Large        
[27.018s][info][gc,reloc    ] GC(293) y: Eden               0M (0%)          801M (78%)          1 / 0             25 / 0              0 / 0        
[27.018s][info][gc,reloc    ] GC(293) y: Survivor 1          -                34M (3%)           1 / 0              1 / 0              0 / 0        
[27.018s][info][gc,heap     ] GC(293) y: Min Capacity: 8M(1%)
[27.018s][info][gc,heap     ] GC(293) y: Max Capacity: 1024M(100%)
[27.018s][info][gc,heap     ] GC(293) y: Soft Max Capacity: 1024M(100%)
[27.018s][info][gc,heap     ] GC(293) y: Heap Statistics:
[27.018s][info][gc,heap     ] GC(293) y:                Mark Start          Mark End        Relocate Start      Relocate End           High               Low         
[27.018s][info][gc,heap     ] GC(293) y:  Capacity:     1024M (100%)       1024M (100%)       1024M (100%)       1024M (100%)       1024M (100%)       1024M (100%)   
[27.018s][info][gc,heap     ] GC(293) y:      Free:      148M (14%)         114M (11%)         884M (86%)         884M (86%)         884M (86%)          82M (8%)     
[27.018s][info][gc,heap     ] GC(293) y:      Used:      876M (86%)         910M (89%)         140M (14%)         140M (14%)         942M (92%)         140M (14%)    
[27.018s][info][gc,heap     ] GC(293) y: Young Generation Statistics:
[27.018s][info][gc,heap     ] GC(293) y:                Mark Start          Mark End        Relocate Start      Relocate End    
[27.018s][info][gc,heap     ] GC(293) y:      Used:      836M (82%)         870M (85%)         100M (10%)         100M (10%)    
[27.018s][info][gc,heap     ] GC(293) y:      Live:         -                 0M (0%)            0M (0%)            0M (0%)     
[27.018s][info][gc,heap     ] GC(293) y:   Garbage:         -               835M (82%)          33M (3%)           33M (3%)     
[27.018s][info][gc,heap     ] GC(293) y: Allocated:         -                34M (3%)           66M (6%)           66M (6%)     
[27.018s][info][gc,heap     ] GC(293) y: Reclaimed:         -                  -               802M (78%)         802M (78%)    
[27.018s][info][gc,heap     ] GC(293) y:  Promoted:         -                  -                 0M (0%)            0M (0%)     
[27.018s][info][gc,heap     ] GC(293) y: Compacted:         -                  -                  -                 0M (0%)     
[27.018s][info][gc,phases   ] GC(293) y: Young Generation 876M(86%)->140M(14%) 0.004s
[27.018s][info][gc          ] GC(293) Minor Collection (Allocation Rate) 876M(86%)->140M(14%) 0.004s
[27.085s][info][gc          ] GC(294) Minor Collection (Allocation Rate)
[27.085s][info][gc,task     ] GC(294) Using 2 Workers for Young Generation
[27.085s][info][gc,phases   ] GC(294) y: Young Generation
[27.085s][info][gc,phases   ] GC(294) y: Pause Mark Start 0.004ms
[27.086s][info][gc,phases   ] GC(294) y: Concurrent Mark 1.399ms
[27.086s][info][gc,phases   ] GC(294) y: Pause Mark End 0.005ms
[27.086s][info][gc,phases   ] GC(294) y: Concurrent Mark Free 0.000ms
[27.086s][info][gc,phases   ] GC(294) y: Concurrent Reset Relocation Set 0.000ms
[27.087s][info][gc,reloc    ] GC(294) y: Using tenuring threshold: 1 (Computed)
[27.087s][info][gc,phases   ] GC(294) y: Concurrent Select Relocation Set 1.031ms
[27.087s][info][gc,phases   ] GC(294) y: Pause Relocate Start 0.004ms
[27.088s][info][gc,phases   ] GC(294) y: Concurrent Relocate 0.024ms
[27.088s][info][gc,alloc    ] GC(294) y:                         Mark Start        Mark End      Relocate Start    Relocate End   
[27.088s][info][gc,alloc    ] GC(294) y: Allocation Stalls:          0                0                0                0         
[27.088s][info][gc,load     ] GC(294) y: Load: 3.08 (31%) / 3.05 (31%) / 3.15 (31%)
[27.088s][info][gc,mmu      ] GC(294) y: MMU: 2ms/99.0%, 5ms/99.5%, 10ms/99.7%, 20ms/99.7%, 50ms/99.8%, 100ms/99.9%
[27.088s][info][gc,marking  ] GC(294) y: Mark: 2 stripe(s), 2 proactive flush(es), 1 terminate flush(es), 0 completion(s), 0 continuation(s) 
[27.088s][info][gc,marking  ] GC(294) y: Mark Stack Usage: 32M
[27.088s][info][gc,nmethod  ] GC(294) y: NMethods: 1586 registered, 169 unregistered
[27.088s][info][gc,metaspace] GC(294) y: Metaspace: 9M used, 10M committed, 1088M reserved
[27.088s][info][gc,reloc    ] GC(294) y:                        Candidates     Selected     In-Place         Size        Empty    Relocated 
[27.088s][info][gc,reloc    ] GC(294) y: Small Pages:                    2            0            0           4M           2M           0M 
[27.088s][info][gc,reloc    ] GC(294) y: Medium Pages:                  27            0            0         864M         832M           0M 
[27.088s][info][gc,reloc    ] GC(294) y: Large Pages:                    0            0            0           0M           0M           0M 
[27.088s][info][gc,reloc    ] GC(294) y: Forwarding Usage: 0M
[27.088s][info][gc,reloc    ] GC(294) y: Age Table:
[27.088s][info][gc,reloc    ] GC(294) y:                    Live             Garbage             Small              Medium             Large        
[27.088s][info][gc,reloc    ] GC(294) y: Eden               0M (0%)          833M (81%)          1 / 0             26 / 0              0 / 0        
[27.088s][info][gc,reloc    ] GC(294) y: Survivor 1          -                34M (3%)           1 / 0              1 / 0              0 / 0        
[27.088s][info][gc,heap     ] GC(294) y: Min Capacity: 8M(1%)
[27.088s][info][gc,heap     ] GC(294) y: Max Capacity: 1024M(100%)
[27.088s][info][gc,heap     ] GC(294) y: Soft Max Capacity: 1024M(100%)
[27.088s][info][gc,heap     ] GC(294) y: Heap Statistics:
[27.088s][info][gc,heap     ] GC(294) y:                Mark Start          Mark End        Relocate Start      Relocate End           High               Low         
[27.088s][info][gc,heap     ] GC(294) y:  Capacity:     1024M (100%)       1024M (100%)       1024M (100%)       1024M (100%)       1024M (100%)       1024M (100%)   
[27.088s][info][gc,heap     ] GC(294) y:      Free:      116M (11%)          82M (8%)          916M (89%)         916M (89%)         916M (89%)          82M (8%)     
[27.088s][info][gc,heap     ] GC(294) y:      Used:      908M (89%)         942M (92%)         108M (11%)         108M (11%)         942M (92%)         108M (11%)    
[27.088s][info][gc,heap     ] GC(294) y: Young Generation Statistics:
[27.088s][info][gc,heap     ] GC(294) y:                Mark Start          Mark End        Relocate Start      Relocate End    
[27.088s][info][gc,heap     ] GC(294) y:      Used:      868M (85%)         902M (88%)          68M (7%)           68M (7%)     
[27.088s][info][gc,heap     ] GC(294) y:      Live:         -                 0M (0%)            0M (0%)            0M (0%)     
[27.088s][info][gc,heap     ] GC(294) y:   Garbage:         -               867M (85%)          33M (3%)           33M (3%)     
[27.088s][info][gc,heap     ] GC(294) y: Allocated:         -                34M (3%)           34M (3%)           34M (3%)     
[27.088s][info][gc,heap     ] GC(294) y: Reclaimed:         -                  -               834M (81%)         834M (81%)    
[27.088s][info][gc,heap     ] GC(294) y:  Promoted:         -                  -                 0M (0%)            0M (0%)     
[27.088s][info][gc,heap     ] GC(294) y: Compacted:         -                  -                  -                 0M (0%)     
[27.088s][info][gc,phases   ] GC(294) y: Young Generation 908M(89%)->108M(11%) 0.003s
[27.088s][info][gc          ] GC(294) Minor Collection (Allocation Rate) 908M(89%)->108M(11%) 0.003s
[27.158s][info][gc          ] GC(295) Minor Collection (Allocation Rate)
[27.158s][info][gc,task     ] GC(295) Using 3 Workers for Young Generation
[27.158s][info][gc,phases   ] GC(295) y: Young Generation
[27.158s][info][gc,phases   ] GC(295) y: Pause Mark Start 0.004ms
[27.159s][info][gc,phases   ] GC(295) y: Concurrent Mark 0.868ms
[27.159s][info][gc,phases   ] GC(295) y: Pause Mark End 0.005ms
[27.159s][info][gc,phases   ] GC(295) y: Concurrent Mark Free 0.000ms
[27.159s][info][gc,phases   ] GC(295) y: Concurrent Reset Relocation Set 0.000ms
[27.160s][info][gc,reloc    ] GC(295) y: Using tenuring threshold: 1 (Computed)
[27.160s][info][gc,phases   ] GC(295) y: Concurrent Select Relocation Set 1.089ms
[27.160s][info][gc,phases   ] GC(295) y: Pause Relocate Start 0.005ms
[27.160s][info][gc,phases   ] GC(295) y: Concurrent Relocate 0.049ms
[27.160s][info][gc,alloc    ] GC(295) y:                         Mark Start        Mark End      Relocate Start    Relocate End   
[27.160s][info][gc,alloc    ] GC(295) y: Allocation Stalls:          0                0                0                0         
[27.160s][info][gc,load     ] GC(295) y: Load: 3.08 (31%) / 3.05 (31%) / 3.15 (31%)
[27.160s][info][gc,mmu      ] GC(295) y: MMU: 2ms/99.0%, 5ms/99.5%, 10ms/99.7%, 20ms/99.7%, 50ms/99.8%, 100ms/99.9%
[27.160s][info][gc,marking  ] GC(295) y: Mark: 2 stripe(s), 2 proactive flush(es), 1 terminate flush(es), 0 completion(s), 0 continuation(s) 
[27.160s][info][gc,marking  ] GC(295) y: Mark Stack Usage: 32M
[27.160s][info][gc,nmethod  ] GC(295) y: NMethods: 1586 registered, 169 unregistered
[27.160s][info][gc,metaspace] GC(295) y: Metaspace: 9M used, 10M committed, 1088M reserved
[27.160s][info][gc,reloc    ] GC(295) y:                        Candidates     Selected     In-Place         Size        Empty    Relocated 
[27.160s][info][gc,reloc    ] GC(295) y: Small Pages:                    2            0            0           4M           2M           0M 
[27.160s][info][gc,reloc    ] GC(295) y: Medium Pages:                  28            0            0         896M         864M           0M 
[27.160s][info][gc,reloc    ] GC(295) y: Large Pages:                    0            0            0           0M           0M           0M 
[27.160s][info][gc,reloc    ] GC(295) y: Forwarding Usage: 0M
[27.160s][info][gc,reloc    ] GC(295) y: Age Table:
[27.160s][info][gc,reloc    ] GC(295) y:                    Live             Garbage             Small              Medium             Large        
[27.160s][info][gc,reloc    ] GC(295) y: Eden               0M (0%)          865M (84%)          1 / 0             27 / 0              0 / 0        
[27.160s][info][gc,reloc    ] GC(295) y: Survivor 1          -                34M (3%)           1 / 0              1 / 0              0 / 0        
[27.160s][info][gc,heap     ] GC(295) y: Min Capacity: 8M(1%)
[27.160s][info][gc,heap     ] GC(295) y: Max Capacity: 1024M(100%)
[27.160s][info][gc,heap     ] GC(295) y: Soft Max Capacity: 1024M(100%)
[27.160s][info][gc,heap     ] GC(295) y: Heap Statistics:
[27.160s][info][gc,heap     ] GC(295) y:                Mark Start          Mark End        Relocate Start      Relocate End           High               Low         
[27.160s][info][gc,heap     ] GC(295) y:  Capacity:     1024M (100%)       1024M (100%)       1024M (100%)       1024M (100%)       1024M (100%)       1024M (100%)   
[27.160s][info][gc,heap     ] GC(295) y:      Free:       84M (8%)           50M (5%)          916M (89%)         916M (89%)         916M (89%)          50M (5%)     
[27.160s][info][gc,heap     ] GC(295) y:      Used:      940M (92%)         974M (95%)         108M (11%)         108M (11%)         974M (95%)         108M (11%)    
[27.160s][info][gc,heap     ] GC(295) y: Young Generation Statistics:
[27.160s][info][gc,heap     ] GC(295) y:                Mark Start          Mark End        Relocate Start      Relocate End    
[27.160s][info][gc,heap     ] GC(295) y:      Used:      900M (88%)         934M (91%)          68M (7%)           68M (7%)     
[27.160s][info][gc,heap     ] GC(295) y:      Live:         -                 0M (0%)            0M (0%)            0M (0%)     
[27.160s][info][gc,heap     ] GC(295) y:   Garbage:         -               899M (88%)          33M (3%)           33M (3%)     
[27.160s][info][gc,heap     ] GC(295) y: Allocated:         -                34M (3%)           34M (3%)           34M (3%)     
[27.160s][info][gc,heap     ] GC(295) y: Reclaimed:         -                  -               866M (85%)         866M (85%)    
[27.160s][info][gc,heap     ] GC(295) y:  Promoted:         -                  -                 0M (0%)            0M (0%)     
[27.160s][info][gc,heap     ] GC(295) y: Compacted:         -                  -                  -                 0M (0%)     
[27.160s][info][gc,phases   ] GC(295) y: Young Generation 940M(92%)->108M(11%) 0.002s
[27.160s][info][gc          ] GC(295) Minor Collection (Allocation Rate) 940M(92%)->108M(11%) 0.003s
[27.231s][info][gc          ] GC(296) Minor Collection (Allocation Rate)
[27.231s][info][gc,task     ] GC(296) Using 3 Workers for Young Generation
[27.231s][info][gc,phases   ] GC(296) y: Young Generation
[27.231s][info][gc,phases   ] GC(296) y: Pause Mark Start 0.008ms
[27.232s][info][gc,phases   ] GC(296) y: Concurrent Mark 0.885ms
[27.232s][info][gc,phases   ] GC(296) y: Pause Mark End 0.005ms
[27.232s][info][gc,phases   ] GC(296) y: Concurrent Mark Free 0.000ms
[27.232s][info][gc,phases   ] GC(296) y: Concurrent Reset Relocation Set 0.000ms
[27.233s][info][gc,reloc    ] GC(296) y: Using tenuring threshold: 1 (Computed)
[27.233s][info][gc,phases   ] GC(296) y: Concurrent Select Relocation Set 1.072ms
[27.233s][info][gc,phases   ] GC(296) y: Pause Relocate Start 0.003ms
[27.233s][info][gc,phases   ] GC(296) y: Concurrent Relocate 0.029ms
[27.233s][info][gc,alloc    ] GC(296) y:                         Mark Start        Mark End      Relocate Start    Relocate End   
[27.233s][info][gc,alloc    ] GC(296) y: Allocation Stalls:          0                0                0                0         
[27.233s][info][gc,load     ] GC(296) y: Load: 3.08 (31%) / 3.05 (31%) / 3.15 (31%)
[27.233s][info][gc,mmu      ] GC(296) y: MMU: 2ms/99.0%, 5ms/99.5%, 10ms/99.7%, 20ms/99.7%, 50ms/99.8%, 100ms/99.9%
[27.233s][info][gc,marking  ] GC(296) y: Mark: 2 stripe(s), 2 proactive flush(es), 1 terminate flush(es), 0 completion(s), 0 continuation(s) 
[27.233s][info][gc,marking  ] GC(296) y: Mark Stack Usage: 32M
[27.233s][info][gc,nmethod  ] GC(296) y: NMethods: 1586 registered, 169 unregistered
[27.233s][info][gc,metaspace] GC(296) y: Metaspace: 9M used, 10M committed, 1088M reserved
[27.233s][info][gc,reloc    ] GC(296) y:                        Candidates     Selected     In-Place         Size        Empty    Relocated 
[27.233s][info][gc,reloc    ] GC(296) y: Small Pages:                    2            0            0           4M           2M           0M 
[27.233s][info][gc,reloc    ] GC(296) y: Medium Pages:                  28            0            0         896M         864M           0M 
[27.233s][info][gc,reloc    ] GC(296) y: Large Pages:                    0            0            0           0M           0M           0M 
[27.233s][info][gc,reloc    ] GC(296) y: Forwarding Usage: 0M
[27.233s][info][gc,reloc    ] GC(296) y: Age Table:
[27.233s][info][gc,reloc    ] GC(296) y:                    Live             Garbage             Small              Medium             Large        
[27.233s][info][gc,reloc    ] GC(296) y: Eden               0M (0%)          865M (85%)          1 / 0             27 / 0              0 / 0        
[27.233s][info][gc,reloc    ] GC(296) y: Survivor 1          -                34M (3%)           1 / 0              1 / 0              0 / 0        
[27.233s][info][gc,heap     ] GC(296) y: Min Capacity: 8M(1%)
[27.233s][info][gc,heap     ] GC(296) y: Max Capacity: 1024M(100%)
[27.233s][info][gc,heap     ] GC(296) y: Soft Max Capacity: 1024M(100%)
[27.233s][info][gc,heap     ] GC(296) y: Heap Statistics:
[27.233s][info][gc,heap     ] GC(296) y:                Mark Start          Mark End        Relocate Start      Relocate End           High               Low         
[27.233s][info][gc,heap     ] GC(296) y:  Capacity:     1024M (100%)       1024M (100%)       1024M (100%)       1024M (100%)       1024M (100%)       1024M (100%)   
[27.233s][info][gc,heap     ] GC(296) y:      Free:       84M (8%)           50M (5%)          916M (89%)         916M (89%)         916M (89%)          50M (5%)     
[27.233s][info][gc,heap     ] GC(296) y:      Used:      940M (92%)         974M (95%)         108M (11%)         108M (11%)         974M (95%)         108M (11%)    
[27.233s][info][gc,heap     ] GC(296) y: Young Generation Statistics:
[27.233s][info][gc,heap     ] GC(296) y:                Mark Start          Mark End        Relocate Start      Relocate End    
[27.233s][info][gc,heap     ] GC(296) y:      Used:      900M (88%)         934M (91%)          68M (7%)           68M (7%)     
[27.233s][info][gc,heap     ] GC(296) y:      Live:         -                 0M (0%)            0M (0%)            0M (0%)     
[27.233s][info][gc,heap     ] GC(296) y:   Garbage:         -               899M (88%)          33M (3%)           33M (3%)     
[27.233s][info][gc,heap     ] GC(296) y: Allocated:         -                34M (3%)           34M (3%)           34M (3%)     
[27.233s][info][gc,heap     ] GC(296) y: Reclaimed:         -                  -               866M (85%)         866M (85%)    
[27.233s][info][gc,heap     ] GC(296) y:  Promoted:         -                  -                 0M (0%)            0M (0%)     
[27.233s][info][gc,heap     ] GC(296) y: Compacted:         -                  -                  -                 0M (0%)     
[27.233s][info][gc,phases   ] GC(296) y: Young Generation 940M(92%)->108M(11%) 0.002s
[27.233s][info][gc          ] GC(296) Minor Collection (Allocation Rate) 940M(92%)->108M(11%) 0.002s
[27.304s][info][gc          ] GC(297) Minor Collection (Allocation Rate)
[27.304s][info][gc,task     ] GC(297) Using 3 Workers for Young Generation
[27.304s][info][gc,phases   ] GC(297) y: Young Generation
[27.304s][info][gc,phases   ] GC(297) y: Pause Mark Start 0.007ms
[27.305s][info][gc,phases   ] GC(297) y: Concurrent Mark 1.040ms
[27.305s][info][gc,phases   ] GC(297) y: Pause Mark End 0.005ms
[27.305s][info][gc,phases   ] GC(297) y: Concurrent Mark Free 0.000ms
[27.305s][info][gc,phases   ] GC(297) y: Concurrent Reset Relocation Set 0.000ms
[27.306s][info][gc,reloc    ] GC(297) y: Using tenuring threshold: 1 (Computed)
[27.306s][info][gc,phases   ] GC(297) y: Concurrent Select Relocation Set 1.057ms
[27.306s][info][gc,phases   ] GC(297) y: Pause Relocate Start 0.003ms
[27.306s][info][gc,phases   ] GC(297) y: Concurrent Relocate 0.060ms
[27.306s][info][gc,alloc    ] GC(297) y:                         Mark Start        Mark End      Relocate Start    Relocate End   
[27.306s][info][gc,alloc    ] GC(297) y: Allocation Stalls:          0                0                0                0         
[27.306s][info][gc,load     ] GC(297) y: Load: 3.08 (31%) / 3.05 (31%) / 3.15 (31%)
[27.306s][info][gc,mmu      ] GC(297) y: MMU: 2ms/99.0%, 5ms/99.5%, 10ms/99.7%, 20ms/99.7%, 50ms/99.8%, 100ms/99.9%
[27.306s][info][gc,marking  ] GC(297) y: Mark: 2 stripe(s), 2 proactive flush(es), 1 terminate flush(es), 0 completion(s), 0 continuation(s) 
[27.306s][info][gc,marking  ] GC(297) y: Mark Stack Usage: 32M
[27.306s][info][gc,nmethod  ] GC(297) y: NMethods: 1586 registered, 169 unregistered
[27.306s][info][gc,metaspace] GC(297) y: Metaspace: 9M used, 10M committed, 1088M reserved
[27.306s][info][gc,reloc    ] GC(297) y:                        Candidates     Selected     In-Place         Size        Empty    Relocated 
[27.306s][info][gc,reloc    ] GC(297) y: Small Pages:                    2            0            0           4M           2M           0M 
[27.306s][info][gc,reloc    ] GC(297) y: Medium Pages:                  28            0            0         896M         864M           0M 
[27.306s][info][gc,reloc    ] GC(297) y: Large Pages:                    0            0            0           0M           0M           0M 
[27.306s][info][gc,reloc    ] GC(297) y: Forwarding Usage: 0M
[27.306s][info][gc,reloc    ] GC(297) y: Age Table:
[27.306s][info][gc,reloc    ] GC(297) y:                    Live             Garbage             Small              Medium             Large        
[27.306s][info][gc,reloc    ] GC(297) y: Eden               0M (0%)          865M (85%)          1 / 0             27 / 0              0 / 0        
[27.306s][info][gc,reloc    ] GC(297) y: Survivor 1          -                34M (3%)           1 / 0              1 / 0              0 / 0        
[27.306s][info][gc,heap     ] GC(297) y: Min Capacity: 8M(1%)
[27.306s][info][gc,heap     ] GC(297) y: Max Capacity: 1024M(100%)
[27.307s][info][gc,heap     ] GC(297) y: Soft Max Capacity: 1024M(100%)
[27.307s][info][gc,heap     ] GC(297) y: Heap Statistics:
[27.307s][info][gc,heap     ] GC(297) y:                Mark Start          Mark End        Relocate Start      Relocate End           High               Low         
[27.307s][info][gc,heap     ] GC(297) y:  Capacity:     1024M (100%)       1024M (100%)       1024M (100%)       1024M (100%)       1024M (100%)       1024M (100%)   
[27.307s][info][gc,heap     ] GC(297) y:      Free:       84M (8%)           50M (5%)          916M (89%)         916M (89%)         916M (89%)          50M (5%)     
[27.307s][info][gc,heap     ] GC(297) y:      Used:      940M (92%)         974M (95%)         108M (11%)         108M (11%)         974M (95%)         108M (11%)    
[27.307s][info][gc,heap     ] GC(297) y: Young Generation Statistics:
[27.307s][info][gc,heap     ] GC(297) y:                Mark Start          Mark End        Relocate Start      Relocate End    
[27.307s][info][gc,heap     ] GC(297) y:      Used:      900M (88%)         934M (91%)          68M (7%)           68M (7%)     
[27.307s][info][gc,heap     ] GC(297) y:      Live:         -                 0M (0%)            0M (0%)            0M (0%)     
[27.307s][info][gc,heap     ] GC(297) y:   Garbage:         -               899M (88%)          33M (3%)           33M (3%)     
[27.307s][info][gc,heap     ] GC(297) y: Allocated:         -                34M (3%)           34M (3%)           34M (3%)     
[27.307s][info][gc,heap     ] GC(297) y: Reclaimed:         -                  -               866M (85%)         866M (85%)    
[27.307s][info][gc,heap     ] GC(297) y:  Promoted:         -                  -                 0M (0%)            0M (0%)     
[27.307s][info][gc,heap     ] GC(297) y: Compacted:         -                  -                  -                 0M (0%)     
[27.307s][info][gc,phases   ] GC(297) y: Young Generation 940M(92%)->108M(11%) 0.002s
[27.307s][info][gc          ] GC(297) Minor Collection (Allocation Rate) 940M(92%)->108M(11%) 0.003s
[27.377s][info][gc          ] GC(298) Minor Collection (Allocation Rate)
[27.377s][info][gc,task     ] GC(298) Using 3 Workers for Young Generation
[27.377s][info][gc,phases   ] GC(298) y: Young Generation
[27.377s][info][gc,phases   ] GC(298) y: Pause Mark Start 0.004ms
[27.378s][info][gc,phases   ] GC(298) y: Concurrent Mark 1.022ms
[27.378s][info][gc,phases   ] GC(298) y: Pause Mark End 0.004ms
[27.378s][info][gc,phases   ] GC(298) y: Concurrent Mark Free 0.000ms
[27.378s][info][gc,phases   ] GC(298) y: Concurrent Reset Relocation Set 0.000ms
[27.379s][info][gc,reloc    ] GC(298) y: Using tenuring threshold: 1 (Computed)
[27.379s][info][gc,phases   ] GC(298) y: Concurrent Select Relocation Set 1.081ms
[27.379s][info][gc,phases   ] GC(298) y: Pause Relocate Start 0.004ms
[27.379s][info][gc,phases   ] GC(298) y: Concurrent Relocate 0.048ms
[27.379s][info][gc,alloc    ] GC(298) y:                         Mark Start        Mark End      Relocate Start    Relocate End   
[27.379s][info][gc,alloc    ] GC(298) y: Allocation Stalls:          0                0                0                0         
[27.379s][info][gc,load     ] GC(298) y: Load: 3.08 (31%) / 3.05 (31%) / 3.15 (31%)
[27.379s][info][gc,mmu      ] GC(298) y: MMU: 2ms/99.0%, 5ms/99.5%, 10ms/99.7%, 20ms/99.7%, 50ms/99.8%, 100ms/99.9%
[27.379s][info][gc,marking  ] GC(298) y: Mark: 2 stripe(s), 2 proactive flush(es), 1 terminate flush(es), 0 completion(s), 0 continuation(s) 
[27.379s][info][gc,marking  ] GC(298) y: Mark Stack Usage: 32M
[27.379s][info][gc,nmethod  ] GC(298) y: NMethods: 1586 registered, 169 unregistered
[27.379s][info][gc,metaspace] GC(298) y: Metaspace: 9M used, 10M committed, 1088M reserved
[27.379s][info][gc,reloc    ] GC(298) y:                        Candidates     Selected     In-Place         Size        Empty    Relocated 
[27.379s][info][gc,reloc    ] GC(298) y: Small Pages:                    2            0            0           4M           2M           0M 
[27.379s][info][gc,reloc    ] GC(298) y: Medium Pages:                  28            0            0         896M         896M           0M 
[27.379s][info][gc,reloc    ] GC(298) y: Large Pages:                    0            0            0           0M           0M           0M 
[27.379s][info][gc,reloc    ] GC(298) y: Forwarding Usage: 0M
[27.379s][info][gc,reloc    ] GC(298) y: Age Table:
[27.379s][info][gc,reloc    ] GC(298) y:                    Live             Garbage             Small              Medium             Large        
[27.379s][info][gc,reloc    ] GC(298) y: Eden               0M (0%)          865M (85%)          1 / 0             27 / 0              0 / 0        
[27.379s][info][gc,reloc    ] GC(298) y: Survivor 1          -                34M (3%)           1 / 0              1 / 0              0 / 0        
[27.379s][info][gc,heap     ] GC(298) y: Min Capacity: 8M(1%)
[27.379s][info][gc,heap     ] GC(298) y: Max Capacity: 1024M(100%)
[27.379s][info][gc,heap     ] GC(298) y: Soft Max Capacity: 1024M(100%)
[27.379s][info][gc,heap     ] GC(298) y: Heap Statistics:
[27.379s][info][gc,heap     ] GC(298) y:                Mark Start          Mark End        Relocate Start      Relocate End           High               Low         
[27.379s][info][gc,heap     ] GC(298) y:  Capacity:     1024M (100%)       1024M (100%)       1024M (100%)       1024M (100%)       1024M (100%)       1024M (100%)   
[27.379s][info][gc,heap     ] GC(298) y:      Free:       84M (8%)           50M (5%)          948M (93%)         948M (93%)         948M (93%)          50M (5%)     
[27.379s][info][gc,heap     ] GC(298) y:      Used:      940M (92%)         974M (95%)          76M (7%)           76M (7%)          974M (95%)          76M (7%)     
[27.379s][info][gc,heap     ] GC(298) y: Young Generation Statistics:
[27.380s][info][gc,heap     ] GC(298) y:                Mark Start          Mark End        Relocate Start      Relocate End    
[27.380s][info][gc,heap     ] GC(298) y:      Used:      900M (88%)         934M (91%)          36M (4%)           36M (4%)     
[27.380s][info][gc,heap     ] GC(298) y:      Live:         -                 0M (0%)            0M (0%)            0M (0%)     
[27.380s][info][gc,heap     ] GC(298) y:   Garbage:         -               899M (88%)           1M (0%)            1M (0%)     
[27.380s][info][gc,heap     ] GC(298) y: Allocated:         -                34M (3%)           34M (3%)           34M (3%)     
[27.380s][info][gc,heap     ] GC(298) y: Reclaimed:         -                  -               898M (88%)         898M (88%)    
[27.380s][info][gc,heap     ] GC(298) y:  Promoted:         -                  -                 0M (0%)            0M (0%)     
[27.380s][info][gc,heap     ] GC(298) y: Compacted:         -                  -                  -                 0M (0%)     
[27.380s][info][gc,phases   ] GC(298) y: Young Generation 940M(92%)->76M(7%) 0.002s
[27.380s][info][gc          ] GC(298) Minor Collection (Allocation Rate) 940M(92%)->76M(7%) 0.003s
[27.453s][info][gc          ] GC(299) Minor Collection (Allocation Rate)
[27.453s][info][gc,task     ] GC(299) Using 3 Workers for Young Generation
[27.453s][info][gc,phases   ] GC(299) y: Young Generation
[27.453s][info][gc,phases   ] GC(299) y: Pause Mark Start 0.006ms
[27.454s][info][gc,phases   ] GC(299) y: Concurrent Mark 0.906ms
[27.454s][info][gc,phases   ] GC(299) y: Pause Mark End 0.004ms
[27.454s][info][gc,phases   ] GC(299) y: Concurrent Mark Free 0.000ms
[27.454s][info][gc,phases   ] GC(299) y: Concurrent Reset Relocation Set 0.000ms
[27.455s][info][gc,reloc    ] GC(299) y: Using tenuring threshold: 1 (Computed)
[27.455s][info][gc,phases   ] GC(299) y: Concurrent Select Relocation Set 1.065ms
[27.455s][info][gc,phases   ] GC(299) y: Pause Relocate Start 0.004ms
[27.455s][info][gc,phases   ] GC(299) y: Concurrent Relocate 0.040ms
[27.455s][info][gc,alloc    ] GC(299) y:                         Mark Start        Mark End      Relocate Start    Relocate End   
[27.455s][info][gc,alloc    ] GC(299) y: Allocation Stalls:          0                0                0                0         
[27.455s][info][gc,load     ] GC(299) y: Load: 3.08 (31%) / 3.05 (31%) / 3.15 (31%)
[27.455s][info][gc,mmu      ] GC(299) y: MMU: 2ms/99.0%, 5ms/99.5%, 10ms/99.7%, 20ms/99.7%, 50ms/99.8%, 100ms/99.9%
[27.455s][info][gc,marking  ] GC(299) y: Mark: 2 stripe(s), 2 proactive flush(es), 1 terminate flush(es), 0 completion(s), 0 continuation(s) 
[27.455s][info][gc,marking  ] GC(299) y: Mark Stack Usage: 32M
[27.455s][info][gc,nmethod  ] GC(299) y: NMethods: 1586 registered, 169 unregistered
[27.455s][info][gc,metaspace] GC(299) y: Metaspace: 9M used, 10M committed, 1088M reserved
[27.455s][info][gc,reloc    ] GC(299) y:                        Candidates     Selected     In-Place         Size        Empty    Relocated 
[27.455s][info][gc,reloc    ] GC(299) y: Small Pages:                    2            0            0           4M           2M           0M 
[27.455s][info][gc,reloc    ] GC(299) y: Medium Pages:                  28            0            0         896M         864M           0M 
[27.455s][info][gc,reloc    ] GC(299) y: Large Pages:                    0            0            0           0M           0M           0M 
[27.455s][info][gc,reloc    ] GC(299) y: Forwarding Usage: 0M
[27.455s][info][gc,reloc    ] GC(299) y: Age Table:
[27.455s][info][gc,reloc    ] GC(299) y:                    Live             Garbage             Small              Medium             Large        
[27.455s][info][gc,reloc    ] GC(299) y: Eden               0M (0%)          897M (88%)          1 / 0             28 / 0              0 / 0        
[27.455s][info][gc,reloc    ] GC(299) y: Survivor 1          -                 2M (0%)           1 / 0              0 / 0              0 / 0        
[27.455s][info][gc,heap     ] GC(299) y: Min Capacity: 8M(1%)
[27.455s][info][gc,heap     ] GC(299) y: Max Capacity: 1024M(100%)
[27.455s][info][gc,heap     ] GC(299) y: Soft Max Capacity: 1024M(100%)
[27.455s][info][gc,heap     ] GC(299) y: Heap Statistics:
[27.455s][info][gc,heap     ] GC(299) y:                Mark Start          Mark End        Relocate Start      Relocate End           High               Low         
[27.455s][info][gc,heap     ] GC(299) y:  Capacity:     1024M (100%)       1024M (100%)       1024M (100%)       1024M (100%)       1024M (100%)       1024M (100%)   
[27.455s][info][gc,heap     ] GC(299) y:      Free:       84M (8%)           50M (5%)          916M (89%)         916M (89%)         916M (89%)          50M (5%)     
[27.455s][info][gc,heap     ] GC(299) y:      Used:      940M (92%)         974M (95%)         108M (11%)         108M (11%)         974M (95%)         108M (11%)    
[27.455s][info][gc,heap     ] GC(299) y: Young Generation Statistics:
[27.455s][info][gc,heap     ] GC(299) y:                Mark Start          Mark End        Relocate Start      Relocate End    
[27.455s][info][gc,heap     ] GC(299) y:      Used:      900M (88%)         934M (91%)          68M (7%)           68M (7%)     
[27.455s][info][gc,heap     ] GC(299) y:      Live:         -                 0M (0%)            0M (0%)            0M (0%)     
[27.455s][info][gc,heap     ] GC(299) y:   Garbage:         -               899M (88%)          33M (3%)           33M (3%)     
[27.455s][info][gc,heap     ] GC(299) y: Allocated:         -                34M (3%)           34M (3%)           34M (3%)     
[27.455s][info][gc,heap     ] GC(299) y: Reclaimed:         -                  -               866M (85%)         866M (85%)    
[27.455s][info][gc,heap     ] GC(299) y:  Promoted:         -                  -                 0M (0%)            0M (0%)     
[27.455s][info][gc,heap     ] GC(299) y: Compacted:         -                  -                  -                 0M (0%)     
[27.455s][info][gc,phases   ] GC(299) y: Young Generation 940M(92%)->108M(11%) 0.002s
[27.455s][info][gc          ] GC(299) Minor Collection (Allocation Rate) 940M(92%)->108M(11%) 0.002s
[27.523s][info][gc          ] GC(300) Minor Collection (Allocation Rate)
[27.523s][info][gc,task     ] GC(300) Using 2 Workers for Young Generation
[27.523s][info][gc,phases   ] GC(300) y: Young Generation
[27.523s][info][gc,phases   ] GC(300) y: Pause Mark Start 0.005ms
[27.524s][info][gc,phases   ] GC(300) y: Concurrent Mark 1.283ms
[27.525s][info][gc,phases   ] GC(300) y: Pause Mark End 0.005ms
[27.525s][info][gc,phases   ] GC(300) y: Concurrent Mark Free 0.000ms
[27.525s][info][gc,phases   ] GC(300) y: Concurrent Reset Relocation Set 0.000ms
[27.526s][info][gc,reloc    ] GC(300) y: Using tenuring threshold: 1 (Computed)
[27.526s][info][gc,phases   ] GC(300) y: Concurrent Select Relocation Set 1.095ms
[27.526s][info][gc,phases   ] GC(300) y: Pause Relocate Start 0.004ms
[27.526s][info][gc,phases   ] GC(300) y: Concurrent Relocate 0.020ms
[27.526s][info][gc,alloc    ] GC(300) y:                         Mark Start        Mark End      Relocate Start    Relocate End   
[27.526s][info][gc,alloc    ] GC(300) y: Allocation Stalls:          0                0                0                0         
[27.526s][info][gc,load     ] GC(300) y: Load: 3.08 (31%) / 3.05 (31%) / 3.15 (31%)
[27.526s][info][gc,mmu      ] GC(300) y: MMU: 2ms/99.0%, 5ms/99.5%, 10ms/99.7%, 20ms/99.7%, 50ms/99.8%, 100ms/99.9%
[27.526s][info][gc,marking  ] GC(300) y: Mark: 2 stripe(s), 2 proactive flush(es), 1 terminate flush(es), 0 completion(s), 0 continuation(s) 
[27.526s][info][gc,marking  ] GC(300) y: Mark Stack Usage: 32M
[27.526s][info][gc,nmethod  ] GC(300) y: NMethods: 1586 registered, 169 unregistered
[27.526s][info][gc,metaspace] GC(300) y: Metaspace: 9M used, 10M committed, 1088M reserved
[27.526s][info][gc,reloc    ] GC(300) y:                        Candidates     Selected     In-Place         Size        Empty    Relocated 
[27.526s][info][gc,reloc    ] GC(300) y: Small Pages:                    2            0            0           4M           2M           0M 
[27.526s][info][gc,reloc    ] GC(300) y: Medium Pages:                  27            0            0         864M         832M           0M 
[27.526s][info][gc,reloc    ] GC(300) y: Large Pages:                    0            0            0           0M           0M           0M 
[27.526s][info][gc,reloc    ] GC(300) y: Forwarding Usage: 0M
[27.526s][info][gc,reloc    ] GC(300) y: Age Table:
[27.526s][info][gc,reloc    ] GC(300) y:                    Live             Garbage             Small              Medium             Large        
[27.526s][info][gc,reloc    ] GC(300) y: Eden               0M (0%)          833M (81%)          1 / 0             26 / 0              0 / 0        
[27.526s][info][gc,reloc    ] GC(300) y: Survivor 1          -                34M (3%)           1 / 0              1 / 0              0 / 0        
[27.526s][info][gc,heap     ] GC(300) y: Min Capacity: 8M(1%)
[27.526s][info][gc,heap     ] GC(300) y: Max Capacity: 1024M(100%)
[27.526s][info][gc,heap     ] GC(300) y: Soft Max Capacity: 1024M(100%)
[27.526s][info][gc,heap     ] GC(300) y: Heap Statistics:
[27.526s][info][gc,heap     ] GC(300) y:                Mark Start          Mark End        Relocate Start      Relocate End           High               Low         
[27.526s][info][gc,heap     ] GC(300) y:  Capacity:     1024M (100%)       1024M (100%)       1024M (100%)       1024M (100%)       1024M (100%)       1024M (100%)   
[27.526s][info][gc,heap     ] GC(300) y:      Free:      116M (11%)          82M (8%)          916M (89%)         916M (89%)         916M (89%)          82M (8%)     
[27.526s][info][gc,heap     ] GC(300) y:      Used:      908M (89%)         942M (92%)         108M (11%)         108M (11%)         942M (92%)         108M (11%)    
[27.526s][info][gc,heap     ] GC(300) y: Young Generation Statistics:
[27.526s][info][gc,heap     ] GC(300) y:                Mark Start          Mark End        Relocate Start      Relocate End    
[27.526s][info][gc,heap     ] GC(300) y:      Used:      868M (85%)         902M (88%)          68M (7%)           68M (7%)     
[27.526s][info][gc,heap     ] GC(300) y:      Live:         -                 0M (0%)            0M (0%)            0M (0%)     
[27.526s][info][gc,heap     ] GC(300) y:   Garbage:         -               867M (85%)          33M (3%)           33M (3%)     
[27.526s][info][gc,heap     ] GC(300) y: Allocated:         -                34M (3%)           34M (3%)           34M (3%)     
[27.526s][info][gc,heap     ] GC(300) y: Reclaimed:         -                  -               834M (81%)         834M (81%)    
[27.526s][info][gc,heap     ] GC(300) y:  Promoted:         -                  -                 0M (0%)            0M (0%)     
[27.526s][info][gc,heap     ] GC(300) y: Compacted:         -                  -                  -                 0M (0%)     
[27.526s][info][gc,phases   ] GC(300) y: Young Generation 908M(89%)->108M(11%) 0.003s
[27.526s][info][gc          ] GC(300) Minor Collection (Allocation Rate) 908M(89%)->108M(11%) 0.003s
[27.596s][info][gc          ] GC(301) Minor Collection (Allocation Rate)
[27.596s][info][gc,task     ] GC(301) Using 3 Workers for Young Generation
[27.596s][info][gc,phases   ] GC(301) y: Young Generation
[27.596s][info][gc,phases   ] GC(301) y: Pause Mark Start 0.005ms
[27.597s][info][gc,phases   ] GC(301) y: Concurrent Mark 0.952ms
[27.597s][info][gc,phases   ] GC(301) y: Pause Mark End 0.007ms
[27.597s][info][gc,phases   ] GC(301) y: Concurrent Mark Free 0.000ms
[27.597s][info][gc,phases   ] GC(301) y: Concurrent Reset Relocation Set 0.000ms
[27.598s][info][gc,reloc    ] GC(301) y: Using tenuring threshold: 1 (Computed)
[27.598s][info][gc,phases   ] GC(301) y: Concurrent Select Relocation Set 1.079ms
[27.598s][info][gc,phases   ] GC(301) y: Pause Relocate Start 0.007ms
[27.598s][info][gc,phases   ] GC(301) y: Concurrent Relocate 0.029ms
[27.598s][info][gc,alloc    ] GC(301) y:                         Mark Start        Mark End      Relocate Start    Relocate End   
[27.598s][info][gc,alloc    ] GC(301) y: Allocation Stalls:          0                0                0                0         
[27.598s][info][gc,load     ] GC(301) y: Load: 3.08 (31%) / 3.05 (31%) / 3.15 (31%)
[27.598s][info][gc,mmu      ] GC(301) y: MMU: 2ms/99.0%, 5ms/99.5%, 10ms/99.7%, 20ms/99.7%, 50ms/99.8%, 100ms/99.9%
[27.598s][info][gc,marking  ] GC(301) y: Mark: 2 stripe(s), 2 proactive flush(es), 1 terminate flush(es), 0 completion(s), 0 continuation(s) 
[27.598s][info][gc,marking  ] GC(301) y: Mark Stack Usage: 32M
[27.598s][info][gc,nmethod  ] GC(301) y: NMethods: 1586 registered, 169 unregistered
[27.598s][info][gc,metaspace] GC(301) y: Metaspace: 9M used, 10M committed, 1088M reserved
[27.598s][info][gc,reloc    ] GC(301) y:                        Candidates     Selected     In-Place         Size        Empty    Relocated 
[27.598s][info][gc,reloc    ] GC(301) y: Small Pages:                    2            0            0           4M           2M           0M 
[27.598s][info][gc,reloc    ] GC(301) y: Medium Pages:                  28            0            0         896M         864M           0M 
[27.598s][info][gc,reloc    ] GC(301) y: Large Pages:                    0            0            0           0M           0M           0M 
[27.598s][info][gc,reloc    ] GC(301) y: Forwarding Usage: 0M
[27.598s][info][gc,reloc    ] GC(301) y: Age Table:
[27.598s][info][gc,reloc    ] GC(301) y:                    Live             Garbage             Small              Medium             Large        
[27.598s][info][gc,reloc    ] GC(301) y: Eden               0M (0%)          865M (84%)          1 / 0             27 / 0              0 / 0        
[27.598s][info][gc,reloc    ] GC(301) y: Survivor 1          -                34M (3%)           1 / 0              1 / 0              0 / 0        
[27.598s][info][gc,heap     ] GC(301) y: Min Capacity: 8M(1%)
[27.598s][info][gc,heap     ] GC(301) y: Max Capacity: 1024M(100%)
[27.598s][info][gc,heap     ] GC(301) y: Soft Max Capacity: 1024M(100%)
[27.598s][info][gc,heap     ] GC(301) y: Heap Statistics:
[27.598s][info][gc,heap     ] GC(301) y:                Mark Start          Mark End        Relocate Start      Relocate End           High               Low         
[27.598s][info][gc,heap     ] GC(301) y:  Capacity:     1024M (100%)       1024M (100%)       1024M (100%)       1024M (100%)       1024M (100%)       1024M (100%)   
[27.598s][info][gc,heap     ] GC(301) y:      Free:       84M (8%)           50M (5%)          916M (89%)         916M (89%)         916M (89%)          50M (5%)     
[27.598s][info][gc,heap     ] GC(301) y:      Used:      940M (92%)         974M (95%)         108M (11%)         108M (11%)         974M (95%)         108M (11%)    
[27.598s][info][gc,heap     ] GC(301) y: Young Generation Statistics:
[27.598s][info][gc,heap     ] GC(301) y:                Mark Start          Mark End        Relocate Start      Relocate End    
[27.598s][info][gc,heap     ] GC(301) y:      Used:      900M (88%)         934M (91%)          68M (7%)           68M (7%)     
[27.598s][info][gc,heap     ] GC(301) y:      Live:         -                 0M (0%)            0M (0%)            0M (0%)     
[27.598s][info][gc,heap     ] GC(301) y:   Garbage:         -               899M (88%)          33M (3%)           33M (3%)     
[27.598s][info][gc,heap     ] GC(301) y: Allocated:         -                34M (3%)           34M (3%)           34M (3%)     
[27.598s][info][gc,heap     ] GC(301) y: Reclaimed:         -                  -               866M (85%)         866M (85%)    
[27.598s][info][gc,heap     ] GC(301) y:  Promoted:         -                  -                 0M (0%)            0M (0%)     
[27.598s][info][gc,heap     ] GC(301) y: Compacted:         -                  -                  -                 0M (0%)     
[27.598s][info][gc,phases   ] GC(301) y: Young Generation 940M(92%)->108M(11%) 0.002s
[27.598s][info][gc          ] GC(301) Minor Collection (Allocation Rate) 940M(92%)->108M(11%) 0.003s
[27.666s][info][gc          ] GC(302) Minor Collection (Allocation Rate)
[27.666s][info][gc,task     ] GC(302) Using 2 Workers for Young Generation
[27.666s][info][gc,phases   ] GC(302) y: Young Generation
[27.666s][info][gc,phases   ] GC(302) y: Pause Mark Start 0.007ms
[27.667s][info][gc,phases   ] GC(302) y: Concurrent Mark 1.217ms
[27.667s][info][gc,phases   ] GC(302) y: Pause Mark End 0.005ms
[27.667s][info][gc,phases   ] GC(302) y: Concurrent Mark Free 0.000ms
[27.667s][info][gc,phases   ] GC(302) y: Concurrent Reset Relocation Set 0.000ms
[27.668s][info][gc,reloc    ] GC(302) y: Using tenuring threshold: 1 (Computed)
[27.669s][info][gc,phases   ] GC(302) y: Concurrent Select Relocation Set 1.116ms
[27.669s][info][gc,phases   ] GC(302) y: Pause Relocate Start 0.004ms
[27.669s][info][gc,phases   ] GC(302) y: Concurrent Relocate 0.023ms
[27.669s][info][gc,alloc    ] GC(302) y:                         Mark Start        Mark End      Relocate Start    Relocate End   
[27.669s][info][gc,alloc    ] GC(302) y: Allocation Stalls:          0                0                0                0         
[27.669s][info][gc,load     ] GC(302) y: Load: 3.08 (31%) / 3.05 (31%) / 3.15 (31%)
[27.669s][info][gc,mmu      ] GC(302) y: MMU: 2ms/99.0%, 5ms/99.5%, 10ms/99.7%, 20ms/99.7%, 50ms/99.8%, 100ms/99.9%
[27.669s][info][gc,marking  ] GC(302) y: Mark: 2 stripe(s), 2 proactive flush(es), 1 terminate flush(es), 0 completion(s), 0 continuation(s) 
[27.669s][info][gc,marking  ] GC(302) y: Mark Stack Usage: 32M
[27.669s][info][gc,nmethod  ] GC(302) y: NMethods: 1586 registered, 169 unregistered
[27.669s][info][gc,metaspace] GC(302) y: Metaspace: 9M used, 10M committed, 1088M reserved
[27.669s][info][gc,reloc    ] GC(302) y:                        Candidates     Selected     In-Place         Size        Empty    Relocated 
[27.669s][info][gc,reloc    ] GC(302) y: Small Pages:                    2            0            0           4M           2M           0M 
[27.669s][info][gc,reloc    ] GC(302) y: Medium Pages:                  27            0            0         864M         832M           0M 
[27.669s][info][gc,reloc    ] GC(302) y: Large Pages:                    0            0            0           0M           0M           0M 
[27.669s][info][gc,reloc    ] GC(302) y: Forwarding Usage: 0M
[27.669s][info][gc,reloc    ] GC(302) y: Age Table:
[27.669s][info][gc,reloc    ] GC(302) y:                    Live             Garbage             Small              Medium             Large        
[27.669s][info][gc,reloc    ] GC(302) y: Eden               0M (0%)          833M (81%)          1 / 0             26 / 0              0 / 0        
[27.669s][info][gc,reloc    ] GC(302) y: Survivor 1          -                34M (3%)           1 / 0              1 / 0              0 / 0        
[27.669s][info][gc,heap     ] GC(302) y: Min Capacity: 8M(1%)
[27.669s][info][gc,heap     ] GC(302) y: Max Capacity: 1024M(100%)
[27.669s][info][gc,heap     ] GC(302) y: Soft Max Capacity: 1024M(100%)
[27.669s][info][gc,heap     ] GC(302) y: Heap Statistics:
[27.669s][info][gc,heap     ] GC(302) y:                Mark Start          Mark End        Relocate Start      Relocate End           High               Low         
[27.669s][info][gc,heap     ] GC(302) y:  Capacity:     1024M (100%)       1024M (100%)       1024M (100%)       1024M (100%)       1024M (100%)       1024M (100%)   
[27.669s][info][gc,heap     ] GC(302) y:      Free:      116M (11%)          82M (8%)          916M (89%)         916M (89%)         916M (89%)          82M (8%)     
[27.669s][info][gc,heap     ] GC(302) y:      Used:      908M (89%)         942M (92%)         108M (11%)         108M (11%)         942M (92%)         108M (11%)    
[27.669s][info][gc,heap     ] GC(302) y: Young Generation Statistics:
[27.669s][info][gc,heap     ] GC(302) y:                Mark Start          Mark End        Relocate Start      Relocate End    
[27.669s][info][gc,heap     ] GC(302) y:      Used:      868M (85%)         902M (88%)          68M (7%)           68M (7%)     
[27.669s][info][gc,heap     ] GC(302) y:      Live:         -                 0M (0%)            0M (0%)            0M (0%)     
[27.669s][info][gc,heap     ] GC(302) y:   Garbage:         -               867M (85%)          33M (3%)           33M (3%)     
[27.669s][info][gc,heap     ] GC(302) y: Allocated:         -                34M (3%)           34M (3%)           34M (3%)     
[27.669s][info][gc,heap     ] GC(302) y: Reclaimed:         -                  -               834M (81%)         834M (81%)    
[27.669s][info][gc,heap     ] GC(302) y:  Promoted:         -                  -                 0M (0%)            0M (0%)     
[27.669s][info][gc,heap     ] GC(302) y: Compacted:         -                  -                  -                 0M (0%)     
[27.669s][info][gc,phases   ] GC(302) y: Young Generation 908M(89%)->108M(11%) 0.003s
[27.669s][info][gc          ] GC(302) Minor Collection (Allocation Rate) 908M(89%)->108M(11%) 0.003s
[27.739s][info][gc          ] GC(303) Minor Collection (Allocation Rate)
[27.739s][info][gc,task     ] GC(303) Using 3 Workers for Young Generation
[27.739s][info][gc,phases   ] GC(303) y: Young Generation
[27.739s][info][gc,phases   ] GC(303) y: Pause Mark Start 0.004ms
[27.740s][info][gc,phases   ] GC(303) y: Concurrent Mark 1.041ms
[27.740s][info][gc,phases   ] GC(303) y: Pause Mark End 0.005ms
[27.740s][info][gc,phases   ] GC(303) y: Concurrent Mark Free 0.000ms
[27.740s][info][gc,phases   ] GC(303) y: Concurrent Reset Relocation Set 0.000ms
[27.741s][info][gc,reloc    ] GC(303) y: Using tenuring threshold: 1 (Computed)
[27.741s][info][gc,phases   ] GC(303) y: Concurrent Select Relocation Set 1.051ms
[27.741s][info][gc,phases   ] GC(303) y: Pause Relocate Start 0.005ms
[27.741s][info][gc,phases   ] GC(303) y: Concurrent Relocate 0.052ms
[27.741s][info][gc,alloc    ] GC(303) y:                         Mark Start        Mark End      Relocate Start    Relocate End   
[27.741s][info][gc,alloc    ] GC(303) y: Allocation Stalls:          0                0                0                0         
[27.741s][info][gc,load     ] GC(303) y: Load: 3.08 (31%) / 3.05 (31%) / 3.15 (31%)
[27.741s][info][gc,mmu      ] GC(303) y: MMU: 2ms/99.0%, 5ms/99.5%, 10ms/99.7%, 20ms/99.7%, 50ms/99.8%, 100ms/99.9%
[27.741s][info][gc,marking  ] GC(303) y: Mark: 2 stripe(s), 2 proactive flush(es), 1 terminate flush(es), 0 completion(s), 0 continuation(s) 
[27.741s][info][gc,marking  ] GC(303) y: Mark Stack Usage: 32M
[27.741s][info][gc,nmethod  ] GC(303) y: NMethods: 1586 registered, 169 unregistered
[27.741s][info][gc,metaspace] GC(303) y: Metaspace: 9M used, 10M committed, 1088M reserved
[27.741s][info][gc,reloc    ] GC(303) y:                        Candidates     Selected     In-Place         Size        Empty    Relocated 
[27.741s][info][gc,reloc    ] GC(303) y: Small Pages:                    2            0            0           4M           2M           0M 
[27.741s][info][gc,reloc    ] GC(303) y: Medium Pages:                  28            0            0         896M         864M           0M 
[27.741s][info][gc,reloc    ] GC(303) y: Large Pages:                    0            0            0           0M           0M           0M 
[27.741s][info][gc,reloc    ] GC(303) y: Forwarding Usage: 0M
[27.742s][info][gc,reloc    ] GC(303) y: Age Table:
[27.742s][info][gc,reloc    ] GC(303) y:                    Live             Garbage             Small              Medium             Large        
[27.742s][info][gc,reloc    ] GC(303) y: Eden               0M (0%)          865M (84%)          1 / 0             27 / 0              0 / 0        
[27.742s][info][gc,reloc    ] GC(303) y: Survivor 1          -                34M (3%)           1 / 0              1 / 0              0 / 0        
[27.742s][info][gc,heap     ] GC(303) y: Min Capacity: 8M(1%)
[27.742s][info][gc,heap     ] GC(303) y: Max Capacity: 1024M(100%)
[27.742s][info][gc,heap     ] GC(303) y: Soft Max Capacity: 1024M(100%)
[27.742s][info][gc,heap     ] GC(303) y: Heap Statistics:
[27.742s][info][gc,heap     ] GC(303) y:                Mark Start          Mark End        Relocate Start      Relocate End           High               Low         
[27.742s][info][gc,heap     ] GC(303) y:  Capacity:     1024M (100%)       1024M (100%)       1024M (100%)       1024M (100%)       1024M (100%)       1024M (100%)   
[27.742s][info][gc,heap     ] GC(303) y:      Free:       84M (8%)           50M (5%)          916M (89%)         916M (89%)         916M (89%)          50M (5%)     
[27.742s][info][gc,heap     ] GC(303) y:      Used:      940M (92%)         974M (95%)         108M (11%)         108M (11%)         974M (95%)         108M (11%)    
[27.742s][info][gc,heap     ] GC(303) y: Young Generation Statistics:
[27.742s][info][gc,heap     ] GC(303) y:                Mark Start          Mark End        Relocate Start      Relocate End    
[27.742s][info][gc,heap     ] GC(303) y:      Used:      900M (88%)         934M (91%)          68M (7%)           68M (7%)     
[27.742s][info][gc,heap     ] GC(303) y:      Live:         -                 0M (0%)            0M (0%)            0M (0%)     
[27.742s][info][gc,heap     ] GC(303) y:   Garbage:         -               899M (88%)          33M (3%)           33M (3%)     
[27.742s][info][gc,heap     ] GC(303) y: Allocated:         -                34M (3%)           34M (3%)           34M (3%)     
[27.742s][info][gc,heap     ] GC(303) y: Reclaimed:         -                  -               866M (85%)         866M (85%)    
[27.742s][info][gc,heap     ] GC(303) y:  Promoted:         -                  -                 0M (0%)            0M (0%)     
[27.742s][info][gc,heap     ] GC(303) y: Compacted:         -                  -                  -                 0M (0%)     
[27.742s][info][gc,phases   ] GC(303) y: Young Generation 940M(92%)->108M(11%) 0.002s
[27.742s][info][gc          ] GC(303) Minor Collection (Allocation Rate) 940M(92%)->108M(11%) 0.003s
[27.812s][info][gc          ] GC(304) Minor Collection (Allocation Rate)
[27.812s][info][gc,task     ] GC(304) Using 3 Workers for Young Generation
[27.812s][info][gc,phases   ] GC(304) y: Young Generation
[27.812s][info][gc,phases   ] GC(304) y: Pause Mark Start 0.004ms
[27.813s][info][gc,phases   ] GC(304) y: Concurrent Mark 0.885ms
[27.813s][info][gc,phases   ] GC(304) y: Pause Mark End 0.008ms
[27.813s][info][gc,phases   ] GC(304) y: Concurrent Mark Free 0.000ms
[27.813s][info][gc,phases   ] GC(304) y: Concurrent Reset Relocation Set 0.000ms
[27.814s][info][gc,reloc    ] GC(304) y: Using tenuring threshold: 1 (Computed)
[27.814s][info][gc,phases   ] GC(304) y: Concurrent Select Relocation Set 1.049ms
[27.814s][info][gc,phases   ] GC(304) y: Pause Relocate Start 0.003ms
[27.814s][info][gc,phases   ] GC(304) y: Concurrent Relocate 0.030ms
[27.814s][info][gc,alloc    ] GC(304) y:                         Mark Start        Mark End      Relocate Start    Relocate End   
[27.814s][info][gc,alloc    ] GC(304) y: Allocation Stalls:          0                0                0                0         
[27.814s][info][gc,load     ] GC(304) y: Load: 3.08 (31%) / 3.05 (31%) / 3.15 (31%)
[27.814s][info][gc,mmu      ] GC(304) y: MMU: 2ms/99.0%, 5ms/99.5%, 10ms/99.7%, 20ms/99.7%, 50ms/99.8%, 100ms/99.9%
[27.814s][info][gc,marking  ] GC(304) y: Mark: 2 stripe(s), 2 proactive flush(es), 1 terminate flush(es), 0 completion(s), 0 continuation(s) 
[27.814s][info][gc,marking  ] GC(304) y: Mark Stack Usage: 32M
[27.814s][info][gc,nmethod  ] GC(304) y: NMethods: 1586 registered, 169 unregistered
[27.814s][info][gc,metaspace] GC(304) y: Metaspace: 9M used, 10M committed, 1088M reserved
[27.814s][info][gc,reloc    ] GC(304) y:                        Candidates     Selected     In-Place         Size        Empty    Relocated 
[27.814s][info][gc,reloc    ] GC(304) y: Small Pages:                    2            0            0           4M           2M           0M 
[27.814s][info][gc,reloc    ] GC(304) y: Medium Pages:                  28            0            0         896M         864M           0M 
[27.814s][info][gc,reloc    ] GC(304) y: Large Pages:                    0            0            0           0M           0M           0M 
[27.814s][info][gc,reloc    ] GC(304) y: Forwarding Usage: 0M
[27.814s][info][gc,reloc    ] GC(304) y: Age Table:
[27.814s][info][gc,reloc    ] GC(304) y:                    Live             Garbage             Small              Medium             Large        
[27.814s][info][gc,reloc    ] GC(304) y: Eden               0M (0%)          865M (85%)          1 / 0             27 / 0              0 / 0        
[27.814s][info][gc,reloc    ] GC(304) y: Survivor 1          -                34M (3%)           1 / 0              1 / 0              0 / 0        
[27.814s][info][gc,heap     ] GC(304) y: Min Capacity: 8M(1%)
[27.814s][info][gc,heap     ] GC(304) y: Max Capacity: 1024M(100%)
[27.814s][info][gc,heap     ] GC(304) y: Soft Max Capacity: 1024M(100%)
[27.814s][info][gc,heap     ] GC(304) y: Heap Statistics:
[27.814s][info][gc,heap     ] GC(304) y:                Mark Start          Mark End        Relocate Start      Relocate End           High               Low         
[27.814s][info][gc,heap     ] GC(304) y:  Capacity:     1024M (100%)       1024M (100%)       1024M (100%)       1024M (100%)       1024M (100%)       1024M (100%)   
[27.814s][info][gc,heap     ] GC(304) y:      Free:       84M (8%)           50M (5%)          916M (89%)         916M (89%)         916M (89%)          50M (5%)     
[27.814s][info][gc,heap     ] GC(304) y:      Used:      940M (92%)         974M (95%)         108M (11%)         108M (11%)         974M (95%)         108M (11%)    
[27.814s][info][gc,heap     ] GC(304) y: Young Generation Statistics:
[27.814s][info][gc,heap     ] GC(304) y:                Mark Start          Mark End        Relocate Start      Relocate End    
[27.814s][info][gc,heap     ] GC(304) y:      Used:      900M (88%)         934M (91%)          68M (7%)           68M (7%)     
[27.814s][info][gc,heap     ] GC(304) y:      Live:         -                 0M (0%)            0M (0%)            0M (0%)     
[27.814s][info][gc,heap     ] GC(304) y:   Garbage:         -               899M (88%)          33M (3%)           33M (3%)     
[27.814s][info][gc,heap     ] GC(304) y: Allocated:         -                34M (3%)           34M (3%)           34M (3%)     
[27.814s][info][gc,heap     ] GC(304) y: Reclaimed:         -                  -               866M (85%)         866M (85%)    
[27.814s][info][gc,heap     ] GC(304) y:  Promoted:         -                  -                 0M (0%)            0M (0%)     
[27.814s][info][gc,heap     ] GC(304) y: Compacted:         -                  -                  -                 0M (0%)     
[27.814s][info][gc,phases   ] GC(304) y: Young Generation 940M(92%)->108M(11%) 0.002s
[27.814s][info][gc          ] GC(304) Minor Collection (Allocation Rate) 940M(92%)->108M(11%) 0.002s
[27.882s][info][gc          ] GC(305) Minor Collection (Allocation Rate)
[27.882s][info][gc,task     ] GC(305) Using 2 Workers for Young Generation
[27.882s][info][gc,phases   ] GC(305) y: Young Generation
[27.882s][info][gc,phases   ] GC(305) y: Pause Mark Start 0.006ms
[27.883s][info][gc,phases   ] GC(305) y: Concurrent Mark 1.285ms
[27.883s][info][gc,phases   ] GC(305) y: Pause Mark End 0.005ms
[27.883s][info][gc,phases   ] GC(305) y: Concurrent Mark Free 0.000ms
[27.883s][info][gc,phases   ] GC(305) y: Concurrent Reset Relocation Set 0.000ms
[27.884s][info][gc,reloc    ] GC(305) y: Using tenuring threshold: 1 (Computed)
[27.884s][info][gc,phases   ] GC(305) y: Concurrent Select Relocation Set 1.024ms
[27.885s][info][gc,phases   ] GC(305) y: Pause Relocate Start 0.004ms
[27.885s][info][gc,phases   ] GC(305) y: Concurrent Relocate 0.016ms
[27.885s][info][gc,alloc    ] GC(305) y:                         Mark Start        Mark End      Relocate Start    Relocate End   
[27.885s][info][gc,alloc    ] GC(305) y: Allocation Stalls:          0                0                0                0         
[27.885s][info][gc,load     ] GC(305) y: Load: 3.08 (31%) / 3.05 (31%) / 3.15 (31%)
[27.885s][info][gc,mmu      ] GC(305) y: MMU: 2ms/99.0%, 5ms/99.5%, 10ms/99.7%, 20ms/99.7%, 50ms/99.8%, 100ms/99.9%
[27.885s][info][gc,marking  ] GC(305) y: Mark: 2 stripe(s), 2 proactive flush(es), 1 terminate flush(es), 0 completion(s), 0 continuation(s) 
[27.885s][info][gc,marking  ] GC(305) y: Mark Stack Usage: 32M
[27.885s][info][gc,nmethod  ] GC(305) y: NMethods: 1586 registered, 169 unregistered
[27.885s][info][gc,metaspace] GC(305) y: Metaspace: 9M used, 10M committed, 1088M reserved
[27.885s][info][gc,reloc    ] GC(305) y:                        Candidates     Selected     In-Place         Size        Empty    Relocated 
[27.885s][info][gc,reloc    ] GC(305) y: Small Pages:                    2            0            0           4M           2M           0M 
[27.885s][info][gc,reloc    ] GC(305) y: Medium Pages:                  27            0            0         864M         832M           0M 
[27.885s][info][gc,reloc    ] GC(305) y: Large Pages:                    0            0            0           0M           0M           0M 
[27.885s][info][gc,reloc    ] GC(305) y: Forwarding Usage: 0M
[27.885s][info][gc,reloc    ] GC(305) y: Age Table:
[27.885s][info][gc,reloc    ] GC(305) y:                    Live             Garbage             Small              Medium             Large        
[27.885s][info][gc,reloc    ] GC(305) y: Eden               0M (0%)          833M (81%)          1 / 0             26 / 0              0 / 0        
[27.885s][info][gc,reloc    ] GC(305) y: Survivor 1          -                34M (3%)           1 / 0              1 / 0              0 / 0        
[27.885s][info][gc,heap     ] GC(305) y: Min Capacity: 8M(1%)
[27.885s][info][gc,heap     ] GC(305) y: Max Capacity: 1024M(100%)
[27.885s][info][gc,heap     ] GC(305) y: Soft Max Capacity: 1024M(100%)
[27.885s][info][gc,heap     ] GC(305) y: Heap Statistics:
[27.885s][info][gc,heap     ] GC(305) y:                Mark Start          Mark End        Relocate Start      Relocate End           High               Low         
[27.885s][info][gc,heap     ] GC(305) y:  Capacity:     1024M (100%)       1024M (100%)       1024M (100%)       1024M (100%)       1024M (100%)       1024M (100%)   
[27.885s][info][gc,heap     ] GC(305) y:      Free:      116M (11%)          82M (8%)          916M (89%)         916M (89%)         916M (89%)          82M (8%)     
[27.885s][info][gc,heap     ] GC(305) y:      Used:      908M (89%)         942M (92%)         108M (11%)         108M (11%)         942M (92%)         108M (11%)    
[27.885s][info][gc,heap     ] GC(305) y: Young Generation Statistics:
[27.885s][info][gc,heap     ] GC(305) y:                Mark Start          Mark End        Relocate Start      Relocate End    
[27.885s][info][gc,heap     ] GC(305) y:      Used:      868M (85%)         902M (88%)          68M (7%)           68M (7%)     
[27.885s][info][gc,heap     ] GC(305) y:      Live:         -                 0M (0%)            0M (0%)            0M (0%)     
[27.885s][info][gc,heap     ] GC(305) y:   Garbage:         -               867M (85%)          33M (3%)           33M (3%)     
[27.885s][info][gc,heap     ] GC(305) y: Allocated:         -                34M (3%)           34M (3%)           34M (3%)     
[27.885s][info][gc,heap     ] GC(305) y: Reclaimed:         -                  -               834M (81%)         834M (81%)    
[27.885s][info][gc,heap     ] GC(305) y:  Promoted:         -                  -                 0M (0%)            0M (0%)     
[27.885s][info][gc,heap     ] GC(305) y: Compacted:         -                  -                  -                 0M (0%)     
[27.885s][info][gc,phases   ] GC(305) y: Young Generation 908M(89%)->108M(11%) 0.003s
[27.885s][info][gc          ] GC(305) Minor Collection (Allocation Rate) 908M(89%)->108M(11%) 0.003s
[27.955s][info][gc          ] GC(306) Minor Collection (Allocation Rate)
[27.955s][info][gc,task     ] GC(306) Using 3 Workers for Young Generation
[27.955s][info][gc,phases   ] GC(306) y: Young Generation
[27.955s][info][gc,phases   ] GC(306) y: Pause Mark Start 0.004ms
[27.956s][info][gc,phases   ] GC(306) y: Concurrent Mark 0.821ms
[27.956s][info][gc,phases   ] GC(306) y: Pause Mark End 0.004ms
[27.956s][info][gc,phases   ] GC(306) y: Concurrent Mark Free 0.000ms
[27.956s][info][gc,phases   ] GC(306) y: Concurrent Reset Relocation Set 0.000ms
[27.957s][info][gc,reloc    ] GC(306) y: Using tenuring threshold: 1 (Computed)
[27.957s][info][gc,phases   ] GC(306) y: Concurrent Select Relocation Set 1.068ms
[27.957s][info][gc,phases   ] GC(306) y: Pause Relocate Start 0.003ms
[27.957s][info][gc,phases   ] GC(306) y: Concurrent Relocate 0.032ms
[27.957s][info][gc,alloc    ] GC(306) y:                         Mark Start        Mark End      Relocate Start    Relocate End   
[27.957s][info][gc,alloc    ] GC(306) y: Allocation Stalls:          0                0                0                0         
[27.957s][info][gc,load     ] GC(306) y: Load: 3.08 (31%) / 3.05 (31%) / 3.15 (31%)
[27.957s][info][gc,mmu      ] GC(306) y: MMU: 2ms/99.0%, 5ms/99.5%, 10ms/99.7%, 20ms/99.7%, 50ms/99.8%, 100ms/99.9%
[27.957s][info][gc,marking  ] GC(306) y: Mark: 2 stripe(s), 2 proactive flush(es), 1 terminate flush(es), 0 completion(s), 0 continuation(s) 
[27.957s][info][gc,marking  ] GC(306) y: Mark Stack Usage: 32M
[27.957s][info][gc,nmethod  ] GC(306) y: NMethods: 1586 registered, 169 unregistered
[27.957s][info][gc,metaspace] GC(306) y: Metaspace: 9M used, 10M committed, 1088M reserved
[27.957s][info][gc,reloc    ] GC(306) y:                        Candidates     Selected     In-Place         Size        Empty    Relocated 
[27.957s][info][gc,reloc    ] GC(306) y: Small Pages:                    2            0            0           4M           2M           0M 
[27.957s][info][gc,reloc    ] GC(306) y: Medium Pages:                  28            0            0         896M         864M           0M 
[27.957s][info][gc,reloc    ] GC(306) y: Large Pages:                    0            0            0           0M           0M           0M 
[27.957s][info][gc,reloc    ] GC(306) y: Forwarding Usage: 0M
[27.957s][info][gc,reloc    ] GC(306) y: Age Table:
[27.957s][info][gc,reloc    ] GC(306) y:                    Live             Garbage             Small              Medium             Large        
[27.957s][info][gc,reloc    ] GC(306) y: Eden               0M (0%)          865M (85%)          1 / 0             27 / 0              0 / 0        
[27.957s][info][gc,reloc    ] GC(306) y: Survivor 1          -                34M (3%)           1 / 0              1 / 0              0 / 0        
[27.957s][info][gc,heap     ] GC(306) y: Min Capacity: 8M(1%)
[27.957s][info][gc,heap     ] GC(306) y: Max Capacity: 1024M(100%)
[27.957s][info][gc,heap     ] GC(306) y: Soft Max Capacity: 1024M(100%)
[27.957s][info][gc,heap     ] GC(306) y: Heap Statistics:
[27.957s][info][gc,heap     ] GC(306) y:                Mark Start          Mark End        Relocate Start      Relocate End           High               Low         
[27.957s][info][gc,heap     ] GC(306) y:  Capacity:     1024M (100%)       1024M (100%)       1024M (100%)       1024M (100%)       1024M (100%)       1024M (100%)   
[27.957s][info][gc,heap     ] GC(306) y:      Free:       84M (8%)           50M (5%)          916M (89%)         916M (89%)         916M (89%)          50M (5%)     
[27.957s][info][gc,heap     ] GC(306) y:      Used:      940M (92%)         974M (95%)         108M (11%)         108M (11%)         974M (95%)         108M (11%)    
[27.957s][info][gc,heap     ] GC(306) y: Young Generation Statistics:
[27.957s][info][gc,heap     ] GC(306) y:                Mark Start          Mark End        Relocate Start      Relocate End    
[27.957s][info][gc,heap     ] GC(306) y:      Used:      900M (88%)         934M (91%)          68M (7%)           68M (7%)     
[27.957s][info][gc,heap     ] GC(306) y:      Live:         -                 0M (0%)            0M (0%)            0M (0%)     
[27.957s][info][gc,heap     ] GC(306) y:   Garbage:         -               899M (88%)          33M (3%)           33M (3%)     
[27.957s][info][gc,heap     ] GC(306) y: Allocated:         -                34M (3%)           34M (3%)           34M (3%)     
[27.957s][info][gc,heap     ] GC(306) y: Reclaimed:         -                  -               866M (85%)         866M (85%)    
[27.957s][info][gc,heap     ] GC(306) y:  Promoted:         -                  -                 0M (0%)            0M (0%)     
[27.957s][info][gc,heap     ] GC(306) y: Compacted:         -                  -                  -                 0M (0%)     
[27.957s][info][gc,phases   ] GC(306) y: Young Generation 940M(92%)->108M(11%) 0.002s
[27.957s][info][gc          ] GC(306) Minor Collection (Allocation Rate) 940M(92%)->108M(11%) 0.002s
[28.028s][info][gc          ] GC(307) Minor Collection (Allocation Rate)
[28.028s][info][gc,task     ] GC(307) Using 3 Workers for Young Generation
[28.028s][info][gc,phases   ] GC(307) y: Young Generation
[28.028s][info][gc,phases   ] GC(307) y: Pause Mark Start 0.005ms
[28.029s][info][gc,phases   ] GC(307) y: Concurrent Mark 0.975ms
[28.029s][info][gc,phases   ] GC(307) y: Pause Mark End 0.006ms
[28.029s][info][gc,phases   ] GC(307) y: Concurrent Mark Free 0.000ms
[28.029s][info][gc,phases   ] GC(307) y: Concurrent Reset Relocation Set 0.000ms
[28.030s][info][gc,reloc    ] GC(307) y: Using tenuring threshold: 1 (Computed)
[28.030s][info][gc,phases   ] GC(307) y: Concurrent Select Relocation Set 1.034ms
[28.030s][info][gc,phases   ] GC(307) y: Pause Relocate Start 0.003ms
[28.030s][info][gc,phases   ] GC(307) y: Concurrent Relocate 0.032ms
[28.030s][info][gc,alloc    ] GC(307) y:                         Mark Start        Mark End      Relocate Start    Relocate End   
[28.030s][info][gc,alloc    ] GC(307) y: Allocation Stalls:          0                0                0                0         
[28.030s][info][gc,load     ] GC(307) y: Load: 3.08 (31%) / 3.05 (31%) / 3.15 (31%)
[28.030s][info][gc,mmu      ] GC(307) y: MMU: 2ms/99.0%, 5ms/99.5%, 10ms/99.7%, 20ms/99.7%, 50ms/99.8%, 100ms/99.9%
[28.030s][info][gc,marking  ] GC(307) y: Mark: 2 stripe(s), 2 proactive flush(es), 1 terminate flush(es), 0 completion(s), 0 continuation(s) 
[28.030s][info][gc,marking  ] GC(307) y: Mark Stack Usage: 32M
[28.030s][info][gc,nmethod  ] GC(307) y: NMethods: 1586 registered, 169 unregistered
[28.030s][info][gc,metaspace] GC(307) y: Metaspace: 9M used, 10M committed, 1088M reserved
[28.030s][info][gc,reloc    ] GC(307) y:                        Candidates     Selected     In-Place         Size        Empty    Relocated 
[28.030s][info][gc,reloc    ] GC(307) y: Small Pages:                    2            0            0           4M           2M           0M 
[28.030s][info][gc,reloc    ] GC(307) y: Medium Pages:                  28            0            0         896M         864M           0M 
[28.030s][info][gc,reloc    ] GC(307) y: Large Pages:                    0            0            0           0M           0M           0M 
[28.030s][info][gc,reloc    ] GC(307) y: Forwarding Usage: 0M
[28.030s][info][gc,reloc    ] GC(307) y: Age Table:
[28.030s][info][gc,reloc    ] GC(307) y:                    Live             Garbage             Small              Medium             Large        
[28.030s][info][gc,reloc    ] GC(307) y: Eden               0M (0%)          865M (85%)          1 / 0             27 / 0              0 / 0        
[28.030s][info][gc,reloc    ] GC(307) y: Survivor 1          -                34M (3%)           1 / 0              1 / 0              0 / 0        
[28.030s][info][gc,heap     ] GC(307) y: Min Capacity: 8M(1%)
[28.030s][info][gc,heap     ] GC(307) y: Max Capacity: 1024M(100%)
[28.030s][info][gc,heap     ] GC(307) y: Soft Max Capacity: 1024M(100%)
[28.030s][info][gc,heap     ] GC(307) y: Heap Statistics:
[28.030s][info][gc,heap     ] GC(307) y:                Mark Start          Mark End        Relocate Start      Relocate End           High               Low         
[28.030s][info][gc,heap     ] GC(307) y:  Capacity:     1024M (100%)       1024M (100%)       1024M (100%)       1024M (100%)       1024M (100%)       1024M (100%)   
[28.030s][info][gc,heap     ] GC(307) y:      Free:       84M (8%)           50M (5%)          916M (89%)         916M (89%)         916M (89%)          50M (5%)     
[28.030s][info][gc,heap     ] GC(307) y:      Used:      940M (92%)         974M (95%)         108M (11%)         108M (11%)         974M (95%)         108M (11%)    
[28.030s][info][gc,heap     ] GC(307) y: Young Generation Statistics:
[28.030s][info][gc,heap     ] GC(307) y:                Mark Start          Mark End        Relocate Start      Relocate End    
[28.030s][info][gc,heap     ] GC(307) y:      Used:      900M (88%)         934M (91%)          68M (7%)           68M (7%)     
[28.030s][info][gc,heap     ] GC(307) y:      Live:         -                 0M (0%)            0M (0%)            0M (0%)     
[28.030s][info][gc,heap     ] GC(307) y:   Garbage:         -               899M (88%)          33M (3%)           33M (3%)     
[28.030s][info][gc,heap     ] GC(307) y: Allocated:         -                34M (3%)           34M (3%)           34M (3%)     
[28.030s][info][gc,heap     ] GC(307) y: Reclaimed:         -                  -               866M (85%)         866M (85%)    
[28.030s][info][gc,heap     ] GC(307) y:  Promoted:         -                  -                 0M (0%)            0M (0%)     
[28.030s][info][gc,heap     ] GC(307) y: Compacted:         -                  -                  -                 0M (0%)     
[28.030s][info][gc,phases   ] GC(307) y: Young Generation 940M(92%)->108M(11%) 0.002s
[28.030s][info][gc          ] GC(307) Minor Collection (Allocation Rate) 940M(92%)->108M(11%) 0.003s
[28.098s][info][gc          ] GC(308) Minor Collection (Allocation Rate)
[28.098s][info][gc,task     ] GC(308) Using 2 Workers for Young Generation
[28.098s][info][gc,phases   ] GC(308) y: Young Generation
[28.098s][info][gc,phases   ] GC(308) y: Pause Mark Start 0.004ms
[28.099s][info][gc,phases   ] GC(308) y: Concurrent Mark 1.331ms
[28.099s][info][gc,phases   ] GC(308) y: Pause Mark End 0.005ms
[28.099s][info][gc,phases   ] GC(308) y: Concurrent Mark Free 0.000ms
[28.099s][info][gc,phases   ] GC(308) y: Concurrent Reset Relocation Set 0.000ms
[28.100s][info][gc,reloc    ] GC(308) y: Using tenuring threshold: 1 (Computed)
[28.100s][info][gc,phases   ] GC(308) y: Concurrent Select Relocation Set 1.037ms
[28.100s][info][gc,phases   ] GC(308) y: Pause Relocate Start 0.005ms
[28.100s][info][gc,phases   ] GC(308) y: Concurrent Relocate 0.016ms
[28.100s][info][gc,alloc    ] GC(308) y:                         Mark Start        Mark End      Relocate Start    Relocate End   
[28.100s][info][gc,alloc    ] GC(308) y: Allocation Stalls:          0                0                0                0         
[28.100s][info][gc,load     ] GC(308) y: Load: 3.08 (31%) / 3.05 (31%) / 3.15 (31%)
[28.100s][info][gc,mmu      ] GC(308) y: MMU: 2ms/99.0%, 5ms/99.5%, 10ms/99.7%, 20ms/99.7%, 50ms/99.8%, 100ms/99.9%
[28.100s][info][gc,marking  ] GC(308) y: Mark: 2 stripe(s), 2 proactive flush(es), 1 terminate flush(es), 0 completion(s), 0 continuation(s) 
[28.100s][info][gc,marking  ] GC(308) y: Mark Stack Usage: 32M
[28.100s][info][gc,nmethod  ] GC(308) y: NMethods: 1586 registered, 169 unregistered
[28.100s][info][gc,metaspace] GC(308) y: Metaspace: 9M used, 10M committed, 1088M reserved
[28.100s][info][gc,reloc    ] GC(308) y:                        Candidates     Selected     In-Place         Size        Empty    Relocated 
[28.100s][info][gc,reloc    ] GC(308) y: Small Pages:                    2            0            0           4M           2M           0M 
[28.100s][info][gc,reloc    ] GC(308) y: Medium Pages:                  27            0            0         864M         832M           0M 
[28.100s][info][gc,reloc    ] GC(308) y: Large Pages:                    0            0            0           0M           0M           0M 
[28.100s][info][gc,reloc    ] GC(308) y: Forwarding Usage: 0M
[28.100s][info][gc,reloc    ] GC(308) y: Age Table:
[28.100s][info][gc,reloc    ] GC(308) y:                    Live             Garbage             Small              Medium             Large        
[28.100s][info][gc,reloc    ] GC(308) y: Eden               0M (0%)          833M (81%)          1 / 0             26 / 0              0 / 0        
[28.100s][info][gc,reloc    ] GC(308) y: Survivor 1          -                34M (3%)           1 / 0              1 / 0              0 / 0        
[28.100s][info][gc,heap     ] GC(308) y: Min Capacity: 8M(1%)
[28.100s][info][gc,heap     ] GC(308) y: Max Capacity: 1024M(100%)
[28.100s][info][gc,heap     ] GC(308) y: Soft Max Capacity: 1024M(100%)
[28.100s][info][gc,heap     ] GC(308) y: Heap Statistics:
[28.100s][info][gc,heap     ] GC(308) y:                Mark Start          Mark End        Relocate Start      Relocate End           High               Low         
[28.100s][info][gc,heap     ] GC(308) y:  Capacity:     1024M (100%)       1024M (100%)       1024M (100%)       1024M (100%)       1024M (100%)       1024M (100%)   
[28.100s][info][gc,heap     ] GC(308) y:      Free:      116M (11%)          82M (8%)          916M (89%)         916M (89%)         916M (89%)          82M (8%)     
[28.100s][info][gc,heap     ] GC(308) y:      Used:      908M (89%)         942M (92%)         108M (11%)         108M (11%)         942M (92%)         108M (11%)    
[28.100s][info][gc,heap     ] GC(308) y: Young Generation Statistics:
[28.100s][info][gc,heap     ] GC(308) y:                Mark Start          Mark End        Relocate Start      Relocate End    
[28.100s][info][gc,heap     ] GC(308) y:      Used:      868M (85%)         902M (88%)          68M (7%)           68M (7%)     
[28.100s][info][gc,heap     ] GC(308) y:      Live:         -                 0M (0%)            0M (0%)            0M (0%)     
[28.100s][info][gc,heap     ] GC(308) y:   Garbage:         -               867M (85%)          33M (3%)           33M (3%)     
[28.100s][info][gc,heap     ] GC(308) y: Allocated:         -                34M (3%)           34M (3%)           34M (3%)     
[28.100s][info][gc,heap     ] GC(308) y: Reclaimed:         -                  -               834M (81%)         834M (81%)    
[28.100s][info][gc,heap     ] GC(308) y:  Promoted:         -                  -                 0M (0%)            0M (0%)     
[28.100s][info][gc,heap     ] GC(308) y: Compacted:         -                  -                  -                 0M (0%)     
[28.100s][info][gc,phases   ] GC(308) y: Young Generation 908M(89%)->108M(11%) 0.003s
[28.100s][info][gc          ] GC(308) Minor Collection (Allocation Rate) 908M(89%)->108M(11%) 0.003s
[28.123s][info][gc          ] GC(309) Major Collection (Proactive)
[28.123s][info][gc,task     ] GC(309) Using 1 Workers for Young Generation
[28.123s][info][gc,task     ] GC(309) Using 1 Workers for Old Generation
[28.123s][info][gc,phases   ] GC(309) Y: Young Generation
[28.123s][info][gc,phases   ] GC(309) Y: Pause Mark Start (Major) 0.005ms
[28.125s][info][gc,phases   ] GC(309) Y: Concurrent Mark 1.783ms
[28.125s][info][gc,phases   ] GC(309) Y: Pause Mark End 0.005ms
[28.125s][info][gc,phases   ] GC(309) Y: Concurrent Mark Free 0.000ms
[28.125s][info][gc,phases   ] GC(309) Y: Concurrent Reset Relocation Set 0.000ms
[28.126s][info][gc,reloc    ] GC(309) Y: Using tenuring threshold: 1 (Computed)
[28.126s][info][gc,phases   ] GC(309) Y: Concurrent Select Relocation Set 1.019ms
[28.126s][info][gc,phases   ] GC(309) Y: Pause Relocate Start 0.004ms
[28.126s][info][gc,phases   ] GC(309) Y: Concurrent Relocate 0.013ms
[28.126s][info][gc,alloc    ] GC(309) Y:                         Mark Start        Mark End      Relocate Start    Relocate End   
[28.126s][info][gc,alloc    ] GC(309) Y: Allocation Stalls:          0                0                0                0         
[28.126s][info][gc,load     ] GC(309) Y: Load: 3.08 (31%) / 3.05 (31%) / 3.15 (31%)
[28.126s][info][gc,mmu      ] GC(309) Y: MMU: 2ms/99.0%, 5ms/99.5%, 10ms/99.7%, 20ms/99.7%, 50ms/99.8%, 100ms/99.9%
[28.126s][info][gc,marking  ] GC(309) Y: Mark: 1 stripe(s), 2 proactive flush(es), 1 terminate flush(es), 0 completion(s), 0 continuation(s) 
[28.126s][info][gc,marking  ] GC(309) Y: Mark Stack Usage: 32M
[28.126s][info][gc,nmethod  ] GC(309) Y: NMethods: 1586 registered, 169 unregistered
[28.126s][info][gc,metaspace] GC(309) Y: Metaspace: 9M used, 10M committed, 1088M reserved
[28.126s][info][gc,reloc    ] GC(309) Y:                        Candidates     Selected     In-Place         Size        Empty    Relocated 
[28.126s][info][gc,reloc    ] GC(309) Y: Small Pages:                    2            0            0           4M           2M           0M 
[28.126s][info][gc,reloc    ] GC(309) Y: Medium Pages:                  11            0            0         352M         320M           0M 
[28.126s][info][gc,reloc    ] GC(309) Y: Large Pages:                    0            0            0           0M           0M           0M 
[28.126s][info][gc,reloc    ] GC(309) Y: Forwarding Usage: 0M
[28.126s][info][gc,reloc    ] GC(309) Y: Age Table:
[28.126s][info][gc,reloc    ] GC(309) Y:                    Live             Garbage             Small              Medium             Large        
[28.127s][info][gc,reloc    ] GC(309) Y: Eden               0M (0%)          321M (31%)          1 / 0             10 / 0              0 / 0        
[28.127s][info][gc,reloc    ] GC(309) Y: Survivor 1          -                34M (3%)           1 / 0              1 / 0              0 / 0        
[28.127s][info][gc,heap     ] GC(309) Y: Min Capacity: 8M(1%)
[28.127s][info][gc,heap     ] GC(309) Y: Max Capacity: 1024M(100%)
[28.127s][info][gc,heap     ] GC(309) Y: Soft Max Capacity: 1024M(100%)
[28.127s][info][gc,heap     ] GC(309) Y: Heap Statistics:
[28.127s][info][gc,heap     ] GC(309) Y:                Mark Start          Mark End        Relocate Start      Relocate End           High               Low         
[28.127s][info][gc,heap     ] GC(309) Y:  Capacity:     1024M (100%)       1024M (100%)       1024M (100%)       1024M (100%)       1024M (100%)       1024M (100%)   
[28.127s][info][gc,heap     ] GC(309) Y:      Free:      628M (61%)         594M (58%)         916M (89%)         916M (89%)         916M (89%)         594M (58%)    
[28.127s][info][gc,heap     ] GC(309) Y:      Used:      396M (39%)         430M (42%)         108M (11%)         108M (11%)         430M (42%)         108M (11%)    
[28.127s][info][gc,heap     ] GC(309) Y: Young Generation Statistics:
[28.127s][info][gc,heap     ] GC(309) Y:                Mark Start          Mark End        Relocate Start      Relocate End    
[28.127s][info][gc,heap     ] GC(309) Y:      Used:      356M (35%)         390M (38%)          68M (7%)           68M (7%)     
[28.127s][info][gc,heap     ] GC(309) Y:      Live:         -                 0M (0%)            0M (0%)            0M (0%)     
[28.127s][info][gc,heap     ] GC(309) Y:   Garbage:         -               355M (35%)          33M (3%)           33M (3%)     
[28.127s][info][gc,heap     ] GC(309) Y: Allocated:         -                34M (3%)           34M (3%)           34M (3%)     
[28.127s][info][gc,heap     ] GC(309) Y: Reclaimed:         -                  -               322M (31%)         322M (31%)    
[28.127s][info][gc,heap     ] GC(309) Y:  Promoted:         -                  -                 0M (0%)            0M (0%)     
[28.127s][info][gc,heap     ] GC(309) Y: Compacted:         -                  -                  -                 0M (0%)     
[28.127s][info][gc,phases   ] GC(309) Y: Young Generation 396M(39%)->108M(11%) 0.003s
[28.127s][info][gc,phases   ] GC(309) O: Old Generation
[28.131s][info][gc,phases   ] GC(309) O: Concurrent Mark 4.314ms
[28.131s][info][gc,phases   ] GC(309) O: Pause Mark End 0.007ms
[28.131s][info][gc,phases   ] GC(309) O: Concurrent Mark Free 0.000ms
[28.134s][info][gc,phases   ] GC(309) O: Concurrent Process Non-Strong 3.061ms
[28.134s][info][gc,phases   ] GC(309) O: Concurrent Reset Relocation Set 0.001ms
[28.135s][info][gc,phases   ] GC(309) O: Concurrent Select Relocation Set 1.004ms
[28.135s][info][gc,task     ] GC(309) O: Using 2 Workers for Old Generation
[28.140s][info][gc,task     ] GC(309) O: Using 1 Workers for Old Generation
[28.140s][info][gc,phases   ] GC(309) O: Concurrent Remap Roots 4.455ms
[28.140s][info][gc,phases   ] GC(309) O: Pause Relocate Start 0.006ms
[28.140s][info][gc,phases   ] GC(309) O: Concurrent Relocate 0.706ms
[28.140s][info][gc,alloc    ] GC(309) O:                         Mark Start        Mark End      Relocate Start    Relocate End   
[28.140s][info][gc,alloc    ] GC(309) O: Allocation Stalls:          0                0                0                0         
[28.140s][info][gc,load     ] GC(309) O: Load: 3.08 (31%) / 3.05 (31%) / 3.15 (31%)
[28.140s][info][gc,mmu      ] GC(309) O: MMU: 2ms/99.0%, 5ms/99.5%, 10ms/99.7%, 20ms/99.7%, 50ms/99.8%, 100ms/99.9%
[28.140s][info][gc,marking  ] GC(309) O: Mark: 1 stripe(s), 2 proactive flush(es), 1 terminate flush(es), 0 completion(s), 0 continuation(s) 
[28.140s][info][gc,marking  ] GC(309) O: Mark Stack Usage: 32M
[28.140s][info][gc,nmethod  ] GC(309) O: NMethods: 1586 registered, 169 unregistered
[28.140s][info][gc,metaspace] GC(309) O: Metaspace: 9M used, 10M committed, 1088M reserved
[28.140s][info][gc,ref      ] GC(309) O:                       Encountered   Discovered     Enqueued 
[28.140s][info][gc,ref      ] GC(309) O: Soft References:              372            0            0 
[28.140s][info][gc,ref      ] GC(309) O: Weak References:             1110          834            0 
[28.140s][info][gc,ref      ] GC(309) O: Final References:             880          270            0 
[28.140s][info][gc,ref      ] GC(309) O: Phantom References:            32            2            0 
[28.140s][info][gc,reloc    ] GC(309) O:                        Candidates     Selected     In-Place         Size        Empty    Relocated 
[28.140s][info][gc,reloc    ] GC(309) O: Small Pages:                    4            1            0           8M           0M           1M 
[28.140s][info][gc,reloc    ] GC(309) O: Medium Pages:                   1            0            0          32M           0M           0M 
[28.140s][info][gc,reloc    ] GC(309) O: Large Pages:                    0            0            0           0M           0M           0M 
[28.140s][info][gc,reloc    ] GC(309) O: Forwarding Usage: 0M
[28.140s][info][gc,heap     ] GC(309) O: Min Capacity: 8M(1%)
[28.140s][info][gc,heap     ] GC(309) O: Max Capacity: 1024M(100%)
[28.140s][info][gc,heap     ] GC(309) O: Soft Max Capacity: 1024M(100%)
[28.140s][info][gc,heap     ] GC(309) O: Heap Statistics:
[28.140s][info][gc,heap     ] GC(309) O:                Mark Start          Mark End        Relocate Start      Relocate End           High               Low         
[28.140s][info][gc,heap     ] GC(309) O:  Capacity:     1024M (100%)       1024M (100%)       1024M (100%)       1024M (100%)       1024M (100%)       1024M (100%)   
[28.140s][info][gc,heap     ] GC(309) O:      Free:      628M (61%)         852M (83%)         756M (74%)         756M (74%)         916M (89%)         594M (58%)    
[28.140s][info][gc,heap     ] GC(309) O:      Used:      396M (39%)         172M (17%)         268M (26%)         268M (26%)         430M (42%)         108M (11%)    
[28.140s][info][gc,heap     ] GC(309) O: Old Generation Statistics:
[28.140s][info][gc,heap     ] GC(309) O:                Mark Start          Mark End        Relocate Start      Relocate End    
[28.140s][info][gc,heap     ] GC(309) O:      Used:       40M (4%)           40M (4%)           40M (4%)           40M (4%)     
[28.140s][info][gc,heap     ] GC(309) O:      Live:         -                 4M (0%)            4M (0%)            4M (0%)     
[28.141s][info][gc,heap     ] GC(309) O:   Garbage:         -                35M (3%)           35M (3%)           32M (3%)     
[28.141s][info][gc,heap     ] GC(309) O: Allocated:         -                 0M (0%)            0M (0%)            2M (0%)     
[28.141s][info][gc,heap     ] GC(309) O: Reclaimed:         -                  -                 0M (0%)            2M (0%)     
[28.141s][info][gc,heap     ] GC(309) O: Compacted:         -                  -                  -                 1M (0%)     
[28.141s][info][gc,phases   ] GC(309) O: Old Generation 108M(11%)->268M(26%) 0.014s
[28.141s][info][gc          ] GC(309) Major Collection (Proactive) 396M(39%)->268M(26%) 0.017s
[28.194s][info][gc          ] GC(310) Minor Collection (Allocation Rate)
[28.194s][info][gc,task     ] GC(310) Using 2 Workers for Young Generation
[28.194s][info][gc,phases   ] GC(310) y: Young Generation
[28.194s][info][gc,phases   ] GC(310) y: Pause Mark Start 0.004ms
[28.196s][info][gc,phases   ] GC(310) y: Concurrent Mark 1.351ms
[28.196s][info][gc,phases   ] GC(310) y: Pause Mark End 0.006ms
[28.196s][info][gc,phases   ] GC(310) y: Concurrent Mark Free 0.000ms
[28.196s][info][gc,phases   ] GC(310) y: Concurrent Reset Relocation Set 0.004ms
[28.197s][info][gc,reloc    ] GC(310) y: Using tenuring threshold: 1 (Computed)
[28.197s][info][gc,phases   ] GC(310) y: Concurrent Select Relocation Set 1.067ms
[28.197s][info][gc,phases   ] GC(310) y: Pause Relocate Start 0.005ms
[28.197s][info][gc,phases   ] GC(310) y: Concurrent Relocate 0.018ms
[28.197s][info][gc,alloc    ] GC(310) y:                         Mark Start        Mark End      Relocate Start    Relocate End   
[28.197s][info][gc,alloc    ] GC(310) y: Allocation Stalls:          0                0                0                0         
[28.197s][info][gc,load     ] GC(310) y: Load: 3.08 (31%) / 3.05 (31%) / 3.15 (31%)
[28.197s][info][gc,mmu      ] GC(310) y: MMU: 2ms/99.0%, 5ms/99.5%, 10ms/99.7%, 20ms/99.7%, 50ms/99.8%, 100ms/99.9%
[28.197s][info][gc,marking  ] GC(310) y: Mark: 2 stripe(s), 2 proactive flush(es), 1 terminate flush(es), 0 completion(s), 0 continuation(s) 
[28.197s][info][gc,marking  ] GC(310) y: Mark Stack Usage: 32M
[28.197s][info][gc,nmethod  ] GC(310) y: NMethods: 1586 registered, 169 unregistered
[28.197s][info][gc,metaspace] GC(310) y: Metaspace: 9M used, 10M committed, 1088M reserved
[28.197s][info][gc,reloc    ] GC(310) y:                        Candidates     Selected     In-Place         Size        Empty    Relocated 
[28.197s][info][gc,reloc    ] GC(310) y: Small Pages:                    2            0            0           4M           2M           0M 
[28.197s][info][gc,reloc    ] GC(310) y: Medium Pages:                  27            0            0         864M         832M           0M 
[28.197s][info][gc,reloc    ] GC(310) y: Large Pages:                    0            0            0           0M           0M           0M 
[28.197s][info][gc,reloc    ] GC(310) y: Forwarding Usage: 0M
[28.197s][info][gc,reloc    ] GC(310) y: Age Table:
[28.197s][info][gc,reloc    ] GC(310) y:                    Live             Garbage             Small              Medium             Large        
[28.197s][info][gc,reloc    ] GC(310) y: Eden               0M (0%)          833M (81%)          1 / 0             26 / 0              0 / 0        
[28.197s][info][gc,reloc    ] GC(310) y: Survivor 1          -                34M (3%)           1 / 0              1 / 0              0 / 0        
[28.197s][info][gc,heap     ] GC(310) y: Min Capacity: 8M(1%)
[28.197s][info][gc,heap     ] GC(310) y: Max Capacity: 1024M(100%)
[28.197s][info][gc,heap     ] GC(310) y: Soft Max Capacity: 1024M(100%)
[28.197s][info][gc,heap     ] GC(310) y: Heap Statistics:
[28.197s][info][gc,heap     ] GC(310) y:                Mark Start          Mark End        Relocate Start      Relocate End           High               Low         
[28.197s][info][gc,heap     ] GC(310) y:  Capacity:     1024M (100%)       1024M (100%)       1024M (100%)       1024M (100%)       1024M (100%)       1024M (100%)   
[28.197s][info][gc,heap     ] GC(310) y:      Free:      116M (11%)          82M (8%)          916M (89%)         916M (89%)         916M (89%)          82M (8%)     
[28.197s][info][gc,heap     ] GC(310) y:      Used:      908M (89%)         942M (92%)         108M (11%)         108M (11%)         942M (92%)         108M (11%)    
[28.197s][info][gc,heap     ] GC(310) y: Young Generation Statistics:
[28.197s][info][gc,heap     ] GC(310) y:                Mark Start          Mark End        Relocate Start      Relocate End    
[28.197s][info][gc,heap     ] GC(310) y:      Used:      868M (85%)         902M (88%)          68M (7%)           68M (7%)     
[28.197s][info][gc,heap     ] GC(310) y:      Live:         -                 0M (0%)            0M (0%)            0M (0%)     
[28.197s][info][gc,heap     ] GC(310) y:   Garbage:         -               867M (85%)          33M (3%)           33M (3%)     
[28.197s][info][gc,heap     ] GC(310) y: Allocated:         -                34M (3%)           34M (3%)           34M (3%)     
[28.197s][info][gc,heap     ] GC(310) y: Reclaimed:         -                  -               834M (81%)         834M (81%)    
[28.197s][info][gc,heap     ] GC(310) y:  Promoted:         -                  -                 0M (0%)            0M (0%)     
[28.197s][info][gc,heap     ] GC(310) y: Compacted:         -                  -                  -                 0M (0%)     
[28.197s][info][gc,phases   ] GC(310) y: Young Generation 908M(89%)->108M(11%) 0.003s
[28.197s][info][gc          ] GC(310) Minor Collection (Allocation Rate) 908M(89%)->108M(11%) 0.003s
[28.268s][info][gc          ] GC(311) Minor Collection (Allocation Rate)
[28.268s][info][gc,task     ] GC(311) Using 3 Workers for Young Generation
[28.268s][info][gc,phases   ] GC(311) y: Young Generation
[28.268s][info][gc,phases   ] GC(311) y: Pause Mark Start 0.007ms
[28.269s][info][gc,phases   ] GC(311) y: Concurrent Mark 0.946ms
[28.269s][info][gc,phases   ] GC(311) y: Pause Mark End 0.005ms
[28.269s][info][gc,phases   ] GC(311) y: Concurrent Mark Free 0.000ms
[28.269s][info][gc,phases   ] GC(311) y: Concurrent Reset Relocation Set 0.000ms
[28.270s][info][gc,reloc    ] GC(311) y: Using tenuring threshold: 1 (Computed)
[28.270s][info][gc,phases   ] GC(311) y: Concurrent Select Relocation Set 1.068ms
[28.270s][info][gc,phases   ] GC(311) y: Pause Relocate Start 0.004ms
[28.271s][info][gc,phases   ] GC(311) y: Concurrent Relocate 0.053ms
[28.271s][info][gc,alloc    ] GC(311) y:                         Mark Start        Mark End      Relocate Start    Relocate End   
[28.271s][info][gc,alloc    ] GC(311) y: Allocation Stalls:          0                0                0                0         
[28.271s][info][gc,load     ] GC(311) y: Load: 3.08 (31%) / 3.05 (31%) / 3.15 (31%)
[28.271s][info][gc,mmu      ] GC(311) y: MMU: 2ms/99.0%, 5ms/99.5%, 10ms/99.7%, 20ms/99.7%, 50ms/99.8%, 100ms/99.9%
[28.271s][info][gc,marking  ] GC(311) y: Mark: 2 stripe(s), 2 proactive flush(es), 1 terminate flush(es), 0 completion(s), 0 continuation(s) 
[28.271s][info][gc,marking  ] GC(311) y: Mark Stack Usage: 32M
[28.271s][info][gc,nmethod  ] GC(311) y: NMethods: 1586 registered, 169 unregistered
[28.271s][info][gc,metaspace] GC(311) y: Metaspace: 9M used, 10M committed, 1088M reserved
[28.271s][info][gc,reloc    ] GC(311) y:                        Candidates     Selected     In-Place         Size        Empty    Relocated 
[28.271s][info][gc,reloc    ] GC(311) y: Small Pages:                    2            0            0           4M           2M           0M 
[28.271s][info][gc,reloc    ] GC(311) y: Medium Pages:                  28            0            0         896M         864M           0M 
[28.271s][info][gc,reloc    ] GC(311) y: Large Pages:                    0            0            0           0M           0M           0M 
[28.271s][info][gc,reloc    ] GC(311) y: Forwarding Usage: 0M
[28.271s][info][gc,reloc    ] GC(311) y: Age Table:
[28.271s][info][gc,reloc    ] GC(311) y:                    Live             Garbage             Small              Medium             Large        
[28.271s][info][gc,reloc    ] GC(311) y: Eden               0M (0%)          865M (85%)          1 / 0             27 / 0              0 / 0        
[28.271s][info][gc,reloc    ] GC(311) y: Survivor 1          -                34M (3%)           1 / 0              1 / 0              0 / 0        
[28.271s][info][gc,heap     ] GC(311) y: Min Capacity: 8M(1%)
[28.271s][info][gc,heap     ] GC(311) y: Max Capacity: 1024M(100%)
[28.271s][info][gc,heap     ] GC(311) y: Soft Max Capacity: 1024M(100%)
[28.271s][info][gc,heap     ] GC(311) y: Heap Statistics:
[28.271s][info][gc,heap     ] GC(311) y:                Mark Start          Mark End        Relocate Start      Relocate End           High               Low         
[28.271s][info][gc,heap     ] GC(311) y:  Capacity:     1024M (100%)       1024M (100%)       1024M (100%)       1024M (100%)       1024M (100%)       1024M (100%)   
[28.271s][info][gc,heap     ] GC(311) y:      Free:       84M (8%)           50M (5%)          916M (89%)         916M (89%)         916M (89%)          50M (5%)     
[28.271s][info][gc,heap     ] GC(311) y:      Used:      940M (92%)         974M (95%)         108M (11%)         108M (11%)         974M (95%)         108M (11%)    
[28.271s][info][gc,heap     ] GC(311) y: Young Generation Statistics:
[28.271s][info][gc,heap     ] GC(311) y:                Mark Start          Mark End        Relocate Start      Relocate End    
[28.271s][info][gc,heap     ] GC(311) y:      Used:      900M (88%)         934M (91%)          68M (7%)           68M (7%)     
[28.271s][info][gc,heap     ] GC(311) y:      Live:         -                 0M (0%)            0M (0%)            0M (0%)     
[28.271s][info][gc,heap     ] GC(311) y:   Garbage:         -               899M (88%)          33M (3%)           33M (3%)     
[28.271s][info][gc,heap     ] GC(311) y: Allocated:         -                34M (3%)           34M (3%)           34M (3%)     
[28.271s][info][gc,heap     ] GC(311) y: Reclaimed:         -                  -               866M (85%)         866M (85%)    
[28.271s][info][gc,heap     ] GC(311) y:  Promoted:         -                  -                 0M (0%)            0M (0%)     
[28.271s][info][gc,heap     ] GC(311) y: Compacted:         -                  -                  -                 0M (0%)     
[28.271s][info][gc,phases   ] GC(311) y: Young Generation 940M(92%)->108M(11%) 0.002s
[28.271s][info][gc          ] GC(311) Minor Collection (Allocation Rate) 940M(92%)->108M(11%) 0.003s
[28.341s][info][gc          ] GC(312) Minor Collection (Allocation Rate)
[28.341s][info][gc,task     ] GC(312) Using 3 Workers for Young Generation
[28.341s][info][gc,phases   ] GC(312) y: Young Generation
[28.341s][info][gc,phases   ] GC(312) y: Pause Mark Start 0.008ms
[28.342s][info][gc,phases   ] GC(312) y: Concurrent Mark 0.971ms
[28.342s][info][gc,phases   ] GC(312) y: Pause Mark End 0.004ms
[28.342s][info][gc,phases   ] GC(312) y: Concurrent Mark Free 0.000ms
[28.342s][info][gc,phases   ] GC(312) y: Concurrent Reset Relocation Set 0.003ms
[28.343s][info][gc,reloc    ] GC(312) y: Using tenuring threshold: 1 (Computed)
[28.343s][info][gc,phases   ] GC(312) y: Concurrent Select Relocation Set 1.071ms
[28.344s][info][gc,phases   ] GC(312) y: Pause Relocate Start 0.004ms
[28.344s][info][gc,phases   ] GC(312) y: Concurrent Relocate 0.048ms
[28.344s][info][gc,alloc    ] GC(312) y:                         Mark Start        Mark End      Relocate Start    Relocate End   
[28.344s][info][gc,alloc    ] GC(312) y: Allocation Stalls:          0                0                0                0         
[28.344s][info][gc,load     ] GC(312) y: Load: 3.08 (31%) / 3.05 (31%) / 3.15 (31%)
[28.344s][info][gc,mmu      ] GC(312) y: MMU: 2ms/99.0%, 5ms/99.5%, 10ms/99.7%, 20ms/99.7%, 50ms/99.8%, 100ms/99.9%
[28.344s][info][gc,marking  ] GC(312) y: Mark: 2 stripe(s), 2 proactive flush(es), 1 terminate flush(es), 0 completion(s), 0 continuation(s) 
[28.344s][info][gc,marking  ] GC(312) y: Mark Stack Usage: 32M
[28.344s][info][gc,nmethod  ] GC(312) y: NMethods: 1588 registered, 169 unregistered
[28.344s][info][gc,metaspace] GC(312) y: Metaspace: 9M used, 10M committed, 1088M reserved
[28.344s][info][gc,reloc    ] GC(312) y:                        Candidates     Selected     In-Place         Size        Empty    Relocated 
[28.344s][info][gc,reloc    ] GC(312) y: Small Pages:                    2            0            0           4M           2M           0M 
[28.344s][info][gc,reloc    ] GC(312) y: Medium Pages:                  28            0            0         896M         864M           0M 
[28.344s][info][gc,reloc    ] GC(312) y: Large Pages:                    0            0            0           0M           0M           0M 
[28.344s][info][gc,reloc    ] GC(312) y: Forwarding Usage: 0M
[28.344s][info][gc,reloc    ] GC(312) y: Age Table:
[28.344s][info][gc,reloc    ] GC(312) y:                    Live             Garbage             Small              Medium             Large        
[28.344s][info][gc,reloc    ] GC(312) y: Eden               0M (0%)          865M (84%)          1 / 0             27 / 0              0 / 0        
[28.344s][info][gc,reloc    ] GC(312) y: Survivor 1          -                34M (3%)           1 / 0              1 / 0              0 / 0        
[28.344s][info][gc,heap     ] GC(312) y: Min Capacity: 8M(1%)
[28.344s][info][gc,heap     ] GC(312) y: Max Capacity: 1024M(100%)
[28.344s][info][gc,heap     ] GC(312) y: Soft Max Capacity: 1024M(100%)
[28.344s][info][gc,heap     ] GC(312) y: Heap Statistics:
[28.344s][info][gc,heap     ] GC(312) y:                Mark Start          Mark End        Relocate Start      Relocate End           High               Low         
[28.344s][info][gc,heap     ] GC(312) y:  Capacity:     1024M (100%)       1024M (100%)       1024M (100%)       1024M (100%)       1024M (100%)       1024M (100%)   
[28.344s][info][gc,heap     ] GC(312) y:      Free:       84M (8%)           50M (5%)          916M (89%)         916M (89%)         916M (89%)          50M (5%)     
[28.344s][info][gc,heap     ] GC(312) y:      Used:      940M (92%)         974M (95%)         108M (11%)         108M (11%)         974M (95%)         108M (11%)    
[28.344s][info][gc,heap     ] GC(312) y: Young Generation Statistics:
[28.344s][info][gc,heap     ] GC(312) y:                Mark Start          Mark End        Relocate Start      Relocate End    
[28.344s][info][gc,heap     ] GC(312) y:      Used:      900M (88%)         934M (91%)          68M (7%)           68M (7%)     
[28.344s][info][gc,heap     ] GC(312) y:      Live:         -                 0M (0%)            0M (0%)            0M (0%)     
[28.344s][info][gc,heap     ] GC(312) y:   Garbage:         -               899M (88%)          33M (3%)           33M (3%)     
[28.344s][info][gc,heap     ] GC(312) y: Allocated:         -                34M (3%)           34M (3%)           34M (3%)     
[28.344s][info][gc,heap     ] GC(312) y: Reclaimed:         -                  -               866M (85%)         866M (85%)    
[28.344s][info][gc,heap     ] GC(312) y:  Promoted:         -                  -                 0M (0%)            0M (0%)     
[28.344s][info][gc,heap     ] GC(312) y: Compacted:         -                  -                  -                 0M (0%)     
[28.344s][info][gc,phases   ] GC(312) y: Young Generation 940M(92%)->108M(11%) 0.002s
[28.344s][info][gc          ] GC(312) Minor Collection (Allocation Rate) 940M(92%)->108M(11%) 0.003s
[28.411s][info][gc          ] GC(313) Minor Collection (Allocation Rate)
[28.411s][info][gc,task     ] GC(313) Using 2 Workers for Young Generation
[28.411s][info][gc,phases   ] GC(313) y: Young Generation
[28.411s][info][gc,phases   ] GC(313) y: Pause Mark Start 0.004ms
[28.413s][info][gc,phases   ] GC(313) y: Concurrent Mark 1.350ms
[28.413s][info][gc,phases   ] GC(313) y: Pause Mark End 0.005ms
[28.413s][info][gc,phases   ] GC(313) y: Concurrent Mark Free 0.000ms
[28.413s][info][gc,phases   ] GC(313) y: Concurrent Reset Relocation Set 0.000ms
[28.414s][info][gc,reloc    ] GC(313) y: Using tenuring threshold: 1 (Computed)
[28.414s][info][gc,phases   ] GC(313) y: Concurrent Select Relocation Set 1.030ms
[28.414s][info][gc,phases   ] GC(313) y: Pause Relocate Start 0.003ms
[28.414s][info][gc,phases   ] GC(313) y: Concurrent Relocate 0.017ms
[28.414s][info][gc,alloc    ] GC(313) y:                         Mark Start        Mark End      Relocate Start    Relocate End   
[28.414s][info][gc,alloc    ] GC(313) y: Allocation Stalls:          0                0                0                0         
[28.414s][info][gc,load     ] GC(313) y: Load: 3.08 (31%) / 3.05 (31%) / 3.15 (31%)
[28.414s][info][gc,mmu      ] GC(313) y: MMU: 2ms/99.0%, 5ms/99.5%, 10ms/99.7%, 20ms/99.7%, 50ms/99.8%, 100ms/99.9%
[28.414s][info][gc,marking  ] GC(313) y: Mark: 2 stripe(s), 2 proactive flush(es), 1 terminate flush(es), 0 completion(s), 0 continuation(s) 
[28.414s][info][gc,marking  ] GC(313) y: Mark Stack Usage: 32M
[28.414s][info][gc,nmethod  ] GC(313) y: NMethods: 1588 registered, 169 unregistered
[28.414s][info][gc,metaspace] GC(313) y: Metaspace: 9M used, 10M committed, 1088M reserved
[28.414s][info][gc,reloc    ] GC(313) y:                        Candidates     Selected     In-Place         Size        Empty    Relocated 
[28.414s][info][gc,reloc    ] GC(313) y: Small Pages:                    2            0            0           4M           2M           0M 
[28.414s][info][gc,reloc    ] GC(313) y: Medium Pages:                  27            0            0         864M         832M           0M 
[28.414s][info][gc,reloc    ] GC(313) y: Large Pages:                    0            0            0           0M           0M           0M 
[28.414s][info][gc,reloc    ] GC(313) y: Forwarding Usage: 0M
[28.414s][info][gc,reloc    ] GC(313) y: Age Table:
[28.414s][info][gc,reloc    ] GC(313) y:                    Live             Garbage             Small              Medium             Large        
[28.414s][info][gc,reloc    ] GC(313) y: Eden               0M (0%)          833M (81%)          1 / 0             26 / 0              0 / 0        
[28.414s][info][gc,reloc    ] GC(313) y: Survivor 1          -                34M (3%)           1 / 0              1 / 0              0 / 0        
[28.414s][info][gc,heap     ] GC(313) y: Min Capacity: 8M(1%)
[28.414s][info][gc,heap     ] GC(313) y: Max Capacity: 1024M(100%)
[28.414s][info][gc,heap     ] GC(313) y: Soft Max Capacity: 1024M(100%)
[28.414s][info][gc,heap     ] GC(313) y: Heap Statistics:
[28.414s][info][gc,heap     ] GC(313) y:                Mark Start          Mark End        Relocate Start      Relocate End           High               Low         
[28.414s][info][gc,heap     ] GC(313) y:  Capacity:     1024M (100%)       1024M (100%)       1024M (100%)       1024M (100%)       1024M (100%)       1024M (100%)   
[28.414s][info][gc,heap     ] GC(313) y:      Free:      116M (11%)          82M (8%)          916M (89%)         916M (89%)         916M (89%)          82M (8%)     
[28.414s][info][gc,heap     ] GC(313) y:      Used:      908M (89%)         942M (92%)         108M (11%)         108M (11%)         942M (92%)         108M (11%)    
[28.414s][info][gc,heap     ] GC(313) y: Young Generation Statistics:
[28.414s][info][gc,heap     ] GC(313) y:                Mark Start          Mark End        Relocate Start      Relocate End    
[28.414s][info][gc,heap     ] GC(313) y:      Used:      868M (85%)         902M (88%)          68M (7%)           68M (7%)     
[28.414s][info][gc,heap     ] GC(313) y:      Live:         -                 0M (0%)            0M (0%)            0M (0%)     
[28.414s][info][gc,heap     ] GC(313) y:   Garbage:         -               867M (85%)          33M (3%)           33M (3%)     
[28.414s][info][gc,heap     ] GC(313) y: Allocated:         -                34M (3%)           34M (3%)           34M (3%)     
[28.414s][info][gc,heap     ] GC(313) y: Reclaimed:         -                  -               834M (81%)         834M (81%)    
[28.414s][info][gc,heap     ] GC(313) y:  Promoted:         -                  -                 0M (0%)            0M (0%)     
[28.414s][info][gc,heap     ] GC(313) y: Compacted:         -                  -                  -                 0M (0%)     
[28.414s][info][gc,phases   ] GC(313) y: Young Generation 908M(89%)->108M(11%) 0.003s
[28.414s][info][gc          ] GC(313) Minor Collection (Allocation Rate) 908M(89%)->108M(11%) 0.003s
[28.481s][info][gc          ] GC(314) Minor Collection (Allocation Rate)
[28.481s][info][gc,task     ] GC(314) Using 2 Workers for Young Generation
[28.481s][info][gc,phases   ] GC(314) y: Young Generation
[28.482s][info][gc,phases   ] GC(314) y: Pause Mark Start 0.004ms
[28.483s][info][gc,phases   ] GC(314) y: Concurrent Mark 1.291ms
[28.483s][info][gc,phases   ] GC(314) y: Pause Mark End 0.005ms
[28.483s][info][gc,phases   ] GC(314) y: Concurrent Mark Free 0.000ms
[28.483s][info][gc,phases   ] GC(314) y: Concurrent Reset Relocation Set 0.000ms
[28.484s][info][gc,reloc    ] GC(314) y: Using tenuring threshold: 1 (Computed)
[28.484s][info][gc,phases   ] GC(314) y: Concurrent Select Relocation Set 1.032ms
[28.484s][info][gc,phases   ] GC(314) y: Pause Relocate Start 0.003ms
[28.484s][info][gc,phases   ] GC(314) y: Concurrent Relocate 0.016ms
[28.484s][info][gc,alloc    ] GC(314) y:                         Mark Start        Mark End      Relocate Start    Relocate End   
[28.484s][info][gc,alloc    ] GC(314) y: Allocation Stalls:          0                0                0                0         
[28.484s][info][gc,load     ] GC(314) y: Load: 3.08 (31%) / 3.05 (31%) / 3.15 (31%)
[28.484s][info][gc,mmu      ] GC(314) y: MMU: 2ms/99.0%, 5ms/99.5%, 10ms/99.7%, 20ms/99.7%, 50ms/99.8%, 100ms/99.9%
[28.484s][info][gc,marking  ] GC(314) y: Mark: 2 stripe(s), 2 proactive flush(es), 1 terminate flush(es), 0 completion(s), 0 continuation(s) 
[28.484s][info][gc,marking  ] GC(314) y: Mark Stack Usage: 32M
[28.484s][info][gc,nmethod  ] GC(314) y: NMethods: 1588 registered, 169 unregistered
[28.484s][info][gc,metaspace] GC(314) y: Metaspace: 9M used, 10M committed, 1088M reserved
[28.484s][info][gc,reloc    ] GC(314) y:                        Candidates     Selected     In-Place         Size        Empty    Relocated 
[28.484s][info][gc,reloc    ] GC(314) y: Small Pages:                    2            0            0           4M           2M           0M 
[28.484s][info][gc,reloc    ] GC(314) y: Medium Pages:                  27            0            0         864M         832M           0M 
[28.484s][info][gc,reloc    ] GC(314) y: Large Pages:                    0            0            0           0M           0M           0M 
[28.484s][info][gc,reloc    ] GC(314) y: Forwarding Usage: 0M
[28.484s][info][gc,reloc    ] GC(314) y: Age Table:
[28.484s][info][gc,reloc    ] GC(314) y:                    Live             Garbage             Small              Medium             Large        
[28.484s][info][gc,reloc    ] GC(314) y: Eden               0M (0%)          833M (81%)          1 / 0             26 / 0              0 / 0        
[28.484s][info][gc,reloc    ] GC(314) y: Survivor 1          -                34M (3%)           1 / 0              1 / 0              0 / 0        
[28.484s][info][gc,heap     ] GC(314) y: Min Capacity: 8M(1%)
[28.484s][info][gc,heap     ] GC(314) y: Max Capacity: 1024M(100%)
[28.484s][info][gc,heap     ] GC(314) y: Soft Max Capacity: 1024M(100%)
[28.484s][info][gc,heap     ] GC(314) y: Heap Statistics:
[28.484s][info][gc,heap     ] GC(314) y:                Mark Start          Mark End        Relocate Start      Relocate End           High               Low         
[28.484s][info][gc,heap     ] GC(314) y:  Capacity:     1024M (100%)       1024M (100%)       1024M (100%)       1024M (100%)       1024M (100%)       1024M (100%)   
[28.484s][info][gc,heap     ] GC(314) y:      Free:      116M (11%)          82M (8%)          916M (89%)         916M (89%)         916M (89%)          82M (8%)     
[28.484s][info][gc,heap     ] GC(314) y:      Used:      908M (89%)         942M (92%)         108M (11%)         108M (11%)         942M (92%)         108M (11%)    
[28.484s][info][gc,heap     ] GC(314) y: Young Generation Statistics:
[28.484s][info][gc,heap     ] GC(314) y:                Mark Start          Mark End        Relocate Start      Relocate End    
[28.484s][info][gc,heap     ] GC(314) y:      Used:      868M (85%)         902M (88%)          68M (7%)           68M (7%)     
[28.484s][info][gc,heap     ] GC(314) y:      Live:         -                 0M (0%)            0M (0%)            0M (0%)     
[28.484s][info][gc,heap     ] GC(314) y:   Garbage:         -               867M (85%)          33M (3%)           33M (3%)     
[28.484s][info][gc,heap     ] GC(314) y: Allocated:         -                34M (3%)           34M (3%)           34M (3%)     
[28.484s][info][gc,heap     ] GC(314) y: Reclaimed:         -                  -               834M (81%)         834M (81%)    
[28.484s][info][gc,heap     ] GC(314) y:  Promoted:         -                  -                 0M (0%)            0M (0%)     
[28.484s][info][gc,heap     ] GC(314) y: Compacted:         -                  -                  -                 0M (0%)     
[28.484s][info][gc,phases   ] GC(314) y: Young Generation 908M(89%)->108M(11%) 0.003s
[28.484s][info][gc          ] GC(314) Minor Collection (Allocation Rate) 908M(89%)->108M(11%) 0.003s
[28.549s][info][gc          ] GC(315) Minor Collection (Allocation Rate)
[28.549s][info][gc,task     ] GC(315) Using 1 Workers for Young Generation
[28.549s][info][gc,phases   ] GC(315) y: Young Generation
[28.549s][info][gc,phases   ] GC(315) y: Pause Mark Start 0.005ms
[28.551s][info][gc,phases   ] GC(315) y: Concurrent Mark 2.130ms
[28.551s][info][gc,phases   ] GC(315) y: Pause Mark End 0.006ms
[28.551s][info][gc,phases   ] GC(315) y: Concurrent Mark Free 0.000ms
[28.551s][info][gc,phases   ] GC(315) y: Concurrent Reset Relocation Set 0.000ms
[28.552s][info][gc,reloc    ] GC(315) y: Using tenuring threshold: 1 (Computed)
[28.552s][info][gc,phases   ] GC(315) y: Concurrent Select Relocation Set 1.028ms
[28.552s][info][gc,phases   ] GC(315) y: Pause Relocate Start 0.003ms
[28.552s][info][gc,phases   ] GC(315) y: Concurrent Relocate 0.014ms
[28.552s][info][gc,alloc    ] GC(315) y:                         Mark Start        Mark End      Relocate Start    Relocate End   
[28.552s][info][gc,alloc    ] GC(315) y: Allocation Stalls:          0                0                0                0         
[28.552s][info][gc,load     ] GC(315) y: Load: 2.91 (29%) / 3.02 (30%) / 3.14 (31%)
[28.552s][info][gc,mmu      ] GC(315) y: MMU: 2ms/99.0%, 5ms/99.5%, 10ms/99.7%, 20ms/99.7%, 50ms/99.8%, 100ms/99.9%
[28.552s][info][gc,marking  ] GC(315) y: Mark: 1 stripe(s), 2 proactive flush(es), 1 terminate flush(es), 0 completion(s), 0 continuation(s) 
[28.552s][info][gc,marking  ] GC(315) y: Mark Stack Usage: 32M
[28.552s][info][gc,nmethod  ] GC(315) y: NMethods: 1588 registered, 169 unregistered
[28.552s][info][gc,metaspace] GC(315) y: Metaspace: 9M used, 10M committed, 1088M reserved
[28.552s][info][gc,reloc    ] GC(315) y:                        Candidates     Selected     In-Place         Size        Empty    Relocated 
[28.552s][info][gc,reloc    ] GC(315) y: Small Pages:                    2            0            0           4M           2M           0M 
[28.552s][info][gc,reloc    ] GC(315) y: Medium Pages:                  26            0            0         832M         800M           0M 
[28.552s][info][gc,reloc    ] GC(315) y: Large Pages:                    0            0            0           0M           0M           0M 
[28.552s][info][gc,reloc    ] GC(315) y: Forwarding Usage: 0M
[28.552s][info][gc,reloc    ] GC(315) y: Age Table:
[28.552s][info][gc,reloc    ] GC(315) y:                    Live             Garbage             Small              Medium             Large        
[28.552s][info][gc,reloc    ] GC(315) y: Eden               0M (0%)          801M (78%)          1 / 0             25 / 0              0 / 0        
[28.552s][info][gc,reloc    ] GC(315) y: Survivor 1          -                34M (3%)           1 / 0              1 / 0              0 / 0        
[28.552s][info][gc,heap     ] GC(315) y: Min Capacity: 8M(1%)
[28.552s][info][gc,heap     ] GC(315) y: Max Capacity: 1024M(100%)
[28.552s][info][gc,heap     ] GC(315) y: Soft Max Capacity: 1024M(100%)
[28.552s][info][gc,heap     ] GC(315) y: Heap Statistics:
[28.552s][info][gc,heap     ] GC(315) y:                Mark Start          Mark End        Relocate Start      Relocate End           High               Low         
[28.552s][info][gc,heap     ] GC(315) y:  Capacity:     1024M (100%)       1024M (100%)       1024M (100%)       1024M (100%)       1024M (100%)       1024M (100%)   
[28.552s][info][gc,heap     ] GC(315) y:      Free:      148M (14%)         114M (11%)         884M (86%)         884M (86%)         884M (86%)          82M (8%)     
[28.552s][info][gc,heap     ] GC(315) y:      Used:      876M (86%)         910M (89%)         140M (14%)         140M (14%)         942M (92%)         140M (14%)    
[28.552s][info][gc,heap     ] GC(315) y: Young Generation Statistics:
[28.552s][info][gc,heap     ] GC(315) y:                Mark Start          Mark End        Relocate Start      Relocate End    
[28.552s][info][gc,heap     ] GC(315) y:      Used:      836M (82%)         870M (85%)         100M (10%)         100M (10%)    
[28.552s][info][gc,heap     ] GC(315) y:      Live:         -                 0M (0%)            0M (0%)            0M (0%)     
[28.552s][info][gc,heap     ] GC(315) y:   Garbage:         -               835M (82%)          33M (3%)           33M (3%)     
[28.552s][info][gc,heap     ] GC(315) y: Allocated:         -                34M (3%)           66M (6%)           66M (6%)     
[28.552s][info][gc,heap     ] GC(315) y: Reclaimed:         -                  -               802M (78%)         802M (78%)    
[28.552s][info][gc,heap     ] GC(315) y:  Promoted:         -                  -                 0M (0%)            0M (0%)     
[28.552s][info][gc,heap     ] GC(315) y: Compacted:         -                  -                  -                 0M (0%)     
[28.552s][info][gc,phases   ] GC(315) y: Young Generation 876M(86%)->140M(14%) 0.003s
[28.552s][info][gc          ] GC(315) Minor Collection (Allocation Rate) 876M(86%)->140M(14%) 0.004s
[28.616s][info][gc          ] GC(316) Minor Collection (Allocation Rate)
[28.616s][info][gc,task     ] GC(316) Using 1 Workers for Young Generation
[28.616s][info][gc,phases   ] GC(316) y: Young Generation
[28.616s][info][gc,phases   ] GC(316) y: Pause Mark Start 0.004ms
[28.618s][info][gc,phases   ] GC(316) y: Concurrent Mark 2.067ms
[28.618s][info][gc,phases   ] GC(316) y: Pause Mark End 0.006ms
[28.618s][info][gc,phases   ] GC(316) y: Concurrent Mark Free 0.000ms
[28.618s][info][gc,phases   ] GC(316) y: Concurrent Reset Relocation Set 0.000ms
[28.619s][info][gc,reloc    ] GC(316) y: Using tenuring threshold: 1 (Computed)
[28.619s][info][gc,phases   ] GC(316) y: Concurrent Select Relocation Set 1.027ms
[28.620s][info][gc,phases   ] GC(316) y: Pause Relocate Start 0.004ms
[28.620s][info][gc,phases   ] GC(316) y: Concurrent Relocate 0.017ms
[28.620s][info][gc,alloc    ] GC(316) y:                         Mark Start        Mark End      Relocate Start    Relocate End   
[28.620s][info][gc,alloc    ] GC(316) y: Allocation Stalls:          0                0                0                0         
[28.620s][info][gc,load     ] GC(316) y: Load: 2.91 (29%) / 3.02 (30%) / 3.14 (31%)
[28.620s][info][gc,mmu      ] GC(316) y: MMU: 2ms/99.0%, 5ms/99.5%, 10ms/99.7%, 20ms/99.7%, 50ms/99.8%, 100ms/99.9%
[28.620s][info][gc,marking  ] GC(316) y: Mark: 1 stripe(s), 2 proactive flush(es), 1 terminate flush(es), 0 completion(s), 0 continuation(s) 
[28.620s][info][gc,marking  ] GC(316) y: Mark Stack Usage: 32M
[28.620s][info][gc,nmethod  ] GC(316) y: NMethods: 1588 registered, 169 unregistered
[28.620s][info][gc,metaspace] GC(316) y: Metaspace: 9M used, 10M committed, 1088M reserved
[28.620s][info][gc,reloc    ] GC(316) y:                        Candidates     Selected     In-Place         Size        Empty    Relocated 
[28.620s][info][gc,reloc    ] GC(316) y: Small Pages:                    2            0            0           4M           2M           0M 
[28.620s][info][gc,reloc    ] GC(316) y: Medium Pages:                  26            0            0         832M         800M           0M 
[28.620s][info][gc,reloc    ] GC(316) y: Large Pages:                    0            0            0           0M           0M           0M 
[28.620s][info][gc,reloc    ] GC(316) y: Forwarding Usage: 0M
[28.620s][info][gc,reloc    ] GC(316) y: Age Table:
[28.620s][info][gc,reloc    ] GC(316) y:                    Live             Garbage             Small              Medium             Large        
[28.620s][info][gc,reloc    ] GC(316) y: Eden               0M (0%)          801M (78%)          1 / 0             25 / 0              0 / 0        
[28.620s][info][gc,reloc    ] GC(316) y: Survivor 1          -                34M (3%)           1 / 0              1 / 0              0 / 0        
[28.620s][info][gc,heap     ] GC(316) y: Min Capacity: 8M(1%)
[28.620s][info][gc,heap     ] GC(316) y: Max Capacity: 1024M(100%)
[28.620s][info][gc,heap     ] GC(316) y: Soft Max Capacity: 1024M(100%)
[28.620s][info][gc,heap     ] GC(316) y: Heap Statistics:
[28.620s][info][gc,heap     ] GC(316) y:                Mark Start          Mark End        Relocate Start      Relocate End           High               Low         
[28.620s][info][gc,heap     ] GC(316) y:  Capacity:     1024M (100%)       1024M (100%)       1024M (100%)       1024M (100%)       1024M (100%)       1024M (100%)   
[28.620s][info][gc,heap     ] GC(316) y:      Free:      148M (14%)         114M (11%)         884M (86%)         884M (86%)         884M (86%)          82M (8%)     
[28.620s][info][gc,heap     ] GC(316) y:      Used:      876M (86%)         910M (89%)         140M (14%)         140M (14%)         942M (92%)         140M (14%)    
[28.620s][info][gc,heap     ] GC(316) y: Young Generation Statistics:
[28.620s][info][gc,heap     ] GC(316) y:                Mark Start          Mark End        Relocate Start      Relocate End    
[28.620s][info][gc,heap     ] GC(316) y:      Used:      836M (82%)         870M (85%)         100M (10%)         100M (10%)    
[28.620s][info][gc,heap     ] GC(316) y:      Live:         -                 0M (0%)            0M (0%)            0M (0%)     
[28.620s][info][gc,heap     ] GC(316) y:   Garbage:         -               835M (82%)          33M (3%)           33M (3%)     
[28.620s][info][gc,heap     ] GC(316) y: Allocated:         -                34M (3%)           66M (6%)           66M (6%)     
[28.620s][info][gc,heap     ] GC(316) y: Reclaimed:         -                  -               802M (78%)         802M (78%)    
[28.620s][info][gc,heap     ] GC(316) y:  Promoted:         -                  -                 0M (0%)            0M (0%)     
[28.620s][info][gc,heap     ] GC(316) y: Compacted:         -                  -                  -                 0M (0%)     
[28.620s][info][gc,phases   ] GC(316) y: Young Generation 876M(86%)->140M(14%) 0.003s
[28.620s][info][gc          ] GC(316) Minor Collection (Allocation Rate) 876M(86%)->140M(14%) 0.004s
[28.689s][info][gc          ] GC(317) Minor Collection (Allocation Rate)
[28.689s][info][gc,task     ] GC(317) Using 3 Workers for Young Generation
[28.689s][info][gc,phases   ] GC(317) y: Young Generation
[28.689s][info][gc,phases   ] GC(317) y: Pause Mark Start 0.004ms
[28.690s][info][gc,phases   ] GC(317) y: Concurrent Mark 0.866ms
[28.690s][info][gc,phases   ] GC(317) y: Pause Mark End 0.004ms
[28.690s][info][gc,phases   ] GC(317) y: Concurrent Mark Free 0.000ms
[28.690s][info][gc,phases   ] GC(317) y: Concurrent Reset Relocation Set 0.000ms
[28.691s][info][gc,reloc    ] GC(317) y: Using tenuring threshold: 1 (Computed)
[28.691s][info][gc,phases   ] GC(317) y: Concurrent Select Relocation Set 1.125ms
[28.691s][info][gc,phases   ] GC(317) y: Pause Relocate Start 0.004ms
[28.691s][info][gc,phases   ] GC(317) y: Concurrent Relocate 0.029ms
[28.691s][info][gc,alloc    ] GC(317) y:                         Mark Start        Mark End      Relocate Start    Relocate End   
[28.691s][info][gc,alloc    ] GC(317) y: Allocation Stalls:          0                0                0                0         
[28.691s][info][gc,load     ] GC(317) y: Load: 2.91 (29%) / 3.02 (30%) / 3.14 (31%)
[28.691s][info][gc,mmu      ] GC(317) y: MMU: 2ms/99.0%, 5ms/99.5%, 10ms/99.7%, 20ms/99.7%, 50ms/99.8%, 100ms/99.9%
[28.691s][info][gc,marking  ] GC(317) y: Mark: 2 stripe(s), 2 proactive flush(es), 1 terminate flush(es), 0 completion(s), 0 continuation(s) 
[28.691s][info][gc,marking  ] GC(317) y: Mark Stack Usage: 32M
[28.691s][info][gc,nmethod  ] GC(317) y: NMethods: 1588 registered, 169 unregistered
[28.691s][info][gc,metaspace] GC(317) y: Metaspace: 9M used, 10M committed, 1088M reserved
[28.691s][info][gc,reloc    ] GC(317) y:                        Candidates     Selected     In-Place         Size        Empty    Relocated 
[28.691s][info][gc,reloc    ] GC(317) y: Small Pages:                    2            0            0           4M           2M           0M 
[28.691s][info][gc,reloc    ] GC(317) y: Medium Pages:                  28            0            0         896M         864M           0M 
[28.691s][info][gc,reloc    ] GC(317) y: Large Pages:                    0            0            0           0M           0M           0M 
[28.691s][info][gc,reloc    ] GC(317) y: Forwarding Usage: 0M
[28.691s][info][gc,reloc    ] GC(317) y: Age Table:
[28.691s][info][gc,reloc    ] GC(317) y:                    Live             Garbage             Small              Medium             Large        
[28.691s][info][gc,reloc    ] GC(317) y: Eden               0M (0%)          865M (84%)          1 / 0             27 / 0              0 / 0        
[28.691s][info][gc,reloc    ] GC(317) y: Survivor 1          -                34M (3%)           1 / 0              1 / 0              0 / 0        
[28.691s][info][gc,heap     ] GC(317) y: Min Capacity: 8M(1%)
[28.691s][info][gc,heap     ] GC(317) y: Max Capacity: 1024M(100%)
[28.691s][info][gc,heap     ] GC(317) y: Soft Max Capacity: 1024M(100%)
[28.691s][info][gc,heap     ] GC(317) y: Heap Statistics:
[28.691s][info][gc,heap     ] GC(317) y:                Mark Start          Mark End        Relocate Start      Relocate End           High               Low         
[28.691s][info][gc,heap     ] GC(317) y:  Capacity:     1024M (100%)       1024M (100%)       1024M (100%)       1024M (100%)       1024M (100%)       1024M (100%)   
[28.691s][info][gc,heap     ] GC(317) y:      Free:       84M (8%)           50M (5%)          916M (89%)         916M (89%)         916M (89%)          50M (5%)     
[28.691s][info][gc,heap     ] GC(317) y:      Used:      940M (92%)         974M (95%)         108M (11%)         108M (11%)         974M (95%)         108M (11%)    
[28.691s][info][gc,heap     ] GC(317) y: Young Generation Statistics:
[28.691s][info][gc,heap     ] GC(317) y:                Mark Start          Mark End        Relocate Start      Relocate End    
[28.691s][info][gc,heap     ] GC(317) y:      Used:      900M (88%)         934M (91%)          68M (7%)           68M (7%)     
[28.691s][info][gc,heap     ] GC(317) y:      Live:         -                 0M (0%)            0M (0%)            0M (0%)     
[28.691s][info][gc,heap     ] GC(317) y:   Garbage:         -               899M (88%)          33M (3%)           33M (3%)     
[28.691s][info][gc,heap     ] GC(317) y: Allocated:         -                34M (3%)           34M (3%)           34M (3%)     
[28.691s][info][gc,heap     ] GC(317) y: Reclaimed:         -                  -               866M (85%)         866M (85%)    
[28.691s][info][gc,heap     ] GC(317) y:  Promoted:         -                  -                 0M (0%)            0M (0%)     
[28.691s][info][gc,heap     ] GC(317) y: Compacted:         -                  -                  -                 0M (0%)     
[28.691s][info][gc,phases   ] GC(317) y: Young Generation 940M(92%)->108M(11%) 0.002s
[28.691s][info][gc          ] GC(317) Minor Collection (Allocation Rate) 940M(92%)->108M(11%) 0.002s
[28.762s][info][gc          ] GC(318) Minor Collection (Allocation Rate)
[28.762s][info][gc,task     ] GC(318) Using 3 Workers for Young Generation
[28.762s][info][gc,phases   ] GC(318) y: Young Generation
[28.762s][info][gc,phases   ] GC(318) y: Pause Mark Start 0.006ms
[28.763s][info][gc,phases   ] GC(318) y: Concurrent Mark 1.012ms
[28.763s][info][gc,phases   ] GC(318) y: Pause Mark End 0.004ms
[28.763s][info][gc,phases   ] GC(318) y: Concurrent Mark Free 0.000ms
[28.763s][info][gc,phases   ] GC(318) y: Concurrent Reset Relocation Set 0.000ms
[28.764s][info][gc,reloc    ] GC(318) y: Using tenuring threshold: 1 (Computed)
[28.764s][info][gc,phases   ] GC(318) y: Concurrent Select Relocation Set 1.048ms
[28.764s][info][gc,phases   ] GC(318) y: Pause Relocate Start 0.004ms
[28.764s][info][gc,phases   ] GC(318) y: Concurrent Relocate 0.044ms
[28.764s][info][gc,alloc    ] GC(318) y:                         Mark Start        Mark End      Relocate Start    Relocate End   
[28.764s][info][gc,alloc    ] GC(318) y: Allocation Stalls:          0                0                0                0         
[28.764s][info][gc,load     ] GC(318) y: Load: 2.91 (29%) / 3.02 (30%) / 3.14 (31%)
[28.764s][info][gc,mmu      ] GC(318) y: MMU: 2ms/99.0%, 5ms/99.5%, 10ms/99.7%, 20ms/99.7%, 50ms/99.8%, 100ms/99.9%
[28.764s][info][gc,marking  ] GC(318) y: Mark: 2 stripe(s), 2 proactive flush(es), 1 terminate flush(es), 0 completion(s), 0 continuation(s) 
[28.764s][info][gc,marking  ] GC(318) y: Mark Stack Usage: 32M
[28.764s][info][gc,nmethod  ] GC(318) y: NMethods: 1588 registered, 169 unregistered
[28.764s][info][gc,metaspace] GC(318) y: Metaspace: 9M used, 10M committed, 1088M reserved
[28.764s][info][gc,reloc    ] GC(318) y:                        Candidates     Selected     In-Place         Size        Empty    Relocated 
[28.764s][info][gc,reloc    ] GC(318) y: Small Pages:                    2            0            0           4M           2M           0M 
[28.764s][info][gc,reloc    ] GC(318) y: Medium Pages:                  28            0            0         896M         864M           0M 
[28.764s][info][gc,reloc    ] GC(318) y: Large Pages:                    0            0            0           0M           0M           0M 
[28.764s][info][gc,reloc    ] GC(318) y: Forwarding Usage: 0M
[28.764s][info][gc,reloc    ] GC(318) y: Age Table:
[28.764s][info][gc,reloc    ] GC(318) y:                    Live             Garbage             Small              Medium             Large        
[28.764s][info][gc,reloc    ] GC(318) y: Eden               0M (0%)          865M (85%)          1 / 0             27 / 0              0 / 0        
[28.764s][info][gc,reloc    ] GC(318) y: Survivor 1          -                34M (3%)           1 / 0              1 / 0              0 / 0        
[28.764s][info][gc,heap     ] GC(318) y: Min Capacity: 8M(1%)
[28.764s][info][gc,heap     ] GC(318) y: Max Capacity: 1024M(100%)
[28.764s][info][gc,heap     ] GC(318) y: Soft Max Capacity: 1024M(100%)
[28.764s][info][gc,heap     ] GC(318) y: Heap Statistics:
[28.764s][info][gc,heap     ] GC(318) y:                Mark Start          Mark End        Relocate Start      Relocate End           High               Low         
[28.764s][info][gc,heap     ] GC(318) y:  Capacity:     1024M (100%)       1024M (100%)       1024M (100%)       1024M (100%)       1024M (100%)       1024M (100%)   
[28.764s][info][gc,heap     ] GC(318) y:      Free:       84M (8%)           50M (5%)          916M (89%)         916M (89%)         916M (89%)          50M (5%)     
[28.764s][info][gc,heap     ] GC(318) y:      Used:      940M (92%)         974M (95%)         108M (11%)         108M (11%)         974M (95%)         108M (11%)    
[28.764s][info][gc,heap     ] GC(318) y: Young Generation Statistics:
[28.764s][info][gc,heap     ] GC(318) y:                Mark Start          Mark End        Relocate Start      Relocate End    
[28.764s][info][gc,heap     ] GC(318) y:      Used:      900M (88%)         934M (91%)          68M (7%)           68M (7%)     
[28.764s][info][gc,heap     ] GC(318) y:      Live:         -                 0M (0%)            0M (0%)            0M (0%)     
[28.764s][info][gc,heap     ] GC(318) y:   Garbage:         -               899M (88%)          33M (3%)           33M (3%)     
[28.764s][info][gc,heap     ] GC(318) y: Allocated:         -                34M (3%)           34M (3%)           34M (3%)     
[28.764s][info][gc,heap     ] GC(318) y: Reclaimed:         -                  -               866M (85%)         866M (85%)    
[28.764s][info][gc,heap     ] GC(318) y:  Promoted:         -                  -                 0M (0%)            0M (0%)     
[28.764s][info][gc,heap     ] GC(318) y: Compacted:         -                  -                  -                 0M (0%)     
[28.764s][info][gc,phases   ] GC(318) y: Young Generation 940M(92%)->108M(11%) 0.002s
[28.764s][info][gc          ] GC(318) Minor Collection (Allocation Rate) 940M(92%)->108M(11%) 0.003s
[28.835s][info][gc          ] GC(319) Minor Collection (Allocation Rate)
[28.835s][info][gc,task     ] GC(319) Using 3 Workers for Young Generation
[28.835s][info][gc,phases   ] GC(319) y: Young Generation
[28.835s][info][gc,phases   ] GC(319) y: Pause Mark Start 0.004ms
[28.836s][info][gc,phases   ] GC(319) y: Concurrent Mark 1.068ms
[28.836s][info][gc,phases   ] GC(319) y: Pause Mark End 0.005ms
[28.836s][info][gc,phases   ] GC(319) y: Concurrent Mark Free 0.000ms
[28.836s][info][gc,phases   ] GC(319) y: Concurrent Reset Relocation Set 0.000ms
[28.837s][info][gc,reloc    ] GC(319) y: Using tenuring threshold: 1 (Computed)
[28.837s][info][gc,phases   ] GC(319) y: Concurrent Select Relocation Set 1.074ms
[28.837s][info][gc,phases   ] GC(319) y: Pause Relocate Start 0.005ms
[28.837s][info][gc,phases   ] GC(319) y: Concurrent Relocate 0.049ms
[28.837s][info][gc,alloc    ] GC(319) y:                         Mark Start        Mark End      Relocate Start    Relocate End   
[28.837s][info][gc,alloc    ] GC(319) y: Allocation Stalls:          0                0                0                0         
[28.837s][info][gc,load     ] GC(319) y: Load: 2.91 (29%) / 3.02 (30%) / 3.14 (31%)
[28.837s][info][gc,mmu      ] GC(319) y: MMU: 2ms/99.0%, 5ms/99.5%, 10ms/99.7%, 20ms/99.7%, 50ms/99.8%, 100ms/99.9%
[28.837s][info][gc,marking  ] GC(319) y: Mark: 2 stripe(s), 2 proactive flush(es), 1 terminate flush(es), 0 completion(s), 0 continuation(s) 
[28.837s][info][gc,marking  ] GC(319) y: Mark Stack Usage: 32M
[28.837s][info][gc,nmethod  ] GC(319) y: NMethods: 1588 registered, 169 unregistered
[28.837s][info][gc,metaspace] GC(319) y: Metaspace: 9M used, 10M committed, 1088M reserved
[28.837s][info][gc,reloc    ] GC(319) y:                        Candidates     Selected     In-Place         Size        Empty    Relocated 
[28.837s][info][gc,reloc    ] GC(319) y: Small Pages:                    2            0            0           4M           2M           0M 
[28.837s][info][gc,reloc    ] GC(319) y: Medium Pages:                  28            0            0         896M         864M           0M 
[28.837s][info][gc,reloc    ] GC(319) y: Large Pages:                    0            0            0           0M           0M           0M 
[28.837s][info][gc,reloc    ] GC(319) y: Forwarding Usage: 0M
[28.837s][info][gc,reloc    ] GC(319) y: Age Table:
[28.837s][info][gc,reloc    ] GC(319) y:                    Live             Garbage             Small              Medium             Large        
[28.837s][info][gc,reloc    ] GC(319) y: Eden               0M (0%)          865M (85%)          1 / 0             27 / 0              0 / 0        
[28.837s][info][gc,reloc    ] GC(319) y: Survivor 1          -                34M (3%)           1 / 0              1 / 0              0 / 0        
[28.837s][info][gc,heap     ] GC(319) y: Min Capacity: 8M(1%)
[28.837s][info][gc,heap     ] GC(319) y: Max Capacity: 1024M(100%)
[28.837s][info][gc,heap     ] GC(319) y: Soft Max Capacity: 1024M(100%)
[28.837s][info][gc,heap     ] GC(319) y: Heap Statistics:
[28.837s][info][gc,heap     ] GC(319) y:                Mark Start          Mark End        Relocate Start      Relocate End           High               Low         
[28.837s][info][gc,heap     ] GC(319) y:  Capacity:     1024M (100%)       1024M (100%)       1024M (100%)       1024M (100%)       1024M (100%)       1024M (100%)   
[28.837s][info][gc,heap     ] GC(319) y:      Free:       84M (8%)           50M (5%)          916M (89%)         916M (89%)         916M (89%)          50M (5%)     
[28.837s][info][gc,heap     ] GC(319) y:      Used:      940M (92%)         974M (95%)         108M (11%)         108M (11%)         974M (95%)         108M (11%)    
[28.837s][info][gc,heap     ] GC(319) y: Young Generation Statistics:
[28.837s][info][gc,heap     ] GC(319) y:                Mark Start          Mark End        Relocate Start      Relocate End    
[28.837s][info][gc,heap     ] GC(319) y:      Used:      900M (88%)         934M (91%)          68M (7%)           68M (7%)     
[28.837s][info][gc,heap     ] GC(319) y:      Live:         -                 0M (0%)            0M (0%)            0M (0%)     
[28.837s][info][gc,heap     ] GC(319) y:   Garbage:         -               899M (88%)          33M (3%)           33M (3%)     
[28.837s][info][gc,heap     ] GC(319) y: Allocated:         -                34M (3%)           34M (3%)           34M (3%)     
[28.837s][info][gc,heap     ] GC(319) y: Reclaimed:         -                  -               866M (85%)         866M (85%)    
[28.837s][info][gc,heap     ] GC(319) y:  Promoted:         -                  -                 0M (0%)            0M (0%)     
[28.837s][info][gc,heap     ] GC(319) y: Compacted:         -                  -                  -                 0M (0%)     
[28.837s][info][gc,phases   ] GC(319) y: Young Generation 940M(92%)->108M(11%) 0.002s
[28.837s][info][gc          ] GC(319) Minor Collection (Allocation Rate) 940M(92%)->108M(11%) 0.003s
[28.908s][info][gc          ] GC(320) Minor Collection (Allocation Rate)
[28.908s][info][gc,task     ] GC(320) Using 3 Workers for Young Generation
[28.908s][info][gc,phases   ] GC(320) y: Young Generation
[28.908s][info][gc,phases   ] GC(320) y: Pause Mark Start 0.005ms
[28.909s][info][gc,phases   ] GC(320) y: Concurrent Mark 0.917ms
[28.909s][info][gc,phases   ] GC(320) y: Pause Mark End 0.007ms
[28.909s][info][gc,phases   ] GC(320) y: Concurrent Mark Free 0.000ms
[28.909s][info][gc,phases   ] GC(320) y: Concurrent Reset Relocation Set 0.000ms
[28.910s][info][gc,reloc    ] GC(320) y: Using tenuring threshold: 1 (Computed)
[28.910s][info][gc,phases   ] GC(320) y: Concurrent Select Relocation Set 1.070ms
[28.910s][info][gc,phases   ] GC(320) y: Pause Relocate Start 0.005ms
[28.910s][info][gc,phases   ] GC(320) y: Concurrent Relocate 0.028ms
[28.910s][info][gc,alloc    ] GC(320) y:                         Mark Start        Mark End      Relocate Start    Relocate End   
[28.910s][info][gc,alloc    ] GC(320) y: Allocation Stalls:          0                0                0                0         
[28.910s][info][gc,load     ] GC(320) y: Load: 2.91 (29%) / 3.02 (30%) / 3.14 (31%)
[28.910s][info][gc,mmu      ] GC(320) y: MMU: 2ms/99.0%, 5ms/99.5%, 10ms/99.7%, 20ms/99.7%, 50ms/99.8%, 100ms/99.9%
[28.910s][info][gc,marking  ] GC(320) y: Mark: 2 stripe(s), 2 proactive flush(es), 1 terminate flush(es), 0 completion(s), 0 continuation(s) 
[28.910s][info][gc,marking  ] GC(320) y: Mark Stack Usage: 32M
[28.910s][info][gc,nmethod  ] GC(320) y: NMethods: 1588 registered, 169 unregistered
[28.910s][info][gc,metaspace] GC(320) y: Metaspace: 9M used, 10M committed, 1088M reserved
[28.910s][info][gc,reloc    ] GC(320) y:                        Candidates     Selected     In-Place         Size        Empty    Relocated 
[28.910s][info][gc,reloc    ] GC(320) y: Small Pages:                    2            0            0           4M           2M           0M 
[28.910s][info][gc,reloc    ] GC(320) y: Medium Pages:                  28            0            0         896M         864M           0M 
[28.910s][info][gc,reloc    ] GC(320) y: Large Pages:                    0            0            0           0M           0M           0M 
[28.910s][info][gc,reloc    ] GC(320) y: Forwarding Usage: 0M
[28.910s][info][gc,reloc    ] GC(320) y: Age Table:
[28.910s][info][gc,reloc    ] GC(320) y:                    Live             Garbage             Small              Medium             Large        
[28.910s][info][gc,reloc    ] GC(320) y: Eden               0M (0%)          865M (85%)          1 / 0             27 / 0              0 / 0        
[28.910s][info][gc,reloc    ] GC(320) y: Survivor 1          -                34M (3%)           1 / 0              1 / 0              0 / 0        
[28.910s][info][gc,heap     ] GC(320) y: Min Capacity: 8M(1%)
[28.910s][info][gc,heap     ] GC(320) y: Max Capacity: 1024M(100%)
[28.910s][info][gc,heap     ] GC(320) y: Soft Max Capacity: 1024M(100%)
[28.910s][info][gc,heap     ] GC(320) y: Heap Statistics:
[28.910s][info][gc,heap     ] GC(320) y:                Mark Start          Mark End        Relocate Start      Relocate End           High               Low         
[28.910s][info][gc,heap     ] GC(320) y:  Capacity:     1024M (100%)       1024M (100%)       1024M (100%)       1024M (100%)       1024M (100%)       1024M (100%)   
[28.910s][info][gc,heap     ] GC(320) y:      Free:       84M (8%)           50M (5%)          916M (89%)         916M (89%)         916M (89%)          50M (5%)     
[28.910s][info][gc,heap     ] GC(320) y:      Used:      940M (92%)         974M (95%)         108M (11%)         108M (11%)         974M (95%)         108M (11%)    
[28.910s][info][gc,heap     ] GC(320) y: Young Generation Statistics:
[28.910s][info][gc,heap     ] GC(320) y:                Mark Start          Mark End        Relocate Start      Relocate End    
[28.910s][info][gc,heap     ] GC(320) y:      Used:      900M (88%)         934M (91%)          68M (7%)           68M (7%)     
[28.910s][info][gc,heap     ] GC(320) y:      Live:         -                 0M (0%)            0M (0%)            0M (0%)     
[28.910s][info][gc,heap     ] GC(320) y:   Garbage:         -               899M (88%)          33M (3%)           33M (3%)     
[28.910s][info][gc,heap     ] GC(320) y: Allocated:         -                34M (3%)           34M (3%)           34M (3%)     
[28.910s][info][gc,heap     ] GC(320) y: Reclaimed:         -                  -               866M (85%)         866M (85%)    
[28.910s][info][gc,heap     ] GC(320) y:  Promoted:         -                  -                 0M (0%)            0M (0%)     
[28.910s][info][gc,heap     ] GC(320) y: Compacted:         -                  -                  -                 0M (0%)     
[28.910s][info][gc,phases   ] GC(320) y: Young Generation 940M(92%)->108M(11%) 0.002s
[28.910s][info][gc          ] GC(320) Minor Collection (Allocation Rate) 940M(92%)->108M(11%) 0.002s
[28.978s][info][gc          ] GC(321) Minor Collection (Allocation Rate)
[28.978s][info][gc,task     ] GC(321) Using 2 Workers for Young Generation
[28.978s][info][gc,phases   ] GC(321) y: Young Generation
[28.978s][info][gc,phases   ] GC(321) y: Pause Mark Start 0.006ms
[28.979s][info][gc,phases   ] GC(321) y: Concurrent Mark 1.358ms
[28.979s][info][gc,phases   ] GC(321) y: Pause Mark End 0.007ms
[28.979s][info][gc,phases   ] GC(321) y: Concurrent Mark Free 0.000ms
[28.979s][info][gc,phases   ] GC(321) y: Concurrent Reset Relocation Set 0.000ms
[28.980s][info][gc,reloc    ] GC(321) y: Using tenuring threshold: 1 (Computed)
[28.980s][info][gc,phases   ] GC(321) y: Concurrent Select Relocation Set 1.042ms
[28.980s][info][gc,phases   ] GC(321) y: Pause Relocate Start 0.003ms
[28.981s][info][gc,phases   ] GC(321) y: Concurrent Relocate 0.018ms
[28.981s][info][gc,alloc    ] GC(321) y:                         Mark Start        Mark End      Relocate Start    Relocate End   
[28.981s][info][gc,alloc    ] GC(321) y: Allocation Stalls:          0                0                0                0         
[28.981s][info][gc,load     ] GC(321) y: Load: 2.91 (29%) / 3.02 (30%) / 3.14 (31%)
[28.981s][info][gc,mmu      ] GC(321) y: MMU: 2ms/99.0%, 5ms/99.5%, 10ms/99.7%, 20ms/99.7%, 50ms/99.8%, 100ms/99.9%
[28.981s][info][gc,marking  ] GC(321) y: Mark: 2 stripe(s), 2 proactive flush(es), 1 terminate flush(es), 0 completion(s), 0 continuation(s) 
[28.981s][info][gc,marking  ] GC(321) y: Mark Stack Usage: 32M
[28.981s][info][gc,nmethod  ] GC(321) y: NMethods: 1588 registered, 169 unregistered
[28.981s][info][gc,metaspace] GC(321) y: Metaspace: 9M used, 10M committed, 1088M reserved
[28.981s][info][gc,reloc    ] GC(321) y:                        Candidates     Selected     In-Place         Size        Empty    Relocated 
[28.981s][info][gc,reloc    ] GC(321) y: Small Pages:                    2            0            0           4M           2M           0M 
[28.981s][info][gc,reloc    ] GC(321) y: Medium Pages:                  27            0            0         864M         832M           0M 
[28.981s][info][gc,reloc    ] GC(321) y: Large Pages:                    0            0            0           0M           0M           0M 
[28.981s][info][gc,reloc    ] GC(321) y: Forwarding Usage: 0M
[28.981s][info][gc,reloc    ] GC(321) y: Age Table:
[28.981s][info][gc,reloc    ] GC(321) y:                    Live             Garbage             Small              Medium             Large        
[28.981s][info][gc,reloc    ] GC(321) y: Eden               0M (0%)          833M (81%)          1 / 0             26 / 0              0 / 0        
[28.981s][info][gc,reloc    ] GC(321) y: Survivor 1          -                34M (3%)           1 / 0              1 / 0              0 / 0        
[28.981s][info][gc,heap     ] GC(321) y: Min Capacity: 8M(1%)
[28.981s][info][gc,heap     ] GC(321) y: Max Capacity: 1024M(100%)
[28.981s][info][gc,heap     ] GC(321) y: Soft Max Capacity: 1024M(100%)
[28.981s][info][gc,heap     ] GC(321) y: Heap Statistics:
[28.981s][info][gc,heap     ] GC(321) y:                Mark Start          Mark End        Relocate Start      Relocate End           High               Low         
[28.981s][info][gc,heap     ] GC(321) y:  Capacity:     1024M (100%)       1024M (100%)       1024M (100%)       1024M (100%)       1024M (100%)       1024M (100%)   
[28.981s][info][gc,heap     ] GC(321) y:      Free:      116M (11%)          82M (8%)          916M (89%)         916M (89%)         916M (89%)          82M (8%)     
[28.981s][info][gc,heap     ] GC(321) y:      Used:      908M (89%)         942M (92%)         108M (11%)         108M (11%)         942M (92%)         108M (11%)    
[28.981s][info][gc,heap     ] GC(321) y: Young Generation Statistics:
[28.981s][info][gc,heap     ] GC(321) y:                Mark Start          Mark End        Relocate Start      Relocate End    
[28.981s][info][gc,heap     ] GC(321) y:      Used:      868M (85%)         902M (88%)          68M (7%)           68M (7%)     
[28.981s][info][gc,heap     ] GC(321) y:      Live:         -                 0M (0%)            0M (0%)            0M (0%)     
[28.981s][info][gc,heap     ] GC(321) y:   Garbage:         -               867M (85%)          33M (3%)           33M (3%)     
[28.981s][info][gc,heap     ] GC(321) y: Allocated:         -                34M (3%)           34M (3%)           34M (3%)     
[28.981s][info][gc,heap     ] GC(321) y: Reclaimed:         -                  -               834M (81%)         834M (81%)    
[28.981s][info][gc,heap     ] GC(321) y:  Promoted:         -                  -                 0M (0%)            0M (0%)     
[28.981s][info][gc,heap     ] GC(321) y: Compacted:         -                  -                  -                 0M (0%)     
[28.981s][info][gc,phases   ] GC(321) y: Young Generation 908M(89%)->108M(11%) 0.003s
[28.981s][info][gc          ] GC(321) Minor Collection (Allocation Rate) 908M(89%)->108M(11%) 0.003s
[29.048s][info][gc          ] GC(322) Minor Collection (Allocation Rate)
[29.048s][info][gc,task     ] GC(322) Using 2 Workers for Young Generation
[29.048s][info][gc,phases   ] GC(322) y: Young Generation
[29.048s][info][gc,phases   ] GC(322) y: Pause Mark Start 0.004ms
[29.050s][info][gc,phases   ] GC(322) y: Concurrent Mark 1.390ms
[29.050s][info][gc,phases   ] GC(322) y: Pause Mark End 0.006ms
[29.050s][info][gc,phases   ] GC(322) y: Concurrent Mark Free 0.000ms
[29.050s][info][gc,phases   ] GC(322) y: Concurrent Reset Relocation Set 0.000ms
[29.051s][info][gc,reloc    ] GC(322) y: Using tenuring threshold: 1 (Computed)
[29.051s][info][gc,phases   ] GC(322) y: Concurrent Select Relocation Set 1.046ms
[29.051s][info][gc,phases   ] GC(322) y: Pause Relocate Start 0.004ms
[29.051s][info][gc,phases   ] GC(322) y: Concurrent Relocate 0.017ms
[29.051s][info][gc,alloc    ] GC(322) y:                         Mark Start        Mark End      Relocate Start    Relocate End   
[29.051s][info][gc,alloc    ] GC(322) y: Allocation Stalls:          0                0                0                0         
[29.051s][info][gc,load     ] GC(322) y: Load: 2.91 (29%) / 3.02 (30%) / 3.14 (31%)
[29.051s][info][gc,mmu      ] GC(322) y: MMU: 2ms/99.0%, 5ms/99.5%, 10ms/99.7%, 20ms/99.7%, 50ms/99.8%, 100ms/99.9%
[29.051s][info][gc,marking  ] GC(322) y: Mark: 2 stripe(s), 2 proactive flush(es), 1 terminate flush(es), 0 completion(s), 0 continuation(s) 
[29.051s][info][gc,marking  ] GC(322) y: Mark Stack Usage: 32M
[29.051s][info][gc,nmethod  ] GC(322) y: NMethods: 1588 registered, 169 unregistered
[29.051s][info][gc,metaspace] GC(322) y: Metaspace: 9M used, 10M committed, 1088M reserved
[29.051s][info][gc,reloc    ] GC(322) y:                        Candidates     Selected     In-Place         Size        Empty    Relocated 
[29.051s][info][gc,reloc    ] GC(322) y: Small Pages:                    2            0            0           4M           2M           0M 
[29.051s][info][gc,reloc    ] GC(322) y: Medium Pages:                  27            0            0         864M         832M           0M 
[29.051s][info][gc,reloc    ] GC(322) y: Large Pages:                    0            0            0           0M           0M           0M 
[29.051s][info][gc,reloc    ] GC(322) y: Forwarding Usage: 0M
[29.051s][info][gc,reloc    ] GC(322) y: Age Table:
[29.051s][info][gc,reloc    ] GC(322) y:                    Live             Garbage             Small              Medium             Large        
[29.051s][info][gc,reloc    ] GC(322) y: Eden               0M (0%)          833M (81%)          1 / 0             26 / 0              0 / 0        
[29.051s][info][gc,reloc    ] GC(322) y: Survivor 1          -                34M (3%)           1 / 0              1 / 0              0 / 0        
[29.051s][info][gc,heap     ] GC(322) y: Min Capacity: 8M(1%)
[29.051s][info][gc,heap     ] GC(322) y: Max Capacity: 1024M(100%)
[29.051s][info][gc,heap     ] GC(322) y: Soft Max Capacity: 1024M(100%)
[29.051s][info][gc,heap     ] GC(322) y: Heap Statistics:
[29.051s][info][gc,heap     ] GC(322) y:                Mark Start          Mark End        Relocate Start      Relocate End           High               Low         
[29.051s][info][gc,heap     ] GC(322) y:  Capacity:     1024M (100%)       1024M (100%)       1024M (100%)       1024M (100%)       1024M (100%)       1024M (100%)   
[29.051s][info][gc,heap     ] GC(322) y:      Free:      116M (11%)          82M (8%)          916M (89%)         916M (89%)         916M (89%)          82M (8%)     
[29.051s][info][gc,heap     ] GC(322) y:      Used:      908M (89%)         942M (92%)         108M (11%)         108M (11%)         942M (92%)         108M (11%)    
[29.051s][info][gc,heap     ] GC(322) y: Young Generation Statistics:
[29.051s][info][gc,heap     ] GC(322) y:                Mark Start          Mark End        Relocate Start      Relocate End    
[29.051s][info][gc,heap     ] GC(322) y:      Used:      868M (85%)         902M (88%)          68M (7%)           68M (7%)     
[29.051s][info][gc,heap     ] GC(322) y:      Live:         -                 0M (0%)            0M (0%)            0M (0%)     
[29.051s][info][gc,heap     ] GC(322) y:   Garbage:         -               867M (85%)          33M (3%)           33M (3%)     
[29.051s][info][gc,heap     ] GC(322) y: Allocated:         -                34M (3%)           34M (3%)           34M (3%)     
[29.051s][info][gc,heap     ] GC(322) y: Reclaimed:         -                  -               834M (81%)         834M (81%)    
[29.051s][info][gc,heap     ] GC(322) y:  Promoted:         -                  -                 0M (0%)            0M (0%)     
[29.051s][info][gc,heap     ] GC(322) y: Compacted:         -                  -                  -                 0M (0%)     
[29.051s][info][gc,phases   ] GC(322) y: Young Generation 908M(89%)->108M(11%) 0.003s
[29.051s][info][gc          ] GC(322) Minor Collection (Allocation Rate) 908M(89%)->108M(11%) 0.003s
[29.116s][info][gc          ] GC(323) Minor Collection (Allocation Rate)
[29.116s][info][gc,task     ] GC(323) Using 1 Workers for Young Generation
[29.116s][info][gc,phases   ] GC(323) y: Young Generation
[29.116s][info][gc,phases   ] GC(323) y: Pause Mark Start 0.005ms
[29.118s][info][gc,phases   ] GC(323) y: Concurrent Mark 2.208ms
[29.118s][info][gc,phases   ] GC(323) y: Pause Mark End 0.006ms
[29.118s][info][gc,phases   ] GC(323) y: Concurrent Mark Free 0.000ms
[29.118s][info][gc,phases   ] GC(323) y: Concurrent Reset Relocation Set 0.000ms
[29.119s][info][gc,reloc    ] GC(323) y: Using tenuring threshold: 1 (Computed)
[29.119s][info][gc,phases   ] GC(323) y: Concurrent Select Relocation Set 1.123ms
[29.119s][info][gc,phases   ] GC(323) y: Pause Relocate Start 0.006ms
[29.119s][info][gc,phases   ] GC(323) y: Concurrent Relocate 0.030ms
[29.119s][info][gc,alloc    ] GC(323) y:                         Mark Start        Mark End      Relocate Start    Relocate End   
[29.119s][info][gc,alloc    ] GC(323) y: Allocation Stalls:          0                0                0                0         
[29.119s][info][gc,load     ] GC(323) y: Load: 2.91 (29%) / 3.02 (30%) / 3.14 (31%)
[29.119s][info][gc,mmu      ] GC(323) y: MMU: 2ms/99.0%, 5ms/99.5%, 10ms/99.7%, 20ms/99.7%, 50ms/99.8%, 100ms/99.9%
[29.119s][info][gc,marking  ] GC(323) y: Mark: 1 stripe(s), 2 proactive flush(es), 1 terminate flush(es), 0 completion(s), 0 continuation(s) 
[29.119s][info][gc,marking  ] GC(323) y: Mark Stack Usage: 32M
[29.119s][info][gc,nmethod  ] GC(323) y: NMethods: 1588 registered, 169 unregistered
[29.119s][info][gc,metaspace] GC(323) y: Metaspace: 9M used, 10M committed, 1088M reserved
[29.119s][info][gc,reloc    ] GC(323) y:                        Candidates     Selected     In-Place         Size        Empty    Relocated 
[29.119s][info][gc,reloc    ] GC(323) y: Small Pages:                    2            0            0           4M           2M           0M 
[29.119s][info][gc,reloc    ] GC(323) y: Medium Pages:                  26            0            0         832M         800M           0M 
[29.119s][info][gc,reloc    ] GC(323) y: Large Pages:                    0            0            0           0M           0M           0M 
[29.119s][info][gc,reloc    ] GC(323) y: Forwarding Usage: 0M
[29.119s][info][gc,reloc    ] GC(323) y: Age Table:
[29.119s][info][gc,reloc    ] GC(323) y:                    Live             Garbage             Small              Medium             Large        
[29.119s][info][gc,reloc    ] GC(323) y: Eden               0M (0%)          801M (78%)          1 / 0             25 / 0              0 / 0        
[29.119s][info][gc,reloc    ] GC(323) y: Survivor 1          -                34M (3%)           1 / 0              1 / 0              0 / 0        
[29.119s][info][gc,heap     ] GC(323) y: Min Capacity: 8M(1%)
[29.119s][info][gc,heap     ] GC(323) y: Max Capacity: 1024M(100%)
[29.119s][info][gc,heap     ] GC(323) y: Soft Max Capacity: 1024M(100%)
[29.119s][info][gc,heap     ] GC(323) y: Heap Statistics:
[29.119s][info][gc,heap     ] GC(323) y:                Mark Start          Mark End        Relocate Start      Relocate End           High               Low         
[29.119s][info][gc,heap     ] GC(323) y:  Capacity:     1024M (100%)       1024M (100%)       1024M (100%)       1024M (100%)       1024M (100%)       1024M (100%)   
[29.119s][info][gc,heap     ] GC(323) y:      Free:      148M (14%)         114M (11%)         884M (86%)         884M (86%)         884M (86%)          82M (8%)     
[29.119s][info][gc,heap     ] GC(323) y:      Used:      876M (86%)         910M (89%)         140M (14%)         140M (14%)         942M (92%)         140M (14%)    
[29.119s][info][gc,heap     ] GC(323) y: Young Generation Statistics:
[29.119s][info][gc,heap     ] GC(323) y:                Mark Start          Mark End        Relocate Start      Relocate End    
[29.119s][info][gc,heap     ] GC(323) y:      Used:      836M (82%)         870M (85%)         100M (10%)         100M (10%)    
[29.119s][info][gc,heap     ] GC(323) y:      Live:         -                 0M (0%)            0M (0%)            0M (0%)     
[29.119s][info][gc,heap     ] GC(323) y:   Garbage:         -               835M (82%)          33M (3%)           33M (3%)     
[29.119s][info][gc,heap     ] GC(323) y: Allocated:         -                34M (3%)           66M (6%)           66M (6%)     
[29.119s][info][gc,heap     ] GC(323) y: Reclaimed:         -                  -               802M (78%)         802M (78%)    
[29.119s][info][gc,heap     ] GC(323) y:  Promoted:         -                  -                 0M (0%)            0M (0%)     
[29.120s][info][gc,heap     ] GC(323) y: Compacted:         -                  -                  -                 0M (0%)     
[29.120s][info][gc,phases   ] GC(323) y: Young Generation 876M(86%)->140M(14%) 0.004s
[29.120s][info][gc          ] GC(323) Minor Collection (Allocation Rate) 876M(86%)->140M(14%) 0.004s
[29.189s][info][gc          ] GC(324) Minor Collection (Allocation Rate)
[29.189s][info][gc,task     ] GC(324) Using 3 Workers for Young Generation
[29.189s][info][gc,phases   ] GC(324) y: Young Generation
[29.189s][info][gc,phases   ] GC(324) y: Pause Mark Start 0.007ms
[29.190s][info][gc,phases   ] GC(324) y: Concurrent Mark 1.030ms
[29.190s][info][gc,phases   ] GC(324) y: Pause Mark End 0.005ms
[29.190s][info][gc,phases   ] GC(324) y: Concurrent Mark Free 0.000ms
[29.190s][info][gc,phases   ] GC(324) y: Concurrent Reset Relocation Set 0.000ms
[29.191s][info][gc,reloc    ] GC(324) y: Using tenuring threshold: 1 (Computed)
[29.191s][info][gc,phases   ] GC(324) y: Concurrent Select Relocation Set 1.162ms
[29.191s][info][gc,phases   ] GC(324) y: Pause Relocate Start 0.003ms
[29.191s][info][gc,phases   ] GC(324) y: Concurrent Relocate 0.049ms
[29.191s][info][gc,alloc    ] GC(324) y:                         Mark Start        Mark End      Relocate Start    Relocate End   
[29.191s][info][gc,alloc    ] GC(324) y: Allocation Stalls:          0                0                0                0         
[29.191s][info][gc,load     ] GC(324) y: Load: 2.91 (29%) / 3.02 (30%) / 3.14 (31%)
[29.191s][info][gc,mmu      ] GC(324) y: MMU: 2ms/99.0%, 5ms/99.5%, 10ms/99.7%, 20ms/99.7%, 50ms/99.8%, 100ms/99.9%
[29.191s][info][gc,marking  ] GC(324) y: Mark: 2 stripe(s), 2 proactive flush(es), 1 terminate flush(es), 0 completion(s), 0 continuation(s) 
[29.191s][info][gc,marking  ] GC(324) y: Mark Stack Usage: 32M
[29.191s][info][gc,nmethod  ] GC(324) y: NMethods: 1588 registered, 169 unregistered
[29.191s][info][gc,metaspace] GC(324) y: Metaspace: 9M used, 10M committed, 1088M reserved
[29.191s][info][gc,reloc    ] GC(324) y:                        Candidates     Selected     In-Place         Size        Empty    Relocated 
[29.191s][info][gc,reloc    ] GC(324) y: Small Pages:                    2            0            0           4M           2M           0M 
[29.191s][info][gc,reloc    ] GC(324) y: Medium Pages:                  28            0            0         896M         864M           0M 
[29.191s][info][gc,reloc    ] GC(324) y: Large Pages:                    0            0            0           0M           0M           0M 
[29.191s][info][gc,reloc    ] GC(324) y: Forwarding Usage: 0M
[29.191s][info][gc,reloc    ] GC(324) y: Age Table:
[29.191s][info][gc,reloc    ] GC(324) y:                    Live             Garbage             Small              Medium             Large        
[29.191s][info][gc,reloc    ] GC(324) y: Eden               0M (0%)          865M (85%)          1 / 0             27 / 0              0 / 0        
[29.191s][info][gc,reloc    ] GC(324) y: Survivor 1          -                34M (3%)           1 / 0              1 / 0              0 / 0        
[29.191s][info][gc,heap     ] GC(324) y: Min Capacity: 8M(1%)
[29.191s][info][gc,heap     ] GC(324) y: Max Capacity: 1024M(100%)
[29.191s][info][gc,heap     ] GC(324) y: Soft Max Capacity: 1024M(100%)
[29.191s][info][gc,heap     ] GC(324) y: Heap Statistics:
[29.191s][info][gc,heap     ] GC(324) y:                Mark Start          Mark End        Relocate Start      Relocate End           High               Low         
[29.191s][info][gc,heap     ] GC(324) y:  Capacity:     1024M (100%)       1024M (100%)       1024M (100%)       1024M (100%)       1024M (100%)       1024M (100%)   
[29.191s][info][gc,heap     ] GC(324) y:      Free:       84M (8%)           50M (5%)          916M (89%)         916M (89%)         916M (89%)          50M (5%)     
[29.191s][info][gc,heap     ] GC(324) y:      Used:      940M (92%)         974M (95%)         108M (11%)         108M (11%)         974M (95%)         108M (11%)    
[29.191s][info][gc,heap     ] GC(324) y: Young Generation Statistics:
[29.191s][info][gc,heap     ] GC(324) y:                Mark Start          Mark End        Relocate Start      Relocate End    
[29.191s][info][gc,heap     ] GC(324) y:      Used:      900M (88%)         934M (91%)          68M (7%)           68M (7%)     
[29.191s][info][gc,heap     ] GC(324) y:      Live:         -                 0M (0%)            0M (0%)            0M (0%)     
[29.191s][info][gc,heap     ] GC(324) y:   Garbage:         -               899M (88%)          33M (3%)           33M (3%)     
[29.191s][info][gc,heap     ] GC(324) y: Allocated:         -                34M (3%)           34M (3%)           34M (3%)     
[29.191s][info][gc,heap     ] GC(324) y: Reclaimed:         -                  -               866M (85%)         866M (85%)    
[29.191s][info][gc,heap     ] GC(324) y:  Promoted:         -                  -                 0M (0%)            0M (0%)     
[29.191s][info][gc,heap     ] GC(324) y: Compacted:         -                  -                  -                 0M (0%)     
[29.191s][info][gc,phases   ] GC(324) y: Young Generation 940M(92%)->108M(11%) 0.003s
[29.191s][info][gc          ] GC(324) Minor Collection (Allocation Rate) 940M(92%)->108M(11%) 0.003s
[29.259s][info][gc          ] GC(325) Minor Collection (Allocation Rate)
[29.259s][info][gc,task     ] GC(325) Using 3 Workers for Young Generation
[29.259s][info][gc,phases   ] GC(325) y: Young Generation
[29.259s][info][gc,phases   ] GC(325) y: Pause Mark Start 0.007ms
[29.260s][info][gc,phases   ] GC(325) y: Concurrent Mark 1.042ms
[29.260s][info][gc,phases   ] GC(325) y: Pause Mark End 0.005ms
[29.260s][info][gc,phases   ] GC(325) y: Concurrent Mark Free 0.000ms
[29.260s][info][gc,phases   ] GC(325) y: Concurrent Reset Relocation Set 0.003ms
[29.261s][info][gc,reloc    ] GC(325) y: Using tenuring threshold: 1 (Computed)
[29.261s][info][gc,phases   ] GC(325) y: Concurrent Select Relocation Set 1.048ms
[29.261s][info][gc,phases   ] GC(325) y: Pause Relocate Start 0.004ms
[29.262s][info][gc,phases   ] GC(325) y: Concurrent Relocate 0.048ms
[29.262s][info][gc,alloc    ] GC(325) y:                         Mark Start        Mark End      Relocate Start    Relocate End   
[29.262s][info][gc,alloc    ] GC(325) y: Allocation Stalls:          0                0                0                0         
[29.262s][info][gc,load     ] GC(325) y: Load: 2.91 (29%) / 3.02 (30%) / 3.14 (31%)
[29.262s][info][gc,mmu      ] GC(325) y: MMU: 2ms/99.0%, 5ms/99.5%, 10ms/99.7%, 20ms/99.7%, 50ms/99.8%, 100ms/99.9%
[29.262s][info][gc,marking  ] GC(325) y: Mark: 2 stripe(s), 2 proactive flush(es), 1 terminate flush(es), 0 completion(s), 0 continuation(s) 
[29.262s][info][gc,marking  ] GC(325) y: Mark Stack Usage: 32M
[29.262s][info][gc,nmethod  ] GC(325) y: NMethods: 1588 registered, 169 unregistered
[29.262s][info][gc,metaspace] GC(325) y: Metaspace: 9M used, 10M committed, 1088M reserved
[29.262s][info][gc,reloc    ] GC(325) y:                        Candidates     Selected     In-Place         Size        Empty    Relocated 
[29.262s][info][gc,reloc    ] GC(325) y: Small Pages:                    2            0            0           4M           2M           0M 
[29.262s][info][gc,reloc    ] GC(325) y: Medium Pages:                  27            0            0         864M         832M           0M 
[29.262s][info][gc,reloc    ] GC(325) y: Large Pages:                    0            0            0           0M           0M           0M 
[29.262s][info][gc,reloc    ] GC(325) y: Forwarding Usage: 0M
[29.262s][info][gc,reloc    ] GC(325) y: Age Table:
[29.262s][info][gc,reloc    ] GC(325) y:                    Live             Garbage             Small              Medium             Large        
[29.262s][info][gc,reloc    ] GC(325) y: Eden               0M (0%)          833M (81%)          1 / 0             26 / 0              0 / 0        
[29.262s][info][gc,reloc    ] GC(325) y: Survivor 1          -                34M (3%)           1 / 0              1 / 0              0 / 0        
[29.262s][info][gc,heap     ] GC(325) y: Min Capacity: 8M(1%)
[29.262s][info][gc,heap     ] GC(325) y: Max Capacity: 1024M(100%)
[29.262s][info][gc,heap     ] GC(325) y: Soft Max Capacity: 1024M(100%)
[29.262s][info][gc,heap     ] GC(325) y: Heap Statistics:
[29.262s][info][gc,heap     ] GC(325) y:                Mark Start          Mark End        Relocate Start      Relocate End           High               Low         
[29.262s][info][gc,heap     ] GC(325) y:  Capacity:     1024M (100%)       1024M (100%)       1024M (100%)       1024M (100%)       1024M (100%)       1024M (100%)   
[29.262s][info][gc,heap     ] GC(325) y:      Free:      116M (11%)          82M (8%)          916M (89%)         916M (89%)         916M (89%)          82M (8%)     
[29.262s][info][gc,heap     ] GC(325) y:      Used:      908M (89%)         942M (92%)         108M (11%)         108M (11%)         942M (92%)         108M (11%)    
[29.262s][info][gc,heap     ] GC(325) y: Young Generation Statistics:
[29.262s][info][gc,heap     ] GC(325) y:                Mark Start          Mark End        Relocate Start      Relocate End    
[29.262s][info][gc,heap     ] GC(325) y:      Used:      868M (85%)         902M (88%)          68M (7%)           68M (7%)     
[29.262s][info][gc,heap     ] GC(325) y:      Live:         -                 0M (0%)            0M (0%)            0M (0%)     
[29.262s][info][gc,heap     ] GC(325) y:   Garbage:         -               867M (85%)          33M (3%)           33M (3%)     
[29.262s][info][gc,heap     ] GC(325) y: Allocated:         -                34M (3%)           34M (3%)           34M (3%)     
[29.262s][info][gc,heap     ] GC(325) y: Reclaimed:         -                  -               834M (81%)         834M (81%)    
[29.262s][info][gc,heap     ] GC(325) y:  Promoted:         -                  -                 0M (0%)            0M (0%)     
[29.262s][info][gc,heap     ] GC(325) y: Compacted:         -                  -                  -                 0M (0%)     
[29.262s][info][gc,phases   ] GC(325) y: Young Generation 908M(89%)->108M(11%) 0.002s
[29.262s][info][gc          ] GC(325) Minor Collection (Allocation Rate) 908M(89%)->108M(11%) 0.003s
[29.332s][info][gc          ] GC(326) Minor Collection (Allocation Rate)
[29.332s][info][gc,task     ] GC(326) Using 3 Workers for Young Generation
[29.332s][info][gc,phases   ] GC(326) y: Young Generation
[29.332s][info][gc,phases   ] GC(326) y: Pause Mark Start 0.004ms
[29.333s][info][gc,phases   ] GC(326) y: Concurrent Mark 0.926ms
[29.333s][info][gc,phases   ] GC(326) y: Pause Mark End 0.005ms
[29.333s][info][gc,phases   ] GC(326) y: Concurrent Mark Free 0.000ms
[29.333s][info][gc,phases   ] GC(326) y: Concurrent Reset Relocation Set 0.000ms
[29.334s][info][gc,reloc    ] GC(326) y: Using tenuring threshold: 1 (Computed)
[29.334s][info][gc,phases   ] GC(326) y: Concurrent Select Relocation Set 1.095ms
[29.334s][info][gc,phases   ] GC(326) y: Pause Relocate Start 0.004ms
[29.334s][info][gc,phases   ] GC(326) y: Concurrent Relocate 0.029ms
[29.334s][info][gc,alloc    ] GC(326) y:                         Mark Start        Mark End      Relocate Start    Relocate End   
[29.334s][info][gc,alloc    ] GC(326) y: Allocation Stalls:          0                0                0                0         
[29.334s][info][gc,load     ] GC(326) y: Load: 2.91 (29%) / 3.02 (30%) / 3.14 (31%)
[29.334s][info][gc,mmu      ] GC(326) y: MMU: 2ms/99.0%, 5ms/99.5%, 10ms/99.7%, 20ms/99.7%, 50ms/99.8%, 100ms/99.9%
[29.334s][info][gc,marking  ] GC(326) y: Mark: 2 stripe(s), 2 proactive flush(es), 1 terminate flush(es), 0 completion(s), 0 continuation(s) 
[29.334s][info][gc,marking  ] GC(326) y: Mark Stack Usage: 32M
[29.334s][info][gc,nmethod  ] GC(326) y: NMethods: 1588 registered, 169 unregistered
[29.334s][info][gc,metaspace] GC(326) y: Metaspace: 9M used, 10M committed, 1088M reserved
[29.334s][info][gc,reloc    ] GC(326) y:                        Candidates     Selected     In-Place         Size        Empty    Relocated 
[29.334s][info][gc,reloc    ] GC(326) y: Small Pages:                    2            0            0           4M           2M           0M 
[29.334s][info][gc,reloc    ] GC(326) y: Medium Pages:                  28            0            0         896M         864M           0M 
[29.334s][info][gc,reloc    ] GC(326) y: Large Pages:                    0            0            0           0M           0M           0M 
[29.334s][info][gc,reloc    ] GC(326) y: Forwarding Usage: 0M
[29.334s][info][gc,reloc    ] GC(326) y: Age Table:
[29.334s][info][gc,reloc    ] GC(326) y:                    Live             Garbage             Small              Medium             Large        
[29.334s][info][gc,reloc    ] GC(326) y: Eden               0M (0%)          865M (84%)          1 / 0             27 / 0              0 / 0        
[29.334s][info][gc,reloc    ] GC(326) y: Survivor 1          -                34M (3%)           1 / 0              1 / 0              0 / 0        
[29.334s][info][gc,heap     ] GC(326) y: Min Capacity: 8M(1%)
[29.334s][info][gc,heap     ] GC(326) y: Max Capacity: 1024M(100%)
[29.334s][info][gc,heap     ] GC(326) y: Soft Max Capacity: 1024M(100%)
[29.334s][info][gc,heap     ] GC(326) y: Heap Statistics:
[29.334s][info][gc,heap     ] GC(326) y:                Mark Start          Mark End        Relocate Start      Relocate End           High               Low         
[29.334s][info][gc,heap     ] GC(326) y:  Capacity:     1024M (100%)       1024M (100%)       1024M (100%)       1024M (100%)       1024M (100%)       1024M (100%)   
[29.334s][info][gc,heap     ] GC(326) y:      Free:       84M (8%)           50M (5%)          916M (89%)         916M (89%)         916M (89%)          50M (5%)     
[29.334s][info][gc,heap     ] GC(326) y:      Used:      940M (92%)         974M (95%)         108M (11%)         108M (11%)         974M (95%)         108M (11%)    
[29.334s][info][gc,heap     ] GC(326) y: Young Generation Statistics:
[29.334s][info][gc,heap     ] GC(326) y:                Mark Start          Mark End        Relocate Start      Relocate End    
[29.334s][info][gc,heap     ] GC(326) y:      Used:      900M (88%)         934M (91%)          68M (7%)           68M (7%)     
[29.334s][info][gc,heap     ] GC(326) y:      Live:         -                 0M (0%)            0M (0%)            0M (0%)     
[29.334s][info][gc,heap     ] GC(326) y:   Garbage:         -               899M (88%)          33M (3%)           33M (3%)     
[29.334s][info][gc,heap     ] GC(326) y: Allocated:         -                34M (3%)           34M (3%)           34M (3%)     
[29.334s][info][gc,heap     ] GC(326) y: Reclaimed:         -                  -               866M (85%)         866M (85%)    
[29.334s][info][gc,heap     ] GC(326) y:  Promoted:         -                  -                 0M (0%)            0M (0%)     
[29.334s][info][gc,heap     ] GC(326) y: Compacted:         -                  -                  -                 0M (0%)     
[29.334s][info][gc,phases   ] GC(326) y: Young Generation 940M(92%)->108M(11%) 0.002s
[29.334s][info][gc          ] GC(326) Minor Collection (Allocation Rate) 940M(92%)->108M(11%) 0.002s
[29.382s][info][gc          ] GC(327) Major Collection (Proactive)
[29.383s][info][gc,task     ] GC(327) Using 1 Workers for Young Generation
[29.383s][info][gc,task     ] GC(327) Using 1 Workers for Old Generation
[29.383s][info][gc,phases   ] GC(327) Y: Young Generation
[29.383s][info][gc,phases   ] GC(327) Y: Pause Mark Start (Major) 0.008ms
[29.384s][info][gc,phases   ] GC(327) Y: Concurrent Mark 1.806ms
[29.384s][info][gc,phases   ] GC(327) Y: Pause Mark End 0.005ms
[29.385s][info][gc,phases   ] GC(327) Y: Concurrent Mark Free 0.000ms
[29.385s][info][gc,phases   ] GC(327) Y: Concurrent Reset Relocation Set 0.000ms
[29.386s][info][gc,reloc    ] GC(327) Y: Using tenuring threshold: 1 (Computed)
[29.386s][info][gc,phases   ] GC(327) Y: Concurrent Select Relocation Set 1.027ms
[29.386s][info][gc,phases   ] GC(327) Y: Pause Relocate Start 0.004ms
[29.386s][info][gc,phases   ] GC(327) Y: Concurrent Relocate 0.013ms
[29.386s][info][gc,alloc    ] GC(327) Y:                         Mark Start        Mark End      Relocate Start    Relocate End   
[29.386s][info][gc,alloc    ] GC(327) Y: Allocation Stalls:          0                0                0                0         
[29.386s][info][gc,load     ] GC(327) Y: Load: 2.91 (29%) / 3.02 (30%) / 3.14 (31%)
[29.386s][info][gc,mmu      ] GC(327) Y: MMU: 2ms/99.0%, 5ms/99.5%, 10ms/99.7%, 20ms/99.7%, 50ms/99.8%, 100ms/99.9%
[29.386s][info][gc,marking  ] GC(327) Y: Mark: 1 stripe(s), 2 proactive flush(es), 1 terminate flush(es), 0 completion(s), 0 continuation(s) 
[29.386s][info][gc,marking  ] GC(327) Y: Mark Stack Usage: 32M
[29.386s][info][gc,nmethod  ] GC(327) Y: NMethods: 1588 registered, 169 unregistered
[29.386s][info][gc,metaspace] GC(327) Y: Metaspace: 9M used, 10M committed, 1088M reserved
[29.386s][info][gc,reloc    ] GC(327) Y:                        Candidates     Selected     In-Place         Size        Empty    Relocated 
[29.386s][info][gc,reloc    ] GC(327) Y: Small Pages:                    2            0            0           4M           2M           0M 
[29.386s][info][gc,reloc    ] GC(327) Y: Medium Pages:                  20            0            0         640M         608M           0M 
[29.386s][info][gc,reloc    ] GC(327) Y: Large Pages:                    0            0            0           0M           0M           0M 
[29.386s][info][gc,reloc    ] GC(327) Y: Forwarding Usage: 0M
[29.386s][info][gc,reloc    ] GC(327) Y: Age Table:
[29.386s][info][gc,reloc    ] GC(327) Y:                    Live             Garbage             Small              Medium             Large        
[29.386s][info][gc,reloc    ] GC(327) Y: Eden               0M (0%)          609M (60%)          1 / 0             19 / 0              0 / 0        
[29.386s][info][gc,reloc    ] GC(327) Y: Survivor 1          -                34M (3%)           1 / 0              1 / 0              0 / 0        
[29.386s][info][gc,heap     ] GC(327) Y: Min Capacity: 8M(1%)
[29.386s][info][gc,heap     ] GC(327) Y: Max Capacity: 1024M(100%)
[29.386s][info][gc,heap     ] GC(327) Y: Soft Max Capacity: 1024M(100%)
[29.386s][info][gc,heap     ] GC(327) Y: Heap Statistics:
[29.386s][info][gc,heap     ] GC(327) Y:                Mark Start          Mark End        Relocate Start      Relocate End           High               Low         
[29.386s][info][gc,heap     ] GC(327) Y:  Capacity:     1024M (100%)       1024M (100%)       1024M (100%)       1024M (100%)       1024M (100%)       1024M (100%)   
[29.386s][info][gc,heap     ] GC(327) Y:      Free:      340M (33%)         306M (30%)         916M (89%)         916M (89%)         916M (89%)         306M (30%)    
[29.386s][info][gc,heap     ] GC(327) Y:      Used:      684M (67%)         718M (70%)         108M (11%)         108M (11%)         718M (70%)         108M (11%)    
[29.386s][info][gc,heap     ] GC(327) Y: Young Generation Statistics:
[29.386s][info][gc,heap     ] GC(327) Y:                Mark Start          Mark End        Relocate Start      Relocate End    
[29.386s][info][gc,heap     ] GC(327) Y:      Used:      644M (63%)         678M (66%)          68M (7%)           68M (7%)     
[29.386s][info][gc,heap     ] GC(327) Y:      Live:         -                 0M (0%)            0M (0%)            0M (0%)     
[29.386s][info][gc,heap     ] GC(327) Y:   Garbage:         -               643M (63%)          33M (3%)           33M (3%)     
[29.386s][info][gc,heap     ] GC(327) Y: Allocated:         -                34M (3%)           34M (3%)           34M (3%)     
[29.386s][info][gc,heap     ] GC(327) Y: Reclaimed:         -                  -               610M (60%)         610M (60%)    
[29.386s][info][gc,heap     ] GC(327) Y:  Promoted:         -                  -                 0M (0%)            0M (0%)     
[29.386s][info][gc,heap     ] GC(327) Y: Compacted:         -                  -                  -                 0M (0%)     
[29.386s][info][gc,phases   ] GC(327) Y: Young Generation 684M(67%)->108M(11%) 0.003s
[29.386s][info][gc,phases   ] GC(327) O: Old Generation
[29.390s][info][gc,phases   ] GC(327) O: Concurrent Mark 4.405ms
[29.390s][info][gc,phases   ] GC(327) O: Pause Mark End 0.008ms
[29.390s][info][gc,phases   ] GC(327) O: Concurrent Mark Free 0.000ms
[29.393s][info][gc,phases   ] GC(327) O: Concurrent Process Non-Strong 2.401ms
[29.393s][info][gc,phases   ] GC(327) O: Concurrent Reset Relocation Set 0.001ms
[29.394s][info][gc,phases   ] GC(327) O: Concurrent Select Relocation Set 1.004ms
[29.394s][info][gc,task     ] GC(327) O: Using 2 Workers for Old Generation
[29.398s][info][gc,task     ] GC(327) O: Using 1 Workers for Old Generation
[29.398s][info][gc,phases   ] GC(327) O: Concurrent Remap Roots 4.037ms
[29.398s][info][gc,phases   ] GC(327) O: Pause Relocate Start 0.005ms
[29.399s][info][gc,phases   ] GC(327) O: Concurrent Relocate 0.794ms
[29.399s][info][gc,alloc    ] GC(327) O:                         Mark Start        Mark End      Relocate Start    Relocate End   
[29.399s][info][gc,alloc    ] GC(327) O: Allocation Stalls:          0                0                0                0         
[29.399s][info][gc,load     ] GC(327) O: Load: 2.91 (29%) / 3.02 (30%) / 3.14 (31%)
[29.399s][info][gc,mmu      ] GC(327) O: MMU: 2ms/99.0%, 5ms/99.5%, 10ms/99.7%, 20ms/99.7%, 50ms/99.8%, 100ms/99.9%
[29.399s][info][gc,marking  ] GC(327) O: Mark: 1 stripe(s), 2 proactive flush(es), 1 terminate flush(es), 0 completion(s), 0 continuation(s) 
[29.399s][info][gc,marking  ] GC(327) O: Mark Stack Usage: 32M
[29.399s][info][gc,nmethod  ] GC(327) O: NMethods: 1588 registered, 169 unregistered
[29.399s][info][gc,metaspace] GC(327) O: Metaspace: 9M used, 10M committed, 1088M reserved
[29.399s][info][gc,ref      ] GC(327) O:                       Encountered   Discovered     Enqueued 
[29.399s][info][gc,ref      ] GC(327) O: Soft References:              372            0            0 
[29.399s][info][gc,ref      ] GC(327) O: Weak References:             1110          834            0 
[29.399s][info][gc,ref      ] GC(327) O: Final References:             880          270            0 
[29.399s][info][gc,ref      ] GC(327) O: Phantom References:            32            2            0 
[29.399s][info][gc,reloc    ] GC(327) O:                        Candidates     Selected     In-Place         Size        Empty    Relocated 
[29.399s][info][gc,reloc    ] GC(327) O: Small Pages:                    4            1            0           8M           0M           1M 
[29.399s][info][gc,reloc    ] GC(327) O: Medium Pages:                   1            0            0          32M           0M           0M 
[29.399s][info][gc,reloc    ] GC(327) O: Large Pages:                    0            0            0           0M           0M           0M 
[29.399s][info][gc,reloc    ] GC(327) O: Forwarding Usage: 0M
[29.399s][info][gc,heap     ] GC(327) O: Min Capacity: 8M(1%)
[29.399s][info][gc,heap     ] GC(327) O: Max Capacity: 1024M(100%)
[29.399s][info][gc,heap     ] GC(327) O: Soft Max Capacity: 1024M(100%)
[29.399s][info][gc,heap     ] GC(327) O: Heap Statistics:
[29.399s][info][gc,heap     ] GC(327) O:                Mark Start          Mark End        Relocate Start      Relocate End           High               Low         
[29.399s][info][gc,heap     ] GC(327) O:  Capacity:     1024M (100%)       1024M (100%)       1024M (100%)       1024M (100%)       1024M (100%)       1024M (100%)   
[29.399s][info][gc,heap     ] GC(327) O:      Free:      340M (33%)         852M (83%)         756M (74%)         756M (74%)         916M (89%)         306M (30%)    
[29.399s][info][gc,heap     ] GC(327) O:      Used:      684M (67%)         172M (17%)         268M (26%)         268M (26%)         718M (70%)         108M (11%)    
[29.399s][info][gc,heap     ] GC(327) O: Old Generation Statistics:
[29.399s][info][gc,heap     ] GC(327) O:                Mark Start          Mark End        Relocate Start      Relocate End    
[29.399s][info][gc,heap     ] GC(327) O:      Used:       40M (4%)           40M (4%)           40M (4%)           40M (4%)     
[29.399s][info][gc,heap     ] GC(327) O:      Live:         -                 4M (0%)            4M (0%)            4M (0%)     
[29.399s][info][gc,heap     ] GC(327) O:   Garbage:         -                35M (3%)           35M (3%)           32M (3%)     
[29.399s][info][gc,heap     ] GC(327) O: Allocated:         -                 0M (0%)            0M (0%)            2M (0%)     
[29.399s][info][gc,heap     ] GC(327) O: Reclaimed:         -                  -                 0M (0%)            2M (0%)     
[29.399s][info][gc,heap     ] GC(327) O: Compacted:         -                  -                  -                 1M (0%)     
[29.399s][info][gc,phases   ] GC(327) O: Old Generation 108M(11%)->268M(26%) 0.013s
[29.399s][info][gc          ] GC(327) Major Collection (Proactive) 684M(67%)->268M(26%) 0.016s
[29.456s][info][gc          ] GC(328) Minor Collection (Allocation Rate)
[29.456s][info][gc,task     ] GC(328) Using 3 Workers for Young Generation
[29.456s][info][gc,phases   ] GC(328) y: Young Generation
[29.456s][info][gc,phases   ] GC(328) y: Pause Mark Start 0.006ms
[29.457s][info][gc,phases   ] GC(328) y: Concurrent Mark 1.209ms
[29.457s][info][gc,phases   ] GC(328) y: Pause Mark End 0.005ms
[29.457s][info][gc,phases   ] GC(328) y: Concurrent Mark Free 0.000ms
[29.457s][info][gc,phases   ] GC(328) y: Concurrent Reset Relocation Set 0.000ms
[29.458s][info][gc,reloc    ] GC(328) y: Using tenuring threshold: 1 (Computed)
[29.458s][info][gc,phases   ] GC(328) y: Concurrent Select Relocation Set 1.066ms
[29.458s][info][gc,phases   ] GC(328) y: Pause Relocate Start 0.005ms
[29.458s][info][gc,phases   ] GC(328) y: Concurrent Relocate 0.026ms
[29.458s][info][gc,alloc    ] GC(328) y:                         Mark Start        Mark End      Relocate Start    Relocate End   
[29.458s][info][gc,alloc    ] GC(328) y: Allocation Stalls:          0                0                0                0         
[29.458s][info][gc,load     ] GC(328) y: Load: 2.91 (29%) / 3.02 (30%) / 3.14 (31%)
[29.458s][info][gc,mmu      ] GC(328) y: MMU: 2ms/99.0%, 5ms/99.5%, 10ms/99.7%, 20ms/99.7%, 50ms/99.8%, 100ms/99.9%
[29.458s][info][gc,marking  ] GC(328) y: Mark: 2 stripe(s), 2 proactive flush(es), 1 terminate flush(es), 0 completion(s), 0 continuation(s) 
[29.458s][info][gc,marking  ] GC(328) y: Mark Stack Usage: 32M
[29.458s][info][gc,nmethod  ] GC(328) y: NMethods: 1588 registered, 169 unregistered
[29.458s][info][gc,metaspace] GC(328) y: Metaspace: 9M used, 10M committed, 1088M reserved
[29.458s][info][gc,reloc    ] GC(328) y:                        Candidates     Selected     In-Place         Size        Empty    Relocated 
[29.458s][info][gc,reloc    ] GC(328) y: Small Pages:                    2            0            0           4M           2M           0M 
[29.458s][info][gc,reloc    ] GC(328) y: Medium Pages:                  28            0            0         896M         864M           0M 
[29.458s][info][gc,reloc    ] GC(328) y: Large Pages:                    0            0            0           0M           0M           0M 
[29.458s][info][gc,reloc    ] GC(328) y: Forwarding Usage: 0M
[29.458s][info][gc,reloc    ] GC(328) y: Age Table:
[29.458s][info][gc,reloc    ] GC(328) y:                    Live             Garbage             Small              Medium             Large        
[29.458s][info][gc,reloc    ] GC(328) y: Eden               0M (0%)          865M (85%)          1 / 0             27 / 0              0 / 0        
[29.458s][info][gc,reloc    ] GC(328) y: Survivor 1          -                34M (3%)           1 / 0              1 / 0              0 / 0        
[29.458s][info][gc,heap     ] GC(328) y: Min Capacity: 8M(1%)
[29.458s][info][gc,heap     ] GC(328) y: Max Capacity: 1024M(100%)
[29.458s][info][gc,heap     ] GC(328) y: Soft Max Capacity: 1024M(100%)
[29.458s][info][gc,heap     ] GC(328) y: Heap Statistics:
[29.458s][info][gc,heap     ] GC(328) y:                Mark Start          Mark End        Relocate Start      Relocate End           High               Low         
[29.458s][info][gc,heap     ] GC(328) y:  Capacity:     1024M (100%)       1024M (100%)       1024M (100%)       1024M (100%)       1024M (100%)       1024M (100%)   
[29.458s][info][gc,heap     ] GC(328) y:      Free:       84M (8%)           50M (5%)          916M (89%)         916M (89%)         916M (89%)          50M (5%)     
[29.458s][info][gc,heap     ] GC(328) y:      Used:      940M (92%)         974M (95%)         108M (11%)         108M (11%)         974M (95%)         108M (11%)    
[29.458s][info][gc,heap     ] GC(328) y: Young Generation Statistics:
[29.459s][info][gc,heap     ] GC(328) y:                Mark Start          Mark End        Relocate Start      Relocate End    
[29.459s][info][gc,heap     ] GC(328) y:      Used:      900M (88%)         934M (91%)          68M (7%)           68M (7%)     
[29.459s][info][gc,heap     ] GC(328) y:      Live:         -                 0M (0%)            0M (0%)            0M (0%)     
[29.459s][info][gc,heap     ] GC(328) y:   Garbage:         -               899M (88%)          33M (3%)           33M (3%)     
[29.459s][info][gc,heap     ] GC(328) y: Allocated:         -                34M (3%)           34M (3%)           34M (3%)     
[29.459s][info][gc,heap     ] GC(328) y: Reclaimed:         -                  -               866M (85%)         866M (85%)    
[29.459s][info][gc,heap     ] GC(328) y:  Promoted:         -                  -                 0M (0%)            0M (0%)     
[29.459s][info][gc,heap     ] GC(328) y: Compacted:         -                  -                  -                 0M (0%)     
[29.459s][info][gc,phases   ] GC(328) y: Young Generation 940M(92%)->108M(11%) 0.003s
[29.459s][info][gc          ] GC(328) Minor Collection (Allocation Rate) 940M(92%)->108M(11%) 0.003s
[29.518s][info][gc          ] GC(329) Minor Collection (Allocation Rate)
[29.518s][info][gc,task     ] GC(329) Using 1 Workers for Young Generation
[29.518s][info][gc,phases   ] GC(329) y: Young Generation
[29.518s][info][gc,phases   ] GC(329) y: Pause Mark Start 0.005ms
[29.521s][info][gc,phases   ] GC(329) y: Concurrent Mark 2.551ms
[29.521s][info][gc,phases   ] GC(329) y: Pause Mark End 0.005ms
[29.521s][info][gc,phases   ] GC(329) y: Concurrent Mark Free 0.000ms
[29.521s][info][gc,phases   ] GC(329) y: Concurrent Reset Relocation Set 0.000ms
[29.522s][info][gc,reloc    ] GC(329) y: Using tenuring threshold: 1 (Computed)
[29.522s][info][gc,phases   ] GC(329) y: Concurrent Select Relocation Set 1.127ms
[29.522s][info][gc,phases   ] GC(329) y: Pause Relocate Start 0.004ms
[29.522s][info][gc,phases   ] GC(329) y: Concurrent Relocate 0.033ms
[29.522s][info][gc,alloc    ] GC(329) y:                         Mark Start        Mark End      Relocate Start    Relocate End   
[29.522s][info][gc,alloc    ] GC(329) y: Allocation Stalls:          0                0                0                0         
[29.522s][info][gc,load     ] GC(329) y: Load: 2.91 (29%) / 3.02 (30%) / 3.14 (31%)
[29.522s][info][gc,mmu      ] GC(329) y: MMU: 2ms/99.0%, 5ms/99.5%, 10ms/99.7%, 20ms/99.7%, 50ms/99.8%, 100ms/99.9%
[29.522s][info][gc,marking  ] GC(329) y: Mark: 1 stripe(s), 2 proactive flush(es), 1 terminate flush(es), 0 completion(s), 0 continuation(s) 
[29.522s][info][gc,marking  ] GC(329) y: Mark Stack Usage: 32M
[29.522s][info][gc,nmethod  ] GC(329) y: NMethods: 1588 registered, 169 unregistered
[29.522s][info][gc,metaspace] GC(329) y: Metaspace: 9M used, 10M committed, 1088M reserved
[29.522s][info][gc,reloc    ] GC(329) y:                        Candidates     Selected     In-Place         Size        Empty    Relocated 
[29.522s][info][gc,reloc    ] GC(329) y: Small Pages:                    2            0            0           4M           2M           0M 
[29.522s][info][gc,reloc    ] GC(329) y: Medium Pages:                  24            0            0         768M         736M           0M 
[29.522s][info][gc,reloc    ] GC(329) y: Large Pages:                    0            0            0           0M           0M           0M 
[29.522s][info][gc,reloc    ] GC(329) y: Forwarding Usage: 0M
[29.522s][info][gc,reloc    ] GC(329) y: Age Table:
[29.522s][info][gc,reloc    ] GC(329) y:                    Live             Garbage             Small              Medium             Large        
[29.522s][info][gc,reloc    ] GC(329) y: Eden               0M (0%)          737M (72%)          1 / 0             23 / 0              0 / 0        
[29.522s][info][gc,reloc    ] GC(329) y: Survivor 1          -                34M (3%)           1 / 0              1 / 0              0 / 0        
[29.522s][info][gc,heap     ] GC(329) y: Min Capacity: 8M(1%)
[29.522s][info][gc,heap     ] GC(329) y: Max Capacity: 1024M(100%)
[29.522s][info][gc,heap     ] GC(329) y: Soft Max Capacity: 1024M(100%)
[29.522s][info][gc,heap     ] GC(329) y: Heap Statistics:
[29.522s][info][gc,heap     ] GC(329) y:                Mark Start          Mark End        Relocate Start      Relocate End           High               Low         
[29.522s][info][gc,heap     ] GC(329) y:  Capacity:     1024M (100%)       1024M (100%)       1024M (100%)       1024M (100%)       1024M (100%)       1024M (100%)   
[29.522s][info][gc,heap     ] GC(329) y:      Free:      212M (21%)         178M (17%)         884M (86%)         884M (86%)         884M (86%)         146M (14%)    
[29.522s][info][gc,heap     ] GC(329) y:      Used:      812M (79%)         846M (83%)         140M (14%)         140M (14%)         878M (86%)         140M (14%)    
[29.522s][info][gc,heap     ] GC(329) y: Young Generation Statistics:
[29.522s][info][gc,heap     ] GC(329) y:                Mark Start          Mark End        Relocate Start      Relocate End    
[29.522s][info][gc,heap     ] GC(329) y:      Used:      772M (75%)         806M (79%)         100M (10%)         100M (10%)    
[29.522s][info][gc,heap     ] GC(329) y:      Live:         -                 0M (0%)            0M (0%)            0M (0%)     
[29.522s][info][gc,heap     ] GC(329) y:   Garbage:         -               771M (75%)          33M (3%)           33M (3%)     
[29.522s][info][gc,heap     ] GC(329) y: Allocated:         -                34M (3%)           66M (6%)           66M (6%)     
[29.522s][info][gc,heap     ] GC(329) y: Reclaimed:         -                  -               738M (72%)         738M (72%)    
[29.522s][info][gc,heap     ] GC(329) y:  Promoted:         -                  -                 0M (0%)            0M (0%)     
[29.522s][info][gc,heap     ] GC(329) y: Compacted:         -                  -                  -                 0M (0%)     
[29.522s][info][gc,phases   ] GC(329) y: Young Generation 812M(79%)->140M(14%) 0.004s
[29.522s][info][gc          ] GC(329) Minor Collection (Allocation Rate) 812M(79%)->140M(14%) 0.004s
[29.583s][info][gc          ] GC(330) Minor Collection (Allocation Rate)
[29.583s][info][gc,task     ] GC(330) Using 1 Workers for Young Generation
[29.583s][info][gc,phases   ] GC(330) y: Young Generation
[29.583s][info][gc,phases   ] GC(330) y: Pause Mark Start 0.005ms
[29.585s][info][gc,phases   ] GC(330) y: Concurrent Mark 1.962ms
[29.585s][info][gc,phases   ] GC(330) y: Pause Mark End 0.006ms
[29.585s][info][gc,phases   ] GC(330) y: Concurrent Mark Free 0.000ms
[29.585s][info][gc,phases   ] GC(330) y: Concurrent Reset Relocation Set 0.000ms
[29.586s][info][gc,reloc    ] GC(330) y: Using tenuring threshold: 1 (Computed)
[29.586s][info][gc,phases   ] GC(330) y: Concurrent Select Relocation Set 1.074ms
[29.586s][info][gc,phases   ] GC(330) y: Pause Relocate Start 0.004ms
[29.586s][info][gc,phases   ] GC(330) y: Concurrent Relocate 0.028ms
[29.586s][info][gc,alloc    ] GC(330) y:                         Mark Start        Mark End      Relocate Start    Relocate End   
[29.586s][info][gc,alloc    ] GC(330) y: Allocation Stalls:          0                0                0                0         
[29.586s][info][gc,load     ] GC(330) y: Load: 2.91 (29%) / 3.02 (30%) / 3.14 (31%)
[29.586s][info][gc,mmu      ] GC(330) y: MMU: 2ms/99.0%, 5ms/99.5%, 10ms/99.7%, 20ms/99.7%, 50ms/99.8%, 100ms/99.9%
[29.586s][info][gc,marking  ] GC(330) y: Mark: 1 stripe(s), 2 proactive flush(es), 1 terminate flush(es), 0 completion(s), 0 continuation(s) 
[29.586s][info][gc,marking  ] GC(330) y: Mark Stack Usage: 32M
[29.586s][info][gc,nmethod  ] GC(330) y: NMethods: 1588 registered, 169 unregistered
[29.586s][info][gc,metaspace] GC(330) y: Metaspace: 9M used, 10M committed, 1088M reserved
[29.586s][info][gc,reloc    ] GC(330) y:                        Candidates     Selected     In-Place         Size        Empty    Relocated 
[29.586s][info][gc,reloc    ] GC(330) y: Small Pages:                    2            0            0           4M           2M           0M 
[29.586s][info][gc,reloc    ] GC(330) y: Medium Pages:                  25            0            0         800M         768M           0M 
[29.586s][info][gc,reloc    ] GC(330) y: Large Pages:                    0            0            0           0M           0M           0M 
[29.586s][info][gc,reloc    ] GC(330) y: Forwarding Usage: 0M
[29.586s][info][gc,reloc    ] GC(330) y: Age Table:
[29.586s][info][gc,reloc    ] GC(330) y:                    Live             Garbage             Small              Medium             Large        
[29.586s][info][gc,reloc    ] GC(330) y: Eden               0M (0%)          769M (75%)          1 / 0             24 / 0              0 / 0        
[29.586s][info][gc,reloc    ] GC(330) y: Survivor 1          -                34M (3%)           1 / 0              1 / 0              0 / 0        
[29.586s][info][gc,heap     ] GC(330) y: Min Capacity: 8M(1%)
[29.586s][info][gc,heap     ] GC(330) y: Max Capacity: 1024M(100%)
[29.586s][info][gc,heap     ] GC(330) y: Soft Max Capacity: 1024M(100%)
[29.586s][info][gc,heap     ] GC(330) y: Heap Statistics:
[29.586s][info][gc,heap     ] GC(330) y:                Mark Start          Mark End        Relocate Start      Relocate End           High               Low         
[29.586s][info][gc,heap     ] GC(330) y:  Capacity:     1024M (100%)       1024M (100%)       1024M (100%)       1024M (100%)       1024M (100%)       1024M (100%)   
[29.586s][info][gc,heap     ] GC(330) y:      Free:      180M (18%)         146M (14%)         884M (86%)         884M (86%)         916M (89%)         146M (14%)    
[29.586s][info][gc,heap     ] GC(330) y:      Used:      844M (82%)         878M (86%)         140M (14%)         140M (14%)         878M (86%)         108M (11%)    
[29.586s][info][gc,heap     ] GC(330) y: Young Generation Statistics:
[29.586s][info][gc,heap     ] GC(330) y:                Mark Start          Mark End        Relocate Start      Relocate End    
[29.586s][info][gc,heap     ] GC(330) y:      Used:      804M (79%)         838M (82%)         100M (10%)         100M (10%)    
[29.586s][info][gc,heap     ] GC(330) y:      Live:         -                 0M (0%)            0M (0%)            0M (0%)     
[29.586s][info][gc,heap     ] GC(330) y:   Garbage:         -               803M (78%)          33M (3%)           33M (3%)     
[29.586s][info][gc,heap     ] GC(330) y: Allocated:         -                34M (3%)           66M (6%)           66M (6%)     
[29.586s][info][gc,heap     ] GC(330) y: Reclaimed:         -                  -               770M (75%)         770M (75%)    
[29.586s][info][gc,heap     ] GC(330) y:  Promoted:         -                  -                 0M (0%)            0M (0%)     
[29.586s][info][gc,heap     ] GC(330) y: Compacted:         -                  -                  -                 0M (0%)     
[29.586s][info][gc,phases   ] GC(330) y: Young Generation 844M(82%)->140M(14%) 0.003s
[29.586s][info][gc          ] GC(330) Minor Collection (Allocation Rate) 844M(82%)->140M(14%) 0.004s
[29.655s][info][gc          ] GC(331) Minor Collection (Allocation Rate)
[29.655s][info][gc,task     ] GC(331) Using 3 Workers for Young Generation
[29.655s][info][gc,phases   ] GC(331) y: Young Generation
[29.655s][info][gc,phases   ] GC(331) y: Pause Mark Start 0.008ms
[29.657s][info][gc,phases   ] GC(331) y: Concurrent Mark 1.020ms
[29.657s][info][gc,phases   ] GC(331) y: Pause Mark End 0.005ms
[29.657s][info][gc,phases   ] GC(331) y: Concurrent Mark Free 0.000ms
[29.657s][info][gc,phases   ] GC(331) y: Concurrent Reset Relocation Set 0.000ms
[29.658s][info][gc,reloc    ] GC(331) y: Using tenuring threshold: 1 (Computed)
[29.658s][info][gc,phases   ] GC(331) y: Concurrent Select Relocation Set 1.003ms
[29.658s][info][gc,phases   ] GC(331) y: Pause Relocate Start 0.003ms
[29.658s][info][gc,phases   ] GC(331) y: Concurrent Relocate 0.037ms
[29.658s][info][gc,alloc    ] GC(331) y:                         Mark Start        Mark End      Relocate Start    Relocate End   
[29.658s][info][gc,alloc    ] GC(331) y: Allocation Stalls:          0                0                0                0         
[29.658s][info][gc,load     ] GC(331) y: Load: 2.91 (29%) / 3.02 (30%) / 3.14 (31%)
[29.658s][info][gc,mmu      ] GC(331) y: MMU: 2ms/99.0%, 5ms/99.5%, 10ms/99.7%, 20ms/99.7%, 50ms/99.8%, 100ms/99.9%
[29.658s][info][gc,marking  ] GC(331) y: Mark: 2 stripe(s), 2 proactive flush(es), 1 terminate flush(es), 0 completion(s), 0 continuation(s) 
[29.658s][info][gc,marking  ] GC(331) y: Mark Stack Usage: 32M
[29.658s][info][gc,nmethod  ] GC(331) y: NMethods: 1588 registered, 169 unregistered
[29.658s][info][gc,metaspace] GC(331) y: Metaspace: 9M used, 10M committed, 1088M reserved
[29.658s][info][gc,reloc    ] GC(331) y:                        Candidates     Selected     In-Place         Size        Empty    Relocated 
[29.658s][info][gc,reloc    ] GC(331) y: Small Pages:                    2            0            0           4M           2M           0M 
[29.658s][info][gc,reloc    ] GC(331) y: Medium Pages:                  28            0            0         896M         864M           0M 
[29.658s][info][gc,reloc    ] GC(331) y: Large Pages:                    0            0            0           0M           0M           0M 
[29.658s][info][gc,reloc    ] GC(331) y: Forwarding Usage: 0M
[29.658s][info][gc,reloc    ] GC(331) y: Age Table:
[29.658s][info][gc,reloc    ] GC(331) y:                    Live             Garbage             Small              Medium             Large        
[29.658s][info][gc,reloc    ] GC(331) y: Eden               0M (0%)          865M (85%)          1 / 0             27 / 0              0 / 0        
[29.658s][info][gc,reloc    ] GC(331) y: Survivor 1          -                34M (3%)           1 / 0              1 / 0              0 / 0        
[29.658s][info][gc,heap     ] GC(331) y: Min Capacity: 8M(1%)
[29.658s][info][gc,heap     ] GC(331) y: Max Capacity: 1024M(100%)
[29.658s][info][gc,heap     ] GC(331) y: Soft Max Capacity: 1024M(100%)
[29.658s][info][gc,heap     ] GC(331) y: Heap Statistics:
[29.658s][info][gc,heap     ] GC(331) y:                Mark Start          Mark End        Relocate Start      Relocate End           High               Low         
[29.658s][info][gc,heap     ] GC(331) y:  Capacity:     1024M (100%)       1024M (100%)       1024M (100%)       1024M (100%)       1024M (100%)       1024M (100%)   
[29.658s][info][gc,heap     ] GC(331) y:      Free:       84M (8%)           50M (5%)          916M (89%)         916M (89%)         916M (89%)          50M (5%)     
[29.658s][info][gc,heap     ] GC(331) y:      Used:      940M (92%)         974M (95%)         108M (11%)         108M (11%)         974M (95%)         108M (11%)    
[29.658s][info][gc,heap     ] GC(331) y: Young Generation Statistics:
[29.658s][info][gc,heap     ] GC(331) y:                Mark Start          Mark End        Relocate Start      Relocate End    
[29.658s][info][gc,heap     ] GC(331) y:      Used:      900M (88%)         934M (91%)          68M (7%)           68M (7%)     
[29.658s][info][gc,heap     ] GC(331) y:      Live:         -                 0M (0%)            0M (0%)            0M (0%)     
[29.658s][info][gc,heap     ] GC(331) y:   Garbage:         -               899M (88%)          33M (3%)           33M (3%)     
[29.658s][info][gc,heap     ] GC(331) y: Allocated:         -                34M (3%)           34M (3%)           34M (3%)     
[29.658s][info][gc,heap     ] GC(331) y: Reclaimed:         -                  -               866M (85%)         866M (85%)    
[29.658s][info][gc,heap     ] GC(331) y:  Promoted:         -                  -                 0M (0%)            0M (0%)     
[29.658s][info][gc,heap     ] GC(331) y: Compacted:         -                  -                  -                 0M (0%)     
[29.658s][info][gc,phases   ] GC(331) y: Young Generation 940M(92%)->108M(11%) 0.002s
[29.658s][info][gc          ] GC(331) Minor Collection (Allocation Rate) 940M(92%)->108M(11%) 0.002s
[29.728s][info][gc          ] GC(332) Minor Collection (Allocation Rate)
[29.728s][info][gc,task     ] GC(332) Using 3 Workers for Young Generation
[29.728s][info][gc,phases   ] GC(332) y: Young Generation
[29.728s][info][gc,phases   ] GC(332) y: Pause Mark Start 0.004ms
[29.729s][info][gc,phases   ] GC(332) y: Concurrent Mark 1.016ms
[29.729s][info][gc,phases   ] GC(332) y: Pause Mark End 0.005ms
[29.729s][info][gc,phases   ] GC(332) y: Concurrent Mark Free 0.000ms
[29.729s][info][gc,phases   ] GC(332) y: Concurrent Reset Relocation Set 0.000ms
[29.731s][info][gc,reloc    ] GC(332) y: Using tenuring threshold: 1 (Computed)
[29.731s][info][gc,phases   ] GC(332) y: Concurrent Select Relocation Set 1.149ms
[29.731s][info][gc,phases   ] GC(332) y: Pause Relocate Start 0.004ms
[29.731s][info][gc,phases   ] GC(332) y: Concurrent Relocate 0.032ms
[29.731s][info][gc,alloc    ] GC(332) y:                         Mark Start        Mark End      Relocate Start    Relocate End   
[29.731s][info][gc,alloc    ] GC(332) y: Allocation Stalls:          0                0                0                0         
[29.731s][info][gc,load     ] GC(332) y: Load: 2.91 (29%) / 3.02 (30%) / 3.14 (31%)
[29.731s][info][gc,mmu      ] GC(332) y: MMU: 2ms/99.0%, 5ms/99.5%, 10ms/99.7%, 20ms/99.7%, 50ms/99.8%, 100ms/99.9%
[29.731s][info][gc,marking  ] GC(332) y: Mark: 2 stripe(s), 2 proactive flush(es), 1 terminate flush(es), 0 completion(s), 0 continuation(s) 
[29.731s][info][gc,marking  ] GC(332) y: Mark Stack Usage: 32M
[29.731s][info][gc,nmethod  ] GC(332) y: NMethods: 1588 registered, 169 unregistered
[29.731s][info][gc,metaspace] GC(332) y: Metaspace: 9M used, 10M committed, 1088M reserved
[29.731s][info][gc,reloc    ] GC(332) y:                        Candidates     Selected     In-Place         Size        Empty    Relocated 
[29.731s][info][gc,reloc    ] GC(332) y: Small Pages:                    2            0            0           4M           2M           0M 
[29.731s][info][gc,reloc    ] GC(332) y: Medium Pages:                  28            0            0         896M         864M           0M 
[29.731s][info][gc,reloc    ] GC(332) y: Large Pages:                    0            0            0           0M           0M           0M 
[29.731s][info][gc,reloc    ] GC(332) y: Forwarding Usage: 0M
[29.731s][info][gc,reloc    ] GC(332) y: Age Table:
[29.731s][info][gc,reloc    ] GC(332) y:                    Live             Garbage             Small              Medium             Large        
[29.731s][info][gc,reloc    ] GC(332) y: Eden               0M (0%)          865M (85%)          1 / 0             27 / 0              0 / 0        
[29.731s][info][gc,reloc    ] GC(332) y: Survivor 1          -                34M (3%)           1 / 0              1 / 0              0 / 0        
[29.731s][info][gc,heap     ] GC(332) y: Min Capacity: 8M(1%)
[29.731s][info][gc,heap     ] GC(332) y: Max Capacity: 1024M(100%)
[29.731s][info][gc,heap     ] GC(332) y: Soft Max Capacity: 1024M(100%)
[29.731s][info][gc,heap     ] GC(332) y: Heap Statistics:
[29.731s][info][gc,heap     ] GC(332) y:                Mark Start          Mark End        Relocate Start      Relocate End           High               Low         
[29.731s][info][gc,heap     ] GC(332) y:  Capacity:     1024M (100%)       1024M (100%)       1024M (100%)       1024M (100%)       1024M (100%)       1024M (100%)   
[29.731s][info][gc,heap     ] GC(332) y:      Free:       84M (8%)           50M (5%)          916M (89%)         916M (89%)         916M (89%)          50M (5%)     
[29.731s][info][gc,heap     ] GC(332) y:      Used:      940M (92%)         974M (95%)         108M (11%)         108M (11%)         974M (95%)         108M (11%)    
[29.731s][info][gc,heap     ] GC(332) y: Young Generation Statistics:
[29.731s][info][gc,heap     ] GC(332) y:                Mark Start          Mark End        Relocate Start      Relocate End    
[29.731s][info][gc,heap     ] GC(332) y:      Used:      900M (88%)         934M (91%)          68M (7%)           68M (7%)     
[29.731s][info][gc,heap     ] GC(332) y:      Live:         -                 0M (0%)            0M (0%)            0M (0%)     
[29.731s][info][gc,heap     ] GC(332) y:   Garbage:         -               899M (88%)          33M (3%)           33M (3%)     
[29.731s][info][gc,heap     ] GC(332) y: Allocated:         -                34M (3%)           34M (3%)           34M (3%)     
[29.731s][info][gc,heap     ] GC(332) y: Reclaimed:         -                  -               866M (85%)         866M (85%)    
[29.731s][info][gc,heap     ] GC(332) y:  Promoted:         -                  -                 0M (0%)            0M (0%)     
[29.731s][info][gc,heap     ] GC(332) y: Compacted:         -                  -                  -                 0M (0%)     
[29.731s][info][gc,phases   ] GC(332) y: Young Generation 940M(92%)->108M(11%) 0.003s
[29.731s][info][gc          ] GC(332) Minor Collection (Allocation Rate) 940M(92%)->108M(11%) 0.003s
[29.793s][info][gc          ] GC(333) Minor Collection (Allocation Rate)
[29.793s][info][gc,task     ] GC(333) Using 1 Workers for Young Generation
[29.793s][info][gc,phases   ] GC(333) y: Young Generation
[29.793s][info][gc,phases   ] GC(333) y: Pause Mark Start 0.006ms
[29.796s][info][gc,phases   ] GC(333) y: Concurrent Mark 2.589ms
[29.796s][info][gc,phases   ] GC(333) y: Pause Mark End 0.006ms
[29.796s][info][gc,phases   ] GC(333) y: Concurrent Mark Free 0.000ms
[29.796s][info][gc,phases   ] GC(333) y: Concurrent Reset Relocation Set 0.000ms
[29.797s][info][gc,reloc    ] GC(333) y: Using tenuring threshold: 1 (Computed)
[29.797s][info][gc,phases   ] GC(333) y: Concurrent Select Relocation Set 1.101ms
[29.797s][info][gc,phases   ] GC(333) y: Pause Relocate Start 0.003ms
[29.797s][info][gc,phases   ] GC(333) y: Concurrent Relocate 0.029ms
[29.797s][info][gc,alloc    ] GC(333) y:                         Mark Start        Mark End      Relocate Start    Relocate End   
[29.797s][info][gc,alloc    ] GC(333) y: Allocation Stalls:          0                0                0                0         
[29.797s][info][gc,load     ] GC(333) y: Load: 2.91 (29%) / 3.02 (30%) / 3.14 (31%)
[29.797s][info][gc,mmu      ] GC(333) y: MMU: 2ms/99.0%, 5ms/99.5%, 10ms/99.7%, 20ms/99.7%, 50ms/99.8%, 100ms/99.9%
[29.797s][info][gc,marking  ] GC(333) y: Mark: 1 stripe(s), 2 proactive flush(es), 1 terminate flush(es), 0 completion(s), 0 continuation(s) 
[29.797s][info][gc,marking  ] GC(333) y: Mark Stack Usage: 32M
[29.797s][info][gc,nmethod  ] GC(333) y: NMethods: 1588 registered, 169 unregistered
[29.797s][info][gc,metaspace] GC(333) y: Metaspace: 9M used, 10M committed, 1088M reserved
[29.797s][info][gc,reloc    ] GC(333) y:                        Candidates     Selected     In-Place         Size        Empty    Relocated 
[29.797s][info][gc,reloc    ] GC(333) y: Small Pages:                    2            0            0           4M           2M           0M 
[29.797s][info][gc,reloc    ] GC(333) y: Medium Pages:                  25            0            0         800M         768M           0M 
[29.797s][info][gc,reloc    ] GC(333) y: Large Pages:                    0            0            0           0M           0M           0M 
[29.797s][info][gc,reloc    ] GC(333) y: Forwarding Usage: 0M
[29.797s][info][gc,reloc    ] GC(333) y: Age Table:
[29.797s][info][gc,reloc    ] GC(333) y:                    Live             Garbage             Small              Medium             Large        
[29.797s][info][gc,reloc    ] GC(333) y: Eden               0M (0%)          769M (75%)          1 / 0             24 / 0              0 / 0        
[29.797s][info][gc,reloc    ] GC(333) y: Survivor 1          -                34M (3%)           1 / 0              1 / 0              0 / 0        
[29.797s][info][gc,heap     ] GC(333) y: Min Capacity: 8M(1%)
[29.797s][info][gc,heap     ] GC(333) y: Max Capacity: 1024M(100%)
[29.797s][info][gc,heap     ] GC(333) y: Soft Max Capacity: 1024M(100%)
[29.797s][info][gc,heap     ] GC(333) y: Heap Statistics:
[29.797s][info][gc,heap     ] GC(333) y:                Mark Start          Mark End        Relocate Start      Relocate End           High               Low         
[29.797s][info][gc,heap     ] GC(333) y:  Capacity:     1024M (100%)       1024M (100%)       1024M (100%)       1024M (100%)       1024M (100%)       1024M (100%)   
[29.797s][info][gc,heap     ] GC(333) y:      Free:      180M (18%)         146M (14%)         884M (86%)         884M (86%)         884M (86%)         114M (11%)    
[29.797s][info][gc,heap     ] GC(333) y:      Used:      844M (82%)         878M (86%)         140M (14%)         140M (14%)         910M (89%)         140M (14%)    
[29.797s][info][gc,heap     ] GC(333) y: Young Generation Statistics:
[29.797s][info][gc,heap     ] GC(333) y:                Mark Start          Mark End        Relocate Start      Relocate End    
[29.797s][info][gc,heap     ] GC(333) y:      Used:      804M (79%)         838M (82%)         100M (10%)         100M (10%)    
[29.797s][info][gc,heap     ] GC(333) y:      Live:         -                 0M (0%)            0M (0%)            0M (0%)     
[29.797s][info][gc,heap     ] GC(333) y:   Garbage:         -               803M (78%)          33M (3%)           33M (3%)     
[29.797s][info][gc,heap     ] GC(333) y: Allocated:         -                34M (3%)           66M (6%)           66M (6%)     
[29.797s][info][gc,heap     ] GC(333) y: Reclaimed:         -                  -               770M (75%)         770M (75%)    
[29.797s][info][gc,heap     ] GC(333) y:  Promoted:         -                  -                 0M (0%)            0M (0%)     
[29.797s][info][gc,heap     ] GC(333) y: Compacted:         -                  -                  -                 0M (0%)     
[29.797s][info][gc,phases   ] GC(333) y: Young Generation 844M(82%)->140M(14%) 0.004s
[29.797s][info][gc          ] GC(333) Minor Collection (Allocation Rate) 844M(82%)->140M(14%) 0.004s
[29.866s][info][gc          ] GC(334) Minor Collection (Allocation Rate)
[29.866s][info][gc,task     ] GC(334) Using 3 Workers for Young Generation
[29.866s][info][gc,phases   ] GC(334) y: Young Generation
[29.866s][info][gc,phases   ] GC(334) y: Pause Mark Start 0.005ms
[29.867s][info][gc,phases   ] GC(334) y: Concurrent Mark 0.918ms
[29.867s][info][gc,phases   ] GC(334) y: Pause Mark End 0.005ms
[29.867s][info][gc,phases   ] GC(334) y: Concurrent Mark Free 0.001ms
[29.867s][info][gc,phases   ] GC(334) y: Concurrent Reset Relocation Set 0.000ms
[29.868s][info][gc,reloc    ] GC(334) y: Using tenuring threshold: 1 (Computed)
[29.868s][info][gc,phases   ] GC(334) y: Concurrent Select Relocation Set 1.073ms
[29.868s][info][gc,phases   ] GC(334) y: Pause Relocate Start 0.005ms
[29.868s][info][gc,phases   ] GC(334) y: Concurrent Relocate 0.049ms
[29.868s][info][gc,alloc    ] GC(334) y:                         Mark Start        Mark End      Relocate Start    Relocate End   
[29.868s][info][gc,alloc    ] GC(334) y: Allocation Stalls:          0                0                0                0         
[29.868s][info][gc,load     ] GC(334) y: Load: 2.91 (29%) / 3.02 (30%) / 3.14 (31%)
[29.868s][info][gc,mmu      ] GC(334) y: MMU: 2ms/99.0%, 5ms/99.5%, 10ms/99.7%, 20ms/99.7%, 50ms/99.8%, 100ms/99.9%
[29.868s][info][gc,marking  ] GC(334) y: Mark: 2 stripe(s), 2 proactive flush(es), 1 terminate flush(es), 0 completion(s), 0 continuation(s) 
[29.868s][info][gc,marking  ] GC(334) y: Mark Stack Usage: 32M
[29.868s][info][gc,nmethod  ] GC(334) y: NMethods: 1588 registered, 169 unregistered
[29.868s][info][gc,metaspace] GC(334) y: Metaspace: 9M used, 10M committed, 1088M reserved
[29.868s][info][gc,reloc    ] GC(334) y:                        Candidates     Selected     In-Place         Size        Empty    Relocated 
[29.868s][info][gc,reloc    ] GC(334) y: Small Pages:                    2            0            0           4M           2M           0M 
[29.868s][info][gc,reloc    ] GC(334) y: Medium Pages:                  28            0            0         896M         864M           0M 
[29.868s][info][gc,reloc    ] GC(334) y: Large Pages:                    0            0            0           0M           0M           0M 
[29.868s][info][gc,reloc    ] GC(334) y: Forwarding Usage: 0M
[29.868s][info][gc,reloc    ] GC(334) y: Age Table:
[29.868s][info][gc,reloc    ] GC(334) y:                    Live             Garbage             Small              Medium             Large        
[29.868s][info][gc,reloc    ] GC(334) y: Eden               0M (0%)          865M (85%)          1 / 0             27 / 0              0 / 0        
[29.868s][info][gc,reloc    ] GC(334) y: Survivor 1          -                34M (3%)           1 / 0              1 / 0              0 / 0        
[29.868s][info][gc,heap     ] GC(334) y: Min Capacity: 8M(1%)
[29.868s][info][gc,heap     ] GC(334) y: Max Capacity: 1024M(100%)
[29.868s][info][gc,heap     ] GC(334) y: Soft Max Capacity: 1024M(100%)
[29.868s][info][gc,heap     ] GC(334) y: Heap Statistics:
[29.868s][info][gc,heap     ] GC(334) y:                Mark Start          Mark End        Relocate Start      Relocate End           High               Low         
[29.868s][info][gc,heap     ] GC(334) y:  Capacity:     1024M (100%)       1024M (100%)       1024M (100%)       1024M (100%)       1024M (100%)       1024M (100%)   
[29.868s][info][gc,heap     ] GC(334) y:      Free:       84M (8%)           50M (5%)          916M (89%)         916M (89%)         916M (89%)          50M (5%)     
[29.868s][info][gc,heap     ] GC(334) y:      Used:      940M (92%)         974M (95%)         108M (11%)         108M (11%)         974M (95%)         108M (11%)    
[29.868s][info][gc,heap     ] GC(334) y: Young Generation Statistics:
[29.868s][info][gc,heap     ] GC(334) y:                Mark Start          Mark End        Relocate Start      Relocate End    
[29.868s][info][gc,heap     ] GC(334) y:      Used:      900M (88%)         934M (91%)          68M (7%)           68M (7%)     
[29.868s][info][gc,heap     ] GC(334) y:      Live:         -                 0M (0%)            0M (0%)            0M (0%)     
[29.868s][info][gc,heap     ] GC(334) y:   Garbage:         -               899M (88%)          33M (3%)           33M (3%)     
[29.868s][info][gc,heap     ] GC(334) y: Allocated:         -                34M (3%)           34M (3%)           34M (3%)     
[29.868s][info][gc,heap     ] GC(334) y: Reclaimed:         -                  -               866M (85%)         866M (85%)    
[29.868s][info][gc,heap     ] GC(334) y:  Promoted:         -                  -                 0M (0%)            0M (0%)     
[29.868s][info][gc,heap     ] GC(334) y: Compacted:         -                  -                  -                 0M (0%)     
[29.868s][info][gc,phases   ] GC(334) y: Young Generation 940M(92%)->108M(11%) 0.002s
[29.868s][info][gc          ] GC(334) Minor Collection (Allocation Rate) 940M(92%)->108M(11%) 0.003s
[29.936s][info][gc          ] GC(335) Minor Collection (Allocation Rate)
[29.936s][info][gc,task     ] GC(335) Using 2 Workers for Young Generation
[29.936s][info][gc,phases   ] GC(335) y: Young Generation
[29.936s][info][gc,phases   ] GC(335) y: Pause Mark Start 0.005ms
[29.937s][info][gc,phases   ] GC(335) y: Concurrent Mark 1.249ms
[29.937s][info][gc,phases   ] GC(335) y: Pause Mark End 0.005ms
[29.937s][info][gc,phases   ] GC(335) y: Concurrent Mark Free 0.000ms
[29.937s][info][gc,phases   ] GC(335) y: Concurrent Reset Relocation Set 0.000ms
[29.938s][info][gc,reloc    ] GC(335) y: Using tenuring threshold: 1 (Computed)
[29.938s][info][gc,phases   ] GC(335) y: Concurrent Select Relocation Set 1.032ms
[29.938s][info][gc,phases   ] GC(335) y: Pause Relocate Start 0.004ms
[29.938s][info][gc,phases   ] GC(335) y: Concurrent Relocate 0.021ms
[29.938s][info][gc,alloc    ] GC(335) y:                         Mark Start        Mark End      Relocate Start    Relocate End   
[29.938s][info][gc,alloc    ] GC(335) y: Allocation Stalls:          0                0                0                0         
[29.938s][info][gc,load     ] GC(335) y: Load: 2.91 (29%) / 3.02 (30%) / 3.14 (31%)
[29.938s][info][gc,mmu      ] GC(335) y: MMU: 2ms/99.0%, 5ms/99.5%, 10ms/99.7%, 20ms/99.7%, 50ms/99.8%, 100ms/99.9%
[29.938s][info][gc,marking  ] GC(335) y: Mark: 2 stripe(s), 2 proactive flush(es), 1 terminate flush(es), 0 completion(s), 0 continuation(s) 
[29.938s][info][gc,marking  ] GC(335) y: Mark Stack Usage: 32M
[29.938s][info][gc,nmethod  ] GC(335) y: NMethods: 1588 registered, 169 unregistered
[29.938s][info][gc,metaspace] GC(335) y: Metaspace: 9M used, 10M committed, 1088M reserved
[29.938s][info][gc,reloc    ] GC(335) y:                        Candidates     Selected     In-Place         Size        Empty    Relocated 
[29.938s][info][gc,reloc    ] GC(335) y: Small Pages:                    2            0            0           4M           2M           0M 
[29.938s][info][gc,reloc    ] GC(335) y: Medium Pages:                  27            0            0         864M         832M           0M 
[29.938s][info][gc,reloc    ] GC(335) y: Large Pages:                    0            0            0           0M           0M           0M 
[29.938s][info][gc,reloc    ] GC(335) y: Forwarding Usage: 0M
[29.938s][info][gc,reloc    ] GC(335) y: Age Table:
[29.939s][info][gc,reloc    ] GC(335) y:                    Live             Garbage             Small              Medium             Large        
[29.939s][info][gc,reloc    ] GC(335) y: Eden               0M (0%)          833M (81%)          1 / 0             26 / 0              0 / 0        
[29.939s][info][gc,reloc    ] GC(335) y: Survivor 1          -                34M (3%)           1 / 0              1 / 0              0 / 0        
[29.939s][info][gc,heap     ] GC(335) y: Min Capacity: 8M(1%)
[29.939s][info][gc,heap     ] GC(335) y: Max Capacity: 1024M(100%)
[29.939s][info][gc,heap     ] GC(335) y: Soft Max Capacity: 1024M(100%)
[29.939s][info][gc,heap     ] GC(335) y: Heap Statistics:
[29.939s][info][gc,heap     ] GC(335) y:                Mark Start          Mark End        Relocate Start      Relocate End           High               Low         
[29.939s][info][gc,heap     ] GC(335) y:  Capacity:     1024M (100%)       1024M (100%)       1024M (100%)       1024M (100%)       1024M (100%)       1024M (100%)   
[29.939s][info][gc,heap     ] GC(335) y:      Free:      116M (11%)          82M (8%)          916M (89%)         916M (89%)         916M (89%)          82M (8%)     
[29.939s][info][gc,heap     ] GC(335) y:      Used:      908M (89%)         942M (92%)         108M (11%)         108M (11%)         942M (92%)         108M (11%)    
[29.939s][info][gc,heap     ] GC(335) y: Young Generation Statistics:
[29.939s][info][gc,heap     ] GC(335) y:                Mark Start          Mark End        Relocate Start      Relocate End    
[29.939s][info][gc,heap     ] GC(335) y:      Used:      868M (85%)         902M (88%)          68M (7%)           68M (7%)     
[29.939s][info][gc,heap     ] GC(335) y:      Live:         -                 0M (0%)            0M (0%)            0M (0%)     
[29.939s][info][gc,heap     ] GC(335) y:   Garbage:         -               867M (85%)          33M (3%)           33M (3%)     
[29.939s][info][gc,heap     ] GC(335) y: Allocated:         -                34M (3%)           34M (3%)           34M (3%)     
[29.939s][info][gc,heap     ] GC(335) y: Reclaimed:         -                  -               834M (81%)         834M (81%)    
[29.939s][info][gc,heap     ] GC(335) y:  Promoted:         -                  -                 0M (0%)            0M (0%)     
[29.939s][info][gc,heap     ] GC(335) y: Compacted:         -                  -                  -                 0M (0%)     
[29.939s][info][gc,phases   ] GC(335) y: Young Generation 908M(89%)->108M(11%) 0.003s
[29.939s][info][gc          ] GC(335) Minor Collection (Allocation Rate) 908M(89%)->108M(11%) 0.003s
[30.009s][info][gc          ] GC(336) Minor Collection (Allocation Rate)
[30.009s][info][gc,task     ] GC(336) Using 3 Workers for Young Generation
[30.009s][info][gc,phases   ] GC(336) y: Young Generation
[30.009s][info][gc,phases   ] GC(336) y: Pause Mark Start 0.006ms
[30.010s][info][gc,phases   ] GC(336) y: Concurrent Mark 0.998ms
[30.010s][info][gc,phases   ] GC(336) y: Pause Mark End 0.004ms
[30.010s][info][gc,phases   ] GC(336) y: Concurrent Mark Free 0.000ms
[30.010s][info][gc,phases   ] GC(336) y: Concurrent Reset Relocation Set 0.000ms
[30.011s][info][gc,reloc    ] GC(336) y: Using tenuring threshold: 1 (Computed)
[30.011s][info][gc,phases   ] GC(336) y: Concurrent Select Relocation Set 1.090ms
[30.011s][info][gc,phases   ] GC(336) y: Pause Relocate Start 0.005ms
[30.011s][info][gc,phases   ] GC(336) y: Concurrent Relocate 0.030ms
[30.011s][info][gc,alloc    ] GC(336) y:                         Mark Start        Mark End      Relocate Start    Relocate End   
[30.011s][info][gc,alloc    ] GC(336) y: Allocation Stalls:          0                0                0                0         
[30.011s][info][gc,load     ] GC(336) y: Load: 2.91 (29%) / 3.02 (30%) / 3.14 (31%)
[30.011s][info][gc,mmu      ] GC(336) y: MMU: 2ms/99.0%, 5ms/99.5%, 10ms/99.7%, 20ms/99.7%, 50ms/99.8%, 100ms/99.9%
[30.011s][info][gc,marking  ] GC(336) y: Mark: 2 stripe(s), 2 proactive flush(es), 1 terminate flush(es), 0 completion(s), 0 continuation(s) 
[30.011s][info][gc,marking  ] GC(336) y: Mark Stack Usage: 32M
[30.011s][info][gc,nmethod  ] GC(336) y: NMethods: 1588 registered, 169 unregistered
[30.011s][info][gc,metaspace] GC(336) y: Metaspace: 9M used, 10M committed, 1088M reserved
[30.011s][info][gc,reloc    ] GC(336) y:                        Candidates     Selected     In-Place         Size        Empty    Relocated 
[30.011s][info][gc,reloc    ] GC(336) y: Small Pages:                    2            0            0           4M           2M           0M 
[30.011s][info][gc,reloc    ] GC(336) y: Medium Pages:                  28            0            0         896M         864M           0M 
[30.011s][info][gc,reloc    ] GC(336) y: Large Pages:                    0            0            0           0M           0M           0M 
[30.011s][info][gc,reloc    ] GC(336) y: Forwarding Usage: 0M
[30.011s][info][gc,reloc    ] GC(336) y: Age Table:
[30.011s][info][gc,reloc    ] GC(336) y:                    Live             Garbage             Small              Medium             Large        
[30.011s][info][gc,reloc    ] GC(336) y: Eden               0M (0%)          865M (84%)          1 / 0             27 / 0              0 / 0        
[30.011s][info][gc,reloc    ] GC(336) y: Survivor 1          -                34M (3%)           1 / 0              1 / 0              0 / 0        
[30.011s][info][gc,heap     ] GC(336) y: Min Capacity: 8M(1%)
[30.011s][info][gc,heap     ] GC(336) y: Max Capacity: 1024M(100%)
[30.011s][info][gc,heap     ] GC(336) y: Soft Max Capacity: 1024M(100%)
[30.011s][info][gc,heap     ] GC(336) y: Heap Statistics:
[30.011s][info][gc,heap     ] GC(336) y:                Mark Start          Mark End        Relocate Start      Relocate End           High               Low         
[30.011s][info][gc,heap     ] GC(336) y:  Capacity:     1024M (100%)       1024M (100%)       1024M (100%)       1024M (100%)       1024M (100%)       1024M (100%)   
[30.011s][info][gc,heap     ] GC(336) y:      Free:       84M (8%)           50M (5%)          916M (89%)         916M (89%)         916M (89%)          50M (5%)     
[30.011s][info][gc,heap     ] GC(336) y:      Used:      940M (92%)         974M (95%)         108M (11%)         108M (11%)         974M (95%)         108M (11%)    
[30.011s][info][gc,heap     ] GC(336) y: Young Generation Statistics:
[30.011s][info][gc,heap     ] GC(336) y:                Mark Start          Mark End        Relocate Start      Relocate End    
[30.011s][info][gc,heap     ] GC(336) y:      Used:      900M (88%)         934M (91%)          68M (7%)           68M (7%)     
[30.011s][info][gc,heap     ] GC(336) y:      Live:         -                 0M (0%)            0M (0%)            0M (0%)     
[30.011s][info][gc,heap     ] GC(336) y:   Garbage:         -               899M (88%)          33M (3%)           33M (3%)     
[30.011s][info][gc,heap     ] GC(336) y: Allocated:         -                34M (3%)           34M (3%)           34M (3%)     
[30.011s][info][gc,heap     ] GC(336) y: Reclaimed:         -                  -               866M (85%)         866M (85%)    
[30.011s][info][gc,heap     ] GC(336) y:  Promoted:         -                  -                 0M (0%)            0M (0%)     
[30.011s][info][gc,heap     ] GC(336) y: Compacted:         -                  -                  -                 0M (0%)     
[30.011s][info][gc,phases   ] GC(336) y: Young Generation 940M(92%)->108M(11%) 0.002s
[30.011s][info][gc          ] GC(336) Minor Collection (Allocation Rate) 940M(92%)->108M(11%) 0.003s
[30.081s][info][gc          ] GC(337) Minor Collection (Allocation Rate)
[30.081s][info][gc,task     ] GC(337) Using 3 Workers for Young Generation
[30.081s][info][gc,phases   ] GC(337) y: Young Generation
[30.082s][info][gc,phases   ] GC(337) y: Pause Mark Start 0.007ms
[30.082s][info][gc,phases   ] GC(337) y: Concurrent Mark 0.908ms
[30.082s][info][gc,phases   ] GC(337) y: Pause Mark End 0.005ms
[30.082s][info][gc,phases   ] GC(337) y: Concurrent Mark Free 0.000ms
[30.082s][info][gc,phases   ] GC(337) y: Concurrent Reset Relocation Set 0.000ms
[30.083s][info][gc,reloc    ] GC(337) y: Using tenuring threshold: 1 (Computed)
[30.084s][info][gc,phases   ] GC(337) y: Concurrent Select Relocation Set 1.011ms
[30.084s][info][gc,phases   ] GC(337) y: Pause Relocate Start 0.003ms
[30.084s][info][gc,phases   ] GC(337) y: Concurrent Relocate 0.036ms
[30.084s][info][gc,alloc    ] GC(337) y:                         Mark Start        Mark End      Relocate Start    Relocate End   
[30.084s][info][gc,alloc    ] GC(337) y: Allocation Stalls:          0                0                0                0         
[30.084s][info][gc,load     ] GC(337) y: Load: 2.91 (29%) / 3.02 (30%) / 3.14 (31%)
[30.084s][info][gc,mmu      ] GC(337) y: MMU: 2ms/99.0%, 5ms/99.5%, 10ms/99.7%, 20ms/99.7%, 50ms/99.8%, 100ms/99.9%
[30.084s][info][gc,marking  ] GC(337) y: Mark: 2 stripe(s), 2 proactive flush(es), 1 terminate flush(es), 0 completion(s), 0 continuation(s) 
[30.084s][info][gc,marking  ] GC(337) y: Mark Stack Usage: 32M
[30.084s][info][gc,nmethod  ] GC(337) y: NMethods: 1588 registered, 169 unregistered
[30.084s][info][gc,metaspace] GC(337) y: Metaspace: 9M used, 10M committed, 1088M reserved
[30.084s][info][gc,reloc    ] GC(337) y:                        Candidates     Selected     In-Place         Size        Empty    Relocated 
[30.084s][info][gc,reloc    ] GC(337) y: Small Pages:                    2            0            0           4M           2M           0M 
[30.084s][info][gc,reloc    ] GC(337) y: Medium Pages:                  28            0            0         896M         864M           0M 
[30.084s][info][gc,reloc    ] GC(337) y: Large Pages:                    0            0            0           0M           0M           0M 
[30.084s][info][gc,reloc    ] GC(337) y: Forwarding Usage: 0M
[30.084s][info][gc,reloc    ] GC(337) y: Age Table:
[30.084s][info][gc,reloc    ] GC(337) y:                    Live             Garbage             Small              Medium             Large        
[30.084s][info][gc,reloc    ] GC(337) y: Eden               0M (0%)          865M (85%)          1 / 0             27 / 0              0 / 0        
[30.084s][info][gc,reloc    ] GC(337) y: Survivor 1          -                34M (3%)           1 / 0              1 / 0              0 / 0        
[30.084s][info][gc,heap     ] GC(337) y: Min Capacity: 8M(1%)
[30.084s][info][gc,heap     ] GC(337) y: Max Capacity: 1024M(100%)
[30.084s][info][gc,heap     ] GC(337) y: Soft Max Capacity: 1024M(100%)
[30.084s][info][gc,heap     ] GC(337) y: Heap Statistics:
[30.084s][info][gc,heap     ] GC(337) y:                Mark Start          Mark End        Relocate Start      Relocate End           High               Low         
[30.084s][info][gc,heap     ] GC(337) y:  Capacity:     1024M (100%)       1024M (100%)       1024M (100%)       1024M (100%)       1024M (100%)       1024M (100%)   
[30.084s][info][gc,heap     ] GC(337) y:      Free:       84M (8%)           50M (5%)          916M (89%)         916M (89%)         916M (89%)          50M (5%)     
[30.084s][info][gc,heap     ] GC(337) y:      Used:      940M (92%)         974M (95%)         108M (11%)         108M (11%)         974M (95%)         108M (11%)    
[30.084s][info][gc,heap     ] GC(337) y: Young Generation Statistics:
[30.084s][info][gc,heap     ] GC(337) y:                Mark Start          Mark End        Relocate Start      Relocate End    
[30.084s][info][gc,heap     ] GC(337) y:      Used:      900M (88%)         934M (91%)          68M (7%)           68M (7%)     
[30.084s][info][gc,heap     ] GC(337) y:      Live:         -                 0M (0%)            0M (0%)            0M (0%)     
[30.084s][info][gc,heap     ] GC(337) y:   Garbage:         -               899M (88%)          33M (3%)           33M (3%)     
[30.084s][info][gc,heap     ] GC(337) y: Allocated:         -                34M (3%)           34M (3%)           34M (3%)     
[30.084s][info][gc,heap     ] GC(337) y: Reclaimed:         -                  -               866M (85%)         866M (85%)    
[30.084s][info][gc,heap     ] GC(337) y:  Promoted:         -                  -                 0M (0%)            0M (0%)     
[30.084s][info][gc,heap     ] GC(337) y: Compacted:         -                  -                  -                 0M (0%)     
[30.084s][info][gc,phases   ] GC(337) y: Young Generation 940M(92%)->108M(11%) 0.002s
[30.084s][info][gc          ] GC(337) Minor Collection (Allocation Rate) 940M(92%)->108M(11%) 0.002s
[30.152s][info][gc          ] GC(338) Minor Collection (Allocation Rate)
[30.152s][info][gc,task     ] GC(338) Using 2 Workers for Young Generation
[30.152s][info][gc,phases   ] GC(338) y: Young Generation
[30.152s][info][gc,phases   ] GC(338) y: Pause Mark Start 0.005ms
[30.153s][info][gc,phases   ] GC(338) y: Concurrent Mark 1.169ms
[30.153s][info][gc,phases   ] GC(338) y: Pause Mark End 0.006ms
[30.153s][info][gc,phases   ] GC(338) y: Concurrent Mark Free 0.000ms
[30.153s][info][gc,phases   ] GC(338) y: Concurrent Reset Relocation Set 0.000ms
[30.154s][info][gc,reloc    ] GC(338) y: Using tenuring threshold: 1 (Computed)
[30.154s][info][gc,phases   ] GC(338) y: Concurrent Select Relocation Set 1.084ms
[30.154s][info][gc,phases   ] GC(338) y: Pause Relocate Start 0.003ms
[30.154s][info][gc,phases   ] GC(338) y: Concurrent Relocate 0.017ms
[30.154s][info][gc,alloc    ] GC(338) y:                         Mark Start        Mark End      Relocate Start    Relocate End   
[30.154s][info][gc,alloc    ] GC(338) y: Allocation Stalls:          0                0                0                0         
[30.154s][info][gc,load     ] GC(338) y: Load: 2.91 (29%) / 3.02 (30%) / 3.14 (31%)
[30.154s][info][gc,mmu      ] GC(338) y: MMU: 2ms/99.0%, 5ms/99.5%, 10ms/99.7%, 20ms/99.7%, 50ms/99.8%, 100ms/99.9%
[30.154s][info][gc,marking  ] GC(338) y: Mark: 2 stripe(s), 2 proactive flush(es), 1 terminate flush(es), 0 completion(s), 0 continuation(s) 
[30.154s][info][gc,marking  ] GC(338) y: Mark Stack Usage: 32M
[30.154s][info][gc,nmethod  ] GC(338) y: NMethods: 1588 registered, 169 unregistered
[30.154s][info][gc,metaspace] GC(338) y: Metaspace: 9M used, 10M committed, 1088M reserved
[30.154s][info][gc,reloc    ] GC(338) y:                        Candidates     Selected     In-Place         Size        Empty    Relocated 
[30.154s][info][gc,reloc    ] GC(338) y: Small Pages:                    2            0            0           4M           2M           0M 
[30.154s][info][gc,reloc    ] GC(338) y: Medium Pages:                  27            0            0         864M         832M           0M 
[30.154s][info][gc,reloc    ] GC(338) y: Large Pages:                    0            0            0           0M           0M           0M 
[30.154s][info][gc,reloc    ] GC(338) y: Forwarding Usage: 0M
[30.154s][info][gc,reloc    ] GC(338) y: Age Table:
[30.154s][info][gc,reloc    ] GC(338) y:                    Live             Garbage             Small              Medium             Large        
[30.154s][info][gc,reloc    ] GC(338) y: Eden               0M (0%)          833M (81%)          1 / 0             26 / 0              0 / 0        
[30.154s][info][gc,reloc    ] GC(338) y: Survivor 1          -                34M (3%)           1 / 0              1 / 0              0 / 0        
[30.154s][info][gc,heap     ] GC(338) y: Min Capacity: 8M(1%)
[30.154s][info][gc,heap     ] GC(338) y: Max Capacity: 1024M(100%)
[30.154s][info][gc,heap     ] GC(338) y: Soft Max Capacity: 1024M(100%)
[30.154s][info][gc,heap     ] GC(338) y: Heap Statistics:
[30.154s][info][gc,heap     ] GC(338) y:                Mark Start          Mark End        Relocate Start      Relocate End           High               Low         
[30.154s][info][gc,heap     ] GC(338) y:  Capacity:     1024M (100%)       1024M (100%)       1024M (100%)       1024M (100%)       1024M (100%)       1024M (100%)   
[30.154s][info][gc,heap     ] GC(338) y:      Free:      116M (11%)          82M (8%)          916M (89%)         916M (89%)         916M (89%)          82M (8%)     
[30.154s][info][gc,heap     ] GC(338) y:      Used:      908M (89%)         942M (92%)         108M (11%)         108M (11%)         942M (92%)         108M (11%)    
[30.154s][info][gc,heap     ] GC(338) y: Young Generation Statistics:
[30.154s][info][gc,heap     ] GC(338) y:                Mark Start          Mark End        Relocate Start      Relocate End    
[30.154s][info][gc,heap     ] GC(338) y:      Used:      868M (85%)         902M (88%)          68M (7%)           68M (7%)     
[30.154s][info][gc,heap     ] GC(338) y:      Live:         -                 0M (0%)            0M (0%)            0M (0%)     
[30.154s][info][gc,heap     ] GC(338) y:   Garbage:         -               867M (85%)          33M (3%)           33M (3%)     
[30.154s][info][gc,heap     ] GC(338) y: Allocated:         -                34M (3%)           34M (3%)           34M (3%)     
[30.154s][info][gc,heap     ] GC(338) y: Reclaimed:         -                  -               834M (81%)         834M (81%)    
[30.154s][info][gc,heap     ] GC(338) y:  Promoted:         -                  -                 0M (0%)            0M (0%)     
[30.154s][info][gc,heap     ] GC(338) y: Compacted:         -                  -                  -                 0M (0%)     
[30.154s][info][gc,phases   ] GC(338) y: Young Generation 908M(89%)->108M(11%) 0.003s
[30.154s][info][gc          ] GC(338) Minor Collection (Allocation Rate) 908M(89%)->108M(11%) 0.003s
[30.225s][info][gc          ] GC(339) Minor Collection (Allocation Rate)
[30.225s][info][gc,task     ] GC(339) Using 3 Workers for Young Generation
[30.225s][info][gc,phases   ] GC(339) y: Young Generation
[30.225s][info][gc,phases   ] GC(339) y: Pause Mark Start 0.005ms
[30.226s][info][gc,phases   ] GC(339) y: Concurrent Mark 0.930ms
[30.226s][info][gc,phases   ] GC(339) y: Pause Mark End 0.005ms
[30.226s][info][gc,phases   ] GC(339) y: Concurrent Mark Free 0.000ms
[30.226s][info][gc,phases   ] GC(339) y: Concurrent Reset Relocation Set 0.000ms
[30.227s][info][gc,reloc    ] GC(339) y: Using tenuring threshold: 1 (Computed)
[30.227s][info][gc,phases   ] GC(339) y: Concurrent Select Relocation Set 1.059ms
[30.227s][info][gc,phases   ] GC(339) y: Pause Relocate Start 0.004ms
[30.227s][info][gc,phases   ] GC(339) y: Concurrent Relocate 0.048ms
[30.227s][info][gc,alloc    ] GC(339) y:                         Mark Start        Mark End      Relocate Start    Relocate End   
[30.227s][info][gc,alloc    ] GC(339) y: Allocation Stalls:          0                0                0                0         
[30.227s][info][gc,load     ] GC(339) y: Load: 2.91 (29%) / 3.02 (30%) / 3.14 (31%)
[30.227s][info][gc,mmu      ] GC(339) y: MMU: 2ms/99.0%, 5ms/99.5%, 10ms/99.7%, 20ms/99.7%, 50ms/99.8%, 100ms/99.9%
[30.227s][info][gc,marking  ] GC(339) y: Mark: 2 stripe(s), 2 proactive flush(es), 1 terminate flush(es), 0 completion(s), 0 continuation(s) 
[30.227s][info][gc,marking  ] GC(339) y: Mark Stack Usage: 32M
[30.227s][info][gc,nmethod  ] GC(339) y: NMethods: 1588 registered, 169 unregistered
[30.227s][info][gc,metaspace] GC(339) y: Metaspace: 9M used, 10M committed, 1088M reserved
[30.227s][info][gc,reloc    ] GC(339) y:                        Candidates     Selected     In-Place         Size        Empty    Relocated 
[30.227s][info][gc,reloc    ] GC(339) y: Small Pages:                    2            0            0           4M           2M           0M 
[30.227s][info][gc,reloc    ] GC(339) y: Medium Pages:                  28            0            0         896M         864M           0M 
[30.227s][info][gc,reloc    ] GC(339) y: Large Pages:                    0            0            0           0M           0M           0M 
[30.227s][info][gc,reloc    ] GC(339) y: Forwarding Usage: 0M
[30.227s][info][gc,reloc    ] GC(339) y: Age Table:
[30.227s][info][gc,reloc    ] GC(339) y:                    Live             Garbage             Small              Medium             Large        
[30.227s][info][gc,reloc    ] GC(339) y: Eden               0M (0%)          865M (84%)          1 / 0             27 / 0              0 / 0        
[30.227s][info][gc,reloc    ] GC(339) y: Survivor 1          -                34M (3%)           1 / 0              1 / 0              0 / 0        
[30.227s][info][gc,heap     ] GC(339) y: Min Capacity: 8M(1%)
[30.227s][info][gc,heap     ] GC(339) y: Max Capacity: 1024M(100%)
[30.227s][info][gc,heap     ] GC(339) y: Soft Max Capacity: 1024M(100%)
[30.227s][info][gc,heap     ] GC(339) y: Heap Statistics:
[30.227s][info][gc,heap     ] GC(339) y:                Mark Start          Mark End        Relocate Start      Relocate End           High               Low         
[30.227s][info][gc,heap     ] GC(339) y:  Capacity:     1024M (100%)       1024M (100%)       1024M (100%)       1024M (100%)       1024M (100%)       1024M (100%)   
[30.227s][info][gc,heap     ] GC(339) y:      Free:       84M (8%)           50M (5%)          916M (89%)         916M (89%)         916M (89%)          50M (5%)     
[30.227s][info][gc,heap     ] GC(339) y:      Used:      940M (92%)         974M (95%)         108M (11%)         108M (11%)         974M (95%)         108M (11%)    
[30.227s][info][gc,heap     ] GC(339) y: Young Generation Statistics:
[30.227s][info][gc,heap     ] GC(339) y:                Mark Start          Mark End        Relocate Start      Relocate End    
[30.227s][info][gc,heap     ] GC(339) y:      Used:      900M (88%)         934M (91%)          68M (7%)           68M (7%)     
[30.227s][info][gc,heap     ] GC(339) y:      Live:         -                 0M (0%)            0M (0%)            0M (0%)     
[30.227s][info][gc,heap     ] GC(339) y:   Garbage:         -               899M (88%)          33M (3%)           33M (3%)     
[30.227s][info][gc,heap     ] GC(339) y: Allocated:         -                34M (3%)           34M (3%)           34M (3%)     
[30.227s][info][gc,heap     ] GC(339) y: Reclaimed:         -                  -               866M (85%)         866M (85%)    
[30.227s][info][gc,heap     ] GC(339) y:  Promoted:         -                  -                 0M (0%)            0M (0%)     
[30.227s][info][gc,heap     ] GC(339) y: Compacted:         -                  -                  -                 0M (0%)     
[30.227s][info][gc,phases   ] GC(339) y: Young Generation 940M(92%)->108M(11%) 0.002s
[30.227s][info][gc          ] GC(339) Minor Collection (Allocation Rate) 940M(92%)->108M(11%) 0.002s
[30.298s][info][gc          ] GC(340) Minor Collection (Allocation Rate)
[30.298s][info][gc,task     ] GC(340) Using 3 Workers for Young Generation
[30.298s][info][gc,phases   ] GC(340) y: Young Generation
[30.298s][info][gc,phases   ] GC(340) y: Pause Mark Start 0.004ms
[30.299s][info][gc,phases   ] GC(340) y: Concurrent Mark 0.902ms
[30.299s][info][gc,phases   ] GC(340) y: Pause Mark End 0.006ms
[30.299s][info][gc,phases   ] GC(340) y: Concurrent Mark Free 0.000ms
[30.299s][info][gc,phases   ] GC(340) y: Concurrent Reset Relocation Set 0.000ms
[30.300s][info][gc,reloc    ] GC(340) y: Using tenuring threshold: 1 (Computed)
[30.300s][info][gc,phases   ] GC(340) y: Concurrent Select Relocation Set 1.006ms
[30.300s][info][gc,phases   ] GC(340) y: Pause Relocate Start 0.003ms
[30.300s][info][gc,phases   ] GC(340) y: Concurrent Relocate 0.033ms
[30.300s][info][gc,alloc    ] GC(340) y:                         Mark Start        Mark End      Relocate Start    Relocate End   
[30.300s][info][gc,alloc    ] GC(340) y: Allocation Stalls:          0                0                0                0         
[30.300s][info][gc,load     ] GC(340) y: Load: 2.91 (29%) / 3.02 (30%) / 3.14 (31%)
[30.300s][info][gc,mmu      ] GC(340) y: MMU: 2ms/99.0%, 5ms/99.5%, 10ms/99.7%, 20ms/99.7%, 50ms/99.8%, 100ms/99.9%
[30.300s][info][gc,marking  ] GC(340) y: Mark: 2 stripe(s), 2 proactive flush(es), 1 terminate flush(es), 0 completion(s), 0 continuation(s) 
[30.300s][info][gc,marking  ] GC(340) y: Mark Stack Usage: 32M
[30.300s][info][gc,nmethod  ] GC(340) y: NMethods: 1588 registered, 169 unregistered
[30.300s][info][gc,metaspace] GC(340) y: Metaspace: 9M used, 10M committed, 1088M reserved
[30.300s][info][gc,reloc    ] GC(340) y:                        Candidates     Selected     In-Place         Size        Empty    Relocated 
[30.300s][info][gc,reloc    ] GC(340) y: Small Pages:                    2            0            0           4M           2M           0M 
[30.300s][info][gc,reloc    ] GC(340) y: Medium Pages:                  28            0            0         896M         864M           0M 
[30.300s][info][gc,reloc    ] GC(340) y: Large Pages:                    0            0            0           0M           0M           0M 
[30.300s][info][gc,reloc    ] GC(340) y: Forwarding Usage: 0M
[30.300s][info][gc,reloc    ] GC(340) y: Age Table:
[30.300s][info][gc,reloc    ] GC(340) y:                    Live             Garbage             Small              Medium             Large        
[30.300s][info][gc,reloc    ] GC(340) y: Eden               0M (0%)          865M (85%)          1 / 0             27 / 0              0 / 0        
[30.300s][info][gc,reloc    ] GC(340) y: Survivor 1          -                34M (3%)           1 / 0              1 / 0              0 / 0        
[30.300s][info][gc,heap     ] GC(340) y: Min Capacity: 8M(1%)
[30.300s][info][gc,heap     ] GC(340) y: Max Capacity: 1024M(100%)
[30.300s][info][gc,heap     ] GC(340) y: Soft Max Capacity: 1024M(100%)
[30.300s][info][gc,heap     ] GC(340) y: Heap Statistics:
[30.300s][info][gc,heap     ] GC(340) y:                Mark Start          Mark End        Relocate Start      Relocate End           High               Low         
[30.300s][info][gc,heap     ] GC(340) y:  Capacity:     1024M (100%)       1024M (100%)       1024M (100%)       1024M (100%)       1024M (100%)       1024M (100%)   
[30.300s][info][gc,heap     ] GC(340) y:      Free:       84M (8%)           50M (5%)          916M (89%)         916M (89%)         916M (89%)          50M (5%)     
[30.300s][info][gc,heap     ] GC(340) y:      Used:      940M (92%)         974M (95%)         108M (11%)         108M (11%)         974M (95%)         108M (11%)    
[30.300s][info][gc,heap     ] GC(340) y: Young Generation Statistics:
[30.300s][info][gc,heap     ] GC(340) y:                Mark Start          Mark End        Relocate Start      Relocate End    
[30.300s][info][gc,heap     ] GC(340) y:      Used:      900M (88%)         934M (91%)          68M (7%)           68M (7%)     
[30.300s][info][gc,heap     ] GC(340) y:      Live:         -                 0M (0%)            0M (0%)            0M (0%)     
[30.300s][info][gc,heap     ] GC(340) y:   Garbage:         -               899M (88%)          33M (3%)           33M (3%)     
[30.300s][info][gc,heap     ] GC(340) y: Allocated:         -                34M (3%)           34M (3%)           34M (3%)     
[30.300s][info][gc,heap     ] GC(340) y: Reclaimed:         -                  -               866M (85%)         866M (85%)    
[30.300s][info][gc,heap     ] GC(340) y:  Promoted:         -                  -                 0M (0%)            0M (0%)     
[30.300s][info][gc,heap     ] GC(340) y: Compacted:         -                  -                  -                 0M (0%)     
[30.300s][info][gc,phases   ] GC(340) y: Young Generation 940M(92%)->108M(11%) 0.002s
[30.300s][info][gc          ] GC(340) Minor Collection (Allocation Rate) 940M(92%)->108M(11%) 0.002s
[30.373s][info][gc          ] GC(341) Minor Collection (Allocation Rate)
[30.373s][info][gc,task     ] GC(341) Using 3 Workers for Young Generation
[30.373s][info][gc,phases   ] GC(341) y: Young Generation
[30.373s][info][gc,phases   ] GC(341) y: Pause Mark Start 0.005ms
[30.374s][info][gc,phases   ] GC(341) y: Concurrent Mark 0.888ms
[30.374s][info][gc,phases   ] GC(341) y: Pause Mark End 0.005ms
[30.374s][info][gc,phases   ] GC(341) y: Concurrent Mark Free 0.000ms
[30.374s][info][gc,phases   ] GC(341) y: Concurrent Reset Relocation Set 0.000ms
[30.375s][info][gc,reloc    ] GC(341) y: Using tenuring threshold: 1 (Computed)
[30.375s][info][gc,phases   ] GC(341) y: Concurrent Select Relocation Set 1.165ms
[30.375s][info][gc,phases   ] GC(341) y: Pause Relocate Start 0.004ms
[30.375s][info][gc,phases   ] GC(341) y: Concurrent Relocate 0.028ms
[30.375s][info][gc,alloc    ] GC(341) y:                         Mark Start        Mark End      Relocate Start    Relocate End   
[30.375s][info][gc,alloc    ] GC(341) y: Allocation Stalls:          0                0                0                0         
[30.375s][info][gc,load     ] GC(341) y: Load: 2.91 (29%) / 3.02 (30%) / 3.14 (31%)
[30.375s][info][gc,mmu      ] GC(341) y: MMU: 2ms/99.0%, 5ms/99.5%, 10ms/99.7%, 20ms/99.7%, 50ms/99.8%, 100ms/99.9%
[30.375s][info][gc,marking  ] GC(341) y: Mark: 2 stripe(s), 2 proactive flush(es), 1 terminate flush(es), 0 completion(s), 0 continuation(s) 
[30.375s][info][gc,marking  ] GC(341) y: Mark Stack Usage: 32M
[30.375s][info][gc,nmethod  ] GC(341) y: NMethods: 1588 registered, 169 unregistered
[30.375s][info][gc,metaspace] GC(341) y: Metaspace: 9M used, 10M committed, 1088M reserved
[30.375s][info][gc,reloc    ] GC(341) y:                        Candidates     Selected     In-Place         Size        Empty    Relocated 
[30.375s][info][gc,reloc    ] GC(341) y: Small Pages:                    2            0            0           4M           2M           0M 
[30.375s][info][gc,reloc    ] GC(341) y: Medium Pages:                  28            0            0         896M         864M           0M 
[30.375s][info][gc,reloc    ] GC(341) y: Large Pages:                    0            0            0           0M           0M           0M 
[30.375s][info][gc,reloc    ] GC(341) y: Forwarding Usage: 0M
[30.375s][info][gc,reloc    ] GC(341) y: Age Table:
[30.375s][info][gc,reloc    ] GC(341) y:                    Live             Garbage             Small              Medium             Large        
[30.375s][info][gc,reloc    ] GC(341) y: Eden               0M (0%)          865M (85%)          1 / 0             27 / 0              0 / 0        
[30.375s][info][gc,reloc    ] GC(341) y: Survivor 1          -                34M (3%)           1 / 0              1 / 0              0 / 0        
[30.375s][info][gc,heap     ] GC(341) y: Min Capacity: 8M(1%)
[30.375s][info][gc,heap     ] GC(341) y: Max Capacity: 1024M(100%)
[30.375s][info][gc,heap     ] GC(341) y: Soft Max Capacity: 1024M(100%)
[30.375s][info][gc,heap     ] GC(341) y: Heap Statistics:
[30.375s][info][gc,heap     ] GC(341) y:                Mark Start          Mark End        Relocate Start      Relocate End           High               Low         
[30.375s][info][gc,heap     ] GC(341) y:  Capacity:     1024M (100%)       1024M (100%)       1024M (100%)       1024M (100%)       1024M (100%)       1024M (100%)   
[30.375s][info][gc,heap     ] GC(341) y:      Free:       84M (8%)           50M (5%)          916M (89%)         916M (89%)         916M (89%)          50M (5%)     
[30.375s][info][gc,heap     ] GC(341) y:      Used:      940M (92%)         974M (95%)         108M (11%)         108M (11%)         974M (95%)         108M (11%)    
[30.375s][info][gc,heap     ] GC(341) y: Young Generation Statistics:
[30.375s][info][gc,heap     ] GC(341) y:                Mark Start          Mark End        Relocate Start      Relocate End    
[30.375s][info][gc,heap     ] GC(341) y:      Used:      900M (88%)         934M (91%)          68M (7%)           68M (7%)     
[30.375s][info][gc,heap     ] GC(341) y:      Live:         -                 0M (0%)            0M (0%)            0M (0%)     
[30.375s][info][gc,heap     ] GC(341) y:   Garbage:         -               899M (88%)          33M (3%)           33M (3%)     
[30.375s][info][gc,heap     ] GC(341) y: Allocated:         -                34M (3%)           34M (3%)           34M (3%)     
[30.375s][info][gc,heap     ] GC(341) y: Reclaimed:         -                  -               866M (85%)         866M (85%)    
[30.375s][info][gc,heap     ] GC(341) y:  Promoted:         -                  -                 0M (0%)            0M (0%)     
[30.375s][info][gc,heap     ] GC(341) y: Compacted:         -                  -                  -                 0M (0%)     
[30.375s][info][gc,phases   ] GC(341) y: Young Generation 940M(92%)->108M(11%) 0.002s
[30.375s][info][gc          ] GC(341) Minor Collection (Allocation Rate) 940M(92%)->108M(11%) 0.003s
[30.443s][info][gc          ] GC(342) Minor Collection (Allocation Rate)
[30.443s][info][gc,task     ] GC(342) Using 2 Workers for Young Generation
[30.443s][info][gc,phases   ] GC(342) y: Young Generation
[30.443s][info][gc,phases   ] GC(342) y: Pause Mark Start 0.004ms
[30.444s][info][gc,phases   ] GC(342) y: Concurrent Mark 1.164ms
[30.444s][info][gc,phases   ] GC(342) y: Pause Mark End 0.005ms
[30.444s][info][gc,phases   ] GC(342) y: Concurrent Mark Free 0.000ms
[30.444s][info][gc,phases   ] GC(342) y: Concurrent Reset Relocation Set 0.000ms
[30.445s][info][gc,reloc    ] GC(342) y: Using tenuring threshold: 1 (Computed)
[30.445s][info][gc,phases   ] GC(342) y: Concurrent Select Relocation Set 1.028ms
[30.446s][info][gc,phases   ] GC(342) y: Pause Relocate Start 0.004ms
[30.446s][info][gc,phases   ] GC(342) y: Concurrent Relocate 0.018ms
[30.446s][info][gc,alloc    ] GC(342) y:                         Mark Start        Mark End      Relocate Start    Relocate End   
[30.446s][info][gc,alloc    ] GC(342) y: Allocation Stalls:          0                0                0                0         
[30.446s][info][gc,load     ] GC(342) y: Load: 2.91 (29%) / 3.02 (30%) / 3.14 (31%)
[30.446s][info][gc,mmu      ] GC(342) y: MMU: 2ms/99.0%, 5ms/99.5%, 10ms/99.7%, 20ms/99.7%, 50ms/99.8%, 100ms/99.9%
[30.446s][info][gc,marking  ] GC(342) y: Mark: 2 stripe(s), 2 proactive flush(es), 1 terminate flush(es), 0 completion(s), 0 continuation(s) 
[30.446s][info][gc,marking  ] GC(342) y: Mark Stack Usage: 32M
[30.446s][info][gc,nmethod  ] GC(342) y: NMethods: 1588 registered, 169 unregistered
[30.446s][info][gc,metaspace] GC(342) y: Metaspace: 9M used, 10M committed, 1088M reserved
[30.446s][info][gc,reloc    ] GC(342) y:                        Candidates     Selected     In-Place         Size        Empty    Relocated 
[30.446s][info][gc,reloc    ] GC(342) y: Small Pages:                    2            0            0           4M           2M           0M 
[30.446s][info][gc,reloc    ] GC(342) y: Medium Pages:                  27            0            0         864M         832M           0M 
[30.446s][info][gc,reloc    ] GC(342) y: Large Pages:                    0            0            0           0M           0M           0M 
[30.446s][info][gc,reloc    ] GC(342) y: Forwarding Usage: 0M
[30.446s][info][gc,reloc    ] GC(342) y: Age Table:
[30.446s][info][gc,reloc    ] GC(342) y:                    Live             Garbage             Small              Medium             Large        
[30.446s][info][gc,reloc    ] GC(342) y: Eden               0M (0%)          833M (81%)          1 / 0             26 / 0              0 / 0        
[30.446s][info][gc,reloc    ] GC(342) y: Survivor 1          -                34M (3%)           1 / 0              1 / 0              0 / 0        
[30.446s][info][gc,heap     ] GC(342) y: Min Capacity: 8M(1%)
[30.446s][info][gc,heap     ] GC(342) y: Max Capacity: 1024M(100%)
[30.446s][info][gc,heap     ] GC(342) y: Soft Max Capacity: 1024M(100%)
[30.446s][info][gc,heap     ] GC(342) y: Heap Statistics:
[30.446s][info][gc,heap     ] GC(342) y:                Mark Start          Mark End        Relocate Start      Relocate End           High               Low         
[30.446s][info][gc,heap     ] GC(342) y:  Capacity:     1024M (100%)       1024M (100%)       1024M (100%)       1024M (100%)       1024M (100%)       1024M (100%)   
[30.446s][info][gc,heap     ] GC(342) y:      Free:      116M (11%)          82M (8%)          916M (89%)         916M (89%)         916M (89%)          82M (8%)     
[30.446s][info][gc,heap     ] GC(342) y:      Used:      908M (89%)         942M (92%)         108M (11%)         108M (11%)         942M (92%)         108M (11%)    
[30.446s][info][gc,heap     ] GC(342) y: Young Generation Statistics:
[30.446s][info][gc,heap     ] GC(342) y:                Mark Start          Mark End        Relocate Start      Relocate End    
[30.446s][info][gc,heap     ] GC(342) y:      Used:      868M (85%)         902M (88%)          68M (7%)           68M (7%)     
[30.446s][info][gc,heap     ] GC(342) y:      Live:         -                 0M (0%)            0M (0%)            0M (0%)     
[30.446s][info][gc,heap     ] GC(342) y:   Garbage:         -               867M (85%)          33M (3%)           33M (3%)     
[30.446s][info][gc,heap     ] GC(342) y: Allocated:         -                34M (3%)           34M (3%)           34M (3%)     
[30.446s][info][gc,heap     ] GC(342) y: Reclaimed:         -                  -               834M (81%)         834M (81%)    
[30.446s][info][gc,heap     ] GC(342) y:  Promoted:         -                  -                 0M (0%)            0M (0%)     
[30.446s][info][gc,heap     ] GC(342) y: Compacted:         -                  -                  -                 0M (0%)     
[30.446s][info][gc,phases   ] GC(342) y: Young Generation 908M(89%)->108M(11%) 0.002s
[30.446s][info][gc          ] GC(342) Minor Collection (Allocation Rate) 908M(89%)->108M(11%) 0.003s
[30.513s][info][gc          ] GC(343) Minor Collection (Allocation Rate)
[30.513s][info][gc,task     ] GC(343) Using 2 Workers for Young Generation
[30.513s][info][gc,phases   ] GC(343) y: Young Generation
[30.513s][info][gc,phases   ] GC(343) y: Pause Mark Start 0.004ms
[30.515s][info][gc,phases   ] GC(343) y: Concurrent Mark 1.260ms
[30.515s][info][gc,phases   ] GC(343) y: Pause Mark End 0.005ms
[30.515s][info][gc,phases   ] GC(343) y: Concurrent Mark Free 0.000ms
[30.515s][info][gc,phases   ] GC(343) y: Concurrent Reset Relocation Set 0.000ms
[30.516s][info][gc,reloc    ] GC(343) y: Using tenuring threshold: 1 (Computed)
[30.516s][info][gc,phases   ] GC(343) y: Concurrent Select Relocation Set 1.027ms
[30.516s][info][gc,phases   ] GC(343) y: Pause Relocate Start 0.005ms
[30.516s][info][gc,phases   ] GC(343) y: Concurrent Relocate 0.021ms
[30.516s][info][gc,alloc    ] GC(343) y:                         Mark Start        Mark End      Relocate Start    Relocate End   
[30.516s][info][gc,alloc    ] GC(343) y: Allocation Stalls:          0                0                0                0         
[30.516s][info][gc,load     ] GC(343) y: Load: 2.91 (29%) / 3.02 (30%) / 3.14 (31%)
[30.516s][info][gc,mmu      ] GC(343) y: MMU: 2ms/99.0%, 5ms/99.5%, 10ms/99.7%, 20ms/99.7%, 50ms/99.8%, 100ms/99.9%
[30.516s][info][gc,marking  ] GC(343) y: Mark: 2 stripe(s), 2 proactive flush(es), 1 terminate flush(es), 0 completion(s), 0 continuation(s) 
[30.516s][info][gc,marking  ] GC(343) y: Mark Stack Usage: 32M
[30.516s][info][gc,nmethod  ] GC(343) y: NMethods: 1588 registered, 169 unregistered
[30.516s][info][gc,metaspace] GC(343) y: Metaspace: 9M used, 10M committed, 1088M reserved
[30.516s][info][gc,reloc    ] GC(343) y:                        Candidates     Selected     In-Place         Size        Empty    Relocated 
[30.516s][info][gc,reloc    ] GC(343) y: Small Pages:                    2            0            0           4M           2M           0M 
[30.516s][info][gc,reloc    ] GC(343) y: Medium Pages:                  27            0            0         864M         832M           0M 
[30.516s][info][gc,reloc    ] GC(343) y: Large Pages:                    0            0            0           0M           0M           0M 
[30.516s][info][gc,reloc    ] GC(343) y: Forwarding Usage: 0M
[30.516s][info][gc,reloc    ] GC(343) y: Age Table:
[30.516s][info][gc,reloc    ] GC(343) y:                    Live             Garbage             Small              Medium             Large        
[30.516s][info][gc,reloc    ] GC(343) y: Eden               0M (0%)          833M (81%)          1 / 0             26 / 0              0 / 0        
[30.516s][info][gc,reloc    ] GC(343) y: Survivor 1          -                34M (3%)           1 / 0              1 / 0              0 / 0        
[30.516s][info][gc,heap     ] GC(343) y: Min Capacity: 8M(1%)
[30.516s][info][gc,heap     ] GC(343) y: Max Capacity: 1024M(100%)
[30.516s][info][gc,heap     ] GC(343) y: Soft Max Capacity: 1024M(100%)
[30.516s][info][gc,heap     ] GC(343) y: Heap Statistics:
[30.516s][info][gc,heap     ] GC(343) y:                Mark Start          Mark End        Relocate Start      Relocate End           High               Low         
[30.516s][info][gc,heap     ] GC(343) y:  Capacity:     1024M (100%)       1024M (100%)       1024M (100%)       1024M (100%)       1024M (100%)       1024M (100%)   
[30.516s][info][gc,heap     ] GC(343) y:      Free:      116M (11%)          82M (8%)          916M (89%)         916M (89%)         916M (89%)          82M (8%)     
[30.516s][info][gc,heap     ] GC(343) y:      Used:      908M (89%)         942M (92%)         108M (11%)         108M (11%)         942M (92%)         108M (11%)    
[30.516s][info][gc,heap     ] GC(343) y: Young Generation Statistics:
[30.516s][info][gc,heap     ] GC(343) y:                Mark Start          Mark End        Relocate Start      Relocate End    
[30.516s][info][gc,heap     ] GC(343) y:      Used:      868M (85%)         902M (88%)          68M (7%)           68M (7%)     
[30.516s][info][gc,heap     ] GC(343) y:      Live:         -                 0M (0%)            0M (0%)            0M (0%)     
[30.516s][info][gc,heap     ] GC(343) y:   Garbage:         -               867M (85%)          33M (3%)           33M (3%)     
[30.516s][info][gc,heap     ] GC(343) y: Allocated:         -                34M (3%)           34M (3%)           34M (3%)     
[30.516s][info][gc,heap     ] GC(343) y: Reclaimed:         -                  -               834M (81%)         834M (81%)    
[30.516s][info][gc,heap     ] GC(343) y:  Promoted:         -                  -                 0M (0%)            0M (0%)     
[30.516s][info][gc,heap     ] GC(343) y: Compacted:         -                  -                  -                 0M (0%)     
[30.516s][info][gc,phases   ] GC(343) y: Young Generation 908M(89%)->108M(11%) 0.003s
[30.516s][info][gc          ] GC(343) Minor Collection (Allocation Rate) 908M(89%)->108M(11%) 0.003s
[30.550s][info][gc          ] GC(344) Major Collection (Proactive)
[30.550s][info][gc,task     ] GC(344) Using 1 Workers for Young Generation
[30.550s][info][gc,task     ] GC(344) Using 1 Workers for Old Generation
[30.550s][info][gc,phases   ] GC(344) Y: Young Generation
[30.550s][info][gc,phases   ] GC(344) Y: Pause Mark Start (Major) 0.005ms
[30.551s][info][gc,phases   ] GC(344) Y: Concurrent Mark 1.427ms
[30.551s][info][gc,phases   ] GC(344) Y: Pause Mark End 0.005ms
[30.551s][info][gc,phases   ] GC(344) Y: Concurrent Mark Free 0.000ms
[30.551s][info][gc,phases   ] GC(344) Y: Concurrent Reset Relocation Set 0.000ms
[30.552s][info][gc,reloc    ] GC(344) Y: Using tenuring threshold: 1 (Computed)
[30.552s][info][gc,phases   ] GC(344) Y: Concurrent Select Relocation Set 1.022ms
[30.553s][info][gc,phases   ] GC(344) Y: Pause Relocate Start 0.003ms
[30.553s][info][gc,phases   ] GC(344) Y: Concurrent Relocate 0.013ms
[30.553s][info][gc,alloc    ] GC(344) Y:                         Mark Start        Mark End      Relocate Start    Relocate End   
[30.553s][info][gc,alloc    ] GC(344) Y: Allocation Stalls:          0                0                0                0         
[30.553s][info][gc,load     ] GC(344) Y: Load: 2.91 (29%) / 3.02 (30%) / 3.14 (31%)
[30.553s][info][gc,mmu      ] GC(344) Y: MMU: 2ms/99.0%, 5ms/99.5%, 10ms/99.7%, 20ms/99.7%, 50ms/99.8%, 100ms/99.9%
[30.553s][info][gc,marking  ] GC(344) Y: Mark: 1 stripe(s), 2 proactive flush(es), 1 terminate flush(es), 0 completion(s), 0 continuation(s) 
[30.553s][info][gc,marking  ] GC(344) Y: Mark Stack Usage: 32M
[30.553s][info][gc,nmethod  ] GC(344) Y: NMethods: 1588 registered, 169 unregistered
[30.553s][info][gc,metaspace] GC(344) Y: Metaspace: 9M used, 10M committed, 1088M reserved
[30.553s][info][gc,reloc    ] GC(344) Y:                        Candidates     Selected     In-Place         Size        Empty    Relocated 
[30.553s][info][gc,reloc    ] GC(344) Y: Small Pages:                    2            0            0           4M           2M           0M 
[30.553s][info][gc,reloc    ] GC(344) Y: Medium Pages:                  15            0            0         480M         448M           0M 
[30.553s][info][gc,reloc    ] GC(344) Y: Large Pages:                    0            0            0           0M           0M           0M 
[30.553s][info][gc,reloc    ] GC(344) Y: Forwarding Usage: 0M
[30.553s][info][gc,reloc    ] GC(344) Y: Age Table:
[30.553s][info][gc,reloc    ] GC(344) Y:                    Live             Garbage             Small              Medium             Large        
[30.553s][info][gc,reloc    ] GC(344) Y: Eden               0M (0%)          449M (44%)          1 / 0             14 / 0              0 / 0        
[30.553s][info][gc,reloc    ] GC(344) Y: Survivor 1          -                34M (3%)           1 / 0              1 / 0              0 / 0        
[30.553s][info][gc,heap     ] GC(344) Y: Min Capacity: 8M(1%)
[30.553s][info][gc,heap     ] GC(344) Y: Max Capacity: 1024M(100%)
[30.553s][info][gc,heap     ] GC(344) Y: Soft Max Capacity: 1024M(100%)
[30.553s][info][gc,heap     ] GC(344) Y: Heap Statistics:
[30.553s][info][gc,heap     ] GC(344) Y:                Mark Start          Mark End        Relocate Start      Relocate End           High               Low         
[30.553s][info][gc,heap     ] GC(344) Y:  Capacity:     1024M (100%)       1024M (100%)       1024M (100%)       1024M (100%)       1024M (100%)       1024M (100%)   
[30.553s][info][gc,heap     ] GC(344) Y:      Free:      500M (49%)         466M (46%)         916M (89%)         916M (89%)         916M (89%)         466M (46%)    
[30.553s][info][gc,heap     ] GC(344) Y:      Used:      524M (51%)         558M (54%)         108M (11%)         108M (11%)         558M (54%)         108M (11%)    
[30.553s][info][gc,heap     ] GC(344) Y: Young Generation Statistics:
[30.553s][info][gc,heap     ] GC(344) Y:                Mark Start          Mark End        Relocate Start      Relocate End    
[30.553s][info][gc,heap     ] GC(344) Y:      Used:      484M (47%)         518M (51%)          68M (7%)           68M (7%)     
[30.553s][info][gc,heap     ] GC(344) Y:      Live:         -                 0M (0%)            0M (0%)            0M (0%)     
[30.553s][info][gc,heap     ] GC(344) Y:   Garbage:         -               483M (47%)          33M (3%)           33M (3%)     
[30.553s][info][gc,heap     ] GC(344) Y: Allocated:         -                34M (3%)           34M (3%)           34M (3%)     
[30.553s][info][gc,heap     ] GC(344) Y: Reclaimed:         -                  -               450M (44%)         450M (44%)    
[30.553s][info][gc,heap     ] GC(344) Y:  Promoted:         -                  -                 0M (0%)            0M (0%)     
[30.553s][info][gc,heap     ] GC(344) Y: Compacted:         -                  -                  -                 0M (0%)     
[30.553s][info][gc,phases   ] GC(344) Y: Young Generation 524M(51%)->108M(11%) 0.003s
[30.553s][info][gc,phases   ] GC(344) O: Old Generation
[30.557s][info][gc,phases   ] GC(344) O: Concurrent Mark 4.457ms
[30.557s][info][gc,phases   ] GC(344) O: Pause Mark End 0.007ms
[30.557s][info][gc,phases   ] GC(344) O: Concurrent Mark Free 0.000ms
[30.560s][info][gc,phases   ] GC(344) O: Concurrent Process Non-Strong 2.992ms
[30.560s][info][gc,phases   ] GC(344) O: Concurrent Reset Relocation Set 0.001ms
[30.561s][info][gc,phases   ] GC(344) O: Concurrent Select Relocation Set 0.998ms
[30.561s][info][gc,task     ] GC(344) O: Using 2 Workers for Old Generation
[30.566s][info][gc,task     ] GC(344) O: Using 1 Workers for Old Generation
[30.566s][info][gc,phases   ] GC(344) O: Concurrent Remap Roots 4.393ms
[30.566s][info][gc,phases   ] GC(344) O: Pause Relocate Start 0.007ms
[30.566s][info][gc,phases   ] GC(344) O: Concurrent Relocate 0.703ms
[30.567s][info][gc,alloc    ] GC(344) O:                         Mark Start        Mark End      Relocate Start    Relocate End   
[30.567s][info][gc,alloc    ] GC(344) O: Allocation Stalls:          0                0                0                0         
[30.567s][info][gc,load     ] GC(344) O: Load: 2.91 (29%) / 3.02 (30%) / 3.14 (31%)
[30.567s][info][gc,mmu      ] GC(344) O: MMU: 2ms/99.0%, 5ms/99.5%, 10ms/99.7%, 20ms/99.7%, 50ms/99.8%, 100ms/99.9%
[30.567s][info][gc,marking  ] GC(344) O: Mark: 1 stripe(s), 2 proactive flush(es), 1 terminate flush(es), 0 completion(s), 0 continuation(s) 
[30.567s][info][gc,marking  ] GC(344) O: Mark Stack Usage: 32M
[30.567s][info][gc,nmethod  ] GC(344) O: NMethods: 1588 registered, 169 unregistered
[30.567s][info][gc,metaspace] GC(344) O: Metaspace: 9M used, 10M committed, 1088M reserved
[30.567s][info][gc,ref      ] GC(344) O:                       Encountered   Discovered     Enqueued 
[30.567s][info][gc,ref      ] GC(344) O: Soft References:              372            0            0 
[30.567s][info][gc,ref      ] GC(344) O: Weak References:             1110          834            0 
[30.567s][info][gc,ref      ] GC(344) O: Final References:             880          270            0 
[30.567s][info][gc,ref      ] GC(344) O: Phantom References:            32            2            0 
[30.567s][info][gc,reloc    ] GC(344) O:                        Candidates     Selected     In-Place         Size        Empty    Relocated 
[30.567s][info][gc,reloc    ] GC(344) O: Small Pages:                    4            1            0           8M           0M           1M 
[30.567s][info][gc,reloc    ] GC(344) O: Medium Pages:                   1            0            0          32M           0M           0M 
[30.567s][info][gc,reloc    ] GC(344) O: Large Pages:                    0            0            0           0M           0M           0M 
[30.567s][info][gc,reloc    ] GC(344) O: Forwarding Usage: 0M
[30.567s][info][gc,heap     ] GC(344) O: Min Capacity: 8M(1%)
[30.567s][info][gc,heap     ] GC(344) O: Max Capacity: 1024M(100%)
[30.567s][info][gc,heap     ] GC(344) O: Soft Max Capacity: 1024M(100%)
[30.567s][info][gc,heap     ] GC(344) O: Heap Statistics:
[30.567s][info][gc,heap     ] GC(344) O:                Mark Start          Mark End        Relocate Start      Relocate End           High               Low         
[30.567s][info][gc,heap     ] GC(344) O:  Capacity:     1024M (100%)       1024M (100%)       1024M (100%)       1024M (100%)       1024M (100%)       1024M (100%)   
[30.567s][info][gc,heap     ] GC(344) O:      Free:      500M (49%)         852M (83%)         756M (74%)         756M (74%)         916M (89%)         466M (46%)    
[30.567s][info][gc,heap     ] GC(344) O:      Used:      524M (51%)         172M (17%)         268M (26%)         268M (26%)         558M (54%)         108M (11%)    
[30.567s][info][gc,heap     ] GC(344) O: Old Generation Statistics:
[30.567s][info][gc,heap     ] GC(344) O:                Mark Start          Mark End        Relocate Start      Relocate End    
[30.567s][info][gc,heap     ] GC(344) O:      Used:       40M (4%)           40M (4%)           40M (4%)           40M (4%)     
[30.567s][info][gc,heap     ] GC(344) O:      Live:         -                 4M (0%)            4M (0%)            4M (0%)     
[30.567s][info][gc,heap     ] GC(344) O:   Garbage:         -                35M (3%)           35M (3%)           32M (3%)     
[30.567s][info][gc,heap     ] GC(344) O: Allocated:         -                 0M (0%)            0M (0%)            2M (0%)     
[30.567s][info][gc,heap     ] GC(344) O: Reclaimed:         -                  -                 0M (0%)            2M (0%)     
[30.567s][info][gc,heap     ] GC(344) O: Compacted:         -                  -                  -                 1M (0%)     
[30.567s][info][gc,phases   ] GC(344) O: Old Generation 108M(11%)->268M(26%) 0.014s
[30.567s][info][gc          ] GC(344) Major Collection (Proactive) 524M(51%)->268M(26%) 0.017s
[30.621s][info][gc          ] GC(345) Minor Collection (Allocation Rate)
[30.621s][info][gc,task     ] GC(345) Using 2 Workers for Young Generation
[30.621s][info][gc,phases   ] GC(345) y: Young Generation
[30.621s][info][gc,phases   ] GC(345) y: Pause Mark Start 0.007ms
[30.622s][info][gc,phases   ] GC(345) y: Concurrent Mark 1.471ms
[30.622s][info][gc,phases   ] GC(345) y: Pause Mark End 0.007ms
[30.622s][info][gc,phases   ] GC(345) y: Concurrent Mark Free 0.000ms
[30.622s][info][gc,phases   ] GC(345) y: Concurrent Reset Relocation Set 0.000ms
[30.623s][info][gc,reloc    ] GC(345) y: Using tenuring threshold: 1 (Computed)
[30.623s][info][gc,phases   ] GC(345) y: Concurrent Select Relocation Set 1.116ms
[30.623s][info][gc,phases   ] GC(345) y: Pause Relocate Start 0.004ms
[30.624s][info][gc,phases   ] GC(345) y: Concurrent Relocate 0.018ms
[30.624s][info][gc,alloc    ] GC(345) y:                         Mark Start        Mark End      Relocate Start    Relocate End   
[30.624s][info][gc,alloc    ] GC(345) y: Allocation Stalls:          0                0                0                0         
[30.624s][info][gc,load     ] GC(345) y: Load: 2.91 (29%) / 3.02 (30%) / 3.14 (31%)
[30.624s][info][gc,mmu      ] GC(345) y: MMU: 2ms/99.0%, 5ms/99.5%, 10ms/99.7%, 20ms/99.7%, 50ms/99.8%, 100ms/99.9%
[30.624s][info][gc,marking  ] GC(345) y: Mark: 2 stripe(s), 2 proactive flush(es), 1 terminate flush(es), 0 completion(s), 0 continuation(s) 
[30.624s][info][gc,marking  ] GC(345) y: Mark Stack Usage: 32M
[30.624s][info][gc,nmethod  ] GC(345) y: NMethods: 1588 registered, 169 unregistered
[30.624s][info][gc,metaspace] GC(345) y: Metaspace: 9M used, 10M committed, 1088M reserved
[30.624s][info][gc,reloc    ] GC(345) y:                        Candidates     Selected     In-Place         Size        Empty    Relocated 
[30.624s][info][gc,reloc    ] GC(345) y: Small Pages:                    2            0            0           4M           2M           0M 
[30.624s][info][gc,reloc    ] GC(345) y: Medium Pages:                  27            0            0         864M         832M           0M 
[30.624s][info][gc,reloc    ] GC(345) y: Large Pages:                    0            0            0           0M           0M           0M 
[30.624s][info][gc,reloc    ] GC(345) y: Forwarding Usage: 0M
[30.624s][info][gc,reloc    ] GC(345) y: Age Table:
[30.624s][info][gc,reloc    ] GC(345) y:                    Live             Garbage             Small              Medium             Large        
[30.624s][info][gc,reloc    ] GC(345) y: Eden               0M (0%)          833M (81%)          1 / 0             26 / 0              0 / 0        
[30.624s][info][gc,reloc    ] GC(345) y: Survivor 1          -                34M (3%)           1 / 0              1 / 0              0 / 0        
[30.624s][info][gc,heap     ] GC(345) y: Min Capacity: 8M(1%)
[30.624s][info][gc,heap     ] GC(345) y: Max Capacity: 1024M(100%)
[30.624s][info][gc,heap     ] GC(345) y: Soft Max Capacity: 1024M(100%)
[30.624s][info][gc,heap     ] GC(345) y: Heap Statistics:
[30.624s][info][gc,heap     ] GC(345) y:                Mark Start          Mark End        Relocate Start      Relocate End           High               Low         
[30.624s][info][gc,heap     ] GC(345) y:  Capacity:     1024M (100%)       1024M (100%)       1024M (100%)       1024M (100%)       1024M (100%)       1024M (100%)   
[30.624s][info][gc,heap     ] GC(345) y:      Free:      116M (11%)          82M (8%)          916M (89%)         916M (89%)         916M (89%)          82M (8%)     
[30.624s][info][gc,heap     ] GC(345) y:      Used:      908M (89%)         942M (92%)         108M (11%)         108M (11%)         942M (92%)         108M (11%)    
[30.624s][info][gc,heap     ] GC(345) y: Young Generation Statistics:
[30.624s][info][gc,heap     ] GC(345) y:                Mark Start          Mark End        Relocate Start      Relocate End    
[30.624s][info][gc,heap     ] GC(345) y:      Used:      868M (85%)         902M (88%)          68M (7%)           68M (7%)     
[30.624s][info][gc,heap     ] GC(345) y:      Live:         -                 0M (0%)            0M (0%)            0M (0%)     
[30.624s][info][gc,heap     ] GC(345) y:   Garbage:         -               867M (85%)          33M (3%)           33M (3%)     
[30.624s][info][gc,heap     ] GC(345) y: Allocated:         -                34M (3%)           34M (3%)           34M (3%)     
[30.624s][info][gc,heap     ] GC(345) y: Reclaimed:         -                  -               834M (81%)         834M (81%)    
[30.624s][info][gc,heap     ] GC(345) y:  Promoted:         -                  -                 0M (0%)            0M (0%)     
[30.624s][info][gc,heap     ] GC(345) y: Compacted:         -                  -                  -                 0M (0%)     
[30.624s][info][gc,phases   ] GC(345) y: Young Generation 908M(89%)->108M(11%) 0.003s
[30.624s][info][gc          ] GC(345) Minor Collection (Allocation Rate) 908M(89%)->108M(11%) 0.003s
[30.691s][info][gc          ] GC(346) Minor Collection (Allocation Rate)
[30.691s][info][gc,task     ] GC(346) Using 3 Workers for Young Generation
[30.691s][info][gc,phases   ] GC(346) y: Young Generation
[30.691s][info][gc,phases   ] GC(346) y: Pause Mark Start 0.004ms
[30.692s][info][gc,phases   ] GC(346) y: Concurrent Mark 1.056ms
[30.692s][info][gc,phases   ] GC(346) y: Pause Mark End 0.005ms
[30.692s][info][gc,phases   ] GC(346) y: Concurrent Mark Free 0.000ms
[30.692s][info][gc,phases   ] GC(346) y: Concurrent Reset Relocation Set 0.000ms
[30.693s][info][gc,reloc    ] GC(346) y: Using tenuring threshold: 1 (Computed)
[30.693s][info][gc,phases   ] GC(346) y: Concurrent Select Relocation Set 1.064ms
[30.693s][info][gc,phases   ] GC(346) y: Pause Relocate Start 0.006ms
[30.693s][info][gc,phases   ] GC(346) y: Concurrent Relocate 0.050ms
[30.693s][info][gc,alloc    ] GC(346) y:                         Mark Start        Mark End      Relocate Start    Relocate End   
[30.693s][info][gc,alloc    ] GC(346) y: Allocation Stalls:          0                0                0                0         
[30.693s][info][gc,load     ] GC(346) y: Load: 2.91 (29%) / 3.02 (30%) / 3.14 (31%)
[30.693s][info][gc,mmu      ] GC(346) y: MMU: 2ms/99.0%, 5ms/99.5%, 10ms/99.7%, 20ms/99.7%, 50ms/99.8%, 100ms/99.9%
[30.693s][info][gc,marking  ] GC(346) y: Mark: 2 stripe(s), 2 proactive flush(es), 1 terminate flush(es), 0 completion(s), 0 continuation(s) 
[30.693s][info][gc,marking  ] GC(346) y: Mark Stack Usage: 32M
[30.693s][info][gc,nmethod  ] GC(346) y: NMethods: 1588 registered, 169 unregistered
[30.693s][info][gc,metaspace] GC(346) y: Metaspace: 9M used, 10M committed, 1088M reserved
[30.693s][info][gc,reloc    ] GC(346) y:                        Candidates     Selected     In-Place         Size        Empty    Relocated 
[30.693s][info][gc,reloc    ] GC(346) y: Small Pages:                    2            0            0           4M           2M           0M 
[30.693s][info][gc,reloc    ] GC(346) y: Medium Pages:                  27            0            0         864M         864M           0M 
[30.693s][info][gc,reloc    ] GC(346) y: Large Pages:                    0            0            0           0M           0M           0M 
[30.693s][info][gc,reloc    ] GC(346) y: Forwarding Usage: 0M
[30.693s][info][gc,reloc    ] GC(346) y: Age Table:
[30.693s][info][gc,reloc    ] GC(346) y:                    Live             Garbage             Small              Medium             Large        
[30.693s][info][gc,reloc    ] GC(346) y: Eden               0M (0%)          833M (81%)          1 / 0             26 / 0              0 / 0        
[30.693s][info][gc,reloc    ] GC(346) y: Survivor 1          -                34M (3%)           1 / 0              1 / 0              0 / 0        
[30.693s][info][gc,heap     ] GC(346) y: Min Capacity: 8M(1%)
[30.693s][info][gc,heap     ] GC(346) y: Max Capacity: 1024M(100%)
[30.693s][info][gc,heap     ] GC(346) y: Soft Max Capacity: 1024M(100%)
[30.693s][info][gc,heap     ] GC(346) y: Heap Statistics:
[30.693s][info][gc,heap     ] GC(346) y:                Mark Start          Mark End        Relocate Start      Relocate End           High               Low         
[30.693s][info][gc,heap     ] GC(346) y:  Capacity:     1024M (100%)       1024M (100%)       1024M (100%)       1024M (100%)       1024M (100%)       1024M (100%)   
[30.693s][info][gc,heap     ] GC(346) y:      Free:      116M (11%)          82M (8%)          948M (93%)         948M (93%)         948M (93%)          82M (8%)     
[30.693s][info][gc,heap     ] GC(346) y:      Used:      908M (89%)         942M (92%)          76M (7%)           76M (7%)          942M (92%)          76M (7%)     
[30.693s][info][gc,heap     ] GC(346) y: Young Generation Statistics:
[30.693s][info][gc,heap     ] GC(346) y:                Mark Start          Mark End        Relocate Start      Relocate End    
[30.693s][info][gc,heap     ] GC(346) y:      Used:      868M (85%)         902M (88%)          36M (4%)           36M (4%)     
[30.693s][info][gc,heap     ] GC(346) y:      Live:         -                 0M (0%)            0M (0%)            0M (0%)     
[30.693s][info][gc,heap     ] GC(346) y:   Garbage:         -               867M (85%)           1M (0%)            1M (0%)     
[30.693s][info][gc,heap     ] GC(346) y: Allocated:         -                34M (3%)           34M (3%)           34M (3%)     
[30.693s][info][gc,heap     ] GC(346) y: Reclaimed:         -                  -               866M (85%)         866M (85%)    
[30.693s][info][gc,heap     ] GC(346) y:  Promoted:         -                  -                 0M (0%)            0M (0%)     
[30.694s][info][gc,heap     ] GC(346) y: Compacted:         -                  -                  -                 0M (0%)     
[30.694s][info][gc,phases   ] GC(346) y: Young Generation 908M(89%)->76M(7%) 0.002s
[30.694s][info][gc          ] GC(346) Minor Collection (Allocation Rate) 908M(89%)->76M(7%) 0.003s
[30.767s][info][gc          ] GC(347) Minor Collection (Allocation Rate)
[30.767s][info][gc,task     ] GC(347) Using 3 Workers for Young Generation
[30.767s][info][gc,phases   ] GC(347) y: Young Generation
[30.767s][info][gc,phases   ] GC(347) y: Pause Mark Start 0.005ms
[30.768s][info][gc,phases   ] GC(347) y: Concurrent Mark 1.002ms
[30.768s][info][gc,phases   ] GC(347) y: Pause Mark End 0.004ms
[30.768s][info][gc,phases   ] GC(347) y: Concurrent Mark Free 0.000ms
[30.768s][info][gc,phases   ] GC(347) y: Concurrent Reset Relocation Set 0.000ms
[30.769s][info][gc,reloc    ] GC(347) y: Using tenuring threshold: 1 (Computed)
[30.769s][info][gc,phases   ] GC(347) y: Concurrent Select Relocation Set 1.056ms
[30.769s][info][gc,phases   ] GC(347) y: Pause Relocate Start 0.003ms
[30.769s][info][gc,phases   ] GC(347) y: Concurrent Relocate 0.094ms
[30.769s][info][gc,alloc    ] GC(347) y:                         Mark Start        Mark End      Relocate Start    Relocate End   
[30.769s][info][gc,alloc    ] GC(347) y: Allocation Stalls:          0                0                0                0         
[30.769s][info][gc,load     ] GC(347) y: Load: 2.91 (29%) / 3.02 (30%) / 3.14 (31%)
[30.769s][info][gc,mmu      ] GC(347) y: MMU: 2ms/99.0%, 5ms/99.5%, 10ms/99.7%, 20ms/99.7%, 50ms/99.8%, 100ms/99.9%
[30.769s][info][gc,marking  ] GC(347) y: Mark: 2 stripe(s), 2 proactive flush(es), 1 terminate flush(es), 0 completion(s), 0 continuation(s) 
[30.769s][info][gc,marking  ] GC(347) y: Mark Stack Usage: 32M
[30.769s][info][gc,nmethod  ] GC(347) y: NMethods: 1588 registered, 169 unregistered
[30.769s][info][gc,metaspace] GC(347) y: Metaspace: 9M used, 10M committed, 1088M reserved
[30.769s][info][gc,reloc    ] GC(347) y:                        Candidates     Selected     In-Place         Size        Empty    Relocated 
[30.769s][info][gc,reloc    ] GC(347) y: Small Pages:                    2            0            0           4M           2M           0M 
[30.769s][info][gc,reloc    ] GC(347) y: Medium Pages:                  28            0            0         896M         864M           0M 
[30.769s][info][gc,reloc    ] GC(347) y: Large Pages:                    0            0            0           0M           0M           0M 
[30.769s][info][gc,reloc    ] GC(347) y: Forwarding Usage: 0M
[30.769s][info][gc,reloc    ] GC(347) y: Age Table:
[30.769s][info][gc,reloc    ] GC(347) y:                    Live             Garbage             Small              Medium             Large        
[30.769s][info][gc,reloc    ] GC(347) y: Eden               0M (0%)          897M (88%)          1 / 0             28 / 0              0 / 0        
[30.769s][info][gc,reloc    ] GC(347) y: Survivor 1          -                 2M (0%)           1 / 0              0 / 0              0 / 0        
[30.769s][info][gc,heap     ] GC(347) y: Min Capacity: 8M(1%)
[30.769s][info][gc,heap     ] GC(347) y: Max Capacity: 1024M(100%)
[30.769s][info][gc,heap     ] GC(347) y: Soft Max Capacity: 1024M(100%)
[30.769s][info][gc,heap     ] GC(347) y: Heap Statistics:
[30.769s][info][gc,heap     ] GC(347) y:                Mark Start          Mark End        Relocate Start      Relocate End           High               Low         
[30.769s][info][gc,heap     ] GC(347) y:  Capacity:     1024M (100%)       1024M (100%)       1024M (100%)       1024M (100%)       1024M (100%)       1024M (100%)   
[30.769s][info][gc,heap     ] GC(347) y:      Free:       84M (8%)           50M (5%)          916M (89%)         916M (89%)         916M (89%)          50M (5%)     
[30.769s][info][gc,heap     ] GC(347) y:      Used:      940M (92%)         974M (95%)         108M (11%)         108M (11%)         974M (95%)         108M (11%)    
[30.769s][info][gc,heap     ] GC(347) y: Young Generation Statistics:
[30.769s][info][gc,heap     ] GC(347) y:                Mark Start          Mark End        Relocate Start      Relocate End    
[30.769s][info][gc,heap     ] GC(347) y:      Used:      900M (88%)         934M (91%)          68M (7%)           68M (7%)     
[30.769s][info][gc,heap     ] GC(347) y:      Live:         -                 0M (0%)            0M (0%)            0M (0%)     
[30.769s][info][gc,heap     ] GC(347) y:   Garbage:         -               899M (88%)          33M (3%)           33M (3%)     
[30.769s][info][gc,heap     ] GC(347) y: Allocated:         -                34M (3%)           34M (3%)           34M (3%)     
[30.769s][info][gc,heap     ] GC(347) y: Reclaimed:         -                  -               866M (85%)         866M (85%)    
[30.770s][info][gc,heap     ] GC(347) y:  Promoted:         -                  -                 0M (0%)            0M (0%)     
[30.770s][info][gc,heap     ] GC(347) y: Compacted:         -                  -                  -                 0M (0%)     
[30.770s][info][gc,phases   ] GC(347) y: Young Generation 940M(92%)->108M(11%) 0.002s
[30.770s][info][gc          ] GC(347) Minor Collection (Allocation Rate) 940M(92%)->108M(11%) 0.003s
[30.840s][info][gc          ] GC(348) Minor Collection (Allocation Rate)
[30.840s][info][gc,task     ] GC(348) Using 3 Workers for Young Generation
[30.840s][info][gc,phases   ] GC(348) y: Young Generation
[30.840s][info][gc,phases   ] GC(348) y: Pause Mark Start 0.006ms
[30.841s][info][gc,phases   ] GC(348) y: Concurrent Mark 1.050ms
[30.841s][info][gc,phases   ] GC(348) y: Pause Mark End 0.008ms
[30.841s][info][gc,phases   ] GC(348) y: Concurrent Mark Free 0.000ms
[30.841s][info][gc,phases   ] GC(348) y: Concurrent Reset Relocation Set 0.000ms
[30.842s][info][gc,reloc    ] GC(348) y: Using tenuring threshold: 1 (Computed)
[30.842s][info][gc,phases   ] GC(348) y: Concurrent Select Relocation Set 1.050ms
[30.842s][info][gc,phases   ] GC(348) y: Pause Relocate Start 0.004ms
[30.842s][info][gc,phases   ] GC(348) y: Concurrent Relocate 0.053ms
[30.842s][info][gc,alloc    ] GC(348) y:                         Mark Start        Mark End      Relocate Start    Relocate End   
[30.842s][info][gc,alloc    ] GC(348) y: Allocation Stalls:          0                0                0                0         
[30.842s][info][gc,load     ] GC(348) y: Load: 2.91 (29%) / 3.02 (30%) / 3.14 (31%)
[30.842s][info][gc,mmu      ] GC(348) y: MMU: 2ms/99.0%, 5ms/99.5%, 10ms/99.7%, 20ms/99.7%, 50ms/99.8%, 100ms/99.9%
[30.842s][info][gc,marking  ] GC(348) y: Mark: 2 stripe(s), 2 proactive flush(es), 1 terminate flush(es), 0 completion(s), 0 continuation(s) 
[30.842s][info][gc,marking  ] GC(348) y: Mark Stack Usage: 32M
[30.842s][info][gc,nmethod  ] GC(348) y: NMethods: 1588 registered, 169 unregistered
[30.842s][info][gc,metaspace] GC(348) y: Metaspace: 9M used, 10M committed, 1088M reserved
[30.842s][info][gc,reloc    ] GC(348) y:                        Candidates     Selected     In-Place         Size        Empty    Relocated 
[30.842s][info][gc,reloc    ] GC(348) y: Small Pages:                    2            0            0           4M           2M           0M 
[30.842s][info][gc,reloc    ] GC(348) y: Medium Pages:                  28            0            0         896M         864M           0M 
[30.842s][info][gc,reloc    ] GC(348) y: Large Pages:                    0            0            0           0M           0M           0M 
[30.842s][info][gc,reloc    ] GC(348) y: Forwarding Usage: 0M
[30.842s][info][gc,reloc    ] GC(348) y: Age Table:
[30.842s][info][gc,reloc    ] GC(348) y:                    Live             Garbage             Small              Medium             Large        
[30.842s][info][gc,reloc    ] GC(348) y: Eden               0M (0%)          865M (84%)          1 / 0             27 / 0              0 / 0        
[30.842s][info][gc,reloc    ] GC(348) y: Survivor 1          -                34M (3%)           1 / 0              1 / 0              0 / 0        
[30.842s][info][gc,heap     ] GC(348) y: Min Capacity: 8M(1%)
[30.842s][info][gc,heap     ] GC(348) y: Max Capacity: 1024M(100%)
[30.842s][info][gc,heap     ] GC(348) y: Soft Max Capacity: 1024M(100%)
[30.842s][info][gc,heap     ] GC(348) y: Heap Statistics:
[30.842s][info][gc,heap     ] GC(348) y:                Mark Start          Mark End        Relocate Start      Relocate End           High               Low         
[30.842s][info][gc,heap     ] GC(348) y:  Capacity:     1024M (100%)       1024M (100%)       1024M (100%)       1024M (100%)       1024M (100%)       1024M (100%)   
[30.842s][info][gc,heap     ] GC(348) y:      Free:       84M (8%)           50M (5%)          916M (89%)         916M (89%)         916M (89%)          50M (5%)     
[30.842s][info][gc,heap     ] GC(348) y:      Used:      940M (92%)         974M (95%)         108M (11%)         108M (11%)         974M (95%)         108M (11%)    
[30.842s][info][gc,heap     ] GC(348) y: Young Generation Statistics:
[30.842s][info][gc,heap     ] GC(348) y:                Mark Start          Mark End        Relocate Start      Relocate End    
[30.842s][info][gc,heap     ] GC(348) y:      Used:      900M (88%)         934M (91%)          68M (7%)           68M (7%)     
[30.842s][info][gc,heap     ] GC(348) y:      Live:         -                 0M (0%)            0M (0%)            0M (0%)     
[30.842s][info][gc,heap     ] GC(348) y:   Garbage:         -               899M (88%)          33M (3%)           33M (3%)     
[30.842s][info][gc,heap     ] GC(348) y: Allocated:         -                34M (3%)           34M (3%)           34M (3%)     
[30.842s][info][gc,heap     ] GC(348) y: Reclaimed:         -                  -               866M (85%)         866M (85%)    
[30.842s][info][gc,heap     ] GC(348) y:  Promoted:         -                  -                 0M (0%)            0M (0%)     
[30.842s][info][gc,heap     ] GC(348) y: Compacted:         -                  -                  -                 0M (0%)     
[30.842s][info][gc,phases   ] GC(348) y: Young Generation 940M(92%)->108M(11%) 0.002s
[30.842s][info][gc          ] GC(348) Minor Collection (Allocation Rate) 940M(92%)->108M(11%) 0.003s
[30.913s][info][gc          ] GC(349) Minor Collection (Allocation Rate)
[30.913s][info][gc,task     ] GC(349) Using 3 Workers for Young Generation
[30.913s][info][gc,phases   ] GC(349) y: Young Generation
[30.913s][info][gc,phases   ] GC(349) y: Pause Mark Start 0.004ms
[30.914s][info][gc,phases   ] GC(349) y: Concurrent Mark 0.935ms
[30.914s][info][gc,phases   ] GC(349) y: Pause Mark End 0.007ms
[30.914s][info][gc,phases   ] GC(349) y: Concurrent Mark Free 0.000ms
[30.914s][info][gc,phases   ] GC(349) y: Concurrent Reset Relocation Set 0.000ms
[30.915s][info][gc,reloc    ] GC(349) y: Using tenuring threshold: 1 (Computed)
[30.915s][info][gc,phases   ] GC(349) y: Concurrent Select Relocation Set 1.077ms
[30.915s][info][gc,phases   ] GC(349) y: Pause Relocate Start 0.005ms
[30.915s][info][gc,phases   ] GC(349) y: Concurrent Relocate 0.041ms
[30.915s][info][gc,alloc    ] GC(349) y:                         Mark Start        Mark End      Relocate Start    Relocate End   
[30.915s][info][gc,alloc    ] GC(349) y: Allocation Stalls:          0                0                0                0         
[30.915s][info][gc,load     ] GC(349) y: Load: 2.91 (29%) / 3.02 (30%) / 3.14 (31%)
[30.915s][info][gc,mmu      ] GC(349) y: MMU: 2ms/99.0%, 5ms/99.5%, 10ms/99.7%, 20ms/99.7%, 50ms/99.8%, 100ms/99.9%
[30.915s][info][gc,marking  ] GC(349) y: Mark: 2 stripe(s), 2 proactive flush(es), 1 terminate flush(es), 0 completion(s), 0 continuation(s) 
[30.915s][info][gc,marking  ] GC(349) y: Mark Stack Usage: 32M
[30.915s][info][gc,nmethod  ] GC(349) y: NMethods: 1588 registered, 169 unregistered
[30.915s][info][gc,metaspace] GC(349) y: Metaspace: 9M used, 10M committed, 1088M reserved
[30.915s][info][gc,reloc    ] GC(349) y:                        Candidates     Selected     In-Place         Size        Empty    Relocated 
[30.915s][info][gc,reloc    ] GC(349) y: Small Pages:                    2            0            0           4M           2M           0M 
[30.915s][info][gc,reloc    ] GC(349) y: Medium Pages:                  28            0            0         896M         864M           0M 
[30.915s][info][gc,reloc    ] GC(349) y: Large Pages:                    0            0            0           0M           0M           0M 
[30.915s][info][gc,reloc    ] GC(349) y: Forwarding Usage: 0M
[30.915s][info][gc,reloc    ] GC(349) y: Age Table:
[30.915s][info][gc,reloc    ] GC(349) y:                    Live             Garbage             Small              Medium             Large        
[30.915s][info][gc,reloc    ] GC(349) y: Eden               0M (0%)          865M (85%)          1 / 0             27 / 0              0 / 0        
[30.915s][info][gc,reloc    ] GC(349) y: Survivor 1          -                34M (3%)           1 / 0              1 / 0              0 / 0        
[30.915s][info][gc,heap     ] GC(349) y: Min Capacity: 8M(1%)
[30.915s][info][gc,heap     ] GC(349) y: Max Capacity: 1024M(100%)
[30.915s][info][gc,heap     ] GC(349) y: Soft Max Capacity: 1024M(100%)
[30.915s][info][gc,heap     ] GC(349) y: Heap Statistics:
[30.915s][info][gc,heap     ] GC(349) y:                Mark Start          Mark End        Relocate Start      Relocate End           High               Low         
[30.915s][info][gc,heap     ] GC(349) y:  Capacity:     1024M (100%)       1024M (100%)       1024M (100%)       1024M (100%)       1024M (100%)       1024M (100%)   
[30.915s][info][gc,heap     ] GC(349) y:      Free:       84M (8%)           50M (5%)          916M (89%)         916M (89%)         916M (89%)          50M (5%)     
[30.915s][info][gc,heap     ] GC(349) y:      Used:      940M (92%)         974M (95%)         108M (11%)         108M (11%)         974M (95%)         108M (11%)    
[30.915s][info][gc,heap     ] GC(349) y: Young Generation Statistics:
[30.915s][info][gc,heap     ] GC(349) y:                Mark Start          Mark End        Relocate Start      Relocate End    
[30.915s][info][gc,heap     ] GC(349) y:      Used:      900M (88%)         934M (91%)          68M (7%)           68M (7%)     
[30.915s][info][gc,heap     ] GC(349) y:      Live:         -                 0M (0%)            0M (0%)            0M (0%)     
[30.915s][info][gc,heap     ] GC(349) y:   Garbage:         -               899M (88%)          33M (3%)           33M (3%)     
[30.915s][info][gc,heap     ] GC(349) y: Allocated:         -                34M (3%)           34M (3%)           34M (3%)     
[30.915s][info][gc,heap     ] GC(349) y: Reclaimed:         -                  -               866M (85%)         866M (85%)    
[30.915s][info][gc,heap     ] GC(349) y:  Promoted:         -                  -                 0M (0%)            0M (0%)     
[30.915s][info][gc,heap     ] GC(349) y: Compacted:         -                  -                  -                 0M (0%)     
[30.915s][info][gc,phases   ] GC(349) y: Young Generation 940M(92%)->108M(11%) 0.002s
[30.915s][info][gc          ] GC(349) Minor Collection (Allocation Rate) 940M(92%)->108M(11%) 0.003s
[30.983s][info][gc          ] GC(350) Minor Collection (Allocation Rate)
[30.983s][info][gc,task     ] GC(350) Using 2 Workers for Young Generation
[30.983s][info][gc,phases   ] GC(350) y: Young Generation
[30.983s][info][gc,phases   ] GC(350) y: Pause Mark Start 0.004ms
[30.984s][info][gc,phases   ] GC(350) y: Concurrent Mark 1.329ms
[30.984s][info][gc,phases   ] GC(350) y: Pause Mark End 0.005ms
[30.984s][info][gc,phases   ] GC(350) y: Concurrent Mark Free 0.000ms
[30.984s][info][gc,phases   ] GC(350) y: Concurrent Reset Relocation Set 0.000ms
[30.985s][info][gc,reloc    ] GC(350) y: Using tenuring threshold: 1 (Computed)
[30.985s][info][gc,phases   ] GC(350) y: Concurrent Select Relocation Set 1.094ms
[30.985s][info][gc,phases   ] GC(350) y: Pause Relocate Start 0.006ms
[30.985s][info][gc,phases   ] GC(350) y: Concurrent Relocate 0.022ms
[30.985s][info][gc,alloc    ] GC(350) y:                         Mark Start        Mark End      Relocate Start    Relocate End   
[30.985s][info][gc,alloc    ] GC(350) y: Allocation Stalls:          0                0                0                0         
[30.985s][info][gc,load     ] GC(350) y: Load: 2.91 (29%) / 3.02 (30%) / 3.14 (31%)
[30.985s][info][gc,mmu      ] GC(350) y: MMU: 2ms/99.0%, 5ms/99.5%, 10ms/99.7%, 20ms/99.7%, 50ms/99.8%, 100ms/99.9%
[30.985s][info][gc,marking  ] GC(350) y: Mark: 2 stripe(s), 2 proactive flush(es), 1 terminate flush(es), 0 completion(s), 0 continuation(s) 
[30.985s][info][gc,marking  ] GC(350) y: Mark Stack Usage: 32M
[30.985s][info][gc,nmethod  ] GC(350) y: NMethods: 1588 registered, 169 unregistered
[30.985s][info][gc,metaspace] GC(350) y: Metaspace: 9M used, 10M committed, 1088M reserved
[30.985s][info][gc,reloc    ] GC(350) y:                        Candidates     Selected     In-Place         Size        Empty    Relocated 
[30.985s][info][gc,reloc    ] GC(350) y: Small Pages:                    2            0            0           4M           2M           0M 
[30.985s][info][gc,reloc    ] GC(350) y: Medium Pages:                  27            0            0         864M         832M           0M 
[30.985s][info][gc,reloc    ] GC(350) y: Large Pages:                    0            0            0           0M           0M           0M 
[30.985s][info][gc,reloc    ] GC(350) y: Forwarding Usage: 0M
[30.985s][info][gc,reloc    ] GC(350) y: Age Table:
[30.985s][info][gc,reloc    ] GC(350) y:                    Live             Garbage             Small              Medium             Large        
[30.985s][info][gc,reloc    ] GC(350) y: Eden               0M (0%)          833M (81%)          1 / 0             26 / 0              0 / 0        
[30.985s][info][gc,reloc    ] GC(350) y: Survivor 1          -                34M (3%)           1 / 0              1 / 0              0 / 0        
[30.985s][info][gc,heap     ] GC(350) y: Min Capacity: 8M(1%)
[30.985s][info][gc,heap     ] GC(350) y: Max Capacity: 1024M(100%)
[30.985s][info][gc,heap     ] GC(350) y: Soft Max Capacity: 1024M(100%)
[30.985s][info][gc,heap     ] GC(350) y: Heap Statistics:
[30.985s][info][gc,heap     ] GC(350) y:                Mark Start          Mark End        Relocate Start      Relocate End           High               Low         
[30.985s][info][gc,heap     ] GC(350) y:  Capacity:     1024M (100%)       1024M (100%)       1024M (100%)       1024M (100%)       1024M (100%)       1024M (100%)   
[30.986s][info][gc,heap     ] GC(350) y:      Free:      116M (11%)          82M (8%)          916M (89%)         916M (89%)         916M (89%)          82M (8%)     
[30.986s][info][gc,heap     ] GC(350) y:      Used:      908M (89%)         942M (92%)         108M (11%)         108M (11%)         942M (92%)         108M (11%)    
[30.986s][info][gc,heap     ] GC(350) y: Young Generation Statistics:
[30.986s][info][gc,heap     ] GC(350) y:                Mark Start          Mark End        Relocate Start      Relocate End    
[30.986s][info][gc,heap     ] GC(350) y:      Used:      868M (85%)         902M (88%)          68M (7%)           68M (7%)     
[30.986s][info][gc,heap     ] GC(350) y:      Live:         -                 0M (0%)            0M (0%)            0M (0%)     
[30.986s][info][gc,heap     ] GC(350) y:   Garbage:         -               867M (85%)          33M (3%)           33M (3%)     
[30.986s][info][gc,heap     ] GC(350) y: Allocated:         -                34M (3%)           34M (3%)           34M (3%)     
[30.986s][info][gc,heap     ] GC(350) y: Reclaimed:         -                  -               834M (81%)         834M (81%)    
[30.986s][info][gc,heap     ] GC(350) y:  Promoted:         -                  -                 0M (0%)            0M (0%)     
[30.986s][info][gc,heap     ] GC(350) y: Compacted:         -                  -                  -                 0M (0%)     
[30.986s][info][gc,phases   ] GC(350) y: Young Generation 908M(89%)->108M(11%) 0.003s
[30.986s][info][gc          ] GC(350) Minor Collection (Allocation Rate) 908M(89%)->108M(11%) 0.003s
[31.055s][info][gc          ] GC(351) Minor Collection (Allocation Rate)
[31.055s][info][gc,task     ] GC(351) Using 3 Workers for Young Generation
[31.055s][info][gc,phases   ] GC(351) y: Young Generation
[31.055s][info][gc,phases   ] GC(351) y: Pause Mark Start 0.004ms
[31.056s][info][gc,phases   ] GC(351) y: Concurrent Mark 1.045ms
[31.057s][info][gc,phases   ] GC(351) y: Pause Mark End 0.004ms
[31.057s][info][gc,phases   ] GC(351) y: Concurrent Mark Free 0.000ms
[31.057s][info][gc,phases   ] GC(351) y: Concurrent Reset Relocation Set 0.000ms
[31.058s][info][gc,reloc    ] GC(351) y: Using tenuring threshold: 1 (Computed)
[31.058s][info][gc,phases   ] GC(351) y: Concurrent Select Relocation Set 1.092ms
[31.058s][info][gc,phases   ] GC(351) y: Pause Relocate Start 0.004ms
[31.058s][info][gc,phases   ] GC(351) y: Concurrent Relocate 0.024ms
[31.058s][info][gc,alloc    ] GC(351) y:                         Mark Start        Mark End      Relocate Start    Relocate End   
[31.058s][info][gc,alloc    ] GC(351) y: Allocation Stalls:          0                0                0                0         
[31.058s][info][gc,load     ] GC(351) y: Load: 2.91 (29%) / 3.02 (30%) / 3.14 (31%)
[31.058s][info][gc,mmu      ] GC(351) y: MMU: 2ms/99.0%, 5ms/99.5%, 10ms/99.7%, 20ms/99.7%, 50ms/99.8%, 100ms/99.9%
[31.058s][info][gc,marking  ] GC(351) y: Mark: 2 stripe(s), 2 proactive flush(es), 1 terminate flush(es), 0 completion(s), 0 continuation(s) 
[31.058s][info][gc,marking  ] GC(351) y: Mark Stack Usage: 32M
[31.058s][info][gc,nmethod  ] GC(351) y: NMethods: 1588 registered, 169 unregistered
[31.058s][info][gc,metaspace] GC(351) y: Metaspace: 9M used, 10M committed, 1088M reserved
[31.058s][info][gc,reloc    ] GC(351) y:                        Candidates     Selected     In-Place         Size        Empty    Relocated 
[31.058s][info][gc,reloc    ] GC(351) y: Small Pages:                    2            0            0           4M           2M           0M 
[31.058s][info][gc,reloc    ] GC(351) y: Medium Pages:                  28            0            0         896M         864M           0M 
[31.058s][info][gc,reloc    ] GC(351) y: Large Pages:                    0            0            0           0M           0M           0M 
[31.058s][info][gc,reloc    ] GC(351) y: Forwarding Usage: 0M
[31.058s][info][gc,reloc    ] GC(351) y: Age Table:
[31.058s][info][gc,reloc    ] GC(351) y:                    Live             Garbage             Small              Medium             Large        
[31.058s][info][gc,reloc    ] GC(351) y: Eden               0M (0%)          865M (84%)          1 / 0             27 / 0              0 / 0        
[31.058s][info][gc,reloc    ] GC(351) y: Survivor 1          -                34M (3%)           1 / 0              1 / 0              0 / 0        
[31.058s][info][gc,heap     ] GC(351) y: Min Capacity: 8M(1%)
[31.058s][info][gc,heap     ] GC(351) y: Max Capacity: 1024M(100%)
[31.058s][info][gc,heap     ] GC(351) y: Soft Max Capacity: 1024M(100%)
[31.058s][info][gc,heap     ] GC(351) y: Heap Statistics:
[31.058s][info][gc,heap     ] GC(351) y:                Mark Start          Mark End        Relocate Start      Relocate End           High               Low         
[31.058s][info][gc,heap     ] GC(351) y:  Capacity:     1024M (100%)       1024M (100%)       1024M (100%)       1024M (100%)       1024M (100%)       1024M (100%)   
[31.058s][info][gc,heap     ] GC(351) y:      Free:       84M (8%)           50M (5%)          916M (89%)         916M (89%)         916M (89%)          50M (5%)     
[31.058s][info][gc,heap     ] GC(351) y:      Used:      940M (92%)         974M (95%)         108M (11%)         108M (11%)         974M (95%)         108M (11%)    
[31.058s][info][gc,heap     ] GC(351) y: Young Generation Statistics:
[31.058s][info][gc,heap     ] GC(351) y:                Mark Start          Mark End        Relocate Start      Relocate End    
[31.058s][info][gc,heap     ] GC(351) y:      Used:      900M (88%)         934M (91%)          68M (7%)           68M (7%)     
[31.058s][info][gc,heap     ] GC(351) y:      Live:         -                 0M (0%)            0M (0%)            0M (0%)     
[31.058s][info][gc,heap     ] GC(351) y:   Garbage:         -               899M (88%)          33M (3%)           33M (3%)     
[31.058s][info][gc,heap     ] GC(351) y: Allocated:         -                34M (3%)           34M (3%)           34M (3%)     
[31.058s][info][gc,heap     ] GC(351) y: Reclaimed:         -                  -               866M (85%)         866M (85%)    
[31.058s][info][gc,heap     ] GC(351) y:  Promoted:         -                  -                 0M (0%)            0M (0%)     
[31.058s][info][gc,heap     ] GC(351) y: Compacted:         -                  -                  -                 0M (0%)     
[31.058s][info][gc,phases   ] GC(351) y: Young Generation 940M(92%)->108M(11%) 0.002s
[31.058s][info][gc          ] GC(351) Minor Collection (Allocation Rate) 940M(92%)->108M(11%) 0.003s
[31.128s][info][gc          ] GC(352) Minor Collection (Allocation Rate)
[31.128s][info][gc,task     ] GC(352) Using 3 Workers for Young Generation
[31.128s][info][gc,phases   ] GC(352) y: Young Generation
[31.128s][info][gc,phases   ] GC(352) y: Pause Mark Start 0.006ms
[31.129s][info][gc,phases   ] GC(352) y: Concurrent Mark 0.900ms
[31.129s][info][gc,phases   ] GC(352) y: Pause Mark End 0.005ms
[31.129s][info][gc,phases   ] GC(352) y: Concurrent Mark Free 0.000ms
[31.129s][info][gc,phases   ] GC(352) y: Concurrent Reset Relocation Set 0.000ms
[31.130s][info][gc,reloc    ] GC(352) y: Using tenuring threshold: 1 (Computed)
[31.130s][info][gc,phases   ] GC(352) y: Concurrent Select Relocation Set 1.054ms
[31.130s][info][gc,phases   ] GC(352) y: Pause Relocate Start 0.003ms
[31.130s][info][gc,phases   ] GC(352) y: Concurrent Relocate 0.022ms
[31.130s][info][gc,alloc    ] GC(352) y:                         Mark Start        Mark End      Relocate Start    Relocate End   
[31.130s][info][gc,alloc    ] GC(352) y: Allocation Stalls:          0                0                0                0         
[31.130s][info][gc,load     ] GC(352) y: Load: 2.91 (29%) / 3.02 (30%) / 3.14 (31%)
[31.130s][info][gc,mmu      ] GC(352) y: MMU: 2ms/99.0%, 5ms/99.5%, 10ms/99.7%, 20ms/99.7%, 50ms/99.8%, 100ms/99.9%
[31.130s][info][gc,marking  ] GC(352) y: Mark: 2 stripe(s), 2 proactive flush(es), 1 terminate flush(es), 0 completion(s), 0 continuation(s) 
[31.130s][info][gc,marking  ] GC(352) y: Mark Stack Usage: 32M
[31.130s][info][gc,nmethod  ] GC(352) y: NMethods: 1588 registered, 169 unregistered
[31.130s][info][gc,metaspace] GC(352) y: Metaspace: 9M used, 10M committed, 1088M reserved
[31.130s][info][gc,reloc    ] GC(352) y:                        Candidates     Selected     In-Place         Size        Empty    Relocated 
[31.130s][info][gc,reloc    ] GC(352) y: Small Pages:                    2            0            0           4M           2M           0M 
[31.130s][info][gc,reloc    ] GC(352) y: Medium Pages:                  28            0            0         896M         864M           0M 
[31.130s][info][gc,reloc    ] GC(352) y: Large Pages:                    0            0            0           0M           0M           0M 
[31.130s][info][gc,reloc    ] GC(352) y: Forwarding Usage: 0M
[31.130s][info][gc,reloc    ] GC(352) y: Age Table:
[31.130s][info][gc,reloc    ] GC(352) y:                    Live             Garbage             Small              Medium             Large        
[31.130s][info][gc,reloc    ] GC(352) y: Eden               0M (0%)          865M (85%)          1 / 0             27 / 0              0 / 0        
[31.130s][info][gc,reloc    ] GC(352) y: Survivor 1          -                34M (3%)           1 / 0              1 / 0              0 / 0        
[31.130s][info][gc,heap     ] GC(352) y: Min Capacity: 8M(1%)
[31.130s][info][gc,heap     ] GC(352) y: Max Capacity: 1024M(100%)
[31.130s][info][gc,heap     ] GC(352) y: Soft Max Capacity: 1024M(100%)
[31.130s][info][gc,heap     ] GC(352) y: Heap Statistics:
[31.130s][info][gc,heap     ] GC(352) y:                Mark Start          Mark End        Relocate Start      Relocate End           High               Low         
[31.130s][info][gc,heap     ] GC(352) y:  Capacity:     1024M (100%)       1024M (100%)       1024M (100%)       1024M (100%)       1024M (100%)       1024M (100%)   
[31.130s][info][gc,heap     ] GC(352) y:      Free:       84M (8%)           50M (5%)          916M (89%)         916M (89%)         916M (89%)          50M (5%)     
[31.130s][info][gc,heap     ] GC(352) y:      Used:      940M (92%)         974M (95%)         108M (11%)         108M (11%)         974M (95%)         108M (11%)    
[31.130s][info][gc,heap     ] GC(352) y: Young Generation Statistics:
[31.130s][info][gc,heap     ] GC(352) y:                Mark Start          Mark End        Relocate Start      Relocate End    
[31.130s][info][gc,heap     ] GC(352) y:      Used:      900M (88%)         934M (91%)          68M (7%)           68M (7%)     
[31.130s][info][gc,heap     ] GC(352) y:      Live:         -                 0M (0%)            0M (0%)            0M (0%)     
[31.130s][info][gc,heap     ] GC(352) y:   Garbage:         -               899M (88%)          33M (3%)           33M (3%)     
[31.130s][info][gc,heap     ] GC(352) y: Allocated:         -                34M (3%)           34M (3%)           34M (3%)     
[31.130s][info][gc,heap     ] GC(352) y: Reclaimed:         -                  -               866M (85%)         866M (85%)    
[31.130s][info][gc,heap     ] GC(352) y:  Promoted:         -                  -                 0M (0%)            0M (0%)     
[31.130s][info][gc,heap     ] GC(352) y: Compacted:         -                  -                  -                 0M (0%)     
[31.130s][info][gc,phases   ] GC(352) y: Young Generation 940M(92%)->108M(11%) 0.002s
[31.130s][info][gc          ] GC(352) Minor Collection (Allocation Rate) 940M(92%)->108M(11%) 0.002s
[31.198s][info][gc          ] GC(353) Minor Collection (Allocation Rate)
[31.198s][info][gc,task     ] GC(353) Using 2 Workers for Young Generation
[31.198s][info][gc,phases   ] GC(353) y: Young Generation
[31.198s][info][gc,phases   ] GC(353) y: Pause Mark Start 0.004ms
[31.200s][info][gc,phases   ] GC(353) y: Concurrent Mark 1.389ms
[31.200s][info][gc,phases   ] GC(353) y: Pause Mark End 0.005ms
[31.200s][info][gc,phases   ] GC(353) y: Concurrent Mark Free 0.000ms
[31.200s][info][gc,phases   ] GC(353) y: Concurrent Reset Relocation Set 0.000ms
[31.201s][info][gc,reloc    ] GC(353) y: Using tenuring threshold: 1 (Computed)
[31.201s][info][gc,phases   ] GC(353) y: Concurrent Select Relocation Set 1.034ms
[31.201s][info][gc,phases   ] GC(353) y: Pause Relocate Start 0.003ms
[31.201s][info][gc,phases   ] GC(353) y: Concurrent Relocate 0.016ms
[31.201s][info][gc,alloc    ] GC(353) y:                         Mark Start        Mark End      Relocate Start    Relocate End   
[31.201s][info][gc,alloc    ] GC(353) y: Allocation Stalls:          0                0                0                0         
[31.201s][info][gc,load     ] GC(353) y: Load: 2.91 (29%) / 3.02 (30%) / 3.14 (31%)
[31.201s][info][gc,mmu      ] GC(353) y: MMU: 2ms/99.0%, 5ms/99.5%, 10ms/99.7%, 20ms/99.7%, 50ms/99.8%, 100ms/99.9%
[31.201s][info][gc,marking  ] GC(353) y: Mark: 2 stripe(s), 2 proactive flush(es), 1 terminate flush(es), 0 completion(s), 0 continuation(s) 
[31.201s][info][gc,marking  ] GC(353) y: Mark Stack Usage: 32M
[31.201s][info][gc,nmethod  ] GC(353) y: NMethods: 1588 registered, 169 unregistered
[31.201s][info][gc,metaspace] GC(353) y: Metaspace: 9M used, 10M committed, 1088M reserved
[31.201s][info][gc,reloc    ] GC(353) y:                        Candidates     Selected     In-Place         Size        Empty    Relocated 
[31.201s][info][gc,reloc    ] GC(353) y: Small Pages:                    2            0            0           4M           2M           0M 
[31.201s][info][gc,reloc    ] GC(353) y: Medium Pages:                  27            0            0         864M         832M           0M 
[31.201s][info][gc,reloc    ] GC(353) y: Large Pages:                    0            0            0           0M           0M           0M 
[31.201s][info][gc,reloc    ] GC(353) y: Forwarding Usage: 0M
[31.201s][info][gc,reloc    ] GC(353) y: Age Table:
[31.201s][info][gc,reloc    ] GC(353) y:                    Live             Garbage             Small              Medium             Large        
[31.201s][info][gc,reloc    ] GC(353) y: Eden               0M (0%)          833M (81%)          1 / 0             26 / 0              0 / 0        
[31.201s][info][gc,reloc    ] GC(353) y: Survivor 1          -                34M (3%)           1 / 0              1 / 0              0 / 0        
[31.201s][info][gc,heap     ] GC(353) y: Min Capacity: 8M(1%)
[31.201s][info][gc,heap     ] GC(353) y: Max Capacity: 1024M(100%)
[31.201s][info][gc,heap     ] GC(353) y: Soft Max Capacity: 1024M(100%)
[31.201s][info][gc,heap     ] GC(353) y: Heap Statistics:
[31.201s][info][gc,heap     ] GC(353) y:                Mark Start          Mark End        Relocate Start      Relocate End           High               Low         
[31.201s][info][gc,heap     ] GC(353) y:  Capacity:     1024M (100%)       1024M (100%)       1024M (100%)       1024M (100%)       1024M (100%)       1024M (100%)   
[31.201s][info][gc,heap     ] GC(353) y:      Free:      116M (11%)          82M (8%)          916M (89%)         916M (89%)         916M (89%)          82M (8%)     
[31.201s][info][gc,heap     ] GC(353) y:      Used:      908M (89%)         942M (92%)         108M (11%)         108M (11%)         942M (92%)         108M (11%)    
[31.201s][info][gc,heap     ] GC(353) y: Young Generation Statistics:
[31.201s][info][gc,heap     ] GC(353) y:                Mark Start          Mark End        Relocate Start      Relocate End    
[31.201s][info][gc,heap     ] GC(353) y:      Used:      868M (85%)         902M (88%)          68M (7%)           68M (7%)     
[31.201s][info][gc,heap     ] GC(353) y:      Live:         -                 0M (0%)            0M (0%)            0M (0%)     
[31.201s][info][gc,heap     ] GC(353) y:   Garbage:         -               867M (85%)          33M (3%)           33M (3%)     
[31.201s][info][gc,heap     ] GC(353) y: Allocated:         -                34M (3%)           34M (3%)           34M (3%)     
[31.201s][info][gc,heap     ] GC(353) y: Reclaimed:         -                  -               834M (81%)         834M (81%)    
[31.201s][info][gc,heap     ] GC(353) y:  Promoted:         -                  -                 0M (0%)            0M (0%)     
[31.201s][info][gc,heap     ] GC(353) y: Compacted:         -                  -                  -                 0M (0%)     
[31.201s][info][gc,phases   ] GC(353) y: Young Generation 908M(89%)->108M(11%) 0.003s
[31.201s][info][gc          ] GC(353) Minor Collection (Allocation Rate) 908M(89%)->108M(11%) 0.003s
[31.271s][info][gc          ] GC(354) Minor Collection (Allocation Rate)
[31.271s][info][gc,task     ] GC(354) Using 3 Workers for Young Generation
[31.272s][info][gc,phases   ] GC(354) y: Young Generation
[31.272s][info][gc,phases   ] GC(354) y: Pause Mark Start 0.004ms
[31.272s][info][gc,phases   ] GC(354) y: Concurrent Mark 0.885ms
[31.273s][info][gc,phases   ] GC(354) y: Pause Mark End 0.004ms
[31.273s][info][gc,phases   ] GC(354) y: Concurrent Mark Free 0.000ms
[31.273s][info][gc,phases   ] GC(354) y: Concurrent Reset Relocation Set 0.000ms
[31.274s][info][gc,reloc    ] GC(354) y: Using tenuring threshold: 1 (Computed)
[31.274s][info][gc,phases   ] GC(354) y: Concurrent Select Relocation Set 1.106ms
[31.274s][info][gc,phases   ] GC(354) y: Pause Relocate Start 0.004ms
[31.274s][info][gc,phases   ] GC(354) y: Concurrent Relocate 0.037ms
[31.274s][info][gc,alloc    ] GC(354) y:                         Mark Start        Mark End      Relocate Start    Relocate End   
[31.274s][info][gc,alloc    ] GC(354) y: Allocation Stalls:          0                0                0                0         
[31.274s][info][gc,load     ] GC(354) y: Load: 2.91 (29%) / 3.02 (30%) / 3.14 (31%)
[31.274s][info][gc,mmu      ] GC(354) y: MMU: 2ms/99.0%, 5ms/99.5%, 10ms/99.7%, 20ms/99.7%, 50ms/99.8%, 100ms/99.9%
[31.274s][info][gc,marking  ] GC(354) y: Mark: 2 stripe(s), 2 proactive flush(es), 1 terminate flush(es), 0 completion(s), 0 continuation(s) 
[31.274s][info][gc,marking  ] GC(354) y: Mark Stack Usage: 32M
[31.274s][info][gc,nmethod  ] GC(354) y: NMethods: 1588 registered, 169 unregistered
[31.274s][info][gc,metaspace] GC(354) y: Metaspace: 9M used, 10M committed, 1088M reserved
[31.274s][info][gc,reloc    ] GC(354) y:                        Candidates     Selected     In-Place         Size        Empty    Relocated 
[31.274s][info][gc,reloc    ] GC(354) y: Small Pages:                    2            0            0           4M           2M           0M 
[31.274s][info][gc,reloc    ] GC(354) y: Medium Pages:                  28            0            0         896M         864M           0M 
[31.274s][info][gc,reloc    ] GC(354) y: Large Pages:                    0            0            0           0M           0M           0M 
[31.274s][info][gc,reloc    ] GC(354) y: Forwarding Usage: 0M
[31.274s][info][gc,reloc    ] GC(354) y: Age Table:
[31.274s][info][gc,reloc    ] GC(354) y:                    Live             Garbage             Small              Medium             Large        
[31.274s][info][gc,reloc    ] GC(354) y: Eden               0M (0%)          865M (84%)          1 / 0             27 / 0              0 / 0        
[31.274s][info][gc,reloc    ] GC(354) y: Survivor 1          -                34M (3%)           1 / 0              1 / 0              0 / 0        
[31.274s][info][gc,heap     ] GC(354) y: Min Capacity: 8M(1%)
[31.274s][info][gc,heap     ] GC(354) y: Max Capacity: 1024M(100%)
[31.274s][info][gc,heap     ] GC(354) y: Soft Max Capacity: 1024M(100%)
[31.274s][info][gc,heap     ] GC(354) y: Heap Statistics:
[31.274s][info][gc,heap     ] GC(354) y:                Mark Start          Mark End        Relocate Start      Relocate End           High               Low         
[31.274s][info][gc,heap     ] GC(354) y:  Capacity:     1024M (100%)       1024M (100%)       1024M (100%)       1024M (100%)       1024M (100%)       1024M (100%)   
[31.274s][info][gc,heap     ] GC(354) y:      Free:       84M (8%)           50M (5%)          916M (89%)         916M (89%)         916M (89%)          50M (5%)     
[31.274s][info][gc,heap     ] GC(354) y:      Used:      940M (92%)         974M (95%)         108M (11%)         108M (11%)         974M (95%)         108M (11%)    
[31.274s][info][gc,heap     ] GC(354) y: Young Generation Statistics:
[31.274s][info][gc,heap     ] GC(354) y:                Mark Start          Mark End        Relocate Start      Relocate End    
[31.274s][info][gc,heap     ] GC(354) y:      Used:      900M (88%)         934M (91%)          68M (7%)           68M (7%)     
[31.274s][info][gc,heap     ] GC(354) y:      Live:         -                 0M (0%)            0M (0%)            0M (0%)     
[31.274s][info][gc,heap     ] GC(354) y:   Garbage:         -               899M (88%)          33M (3%)           33M (3%)     
[31.274s][info][gc,heap     ] GC(354) y: Allocated:         -                34M (3%)           34M (3%)           34M (3%)     
[31.274s][info][gc,heap     ] GC(354) y: Reclaimed:         -                  -               866M (85%)         866M (85%)    
[31.274s][info][gc,heap     ] GC(354) y:  Promoted:         -                  -                 0M (0%)            0M (0%)     
[31.274s][info][gc,heap     ] GC(354) y: Compacted:         -                  -                  -                 0M (0%)     
[31.274s][info][gc,phases   ] GC(354) y: Young Generation 940M(92%)->108M(11%) 0.002s
[31.274s][info][gc          ] GC(354) Minor Collection (Allocation Rate) 940M(92%)->108M(11%) 0.002s
[31.344s][info][gc          ] GC(355) Minor Collection (Allocation Rate)
[31.344s][info][gc,task     ] GC(355) Using 3 Workers for Young Generation
[31.344s][info][gc,phases   ] GC(355) y: Young Generation
[31.344s][info][gc,phases   ] GC(355) y: Pause Mark Start 0.007ms
[31.345s][info][gc,phases   ] GC(355) y: Concurrent Mark 0.881ms
[31.345s][info][gc,phases   ] GC(355) y: Pause Mark End 0.004ms
[31.345s][info][gc,phases   ] GC(355) y: Concurrent Mark Free 0.000ms
[31.345s][info][gc,phases   ] GC(355) y: Concurrent Reset Relocation Set 0.000ms
[31.346s][info][gc,reloc    ] GC(355) y: Using tenuring threshold: 1 (Computed)
[31.346s][info][gc,phases   ] GC(355) y: Concurrent Select Relocation Set 1.057ms
[31.347s][info][gc,phases   ] GC(355) y: Pause Relocate Start 0.004ms
[31.347s][info][gc,phases   ] GC(355) y: Concurrent Relocate 0.032ms
[31.347s][info][gc,alloc    ] GC(355) y:                         Mark Start        Mark End      Relocate Start    Relocate End   
[31.347s][info][gc,alloc    ] GC(355) y: Allocation Stalls:          0                0                0                0         
[31.347s][info][gc,load     ] GC(355) y: Load: 2.91 (29%) / 3.02 (30%) / 3.14 (31%)
[31.347s][info][gc,mmu      ] GC(355) y: MMU: 2ms/99.0%, 5ms/99.5%, 10ms/99.7%, 20ms/99.7%, 50ms/99.8%, 100ms/99.9%
[31.347s][info][gc,marking  ] GC(355) y: Mark: 2 stripe(s), 2 proactive flush(es), 1 terminate flush(es), 0 completion(s), 0 continuation(s) 
[31.347s][info][gc,marking  ] GC(355) y: Mark Stack Usage: 32M
[31.347s][info][gc,nmethod  ] GC(355) y: NMethods: 1588 registered, 169 unregistered
[31.347s][info][gc,metaspace] GC(355) y: Metaspace: 9M used, 10M committed, 1088M reserved
[31.347s][info][gc,reloc    ] GC(355) y:                        Candidates     Selected     In-Place         Size        Empty    Relocated 
[31.347s][info][gc,reloc    ] GC(355) y: Small Pages:                    2            0            0           4M           2M           0M 
[31.347s][info][gc,reloc    ] GC(355) y: Medium Pages:                  28            0            0         896M         864M           0M 
[31.347s][info][gc,reloc    ] GC(355) y: Large Pages:                    0            0            0           0M           0M           0M 
[31.347s][info][gc,reloc    ] GC(355) y: Forwarding Usage: 0M
[31.347s][info][gc,reloc    ] GC(355) y: Age Table:
[31.347s][info][gc,reloc    ] GC(355) y:                    Live             Garbage             Small              Medium             Large        
[31.347s][info][gc,reloc    ] GC(355) y: Eden               0M (0%)          865M (85%)          1 / 0             27 / 0              0 / 0        
[31.347s][info][gc,reloc    ] GC(355) y: Survivor 1          -                34M (3%)           1 / 0              1 / 0              0 / 0        
[31.347s][info][gc,heap     ] GC(355) y: Min Capacity: 8M(1%)
[31.347s][info][gc,heap     ] GC(355) y: Max Capacity: 1024M(100%)
[31.347s][info][gc,heap     ] GC(355) y: Soft Max Capacity: 1024M(100%)
[31.347s][info][gc,heap     ] GC(355) y: Heap Statistics:
[31.347s][info][gc,heap     ] GC(355) y:                Mark Start          Mark End        Relocate Start      Relocate End           High               Low         
[31.347s][info][gc,heap     ] GC(355) y:  Capacity:     1024M (100%)       1024M (100%)       1024M (100%)       1024M (100%)       1024M (100%)       1024M (100%)   
[31.347s][info][gc,heap     ] GC(355) y:      Free:       84M (8%)           50M (5%)          916M (89%)         916M (89%)         916M (89%)          50M (5%)     
[31.347s][info][gc,heap     ] GC(355) y:      Used:      940M (92%)         974M (95%)         108M (11%)         108M (11%)         974M (95%)         108M (11%)    
[31.347s][info][gc,heap     ] GC(355) y: Young Generation Statistics:
[31.347s][info][gc,heap     ] GC(355) y:                Mark Start          Mark End        Relocate Start      Relocate End    
[31.347s][info][gc,heap     ] GC(355) y:      Used:      900M (88%)         934M (91%)          68M (7%)           68M (7%)     
[31.347s][info][gc,heap     ] GC(355) y:      Live:         -                 0M (0%)            0M (0%)            0M (0%)     
[31.347s][info][gc,heap     ] GC(355) y:   Garbage:         -               899M (88%)          33M (3%)           33M (3%)     
[31.347s][info][gc,heap     ] GC(355) y: Allocated:         -                34M (3%)           34M (3%)           34M (3%)     
[31.347s][info][gc,heap     ] GC(355) y: Reclaimed:         -                  -               866M (85%)         866M (85%)    
[31.347s][info][gc,heap     ] GC(355) y:  Promoted:         -                  -                 0M (0%)            0M (0%)     
[31.347s][info][gc,heap     ] GC(355) y: Compacted:         -                  -                  -                 0M (0%)     
[31.347s][info][gc,phases   ] GC(355) y: Young Generation 940M(92%)->108M(11%) 0.002s
[31.347s][info][gc          ] GC(355) Minor Collection (Allocation Rate) 940M(92%)->108M(11%) 0.002s
[31.412s][info][gc          ] GC(356) Minor Collection (Allocation Rate)
[31.412s][info][gc,task     ] GC(356) Using 1 Workers for Young Generation
[31.412s][info][gc,phases   ] GC(356) y: Young Generation
[31.412s][info][gc,phases   ] GC(356) y: Pause Mark Start 0.006ms
[31.414s][info][gc,phases   ] GC(356) y: Concurrent Mark 2.459ms
[31.414s][info][gc,phases   ] GC(356) y: Pause Mark End 0.006ms
[31.414s][info][gc,phases   ] GC(356) y: Concurrent Mark Free 0.000ms
[31.414s][info][gc,phases   ] GC(356) y: Concurrent Reset Relocation Set 0.000ms
[31.415s][info][gc,reloc    ] GC(356) y: Using tenuring threshold: 1 (Computed)
[31.416s][info][gc,phases   ] GC(356) y: Concurrent Select Relocation Set 1.091ms
[31.416s][info][gc,phases   ] GC(356) y: Pause Relocate Start 0.003ms
[31.416s][info][gc,phases   ] GC(356) y: Concurrent Relocate 0.030ms
[31.416s][info][gc,alloc    ] GC(356) y:                         Mark Start        Mark End      Relocate Start    Relocate End   
[31.416s][info][gc,alloc    ] GC(356) y: Allocation Stalls:          0                0                0                0         
[31.416s][info][gc,load     ] GC(356) y: Load: 2.91 (29%) / 3.02 (30%) / 3.14 (31%)
[31.416s][info][gc,mmu      ] GC(356) y: MMU: 2ms/99.0%, 5ms/99.5%, 10ms/99.7%, 20ms/99.7%, 50ms/99.8%, 100ms/99.9%
[31.416s][info][gc,marking  ] GC(356) y: Mark: 1 stripe(s), 2 proactive flush(es), 1 terminate flush(es), 0 completion(s), 0 continuation(s) 
[31.416s][info][gc,marking  ] GC(356) y: Mark Stack Usage: 32M
[31.416s][info][gc,nmethod  ] GC(356) y: NMethods: 1588 registered, 169 unregistered
[31.416s][info][gc,metaspace] GC(356) y: Metaspace: 9M used, 10M committed, 1088M reserved
[31.416s][info][gc,reloc    ] GC(356) y:                        Candidates     Selected     In-Place         Size        Empty    Relocated 
[31.416s][info][gc,reloc    ] GC(356) y: Small Pages:                    2            0            0           4M           2M           0M 
[31.416s][info][gc,reloc    ] GC(356) y: Medium Pages:                  26            0            0         832M         800M           0M 
[31.416s][info][gc,reloc    ] GC(356) y: Large Pages:                    0            0            0           0M           0M           0M 
[31.416s][info][gc,reloc    ] GC(356) y: Forwarding Usage: 0M
[31.416s][info][gc,reloc    ] GC(356) y: Age Table:
[31.416s][info][gc,reloc    ] GC(356) y:                    Live             Garbage             Small              Medium             Large        
[31.416s][info][gc,reloc    ] GC(356) y: Eden               0M (0%)          801M (78%)          1 / 0             25 / 0              0 / 0        
[31.416s][info][gc,reloc    ] GC(356) y: Survivor 1          -                34M (3%)           1 / 0              1 / 0              0 / 0        
[31.416s][info][gc,heap     ] GC(356) y: Min Capacity: 8M(1%)
[31.416s][info][gc,heap     ] GC(356) y: Max Capacity: 1024M(100%)
[31.416s][info][gc,heap     ] GC(356) y: Soft Max Capacity: 1024M(100%)
[31.416s][info][gc,heap     ] GC(356) y: Heap Statistics:
[31.416s][info][gc,heap     ] GC(356) y:                Mark Start          Mark End        Relocate Start      Relocate End           High               Low         
[31.416s][info][gc,heap     ] GC(356) y:  Capacity:     1024M (100%)       1024M (100%)       1024M (100%)       1024M (100%)       1024M (100%)       1024M (100%)   
[31.416s][info][gc,heap     ] GC(356) y:      Free:      148M (14%)         114M (11%)         884M (86%)         884M (86%)         884M (86%)          82M (8%)     
[31.416s][info][gc,heap     ] GC(356) y:      Used:      876M (86%)         910M (89%)         140M (14%)         140M (14%)         942M (92%)         140M (14%)    
[31.416s][info][gc,heap     ] GC(356) y: Young Generation Statistics:
[31.416s][info][gc,heap     ] GC(356) y:                Mark Start          Mark End        Relocate Start      Relocate End    
[31.416s][info][gc,heap     ] GC(356) y:      Used:      836M (82%)         870M (85%)         100M (10%)         100M (10%)    
[31.416s][info][gc,heap     ] GC(356) y:      Live:         -                 0M (0%)            0M (0%)            0M (0%)     
[31.416s][info][gc,heap     ] GC(356) y:   Garbage:         -               835M (82%)          33M (3%)           33M (3%)     
[31.416s][info][gc,heap     ] GC(356) y: Allocated:         -                34M (3%)           66M (6%)           66M (6%)     
[31.416s][info][gc,heap     ] GC(356) y: Reclaimed:         -                  -               802M (78%)         802M (78%)    
[31.416s][info][gc,heap     ] GC(356) y:  Promoted:         -                  -                 0M (0%)            0M (0%)     
[31.416s][info][gc,heap     ] GC(356) y: Compacted:         -                  -                  -                 0M (0%)     
[31.416s][info][gc,phases   ] GC(356) y: Young Generation 876M(86%)->140M(14%) 0.004s
[31.416s][info][gc          ] GC(356) Minor Collection (Allocation Rate) 876M(86%)->140M(14%) 0.004s
[31.479s][info][gc          ] GC(357) Minor Collection (Allocation Rate)
[31.479s][info][gc,task     ] GC(357) Using 1 Workers for Young Generation
[31.479s][info][gc,phases   ] GC(357) y: Young Generation
[31.479s][info][gc,phases   ] GC(357) y: Pause Mark Start 0.005ms
[31.481s][info][gc,phases   ] GC(357) y: Concurrent Mark 1.945ms
[31.481s][info][gc,phases   ] GC(357) y: Pause Mark End 0.007ms
[31.481s][info][gc,phases   ] GC(357) y: Concurrent Mark Free 0.000ms
[31.481s][info][gc,phases   ] GC(357) y: Concurrent Reset Relocation Set 0.000ms
[31.482s][info][gc,reloc    ] GC(357) y: Using tenuring threshold: 1 (Computed)
[31.482s][info][gc,phases   ] GC(357) y: Concurrent Select Relocation Set 1.054ms
[31.482s][info][gc,phases   ] GC(357) y: Pause Relocate Start 0.004ms
[31.483s][info][gc,phases   ] GC(357) y: Concurrent Relocate 0.027ms
[31.483s][info][gc,alloc    ] GC(357) y:                         Mark Start        Mark End      Relocate Start    Relocate End   
[31.483s][info][gc,alloc    ] GC(357) y: Allocation Stalls:          0                0                0                0         
[31.483s][info][gc,load     ] GC(357) y: Load: 2.91 (29%) / 3.02 (30%) / 3.14 (31%)
[31.483s][info][gc,mmu      ] GC(357) y: MMU: 2ms/99.0%, 5ms/99.5%, 10ms/99.7%, 20ms/99.7%, 50ms/99.8%, 100ms/99.9%
[31.483s][info][gc,marking  ] GC(357) y: Mark: 1 stripe(s), 2 proactive flush(es), 1 terminate flush(es), 0 completion(s), 0 continuation(s) 
[31.483s][info][gc,marking  ] GC(357) y: Mark Stack Usage: 32M
[31.483s][info][gc,nmethod  ] GC(357) y: NMethods: 1588 registered, 169 unregistered
[31.483s][info][gc,metaspace] GC(357) y: Metaspace: 9M used, 10M committed, 1088M reserved
[31.483s][info][gc,reloc    ] GC(357) y:                        Candidates     Selected     In-Place         Size        Empty    Relocated 
[31.483s][info][gc,reloc    ] GC(357) y: Small Pages:                    2            0            0           4M           2M           0M 
[31.483s][info][gc,reloc    ] GC(357) y: Medium Pages:                  26            0            0         832M         800M           0M 
[31.483s][info][gc,reloc    ] GC(357) y: Large Pages:                    0            0            0           0M           0M           0M 
[31.483s][info][gc,reloc    ] GC(357) y: Forwarding Usage: 0M
[31.483s][info][gc,reloc    ] GC(357) y: Age Table:
[31.483s][info][gc,reloc    ] GC(357) y:                    Live             Garbage             Small              Medium             Large        
[31.483s][info][gc,reloc    ] GC(357) y: Eden               0M (0%)          801M (78%)          1 / 0             25 / 0              0 / 0        
[31.483s][info][gc,reloc    ] GC(357) y: Survivor 1          -                34M (3%)           1 / 0              1 / 0              0 / 0        
[31.483s][info][gc,heap     ] GC(357) y: Min Capacity: 8M(1%)
[31.483s][info][gc,heap     ] GC(357) y: Max Capacity: 1024M(100%)
[31.483s][info][gc,heap     ] GC(357) y: Soft Max Capacity: 1024M(100%)
[31.483s][info][gc,heap     ] GC(357) y: Heap Statistics:
[31.483s][info][gc,heap     ] GC(357) y:                Mark Start          Mark End        Relocate Start      Relocate End           High               Low         
[31.483s][info][gc,heap     ] GC(357) y:  Capacity:     1024M (100%)       1024M (100%)       1024M (100%)       1024M (100%)       1024M (100%)       1024M (100%)   
[31.483s][info][gc,heap     ] GC(357) y:      Free:      148M (14%)         114M (11%)         916M (89%)         916M (89%)         916M (89%)         114M (11%)    
[31.483s][info][gc,heap     ] GC(357) y:      Used:      876M (86%)         910M (89%)         108M (11%)         108M (11%)         910M (89%)         108M (11%)    
[31.483s][info][gc,heap     ] GC(357) y: Young Generation Statistics:
[31.483s][info][gc,heap     ] GC(357) y:                Mark Start          Mark End        Relocate Start      Relocate End    
[31.483s][info][gc,heap     ] GC(357) y:      Used:      836M (82%)         870M (85%)          68M (7%)           68M (7%)     
[31.483s][info][gc,heap     ] GC(357) y:      Live:         -                 0M (0%)            0M (0%)            0M (0%)     
[31.483s][info][gc,heap     ] GC(357) y:   Garbage:         -               835M (82%)          33M (3%)           33M (3%)     
[31.483s][info][gc,heap     ] GC(357) y: Allocated:         -                34M (3%)           34M (3%)           34M (3%)     
[31.483s][info][gc,heap     ] GC(357) y: Reclaimed:         -                  -               802M (78%)         802M (78%)    
[31.483s][info][gc,heap     ] GC(357) y:  Promoted:         -                  -                 0M (0%)            0M (0%)     
[31.483s][info][gc,heap     ] GC(357) y: Compacted:         -                  -                  -                 0M (0%)     
[31.483s][info][gc,phases   ] GC(357) y: Young Generation 876M(86%)->108M(11%) 0.003s
[31.483s][info][gc          ] GC(357) Minor Collection (Allocation Rate) 876M(86%)->140M(14%) 0.004s
[31.547s][info][gc          ] GC(358) Minor Collection (Allocation Rate)
[31.547s][info][gc,task     ] GC(358) Using 1 Workers for Young Generation
[31.547s][info][gc,phases   ] GC(358) y: Young Generation
[31.547s][info][gc,phases   ] GC(358) y: Pause Mark Start 0.004ms
[31.548s][info][gc,phases   ] GC(358) y: Concurrent Mark 1.579ms
[31.548s][info][gc,phases   ] GC(358) y: Pause Mark End 0.005ms
[31.548s][info][gc,phases   ] GC(358) y: Concurrent Mark Free 0.000ms
[31.548s][info][gc,phases   ] GC(358) y: Concurrent Reset Relocation Set 0.000ms
[31.549s][info][gc,reloc    ] GC(358) y: Using tenuring threshold: 1 (Computed)
[31.549s][info][gc,phases   ] GC(358) y: Concurrent Select Relocation Set 1.044ms
[31.549s][info][gc,phases   ] GC(358) y: Pause Relocate Start 0.006ms
[31.549s][info][gc,phases   ] GC(358) y: Concurrent Relocate 0.016ms
[31.550s][info][gc,alloc    ] GC(358) y:                         Mark Start        Mark End      Relocate Start    Relocate End   
[31.550s][info][gc,alloc    ] GC(358) y: Allocation Stalls:          0                0                0                0         
[31.550s][info][gc,load     ] GC(358) y: Load: 2.91 (29%) / 3.02 (30%) / 3.14 (31%)
[31.550s][info][gc,mmu      ] GC(358) y: MMU: 2ms/99.0%, 5ms/99.5%, 10ms/99.7%, 20ms/99.7%, 50ms/99.8%, 100ms/99.9%
[31.550s][info][gc,marking  ] GC(358) y: Mark: 1 stripe(s), 2 proactive flush(es), 1 terminate flush(es), 0 completion(s), 0 continuation(s) 
[31.550s][info][gc,marking  ] GC(358) y: Mark Stack Usage: 32M
[31.550s][info][gc,nmethod  ] GC(358) y: NMethods: 1588 registered, 169 unregistered
[31.550s][info][gc,metaspace] GC(358) y: Metaspace: 9M used, 10M committed, 1088M reserved
[31.550s][info][gc,reloc    ] GC(358) y:                        Candidates     Selected     In-Place         Size        Empty    Relocated 
[31.550s][info][gc,reloc    ] GC(358) y: Small Pages:                    2            0            0           4M           2M           0M 
[31.550s][info][gc,reloc    ] GC(358) y: Medium Pages:                  26            0            0         832M         800M           0M 
[31.550s][info][gc,reloc    ] GC(358) y: Large Pages:                    0            0            0           0M           0M           0M 
[31.550s][info][gc,reloc    ] GC(358) y: Forwarding Usage: 0M
[31.550s][info][gc,reloc    ] GC(358) y: Age Table:
[31.550s][info][gc,reloc    ] GC(358) y:                    Live             Garbage             Small              Medium             Large        
[31.550s][info][gc,reloc    ] GC(358) y: Eden               0M (0%)          801M (78%)          1 / 0             25 / 0              0 / 0        
[31.550s][info][gc,reloc    ] GC(358) y: Survivor 1          -                34M (3%)           1 / 0              1 / 0              0 / 0        
[31.550s][info][gc,heap     ] GC(358) y: Min Capacity: 8M(1%)
[31.550s][info][gc,heap     ] GC(358) y: Max Capacity: 1024M(100%)
[31.550s][info][gc,heap     ] GC(358) y: Soft Max Capacity: 1024M(100%)
[31.550s][info][gc,heap     ] GC(358) y: Heap Statistics:
[31.550s][info][gc,heap     ] GC(358) y:                Mark Start          Mark End        Relocate Start      Relocate End           High               Low         
[31.550s][info][gc,heap     ] GC(358) y:  Capacity:     1024M (100%)       1024M (100%)       1024M (100%)       1024M (100%)       1024M (100%)       1024M (100%)   
[31.550s][info][gc,heap     ] GC(358) y:      Free:      148M (14%)         114M (11%)         916M (89%)         916M (89%)         916M (89%)         114M (11%)    
[31.550s][info][gc,heap     ] GC(358) y:      Used:      876M (86%)         910M (89%)         108M (11%)         108M (11%)         910M (89%)         108M (11%)    
[31.550s][info][gc,heap     ] GC(358) y: Young Generation Statistics:
[31.550s][info][gc,heap     ] GC(358) y:                Mark Start          Mark End        Relocate Start      Relocate End    
[31.550s][info][gc,heap     ] GC(358) y:      Used:      836M (82%)         870M (85%)          68M (7%)           68M (7%)     
[31.550s][info][gc,heap     ] GC(358) y:      Live:         -                 0M (0%)            0M (0%)            0M (0%)     
[31.550s][info][gc,heap     ] GC(358) y:   Garbage:         -               835M (82%)          33M (3%)           33M (3%)     
[31.550s][info][gc,heap     ] GC(358) y: Allocated:         -                34M (3%)           34M (3%)           34M (3%)     
[31.550s][info][gc,heap     ] GC(358) y: Reclaimed:         -                  -               802M (78%)         802M (78%)    
[31.550s][info][gc,heap     ] GC(358) y:  Promoted:         -                  -                 0M (0%)            0M (0%)     
[31.550s][info][gc,heap     ] GC(358) y: Compacted:         -                  -                  -                 0M (0%)     
[31.550s][info][gc,phases   ] GC(358) y: Young Generation 876M(86%)->108M(11%) 0.003s
[31.550s][info][gc          ] GC(358) Minor Collection (Allocation Rate) 876M(86%)->108M(11%) 0.003s
[31.619s][info][gc          ] GC(359) Minor Collection (Allocation Rate)
[31.619s][info][gc,task     ] GC(359) Using 3 Workers for Young Generation
[31.619s][info][gc,phases   ] GC(359) y: Young Generation
[31.620s][info][gc,phases   ] GC(359) y: Pause Mark Start 0.006ms
[31.621s][info][gc,phases   ] GC(359) y: Concurrent Mark 0.939ms
[31.621s][info][gc,phases   ] GC(359) y: Pause Mark End 0.004ms
[31.621s][info][gc,phases   ] GC(359) y: Concurrent Mark Free 0.000ms
[31.621s][info][gc,phases   ] GC(359) y: Concurrent Reset Relocation Set 0.000ms
[31.622s][info][gc,reloc    ] GC(359) y: Using tenuring threshold: 1 (Computed)
[31.622s][info][gc,phases   ] GC(359) y: Concurrent Select Relocation Set 1.109ms
[31.622s][info][gc,phases   ] GC(359) y: Pause Relocate Start 0.004ms
[31.622s][info][gc,phases   ] GC(359) y: Concurrent Relocate 0.040ms
[31.622s][info][gc,alloc    ] GC(359) y:                         Mark Start        Mark End      Relocate Start    Relocate End   
[31.622s][info][gc,alloc    ] GC(359) y: Allocation Stalls:          0                0                0                0         
[31.622s][info][gc,load     ] GC(359) y: Load: 2.91 (29%) / 3.02 (30%) / 3.14 (31%)
[31.622s][info][gc,mmu      ] GC(359) y: MMU: 2ms/99.0%, 5ms/99.5%, 10ms/99.7%, 20ms/99.7%, 50ms/99.8%, 100ms/99.9%
[31.622s][info][gc,marking  ] GC(359) y: Mark: 2 stripe(s), 2 proactive flush(es), 1 terminate flush(es), 0 completion(s), 0 continuation(s) 
[31.622s][info][gc,marking  ] GC(359) y: Mark Stack Usage: 32M
[31.622s][info][gc,nmethod  ] GC(359) y: NMethods: 1588 registered, 169 unregistered
[31.622s][info][gc,metaspace] GC(359) y: Metaspace: 9M used, 10M committed, 1088M reserved
[31.622s][info][gc,reloc    ] GC(359) y:                        Candidates     Selected     In-Place         Size        Empty    Relocated 
[31.622s][info][gc,reloc    ] GC(359) y: Small Pages:                    2            0            0           4M           2M           0M 
[31.622s][info][gc,reloc    ] GC(359) y: Medium Pages:                  28            0            0         896M         864M           0M 
[31.622s][info][gc,reloc    ] GC(359) y: Large Pages:                    0            0            0           0M           0M           0M 
[31.622s][info][gc,reloc    ] GC(359) y: Forwarding Usage: 0M
[31.622s][info][gc,reloc    ] GC(359) y: Age Table:
[31.622s][info][gc,reloc    ] GC(359) y:                    Live             Garbage             Small              Medium             Large        
[31.622s][info][gc,reloc    ] GC(359) y: Eden               0M (0%)          865M (84%)          1 / 0             27 / 0              0 / 0        
[31.622s][info][gc,reloc    ] GC(359) y: Survivor 1          -                34M (3%)           1 / 0              1 / 0              0 / 0        
[31.622s][info][gc,heap     ] GC(359) y: Min Capacity: 8M(1%)
[31.622s][info][gc,heap     ] GC(359) y: Max Capacity: 1024M(100%)
[31.622s][info][gc,heap     ] GC(359) y: Soft Max Capacity: 1024M(100%)
[31.622s][info][gc,heap     ] GC(359) y: Heap Statistics:
[31.622s][info][gc,heap     ] GC(359) y:                Mark Start          Mark End        Relocate Start      Relocate End           High               Low         
[31.622s][info][gc,heap     ] GC(359) y:  Capacity:     1024M (100%)       1024M (100%)       1024M (100%)       1024M (100%)       1024M (100%)       1024M (100%)   
[31.622s][info][gc,heap     ] GC(359) y:      Free:       84M (8%)           50M (5%)          916M (89%)         916M (89%)         916M (89%)          50M (5%)     
[31.622s][info][gc,heap     ] GC(359) y:      Used:      940M (92%)         974M (95%)         108M (11%)         108M (11%)         974M (95%)         108M (11%)    
[31.622s][info][gc,heap     ] GC(359) y: Young Generation Statistics:
[31.622s][info][gc,heap     ] GC(359) y:                Mark Start          Mark End        Relocate Start      Relocate End    
[31.622s][info][gc,heap     ] GC(359) y:      Used:      900M (88%)         934M (91%)          68M (7%)           68M (7%)     
[31.622s][info][gc,heap     ] GC(359) y:      Live:         -                 0M (0%)            0M (0%)            0M (0%)     
[31.622s][info][gc,heap     ] GC(359) y:   Garbage:         -               899M (88%)          33M (3%)           33M (3%)     
[31.622s][info][gc,heap     ] GC(359) y: Allocated:         -                34M (3%)           34M (3%)           34M (3%)     
[31.622s][info][gc,heap     ] GC(359) y: Reclaimed:         -                  -               866M (85%)         866M (85%)    
[31.622s][info][gc,heap     ] GC(359) y:  Promoted:         -                  -                 0M (0%)            0M (0%)     
[31.622s][info][gc,heap     ] GC(359) y: Compacted:         -                  -                  -                 0M (0%)     
[31.622s][info][gc,phases   ] GC(359) y: Young Generation 940M(92%)->108M(11%) 0.002s
[31.622s][info][gc          ] GC(359) Minor Collection (Allocation Rate) 940M(92%)->108M(11%) 0.003s
[31.690s][info][gc          ] GC(360) Minor Collection (Allocation Rate)
[31.690s][info][gc,task     ] GC(360) Using 3 Workers for Young Generation
[31.690s][info][gc,phases   ] GC(360) y: Young Generation
[31.690s][info][gc,phases   ] GC(360) y: Pause Mark Start 0.004ms
[31.691s][info][gc,phases   ] GC(360) y: Concurrent Mark 0.993ms
[31.691s][info][gc,phases   ] GC(360) y: Pause Mark End 0.005ms
[31.691s][info][gc,phases   ] GC(360) y: Concurrent Mark Free 0.000ms
[31.691s][info][gc,phases   ] GC(360) y: Concurrent Reset Relocation Set 0.000ms
[31.692s][info][gc,reloc    ] GC(360) y: Using tenuring threshold: 1 (Computed)
[31.692s][info][gc,phases   ] GC(360) y: Concurrent Select Relocation Set 1.065ms
[31.692s][info][gc,phases   ] GC(360) y: Pause Relocate Start 0.003ms
[31.692s][info][gc,phases   ] GC(360) y: Concurrent Relocate 0.032ms
[31.692s][info][gc,alloc    ] GC(360) y:                         Mark Start        Mark End      Relocate Start    Relocate End   
[31.692s][info][gc,alloc    ] GC(360) y: Allocation Stalls:          0                0                0                0         
[31.692s][info][gc,load     ] GC(360) y: Load: 2.91 (29%) / 3.02 (30%) / 3.14 (31%)
[31.692s][info][gc,mmu      ] GC(360) y: MMU: 2ms/99.0%, 5ms/99.5%, 10ms/99.7%, 20ms/99.7%, 50ms/99.8%, 100ms/99.9%
[31.692s][info][gc,marking  ] GC(360) y: Mark: 2 stripe(s), 2 proactive flush(es), 1 terminate flush(es), 0 completion(s), 0 continuation(s) 
[31.692s][info][gc,marking  ] GC(360) y: Mark Stack Usage: 32M
[31.692s][info][gc,nmethod  ] GC(360) y: NMethods: 1588 registered, 169 unregistered
[31.692s][info][gc,metaspace] GC(360) y: Metaspace: 9M used, 10M committed, 1088M reserved
[31.692s][info][gc,reloc    ] GC(360) y:                        Candidates     Selected     In-Place         Size        Empty    Relocated 
[31.692s][info][gc,reloc    ] GC(360) y: Small Pages:                    2            0            0           4M           2M           0M 
[31.692s][info][gc,reloc    ] GC(360) y: Medium Pages:                  27            0            0         864M         832M           0M 
[31.692s][info][gc,reloc    ] GC(360) y: Large Pages:                    0            0            0           0M           0M           0M 
[31.692s][info][gc,reloc    ] GC(360) y: Forwarding Usage: 0M
[31.692s][info][gc,reloc    ] GC(360) y: Age Table:
[31.692s][info][gc,reloc    ] GC(360) y:                    Live             Garbage             Small              Medium             Large        
[31.692s][info][gc,reloc    ] GC(360) y: Eden               0M (0%)          833M (81%)          1 / 0             26 / 0              0 / 0        
[31.692s][info][gc,reloc    ] GC(360) y: Survivor 1          -                34M (3%)           1 / 0              1 / 0              0 / 0        
[31.692s][info][gc,heap     ] GC(360) y: Min Capacity: 8M(1%)
[31.692s][info][gc,heap     ] GC(360) y: Max Capacity: 1024M(100%)
[31.692s][info][gc,heap     ] GC(360) y: Soft Max Capacity: 1024M(100%)
[31.692s][info][gc,heap     ] GC(360) y: Heap Statistics:
[31.692s][info][gc,heap     ] GC(360) y:                Mark Start          Mark End        Relocate Start      Relocate End           High               Low         
[31.692s][info][gc,heap     ] GC(360) y:  Capacity:     1024M (100%)       1024M (100%)       1024M (100%)       1024M (100%)       1024M (100%)       1024M (100%)   
[31.692s][info][gc,heap     ] GC(360) y:      Free:      116M (11%)          82M (8%)          916M (89%)         916M (89%)         916M (89%)          82M (8%)     
[31.692s][info][gc,heap     ] GC(360) y:      Used:      908M (89%)         942M (92%)         108M (11%)         108M (11%)         942M (92%)         108M (11%)    
[31.692s][info][gc,heap     ] GC(360) y: Young Generation Statistics:
[31.692s][info][gc,heap     ] GC(360) y:                Mark Start          Mark End        Relocate Start      Relocate End    
[31.692s][info][gc,heap     ] GC(360) y:      Used:      868M (85%)         902M (88%)          68M (7%)           68M (7%)     
[31.692s][info][gc,heap     ] GC(360) y:      Live:         -                 0M (0%)            0M (0%)            0M (0%)     
[31.692s][info][gc,heap     ] GC(360) y:   Garbage:         -               867M (85%)          33M (3%)           33M (3%)     
[31.692s][info][gc,heap     ] GC(360) y: Allocated:         -                34M (3%)           34M (3%)           34M (3%)     
[31.692s][info][gc,heap     ] GC(360) y: Reclaimed:         -                  -               834M (81%)         834M (81%)    
[31.692s][info][gc,heap     ] GC(360) y:  Promoted:         -                  -                 0M (0%)            0M (0%)     
[31.692s][info][gc,heap     ] GC(360) y: Compacted:         -                  -                  -                 0M (0%)     
[31.692s][info][gc,phases   ] GC(360) y: Young Generation 908M(89%)->108M(11%) 0.002s
[31.692s][info][gc          ] GC(360) Minor Collection (Allocation Rate) 908M(89%)->108M(11%) 0.003s
[31.754s][info][gc          ] GC(361) Minor Collection (Allocation Rate)
[31.754s][info][gc,task     ] GC(361) Using 1 Workers for Young Generation
[31.754s][info][gc,phases   ] GC(361) y: Young Generation
[31.754s][info][gc,phases   ] GC(361) y: Pause Mark Start 0.005ms
[31.757s][info][gc,phases   ] GC(361) y: Concurrent Mark 2.796ms
[31.757s][info][gc,phases   ] GC(361) y: Pause Mark End 0.006ms
[31.757s][info][gc,phases   ] GC(361) y: Concurrent Mark Free 0.000ms
[31.757s][info][gc,phases   ] GC(361) y: Concurrent Reset Relocation Set 0.000ms
[31.758s][info][gc,reloc    ] GC(361) y: Using tenuring threshold: 1 (Computed)
[31.758s][info][gc,phases   ] GC(361) y: Concurrent Select Relocation Set 1.097ms
[31.758s][info][gc,phases   ] GC(361) y: Pause Relocate Start 0.004ms
[31.758s][info][gc,phases   ] GC(361) y: Concurrent Relocate 0.039ms
[31.758s][info][gc,alloc    ] GC(361) y:                         Mark Start        Mark End      Relocate Start    Relocate End   
[31.758s][info][gc,alloc    ] GC(361) y: Allocation Stalls:          0                0                0                0         
[31.758s][info][gc,load     ] GC(361) y: Load: 2.91 (29%) / 3.02 (30%) / 3.14 (31%)
[31.758s][info][gc,mmu      ] GC(361) y: MMU: 2ms/99.0%, 5ms/99.5%, 10ms/99.7%, 20ms/99.7%, 50ms/99.8%, 100ms/99.9%
[31.758s][info][gc,marking  ] GC(361) y: Mark: 1 stripe(s), 2 proactive flush(es), 1 terminate flush(es), 0 completion(s), 0 continuation(s) 
[31.758s][info][gc,marking  ] GC(361) y: Mark Stack Usage: 32M
[31.758s][info][gc,nmethod  ] GC(361) y: NMethods: 1588 registered, 169 unregistered
[31.758s][info][gc,metaspace] GC(361) y: Metaspace: 9M used, 10M committed, 1088M reserved
[31.758s][info][gc,reloc    ] GC(361) y:                        Candidates     Selected     In-Place         Size        Empty    Relocated 
[31.758s][info][gc,reloc    ] GC(361) y: Small Pages:                    2            0            0           4M           2M           0M 
[31.758s][info][gc,reloc    ] GC(361) y: Medium Pages:                  25            0            0         800M         768M           0M 
[31.758s][info][gc,reloc    ] GC(361) y: Large Pages:                    0            0            0           0M           0M           0M 
[31.758s][info][gc,reloc    ] GC(361) y: Forwarding Usage: 0M
[31.758s][info][gc,reloc    ] GC(361) y: Age Table:
[31.758s][info][gc,reloc    ] GC(361) y:                    Live             Garbage             Small              Medium             Large        
[31.758s][info][gc,reloc    ] GC(361) y: Eden               0M (0%)          769M (75%)          1 / 0             24 / 0              0 / 0        
[31.758s][info][gc,reloc    ] GC(361) y: Survivor 1          -                34M (3%)           1 / 0              1 / 0              0 / 0        
[31.758s][info][gc,heap     ] GC(361) y: Min Capacity: 8M(1%)
[31.758s][info][gc,heap     ] GC(361) y: Max Capacity: 1024M(100%)
[31.758s][info][gc,heap     ] GC(361) y: Soft Max Capacity: 1024M(100%)
[31.758s][info][gc,heap     ] GC(361) y: Heap Statistics:
[31.758s][info][gc,heap     ] GC(361) y:                Mark Start          Mark End        Relocate Start      Relocate End           High               Low         
[31.758s][info][gc,heap     ] GC(361) y:  Capacity:     1024M (100%)       1024M (100%)       1024M (100%)       1024M (100%)       1024M (100%)       1024M (100%)   
[31.758s][info][gc,heap     ] GC(361) y:      Free:      180M (18%)         146M (14%)         884M (86%)         884M (86%)         884M (86%)         114M (11%)    
[31.758s][info][gc,heap     ] GC(361) y:      Used:      844M (82%)         878M (86%)         140M (14%)         140M (14%)         910M (89%)         140M (14%)    
[31.758s][info][gc,heap     ] GC(361) y: Young Generation Statistics:
[31.758s][info][gc,heap     ] GC(361) y:                Mark Start          Mark End        Relocate Start      Relocate End    
[31.758s][info][gc,heap     ] GC(361) y:      Used:      804M (79%)         838M (82%)         100M (10%)         100M (10%)    
[31.758s][info][gc,heap     ] GC(361) y:      Live:         -                 0M (0%)            0M (0%)            0M (0%)     
[31.758s][info][gc,heap     ] GC(361) y:   Garbage:         -               803M (78%)          33M (3%)           33M (3%)     
[31.758s][info][gc,heap     ] GC(361) y: Allocated:         -                34M (3%)           66M (6%)           66M (6%)     
[31.758s][info][gc,heap     ] GC(361) y: Reclaimed:         -                  -               770M (75%)         770M (75%)    
[31.758s][info][gc,heap     ] GC(361) y:  Promoted:         -                  -                 0M (0%)            0M (0%)     
[31.758s][info][gc,heap     ] GC(361) y: Compacted:         -                  -                  -                 0M (0%)     
[31.758s][info][gc,phases   ] GC(361) y: Young Generation 844M(82%)->140M(14%) 0.004s
[31.758s][info][gc          ] GC(361) Minor Collection (Allocation Rate) 844M(82%)->140M(14%) 0.004s
[31.780s][info][gc          ] GC(362) Major Collection (Proactive)
[31.780s][info][gc,task     ] GC(362) Using 1 Workers for Young Generation
[31.780s][info][gc,task     ] GC(362) Using 1 Workers for Old Generation
[31.780s][info][gc,phases   ] GC(362) Y: Young Generation
[31.780s][info][gc,phases   ] GC(362) Y: Pause Mark Start (Major) 0.005ms
[31.781s][info][gc,phases   ] GC(362) Y: Concurrent Mark 1.342ms
[31.781s][info][gc,phases   ] GC(362) Y: Pause Mark End 0.005ms
[31.781s][info][gc,phases   ] GC(362) Y: Concurrent Mark Free 0.000ms
[31.781s][info][gc,phases   ] GC(362) Y: Concurrent Reset Relocation Set 0.000ms
[31.782s][info][gc,reloc    ] GC(362) Y: Using tenuring threshold: 1 (Computed)
[31.782s][info][gc,phases   ] GC(362) Y: Concurrent Select Relocation Set 1.042ms
[31.782s][info][gc,phases   ] GC(362) Y: Pause Relocate Start 0.004ms
[31.783s][info][gc,phases   ] GC(362) Y: Concurrent Relocate 0.027ms
[31.783s][info][gc,alloc    ] GC(362) Y:                         Mark Start        Mark End      Relocate Start    Relocate End   
[31.783s][info][gc,alloc    ] GC(362) Y: Allocation Stalls:          0                0                0                0         
[31.783s][info][gc,load     ] GC(362) Y: Load: 2.91 (29%) / 3.02 (30%) / 3.14 (31%)
[31.783s][info][gc,mmu      ] GC(362) Y: MMU: 2ms/99.0%, 5ms/99.5%, 10ms/99.7%, 20ms/99.7%, 50ms/99.8%, 100ms/99.9%
[31.783s][info][gc,marking  ] GC(362) Y: Mark: 1 stripe(s), 2 proactive flush(es), 1 terminate flush(es), 0 completion(s), 0 continuation(s) 
[31.783s][info][gc,marking  ] GC(362) Y: Mark Stack Usage: 32M
[31.783s][info][gc,nmethod  ] GC(362) Y: NMethods: 1588 registered, 169 unregistered
[31.783s][info][gc,metaspace] GC(362) Y: Metaspace: 9M used, 10M committed, 1088M reserved
[31.783s][info][gc,reloc    ] GC(362) Y:                        Candidates     Selected     In-Place         Size        Empty    Relocated 
[31.783s][info][gc,reloc    ] GC(362) Y: Small Pages:                    2            0            0           4M           2M           0M 
[31.783s][info][gc,reloc    ] GC(362) Y: Medium Pages:                  11            0            0         352M         320M           0M 
[31.783s][info][gc,reloc    ] GC(362) Y: Large Pages:                    0            0            0           0M           0M           0M 
[31.783s][info][gc,reloc    ] GC(362) Y: Forwarding Usage: 0M
[31.783s][info][gc,reloc    ] GC(362) Y: Age Table:
[31.783s][info][gc,reloc    ] GC(362) Y:                    Live             Garbage             Small              Medium             Large        
[31.783s][info][gc,reloc    ] GC(362) Y: Eden               0M (0%)          321M (31%)          1 / 0             10 / 0              0 / 0        
[31.783s][info][gc,reloc    ] GC(362) Y: Survivor 1          -                34M (3%)           1 / 0              1 / 0              0 / 0        
[31.783s][info][gc,heap     ] GC(362) Y: Min Capacity: 8M(1%)
[31.783s][info][gc,heap     ] GC(362) Y: Max Capacity: 1024M(100%)
[31.783s][info][gc,heap     ] GC(362) Y: Soft Max Capacity: 1024M(100%)
[31.783s][info][gc,heap     ] GC(362) Y: Heap Statistics:
[31.783s][info][gc,heap     ] GC(362) Y:                Mark Start          Mark End        Relocate Start      Relocate End           High               Low         
[31.783s][info][gc,heap     ] GC(362) Y:  Capacity:     1024M (100%)       1024M (100%)       1024M (100%)       1024M (100%)       1024M (100%)       1024M (100%)   
[31.783s][info][gc,heap     ] GC(362) Y:      Free:      628M (61%)         594M (58%)         916M (89%)         916M (89%)         916M (89%)         594M (58%)    
[31.783s][info][gc,heap     ] GC(362) Y:      Used:      396M (39%)         430M (42%)         108M (11%)         108M (11%)         430M (42%)         108M (11%)    
[31.783s][info][gc,heap     ] GC(362) Y: Young Generation Statistics:
[31.783s][info][gc,heap     ] GC(362) Y:                Mark Start          Mark End        Relocate Start      Relocate End    
[31.783s][info][gc,heap     ] GC(362) Y:      Used:      356M (35%)         390M (38%)          68M (7%)           68M (7%)     
[31.783s][info][gc,heap     ] GC(362) Y:      Live:         -                 0M (0%)            0M (0%)            0M (0%)     
[31.783s][info][gc,heap     ] GC(362) Y:   Garbage:         -               355M (35%)          33M (3%)           33M (3%)     
[31.783s][info][gc,heap     ] GC(362) Y: Allocated:         -                34M (3%)           34M (3%)           34M (3%)     
[31.783s][info][gc,heap     ] GC(362) Y: Reclaimed:         -                  -               322M (31%)         322M (31%)    
[31.783s][info][gc,heap     ] GC(362) Y:  Promoted:         -                  -                 0M (0%)            0M (0%)     
[31.783s][info][gc,heap     ] GC(362) Y: Compacted:         -                  -                  -                 0M (0%)     
[31.783s][info][gc,phases   ] GC(362) Y: Young Generation 396M(39%)->108M(11%) 0.003s
[31.783s][info][gc,phases   ] GC(362) O: Old Generation
[31.787s][info][gc,phases   ] GC(362) O: Concurrent Mark 4.235ms
[31.787s][info][gc,phases   ] GC(362) O: Pause Mark End 0.011ms
[31.787s][info][gc,phases   ] GC(362) O: Concurrent Mark Free 0.000ms
[31.789s][info][gc,phases   ] GC(362) O: Concurrent Process Non-Strong 2.195ms
[31.789s][info][gc,phases   ] GC(362) O: Concurrent Reset Relocation Set 0.000ms
[31.790s][info][gc,phases   ] GC(362) O: Concurrent Select Relocation Set 0.930ms
[31.790s][info][gc,task     ] GC(362) O: Using 2 Workers for Old Generation
[31.794s][info][gc,task     ] GC(362) O: Using 1 Workers for Old Generation
[31.794s][info][gc,phases   ] GC(362) O: Concurrent Remap Roots 4.079ms
[31.794s][info][gc,phases   ] GC(362) O: Pause Relocate Start 0.005ms
[31.795s][info][gc,phases   ] GC(362) O: Concurrent Relocate 0.797ms
[31.795s][info][gc,alloc    ] GC(362) O:                         Mark Start        Mark End      Relocate Start    Relocate End   
[31.795s][info][gc,alloc    ] GC(362) O: Allocation Stalls:          0                0                0                0         
[31.795s][info][gc,load     ] GC(362) O: Load: 2.91 (29%) / 3.02 (30%) / 3.14 (31%)
[31.795s][info][gc,mmu      ] GC(362) O: MMU: 2ms/99.0%, 5ms/99.5%, 10ms/99.7%, 20ms/99.7%, 50ms/99.8%, 100ms/99.9%
[31.795s][info][gc,marking  ] GC(362) O: Mark: 1 stripe(s), 2 proactive flush(es), 1 terminate flush(es), 0 completion(s), 0 continuation(s) 
[31.795s][info][gc,marking  ] GC(362) O: Mark Stack Usage: 32M
[31.795s][info][gc,nmethod  ] GC(362) O: NMethods: 1588 registered, 169 unregistered
[31.795s][info][gc,metaspace] GC(362) O: Metaspace: 9M used, 10M committed, 1088M reserved
[31.795s][info][gc,ref      ] GC(362) O:                       Encountered   Discovered     Enqueued 
[31.795s][info][gc,ref      ] GC(362) O: Soft References:              372            0            0 
[31.795s][info][gc,ref      ] GC(362) O: Weak References:             1110          834            0 
[31.795s][info][gc,ref      ] GC(362) O: Final References:             880          270            0 
[31.795s][info][gc,ref      ] GC(362) O: Phantom References:            32            2            0 
[31.795s][info][gc,reloc    ] GC(362) O:                        Candidates     Selected     In-Place         Size        Empty    Relocated 
[31.795s][info][gc,reloc    ] GC(362) O: Small Pages:                    4            1            0           8M           0M           1M 
[31.795s][info][gc,reloc    ] GC(362) O: Medium Pages:                   1            0            0          32M           0M           0M 
[31.795s][info][gc,reloc    ] GC(362) O: Large Pages:                    0            0            0           0M           0M           0M 
[31.795s][info][gc,reloc    ] GC(362) O: Forwarding Usage: 0M
[31.795s][info][gc,heap     ] GC(362) O: Min Capacity: 8M(1%)
[31.795s][info][gc,heap     ] GC(362) O: Max Capacity: 1024M(100%)
[31.795s][info][gc,heap     ] GC(362) O: Soft Max Capacity: 1024M(100%)
[31.795s][info][gc,heap     ] GC(362) O: Heap Statistics:
[31.795s][info][gc,heap     ] GC(362) O:                Mark Start          Mark End        Relocate Start      Relocate End           High               Low         
[31.795s][info][gc,heap     ] GC(362) O:  Capacity:     1024M (100%)       1024M (100%)       1024M (100%)       1024M (100%)       1024M (100%)       1024M (100%)   
[31.795s][info][gc,heap     ] GC(362) O:      Free:      628M (61%)         852M (83%)         788M (77%)         756M (74%)         916M (89%)         594M (58%)    
[31.795s][info][gc,heap     ] GC(362) O:      Used:      396M (39%)         172M (17%)         236M (23%)         268M (26%)         430M (42%)         108M (11%)    
[31.795s][info][gc,heap     ] GC(362) O: Old Generation Statistics:
[31.795s][info][gc,heap     ] GC(362) O:                Mark Start          Mark End        Relocate Start      Relocate End    
[31.795s][info][gc,heap     ] GC(362) O:      Used:       40M (4%)           40M (4%)           40M (4%)           40M (4%)     
[31.795s][info][gc,heap     ] GC(362) O:      Live:         -                 4M (0%)            4M (0%)            4M (0%)     
[31.795s][info][gc,heap     ] GC(362) O:   Garbage:         -                35M (3%)           35M (3%)           32M (3%)     
[31.795s][info][gc,heap     ] GC(362) O: Allocated:         -                 0M (0%)            0M (0%)            2M (0%)     
[31.795s][info][gc,heap     ] GC(362) O: Reclaimed:         -                  -                 0M (0%)            2M (0%)     
[31.795s][info][gc,heap     ] GC(362) O: Compacted:         -                  -                  -                 1M (0%)     
[31.795s][info][gc,phases   ] GC(362) O: Old Generation 108M(11%)->268M(26%) 0.012s
[31.795s][info][gc          ] GC(362) Major Collection (Proactive) 396M(39%)->268M(26%) 0.015s
[31.845s][info][gc          ] GC(363) Minor Collection (Allocation Rate)
[31.845s][info][gc,task     ] GC(363) Using 1 Workers for Young Generation
[31.845s][info][gc,phases   ] GC(363) y: Young Generation
[31.845s][info][gc,phases   ] GC(363) y: Pause Mark Start 0.006ms
[31.847s][info][gc,phases   ] GC(363) y: Concurrent Mark 2.145ms
[31.847s][info][gc,phases   ] GC(363) y: Pause Mark End 0.005ms
[31.847s][info][gc,phases   ] GC(363) y: Concurrent Mark Free 0.000ms
[31.847s][info][gc,phases   ] GC(363) y: Concurrent Reset Relocation Set 0.000ms
[31.848s][info][gc,reloc    ] GC(363) y: Using tenuring threshold: 1 (Computed)
[31.848s][info][gc,phases   ] GC(363) y: Concurrent Select Relocation Set 1.091ms
[31.848s][info][gc,phases   ] GC(363) y: Pause Relocate Start 0.004ms
[31.848s][info][gc,phases   ] GC(363) y: Concurrent Relocate 0.038ms
[31.848s][info][gc,alloc    ] GC(363) y:                         Mark Start        Mark End      Relocate Start    Relocate End   
[31.848s][info][gc,alloc    ] GC(363) y: Allocation Stalls:          0                0                0                0         
[31.848s][info][gc,load     ] GC(363) y: Load: 2.91 (29%) / 3.02 (30%) / 3.14 (31%)
[31.848s][info][gc,mmu      ] GC(363) y: MMU: 2ms/99.0%, 5ms/99.5%, 10ms/99.7%, 20ms/99.7%, 50ms/99.8%, 100ms/99.9%
[31.848s][info][gc,marking  ] GC(363) y: Mark: 1 stripe(s), 2 proactive flush(es), 1 terminate flush(es), 0 completion(s), 0 continuation(s) 
[31.848s][info][gc,marking  ] GC(363) y: Mark Stack Usage: 32M
[31.848s][info][gc,nmethod  ] GC(363) y: NMethods: 1588 registered, 169 unregistered
[31.848s][info][gc,metaspace] GC(363) y: Metaspace: 9M used, 10M committed, 1088M reserved
[31.848s][info][gc,reloc    ] GC(363) y:                        Candidates     Selected     In-Place         Size        Empty    Relocated 
[31.848s][info][gc,reloc    ] GC(363) y: Small Pages:                    2            0            0           4M           2M           0M 
[31.848s][info][gc,reloc    ] GC(363) y: Medium Pages:                  25            0            0         800M         768M           0M 
[31.848s][info][gc,reloc    ] GC(363) y: Large Pages:                    0            0            0           0M           0M           0M 
[31.848s][info][gc,reloc    ] GC(363) y: Forwarding Usage: 0M
[31.848s][info][gc,reloc    ] GC(363) y: Age Table:
[31.848s][info][gc,reloc    ] GC(363) y:                    Live             Garbage             Small              Medium             Large        
[31.848s][info][gc,reloc    ] GC(363) y: Eden               0M (0%)          769M (75%)          1 / 0             24 / 0              0 / 0        
[31.848s][info][gc,reloc    ] GC(363) y: Survivor 1          -                34M (3%)           1 / 0              1 / 0              0 / 0        
[31.848s][info][gc,heap     ] GC(363) y: Min Capacity: 8M(1%)
[31.848s][info][gc,heap     ] GC(363) y: Max Capacity: 1024M(100%)
[31.848s][info][gc,heap     ] GC(363) y: Soft Max Capacity: 1024M(100%)
[31.848s][info][gc,heap     ] GC(363) y: Heap Statistics:
[31.848s][info][gc,heap     ] GC(363) y:                Mark Start          Mark End        Relocate Start      Relocate End           High               Low         
[31.848s][info][gc,heap     ] GC(363) y:  Capacity:     1024M (100%)       1024M (100%)       1024M (100%)       1024M (100%)       1024M (100%)       1024M (100%)   
[31.848s][info][gc,heap     ] GC(363) y:      Free:      180M (18%)         146M (14%)         884M (86%)         884M (86%)         884M (86%)         114M (11%)    
[31.848s][info][gc,heap     ] GC(363) y:      Used:      844M (82%)         878M (86%)         140M (14%)         140M (14%)         910M (89%)         140M (14%)    
[31.848s][info][gc,heap     ] GC(363) y: Young Generation Statistics:
[31.848s][info][gc,heap     ] GC(363) y:                Mark Start          Mark End        Relocate Start      Relocate End    
[31.848s][info][gc,heap     ] GC(363) y:      Used:      804M (79%)         838M (82%)         100M (10%)         100M (10%)    
[31.848s][info][gc,heap     ] GC(363) y:      Live:         -                 0M (0%)            0M (0%)            0M (0%)     
[31.848s][info][gc,heap     ] GC(363) y:   Garbage:         -               803M (78%)          33M (3%)           33M (3%)     
[31.848s][info][gc,heap     ] GC(363) y: Allocated:         -                34M (3%)           66M (6%)           66M (6%)     
[31.848s][info][gc,heap     ] GC(363) y: Reclaimed:         -                  -               770M (75%)         770M (75%)    
[31.848s][info][gc,heap     ] GC(363) y:  Promoted:         -                  -                 0M (0%)            0M (0%)     
[31.848s][info][gc,heap     ] GC(363) y: Compacted:         -                  -                  -                 0M (0%)     
[31.848s][info][gc,phases   ] GC(363) y: Young Generation 844M(82%)->140M(14%) 0.004s
[31.848s][info][gc          ] GC(363) Minor Collection (Allocation Rate) 844M(82%)->140M(14%) 0.004s
[31.915s][info][gc          ] GC(364) Minor Collection (Allocation Rate)
[31.915s][info][gc,task     ] GC(364) Using 2 Workers for Young Generation
[31.915s][info][gc,phases   ] GC(364) y: Young Generation
[31.915s][info][gc,phases   ] GC(364) y: Pause Mark Start 0.006ms
[31.916s][info][gc,phases   ] GC(364) y: Concurrent Mark 1.293ms
[31.916s][info][gc,phases   ] GC(364) y: Pause Mark End 0.006ms
[31.916s][info][gc,phases   ] GC(364) y: Concurrent Mark Free 0.000ms
[31.916s][info][gc,phases   ] GC(364) y: Concurrent Reset Relocation Set 0.003ms
[31.917s][info][gc,reloc    ] GC(364) y: Using tenuring threshold: 1 (Computed)
[31.918s][info][gc,phases   ] GC(364) y: Concurrent Select Relocation Set 1.029ms
[31.918s][info][gc,phases   ] GC(364) y: Pause Relocate Start 0.004ms
[31.918s][info][gc,phases   ] GC(364) y: Concurrent Relocate 0.024ms
[31.918s][info][gc,alloc    ] GC(364) y:                         Mark Start        Mark End      Relocate Start    Relocate End   
[31.918s][info][gc,alloc    ] GC(364) y: Allocation Stalls:          0                0                0                0         
[31.918s][info][gc,load     ] GC(364) y: Load: 2.91 (29%) / 3.02 (30%) / 3.14 (31%)
[31.918s][info][gc,mmu      ] GC(364) y: MMU: 2ms/99.0%, 5ms/99.5%, 10ms/99.7%, 20ms/99.7%, 50ms/99.8%, 100ms/99.9%
[31.918s][info][gc,marking  ] GC(364) y: Mark: 2 stripe(s), 2 proactive flush(es), 1 terminate flush(es), 0 completion(s), 0 continuation(s) 
[31.918s][info][gc,marking  ] GC(364) y: Mark Stack Usage: 32M
[31.918s][info][gc,nmethod  ] GC(364) y: NMethods: 1588 registered, 169 unregistered
[31.918s][info][gc,metaspace] GC(364) y: Metaspace: 9M used, 10M committed, 1088M reserved
[31.918s][info][gc,reloc    ] GC(364) y:                        Candidates     Selected     In-Place         Size        Empty    Relocated 
[31.918s][info][gc,reloc    ] GC(364) y: Small Pages:                    2            0            0           4M           2M           0M 
[31.918s][info][gc,reloc    ] GC(364) y: Medium Pages:                  27            0            0         864M         832M           0M 
[31.918s][info][gc,reloc    ] GC(364) y: Large Pages:                    0            0            0           0M           0M           0M 
[31.918s][info][gc,reloc    ] GC(364) y: Forwarding Usage: 0M
[31.918s][info][gc,reloc    ] GC(364) y: Age Table:
[31.918s][info][gc,reloc    ] GC(364) y:                    Live             Garbage             Small              Medium             Large        
[31.918s][info][gc,reloc    ] GC(364) y: Eden               0M (0%)          833M (81%)          1 / 0             26 / 0              0 / 0        
[31.918s][info][gc,reloc    ] GC(364) y: Survivor 1          -                34M (3%)           1 / 0              1 / 0              0 / 0        
[31.918s][info][gc,heap     ] GC(364) y: Min Capacity: 8M(1%)
[31.918s][info][gc,heap     ] GC(364) y: Max Capacity: 1024M(100%)
[31.918s][info][gc,heap     ] GC(364) y: Soft Max Capacity: 1024M(100%)
[31.918s][info][gc,heap     ] GC(364) y: Heap Statistics:
[31.918s][info][gc,heap     ] GC(364) y:                Mark Start          Mark End        Relocate Start      Relocate End           High               Low         
[31.918s][info][gc,heap     ] GC(364) y:  Capacity:     1024M (100%)       1024M (100%)       1024M (100%)       1024M (100%)       1024M (100%)       1024M (100%)   
[31.918s][info][gc,heap     ] GC(364) y:      Free:      116M (11%)          82M (8%)          916M (89%)         916M (89%)         916M (89%)          82M (8%)     
[31.918s][info][gc,heap     ] GC(364) y:      Used:      908M (89%)         942M (92%)         108M (11%)         108M (11%)         942M (92%)         108M (11%)    
[31.918s][info][gc,heap     ] GC(364) y: Young Generation Statistics:
[31.918s][info][gc,heap     ] GC(364) y:                Mark Start          Mark End        Relocate Start      Relocate End    
[31.918s][info][gc,heap     ] GC(364) y:      Used:      868M (85%)         902M (88%)          68M (7%)           68M (7%)     
[31.918s][info][gc,heap     ] GC(364) y:      Live:         -                 0M (0%)            0M (0%)            0M (0%)     
[31.918s][info][gc,heap     ] GC(364) y:   Garbage:         -               867M (85%)          33M (3%)           33M (3%)     
[31.918s][info][gc,heap     ] GC(364) y: Allocated:         -                34M (3%)           34M (3%)           34M (3%)     
[31.918s][info][gc,heap     ] GC(364) y: Reclaimed:         -                  -               834M (81%)         834M (81%)    
[31.918s][info][gc,heap     ] GC(364) y:  Promoted:         -                  -                 0M (0%)            0M (0%)     
[31.918s][info][gc,heap     ] GC(364) y: Compacted:         -                  -                  -                 0M (0%)     
[31.918s][info][gc,phases   ] GC(364) y: Young Generation 908M(89%)->108M(11%) 0.003s
[31.918s][info][gc          ] GC(364) Minor Collection (Allocation Rate) 908M(89%)->108M(11%) 0.003s
[31.985s][info][gc          ] GC(365) Minor Collection (Allocation Rate)
[31.985s][info][gc,task     ] GC(365) Using 2 Workers for Young Generation
[31.985s][info][gc,phases   ] GC(365) y: Young Generation
[31.985s][info][gc,phases   ] GC(365) y: Pause Mark Start 0.006ms
[31.987s][info][gc,phases   ] GC(365) y: Concurrent Mark 1.398ms
[31.987s][info][gc,phases   ] GC(365) y: Pause Mark End 0.005ms
[31.987s][info][gc,phases   ] GC(365) y: Concurrent Mark Free 0.000ms
[31.987s][info][gc,phases   ] GC(365) y: Concurrent Reset Relocation Set 0.000ms
[31.988s][info][gc,reloc    ] GC(365) y: Using tenuring threshold: 1 (Computed)
[31.988s][info][gc,phases   ] GC(365) y: Concurrent Select Relocation Set 1.038ms
[31.988s][info][gc,phases   ] GC(365) y: Pause Relocate Start 0.004ms
[31.988s][info][gc,phases   ] GC(365) y: Concurrent Relocate 0.015ms
[31.988s][info][gc,alloc    ] GC(365) y:                         Mark Start        Mark End      Relocate Start    Relocate End   
[31.988s][info][gc,alloc    ] GC(365) y: Allocation Stalls:          0                0                0                0         
[31.988s][info][gc,load     ] GC(365) y: Load: 2.91 (29%) / 3.02 (30%) / 3.14 (31%)
[31.988s][info][gc,mmu      ] GC(365) y: MMU: 2ms/99.0%, 5ms/99.5%, 10ms/99.7%, 20ms/99.7%, 50ms/99.8%, 100ms/99.9%
[31.988s][info][gc,marking  ] GC(365) y: Mark: 2 stripe(s), 2 proactive flush(es), 1 terminate flush(es), 0 completion(s), 0 continuation(s) 
[31.988s][info][gc,marking  ] GC(365) y: Mark Stack Usage: 32M
[31.988s][info][gc,nmethod  ] GC(365) y: NMethods: 1588 registered, 169 unregistered
[31.988s][info][gc,metaspace] GC(365) y: Metaspace: 9M used, 10M committed, 1088M reserved
[31.988s][info][gc,reloc    ] GC(365) y:                        Candidates     Selected     In-Place         Size        Empty    Relocated 
[31.988s][info][gc,reloc    ] GC(365) y: Small Pages:                    2            0            0           4M           2M           0M 
[31.988s][info][gc,reloc    ] GC(365) y: Medium Pages:                  27            0            0         864M         832M           0M 
[31.988s][info][gc,reloc    ] GC(365) y: Large Pages:                    0            0            0           0M           0M           0M 
[31.988s][info][gc,reloc    ] GC(365) y: Forwarding Usage: 0M
[31.988s][info][gc,reloc    ] GC(365) y: Age Table:
[31.988s][info][gc,reloc    ] GC(365) y:                    Live             Garbage             Small              Medium             Large        
[31.988s][info][gc,reloc    ] GC(365) y: Eden               0M (0%)          833M (81%)          1 / 0             26 / 0              0 / 0        
[31.988s][info][gc,reloc    ] GC(365) y: Survivor 1          -                34M (3%)           1 / 0              1 / 0              0 / 0        
[31.988s][info][gc,heap     ] GC(365) y: Min Capacity: 8M(1%)
[31.988s][info][gc,heap     ] GC(365) y: Max Capacity: 1024M(100%)
[31.988s][info][gc,heap     ] GC(365) y: Soft Max Capacity: 1024M(100%)
[31.988s][info][gc,heap     ] GC(365) y: Heap Statistics:
[31.988s][info][gc,heap     ] GC(365) y:                Mark Start          Mark End        Relocate Start      Relocate End           High               Low         
[31.988s][info][gc,heap     ] GC(365) y:  Capacity:     1024M (100%)       1024M (100%)       1024M (100%)       1024M (100%)       1024M (100%)       1024M (100%)   
[31.988s][info][gc,heap     ] GC(365) y:      Free:      116M (11%)          82M (8%)          916M (89%)         916M (89%)         916M (89%)          82M (8%)     
[31.988s][info][gc,heap     ] GC(365) y:      Used:      908M (89%)         942M (92%)         108M (11%)         108M (11%)         942M (92%)         108M (11%)    
[31.988s][info][gc,heap     ] GC(365) y: Young Generation Statistics:
[31.988s][info][gc,heap     ] GC(365) y:                Mark Start          Mark End        Relocate Start      Relocate End    
[31.988s][info][gc,heap     ] GC(365) y:      Used:      868M (85%)         902M (88%)          68M (7%)           68M (7%)     
[31.988s][info][gc,heap     ] GC(365) y:      Live:         -                 0M (0%)            0M (0%)            0M (0%)     
[31.988s][info][gc,heap     ] GC(365) y:   Garbage:         -               867M (85%)          33M (3%)           33M (3%)     
[31.988s][info][gc,heap     ] GC(365) y: Allocated:         -                34M (3%)           34M (3%)           34M (3%)     
[31.988s][info][gc,heap     ] GC(365) y: Reclaimed:         -                  -               834M (81%)         834M (81%)    
[31.988s][info][gc,heap     ] GC(365) y:  Promoted:         -                  -                 0M (0%)            0M (0%)     
[31.988s][info][gc,heap     ] GC(365) y: Compacted:         -                  -                  -                 0M (0%)     
[31.988s][info][gc,phases   ] GC(365) y: Young Generation 908M(89%)->108M(11%) 0.003s
[31.988s][info][gc          ] GC(365) Minor Collection (Allocation Rate) 908M(89%)->108M(11%) 0.003s
[32.055s][info][gc          ] GC(366) Minor Collection (Allocation Rate)
[32.055s][info][gc,task     ] GC(366) Using 2 Workers for Young Generation
[32.055s][info][gc,phases   ] GC(366) y: Young Generation
[32.055s][info][gc,phases   ] GC(366) y: Pause Mark Start 0.004ms
[32.056s][info][gc,phases   ] GC(366) y: Concurrent Mark 1.172ms
[32.056s][info][gc,phases   ] GC(366) y: Pause Mark End 0.005ms
[32.056s][info][gc,phases   ] GC(366) y: Concurrent Mark Free 0.000ms
[32.056s][info][gc,phases   ] GC(366) y: Concurrent Reset Relocation Set 0.000ms
[32.057s][info][gc,reloc    ] GC(366) y: Using tenuring threshold: 1 (Computed)
[32.057s][info][gc,phases   ] GC(366) y: Concurrent Select Relocation Set 1.103ms
[32.057s][info][gc,phases   ] GC(366) y: Pause Relocate Start 0.003ms
[32.057s][info][gc,phases   ] GC(366) y: Concurrent Relocate 0.020ms
[32.057s][info][gc,alloc    ] GC(366) y:                         Mark Start        Mark End      Relocate Start    Relocate End   
[32.057s][info][gc,alloc    ] GC(366) y: Allocation Stalls:          0                0                0                0         
[32.057s][info][gc,load     ] GC(366) y: Load: 2.91 (29%) / 3.02 (30%) / 3.14 (31%)
[32.058s][info][gc,mmu      ] GC(366) y: MMU: 2ms/99.0%, 5ms/99.5%, 10ms/99.7%, 20ms/99.7%, 50ms/99.8%, 100ms/99.9%
[32.058s][info][gc,marking  ] GC(366) y: Mark: 2 stripe(s), 2 proactive flush(es), 1 terminate flush(es), 0 completion(s), 0 continuation(s) 
[32.058s][info][gc,marking  ] GC(366) y: Mark Stack Usage: 32M
[32.058s][info][gc,nmethod  ] GC(366) y: NMethods: 1588 registered, 169 unregistered
[32.058s][info][gc,metaspace] GC(366) y: Metaspace: 9M used, 10M committed, 1088M reserved
[32.058s][info][gc,reloc    ] GC(366) y:                        Candidates     Selected     In-Place         Size        Empty    Relocated 
[32.058s][info][gc,reloc    ] GC(366) y: Small Pages:                    2            0            0           4M           2M           0M 
[32.058s][info][gc,reloc    ] GC(366) y: Medium Pages:                  27            0            0         864M         832M           0M 
[32.058s][info][gc,reloc    ] GC(366) y: Large Pages:                    0            0            0           0M           0M           0M 
[32.058s][info][gc,reloc    ] GC(366) y: Forwarding Usage: 0M
[32.058s][info][gc,reloc    ] GC(366) y: Age Table:
[32.058s][info][gc,reloc    ] GC(366) y:                    Live             Garbage             Small              Medium             Large        
[32.058s][info][gc,reloc    ] GC(366) y: Eden               0M (0%)          833M (81%)          1 / 0             26 / 0              0 / 0        
[32.058s][info][gc,reloc    ] GC(366) y: Survivor 1          -                34M (3%)           1 / 0              1 / 0              0 / 0        
[32.058s][info][gc,heap     ] GC(366) y: Min Capacity: 8M(1%)
[32.058s][info][gc,heap     ] GC(366) y: Max Capacity: 1024M(100%)
[32.058s][info][gc,heap     ] GC(366) y: Soft Max Capacity: 1024M(100%)
[32.058s][info][gc,heap     ] GC(366) y: Heap Statistics:
[32.058s][info][gc,heap     ] GC(366) y:                Mark Start          Mark End        Relocate Start      Relocate End           High               Low         
[32.058s][info][gc,heap     ] GC(366) y:  Capacity:     1024M (100%)       1024M (100%)       1024M (100%)       1024M (100%)       1024M (100%)       1024M (100%)   
[32.058s][info][gc,heap     ] GC(366) y:      Free:      116M (11%)          82M (8%)          916M (89%)         916M (89%)         916M (89%)          82M (8%)     
[32.058s][info][gc,heap     ] GC(366) y:      Used:      908M (89%)         942M (92%)         108M (11%)         108M (11%)         942M (92%)         108M (11%)    
[32.058s][info][gc,heap     ] GC(366) y: Young Generation Statistics:
[32.058s][info][gc,heap     ] GC(366) y:                Mark Start          Mark End        Relocate Start      Relocate End    
[32.058s][info][gc,heap     ] GC(366) y:      Used:      868M (85%)         902M (88%)          68M (7%)           68M (7%)     
[32.058s][info][gc,heap     ] GC(366) y:      Live:         -                 0M (0%)            0M (0%)            0M (0%)     
[32.058s][info][gc,heap     ] GC(366) y:   Garbage:         -               867M (85%)          33M (3%)           33M (3%)     
[32.058s][info][gc,heap     ] GC(366) y: Allocated:         -                34M (3%)           34M (3%)           34M (3%)     
[32.058s][info][gc,heap     ] GC(366) y: Reclaimed:         -                  -               834M (81%)         834M (81%)    
[32.058s][info][gc,heap     ] GC(366) y:  Promoted:         -                  -                 0M (0%)            0M (0%)     
[32.058s][info][gc,heap     ] GC(366) y: Compacted:         -                  -                  -                 0M (0%)     
[32.058s][info][gc,phases   ] GC(366) y: Young Generation 908M(89%)->108M(11%) 0.003s
[32.058s][info][gc          ] GC(366) Minor Collection (Allocation Rate) 908M(89%)->108M(11%) 0.003s
[32.122s][info][gc          ] GC(367) Minor Collection (Allocation Rate)
[32.122s][info][gc,task     ] GC(367) Using 1 Workers for Young Generation
[32.122s][info][gc,phases   ] GC(367) y: Young Generation
[32.122s][info][gc,phases   ] GC(367) y: Pause Mark Start 0.004ms
[32.124s][info][gc,phases   ] GC(367) y: Concurrent Mark 2.254ms
[32.125s][info][gc,phases   ] GC(367) y: Pause Mark End 0.008ms
[32.125s][info][gc,phases   ] GC(367) y: Concurrent Mark Free 0.000ms
[32.125s][info][gc,phases   ] GC(367) y: Concurrent Reset Relocation Set 0.000ms
[32.126s][info][gc,reloc    ] GC(367) y: Using tenuring threshold: 1 (Computed)
[32.126s][info][gc,phases   ] GC(367) y: Concurrent Select Relocation Set 1.115ms
[32.126s][info][gc,phases   ] GC(367) y: Pause Relocate Start 0.003ms
[32.126s][info][gc,phases   ] GC(367) y: Concurrent Relocate 0.030ms
[32.126s][info][gc,alloc    ] GC(367) y:                         Mark Start        Mark End      Relocate Start    Relocate End   
[32.126s][info][gc,alloc    ] GC(367) y: Allocation Stalls:          0                0                0                0         
[32.126s][info][gc,load     ] GC(367) y: Load: 2.91 (29%) / 3.02 (30%) / 3.14 (31%)
[32.126s][info][gc,mmu      ] GC(367) y: MMU: 2ms/99.0%, 5ms/99.5%, 10ms/99.7%, 20ms/99.7%, 50ms/99.8%, 100ms/99.9%
[32.126s][info][gc,marking  ] GC(367) y: Mark: 1 stripe(s), 2 proactive flush(es), 1 terminate flush(es), 0 completion(s), 0 continuation(s) 
[32.126s][info][gc,marking  ] GC(367) y: Mark Stack Usage: 32M
[32.126s][info][gc,nmethod  ] GC(367) y: NMethods: 1588 registered, 169 unregistered
[32.126s][info][gc,metaspace] GC(367) y: Metaspace: 9M used, 10M committed, 1088M reserved
[32.126s][info][gc,reloc    ] GC(367) y:                        Candidates     Selected     In-Place         Size        Empty    Relocated 
[32.126s][info][gc,reloc    ] GC(367) y: Small Pages:                    2            0            0           4M           2M           0M 
[32.126s][info][gc,reloc    ] GC(367) y: Medium Pages:                  26            0            0         832M         800M           0M 
[32.126s][info][gc,reloc    ] GC(367) y: Large Pages:                    0            0            0           0M           0M           0M 
[32.126s][info][gc,reloc    ] GC(367) y: Forwarding Usage: 0M
[32.126s][info][gc,reloc    ] GC(367) y: Age Table:
[32.126s][info][gc,reloc    ] GC(367) y:                    Live             Garbage             Small              Medium             Large        
[32.126s][info][gc,reloc    ] GC(367) y: Eden               0M (0%)          801M (78%)          1 / 0             25 / 0              0 / 0        
[32.126s][info][gc,reloc    ] GC(367) y: Survivor 1          -                34M (3%)           1 / 0              1 / 0              0 / 0        
[32.126s][info][gc,heap     ] GC(367) y: Min Capacity: 8M(1%)
[32.126s][info][gc,heap     ] GC(367) y: Max Capacity: 1024M(100%)
[32.126s][info][gc,heap     ] GC(367) y: Soft Max Capacity: 1024M(100%)
[32.126s][info][gc,heap     ] GC(367) y: Heap Statistics:
[32.126s][info][gc,heap     ] GC(367) y:                Mark Start          Mark End        Relocate Start      Relocate End           High               Low         
[32.126s][info][gc,heap     ] GC(367) y:  Capacity:     1024M (100%)       1024M (100%)       1024M (100%)       1024M (100%)       1024M (100%)       1024M (100%)   
[32.126s][info][gc,heap     ] GC(367) y:      Free:      148M (14%)         114M (11%)         884M (86%)         884M (86%)         884M (86%)          82M (8%)     
[32.126s][info][gc,heap     ] GC(367) y:      Used:      876M (86%)         910M (89%)         140M (14%)         140M (14%)         942M (92%)         140M (14%)    
[32.126s][info][gc,heap     ] GC(367) y: Young Generation Statistics:
[32.126s][info][gc,heap     ] GC(367) y:                Mark Start          Mark End        Relocate Start      Relocate End    
[32.126s][info][gc,heap     ] GC(367) y:      Used:      836M (82%)         870M (85%)         100M (10%)         100M (10%)    
[32.126s][info][gc,heap     ] GC(367) y:      Live:         -                 0M (0%)            0M (0%)            0M (0%)     
[32.126s][info][gc,heap     ] GC(367) y:   Garbage:         -               835M (82%)          33M (3%)           33M (3%)     
[32.126s][info][gc,heap     ] GC(367) y: Allocated:         -                34M (3%)           66M (6%)           66M (6%)     
[32.126s][info][gc,heap     ] GC(367) y: Reclaimed:         -                  -               802M (78%)         802M (78%)    
[32.126s][info][gc,heap     ] GC(367) y:  Promoted:         -                  -                 0M (0%)            0M (0%)     
[32.126s][info][gc,heap     ] GC(367) y: Compacted:         -                  -                  -                 0M (0%)     
[32.126s][info][gc,phases   ] GC(367) y: Young Generation 876M(86%)->140M(14%) 0.004s
[32.126s][info][gc          ] GC(367) Minor Collection (Allocation Rate) 876M(86%)->140M(14%) 0.004s
[32.195s][info][gc          ] GC(368) Minor Collection (Allocation Rate)
[32.195s][info][gc,task     ] GC(368) Using 3 Workers for Young Generation
[32.195s][info][gc,phases   ] GC(368) y: Young Generation
[32.195s][info][gc,phases   ] GC(368) y: Pause Mark Start 0.006ms
[32.196s][info][gc,phases   ] GC(368) y: Concurrent Mark 0.942ms
[32.196s][info][gc,phases   ] GC(368) y: Pause Mark End 0.004ms
[32.196s][info][gc,phases   ] GC(368) y: Concurrent Mark Free 0.000ms
[32.196s][info][gc,phases   ] GC(368) y: Concurrent Reset Relocation Set 0.000ms
[32.197s][info][gc,reloc    ] GC(368) y: Using tenuring threshold: 1 (Computed)
[32.197s][info][gc,phases   ] GC(368) y: Concurrent Select Relocation Set 1.096ms
[32.197s][info][gc,phases   ] GC(368) y: Pause Relocate Start 0.003ms
[32.197s][info][gc,phases   ] GC(368) y: Concurrent Relocate 0.044ms
[32.197s][info][gc,alloc    ] GC(368) y:                         Mark Start        Mark End      Relocate Start    Relocate End   
[32.197s][info][gc,alloc    ] GC(368) y: Allocation Stalls:          0                0                0                0         
[32.197s][info][gc,load     ] GC(368) y: Load: 2.91 (29%) / 3.02 (30%) / 3.14 (31%)
[32.197s][info][gc,mmu      ] GC(368) y: MMU: 2ms/99.0%, 5ms/99.5%, 10ms/99.7%, 20ms/99.7%, 50ms/99.8%, 100ms/99.9%
[32.197s][info][gc,marking  ] GC(368) y: Mark: 2 stripe(s), 2 proactive flush(es), 1 terminate flush(es), 0 completion(s), 0 continuation(s) 
[32.197s][info][gc,marking  ] GC(368) y: Mark Stack Usage: 32M
[32.197s][info][gc,nmethod  ] GC(368) y: NMethods: 1588 registered, 169 unregistered
[32.197s][info][gc,metaspace] GC(368) y: Metaspace: 9M used, 10M committed, 1088M reserved
[32.197s][info][gc,reloc    ] GC(368) y:                        Candidates     Selected     In-Place         Size        Empty    Relocated 
[32.197s][info][gc,reloc    ] GC(368) y: Small Pages:                    2            0            0           4M           2M           0M 
[32.197s][info][gc,reloc    ] GC(368) y: Medium Pages:                  28            0            0         896M         864M           0M 
[32.197s][info][gc,reloc    ] GC(368) y: Large Pages:                    0            0            0           0M           0M           0M 
[32.197s][info][gc,reloc    ] GC(368) y: Forwarding Usage: 0M
[32.197s][info][gc,reloc    ] GC(368) y: Age Table:
[32.197s][info][gc,reloc    ] GC(368) y:                    Live             Garbage             Small              Medium             Large        
[32.197s][info][gc,reloc    ] GC(368) y: Eden               0M (0%)          865M (85%)          1 / 0             27 / 0              0 / 0        
[32.197s][info][gc,reloc    ] GC(368) y: Survivor 1          -                34M (3%)           1 / 0              1 / 0              0 / 0        
[32.197s][info][gc,heap     ] GC(368) y: Min Capacity: 8M(1%)
[32.197s][info][gc,heap     ] GC(368) y: Max Capacity: 1024M(100%)
[32.197s][info][gc,heap     ] GC(368) y: Soft Max Capacity: 1024M(100%)
[32.197s][info][gc,heap     ] GC(368) y: Heap Statistics:
[32.197s][info][gc,heap     ] GC(368) y:                Mark Start          Mark End        Relocate Start      Relocate End           High               Low         
[32.197s][info][gc,heap     ] GC(368) y:  Capacity:     1024M (100%)       1024M (100%)       1024M (100%)       1024M (100%)       1024M (100%)       1024M (100%)   
[32.198s][info][gc,heap     ] GC(368) y:      Free:       84M (8%)           50M (5%)          916M (89%)         916M (89%)         916M (89%)          50M (5%)     
[32.198s][info][gc,heap     ] GC(368) y:      Used:      940M (92%)         974M (95%)         108M (11%)         108M (11%)         974M (95%)         108M (11%)    
[32.198s][info][gc,heap     ] GC(368) y: Young Generation Statistics:
[32.198s][info][gc,heap     ] GC(368) y:                Mark Start          Mark End        Relocate Start      Relocate End    
[32.198s][info][gc,heap     ] GC(368) y:      Used:      900M (88%)         934M (91%)          68M (7%)           68M (7%)     
[32.198s][info][gc,heap     ] GC(368) y:      Live:         -                 0M (0%)            0M (0%)            0M (0%)     
[32.198s][info][gc,heap     ] GC(368) y:   Garbage:         -               899M (88%)          33M (3%)           33M (3%)     
[32.198s][info][gc,heap     ] GC(368) y: Allocated:         -                34M (3%)           34M (3%)           34M (3%)     
[32.198s][info][gc,heap     ] GC(368) y: Reclaimed:         -                  -               866M (85%)         866M (85%)    
[32.198s][info][gc,heap     ] GC(368) y:  Promoted:         -                  -                 0M (0%)            0M (0%)     
[32.198s][info][gc,heap     ] GC(368) y: Compacted:         -                  -                  -                 0M (0%)     
[32.198s][info][gc,phases   ] GC(368) y: Young Generation 940M(92%)->108M(11%) 0.002s
[32.198s][info][gc          ] GC(368) Minor Collection (Allocation Rate) 940M(92%)->108M(11%) 0.003s
[32.268s][info][gc          ] GC(369) Minor Collection (Allocation Rate)
[32.268s][info][gc,task     ] GC(369) Using 3 Workers for Young Generation
[32.268s][info][gc,phases   ] GC(369) y: Young Generation
[32.268s][info][gc,phases   ] GC(369) y: Pause Mark Start 0.006ms
[32.269s][info][gc,phases   ] GC(369) y: Concurrent Mark 1.002ms
[32.269s][info][gc,phases   ] GC(369) y: Pause Mark End 0.005ms
[32.269s][info][gc,phases   ] GC(369) y: Concurrent Mark Free 0.000ms
[32.269s][info][gc,phases   ] GC(369) y: Concurrent Reset Relocation Set 0.000ms
[32.270s][info][gc,reloc    ] GC(369) y: Using tenuring threshold: 1 (Computed)
[32.270s][info][gc,phases   ] GC(369) y: Concurrent Select Relocation Set 1.064ms
[32.270s][info][gc,phases   ] GC(369) y: Pause Relocate Start 0.004ms
[32.271s][info][gc,phases   ] GC(369) y: Concurrent Relocate 0.055ms
[32.271s][info][gc,alloc    ] GC(369) y:                         Mark Start        Mark End      Relocate Start    Relocate End   
[32.271s][info][gc,alloc    ] GC(369) y: Allocation Stalls:          0                0                0                0         
[32.271s][info][gc,load     ] GC(369) y: Load: 2.91 (29%) / 3.02 (30%) / 3.14 (31%)
[32.271s][info][gc,mmu      ] GC(369) y: MMU: 2ms/99.0%, 5ms/99.5%, 10ms/99.7%, 20ms/99.7%, 50ms/99.8%, 100ms/99.9%
[32.271s][info][gc,marking  ] GC(369) y: Mark: 2 stripe(s), 2 proactive flush(es), 1 terminate flush(es), 0 completion(s), 0 continuation(s) 
[32.271s][info][gc,marking  ] GC(369) y: Mark Stack Usage: 32M
[32.271s][info][gc,nmethod  ] GC(369) y: NMethods: 1588 registered, 169 unregistered
[32.271s][info][gc,metaspace] GC(369) y: Metaspace: 9M used, 10M committed, 1088M reserved
[32.271s][info][gc,reloc    ] GC(369) y:                        Candidates     Selected     In-Place         Size        Empty    Relocated 
[32.271s][info][gc,reloc    ] GC(369) y: Small Pages:                    2            0            0           4M           2M           0M 
[32.271s][info][gc,reloc    ] GC(369) y: Medium Pages:                  28            0            0         896M         864M           0M 
[32.271s][info][gc,reloc    ] GC(369) y: Large Pages:                    0            0            0           0M           0M           0M 
[32.271s][info][gc,reloc    ] GC(369) y: Forwarding Usage: 0M
[32.271s][info][gc,reloc    ] GC(369) y: Age Table:
[32.271s][info][gc,reloc    ] GC(369) y:                    Live             Garbage             Small              Medium             Large        
[32.271s][info][gc,reloc    ] GC(369) y: Eden               0M (0%)          865M (85%)          1 / 0             27 / 0              0 / 0        
[32.271s][info][gc,reloc    ] GC(369) y: Survivor 1          -                34M (3%)           1 / 0              1 / 0              0 / 0        
[32.271s][info][gc,heap     ] GC(369) y: Min Capacity: 8M(1%)
[32.271s][info][gc,heap     ] GC(369) y: Max Capacity: 1024M(100%)
[32.271s][info][gc,heap     ] GC(369) y: Soft Max Capacity: 1024M(100%)
[32.271s][info][gc,heap     ] GC(369) y: Heap Statistics:
[32.271s][info][gc,heap     ] GC(369) y:                Mark Start          Mark End        Relocate Start      Relocate End           High               Low         
[32.271s][info][gc,heap     ] GC(369) y:  Capacity:     1024M (100%)       1024M (100%)       1024M (100%)       1024M (100%)       1024M (100%)       1024M (100%)   
[32.271s][info][gc,heap     ] GC(369) y:      Free:       84M (8%)           50M (5%)          916M (89%)         916M (89%)         916M (89%)          50M (5%)     
[32.271s][info][gc,heap     ] GC(369) y:      Used:      940M (92%)         974M (95%)         108M (11%)         108M (11%)         974M (95%)         108M (11%)    
[32.271s][info][gc,heap     ] GC(369) y: Young Generation Statistics:
[32.271s][info][gc,heap     ] GC(369) y:                Mark Start          Mark End        Relocate Start      Relocate End    
[32.271s][info][gc,heap     ] GC(369) y:      Used:      900M (88%)         934M (91%)          68M (7%)           68M (7%)     
[32.271s][info][gc,heap     ] GC(369) y:      Live:         -                 0M (0%)            0M (0%)            0M (0%)     
[32.271s][info][gc,heap     ] GC(369) y:   Garbage:         -               899M (88%)          33M (3%)           33M (3%)     
[32.271s][info][gc,heap     ] GC(369) y: Allocated:         -                34M (3%)           34M (3%)           34M (3%)     
[32.271s][info][gc,heap     ] GC(369) y: Reclaimed:         -                  -               866M (85%)         866M (85%)    
[32.271s][info][gc,heap     ] GC(369) y:  Promoted:         -                  -                 0M (0%)            0M (0%)     
[32.271s][info][gc,heap     ] GC(369) y: Compacted:         -                  -                  -                 0M (0%)     
[32.271s][info][gc,phases   ] GC(369) y: Young Generation 940M(92%)->108M(11%) 0.002s
[32.271s][info][gc          ] GC(369) Minor Collection (Allocation Rate) 940M(92%)->108M(11%) 0.003s
[32.341s][info][gc          ] GC(370) Minor Collection (Allocation Rate)
[32.341s][info][gc,task     ] GC(370) Using 3 Workers for Young Generation
[32.341s][info][gc,phases   ] GC(370) y: Young Generation
[32.341s][info][gc,phases   ] GC(370) y: Pause Mark Start 0.004ms
[32.342s][info][gc,phases   ] GC(370) y: Concurrent Mark 1.062ms
[32.342s][info][gc,phases   ] GC(370) y: Pause Mark End 0.005ms
[32.342s][info][gc,phases   ] GC(370) y: Concurrent Mark Free 0.000ms
[32.342s][info][gc,phases   ] GC(370) y: Concurrent Reset Relocation Set 0.000ms
[32.343s][info][gc,reloc    ] GC(370) y: Using tenuring threshold: 1 (Computed)
[32.343s][info][gc,phases   ] GC(370) y: Concurrent Select Relocation Set 1.056ms
[32.343s][info][gc,phases   ] GC(370) y: Pause Relocate Start 0.004ms
[32.343s][info][gc,phases   ] GC(370) y: Concurrent Relocate 0.025ms
[32.343s][info][gc,alloc    ] GC(370) y:                         Mark Start        Mark End      Relocate Start    Relocate End   
[32.343s][info][gc,alloc    ] GC(370) y: Allocation Stalls:          0                0                0                0         
[32.343s][info][gc,load     ] GC(370) y: Load: 2.91 (29%) / 3.02 (30%) / 3.14 (31%)
[32.343s][info][gc,mmu      ] GC(370) y: MMU: 2ms/99.0%, 5ms/99.5%, 10ms/99.7%, 20ms/99.7%, 50ms/99.8%, 100ms/99.9%
[32.343s][info][gc,marking  ] GC(370) y: Mark: 2 stripe(s), 2 proactive flush(es), 1 terminate flush(es), 0 completion(s), 0 continuation(s) 
[32.343s][info][gc,marking  ] GC(370) y: Mark Stack Usage: 32M
[32.343s][info][gc,nmethod  ] GC(370) y: NMethods: 1588 registered, 169 unregistered
[32.343s][info][gc,metaspace] GC(370) y: Metaspace: 9M used, 10M committed, 1088M reserved
[32.343s][info][gc,reloc    ] GC(370) y:                        Candidates     Selected     In-Place         Size        Empty    Relocated 
[32.343s][info][gc,reloc    ] GC(370) y: Small Pages:                    2            0            0           4M           2M           0M 
[32.343s][info][gc,reloc    ] GC(370) y: Medium Pages:                  28            0            0         896M         864M           0M 
[32.343s][info][gc,reloc    ] GC(370) y: Large Pages:                    0            0            0           0M           0M           0M 
[32.343s][info][gc,reloc    ] GC(370) y: Forwarding Usage: 0M
[32.343s][info][gc,reloc    ] GC(370) y: Age Table:
[32.343s][info][gc,reloc    ] GC(370) y:                    Live             Garbage             Small              Medium             Large        
[32.343s][info][gc,reloc    ] GC(370) y: Eden               0M (0%)          865M (85%)          1 / 0             27 / 0              0 / 0        
[32.343s][info][gc,reloc    ] GC(370) y: Survivor 1          -                34M (3%)           1 / 0              1 / 0              0 / 0        
[32.343s][info][gc,heap     ] GC(370) y: Min Capacity: 8M(1%)
[32.343s][info][gc,heap     ] GC(370) y: Max Capacity: 1024M(100%)
[32.343s][info][gc,heap     ] GC(370) y: Soft Max Capacity: 1024M(100%)
[32.343s][info][gc,heap     ] GC(370) y: Heap Statistics:
[32.343s][info][gc,heap     ] GC(370) y:                Mark Start          Mark End        Relocate Start      Relocate End           High               Low         
[32.343s][info][gc,heap     ] GC(370) y:  Capacity:     1024M (100%)       1024M (100%)       1024M (100%)       1024M (100%)       1024M (100%)       1024M (100%)   
[32.343s][info][gc,heap     ] GC(370) y:      Free:       84M (8%)           50M (5%)          916M (89%)         916M (89%)         916M (89%)          50M (5%)     
[32.343s][info][gc,heap     ] GC(370) y:      Used:      940M (92%)         974M (95%)         108M (11%)         108M (11%)         974M (95%)         108M (11%)    
[32.343s][info][gc,heap     ] GC(370) y: Young Generation Statistics:
[32.343s][info][gc,heap     ] GC(370) y:                Mark Start          Mark End        Relocate Start      Relocate End    
[32.343s][info][gc,heap     ] GC(370) y:      Used:      900M (88%)         934M (91%)          68M (7%)           68M (7%)     
[32.343s][info][gc,heap     ] GC(370) y:      Live:         -                 0M (0%)            0M (0%)            0M (0%)     
[32.343s][info][gc,heap     ] GC(370) y:   Garbage:         -               899M (88%)          33M (3%)           33M (3%)     
[32.343s][info][gc,heap     ] GC(370) y: Allocated:         -                34M (3%)           34M (3%)           34M (3%)     
[32.343s][info][gc,heap     ] GC(370) y: Reclaimed:         -                  -               866M (85%)         866M (85%)    
[32.343s][info][gc,heap     ] GC(370) y:  Promoted:         -                  -                 0M (0%)            0M (0%)     
[32.343s][info][gc,heap     ] GC(370) y: Compacted:         -                  -                  -                 0M (0%)     
[32.343s][info][gc,phases   ] GC(370) y: Young Generation 940M(92%)->108M(11%) 0.002s
[32.343s][info][gc          ] GC(370) Minor Collection (Allocation Rate) 940M(92%)->108M(11%) 0.003s
[32.411s][info][gc          ] GC(371) Minor Collection (Allocation Rate)
[32.411s][info][gc,task     ] GC(371) Using 2 Workers for Young Generation
[32.411s][info][gc,phases   ] GC(371) y: Young Generation
[32.411s][info][gc,phases   ] GC(371) y: Pause Mark Start 0.006ms
[32.413s][info][gc,phases   ] GC(371) y: Concurrent Mark 1.411ms
[32.413s][info][gc,phases   ] GC(371) y: Pause Mark End 0.005ms
[32.413s][info][gc,phases   ] GC(371) y: Concurrent Mark Free 0.000ms
[32.413s][info][gc,phases   ] GC(371) y: Concurrent Reset Relocation Set 0.000ms
[32.414s][info][gc,reloc    ] GC(371) y: Using tenuring threshold: 1 (Computed)
[32.414s][info][gc,phases   ] GC(371) y: Concurrent Select Relocation Set 1.119ms
[32.414s][info][gc,phases   ] GC(371) y: Pause Relocate Start 0.004ms
[32.414s][info][gc,phases   ] GC(371) y: Concurrent Relocate 0.019ms
[32.414s][info][gc,alloc    ] GC(371) y:                         Mark Start        Mark End      Relocate Start    Relocate End   
[32.414s][info][gc,alloc    ] GC(371) y: Allocation Stalls:          0                0                0                0         
[32.414s][info][gc,load     ] GC(371) y: Load: 2.91 (29%) / 3.02 (30%) / 3.14 (31%)
[32.414s][info][gc,mmu      ] GC(371) y: MMU: 2ms/99.0%, 5ms/99.5%, 10ms/99.7%, 20ms/99.7%, 50ms/99.8%, 100ms/99.9%
[32.414s][info][gc,marking  ] GC(371) y: Mark: 2 stripe(s), 2 proactive flush(es), 1 terminate flush(es), 0 completion(s), 0 continuation(s) 
[32.414s][info][gc,marking  ] GC(371) y: Mark Stack Usage: 32M
[32.414s][info][gc,nmethod  ] GC(371) y: NMethods: 1588 registered, 169 unregistered
[32.414s][info][gc,metaspace] GC(371) y: Metaspace: 9M used, 10M committed, 1088M reserved
[32.414s][info][gc,reloc    ] GC(371) y:                        Candidates     Selected     In-Place         Size        Empty    Relocated 
[32.414s][info][gc,reloc    ] GC(371) y: Small Pages:                    2            0            0           4M           2M           0M 
[32.414s][info][gc,reloc    ] GC(371) y: Medium Pages:                  27            0            0         864M         832M           0M 
[32.414s][info][gc,reloc    ] GC(371) y: Large Pages:                    0            0            0           0M           0M           0M 
[32.414s][info][gc,reloc    ] GC(371) y: Forwarding Usage: 0M
[32.414s][info][gc,reloc    ] GC(371) y: Age Table:
[32.414s][info][gc,reloc    ] GC(371) y:                    Live             Garbage             Small              Medium             Large        
[32.414s][info][gc,reloc    ] GC(371) y: Eden               0M (0%)          833M (81%)          1 / 0             26 / 0              0 / 0        
[32.414s][info][gc,reloc    ] GC(371) y: Survivor 1          -                34M (3%)           1 / 0              1 / 0              0 / 0        
[32.414s][info][gc,heap     ] GC(371) y: Min Capacity: 8M(1%)
[32.414s][info][gc,heap     ] GC(371) y: Max Capacity: 1024M(100%)
[32.414s][info][gc,heap     ] GC(371) y: Soft Max Capacity: 1024M(100%)
[32.414s][info][gc,heap     ] GC(371) y: Heap Statistics:
[32.414s][info][gc,heap     ] GC(371) y:                Mark Start          Mark End        Relocate Start      Relocate End           High               Low         
[32.414s][info][gc,heap     ] GC(371) y:  Capacity:     1024M (100%)       1024M (100%)       1024M (100%)       1024M (100%)       1024M (100%)       1024M (100%)   
